Java HotSpot(TM) 64-Bit Server VM (25.261-b12) for windows-amd64 JRE (1.8.0_261-b12), built on Jun 18 2020 06:56:32 by "" with unknown MS VC++:1916
Memory: 4k page, physical 16659684k(9578180k free), swap 23213284k(9192140k free)
CommandLine flags: -XX:InitialHeapSize=2147483648 -XX:MaxHeapSize=2147483648 -XX:MaxNewSize=697933824 -XX:MaxTenuringThreshold=6 -XX:NewSize=697933824 -XX:OldPLABSize=16 -XX:OldSize=1395867648 -XX:+PrintGC -XX:+PrintGCDateStamps -XX:+PrintGCDetails -XX:+PrintGCTimeStamps -XX:+UseCompressedClassPointers -XX:+UseCompressedOops -XX:+UseConcMarkSweepGC -XX:-UseLargePagesIndividualAllocation -XX:+UseParNewGC 
2020-09-29T18:20:47.700+0200: 0.293: [GC (Allocation Failure) 2020-09-29T18:20:47.700+0200: 0.293: [ParNew: 545344K->44392K(613440K), 0.0372220 secs] 545344K->44392K(2029056K), 0.0373795 secs] [Times: user=0.22 sys=0.03, real=0.04 secs] 
2020-09-29T18:20:47.788+0200: 0.381: [GC (Allocation Failure) 2020-09-29T18:20:47.788+0200: 0.381: [ParNew: 589736K->48694K(613440K), 0.0337956 secs] 589736K->49086K(2029056K), 0.0338645 secs] [Times: user=0.25 sys=0.00, real=0.03 secs] 
2020-09-29T18:20:47.870+0200: 0.463: [GC (Allocation Failure) 2020-09-29T18:20:47.870+0200: 0.463: [ParNew: 594038K->68096K(613440K), 0.0368916 secs] 594430K->69739K(2029056K), 0.0369581 secs] [Times: user=0.25 sys=0.00, real=0.04 secs] 
2020-09-29T18:20:47.958+0200: 0.551: [GC (Allocation Failure) 2020-09-29T18:20:47.958+0200: 0.551: [ParNew: 613440K->68096K(613440K), 0.0347531 secs] 615083K->69803K(2029056K), 0.0348428 secs] [Times: user=0.25 sys=0.00, real=0.04 secs] 
2020-09-29T18:20:48.043+0200: 0.636: [GC (Allocation Failure) 2020-09-29T18:20:48.043+0200: 0.636: [ParNew: 613440K->50306K(613440K), 0.0255124 secs] 615147K->52014K(2029056K), 0.0255919 secs] [Times: user=0.25 sys=0.00, real=0.03 secs] 
2020-09-29T18:20:48.119+0200: 0.711: [GC (Allocation Failure) 2020-09-29T18:20:48.119+0200: 0.711: [ParNew: 595650K->68096K(613440K), 0.0318757 secs] 597358K->70188K(2029056K), 0.0319440 secs] [Times: user=0.25 sys=0.00, real=0.03 secs] 
2020-09-29T18:20:48.200+0200: 0.793: [GC (Allocation Failure) 2020-09-29T18:20:48.200+0200: 0.793: [ParNew: 613440K->48698K(613440K), 0.0302026 secs] 615532K->50790K(2029056K), 0.0302742 secs] [Times: user=0.25 sys=0.00, real=0.03 secs] 
2020-09-29T18:20:48.287+0200: 0.879: [GC (Allocation Failure) 2020-09-29T18:20:48.287+0200: 0.879: [ParNew: 594042K->53104K(613440K), 0.0298457 secs] 596134K->55197K(2029056K), 0.0299215 secs] [Times: user=0.16 sys=0.00, real=0.03 secs] 
2020-09-29T18:20:48.365+0200: 0.957: [GC (Allocation Failure) 2020-09-29T18:20:48.365+0200: 0.958: [ParNew: 598448K->51980K(613440K), 0.0292856 secs] 600541K->54072K(2029056K), 0.0293755 secs] [Times: user=0.13 sys=0.00, real=0.03 secs] 
2020-09-29T18:20:48.442+0200: 1.035: [GC (Allocation Failure) 2020-09-29T18:20:48.442+0200: 1.035: [ParNew: 597324K->44820K(613440K), 0.0199976 secs] 599416K->46913K(2029056K), 0.0200701 secs] [Times: user=0.13 sys=0.00, real=0.02 secs] 
2020-09-29T18:20:48.519+0200: 1.112: [GC (Allocation Failure) 2020-09-29T18:20:48.519+0200: 1.112: [ParNew: 590164K->38177K(613440K), 0.0199347 secs] 592257K->40270K(2029056K), 0.0200037 secs] [Times: user=0.11 sys=0.00, real=0.02 secs] 
2020-09-29T18:20:48.590+0200: 1.183: [GC (Allocation Failure) 2020-09-29T18:20:48.590+0200: 1.183: [ParNew: 583521K->43027K(613440K), 0.0266263 secs] 585614K->45119K(2029056K), 0.0267021 secs] [Times: user=0.25 sys=0.00, real=0.03 secs] 
2020-09-29T18:20:48.677+0200: 1.270: [GC (Allocation Failure) 2020-09-29T18:20:48.677+0200: 1.270: [ParNew: 588371K->45392K(613440K), 0.0257598 secs] 590463K->47484K(2029056K), 0.0258359 secs] [Times: user=0.13 sys=0.00, real=0.03 secs] 
2020-09-29T18:20:48.760+0200: 1.353: [GC (Allocation Failure) 2020-09-29T18:20:48.760+0200: 1.353: [ParNew: 590736K->34389K(613440K), 0.0268039 secs] 592828K->36481K(2029056K), 0.0268850 secs] [Times: user=0.25 sys=0.00, real=0.03 secs] 
2020-09-29T18:20:48.838+0200: 1.431: [GC (Allocation Failure) 2020-09-29T18:20:48.838+0200: 1.431: [ParNew: 579733K->58203K(613440K), 0.0330916 secs] 581825K->60295K(2029056K), 0.0332189 secs] [Times: user=0.25 sys=0.00, real=0.03 secs] 
2020-09-29T18:20:48.919+0200: 1.511: [GC (Allocation Failure) 2020-09-29T18:20:48.919+0200: 1.511: [ParNew: 603547K->44893K(613440K), 0.0314687 secs] 605639K->46985K(2029056K), 0.0315610 secs] [Times: user=0.25 sys=0.00, real=0.03 secs] 
2020-09-29T18:20:49.003+0200: 1.596: [GC (Allocation Failure) 2020-09-29T18:20:49.003+0200: 1.596: [ParNew: 590237K->40901K(613440K), 0.0210548 secs] 592329K->42994K(2029056K), 0.0211360 secs] [Times: user=0.23 sys=0.00, real=0.02 secs] 
2020-09-29T18:20:49.083+0200: 1.676: [GC (Allocation Failure) 2020-09-29T18:20:49.084+0200: 1.676: [ParNew: 586245K->38547K(613440K), 0.0284643 secs] 588338K->40639K(2029056K), 0.0285488 secs] [Times: user=0.13 sys=0.00, real=0.03 secs] 
2020-09-29T18:20:49.161+0200: 1.754: [GC (Allocation Failure) 2020-09-29T18:20:49.161+0200: 1.754: [ParNew: 583891K->53400K(613440K), 0.0272355 secs] 585983K->55492K(2029056K), 0.0273363 secs] [Times: user=0.13 sys=0.00, real=0.03 secs] 
2020-09-29T18:20:49.254+0200: 1.847: [GC (Allocation Failure) 2020-09-29T18:20:49.254+0200: 1.847: [ParNew: 598744K->41901K(613440K), 0.0238630 secs] 600836K->43993K(2029056K), 0.0239363 secs] [Times: user=0.25 sys=0.00, real=0.02 secs] 
2020-09-29T18:20:49.335+0200: 1.928: [GC (Allocation Failure) 2020-09-29T18:20:49.335+0200: 1.928: [ParNew: 587245K->38992K(613440K), 0.0248463 secs] 589337K->41084K(2029056K), 0.0249243 secs] [Times: user=0.13 sys=0.00, real=0.02 secs] 
2020-09-29T18:20:49.413+0200: 2.006: [GC (Allocation Failure) 2020-09-29T18:20:49.413+0200: 2.006: [ParNew: 584336K->56874K(613440K), 0.0313317 secs] 586428K->58967K(2029056K), 0.0314082 secs] [Times: user=0.25 sys=0.00, real=0.03 secs] 
2020-09-29T18:20:49.495+0200: 2.088: [GC (Allocation Failure) 2020-09-29T18:20:49.495+0200: 2.088: [ParNew: 602218K->45130K(613440K), 0.0306169 secs] 604311K->47222K(2029056K), 0.0307028 secs] [Times: user=0.25 sys=0.00, real=0.03 secs] 
2020-09-29T18:20:49.581+0200: 2.173: [GC (Allocation Failure) 2020-09-29T18:20:49.581+0200: 2.173: [ParNew: 590474K->47623K(613440K), 0.0283899 secs] 592566K->49715K(2029056K), 0.0285001 secs] [Times: user=0.25 sys=0.00, real=0.03 secs] 
2020-09-29T18:20:49.662+0200: 2.255: [GC (Allocation Failure) 2020-09-29T18:20:49.662+0200: 2.255: [ParNew: 592967K->39393K(613440K), 0.0193320 secs] 595059K->41485K(2029056K), 0.0194075 secs] [Times: user=0.11 sys=0.00, real=0.02 secs] 
2020-09-29T18:20:49.747+0200: 2.340: [GC (Allocation Failure) 2020-09-29T18:20:49.747+0200: 2.340: [ParNew: 584737K->37712K(613440K), 0.0252427 secs] 586829K->39805K(2029056K), 0.0253188 secs] [Times: user=0.25 sys=0.00, real=0.03 secs] 
2020-09-29T18:20:49.831+0200: 2.424: [GC (Allocation Failure) 2020-09-29T18:20:49.831+0200: 2.424: [ParNew: 583056K->46573K(613440K), 0.0248744 secs] 585149K->48665K(2029056K), 0.0249504 secs] [Times: user=0.22 sys=0.00, real=0.02 secs] 
2020-09-29T18:20:49.916+0200: 2.509: [GC (Allocation Failure) 2020-09-29T18:20:49.916+0200: 2.509: [ParNew: 591917K->36034K(613440K), 0.0229615 secs] 594009K->38126K(2029056K), 0.0230366 secs] [Times: user=0.13 sys=0.00, real=0.02 secs] 
2020-09-29T18:20:50.004+0200: 2.596: [GC (Allocation Failure) 2020-09-29T18:20:50.004+0200: 2.597: [ParNew: 581378K->27447K(613440K), 0.0222796 secs] 583470K->29539K(2029056K), 0.0223561 secs] [Times: user=0.24 sys=0.00, real=0.02 secs] 
2020-09-29T18:20:50.080+0200: 2.673: [GC (Allocation Failure) 2020-09-29T18:20:50.080+0200: 2.673: [ParNew: 572791K->55376K(613440K), 0.0387868 secs] 574883K->57468K(2029056K), 0.0388589 secs] [Times: user=0.34 sys=0.02, real=0.04 secs] 
2020-09-29T18:20:50.166+0200: 2.759: [GC (Allocation Failure) 2020-09-29T18:20:50.166+0200: 2.759: [ParNew: 600720K->50071K(613440K), 0.0286175 secs] 602812K->52164K(2029056K), 0.0287096 secs] [Times: user=0.25 sys=0.00, real=0.03 secs] 
2020-09-29T18:20:50.250+0200: 2.843: [GC (Allocation Failure) 2020-09-29T18:20:50.250+0200: 2.843: [ParNew: 595415K->45576K(613440K), 0.0262052 secs] 597508K->47668K(2029056K), 0.0263335 secs] [Times: user=0.25 sys=0.00, real=0.03 secs] 
2020-09-29T18:20:50.334+0200: 2.927: [GC (Allocation Failure) 2020-09-29T18:20:50.334+0200: 2.927: [ParNew: 590920K->63336K(613440K), 0.0338795 secs] 593012K->65428K(2029056K), 0.0339575 secs] [Times: user=0.24 sys=0.02, real=0.03 secs] 
2020-09-29T18:20:50.421+0200: 3.014: [GC (Allocation Failure) 2020-09-29T18:20:50.421+0200: 3.014: [ParNew: 608680K->46845K(613440K), 0.0335171 secs] 610772K->48937K(2029056K), 0.0336167 secs] [Times: user=0.25 sys=0.00, real=0.03 secs] 
2020-09-29T18:20:50.509+0200: 3.102: [GC (Allocation Failure) 2020-09-29T18:20:50.509+0200: 3.102: [ParNew: 592189K->60407K(613440K), 0.0335147 secs] 594281K->62500K(2029056K), 0.0336104 secs] [Times: user=0.24 sys=0.00, real=0.03 secs] 
2020-09-29T18:20:50.601+0200: 3.194: [GC (Allocation Failure) 2020-09-29T18:20:50.602+0200: 3.194: [ParNew: 605751K->38777K(613440K), 0.0267499 secs] 607844K->40869K(2029056K), 0.0268322 secs] [Times: user=0.11 sys=0.00, real=0.03 secs] 
2020-09-29T18:20:50.690+0200: 3.283: [GC (Allocation Failure) 2020-09-29T18:20:50.690+0200: 3.283: [ParNew: 584121K->59533K(613440K), 0.0293649 secs] 586213K->61626K(2029056K), 0.0294402 secs] [Times: user=0.25 sys=0.00, real=0.03 secs] 
2020-09-29T18:20:50.770+0200: 3.363: [GC (Allocation Failure) 2020-09-29T18:20:50.770+0200: 3.363: [ParNew: 604877K->44564K(613440K), 0.0274444 secs] 606970K->46656K(2029056K), 0.0275208 secs] [Times: user=0.13 sys=0.00, real=0.03 secs] 
2020-09-29T18:20:50.853+0200: 3.446: [GC (Allocation Failure) 2020-09-29T18:20:50.853+0200: 3.446: [ParNew: 589908K->40503K(613440K), 0.0252263 secs] 592000K->42595K(2029056K), 0.0253107 secs] [Times: user=0.13 sys=0.00, real=0.03 secs] 
2020-09-29T18:20:50.937+0200: 3.530: [GC (Allocation Failure) 2020-09-29T18:20:50.937+0200: 3.530: [ParNew: 585847K->62829K(613440K), 0.0338368 secs] 587939K->64921K(2029056K), 0.0339111 secs] [Times: user=0.25 sys=0.00, real=0.03 secs] 
2020-09-29T18:20:51.024+0200: 3.617: [GC (Allocation Failure) 2020-09-29T18:20:51.024+0200: 3.617: [ParNew: 608173K->49725K(613440K), 0.0243734 secs] 610265K->51817K(2029056K), 0.0244497 secs] [Times: user=0.13 sys=0.00, real=0.03 secs] 
2020-09-29T18:20:51.097+0200: 3.690: [GC (Allocation Failure) 2020-09-29T18:20:51.097+0200: 3.690: [ParNew: 595069K->46145K(613440K), 0.0314749 secs] 597161K->48238K(2029056K), 0.0315535 secs] [Times: user=0.25 sys=0.00, real=0.03 secs] 
2020-09-29T18:20:51.180+0200: 3.773: [GC (Allocation Failure) 2020-09-29T18:20:51.180+0200: 3.773: [ParNew: 591489K->68096K(613440K), 0.0324717 secs] 593582K->70188K(2029056K), 0.0325471 secs] [Times: user=0.25 sys=0.00, real=0.03 secs] 
2020-09-29T18:20:51.265+0200: 3.858: [GC (Allocation Failure) 2020-09-29T18:20:51.265+0200: 3.858: [ParNew: 613440K->28043K(613440K), 0.0212690 secs] 615532K->30136K(2029056K), 0.0213726 secs] [Times: user=0.25 sys=0.00, real=0.02 secs] 
2020-09-29T18:20:51.353+0200: 3.946: [GC (Allocation Failure) 2020-09-29T18:20:51.353+0200: 3.946: [ParNew: 573387K->45169K(613440K), 0.0274780 secs] 575480K->47261K(2029056K), 0.0275705 secs] [Times: user=0.25 sys=0.00, real=0.03 secs] 
2020-09-29T18:20:51.434+0200: 4.027: [GC (Allocation Failure) 2020-09-29T18:20:51.434+0200: 4.027: [ParNew: 590513K->36523K(613440K), 0.0272611 secs] 592605K->38616K(2029056K), 0.0273557 secs] [Times: user=0.25 sys=0.00, real=0.03 secs] 
2020-09-29T18:20:51.515+0200: 4.108: [GC (Allocation Failure) 2020-09-29T18:20:51.516+0200: 4.109: [ParNew: 581867K->38276K(613440K), 0.0265146 secs] 583960K->40369K(2029056K), 0.0265916 secs] [Times: user=0.25 sys=0.00, real=0.03 secs] 
2020-09-29T18:20:51.600+0200: 4.193: [GC (Allocation Failure) 2020-09-29T18:20:51.600+0200: 4.193: [ParNew: 583620K->33079K(613440K), 0.0276988 secs] 585713K->35171K(2029056K), 0.0277904 secs] [Times: user=0.11 sys=0.00, real=0.03 secs] 
2020-09-29T18:20:51.686+0200: 4.279: [GC (Allocation Failure) 2020-09-29T18:20:51.686+0200: 4.279: [ParNew: 578423K->39624K(613440K), 0.0223268 secs] 580515K->41716K(2029056K), 0.0224015 secs] [Times: user=0.25 sys=0.00, real=0.02 secs] 
2020-09-29T18:20:51.768+0200: 4.361: [GC (Allocation Failure) 2020-09-29T18:20:51.768+0200: 4.361: [ParNew: 584968K->54986K(613440K), 0.0297707 secs] 587060K->57078K(2029056K), 0.0298564 secs] [Times: user=0.25 sys=0.00, real=0.03 secs] 
2020-09-29T18:20:51.855+0200: 4.448: [GC (Allocation Failure) 2020-09-29T18:20:51.855+0200: 4.448: [ParNew: 600330K->50745K(613440K), 0.0291234 secs] 602422K->52838K(2029056K), 0.0291991 secs] [Times: user=0.25 sys=0.00, real=0.03 secs] 
2020-09-29T18:20:51.937+0200: 4.530: [GC (Allocation Failure) 2020-09-29T18:20:51.937+0200: 4.530: [ParNew: 596089K->37643K(613440K), 0.0284231 secs] 598182K->39735K(2029056K), 0.0285111 secs] [Times: user=0.25 sys=0.00, real=0.03 secs] 
2020-09-29T18:20:52.024+0200: 4.617: [GC (Allocation Failure) 2020-09-29T18:20:52.024+0200: 4.617: [ParNew: 582987K->37755K(613440K), 0.0273588 secs] 585079K->39848K(2029056K), 0.0274321 secs] [Times: user=0.25 sys=0.00, real=0.03 secs] 
2020-09-29T18:20:52.102+0200: 4.695: [GC (Allocation Failure) 2020-09-29T18:20:52.102+0200: 4.695: [ParNew: 583099K->37885K(613440K), 0.0244411 secs] 585192K->39977K(2029056K), 0.0245167 secs] [Times: user=0.13 sys=0.00, real=0.02 secs] 
2020-09-29T18:20:52.184+0200: 4.777: [GC (Allocation Failure) 2020-09-29T18:20:52.184+0200: 4.777: [ParNew: 583229K->33837K(613440K), 0.0224582 secs] 585321K->35929K(2029056K), 0.0225310 secs] [Times: user=0.13 sys=0.00, real=0.02 secs] 
2020-09-29T18:20:52.267+0200: 4.860: [GC (Allocation Failure) 2020-09-29T18:20:52.267+0200: 4.860: [ParNew: 579181K->32209K(613440K), 0.0211794 secs] 581273K->34302K(2029056K), 0.0212550 secs] [Times: user=0.25 sys=0.00, real=0.02 secs] 
2020-09-29T18:20:52.348+0200: 4.941: [GC (Allocation Failure) 2020-09-29T18:20:52.348+0200: 4.941: [ParNew: 577553K->50747K(613440K), 0.0295618 secs] 579646K->52840K(2029056K), 0.0296368 secs] [Times: user=0.13 sys=0.00, real=0.03 secs] 
2020-09-29T18:20:52.430+0200: 5.023: [GC (Allocation Failure) 2020-09-29T18:20:52.430+0200: 5.023: [ParNew: 596091K->38836K(613440K), 0.0279171 secs] 598184K->40928K(2029056K), 0.0279920 secs] [Times: user=0.23 sys=0.00, real=0.03 secs] 
2020-09-29T18:20:52.515+0200: 5.108: [GC (Allocation Failure) 2020-09-29T18:20:52.515+0200: 5.108: [ParNew: 584180K->62393K(613440K), 0.0363132 secs] 586272K->64485K(2029056K), 0.0363859 secs] [Times: user=0.38 sys=0.00, real=0.04 secs] 
2020-09-29T18:20:52.603+0200: 5.196: [GC (Allocation Failure) 2020-09-29T18:20:52.603+0200: 5.196: [ParNew: 607737K->53678K(613440K), 0.0242137 secs] 609829K->55770K(2029056K), 0.0242884 secs] [Times: user=0.13 sys=0.00, real=0.02 secs] 
2020-09-29T18:20:52.681+0200: 5.274: [GC (Allocation Failure) 2020-09-29T18:20:52.681+0200: 5.274: [ParNew: 599022K->49632K(613440K), 0.0336789 secs] 601114K->51724K(2029056K), 0.0337530 secs] [Times: user=0.25 sys=0.00, real=0.03 secs] 
2020-09-29T18:20:52.767+0200: 5.360: [GC (Allocation Failure) 2020-09-29T18:20:52.767+0200: 5.360: [ParNew: 594976K->41559K(613440K), 0.0246369 secs] 597068K->43651K(2029056K), 0.0247318 secs] [Times: user=0.25 sys=0.00, real=0.02 secs] 
2020-09-29T18:20:52.848+0200: 5.441: [GC (Allocation Failure) 2020-09-29T18:20:52.848+0200: 5.441: [ParNew: 586903K->34383K(613440K), 0.0234225 secs] 588995K->36475K(2029056K), 0.0303864 secs] [Times: user=0.13 sys=0.00, real=0.03 secs] 
2020-09-29T18:20:52.940+0200: 5.532: [GC (Allocation Failure) 2020-09-29T18:20:52.940+0200: 5.532: [ParNew: 579727K->33165K(613440K), 0.0200201 secs] 581819K->35257K(2029056K), 0.0200956 secs] [Times: user=0.25 sys=0.00, real=0.02 secs] 
2020-09-29T18:20:53.011+0200: 5.603: [GC (Allocation Failure) 2020-09-29T18:20:53.011+0200: 5.603: [ParNew: 578509K->44089K(613440K), 0.0289336 secs] 580601K->46181K(2029056K), 0.0290104 secs] [Times: user=0.25 sys=0.00, real=0.03 secs] 
2020-09-29T18:20:53.095+0200: 5.688: [GC (Allocation Failure) 2020-09-29T18:20:53.095+0200: 5.688: [ParNew: 589433K->36337K(613440K), 0.0272896 secs] 591525K->38430K(2029056K), 0.0273878 secs] [Times: user=0.25 sys=0.00, real=0.03 secs] 
2020-09-29T18:20:53.170+0200: 5.762: [GC (Allocation Failure) 2020-09-29T18:20:53.170+0200: 5.762: [ParNew: 581681K->65398K(613440K), 0.0339861 secs] 583774K->67491K(2029056K), 0.0340819 secs] [Times: user=0.25 sys=0.00, real=0.03 secs] 
2020-09-29T18:20:53.254+0200: 5.846: [GC (Allocation Failure) 2020-09-29T18:20:53.254+0200: 5.846: [ParNew: 610742K->59468K(613440K), 0.0322164 secs] 612835K->61561K(2029056K), 0.0322951 secs] [Times: user=0.36 sys=0.00, real=0.03 secs] 
2020-09-29T18:20:53.339+0200: 5.932: [GC (Allocation Failure) 2020-09-29T18:20:53.339+0200: 5.932: [ParNew: 604812K->41911K(613440K), 0.0221230 secs] 606905K->44003K(2029056K), 0.0221956 secs] [Times: user=0.13 sys=0.00, real=0.02 secs] 
2020-09-29T18:20:53.419+0200: 6.011: [GC (Allocation Failure) 2020-09-29T18:20:53.419+0200: 6.011: [ParNew: 587255K->41690K(613440K), 0.0291826 secs] 589347K->43783K(2029056K), 0.0292559 secs] [Times: user=0.25 sys=0.00, real=0.03 secs] 
2020-09-29T18:20:53.501+0200: 6.093: [GC (Allocation Failure) 2020-09-29T18:20:53.501+0200: 6.093: [ParNew: 587034K->34161K(613440K), 0.0190810 secs] 589127K->36253K(2029056K), 0.0191581 secs] [Times: user=0.13 sys=0.00, real=0.02 secs] 
2020-09-29T18:20:53.572+0200: 6.164: [GC (Allocation Failure) 2020-09-29T18:20:53.572+0200: 6.164: [ParNew: 579505K->32787K(613440K), 0.0166463 secs] 581597K->34879K(2029056K), 0.0167217 secs] [Times: user=0.13 sys=0.00, real=0.02 secs] 
2020-09-29T18:20:53.638+0200: 6.231: [GC (Allocation Failure) 2020-09-29T18:20:53.638+0200: 6.231: [ParNew: 578131K->45410K(613440K), 0.0232919 secs] 580223K->47502K(2029056K), 0.0233738 secs] [Times: user=0.22 sys=0.00, real=0.02 secs] 
2020-09-29T18:20:53.718+0200: 6.310: [GC (Allocation Failure) 2020-09-29T18:20:53.718+0200: 6.310: [ParNew: 590754K->60152K(613440K), 0.0260720 secs] 592846K->62244K(2029056K), 0.0261606 secs] [Times: user=0.23 sys=0.00, real=0.03 secs] 
2020-09-29T18:20:53.794+0200: 6.386: [GC (Allocation Failure) 2020-09-29T18:20:53.794+0200: 6.386: [ParNew: 605496K->44526K(613440K), 0.0155932 secs] 607588K->46619K(2029056K), 0.0156637 secs] [Times: user=0.11 sys=0.00, real=0.02 secs] 
2020-09-29T18:20:53.861+0200: 6.453: [GC (Allocation Failure) 2020-09-29T18:20:53.861+0200: 6.453: [ParNew: 589870K->59852K(613440K), 0.0229907 secs] 591963K->61944K(2029056K), 0.0230503 secs] [Times: user=0.25 sys=0.00, real=0.02 secs] 
2020-09-29T18:20:53.933+0200: 6.526: [GC (Allocation Failure) 2020-09-29T18:20:53.933+0200: 6.526: [ParNew: 605196K->50098K(613440K), 0.0164862 secs] 607288K->52190K(2029056K), 0.0165399 secs] [Times: user=0.13 sys=0.00, real=0.02 secs] 
2020-09-29T18:20:53.998+0200: 6.590: [GC (Allocation Failure) 2020-09-29T18:20:53.998+0200: 6.590: [ParNew: 595442K->43713K(613440K), 0.0165348 secs] 597534K->45805K(2029056K), 0.0165985 secs] [Times: user=0.13 sys=0.00, real=0.02 secs] 
2020-09-29T18:20:54.063+0200: 6.655: [GC (Allocation Failure) 2020-09-29T18:20:54.063+0200: 6.655: [ParNew: 589057K->51553K(613440K), 0.0229794 secs] 591149K->53645K(2029056K), 0.0230457 secs] [Times: user=0.22 sys=0.00, real=0.02 secs] 
2020-09-29T18:20:54.137+0200: 6.730: [GC (Allocation Failure) 2020-09-29T18:20:54.137+0200: 6.730: [ParNew: 596897K->68096K(613440K), 0.0241326 secs] 598989K->70280K(2029056K), 0.0241971 secs] [Times: user=0.25 sys=0.00, real=0.02 secs] 
2020-09-29T18:20:54.208+0200: 6.801: [GC (Allocation Failure) 2020-09-29T18:20:54.209+0200: 6.801: [ParNew: 613440K->46388K(613440K), 0.0116136 secs] 615624K->48573K(2029056K), 0.0116938 secs] [Times: user=0.00 sys=0.00, real=0.01 secs] 
2020-09-29T18:20:54.276+0200: 6.869: [GC (Allocation Failure) 2020-09-29T18:20:54.276+0200: 6.869: [ParNew: 591732K->36279K(613440K), 0.0155374 secs] 593917K->38464K(2029056K), 0.0156055 secs] [Times: user=0.13 sys=0.00, real=0.02 secs] 
2020-09-29T18:20:54.340+0200: 6.932: [GC (Allocation Failure) 2020-09-29T18:20:54.340+0200: 6.932: [ParNew: 581623K->44585K(613440K), 0.0195798 secs] 583808K->46770K(2029056K), 0.0196416 secs] [Times: user=0.13 sys=0.00, real=0.02 secs] 
2020-09-29T18:20:54.407+0200: 6.999: [GC (Allocation Failure) 2020-09-29T18:20:54.407+0200: 6.999: [ParNew: 589929K->65407K(613440K), 0.0231689 secs] 592114K->67591K(2029056K), 0.0232988 secs] [Times: user=0.25 sys=0.00, real=0.02 secs] 
2020-09-29T18:20:54.478+0200: 7.070: [GC (Allocation Failure) 2020-09-29T18:20:54.478+0200: 7.070: [ParNew: 610751K->68096K(613440K), 0.0224660 secs] 612935K->70280K(2029056K), 0.0225210 secs] [Times: user=0.13 sys=0.00, real=0.02 secs] 
2020-09-29T18:20:54.547+0200: 7.140: [GC (Allocation Failure) 2020-09-29T18:20:54.547+0200: 7.140: [ParNew: 613440K->56407K(613440K), 0.0219321 secs] 615624K->58591K(2029056K), 0.0219976 secs] [Times: user=0.25 sys=0.00, real=0.02 secs] 
2020-09-29T18:20:54.619+0200: 7.212: [GC (Allocation Failure) 2020-09-29T18:20:54.619+0200: 7.212: [ParNew: 601751K->54047K(613440K), 0.0228269 secs] 603935K->56231K(2029056K), 0.0228897 secs] [Times: user=0.11 sys=0.00, real=0.02 secs] 
2020-09-29T18:20:54.689+0200: 7.281: [GC (Allocation Failure) 2020-09-29T18:20:54.689+0200: 7.281: [ParNew: 599391K->44491K(613440K), 0.0157621 secs] 601575K->46675K(2029056K), 0.0158305 secs] [Times: user=0.13 sys=0.00, real=0.02 secs] 
2020-09-29T18:20:54.752+0200: 7.345: [GC (Allocation Failure) 2020-09-29T18:20:54.752+0200: 7.345: [ParNew: 589835K->36942K(613440K), 0.0155147 secs] 592019K->39126K(2029056K), 0.0155847 secs] [Times: user=0.13 sys=0.00, real=0.02 secs] 
2020-09-29T18:20:54.816+0200: 7.408: [GC (Allocation Failure) 2020-09-29T18:20:54.816+0200: 7.408: [ParNew: 582286K->55066K(613440K), 0.0209097 secs] 584470K->57250K(2029056K), 0.0209988 secs] [Times: user=0.23 sys=0.00, real=0.02 secs] 
2020-09-29T18:20:54.889+0200: 7.481: [GC (Allocation Failure) 2020-09-29T18:20:54.889+0200: 7.481: [ParNew: 600410K->62600K(613440K), 0.0196943 secs] 602594K->64784K(2029056K), 0.0197702 secs] [Times: user=0.13 sys=0.00, real=0.02 secs] 
2020-09-29T18:20:54.955+0200: 7.548: [GC (Allocation Failure) 2020-09-29T18:20:54.955+0200: 7.548: [ParNew: 607944K->30540K(613440K), 0.0116726 secs] 610128K->32725K(2029056K), 0.0117290 secs] [Times: user=0.13 sys=0.00, real=0.01 secs] 
2020-09-29T18:20:55.014+0200: 7.607: [GC (Allocation Failure) 2020-09-29T18:20:55.014+0200: 7.607: [ParNew: 575884K->42613K(613440K), 0.0181807 secs] 578069K->44797K(2029056K), 0.0182346 secs] [Times: user=0.13 sys=0.00, real=0.02 secs] 
2020-09-29T18:20:55.079+0200: 7.672: [GC (Allocation Failure) 2020-09-29T18:20:55.079+0200: 7.672: [ParNew: 587957K->32929K(613440K), 0.0106759 secs] 590141K->35113K(2029056K), 0.0107409 secs] [Times: user=0.13 sys=0.00, real=0.01 secs] 
2020-09-29T18:20:55.139+0200: 7.731: [GC (Allocation Failure) 2020-09-29T18:20:55.139+0200: 7.731: [ParNew: 578273K->30414K(613440K), 0.0155851 secs] 580457K->32599K(2029056K), 0.0156407 secs] [Times: user=0.13 sys=0.00, real=0.02 secs] 
2020-09-29T18:20:55.204+0200: 7.797: [GC (Allocation Failure) 2020-09-29T18:20:55.204+0200: 7.797: [ParNew: 575758K->41947K(613440K), 0.0149410 secs] 577943K->44131K(2029056K), 0.0149955 secs] [Times: user=0.13 sys=0.00, real=0.02 secs] 
2020-09-29T18:20:55.269+0200: 7.861: [GC (Allocation Failure) 2020-09-29T18:20:55.269+0200: 7.861: [ParNew: 587291K->53091K(613440K), 0.0194208 secs] 589475K->55276K(2029056K), 0.0194795 secs] [Times: user=0.25 sys=0.00, real=0.02 secs] 
2020-09-29T18:20:55.339+0200: 7.932: [GC (Allocation Failure) 2020-09-29T18:20:55.339+0200: 7.932: [ParNew: 598435K->40436K(613440K), 0.0133311 secs] 600620K->42620K(2029056K), 0.0134200 secs] [Times: user=0.13 sys=0.00, real=0.01 secs] 
2020-09-29T18:20:55.408+0200: 8.001: [GC (Allocation Failure) 2020-09-29T18:20:55.408+0200: 8.001: [ParNew: 585780K->38354K(613440K), 0.0197569 secs] 587964K->40538K(2029056K), 0.0198416 secs] [Times: user=0.22 sys=0.00, real=0.02 secs] 
2020-09-29T18:20:55.480+0200: 8.072: [GC (Allocation Failure) 2020-09-29T18:20:55.480+0200: 8.072: [ParNew: 583698K->55917K(613440K), 0.0245029 secs] 585882K->58102K(2029056K), 0.0245860 secs] [Times: user=0.14 sys=0.00, real=0.03 secs] 
2020-09-29T18:20:55.555+0200: 8.147: [GC (Allocation Failure) 2020-09-29T18:20:55.555+0200: 8.147: [ParNew: 601261K->51187K(613440K), 0.0178753 secs] 603446K->53372K(2029056K), 0.0179529 secs] [Times: user=0.13 sys=0.00, real=0.02 secs] 
2020-09-29T18:20:55.632+0200: 8.224: [GC (Allocation Failure) 2020-09-29T18:20:55.632+0200: 8.225: [ParNew: 596531K->43284K(613440K), 0.0167624 secs] 598716K->45469K(2029056K), 0.0168655 secs] [Times: user=0.13 sys=0.00, real=0.02 secs] 
2020-09-29T18:20:55.697+0200: 8.290: [GC (Allocation Failure) 2020-09-29T18:20:55.697+0200: 8.290: [ParNew: 588628K->27898K(613440K), 0.0152891 secs] 590813K->30083K(2029056K), 0.0153522 secs] [Times: user=0.13 sys=0.00, real=0.01 secs] 
2020-09-29T18:20:55.759+0200: 8.352: [GC (Allocation Failure) 2020-09-29T18:20:55.759+0200: 8.352: [ParNew: 573242K->30093K(613440K), 0.0111064 secs] 575427K->32277K(2029056K), 0.0111752 secs] [Times: user=0.13 sys=0.00, real=0.01 secs] 
2020-09-29T18:20:55.817+0200: 8.410: [GC (Allocation Failure) 2020-09-29T18:20:55.817+0200: 8.410: [ParNew: 575437K->56942K(613440K), 0.0233795 secs] 577621K->59127K(2029056K), 0.0234465 secs] [Times: user=0.13 sys=0.00, real=0.02 secs] 
2020-09-29T18:20:55.889+0200: 8.482: [GC (Allocation Failure) 2020-09-29T18:20:55.889+0200: 8.482: [ParNew: 602286K->68096K(613440K), 0.0202989 secs] 604471K->70411K(2029056K), 0.0203532 secs] [Times: user=0.13 sys=0.00, real=0.02 secs] 
2020-09-29T18:20:55.957+0200: 8.550: [GC (Allocation Failure) 2020-09-29T18:20:55.957+0200: 8.550: [ParNew: 613440K->32936K(613440K), 0.0147779 secs] 615755K->35251K(2029056K), 0.0148406 secs] [Times: user=0.13 sys=0.00, real=0.01 secs] 
2020-09-29T18:20:56.018+0200: 8.611: [GC (Allocation Failure) 2020-09-29T18:20:56.018+0200: 8.611: [ParNew: 578280K->56700K(613440K), 0.0198714 secs] 580595K->59016K(2029056K), 0.0199281 secs] [Times: user=0.22 sys=0.02, real=0.02 secs] 
2020-09-29T18:20:56.087+0200: 8.680: [GC (Allocation Failure) 2020-09-29T18:20:56.087+0200: 8.680: [ParNew: 602044K->39807K(613440K), 0.0141196 secs] 604360K->42122K(2029056K), 0.0141828 secs] [Times: user=0.13 sys=0.00, real=0.01 secs] 
2020-09-29T18:20:56.155+0200: 8.748: [GC (Allocation Failure) 2020-09-29T18:20:56.155+0200: 8.748: [ParNew: 585151K->38737K(613440K), 0.0180559 secs] 587466K->41053K(2029056K), 0.0181120 secs] [Times: user=0.13 sys=0.00, real=0.02 secs] 
2020-09-29T18:20:56.222+0200: 8.815: [GC (Allocation Failure) 2020-09-29T18:20:56.222+0200: 8.815: [ParNew: 584081K->33274K(613440K), 0.0103345 secs] 586397K->35589K(2029056K), 0.0104165 secs] [Times: user=0.13 sys=0.00, real=0.01 secs] 
2020-09-29T18:20:56.296+0200: 8.889: [GC (Allocation Failure) 2020-09-29T18:20:56.296+0200: 8.889: [ParNew: 578618K->54154K(613440K), 0.0217056 secs] 580933K->56470K(2029056K), 0.0217618 secs] [Times: user=0.25 sys=0.00, real=0.02 secs] 
2020-09-29T18:20:56.367+0200: 8.960: [GC (Allocation Failure) 2020-09-29T18:20:56.367+0200: 8.960: [ParNew: 599498K->64280K(613440K), 0.0216393 secs] 601814K->66595K(2029056K), 0.0217059 secs] [Times: user=0.13 sys=0.00, real=0.02 secs] 
2020-09-29T18:20:56.435+0200: 9.028: [GC (Allocation Failure) 2020-09-29T18:20:56.435+0200: 9.028: [ParNew: 609624K->45741K(613440K), 0.0149419 secs] 611939K->48056K(2029056K), 0.0149977 secs] [Times: user=0.13 sys=0.00, real=0.02 secs] 
2020-09-29T18:20:56.498+0200: 9.091: [GC (Allocation Failure) 2020-09-29T18:20:56.498+0200: 9.091: [ParNew: 591085K->29253K(613440K), 0.0135648 secs] 593400K->31568K(2029056K), 0.0136211 secs] [Times: user=0.13 sys=0.00, real=0.01 secs] 
2020-09-29T18:20:56.564+0200: 9.157: [GC (Allocation Failure) 2020-09-29T18:20:56.564+0200: 9.157: [ParNew: 574597K->40052K(613440K), 0.0196901 secs] 576912K->42367K(2029056K), 0.0197686 secs] [Times: user=0.22 sys=0.00, real=0.02 secs] 
2020-09-29T18:20:56.634+0200: 9.227: [GC (Allocation Failure) 2020-09-29T18:20:56.634+0200: 9.227: [ParNew: 585396K->63118K(613440K), 0.0229274 secs] 587711K->65433K(2029056K), 0.0229941 secs] [Times: user=0.13 sys=0.00, real=0.02 secs] 
2020-09-29T18:20:56.708+0200: 9.301: [GC (Allocation Failure) 2020-09-29T18:20:56.708+0200: 9.301: [ParNew: 608462K->49557K(613440K), 0.0182368 secs] 610777K->51873K(2029056K), 0.0183030 secs] [Times: user=0.13 sys=0.00, real=0.02 secs] 
2020-09-29T18:20:56.780+0200: 9.373: [GC (Allocation Failure) 2020-09-29T18:20:56.781+0200: 9.374: [ParNew: 594901K->62961K(613440K), 0.0239102 secs] 597217K->65276K(2029056K), 0.0239933 secs] [Times: user=0.23 sys=0.00, real=0.02 secs] 
2020-09-29T18:20:56.853+0200: 9.446: [GC (Allocation Failure) 2020-09-29T18:20:56.853+0200: 9.446: [ParNew: 608305K->43555K(613440K), 0.0220816 secs] 610620K->45871K(2029056K), 0.0221466 secs] [Times: user=0.13 sys=0.00, real=0.02 secs] 
2020-09-29T18:20:56.921+0200: 9.514: [GC (Allocation Failure) 2020-09-29T18:20:56.921+0200: 9.514: [ParNew: 588899K->49710K(613440K), 0.0186391 secs] 591215K->52025K(2029056K), 0.0187008 secs] [Times: user=0.13 sys=0.00, real=0.02 secs] 
2020-09-29T18:20:56.989+0200: 9.582: [GC (Allocation Failure) 2020-09-29T18:20:56.989+0200: 9.582: [ParNew: 595054K->68096K(613440K), 0.0231774 secs] 597369K->70411K(2029056K), 0.0232546 secs] [Times: user=0.13 sys=0.00, real=0.02 secs] 
2020-09-29T18:20:57.059+0200: 9.652: [GC (Allocation Failure) 2020-09-29T18:20:57.059+0200: 9.652: [ParNew: 613440K->49070K(613440K), 0.0157506 secs] 615755K->51386K(2029056K), 0.0158101 secs] [Times: user=0.13 sys=0.00, real=0.02 secs] 
2020-09-29T18:20:57.126+0200: 9.719: [GC (Allocation Failure) 2020-09-29T18:20:57.126+0200: 9.719: [ParNew: 594414K->33041K(613440K), 0.0114641 secs] 596730K->35356K(2029056K), 0.0115235 secs] [Times: user=0.13 sys=0.00, real=0.01 secs] 
2020-09-29T18:20:57.188+0200: 9.782: [GC (Allocation Failure) 2020-09-29T18:20:57.189+0200: 9.782: [ParNew: 578385K->31796K(613440K), 0.0144570 secs] 580700K->34112K(2029056K), 0.0145209 secs] [Times: user=0.13 sys=0.00, real=0.02 secs] 
2020-09-29T18:20:57.253+0200: 9.846: [GC (Allocation Failure) 2020-09-29T18:20:57.253+0200: 9.846: [ParNew: 577140K->44683K(613440K), 0.0195738 secs] 579456K->46998K(2029056K), 0.0196385 secs] [Times: user=0.25 sys=0.00, real=0.02 secs] 
2020-09-29T18:20:57.320+0200: 9.913: [GC (Allocation Failure) 2020-09-29T18:20:57.320+0200: 9.913: [ParNew: 590027K->42661K(613440K), 0.0179928 secs] 592342K->44977K(2029056K), 0.0180540 secs] [Times: user=0.13 sys=0.00, real=0.02 secs] 
2020-09-29T18:20:57.389+0200: 9.982: [GC (Allocation Failure) 2020-09-29T18:20:57.389+0200: 9.983: [ParNew: 588005K->44711K(613440K), 0.0189786 secs] 590321K->47026K(2029056K), 0.0190354 secs] [Times: user=0.11 sys=0.00, real=0.02 secs] 
2020-09-29T18:20:57.456+0200: 10.049: [GC (Allocation Failure) 2020-09-29T18:20:57.456+0200: 10.049: [ParNew: 590055K->65282K(613440K), 0.0220433 secs] 592370K->67598K(2029056K), 0.0221051 secs] [Times: user=0.25 sys=0.00, real=0.02 secs] 
2020-09-29T18:20:57.529+0200: 10.122: [GC (Allocation Failure) 2020-09-29T18:20:57.529+0200: 10.122: [ParNew: 610626K->49111K(613440K), 0.0161703 secs] 612942K->51426K(2029056K), 0.0162297 secs] [Times: user=0.13 sys=0.00, real=0.02 secs] 
2020-09-29T18:20:57.598+0200: 10.191: [GC (Allocation Failure) 2020-09-29T18:20:57.598+0200: 10.191: [ParNew: 594455K->55639K(613440K), 0.0224697 secs] 596770K->57954K(2029056K), 0.0225423 secs] [Times: user=0.22 sys=0.00, real=0.02 secs] 
2020-09-29T18:20:57.671+0200: 10.264: [GC (Allocation Failure) 2020-09-29T18:20:57.671+0200: 10.264: [ParNew: 600983K->68096K(613440K), 0.0197570 secs] 603298K->70411K(2029056K), 0.0198142 secs] [Times: user=0.13 sys=0.00, real=0.02 secs] 
2020-09-29T18:20:57.740+0200: 10.333: [GC (Allocation Failure) 2020-09-29T18:20:57.740+0200: 10.333: [ParNew: 613440K->29051K(613440K), 0.0148243 secs] 615755K->31366K(2029056K), 0.0148792 secs] [Times: user=0.09 sys=0.01, real=0.02 secs] 
2020-09-29T18:20:57.805+0200: 10.397: [GC (Allocation Failure) 2020-09-29T18:20:57.805+0200: 10.397: [ParNew: 574395K->49884K(613440K), 0.0187829 secs] 576710K->52200K(2029056K), 0.0188507 secs] [Times: user=0.13 sys=0.00, real=0.02 secs] 
2020-09-29T18:20:57.873+0200: 10.465: [GC (Allocation Failure) 2020-09-29T18:20:57.873+0200: 10.465: [ParNew: 595228K->34754K(613440K), 0.0131367 secs] 597544K->37070K(2029056K), 0.0132011 secs] [Times: user=0.13 sys=0.00, real=0.01 secs] 
2020-09-29T18:20:57.934+0200: 10.527: [GC (Allocation Failure) 2020-09-29T18:20:57.934+0200: 10.527: [ParNew: 580098K->49872K(613440K), 0.0217233 secs] 582414K->52187K(2029056K), 0.0218197 secs] [Times: user=0.13 sys=0.00, real=0.02 secs] 
2020-09-29T18:20:58.005+0200: 10.597: [GC (Allocation Failure) 2020-09-29T18:20:58.005+0200: 10.597: [ParNew: 595216K->68096K(613440K), 0.0207582 secs] 597531K->70411K(2029056K), 0.0208178 secs] [Times: user=0.13 sys=0.00, real=0.02 secs] 
2020-09-29T18:20:58.074+0200: 10.666: [GC (Allocation Failure) 2020-09-29T18:20:58.074+0200: 10.666: [ParNew: 613440K->31915K(613440K), 0.0132788 secs] 615755K->34231K(2029056K), 0.0133375 secs] [Times: user=0.13 sys=0.00, real=0.01 secs] 
2020-09-29T18:20:58.135+0200: 10.727: [GC (Allocation Failure) 2020-09-29T18:20:58.135+0200: 10.727: [ParNew: 577259K->27978K(613440K), 0.0125454 secs] 579575K->30293K(2029056K), 0.0126000 secs] [Times: user=0.13 sys=0.00, real=0.01 secs] 
2020-09-29T18:20:58.196+0200: 10.789: [GC (Allocation Failure) 2020-09-29T18:20:58.196+0200: 10.789: [ParNew: 573322K->62390K(613440K), 0.0220455 secs] 575637K->64705K(2029056K), 0.0221062 secs] [Times: user=0.13 sys=0.00, real=0.02 secs] 
2020-09-29T18:20:58.266+0200: 10.859: [GC (Allocation Failure) 2020-09-29T18:20:58.266+0200: 10.859: [ParNew: 607734K->68096K(613440K), 0.0214297 secs] 610049K->70437K(2029056K), 0.0214949 secs] [Times: user=0.25 sys=0.00, real=0.02 secs] 
2020-09-29T18:20:58.334+0200: 10.927: [GC (Allocation Failure) 2020-09-29T18:20:58.342+0200: 10.934: [ParNew: 613440K->47486K(613440K), 0.0311413 secs] 615781K->49827K(2029056K), 0.0386591 secs] [Times: user=0.25 sys=0.00, real=0.04 secs] 
2020-09-29T18:20:58.426+0200: 11.018: [GC (Allocation Failure) 2020-09-29T18:20:58.426+0200: 11.018: [ParNew: 592830K->48174K(613440K), 0.0210814 secs] 595171K->50516K(2029056K), 0.0211491 secs] [Times: user=0.25 sys=0.00, real=0.02 secs] 
2020-09-29T18:20:58.494+0200: 11.087: [GC (Allocation Failure) 2020-09-29T18:20:58.494+0200: 11.087: [ParNew: 593518K->44962K(613440K), 0.0198955 secs] 595860K->47303K(2029056K), 0.0199739 secs] [Times: user=0.13 sys=0.00, real=0.02 secs] 
2020-09-29T18:20:58.567+0200: 11.160: [GC (Allocation Failure) 2020-09-29T18:20:58.567+0200: 11.160: [ParNew: 590306K->48306K(613440K), 0.0197558 secs] 592647K->50647K(2029056K), 0.0198354 secs] [Times: user=0.13 sys=0.00, real=0.02 secs] 
2020-09-29T18:20:58.636+0200: 11.228: [GC (Allocation Failure) 2020-09-29T18:20:58.636+0200: 11.229: [ParNew: 593650K->48988K(613440K), 0.0194742 secs] 595991K->51329K(2029056K), 0.0195538 secs] [Times: user=0.13 sys=0.00, real=0.02 secs] 
2020-09-29T18:20:58.703+0200: 11.295: [GC (Allocation Failure) 2020-09-29T18:20:58.703+0200: 11.295: [ParNew: 594332K->45484K(613440K), 0.0180758 secs] 596673K->47825K(2029056K), 0.0181347 secs] [Times: user=0.13 sys=0.00, real=0.02 secs] 
2020-09-29T18:20:58.770+0200: 11.363: [GC (Allocation Failure) 2020-09-29T18:20:58.770+0200: 11.363: [ParNew: 590828K->66499K(613440K), 0.0223693 secs] 593169K->68840K(2029056K), 0.0224409 secs] [Times: user=0.13 sys=0.00, real=0.02 secs] 
2020-09-29T18:20:58.840+0200: 11.433: [GC (Allocation Failure) 2020-09-29T18:20:58.840+0200: 11.433: [ParNew: 611843K->55962K(613440K), 0.0219711 secs] 614184K->58303K(2029056K), 0.0220287 secs] [Times: user=0.13 sys=0.00, real=0.02 secs] 
2020-09-29T18:20:58.909+0200: 11.502: [GC (Allocation Failure) 2020-09-29T18:20:58.909+0200: 11.502: [ParNew: 601306K->68096K(613440K), 0.0281482 secs] 603647K->73743K(2029056K), 0.0282070 secs] [Times: user=0.25 sys=0.00, real=0.03 secs] 
2020-09-29T18:20:58.985+0200: 11.577: [GC (Allocation Failure) 2020-09-29T18:20:58.985+0200: 11.577: [ParNew: 613440K->47941K(613440K), 0.0099045 secs] 619087K->53589K(2029056K), 0.0099703 secs] [Times: user=0.13 sys=0.00, real=0.01 secs] 
2020-09-29T18:20:59.046+0200: 11.639: [GC (Allocation Failure) 2020-09-29T18:20:59.046+0200: 11.639: [ParNew: 593285K->52506K(613440K), 0.0195362 secs] 598933K->58154K(2029056K), 0.0195952 secs] [Times: user=0.13 sys=0.00, real=0.02 secs] 
2020-09-29T18:20:59.115+0200: 11.708: [GC (Allocation Failure) 2020-09-29T18:20:59.115+0200: 11.708: [ParNew: 597850K->58477K(613440K), 0.0192645 secs] 603498K->64124K(2029056K), 0.0193196 secs] [Times: user=0.13 sys=0.00, real=0.02 secs] 
2020-09-29T18:20:59.183+0200: 11.776: [GC (Allocation Failure) 2020-09-29T18:20:59.183+0200: 11.776: [ParNew: 603821K->44551K(613440K), 0.0178878 secs] 609468K->50199K(2029056K), 0.0179820 secs] [Times: user=0.13 sys=0.00, real=0.02 secs] 
2020-09-29T18:20:59.248+0200: 11.841: [GC (Allocation Failure) 2020-09-29T18:20:59.248+0200: 11.841: [ParNew: 589895K->38564K(613440K), 0.0172538 secs] 595543K->44212K(2029056K), 0.0173183 secs] [Times: user=0.13 sys=0.00, real=0.02 secs] 
2020-09-29T18:20:59.312+0200: 11.905: [GC (Allocation Failure) 2020-09-29T18:20:59.312+0200: 11.905: [ParNew: 583908K->37214K(613440K), 0.0156155 secs] 589556K->42861K(2029056K), 0.0156704 secs] [Times: user=0.13 sys=0.00, real=0.02 secs] 
2020-09-29T18:20:59.378+0200: 11.971: [GC (Allocation Failure) 2020-09-29T18:20:59.378+0200: 11.971: [ParNew: 582558K->27710K(613440K), 0.0098205 secs] 588205K->33358K(2029056K), 0.0098746 secs] [Times: user=0.11 sys=0.02, real=0.01 secs] 
2020-09-29T18:20:59.443+0200: 12.036: [GC (Allocation Failure) 2020-09-29T18:20:59.443+0200: 12.036: [ParNew: 573054K->45803K(613440K), 0.0202491 secs] 578702K->51451K(2029056K), 0.0203132 secs] [Times: user=0.13 sys=0.00, real=0.02 secs] 
2020-09-29T18:20:59.513+0200: 12.106: [GC (Allocation Failure) 2020-09-29T18:20:59.514+0200: 12.106: [ParNew: 591147K->57174K(613440K), 0.0188894 secs] 596795K->62822K(2029056K), 0.0189842 secs] [Times: user=0.13 sys=0.00, real=0.02 secs] 
2020-09-29T18:20:59.581+0200: 12.174: [GC (Allocation Failure) 2020-09-29T18:20:59.581+0200: 12.174: [ParNew: 602518K->44662K(613440K), 0.0183174 secs] 608166K->50310K(2029056K), 0.0183985 secs] [Times: user=0.23 sys=0.00, real=0.02 secs] 
2020-09-29T18:20:59.649+0200: 12.242: [GC (Allocation Failure) 2020-09-29T18:20:59.649+0200: 12.242: [ParNew: 590006K->49328K(613440K), 0.0180730 secs] 595654K->54976K(2029056K), 0.0181287 secs] [Times: user=0.13 sys=0.00, real=0.02 secs] 
2020-09-29T18:20:59.718+0200: 12.311: [GC (Allocation Failure) 2020-09-29T18:20:59.718+0200: 12.311: [ParNew: 594672K->39268K(613440K), 0.0162641 secs] 600320K->44916K(2029056K), 0.0163245 secs] [Times: user=0.13 sys=0.00, real=0.02 secs] 
2020-09-29T18:20:59.783+0200: 12.376: [GC (Allocation Failure) 2020-09-29T18:20:59.783+0200: 12.376: [ParNew: 584612K->36362K(613440K), 0.0160906 secs] 590260K->42010K(2029056K), 0.0161560 secs] [Times: user=0.13 sys=0.00, real=0.02 secs] 
2020-09-29T18:20:59.856+0200: 12.448: [GC (Allocation Failure) 2020-09-29T18:20:59.856+0200: 12.448: [ParNew: 581706K->57918K(613440K), 0.0205017 secs] 587354K->63565K(2029056K), 0.0205536 secs] [Times: user=0.13 sys=0.00, real=0.02 secs] 
2020-09-29T18:20:59.925+0200: 12.518: [GC (Allocation Failure) 2020-09-29T18:20:59.925+0200: 12.518: [ParNew: 603262K->41980K(613440K), 0.0189517 secs] 608909K->47628K(2029056K), 0.0190215 secs] [Times: user=0.25 sys=0.00, real=0.02 secs] 
2020-09-29T18:21:00.002+0200: 12.595: [GC (Allocation Failure) 2020-09-29T18:21:00.002+0200: 12.595: [ParNew: 587324K->43537K(613440K), 0.0196462 secs] 592972K->49185K(2029056K), 0.0197204 secs] [Times: user=0.25 sys=0.00, real=0.02 secs] 
2020-09-29T18:21:00.074+0200: 12.667: [GC (Allocation Failure) 2020-09-29T18:21:00.074+0200: 12.667: [ParNew: 588881K->68096K(613440K), 0.0252121 secs] 594529K->73743K(2029056K), 0.0252774 secs] [Times: user=0.25 sys=0.00, real=0.03 secs] 
2020-09-29T18:21:00.151+0200: 12.744: [GC (Allocation Failure) 2020-09-29T18:21:00.151+0200: 12.744: [ParNew: 613440K->55648K(613440K), 0.0245041 secs] 619087K->61295K(2029056K), 0.0245798 secs] [Times: user=0.13 sys=0.00, real=0.02 secs] 
2020-09-29T18:21:00.225+0200: 12.817: [GC (Allocation Failure) 2020-09-29T18:21:00.225+0200: 12.817: [ParNew: 600992K->48403K(613440K), 0.0117824 secs] 606639K->54051K(2029056K), 0.0118523 secs] [Times: user=0.00 sys=0.00, real=0.01 secs] 
2020-09-29T18:21:00.294+0200: 12.887: [GC (Allocation Failure) 2020-09-29T18:21:00.294+0200: 12.887: [ParNew: 593747K->33865K(613440K), 0.0165481 secs] 599395K->39513K(2029056K), 0.0166066 secs] [Times: user=0.13 sys=0.00, real=0.02 secs] 
2020-09-29T18:21:00.357+0200: 12.950: [GC (Allocation Failure) 2020-09-29T18:21:00.357+0200: 12.950: [ParNew: 579209K->32543K(613440K), 0.0144491 secs] 584857K->38191K(2029056K), 0.0145071 secs] [Times: user=0.13 sys=0.00, real=0.01 secs] 
2020-09-29T18:21:00.422+0200: 13.015: [GC (Allocation Failure) 2020-09-29T18:21:00.422+0200: 13.015: [ParNew: 577887K->68096K(613440K), 0.0242732 secs] 583535K->73743K(2029056K), 0.0243307 secs] [Times: user=0.25 sys=0.00, real=0.02 secs] 
2020-09-29T18:21:00.495+0200: 13.088: [GC (Allocation Failure) 2020-09-29T18:21:00.495+0200: 13.088: [ParNew: 613440K->53866K(613440K), 0.0190258 secs] 619087K->59514K(2029056K), 0.0191211 secs] [Times: user=0.13 sys=0.00, real=0.02 secs] 
2020-09-29T18:21:00.563+0200: 13.156: [GC (Allocation Failure) 2020-09-29T18:21:00.563+0200: 13.156: [ParNew: 599210K->37972K(613440K), 0.0131483 secs] 604858K->43619K(2029056K), 0.0132075 secs] [Times: user=0.11 sys=0.00, real=0.01 secs] 
2020-09-29T18:21:00.629+0200: 13.221: [GC (Allocation Failure) 2020-09-29T18:21:00.629+0200: 13.221: [ParNew: 583316K->38364K(613440K), 0.0170870 secs] 588963K->44012K(2029056K), 0.0171505 secs] [Times: user=0.24 sys=0.00, real=0.02 secs] 
2020-09-29T18:21:00.693+0200: 13.286: [GC (Allocation Failure) 2020-09-29T18:21:00.693+0200: 13.286: [ParNew: 583708K->30857K(613440K), 0.0149921 secs] 589356K->36505K(2029056K), 0.0150488 secs] [Times: user=0.13 sys=0.00, real=0.01 secs] 
2020-09-29T18:21:00.765+0200: 13.358: [GC (Allocation Failure) 2020-09-29T18:21:00.765+0200: 13.358: [ParNew: 576201K->34039K(613440K), 0.0124996 secs] 581849K->39686K(2029056K), 0.0125553 secs] [Times: user=0.13 sys=0.00, real=0.01 secs] 
2020-09-29T18:21:00.828+0200: 13.421: [GC (Allocation Failure) 2020-09-29T18:21:00.828+0200: 13.421: [ParNew: 579383K->50031K(613440K), 0.0188712 secs] 585030K->55679K(2029056K), 0.0189265 secs] [Times: user=0.13 sys=0.00, real=0.02 secs] 
2020-09-29T18:21:00.895+0200: 13.488: [GC (Allocation Failure) 2020-09-29T18:21:00.895+0200: 13.488: [ParNew: 595375K->35120K(613440K), 0.0137632 secs] 601023K->40768K(2029056K), 0.0138185 secs] [Times: user=0.00 sys=0.00, real=0.01 secs] 
2020-09-29T18:21:00.957+0200: 13.550: [GC (Allocation Failure) 2020-09-29T18:21:00.957+0200: 13.550: [ParNew: 580464K->34222K(613440K), 0.0171714 secs] 586112K->39870K(2029056K), 0.0172393 secs] [Times: user=0.25 sys=0.00, real=0.02 secs] 
2020-09-29T18:21:01.020+0200: 13.613: [GC (Allocation Failure) 2020-09-29T18:21:01.021+0200: 13.613: [ParNew: 579566K->54323K(613440K), 0.0219356 secs] 585214K->59971K(2029056K), 0.0220162 secs] [Times: user=0.13 sys=0.00, real=0.02 secs] 
2020-09-29T18:21:01.090+0200: 13.683: [GC (Allocation Failure) 2020-09-29T18:21:01.090+0200: 13.683: [ParNew: 599667K->35101K(613440K), 0.0099045 secs] 605315K->40749K(2029056K), 0.0099623 secs] [Times: user=0.13 sys=0.00, real=0.01 secs] 
2020-09-29T18:21:01.147+0200: 13.740: [GC (Allocation Failure) 2020-09-29T18:21:01.147+0200: 13.740: [ParNew: 580445K->44249K(613440K), 0.0198067 secs] 586093K->49897K(2029056K), 0.0198608 secs] [Times: user=0.13 sys=0.00, real=0.02 secs] 
2020-09-29T18:21:01.214+0200: 13.807: [GC (Allocation Failure) 2020-09-29T18:21:01.214+0200: 13.807: [ParNew: 589593K->38317K(613440K), 0.0125212 secs] 595241K->43965K(2029056K), 0.0125785 secs] [Times: user=0.13 sys=0.00, real=0.01 secs] 
2020-09-29T18:21:01.279+0200: 13.872: [GC (Allocation Failure) 2020-09-29T18:21:01.279+0200: 13.872: [ParNew: 583661K->59122K(613440K), 0.0233409 secs] 589309K->64770K(2029056K), 0.0234084 secs] [Times: user=0.25 sys=0.00, real=0.02 secs] 
2020-09-29T18:21:01.349+0200: 13.942: [GC (Allocation Failure) 2020-09-29T18:21:01.349+0200: 13.942: [ParNew: 604466K->47930K(613440K), 0.0163932 secs] 610114K->53578K(2029056K), 0.0164568 secs] [Times: user=0.13 sys=0.00, real=0.02 secs] 
2020-09-29T18:21:01.416+0200: 14.009: [GC (Allocation Failure) 2020-09-29T18:21:01.416+0200: 14.009: [ParNew: 593274K->63301K(613440K), 0.0206018 secs] 598922K->68949K(2029056K), 0.0206791 secs] [Times: user=0.13 sys=0.00, real=0.02 secs] 
2020-09-29T18:21:01.484+0200: 14.077: [GC (Allocation Failure) 2020-09-29T18:21:01.484+0200: 14.077: [ParNew: 608645K->43998K(613440K), 0.0143667 secs] 614293K->49646K(2029056K), 0.0144244 secs] [Times: user=0.13 sys=0.00, real=0.02 secs] 
2020-09-29T18:21:01.551+0200: 14.144: [GC (Allocation Failure) 2020-09-29T18:21:01.551+0200: 14.144: [ParNew: 589342K->42538K(613440K), 0.0195356 secs] 594990K->48186K(2029056K), 0.0196220 secs] [Times: user=0.13 sys=0.00, real=0.02 secs] 
2020-09-29T18:21:01.618+0200: 14.211: [GC (Allocation Failure) 2020-09-29T18:21:01.618+0200: 14.211: [ParNew: 587882K->63374K(613440K), 0.0230206 secs] 593530K->69022K(2029056K), 0.0230814 secs] [Times: user=0.13 sys=0.00, real=0.02 secs] 
2020-09-29T18:21:01.690+0200: 14.283: [GC (Allocation Failure) 2020-09-29T18:21:01.690+0200: 14.283: [ParNew: 608718K->43282K(613440K), 0.0107010 secs] 614366K->48930K(2029056K), 0.0107825 secs] [Times: user=0.13 sys=0.00, real=0.01 secs] 
2020-09-29T18:21:01.752+0200: 14.345: [GC (Allocation Failure) 2020-09-29T18:21:01.752+0200: 14.345: [ParNew: 588626K->49424K(613440K), 0.0209975 secs] 594274K->55072K(2029056K), 0.0210871 secs] [Times: user=0.25 sys=0.00, real=0.02 secs] 
2020-09-29T18:21:01.821+0200: 14.414: [GC (Allocation Failure) 2020-09-29T18:21:01.821+0200: 14.414: [ParNew: 594768K->39340K(613440K), 0.0125204 secs] 600416K->44988K(2029056K), 0.0125754 secs] [Times: user=0.13 sys=0.00, real=0.01 secs] 
2020-09-29T18:21:01.882+0200: 14.475: [GC (Allocation Failure) 2020-09-29T18:21:01.882+0200: 14.475: [ParNew: 584684K->35999K(613440K), 0.0177945 secs] 590332K->41646K(2029056K), 0.0178658 secs] [Times: user=0.13 sys=0.00, real=0.02 secs] 
2020-09-29T18:21:01.947+0200: 14.540: [GC (Allocation Failure) 2020-09-29T18:21:01.947+0200: 14.540: [ParNew: 581343K->52650K(613440K), 0.0162828 secs] 586990K->58298K(2029056K), 0.0163435 secs] [Times: user=0.13 sys=0.00, real=0.02 secs] 
2020-09-29T18:21:02.015+0200: 14.608: [GC (Allocation Failure) 2020-09-29T18:21:02.016+0200: 14.608: [ParNew: 597994K->38705K(613440K), 0.0163789 secs] 603642K->44353K(2029056K), 0.0164750 secs] [Times: user=0.13 sys=0.00, real=0.02 secs] 
2020-09-29T18:21:02.081+0200: 14.674: [GC (Allocation Failure) 2020-09-29T18:21:02.081+0200: 14.674: [ParNew: 584049K->51767K(613440K), 0.0208680 secs] 589697K->57415K(2029056K), 0.0209254 secs] [Times: user=0.25 sys=0.00, real=0.02 secs] 
2020-09-29T18:21:02.148+0200: 14.741: [GC (Allocation Failure) 2020-09-29T18:21:02.148+0200: 14.741: [ParNew: 597111K->44047K(613440K), 0.0132237 secs] 602759K->49695K(2029056K), 0.0132961 secs] [Times: user=0.13 sys=0.00, real=0.01 secs] 
2020-09-29T18:21:02.214+0200: 14.807: [GC (Allocation Failure) 2020-09-29T18:21:02.214+0200: 14.807: [ParNew: 589391K->40104K(613440K), 0.0182662 secs] 595039K->45752K(2029056K), 0.0183429 secs] [Times: user=0.13 sys=0.00, real=0.02 secs] 
2020-09-29T18:21:02.283+0200: 14.876: [GC (Allocation Failure) 2020-09-29T18:21:02.283+0200: 14.876: [ParNew: 585448K->57144K(613440K), 0.0188789 secs] 591096K->62792K(2029056K), 0.0189602 secs] [Times: user=0.25 sys=0.00, real=0.02 secs] 
2020-09-29T18:21:02.350+0200: 14.943: [GC (Allocation Failure) 2020-09-29T18:21:02.350+0200: 14.943: [ParNew: 602488K->43214K(613440K), 0.0171046 secs] 608136K->48862K(2029056K), 0.0171673 secs] [Times: user=0.13 sys=0.00, real=0.02 secs] 
2020-09-29T18:21:02.416+0200: 15.009: [GC (Allocation Failure) 2020-09-29T18:21:02.416+0200: 15.009: [ParNew: 588558K->56938K(613440K), 0.0218654 secs] 594206K->62586K(2029056K), 0.0292584 secs] [Times: user=0.13 sys=0.00, real=0.03 secs] 
2020-09-29T18:21:02.496+0200: 15.089: [GC (Allocation Failure) 2020-09-29T18:21:02.496+0200: 15.089: [ParNew: 602282K->44732K(613440K), 0.0158385 secs] 607930K->50380K(2029056K), 0.0159057 secs] [Times: user=0.13 sys=0.00, real=0.02 secs] 
2020-09-29T18:21:02.564+0200: 15.157: [GC (Allocation Failure) 2020-09-29T18:21:02.564+0200: 15.157: [ParNew: 590076K->44826K(613440K), 0.0211999 secs] 595724K->50474K(2029056K), 0.0212682 secs] [Times: user=0.23 sys=0.00, real=0.02 secs] 
2020-09-29T18:21:02.633+0200: 15.226: [GC (Allocation Failure) 2020-09-29T18:21:02.633+0200: 15.226: [ParNew: 590146K->33817K(613440K), 0.0130836 secs] 595794K->39464K(2029056K), 0.0131511 secs] [Times: user=0.13 sys=0.00, real=0.01 secs] 
2020-09-29T18:21:02.693+0200: 15.286: [GC (Allocation Failure) 2020-09-29T18:21:02.693+0200: 15.286: [ParNew: 579161K->32917K(613440K), 0.0106371 secs] 584808K->38565K(2029056K), 0.0106929 secs] [Times: user=0.00 sys=0.00, real=0.01 secs] 
2020-09-29T18:21:02.757+0200: 15.350: [GC (Allocation Failure) 2020-09-29T18:21:02.757+0200: 15.350: [ParNew: 578261K->37427K(613440K), 0.0173360 secs] 583909K->43075K(2029056K), 0.0174057 secs] [Times: user=0.13 sys=0.00, real=0.02 secs] 
2020-09-29T18:21:02.821+0200: 15.414: [GC (Allocation Failure) 2020-09-29T18:21:02.821+0200: 15.414: [ParNew: 582771K->30101K(613440K), 0.0082597 secs] 588419K->35749K(2029056K), 0.0083161 secs] [Times: user=0.00 sys=0.00, real=0.01 secs] 
2020-09-29T18:21:02.882+0200: 15.475: [GC (Allocation Failure) 2020-09-29T18:21:02.882+0200: 15.475: [ParNew: 575445K->40299K(613440K), 0.0193730 secs] 581093K->45947K(2029056K), 0.0194416 secs] [Times: user=0.13 sys=0.00, real=0.02 secs] 
2020-09-29T18:21:02.953+0200: 15.546: [GC (Allocation Failure) 2020-09-29T18:21:02.953+0200: 15.546: [ParNew: 585643K->36976K(613440K), 0.0121324 secs] 591291K->42624K(2029056K), 0.0122029 secs] [Times: user=0.13 sys=0.00, real=0.01 secs] 
2020-09-29T18:21:03.012+0200: 15.605: [GC (Allocation Failure) 2020-09-29T18:21:03.012+0200: 15.605: [ParNew: 582320K->52595K(613440K), 0.0226289 secs] 587968K->58243K(2029056K), 0.0226937 secs] [Times: user=0.13 sys=0.00, real=0.02 secs] 
2020-09-29T18:21:03.086+0200: 15.679: [GC (Allocation Failure) 2020-09-29T18:21:03.086+0200: 15.679: [ParNew: 597939K->44365K(613440K), 0.0170468 secs] 603587K->50013K(2029056K), 0.0171068 secs] [Times: user=0.13 sys=0.00, real=0.02 secs] 
2020-09-29T18:21:03.160+0200: 15.753: [GC (Allocation Failure) 2020-09-29T18:21:03.160+0200: 15.753: [ParNew: 589709K->38586K(613440K), 0.0154759 secs] 595357K->44234K(2029056K), 0.0155390 secs] [Times: user=0.25 sys=0.00, real=0.02 secs] 
2020-09-29T18:21:03.228+0200: 15.821: [GC (Allocation Failure) 2020-09-29T18:21:03.228+0200: 15.821: [ParNew: 583930K->31937K(613440K), 0.0148132 secs] 589578K->37584K(2029056K), 0.0148695 secs] [Times: user=0.13 sys=0.00, real=0.02 secs] 
2020-09-29T18:21:03.292+0200: 15.885: [GC (Allocation Failure) 2020-09-29T18:21:03.292+0200: 15.885: [ParNew: 577281K->53695K(613440K), 0.0192909 secs] 582928K->59343K(2029056K), 0.0193591 secs] [Times: user=0.13 sys=0.00, real=0.02 secs] 
2020-09-29T18:21:03.359+0200: 15.952: [GC (Allocation Failure) 2020-09-29T18:21:03.359+0200: 15.952: [ParNew: 599039K->41370K(613440K), 0.0174537 secs] 604687K->47017K(2029056K), 0.0175184 secs] [Times: user=0.13 sys=0.00, real=0.02 secs] 
2020-09-29T18:21:03.426+0200: 16.019: [GC (Allocation Failure) 2020-09-29T18:21:03.426+0200: 16.019: [ParNew: 586714K->41632K(613440K), 0.0169782 secs] 592361K->47279K(2029056K), 0.0170652 secs] [Times: user=0.13 sys=0.00, real=0.02 secs] 
2020-09-29T18:21:03.495+0200: 16.088: [GC (Allocation Failure) 2020-09-29T18:21:03.495+0200: 16.088: [ParNew: 586976K->33701K(613440K), 0.0100432 secs] 592623K->39349K(2029056K), 0.0101002 secs] [Times: user=0.13 sys=0.00, real=0.01 secs] 
2020-09-29T18:21:03.558+0200: 16.151: [GC (Allocation Failure) 2020-09-29T18:21:03.558+0200: 16.151: [ParNew: 579045K->47645K(613440K), 0.0245727 secs] 584693K->53293K(2029056K), 0.0246294 secs] [Times: user=0.19 sys=0.00, real=0.02 secs] 
2020-09-29T18:21:03.634+0200: 16.227: [GC (Allocation Failure) 2020-09-29T18:21:03.634+0200: 16.227: [ParNew: 592989K->63328K(613440K), 0.0198061 secs] 598637K->68976K(2029056K), 0.0198975 secs] [Times: user=0.13 sys=0.00, real=0.02 secs] 
2020-09-29T18:21:03.709+0200: 16.302: [GC (Allocation Failure) 2020-09-29T18:21:03.709+0200: 16.302: [ParNew: 608672K->40014K(613440K), 0.0197082 secs] 614320K->45662K(2029056K), 0.0197680 secs] [Times: user=0.13 sys=0.00, real=0.02 secs] 
2020-09-29T18:21:03.777+0200: 16.370: [GC (Allocation Failure) 2020-09-29T18:21:03.777+0200: 16.370: [ParNew: 585358K->36661K(613440K), 0.0118596 secs] 591006K->42309K(2029056K), 0.0190172 secs] [Times: user=0.13 sys=0.00, real=0.02 secs] 
2020-09-29T18:21:03.860+0200: 16.454: [GC (Allocation Failure) 2020-09-29T18:21:03.860+0200: 16.454: [ParNew: 582005K->35584K(613440K), 0.0164465 secs] 587653K->41232K(2029056K), 0.0165086 secs] [Times: user=0.13 sys=0.00, real=0.02 secs] 
2020-09-29T18:21:03.925+0200: 16.518: [GC (Allocation Failure) 2020-09-29T18:21:03.925+0200: 16.518: [ParNew: 580928K->41039K(613440K), 0.0161489 secs] 586576K->46686K(2029056K), 0.0162078 secs] [Times: user=0.11 sys=0.00, real=0.02 secs] 
2020-09-29T18:21:03.993+0200: 16.586: [GC (Allocation Failure) 2020-09-29T18:21:03.993+0200: 16.586: [ParNew: 586383K->53587K(613440K), 0.0189874 secs] 592030K->59235K(2029056K), 0.0190511 secs] [Times: user=0.13 sys=0.00, real=0.02 secs] 
2020-09-29T18:21:04.065+0200: 16.658: [GC (Allocation Failure) 2020-09-29T18:21:04.065+0200: 16.658: [ParNew: 598931K->44550K(613440K), 0.0214094 secs] 604579K->50198K(2029056K), 0.0214766 secs] [Times: user=0.23 sys=0.00, real=0.02 secs] 
2020-09-29T18:21:04.136+0200: 16.729: [GC (Allocation Failure) 2020-09-29T18:21:04.136+0200: 16.729: [ParNew: 589894K->48708K(613440K), 0.0234609 secs] 595542K->54356K(2029056K), 0.0235394 secs] [Times: user=0.11 sys=0.00, real=0.02 secs] 
2020-09-29T18:21:04.212+0200: 16.805: [GC (Allocation Failure) 2020-09-29T18:21:04.212+0200: 16.805: [ParNew: 594052K->45975K(613440K), 0.0176890 secs] 599700K->51623K(2029056K), 0.0177545 secs] [Times: user=0.13 sys=0.00, real=0.02 secs] 
2020-09-29T18:21:04.276+0200: 16.869: [GC (Allocation Failure) 2020-09-29T18:21:04.276+0200: 16.869: [ParNew: 591319K->66645K(613440K), 0.0227026 secs] 596967K->72293K(2029056K), 0.0228045 secs] [Times: user=0.13 sys=0.00, real=0.02 secs] 
2020-09-29T18:21:04.345+0200: 16.938: [GC (Allocation Failure) 2020-09-29T18:21:04.346+0200: 16.938: [ParNew: 611989K->50485K(613440K), 0.0203961 secs] 617637K->56133K(2029056K), 0.0204860 secs] [Times: user=0.25 sys=0.00, real=0.02 secs] 
2020-09-29T18:21:04.415+0200: 17.008: [GC (Allocation Failure) 2020-09-29T18:21:04.415+0200: 17.008: [ParNew: 595829K->48366K(613440K), 0.0204943 secs] 601477K->54014K(2029056K), 0.0205723 secs] [Times: user=0.13 sys=0.00, real=0.02 secs] 
2020-09-29T18:21:04.483+0200: 17.075: [GC (Allocation Failure) 2020-09-29T18:21:04.483+0200: 17.075: [ParNew: 593710K->46539K(613440K), 0.0199363 secs] 599358K->52187K(2029056K), 0.0200078 secs] [Times: user=0.13 sys=0.00, real=0.02 secs] 
2020-09-29T18:21:04.550+0200: 17.143: [GC (Allocation Failure) 2020-09-29T18:21:04.550+0200: 17.143: [ParNew: 591883K->68096K(613440K), 0.0238057 secs] 597531K->74479K(2029056K), 0.0238649 secs] [Times: user=0.25 sys=0.00, real=0.02 secs] 
2020-09-29T18:21:04.625+0200: 17.218: [GC (Allocation Failure) 2020-09-29T18:21:04.625+0200: 17.218: [ParNew: 613440K->44934K(613440K), 0.0144254 secs] 619823K->51318K(2029056K), 0.0144922 secs] [Times: user=0.13 sys=0.00, real=0.01 secs] 
2020-09-29T18:21:04.686+0200: 17.279: [GC (Allocation Failure) 2020-09-29T18:21:04.686+0200: 17.279: [ParNew: 590278K->42936K(613440K), 0.0178337 secs] 596662K->49320K(2029056K), 0.0178935 secs] [Times: user=0.13 sys=0.00, real=0.02 secs] 
2020-09-29T18:21:04.751+0200: 17.344: [GC (Allocation Failure) 2020-09-29T18:21:04.751+0200: 17.344: [ParNew: 588280K->34623K(613440K), 0.0158875 secs] 594664K->41007K(2029056K), 0.0159541 secs] [Times: user=0.13 sys=0.00, real=0.02 secs] 
2020-09-29T18:21:04.820+0200: 17.413: [GC (Allocation Failure) 2020-09-29T18:21:04.820+0200: 17.413: [ParNew: 579967K->36709K(613440K), 0.0152657 secs] 586351K->43093K(2029056K), 0.0153346 secs] [Times: user=0.13 sys=0.00, real=0.02 secs] 
2020-09-29T18:21:04.881+0200: 17.474: [GC (Allocation Failure) 2020-09-29T18:21:04.881+0200: 17.474: [ParNew: 582053K->56678K(613440K), 0.0201288 secs] 588437K->63062K(2029056K), 0.0201896 secs] [Times: user=0.13 sys=0.00, real=0.02 secs] 
2020-09-29T18:21:04.954+0200: 17.547: [GC (Allocation Failure) 2020-09-29T18:21:04.954+0200: 17.547: [ParNew: 602022K->45868K(613440K), 0.0193218 secs] 608406K->52252K(2029056K), 0.0193769 secs] [Times: user=0.25 sys=0.00, real=0.02 secs] 
2020-09-29T18:21:05.022+0200: 17.615: [GC (Allocation Failure) 2020-09-29T18:21:05.022+0200: 17.615: [ParNew: 591212K->45577K(613440K), 0.0187576 secs] 597596K->51961K(2029056K), 0.0188108 secs] [Times: user=0.13 sys=0.00, real=0.02 secs] 
2020-09-29T18:21:05.091+0200: 17.683: [GC (Allocation Failure) 2020-09-29T18:21:05.091+0200: 17.684: [ParNew: 590921K->45370K(613440K), 0.0167458 secs] 597305K->51754K(2029056K), 0.0168055 secs] [Times: user=0.13 sys=0.00, real=0.02 secs] 
2020-09-29T18:21:05.155+0200: 17.748: [GC (Allocation Failure) 2020-09-29T18:21:05.155+0200: 17.748: [ParNew: 590714K->41513K(613440K), 0.0163047 secs] 597098K->47897K(2029056K), 0.0163576 secs] [Times: user=0.13 sys=0.00, real=0.02 secs] 
2020-09-29T18:21:05.219+0200: 17.812: [GC (Allocation Failure) 2020-09-29T18:21:05.219+0200: 17.812: [ParNew: 586857K->28395K(613440K), 0.0077879 secs] 593241K->34779K(2029056K), 0.0078450 secs] [Times: user=0.13 sys=0.00, real=0.01 secs] 
2020-09-29T18:21:05.274+0200: 17.867: [GC (Allocation Failure) 2020-09-29T18:21:05.274+0200: 17.867: [ParNew: 573739K->56626K(613440K), 0.0241889 secs] 580123K->63010K(2029056K), 0.0242550 secs] [Times: user=0.13 sys=0.00, real=0.02 secs] 
2020-09-29T18:21:05.346+0200: 17.939: [GC (Allocation Failure) 2020-09-29T18:21:05.346+0200: 17.939: [ParNew: 601970K->49120K(613440K), 0.0184851 secs] 608354K->55504K(2029056K), 0.0185573 secs] [Times: user=0.25 sys=0.00, real=0.02 secs] 
2020-09-29T18:21:05.413+0200: 18.006: [GC (Allocation Failure) 2020-09-29T18:21:05.413+0200: 18.006: [ParNew: 594464K->68096K(613440K), 0.0243355 secs] 600848K->74479K(2029056K), 0.0243941 secs] [Times: user=0.13 sys=0.00, real=0.02 secs] 
2020-09-29T18:21:05.485+0200: 18.078: [GC (Allocation Failure) 2020-09-29T18:21:05.485+0200: 18.078: [ParNew: 613440K->54610K(613440K), 0.0190043 secs] 619823K->60994K(2029056K), 0.0190757 secs] [Times: user=0.25 sys=0.00, real=0.02 secs] 
2020-09-29T18:21:05.554+0200: 18.147: [GC (Allocation Failure) 2020-09-29T18:21:05.554+0200: 18.147: [ParNew: 599954K->47884K(613440K), 0.0255878 secs] 606338K->54268K(2029056K), 0.0256686 secs] [Times: user=0.11 sys=0.00, real=0.03 secs] 
2020-09-29T18:21:05.633+0200: 18.226: [GC (Allocation Failure) 2020-09-29T18:21:05.633+0200: 18.226: [ParNew: 593228K->68096K(613440K), 0.0232043 secs] 599612K->74479K(2029056K), 0.0232863 secs] [Times: user=0.13 sys=0.00, real=0.02 secs] 
2020-09-29T18:21:05.708+0200: 18.301: [GC (Allocation Failure) 2020-09-29T18:21:05.708+0200: 18.301: [ParNew: 613440K->41321K(613440K), 0.0168040 secs] 619823K->47705K(2029056K), 0.0168611 secs] [Times: user=0.13 sys=0.00, real=0.02 secs] 
2020-09-29T18:21:05.776+0200: 18.369: [GC (Allocation Failure) 2020-09-29T18:21:05.776+0200: 18.369: [ParNew: 586665K->61238K(613440K), 0.0197564 secs] 593049K->67622K(2029056K), 0.0198216 secs] [Times: user=0.13 sys=0.00, real=0.02 secs] 
2020-09-29T18:21:05.843+0200: 18.435: [GC (Allocation Failure) 2020-09-29T18:21:05.843+0200: 18.436: [ParNew: 606582K->38753K(613440K), 0.0129792 secs] 612966K->45137K(2029056K), 0.0130400 secs] [Times: user=0.13 sys=0.00, real=0.01 secs] 
2020-09-29T18:21:05.904+0200: 18.497: [GC (Allocation Failure) 2020-09-29T18:21:05.904+0200: 18.497: [ParNew: 584097K->40705K(613440K), 0.0176353 secs] 590481K->47089K(2029056K), 0.0177144 secs] [Times: user=0.13 sys=0.00, real=0.02 secs] 
2020-09-29T18:21:05.973+0200: 18.566: [GC (Allocation Failure) 2020-09-29T18:21:05.973+0200: 18.566: [ParNew: 586049K->34639K(613440K), 0.0097749 secs] 592433K->41023K(2029056K), 0.0098393 secs] [Times: user=0.00 sys=0.00, real=0.01 secs] 
2020-09-29T18:21:06.029+0200: 18.622: [GC (Allocation Failure) 2020-09-29T18:21:06.029+0200: 18.622: [ParNew: 579983K->43899K(613440K), 0.0209864 secs] 586367K->50283K(2029056K), 0.0210660 secs] [Times: user=0.13 sys=0.00, real=0.02 secs] 
2020-09-29T18:21:06.099+0200: 18.692: [GC (Allocation Failure) 2020-09-29T18:21:06.099+0200: 18.692: [ParNew: 589243K->62212K(613440K), 0.0194498 secs] 595627K->68596K(2029056K), 0.0195094 secs] [Times: user=0.13 sys=0.00, real=0.02 secs] 
2020-09-29T18:21:06.168+0200: 18.761: [GC (Allocation Failure) 2020-09-29T18:21:06.168+0200: 18.761: [ParNew: 607556K->41242K(613440K), 0.0133661 secs] 613940K->47626K(2029056K), 0.0134225 secs] [Times: user=0.13 sys=0.00, real=0.01 secs] 
2020-09-29T18:21:06.231+0200: 18.824: [GC (Allocation Failure) 2020-09-29T18:21:06.231+0200: 18.824: [ParNew: 586586K->38007K(613440K), 0.0184432 secs] 592970K->44391K(2029056K), 0.0185254 secs] [Times: user=0.13 sys=0.00, real=0.02 secs] 
2020-09-29T18:21:06.297+0200: 18.890: [GC (Allocation Failure) 2020-09-29T18:21:06.297+0200: 18.890: [ParNew: 583351K->54153K(613440K), 0.0172649 secs] 589735K->60537K(2029056K), 0.0173361 secs] [Times: user=0.13 sys=0.00, real=0.02 secs] 
2020-09-29T18:21:06.364+0200: 18.957: [GC (Allocation Failure) 2020-09-29T18:21:06.364+0200: 18.957: [ParNew: 599497K->40377K(613440K), 0.0167061 secs] 605881K->46761K(2029056K), 0.0167825 secs] [Times: user=0.13 sys=0.00, real=0.02 secs] 
2020-09-29T18:21:06.430+0200: 19.023: [GC (Allocation Failure) 2020-09-29T18:21:06.430+0200: 19.023: [ParNew: 585721K->57021K(613440K), 0.0206470 secs] 592105K->63405K(2029056K), 0.0207389 secs] [Times: user=0.13 sys=0.00, real=0.02 secs] 
2020-09-29T18:21:06.500+0200: 19.093: [GC (Allocation Failure) 2020-09-29T18:21:06.500+0200: 19.093: [ParNew: 602365K->39199K(613440K), 0.0141425 secs] 608749K->45583K(2029056K), 0.0142051 secs] [Times: user=0.13 sys=0.00, real=0.02 secs] 
2020-09-29T18:21:06.562+0200: 19.155: [GC (Allocation Failure) 2020-09-29T18:21:06.562+0200: 19.155: [ParNew: 584543K->54669K(613440K), 0.0190199 secs] 590927K->61053K(2029056K), 0.0191332 secs] [Times: user=0.13 sys=0.00, real=0.02 secs] 
2020-09-29T18:21:06.632+0200: 19.225: [GC (Allocation Failure) 2020-09-29T18:21:06.632+0200: 19.225: [ParNew: 600013K->41016K(613440K), 0.0184897 secs] 606397K->47400K(2029056K), 0.0185573 secs] [Times: user=0.13 sys=0.00, real=0.02 secs] 
2020-09-29T18:21:06.699+0200: 19.292: [GC (Allocation Failure) 2020-09-29T18:21:06.699+0200: 19.292: [ParNew: 586360K->43808K(613440K), 0.0187392 secs] 592744K->50192K(2029056K), 0.0187953 secs] [Times: user=0.11 sys=0.00, real=0.02 secs] 
2020-09-29T18:21:06.769+0200: 19.362: [GC (Allocation Failure) 2020-09-29T18:21:06.769+0200: 19.362: [ParNew: 589152K->32853K(613440K), 0.0103053 secs] 595536K->39237K(2029056K), 0.0103801 secs] [Times: user=0.13 sys=0.00, real=0.01 secs] 
2020-09-29T18:21:06.835+0200: 19.428: [GC (Allocation Failure) 2020-09-29T18:21:06.835+0200: 19.428: [ParNew: 578197K->29879K(613440K), 0.0150374 secs] 584581K->36263K(2029056K), 0.0151063 secs] [Times: user=0.13 sys=0.00, real=0.01 secs] 
2020-09-29T18:21:06.898+0200: 19.491: [GC (Allocation Failure) 2020-09-29T18:21:06.898+0200: 19.491: [ParNew: 575223K->44541K(613440K), 0.0187860 secs] 581607K->50925K(2029056K), 0.0188420 secs] [Times: user=0.13 sys=0.00, real=0.02 secs] 
2020-09-29T18:21:06.965+0200: 19.558: [GC (Allocation Failure) 2020-09-29T18:21:06.965+0200: 19.558: [ParNew: 589885K->38440K(613440K), 0.0176286 secs] 596269K->44824K(2029056K), 0.0177224 secs] [Times: user=0.13 sys=0.00, real=0.02 secs] 
2020-09-29T18:21:07.029+0200: 19.622: [GC (Allocation Failure) 2020-09-29T18:21:07.029+0200: 19.622: [ParNew: 583784K->39356K(613440K), 0.0157567 secs] 590168K->45740K(2029056K), 0.0158176 secs] [Times: user=0.13 sys=0.00, real=0.02 secs] 
2020-09-29T18:21:07.096+0200: 19.689: [GC (Allocation Failure) 2020-09-29T18:21:07.096+0200: 19.689: [ParNew: 584700K->61303K(613440K), 0.0214243 secs] 591084K->67687K(2029056K), 0.0215012 secs] [Times: user=0.25 sys=0.00, real=0.02 secs] 
2020-09-29T18:21:07.165+0200: 19.758: [GC (Allocation Failure) 2020-09-29T18:21:07.165+0200: 19.758: [ParNew: 606647K->43589K(613440K), 0.0156245 secs] 613031K->49973K(2029056K), 0.0156886 secs] [Times: user=0.13 sys=0.00, real=0.02 secs] 
2020-09-29T18:21:07.228+0200: 19.821: [GC (Allocation Failure) 2020-09-29T18:21:07.228+0200: 19.821: [ParNew: 588933K->43278K(613440K), 0.0199737 secs] 595317K->49662K(2029056K), 0.0200282 secs] [Times: user=0.13 sys=0.00, real=0.02 secs] 
2020-09-29T18:21:07.296+0200: 19.889: [GC (Allocation Failure) 2020-09-29T18:21:07.296+0200: 19.889: [ParNew: 588622K->46889K(613440K), 0.0184814 secs] 595006K->53273K(2029056K), 0.0185500 secs] [Times: user=0.13 sys=0.00, real=0.02 secs] 
2020-09-29T18:21:07.362+0200: 19.955: [GC (Allocation Failure) 2020-09-29T18:21:07.362+0200: 19.955: [ParNew: 592233K->55960K(613440K), 0.0190446 secs] 598617K->62344K(2029056K), 0.0191246 secs] [Times: user=0.25 sys=0.00, real=0.02 secs] 
2020-09-29T18:21:07.431+0200: 20.024: [GC (Allocation Failure) 2020-09-29T18:21:07.431+0200: 20.024: [ParNew: 601304K->68096K(613440K), 0.0233851 secs] 607688K->74479K(2029056K), 0.0234509 secs] [Times: user=0.13 sys=0.00, real=0.02 secs] 
2020-09-29T18:21:07.503+0200: 20.096: [GC (Allocation Failure) 2020-09-29T18:21:07.503+0200: 20.096: [ParNew: 613440K->51539K(613440K), 0.0207574 secs] 619823K->57923K(2029056K), 0.0208498 secs] [Times: user=0.25 sys=0.00, real=0.02 secs] 
2020-09-29T18:21:07.576+0200: 20.169: [GC (Allocation Failure) 2020-09-29T18:21:07.576+0200: 20.169: [ParNew: 596883K->53499K(613440K), 0.0215815 secs] 603267K->59883K(2029056K), 0.0216509 secs] [Times: user=0.13 sys=0.00, real=0.02 secs] 
2020-09-29T18:21:07.646+0200: 20.239: [GC (Allocation Failure) 2020-09-29T18:21:07.646+0200: 20.239: [ParNew: 598843K->48874K(613440K), 0.0214575 secs] 605227K->55258K(2029056K), 0.0215387 secs] [Times: user=0.13 sys=0.00, real=0.02 secs] 
2020-09-29T18:21:07.714+0200: 20.307: [GC (Allocation Failure) 2020-09-29T18:21:07.714+0200: 20.307: [ParNew: 594218K->40205K(613440K), 0.0174405 secs] 600602K->46589K(2029056K), 0.0175155 secs] [Times: user=0.13 sys=0.00, real=0.02 secs] 
2020-09-29T18:21:07.787+0200: 20.380: [GC (Allocation Failure) 2020-09-29T18:21:07.787+0200: 20.380: [ParNew: 585549K->59494K(613440K), 0.0310876 secs] 591933K->65878K(2029056K), 0.0311530 secs] [Times: user=0.25 sys=0.00, real=0.03 secs] 
2020-09-29T18:21:07.866+0200: 20.459: [GC (Allocation Failure) 2020-09-29T18:21:07.866+0200: 20.459: [ParNew: 604838K->42896K(613440K), 0.0154372 secs] 611222K->49280K(2029056K), 0.0231043 secs] [Times: user=0.11 sys=0.00, real=0.02 secs] 
2020-09-29T18:21:07.944+0200: 20.536: [GC (Allocation Failure) 2020-09-29T18:21:07.944+0200: 20.536: [ParNew: 588240K->35787K(613440K), 0.0225438 secs] 594624K->42171K(2029056K), 0.0226177 secs] [Times: user=0.13 sys=0.00, real=0.02 secs] 
2020-09-29T18:21:08.017+0200: 20.609: [GC (Allocation Failure) 2020-09-29T18:21:08.017+0200: 20.609: [ParNew: 581131K->45621K(613440K), 0.0216543 secs] 587515K->52005K(2029056K), 0.0217240 secs] [Times: user=0.22 sys=0.00, real=0.02 secs] 
2020-09-29T18:21:08.095+0200: 20.688: [GC (Allocation Failure) 2020-09-29T18:21:08.096+0200: 20.688: [ParNew: 590965K->50680K(613440K), 0.0253196 secs] 597349K->57064K(2029056K), 0.0254008 secs] [Times: user=0.25 sys=0.00, real=0.03 secs] 
2020-09-29T18:21:08.170+0200: 20.762: [GC (Allocation Failure) 2020-09-29T18:21:08.170+0200: 20.762: [ParNew: 596024K->59265K(613440K), 0.0246998 secs] 602408K->65649K(2029056K), 0.0247694 secs] [Times: user=0.25 sys=0.00, real=0.02 secs] 
2020-09-29T18:21:08.243+0200: 20.836: [GC (Allocation Failure) 2020-09-29T18:21:08.243+0200: 20.836: [ParNew: 604609K->24748K(613440K), 0.0156066 secs] 610993K->31132K(2029056K), 0.0156705 secs] [Times: user=0.13 sys=0.00, real=0.02 secs] 
2020-09-29T18:21:08.314+0200: 20.907: [GC (Allocation Failure) 2020-09-29T18:21:08.314+0200: 20.907: [ParNew: 570092K->41300K(613440K), 0.0214792 secs] 576476K->47684K(2029056K), 0.0215532 secs] [Times: user=0.23 sys=0.00, real=0.02 secs] 
2020-09-29T18:21:08.389+0200: 20.982: [GC (Allocation Failure) 2020-09-29T18:21:08.389+0200: 20.982: [ParNew: 586644K->55445K(613440K), 0.0280339 secs] 593028K->61829K(2029056K), 0.0281005 secs] [Times: user=0.25 sys=0.00, real=0.03 secs] 
2020-09-29T18:21:08.464+0200: 21.057: [GC (Allocation Failure) 2020-09-29T18:21:08.464+0200: 21.057: [ParNew: 600789K->65598K(613440K), 0.0278168 secs] 607173K->71982K(2029056K), 0.0279134 secs] [Times: user=0.24 sys=0.00, real=0.03 secs] 
2020-09-29T18:21:08.547+0200: 21.141: [GC (Allocation Failure) 2020-09-29T18:21:08.547+0200: 21.141: [ParNew: 610942K->50933K(613440K), 0.0263827 secs] 617326K->57317K(2029056K), 0.0264687 secs] [Times: user=0.25 sys=0.00, real=0.03 secs] 
2020-09-29T18:21:08.626+0200: 21.219: [GC (Allocation Failure) 2020-09-29T18:21:08.626+0200: 21.219: [ParNew: 596277K->43687K(613440K), 0.0235167 secs] 602661K->50071K(2029056K), 0.0236103 secs] [Times: user=0.23 sys=0.00, real=0.02 secs] 
2020-09-29T18:21:08.700+0200: 21.293: [GC (Allocation Failure) 2020-09-29T18:21:08.700+0200: 21.293: [ParNew: 589031K->35278K(613440K), 0.0153071 secs] 595415K->41662K(2029056K), 0.0153767 secs] [Times: user=0.13 sys=0.00, real=0.01 secs] 
2020-09-29T18:21:08.768+0200: 21.361: [GC (Allocation Failure) 2020-09-29T18:21:08.768+0200: 21.361: [ParNew: 580622K->65003K(613440K), 0.0370259 secs] 587006K->71387K(2029056K), 0.0370928 secs] [Times: user=0.34 sys=0.00, real=0.04 secs] 
2020-09-29T18:21:08.852+0200: 21.445: [GC (Allocation Failure) 2020-09-29T18:21:08.852+0200: 21.445: [ParNew: 610347K->59198K(613440K), 0.0275554 secs] 616731K->65582K(2029056K), 0.0276219 secs] [Times: user=0.25 sys=0.00, real=0.03 secs] 
2020-09-29T18:21:08.933+0200: 21.527: [GC (Allocation Failure) 2020-09-29T18:21:08.934+0200: 21.527: [ParNew: 604542K->52164K(613440K), 0.0286866 secs] 610926K->58548K(2029056K), 0.0287766 secs] [Times: user=0.23 sys=0.00, real=0.03 secs] 
2020-09-29T18:21:09.010+0200: 21.604: [GC (Allocation Failure) 2020-09-29T18:21:09.010+0200: 21.604: [ParNew: 597508K->54216K(613440K), 0.0255856 secs] 603892K->60600K(2029056K), 0.0256556 secs] [Times: user=0.25 sys=0.00, real=0.03 secs] 
2020-09-29T18:21:09.087+0200: 21.680: [GC (Allocation Failure) 2020-09-29T18:21:09.087+0200: 21.680: [ParNew: 599560K->42773K(613440K), 0.0172598 secs] 605944K->49157K(2029056K), 0.0173225 secs] [Times: user=0.13 sys=0.00, real=0.02 secs] 
2020-09-29T18:21:09.160+0200: 21.754: [GC (Allocation Failure) 2020-09-29T18:21:09.160+0200: 21.754: [ParNew: 588117K->44228K(613440K), 0.0243130 secs] 594501K->50612K(2029056K), 0.0243821 secs] [Times: user=0.13 sys=0.00, real=0.02 secs] 
2020-09-29T18:21:09.240+0200: 21.833: [GC (Allocation Failure) 2020-09-29T18:21:09.240+0200: 21.833: [ParNew: 589572K->68096K(613440K), 0.0307390 secs] 595956K->74479K(2029056K), 0.0378129 secs] [Times: user=0.25 sys=0.00, real=0.04 secs] 
2020-09-29T18:21:09.338+0200: 21.930: [GC (Allocation Failure) 2020-09-29T18:21:09.338+0200: 21.930: [ParNew: 613440K->57016K(613440K), 0.0292765 secs] 619823K->63400K(2029056K), 0.0293476 secs] [Times: user=0.25 sys=0.00, real=0.03 secs] 
2020-09-29T18:21:09.415+0200: 22.007: [GC (Allocation Failure) 2020-09-29T18:21:09.415+0200: 22.007: [ParNew: 602360K->48901K(613440K), 0.0215050 secs] 608744K->55285K(2029056K), 0.0215685 secs] [Times: user=0.13 sys=0.00, real=0.02 secs] 
2020-09-29T18:21:09.484+0200: 22.076: [GC (Allocation Failure) 2020-09-29T18:21:09.484+0200: 22.076: [ParNew: 594245K->42043K(613440K), 0.0214855 secs] 600629K->48427K(2029056K), 0.0215662 secs] [Times: user=0.25 sys=0.00, real=0.02 secs] 
2020-09-29T18:21:09.552+0200: 22.144: [GC (Allocation Failure) 2020-09-29T18:21:09.552+0200: 22.144: [ParNew: 587387K->37303K(613440K), 0.0198231 secs] 593771K->43687K(2029056K), 0.0199010 secs] [Times: user=0.13 sys=0.00, real=0.02 secs] 
2020-09-29T18:21:09.626+0200: 22.219: [GC (Allocation Failure) 2020-09-29T18:21:09.626+0200: 22.219: [ParNew: 582647K->28157K(613440K), 0.0198095 secs] 589031K->34541K(2029056K), 0.0198810 secs] [Times: user=0.24 sys=0.00, real=0.02 secs] 
2020-09-29T18:21:09.703+0200: 22.295: [GC (Allocation Failure) 2020-09-29T18:21:09.703+0200: 22.295: [ParNew: 573501K->27421K(613440K), 0.0177489 secs] 579885K->33805K(2029056K), 0.0178211 secs] [Times: user=0.13 sys=0.00, real=0.02 secs] 
2020-09-29T18:21:09.770+0200: 22.363: [GC (Allocation Failure) 2020-09-29T18:21:09.770+0200: 22.363: [ParNew: 572765K->65205K(613440K), 0.0303576 secs] 579149K->71589K(2029056K), 0.0304408 secs] [Times: user=0.19 sys=0.00, real=0.03 secs] 
2020-09-29T18:21:09.851+0200: 22.443: [GC (Allocation Failure) 2020-09-29T18:21:09.851+0200: 22.443: [ParNew: 610549K->41096K(613440K), 0.0149871 secs] 616933K->47480K(2029056K), 0.0150545 secs] [Times: user=0.13 sys=0.00, real=0.01 secs] 
2020-09-29T18:21:09.918+0200: 22.511: [GC (Allocation Failure) 2020-09-29T18:21:09.918+0200: 22.511: [ParNew: 586440K->46361K(613440K), 0.0273706 secs] 592824K->52745K(2029056K), 0.0274536 secs] [Times: user=0.25 sys=0.00, real=0.03 secs] 
2020-09-29T18:21:09.998+0200: 22.591: [GC (Allocation Failure) 2020-09-29T18:21:09.998+0200: 22.591: [ParNew: 591705K->39014K(613440K), 0.0180053 secs] 598089K->45398K(2029056K), 0.0180732 secs] [Times: user=0.11 sys=0.00, real=0.02 secs] 
2020-09-29T18:21:10.067+0200: 22.660: [GC (Allocation Failure) 2020-09-29T18:21:10.067+0200: 22.660: [ParNew: 584358K->38772K(613440K), 0.0231335 secs] 590742K->45156K(2029056K), 0.0232120 secs] [Times: user=0.25 sys=0.00, real=0.02 secs] 
2020-09-29T18:21:10.142+0200: 22.734: [GC (Allocation Failure) 2020-09-29T18:21:10.142+0200: 22.734: [ParNew: 584116K->53967K(613440K), 0.0235827 secs] 590500K->60351K(2029056K), 0.0236677 secs] [Times: user=0.25 sys=0.00, real=0.02 secs] 
2020-09-29T18:21:10.217+0200: 22.809: [GC (Allocation Failure) 2020-09-29T18:21:10.217+0200: 22.809: [ParNew: 599311K->35204K(613440K), 0.0154830 secs] 605695K->41588K(2029056K), 0.0155453 secs] [Times: user=0.13 sys=0.00, real=0.02 secs] 
2020-09-29T18:21:10.293+0200: 22.885: [GC (Allocation Failure) 2020-09-29T18:21:10.293+0200: 22.885: [ParNew: 580548K->32854K(613440K), 0.0199486 secs] 586932K->39238K(2029056K), 0.0200143 secs] [Times: user=0.13 sys=0.00, real=0.02 secs] 
2020-09-29T18:21:10.367+0200: 22.959: [GC (Allocation Failure) 2020-09-29T18:21:10.367+0200: 22.959: [ParNew: 578198K->30112K(613440K), 0.0183293 secs] 584582K->36496K(2029056K), 0.0184008 secs] [Times: user=0.13 sys=0.00, real=0.02 secs] 
2020-09-29T18:21:10.437+0200: 23.030: [GC (Allocation Failure) 2020-09-29T18:21:10.437+0200: 23.030: [ParNew: 575456K->52576K(613440K), 0.0255250 secs] 581840K->58960K(2029056K), 0.0255944 secs] [Times: user=0.25 sys=0.00, real=0.03 secs] 
2020-09-29T18:21:10.511+0200: 23.103: [GC (Allocation Failure) 2020-09-29T18:21:10.511+0200: 23.104: [ParNew: 597920K->58503K(613440K), 0.0240696 secs] 604304K->64887K(2029056K), 0.0241332 secs] [Times: user=0.13 sys=0.00, real=0.02 secs] 
2020-09-29T18:21:10.585+0200: 23.178: [GC (Allocation Failure) 2020-09-29T18:21:10.585+0200: 23.178: [ParNew: 603847K->37380K(613440K), 0.0162875 secs] 610231K->43764K(2029056K), 0.0163735 secs] [Times: user=0.11 sys=0.00, real=0.02 secs] 
2020-09-29T18:21:10.660+0200: 23.252: [GC (Allocation Failure) 2020-09-29T18:21:10.660+0200: 23.252: [ParNew: 582724K->37512K(613440K), 0.0220830 secs] 589108K->43896K(2029056K), 0.0221509 secs] [Times: user=0.25 sys=0.00, real=0.02 secs] 
2020-09-29T18:21:10.734+0200: 23.326: [GC (Allocation Failure) 2020-09-29T18:21:10.734+0200: 23.326: [ParNew: 582856K->53735K(613440K), 0.0280778 secs] 589240K->60119K(2029056K), 0.0281422 secs] [Times: user=0.25 sys=0.00, real=0.03 secs] 
2020-09-29T18:21:10.816+0200: 23.408: [GC (Allocation Failure) 2020-09-29T18:21:10.816+0200: 23.408: [ParNew: 599079K->46186K(613440K), 0.0196267 secs] 605463K->52570K(2029056K), 0.0197066 secs] [Times: user=0.25 sys=0.00, real=0.02 secs] 
2020-09-29T18:21:10.893+0200: 23.485: [GC (Allocation Failure) 2020-09-29T18:21:10.893+0200: 23.485: [ParNew: 591530K->34915K(613440K), 0.0195399 secs] 597914K->41299K(2029056K), 0.0196104 secs] [Times: user=0.25 sys=0.00, real=0.02 secs] 
2020-09-29T18:21:10.964+0200: 23.557: [GC (Allocation Failure) 2020-09-29T18:21:10.964+0200: 23.557: [ParNew: 580259K->34682K(613440K), 0.0164480 secs] 586643K->41066K(2029056K), 0.0165155 secs] [Times: user=0.13 sys=0.00, real=0.02 secs] 
2020-09-29T18:21:11.037+0200: 23.630: [GC (Allocation Failure) 2020-09-29T18:21:11.037+0200: 23.630: [ParNew: 580026K->30422K(613440K), 0.0182019 secs] 586410K->36806K(2029056K), 0.0182609 secs] [Times: user=0.13 sys=0.00, real=0.02 secs] 
2020-09-29T18:21:11.104+0200: 23.696: [GC (Allocation Failure) 2020-09-29T18:21:11.104+0200: 23.696: [ParNew: 575766K->52181K(613440K), 0.0234337 secs] 582150K->58565K(2029056K), 0.0235275 secs] [Times: user=0.13 sys=0.00, real=0.02 secs] 
2020-09-29T18:21:11.177+0200: 23.770: [GC (Allocation Failure) 2020-09-29T18:21:11.178+0200: 23.770: [ParNew: 597525K->65116K(613440K), 0.0284671 secs] 603909K->71500K(2029056K), 0.0285388 secs] [Times: user=0.13 sys=0.00, real=0.03 secs] 
2020-09-29T18:21:11.258+0200: 23.850: [GC (Allocation Failure) 2020-09-29T18:21:11.258+0200: 23.851: [ParNew: 610460K->48147K(613440K), 0.0216947 secs] 616844K->54531K(2029056K), 0.0217599 secs] [Times: user=0.11 sys=0.00, real=0.02 secs] 
2020-09-29T18:21:11.335+0200: 23.927: [GC (Allocation Failure) 2020-09-29T18:21:11.335+0200: 23.927: [ParNew: 593491K->39243K(613440K), 0.0214716 secs] 599875K->45627K(2029056K), 0.0215352 secs] [Times: user=0.13 sys=0.00, real=0.02 secs] 
2020-09-29T18:21:11.411+0200: 24.004: [GC (Allocation Failure) 2020-09-29T18:21:11.411+0200: 24.004: [ParNew: 584587K->35417K(613440K), 0.0190173 secs] 590971K->41801K(2029056K), 0.0190835 secs] [Times: user=0.13 sys=0.00, real=0.02 secs] 
2020-09-29T18:21:11.485+0200: 24.077: [GC (Allocation Failure) 2020-09-29T18:21:11.485+0200: 24.077: [ParNew: 580761K->34289K(613440K), 0.0180584 secs] 587145K->40673K(2029056K), 0.0181445 secs] [Times: user=0.13 sys=0.00, real=0.02 secs] 
2020-09-29T18:21:11.555+0200: 24.147: [GC (Allocation Failure) 2020-09-29T18:21:11.555+0200: 24.148: [ParNew: 579633K->48852K(613440K), 0.0254404 secs] 586017K->55236K(2029056K), 0.0255240 secs] [Times: user=0.13 sys=0.00, real=0.03 secs] 
2020-09-29T18:21:11.631+0200: 24.224: [GC (Allocation Failure) 2020-09-29T18:21:11.631+0200: 24.224: [ParNew: 594196K->42501K(613440K), 0.0230420 secs] 600580K->48885K(2029056K), 0.0231190 secs] [Times: user=0.13 sys=0.00, real=0.02 secs] 
2020-09-29T18:21:11.704+0200: 24.297: [GC (Allocation Failure) 2020-09-29T18:21:11.704+0200: 24.297: [ParNew: 587845K->34317K(613440K), 0.0143509 secs] 594229K->40701K(2029056K), 0.0144178 secs] [Times: user=0.13 sys=0.00, real=0.02 secs] 
2020-09-29T18:21:11.770+0200: 24.363: [GC (Allocation Failure) 2020-09-29T18:21:11.770+0200: 24.363: [ParNew: 579661K->34835K(613440K), 0.0207389 secs] 586045K->41219K(2029056K), 0.0208179 secs] [Times: user=0.22 sys=0.00, real=0.02 secs] 
2020-09-29T18:21:11.843+0200: 24.435: [GC (Allocation Failure) 2020-09-29T18:21:11.843+0200: 24.435: [ParNew: 580179K->27225K(613440K), 0.0114444 secs] 586563K->33609K(2029056K), 0.0115118 secs] [Times: user=0.13 sys=0.00, real=0.01 secs] 
2020-09-29T18:21:11.920+0200: 24.513: [GC (Allocation Failure) 2020-09-29T18:21:11.920+0200: 24.513: [ParNew: 572569K->27703K(613440K), 0.0176904 secs] 578953K->34087K(2029056K), 0.0177557 secs] [Times: user=0.13 sys=0.00, real=0.02 secs] 
2020-09-29T18:21:11.994+0200: 24.586: [GC (Allocation Failure) 2020-09-29T18:21:11.994+0200: 24.586: [ParNew: 573047K->42419K(613440K), 0.0244634 secs] 579431K->48803K(2029056K), 0.0331197 secs] [Times: user=0.13 sys=0.00, real=0.03 secs] 
2020-09-29T18:21:12.074+0200: 24.666: [GC (Allocation Failure) 2020-09-29T18:21:12.074+0200: 24.666: [ParNew: 587763K->52718K(613440K), 0.0228316 secs] 594147K->59102K(2029056K), 0.0229163 secs] [Times: user=0.13 sys=0.00, real=0.02 secs] 
2020-09-29T18:21:12.145+0200: 24.738: [GC (Allocation Failure) 2020-09-29T18:21:12.145+0200: 24.738: [ParNew: 598062K->39960K(613440K), 0.0218274 secs] 604446K->46344K(2029056K), 0.0218972 secs] [Times: user=0.25 sys=0.00, real=0.02 secs] 
2020-09-29T18:21:12.215+0200: 24.807: [GC (Allocation Failure) 2020-09-29T18:21:12.215+0200: 24.807: [ParNew: 585304K->37441K(613440K), 0.0201850 secs] 591688K->43825K(2029056K), 0.0202495 secs] [Times: user=0.13 sys=0.00, real=0.02 secs] 
2020-09-29T18:21:12.283+0200: 24.875: [GC (Allocation Failure) 2020-09-29T18:21:12.283+0200: 24.875: [ParNew: 582785K->57613K(613440K), 0.0268525 secs] 589169K->63997K(2029056K), 0.0269184 secs] [Times: user=0.25 sys=0.00, real=0.03 secs] 
2020-09-29T18:21:12.357+0200: 24.950: [GC (Allocation Failure) 2020-09-29T18:21:12.357+0200: 24.950: [ParNew: 602957K->39009K(613440K), 0.0173862 secs] 609341K->45393K(2029056K), 0.0174534 secs] [Times: user=0.13 sys=0.00, real=0.02 secs] 
2020-09-29T18:21:12.427+0200: 25.020: [GC (Allocation Failure) 2020-09-29T18:21:12.427+0200: 25.020: [ParNew: 584353K->40835K(613440K), 0.0237680 secs] 590737K->47219K(2029056K), 0.0238343 secs] [Times: user=0.13 sys=0.00, real=0.02 secs] 
2020-09-29T18:21:12.500+0200: 25.092: [GC (Allocation Failure) 2020-09-29T18:21:12.500+0200: 25.092: [ParNew: 586179K->32640K(613440K), 0.0163110 secs] 592563K->39024K(2029056K), 0.0163884 secs] [Times: user=0.13 sys=0.00, real=0.02 secs] 
2020-09-29T18:21:12.572+0200: 25.164: [GC (Allocation Failure) 2020-09-29T18:21:12.572+0200: 25.164: [ParNew: 577984K->58935K(613440K), 0.0299520 secs] 584368K->65319K(2029056K), 0.0300190 secs] [Times: user=0.22 sys=0.00, real=0.03 secs] 
2020-09-29T18:21:12.658+0200: 25.251: [GC (Allocation Failure) 2020-09-29T18:21:12.658+0200: 25.251: [ParNew: 604279K->45462K(613440K), 0.0203149 secs] 610663K->51846K(2029056K), 0.0204022 secs] [Times: user=0.23 sys=0.00, real=0.02 secs] 
2020-09-29T18:21:12.741+0200: 25.333: [GC (Allocation Failure) 2020-09-29T18:21:12.741+0200: 25.333: [ParNew: 590806K->60393K(613440K), 0.0288578 secs] 597190K->66777K(2029056K), 0.0289285 secs] [Times: user=0.13 sys=0.00, real=0.03 secs] 
2020-09-29T18:21:12.820+0200: 25.412: [GC (Allocation Failure) 2020-09-29T18:21:12.820+0200: 25.413: [ParNew: 605737K->40635K(613440K), 0.0205778 secs] 612121K->47019K(2029056K), 0.0206464 secs] [Times: user=0.13 sys=0.00, real=0.02 secs] 
2020-09-29T18:21:12.891+0200: 25.483: [GC (Allocation Failure) 2020-09-29T18:21:12.891+0200: 25.483: [ParNew: 585979K->55335K(613440K), 0.0254600 secs] 592363K->61719K(2029056K), 0.0255310 secs] [Times: user=0.25 sys=0.00, real=0.02 secs] 
2020-09-29T18:21:12.966+0200: 25.558: [GC (Allocation Failure) 2020-09-29T18:21:12.966+0200: 25.558: [ParNew: 600679K->41120K(613440K), 0.0257620 secs] 607063K->47504K(2029056K), 0.0258411 secs] [Times: user=0.25 sys=0.00, real=0.03 secs] 
2020-09-29T18:21:13.042+0200: 25.635: [GC (Allocation Failure) 2020-09-29T18:21:13.042+0200: 25.635: [ParNew: 586464K->41445K(613440K), 0.0258044 secs] 592848K->47829K(2029056K), 0.0258744 secs] [Times: user=0.25 sys=0.00, real=0.03 secs] 
2020-09-29T18:21:13.120+0200: 25.712: [GC (Allocation Failure) 2020-09-29T18:21:13.120+0200: 25.712: [ParNew: 586789K->39907K(613440K), 0.0260601 secs] 593173K->46291K(2029056K), 0.0261336 secs] [Times: user=0.25 sys=0.00, real=0.03 secs] 
2020-09-29T18:21:13.196+0200: 25.789: [GC (Allocation Failure) 2020-09-29T18:21:13.196+0200: 25.789: [ParNew: 585251K->40922K(613440K), 0.0213229 secs] 591635K->47306K(2029056K), 0.0214046 secs] [Times: user=0.13 sys=0.00, real=0.02 secs] 
2020-09-29T18:21:13.267+0200: 25.859: [GC (Allocation Failure) 2020-09-29T18:21:13.267+0200: 25.859: [ParNew: 586266K->60160K(613440K), 0.0277273 secs] 592650K->66544K(2029056K), 0.0277945 secs] [Times: user=0.25 sys=0.00, real=0.03 secs] 
2020-09-29T18:21:13.348+0200: 25.940: [GC (Allocation Failure) 2020-09-29T18:21:13.348+0200: 25.940: [ParNew: 605504K->43263K(613440K), 0.0267574 secs] 611888K->49647K(2029056K), 0.0268498 secs] [Times: user=0.25 sys=0.00, real=0.03 secs] 
2020-09-29T18:21:13.421+0200: 26.014: [GC (Allocation Failure) 2020-09-29T18:21:13.421+0200: 26.014: [ParNew: 588607K->43098K(613440K), 0.0245128 secs] 594991K->49482K(2029056K), 0.0245867 secs] [Times: user=0.25 sys=0.00, real=0.03 secs] 
2020-09-29T18:21:13.507+0200: 26.100: [GC (Allocation Failure) 2020-09-29T18:21:13.507+0200: 26.100: [ParNew: 588442K->41127K(613440K), 0.0236727 secs] 594826K->47511K(2029056K), 0.0237384 secs] [Times: user=0.13 sys=0.00, real=0.02 secs] 
2020-09-29T18:21:13.590+0200: 26.183: [GC (Allocation Failure) 2020-09-29T18:21:13.590+0200: 26.183: [ParNew: 586471K->39773K(613440K), 0.0244315 secs] 592855K->46157K(2029056K), 0.0245309 secs] [Times: user=0.23 sys=0.00, real=0.02 secs] 
2020-09-29T18:21:13.671+0200: 26.264: [GC (Allocation Failure) 2020-09-29T18:21:13.671+0200: 26.264: [ParNew: 585117K->39020K(613440K), 0.0218740 secs] 591501K->45404K(2029056K), 0.0219480 secs] [Times: user=0.25 sys=0.00, real=0.02 secs] 
2020-09-29T18:21:13.743+0200: 26.336: [GC (Allocation Failure) 2020-09-29T18:21:13.743+0200: 26.336: [ParNew: 584364K->63223K(613440K), 0.0343410 secs] 590748K->69607K(2029056K), 0.0344296 secs] [Times: user=0.25 sys=0.00, real=0.04 secs] 
2020-09-29T18:21:13.827+0200: 26.420: [GC (Allocation Failure) 2020-09-29T18:21:13.827+0200: 26.420: [ParNew: 608567K->59266K(613440K), 0.0264992 secs] 614951K->65650K(2029056K), 0.0265677 secs] [Times: user=0.25 sys=0.00, real=0.03 secs] 
2020-09-29T18:21:13.910+0200: 26.503: [GC (Allocation Failure) 2020-09-29T18:21:13.910+0200: 26.503: [ParNew: 604610K->39531K(613440K), 0.0194763 secs] 610994K->45915K(2029056K), 0.0195514 secs] [Times: user=0.25 sys=0.00, real=0.02 secs] 
2020-09-29T18:21:13.979+0200: 26.572: [GC (Allocation Failure) 2020-09-29T18:21:13.979+0200: 26.572: [ParNew: 584875K->58304K(613440K), 0.0321617 secs] 591259K->64688K(2029056K), 0.0322409 secs] [Times: user=0.25 sys=0.00, real=0.03 secs] 
2020-09-29T18:21:14.060+0200: 26.653: [GC (Allocation Failure) 2020-09-29T18:21:14.060+0200: 26.653: [ParNew: 603648K->47130K(613440K), 0.0235906 secs] 610032K->53514K(2029056K), 0.0236596 secs] [Times: user=0.20 sys=0.00, real=0.02 secs] 
2020-09-29T18:21:14.136+0200: 26.729: [GC (Allocation Failure) 2020-09-29T18:21:14.136+0200: 26.729: [ParNew: 592474K->37628K(613440K), 0.0222437 secs] 598858K->44012K(2029056K), 0.0223148 secs] [Times: user=0.13 sys=0.00, real=0.02 secs] 
2020-09-29T18:21:14.209+0200: 26.803: [GC (Allocation Failure) 2020-09-29T18:21:14.209+0200: 26.803: [ParNew: 582972K->33987K(613440K), 0.0197052 secs] 589356K->40371K(2029056K), 0.0197705 secs] [Times: user=0.13 sys=0.00, real=0.02 secs] 
2020-09-29T18:21:14.287+0200: 26.880: [GC (Allocation Failure) 2020-09-29T18:21:14.287+0200: 26.880: [ParNew: 579331K->54258K(613440K), 0.0269035 secs] 585715K->60642K(2029056K), 0.0269724 secs] [Times: user=0.13 sys=0.00, real=0.03 secs] 
2020-09-29T18:21:14.362+0200: 26.955: [GC (Allocation Failure) 2020-09-29T18:21:14.362+0200: 26.955: [ParNew: 599602K->44687K(613440K), 0.0256489 secs] 605986K->51071K(2029056K), 0.0257288 secs] [Times: user=0.25 sys=0.00, real=0.03 secs] 
2020-09-29T18:21:14.436+0200: 27.029: [GC (Allocation Failure) 2020-09-29T18:21:14.436+0200: 27.029: [ParNew: 590031K->40302K(613440K), 0.0238124 secs] 596415K->46685K(2029056K), 0.0238833 secs] [Times: user=0.25 sys=0.00, real=0.02 secs] 
2020-09-29T18:21:14.524+0200: 27.117: [GC (Allocation Failure) 2020-09-29T18:21:14.524+0200: 27.117: [ParNew: 585646K->39973K(613440K), 0.0220296 secs] 592029K->46357K(2029056K), 0.0220970 secs] [Times: user=0.13 sys=0.00, real=0.02 secs] 
2020-09-29T18:21:14.600+0200: 27.193: [GC (Allocation Failure) 2020-09-29T18:21:14.600+0200: 27.193: [ParNew: 585317K->34478K(613440K), 0.0235214 secs] 591701K->40862K(2029056K), 0.0235934 secs] [Times: user=0.13 sys=0.00, real=0.02 secs] 
2020-09-29T18:21:14.678+0200: 27.271: [GC (Allocation Failure) 2020-09-29T18:21:14.678+0200: 27.271: [ParNew: 579822K->55051K(613440K), 0.0279561 secs] 586206K->61435K(2029056K), 0.0280266 secs] [Times: user=0.13 sys=0.00, real=0.03 secs] 
2020-09-29T18:21:14.757+0200: 27.350: [GC (Allocation Failure) 2020-09-29T18:21:14.759+0200: 27.352: [ParNew: 600395K->68096K(613440K), 0.0356420 secs] 606779K->75379K(2029056K), 0.0379105 secs] [Times: user=0.25 sys=0.00, real=0.04 secs] 
2020-09-29T18:21:14.842+0200: 27.435: [GC (Allocation Failure) 2020-09-29T18:21:14.842+0200: 27.435: [ParNew: 613440K->55835K(613440K), 0.0259644 secs] 620723K->63118K(2029056K), 0.0260414 secs] [Times: user=0.25 sys=0.00, real=0.03 secs] 
2020-09-29T18:21:14.918+0200: 27.511: [GC (Allocation Failure) 2020-09-29T18:21:14.918+0200: 27.511: [ParNew: 601179K->36122K(613440K), 0.0182393 secs] 608462K->43405K(2029056K), 0.0183076 secs] [Times: user=0.13 sys=0.00, real=0.02 secs] 
2020-09-29T18:21:14.994+0200: 27.587: [GC (Allocation Failure) 2020-09-29T18:21:14.994+0200: 27.587: [ParNew: 581466K->40344K(613440K), 0.0248049 secs] 588749K->47628K(2029056K), 0.0248705 secs] [Times: user=0.13 sys=0.00, real=0.03 secs] 
2020-09-29T18:21:15.067+0200: 27.661: [GC (Allocation Failure) 2020-09-29T18:21:15.067+0200: 27.661: [ParNew: 585688K->60317K(613440K), 0.0297008 secs] 592972K->67600K(2029056K), 0.0297696 secs] [Times: user=0.13 sys=0.00, real=0.03 secs] 
2020-09-29T18:21:15.148+0200: 27.741: [GC (Allocation Failure) 2020-09-29T18:21:15.148+0200: 27.741: [ParNew: 605661K->53246K(613440K), 0.0291773 secs] 612944K->60529K(2029056K), 0.0292429 secs] [Times: user=0.25 sys=0.00, real=0.03 secs] 
2020-09-29T18:21:15.230+0200: 27.823: [GC (Allocation Failure) 2020-09-29T18:21:15.230+0200: 27.823: [ParNew: 598590K->43053K(613440K), 0.0190874 secs] 605873K->50336K(2029056K), 0.0191605 secs] [Times: user=0.13 sys=0.00, real=0.02 secs] 
2020-09-29T18:21:15.304+0200: 27.897: [GC (Allocation Failure) 2020-09-29T18:21:15.304+0200: 27.897: [ParNew: 588397K->58798K(613440K), 0.0277066 secs] 595680K->66081K(2029056K), 0.0277799 secs] [Times: user=0.13 sys=0.00, real=0.03 secs] 
2020-09-29T18:21:15.380+0200: 27.973: [GC (Allocation Failure) 2020-09-29T18:21:15.380+0200: 27.973: [ParNew: 604142K->68096K(613440K), 0.0345170 secs] 611425K->76361K(2029056K), 0.0345827 secs] [Times: user=0.24 sys=0.02, real=0.03 secs] 
2020-09-29T18:21:15.463+0200: 28.056: [GC (Allocation Failure) 2020-09-29T18:21:15.463+0200: 28.056: [ParNew: 613440K->51327K(613440K), 0.0245648 secs] 621705K->59592K(2029056K), 0.0246389 secs] [Times: user=0.13 sys=0.00, real=0.02 secs] 
2020-09-29T18:21:15.551+0200: 28.145: [GC (Allocation Failure) 2020-09-29T18:21:15.551+0200: 28.145: [ParNew: 596671K->68096K(613440K), 0.0404540 secs] 604936K->77668K(2029056K), 0.0405312 secs] [Times: user=0.25 sys=0.00, real=0.04 secs] 
2020-09-29T18:21:15.641+0200: 28.234: [GC (Allocation Failure) 2020-09-29T18:21:15.641+0200: 28.234: [ParNew: 613440K->62513K(613440K), 0.0326101 secs] 623012K->72085K(2029056K), 0.0326792 secs] [Times: user=0.25 sys=0.00, real=0.03 secs] 
2020-09-29T18:21:15.724+0200: 28.317: [GC (Allocation Failure) 2020-09-29T18:21:15.724+0200: 28.317: [ParNew: 607857K->48133K(613440K), 0.0239263 secs] 617429K->57706K(2029056K), 0.0239930 secs] [Times: user=0.13 sys=0.00, real=0.02 secs] 
2020-09-29T18:21:15.797+0200: 28.390: [GC (Allocation Failure) 2020-09-29T18:21:15.797+0200: 28.390: [ParNew: 593477K->68096K(613440K), 0.0288383 secs] 603050K->77901K(2029056K), 0.0289080 secs] [Times: user=0.25 sys=0.00, real=0.03 secs] 
2020-09-29T18:21:15.880+0200: 28.473: [GC (Allocation Failure) 2020-09-29T18:21:15.880+0200: 28.473: [ParNew: 613440K->47667K(613440K), 0.0194952 secs] 623245K->57473K(2029056K), 0.0195666 secs] [Times: user=0.13 sys=0.00, real=0.02 secs] 
2020-09-29T18:21:15.955+0200: 28.548: [GC (Allocation Failure) 2020-09-29T18:21:15.955+0200: 28.548: [ParNew: 593011K->41903K(613440K), 0.0195992 secs] 602817K->51709K(2029056K), 0.0196666 secs] [Times: user=0.25 sys=0.00, real=0.02 secs] 
2020-09-29T18:21:16.023+0200: 28.616: [GC (Allocation Failure) 2020-09-29T18:21:16.023+0200: 28.616: [ParNew: 587247K->57079K(613440K), 0.0355275 secs] 597053K->66885K(2029056K), 0.0356259 secs] [Times: user=0.23 sys=0.00, real=0.04 secs] 
2020-09-29T18:21:16.106+0200: 28.699: [GC (Allocation Failure) 2020-09-29T18:21:16.106+0200: 28.699: [ParNew: 602423K->42686K(613440K), 0.0248205 secs] 612229K->52492K(2029056K), 0.0249092 secs] [Times: user=0.25 sys=0.00, real=0.03 secs] 
2020-09-29T18:21:16.181+0200: 28.774: [GC (Allocation Failure) 2020-09-29T18:21:16.181+0200: 28.774: [ParNew: 588030K->37204K(613440K), 0.0238910 secs] 597836K->47010K(2029056K), 0.0239651 secs] [Times: user=0.13 sys=0.00, real=0.02 secs] 
2020-09-29T18:21:16.268+0200: 28.862: [GC (Allocation Failure) 2020-09-29T18:21:16.268+0200: 28.862: [ParNew: 582548K->36029K(613440K), 0.0237142 secs] 592354K->45835K(2029056K), 0.0237824 secs] [Times: user=0.25 sys=0.00, real=0.02 secs] 
2020-09-29T18:21:16.347+0200: 28.940: [GC (Allocation Failure) 2020-09-29T18:21:16.347+0200: 28.940: [ParNew: 581373K->60306K(613440K), 0.0293255 secs] 591179K->70112K(2029056K), 0.0294306 secs] [Times: user=0.25 sys=0.00, real=0.03 secs] 
2020-09-29T18:21:16.431+0200: 29.024: [GC (Allocation Failure) 2020-09-29T18:21:16.431+0200: 29.024: [ParNew: 605650K->41785K(613440K), 0.0207523 secs] 615456K->51591K(2029056K), 0.0208242 secs] [Times: user=0.13 sys=0.00, real=0.02 secs] 
2020-09-29T18:21:16.499+0200: 29.092: [GC (Allocation Failure) 2020-09-29T18:21:16.499+0200: 29.092: [ParNew: 587129K->40686K(613440K), 0.0267504 secs] 596935K->50491K(2029056K), 0.0268145 secs] [Times: user=0.25 sys=0.00, real=0.03 secs] 
2020-09-29T18:21:16.576+0200: 29.170: [GC (Allocation Failure) 2020-09-29T18:21:16.576+0200: 29.170: [ParNew: 586030K->36964K(613440K), 0.0241884 secs] 595835K->46770K(2029056K), 0.0242720 secs] [Times: user=0.25 sys=0.00, real=0.03 secs] 
2020-09-29T18:21:16.657+0200: 29.250: [GC (Allocation Failure) 2020-09-29T18:21:16.657+0200: 29.250: [ParNew: 582308K->62425K(613440K), 0.0298832 secs] 592114K->72230K(2029056K), 0.0299532 secs] [Times: user=0.25 sys=0.00, real=0.03 secs] 
2020-09-29T18:21:16.734+0200: 29.328: [GC (Allocation Failure) 2020-09-29T18:21:16.734+0200: 29.328: [ParNew: 607769K->46979K(613440K), 0.0281064 secs] 617574K->56785K(2029056K), 0.0281711 secs] [Times: user=0.25 sys=0.00, real=0.03 secs] 
2020-09-29T18:21:16.815+0200: 29.408: [GC (Allocation Failure) 2020-09-29T18:21:16.815+0200: 29.408: [ParNew: 592323K->68096K(613440K), 0.0366253 secs] 602129K->79614K(2029056K), 0.0366961 secs] [Times: user=0.38 sys=0.00, real=0.04 secs] 
2020-09-29T18:21:16.898+0200: 29.491: [GC (Allocation Failure) 2020-09-29T18:21:16.898+0200: 29.492: [ParNew: 613440K->50922K(613440K), 0.0191039 secs] 624958K->62441K(2029056K), 0.0191884 secs] [Times: user=0.13 sys=0.00, real=0.02 secs] 
2020-09-29T18:21:16.979+0200: 29.572: [GC (Allocation Failure) 2020-09-29T18:21:16.979+0200: 29.572: [ParNew: 596266K->44936K(613440K), 0.0260275 secs] 607785K->56454K(2029056K), 0.0260966 secs] [Times: user=0.25 sys=0.00, real=0.03 secs] 
2020-09-29T18:21:17.061+0200: 29.654: [GC (Allocation Failure) 2020-09-29T18:21:17.061+0200: 29.654: [ParNew: 590280K->50861K(613440K), 0.0267399 secs] 601798K->62380K(2029056K), 0.0268070 secs] [Times: user=0.23 sys=0.00, real=0.03 secs] 
2020-09-29T18:21:17.139+0200: 29.732: [GC (Allocation Failure) 2020-09-29T18:21:17.139+0200: 29.732: [ParNew: 596205K->40264K(613440K), 0.0237879 secs] 607724K->51782K(2029056K), 0.0238633 secs] [Times: user=0.24 sys=0.00, real=0.02 secs] 
2020-09-29T18:21:17.217+0200: 29.810: [GC (Allocation Failure) 2020-09-29T18:21:17.217+0200: 29.810: [ParNew: 585608K->37030K(613440K), 0.0218348 secs] 597126K->48549K(2029056K), 0.0219025 secs] [Times: user=0.13 sys=0.00, real=0.02 secs] 
2020-09-29T18:21:17.286+0200: 29.879: [GC (Allocation Failure) 2020-09-29T18:21:17.286+0200: 29.879: [ParNew: 582374K->35409K(613440K), 0.0182299 secs] 593893K->46928K(2029056K), 0.0183140 secs] [Times: user=0.13 sys=0.00, real=0.02 secs] 
2020-09-29T18:21:17.364+0200: 29.956: [GC (Allocation Failure) 2020-09-29T18:21:17.364+0200: 29.956: [ParNew: 580753K->30082K(613440K), 0.0184306 secs] 592272K->41600K(2029056K), 0.0185137 secs] [Times: user=0.13 sys=0.00, real=0.02 secs] 
2020-09-29T18:21:17.437+0200: 30.030: [GC (Allocation Failure) 2020-09-29T18:21:17.437+0200: 30.030: [ParNew: 575426K->51565K(613440K), 0.0240612 secs] 586944K->63084K(2029056K), 0.0241317 secs] [Times: user=0.25 sys=0.00, real=0.02 secs] 
2020-09-29T18:21:17.527+0200: 30.120: [GC (Allocation Failure) 2020-09-29T18:21:17.527+0200: 30.120: [ParNew: 596909K->37819K(613440K), 0.0240101 secs] 608428K->49338K(2029056K), 0.0240769 secs] [Times: user=0.13 sys=0.00, real=0.02 secs] 
2020-09-29T18:21:17.608+0200: 30.201: [GC (Allocation Failure) 2020-09-29T18:21:17.608+0200: 30.201: [ParNew: 583163K->39659K(613440K), 0.0220065 secs] 594682K->51178K(2029056K), 0.0220800 secs] [Times: user=0.25 sys=0.00, real=0.02 secs] 
2020-09-29T18:21:17.685+0200: 30.277: [GC (Allocation Failure) 2020-09-29T18:21:17.685+0200: 30.277: [ParNew: 585003K->39324K(613440K), 0.0207689 secs] 596522K->50843K(2029056K), 0.0208534 secs] [Times: user=0.13 sys=0.00, real=0.02 secs] 
2020-09-29T18:21:17.756+0200: 30.348: [GC (Allocation Failure) 2020-09-29T18:21:17.756+0200: 30.348: [ParNew: 584668K->34358K(613440K), 0.0149472 secs] 596187K->45876K(2029056K), 0.0150378 secs] [Times: user=0.13 sys=0.00, real=0.01 secs] 
2020-09-29T18:21:17.818+0200: 30.411: [GC (Allocation Failure) 2020-09-29T18:21:17.818+0200: 30.411: [ParNew: 579702K->53402K(613440K), 0.0184576 secs] 591220K->64921K(2029056K), 0.0185128 secs] [Times: user=0.13 sys=0.00, real=0.02 secs] 
2020-09-29T18:21:17.888+0200: 30.480: [GC (Allocation Failure) 2020-09-29T18:21:17.888+0200: 30.480: [ParNew: 598746K->68096K(613440K), 0.0242056 secs] 610265K->79614K(2029056K), 0.0242646 secs] [Times: user=0.25 sys=0.00, real=0.02 secs] 
2020-09-29T18:21:17.959+0200: 30.551: [GC (Allocation Failure) 2020-09-29T18:21:17.959+0200: 30.551: [ParNew: 613440K->45021K(613440K), 0.0126874 secs] 624958K->56539K(2029056K), 0.0127440 secs] [Times: user=0.00 sys=0.00, real=0.01 secs] 
2020-09-29T18:21:18.026+0200: 30.618: [GC (Allocation Failure) 2020-09-29T18:21:18.026+0200: 30.618: [ParNew: 590365K->58595K(613440K), 0.0223561 secs] 601883K->70114K(2029056K), 0.0224353 secs] [Times: user=0.13 sys=0.00, real=0.02 secs] 
2020-09-29T18:21:18.098+0200: 30.690: [GC (Allocation Failure) 2020-09-29T18:21:18.098+0200: 30.690: [ParNew: 603939K->68096K(613440K), 0.0224750 secs] 615458K->79849K(2029056K), 0.0225396 secs] [Times: user=0.25 sys=0.00, real=0.02 secs] 
2020-09-29T18:21:18.171+0200: 30.763: [GC (Allocation Failure) 2020-09-29T18:21:18.171+0200: 30.763: [ParNew: 613440K->50739K(613440K), 0.0216497 secs] 625193K->62493K(2029056K), 0.0217110 secs] [Times: user=0.24 sys=0.00, real=0.02 secs] 
2020-09-29T18:21:18.240+0200: 30.832: [GC (Allocation Failure) 2020-09-29T18:21:18.240+0200: 30.832: [ParNew: 596083K->68096K(613440K), 0.0273570 secs] 607837K->82304K(2029056K), 0.0274122 secs] [Times: user=0.13 sys=0.00, real=0.03 secs] 
2020-09-29T18:21:18.314+0200: 30.906: [GC (Allocation Failure) 2020-09-29T18:21:18.314+0200: 30.906: [ParNew: 613440K->49160K(613440K), 0.0148291 secs] 627648K->63369K(2029056K), 0.0148914 secs] [Times: user=0.13 sys=0.00, real=0.02 secs] 
2020-09-29T18:21:18.376+0200: 30.969: [GC (Allocation Failure) 2020-09-29T18:21:18.376+0200: 30.969: [ParNew: 594504K->51130K(613440K), 0.0191290 secs] 608713K->65339K(2029056K), 0.0192052 secs] [Times: user=0.13 sys=0.00, real=0.02 secs] 
2020-09-29T18:21:18.443+0200: 31.035: [GC (Allocation Failure) 2020-09-29T18:21:18.443+0200: 31.035: [ParNew: 596474K->41878K(613440K), 0.0186693 secs] 610683K->56086K(2029056K), 0.0187227 secs] [Times: user=0.13 sys=0.00, real=0.02 secs] 
2020-09-29T18:21:18.509+0200: 31.101: [GC (Allocation Failure) 2020-09-29T18:21:18.509+0200: 31.101: [ParNew: 587222K->38004K(613440K), 0.0119217 secs] 601430K->52212K(2029056K), 0.0119923 secs] [Times: user=0.13 sys=0.00, real=0.01 secs] 
2020-09-29T18:21:18.580+0200: 31.172: [GC (Allocation Failure) 2020-09-29T18:21:18.580+0200: 31.172: [ParNew: 583348K->20443K(613440K), 0.0097233 secs] 597556K->34652K(2029056K), 0.0097905 secs] [Times: user=0.13 sys=0.00, real=0.01 secs] 
2020-09-29T18:21:18.645+0200: 31.238: [GC (Allocation Failure) 2020-09-29T18:21:18.645+0200: 31.238: [ParNew: 565787K->48653K(613440K), 0.0211009 secs] 579996K->62862K(2029056K), 0.0211611 secs] [Times: user=0.13 sys=0.00, real=0.02 secs] 
2020-09-29T18:21:18.716+0200: 31.308: [GC (Allocation Failure) 2020-09-29T18:21:18.716+0200: 31.308: [ParNew: 593997K->29212K(613440K), 0.0088712 secs] 608206K->43421K(2029056K), 0.0089278 secs] [Times: user=0.13 sys=0.00, real=0.01 secs] 
2020-09-29T18:21:18.777+0200: 31.370: [GC (Allocation Failure) 2020-09-29T18:21:18.777+0200: 31.370: [ParNew: 574556K->45126K(613440K), 0.0184259 secs] 588765K->59334K(2029056K), 0.0184994 secs] [Times: user=0.13 sys=0.00, real=0.02 secs] 
2020-09-29T18:21:18.842+0200: 31.435: [GC (Allocation Failure) 2020-09-29T18:21:18.844+0200: 31.436: [ParNew: 590470K->60519K(613440K), 0.0223661 secs] 604678K->74728K(2029056K), 0.0235578 secs] [Times: user=0.25 sys=0.00, real=0.02 secs] 
2020-09-29T18:21:18.914+0200: 31.507: [GC (Allocation Failure) 2020-09-29T18:21:18.914+0200: 31.507: [ParNew: 605863K->51237K(613440K), 0.0166647 secs] 620072K->65446K(2029056K), 0.0167514 secs] [Times: user=0.13 sys=0.00, real=0.02 secs] 
2020-09-29T18:21:18.987+0200: 31.579: [GC (Allocation Failure) 2020-09-29T18:21:18.987+0200: 31.579: [ParNew: 596581K->40759K(613440K), 0.0176156 secs] 610790K->54968K(2029056K), 0.0177338 secs] [Times: user=0.13 sys=0.00, real=0.02 secs] 
2020-09-29T18:21:19.052+0200: 31.645: [GC (Allocation Failure) 2020-09-29T18:21:19.052+0200: 31.645: [ParNew: 586103K->57467K(613440K), 0.0204096 secs] 600312K->71676K(2029056K), 0.0204647 secs] [Times: user=0.13 sys=0.00, real=0.02 secs] 
2020-09-29T18:21:19.122+0200: 31.716: [GC (Allocation Failure) 2020-09-29T18:21:19.123+0200: 31.716: [ParNew: 602811K->54670K(613440K), 0.0215919 secs] 617020K->68879K(2029056K), 0.0216705 secs] [Times: user=0.13 sys=0.00, real=0.02 secs] 
2020-09-29T18:21:19.193+0200: 31.787: [GC (Allocation Failure) 2020-09-29T18:21:19.193+0200: 31.787: [ParNew: 600014K->47062K(613440K), 0.0201808 secs] 614223K->61271K(2029056K), 0.0202363 secs] [Times: user=0.11 sys=0.00, real=0.02 secs] 
2020-09-29T18:21:19.265+0200: 31.858: [GC (Allocation Failure) 2020-09-29T18:21:19.265+0200: 31.858: [ParNew: 592406K->50531K(613440K), 0.0187333 secs] 606615K->64740K(2029056K), 0.0187898 secs] [Times: user=0.13 sys=0.00, real=0.02 secs] 
2020-09-29T18:21:19.337+0200: 31.930: [GC (Allocation Failure) 2020-09-29T18:21:19.337+0200: 31.930: [ParNew: 595875K->68096K(613440K), 0.0252167 secs] 610084K->82910K(2029056K), 0.0254144 secs] [Times: user=0.13 sys=0.00, real=0.03 secs] 
2020-09-29T18:21:19.409+0200: 32.002: [GC (Allocation Failure) 2020-09-29T18:21:19.409+0200: 32.003: [ParNew: 613440K->59191K(613440K), 0.0232122 secs] 628254K->74006K(2029056K), 0.0232722 secs] [Times: user=0.25 sys=0.00, real=0.02 secs] 
2020-09-29T18:21:19.480+0200: 32.073: [GC (Allocation Failure) 2020-09-29T18:21:19.480+0200: 32.073: [ParNew: 604535K->45990K(613440K), 0.0169210 secs] 619350K->60804K(2029056K), 0.0169816 secs] [Times: user=0.13 sys=0.00, real=0.02 secs] 
2020-09-29T18:21:19.544+0200: 32.137: [GC (Allocation Failure) 2020-09-29T18:21:19.544+0200: 32.137: [ParNew: 591334K->68096K(613440K), 0.0218746 secs] 606148K->82910K(2029056K), 0.0219370 secs] [Times: user=0.13 sys=0.00, real=0.02 secs] 
2020-09-29T18:21:19.615+0200: 32.208: [GC (Allocation Failure) 2020-09-29T18:21:19.615+0200: 32.208: [ParNew: 613440K->43472K(613440K), 0.0163132 secs] 628254K->58287K(2029056K), 0.0163739 secs] [Times: user=0.13 sys=0.00, real=0.02 secs] 
2020-09-29T18:21:19.682+0200: 32.275: [GC (Allocation Failure) 2020-09-29T18:21:19.682+0200: 32.275: [ParNew: 588816K->37714K(613440K), 0.0137925 secs] 603631K->52528K(2029056K), 0.0138576 secs] [Times: user=0.13 sys=0.00, real=0.01 secs] 
2020-09-29T18:21:19.745+0200: 32.339: [GC (Allocation Failure) 2020-09-29T18:21:19.745+0200: 32.339: [ParNew: 583058K->27558K(613440K), 0.0140236 secs] 597872K->42373K(2029056K), 0.0141196 secs] [Times: user=0.13 sys=0.00, real=0.02 secs] 
2020-09-29T18:21:19.807+0200: 32.400: [GC (Allocation Failure) 2020-09-29T18:21:19.807+0200: 32.400: [ParNew: 572902K->52080K(613440K), 0.0220919 secs] 587717K->66894K(2029056K), 0.0221902 secs] [Times: user=0.13 sys=0.00, real=0.02 secs] 
2020-09-29T18:21:19.879+0200: 32.472: [GC (Allocation Failure) 2020-09-29T18:21:19.879+0200: 32.472: [ParNew: 597424K->47779K(613440K), 0.0171162 secs] 612238K->62593K(2029056K), 0.0171876 secs] [Times: user=0.13 sys=0.00, real=0.02 secs] 
2020-09-29T18:21:19.943+0200: 32.536: [GC (Allocation Failure) 2020-09-29T18:21:19.943+0200: 32.536: [ParNew: 593123K->43503K(613440K), 0.0159580 secs] 607937K->58318K(2029056K), 0.0160293 secs] [Times: user=0.13 sys=0.00, real=0.02 secs] 
2020-09-29T18:21:20.010+0200: 32.603: [GC (Allocation Failure) 2020-09-29T18:21:20.010+0200: 32.603: [ParNew: 588847K->63270K(613440K), 0.0260632 secs] 603662K->78084K(2029056K), 0.0261232 secs] [Times: user=0.25 sys=0.00, real=0.03 secs] 
2020-09-29T18:21:20.083+0200: 32.676: [GC (Allocation Failure) 2020-09-29T18:21:20.083+0200: 32.676: [ParNew: 608614K->54195K(613440K), 0.0201261 secs] 623428K->69009K(2029056K), 0.0202074 secs] [Times: user=0.13 sys=0.00, real=0.02 secs] 
2020-09-29T18:21:20.153+0200: 32.746: [GC (Allocation Failure) 2020-09-29T18:21:20.153+0200: 32.746: [ParNew: 599539K->40802K(613440K), 0.0137647 secs] 614353K->55616K(2029056K), 0.0138264 secs] [Times: user=0.13 sys=0.00, real=0.01 secs] 
2020-09-29T18:21:20.218+0200: 32.811: [GC (Allocation Failure) 2020-09-29T18:21:20.218+0200: 32.811: [ParNew: 586146K->44391K(613440K), 0.0185788 secs] 600960K->59205K(2029056K), 0.0186405 secs] [Times: user=0.13 sys=0.00, real=0.02 secs] 
2020-09-29T18:21:20.285+0200: 32.879: [GC (Allocation Failure) 2020-09-29T18:21:20.286+0200: 32.879: [ParNew: 589735K->36973K(613440K), 0.0117241 secs] 604549K->51787K(2029056K), 0.0117911 secs] [Times: user=0.00 sys=0.00, real=0.01 secs] 
2020-09-29T18:21:20.346+0200: 32.939: [GC (Allocation Failure) 2020-09-29T18:21:20.346+0200: 32.939: [ParNew: 582317K->35569K(613440K), 0.0163978 secs] 597131K->50383K(2029056K), 0.0164782 secs] [Times: user=0.13 sys=0.00, real=0.02 secs] 
2020-09-29T18:21:20.415+0200: 33.008: [GC (Allocation Failure) 2020-09-29T18:21:20.415+0200: 33.008: [ParNew: 580913K->51971K(613440K), 0.0212943 secs] 595727K->66786K(2029056K), 0.0213635 secs] [Times: user=0.13 sys=0.00, real=0.02 secs] 
2020-09-29T18:21:20.483+0200: 33.076: [GC (Allocation Failure) 2020-09-29T18:21:20.483+0200: 33.076: [ParNew: 597315K->53190K(613440K), 0.0205655 secs] 612130K->68004K(2029056K), 0.0206306 secs] [Times: user=0.25 sys=0.00, real=0.02 secs] 
2020-09-29T18:21:20.551+0200: 33.144: [GC (Allocation Failure) 2020-09-29T18:21:20.551+0200: 33.144: [ParNew: 598534K->49070K(613440K), 0.0196612 secs] 613348K->63884K(2029056K), 0.0197684 secs] [Times: user=0.13 sys=0.00, real=0.02 secs] 
2020-09-29T18:21:20.621+0200: 33.214: [GC (Allocation Failure) 2020-09-29T18:21:20.621+0200: 33.214: [ParNew: 594414K->46758K(613440K), 0.0210082 secs] 609228K->61572K(2029056K), 0.0210927 secs] [Times: user=0.13 sys=0.00, real=0.02 secs] 
2020-09-29T18:21:20.693+0200: 33.286: [GC (Allocation Failure) 2020-09-29T18:21:20.693+0200: 33.286: [ParNew: 592102K->47048K(613440K), 0.0188746 secs] 606916K->61863K(2029056K), 0.0189308 secs] [Times: user=0.13 sys=0.00, real=0.02 secs] 
2020-09-29T18:21:20.760+0200: 33.353: [GC (Allocation Failure) 2020-09-29T18:21:20.760+0200: 33.353: [ParNew: 592392K->44746K(613440K), 0.0182386 secs] 607207K->59560K(2029056K), 0.0183328 secs] [Times: user=0.13 sys=0.00, real=0.02 secs] 
2020-09-29T18:21:20.829+0200: 33.422: [GC (Allocation Failure) 2020-09-29T18:21:20.829+0200: 33.422: [ParNew: 590090K->37993K(613440K), 0.0173904 secs] 604904K->52807K(2029056K), 0.0174843 secs] [Times: user=0.13 sys=0.00, real=0.02 secs] 
2020-09-29T18:21:20.894+0200: 33.487: [GC (Allocation Failure) 2020-09-29T18:21:20.894+0200: 33.487: [ParNew: 583337K->36941K(613440K), 0.0101633 secs] 598151K->51755K(2029056K), 0.0102175 secs] [Times: user=0.08 sys=0.05, real=0.01 secs] 
2020-09-29T18:21:20.964+0200: 33.557: [GC (Allocation Failure) 2020-09-29T18:21:20.964+0200: 33.557: [ParNew: 582285K->34953K(613440K), 0.0158235 secs] 597099K->49767K(2029056K), 0.0158963 secs] [Times: user=0.13 sys=0.00, real=0.02 secs] 
2020-09-29T18:21:21.029+0200: 33.622: [GC (Allocation Failure) 2020-09-29T18:21:21.029+0200: 33.623: [ParNew: 580297K->48603K(613440K), 0.0203080 secs] 595111K->63417K(2029056K), 0.0203647 secs] [Times: user=0.13 sys=0.00, real=0.02 secs] 
2020-09-29T18:21:21.099+0200: 33.692: [GC (Allocation Failure) 2020-09-29T18:21:21.099+0200: 33.692: [ParNew: 593947K->63671K(613440K), 0.0192819 secs] 608761K->78485K(2029056K), 0.0193453 secs] [Times: user=0.13 sys=0.00, real=0.02 secs] 
2020-09-29T18:21:21.167+0200: 33.760: [GC (Allocation Failure) 2020-09-29T18:21:21.167+0200: 33.760: [ParNew: 609015K->48399K(613440K), 0.0190036 secs] 623829K->63214K(2029056K), 0.0190580 secs] [Times: user=0.13 sys=0.00, real=0.02 secs] 
2020-09-29T18:21:21.233+0200: 33.826: [GC (Allocation Failure) 2020-09-29T18:21:21.233+0200: 33.826: [ParNew: 593743K->41201K(613440K), 0.0205599 secs] 608558K->56015K(2029056K), 0.0206139 secs] [Times: user=0.22 sys=0.00, real=0.02 secs] 
2020-09-29T18:21:21.303+0200: 33.896: [GC (Allocation Failure) 2020-09-29T18:21:21.303+0200: 33.896: [ParNew: 586545K->38091K(613440K), 0.0169481 secs] 601359K->52905K(2029056K), 0.0170062 secs] [Times: user=0.13 sys=0.00, real=0.02 secs] 
2020-09-29T18:21:21.374+0200: 33.967: [GC (Allocation Failure) 2020-09-29T18:21:21.374+0200: 33.967: [ParNew: 583435K->34739K(613440K), 0.0149813 secs] 598249K->49554K(2029056K), 0.0150537 secs] [Times: user=0.13 sys=0.00, real=0.01 secs] 
2020-09-29T18:21:21.437+0200: 34.030: [GC (Allocation Failure) 2020-09-29T18:21:21.437+0200: 34.030: [ParNew: 580083K->32651K(613440K), 0.0127925 secs] 594898K->47465K(2029056K), 0.0128482 secs] [Times: user=0.13 sys=0.00, real=0.01 secs] 
2020-09-29T18:21:21.501+0200: 34.095: [GC (Allocation Failure) 2020-09-29T18:21:21.501+0200: 34.095: [ParNew: 577995K->28437K(613440K), 0.0127535 secs] 592809K->43251K(2029056K), 0.0128194 secs] [Times: user=0.13 sys=0.00, real=0.01 secs] 
2020-09-29T18:21:21.565+0200: 34.159: [GC (Allocation Failure) 2020-09-29T18:21:21.565+0200: 34.159: [ParNew: 573781K->44992K(613440K), 0.0179376 secs] 588595K->59807K(2029056K), 0.0180566 secs] [Times: user=0.25 sys=0.00, real=0.02 secs] 
2020-09-29T18:21:21.635+0200: 34.228: [GC (Allocation Failure) 2020-09-29T18:21:21.635+0200: 34.228: [ParNew: 590336K->35572K(613440K), 0.0172739 secs] 605151K->50386K(2029056K), 0.0173348 secs] [Times: user=0.11 sys=0.00, real=0.02 secs] 
2020-09-29T18:21:21.716+0200: 34.310: [GC (Allocation Failure) 2020-09-29T18:21:21.716+0200: 34.310: [ParNew: 580916K->29067K(613440K), 0.0166545 secs] 595730K->43882K(2029056K), 0.0167115 secs] [Times: user=0.13 sys=0.00, real=0.02 secs] 
2020-09-29T18:21:21.781+0200: 34.374: [GC (Allocation Failure) 2020-09-29T18:21:21.781+0200: 34.374: [ParNew: 574411K->28927K(613440K), 0.0134782 secs] 589226K->43741K(2029056K), 0.0135351 secs] [Times: user=0.13 sys=0.00, real=0.01 secs] 
2020-09-29T18:21:21.842+0200: 34.435: [GC (Allocation Failure) 2020-09-29T18:21:21.842+0200: 34.435: [ParNew: 574271K->46574K(613440K), 0.0169927 secs] 589085K->61388K(2029056K), 0.0170465 secs] [Times: user=0.13 sys=0.00, real=0.02 secs] 
2020-09-29T18:21:21.908+0200: 34.501: [GC (Allocation Failure) 2020-09-29T18:21:21.908+0200: 34.501: [ParNew: 591918K->48779K(613440K), 0.0161612 secs] 606732K->63593K(2029056K), 0.0162156 secs] [Times: user=0.13 sys=0.00, real=0.02 secs] 
2020-09-29T18:21:21.974+0200: 34.568: [GC (Allocation Failure) 2020-09-29T18:21:21.974+0200: 34.568: [ParNew: 594123K->33953K(613440K), 0.0096738 secs] 608937K->48768K(2029056K), 0.0097281 secs] [Times: user=0.00 sys=0.00, real=0.01 secs] 
2020-09-29T18:21:22.038+0200: 34.631: [GC (Allocation Failure) 2020-09-29T18:21:22.038+0200: 34.631: [ParNew: 579297K->63266K(613440K), 0.0254740 secs] 594112K->78080K(2029056K), 0.0255551 secs] [Times: user=0.13 sys=0.00, real=0.02 secs] 
2020-09-29T18:21:22.110+0200: 34.704: [GC (Allocation Failure) 2020-09-29T18:21:22.110+0200: 34.704: [ParNew: 608610K->53674K(613440K), 0.0201266 secs] 623424K->68488K(2029056K), 0.0201959 secs] [Times: user=0.25 sys=0.00, real=0.02 secs] 
2020-09-29T18:21:22.179+0200: 34.772: [GC (Allocation Failure) 2020-09-29T18:21:22.179+0200: 34.772: [ParNew: 599018K->45765K(613440K), 0.0189563 secs] 613832K->60579K(2029056K), 0.0190149 secs] [Times: user=0.13 sys=0.00, real=0.02 secs] 
2020-09-29T18:21:22.244+0200: 34.837: [GC (Allocation Failure) 2020-09-29T18:21:22.244+0200: 34.837: [ParNew: 591109K->68096K(613440K), 0.0232885 secs] 605923K->83253K(2029056K), 0.0233557 secs] [Times: user=0.13 sys=0.00, real=0.02 secs] 
2020-09-29T18:21:22.318+0200: 34.911: [GC (Allocation Failure) 2020-09-29T18:21:22.318+0200: 34.911: [ParNew: 613440K->54898K(613440K), 0.0223356 secs] 628597K->70056K(2029056K), 0.0223946 secs] [Times: user=0.13 sys=0.00, real=0.02 secs] 
2020-09-29T18:21:22.390+0200: 34.983: [GC (Allocation Failure) 2020-09-29T18:21:22.390+0200: 34.983: [ParNew: 600242K->47320K(613440K), 0.0173737 secs] 615400K->62478K(2029056K), 0.0174615 secs] [Times: user=0.13 sys=0.00, real=0.02 secs] 
2020-09-29T18:21:22.457+0200: 35.050: [GC (Allocation Failure) 2020-09-29T18:21:22.457+0200: 35.050: [ParNew: 592664K->42078K(613440K), 0.0158511 secs] 607822K->57236K(2029056K), 0.0159121 secs] [Times: user=0.02 sys=0.03, real=0.02 secs] 
2020-09-29T18:21:22.520+0200: 35.113: [GC (Allocation Failure) 2020-09-29T18:21:22.520+0200: 35.113: [ParNew: 587422K->38624K(613440K), 0.0152738 secs] 602580K->53782K(2029056K), 0.0153441 secs] [Times: user=0.13 sys=0.00, real=0.02 secs] 
2020-09-29T18:21:22.584+0200: 35.177: [GC (Allocation Failure) 2020-09-29T18:21:22.584+0200: 35.177: [ParNew: 583968K->32299K(613440K), 0.0147948 secs] 599126K->47456K(2029056K), 0.0148793 secs] [Times: user=0.13 sys=0.00, real=0.01 secs] 
2020-09-29T18:21:22.650+0200: 35.244: [GC (Allocation Failure) 2020-09-29T18:21:22.651+0200: 35.244: [ParNew: 577643K->51538K(613440K), 0.0186522 secs] 592800K->66695K(2029056K), 0.0187380 secs] [Times: user=0.13 sys=0.00, real=0.02 secs] 
2020-09-29T18:21:22.718+0200: 35.311: [GC (Allocation Failure) 2020-09-29T18:21:22.718+0200: 35.311: [ParNew: 596882K->35647K(613440K), 0.0167870 secs] 612039K->50805K(2029056K), 0.0168434 secs] [Times: user=0.13 sys=0.00, real=0.02 secs] 
2020-09-29T18:21:22.782+0200: 35.375: [GC (Allocation Failure) 2020-09-29T18:21:22.782+0200: 35.375: [ParNew: 580991K->34630K(613440K), 0.0149065 secs] 596149K->49788K(2029056K), 0.0149691 secs] [Times: user=0.13 sys=0.00, real=0.01 secs] 
2020-09-29T18:21:22.847+0200: 35.440: [GC (Allocation Failure) 2020-09-29T18:21:22.847+0200: 35.440: [ParNew: 579974K->54168K(613440K), 0.0199362 secs] 595132K->69325K(2029056K), 0.0199992 secs] [Times: user=0.25 sys=0.00, real=0.02 secs] 
2020-09-29T18:21:22.914+0200: 35.507: [GC (Allocation Failure) 2020-09-29T18:21:22.914+0200: 35.507: [ParNew: 599512K->43159K(613440K), 0.0187734 secs] 614669K->58317K(2029056K), 0.0188391 secs] [Times: user=0.13 sys=0.00, real=0.02 secs] 
2020-09-29T18:21:22.986+0200: 35.579: [GC (Allocation Failure) 2020-09-29T18:21:22.987+0200: 35.579: [ParNew: 588503K->42623K(613440K), 0.0175528 secs] 603661K->57780K(2029056K), 0.0176134 secs] [Times: user=0.13 sys=0.00, real=0.02 secs] 
2020-09-29T18:21:23.051+0200: 35.643: [GC (Allocation Failure) 2020-09-29T18:21:23.051+0200: 35.643: [ParNew: 587967K->42127K(613440K), 0.0163635 secs] 603124K->57285K(2029056K), 0.0164704 secs] [Times: user=0.11 sys=0.02, real=0.02 secs] 
2020-09-29T18:21:23.122+0200: 35.714: [GC (Allocation Failure) 2020-09-29T18:21:23.122+0200: 35.714: [ParNew: 587471K->60344K(613440K), 0.0207007 secs] 602629K->75501K(2029056K), 0.0207618 secs] [Times: user=0.13 sys=0.00, real=0.02 secs] 
2020-09-29T18:21:23.191+0200: 35.783: [GC (Allocation Failure) 2020-09-29T18:21:23.191+0200: 35.783: [ParNew: 605688K->68096K(613440K), 0.0244648 secs] 620845K->84024K(2029056K), 0.0245204 secs] [Times: user=0.25 sys=0.00, real=0.02 secs] 
2020-09-29T18:21:23.263+0200: 35.856: [GC (Allocation Failure) 2020-09-29T18:21:23.263+0200: 35.856: [ParNew: 613440K->56455K(613440K), 0.0191976 secs] 629368K->72383K(2029056K), 0.0192660 secs] [Times: user=0.13 sys=0.00, real=0.02 secs] 
2020-09-29T18:21:23.336+0200: 35.928: [GC (Allocation Failure) 2020-09-29T18:21:23.336+0200: 35.928: [ParNew: 601799K->48670K(613440K), 0.0175601 secs] 617727K->64598K(2029056K), 0.0176281 secs] [Times: user=0.13 sys=0.00, real=0.02 secs] 
2020-09-29T18:21:23.401+0200: 35.993: [GC (Allocation Failure) 2020-09-29T18:21:23.401+0200: 35.993: [ParNew: 594014K->42465K(613440K), 0.0172950 secs] 609942K->58393K(2029056K), 0.0173548 secs] [Times: user=0.13 sys=0.00, real=0.02 secs] 
2020-09-29T18:21:23.469+0200: 36.061: [GC (Allocation Failure) 2020-09-29T18:21:23.469+0200: 36.061: [ParNew: 587809K->32167K(613440K), 0.0108008 secs] 603737K->48095K(2029056K), 0.0108744 secs] [Times: user=0.13 sys=0.00, real=0.01 secs] 
2020-09-29T18:21:23.528+0200: 36.120: [GC (Allocation Failure) 2020-09-29T18:21:23.528+0200: 36.120: [ParNew: 577511K->52005K(613440K), 0.0233966 secs] 593439K->67934K(2029056K), 0.0234866 secs] [Times: user=0.11 sys=0.00, real=0.02 secs] 
2020-09-29T18:21:23.601+0200: 36.194: [GC (Allocation Failure) 2020-09-29T18:21:23.601+0200: 36.194: [ParNew: 597349K->40203K(613440K), 0.0164027 secs] 613278K->56131K(2029056K), 0.0164616 secs] [Times: user=0.11 sys=0.00, real=0.02 secs] 
2020-09-29T18:21:23.668+0200: 36.260: [GC (Allocation Failure) 2020-09-29T18:21:23.668+0200: 36.260: [ParNew: 585547K->32536K(613440K), 0.0140641 secs] 601475K->48465K(2029056K), 0.0141571 secs] [Times: user=0.13 sys=0.00, real=0.01 secs] 
2020-09-29T18:21:23.730+0200: 36.323: [GC (Allocation Failure) 2020-09-29T18:21:23.730+0200: 36.323: [ParNew: 577880K->52533K(613440K), 0.0185966 secs] 593809K->68461K(2029056K), 0.0186491 secs] [Times: user=0.13 sys=0.00, real=0.02 secs] 
2020-09-29T18:21:23.797+0200: 36.390: [GC (Allocation Failure) 2020-09-29T18:21:23.797+0200: 36.390: [ParNew: 597877K->43892K(613440K), 0.0170334 secs] 613805K->59820K(2029056K), 0.0171030 secs] [Times: user=0.13 sys=0.00, real=0.02 secs] 
2020-09-29T18:21:23.862+0200: 36.455: [GC (Allocation Failure) 2020-09-29T18:21:23.862+0200: 36.455: [ParNew: 589236K->43521K(613440K), 0.0157955 secs] 605164K->59449K(2029056K), 0.0158482 secs] [Times: user=0.13 sys=0.00, real=0.02 secs] 
2020-09-29T18:21:23.928+0200: 36.520: [GC (Allocation Failure) 2020-09-29T18:21:23.928+0200: 36.520: [ParNew: 588865K->40576K(613440K), 0.0148686 secs] 604793K->56504K(2029056K), 0.0149608 secs] [Times: user=0.03 sys=0.09, real=0.02 secs] 
2020-09-29T18:21:23.996+0200: 36.588: [GC (Allocation Failure) 2020-09-29T18:21:23.996+0200: 36.588: [ParNew: 585920K->59875K(613440K), 0.0206842 secs] 601848K->75804K(2029056K), 0.0207663 secs] [Times: user=0.13 sys=0.00, real=0.02 secs] 
2020-09-29T18:21:24.066+0200: 36.658: [GC (Allocation Failure) 2020-09-29T18:21:24.066+0200: 36.658: [ParNew: 605219K->43203K(613440K), 0.0151067 secs] 621148K->59131K(2029056K), 0.0151655 secs] [Times: user=0.11 sys=0.00, real=0.02 secs] 
2020-09-29T18:21:24.132+0200: 36.724: [GC (Allocation Failure) 2020-09-29T18:21:24.132+0200: 36.724: [ParNew: 588547K->42564K(613440K), 0.0187241 secs] 604475K->58493K(2029056K), 0.0187844 secs] [Times: user=0.13 sys=0.00, real=0.02 secs] 
2020-09-29T18:21:24.198+0200: 36.790: [GC (Allocation Failure) 2020-09-29T18:21:24.198+0200: 36.790: [ParNew: 587908K->38115K(613440K), 0.0112150 secs] 603837K->54044K(2029056K), 0.0112678 secs] [Times: user=0.13 sys=0.00, real=0.01 secs] 
2020-09-29T18:21:24.256+0200: 36.849: [GC (Allocation Failure) 2020-09-29T18:21:24.256+0200: 36.849: [ParNew: 583459K->29912K(613440K), 0.0123184 secs] 599388K->45841K(2029056K), 0.0123939 secs] [Times: user=0.00 sys=0.00, real=0.01 secs] 
2020-09-29T18:21:24.315+0200: 36.908: [GC (Allocation Failure) 2020-09-29T18:21:24.321+0200: 36.913: [ParNew: 575256K->33491K(613440K), 0.0154961 secs] 591185K->49419K(2029056K), 0.0210980 secs] [Times: user=0.13 sys=0.00, real=0.02 secs] 
2020-09-29T18:21:24.392+0200: 36.984: [GC (Allocation Failure) 2020-09-29T18:21:24.392+0200: 36.984: [ParNew: 578835K->36750K(613440K), 0.0146090 secs] 594763K->52678K(2029056K), 0.0147084 secs] [Times: user=0.13 sys=0.00, real=0.02 secs] 
2020-09-29T18:21:24.455+0200: 37.048: [GC (Allocation Failure) 2020-09-29T18:21:24.456+0200: 37.048: [ParNew: 582094K->52167K(613440K), 0.0178456 secs] 598022K->68095K(2029056K), 0.0179257 secs] [Times: user=0.13 sys=0.00, real=0.02 secs] 
2020-09-29T18:21:24.520+0200: 37.113: [GC (Allocation Failure) 2020-09-29T18:21:24.521+0200: 37.113: [ParNew: 597511K->37642K(613440K), 0.0176067 secs] 613439K->53570K(2029056K), 0.0176991 secs] [Times: user=0.14 sys=0.00, real=0.02 secs] 
2020-09-29T18:21:24.587+0200: 37.179: [GC (Allocation Failure) 2020-09-29T18:21:24.587+0200: 37.179: [ParNew: 582986K->57168K(613440K), 0.0239563 secs] 598914K->73096K(2029056K), 0.0240189 secs] [Times: user=0.11 sys=0.00, real=0.02 secs] 
2020-09-29T18:21:24.662+0200: 37.255: [GC (Allocation Failure) 2020-09-29T18:21:24.662+0200: 37.255: [ParNew: 602512K->45140K(613440K), 0.0167299 secs] 618440K->61069K(2029056K), 0.0167963 secs] [Times: user=0.13 sys=0.00, real=0.02 secs] 
2020-09-29T18:21:24.730+0200: 37.323: [GC (Allocation Failure) 2020-09-29T18:21:24.730+0200: 37.323: [ParNew: 590484K->30625K(613440K), 0.0078339 secs] 606413K->46553K(2029056K), 0.0078888 secs] [Times: user=0.00 sys=0.00, real=0.01 secs] 
2020-09-29T18:21:24.792+0200: 37.384: [GC (Allocation Failure) 2020-09-29T18:21:24.792+0200: 37.384: [ParNew: 575969K->41106K(613440K), 0.0183725 secs] 591897K->57034K(2029056K), 0.0184359 secs] [Times: user=0.13 sys=0.00, real=0.02 secs] 
2020-09-29T18:21:24.857+0200: 37.450: [GC (Allocation Failure) 2020-09-29T18:21:24.857+0200: 37.450: [ParNew: 586450K->57344K(613440K), 0.0230104 secs] 602378K->73272K(2029056K), 0.0230766 secs] [Times: user=0.25 sys=0.00, real=0.02 secs] 
2020-09-29T18:21:24.927+0200: 37.520: [GC (Allocation Failure) 2020-09-29T18:21:24.927+0200: 37.520: [ParNew: 602688K->68096K(613440K), 0.0222724 secs] 618616K->84252K(2029056K), 0.0223315 secs] [Times: user=0.13 sys=0.00, real=0.02 secs] 
2020-09-29T18:21:24.996+0200: 37.589: [GC (Allocation Failure) 2020-09-29T18:21:24.996+0200: 37.589: [ParNew: 613440K->52841K(613440K), 0.0167625 secs] 629596K->68998K(2029056K), 0.0168191 secs] [Times: user=0.13 sys=0.00, real=0.02 secs] 
2020-09-29T18:21:25.067+0200: 37.659: [GC (Allocation Failure) 2020-09-29T18:21:25.067+0200: 37.659: [ParNew: 598185K->42755K(613440K), 0.0186516 secs] 614342K->58912K(2029056K), 0.0187175 secs] [Times: user=0.13 sys=0.00, real=0.02 secs] 
2020-09-29T18:21:25.138+0200: 37.730: [GC (Allocation Failure) 2020-09-29T18:21:25.138+0200: 37.730: [ParNew: 588099K->58078K(613440K), 0.0224841 secs] 604256K->74235K(2029056K), 0.0225504 secs] [Times: user=0.13 sys=0.02, real=0.02 secs] 
2020-09-29T18:21:25.212+0200: 37.805: [GC (Allocation Failure) 2020-09-29T18:21:25.212+0200: 37.805: [ParNew: 603422K->47047K(613440K), 0.0203273 secs] 619579K->63204K(2029056K), 0.0204033 secs] [Times: user=0.13 sys=0.00, real=0.02 secs] 
2020-09-29T18:21:25.280+0200: 37.873: [GC (Allocation Failure) 2020-09-29T18:21:25.280+0200: 37.873: [ParNew: 592391K->68096K(613440K), 0.0242036 secs] 608548K->84921K(2029056K), 0.0242560 secs] [Times: user=0.25 sys=0.00, real=0.02 secs] 
2020-09-29T18:21:25.352+0200: 37.944: [GC (Allocation Failure) 2020-09-29T18:21:25.352+0200: 37.944: [ParNew: 613440K->54165K(613440K), 0.0212083 secs] 630265K->70991K(2029056K), 0.0212923 secs] [Times: user=0.13 sys=0.00, real=0.02 secs] 
2020-09-29T18:21:25.421+0200: 38.013: [GC (Allocation Failure) 2020-09-29T18:21:25.421+0200: 38.013: [ParNew: 599509K->34081K(613440K), 0.0121395 secs] 616335K->50906K(2029056K), 0.0122208 secs] [Times: user=0.13 sys=0.00, real=0.01 secs] 
2020-09-29T18:21:25.487+0200: 38.079: [GC (Allocation Failure) 2020-09-29T18:21:25.487+0200: 38.079: [ParNew: 579425K->39362K(613440K), 0.0156672 secs] 596250K->56187K(2029056K), 0.0157304 secs] [Times: user=0.13 sys=0.00, real=0.02 secs] 
2020-09-29T18:21:25.554+0200: 38.147: [GC (Allocation Failure) 2020-09-29T18:21:25.554+0200: 38.147: [ParNew: 584706K->51319K(613440K), 0.0208053 secs] 601531K->68144K(2029056K), 0.0209024 secs] [Times: user=0.13 sys=0.00, real=0.02 secs] 
2020-09-29T18:21:25.625+0200: 38.217: [GC (Allocation Failure) 2020-09-29T18:21:25.625+0200: 38.217: [ParNew: 596663K->60557K(613440K), 0.0196584 secs] 613488K->77382K(2029056K), 0.0197410 secs] [Times: user=0.13 sys=0.00, real=0.02 secs] 
2020-09-29T18:21:25.694+0200: 38.287: [GC (Allocation Failure) 2020-09-29T18:21:25.694+0200: 38.287: [ParNew: 605901K->40160K(613440K), 0.0149929 secs] 622726K->56986K(2029056K), 0.0150573 secs] [Times: user=0.13 sys=0.00, real=0.02 secs] 
2020-09-29T18:21:25.756+0200: 38.348: [GC (Allocation Failure) 2020-09-29T18:21:25.756+0200: 38.348: [ParNew: 585504K->41950K(613440K), 0.0187790 secs] 602330K->58775K(2029056K), 0.0188636 secs] [Times: user=0.13 sys=0.00, real=0.02 secs] 
2020-09-29T18:21:25.823+0200: 38.416: [GC (Allocation Failure) 2020-09-29T18:21:25.823+0200: 38.416: [ParNew: 587294K->33837K(613440K), 0.0109892 secs] 604119K->50662K(2029056K), 0.0110476 secs] [Times: user=0.13 sys=0.00, real=0.01 secs] 
2020-09-29T18:21:25.883+0200: 38.475: [GC (Allocation Failure) 2020-09-29T18:21:25.883+0200: 38.475: [ParNew: 579181K->45914K(613440K), 0.0213289 secs] 596006K->62739K(2029056K), 0.0213858 secs] [Times: user=0.13 sys=0.00, real=0.02 secs] 
2020-09-29T18:21:25.953+0200: 38.545: [GC (Allocation Failure) 2020-09-29T18:21:25.953+0200: 38.545: [ParNew: 591258K->63317K(613440K), 0.0205819 secs] 608083K->80142K(2029056K), 0.0206376 secs] [Times: user=0.13 sys=0.00, real=0.02 secs] 
2020-09-29T18:21:26.019+0200: 38.612: [GC (Allocation Failure) 2020-09-29T18:21:26.019+0200: 38.612: [ParNew: 608661K->38226K(613440K), 0.0142333 secs] 625486K->55051K(2029056K), 0.0142896 secs] [Times: user=0.13 sys=0.00, real=0.01 secs] 
2020-09-29T18:21:26.080+0200: 38.673: [GC (Allocation Failure) 2020-09-29T18:21:26.080+0200: 38.673: [ParNew: 583570K->54133K(613440K), 0.0187616 secs] 600395K->70958K(2029056K), 0.0188213 secs] [Times: user=0.25 sys=0.00, real=0.02 secs] 
2020-09-29T18:21:26.146+0200: 38.739: [GC (Allocation Failure) 2020-09-29T18:21:26.146+0200: 38.739: [ParNew: 599477K->36706K(613440K), 0.0182797 secs] 616302K->53532K(2029056K), 0.0183449 secs] [Times: user=0.13 sys=0.00, real=0.02 secs] 
2020-09-29T18:21:26.214+0200: 38.806: [GC (Allocation Failure) 2020-09-29T18:21:26.214+0200: 38.806: [ParNew: 582050K->65746K(613440K), 0.0211343 secs] 598876K->82572K(2029056K), 0.0211875 secs] [Times: user=0.13 sys=0.00, real=0.02 secs] 
2020-09-29T18:21:26.283+0200: 38.875: [GC (Allocation Failure) 2020-09-29T18:21:26.283+0200: 38.875: [ParNew: 611090K->48357K(613440K), 0.0164690 secs] 627916K->65183K(2029056K), 0.0165269 secs] [Times: user=0.13 sys=0.00, real=0.02 secs] 
2020-09-29T18:21:26.348+0200: 38.940: [GC (Allocation Failure) 2020-09-29T18:21:26.348+0200: 38.940: [ParNew: 593701K->29795K(613440K), 0.0147747 secs] 610527K->46620K(2029056K), 0.0148453 secs] [Times: user=0.13 sys=0.00, real=0.01 secs] 
2020-09-29T18:21:26.410+0200: 39.003: [GC (Allocation Failure) 2020-09-29T18:21:26.410+0200: 39.003: [ParNew: 575139K->50980K(613440K), 0.0184696 secs] 591964K->67805K(2029056K), 0.0185306 secs] [Times: user=0.17 sys=0.01, real=0.02 secs] 
2020-09-29T18:21:26.479+0200: 39.071: [GC (Allocation Failure) 2020-09-29T18:21:26.479+0200: 39.071: [ParNew: 596324K->35590K(613440K), 0.0109266 secs] 613149K->52415K(2029056K), 0.0109831 secs] [Times: user=0.13 sys=0.00, real=0.01 secs] 
2020-09-29T18:21:26.539+0200: 39.132: [GC (Allocation Failure) 2020-09-29T18:21:26.539+0200: 39.132: [ParNew: 580934K->49535K(613440K), 0.0219973 secs] 597759K->66360K(2029056K), 0.0220554 secs] [Times: user=0.13 sys=0.00, real=0.02 secs] 
2020-09-29T18:21:26.611+0200: 39.204: [GC (Allocation Failure) 2020-09-29T18:21:26.611+0200: 39.204: [ParNew: 594879K->68096K(613440K), 0.0268346 secs] 611704K->85413K(2029056K), 0.0268942 secs] [Times: user=0.25 sys=0.00, real=0.03 secs] 
2020-09-29T18:21:26.686+0200: 39.279: [GC (Allocation Failure) 2020-09-29T18:21:26.686+0200: 39.279: [ParNew: 613440K->61325K(613440K), 0.0217014 secs] 630757K->78642K(2029056K), 0.0217645 secs] [Times: user=0.25 sys=0.00, real=0.02 secs] 
2020-09-29T18:21:26.758+0200: 39.351: [GC (Allocation Failure) 2020-09-29T18:21:26.758+0200: 39.351: [ParNew: 606669K->44968K(613440K), 0.0088563 secs] 623986K->62286K(2029056K), 0.0089099 secs] [Times: user=0.00 sys=0.00, real=0.01 secs] 
2020-09-29T18:21:26.823+0200: 39.415: [GC (Allocation Failure) 2020-09-29T18:21:26.823+0200: 39.415: [ParNew: 590312K->43427K(613440K), 0.0183296 secs] 607630K->60745K(2029056K), 0.0183842 secs] [Times: user=0.13 sys=0.00, real=0.02 secs] 
2020-09-29T18:21:26.891+0200: 39.483: [GC (Allocation Failure) 2020-09-29T18:21:26.891+0200: 39.483: [ParNew: 588771K->56843K(613440K), 0.0187125 secs] 606089K->74160K(2029056K), 0.0187746 secs] [Times: user=0.13 sys=0.00, real=0.02 secs] 
2020-09-29T18:21:26.957+0200: 39.549: [GC (Allocation Failure) 2020-09-29T18:21:26.957+0200: 39.549: [ParNew: 602187K->60743K(613440K), 0.0228193 secs] 619504K->78061K(2029056K), 0.0228758 secs] [Times: user=0.25 sys=0.00, real=0.02 secs] 
2020-09-29T18:21:27.026+0200: 39.619: [GC (Allocation Failure) 2020-09-29T18:21:27.026+0200: 39.619: [ParNew: 606087K->47585K(613440K), 0.0162242 secs] 623405K->64903K(2029056K), 0.0162803 secs] [Times: user=0.13 sys=0.00, real=0.02 secs] 
2020-09-29T18:21:27.090+0200: 39.683: [GC (Allocation Failure) 2020-09-29T18:21:27.090+0200: 39.683: [ParNew: 592929K->41351K(613440K), 0.0167527 secs] 610247K->58669K(2029056K), 0.0168184 secs] [Times: user=0.13 sys=0.00, real=0.02 secs] 
2020-09-29T18:21:27.156+0200: 39.748: [GC (Allocation Failure) 2020-09-29T18:21:27.156+0200: 39.748: [ParNew: 586695K->36172K(613440K), 0.0145373 secs] 604013K->53490K(2029056K), 0.0145897 secs] [Times: user=0.13 sys=0.00, real=0.01 secs] 
2020-09-29T18:21:27.228+0200: 39.821: [GC (Allocation Failure) 2020-09-29T18:21:27.228+0200: 39.821: [ParNew: 581516K->32775K(613440K), 0.0116120 secs] 598834K->50092K(2029056K), 0.0116667 secs] [Times: user=0.13 sys=0.00, real=0.01 secs] 
2020-09-29T18:21:27.294+0200: 39.887: [GC (Allocation Failure) 2020-09-29T18:21:27.294+0200: 39.887: [ParNew: 578119K->55527K(613440K), 0.0238881 secs] 595436K->72844K(2029056K), 0.0239525 secs] [Times: user=0.25 sys=0.00, real=0.02 secs] 
2020-09-29T18:21:27.367+0200: 39.960: [GC (Allocation Failure) 2020-09-29T18:21:27.367+0200: 39.960: [ParNew: 600871K->48050K(613440K), 0.0159750 secs] 618188K->65368K(2029056K), 0.0160425 secs] [Times: user=0.13 sys=0.00, real=0.02 secs] 
2020-09-29T18:21:27.434+0200: 40.026: [GC (Allocation Failure) 2020-09-29T18:21:27.434+0200: 40.026: [ParNew: 593394K->37789K(613440K), 0.0151662 secs] 610712K->55107K(2029056K), 0.0152368 secs] [Times: user=0.13 sys=0.00, real=0.01 secs] 
2020-09-29T18:21:27.498+0200: 40.090: [GC (Allocation Failure) 2020-09-29T18:21:27.498+0200: 40.090: [ParNew: 583133K->56671K(613440K), 0.0191266 secs] 600451K->73989K(2029056K), 0.0191797 secs] [Times: user=0.13 sys=0.00, real=0.02 secs] 
2020-09-29T18:21:27.567+0200: 40.160: [GC (Allocation Failure) 2020-09-29T18:21:27.567+0200: 40.160: [ParNew: 602015K->68096K(613440K), 0.0242463 secs] 619333K->85413K(2029056K), 0.0243181 secs] [Times: user=0.13 sys=0.00, real=0.03 secs] 
2020-09-29T18:21:27.640+0200: 40.233: [GC (Allocation Failure) 2020-09-29T18:21:27.640+0200: 40.233: [ParNew: 613440K->53263K(613440K), 0.0194238 secs] 630757K->70580K(2029056K), 0.0194817 secs] [Times: user=0.11 sys=0.00, real=0.02 secs] 
2020-09-29T18:21:27.708+0200: 40.301: [GC (Allocation Failure) 2020-09-29T18:21:27.708+0200: 40.301: [ParNew: 598607K->68096K(613440K), 0.0243392 secs] 615924K->85723K(2029056K), 0.0243965 secs] [Times: user=0.13 sys=0.00, real=0.03 secs] 
2020-09-29T18:21:27.780+0200: 40.373: [GC (Allocation Failure) 2020-09-29T18:21:27.780+0200: 40.373: [ParNew: 613440K->61830K(613440K), 0.0224521 secs] 631067K->79457K(2029056K), 0.0225134 secs] [Times: user=0.25 sys=0.00, real=0.02 secs] 
2020-09-29T18:21:27.850+0200: 40.443: [GC (Allocation Failure) 2020-09-29T18:21:27.850+0200: 40.443: [ParNew: 607174K->51108K(613440K), 0.0166654 secs] 624801K->68735K(2029056K), 0.0167252 secs] [Times: user=0.13 sys=0.00, real=0.02 secs] 
2020-09-29T18:21:27.914+0200: 40.506: [GC (Allocation Failure) 2020-09-29T18:21:27.914+0200: 40.506: [ParNew: 596452K->28416K(613440K), 0.0092954 secs] 614079K->46043K(2029056K), 0.0093504 secs] [Times: user=0.00 sys=0.00, real=0.01 secs] 
2020-09-29T18:21:27.976+0200: 40.568: [GC (Allocation Failure) 2020-09-29T18:21:27.976+0200: 40.568: [ParNew: 573760K->34291K(613440K), 0.0151992 secs] 591387K->51918K(2029056K), 0.0152821 secs] [Times: user=0.13 sys=0.00, real=0.01 secs] 
2020-09-29T18:21:28.038+0200: 40.630: [GC (Allocation Failure) 2020-09-29T18:21:28.038+0200: 40.630: [ParNew: 579635K->27662K(613440K), 0.0133267 secs] 597262K->45289K(2029056K), 0.0133830 secs] [Times: user=0.00 sys=0.00, real=0.01 secs] 
2020-09-29T18:21:28.104+0200: 40.696: [GC (Allocation Failure) 2020-09-29T18:21:28.104+0200: 40.696: [ParNew: 573006K->50799K(613440K), 0.0183637 secs] 590633K->68426K(2029056K), 0.0184350 secs] [Times: user=0.13 sys=0.00, real=0.02 secs] 
2020-09-29T18:21:28.171+0200: 40.763: [GC (Allocation Failure) 2020-09-29T18:21:28.171+0200: 40.763: [ParNew: 596143K->64339K(613440K), 0.0233960 secs] 613770K->81966K(2029056K), 0.0234636 secs] [Times: user=0.25 sys=0.00, real=0.02 secs] 
2020-09-29T18:21:28.242+0200: 40.834: [GC (Allocation Failure) 2020-09-29T18:21:28.242+0200: 40.834: [ParNew: 609683K->46605K(613440K), 0.0175730 secs] 627310K->64232K(2029056K), 0.0176426 secs] [Times: user=0.13 sys=0.00, real=0.02 secs] 
2020-09-29T18:21:28.311+0200: 40.904: [GC (Allocation Failure) 2020-09-29T18:21:28.311+0200: 40.904: [ParNew: 591949K->36927K(613440K), 0.0096584 secs] 609576K->54554K(2029056K), 0.0097144 secs] [Times: user=0.13 sys=0.00, real=0.01 secs] 
2020-09-29T18:21:28.372+0200: 40.964: [GC (Allocation Failure) 2020-09-29T18:21:28.372+0200: 40.964: [ParNew: 582271K->29931K(613440K), 0.0130130 secs] 599898K->47558K(2029056K), 0.0130701 secs] [Times: user=0.13 sys=0.00, real=0.01 secs] 
2020-09-29T18:21:28.435+0200: 41.028: [GC (Allocation Failure) 2020-09-29T18:21:28.435+0200: 41.028: [ParNew: 575275K->39093K(613440K), 0.0198271 secs] 592902K->56720K(2029056K), 0.0199117 secs] [Times: user=0.13 sys=0.00, real=0.02 secs] 
2020-09-29T18:21:28.503+0200: 41.096: [GC (Allocation Failure) 2020-09-29T18:21:28.503+0200: 41.096: [ParNew: 584437K->39420K(613440K), 0.0173089 secs] 602064K->57047K(2029056K), 0.0173743 secs] [Times: user=0.25 sys=0.00, real=0.02 secs] 
2020-09-29T18:21:28.576+0200: 41.169: [GC (Allocation Failure) 2020-09-29T18:21:28.576+0200: 41.169: [ParNew: 584764K->34118K(613440K), 0.0135602 secs] 602391K->51745K(2029056K), 0.0136374 secs] [Times: user=0.11 sys=0.00, real=0.01 secs] 
2020-09-29T18:21:28.641+0200: 41.234: [GC (Allocation Failure) 2020-09-29T18:21:28.641+0200: 41.234: [ParNew: 579462K->37526K(613440K), 0.0159800 secs] 597089K->55153K(2029056K), 0.0160553 secs] [Times: user=0.13 sys=0.00, real=0.02 secs] 
2020-09-29T18:21:28.711+0200: 41.304: [GC (Allocation Failure) 2020-09-29T18:21:28.711+0200: 41.304: [ParNew: 582870K->50689K(613440K), 0.0224598 secs] 600497K->68316K(2029056K), 0.0225480 secs] [Times: user=0.13 sys=0.00, real=0.02 secs] 
2020-09-29T18:21:28.786+0200: 41.379: [GC (Allocation Failure) 2020-09-29T18:21:28.786+0200: 41.379: [ParNew: 596033K->66454K(613440K), 0.0220796 secs] 613660K->84081K(2029056K), 0.0221516 secs] [Times: user=0.13 sys=0.00, real=0.02 secs] 
2020-09-29T18:21:28.857+0200: 41.450: [GC (Allocation Failure) 2020-09-29T18:21:28.857+0200: 41.450: [ParNew: 611798K->32790K(613440K), 0.0134238 secs] 629425K->50417K(2029056K), 0.0134973 secs] [Times: user=0.13 sys=0.00, real=0.01 secs] 
2020-09-29T18:21:28.925+0200: 41.517: [GC (Allocation Failure) 2020-09-29T18:21:28.925+0200: 41.517: [ParNew: 578134K->30616K(613440K), 0.0120156 secs] 595761K->48243K(2029056K), 0.0120840 secs] [Times: user=0.11 sys=0.01, real=0.01 secs] 
2020-09-29T18:21:28.983+0200: 41.576: [GC (Allocation Failure) 2020-09-29T18:21:28.983+0200: 41.576: [ParNew: 575960K->39183K(613440K), 0.0178140 secs] 593587K->56810K(2029056K), 0.0178748 secs] [Times: user=0.13 sys=0.00, real=0.02 secs] 
2020-09-29T18:21:29.050+0200: 41.642: [GC (Allocation Failure) 2020-09-29T18:21:29.050+0200: 41.642: [ParNew: 584527K->60521K(613440K), 0.0215117 secs] 602154K->78148K(2029056K), 0.0215697 secs] [Times: user=0.25 sys=0.00, real=0.02 secs] 
2020-09-29T18:21:29.119+0200: 41.711: [GC (Allocation Failure) 2020-09-29T18:21:29.119+0200: 41.711: [ParNew: 605865K->44943K(613440K), 0.0157508 secs] 623492K->62570K(2029056K), 0.0158058 secs] [Times: user=0.13 sys=0.00, real=0.02 secs] 
2020-09-29T18:21:29.185+0200: 41.778: [GC (Allocation Failure) 2020-09-29T18:21:29.185+0200: 41.778: [ParNew: 590287K->61230K(613440K), 0.0207245 secs] 607914K->78857K(2029056K), 0.0208006 secs] [Times: user=0.13 sys=0.00, real=0.02 secs] 
2020-09-29T18:21:29.254+0200: 41.847: [GC (Allocation Failure) 2020-09-29T18:21:29.254+0200: 41.847: [ParNew: 606574K->47317K(613440K), 0.0193824 secs] 624201K->64944K(2029056K), 0.0194485 secs] [Times: user=0.25 sys=0.00, real=0.02 secs] 
2020-09-29T18:21:29.324+0200: 41.917: [GC (Allocation Failure) 2020-09-29T18:21:29.324+0200: 41.917: [ParNew: 592661K->35077K(613440K), 0.0139224 secs] 610288K->52704K(2029056K), 0.0139798 secs] [Times: user=0.13 sys=0.00, real=0.01 secs] 
2020-09-29T18:21:29.387+0200: 41.980: [GC (Allocation Failure) 2020-09-29T18:21:29.387+0200: 41.980: [ParNew: 580421K->44336K(613440K), 0.0168001 secs] 598048K->61963K(2029056K), 0.0168588 secs] [Times: user=0.13 sys=0.00, real=0.02 secs] 
2020-09-29T18:21:29.454+0200: 42.047: [GC (Allocation Failure) 2020-09-29T18:21:29.454+0200: 42.047: [ParNew: 589680K->40453K(613440K), 0.0161048 secs] 607307K->58080K(2029056K), 0.0161650 secs] [Times: user=0.13 sys=0.00, real=0.02 secs] 
2020-09-29T18:21:29.527+0200: 42.119: [GC (Allocation Failure) 2020-09-29T18:21:29.527+0200: 42.119: [ParNew: 585797K->41190K(613440K), 0.0166720 secs] 603424K->58817K(2029056K), 0.0167286 secs] [Times: user=0.13 sys=0.00, real=0.02 secs] 
2020-09-29T18:21:29.591+0200: 42.184: [GC (Allocation Failure) 2020-09-29T18:21:29.591+0200: 42.184: [ParNew: 586534K->60328K(613440K), 0.0215246 secs] 604161K->77955K(2029056K), 0.0215931 secs] [Times: user=0.13 sys=0.00, real=0.02 secs] 
2020-09-29T18:21:29.665+0200: 42.258: [GC (Allocation Failure) 2020-09-29T18:21:29.665+0200: 42.258: [ParNew: 605672K->50923K(613440K), 0.0205277 secs] 623299K->68550K(2029056K), 0.0205819 secs] [Times: user=0.13 sys=0.00, real=0.02 secs] 
2020-09-29T18:21:29.734+0200: 42.327: [GC (Allocation Failure) 2020-09-29T18:21:29.734+0200: 42.327: [ParNew: 596267K->41008K(613440K), 0.0143549 secs] 613894K->58635K(2029056K), 0.0144283 secs] [Times: user=0.13 sys=0.00, real=0.02 secs] 
2020-09-29T18:21:29.801+0200: 42.394: [GC (Allocation Failure) 2020-09-29T18:21:29.801+0200: 42.394: [ParNew: 586352K->59821K(613440K), 0.0195935 secs] 603979K->77448K(2029056K), 0.0196555 secs] [Times: user=0.13 sys=0.00, real=0.02 secs] 
2020-09-29T18:21:29.870+0200: 42.462: [GC (Allocation Failure) 2020-09-29T18:21:29.870+0200: 42.462: [ParNew: 605165K->45958K(613440K), 0.0177884 secs] 622792K->63585K(2029056K), 0.0178794 secs] [Times: user=0.13 sys=0.00, real=0.02 secs] 
2020-09-29T18:21:29.936+0200: 42.529: [GC (Allocation Failure) 2020-09-29T18:21:29.936+0200: 42.529: [ParNew: 591302K->34045K(613440K), 0.0113427 secs] 608929K->51672K(2029056K), 0.0114071 secs] [Times: user=0.13 sys=0.00, real=0.01 secs] 
2020-09-29T18:21:30.006+0200: 42.598: [GC (Allocation Failure) 2020-09-29T18:21:30.006+0200: 42.598: [ParNew: 579389K->41239K(613440K), 0.0160230 secs] 597016K->58866K(2029056K), 0.0160786 secs] [Times: user=0.13 sys=0.00, real=0.02 secs] 
2020-09-29T18:21:30.068+0200: 42.661: [GC (Allocation Failure) 2020-09-29T18:21:30.068+0200: 42.661: [ParNew: 586583K->48925K(613440K), 0.0213258 secs] 604210K->66552K(2029056K), 0.0214031 secs] [Times: user=0.11 sys=0.00, real=0.02 secs] 
2020-09-29T18:21:30.137+0200: 42.729: [GC (Allocation Failure) 2020-09-29T18:21:30.137+0200: 42.729: [ParNew: 594269K->47235K(613440K), 0.0200144 secs] 611896K->64862K(2029056K), 0.0200783 secs] [Times: user=0.13 sys=0.00, real=0.02 secs] 
2020-09-29T18:21:30.204+0200: 42.796: [GC (Allocation Failure) 2020-09-29T18:21:30.204+0200: 42.796: [ParNew: 592579K->41004K(613440K), 0.0129328 secs] 610206K->58631K(2029056K), 0.0129913 secs] [Times: user=0.13 sys=0.00, real=0.01 secs] 
2020-09-29T18:21:30.268+0200: 42.861: [GC (Allocation Failure) 2020-09-29T18:21:30.268+0200: 42.861: [ParNew: 586348K->21674K(613440K), 0.0125494 secs] 603975K->39301K(2029056K), 0.0126136 secs] [Times: user=0.13 sys=0.00, real=0.01 secs] 
2020-09-29T18:21:30.331+0200: 42.924: [GC (Allocation Failure) 2020-09-29T18:21:30.332+0200: 42.924: [ParNew: 567018K->43862K(613440K), 0.0169142 secs] 584645K->61489K(2029056K), 0.0169908 secs] [Times: user=0.13 sys=0.00, real=0.02 secs] 
2020-09-29T18:21:30.396+0200: 42.989: [GC (Allocation Failure) 2020-09-29T18:21:30.396+0200: 42.989: [ParNew: 589206K->35536K(613440K), 0.0152383 secs] 606833K->53163K(2029056K), 0.0153163 secs] [Times: user=0.13 sys=0.00, real=0.02 secs] 
2020-09-29T18:21:30.462+0200: 43.055: [GC (Allocation Failure) 2020-09-29T18:21:30.462+0200: 43.055: [ParNew: 580880K->57662K(613440K), 0.0201821 secs] 598507K->75289K(2029056K), 0.0202412 secs] [Times: user=0.13 sys=0.00, real=0.02 secs] 
2020-09-29T18:21:30.531+0200: 43.123: [GC (Allocation Failure) 2020-09-29T18:21:30.531+0200: 43.123: [ParNew: 603006K->40996K(613440K), 0.0207312 secs] 620633K->58623K(2029056K), 0.0208048 secs] [Times: user=0.16 sys=0.00, real=0.02 secs] 
2020-09-29T18:21:30.600+0200: 43.193: [GC (Allocation Failure) 2020-09-29T18:21:30.600+0200: 43.193: [ParNew: 586340K->40724K(613440K), 0.0139959 secs] 603967K->58351K(2029056K), 0.0140763 secs] [Times: user=0.13 sys=0.00, real=0.01 secs] 
2020-09-29T18:21:30.666+0200: 43.259: [GC (Allocation Failure) 2020-09-29T18:21:30.666+0200: 43.259: [ParNew: 586068K->40493K(613440K), 0.0169560 secs] 603695K->58120K(2029056K), 0.0170247 secs] [Times: user=0.13 sys=0.00, real=0.02 secs] 
2020-09-29T18:21:30.731+0200: 43.324: [GC (Allocation Failure) 2020-09-29T18:21:30.731+0200: 43.324: [ParNew: 585837K->46708K(613440K), 0.0165454 secs] 603464K->64335K(2029056K), 0.0166103 secs] [Times: user=0.13 sys=0.00, real=0.02 secs] 
2020-09-29T18:21:30.795+0200: 43.388: [GC (Allocation Failure) 2020-09-29T18:21:30.795+0200: 43.388: [ParNew: 592052K->34162K(613440K), 0.0145482 secs] 609679K->51789K(2029056K), 0.0146285 secs] [Times: user=0.13 sys=0.00, real=0.01 secs] 
2020-09-29T18:21:30.857+0200: 43.449: [GC (Allocation Failure) 2020-09-29T18:21:30.857+0200: 43.449: [ParNew: 579506K->30977K(613440K), 0.0124345 secs] 597133K->48604K(2029056K), 0.0124909 secs] [Times: user=0.13 sys=0.00, real=0.01 secs] 
2020-09-29T18:21:30.916+0200: 43.509: [GC (Allocation Failure) 2020-09-29T18:21:30.916+0200: 43.509: [ParNew: 576321K->58370K(613440K), 0.0221017 secs] 593948K->75997K(2029056K), 0.0221559 secs] [Times: user=0.13 sys=0.00, real=0.02 secs] 
2020-09-29T18:21:30.986+0200: 43.579: [GC (Allocation Failure) 2020-09-29T18:21:30.986+0200: 43.579: [ParNew: 603714K->47278K(613440K), 0.0162430 secs] 621341K->64905K(2029056K), 0.0162984 secs] [Times: user=0.13 sys=0.00, real=0.02 secs] 
2020-09-29T18:21:31.059+0200: 43.651: [GC (Allocation Failure) 2020-09-29T18:21:31.059+0200: 43.651: [ParNew: 592622K->61118K(613440K), 0.0218273 secs] 610249K->78745K(2029056K), 0.0219011 secs] [Times: user=0.13 sys=0.00, real=0.02 secs] 
2020-09-29T18:21:31.127+0200: 43.720: [GC (Allocation Failure) 2020-09-29T18:21:31.127+0200: 43.720: [ParNew: 606462K->68096K(613440K), 0.0267537 secs] 624089K->87563K(2029056K), 0.0268090 secs] [Times: user=0.25 sys=0.00, real=0.03 secs] 
2020-09-29T18:21:31.203+0200: 43.795: [GC (Allocation Failure) 2020-09-29T18:21:31.203+0200: 43.795: [ParNew: 613440K->50632K(613440K), 0.0146107 secs] 632907K->70099K(2029056K), 0.0146888 secs] [Times: user=0.13 sys=0.00, real=0.01 secs] 
2020-09-29T18:21:31.266+0200: 43.858: [GC (Allocation Failure) 2020-09-29T18:21:31.266+0200: 43.858: [ParNew: 595976K->49989K(613440K), 0.0194518 secs] 615443K->69456K(2029056K), 0.0195269 secs] [Times: user=0.13 sys=0.00, real=0.02 secs] 
2020-09-29T18:21:31.334+0200: 43.927: [GC (Allocation Failure) 2020-09-29T18:21:31.334+0200: 43.927: [ParNew: 594717K->32796K(613440K), 0.0073877 secs] 614184K->52263K(2029056K), 0.0074439 secs] [Times: user=0.00 sys=0.00, real=0.01 secs] 
2020-09-29T18:21:31.392+0200: 43.984: [GC (Allocation Failure) 2020-09-29T18:21:31.392+0200: 43.984: [ParNew: 578140K->38158K(613440K), 0.0164416 secs] 597607K->57625K(2029056K), 0.0165040 secs] [Times: user=0.13 sys=0.00, real=0.02 secs] 
2020-09-29T18:21:31.456+0200: 44.049: [GC (Allocation Failure) 2020-09-29T18:21:31.456+0200: 44.049: [ParNew: 583502K->47237K(613440K), 0.0157323 secs] 602969K->66704K(2029056K), 0.0157895 secs] [Times: user=0.13 sys=0.00, real=0.02 secs] 
2020-09-29T18:21:31.528+0200: 44.120: [GC (Allocation Failure) 2020-09-29T18:21:31.528+0200: 44.120: [ParNew: 592581K->51035K(613440K), 0.0203703 secs] 612048K->70503K(2029056K), 0.0204341 secs] [Times: user=0.13 sys=0.00, real=0.02 secs] 
2020-09-29T18:21:31.600+0200: 44.192: [GC (Allocation Failure) 2020-09-29T18:21:31.600+0200: 44.192: [ParNew: 596379K->58093K(613440K), 0.0241443 secs] 615847K->77561K(2029056K), 0.0242332 secs] [Times: user=0.11 sys=0.00, real=0.02 secs] 
2020-09-29T18:21:31.671+0200: 44.263: [GC (Allocation Failure) 2020-09-29T18:21:31.671+0200: 44.264: [ParNew: 603437K->44861K(613440K), 0.0195841 secs] 622905K->64328K(2029056K), 0.0196420 secs] [Times: user=0.13 sys=0.00, real=0.02 secs] 
2020-09-29T18:21:31.738+0200: 44.331: [GC (Allocation Failure) 2020-09-29T18:21:31.738+0200: 44.331: [ParNew: 590205K->47280K(613440K), 0.0186109 secs] 609672K->66747K(2029056K), 0.0186718 secs] [Times: user=0.22 sys=0.00, real=0.02 secs] 
2020-09-29T18:21:31.807+0200: 44.400: [GC (Allocation Failure) 2020-09-29T18:21:31.807+0200: 44.400: [ParNew: 592624K->35459K(613440K), 0.0130901 secs] 612091K->54926K(2029056K), 0.0131447 secs] [Times: user=0.13 sys=0.00, real=0.01 secs] 
2020-09-29T18:21:31.876+0200: 44.469: [GC (Allocation Failure) 2020-09-29T18:21:31.876+0200: 44.469: [ParNew: 580803K->36877K(613440K), 0.0227286 secs] 600270K->56344K(2029056K), 0.0227931 secs] [Times: user=0.25 sys=0.00, real=0.02 secs] 
2020-09-29T18:21:31.953+0200: 44.546: [GC (Allocation Failure) 2020-09-29T18:21:31.953+0200: 44.546: [ParNew: 582221K->36568K(613440K), 0.0211605 secs] 601688K->56035K(2029056K), 0.0212277 secs] [Times: user=0.25 sys=0.00, real=0.02 secs] 
2020-09-29T18:21:32.023+0200: 44.615: [GC (Allocation Failure) 2020-09-29T18:21:32.023+0200: 44.615: [ParNew: 581912K->58749K(613440K), 0.0272298 secs] 601379K->78216K(2029056K), 0.0273009 secs] [Times: user=0.13 sys=0.00, real=0.03 secs] 
2020-09-29T18:21:32.098+0200: 44.691: [GC (Allocation Failure) 2020-09-29T18:21:32.098+0200: 44.691: [ParNew: 604093K->43331K(613440K), 0.0198950 secs] 623560K->62798K(2029056K), 0.0199614 secs] [Times: user=0.25 sys=0.00, real=0.02 secs] 
2020-09-29T18:21:32.169+0200: 44.762: [GC (Allocation Failure) 2020-09-29T18:21:32.169+0200: 44.762: [ParNew: 588675K->63374K(613440K), 0.0319149 secs] 608142K->82841K(2029056K), 0.0319823 secs] [Times: user=0.25 sys=0.00, real=0.03 secs] 
2020-09-29T18:21:32.249+0200: 44.841: [GC (Allocation Failure) 2020-09-29T18:21:32.249+0200: 44.842: [ParNew: 608718K->50793K(613440K), 0.0249311 secs] 628185K->70260K(2029056K), 0.0249949 secs] [Times: user=0.25 sys=0.00, real=0.02 secs] 
2020-09-29T18:21:32.321+0200: 44.914: [GC (Allocation Failure) 2020-09-29T18:21:32.321+0200: 44.914: [ParNew: 596137K->48362K(613440K), 0.0224776 secs] 615604K->67829K(2029056K), 0.0225527 secs] [Times: user=0.13 sys=0.00, real=0.02 secs] 
2020-09-29T18:21:32.396+0200: 44.988: [GC (Allocation Failure) 2020-09-29T18:21:32.396+0200: 44.988: [ParNew: 593706K->41938K(613440K), 0.0228261 secs] 613173K->61405K(2029056K), 0.0228986 secs] [Times: user=0.13 sys=0.00, real=0.02 secs] 
2020-09-29T18:21:32.468+0200: 45.061: [GC (Allocation Failure) 2020-09-29T18:21:32.469+0200: 45.061: [ParNew: 587282K->38751K(613440K), 0.0208475 secs] 606749K->58218K(2029056K), 0.0209297 secs] [Times: user=0.25 sys=0.00, real=0.02 secs] 
2020-09-29T18:21:32.540+0200: 45.132: [GC (Allocation Failure) 2020-09-29T18:21:32.540+0200: 45.132: [ParNew: 584095K->30128K(613440K), 0.0119356 secs] 603562K->49595K(2029056K), 0.0120190 secs] [Times: user=0.02 sys=0.00, real=0.01 secs] 
2020-09-29T18:21:32.618+0200: 45.211: [GC (Allocation Failure) 2020-09-29T18:21:32.618+0200: 45.211: [ParNew: 575472K->13613K(613440K), 0.0087319 secs] 594939K->33080K(2029056K), 0.0087987 secs] [Times: user=0.00 sys=0.00, real=0.01 secs] 
2020-09-29T18:21:32.681+0200: 45.273: [GC (Allocation Failure) 2020-09-29T18:21:32.681+0200: 45.273: [ParNew: 558957K->36323K(613440K), 0.0221951 secs] 578424K->55790K(2029056K), 0.0222583 secs] [Times: user=0.13 sys=0.00, real=0.02 secs] 
2020-09-29T18:21:32.762+0200: 45.354: [GC (Allocation Failure) 2020-09-29T18:21:32.762+0200: 45.354: [ParNew: 581667K->45047K(613440K), 0.0208074 secs] 601134K->64514K(2029056K), 0.0209029 secs] [Times: user=0.13 sys=0.00, real=0.02 secs] 
2020-09-29T18:21:32.833+0200: 45.425: [GC (Allocation Failure) 2020-09-29T18:21:32.833+0200: 45.425: [ParNew: 590391K->58062K(613440K), 0.0266149 secs] 609858K->77530K(2029056K), 0.0267082 secs] [Times: user=0.13 sys=0.00, real=0.03 secs] 
2020-09-29T18:21:32.913+0200: 45.505: [GC (Allocation Failure) 2020-09-29T18:21:32.913+0200: 45.506: [ParNew: 603406K->44827K(613440K), 0.0196585 secs] 622874K->64294K(2029056K), 0.0197280 secs] [Times: user=0.13 sys=0.00, real=0.02 secs] 
2020-09-29T18:21:32.980+0200: 45.573: [GC (Allocation Failure) 2020-09-29T18:21:32.980+0200: 45.573: [ParNew: 590171K->33922K(613440K), 0.0180185 secs] 609638K->53389K(2029056K), 0.0181024 secs] [Times: user=0.13 sys=0.00, real=0.02 secs] 
2020-09-29T18:21:33.050+0200: 45.643: [GC (Allocation Failure) 2020-09-29T18:21:33.050+0200: 45.643: [ParNew: 579266K->48036K(613440K), 0.0243969 secs] 598733K->67503K(2029056K), 0.0244617 secs] [Times: user=0.25 sys=0.00, real=0.02 secs] 
2020-09-29T18:21:33.122+0200: 45.715: [GC (Allocation Failure) 2020-09-29T18:21:33.122+0200: 45.715: [ParNew: 593380K->36191K(613440K), 0.0227882 secs] 612847K->55658K(2029056K), 0.0228708 secs] [Times: user=0.25 sys=0.00, real=0.02 secs] 
2020-09-29T18:21:33.196+0200: 45.788: [GC (Allocation Failure) 2020-09-29T18:21:33.196+0200: 45.789: [ParNew: 581535K->63238K(613440K), 0.0275884 secs] 601002K->82705K(2029056K), 0.0276694 secs] [Times: user=0.13 sys=0.00, real=0.03 secs] 
2020-09-29T18:21:33.279+0200: 45.872: [GC (Allocation Failure) 2020-09-29T18:21:33.279+0200: 45.872: [ParNew: 608582K->43879K(613440K), 0.0208790 secs] 628049K->63346K(2029056K), 0.0209439 secs] [Times: user=0.13 sys=0.00, real=0.02 secs] 
2020-09-29T18:21:33.347+0200: 45.940: [GC (Allocation Failure) 2020-09-29T18:21:33.348+0200: 45.940: [ParNew: 589223K->38367K(613440K), 0.0184791 secs] 608690K->57834K(2029056K), 0.0185536 secs] [Times: user=0.25 sys=0.00, real=0.02 secs] 
2020-09-29T18:21:33.419+0200: 46.012: [GC (Allocation Failure) 2020-09-29T18:21:33.419+0200: 46.012: [ParNew: 583711K->55400K(613440K), 0.0236746 secs] 603178K->74867K(2029056K), 0.0237408 secs] [Times: user=0.25 sys=0.00, real=0.02 secs] 
2020-09-29T18:21:33.497+0200: 46.090: [GC (Allocation Failure) 2020-09-29T18:21:33.497+0200: 46.090: [ParNew: 600744K->40456K(613440K), 0.0223772 secs] 620211K->59923K(2029056K), 0.0224529 secs] [Times: user=0.25 sys=0.00, real=0.02 secs] 
2020-09-29T18:21:33.569+0200: 46.161: [GC (Allocation Failure) 2020-09-29T18:21:33.569+0200: 46.161: [ParNew: 585800K->33589K(613440K), 0.0148958 secs] 605267K->53057K(2029056K), 0.0149690 secs] [Times: user=0.13 sys=0.00, real=0.02 secs] 
2020-09-29T18:21:33.643+0200: 46.235: [GC (Allocation Failure) 2020-09-29T18:21:33.643+0200: 46.235: [ParNew: 578933K->50883K(613440K), 0.0275128 secs] 598401K->70350K(2029056K), 0.0275944 secs] [Times: user=0.22 sys=0.00, real=0.03 secs] 
2020-09-29T18:21:33.726+0200: 46.318: [GC (Allocation Failure) 2020-09-29T18:21:33.726+0200: 46.318: [ParNew: 596227K->30920K(613440K), 0.0104711 secs] 615694K->50387K(2029056K), 0.0105561 secs] [Times: user=0.00 sys=0.00, real=0.01 secs] 
2020-09-29T18:21:33.798+0200: 46.391: [GC (Allocation Failure) 2020-09-29T18:21:33.798+0200: 46.391: [ParNew: 576264K->43572K(613440K), 0.0240415 secs] 595731K->63039K(2029056K), 0.0241237 secs] [Times: user=0.23 sys=0.00, real=0.02 secs] 
2020-09-29T18:21:33.877+0200: 46.470: [GC (Allocation Failure) 2020-09-29T18:21:33.877+0200: 46.470: [ParNew: 588916K->51468K(613440K), 0.0221327 secs] 608383K->70935K(2029056K), 0.0222177 secs] [Times: user=0.24 sys=0.00, real=0.02 secs] 
2020-09-29T18:21:33.949+0200: 46.542: [GC (Allocation Failure) 2020-09-29T18:21:33.949+0200: 46.542: [ParNew: 596812K->64845K(613440K), 0.0282229 secs] 616279K->84312K(2029056K), 0.0282896 secs] [Times: user=0.25 sys=0.00, real=0.03 secs] 
2020-09-29T18:21:34.024+0200: 46.616: [GC (Allocation Failure) 2020-09-29T18:21:34.024+0200: 46.616: [ParNew: 610189K->39128K(613440K), 0.0124249 secs] 629656K->58595K(2029056K), 0.0124928 secs] [Times: user=0.13 sys=0.00, real=0.01 secs] 
2020-09-29T18:21:34.088+0200: 46.680: [GC (Allocation Failure) 2020-09-29T18:21:34.088+0200: 46.680: [ParNew: 584472K->47270K(613440K), 0.0246762 secs] 603939K->66737K(2029056K), 0.0247402 secs] [Times: user=0.13 sys=0.00, real=0.02 secs] 
2020-09-29T18:21:34.164+0200: 46.757: [GC (Allocation Failure) 2020-09-29T18:21:34.164+0200: 46.757: [ParNew: 592614K->60300K(613440K), 0.0247145 secs] 612081K->79767K(2029056K), 0.0247780 secs] [Times: user=0.13 sys=0.00, real=0.02 secs] 
2020-09-29T18:21:34.241+0200: 46.833: [GC (Allocation Failure) 2020-09-29T18:21:34.241+0200: 46.833: [ParNew: 605644K->24135K(613440K), 0.0154487 secs] 625111K->43602K(2029056K), 0.0155212 secs] [Times: user=0.13 sys=0.00, real=0.02 secs] 
2020-09-29T18:21:34.305+0200: 46.898: [GC (Allocation Failure) 2020-09-29T18:21:34.305+0200: 46.898: [ParNew: 569479K->53631K(613440K), 0.0280220 secs] 588946K->73099K(2029056K), 0.0280919 secs] [Times: user=0.25 sys=0.00, real=0.03 secs] 
2020-09-29T18:21:34.382+0200: 46.974: [GC (Allocation Failure) 2020-09-29T18:21:34.382+0200: 46.974: [ParNew: 598975K->68096K(613440K), 0.0257378 secs] 618443K->87563K(2029056K), 0.0258030 secs] [Times: user=0.13 sys=0.00, real=0.03 secs] 
2020-09-29T18:21:34.458+0200: 47.051: [GC (Allocation Failure) 2020-09-29T18:21:34.458+0200: 47.051: [ParNew: 613440K->29239K(613440K), 0.0169485 secs] 632907K->48706K(2029056K), 0.0170187 secs] [Times: user=0.13 sys=0.00, real=0.02 secs] 
2020-09-29T18:21:34.530+0200: 47.123: [GC (Allocation Failure) 2020-09-29T18:21:34.530+0200: 47.123: [ParNew: 574583K->29910K(613440K), 0.0155369 secs] 594050K->49378K(2029056K), 0.0156021 secs] [Times: user=0.13 sys=0.00, real=0.02 secs] 
2020-09-29T18:21:34.617+0200: 47.210: [GC (Allocation Failure) 2020-09-29T18:21:34.617+0200: 47.210: [ParNew: 575254K->60100K(613440K), 0.0296455 secs] 594722K->79567K(2029056K), 0.0297186 secs] [Times: user=0.25 sys=0.00, real=0.03 secs] 
2020-09-29T18:21:34.695+0200: 47.288: [GC (Allocation Failure) 2020-09-29T18:21:34.695+0200: 47.288: [ParNew: 605444K->41066K(613440K), 0.0145179 secs] 624911K->60533K(2029056K), 0.0145779 secs] [Times: user=0.13 sys=0.00, real=0.02 secs] 
2020-09-29T18:21:34.763+0200: 47.355: [GC (Allocation Failure) 2020-09-29T18:21:34.763+0200: 47.355: [ParNew: 586410K->34177K(613440K), 0.0201403 secs] 605877K->53644K(2029056K), 0.0202247 secs] [Times: user=0.13 sys=0.00, real=0.02 secs] 
2020-09-29T18:21:34.834+0200: 47.426: [GC (Allocation Failure) 2020-09-29T18:21:34.834+0200: 47.427: [ParNew: 579521K->44728K(613440K), 0.0197804 secs] 598988K->64195K(2029056K), 0.0198518 secs] [Times: user=0.13 sys=0.00, real=0.02 secs] 
2020-09-29T18:21:34.906+0200: 47.498: [GC (Allocation Failure) 2020-09-29T18:21:34.906+0200: 47.498: [ParNew: 590072K->31755K(613440K), 0.0194900 secs] 609539K->51222K(2029056K), 0.0195698 secs] [Times: user=0.13 sys=0.00, real=0.02 secs] 
2020-09-29T18:21:34.972+0200: 47.565: [GC (Allocation Failure) 2020-09-29T18:21:34.972+0200: 47.565: [ParNew: 577099K->30745K(613440K), 0.0188485 secs] 596566K->50212K(2029056K), 0.0189250 secs] [Times: user=0.25 sys=0.00, real=0.02 secs] 
2020-09-29T18:21:35.040+0200: 47.632: [GC (Allocation Failure) 2020-09-29T18:21:35.040+0200: 47.632: [ParNew: 576089K->29751K(613440K), 0.0157775 secs] 595556K->49219K(2029056K), 0.0158406 secs] [Times: user=0.13 sys=0.00, real=0.02 secs] 
2020-09-29T18:21:35.111+0200: 47.704: [GC (Allocation Failure) 2020-09-29T18:21:35.112+0200: 47.704: [ParNew: 575095K->44869K(613440K), 0.0240041 secs] 594563K->64336K(2029056K), 0.0240779 secs] [Times: user=0.25 sys=0.00, real=0.02 secs] 
2020-09-29T18:21:35.183+0200: 47.776: [GC (Allocation Failure) 2020-09-29T18:21:35.183+0200: 47.776: [ParNew: 590213K->61765K(613440K), 0.0275169 secs] 609680K->81232K(2029056K), 0.0275857 secs] [Times: user=0.25 sys=0.00, real=0.03 secs] 
2020-09-29T18:21:35.262+0200: 47.855: [GC (Allocation Failure) 2020-09-29T18:21:35.262+0200: 47.855: [ParNew: 607109K->47490K(613440K), 0.0190655 secs] 626576K->66957K(2029056K), 0.0191296 secs] [Times: user=0.13 sys=0.00, real=0.02 secs] 
2020-09-29T18:21:35.335+0200: 47.928: [GC (Allocation Failure) 2020-09-29T18:21:35.335+0200: 47.928: [ParNew: 592834K->41944K(613440K), 0.0185178 secs] 612301K->61411K(2029056K), 0.0185812 secs] [Times: user=0.13 sys=0.00, real=0.02 secs] 
2020-09-29T18:21:35.406+0200: 47.998: [GC (Allocation Failure) 2020-09-29T18:21:35.406+0200: 47.998: [ParNew: 587288K->30135K(613440K), 0.0172627 secs] 606755K->49602K(2029056K), 0.0173247 secs] [Times: user=0.13 sys=0.00, real=0.02 secs] 
2020-09-29T18:21:35.478+0200: 48.071: [GC (Allocation Failure) 2020-09-29T18:21:35.478+0200: 48.071: [ParNew: 575479K->48542K(613440K), 0.0249649 secs] 594946K->68010K(2029056K), 0.0250526 secs] [Times: user=0.13 sys=0.00, real=0.03 secs] 
2020-09-29T18:21:35.549+0200: 48.142: [GC (Allocation Failure) 2020-09-29T18:21:35.549+0200: 48.142: [ParNew: 593886K->39663K(613440K), 0.0226100 secs] 613354K->59130K(2029056K), 0.0226912 secs] [Times: user=0.25 sys=0.00, real=0.02 secs] 
2020-09-29T18:21:35.626+0200: 48.218: [GC (Allocation Failure) 2020-09-29T18:21:35.626+0200: 48.218: [ParNew: 585007K->42130K(613440K), 0.0207714 secs] 604474K->61597K(2029056K), 0.0208643 secs] [Times: user=0.24 sys=0.00, real=0.02 secs] 
2020-09-29T18:21:35.701+0200: 48.294: [GC (Allocation Failure) 2020-09-29T18:21:35.701+0200: 48.294: [ParNew: 587474K->38986K(613440K), 0.0189301 secs] 606941K->58453K(2029056K), 0.0189946 secs] [Times: user=0.13 sys=0.00, real=0.02 secs] 
2020-09-29T18:21:35.775+0200: 48.368: [GC (Allocation Failure) 2020-09-29T18:21:35.775+0200: 48.368: [ParNew: 584330K->32532K(613440K), 0.0193312 secs] 603797K->51999K(2029056K), 0.0194042 secs] [Times: user=0.13 sys=0.00, real=0.02 secs] 
2020-09-29T18:21:35.842+0200: 48.435: [GC (Allocation Failure) 2020-09-29T18:21:35.842+0200: 48.435: [ParNew: 577876K->31428K(613440K), 0.0166830 secs] 597343K->50895K(2029056K), 0.0167509 secs] [Times: user=0.13 sys=0.00, real=0.02 secs] 
2020-09-29T18:21:35.917+0200: 48.510: [GC (Allocation Failure) 2020-09-29T18:21:35.917+0200: 48.510: [ParNew: 576772K->48400K(613440K), 0.0225565 secs] 596239K->67867K(2029056K), 0.0226210 secs] [Times: user=0.13 sys=0.00, real=0.02 secs] 
2020-09-29T18:21:35.988+0200: 48.581: [GC (Allocation Failure) 2020-09-29T18:21:35.988+0200: 48.581: [ParNew: 593744K->40261K(613440K), 0.0209678 secs] 613211K->59729K(2029056K), 0.0210429 secs] [Times: user=0.25 sys=0.00, real=0.02 secs] 
2020-09-29T18:21:36.059+0200: 48.652: [GC (Allocation Failure) 2020-09-29T18:21:36.059+0200: 48.652: [ParNew: 585605K->36862K(613440K), 0.0200026 secs] 605073K->56329K(2029056K), 0.0200670 secs] [Times: user=0.13 sys=0.00, real=0.02 secs] 
2020-09-29T18:21:36.130+0200: 48.723: [GC (Allocation Failure) 2020-09-29T18:21:36.130+0200: 48.723: [ParNew: 582206K->31608K(613440K), 0.0200843 secs] 601673K->51075K(2029056K), 0.0201482 secs] [Times: user=0.13 sys=0.00, real=0.02 secs] 
2020-09-29T18:21:36.209+0200: 48.802: [GC (Allocation Failure) 2020-09-29T18:21:36.209+0200: 48.802: [ParNew: 576952K->55596K(613440K), 0.0263416 secs] 596419K->75063K(2029056K), 0.0264127 secs] [Times: user=0.13 sys=0.00, real=0.03 secs] 
2020-09-29T18:21:36.287+0200: 48.880: [GC (Allocation Failure) 2020-09-29T18:21:36.287+0200: 48.880: [ParNew: 600940K->44127K(613440K), 0.0245736 secs] 620407K->63594K(2029056K), 0.0246476 secs] [Times: user=0.13 sys=0.00, real=0.03 secs] 
2020-09-29T18:21:36.365+0200: 48.958: [GC (Allocation Failure) 2020-09-29T18:21:36.365+0200: 48.958: [ParNew: 589471K->68096K(613440K), 0.0310656 secs] 608938K->87563K(2029056K), 0.0311549 secs] [Times: user=0.25 sys=0.00, real=0.03 secs] 
2020-09-29T18:21:36.442+0200: 49.035: [GC (Allocation Failure) 2020-09-29T18:21:36.443+0200: 49.035: [ParNew: 613440K->53489K(613440K), 0.0227658 secs] 632907K->72956K(2029056K), 0.0228361 secs] [Times: user=0.13 sys=0.00, real=0.02 secs] 
2020-09-29T18:21:36.513+0200: 49.106: [GC (Allocation Failure) 2020-09-29T18:21:36.513+0200: 49.106: [ParNew: 598833K->46285K(613440K), 0.0213978 secs] 618300K->65752K(2029056K), 0.0214637 secs] [Times: user=0.13 sys=0.00, real=0.02 secs] 
2020-09-29T18:21:36.586+0200: 49.179: [GC (Allocation Failure) 2020-09-29T18:21:36.588+0200: 49.180: [ParNew: 591629K->59651K(613440K), 0.0292920 secs] 611096K->79118K(2029056K), 0.0310926 secs] [Times: user=0.24 sys=0.00, real=0.03 secs] 
2020-09-29T18:21:36.667+0200: 49.260: [GC (Allocation Failure) 2020-09-29T18:21:36.667+0200: 49.260: [ParNew: 604995K->40781K(613440K), 0.0106960 secs] 624462K->60249K(2029056K), 0.0107633 secs] [Times: user=0.13 sys=0.00, real=0.01 secs] 
2020-09-29T18:21:36.731+0200: 49.324: [GC (Allocation Failure) 2020-09-29T18:21:36.731+0200: 49.324: [ParNew: 586125K->31419K(613440K), 0.0179432 secs] 605593K->50887K(2029056K), 0.0180061 secs] [Times: user=0.13 sys=0.00, real=0.02 secs] 
2020-09-29T18:21:36.800+0200: 49.393: [GC (Allocation Failure) 2020-09-29T18:21:36.800+0200: 49.393: [ParNew: 576763K->26657K(613440K), 0.0166615 secs] 596231K->46124K(2029056K), 0.0167425 secs] [Times: user=0.13 sys=0.00, real=0.02 secs] 
2020-09-29T18:21:36.870+0200: 49.463: [GC (Allocation Failure) 2020-09-29T18:21:36.870+0200: 49.463: [ParNew: 572001K->26590K(613440K), 0.0164109 secs] 591468K->46058K(2029056K), 0.0164771 secs] [Times: user=0.13 sys=0.00, real=0.02 secs] 
2020-09-29T18:21:36.954+0200: 49.546: [GC (Allocation Failure) 2020-09-29T18:21:36.954+0200: 49.546: [ParNew: 571934K->38813K(613440K), 0.0254299 secs] 591402K->58280K(2029056K), 0.0255228 secs] [Times: user=0.25 sys=0.00, real=0.03 secs] 
2020-09-29T18:21:37.029+0200: 49.622: [GC (Allocation Failure) 2020-09-29T18:21:37.029+0200: 49.622: [ParNew: 584157K->34234K(613440K), 0.0218606 secs] 603624K->53701K(2029056K), 0.0219285 secs] [Times: user=0.25 sys=0.00, real=0.02 secs] 
2020-09-29T18:21:37.115+0200: 49.708: [GC (Allocation Failure) 2020-09-29T18:21:37.115+0200: 49.708: [ParNew: 579578K->35158K(613440K), 0.0227314 secs] 599045K->54625K(2029056K), 0.0228006 secs] [Times: user=0.13 sys=0.00, real=0.02 secs] 
2020-09-29T18:21:37.190+0200: 49.783: [GC (Allocation Failure) 2020-09-29T18:21:37.190+0200: 49.783: [ParNew: 580502K->57450K(613440K), 0.0287789 secs] 599969K->76917K(2029056K), 0.0288509 secs] [Times: user=0.25 sys=0.00, real=0.03 secs] 
2020-09-29T18:21:37.267+0200: 49.860: [GC (Allocation Failure) 2020-09-29T18:21:37.267+0200: 49.860: [ParNew: 602794K->44185K(613440K), 0.0205867 secs] 622261K->63652K(2029056K), 0.0206568 secs] [Times: user=0.25 sys=0.00, real=0.02 secs] 
2020-09-29T18:21:37.339+0200: 49.932: [GC (Allocation Failure) 2020-09-29T18:21:37.339+0200: 49.932: [ParNew: 589529K->60759K(613440K), 0.0345657 secs] 608996K->80227K(2029056K), 0.0346379 secs] [Times: user=0.25 sys=0.00, real=0.04 secs] 
2020-09-29T18:21:37.422+0200: 50.015: [GC (Allocation Failure) 2020-09-29T18:21:37.422+0200: 50.015: [ParNew: 606103K->51028K(613440K), 0.0263641 secs] 625571K->70495K(2029056K), 0.0264389 secs] [Times: user=0.25 sys=0.00, real=0.03 secs] 
2020-09-29T18:21:37.497+0200: 50.090: [GC (Allocation Failure) 2020-09-29T18:21:37.497+0200: 50.090: [ParNew: 596372K->38213K(613440K), 0.0168448 secs] 615839K->57681K(2029056K), 0.0169357 secs] [Times: user=0.13 sys=0.00, real=0.02 secs] 
2020-09-29T18:21:37.572+0200: 50.165: [GC (Allocation Failure) 2020-09-29T18:21:37.572+0200: 50.165: [ParNew: 583557K->36716K(613440K), 0.0226482 secs] 603025K->56184K(2029056K), 0.0227227 secs] [Times: user=0.13 sys=0.00, real=0.02 secs] 
2020-09-29T18:21:37.656+0200: 50.249: [GC (Allocation Failure) 2020-09-29T18:21:37.656+0200: 50.249: [ParNew: 582060K->50393K(613440K), 0.0203750 secs] 601528K->69860K(2029056K), 0.0204487 secs] [Times: user=0.25 sys=0.00, real=0.02 secs] 
2020-09-29T18:21:37.737+0200: 50.329: [GC (Allocation Failure) 2020-09-29T18:21:37.737+0200: 50.329: [ParNew: 595737K->35700K(613440K), 0.0203212 secs] 615204K->55167K(2029056K), 0.0204063 secs] [Times: user=0.25 sys=0.00, real=0.02 secs] 
2020-09-29T18:21:37.811+0200: 50.404: [GC (Allocation Failure) 2020-09-29T18:21:37.811+0200: 50.404: [ParNew: 581044K->50171K(613440K), 0.0300167 secs] 600511K->69638K(2029056K), 0.0300881 secs] [Times: user=0.23 sys=0.00, real=0.03 secs] 
2020-09-29T18:21:37.888+0200: 50.481: [GC (Allocation Failure) 2020-09-29T18:21:37.888+0200: 50.481: [ParNew: 595515K->41519K(613440K), 0.0264224 secs] 614982K->60986K(2029056K), 0.0265090 secs] [Times: user=0.25 sys=0.00, real=0.03 secs] 
2020-09-29T18:21:37.965+0200: 50.558: [GC (Allocation Failure) 2020-09-29T18:21:37.965+0200: 50.558: [ParNew: 586863K->40432K(613440K), 0.0168146 secs] 606330K->59899K(2029056K), 0.0168861 secs] [Times: user=0.13 sys=0.00, real=0.02 secs] 
2020-09-29T18:21:38.040+0200: 50.633: [GC (Allocation Failure) 2020-09-29T18:21:38.040+0200: 50.633: [ParNew: 585776K->34580K(613440K), 0.0232081 secs] 605243K->54047K(2029056K), 0.0232842 secs] [Times: user=0.13 sys=0.00, real=0.02 secs] 
2020-09-29T18:21:38.110+0200: 50.703: [GC (Allocation Failure) 2020-09-29T18:21:38.110+0200: 50.703: [ParNew: 579924K->52961K(613440K), 0.0290133 secs] 599391K->72429K(2029056K), 0.0290812 secs] [Times: user=0.25 sys=0.00, real=0.03 secs] 
2020-09-29T18:21:38.189+0200: 50.782: [GC (Allocation Failure) 2020-09-29T18:21:38.189+0200: 50.782: [ParNew: 598305K->68096K(613440K), 0.0279962 secs] 617773K->87563K(2029056K), 0.0280677 secs] [Times: user=0.25 sys=0.00, real=0.03 secs] 
2020-09-29T18:21:38.274+0200: 50.867: [GC (Allocation Failure) 2020-09-29T18:21:38.274+0200: 50.867: [ParNew: 613440K->53073K(613440K), 0.0274955 secs] 632907K->72540K(2029056K), 0.0275663 secs] [Times: user=0.25 sys=0.00, real=0.03 secs] 
2020-09-29T18:21:38.351+0200: 50.944: [GC (Allocation Failure) 2020-09-29T18:21:38.351+0200: 50.944: [ParNew: 598417K->60223K(613440K), 0.0273629 secs] 617884K->79690K(2029056K), 0.0274510 secs] [Times: user=0.13 sys=0.00, real=0.03 secs] 
2020-09-29T18:21:38.426+0200: 51.019: [GC (Allocation Failure) 2020-09-29T18:21:38.426+0200: 51.019: [ParNew: 605567K->40579K(613440K), 0.0161228 secs] 625034K->60047K(2029056K), 0.0161911 secs] [Times: user=0.13 sys=0.00, real=0.02 secs] 
2020-09-29T18:21:38.493+0200: 51.085: [GC (Allocation Failure) 2020-09-29T18:21:38.493+0200: 51.086: [ParNew: 585923K->40271K(613440K), 0.0232122 secs] 605391K->59738K(2029056K), 0.0232932 secs] [Times: user=0.13 sys=0.00, real=0.02 secs] 
2020-09-29T18:21:38.565+0200: 51.158: [GC (Allocation Failure) 2020-09-29T18:21:38.565+0200: 51.158: [ParNew: 585615K->48553K(613440K), 0.0213807 secs] 605082K->68021K(2029056K), 0.0214675 secs] [Times: user=0.25 sys=0.00, real=0.02 secs] 
2020-09-29T18:21:38.636+0200: 51.229: [GC (Allocation Failure) 2020-09-29T18:21:38.636+0200: 51.229: [ParNew: 593897K->59014K(613440K), 0.0356234 secs] 613365K->78481K(2029056K), 0.0356892 secs] [Times: user=0.25 sys=0.00, real=0.04 secs] 
2020-09-29T18:21:38.720+0200: 51.313: [GC (Allocation Failure) 2020-09-29T18:21:38.720+0200: 51.313: [ParNew: 604358K->51634K(613440K), 0.0285173 secs] 623825K->71101K(2029056K), 0.0286084 secs] [Times: user=0.25 sys=0.00, real=0.03 secs] 
2020-09-29T18:21:38.798+0200: 51.391: [GC (Allocation Failure) 2020-09-29T18:21:38.798+0200: 51.391: [ParNew: 596978K->42568K(613440K), 0.0191670 secs] 616445K->62035K(2029056K), 0.0192393 secs] [Times: user=0.25 sys=0.00, real=0.02 secs] 
2020-09-29T18:21:38.874+0200: 51.467: [GC (Allocation Failure) 2020-09-29T18:21:38.874+0200: 51.467: [ParNew: 587912K->56915K(613440K), 0.0335491 secs] 607379K->76382K(2029056K), 0.0336304 secs] [Times: user=0.25 sys=0.00, real=0.03 secs] 
2020-09-29T18:21:38.957+0200: 51.550: [GC (Allocation Failure) 2020-09-29T18:21:38.957+0200: 51.550: [ParNew: 602259K->52504K(613440K), 0.0248913 secs] 621726K->71972K(2029056K), 0.0249792 secs] [Times: user=0.17 sys=0.00, real=0.03 secs] 
2020-09-29T18:21:39.038+0200: 51.631: [GC (Allocation Failure) 2020-09-29T18:21:39.038+0200: 51.631: [ParNew: 597848K->44669K(613440K), 0.0246374 secs] 617316K->64136K(2029056K), 0.0247069 secs] [Times: user=0.13 sys=0.00, real=0.02 secs] 
2020-09-29T18:21:39.115+0200: 51.708: [GC (Allocation Failure) 2020-09-29T18:21:39.115+0200: 51.708: [ParNew: 590013K->38489K(613440K), 0.0244899 secs] 609480K->57956K(2029056K), 0.0245732 secs] [Times: user=0.13 sys=0.00, real=0.03 secs] 
2020-09-29T18:21:39.192+0200: 51.785: [GC (Allocation Failure) 2020-09-29T18:21:39.192+0200: 51.785: [ParNew: 583833K->40046K(613440K), 0.0208101 secs] 603300K->59513K(2029056K), 0.0208762 secs] [Times: user=0.13 sys=0.00, real=0.02 secs] 
2020-09-29T18:21:39.271+0200: 51.864: [GC (Allocation Failure) 2020-09-29T18:21:39.271+0200: 51.864: [ParNew: 585390K->36121K(613440K), 0.0216146 secs] 604857K->55588K(2029056K), 0.0216806 secs] [Times: user=0.13 sys=0.00, real=0.02 secs] 
2020-09-29T18:21:39.345+0200: 51.938: [GC (Allocation Failure) 2020-09-29T18:21:39.345+0200: 51.938: [ParNew: 581465K->35031K(613440K), 0.0182339 secs] 600932K->54498K(2029056K), 0.0183049 secs] [Times: user=0.13 sys=0.00, real=0.02 secs] 
2020-09-29T18:21:39.411+0200: 52.004: [GC (Allocation Failure) 2020-09-29T18:21:39.411+0200: 52.004: [ParNew: 580375K->50440K(613440K), 0.0229597 secs] 599842K->69907K(2029056K), 0.0230324 secs] [Times: user=0.13 sys=0.00, real=0.02 secs] 
2020-09-29T18:21:39.483+0200: 52.076: [GC (Allocation Failure) 2020-09-29T18:21:39.483+0200: 52.076: [ParNew: 595784K->62739K(613440K), 0.0296313 secs] 615251K->82206K(2029056K), 0.0297001 secs] [Times: user=0.25 sys=0.00, real=0.03 secs] 
2020-09-29T18:21:39.566+0200: 52.159: [GC (Allocation Failure) 2020-09-29T18:21:39.566+0200: 52.159: [ParNew: 608083K->44630K(613440K), 0.0226318 secs] 627550K->64097K(2029056K), 0.0227160 secs] [Times: user=0.25 sys=0.00, real=0.02 secs] 
2020-09-29T18:21:39.645+0200: 52.238: [GC (Allocation Failure) 2020-09-29T18:21:39.645+0200: 52.238: [ParNew: 589974K->35357K(613440K), 0.0208445 secs] 609441K->54824K(2029056K), 0.0209407 secs] [Times: user=0.13 sys=0.00, real=0.02 secs] 
2020-09-29T18:21:39.718+0200: 52.311: [GC (Allocation Failure) 2020-09-29T18:21:39.718+0200: 52.311: [ParNew: 580701K->57908K(613440K), 0.0335711 secs] 600168K->77375K(2029056K), 0.0336514 secs] [Times: user=0.25 sys=0.00, real=0.03 secs] 
2020-09-29T18:21:39.801+0200: 52.394: [GC (Allocation Failure) 2020-09-29T18:21:39.801+0200: 52.394: [ParNew: 603252K->57986K(613440K), 0.0264913 secs] 622719K->77453K(2029056K), 0.0265675 secs] [Times: user=0.13 sys=0.00, real=0.03 secs] 
2020-09-29T18:21:39.881+0200: 52.474: [GC (Allocation Failure) 2020-09-29T18:21:39.881+0200: 52.474: [ParNew: 603330K->49515K(613440K), 0.0252940 secs] 622797K->68982K(2029056K), 0.0253628 secs] [Times: user=0.13 sys=0.00, real=0.02 secs] 
2020-09-29T18:21:39.958+0200: 52.551: [GC (Allocation Failure) 2020-09-29T18:21:39.958+0200: 52.551: [ParNew: 594859K->68096K(613440K), 0.0393845 secs] 614326K->88611K(2029056K), 0.0394509 secs] [Times: user=0.22 sys=0.02, real=0.04 secs] 
2020-09-29T18:21:40.044+0200: 52.637: [GC (Allocation Failure) 2020-09-29T18:21:40.044+0200: 52.637: [ParNew: 613440K->66302K(613440K), 0.0316968 secs] 633955K->86817K(2029056K), 0.0317638 secs] [Times: user=0.25 sys=0.00, real=0.03 secs] 
2020-09-29T18:21:40.123+0200: 52.716: [GC (Allocation Failure) 2020-09-29T18:21:40.123+0200: 52.716: [ParNew: 611646K->61911K(613440K), 0.0307972 secs] 632161K->82426K(2029056K), 0.0308979 secs] [Times: user=0.25 sys=0.00, real=0.03 secs] 
2020-09-29T18:21:40.208+0200: 52.801: [GC (Allocation Failure) 2020-09-29T18:21:40.208+0200: 52.801: [ParNew: 607255K->46792K(613440K), 0.0204504 secs] 627770K->67307K(2029056K), 0.0205204 secs] [Times: user=0.13 sys=0.00, real=0.02 secs] 
2020-09-29T18:21:40.281+0200: 52.874: [GC (Allocation Failure) 2020-09-29T18:21:40.281+0200: 52.874: [ParNew: 592136K->46321K(613440K), 0.0278668 secs] 612651K->66836K(2029056K), 0.0279534 secs] [Times: user=0.25 sys=0.00, real=0.03 secs] 
2020-09-29T18:21:40.362+0200: 52.955: [GC (Allocation Failure) 2020-09-29T18:21:40.362+0200: 52.955: [ParNew: 591665K->68096K(613440K), 0.0333367 secs] 612180K->88611K(2029056K), 0.0334208 secs] [Times: user=0.38 sys=0.00, real=0.03 secs] 
2020-09-29T18:21:40.442+0200: 53.035: [GC (Allocation Failure) 2020-09-29T18:21:40.442+0200: 53.035: [ParNew: 613440K->56296K(613440K), 0.0256482 secs] 633955K->76811K(2029056K), 0.0257287 secs] [Times: user=0.13 sys=0.00, real=0.03 secs] 
2020-09-29T18:21:40.524+0200: 53.117: [GC (Allocation Failure) 2020-09-29T18:21:40.525+0200: 53.118: [ParNew: 601640K->44870K(613440K), 0.0236198 secs] 622155K->65385K(2029056K), 0.0236970 secs] [Times: user=0.13 sys=0.00, real=0.02 secs] 
2020-09-29T18:21:40.604+0200: 53.197: [GC (Allocation Failure) 2020-09-29T18:21:40.604+0200: 53.197: [ParNew: 590214K->33127K(613440K), 0.0144946 secs] 610729K->53642K(2029056K), 0.0145778 secs] [Times: user=0.13 sys=0.00, real=0.01 secs] 
2020-09-29T18:21:40.674+0200: 53.267: [GC (Allocation Failure) 2020-09-29T18:21:40.674+0200: 53.267: [ParNew: 578471K->48041K(613440K), 0.0290496 secs] 598986K->68557K(2029056K), 0.0291199 secs] [Times: user=0.25 sys=0.00, real=0.03 secs] 
2020-09-29T18:21:40.750+0200: 53.343: [GC (Allocation Failure) 2020-09-29T18:21:40.750+0200: 53.343: [ParNew: 593385K->68096K(613440K), 0.0352353 secs] 613901K->88611K(2029056K), 0.0353176 secs] [Times: user=0.25 sys=0.00, real=0.04 secs] 
2020-09-29T18:21:40.832+0200: 53.426: [GC (Allocation Failure) 2020-09-29T18:21:40.833+0200: 53.426: [ParNew: 613440K->56611K(613440K), 0.0277102 secs] 633955K->77127K(2029056K), 0.0277922 secs] [Times: user=0.14 sys=0.00, real=0.03 secs] 
2020-09-29T18:21:40.920+0200: 53.513: [GC (Allocation Failure) 2020-09-29T18:21:40.920+0200: 53.513: [ParNew: 601955K->47925K(613440K), 0.0263722 secs] 622471K->68440K(2029056K), 0.0264404 secs] [Times: user=0.25 sys=0.00, real=0.03 secs] 
2020-09-29T18:21:41.000+0200: 53.593: [GC (Allocation Failure) 2020-09-29T18:21:41.000+0200: 53.593: [ParNew: 593269K->43686K(613440K), 0.0241232 secs] 613784K->64201K(2029056K), 0.0241963 secs] [Times: user=0.25 sys=0.00, real=0.02 secs] 
2020-09-29T18:21:41.076+0200: 53.669: [GC (Allocation Failure) 2020-09-29T18:21:41.076+0200: 53.669: [ParNew: 589030K->38031K(613440K), 0.0237347 secs] 609545K->58547K(2029056K), 0.0238022 secs] [Times: user=0.25 sys=0.00, real=0.02 secs] 
2020-09-29T18:21:41.150+0200: 53.743: [GC (Allocation Failure) 2020-09-29T18:21:41.150+0200: 53.743: [ParNew: 583375K->34964K(613440K), 0.0221666 secs] 603891K->55479K(2029056K), 0.0222292 secs] [Times: user=0.13 sys=0.00, real=0.02 secs] 
2020-09-29T18:21:41.228+0200: 53.820: [GC (Allocation Failure) 2020-09-29T18:21:41.228+0200: 53.820: [ParNew: 580308K->34638K(613440K), 0.0181462 secs] 600823K->55153K(2029056K), 0.0182160 secs] [Times: user=0.13 sys=0.00, real=0.02 secs] 
2020-09-29T18:21:41.295+0200: 53.887: [GC (Allocation Failure) 2020-09-29T18:21:41.295+0200: 53.887: [ParNew: 579982K->49341K(613440K), 0.0257182 secs] 600497K->69857K(2029056K), 0.0258059 secs] [Times: user=0.22 sys=0.00, real=0.03 secs] 
2020-09-29T18:21:41.379+0200: 53.971: [GC (Allocation Failure) 2020-09-29T18:21:41.379+0200: 53.971: [ParNew: 594685K->59734K(613440K), 0.0306691 secs] 615201K->80250K(2029056K), 0.0307369 secs] [Times: user=0.23 sys=0.00, real=0.03 secs] 
2020-09-29T18:21:41.460+0200: 54.053: [GC (Allocation Failure) 2020-09-29T18:21:41.460+0200: 54.053: [ParNew: 605078K->44452K(613440K), 0.0215269 secs] 625594K->64967K(2029056K), 0.0216267 secs] [Times: user=0.13 sys=0.00, real=0.02 secs] 
2020-09-29T18:21:41.533+0200: 54.126: [GC (Allocation Failure) 2020-09-29T18:21:41.533+0200: 54.126: [ParNew: 589796K->43141K(613440K), 0.0274340 secs] 610311K->63657K(2029056K), 0.0275010 secs] [Times: user=0.23 sys=0.00, real=0.03 secs] 
2020-09-29T18:21:41.612+0200: 54.205: [GC (Allocation Failure) 2020-09-29T18:21:41.612+0200: 54.205: [ParNew: 588485K->58153K(613440K), 0.0253433 secs] 609001K->78668K(2029056K), 0.0254298 secs] [Times: user=0.23 sys=0.00, real=0.03 secs] 
2020-09-29T18:21:41.693+0200: 54.286: [GC (Allocation Failure) 2020-09-29T18:21:41.693+0200: 54.286: [ParNew: 603497K->42677K(613440K), 0.0250155 secs] 624012K->63193K(2029056K), 0.0250921 secs] [Times: user=0.13 sys=0.00, real=0.03 secs] 
2020-09-29T18:21:41.778+0200: 54.370: [GC (Allocation Failure) 2020-09-29T18:21:41.778+0200: 54.370: [ParNew: 588021K->40320K(613440K), 0.0237931 secs] 608537K->60835K(2029056K), 0.0238703 secs] [Times: user=0.14 sys=0.00, real=0.02 secs] 
2020-09-29T18:21:41.851+0200: 54.444: [GC (Allocation Failure) 2020-09-29T18:21:41.851+0200: 54.444: [ParNew: 585664K->32911K(613440K), 0.0105779 secs] 606179K->53426K(2029056K), 0.0106365 secs] [Times: user=0.00 sys=0.00, real=0.01 secs] 
2020-09-29T18:21:41.911+0200: 54.504: [GC (Allocation Failure) 2020-09-29T18:21:41.911+0200: 54.504: [ParNew: 578255K->50027K(613440K), 0.0197904 secs] 598770K->70542K(2029056K), 0.0198501 secs] [Times: user=0.13 sys=0.00, real=0.02 secs] 
2020-09-29T18:21:41.978+0200: 54.570: [GC (Allocation Failure) 2020-09-29T18:21:41.978+0200: 54.570: [ParNew: 595371K->57654K(613440K), 0.0196093 secs] 615886K->78170K(2029056K), 0.0196887 secs] [Times: user=0.13 sys=0.00, real=0.02 secs] 
2020-09-29T18:21:42.045+0200: 54.637: [GC (Allocation Failure) 2020-09-29T18:21:42.045+0200: 54.637: [ParNew: 602998K->68096K(613440K), 0.0239716 secs] 623514K->89160K(2029056K), 0.0308812 secs] [Times: user=0.25 sys=0.00, real=0.03 secs] 
2020-09-29T18:21:42.125+0200: 54.717: [GC (Allocation Failure) 2020-09-29T18:21:42.125+0200: 54.717: [ParNew: 613440K->53325K(613440K), 0.0177758 secs] 634504K->74389K(2029056K), 0.0178768 secs] [Times: user=0.13 sys=0.00, real=0.02 secs] 
2020-09-29T18:21:42.191+0200: 54.784: [GC (Allocation Failure) 2020-09-29T18:21:42.191+0200: 54.784: [ParNew: 598669K->41479K(613440K), 0.0170519 secs] 619733K->62543K(2029056K), 0.0171072 secs] [Times: user=0.25 sys=0.00, real=0.02 secs] 
2020-09-29T18:21:42.256+0200: 54.848: [GC (Allocation Failure) 2020-09-29T18:21:42.256+0200: 54.848: [ParNew: 586823K->37592K(613440K), 0.0165215 secs] 607887K->58656K(2029056K), 0.0165892 secs] [Times: user=0.13 sys=0.00, real=0.02 secs] 
2020-09-29T18:21:42.322+0200: 54.914: [GC (Allocation Failure) 2020-09-29T18:21:42.322+0200: 54.914: [ParNew: 582936K->63122K(613440K), 0.0207397 secs] 604000K->84186K(2029056K), 0.0208047 secs] [Times: user=0.13 sys=0.00, real=0.02 secs] 
2020-09-29T18:21:42.393+0200: 54.986: [GC (Allocation Failure) 2020-09-29T18:21:42.393+0200: 54.986: [ParNew: 608466K->40690K(613440K), 0.0138276 secs] 629530K->61755K(2029056K), 0.0138833 secs] [Times: user=0.13 sys=0.00, real=0.01 secs] 
2020-09-29T18:21:42.459+0200: 55.051: [GC (Allocation Failure) 2020-09-29T18:21:42.459+0200: 55.051: [ParNew: 586034K->40645K(613440K), 0.0189852 secs] 607099K->61709K(2029056K), 0.0190398 secs] [Times: user=0.13 sys=0.00, real=0.02 secs] 
2020-09-29T18:21:42.524+0200: 55.117: [GC (Allocation Failure) 2020-09-29T18:21:42.524+0200: 55.117: [ParNew: 585989K->36670K(613440K), 0.0177843 secs] 607053K->57734K(2029056K), 0.0178614 secs] [Times: user=0.13 sys=0.00, real=0.02 secs] 
2020-09-29T18:21:42.592+0200: 55.184: [GC (Allocation Failure) 2020-09-29T18:21:42.592+0200: 55.184: [ParNew: 582014K->38830K(613440K), 0.0176086 secs] 603078K->59894K(2029056K), 0.0176744 secs] [Times: user=0.13 sys=0.00, real=0.02 secs] 
2020-09-29T18:21:42.664+0200: 55.257: [GC (Allocation Failure) 2020-09-29T18:21:42.664+0200: 55.257: [ParNew: 584174K->37156K(613440K), 0.0161523 secs] 605238K->58221K(2029056K), 0.0162147 secs] [Times: user=0.13 sys=0.00, real=0.02 secs] 
2020-09-29T18:21:42.730+0200: 55.322: [GC (Allocation Failure) 2020-09-29T18:21:42.730+0200: 55.323: [ParNew: 582500K->30417K(613440K), 0.0081204 secs] 603565K->51482K(2029056K), 0.0081768 secs] [Times: user=0.00 sys=0.00, real=0.01 secs] 
2020-09-29T18:21:42.793+0200: 55.386: [GC (Allocation Failure) 2020-09-29T18:21:42.793+0200: 55.386: [ParNew: 575761K->41662K(613440K), 0.0192110 secs] 596826K->62726K(2029056K), 0.0192766 secs] [Times: user=0.13 sys=0.00, real=0.02 secs] 
2020-09-29T18:21:42.866+0200: 55.458: [GC (Allocation Failure) 2020-09-29T18:21:42.866+0200: 55.458: [ParNew: 587006K->56910K(613440K), 0.0176725 secs] 608070K->77974K(2029056K), 0.0177462 secs] [Times: user=0.13 sys=0.00, real=0.02 secs] 
2020-09-29T18:21:42.935+0200: 55.527: [GC (Allocation Failure) 2020-09-29T18:21:42.935+0200: 55.527: [ParNew: 602254K->43488K(613440K), 0.0174952 secs] 623318K->64552K(2029056K), 0.0175574 secs] [Times: user=0.13 sys=0.00, real=0.02 secs] 
2020-09-29T18:21:43.002+0200: 55.595: [GC (Allocation Failure) 2020-09-29T18:21:43.002+0200: 55.595: [ParNew: 588832K->66043K(613440K), 0.0223761 secs] 609896K->87108K(2029056K), 0.0224284 secs] [Times: user=0.25 sys=0.00, real=0.02 secs] 
2020-09-29T18:21:43.072+0200: 55.665: [GC (Allocation Failure) 2020-09-29T18:21:43.072+0200: 55.665: [ParNew: 611387K->54847K(613440K), 0.0216122 secs] 632452K->75912K(2029056K), 0.0217057 secs] [Times: user=0.13 sys=0.00, real=0.02 secs] 
2020-09-29T18:21:43.141+0200: 55.734: [GC (Allocation Failure) 2020-09-29T18:21:43.142+0200: 55.734: [ParNew: 600191K->50078K(613440K), 0.0212037 secs] 621256K->71142K(2029056K), 0.0212725 secs] [Times: user=0.25 sys=0.00, real=0.02 secs] 
2020-09-29T18:21:43.210+0200: 55.803: [GC (Allocation Failure) 2020-09-29T18:21:43.210+0200: 55.803: [ParNew: 595422K->44322K(613440K), 0.0147472 secs] 616486K->65387K(2029056K), 0.0148015 secs] [Times: user=0.13 sys=0.00, real=0.01 secs] 
2020-09-29T18:21:43.282+0200: 55.875: [GC (Allocation Failure) 2020-09-29T18:21:43.282+0200: 55.875: [ParNew: 589666K->33429K(613440K), 0.0146002 secs] 610731K->54493K(2029056K), 0.0146582 secs] [Times: user=0.11 sys=0.00, real=0.01 secs] 
2020-09-29T18:21:43.352+0200: 55.944: [GC (Allocation Failure) 2020-09-29T18:21:43.352+0200: 55.944: [ParNew: 578773K->51300K(613440K), 0.0196877 secs] 599837K->72364K(2029056K), 0.0197695 secs] [Times: user=0.13 sys=0.00, real=0.02 secs] 
2020-09-29T18:21:43.419+0200: 56.012: [GC (Allocation Failure) 2020-09-29T18:21:43.426+0200: 56.018: [ParNew: 596644K->57278K(613440K), 0.0353670 secs] 617708K->78342K(2029056K), 0.0421128 secs] [Times: user=0.38 sys=0.00, real=0.04 secs] 
2020-09-29T18:21:43.508+0200: 56.101: [GC (Allocation Failure) 2020-09-29T18:21:43.508+0200: 56.101: [ParNew: 602622K->45503K(613440K), 0.0165490 secs] 623686K->66567K(2029056K), 0.0166058 secs] [Times: user=0.13 sys=0.00, real=0.02 secs] 
2020-09-29T18:21:43.576+0200: 56.169: [GC (Allocation Failure) 2020-09-29T18:21:43.576+0200: 56.169: [ParNew: 590847K->37911K(613440K), 0.0160478 secs] 611911K->58975K(2029056K), 0.0161396 secs] [Times: user=0.13 sys=0.00, real=0.02 secs] 
2020-09-29T18:21:43.647+0200: 56.240: [GC (Allocation Failure) 2020-09-29T18:21:43.647+0200: 56.240: [ParNew: 583255K->59526K(613440K), 0.0221839 secs] 604319K->80591K(2029056K), 0.0222426 secs] [Times: user=0.13 sys=0.00, real=0.02 secs] 
2020-09-29T18:21:43.716+0200: 56.308: [GC (Allocation Failure) 2020-09-29T18:21:43.716+0200: 56.308: [ParNew: 604870K->43901K(613440K), 0.0206507 secs] 625935K->64966K(2029056K), 0.0207110 secs] [Times: user=0.13 sys=0.00, real=0.02 secs] 
2020-09-29T18:21:43.784+0200: 56.376: [GC (Allocation Failure) 2020-09-29T18:21:43.784+0200: 56.376: [ParNew: 589245K->44590K(613440K), 0.0206746 secs] 610310K->65655K(2029056K), 0.0207388 secs] [Times: user=0.25 sys=0.00, real=0.02 secs] 
2020-09-29T18:21:43.851+0200: 56.444: [GC (Allocation Failure) 2020-09-29T18:21:43.851+0200: 56.444: [ParNew: 589934K->68096K(613440K), 0.0232137 secs] 610999K->89902K(2029056K), 0.0232736 secs] [Times: user=0.13 sys=0.00, real=0.02 secs] 
2020-09-29T18:21:43.924+0200: 56.516: [GC (Allocation Failure) 2020-09-29T18:21:43.924+0200: 56.516: [ParNew: 613440K->55035K(613440K), 0.0228106 secs] 635246K->76841K(2029056K), 0.0228773 secs] [Times: user=0.25 sys=0.00, real=0.02 secs] 
2020-09-29T18:21:43.994+0200: 56.587: [GC (Allocation Failure) 2020-09-29T18:21:43.994+0200: 56.587: [ParNew: 600379K->58196K(613440K), 0.0224391 secs] 622185K->80002K(2029056K), 0.0225074 secs] [Times: user=0.13 sys=0.00, real=0.02 secs] 
2020-09-29T18:21:44.063+0200: 56.656: [GC (Allocation Failure) 2020-09-29T18:21:44.064+0200: 56.656: [ParNew: 603540K->49967K(613440K), 0.0168530 secs] 625346K->71773K(2029056K), 0.0169149 secs] [Times: user=0.13 sys=0.00, real=0.02 secs] 
2020-09-29T18:21:44.130+0200: 56.723: [GC (Allocation Failure) 2020-09-29T18:21:44.130+0200: 56.723: [ParNew: 594727K->26176K(613440K), 0.0096386 secs] 616533K->47982K(2029056K), 0.0096952 secs] [Times: user=0.00 sys=0.00, real=0.01 secs] 
2020-09-29T18:21:44.187+0200: 56.780: [GC (Allocation Failure) 2020-09-29T18:21:44.187+0200: 56.780: [ParNew: 571520K->41896K(613440K), 0.0194006 secs] 593326K->63702K(2029056K), 0.0194600 secs] [Times: user=0.13 sys=0.00, real=0.02 secs] 
2020-09-29T18:21:44.253+0200: 56.845: [GC (Allocation Failure) 2020-09-29T18:21:44.253+0200: 56.846: [ParNew: 587240K->33527K(613440K), 0.0105501 secs] 609046K->55333K(2029056K), 0.0106062 secs] [Times: user=0.13 sys=0.00, real=0.01 secs] 
2020-09-29T18:21:44.313+0200: 56.906: [GC (Allocation Failure) 2020-09-29T18:21:44.313+0200: 56.906: [ParNew: 578871K->55325K(613440K), 0.0212297 secs] 600677K->77132K(2029056K), 0.0212977 secs] [Times: user=0.25 sys=0.00, real=0.02 secs] 
2020-09-29T18:21:44.383+0200: 56.976: [GC (Allocation Failure) 2020-09-29T18:21:44.383+0200: 56.976: [ParNew: 600669K->33660K(613440K), 0.0103255 secs] 622476K->55466K(2029056K), 0.0103858 secs] [Times: user=0.00 sys=0.00, real=0.01 secs] 
2020-09-29T18:21:44.447+0200: 57.040: [GC (Allocation Failure) 2020-09-29T18:21:44.447+0200: 57.040: [ParNew: 579004K->33926K(613440K), 0.0140814 secs] 600810K->55732K(2029056K), 0.0141500 secs] [Times: user=0.13 sys=0.00, real=0.01 secs] 
2020-09-29T18:21:44.512+0200: 57.105: [GC (Allocation Failure) 2020-09-29T18:21:44.513+0200: 57.105: [ParNew: 579270K->43696K(613440K), 0.0189909 secs] 601076K->65503K(2029056K), 0.0190711 secs] [Times: user=0.13 sys=0.00, real=0.02 secs] 
2020-09-29T18:21:44.579+0200: 57.172: [GC (Allocation Failure) 2020-09-29T18:21:44.579+0200: 57.172: [ParNew: 589040K->36462K(613440K), 0.0134942 secs] 610847K->58268K(2029056K), 0.0135540 secs] [Times: user=0.11 sys=0.00, real=0.01 secs] 
2020-09-29T18:21:44.643+0200: 57.235: [GC (Allocation Failure) 2020-09-29T18:21:44.643+0200: 57.235: [ParNew: 581806K->38812K(613440K), 0.0184559 secs] 603612K->60618K(2029056K), 0.0185209 secs] [Times: user=0.22 sys=0.00, real=0.02 secs] 
2020-09-29T18:21:44.711+0200: 57.304: [GC (Allocation Failure) 2020-09-29T18:21:44.711+0200: 57.304: [ParNew: 584156K->50555K(613440K), 0.0182914 secs] 605962K->72361K(2029056K), 0.0183661 secs] [Times: user=0.13 sys=0.00, real=0.02 secs] 
2020-09-29T18:21:44.781+0200: 57.374: [GC (Allocation Failure) 2020-09-29T18:21:44.781+0200: 57.374: [ParNew: 595899K->38425K(613440K), 0.0173925 secs] 617705K->60231K(2029056K), 0.0243015 secs] [Times: user=0.13 sys=0.00, real=0.03 secs] 
2020-09-29T18:21:44.855+0200: 57.447: [GC (Allocation Failure) 2020-09-29T18:21:44.855+0200: 57.447: [ParNew: 583769K->38158K(613440K), 0.0160747 secs] 605575K->59964K(2029056K), 0.0161310 secs] [Times: user=0.13 sys=0.00, real=0.02 secs] 
2020-09-29T18:21:44.924+0200: 57.517: [GC (Allocation Failure) 2020-09-29T18:21:44.924+0200: 57.517: [ParNew: 583502K->32666K(613440K), 0.0151921 secs] 605308K->54472K(2029056K), 0.0152466 secs] [Times: user=0.13 sys=0.00, real=0.02 secs] 
2020-09-29T18:21:44.987+0200: 57.580: [GC (Allocation Failure) 2020-09-29T18:21:44.987+0200: 57.580: [ParNew: 578010K->53334K(613440K), 0.0196853 secs] 599816K->75140K(2029056K), 0.0197545 secs] [Times: user=0.25 sys=0.00, real=0.02 secs] 
2020-09-29T18:21:45.053+0200: 57.646: [GC (Allocation Failure) 2020-09-29T18:21:45.053+0200: 57.646: [ParNew: 598678K->32502K(613440K), 0.0065602 secs] 620484K->54308K(2029056K), 0.0066143 secs] [Times: user=0.00 sys=0.00, real=0.01 secs] 
2020-09-29T18:21:45.116+0200: 57.709: [GC (Allocation Failure) 2020-09-29T18:21:45.116+0200: 57.709: [ParNew: 577846K->34994K(613440K), 0.0179445 secs] 599652K->56800K(2029056K), 0.0180022 secs] [Times: user=0.13 sys=0.00, real=0.02 secs] 
2020-09-29T18:21:45.183+0200: 57.776: [GC (Allocation Failure) 2020-09-29T18:21:45.183+0200: 57.776: [ParNew: 580338K->52885K(613440K), 0.0214555 secs] 602144K->74691K(2029056K), 0.0215228 secs] [Times: user=0.13 sys=0.00, real=0.02 secs] 
2020-09-29T18:21:45.256+0200: 57.849: [GC (Allocation Failure) 2020-09-29T18:21:45.256+0200: 57.849: [ParNew: 598229K->49005K(613440K), 0.0208190 secs] 620035K->70811K(2029056K), 0.0208773 secs] [Times: user=0.13 sys=0.00, real=0.02 secs] 
2020-09-29T18:21:45.325+0200: 57.917: [GC (Allocation Failure) 2020-09-29T18:21:45.325+0200: 57.917: [ParNew: 594349K->68096K(613440K), 0.0264276 secs] 616155K->91834K(2029056K), 0.0264843 secs] [Times: user=0.22 sys=0.03, real=0.03 secs] 
2020-09-29T18:21:45.399+0200: 57.992: [GC (Allocation Failure) 2020-09-29T18:21:45.399+0200: 57.992: [ParNew: 613440K->45479K(613440K), 0.0143588 secs] 637178K->69218K(2029056K), 0.0144162 secs] [Times: user=0.13 sys=0.00, real=0.02 secs] 
2020-09-29T18:21:45.460+0200: 58.053: [GC (Allocation Failure) 2020-09-29T18:21:45.460+0200: 58.053: [ParNew: 590823K->48276K(613440K), 0.0187067 secs] 614562K->72015K(2029056K), 0.0187774 secs] [Times: user=0.13 sys=0.00, real=0.02 secs] 
2020-09-29T18:21:45.527+0200: 58.120: [GC (Allocation Failure) 2020-09-29T18:21:45.527+0200: 58.120: [ParNew: 593620K->67225K(613440K), 0.0225292 secs] 617359K->90964K(2029056K), 0.0225880 secs] [Times: user=0.13 sys=0.00, real=0.02 secs] 
2020-09-29T18:21:45.599+0200: 58.192: [GC (Allocation Failure) 2020-09-29T18:21:45.599+0200: 58.192: [ParNew: 612569K->46161K(613440K), 0.0179175 secs] 636308K->69900K(2029056K), 0.0179743 secs] [Times: user=0.11 sys=0.00, real=0.02 secs] 
2020-09-29T18:21:45.669+0200: 58.262: [GC (Allocation Failure) 2020-09-29T18:21:45.669+0200: 58.262: [ParNew: 591505K->40553K(613440K), 0.0160436 secs] 615244K->64291K(2029056K), 0.0161029 secs] [Times: user=0.13 sys=0.00, real=0.02 secs] 
2020-09-29T18:21:45.734+0200: 58.326: [GC (Allocation Failure) 2020-09-29T18:21:45.734+0200: 58.327: [ParNew: 585897K->57136K(613440K), 0.0208263 secs] 609635K->80875K(2029056K), 0.0208903 secs] [Times: user=0.14 sys=0.00, real=0.02 secs] 
2020-09-29T18:21:45.802+0200: 58.395: [GC (Allocation Failure) 2020-09-29T18:21:45.802+0200: 58.395: [ParNew: 602480K->44851K(613440K), 0.0140298 secs] 626219K->68590K(2029056K), 0.0140908 secs] [Times: user=0.00 sys=0.00, real=0.01 secs] 
2020-09-29T18:21:45.868+0200: 58.461: [GC (Allocation Failure) 2020-09-29T18:21:45.868+0200: 58.461: [ParNew: 590195K->57629K(613440K), 0.0245179 secs] 613934K->81368K(2029056K), 0.0245916 secs] [Times: user=0.13 sys=0.00, real=0.02 secs] 
2020-09-29T18:21:45.941+0200: 58.534: [GC (Allocation Failure) 2020-09-29T18:21:45.941+0200: 58.534: [ParNew: 602973K->51850K(613440K), 0.0192908 secs] 626712K->75589K(2029056K), 0.0193552 secs] [Times: user=0.25 sys=0.00, real=0.02 secs] 
2020-09-29T18:21:46.007+0200: 58.600: [GC (Allocation Failure) 2020-09-29T18:21:46.007+0200: 58.600: [ParNew: 597194K->43292K(613440K), 0.0181913 secs] 620933K->67031K(2029056K), 0.0182524 secs] [Times: user=0.13 sys=0.00, real=0.02 secs] 
2020-09-29T18:21:46.074+0200: 58.667: [GC (Allocation Failure) 2020-09-29T18:21:46.074+0200: 58.667: [ParNew: 588636K->39052K(613440K), 0.0185535 secs] 612375K->62791K(2029056K), 0.0186493 secs] [Times: user=0.13 sys=0.00, real=0.02 secs] 
2020-09-29T18:21:46.141+0200: 58.734: [GC (Allocation Failure) 2020-09-29T18:21:46.141+0200: 58.734: [ParNew: 584396K->33872K(613440K), 0.0112960 secs] 608135K->57611K(2029056K), 0.0196925 secs] [Times: user=0.13 sys=0.00, real=0.02 secs] 
2020-09-29T18:21:46.208+0200: 58.801: [GC (Allocation Failure) 2020-09-29T18:21:46.208+0200: 58.801: [ParNew: 579216K->47657K(613440K), 0.0201554 secs] 602955K->71395K(2029056K), 0.0202240 secs] [Times: user=0.13 sys=0.00, real=0.02 secs] 
2020-09-29T18:21:46.278+0200: 58.871: [GC (Allocation Failure) 2020-09-29T18:21:46.278+0200: 58.871: [ParNew: 593001K->39379K(613440K), 0.0140935 secs] 616739K->63118K(2029056K), 0.0141513 secs] [Times: user=0.13 sys=0.00, real=0.01 secs] 
2020-09-29T18:21:46.342+0200: 58.935: [GC (Allocation Failure) 2020-09-29T18:21:46.343+0200: 58.935: [ParNew: 584723K->57518K(613440K), 0.0238914 secs] 608462K->81257K(2029056K), 0.0239813 secs] [Times: user=0.25 sys=0.00, real=0.02 secs] 
2020-09-29T18:21:46.414+0200: 59.007: [GC (Allocation Failure) 2020-09-29T18:21:46.414+0200: 59.007: [ParNew: 602862K->68096K(613440K), 0.0230501 secs] 626601K->92182K(2029056K), 0.0231051 secs] [Times: user=0.13 sys=0.00, real=0.02 secs] 
2020-09-29T18:21:46.484+0200: 59.076: [GC (Allocation Failure) 2020-09-29T18:21:46.484+0200: 59.076: [ParNew: 613440K->48249K(613440K), 0.0100109 secs] 637526K->72335K(2029056K), 0.0101000 secs] [Times: user=0.13 sys=0.00, real=0.01 secs] 
2020-09-29T18:21:46.545+0200: 59.137: [GC (Allocation Failure) 2020-09-29T18:21:46.545+0200: 59.137: [ParNew: 593593K->51722K(613440K), 0.0209801 secs] 617679K->75809K(2029056K), 0.0210427 secs] [Times: user=0.13 sys=0.00, real=0.02 secs] 
2020-09-29T18:21:46.615+0200: 59.208: [GC (Allocation Failure) 2020-09-29T18:21:46.616+0200: 59.208: [ParNew: 597066K->67926K(613440K), 0.0218127 secs] 621153K->92012K(2029056K), 0.0218987 secs] [Times: user=0.13 sys=0.00, real=0.02 secs] 
2020-09-29T18:21:46.684+0200: 59.277: [GC (Allocation Failure) 2020-09-29T18:21:46.685+0200: 59.277: [ParNew: 613270K->29412K(613440K), 0.0152932 secs] 637356K->53498K(2029056K), 0.0153558 secs] [Times: user=0.13 sys=0.00, real=0.02 secs] 
2020-09-29T18:21:46.748+0200: 59.341: [GC (Allocation Failure) 2020-09-29T18:21:46.748+0200: 59.341: [ParNew: 574756K->54286K(613440K), 0.0197172 secs] 598842K->78372K(2029056K), 0.0197744 secs] [Times: user=0.13 sys=0.00, real=0.02 secs] 
2020-09-29T18:21:46.814+0200: 59.407: [GC (Allocation Failure) 2020-09-29T18:21:46.814+0200: 59.407: [ParNew: 599630K->41269K(613440K), 0.0189820 secs] 623716K->65355K(2029056K), 0.0190510 secs] [Times: user=0.25 sys=0.00, real=0.02 secs] 
2020-09-29T18:21:46.881+0200: 59.474: [GC (Allocation Failure) 2020-09-29T18:21:46.881+0200: 59.474: [ParNew: 586613K->40211K(613440K), 0.0186390 secs] 610699K->64297K(2029056K), 0.0187130 secs] [Times: user=0.13 sys=0.00, real=0.02 secs] 
2020-09-29T18:21:46.947+0200: 59.540: [GC (Allocation Failure) 2020-09-29T18:21:46.947+0200: 59.540: [ParNew: 585555K->38100K(613440K), 0.0177131 secs] 609641K->62186K(2029056K), 0.0177676 secs] [Times: user=0.13 sys=0.00, real=0.02 secs] 
2020-09-29T18:21:47.012+0200: 59.605: [GC (Allocation Failure) 2020-09-29T18:21:47.012+0200: 59.605: [ParNew: 583444K->38278K(613440K), 0.0195366 secs] 607530K->62364K(2029056K), 0.0196115 secs] [Times: user=0.11 sys=0.00, real=0.02 secs] 
2020-09-29T18:21:47.089+0200: 59.682: [GC (Allocation Failure) 2020-09-29T18:21:47.089+0200: 59.682: [ParNew: 583622K->56661K(613440K), 0.0216810 secs] 607708K->80747K(2029056K), 0.0217488 secs] [Times: user=0.13 sys=0.00, real=0.02 secs] 
2020-09-29T18:21:47.160+0200: 59.753: [GC (Allocation Failure) 2020-09-29T18:21:47.160+0200: 59.753: [ParNew: 602005K->47919K(613440K), 0.0206724 secs] 626091K->72006K(2029056K), 0.0207431 secs] [Times: user=0.22 sys=0.00, real=0.02 secs] 
2020-09-29T18:21:47.230+0200: 59.823: [GC (Allocation Failure) 2020-09-29T18:21:47.231+0200: 59.823: [ParNew: 593263K->41382K(613440K), 0.0194205 secs] 617350K->65468K(2029056K), 0.0194869 secs] [Times: user=0.13 sys=0.00, real=0.02 secs] 
2020-09-29T18:21:47.297+0200: 59.890: [GC (Allocation Failure) 2020-09-29T18:21:47.297+0200: 59.890: [ParNew: 586726K->40623K(613440K), 0.0182310 secs] 610812K->64709K(2029056K), 0.0182902 secs] [Times: user=0.11 sys=0.00, real=0.02 secs] 
2020-09-29T18:21:47.366+0200: 59.959: [GC (Allocation Failure) 2020-09-29T18:21:47.366+0200: 59.959: [ParNew: 585967K->35477K(613440K), 0.0125583 secs] 610053K->59564K(2029056K), 0.0127030 secs] [Times: user=0.00 sys=0.00, real=0.01 secs] 
2020-09-29T18:21:47.430+0200: 60.023: [GC (Allocation Failure) 2020-09-29T18:21:47.430+0200: 60.023: [ParNew: 580821K->47367K(613440K), 0.0217974 secs] 604908K->71453K(2029056K), 0.0218525 secs] [Times: user=0.13 sys=0.00, real=0.02 secs] 
2020-09-29T18:21:47.500+0200: 60.092: [GC (Allocation Failure) 2020-09-29T18:21:47.500+0200: 60.092: [ParNew: 592711K->67400K(613440K), 0.0206830 secs] 616797K->91486K(2029056K), 0.0207790 secs] [Times: user=0.25 sys=0.00, real=0.02 secs] 
2020-09-29T18:21:47.568+0200: 60.160: [GC (Allocation Failure) 2020-09-29T18:21:47.568+0200: 60.160: [ParNew: 612744K->46515K(613440K), 0.0206346 secs] 636830K->70601K(2029056K), 0.0207299 secs] [Times: user=0.13 sys=0.00, real=0.02 secs] 
2020-09-29T18:21:47.638+0200: 60.230: [GC (Allocation Failure) 2020-09-29T18:21:47.638+0200: 60.230: [ParNew: 591859K->46907K(613440K), 0.0145855 secs] 615945K->70993K(2029056K), 0.0146633 secs] [Times: user=0.13 sys=0.00, real=0.01 secs] 
2020-09-29T18:21:47.704+0200: 60.297: [GC (Allocation Failure) 2020-09-29T18:21:47.704+0200: 60.297: [ParNew: 592251K->43689K(613440K), 0.0185363 secs] 616337K->67775K(2029056K), 0.0185922 secs] [Times: user=0.13 sys=0.00, real=0.02 secs] 
2020-09-29T18:21:47.773+0200: 60.365: [GC (Allocation Failure) 2020-09-29T18:21:47.773+0200: 60.365: [ParNew: 589033K->57156K(613440K), 0.0174551 secs] 613119K->81242K(2029056K), 0.0175297 secs] [Times: user=0.13 sys=0.00, real=0.02 secs] 
2020-09-29T18:21:47.842+0200: 60.435: [GC (Allocation Failure) 2020-09-29T18:21:47.842+0200: 60.435: [ParNew: 602500K->41061K(613440K), 0.0173024 secs] 626586K->65147K(2029056K), 0.0173569 secs] [Times: user=0.13 sys=0.00, real=0.02 secs] 
2020-09-29T18:21:47.910+0200: 60.502: [GC (Allocation Failure) 2020-09-29T18:21:47.910+0200: 60.502: [ParNew: 586405K->31819K(613440K), 0.0105712 secs] 610491K->55905K(2029056K), 0.0106596 secs] [Times: user=0.13 sys=0.00, real=0.01 secs] 
2020-09-29T18:21:47.968+0200: 60.561: [GC (Allocation Failure) 2020-09-29T18:21:47.968+0200: 60.561: [ParNew: 577163K->30777K(613440K), 0.0140211 secs] 601249K->54863K(2029056K), 0.0140756 secs] [Times: user=0.13 sys=0.00, real=0.01 secs] 
2020-09-29T18:21:48.034+0200: 60.626: [GC (Allocation Failure) 2020-09-29T18:21:48.034+0200: 60.626: [ParNew: 576121K->44985K(613440K), 0.0189320 secs] 600207K->69071K(2029056K), 0.0189900 secs] [Times: user=0.25 sys=0.00, real=0.02 secs] 
2020-09-29T18:21:48.107+0200: 60.700: [GC (Allocation Failure) 2020-09-29T18:21:48.107+0200: 60.700: [ParNew: 590329K->40973K(613440K), 0.0174444 secs] 614415K->65059K(2029056K), 0.0175172 secs] [Times: user=0.13 sys=0.00, real=0.02 secs] 
2020-09-29T18:21:48.171+0200: 60.764: [GC (Allocation Failure) 2020-09-29T18:21:48.171+0200: 60.764: [ParNew: 586317K->42899K(613440K), 0.0159521 secs] 610403K->66985K(2029056K), 0.0160186 secs] [Times: user=0.13 sys=0.00, real=0.02 secs] 
2020-09-29T18:21:48.235+0200: 60.827: [GC (Allocation Failure) 2020-09-29T18:21:48.235+0200: 60.827: [ParNew: 588243K->65278K(613440K), 0.0215930 secs] 612329K->89364K(2029056K), 0.0216806 secs] [Times: user=0.25 sys=0.00, real=0.02 secs] 
2020-09-29T18:21:48.304+0200: 60.896: [GC (Allocation Failure) 2020-09-29T18:21:48.304+0200: 60.896: [ParNew: 610622K->49606K(613440K), 0.0157387 secs] 634708K->73692K(2029056K), 0.0157955 secs] [Times: user=0.13 sys=0.00, real=0.02 secs] 
2020-09-29T18:21:48.369+0200: 60.961: [GC (Allocation Failure) 2020-09-29T18:21:48.369+0200: 60.961: [ParNew: 594950K->41230K(613440K), 0.0146529 secs] 619036K->65316K(2029056K), 0.0147230 secs] [Times: user=0.13 sys=0.00, real=0.01 secs] 
2020-09-29T18:21:48.432+0200: 61.025: [GC (Allocation Failure) 2020-09-29T18:21:48.432+0200: 61.025: [ParNew: 586574K->46442K(613440K), 0.0191600 secs] 610660K->70528K(2029056K), 0.0192231 secs] [Times: user=0.13 sys=0.00, real=0.02 secs] 
2020-09-29T18:21:48.501+0200: 61.094: [GC (Allocation Failure) 2020-09-29T18:21:48.501+0200: 61.094: [ParNew: 591786K->57484K(613440K), 0.0179807 secs] 615872K->81570K(2029056K), 0.0180394 secs] [Times: user=0.13 sys=0.00, real=0.02 secs] 
2020-09-29T18:21:48.566+0200: 61.159: [GC (Allocation Failure) 2020-09-29T18:21:48.566+0200: 61.159: [ParNew: 602828K->61509K(613440K), 0.0232310 secs] 626914K->85595K(2029056K), 0.0233417 secs] [Times: user=0.25 sys=0.00, real=0.02 secs] 
2020-09-29T18:21:48.640+0200: 61.232: [GC (Allocation Failure) 2020-09-29T18:21:48.640+0200: 61.232: [ParNew: 606853K->44138K(613440K), 0.0194303 secs] 630939K->68224K(2029056K), 0.0195136 secs] [Times: user=0.11 sys=0.00, real=0.02 secs] 
2020-09-29T18:21:48.712+0200: 61.305: [GC (Allocation Failure) 2020-09-29T18:21:48.712+0200: 61.305: [ParNew: 589482K->64434K(613440K), 0.0233640 secs] 613568K->88520K(2029056K), 0.0234288 secs] [Times: user=0.13 sys=0.00, real=0.02 secs] 
2020-09-29T18:21:48.785+0200: 61.378: [GC (Allocation Failure) 2020-09-29T18:21:48.785+0200: 61.378: [ParNew: 609778K->40352K(613440K), 0.0175718 secs] 633864K->64438K(2029056K), 0.0176386 secs] [Times: user=0.25 sys=0.00, real=0.02 secs] 
2020-09-29T18:21:48.853+0200: 61.445: [GC (Allocation Failure) 2020-09-29T18:21:48.853+0200: 61.445: [ParNew: 585696K->40145K(613440K), 0.0192624 secs] 609782K->64231K(2029056K), 0.0193392 secs] [Times: user=0.13 sys=0.00, real=0.02 secs] 
2020-09-29T18:21:48.921+0200: 61.514: [GC (Allocation Failure) 2020-09-29T18:21:48.921+0200: 61.514: [ParNew: 585489K->35289K(613440K), 0.0108683 secs] 609575K->59375K(2029056K), 0.0109261 secs] [Times: user=0.13 sys=0.00, real=0.01 secs] 
2020-09-29T18:21:48.979+0200: 61.572: [GC (Allocation Failure) 2020-09-29T18:21:48.979+0200: 61.572: [ParNew: 580633K->47253K(613440K), 0.0209383 secs] 604719K->71339K(2029056K), 0.0209954 secs] [Times: user=0.13 sys=0.00, real=0.02 secs] 
2020-09-29T18:21:49.048+0200: 61.641: [GC (Allocation Failure) 2020-09-29T18:21:49.048+0200: 61.641: [ParNew: 592597K->66057K(613440K), 0.0211312 secs] 616683K->90143K(2029056K), 0.0211838 secs] [Times: user=0.25 sys=0.00, real=0.02 secs] 
2020-09-29T18:21:49.117+0200: 61.709: [GC (Allocation Failure) 2020-09-29T18:21:49.117+0200: 61.709: [ParNew: 611401K->30683K(613440K), 0.0141366 secs] 635487K->54769K(2029056K), 0.0141996 secs] [Times: user=0.13 sys=0.00, real=0.01 secs] 
2020-09-29T18:21:49.182+0200: 61.774: [GC (Allocation Failure) 2020-09-29T18:21:49.182+0200: 61.774: [ParNew: 576027K->49661K(613440K), 0.0186706 secs] 600113K->73747K(2029056K), 0.0187260 secs] [Times: user=0.13 sys=0.00, real=0.02 secs] 
2020-09-29T18:21:49.247+0200: 61.840: [GC (Allocation Failure) 2020-09-29T18:21:49.248+0200: 61.840: [ParNew: 595005K->40027K(613440K), 0.0178328 secs] 619091K->64113K(2029056K), 0.0179348 secs] [Times: user=0.13 sys=0.00, real=0.02 secs] 
2020-09-29T18:21:49.315+0200: 61.908: [GC (Allocation Failure) 2020-09-29T18:21:49.315+0200: 61.908: [ParNew: 585371K->37338K(613440K), 0.0129832 secs] 609457K->61424K(2029056K), 0.0130540 secs] [Times: user=0.13 sys=0.00, real=0.01 secs] 
2020-09-29T18:21:49.380+0200: 61.972: [GC (Allocation Failure) 2020-09-29T18:21:49.380+0200: 61.972: [ParNew: 582682K->51053K(613440K), 0.0208170 secs] 606768K->75140K(2029056K), 0.0208774 secs] [Times: user=0.13 sys=0.00, real=0.02 secs] 
2020-09-29T18:21:49.449+0200: 62.041: [GC (Allocation Failure) 2020-09-29T18:21:49.449+0200: 62.041: [ParNew: 596397K->63823K(613440K), 0.0198836 secs] 620484K->87909K(2029056K), 0.0199380 secs] [Times: user=0.13 sys=0.00, real=0.02 secs] 
2020-09-29T18:21:49.517+0200: 62.109: [GC (Allocation Failure) 2020-09-29T18:21:49.517+0200: 62.109: [ParNew: 609167K->46696K(613440K), 0.0192203 secs] 633253K->70782K(2029056K), 0.0192779 secs] [Times: user=0.25 sys=0.00, real=0.02 secs] 
2020-09-29T18:21:49.585+0200: 62.178: [GC (Allocation Failure) 2020-09-29T18:21:49.585+0200: 62.178: [ParNew: 592040K->58013K(613440K), 0.0199503 secs] 616126K->82099K(2029056K), 0.0200273 secs] [Times: user=0.11 sys=0.00, real=0.02 secs] 
2020-09-29T18:21:49.654+0200: 62.247: [GC (Allocation Failure) 2020-09-29T18:21:49.654+0200: 62.247: [ParNew: 603357K->45527K(613440K), 0.0184069 secs] 627443K->69613K(2029056K), 0.0184748 secs] [Times: user=0.13 sys=0.00, real=0.02 secs] 
2020-09-29T18:21:49.721+0200: 62.313: [GC (Allocation Failure) 2020-09-29T18:21:49.721+0200: 62.313: [ParNew: 590871K->68096K(613440K), 0.0213638 secs] 614957K->92182K(2029056K), 0.0214177 secs] [Times: user=0.25 sys=0.00, real=0.02 secs] 
2020-09-29T18:21:49.791+0200: 62.384: [GC (Allocation Failure) 2020-09-29T18:21:49.791+0200: 62.384: [ParNew: 613440K->49841K(613440K), 0.0166131 secs] 637526K->73927K(2029056K), 0.0166816 secs] [Times: user=0.13 sys=0.00, real=0.02 secs] 
2020-09-29T18:21:49.855+0200: 62.447: [GC (Allocation Failure) 2020-09-29T18:21:49.855+0200: 62.447: [ParNew: 595185K->47080K(613440K), 0.0207755 secs] 619271K->71167K(2029056K), 0.0208485 secs] [Times: user=0.13 sys=0.00, real=0.02 secs] 
2020-09-29T18:21:49.924+0200: 62.516: [GC (Allocation Failure) 2020-09-29T18:21:49.924+0200: 62.517: [ParNew: 592424K->44657K(613440K), 0.0197433 secs] 616511K->68743K(2029056K), 0.0198077 secs] [Times: user=0.25 sys=0.00, real=0.02 secs] 
2020-09-29T18:21:49.991+0200: 62.583: [GC (Allocation Failure) 2020-09-29T18:21:49.991+0200: 62.583: [ParNew: 590001K->37359K(613440K), 0.0132337 secs] 614087K->61445K(2029056K), 0.0132862 secs] [Times: user=0.00 sys=0.00, real=0.01 secs] 
2020-09-29T18:21:50.053+0200: 62.645: [GC (Allocation Failure) 2020-09-29T18:21:50.053+0200: 62.645: [ParNew: 582703K->54354K(613440K), 0.0177024 secs] 606789K->78440K(2029056K), 0.0177603 secs] [Times: user=0.13 sys=0.00, real=0.02 secs] 
2020-09-29T18:21:50.119+0200: 62.711: [GC (Allocation Failure) 2020-09-29T18:21:50.119+0200: 62.711: [ParNew: 599698K->38207K(613440K), 0.0163287 secs] 623784K->62293K(2029056K), 0.0163874 secs] [Times: user=0.13 sys=0.00, real=0.02 secs] 
2020-09-29T18:21:50.187+0200: 62.779: [GC (Allocation Failure) 2020-09-29T18:21:50.187+0200: 62.779: [ParNew: 583551K->31182K(613440K), 0.0094088 secs] 607637K->55269K(2029056K), 0.0094796 secs] [Times: user=0.13 sys=0.00, real=0.01 secs] 
2020-09-29T18:21:50.245+0200: 62.838: [GC (Allocation Failure) 2020-09-29T18:21:50.250+0200: 62.842: [ParNew: 576526K->44049K(613440K), 0.0197933 secs] 600613K->68135K(2029056K), 0.0242270 secs] [Times: user=0.13 sys=0.00, real=0.03 secs] 
2020-09-29T18:21:50.317+0200: 62.910: [GC (Allocation Failure) 2020-09-29T18:21:50.317+0200: 62.910: [ParNew: 589393K->58502K(613440K), 0.0189089 secs] 613479K->82589K(2029056K), 0.0189796 secs] [Times: user=0.13 sys=0.00, real=0.02 secs] 
2020-09-29T18:21:50.390+0200: 62.983: [GC (Allocation Failure) 2020-09-29T18:21:50.390+0200: 62.983: [ParNew: 603846K->44574K(613440K), 0.0169335 secs] 627933K->68660K(2029056K), 0.0169925 secs] [Times: user=0.13 sys=0.00, real=0.02 secs] 
2020-09-29T18:21:50.456+0200: 63.049: [GC (Allocation Failure) 2020-09-29T18:21:50.456+0200: 63.049: [ParNew: 589918K->61144K(613440K), 0.0224322 secs] 614004K->85230K(2029056K), 0.0224999 secs] [Times: user=0.25 sys=0.00, real=0.02 secs] 
2020-09-29T18:21:50.526+0200: 63.118: [GC (Allocation Failure) 2020-09-29T18:21:50.526+0200: 63.118: [ParNew: 606488K->49073K(613440K), 0.0160675 secs] 630574K->73159K(2029056K), 0.0161344 secs] [Times: user=0.13 sys=0.00, real=0.02 secs] 
2020-09-29T18:21:50.591+0200: 63.183: [GC (Allocation Failure) 2020-09-29T18:21:50.591+0200: 63.183: [ParNew: 594417K->48189K(613440K), 0.0212120 secs] 618503K->72275K(2029056K), 0.0212668 secs] [Times: user=0.13 sys=0.00, real=0.02 secs] 
2020-09-29T18:21:50.661+0200: 63.254: [GC (Allocation Failure) 2020-09-29T18:21:50.661+0200: 63.254: [ParNew: 593533K->65567K(613440K), 0.0201787 secs] 617619K->89653K(2029056K), 0.0202447 secs] [Times: user=0.13 sys=0.00, real=0.02 secs] 
2020-09-29T18:21:50.731+0200: 63.324: [GC (Allocation Failure) 2020-09-29T18:21:50.731+0200: 63.324: [ParNew: 610911K->54207K(613440K), 0.0181506 secs] 634997K->78293K(2029056K), 0.0182220 secs] [Times: user=0.13 sys=0.00, real=0.02 secs] 
2020-09-29T18:21:50.799+0200: 63.392: [GC (Allocation Failure) 2020-09-29T18:21:50.799+0200: 63.392: [ParNew: 599551K->43752K(613440K), 0.0173106 secs] 623637K->67838K(2029056K), 0.0173658 secs] [Times: user=0.24 sys=0.00, real=0.02 secs] 
2020-09-29T18:21:50.866+0200: 63.458: [GC (Allocation Failure) 2020-09-29T18:21:50.866+0200: 63.458: [ParNew: 589096K->43101K(613440K), 0.0173538 secs] 613182K->67187K(2029056K), 0.0174127 secs] [Times: user=0.13 sys=0.00, real=0.02 secs] 
2020-09-29T18:21:50.931+0200: 63.524: [GC (Allocation Failure) 2020-09-29T18:21:50.931+0200: 63.524: [ParNew: 588445K->63884K(613440K), 0.0228691 secs] 612531K->87970K(2029056K), 0.0229331 secs] [Times: user=0.13 sys=0.00, real=0.02 secs] 
2020-09-29T18:21:51.001+0200: 63.594: [GC (Allocation Failure) 2020-09-29T18:21:51.001+0200: 63.594: [ParNew: 609228K->46795K(613440K), 0.0166043 secs] 633314K->70881K(2029056K), 0.0166595 secs] [Times: user=0.13 sys=0.00, real=0.02 secs] 
2020-09-29T18:21:51.065+0200: 63.658: [GC (Allocation Failure) 2020-09-29T18:21:51.065+0200: 63.658: [ParNew: 592139K->38019K(613440K), 0.0159834 secs] 616225K->62105K(2029056K), 0.0160339 secs] [Times: user=0.13 sys=0.00, real=0.02 secs] 
2020-09-29T18:21:51.130+0200: 63.722: [GC (Allocation Failure) 2020-09-29T18:21:51.130+0200: 63.722: [ParNew: 583363K->38109K(613440K), 0.0151707 secs] 607449K->62195K(2029056K), 0.0152250 secs] [Times: user=0.00 sys=0.00, real=0.01 secs] 
2020-09-29T18:21:51.198+0200: 63.790: [GC (Allocation Failure) 2020-09-29T18:21:51.198+0200: 63.790: [ParNew: 583453K->53760K(613440K), 0.0197000 secs] 607539K->77846K(2029056K), 0.0197553 secs] [Times: user=0.13 sys=0.00, real=0.02 secs] 
2020-09-29T18:21:51.264+0200: 63.857: [GC (Allocation Failure) 2020-09-29T18:21:51.264+0200: 63.857: [ParNew: 597332K->38437K(613440K), 0.0132757 secs] 621418K->62523K(2029056K), 0.0133314 secs] [Times: user=0.13 sys=0.00, real=0.01 secs] 
2020-09-29T18:21:51.324+0200: 63.917: [GC (Allocation Failure) 2020-09-29T18:21:51.324+0200: 63.917: [ParNew: 583781K->54691K(613440K), 0.0232605 secs] 607867K->78777K(2029056K), 0.0233383 secs] [Times: user=0.13 sys=0.00, real=0.02 secs] 
2020-09-29T18:21:51.396+0200: 63.988: [GC (Allocation Failure) 2020-09-29T18:21:51.396+0200: 63.988: [ParNew: 600035K->68096K(613440K), 0.0231934 secs] 624121K->92566K(2029056K), 0.0232528 secs] [Times: user=0.13 sys=0.00, real=0.02 secs] 
2020-09-29T18:21:51.466+0200: 64.058: [GC (Allocation Failure) 2020-09-29T18:21:51.466+0200: 64.058: [ParNew: 613440K->54045K(613440K), 0.0214744 secs] 637910K->78515K(2029056K), 0.0215333 secs] [Times: user=0.13 sys=0.00, real=0.02 secs] 
2020-09-29T18:21:51.536+0200: 64.128: [GC (Allocation Failure) 2020-09-29T18:21:51.536+0200: 64.128: [ParNew: 599389K->53177K(613440K), 0.0208673 secs] 623859K->77647K(2029056K), 0.0209312 secs] [Times: user=0.13 sys=0.00, real=0.02 secs] 
2020-09-29T18:21:51.606+0200: 64.199: [GC (Allocation Failure) 2020-09-29T18:21:51.606+0200: 64.199: [ParNew: 598521K->48778K(613440K), 0.0210384 secs] 622991K->73248K(2029056K), 0.0283893 secs] [Times: user=0.13 sys=0.00, real=0.03 secs] 
2020-09-29T18:21:51.682+0200: 64.274: [GC (Allocation Failure) 2020-09-29T18:21:51.682+0200: 64.274: [ParNew: 594122K->38127K(613440K), 0.0141043 secs] 618592K->62597K(2029056K), 0.0141595 secs] [Times: user=0.13 sys=0.00, real=0.01 secs] 
2020-09-29T18:21:51.747+0200: 64.340: [GC (Allocation Failure) 2020-09-29T18:21:51.747+0200: 64.340: [ParNew: 583471K->63859K(613440K), 0.0235958 secs] 607941K->88329K(2029056K), 0.0236797 secs] [Times: user=0.25 sys=0.00, real=0.02 secs] 
2020-09-29T18:21:51.820+0200: 64.412: [GC (Allocation Failure) 2020-09-29T18:21:51.820+0200: 64.412: [ParNew: 609203K->68096K(613440K), 0.0225311 secs] 633673K->92592K(2029056K), 0.0226129 secs] [Times: user=0.13 sys=0.00, real=0.02 secs] 
2020-09-29T18:21:51.892+0200: 64.484: [GC (Allocation Failure) 2020-09-29T18:21:51.892+0200: 64.484: [ParNew: 613440K->42706K(613440K), 0.0117419 secs] 637936K->67203K(2029056K), 0.0118022 secs] [Times: user=0.13 sys=0.00, real=0.01 secs] 
2020-09-29T18:21:51.951+0200: 64.544: [GC (Allocation Failure) 2020-09-29T18:21:51.951+0200: 64.544: [ParNew: 588050K->58018K(613440K), 0.0218645 secs] 612547K->82515K(2029056K), 0.0219204 secs] [Times: user=0.13 sys=0.00, real=0.02 secs] 
2020-09-29T18:21:52.022+0200: 64.615: [GC (Allocation Failure) 2020-09-29T18:21:52.022+0200: 64.615: [ParNew: 603362K->43948K(613440K), 0.0153947 secs] 627859K->68445K(2029056K), 0.0154724 secs] [Times: user=0.13 sys=0.00, real=0.02 secs] 
2020-09-29T18:21:52.087+0200: 64.680: [GC (Allocation Failure) 2020-09-29T18:21:52.087+0200: 64.680: [ParNew: 589292K->30420K(613440K), 0.0145345 secs] 613789K->54917K(2029056K), 0.0146183 secs] [Times: user=0.13 sys=0.00, real=0.02 secs] 
2020-09-29T18:21:52.153+0200: 64.746: [GC (Allocation Failure) 2020-09-29T18:21:52.153+0200: 64.746: [ParNew: 575764K->48591K(613440K), 0.0189652 secs] 600261K->73088K(2029056K), 0.0190259 secs] [Times: user=0.13 sys=0.00, real=0.02 secs] 
2020-09-29T18:21:52.222+0200: 64.814: [GC (Allocation Failure) 2020-09-29T18:21:52.222+0200: 64.814: [ParNew: 593935K->27900K(613440K), 0.0066214 secs] 618432K->52397K(2029056K), 0.0066780 secs] [Times: user=0.13 sys=0.00, real=0.01 secs] 
2020-09-29T18:21:52.287+0200: 64.880: [GC (Allocation Failure) 2020-09-29T18:21:52.287+0200: 64.880: [ParNew: 573244K->34950K(613440K), 0.0158909 secs] 597741K->59447K(2029056K), 0.0159457 secs] [Times: user=0.13 sys=0.00, real=0.02 secs] 
2020-09-29T18:21:52.352+0200: 64.945: [GC (Allocation Failure) 2020-09-29T18:21:52.352+0200: 64.945: [ParNew: 580294K->54126K(613440K), 0.0220951 secs] 604791K->78623K(2029056K), 0.0221701 secs] [Times: user=0.11 sys=0.00, real=0.02 secs] 
2020-09-29T18:21:52.422+0200: 65.015: [GC (Allocation Failure) 2020-09-29T18:21:52.422+0200: 65.015: [ParNew: 599470K->55234K(613440K), 0.0214699 secs] 623967K->79731K(2029056K), 0.0215518 secs] [Times: user=0.25 sys=0.00, real=0.02 secs] 
2020-09-29T18:21:52.494+0200: 65.087: [GC (Allocation Failure) 2020-09-29T18:21:52.494+0200: 65.087: [ParNew: 600578K->41242K(613440K), 0.0139545 secs] 625075K->65739K(2029056K), 0.0140172 secs] [Times: user=0.13 sys=0.00, real=0.01 secs] 
2020-09-29T18:21:52.555+0200: 65.148: [GC (Allocation Failure) 2020-09-29T18:21:52.555+0200: 65.148: [ParNew: 586586K->44267K(613440K), 0.0193534 secs] 611083K->68764K(2029056K), 0.0194366 secs] [Times: user=0.11 sys=0.00, real=0.02 secs] 
2020-09-29T18:21:52.625+0200: 65.217: [GC (Allocation Failure) 2020-09-29T18:21:52.625+0200: 65.218: [ParNew: 589611K->52026K(613440K), 0.0185357 secs] 614108K->76523K(2029056K), 0.0185957 secs] [Times: user=0.11 sys=0.00, real=0.02 secs] 
2020-09-29T18:21:52.692+0200: 65.285: [GC (Allocation Failure) 2020-09-29T18:21:52.692+0200: 65.285: [ParNew: 597370K->57886K(613440K), 0.0213954 secs] 621867K->82383K(2029056K), 0.0214531 secs] [Times: user=0.13 sys=0.00, real=0.02 secs] 
2020-09-29T18:21:52.761+0200: 65.353: [GC (Allocation Failure) 2020-09-29T18:21:52.761+0200: 65.353: [ParNew: 603230K->47570K(613440K), 0.0144790 secs] 627727K->72067K(2029056K), 0.0145388 secs] [Times: user=0.13 sys=0.00, real=0.01 secs] 
2020-09-29T18:21:52.825+0200: 65.418: [GC (Allocation Failure) 2020-09-29T18:21:52.825+0200: 65.418: [ParNew: 592914K->44654K(613440K), 0.0201098 secs] 617411K->69151K(2029056K), 0.0202019 secs] [Times: user=0.13 sys=0.00, real=0.02 secs] 
2020-09-29T18:21:52.894+0200: 65.486: [GC (Allocation Failure) 2020-09-29T18:21:52.894+0200: 65.486: [ParNew: 589998K->42893K(613440K), 0.0140829 secs] 614495K->67390K(2029056K), 0.0141379 secs] [Times: user=0.09 sys=0.02, real=0.01 secs] 
2020-09-29T18:21:52.956+0200: 65.549: [GC (Allocation Failure) 2020-09-29T18:21:52.956+0200: 65.549: [ParNew: 588237K->25708K(613440K), 0.0127456 secs] 612734K->50205K(2029056K), 0.0128088 secs] [Times: user=0.13 sys=0.00, real=0.01 secs] 
2020-09-29T18:21:53.020+0200: 65.612: [GC (Allocation Failure) 2020-09-29T18:21:53.020+0200: 65.612: [ParNew: 571052K->42116K(613440K), 0.0176668 secs] 595549K->66613K(2029056K), 0.0177458 secs] [Times: user=0.13 sys=0.00, real=0.02 secs] 
2020-09-29T18:21:53.085+0200: 65.678: [GC (Allocation Failure) 2020-09-29T18:21:53.085+0200: 65.678: [ParNew: 587460K->54027K(613440K), 0.0176686 secs] 611957K->78524K(2029056K), 0.0177254 secs] [Times: user=0.13 sys=0.00, real=0.02 secs] 
2020-09-29T18:21:53.149+0200: 65.742: [GC (Allocation Failure) 2020-09-29T18:21:53.149+0200: 65.742: [ParNew: 599371K->43180K(613440K), 0.0171169 secs] 623868K->67677K(2029056K), 0.0171729 secs] [Times: user=0.13 sys=0.00, real=0.02 secs] 
2020-09-29T18:21:53.214+0200: 65.807: [GC (Allocation Failure) 2020-09-29T18:21:53.214+0200: 65.807: [ParNew: 588524K->32067K(613440K), 0.0149210 secs] 613021K->56564K(2029056K), 0.0149747 secs] [Times: user=0.13 sys=0.00, real=0.02 secs] 
2020-09-29T18:21:53.280+0200: 65.873: [GC (Allocation Failure) 2020-09-29T18:21:53.280+0200: 65.873: [ParNew: 577411K->56991K(613440K), 0.0195199 secs] 601908K->81488K(2029056K), 0.0195751 secs] [Times: user=0.13 sys=0.00, real=0.02 secs] 
2020-09-29T18:21:53.349+0200: 65.942: [GC (Allocation Failure) 2020-09-29T18:21:53.349+0200: 65.942: [ParNew: 602335K->46237K(613440K), 0.0188586 secs] 626832K->70734K(2029056K), 0.0189507 secs] [Times: user=0.13 sys=0.00, real=0.02 secs] 
2020-09-29T18:21:53.415+0200: 66.008: [GC (Allocation Failure) 2020-09-29T18:21:53.415+0200: 66.008: [ParNew: 591581K->45216K(613440K), 0.0178844 secs] 616078K->69713K(2029056K), 0.0179407 secs] [Times: user=0.13 sys=0.00, real=0.02 secs] 
2020-09-29T18:21:53.483+0200: 66.075: [GC (Allocation Failure) 2020-09-29T18:21:53.483+0200: 66.075: [ParNew: 590442K->37843K(613440K), 0.0127544 secs] 614939K->62340K(2029056K), 0.0128091 secs] [Times: user=0.13 sys=0.00, real=0.01 secs] 
2020-09-29T18:21:53.547+0200: 66.140: [GC (Allocation Failure) 2020-09-29T18:21:53.547+0200: 66.140: [ParNew: 583187K->50972K(613440K), 0.0218700 secs] 607684K->75469K(2029056K), 0.0219564 secs] [Times: user=0.25 sys=0.00, real=0.02 secs] 
2020-09-29T18:21:53.618+0200: 66.211: [GC (Allocation Failure) 2020-09-29T18:21:53.619+0200: 66.211: [ParNew: 596316K->43045K(613440K), 0.0167972 secs] 620813K->67542K(2029056K), 0.0168798 secs] [Times: user=0.13 sys=0.00, real=0.02 secs] 
2020-09-29T18:21:53.685+0200: 66.278: [GC (Allocation Failure) 2020-09-29T18:21:53.685+0200: 66.278: [ParNew: 588389K->63925K(613440K), 0.0211266 secs] 612886K->88422K(2029056K), 0.0211934 secs] [Times: user=0.13 sys=0.00, real=0.02 secs] 
2020-09-29T18:21:53.753+0200: 66.346: [GC (Allocation Failure) 2020-09-29T18:21:53.753+0200: 66.346: [ParNew: 609269K->40869K(613440K), 0.0141111 secs] 633766K->65366K(2029056K), 0.0141675 secs] [Times: user=0.13 sys=0.00, real=0.01 secs] 
2020-09-29T18:21:53.824+0200: 66.417: [GC (Allocation Failure) 2020-09-29T18:21:53.825+0200: 66.417: [ParNew: 586213K->55900K(613440K), 0.0243295 secs] 610710K->80397K(2029056K), 0.0243902 secs] [Times: user=0.25 sys=0.00, real=0.03 secs] 
2020-09-29T18:21:53.896+0200: 66.489: [GC (Allocation Failure) 2020-09-29T18:21:53.896+0200: 66.489: [ParNew: 601244K->37916K(613440K), 0.0116982 secs] 625741K->62413K(2029056K), 0.0117558 secs] [Times: user=0.00 sys=0.00, real=0.01 secs] 
2020-09-29T18:21:53.958+0200: 66.550: [GC (Allocation Failure) 2020-09-29T18:21:53.958+0200: 66.550: [ParNew: 583260K->40310K(613440K), 0.0159270 secs] 607757K->64807K(2029056K), 0.0159822 secs] [Times: user=0.13 sys=0.00, real=0.02 secs] 
2020-09-29T18:21:54.023+0200: 66.616: [GC (Allocation Failure) 2020-09-29T18:21:54.023+0200: 66.616: [ParNew: 585654K->47057K(613440K), 0.0157448 secs] 610151K->71554K(2029056K), 0.0157980 secs] [Times: user=0.13 sys=0.00, real=0.02 secs] 
2020-09-29T18:21:54.086+0200: 66.679: [GC (Allocation Failure) 2020-09-29T18:21:54.086+0200: 66.679: [ParNew: 592401K->33566K(613440K), 0.0149897 secs] 616898K->58063K(2029056K), 0.0150592 secs] [Times: user=0.13 sys=0.00, real=0.02 secs] 
2020-09-29T18:21:54.149+0200: 66.742: [GC (Allocation Failure) 2020-09-29T18:21:54.149+0200: 66.742: [ParNew: 578370K->23979K(613440K), 0.0133422 secs] 602867K->48476K(2029056K), 0.0134030 secs] [Times: user=0.13 sys=0.00, real=0.01 secs] 
2020-09-29T18:21:54.210+0200: 66.803: [GC (Allocation Failure) 2020-09-29T18:21:54.210+0200: 66.803: [ParNew: 569323K->46524K(613440K), 0.0165989 secs] 593820K->71021K(2029056K), 0.0166550 secs] [Times: user=0.13 sys=0.00, real=0.02 secs] 
2020-09-29T18:21:54.278+0200: 66.871: [GC (Allocation Failure) 2020-09-29T18:21:54.278+0200: 66.871: [ParNew: 591868K->63835K(613440K), 0.0216386 secs] 616365K->88332K(2029056K), 0.0216996 secs] [Times: user=0.13 sys=0.00, real=0.02 secs] 
2020-09-29T18:21:54.348+0200: 66.940: [GC (Allocation Failure) 2020-09-29T18:21:54.348+0200: 66.940: [ParNew: 609179K->47168K(613440K), 0.0161493 secs] 633676K->71665K(2029056K), 0.0230335 secs] [Times: user=0.11 sys=0.00, real=0.02 secs] 
2020-09-29T18:21:54.419+0200: 67.012: [GC (Allocation Failure) 2020-09-29T18:21:54.419+0200: 67.012: [ParNew: 592512K->65712K(613440K), 0.0252580 secs] 617009K->90209K(2029056K), 0.0253310 secs] [Times: user=0.25 sys=0.00, real=0.03 secs] 
2020-09-29T18:21:54.496+0200: 67.089: [GC (Allocation Failure) 2020-09-29T18:21:54.496+0200: 67.089: [ParNew: 611056K->55522K(613440K), 0.0211086 secs] 635553K->80019K(2029056K), 0.0211846 secs] [Times: user=0.13 sys=0.00, real=0.02 secs] 
2020-09-29T18:21:54.568+0200: 67.161: [GC (Allocation Failure) 2020-09-29T18:21:54.568+0200: 67.161: [ParNew: 600866K->49230K(613440K), 0.0199529 secs] 625363K->73727K(2029056K), 0.0200350 secs] [Times: user=0.13 sys=0.00, real=0.02 secs] 
2020-09-29T18:21:54.640+0200: 67.233: [GC (Allocation Failure) 2020-09-29T18:21:54.640+0200: 67.233: [ParNew: 594574K->68096K(613440K), 0.0248925 secs] 619071K->93155K(2029056K), 0.0249650 secs] [Times: user=0.25 sys=0.00, real=0.02 secs] 
2020-09-29T18:21:54.713+0200: 67.306: [GC (Allocation Failure) 2020-09-29T18:21:54.713+0200: 67.306: [ParNew: 613440K->44989K(613440K), 0.0105802 secs] 638499K->70049K(2029056K), 0.0106344 secs] [Times: user=0.13 sys=0.00, real=0.01 secs] 
2020-09-29T18:21:54.776+0200: 67.369: [GC (Allocation Failure) 2020-09-29T18:21:54.777+0200: 67.369: [ParNew: 590333K->36397K(613440K), 0.0165135 secs] 615393K->61456K(2029056K), 0.0165787 secs] [Times: user=0.13 sys=0.00, real=0.02 secs] 
2020-09-29T18:21:54.848+0200: 67.441: [GC (Allocation Failure) 2020-09-29T18:21:54.848+0200: 67.441: [ParNew: 581741K->46020K(613440K), 0.0164492 secs] 606800K->71079K(2029056K), 0.0165135 secs] [Times: user=0.13 sys=0.00, real=0.02 secs] 
2020-09-29T18:21:54.911+0200: 67.504: [GC (Allocation Failure) 2020-09-29T18:21:54.911+0200: 67.504: [ParNew: 591364K->30371K(613440K), 0.0097953 secs] 616423K->55431K(2029056K), 0.0098638 secs] [Times: user=0.00 sys=0.00, real=0.01 secs] 
2020-09-29T18:21:54.976+0200: 67.569: [GC (Allocation Failure) 2020-09-29T18:21:54.976+0200: 67.569: [ParNew: 575715K->43850K(613440K), 0.0197317 secs] 600775K->68909K(2029056K), 0.0197959 secs] [Times: user=0.13 sys=0.00, real=0.02 secs] 
2020-09-29T18:21:55.046+0200: 67.638: [GC (Allocation Failure) 2020-09-29T18:21:55.046+0200: 67.638: [ParNew: 589194K->26963K(613440K), 0.0065640 secs] 614253K->52022K(2029056K), 0.0066190 secs] [Times: user=0.13 sys=0.00, real=0.01 secs] 
2020-09-29T18:21:55.101+0200: 67.694: [GC (Allocation Failure) 2020-09-29T18:21:55.101+0200: 67.694: [ParNew: 572307K->39862K(613440K), 0.0203213 secs] 597366K->64922K(2029056K), 0.0204213 secs] [Times: user=0.11 sys=0.00, real=0.02 secs] 
2020-09-29T18:21:55.169+0200: 67.762: [GC (Allocation Failure) 2020-09-29T18:21:55.169+0200: 67.762: [ParNew: 585206K->45548K(613440K), 0.0180727 secs] 610266K->70608K(2029056K), 0.0181284 secs] [Times: user=0.13 sys=0.00, real=0.02 secs] 
2020-09-29T18:21:55.239+0200: 67.832: [GC (Allocation Failure) 2020-09-29T18:21:55.239+0200: 67.832: [ParNew: 590892K->32887K(613440K), 0.0086652 secs] 615952K->57947K(2029056K), 0.0087230 secs] [Times: user=0.00 sys=0.00, real=0.01 secs] 
2020-09-29T18:21:55.298+0200: 67.891: [GC (Allocation Failure) 2020-09-29T18:21:55.298+0200: 67.891: [ParNew: 578231K->33725K(613440K), 0.0151757 secs] 603291K->58785K(2029056K), 0.0152696 secs] [Times: user=0.13 sys=0.00, real=0.02 secs] 
2020-09-29T18:21:55.363+0200: 67.956: [GC (Allocation Failure) 2020-09-29T18:21:55.363+0200: 67.956: [ParNew: 579069K->43449K(613440K), 0.0189070 secs] 604129K->68509K(2029056K), 0.0189853 secs] [Times: user=0.25 sys=0.00, real=0.02 secs] 
2020-09-29T18:21:55.430+0200: 68.023: [GC (Allocation Failure) 2020-09-29T18:21:55.430+0200: 68.023: [ParNew: 588793K->38693K(613440K), 0.0168577 secs] 613853K->63753K(2029056K), 0.0169188 secs] [Times: user=0.13 sys=0.00, real=0.02 secs] 
2020-09-29T18:21:55.497+0200: 68.090: [GC (Allocation Failure) 2020-09-29T18:21:55.497+0200: 68.090: [ParNew: 584037K->37995K(613440K), 0.0166892 secs] 609097K->63055K(2029056K), 0.0167487 secs] [Times: user=0.13 sys=0.00, real=0.02 secs] 
2020-09-29T18:21:55.564+0200: 68.157: [GC (Allocation Failure) 2020-09-29T18:21:55.564+0200: 68.157: [ParNew: 583339K->37226K(613440K), 0.0156133 secs] 608399K->62285K(2029056K), 0.0156745 secs] [Times: user=0.13 sys=0.00, real=0.02 secs] 
2020-09-29T18:21:55.630+0200: 68.223: [GC (Allocation Failure) 2020-09-29T18:21:55.630+0200: 68.223: [ParNew: 582570K->56617K(613440K), 0.0214834 secs] 607629K->81676K(2029056K), 0.0215736 secs] [Times: user=0.13 sys=0.00, real=0.02 secs] 
2020-09-29T18:21:55.700+0200: 68.293: [GC (Allocation Failure) 2020-09-29T18:21:55.700+0200: 68.293: [ParNew: 601961K->43945K(613440K), 0.0199442 secs] 627020K->69004K(2029056K), 0.0200201 secs] [Times: user=0.13 sys=0.00, real=0.02 secs] 
2020-09-29T18:21:55.768+0200: 68.361: [GC (Allocation Failure) 2020-09-29T18:21:55.768+0200: 68.361: [ParNew: 589289K->39864K(613440K), 0.0115705 secs] 614348K->64924K(2029056K), 0.0116340 secs] [Times: user=0.13 sys=0.00, real=0.01 secs] 
2020-09-29T18:21:55.826+0200: 68.419: [GC (Allocation Failure) 2020-09-29T18:21:55.826+0200: 68.419: [ParNew: 585208K->37139K(613440K), 0.0166265 secs] 610268K->62199K(2029056K), 0.0166817 secs] [Times: user=0.13 sys=0.00, real=0.02 secs] 
2020-09-29T18:21:55.891+0200: 68.484: [GC (Allocation Failure) 2020-09-29T18:21:55.891+0200: 68.484: [ParNew: 582483K->32354K(613440K), 0.0144852 secs] 607543K->57413K(2029056K), 0.0145790 secs] [Times: user=0.13 sys=0.00, real=0.01 secs] 
2020-09-29T18:21:55.952+0200: 68.545: [GC (Allocation Failure) 2020-09-29T18:21:55.952+0200: 68.545: [ParNew: 577698K->32063K(613440K), 0.0140584 secs] 602757K->57123K(2029056K), 0.0141192 secs] [Times: user=0.13 sys=0.00, real=0.01 secs] 
2020-09-29T18:21:56.014+0200: 68.607: [GC (Allocation Failure) 2020-09-29T18:21:56.014+0200: 68.607: [ParNew: 577407K->48445K(613440K), 0.0243937 secs] 602467K->73505K(2029056K), 0.0244656 secs] [Times: user=0.25 sys=0.00, real=0.03 secs] 
2020-09-29T18:21:56.086+0200: 68.679: [GC (Allocation Failure) 2020-09-29T18:21:56.086+0200: 68.679: [ParNew: 593789K->39727K(613440K), 0.0219907 secs] 618849K->64786K(2029056K), 0.0220533 secs] [Times: user=0.13 sys=0.00, real=0.02 secs] 
2020-09-29T18:21:56.158+0200: 68.751: [GC (Allocation Failure) 2020-09-29T18:21:56.158+0200: 68.751: [ParNew: 585071K->28481K(613440K), 0.0136470 secs] 610130K->53541K(2029056K), 0.0137277 secs] [Times: user=0.13 sys=0.00, real=0.01 secs] 
2020-09-29T18:21:56.225+0200: 68.818: [GC (Allocation Failure) 2020-09-29T18:21:56.225+0200: 68.818: [ParNew: 573825K->59804K(613440K), 0.0308634 secs] 598885K->84864K(2029056K), 0.0309291 secs] [Times: user=0.25 sys=0.00, real=0.03 secs] 
2020-09-29T18:21:56.307+0200: 68.900: [GC (Allocation Failure) 2020-09-29T18:21:56.307+0200: 68.900: [ParNew: 605148K->48504K(613440K), 0.0241856 secs] 630208K->73564K(2029056K), 0.0242525 secs] [Times: user=0.13 sys=0.00, real=0.02 secs] 
2020-09-29T18:21:56.381+0200: 68.974: [GC (Allocation Failure) 2020-09-29T18:21:56.381+0200: 68.974: [ParNew: 593848K->37995K(613440K), 0.0163834 secs] 618908K->63055K(2029056K), 0.0164492 secs] [Times: user=0.13 sys=0.00, real=0.02 secs] 
2020-09-29T18:21:56.450+0200: 69.043: [GC (Allocation Failure) 2020-09-29T18:21:56.451+0200: 69.044: [ParNew: 583339K->52174K(613440K), 0.0284283 secs] 608399K->77234K(2029056K), 0.0285039 secs] [Times: user=0.25 sys=0.00, real=0.03 secs] 
2020-09-29T18:21:56.529+0200: 69.122: [GC (Allocation Failure) 2020-09-29T18:21:56.529+0200: 69.122: [ParNew: 597518K->43996K(613440K), 0.0209115 secs] 622578K->69055K(2029056K), 0.0209804 secs] [Times: user=0.13 sys=0.00, real=0.02 secs] 
2020-09-29T18:21:56.609+0200: 69.202: [GC (Allocation Failure) 2020-09-29T18:21:56.609+0200: 69.202: [ParNew: 589340K->59241K(613440K), 0.0278762 secs] 614399K->84301K(2029056K), 0.0279475 secs] [Times: user=0.25 sys=0.00, real=0.03 secs] 
2020-09-29T18:21:56.686+0200: 69.279: [GC (Allocation Failure) 2020-09-29T18:21:56.686+0200: 69.279: [ParNew: 604585K->46233K(613440K), 0.0260075 secs] 629645K->71292K(2029056K), 0.0260798 secs] [Times: user=0.25 sys=0.00, real=0.03 secs] 
2020-09-29T18:21:56.761+0200: 69.354: [GC (Allocation Failure) 2020-09-29T18:21:56.761+0200: 69.354: [ParNew: 591577K->47596K(613440K), 0.0241081 secs] 616636K->72656K(2029056K), 0.0241822 secs] [Times: user=0.13 sys=0.00, real=0.02 secs] 
2020-09-29T18:21:56.838+0200: 69.431: [GC (Allocation Failure) 2020-09-29T18:21:56.838+0200: 69.431: [ParNew: 592940K->42380K(613440K), 0.0233240 secs] 618000K->67439K(2029056K), 0.0234129 secs] [Times: user=0.13 sys=0.00, real=0.02 secs] 
2020-09-29T18:21:56.915+0200: 69.508: [GC (Allocation Failure) 2020-09-29T18:21:56.915+0200: 69.508: [ParNew: 587724K->37122K(613440K), 0.0236632 secs] 612783K->62181K(2029056K), 0.0237678 secs] [Times: user=0.13 sys=0.00, real=0.02 secs] 
2020-09-29T18:21:56.986+0200: 69.579: [GC (Allocation Failure) 2020-09-29T18:21:56.986+0200: 69.579: [ParNew: 582466K->39794K(613440K), 0.0222450 secs] 607525K->64854K(2029056K), 0.0223093 secs] [Times: user=0.22 sys=0.02, real=0.02 secs] 
2020-09-29T18:21:57.058+0200: 69.651: [GC (Allocation Failure) 2020-09-29T18:21:57.058+0200: 69.651: [ParNew: 585138K->61856K(613440K), 0.0278440 secs] 610198K->86915K(2029056K), 0.0279088 secs] [Times: user=0.25 sys=0.00, real=0.03 secs] 
2020-09-29T18:21:57.136+0200: 69.729: [GC (Allocation Failure) 2020-09-29T18:21:57.136+0200: 69.729: [ParNew: 607200K->56974K(613440K), 0.0268814 secs] 632259K->82033K(2029056K), 0.0269548 secs] [Times: user=0.25 sys=0.00, real=0.03 secs] 
2020-09-29T18:21:57.211+0200: 69.804: [GC (Allocation Failure) 2020-09-29T18:21:57.211+0200: 69.804: [ParNew: 602318K->47225K(613440K), 0.0264999 secs] 627377K->72285K(2029056K), 0.0265686 secs] [Times: user=0.13 sys=0.00, real=0.03 secs] 
2020-09-29T18:21:57.288+0200: 69.881: [GC (Allocation Failure) 2020-09-29T18:21:57.288+0200: 69.882: [ParNew: 592569K->48774K(613440K), 0.0251738 secs] 617629K->73834K(2029056K), 0.0252403 secs] [Times: user=0.13 sys=0.00, real=0.03 secs] 
2020-09-29T18:21:57.364+0200: 69.957: [GC (Allocation Failure) 2020-09-29T18:21:57.364+0200: 69.957: [ParNew: 594118K->43775K(613440K), 0.0255649 secs] 619178K->68834K(2029056K), 0.0256566 secs] [Times: user=0.13 sys=0.00, real=0.02 secs] 
2020-09-29T18:21:57.439+0200: 70.032: [GC (Allocation Failure) 2020-09-29T18:21:57.439+0200: 70.032: [ParNew: 589119K->38542K(613440K), 0.0164453 secs] 614178K->63602K(2029056K), 0.0165092 secs] [Times: user=0.13 sys=0.00, real=0.02 secs] 
2020-09-29T18:21:57.504+0200: 70.097: [GC (Allocation Failure) 2020-09-29T18:21:57.504+0200: 70.097: [ParNew: 583886K->36290K(613440K), 0.0230688 secs] 608946K->61349K(2029056K), 0.0231339 secs] [Times: user=0.13 sys=0.00, real=0.02 secs] 
2020-09-29T18:21:57.576+0200: 70.170: [GC (Allocation Failure) 2020-09-29T18:21:57.576+0200: 70.170: [ParNew: 581634K->52466K(613440K), 0.0311293 secs] 606693K->77525K(2029056K), 0.0312067 secs] [Times: user=0.22 sys=0.00, real=0.03 secs] 
2020-09-29T18:21:57.658+0200: 70.251: [GC (Allocation Failure) 2020-09-29T18:21:57.658+0200: 70.251: [ParNew: 597810K->40038K(613440K), 0.0114052 secs] 622869K->65098K(2029056K), 0.0114734 secs] [Times: user=0.13 sys=0.00, real=0.01 secs] 
2020-09-29T18:21:57.720+0200: 70.313: [GC (Allocation Failure) 2020-09-29T18:21:57.720+0200: 70.313: [ParNew: 585382K->44966K(613440K), 0.0248332 secs] 610442K->70025K(2029056K), 0.0249147 secs] [Times: user=0.23 sys=0.00, real=0.02 secs] 
2020-09-29T18:21:57.797+0200: 70.390: [GC (Allocation Failure) 2020-09-29T18:21:57.797+0200: 70.390: [ParNew: 590310K->57799K(613440K), 0.0245627 secs] 615369K->82859K(2029056K), 0.0246538 secs] [Times: user=0.25 sys=0.00, real=0.03 secs] 
2020-09-29T18:21:57.869+0200: 70.462: [GC (Allocation Failure) 2020-09-29T18:21:57.869+0200: 70.462: [ParNew: 603143K->42893K(613440K), 0.0238456 secs] 628203K->67953K(2029056K), 0.0239092 secs] [Times: user=0.13 sys=0.00, real=0.02 secs] 
2020-09-29T18:21:57.945+0200: 70.538: [GC (Allocation Failure) 2020-09-29T18:21:57.945+0200: 70.538: [ParNew: 588237K->44329K(613440K), 0.0225629 secs] 613297K->69388K(2029056K), 0.0226416 secs] [Times: user=0.13 sys=0.00, real=0.02 secs] 
2020-09-29T18:21:58.014+0200: 70.607: [GC (Allocation Failure) 2020-09-29T18:21:58.014+0200: 70.607: [ParNew: 589673K->61593K(613440K), 0.0285281 secs] 614732K->86652K(2029056K), 0.0285937 secs] [Times: user=0.23 sys=0.00, real=0.03 secs] 
2020-09-29T18:21:58.095+0200: 70.688: [GC (Allocation Failure) 2020-09-29T18:21:58.095+0200: 70.688: [ParNew: 606937K->42698K(613440K), 0.0214691 secs] 631996K->67758K(2029056K), 0.0215519 secs] [Times: user=0.25 sys=0.00, real=0.02 secs] 
2020-09-29T18:21:58.172+0200: 70.765: [GC (Allocation Failure) 2020-09-29T18:21:58.172+0200: 70.765: [ParNew: 588042K->37400K(613440K), 0.0211975 secs] 613102K->62460K(2029056K), 0.0212592 secs] [Times: user=0.24 sys=0.00, real=0.02 secs] 
2020-09-29T18:21:58.244+0200: 70.837: [GC (Allocation Failure) 2020-09-29T18:21:58.244+0200: 70.837: [ParNew: 582744K->56092K(613440K), 0.0249046 secs] 607804K->81151K(2029056K), 0.0249874 secs] [Times: user=0.13 sys=0.00, real=0.03 secs] 
2020-09-29T18:21:58.321+0200: 70.915: [GC (Allocation Failure) 2020-09-29T18:21:58.321+0200: 70.915: [ParNew: 601436K->38613K(613440K), 0.0178062 secs] 626495K->63673K(2029056K), 0.0178760 secs] [Times: user=0.13 sys=0.00, real=0.02 secs] 
2020-09-29T18:21:58.397+0200: 70.990: [GC (Allocation Failure) 2020-09-29T18:21:58.397+0200: 70.990: [ParNew: 583957K->40165K(613440K), 0.0233463 secs] 609017K->65224K(2029056K), 0.0234172 secs] [Times: user=0.13 sys=0.00, real=0.02 secs] 
2020-09-29T18:21:58.469+0200: 71.062: [GC (Allocation Failure) 2020-09-29T18:21:58.469+0200: 71.062: [ParNew: 585509K->35260K(613440K), 0.0148934 secs] 610568K->60319K(2029056K), 0.0149584 secs] [Times: user=0.13 sys=0.00, real=0.01 secs] 
2020-09-29T18:21:58.538+0200: 71.131: [GC (Allocation Failure) 2020-09-29T18:21:58.538+0200: 71.131: [ParNew: 580604K->44287K(613440K), 0.0218931 secs] 605663K->69346K(2029056K), 0.0219673 secs] [Times: user=0.13 sys=0.00, real=0.02 secs] 
2020-09-29T18:21:58.611+0200: 71.205: [GC (Allocation Failure) 2020-09-29T18:21:58.612+0200: 71.205: [ParNew: 589631K->53799K(613440K), 0.0295149 secs] 614690K->78859K(2029056K), 0.0296209 secs] [Times: user=0.23 sys=0.00, real=0.03 secs] 
2020-09-29T18:21:58.690+0200: 71.283: [GC (Allocation Failure) 2020-09-29T18:21:58.690+0200: 71.283: [ParNew: 599143K->45510K(613440K), 0.0264559 secs] 624203K->70570K(2029056K), 0.0265264 secs] [Times: user=0.25 sys=0.00, real=0.03 secs] 
2020-09-29T18:21:58.766+0200: 71.359: [GC (Allocation Failure) 2020-09-29T18:21:58.766+0200: 71.359: [ParNew: 590854K->43568K(613440K), 0.0260948 secs] 615914K->68628K(2029056K), 0.0261852 secs] [Times: user=0.25 sys=0.00, real=0.03 secs] 
2020-09-29T18:21:58.839+0200: 71.432: [GC (Allocation Failure) 2020-09-29T18:21:58.839+0200: 71.432: [ParNew: 588912K->42128K(613440K), 0.0186348 secs] 613972K->67187K(2029056K), 0.0187010 secs] [Times: user=0.13 sys=0.00, real=0.02 secs] 
2020-09-29T18:21:58.907+0200: 71.501: [GC (Allocation Failure) 2020-09-29T18:21:58.907+0200: 71.501: [ParNew: 587472K->40664K(613440K), 0.0226813 secs] 612531K->65724K(2029056K), 0.0227476 secs] [Times: user=0.25 sys=0.00, real=0.02 secs] 
2020-09-29T18:21:58.991+0200: 71.584: [GC (Allocation Failure) 2020-09-29T18:21:58.991+0200: 71.584: [ParNew: 586008K->37157K(613440K), 0.0220332 secs] 611068K->62217K(2029056K), 0.0221029 secs] [Times: user=0.13 sys=0.00, real=0.02 secs] 
2020-09-29T18:21:59.065+0200: 71.659: [GC (Allocation Failure) 2020-09-29T18:21:59.065+0200: 71.659: [ParNew: 582501K->34979K(613440K), 0.0203300 secs] 607561K->60039K(2029056K), 0.0203944 secs] [Times: user=0.25 sys=0.00, real=0.02 secs] 
2020-09-29T18:21:59.136+0200: 71.729: [GC (Allocation Failure) 2020-09-29T18:21:59.136+0200: 71.729: [ParNew: 580323K->35624K(613440K), 0.0175357 secs] 605383K->60683K(2029056K), 0.0175990 secs] [Times: user=0.13 sys=0.00, real=0.02 secs] 
2020-09-29T18:21:59.202+0200: 71.795: [GC (Allocation Failure) 2020-09-29T18:21:59.202+0200: 71.795: [ParNew: 580968K->32687K(613440K), 0.0165532 secs] 606027K->57746K(2029056K), 0.0166176 secs] [Times: user=0.13 sys=0.00, real=0.02 secs] 
2020-09-29T18:21:59.281+0200: 71.874: [GC (Allocation Failure) 2020-09-29T18:21:59.281+0200: 71.874: [ParNew: 578031K->67351K(613440K), 0.0302687 secs] 603090K->92411K(2029056K), 0.0303545 secs] [Times: user=0.25 sys=0.00, real=0.03 secs] 
2020-09-29T18:21:59.360+0200: 71.953: [GC (Allocation Failure) 2020-09-29T18:21:59.360+0200: 71.953: [ParNew: 612695K->52912K(613440K), 0.0223799 secs] 637755K->77972K(2029056K), 0.0224548 secs] [Times: user=0.25 sys=0.00, real=0.02 secs] 
2020-09-29T18:21:59.436+0200: 72.029: [GC (Allocation Failure) 2020-09-29T18:21:59.436+0200: 72.029: [ParNew: 598256K->40387K(613440K), 0.0205121 secs] 623316K->65446K(2029056K), 0.0205774 secs] [Times: user=0.13 sys=0.00, real=0.02 secs] 
2020-09-29T18:21:59.506+0200: 72.099: [GC (Allocation Failure) 2020-09-29T18:21:59.506+0200: 72.099: [ParNew: 585731K->35767K(613440K), 0.0199132 secs] 610790K->60827K(2029056K), 0.0199789 secs] [Times: user=0.13 sys=0.00, real=0.02 secs] 
2020-09-29T18:21:59.582+0200: 72.176: [GC (Allocation Failure) 2020-09-29T18:21:59.582+0200: 72.176: [ParNew: 581111K->24941K(613440K), 0.0124084 secs] 606171K->50001K(2029056K), 0.0124842 secs] [Times: user=0.00 sys=0.00, real=0.01 secs] 
2020-09-29T18:21:59.653+0200: 72.247: [GC (Allocation Failure) 2020-09-29T18:21:59.653+0200: 72.247: [ParNew: 570285K->46522K(613440K), 0.0239306 secs] 595345K->71582K(2029056K), 0.0239982 secs] [Times: user=0.25 sys=0.00, real=0.02 secs] 
2020-09-29T18:21:59.729+0200: 72.323: [GC (Allocation Failure) 2020-09-29T18:21:59.729+0200: 72.323: [ParNew: 591866K->55044K(613440K), 0.0226985 secs] 616926K->80104K(2029056K), 0.0227656 secs] [Times: user=0.13 sys=0.00, real=0.02 secs] 
2020-09-29T18:21:59.809+0200: 72.402: [GC (Allocation Failure) 2020-09-29T18:21:59.809+0200: 72.402: [ParNew: 600388K->38295K(613440K), 0.0217384 secs] 625448K->63355K(2029056K), 0.0218214 secs] [Times: user=0.13 sys=0.00, real=0.02 secs] 
2020-09-29T18:21:59.882+0200: 72.475: [GC (Allocation Failure) 2020-09-29T18:21:59.882+0200: 72.475: [ParNew: 583639K->63016K(613440K), 0.0269859 secs] 608699K->88076K(2029056K), 0.0270514 secs] [Times: user=0.13 sys=0.00, real=0.03 secs] 
2020-09-29T18:21:59.956+0200: 72.549: [GC (Allocation Failure) 2020-09-29T18:21:59.956+0200: 72.549: [ParNew: 608360K->48831K(613440K), 0.0267272 secs] 633420K->73891K(2029056K), 0.0268083 secs] [Times: user=0.25 sys=0.00, real=0.03 secs] 
2020-09-29T18:22:00.033+0200: 72.626: [GC (Allocation Failure) 2020-09-29T18:22:00.033+0200: 72.626: [ParNew: 594175K->41673K(613440K), 0.0185958 secs] 619235K->66733K(2029056K), 0.0186607 secs] [Times: user=0.22 sys=0.03, real=0.02 secs] 
2020-09-29T18:22:00.106+0200: 72.699: [GC (Allocation Failure) 2020-09-29T18:22:00.106+0200: 72.699: [ParNew: 587017K->41565K(613440K), 0.0246458 secs] 612077K->66625K(2029056K), 0.0247111 secs] [Times: user=0.25 sys=0.00, real=0.02 secs] 
2020-09-29T18:22:00.180+0200: 72.774: [GC (Allocation Failure) 2020-09-29T18:22:00.180+0200: 72.774: [ParNew: 586909K->38238K(613440K), 0.0226594 secs] 611969K->63298K(2029056K), 0.0227219 secs] [Times: user=0.13 sys=0.00, real=0.02 secs] 
2020-09-29T18:22:00.259+0200: 72.853: [GC (Allocation Failure) 2020-09-29T18:22:00.259+0200: 72.853: [ParNew: 583582K->39968K(613440K), 0.0223882 secs] 608642K->65028K(2029056K), 0.0224569 secs] [Times: user=0.13 sys=0.00, real=0.02 secs] 
2020-09-29T18:22:00.336+0200: 72.929: [GC (Allocation Failure) 2020-09-29T18:22:00.336+0200: 72.929: [ParNew: 585312K->65288K(613440K), 0.0287075 secs] 610372K->90348K(2029056K), 0.0287881 secs] [Times: user=0.25 sys=0.00, real=0.03 secs] 
2020-09-29T18:22:00.412+0200: 73.006: [GC (Allocation Failure) 2020-09-29T18:22:00.412+0200: 73.006: [ParNew: 610632K->51780K(613440K), 0.0273173 secs] 635692K->76839K(2029056K), 0.0273818 secs] [Times: user=0.13 sys=0.00, real=0.03 secs] 
2020-09-29T18:22:00.489+0200: 73.082: [GC (Allocation Failure) 2020-09-29T18:22:00.489+0200: 73.082: [ParNew: 597124K->51741K(613440K), 0.0261192 secs] 622183K->76801K(2029056K), 0.0261884 secs] [Times: user=0.13 sys=0.00, real=0.03 secs] 
2020-09-29T18:22:00.566+0200: 73.160: [GC (Allocation Failure) 2020-09-29T18:22:00.566+0200: 73.160: [ParNew: 597085K->49447K(613440K), 0.0269545 secs] 622145K->74506K(2029056K), 0.0270540 secs] [Times: user=0.14 sys=0.00, real=0.03 secs] 
2020-09-29T18:22:00.643+0200: 73.236: [GC (Allocation Failure) 2020-09-29T18:22:00.643+0200: 73.236: [ParNew: 594791K->48082K(613440K), 0.0182889 secs] 619850K->73142K(2029056K), 0.0183555 secs] [Times: user=0.23 sys=0.00, real=0.02 secs] 
2020-09-29T18:22:00.714+0200: 73.307: [GC (Allocation Failure) 2020-09-29T18:22:00.714+0200: 73.307: [ParNew: 593426K->44824K(613440K), 0.0249833 secs] 618486K->69884K(2029056K), 0.0250720 secs] [Times: user=0.25 sys=0.00, real=0.03 secs] 
2020-09-29T18:22:00.788+0200: 73.381: [GC (Allocation Failure) 2020-09-29T18:22:00.788+0200: 73.381: [ParNew: 590168K->57777K(613440K), 0.0231720 secs] 615228K->82837K(2029056K), 0.0232509 secs] [Times: user=0.13 sys=0.00, real=0.02 secs] 
2020-09-29T18:22:00.868+0200: 73.461: [GC (Allocation Failure) 2020-09-29T18:22:00.868+0200: 73.461: [ParNew: 603121K->66999K(613440K), 0.0288913 secs] 628181K->92058K(2029056K), 0.0289640 secs] [Times: user=0.25 sys=0.00, real=0.03 secs] 
2020-09-29T18:22:00.945+0200: 73.538: [GC (Allocation Failure) 2020-09-29T18:22:00.945+0200: 73.538: [ParNew: 612343K->50156K(613440K), 0.0217703 secs] 637402K->75216K(2029056K), 0.0218399 secs] [Times: user=0.13 sys=0.00, real=0.02 secs] 
2020-09-29T18:22:01.020+0200: 73.613: [GC (Allocation Failure) 2020-09-29T18:22:01.020+0200: 73.613: [ParNew: 595500K->62818K(613440K), 0.0305857 secs] 620560K->87878K(2029056K), 0.0306543 secs] [Times: user=0.13 sys=0.00, real=0.03 secs] 
2020-09-29T18:22:01.103+0200: 73.696: [GC (Allocation Failure) 2020-09-29T18:22:01.103+0200: 73.696: [ParNew: 608162K->48082K(613440K), 0.0225982 secs] 633222K->73142K(2029056K), 0.0226661 secs] [Times: user=0.13 sys=0.00, real=0.02 secs] 
2020-09-29T18:22:01.172+0200: 73.765: [GC (Allocation Failure) 2020-09-29T18:22:01.172+0200: 73.765: [ParNew: 593426K->42498K(613440K), 0.0217769 secs] 618486K->67558K(2029056K), 0.0218533 secs] [Times: user=0.25 sys=0.00, real=0.02 secs] 
2020-09-29T18:22:01.254+0200: 73.847: [GC (Allocation Failure) 2020-09-29T18:22:01.254+0200: 73.847: [ParNew: 587842K->51942K(613440K), 0.0275864 secs] 612902K->77002K(2029056K), 0.0276557 secs] [Times: user=0.16 sys=0.00, real=0.03 secs] 
2020-09-29T18:22:01.330+0200: 73.923: [GC (Allocation Failure) 2020-09-29T18:22:01.330+0200: 73.923: [ParNew: 597286K->63715K(613440K), 0.0266945 secs] 622346K->88775K(2029056K), 0.0267661 secs] [Times: user=0.25 sys=0.00, real=0.03 secs] 
2020-09-29T18:22:01.411+0200: 74.004: [GC (Allocation Failure) 2020-09-29T18:22:01.411+0200: 74.004: [ParNew: 609059K->46826K(613440K), 0.0253124 secs] 634119K->71886K(2029056K), 0.0253833 secs] [Times: user=0.13 sys=0.00, real=0.03 secs] 
2020-09-29T18:22:01.488+0200: 74.081: [GC (Allocation Failure) 2020-09-29T18:22:01.488+0200: 74.081: [ParNew: 592170K->63445K(613440K), 0.0321014 secs] 617230K->88505K(2029056K), 0.0321761 secs] [Times: user=0.38 sys=0.00, real=0.03 secs] 
2020-09-29T18:22:01.567+0200: 74.160: [GC (Allocation Failure) 2020-09-29T18:22:01.567+0200: 74.160: [ParNew: 608789K->68096K(613440K), 0.0302766 secs] 633849K->93156K(2029056K), 0.0303612 secs] [Times: user=0.13 sys=0.00, real=0.03 secs] 
2020-09-29T18:22:01.650+0200: 74.243: [GC (Allocation Failure) 2020-09-29T18:22:01.650+0200: 74.243: [ParNew: 613440K->54397K(613440K), 0.0227134 secs] 638500K->79458K(2029056K), 0.0227842 secs] [Times: user=0.13 sys=0.00, real=0.02 secs] 
2020-09-29T18:22:01.726+0200: 74.319: [GC (Allocation Failure) 2020-09-29T18:22:01.726+0200: 74.319: [ParNew: 599741K->47779K(613440K), 0.0298615 secs] 624802K->72839K(2029056K), 0.0299351 secs] [Times: user=0.25 sys=0.00, real=0.03 secs] 
2020-09-29T18:22:01.804+0200: 74.397: [GC (Allocation Failure) 2020-09-29T18:22:01.804+0200: 74.397: [ParNew: 593123K->68096K(613440K), 0.0357759 secs] 618183K->94382K(2029056K), 0.0358413 secs] [Times: user=0.25 sys=0.00, real=0.04 secs] 
2020-09-29T18:22:01.887+0200: 74.480: [GC (Allocation Failure) 2020-09-29T18:22:01.887+0200: 74.480: [ParNew: 613440K->48746K(613440K), 0.0201399 secs] 639726K->75033K(2029056K), 0.0202072 secs] [Times: user=0.13 sys=0.00, real=0.02 secs] 
2020-09-29T18:22:01.957+0200: 74.550: [GC (Allocation Failure) 2020-09-29T18:22:01.957+0200: 74.550: [ParNew: 594090K->46112K(613440K), 0.0247060 secs] 620377K->72399K(2029056K), 0.0247737 secs] [Times: user=0.25 sys=0.00, real=0.02 secs] 
2020-09-29T18:22:02.032+0200: 74.625: [GC (Allocation Failure) 2020-09-29T18:22:02.032+0200: 74.625: [ParNew: 591456K->41244K(613440K), 0.0239777 secs] 617743K->67530K(2029056K), 0.0240459 secs] [Times: user=0.25 sys=0.00, real=0.02 secs] 
2020-09-29T18:22:02.106+0200: 74.699: [GC (Allocation Failure) 2020-09-29T18:22:02.106+0200: 74.699: [ParNew: 586588K->39055K(613440K), 0.0227471 secs] 612874K->65341K(2029056K), 0.0228144 secs] [Times: user=0.13 sys=0.00, real=0.02 secs] 
2020-09-29T18:22:02.182+0200: 74.775: [GC (Allocation Failure) 2020-09-29T18:22:02.183+0200: 74.775: [ParNew: 584399K->34686K(613440K), 0.0232588 secs] 610685K->60972K(2029056K), 0.0233447 secs] [Times: user=0.11 sys=0.00, real=0.02 secs] 
2020-09-29T18:22:02.264+0200: 74.857: [GC (Allocation Failure) 2020-09-29T18:22:02.264+0200: 74.857: [ParNew: 580030K->35097K(613440K), 0.0205204 secs] 606316K->61384K(2029056K), 0.0205876 secs] [Times: user=0.13 sys=0.00, real=0.02 secs] 
2020-09-29T18:22:02.343+0200: 74.936: [GC (Allocation Failure) 2020-09-29T18:22:02.343+0200: 74.936: [ParNew: 580441K->31109K(613440K), 0.0205373 secs] 606728K->57396K(2029056K), 0.0206087 secs] [Times: user=0.13 sys=0.00, real=0.02 secs] 
2020-09-29T18:22:02.420+0200: 75.013: [GC (Allocation Failure) 2020-09-29T18:22:02.420+0200: 75.013: [ParNew: 576453K->51092K(613440K), 0.0267975 secs] 602740K->77379K(2029056K), 0.0268716 secs] [Times: user=0.25 sys=0.00, real=0.03 secs] 
2020-09-29T18:22:02.498+0200: 75.091: [GC (Allocation Failure) 2020-09-29T18:22:02.498+0200: 75.091: [ParNew: 596436K->68096K(613440K), 0.0334344 secs] 622723K->94382K(2029056K), 0.0335243 secs] [Times: user=0.23 sys=0.00, real=0.03 secs] 
2020-09-29T18:22:02.583+0200: 75.176: [GC (Allocation Failure) 2020-09-29T18:22:02.583+0200: 75.176: [ParNew: 613440K->53302K(613440K), 0.0246302 secs] 639726K->79589K(2029056K), 0.0247059 secs] [Times: user=0.13 sys=0.00, real=0.03 secs] 
2020-09-29T18:22:02.658+0200: 75.251: [GC (Allocation Failure) 2020-09-29T18:22:02.658+0200: 75.251: [ParNew: 598646K->44129K(613440K), 0.0222498 secs] 624933K->70416K(2029056K), 0.0223452 secs] [Times: user=0.25 sys=0.00, real=0.02 secs] 
2020-09-29T18:22:02.735+0200: 75.328: [GC (Allocation Failure) 2020-09-29T18:22:02.735+0200: 75.328: [ParNew: 589473K->38517K(613440K), 0.0204221 secs] 615760K->64803K(2029056K), 0.0205202 secs] [Times: user=0.25 sys=0.00, real=0.02 secs] 
2020-09-29T18:22:02.817+0200: 75.410: [GC (Allocation Failure) 2020-09-29T18:22:02.817+0200: 75.410: [ParNew: 583861K->52804K(613440K), 0.0288696 secs] 610147K->79091K(2029056K), 0.0289391 secs] [Times: user=0.11 sys=0.00, real=0.03 secs] 
2020-09-29T18:22:02.896+0200: 75.489: [GC (Allocation Failure) 2020-09-29T18:22:02.896+0200: 75.489: [ParNew: 598148K->40048K(613440K), 0.0193047 secs] 624435K->66335K(2029056K), 0.0193800 secs] [Times: user=0.13 sys=0.00, real=0.02 secs] 
2020-09-29T18:22:02.975+0200: 75.568: [GC (Allocation Failure) 2020-09-29T18:22:02.975+0200: 75.568: [ParNew: 585392K->39186K(613440K), 0.0254723 secs] 611679K->65472K(2029056K), 0.0255471 secs] [Times: user=0.13 sys=0.00, real=0.03 secs] 
2020-09-29T18:22:03.049+0200: 75.642: [GC (Allocation Failure) 2020-09-29T18:22:03.049+0200: 75.642: [ParNew: 584530K->50996K(613440K), 0.0261888 secs] 610816K->77283K(2029056K), 0.0262581 secs] [Times: user=0.24 sys=0.00, real=0.03 secs] 
2020-09-29T18:22:03.125+0200: 75.718: [GC (Allocation Failure) 2020-09-29T18:22:03.125+0200: 75.718: [ParNew: 596340K->39083K(613440K), 0.0221632 secs] 622627K->65370K(2029056K), 0.0222438 secs] [Times: user=0.25 sys=0.00, real=0.02 secs] 
2020-09-29T18:22:03.208+0200: 75.801: [GC (Allocation Failure) 2020-09-29T18:22:03.208+0200: 75.801: [ParNew: 584427K->59390K(613440K), 0.0319632 secs] 610714K->85676K(2029056K), 0.0320427 secs] [Times: user=0.22 sys=0.00, real=0.03 secs] 
2020-09-29T18:22:03.289+0200: 75.882: [GC (Allocation Failure) 2020-09-29T18:22:03.289+0200: 75.882: [ParNew: 604734K->42206K(613440K), 0.0205471 secs] 631020K->68492K(2029056K), 0.0206149 secs] [Times: user=0.13 sys=0.00, real=0.02 secs] 
2020-09-29T18:22:03.370+0200: 75.964: [GC (Allocation Failure) 2020-09-29T18:22:03.371+0200: 75.964: [ParNew: 587550K->38254K(613440K), 0.0189452 secs] 613836K->64540K(2029056K), 0.0190412 secs] [Times: user=0.13 sys=0.00, real=0.02 secs] 
2020-09-29T18:22:03.447+0200: 76.040: [GC (Allocation Failure) 2020-09-29T18:22:03.447+0200: 76.040: [ParNew: 583598K->54889K(613440K), 0.0254185 secs] 609884K->81176K(2029056K), 0.0254879 secs] [Times: user=0.13 sys=0.00, real=0.02 secs] 
2020-09-29T18:22:03.526+0200: 76.119: [GC (Allocation Failure) 2020-09-29T18:22:03.526+0200: 76.119: [ParNew: 600233K->38290K(613440K), 0.0166159 secs] 626520K->64577K(2029056K), 0.0166900 secs] [Times: user=0.13 sys=0.00, real=0.02 secs] 
2020-09-29T18:22:03.599+0200: 76.192: [GC (Allocation Failure) 2020-09-29T18:22:03.599+0200: 76.192: [ParNew: 583634K->36224K(613440K), 0.0236134 secs] 609921K->62510K(2029056K), 0.0236840 secs] [Times: user=0.13 sys=0.00, real=0.02 secs] 
2020-09-29T18:22:03.674+0200: 76.267: [GC (Allocation Failure) 2020-09-29T18:22:03.674+0200: 76.267: [ParNew: 581568K->50857K(613440K), 0.0311021 secs] 607854K->77144K(2029056K), 0.0311734 secs] [Times: user=0.25 sys=0.00, real=0.03 secs] 
2020-09-29T18:22:03.753+0200: 76.346: [GC (Allocation Failure) 2020-09-29T18:22:03.753+0200: 76.346: [ParNew: 596201K->46448K(613440K), 0.0215103 secs] 622488K->72734K(2029056K), 0.0215952 secs] [Times: user=0.25 sys=0.00, real=0.02 secs] 
2020-09-29T18:22:03.828+0200: 76.422: [GC (Allocation Failure) 2020-09-29T18:22:03.828+0200: 76.422: [ParNew: 591792K->45096K(613440K), 0.0270618 secs] 618078K->71382K(2029056K), 0.0271466 secs] [Times: user=0.25 sys=0.00, real=0.03 secs] 
2020-09-29T18:22:03.914+0200: 76.507: [GC (Allocation Failure) 2020-09-29T18:22:03.914+0200: 76.507: [ParNew: 590440K->38543K(613440K), 0.0187033 secs] 616726K->64829K(2029056K), 0.0256118 secs] [Times: user=0.13 sys=0.00, real=0.03 secs] 
2020-09-29T18:22:03.994+0200: 76.587: [GC (Allocation Failure) 2020-09-29T18:22:03.994+0200: 76.587: [ParNew: 583887K->53102K(613440K), 0.0328660 secs] 610173K->79389K(2029056K), 0.0329339 secs] [Times: user=0.25 sys=0.00, real=0.03 secs] 
2020-09-29T18:22:04.074+0200: 76.667: [GC (Allocation Failure) 2020-09-29T18:22:04.074+0200: 76.667: [ParNew: 598446K->46503K(613440K), 0.0242550 secs] 624733K->72789K(2029056K), 0.0243210 secs] [Times: user=0.25 sys=0.00, real=0.02 secs] 
2020-09-29T18:22:04.156+0200: 76.749: [GC (Allocation Failure) 2020-09-29T18:22:04.156+0200: 76.749: [ParNew: 591847K->40905K(613440K), 0.0231854 secs] 618133K->67192K(2029056K), 0.0232546 secs] [Times: user=0.25 sys=0.00, real=0.02 secs] 
2020-09-29T18:22:04.233+0200: 76.826: [GC (Allocation Failure) 2020-09-29T18:22:04.233+0200: 76.826: [ParNew: 586249K->36783K(613440K), 0.0226370 secs] 612536K->63070K(2029056K), 0.0227088 secs] [Times: user=0.25 sys=0.00, real=0.02 secs] 
2020-09-29T18:22:04.310+0200: 76.903: [GC (Allocation Failure) 2020-09-29T18:22:04.310+0200: 76.903: [ParNew: 582127K->27694K(613440K), 0.0148335 secs] 608414K->53981K(2029056K), 0.0149001 secs] [Times: user=0.13 sys=0.00, real=0.02 secs] 
2020-09-29T18:22:04.372+0200: 76.966: [GC (Allocation Failure) 2020-09-29T18:22:04.372+0200: 76.966: [ParNew: 573038K->48466K(613440K), 0.0276889 secs] 599325K->74753K(2029056K), 0.0277646 secs] [Times: user=0.25 sys=0.00, real=0.03 secs] 
2020-09-29T18:22:04.454+0200: 77.047: [GC (Allocation Failure) 2020-09-29T18:22:04.454+0200: 77.047: [ParNew: 593810K->58863K(613440K), 0.0258448 secs] 620097K->85150K(2029056K), 0.0259293 secs] [Times: user=0.25 sys=0.00, real=0.03 secs] 
2020-09-29T18:22:04.530+0200: 77.123: [GC (Allocation Failure) 2020-09-29T18:22:04.530+0200: 77.123: [ParNew: 604207K->67255K(613440K), 0.0321805 secs] 630494K->93542K(2029056K), 0.0322710 secs] [Times: user=0.25 sys=0.00, real=0.03 secs] 
2020-09-29T18:22:04.617+0200: 77.210: [GC (Allocation Failure) 2020-09-29T18:22:04.617+0200: 77.210: [ParNew: 612599K->49612K(613440K), 0.0247478 secs] 638886K->75898K(2029056K), 0.0248199 secs] [Times: user=0.13 sys=0.00, real=0.02 secs] 
2020-09-29T18:22:04.691+0200: 77.284: [GC (Allocation Failure) 2020-09-29T18:22:04.691+0200: 77.284: [ParNew: 594956K->64821K(613440K), 0.0313290 secs] 621242K->91107K(2029056K), 0.0314215 secs] [Times: user=0.25 sys=0.00, real=0.03 secs] 
2020-09-29T18:22:04.772+0200: 77.366: [GC (Allocation Failure) 2020-09-29T18:22:04.772+0200: 77.366: [ParNew: 610165K->49643K(613440K), 0.0239888 secs] 636451K->75929K(2029056K), 0.0240720 secs] [Times: user=0.13 sys=0.00, real=0.02 secs] 
2020-09-29T18:22:04.848+0200: 77.441: [GC (Allocation Failure) 2020-09-29T18:22:04.848+0200: 77.441: [ParNew: 594987K->61550K(613440K), 0.0301440 secs] 621273K->87836K(2029056K), 0.0302373 secs] [Times: user=0.14 sys=0.00, real=0.03 secs] 
2020-09-29T18:22:04.928+0200: 77.521: [GC (Allocation Failure) 2020-09-29T18:22:04.928+0200: 77.521: [ParNew: 606894K->46920K(613440K), 0.0294796 secs] 633180K->73206K(2029056K), 0.0295630 secs] [Times: user=0.25 sys=0.00, real=0.03 secs] 
2020-09-29T18:22:05.007+0200: 77.599: [GC (Allocation Failure) 2020-09-29T18:22:05.007+0200: 77.599: [ParNew: 592264K->46642K(613440K), 0.0270051 secs] 618550K->72929K(2029056K), 0.0270735 secs] [Times: user=0.13 sys=0.00, real=0.03 secs] 
2020-09-29T18:22:05.086+0200: 77.678: [GC (Allocation Failure) 2020-09-29T18:22:05.086+0200: 77.678: [ParNew: 591986K->40906K(613440K), 0.0194359 secs] 618273K->67192K(2029056K), 0.0195088 secs] [Times: user=0.13 sys=0.00, real=0.02 secs] 
2020-09-29T18:22:05.158+0200: 77.750: [GC (Allocation Failure) 2020-09-29T18:22:05.158+0200: 77.750: [ParNew: 586250K->57890K(613440K), 0.0324684 secs] 612536K->84177K(2029056K), 0.0325380 secs] [Times: user=0.25 sys=0.00, real=0.03 secs] 
2020-09-29T18:22:05.240+0200: 77.833: [GC (Allocation Failure) 2020-09-29T18:22:05.240+0200: 77.833: [ParNew: 603234K->68096K(613440K), 0.0318829 secs] 629521K->94845K(2029056K), 0.0319514 secs] [Times: user=0.25 sys=0.00, real=0.03 secs] 
2020-09-29T18:22:05.321+0200: 77.913: [GC (Allocation Failure) 2020-09-29T18:22:05.321+0200: 77.913: [ParNew: 613440K->50030K(613440K), 0.0245196 secs] 640189K->76780K(2029056K), 0.0246114 secs] [Times: user=0.13 sys=0.00, real=0.02 secs] 
2020-09-29T18:22:05.396+0200: 77.988: [GC (Allocation Failure) 2020-09-29T18:22:05.396+0200: 77.988: [ParNew: 595374K->40839K(613440K), 0.0213007 secs] 622124K->67588K(2029056K), 0.0213751 secs] [Times: user=0.13 sys=0.00, real=0.02 secs] 
2020-09-29T18:22:05.472+0200: 78.065: [GC (Allocation Failure) 2020-09-29T18:22:05.472+0200: 78.065: [ParNew: 586183K->61515K(613440K), 0.0350326 secs] 612932K->88264K(2029056K), 0.0350997 secs] [Times: user=0.38 sys=0.00, real=0.04 secs] 
2020-09-29T18:22:05.555+0200: 78.148: [GC (Allocation Failure) 2020-09-29T18:22:05.555+0200: 78.148: [ParNew: 606859K->45504K(613440K), 0.0204417 secs] 633608K->72254K(2029056K), 0.0206260 secs] [Times: user=0.13 sys=0.00, real=0.02 secs] 
2020-09-29T18:22:05.629+0200: 78.221: [GC (Allocation Failure) 2020-09-29T18:22:05.629+0200: 78.221: [ParNew: 590848K->47315K(613440K), 0.0266424 secs] 617598K->74065K(2029056K), 0.0267298 secs] [Times: user=0.25 sys=0.00, real=0.03 secs] 
2020-09-29T18:22:05.704+0200: 78.296: [GC (Allocation Failure) 2020-09-29T18:22:05.704+0200: 78.296: [ParNew: 592659K->43238K(613440K), 0.0249712 secs] 619409K->69988K(2029056K), 0.0250383 secs] [Times: user=0.25 sys=0.00, real=0.03 secs] 
2020-09-29T18:22:05.778+0200: 78.370: [GC (Allocation Failure) 2020-09-29T18:22:05.778+0200: 78.370: [ParNew: 588582K->35466K(613440K), 0.0155479 secs] 615332K->62216K(2029056K), 0.0156305 secs] [Times: user=0.13 sys=0.00, real=0.02 secs] 
2020-09-29T18:22:05.849+0200: 78.441: [GC (Allocation Failure) 2020-09-29T18:22:05.849+0200: 78.441: [ParNew: 580810K->47774K(613440K), 0.0294324 secs] 607560K->74523K(2029056K), 0.0294993 secs] [Times: user=0.13 sys=0.00, real=0.03 secs] 
2020-09-29T18:22:05.931+0200: 78.524: [GC (Allocation Failure) 2020-09-29T18:22:05.931+0200: 78.524: [ParNew: 593118K->45331K(613440K), 0.0216897 secs] 619867K->72081K(2029056K), 0.0217545 secs] [Times: user=0.13 sys=0.00, real=0.02 secs] 
2020-09-29T18:22:06.000+0200: 78.593: [GC (Allocation Failure) 2020-09-29T18:22:06.000+0200: 78.593: [ParNew: 590675K->59434K(613440K), 0.0277722 secs] 617425K->86183K(2029056K), 0.0278411 secs] [Times: user=0.25 sys=0.00, real=0.03 secs] 
2020-09-29T18:22:06.077+0200: 78.669: [GC (Allocation Failure) 2020-09-29T18:22:06.077+0200: 78.669: [ParNew: 604778K->45891K(613440K), 0.0146735 secs] 631527K->72641K(2029056K), 0.0147568 secs] [Times: user=0.13 sys=0.00, real=0.02 secs] 
2020-09-29T18:22:06.142+0200: 78.735: [GC (Allocation Failure) 2020-09-29T18:22:06.142+0200: 78.735: [ParNew: 591235K->43387K(613440K), 0.0184935 secs] 617985K->70137K(2029056K), 0.0185684 secs] [Times: user=0.25 sys=0.00, real=0.02 secs] 
2020-09-29T18:22:06.215+0200: 78.808: [GC (Allocation Failure) 2020-09-29T18:22:06.215+0200: 78.808: [ParNew: 588731K->32903K(613440K), 0.0131525 secs] 615481K->59653K(2029056K), 0.0132115 secs] [Times: user=0.13 sys=0.00, real=0.01 secs] 
2020-09-29T18:22:06.285+0200: 78.877: [GC (Allocation Failure) 2020-09-29T18:22:06.285+0200: 78.877: [ParNew: 578247K->34978K(613440K), 0.0161268 secs] 604997K->61728K(2029056K), 0.0161827 secs] [Times: user=0.13 sys=0.00, real=0.02 secs] 
2020-09-29T18:22:06.350+0200: 78.943: [GC (Allocation Failure) 2020-09-29T18:22:06.350+0200: 78.943: [ParNew: 580322K->49503K(613440K), 0.0207770 secs] 607072K->76252K(2029056K), 0.0208475 secs] [Times: user=0.13 sys=0.00, real=0.02 secs] 
2020-09-29T18:22:06.421+0200: 79.013: [GC (Allocation Failure) 2020-09-29T18:22:06.421+0200: 79.013: [ParNew: 594847K->67647K(613440K), 0.0203185 secs] 621596K->94397K(2029056K), 0.0203941 secs] [Times: user=0.13 sys=0.00, real=0.02 secs] 
2020-09-29T18:22:06.489+0200: 79.081: [GC (Allocation Failure) 2020-09-29T18:22:06.489+0200: 79.081: [ParNew: 612991K->52895K(613440K), 0.0196703 secs] 639741K->79644K(2029056K), 0.0197292 secs] [Times: user=0.13 sys=0.00, real=0.02 secs] 
2020-09-29T18:22:06.558+0200: 79.151: [GC (Allocation Failure) 2020-09-29T18:22:06.558+0200: 79.151: [ParNew: 598239K->68096K(613440K), 0.0258533 secs] 624988K->94845K(2029056K), 0.0259098 secs] [Times: user=0.22 sys=0.00, real=0.03 secs] 
2020-09-29T18:22:06.634+0200: 79.226: [GC (Allocation Failure) 2020-09-29T18:22:06.634+0200: 79.226: [ParNew: 613440K->56304K(613440K), 0.0246018 secs] 640189K->83054K(2029056K), 0.0317416 secs] [Times: user=0.13 sys=0.00, real=0.03 secs] 
2020-09-29T18:22:06.714+0200: 79.306: [GC (Allocation Failure) 2020-09-29T18:22:06.714+0200: 79.306: [ParNew: 601648K->56654K(613440K), 0.0229316 secs] 628398K->83403K(2029056K), 0.0230150 secs] [Times: user=0.13 sys=0.00, real=0.02 secs] 
2020-09-29T18:22:06.784+0200: 79.376: [GC (Allocation Failure) 2020-09-29T18:22:06.784+0200: 79.376: [ParNew: 601998K->48189K(613440K), 0.0171057 secs] 628747K->74938K(2029056K), 0.0171720 secs] [Times: user=0.13 sys=0.00, real=0.02 secs] 
2020-09-29T18:22:06.851+0200: 79.443: [GC (Allocation Failure) 2020-09-29T18:22:06.851+0200: 79.443: [ParNew: 593533K->41121K(613440K), 0.0171584 secs] 620282K->67871K(2029056K), 0.0172148 secs] [Times: user=0.13 sys=0.00, real=0.02 secs] 
2020-09-29T18:22:06.916+0200: 79.508: [GC (Allocation Failure) 2020-09-29T18:22:06.916+0200: 79.508: [ParNew: 586465K->60606K(613440K), 0.0210090 secs] 613215K->87356K(2029056K), 0.0210852 secs] [Times: user=0.13 sys=0.00, real=0.02 secs] 
2020-09-29T18:22:06.986+0200: 79.579: [GC (Allocation Failure) 2020-09-29T18:22:06.986+0200: 79.579: [ParNew: 605950K->50203K(613440K), 0.0200358 secs] 632700K->76953K(2029056K), 0.0200969 secs] [Times: user=0.25 sys=0.00, real=0.02 secs] 
2020-09-29T18:22:07.054+0200: 79.646: [GC (Allocation Failure) 2020-09-29T18:22:07.054+0200: 79.647: [ParNew: 595547K->68096K(613440K), 0.0262541 secs] 622297K->96858K(2029056K), 0.0263108 secs] [Times: user=0.13 sys=0.00, real=0.03 secs] 
2020-09-29T18:22:07.127+0200: 79.720: [GC (Allocation Failure) 2020-09-29T18:22:07.127+0200: 79.720: [ParNew: 613440K->68096K(613440K), 0.0244835 secs] 642202K->97500K(2029056K), 0.0245376 secs] [Times: user=0.25 sys=0.00, real=0.02 secs] 
2020-09-29T18:22:07.200+0200: 79.792: [GC (Allocation Failure) 2020-09-29T18:22:07.200+0200: 79.792: [ParNew: 613440K->50122K(613440K), 0.0131175 secs] 642844K->79526K(2029056K), 0.0131983 secs] [Times: user=0.13 sys=0.00, real=0.01 secs] 
2020-09-29T18:22:07.265+0200: 79.858: [GC (Allocation Failure) 2020-09-29T18:22:07.265+0200: 79.858: [ParNew: 595466K->51791K(613440K), 0.0231188 secs] 624870K->81196K(2029056K), 0.0232088 secs] [Times: user=0.25 sys=0.00, real=0.02 secs] 
2020-09-29T18:22:07.335+0200: 79.927: [GC (Allocation Failure) 2020-09-29T18:22:07.335+0200: 79.927: [ParNew: 597135K->68096K(613440K), 0.0226512 secs] 626540K->97660K(2029056K), 0.0227093 secs] [Times: user=0.13 sys=0.00, real=0.02 secs] 
2020-09-29T18:22:07.405+0200: 79.998: [GC (Allocation Failure) 2020-09-29T18:22:07.405+0200: 79.998: [ParNew: 613440K->41754K(613440K), 0.0162085 secs] 643004K->71318K(2029056K), 0.0162661 secs] [Times: user=0.13 sys=0.00, real=0.02 secs] 
2020-09-29T18:22:07.469+0200: 80.061: [GC (Allocation Failure) 2020-09-29T18:22:07.469+0200: 80.061: [ParNew: 585843K->38322K(613440K), 0.0126710 secs] 615407K->67886K(2029056K), 0.0127285 secs] [Times: user=0.13 sys=0.00, real=0.01 secs] 
2020-09-29T18:22:07.528+0200: 80.121: [GC (Allocation Failure) 2020-09-29T18:22:07.528+0200: 80.121: [ParNew: 583666K->37419K(613440K), 0.0171632 secs] 613230K->66983K(2029056K), 0.0172176 secs] [Times: user=0.13 sys=0.00, real=0.02 secs] 
2020-09-29T18:22:07.593+0200: 80.186: [GC (Allocation Failure) 2020-09-29T18:22:07.593+0200: 80.186: [ParNew: 582763K->49960K(613440K), 0.0163687 secs] 612327K->79524K(2029056K), 0.0164352 secs] [Times: user=0.13 sys=0.00, real=0.02 secs] 
2020-09-29T18:22:07.661+0200: 80.253: [GC (Allocation Failure) 2020-09-29T18:22:07.661+0200: 80.253: [ParNew: 595304K->36261K(613440K), 0.0182997 secs] 624868K->65825K(2029056K), 0.0183686 secs] [Times: user=0.13 sys=0.00, real=0.02 secs] 
2020-09-29T18:22:07.735+0200: 80.327: [GC (Allocation Failure) 2020-09-29T18:22:07.735+0200: 80.327: [ParNew: 581605K->58381K(613440K), 0.0214650 secs] 611169K->87945K(2029056K), 0.0215255 secs] [Times: user=0.25 sys=0.00, real=0.02 secs] 
2020-09-29T18:22:07.811+0200: 80.403: [GC (Allocation Failure) 2020-09-29T18:22:07.811+0200: 80.403: [ParNew: 603725K->46052K(613440K), 0.0208575 secs] 633289K->75616K(2029056K), 0.0209244 secs] [Times: user=0.13 sys=0.00, real=0.02 secs] 
2020-09-29T18:22:07.880+0200: 80.473: [GC (Allocation Failure) 2020-09-29T18:22:07.880+0200: 80.473: [ParNew: 591396K->47491K(613440K), 0.0189543 secs] 620960K->77055K(2029056K), 0.0190179 secs] [Times: user=0.13 sys=0.00, real=0.02 secs] 
2020-09-29T18:22:07.946+0200: 80.539: [GC (Allocation Failure) 2020-09-29T18:22:07.946+0200: 80.539: [ParNew: 592835K->45027K(613440K), 0.0187969 secs] 622399K->74591K(2029056K), 0.0188633 secs] [Times: user=0.13 sys=0.00, real=0.02 secs] 
2020-09-29T18:22:08.015+0200: 80.607: [GC (Allocation Failure) 2020-09-29T18:22:08.015+0200: 80.607: [ParNew: 590371K->34798K(613440K), 0.0106890 secs] 619935K->64362K(2029056K), 0.0107408 secs] [Times: user=0.13 sys=0.00, real=0.01 secs] 
2020-09-29T18:22:08.073+0200: 80.666: [GC (Allocation Failure) 2020-09-29T18:22:08.073+0200: 80.666: [ParNew: 580142K->31945K(613440K), 0.0160589 secs] 609706K->61509K(2029056K), 0.0161168 secs] [Times: user=0.11 sys=0.00, real=0.02 secs] 
2020-09-29T18:22:08.142+0200: 80.735: [GC (Allocation Failure) 2020-09-29T18:22:08.142+0200: 80.735: [ParNew: 577289K->43414K(613440K), 0.0205649 secs] 606853K->72978K(2029056K), 0.0206494 secs] [Times: user=0.22 sys=0.00, real=0.02 secs] 
2020-09-29T18:22:08.213+0200: 80.806: [GC (Allocation Failure) 2020-09-29T18:22:08.213+0200: 80.806: [ParNew: 588758K->33840K(613440K), 0.0139658 secs] 618322K->63404K(2029056K), 0.0140305 secs] [Times: user=0.13 sys=0.00, real=0.01 secs] 
2020-09-29T18:22:08.275+0200: 80.868: [GC (Allocation Failure) 2020-09-29T18:22:08.275+0200: 80.868: [ParNew: 579184K->34052K(613440K), 0.0148805 secs] 608748K->63616K(2029056K), 0.0149338 secs] [Times: user=0.13 sys=0.00, real=0.01 secs] 
2020-09-29T18:22:08.343+0200: 80.936: [GC (Allocation Failure) 2020-09-29T18:22:08.343+0200: 80.936: [ParNew: 577770K->24965K(613440K), 0.0075860 secs] 607334K->54529K(2029056K), 0.0076545 secs] [Times: user=0.13 sys=0.00, real=0.01 secs] 
2020-09-29T18:22:08.399+0200: 80.991: [GC (Allocation Failure) 2020-09-29T18:22:08.399+0200: 80.991: [ParNew: 570309K->39179K(613440K), 0.0181134 secs] 599873K->68743K(2029056K), 0.0181682 secs] [Times: user=0.13 sys=0.00, real=0.02 secs] 
2020-09-29T18:22:08.465+0200: 81.057: [GC (Allocation Failure) 2020-09-29T18:22:08.465+0200: 81.057: [ParNew: 584523K->41618K(613440K), 0.0164738 secs] 614087K->71182K(2029056K), 0.0165308 secs] [Times: user=0.13 sys=0.00, real=0.02 secs] 
2020-09-29T18:22:08.528+0200: 81.121: [GC (Allocation Failure) 2020-09-29T18:22:08.528+0200: 81.121: [ParNew: 586962K->32294K(613440K), 0.0160214 secs] 616526K->61858K(2029056K), 0.0160758 secs] [Times: user=0.13 sys=0.00, real=0.02 secs] 
2020-09-29T18:22:08.594+0200: 81.187: [GC (Allocation Failure) 2020-09-29T18:22:08.594+0200: 81.187: [ParNew: 577638K->34779K(613440K), 0.0147389 secs] 607202K->64343K(2029056K), 0.0147958 secs] [Times: user=0.11 sys=0.00, real=0.01 secs] 
2020-09-29T18:22:08.665+0200: 81.258: [GC (Allocation Failure) 2020-09-29T18:22:08.665+0200: 81.258: [ParNew: 580123K->53436K(613440K), 0.0190757 secs] 609687K->83000K(2029056K), 0.0191363 secs] [Times: user=0.13 sys=0.00, real=0.02 secs] 
2020-09-29T18:22:08.733+0200: 81.326: [GC (Allocation Failure) 2020-09-29T18:22:08.733+0200: 81.326: [ParNew: 598780K->65713K(613440K), 0.0235870 secs] 628344K->95277K(2029056K), 0.0236494 secs] [Times: user=0.25 sys=0.00, real=0.02 secs] 
2020-09-29T18:22:08.804+0200: 81.396: [GC (Allocation Failure) 2020-09-29T18:22:08.804+0200: 81.397: [ParNew: 611057K->55744K(613440K), 0.0183459 secs] 640621K->85308K(2029056K), 0.0184175 secs] [Times: user=0.13 sys=0.00, real=0.02 secs] 
2020-09-29T18:22:08.871+0200: 81.464: [GC (Allocation Failure) 2020-09-29T18:22:08.871+0200: 81.464: [ParNew: 601088K->44820K(613440K), 0.0174905 secs] 630652K->74384K(2029056K), 0.0175469 secs] [Times: user=0.13 sys=0.00, real=0.02 secs] 
2020-09-29T18:22:08.938+0200: 81.531: [GC (Allocation Failure) 2020-09-29T18:22:08.938+0200: 81.531: [ParNew: 590164K->68096K(613440K), 0.0221004 secs] 619728K->97660K(2029056K), 0.0221600 secs] [Times: user=0.25 sys=0.00, real=0.02 secs] 
2020-09-29T18:22:09.011+0200: 81.603: [GC (Allocation Failure) 2020-09-29T18:22:09.011+0200: 81.603: [ParNew: 613440K->50888K(613440K), 0.0165527 secs] 643004K->80452K(2029056K), 0.0166094 secs] [Times: user=0.13 sys=0.00, real=0.02 secs] 
2020-09-29T18:22:09.079+0200: 81.672: [GC (Allocation Failure) 2020-09-29T18:22:09.079+0200: 81.672: [ParNew: 596232K->48856K(613440K), 0.0210229 secs] 625796K->78420K(2029056K), 0.0210920 secs] [Times: user=0.25 sys=0.00, real=0.02 secs] 
2020-09-29T18:22:09.147+0200: 81.740: [GC (Allocation Failure) 2020-09-29T18:22:09.147+0200: 81.740: [ParNew: 594200K->52727K(613440K), 0.0209600 secs] 623764K->82291K(2029056K), 0.0210136 secs] [Times: user=0.13 sys=0.00, real=0.02 secs] 
2020-09-29T18:22:09.215+0200: 81.808: [GC (Allocation Failure) 2020-09-29T18:22:09.215+0200: 81.808: [ParNew: 598071K->42428K(613440K), 0.0153923 secs] 627635K->71992K(2029056K), 0.0154502 secs] [Times: user=0.13 sys=0.00, real=0.02 secs] 
2020-09-29T18:22:09.280+0200: 81.872: [GC (Allocation Failure) 2020-09-29T18:22:09.280+0200: 81.872: [ParNew: 587772K->61130K(613440K), 0.0238405 secs] 617336K->90694K(2029056K), 0.0239107 secs] [Times: user=0.25 sys=0.00, real=0.02 secs] 
2020-09-29T18:22:09.351+0200: 81.943: [GC (Allocation Failure) 2020-09-29T18:22:09.351+0200: 81.943: [ParNew: 606474K->47758K(613440K), 0.0177829 secs] 636038K->77322K(2029056K), 0.0178526 secs] [Times: user=0.13 sys=0.00, real=0.02 secs] 
2020-09-29T18:22:09.421+0200: 82.014: [GC (Allocation Failure) 2020-09-29T18:22:09.421+0200: 82.014: [ParNew: 593102K->41936K(613440K), 0.0171226 secs] 622666K->71500K(2029056K), 0.0171805 secs] [Times: user=0.13 sys=0.00, real=0.02 secs] 
2020-09-29T18:22:09.490+0200: 82.083: [GC (Allocation Failure) 2020-09-29T18:22:09.490+0200: 82.083: [ParNew: 587280K->36531K(613440K), 0.0180478 secs] 616844K->66095K(2029056K), 0.0181092 secs] [Times: user=0.13 sys=0.00, real=0.02 secs] 
2020-09-29T18:22:09.556+0200: 82.149: [GC (Allocation Failure) 2020-09-29T18:22:09.556+0200: 82.149: [ParNew: 581875K->42500K(613440K), 0.0174606 secs] 611439K->72064K(2029056K), 0.0175310 secs] [Times: user=0.11 sys=0.00, real=0.02 secs] 
2020-09-29T18:22:09.622+0200: 82.215: [GC (Allocation Failure) 2020-09-29T18:22:09.622+0200: 82.215: [ParNew: 587844K->34336K(613440K), 0.0163273 secs] 617408K->63900K(2029056K), 0.0164032 secs] [Times: user=0.13 sys=0.00, real=0.02 secs] 
2020-09-29T18:22:09.687+0200: 82.280: [GC (Allocation Failure) 2020-09-29T18:22:09.687+0200: 82.280: [ParNew: 579680K->55183K(613440K), 0.0193513 secs] 609244K->84748K(2029056K), 0.0194111 secs] [Times: user=0.13 sys=0.00, real=0.02 secs] 
2020-09-29T18:22:09.759+0200: 82.352: [GC (Allocation Failure) 2020-09-29T18:22:09.759+0200: 82.352: [ParNew: 600527K->36726K(613440K), 0.0133048 secs] 630092K->66290K(2029056K), 0.0133684 secs] [Times: user=0.13 sys=0.00, real=0.01 secs] 
2020-09-29T18:22:09.821+0200: 82.413: [GC (Allocation Failure) 2020-09-29T18:22:09.821+0200: 82.413: [ParNew: 582070K->38021K(613440K), 0.0172737 secs] 611634K->67585K(2029056K), 0.0173292 secs] [Times: user=0.13 sys=0.00, real=0.02 secs] 
2020-09-29T18:22:09.887+0200: 82.480: [GC (Allocation Failure) 2020-09-29T18:22:09.887+0200: 82.480: [ParNew: 583365K->47712K(613440K), 0.0166570 secs] 612929K->77276K(2029056K), 0.0167144 secs] [Times: user=0.13 sys=0.00, real=0.02 secs] 
2020-09-29T18:22:09.950+0200: 82.543: [GC (Allocation Failure) 2020-09-29T18:22:09.950+0200: 82.543: [ParNew: 593056K->54374K(613440K), 0.0196785 secs] 622620K->83938K(2029056K), 0.0197342 secs] [Times: user=0.13 sys=0.00, real=0.02 secs] 
2020-09-29T18:22:10.020+0200: 82.613: [GC (Allocation Failure) 2020-09-29T18:22:10.020+0200: 82.613: [ParNew: 599718K->33070K(613440K), 0.0147803 secs] 629282K->62635K(2029056K), 0.0148507 secs] [Times: user=0.00 sys=0.00, real=0.02 secs] 
2020-09-29T18:22:10.086+0200: 82.679: [GC (Allocation Failure) 2020-09-29T18:22:10.086+0200: 82.679: [ParNew: 578414K->52029K(613440K), 0.0178361 secs] 607979K->81593K(2029056K), 0.0179061 secs] [Times: user=0.13 sys=0.00, real=0.02 secs] 
2020-09-29T18:22:10.151+0200: 82.744: [GC (Allocation Failure) 2020-09-29T18:22:10.151+0200: 82.744: [ParNew: 597373K->66181K(613440K), 0.0228292 secs] 626937K->95745K(2029056K), 0.0228840 secs] [Times: user=0.13 sys=0.00, real=0.02 secs] 
2020-09-29T18:22:10.223+0200: 82.816: [GC (Allocation Failure) 2020-09-29T18:22:10.223+0200: 82.816: [ParNew: 611525K->54444K(613440K), 0.0222674 secs] 641089K->84008K(2029056K), 0.0223525 secs] [Times: user=0.13 sys=0.00, real=0.02 secs] 
2020-09-29T18:22:10.293+0200: 82.886: [GC (Allocation Failure) 2020-09-29T18:22:10.293+0200: 82.886: [ParNew: 599788K->45527K(613440K), 0.0163868 secs] 629352K->75091K(2029056K), 0.0164424 secs] [Times: user=0.13 sys=0.00, real=0.02 secs] 
2020-09-29T18:22:10.356+0200: 82.949: [GC (Allocation Failure) 2020-09-29T18:22:10.357+0200: 82.949: [ParNew: 590871K->64616K(613440K), 0.0206107 secs] 620435K->94180K(2029056K), 0.0207114 secs] [Times: user=0.13 sys=0.00, real=0.02 secs] 
2020-09-29T18:22:10.425+0200: 83.018: [GC (Allocation Failure) 2020-09-29T18:22:10.425+0200: 83.018: [ParNew: 609960K->68096K(613440K), 0.0251230 secs] 639524K->98593K(2029056K), 0.0251797 secs] [Times: user=0.25 sys=0.00, real=0.03 secs] 
2020-09-29T18:22:10.498+0200: 83.091: [GC (Allocation Failure) 2020-09-29T18:22:10.498+0200: 83.091: [ParNew: 613440K->50125K(613440K), 0.0139839 secs] 643937K->80622K(2029056K), 0.0140390 secs] [Times: user=0.13 sys=0.00, real=0.01 secs] 
2020-09-29T18:22:10.559+0200: 83.152: [GC (Allocation Failure) 2020-09-29T18:22:10.559+0200: 83.152: [ParNew: 594186K->27102K(613440K), 0.0124207 secs] 624684K->57600K(2029056K), 0.0124814 secs] [Times: user=0.13 sys=0.00, real=0.01 secs] 
2020-09-29T18:22:10.620+0200: 83.213: [GC (Allocation Failure) 2020-09-29T18:22:10.620+0200: 83.213: [ParNew: 572446K->44103K(613440K), 0.0190496 secs] 602944K->74601K(2029056K), 0.0191040 secs] [Times: user=0.13 sys=0.00, real=0.02 secs] 
2020-09-29T18:22:10.687+0200: 83.280: [GC (Allocation Failure) 2020-09-29T18:22:10.687+0200: 83.280: [ParNew: 589447K->35607K(613440K), 0.0160464 secs] 619945K->66104K(2029056K), 0.0161010 secs] [Times: user=0.13 sys=0.00, real=0.02 secs] 
2020-09-29T18:22:10.752+0200: 83.345: [GC (Allocation Failure) 2020-09-29T18:22:10.752+0200: 83.345: [ParNew: 580951K->29734K(613440K), 0.0089073 secs] 611448K->60231K(2029056K), 0.0089649 secs] [Times: user=0.13 sys=0.00, real=0.01 secs] 
2020-09-29T18:22:10.811+0200: 83.404: [GC (Allocation Failure) 2020-09-29T18:22:10.811+0200: 83.404: [ParNew: 575078K->25814K(613440K), 0.0138799 secs] 605575K->56311K(2029056K), 0.0139370 secs] [Times: user=0.13 sys=0.00, real=0.01 secs] 
2020-09-29T18:22:10.876+0200: 83.468: [GC (Allocation Failure) 2020-09-29T18:22:10.876+0200: 83.468: [ParNew: 571158K->22964K(613440K), 0.0122269 secs] 601655K->53461K(2029056K), 0.0122912 secs] [Times: user=0.13 sys=0.00, real=0.01 secs] 
2020-09-29T18:22:10.939+0200: 83.532: [GC (Allocation Failure) 2020-09-29T18:22:10.939+0200: 83.532: [ParNew: 568308K->24638K(613440K), 0.0108816 secs] 598805K->55136K(2029056K), 0.0109394 secs] [Times: user=0.13 sys=0.00, real=0.01 secs] 
2020-09-29T18:22:10.999+0200: 83.592: [GC (Allocation Failure) 2020-09-29T18:22:10.999+0200: 83.592: [ParNew: 569982K->39534K(613440K), 0.0163167 secs] 600480K->70031K(2029056K), 0.0163704 secs] [Times: user=0.13 sys=0.00, real=0.02 secs] 
2020-09-29T18:22:11.068+0200: 83.661: [GC (Allocation Failure) 2020-09-29T18:22:11.068+0200: 83.661: [ParNew: 584878K->53348K(613440K), 0.0235143 secs] 615375K->83846K(2029056K), 0.0235974 secs] [Times: user=0.13 sys=0.00, real=0.02 secs] 
2020-09-29T18:22:11.143+0200: 83.736: [GC (Allocation Failure) 2020-09-29T18:22:11.143+0200: 83.736: [ParNew: 598692K->63372K(613440K), 0.0221450 secs] 629190K->93869K(2029056K), 0.0222132 secs] [Times: user=0.23 sys=0.00, real=0.02 secs] 
2020-09-29T18:22:11.222+0200: 83.815: [GC (Allocation Failure) 2020-09-29T18:22:11.222+0200: 83.815: [ParNew: 608716K->48321K(613440K), 0.0210592 secs] 639213K->78818K(2029056K), 0.0211162 secs] [Times: user=0.25 sys=0.00, real=0.02 secs] 
2020-09-29T18:22:11.291+0200: 83.884: [GC (Allocation Failure) 2020-09-29T18:22:11.291+0200: 83.884: [ParNew: 593665K->43941K(613440K), 0.0188634 secs] 624162K->74438K(2029056K), 0.0189266 secs] [Times: user=0.13 sys=0.00, real=0.02 secs] 
2020-09-29T18:22:11.359+0200: 83.952: [GC (Allocation Failure) 2020-09-29T18:22:11.359+0200: 83.952: [ParNew: 589285K->38894K(613440K), 0.0191853 secs] 619782K->69391K(2029056K), 0.0192465 secs] [Times: user=0.13 sys=0.00, real=0.02 secs] 
2020-09-29T18:22:11.428+0200: 84.021: [GC (Allocation Failure) 2020-09-29T18:22:11.428+0200: 84.021: [ParNew: 584238K->66291K(613440K), 0.0232220 secs] 614735K->96789K(2029056K), 0.0232822 secs] [Times: user=0.13 sys=0.00, real=0.02 secs] 
2020-09-29T18:22:11.499+0200: 84.092: [GC (Allocation Failure) 2020-09-29T18:22:11.499+0200: 84.092: [ParNew: 611635K->53441K(613440K), 0.0224885 secs] 642133K->83938K(2029056K), 0.0225519 secs] [Times: user=0.25 sys=0.00, real=0.02 secs] 
2020-09-29T18:22:11.570+0200: 84.163: [GC (Allocation Failure) 2020-09-29T18:22:11.570+0200: 84.163: [ParNew: 598785K->46385K(613440K), 0.0181677 secs] 629282K->76882K(2029056K), 0.0182306 secs] [Times: user=0.11 sys=0.00, real=0.02 secs] 
2020-09-29T18:22:11.638+0200: 84.231: [GC (Allocation Failure) 2020-09-29T18:22:11.638+0200: 84.231: [ParNew: 591729K->39331K(613440K), 0.0156992 secs] 622226K->69828K(2029056K), 0.0157804 secs] [Times: user=0.13 sys=0.00, real=0.02 secs] 
2020-09-29T18:22:11.704+0200: 84.297: [GC (Allocation Failure) 2020-09-29T18:22:11.704+0200: 84.297: [ParNew: 584675K->30013K(613440K), 0.0141797 secs] 615172K->60510K(2029056K), 0.0142360 secs] [Times: user=0.13 sys=0.00, real=0.01 secs] 
2020-09-29T18:22:11.766+0200: 84.359: [GC (Allocation Failure) 2020-09-29T18:22:11.766+0200: 84.359: [ParNew: 575357K->51794K(613440K), 0.0232558 secs] 605854K->82291K(2029056K), 0.0233275 secs] [Times: user=0.25 sys=0.00, real=0.02 secs] 
2020-09-29T18:22:11.836+0200: 84.429: [GC (Allocation Failure) 2020-09-29T18:22:11.836+0200: 84.429: [ParNew: 597138K->50116K(613440K), 0.0161121 secs] 627635K->80614K(2029056K), 0.0161649 secs] [Times: user=0.13 sys=0.00, real=0.02 secs] 
2020-09-29T18:22:11.902+0200: 84.495: [GC (Allocation Failure) 2020-09-29T18:22:11.902+0200: 84.495: [ParNew: 595460K->32935K(613440K), 0.0102546 secs] 625958K->63432K(2029056K), 0.0103085 secs] [Times: user=0.13 sys=0.00, real=0.01 secs] 
2020-09-29T18:22:11.963+0200: 84.556: [GC (Allocation Failure) 2020-09-29T18:22:11.963+0200: 84.556: [ParNew: 578279K->44719K(613440K), 0.0198409 secs] 608776K->75217K(2029056K), 0.0198963 secs] [Times: user=0.13 sys=0.00, real=0.02 secs] 
2020-09-29T18:22:12.030+0200: 84.623: [GC (Allocation Failure) 2020-09-29T18:22:12.030+0200: 84.623: [ParNew: 590063K->59181K(613440K), 0.0190555 secs] 620561K->89678K(2029056K), 0.0191151 secs] [Times: user=0.13 sys=0.00, real=0.02 secs] 
2020-09-29T18:22:12.097+0200: 84.690: [GC (Allocation Failure) 2020-09-29T18:22:12.097+0200: 84.690: [ParNew: 604525K->35298K(613440K), 0.0117147 secs] 635022K->65795K(2029056K), 0.0117928 secs] [Times: user=0.13 sys=0.00, real=0.01 secs] 
2020-09-29T18:22:12.162+0200: 84.754: [GC (Allocation Failure) 2020-09-29T18:22:12.162+0200: 84.754: [ParNew: 580642K->21413K(613440K), 0.0099363 secs] 611139K->51910K(2029056K), 0.0100308 secs] [Times: user=0.00 sys=0.00, real=0.01 secs] 
2020-09-29T18:22:12.230+0200: 84.822: [GC (Allocation Failure) 2020-09-29T18:22:12.230+0200: 84.822: [ParNew: 566757K->37575K(613440K), 0.0153381 secs] 597254K->68072K(2029056K), 0.0153934 secs] [Times: user=0.13 sys=0.00, real=0.01 secs] 
2020-09-29T18:22:12.300+0200: 84.893: [GC (Allocation Failure) 2020-09-29T18:22:12.300+0200: 84.893: [ParNew: 582919K->44275K(613440K), 0.0160736 secs] 613416K->74773K(2029056K), 0.0161321 secs] [Times: user=0.13 sys=0.00, real=0.02 secs] 
2020-09-29T18:22:12.364+0200: 84.957: [GC (Allocation Failure) 2020-09-29T18:22:12.364+0200: 84.957: [ParNew: 589619K->47089K(613440K), 0.0200664 secs] 620117K->77587K(2029056K), 0.0201417 secs] [Times: user=0.13 sys=0.00, real=0.02 secs] 
2020-09-29T18:22:12.433+0200: 85.025: [GC (Allocation Failure) 2020-09-29T18:22:12.433+0200: 85.025: [ParNew: 592433K->38269K(613440K), 0.0138314 secs] 622931K->68766K(2029056K), 0.0138866 secs] [Times: user=0.13 sys=0.00, real=0.01 secs] 
2020-09-29T18:22:12.494+0200: 85.086: [GC (Allocation Failure) 2020-09-29T18:22:12.494+0200: 85.086: [ParNew: 583613K->32160K(613440K), 0.0124916 secs] 614110K->62657K(2029056K), 0.0125601 secs] [Times: user=0.13 sys=0.00, real=0.01 secs] 
2020-09-29T18:22:12.553+0200: 85.146: [GC (Allocation Failure) 2020-09-29T18:22:12.553+0200: 85.146: [ParNew: 577504K->28022K(613440K), 0.0116794 secs] 608001K->58519K(2029056K), 0.0117501 secs] [Times: user=0.00 sys=0.00, real=0.01 secs] 
2020-09-29T18:22:12.615+0200: 85.208: [GC (Allocation Failure) 2020-09-29T18:22:12.615+0200: 85.208: [ParNew: 573366K->40526K(613440K), 0.0169465 secs] 603863K->71023K(2029056K), 0.0170789 secs] [Times: user=0.13 sys=0.00, real=0.02 secs] 
2020-09-29T18:22:12.686+0200: 85.279: [GC (Allocation Failure) 2020-09-29T18:22:12.686+0200: 85.279: [ParNew: 585870K->30969K(613440K), 0.0102123 secs] 616367K->61467K(2029056K), 0.0102678 secs] [Times: user=0.13 sys=0.00, real=0.01 secs] 
2020-09-29T18:22:12.749+0200: 85.342: [GC (Allocation Failure) 2020-09-29T18:22:12.749+0200: 85.342: [ParNew: 576313K->36673K(613440K), 0.0156016 secs] 606811K->67170K(2029056K), 0.0156617 secs] [Times: user=0.13 sys=0.00, real=0.02 secs] 
2020-09-29T18:22:12.820+0200: 85.413: [GC (Allocation Failure) 2020-09-29T18:22:12.820+0200: 85.413: [ParNew: 582017K->44194K(613440K), 0.0149847 secs] 612514K->74691K(2029056K), 0.0150394 secs] [Times: user=0.13 sys=0.00, real=0.02 secs] 
2020-09-29T18:22:12.888+0200: 85.481: [GC (Allocation Failure) 2020-09-29T18:22:12.888+0200: 85.481: [ParNew: 589538K->34402K(613440K), 0.0145676 secs] 620035K->64899K(2029056K), 0.0146269 secs] [Times: user=0.13 sys=0.00, real=0.02 secs] 
2020-09-29T18:22:12.956+0200: 85.549: [GC (Allocation Failure) 2020-09-29T18:22:12.956+0200: 85.549: [ParNew: 579746K->25770K(613440K), 0.0137694 secs] 610243K->56268K(2029056K), 0.0138607 secs] [Times: user=0.13 sys=0.00, real=0.01 secs] 
2020-09-29T18:22:13.018+0200: 85.611: [GC (Allocation Failure) 2020-09-29T18:22:13.018+0200: 85.611: [ParNew: 571114K->25177K(613440K), 0.0133224 secs] 601612K->55674K(2029056K), 0.0133902 secs] [Times: user=0.13 sys=0.00, real=0.01 secs] 
2020-09-29T18:22:13.082+0200: 85.674: [GC (Allocation Failure) 2020-09-29T18:22:13.082+0200: 85.674: [ParNew: 570521K->46361K(613440K), 0.0180955 secs] 601018K->76859K(2029056K), 0.0181870 secs] [Times: user=0.25 sys=0.00, real=0.02 secs] 
2020-09-29T18:22:13.147+0200: 85.740: [GC (Allocation Failure) 2020-09-29T18:22:13.147+0200: 85.740: [ParNew: 591705K->57374K(613440K), 0.0190510 secs] 622203K->87872K(2029056K), 0.0191264 secs] [Times: user=0.13 sys=0.00, real=0.02 secs] 
2020-09-29T18:22:13.216+0200: 85.809: [GC (Allocation Failure) 2020-09-29T18:22:13.216+0200: 85.809: [ParNew: 602718K->21641K(613440K), 0.0140793 secs] 633216K->52138K(2029056K), 0.0141508 secs] [Times: user=0.11 sys=0.00, real=0.01 secs] 
2020-09-29T18:22:13.286+0200: 85.879: [GC (Allocation Failure) 2020-09-29T18:22:13.286+0200: 85.879: [ParNew: 566985K->35769K(613440K), 0.0154389 secs] 597482K->66266K(2029056K), 0.0154944 secs] [Times: user=0.13 sys=0.00, real=0.02 secs] 
2020-09-29T18:22:13.351+0200: 85.944: [GC (Allocation Failure) 2020-09-29T18:22:13.351+0200: 85.944: [ParNew: 581113K->25899K(613440K), 0.0087761 secs] 611610K->56397K(2029056K), 0.0088512 secs] [Times: user=0.00 sys=0.00, real=0.01 secs] 
2020-09-29T18:22:13.420+0200: 86.013: [GC (Allocation Failure) 2020-09-29T18:22:13.420+0200: 86.013: [ParNew: 571243K->27477K(613440K), 0.0181870 secs] 601741K->57974K(2029056K), 0.0182578 secs] [Times: user=0.11 sys=0.00, real=0.02 secs] 
2020-09-29T18:22:13.492+0200: 86.086: [GC (Allocation Failure) 2020-09-29T18:22:13.492+0200: 86.086: [ParNew: 572821K->47058K(613440K), 0.0237553 secs] 603318K->77555K(2029056K), 0.0238207 secs] [Times: user=0.11 sys=0.00, real=0.02 secs] 
2020-09-29T18:22:13.569+0200: 86.162: [GC (Allocation Failure) 2020-09-29T18:22:13.569+0200: 86.162: [ParNew: 592402K->52917K(613440K), 0.0208186 secs] 622899K->83415K(2029056K), 0.0209009 secs] [Times: user=0.13 sys=0.00, real=0.02 secs] 
2020-09-29T18:22:13.643+0200: 86.236: [GC (Allocation Failure) 2020-09-29T18:22:13.643+0200: 86.236: [ParNew: 598261K->31665K(613440K), 0.0136673 secs] 628759K->62163K(2029056K), 0.0137546 secs] [Times: user=0.09 sys=0.00, real=0.01 secs] 
2020-09-29T18:22:13.712+0200: 86.305: [GC (Allocation Failure) 2020-09-29T18:22:13.712+0200: 86.305: [ParNew: 577009K->33815K(613440K), 0.0243574 secs] 607507K->64313K(2029056K), 0.0244439 secs] [Times: user=0.09 sys=0.00, real=0.03 secs] 
2020-09-29T18:22:13.792+0200: 86.385: [GC (Allocation Failure) 2020-09-29T18:22:13.792+0200: 86.385: [ParNew: 579159K->43000K(613440K), 0.0188315 secs] 609657K->73498K(2029056K), 0.0189002 secs] [Times: user=0.11 sys=0.00, real=0.02 secs] 
2020-09-29T18:22:13.868+0200: 86.460: [GC (Allocation Failure) 2020-09-29T18:22:13.868+0200: 86.460: [ParNew: 588344K->31125K(613440K), 0.0164029 secs] 618842K->61623K(2029056K), 0.0164901 secs] [Times: user=0.13 sys=0.00, real=0.02 secs] 
2020-09-29T18:22:13.943+0200: 86.535: [GC (Allocation Failure) 2020-09-29T18:22:13.943+0200: 86.535: [ParNew: 576469K->28438K(613440K), 0.0161950 secs] 606967K->58936K(2029056K), 0.0162619 secs] [Times: user=0.11 sys=0.00, real=0.02 secs] 
2020-09-29T18:22:14.011+0200: 86.603: [GC (Allocation Failure) 2020-09-29T18:22:14.011+0200: 86.603: [ParNew: 573782K->25502K(613440K), 0.0133266 secs] 604280K->56000K(2029056K), 0.0133873 secs] [Times: user=0.13 sys=0.00, real=0.01 secs] 
2020-09-29T18:22:14.071+0200: 86.663: [GC (Allocation Failure) 2020-09-29T18:22:14.071+0200: 86.663: [ParNew: 570846K->19265K(613440K), 0.0148113 secs] 601344K->49762K(2029056K), 0.0148756 secs] [Times: user=0.11 sys=0.00, real=0.01 secs] 
2020-09-29T18:22:14.145+0200: 86.737: [GC (Allocation Failure) 2020-09-29T18:22:14.145+0200: 86.737: [ParNew: 564609K->36977K(613440K), 0.0177903 secs] 595106K->67474K(2029056K), 0.0178560 secs] [Times: user=0.23 sys=0.00, real=0.02 secs] 
2020-09-29T18:22:14.213+0200: 86.805: [GC (Allocation Failure) 2020-09-29T18:22:14.213+0200: 86.805: [ParNew: 582321K->47794K(613440K), 0.0227858 secs] 612818K->78292K(2029056K), 0.0228747 secs] [Times: user=0.13 sys=0.00, real=0.02 secs] 
2020-09-29T18:22:14.286+0200: 86.878: [GC (Allocation Failure) 2020-09-29T18:22:14.286+0200: 86.878: [ParNew: 593138K->62926K(613440K), 0.0215478 secs] 623636K->93423K(2029056K), 0.0216181 secs] [Times: user=0.13 sys=0.00, real=0.02 secs] 
2020-09-29T18:22:14.356+0200: 86.948: [GC (Allocation Failure) 2020-09-29T18:22:14.356+0200: 86.948: [ParNew: 608270K->37264K(613440K), 0.0070023 secs] 638767K->67762K(2029056K), 0.0070573 secs] [Times: user=0.00 sys=0.00, real=0.01 secs] 
2020-09-29T18:22:14.413+0200: 87.005: [GC (Allocation Failure) 2020-09-29T18:22:14.413+0200: 87.005: [ParNew: 582608K->24780K(613440K), 0.0129559 secs] 613106K->55277K(2029056K), 0.0130236 secs] [Times: user=0.00 sys=0.00, real=0.01 secs] 
2020-09-29T18:22:14.471+0200: 87.064: [GC (Allocation Failure) 2020-09-29T18:22:14.471+0200: 87.064: [ParNew: 570124K->31208K(613440K), 0.0152560 secs] 600621K->61705K(2029056K), 0.0153217 secs] [Times: user=0.11 sys=0.00, real=0.02 secs] 
2020-09-29T18:22:14.537+0200: 87.129: [GC (Allocation Failure) 2020-09-29T18:22:14.537+0200: 87.129: [ParNew: 576552K->33090K(613440K), 0.0179036 secs] 607049K->63587K(2029056K), 0.0179637 secs] [Times: user=0.13 sys=0.00, real=0.02 secs] 
2020-09-29T18:22:14.603+0200: 87.196: [GC (Allocation Failure) 2020-09-29T18:22:14.603+0200: 87.196: [ParNew: 578434K->28974K(613440K), 0.0127823 secs] 608931K->59471K(2029056K), 0.0128426 secs] [Times: user=0.13 sys=0.00, real=0.01 secs] 
2020-09-29T18:22:14.666+0200: 87.259: [GC (Allocation Failure) 2020-09-29T18:22:14.666+0200: 87.259: [ParNew: 574318K->37680K(613440K), 0.0180924 secs] 604815K->68177K(2029056K), 0.0181559 secs] [Times: user=0.13 sys=0.00, real=0.02 secs] 
2020-09-29T18:22:14.734+0200: 87.326: [GC (Allocation Failure) 2020-09-29T18:22:14.734+0200: 87.326: [ParNew: 583024K->39500K(613440K), 0.0181915 secs] 613521K->69998K(2029056K), 0.0182693 secs] [Times: user=0.11 sys=0.00, real=0.02 secs] 
2020-09-29T18:22:14.804+0200: 87.397: [GC (Allocation Failure) 2020-09-29T18:22:14.804+0200: 87.397: [ParNew: 584844K->29866K(613440K), 0.0149897 secs] 615342K->60364K(2029056K), 0.0150523 secs] [Times: user=0.13 sys=0.00, real=0.02 secs] 
2020-09-29T18:22:14.865+0200: 87.458: [GC (Allocation Failure) 2020-09-29T18:22:14.866+0200: 87.458: [ParNew: 575210K->26476K(613440K), 0.0077152 secs] 605708K->56973K(2029056K), 0.0077781 secs] [Times: user=0.00 sys=0.00, real=0.01 secs] 
2020-09-29T18:22:14.931+0200: 87.524: [GC (Allocation Failure) 2020-09-29T18:22:14.931+0200: 87.524: [ParNew: 571820K->28156K(613440K), 0.0134076 secs] 602317K->58653K(2029056K), 0.0134944 secs] [Times: user=0.13 sys=0.00, real=0.01 secs] 
2020-09-29T18:22:14.997+0200: 87.590: [GC (Allocation Failure) 2020-09-29T18:22:14.997+0200: 87.590: [ParNew: 573500K->35420K(613440K), 0.0130449 secs] 603997K->65917K(2029056K), 0.0131006 secs] [Times: user=0.13 sys=0.00, real=0.01 secs] 
2020-09-29T18:22:15.062+0200: 87.654: [GC (Allocation Failure) 2020-09-29T18:22:15.062+0200: 87.654: [ParNew: 580764K->25018K(613440K), 0.0121884 secs] 611261K->55515K(2029056K), 0.0122451 secs] [Times: user=0.13 sys=0.00, real=0.01 secs] 
2020-09-29T18:22:15.119+0200: 87.712: [GC (Allocation Failure) 2020-09-29T18:22:15.120+0200: 87.712: [ParNew: 570362K->18830K(613440K), 0.0110423 secs] 600859K->49327K(2029056K), 0.0111170 secs] [Times: user=0.13 sys=0.00, real=0.01 secs] 
2020-09-29T18:22:15.182+0200: 87.774: [GC (Allocation Failure) 2020-09-29T18:22:15.182+0200: 87.774: [ParNew: 564174K->31128K(613440K), 0.0164964 secs] 594671K->61626K(2029056K), 0.0165550 secs] [Times: user=0.13 sys=0.00, real=0.02 secs] 
2020-09-29T18:22:15.249+0200: 87.842: [GC (Allocation Failure) 2020-09-29T18:22:15.249+0200: 87.842: [ParNew: 576472K->23571K(613440K), 0.0114615 secs] 606970K->54068K(2029056K), 0.0115223 secs] [Times: user=0.13 sys=0.00, real=0.01 secs] 
2020-09-29T18:22:15.308+0200: 87.900: [GC (Allocation Failure) 2020-09-29T18:22:15.308+0200: 87.900: [ParNew: 568915K->33927K(613440K), 0.0148531 secs] 599412K->64425K(2029056K), 0.0149087 secs] [Times: user=0.13 sys=0.00, real=0.01 secs] 
2020-09-29T18:22:15.370+0200: 87.963: [GC (Allocation Failure) 2020-09-29T18:22:15.370+0200: 87.963: [ParNew: 579271K->40328K(613440K), 0.0144931 secs] 609769K->70825K(2029056K), 0.0145553 secs] [Times: user=0.13 sys=0.00, real=0.02 secs] 
2020-09-29T18:22:15.430+0200: 88.023: [GC (Allocation Failure) 2020-09-29T18:22:15.430+0200: 88.023: [ParNew: 585672K->28118K(613440K), 0.0135195 secs] 616169K->58615K(2029056K), 0.0135822 secs] [Times: user=0.11 sys=0.00, real=0.01 secs] 
2020-09-29T18:22:15.498+0200: 88.090: [GC (Allocation Failure) 2020-09-29T18:22:15.498+0200: 88.090: [ParNew: 573462K->36402K(613440K), 0.0185850 secs] 603959K->66900K(2029056K), 0.0186864 secs] [Times: user=0.13 sys=0.00, real=0.02 secs] 
2020-09-29T18:22:15.560+0200: 88.153: [GC (Allocation Failure) 2020-09-29T18:22:15.560+0200: 88.153: [ParNew: 581746K->29315K(613440K), 0.0122211 secs] 612244K->59812K(2029056K), 0.0122947 secs] [Times: user=0.13 sys=0.00, real=0.01 secs] 
2020-09-29T18:22:15.622+0200: 88.215: [GC (Allocation Failure) 2020-09-29T18:22:15.622+0200: 88.215: [ParNew: 574659K->27822K(613440K), 0.0114250 secs] 605156K->58320K(2029056K), 0.0114782 secs] [Times: user=0.13 sys=0.00, real=0.01 secs] 
2020-09-29T18:22:15.679+0200: 88.272: [GC (Allocation Failure) 2020-09-29T18:22:15.679+0200: 88.272: [ParNew: 573166K->17551K(613440K), 0.0106717 secs] 603664K->48048K(2029056K), 0.0107427 secs] [Times: user=0.00 sys=0.00, real=0.01 secs] 
2020-09-29T18:22:15.734+0200: 88.327: [GC (Allocation Failure) 2020-09-29T18:22:15.734+0200: 88.327: [ParNew: 562895K->13801K(613440K), 0.0083811 secs] 593392K->44298K(2029056K), 0.0084354 secs] [Times: user=0.13 sys=0.00, real=0.01 secs] 
2020-09-29T18:22:15.798+0200: 88.390: [GC (Allocation Failure) 2020-09-29T18:22:15.798+0200: 88.390: [ParNew: 559145K->38255K(613440K), 0.0189292 secs] 589642K->68752K(2029056K), 0.0190010 secs] [Times: user=0.13 sys=0.00, real=0.02 secs] 
2020-09-29T18:22:15.861+0200: 88.454: [GC (Allocation Failure) 2020-09-29T18:22:15.861+0200: 88.454: [ParNew: 583599K->52573K(613440K), 0.0182266 secs] 614096K->83070K(2029056K), 0.0183001 secs] [Times: user=0.13 sys=0.00, real=0.02 secs] 
2020-09-29T18:22:15.925+0200: 88.517: [GC (Allocation Failure) 2020-09-29T18:22:15.925+0200: 88.517: [ParNew: 597917K->28839K(613440K), 0.0053527 secs] 628414K->59337K(2029056K), 0.0054072 secs] [Times: user=0.13 sys=0.00, real=0.01 secs] 
2020-09-29T18:22:15.979+0200: 88.571: [GC (Allocation Failure) 2020-09-29T18:22:15.979+0200: 88.571: [ParNew: 574183K->33460K(613440K), 0.0164568 secs] 604681K->63958K(2029056K), 0.0165504 secs] [Times: user=0.13 sys=0.00, real=0.02 secs] 
2020-09-29T18:22:16.041+0200: 88.633: [GC (Allocation Failure) 2020-09-29T18:22:16.041+0200: 88.633: [ParNew: 578804K->39684K(613440K), 0.0151685 secs] 609302K->70182K(2029056K), 0.0152365 secs] [Times: user=0.13 sys=0.00, real=0.02 secs] 
2020-09-29T18:22:16.100+0200: 88.693: [GC (Allocation Failure) 2020-09-29T18:22:16.100+0200: 88.693: [ParNew: 585028K->30458K(613440K), 0.0145071 secs] 615526K->60955K(2029056K), 0.0145668 secs] [Times: user=0.13 sys=0.00, real=0.02 secs] 
2020-09-29T18:22:16.162+0200: 88.754: [GC (Allocation Failure) 2020-09-29T18:22:16.162+0200: 88.754: [ParNew: 575802K->28794K(613440K), 0.0148599 secs] 606299K->59292K(2029056K), 0.0149391 secs] [Times: user=0.02 sys=0.00, real=0.02 secs] 
2020-09-29T18:22:16.221+0200: 88.813: [GC (Allocation Failure) 2020-09-29T18:22:16.221+0200: 88.813: [ParNew: 574138K->27040K(613440K), 0.0137328 secs] 604636K->57538K(2029056K), 0.0137996 secs] [Times: user=0.11 sys=0.00, real=0.01 secs] 
2020-09-29T18:22:16.282+0200: 88.874: [GC (Allocation Failure) 2020-09-29T18:22:16.282+0200: 88.874: [ParNew: 572384K->25271K(613440K), 0.0127540 secs] 602882K->55768K(2029056K), 0.0128252 secs] [Times: user=0.13 sys=0.00, real=0.01 secs] 
2020-09-29T18:22:16.341+0200: 88.933: [GC (Allocation Failure) 2020-09-29T18:22:16.341+0200: 88.933: [ParNew: 570615K->21347K(613440K), 0.0123059 secs] 601112K->51845K(2029056K), 0.0123938 secs] [Times: user=0.13 sys=0.00, real=0.01 secs] 
2020-09-29T18:22:16.400+0200: 88.993: [GC (Allocation Failure) 2020-09-29T18:22:16.400+0200: 88.993: [ParNew: 566691K->20801K(613440K), 0.0103801 secs] 597189K->51298K(2029056K), 0.0104346 secs] [Times: user=0.13 sys=0.00, real=0.01 secs] 
2020-09-29T18:22:16.459+0200: 89.052: [GC (Allocation Failure) 2020-09-29T18:22:16.459+0200: 89.052: [ParNew: 566145K->15568K(613440K), 0.0086993 secs] 596642K->46065K(2029056K), 0.0087551 secs] [Times: user=0.00 sys=0.00, real=0.01 secs] 
2020-09-29T18:22:16.514+0200: 89.106: [GC (Allocation Failure) 2020-09-29T18:22:16.514+0200: 89.106: [ParNew: 560912K->12584K(613440K), 0.0079533 secs] 591409K->43081K(2029056K), 0.0080311 secs] [Times: user=0.13 sys=0.00, real=0.01 secs] 
2020-09-29T18:22:16.567+0200: 89.160: [GC (Allocation Failure) 2020-09-29T18:22:16.567+0200: 89.160: [ParNew: 557928K->10687K(613440K), 0.0071687 secs] 588425K->41184K(2029056K), 0.0072383 secs] [Times: user=0.00 sys=0.00, real=0.01 secs] 
2020-09-29T18:22:16.655+0200: 89.248: [GC (Allocation Failure) 2020-09-29T18:22:16.655+0200: 89.248: [ParNew: 556031K->7018K(613440K), 0.0045187 secs] 586528K->37515K(2029056K), 0.0045739 secs] [Times: user=0.00 sys=0.00, real=0.01 secs] 
2020-09-29T18:22:16.746+0200: 89.339: [GC (Allocation Failure) 2020-09-29T18:22:16.746+0200: 89.339: [ParNew: 552362K->159K(613440K), 0.0017472 secs] 582859K->30656K(2029056K), 0.0017971 secs] [Times: user=0.00 sys=0.00, real=0.00 secs] 
2020-09-29T18:22:16.833+0200: 89.426: [GC (Allocation Failure) 2020-09-29T18:22:16.833+0200: 89.426: [ParNew: 545503K->12270K(613440K), 0.0102047 secs] 576000K->42768K(2029056K), 0.0102970 secs] [Times: user=0.00 sys=0.00, real=0.01 secs] 
Heap
 par new generation   total 613440K, used 114978K [0x0000000080000000, 0x00000000a9990000, 0x00000000a9990000)
  eden space 545344K,  18% used [0x0000000080000000, 0x000000008644ce60, 0x00000000a1490000)
  from space 68096K,  18% used [0x00000000a5710000, 0x00000000a630ba98, 0x00000000a9990000)
  to   space 68096K,   0% used [0x00000000a1490000, 0x00000000a1490000, 0x00000000a5710000)
 concurrent mark-sweep generation total 1415616K, used 30497K [0x00000000a9990000, 0x0000000100000000, 0x0000000100000000)
 Metaspace       used 2594K, capacity 4486K, committed 4864K, reserved 1056768K
  class space    used 285K, capacity 386K, committed 512K, reserved 1048576K
