Java HotSpot(TM) 64-Bit Server VM (25.261-b12) for windows-amd64 JRE (1.8.0_261-b12), built on Jun 18 2020 06:56:32 by "" with unknown MS VC++:1916
Memory: 4k page, physical 16659684k(9588156k free), swap 23213284k(9184772k free)
CommandLine flags: -XX:InitialHeapSize=2147483648 -XX:MaxHeapSize=2147483648 -XX:MaxNewSize=697933824 -XX:MaxTenuringThreshold=6 -XX:NewSize=697933824 -XX:OldPLABSize=16 -XX:OldSize=1395867648 -XX:+PrintGC -XX:+PrintGCDateStamps -XX:+PrintGCDetails -XX:+PrintGCTimeStamps -XX:+UseCompressedClassPointers -XX:+UseCompressedOops -XX:+UseConcMarkSweepGC -XX:-UseLargePagesIndividualAllocation -XX:+UseParNewGC 
2020-09-29T18:17:47.999+0200: 0.280: [GC (Allocation Failure) 2020-09-29T18:17:47.999+0200: 0.280: [ParNew: 545344K->59277K(613440K), 0.0916628 secs] 545344K->59277K(2029056K), 0.0919384 secs] [Times: user=0.55 sys=0.08, real=0.09 secs] 
2020-09-29T18:17:48.140+0200: 0.421: [GC (Allocation Failure) 2020-09-29T18:17:48.140+0200: 0.421: [ParNew: 604621K->51169K(613440K), 0.0236323 secs] 604621K->51562K(2029056K), 0.0237064 secs] [Times: user=0.20 sys=0.05, real=0.02 secs] 
2020-09-29T18:17:48.212+0200: 0.493: [GC (Allocation Failure) 2020-09-29T18:17:48.212+0200: 0.493: [ParNew: 596513K->29219K(613440K), 0.0171271 secs] 596906K->29611K(2029056K), 0.0171921 secs] [Times: user=0.13 sys=0.00, real=0.02 secs] 
2020-09-29T18:17:48.285+0200: 0.566: [GC (Allocation Failure) 2020-09-29T18:17:48.285+0200: 0.566: [ParNew: 572681K->22102K(613440K), 0.0168140 secs] 573073K->22494K(2029056K), 0.0168871 secs] [Times: user=0.14 sys=0.00, real=0.02 secs] 
2020-09-29T18:17:48.350+0200: 0.631: [GC (Allocation Failure) 2020-09-29T18:17:48.350+0200: 0.631: [ParNew: 567446K->58591K(613440K), 0.0268370 secs] 567838K->58983K(2029056K), 0.0269012 secs] [Times: user=0.13 sys=0.00, real=0.03 secs] 
2020-09-29T18:17:48.426+0200: 0.707: [GC (Allocation Failure) 2020-09-29T18:17:48.426+0200: 0.707: [ParNew: 603935K->45372K(613440K), 0.0184332 secs] 604327K->45765K(2029056K), 0.0184962 secs] [Times: user=0.25 sys=0.00, real=0.02 secs] 
2020-09-29T18:17:48.496+0200: 0.777: [GC (Allocation Failure) 2020-09-29T18:17:48.496+0200: 0.777: [ParNew: 590716K->39210K(613440K), 0.0190651 secs] 591109K->39603K(2029056K), 0.0191286 secs] [Times: user=0.13 sys=0.00, real=0.02 secs] 
2020-09-29T18:17:48.566+0200: 0.847: [GC (Allocation Failure) 2020-09-29T18:17:48.567+0200: 0.848: [ParNew: 584554K->45567K(613440K), 0.0238515 secs] 584947K->45960K(2029056K), 0.0239347 secs] [Times: user=0.13 sys=0.01, real=0.02 secs] 
2020-09-29T18:17:48.647+0200: 0.928: [GC (Allocation Failure) 2020-09-29T18:17:48.647+0200: 0.928: [ParNew: 590911K->54313K(613440K), 0.0231339 secs] 591304K->54706K(2029056K), 0.0232045 secs] [Times: user=0.13 sys=0.00, real=0.02 secs] 
2020-09-29T18:17:48.719+0200: 1.000: [GC (Allocation Failure) 2020-09-29T18:17:48.719+0200: 1.000: [ParNew: 599657K->21961K(613440K), 0.0150594 secs] 600050K->22354K(2029056K), 0.0151227 secs] [Times: user=0.13 sys=0.00, real=0.01 secs] 
2020-09-29T18:17:48.789+0200: 1.070: [GC (Allocation Failure) 2020-09-29T18:17:48.789+0200: 1.070: [ParNew: 567305K->36744K(613440K), 0.0205336 secs] 567698K->37137K(2029056K), 0.0206018 secs] [Times: user=0.13 sys=0.00, real=0.02 secs] 
2020-09-29T18:17:48.865+0200: 1.146: [GC (Allocation Failure) 2020-09-29T18:17:48.865+0200: 1.146: [ParNew: 582088K->52334K(613440K), 0.0266285 secs] 582481K->52726K(2029056K), 0.0267072 secs] [Times: user=0.13 sys=0.00, real=0.03 secs] 
2020-09-29T18:17:48.940+0200: 1.221: [GC (Allocation Failure) 2020-09-29T18:17:48.940+0200: 1.221: [ParNew: 597678K->61223K(613440K), 0.0251599 secs] 598070K->61615K(2029056K), 0.0252584 secs] [Times: user=0.25 sys=0.00, real=0.02 secs] 
2020-09-29T18:17:49.019+0200: 1.300: [GC (Allocation Failure) 2020-09-29T18:17:49.019+0200: 1.300: [ParNew: 606567K->68096K(613440K), 0.0318782 secs] 606959K->69044K(2029056K), 0.0319393 secs] [Times: user=0.19 sys=0.00, real=0.03 secs] 
2020-09-29T18:17:49.104+0200: 1.385: [GC (Allocation Failure) 2020-09-29T18:17:49.104+0200: 1.385: [ParNew: 613440K->51931K(613440K), 0.0237433 secs] 614388K->52880K(2029056K), 0.0238799 secs] [Times: user=0.13 sys=0.00, real=0.02 secs] 
2020-09-29T18:17:49.187+0200: 1.468: [GC (Allocation Failure) 2020-09-29T18:17:49.187+0200: 1.468: [ParNew: 597275K->37965K(613440K), 0.0138738 secs] 598224K->38914K(2029056K), 0.0139510 secs] [Times: user=0.13 sys=0.00, real=0.01 secs] 
2020-09-29T18:17:49.253+0200: 1.534: [GC (Allocation Failure) 2020-09-29T18:17:49.253+0200: 1.534: [ParNew: 583309K->48868K(613440K), 0.0267950 secs] 584258K->49816K(2029056K), 0.0268608 secs] [Times: user=0.25 sys=0.00, real=0.03 secs] 
2020-09-29T18:17:49.330+0200: 1.611: [GC (Allocation Failure) 2020-09-29T18:17:49.330+0200: 1.611: [ParNew: 594212K->42982K(613440K), 0.0183555 secs] 595160K->43930K(2029056K), 0.0184197 secs] [Times: user=0.13 sys=0.00, real=0.02 secs] 
2020-09-29T18:17:49.403+0200: 1.684: [GC (Allocation Failure) 2020-09-29T18:17:49.403+0200: 1.684: [ParNew: 588326K->34419K(613440K), 0.0191372 secs] 589274K->35368K(2029056K), 0.0192034 secs] [Times: user=0.13 sys=0.00, real=0.02 secs] 
2020-09-29T18:17:49.476+0200: 1.757: [GC (Allocation Failure) 2020-09-29T18:17:49.476+0200: 1.757: [ParNew: 579763K->27058K(613440K), 0.0095787 secs] 580712K->28006K(2029056K), 0.0096425 secs] [Times: user=0.00 sys=0.00, real=0.01 secs] 
2020-09-29T18:17:49.546+0200: 1.827: [GC (Allocation Failure) 2020-09-29T18:17:49.546+0200: 1.827: [ParNew: 572402K->40658K(613440K), 0.0226502 secs] 573350K->41607K(2029056K), 0.0227424 secs] [Times: user=0.25 sys=0.00, real=0.02 secs] 
2020-09-29T18:17:49.621+0200: 1.902: [GC (Allocation Failure) 2020-09-29T18:17:49.621+0200: 1.902: [ParNew: 586002K->28556K(613440K), 0.0170070 secs] 586951K->29504K(2029056K), 0.0170721 secs] [Times: user=0.13 sys=0.00, real=0.02 secs] 
2020-09-29T18:17:49.699+0200: 1.980: [GC (Allocation Failure) 2020-09-29T18:17:49.699+0200: 1.980: [ParNew: 573900K->44366K(613440K), 0.0214461 secs] 574848K->45314K(2029056K), 0.0215114 secs] [Times: user=0.13 sys=0.00, real=0.02 secs] 
2020-09-29T18:17:49.771+0200: 2.052: [GC (Allocation Failure) 2020-09-29T18:17:49.771+0200: 2.052: [ParNew: 589710K->60552K(613440K), 0.0279534 secs] 590658K->61501K(2029056K), 0.0280511 secs] [Times: user=0.13 sys=0.00, real=0.03 secs] 
2020-09-29T18:17:49.851+0200: 2.132: [GC (Allocation Failure) 2020-09-29T18:17:49.851+0200: 2.132: [ParNew: 605896K->68096K(613440K), 0.0342832 secs] 606845K->70973K(2029056K), 0.0343490 secs] [Times: user=0.25 sys=0.00, real=0.03 secs] 
2020-09-29T18:17:49.933+0200: 2.214: [GC (Allocation Failure) 2020-09-29T18:17:49.933+0200: 2.214: [ParNew: 613440K->68096K(613440K), 0.0329755 secs] 616317K->71830K(2029056K), 0.0330364 secs] [Times: user=0.25 sys=0.00, real=0.03 secs] 
2020-09-29T18:17:50.014+0200: 2.295: [GC (Allocation Failure) 2020-09-29T18:17:50.014+0200: 2.295: [ParNew: 613440K->56278K(613440K), 0.0244621 secs] 617174K->60012K(2029056K), 0.0245358 secs] [Times: user=0.25 sys=0.00, real=0.02 secs] 
2020-09-29T18:17:50.088+0200: 2.369: [GC (Allocation Failure) 2020-09-29T18:17:50.088+0200: 2.369: [ParNew: 601622K->68096K(613440K), 0.0312340 secs] 605356K->72787K(2029056K), 0.0312988 secs] [Times: user=0.25 sys=0.00, real=0.03 secs] 
2020-09-29T18:17:50.167+0200: 2.449: [GC (Allocation Failure) 2020-09-29T18:17:50.167+0200: 2.449: [ParNew: 613440K->46782K(613440K), 0.0227878 secs] 618131K->51473K(2029056K), 0.0228527 secs] [Times: user=0.13 sys=0.00, real=0.02 secs] 
2020-09-29T18:17:50.240+0200: 2.521: [GC (Allocation Failure) 2020-09-29T18:17:50.240+0200: 2.521: [ParNew: 592126K->45469K(613440K), 0.0206182 secs] 596817K->50161K(2029056K), 0.0206996 secs] [Times: user=0.13 sys=0.00, real=0.02 secs] 
2020-09-29T18:17:50.310+0200: 2.591: [GC (Allocation Failure) 2020-09-29T18:17:50.310+0200: 2.591: [ParNew: 590813K->36805K(613440K), 0.0201151 secs] 595505K->41496K(2029056K), 0.0202151 secs] [Times: user=0.13 sys=0.00, real=0.02 secs] 
2020-09-29T18:17:50.383+0200: 2.664: [GC (Allocation Failure) 2020-09-29T18:17:50.383+0200: 2.664: [ParNew: 582149K->33473K(613440K), 0.0193452 secs] 586840K->38165K(2029056K), 0.0194540 secs] [Times: user=0.13 sys=0.00, real=0.02 secs] 
2020-09-29T18:17:50.453+0200: 2.734: [GC (Allocation Failure) 2020-09-29T18:17:50.453+0200: 2.734: [ParNew: 578817K->53893K(613440K), 0.0242265 secs] 583509K->58584K(2029056K), 0.0242937 secs] [Times: user=0.25 sys=0.00, real=0.02 secs] 
2020-09-29T18:17:50.529+0200: 2.810: [GC (Allocation Failure) 2020-09-29T18:17:50.529+0200: 2.810: [ParNew: 599237K->64887K(613440K), 0.0257700 secs] 603928K->69578K(2029056K), 0.0258347 secs] [Times: user=0.25 sys=0.00, real=0.03 secs] 
2020-09-29T18:17:50.606+0200: 2.887: [GC (Allocation Failure) 2020-09-29T18:17:50.606+0200: 2.887: [ParNew: 610231K->30478K(613440K), 0.0157369 secs] 614922K->35169K(2029056K), 0.0158306 secs] [Times: user=0.13 sys=0.00, real=0.02 secs] 
2020-09-29T18:17:50.678+0200: 2.960: [GC (Allocation Failure) 2020-09-29T18:17:50.679+0200: 2.960: [ParNew: 575822K->23821K(613440K), 0.0152557 secs] 580513K->28512K(2029056K), 0.0153605 secs] [Times: user=0.13 sys=0.00, real=0.02 secs] 
2020-09-29T18:17:50.755+0200: 3.036: [GC (Allocation Failure) 2020-09-29T18:17:50.755+0200: 3.036: [ParNew: 569165K->42588K(613440K), 0.0194162 secs] 573856K->47279K(2029056K), 0.0195106 secs] [Times: user=0.13 sys=0.00, real=0.02 secs] 
2020-09-29T18:17:50.829+0200: 3.110: [GC (Allocation Failure) 2020-09-29T18:17:50.829+0200: 3.110: [ParNew: 587932K->32131K(613440K), 0.0195468 secs] 592623K->36822K(2029056K), 0.0196517 secs] [Times: user=0.23 sys=0.00, real=0.02 secs] 
2020-09-29T18:17:50.905+0200: 3.186: [GC (Allocation Failure) 2020-09-29T18:17:50.905+0200: 3.186: [ParNew: 577475K->56596K(613440K), 0.0252169 secs] 582166K->61287K(2029056K), 0.0252998 secs] [Times: user=0.23 sys=0.00, real=0.03 secs] 
2020-09-29T18:17:50.988+0200: 3.269: [GC (Allocation Failure) 2020-09-29T18:17:50.988+0200: 3.269: [ParNew: 601940K->46582K(613440K), 0.0247070 secs] 606631K->51273K(2029056K), 0.0248064 secs] [Times: user=0.25 sys=0.00, real=0.02 secs] 
2020-09-29T18:17:51.068+0200: 3.349: [GC (Allocation Failure) 2020-09-29T18:17:51.068+0200: 3.349: [ParNew: 591926K->45237K(613440K), 0.0232761 secs] 596617K->49929K(2029056K), 0.0233667 secs] [Times: user=0.13 sys=0.00, real=0.02 secs] 
2020-09-29T18:17:51.140+0200: 3.421: [GC (Allocation Failure) 2020-09-29T18:17:51.140+0200: 3.421: [ParNew: 590581K->39730K(613440K), 0.0155376 secs] 595273K->44421K(2029056K), 0.0156020 secs] [Times: user=0.13 sys=0.00, real=0.02 secs] 
2020-09-29T18:17:51.212+0200: 3.493: [GC (Allocation Failure) 2020-09-29T18:17:51.212+0200: 3.493: [ParNew: 585074K->34941K(613440K), 0.0223176 secs] 589765K->39632K(2029056K), 0.0223946 secs] [Times: user=0.13 sys=0.00, real=0.02 secs] 
2020-09-29T18:17:51.281+0200: 3.562: [GC (Allocation Failure) 2020-09-29T18:17:51.281+0200: 3.562: [ParNew: 580285K->32635K(613440K), 0.0204764 secs] 584976K->37326K(2029056K), 0.0205452 secs] [Times: user=0.25 sys=0.00, real=0.02 secs] 
2020-09-29T18:17:51.356+0200: 3.638: [GC (Allocation Failure) 2020-09-29T18:17:51.356+0200: 3.638: [ParNew: 577979K->56723K(613440K), 0.0267147 secs] 582670K->61415K(2029056K), 0.0268157 secs] [Times: user=0.25 sys=0.00, real=0.03 secs] 
2020-09-29T18:17:51.432+0200: 3.714: [GC (Allocation Failure) 2020-09-29T18:17:51.432+0200: 3.714: [ParNew: 602067K->68096K(613440K), 0.0288914 secs] 606759K->72787K(2029056K), 0.0289717 secs] [Times: user=0.25 sys=0.00, real=0.03 secs] 
2020-09-29T18:17:51.515+0200: 3.796: [GC (Allocation Failure) 2020-09-29T18:17:51.515+0200: 3.796: [ParNew: 613440K->29062K(613440K), 0.0188249 secs] 618131K->33753K(2029056K), 0.0188960 secs] [Times: user=0.13 sys=0.00, real=0.02 secs] 
2020-09-29T18:17:51.588+0200: 3.870: [GC (Allocation Failure) 2020-09-29T18:17:51.588+0200: 3.870: [ParNew: 574406K->45203K(613440K), 0.0257191 secs] 579097K->49895K(2029056K), 0.0258128 secs] [Times: user=0.23 sys=0.00, real=0.03 secs] 
2020-09-29T18:17:51.666+0200: 3.947: [GC (Allocation Failure) 2020-09-29T18:17:51.666+0200: 3.947: [ParNew: 590547K->56483K(613440K), 0.0265480 secs] 595239K->61174K(2029056K), 0.0266181 secs] [Times: user=0.11 sys=0.00, real=0.03 secs] 
2020-09-29T18:17:51.742+0200: 4.023: [GC (Allocation Failure) 2020-09-29T18:17:51.742+0200: 4.023: [ParNew: 601827K->40100K(613440K), 0.0250859 secs] 606518K->44791K(2029056K), 0.0251559 secs] [Times: user=0.11 sys=0.00, real=0.03 secs] 
2020-09-29T18:17:51.815+0200: 4.096: [GC (Allocation Failure) 2020-09-29T18:17:51.815+0200: 4.096: [ParNew: 585444K->29545K(613440K), 0.0157253 secs] 590135K->34236K(2029056K), 0.0157943 secs] [Times: user=0.13 sys=0.00, real=0.02 secs] 
2020-09-29T18:17:51.891+0200: 4.172: [GC (Allocation Failure) 2020-09-29T18:17:51.891+0200: 4.172: [ParNew: 574889K->35503K(613440K), 0.0223916 secs] 579580K->40195K(2029056K), 0.0224696 secs] [Times: user=0.23 sys=0.00, real=0.02 secs] 
2020-09-29T18:17:51.960+0200: 4.241: [GC (Allocation Failure) 2020-09-29T18:17:51.960+0200: 4.241: [ParNew: 580847K->28905K(613440K), 0.0179056 secs] 585539K->33597K(2029056K), 0.0179751 secs] [Times: user=0.13 sys=0.00, real=0.02 secs] 
2020-09-29T18:17:52.033+0200: 4.314: [GC (Allocation Failure) 2020-09-29T18:17:52.033+0200: 4.314: [ParNew: 574249K->46441K(613440K), 0.0256799 secs] 578941K->51132K(2029056K), 0.0257486 secs] [Times: user=0.25 sys=0.00, real=0.03 secs] 
2020-09-29T18:17:52.109+0200: 4.390: [GC (Allocation Failure) 2020-09-29T18:17:52.109+0200: 4.390: [ParNew: 591785K->36096K(613440K), 0.0239255 secs] 596476K->40787K(2029056K), 0.0239934 secs] [Times: user=0.25 sys=0.00, real=0.02 secs] 
2020-09-29T18:17:52.183+0200: 4.464: [GC (Allocation Failure) 2020-09-29T18:17:52.183+0200: 4.464: [ParNew: 581440K->33206K(613440K), 0.0223917 secs] 586131K->37897K(2029056K), 0.0224606 secs] [Times: user=0.13 sys=0.00, real=0.02 secs] 
2020-09-29T18:17:52.254+0200: 4.535: [GC (Allocation Failure) 2020-09-29T18:17:52.254+0200: 4.535: [ParNew: 578550K->54772K(613440K), 0.0267282 secs] 583241K->59463K(2029056K), 0.0267976 secs] [Times: user=0.25 sys=0.00, real=0.03 secs] 
2020-09-29T18:17:52.332+0200: 4.613: [GC (Allocation Failure) 2020-09-29T18:17:52.332+0200: 4.613: [ParNew: 600116K->41592K(613440K), 0.0196122 secs] 604807K->46284K(2029056K), 0.0196821 secs] [Times: user=0.22 sys=0.00, real=0.02 secs] 
2020-09-29T18:17:52.403+0200: 4.684: [GC (Allocation Failure) 2020-09-29T18:17:52.403+0200: 4.684: [ParNew: 586936K->55848K(613440K), 0.0320317 secs] 591628K->60540K(2029056K), 0.0321076 secs] [Times: user=0.25 sys=0.00, real=0.03 secs] 
2020-09-29T18:17:52.486+0200: 4.767: [GC (Allocation Failure) 2020-09-29T18:17:52.486+0200: 4.767: [ParNew: 601192K->46534K(613440K), 0.0243475 secs] 605884K->51225K(2029056K), 0.0244219 secs] [Times: user=0.25 sys=0.00, real=0.02 secs] 
2020-09-29T18:17:52.562+0200: 4.843: [GC (Allocation Failure) 2020-09-29T18:17:52.562+0200: 4.843: [ParNew: 591878K->37053K(613440K), 0.0235257 secs] 596569K->41744K(2029056K), 0.0236090 secs] [Times: user=0.25 sys=0.00, real=0.02 secs] 
2020-09-29T18:17:52.639+0200: 4.919: [GC (Allocation Failure) 2020-09-29T18:17:52.639+0200: 4.919: [ParNew: 582397K->36905K(613440K), 0.0215138 secs] 587088K->41596K(2029056K), 0.0215837 secs] [Times: user=0.13 sys=0.00, real=0.02 secs] 
2020-09-29T18:17:52.713+0200: 4.994: [GC (Allocation Failure) 2020-09-29T18:17:52.713+0200: 4.994: [ParNew: 582249K->36248K(613440K), 0.0197944 secs] 586940K->40940K(2029056K), 0.0198758 secs] [Times: user=0.13 sys=0.00, real=0.02 secs] 
2020-09-29T18:17:52.783+0200: 5.064: [GC (Allocation Failure) 2020-09-29T18:17:52.783+0200: 5.064: [ParNew: 581592K->51695K(613440K), 0.0267321 secs] 586284K->56386K(2029056K), 0.0268077 secs] [Times: user=0.23 sys=0.00, real=0.03 secs] 
2020-09-29T18:17:52.861+0200: 5.141: [GC (Allocation Failure) 2020-09-29T18:17:52.861+0200: 5.141: [ParNew: 597039K->39247K(613440K), 0.0265196 secs] 601730K->43938K(2029056K), 0.0265896 secs] [Times: user=0.25 sys=0.00, real=0.03 secs] 
2020-09-29T18:17:52.938+0200: 5.218: [GC (Allocation Failure) 2020-09-29T18:17:52.938+0200: 5.218: [ParNew: 584591K->37833K(613440K), 0.0158924 secs] 589282K->42524K(2029056K), 0.0159582 secs] [Times: user=0.13 sys=0.00, real=0.02 secs] 
2020-09-29T18:17:53.016+0200: 5.297: [GC (Allocation Failure) 2020-09-29T18:17:53.016+0200: 5.297: [ParNew: 583177K->41703K(613440K), 0.0248824 secs] 587868K->46394K(2029056K), 0.0249723 secs] [Times: user=0.23 sys=0.00, real=0.02 secs] 
2020-09-29T18:17:53.091+0200: 5.372: [GC (Allocation Failure) 2020-09-29T18:17:53.091+0200: 5.372: [ParNew: 587047K->52968K(613440K), 0.0283778 secs] 591738K->57659K(2029056K), 0.0284470 secs] [Times: user=0.25 sys=0.00, real=0.03 secs] 
2020-09-29T18:17:53.171+0200: 5.452: [GC (Allocation Failure) 2020-09-29T18:17:53.171+0200: 5.452: [ParNew: 598312K->66920K(613440K), 0.0287036 secs] 603003K->71611K(2029056K), 0.0287721 secs] [Times: user=0.25 sys=0.00, real=0.03 secs] 
2020-09-29T18:17:53.251+0200: 5.532: [GC (Allocation Failure) 2020-09-29T18:17:53.251+0200: 5.532: [ParNew: 612264K->32219K(613440K), 0.0189480 secs] 616955K->36910K(2029056K), 0.0190136 secs] [Times: user=0.13 sys=0.00, real=0.02 secs] 
2020-09-29T18:17:53.324+0200: 5.605: [GC (Allocation Failure) 2020-09-29T18:17:53.324+0200: 5.605: [ParNew: 577563K->30320K(613440K), 0.0194623 secs] 582254K->35011K(2029056K), 0.0195296 secs] [Times: user=0.13 sys=0.00, real=0.02 secs] 
2020-09-29T18:17:53.400+0200: 5.681: [GC (Allocation Failure) 2020-09-29T18:17:53.400+0200: 5.681: [ParNew: 575664K->51597K(613440K), 0.0258311 secs] 580355K->56288K(2029056K), 0.0258971 secs] [Times: user=0.13 sys=0.00, real=0.03 secs] 
2020-09-29T18:17:53.475+0200: 5.756: [GC (Allocation Failure) 2020-09-29T18:17:53.475+0200: 5.756: [ParNew: 596941K->37285K(613440K), 0.0240770 secs] 601632K->41976K(2029056K), 0.0241433 secs] [Times: user=0.13 sys=0.00, real=0.03 secs] 
2020-09-29T18:17:53.547+0200: 5.828: [GC (Allocation Failure) 2020-09-29T18:17:53.547+0200: 5.828: [ParNew: 582629K->37877K(613440K), 0.0225470 secs] 587320K->42569K(2029056K), 0.0226310 secs] [Times: user=0.25 sys=0.00, real=0.02 secs] 
2020-09-29T18:17:53.625+0200: 5.906: [GC (Allocation Failure) 2020-09-29T18:17:53.625+0200: 5.906: [ParNew: 583221K->62040K(613440K), 0.0278783 secs] 587913K->66731K(2029056K), 0.0279565 secs] [Times: user=0.23 sys=0.00, real=0.03 secs] 
2020-09-29T18:17:53.703+0200: 5.984: [GC (Allocation Failure) 2020-09-29T18:17:53.703+0200: 5.984: [ParNew: 607384K->68096K(613440K), 0.0352100 secs] 612075K->73410K(2029056K), 0.0352787 secs] [Times: user=0.27 sys=0.00, real=0.04 secs] 
2020-09-29T18:17:53.790+0200: 6.071: [GC (Allocation Failure) 2020-09-29T18:17:53.790+0200: 6.071: [ParNew: 613440K->56516K(613440K), 0.0271738 secs] 618754K->61831K(2029056K), 0.0272467 secs] [Times: user=0.25 sys=0.00, real=0.03 secs] 
2020-09-29T18:17:53.867+0200: 6.148: [GC (Allocation Failure) 2020-09-29T18:17:53.867+0200: 6.148: [ParNew: 601860K->49726K(613440K), 0.0257650 secs] 607175K->55041K(2029056K), 0.0258348 secs] [Times: user=0.13 sys=0.00, real=0.03 secs] 
2020-09-29T18:17:53.942+0200: 6.223: [GC (Allocation Failure) 2020-09-29T18:17:53.942+0200: 6.223: [ParNew: 595070K->68096K(613440K), 0.0321918 secs] 600385K->73823K(2029056K), 0.0322613 secs] [Times: user=0.25 sys=0.00, real=0.03 secs] 
2020-09-29T18:17:54.023+0200: 6.304: [GC (Allocation Failure) 2020-09-29T18:17:54.023+0200: 6.304: [ParNew: 613440K->54126K(613440K), 0.0303565 secs] 619167K->59853K(2029056K), 0.0304366 secs] [Times: user=0.25 sys=0.00, real=0.03 secs] 
2020-09-29T18:17:54.108+0200: 6.389: [GC (Allocation Failure) 2020-09-29T18:17:54.108+0200: 6.389: [ParNew: 599470K->46672K(613440K), 0.0237552 secs] 605197K->52399K(2029056K), 0.0238220 secs] [Times: user=0.25 sys=0.00, real=0.02 secs] 
2020-09-29T18:17:54.183+0200: 6.464: [GC (Allocation Failure) 2020-09-29T18:17:54.183+0200: 6.465: [ParNew: 592016K->40458K(613440K), 0.0209695 secs] 597743K->46185K(2029056K), 0.0210530 secs] [Times: user=0.13 sys=0.00, real=0.02 secs] 
2020-09-29T18:17:54.253+0200: 6.535: [GC (Allocation Failure) 2020-09-29T18:17:54.253+0200: 6.535: [ParNew: 585802K->36277K(613440K), 0.0201026 secs] 591529K->42004K(2029056K), 0.0201721 secs] [Times: user=0.25 sys=0.00, real=0.02 secs] 
2020-09-29T18:17:54.333+0200: 6.614: [GC (Allocation Failure) 2020-09-29T18:17:54.333+0200: 6.614: [ParNew: 581621K->52364K(613440K), 0.0256265 secs] 587348K->58091K(2029056K), 0.0257571 secs] [Times: user=0.13 sys=0.00, real=0.03 secs] 
2020-09-29T18:17:54.409+0200: 6.690: [GC (Allocation Failure) 2020-09-29T18:17:54.409+0200: 6.690: [ParNew: 597708K->36087K(613440K), 0.0159738 secs] 603435K->41814K(2029056K), 0.0160393 secs] [Times: user=0.13 sys=0.00, real=0.02 secs] 
2020-09-29T18:17:54.486+0200: 6.767: [GC (Allocation Failure) 2020-09-29T18:17:54.486+0200: 6.767: [ParNew: 581431K->37886K(613440K), 0.0238696 secs] 587158K->43614K(2029056K), 0.0239386 secs] [Times: user=0.25 sys=0.00, real=0.02 secs] 
2020-09-29T18:17:54.565+0200: 6.847: [GC (Allocation Failure) 2020-09-29T18:17:54.565+0200: 6.847: [ParNew: 583230K->56918K(613440K), 0.0312162 secs] 588958K->62645K(2029056K), 0.0313155 secs] [Times: user=0.25 sys=0.00, real=0.03 secs] 
2020-09-29T18:17:54.645+0200: 6.926: [GC (Allocation Failure) 2020-09-29T18:17:54.645+0200: 6.926: [ParNew: 602262K->67702K(613440K), 0.0302464 secs] 607989K->73429K(2029056K), 0.0303126 secs] [Times: user=0.13 sys=0.00, real=0.03 secs] 
2020-09-29T18:17:54.725+0200: 7.006: [GC (Allocation Failure) 2020-09-29T18:17:54.725+0200: 7.006: [ParNew: 613046K->48340K(613440K), 0.0287783 secs] 618773K->54067K(2029056K), 0.0288471 secs] [Times: user=0.13 sys=0.02, real=0.03 secs] 
2020-09-29T18:17:54.802+0200: 7.084: [GC (Allocation Failure) 2020-09-29T18:17:54.802+0200: 7.084: [ParNew: 593684K->44038K(613440K), 0.0278112 secs] 599411K->49765K(2029056K), 0.0278958 secs] [Times: user=0.13 sys=0.00, real=0.03 secs] 
2020-09-29T18:17:54.886+0200: 7.167: [GC (Allocation Failure) 2020-09-29T18:17:54.886+0200: 7.167: [ParNew: 589382K->45006K(613440K), 0.0271965 secs] 595109K->50733K(2029056K), 0.0272636 secs] [Times: user=0.23 sys=0.00, real=0.03 secs] 
2020-09-29T18:17:54.964+0200: 7.245: [GC (Allocation Failure) 2020-09-29T18:17:54.964+0200: 7.245: [ParNew: 590350K->68096K(613440K), 0.0326050 secs] 596077K->73823K(2029056K), 0.0326705 secs] [Times: user=0.25 sys=0.00, real=0.03 secs] 
2020-09-29T18:17:55.045+0200: 7.326: [GC (Allocation Failure) 2020-09-29T18:17:55.045+0200: 7.326: [ParNew: 613440K->52508K(613440K), 0.0315531 secs] 619167K->58236K(2029056K), 0.0316313 secs] [Times: user=0.25 sys=0.00, real=0.03 secs] 
2020-09-29T18:17:55.123+0200: 7.405: [GC (Allocation Failure) 2020-09-29T18:17:55.123+0200: 7.405: [ParNew: 597852K->49669K(613440K), 0.0237045 secs] 603580K->55396K(2029056K), 0.0237839 secs] [Times: user=0.25 sys=0.00, real=0.02 secs] 
2020-09-29T18:17:55.196+0200: 7.477: [GC (Allocation Failure) 2020-09-29T18:17:55.196+0200: 7.477: [ParNew: 595013K->35919K(613440K), 0.0204200 secs] 600740K->41646K(2029056K), 0.0204868 secs] [Times: user=0.13 sys=0.00, real=0.02 secs] 
2020-09-29T18:17:55.275+0200: 7.556: [GC (Allocation Failure) 2020-09-29T18:17:55.275+0200: 7.556: [ParNew: 581263K->53649K(613440K), 0.0277378 secs] 586990K->59377K(2029056K), 0.0278194 secs] [Times: user=0.25 sys=0.00, real=0.03 secs] 
2020-09-29T18:17:55.353+0200: 7.634: [GC (Allocation Failure) 2020-09-29T18:17:55.353+0200: 7.634: [ParNew: 598993K->68096K(613440K), 0.0340255 secs] 604721K->73823K(2029056K), 0.0341101 secs] [Times: user=0.25 sys=0.00, real=0.03 secs] 
2020-09-29T18:17:55.435+0200: 7.717: [GC (Allocation Failure) 2020-09-29T18:17:55.435+0200: 7.717: [ParNew: 613440K->48202K(613440K), 0.0175461 secs] 619167K->53930K(2029056K), 0.0176172 secs] [Times: user=0.13 sys=0.00, real=0.02 secs] 
2020-09-29T18:17:55.511+0200: 7.792: [GC (Allocation Failure) 2020-09-29T18:17:55.511+0200: 7.792: [ParNew: 593546K->43646K(613440K), 0.0260968 secs] 599274K->49374K(2029056K), 0.0261692 secs] [Times: user=0.25 sys=0.00, real=0.03 secs] 
2020-09-29T18:17:55.593+0200: 7.875: [GC (Allocation Failure) 2020-09-29T18:17:55.593+0200: 7.875: [ParNew: 588990K->37090K(613440K), 0.0248286 secs] 594718K->42817K(2029056K), 0.0248998 secs] [Times: user=0.23 sys=0.00, real=0.03 secs] 
2020-09-29T18:17:55.671+0200: 7.953: [GC (Allocation Failure) 2020-09-29T18:17:55.672+0200: 7.953: [ParNew: 582434K->39772K(613440K), 0.0237381 secs] 588161K->45499K(2029056K), 0.0238167 secs] [Times: user=0.24 sys=0.00, real=0.02 secs] 
2020-09-29T18:17:55.751+0200: 8.032: [GC (Allocation Failure) 2020-09-29T18:17:55.751+0200: 8.032: [ParNew: 585116K->37009K(613440K), 0.0203200 secs] 590843K->42736K(2029056K), 0.0203930 secs] [Times: user=0.25 sys=0.00, real=0.02 secs] 
2020-09-29T18:17:55.826+0200: 8.108: [GC (Allocation Failure) 2020-09-29T18:17:55.826+0200: 8.108: [ParNew: 582353K->59059K(613440K), 0.0280602 secs] 588080K->64787K(2029056K), 0.0281280 secs] [Times: user=0.25 sys=0.00, real=0.03 secs] 
2020-09-29T18:17:55.908+0200: 8.189: [GC (Allocation Failure) 2020-09-29T18:17:55.908+0200: 8.189: [ParNew: 604403K->45645K(613440K), 0.0196134 secs] 610131K->51372K(2029056K), 0.0196825 secs] [Times: user=0.23 sys=0.00, real=0.02 secs] 
2020-09-29T18:17:55.993+0200: 8.274: [GC (Allocation Failure) 2020-09-29T18:17:55.993+0200: 8.274: [ParNew: 590989K->37500K(613440K), 0.0186196 secs] 596716K->43227K(2029056K), 0.0186944 secs] [Times: user=0.13 sys=0.00, real=0.02 secs] 
2020-09-29T18:17:56.071+0200: 8.352: [GC (Allocation Failure) 2020-09-29T18:17:56.071+0200: 8.352: [ParNew: 582844K->46490K(613440K), 0.0251066 secs] 588571K->52218K(2029056K), 0.0251893 secs] [Times: user=0.13 sys=0.00, real=0.02 secs] 
2020-09-29T18:17:56.144+0200: 8.426: [GC (Allocation Failure) 2020-09-29T18:17:56.144+0200: 8.426: [ParNew: 591834K->42803K(613440K), 0.0248157 secs] 597562K->48531K(2029056K), 0.0248975 secs] [Times: user=0.13 sys=0.02, real=0.02 secs] 
2020-09-29T18:17:56.232+0200: 8.514: [GC (Allocation Failure) 2020-09-29T18:17:56.232+0200: 8.514: [ParNew: 588147K->61496K(613440K), 0.0303332 secs] 593875K->67223K(2029056K), 0.0304184 secs] [Times: user=0.25 sys=0.00, real=0.03 secs] 
2020-09-29T18:17:56.314+0200: 8.595: [GC (Allocation Failure) 2020-09-29T18:17:56.314+0200: 8.595: [ParNew: 606840K->68096K(613440K), 0.0295805 secs] 612567K->73881K(2029056K), 0.0296575 secs] [Times: user=0.23 sys=0.00, real=0.03 secs] 
2020-09-29T18:17:56.397+0200: 8.679: [GC (Allocation Failure) 2020-09-29T18:17:56.398+0200: 8.679: [ParNew: 613440K->49771K(613440K), 0.0291404 secs] 619225K->55557K(2029056K), 0.0292360 secs] [Times: user=0.25 sys=0.00, real=0.03 secs] 
2020-09-29T18:17:56.478+0200: 8.759: [GC (Allocation Failure) 2020-09-29T18:17:56.478+0200: 8.759: [ParNew: 595115K->51848K(613440K), 0.0205793 secs] 600901K->57633K(2029056K), 0.0206318 secs] [Times: user=0.13 sys=0.00, real=0.02 secs] 
2020-09-29T18:17:56.546+0200: 8.827: [GC (Allocation Failure) 2020-09-29T18:17:56.546+0200: 8.827: [ParNew: 597192K->49408K(613440K), 0.0199459 secs] 602977K->55194K(2029056K), 0.0200027 secs] [Times: user=0.13 sys=0.00, real=0.02 secs] 
2020-09-29T18:17:56.614+0200: 8.896: [GC (Allocation Failure) 2020-09-29T18:17:56.614+0200: 8.896: [ParNew: 594752K->48823K(613440K), 0.0192346 secs] 600538K->54609K(2029056K), 0.0193055 secs] [Times: user=0.13 sys=0.00, real=0.02 secs] 
2020-09-29T18:17:56.683+0200: 8.964: [GC (Allocation Failure) 2020-09-29T18:17:56.683+0200: 8.964: [ParNew: 594167K->41845K(613440K), 0.0135943 secs] 599953K->47630K(2029056K), 0.0136515 secs] [Times: user=0.13 sys=0.00, real=0.01 secs] 
2020-09-29T18:17:56.743+0200: 9.024: [GC (Allocation Failure) 2020-09-29T18:17:56.743+0200: 9.024: [ParNew: 587189K->31325K(613440K), 0.0124391 secs] 592974K->37111K(2029056K), 0.0124956 secs] [Times: user=0.13 sys=0.00, real=0.01 secs] 
2020-09-29T18:17:56.808+0200: 9.090: [GC (Allocation Failure) 2020-09-29T18:17:56.808+0200: 9.090: [ParNew: 576669K->37309K(613440K), 0.0153403 secs] 582455K->43094K(2029056K), 0.0153974 secs] [Times: user=0.13 sys=0.00, real=0.01 secs] 
2020-09-29T18:17:56.871+0200: 9.152: [GC (Allocation Failure) 2020-09-29T18:17:56.871+0200: 9.152: [ParNew: 582653K->45909K(613440K), 0.0204446 secs] 588438K->51695K(2029056K), 0.0204987 secs] [Times: user=0.13 sys=0.00, real=0.02 secs] 
2020-09-29T18:17:56.943+0200: 9.225: [GC (Allocation Failure) 2020-09-29T18:17:56.943+0200: 9.225: [ParNew: 591253K->68096K(613440K), 0.0255182 secs] 597039K->74170K(2029056K), 0.0255805 secs] [Times: user=0.13 sys=0.00, real=0.03 secs] 
2020-09-29T18:17:57.016+0200: 9.297: [GC (Allocation Failure) 2020-09-29T18:17:57.016+0200: 9.297: [ParNew: 613440K->47984K(613440K), 0.0132040 secs] 619514K->54059K(2029056K), 0.0132733 secs] [Times: user=0.13 sys=0.00, real=0.01 secs] 
2020-09-29T18:17:57.076+0200: 9.357: [GC (Allocation Failure) 2020-09-29T18:17:57.076+0200: 9.357: [ParNew: 593328K->47955K(613440K), 0.0175111 secs] 599403K->54030K(2029056K), 0.0175804 secs] [Times: user=0.13 sys=0.00, real=0.02 secs] 
2020-09-29T18:17:57.141+0200: 9.422: [GC (Allocation Failure) 2020-09-29T18:17:57.141+0200: 9.422: [ParNew: 593299K->64890K(613440K), 0.0229929 secs] 599374K->70964K(2029056K), 0.0230513 secs] [Times: user=0.25 sys=0.00, real=0.02 secs] 
2020-09-29T18:17:57.211+0200: 9.493: [GC (Allocation Failure) 2020-09-29T18:17:57.211+0200: 9.493: [ParNew: 610234K->43759K(613440K), 0.0166843 secs] 616308K->49834K(2029056K), 0.0167482 secs] [Times: user=0.13 sys=0.00, real=0.02 secs] 
2020-09-29T18:17:57.274+0200: 9.556: [GC (Allocation Failure) 2020-09-29T18:17:57.274+0200: 9.556: [ParNew: 589103K->60349K(613440K), 0.0209923 secs] 595178K->66423K(2029056K), 0.0210479 secs] [Times: user=0.13 sys=0.00, real=0.02 secs] 
2020-09-29T18:17:57.341+0200: 9.623: [GC (Allocation Failure) 2020-09-29T18:17:57.341+0200: 9.623: [ParNew: 605693K->50372K(613440K), 0.0202404 secs] 611767K->56447K(2029056K), 0.0203088 secs] [Times: user=0.13 sys=0.00, real=0.02 secs] 
2020-09-29T18:17:57.411+0200: 9.692: [GC (Allocation Failure) 2020-09-29T18:17:57.411+0200: 9.692: [ParNew: 595716K->51545K(613440K), 0.0201818 secs] 601791K->57620K(2029056K), 0.0202419 secs] [Times: user=0.13 sys=0.00, real=0.02 secs] 
2020-09-29T18:17:57.478+0200: 9.760: [GC (Allocation Failure) 2020-09-29T18:17:57.478+0200: 9.760: [ParNew: 596889K->50390K(613440K), 0.0195841 secs] 602964K->56464K(2029056K), 0.0196477 secs] [Times: user=0.13 sys=0.00, real=0.02 secs] 
2020-09-29T18:17:57.547+0200: 9.829: [GC (Allocation Failure) 2020-09-29T18:17:57.547+0200: 9.829: [ParNew: 595734K->68096K(613440K), 0.0241503 secs] 601808K->75319K(2029056K), 0.0242200 secs] [Times: user=0.25 sys=0.00, real=0.03 secs] 
2020-09-29T18:17:57.622+0200: 9.904: [GC (Allocation Failure) 2020-09-29T18:17:57.622+0200: 9.904: [ParNew: 613440K->50564K(613440K), 0.0192810 secs] 620663K->57788K(2029056K), 0.0193452 secs] [Times: user=0.13 sys=0.00, real=0.02 secs] 
2020-09-29T18:17:57.694+0200: 9.976: [GC (Allocation Failure) 2020-09-29T18:17:57.694+0200: 9.976: [ParNew: 595908K->43733K(613440K), 0.0179252 secs] 603132K->50956K(2029056K), 0.0179883 secs] [Times: user=0.13 sys=0.00, real=0.02 secs] 
2020-09-29T18:17:57.764+0200: 10.045: [GC (Allocation Failure) 2020-09-29T18:17:57.764+0200: 10.045: [ParNew: 589077K->38097K(613440K), 0.0172871 secs] 596300K->45321K(2029056K), 0.0173671 secs] [Times: user=0.13 sys=0.00, real=0.02 secs] 
2020-09-29T18:17:57.829+0200: 10.111: [GC (Allocation Failure) 2020-09-29T18:17:57.829+0200: 10.111: [ParNew: 583441K->35262K(613440K), 0.0155187 secs] 590665K->42486K(2029056K), 0.0155796 secs] [Times: user=0.13 sys=0.00, real=0.02 secs] 
2020-09-29T18:17:57.893+0200: 10.175: [GC (Allocation Failure) 2020-09-29T18:17:57.893+0200: 10.175: [ParNew: 580606K->33232K(613440K), 0.0155720 secs] 587830K->40456K(2029056K), 0.0156334 secs] [Times: user=0.11 sys=0.00, real=0.02 secs] 
2020-09-29T18:17:57.961+0200: 10.243: [GC (Allocation Failure) 2020-09-29T18:17:57.961+0200: 10.243: [ParNew: 578576K->52014K(613440K), 0.0187429 secs] 585800K->59237K(2029056K), 0.0188227 secs] [Times: user=0.13 sys=0.00, real=0.02 secs] 
2020-09-29T18:17:58.029+0200: 10.310: [GC (Allocation Failure) 2020-09-29T18:17:58.029+0200: 10.310: [ParNew: 597358K->41723K(613440K), 0.0176983 secs] 604581K->48947K(2029056K), 0.0177536 secs] [Times: user=0.13 sys=0.00, real=0.02 secs] 
2020-09-29T18:17:58.094+0200: 10.375: [GC (Allocation Failure) 2020-09-29T18:17:58.094+0200: 10.375: [ParNew: 587067K->60723K(613440K), 0.0217531 secs] 594291K->67947K(2029056K), 0.0218500 secs] [Times: user=0.25 sys=0.00, real=0.02 secs] 
2020-09-29T18:17:58.165+0200: 10.446: [GC (Allocation Failure) 2020-09-29T18:17:58.165+0200: 10.446: [ParNew: 606067K->47844K(613440K), 0.0161922 secs] 613291K->55068K(2029056K), 0.0162529 secs] [Times: user=0.13 sys=0.00, real=0.02 secs] 
2020-09-29T18:17:58.228+0200: 10.509: [GC (Allocation Failure) 2020-09-29T18:17:58.228+0200: 10.509: [ParNew: 593188K->40607K(613440K), 0.0143456 secs] 600412K->47831K(2029056K), 0.0144010 secs] [Times: user=0.13 sys=0.00, real=0.01 secs] 
2020-09-29T18:17:58.289+0200: 10.570: [GC (Allocation Failure) 2020-09-29T18:17:58.289+0200: 10.570: [ParNew: 585951K->31241K(613440K), 0.0143498 secs] 593175K->38465K(2029056K), 0.0144065 secs] [Times: user=0.13 sys=0.00, real=0.01 secs] 
2020-09-29T18:17:58.352+0200: 10.633: [GC (Allocation Failure) 2020-09-29T18:17:58.352+0200: 10.633: [ParNew: 576585K->28853K(613440K), 0.0129414 secs] 583809K->36076K(2029056K), 0.0130226 secs] [Times: user=0.13 sys=0.00, real=0.01 secs] 
2020-09-29T18:17:58.415+0200: 10.696: [GC (Allocation Failure) 2020-09-29T18:17:58.415+0200: 10.696: [ParNew: 574197K->45238K(613440K), 0.0178409 secs] 581420K->52462K(2029056K), 0.0179126 secs] [Times: user=0.13 sys=0.00, real=0.02 secs] 
2020-09-29T18:17:58.483+0200: 10.764: [GC (Allocation Failure) 2020-09-29T18:17:58.483+0200: 10.764: [ParNew: 590582K->31547K(613440K), 0.0156357 secs] 597806K->38770K(2029056K), 0.0156859 secs] [Times: user=0.13 sys=0.00, real=0.01 secs] 
2020-09-29T18:17:58.550+0200: 10.831: [GC (Allocation Failure) 2020-09-29T18:17:58.550+0200: 10.831: [ParNew: 576891K->30199K(613440K), 0.0148766 secs] 584114K->37422K(2029056K), 0.0149407 secs] [Times: user=0.13 sys=0.00, real=0.02 secs] 
2020-09-29T18:17:58.615+0200: 10.897: [GC (Allocation Failure) 2020-09-29T18:17:58.615+0200: 10.897: [ParNew: 575543K->47738K(613440K), 0.0204603 secs] 582766K->54962K(2029056K), 0.0205186 secs] [Times: user=0.13 sys=0.00, real=0.02 secs] 
2020-09-29T18:17:58.685+0200: 10.967: [GC (Allocation Failure) 2020-09-29T18:17:58.685+0200: 10.967: [ParNew: 593082K->39814K(613440K), 0.0177372 secs] 600306K->47038K(2029056K), 0.0178068 secs] [Times: user=0.13 sys=0.00, real=0.02 secs] 
2020-09-29T18:17:58.752+0200: 11.033: [GC (Allocation Failure) 2020-09-29T18:17:58.752+0200: 11.033: [ParNew: 585158K->39179K(613440K), 0.0112390 secs] 592382K->46403K(2029056K), 0.0112962 secs] [Times: user=0.13 sys=0.00, real=0.01 secs] 
2020-09-29T18:17:58.821+0200: 11.102: [GC (Allocation Failure) 2020-09-29T18:17:58.821+0200: 11.102: [ParNew: 584523K->33894K(613440K), 0.0166319 secs] 591747K->41117K(2029056K), 0.0167114 secs] [Times: user=0.13 sys=0.00, real=0.02 secs] 
2020-09-29T18:17:58.886+0200: 11.167: [GC (Allocation Failure) 2020-09-29T18:17:58.886+0200: 11.167: [ParNew: 579238K->52225K(613440K), 0.0205410 secs] 586461K->59449K(2029056K), 0.0206025 secs] [Times: user=0.13 sys=0.00, real=0.02 secs] 
2020-09-29T18:17:58.953+0200: 11.234: [GC (Allocation Failure) 2020-09-29T18:17:58.953+0200: 11.234: [ParNew: 597569K->48172K(613440K), 0.0192268 secs] 604793K->55395K(2029056K), 0.0193155 secs] [Times: user=0.13 sys=0.00, real=0.02 secs] 
2020-09-29T18:17:59.019+0200: 11.301: [GC (Allocation Failure) 2020-09-29T18:17:59.020+0200: 11.301: [ParNew: 593516K->48299K(613440K), 0.0203532 secs] 600739K->55522K(2029056K), 0.0204310 secs] [Times: user=0.14 sys=0.00, real=0.02 secs] 
2020-09-29T18:17:59.087+0200: 11.368: [GC (Allocation Failure) 2020-09-29T18:17:59.087+0200: 11.368: [ParNew: 593643K->48236K(613440K), 0.0189582 secs] 600866K->55460K(2029056K), 0.0190124 secs] [Times: user=0.13 sys=0.00, real=0.02 secs] 
2020-09-29T18:17:59.153+0200: 11.435: [GC (Allocation Failure) 2020-09-29T18:17:59.153+0200: 11.435: [ParNew: 593580K->36924K(613440K), 0.0122331 secs] 600804K->44148K(2029056K), 0.0123024 secs] [Times: user=0.13 sys=0.00, real=0.01 secs] 
2020-09-29T18:17:59.216+0200: 11.497: [GC (Allocation Failure) 2020-09-29T18:17:59.216+0200: 11.497: [ParNew: 582268K->37057K(613440K), 0.0170192 secs] 589492K->44280K(2029056K), 0.0170859 secs] [Times: user=0.13 sys=0.00, real=0.02 secs] 
2020-09-29T18:17:59.280+0200: 11.562: [GC (Allocation Failure) 2020-09-29T18:17:59.280+0200: 11.562: [ParNew: 582401K->44503K(613440K), 0.0156213 secs] 589624K->51726K(2029056K), 0.0156786 secs] [Times: user=0.13 sys=0.00, real=0.02 secs] 
2020-09-29T18:17:59.344+0200: 11.625: [GC (Allocation Failure) 2020-09-29T18:17:59.344+0200: 11.625: [ParNew: 589847K->56878K(613440K), 0.0200854 secs] 597070K->64101K(2029056K), 0.0201427 secs] [Times: user=0.13 sys=0.00, real=0.02 secs] 
2020-09-29T18:17:59.410+0200: 11.692: [GC (Allocation Failure) 2020-09-29T18:17:59.410+0200: 11.692: [ParNew: 602222K->43379K(613440K), 0.0186908 secs] 609445K->50602K(2029056K), 0.0187482 secs] [Times: user=0.22 sys=0.00, real=0.02 secs] 
2020-09-29T18:17:59.482+0200: 11.763: [GC (Allocation Failure) 2020-09-29T18:17:59.482+0200: 11.763: [ParNew: 588723K->68096K(613440K), 0.0232893 secs] 595946K->75319K(2029056K), 0.0301058 secs] [Times: user=0.25 sys=0.00, real=0.03 secs] 
2020-09-29T18:17:59.560+0200: 11.841: [GC (Allocation Failure) 2020-09-29T18:17:59.560+0200: 11.841: [ParNew: 613440K->47066K(613440K), 0.0167949 secs] 620663K->54289K(2029056K), 0.0168850 secs] [Times: user=0.13 sys=0.00, real=0.02 secs] 
2020-09-29T18:17:59.628+0200: 11.909: [GC (Allocation Failure) 2020-09-29T18:17:59.628+0200: 11.909: [ParNew: 592410K->66115K(613440K), 0.0221933 secs] 599633K->73338K(2029056K), 0.0222841 secs] [Times: user=0.25 sys=0.00, real=0.02 secs] 
2020-09-29T18:17:59.699+0200: 11.980: [GC (Allocation Failure) 2020-09-29T18:17:59.699+0200: 11.980: [ParNew: 611459K->44600K(613440K), 0.0152354 secs] 618682K->51824K(2029056K), 0.0152907 secs] [Times: user=0.13 sys=0.00, real=0.02 secs] 
2020-09-29T18:17:59.770+0200: 12.051: [GC (Allocation Failure) 2020-09-29T18:17:59.770+0200: 12.051: [ParNew: 589944K->40234K(613440K), 0.0162378 secs] 597168K->47457K(2029056K), 0.0163060 secs] [Times: user=0.13 sys=0.00, real=0.02 secs] 
2020-09-29T18:17:59.834+0200: 12.116: [GC (Allocation Failure) 2020-09-29T18:17:59.834+0200: 12.116: [ParNew: 585578K->54298K(613440K), 0.0186794 secs] 592801K->61521K(2029056K), 0.0187429 secs] [Times: user=0.13 sys=0.00, real=0.02 secs] 
2020-09-29T18:17:59.903+0200: 12.184: [GC (Allocation Failure) 2020-09-29T18:17:59.903+0200: 12.184: [ParNew: 599642K->40038K(613440K), 0.0181284 secs] 606865K->47262K(2029056K), 0.0181854 secs] [Times: user=0.13 sys=0.00, real=0.02 secs] 
2020-09-29T18:17:59.972+0200: 12.254: [GC (Allocation Failure) 2020-09-29T18:17:59.972+0200: 12.254: [ParNew: 585382K->41329K(613440K), 0.0178228 secs] 592606K->48552K(2029056K), 0.0178784 secs] [Times: user=0.25 sys=0.00, real=0.02 secs] 
2020-09-29T18:18:00.040+0200: 12.322: [GC (Allocation Failure) 2020-09-29T18:18:00.041+0200: 12.322: [ParNew: 586673K->42956K(613440K), 0.0182507 secs] 593896K->50180K(2029056K), 0.0183360 secs] [Times: user=0.13 sys=0.00, real=0.02 secs] 
2020-09-29T18:18:00.112+0200: 12.394: [GC (Allocation Failure) 2020-09-29T18:18:00.112+0200: 12.394: [ParNew: 588300K->63924K(613440K), 0.0216293 secs] 595524K->71148K(2029056K), 0.0216893 secs] [Times: user=0.25 sys=0.00, real=0.02 secs] 
2020-09-29T18:18:00.181+0200: 12.462: [GC (Allocation Failure) 2020-09-29T18:18:00.181+0200: 12.462: [ParNew: 609268K->49916K(613440K), 0.0156339 secs] 616492K->57140K(2029056K), 0.0156894 secs] [Times: user=0.13 sys=0.00, real=0.02 secs] 
2020-09-29T18:18:00.245+0200: 12.527: [GC (Allocation Failure) 2020-09-29T18:18:00.245+0200: 12.527: [ParNew: 595260K->45952K(613440K), 0.0199684 secs] 602484K->53175K(2029056K), 0.0200318 secs] [Times: user=0.13 sys=0.00, real=0.02 secs] 
2020-09-29T18:18:00.314+0200: 12.595: [GC (Allocation Failure) 2020-09-29T18:18:00.314+0200: 12.595: [ParNew: 591296K->66613K(613440K), 0.0244473 secs] 598519K->73837K(2029056K), 0.0245141 secs] [Times: user=0.25 sys=0.00, real=0.02 secs] 
2020-09-29T18:18:00.386+0200: 12.668: [GC (Allocation Failure) 2020-09-29T18:18:00.386+0200: 12.668: [ParNew: 611957K->55405K(613440K), 0.0188660 secs] 619181K->62628K(2029056K), 0.0189350 secs] [Times: user=0.13 sys=0.00, real=0.02 secs] 
2020-09-29T18:18:00.452+0200: 12.733: [GC (Allocation Failure) 2020-09-29T18:18:00.452+0200: 12.733: [ParNew: 600749K->68096K(613440K), 0.0239288 secs] 607972K->75601K(2029056K), 0.0239850 secs] [Times: user=0.25 sys=0.00, real=0.02 secs] 
2020-09-29T18:18:00.523+0200: 12.804: [GC (Allocation Failure) 2020-09-29T18:18:00.523+0200: 12.804: [ParNew: 613440K->45074K(613440K), 0.0124190 secs] 620945K->52579K(2029056K), 0.0124815 secs] [Times: user=0.00 sys=0.00, real=0.01 secs] 
2020-09-29T18:18:00.588+0200: 12.869: [GC (Allocation Failure) 2020-09-29T18:18:00.588+0200: 12.869: [ParNew: 590418K->34117K(613440K), 0.0172874 secs] 597923K->41622K(2029056K), 0.0173547 secs] [Times: user=0.11 sys=0.00, real=0.02 secs] 
2020-09-29T18:18:00.654+0200: 12.936: [GC (Allocation Failure) 2020-09-29T18:18:00.654+0200: 12.936: [ParNew: 579461K->49731K(613440K), 0.0209500 secs] 586966K->57236K(2029056K), 0.0210108 secs] [Times: user=0.13 sys=0.00, real=0.02 secs] 
2020-09-29T18:18:00.722+0200: 13.003: [GC (Allocation Failure) 2020-09-29T18:18:00.722+0200: 13.004: [ParNew: 595075K->44626K(613440K), 0.0149332 secs] 602580K->52132K(2029056K), 0.0149909 secs] [Times: user=0.13 sys=0.00, real=0.02 secs] 
2020-09-29T18:18:00.785+0200: 13.066: [GC (Allocation Failure) 2020-09-29T18:18:00.785+0200: 13.066: [ParNew: 589970K->43214K(613440K), 0.0190424 secs] 597476K->50720K(2029056K), 0.0191097 secs] [Times: user=0.25 sys=0.00, real=0.02 secs] 
2020-09-29T18:18:00.854+0200: 13.135: [GC (Allocation Failure) 2020-09-29T18:18:00.854+0200: 13.135: [ParNew: 588558K->65158K(613440K), 0.0236379 secs] 596064K->72663K(2029056K), 0.0314534 secs] [Times: user=0.13 sys=0.00, real=0.03 secs] 
2020-09-29T18:18:00.934+0200: 13.215: [GC (Allocation Failure) 2020-09-29T18:18:00.934+0200: 13.215: [ParNew: 610502K->68096K(613440K), 0.0253332 secs] 618007K->75601K(2029056K), 0.0254238 secs] [Times: user=0.25 sys=0.00, real=0.03 secs] 
2020-09-29T18:18:01.010+0200: 13.292: [GC (Allocation Failure) 2020-09-29T18:18:01.010+0200: 13.292: [ParNew: 613440K->49563K(613440K), 0.0187174 secs] 620945K->57068K(2029056K), 0.0187747 secs] [Times: user=0.13 sys=0.00, real=0.02 secs] 
2020-09-29T18:18:01.078+0200: 13.360: [GC (Allocation Failure) 2020-09-29T18:18:01.078+0200: 13.360: [ParNew: 594907K->68096K(613440K), 0.0218438 secs] 602412K->75601K(2029056K), 0.0219141 secs] [Times: user=0.25 sys=0.00, real=0.02 secs] 
2020-09-29T18:18:01.155+0200: 13.437: [GC (Allocation Failure) 2020-09-29T18:18:01.155+0200: 13.437: [ParNew: 613440K->45959K(613440K), 0.0159262 secs] 620945K->53465K(2029056K), 0.0159829 secs] [Times: user=0.13 sys=0.00, real=0.02 secs] 
2020-09-29T18:18:01.220+0200: 13.501: [GC (Allocation Failure) 2020-09-29T18:18:01.220+0200: 13.501: [ParNew: 591303K->57447K(613440K), 0.0215007 secs] 598809K->64953K(2029056K), 0.0215761 secs] [Times: user=0.25 sys=0.00, real=0.02 secs] 
2020-09-29T18:18:01.288+0200: 13.569: [GC (Allocation Failure) 2020-09-29T18:18:01.288+0200: 13.569: [ParNew: 602791K->34519K(613440K), 0.0128257 secs] 610297K->42024K(2029056K), 0.0128815 secs] [Times: user=0.13 sys=0.00, real=0.01 secs] 
2020-09-29T18:18:01.350+0200: 13.631: [GC (Allocation Failure) 2020-09-29T18:18:01.350+0200: 13.631: [ParNew: 579863K->49012K(613440K), 0.0177142 secs] 587368K->56517K(2029056K), 0.0177781 secs] [Times: user=0.13 sys=0.00, real=0.02 secs] 
2020-09-29T18:18:01.416+0200: 13.698: [GC (Allocation Failure) 2020-09-29T18:18:01.416+0200: 13.698: [ParNew: 594356K->57331K(613440K), 0.0214353 secs] 601861K->64837K(2029056K), 0.0215176 secs] [Times: user=0.13 sys=0.00, real=0.02 secs] 
2020-09-29T18:18:01.485+0200: 13.767: [GC (Allocation Failure) 2020-09-29T18:18:01.485+0200: 13.767: [ParNew: 602675K->43672K(613440K), 0.0162777 secs] 610181K->51177K(2029056K), 0.0163470 secs] [Times: user=0.13 sys=0.00, real=0.02 secs] 
2020-09-29T18:18:01.549+0200: 13.830: [GC (Allocation Failure) 2020-09-29T18:18:01.549+0200: 13.830: [ParNew: 589016K->27106K(613440K), 0.0140651 secs] 596521K->34611K(2029056K), 0.0141252 secs] [Times: user=0.13 sys=0.00, real=0.01 secs] 
2020-09-29T18:18:01.616+0200: 13.898: [GC (Allocation Failure) 2020-09-29T18:18:01.616+0200: 13.898: [ParNew: 572450K->42189K(613440K), 0.0205853 secs] 579955K->49695K(2029056K), 0.0206467 secs] [Times: user=0.11 sys=0.00, real=0.02 secs] 
2020-09-29T18:18:01.683+0200: 13.965: [GC (Allocation Failure) 2020-09-29T18:18:01.683+0200: 13.965: [ParNew: 587533K->67209K(613440K), 0.0231359 secs] 595039K->74714K(2029056K), 0.0231931 secs] [Times: user=0.13 sys=0.00, real=0.02 secs] 
2020-09-29T18:18:01.753+0200: 14.034: [GC (Allocation Failure) 2020-09-29T18:18:01.753+0200: 14.034: [ParNew: 612553K->49155K(613440K), 0.0169601 secs] 620058K->56661K(2029056K), 0.0170208 secs] [Times: user=0.25 sys=0.00, real=0.02 secs] 
2020-09-29T18:18:01.819+0200: 14.100: [GC (Allocation Failure) 2020-09-29T18:18:01.819+0200: 14.100: [ParNew: 594499K->40528K(613440K), 0.0154566 secs] 602005K->48033K(2029056K), 0.0155352 secs] [Times: user=0.13 sys=0.00, real=0.02 secs] 
2020-09-29T18:18:01.886+0200: 14.168: [GC (Allocation Failure) 2020-09-29T18:18:01.886+0200: 14.168: [ParNew: 585872K->57715K(613440K), 0.0199655 secs] 593377K->65220K(2029056K), 0.0200302 secs] [Times: user=0.13 sys=0.00, real=0.02 secs] 
2020-09-29T18:18:01.954+0200: 14.235: [GC (Allocation Failure) 2020-09-29T18:18:01.954+0200: 14.235: [ParNew: 603059K->43486K(613440K), 0.0183875 secs] 610564K->50991K(2029056K), 0.0184731 secs] [Times: user=0.13 sys=0.00, real=0.02 secs] 
2020-09-29T18:18:02.022+0200: 14.304: [GC (Allocation Failure) 2020-09-29T18:18:02.022+0200: 14.304: [ParNew: 588830K->36377K(613440K), 0.0112674 secs] 596335K->43882K(2029056K), 0.0113231 secs] [Times: user=0.00 sys=0.00, real=0.01 secs] 
2020-09-29T18:18:02.091+0200: 14.373: [GC (Allocation Failure) 2020-09-29T18:18:02.091+0200: 14.373: [ParNew: 581721K->33754K(613440K), 0.0119704 secs] 589226K->41259K(2029056K), 0.0120291 secs] [Times: user=0.13 sys=0.00, real=0.01 secs] 
2020-09-29T18:18:02.155+0200: 14.436: [GC (Allocation Failure) 2020-09-29T18:18:02.155+0200: 14.436: [ParNew: 579098K->37208K(613440K), 0.0187490 secs] 586603K->44713K(2029056K), 0.0188194 secs] [Times: user=0.11 sys=0.00, real=0.02 secs] 
2020-09-29T18:18:02.220+0200: 14.502: [GC (Allocation Failure) 2020-09-29T18:18:02.220+0200: 14.502: [ParNew: 582552K->54106K(613440K), 0.0209417 secs] 590057K->61611K(2029056K), 0.0277052 secs] [Times: user=0.25 sys=0.00, real=0.03 secs] 
2020-09-29T18:18:02.296+0200: 14.578: [GC (Allocation Failure) 2020-09-29T18:18:02.296+0200: 14.578: [ParNew: 599450K->49893K(613440K), 0.0207026 secs] 606955K->57399K(2029056K), 0.0207586 secs] [Times: user=0.25 sys=0.00, real=0.02 secs] 
2020-09-29T18:18:02.365+0200: 14.647: [GC (Allocation Failure) 2020-09-29T18:18:02.365+0200: 14.647: [ParNew: 595237K->50746K(613440K), 0.0193290 secs] 602743K->58252K(2029056K), 0.0194117 secs] [Times: user=0.13 sys=0.00, real=0.02 secs] 
2020-09-29T18:18:02.433+0200: 14.714: [GC (Allocation Failure) 2020-09-29T18:18:02.433+0200: 14.714: [ParNew: 596090K->47550K(613440K), 0.0184992 secs] 603596K->55056K(2029056K), 0.0185602 secs] [Times: user=0.13 sys=0.00, real=0.02 secs] 
2020-09-29T18:18:02.500+0200: 14.781: [GC (Allocation Failure) 2020-09-29T18:18:02.500+0200: 14.781: [ParNew: 592894K->41357K(613440K), 0.0195550 secs] 600400K->48863K(2029056K), 0.0196125 secs] [Times: user=0.11 sys=0.00, real=0.02 secs] 
2020-09-29T18:18:02.569+0200: 14.850: [GC (Allocation Failure) 2020-09-29T18:18:02.569+0200: 14.850: [ParNew: 586701K->44332K(613440K), 0.0187945 secs] 594207K->51838K(2029056K), 0.0188793 secs] [Times: user=0.13 sys=0.00, real=0.02 secs] 
2020-09-29T18:18:02.641+0200: 14.922: [GC (Allocation Failure) 2020-09-29T18:18:02.641+0200: 14.922: [ParNew: 589676K->42648K(613440K), 0.0167974 secs] 597182K->50153K(2029056K), 0.0168550 secs] [Times: user=0.13 sys=0.00, real=0.02 secs] 
2020-09-29T18:18:02.707+0200: 14.988: [GC (Allocation Failure) 2020-09-29T18:18:02.707+0200: 14.988: [ParNew: 587992K->61701K(613440K), 0.0217499 secs] 595497K->69207K(2029056K), 0.0218156 secs] [Times: user=0.25 sys=0.00, real=0.02 secs] 
2020-09-29T18:18:02.776+0200: 15.057: [GC (Allocation Failure) 2020-09-29T18:18:02.776+0200: 15.057: [ParNew: 607045K->68096K(613440K), 0.0265153 secs] 614551K->77585K(2029056K), 0.0265714 secs] [Times: user=0.25 sys=0.00, real=0.03 secs] 
2020-09-29T18:18:02.849+0200: 15.130: [GC (Allocation Failure) 2020-09-29T18:18:02.849+0200: 15.130: [ParNew: 613440K->64194K(613440K), 0.0196458 secs] 622929K->73684K(2029056K), 0.0197025 secs] [Times: user=0.13 sys=0.00, real=0.02 secs] 
2020-09-29T18:18:02.919+0200: 15.200: [GC (Allocation Failure) 2020-09-29T18:18:02.919+0200: 15.200: [ParNew: 609538K->49666K(613440K), 0.0200256 secs] 619028K->59156K(2029056K), 0.0200868 secs] [Times: user=0.13 sys=0.00, real=0.02 secs] 
2020-09-29T18:18:02.988+0200: 15.268: [GC (Allocation Failure) 2020-09-29T18:18:02.988+0200: 15.269: [ParNew: 595010K->49428K(613440K), 0.0191666 secs] 604500K->58918K(2029056K), 0.0192291 secs] [Times: user=0.25 sys=0.00, real=0.02 secs] 
2020-09-29T18:18:03.055+0200: 15.336: [GC (Allocation Failure) 2020-09-29T18:18:03.055+0200: 15.336: [ParNew: 594772K->34633K(613440K), 0.0126822 secs] 604262K->44123K(2029056K), 0.0127391 secs] [Times: user=0.02 sys=0.00, real=0.01 secs] 
2020-09-29T18:18:03.114+0200: 15.395: [GC (Allocation Failure) 2020-09-29T18:18:03.114+0200: 15.395: [ParNew: 579977K->24938K(613440K), 0.0099390 secs] 589467K->34428K(2029056K), 0.0100126 secs] [Times: user=0.00 sys=0.00, real=0.01 secs] 
2020-09-29T18:18:03.180+0200: 15.461: [GC (Allocation Failure) 2020-09-29T18:18:03.180+0200: 15.461: [ParNew: 570282K->38080K(613440K), 0.0189939 secs] 579772K->47570K(2029056K), 0.0190706 secs] [Times: user=0.13 sys=0.00, real=0.02 secs] 
2020-09-29T18:18:03.247+0200: 15.528: [GC (Allocation Failure) 2020-09-29T18:18:03.247+0200: 15.528: [ParNew: 583424K->43341K(613440K), 0.0153223 secs] 592914K->52831K(2029056K), 0.0153855 secs] [Times: user=0.13 sys=0.00, real=0.02 secs] 
2020-09-29T18:18:03.312+0200: 15.593: [GC (Allocation Failure) 2020-09-29T18:18:03.312+0200: 15.593: [ParNew: 588685K->68096K(613440K), 0.0249878 secs] 598175K->77609K(2029056K), 0.0250491 secs] [Times: user=0.25 sys=0.00, real=0.02 secs] 
2020-09-29T18:18:03.386+0200: 15.667: [GC (Allocation Failure) 2020-09-29T18:18:03.386+0200: 15.667: [ParNew: 613440K->57171K(613440K), 0.0186781 secs] 622953K->66684K(2029056K), 0.0187395 secs] [Times: user=0.13 sys=0.00, real=0.02 secs] 
2020-09-29T18:18:03.451+0200: 15.732: [GC (Allocation Failure) 2020-09-29T18:18:03.451+0200: 15.732: [ParNew: 602515K->42841K(613440K), 0.0177058 secs] 612028K->52354K(2029056K), 0.0177612 secs] [Times: user=0.13 sys=0.00, real=0.02 secs] 
2020-09-29T18:18:03.517+0200: 15.798: [GC (Allocation Failure) 2020-09-29T18:18:03.517+0200: 15.798: [ParNew: 588185K->34810K(613440K), 0.0101427 secs] 597698K->44323K(2029056K), 0.0102029 secs] [Times: user=0.13 sys=0.00, real=0.01 secs] 
2020-09-29T18:18:03.575+0200: 15.856: [GC (Allocation Failure) 2020-09-29T18:18:03.575+0200: 15.856: [ParNew: 580154K->47994K(613440K), 0.0219210 secs] 589667K->57507K(2029056K), 0.0219998 secs] [Times: user=0.13 sys=0.00, real=0.02 secs] 
2020-09-29T18:18:03.645+0200: 15.926: [GC (Allocation Failure) 2020-09-29T18:18:03.645+0200: 15.926: [ParNew: 593338K->58959K(613440K), 0.0209838 secs] 602851K->68472K(2029056K), 0.0210530 secs] [Times: user=0.23 sys=0.00, real=0.02 secs] 
2020-09-29T18:18:03.713+0200: 15.994: [GC (Allocation Failure) 2020-09-29T18:18:03.713+0200: 15.994: [ParNew: 604303K->39955K(613440K), 0.0141236 secs] 613816K->49468K(2029056K), 0.0141815 secs] [Times: user=0.13 sys=0.00, real=0.01 secs] 
2020-09-29T18:18:03.779+0200: 16.060: [GC (Allocation Failure) 2020-09-29T18:18:03.779+0200: 16.060: [ParNew: 585299K->38758K(613440K), 0.0183796 secs] 594812K->48271K(2029056K), 0.0184370 secs] [Times: user=0.13 sys=0.00, real=0.02 secs] 
2020-09-29T18:18:03.845+0200: 16.126: [GC (Allocation Failure) 2020-09-29T18:18:03.845+0200: 16.126: [ParNew: 584102K->35115K(613440K), 0.0106522 secs] 593615K->44628K(2029056K), 0.0107453 secs] [Times: user=0.13 sys=0.00, real=0.01 secs] 
2020-09-29T18:18:03.907+0200: 16.188: [GC (Allocation Failure) 2020-09-29T18:18:03.907+0200: 16.188: [ParNew: 580459K->52292K(613440K), 0.0221736 secs] 589972K->61805K(2029056K), 0.0222452 secs] [Times: user=0.25 sys=0.00, real=0.02 secs] 
2020-09-29T18:18:03.977+0200: 16.258: [GC (Allocation Failure) 2020-09-29T18:18:03.977+0200: 16.258: [ParNew: 597636K->38331K(613440K), 0.0173247 secs] 607149K->47845K(2029056K), 0.0173863 secs] [Times: user=0.13 sys=0.00, real=0.02 secs] 
2020-09-29T18:18:04.041+0200: 16.321: [GC (Allocation Failure) 2020-09-29T18:18:04.041+0200: 16.321: [ParNew: 583675K->61088K(613440K), 0.0199438 secs] 593189K->70601K(2029056K), 0.0200063 secs] [Times: user=0.13 sys=0.00, real=0.02 secs] 
2020-09-29T18:18:04.108+0200: 16.389: [GC (Allocation Failure) 2020-09-29T18:18:04.108+0200: 16.389: [ParNew: 606432K->42608K(613440K), 0.0191263 secs] 615945K->52121K(2029056K), 0.0191923 secs] [Times: user=0.13 sys=0.00, real=0.02 secs] 
2020-09-29T18:18:04.174+0200: 16.455: [GC (Allocation Failure) 2020-09-29T18:18:04.174+0200: 16.455: [ParNew: 587952K->45157K(613440K), 0.0165751 secs] 597465K->54670K(2029056K), 0.0166474 secs] [Times: user=0.13 sys=0.00, real=0.02 secs] 
2020-09-29T18:18:04.242+0200: 16.522: [GC (Allocation Failure) 2020-09-29T18:18:04.242+0200: 16.522: [ParNew: 590501K->39584K(613440K), 0.0168566 secs] 600014K->49097K(2029056K), 0.0169124 secs] [Times: user=0.13 sys=0.00, real=0.02 secs] 
2020-09-29T18:18:04.309+0200: 16.590: [GC (Allocation Failure) 2020-09-29T18:18:04.309+0200: 16.590: [ParNew: 584928K->63247K(613440K), 0.0212515 secs] 594441K->72760K(2029056K), 0.0213246 secs] [Times: user=0.13 sys=0.00, real=0.02 secs] 
2020-09-29T18:18:04.379+0200: 16.660: [GC (Allocation Failure) 2020-09-29T18:18:04.379+0200: 16.660: [ParNew: 608591K->55615K(613440K), 0.0209055 secs] 618104K->65128K(2029056K), 0.0209645 secs] [Times: user=0.23 sys=0.00, real=0.02 secs] 
2020-09-29T18:18:04.447+0200: 16.728: [GC (Allocation Failure) 2020-09-29T18:18:04.447+0200: 16.728: [ParNew: 600959K->47589K(613440K), 0.0204987 secs] 610472K->57102K(2029056K), 0.0205566 secs] [Times: user=0.13 sys=0.00, real=0.02 secs] 
2020-09-29T18:18:04.514+0200: 16.795: [GC (Allocation Failure) 2020-09-29T18:18:04.514+0200: 16.795: [ParNew: 592933K->48775K(613440K), 0.0197317 secs] 602446K->58288K(2029056K), 0.0198008 secs] [Times: user=0.13 sys=0.00, real=0.02 secs] 
2020-09-29T18:18:04.583+0200: 16.864: [GC (Allocation Failure) 2020-09-29T18:18:04.584+0200: 16.864: [ParNew: 594119K->42200K(613440K), 0.0147973 secs] 603632K->51713K(2029056K), 0.0148898 secs] [Times: user=0.00 sys=0.00, real=0.02 secs] 
2020-09-29T18:18:04.661+0200: 16.942: [GC (Allocation Failure) 2020-09-29T18:18:04.661+0200: 16.942: [ParNew: 587544K->36002K(613440K), 0.0150965 secs] 597057K->45515K(2029056K), 0.0151732 secs] [Times: user=0.00 sys=0.00, real=0.02 secs] 
2020-09-29T18:18:04.732+0200: 17.013: [GC (Allocation Failure) 2020-09-29T18:18:04.732+0200: 17.013: [ParNew: 581346K->38553K(613440K), 0.0185182 secs] 590859K->48066K(2029056K), 0.0185838 secs] [Times: user=0.13 sys=0.00, real=0.02 secs] 
2020-09-29T18:18:04.802+0200: 17.083: [GC (Allocation Failure) 2020-09-29T18:18:04.802+0200: 17.083: [ParNew: 583897K->47308K(613440K), 0.0165523 secs] 593410K->56821K(2029056K), 0.0166143 secs] [Times: user=0.13 sys=0.00, real=0.02 secs] 
2020-09-29T18:18:04.867+0200: 17.148: [GC (Allocation Failure) 2020-09-29T18:18:04.867+0200: 17.148: [ParNew: 592652K->36857K(613440K), 0.0160105 secs] 602165K->46370K(2029056K), 0.0160809 secs] [Times: user=0.13 sys=0.00, real=0.02 secs] 
2020-09-29T18:18:04.930+0200: 17.211: [GC (Allocation Failure) 2020-09-29T18:18:04.930+0200: 17.211: [ParNew: 582201K->32692K(613440K), 0.0152899 secs] 591714K->42205K(2029056K), 0.0153464 secs] [Times: user=0.13 sys=0.00, real=0.01 secs] 
2020-09-29T18:18:04.992+0200: 17.272: [GC (Allocation Failure) 2020-09-29T18:18:04.992+0200: 17.273: [ParNew: 578036K->52013K(613440K), 0.0184946 secs] 587549K->61526K(2029056K), 0.0185555 secs] [Times: user=0.13 sys=0.00, real=0.02 secs] 
2020-09-29T18:18:05.057+0200: 17.338: [GC (Allocation Failure) 2020-09-29T18:18:05.057+0200: 17.338: [ParNew: 597357K->39403K(613440K), 0.0173684 secs] 606870K->48916K(2029056K), 0.0174253 secs] [Times: user=0.13 sys=0.00, real=0.02 secs] 
2020-09-29T18:18:05.127+0200: 17.407: [GC (Allocation Failure) 2020-09-29T18:18:05.127+0200: 17.408: [ParNew: 584747K->33127K(613440K), 0.0157725 secs] 594260K->42640K(2029056K), 0.0158298 secs] [Times: user=0.13 sys=0.00, real=0.01 secs] 
2020-09-29T18:18:05.198+0200: 17.479: [GC (Allocation Failure) 2020-09-29T18:18:05.198+0200: 17.479: [ParNew: 578471K->31849K(613440K), 0.0139945 secs] 587984K->41362K(2029056K), 0.0140534 secs] [Times: user=0.13 sys=0.00, real=0.01 secs] 
2020-09-29T18:18:05.262+0200: 17.543: [GC (Allocation Failure) 2020-09-29T18:18:05.262+0200: 17.543: [ParNew: 577193K->50382K(613440K), 0.0190286 secs] 586706K->59895K(2029056K), 0.0191342 secs] [Times: user=0.13 sys=0.00, real=0.02 secs] 
2020-09-29T18:18:05.332+0200: 17.613: [GC (Allocation Failure) 2020-09-29T18:18:05.332+0200: 17.613: [ParNew: 595726K->36123K(613440K), 0.0121952 secs] 605239K->45636K(2029056K), 0.0122821 secs] [Times: user=0.13 sys=0.00, real=0.01 secs] 
2020-09-29T18:18:05.405+0200: 17.686: [GC (Allocation Failure) 2020-09-29T18:18:05.405+0200: 17.686: [ParNew: 581467K->55597K(613440K), 0.0216536 secs] 590980K->65110K(2029056K), 0.0217162 secs] [Times: user=0.14 sys=0.00, real=0.02 secs] 
2020-09-29T18:18:05.475+0200: 17.756: [GC (Allocation Failure) 2020-09-29T18:18:05.475+0200: 17.756: [ParNew: 600941K->41209K(613440K), 0.0167011 secs] 610454K->50722K(2029056K), 0.0167712 secs] [Times: user=0.13 sys=0.00, real=0.02 secs] 
2020-09-29T18:18:05.543+0200: 17.824: [GC (Allocation Failure) 2020-09-29T18:18:05.543+0200: 17.824: [ParNew: 586553K->59241K(613440K), 0.0212486 secs] 596066K->68754K(2029056K), 0.0213085 secs] [Times: user=0.13 sys=0.00, real=0.02 secs] 
2020-09-29T18:18:05.613+0200: 17.894: [GC (Allocation Failure) 2020-09-29T18:18:05.613+0200: 17.894: [ParNew: 604585K->41927K(613440K), 0.0135416 secs] 614098K->51440K(2029056K), 0.0136003 secs] [Times: user=0.13 sys=0.00, real=0.01 secs] 
2020-09-29T18:18:05.681+0200: 17.962: [GC (Allocation Failure) 2020-09-29T18:18:05.681+0200: 17.962: [ParNew: 587271K->39463K(613440K), 0.0195705 secs] 596784K->48976K(2029056K), 0.0196308 secs] [Times: user=0.13 sys=0.00, real=0.02 secs] 
2020-09-29T18:18:05.750+0200: 18.030: [GC (Allocation Failure) 2020-09-29T18:18:05.750+0200: 18.031: [ParNew: 584807K->58884K(613440K), 0.0188654 secs] 594320K->68397K(2029056K), 0.0189380 secs] [Times: user=0.13 sys=0.00, real=0.02 secs] 
2020-09-29T18:18:05.815+0200: 18.096: [GC (Allocation Failure) 2020-09-29T18:18:05.815+0200: 18.096: [ParNew: 604228K->45382K(613440K), 0.0174082 secs] 613741K->54895K(2029056K), 0.0174758 secs] [Times: user=0.17 sys=0.03, real=0.02 secs] 
2020-09-29T18:18:05.883+0200: 18.164: [GC (Allocation Failure) 2020-09-29T18:18:05.883+0200: 18.164: [ParNew: 590726K->35942K(613440K), 0.0165092 secs] 600239K->45455K(2029056K), 0.0165696 secs] [Times: user=0.13 sys=0.00, real=0.02 secs] 
2020-09-29T18:18:05.950+0200: 18.231: [GC (Allocation Failure) 2020-09-29T18:18:05.950+0200: 18.231: [ParNew: 581286K->27851K(613440K), 0.0094753 secs] 590799K->37364K(2029056K), 0.0095325 secs] [Times: user=0.13 sys=0.00, real=0.01 secs] 
2020-09-29T18:18:06.009+0200: 18.290: [GC (Allocation Failure) 2020-09-29T18:18:06.009+0200: 18.290: [ParNew: 573195K->49068K(613440K), 0.0192014 secs] 582708K->58581K(2029056K), 0.0192670 secs] [Times: user=0.13 sys=0.00, real=0.02 secs] 
2020-09-29T18:18:06.077+0200: 18.358: [GC (Allocation Failure) 2020-09-29T18:18:06.077+0200: 18.358: [ParNew: 594412K->59429K(613440K), 0.0188057 secs] 603925K->68942K(2029056K), 0.0188700 secs] [Times: user=0.13 sys=0.00, real=0.02 secs] 
2020-09-29T18:18:06.144+0200: 18.425: [GC (Allocation Failure) 2020-09-29T18:18:06.144+0200: 18.425: [ParNew: 604773K->67887K(613440K), 0.0233548 secs] 614286K->77400K(2029056K), 0.0234169 secs] [Times: user=0.25 sys=0.00, real=0.02 secs] 
2020-09-29T18:18:06.214+0200: 18.495: [GC (Allocation Failure) 2020-09-29T18:18:06.214+0200: 18.495: [ParNew: 613231K->68096K(613440K), 0.0307000 secs] 622744K->82444K(2029056K), 0.0307567 secs] [Times: user=0.23 sys=0.01, real=0.03 secs] 
2020-09-29T18:18:06.293+0200: 18.574: [GC (Allocation Failure) 2020-09-29T18:18:06.293+0200: 18.574: [ParNew: 613440K->52643K(613440K), 0.0123480 secs] 627788K->66992K(2029056K), 0.0124057 secs] [Times: user=0.13 sys=0.00, real=0.01 secs] 
2020-09-29T18:18:06.356+0200: 18.637: [GC (Allocation Failure) 2020-09-29T18:18:06.356+0200: 18.637: [ParNew: 597987K->41661K(613440K), 0.0151247 secs] 612336K->56010K(2029056K), 0.0151803 secs] [Times: user=0.13 sys=0.00, real=0.02 secs] 
2020-09-29T18:18:06.425+0200: 18.706: [GC (Allocation Failure) 2020-09-29T18:18:06.425+0200: 18.706: [ParNew: 587005K->49405K(613440K), 0.0256384 secs] 601354K->63754K(2029056K), 0.0257103 secs] [Times: user=0.22 sys=0.00, real=0.03 secs] 
2020-09-29T18:18:06.505+0200: 18.786: [GC (Allocation Failure) 2020-09-29T18:18:06.505+0200: 18.786: [ParNew: 594749K->66679K(613440K), 0.0214217 secs] 609098K->81028K(2029056K), 0.0214945 secs] [Times: user=0.13 sys=0.00, real=0.02 secs] 
2020-09-29T18:18:06.578+0200: 18.859: [GC (Allocation Failure) 2020-09-29T18:18:06.578+0200: 18.859: [ParNew: 612023K->49901K(613440K), 0.0212065 secs] 626372K->64250K(2029056K), 0.0212725 secs] [Times: user=0.22 sys=0.00, real=0.02 secs] 
2020-09-29T18:18:06.650+0200: 18.931: [GC (Allocation Failure) 2020-09-29T18:18:06.650+0200: 18.931: [ParNew: 595245K->68096K(613440K), 0.0231390 secs] 609594K->82444K(2029056K), 0.0231974 secs] [Times: user=0.13 sys=0.00, real=0.02 secs] 
2020-09-29T18:18:06.721+0200: 19.002: [GC (Allocation Failure) 2020-09-29T18:18:06.721+0200: 19.002: [ParNew: 613440K->54854K(613440K), 0.0224024 secs] 627788K->69202K(2029056K), 0.0224738 secs] [Times: user=0.25 sys=0.00, real=0.02 secs] 
2020-09-29T18:18:06.790+0200: 19.071: [GC (Allocation Failure) 2020-09-29T18:18:06.790+0200: 19.071: [ParNew: 600198K->47474K(613440K), 0.0160557 secs] 614546K->61822K(2029056K), 0.0161269 secs] [Times: user=0.13 sys=0.00, real=0.02 secs] 
2020-09-29T18:18:06.856+0200: 19.137: [GC (Allocation Failure) 2020-09-29T18:18:06.856+0200: 19.137: [ParNew: 592818K->68096K(613440K), 0.0210626 secs] 607166K->82444K(2029056K), 0.0211206 secs] [Times: user=0.13 sys=0.00, real=0.02 secs] 
2020-09-29T18:18:06.924+0200: 19.205: [GC (Allocation Failure) 2020-09-29T18:18:06.924+0200: 19.205: [ParNew: 613440K->42889K(613440K), 0.0205309 secs] 627788K->57238K(2029056K), 0.0205960 secs] [Times: user=0.22 sys=0.00, real=0.02 secs] 
2020-09-29T18:18:06.995+0200: 19.276: [GC (Allocation Failure) 2020-09-29T18:18:06.995+0200: 19.276: [ParNew: 588233K->48190K(613440K), 0.0187293 secs] 602582K->62539K(2029056K), 0.0187933 secs] [Times: user=0.13 sys=0.00, real=0.02 secs] 
2020-09-29T18:18:07.062+0200: 19.343: [GC (Allocation Failure) 2020-09-29T18:18:07.062+0200: 19.343: [ParNew: 593534K->68096K(613440K), 0.0231881 secs] 607883K->82638K(2029056K), 0.0232494 secs] [Times: user=0.25 sys=0.00, real=0.02 secs] 
2020-09-29T18:18:07.132+0200: 19.413: [GC (Allocation Failure) 2020-09-29T18:18:07.132+0200: 19.413: [ParNew: 613440K->49435K(613440K), 0.0171144 secs] 627982K->63978K(2029056K), 0.0171903 secs] [Times: user=0.13 sys=0.00, real=0.02 secs] 
2020-09-29T18:18:07.201+0200: 19.482: [GC (Allocation Failure) 2020-09-29T18:18:07.201+0200: 19.482: [ParNew: 594779K->68004K(613440K), 0.0229552 secs] 609322K->82547K(2029056K), 0.0230167 secs] [Times: user=0.25 sys=0.00, real=0.02 secs] 
2020-09-29T18:18:07.276+0200: 19.557: [GC (Allocation Failure) 2020-09-29T18:18:07.276+0200: 19.557: [ParNew: 613348K->42906K(613440K), 0.0149088 secs] 627891K->57449K(2029056K), 0.0150031 secs] [Times: user=0.11 sys=0.00, real=0.01 secs] 
2020-09-29T18:18:07.341+0200: 19.622: [GC (Allocation Failure) 2020-09-29T18:18:07.341+0200: 19.622: [ParNew: 588250K->34248K(613440K), 0.0185971 secs] 602793K->48791K(2029056K), 0.0186730 secs] [Times: user=0.11 sys=0.00, real=0.02 secs] 
2020-09-29T18:18:07.410+0200: 19.691: [GC (Allocation Failure) 2020-09-29T18:18:07.410+0200: 19.691: [ParNew: 579592K->32012K(613440K), 0.0133751 secs] 594135K->46555K(2029056K), 0.0134331 secs] [Times: user=0.13 sys=0.00, real=0.01 secs] 
2020-09-29T18:18:07.475+0200: 19.756: [GC (Allocation Failure) 2020-09-29T18:18:07.475+0200: 19.756: [ParNew: 577356K->50562K(613440K), 0.0174238 secs] 591899K->65105K(2029056K), 0.0174789 secs] [Times: user=0.11 sys=0.00, real=0.02 secs] 
2020-09-29T18:18:07.541+0200: 19.822: [GC (Allocation Failure) 2020-09-29T18:18:07.541+0200: 19.822: [ParNew: 595906K->41222K(613440K), 0.0181238 secs] 610449K->55765K(2029056K), 0.0182074 secs] [Times: user=0.13 sys=0.00, real=0.02 secs] 
2020-09-29T18:18:07.608+0200: 19.890: [GC (Allocation Failure) 2020-09-29T18:18:07.609+0200: 19.890: [ParNew: 586566K->34809K(613440K), 0.0117922 secs] 601109K->49352K(2029056K), 0.0118535 secs] [Times: user=0.13 sys=0.00, real=0.01 secs] 
2020-09-29T18:18:07.674+0200: 19.955: [GC (Allocation Failure) 2020-09-29T18:18:07.674+0200: 19.955: [ParNew: 580153K->32479K(613440K), 0.0156915 secs] 594696K->47022K(2029056K), 0.0157503 secs] [Times: user=0.13 sys=0.00, real=0.02 secs] 
2020-09-29T18:18:07.738+0200: 20.019: [GC (Allocation Failure) 2020-09-29T18:18:07.738+0200: 20.019: [ParNew: 577823K->66624K(613440K), 0.0247228 secs] 592366K->81167K(2029056K), 0.0247954 secs] [Times: user=0.25 sys=0.00, real=0.03 secs] 
2020-09-29T18:18:07.812+0200: 20.093: [GC (Allocation Failure) 2020-09-29T18:18:07.812+0200: 20.093: [ParNew: 611968K->47609K(613440K), 0.0132947 secs] 626511K->62151K(2029056K), 0.0133508 secs] [Times: user=0.13 sys=0.00, real=0.01 secs] 
2020-09-29T18:18:07.878+0200: 20.159: [GC (Allocation Failure) 2020-09-29T18:18:07.878+0200: 20.159: [ParNew: 592953K->41195K(613440K), 0.0184882 secs] 607495K->55738K(2029056K), 0.0185451 secs] [Times: user=0.25 sys=0.00, real=0.02 secs] 
2020-09-29T18:18:07.946+0200: 20.227: [GC (Allocation Failure) 2020-09-29T18:18:07.946+0200: 20.227: [ParNew: 586539K->31519K(613440K), 0.0111587 secs] 601082K->46062K(2029056K), 0.0112138 secs] [Times: user=0.00 sys=0.00, real=0.01 secs] 
2020-09-29T18:18:08.006+0200: 20.288: [GC (Allocation Failure) 2020-09-29T18:18:08.006+0200: 20.288: [ParNew: 576863K->33724K(613440K), 0.0147041 secs] 591406K->48267K(2029056K), 0.0147610 secs] [Times: user=0.13 sys=0.00, real=0.01 secs] 
2020-09-29T18:18:08.072+0200: 20.353: [GC (Allocation Failure) 2020-09-29T18:18:08.072+0200: 20.353: [ParNew: 579068K->46006K(613440K), 0.0206665 secs] 593611K->60549K(2029056K), 0.0207235 secs] [Times: user=0.13 sys=0.00, real=0.02 secs] 
2020-09-29T18:18:08.142+0200: 20.423: [GC (Allocation Failure) 2020-09-29T18:18:08.142+0200: 20.423: [ParNew: 591350K->43080K(613440K), 0.0143472 secs] 605893K->57623K(2029056K), 0.0144357 secs] [Times: user=0.13 sys=0.00, real=0.01 secs] 
2020-09-29T18:18:08.203+0200: 20.485: [GC (Allocation Failure) 2020-09-29T18:18:08.203+0200: 20.485: [ParNew: 588424K->42230K(613440K), 0.0183287 secs] 602967K->56772K(2029056K), 0.0183846 secs] [Times: user=0.13 sys=0.00, real=0.02 secs] 
2020-09-29T18:18:08.277+0200: 20.558: [GC (Allocation Failure) 2020-09-29T18:18:08.277+0200: 20.558: [ParNew: 587574K->51530K(613440K), 0.0175229 secs] 602116K->66072K(2029056K), 0.0175815 secs] [Times: user=0.13 sys=0.00, real=0.02 secs] 
2020-09-29T18:18:08.350+0200: 20.631: [GC (Allocation Failure) 2020-09-29T18:18:08.350+0200: 20.631: [ParNew: 596874K->39752K(613440K), 0.0172231 secs] 611416K->54295K(2029056K), 0.0172979 secs] [Times: user=0.13 sys=0.00, real=0.02 secs] 
2020-09-29T18:18:08.418+0200: 20.699: [GC (Allocation Failure) 2020-09-29T18:18:08.418+0200: 20.699: [ParNew: 585096K->40362K(613440K), 0.0166439 secs] 599639K->54904K(2029056K), 0.0167003 secs] [Times: user=0.13 sys=0.00, real=0.02 secs] 
2020-09-29T18:18:08.481+0200: 20.762: [GC (Allocation Failure) 2020-09-29T18:18:08.481+0200: 20.762: [ParNew: 585706K->61285K(613440K), 0.0213728 secs] 600248K->75827K(2029056K), 0.0214369 secs] [Times: user=0.11 sys=0.00, real=0.02 secs] 
2020-09-29T18:18:08.550+0200: 20.831: [GC (Allocation Failure) 2020-09-29T18:18:08.551+0200: 20.831: [ParNew: 606629K->44166K(613440K), 0.0210594 secs] 621171K->58709K(2029056K), 0.0211403 secs] [Times: user=0.25 sys=0.00, real=0.02 secs] 
2020-09-29T18:18:08.626+0200: 20.907: [GC (Allocation Failure) 2020-09-29T18:18:08.626+0200: 20.907: [ParNew: 589510K->45847K(613440K), 0.0143805 secs] 604053K->60389K(2029056K), 0.0144441 secs] [Times: user=0.11 sys=0.00, real=0.01 secs] 
2020-09-29T18:18:08.687+0200: 20.968: [GC (Allocation Failure) 2020-09-29T18:18:08.687+0200: 20.968: [ParNew: 591191K->40672K(613440K), 0.0182039 secs] 605733K->55215K(2029056K), 0.0182593 secs] [Times: user=0.13 sys=0.00, real=0.02 secs] 
2020-09-29T18:18:08.758+0200: 21.039: [GC (Allocation Failure) 2020-09-29T18:18:08.758+0200: 21.039: [ParNew: 586016K->57198K(613440K), 0.0178808 secs] 600559K->71741K(2029056K), 0.0179588 secs] [Times: user=0.13 sys=0.00, real=0.02 secs] 
2020-09-29T18:18:08.827+0200: 21.108: [GC (Allocation Failure) 2020-09-29T18:18:08.827+0200: 21.108: [ParNew: 602542K->41431K(613440K), 0.0175677 secs] 617085K->55974K(2029056K), 0.0176288 secs] [Times: user=0.13 sys=0.00, real=0.02 secs] 
2020-09-29T18:18:08.893+0200: 21.174: [GC (Allocation Failure) 2020-09-29T18:18:08.893+0200: 21.174: [ParNew: 586775K->37821K(613440K), 0.0160399 secs] 601318K->52364K(2029056K), 0.0160967 secs] [Times: user=0.13 sys=0.00, real=0.02 secs] 
2020-09-29T18:18:08.958+0200: 21.239: [GC (Allocation Failure) 2020-09-29T18:18:08.958+0200: 21.239: [ParNew: 583165K->61043K(613440K), 0.0208305 secs] 597708K->75586K(2029056K), 0.0208873 secs] [Times: user=0.13 sys=0.00, real=0.02 secs] 
2020-09-29T18:18:09.030+0200: 21.310: [GC (Allocation Failure) 2020-09-29T18:18:09.030+0200: 21.310: [ParNew: 606387K->47035K(613440K), 0.0149236 secs] 620930K->61578K(2029056K), 0.0150024 secs] [Times: user=0.13 sys=0.00, real=0.01 secs] 
2020-09-29T18:18:09.096+0200: 21.377: [GC (Allocation Failure) 2020-09-29T18:18:09.096+0200: 21.377: [ParNew: 592379K->25550K(613440K), 0.0139271 secs] 606922K->40093K(2029056K), 0.0139822 secs] [Times: user=0.13 sys=0.00, real=0.01 secs] 
2020-09-29T18:18:09.164+0200: 21.445: [GC (Allocation Failure) 2020-09-29T18:18:09.165+0200: 21.445: [ParNew: 570894K->43261K(613440K), 0.0204134 secs] 585437K->57804K(2029056K), 0.0205144 secs] [Times: user=0.13 sys=0.00, real=0.02 secs] 
2020-09-29T18:18:09.238+0200: 21.518: [GC (Allocation Failure) 2020-09-29T18:18:09.238+0200: 21.518: [ParNew: 588605K->40848K(613440K), 0.0189264 secs] 603148K->55390K(2029056K), 0.0190217 secs] [Times: user=0.22 sys=0.00, real=0.02 secs] 
2020-09-29T18:18:09.308+0200: 21.589: [GC (Allocation Failure) 2020-09-29T18:18:09.308+0200: 21.589: [ParNew: 586192K->61305K(613440K), 0.0217108 secs] 600734K->75847K(2029056K), 0.0217684 secs] [Times: user=0.13 sys=0.00, real=0.02 secs] 
2020-09-29T18:18:09.378+0200: 21.659: [GC (Allocation Failure) 2020-09-29T18:18:09.378+0200: 21.659: [ParNew: 606649K->44329K(613440K), 0.0159504 secs] 621191K->58872K(2029056K), 0.0160114 secs] [Times: user=0.09 sys=0.02, real=0.02 secs] 
2020-09-29T18:18:09.445+0200: 21.725: [GC (Allocation Failure) 2020-09-29T18:18:09.445+0200: 21.725: [ParNew: 589673K->57427K(613440K), 0.0199096 secs] 604216K->71970K(2029056K), 0.0199681 secs] [Times: user=0.13 sys=0.00, real=0.02 secs] 
2020-09-29T18:18:09.516+0200: 21.796: [GC (Allocation Failure) 2020-09-29T18:18:09.516+0200: 21.796: [ParNew: 602771K->37415K(613440K), 0.0080258 secs] 617314K->51958K(2029056K), 0.0080858 secs] [Times: user=0.13 sys=0.00, real=0.01 secs] 
2020-09-29T18:18:09.578+0200: 21.859: [GC (Allocation Failure) 2020-09-29T18:18:09.578+0200: 21.859: [ParNew: 582759K->25817K(613440K), 0.0141964 secs] 597302K->40360K(2029056K), 0.0142702 secs] [Times: user=0.11 sys=0.00, real=0.01 secs] 
2020-09-29T18:18:09.644+0200: 21.925: [GC (Allocation Failure) 2020-09-29T18:18:09.644+0200: 21.925: [ParNew: 571161K->33338K(613440K), 0.0131869 secs] 585704K->47881K(2029056K), 0.0132673 secs] [Times: user=0.11 sys=0.02, real=0.01 secs] 
2020-09-29T18:18:09.705+0200: 21.985: [GC (Allocation Failure) 2020-09-29T18:18:09.705+0200: 21.985: [ParNew: 578682K->36311K(613440K), 0.0155176 secs] 593225K->50853K(2029056K), 0.0155779 secs] [Times: user=0.13 sys=0.00, real=0.02 secs] 
2020-09-29T18:18:09.771+0200: 22.052: [GC (Allocation Failure) 2020-09-29T18:18:09.771+0200: 22.052: [ParNew: 581655K->47052K(613440K), 0.0217973 secs] 596197K->61594K(2029056K), 0.0218783 secs] [Times: user=0.13 sys=0.00, real=0.02 secs] 
2020-09-29T18:18:09.840+0200: 22.121: [GC (Allocation Failure) 2020-09-29T18:18:09.840+0200: 22.121: [ParNew: 592396K->49122K(613440K), 0.0205499 secs] 606938K->63665K(2029056K), 0.0206047 secs] [Times: user=0.13 sys=0.00, real=0.02 secs] 
2020-09-29T18:18:09.907+0200: 22.188: [GC (Allocation Failure) 2020-09-29T18:18:09.907+0200: 22.188: [ParNew: 594466K->43432K(613440K), 0.0130861 secs] 609009K->57974K(2029056K), 0.0131419 secs] [Times: user=0.13 sys=0.00, real=0.01 secs] 
2020-09-29T18:18:09.972+0200: 22.252: [GC (Allocation Failure) 2020-09-29T18:18:09.972+0200: 22.252: [ParNew: 588776K->39689K(613440K), 0.0190631 secs] 603318K->54232K(2029056K), 0.0191354 secs] [Times: user=0.25 sys=0.00, real=0.02 secs] 
2020-09-29T18:18:10.039+0200: 22.319: [GC (Allocation Failure) 2020-09-29T18:18:10.039+0200: 22.319: [ParNew: 585033K->50481K(613440K), 0.0175513 secs] 599576K->65024K(2029056K), 0.0176095 secs] [Times: user=0.13 sys=0.00, real=0.02 secs] 
2020-09-29T18:18:10.104+0200: 22.385: [GC (Allocation Failure) 2020-09-29T18:18:10.104+0200: 22.385: [ParNew: 595825K->40465K(613440K), 0.0157044 secs] 610368K->55008K(2029056K), 0.0157603 secs] [Times: user=0.13 sys=0.00, real=0.02 secs] 
2020-09-29T18:18:10.166+0200: 22.447: [GC (Allocation Failure) 2020-09-29T18:18:10.166+0200: 22.447: [ParNew: 585809K->39820K(613440K), 0.0149833 secs] 600352K->54363K(2029056K), 0.0150388 secs] [Times: user=0.13 sys=0.00, real=0.02 secs] 
2020-09-29T18:18:10.231+0200: 22.512: [GC (Allocation Failure) 2020-09-29T18:18:10.231+0200: 22.512: [ParNew: 585164K->57633K(613440K), 0.0199084 secs] 599707K->72176K(2029056K), 0.0199816 secs] [Times: user=0.13 sys=0.00, real=0.02 secs] 
2020-09-29T18:18:10.298+0200: 22.579: [GC (Allocation Failure) 2020-09-29T18:18:10.298+0200: 22.579: [ParNew: 602977K->45837K(613440K), 0.0197020 secs] 617520K->60379K(2029056K), 0.0197780 secs] [Times: user=0.25 sys=0.00, real=0.02 secs] 
2020-09-29T18:18:10.367+0200: 22.648: [GC (Allocation Failure) 2020-09-29T18:18:10.367+0200: 22.648: [ParNew: 591181K->39018K(613440K), 0.0132398 secs] 605723K->53560K(2029056K), 0.0133029 secs] [Times: user=0.13 sys=0.00, real=0.01 secs] 
2020-09-29T18:18:10.434+0200: 22.714: [GC (Allocation Failure) 2020-09-29T18:18:10.434+0200: 22.714: [ParNew: 584362K->40585K(613440K), 0.0186350 secs] 598904K->55127K(2029056K), 0.0187010 secs] [Times: user=0.13 sys=0.00, real=0.02 secs] 
2020-09-29T18:18:10.501+0200: 22.782: [GC (Allocation Failure) 2020-09-29T18:18:10.501+0200: 22.782: [ParNew: 585929K->56168K(613440K), 0.0176034 secs] 600471K->70710K(2029056K), 0.0176822 secs] [Times: user=0.13 sys=0.00, real=0.02 secs] 
2020-09-29T18:18:10.570+0200: 22.851: [GC (Allocation Failure) 2020-09-29T18:18:10.570+0200: 22.851: [ParNew: 601512K->42740K(613440K), 0.0227693 secs] 616054K->57282K(2029056K), 0.0228824 secs] [Times: user=0.13 sys=0.00, real=0.02 secs] 
2020-09-29T18:18:10.643+0200: 22.924: [GC (Allocation Failure) 2020-09-29T18:18:10.643+0200: 22.924: [ParNew: 588084K->35635K(613440K), 0.0216792 secs] 602626K->50177K(2029056K), 0.0217617 secs] [Times: user=0.24 sys=0.00, real=0.02 secs] 
2020-09-29T18:18:10.724+0200: 23.005: [GC (Allocation Failure) 2020-09-29T18:18:10.724+0200: 23.005: [ParNew: 580979K->60198K(613440K), 0.0266607 secs] 595521K->74740K(2029056K), 0.0267363 secs] [Times: user=0.13 sys=0.00, real=0.03 secs] 
2020-09-29T18:18:10.800+0200: 23.081: [GC (Allocation Failure) 2020-09-29T18:18:10.801+0200: 23.081: [ParNew: 605542K->41863K(613440K), 0.0199238 secs] 620084K->56405K(2029056K), 0.0200118 secs] [Times: user=0.22 sys=0.00, real=0.02 secs] 
2020-09-29T18:18:10.872+0200: 23.153: [GC (Allocation Failure) 2020-09-29T18:18:10.872+0200: 23.153: [ParNew: 587207K->53054K(613440K), 0.0268187 secs] 601749K->67597K(2029056K), 0.0268830 secs] [Times: user=0.23 sys=0.00, real=0.03 secs] 
2020-09-29T18:18:10.946+0200: 23.227: [GC (Allocation Failure) 2020-09-29T18:18:10.947+0200: 23.227: [ParNew: 598398K->49133K(613440K), 0.0248893 secs] 612941K->63676K(2029056K), 0.0249688 secs] [Times: user=0.13 sys=0.00, real=0.02 secs] 
2020-09-29T18:18:11.019+0200: 23.300: [GC (Allocation Failure) 2020-09-29T18:18:11.019+0200: 23.300: [ParNew: 594477K->41315K(613440K), 0.0229382 secs] 609020K->55857K(2029056K), 0.0230058 secs] [Times: user=0.25 sys=0.00, real=0.02 secs] 
2020-09-29T18:18:11.092+0200: 23.373: [GC (Allocation Failure) 2020-09-29T18:18:11.092+0200: 23.373: [ParNew: 586659K->62704K(613440K), 0.0277607 secs] 601201K->77247K(2029056K), 0.0278316 secs] [Times: user=0.25 sys=0.00, real=0.03 secs] 
2020-09-29T18:18:11.170+0200: 23.451: [GC (Allocation Failure) 2020-09-29T18:18:11.170+0200: 23.451: [ParNew: 608048K->57046K(613440K), 0.0285657 secs] 622591K->71589K(2029056K), 0.0286297 secs] [Times: user=0.25 sys=0.00, real=0.03 secs] 
2020-09-29T18:18:11.247+0200: 23.528: [GC (Allocation Failure) 2020-09-29T18:18:11.247+0200: 23.528: [ParNew: 602390K->57393K(613440K), 0.0292990 secs] 616933K->71936K(2029056K), 0.0293791 secs] [Times: user=0.22 sys=0.00, real=0.03 secs] 
2020-09-29T18:18:11.325+0200: 23.605: [GC (Allocation Failure) 2020-09-29T18:18:11.325+0200: 23.605: [ParNew: 602737K->45113K(613440K), 0.0198331 secs] 617280K->59656K(2029056K), 0.0199061 secs] [Times: user=0.13 sys=0.00, real=0.02 secs] 
2020-09-29T18:18:11.395+0200: 23.676: [GC (Allocation Failure) 2020-09-29T18:18:11.395+0200: 23.676: [ParNew: 590457K->41058K(613440K), 0.0185090 secs] 605000K->55601K(2029056K), 0.0185893 secs] [Times: user=0.25 sys=0.00, real=0.02 secs] 
2020-09-29T18:18:11.463+0200: 23.743: [GC (Allocation Failure) 2020-09-29T18:18:11.463+0200: 23.743: [ParNew: 586402K->53209K(613440K), 0.0249550 secs] 600945K->67752K(2029056K), 0.0250444 secs] [Times: user=0.13 sys=0.00, real=0.02 secs] 
2020-09-29T18:18:11.540+0200: 23.821: [GC (Allocation Failure) 2020-09-29T18:18:11.540+0200: 23.821: [ParNew: 598553K->37924K(613440K), 0.0163422 secs] 613096K->52467K(2029056K), 0.0164055 secs] [Times: user=0.13 sys=0.00, real=0.02 secs] 
2020-09-29T18:18:11.615+0200: 23.896: [GC (Allocation Failure) 2020-09-29T18:18:11.615+0200: 23.896: [ParNew: 583268K->44994K(613440K), 0.0240988 secs] 597811K->59537K(2029056K), 0.0241713 secs] [Times: user=0.11 sys=0.00, real=0.02 secs] 
2020-09-29T18:18:11.690+0200: 23.971: [GC (Allocation Failure) 2020-09-29T18:18:11.690+0200: 23.971: [ParNew: 590338K->46976K(613440K), 0.0216249 secs] 604881K->61519K(2029056K), 0.0216888 secs] [Times: user=0.25 sys=0.00, real=0.02 secs] 
2020-09-29T18:18:11.762+0200: 24.043: [GC (Allocation Failure) 2020-09-29T18:18:11.763+0200: 24.043: [ParNew: 592320K->56550K(613440K), 0.0265313 secs] 606863K->71093K(2029056K), 0.0266100 secs] [Times: user=0.25 sys=0.00, real=0.03 secs] 
2020-09-29T18:18:11.841+0200: 24.122: [GC (Allocation Failure) 2020-09-29T18:18:11.841+0200: 24.122: [ParNew: 601894K->40768K(613440K), 0.0185902 secs] 616437K->55310K(2029056K), 0.0186670 secs] [Times: user=0.13 sys=0.00, real=0.02 secs] 
2020-09-29T18:18:11.912+0200: 24.193: [GC (Allocation Failure) 2020-09-29T18:18:11.912+0200: 24.193: [ParNew: 586112K->31743K(613440K), 0.0190614 secs] 600654K->46286K(2029056K), 0.0191278 secs] [Times: user=0.13 sys=0.00, real=0.02 secs] 
2020-09-29T18:18:11.990+0200: 24.271: [GC (Allocation Failure) 2020-09-29T18:18:11.990+0200: 24.271: [ParNew: 577087K->28715K(613440K), 0.0158259 secs] 591630K->43257K(2029056K), 0.0158891 secs] [Times: user=0.13 sys=0.00, real=0.02 secs] 
2020-09-29T18:18:12.061+0200: 24.342: [GC (Allocation Failure) 2020-09-29T18:18:12.061+0200: 24.342: [ParNew: 574059K->41270K(613440K), 0.0236780 secs] 588601K->55813K(2029056K), 0.0237533 secs] [Times: user=0.25 sys=0.00, real=0.02 secs] 
2020-09-29T18:18:12.134+0200: 24.415: [GC (Allocation Failure) 2020-09-29T18:18:12.134+0200: 24.415: [ParNew: 586614K->63465K(613440K), 0.0278427 secs] 601157K->78007K(2029056K), 0.0279122 secs] [Times: user=0.25 sys=0.00, real=0.03 secs] 
2020-09-29T18:18:12.214+0200: 24.495: [GC (Allocation Failure) 2020-09-29T18:18:12.214+0200: 24.495: [ParNew: 608809K->63916K(613440K), 0.0281774 secs] 623351K->78459K(2029056K), 0.0282446 secs] [Times: user=0.25 sys=0.00, real=0.03 secs] 
2020-09-29T18:18:12.289+0200: 24.570: [GC (Allocation Failure) 2020-09-29T18:18:12.289+0200: 24.570: [ParNew: 609260K->43879K(613440K), 0.0117961 secs] 623803K->58422K(2029056K), 0.0118597 secs] [Times: user=0.00 sys=0.00, real=0.01 secs] 
2020-09-29T18:18:12.360+0200: 24.641: [GC (Allocation Failure) 2020-09-29T18:18:12.360+0200: 24.642: [ParNew: 589223K->47570K(613440K), 0.0244186 secs] 603766K->62113K(2029056K), 0.0244894 secs] [Times: user=0.25 sys=0.00, real=0.02 secs] 
2020-09-29T18:18:12.436+0200: 24.718: [GC (Allocation Failure) 2020-09-29T18:18:12.436+0200: 24.718: [ParNew: 592914K->34351K(613440K), 0.0167042 secs] 607457K->48894K(2029056K), 0.0167695 secs] [Times: user=0.13 sys=0.00, real=0.02 secs] 
2020-09-29T18:18:12.505+0200: 24.787: [GC (Allocation Failure) 2020-09-29T18:18:12.505+0200: 24.787: [ParNew: 579695K->37266K(613440K), 0.0210503 secs] 594238K->51808K(2029056K), 0.0211326 secs] [Times: user=0.13 sys=0.00, real=0.02 secs] 
2020-09-29T18:18:12.581+0200: 24.862: [GC (Allocation Failure) 2020-09-29T18:18:12.581+0200: 24.863: [ParNew: 582610K->39919K(613440K), 0.0212629 secs] 597152K->54462K(2029056K), 0.0213447 secs] [Times: user=0.23 sys=0.00, real=0.02 secs] 
2020-09-29T18:18:12.655+0200: 24.936: [GC (Allocation Failure) 2020-09-29T18:18:12.655+0200: 24.936: [ParNew: 585263K->53932K(613440K), 0.0269687 secs] 599806K->68474K(2029056K), 0.0270852 secs] [Times: user=0.23 sys=0.00, real=0.03 secs] 
2020-09-29T18:18:12.733+0200: 25.015: [GC (Allocation Failure) 2020-09-29T18:18:12.734+0200: 25.015: [ParNew: 599276K->68096K(613440K), 0.0313283 secs] 613818K->82638K(2029056K), 0.0314211 secs] [Times: user=0.25 sys=0.00, real=0.03 secs] 
2020-09-29T18:18:12.815+0200: 25.097: [GC (Allocation Failure) 2020-09-29T18:18:12.815+0200: 25.097: [ParNew: 613440K->47974K(613440K), 0.0170962 secs] 627982K->62517K(2029056K), 0.0171716 secs] [Times: user=0.25 sys=0.00, real=0.02 secs] 
2020-09-29T18:18:12.883+0200: 25.164: [GC (Allocation Failure) 2020-09-29T18:18:12.883+0200: 25.164: [ParNew: 593318K->45978K(613440K), 0.0236261 secs] 607861K->60521K(2029056K), 0.0236937 secs] [Times: user=0.13 sys=0.00, real=0.02 secs] 
2020-09-29T18:18:12.955+0200: 25.237: [GC (Allocation Failure) 2020-09-29T18:18:12.955+0200: 25.237: [ParNew: 591322K->35689K(613440K), 0.0214023 secs] 605865K->50231K(2029056K), 0.0214745 secs] [Times: user=0.24 sys=0.02, real=0.02 secs] 
2020-09-29T18:18:13.024+0200: 25.306: [GC (Allocation Failure) 2020-09-29T18:18:13.024+0200: 25.306: [ParNew: 581033K->38098K(613440K), 0.0189284 secs] 595575K->52641K(2029056K), 0.0189940 secs] [Times: user=0.13 sys=0.00, real=0.02 secs] 
2020-09-29T18:18:13.094+0200: 25.376: [GC (Allocation Failure) 2020-09-29T18:18:13.094+0200: 25.376: [ParNew: 583442K->34478K(613440K), 0.0182824 secs] 597985K->49020K(2029056K), 0.0183623 secs] [Times: user=0.13 sys=0.00, real=0.02 secs] 
2020-09-29T18:18:13.167+0200: 25.449: [GC (Allocation Failure) 2020-09-29T18:18:13.167+0200: 25.449: [ParNew: 579822K->52792K(613440K), 0.0243913 secs] 594364K->67334K(2029056K), 0.0244825 secs] [Times: user=0.16 sys=0.00, real=0.02 secs] 
2020-09-29T18:18:13.243+0200: 25.525: [GC (Allocation Failure) 2020-09-29T18:18:13.243+0200: 25.525: [ParNew: 598136K->38642K(613440K), 0.0163227 secs] 612678K->53184K(2029056K), 0.0163886 secs] [Times: user=0.13 sys=0.00, real=0.02 secs] 
2020-09-29T18:18:13.331+0200: 25.612: [GC (Allocation Failure) 2020-09-29T18:18:13.331+0200: 25.612: [ParNew: 583986K->51775K(613440K), 0.0295997 secs] 598528K->66318K(2029056K), 0.0296745 secs] [Times: user=0.24 sys=0.00, real=0.03 secs] 
2020-09-29T18:18:13.408+0200: 25.690: [GC (Allocation Failure) 2020-09-29T18:18:13.408+0200: 25.690: [ParNew: 597119K->44540K(613440K), 0.0212527 secs] 611662K->59083K(2029056K), 0.0213166 secs] [Times: user=0.25 sys=0.00, real=0.02 secs] 
2020-09-29T18:18:13.483+0200: 25.765: [GC (Allocation Failure) 2020-09-29T18:18:13.483+0200: 25.765: [ParNew: 589884K->39640K(613440K), 0.0194112 secs] 604427K->54183K(2029056K), 0.0194785 secs] [Times: user=0.13 sys=0.00, real=0.02 secs] 
2020-09-29T18:18:13.554+0200: 25.836: [GC (Allocation Failure) 2020-09-29T18:18:13.554+0200: 25.836: [ParNew: 584984K->53148K(613440K), 0.0290439 secs] 599527K->67691K(2029056K), 0.0291146 secs] [Times: user=0.22 sys=0.00, real=0.03 secs] 
2020-09-29T18:18:13.635+0200: 25.916: [GC (Allocation Failure) 2020-09-29T18:18:13.635+0200: 25.916: [ParNew: 598492K->43092K(613440K), 0.0267221 secs] 613035K->57635K(2029056K), 0.0267998 secs] [Times: user=0.22 sys=0.00, real=0.03 secs] 
2020-09-29T18:18:13.712+0200: 25.993: [GC (Allocation Failure) 2020-09-29T18:18:13.712+0200: 25.993: [ParNew: 588436K->36651K(613440K), 0.0158235 secs] 602979K->51194K(2029056K), 0.0158902 secs] [Times: user=0.13 sys=0.00, real=0.02 secs] 
2020-09-29T18:18:13.783+0200: 26.064: [GC (Allocation Failure) 2020-09-29T18:18:13.783+0200: 26.064: [ParNew: 581995K->51727K(613440K), 0.0315825 secs] 596538K->66270K(2029056K), 0.0316538 secs] [Times: user=0.22 sys=0.00, real=0.03 secs] 
2020-09-29T18:18:13.863+0200: 26.144: [GC (Allocation Failure) 2020-09-29T18:18:13.863+0200: 26.144: [ParNew: 597071K->68096K(613440K), 0.0281669 secs] 611614K->82638K(2029056K), 0.0282323 secs] [Times: user=0.25 sys=0.00, real=0.03 secs] 
2020-09-29T18:18:13.941+0200: 26.222: [GC (Allocation Failure) 2020-09-29T18:18:13.941+0200: 26.222: [ParNew: 613440K->46715K(613440K), 0.0211405 secs] 627982K->61258K(2029056K), 0.0212131 secs] [Times: user=0.25 sys=0.00, real=0.02 secs] 
2020-09-29T18:18:14.012+0200: 26.293: [GC (Allocation Failure) 2020-09-29T18:18:14.012+0200: 26.293: [ParNew: 592059K->48154K(613440K), 0.0252561 secs] 606602K->62697K(2029056K), 0.0253289 secs] [Times: user=0.25 sys=0.00, real=0.02 secs] 
2020-09-29T18:18:14.087+0200: 26.368: [GC (Allocation Failure) 2020-09-29T18:18:14.087+0200: 26.368: [ParNew: 593498K->33740K(613440K), 0.0091250 secs] 608041K->48282K(2029056K), 0.0091903 secs] [Times: user=0.00 sys=0.00, real=0.01 secs] 
2020-09-29T18:18:14.153+0200: 26.433: [GC (Allocation Failure) 2020-09-29T18:18:14.153+0200: 26.433: [ParNew: 579084K->24101K(613440K), 0.0168632 secs] 593626K->38643K(2029056K), 0.0169273 secs] [Times: user=0.13 sys=0.00, real=0.02 secs] 
2020-09-29T18:18:14.217+0200: 26.498: [GC (Allocation Failure) 2020-09-29T18:18:14.217+0200: 26.498: [ParNew: 569445K->33408K(613440K), 0.0218029 secs] 583987K->47951K(2029056K), 0.0218670 secs] [Times: user=0.13 sys=0.00, real=0.02 secs] 
2020-09-29T18:18:14.287+0200: 26.568: [GC (Allocation Failure) 2020-09-29T18:18:14.287+0200: 26.568: [ParNew: 578752K->53988K(613440K), 0.0274420 secs] 593295K->68531K(2029056K), 0.0275097 secs] [Times: user=0.11 sys=0.00, real=0.03 secs] 
2020-09-29T18:18:14.365+0200: 26.646: [GC (Allocation Failure) 2020-09-29T18:18:14.365+0200: 26.646: [ParNew: 599332K->45860K(613440K), 0.0185742 secs] 613875K->60402K(2029056K), 0.0186436 secs] [Times: user=0.09 sys=0.00, real=0.02 secs] 
2020-09-29T18:18:14.430+0200: 26.711: [GC (Allocation Failure) 2020-09-29T18:18:14.430+0200: 26.711: [ParNew: 591204K->40068K(613440K), 0.0175754 secs] 605746K->54611K(2029056K), 0.0176422 secs] [Times: user=0.13 sys=0.00, real=0.02 secs] 
2020-09-29T18:18:14.503+0200: 26.784: [GC (Allocation Failure) 2020-09-29T18:18:14.503+0200: 26.784: [ParNew: 585412K->43479K(613440K), 0.0229046 secs] 599955K->58022K(2029056K), 0.0229691 secs] [Times: user=0.25 sys=0.00, real=0.02 secs] 
2020-09-29T18:18:14.579+0200: 26.860: [GC (Allocation Failure) 2020-09-29T18:18:14.579+0200: 26.860: [ParNew: 588823K->55599K(613440K), 0.0327151 secs] 603366K->70142K(2029056K), 0.0327895 secs] [Times: user=0.22 sys=0.00, real=0.03 secs] 
2020-09-29T18:18:14.664+0200: 26.945: [GC (Allocation Failure) 2020-09-29T18:18:14.664+0200: 26.945: [ParNew: 600943K->46270K(613440K), 0.0129929 secs] 615486K->60813K(2029056K), 0.0130587 secs] [Times: user=0.13 sys=0.00, real=0.01 secs] 
2020-09-29T18:18:14.736+0200: 27.017: [GC (Allocation Failure) 2020-09-29T18:18:14.737+0200: 27.017: [ParNew: 591614K->35315K(613440K), 0.0213285 secs] 606157K->49857K(2029056K), 0.0214178 secs] [Times: user=0.25 sys=0.00, real=0.02 secs] 
2020-09-29T18:18:14.807+0200: 27.088: [GC (Allocation Failure) 2020-09-29T18:18:14.807+0200: 27.088: [ParNew: 580659K->50972K(613440K), 0.0275524 secs] 595201K->65515K(2029056K), 0.0276201 secs] [Times: user=0.25 sys=0.00, real=0.03 secs] 
2020-09-29T18:18:14.885+0200: 27.166: [GC (Allocation Failure) 2020-09-29T18:18:14.885+0200: 27.166: [ParNew: 596316K->68096K(613440K), 0.0253439 secs] 610859K->82640K(2029056K), 0.0254097 secs] [Times: user=0.13 sys=0.00, real=0.03 secs] 
2020-09-29T18:18:14.960+0200: 27.241: [GC (Allocation Failure) 2020-09-29T18:18:14.960+0200: 27.241: [ParNew: 613440K->28759K(613440K), 0.0189666 secs] 627984K->43304K(2029056K), 0.0190305 secs] [Times: user=0.13 sys=0.00, real=0.02 secs] 
2020-09-29T18:18:15.034+0200: 27.314: [GC (Allocation Failure) 2020-09-29T18:18:15.034+0200: 27.315: [ParNew: 574103K->53018K(613440K), 0.0234629 secs] 588648K->67562K(2029056K), 0.0235333 secs] [Times: user=0.25 sys=0.00, real=0.02 secs] 
2020-09-29T18:18:15.110+0200: 27.390: [GC (Allocation Failure) 2020-09-29T18:18:15.110+0200: 27.391: [ParNew: 598362K->37840K(613440K), 0.0232751 secs] 612906K->52385K(2029056K), 0.0233617 secs] [Times: user=0.25 sys=0.00, real=0.02 secs] 
2020-09-29T18:18:15.191+0200: 27.472: [GC (Allocation Failure) 2020-09-29T18:18:15.191+0200: 27.472: [ParNew: 583184K->42016K(613440K), 0.0225558 secs] 597729K->56560K(2029056K), 0.0226236 secs] [Times: user=0.25 sys=0.00, real=0.02 secs] 
2020-09-29T18:18:15.266+0200: 27.547: [GC (Allocation Failure) 2020-09-29T18:18:15.266+0200: 27.547: [ParNew: 587360K->63782K(613440K), 0.0286816 secs] 601904K->78327K(2029056K), 0.0287455 secs] [Times: user=0.25 sys=0.00, real=0.03 secs] 
2020-09-29T18:18:15.342+0200: 27.623: [GC (Allocation Failure) 2020-09-29T18:18:15.342+0200: 27.623: [ParNew: 609126K->50089K(613440K), 0.0275247 secs] 623671K->64634K(2029056K), 0.0275903 secs] [Times: user=0.25 sys=0.00, real=0.03 secs] 
2020-09-29T18:18:15.417+0200: 27.697: [GC (Allocation Failure) 2020-09-29T18:18:15.417+0200: 27.698: [ParNew: 595433K->47600K(613440K), 0.0267020 secs] 609978K->62145K(2029056K), 0.0267708 secs] [Times: user=0.25 sys=0.00, real=0.03 secs] 
2020-09-29T18:18:15.494+0200: 27.775: [GC (Allocation Failure) 2020-09-29T18:18:15.494+0200: 27.775: [ParNew: 592944K->51591K(613440K), 0.0244036 secs] 607489K->66135K(2029056K), 0.0244768 secs] [Times: user=0.13 sys=0.00, real=0.02 secs] 
2020-09-29T18:18:15.574+0200: 27.855: [GC (Allocation Failure) 2020-09-29T18:18:15.574+0200: 27.855: [ParNew: 596935K->68096K(613440K), 0.0322229 secs] 611479K->82934K(2029056K), 0.0322948 secs] [Times: user=0.25 sys=0.00, real=0.03 secs] 
2020-09-29T18:18:15.659+0200: 27.940: [GC (Allocation Failure) 2020-09-29T18:18:15.659+0200: 27.940: [ParNew: 613440K->53545K(613440K), 0.0263200 secs] 628278K->68384K(2029056K), 0.0263915 secs] [Times: user=0.24 sys=0.00, real=0.03 secs] 
2020-09-29T18:18:15.738+0200: 28.019: [GC (Allocation Failure) 2020-09-29T18:18:15.738+0200: 28.019: [ParNew: 598889K->43651K(613440K), 0.0251181 secs] 613728K->58490K(2029056K), 0.0251911 secs] [Times: user=0.25 sys=0.00, real=0.03 secs] 
2020-09-29T18:18:15.813+0200: 28.094: [GC (Allocation Failure) 2020-09-29T18:18:15.813+0200: 28.094: [ParNew: 588995K->37136K(613440K), 0.0250805 secs] 603834K->51974K(2029056K), 0.0251461 secs] [Times: user=0.22 sys=0.00, real=0.03 secs] 
2020-09-29T18:18:15.899+0200: 28.180: [GC (Allocation Failure) 2020-09-29T18:18:15.899+0200: 28.180: [ParNew: 582480K->63993K(613440K), 0.0296768 secs] 597318K->78831K(2029056K), 0.0297536 secs] [Times: user=0.25 sys=0.00, real=0.03 secs] 
2020-09-29T18:18:15.984+0200: 28.265: [GC (Allocation Failure) 2020-09-29T18:18:15.984+0200: 28.265: [ParNew: 609337K->49522K(613440K), 0.0291640 secs] 624175K->64360K(2029056K), 0.0292444 secs] [Times: user=0.25 sys=0.00, real=0.03 secs] 
2020-09-29T18:18:16.067+0200: 28.348: [GC (Allocation Failure) 2020-09-29T18:18:16.067+0200: 28.348: [ParNew: 594866K->48142K(613440K), 0.0215988 secs] 609704K->62980K(2029056K), 0.0216873 secs] [Times: user=0.13 sys=0.00, real=0.02 secs] 
2020-09-29T18:18:16.141+0200: 28.422: [GC (Allocation Failure) 2020-09-29T18:18:16.141+0200: 28.422: [ParNew: 593486K->27199K(613440K), 0.0164523 secs] 608324K->42038K(2029056K), 0.0165213 secs] [Times: user=0.13 sys=0.00, real=0.02 secs] 
2020-09-29T18:18:16.217+0200: 28.498: [GC (Allocation Failure) 2020-09-29T18:18:16.217+0200: 28.498: [ParNew: 572543K->23748K(613440K), 0.0164683 secs] 587382K->38586K(2029056K), 0.0165492 secs] [Times: user=0.13 sys=0.00, real=0.02 secs] 
2020-09-29T18:18:16.292+0200: 28.573: [GC (Allocation Failure) 2020-09-29T18:18:16.292+0200: 28.573: [ParNew: 569092K->37606K(613440K), 0.0209881 secs] 583930K->52444K(2029056K), 0.0210633 secs] [Times: user=0.13 sys=0.00, real=0.02 secs] 
2020-09-29T18:18:16.369+0200: 28.650: [GC (Allocation Failure) 2020-09-29T18:18:16.369+0200: 28.650: [ParNew: 582950K->44056K(613440K), 0.0216361 secs] 597788K->58894K(2029056K), 0.0217196 secs] [Times: user=0.13 sys=0.00, real=0.02 secs] 
2020-09-29T18:18:16.450+0200: 28.731: [GC (Allocation Failure) 2020-09-29T18:18:16.450+0200: 28.731: [ParNew: 589400K->36359K(613440K), 0.0185221 secs] 604238K->51198K(2029056K), 0.0186008 secs] [Times: user=0.13 sys=0.00, real=0.02 secs] 
2020-09-29T18:18:16.539+0200: 28.821: [GC (Allocation Failure) 2020-09-29T18:18:16.540+0200: 28.821: [ParNew: 581703K->42461K(613440K), 0.0262497 secs] 596542K->57299K(2029056K), 0.0263485 secs] [Times: user=0.13 sys=0.00, real=0.03 secs] 
2020-09-29T18:18:16.622+0200: 28.903: [GC (Allocation Failure) 2020-09-29T18:18:16.622+0200: 28.903: [ParNew: 587805K->58299K(613440K), 0.0258551 secs] 602643K->73137K(2029056K), 0.0259459 secs] [Times: user=0.23 sys=0.00, real=0.03 secs] 
2020-09-29T18:18:16.706+0200: 28.987: [GC (Allocation Failure) 2020-09-29T18:18:16.706+0200: 28.987: [ParNew: 603643K->24153K(613440K), 0.0183677 secs] 618481K->38991K(2029056K), 0.0184504 secs] [Times: user=0.25 sys=0.00, real=0.02 secs] 
2020-09-29T18:18:16.783+0200: 29.064: [GC (Allocation Failure) 2020-09-29T18:18:16.783+0200: 29.064: [ParNew: 569497K->24779K(613440K), 0.0156131 secs] 584335K->39617K(2029056K), 0.0156772 secs] [Times: user=0.11 sys=0.00, real=0.02 secs] 
2020-09-29T18:18:16.864+0200: 29.146: [GC (Allocation Failure) 2020-09-29T18:18:16.864+0200: 29.146: [ParNew: 570123K->40549K(613440K), 0.0225403 secs] 584961K->55387K(2029056K), 0.0226068 secs] [Times: user=0.13 sys=0.00, real=0.02 secs] 
2020-09-29T18:18:16.942+0200: 29.224: [GC (Allocation Failure) 2020-09-29T18:18:16.942+0200: 29.224: [ParNew: 585893K->54505K(613440K), 0.0279845 secs] 600731K->69343K(2029056K), 0.0280629 secs] [Times: user=0.13 sys=0.00, real=0.03 secs] 
2020-09-29T18:18:17.028+0200: 29.309: [GC (Allocation Failure) 2020-09-29T18:18:17.028+0200: 29.309: [ParNew: 599849K->56268K(613440K), 0.0273559 secs] 614687K->71107K(2029056K), 0.0274434 secs] [Times: user=0.25 sys=0.00, real=0.03 secs] 
2020-09-29T18:18:17.108+0200: 29.390: [GC (Allocation Failure) 2020-09-29T18:18:17.108+0200: 29.390: [ParNew: 601612K->44375K(613440K), 0.0251980 secs] 616451K->59213K(2029056K), 0.0252715 secs] [Times: user=0.25 sys=0.00, real=0.03 secs] 
2020-09-29T18:18:17.189+0200: 29.471: [GC (Allocation Failure) 2020-09-29T18:18:17.190+0200: 29.471: [ParNew: 589719K->43669K(613440K), 0.0246855 secs] 604557K->58508K(2029056K), 0.0247565 secs] [Times: user=0.22 sys=0.00, real=0.03 secs] 
2020-09-29T18:18:17.274+0200: 29.555: [GC (Allocation Failure) 2020-09-29T18:18:17.274+0200: 29.555: [ParNew: 589013K->37809K(613440K), 0.0228533 secs] 603852K->52647K(2029056K), 0.0229207 secs] [Times: user=0.13 sys=0.00, real=0.02 secs] 
2020-09-29T18:18:17.357+0200: 29.638: [GC (Allocation Failure) 2020-09-29T18:18:17.357+0200: 29.638: [ParNew: 583153K->33540K(613440K), 0.0242729 secs] 597991K->48378K(2029056K), 0.0243521 secs] [Times: user=0.25 sys=0.00, real=0.02 secs] 
2020-09-29T18:18:17.436+0200: 29.717: [GC (Allocation Failure) 2020-09-29T18:18:17.436+0200: 29.717: [ParNew: 578884K->36009K(613440K), 0.0204032 secs] 593722K->50847K(2029056K), 0.0204670 secs] [Times: user=0.13 sys=0.00, real=0.02 secs] 
2020-09-29T18:18:17.522+0200: 29.804: [GC (Allocation Failure) 2020-09-29T18:18:17.522+0200: 29.804: [ParNew: 581353K->35560K(613440K), 0.0191262 secs] 596191K->50398K(2029056K), 0.0191938 secs] [Times: user=0.13 sys=0.00, real=0.02 secs] 
2020-09-29T18:18:17.598+0200: 29.879: [GC (Allocation Failure) 2020-09-29T18:18:17.598+0200: 29.879: [ParNew: 580904K->50731K(613440K), 0.0272574 secs] 595742K->65570K(2029056K), 0.0273518 secs] [Times: user=0.13 sys=0.00, real=0.03 secs] 
2020-09-29T18:18:17.683+0200: 29.964: [GC (Allocation Failure) 2020-09-29T18:18:17.683+0200: 29.964: [ParNew: 596075K->50148K(613440K), 0.0307486 secs] 610914K->64986K(2029056K), 0.0308247 secs] [Times: user=0.22 sys=0.00, real=0.03 secs] 
2020-09-29T18:18:17.768+0200: 30.049: [GC (Allocation Failure) 2020-09-29T18:18:17.768+0200: 30.050: [ParNew: 595492K->45135K(613440K), 0.0260445 secs] 610330K->59974K(2029056K), 0.0261370 secs] [Times: user=0.22 sys=0.00, real=0.03 secs] 
2020-09-29T18:18:17.849+0200: 30.131: [GC (Allocation Failure) 2020-09-29T18:18:17.850+0200: 30.131: [ParNew: 590479K->65887K(613440K), 0.0334325 secs] 605318K->80725K(2029056K), 0.0335133 secs] [Times: user=0.22 sys=0.00, real=0.03 secs] 
2020-09-29T18:18:17.941+0200: 30.222: [GC (Allocation Failure) 2020-09-29T18:18:17.941+0200: 30.223: [ParNew: 611231K->46863K(613440K), 0.0299025 secs] 626069K->61701K(2029056K), 0.0300022 secs] [Times: user=0.20 sys=0.03, real=0.03 secs] 
2020-09-29T18:18:18.032+0200: 30.313: [GC (Allocation Failure) 2020-09-29T18:18:18.032+0200: 30.313: [ParNew: 592207K->40400K(613440K), 0.0205523 secs] 607045K->55238K(2029056K), 0.0206281 secs] [Times: user=0.25 sys=0.00, real=0.02 secs] 
2020-09-29T18:18:18.110+0200: 30.391: [GC (Allocation Failure) 2020-09-29T18:18:18.110+0200: 30.391: [ParNew: 585744K->33928K(613440K), 0.0180123 secs] 600582K->48767K(2029056K), 0.0180880 secs] [Times: user=0.11 sys=0.00, real=0.02 secs] 
2020-09-29T18:18:18.190+0200: 30.472: [GC (Allocation Failure) 2020-09-29T18:18:18.190+0200: 30.472: [ParNew: 579272K->46959K(613440K), 0.0242831 secs] 594111K->61797K(2029056K), 0.0243491 secs] [Times: user=0.25 sys=0.00, real=0.02 secs] 
2020-09-29T18:18:18.267+0200: 30.548: [GC (Allocation Failure) 2020-09-29T18:18:18.267+0200: 30.548: [ParNew: 592303K->29187K(613440K), 0.0160651 secs] 607141K->44025K(2029056K), 0.0161289 secs] [Times: user=0.11 sys=0.00, real=0.02 secs] 
2020-09-29T18:18:18.349+0200: 30.630: [GC (Allocation Failure) 2020-09-29T18:18:18.349+0200: 30.631: [ParNew: 574531K->32293K(613440K), 0.0213701 secs] 589369K->47131K(2029056K), 0.0214393 secs] [Times: user=0.13 sys=0.00, real=0.02 secs] 
2020-09-29T18:18:18.427+0200: 30.708: [GC (Allocation Failure) 2020-09-29T18:18:18.427+0200: 30.708: [ParNew: 577637K->34855K(613440K), 0.0204378 secs] 592475K->49694K(2029056K), 0.0205120 secs] [Times: user=0.13 sys=0.00, real=0.02 secs] 
2020-09-29T18:18:18.511+0200: 30.792: [GC (Allocation Failure) 2020-09-29T18:18:18.511+0200: 30.792: [ParNew: 580199K->55361K(613440K), 0.0293860 secs] 595038K->70199K(2029056K), 0.0294459 secs] [Times: user=0.22 sys=0.00, real=0.03 secs] 
2020-09-29T18:18:18.598+0200: 30.880: [GC (Allocation Failure) 2020-09-29T18:18:18.598+0200: 30.880: [ParNew: 600705K->41523K(613440K), 0.0189551 secs] 615543K->56361K(2029056K), 0.0263194 secs] [Times: user=0.11 sys=0.00, real=0.03 secs] 
2020-09-29T18:18:18.688+0200: 30.970: [GC (Allocation Failure) 2020-09-29T18:18:18.688+0200: 30.970: [ParNew: 586867K->41018K(613440K), 0.0262218 secs] 601705K->55856K(2029056K), 0.0263133 secs] [Times: user=0.24 sys=0.00, real=0.03 secs] 
2020-09-29T18:18:18.771+0200: 31.052: [GC (Allocation Failure) 2020-09-29T18:18:18.771+0200: 31.052: [ParNew: 586362K->51042K(613440K), 0.0258451 secs] 601200K->65880K(2029056K), 0.0259191 secs] [Times: user=0.13 sys=0.00, real=0.03 secs] 
2020-09-29T18:18:18.857+0200: 31.139: [GC (Allocation Failure) 2020-09-29T18:18:18.857+0200: 31.139: [ParNew: 596386K->36884K(613440K), 0.0230059 secs] 611224K->51722K(2029056K), 0.0230769 secs] [Times: user=0.25 sys=0.00, real=0.02 secs] 
2020-09-29T18:18:18.939+0200: 31.220: [GC (Allocation Failure) 2020-09-29T18:18:18.939+0200: 31.220: [ParNew: 582228K->56559K(613440K), 0.0284373 secs] 597066K->71397K(2029056K), 0.0285212 secs] [Times: user=0.25 sys=0.00, real=0.03 secs] 
2020-09-29T18:18:19.023+0200: 31.304: [GC (Allocation Failure) 2020-09-29T18:18:19.023+0200: 31.304: [ParNew: 601903K->44313K(613440K), 0.0209704 secs] 616741K->59151K(2029056K), 0.0210349 secs] [Times: user=0.11 sys=0.00, real=0.02 secs] 
2020-09-29T18:18:19.107+0200: 31.387: [GC (Allocation Failure) 2020-09-29T18:18:19.107+0200: 31.388: [ParNew: 589657K->24836K(613440K), 0.0171983 secs] 604495K->39674K(2029056K), 0.0172870 secs] [Times: user=0.13 sys=0.00, real=0.02 secs] 
2020-09-29T18:18:19.191+0200: 31.472: [GC (Allocation Failure) 2020-09-29T18:18:19.191+0200: 31.472: [ParNew: 570180K->45306K(613440K), 0.0248337 secs] 585018K->60144K(2029056K), 0.0248984 secs] [Times: user=0.25 sys=0.00, real=0.03 secs] 
2020-09-29T18:18:19.271+0200: 31.552: [GC (Allocation Failure) 2020-09-29T18:18:19.271+0200: 31.552: [ParNew: 590650K->61455K(613440K), 0.0298078 secs] 605488K->76293K(2029056K), 0.0298983 secs] [Times: user=0.13 sys=0.00, real=0.03 secs] 
2020-09-29T18:18:19.357+0200: 31.638: [GC (Allocation Failure) 2020-09-29T18:18:19.357+0200: 31.638: [ParNew: 606799K->47090K(613440K), 0.0220598 secs] 621637K->61928K(2029056K), 0.0221450 secs] [Times: user=0.13 sys=0.00, real=0.02 secs] 
2020-09-29T18:18:19.435+0200: 31.716: [GC (Allocation Failure) 2020-09-29T18:18:19.435+0200: 31.716: [ParNew: 592434K->42797K(613440K), 0.0215350 secs] 607272K->57635K(2029056K), 0.0215998 secs] [Times: user=0.13 sys=0.00, real=0.02 secs] 
2020-09-29T18:18:19.513+0200: 31.794: [GC (Allocation Failure) 2020-09-29T18:18:19.513+0200: 31.794: [ParNew: 588141K->56498K(613440K), 0.0283903 secs] 602979K->71336K(2029056K), 0.0284558 secs] [Times: user=0.22 sys=0.00, real=0.03 secs] 
2020-09-29T18:18:19.597+0200: 31.878: [GC (Allocation Failure) 2020-09-29T18:18:19.597+0200: 31.878: [ParNew: 601842K->55117K(613440K), 0.0274803 secs] 616680K->69956K(2029056K), 0.0275464 secs] [Times: user=0.20 sys=0.00, real=0.03 secs] 
2020-09-29T18:18:19.684+0200: 31.965: [GC (Allocation Failure) 2020-09-29T18:18:19.684+0200: 31.965: [ParNew: 600461K->35017K(613440K), 0.0161669 secs] 615300K->49855K(2029056K), 0.0162380 secs] [Times: user=0.13 sys=0.00, real=0.02 secs] 
2020-09-29T18:18:19.767+0200: 32.048: [GC (Allocation Failure) 2020-09-29T18:18:19.767+0200: 32.048: [ParNew: 580361K->38273K(613440K), 0.0234782 secs] 595199K->53111K(2029056K), 0.0235542 secs] [Times: user=0.22 sys=0.00, real=0.02 secs] 
2020-09-29T18:18:19.850+0200: 32.132: [GC (Allocation Failure) 2020-09-29T18:18:19.850+0200: 32.132: [ParNew: 583617K->48302K(613440K), 0.0236386 secs] 598455K->63141K(2029056K), 0.0237154 secs] [Times: user=0.13 sys=0.00, real=0.02 secs] 
2020-09-29T18:18:19.927+0200: 32.209: [GC (Allocation Failure) 2020-09-29T18:18:19.927+0200: 32.209: [ParNew: 593646K->52887K(613440K), 0.0311630 secs] 608485K->67725K(2029056K), 0.0312276 secs] [Times: user=0.22 sys=0.00, real=0.03 secs] 
2020-09-29T18:18:20.014+0200: 32.295: [GC (Allocation Failure) 2020-09-29T18:18:20.014+0200: 32.295: [ParNew: 598231K->56824K(613440K), 0.0294612 secs] 613069K->71662K(2029056K), 0.0295404 secs] [Times: user=0.22 sys=0.00, real=0.03 secs] 
2020-09-29T18:18:20.103+0200: 32.384: [GC (Allocation Failure) 2020-09-29T18:18:20.103+0200: 32.384: [ParNew: 602168K->42618K(613440K), 0.0179385 secs] 617006K->57456K(2029056K), 0.0180043 secs] [Times: user=0.13 sys=0.00, real=0.02 secs] 
2020-09-29T18:18:20.175+0200: 32.456: [GC (Allocation Failure) 2020-09-29T18:18:20.175+0200: 32.456: [ParNew: 587962K->60074K(613440K), 0.0330984 secs] 602800K->74912K(2029056K), 0.0331631 secs] [Times: user=0.38 sys=0.00, real=0.03 secs] 
2020-09-29T18:18:20.259+0200: 32.541: [GC (Allocation Failure) 2020-09-29T18:18:20.259+0200: 32.541: [ParNew: 605418K->44927K(613440K), 0.0148383 secs] 620256K->59765K(2029056K), 0.0149178 secs] [Times: user=0.13 sys=0.00, real=0.01 secs] 
2020-09-29T18:18:20.337+0200: 32.619: [GC (Allocation Failure) 2020-09-29T18:18:20.338+0200: 32.619: [ParNew: 590271K->55791K(613440K), 0.0322525 secs] 605109K->70629K(2029056K), 0.0323251 secs] [Times: user=0.25 sys=0.00, real=0.03 secs] 
2020-09-29T18:18:20.423+0200: 32.704: [GC (Allocation Failure) 2020-09-29T18:18:20.423+0200: 32.704: [ParNew: 601135K->61822K(613440K), 0.0344517 secs] 615973K->76661K(2029056K), 0.0345122 secs] [Times: user=0.20 sys=0.00, real=0.03 secs] 
2020-09-29T18:18:20.515+0200: 32.796: [GC (Allocation Failure) 2020-09-29T18:18:20.515+0200: 32.796: [ParNew: 607166K->45805K(613440K), 0.0226206 secs] 622005K->60643K(2029056K), 0.0226979 secs] [Times: user=0.25 sys=0.00, real=0.02 secs] 
2020-09-29T18:18:20.595+0200: 32.876: [GC (Allocation Failure) 2020-09-29T18:18:20.595+0200: 32.876: [ParNew: 591149K->63315K(613440K), 0.0288343 secs] 605987K->78153K(2029056K), 0.0289132 secs] [Times: user=0.25 sys=0.00, real=0.03 secs] 
2020-09-29T18:18:20.679+0200: 32.960: [GC (Allocation Failure) 2020-09-29T18:18:20.679+0200: 32.960: [ParNew: 608659K->40869K(613440K), 0.0173787 secs] 623497K->55707K(2029056K), 0.0174394 secs] [Times: user=0.11 sys=0.00, real=0.02 secs] 
2020-09-29T18:18:20.752+0200: 33.033: [GC (Allocation Failure) 2020-09-29T18:18:20.752+0200: 33.033: [ParNew: 586213K->33954K(613440K), 0.0148902 secs] 601051K->48793K(2029056K), 0.0149462 secs] [Times: user=0.11 sys=0.00, real=0.01 secs] 
2020-09-29T18:18:20.826+0200: 33.107: [GC (Allocation Failure) 2020-09-29T18:18:20.826+0200: 33.107: [ParNew: 579298K->52828K(613440K), 0.0182584 secs] 594137K->67667K(2029056K), 0.0183209 secs] [Times: user=0.13 sys=0.00, real=0.02 secs] 
2020-09-29T18:18:20.900+0200: 33.181: [GC (Allocation Failure) 2020-09-29T18:18:20.900+0200: 33.181: [ParNew: 598172K->37625K(613440K), 0.0184666 secs] 613011K->52463K(2029056K), 0.0185275 secs] [Times: user=0.13 sys=0.00, real=0.02 secs] 
2020-09-29T18:18:20.969+0200: 33.250: [GC (Allocation Failure) 2020-09-29T18:18:20.969+0200: 33.250: [ParNew: 582969K->46225K(613440K), 0.0173512 secs] 597807K->61063K(2029056K), 0.0174442 secs] [Times: user=0.13 sys=0.00, real=0.02 secs] 
2020-09-29T18:18:21.037+0200: 33.318: [GC (Allocation Failure) 2020-09-29T18:18:21.037+0200: 33.318: [ParNew: 591569K->37662K(613440K), 0.0182698 secs] 606407K->52500K(2029056K), 0.0183277 secs] [Times: user=0.11 sys=0.00, real=0.02 secs] 
2020-09-29T18:18:21.110+0200: 33.391: [GC (Allocation Failure) 2020-09-29T18:18:21.110+0200: 33.391: [ParNew: 583006K->35267K(613440K), 0.0165985 secs] 597844K->50106K(2029056K), 0.0166595 secs] [Times: user=0.11 sys=0.00, real=0.02 secs] 
2020-09-29T18:18:21.189+0200: 33.470: [GC (Allocation Failure) 2020-09-29T18:18:21.189+0200: 33.470: [ParNew: 580611K->32578K(613440K), 0.0159256 secs] 595450K->47417K(2029056K), 0.0159758 secs] [Times: user=0.11 sys=0.00, real=0.02 secs] 
2020-09-29T18:18:21.258+0200: 33.539: [GC (Allocation Failure) 2020-09-29T18:18:21.258+0200: 33.539: [ParNew: 577922K->33824K(613440K), 0.0142297 secs] 592761K->48662K(2029056K), 0.0142827 secs] [Times: user=0.13 sys=0.00, real=0.01 secs] 
2020-09-29T18:18:21.333+0200: 33.614: [GC (Allocation Failure) 2020-09-29T18:18:21.333+0200: 33.614: [ParNew: 579168K->49682K(613440K), 0.0224016 secs] 594006K->64520K(2029056K), 0.0224826 secs] [Times: user=0.13 sys=0.00, real=0.02 secs] 
2020-09-29T18:18:21.413+0200: 33.694: [GC (Allocation Failure) 2020-09-29T18:18:21.413+0200: 33.694: [ParNew: 595026K->35586K(613440K), 0.0168475 secs] 609864K->50424K(2029056K), 0.0169318 secs] [Times: user=0.11 sys=0.00, real=0.02 secs] 
2020-09-29T18:18:21.488+0200: 33.769: [GC (Allocation Failure) 2020-09-29T18:18:21.488+0200: 33.769: [ParNew: 580930K->42804K(613440K), 0.0196601 secs] 595768K->57642K(2029056K), 0.0197212 secs] [Times: user=0.22 sys=0.00, real=0.02 secs] 
2020-09-29T18:18:21.562+0200: 33.843: [GC (Allocation Failure) 2020-09-29T18:18:21.562+0200: 33.843: [ParNew: 588148K->56100K(613440K), 0.0224352 secs] 602986K->70938K(2029056K), 0.0225231 secs] [Times: user=0.25 sys=0.00, real=0.02 secs] 
2020-09-29T18:18:21.638+0200: 33.919: [GC (Allocation Failure) 2020-09-29T18:18:21.638+0200: 33.919: [ParNew: 601444K->51864K(613440K), 0.0210453 secs] 616282K->66703K(2029056K), 0.0211028 secs] [Times: user=0.13 sys=0.00, real=0.02 secs] 
2020-09-29T18:18:21.710+0200: 33.992: [GC (Allocation Failure) 2020-09-29T18:18:21.710+0200: 33.992: [ParNew: 597208K->43368K(613440K), 0.0140875 secs] 612047K->58207K(2029056K), 0.0141500 secs] [Times: user=0.13 sys=0.00, real=0.01 secs] 
2020-09-29T18:18:21.780+0200: 34.062: [GC (Allocation Failure) 2020-09-29T18:18:21.780+0200: 34.062: [ParNew: 588712K->54990K(613440K), 0.0261578 secs] 603551K->69828K(2029056K), 0.0262111 secs] [Times: user=0.22 sys=0.00, real=0.03 secs] 
2020-09-29T18:18:21.857+0200: 34.138: [GC (Allocation Failure) 2020-09-29T18:18:21.857+0200: 34.138: [ParNew: 600334K->68096K(613440K), 0.0255602 secs] 615172K->83771K(2029056K), 0.0256184 secs] [Times: user=0.23 sys=0.00, real=0.02 secs] 
2020-09-29T18:18:21.934+0200: 34.215: [GC (Allocation Failure) 2020-09-29T18:18:21.934+0200: 34.215: [ParNew: 613440K->68096K(613440K), 0.0234164 secs] 629115K->83771K(2029056K), 0.0234811 secs] [Times: user=0.11 sys=0.00, real=0.02 secs] 
2020-09-29T18:18:22.008+0200: 34.289: [GC (Allocation Failure) 2020-09-29T18:18:22.008+0200: 34.289: [ParNew: 613440K->49053K(613440K), 0.0194438 secs] 629115K->64728K(2029056K), 0.0194951 secs] [Times: user=0.09 sys=0.00, real=0.02 secs] 
2020-09-29T18:18:22.082+0200: 34.364: [GC (Allocation Failure) 2020-09-29T18:18:22.082+0200: 34.364: [ParNew: 594397K->67451K(613440K), 0.0222591 secs] 610072K->83126K(2029056K), 0.0223233 secs] [Times: user=0.13 sys=0.01, real=0.02 secs] 
2020-09-29T18:18:22.152+0200: 34.433: [GC (Allocation Failure) 2020-09-29T18:18:22.152+0200: 34.433: [ParNew: 612795K->50936K(613440K), 0.0152106 secs] 628470K->66612K(2029056K), 0.0152652 secs] [Times: user=0.13 sys=0.00, real=0.02 secs] 
2020-09-29T18:18:22.215+0200: 34.497: [GC (Allocation Failure) 2020-09-29T18:18:22.215+0200: 34.497: [ParNew: 596280K->65149K(613440K), 0.0249007 secs] 611956K->80824K(2029056K), 0.0249558 secs] [Times: user=0.25 sys=0.00, real=0.03 secs] 
2020-09-29T18:18:22.291+0200: 34.572: [GC (Allocation Failure) 2020-09-29T18:18:22.291+0200: 34.572: [ParNew: 610493K->68096K(613440K), 0.0253899 secs] 626168K->85106K(2029056K), 0.0254425 secs] [Times: user=0.13 sys=0.00, real=0.03 secs] 
2020-09-29T18:18:22.365+0200: 34.646: [GC (Allocation Failure) 2020-09-29T18:18:22.365+0200: 34.646: [ParNew: 613440K->65605K(613440K), 0.0246002 secs] 630450K->82616K(2029056K), 0.0246769 secs] [Times: user=0.13 sys=0.00, real=0.03 secs] 
2020-09-29T18:18:22.436+0200: 34.718: [GC (Allocation Failure) 2020-09-29T18:18:22.436+0200: 34.718: [ParNew: 610949K->49785K(613440K), 0.0180091 secs] 627960K->66796K(2029056K), 0.0180676 secs] [Times: user=0.13 sys=0.00, real=0.02 secs] 
2020-09-29T18:18:22.503+0200: 34.784: [GC (Allocation Failure) 2020-09-29T18:18:22.503+0200: 34.784: [ParNew: 595129K->49911K(613440K), 0.0177316 secs] 612140K->66922K(2029056K), 0.0177866 secs] [Times: user=0.25 sys=0.00, real=0.02 secs] 
2020-09-29T18:18:22.569+0200: 34.851: [GC (Allocation Failure) 2020-09-29T18:18:22.569+0200: 34.851: [ParNew: 595255K->43717K(613440K), 0.0181581 secs] 612266K->60728K(2029056K), 0.0182224 secs] [Times: user=0.13 sys=0.00, real=0.02 secs] 
2020-09-29T18:18:22.642+0200: 34.923: [GC (Allocation Failure) 2020-09-29T18:18:22.642+0200: 34.923: [ParNew: 589061K->39836K(613440K), 0.0178159 secs] 606072K->56847K(2029056K), 0.0178834 secs] [Times: user=0.11 sys=0.00, real=0.02 secs] 
2020-09-29T18:18:22.712+0200: 34.993: [GC (Allocation Failure) 2020-09-29T18:18:22.712+0200: 34.993: [ParNew: 585180K->36929K(613440K), 0.0164031 secs] 602191K->53939K(2029056K), 0.0164612 secs] [Times: user=0.13 sys=0.00, real=0.02 secs] 
2020-09-29T18:18:22.777+0200: 35.059: [GC (Allocation Failure) 2020-09-29T18:18:22.777+0200: 35.059: [ParNew: 582273K->64506K(613440K), 0.0210716 secs] 599283K->81517K(2029056K), 0.0211318 secs] [Times: user=0.13 sys=0.00, real=0.02 secs] 
2020-09-29T18:18:22.845+0200: 35.127: [GC (Allocation Failure) 2020-09-29T18:18:22.845+0200: 35.127: [ParNew: 609850K->62411K(613440K), 0.0198529 secs] 626861K->79422K(2029056K), 0.0199155 secs] [Times: user=0.25 sys=0.00, real=0.02 secs] 
2020-09-29T18:18:22.913+0200: 35.195: [GC (Allocation Failure) 2020-09-29T18:18:22.913+0200: 35.195: [ParNew: 607755K->47555K(613440K), 0.0193336 secs] 624766K->64566K(2029056K), 0.0193943 secs] [Times: user=0.13 sys=0.00, real=0.02 secs] 
2020-09-29T18:18:22.981+0200: 35.263: [GC (Allocation Failure) 2020-09-29T18:18:22.981+0200: 35.263: [ParNew: 592899K->43227K(613440K), 0.0131397 secs] 609910K->60238K(2029056K), 0.0132061 secs] [Times: user=0.13 sys=0.00, real=0.01 secs] 
2020-09-29T18:18:23.043+0200: 35.325: [GC (Allocation Failure) 2020-09-29T18:18:23.043+0200: 35.325: [ParNew: 588571K->48746K(613440K), 0.0182465 secs] 605582K->65757K(2029056K), 0.0183047 secs] [Times: user=0.13 sys=0.00, real=0.02 secs] 
2020-09-29T18:18:23.110+0200: 35.391: [GC (Allocation Failure) 2020-09-29T18:18:23.110+0200: 35.391: [ParNew: 594090K->55014K(613440K), 0.0181241 secs] 611101K->72025K(2029056K), 0.0181901 secs] [Times: user=0.13 sys=0.00, real=0.02 secs] 
2020-09-29T18:18:23.175+0200: 35.456: [GC (Allocation Failure) 2020-09-29T18:18:23.175+0200: 35.456: [ParNew: 600358K->41631K(613440K), 0.0163867 secs] 617369K->58641K(2029056K), 0.0164493 secs] [Times: user=0.13 sys=0.00, real=0.02 secs] 
2020-09-29T18:18:23.241+0200: 35.522: [GC (Allocation Failure) 2020-09-29T18:18:23.241+0200: 35.522: [ParNew: 586975K->31002K(613440K), 0.0100109 secs] 603985K->48013K(2029056K), 0.0100845 secs] [Times: user=0.00 sys=0.00, real=0.01 secs] 
2020-09-29T18:18:23.301+0200: 35.582: [GC (Allocation Failure) 2020-09-29T18:18:23.301+0200: 35.582: [ParNew: 576346K->44153K(613440K), 0.0199664 secs] 593357K->61164K(2029056K), 0.0200538 secs] [Times: user=0.13 sys=0.00, real=0.02 secs] 
2020-09-29T18:18:23.370+0200: 35.651: [GC (Allocation Failure) 2020-09-29T18:18:23.370+0200: 35.651: [ParNew: 589497K->64146K(613440K), 0.0246614 secs] 606508K->81157K(2029056K), 0.0247333 secs] [Times: user=0.13 sys=0.00, real=0.02 secs] 
2020-09-29T18:18:23.441+0200: 35.723: [GC (Allocation Failure) 2020-09-29T18:18:23.441+0200: 35.723: [ParNew: 609490K->42143K(613440K), 0.0138410 secs] 626501K->59154K(2029056K), 0.0138972 secs] [Times: user=0.13 sys=0.00, real=0.01 secs] 
2020-09-29T18:18:23.503+0200: 35.784: [GC (Allocation Failure) 2020-09-29T18:18:23.503+0200: 35.784: [ParNew: 587487K->47707K(613440K), 0.0180531 secs] 604498K->64717K(2029056K), 0.0181327 secs] [Times: user=0.25 sys=0.00, real=0.02 secs] 
2020-09-29T18:18:23.571+0200: 35.853: [GC (Allocation Failure) 2020-09-29T18:18:23.571+0200: 35.853: [ParNew: 593051K->56628K(613440K), 0.0186069 secs] 610061K->73638K(2029056K), 0.0186876 secs] [Times: user=0.11 sys=0.00, real=0.02 secs] 
2020-09-29T18:18:23.643+0200: 35.925: [GC (Allocation Failure) 2020-09-29T18:18:23.644+0200: 35.925: [ParNew: 601972K->23333K(613440K), 0.0092725 secs] 618982K->40344K(2029056K), 0.0093312 secs] [Times: user=0.11 sys=0.02, real=0.01 secs] 
2020-09-29T18:18:23.700+0200: 35.981: [GC (Allocation Failure) 2020-09-29T18:18:23.700+0200: 35.981: [ParNew: 568677K->42353K(613440K), 0.0198637 secs] 585688K->59364K(2029056K), 0.0199290 secs] [Times: user=0.13 sys=0.00, real=0.02 secs] 
2020-09-29T18:18:23.773+0200: 36.055: [GC (Allocation Failure) 2020-09-29T18:18:23.773+0200: 36.055: [ParNew: 587697K->55170K(613440K), 0.0188579 secs] 604708K->72181K(2029056K), 0.0189174 secs] [Times: user=0.13 sys=0.00, real=0.02 secs] 
2020-09-29T18:18:23.842+0200: 36.123: [GC (Allocation Failure) 2020-09-29T18:18:23.842+0200: 36.123: [ParNew: 600514K->41379K(613440K), 0.0178961 secs] 617525K->58390K(2029056K), 0.0179502 secs] [Times: user=0.13 sys=0.00, real=0.02 secs] 
2020-09-29T18:18:23.909+0200: 36.191: [GC (Allocation Failure) 2020-09-29T18:18:23.909+0200: 36.191: [ParNew: 586723K->37213K(613440K), 0.0105306 secs] 603734K->54224K(2029056K), 0.0105889 secs] [Times: user=0.13 sys=0.00, real=0.01 secs] 
2020-09-29T18:18:23.968+0200: 36.249: [GC (Allocation Failure) 2020-09-29T18:18:23.968+0200: 36.249: [ParNew: 582557K->19136K(613440K), 0.0114246 secs] 599568K->36147K(2029056K), 0.0114868 secs] [Times: user=0.13 sys=0.00, real=0.01 secs] 
2020-09-29T18:18:24.032+0200: 36.314: [GC (Allocation Failure) 2020-09-29T18:18:24.032+0200: 36.314: [ParNew: 563337K->31070K(613440K), 0.0144503 secs] 580348K->48081K(2029056K), 0.0145152 secs] [Times: user=0.13 sys=0.00, real=0.01 secs] 
2020-09-29T18:18:24.094+0200: 36.375: [GC (Allocation Failure) 2020-09-29T18:18:24.094+0200: 36.375: [ParNew: 576414K->27601K(613440K), 0.0127218 secs] 593425K->44612K(2029056K), 0.0127787 secs] [Times: user=0.13 sys=0.00, real=0.01 secs] 
2020-09-29T18:18:24.154+0200: 36.436: [GC (Allocation Failure) 2020-09-29T18:18:24.154+0200: 36.436: [ParNew: 572945K->44299K(613440K), 0.0154682 secs] 589956K->61310K(2029056K), 0.0155251 secs] [Times: user=0.13 sys=0.00, real=0.02 secs] 
2020-09-29T18:18:24.219+0200: 36.500: [GC (Allocation Failure) 2020-09-29T18:18:24.219+0200: 36.501: [ParNew: 589643K->57967K(613440K), 0.0205182 secs] 606654K->74977K(2029056K), 0.0205812 secs] [Times: user=0.25 sys=0.00, real=0.02 secs] 
2020-09-29T18:18:24.291+0200: 36.573: [GC (Allocation Failure) 2020-09-29T18:18:24.291+0200: 36.573: [ParNew: 603311K->44606K(613440K), 0.0145324 secs] 620321K->61617K(2029056K), 0.0145890 secs] [Times: user=0.13 sys=0.00, real=0.02 secs] 
2020-09-29T18:18:24.361+0200: 36.642: [GC (Allocation Failure) 2020-09-29T18:18:24.361+0200: 36.642: [ParNew: 589950K->43531K(613440K), 0.0196017 secs] 606961K->60542K(2029056K), 0.0196727 secs] [Times: user=0.25 sys=0.00, real=0.02 secs] 
2020-09-29T18:18:24.427+0200: 36.708: [GC (Allocation Failure) 2020-09-29T18:18:24.427+0200: 36.708: [ParNew: 588875K->64706K(613440K), 0.0190962 secs] 605886K->81717K(2029056K), 0.0191557 secs] [Times: user=0.13 sys=0.00, real=0.02 secs] 
2020-09-29T18:18:24.492+0200: 36.774: [GC (Allocation Failure) 2020-09-29T18:18:24.492+0200: 36.774: [ParNew: 610050K->47157K(613440K), 0.0180374 secs] 627061K->64168K(2029056K), 0.0181039 secs] [Times: user=0.13 sys=0.00, real=0.02 secs] 
2020-09-29T18:18:24.557+0200: 36.838: [GC (Allocation Failure) 2020-09-29T18:18:24.557+0200: 36.838: [ParNew: 592501K->40039K(613440K), 0.0174934 secs] 609512K->57050K(2029056K), 0.0175760 secs] [Times: user=0.13 sys=0.00, real=0.02 secs] 
2020-09-29T18:18:24.623+0200: 36.905: [GC (Allocation Failure) 2020-09-29T18:18:24.623+0200: 36.905: [ParNew: 585383K->38821K(613440K), 0.0165316 secs] 602394K->55832K(2029056K), 0.0165963 secs] [Times: user=0.13 sys=0.00, real=0.02 secs] 
2020-09-29T18:18:24.690+0200: 36.971: [GC (Allocation Failure) 2020-09-29T18:18:24.690+0200: 36.971: [ParNew: 584165K->61202K(613440K), 0.0206496 secs] 601176K->78213K(2029056K), 0.0207165 secs] [Times: user=0.25 sys=0.00, real=0.02 secs] 
2020-09-29T18:18:24.760+0200: 37.042: [GC (Allocation Failure) 2020-09-29T18:18:24.760+0200: 37.042: [ParNew: 606546K->47931K(613440K), 0.0203085 secs] 623557K->64942K(2029056K), 0.0203858 secs] [Times: user=0.13 sys=0.00, real=0.02 secs] 
2020-09-29T18:18:24.830+0200: 37.111: [GC (Allocation Failure) 2020-09-29T18:18:24.830+0200: 37.111: [ParNew: 593275K->47852K(613440K), 0.0194079 secs] 610286K->64863K(2029056K), 0.0194643 secs] [Times: user=0.25 sys=0.00, real=0.02 secs] 
2020-09-29T18:18:24.896+0200: 37.178: [GC (Allocation Failure) 2020-09-29T18:18:24.897+0200: 37.178: [ParNew: 593196K->68096K(613440K), 0.0246800 secs] 610207K->86631K(2029056K), 0.0247451 secs] [Times: user=0.13 sys=0.00, real=0.03 secs] 
2020-09-29T18:18:24.968+0200: 37.249: [GC (Allocation Failure) 2020-09-29T18:18:24.968+0200: 37.249: [ParNew: 613440K->45346K(613440K), 0.0132411 secs] 631975K->63882K(2029056K), 0.0132957 secs] [Times: user=0.11 sys=0.00, real=0.01 secs] 
2020-09-29T18:18:25.033+0200: 37.315: [GC (Allocation Failure) 2020-09-29T18:18:25.033+0200: 37.315: [ParNew: 590690K->43040K(613440K), 0.0174778 secs] 609226K->61575K(2029056K), 0.0175456 secs] [Times: user=0.13 sys=0.00, real=0.02 secs] 
2020-09-29T18:18:25.098+0200: 37.379: [GC (Allocation Failure) 2020-09-29T18:18:25.098+0200: 37.380: [ParNew: 588384K->40962K(613440K), 0.0174511 secs] 606919K->59497K(2029056K), 0.0175042 secs] [Times: user=0.13 sys=0.00, real=0.02 secs] 
2020-09-29T18:18:25.164+0200: 37.445: [GC (Allocation Failure) 2020-09-29T18:18:25.164+0200: 37.445: [ParNew: 586306K->31873K(613440K), 0.0162565 secs] 604841K->50409K(2029056K), 0.0163193 secs] [Times: user=0.13 sys=0.00, real=0.02 secs] 
2020-09-29T18:18:25.232+0200: 37.513: [GC (Allocation Failure) 2020-09-29T18:18:25.232+0200: 37.513: [ParNew: 577217K->29607K(613440K), 0.0096237 secs] 595753K->48142K(2029056K), 0.0096854 secs] [Times: user=0.13 sys=0.00, real=0.01 secs] 
2020-09-29T18:18:25.298+0200: 37.579: [GC (Allocation Failure) 2020-09-29T18:18:25.298+0200: 37.579: [ParNew: 574951K->24755K(613440K), 0.0143293 secs] 593486K->43290K(2029056K), 0.0143876 secs] [Times: user=0.13 sys=0.00, real=0.01 secs] 
2020-09-29T18:18:25.361+0200: 37.643: [GC (Allocation Failure) 2020-09-29T18:18:25.361+0200: 37.643: [ParNew: 570099K->59746K(613440K), 0.0228597 secs] 588634K->78281K(2029056K), 0.0229316 secs] [Times: user=0.25 sys=0.00, real=0.02 secs] 
2020-09-29T18:18:25.432+0200: 37.713: [GC (Allocation Failure) 2020-09-29T18:18:25.433+0200: 37.714: [ParNew: 605090K->68096K(613440K), 0.0222961 secs] 623625K->86933K(2029056K), 0.0237003 secs] [Times: user=0.13 sys=0.00, real=0.02 secs] 
2020-09-29T18:18:25.503+0200: 37.784: [GC (Allocation Failure) 2020-09-29T18:18:25.503+0200: 37.784: [ParNew: 613440K->52955K(613440K), 0.0214119 secs] 632277K->71793K(2029056K), 0.0214842 secs] [Times: user=0.25 sys=0.00, real=0.02 secs] 
2020-09-29T18:18:25.572+0200: 37.853: [GC (Allocation Failure) 2020-09-29T18:18:25.572+0200: 37.853: [ParNew: 598299K->54565K(613440K), 0.0200841 secs] 617137K->73402K(2029056K), 0.0201494 secs] [Times: user=0.13 sys=0.00, real=0.02 secs] 
2020-09-29T18:18:25.644+0200: 37.925: [GC (Allocation Failure) 2020-09-29T18:18:25.644+0200: 37.925: [ParNew: 599909K->43978K(613440K), 0.0143860 secs] 618746K->62816K(2029056K), 0.0144588 secs] [Times: user=0.13 sys=0.00, real=0.01 secs] 
2020-09-29T18:18:25.713+0200: 37.994: [GC (Allocation Failure) 2020-09-29T18:18:25.713+0200: 37.994: [ParNew: 589322K->46218K(613440K), 0.0198063 secs] 608160K->65056K(2029056K), 0.0198817 secs] [Times: user=0.13 sys=0.00, real=0.02 secs] 
2020-09-29T18:18:25.781+0200: 38.062: [GC (Allocation Failure) 2020-09-29T18:18:25.781+0200: 38.062: [ParNew: 591562K->43860K(613440K), 0.0126376 secs] 610400K->62698K(2029056K), 0.0127065 secs] [Times: user=0.13 sys=0.00, real=0.01 secs] 
2020-09-29T18:18:25.846+0200: 38.128: [GC (Allocation Failure) 2020-09-29T18:18:25.846+0200: 38.128: [ParNew: 589204K->37520K(613440K), 0.0186448 secs] 608042K->56358K(2029056K), 0.0187004 secs] [Times: user=0.25 sys=0.00, real=0.02 secs] 
2020-09-29T18:18:25.912+0200: 38.194: [GC (Allocation Failure) 2020-09-29T18:18:25.912+0200: 38.194: [ParNew: 582864K->61134K(613440K), 0.0216998 secs] 601702K->79972K(2029056K), 0.0217635 secs] [Times: user=0.13 sys=0.00, real=0.02 secs] 
2020-09-29T18:18:25.983+0200: 38.265: [GC (Allocation Failure) 2020-09-29T18:18:25.983+0200: 38.265: [ParNew: 606478K->68096K(613440K), 0.0219398 secs] 625316K->87019K(2029056K), 0.0219992 secs] [Times: user=0.25 sys=0.00, real=0.02 secs] 
2020-09-29T18:18:26.055+0200: 38.336: [GC (Allocation Failure) 2020-09-29T18:18:26.055+0200: 38.336: [ParNew: 613440K->49677K(613440K), 0.0229980 secs] 632363K->68600K(2029056K), 0.0230665 secs] [Times: user=0.13 sys=0.00, real=0.02 secs] 
2020-09-29T18:18:26.128+0200: 38.409: [GC (Allocation Failure) 2020-09-29T18:18:26.128+0200: 38.409: [ParNew: 595021K->49715K(613440K), 0.0164081 secs] 613944K->68638K(2029056K), 0.0164812 secs] [Times: user=0.16 sys=0.00, real=0.02 secs] 
2020-09-29T18:18:26.192+0200: 38.473: [GC (Allocation Failure) 2020-09-29T18:18:26.192+0200: 38.473: [ParNew: 595059K->23094K(613440K), 0.0095353 secs] 613982K->42017K(2029056K), 0.0095926 secs] [Times: user=0.00 sys=0.00, real=0.01 secs] 
2020-09-29T18:18:26.252+0200: 38.533: [GC (Allocation Failure) 2020-09-29T18:18:26.252+0200: 38.533: [ParNew: 568438K->27145K(613440K), 0.0127087 secs] 587361K->46068K(2029056K), 0.0127655 secs] [Times: user=0.13 sys=0.00, real=0.01 secs] 
2020-09-29T18:18:26.315+0200: 38.596: [GC (Allocation Failure) 2020-09-29T18:18:26.315+0200: 38.596: [ParNew: 572489K->41586K(613440K), 0.0176498 secs] 591412K->60509K(2029056K), 0.0177058 secs] [Times: user=0.13 sys=0.00, real=0.02 secs] 
2020-09-29T18:18:26.380+0200: 38.662: [GC (Allocation Failure) 2020-09-29T18:18:26.380+0200: 38.662: [ParNew: 586930K->54307K(613440K), 0.0169585 secs] 605853K->73230K(2029056K), 0.0170133 secs] [Times: user=0.13 sys=0.00, real=0.02 secs] 
2020-09-29T18:18:26.450+0200: 38.732: [GC (Allocation Failure) 2020-09-29T18:18:26.450+0200: 38.732: [ParNew: 599651K->39700K(613440K), 0.0156998 secs] 618574K->58623K(2029056K), 0.0157600 secs] [Times: user=0.13 sys=0.00, real=0.02 secs] 
2020-09-29T18:18:26.514+0200: 38.795: [GC (Allocation Failure) 2020-09-29T18:18:26.514+0200: 38.795: [ParNew: 585044K->30771K(613440K), 0.0161478 secs] 603967K->49694K(2029056K), 0.0162112 secs] [Times: user=0.13 sys=0.00, real=0.02 secs] 
2020-09-29T18:18:26.580+0200: 38.862: [GC (Allocation Failure) 2020-09-29T18:18:26.580+0200: 38.862: [ParNew: 576115K->57030K(613440K), 0.0212599 secs] 595038K->75953K(2029056K), 0.0213366 secs] [Times: user=0.24 sys=0.00, real=0.02 secs] 
2020-09-29T18:18:26.655+0200: 38.936: [GC (Allocation Failure) 2020-09-29T18:18:26.655+0200: 38.936: [ParNew: 602374K->68096K(613440K), 0.0263522 secs] 621297K->87556K(2029056K), 0.0264123 secs] [Times: user=0.25 sys=0.00, real=0.03 secs] 
2020-09-29T18:18:26.732+0200: 39.013: [GC (Allocation Failure) 2020-09-29T18:18:26.732+0200: 39.013: [ParNew: 613440K->55200K(613440K), 0.0204359 secs] 632900K->74660K(2029056K), 0.0205089 secs] [Times: user=0.13 sys=0.00, real=0.02 secs] 
2020-09-29T18:18:26.802+0200: 39.083: [GC (Allocation Failure) 2020-09-29T18:18:26.802+0200: 39.083: [ParNew: 600544K->51486K(613440K), 0.0186506 secs] 620004K->70947K(2029056K), 0.0187306 secs] [Times: user=0.13 sys=0.00, real=0.02 secs] 
2020-09-29T18:18:26.870+0200: 39.151: [GC (Allocation Failure) 2020-09-29T18:18:26.870+0200: 39.151: [ParNew: 596830K->46583K(613440K), 0.0165514 secs] 616291K->66044K(2029056K), 0.0166083 secs] [Times: user=0.13 sys=0.00, real=0.02 secs] 
2020-09-29T18:18:26.937+0200: 39.219: [GC (Allocation Failure) 2020-09-29T18:18:26.937+0200: 39.219: [ParNew: 591927K->64744K(613440K), 0.0215185 secs] 611388K->84205K(2029056K), 0.0215887 secs] [Times: user=0.25 sys=0.00, real=0.02 secs] 
2020-09-29T18:18:27.006+0200: 39.287: [GC (Allocation Failure) 2020-09-29T18:18:27.006+0200: 39.287: [ParNew: 610088K->50292K(613440K), 0.0210411 secs] 629549K->69752K(2029056K), 0.0211162 secs] [Times: user=0.13 sys=0.00, real=0.02 secs] 
2020-09-29T18:18:27.078+0200: 39.360: [GC (Allocation Failure) 2020-09-29T18:18:27.078+0200: 39.360: [ParNew: 595636K->50422K(613440K), 0.0205068 secs] 615096K->69883K(2029056K), 0.0205661 secs] [Times: user=0.25 sys=0.00, real=0.02 secs] 
2020-09-29T18:18:27.146+0200: 39.428: [GC (Allocation Failure) 2020-09-29T18:18:27.146+0200: 39.428: [ParNew: 595766K->49897K(613440K), 0.0187747 secs] 615227K->69358K(2029056K), 0.0188296 secs] [Times: user=0.13 sys=0.00, real=0.02 secs] 
2020-09-29T18:18:27.213+0200: 39.495: [GC (Allocation Failure) 2020-09-29T18:18:27.213+0200: 39.495: [ParNew: 595241K->45625K(613440K), 0.0192210 secs] 614702K->65086K(2029056K), 0.0192961 secs] [Times: user=0.13 sys=0.00, real=0.02 secs] 
2020-09-29T18:18:27.285+0200: 39.566: [GC (Allocation Failure) 2020-09-29T18:18:27.285+0200: 39.566: [ParNew: 590969K->44098K(613440K), 0.0194218 secs] 610430K->63559K(2029056K), 0.0195032 secs] [Times: user=0.24 sys=0.00, real=0.02 secs] 
2020-09-29T18:18:27.352+0200: 39.633: [GC (Allocation Failure) 2020-09-29T18:18:27.352+0200: 39.633: [ParNew: 589442K->41323K(613440K), 0.0164226 secs] 608903K->60784K(2029056K), 0.0164989 secs] [Times: user=0.13 sys=0.00, real=0.02 secs] 
2020-09-29T18:18:27.421+0200: 39.703: [GC (Allocation Failure) 2020-09-29T18:18:27.421+0200: 39.703: [ParNew: 586667K->63352K(613440K), 0.0208040 secs] 606128K->82813K(2029056K), 0.0208593 secs] [Times: user=0.25 sys=0.00, real=0.02 secs] 
2020-09-29T18:18:27.490+0200: 39.771: [GC (Allocation Failure) 2020-09-29T18:18:27.490+0200: 39.771: [ParNew: 608696K->43897K(613440K), 0.0151623 secs] 628157K->63358K(2029056K), 0.0152534 secs] [Times: user=0.13 sys=0.00, real=0.02 secs] 
2020-09-29T18:18:27.557+0200: 39.838: [GC (Allocation Failure) 2020-09-29T18:18:27.557+0200: 39.838: [ParNew: 589241K->54628K(613440K), 0.0216278 secs] 608702K->74088K(2029056K), 0.0217291 secs] [Times: user=0.11 sys=0.00, real=0.02 secs] 
2020-09-29T18:18:27.627+0200: 39.909: [GC (Allocation Failure) 2020-09-29T18:18:27.627+0200: 39.909: [ParNew: 599972K->40609K(613440K), 0.0145585 secs] 619432K->60069K(2029056K), 0.0146308 secs] [Times: user=0.11 sys=0.00, real=0.01 secs] 
2020-09-29T18:18:27.693+0200: 39.974: [GC (Allocation Failure) 2020-09-29T18:18:27.693+0200: 39.974: [ParNew: 585953K->40890K(613440K), 0.0186644 secs] 605413K->60351K(2029056K), 0.0187194 secs] [Times: user=0.13 sys=0.00, real=0.02 secs] 
2020-09-29T18:18:27.758+0200: 40.039: [GC (Allocation Failure) 2020-09-29T18:18:27.758+0200: 40.039: [ParNew: 586234K->33945K(613440K), 0.0117170 secs] 605695K->53406K(2029056K), 0.0117776 secs] [Times: user=0.00 sys=0.02, real=0.01 secs] 
2020-09-29T18:18:27.821+0200: 40.103: [GC (Allocation Failure) 2020-09-29T18:18:27.822+0200: 40.103: [ParNew: 579289K->57740K(613440K), 0.0217467 secs] 598750K->77201K(2029056K), 0.0218111 secs] [Times: user=0.13 sys=0.00, real=0.02 secs] 
2020-09-29T18:18:27.892+0200: 40.174: [GC (Allocation Failure) 2020-09-29T18:18:27.892+0200: 40.174: [ParNew: 603084K->44462K(613440K), 0.0152644 secs] 622545K->63923K(2029056K), 0.0153197 secs] [Times: user=0.13 sys=0.00, real=0.02 secs] 
2020-09-29T18:18:27.961+0200: 40.242: [GC (Allocation Failure) 2020-09-29T18:18:27.961+0200: 40.242: [ParNew: 589806K->62043K(613440K), 0.0208814 secs] 609267K->81504K(2029056K), 0.0209402 secs] [Times: user=0.13 sys=0.00, real=0.02 secs] 
2020-09-29T18:18:28.034+0200: 40.316: [GC (Allocation Failure) 2020-09-29T18:18:28.034+0200: 40.316: [ParNew: 607387K->52027K(613440K), 0.0214764 secs] 626848K->71487K(2029056K), 0.0215360 secs] [Times: user=0.25 sys=0.00, real=0.02 secs] 
2020-09-29T18:18:28.109+0200: 40.391: [GC (Allocation Failure) 2020-09-29T18:18:28.109+0200: 40.391: [ParNew: 597371K->67473K(613440K), 0.0284622 secs] 616831K->86933K(2029056K), 0.0285448 secs] [Times: user=0.23 sys=0.00, real=0.03 secs] 
2020-09-29T18:18:28.189+0200: 40.470: [GC (Allocation Failure) 2020-09-29T18:18:28.189+0200: 40.470: [ParNew: 612817K->54091K(613440K), 0.0201221 secs] 632277K->73552K(2029056K), 0.0202046 secs] [Times: user=0.25 sys=0.00, real=0.02 secs] 
2020-09-29T18:18:28.256+0200: 40.538: [GC (Allocation Failure) 2020-09-29T18:18:28.256+0200: 40.538: [ParNew: 598786K->37962K(613440K), 0.0129413 secs] 618246K->57422K(2029056K), 0.0129960 secs] [Times: user=0.00 sys=0.00, real=0.01 secs] 
2020-09-29T18:18:28.315+0200: 40.597: [GC (Allocation Failure) 2020-09-29T18:18:28.315+0200: 40.597: [ParNew: 583306K->56709K(613440K), 0.0210304 secs] 602766K->76169K(2029056K), 0.0210928 secs] [Times: user=0.25 sys=0.00, real=0.02 secs] 
2020-09-29T18:18:28.386+0200: 40.667: [GC (Allocation Failure) 2020-09-29T18:18:28.386+0200: 40.667: [ParNew: 602053K->47889K(613440K), 0.0144291 secs] 621513K->67349K(2029056K), 0.0144896 secs] [Times: user=0.13 sys=0.00, real=0.01 secs] 
2020-09-29T18:18:28.451+0200: 40.732: [GC (Allocation Failure) 2020-09-29T18:18:28.451+0200: 40.733: [ParNew: 593233K->45121K(613440K), 0.0197686 secs] 612693K->64581K(2029056K), 0.0198623 secs] [Times: user=0.13 sys=0.00, real=0.02 secs] 
2020-09-29T18:18:28.523+0200: 40.805: [GC (Allocation Failure) 2020-09-29T18:18:28.523+0200: 40.805: [ParNew: 590465K->66513K(613440K), 0.0196511 secs] 609925K->85973K(2029056K), 0.0197073 secs] [Times: user=0.13 sys=0.00, real=0.02 secs] 
2020-09-29T18:18:28.591+0200: 40.873: [GC (Allocation Failure) 2020-09-29T18:18:28.591+0200: 40.873: [ParNew: 611857K->28506K(613440K), 0.0134644 secs] 631317K->47966K(2029056K), 0.0135224 secs] [Times: user=0.11 sys=0.00, real=0.01 secs] 
2020-09-29T18:18:28.660+0200: 40.941: [GC (Allocation Failure) 2020-09-29T18:18:28.660+0200: 40.941: [ParNew: 573850K->25109K(613440K), 0.0132443 secs] 593310K->44569K(2029056K), 0.0133151 secs] [Times: user=0.09 sys=0.03, real=0.01 secs] 
2020-09-29T18:18:28.721+0200: 41.003: [GC (Allocation Failure) 2020-09-29T18:18:28.721+0200: 41.003: [ParNew: 570453K->50382K(613440K), 0.0173127 secs] 589913K->69842K(2029056K), 0.0174009 secs] [Times: user=0.14 sys=0.00, real=0.02 secs] 
2020-09-29T18:18:28.788+0200: 41.070: [GC (Allocation Failure) 2020-09-29T18:18:28.788+0200: 41.070: [ParNew: 595726K->37244K(613440K), 0.0174816 secs] 615186K->56705K(2029056K), 0.0175455 secs] [Times: user=0.13 sys=0.00, real=0.02 secs] 
2020-09-29T18:18:28.857+0200: 41.139: [GC (Allocation Failure) 2020-09-29T18:18:28.857+0200: 41.139: [ParNew: 582588K->37139K(613440K), 0.0153954 secs] 602049K->56599K(2029056K), 0.0154535 secs] [Times: user=0.13 sys=0.00, real=0.02 secs] 
2020-09-29T18:18:28.923+0200: 41.205: [GC (Allocation Failure) 2020-09-29T18:18:28.923+0200: 41.205: [ParNew: 582483K->58153K(613440K), 0.0205401 secs] 601943K->77613K(2029056K), 0.0205953 secs] [Times: user=0.25 sys=0.00, real=0.02 secs] 
2020-09-29T18:18:28.991+0200: 41.273: [GC (Allocation Failure) 2020-09-29T18:18:28.991+0200: 41.273: [ParNew: 603497K->48056K(613440K), 0.0196940 secs] 622957K->67516K(2029056K), 0.0197496 secs] [Times: user=0.13 sys=0.00, real=0.02 secs] 
2020-09-29T18:18:29.058+0200: 41.340: [GC (Allocation Failure) 2020-09-29T18:18:29.058+0200: 41.340: [ParNew: 593400K->39027K(613440K), 0.0134904 secs] 612860K->58488K(2029056K), 0.0135658 secs] [Times: user=0.13 sys=0.00, real=0.01 secs] 
2020-09-29T18:18:29.125+0200: 41.407: [GC (Allocation Failure) 2020-09-29T18:18:29.125+0200: 41.407: [ParNew: 584371K->50846K(613440K), 0.0191900 secs] 603832K->70307K(2029056K), 0.0192656 secs] [Times: user=0.14 sys=0.00, real=0.02 secs] 
2020-09-29T18:18:29.196+0200: 41.477: [GC (Allocation Failure) 2020-09-29T18:18:29.196+0200: 41.477: [ParNew: 596190K->40628K(613440K), 0.0177194 secs] 615651K->60088K(2029056K), 0.0177752 secs] [Times: user=0.13 sys=0.00, real=0.02 secs] 
2020-09-29T18:18:29.260+0200: 41.541: [GC (Allocation Failure) 2020-09-29T18:18:29.260+0200: 41.541: [ParNew: 585972K->42369K(613440K), 0.0160631 secs] 605432K->61830K(2029056K), 0.0161323 secs] [Times: user=0.13 sys=0.00, real=0.02 secs] 
2020-09-29T18:18:29.323+0200: 41.605: [GC (Allocation Failure) 2020-09-29T18:18:29.323+0200: 41.605: [ParNew: 587713K->38786K(613440K), 0.0149784 secs] 607174K->58247K(2029056K), 0.0150340 secs] [Times: user=0.13 sys=0.00, real=0.02 secs] 
2020-09-29T18:18:29.394+0200: 41.675: [GC (Allocation Failure) 2020-09-29T18:18:29.394+0200: 41.675: [ParNew: 584130K->31448K(613440K), 0.0150280 secs] 603591K->50908K(2029056K), 0.0150824 secs] [Times: user=0.13 sys=0.00, real=0.01 secs] 
2020-09-29T18:18:29.458+0200: 41.739: [GC (Allocation Failure) 2020-09-29T18:18:29.458+0200: 41.739: [ParNew: 576792K->53064K(613440K), 0.0184185 secs] 596252K->72525K(2029056K), 0.0184800 secs] [Times: user=0.13 sys=0.00, real=0.02 secs] 
2020-09-29T18:18:29.527+0200: 41.808: [GC (Allocation Failure) 2020-09-29T18:18:29.528+0200: 41.809: [ParNew: 598408K->42708K(613440K), 0.0181796 secs] 617869K->62168K(2029056K), 0.0196214 secs] [Times: user=0.13 sys=0.00, real=0.02 secs] 
2020-09-29T18:18:29.600+0200: 41.881: [GC (Allocation Failure) 2020-09-29T18:18:29.600+0200: 41.881: [ParNew: 588052K->49379K(613440K), 0.0175926 secs] 607512K->68839K(2029056K), 0.0176498 secs] [Times: user=0.13 sys=0.00, real=0.02 secs] 
2020-09-29T18:18:29.666+0200: 41.948: [GC (Allocation Failure) 2020-09-29T18:18:29.666+0200: 41.948: [ParNew: 594723K->38331K(613440K), 0.0169259 secs] 614183K->57791K(2029056K), 0.0169816 secs] [Times: user=0.13 sys=0.00, real=0.02 secs] 
2020-09-29T18:18:29.731+0200: 42.013: [GC (Allocation Failure) 2020-09-29T18:18:29.731+0200: 42.013: [ParNew: 583675K->35199K(613440K), 0.0162533 secs] 603135K->54659K(2029056K), 0.0163082 secs] [Times: user=0.13 sys=0.00, real=0.02 secs] 
2020-09-29T18:18:29.802+0200: 42.083: [GC (Allocation Failure) 2020-09-29T18:18:29.802+0200: 42.083: [ParNew: 580543K->34778K(613440K), 0.0150822 secs] 600003K->54238K(2029056K), 0.0151589 secs] [Times: user=0.13 sys=0.00, real=0.01 secs] 
2020-09-29T18:18:29.872+0200: 42.154: [GC (Allocation Failure) 2020-09-29T18:18:29.872+0200: 42.154: [ParNew: 580122K->31358K(613440K), 0.0147248 secs] 599582K->50819K(2029056K), 0.0147869 secs] [Times: user=0.13 sys=0.00, real=0.02 secs] 
2020-09-29T18:18:29.933+0200: 42.215: [GC (Allocation Failure) 2020-09-29T18:18:29.933+0200: 42.215: [ParNew: 576702K->53291K(613440K), 0.0181995 secs] 596163K->72752K(2029056K), 0.0182592 secs] [Times: user=0.13 sys=0.00, real=0.02 secs] 
2020-09-29T18:18:30.005+0200: 42.287: [GC (Allocation Failure) 2020-09-29T18:18:30.005+0200: 42.287: [ParNew: 598635K->40287K(613440K), 0.0127648 secs] 618096K->59748K(2029056K), 0.0128224 secs] [Times: user=0.00 sys=0.00, real=0.01 secs] 
2020-09-29T18:18:30.064+0200: 42.346: [GC (Allocation Failure) 2020-09-29T18:18:30.064+0200: 42.346: [ParNew: 585631K->24129K(613440K), 0.0109501 secs] 605092K->43590K(2029056K), 0.0110053 secs] [Times: user=0.11 sys=0.00, real=0.01 secs] 
2020-09-29T18:18:30.128+0200: 42.410: [GC (Allocation Failure) 2020-09-29T18:18:30.128+0200: 42.410: [ParNew: 569473K->42514K(613440K), 0.0178660 secs] 588934K->61975K(2029056K), 0.0179288 secs] [Times: user=0.25 sys=0.00, real=0.02 secs] 
2020-09-29T18:18:30.194+0200: 42.476: [GC (Allocation Failure) 2020-09-29T18:18:30.194+0200: 42.476: [ParNew: 587858K->32386K(613440K), 0.0156090 secs] 607319K->51846K(2029056K), 0.0156671 secs] [Times: user=0.13 sys=0.00, real=0.02 secs] 
2020-09-29T18:18:30.263+0200: 42.545: [GC (Allocation Failure) 2020-09-29T18:18:30.263+0200: 42.545: [ParNew: 577730K->58387K(613440K), 0.0204719 secs] 597190K->77847K(2029056K), 0.0205705 secs] [Times: user=0.13 sys=0.00, real=0.02 secs] 
2020-09-29T18:18:30.331+0200: 42.612: [GC (Allocation Failure) 2020-09-29T18:18:30.331+0200: 42.612: [ParNew: 603731K->41205K(613440K), 0.0135839 secs] 623191K->60666K(2029056K), 0.0136553 secs] [Times: user=0.13 sys=0.00, real=0.01 secs] 
2020-09-29T18:18:30.393+0200: 42.675: [GC (Allocation Failure) 2020-09-29T18:18:30.393+0200: 42.675: [ParNew: 586549K->40476K(613440K), 0.0189653 secs] 606010K->59937K(2029056K), 0.0190473 secs] [Times: user=0.25 sys=0.00, real=0.02 secs] 
2020-09-29T18:18:30.459+0200: 42.741: [GC (Allocation Failure) 2020-09-29T18:18:30.459+0200: 42.741: [ParNew: 585820K->55474K(613440K), 0.0180554 secs] 605281K->74934K(2029056K), 0.0181338 secs] [Times: user=0.13 sys=0.00, real=0.02 secs] 
2020-09-29T18:18:30.524+0200: 42.805: [GC (Allocation Failure) 2020-09-29T18:18:30.524+0200: 42.805: [ParNew: 600818K->33451K(613440K), 0.0108767 secs] 620278K->52911K(2029056K), 0.0109333 secs] [Times: user=0.13 sys=0.00, real=0.01 secs] 
2020-09-29T18:18:30.589+0200: 42.870: [GC (Allocation Failure) 2020-09-29T18:18:30.589+0200: 42.870: [ParNew: 578795K->48353K(613440K), 0.0221475 secs] 598255K->67814K(2029056K), 0.0222195 secs] [Times: user=0.13 sys=0.00, real=0.02 secs] 
2020-09-29T18:18:30.661+0200: 42.943: [GC (Allocation Failure) 2020-09-29T18:18:30.661+0200: 42.943: [ParNew: 593697K->45809K(613440K), 0.0153875 secs] 613158K->65269K(2029056K), 0.0154588 secs] [Times: user=0.13 sys=0.00, real=0.02 secs] 
2020-09-29T18:18:30.725+0200: 43.007: [GC (Allocation Failure) 2020-09-29T18:18:30.725+0200: 43.007: [ParNew: 591153K->41892K(613440K), 0.0150613 secs] 610613K->61352K(2029056K), 0.0151188 secs] [Times: user=0.13 sys=0.00, real=0.02 secs] 
2020-09-29T18:18:30.789+0200: 43.070: [GC (Allocation Failure) 2020-09-29T18:18:30.789+0200: 43.070: [ParNew: 587236K->54581K(613440K), 0.0198544 secs] 606696K->74042K(2029056K), 0.0199100 secs] [Times: user=0.13 sys=0.00, real=0.02 secs] 
2020-09-29T18:18:30.862+0200: 43.143: [GC (Allocation Failure) 2020-09-29T18:18:30.862+0200: 43.143: [ParNew: 599925K->42685K(613440K), 0.0184884 secs] 619386K->62146K(2029056K), 0.0185422 secs] [Times: user=0.25 sys=0.00, real=0.02 secs] 
2020-09-29T18:18:30.931+0200: 43.212: [GC (Allocation Failure) 2020-09-29T18:18:30.931+0200: 43.212: [ParNew: 588029K->43402K(613440K), 0.0175961 secs] 607490K->62863K(2029056K), 0.0176582 secs] [Times: user=0.13 sys=0.00, real=0.02 secs] 
2020-09-29T18:18:30.997+0200: 43.278: [GC (Allocation Failure) 2020-09-29T18:18:30.997+0200: 43.278: [ParNew: 588746K->35199K(613440K), 0.0121556 secs] 608207K->54659K(2029056K), 0.0122128 secs] [Times: user=0.13 sys=0.00, real=0.01 secs] 
2020-09-29T18:18:31.057+0200: 43.339: [GC (Allocation Failure) 2020-09-29T18:18:31.057+0200: 43.339: [ParNew: 580543K->36229K(613440K), 0.0163738 secs] 600003K->55689K(2029056K), 0.0164423 secs] [Times: user=0.13 sys=0.00, real=0.02 secs] 
2020-09-29T18:18:31.127+0200: 43.409: [GC (Allocation Failure) 2020-09-29T18:18:31.127+0200: 43.409: [ParNew: 581573K->37629K(613440K), 0.0160802 secs] 601033K->57089K(2029056K), 0.0161392 secs] [Times: user=0.06 sys=0.00, real=0.02 secs] 
2020-09-29T18:18:31.191+0200: 43.473: [GC (Allocation Failure) 2020-09-29T18:18:31.191+0200: 43.473: [ParNew: 582973K->53140K(613440K), 0.0192415 secs] 602433K->72600K(2029056K), 0.0193120 secs] [Times: user=0.25 sys=0.00, real=0.02 secs] 
2020-09-29T18:18:31.260+0200: 43.542: [GC (Allocation Failure) 2020-09-29T18:18:31.260+0200: 43.542: [ParNew: 598484K->41646K(613440K), 0.0192687 secs] 617944K->61107K(2029056K), 0.0193307 secs] [Times: user=0.13 sys=0.00, real=0.02 secs] 
2020-09-29T18:18:31.328+0200: 43.610: [GC (Allocation Failure) 2020-09-29T18:18:31.328+0200: 43.610: [ParNew: 586990K->33153K(613440K), 0.0052698 secs] 606451K->52613K(2029056K), 0.0053277 secs] [Times: user=0.13 sys=0.00, real=0.00 secs] 
2020-09-29T18:18:31.384+0200: 43.666: [GC (Allocation Failure) 2020-09-29T18:18:31.384+0200: 43.666: [ParNew: 578497K->36092K(613440K), 0.0164354 secs] 597957K->55552K(2029056K), 0.0164909 secs] [Times: user=0.11 sys=0.00, real=0.02 secs] 
2020-09-29T18:18:31.448+0200: 43.730: [GC (Allocation Failure) 2020-09-29T18:18:31.449+0200: 43.730: [ParNew: 581436K->44958K(613440K), 0.0161243 secs] 600896K->64418K(2029056K), 0.0162075 secs] [Times: user=0.13 sys=0.00, real=0.02 secs] 
2020-09-29T18:18:31.512+0200: 43.794: [GC (Allocation Failure) 2020-09-29T18:18:31.512+0200: 43.794: [ParNew: 590302K->59858K(613440K), 0.0207369 secs] 609762K->79318K(2029056K), 0.0207934 secs] [Times: user=0.13 sys=0.00, real=0.02 secs] 
2020-09-29T18:18:31.580+0200: 43.862: [GC (Allocation Failure) 2020-09-29T18:18:31.580+0200: 43.862: [ParNew: 605202K->38113K(613440K), 0.0080643 secs] 624662K->57574K(2029056K), 0.0081215 secs] [Times: user=0.11 sys=0.00, real=0.01 secs] 
2020-09-29T18:18:31.646+0200: 43.928: [GC (Allocation Failure) 2020-09-29T18:18:31.646+0200: 43.928: [ParNew: 583457K->41490K(613440K), 0.0187538 secs] 602918K->60951K(2029056K), 0.0188131 secs] [Times: user=0.13 sys=0.00, real=0.02 secs] 
2020-09-29T18:18:31.714+0200: 43.995: [GC (Allocation Failure) 2020-09-29T18:18:31.714+0200: 43.995: [ParNew: 586834K->58066K(613440K), 0.0233235 secs] 606295K->77527K(2029056K), 0.0233805 secs] [Times: user=0.13 sys=0.00, real=0.02 secs] 
2020-09-29T18:18:31.784+0200: 44.065: [GC (Allocation Failure) 2020-09-29T18:18:31.784+0200: 44.065: [ParNew: 603410K->43342K(613440K), 0.0112557 secs] 622871K->62803K(2029056K), 0.0113619 secs] [Times: user=0.13 sys=0.00, real=0.01 secs] 
2020-09-29T18:18:31.850+0200: 44.131: [GC (Allocation Failure) 2020-09-29T18:18:31.850+0200: 44.131: [ParNew: 588686K->33596K(613440K), 0.0152505 secs] 608147K->53057K(2029056K), 0.0153043 secs] [Times: user=0.13 sys=0.00, real=0.02 secs] 
2020-09-29T18:18:31.913+0200: 44.194: [GC (Allocation Failure) 2020-09-29T18:18:31.913+0200: 44.194: [ParNew: 578940K->28796K(613440K), 0.0128369 secs] 598401K->48257K(2029056K), 0.0128959 secs] [Times: user=0.02 sys=0.00, real=0.01 secs] 
2020-09-29T18:18:31.973+0200: 44.254: [GC (Allocation Failure) 2020-09-29T18:18:31.973+0200: 44.254: [ParNew: 574140K->56158K(613440K), 0.0222648 secs] 593601K->75618K(2029056K), 0.0223475 secs] [Times: user=0.13 sys=0.00, real=0.02 secs] 
2020-09-29T18:18:32.047+0200: 44.329: [GC (Allocation Failure) 2020-09-29T18:18:32.047+0200: 44.329: [ParNew: 601502K->50012K(613440K), 0.0168408 secs] 620962K->69472K(2029056K), 0.0168930 secs] [Times: user=0.13 sys=0.00, real=0.02 secs] 
2020-09-29T18:18:32.110+0200: 44.392: [GC (Allocation Failure) 2020-09-29T18:18:32.110+0200: 44.392: [ParNew: 595356K->68096K(613440K), 0.0208215 secs] 614816K->87556K(2029056K), 0.0208748 secs] [Times: user=0.25 sys=0.00, real=0.02 secs] 
2020-09-29T18:18:32.182+0200: 44.464: [GC (Allocation Failure) 2020-09-29T18:18:32.182+0200: 44.464: [ParNew: 613440K->42522K(613440K), 0.0153179 secs] 632900K->61983K(2029056K), 0.0153801 secs] [Times: user=0.13 sys=0.00, real=0.02 secs] 
2020-09-29T18:18:32.248+0200: 44.530: [GC (Allocation Failure) 2020-09-29T18:18:32.248+0200: 44.530: [ParNew: 587866K->52633K(613440K), 0.0193957 secs] 607327K->72093K(2029056K), 0.0194606 secs] [Times: user=0.13 sys=0.00, real=0.02 secs] 
2020-09-29T18:18:32.316+0200: 44.597: [GC (Allocation Failure) 2020-09-29T18:18:32.316+0200: 44.597: [ParNew: 597977K->43101K(613440K), 0.0197646 secs] 617437K->62561K(2029056K), 0.0198691 secs] [Times: user=0.25 sys=0.00, real=0.02 secs] 
2020-09-29T18:18:32.383+0200: 44.665: [GC (Allocation Failure) 2020-09-29T18:18:32.383+0200: 44.665: [ParNew: 588445K->42385K(613440K), 0.0179443 secs] 607905K->61846K(2029056K), 0.0180108 secs] [Times: user=0.13 sys=0.00, real=0.02 secs] 
2020-09-29T18:18:32.453+0200: 44.734: [GC (Allocation Failure) 2020-09-29T18:18:32.453+0200: 44.734: [ParNew: 587729K->34275K(613440K), 0.0109725 secs] 607190K->53736K(2029056K), 0.0110292 secs] [Times: user=0.13 sys=0.00, real=0.01 secs] 
2020-09-29T18:18:32.515+0200: 44.796: [GC (Allocation Failure) 2020-09-29T18:18:32.515+0200: 44.796: [ParNew: 579619K->33804K(613440K), 0.0163330 secs] 599080K->53264K(2029056K), 0.0163895 secs] [Times: user=0.13 sys=0.00, real=0.02 secs] 
2020-09-29T18:18:32.583+0200: 44.864: [GC (Allocation Failure) 2020-09-29T18:18:32.583+0200: 44.864: [ParNew: 579148K->33655K(613440K), 0.0148592 secs] 598608K->53115K(2029056K), 0.0149233 secs] [Times: user=0.00 sys=0.00, real=0.01 secs] 
2020-09-29T18:18:32.654+0200: 44.935: [GC (Allocation Failure) 2020-09-29T18:18:32.654+0200: 44.935: [ParNew: 578999K->27981K(613440K), 0.0155000 secs] 598459K->47442K(2029056K), 0.0155630 secs] [Times: user=0.13 sys=0.00, real=0.01 secs] 
2020-09-29T18:18:32.719+0200: 45.000: [GC (Allocation Failure) 2020-09-29T18:18:32.719+0200: 45.000: [ParNew: 573325K->52593K(613440K), 0.0195126 secs] 592786K->72054K(2029056K), 0.0196036 secs] [Times: user=0.25 sys=0.00, real=0.02 secs] 
2020-09-29T18:18:32.791+0200: 45.072: [GC (Allocation Failure) 2020-09-29T18:18:32.791+0200: 45.072: [ParNew: 597937K->43053K(613440K), 0.0211027 secs] 617398K->62514K(2029056K), 0.0211955 secs] [Times: user=0.13 sys=0.00, real=0.02 secs] 
2020-09-29T18:18:32.863+0200: 45.144: [GC (Allocation Failure) 2020-09-29T18:18:32.863+0200: 45.144: [ParNew: 588397K->68096K(613440K), 0.0240267 secs] 607858K->87556K(2029056K), 0.0241111 secs] [Times: user=0.23 sys=0.00, real=0.02 secs] 
2020-09-29T18:18:32.938+0200: 45.219: [GC (Allocation Failure) 2020-09-29T18:18:32.938+0200: 45.219: [ParNew: 613440K->51831K(613440K), 0.0166941 secs] 632900K->71292K(2029056K), 0.0167543 secs] [Times: user=0.13 sys=0.00, real=0.02 secs] 
2020-09-29T18:18:33.004+0200: 45.285: [GC (Allocation Failure) 2020-09-29T18:18:33.004+0200: 45.285: [ParNew: 597175K->45475K(613440K), 0.0153516 secs] 616636K->64936K(2029056K), 0.0154112 secs] [Times: user=0.00 sys=0.00, real=0.02 secs] 
2020-09-29T18:18:33.067+0200: 45.348: [GC (Allocation Failure) 2020-09-29T18:18:33.067+0200: 45.348: [ParNew: 590819K->60301K(613440K), 0.0196667 secs] 610280K->79762K(2029056K), 0.0197401 secs] [Times: user=0.25 sys=0.00, real=0.02 secs] 
2020-09-29T18:18:33.135+0200: 45.417: [GC (Allocation Failure) 2020-09-29T18:18:33.135+0200: 45.417: [ParNew: 605645K->46424K(613440K), 0.0197925 secs] 625106K->65884K(2029056K), 0.0198640 secs] [Times: user=0.13 sys=0.00, real=0.02 secs] 
2020-09-29T18:18:33.202+0200: 45.483: [GC (Allocation Failure) 2020-09-29T18:18:33.202+0200: 45.483: [ParNew: 591768K->68096K(613440K), 0.0236712 secs] 611228K->88544K(2029056K), 0.0237266 secs] [Times: user=0.25 sys=0.00, real=0.02 secs] 
2020-09-29T18:18:33.273+0200: 45.555: [GC (Allocation Failure) 2020-09-29T18:18:33.273+0200: 45.555: [ParNew: 613440K->53734K(613440K), 0.0173279 secs] 633888K->74182K(2029056K), 0.0173997 secs] [Times: user=0.13 sys=0.00, real=0.02 secs] 
2020-09-29T18:18:33.342+0200: 45.624: [GC (Allocation Failure) 2020-09-29T18:18:33.342+0200: 45.624: [ParNew: 599078K->68096K(613440K), 0.0223360 secs] 619526K->88544K(2029056K), 0.0224315 secs] [Times: user=0.25 sys=0.00, real=0.02 secs] 
2020-09-29T18:18:33.414+0200: 45.695: [GC (Allocation Failure) 2020-09-29T18:18:33.414+0200: 45.695: [ParNew: 613440K->49025K(613440K), 0.0164227 secs] 633888K->69474K(2029056K), 0.0164797 secs] [Times: user=0.13 sys=0.00, real=0.02 secs] 
2020-09-29T18:18:33.477+0200: 45.758: [GC (Allocation Failure) 2020-09-29T18:18:33.477+0200: 45.758: [ParNew: 594369K->66112K(613440K), 0.0217905 secs] 614818K->86560K(2029056K), 0.0218968 secs] [Times: user=0.13 sys=0.00, real=0.02 secs] 
2020-09-29T18:18:33.546+0200: 45.827: [GC (Allocation Failure) 2020-09-29T18:18:33.546+0200: 45.827: [ParNew: 611456K->41037K(613440K), 0.0148174 secs] 631904K->61485K(2029056K), 0.0148740 secs] [Times: user=0.13 sys=0.00, real=0.01 secs] 
2020-09-29T18:18:33.611+0200: 45.892: [GC (Allocation Failure) 2020-09-29T18:18:33.618+0200: 45.898: [ParNew: 586381K->60392K(613440K), 0.0207931 secs] 606829K->80840K(2029056K), 0.0275515 secs] [Times: user=0.13 sys=0.00, real=0.03 secs] 
2020-09-29T18:18:33.685+0200: 45.966: [GC (Allocation Failure) 2020-09-29T18:18:33.685+0200: 45.966: [ParNew: 605736K->40571K(613440K), 0.0128855 secs] 626184K->61019K(2029056K), 0.0129791 secs] [Times: user=0.13 sys=0.00, real=0.01 secs] 
2020-09-29T18:18:33.748+0200: 46.029: [GC (Allocation Failure) 2020-09-29T18:18:33.748+0200: 46.029: [ParNew: 585915K->41372K(613440K), 0.0179569 secs] 606363K->61820K(2029056K), 0.0180551 secs] [Times: user=0.13 sys=0.00, real=0.02 secs] 
2020-09-29T18:18:33.815+0200: 46.095: [GC (Allocation Failure) 2020-09-29T18:18:33.815+0200: 46.095: [ParNew: 586716K->39912K(613440K), 0.0130400 secs] 607164K->60360K(2029056K), 0.0130958 secs] [Times: user=0.13 sys=0.00, real=0.01 secs] 
2020-09-29T18:18:33.879+0200: 46.160: [GC (Allocation Failure) 2020-09-29T18:18:33.879+0200: 46.160: [ParNew: 585256K->35276K(613440K), 0.0161094 secs] 605704K->55724K(2029056K), 0.0161665 secs] [Times: user=0.13 sys=0.00, real=0.02 secs] 
2020-09-29T18:18:33.942+0200: 46.223: [GC (Allocation Failure) 2020-09-29T18:18:33.942+0200: 46.223: [ParNew: 580620K->51107K(613440K), 0.0211788 secs] 601068K->71555K(2029056K), 0.0212404 secs] [Times: user=0.25 sys=0.00, real=0.02 secs] 
2020-09-29T18:18:34.010+0200: 46.291: [GC (Allocation Failure) 2020-09-29T18:18:34.010+0200: 46.291: [ParNew: 596451K->44026K(613440K), 0.0147124 secs] 616899K->64475K(2029056K), 0.0147716 secs] [Times: user=0.13 sys=0.00, real=0.02 secs] 
2020-09-29T18:18:34.076+0200: 46.356: [GC (Allocation Failure) 2020-09-29T18:18:34.076+0200: 46.356: [ParNew: 589370K->30851K(613440K), 0.0131803 secs] 609819K->51299K(2029056K), 0.0132436 secs] [Times: user=0.13 sys=0.00, real=0.01 secs] 
2020-09-29T18:18:34.141+0200: 46.421: [GC (Allocation Failure) 2020-09-29T18:18:34.141+0200: 46.421: [ParNew: 576195K->26554K(613440K), 0.0130184 secs] 596643K->47002K(2029056K), 0.0130853 secs] [Times: user=0.13 sys=0.00, real=0.01 secs] 
2020-09-29T18:18:34.200+0200: 46.481: [GC (Allocation Failure) 2020-09-29T18:18:34.200+0200: 46.481: [ParNew: 571898K->45481K(613440K), 0.0164313 secs] 592346K->65929K(2029056K), 0.0164861 secs] [Times: user=0.13 sys=0.00, real=0.02 secs] 
2020-09-29T18:18:34.267+0200: 46.548: [GC (Allocation Failure) 2020-09-29T18:18:34.267+0200: 46.548: [ParNew: 590825K->61172K(613440K), 0.0215795 secs] 611273K->81620K(2029056K), 0.0216353 secs] [Times: user=0.25 sys=0.00, real=0.02 secs] 
2020-09-29T18:18:34.337+0200: 46.618: [GC (Allocation Failure) 2020-09-29T18:18:34.337+0200: 46.618: [ParNew: 606516K->64072K(613440K), 0.0223538 secs] 626964K->84521K(2029056K), 0.0224169 secs] [Times: user=0.13 sys=0.00, real=0.02 secs] 
2020-09-29T18:18:34.410+0200: 46.691: [GC (Allocation Failure) 2020-09-29T18:18:34.410+0200: 46.691: [ParNew: 609416K->46185K(613440K), 0.0202339 secs] 629865K->66634K(2029056K), 0.0203070 secs] [Times: user=0.13 sys=0.01, real=0.02 secs] 
2020-09-29T18:18:34.477+0200: 46.758: [GC (Allocation Failure) 2020-09-29T18:18:34.477+0200: 46.758: [ParNew: 591529K->49265K(613440K), 0.0183061 secs] 611978K->69714K(2029056K), 0.0183747 secs] [Times: user=0.13 sys=0.00, real=0.02 secs] 
2020-09-29T18:18:34.545+0200: 46.826: [GC (Allocation Failure) 2020-09-29T18:18:34.545+0200: 46.826: [ParNew: 594609K->68096K(613440K), 0.0235452 secs] 615058K->89152K(2029056K), 0.0236086 secs] [Times: user=0.25 sys=0.00, real=0.02 secs] 
2020-09-29T18:18:34.619+0200: 46.899: [GC (Allocation Failure) 2020-09-29T18:18:34.619+0200: 46.899: [ParNew: 613440K->50956K(613440K), 0.0182948 secs] 634496K->72012K(2029056K), 0.0183518 secs] [Times: user=0.13 sys=0.00, real=0.02 secs] 
2020-09-29T18:18:34.687+0200: 46.967: [GC (Allocation Failure) 2020-09-29T18:18:34.687+0200: 46.967: [ParNew: 596300K->43155K(613440K), 0.0171514 secs] 617356K->64212K(2029056K), 0.0172073 secs] [Times: user=0.13 sys=0.00, real=0.02 secs] 
2020-09-29T18:18:34.751+0200: 47.032: [GC (Allocation Failure) 2020-09-29T18:18:34.751+0200: 47.032: [ParNew: 588499K->33275K(613440K), 0.0114149 secs] 609556K->54331K(2029056K), 0.0114836 secs] [Times: user=0.13 sys=0.00, real=0.01 secs] 
2020-09-29T18:18:34.825+0200: 47.106: [GC (Allocation Failure) 2020-09-29T18:18:34.825+0200: 47.106: [ParNew: 578619K->46121K(613440K), 0.0247124 secs] 599675K->67177K(2029056K), 0.0247965 secs] [Times: user=0.25 sys=0.00, real=0.02 secs] 
2020-09-29T18:18:34.906+0200: 47.187: [GC (Allocation Failure) 2020-09-29T18:18:34.906+0200: 47.187: [ParNew: 591465K->60934K(613440K), 0.0259138 secs] 612521K->81990K(2029056K), 0.0259809 secs] [Times: user=0.25 sys=0.00, real=0.03 secs] 
2020-09-29T18:18:34.981+0200: 47.262: [GC (Allocation Failure) 2020-09-29T18:18:34.981+0200: 47.262: [ParNew: 606278K->41063K(613440K), 0.0253438 secs] 627334K->62119K(2029056K), 0.0254235 secs] [Times: user=0.25 sys=0.00, real=0.03 secs] 
2020-09-29T18:18:35.052+0200: 47.334: [GC (Allocation Failure) 2020-09-29T18:18:35.053+0200: 47.334: [ParNew: 586407K->43110K(613440K), 0.0216042 secs] 607463K->64167K(2029056K), 0.0216778 secs] [Times: user=0.13 sys=0.00, real=0.02 secs] 
2020-09-29T18:18:35.127+0200: 47.408: [GC (Allocation Failure) 2020-09-29T18:18:35.127+0200: 47.408: [ParNew: 588454K->64458K(613440K), 0.0285797 secs] 609511K->85515K(2029056K), 0.0286437 secs] [Times: user=0.23 sys=0.00, real=0.03 secs] 
2020-09-29T18:18:35.203+0200: 47.484: [GC (Allocation Failure) 2020-09-29T18:18:35.203+0200: 47.484: [ParNew: 609802K->45249K(613440K), 0.0195669 secs] 630859K->66306K(2029056K), 0.0196296 secs] [Times: user=0.25 sys=0.00, real=0.02 secs] 
2020-09-29T18:18:35.275+0200: 47.556: [GC (Allocation Failure) 2020-09-29T18:18:35.275+0200: 47.556: [ParNew: 590593K->35782K(613440K), 0.0199185 secs] 611650K->56839K(2029056K), 0.0199924 secs] [Times: user=0.13 sys=0.00, real=0.02 secs] 
2020-09-29T18:18:35.349+0200: 47.631: [GC (Allocation Failure) 2020-09-29T18:18:35.349+0200: 47.631: [ParNew: 581126K->57758K(613440K), 0.0324837 secs] 602183K->78814K(2029056K), 0.0325717 secs] [Times: user=0.25 sys=0.00, real=0.03 secs] 
2020-09-29T18:18:35.431+0200: 47.712: [GC (Allocation Failure) 2020-09-29T18:18:35.431+0200: 47.713: [ParNew: 603102K->52553K(613440K), 0.0236425 secs] 624158K->73610K(2029056K), 0.0237105 secs] [Times: user=0.13 sys=0.00, real=0.02 secs] 
2020-09-29T18:18:35.515+0200: 47.796: [GC (Allocation Failure) 2020-09-29T18:18:35.515+0200: 47.796: [ParNew: 597897K->37677K(613440K), 0.0153964 secs] 618954K->58733K(2029056K), 0.0154619 secs] [Times: user=0.13 sys=0.00, real=0.02 secs] 
2020-09-29T18:18:35.588+0200: 47.869: [GC (Allocation Failure) 2020-09-29T18:18:35.588+0200: 47.869: [ParNew: 583021K->53981K(613440K), 0.0282801 secs] 604077K->75038K(2029056K), 0.0283511 secs] [Times: user=0.25 sys=0.00, real=0.03 secs] 
2020-09-29T18:18:35.665+0200: 47.946: [GC (Allocation Failure) 2020-09-29T18:18:35.665+0200: 47.946: [ParNew: 599325K->39922K(613440K), 0.0203566 secs] 620382K->60979K(2029056K), 0.0204250 secs] [Times: user=0.13 sys=0.00, real=0.02 secs] 
2020-09-29T18:18:35.736+0200: 48.018: [GC (Allocation Failure) 2020-09-29T18:18:35.736+0200: 48.018: [ParNew: 585266K->56448K(613440K), 0.0250122 secs] 606323K->77504K(2029056K), 0.0250795 secs] [Times: user=0.25 sys=0.00, real=0.02 secs] 
2020-09-29T18:18:35.811+0200: 48.093: [GC (Allocation Failure) 2020-09-29T18:18:35.811+0200: 48.093: [ParNew: 601792K->41198K(613440K), 0.0184591 secs] 622848K->62254K(2029056K), 0.0185268 secs] [Times: user=0.13 sys=0.00, real=0.02 secs] 
2020-09-29T18:18:35.887+0200: 48.168: [GC (Allocation Failure) 2020-09-29T18:18:35.887+0200: 48.168: [ParNew: 586542K->38873K(613440K), 0.0245385 secs] 607598K->59929K(2029056K), 0.0246326 secs] [Times: user=0.24 sys=0.00, real=0.02 secs] 
2020-09-29T18:18:35.961+0200: 48.242: [GC (Allocation Failure) 2020-09-29T18:18:35.961+0200: 48.242: [ParNew: 584217K->60584K(613440K), 0.0294474 secs] 605273K->81640K(2029056K), 0.0295157 secs] [Times: user=0.25 sys=0.00, real=0.03 secs] 
2020-09-29T18:18:36.039+0200: 48.320: [GC (Allocation Failure) 2020-09-29T18:18:36.039+0200: 48.320: [ParNew: 605928K->50188K(613440K), 0.0216376 secs] 626984K->71244K(2029056K), 0.0217127 secs] [Times: user=0.13 sys=0.00, real=0.02 secs] 
2020-09-29T18:18:36.108+0200: 48.389: [GC (Allocation Failure) 2020-09-29T18:18:36.108+0200: 48.389: [ParNew: 595532K->48498K(613440K), 0.0262461 secs] 616588K->69555K(2029056K), 0.0263129 secs] [Times: user=0.25 sys=0.00, real=0.03 secs] 
2020-09-29T18:18:36.184+0200: 48.465: [GC (Allocation Failure) 2020-09-29T18:18:36.184+0200: 48.465: [ParNew: 593842K->59869K(613440K), 0.0268623 secs] 614899K->80925K(2029056K), 0.0269405 secs] [Times: user=0.22 sys=0.00, real=0.03 secs] 
2020-09-29T18:18:36.262+0200: 48.543: [GC (Allocation Failure) 2020-09-29T18:18:36.262+0200: 48.543: [ParNew: 605213K->42568K(613440K), 0.0177348 secs] 626269K->63624K(2029056K), 0.0177990 secs] [Times: user=0.13 sys=0.00, real=0.02 secs] 
2020-09-29T18:18:36.333+0200: 48.614: [GC (Allocation Failure) 2020-09-29T18:18:36.333+0200: 48.614: [ParNew: 587912K->32799K(613440K), 0.0168934 secs] 608968K->53856K(2029056K), 0.0169894 secs] [Times: user=0.13 sys=0.00, real=0.03 secs] 
2020-09-29T18:18:36.415+0200: 48.696: [GC (Allocation Failure) 2020-09-29T18:18:36.415+0200: 48.696: [ParNew: 578143K->56327K(613440K), 0.0293839 secs] 599200K->77383K(2029056K), 0.0294525 secs] [Times: user=0.25 sys=0.00, real=0.03 secs] 
2020-09-29T18:18:36.493+0200: 48.774: [GC (Allocation Failure) 2020-09-29T18:18:36.493+0200: 48.774: [ParNew: 601671K->39304K(613440K), 0.0135146 secs] 622727K->60360K(2029056K), 0.0135779 secs] [Times: user=0.13 sys=0.00, real=0.01 secs] 
2020-09-29T18:18:36.563+0200: 48.844: [GC (Allocation Failure) 2020-09-29T18:18:36.563+0200: 48.844: [ParNew: 584648K->50351K(613440K), 0.0267910 secs] 605704K->71407K(2029056K), 0.0268804 secs] [Times: user=0.25 sys=0.00, real=0.03 secs] 
2020-09-29T18:18:36.644+0200: 48.925: [GC (Allocation Failure) 2020-09-29T18:18:36.644+0200: 48.925: [ParNew: 595695K->63915K(613440K), 0.0271565 secs] 616751K->84972K(2029056K), 0.0272384 secs] [Times: user=0.23 sys=0.00, real=0.03 secs] 
2020-09-29T18:18:36.718+0200: 48.999: [GC (Allocation Failure) 2020-09-29T18:18:36.718+0200: 48.999: [ParNew: 609259K->39986K(613440K), 0.0185227 secs] 630316K->61043K(2029056K), 0.0185989 secs] [Times: user=0.13 sys=0.00, real=0.02 secs] 
2020-09-29T18:18:36.786+0200: 49.067: [GC (Allocation Failure) 2020-09-29T18:18:36.786+0200: 49.067: [ParNew: 585330K->41946K(613440K), 0.0233137 secs] 606387K->63003K(2029056K), 0.0233930 secs] [Times: user=0.13 sys=0.00, real=0.02 secs] 
2020-09-29T18:18:36.859+0200: 49.140: [GC (Allocation Failure) 2020-09-29T18:18:36.859+0200: 49.140: [ParNew: 587290K->56457K(613440K), 0.0232214 secs] 608347K->77514K(2029056K), 0.0232854 secs] [Times: user=0.25 sys=0.00, real=0.02 secs] 
2020-09-29T18:18:36.935+0200: 49.216: [GC (Allocation Failure) 2020-09-29T18:18:36.936+0200: 49.217: [ParNew: 601801K->40618K(613440K), 0.0226593 secs] 622858K->61675K(2029056K), 0.0227398 secs] [Times: user=0.25 sys=0.00, real=0.02 secs] 
2020-09-29T18:18:37.009+0200: 49.290: [GC (Allocation Failure) 2020-09-29T18:18:37.009+0200: 49.290: [ParNew: 585962K->66874K(613440K), 0.0282758 secs] 607019K->87931K(2029056K), 0.0283405 secs] [Times: user=0.25 sys=0.00, real=0.03 secs] 
2020-09-29T18:18:37.084+0200: 49.365: [GC (Allocation Failure) 2020-09-29T18:18:37.084+0200: 49.365: [ParNew: 612218K->53877K(613440K), 0.0273844 secs] 633275K->74934K(2029056K), 0.0274520 secs] [Times: user=0.13 sys=0.00, real=0.03 secs] 
2020-09-29T18:18:37.161+0200: 49.442: [GC (Allocation Failure) 2020-09-29T18:18:37.161+0200: 49.442: [ParNew: 599221K->45080K(613440K), 0.0183610 secs] 620278K->66136K(2029056K), 0.0184261 secs] [Times: user=0.13 sys=0.00, real=0.02 secs] 
2020-09-29T18:18:37.237+0200: 49.518: [GC (Allocation Failure) 2020-09-29T18:18:37.237+0200: 49.518: [ParNew: 590424K->31887K(613440K), 0.0108954 secs] 611480K->52944K(2029056K), 0.0109586 secs] [Times: user=0.13 sys=0.00, real=0.01 secs] 
2020-09-29T18:18:37.303+0200: 49.584: [GC (Allocation Failure) 2020-09-29T18:18:37.303+0200: 49.584: [ParNew: 577231K->42879K(613440K), 0.0235295 secs] 598288K->63935K(2029056K), 0.0236006 secs] [Times: user=0.13 sys=0.00, real=0.02 secs] 
2020-09-29T18:18:37.377+0200: 49.658: [GC (Allocation Failure) 2020-09-29T18:18:37.377+0200: 49.658: [ParNew: 588223K->51204K(613440K), 0.0229746 secs] 609279K->72261K(2029056K), 0.0230441 secs] [Times: user=0.25 sys=0.00, real=0.02 secs] 
2020-09-29T18:18:37.451+0200: 49.733: [GC (Allocation Failure) 2020-09-29T18:18:37.452+0200: 49.733: [ParNew: 596548K->36753K(613440K), 0.0218928 secs] 617605K->57809K(2029056K), 0.0219621 secs] [Times: user=0.13 sys=0.00, real=0.02 secs] 
2020-09-29T18:18:37.530+0200: 49.811: [GC (Allocation Failure) 2020-09-29T18:18:37.530+0200: 49.811: [ParNew: 582097K->37044K(613440K), 0.0192956 secs] 603153K->58100K(2029056K), 0.0193573 secs] [Times: user=0.13 sys=0.00, real=0.02 secs] 
2020-09-29T18:18:37.605+0200: 49.886: [GC (Allocation Failure) 2020-09-29T18:18:37.605+0200: 49.886: [ParNew: 582388K->37084K(613440K), 0.0174811 secs] 603444K->58140K(2029056K), 0.0175476 secs] [Times: user=0.13 sys=0.00, real=0.02 secs] 
2020-09-29T18:18:37.677+0200: 49.959: [GC (Allocation Failure) 2020-09-29T18:18:37.677+0200: 49.959: [ParNew: 582428K->33125K(613440K), 0.0169416 secs] 603484K->54182K(2029056K), 0.0170063 secs] [Times: user=0.13 sys=0.00, real=0.02 secs] 
2020-09-29T18:18:37.744+0200: 50.026: [GC (Allocation Failure) 2020-09-29T18:18:37.744+0200: 50.026: [ParNew: 578469K->51411K(613440K), 0.0236358 secs] 599526K->72468K(2029056K), 0.0237079 secs] [Times: user=0.13 sys=0.00, real=0.02 secs] 
2020-09-29T18:18:37.821+0200: 50.102: [GC (Allocation Failure) 2020-09-29T18:18:37.821+0200: 50.102: [ParNew: 596755K->57564K(613440K), 0.0246657 secs] 617812K->78620K(2029056K), 0.0247359 secs] [Times: user=0.13 sys=0.00, real=0.02 secs] 
2020-09-29T18:18:37.891+0200: 50.172: [GC (Allocation Failure) 2020-09-29T18:18:37.891+0200: 50.172: [ParNew: 602908K->46345K(613440K), 0.0211290 secs] 623964K->67402K(2029056K), 0.0212162 secs] [Times: user=0.25 sys=0.00, real=0.02 secs] 
2020-09-29T18:18:37.968+0200: 50.249: [GC (Allocation Failure) 2020-09-29T18:18:37.968+0200: 50.249: [ParNew: 591689K->38976K(613440K), 0.0219731 secs] 612746K->60032K(2029056K), 0.0220447 secs] [Times: user=0.25 sys=0.00, real=0.02 secs] 
2020-09-29T18:18:38.044+0200: 50.325: [GC (Allocation Failure) 2020-09-29T18:18:38.044+0200: 50.325: [ParNew: 584320K->34070K(613440K), 0.0203958 secs] 605376K->55126K(2029056K), 0.0205000 secs] [Times: user=0.13 sys=0.00, real=0.02 secs] 
2020-09-29T18:18:38.114+0200: 50.396: [GC (Allocation Failure) 2020-09-29T18:18:38.114+0200: 50.396: [ParNew: 579414K->55075K(613440K), 0.0245988 secs] 600470K->76132K(2029056K), 0.0246619 secs] [Times: user=0.13 sys=0.00, real=0.02 secs] 
2020-09-29T18:18:38.194+0200: 50.475: [GC (Allocation Failure) 2020-09-29T18:18:38.194+0200: 50.475: [ParNew: 600419K->41513K(613440K), 0.0174199 secs] 621476K->62570K(2029056K), 0.0174932 secs] [Times: user=0.13 sys=0.00, real=0.02 secs] 
2020-09-29T18:18:38.262+0200: 50.543: [GC (Allocation Failure) 2020-09-29T18:18:38.262+0200: 50.543: [ParNew: 586857K->16935K(613440K), 0.0094227 secs] 607914K->37992K(2029056K), 0.0094905 secs] [Times: user=0.13 sys=0.00, real=0.01 secs] 
2020-09-29T18:18:38.333+0200: 50.614: [GC (Allocation Failure) 2020-09-29T18:18:38.333+0200: 50.614: [ParNew: 562279K->35509K(613440K), 0.0218363 secs] 583336K->56566K(2029056K), 0.0219347 secs] [Times: user=0.13 sys=0.00, real=0.02 secs] 
2020-09-29T18:18:38.404+0200: 50.685: [GC (Allocation Failure) 2020-09-29T18:18:38.404+0200: 50.685: [ParNew: 580853K->50133K(613440K), 0.0272278 secs] 601910K->71189K(2029056K), 0.0273022 secs] [Times: user=0.25 sys=0.00, real=0.03 secs] 
2020-09-29T18:18:38.483+0200: 50.764: [GC (Allocation Failure) 2020-09-29T18:18:38.483+0200: 50.764: [ParNew: 595477K->68096K(613440K), 0.0262084 secs] 616533K->89152K(2029056K), 0.0262937 secs] [Times: user=0.25 sys=0.00, real=0.03 secs] 
2020-09-29T18:18:38.564+0200: 50.846: [GC (Allocation Failure) 2020-09-29T18:18:38.564+0200: 50.846: [ParNew: 613440K->49285K(613440K), 0.0276057 secs] 634496K->70342K(2029056K), 0.0276880 secs] [Times: user=0.22 sys=0.00, real=0.03 secs] 
2020-09-29T18:18:38.641+0200: 50.923: [GC (Allocation Failure) 2020-09-29T18:18:38.641+0200: 50.923: [ParNew: 594629K->40353K(613440K), 0.0179947 secs] 615686K->61410K(2029056K), 0.0180627 secs] [Times: user=0.11 sys=0.00, real=0.02 secs] 
2020-09-29T18:18:38.718+0200: 50.999: [GC (Allocation Failure) 2020-09-29T18:18:38.718+0200: 50.999: [ParNew: 585697K->37569K(613440K), 0.0158714 secs] 606754K->58626K(2029056K), 0.0159375 secs] [Times: user=0.13 sys=0.00, real=0.02 secs] 
2020-09-29T18:18:38.788+0200: 51.069: [GC (Allocation Failure) 2020-09-29T18:18:38.788+0200: 51.069: [ParNew: 582913K->44428K(613440K), 0.0231460 secs] 603970K->65484K(2029056K), 0.0232124 secs] [Times: user=0.13 sys=0.00, real=0.02 secs] 
2020-09-29T18:18:38.861+0200: 51.143: [GC (Allocation Failure) 2020-09-29T18:18:38.861+0200: 51.143: [ParNew: 589772K->58026K(613440K), 0.0222362 secs] 610828K->79083K(2029056K), 0.0223021 secs] [Times: user=0.25 sys=0.00, real=0.02 secs] 
2020-09-29T18:18:38.932+0200: 51.214: [GC (Allocation Failure) 2020-09-29T18:18:38.932+0200: 51.214: [ParNew: 603370K->41060K(613440K), 0.0215769 secs] 624427K->62116K(2029056K), 0.0216598 secs] [Times: user=0.13 sys=0.00, real=0.02 secs] 
2020-09-29T18:18:39.004+0200: 51.285: [GC (Allocation Failure) 2020-09-29T18:18:39.004+0200: 51.285: [ParNew: 586404K->35814K(613440K), 0.0208149 secs] 607460K->56870K(2029056K), 0.0208847 secs] [Times: user=0.25 sys=0.00, real=0.02 secs] 
2020-09-29T18:18:39.071+0200: 51.353: [GC (Allocation Failure) 2020-09-29T18:18:39.071+0200: 51.353: [ParNew: 581158K->34485K(613440K), 0.0196821 secs] 602214K->55542K(2029056K), 0.0197664 secs] [Times: user=0.13 sys=0.00, real=0.02 secs] 
2020-09-29T18:18:39.144+0200: 51.425: [GC (Allocation Failure) 2020-09-29T18:18:39.144+0200: 51.425: [ParNew: 579829K->34259K(613440K), 0.0194636 secs] 600886K->55316K(2029056K), 0.0195297 secs] [Times: user=0.25 sys=0.00, real=0.02 secs] 
2020-09-29T18:18:39.216+0200: 51.497: [GC (Allocation Failure) 2020-09-29T18:18:39.216+0200: 51.497: [ParNew: 579603K->29465K(613440K), 0.0171199 secs] 600660K->50522K(2029056K), 0.0172045 secs] [Times: user=0.13 sys=0.00, real=0.02 secs] 
2020-09-29T18:18:39.282+0200: 51.564: [GC (Allocation Failure) 2020-09-29T18:18:39.282+0200: 51.564: [ParNew: 574809K->26279K(613440K), 0.0151692 secs] 595866K->47335K(2029056K), 0.0152410 secs] [Times: user=0.13 sys=0.00, real=0.02 secs] 
2020-09-29T18:18:39.345+0200: 51.626: [GC (Allocation Failure) 2020-09-29T18:18:39.345+0200: 51.626: [ParNew: 571623K->41125K(613440K), 0.0210543 secs] 592679K->62182K(2029056K), 0.0211347 secs] [Times: user=0.23 sys=0.00, real=0.02 secs] 
2020-09-29T18:18:39.420+0200: 51.701: [GC (Allocation Failure) 2020-09-29T18:18:39.420+0200: 51.701: [ParNew: 586469K->57902K(613440K), 0.0264084 secs] 607526K->78959K(2029056K), 0.0264741 secs] [Times: user=0.23 sys=0.00, real=0.03 secs] 
2020-09-29T18:18:39.501+0200: 51.782: [GC (Allocation Failure) 2020-09-29T18:18:39.501+0200: 51.782: [ParNew: 603246K->55632K(613440K), 0.0259641 secs] 624303K->76688K(2029056K), 0.0260403 secs] [Times: user=0.25 sys=0.00, real=0.03 secs] 
2020-09-29T18:18:39.577+0200: 51.858: [GC (Allocation Failure) 2020-09-29T18:18:39.577+0200: 51.858: [ParNew: 600976K->68096K(613440K), 0.0269715 secs] 622032K->89152K(2029056K), 0.0270535 secs] [Times: user=0.22 sys=0.00, real=0.03 secs] 
2020-09-29T18:18:39.660+0200: 51.941: [GC (Allocation Failure) 2020-09-29T18:18:39.660+0200: 51.941: [ParNew: 613440K->53029K(613440K), 0.0242991 secs] 634496K->74086K(2029056K), 0.0243866 secs] [Times: user=0.25 sys=0.00, real=0.02 secs] 
2020-09-29T18:18:39.734+0200: 52.015: [GC (Allocation Failure) 2020-09-29T18:18:39.734+0200: 52.015: [ParNew: 598373K->68096K(613440K), 0.0303854 secs] 619430K->89152K(2029056K), 0.0304511 secs] [Times: user=0.22 sys=0.00, real=0.03 secs] 
2020-09-29T18:18:39.813+0200: 52.094: [GC (Allocation Failure) 2020-09-29T18:18:39.813+0200: 52.094: [ParNew: 613440K->50694K(613440K), 0.0238783 secs] 634496K->71751K(2029056K), 0.0239644 secs] [Times: user=0.23 sys=0.00, real=0.02 secs] 
2020-09-29T18:18:39.891+0200: 52.172: [GC (Allocation Failure) 2020-09-29T18:18:39.891+0200: 52.172: [ParNew: 596038K->68096K(613440K), 0.0308606 secs] 617095K->89152K(2029056K), 0.0309397 secs] [Times: user=0.25 sys=0.00, real=0.03 secs] 
2020-09-29T18:18:39.971+0200: 52.252: [GC (Allocation Failure) 2020-09-29T18:18:39.971+0200: 52.252: [ParNew: 613440K->48319K(613440K), 0.0288300 secs] 634496K->69376K(2029056K), 0.0289056 secs] [Times: user=0.25 sys=0.00, real=0.03 secs] 
2020-09-29T18:18:40.047+0200: 52.328: [GC (Allocation Failure) 2020-09-29T18:18:40.047+0200: 52.328: [ParNew: 593663K->46669K(613440K), 0.0217886 secs] 614720K->67726K(2029056K), 0.0218652 secs] [Times: user=0.25 sys=0.00, real=0.02 secs] 
2020-09-29T18:18:40.127+0200: 52.408: [GC (Allocation Failure) 2020-09-29T18:18:40.127+0200: 52.408: [ParNew: 592013K->34390K(613440K), 0.0181539 secs] 613070K->55446K(2029056K), 0.0182204 secs] [Times: user=0.25 sys=0.00, real=0.02 secs] 
2020-09-29T18:18:40.204+0200: 52.485: [GC (Allocation Failure) 2020-09-29T18:18:40.204+0200: 52.485: [ParNew: 579734K->48337K(613440K), 0.0262895 secs] 600790K->69394K(2029056K), 0.0263570 secs] [Times: user=0.25 sys=0.00, real=0.03 secs] 
2020-09-29T18:18:40.281+0200: 52.562: [GC (Allocation Failure) 2020-09-29T18:18:40.281+0200: 52.562: [ParNew: 593628K->32416K(613440K), 0.0192776 secs] 614685K->53473K(2029056K), 0.0193512 secs] [Times: user=0.13 sys=0.00, real=0.02 secs] 
2020-09-29T18:18:40.355+0200: 52.636: [GC (Allocation Failure) 2020-09-29T18:18:40.355+0200: 52.636: [ParNew: 577760K->24174K(613440K), 0.0176899 secs] 598817K->45230K(2029056K), 0.0177697 secs] [Times: user=0.13 sys=0.00, real=0.02 secs] 
2020-09-29T18:18:40.430+0200: 52.712: [GC (Allocation Failure) 2020-09-29T18:18:40.431+0200: 52.712: [ParNew: 569518K->58855K(613440K), 0.0288231 secs] 590574K->79912K(2029056K), 0.0361581 secs] [Times: user=0.25 sys=0.00, real=0.04 secs] 
2020-09-29T18:18:40.516+0200: 52.797: [GC (Allocation Failure) 2020-09-29T18:18:40.516+0200: 52.797: [ParNew: 604199K->68096K(613440K), 0.0284497 secs] 625256K->89170K(2029056K), 0.0285232 secs] [Times: user=0.25 sys=0.00, real=0.03 secs] 
2020-09-29T18:18:40.597+0200: 52.878: [GC (Allocation Failure) 2020-09-29T18:18:40.597+0200: 52.878: [ParNew: 613440K->32044K(613440K), 0.0200696 secs] 634514K->53118K(2029056K), 0.0201385 secs] [Times: user=0.25 sys=0.00, real=0.02 secs] 
2020-09-29T18:18:40.670+0200: 52.951: [GC (Allocation Failure) 2020-09-29T18:18:40.670+0200: 52.951: [ParNew: 577388K->33686K(613440K), 0.0176630 secs] 598462K->54761K(2029056K), 0.0177341 secs] [Times: user=0.13 sys=0.00, real=0.02 secs] 
2020-09-29T18:18:40.748+0200: 53.029: [GC (Allocation Failure) 2020-09-29T18:18:40.748+0200: 53.029: [ParNew: 579030K->49846K(613440K), 0.0259453 secs] 600105K->70921K(2029056K), 0.0260349 secs] [Times: user=0.25 sys=0.00, real=0.03 secs] 
2020-09-29T18:18:40.823+0200: 53.104: [GC (Allocation Failure) 2020-09-29T18:18:40.823+0200: 53.104: [ParNew: 595190K->40707K(613440K), 0.0254090 secs] 616265K->61782K(2029056K), 0.0254778 secs] [Times: user=0.25 sys=0.00, real=0.03 secs] 
2020-09-29T18:18:40.896+0200: 53.177: [GC (Allocation Failure) 2020-09-29T18:18:40.896+0200: 53.177: [ParNew: 586051K->64548K(613440K), 0.0315653 secs] 607126K->85623K(2029056K), 0.0316404 secs] [Times: user=0.25 sys=0.00, real=0.03 secs] 
2020-09-29T18:18:40.978+0200: 53.259: [GC (Allocation Failure) 2020-09-29T18:18:40.978+0200: 53.259: [ParNew: 609892K->34522K(613440K), 0.0168771 secs] 630967K->55596K(2029056K), 0.0169567 secs] [Times: user=0.11 sys=0.00, real=0.02 secs] 
2020-09-29T18:18:41.052+0200: 53.333: [GC (Allocation Failure) 2020-09-29T18:18:41.052+0200: 53.333: [ParNew: 579866K->37062K(613440K), 0.0208340 secs] 600940K->58136K(2029056K), 0.0209048 secs] [Times: user=0.13 sys=0.00, real=0.02 secs] 
2020-09-29T18:18:41.129+0200: 53.409: [GC (Allocation Failure) 2020-09-29T18:18:41.129+0200: 53.410: [ParNew: 582406K->25223K(613440K), 0.0109794 secs] 603480K->46297K(2029056K), 0.0110481 secs] [Times: user=0.13 sys=0.00, real=0.01 secs] 
2020-09-29T18:18:41.204+0200: 53.485: [GC (Allocation Failure) 2020-09-29T18:18:41.204+0200: 53.485: [ParNew: 570567K->26723K(613440K), 0.0166623 secs] 591641K->47798K(2029056K), 0.0167405 secs] [Times: user=0.13 sys=0.00, real=0.02 secs] 
2020-09-29T18:18:41.279+0200: 53.560: [GC (Allocation Failure) 2020-09-29T18:18:41.279+0200: 53.560: [ParNew: 572067K->34150K(613440K), 0.0165944 secs] 593142K->55224K(2029056K), 0.0166642 secs] [Times: user=0.13 sys=0.00, real=0.02 secs] 
2020-09-29T18:18:41.354+0200: 53.635: [GC (Allocation Failure) 2020-09-29T18:18:41.354+0200: 53.635: [ParNew: 579494K->38749K(613440K), 0.0248061 secs] 600568K->59823K(2029056K), 0.0248758 secs] [Times: user=0.13 sys=0.00, real=0.02 secs] 
2020-09-29T18:18:41.426+0200: 53.707: [GC (Allocation Failure) 2020-09-29T18:18:41.426+0200: 53.707: [ParNew: 584093K->55359K(613440K), 0.0303070 secs] 605167K->76433K(2029056K), 0.0303848 secs] [Times: user=0.25 sys=0.00, real=0.03 secs] 
2020-09-29T18:18:41.509+0200: 53.790: [GC (Allocation Failure) 2020-09-29T18:18:41.509+0200: 53.790: [ParNew: 600703K->45604K(613440K), 0.0282271 secs] 621777K->66678K(2029056K), 0.0282947 secs] [Times: user=0.25 sys=0.00, real=0.03 secs] 
2020-09-29T18:18:41.593+0200: 53.874: [GC (Allocation Failure) 2020-09-29T18:18:41.593+0200: 53.874: [ParNew: 590948K->63082K(613440K), 0.0311690 secs] 612022K->84156K(2029056K), 0.0312415 secs] [Times: user=0.22 sys=0.00, real=0.03 secs] 
2020-09-29T18:18:41.675+0200: 53.956: [GC (Allocation Failure) 2020-09-29T18:18:41.675+0200: 53.956: [ParNew: 608426K->40739K(613440K), 0.0200770 secs] 629500K->61813K(2029056K), 0.0201503 secs] [Times: user=0.23 sys=0.01, real=0.02 secs] 
2020-09-29T18:18:41.743+0200: 54.024: [GC (Allocation Failure) 2020-09-29T18:18:41.743+0200: 54.024: [ParNew: 586083K->42146K(613440K), 0.0255718 secs] 607157K->63220K(2029056K), 0.0256564 secs] [Times: user=0.13 sys=0.00, real=0.03 secs] 
2020-09-29T18:18:41.825+0200: 54.106: [GC (Allocation Failure) 2020-09-29T18:18:41.826+0200: 54.106: [ParNew: 587490K->40286K(613440K), 0.0237685 secs] 608564K->61361K(2029056K), 0.0238404 secs] [Times: user=0.25 sys=0.00, real=0.02 secs] 
2020-09-29T18:18:41.896+0200: 54.177: [GC (Allocation Failure) 2020-09-29T18:18:41.896+0200: 54.177: [ParNew: 585630K->65266K(613440K), 0.0305027 secs] 606705K->86341K(2029056K), 0.0305753 secs] [Times: user=0.25 sys=0.00, real=0.03 secs] 
2020-09-29T18:18:41.982+0200: 54.262: [GC (Allocation Failure) 2020-09-29T18:18:41.982+0200: 54.262: [ParNew: 610610K->68096K(613440K), 0.0388704 secs] 631685K->91630K(2029056K), 0.0389428 secs] [Times: user=0.25 sys=0.00, real=0.04 secs] 
2020-09-29T18:18:42.071+0200: 54.352: [GC (Allocation Failure) 2020-09-29T18:18:42.071+0200: 54.352: [ParNew: 613440K->52055K(613440K), 0.0217563 secs] 636974K->75589K(2029056K), 0.0218254 secs] [Times: user=0.13 sys=0.00, real=0.02 secs] 
2020-09-29T18:18:42.145+0200: 54.426: [GC (Allocation Failure) 2020-09-29T18:18:42.145+0200: 54.426: [ParNew: 597399K->49255K(613440K), 0.0284734 secs] 620933K->72789K(2029056K), 0.0285674 secs] [Times: user=0.25 sys=0.00, real=0.03 secs] 
2020-09-29T18:18:42.226+0200: 54.507: [GC (Allocation Failure) 2020-09-29T18:18:42.226+0200: 54.507: [ParNew: 594599K->41680K(613440K), 0.0199380 secs] 618133K->65214K(2029056K), 0.0200149 secs] [Times: user=0.13 sys=0.00, real=0.02 secs] 
2020-09-29T18:18:42.300+0200: 54.581: [GC (Allocation Failure) 2020-09-29T18:18:42.300+0200: 54.581: [ParNew: 587024K->41196K(613440K), 0.0247661 secs] 610558K->64730K(2029056K), 0.0248334 secs] [Times: user=0.25 sys=0.00, real=0.03 secs] 
2020-09-29T18:18:42.379+0200: 54.660: [GC (Allocation Failure) 2020-09-29T18:18:42.379+0200: 54.660: [ParNew: 586540K->37561K(613440K), 0.0183911 secs] 610074K->61096K(2029056K), 0.0184617 secs] [Times: user=0.24 sys=0.00, real=0.02 secs] 
2020-09-29T18:18:42.451+0200: 54.732: [GC (Allocation Failure) 2020-09-29T18:18:42.451+0200: 54.732: [ParNew: 582905K->54198K(613440K), 0.0309700 secs] 606440K->77732K(2029056K), 0.0310469 secs] [Times: user=0.25 sys=0.00, real=0.03 secs] 
2020-09-29T18:18:42.532+0200: 54.813: [GC (Allocation Failure) 2020-09-29T18:18:42.533+0200: 54.813: [ParNew: 599542K->68096K(613440K), 0.0307760 secs] 623076K->91630K(2029056K), 0.0308482 secs] [Times: user=0.25 sys=0.00, real=0.03 secs] 
2020-09-29T18:18:42.614+0200: 54.895: [GC (Allocation Failure) 2020-09-29T18:18:42.614+0200: 54.895: [ParNew: 613440K->45487K(613440K), 0.0223366 secs] 636974K->69022K(2029056K), 0.0224050 secs] [Times: user=0.11 sys=0.00, real=0.02 secs] 
2020-09-29T18:18:42.684+0200: 54.965: [GC (Allocation Failure) 2020-09-29T18:18:42.684+0200: 54.965: [ParNew: 590831K->45911K(613440K), 0.0267851 secs] 614366K->69445K(2029056K), 0.0268565 secs] [Times: user=0.25 sys=0.00, real=0.03 secs] 
2020-09-29T18:18:42.758+0200: 55.039: [GC (Allocation Failure) 2020-09-29T18:18:42.758+0200: 55.039: [ParNew: 591255K->60230K(613440K), 0.0255812 secs] 614789K->83764K(2029056K), 0.0256640 secs] [Times: user=0.13 sys=0.00, real=0.03 secs] 
2020-09-29T18:18:42.837+0200: 55.118: [GC (Allocation Failure) 2020-09-29T18:18:42.837+0200: 55.118: [ParNew: 605574K->50108K(613440K), 0.0241480 secs] 629108K->73642K(2029056K), 0.0242250 secs] [Times: user=0.13 sys=0.00, real=0.02 secs] 
2020-09-29T18:18:42.909+0200: 55.190: [GC (Allocation Failure) 2020-09-29T18:18:42.909+0200: 55.190: [ParNew: 595452K->34673K(613440K), 0.0238598 secs] 618986K->58208K(2029056K), 0.0239302 secs] [Times: user=0.25 sys=0.00, real=0.02 secs] 
2020-09-29T18:18:42.982+0200: 55.263: [GC (Allocation Failure) 2020-09-29T18:18:42.982+0200: 55.263: [ParNew: 580017K->34991K(613440K), 0.0237797 secs] 603552K->58526K(2029056K), 0.0238567 secs] [Times: user=0.25 sys=0.00, real=0.02 secs] 
2020-09-29T18:18:43.067+0200: 55.348: [GC (Allocation Failure) 2020-09-29T18:18:43.067+0200: 55.348: [ParNew: 580335K->34710K(613440K), 0.0215172 secs] 603870K->58244K(2029056K), 0.0215808 secs] [Times: user=0.13 sys=0.00, real=0.02 secs] 
2020-09-29T18:18:43.146+0200: 55.427: [GC (Allocation Failure) 2020-09-29T18:18:43.146+0200: 55.427: [ParNew: 580054K->58759K(613440K), 0.0282674 secs] 603588K->82293K(2029056K), 0.0283485 secs] [Times: user=0.11 sys=0.00, real=0.03 secs] 
2020-09-29T18:18:43.228+0200: 55.509: [GC (Allocation Failure) 2020-09-29T18:18:43.228+0200: 55.509: [ParNew: 604103K->68096K(613440K), 0.0333497 secs] 627637K->91630K(2029056K), 0.0334293 secs] [Times: user=0.25 sys=0.00, real=0.03 secs] 
2020-09-29T18:18:43.311+0200: 55.592: [GC (Allocation Failure) 2020-09-29T18:18:43.311+0200: 55.592: [ParNew: 613440K->56517K(613440K), 0.0327766 secs] 636974K->80052K(2029056K), 0.0328472 secs] [Times: user=0.25 sys=0.00, real=0.03 secs] 
2020-09-29T18:18:43.392+0200: 55.673: [GC (Allocation Failure) 2020-09-29T18:18:43.392+0200: 55.673: [ParNew: 601861K->47372K(613440K), 0.0151083 secs] 625396K->70906K(2029056K), 0.0151784 secs] [Times: user=0.13 sys=0.00, real=0.02 secs] 
2020-09-29T18:18:43.467+0200: 55.748: [GC (Allocation Failure) 2020-09-29T18:18:43.467+0200: 55.748: [ParNew: 592716K->39212K(613440K), 0.0221058 secs] 616250K->62747K(2029056K), 0.0221810 secs] [Times: user=0.24 sys=0.00, real=0.02 secs] 
2020-09-29T18:18:43.543+0200: 55.824: [GC (Allocation Failure) 2020-09-29T18:18:43.543+0200: 55.824: [ParNew: 584556K->45774K(613440K), 0.0217196 secs] 608091K->69308K(2029056K), 0.0217895 secs] [Times: user=0.13 sys=0.00, real=0.02 secs] 
2020-09-29T18:18:43.626+0200: 55.907: [GC (Allocation Failure) 2020-09-29T18:18:43.626+0200: 55.907: [ParNew: 591118K->28817K(613440K), 0.0210509 secs] 614652K->52351K(2029056K), 0.0211241 secs] [Times: user=0.24 sys=0.00, real=0.02 secs] 
2020-09-29T18:18:43.695+0200: 55.976: [GC (Allocation Failure) 2020-09-29T18:18:43.695+0200: 55.976: [ParNew: 574161K->50983K(613440K), 0.0264062 secs] 597695K->74517K(2029056K), 0.0264791 secs] [Times: user=0.13 sys=0.00, real=0.03 secs] 
2020-09-29T18:18:43.774+0200: 56.055: [GC (Allocation Failure) 2020-09-29T18:18:43.774+0200: 56.055: [ParNew: 596327K->38324K(613440K), 0.0249964 secs] 619861K->61858K(2029056K), 0.0250654 secs] [Times: user=0.13 sys=0.00, real=0.03 secs] 
2020-09-29T18:18:43.848+0200: 56.129: [GC (Allocation Failure) 2020-09-29T18:18:43.848+0200: 56.129: [ParNew: 583668K->37085K(613440K), 0.0233135 secs] 607202K->60619K(2029056K), 0.0233987 secs] [Times: user=0.25 sys=0.00, real=0.02 secs] 
2020-09-29T18:18:43.919+0200: 56.200: [GC (Allocation Failure) 2020-09-29T18:18:43.919+0200: 56.200: [ParNew: 582429K->34868K(613440K), 0.0216053 secs] 605963K->58403K(2029056K), 0.0216768 secs] [Times: user=0.13 sys=0.00, real=0.02 secs] 
2020-09-29T18:18:43.991+0200: 56.272: [GC (Allocation Failure) 2020-09-29T18:18:43.991+0200: 56.272: [ParNew: 580212K->34385K(613440K), 0.0193034 secs] 603747K->57919K(2029056K), 0.0193744 secs] [Times: user=0.13 sys=0.00, real=0.02 secs] 
2020-09-29T18:18:44.064+0200: 56.345: [GC (Allocation Failure) 2020-09-29T18:18:44.064+0200: 56.345: [ParNew: 579729K->50265K(613440K), 0.0257682 secs] 603263K->73799K(2029056K), 0.0258405 secs] [Times: user=0.25 sys=0.00, real=0.03 secs] 
2020-09-29T18:18:44.140+0200: 56.421: [GC (Allocation Failure) 2020-09-29T18:18:44.140+0200: 56.421: [ParNew: 595609K->37106K(613440K), 0.0171145 secs] 619143K->60640K(2029056K), 0.0171941 secs] [Times: user=0.13 sys=0.00, real=0.02 secs] 
2020-09-29T18:18:44.214+0200: 56.495: [GC (Allocation Failure) 2020-09-29T18:18:44.214+0200: 56.495: [ParNew: 582450K->29496K(613440K), 0.0159591 secs] 605984K->53030K(2029056K), 0.0160301 secs] [Times: user=0.13 sys=0.00, real=0.02 secs] 
2020-09-29T18:18:44.282+0200: 56.563: [GC (Allocation Failure) 2020-09-29T18:18:44.282+0200: 56.563: [ParNew: 574840K->34066K(613440K), 0.0208375 secs] 598374K->57600K(2029056K), 0.0209166 secs] [Times: user=0.25 sys=0.00, real=0.02 secs] 
2020-09-29T18:18:44.364+0200: 56.645: [GC (Allocation Failure) 2020-09-29T18:18:44.364+0200: 56.645: [ParNew: 579410K->45277K(613440K), 0.0279465 secs] 602944K->68811K(2029056K), 0.0280351 secs] [Times: user=0.13 sys=0.00, real=0.03 secs] 
2020-09-29T18:18:44.450+0200: 56.731: [GC (Allocation Failure) 2020-09-29T18:18:44.450+0200: 56.731: [ParNew: 590621K->65080K(613440K), 0.0273610 secs] 614155K->88614K(2029056K), 0.0274304 secs] [Times: user=0.25 sys=0.00, real=0.03 secs] 
2020-09-29T18:18:44.526+0200: 56.807: [GC (Allocation Failure) 2020-09-29T18:18:44.526+0200: 56.807: [ParNew: 610424K->66182K(613440K), 0.0332472 secs] 633958K->89716K(2029056K), 0.0402977 secs] [Times: user=0.25 sys=0.00, real=0.04 secs] 
2020-09-29T18:18:44.615+0200: 56.897: [GC (Allocation Failure) 2020-09-29T18:18:44.616+0200: 56.897: [ParNew: 611526K->44443K(613440K), 0.0176755 secs] 635060K->67977K(2029056K), 0.0177519 secs] [Times: user=0.13 sys=0.00, real=0.02 secs] 
2020-09-29T18:18:44.689+0200: 56.971: [GC (Allocation Failure) 2020-09-29T18:18:44.689+0200: 56.971: [ParNew: 589787K->43511K(613440K), 0.0236026 secs] 613321K->67045K(2029056K), 0.0236753 secs] [Times: user=0.25 sys=0.00, real=0.02 secs] 
2020-09-29T18:18:44.764+0200: 57.045: [GC (Allocation Failure) 2020-09-29T18:18:44.764+0200: 57.045: [ParNew: 588855K->27091K(613440K), 0.0167092 secs] 612389K->50625K(2029056K), 0.0167946 secs] [Times: user=0.11 sys=0.00, real=0.02 secs] 
2020-09-29T18:18:44.832+0200: 57.113: [GC (Allocation Failure) 2020-09-29T18:18:44.832+0200: 57.113: [ParNew: 572435K->45747K(613440K), 0.0200766 secs] 595969K->69282K(2029056K), 0.0201339 secs] [Times: user=0.25 sys=0.00, real=0.02 secs] 
2020-09-29T18:18:44.903+0200: 57.184: [GC (Allocation Failure) 2020-09-29T18:18:44.903+0200: 57.184: [ParNew: 591091K->67839K(613440K), 0.0198034 secs] 614626K->91374K(2029056K), 0.0198584 secs] [Times: user=0.13 sys=0.00, real=0.02 secs] 
2020-09-29T18:18:44.970+0200: 57.252: [GC (Allocation Failure) 2020-09-29T18:18:44.970+0200: 57.252: [ParNew: 613183K->50420K(613440K), 0.0188264 secs] 636718K->73954K(2029056K), 0.0188829 secs] [Times: user=0.25 sys=0.00, real=0.02 secs] 
2020-09-29T18:18:45.036+0200: 57.317: [GC (Allocation Failure) 2020-09-29T18:18:45.036+0200: 57.317: [ParNew: 595764K->41427K(613440K), 0.0174897 secs] 619298K->64962K(2029056K), 0.0175506 secs] [Times: user=0.13 sys=0.00, real=0.02 secs] 
2020-09-29T18:18:45.101+0200: 57.382: [GC (Allocation Failure) 2020-09-29T18:18:45.101+0200: 57.382: [ParNew: 586771K->31995K(613440K), 0.0117512 secs] 610306K->55529K(2029056K), 0.0118127 secs] [Times: user=0.00 sys=0.00, real=0.01 secs] 
2020-09-29T18:18:45.161+0200: 57.442: [GC (Allocation Failure) 2020-09-29T18:18:45.161+0200: 57.442: [ParNew: 577339K->48542K(613440K), 0.0228913 secs] 600873K->72077K(2029056K), 0.0229476 secs] [Times: user=0.13 sys=0.00, real=0.02 secs] 
2020-09-29T18:18:45.231+0200: 57.512: [GC (Allocation Failure) 2020-09-29T18:18:45.231+0200: 57.512: [ParNew: 593886K->65856K(613440K), 0.0204764 secs] 617421K->89390K(2029056K), 0.0205509 secs] [Times: user=0.13 sys=0.00, real=0.02 secs] 
2020-09-29T18:18:45.299+0200: 57.580: [GC (Allocation Failure) 2020-09-29T18:18:45.299+0200: 57.580: [ParNew: 611200K->41903K(613440K), 0.0146829 secs] 634734K->65437K(2029056K), 0.0147501 secs] [Times: user=0.13 sys=0.00, real=0.01 secs] 
2020-09-29T18:18:45.368+0200: 57.649: [GC (Allocation Failure) 2020-09-29T18:18:45.368+0200: 57.649: [ParNew: 587247K->60106K(613440K), 0.0191814 secs] 610781K->83640K(2029056K), 0.0192425 secs] [Times: user=0.13 sys=0.00, real=0.02 secs] 
2020-09-29T18:18:45.437+0200: 57.718: [GC (Allocation Failure) 2020-09-29T18:18:45.437+0200: 57.718: [ParNew: 605450K->41080K(613440K), 0.0135684 secs] 628984K->64614K(2029056K), 0.0136266 secs] [Times: user=0.13 sys=0.00, real=0.01 secs] 
2020-09-29T18:18:45.497+0200: 57.778: [GC (Allocation Failure) 2020-09-29T18:18:45.497+0200: 57.778: [ParNew: 586424K->32147K(613440K), 0.0128332 secs] 609958K->55681K(2029056K), 0.0128992 secs] [Times: user=0.13 sys=0.00, real=0.01 secs] 
2020-09-29T18:18:45.561+0200: 57.842: [GC (Allocation Failure) 2020-09-29T18:18:45.561+0200: 57.842: [ParNew: 577491K->54818K(613440K), 0.0225284 secs] 601025K->78352K(2029056K), 0.0226175 secs] [Times: user=0.25 sys=0.00, real=0.02 secs] 
2020-09-29T18:18:45.633+0200: 57.914: [GC (Allocation Failure) 2020-09-29T18:18:45.633+0200: 57.914: [ParNew: 600162K->46979K(613440K), 0.0177324 secs] 623696K->70513K(2029056K), 0.0177963 secs] [Times: user=0.13 sys=0.00, real=0.02 secs] 
2020-09-29T18:18:45.700+0200: 57.982: [GC (Allocation Failure) 2020-09-29T18:18:45.700+0200: 57.982: [ParNew: 592323K->67506K(613440K), 0.0213559 secs] 615857K->91040K(2029056K), 0.0214143 secs] [Times: user=0.13 sys=0.00, real=0.02 secs] 
2020-09-29T18:18:45.772+0200: 58.054: [GC (Allocation Failure) 2020-09-29T18:18:45.772+0200: 58.054: [ParNew: 612850K->65397K(613440K), 0.0210396 secs] 636384K->88931K(2029056K), 0.0210999 secs] [Times: user=0.13 sys=0.00, real=0.02 secs] 
2020-09-29T18:18:45.841+0200: 58.122: [GC (Allocation Failure) 2020-09-29T18:18:45.841+0200: 58.122: [ParNew: 610741K->40991K(613440K), 0.0147494 secs] 634275K->64525K(2029056K), 0.0148122 secs] [Times: user=0.13 sys=0.00, real=0.01 secs] 
2020-09-29T18:18:45.906+0200: 58.187: [GC (Allocation Failure) 2020-09-29T18:18:45.906+0200: 58.187: [ParNew: 586335K->55989K(613440K), 0.0203129 secs] 609869K->79523K(2029056K), 0.0203902 secs] [Times: user=0.13 sys=0.00, real=0.02 secs] 
2020-09-29T18:18:45.979+0200: 58.261: [GC (Allocation Failure) 2020-09-29T18:18:45.979+0200: 58.261: [ParNew: 601333K->36225K(613440K), 0.0136559 secs] 624867K->59759K(2029056K), 0.0137337 secs] [Times: user=0.13 sys=0.00, real=0.01 secs] 
2020-09-29T18:18:46.045+0200: 58.326: [GC (Allocation Failure) 2020-09-29T18:18:46.045+0200: 58.326: [ParNew: 581569K->50510K(613440K), 0.0220591 secs] 605103K->74044K(2029056K), 0.0221465 secs] [Times: user=0.25 sys=0.00, real=0.02 secs] 
2020-09-29T18:18:46.115+0200: 58.396: [GC (Allocation Failure) 2020-09-29T18:18:46.115+0200: 58.396: [ParNew: 595854K->38651K(613440K), 0.0154915 secs] 619388K->62185K(2029056K), 0.0155580 secs] [Times: user=0.13 sys=0.00, real=0.02 secs] 
2020-09-29T18:18:46.177+0200: 58.458: [GC (Allocation Failure) 2020-09-29T18:18:46.177+0200: 58.458: [ParNew: 583995K->56492K(613440K), 0.0187204 secs] 607529K->80027K(2029056K), 0.0187800 secs] [Times: user=0.13 sys=0.00, real=0.02 secs] 
2020-09-29T18:18:46.245+0200: 58.526: [GC (Allocation Failure) 2020-09-29T18:18:46.245+0200: 58.526: [ParNew: 601836K->45934K(613440K), 0.0177397 secs] 625371K->69468K(2029056K), 0.0178346 secs] [Times: user=0.13 sys=0.00, real=0.02 secs] 
2020-09-29T18:18:46.313+0200: 58.594: [GC (Allocation Failure) 2020-09-29T18:18:46.313+0200: 58.594: [ParNew: 591278K->40604K(613440K), 0.0184912 secs] 614812K->64138K(2029056K), 0.0185634 secs] [Times: user=0.11 sys=0.00, real=0.02 secs] 
2020-09-29T18:18:46.379+0200: 58.661: [GC (Allocation Failure) 2020-09-29T18:18:46.379+0200: 58.661: [ParNew: 585948K->39919K(613440K), 0.0155218 secs] 609482K->63453K(2029056K), 0.0155780 secs] [Times: user=0.16 sys=0.00, real=0.02 secs] 
2020-09-29T18:18:46.446+0200: 58.727: [GC (Allocation Failure) 2020-09-29T18:18:46.446+0200: 58.727: [ParNew: 585263K->59695K(613440K), 0.0206181 secs] 608797K->83230K(2029056K), 0.0206796 secs] [Times: user=0.13 sys=0.00, real=0.02 secs] 
2020-09-29T18:18:46.517+0200: 58.798: [GC (Allocation Failure) 2020-09-29T18:18:46.517+0200: 58.798: [ParNew: 605039K->40958K(613440K), 0.0143382 secs] 628574K->64492K(2029056K), 0.0143968 secs] [Times: user=0.13 sys=0.00, real=0.02 secs] 
2020-09-29T18:18:46.582+0200: 58.863: [GC (Allocation Failure) 2020-09-29T18:18:46.582+0200: 58.863: [ParNew: 586302K->26656K(613440K), 0.0123258 secs] 609836K->50190K(2029056K), 0.0123878 secs] [Times: user=0.11 sys=0.00, real=0.01 secs] 
2020-09-29T18:18:46.647+0200: 58.928: [GC (Allocation Failure) 2020-09-29T18:18:46.647+0200: 58.928: [ParNew: 572000K->45103K(613440K), 0.0200642 secs] 595534K->68637K(2029056K), 0.0201897 secs] [Times: user=0.13 sys=0.00, real=0.02 secs] 
2020-09-29T18:18:46.714+0200: 58.995: [GC (Allocation Failure) 2020-09-29T18:18:46.714+0200: 58.995: [ParNew: 590447K->31473K(613440K), 0.0095168 secs] 613981K->55007K(2029056K), 0.0095728 secs] [Times: user=0.13 sys=0.00, real=0.01 secs] 
2020-09-29T18:18:46.774+0200: 59.055: [GC (Allocation Failure) 2020-09-29T18:18:46.774+0200: 59.055: [ParNew: 576817K->30961K(613440K), 0.0143001 secs] 600351K->54495K(2029056K), 0.0143733 secs] [Times: user=0.13 sys=0.00, real=0.01 secs] 
2020-09-29T18:18:46.851+0200: 59.131: [GC (Allocation Failure) 2020-09-29T18:18:46.851+0200: 59.131: [ParNew: 576305K->39990K(613440K), 0.0206248 secs] 599839K->63525K(2029056K), 0.0206773 secs] [Times: user=0.11 sys=0.00, real=0.02 secs] 
2020-09-29T18:18:46.923+0200: 59.204: [GC (Allocation Failure) 2020-09-29T18:18:46.923+0200: 59.204: [ParNew: 585334K->65086K(613440K), 0.0233142 secs] 608869K->88620K(2029056K), 0.0233886 secs] [Times: user=0.25 sys=0.00, real=0.02 secs] 
2020-09-29T18:18:46.993+0200: 59.274: [GC (Allocation Failure) 2020-09-29T18:18:46.993+0200: 59.274: [ParNew: 610430K->53505K(613440K), 0.0172293 secs] 633964K->77039K(2029056K), 0.0172858 secs] [Times: user=0.13 sys=0.00, real=0.02 secs] 
2020-09-29T18:18:47.057+0200: 59.338: [GC (Allocation Failure) 2020-09-29T18:18:47.057+0200: 59.338: [ParNew: 598849K->44976K(613440K), 0.0171649 secs] 622383K->68510K(2029056K), 0.0172460 secs] [Times: user=0.13 sys=0.00, real=0.02 secs] 
2020-09-29T18:18:47.121+0200: 59.402: [GC (Allocation Failure) 2020-09-29T18:18:47.121+0200: 59.402: [ParNew: 590320K->40737K(613440K), 0.0155950 secs] 613854K->64271K(2029056K), 0.0156482 secs] [Times: user=0.13 sys=0.00, real=0.02 secs] 
2020-09-29T18:18:47.187+0200: 59.468: [GC (Allocation Failure) 2020-09-29T18:18:47.187+0200: 59.468: [ParNew: 586081K->33942K(613440K), 0.0085135 secs] 609615K->57477K(2029056K), 0.0085752 secs] [Times: user=0.13 sys=0.00, real=0.01 secs] 
2020-09-29T18:18:47.247+0200: 59.528: [GC (Allocation Failure) 2020-09-29T18:18:47.247+0200: 59.528: [ParNew: 579286K->44991K(613440K), 0.0203235 secs] 602821K->68525K(2029056K), 0.0203808 secs] [Times: user=0.13 sys=0.00, real=0.02 secs] 
2020-09-29T18:18:47.315+0200: 59.596: [GC (Allocation Failure) 2020-09-29T18:18:47.315+0200: 59.596: [ParNew: 590335K->61597K(613440K), 0.0192446 secs] 613869K->85131K(2029056K), 0.0193021 secs] [Times: user=0.25 sys=0.00, real=0.02 secs] 
2020-09-29T18:18:47.385+0200: 59.666: [GC (Allocation Failure) 2020-09-29T18:18:47.385+0200: 59.666: [ParNew: 606941K->68096K(613440K), 0.0247263 secs] 630475K->91927K(2029056K), 0.0247877 secs] [Times: user=0.13 sys=0.00, real=0.03 secs] 
2020-09-29T18:18:47.456+0200: 59.737: [GC (Allocation Failure) 2020-09-29T18:18:47.456+0200: 59.737: [ParNew: 613440K->47651K(613440K), 0.0142892 secs] 637271K->71483K(2029056K), 0.0143467 secs] [Times: user=0.11 sys=0.00, real=0.01 secs] 
2020-09-29T18:18:47.523+0200: 59.804: [GC (Allocation Failure) 2020-09-29T18:18:47.523+0200: 59.804: [ParNew: 592995K->44020K(613440K), 0.0169922 secs] 616827K->67851K(2029056K), 0.0170823 secs] [Times: user=0.13 sys=0.00, real=0.02 secs] 
2020-09-29T18:18:47.595+0200: 59.876: [GC (Allocation Failure) 2020-09-29T18:18:47.595+0200: 59.876: [ParNew: 589364K->49616K(613440K), 0.0191899 secs] 613195K->73447K(2029056K), 0.0192482 secs] [Times: user=0.23 sys=0.00, real=0.02 secs] 
2020-09-29T18:18:47.666+0200: 59.947: [GC (Allocation Failure) 2020-09-29T18:18:47.666+0200: 59.947: [ParNew: 594960K->36536K(613440K), 0.0160310 secs] 618791K->60367K(2029056K), 0.0160986 secs] [Times: user=0.13 sys=0.00, real=0.02 secs] 
2020-09-29T18:18:47.729+0200: 60.010: [GC (Allocation Failure) 2020-09-29T18:18:47.729+0200: 60.010: [ParNew: 581880K->31945K(613440K), 0.0149504 secs] 605711K->55777K(2029056K), 0.0150133 secs] [Times: user=0.13 sys=0.00, real=0.01 secs] 
2020-09-29T18:18:47.791+0200: 60.072: [GC (Allocation Failure) 2020-09-29T18:18:47.791+0200: 60.072: [ParNew: 577289K->52045K(613440K), 0.0185833 secs] 601121K->75876K(2029056K), 0.0186557 secs] [Times: user=0.13 sys=0.00, real=0.02 secs] 
2020-09-29T18:18:47.863+0200: 60.143: [GC (Allocation Failure) 2020-09-29T18:18:47.863+0200: 60.143: [ParNew: 597389K->39791K(613440K), 0.0191463 secs] 621220K->63622K(2029056K), 0.0192006 secs] [Times: user=0.23 sys=0.00, real=0.02 secs] 
2020-09-29T18:18:47.930+0200: 60.211: [GC (Allocation Failure) 2020-09-29T18:18:47.930+0200: 60.211: [ParNew: 585135K->38430K(613440K), 0.0168822 secs] 608966K->62261K(2029056K), 0.0169366 secs] [Times: user=0.13 sys=0.00, real=0.02 secs] 
2020-09-29T18:18:47.995+0200: 60.276: [GC (Allocation Failure) 2020-09-29T18:18:47.995+0200: 60.276: [ParNew: 583774K->38066K(613440K), 0.0139918 secs] 607605K->61897K(2029056K), 0.0140457 secs] [Times: user=0.13 sys=0.00, real=0.01 secs] 
2020-09-29T18:18:48.060+0200: 60.341: [GC (Allocation Failure) 2020-09-29T18:18:48.060+0200: 60.341: [ParNew: 583410K->35137K(613440K), 0.0144968 secs] 607241K->58969K(2029056K), 0.0145804 secs] [Times: user=0.13 sys=0.00, real=0.02 secs] 
2020-09-29T18:18:48.127+0200: 60.407: [GC (Allocation Failure) 2020-09-29T18:18:48.127+0200: 60.407: [ParNew: 580481K->52263K(613440K), 0.0184074 secs] 604313K->76094K(2029056K), 0.0184661 secs] [Times: user=0.13 sys=0.00, real=0.02 secs] 
2020-09-29T18:18:48.192+0200: 60.473: [GC (Allocation Failure) 2020-09-29T18:18:48.192+0200: 60.473: [ParNew: 597607K->43848K(613440K), 0.0182610 secs] 621438K->67679K(2029056K), 0.0183219 secs] [Times: user=0.25 sys=0.00, real=0.02 secs] 
2020-09-29T18:18:48.257+0200: 60.538: [GC (Allocation Failure) 2020-09-29T18:18:48.257+0200: 60.538: [ParNew: 589192K->40745K(613440K), 0.0177347 secs] 613023K->64576K(2029056K), 0.0177923 secs] [Times: user=0.13 sys=0.00, real=0.02 secs] 
2020-09-29T18:18:48.322+0200: 60.603: [GC (Allocation Failure) 2020-09-29T18:18:48.322+0200: 60.603: [ParNew: 586089K->63584K(613440K), 0.0209685 secs] 609920K->87416K(2029056K), 0.0210385 secs] [Times: user=0.13 sys=0.00, real=0.02 secs] 
2020-09-29T18:18:48.391+0200: 60.672: [GC (Allocation Failure) 2020-09-29T18:18:48.391+0200: 60.672: [ParNew: 608928K->45087K(613440K), 0.0143850 secs] 632760K->68918K(2029056K), 0.0144403 secs] [Times: user=0.13 sys=0.00, real=0.01 secs] 
2020-09-29T18:18:48.458+0200: 60.738: [GC (Allocation Failure) 2020-09-29T18:18:48.458+0200: 60.738: [ParNew: 590431K->44698K(613440K), 0.0196104 secs] 614262K->68529K(2029056K), 0.0196622 secs] [Times: user=0.13 sys=0.00, real=0.02 secs] 
2020-09-29T18:18:48.524+0200: 60.805: [GC (Allocation Failure) 2020-09-29T18:18:48.524+0200: 60.805: [ParNew: 590042K->41482K(613440K), 0.0177556 secs] 613873K->65313K(2029056K), 0.0178188 secs] [Times: user=0.13 sys=0.00, real=0.02 secs] 
2020-09-29T18:18:48.591+0200: 60.872: [GC (Allocation Failure) 2020-09-29T18:18:48.591+0200: 60.872: [ParNew: 586826K->37132K(613440K), 0.0170026 secs] 610657K->60963K(2029056K), 0.0170601 secs] [Times: user=0.11 sys=0.00, real=0.02 secs] 
2020-09-29T18:18:48.659+0200: 60.940: [GC (Allocation Failure) 2020-09-29T18:18:48.659+0200: 60.940: [ParNew: 582476K->59393K(613440K), 0.0205869 secs] 606307K->83224K(2029056K), 0.0206464 secs] [Times: user=0.25 sys=0.00, real=0.02 secs] 
2020-09-29T18:18:48.730+0200: 61.010: [GC (Allocation Failure) 2020-09-29T18:18:48.730+0200: 61.010: [ParNew: 604737K->37616K(613440K), 0.0136395 secs] 628568K->61448K(2029056K), 0.0136952 secs] [Times: user=0.13 sys=0.00, real=0.01 secs] 
2020-09-29T18:18:48.794+0200: 61.075: [GC (Allocation Failure) 2020-09-29T18:18:48.794+0200: 61.075: [ParNew: 582960K->54689K(613440K), 0.0183729 secs] 606792K->78520K(2029056K), 0.0184343 secs] [Times: user=0.13 sys=0.00, real=0.02 secs] 
2020-09-29T18:18:48.862+0200: 61.143: [GC (Allocation Failure) 2020-09-29T18:18:48.862+0200: 61.143: [ParNew: 600033K->61612K(613440K), 0.0224746 secs] 623864K->85443K(2029056K), 0.0225319 secs] [Times: user=0.25 sys=0.00, real=0.02 secs] 
2020-09-29T18:18:48.934+0200: 61.215: [GC (Allocation Failure) 2020-09-29T18:18:48.934+0200: 61.215: [ParNew: 606956K->45948K(613440K), 0.0174983 secs] 630787K->69779K(2029056K), 0.0175582 secs] [Times: user=0.13 sys=0.00, real=0.02 secs] 
2020-09-29T18:18:49.009+0200: 61.289: [GC (Allocation Failure) 2020-09-29T18:18:49.009+0200: 61.290: [ParNew: 591292K->62158K(613440K), 0.0226782 secs] 615123K->85990K(2029056K), 0.0227451 secs] [Times: user=0.13 sys=0.00, real=0.02 secs] 
2020-09-29T18:18:49.082+0200: 61.363: [GC (Allocation Failure) 2020-09-29T18:18:49.082+0200: 61.363: [ParNew: 607502K->39425K(613440K), 0.0155496 secs] 631334K->63257K(2029056K), 0.0156081 secs] [Times: user=0.13 sys=0.00, real=0.02 secs] 
2020-09-29T18:18:49.147+0200: 61.428: [GC (Allocation Failure) 2020-09-29T18:18:49.147+0200: 61.428: [ParNew: 584769K->55942K(613440K), 0.0186572 secs] 608601K->79773K(2029056K), 0.0187147 secs] [Times: user=0.13 sys=0.00, real=0.02 secs] 
2020-09-29T18:18:49.212+0200: 61.493: [GC (Allocation Failure) 2020-09-29T18:18:49.212+0200: 61.493: [ParNew: 601286K->41409K(613440K), 0.0178746 secs] 625117K->65240K(2029056K), 0.0179333 secs] [Times: user=0.13 sys=0.00, real=0.02 secs] 
2020-09-29T18:18:49.278+0200: 61.559: [GC (Allocation Failure) 2020-09-29T18:18:49.278+0200: 61.559: [ParNew: 586753K->64174K(613440K), 0.0220023 secs] 610584K->88005K(2029056K), 0.0220601 secs] [Times: user=0.13 sys=0.00, real=0.02 secs] 
2020-09-29T18:18:49.347+0200: 61.628: [GC (Allocation Failure) 2020-09-29T18:18:49.347+0200: 61.628: [ParNew: 609518K->43519K(613440K), 0.0082483 secs] 633349K->67350K(2029056K), 0.0083035 secs] [Times: user=0.13 sys=0.00, real=0.01 secs] 
2020-09-29T18:18:49.403+0200: 61.684: [GC (Allocation Failure) 2020-09-29T18:18:49.403+0200: 61.684: [ParNew: 588863K->32786K(613440K), 0.0130820 secs] 612694K->56617K(2029056K), 0.0131434 secs] [Times: user=0.13 sys=0.00, real=0.01 secs] 
2020-09-29T18:18:49.469+0200: 61.750: [GC (Allocation Failure) 2020-09-29T18:18:49.469+0200: 61.750: [ParNew: 578130K->55615K(613440K), 0.0236071 secs] 601961K->79446K(2029056K), 0.0236664 secs] [Times: user=0.25 sys=0.00, real=0.02 secs] 
2020-09-29T18:18:49.540+0200: 61.821: [GC (Allocation Failure) 2020-09-29T18:18:49.540+0200: 61.821: [ParNew: 600959K->46209K(613440K), 0.0175324 secs] 624790K->70040K(2029056K), 0.0175957 secs] [Times: user=0.13 sys=0.00, real=0.02 secs] 
2020-09-29T18:18:49.605+0200: 61.886: [GC (Allocation Failure) 2020-09-29T18:18:49.605+0200: 61.886: [ParNew: 591553K->44373K(613440K), 0.0151719 secs] 615384K->68204K(2029056K), 0.0152483 secs] [Times: user=0.13 sys=0.00, real=0.02 secs] 
2020-09-29T18:18:49.673+0200: 61.954: [GC (Allocation Failure) 2020-09-29T18:18:49.673+0200: 61.954: [ParNew: 589717K->40116K(613440K), 0.0159495 secs] 613548K->63948K(2029056K), 0.0160067 secs] [Times: user=0.13 sys=0.00, real=0.02 secs] 
2020-09-29T18:18:49.739+0200: 62.020: [GC (Allocation Failure) 2020-09-29T18:18:49.739+0200: 62.020: [ParNew: 585460K->34435K(613440K), 0.0153362 secs] 609292K->58266K(2029056K), 0.0153945 secs] [Times: user=0.00 sys=0.00, real=0.01 secs] 
2020-09-29T18:18:49.801+0200: 62.082: [GC (Allocation Failure) 2020-09-29T18:18:49.801+0200: 62.082: [ParNew: 579779K->55623K(613440K), 0.0188044 secs] 603610K->79454K(2029056K), 0.0188613 secs] [Times: user=0.25 sys=0.00, real=0.02 secs] 
2020-09-29T18:18:49.870+0200: 62.151: [GC (Allocation Failure) 2020-09-29T18:18:49.870+0200: 62.151: [ParNew: 600967K->37881K(613440K), 0.0126129 secs] 624798K->61713K(2029056K), 0.0126704 secs] [Times: user=0.13 sys=0.00, real=0.01 secs] 
2020-09-29T18:18:49.936+0200: 62.217: [GC (Allocation Failure) 2020-09-29T18:18:49.936+0200: 62.217: [ParNew: 583225K->56074K(613440K), 0.0240267 secs] 607057K->79906K(2029056K), 0.0240816 secs] [Times: user=0.23 sys=0.00, real=0.02 secs] 
2020-09-29T18:18:50.009+0200: 62.290: [GC (Allocation Failure) 2020-09-29T18:18:50.009+0200: 62.290: [ParNew: 601418K->53680K(613440K), 0.0170383 secs] 625250K->77511K(2029056K), 0.0171159 secs] [Times: user=0.13 sys=0.00, real=0.02 secs] 
2020-09-29T18:18:50.078+0200: 62.359: [GC (Allocation Failure) 2020-09-29T18:18:50.078+0200: 62.359: [ParNew: 599024K->40012K(613440K), 0.0168434 secs] 622855K->63844K(2029056K), 0.0169012 secs] [Times: user=0.13 sys=0.00, real=0.02 secs] 
2020-09-29T18:18:50.144+0200: 62.425: [GC (Allocation Failure) 2020-09-29T18:18:50.144+0200: 62.425: [ParNew: 585356K->40308K(613440K), 0.0156900 secs] 609188K->64139K(2029056K), 0.0157457 secs] [Times: user=0.13 sys=0.00, real=0.02 secs] 
2020-09-29T18:18:50.212+0200: 62.493: [GC (Allocation Failure) 2020-09-29T18:18:50.212+0200: 62.493: [ParNew: 585652K->35894K(613440K), 0.0150976 secs] 609483K->59726K(2029056K), 0.0151535 secs] [Times: user=0.13 sys=0.00, real=0.02 secs] 
2020-09-29T18:18:50.273+0200: 62.554: [GC (Allocation Failure) 2020-09-29T18:18:50.273+0200: 62.554: [ParNew: 581238K->52687K(613440K), 0.0200231 secs] 605070K->76518K(2029056K), 0.0200787 secs] [Times: user=0.13 sys=0.00, real=0.02 secs] 
2020-09-29T18:18:50.340+0200: 62.621: [GC (Allocation Failure) 2020-09-29T18:18:50.340+0200: 62.621: [ParNew: 598031K->43830K(613440K), 0.0191810 secs] 621862K->67661K(2029056K), 0.0192551 secs] [Times: user=0.13 sys=0.00, real=0.02 secs] 
2020-09-29T18:18:50.407+0200: 62.688: [GC (Allocation Failure) 2020-09-29T18:18:50.407+0200: 62.688: [ParNew: 589174K->47398K(613440K), 0.0180869 secs] 613005K->71229K(2029056K), 0.0181636 secs] [Times: user=0.13 sys=0.00, real=0.02 secs] 
2020-09-29T18:18:50.474+0200: 62.755: [GC (Allocation Failure) 2020-09-29T18:18:50.474+0200: 62.755: [ParNew: 592742K->45793K(613440K), 0.0176967 secs] 616573K->69624K(2029056K), 0.0177492 secs] [Times: user=0.13 sys=0.00, real=0.02 secs] 
2020-09-29T18:18:50.542+0200: 62.823: [GC (Allocation Failure) 2020-09-29T18:18:50.542+0200: 62.823: [ParNew: 591137K->40140K(613440K), 0.0169097 secs] 614968K->63972K(2029056K), 0.0169648 secs] [Times: user=0.13 sys=0.00, real=0.02 secs] 
2020-09-29T18:18:50.614+0200: 62.895: [GC (Allocation Failure) 2020-09-29T18:18:50.614+0200: 62.895: [ParNew: 585484K->63949K(613440K), 0.0210728 secs] 609316K->87780K(2029056K), 0.0211423 secs] [Times: user=0.13 sys=0.00, real=0.02 secs] 
2020-09-29T18:18:50.685+0200: 62.966: [GC (Allocation Failure) 2020-09-29T18:18:50.685+0200: 62.966: [ParNew: 609293K->43398K(613440K), 0.0169624 secs] 633124K->67230K(2029056K), 0.0170275 secs] [Times: user=0.13 sys=0.00, real=0.02 secs] 
2020-09-29T18:18:50.750+0200: 63.031: [GC (Allocation Failure) 2020-09-29T18:18:50.750+0200: 63.031: [ParNew: 588742K->61311K(613440K), 0.0199637 secs] 612574K->85142K(2029056K), 0.0200300 secs] [Times: user=0.13 sys=0.00, real=0.02 secs] 
2020-09-29T18:18:50.816+0200: 63.097: [GC (Allocation Failure) 2020-09-29T18:18:50.817+0200: 63.097: [ParNew: 606655K->45478K(613440K), 0.0184596 secs] 630486K->69309K(2029056K), 0.0185314 secs] [Times: user=0.13 sys=0.02, real=0.02 secs] 
2020-09-29T18:18:50.882+0200: 63.163: [GC (Allocation Failure) 2020-09-29T18:18:50.882+0200: 63.163: [ParNew: 590822K->44149K(613440K), 0.0181327 secs] 614653K->67980K(2029056K), 0.0181882 secs] [Times: user=0.13 sys=0.00, real=0.02 secs] 
2020-09-29T18:18:50.952+0200: 63.233: [GC (Allocation Failure) 2020-09-29T18:18:50.952+0200: 63.233: [ParNew: 589493K->44399K(613440K), 0.0183096 secs] 613324K->68230K(2029056K), 0.0183685 secs] [Times: user=0.13 sys=0.00, real=0.02 secs] 
2020-09-29T18:18:51.019+0200: 63.300: [GC (Allocation Failure) 2020-09-29T18:18:51.019+0200: 63.300: [ParNew: 589743K->36185K(613440K), 0.0178883 secs] 613574K->60016K(2029056K), 0.0179765 secs] [Times: user=0.25 sys=0.00, real=0.02 secs] 
2020-09-29T18:18:51.085+0200: 63.366: [GC (Allocation Failure) 2020-09-29T18:18:51.085+0200: 63.366: [ParNew: 581529K->37838K(613440K), 0.0163483 secs] 605360K->61669K(2029056K), 0.0164204 secs] [Times: user=0.13 sys=0.00, real=0.02 secs] 
2020-09-29T18:18:51.159+0200: 63.440: [GC (Allocation Failure) 2020-09-29T18:18:51.159+0200: 63.440: [ParNew: 583182K->38112K(613440K), 0.0148490 secs] 607013K->61943K(2029056K), 0.0149085 secs] [Times: user=0.13 sys=0.00, real=0.02 secs] 
2020-09-29T18:18:51.221+0200: 63.502: [GC (Allocation Failure) 2020-09-29T18:18:51.221+0200: 63.502: [ParNew: 583456K->34774K(613440K), 0.0132268 secs] 607287K->58605K(2029056K), 0.0132874 secs] [Times: user=0.13 sys=0.00, real=0.01 secs] 
2020-09-29T18:18:51.287+0200: 63.568: [GC (Allocation Failure) 2020-09-29T18:18:51.287+0200: 63.568: [ParNew: 580118K->63724K(613440K), 0.0253958 secs] 603949K->87556K(2029056K), 0.0254515 secs] [Times: user=0.13 sys=0.00, real=0.03 secs] 
2020-09-29T18:18:51.360+0200: 63.641: [GC (Allocation Failure) 2020-09-29T18:18:51.360+0200: 63.641: [ParNew: 609068K->51373K(613440K), 0.0173226 secs] 632900K->75205K(2029056K), 0.0174019 secs] [Times: user=0.13 sys=0.00, real=0.03 secs] 
2020-09-29T18:18:51.432+0200: 63.713: [GC (Allocation Failure) 2020-09-29T18:18:51.432+0200: 63.713: [ParNew: 596717K->42719K(613440K), 0.0172755 secs] 620549K->66550K(2029056K), 0.0173330 secs] [Times: user=0.13 sys=0.00, real=0.02 secs] 
2020-09-29T18:18:51.501+0200: 63.782: [GC (Allocation Failure) 2020-09-29T18:18:51.501+0200: 63.782: [ParNew: 588063K->39245K(613440K), 0.0157907 secs] 611894K->63076K(2029056K), 0.0158449 secs] [Times: user=0.13 sys=0.00, real=0.02 secs] 
2020-09-29T18:18:51.570+0200: 63.851: [GC (Allocation Failure) 2020-09-29T18:18:51.570+0200: 63.851: [ParNew: 584589K->46179K(613440K), 0.0190084 secs] 608420K->70010K(2029056K), 0.0190751 secs] [Times: user=0.11 sys=0.00, real=0.02 secs] 
2020-09-29T18:18:51.638+0200: 63.919: [GC (Allocation Failure) 2020-09-29T18:18:51.638+0200: 63.919: [ParNew: 591523K->64331K(613440K), 0.0247335 secs] 615354K->88162K(2029056K), 0.0247965 secs] [Times: user=0.20 sys=0.00, real=0.03 secs] 
2020-09-29T18:18:51.711+0200: 63.992: [GC (Allocation Failure) 2020-09-29T18:18:51.711+0200: 63.992: [ParNew: 609675K->57168K(613440K), 0.0198917 secs] 633506K->80999K(2029056K), 0.0199458 secs] [Times: user=0.13 sys=0.00, real=0.02 secs] 
2020-09-29T18:18:51.778+0200: 64.059: [GC (Allocation Failure) 2020-09-29T18:18:51.778+0200: 64.059: [ParNew: 602512K->50197K(613440K), 0.0193594 secs] 626343K->74028K(2029056K), 0.0194572 secs] [Times: user=0.13 sys=0.00, real=0.02 secs] 
2020-09-29T18:18:51.846+0200: 64.127: [GC (Allocation Failure) 2020-09-29T18:18:51.846+0200: 64.127: [ParNew: 595541K->47954K(613440K), 0.0189994 secs] 619372K->71785K(2029056K), 0.0190699 secs] [Times: user=0.25 sys=0.00, real=0.02 secs] 
2020-09-29T18:18:51.918+0200: 64.199: [GC (Allocation Failure) 2020-09-29T18:18:51.918+0200: 64.199: [ParNew: 593298K->39887K(613440K), 0.0126861 secs] 617129K->63718K(2029056K), 0.0127477 secs] [Times: user=0.13 sys=0.00, real=0.01 secs] 
2020-09-29T18:18:51.979+0200: 64.260: [GC (Allocation Failure) 2020-09-29T18:18:51.979+0200: 64.260: [ParNew: 585231K->36379K(613440K), 0.0168893 secs] 609062K->60210K(2029056K), 0.0169457 secs] [Times: user=0.13 sys=0.00, real=0.02 secs] 
2020-09-29T18:18:52.046+0200: 64.327: [GC (Allocation Failure) 2020-09-29T18:18:52.046+0200: 64.327: [ParNew: 581723K->53529K(613440K), 0.0217738 secs] 605554K->77360K(2029056K), 0.0218370 secs] [Times: user=0.25 sys=0.00, real=0.02 secs] 
2020-09-29T18:18:52.117+0200: 64.398: [GC (Allocation Failure) 2020-09-29T18:18:52.117+0200: 64.398: [ParNew: 598873K->33754K(613440K), 0.0121451 secs] 622704K->57585K(2029056K), 0.0122067 secs] [Times: user=0.00 sys=0.00, real=0.01 secs] 
2020-09-29T18:18:52.187+0200: 64.468: [GC (Allocation Failure) 2020-09-29T18:18:52.187+0200: 64.468: [ParNew: 579098K->30730K(613440K), 0.0148999 secs] 602929K->54561K(2029056K), 0.0149610 secs] [Times: user=0.13 sys=0.00, real=0.01 secs] 
2020-09-29T18:18:52.251+0200: 64.532: [GC (Allocation Failure) 2020-09-29T18:18:52.251+0200: 64.532: [ParNew: 576074K->41922K(613440K), 0.0177570 secs] 599905K->65753K(2029056K), 0.0178256 secs] [Times: user=0.13 sys=0.00, real=0.02 secs] 
2020-09-29T18:18:52.316+0200: 64.597: [GC (Allocation Failure) 2020-09-29T18:18:52.316+0200: 64.597: [ParNew: 587266K->35223K(613440K), 0.0171665 secs] 611097K->59054K(2029056K), 0.0172480 secs] [Times: user=0.25 sys=0.00, real=0.02 secs] 
2020-09-29T18:18:52.380+0200: 64.661: [GC (Allocation Failure) 2020-09-29T18:18:52.380+0200: 64.661: [ParNew: 580567K->57922K(613440K), 0.0211056 secs] 604398K->81753K(2029056K), 0.0211662 secs] [Times: user=0.13 sys=0.00, real=0.02 secs] 
2020-09-29T18:18:52.447+0200: 64.728: [GC (Allocation Failure) 2020-09-29T18:18:52.447+0200: 64.728: [ParNew: 603266K->48385K(613440K), 0.0209963 secs] 627097K->72216K(2029056K), 0.0210550 secs] [Times: user=0.13 sys=0.00, real=0.02 secs] 
2020-09-29T18:18:52.516+0200: 64.797: [GC (Allocation Failure) 2020-09-29T18:18:52.516+0200: 64.797: [ParNew: 593729K->44777K(613440K), 0.0133025 secs] 617560K->68608K(2029056K), 0.0133689 secs] [Times: user=0.13 sys=0.00, real=0.01 secs] 
2020-09-29T18:18:52.578+0200: 64.859: [GC (Allocation Failure) 2020-09-29T18:18:52.578+0200: 64.859: [ParNew: 590121K->58381K(613440K), 0.0278988 secs] 613952K->82212K(2029056K), 0.0279608 secs] [Times: user=0.22 sys=0.00, real=0.03 secs] 
2020-09-29T18:18:52.655+0200: 64.936: [GC (Allocation Failure) 2020-09-29T18:18:52.655+0200: 64.936: [ParNew: 603725K->52279K(613440K), 0.0182810 secs] 627556K->76110K(2029056K), 0.0183360 secs] [Times: user=0.13 sys=0.00, real=0.02 secs] 
2020-09-29T18:18:52.722+0200: 65.003: [GC (Allocation Failure) 2020-09-29T18:18:52.722+0200: 65.003: [ParNew: 597623K->68096K(613440K), 0.0225889 secs] 621454K->92170K(2029056K), 0.0226440 secs] [Times: user=0.25 sys=0.00, real=0.02 secs] 
2020-09-29T18:18:52.796+0200: 65.077: [GC (Allocation Failure) 2020-09-29T18:18:52.796+0200: 65.077: [ParNew: 613440K->44717K(613440K), 0.0134462 secs] 637514K->68792K(2029056K), 0.0135098 secs] [Times: user=0.11 sys=0.00, real=0.01 secs] 
2020-09-29T18:18:52.862+0200: 65.144: [GC (Allocation Failure) 2020-09-29T18:18:52.863+0200: 65.144: [ParNew: 590061K->48614K(613440K), 0.0249462 secs] 614136K->72688K(2029056K), 0.0250389 secs] [Times: user=0.25 sys=0.00, real=0.03 secs] 
2020-09-29T18:18:52.937+0200: 65.219: [GC (Allocation Failure) 2020-09-29T18:18:52.937+0200: 65.219: [ParNew: 593958K->42544K(613440K), 0.0164645 secs] 618032K->66618K(2029056K), 0.0165443 secs] [Times: user=0.11 sys=0.00, real=0.02 secs] 
2020-09-29T18:18:53.002+0200: 65.283: [GC (Allocation Failure) 2020-09-29T18:18:53.002+0200: 65.283: [ParNew: 587888K->31981K(613440K), 0.0147238 secs] 611962K->56055K(2029056K), 0.0147816 secs] [Times: user=0.13 sys=0.00, real=0.01 secs] 
2020-09-29T18:18:53.070+0200: 65.351: [GC (Allocation Failure) 2020-09-29T18:18:53.070+0200: 65.351: [ParNew: 577325K->31596K(613440K), 0.0147873 secs] 601399K->55670K(2029056K), 0.0148543 secs] [Times: user=0.13 sys=0.00, real=0.02 secs] 
2020-09-29T18:18:53.136+0200: 65.417: [GC (Allocation Failure) 2020-09-29T18:18:53.136+0200: 65.417: [ParNew: 576940K->25503K(613440K), 0.0125730 secs] 601014K->49577K(2029056K), 0.0126317 secs] [Times: user=0.13 sys=0.00, real=0.01 secs] 
2020-09-29T18:18:53.196+0200: 65.477: [GC (Allocation Failure) 2020-09-29T18:18:53.196+0200: 65.477: [ParNew: 570847K->57868K(613440K), 0.0223136 secs] 594921K->81942K(2029056K), 0.0223786 secs] [Times: user=0.13 sys=0.00, real=0.02 secs] 
2020-09-29T18:18:53.267+0200: 65.549: [GC (Allocation Failure) 2020-09-29T18:18:53.267+0200: 65.549: [ParNew: 603212K->44938K(613440K), 0.0158665 secs] 627286K->69012K(2029056K), 0.0159238 secs] [Times: user=0.13 sys=0.00, real=0.02 secs] 
2020-09-29T18:18:53.330+0200: 65.611: [GC (Allocation Failure) 2020-09-29T18:18:53.330+0200: 65.611: [ParNew: 590282K->34217K(613440K), 0.0152552 secs] 614356K->58291K(2029056K), 0.0153104 secs] [Times: user=0.13 sys=0.00, real=0.02 secs] 
2020-09-29T18:18:53.395+0200: 65.676: [GC (Allocation Failure) 2020-09-29T18:18:53.395+0200: 65.676: [ParNew: 579561K->29192K(613440K), 0.0168464 secs] 603635K->53267K(2029056K), 0.0169148 secs] [Times: user=0.13 sys=0.00, real=0.02 secs] 
2020-09-29T18:18:53.464+0200: 65.745: [GC (Allocation Failure) 2020-09-29T18:18:53.464+0200: 65.745: [ParNew: 574536K->52615K(613440K), 0.0179313 secs] 598611K->76689K(2029056K), 0.0179871 secs] [Times: user=0.13 sys=0.00, real=0.02 secs] 
2020-09-29T18:18:53.530+0200: 65.811: [GC (Allocation Failure) 2020-09-29T18:18:53.530+0200: 65.811: [ParNew: 597959K->40937K(613440K), 0.0173699 secs] 622033K->65011K(2029056K), 0.0174296 secs] [Times: user=0.13 sys=0.00, real=0.02 secs] 
2020-09-29T18:18:53.604+0200: 65.885: [GC (Allocation Failure) 2020-09-29T18:18:53.604+0200: 65.885: [ParNew: 586281K->39768K(613440K), 0.0167131 secs] 610355K->63842K(2029056K), 0.0167704 secs] [Times: user=0.13 sys=0.00, real=0.02 secs] 
2020-09-29T18:18:53.670+0200: 65.951: [GC (Allocation Failure) 2020-09-29T18:18:53.670+0200: 65.951: [ParNew: 585112K->60800K(613440K), 0.0222182 secs] 609186K->84874K(2029056K), 0.0222939 secs] [Times: user=0.25 sys=0.00, real=0.02 secs] 
2020-09-29T18:18:53.739+0200: 66.020: [GC (Allocation Failure) 2020-09-29T18:18:53.739+0200: 66.020: [ParNew: 606144K->42725K(613440K), 0.0140052 secs] 630218K->66799K(2029056K), 0.0140609 secs] [Times: user=0.00 sys=0.00, real=0.01 secs] 
2020-09-29T18:18:53.802+0200: 66.083: [GC (Allocation Failure) 2020-09-29T18:18:53.802+0200: 66.083: [ParNew: 588069K->42896K(613440K), 0.0195117 secs] 612143K->66970K(2029056K), 0.0195758 secs] [Times: user=0.13 sys=0.00, real=0.02 secs] 
2020-09-29T18:18:53.868+0200: 66.150: [GC (Allocation Failure) 2020-09-29T18:18:53.868+0200: 66.150: [ParNew: 588240K->38250K(613440K), 0.0124141 secs] 612314K->62324K(2029056K), 0.0124700 secs] [Times: user=0.13 sys=0.00, real=0.01 secs] 
2020-09-29T18:18:53.932+0200: 66.213: [GC (Allocation Failure) 2020-09-29T18:18:53.932+0200: 66.213: [ParNew: 583594K->51209K(613440K), 0.0230065 secs] 607668K->75283K(2029056K), 0.0230635 secs] [Times: user=0.13 sys=0.00, real=0.02 secs] 
2020-09-29T18:18:54.001+0200: 66.282: [GC (Allocation Failure) 2020-09-29T18:18:54.001+0200: 66.282: [ParNew: 596553K->43337K(613440K), 0.0173162 secs] 620627K->67411K(2029056K), 0.0173744 secs] [Times: user=0.13 sys=0.00, real=0.02 secs] 
2020-09-29T18:18:54.065+0200: 66.346: [GC (Allocation Failure) 2020-09-29T18:18:54.065+0200: 66.346: [ParNew: 588681K->38393K(613440K), 0.0163668 secs] 612755K->62467K(2029056K), 0.0164430 secs] [Times: user=0.13 sys=0.00, real=0.02 secs] 
2020-09-29T18:18:54.130+0200: 66.411: [GC (Allocation Failure) 2020-09-29T18:18:54.130+0200: 66.411: [ParNew: 583737K->31338K(613440K), 0.0159042 secs] 607811K->55412K(2029056K), 0.0159911 secs] [Times: user=0.13 sys=0.00, real=0.02 secs] 
2020-09-29T18:18:54.197+0200: 66.478: [GC (Allocation Failure) 2020-09-29T18:18:54.197+0200: 66.478: [ParNew: 576682K->30928K(613440K), 0.0139319 secs] 600756K->55002K(2029056K), 0.0139956 secs] [Times: user=0.13 sys=0.00, real=0.01 secs] 
2020-09-29T18:18:54.263+0200: 66.544: [GC (Allocation Failure) 2020-09-29T18:18:54.263+0200: 66.544: [ParNew: 576272K->48444K(613440K), 0.0175803 secs] 600346K->72518K(2029056K), 0.0176368 secs] [Times: user=0.13 sys=0.00, real=0.02 secs] 
2020-09-29T18:18:54.328+0200: 66.609: [GC (Allocation Failure) 2020-09-29T18:18:54.328+0200: 66.609: [ParNew: 593788K->61419K(613440K), 0.0214693 secs] 617862K->85494K(2029056K), 0.0215413 secs] [Times: user=0.25 sys=0.00, real=0.02 secs] 
2020-09-29T18:18:54.396+0200: 66.677: [GC (Allocation Failure) 2020-09-29T18:18:54.396+0200: 66.677: [ParNew: 606763K->43364K(613440K), 0.0155314 secs] 630838K->67438K(2029056K), 0.0155854 secs] [Times: user=0.13 sys=0.00, real=0.02 secs] 
2020-09-29T18:18:54.467+0200: 66.748: [GC (Allocation Failure) 2020-09-29T18:18:54.467+0200: 66.748: [ParNew: 588708K->60664K(613440K), 0.0195111 secs] 612782K->84738K(2029056K), 0.0195689 secs] [Times: user=0.13 sys=0.00, real=0.02 secs] 
2020-09-29T18:18:54.534+0200: 66.815: [GC (Allocation Failure) 2020-09-29T18:18:54.534+0200: 66.815: [ParNew: 606008K->42690K(613440K), 0.0188815 secs] 630082K->66764K(2029056K), 0.0189474 secs] [Times: user=0.25 sys=0.00, real=0.02 secs] 
2020-09-29T18:18:54.602+0200: 66.884: [GC (Allocation Failure) 2020-09-29T18:18:54.602+0200: 66.884: [ParNew: 588034K->40430K(613440K), 0.0190999 secs] 612108K->64504K(2029056K), 0.0192022 secs] [Times: user=0.13 sys=0.00, real=0.02 secs] 
2020-09-29T18:18:54.673+0200: 66.954: [GC (Allocation Failure) 2020-09-29T18:18:54.673+0200: 66.954: [ParNew: 585774K->39268K(613440K), 0.0178103 secs] 609848K->63342K(2029056K), 0.0178705 secs] [Times: user=0.13 sys=0.00, real=0.02 secs] 
2020-09-29T18:18:54.738+0200: 67.019: [GC (Allocation Failure) 2020-09-29T18:18:54.738+0200: 67.019: [ParNew: 584612K->61053K(613440K), 0.0221129 secs] 608686K->85127K(2029056K), 0.0221666 secs] [Times: user=0.25 sys=0.00, real=0.02 secs] 
2020-09-29T18:18:54.809+0200: 67.090: [GC (Allocation Failure) 2020-09-29T18:18:54.809+0200: 67.090: [ParNew: 606397K->49507K(613440K), 0.0213212 secs] 630471K->73581K(2029056K), 0.0213900 secs] [Times: user=0.13 sys=0.00, real=0.02 secs] 
2020-09-29T18:18:54.877+0200: 67.158: [GC (Allocation Failure) 2020-09-29T18:18:54.877+0200: 67.158: [ParNew: 594851K->40707K(613440K), 0.0144326 secs] 618925K->64781K(2029056K), 0.0144997 secs] [Times: user=0.13 sys=0.00, real=0.01 secs] 
2020-09-29T18:18:54.942+0200: 67.224: [GC (Allocation Failure) 2020-09-29T18:18:54.942+0200: 67.224: [ParNew: 586051K->35046K(613440K), 0.0141121 secs] 610125K->59120K(2029056K), 0.0141706 secs] [Times: user=0.00 sys=0.00, real=0.01 secs] 
2020-09-29T18:18:55.008+0200: 67.289: [GC (Allocation Failure) 2020-09-29T18:18:55.008+0200: 67.289: [ParNew: 580390K->52222K(613440K), 0.0187456 secs] 604464K->76296K(2029056K), 0.0188006 secs] [Times: user=0.13 sys=0.00, real=0.02 secs] 
2020-09-29T18:18:55.075+0200: 67.356: [GC (Allocation Failure) 2020-09-29T18:18:55.075+0200: 67.356: [ParNew: 597566K->39062K(613440K), 0.0175924 secs] 621640K->63136K(2029056K), 0.0176611 secs] [Times: user=0.13 sys=0.00, real=0.02 secs] 
2020-09-29T18:18:55.141+0200: 67.422: [GC (Allocation Failure) 2020-09-29T18:18:55.141+0200: 67.422: [ParNew: 584406K->37754K(613440K), 0.0164634 secs] 608480K->61829K(2029056K), 0.0165355 secs] [Times: user=0.13 sys=0.00, real=0.02 secs] 
2020-09-29T18:18:55.209+0200: 67.490: [GC (Allocation Failure) 2020-09-29T18:18:55.209+0200: 67.490: [ParNew: 583098K->36024K(613440K), 0.0165685 secs] 607173K->60098K(2029056K), 0.0166429 secs] [Times: user=0.13 sys=0.00, real=0.02 secs] 
2020-09-29T18:18:55.281+0200: 67.563: [GC (Allocation Failure) 2020-09-29T18:18:55.281+0200: 67.563: [ParNew: 581368K->57521K(613440K), 0.0197720 secs] 605442K->81595K(2029056K), 0.0198451 secs] [Times: user=0.13 sys=0.00, real=0.02 secs] 
2020-09-29T18:18:55.347+0200: 67.629: [GC (Allocation Failure) 2020-09-29T18:18:55.347+0200: 67.629: [ParNew: 602865K->41840K(613440K), 0.0136277 secs] 626939K->65914K(2029056K), 0.0136885 secs] [Times: user=0.03 sys=0.02, real=0.01 secs] 
2020-09-29T18:18:55.421+0200: 67.703: [GC (Allocation Failure) 2020-09-29T18:18:55.421+0200: 67.703: [ParNew: 587184K->25289K(613440K), 0.0127692 secs] 611258K->49364K(2029056K), 0.0128240 secs] [Times: user=0.13 sys=0.00, real=0.01 secs] 
2020-09-29T18:18:55.483+0200: 67.764: [GC (Allocation Failure) 2020-09-29T18:18:55.483+0200: 67.764: [ParNew: 570633K->23154K(613440K), 0.0113191 secs] 594708K->47228K(2029056K), 0.0113763 secs] [Times: user=0.13 sys=0.00, real=0.01 secs] 
2020-09-29T18:18:55.544+0200: 67.826: [GC (Allocation Failure) 2020-09-29T18:18:55.544+0200: 67.826: [ParNew: 568498K->19646K(613440K), 0.0123027 secs] 592572K->43720K(2029056K), 0.0123769 secs] [Times: user=0.13 sys=0.00, real=0.01 secs] 
2020-09-29T18:18:55.611+0200: 67.892: [GC (Allocation Failure) 2020-09-29T18:18:55.611+0200: 67.892: [ParNew: 564990K->36306K(613440K), 0.0166215 secs] 589064K->60380K(2029056K), 0.0166899 secs] [Times: user=0.11 sys=0.00, real=0.02 secs] 
2020-09-29T18:18:55.677+0200: 67.958: [GC (Allocation Failure) 2020-09-29T18:18:55.677+0200: 67.958: [ParNew: 581650K->44021K(613440K), 0.0150415 secs] 605724K->68095K(2029056K), 0.0151128 secs] [Times: user=0.09 sys=0.00, real=0.01 secs] 
2020-09-29T18:18:55.744+0200: 68.025: [GC (Allocation Failure) 2020-09-29T18:18:55.744+0200: 68.025: [ParNew: 589365K->33761K(613440K), 0.0145759 secs] 613439K->57836K(2029056K), 0.0146367 secs] [Times: user=0.13 sys=0.00, real=0.02 secs] 
2020-09-29T18:18:55.806+0200: 68.088: [GC (Allocation Failure) 2020-09-29T18:18:55.806+0200: 68.088: [ParNew: 579105K->28174K(613440K), 0.0133550 secs] 603180K->52248K(2029056K), 0.0134145 secs] [Times: user=0.13 sys=0.00, real=0.01 secs] 
2020-09-29T18:18:55.866+0200: 68.148: [GC (Allocation Failure) 2020-09-29T18:18:55.866+0200: 68.148: [ParNew: 573518K->49296K(613440K), 0.0169234 secs] 597592K->73370K(2029056K), 0.0170022 secs] [Times: user=0.13 sys=0.00, real=0.02 secs] 
2020-09-29T18:18:55.931+0200: 68.213: [GC (Allocation Failure) 2020-09-29T18:18:55.931+0200: 68.213: [ParNew: 594640K->33337K(613440K), 0.0119237 secs] 618714K->57411K(2029056K), 0.0119919 secs] [Times: user=0.13 sys=0.00, real=0.01 secs] 
2020-09-29T18:18:55.994+0200: 68.275: [GC (Allocation Failure) 2020-09-29T18:18:55.994+0200: 68.275: [ParNew: 578681K->47781K(613440K), 0.0212473 secs] 602755K->71855K(2029056K), 0.0213168 secs] [Times: user=0.13 sys=0.00, real=0.02 secs] 
2020-09-29T18:18:56.063+0200: 68.345: [GC (Allocation Failure) 2020-09-29T18:18:56.063+0200: 68.345: [ParNew: 593125K->43760K(613440K), 0.0154824 secs] 617199K->67834K(2029056K), 0.0155523 secs] [Times: user=0.13 sys=0.00, real=0.02 secs] 
2020-09-29T18:18:56.127+0200: 68.408: [GC (Allocation Failure) 2020-09-29T18:18:56.127+0200: 68.408: [ParNew: 589104K->57697K(613440K), 0.0201592 secs] 613178K->81771K(2029056K), 0.0202198 secs] [Times: user=0.25 sys=0.00, real=0.02 secs] 
2020-09-29T18:18:56.197+0200: 68.478: [GC (Allocation Failure) 2020-09-29T18:18:56.197+0200: 68.478: [ParNew: 603041K->68096K(613440K), 0.0257328 secs] 627115K->93271K(2029056K), 0.0257922 secs] [Times: user=0.14 sys=0.00, real=0.03 secs] 
2020-09-29T18:18:56.271+0200: 68.552: [GC (Allocation Failure) 2020-09-29T18:18:56.271+0200: 68.552: [ParNew: 613440K->51959K(613440K), 0.0200320 secs] 638615K->77135K(2029056K), 0.0200872 secs] [Times: user=0.13 sys=0.00, real=0.02 secs] 
2020-09-29T18:18:56.339+0200: 68.620: [GC (Allocation Failure) 2020-09-29T18:18:56.339+0200: 68.620: [ParNew: 597303K->68096K(613440K), 0.0240161 secs] 622479K->93777K(2029056K), 0.0240722 secs] [Times: user=0.13 sys=0.00, real=0.02 secs] 
2020-09-29T18:18:56.410+0200: 68.692: [GC (Allocation Failure) 2020-09-29T18:18:56.410+0200: 68.692: [ParNew: 613440K->48113K(613440K), 0.0183131 secs] 639121K->73795K(2029056K), 0.0184035 secs] [Times: user=0.25 sys=0.00, real=0.02 secs] 
2020-09-29T18:18:56.477+0200: 68.758: [GC (Allocation Failure) 2020-09-29T18:18:56.477+0200: 68.758: [ParNew: 593457K->68096K(613440K), 0.0223124 secs] 619139K->94068K(2029056K), 0.0223712 secs] [Times: user=0.13 sys=0.00, real=0.02 secs] 
2020-09-29T18:18:56.548+0200: 68.829: [GC (Allocation Failure) 2020-09-29T18:18:56.548+0200: 68.829: [ParNew: 613440K->50100K(613440K), 0.0164443 secs] 639412K->76072K(2029056K), 0.0165310 secs] [Times: user=0.13 sys=0.00, real=0.02 secs] 
2020-09-29T18:18:56.613+0200: 68.895: [GC (Allocation Failure) 2020-09-29T18:18:56.613+0200: 68.895: [ParNew: 595444K->47276K(613440K), 0.0226017 secs] 621416K->73248K(2029056K), 0.0226830 secs] [Times: user=0.22 sys=0.00, real=0.02 secs] 
2020-09-29T18:18:56.684+0200: 68.965: [GC (Allocation Failure) 2020-09-29T18:18:56.684+0200: 68.966: [ParNew: 592620K->45149K(613440K), 0.0149341 secs] 618592K->71121K(2029056K), 0.0149883 secs] [Times: user=0.13 sys=0.00, real=0.01 secs] 
2020-09-29T18:18:56.750+0200: 69.031: [GC (Allocation Failure) 2020-09-29T18:18:56.750+0200: 69.031: [ParNew: 590493K->40207K(613440K), 0.0140472 secs] 616465K->66179K(2029056K), 0.0141207 secs] [Times: user=0.13 sys=0.00, real=0.01 secs] 
2020-09-29T18:18:56.814+0200: 69.095: [GC (Allocation Failure) 2020-09-29T18:18:56.814+0200: 69.095: [ParNew: 585551K->46077K(613440K), 0.0197885 secs] 611523K->72049K(2029056K), 0.0198913 secs] [Times: user=0.23 sys=0.00, real=0.02 secs] 
2020-09-29T18:18:56.888+0200: 69.169: [GC (Allocation Failure) 2020-09-29T18:18:56.888+0200: 69.169: [ParNew: 591421K->48667K(613440K), 0.0209366 secs] 617393K->74639K(2029056K), 0.0209994 secs] [Times: user=0.11 sys=0.00, real=0.02 secs] 
2020-09-29T18:18:56.965+0200: 69.247: [GC (Allocation Failure) 2020-09-29T18:18:56.965+0200: 69.247: [ParNew: 594011K->33000K(613440K), 0.0110885 secs] 619983K->58972K(2029056K), 0.0111504 secs] [Times: user=0.13 sys=0.00, real=0.01 secs] 
2020-09-29T18:18:57.028+0200: 69.310: [GC (Allocation Failure) 2020-09-29T18:18:57.028+0200: 69.310: [ParNew: 578344K->35270K(613440K), 0.0150818 secs] 604316K->61242K(2029056K), 0.0151432 secs] [Times: user=0.13 sys=0.00, real=0.01 secs] 
2020-09-29T18:18:57.099+0200: 69.380: [GC (Allocation Failure) 2020-09-29T18:18:57.099+0200: 69.380: [ParNew: 580614K->40769K(613440K), 0.0185134 secs] 606586K->66741K(2029056K), 0.0185929 secs] [Times: user=0.13 sys=0.00, real=0.02 secs] 
2020-09-29T18:18:57.172+0200: 69.453: [GC (Allocation Failure) 2020-09-29T18:18:57.172+0200: 69.453: [ParNew: 586113K->40049K(613440K), 0.0193585 secs] 612085K->66021K(2029056K), 0.0194452 secs] [Times: user=0.11 sys=0.01, real=0.02 secs] 
2020-09-29T18:18:57.244+0200: 69.525: [GC (Allocation Failure) 2020-09-29T18:18:57.244+0200: 69.525: [ParNew: 585393K->52898K(613440K), 0.0196263 secs] 611365K->78870K(2029056K), 0.0196953 secs] [Times: user=0.13 sys=0.00, real=0.02 secs] 
2020-09-29T18:18:57.314+0200: 69.595: [GC (Allocation Failure) 2020-09-29T18:18:57.314+0200: 69.595: [ParNew: 598242K->52888K(613440K), 0.0257344 secs] 624214K->78860K(2029056K), 0.0258062 secs] [Times: user=0.20 sys=0.00, real=0.03 secs] 
2020-09-29T18:18:57.396+0200: 69.678: [GC (Allocation Failure) 2020-09-29T18:18:57.396+0200: 69.678: [ParNew: 598232K->46278K(613440K), 0.0226892 secs] 624204K->72250K(2029056K), 0.0227553 secs] [Times: user=0.11 sys=0.00, real=0.02 secs] 
2020-09-29T18:18:57.474+0200: 69.755: [GC (Allocation Failure) 2020-09-29T18:18:57.474+0200: 69.755: [ParNew: 591622K->62700K(613440K), 0.0228507 secs] 617594K->88672K(2029056K), 0.0229319 secs] [Times: user=0.13 sys=0.00, real=0.02 secs] 
2020-09-29T18:18:57.548+0200: 69.829: [GC (Allocation Failure) 2020-09-29T18:18:57.548+0200: 69.829: [ParNew: 608044K->41097K(613440K), 0.0205131 secs] 634016K->67069K(2029056K), 0.0206004 secs] [Times: user=0.22 sys=0.00, real=0.02 secs] 
2020-09-29T18:18:57.621+0200: 69.903: [GC (Allocation Failure) 2020-09-29T18:18:57.621+0200: 69.903: [ParNew: 586441K->36129K(613440K), 0.0156569 secs] 612413K->62101K(2029056K), 0.0157381 secs] [Times: user=0.13 sys=0.00, real=0.02 secs] 
2020-09-29T18:18:57.694+0200: 69.975: [GC (Allocation Failure) 2020-09-29T18:18:57.694+0200: 69.975: [ParNew: 581473K->31051K(613440K), 0.0146530 secs] 607445K->57023K(2029056K), 0.0147226 secs] [Times: user=0.13 sys=0.00, real=0.02 secs] 
2020-09-29T18:18:57.759+0200: 70.041: [GC (Allocation Failure) 2020-09-29T18:18:57.759+0200: 70.041: [ParNew: 576395K->44387K(613440K), 0.0212675 secs] 602367K->70359K(2029056K), 0.0213406 secs] [Times: user=0.11 sys=0.00, real=0.02 secs] 
2020-09-29T18:18:57.831+0200: 70.113: [GC (Allocation Failure) 2020-09-29T18:18:57.831+0200: 70.113: [ParNew: 589731K->36483K(613440K), 0.0137465 secs] 615703K->62455K(2029056K), 0.0138077 secs] [Times: user=0.11 sys=0.00, real=0.01 secs] 
2020-09-29T18:18:57.905+0200: 70.187: [GC (Allocation Failure) 2020-09-29T18:18:57.905+0200: 70.187: [ParNew: 581827K->51735K(613440K), 0.0228950 secs] 607799K->77707K(2029056K), 0.0229853 secs] [Times: user=0.25 sys=0.00, real=0.02 secs] 
2020-09-29T18:18:57.980+0200: 70.261: [GC (Allocation Failure) 2020-09-29T18:18:57.980+0200: 70.262: [ParNew: 597079K->39378K(613440K), 0.0167144 secs] 623051K->65350K(2029056K), 0.0167804 secs] [Times: user=0.13 sys=0.00, real=0.02 secs] 
2020-09-29T18:18:58.047+0200: 70.328: [GC (Allocation Failure) 2020-09-29T18:18:58.047+0200: 70.328: [ParNew: 584722K->53978K(613440K), 0.0212393 secs] 610694K->79950K(2029056K), 0.0213384 secs] [Times: user=0.25 sys=0.00, real=0.02 secs] 
2020-09-29T18:18:58.117+0200: 70.398: [GC (Allocation Failure) 2020-09-29T18:18:58.117+0200: 70.398: [ParNew: 599322K->38238K(613440K), 0.0123909 secs] 625294K->64210K(2029056K), 0.0124577 secs] [Times: user=0.00 sys=0.00, real=0.01 secs] 
2020-09-29T18:18:58.180+0200: 70.461: [GC (Allocation Failure) 2020-09-29T18:18:58.180+0200: 70.461: [ParNew: 583582K->53826K(613440K), 0.0230944 secs] 609554K->79798K(2029056K), 0.0299545 secs] [Times: user=0.13 sys=0.00, real=0.03 secs] 
2020-09-29T18:18:58.267+0200: 70.548: [GC (Allocation Failure) 2020-09-29T18:18:58.267+0200: 70.548: [ParNew: 599170K->44639K(613440K), 0.0167660 secs] 625142K->70611K(2029056K), 0.0168267 secs] [Times: user=0.13 sys=0.00, real=0.02 secs] 
2020-09-29T18:18:58.333+0200: 70.614: [GC (Allocation Failure) 2020-09-29T18:18:58.333+0200: 70.614: [ParNew: 589983K->39990K(613440K), 0.0156262 secs] 615955K->65962K(2029056K), 0.0157139 secs] [Times: user=0.01 sys=0.00, real=0.02 secs] 
2020-09-29T18:18:58.399+0200: 70.679: [GC (Allocation Failure) 2020-09-29T18:18:58.399+0200: 70.680: [ParNew: 585334K->57762K(613440K), 0.0218101 secs] 611306K->83734K(2029056K), 0.0218711 secs] [Times: user=0.13 sys=0.00, real=0.02 secs] 
2020-09-29T18:18:58.470+0200: 70.751: [GC (Allocation Failure) 2020-09-29T18:18:58.470+0200: 70.751: [ParNew: 603106K->63463K(613440K), 0.0252431 secs] 629078K->89435K(2029056K), 0.0253068 secs] [Times: user=0.23 sys=0.00, real=0.02 secs] 
2020-09-29T18:18:58.545+0200: 70.826: [GC (Allocation Failure) 2020-09-29T18:18:58.545+0200: 70.826: [ParNew: 608807K->68096K(613440K), 0.0261820 secs] 634779K->95108K(2029056K), 0.0262467 secs] [Times: user=0.25 sys=0.00, real=0.03 secs] 
2020-09-29T18:18:58.622+0200: 70.903: [GC (Allocation Failure) 2020-09-29T18:18:58.622+0200: 70.903: [ParNew: 613440K->44395K(613440K), 0.0162844 secs] 640452K->71408K(2029056K), 0.0163684 secs] [Times: user=0.11 sys=0.00, real=0.02 secs] 
2020-09-29T18:18:58.699+0200: 70.980: [GC (Allocation Failure) 2020-09-29T18:18:58.699+0200: 70.980: [ParNew: 589739K->42663K(613440K), 0.0177594 secs] 616752K->69675K(2029056K), 0.0178256 secs] [Times: user=0.13 sys=0.00, real=0.02 secs] 
2020-09-29T18:18:58.764+0200: 71.045: [GC (Allocation Failure) 2020-09-29T18:18:58.764+0200: 71.045: [ParNew: 588007K->60774K(613440K), 0.0215379 secs] 615019K->87786K(2029056K), 0.0216234 secs] [Times: user=0.14 sys=0.02, real=0.02 secs] 
2020-09-29T18:18:58.834+0200: 71.115: [GC (Allocation Failure) 2020-09-29T18:18:58.834+0200: 71.115: [ParNew: 606118K->51052K(613440K), 0.0157952 secs] 633130K->78064K(2029056K), 0.0158492 secs] [Times: user=0.11 sys=0.00, real=0.02 secs] 
2020-09-29T18:18:58.899+0200: 71.180: [GC (Allocation Failure) 2020-09-29T18:18:58.899+0200: 71.180: [ParNew: 596396K->45865K(613440K), 0.0161329 secs] 623408K->72878K(2029056K), 0.0162375 secs] [Times: user=0.13 sys=0.00, real=0.02 secs] 
2020-09-29T18:18:58.966+0200: 71.246: [GC (Allocation Failure) 2020-09-29T18:18:58.966+0200: 71.247: [ParNew: 591209K->55161K(613440K), 0.0198536 secs] 618222K->82173K(2029056K), 0.0199231 secs] [Times: user=0.13 sys=0.00, real=0.02 secs] 
2020-09-29T18:18:59.032+0200: 71.313: [GC (Allocation Failure) 2020-09-29T18:18:59.032+0200: 71.313: [ParNew: 600505K->42059K(613440K), 0.0191965 secs] 627517K->69071K(2029056K), 0.0192664 secs] [Times: user=0.13 sys=0.00, real=0.02 secs] 
2020-09-29T18:18:59.098+0200: 71.379: [GC (Allocation Failure) 2020-09-29T18:18:59.098+0200: 71.379: [ParNew: 587403K->68096K(613440K), 0.0236847 secs] 614415K->95854K(2029056K), 0.0237429 secs] [Times: user=0.16 sys=0.00, real=0.02 secs] 
2020-09-29T18:18:59.169+0200: 71.450: [GC (Allocation Failure) 2020-09-29T18:18:59.169+0200: 71.450: [ParNew: 613440K->54159K(613440K), 0.0175900 secs] 641198K->81917K(2029056K), 0.0176463 secs] [Times: user=0.13 sys=0.00, real=0.02 secs] 
2020-09-29T18:18:59.238+0200: 71.519: [GC (Allocation Failure) 2020-09-29T18:18:59.238+0200: 71.519: [ParNew: 599503K->43351K(613440K), 0.0157139 secs] 627261K->71110K(2029056K), 0.0157744 secs] [Times: user=0.13 sys=0.00, real=0.02 secs] 
2020-09-29T18:18:59.303+0200: 71.584: [GC (Allocation Failure) 2020-09-29T18:18:59.303+0200: 71.584: [ParNew: 588695K->36661K(613440K), 0.0150128 secs] 616454K->64419K(2029056K), 0.0150816 secs] [Times: user=0.13 sys=0.00, real=0.02 secs] 
2020-09-29T18:18:59.370+0200: 71.651: [GC (Allocation Failure) 2020-09-29T18:18:59.370+0200: 71.651: [ParNew: 582005K->34133K(613440K), 0.0128842 secs] 609763K->61892K(2029056K), 0.0129491 secs] [Times: user=0.13 sys=0.00, real=0.01 secs] 
2020-09-29T18:18:59.433+0200: 71.714: [GC (Allocation Failure) 2020-09-29T18:18:59.433+0200: 71.714: [ParNew: 579477K->51111K(613440K), 0.0180906 secs] 607236K->78870K(2029056K), 0.0181578 secs] [Times: user=0.13 sys=0.00, real=0.02 secs] 
2020-09-29T18:18:59.498+0200: 71.779: [GC (Allocation Failure) 2020-09-29T18:18:59.498+0200: 71.779: [ParNew: 596455K->29744K(613440K), 0.0094346 secs] 624214K->57503K(2029056K), 0.0094885 secs] [Times: user=0.13 sys=0.00, real=0.01 secs] 
2020-09-29T18:18:59.562+0200: 71.843: [GC (Allocation Failure) 2020-09-29T18:18:59.562+0200: 71.843: [ParNew: 575088K->43689K(613440K), 0.0196273 secs] 602847K->71447K(2029056K), 0.0197185 secs] [Times: user=0.13 sys=0.00, real=0.02 secs] 
2020-09-29T18:18:59.633+0200: 71.914: [GC (Allocation Failure) 2020-09-29T18:18:59.633+0200: 71.914: [ParNew: 589033K->57391K(613440K), 0.0205971 secs] 616791K->85149K(2029056K), 0.0206612 secs] [Times: user=0.13 sys=0.00, real=0.02 secs] 
2020-09-29T18:18:59.703+0200: 71.984: [GC (Allocation Failure) 2020-09-29T18:18:59.703+0200: 71.984: [ParNew: 602735K->45254K(613440K), 0.0192655 secs] 630493K->73013K(2029056K), 0.0193217 secs] [Times: user=0.13 sys=0.00, real=0.02 secs] 
2020-09-29T18:18:59.769+0200: 72.050: [GC (Allocation Failure) 2020-09-29T18:18:59.770+0200: 72.050: [ParNew: 590598K->41985K(613440K), 0.0192572 secs] 618357K->69744K(2029056K), 0.0193364 secs] [Times: user=0.24 sys=0.00, real=0.02 secs] 
2020-09-29T18:18:59.836+0200: 72.117: [GC (Allocation Failure) 2020-09-29T18:18:59.837+0200: 72.117: [ParNew: 587329K->37888K(613440K), 0.0122897 secs] 615088K->65646K(2029056K), 0.0123533 secs] [Times: user=0.13 sys=0.00, real=0.01 secs] 
2020-09-29T18:18:59.900+0200: 72.181: [GC (Allocation Failure) 2020-09-29T18:18:59.900+0200: 72.181: [ParNew: 583232K->19603K(613440K), 0.0111071 secs] 610990K->47361K(2029056K), 0.0111883 secs] [Times: user=0.13 sys=0.00, real=0.01 secs] 
2020-09-29T18:18:59.959+0200: 72.240: [GC (Allocation Failure) 2020-09-29T18:18:59.959+0200: 72.240: [ParNew: 564947K->46936K(613440K), 0.0207010 secs] 592705K->74694K(2029056K), 0.0207574 secs] [Times: user=0.13 sys=0.00, real=0.02 secs] 
2020-09-29T18:19:00.029+0200: 72.310: [GC (Allocation Failure) 2020-09-29T18:19:00.029+0200: 72.310: [ParNew: 592280K->36289K(613440K), 0.0156595 secs] 620038K->64048K(2029056K), 0.0157204 secs] [Times: user=0.13 sys=0.00, real=0.02 secs] 
2020-09-29T18:19:00.092+0200: 72.373: [GC (Allocation Failure) 2020-09-29T18:19:00.092+0200: 72.373: [ParNew: 581633K->51339K(613440K), 0.0190714 secs] 609392K->79098K(2029056K), 0.0191340 secs] [Times: user=0.13 sys=0.00, real=0.02 secs] 
2020-09-29T18:19:00.158+0200: 72.439: [GC (Allocation Failure) 2020-09-29T18:19:00.158+0200: 72.439: [ParNew: 596683K->40233K(613440K), 0.0134544 secs] 624442K->67992K(2029056K), 0.0135253 secs] [Times: user=0.13 sys=0.00, real=0.01 secs] 
2020-09-29T18:19:00.224+0200: 72.505: [GC (Allocation Failure) 2020-09-29T18:19:00.224+0200: 72.505: [ParNew: 585577K->38045K(613440K), 0.0182608 secs] 613336K->65803K(2029056K), 0.0183197 secs] [Times: user=0.13 sys=0.00, real=0.02 secs] 
2020-09-29T18:19:00.289+0200: 72.569: [GC (Allocation Failure) 2020-09-29T18:19:00.289+0200: 72.569: [ParNew: 583389K->49802K(613440K), 0.0154301 secs] 611147K->77560K(2029056K), 0.0154855 secs] [Times: user=0.13 sys=0.00, real=0.01 secs] 
2020-09-29T18:19:00.356+0200: 72.637: [GC (Allocation Failure) 2020-09-29T18:19:00.357+0200: 72.637: [ParNew: 595146K->37991K(613440K), 0.0154136 secs] 622904K->65749K(2029056K), 0.0154879 secs] [Times: user=0.13 sys=0.00, real=0.02 secs] 
2020-09-29T18:19:00.424+0200: 72.705: [GC (Allocation Failure) 2020-09-29T18:19:00.424+0200: 72.705: [ParNew: 583335K->56634K(613440K), 0.0204301 secs] 611093K->84393K(2029056K), 0.0205013 secs] [Times: user=0.25 sys=0.00, real=0.02 secs] 
2020-09-29T18:19:00.492+0200: 72.773: [GC (Allocation Failure) 2020-09-29T18:19:00.492+0200: 72.773: [ParNew: 601978K->46496K(613440K), 0.0209130 secs] 629737K->74255K(2029056K), 0.0209947 secs] [Times: user=0.13 sys=0.00, real=0.02 secs] 
2020-09-29T18:19:00.565+0200: 72.846: [GC (Allocation Failure) 2020-09-29T18:19:00.565+0200: 72.846: [ParNew: 591840K->48356K(613440K), 0.0200267 secs] 619599K->76115K(2029056K), 0.0200883 secs] [Times: user=0.23 sys=0.00, real=0.02 secs] 
2020-09-29T18:19:00.634+0200: 72.915: [GC (Allocation Failure) 2020-09-29T18:19:00.634+0200: 72.915: [ParNew: 591963K->36166K(613440K), 0.0125797 secs] 619722K->63924K(2029056K), 0.0126431 secs] [Times: user=0.13 sys=0.00, real=0.01 secs] 
2020-09-29T18:19:00.694+0200: 72.975: [GC (Allocation Failure) 2020-09-29T18:19:00.694+0200: 72.975: [ParNew: 581510K->37873K(613440K), 0.0170848 secs] 609268K->65632K(2029056K), 0.0171552 secs] [Times: user=0.13 sys=0.00, real=0.02 secs] 
2020-09-29T18:19:00.758+0200: 73.039: [GC (Allocation Failure) 2020-09-29T18:19:00.758+0200: 73.039: [ParNew: 583217K->53738K(613440K), 0.0200104 secs] 610976K->81496K(2029056K), 0.0200984 secs] [Times: user=0.13 sys=0.00, real=0.02 secs] 
2020-09-29T18:19:00.825+0200: 73.106: [GC (Allocation Failure) 2020-09-29T18:19:00.825+0200: 73.106: [ParNew: 599082K->43317K(613440K), 0.0146163 secs] 626840K->71076K(2029056K), 0.0146858 secs] [Times: user=0.13 sys=0.00, real=0.01 secs] 
2020-09-29T18:19:00.889+0200: 73.170: [GC (Allocation Failure) 2020-09-29T18:19:00.889+0200: 73.170: [ParNew: 588661K->58360K(613440K), 0.0239279 secs] 616420K->86119K(2029056K), 0.0240012 secs] [Times: user=0.25 sys=0.00, real=0.02 secs] 
2020-09-29T18:19:00.960+0200: 73.241: [GC (Allocation Failure) 2020-09-29T18:19:00.960+0200: 73.241: [ParNew: 603704K->43495K(613440K), 0.0114707 secs] 631463K->71254K(2029056K), 0.0115299 secs] [Times: user=0.00 sys=0.00, real=0.01 secs] 
2020-09-29T18:19:01.030+0200: 73.311: [GC (Allocation Failure) 2020-09-29T18:19:01.031+0200: 73.311: [ParNew: 588839K->19516K(613440K), 0.0111823 secs] 616598K->47275K(2029056K), 0.0112427 secs] [Times: user=0.13 sys=0.00, real=0.01 secs] 
2020-09-29T18:19:01.093+0200: 73.374: [GC (Allocation Failure) 2020-09-29T18:19:01.093+0200: 73.374: [ParNew: 564860K->35655K(613440K), 0.0144223 secs] 592619K->63414K(2029056K), 0.0144765 secs] [Times: user=0.13 sys=0.00, real=0.01 secs] 
2020-09-29T18:19:01.156+0200: 73.437: [GC (Allocation Failure) 2020-09-29T18:19:01.156+0200: 73.437: [ParNew: 580999K->43136K(613440K), 0.0189399 secs] 608758K->70895K(2029056K), 0.0189981 secs] [Times: user=0.13 sys=0.00, real=0.02 secs] 
2020-09-29T18:19:01.224+0200: 73.505: [GC (Allocation Failure) 2020-09-29T18:19:01.224+0200: 73.505: [ParNew: 588480K->56583K(613440K), 0.0178297 secs] 616239K->84341K(2029056K), 0.0178919 secs] [Times: user=0.13 sys=0.00, real=0.02 secs] 
2020-09-29T18:19:01.288+0200: 73.569: [GC (Allocation Failure) 2020-09-29T18:19:01.289+0200: 73.569: [ParNew: 601927K->46782K(613440K), 0.0179192 secs] 629685K->74540K(2029056K), 0.0179874 secs] [Times: user=0.13 sys=0.00, real=0.02 secs] 
2020-09-29T18:19:01.359+0200: 73.640: [GC (Allocation Failure) 2020-09-29T18:19:01.359+0200: 73.640: [ParNew: 592126K->68096K(613440K), 0.0223346 secs] 619884K->95854K(2029056K), 0.0224155 secs] [Times: user=0.25 sys=0.00, real=0.02 secs] 
2020-09-29T18:19:01.431+0200: 73.711: [GC (Allocation Failure) 2020-09-29T18:19:01.431+0200: 73.711: [ParNew: 613440K->55871K(613440K), 0.0219653 secs] 641198K->83629K(2029056K), 0.0220291 secs] [Times: user=0.13 sys=0.00, real=0.02 secs] 
2020-09-29T18:19:01.500+0200: 73.781: [GC (Allocation Failure) 2020-09-29T18:19:01.500+0200: 73.781: [ParNew: 601215K->46897K(613440K), 0.0157777 secs] 628973K->74656K(2029056K), 0.0158378 secs] [Times: user=0.13 sys=0.00, real=0.02 secs] 
2020-09-29T18:19:01.567+0200: 73.848: [GC (Allocation Failure) 2020-09-29T18:19:01.567+0200: 73.848: [ParNew: 592241K->38302K(613440K), 0.0184585 secs] 620000K->66060K(2029056K), 0.0185329 secs] [Times: user=0.11 sys=0.00, real=0.02 secs] 
2020-09-29T18:19:01.640+0200: 73.921: [GC (Allocation Failure) 2020-09-29T18:19:01.640+0200: 73.921: [ParNew: 583646K->51643K(613440K), 0.0235325 secs] 611404K->79401K(2029056K), 0.0236075 secs] [Times: user=0.23 sys=0.00, real=0.02 secs] 
2020-09-29T18:19:01.715+0200: 73.996: [GC (Allocation Failure) 2020-09-29T18:19:01.715+0200: 73.996: [ParNew: 596987K->38422K(613440K), 0.0146524 secs] 624745K->66181K(2029056K), 0.0147478 secs] [Times: user=0.13 sys=0.00, real=0.02 secs] 
2020-09-29T18:19:01.781+0200: 74.062: [GC (Allocation Failure) 2020-09-29T18:19:01.781+0200: 74.062: [ParNew: 583766K->36576K(613440K), 0.0169965 secs] 611525K->64335K(2029056K), 0.0170575 secs] [Times: user=0.13 sys=0.00, real=0.02 secs] 
2020-09-29T18:19:01.847+0200: 74.128: [GC (Allocation Failure) 2020-09-29T18:19:01.847+0200: 74.128: [ParNew: 581920K->50810K(613440K), 0.0185812 secs] 609679K->78569K(2029056K), 0.0186394 secs] [Times: user=0.25 sys=0.00, real=0.02 secs] 
2020-09-29T18:19:01.914+0200: 74.196: [GC (Allocation Failure) 2020-09-29T18:19:01.915+0200: 74.196: [ParNew: 596154K->36591K(613440K), 0.0170081 secs] 623913K->64350K(2029056K), 0.0170796 secs] [Times: user=0.13 sys=0.00, real=0.02 secs] 
2020-09-29T18:19:01.978+0200: 74.259: [GC (Allocation Failure) 2020-09-29T18:19:01.978+0200: 74.259: [ParNew: 581935K->33199K(613440K), 0.0159221 secs] 609694K->60958K(2029056K), 0.0159865 secs] [Times: user=0.13 sys=0.00, real=0.02 secs] 
2020-09-29T18:19:02.052+0200: 74.333: [GC (Allocation Failure) 2020-09-29T18:19:02.052+0200: 74.333: [ParNew: 578543K->55103K(613440K), 0.0371740 secs] 606302K->82862K(2029056K), 0.0372580 secs] [Times: user=0.25 sys=0.00, real=0.04 secs] 
2020-09-29T18:19:02.135+0200: 74.416: [GC (Allocation Failure) 2020-09-29T18:19:02.135+0200: 74.416: [ParNew: 600447K->41324K(613440K), 0.0185678 secs] 628206K->69083K(2029056K), 0.0186382 secs] [Times: user=0.13 sys=0.00, real=0.02 secs] 
2020-09-29T18:19:02.205+0200: 74.486: [GC (Allocation Failure) 2020-09-29T18:19:02.205+0200: 74.486: [ParNew: 586668K->66173K(613440K), 0.0239118 secs] 614427K->93932K(2029056K), 0.0239904 secs] [Times: user=0.24 sys=0.00, real=0.02 secs] 
2020-09-29T18:19:02.277+0200: 74.558: [GC (Allocation Failure) 2020-09-29T18:19:02.277+0200: 74.558: [ParNew: 611517K->51729K(613440K), 0.0174839 secs] 639276K->79488K(2029056K), 0.0175435 secs] [Times: user=0.13 sys=0.00, real=0.02 secs] 
2020-09-29T18:19:02.341+0200: 74.622: [GC (Allocation Failure) 2020-09-29T18:19:02.341+0200: 74.622: [ParNew: 597073K->45463K(613440K), 0.0157450 secs] 624832K->73222K(2029056K), 0.0158187 secs] [Times: user=0.13 sys=0.00, real=0.02 secs] 
2020-09-29T18:19:02.406+0200: 74.687: [GC (Allocation Failure) 2020-09-29T18:19:02.406+0200: 74.687: [ParNew: 590807K->60468K(613440K), 0.0209361 secs] 618566K->88227K(2029056K), 0.0209906 secs] [Times: user=0.25 sys=0.00, real=0.02 secs] 
2020-09-29T18:19:02.474+0200: 74.755: [GC (Allocation Failure) 2020-09-29T18:19:02.474+0200: 74.755: [ParNew: 605812K->47496K(613440K), 0.0209125 secs] 633571K->75255K(2029056K), 0.0209689 secs] [Times: user=0.13 sys=0.00, real=0.02 secs] 
2020-09-29T18:19:02.542+0200: 74.823: [GC (Allocation Failure) 2020-09-29T18:19:02.542+0200: 74.823: [ParNew: 592840K->38551K(613440K), 0.0150946 secs] 620599K->66309K(2029056K), 0.0151633 secs] [Times: user=0.13 sys=0.00, real=0.01 secs] 
2020-09-29T18:19:02.609+0200: 74.890: [GC (Allocation Failure) 2020-09-29T18:19:02.609+0200: 74.890: [ParNew: 583895K->64214K(613440K), 0.0236013 secs] 611653K->91973K(2029056K), 0.0236666 secs] [Times: user=0.25 sys=0.00, real=0.02 secs] 
2020-09-29T18:19:02.682+0200: 74.963: [GC (Allocation Failure) 2020-09-29T18:19:02.682+0200: 74.963: [ParNew: 609558K->57920K(613440K), 0.0199886 secs] 637317K->85678K(2029056K), 0.0200458 secs] [Times: user=0.13 sys=0.00, real=0.02 secs] 
2020-09-29T18:19:02.751+0200: 75.032: [GC (Allocation Failure) 2020-09-29T18:19:02.751+0200: 75.032: [ParNew: 603264K->44299K(613440K), 0.0184896 secs] 631022K->72058K(2029056K), 0.0185672 secs] [Times: user=0.25 sys=0.00, real=0.02 secs] 
2020-09-29T18:19:02.817+0200: 75.098: [GC (Allocation Failure) 2020-09-29T18:19:02.817+0200: 75.098: [ParNew: 589643K->44299K(613440K), 0.0165202 secs] 617402K->72058K(2029056K), 0.0165988 secs] [Times: user=0.13 sys=0.00, real=0.02 secs] 
2020-09-29T18:19:02.885+0200: 75.166: [GC (Allocation Failure) 2020-09-29T18:19:02.885+0200: 75.166: [ParNew: 589643K->39855K(613440K), 0.0153969 secs] 617402K->67613K(2029056K), 0.0154772 secs] [Times: user=0.13 sys=0.00, real=0.02 secs] 
2020-09-29T18:19:02.948+0200: 75.230: [GC (Allocation Failure) 2020-09-29T18:19:02.949+0200: 75.230: [ParNew: 585199K->32341K(613440K), 0.0159338 secs] 612957K->60100K(2029056K), 0.0160585 secs] [Times: user=0.13 sys=0.00, real=0.02 secs] 
2020-09-29T18:19:03.016+0200: 75.297: [GC (Allocation Failure) 2020-09-29T18:19:03.016+0200: 75.297: [ParNew: 577685K->35944K(613440K), 0.0136659 secs] 605444K->63703K(2029056K), 0.0137735 secs] [Times: user=0.13 sys=0.00, real=0.01 secs] 
2020-09-29T18:19:03.080+0200: 75.362: [GC (Allocation Failure) 2020-09-29T18:19:03.080+0200: 75.362: [ParNew: 581288K->27369K(613440K), 0.0137968 secs] 609047K->55127K(2029056K), 0.0138526 secs] [Times: user=0.13 sys=0.00, real=0.01 secs] 
2020-09-29T18:19:03.152+0200: 75.433: [GC (Allocation Failure) 2020-09-29T18:19:03.152+0200: 75.433: [ParNew: 572381K->26515K(613440K), 0.0126305 secs] 600139K->54274K(2029056K), 0.0127009 secs] [Times: user=0.13 sys=0.00, real=0.01 secs] 
2020-09-29T18:19:03.212+0200: 75.493: [GC (Allocation Failure) 2020-09-29T18:19:03.212+0200: 75.493: [ParNew: 571859K->25228K(613440K), 0.0107940 secs] 599618K->52987K(2029056K), 0.0108655 secs] [Times: user=0.00 sys=0.00, real=0.01 secs] 
2020-09-29T18:19:03.274+0200: 75.555: [GC (Allocation Failure) 2020-09-29T18:19:03.274+0200: 75.555: [ParNew: 570572K->68096K(613440K), 0.0263841 secs] 598331K->95854K(2029056K), 0.0264386 secs] [Times: user=0.13 sys=0.00, real=0.03 secs] 
2020-09-29T18:19:03.349+0200: 75.630: [GC (Allocation Failure) 2020-09-29T18:19:03.349+0200: 75.630: [ParNew: 613440K->68096K(613440K), 0.0257810 secs] 641198K->97428K(2029056K), 0.0258515 secs] [Times: user=0.13 sys=0.00, real=0.03 secs] 
2020-09-29T18:19:03.422+0200: 75.703: [GC (Allocation Failure) 2020-09-29T18:19:03.422+0200: 75.703: [ParNew: 613440K->53727K(613440K), 0.0135957 secs] 642772K->83059K(2029056K), 0.0136528 secs] [Times: user=0.13 sys=0.00, real=0.01 secs] 
2020-09-29T18:19:03.483+0200: 75.764: [GC (Allocation Failure) 2020-09-29T18:19:03.483+0200: 75.764: [ParNew: 599071K->41460K(613440K), 0.0177557 secs] 628403K->70792K(2029056K), 0.0178102 secs] [Times: user=0.13 sys=0.00, real=0.02 secs] 
2020-09-29T18:19:03.550+0200: 75.832: [GC (Allocation Failure) 2020-09-29T18:19:03.550+0200: 75.832: [ParNew: 586804K->64643K(613440K), 0.0228269 secs] 616136K->93975K(2029056K), 0.0229156 secs] [Times: user=0.25 sys=0.00, real=0.02 secs] 
2020-09-29T18:19:03.622+0200: 75.903: [GC (Allocation Failure) 2020-09-29T18:19:03.622+0200: 75.904: [ParNew: 609987K->45124K(613440K), 0.0182315 secs] 639319K->74456K(2029056K), 0.0182931 secs] [Times: user=0.11 sys=0.00, real=0.02 secs] 
2020-09-29T18:19:03.692+0200: 75.973: [GC (Allocation Failure) 2020-09-29T18:19:03.692+0200: 75.973: [ParNew: 590468K->36936K(613440K), 0.0084143 secs] 619800K->66269K(2029056K), 0.0084750 secs] [Times: user=0.00 sys=0.00, real=0.01 secs] 
2020-09-29T18:19:03.749+0200: 76.030: [GC (Allocation Failure) 2020-09-29T18:19:03.749+0200: 76.030: [ParNew: 582280K->58468K(613440K), 0.0247869 secs] 611613K->87800K(2029056K), 0.0248863 secs] [Times: user=0.25 sys=0.00, real=0.02 secs] 
2020-09-29T18:19:03.821+0200: 76.102: [GC (Allocation Failure) 2020-09-29T18:19:03.821+0200: 76.102: [ParNew: 603812K->68096K(613440K), 0.0235495 secs] 633144K->97884K(2029056K), 0.0236033 secs] [Times: user=0.13 sys=0.00, real=0.02 secs] 
2020-09-29T18:19:03.891+0200: 76.172: [GC (Allocation Failure) 2020-09-29T18:19:03.891+0200: 76.172: [ParNew: 613440K->45285K(613440K), 0.0115081 secs] 643228K->75073K(2029056K), 0.0115915 secs] [Times: user=0.13 sys=0.00, real=0.01 secs] 
2020-09-29T18:19:03.954+0200: 76.235: [GC (Allocation Failure) 2020-09-29T18:19:03.954+0200: 76.235: [ParNew: 590629K->41146K(613440K), 0.0160626 secs] 620417K->70934K(2029056K), 0.0161354 secs] [Times: user=0.13 sys=0.00, real=0.02 secs] 
2020-09-29T18:19:04.020+0200: 76.301: [GC (Allocation Failure) 2020-09-29T18:19:04.020+0200: 76.301: [ParNew: 586490K->35041K(613440K), 0.0163513 secs] 616278K->64829K(2029056K), 0.0164094 secs] [Times: user=0.13 sys=0.00, real=0.02 secs] 
2020-09-29T18:19:04.084+0200: 76.365: [GC (Allocation Failure) 2020-09-29T18:19:04.084+0200: 76.365: [ParNew: 580385K->57718K(613440K), 0.0208420 secs] 610173K->87506K(2029056K), 0.0208962 secs] [Times: user=0.13 sys=0.00, real=0.02 secs] 
2020-09-29T18:19:04.152+0200: 76.434: [GC (Allocation Failure) 2020-09-29T18:19:04.152+0200: 76.434: [ParNew: 603062K->68096K(613440K), 0.0206905 secs] 632850K->97884K(2029056K), 0.0207415 secs] [Times: user=0.13 sys=0.00, real=0.02 secs] 
2020-09-29T18:19:04.222+0200: 76.503: [GC (Allocation Failure) 2020-09-29T18:19:04.222+0200: 76.503: [ParNew: 613440K->30809K(613440K), 0.0141940 secs] 643228K->60598K(2029056K), 0.0142852 secs] [Times: user=0.13 sys=0.00, real=0.01 secs] 
2020-09-29T18:19:04.291+0200: 76.573: [GC (Allocation Failure) 2020-09-29T18:19:04.291+0200: 76.573: [ParNew: 576153K->51766K(613440K), 0.0179492 secs] 605942K->81555K(2029056K), 0.0180084 secs] [Times: user=0.13 sys=0.00, real=0.02 secs] 
2020-09-29T18:19:04.362+0200: 76.643: [GC (Allocation Failure) 2020-09-29T18:19:04.362+0200: 76.643: [ParNew: 597110K->39252K(613440K), 0.0176933 secs] 626899K->69040K(2029056K), 0.0177660 secs] [Times: user=0.13 sys=0.00, real=0.02 secs] 
2020-09-29T18:19:04.430+0200: 76.712: [GC (Allocation Failure) 2020-09-29T18:19:04.430+0200: 76.712: [ParNew: 584596K->51973K(613440K), 0.0201046 secs] 614384K->81762K(2029056K), 0.0201709 secs] [Times: user=0.13 sys=0.00, real=0.02 secs] 
2020-09-29T18:19:04.498+0200: 76.779: [GC (Allocation Failure) 2020-09-29T18:19:04.498+0200: 76.779: [ParNew: 597317K->68096K(613440K), 0.0204756 secs] 627106K->97884K(2029056K), 0.0205377 secs] [Times: user=0.13 sys=0.00, real=0.02 secs] 
2020-09-29T18:19:04.567+0200: 76.848: [GC (Allocation Failure) 2020-09-29T18:19:04.567+0200: 76.848: [ParNew: 613440K->46518K(613440K), 0.0153262 secs] 643228K->76306K(2029056K), 0.0153928 secs] [Times: user=0.00 sys=0.00, real=0.02 secs] 
2020-09-29T18:19:04.634+0200: 76.915: [GC (Allocation Failure) 2020-09-29T18:19:04.634+0200: 76.915: [ParNew: 591862K->43758K(613440K), 0.0208749 secs] 621650K->73547K(2029056K), 0.0209513 secs] [Times: user=0.13 sys=0.00, real=0.02 secs] 
2020-09-29T18:19:04.703+0200: 76.984: [GC (Allocation Failure) 2020-09-29T18:19:04.703+0200: 76.984: [ParNew: 589102K->40585K(613440K), 0.0192302 secs] 618891K->70374K(2029056K), 0.0193109 secs] [Times: user=0.13 sys=0.00, real=0.02 secs] 
2020-09-29T18:19:04.773+0200: 77.054: [GC (Allocation Failure) 2020-09-29T18:19:04.773+0200: 77.054: [ParNew: 585929K->44304K(613440K), 0.0166208 secs] 615718K->74092K(2029056K), 0.0166833 secs] [Times: user=0.13 sys=0.00, real=0.02 secs] 
2020-09-29T18:19:04.841+0200: 77.123: [GC (Allocation Failure) 2020-09-29T18:19:04.842+0200: 77.123: [ParNew: 589648K->34148K(613440K), 0.0166056 secs] 619436K->63936K(2029056K), 0.0166877 secs] [Times: user=0.13 sys=0.00, real=0.02 secs] 
2020-09-29T18:19:04.906+0200: 77.187: [GC (Allocation Failure) 2020-09-29T18:19:04.906+0200: 77.187: [ParNew: 579492K->57338K(613440K), 0.0200847 secs] 609280K->87127K(2029056K), 0.0202215 secs] [Times: user=0.24 sys=0.00, real=0.02 secs] 
2020-09-29T18:19:04.972+0200: 77.254: [GC (Allocation Failure) 2020-09-29T18:19:04.972+0200: 77.254: [ParNew: 602682K->35423K(613440K), 0.0128985 secs] 632471K->65212K(2029056K), 0.0129552 secs] [Times: user=0.09 sys=0.01, real=0.01 secs] 
2020-09-29T18:19:05.031+0200: 77.313: [GC (Allocation Failure) 2020-09-29T18:19:05.032+0200: 77.313: [ParNew: 580767K->34522K(613440K), 0.0110644 secs] 610556K->64311K(2029056K), 0.0111235 secs] [Times: user=0.13 sys=0.00, real=0.01 secs] 
2020-09-29T18:19:05.093+0200: 77.375: [GC (Allocation Failure) 2020-09-29T18:19:05.093+0200: 77.375: [ParNew: 579866K->26470K(613440K), 0.0125310 secs] 609655K->56259K(2029056K), 0.0126757 secs] [Times: user=0.13 sys=0.00, real=0.01 secs] 
2020-09-29T18:19:05.158+0200: 77.440: [GC (Allocation Failure) 2020-09-29T18:19:05.158+0200: 77.440: [ParNew: 571814K->35153K(613440K), 0.0161503 secs] 601603K->64942K(2029056K), 0.0162116 secs] [Times: user=0.13 sys=0.00, real=0.02 secs] 
2020-09-29T18:19:05.223+0200: 77.504: [GC (Allocation Failure) 2020-09-29T18:19:05.223+0200: 77.504: [ParNew: 580497K->50518K(613440K), 0.0200339 secs] 610286K->80306K(2029056K), 0.0200915 secs] [Times: user=0.13 sys=0.00, real=0.02 secs] 
2020-09-29T18:19:05.290+0200: 77.572: [GC (Allocation Failure) 2020-09-29T18:19:05.290+0200: 77.572: [ParNew: 595862K->66957K(613440K), 0.0238340 secs] 625650K->96745K(2029056K), 0.0239019 secs] [Times: user=0.13 sys=0.00, real=0.02 secs] 
2020-09-29T18:19:05.361+0200: 77.642: [GC (Allocation Failure) 2020-09-29T18:19:05.361+0200: 77.642: [ParNew: 612301K->55428K(613440K), 0.0184845 secs] 642089K->85217K(2029056K), 0.0185534 secs] [Times: user=0.25 sys=0.00, real=0.02 secs] 
2020-09-29T18:19:05.427+0200: 77.708: [GC (Allocation Failure) 2020-09-29T18:19:05.427+0200: 77.708: [ParNew: 600772K->68096K(613440K), 0.0226885 secs] 630561K->97884K(2029056K), 0.0227520 secs] [Times: user=0.13 sys=0.00, real=0.02 secs] 
2020-09-29T18:19:05.498+0200: 77.779: [GC (Allocation Failure) 2020-09-29T18:19:05.498+0200: 77.779: [ParNew: 613440K->48274K(613440K), 0.0150280 secs] 643228K->78062K(2029056K), 0.0150846 secs] [Times: user=0.13 sys=0.00, real=0.02 secs] 
2020-09-29T18:19:05.560+0200: 77.841: [GC (Allocation Failure) 2020-09-29T18:19:05.560+0200: 77.841: [ParNew: 593618K->48168K(613440K), 0.0204952 secs] 623406K->77956K(2029056K), 0.0205738 secs] [Times: user=0.13 sys=0.00, real=0.02 secs] 
2020-09-29T18:19:05.630+0200: 77.912: [GC (Allocation Failure) 2020-09-29T18:19:05.630+0200: 77.912: [ParNew: 593512K->61135K(613440K), 0.0202129 secs] 623300K->90924K(2029056K), 0.0202747 secs] [Times: user=0.13 sys=0.00, real=0.02 secs] 
2020-09-29T18:19:05.700+0200: 77.981: [GC (Allocation Failure) 2020-09-29T18:19:05.700+0200: 77.981: [ParNew: 606479K->49668K(613440K), 0.0202159 secs] 636268K->79456K(2029056K), 0.0202796 secs] [Times: user=0.11 sys=0.00, real=0.02 secs] 
2020-09-29T18:19:05.766+0200: 78.048: [GC (Allocation Failure) 2020-09-29T18:19:05.766+0200: 78.048: [ParNew: 595012K->68096K(613440K), 0.0247245 secs] 624800K->98994K(2029056K), 0.0247899 secs] [Times: user=0.25 sys=0.00, real=0.02 secs] 
2020-09-29T18:19:05.840+0200: 78.121: [GC (Allocation Failure) 2020-09-29T18:19:05.840+0200: 78.122: [ParNew: 613440K->47349K(613440K), 0.0123638 secs] 644338K->78248K(2029056K), 0.0124209 secs] [Times: user=0.13 sys=0.00, real=0.01 secs] 
2020-09-29T18:19:05.903+0200: 78.185: [GC (Allocation Failure) 2020-09-29T18:19:05.904+0200: 78.185: [ParNew: 592693K->42337K(613440K), 0.0181127 secs] 623592K->73236K(2029056K), 0.0181729 secs] [Times: user=0.13 sys=0.00, real=0.02 secs] 
2020-09-29T18:19:05.973+0200: 78.254: [GC (Allocation Failure) 2020-09-29T18:19:05.973+0200: 78.254: [ParNew: 587681K->37420K(613440K), 0.0180705 secs] 618580K->68319K(2029056K), 0.0181228 secs] [Times: user=0.13 sys=0.00, real=0.02 secs] 
2020-09-29T18:19:06.039+0200: 78.320: [GC (Allocation Failure) 2020-09-29T18:19:06.039+0200: 78.320: [ParNew: 582764K->37533K(613440K), 0.0167048 secs] 613663K->68432K(2029056K), 0.0167760 secs] [Times: user=0.13 sys=0.00, real=0.02 secs] 
2020-09-29T18:19:06.102+0200: 78.383: [GC (Allocation Failure) 2020-09-29T18:19:06.102+0200: 78.383: [ParNew: 582877K->59417K(613440K), 0.0206088 secs] 613776K->90316K(2029056K), 0.0206676 secs] [Times: user=0.13 sys=0.00, real=0.02 secs] 
2020-09-29T18:19:06.170+0200: 78.452: [GC (Allocation Failure) 2020-09-29T18:19:06.170+0200: 78.452: [ParNew: 604761K->41377K(613440K), 0.0141667 secs] 635660K->72276K(2029056K), 0.0142364 secs] [Times: user=0.13 sys=0.00, real=0.01 secs] 
2020-09-29T18:19:06.235+0200: 78.516: [GC (Allocation Failure) 2020-09-29T18:19:06.235+0200: 78.516: [ParNew: 586721K->43630K(613440K), 0.0187772 secs] 617620K->74529K(2029056K), 0.0188412 secs] [Times: user=0.13 sys=0.00, real=0.02 secs] 
2020-09-29T18:19:06.302+0200: 78.583: [GC (Allocation Failure) 2020-09-29T18:19:06.302+0200: 78.583: [ParNew: 588974K->40800K(613440K), 0.0178111 secs] 619873K->71699K(2029056K), 0.0178694 secs] [Times: user=0.13 sys=0.00, real=0.02 secs] 
2020-09-29T18:19:06.368+0200: 78.649: [GC (Allocation Failure) 2020-09-29T18:19:06.368+0200: 78.649: [ParNew: 586144K->39147K(613440K), 0.0172421 secs] 617043K->70046K(2029056K), 0.0173267 secs] [Times: user=0.13 sys=0.00, real=0.02 secs] 
2020-09-29T18:19:06.432+0200: 78.713: [GC (Allocation Failure) 2020-09-29T18:19:06.432+0200: 78.713: [ParNew: 584491K->61257K(613440K), 0.0229631 secs] 615390K->92156K(2029056K), 0.0230197 secs] [Times: user=0.11 sys=0.00, real=0.02 secs] 
2020-09-29T18:19:06.503+0200: 78.785: [GC (Allocation Failure) 2020-09-29T18:19:06.503+0200: 78.785: [ParNew: 606601K->47034K(613440K), 0.0210313 secs] 637500K->77933K(2029056K), 0.0210936 secs] [Times: user=0.25 sys=0.00, real=0.02 secs] 
2020-09-29T18:19:06.577+0200: 78.858: [GC (Allocation Failure) 2020-09-29T18:19:06.577+0200: 78.858: [ParNew: 592378K->46438K(613440K), 0.0147125 secs] 623277K->77337K(2029056K), 0.0147708 secs] [Times: user=0.11 sys=0.00, real=0.02 secs] 
2020-09-29T18:19:06.641+0200: 78.922: [GC (Allocation Failure) 2020-09-29T18:19:06.641+0200: 78.922: [ParNew: 591782K->29016K(613440K), 0.0131378 secs] 622681K->59915K(2029056K), 0.0131963 secs] [Times: user=0.13 sys=0.00, real=0.01 secs] 
2020-09-29T18:19:06.703+0200: 78.984: [GC (Allocation Failure) 2020-09-29T18:19:06.703+0200: 78.984: [ParNew: 574360K->43995K(613440K), 0.0179687 secs] 605259K->74894K(2029056K), 0.0180308 secs] [Times: user=0.13 sys=0.00, real=0.02 secs] 
2020-09-29T18:19:06.771+0200: 79.052: [GC (Allocation Failure) 2020-09-29T18:19:06.771+0200: 79.052: [ParNew: 589339K->39717K(613440K), 0.0157427 secs] 620238K->70616K(2029056K), 0.0157992 secs] [Times: user=0.13 sys=0.00, real=0.02 secs] 
2020-09-29T18:19:06.838+0200: 79.119: [GC (Allocation Failure) 2020-09-29T18:19:06.838+0200: 79.119: [ParNew: 585061K->59414K(613440K), 0.0217731 secs] 615960K->90313K(2029056K), 0.0218565 secs] [Times: user=0.13 sys=0.00, real=0.02 secs] 
2020-09-29T18:19:06.909+0200: 79.191: [GC (Allocation Failure) 2020-09-29T18:19:06.909+0200: 79.191: [ParNew: 604758K->47315K(613440K), 0.0215443 secs] 635657K->78214K(2029056K), 0.0216151 secs] [Times: user=0.25 sys=0.00, real=0.02 secs] 
2020-09-29T18:19:06.982+0200: 79.263: [GC (Allocation Failure) 2020-09-29T18:19:06.982+0200: 79.263: [ParNew: 592659K->49084K(613440K), 0.0203531 secs] 623558K->79983K(2029056K), 0.0204214 secs] [Times: user=0.13 sys=0.00, real=0.02 secs] 
2020-09-29T18:19:07.056+0200: 79.338: [GC (Allocation Failure) 2020-09-29T18:19:07.056+0200: 79.338: [ParNew: 594428K->42569K(613440K), 0.0142571 secs] 625327K->73468K(2029056K), 0.0143198 secs] [Times: user=0.13 sys=0.00, real=0.02 secs] 
2020-09-29T18:19:07.130+0200: 79.411: [GC (Allocation Failure) 2020-09-29T18:19:07.130+0200: 79.411: [ParNew: 587913K->40373K(613440K), 0.0188156 secs] 618812K->71272K(2029056K), 0.0188710 secs] [Times: user=0.13 sys=0.00, real=0.02 secs] 
2020-09-29T18:19:07.196+0200: 79.477: [GC (Allocation Failure) 2020-09-29T18:19:07.196+0200: 79.477: [ParNew: 585717K->61364K(613440K), 0.0237821 secs] 616616K->92263K(2029056K), 0.0238403 secs] [Times: user=0.13 sys=0.00, real=0.02 secs] 
2020-09-29T18:19:07.269+0200: 79.550: [GC (Allocation Failure) 2020-09-29T18:19:07.269+0200: 79.550: [ParNew: 606708K->57572K(613440K), 0.0165596 secs] 637607K->88471K(2029056K), 0.0166639 secs] [Times: user=0.13 sys=0.00, real=0.02 secs] 
2020-09-29T18:19:07.332+0200: 79.614: [GC (Allocation Failure) 2020-09-29T18:19:07.332+0200: 79.614: [ParNew: 602916K->48280K(613440K), 0.0158222 secs] 633815K->79179K(2029056K), 0.0158842 secs] [Times: user=0.24 sys=0.00, real=0.02 secs] 
2020-09-29T18:19:07.398+0200: 79.679: [GC (Allocation Failure) 2020-09-29T18:19:07.398+0200: 79.679: [ParNew: 593624K->33403K(613440K), 0.0193132 secs] 624523K->64302K(2029056K), 0.0193760 secs] [Times: user=0.11 sys=0.00, real=0.02 secs] 
2020-09-29T18:19:07.470+0200: 79.751: [GC (Allocation Failure) 2020-09-29T18:19:07.470+0200: 79.752: [ParNew: 578747K->60012K(613440K), 0.0206483 secs] 609646K->90911K(2029056K), 0.0207129 secs] [Times: user=0.23 sys=0.00, real=0.02 secs] 
2020-09-29T18:19:07.547+0200: 79.829: [GC (Allocation Failure) 2020-09-29T18:19:07.547+0200: 79.829: [ParNew: 605356K->44393K(613440K), 0.0151170 secs] 636255K->75292K(2029056K), 0.0151782 secs] [Times: user=0.13 sys=0.00, real=0.02 secs] 
2020-09-29T18:19:07.615+0200: 79.897: [GC (Allocation Failure) 2020-09-29T18:19:07.615+0200: 79.897: [ParNew: 589737K->42685K(613440K), 0.0205424 secs] 620636K->73584K(2029056K), 0.0205998 secs] [Times: user=0.13 sys=0.00, real=0.02 secs] 
2020-09-29T18:19:07.683+0200: 79.964: [GC (Allocation Failure) 2020-09-29T18:19:07.683+0200: 79.964: [ParNew: 588029K->65413K(613440K), 0.0229553 secs] 618928K->96312K(2029056K), 0.0230119 secs] [Times: user=0.13 sys=0.00, real=0.02 secs] 
2020-09-29T18:19:07.753+0200: 80.035: [GC (Allocation Failure) 2020-09-29T18:19:07.753+0200: 80.035: [ParNew: 610757K->52265K(613440K), 0.0178455 secs] 641656K->83164K(2029056K), 0.0191592 secs] [Times: user=0.14 sys=0.01, real=0.02 secs] 
2020-09-29T18:19:07.822+0200: 80.103: [GC (Allocation Failure) 2020-09-29T18:19:07.822+0200: 80.103: [ParNew: 597609K->36643K(613440K), 0.0113028 secs] 628508K->67542K(2029056K), 0.0113931 secs] [Times: user=0.13 sys=0.00, real=0.01 secs] 
2020-09-29T18:19:07.886+0200: 80.167: [GC (Allocation Failure) 2020-09-29T18:19:07.886+0200: 80.167: [ParNew: 581987K->35906K(613440K), 0.0158509 secs] 612886K->66805K(2029056K), 0.0159205 secs] [Times: user=0.13 sys=0.00, real=0.02 secs] 
2020-09-29T18:19:07.950+0200: 80.232: [GC (Allocation Failure) 2020-09-29T18:19:07.950+0200: 80.232: [ParNew: 581250K->48755K(613440K), 0.0212669 secs] 612149K->79654K(2029056K), 0.0213295 secs] [Times: user=0.13 sys=0.00, real=0.02 secs] 
2020-09-29T18:19:08.022+0200: 80.303: [GC (Allocation Failure) 2020-09-29T18:19:08.022+0200: 80.303: [ParNew: 594099K->45648K(613440K), 0.0204596 secs] 624998K->76547K(2029056K), 0.0205279 secs] [Times: user=0.13 sys=0.00, real=0.02 secs] 
2020-09-29T18:19:08.089+0200: 80.370: [GC (Allocation Failure) 2020-09-29T18:19:08.089+0200: 80.370: [ParNew: 590992K->48827K(613440K), 0.0190470 secs] 621891K->79726K(2029056K), 0.0191006 secs] [Times: user=0.13 sys=0.00, real=0.02 secs] 
2020-09-29T18:19:08.155+0200: 80.437: [GC (Allocation Failure) 2020-09-29T18:19:08.155+0200: 80.437: [ParNew: 594171K->43735K(613440K), 0.0171875 secs] 625070K->74634K(2029056K), 0.0172646 secs] [Times: user=0.13 sys=0.00, real=0.02 secs] 
2020-09-29T18:19:08.222+0200: 80.504: [GC (Allocation Failure) 2020-09-29T18:19:08.222+0200: 80.504: [ParNew: 589079K->67211K(613440K), 0.0226056 secs] 619978K->98110K(2029056K), 0.0226964 secs] [Times: user=0.17 sys=0.00, real=0.02 secs] 
2020-09-29T18:19:08.293+0200: 80.574: [GC (Allocation Failure) 2020-09-29T18:19:08.293+0200: 80.574: [ParNew: 612555K->46047K(613440K), 0.0216416 secs] 643454K->76946K(2029056K), 0.0216969 secs] [Times: user=0.13 sys=0.00, real=0.02 secs] 
2020-09-29T18:19:08.363+0200: 80.644: [GC (Allocation Failure) 2020-09-29T18:19:08.363+0200: 80.644: [ParNew: 591391K->47534K(613440K), 0.0206243 secs] 622290K->78433K(2029056K), 0.0206928 secs] [Times: user=0.25 sys=0.00, real=0.02 secs] 
2020-09-29T18:19:08.430+0200: 80.712: [GC (Allocation Failure) 2020-09-29T18:19:08.430+0200: 80.712: [ParNew: 592878K->39269K(613440K), 0.0146635 secs] 623777K->70168K(2029056K), 0.0147293 secs] [Times: user=0.13 sys=0.00, real=0.01 secs] 
2020-09-29T18:19:08.494+0200: 80.776: [GC (Allocation Failure) 2020-09-29T18:19:08.494+0200: 80.776: [ParNew: 584613K->57574K(613440K), 0.0193730 secs] 615512K->88473K(2029056K), 0.0194524 secs] [Times: user=0.13 sys=0.00, real=0.02 secs] 
2020-09-29T18:19:08.561+0200: 80.843: [GC (Allocation Failure) 2020-09-29T18:19:08.561+0200: 80.843: [ParNew: 602918K->40552K(613440K), 0.0180546 secs] 633817K->71451K(2029056K), 0.0181469 secs] [Times: user=0.13 sys=0.00, real=0.02 secs] 
2020-09-29T18:19:08.633+0200: 80.914: [GC (Allocation Failure) 2020-09-29T18:19:08.633+0200: 80.914: [ParNew: 585896K->34181K(613440K), 0.0160351 secs] 616795K->65079K(2029056K), 0.0161125 secs] [Times: user=0.13 sys=0.00, real=0.02 secs] 
2020-09-29T18:19:08.699+0200: 80.980: [GC (Allocation Failure) 2020-09-29T18:19:08.699+0200: 80.980: [ParNew: 579525K->56061K(613440K), 0.0187313 secs] 610423K->86960K(2029056K), 0.0187926 secs] [Times: user=0.13 sys=0.00, real=0.02 secs] 
2020-09-29T18:19:08.767+0200: 81.048: [GC (Allocation Failure) 2020-09-29T18:19:08.767+0200: 81.048: [ParNew: 601405K->36549K(613440K), 0.0152984 secs] 632304K->67448K(2029056K), 0.0153604 secs] [Times: user=0.11 sys=0.00, real=0.02 secs] 
2020-09-29T18:19:08.838+0200: 81.120: [GC (Allocation Failure) 2020-09-29T18:19:08.839+0200: 81.120: [ParNew: 581893K->50578K(613440K), 0.0186882 secs] 612792K->81476K(2029056K), 0.0187591 secs] [Times: user=0.13 sys=0.00, real=0.02 secs] 
2020-09-29T18:19:08.905+0200: 81.186: [GC (Allocation Failure) 2020-09-29T18:19:08.905+0200: 81.186: [ParNew: 595922K->62335K(613440K), 0.0324598 secs] 626820K->93234K(2029056K), 0.0325276 secs] [Times: user=0.23 sys=0.00, real=0.03 secs] 
2020-09-29T18:19:08.984+0200: 81.265: [GC (Allocation Failure) 2020-09-29T18:19:08.984+0200: 81.265: [ParNew: 607679K->46602K(613440K), 0.0130638 secs] 638578K->77501K(2029056K), 0.0131342 secs] [Times: user=0.13 sys=0.00, real=0.01 secs] 
2020-09-29T18:19:09.060+0200: 81.341: [GC (Allocation Failure) 2020-09-29T18:19:09.060+0200: 81.341: [ParNew: 591946K->47446K(613440K), 0.0285140 secs] 622845K->78345K(2029056K), 0.0285794 secs] [Times: user=0.25 sys=0.00, real=0.03 secs] 
2020-09-29T18:19:09.141+0200: 81.422: [GC (Allocation Failure) 2020-09-29T18:19:09.141+0200: 81.422: [ParNew: 592790K->40880K(613440K), 0.0218153 secs] 623689K->71779K(2029056K), 0.0218981 secs] [Times: user=0.25 sys=0.00, real=0.02 secs] 
2020-09-29T18:19:09.212+0200: 81.493: [GC (Allocation Failure) 2020-09-29T18:19:09.212+0200: 81.493: [ParNew: 586224K->36615K(613440K), 0.0205778 secs] 617123K->67514K(2029056K), 0.0206479 secs] [Times: user=0.13 sys=0.00, real=0.02 secs] 
2020-09-29T18:19:09.286+0200: 81.567: [GC (Allocation Failure) 2020-09-29T18:19:09.286+0200: 81.567: [ParNew: 581959K->50775K(613440K), 0.0255028 secs] 612858K->81674K(2029056K), 0.0255972 secs] [Times: user=0.13 sys=0.00, real=0.03 secs] 
2020-09-29T18:19:09.360+0200: 81.641: [GC (Allocation Failure) 2020-09-29T18:19:09.360+0200: 81.641: [ParNew: 596119K->40675K(613440K), 0.0235846 secs] 627018K->71574K(2029056K), 0.0236694 secs] [Times: user=0.25 sys=0.00, real=0.02 secs] 
2020-09-29T18:19:09.434+0200: 81.715: [GC (Allocation Failure) 2020-09-29T18:19:09.434+0200: 81.715: [ParNew: 586019K->37116K(613440K), 0.0219547 secs] 616918K->68015K(2029056K), 0.0220233 secs] [Times: user=0.13 sys=0.00, real=0.02 secs] 
2020-09-29T18:19:09.506+0200: 81.787: [GC (Allocation Failure) 2020-09-29T18:19:09.506+0200: 81.787: [ParNew: 582460K->59259K(613440K), 0.0274783 secs] 613359K->90158K(2029056K), 0.0275611 secs] [Times: user=0.13 sys=0.00, real=0.03 secs] 
2020-09-29T18:19:09.591+0200: 81.872: [GC (Allocation Failure) 2020-09-29T18:19:09.591+0200: 81.872: [ParNew: 604603K->67218K(613440K), 0.0369497 secs] 635502K->98117K(2029056K), 0.0370301 secs] [Times: user=0.22 sys=0.00, real=0.04 secs] 
2020-09-29T18:19:09.678+0200: 81.959: [GC (Allocation Failure) 2020-09-29T18:19:09.678+0200: 81.959: [ParNew: 612562K->48128K(613440K), 0.0171320 secs] 643461K->79027K(2029056K), 0.0172000 secs] [Times: user=0.13 sys=0.00, real=0.02 secs] 
2020-09-29T18:19:09.756+0200: 82.037: [GC (Allocation Failure) 2020-09-29T18:19:09.756+0200: 82.037: [ParNew: 593472K->45304K(613440K), 0.0238830 secs] 624371K->76203K(2029056K), 0.0239665 secs] [Times: user=0.13 sys=0.00, real=0.02 secs] 
2020-09-29T18:19:09.838+0200: 82.119: [GC (Allocation Failure) 2020-09-29T18:19:09.838+0200: 82.119: [ParNew: 590648K->54900K(613440K), 0.0250773 secs] 621547K->85799K(2029056K), 0.0251535 secs] [Times: user=0.13 sys=0.00, real=0.02 secs] 
2020-09-29T18:19:09.917+0200: 82.198: [GC (Allocation Failure) 2020-09-29T18:19:09.917+0200: 82.198: [ParNew: 600244K->62246K(613440K), 0.0306019 secs] 631143K->93145K(2029056K), 0.0306721 secs] [Times: user=0.25 sys=0.00, real=0.03 secs] 
2020-09-29T18:19:09.995+0200: 82.276: [GC (Allocation Failure) 2020-09-29T18:19:09.995+0200: 82.276: [ParNew: 607590K->41540K(613440K), 0.0231414 secs] 638489K->72439K(2029056K), 0.0232152 secs] [Times: user=0.13 sys=0.00, real=0.02 secs] 
2020-09-29T18:19:10.071+0200: 82.352: [GC (Allocation Failure) 2020-09-29T18:19:10.071+0200: 82.352: [ParNew: 586884K->61878K(613440K), 0.0280565 secs] 617783K->92777K(2029056K), 0.0281227 secs] [Times: user=0.25 sys=0.00, real=0.03 secs] 
2020-09-29T18:19:10.153+0200: 82.434: [GC (Allocation Failure) 2020-09-29T18:19:10.153+0200: 82.434: [ParNew: 607222K->39652K(613440K), 0.0209951 secs] 638121K->70551K(2029056K), 0.0210615 secs] [Times: user=0.13 sys=0.00, real=0.02 secs] 
2020-09-29T18:19:10.228+0200: 82.509: [GC (Allocation Failure) 2020-09-29T18:19:10.228+0200: 82.509: [ParNew: 584996K->55945K(613440K), 0.0265370 secs] 615895K->86843K(2029056K), 0.0266075 secs] [Times: user=0.13 sys=0.03, real=0.03 secs] 
2020-09-29T18:19:10.304+0200: 82.585: [GC (Allocation Failure) 2020-09-29T18:19:10.304+0200: 82.585: [ParNew: 601289K->68096K(613440K), 0.0326260 secs] 632187K->98994K(2029056K), 0.0327035 secs] [Times: user=0.25 sys=0.00, real=0.03 secs] 
2020-09-29T18:19:10.386+0200: 82.667: [GC (Allocation Failure) 2020-09-29T18:19:10.386+0200: 82.667: [ParNew: 613440K->45956K(613440K), 0.0226501 secs] 644338K->76855K(2029056K), 0.0227196 secs] [Times: user=0.13 sys=0.00, real=0.02 secs] 
2020-09-29T18:19:10.462+0200: 82.743: [GC (Allocation Failure) 2020-09-29T18:19:10.462+0200: 82.743: [ParNew: 591300K->44678K(613440K), 0.0227082 secs] 622199K->75577K(2029056K), 0.0227731 secs] [Times: user=0.13 sys=0.00, real=0.02 secs] 
2020-09-29T18:19:10.538+0200: 82.820: [GC (Allocation Failure) 2020-09-29T18:19:10.539+0200: 82.820: [ParNew: 590022K->35002K(613440K), 0.0227881 secs] 620921K->65901K(2029056K), 0.0228717 secs] [Times: user=0.13 sys=0.00, real=0.02 secs] 
2020-09-29T18:19:10.614+0200: 82.895: [GC (Allocation Failure) 2020-09-29T18:19:10.614+0200: 82.895: [ParNew: 580346K->59487K(613440K), 0.0273770 secs] 611245K->90386K(2029056K), 0.0274515 secs] [Times: user=0.13 sys=0.00, real=0.03 secs] 
2020-09-29T18:19:10.693+0200: 82.974: [GC (Allocation Failure) 2020-09-29T18:19:10.693+0200: 82.974: [ParNew: 604831K->43353K(613440K), 0.0270877 secs] 635730K->74252K(2029056K), 0.0271526 secs] [Times: user=0.13 sys=0.00, real=0.03 secs] 
2020-09-29T18:19:10.768+0200: 83.049: [GC (Allocation Failure) 2020-09-29T18:19:10.768+0200: 83.049: [ParNew: 588697K->68096K(613440K), 0.0318845 secs] 619596K->98994K(2029056K), 0.0319646 secs] [Times: user=0.25 sys=0.00, real=0.03 secs] 
2020-09-29T18:19:10.852+0200: 83.133: [GC (Allocation Failure) 2020-09-29T18:19:10.852+0200: 83.133: [ParNew: 613440K->48330K(613440K), 0.0232999 secs] 644338K->79229K(2029056K), 0.0233697 secs] [Times: user=0.13 sys=0.00, real=0.02 secs] 
2020-09-29T18:19:10.936+0200: 83.217: [GC (Allocation Failure) 2020-09-29T18:19:10.936+0200: 83.217: [ParNew: 593674K->39158K(613440K), 0.0235618 secs] 624573K->70057K(2029056K), 0.0236286 secs] [Times: user=0.25 sys=0.00, real=0.02 secs] 
2020-09-29T18:19:11.017+0200: 83.298: [GC (Allocation Failure) 2020-09-29T18:19:11.017+0200: 83.298: [ParNew: 584502K->59872K(613440K), 0.0292491 secs] 615401K->90770K(2029056K), 0.0293205 secs] [Times: user=0.25 sys=0.00, real=0.03 secs] 
2020-09-29T18:19:11.093+0200: 83.374: [GC (Allocation Failure) 2020-09-29T18:19:11.093+0200: 83.374: [ParNew: 605216K->46287K(613440K), 0.0272551 secs] 636114K->77186K(2029056K), 0.0273372 secs] [Times: user=0.25 sys=0.00, real=0.03 secs] 
2020-09-29T18:19:11.178+0200: 83.459: [GC (Allocation Failure) 2020-09-29T18:19:11.178+0200: 83.459: [ParNew: 591631K->45342K(613440K), 0.0261283 secs] 622530K->76241K(2029056K), 0.0262216 secs] [Times: user=0.13 sys=0.00, real=0.03 secs] 
2020-09-29T18:19:11.256+0200: 83.537: [GC (Allocation Failure) 2020-09-29T18:19:11.256+0200: 83.538: [ParNew: 590686K->68096K(613440K), 0.0338560 secs] 621585K->99180K(2029056K), 0.0339319 secs] [Times: user=0.25 sys=0.00, real=0.03 secs] 
2020-09-29T18:19:11.338+0200: 83.619: [GC (Allocation Failure) 2020-09-29T18:19:11.338+0200: 83.619: [ParNew: 613440K->50347K(613440K), 0.0242251 secs] 644524K->81432K(2029056K), 0.0242985 secs] [Times: user=0.13 sys=0.00, real=0.02 secs] 
2020-09-29T18:19:11.415+0200: 83.696: [GC (Allocation Failure) 2020-09-29T18:19:11.415+0200: 83.696: [ParNew: 595691K->41553K(613440K), 0.0240114 secs] 626776K->72637K(2029056K), 0.0240824 secs] [Times: user=0.13 sys=0.00, real=0.02 secs] 
2020-09-29T18:19:11.495+0200: 83.776: [GC (Allocation Failure) 2020-09-29T18:19:11.495+0200: 83.776: [ParNew: 586897K->38903K(613440K), 0.0228497 secs] 617981K->69988K(2029056K), 0.0229333 secs] [Times: user=0.13 sys=0.00, real=0.02 secs] 
2020-09-29T18:19:11.569+0200: 83.850: [GC (Allocation Failure) 2020-09-29T18:19:11.569+0200: 83.850: [ParNew: 584247K->34988K(613440K), 0.0233300 secs] 615332K->66073K(2029056K), 0.0234218 secs] [Times: user=0.11 sys=0.00, real=0.02 secs] 
2020-09-29T18:19:11.650+0200: 83.931: [GC (Allocation Failure) 2020-09-29T18:19:11.650+0200: 83.931: [ParNew: 580332K->27329K(613440K), 0.0129196 secs] 611417K->58414K(2029056K), 0.0130018 secs] [Times: user=0.11 sys=0.00, real=0.01 secs] 
2020-09-29T18:19:11.726+0200: 84.007: [GC (Allocation Failure) 2020-09-29T18:19:11.726+0200: 84.007: [ParNew: 572673K->42925K(613440K), 0.0270801 secs] 603758K->74009K(2029056K), 0.0271491 secs] [Times: user=0.13 sys=0.00, real=0.03 secs] 
2020-09-29T18:19:11.810+0200: 84.091: [GC (Allocation Failure) 2020-09-29T18:19:11.810+0200: 84.091: [ParNew: 588269K->55258K(613440K), 0.0264574 secs] 619353K->86343K(2029056K), 0.0265282 secs] [Times: user=0.25 sys=0.00, real=0.03 secs] 
2020-09-29T18:19:11.883+0200: 84.165: [GC (Allocation Failure) 2020-09-29T18:19:11.883+0200: 84.165: [ParNew: 600602K->39077K(613440K), 0.0250500 secs] 631687K->70162K(2029056K), 0.0251177 secs] [Times: user=0.13 sys=0.00, real=0.03 secs] 
2020-09-29T18:19:11.965+0200: 84.246: [GC (Allocation Failure) 2020-09-29T18:19:11.965+0200: 84.246: [ParNew: 584421K->39631K(613440K), 0.0247615 secs] 615506K->70716K(2029056K), 0.0248305 secs] [Times: user=0.25 sys=0.00, real=0.03 secs] 
2020-09-29T18:19:12.037+0200: 84.318: [GC (Allocation Failure) 2020-09-29T18:19:12.037+0200: 84.318: [ParNew: 584975K->39204K(613440K), 0.0236905 secs] 616060K->70288K(2029056K), 0.0237593 secs] [Times: user=0.13 sys=0.00, real=0.02 secs] 
2020-09-29T18:19:12.108+0200: 84.389: [GC (Allocation Failure) 2020-09-29T18:19:12.108+0200: 84.389: [ParNew: 584548K->35081K(613440K), 0.0217471 secs] 615632K->66166K(2029056K), 0.0218166 secs] [Times: user=0.25 sys=0.00, real=0.02 secs] 
2020-09-29T18:19:12.182+0200: 84.464: [GC (Allocation Failure) 2020-09-29T18:19:12.182+0200: 84.464: [ParNew: 580425K->32861K(613440K), 0.0209613 secs] 611510K->63946K(2029056K), 0.0210287 secs] [Times: user=0.13 sys=0.00, real=0.02 secs] 
2020-09-29T18:19:12.261+0200: 84.542: [GC (Allocation Failure) 2020-09-29T18:19:12.261+0200: 84.543: [ParNew: 578205K->32294K(613440K), 0.0203039 secs] 609290K->63379K(2029056K), 0.0203757 secs] [Times: user=0.13 sys=0.00, real=0.02 secs] 
2020-09-29T18:19:12.346+0200: 84.627: [GC (Allocation Failure) 2020-09-29T18:19:12.346+0200: 84.627: [ParNew: 577638K->30855K(613440K), 0.0192362 secs] 608723K->61940K(2029056K), 0.0193059 secs] [Times: user=0.25 sys=0.00, real=0.02 secs] 
2020-09-29T18:19:12.431+0200: 84.712: [GC (Allocation Failure) 2020-09-29T18:19:12.431+0200: 84.712: [ParNew: 576199K->28559K(613440K), 0.0187222 secs] 607284K->59644K(2029056K), 0.0187880 secs] [Times: user=0.13 sys=0.00, real=0.02 secs] 
2020-09-29T18:19:12.513+0200: 84.794: [GC (Allocation Failure) 2020-09-29T18:19:12.513+0200: 84.794: [ParNew: 573903K->25558K(613440K), 0.0183479 secs] 604988K->56643K(2029056K), 0.0184216 secs] [Times: user=0.13 sys=0.00, real=0.02 secs] 
2020-09-29T18:19:12.594+0200: 84.875: [GC (Allocation Failure) 2020-09-29T18:19:12.594+0200: 84.876: [ParNew: 570902K->39526K(613440K), 0.0256082 secs] 601987K->70611K(2029056K), 0.0256783 secs] [Times: user=0.25 sys=0.00, real=0.03 secs] 
2020-09-29T18:19:12.670+0200: 84.951: [GC (Allocation Failure) 2020-09-29T18:19:12.670+0200: 84.951: [ParNew: 584870K->34370K(613440K), 0.0168830 secs] 615955K->65455K(2029056K), 0.0169499 secs] [Times: user=0.13 sys=0.00, real=0.02 secs] 
2020-09-29T18:19:12.739+0200: 85.021: [GC (Allocation Failure) 2020-09-29T18:19:12.740+0200: 85.021: [ParNew: 579714K->36570K(613440K), 0.0243242 secs] 610799K->67655K(2029056K), 0.0244267 secs] [Times: user=0.13 sys=0.00, real=0.02 secs] 
2020-09-29T18:19:12.810+0200: 85.092: [GC (Allocation Failure) 2020-09-29T18:19:12.810+0200: 85.092: [ParNew: 581914K->26842K(613440K), 0.0124417 secs] 612999K->57927K(2029056K), 0.0125114 secs] [Times: user=0.13 sys=0.00, real=0.01 secs] 
2020-09-29T18:19:12.889+0200: 85.170: [GC (Allocation Failure) 2020-09-29T18:19:12.889+0200: 85.170: [ParNew: 572186K->29446K(613440K), 0.0200516 secs] 603271K->60531K(2029056K), 0.0201272 secs] [Times: user=0.13 sys=0.00, real=0.02 secs] 
2020-09-29T18:19:12.954+0200: 85.236: [GC (Allocation Failure) 2020-09-29T18:19:12.954+0200: 85.236: [ParNew: 574790K->40288K(613440K), 0.0266359 secs] 605875K->71373K(2029056K), 0.0267122 secs] [Times: user=0.23 sys=0.00, real=0.03 secs] 
2020-09-29T18:19:13.034+0200: 85.315: [GC (Allocation Failure) 2020-09-29T18:19:13.034+0200: 85.315: [ParNew: 585632K->33607K(613440K), 0.0186186 secs] 616717K->64692K(2029056K), 0.0187009 secs] [Times: user=0.22 sys=0.00, real=0.02 secs] 
2020-09-29T18:19:13.108+0200: 85.389: [GC (Allocation Failure) 2020-09-29T18:19:13.108+0200: 85.389: [ParNew: 578951K->38882K(613440K), 0.0240379 secs] 610036K->69967K(2029056K), 0.0241320 secs] [Times: user=0.25 sys=0.00, real=0.02 secs] 
2020-09-29T18:19:13.184+0200: 85.465: [GC (Allocation Failure) 2020-09-29T18:19:13.184+0200: 85.465: [ParNew: 584226K->50627K(613440K), 0.0225232 secs] 615311K->81712K(2029056K), 0.0226058 secs] [Times: user=0.13 sys=0.00, real=0.02 secs] 
2020-09-29T18:19:13.264+0200: 85.545: [GC (Allocation Failure) 2020-09-29T18:19:13.264+0200: 85.545: [ParNew: 595971K->35170K(613440K), 0.0210095 secs] 627056K->66254K(2029056K), 0.0210791 secs] [Times: user=0.13 sys=0.00, real=0.02 secs] 
2020-09-29T18:19:13.336+0200: 85.617: [GC (Allocation Failure) 2020-09-29T18:19:13.336+0200: 85.617: [ParNew: 580514K->27516K(613440K), 0.0186456 secs] 611598K->58600K(2029056K), 0.0187164 secs] [Times: user=0.13 sys=0.00, real=0.02 secs] 
2020-09-29T18:19:13.402+0200: 85.683: [GC (Allocation Failure) 2020-09-29T18:19:13.402+0200: 85.683: [ParNew: 572860K->26133K(613440K), 0.0176665 secs] 603944K->57218K(2029056K), 0.0177588 secs] [Times: user=0.13 sys=0.00, real=0.02 secs] 
2020-09-29T18:19:13.479+0200: 85.761: [GC (Allocation Failure) 2020-09-29T18:19:13.480+0200: 85.761: [ParNew: 571477K->22980K(613440K), 0.0172487 secs] 602562K->54065K(2029056K), 0.0173238 secs] [Times: user=0.13 sys=0.00, real=0.02 secs] 
2020-09-29T18:19:13.554+0200: 85.836: [GC (Allocation Failure) 2020-09-29T18:19:13.554+0200: 85.836: [ParNew: 568324K->24717K(613440K), 0.0164107 secs] 599409K->55802K(2029056K), 0.0164951 secs] [Times: user=0.13 sys=0.00, real=0.02 secs] 
2020-09-29T18:19:13.639+0200: 85.921: [GC (Allocation Failure) 2020-09-29T18:19:13.639+0200: 85.921: [ParNew: 570061K->38339K(613440K), 0.0231567 secs] 601146K->69424K(2029056K), 0.0232375 secs] [Times: user=0.25 sys=0.00, real=0.02 secs] 
2020-09-29T18:19:13.714+0200: 85.995: [GC (Allocation Failure) 2020-09-29T18:19:13.714+0200: 85.995: [ParNew: 583683K->47058K(613440K), 0.0219093 secs] 614768K->78143K(2029056K), 0.0219937 secs] [Times: user=0.13 sys=0.00, real=0.02 secs] 
2020-09-29T18:19:13.788+0200: 86.069: [GC (Allocation Failure) 2020-09-29T18:19:13.788+0200: 86.069: [ParNew: 592402K->37243K(613440K), 0.0212208 secs] 623487K->68327K(2029056K), 0.0212922 secs] [Times: user=0.13 sys=0.00, real=0.02 secs] 
2020-09-29T18:19:13.867+0200: 86.149: [GC (Allocation Failure) 2020-09-29T18:19:13.867+0200: 86.149: [ParNew: 582587K->23223K(613440K), 0.0115946 secs] 613671K->54308K(2029056K), 0.0116613 secs] [Times: user=0.00 sys=0.00, real=0.01 secs] 
2020-09-29T18:19:13.950+0200: 86.232: [GC (Allocation Failure) 2020-09-29T18:19:13.950+0200: 86.232: [ParNew: 568567K->38846K(613440K), 0.0281875 secs] 599652K->69931K(2029056K), 0.0282670 secs] [Times: user=0.25 sys=0.00, real=0.03 secs] 
2020-09-29T18:19:14.029+0200: 86.310: [GC (Allocation Failure) 2020-09-29T18:19:14.029+0200: 86.310: [ParNew: 584190K->46400K(613440K), 0.0277856 secs] 615275K->77485K(2029056K), 0.0278607 secs] [Times: user=0.25 sys=0.00, real=0.03 secs] 
2020-09-29T18:19:14.108+0200: 86.389: [GC (Allocation Failure) 2020-09-29T18:19:14.108+0200: 86.389: [ParNew: 591744K->32613K(613440K), 0.0255230 secs] 622829K->63698K(2029056K), 0.0255981 secs] [Times: user=0.25 sys=0.00, real=0.03 secs] 
2020-09-29T18:19:14.187+0200: 86.469: [GC (Allocation Failure) 2020-09-29T18:19:14.187+0200: 86.469: [ParNew: 577957K->33412K(613440K), 0.0220452 secs] 609042K->64497K(2029056K), 0.0221179 secs] [Times: user=0.25 sys=0.00, real=0.02 secs] 
2020-09-29T18:19:14.264+0200: 86.545: [GC (Allocation Failure) 2020-09-29T18:19:14.264+0200: 86.545: [ParNew: 578756K->52516K(613440K), 0.0311030 secs] 609841K->83601K(2029056K), 0.0311885 secs] [Times: user=0.25 sys=0.00, real=0.03 secs] 
2020-09-29T18:19:14.346+0200: 86.627: [GC (Allocation Failure) 2020-09-29T18:19:14.346+0200: 86.627: [ParNew: 597860K->39254K(613440K), 0.0223997 secs] 628945K->70339K(2029056K), 0.0224789 secs] [Times: user=0.25 sys=0.00, real=0.02 secs] 
2020-09-29T18:19:14.425+0200: 86.706: [GC (Allocation Failure) 2020-09-29T18:19:14.425+0200: 86.706: [ParNew: 584598K->22886K(613440K), 0.0178316 secs] 615683K->53971K(2029056K), 0.0179033 secs] [Times: user=0.25 sys=0.00, real=0.02 secs] 
2020-09-29T18:19:14.520+0200: 86.802: [GC (Allocation Failure) 2020-09-29T18:19:14.520+0200: 86.802: [ParNew: 568230K->28773K(613440K), 0.0192092 secs] 599315K->59857K(2029056K), 0.0192825 secs] [Times: user=0.13 sys=0.00, real=0.02 secs] 
2020-09-29T18:19:14.594+0200: 86.876: [GC (Allocation Failure) 2020-09-29T18:19:14.594+0200: 86.876: [ParNew: 574117K->19962K(613440K), 0.0182439 secs] 605201K->51047K(2029056K), 0.0183206 secs] [Times: user=0.11 sys=0.00, real=0.02 secs] 
2020-09-29T18:19:14.687+0200: 86.969: [GC (Allocation Failure) 2020-09-29T18:19:14.687+0200: 86.969: [ParNew: 565306K->18809K(613440K), 0.0170756 secs] 596391K->49894K(2029056K), 0.0171488 secs] [Times: user=0.13 sys=0.00, real=0.02 secs] 
2020-09-29T18:19:14.764+0200: 87.046: [GC (Allocation Failure) 2020-09-29T18:19:14.764+0200: 87.046: [ParNew: 564153K->20887K(613440K), 0.0168183 secs] 595238K->51971K(2029056K), 0.0169096 secs] [Times: user=0.13 sys=0.00, real=0.02 secs] 
2020-09-29T18:19:14.848+0200: 87.129: [GC (Allocation Failure) 2020-09-29T18:19:14.848+0200: 87.129: [ParNew: 566231K->15123K(613440K), 0.0144150 secs] 597315K->46207K(2029056K), 0.0144907 secs] [Times: user=0.00 sys=0.00, real=0.01 secs] 
2020-09-29T18:19:14.919+0200: 87.201: [GC (Allocation Failure) 2020-09-29T18:19:14.919+0200: 87.201: [ParNew: 560467K->31060K(613440K), 0.0221036 secs] 591551K->62145K(2029056K), 0.0221766 secs] [Times: user=0.13 sys=0.00, real=0.02 secs] 
2020-09-29T18:19:15.000+0200: 87.281: [GC (Allocation Failure) 2020-09-29T18:19:15.000+0200: 87.281: [ParNew: 576404K->35486K(613440K), 0.0216128 secs] 607489K->66571K(2029056K), 0.0216926 secs] [Times: user=0.25 sys=0.00, real=0.02 secs] 
2020-09-29T18:19:15.075+0200: 87.356: [GC (Allocation Failure) 2020-09-29T18:19:15.075+0200: 87.356: [ParNew: 580830K->25698K(613440K), 0.0205443 secs] 611915K->56782K(2029056K), 0.0206273 secs] [Times: user=0.13 sys=0.00, real=0.02 secs] 
2020-09-29T18:19:15.150+0200: 87.431: [GC (Allocation Failure) 2020-09-29T18:19:15.150+0200: 87.431: [ParNew: 571042K->18619K(613440K), 0.0187000 secs] 602126K->49704K(2029056K), 0.0187801 secs] [Times: user=0.13 sys=0.00, real=0.02 secs] 
2020-09-29T18:19:15.224+0200: 87.505: [GC (Allocation Failure) 2020-09-29T18:19:15.224+0200: 87.505: [ParNew: 563963K->33969K(613440K), 0.0263419 secs] 595048K->65054K(2029056K), 0.0264185 secs] [Times: user=0.13 sys=0.00, real=0.03 secs] 
2020-09-29T18:19:15.306+0200: 87.587: [GC (Allocation Failure) 2020-09-29T18:19:15.306+0200: 87.587: [ParNew: 579313K->46961K(613440K), 0.0258800 secs] 610398K->78046K(2029056K), 0.0259549 secs] [Times: user=0.13 sys=0.00, real=0.03 secs] 
2020-09-29T18:19:15.390+0200: 87.672: [GC (Allocation Failure) 2020-09-29T18:19:15.390+0200: 87.672: [ParNew: 592305K->34948K(613440K), 0.0247357 secs] 623390K->66033K(2029056K), 0.0248107 secs] [Times: user=0.25 sys=0.00, real=0.02 secs] 
2020-09-29T18:19:15.468+0200: 87.749: [GC (Allocation Failure) 2020-09-29T18:19:15.468+0200: 87.749: [ParNew: 580292K->35310K(613440K), 0.0225011 secs] 611377K->66395K(2029056K), 0.0225806 secs] [Times: user=0.25 sys=0.00, real=0.02 secs] 
2020-09-29T18:19:15.555+0200: 87.836: [GC (Allocation Failure) 2020-09-29T18:19:15.555+0200: 87.836: [ParNew: 580654K->27341K(613440K), 0.0218223 secs] 611739K->58426K(2029056K), 0.0218998 secs] [Times: user=0.13 sys=0.00, real=0.02 secs] 
2020-09-29T18:19:15.635+0200: 87.916: [GC (Allocation Failure) 2020-09-29T18:19:15.635+0200: 87.916: [ParNew: 572685K->25916K(613440K), 0.0205044 secs] 603770K->57001K(2029056K), 0.0205903 secs] [Times: user=0.13 sys=0.00, real=0.02 secs] 
2020-09-29T18:19:15.724+0200: 88.006: [GC (Allocation Failure) 2020-09-29T18:19:15.724+0200: 88.006: [ParNew: 571260K->40481K(613440K), 0.0301727 secs] 602345K->71566K(2029056K), 0.0302624 secs] [Times: user=0.14 sys=0.00, real=0.03 secs] 
2020-09-29T18:19:15.802+0200: 88.084: [GC (Allocation Failure) 2020-09-29T18:19:15.802+0200: 88.084: [ParNew: 585825K->30948K(613440K), 0.0189374 secs] 616910K->62033K(2029056K), 0.0190132 secs] [Times: user=0.13 sys=0.00, real=0.02 secs] 
2020-09-29T18:19:15.881+0200: 88.163: [GC (Allocation Failure) 2020-09-29T18:19:15.881+0200: 88.163: [ParNew: 576292K->20062K(613440K), 0.0173601 secs] 607377K->51146K(2029056K), 0.0174359 secs] [Times: user=0.13 sys=0.00, real=0.02 secs] 
2020-09-29T18:19:15.954+0200: 88.236: [GC (Allocation Failure) 2020-09-29T18:19:15.954+0200: 88.236: [ParNew: 565406K->15581K(613440K), 0.0152487 secs] 596490K->46666K(2029056K), 0.0153208 secs] [Times: user=0.13 sys=0.00, real=0.02 secs] 
2020-09-29T18:19:16.025+0200: 88.307: [GC (Allocation Failure) 2020-09-29T18:19:16.025+0200: 88.307: [ParNew: 560925K->11527K(613440K), 0.0132466 secs] 592010K->42612K(2029056K), 0.0133223 secs] [Times: user=0.13 sys=0.00, real=0.01 secs] 
2020-09-29T18:19:16.099+0200: 88.380: [GC (Allocation Failure) 2020-09-29T18:19:16.099+0200: 88.380: [ParNew: 556871K->23272K(613440K), 0.0199929 secs] 587956K->54356K(2029056K), 0.0200707 secs] [Times: user=0.13 sys=0.00, real=0.02 secs] 
2020-09-29T18:19:16.176+0200: 88.457: [GC (Allocation Failure) 2020-09-29T18:19:16.176+0200: 88.457: [ParNew: 568616K->31924K(613440K), 0.0269675 secs] 599700K->63008K(2029056K), 0.0270426 secs] [Times: user=0.13 sys=0.00, real=0.03 secs] 
2020-09-29T18:19:16.252+0200: 88.534: [GC (Allocation Failure) 2020-09-29T18:19:16.252+0200: 88.534: [ParNew: 577268K->50026K(613440K), 0.0259790 secs] 608352K->81111K(2029056K), 0.0260511 secs] [Times: user=0.25 sys=0.00, real=0.03 secs] 
2020-09-29T18:19:16.333+0200: 88.614: [GC (Allocation Failure) 2020-09-29T18:19:16.333+0200: 88.614: [ParNew: 595370K->16310K(613440K), 0.0179423 secs] 626455K->47395K(2029056K), 0.0180352 secs] [Times: user=0.13 sys=0.00, real=0.02 secs] 
2020-09-29T18:19:16.401+0200: 88.683: [GC (Allocation Failure) 2020-09-29T18:19:16.402+0200: 88.683: [ParNew: 561654K->42359K(613440K), 0.0326133 secs] 592739K->73444K(2029056K), 0.0326975 secs] [Times: user=0.25 sys=0.00, real=0.03 secs] 
2020-09-29T18:19:16.486+0200: 88.768: [GC (Allocation Failure) 2020-09-29T18:19:16.486+0200: 88.768: [ParNew: 587703K->33879K(613440K), 0.0215436 secs] 618788K->64963K(2029056K), 0.0216345 secs] [Times: user=0.20 sys=0.01, real=0.02 secs] 
2020-09-29T18:19:16.563+0200: 88.845: [GC (Allocation Failure) 2020-09-29T18:19:16.563+0200: 88.845: [ParNew: 579223K->27053K(613440K), 0.0208226 secs] 610307K->58137K(2029056K), 0.0209289 secs] [Times: user=0.25 sys=0.00, real=0.02 secs] 
2020-09-29T18:19:16.655+0200: 88.936: [GC (Allocation Failure) 2020-09-29T18:19:16.655+0200: 88.936: [ParNew: 572397K->23352K(613440K), 0.0212766 secs] 603481K->54437K(2029056K), 0.0213573 secs] [Times: user=0.25 sys=0.00, real=0.02 secs] 
2020-09-29T18:19:16.724+0200: 89.006: [GC (Allocation Failure) 2020-09-29T18:19:16.724+0200: 89.006: [ParNew: 568696K->24217K(613440K), 0.0182878 secs] 599781K->55302K(2029056K), 0.0183579 secs] [Times: user=0.13 sys=0.00, real=0.02 secs] 
2020-09-29T18:19:16.795+0200: 89.076: [GC (Allocation Failure) 2020-09-29T18:19:16.795+0200: 89.077: [ParNew: 569561K->19057K(613440K), 0.0174268 secs] 600646K->50142K(2029056K), 0.0175066 secs] [Times: user=0.13 sys=0.00, real=0.02 secs] 
2020-09-29T18:19:16.890+0200: 89.171: [GC (Allocation Failure) 2020-09-29T18:19:16.890+0200: 89.171: [ParNew: 564401K->16633K(613440K), 0.0167036 secs] 595486K->47718K(2029056K), 0.0167785 secs] [Times: user=0.13 sys=0.00, real=0.02 secs] 
2020-09-29T18:19:16.986+0200: 89.267: [GC (Allocation Failure) 2020-09-29T18:19:16.986+0200: 89.267: [ParNew: 561977K->14824K(613440K), 0.0149480 secs] 593062K->45908K(2029056K), 0.0150217 secs] [Times: user=0.13 sys=0.00, real=0.01 secs] 
2020-09-29T18:19:17.084+0200: 89.364: [GC (Allocation Failure) 2020-09-29T18:19:17.084+0200: 89.364: [ParNew: 560168K->13220K(613440K), 0.0142433 secs] 591252K->44304K(2029056K), 0.0143110 secs] [Times: user=0.00 sys=0.00, real=0.01 secs] 
2020-09-29T18:19:17.176+0200: 89.457: [GC (Allocation Failure) 2020-09-29T18:19:17.176+0200: 89.457: [ParNew: 558564K->9663K(613440K), 0.0133202 secs] 589648K->40748K(2029056K), 0.0133940 secs] [Times: user=0.02 sys=0.00, real=0.01 secs] 
2020-09-29T18:19:17.266+0200: 89.547: [GC (Allocation Failure) 2020-09-29T18:19:17.266+0200: 89.547: [ParNew: 555007K->24465K(613440K), 0.0212204 secs] 586092K->55549K(2029056K), 0.0212949 secs] [Times: user=0.25 sys=0.00, real=0.02 secs] 
2020-09-29T18:19:17.362+0200: 89.643: [GC (Allocation Failure) 2020-09-29T18:19:17.362+0200: 89.643: [ParNew: 569809K->32439K(613440K), 0.0203397 secs] 600893K->63524K(2029056K), 0.0204310 secs] [Times: user=0.22 sys=0.00, real=0.02 secs] 
2020-09-29T18:19:17.462+0200: 89.743: [GC (Allocation Failure) 2020-09-29T18:19:17.462+0200: 89.743: [ParNew: 577783K->22364K(613440K), 0.0190583 secs] 608868K->53448K(2029056K), 0.0191334 secs] [Times: user=0.13 sys=0.00, real=0.02 secs] 
2020-09-29T18:19:17.554+0200: 89.835: [GC (Allocation Failure) 2020-09-29T18:19:17.554+0200: 89.835: [ParNew: 567708K->16361K(613440K), 0.0173802 secs] 598792K->47446K(2029056K), 0.0174731 secs] [Times: user=0.13 sys=0.00, real=0.02 secs] 
2020-09-29T18:19:17.654+0200: 89.935: [GC (Allocation Failure) 2020-09-29T18:19:17.654+0200: 89.935: [ParNew: 561705K->14063K(613440K), 0.0144930 secs] 592790K->45148K(2029056K), 0.0145676 secs] [Times: user=0.13 sys=0.00, real=0.01 secs] 
2020-09-29T18:19:17.802+0200: 90.083: [GC (Allocation Failure) 2020-09-29T18:19:17.802+0200: 90.083: [ParNew: 559407K->10608K(613440K), 0.0127629 secs] 590492K->41693K(2029056K), 0.0128350 secs] [Times: user=0.00 sys=0.00, real=0.01 secs] 
2020-09-29T18:19:17.949+0200: 90.230: [GC (Allocation Failure) 2020-09-29T18:19:17.949+0200: 90.230: [ParNew: 555952K->8584K(613440K), 0.0111612 secs] 587037K->39669K(2029056K), 0.0112330 secs] [Times: user=0.13 sys=0.00, real=0.01 secs] 
Heap
 par new generation   total 613440K, used 47591K [0x0000000080000000, 0x00000000a9990000, 0x00000000a9990000)
  eden space 545344K,   7% used [0x0000000080000000, 0x0000000082617c00, 0x00000000a1490000)
  from space 68096K,  12% used [0x00000000a5710000, 0x00000000a5f722d0, 0x00000000a9990000)
  to   space 68096K,   0% used [0x00000000a1490000, 0x00000000a1490000, 0x00000000a5710000)
 concurrent mark-sweep generation total 1415616K, used 31084K [0x00000000a9990000, 0x0000000100000000, 0x0000000100000000)
 Metaspace       used 2594K, capacity 4486K, committed 4864K, reserved 1056768K
  class space    used 285K, capacity 386K, committed 512K, reserved 1048576K
