Java HotSpot(TM) 64-Bit Server VM (25.261-b12) for windows-amd64 JRE (1.8.0_261-b12), built on Jun 18 2020 06:56:32 by "" with unknown MS VC++:1916
Memory: 4k page, physical 16659684k(9565296k free), swap 23213284k(9159692k free)
CommandLine flags: -XX:InitialHeapSize=2147483648 -XX:MaxHeapSize=2147483648 -XX:MaxNewSize=697933824 -XX:MaxTenuringThreshold=6 -XX:NewSize=697933824 -XX:OldPLABSize=16 -XX:OldSize=1395867648 -XX:+PrintGC -XX:+PrintGCDateStamps -XX:+PrintGCDetails -XX:+PrintGCTimeStamps -XX:+UseCompressedClassPointers -XX:+UseCompressedOops -XX:+UseConcMarkSweepGC -XX:-UseLargePagesIndividualAllocation -XX:+UseParNewGC 
2020-09-29T18:22:17.423+0200: 0.266: [GC (Allocation Failure) 2020-09-29T18:22:17.423+0200: 0.267: [ParNew: 545344K->39149K(613440K), 0.0695187 secs] 545344K->39149K(2029056K), 0.0698068 secs] [Times: user=0.42 sys=0.06, real=0.07 secs] 
2020-09-29T18:22:17.567+0200: 0.411: [GC (Allocation Failure) 2020-09-29T18:22:17.567+0200: 0.411: [ParNew: 584493K->35024K(613440K), 0.0458056 secs] 584493K->35417K(2029056K), 0.0459525 secs] [Times: user=0.25 sys=0.00, real=0.05 secs] 
2020-09-29T18:22:17.667+0200: 0.511: [GC (Allocation Failure) 2020-09-29T18:22:17.667+0200: 0.511: [ParNew: 580368K->37247K(613440K), 0.0179399 secs] 580761K->37640K(2029056K), 0.0180299 secs] [Times: user=0.13 sys=0.00, real=0.02 secs] 
2020-09-29T18:22:17.737+0200: 0.581: [GC (Allocation Failure) 2020-09-29T18:22:17.737+0200: 0.581: [ParNew: 582591K->54595K(613440K), 0.0256728 secs] 582984K->54987K(2029056K), 0.0257301 secs] [Times: user=0.23 sys=0.01, real=0.03 secs] 
2020-09-29T18:22:17.811+0200: 0.654: [GC (Allocation Failure) 2020-09-29T18:22:17.811+0200: 0.654: [ParNew: 599939K->46947K(613440K), 0.0202529 secs] 600331K->47339K(2029056K), 0.0203080 secs] [Times: user=0.13 sys=0.00, real=0.02 secs] 
2020-09-29T18:22:17.877+0200: 0.721: [GC (Allocation Failure) 2020-09-29T18:22:17.877+0200: 0.721: [ParNew: 592291K->50596K(613440K), 0.0193976 secs] 592683K->50988K(2029056K), 0.0194709 secs] [Times: user=0.25 sys=0.00, real=0.02 secs] 
2020-09-29T18:22:17.944+0200: 0.787: [GC (Allocation Failure) 2020-09-29T18:22:17.944+0200: 0.787: [ParNew: 595940K->68096K(613440K), 0.0241302 secs] 596332K->68908K(2029056K), 0.0242046 secs] [Times: user=0.13 sys=0.00, real=0.02 secs] 
2020-09-29T18:22:18.015+0200: 0.859: [GC (Allocation Failure) 2020-09-29T18:22:18.015+0200: 0.859: [ParNew: 613440K->56182K(613440K), 0.0173343 secs] 614252K->56995K(2029056K), 0.0173931 secs] [Times: user=0.13 sys=0.00, real=0.02 secs] 
2020-09-29T18:22:18.081+0200: 0.925: [GC (Allocation Failure) 2020-09-29T18:22:18.081+0200: 0.925: [ParNew: 601526K->48724K(613440K), 0.0174933 secs] 602339K->49536K(2029056K), 0.0175484 secs] [Times: user=0.13 sys=0.00, real=0.02 secs] 
2020-09-29T18:22:18.146+0200: 0.990: [GC (Allocation Failure) 2020-09-29T18:22:18.146+0200: 0.990: [ParNew: 594068K->36200K(613440K), 0.0158147 secs] 594880K->37013K(2029056K), 0.0158771 secs] [Times: user=0.13 sys=0.00, real=0.02 secs] 
2020-09-29T18:22:18.213+0200: 1.057: [GC (Allocation Failure) 2020-09-29T18:22:18.213+0200: 1.057: [ParNew: 581544K->54211K(613440K), 0.0212026 secs] 582357K->55024K(2029056K), 0.0212822 secs] [Times: user=0.13 sys=0.00, real=0.02 secs] 
2020-09-29T18:22:18.284+0200: 1.128: [GC (Allocation Failure) 2020-09-29T18:22:18.284+0200: 1.128: [ParNew: 599555K->36249K(613440K), 0.0149345 secs] 600368K->37061K(2029056K), 0.0149892 secs] [Times: user=0.11 sys=0.00, real=0.02 secs] 
2020-09-29T18:22:18.352+0200: 1.196: [GC (Allocation Failure) 2020-09-29T18:22:18.353+0200: 1.196: [ParNew: 581593K->28663K(613440K), 0.0140694 secs] 582405K->29475K(2029056K), 0.0141640 secs] [Times: user=0.13 sys=0.00, real=0.02 secs] 
2020-09-29T18:22:18.424+0200: 1.267: [GC (Allocation Failure) 2020-09-29T18:22:18.424+0200: 1.267: [ParNew: 574007K->47635K(613440K), 0.0182445 secs] 574819K->48447K(2029056K), 0.0182994 secs] [Times: user=0.25 sys=0.00, real=0.02 secs] 
2020-09-29T18:22:18.495+0200: 1.339: [GC (Allocation Failure) 2020-09-29T18:22:18.495+0200: 1.339: [ParNew: 592979K->67314K(613440K), 0.0238649 secs] 593791K->68127K(2029056K), 0.0240049 secs] [Times: user=0.13 sys=0.00, real=0.02 secs] 
2020-09-29T18:22:18.567+0200: 1.411: [GC (Allocation Failure) 2020-09-29T18:22:18.567+0200: 1.411: [ParNew: 612658K->55888K(613440K), 0.0173428 secs] 613471K->56701K(2029056K), 0.0174118 secs] [Times: user=0.13 sys=0.00, real=0.02 secs] 
2020-09-29T18:22:18.633+0200: 1.477: [GC (Allocation Failure) 2020-09-29T18:22:18.633+0200: 1.477: [ParNew: 601232K->52203K(613440K), 0.0220928 secs] 602045K->53015K(2029056K), 0.0221652 secs] [Times: user=0.13 sys=0.00, real=0.02 secs] 
2020-09-29T18:22:18.703+0200: 1.547: [GC (Allocation Failure) 2020-09-29T18:22:18.703+0200: 1.547: [ParNew: 597547K->68096K(613440K), 0.0217412 secs] 598359K->69016K(2029056K), 0.0218098 secs] [Times: user=0.25 sys=0.00, real=0.02 secs] 
2020-09-29T18:22:18.774+0200: 1.617: [GC (Allocation Failure) 2020-09-29T18:22:18.774+0200: 1.617: [ParNew: 613440K->52754K(613440K), 0.0192977 secs] 614360K->53674K(2029056K), 0.0193564 secs] [Times: user=0.11 sys=0.00, real=0.02 secs] 
2020-09-29T18:22:18.841+0200: 1.685: [GC (Allocation Failure) 2020-09-29T18:22:18.841+0200: 1.685: [ParNew: 598098K->46063K(613440K), 0.0186919 secs] 599018K->46984K(2029056K), 0.0187532 secs] [Times: user=0.13 sys=0.00, real=0.02 secs] 
2020-09-29T18:22:18.909+0200: 1.753: [GC (Allocation Failure) 2020-09-29T18:22:18.909+0200: 1.753: [ParNew: 591407K->44896K(613440K), 0.0182293 secs] 592328K->45816K(2029056K), 0.0182933 secs] [Times: user=0.25 sys=0.00, real=0.02 secs] 
2020-09-29T18:22:18.974+0200: 1.818: [GC (Allocation Failure) 2020-09-29T18:22:18.974+0200: 1.818: [ParNew: 590240K->41169K(613440K), 0.0169816 secs] 591160K->42089K(2029056K), 0.0170394 secs] [Times: user=0.09 sys=0.00, real=0.02 secs] 
2020-09-29T18:22:19.037+0200: 1.881: [GC (Allocation Failure) 2020-09-29T18:22:19.037+0200: 1.881: [ParNew: 586513K->61197K(613440K), 0.0217827 secs] 587433K->62118K(2029056K), 0.0218733 secs] [Times: user=0.13 sys=0.00, real=0.02 secs] 
2020-09-29T18:22:19.106+0200: 1.950: [GC (Allocation Failure) 2020-09-29T18:22:19.106+0200: 1.950: [ParNew: 606541K->41645K(613440K), 0.0100032 secs] 607462K->42565K(2029056K), 0.0100655 secs] [Times: user=0.13 sys=0.00, real=0.01 secs] 
2020-09-29T18:22:19.168+0200: 2.012: [GC (Allocation Failure) 2020-09-29T18:22:19.168+0200: 2.012: [ParNew: 586989K->59820K(613440K), 0.0259495 secs] 587909K->60741K(2029056K), 0.0260187 secs] [Times: user=0.23 sys=0.00, real=0.03 secs] 
2020-09-29T18:22:19.241+0200: 2.085: [GC (Allocation Failure) 2020-09-29T18:22:19.241+0200: 2.085: [ParNew: 605164K->43439K(613440K), 0.0140524 secs] 606085K->44360K(2029056K), 0.0141104 secs] [Times: user=0.13 sys=0.00, real=0.01 secs] 
2020-09-29T18:22:19.302+0200: 2.146: [GC (Allocation Failure) 2020-09-29T18:22:19.302+0200: 2.146: [ParNew: 588783K->40009K(613440K), 0.0175135 secs] 589704K->40930K(2029056K), 0.0175865 secs] [Times: user=0.13 sys=0.00, real=0.02 secs] 
2020-09-29T18:22:19.370+0200: 2.214: [GC (Allocation Failure) 2020-09-29T18:22:19.370+0200: 2.214: [ParNew: 585353K->36760K(613440K), 0.0168149 secs] 586274K->37681K(2029056K), 0.0168902 secs] [Times: user=0.13 sys=0.00, real=0.02 secs] 
2020-09-29T18:22:19.435+0200: 2.279: [GC (Allocation Failure) 2020-09-29T18:22:19.435+0200: 2.279: [ParNew: 582104K->60750K(613440K), 0.0215575 secs] 583025K->61671K(2029056K), 0.0216353 secs] [Times: user=0.13 sys=0.00, real=0.02 secs] 
2020-09-29T18:22:19.507+0200: 2.351: [GC (Allocation Failure) 2020-09-29T18:22:19.507+0200: 2.351: [ParNew: 606094K->43057K(613440K), 0.0152646 secs] 607015K->43977K(2029056K), 0.0153270 secs] [Times: user=0.13 sys=0.00, real=0.02 secs] 
2020-09-29T18:22:19.571+0200: 2.415: [GC (Allocation Failure) 2020-09-29T18:22:19.571+0200: 2.415: [ParNew: 588401K->33910K(613440K), 0.0156431 secs] 589321K->34830K(2029056K), 0.0157002 secs] [Times: user=0.11 sys=0.00, real=0.02 secs] 
2020-09-29T18:22:19.637+0200: 2.481: [GC (Allocation Failure) 2020-09-29T18:22:19.637+0200: 2.481: [ParNew: 579254K->51893K(613440K), 0.0195682 secs] 580174K->52813K(2029056K), 0.0196768 secs] [Times: user=0.13 sys=0.00, real=0.02 secs] 
2020-09-29T18:22:19.704+0200: 2.548: [GC (Allocation Failure) 2020-09-29T18:22:19.704+0200: 2.548: [ParNew: 597237K->37565K(613440K), 0.0114184 secs] 598157K->38485K(2029056K), 0.0114735 secs] [Times: user=0.13 sys=0.00, real=0.01 secs] 
2020-09-29T18:22:19.765+0200: 2.609: [GC (Allocation Failure) 2020-09-29T18:22:19.765+0200: 2.609: [ParNew: 582909K->41032K(613440K), 0.0171090 secs] 583829K->41953K(2029056K), 0.0171850 secs] [Times: user=0.11 sys=0.00, real=0.02 secs] 
2020-09-29T18:22:19.833+0200: 2.677: [GC (Allocation Failure) 2020-09-29T18:22:19.833+0200: 2.677: [ParNew: 586376K->50621K(613440K), 0.0166400 secs] 587297K->51541K(2029056K), 0.0167253 secs] [Times: user=0.13 sys=0.00, real=0.02 secs] 
2020-09-29T18:22:19.902+0200: 2.746: [GC (Allocation Failure) 2020-09-29T18:22:19.902+0200: 2.746: [ParNew: 595965K->30353K(613440K), 0.0115130 secs] 596885K->31273K(2029056K), 0.0115730 secs] [Times: user=0.13 sys=0.00, real=0.01 secs] 
2020-09-29T18:22:19.965+0200: 2.809: [GC (Allocation Failure) 2020-09-29T18:22:19.965+0200: 2.809: [ParNew: 575697K->32268K(613440K), 0.0155783 secs] 576617K->33189K(2029056K), 0.0156401 secs] [Times: user=0.13 sys=0.00, real=0.02 secs] 
2020-09-29T18:22:20.037+0200: 2.881: [GC (Allocation Failure) 2020-09-29T18:22:20.037+0200: 2.881: [ParNew: 577612K->45609K(613440K), 0.0204914 secs] 578533K->46530K(2029056K), 0.0205499 secs] [Times: user=0.13 sys=0.00, real=0.02 secs] 
2020-09-29T18:22:20.107+0200: 2.950: [GC (Allocation Failure) 2020-09-29T18:22:20.107+0200: 2.950: [ParNew: 590953K->43531K(613440K), 0.0188061 secs] 591874K->44452K(2029056K), 0.0188743 secs] [Times: user=0.13 sys=0.00, real=0.02 secs] 
2020-09-29T18:22:20.176+0200: 3.020: [GC (Allocation Failure) 2020-09-29T18:22:20.176+0200: 3.020: [ParNew: 588875K->37126K(613440K), 0.0124748 secs] 589796K->38046K(2029056K), 0.0125338 secs] [Times: user=0.13 sys=0.00, real=0.01 secs] 
2020-09-29T18:22:20.238+0200: 3.082: [GC (Allocation Failure) 2020-09-29T18:22:20.238+0200: 3.082: [ParNew: 582470K->37156K(613440K), 0.0167939 secs] 583390K->38077K(2029056K), 0.0168504 secs] [Times: user=0.22 sys=0.00, real=0.02 secs] 
2020-09-29T18:22:20.306+0200: 3.150: [GC (Allocation Failure) 2020-09-29T18:22:20.306+0200: 3.150: [ParNew: 582500K->45878K(613440K), 0.0164070 secs] 583421K->46799K(2029056K), 0.0164786 secs] [Times: user=0.13 sys=0.00, real=0.02 secs] 
2020-09-29T18:22:20.370+0200: 3.214: [GC (Allocation Failure) 2020-09-29T18:22:20.370+0200: 3.214: [ParNew: 591222K->57533K(613440K), 0.0207436 secs] 592143K->58454K(2029056K), 0.0208121 secs] [Times: user=0.13 sys=0.00, real=0.02 secs] 
2020-09-29T18:22:20.439+0200: 3.283: [GC (Allocation Failure) 2020-09-29T18:22:20.439+0200: 3.283: [ParNew: 602877K->61069K(613440K), 0.0192558 secs] 603798K->61989K(2029056K), 0.0193441 secs] [Times: user=0.25 sys=0.00, real=0.02 secs] 
2020-09-29T18:22:20.506+0200: 3.350: [GC (Allocation Failure) 2020-09-29T18:22:20.506+0200: 3.350: [ParNew: 606413K->68096K(613440K), 0.0246101 secs] 607333K->69767K(2029056K), 0.0246659 secs] [Times: user=0.13 sys=0.00, real=0.02 secs] 
2020-09-29T18:22:20.579+0200: 3.423: [GC (Allocation Failure) 2020-09-29T18:22:20.579+0200: 3.423: [ParNew: 613440K->42219K(613440K), 0.0134074 secs] 615111K->43891K(2029056K), 0.0134813 secs] [Times: user=0.11 sys=0.00, real=0.01 secs] 
2020-09-29T18:22:20.647+0200: 3.491: [GC (Allocation Failure) 2020-09-29T18:22:20.647+0200: 3.491: [ParNew: 587563K->44347K(613440K), 0.0172833 secs] 589235K->46019K(2029056K), 0.0173449 secs] [Times: user=0.13 sys=0.00, real=0.02 secs] 
2020-09-29T18:22:20.712+0200: 3.555: [GC (Allocation Failure) 2020-09-29T18:22:20.712+0200: 3.555: [ParNew: 589691K->61985K(613440K), 0.0214519 secs] 591363K->63657K(2029056K), 0.0215137 secs] [Times: user=0.13 sys=0.00, real=0.02 secs] 
2020-09-29T18:22:20.782+0200: 3.625: [GC (Allocation Failure) 2020-09-29T18:22:20.782+0200: 3.625: [ParNew: 607329K->45488K(613440K), 0.0144695 secs] 609001K->47159K(2029056K), 0.0145280 secs] [Times: user=0.13 sys=0.00, real=0.01 secs] 
2020-09-29T18:22:20.842+0200: 3.686: [GC (Allocation Failure) 2020-09-29T18:22:20.842+0200: 3.686: [ParNew: 590832K->44455K(613440K), 0.0190733 secs] 592503K->46126K(2029056K), 0.0191510 secs] [Times: user=0.13 sys=0.00, real=0.02 secs] 
2020-09-29T18:22:20.909+0200: 3.752: [GC (Allocation Failure) 2020-09-29T18:22:20.909+0200: 3.752: [ParNew: 589799K->38258K(613440K), 0.0131078 secs] 591470K->39930K(2029056K), 0.0131923 secs] [Times: user=0.13 sys=0.00, real=0.01 secs] 
2020-09-29T18:22:20.969+0200: 3.813: [GC (Allocation Failure) 2020-09-29T18:22:20.969+0200: 3.813: [ParNew: 583602K->51586K(613440K), 0.0229305 secs] 585274K->53258K(2029056K), 0.0230131 secs] [Times: user=0.25 sys=0.00, real=0.02 secs] 
2020-09-29T18:22:21.040+0200: 3.884: [GC (Allocation Failure) 2020-09-29T18:22:21.040+0200: 3.884: [ParNew: 596930K->41192K(613440K), 0.0175579 secs] 598602K->42864K(2029056K), 0.0176247 secs] [Times: user=0.13 sys=0.00, real=0.02 secs] 
2020-09-29T18:22:21.105+0200: 3.949: [GC (Allocation Failure) 2020-09-29T18:22:21.105+0200: 3.949: [ParNew: 586536K->39347K(613440K), 0.0155649 secs] 588208K->41019K(2029056K), 0.0156177 secs] [Times: user=0.13 sys=0.00, real=0.01 secs] 
2020-09-29T18:22:21.167+0200: 4.011: [GC (Allocation Failure) 2020-09-29T18:22:21.167+0200: 4.011: [ParNew: 584691K->36521K(613440K), 0.0153900 secs] 586363K->38193K(2029056K), 0.0154641 secs] [Times: user=0.13 sys=0.00, real=0.02 secs] 
2020-09-29T18:22:21.231+0200: 4.075: [GC (Allocation Failure) 2020-09-29T18:22:21.232+0200: 4.075: [ParNew: 581865K->32564K(613440K), 0.0161764 secs] 583537K->34236K(2029056K), 0.0162931 secs] [Times: user=0.09 sys=0.00, real=0.02 secs] 
2020-09-29T18:22:21.295+0200: 4.139: [GC (Allocation Failure) 2020-09-29T18:22:21.295+0200: 4.139: [ParNew: 577908K->54563K(613440K), 0.0193970 secs] 579580K->56235K(2029056K), 0.0194501 secs] [Times: user=0.13 sys=0.00, real=0.02 secs] 
2020-09-29T18:22:21.362+0200: 4.206: [GC (Allocation Failure) 2020-09-29T18:22:21.362+0200: 4.206: [ParNew: 599907K->35843K(613440K), 0.0131963 secs] 601579K->37515K(2029056K), 0.0132699 secs] [Times: user=0.13 sys=0.00, real=0.01 secs] 
2020-09-29T18:22:21.427+0200: 4.271: [GC (Allocation Failure) 2020-09-29T18:22:21.427+0200: 4.271: [ParNew: 581187K->23610K(613440K), 0.0101060 secs] 582859K->25282K(2029056K), 0.0101614 secs] [Times: user=0.00 sys=0.00, real=0.01 secs] 
2020-09-29T18:22:21.486+0200: 4.330: [GC (Allocation Failure) 2020-09-29T18:22:21.486+0200: 4.330: [ParNew: 568954K->40345K(613440K), 0.0162976 secs] 570626K->42017K(2029056K), 0.0163530 secs] [Times: user=0.13 sys=0.00, real=0.02 secs] 
2020-09-29T18:22:21.555+0200: 4.399: [GC (Allocation Failure) 2020-09-29T18:22:21.555+0200: 4.399: [ParNew: 585689K->49167K(613440K), 0.0206981 secs] 587361K->50839K(2029056K), 0.0207700 secs] [Times: user=0.13 sys=0.00, real=0.02 secs] 
2020-09-29T18:22:21.627+0200: 4.471: [GC (Allocation Failure) 2020-09-29T18:22:21.627+0200: 4.471: [ParNew: 594511K->63240K(613440K), 0.0202911 secs] 596183K->64912K(2029056K), 0.0203515 secs] [Times: user=0.23 sys=0.00, real=0.02 secs] 
2020-09-29T18:22:21.697+0200: 4.540: [GC (Allocation Failure) 2020-09-29T18:22:21.697+0200: 4.540: [ParNew: 608584K->51203K(613440K), 0.0185684 secs] 610256K->52875K(2029056K), 0.0186389 secs] [Times: user=0.13 sys=0.00, real=0.02 secs] 
2020-09-29T18:22:21.762+0200: 4.606: [GC (Allocation Failure) 2020-09-29T18:22:21.762+0200: 4.606: [ParNew: 596547K->38898K(613440K), 0.0180453 secs] 598219K->40570K(2029056K), 0.0181312 secs] [Times: user=0.13 sys=0.00, real=0.02 secs] 
2020-09-29T18:22:21.829+0200: 4.673: [GC (Allocation Failure) 2020-09-29T18:22:21.829+0200: 4.673: [ParNew: 584242K->32575K(613440K), 0.0097424 secs] 585914K->34246K(2029056K), 0.0098190 secs] [Times: user=0.13 sys=0.00, real=0.01 secs] 
2020-09-29T18:22:21.894+0200: 4.737: [GC (Allocation Failure) 2020-09-29T18:22:21.894+0200: 4.737: [ParNew: 577919K->45826K(613440K), 0.0200526 secs] 579590K->47498K(2029056K), 0.0201196 secs] [Times: user=0.25 sys=0.00, real=0.02 secs] 
2020-09-29T18:22:21.965+0200: 4.809: [GC (Allocation Failure) 2020-09-29T18:22:21.965+0200: 4.809: [ParNew: 591170K->38942K(613440K), 0.0142529 secs] 592842K->40614K(2029056K), 0.0143111 secs] [Times: user=0.13 sys=0.00, real=0.01 secs] 
2020-09-29T18:22:22.036+0200: 4.880: [GC (Allocation Failure) 2020-09-29T18:22:22.036+0200: 4.880: [ParNew: 584286K->53741K(613440K), 0.0181309 secs] 585958K->55413K(2029056K), 0.0182239 secs] [Times: user=0.13 sys=0.00, real=0.02 secs] 
2020-09-29T18:22:22.102+0200: 4.946: [GC (Allocation Failure) 2020-09-29T18:22:22.102+0200: 4.946: [ParNew: 599085K->40663K(613440K), 0.0123034 secs] 600757K->42335K(2029056K), 0.0123581 secs] [Times: user=0.13 sys=0.00, real=0.01 secs] 
2020-09-29T18:22:22.167+0200: 5.010: [GC (Allocation Failure) 2020-09-29T18:22:22.167+0200: 5.010: [ParNew: 586007K->50245K(613440K), 0.0225651 secs] 587679K->51916K(2029056K), 0.0226207 secs] [Times: user=0.13 sys=0.00, real=0.02 secs] 
2020-09-29T18:22:22.236+0200: 5.080: [GC (Allocation Failure) 2020-09-29T18:22:22.236+0200: 5.080: [ParNew: 595589K->68096K(613440K), 0.0219006 secs] 597260K->70235K(2029056K), 0.0219621 secs] [Times: user=0.25 sys=0.00, real=0.02 secs] 
2020-09-29T18:22:22.309+0200: 5.153: [GC (Allocation Failure) 2020-09-29T18:22:22.309+0200: 5.153: [ParNew: 613440K->41779K(613440K), 0.0103348 secs] 615579K->43919K(2029056K), 0.0104111 secs] [Times: user=0.13 sys=0.00, real=0.01 secs] 
2020-09-29T18:22:22.370+0200: 5.214: [GC (Allocation Failure) 2020-09-29T18:22:22.370+0200: 5.214: [ParNew: 587123K->45790K(613440K), 0.0198207 secs] 589263K->47930K(2029056K), 0.0198914 secs] [Times: user=0.13 sys=0.00, real=0.02 secs] 
2020-09-29T18:22:22.440+0200: 5.284: [GC (Allocation Failure) 2020-09-29T18:22:22.440+0200: 5.284: [ParNew: 591134K->63353K(613440K), 0.0196816 secs] 593274K->65492K(2029056K), 0.0197402 secs] [Times: user=0.25 sys=0.00, real=0.02 secs] 
2020-09-29T18:22:22.511+0200: 5.355: [GC (Allocation Failure) 2020-09-29T18:22:22.511+0200: 5.355: [ParNew: 608697K->27241K(613440K), 0.0130628 secs] 610836K->29381K(2029056K), 0.0131186 secs] [Times: user=0.13 sys=0.00, real=0.01 secs] 
2020-09-29T18:22:22.573+0200: 5.417: [GC (Allocation Failure) 2020-09-29T18:22:22.573+0200: 5.417: [ParNew: 572585K->28564K(613440K), 0.0108505 secs] 574725K->30704K(2029056K), 0.0109195 secs] [Times: user=0.13 sys=0.00, real=0.01 secs] 
2020-09-29T18:22:22.634+0200: 5.477: [GC (Allocation Failure) 2020-09-29T18:22:22.634+0200: 5.477: [ParNew: 573908K->42154K(613440K), 0.0166204 secs] 576048K->44294K(2029056K), 0.0167033 secs] [Times: user=0.13 sys=0.00, real=0.02 secs] 
2020-09-29T18:22:22.701+0200: 5.545: [GC (Allocation Failure) 2020-09-29T18:22:22.701+0200: 5.545: [ParNew: 587498K->57367K(613440K), 0.0215125 secs] 589638K->59507K(2029056K), 0.0215736 secs] [Times: user=0.13 sys=0.00, real=0.02 secs] 
2020-09-29T18:22:22.769+0200: 5.613: [GC (Allocation Failure) 2020-09-29T18:22:22.769+0200: 5.613: [ParNew: 602711K->66247K(613440K), 0.0195647 secs] 604851K->68387K(2029056K), 0.0196257 secs] [Times: user=0.14 sys=0.00, real=0.02 secs] 
2020-09-29T18:22:22.836+0200: 5.680: [GC (Allocation Failure) 2020-09-29T18:22:22.837+0200: 5.680: [ParNew: 611591K->28641K(613440K), 0.0125876 secs] 613731K->30781K(2029056K), 0.0126595 secs] [Times: user=0.13 sys=0.00, real=0.01 secs] 
2020-09-29T18:22:22.908+0200: 5.752: [GC (Allocation Failure) 2020-09-29T18:22:22.908+0200: 5.752: [ParNew: 573985K->60152K(613440K), 0.0228808 secs] 576125K->62292K(2029056K), 0.0229539 secs] [Times: user=0.20 sys=0.00, real=0.02 secs] 
2020-09-29T18:22:22.981+0200: 5.824: [GC (Allocation Failure) 2020-09-29T18:22:22.981+0200: 5.824: [ParNew: 605496K->44154K(613440K), 0.0165762 secs] 607636K->46294K(2029056K), 0.0166564 secs] [Times: user=0.13 sys=0.00, real=0.02 secs] 
2020-09-29T18:22:23.044+0200: 5.888: [GC (Allocation Failure) 2020-09-29T18:22:23.044+0200: 5.888: [ParNew: 589498K->64745K(613440K), 0.0201917 secs] 591638K->66885K(2029056K), 0.0202832 secs] [Times: user=0.13 sys=0.00, real=0.02 secs] 
2020-09-29T18:22:23.114+0200: 5.958: [GC (Allocation Failure) 2020-09-29T18:22:23.114+0200: 5.958: [ParNew: 610089K->35906K(613440K), 0.0088392 secs] 612229K->38045K(2029056K), 0.0089499 secs] [Times: user=0.00 sys=0.00, real=0.01 secs] 
2020-09-29T18:22:23.172+0200: 6.016: [GC (Allocation Failure) 2020-09-29T18:22:23.172+0200: 6.016: [ParNew: 581250K->39664K(613440K), 0.0184533 secs] 583389K->41804K(2029056K), 0.0185260 secs] [Times: user=0.13 sys=0.00, real=0.02 secs] 
2020-09-29T18:22:23.244+0200: 6.088: [GC (Allocation Failure) 2020-09-29T18:22:23.244+0200: 6.088: [ParNew: 585008K->54513K(613440K), 0.0180767 secs] 587148K->56653K(2029056K), 0.0181382 secs] [Times: user=0.13 sys=0.00, real=0.02 secs] 
2020-09-29T18:22:23.314+0200: 6.158: [GC (Allocation Failure) 2020-09-29T18:22:23.314+0200: 6.158: [ParNew: 599857K->63186K(613440K), 0.0223648 secs] 601997K->65325K(2029056K), 0.0224326 secs] [Times: user=0.25 sys=0.00, real=0.02 secs] 
2020-09-29T18:22:23.385+0200: 6.229: [GC (Allocation Failure) 2020-09-29T18:22:23.385+0200: 6.229: [ParNew: 608530K->53900K(613440K), 0.0218039 secs] 610669K->56040K(2029056K), 0.0218672 secs] [Times: user=0.13 sys=0.00, real=0.02 secs] 
2020-09-29T18:22:23.455+0200: 6.299: [GC (Allocation Failure) 2020-09-29T18:22:23.455+0200: 6.299: [ParNew: 599244K->56039K(613440K), 0.0218244 secs] 601384K->58178K(2029056K), 0.0218802 secs] [Times: user=0.25 sys=0.00, real=0.02 secs] 
2020-09-29T18:22:23.524+0200: 6.368: [GC (Allocation Failure) 2020-09-29T18:22:23.524+0200: 6.368: [ParNew: 601383K->45265K(613440K), 0.0151349 secs] 603522K->47405K(2029056K), 0.0151965 secs] [Times: user=0.13 sys=0.00, real=0.02 secs] 
2020-09-29T18:22:23.593+0200: 6.437: [GC (Allocation Failure) 2020-09-29T18:22:23.593+0200: 6.437: [ParNew: 590609K->61465K(613440K), 0.0199249 secs] 592749K->63605K(2029056K), 0.0199928 secs] [Times: user=0.13 sys=0.00, real=0.02 secs] 
2020-09-29T18:22:23.661+0200: 6.505: [GC (Allocation Failure) 2020-09-29T18:22:23.661+0200: 6.505: [ParNew: 606809K->68096K(613440K), 0.0248233 secs] 608949K->71276K(2029056K), 0.0248858 secs] [Times: user=0.13 sys=0.00, real=0.03 secs] 
2020-09-29T18:22:23.735+0200: 6.579: [GC (Allocation Failure) 2020-09-29T18:22:23.735+0200: 6.579: [ParNew: 613440K->55189K(613440K), 0.0190082 secs] 616620K->58369K(2029056K), 0.0190629 secs] [Times: user=0.13 sys=0.00, real=0.02 secs] 
2020-09-29T18:22:23.801+0200: 6.645: [GC (Allocation Failure) 2020-09-29T18:22:23.801+0200: 6.645: [ParNew: 600533K->43445K(613440K), 0.0179392 secs] 603713K->46625K(2029056K), 0.0179960 secs] [Times: user=0.13 sys=0.00, real=0.02 secs] 
2020-09-29T18:22:23.866+0200: 6.710: [GC (Allocation Failure) 2020-09-29T18:22:23.866+0200: 6.710: [ParNew: 588789K->65820K(613440K), 0.0227096 secs] 591969K->69000K(2029056K), 0.0227798 secs] [Times: user=0.13 sys=0.00, real=0.02 secs] 
2020-09-29T18:22:23.936+0200: 6.780: [GC (Allocation Failure) 2020-09-29T18:22:23.936+0200: 6.780: [ParNew: 611164K->46596K(613440K), 0.0172190 secs] 614344K->49776K(2029056K), 0.0173347 secs] [Times: user=0.13 sys=0.00, real=0.02 secs] 
2020-09-29T18:22:24.000+0200: 6.844: [GC (Allocation Failure) 2020-09-29T18:22:24.000+0200: 6.844: [ParNew: 591940K->65049K(613440K), 0.0204556 secs] 595120K->68229K(2029056K), 0.0205103 secs] [Times: user=0.25 sys=0.00, real=0.02 secs] 
2020-09-29T18:22:24.067+0200: 6.911: [GC (Allocation Failure) 2020-09-29T18:22:24.067+0200: 6.911: [ParNew: 610393K->39817K(613440K), 0.0144450 secs] 613573K->42997K(2029056K), 0.0145372 secs] [Times: user=0.00 sys=0.00, real=0.01 secs] 
2020-09-29T18:22:24.128+0200: 6.972: [GC (Allocation Failure) 2020-09-29T18:22:24.128+0200: 6.972: [ParNew: 585161K->60383K(613440K), 0.0190543 secs] 588341K->63563K(2029056K), 0.0191088 secs] [Times: user=0.23 sys=0.00, real=0.02 secs] 
2020-09-29T18:22:24.195+0200: 7.039: [GC (Allocation Failure) 2020-09-29T18:22:24.195+0200: 7.039: [ParNew: 605727K->64287K(613440K), 0.0241235 secs] 608907K->67467K(2029056K), 0.0241811 secs] [Times: user=0.13 sys=0.00, real=0.02 secs] 
2020-09-29T18:22:24.270+0200: 7.114: [GC (Allocation Failure) 2020-09-29T18:22:24.270+0200: 7.114: [ParNew: 609631K->40526K(613440K), 0.0125411 secs] 612811K->43706K(2029056K), 0.0125992 secs] [Times: user=0.00 sys=0.00, real=0.01 secs] 
2020-09-29T18:22:24.329+0200: 7.173: [GC (Allocation Failure) 2020-09-29T18:22:24.329+0200: 7.173: [ParNew: 585870K->55341K(613440K), 0.0210442 secs] 589050K->58521K(2029056K), 0.0211200 secs] [Times: user=0.25 sys=0.00, real=0.02 secs] 
2020-09-29T18:22:24.399+0200: 7.243: [GC (Allocation Failure) 2020-09-29T18:22:24.399+0200: 7.243: [ParNew: 600685K->68096K(613440K), 0.0259186 secs] 603865K->71481K(2029056K), 0.0259874 secs] [Times: user=0.13 sys=0.00, real=0.03 secs] 
2020-09-29T18:22:24.473+0200: 7.317: [GC (Allocation Failure) 2020-09-29T18:22:24.473+0200: 7.317: [ParNew: 613440K->49064K(613440K), 0.0155046 secs] 616825K->52450K(2029056K), 0.0156077 secs] [Times: user=0.02 sys=0.00, real=0.02 secs] 
2020-09-29T18:22:24.538+0200: 7.382: [GC (Allocation Failure) 2020-09-29T18:22:24.538+0200: 7.382: [ParNew: 594408K->49986K(613440K), 0.0178835 secs] 597794K->53371K(2029056K), 0.0179480 secs] [Times: user=0.13 sys=0.00, real=0.02 secs] 
2020-09-29T18:22:24.610+0200: 7.454: [GC (Allocation Failure) 2020-09-29T18:22:24.610+0200: 7.454: [ParNew: 595330K->68096K(613440K), 0.0239984 secs] 598715K->71481K(2029056K), 0.0240542 secs] [Times: user=0.24 sys=0.00, real=0.02 secs] 
2020-09-29T18:22:24.681+0200: 7.525: [GC (Allocation Failure) 2020-09-29T18:22:24.681+0200: 7.525: [ParNew: 613440K->53080K(613440K), 0.0181358 secs] 616825K->56465K(2029056K), 0.0182130 secs] [Times: user=0.13 sys=0.00, real=0.02 secs] 
2020-09-29T18:22:24.748+0200: 7.592: [GC (Allocation Failure) 2020-09-29T18:22:24.748+0200: 7.592: [ParNew: 598424K->46754K(613440K), 0.0169352 secs] 601809K->50139K(2029056K), 0.0169906 secs] [Times: user=0.13 sys=0.00, real=0.02 secs] 
2020-09-29T18:22:24.816+0200: 7.660: [GC (Allocation Failure) 2020-09-29T18:22:24.816+0200: 7.660: [ParNew: 592098K->64802K(613440K), 0.0225075 secs] 595483K->68187K(2029056K), 0.0225874 secs] [Times: user=0.23 sys=0.00, real=0.02 secs] 
2020-09-29T18:22:24.889+0200: 7.733: [GC (Allocation Failure) 2020-09-29T18:22:24.889+0200: 7.733: [ParNew: 610146K->46225K(613440K), 0.0213100 secs] 613531K->49610K(2029056K), 0.0213696 secs] [Times: user=0.13 sys=0.00, real=0.02 secs] 
2020-09-29T18:22:24.962+0200: 7.806: [GC (Allocation Failure) 2020-09-29T18:22:24.962+0200: 7.806: [ParNew: 591569K->41325K(613440K), 0.0143058 secs] 594954K->44711K(2029056K), 0.0143671 secs] [Times: user=0.13 sys=0.00, real=0.02 secs] 
2020-09-29T18:22:25.025+0200: 7.869: [GC (Allocation Failure) 2020-09-29T18:22:25.025+0200: 7.869: [ParNew: 586669K->41127K(613440K), 0.0180598 secs] 590055K->44512K(2029056K), 0.0181188 secs] [Times: user=0.13 sys=0.00, real=0.02 secs] 
2020-09-29T18:22:25.093+0200: 7.937: [GC (Allocation Failure) 2020-09-29T18:22:25.093+0200: 7.937: [ParNew: 586471K->34182K(613440K), 0.0117249 secs] 589856K->37568K(2029056K), 0.0117941 secs] [Times: user=0.11 sys=0.00, real=0.01 secs] 
2020-09-29T18:22:25.159+0200: 8.002: [GC (Allocation Failure) 2020-09-29T18:22:25.159+0200: 8.002: [ParNew: 579526K->33132K(613440K), 0.0165038 secs] 582912K->36517K(2029056K), 0.0165605 secs] [Times: user=0.13 sys=0.00, real=0.02 secs] 
2020-09-29T18:22:25.222+0200: 8.066: [GC (Allocation Failure) 2020-09-29T18:22:25.222+0200: 8.066: [ParNew: 578476K->40486K(613440K), 0.0157178 secs] 581861K->43871K(2029056K), 0.0157844 secs] [Times: user=0.11 sys=0.00, real=0.02 secs] 
2020-09-29T18:22:25.286+0200: 8.129: [GC (Allocation Failure) 2020-09-29T18:22:25.286+0200: 8.129: [ParNew: 585830K->36341K(613440K), 0.0165206 secs] 589215K->39726K(2029056K), 0.0165866 secs] [Times: user=0.11 sys=0.00, real=0.02 secs] 
2020-09-29T18:22:25.350+0200: 8.193: [GC (Allocation Failure) 2020-09-29T18:22:25.350+0200: 8.193: [ParNew: 581685K->55818K(613440K), 0.0192239 secs] 585070K->59203K(2029056K), 0.0192986 secs] [Times: user=0.13 sys=0.00, real=0.02 secs] 
2020-09-29T18:22:25.419+0200: 8.262: [GC (Allocation Failure) 2020-09-29T18:22:25.419+0200: 8.262: [ParNew: 601162K->43705K(613440K), 0.0191302 secs] 604547K->47090K(2029056K), 0.0192024 secs] [Times: user=0.13 sys=0.00, real=0.02 secs] 
2020-09-29T18:22:25.486+0200: 8.329: [GC (Allocation Failure) 2020-09-29T18:22:25.486+0200: 8.329: [ParNew: 589049K->35982K(613440K), 0.0124640 secs] 592434K->39367K(2029056K), 0.0125230 secs] [Times: user=0.13 sys=0.00, real=0.01 secs] 
2020-09-29T18:22:25.548+0200: 8.392: [GC (Allocation Failure) 2020-09-29T18:22:25.548+0200: 8.392: [ParNew: 581326K->37075K(613440K), 0.0170822 secs] 584711K->40460K(2029056K), 0.0171381 secs] [Times: user=0.13 sys=0.00, real=0.02 secs] 
2020-09-29T18:22:25.616+0200: 8.460: [GC (Allocation Failure) 2020-09-29T18:22:25.616+0200: 8.460: [ParNew: 582419K->44918K(613440K), 0.0170263 secs] 585804K->48304K(2029056K), 0.0170911 secs] [Times: user=0.11 sys=0.00, real=0.02 secs] 
2020-09-29T18:22:25.681+0200: 8.525: [GC (Allocation Failure) 2020-09-29T18:22:25.681+0200: 8.525: [ParNew: 590262K->57784K(613440K), 0.0205281 secs] 593648K->61169K(2029056K), 0.0205922 secs] [Times: user=0.13 sys=0.00, real=0.02 secs] 
2020-09-29T18:22:25.750+0200: 8.594: [GC (Allocation Failure) 2020-09-29T18:22:25.750+0200: 8.594: [ParNew: 603128K->46135K(613440K), 0.0206289 secs] 606513K->49520K(2029056K), 0.0207154 secs] [Times: user=0.25 sys=0.00, real=0.02 secs] 
2020-09-29T18:22:25.818+0200: 8.662: [GC (Allocation Failure) 2020-09-29T18:22:25.818+0200: 8.662: [ParNew: 591479K->39681K(613440K), 0.0130442 secs] 594864K->43066K(2029056K), 0.0130979 secs] [Times: user=0.00 sys=0.00, real=0.01 secs] 
2020-09-29T18:22:25.885+0200: 8.729: [GC (Allocation Failure) 2020-09-29T18:22:25.885+0200: 8.729: [ParNew: 585025K->55451K(613440K), 0.0178156 secs] 588410K->58836K(2029056K), 0.0178815 secs] [Times: user=0.13 sys=0.00, real=0.02 secs] 
2020-09-29T18:22:25.952+0200: 8.795: [GC (Allocation Failure) 2020-09-29T18:22:25.952+0200: 8.795: [ParNew: 600795K->40378K(613440K), 0.0179446 secs] 604180K->43763K(2029056K), 0.0180233 secs] [Times: user=0.13 sys=0.00, real=0.02 secs] 
2020-09-29T18:22:26.018+0200: 8.862: [GC (Allocation Failure) 2020-09-29T18:22:26.019+0200: 8.862: [ParNew: 585722K->38568K(613440K), 0.0174335 secs] 589107K->41953K(2029056K), 0.0175161 secs] [Times: user=0.25 sys=0.00, real=0.02 secs] 
2020-09-29T18:22:26.086+0200: 8.930: [GC (Allocation Failure) 2020-09-29T18:22:26.086+0200: 8.930: [ParNew: 583912K->41133K(613440K), 0.0161839 secs] 587297K->44518K(2029056K), 0.0163114 secs] [Times: user=0.13 sys=0.00, real=0.02 secs] 
2020-09-29T18:22:26.153+0200: 8.997: [GC (Allocation Failure) 2020-09-29T18:22:26.153+0200: 8.997: [ParNew: 586477K->38021K(613440K), 0.0156274 secs] 589862K->41406K(2029056K), 0.0156823 secs] [Times: user=0.13 sys=0.00, real=0.02 secs] 
2020-09-29T18:22:26.218+0200: 9.062: [GC (Allocation Failure) 2020-09-29T18:22:26.218+0200: 9.062: [ParNew: 583365K->33744K(613440K), 0.0149302 secs] 586750K->37129K(2029056K), 0.0149987 secs] [Times: user=0.13 sys=0.00, real=0.02 secs] 
2020-09-29T18:22:26.285+0200: 9.129: [GC (Allocation Failure) 2020-09-29T18:22:26.285+0200: 9.129: [ParNew: 579088K->56028K(613440K), 0.0194143 secs] 582473K->59413K(2029056K), 0.0194712 secs] [Times: user=0.25 sys=0.00, real=0.02 secs] 
2020-09-29T18:22:26.352+0200: 9.196: [GC (Allocation Failure) 2020-09-29T18:22:26.352+0200: 9.196: [ParNew: 601372K->39989K(613440K), 0.0188884 secs] 604757K->43375K(2029056K), 0.0189425 secs] [Times: user=0.13 sys=0.00, real=0.02 secs] 
2020-09-29T18:22:26.420+0200: 9.263: [GC (Allocation Failure) 2020-09-29T18:22:26.420+0200: 9.263: [ParNew: 585333K->42412K(613440K), 0.0175506 secs] 588719K->45797K(2029056K), 0.0176063 secs] [Times: user=0.13 sys=0.00, real=0.02 secs] 
2020-09-29T18:22:26.490+0200: 9.333: [GC (Allocation Failure) 2020-09-29T18:22:26.490+0200: 9.333: [ParNew: 587756K->37631K(613440K), 0.0171140 secs] 591141K->41017K(2029056K), 0.0171671 secs] [Times: user=0.13 sys=0.00, real=0.02 secs] 
2020-09-29T18:22:26.557+0200: 9.400: [GC (Allocation Failure) 2020-09-29T18:22:26.557+0200: 9.400: [ParNew: 582975K->39998K(613440K), 0.0158521 secs] 586361K->43383K(2029056K), 0.0159368 secs] [Times: user=0.13 sys=0.00, real=0.02 secs] 
2020-09-29T18:22:26.623+0200: 9.466: [GC (Allocation Failure) 2020-09-29T18:22:26.623+0200: 9.466: [ParNew: 585342K->33881K(613440K), 0.0139439 secs] 588727K->37267K(2029056K), 0.0140117 secs] [Times: user=0.13 sys=0.00, real=0.02 secs] 
2020-09-29T18:22:26.689+0200: 9.533: [GC (Allocation Failure) 2020-09-29T18:22:26.689+0200: 9.533: [ParNew: 579225K->51241K(613440K), 0.0184543 secs] 582611K->54627K(2029056K), 0.0185127 secs] [Times: user=0.13 sys=0.01, real=0.02 secs] 
2020-09-29T18:22:26.758+0200: 9.601: [GC (Allocation Failure) 2020-09-29T18:22:26.758+0200: 9.601: [ParNew: 596585K->41493K(613440K), 0.0183386 secs] 599971K->44879K(2029056K), 0.0184118 secs] [Times: user=0.13 sys=0.00, real=0.02 secs] 
2020-09-29T18:22:26.826+0200: 9.669: [GC (Allocation Failure) 2020-09-29T18:22:26.826+0200: 9.669: [ParNew: 586837K->40727K(613440K), 0.0172194 secs] 590223K->44112K(2029056K), 0.0172897 secs] [Times: user=0.13 sys=0.00, real=0.02 secs] 
2020-09-29T18:22:26.891+0200: 9.734: [GC (Allocation Failure) 2020-09-29T18:22:26.891+0200: 9.734: [ParNew: 586071K->41274K(613440K), 0.0156986 secs] 589456K->44659K(2029056K), 0.0157743 secs] [Times: user=0.13 sys=0.00, real=0.01 secs] 
2020-09-29T18:22:26.957+0200: 9.800: [GC (Allocation Failure) 2020-09-29T18:22:26.957+0200: 9.800: [ParNew: 586618K->34308K(613440K), 0.0161134 secs] 590003K->37693K(2029056K), 0.0161737 secs] [Times: user=0.13 sys=0.00, real=0.02 secs] 
2020-09-29T18:22:27.020+0200: 9.863: [GC (Allocation Failure) 2020-09-29T18:22:27.020+0200: 9.863: [ParNew: 579652K->57205K(613440K), 0.0197084 secs] 583037K->60590K(2029056K), 0.0197698 secs] [Times: user=0.25 sys=0.00, real=0.02 secs] 
2020-09-29T18:22:27.089+0200: 9.933: [GC (Allocation Failure) 2020-09-29T18:22:27.089+0200: 9.933: [ParNew: 602549K->43284K(613440K), 0.0139125 secs] 605934K->46669K(2029056K), 0.0154544 secs] [Times: user=0.13 sys=0.00, real=0.02 secs] 
2020-09-29T18:22:27.157+0200: 10.001: [GC (Allocation Failure) 2020-09-29T18:22:27.157+0200: 10.001: [ParNew: 588628K->41650K(613440K), 0.0191350 secs] 592013K->45036K(2029056K), 0.0191883 secs] [Times: user=0.13 sys=0.00, real=0.02 secs] 
2020-09-29T18:22:27.223+0200: 10.067: [GC (Allocation Failure) 2020-09-29T18:22:27.223+0200: 10.067: [ParNew: 586994K->63207K(613440K), 0.0231869 secs] 590380K->66592K(2029056K), 0.0232480 secs] [Times: user=0.25 sys=0.00, real=0.02 secs] 
2020-09-29T18:22:27.296+0200: 10.140: [GC (Allocation Failure) 2020-09-29T18:22:27.296+0200: 10.140: [ParNew: 608551K->51314K(613440K), 0.0207032 secs] 611936K->54699K(2029056K), 0.0207813 secs] [Times: user=0.22 sys=0.00, real=0.02 secs] 
2020-09-29T18:22:27.370+0200: 10.214: [GC (Allocation Failure) 2020-09-29T18:22:27.370+0200: 10.214: [ParNew: 596658K->68096K(613440K), 0.0229772 secs] 600043K->71481K(2029056K), 0.0230459 secs] [Times: user=0.13 sys=0.00, real=0.02 secs] 
2020-09-29T18:22:27.446+0200: 10.289: [GC (Allocation Failure) 2020-09-29T18:22:27.446+0200: 10.289: [ParNew: 613440K->52609K(613440K), 0.0220593 secs] 616825K->55994K(2029056K), 0.0221256 secs] [Times: user=0.13 sys=0.00, real=0.02 secs] 
2020-09-29T18:22:27.521+0200: 10.364: [GC (Allocation Failure) 2020-09-29T18:22:27.521+0200: 10.364: [ParNew: 597953K->50278K(613440K), 0.0213467 secs] 601338K->53664K(2029056K), 0.0214240 secs] [Times: user=0.13 sys=0.00, real=0.02 secs] 
2020-09-29T18:22:27.595+0200: 10.438: [GC (Allocation Failure) 2020-09-29T18:22:27.595+0200: 10.438: [ParNew: 595622K->41546K(613440K), 0.0162034 secs] 599008K->44932K(2029056K), 0.0162594 secs] [Times: user=0.11 sys=0.00, real=0.02 secs] 
2020-09-29T18:22:27.660+0200: 10.503: [GC (Allocation Failure) 2020-09-29T18:22:27.660+0200: 10.503: [ParNew: 586890K->45222K(613440K), 0.0194012 secs] 590276K->48607K(2029056K), 0.0194635 secs] [Times: user=0.25 sys=0.00, real=0.02 secs] 
2020-09-29T18:22:27.728+0200: 10.571: [GC (Allocation Failure) 2020-09-29T18:22:27.728+0200: 10.571: [ParNew: 590566K->39241K(613440K), 0.0176659 secs] 593951K->42626K(2029056K), 0.0177277 secs] [Times: user=0.13 sys=0.00, real=0.02 secs] 
2020-09-29T18:22:27.796+0200: 10.640: [GC (Allocation Failure) 2020-09-29T18:22:27.796+0200: 10.640: [ParNew: 584585K->61588K(613440K), 0.0217153 secs] 587970K->64973K(2029056K), 0.0217706 secs] [Times: user=0.25 sys=0.00, real=0.02 secs] 
2020-09-29T18:22:27.864+0200: 10.707: [GC (Allocation Failure) 2020-09-29T18:22:27.864+0200: 10.707: [ParNew: 606932K->47564K(613440K), 0.0206451 secs] 610317K->50949K(2029056K), 0.0207146 secs] [Times: user=0.13 sys=0.00, real=0.02 secs] 
2020-09-29T18:22:27.931+0200: 10.775: [GC (Allocation Failure) 2020-09-29T18:22:27.931+0200: 10.775: [ParNew: 592908K->48922K(613440K), 0.0190194 secs] 596293K->52307K(2029056K), 0.0190758 secs] [Times: user=0.13 sys=0.00, real=0.02 secs] 
2020-09-29T18:22:28.000+0200: 10.843: [GC (Allocation Failure) 2020-09-29T18:22:28.000+0200: 10.843: [ParNew: 594266K->39643K(613440K), 0.0135121 secs] 597651K->43028K(2029056K), 0.0135886 secs] [Times: user=0.13 sys=0.00, real=0.01 secs] 
2020-09-29T18:22:28.061+0200: 10.905: [GC (Allocation Failure) 2020-09-29T18:22:28.061+0200: 10.905: [ParNew: 584987K->39265K(613440K), 0.0165866 secs] 588372K->42650K(2029056K), 0.0166410 secs] [Times: user=0.13 sys=0.00, real=0.02 secs] 
2020-09-29T18:22:28.127+0200: 10.971: [GC (Allocation Failure) 2020-09-29T18:22:28.128+0200: 10.971: [ParNew: 584609K->50791K(613440K), 0.0156889 secs] 587994K->54176K(2029056K), 0.0158154 secs] [Times: user=0.13 sys=0.00, real=0.02 secs] 
2020-09-29T18:22:28.191+0200: 11.034: [GC (Allocation Failure) 2020-09-29T18:22:28.191+0200: 11.035: [ParNew: 596135K->35302K(613440K), 0.0212622 secs] 599520K->38687K(2029056K), 0.0213214 secs] [Times: user=0.25 sys=0.00, real=0.02 secs] 
2020-09-29T18:22:28.265+0200: 11.109: [GC (Allocation Failure) 2020-09-29T18:22:28.265+0200: 11.109: [ParNew: 580646K->29743K(613440K), 0.0117195 secs] 584031K->33128K(2029056K), 0.0117814 secs] [Times: user=0.13 sys=0.00, real=0.01 secs] 
2020-09-29T18:22:28.339+0200: 11.183: [GC (Allocation Failure) 2020-09-29T18:22:28.339+0200: 11.183: [ParNew: 575087K->15429K(613440K), 0.0118608 secs] 578472K->18814K(2029056K), 0.0119263 secs] [Times: user=0.11 sys=0.00, real=0.01 secs] 
2020-09-29T18:22:28.403+0200: 11.246: [GC (Allocation Failure) 2020-09-29T18:22:28.403+0200: 11.246: [ParNew: 560773K->23711K(613440K), 0.0165572 secs] 564158K->27096K(2029056K), 0.0166208 secs] [Times: user=0.13 sys=0.00, real=0.02 secs] 
2020-09-29T18:22:28.474+0200: 11.317: [GC (Allocation Failure) 2020-09-29T18:22:28.474+0200: 11.318: [ParNew: 569055K->37175K(613440K), 0.0209638 secs] 572440K->40561K(2029056K), 0.0210332 secs] [Times: user=0.11 sys=0.00, real=0.02 secs] 
2020-09-29T18:22:28.552+0200: 11.395: [GC (Allocation Failure) 2020-09-29T18:22:28.552+0200: 11.395: [ParNew: 582519K->48634K(613440K), 0.0205138 secs] 585905K->52019K(2029056K), 0.0205981 secs] [Times: user=0.13 sys=0.00, real=0.02 secs] 
2020-09-29T18:22:28.643+0200: 11.487: [GC (Allocation Failure) 2020-09-29T18:22:28.643+0200: 11.487: [ParNew: 593978K->36209K(613440K), 0.0183117 secs] 597363K->39594K(2029056K), 0.0183816 secs] [Times: user=0.25 sys=0.00, real=0.02 secs] 
2020-09-29T18:22:28.713+0200: 11.557: [GC (Allocation Failure) 2020-09-29T18:22:28.713+0200: 11.557: [ParNew: 581553K->56576K(613440K), 0.0255146 secs] 584938K->59961K(2029056K), 0.0255908 secs] [Times: user=0.25 sys=0.00, real=0.03 secs] 
2020-09-29T18:22:28.791+0200: 11.634: [GC (Allocation Failure) 2020-09-29T18:22:28.791+0200: 11.634: [ParNew: 601920K->44285K(613440K), 0.0243426 secs] 605305K->47670K(2029056K), 0.0244085 secs] [Times: user=0.13 sys=0.00, real=0.02 secs] 
2020-09-29T18:22:28.864+0200: 11.707: [GC (Allocation Failure) 2020-09-29T18:22:28.864+0200: 11.707: [ParNew: 589629K->35808K(613440K), 0.0164723 secs] 593014K->39193K(2029056K), 0.0165387 secs] [Times: user=0.11 sys=0.00, real=0.02 secs] 
2020-09-29T18:22:28.929+0200: 11.773: [GC (Allocation Failure) 2020-09-29T18:22:28.930+0200: 11.773: [ParNew: 581152K->39919K(613440K), 0.0221228 secs] 584537K->43304K(2029056K), 0.0222034 secs] [Times: user=0.13 sys=0.00, real=0.02 secs] 
2020-09-29T18:22:29.003+0200: 11.846: [GC (Allocation Failure) 2020-09-29T18:22:29.003+0200: 11.846: [ParNew: 585263K->51469K(613440K), 0.0205312 secs] 588648K->54855K(2029056K), 0.0206090 secs] [Times: user=0.25 sys=0.00, real=0.02 secs] 
2020-09-29T18:22:29.073+0200: 11.917: [GC (Allocation Failure) 2020-09-29T18:22:29.073+0200: 11.917: [ParNew: 596813K->53675K(613440K), 0.0272254 secs] 600199K->57061K(2029056K), 0.0272972 secs] [Times: user=0.25 sys=0.00, real=0.03 secs] 
2020-09-29T18:22:29.148+0200: 11.992: [GC (Allocation Failure) 2020-09-29T18:22:29.148+0200: 11.992: [ParNew: 599019K->67120K(613440K), 0.0262854 secs] 602405K->70505K(2029056K), 0.0263665 secs] [Times: user=0.13 sys=0.00, real=0.03 secs] 
2020-09-29T18:22:29.223+0200: 12.066: [GC (Allocation Failure) 2020-09-29T18:22:29.223+0200: 12.066: [ParNew: 612464K->28975K(613440K), 0.0180639 secs] 615849K->32360K(2029056K), 0.0181333 secs] [Times: user=0.25 sys=0.00, real=0.02 secs] 
2020-09-29T18:22:29.295+0200: 12.138: [GC (Allocation Failure) 2020-09-29T18:22:29.295+0200: 12.138: [ParNew: 574319K->65942K(613440K), 0.0293535 secs] 577704K->69327K(2029056K), 0.0294200 secs] [Times: user=0.25 sys=0.00, real=0.03 secs] 
2020-09-29T18:22:29.374+0200: 12.218: [GC (Allocation Failure) 2020-09-29T18:22:29.374+0200: 12.218: [ParNew: 611286K->40873K(613440K), 0.0148267 secs] 614671K->44258K(2029056K), 0.0148939 secs] [Times: user=0.13 sys=0.00, real=0.01 secs] 
2020-09-29T18:22:29.447+0200: 12.290: [GC (Allocation Failure) 2020-09-29T18:22:29.447+0200: 12.290: [ParNew: 586217K->21804K(613440K), 0.0151835 secs] 589602K->25189K(2029056K), 0.0152487 secs] [Times: user=0.13 sys=0.00, real=0.01 secs] 
2020-09-29T18:22:29.512+0200: 12.356: [GC (Allocation Failure) 2020-09-29T18:22:29.512+0200: 12.356: [ParNew: 567148K->39049K(613440K), 0.0210661 secs] 570533K->42434K(2029056K), 0.0211289 secs] [Times: user=0.13 sys=0.00, real=0.02 secs] 
2020-09-29T18:22:29.584+0200: 12.427: [GC (Allocation Failure) 2020-09-29T18:22:29.584+0200: 12.427: [ParNew: 584393K->52840K(613440K), 0.0267198 secs] 587778K->56226K(2029056K), 0.0267964 secs] [Times: user=0.13 sys=0.00, real=0.03 secs] 
2020-09-29T18:22:29.661+0200: 12.505: [GC (Allocation Failure) 2020-09-29T18:22:29.661+0200: 12.505: [ParNew: 598184K->61455K(613440K), 0.0287807 secs] 601570K->64840K(2029056K), 0.0288479 secs] [Times: user=0.11 sys=0.00, real=0.03 secs] 
2020-09-29T18:22:29.737+0200: 12.580: [GC (Allocation Failure) 2020-09-29T18:22:29.737+0200: 12.580: [ParNew: 606799K->39103K(613440K), 0.0179166 secs] 610184K->42488K(2029056K), 0.0179798 secs] [Times: user=0.13 sys=0.00, real=0.02 secs] 
2020-09-29T18:22:29.805+0200: 12.649: [GC (Allocation Failure) 2020-09-29T18:22:29.805+0200: 12.649: [ParNew: 584447K->31758K(613440K), 0.0159381 secs] 587832K->35143K(2029056K), 0.0160032 secs] [Times: user=0.13 sys=0.00, real=0.02 secs] 
2020-09-29T18:22:29.875+0200: 12.719: [GC (Allocation Failure) 2020-09-29T18:22:29.875+0200: 12.719: [ParNew: 577102K->65943K(613440K), 0.0298193 secs] 580487K->69328K(2029056K), 0.0298903 secs] [Times: user=0.25 sys=0.00, real=0.03 secs] 
2020-09-29T18:22:29.956+0200: 12.800: [GC (Allocation Failure) 2020-09-29T18:22:29.956+0200: 12.800: [ParNew: 611287K->68096K(613440K), 0.0294251 secs] 614672K->71950K(2029056K), 0.0294903 secs] [Times: user=0.25 sys=0.00, real=0.03 secs] 
2020-09-29T18:22:30.033+0200: 12.876: [GC (Allocation Failure) 2020-09-29T18:22:30.033+0200: 12.876: [ParNew: 613440K->47774K(613440K), 0.0279551 secs] 617294K->51628K(2029056K), 0.0280195 secs] [Times: user=0.25 sys=0.00, real=0.03 secs] 
2020-09-29T18:22:30.112+0200: 12.955: [GC (Allocation Failure) 2020-09-29T18:22:30.112+0200: 12.955: [ParNew: 593118K->68096K(613440K), 0.0341505 secs] 596972K->74593K(2029056K), 0.0342128 secs] [Times: user=0.27 sys=0.00, real=0.03 secs] 
2020-09-29T18:22:30.194+0200: 13.037: [GC (Allocation Failure) 2020-09-29T18:22:30.194+0200: 13.037: [ParNew: 613440K->52645K(613440K), 0.0182925 secs] 619937K->59142K(2029056K), 0.0183622 secs] [Times: user=0.13 sys=0.00, real=0.02 secs] 
2020-09-29T18:22:30.270+0200: 13.114: [GC (Allocation Failure) 2020-09-29T18:22:30.270+0200: 13.114: [ParNew: 597989K->29829K(613440K), 0.0166073 secs] 604486K->36327K(2029056K), 0.0166731 secs] [Times: user=0.17 sys=0.02, real=0.02 secs] 
2020-09-29T18:22:30.334+0200: 13.177: [GC (Allocation Failure) 2020-09-29T18:22:30.334+0200: 13.177: [ParNew: 575173K->47882K(613440K), 0.0229830 secs] 581671K->54379K(2029056K), 0.0230675 secs] [Times: user=0.13 sys=0.00, real=0.02 secs] 
2020-09-29T18:22:30.408+0200: 13.251: [GC (Allocation Failure) 2020-09-29T18:22:30.408+0200: 13.251: [ParNew: 593226K->59128K(613440K), 0.0280808 secs] 599723K->65626K(2029056K), 0.0281474 secs] [Times: user=0.25 sys=0.00, real=0.03 secs] 
2020-09-29T18:22:30.483+0200: 13.326: [GC (Allocation Failure) 2020-09-29T18:22:30.483+0200: 13.326: [ParNew: 604472K->44927K(613440K), 0.0200798 secs] 610970K->51425K(2029056K), 0.0201518 secs] [Times: user=0.11 sys=0.00, real=0.02 secs] 
2020-09-29T18:22:30.556+0200: 13.399: [GC (Allocation Failure) 2020-09-29T18:22:30.556+0200: 13.399: [ParNew: 590271K->63490K(613440K), 0.0260791 secs] 596769K->69988K(2029056K), 0.0261630 secs] [Times: user=0.11 sys=0.00, real=0.03 secs] 
2020-09-29T18:22:30.636+0200: 13.479: [GC (Allocation Failure) 2020-09-29T18:22:30.636+0200: 13.479: [ParNew: 608834K->61743K(613440K), 0.0274896 secs] 615332K->68241K(2029056K), 0.0275739 secs] [Times: user=0.23 sys=0.00, real=0.03 secs] 
2020-09-29T18:22:30.712+0200: 13.556: [GC (Allocation Failure) 2020-09-29T18:22:30.712+0200: 13.556: [ParNew: 607087K->48521K(613440K), 0.0242635 secs] 613585K->55019K(2029056K), 0.0243306 secs] [Times: user=0.13 sys=0.00, real=0.02 secs] 
2020-09-29T18:22:30.790+0200: 13.633: [GC (Allocation Failure) 2020-09-29T18:22:30.790+0200: 13.633: [ParNew: 593865K->41338K(613440K), 0.0159939 secs] 600363K->47835K(2029056K), 0.0160587 secs] [Times: user=0.13 sys=0.00, real=0.02 secs] 
2020-09-29T18:22:30.858+0200: 13.702: [GC (Allocation Failure) 2020-09-29T18:22:30.858+0200: 13.702: [ParNew: 586682K->38650K(613440K), 0.0228768 secs] 593179K->45147K(2029056K), 0.0229572 secs] [Times: user=0.25 sys=0.00, real=0.02 secs] 
2020-09-29T18:22:30.933+0200: 13.777: [GC (Allocation Failure) 2020-09-29T18:22:30.934+0200: 13.777: [ParNew: 583994K->54548K(613440K), 0.0212556 secs] 590491K->61045K(2029056K), 0.0213288 secs] [Times: user=0.13 sys=0.00, real=0.02 secs] 
2020-09-29T18:22:31.007+0200: 13.850: [GC (Allocation Failure) 2020-09-29T18:22:31.007+0200: 13.850: [ParNew: 599892K->39561K(613440K), 0.0211889 secs] 606389K->46058K(2029056K), 0.0212668 secs] [Times: user=0.13 sys=0.00, real=0.02 secs] 
2020-09-29T18:22:31.075+0200: 13.919: [GC (Allocation Failure) 2020-09-29T18:22:31.075+0200: 13.919: [ParNew: 584905K->57490K(613440K), 0.0260021 secs] 591402K->63987K(2029056K), 0.0260707 secs] [Times: user=0.25 sys=0.00, real=0.03 secs] 
2020-09-29T18:22:31.151+0200: 13.995: [GC (Allocation Failure) 2020-09-29T18:22:31.151+0200: 13.995: [ParNew: 602834K->44802K(613440K), 0.0177092 secs] 609331K->51300K(2029056K), 0.0177737 secs] [Times: user=0.13 sys=0.00, real=0.02 secs] 
2020-09-29T18:22:31.219+0200: 14.063: [GC (Allocation Failure) 2020-09-29T18:22:31.219+0200: 14.063: [ParNew: 590146K->41790K(613440K), 0.0240631 secs] 596644K->48288K(2029056K), 0.0241348 secs] [Times: user=0.25 sys=0.00, real=0.02 secs] 
2020-09-29T18:22:31.297+0200: 14.140: [GC (Allocation Failure) 2020-09-29T18:22:31.297+0200: 14.140: [ParNew: 587134K->39663K(613440K), 0.0180072 secs] 593632K->46161K(2029056K), 0.0180692 secs] [Times: user=0.13 sys=0.00, real=0.02 secs] 
2020-09-29T18:22:31.373+0200: 14.217: [GC (Allocation Failure) 2020-09-29T18:22:31.373+0200: 14.217: [ParNew: 585007K->39365K(613440K), 0.0236344 secs] 591505K->45862K(2029056K), 0.0237245 secs] [Times: user=0.25 sys=0.00, real=0.02 secs] 
2020-09-29T18:22:31.451+0200: 14.295: [GC (Allocation Failure) 2020-09-29T18:22:31.451+0200: 14.295: [ParNew: 584709K->33361K(613440K), 0.0159453 secs] 591206K->39858K(2029056K), 0.0160153 secs] [Times: user=0.13 sys=0.00, real=0.02 secs] 
2020-09-29T18:22:31.525+0200: 14.368: [GC (Allocation Failure) 2020-09-29T18:22:31.525+0200: 14.368: [ParNew: 578705K->57204K(613440K), 0.0287227 secs] 585202K->63701K(2029056K), 0.0288099 secs] [Times: user=0.25 sys=0.00, real=0.03 secs] 
2020-09-29T18:22:31.603+0200: 14.447: [GC (Allocation Failure) 2020-09-29T18:22:31.603+0200: 14.447: [ParNew: 602548K->68096K(613440K), 0.0272380 secs] 609045K->74593K(2029056K), 0.0273082 secs] [Times: user=0.25 sys=0.00, real=0.03 secs] 
2020-09-29T18:22:31.678+0200: 14.522: [GC (Allocation Failure) 2020-09-29T18:22:31.678+0200: 14.522: [ParNew: 613440K->50995K(613440K), 0.0267322 secs] 619937K->57493K(2029056K), 0.0268027 secs] [Times: user=0.13 sys=0.00, real=0.03 secs] 
2020-09-29T18:22:31.755+0200: 14.598: [GC (Allocation Failure) 2020-09-29T18:22:31.755+0200: 14.598: [ParNew: 596339K->47441K(613440K), 0.0191027 secs] 602837K->53939K(2029056K), 0.0191762 secs] [Times: user=0.13 sys=0.00, real=0.02 secs] 
2020-09-29T18:22:31.837+0200: 14.681: [GC (Allocation Failure) 2020-09-29T18:22:31.837+0200: 14.681: [ParNew: 591528K->41021K(613440K), 0.0251454 secs] 598025K->47519K(2029056K), 0.0252167 secs] [Times: user=0.13 sys=0.00, real=0.03 secs] 
2020-09-29T18:22:31.910+0200: 14.753: [GC (Allocation Failure) 2020-09-29T18:22:31.910+0200: 14.753: [ParNew: 586365K->40367K(613440K), 0.0227604 secs] 592863K->46865K(2029056K), 0.0228247 secs] [Times: user=0.25 sys=0.00, real=0.02 secs] 
2020-09-29T18:22:31.996+0200: 14.839: [GC (Allocation Failure) 2020-09-29T18:22:31.996+0200: 14.839: [ParNew: 585711K->42631K(613440K), 0.0219157 secs] 592209K->49128K(2029056K), 0.0219822 secs] [Times: user=0.13 sys=0.00, real=0.02 secs] 
2020-09-29T18:22:32.065+0200: 14.909: [GC (Allocation Failure) 2020-09-29T18:22:32.065+0200: 14.909: [ParNew: 587975K->40774K(613440K), 0.0208567 secs] 594472K->47271K(2029056K), 0.0209226 secs] [Times: user=0.25 sys=0.00, real=0.02 secs] 
2020-09-29T18:22:32.132+0200: 14.976: [GC (Allocation Failure) 2020-09-29T18:22:32.133+0200: 14.976: [ParNew: 586118K->61115K(613440K), 0.0274142 secs] 592615K->67613K(2029056K), 0.0274912 secs] [Times: user=0.13 sys=0.00, real=0.03 secs] 
2020-09-29T18:22:32.207+0200: 15.050: [GC (Allocation Failure) 2020-09-29T18:22:32.207+0200: 15.050: [ParNew: 606459K->37020K(613440K), 0.0131480 secs] 612957K->43518K(2029056K), 0.0132118 secs] [Times: user=0.13 sys=0.00, real=0.01 secs] 
2020-09-29T18:22:32.273+0200: 15.117: [GC (Allocation Failure) 2020-09-29T18:22:32.273+0200: 15.117: [ParNew: 582364K->50572K(613440K), 0.0268331 secs] 588862K->57069K(2029056K), 0.0269265 secs] [Times: user=0.13 sys=0.00, real=0.03 secs] 
2020-09-29T18:22:32.349+0200: 15.193: [GC (Allocation Failure) 2020-09-29T18:22:32.349+0200: 15.193: [ParNew: 595916K->61653K(613440K), 0.0248026 secs] 602413K->68150K(2029056K), 0.0248816 secs] [Times: user=0.13 sys=0.00, real=0.03 secs] 
2020-09-29T18:22:32.424+0200: 15.267: [GC (Allocation Failure) 2020-09-29T18:22:32.424+0200: 15.267: [ParNew: 606997K->47233K(613440K), 0.0237677 secs] 613494K->53731K(2029056K), 0.0238332 secs] [Times: user=0.25 sys=0.00, real=0.02 secs] 
2020-09-29T18:22:32.498+0200: 15.342: [GC (Allocation Failure) 2020-09-29T18:22:32.498+0200: 15.342: [ParNew: 592577K->42729K(613440K), 0.0229440 secs] 599075K->49226K(2029056K), 0.0230129 secs] [Times: user=0.25 sys=0.00, real=0.02 secs] 
2020-09-29T18:22:32.571+0200: 15.414: [GC (Allocation Failure) 2020-09-29T18:22:32.571+0200: 15.414: [ParNew: 588073K->42048K(613440K), 0.0215945 secs] 594570K->48545K(2029056K), 0.0216714 secs] [Times: user=0.13 sys=0.00, real=0.02 secs] 
2020-09-29T18:22:32.648+0200: 15.491: [GC (Allocation Failure) 2020-09-29T18:22:32.648+0200: 15.491: [ParNew: 587392K->36966K(613440K), 0.0213793 secs] 593889K->43463K(2029056K), 0.0214585 secs] [Times: user=0.13 sys=0.00, real=0.02 secs] 
2020-09-29T18:22:32.716+0200: 15.560: [GC (Allocation Failure) 2020-09-29T18:22:32.716+0200: 15.560: [ParNew: 582310K->59250K(613440K), 0.0263316 secs] 588807K->65747K(2029056K), 0.0264238 secs] [Times: user=0.25 sys=0.00, real=0.03 secs] 
2020-09-29T18:22:32.794+0200: 15.638: [GC (Allocation Failure) 2020-09-29T18:22:32.794+0200: 15.638: [ParNew: 604594K->45112K(613440K), 0.0185463 secs] 611091K->51610K(2029056K), 0.0186225 secs] [Times: user=0.13 sys=0.00, real=0.02 secs] 
2020-09-29T18:22:32.871+0200: 15.715: [GC (Allocation Failure) 2020-09-29T18:22:32.872+0200: 15.715: [ParNew: 590456K->44465K(613440K), 0.0245783 secs] 596954K->50962K(2029056K), 0.0246496 secs] [Times: user=0.25 sys=0.00, real=0.02 secs] 
2020-09-29T18:22:32.944+0200: 15.788: [GC (Allocation Failure) 2020-09-29T18:22:32.944+0200: 15.788: [ParNew: 589809K->33613K(613440K), 0.0177110 secs] 596306K->40111K(2029056K), 0.0177782 secs] [Times: user=0.13 sys=0.00, real=0.02 secs] 
2020-09-29T18:22:33.015+0200: 15.859: [GC (Allocation Failure) 2020-09-29T18:22:33.015+0200: 15.859: [ParNew: 578957K->28589K(613440K), 0.0149894 secs] 585455K->35087K(2029056K), 0.0150549 secs] [Times: user=0.13 sys=0.00, real=0.01 secs] 
2020-09-29T18:22:33.084+0200: 15.927: [GC (Allocation Failure) 2020-09-29T18:22:33.084+0200: 15.927: [ParNew: 573933K->58652K(613440K), 0.0289271 secs] 580431K->65150K(2029056K), 0.0290212 secs] [Times: user=0.13 sys=0.00, real=0.03 secs] 
2020-09-29T18:22:33.159+0200: 16.003: [GC (Allocation Failure) 2020-09-29T18:22:33.159+0200: 16.003: [ParNew: 603996K->39421K(613440K), 0.0124068 secs] 610494K->45918K(2029056K), 0.0124712 secs] [Times: user=0.13 sys=0.00, real=0.01 secs] 
2020-09-29T18:22:33.230+0200: 16.074: [GC (Allocation Failure) 2020-09-29T18:22:33.230+0200: 16.074: [ParNew: 584765K->49739K(613440K), 0.0279190 secs] 591262K->56237K(2029056K), 0.0280140 secs] [Times: user=0.25 sys=0.00, real=0.03 secs] 
2020-09-29T18:22:33.311+0200: 16.155: [GC (Allocation Failure) 2020-09-29T18:22:33.311+0200: 16.155: [ParNew: 595083K->66511K(613440K), 0.0281818 secs] 601581K->73008K(2029056K), 0.0282659 secs] [Times: user=0.25 sys=0.00, real=0.03 secs] 
2020-09-29T18:22:33.393+0200: 16.237: [GC (Allocation Failure) 2020-09-29T18:22:33.393+0200: 16.237: [ParNew: 611855K->68096K(613440K), 0.0341600 secs] 618352K->74593K(2029056K), 0.0342353 secs] [Times: user=0.36 sys=0.00, real=0.04 secs] 
2020-09-29T18:22:33.476+0200: 16.319: [GC (Allocation Failure) 2020-09-29T18:22:33.476+0200: 16.319: [ParNew: 613440K->57375K(613440K), 0.0260302 secs] 619937K->63873K(2029056K), 0.0261046 secs] [Times: user=0.13 sys=0.00, real=0.03 secs] 
2020-09-29T18:22:33.559+0200: 16.403: [GC (Allocation Failure) 2020-09-29T18:22:33.560+0200: 16.403: [ParNew: 602719K->48018K(613440K), 0.0251321 secs] 609217K->54515K(2029056K), 0.0252197 secs] [Times: user=0.25 sys=0.00, real=0.03 secs] 
2020-09-29T18:22:33.647+0200: 16.490: [GC (Allocation Failure) 2020-09-29T18:22:33.647+0200: 16.490: [ParNew: 593362K->68096K(613440K), 0.0315384 secs] 599859K->74853K(2029056K), 0.0316246 secs] [Times: user=0.25 sys=0.00, real=0.03 secs] 
2020-09-29T18:22:33.731+0200: 16.574: [GC (Allocation Failure) 2020-09-29T18:22:33.731+0200: 16.574: [ParNew: 613440K->50059K(613440K), 0.0296849 secs] 620197K->56817K(2029056K), 0.0297523 secs] [Times: user=0.25 sys=0.00, real=0.03 secs] 
2020-09-29T18:22:33.812+0200: 16.655: [GC (Allocation Failure) 2020-09-29T18:22:33.812+0200: 16.655: [ParNew: 595403K->43266K(613440K), 0.0206506 secs] 602161K->50024K(2029056K), 0.0207174 secs] [Times: user=0.13 sys=0.00, real=0.02 secs] 
2020-09-29T18:22:33.886+0200: 16.729: [GC (Allocation Failure) 2020-09-29T18:22:33.886+0200: 16.730: [ParNew: 588610K->66097K(613440K), 0.0347441 secs] 595368K->72855K(2029056K), 0.0367440 secs] [Times: user=0.25 sys=0.00, real=0.04 secs] 
2020-09-29T18:22:33.969+0200: 16.813: [GC (Allocation Failure) 2020-09-29T18:22:33.969+0200: 16.813: [ParNew: 611441K->46730K(613440K), 0.0183416 secs] 618199K->53488K(2029056K), 0.0184096 secs] [Times: user=0.13 sys=0.00, real=0.02 secs] 
2020-09-29T18:22:34.041+0200: 16.884: [GC (Allocation Failure) 2020-09-29T18:22:34.041+0200: 16.884: [ParNew: 592074K->44489K(613440K), 0.0254068 secs] 598832K->51246K(2029056K), 0.0254847 secs] [Times: user=0.13 sys=0.00, real=0.03 secs] 
2020-09-29T18:22:34.119+0200: 16.963: [GC (Allocation Failure) 2020-09-29T18:22:34.119+0200: 16.963: [ParNew: 589833K->36964K(613440K), 0.0234146 secs] 596590K->43722K(2029056K), 0.0234859 secs] [Times: user=0.13 sys=0.00, real=0.02 secs] 
2020-09-29T18:22:34.195+0200: 17.039: [GC (Allocation Failure) 2020-09-29T18:22:34.195+0200: 17.039: [ParNew: 582308K->35844K(613440K), 0.0229057 secs] 589066K->42602K(2029056K), 0.0229751 secs] [Times: user=0.13 sys=0.00, real=0.02 secs] 
2020-09-29T18:22:34.267+0200: 17.111: [GC (Allocation Failure) 2020-09-29T18:22:34.267+0200: 17.111: [ParNew: 581188K->37357K(613440K), 0.0211217 secs] 587946K->44114K(2029056K), 0.0211909 secs] [Times: user=0.25 sys=0.00, real=0.02 secs] 
2020-09-29T18:22:34.342+0200: 17.186: [GC (Allocation Failure) 2020-09-29T18:22:34.343+0200: 17.186: [ParNew: 582701K->35292K(613440K), 0.0203487 secs] 589458K->42050K(2029056K), 0.0204346 secs] [Times: user=0.13 sys=0.00, real=0.02 secs] 
2020-09-29T18:22:34.415+0200: 17.258: [GC (Allocation Failure) 2020-09-29T18:22:34.415+0200: 17.258: [ParNew: 580636K->53297K(613440K), 0.0255352 secs] 587394K->60055K(2029056K), 0.0256058 secs] [Times: user=0.13 sys=0.00, real=0.03 secs] 
2020-09-29T18:22:34.493+0200: 17.336: [GC (Allocation Failure) 2020-09-29T18:22:34.493+0200: 17.336: [ParNew: 598641K->40079K(613440K), 0.0246303 secs] 605399K->46837K(2029056K), 0.0247018 secs] [Times: user=0.13 sys=0.00, real=0.02 secs] 
2020-09-29T18:22:34.571+0200: 17.415: [GC (Allocation Failure) 2020-09-29T18:22:34.571+0200: 17.415: [ParNew: 585423K->35760K(613440K), 0.0251941 secs] 592181K->42518K(2029056K), 0.0252813 secs] [Times: user=0.11 sys=0.00, real=0.03 secs] 
2020-09-29T18:22:34.649+0200: 17.492: [GC (Allocation Failure) 2020-09-29T18:22:34.649+0200: 17.493: [ParNew: 581104K->39855K(613440K), 0.0203981 secs] 587862K->46613K(2029056K), 0.0204696 secs] [Times: user=0.13 sys=0.00, real=0.02 secs] 
2020-09-29T18:22:34.725+0200: 17.568: [GC (Allocation Failure) 2020-09-29T18:22:34.725+0200: 17.568: [ParNew: 585199K->36316K(613440K), 0.0189729 secs] 591957K->43074K(2029056K), 0.0190428 secs] [Times: user=0.13 sys=0.00, real=0.02 secs] 
2020-09-29T18:22:34.802+0200: 17.646: [GC (Allocation Failure) 2020-09-29T18:22:34.802+0200: 17.646: [ParNew: 581660K->30894K(613440K), 0.0193092 secs] 588418K->37652K(2029056K), 0.0193803 secs] [Times: user=0.13 sys=0.00, real=0.02 secs] 
2020-09-29T18:22:34.878+0200: 17.722: [GC (Allocation Failure) 2020-09-29T18:22:34.878+0200: 17.722: [ParNew: 576238K->52318K(613440K), 0.0262303 secs] 582996K->59076K(2029056K), 0.0263089 secs] [Times: user=0.25 sys=0.00, real=0.03 secs] 
2020-09-29T18:22:34.962+0200: 17.805: [GC (Allocation Failure) 2020-09-29T18:22:34.962+0200: 17.805: [ParNew: 597662K->66461K(613440K), 0.0314073 secs] 604420K->73219K(2029056K), 0.0314739 secs] [Times: user=0.25 sys=0.00, real=0.03 secs] 
2020-09-29T18:22:35.046+0200: 17.889: [GC (Allocation Failure) 2020-09-29T18:22:35.046+0200: 17.889: [ParNew: 611805K->61587K(613440K), 0.0308271 secs] 618563K->68344K(2029056K), 0.0308986 secs] [Times: user=0.25 sys=0.00, real=0.03 secs] 
2020-09-29T18:22:35.125+0200: 17.969: [GC (Allocation Failure) 2020-09-29T18:22:35.125+0200: 17.969: [ParNew: 606931K->46250K(613440K), 0.0226582 secs] 613688K->53008K(2029056K), 0.0227413 secs] [Times: user=0.25 sys=0.00, real=0.02 secs] 
2020-09-29T18:22:35.197+0200: 18.040: [GC (Allocation Failure) 2020-09-29T18:22:35.197+0200: 18.040: [ParNew: 591594K->65668K(613440K), 0.0281046 secs] 598352K->72425K(2029056K), 0.0281744 secs] [Times: user=0.25 sys=0.00, real=0.03 secs] 
2020-09-29T18:22:35.275+0200: 18.119: [GC (Allocation Failure) 2020-09-29T18:22:35.275+0200: 18.119: [ParNew: 611012K->45630K(613440K), 0.0278369 secs] 617769K->52388K(2029056K), 0.0295933 secs] [Times: user=0.25 sys=0.00, real=0.03 secs] 
2020-09-29T18:22:35.353+0200: 18.197: [GC (Allocation Failure) 2020-09-29T18:22:35.353+0200: 18.197: [ParNew: 590974K->41093K(613440K), 0.0262147 secs] 597732K->47851K(2029056K), 0.0263103 secs] [Times: user=0.14 sys=0.00, real=0.03 secs] 
2020-09-29T18:22:35.429+0200: 18.273: [GC (Allocation Failure) 2020-09-29T18:22:35.429+0200: 18.273: [ParNew: 586437K->68096K(613440K), 0.0309431 secs] 593195K->74853K(2029056K), 0.0310207 secs] [Times: user=0.25 sys=0.00, real=0.03 secs] 
2020-09-29T18:22:35.510+0200: 18.353: [GC (Allocation Failure) 2020-09-29T18:22:35.510+0200: 18.353: [ParNew: 613440K->61970K(613440K), 0.0305070 secs] 620197K->68728K(2029056K), 0.0305773 secs] [Times: user=0.25 sys=0.00, real=0.03 secs] 
2020-09-29T18:22:35.588+0200: 18.432: [GC (Allocation Failure) 2020-09-29T18:22:35.588+0200: 18.432: [ParNew: 607314K->42291K(613440K), 0.0231870 secs] 614072K->49049K(2029056K), 0.0232558 secs] [Times: user=0.11 sys=0.00, real=0.02 secs] 
2020-09-29T18:22:35.666+0200: 18.509: [GC (Allocation Failure) 2020-09-29T18:22:35.666+0200: 18.509: [ParNew: 587635K->36540K(613440K), 0.0195662 secs] 594393K->43298K(2029056K), 0.0196323 secs] [Times: user=0.13 sys=0.00, real=0.02 secs] 
2020-09-29T18:22:35.742+0200: 18.586: [GC (Allocation Failure) 2020-09-29T18:22:35.742+0200: 18.586: [ParNew: 581884K->56557K(613440K), 0.0267230 secs] 588642K->63315K(2029056K), 0.0267915 secs] [Times: user=0.13 sys=0.00, real=0.03 secs] 
2020-09-29T18:22:35.816+0200: 18.660: [GC (Allocation Failure) 2020-09-29T18:22:35.816+0200: 18.660: [ParNew: 601901K->45097K(613440K), 0.0267178 secs] 608659K->51855K(2029056K), 0.0267882 secs] [Times: user=0.25 sys=0.00, real=0.03 secs] 
2020-09-29T18:22:35.892+0200: 18.736: [GC (Allocation Failure) 2020-09-29T18:22:35.892+0200: 18.736: [ParNew: 590441K->43891K(613440K), 0.0256153 secs] 597199K->50649K(2029056K), 0.0256870 secs] [Times: user=0.25 sys=0.00, real=0.03 secs] 
2020-09-29T18:22:35.964+0200: 18.807: [GC (Allocation Failure) 2020-09-29T18:22:35.964+0200: 18.807: [ParNew: 589235K->43447K(613440K), 0.0227886 secs] 595993K->50204K(2029056K), 0.0228535 secs] [Times: user=0.13 sys=0.00, real=0.02 secs] 
2020-09-29T18:22:36.038+0200: 18.882: [GC (Allocation Failure) 2020-09-29T18:22:36.038+0200: 18.882: [ParNew: 588791K->39235K(613440K), 0.0225299 secs] 595548K->45993K(2029056K), 0.0225997 secs] [Times: user=0.13 sys=0.00, real=0.02 secs] 
2020-09-29T18:22:36.118+0200: 18.962: [GC (Allocation Failure) 2020-09-29T18:22:36.118+0200: 18.962: [ParNew: 584579K->61269K(613440K), 0.0286107 secs] 591337K->68027K(2029056K), 0.0286828 secs] [Times: user=0.25 sys=0.00, real=0.03 secs] 
2020-09-29T18:22:36.194+0200: 19.038: [GC (Allocation Failure) 2020-09-29T18:22:36.194+0200: 19.038: [ParNew: 606613K->68096K(613440K), 0.0339979 secs] 613371K->74853K(2029056K), 0.0340723 secs] [Times: user=0.25 sys=0.00, real=0.03 secs] 
2020-09-29T18:22:36.275+0200: 19.119: [GC (Allocation Failure) 2020-09-29T18:22:36.275+0200: 19.119: [ParNew: 613440K->56966K(613440K), 0.0334731 secs] 620197K->63724K(2029056K), 0.0335558 secs] [Times: user=0.25 sys=0.00, real=0.03 secs] 
2020-09-29T18:22:36.356+0200: 19.200: [GC (Allocation Failure) 2020-09-29T18:22:36.356+0200: 19.200: [ParNew: 602310K->51847K(613440K), 0.0240068 secs] 609068K->58605K(2029056K), 0.0240853 secs] [Times: user=0.25 sys=0.00, real=0.02 secs] 
2020-09-29T18:22:36.434+0200: 19.278: [GC (Allocation Failure) 2020-09-29T18:22:36.434+0200: 19.278: [ParNew: 597191K->44616K(613440K), 0.0239215 secs] 603949K->51374K(2029056K), 0.0239918 secs] [Times: user=0.25 sys=0.00, real=0.02 secs] 
2020-09-29T18:22:36.512+0200: 19.355: [GC (Allocation Failure) 2020-09-29T18:22:36.512+0200: 19.355: [ParNew: 589960K->30862K(613440K), 0.0140773 secs] 596718K->37620K(2029056K), 0.0141473 secs] [Times: user=0.11 sys=0.00, real=0.01 secs] 
2020-09-29T18:22:36.584+0200: 19.428: [GC (Allocation Failure) 2020-09-29T18:22:36.585+0200: 19.428: [ParNew: 576206K->35281K(613440K), 0.0226868 secs] 582964K->42039K(2029056K), 0.0227652 secs] [Times: user=0.11 sys=0.00, real=0.02 secs] 
2020-09-29T18:22:36.663+0200: 19.507: [GC (Allocation Failure) 2020-09-29T18:22:36.664+0200: 19.507: [ParNew: 580625K->46222K(613440K), 0.0262867 secs] 587383K->52980K(2029056K), 0.0265263 secs] [Times: user=0.13 sys=0.00, real=0.03 secs] 
2020-09-29T18:22:36.742+0200: 19.586: [GC (Allocation Failure) 2020-09-29T18:22:36.742+0200: 19.586: [ParNew: 591566K->31358K(613440K), 0.0092208 secs] 598324K->38116K(2029056K), 0.0092887 secs] [Times: user=0.00 sys=0.00, real=0.01 secs] 
2020-09-29T18:22:36.810+0200: 19.654: [GC (Allocation Failure) 2020-09-29T18:22:36.810+0200: 19.654: [ParNew: 576702K->34981K(613440K), 0.0217084 secs] 583460K->41739K(2029056K), 0.0217852 secs] [Times: user=0.13 sys=0.00, real=0.02 secs] 
2020-09-29T18:22:36.883+0200: 19.727: [GC (Allocation Failure) 2020-09-29T18:22:36.883+0200: 19.727: [ParNew: 580325K->43006K(613440K), 0.0226159 secs] 587083K->49764K(2029056K), 0.0226886 secs] [Times: user=0.13 sys=0.00, real=0.02 secs] 
2020-09-29T18:22:36.960+0200: 19.804: [GC (Allocation Failure) 2020-09-29T18:22:36.960+0200: 19.804: [ParNew: 588350K->31385K(613440K), 0.0219815 secs] 595108K->38143K(2029056K), 0.0220666 secs] [Times: user=0.13 sys=0.00, real=0.02 secs] 
2020-09-29T18:22:37.035+0200: 19.878: [GC (Allocation Failure) 2020-09-29T18:22:37.035+0200: 19.878: [ParNew: 576729K->52968K(613440K), 0.0270770 secs] 583487K->59726K(2029056K), 0.0271463 secs] [Times: user=0.25 sys=0.00, real=0.03 secs] 
2020-09-29T18:22:37.110+0200: 19.953: [GC (Allocation Failure) 2020-09-29T18:22:37.110+0200: 19.953: [ParNew: 598312K->44348K(613440K), 0.0257896 secs] 605070K->51106K(2029056K), 0.0258592 secs] [Times: user=0.25 sys=0.00, real=0.03 secs] 
2020-09-29T18:22:37.187+0200: 20.031: [GC (Allocation Failure) 2020-09-29T18:22:37.187+0200: 20.031: [ParNew: 589692K->40776K(613440K), 0.0246259 secs] 596450K->47533K(2029056K), 0.0247124 secs] [Times: user=0.25 sys=0.00, real=0.02 secs] 
2020-09-29T18:22:37.264+0200: 20.108: [GC (Allocation Failure) 2020-09-29T18:22:37.264+0200: 20.108: [ParNew: 586120K->37783K(613440K), 0.0238741 secs] 592877K->44541K(2029056K), 0.0239407 secs] [Times: user=0.25 sys=0.00, real=0.02 secs] 
2020-09-29T18:22:37.339+0200: 20.183: [GC (Allocation Failure) 2020-09-29T18:22:37.339+0200: 20.183: [ParNew: 583127K->37929K(613440K), 0.0215769 secs] 589885K->44687K(2029056K), 0.0216455 secs] [Times: user=0.13 sys=0.00, real=0.02 secs] 
2020-09-29T18:22:37.417+0200: 20.261: [GC (Allocation Failure) 2020-09-29T18:22:37.417+0200: 20.261: [ParNew: 583273K->58529K(613440K), 0.0283219 secs] 590031K->65287K(2029056K), 0.0283915 secs] [Times: user=0.25 sys=0.00, real=0.03 secs] 
2020-09-29T18:22:37.492+0200: 20.336: [GC (Allocation Failure) 2020-09-29T18:22:37.492+0200: 20.336: [ParNew: 603873K->39366K(613440K), 0.0265105 secs] 610631K->46124K(2029056K), 0.0266160 secs] [Times: user=0.13 sys=0.00, real=0.03 secs] 
2020-09-29T18:22:37.567+0200: 20.410: [GC (Allocation Failure) 2020-09-29T18:22:37.567+0200: 20.410: [ParNew: 584710K->66437K(613440K), 0.0348060 secs] 591468K->73195K(2029056K), 0.0348889 secs] [Times: user=0.22 sys=0.00, real=0.04 secs] 
2020-09-29T18:22:37.652+0200: 20.496: [GC (Allocation Failure) 2020-09-29T18:22:37.652+0200: 20.496: [ParNew: 611781K->50031K(613440K), 0.0225775 secs] 618539K->56789K(2029056K), 0.0226517 secs] [Times: user=0.11 sys=0.00, real=0.02 secs] 
2020-09-29T18:22:37.725+0200: 20.569: [GC (Allocation Failure) 2020-09-29T18:22:37.725+0200: 20.569: [ParNew: 595375K->38926K(613440K), 0.0222781 secs] 602133K->45684K(2029056K), 0.0223474 secs] [Times: user=0.13 sys=0.00, real=0.02 secs] 
2020-09-29T18:22:37.801+0200: 20.644: [GC (Allocation Failure) 2020-09-29T18:22:37.801+0200: 20.644: [ParNew: 584270K->60620K(613440K), 0.0280721 secs] 591028K->67377K(2029056K), 0.0281425 secs] [Times: user=0.25 sys=0.00, real=0.03 secs] 
2020-09-29T18:22:37.876+0200: 20.719: [GC (Allocation Failure) 2020-09-29T18:22:37.876+0200: 20.720: [ParNew: 605964K->47454K(613440K), 0.0280485 secs] 612721K->54212K(2029056K), 0.0281189 secs] [Times: user=0.25 sys=0.00, real=0.03 secs] 
2020-09-29T18:22:37.955+0200: 20.799: [GC (Allocation Failure) 2020-09-29T18:22:37.955+0200: 20.799: [ParNew: 592798K->46842K(613440K), 0.0260121 secs] 599556K->53600K(2029056K), 0.0261027 secs] [Times: user=0.23 sys=0.00, real=0.03 secs] 
2020-09-29T18:22:38.032+0200: 20.876: [GC (Allocation Failure) 2020-09-29T18:22:38.032+0200: 20.876: [ParNew: 592186K->43538K(613440K), 0.0246349 secs] 598944K->50296K(2029056K), 0.0247034 secs] [Times: user=0.25 sys=0.00, real=0.02 secs] 
2020-09-29T18:22:38.105+0200: 20.950: [GC (Allocation Failure) 2020-09-29T18:22:38.105+0200: 20.950: [ParNew: 588882K->68096K(613440K), 0.0300868 secs] 595640K->74853K(2029056K), 0.0301575 secs] [Times: user=0.25 sys=0.00, real=0.03 secs] 
2020-09-29T18:22:38.187+0200: 21.031: [GC (Allocation Failure) 2020-09-29T18:22:38.187+0200: 21.031: [ParNew: 613440K->47826K(613440K), 0.0172251 secs] 620197K->54583K(2029056K), 0.0172821 secs] [Times: user=0.13 sys=0.00, real=0.02 secs] 
2020-09-29T18:22:38.255+0200: 21.099: [GC (Allocation Failure) 2020-09-29T18:22:38.255+0200: 21.099: [ParNew: 593170K->64239K(613440K), 0.0197945 secs] 599927K->70997K(2029056K), 0.0198482 secs] [Times: user=0.13 sys=0.00, real=0.02 secs] 
2020-09-29T18:22:38.324+0200: 21.169: [GC (Allocation Failure) 2020-09-29T18:22:38.324+0200: 21.169: [ParNew: 609583K->37482K(613440K), 0.0139968 secs] 616341K->44240K(2029056K), 0.0140524 secs] [Times: user=0.13 sys=0.00, real=0.01 secs] 
2020-09-29T18:22:38.386+0200: 21.230: [GC (Allocation Failure) 2020-09-29T18:22:38.386+0200: 21.230: [ParNew: 582826K->32463K(613440K), 0.0113823 secs] 589584K->39221K(2029056K), 0.0114604 secs] [Times: user=0.13 sys=0.00, real=0.01 secs] 
2020-09-29T18:22:38.445+0200: 21.289: [GC (Allocation Failure) 2020-09-29T18:22:38.445+0200: 21.289: [ParNew: 577807K->34771K(613440K), 0.0153392 secs] 584565K->41529K(2029056K), 0.0154241 secs] [Times: user=0.13 sys=0.00, real=0.02 secs] 
2020-09-29T18:22:38.513+0200: 21.357: [GC (Allocation Failure) 2020-09-29T18:22:38.513+0200: 21.357: [ParNew: 580115K->25470K(613440K), 0.0090562 secs] 586873K->32228K(2029056K), 0.0091127 secs] [Times: user=0.13 sys=0.00, real=0.01 secs] 
2020-09-29T18:22:38.575+0200: 21.419: [GC (Allocation Failure) 2020-09-29T18:22:38.575+0200: 21.419: [ParNew: 570814K->44668K(613440K), 0.0196542 secs] 577572K->51426K(2029056K), 0.0197471 secs] [Times: user=0.13 sys=0.00, real=0.02 secs] 
2020-09-29T18:22:38.643+0200: 21.487: [GC (Allocation Failure) 2020-09-29T18:22:38.643+0200: 21.487: [ParNew: 590012K->52749K(613440K), 0.0194462 secs] 596770K->59507K(2029056K), 0.0195086 secs] [Times: user=0.23 sys=0.00, real=0.02 secs] 
2020-09-29T18:22:38.714+0200: 21.559: [GC (Allocation Failure) 2020-09-29T18:22:38.714+0200: 21.559: [ParNew: 598093K->44428K(613440K), 0.0178429 secs] 604851K->51186K(2029056K), 0.0178995 secs] [Times: user=0.13 sys=0.00, real=0.02 secs] 
2020-09-29T18:22:38.784+0200: 21.628: [GC (Allocation Failure) 2020-09-29T18:22:38.784+0200: 21.628: [ParNew: 589772K->68096K(613440K), 0.0227209 secs] 596530K->74853K(2029056K), 0.0227782 secs] [Times: user=0.25 sys=0.00, real=0.02 secs] 
2020-09-29T18:22:38.853+0200: 21.697: [GC (Allocation Failure) 2020-09-29T18:22:38.853+0200: 21.697: [ParNew: 613440K->46170K(613440K), 0.0109967 secs] 620197K->52928K(2029056K), 0.0110538 secs] [Times: user=0.13 sys=0.00, real=0.01 secs] 
2020-09-29T18:22:38.919+0200: 21.763: [GC (Allocation Failure) 2020-09-29T18:22:38.919+0200: 21.763: [ParNew: 591514K->34127K(613440K), 0.0164313 secs] 598272K->40885K(2029056K), 0.0165088 secs] [Times: user=0.13 sys=0.00, real=0.02 secs] 
2020-09-29T18:22:38.987+0200: 21.831: [GC (Allocation Failure) 2020-09-29T18:22:38.987+0200: 21.831: [ParNew: 579471K->32632K(613440K), 0.0146507 secs] 586229K->39390K(2029056K), 0.0147105 secs] [Times: user=0.13 sys=0.00, real=0.02 secs] 
2020-09-29T18:22:39.051+0200: 21.896: [GC (Allocation Failure) 2020-09-29T18:22:39.051+0200: 21.896: [ParNew: 577976K->46831K(613440K), 0.0240664 secs] 584734K->53589K(2029056K), 0.0241547 secs] [Times: user=0.11 sys=0.00, real=0.02 secs] 
2020-09-29T18:22:39.126+0200: 21.971: [GC (Allocation Failure) 2020-09-29T18:22:39.126+0200: 21.971: [ParNew: 592175K->61641K(613440K), 0.0237404 secs] 598933K->68399K(2029056K), 0.0238203 secs] [Times: user=0.24 sys=0.00, real=0.02 secs] 
2020-09-29T18:22:39.200+0200: 22.044: [GC (Allocation Failure) 2020-09-29T18:22:39.200+0200: 22.044: [ParNew: 606985K->53987K(613440K), 0.0169589 secs] 613743K->60745K(2029056K), 0.0170388 secs] [Times: user=0.13 sys=0.00, real=0.02 secs] 
2020-09-29T18:22:39.276+0200: 22.120: [GC (Allocation Failure) 2020-09-29T18:22:39.276+0200: 22.120: [ParNew: 599331K->42773K(613440K), 0.0187915 secs] 606089K->49531K(2029056K), 0.0188909 secs] [Times: user=0.11 sys=0.00, real=0.02 secs] 
2020-09-29T18:22:39.349+0200: 22.193: [GC (Allocation Failure) 2020-09-29T18:22:39.349+0200: 22.193: [ParNew: 588117K->35600K(613440K), 0.0163621 secs] 594875K->42357K(2029056K), 0.0164315 secs] [Times: user=0.13 sys=0.00, real=0.02 secs] 
2020-09-29T18:22:39.421+0200: 22.265: [GC (Allocation Failure) 2020-09-29T18:22:39.421+0200: 22.265: [ParNew: 580944K->59001K(613440K), 0.0212976 secs] 587701K->65758K(2029056K), 0.0213667 secs] [Times: user=0.25 sys=0.00, real=0.02 secs] 
2020-09-29T18:22:39.489+0200: 22.334: [GC (Allocation Failure) 2020-09-29T18:22:39.489+0200: 22.334: [ParNew: 604345K->42607K(613440K), 0.0196434 secs] 611102K->49365K(2029056K), 0.0197011 secs] [Times: user=0.13 sys=0.00, real=0.02 secs] 
2020-09-29T18:22:39.558+0200: 22.402: [GC (Allocation Failure) 2020-09-29T18:22:39.558+0200: 22.402: [ParNew: 587951K->68096K(613440K), 0.0239078 secs] 594709K->74853K(2029056K), 0.0239795 secs] [Times: user=0.25 sys=0.00, real=0.02 secs] 
2020-09-29T18:22:39.631+0200: 22.475: [GC (Allocation Failure) 2020-09-29T18:22:39.631+0200: 22.475: [ParNew: 613440K->43125K(613440K), 0.0130893 secs] 620197K->49883K(2029056K), 0.0131613 secs] [Times: user=0.00 sys=0.00, real=0.01 secs] 
2020-09-29T18:22:39.697+0200: 22.541: [GC (Allocation Failure) 2020-09-29T18:22:39.697+0200: 22.541: [ParNew: 588469K->44003K(613440K), 0.0173686 secs] 595227K->50760K(2029056K), 0.0174329 secs] [Times: user=0.13 sys=0.00, real=0.02 secs] 
2020-09-29T18:22:39.765+0200: 22.609: [GC (Allocation Failure) 2020-09-29T18:22:39.765+0200: 22.609: [ParNew: 589347K->33246K(613440K), 0.0159832 secs] 596104K->40004K(2029056K), 0.0160463 secs] [Times: user=0.13 sys=0.00, real=0.02 secs] 
2020-09-29T18:22:39.829+0200: 22.673: [GC (Allocation Failure) 2020-09-29T18:22:39.829+0200: 22.673: [ParNew: 578590K->55856K(613440K), 0.0199697 secs] 585348K->62614K(2029056K), 0.0200365 secs] [Times: user=0.25 sys=0.00, real=0.02 secs] 
2020-09-29T18:22:39.899+0200: 22.744: [GC (Allocation Failure) 2020-09-29T18:22:39.899+0200: 22.744: [ParNew: 601200K->37716K(613440K), 0.0134120 secs] 607958K->44474K(2029056K), 0.0134676 secs] [Times: user=0.13 sys=0.00, real=0.01 secs] 
2020-09-29T18:22:39.968+0200: 22.812: [GC (Allocation Failure) 2020-09-29T18:22:39.968+0200: 22.812: [ParNew: 582717K->31639K(613440K), 0.0131651 secs] 589475K->38397K(2029056K), 0.0132230 secs] [Times: user=0.13 sys=0.00, real=0.01 secs] 
2020-09-29T18:22:40.030+0200: 22.874: [GC (Allocation Failure) 2020-09-29T18:22:40.030+0200: 22.874: [ParNew: 576983K->49349K(613440K), 0.0167034 secs] 583741K->56107K(2029056K), 0.0167717 secs] [Times: user=0.13 sys=0.00, real=0.02 secs] 
2020-09-29T18:22:40.100+0200: 22.944: [GC (Allocation Failure) 2020-09-29T18:22:40.100+0200: 22.944: [ParNew: 594693K->58621K(613440K), 0.0211924 secs] 601451K->65379K(2029056K), 0.0212614 secs] [Times: user=0.13 sys=0.00, real=0.02 secs] 
2020-09-29T18:22:40.168+0200: 23.012: [GC (Allocation Failure) 2020-09-29T18:22:40.168+0200: 23.013: [ParNew: 603965K->39138K(613440K), 0.0104894 secs] 610723K->45896K(2029056K), 0.0105444 secs] [Times: user=0.13 sys=0.00, real=0.01 secs] 
2020-09-29T18:22:40.237+0200: 23.082: [GC (Allocation Failure) 2020-09-29T18:22:40.237+0200: 23.082: [ParNew: 584482K->51544K(613440K), 0.0204843 secs] 591240K->58302K(2029056K), 0.0205523 secs] [Times: user=0.25 sys=0.00, real=0.02 secs] 
2020-09-29T18:22:40.305+0200: 23.149: [GC (Allocation Failure) 2020-09-29T18:22:40.305+0200: 23.149: [ParNew: 596888K->64122K(613440K), 0.0194067 secs] 603646K->70880K(2029056K), 0.0194825 secs] [Times: user=0.13 sys=0.00, real=0.02 secs] 
2020-09-29T18:22:40.371+0200: 23.215: [GC (Allocation Failure) 2020-09-29T18:22:40.371+0200: 23.215: [ParNew: 609466K->47995K(613440K), 0.0179987 secs] 616224K->54753K(2029056K), 0.0180677 secs] [Times: user=0.13 sys=0.00, real=0.02 secs] 
2020-09-29T18:22:40.440+0200: 23.285: [GC (Allocation Failure) 2020-09-29T18:22:40.440+0200: 23.285: [ParNew: 593339K->38725K(613440K), 0.0158636 secs] 600097K->45483K(2029056K), 0.0159197 secs] [Times: user=0.13 sys=0.00, real=0.02 secs] 
2020-09-29T18:22:40.504+0200: 23.348: [GC (Allocation Failure) 2020-09-29T18:22:40.504+0200: 23.348: [ParNew: 584069K->59661K(613440K), 0.0197865 secs] 590827K->66419K(2029056K), 0.0198383 secs] [Times: user=0.13 sys=0.00, real=0.02 secs] 
2020-09-29T18:22:40.570+0200: 23.415: [GC (Allocation Failure) 2020-09-29T18:22:40.570+0200: 23.415: [ParNew: 605005K->40157K(613440K), 0.0137958 secs] 611763K->46915K(2029056K), 0.0138736 secs] [Times: user=0.13 sys=0.00, real=0.01 secs] 
2020-09-29T18:22:40.635+0200: 23.479: [GC (Allocation Failure) 2020-09-29T18:22:40.635+0200: 23.479: [ParNew: 585501K->34829K(613440K), 0.0136986 secs] 592259K->41587K(2029056K), 0.0137635 secs] [Times: user=0.13 sys=0.00, real=0.01 secs] 
2020-09-29T18:22:40.702+0200: 23.547: [GC (Allocation Failure) 2020-09-29T18:22:40.702+0200: 23.547: [ParNew: 580173K->54483K(613440K), 0.0234493 secs] 586931K->61241K(2029056K), 0.0235130 secs] [Times: user=0.25 sys=0.00, real=0.02 secs] 
2020-09-29T18:22:40.774+0200: 23.619: [GC (Allocation Failure) 2020-09-29T18:22:40.774+0200: 23.619: [ParNew: 599827K->67754K(613440K), 0.0232141 secs] 606585K->74512K(2029056K), 0.0232827 secs] [Times: user=0.13 sys=0.00, real=0.02 secs] 
2020-09-29T18:22:40.844+0200: 23.689: [GC (Allocation Failure) 2020-09-29T18:22:40.844+0200: 23.689: [ParNew: 613098K->46627K(613440K), 0.0164390 secs] 619856K->53385K(2029056K), 0.0165394 secs] [Times: user=0.13 sys=0.00, real=0.02 secs] 
2020-09-29T18:22:40.912+0200: 23.757: [GC (Allocation Failure) 2020-09-29T18:22:40.912+0200: 23.757: [ParNew: 591971K->37193K(613440K), 0.0161112 secs] 598729K->43951K(2029056K), 0.0161697 secs] [Times: user=0.13 sys=0.00, real=0.02 secs] 
2020-09-29T18:22:40.981+0200: 23.825: [GC (Allocation Failure) 2020-09-29T18:22:40.981+0200: 23.825: [ParNew: 582537K->56664K(613440K), 0.0204306 secs] 589295K->63422K(2029056K), 0.0204850 secs] [Times: user=0.13 sys=0.00, real=0.02 secs] 
2020-09-29T18:22:41.049+0200: 23.894: [GC (Allocation Failure) 2020-09-29T18:22:41.049+0200: 23.894: [ParNew: 602008K->39129K(613440K), 0.0138071 secs] 608766K->45887K(2029056K), 0.0138702 secs] [Times: user=0.13 sys=0.00, real=0.01 secs] 
2020-09-29T18:22:41.112+0200: 23.956: [GC (Allocation Failure) 2020-09-29T18:22:41.112+0200: 23.956: [ParNew: 584473K->41277K(613440K), 0.0183017 secs] 591231K->48035K(2029056K), 0.0183602 secs] [Times: user=0.25 sys=0.00, real=0.02 secs] 
2020-09-29T18:22:41.179+0200: 24.023: [GC (Allocation Failure) 2020-09-29T18:22:41.179+0200: 24.023: [ParNew: 586621K->58100K(613440K), 0.0178061 secs] 593379K->64858K(2029056K), 0.0178745 secs] [Times: user=0.13 sys=0.00, real=0.02 secs] 
2020-09-29T18:22:41.246+0200: 24.090: [GC (Allocation Failure) 2020-09-29T18:22:41.246+0200: 24.090: [ParNew: 603444K->44447K(613440K), 0.0177636 secs] 610202K->51205K(2029056K), 0.0178366 secs] [Times: user=0.13 sys=0.00, real=0.02 secs] 
2020-09-29T18:22:41.312+0200: 24.157: [GC (Allocation Failure) 2020-09-29T18:22:41.312+0200: 24.157: [ParNew: 589791K->52352K(613440K), 0.0167912 secs] 596549K->59110K(2029056K), 0.0168457 secs] [Times: user=0.13 sys=0.00, real=0.02 secs] 
2020-09-29T18:22:41.375+0200: 24.220: [GC (Allocation Failure) 2020-09-29T18:22:41.375+0200: 24.220: [ParNew: 597696K->39822K(613440K), 0.0148896 secs] 604454K->46580K(2029056K), 0.0149502 secs] [Times: user=0.13 sys=0.00, real=0.02 secs] 
2020-09-29T18:22:41.438+0200: 24.283: [GC (Allocation Failure) 2020-09-29T18:22:41.438+0200: 24.283: [ParNew: 585166K->27100K(613440K), 0.0133101 secs] 591924K->33858K(2029056K), 0.0133717 secs] [Times: user=0.13 sys=0.00, real=0.01 secs] 
2020-09-29T18:22:41.498+0200: 24.343: [GC (Allocation Failure) 2020-09-29T18:22:41.498+0200: 24.343: [ParNew: 572444K->48271K(613440K), 0.0165315 secs] 579202K->55029K(2029056K), 0.0166134 secs] [Times: user=0.13 sys=0.00, real=0.02 secs] 
2020-09-29T18:22:41.562+0200: 24.406: [GC (Allocation Failure) 2020-09-29T18:22:41.562+0200: 24.406: [ParNew: 593615K->61109K(613440K), 0.0205569 secs] 600373K->67866K(2029056K), 0.0206436 secs] [Times: user=0.25 sys=0.00, real=0.02 secs] 
2020-09-29T18:22:41.633+0200: 24.478: [GC (Allocation Failure) 2020-09-29T18:22:41.633+0200: 24.478: [ParNew: 606453K->45319K(613440K), 0.0149996 secs] 613210K->52077K(2029056K), 0.0150680 secs] [Times: user=0.13 sys=0.00, real=0.02 secs] 
2020-09-29T18:22:41.699+0200: 24.543: [GC (Allocation Failure) 2020-09-29T18:22:41.699+0200: 24.543: [ParNew: 590663K->44127K(613440K), 0.0189350 secs] 597421K->50885K(2029056K), 0.0189958 secs] [Times: user=0.13 sys=0.00, real=0.02 secs] 
2020-09-29T18:22:41.766+0200: 24.611: [GC (Allocation Failure) 2020-09-29T18:22:41.766+0200: 24.611: [ParNew: 589471K->35503K(613440K), 0.0149247 secs] 596229K->42261K(2029056K), 0.0149978 secs] [Times: user=0.13 sys=0.00, real=0.01 secs] 
2020-09-29T18:22:41.830+0200: 24.675: [GC (Allocation Failure) 2020-09-29T18:22:41.830+0200: 24.675: [ParNew: 580847K->55637K(613440K), 0.0181791 secs] 587605K->62394K(2029056K), 0.0182417 secs] [Times: user=0.25 sys=0.00, real=0.02 secs] 
2020-09-29T18:22:41.898+0200: 24.742: [GC (Allocation Failure) 2020-09-29T18:22:41.898+0200: 24.742: [ParNew: 600981K->40913K(613440K), 0.0176635 secs] 607738K->47671K(2029056K), 0.0177338 secs] [Times: user=0.13 sys=0.00, real=0.02 secs] 
2020-09-29T18:22:41.963+0200: 24.807: [GC (Allocation Failure) 2020-09-29T18:22:41.963+0200: 24.807: [ParNew: 586257K->32323K(613440K), 0.0113430 secs] 593015K->39081K(2029056K), 0.0113997 secs] [Times: user=0.13 sys=0.00, real=0.01 secs] 
2020-09-29T18:22:42.024+0200: 24.869: [GC (Allocation Failure) 2020-09-29T18:22:42.024+0200: 24.869: [ParNew: 577667K->17265K(613440K), 0.0093846 secs] 584425K->24023K(2029056K), 0.0094523 secs] [Times: user=0.00 sys=0.00, real=0.01 secs] 
2020-09-29T18:22:42.084+0200: 24.928: [GC (Allocation Failure) 2020-09-29T18:22:42.084+0200: 24.928: [ParNew: 562609K->54756K(613440K), 0.0242024 secs] 569367K->61514K(2029056K), 0.0242578 secs] [Times: user=0.13 sys=0.00, real=0.02 secs] 
2020-09-29T18:22:42.158+0200: 25.002: [GC (Allocation Failure) 2020-09-29T18:22:42.158+0200: 25.002: [ParNew: 600100K->44821K(613440K), 0.0185377 secs] 606858K->51579K(2029056K), 0.0186073 secs] [Times: user=0.25 sys=0.00, real=0.02 secs] 
2020-09-29T18:22:42.226+0200: 25.070: [GC (Allocation Failure) 2020-09-29T18:22:42.226+0200: 25.070: [ParNew: 590165K->36007K(613440K), 0.0187939 secs] 596923K->42765K(2029056K), 0.0188512 secs] [Times: user=0.13 sys=0.00, real=0.02 secs] 
2020-09-29T18:22:42.292+0200: 25.136: [GC (Allocation Failure) 2020-09-29T18:22:42.292+0200: 25.136: [ParNew: 581351K->41095K(613440K), 0.0166601 secs] 588109K->47853K(2029056K), 0.0167170 secs] [Times: user=0.13 sys=0.00, real=0.02 secs] 
2020-09-29T18:22:42.362+0200: 25.206: [GC (Allocation Failure) 2020-09-29T18:22:42.362+0200: 25.206: [ParNew: 586439K->37991K(613440K), 0.0165056 secs] 593197K->44749K(2029056K), 0.0165856 secs] [Times: user=0.14 sys=0.00, real=0.02 secs] 
2020-09-29T18:22:42.427+0200: 25.271: [GC (Allocation Failure) 2020-09-29T18:22:42.427+0200: 25.271: [ParNew: 583335K->35134K(613440K), 0.0157226 secs] 590093K->41892K(2029056K), 0.0157820 secs] [Times: user=0.13 sys=0.00, real=0.02 secs] 
2020-09-29T18:22:42.496+0200: 25.340: [GC (Allocation Failure) 2020-09-29T18:22:42.496+0200: 25.340: [ParNew: 580478K->56055K(613440K), 0.0219235 secs] 587236K->62813K(2029056K), 0.0220008 secs] [Times: user=0.13 sys=0.00, real=0.02 secs] 
2020-09-29T18:22:42.570+0200: 25.414: [GC (Allocation Failure) 2020-09-29T18:22:42.570+0200: 25.414: [ParNew: 601399K->68096K(613440K), 0.0262629 secs] 608157K->74853K(2029056K), 0.0263607 secs] [Times: user=0.13 sys=0.00, real=0.03 secs] 
2020-09-29T18:22:42.650+0200: 25.494: [GC (Allocation Failure) 2020-09-29T18:22:42.650+0200: 25.494: [ParNew: 613440K->55604K(613440K), 0.0203279 secs] 620197K->62362K(2029056K), 0.0204042 secs] [Times: user=0.13 sys=0.00, real=0.02 secs] 
2020-09-29T18:22:42.721+0200: 25.565: [GC (Allocation Failure) 2020-09-29T18:22:42.721+0200: 25.565: [ParNew: 600948K->41705K(613440K), 0.0119057 secs] 607706K->48463K(2029056K), 0.0119728 secs] [Times: user=0.13 sys=0.00, real=0.01 secs] 
2020-09-29T18:22:42.786+0200: 25.630: [GC (Allocation Failure) 2020-09-29T18:22:42.786+0200: 25.630: [ParNew: 587049K->38243K(613440K), 0.0183703 secs] 593807K->45001K(2029056K), 0.0184309 secs] [Times: user=0.13 sys=0.00, real=0.02 secs] 
2020-09-29T18:22:42.851+0200: 25.696: [GC (Allocation Failure) 2020-09-29T18:22:42.851+0200: 25.696: [ParNew: 583587K->37637K(613440K), 0.0160782 secs] 590345K->44395K(2029056K), 0.0161311 secs] [Times: user=0.13 sys=0.00, real=0.02 secs] 
2020-09-29T18:22:42.922+0200: 25.767: [GC (Allocation Failure) 2020-09-29T18:22:42.922+0200: 25.767: [ParNew: 582981K->32526K(613440K), 0.0150756 secs] 589739K->39284K(2029056K), 0.0151718 secs] [Times: user=0.13 sys=0.00, real=0.02 secs] 
2020-09-29T18:22:42.988+0200: 25.832: [GC (Allocation Failure) 2020-09-29T18:22:42.988+0200: 25.832: [ParNew: 577870K->56107K(613440K), 0.0245708 secs] 584628K->62865K(2029056K), 0.0246263 secs] [Times: user=0.25 sys=0.00, real=0.03 secs] 
2020-09-29T18:22:43.060+0200: 25.904: [GC (Allocation Failure) 2020-09-29T18:22:43.060+0200: 25.904: [ParNew: 601451K->48184K(613440K), 0.0137532 secs] 608209K->54942K(2029056K), 0.0138078 secs] [Times: user=0.13 sys=0.00, real=0.01 secs] 
2020-09-29T18:22:43.123+0200: 25.968: [GC (Allocation Failure) 2020-09-29T18:22:43.123+0200: 25.968: [ParNew: 593528K->43020K(613440K), 0.0180036 secs] 600286K->49778K(2029056K), 0.0180597 secs] [Times: user=0.13 sys=0.00, real=0.02 secs] 
2020-09-29T18:22:43.192+0200: 26.036: [GC (Allocation Failure) 2020-09-29T18:22:43.192+0200: 26.037: [ParNew: 588364K->43829K(613440K), 0.0177932 secs] 595122K->50587K(2029056K), 0.0178526 secs] [Times: user=0.13 sys=0.00, real=0.02 secs] 
2020-09-29T18:22:43.259+0200: 26.103: [GC (Allocation Failure) 2020-09-29T18:22:43.259+0200: 26.103: [ParNew: 589173K->36222K(613440K), 0.0173872 secs] 595931K->42980K(2029056K), 0.0174596 secs] [Times: user=0.13 sys=0.00, real=0.02 secs] 
2020-09-29T18:22:43.327+0200: 26.171: [GC (Allocation Failure) 2020-09-29T18:22:43.327+0200: 26.171: [ParNew: 581566K->39210K(613440K), 0.0154855 secs] 588324K->45968K(2029056K), 0.0155549 secs] [Times: user=0.13 sys=0.00, real=0.02 secs] 
2020-09-29T18:22:43.392+0200: 26.236: [GC (Allocation Failure) 2020-09-29T18:22:43.392+0200: 26.236: [ParNew: 584554K->59191K(613440K), 0.0245002 secs] 591312K->65948K(2029056K), 0.0245683 secs] [Times: user=0.25 sys=0.00, real=0.02 secs] 
2020-09-29T18:22:43.464+0200: 26.308: [GC (Allocation Failure) 2020-09-29T18:22:43.464+0200: 26.308: [ParNew: 604535K->43800K(613440K), 0.0124265 secs] 611292K->50558K(2029056K), 0.0153458 secs] [Times: user=0.13 sys=0.00, real=0.02 secs] 
2020-09-29T18:22:43.528+0200: 26.372: [GC (Allocation Failure) 2020-09-29T18:22:43.529+0200: 26.373: [ParNew: 589144K->45250K(613440K), 0.0175088 secs] 595902K->52007K(2029056K), 0.0175905 secs] [Times: user=0.13 sys=0.00, real=0.02 secs] 
2020-09-29T18:22:43.600+0200: 26.444: [GC (Allocation Failure) 2020-09-29T18:22:43.600+0200: 26.444: [ParNew: 590594K->41420K(613440K), 0.0174727 secs] 597351K->48178K(2029056K), 0.0175481 secs] [Times: user=0.13 sys=0.00, real=0.02 secs] 
2020-09-29T18:22:43.671+0200: 26.515: [GC (Allocation Failure) 2020-09-29T18:22:43.672+0200: 26.516: [ParNew: 586764K->61362K(613440K), 0.0223736 secs] 593522K->68120K(2029056K), 0.0224675 secs] [Times: user=0.25 sys=0.00, real=0.02 secs] 
2020-09-29T18:22:43.743+0200: 26.587: [GC (Allocation Failure) 2020-09-29T18:22:43.743+0200: 26.587: [ParNew: 606706K->45304K(613440K), 0.0196040 secs] 613464K->52062K(2029056K), 0.0196834 secs] [Times: user=0.13 sys=0.00, real=0.02 secs] 
2020-09-29T18:22:43.817+0200: 26.661: [GC (Allocation Failure) 2020-09-29T18:22:43.817+0200: 26.661: [ParNew: 590648K->43896K(613440K), 0.0152204 secs] 597406K->50654K(2029056K), 0.0152852 secs] [Times: user=0.00 sys=0.00, real=0.02 secs] 
2020-09-29T18:22:43.897+0200: 26.741: [GC (Allocation Failure) 2020-09-29T18:22:43.897+0200: 26.741: [ParNew: 589240K->42072K(613440K), 0.0192744 secs] 595998K->48830K(2029056K), 0.0193416 secs] [Times: user=0.13 sys=0.00, real=0.02 secs] 
2020-09-29T18:22:43.963+0200: 26.807: [GC (Allocation Failure) 2020-09-29T18:22:43.963+0200: 26.807: [ParNew: 587416K->39771K(613440K), 0.0182688 secs] 594174K->46529K(2029056K), 0.0183294 secs] [Times: user=0.13 sys=0.00, real=0.02 secs] 
2020-09-29T18:22:44.030+0200: 26.874: [GC (Allocation Failure) 2020-09-29T18:22:44.030+0200: 26.874: [ParNew: 585115K->41937K(613440K), 0.0174291 secs] 591873K->48695K(2029056K), 0.0174856 secs] [Times: user=0.13 sys=0.00, real=0.02 secs] 
2020-09-29T18:22:44.094+0200: 26.938: [GC (Allocation Failure) 2020-09-29T18:22:44.094+0200: 26.938: [ParNew: 587281K->40762K(613440K), 0.0171738 secs] 594039K->47520K(2029056K), 0.0172281 secs] [Times: user=0.13 sys=0.00, real=0.02 secs] 
2020-09-29T18:22:44.159+0200: 27.003: [GC (Allocation Failure) 2020-09-29T18:22:44.159+0200: 27.003: [ParNew: 586106K->34030K(613440K), 0.0108773 secs] 592864K->40788K(2029056K), 0.0109348 secs] [Times: user=0.13 sys=0.00, real=0.01 secs] 
2020-09-29T18:22:44.224+0200: 27.068: [GC (Allocation Failure) 2020-09-29T18:22:44.224+0200: 27.068: [ParNew: 579374K->47070K(613440K), 0.0205372 secs] 586132K->53828K(2029056K), 0.0205927 secs] [Times: user=0.13 sys=0.00, real=0.02 secs] 
2020-09-29T18:22:44.292+0200: 27.136: [GC (Allocation Failure) 2020-09-29T18:22:44.292+0200: 27.136: [ParNew: 592414K->40005K(613440K), 0.0139871 secs] 599172K->46762K(2029056K), 0.0140506 secs] [Times: user=0.13 sys=0.00, real=0.01 secs] 
2020-09-29T18:22:44.360+0200: 27.204: [GC (Allocation Failure) 2020-09-29T18:22:44.360+0200: 27.204: [ParNew: 585349K->54827K(613440K), 0.0179921 secs] 592106K->61585K(2029056K), 0.0180661 secs] [Times: user=0.13 sys=0.00, real=0.02 secs] 
2020-09-29T18:22:44.425+0200: 27.269: [GC (Allocation Failure) 2020-09-29T18:22:44.425+0200: 27.269: [ParNew: 600171K->39205K(613440K), 0.0173761 secs] 606929K->45963K(2029056K), 0.0174678 secs] [Times: user=0.17 sys=0.00, real=0.02 secs] 
2020-09-29T18:22:44.495+0200: 27.339: [GC (Allocation Failure) 2020-09-29T18:22:44.495+0200: 27.339: [ParNew: 584549K->40646K(613440K), 0.0168343 secs] 591307K->47404K(2029056K), 0.0169709 secs] [Times: user=0.13 sys=0.00, real=0.02 secs] 
2020-09-29T18:22:44.560+0200: 27.404: [GC (Allocation Failure) 2020-09-29T18:22:44.560+0200: 27.404: [ParNew: 585990K->37489K(613440K), 0.0172603 secs] 592748K->44246K(2029056K), 0.0173526 secs] [Times: user=0.13 sys=0.00, real=0.02 secs] 
2020-09-29T18:22:44.630+0200: 27.474: [GC (Allocation Failure) 2020-09-29T18:22:44.630+0200: 27.474: [ParNew: 582833K->61519K(613440K), 0.0215870 secs] 589590K->68277K(2029056K), 0.0216502 secs] [Times: user=0.13 sys=0.00, real=0.02 secs] 
2020-09-29T18:22:44.700+0200: 27.544: [GC (Allocation Failure) 2020-09-29T18:22:44.700+0200: 27.544: [ParNew: 606863K->46258K(613440K), 0.0203679 secs] 613621K->53016K(2029056K), 0.0204266 secs] [Times: user=0.13 sys=0.00, real=0.02 secs] 
2020-09-29T18:22:44.770+0200: 27.614: [GC (Allocation Failure) 2020-09-29T18:22:44.770+0200: 27.614: [ParNew: 591602K->40691K(613440K), 0.0136626 secs] 598360K->47449K(2029056K), 0.0137359 secs] [Times: user=0.00 sys=0.00, real=0.01 secs] 
2020-09-29T18:22:44.834+0200: 27.678: [GC (Allocation Failure) 2020-09-29T18:22:44.835+0200: 27.679: [ParNew: 586035K->57898K(613440K), 0.0235906 secs] 592793K->64656K(2029056K), 0.0236615 secs] [Times: user=0.13 sys=0.00, real=0.02 secs] 
2020-09-29T18:22:44.905+0200: 27.749: [GC (Allocation Failure) 2020-09-29T18:22:44.905+0200: 27.749: [ParNew: 603242K->48894K(613440K), 0.0175111 secs] 610000K->55652K(2029056K), 0.0175782 secs] [Times: user=0.13 sys=0.00, real=0.02 secs] 
2020-09-29T18:22:44.970+0200: 27.814: [GC (Allocation Failure) 2020-09-29T18:22:44.970+0200: 27.814: [ParNew: 594238K->41823K(613440K), 0.0173731 secs] 600996K->48581K(2029056K), 0.0174332 secs] [Times: user=0.13 sys=0.00, real=0.02 secs] 
2020-09-29T18:22:45.034+0200: 27.878: [GC (Allocation Failure) 2020-09-29T18:22:45.034+0200: 27.878: [ParNew: 587167K->62808K(613440K), 0.0215098 secs] 593925K->69565K(2029056K), 0.0215702 secs] [Times: user=0.25 sys=0.00, real=0.02 secs] 
2020-09-29T18:22:45.102+0200: 27.946: [GC (Allocation Failure) 2020-09-29T18:22:45.102+0200: 27.946: [ParNew: 608152K->49644K(613440K), 0.0200204 secs] 614909K->56401K(2029056K), 0.0200747 secs] [Times: user=0.13 sys=0.00, real=0.02 secs] 
2020-09-29T18:22:45.170+0200: 28.014: [GC (Allocation Failure) 2020-09-29T18:22:45.170+0200: 28.014: [ParNew: 594988K->49686K(613440K), 0.0196363 secs] 601745K->56444K(2029056K), 0.0196924 secs] [Times: user=0.13 sys=0.00, real=0.02 secs] 
2020-09-29T18:22:45.238+0200: 28.082: [GC (Allocation Failure) 2020-09-29T18:22:45.238+0200: 28.082: [ParNew: 595030K->49732K(613440K), 0.0187934 secs] 601788K->56490K(2029056K), 0.0188583 secs] [Times: user=0.25 sys=0.00, real=0.02 secs] 
2020-09-29T18:22:45.307+0200: 28.151: [GC (Allocation Failure) 2020-09-29T18:22:45.307+0200: 28.151: [ParNew: 595076K->47050K(613440K), 0.0182345 secs] 601834K->53808K(2029056K), 0.0182941 secs] [Times: user=0.13 sys=0.00, real=0.02 secs] 
2020-09-29T18:22:45.373+0200: 28.217: [GC (Allocation Failure) 2020-09-29T18:22:45.373+0200: 28.217: [ParNew: 592394K->36096K(613440K), 0.0114212 secs] 599152K->42854K(2029056K), 0.0114837 secs] [Times: user=0.13 sys=0.00, real=0.01 secs] 
2020-09-29T18:22:45.435+0200: 28.279: [GC (Allocation Failure) 2020-09-29T18:22:45.435+0200: 28.279: [ParNew: 581440K->36130K(613440K), 0.0170094 secs] 588198K->42888K(2029056K), 0.0170609 secs] [Times: user=0.13 sys=0.00, real=0.02 secs] 
2020-09-29T18:22:45.502+0200: 28.346: [GC (Allocation Failure) 2020-09-29T18:22:45.502+0200: 28.346: [ParNew: 581474K->47622K(613440K), 0.0156331 secs] 588232K->54380K(2029056K), 0.0157071 secs] [Times: user=0.13 sys=0.00, real=0.02 secs] 
2020-09-29T18:22:45.570+0200: 28.414: [GC (Allocation Failure) 2020-09-29T18:22:45.570+0200: 28.414: [ParNew: 592966K->33570K(613440K), 0.0136436 secs] 599724K->40328K(2029056K), 0.0137101 secs] [Times: user=0.13 sys=0.00, real=0.01 secs] 
2020-09-29T18:22:45.632+0200: 28.476: [GC (Allocation Failure) 2020-09-29T18:22:45.632+0200: 28.476: [ParNew: 578914K->24360K(613440K), 0.0124063 secs] 585672K->31118K(2029056K), 0.0124633 secs] [Times: user=0.00 sys=0.00, real=0.01 secs] 
2020-09-29T18:22:45.691+0200: 28.535: [GC (Allocation Failure) 2020-09-29T18:22:45.691+0200: 28.535: [ParNew: 569704K->52443K(613440K), 0.0219996 secs] 576462K->59201K(2029056K), 0.0220588 secs] [Times: user=0.25 sys=0.00, real=0.02 secs] 
2020-09-29T18:22:45.761+0200: 28.605: [GC (Allocation Failure) 2020-09-29T18:22:45.761+0200: 28.605: [ParNew: 597787K->43289K(613440K), 0.0158217 secs] 604545K->50046K(2029056K), 0.0158983 secs] [Times: user=0.13 sys=0.00, real=0.02 secs] 
2020-09-29T18:22:45.828+0200: 28.672: [GC (Allocation Failure) 2020-09-29T18:22:45.828+0200: 28.672: [ParNew: 588633K->35018K(613440K), 0.0152146 secs] 595390K->41776K(2029056K), 0.0152743 secs] [Times: user=0.13 sys=0.00, real=0.01 secs] 
2020-09-29T18:22:45.901+0200: 28.745: [GC (Allocation Failure) 2020-09-29T18:22:45.901+0200: 28.745: [ParNew: 580362K->35530K(613440K), 0.0142853 secs] 587120K->42288K(2029056K), 0.0143448 secs] [Times: user=0.13 sys=0.00, real=0.01 secs] 
2020-09-29T18:22:45.962+0200: 28.806: [GC (Allocation Failure) 2020-09-29T18:22:45.962+0200: 28.806: [ParNew: 580874K->54540K(613440K), 0.0194387 secs] 587632K->61298K(2029056K), 0.0195031 secs] [Times: user=0.13 sys=0.00, real=0.02 secs] 
2020-09-29T18:22:46.031+0200: 28.875: [GC (Allocation Failure) 2020-09-29T18:22:46.031+0200: 28.875: [ParNew: 599884K->38693K(613440K), 0.0178391 secs] 606642K->45451K(2029056K), 0.0179139 secs] [Times: user=0.13 sys=0.00, real=0.02 secs] 
2020-09-29T18:22:46.096+0200: 28.940: [GC (Allocation Failure) 2020-09-29T18:22:46.096+0200: 28.940: [ParNew: 584037K->66349K(613440K), 0.0215037 secs] 590795K->73107K(2029056K), 0.0215603 secs] [Times: user=0.25 sys=0.00, real=0.02 secs] 
2020-09-29T18:22:46.165+0200: 29.009: [GC (Allocation Failure) 2020-09-29T18:22:46.165+0200: 29.009: [ParNew: 611693K->53968K(613440K), 0.0208426 secs] 618451K->60726K(2029056K), 0.0208952 secs] [Times: user=0.13 sys=0.00, real=0.02 secs] 
2020-09-29T18:22:46.234+0200: 29.078: [GC (Allocation Failure) 2020-09-29T18:22:46.234+0200: 29.078: [ParNew: 599312K->50209K(613440K), 0.0219032 secs] 606070K->56967K(2029056K), 0.0219694 secs] [Times: user=0.23 sys=0.00, real=0.02 secs] 
2020-09-29T18:22:46.306+0200: 29.150: [GC (Allocation Failure) 2020-09-29T18:22:46.306+0200: 29.150: [ParNew: 595553K->51763K(613440K), 0.0204790 secs] 602311K->58521K(2029056K), 0.0205625 secs] [Times: user=0.13 sys=0.00, real=0.02 secs] 
2020-09-29T18:22:46.374+0200: 29.218: [GC (Allocation Failure) 2020-09-29T18:22:46.374+0200: 29.218: [ParNew: 597107K->42652K(613440K), 0.0137866 secs] 603865K->49410K(2029056K), 0.0138443 secs] [Times: user=0.13 sys=0.00, real=0.01 secs] 
2020-09-29T18:22:46.439+0200: 29.283: [GC (Allocation Failure) 2020-09-29T18:22:46.439+0200: 29.283: [ParNew: 587996K->43483K(613440K), 0.0182634 secs] 594754K->50241K(2029056K), 0.0183481 secs] [Times: user=0.13 sys=0.00, real=0.02 secs] 
2020-09-29T18:22:46.505+0200: 29.349: [GC (Allocation Failure) 2020-09-29T18:22:46.505+0200: 29.349: [ParNew: 588827K->37363K(613440K), 0.0119140 secs] 595585K->44121K(2029056K), 0.0119702 secs] [Times: user=0.00 sys=0.00, real=0.01 secs] 
2020-09-29T18:22:46.564+0200: 29.408: [GC (Allocation Failure) 2020-09-29T18:22:46.564+0200: 29.408: [ParNew: 582707K->36571K(613440K), 0.0157665 secs] 589465K->43329K(2029056K), 0.0158387 secs] [Times: user=0.13 sys=0.00, real=0.02 secs] 
2020-09-29T18:22:46.630+0200: 29.474: [GC (Allocation Failure) 2020-09-29T18:22:46.630+0200: 29.474: [ParNew: 581915K->48683K(613440K), 0.0204850 secs] 588673K->55440K(2029056K), 0.0205472 secs] [Times: user=0.13 sys=0.00, real=0.02 secs] 
2020-09-29T18:22:46.699+0200: 29.543: [GC (Allocation Failure) 2020-09-29T18:22:46.699+0200: 29.543: [ParNew: 594027K->66420K(613440K), 0.0196618 secs] 600784K->73177K(2029056K), 0.0197184 secs] [Times: user=0.13 sys=0.00, real=0.02 secs] 
2020-09-29T18:22:46.769+0200: 29.613: [GC (Allocation Failure) 2020-09-29T18:22:46.769+0200: 29.613: [ParNew: 611764K->51899K(613440K), 0.0189809 secs] 618521K->58657K(2029056K), 0.0190436 secs] [Times: user=0.25 sys=0.00, real=0.02 secs] 
2020-09-29T18:22:46.837+0200: 29.681: [GC (Allocation Failure) 2020-09-29T18:22:46.837+0200: 29.681: [ParNew: 597243K->40487K(613440K), 0.0186121 secs] 604001K->47245K(2029056K), 0.0186687 secs] [Times: user=0.13 sys=0.00, real=0.02 secs] 
2020-09-29T18:22:46.903+0200: 29.747: [GC (Allocation Failure) 2020-09-29T18:22:46.903+0200: 29.747: [ParNew: 585831K->40621K(613440K), 0.0176074 secs] 592589K->47379K(2029056K), 0.0176628 secs] [Times: user=0.13 sys=0.00, real=0.02 secs] 
2020-09-29T18:22:46.968+0200: 29.812: [GC (Allocation Failure) 2020-09-29T18:22:46.968+0200: 29.812: [ParNew: 585965K->61121K(613440K), 0.0224824 secs] 592723K->67879K(2029056K), 0.0225518 secs] [Times: user=0.25 sys=0.00, real=0.02 secs] 
2020-09-29T18:22:47.038+0200: 29.882: [GC (Allocation Failure) 2020-09-29T18:22:47.038+0200: 29.882: [ParNew: 606465K->41719K(613440K), 0.0157297 secs] 613223K->48477K(2029056K), 0.0157885 secs] [Times: user=0.13 sys=0.00, real=0.01 secs] 
2020-09-29T18:22:47.100+0200: 29.944: [GC (Allocation Failure) 2020-09-29T18:22:47.100+0200: 29.944: [ParNew: 587063K->34616K(613440K), 0.0147963 secs] 593821K->41374K(2029056K), 0.0148671 secs] [Times: user=0.13 sys=0.00, real=0.02 secs] 
2020-09-29T18:22:47.162+0200: 30.006: [GC (Allocation Failure) 2020-09-29T18:22:47.162+0200: 30.006: [ParNew: 579960K->29403K(613440K), 0.0135242 secs] 586718K->36161K(2029056K), 0.0135952 secs] [Times: user=0.00 sys=0.00, real=0.01 secs] 
2020-09-29T18:22:47.222+0200: 30.066: [GC (Allocation Failure) 2020-09-29T18:22:47.222+0200: 30.066: [ParNew: 574747K->28910K(613440K), 0.0112405 secs] 581505K->35668K(2029056K), 0.0112999 secs] [Times: user=0.13 sys=0.00, real=0.01 secs] 
2020-09-29T18:22:47.287+0200: 30.131: [GC (Allocation Failure) 2020-09-29T18:22:47.287+0200: 30.131: [ParNew: 574254K->60078K(613440K), 0.0226261 secs] 581012K->66836K(2029056K), 0.0226829 secs] [Times: user=0.13 sys=0.00, real=0.02 secs] 
2020-09-29T18:22:47.363+0200: 30.208: [GC (Allocation Failure) 2020-09-29T18:22:47.363+0200: 30.208: [ParNew: 605422K->45164K(613440K), 0.0148797 secs] 612180K->51922K(2029056K), 0.0149557 secs] [Times: user=0.13 sys=0.00, real=0.02 secs] 
2020-09-29T18:22:47.428+0200: 30.272: [GC (Allocation Failure) 2020-09-29T18:22:47.428+0200: 30.272: [ParNew: 590508K->59266K(613440K), 0.0204401 secs] 597266K->66024K(2029056K), 0.0204998 secs] [Times: user=0.13 sys=0.00, real=0.02 secs] 
2020-09-29T18:22:47.497+0200: 30.341: [GC (Allocation Failure) 2020-09-29T18:22:47.497+0200: 30.341: [ParNew: 604610K->44864K(613440K), 0.0134412 secs] 611368K->51621K(2029056K), 0.0134960 secs] [Times: user=0.13 sys=0.00, real=0.01 secs] 
2020-09-29T18:22:47.569+0200: 30.412: [GC (Allocation Failure) 2020-09-29T18:22:47.576+0200: 30.420: [ParNew: 590208K->49277K(613440K), 0.0208837 secs] 596965K->56035K(2029056K), 0.0280487 secs] [Times: user=0.11 sys=0.00, real=0.03 secs] 
2020-09-29T18:22:47.646+0200: 30.489: [GC (Allocation Failure) 2020-09-29T18:22:47.646+0200: 30.489: [ParNew: 594621K->44214K(613440K), 0.0184376 secs] 601379K->50972K(2029056K), 0.0185024 secs] [Times: user=0.13 sys=0.00, real=0.02 secs] 
2020-09-29T18:22:47.711+0200: 30.555: [GC (Allocation Failure) 2020-09-29T18:22:47.711+0200: 30.555: [ParNew: 589558K->45580K(613440K), 0.0170889 secs] 596316K->52338K(2029056K), 0.0171444 secs] [Times: user=0.13 sys=0.00, real=0.02 secs] 
2020-09-29T18:22:47.775+0200: 30.619: [GC (Allocation Failure) 2020-09-29T18:22:47.775+0200: 30.619: [ParNew: 590924K->43903K(613440K), 0.0164945 secs] 597682K->50661K(2029056K), 0.0165553 secs] [Times: user=0.13 sys=0.00, real=0.02 secs] 
2020-09-29T18:22:47.840+0200: 30.684: [GC (Allocation Failure) 2020-09-29T18:22:47.840+0200: 30.684: [ParNew: 589247K->32720K(613440K), 0.0102755 secs] 596005K->39478K(2029056K), 0.0103649 secs] [Times: user=0.13 sys=0.00, real=0.01 secs] 
2020-09-29T18:22:47.902+0200: 30.746: [GC (Allocation Failure) 2020-09-29T18:22:47.902+0200: 30.746: [ParNew: 578064K->31151K(613440K), 0.0143108 secs] 584822K->37909K(2029056K), 0.0143644 secs] [Times: user=0.13 sys=0.00, real=0.01 secs] 
2020-09-29T18:22:47.971+0200: 30.815: [GC (Allocation Failure) 2020-09-29T18:22:47.971+0200: 30.815: [ParNew: 576495K->46027K(613440K), 0.0192762 secs] 583253K->52785K(2029056K), 0.0193364 secs] [Times: user=0.25 sys=0.00, real=0.02 secs] 
2020-09-29T18:22:48.040+0200: 30.884: [GC (Allocation Failure) 2020-09-29T18:22:48.040+0200: 30.884: [ParNew: 591371K->39568K(613440K), 0.0185742 secs] 598129K->46326K(2029056K), 0.0186475 secs] [Times: user=0.13 sys=0.00, real=0.02 secs] 
2020-09-29T18:22:48.106+0200: 30.950: [GC (Allocation Failure) 2020-09-29T18:22:48.106+0200: 30.950: [ParNew: 584912K->68096K(613440K), 0.0227753 secs] 591670K->74853K(2029056K), 0.0228362 secs] [Times: user=0.13 sys=0.00, real=0.02 secs] 
2020-09-29T18:22:48.175+0200: 31.019: [GC (Allocation Failure) 2020-09-29T18:22:48.175+0200: 31.019: [ParNew: 613440K->42735K(613440K), 0.0113790 secs] 620197K->49493K(2029056K), 0.0114511 secs] [Times: user=0.11 sys=0.01, real=0.01 secs] 
2020-09-29T18:22:48.233+0200: 31.077: [GC (Allocation Failure) 2020-09-29T18:22:48.233+0200: 31.077: [ParNew: 588079K->50262K(613440K), 0.0212615 secs] 594837K->57020K(2029056K), 0.0213234 secs] [Times: user=0.25 sys=0.00, real=0.02 secs] 
2020-09-29T18:22:48.305+0200: 31.149: [GC (Allocation Failure) 2020-09-29T18:22:48.305+0200: 31.149: [ParNew: 595606K->65231K(613440K), 0.0228177 secs] 602364K->71989K(2029056K), 0.0229067 secs] [Times: user=0.13 sys=0.00, real=0.02 secs] 
2020-09-29T18:22:48.378+0200: 31.222: [GC (Allocation Failure) 2020-09-29T18:22:48.378+0200: 31.222: [ParNew: 610575K->42722K(613440K), 0.0166361 secs] 617333K->49480K(2029056K), 0.0167175 secs] [Times: user=0.25 sys=0.00, real=0.02 secs] 
2020-09-29T18:22:48.447+0200: 31.291: [GC (Allocation Failure) 2020-09-29T18:22:48.447+0200: 31.291: [ParNew: 588066K->29494K(613440K), 0.0133181 secs] 594824K->36252K(2029056K), 0.0133757 secs] [Times: user=0.13 sys=0.00, real=0.01 secs] 
2020-09-29T18:22:48.512+0200: 31.356: [GC (Allocation Failure) 2020-09-29T18:22:48.512+0200: 31.356: [ParNew: 574838K->24398K(613440K), 0.0118212 secs] 581596K->31156K(2029056K), 0.0118974 secs] [Times: user=0.13 sys=0.00, real=0.01 secs] 
2020-09-29T18:22:48.573+0200: 31.417: [GC (Allocation Failure) 2020-09-29T18:22:48.573+0200: 31.417: [ParNew: 569742K->35965K(613440K), 0.0164389 secs] 576500K->42723K(2029056K), 0.0165201 secs] [Times: user=0.13 sys=0.00, real=0.02 secs] 
2020-09-29T18:22:48.640+0200: 31.484: [GC (Allocation Failure) 2020-09-29T18:22:48.640+0200: 31.484: [ParNew: 581309K->49843K(613440K), 0.0206284 secs] 588067K->56601K(2029056K), 0.0207145 secs] [Times: user=0.14 sys=0.00, real=0.02 secs] 
2020-09-29T18:22:48.714+0200: 31.558: [GC (Allocation Failure) 2020-09-29T18:22:48.714+0200: 31.558: [ParNew: 595187K->38000K(613440K), 0.0133803 secs] 601945K->44758K(2029056K), 0.0134370 secs] [Times: user=0.13 sys=0.00, real=0.01 secs] 
2020-09-29T18:22:48.775+0200: 31.619: [GC (Allocation Failure) 2020-09-29T18:22:48.775+0200: 31.619: [ParNew: 583344K->33770K(613440K), 0.0121921 secs] 590102K->40527K(2029056K), 0.0122597 secs] [Times: user=0.13 sys=0.00, real=0.01 secs] 
2020-09-29T18:22:48.839+0200: 31.683: [GC (Allocation Failure) 2020-09-29T18:22:48.839+0200: 31.683: [ParNew: 579114K->37724K(613440K), 0.0169425 secs] 585871K->44482K(2029056K), 0.0169982 secs] [Times: user=0.13 sys=0.00, real=0.02 secs] 
2020-09-29T18:22:48.903+0200: 31.747: [GC (Allocation Failure) 2020-09-29T18:22:48.903+0200: 31.747: [ParNew: 583068K->50659K(613440K), 0.0215258 secs] 589826K->57417K(2029056K), 0.0215906 secs] [Times: user=0.13 sys=0.00, real=0.02 secs] 
2020-09-29T18:22:48.973+0200: 31.817: [GC (Allocation Failure) 2020-09-29T18:22:48.973+0200: 31.817: [ParNew: 596003K->68096K(613440K), 0.0208775 secs] 602761K->74893K(2029056K), 0.0209417 secs] [Times: user=0.13 sys=0.00, real=0.02 secs] 
2020-09-29T18:22:49.043+0200: 31.887: [GC (Allocation Failure) 2020-09-29T18:22:49.043+0200: 31.887: [ParNew: 613440K->68096K(613440K), 0.0255007 secs] 620237K->76590K(2029056K), 0.0255542 secs] [Times: user=0.25 sys=0.00, real=0.03 secs] 
2020-09-29T18:22:49.115+0200: 31.959: [GC (Allocation Failure) 2020-09-29T18:22:49.115+0200: 31.959: [ParNew: 613440K->51832K(613440K), 0.0140287 secs] 621934K->60326K(2029056K), 0.0140841 secs] [Times: user=0.13 sys=0.00, real=0.01 secs] 
2020-09-29T18:22:49.180+0200: 32.024: [GC (Allocation Failure) 2020-09-29T18:22:49.180+0200: 32.024: [ParNew: 597176K->27343K(613440K), 0.0120860 secs] 605670K->35837K(2029056K), 0.0121430 secs] [Times: user=0.13 sys=0.00, real=0.01 secs] 
2020-09-29T18:22:49.245+0200: 32.089: [GC (Allocation Failure) 2020-09-29T18:22:49.245+0200: 32.089: [ParNew: 572687K->43963K(613440K), 0.0159235 secs] 581181K->52457K(2029056K), 0.0159764 secs] [Times: user=0.13 sys=0.00, real=0.02 secs] 
2020-09-29T18:22:49.310+0200: 32.154: [GC (Allocation Failure) 2020-09-29T18:22:49.310+0200: 32.154: [ParNew: 589307K->55058K(613440K), 0.0217566 secs] 597801K->63552K(2029056K), 0.0218338 secs] [Times: user=0.13 sys=0.00, real=0.02 secs] 
2020-09-29T18:22:49.381+0200: 32.225: [GC (Allocation Failure) 2020-09-29T18:22:49.381+0200: 32.225: [ParNew: 600402K->52562K(613440K), 0.0225667 secs] 608896K->61056K(2029056K), 0.0226339 secs] [Times: user=0.13 sys=0.00, real=0.02 secs] 
2020-09-29T18:22:49.451+0200: 32.295: [GC (Allocation Failure) 2020-09-29T18:22:49.451+0200: 32.295: [ParNew: 597906K->50992K(613440K), 0.0205405 secs] 606400K->59487K(2029056K), 0.0206392 secs] [Times: user=0.13 sys=0.00, real=0.02 secs] 
2020-09-29T18:22:49.519+0200: 32.363: [GC (Allocation Failure) 2020-09-29T18:22:49.519+0200: 32.363: [ParNew: 596336K->50871K(613440K), 0.0200049 secs] 604831K->59366K(2029056K), 0.0200704 secs] [Times: user=0.22 sys=0.00, real=0.02 secs] 
2020-09-29T18:22:49.587+0200: 32.431: [GC (Allocation Failure) 2020-09-29T18:22:49.587+0200: 32.431: [ParNew: 596215K->41567K(613440K), 0.0118182 secs] 604710K->50061K(2029056K), 0.0118797 secs] [Times: user=0.13 sys=0.00, real=0.01 secs] 
2020-09-29T18:22:49.651+0200: 32.496: [GC (Allocation Failure) 2020-09-29T18:22:49.652+0200: 32.496: [ParNew: 586911K->38157K(613440K), 0.0167265 secs] 595405K->46652K(2029056K), 0.0168107 secs] [Times: user=0.13 sys=0.00, real=0.02 secs] 
2020-09-29T18:22:49.720+0200: 32.564: [GC (Allocation Failure) 2020-09-29T18:22:49.720+0200: 32.564: [ParNew: 583501K->30343K(613440K), 0.0152223 secs] 591996K->38838K(2029056K), 0.0152799 secs] [Times: user=0.13 sys=0.00, real=0.02 secs] 
2020-09-29T18:22:49.786+0200: 32.630: [GC (Allocation Failure) 2020-09-29T18:22:49.786+0200: 32.630: [ParNew: 575687K->36017K(613440K), 0.0138340 secs] 584182K->44511K(2029056K), 0.0138970 secs] [Times: user=0.00 sys=0.00, real=0.01 secs] 
2020-09-29T18:22:49.847+0200: 32.691: [GC (Allocation Failure) 2020-09-29T18:22:49.847+0200: 32.691: [ParNew: 581361K->30422K(613440K), 0.0130414 secs] 589855K->38916K(2029056K), 0.0131014 secs] [Times: user=0.13 sys=0.00, real=0.01 secs] 
2020-09-29T18:22:49.910+0200: 32.754: [GC (Allocation Failure) 2020-09-29T18:22:49.910+0200: 32.754: [ParNew: 575766K->46521K(613440K), 0.0173175 secs] 584260K->55015K(2029056K), 0.0173736 secs] [Times: user=0.25 sys=0.00, real=0.02 secs] 
2020-09-29T18:22:49.978+0200: 32.822: [GC (Allocation Failure) 2020-09-29T18:22:49.978+0200: 32.822: [ParNew: 591865K->57728K(613440K), 0.0212689 secs] 600359K->66222K(2029056K), 0.0213334 secs] [Times: user=0.13 sys=0.00, real=0.02 secs] 
2020-09-29T18:22:50.046+0200: 32.890: [GC (Allocation Failure) 2020-09-29T18:22:50.046+0200: 32.890: [ParNew: 603072K->47073K(613440K), 0.0199316 secs] 611566K->55567K(2029056K), 0.0200019 secs] [Times: user=0.13 sys=0.00, real=0.02 secs] 
2020-09-29T18:22:50.113+0200: 32.957: [GC (Allocation Failure) 2020-09-29T18:22:50.113+0200: 32.957: [ParNew: 592417K->46621K(613440K), 0.0191798 secs] 600911K->55115K(2029056K), 0.0192374 secs] [Times: user=0.25 sys=0.00, real=0.02 secs] 
2020-09-29T18:22:50.179+0200: 33.023: [GC (Allocation Failure) 2020-09-29T18:22:50.179+0200: 33.023: [ParNew: 591965K->39083K(613440K), 0.0138205 secs] 600459K->47577K(2029056K), 0.0138897 secs] [Times: user=0.13 sys=0.00, real=0.01 secs] 
2020-09-29T18:22:50.241+0200: 33.085: [GC (Allocation Failure) 2020-09-29T18:22:50.241+0200: 33.085: [ParNew: 584427K->40988K(613440K), 0.0178607 secs] 592921K->49482K(2029056K), 0.0179652 secs] [Times: user=0.13 sys=0.00, real=0.02 secs] 
2020-09-29T18:22:50.307+0200: 33.150: [GC (Allocation Failure) 2020-09-29T18:22:50.307+0200: 33.151: [ParNew: 586332K->33703K(613440K), 0.0121789 secs] 594826K->42197K(2029056K), 0.0124933 secs] [Times: user=0.13 sys=0.00, real=0.01 secs] 
2020-09-29T18:22:50.368+0200: 33.212: [GC (Allocation Failure) 2020-09-29T18:22:50.368+0200: 33.212: [ParNew: 579047K->34221K(613440K), 0.0160542 secs] 587541K->42715K(2029056K), 0.0161145 secs] [Times: user=0.13 sys=0.00, real=0.02 secs] 
2020-09-29T18:22:50.434+0200: 33.278: [GC (Allocation Failure) 2020-09-29T18:22:50.434+0200: 33.278: [ParNew: 579565K->50948K(613440K), 0.0209052 secs] 588059K->59442K(2029056K), 0.0209632 secs] [Times: user=0.13 sys=0.00, real=0.02 secs] 
2020-09-29T18:22:50.504+0200: 33.348: [GC (Allocation Failure) 2020-09-29T18:22:50.504+0200: 33.348: [ParNew: 596292K->40877K(613440K), 0.0151427 secs] 604786K->49372K(2029056K), 0.0152043 secs] [Times: user=0.00 sys=0.00, real=0.02 secs] 
2020-09-29T18:22:50.566+0200: 33.410: [GC (Allocation Failure) 2020-09-29T18:22:50.566+0200: 33.410: [ParNew: 586221K->29309K(613440K), 0.0147343 secs] 594716K->37803K(2029056K), 0.0147984 secs] [Times: user=0.13 sys=0.00, real=0.02 secs] 
2020-09-29T18:22:50.631+0200: 33.475: [GC (Allocation Failure) 2020-09-29T18:22:50.631+0200: 33.475: [ParNew: 574653K->54048K(613440K), 0.0232099 secs] 583147K->62542K(2029056K), 0.0232699 secs] [Times: user=0.13 sys=0.00, real=0.02 secs] 
2020-09-29T18:22:50.701+0200: 33.545: [GC (Allocation Failure) 2020-09-29T18:22:50.701+0200: 33.545: [ParNew: 599392K->50912K(613440K), 0.0168467 secs] 607886K->59406K(2029056K), 0.0169279 secs] [Times: user=0.13 sys=0.00, real=0.02 secs] 
2020-09-29T18:22:50.770+0200: 33.614: [GC (Allocation Failure) 2020-09-29T18:22:50.770+0200: 33.614: [ParNew: 596256K->39426K(613440K), 0.0160201 secs] 604750K->47921K(2029056K), 0.0160969 secs] [Times: user=0.13 sys=0.00, real=0.02 secs] 
2020-09-29T18:22:50.844+0200: 33.688: [GC (Allocation Failure) 2020-09-29T18:22:50.844+0200: 33.688: [ParNew: 584770K->28786K(613440K), 0.0093757 secs] 593265K->37280K(2029056K), 0.0094321 secs] [Times: user=0.13 sys=0.00, real=0.01 secs] 
2020-09-29T18:22:50.908+0200: 33.752: [GC (Allocation Failure) 2020-09-29T18:22:50.908+0200: 33.752: [ParNew: 574130K->46742K(613440K), 0.0200052 secs] 582624K->55236K(2029056K), 0.0200949 secs] [Times: user=0.25 sys=0.00, real=0.02 secs] 
2020-09-29T18:22:50.974+0200: 33.818: [GC (Allocation Failure) 2020-09-29T18:22:50.974+0200: 33.818: [ParNew: 592086K->30860K(613440K), 0.0140035 secs] 600580K->39354K(2029056K), 0.0140768 secs] [Times: user=0.00 sys=0.00, real=0.01 secs] 
2020-09-29T18:22:51.037+0200: 33.882: [GC (Allocation Failure) 2020-09-29T18:22:51.038+0200: 33.882: [ParNew: 576204K->45041K(613440K), 0.0168288 secs] 584698K->53535K(2029056K), 0.0169170 secs] [Times: user=0.13 sys=0.00, real=0.02 secs] 
2020-09-29T18:22:51.105+0200: 33.949: [GC (Allocation Failure) 2020-09-29T18:22:51.105+0200: 33.949: [ParNew: 590385K->60488K(613440K), 0.0209197 secs] 598879K->68982K(2029056K), 0.0209951 secs] [Times: user=0.13 sys=0.00, real=0.02 secs] 
2020-09-29T18:22:51.173+0200: 34.017: [GC (Allocation Failure) 2020-09-29T18:22:51.173+0200: 34.018: [ParNew: 605832K->45989K(613440K), 0.0146706 secs] 614326K->54483K(2029056K), 0.0147476 secs] [Times: user=0.13 sys=0.00, real=0.01 secs] 
2020-09-29T18:22:51.236+0200: 34.080: [GC (Allocation Failure) 2020-09-29T18:22:51.236+0200: 34.080: [ParNew: 590067K->38874K(613440K), 0.0145216 secs] 598561K->47368K(2029056K), 0.0145840 secs] [Times: user=0.13 sys=0.00, real=0.01 secs] 
2020-09-29T18:22:51.300+0200: 34.144: [GC (Allocation Failure) 2020-09-29T18:22:51.300+0200: 34.144: [ParNew: 584218K->45598K(613440K), 0.0181069 secs] 592712K->54092K(2029056K), 0.0181632 secs] [Times: user=0.25 sys=0.00, real=0.02 secs] 
2020-09-29T18:22:51.365+0200: 34.209: [GC (Allocation Failure) 2020-09-29T18:22:51.365+0200: 34.209: [ParNew: 590942K->57440K(613440K), 0.0227964 secs] 599436K->65934K(2029056K), 0.0228995 secs] [Times: user=0.13 sys=0.00, real=0.02 secs] 
2020-09-29T18:22:51.436+0200: 34.280: [GC (Allocation Failure) 2020-09-29T18:22:51.436+0200: 34.280: [ParNew: 602784K->49181K(613440K), 0.0174829 secs] 611278K->57675K(2029056K), 0.0175484 secs] [Times: user=0.13 sys=0.00, real=0.02 secs] 
2020-09-29T18:22:51.507+0200: 34.351: [GC (Allocation Failure) 2020-09-29T18:22:51.507+0200: 34.351: [ParNew: 594525K->36532K(613440K), 0.0156028 secs] 603019K->45026K(2029056K), 0.0156694 secs] [Times: user=0.13 sys=0.00, real=0.02 secs] 
2020-09-29T18:22:51.572+0200: 34.417: [GC (Allocation Failure) 2020-09-29T18:22:51.572+0200: 34.417: [ParNew: 581876K->33551K(613440K), 0.0160400 secs] 590370K->42045K(2029056K), 0.0161396 secs] [Times: user=0.13 sys=0.00, real=0.02 secs] 
2020-09-29T18:22:51.645+0200: 34.489: [GC (Allocation Failure) 2020-09-29T18:22:51.645+0200: 34.489: [ParNew: 578895K->58315K(613440K), 0.0197809 secs] 587389K->66809K(2029056K), 0.0270330 secs] [Times: user=0.13 sys=0.00, real=0.03 secs] 
2020-09-29T18:22:51.732+0200: 34.576: [GC (Allocation Failure) 2020-09-29T18:22:51.732+0200: 34.576: [ParNew: 603659K->42886K(613440K), 0.0184139 secs] 612153K->51381K(2029056K), 0.0184714 secs] [Times: user=0.13 sys=0.00, real=0.02 secs] 
2020-09-29T18:22:51.799+0200: 34.644: [GC (Allocation Failure) 2020-09-29T18:22:51.799+0200: 34.644: [ParNew: 588230K->43673K(613440K), 0.0185306 secs] 596725K->52167K(2029056K), 0.0185909 secs] [Times: user=0.25 sys=0.00, real=0.02 secs] 
2020-09-29T18:22:51.868+0200: 34.712: [GC (Allocation Failure) 2020-09-29T18:22:51.868+0200: 34.712: [ParNew: 589017K->42523K(613440K), 0.0176367 secs] 597511K->51017K(2029056K), 0.0176925 secs] [Times: user=0.13 sys=0.00, real=0.02 secs] 
2020-09-29T18:22:51.933+0200: 34.777: [GC (Allocation Failure) 2020-09-29T18:22:51.933+0200: 34.777: [ParNew: 587867K->68096K(613440K), 0.0215573 secs] 596361K->76590K(2029056K), 0.0216120 secs] [Times: user=0.13 sys=0.00, real=0.02 secs] 
2020-09-29T18:22:52.010+0200: 34.854: [GC (Allocation Failure) 2020-09-29T18:22:52.010+0200: 34.854: [ParNew: 613440K->49091K(613440K), 0.0233471 secs] 621934K->57586K(2029056K), 0.0234368 secs] [Times: user=0.13 sys=0.00, real=0.02 secs] 
2020-09-29T18:22:52.088+0200: 34.933: [GC (Allocation Failure) 2020-09-29T18:22:52.088+0200: 34.933: [ParNew: 594435K->47536K(613440K), 0.0186138 secs] 602930K->56030K(2029056K), 0.0186776 secs] [Times: user=0.13 sys=0.00, real=0.02 secs] 
2020-09-29T18:22:52.162+0200: 35.006: [GC (Allocation Failure) 2020-09-29T18:22:52.162+0200: 35.006: [ParNew: 592880K->42451K(613440K), 0.0148900 secs] 601374K->50945K(2029056K), 0.0149519 secs] [Times: user=0.13 sys=0.00, real=0.02 secs] 
2020-09-29T18:22:52.228+0200: 35.072: [GC (Allocation Failure) 2020-09-29T18:22:52.228+0200: 35.072: [ParNew: 587795K->52850K(613440K), 0.0194702 secs] 596289K->61344K(2029056K), 0.0195264 secs] [Times: user=0.13 sys=0.00, real=0.02 secs] 
2020-09-29T18:22:52.296+0200: 35.140: [GC (Allocation Failure) 2020-09-29T18:22:52.296+0200: 35.140: [ParNew: 598194K->44260K(613440K), 0.0178025 secs] 606688K->52754K(2029056K), 0.0178567 secs] [Times: user=0.13 sys=0.00, real=0.02 secs] 
2020-09-29T18:22:52.363+0200: 35.207: [GC (Allocation Failure) 2020-09-29T18:22:52.363+0200: 35.207: [ParNew: 589604K->39529K(613440K), 0.0225486 secs] 598098K->48023K(2029056K), 0.0226408 secs] [Times: user=0.25 sys=0.00, real=0.02 secs] 
2020-09-29T18:22:52.440+0200: 35.284: [GC (Allocation Failure) 2020-09-29T18:22:52.440+0200: 35.284: [ParNew: 584873K->34101K(613440K), 0.0121835 secs] 593367K->42595K(2029056K), 0.0122471 secs] [Times: user=0.13 sys=0.00, real=0.01 secs] 
2020-09-29T18:22:52.513+0200: 35.357: [GC (Allocation Failure) 2020-09-29T18:22:52.513+0200: 35.357: [ParNew: 579445K->44366K(613440K), 0.0263562 secs] 587939K->52860K(2029056K), 0.0264206 secs] [Times: user=0.25 sys=0.00, real=0.03 secs] 
2020-09-29T18:22:52.591+0200: 35.435: [GC (Allocation Failure) 2020-09-29T18:22:52.591+0200: 35.435: [ParNew: 589710K->55306K(613440K), 0.0294133 secs] 598204K->63800K(2029056K), 0.0294865 secs] [Times: user=0.22 sys=0.00, real=0.03 secs] 
2020-09-29T18:22:52.670+0200: 35.515: [GC (Allocation Failure) 2020-09-29T18:22:52.670+0200: 35.515: [ParNew: 600650K->41993K(613440K), 0.0169558 secs] 609144K->50488K(2029056K), 0.0170191 secs] [Times: user=0.13 sys=0.00, real=0.02 secs] 
2020-09-29T18:22:52.739+0200: 35.584: [GC (Allocation Failure) 2020-09-29T18:22:52.739+0200: 35.584: [ParNew: 587337K->34842K(613440K), 0.0171769 secs] 595832K->43336K(2029056K), 0.0172420 secs] [Times: user=0.13 sys=0.00, real=0.02 secs] 
2020-09-29T18:22:52.804+0200: 35.648: [GC (Allocation Failure) 2020-09-29T18:22:52.804+0200: 35.648: [ParNew: 580186K->39138K(613440K), 0.0227980 secs] 588680K->47632K(2029056K), 0.0228640 secs] [Times: user=0.13 sys=0.00, real=0.02 secs] 
2020-09-29T18:22:52.875+0200: 35.719: [GC (Allocation Failure) 2020-09-29T18:22:52.875+0200: 35.719: [ParNew: 584482K->68096K(613440K), 0.0338178 secs] 592976K->77275K(2029056K), 0.0338810 secs] [Times: user=0.25 sys=0.00, real=0.03 secs] 
2020-09-29T18:22:52.958+0200: 35.802: [GC (Allocation Failure) 2020-09-29T18:22:52.958+0200: 35.802: [ParNew: 613440K->51270K(613440K), 0.0193988 secs] 622619K->60449K(2029056K), 0.0194737 secs] [Times: user=0.13 sys=0.00, real=0.02 secs] 
2020-09-29T18:22:53.040+0200: 35.885: [GC (Allocation Failure) 2020-09-29T18:22:53.040+0200: 35.885: [ParNew: 596614K->48796K(613440K), 0.0259998 secs] 605793K->57975K(2029056K), 0.0260683 secs] [Times: user=0.13 sys=0.00, real=0.03 secs] 
2020-09-29T18:22:53.116+0200: 35.960: [GC (Allocation Failure) 2020-09-29T18:22:53.116+0200: 35.960: [ParNew: 594140K->40452K(613440K), 0.0181446 secs] 603319K->49631K(2029056K), 0.0182096 secs] [Times: user=0.13 sys=0.00, real=0.02 secs] 
2020-09-29T18:22:53.188+0200: 36.032: [GC (Allocation Failure) 2020-09-29T18:22:53.188+0200: 36.032: [ParNew: 585796K->56476K(613440K), 0.0242460 secs] 594975K->65655K(2029056K), 0.0243112 secs] [Times: user=0.25 sys=0.00, real=0.02 secs] 
2020-09-29T18:22:53.261+0200: 36.105: [GC (Allocation Failure) 2020-09-29T18:22:53.261+0200: 36.105: [ParNew: 601820K->49296K(613440K), 0.0234648 secs] 610999K->58476K(2029056K), 0.0235293 secs] [Times: user=0.13 sys=0.00, real=0.02 secs] 
2020-09-29T18:22:53.338+0200: 36.182: [GC (Allocation Failure) 2020-09-29T18:22:53.338+0200: 36.182: [ParNew: 594640K->38525K(613440K), 0.0218289 secs] 603820K->47705K(2029056K), 0.0219004 secs] [Times: user=0.13 sys=0.00, real=0.02 secs] 
2020-09-29T18:22:53.417+0200: 36.261: [GC (Allocation Failure) 2020-09-29T18:22:53.417+0200: 36.261: [ParNew: 583869K->65327K(613440K), 0.0279203 secs] 593049K->74506K(2029056K), 0.0279878 secs] [Times: user=0.25 sys=0.00, real=0.03 secs] 
2020-09-29T18:22:53.493+0200: 36.337: [GC (Allocation Failure) 2020-09-29T18:22:53.493+0200: 36.337: [ParNew: 610671K->51263K(613440K), 0.0205535 secs] 619850K->60442K(2029056K), 0.0206405 secs] [Times: user=0.13 sys=0.00, real=0.02 secs] 
2020-09-29T18:22:53.568+0200: 36.413: [GC (Allocation Failure) 2020-09-29T18:22:53.568+0200: 36.413: [ParNew: 596607K->52932K(613440K), 0.0286793 secs] 605786K->62111K(2029056K), 0.0287566 secs] [Times: user=0.11 sys=0.00, real=0.03 secs] 
2020-09-29T18:22:53.653+0200: 36.497: [GC (Allocation Failure) 2020-09-29T18:22:53.653+0200: 36.497: [ParNew: 598276K->68096K(613440K), 0.0334562 secs] 607455K->77275K(2029056K), 0.0335395 secs] [Times: user=0.23 sys=0.00, real=0.03 secs] 
2020-09-29T18:22:53.736+0200: 36.581: [GC (Allocation Failure) 2020-09-29T18:22:53.736+0200: 36.581: [ParNew: 613440K->49905K(613440K), 0.0183966 secs] 622619K->59084K(2029056K), 0.0184816 secs] [Times: user=0.23 sys=0.00, real=0.02 secs] 
2020-09-29T18:22:53.810+0200: 36.654: [GC (Allocation Failure) 2020-09-29T18:22:53.810+0200: 36.654: [ParNew: 595249K->50332K(613440K), 0.0239145 secs] 604428K->59512K(2029056K), 0.0239799 secs] [Times: user=0.25 sys=0.00, real=0.02 secs] 
2020-09-29T18:22:53.882+0200: 36.726: [GC (Allocation Failure) 2020-09-29T18:22:53.882+0200: 36.727: [ParNew: 595676K->42247K(613440K), 0.0224385 secs] 604856K->51426K(2029056K), 0.0225280 secs] [Times: user=0.13 sys=0.00, real=0.02 secs] 
2020-09-29T18:22:53.952+0200: 36.796: [GC (Allocation Failure) 2020-09-29T18:22:53.952+0200: 36.796: [ParNew: 587591K->31163K(613440K), 0.0146341 secs] 596770K->40343K(2029056K), 0.0147018 secs] [Times: user=0.13 sys=0.00, real=0.01 secs] 
2020-09-29T18:22:54.021+0200: 36.865: [GC (Allocation Failure) 2020-09-29T18:22:54.021+0200: 36.865: [ParNew: 576507K->47705K(613440K), 0.0259960 secs] 585687K->56884K(2029056K), 0.0260673 secs] [Times: user=0.13 sys=0.00, real=0.03 secs] 
2020-09-29T18:22:54.101+0200: 36.945: [GC (Allocation Failure) 2020-09-29T18:22:54.101+0200: 36.945: [ParNew: 593049K->52185K(613440K), 0.0275092 secs] 602228K->61365K(2029056K), 0.0275949 secs] [Times: user=0.13 sys=0.00, real=0.03 secs] 
2020-09-29T18:22:54.181+0200: 37.025: [GC (Allocation Failure) 2020-09-29T18:22:54.181+0200: 37.025: [ParNew: 597529K->41053K(613440K), 0.0183240 secs] 606709K->50232K(2029056K), 0.0183910 secs] [Times: user=0.11 sys=0.00, real=0.02 secs] 
2020-09-29T18:22:54.254+0200: 37.098: [GC (Allocation Failure) 2020-09-29T18:22:54.254+0200: 37.099: [ParNew: 586397K->39133K(613440K), 0.0227315 secs] 595576K->48312K(2029056K), 0.0228003 secs] [Times: user=0.13 sys=0.00, real=0.02 secs] 
2020-09-29T18:22:54.324+0200: 37.168: [GC (Allocation Failure) 2020-09-29T18:22:54.324+0200: 37.168: [ParNew: 584477K->54232K(613440K), 0.0215651 secs] 593656K->63411K(2029056K), 0.0216348 secs] [Times: user=0.13 sys=0.00, real=0.02 secs] 
2020-09-29T18:22:54.399+0200: 37.243: [GC (Allocation Failure) 2020-09-29T18:22:54.399+0200: 37.243: [ParNew: 599576K->41071K(613440K), 0.0204336 secs] 608755K->50250K(2029056K), 0.0204964 secs] [Times: user=0.13 sys=0.00, real=0.02 secs] 
2020-09-29T18:22:54.474+0200: 37.319: [GC (Allocation Failure) 2020-09-29T18:22:54.474+0200: 37.319: [ParNew: 586415K->59576K(613440K), 0.0271017 secs] 595594K->68755K(2029056K), 0.0271714 secs] [Times: user=0.13 sys=0.00, real=0.03 secs] 
2020-09-29T18:22:54.551+0200: 37.395: [GC (Allocation Failure) 2020-09-29T18:22:54.551+0200: 37.395: [ParNew: 604920K->42833K(613440K), 0.0261480 secs] 614099K->52012K(2029056K), 0.0262304 secs] [Times: user=0.13 sys=0.00, real=0.03 secs] 
2020-09-29T18:22:54.632+0200: 37.477: [GC (Allocation Failure) 2020-09-29T18:22:54.632+0200: 37.477: [ParNew: 588177K->38382K(613440K), 0.0181278 secs] 597356K->47561K(2029056K), 0.0181928 secs] [Times: user=0.13 sys=0.00, real=0.02 secs] 
2020-09-29T18:22:54.701+0200: 37.546: [GC (Allocation Failure) 2020-09-29T18:22:54.701+0200: 37.546: [ParNew: 583726K->58217K(613440K), 0.0237931 secs] 592905K->67396K(2029056K), 0.0238591 secs] [Times: user=0.25 sys=0.00, real=0.02 secs] 
2020-09-29T18:22:54.776+0200: 37.620: [GC (Allocation Failure) 2020-09-29T18:22:54.776+0200: 37.620: [ParNew: 603561K->40499K(613440K), 0.0231103 secs] 612740K->49679K(2029056K), 0.0232008 secs] [Times: user=0.13 sys=0.00, real=0.02 secs] 
2020-09-29T18:22:54.850+0200: 37.694: [GC (Allocation Failure) 2020-09-29T18:22:54.850+0200: 37.694: [ParNew: 585843K->36379K(613440K), 0.0228380 secs] 595023K->45559K(2029056K), 0.0229097 secs] [Times: user=0.13 sys=0.00, real=0.02 secs] 
2020-09-29T18:22:54.919+0200: 37.763: [GC (Allocation Failure) 2020-09-29T18:22:54.919+0200: 37.763: [ParNew: 581723K->42754K(613440K), 0.0202022 secs] 590903K->51933K(2029056K), 0.0202793 secs] [Times: user=0.13 sys=0.00, real=0.02 secs] 
2020-09-29T18:22:54.989+0200: 37.834: [GC (Allocation Failure) 2020-09-29T18:22:54.989+0200: 37.834: [ParNew: 588098K->38049K(613440K), 0.0184667 secs] 597277K->47228K(2029056K), 0.0185299 secs] [Times: user=0.13 sys=0.00, real=0.02 secs] 
2020-09-29T18:22:55.064+0200: 37.908: [GC (Allocation Failure) 2020-09-29T18:22:55.064+0200: 37.908: [ParNew: 583393K->30398K(613440K), 0.0173970 secs] 592572K->39577K(2029056K), 0.0174622 secs] [Times: user=0.13 sys=0.00, real=0.02 secs] 
2020-09-29T18:22:55.137+0200: 37.981: [GC (Allocation Failure) 2020-09-29T18:22:55.137+0200: 37.981: [ParNew: 575742K->48997K(613440K), 0.0242193 secs] 584921K->58176K(2029056K), 0.0242928 secs] [Times: user=0.25 sys=0.00, real=0.02 secs] 
2020-09-29T18:22:55.210+0200: 38.055: [GC (Allocation Failure) 2020-09-29T18:22:55.211+0200: 38.055: [ParNew: 594341K->41965K(613440K), 0.0231662 secs] 603520K->51144K(2029056K), 0.0232393 secs] [Times: user=0.13 sys=0.00, real=0.02 secs] 
2020-09-29T18:22:55.280+0200: 38.125: [GC (Allocation Failure) 2020-09-29T18:22:55.280+0200: 38.125: [ParNew: 587309K->39015K(613440K), 0.0219306 secs] 596488K->48194K(2029056K), 0.0219960 secs] [Times: user=0.25 sys=0.00, real=0.02 secs] 
2020-09-29T18:22:55.353+0200: 38.197: [GC (Allocation Failure) 2020-09-29T18:22:55.353+0200: 38.197: [ParNew: 584359K->40520K(613440K), 0.0196105 secs] 593538K->49700K(2029056K), 0.0196768 secs] [Times: user=0.13 sys=0.00, real=0.02 secs] 
2020-09-29T18:22:55.427+0200: 38.271: [GC (Allocation Failure) 2020-09-29T18:22:55.427+0200: 38.271: [ParNew: 585864K->33313K(613440K), 0.0208712 secs] 595044K->42492K(2029056K), 0.0209480 secs] [Times: user=0.13 sys=0.00, real=0.02 secs] 
2020-09-29T18:22:55.496+0200: 38.340: [GC (Allocation Failure) 2020-09-29T18:22:55.496+0200: 38.340: [ParNew: 578657K->33991K(613440K), 0.0186007 secs] 587836K->43170K(2029056K), 0.0186662 secs] [Times: user=0.13 sys=0.00, real=0.02 secs] 
2020-09-29T18:22:55.575+0200: 38.419: [GC (Allocation Failure) 2020-09-29T18:22:55.575+0200: 38.419: [ParNew: 579335K->62532K(613440K), 0.0309848 secs] 588514K->71712K(2029056K), 0.0310615 secs] [Times: user=0.23 sys=0.00, real=0.03 secs] 
2020-09-29T18:22:55.659+0200: 38.503: [GC (Allocation Failure) 2020-09-29T18:22:55.659+0200: 38.503: [ParNew: 607876K->53988K(613440K), 0.0228994 secs] 617056K->63167K(2029056K), 0.0229809 secs] [Times: user=0.23 sys=0.00, real=0.02 secs] 
2020-09-29T18:22:55.729+0200: 38.573: [GC (Allocation Failure) 2020-09-29T18:22:55.729+0200: 38.573: [ParNew: 599332K->52819K(613440K), 0.0276996 secs] 608511K->61998K(2029056K), 0.0277760 secs] [Times: user=0.25 sys=0.00, real=0.03 secs] 
2020-09-29T18:22:55.806+0200: 38.649: [GC (Allocation Failure) 2020-09-29T18:22:55.806+0200: 38.649: [ParNew: 598163K->66950K(613440K), 0.0269676 secs] 607342K->76129K(2029056K), 0.0270547 secs] [Times: user=0.25 sys=0.00, real=0.03 secs] 
2020-09-29T18:22:55.887+0200: 38.730: [GC (Allocation Failure) 2020-09-29T18:22:55.887+0200: 38.730: [ParNew: 612294K->42136K(613440K), 0.0182909 secs] 621473K->51315K(2029056K), 0.0183636 secs] [Times: user=0.13 sys=0.00, real=0.02 secs] 
2020-09-29T18:22:55.958+0200: 38.801: [GC (Allocation Failure) 2020-09-29T18:22:55.958+0200: 38.801: [ParNew: 587480K->61638K(613440K), 0.0253749 secs] 596659K->70817K(2029056K), 0.0254418 secs] [Times: user=0.13 sys=0.00, real=0.03 secs] 
2020-09-29T18:22:56.036+0200: 38.879: [GC (Allocation Failure) 2020-09-29T18:22:56.036+0200: 38.879: [ParNew: 606982K->49170K(613440K), 0.0233772 secs] 616161K->58349K(2029056K), 0.0234481 secs] [Times: user=0.13 sys=0.00, real=0.02 secs] 
2020-09-29T18:22:56.112+0200: 38.955: [GC (Allocation Failure) 2020-09-29T18:22:56.112+0200: 38.955: [ParNew: 594514K->39884K(613440K), 0.0228979 secs] 603693K->49063K(2029056K), 0.0229703 secs] [Times: user=0.25 sys=0.00, real=0.02 secs] 
2020-09-29T18:22:56.181+0200: 39.025: [GC (Allocation Failure) 2020-09-29T18:22:56.181+0200: 39.025: [ParNew: 585228K->66721K(613440K), 0.0289171 secs] 594407K->75900K(2029056K), 0.0290196 secs] [Times: user=0.25 sys=0.00, real=0.03 secs] 
2020-09-29T18:22:56.264+0200: 39.107: [GC (Allocation Failure) 2020-09-29T18:22:56.264+0200: 39.107: [ParNew: 612065K->48192K(613440K), 0.0221295 secs] 621244K->57371K(2029056K), 0.0222078 secs] [Times: user=0.23 sys=0.00, real=0.02 secs] 
2020-09-29T18:22:56.337+0200: 39.181: [GC (Allocation Failure) 2020-09-29T18:22:56.337+0200: 39.181: [ParNew: 593536K->42604K(613440K), 0.0202052 secs] 602715K->51784K(2029056K), 0.0202817 secs] [Times: user=0.13 sys=0.00, real=0.02 secs] 
2020-09-29T18:22:56.410+0200: 39.254: [GC (Allocation Failure) 2020-09-29T18:22:56.410+0200: 39.254: [ParNew: 587948K->59603K(613440K), 0.0262124 secs] 597128K->68783K(2029056K), 0.0263004 secs] [Times: user=0.25 sys=0.00, real=0.03 secs] 
2020-09-29T18:22:56.485+0200: 39.329: [GC (Allocation Failure) 2020-09-29T18:22:56.486+0200: 39.329: [ParNew: 604947K->38692K(613440K), 0.0207712 secs] 614127K->47871K(2029056K), 0.0208546 secs] [Times: user=0.25 sys=0.00, real=0.02 secs] 
2020-09-29T18:22:56.561+0200: 39.405: [GC (Allocation Failure) 2020-09-29T18:22:56.561+0200: 39.405: [ParNew: 584036K->60842K(613440K), 0.0247997 secs] 593215K->70022K(2029056K), 0.0248962 secs] [Times: user=0.25 sys=0.00, real=0.02 secs] 
2020-09-29T18:22:56.640+0200: 39.484: [GC (Allocation Failure) 2020-09-29T18:22:56.640+0200: 39.484: [ParNew: 606186K->39672K(613440K), 0.0252700 secs] 615366K->48852K(2029056K), 0.0253322 secs] [Times: user=0.22 sys=0.00, real=0.02 secs] 
2020-09-29T18:22:56.714+0200: 39.558: [GC (Allocation Failure) 2020-09-29T18:22:56.714+0200: 39.558: [ParNew: 585016K->37588K(613440K), 0.0216622 secs] 594196K->46767K(2029056K), 0.0217340 secs] [Times: user=0.13 sys=0.00, real=0.02 secs] 
2020-09-29T18:22:56.791+0200: 39.634: [GC (Allocation Failure) 2020-09-29T18:22:56.791+0200: 39.635: [ParNew: 582932K->62312K(613440K), 0.0279133 secs] 592111K->71491K(2029056K), 0.0279855 secs] [Times: user=0.25 sys=0.00, real=0.03 secs] 
2020-09-29T18:22:56.868+0200: 39.711: [GC (Allocation Failure) 2020-09-29T18:22:56.868+0200: 39.711: [ParNew: 607656K->43235K(613440K), 0.0188730 secs] 616835K->52414K(2029056K), 0.0189397 secs] [Times: user=0.13 sys=0.00, real=0.02 secs] 
2020-09-29T18:22:56.935+0200: 39.779: [GC (Allocation Failure) 2020-09-29T18:22:56.935+0200: 39.779: [ParNew: 588579K->36637K(613440K), 0.0190962 secs] 597758K->45816K(2029056K), 0.0191622 secs] [Times: user=0.13 sys=0.00, real=0.02 secs] 
2020-09-29T18:22:57.005+0200: 39.849: [GC (Allocation Failure) 2020-09-29T18:22:57.005+0200: 39.849: [ParNew: 581981K->55063K(613440K), 0.0245949 secs] 591160K->64242K(2029056K), 0.0246665 secs] [Times: user=0.13 sys=0.00, real=0.02 secs] 
2020-09-29T18:22:57.082+0200: 39.925: [GC (Allocation Failure) 2020-09-29T18:22:57.082+0200: 39.925: [ParNew: 600407K->38024K(613440K), 0.0185464 secs] 609586K->47204K(2029056K), 0.0186116 secs] [Times: user=0.25 sys=0.00, real=0.02 secs] 
2020-09-29T18:22:57.154+0200: 39.998: [GC (Allocation Failure) 2020-09-29T18:22:57.154+0200: 39.998: [ParNew: 583368K->50287K(613440K), 0.0236013 secs] 592548K->59466K(2029056K), 0.0236680 secs] [Times: user=0.25 sys=0.00, real=0.02 secs] 
2020-09-29T18:22:57.225+0200: 40.069: [GC (Allocation Failure) 2020-09-29T18:22:57.225+0200: 40.069: [ParNew: 595631K->41789K(613440K), 0.0206769 secs] 604810K->50968K(2029056K), 0.0207471 secs] [Times: user=0.13 sys=0.00, real=0.02 secs] 
2020-09-29T18:22:57.295+0200: 40.138: [GC (Allocation Failure) 2020-09-29T18:22:57.295+0200: 40.138: [ParNew: 587133K->38934K(613440K), 0.0182853 secs] 596312K->48113K(2029056K), 0.0183615 secs] [Times: user=0.13 sys=0.00, real=0.02 secs] 
2020-09-29T18:22:57.369+0200: 40.213: [GC (Allocation Failure) 2020-09-29T18:22:57.369+0200: 40.213: [ParNew: 584278K->53466K(613440K), 0.0278044 secs] 593457K->62646K(2029056K), 0.0278741 secs] [Times: user=0.25 sys=0.00, real=0.03 secs] 
2020-09-29T18:22:57.445+0200: 40.288: [GC (Allocation Failure) 2020-09-29T18:22:57.445+0200: 40.288: [ParNew: 598810K->42887K(613440K), 0.0252899 secs] 607990K->52066K(2029056K), 0.0253588 secs] [Times: user=0.13 sys=0.00, real=0.03 secs] 
2020-09-29T18:22:57.517+0200: 40.361: [GC (Allocation Failure) 2020-09-29T18:22:57.517+0200: 40.361: [ParNew: 588231K->39620K(613440K), 0.0236846 secs] 597410K->48799K(2029056K), 0.0237680 secs] [Times: user=0.25 sys=0.00, real=0.02 secs] 
2020-09-29T18:22:57.590+0200: 40.434: [GC (Allocation Failure) 2020-09-29T18:22:57.590+0200: 40.434: [ParNew: 584964K->40688K(613440K), 0.0215252 secs] 594143K->49867K(2029056K), 0.0215922 secs] [Times: user=0.13 sys=0.00, real=0.02 secs] 
2020-09-29T18:22:57.665+0200: 40.509: [GC (Allocation Failure) 2020-09-29T18:22:57.665+0200: 40.509: [ParNew: 586032K->58206K(613440K), 0.0287038 secs] 595211K->67385K(2029056K), 0.0287817 secs] [Times: user=0.25 sys=0.00, real=0.03 secs] 
2020-09-29T18:22:57.742+0200: 40.586: [GC (Allocation Failure) 2020-09-29T18:22:57.742+0200: 40.586: [ParNew: 603550K->45058K(613440K), 0.0212325 secs] 612729K->54237K(2029056K), 0.0213162 secs] [Times: user=0.11 sys=0.00, real=0.02 secs] 
2020-09-29T18:22:57.815+0200: 40.659: [GC (Allocation Failure) 2020-09-29T18:22:57.815+0200: 40.659: [ParNew: 590402K->42986K(613440K), 0.0260306 secs] 599581K->52165K(2029056K), 0.0261209 secs] [Times: user=0.25 sys=0.00, real=0.03 secs] 
2020-09-29T18:22:57.902+0200: 40.746: [GC (Allocation Failure) 2020-09-29T18:22:57.902+0200: 40.746: [ParNew: 588330K->56270K(613440K), 0.0270173 secs] 597509K->65449K(2029056K), 0.0270863 secs] [Times: user=0.22 sys=0.00, real=0.03 secs] 
2020-09-29T18:22:57.984+0200: 40.828: [GC (Allocation Failure) 2020-09-29T18:22:57.984+0200: 40.828: [ParNew: 601614K->40426K(613440K), 0.0246403 secs] 610793K->49606K(2029056K), 0.0247089 secs] [Times: user=0.25 sys=0.00, real=0.02 secs] 
2020-09-29T18:22:58.065+0200: 40.909: [GC (Allocation Failure) 2020-09-29T18:22:58.065+0200: 40.909: [ParNew: 585770K->65989K(613440K), 0.0297482 secs] 594950K->75168K(2029056K), 0.0298257 secs] [Times: user=0.25 sys=0.00, real=0.03 secs] 
2020-09-29T18:22:58.146+0200: 40.990: [GC (Allocation Failure) 2020-09-29T18:22:58.146+0200: 40.990: [ParNew: 611333K->48644K(613440K), 0.0295663 secs] 620512K->57823K(2029056K), 0.0296469 secs] [Times: user=0.13 sys=0.00, real=0.03 secs] 
2020-09-29T18:22:58.226+0200: 41.070: [GC (Allocation Failure) 2020-09-29T18:22:58.226+0200: 41.070: [ParNew: 593988K->49373K(613440K), 0.0284482 secs] 603167K->58552K(2029056K), 0.0285262 secs] [Times: user=0.25 sys=0.00, real=0.03 secs] 
2020-09-29T18:22:58.306+0200: 41.150: [GC (Allocation Failure) 2020-09-29T18:22:58.306+0200: 41.150: [ParNew: 594717K->46300K(613440K), 0.0289002 secs] 603896K->55479K(2029056K), 0.0289821 secs] [Times: user=0.25 sys=0.00, real=0.03 secs] 
2020-09-29T18:22:58.383+0200: 41.227: [GC (Allocation Failure) 2020-09-29T18:22:58.383+0200: 41.227: [ParNew: 591644K->48116K(613440K), 0.0253874 secs] 600823K->57296K(2029056K), 0.0254551 secs] [Times: user=0.13 sys=0.00, real=0.03 secs] 
2020-09-29T18:22:58.470+0200: 41.315: [GC (Allocation Failure) 2020-09-29T18:22:58.470+0200: 41.315: [ParNew: 593460K->42930K(613440K), 0.0258766 secs] 602640K->52109K(2029056K), 0.0259429 secs] [Times: user=0.25 sys=0.00, real=0.03 secs] 
2020-09-29T18:22:58.559+0200: 41.403: [GC (Allocation Failure) 2020-09-29T18:22:58.559+0200: 41.403: [ParNew: 588274K->50679K(613440K), 0.0268993 secs] 597453K->59858K(2029056K), 0.0269790 secs] [Times: user=0.22 sys=0.00, real=0.03 secs] 
2020-09-29T18:22:58.638+0200: 41.483: [GC (Allocation Failure) 2020-09-29T18:22:58.639+0200: 41.483: [ParNew: 596023K->42501K(613440K), 0.0244424 secs] 605202K->51680K(2029056K), 0.0245274 secs] [Times: user=0.25 sys=0.00, real=0.03 secs] 
2020-09-29T18:22:58.714+0200: 41.558: [GC (Allocation Failure) 2020-09-29T18:22:58.714+0200: 41.558: [ParNew: 587845K->64722K(613440K), 0.0305176 secs] 597024K->73901K(2029056K), 0.0305934 secs] [Times: user=0.25 sys=0.00, real=0.03 secs] 
2020-09-29T18:22:58.798+0200: 41.643: [GC (Allocation Failure) 2020-09-29T18:22:58.798+0200: 41.643: [ParNew: 610066K->47310K(613440K), 0.0239060 secs] 619245K->56489K(2029056K), 0.0239760 secs] [Times: user=0.25 sys=0.00, real=0.02 secs] 
2020-09-29T18:22:58.869+0200: 41.713: [GC (Allocation Failure) 2020-09-29T18:22:58.869+0200: 41.713: [ParNew: 592654K->41876K(613440K), 0.0209618 secs] 601833K->51055K(2029056K), 0.0210292 secs] [Times: user=0.13 sys=0.00, real=0.02 secs] 
2020-09-29T18:22:58.939+0200: 41.783: [GC (Allocation Failure) 2020-09-29T18:22:58.939+0200: 41.783: [ParNew: 587220K->37925K(613440K), 0.0204539 secs] 596399K->47104K(2029056K), 0.0205219 secs] [Times: user=0.25 sys=0.00, real=0.02 secs] 
2020-09-29T18:22:59.012+0200: 41.856: [GC (Allocation Failure) 2020-09-29T18:22:59.012+0200: 41.856: [ParNew: 583269K->55231K(613440K), 0.0279493 secs] 592448K->64410K(2029056K), 0.0280220 secs] [Times: user=0.25 sys=0.00, real=0.03 secs] 
2020-09-29T18:22:59.088+0200: 41.932: [GC (Allocation Failure) 2020-09-29T18:22:59.088+0200: 41.932: [ParNew: 600575K->38623K(613440K), 0.0179856 secs] 609754K->47802K(2029056K), 0.0180566 secs] [Times: user=0.13 sys=0.00, real=0.02 secs] 
2020-09-29T18:22:59.153+0200: 41.998: [GC (Allocation Failure) 2020-09-29T18:22:59.153+0200: 41.998: [ParNew: 583967K->20331K(613440K), 0.0149404 secs] 593146K->29510K(2029056K), 0.0150095 secs] [Times: user=0.13 sys=0.00, real=0.01 secs] 
2020-09-29T18:22:59.227+0200: 42.071: [GC (Allocation Failure) 2020-09-29T18:22:59.227+0200: 42.071: [ParNew: 565675K->46531K(613440K), 0.0292249 secs] 574854K->55710K(2029056K), 0.0292929 secs] [Times: user=0.25 sys=0.00, real=0.03 secs] 
2020-09-29T18:22:59.305+0200: 42.149: [GC (Allocation Failure) 2020-09-29T18:22:59.305+0200: 42.149: [ParNew: 591875K->41310K(613440K), 0.0196970 secs] 601054K->50489K(2029056K), 0.0197610 secs] [Times: user=0.13 sys=0.00, real=0.02 secs] 
2020-09-29T18:22:59.374+0200: 42.218: [GC (Allocation Failure) 2020-09-29T18:22:59.374+0200: 42.218: [ParNew: 586654K->29248K(613440K), 0.0191505 secs] 595833K->38427K(2029056K), 0.0192250 secs] [Times: user=0.13 sys=0.00, real=0.02 secs] 
2020-09-29T18:22:59.449+0200: 42.293: [GC (Allocation Failure) 2020-09-29T18:22:59.449+0200: 42.293: [ParNew: 574592K->50095K(613440K), 0.0251168 secs] 583771K->59274K(2029056K), 0.0251847 secs] [Times: user=0.25 sys=0.00, real=0.03 secs] 
2020-09-29T18:22:59.529+0200: 42.373: [GC (Allocation Failure) 2020-09-29T18:22:59.529+0200: 42.373: [ParNew: 595439K->37324K(613440K), 0.0163510 secs] 604618K->46503K(2029056K), 0.0164185 secs] [Times: user=0.13 sys=0.00, real=0.02 secs] 
2020-09-29T18:22:59.602+0200: 42.447: [GC (Allocation Failure) 2020-09-29T18:22:59.602+0200: 42.447: [ParNew: 582668K->52044K(613440K), 0.0328273 secs] 591847K->61223K(2029056K), 0.0329115 secs] [Times: user=0.20 sys=0.00, real=0.03 secs] 
2020-09-29T18:22:59.685+0200: 42.530: [GC (Allocation Failure) 2020-09-29T18:22:59.685+0200: 42.530: [ParNew: 597388K->41744K(613440K), 0.0222970 secs] 606567K->50923K(2029056K), 0.0223672 secs] [Times: user=0.25 sys=0.00, real=0.02 secs] 
2020-09-29T18:22:59.768+0200: 42.612: [GC (Allocation Failure) 2020-09-29T18:22:59.768+0200: 42.612: [ParNew: 587088K->60265K(613440K), 0.0273899 secs] 596267K->69444K(2029056K), 0.0274763 secs] [Times: user=0.25 sys=0.00, real=0.03 secs] 
2020-09-29T18:22:59.850+0200: 42.695: [GC (Allocation Failure) 2020-09-29T18:22:59.850+0200: 42.695: [ParNew: 605609K->45727K(613440K), 0.0267671 secs] 614788K->54906K(2029056K), 0.0268614 secs] [Times: user=0.13 sys=0.00, real=0.03 secs] 
2020-09-29T18:22:59.930+0200: 42.774: [GC (Allocation Failure) 2020-09-29T18:22:59.930+0200: 42.774: [ParNew: 591071K->39478K(613440K), 0.0177699 secs] 600250K->48658K(2029056K), 0.0178604 secs] [Times: user=0.13 sys=0.00, real=0.02 secs] 
2020-09-29T18:23:00.008+0200: 42.853: [GC (Allocation Failure) 2020-09-29T18:23:00.008+0200: 42.853: [ParNew: 584822K->38395K(613440K), 0.0263136 secs] 594002K->47574K(2029056K), 0.0264060 secs] [Times: user=0.14 sys=0.00, real=0.03 secs] 
2020-09-29T18:23:00.087+0200: 42.931: [GC (Allocation Failure) 2020-09-29T18:23:00.087+0200: 42.931: [ParNew: 583739K->44041K(613440K), 0.0226617 secs] 592918K->53220K(2029056K), 0.0227377 secs] [Times: user=0.13 sys=0.00, real=0.02 secs] 
2020-09-29T18:23:00.167+0200: 43.012: [GC (Allocation Failure) 2020-09-29T18:23:00.167+0200: 43.012: [ParNew: 589385K->60313K(613440K), 0.0303029 secs] 598564K->69492K(2029056K), 0.0303709 secs] [Times: user=0.25 sys=0.00, real=0.03 secs] 
2020-09-29T18:23:00.246+0200: 43.090: [GC (Allocation Failure) 2020-09-29T18:23:00.246+0200: 43.090: [ParNew: 605657K->41075K(613440K), 0.0229361 secs] 614836K->50255K(2029056K), 0.0230081 secs] [Times: user=0.13 sys=0.00, real=0.02 secs] 
2020-09-29T18:23:00.322+0200: 43.167: [GC (Allocation Failure) 2020-09-29T18:23:00.322+0200: 43.167: [ParNew: 586419K->35515K(613440K), 0.0196722 secs] 595599K->44695K(2029056K), 0.0197441 secs] [Times: user=0.13 sys=0.00, real=0.02 secs] 
2020-09-29T18:23:00.398+0200: 43.243: [GC (Allocation Failure) 2020-09-29T18:23:00.398+0200: 43.243: [ParNew: 580859K->55611K(613440K), 0.0253996 secs] 590039K->64790K(2029056K), 0.0254851 secs] [Times: user=0.13 sys=0.00, real=0.03 secs] 
2020-09-29T18:23:00.480+0200: 43.325: [GC (Allocation Failure) 2020-09-29T18:23:00.480+0200: 43.325: [ParNew: 600955K->38666K(613440K), 0.0172032 secs] 610134K->47845K(2029056K), 0.0172715 secs] [Times: user=0.13 sys=0.00, real=0.02 secs] 
2020-09-29T18:23:00.560+0200: 43.404: [GC (Allocation Failure) 2020-09-29T18:23:00.560+0200: 43.404: [ParNew: 584010K->50764K(613440K), 0.0308598 secs] 593189K->59943K(2029056K), 0.0309512 secs] [Times: user=0.25 sys=0.00, real=0.03 secs] 
2020-09-29T18:23:00.642+0200: 43.486: [GC (Allocation Failure) 2020-09-29T18:23:00.642+0200: 43.486: [ParNew: 596108K->40405K(613440K), 0.0239892 secs] 605287K->49584K(2029056K), 0.0240662 secs] [Times: user=0.23 sys=0.00, real=0.02 secs] 
2020-09-29T18:23:00.722+0200: 43.567: [GC (Allocation Failure) 2020-09-29T18:23:00.723+0200: 43.567: [ParNew: 585749K->31214K(613440K), 0.0133574 secs] 594928K->40394K(2029056K), 0.0134306 secs] [Times: user=0.02 sys=0.00, real=0.01 secs] 
2020-09-29T18:23:00.795+0200: 43.639: [GC (Allocation Failure) 2020-09-29T18:23:00.795+0200: 43.639: [ParNew: 576558K->32365K(613440K), 0.0191857 secs] 585738K->41544K(2029056K), 0.0192558 secs] [Times: user=0.13 sys=0.00, real=0.02 secs] 
2020-09-29T18:23:00.879+0200: 43.723: [GC (Allocation Failure) 2020-09-29T18:23:00.879+0200: 43.723: [ParNew: 577709K->40977K(613440K), 0.0194031 secs] 586888K->50156K(2029056K), 0.0194707 secs] [Times: user=0.13 sys=0.00, real=0.02 secs] 
2020-09-29T18:23:00.956+0200: 43.801: [GC (Allocation Failure) 2020-09-29T18:23:00.956+0200: 43.801: [ParNew: 586321K->46572K(613440K), 0.0245672 secs] 595500K->55752K(2029056K), 0.0246458 secs] [Times: user=0.25 sys=0.00, real=0.02 secs] 
2020-09-29T18:23:01.037+0200: 43.881: [GC (Allocation Failure) 2020-09-29T18:23:01.037+0200: 43.881: [ParNew: 591916K->53983K(613440K), 0.0247580 secs] 601096K->63162K(2029056K), 0.0248612 secs] [Times: user=0.13 sys=0.00, real=0.03 secs] 
2020-09-29T18:23:01.114+0200: 43.957: [GC (Allocation Failure) 2020-09-29T18:23:01.114+0200: 43.957: [ParNew: 599327K->35538K(613440K), 0.0145252 secs] 608506K->44718K(2029056K), 0.0146118 secs] [Times: user=0.00 sys=0.00, real=0.01 secs] 
2020-09-29T18:23:01.187+0200: 44.030: [GC (Allocation Failure) 2020-09-29T18:23:01.187+0200: 44.030: [ParNew: 580882K->33392K(613440K), 0.0215050 secs] 590062K->42571K(2029056K), 0.0215873 secs] [Times: user=0.23 sys=0.00, real=0.02 secs] 
2020-09-29T18:23:01.262+0200: 44.106: [GC (Allocation Failure) 2020-09-29T18:23:01.262+0200: 44.106: [ParNew: 578736K->24938K(613440K), 0.0117630 secs] 587915K->34117K(2029056K), 0.0118324 secs] [Times: user=0.13 sys=0.00, real=0.01 secs] 
2020-09-29T18:23:01.335+0200: 44.178: [GC (Allocation Failure) 2020-09-29T18:23:01.335+0200: 44.178: [ParNew: 570282K->42343K(613440K), 0.0270107 secs] 579461K->51523K(2029056K), 0.0270799 secs] [Times: user=0.13 sys=0.00, real=0.03 secs] 
2020-09-29T18:23:01.417+0200: 44.260: [GC (Allocation Failure) 2020-09-29T18:23:01.417+0200: 44.260: [ParNew: 587687K->53734K(613440K), 0.0243108 secs] 596867K->62913K(2029056K), 0.0243790 secs] [Times: user=0.13 sys=0.00, real=0.02 secs] 
2020-09-29T18:23:01.489+0200: 44.332: [GC (Allocation Failure) 2020-09-29T18:23:01.489+0200: 44.332: [ParNew: 599078K->64275K(613440K), 0.0311393 secs] 608257K->73454K(2029056K), 0.0312168 secs] [Times: user=0.13 sys=0.00, real=0.03 secs] 
2020-09-29T18:23:01.568+0200: 44.412: [GC (Allocation Failure) 2020-09-29T18:23:01.568+0200: 44.412: [ParNew: 609619K->49178K(613440K), 0.0227835 secs] 618798K->58358K(2029056K), 0.0228874 secs] [Times: user=0.13 sys=0.00, real=0.02 secs] 
2020-09-29T18:23:01.647+0200: 44.491: [GC (Allocation Failure) 2020-09-29T18:23:01.647+0200: 44.491: [ParNew: 594522K->64897K(613440K), 0.0304521 secs] 603702K->74077K(2029056K), 0.0305286 secs] [Times: user=0.23 sys=0.00, real=0.03 secs] 
2020-09-29T18:23:01.728+0200: 44.572: [GC (Allocation Failure) 2020-09-29T18:23:01.728+0200: 44.572: [ParNew: 610241K->45267K(613440K), 0.0201392 secs] 619421K->54447K(2029056K), 0.0202079 secs] [Times: user=0.13 sys=0.00, real=0.02 secs] 
2020-09-29T18:23:01.811+0200: 44.655: [GC (Allocation Failure) 2020-09-29T18:23:01.811+0200: 44.655: [ParNew: 590611K->42499K(613440K), 0.0267851 secs] 599791K->51678K(2029056K), 0.0268756 secs] [Times: user=0.25 sys=0.00, real=0.03 secs] 
2020-09-29T18:23:01.886+0200: 44.730: [GC (Allocation Failure) 2020-09-29T18:23:01.886+0200: 44.730: [ParNew: 587843K->68096K(613440K), 0.0333519 secs] 597022K->77275K(2029056K), 0.0334249 secs] [Times: user=0.25 sys=0.00, real=0.03 secs] 
2020-09-29T18:23:01.967+0200: 44.810: [GC (Allocation Failure) 2020-09-29T18:23:01.967+0200: 44.810: [ParNew: 613440K->48820K(613440K), 0.0173327 secs] 622619K->57999K(2029056K), 0.0174110 secs] [Times: user=0.13 sys=0.00, real=0.02 secs] 
2020-09-29T18:23:02.032+0200: 44.876: [GC (Allocation Failure) 2020-09-29T18:23:02.032+0200: 44.876: [ParNew: 594164K->45771K(613440K), 0.0233695 secs] 603343K->54950K(2029056K), 0.0234501 secs] [Times: user=0.25 sys=0.00, real=0.02 secs] 
2020-09-29T18:23:02.109+0200: 44.953: [GC (Allocation Failure) 2020-09-29T18:23:02.109+0200: 44.953: [ParNew: 591115K->33282K(613440K), 0.0229510 secs] 600294K->42461K(2029056K), 0.0230161 secs] [Times: user=0.25 sys=0.00, real=0.02 secs] 
2020-09-29T18:23:02.179+0200: 45.023: [GC (Allocation Failure) 2020-09-29T18:23:02.179+0200: 45.023: [ParNew: 578626K->59912K(613440K), 0.0274311 secs] 587805K->69092K(2029056K), 0.0275018 secs] [Times: user=0.13 sys=0.00, real=0.03 secs] 
2020-09-29T18:23:02.258+0200: 45.101: [GC (Allocation Failure) 2020-09-29T18:23:02.258+0200: 45.101: [ParNew: 605256K->44043K(613440K), 0.0268839 secs] 614436K->53223K(2029056K), 0.0269518 secs] [Times: user=0.13 sys=0.00, real=0.03 secs] 
2020-09-29T18:23:02.335+0200: 45.178: [GC (Allocation Failure) 2020-09-29T18:23:02.335+0200: 45.178: [ParNew: 589387K->38426K(613440K), 0.0166225 secs] 598567K->47605K(2029056K), 0.0166919 secs] [Times: user=0.13 sys=0.00, real=0.02 secs] 
2020-09-29T18:23:02.407+0200: 45.251: [GC (Allocation Failure) 2020-09-29T18:23:02.407+0200: 45.251: [ParNew: 583770K->35934K(613440K), 0.0165139 secs] 592949K->45114K(2029056K), 0.0165696 secs] [Times: user=0.13 sys=0.00, real=0.02 secs] 
2020-09-29T18:23:02.474+0200: 45.317: [GC (Allocation Failure) 2020-09-29T18:23:02.474+0200: 45.317: [ParNew: 581278K->52764K(613440K), 0.0207370 secs] 590458K->61944K(2029056K), 0.0208059 secs] [Times: user=0.13 sys=0.00, real=0.02 secs] 
2020-09-29T18:23:02.542+0200: 45.385: [GC (Allocation Failure) 2020-09-29T18:23:02.542+0200: 45.385: [ParNew: 598108K->59839K(613440K), 0.0199914 secs] 607288K->69018K(2029056K), 0.0200442 secs] [Times: user=0.13 sys=0.00, real=0.02 secs] 
2020-09-29T18:23:02.615+0200: 45.459: [GC (Allocation Failure) 2020-09-29T18:23:02.615+0200: 45.459: [ParNew: 605183K->45587K(613440K), 0.0202643 secs] 614362K->54766K(2029056K), 0.0203497 secs] [Times: user=0.13 sys=0.00, real=0.02 secs] 
2020-09-29T18:23:02.683+0200: 45.527: [GC (Allocation Failure) 2020-09-29T18:23:02.683+0200: 45.527: [ParNew: 590931K->44924K(613440K), 0.0187185 secs] 600110K->54103K(2029056K), 0.0187735 secs] [Times: user=0.13 sys=0.00, real=0.02 secs] 
2020-09-29T18:23:02.749+0200: 45.593: [GC (Allocation Failure) 2020-09-29T18:23:02.749+0200: 45.593: [ParNew: 590268K->42498K(613440K), 0.0176279 secs] 599447K->51678K(2029056K), 0.0177159 secs] [Times: user=0.13 sys=0.00, real=0.02 secs] 
2020-09-29T18:23:02.819+0200: 45.662: [GC (Allocation Failure) 2020-09-29T18:23:02.819+0200: 45.662: [ParNew: 587842K->42199K(613440K), 0.0154012 secs] 597022K->51378K(2029056K), 0.0154599 secs] [Times: user=0.13 sys=0.00, real=0.02 secs] 
2020-09-29T18:23:02.881+0200: 45.725: [GC (Allocation Failure) 2020-09-29T18:23:02.881+0200: 45.725: [ParNew: 587543K->58638K(613440K), 0.0218817 secs] 596722K->67817K(2029056K), 0.0219640 secs] [Times: user=0.13 sys=0.00, real=0.02 secs] 
2020-09-29T18:23:02.951+0200: 45.795: [GC (Allocation Failure) 2020-09-29T18:23:02.951+0200: 45.795: [ParNew: 603982K->38725K(613440K), 0.0140476 secs] 613161K->47904K(2029056K), 0.0141116 secs] [Times: user=0.13 sys=0.00, real=0.02 secs] 
2020-09-29T18:23:03.014+0200: 45.857: [GC (Allocation Failure) 2020-09-29T18:23:03.014+0200: 45.857: [ParNew: 584069K->55611K(613440K), 0.0178017 secs] 593248K->64790K(2029056K), 0.0178575 secs] [Times: user=0.13 sys=0.00, real=0.02 secs] 
2020-09-29T18:23:03.080+0200: 45.923: [GC (Allocation Failure) 2020-09-29T18:23:03.080+0200: 45.923: [ParNew: 600955K->65912K(613440K), 0.0236243 secs] 610134K->75091K(2029056K), 0.0236887 secs] [Times: user=0.25 sys=0.00, real=0.02 secs] 
2020-09-29T18:23:03.150+0200: 45.994: [GC (Allocation Failure) 2020-09-29T18:23:03.150+0200: 45.994: [ParNew: 611256K->54403K(613440K), 0.0175091 secs] 620435K->63582K(2029056K), 0.0175820 secs] [Times: user=0.13 sys=0.00, real=0.02 secs] 
2020-09-29T18:23:03.215+0200: 46.059: [GC (Allocation Failure) 2020-09-29T18:23:03.215+0200: 46.059: [ParNew: 599747K->50331K(613440K), 0.0221309 secs] 608926K->59510K(2029056K), 0.0221984 secs] [Times: user=0.13 sys=0.00, real=0.02 secs] 
2020-09-29T18:23:03.284+0200: 46.127: [GC (Allocation Failure) 2020-09-29T18:23:03.284+0200: 46.127: [ParNew: 595675K->45903K(613440K), 0.0150845 secs] 604854K->55082K(2029056K), 0.0151510 secs] [Times: user=0.13 sys=0.00, real=0.02 secs] 
2020-09-29T18:23:03.346+0200: 46.190: [GC (Allocation Failure) 2020-09-29T18:23:03.346+0200: 46.190: [ParNew: 591247K->36166K(613440K), 0.0140773 secs] 600426K->45345K(2029056K), 0.0141331 secs] [Times: user=0.13 sys=0.00, real=0.01 secs] 
2020-09-29T18:23:03.408+0200: 46.252: [GC (Allocation Failure) 2020-09-29T18:23:03.408+0200: 46.252: [ParNew: 581510K->52664K(613440K), 0.0229337 secs] 590689K->61843K(2029056K), 0.0230008 secs] [Times: user=0.25 sys=0.00, real=0.02 secs] 
2020-09-29T18:23:03.479+0200: 46.323: [GC (Allocation Failure) 2020-09-29T18:23:03.479+0200: 46.323: [ParNew: 598008K->43962K(613440K), 0.0103482 secs] 607187K->53141K(2029056K), 0.0104077 secs] [Times: user=0.13 sys=0.00, real=0.01 secs] 
2020-09-29T18:23:03.540+0200: 46.384: [GC (Allocation Failure) 2020-09-29T18:23:03.540+0200: 46.384: [ParNew: 589306K->48142K(613440K), 0.0208204 secs] 598485K->57321K(2029056K), 0.0208918 secs] [Times: user=0.13 sys=0.00, real=0.02 secs] 
2020-09-29T18:23:03.613+0200: 46.457: [GC (Allocation Failure) 2020-09-29T18:23:03.613+0200: 46.457: [ParNew: 593486K->36976K(613440K), 0.0158417 secs] 602665K->46156K(2029056K), 0.0159032 secs] [Times: user=0.13 sys=0.00, real=0.02 secs] 
2020-09-29T18:23:03.678+0200: 46.522: [GC (Allocation Failure) 2020-09-29T18:23:03.678+0200: 46.522: [ParNew: 582320K->34458K(613440K), 0.0120901 secs] 591500K->43637K(2029056K), 0.0121513 secs] [Times: user=0.00 sys=0.00, real=0.01 secs] 
2020-09-29T18:23:03.739+0200: 46.583: [GC (Allocation Failure) 2020-09-29T18:23:03.739+0200: 46.583: [ParNew: 579802K->48115K(613440K), 0.0224964 secs] 588981K->57295K(2029056K), 0.0225564 secs] [Times: user=0.13 sys=0.00, real=0.02 secs] 
2020-09-29T18:23:03.810+0200: 46.654: [GC (Allocation Failure) 2020-09-29T18:23:03.810+0200: 46.654: [ParNew: 593459K->39314K(613440K), 0.0170790 secs] 602639K->48493K(2029056K), 0.0171451 secs] [Times: user=0.13 sys=0.00, real=0.02 secs] 
2020-09-29T18:23:03.874+0200: 46.717: [GC (Allocation Failure) 2020-09-29T18:23:03.874+0200: 46.717: [ParNew: 584658K->58099K(613440K), 0.0209043 secs] 593837K->67278K(2029056K), 0.0209661 secs] [Times: user=0.13 sys=0.00, real=0.02 secs] 
2020-09-29T18:23:03.943+0200: 46.787: [GC (Allocation Failure) 2020-09-29T18:23:03.943+0200: 46.787: [ParNew: 603443K->47571K(613440K), 0.0219563 secs] 612622K->56750K(2029056K), 0.0288288 secs] [Times: user=0.13 sys=0.00, real=0.03 secs] 
2020-09-29T18:23:04.027+0200: 46.871: [GC (Allocation Failure) 2020-09-29T18:23:04.027+0200: 46.871: [ParNew: 592915K->40858K(613440K), 0.0145854 secs] 602094K->50037K(2029056K), 0.0146415 secs] [Times: user=0.13 sys=0.00, real=0.02 secs] 
2020-09-29T18:23:04.090+0200: 46.933: [GC (Allocation Failure) 2020-09-29T18:23:04.090+0200: 46.933: [ParNew: 586202K->34603K(613440K), 0.0118645 secs] 595381K->43783K(2029056K), 0.0119209 secs] [Times: user=0.13 sys=0.00, real=0.01 secs] 
2020-09-29T18:23:04.150+0200: 46.993: [GC (Allocation Failure) 2020-09-29T18:23:04.150+0200: 46.993: [ParNew: 579947K->47672K(613440K), 0.0214485 secs] 589127K->56851K(2029056K), 0.0215165 secs] [Times: user=0.13 sys=0.00, real=0.02 secs] 
2020-09-29T18:23:04.219+0200: 47.062: [GC (Allocation Failure) 2020-09-29T18:23:04.219+0200: 47.062: [ParNew: 593016K->33879K(613440K), 0.0092512 secs] 602195K->43059K(2029056K), 0.0093182 secs] [Times: user=0.13 sys=0.00, real=0.01 secs] 
2020-09-29T18:23:04.277+0200: 47.120: [GC (Allocation Failure) 2020-09-29T18:23:04.277+0200: 47.120: [ParNew: 579223K->28758K(613440K), 0.0144795 secs] 588403K->37938K(2029056K), 0.0145669 secs] [Times: user=0.13 sys=0.00, real=0.01 secs] 
2020-09-29T18:23:04.342+0200: 47.186: [GC (Allocation Failure) 2020-09-29T18:23:04.342+0200: 47.186: [ParNew: 574102K->42343K(613440K), 0.0211858 secs] 583282K->51522K(2029056K), 0.0212679 secs] [Times: user=0.09 sys=0.00, real=0.02 secs] 
2020-09-29T18:23:04.411+0200: 47.255: [GC (Allocation Failure) 2020-09-29T18:23:04.411+0200: 47.255: [ParNew: 587687K->44210K(613440K), 0.0182683 secs] 596866K->53389K(2029056K), 0.0183393 secs] [Times: user=0.13 sys=0.00, real=0.02 secs] 
2020-09-29T18:23:04.477+0200: 47.321: [GC (Allocation Failure) 2020-09-29T18:23:04.477+0200: 47.321: [ParNew: 589554K->39261K(613440K), 0.0181732 secs] 598733K->48440K(2029056K), 0.0182332 secs] [Times: user=0.13 sys=0.00, real=0.02 secs] 
2020-09-29T18:23:04.545+0200: 47.389: [GC (Allocation Failure) 2020-09-29T18:23:04.545+0200: 47.389: [ParNew: 584605K->41965K(613440K), 0.0173672 secs] 593784K->51144K(2029056K), 0.0174510 secs] [Times: user=0.13 sys=0.00, real=0.02 secs] 
2020-09-29T18:23:04.613+0200: 47.457: [GC (Allocation Failure) 2020-09-29T18:23:04.613+0200: 47.457: [ParNew: 587309K->41486K(613440K), 0.0162892 secs] 596488K->50665K(2029056K), 0.0163671 secs] [Times: user=0.11 sys=0.00, real=0.02 secs] 
2020-09-29T18:23:04.679+0200: 47.523: [GC (Allocation Failure) 2020-09-29T18:23:04.679+0200: 47.523: [ParNew: 586830K->61825K(613440K), 0.0211821 secs] 596009K->71005K(2029056K), 0.0212382 secs] [Times: user=0.13 sys=0.00, real=0.02 secs] 
2020-09-29T18:23:04.750+0200: 47.594: [GC (Allocation Failure) 2020-09-29T18:23:04.750+0200: 47.594: [ParNew: 607169K->46345K(613440K), 0.0143503 secs] 616349K->55524K(2029056K), 0.0144072 secs] [Times: user=0.13 sys=0.00, real=0.02 secs] 
2020-09-29T18:23:04.820+0200: 47.664: [GC (Allocation Failure) 2020-09-29T18:23:04.820+0200: 47.664: [ParNew: 591689K->39309K(613440K), 0.0142866 secs] 600868K->48488K(2029056K), 0.0143567 secs] [Times: user=0.13 sys=0.00, real=0.02 secs] 
2020-09-29T18:23:04.881+0200: 47.725: [GC (Allocation Failure) 2020-09-29T18:23:04.881+0200: 47.725: [ParNew: 584653K->50630K(613440K), 0.0188833 secs] 593832K->59810K(2029056K), 0.0189402 secs] [Times: user=0.11 sys=0.00, real=0.02 secs] 
2020-09-29T18:23:04.947+0200: 47.791: [GC (Allocation Failure) 2020-09-29T18:23:04.947+0200: 47.791: [ParNew: 595974K->41125K(613440K), 0.0173221 secs] 605154K->50304K(2029056K), 0.0173823 secs] [Times: user=0.13 sys=0.00, real=0.02 secs] 
2020-09-29T18:23:05.012+0200: 47.856: [GC (Allocation Failure) 2020-09-29T18:23:05.012+0200: 47.856: [ParNew: 586469K->63550K(613440K), 0.0216390 secs] 595648K->72729K(2029056K), 0.0217090 secs] [Times: user=0.13 sys=0.00, real=0.02 secs] 
2020-09-29T18:23:05.081+0200: 47.925: [GC (Allocation Failure) 2020-09-29T18:23:05.081+0200: 47.925: [ParNew: 608894K->42000K(613440K), 0.0152862 secs] 618073K->51179K(2029056K), 0.0153544 secs] [Times: user=0.13 sys=0.00, real=0.02 secs] 
2020-09-29T18:23:05.145+0200: 47.988: [GC (Allocation Failure) 2020-09-29T18:23:05.145+0200: 47.988: [ParNew: 587344K->60276K(613440K), 0.0189747 secs] 596523K->69455K(2029056K), 0.0190469 secs] [Times: user=0.14 sys=0.00, real=0.02 secs] 
2020-09-29T18:23:05.210+0200: 48.054: [GC (Allocation Failure) 2020-09-29T18:23:05.210+0200: 48.054: [ParNew: 605620K->34416K(613440K), 0.0114961 secs] 614799K->43595K(2029056K), 0.0115519 secs] [Times: user=0.00 sys=0.00, real=0.01 secs] 
2020-09-29T18:23:05.270+0200: 48.114: [GC (Allocation Failure) 2020-09-29T18:23:05.270+0200: 48.114: [ParNew: 579760K->54320K(613440K), 0.0211838 secs] 588939K->63500K(2029056K), 0.0212591 secs] [Times: user=0.13 sys=0.00, real=0.02 secs] 
2020-09-29T18:23:05.338+0200: 48.182: [GC (Allocation Failure) 2020-09-29T18:23:05.338+0200: 48.182: [ParNew: 599664K->38493K(613440K), 0.0147424 secs] 608844K->47672K(2029056K), 0.0147994 secs] [Times: user=0.13 sys=0.00, real=0.01 secs] 
2020-09-29T18:23:05.402+0200: 48.246: [GC (Allocation Failure) 2020-09-29T18:23:05.402+0200: 48.246: [ParNew: 583837K->30798K(613440K), 0.0140015 secs] 593016K->39977K(2029056K), 0.0140763 secs] [Times: user=0.13 sys=0.00, real=0.01 secs] 
2020-09-29T18:23:05.470+0200: 48.314: [GC (Allocation Failure) 2020-09-29T18:23:05.470+0200: 48.314: [ParNew: 576142K->48761K(613440K), 0.0194029 secs] 585321K->57941K(2029056K), 0.0194970 secs] [Times: user=0.23 sys=0.00, real=0.02 secs] 
2020-09-29T18:23:05.536+0200: 48.380: [GC (Allocation Failure) 2020-09-29T18:23:05.536+0200: 48.380: [ParNew: 594105K->40987K(613440K), 0.0172829 secs] 603285K->50166K(2029056K), 0.0173626 secs] [Times: user=0.13 sys=0.00, real=0.02 secs] 
2020-09-29T18:23:05.603+0200: 48.446: [GC (Allocation Failure) 2020-09-29T18:23:05.603+0200: 48.446: [ParNew: 586331K->59177K(613440K), 0.0234828 secs] 595510K->68356K(2029056K), 0.0235408 secs] [Times: user=0.11 sys=0.00, real=0.02 secs] 
2020-09-29T18:23:05.673+0200: 48.517: [GC (Allocation Failure) 2020-09-29T18:23:05.673+0200: 48.517: [ParNew: 604521K->40577K(613440K), 0.0075444 secs] 613700K->49756K(2029056K), 0.0075991 secs] [Times: user=0.13 sys=0.00, real=0.01 secs] 
2020-09-29T18:23:05.727+0200: 48.571: [GC (Allocation Failure) 2020-09-29T18:23:05.727+0200: 48.571: [ParNew: 585921K->43873K(613440K), 0.0185857 secs] 595100K->53052K(2029056K), 0.0186425 secs] [Times: user=0.13 sys=0.00, real=0.02 secs] 
2020-09-29T18:23:05.804+0200: 48.647: [GC (Allocation Failure) 2020-09-29T18:23:05.804+0200: 48.648: [ParNew: 589217K->56625K(613440K), 0.0177500 secs] 598396K->65804K(2029056K), 0.0178084 secs] [Times: user=0.13 sys=0.00, real=0.02 secs] 
2020-09-29T18:23:05.875+0200: 48.719: [GC (Allocation Failure) 2020-09-29T18:23:05.875+0200: 48.719: [ParNew: 601969K->44197K(613440K), 0.0177633 secs] 611148K->53376K(2029056K), 0.0178213 secs] [Times: user=0.13 sys=0.00, real=0.02 secs] 
2020-09-29T18:23:05.940+0200: 48.784: [GC (Allocation Failure) 2020-09-29T18:23:05.940+0200: 48.784: [ParNew: 589541K->36917K(613440K), 0.0162335 secs] 598720K->46096K(2029056K), 0.0162955 secs] [Times: user=0.09 sys=0.03, real=0.02 secs] 
2020-09-29T18:23:06.003+0200: 48.847: [GC (Allocation Failure) 2020-09-29T18:23:06.003+0200: 48.847: [ParNew: 582261K->58117K(613440K), 0.0232085 secs] 591440K->67296K(2029056K), 0.0232632 secs] [Times: user=0.24 sys=0.00, real=0.02 secs] 
2020-09-29T18:23:06.073+0200: 48.917: [GC (Allocation Failure) 2020-09-29T18:23:06.073+0200: 48.917: [ParNew: 603461K->45055K(613440K), 0.0199097 secs] 612640K->54234K(2029056K), 0.0199803 secs] [Times: user=0.13 sys=0.00, real=0.02 secs] 
2020-09-29T18:23:06.141+0200: 48.985: [GC (Allocation Failure) 2020-09-29T18:23:06.141+0200: 48.985: [ParNew: 590399K->68096K(613440K), 0.0243523 secs] 599578K->78026K(2029056K), 0.0244064 secs] [Times: user=0.25 sys=0.00, real=0.02 secs] 
2020-09-29T18:23:06.213+0200: 49.057: [GC (Allocation Failure) 2020-09-29T18:23:06.213+0200: 49.057: [ParNew: 613440K->49495K(613440K), 0.0129727 secs] 623370K->59426K(2029056K), 0.0130314 secs] [Times: user=0.13 sys=0.00, real=0.01 secs] 
2020-09-29T18:23:06.276+0200: 49.120: [GC (Allocation Failure) 2020-09-29T18:23:06.276+0200: 49.120: [ParNew: 594839K->43779K(613440K), 0.0176228 secs] 604770K->53709K(2029056K), 0.0176945 secs] [Times: user=0.13 sys=0.00, real=0.02 secs] 
2020-09-29T18:23:06.341+0200: 49.185: [GC (Allocation Failure) 2020-09-29T18:23:06.342+0200: 49.185: [ParNew: 589123K->37359K(613440K), 0.0162351 secs] 599053K->47289K(2029056K), 0.0163089 secs] [Times: user=0.13 sys=0.00, real=0.02 secs] 
2020-09-29T18:23:06.410+0200: 49.253: [GC (Allocation Failure) 2020-09-29T18:23:06.410+0200: 49.254: [ParNew: 582703K->34829K(613440K), 0.0159165 secs] 592633K->44759K(2029056K), 0.0159929 secs] [Times: user=0.13 sys=0.00, real=0.02 secs] 
2020-09-29T18:23:06.476+0200: 49.320: [GC (Allocation Failure) 2020-09-29T18:23:06.476+0200: 49.320: [ParNew: 580173K->35351K(613440K), 0.0154819 secs] 590103K->45281K(2029056K), 0.0155490 secs] [Times: user=0.13 sys=0.00, real=0.02 secs] 
2020-09-29T18:23:06.549+0200: 49.393: [GC (Allocation Failure) 2020-09-29T18:23:06.549+0200: 49.393: [ParNew: 580695K->51612K(613440K), 0.0215474 secs] 590625K->61542K(2029056K), 0.0216298 secs] [Times: user=0.23 sys=0.00, real=0.02 secs] 
2020-09-29T18:23:06.622+0200: 49.466: [GC (Allocation Failure) 2020-09-29T18:23:06.622+0200: 49.466: [ParNew: 596956K->58510K(613440K), 0.0193830 secs] 606886K->68440K(2029056K), 0.0194507 secs] [Times: user=0.11 sys=0.00, real=0.02 secs] 
2020-09-29T18:23:06.694+0200: 49.538: [GC (Allocation Failure) 2020-09-29T18:23:06.694+0200: 49.538: [ParNew: 603854K->67725K(613440K), 0.0229745 secs] 613784K->77656K(2029056K), 0.0230520 secs] [Times: user=0.13 sys=0.00, real=0.02 secs] 
2020-09-29T18:23:06.765+0200: 49.609: [GC (Allocation Failure) 2020-09-29T18:23:06.765+0200: 49.609: [ParNew: 613069K->54422K(613440K), 0.0174266 secs] 623000K->64352K(2029056K), 0.0174902 secs] [Times: user=0.13 sys=0.00, real=0.02 secs] 
2020-09-29T18:23:06.831+0200: 49.675: [GC (Allocation Failure) 2020-09-29T18:23:06.831+0200: 49.675: [ParNew: 599766K->47400K(613440K), 0.0167980 secs] 609696K->57330K(2029056K), 0.0168542 secs] [Times: user=0.25 sys=0.00, real=0.02 secs] 
2020-09-29T18:23:06.898+0200: 49.742: [GC (Allocation Failure) 2020-09-29T18:23:06.898+0200: 49.742: [ParNew: 592744K->35446K(613440K), 0.0156359 secs] 602674K->45377K(2029056K), 0.0156915 secs] [Times: user=0.13 sys=0.00, real=0.02 secs] 
2020-09-29T18:23:06.964+0200: 49.808: [GC (Allocation Failure) 2020-09-29T18:23:06.964+0200: 49.808: [ParNew: 580790K->55360K(613440K), 0.0207600 secs] 590721K->65291K(2029056K), 0.0208219 secs] [Times: user=0.13 sys=0.00, real=0.02 secs] 
2020-09-29T18:23:07.032+0200: 49.876: [GC (Allocation Failure) 2020-09-29T18:23:07.032+0200: 49.876: [ParNew: 600704K->44831K(613440K), 0.0172362 secs] 610635K->54761K(2029056K), 0.0172922 secs] [Times: user=0.11 sys=0.00, real=0.02 secs] 
2020-09-29T18:23:07.101+0200: 49.945: [GC (Allocation Failure) 2020-09-29T18:23:07.101+0200: 49.945: [ParNew: 590175K->52079K(613440K), 0.0204451 secs] 600105K->62010K(2029056K), 0.0205242 secs] [Times: user=0.11 sys=0.00, real=0.02 secs] 
2020-09-29T18:23:07.173+0200: 50.017: [GC (Allocation Failure) 2020-09-29T18:23:07.173+0200: 50.017: [ParNew: 597423K->42613K(613440K), 0.0182097 secs] 607354K->52543K(2029056K), 0.0182773 secs] [Times: user=0.13 sys=0.00, real=0.02 secs] 
2020-09-29T18:23:07.238+0200: 50.082: [GC (Allocation Failure) 2020-09-29T18:23:07.238+0200: 50.082: [ParNew: 587957K->68096K(613440K), 0.0224446 secs] 597887K->78051K(2029056K), 0.0225071 secs] [Times: user=0.25 sys=0.00, real=0.02 secs] 
2020-09-29T18:23:07.308+0200: 50.152: [GC (Allocation Failure) 2020-09-29T18:23:07.308+0200: 50.152: [ParNew: 613440K->48767K(613440K), 0.0163266 secs] 623395K->58723K(2029056K), 0.0163885 secs] [Times: user=0.13 sys=0.00, real=0.02 secs] 
2020-09-29T18:23:07.372+0200: 50.216: [GC (Allocation Failure) 2020-09-29T18:23:07.372+0200: 50.216: [ParNew: 594111K->48333K(613440K), 0.0206778 secs] 604067K->58289K(2029056K), 0.0207613 secs] [Times: user=0.13 sys=0.00, real=0.02 secs] 
2020-09-29T18:23:07.440+0200: 50.284: [GC (Allocation Failure) 2020-09-29T18:23:07.440+0200: 50.284: [ParNew: 593677K->41202K(613440K), 0.0131793 secs] 603633K->51158K(2029056K), 0.0132336 secs] [Times: user=0.13 sys=0.00, real=0.01 secs] 
2020-09-29T18:23:07.504+0200: 50.348: [GC (Allocation Failure) 2020-09-29T18:23:07.504+0200: 50.348: [ParNew: 586546K->38887K(613440K), 0.0187964 secs] 596502K->48843K(2029056K), 0.0188713 secs] [Times: user=0.23 sys=0.00, real=0.02 secs] 
2020-09-29T18:23:07.570+0200: 50.414: [GC (Allocation Failure) 2020-09-29T18:23:07.570+0200: 50.414: [ParNew: 584231K->54460K(613440K), 0.0187946 secs] 594187K->64416K(2029056K), 0.0188577 secs] [Times: user=0.13 sys=0.00, real=0.02 secs] 
2020-09-29T18:23:07.640+0200: 50.484: [GC (Allocation Failure) 2020-09-29T18:23:07.640+0200: 50.484: [ParNew: 599804K->38280K(613440K), 0.0176087 secs] 609760K->48235K(2029056K), 0.0176828 secs] [Times: user=0.13 sys=0.00, real=0.02 secs] 
2020-09-29T18:23:07.705+0200: 50.549: [GC (Allocation Failure) 2020-09-29T18:23:07.705+0200: 50.549: [ParNew: 583624K->60819K(613440K), 0.0212845 secs] 593579K->70775K(2029056K), 0.0213713 secs] [Times: user=0.25 sys=0.00, real=0.02 secs] 
2020-09-29T18:23:07.777+0200: 50.621: [GC (Allocation Failure) 2020-09-29T18:23:07.777+0200: 50.621: [ParNew: 606163K->46139K(613440K), 0.0156059 secs] 616119K->56095K(2029056K), 0.0156791 secs] [Times: user=0.13 sys=0.00, real=0.02 secs] 
2020-09-29T18:23:07.841+0200: 50.685: [GC (Allocation Failure) 2020-09-29T18:23:07.841+0200: 50.685: [ParNew: 591483K->44906K(613440K), 0.0201389 secs] 601439K->54862K(2029056K), 0.0202278 secs] [Times: user=0.13 sys=0.00, real=0.02 secs] 
2020-09-29T18:23:07.911+0200: 50.755: [GC (Allocation Failure) 2020-09-29T18:23:07.911+0200: 50.755: [ParNew: 590250K->67784K(613440K), 0.0237688 secs] 600206K->77740K(2029056K), 0.0238282 secs] [Times: user=0.13 sys=0.00, real=0.02 secs] 
2020-09-29T18:23:07.983+0200: 50.827: [GC (Allocation Failure) 2020-09-29T18:23:07.983+0200: 50.827: [ParNew: 613128K->50314K(613440K), 0.0182719 secs] 623084K->60270K(2029056K), 0.0183284 secs] [Times: user=0.13 sys=0.00, real=0.02 secs] 
2020-09-29T18:23:08.048+0200: 50.891: [GC (Allocation Failure) 2020-09-29T18:23:08.048+0200: 50.891: [ParNew: 595658K->32286K(613440K), 0.0123516 secs] 605614K->42241K(2029056K), 0.0124367 secs] [Times: user=0.09 sys=0.00, real=0.01 secs] 
2020-09-29T18:23:08.112+0200: 50.956: [GC (Allocation Failure) 2020-09-29T18:23:08.112+0200: 50.956: [ParNew: 577630K->35028K(613440K), 0.0165087 secs] 587585K->44984K(2029056K), 0.0165770 secs] [Times: user=0.13 sys=0.00, real=0.02 secs] 
2020-09-29T18:23:08.182+0200: 51.026: [GC (Allocation Failure) 2020-09-29T18:23:08.182+0200: 51.026: [ParNew: 580372K->50802K(613440K), 0.0201847 secs] 590328K->60758K(2029056K), 0.0202559 secs] [Times: user=0.13 sys=0.00, real=0.02 secs] 
2020-09-29T18:23:08.250+0200: 51.094: [GC (Allocation Failure) 2020-09-29T18:23:08.250+0200: 51.094: [ParNew: 596146K->65621K(613440K), 0.0188172 secs] 606102K->75577K(2029056K), 0.0188846 secs] [Times: user=0.13 sys=0.00, real=0.02 secs] 
2020-09-29T18:23:08.320+0200: 51.164: [GC (Allocation Failure) 2020-09-29T18:23:08.321+0200: 51.164: [ParNew: 610965K->51840K(613440K), 0.0188459 secs] 620921K->61796K(2029056K), 0.0189477 secs] [Times: user=0.13 sys=0.00, real=0.02 secs] 
2020-09-29T18:23:08.393+0200: 51.237: [GC (Allocation Failure) 2020-09-29T18:23:08.393+0200: 51.237: [ParNew: 597184K->58665K(613440K), 0.0203883 secs] 607140K->68620K(2029056K), 0.0204489 secs] [Times: user=0.20 sys=0.00, real=0.02 secs] 
2020-09-29T18:23:08.462+0200: 51.306: [GC (Allocation Failure) 2020-09-29T18:23:08.462+0200: 51.306: [ParNew: 604009K->26793K(613440K), 0.0131042 secs] 613964K->36749K(2029056K), 0.0131659 secs] [Times: user=0.13 sys=0.00, real=0.01 secs] 
2020-09-29T18:23:08.528+0200: 51.372: [GC (Allocation Failure) 2020-09-29T18:23:08.528+0200: 51.372: [ParNew: 572137K->60435K(613440K), 0.0218182 secs] 582093K->70390K(2029056K), 0.0218785 secs] [Times: user=0.13 sys=0.00, real=0.02 secs] 
2020-09-29T18:23:08.600+0200: 51.444: [GC (Allocation Failure) 2020-09-29T18:23:08.600+0200: 51.444: [ParNew: 605779K->40143K(613440K), 0.0111841 secs] 615734K->50099K(2029056K), 0.0112409 secs] [Times: user=0.00 sys=0.00, real=0.01 secs] 
2020-09-29T18:23:08.667+0200: 51.511: [GC (Allocation Failure) 2020-09-29T18:23:08.667+0200: 51.511: [ParNew: 585487K->32866K(613440K), 0.0152962 secs] 595443K->42822K(2029056K), 0.0153620 secs] [Times: user=0.11 sys=0.00, real=0.01 secs] 
2020-09-29T18:23:08.743+0200: 51.587: [GC (Allocation Failure) 2020-09-29T18:23:08.743+0200: 51.587: [ParNew: 578210K->45919K(613440K), 0.0197305 secs] 588166K->55875K(2029056K), 0.0197845 secs] [Times: user=0.13 sys=0.00, real=0.02 secs] 
2020-09-29T18:23:08.813+0200: 51.657: [GC (Allocation Failure) 2020-09-29T18:23:08.813+0200: 51.657: [ParNew: 591263K->43475K(613440K), 0.0140486 secs] 601219K->53431K(2029056K), 0.0141053 secs] [Times: user=0.13 sys=0.00, real=0.01 secs] 
2020-09-29T18:23:08.877+0200: 51.721: [GC (Allocation Failure) 2020-09-29T18:23:08.877+0200: 51.721: [ParNew: 588819K->39119K(613440K), 0.0181205 secs] 598775K->49075K(2029056K), 0.0181767 secs] [Times: user=0.25 sys=0.00, real=0.02 secs] 
2020-09-29T18:23:08.942+0200: 51.786: [GC (Allocation Failure) 2020-09-29T18:23:08.942+0200: 51.787: [ParNew: 584463K->52165K(613440K), 0.0175911 secs] 594419K->62121K(2029056K), 0.0176547 secs] [Times: user=0.13 sys=0.00, real=0.02 secs] 
2020-09-29T18:23:09.009+0200: 51.853: [GC (Allocation Failure) 2020-09-29T18:23:09.009+0200: 51.853: [ParNew: 597509K->34219K(613440K), 0.0090107 secs] 607465K->44175K(2029056K), 0.0090655 secs] [Times: user=0.00 sys=0.00, real=0.01 secs] 
2020-09-29T18:23:09.072+0200: 51.916: [GC (Allocation Failure) 2020-09-29T18:23:09.072+0200: 51.916: [ParNew: 579563K->36853K(613440K), 0.0152106 secs] 589519K->46809K(2029056K), 0.0152673 secs] [Times: user=0.13 sys=0.00, real=0.02 secs] 
2020-09-29T18:23:09.139+0200: 51.984: [GC (Allocation Failure) 2020-09-29T18:23:09.139+0200: 51.984: [ParNew: 582197K->29115K(613440K), 0.0131686 secs] 592153K->39071K(2029056K), 0.0132256 secs] [Times: user=0.13 sys=0.00, real=0.01 secs] 
2020-09-29T18:23:09.205+0200: 52.049: [GC (Allocation Failure) 2020-09-29T18:23:09.205+0200: 52.049: [ParNew: 574459K->64034K(613440K), 0.0228733 secs] 584415K->73990K(2029056K), 0.0229433 secs] [Times: user=0.25 sys=0.00, real=0.02 secs] 
2020-09-29T18:23:09.275+0200: 52.119: [GC (Allocation Failure) 2020-09-29T18:23:09.275+0200: 52.119: [ParNew: 609378K->49476K(613440K), 0.0158722 secs] 619334K->59432K(2029056K), 0.0159352 secs] [Times: user=0.13 sys=0.00, real=0.02 secs] 
2020-09-29T18:23:09.338+0200: 52.182: [GC (Allocation Failure) 2020-09-29T18:23:09.338+0200: 52.182: [ParNew: 594820K->40636K(613440K), 0.0153452 secs] 604776K->50592K(2029056K), 0.0154169 secs] [Times: user=0.13 sys=0.00, real=0.01 secs] 
2020-09-29T18:23:09.408+0200: 52.252: [GC (Allocation Failure) 2020-09-29T18:23:09.408+0200: 52.252: [ParNew: 585980K->34129K(613440K), 0.0158223 secs] 595936K->44085K(2029056K), 0.0226047 secs] [Times: user=0.13 sys=0.00, real=0.02 secs] 
2020-09-29T18:23:09.477+0200: 52.321: [GC (Allocation Failure) 2020-09-29T18:23:09.477+0200: 52.321: [ParNew: 579473K->34755K(613440K), 0.0142342 secs] 589429K->44711K(2029056K), 0.0142891 secs] [Times: user=0.13 sys=0.00, real=0.01 secs] 
2020-09-29T18:23:09.543+0200: 52.387: [GC (Allocation Failure) 2020-09-29T18:23:09.543+0200: 52.387: [ParNew: 580099K->30201K(613440K), 0.0130986 secs] 590055K->40157K(2029056K), 0.0131615 secs] [Times: user=0.13 sys=0.00, real=0.01 secs] 
2020-09-29T18:23:09.614+0200: 52.458: [GC (Allocation Failure) 2020-09-29T18:23:09.614+0200: 52.458: [ParNew: 575545K->48741K(613440K), 0.0178055 secs] 585501K->58697K(2029056K), 0.0178676 secs] [Times: user=0.13 sys=0.00, real=0.02 secs] 
2020-09-29T18:23:09.680+0200: 52.524: [GC (Allocation Failure) 2020-09-29T18:23:09.680+0200: 52.524: [ParNew: 594085K->36634K(613440K), 0.0157448 secs] 604041K->46590K(2029056K), 0.0158004 secs] [Times: user=0.13 sys=0.00, real=0.01 secs] 
2020-09-29T18:23:09.742+0200: 52.587: [GC (Allocation Failure) 2020-09-29T18:23:09.742+0200: 52.587: [ParNew: 581978K->57587K(613440K), 0.0205688 secs] 591934K->67543K(2029056K), 0.0206519 secs] [Times: user=0.13 sys=0.00, real=0.02 secs] 
2020-09-29T18:23:09.812+0200: 52.656: [GC (Allocation Failure) 2020-09-29T18:23:09.812+0200: 52.656: [ParNew: 602931K->68096K(613440K), 0.0199678 secs] 612887K->78051K(2029056K), 0.0200367 secs] [Times: user=0.25 sys=0.00, real=0.02 secs] 
2020-09-29T18:23:09.880+0200: 52.725: [GC (Allocation Failure) 2020-09-29T18:23:09.880+0200: 52.725: [ParNew: 613440K->51809K(613440K), 0.0186080 secs] 623395K->61765K(2029056K), 0.0186712 secs] [Times: user=0.13 sys=0.00, real=0.02 secs] 
2020-09-29T18:23:09.948+0200: 52.792: [GC (Allocation Failure) 2020-09-29T18:23:09.948+0200: 52.793: [ParNew: 597153K->68096K(613440K), 0.0233012 secs] 607109K->78051K(2029056K), 0.0233585 secs] [Times: user=0.13 sys=0.00, real=0.02 secs] 
2020-09-29T18:23:10.020+0200: 52.864: [GC (Allocation Failure) 2020-09-29T18:23:10.020+0200: 52.864: [ParNew: 613440K->48184K(613440K), 0.0180795 secs] 623395K->58140K(2029056K), 0.0181496 secs] [Times: user=0.13 sys=0.00, real=0.02 secs] 
2020-09-29T18:23:10.088+0200: 52.932: [GC (Allocation Failure) 2020-09-29T18:23:10.088+0200: 52.932: [ParNew: 593528K->37094K(613440K), 0.0122298 secs] 603484K->47050K(2029056K), 0.0123039 secs] [Times: user=0.13 sys=0.00, real=0.01 secs] 
2020-09-29T18:23:10.159+0200: 53.003: [GC (Allocation Failure) 2020-09-29T18:23:10.159+0200: 53.003: [ParNew: 582438K->46837K(613440K), 0.0230175 secs] 592394K->56793K(2029056K), 0.0230758 secs] [Times: user=0.22 sys=0.00, real=0.02 secs] 
2020-09-29T18:23:10.229+0200: 53.074: [GC (Allocation Failure) 2020-09-29T18:23:10.229+0200: 53.074: [ParNew: 592181K->43929K(613440K), 0.0143069 secs] 602137K->53885K(2029056K), 0.0143677 secs] [Times: user=0.13 sys=0.00, real=0.01 secs] 
2020-09-29T18:23:10.295+0200: 53.139: [GC (Allocation Failure) 2020-09-29T18:23:10.295+0200: 53.139: [ParNew: 589273K->57563K(613440K), 0.0198063 secs] 599229K->67519K(2029056K), 0.0198669 secs] [Times: user=0.13 sys=0.00, real=0.02 secs] 
2020-09-29T18:23:10.363+0200: 53.207: [GC (Allocation Failure) 2020-09-29T18:23:10.363+0200: 53.207: [ParNew: 602907K->44753K(613440K), 0.0187832 secs] 612863K->54709K(2029056K), 0.0188823 secs] [Times: user=0.22 sys=0.00, real=0.02 secs] 
2020-09-29T18:23:10.433+0200: 53.277: [GC (Allocation Failure) 2020-09-29T18:23:10.433+0200: 53.277: [ParNew: 590097K->38846K(613440K), 0.0129719 secs] 600053K->48802K(2029056K), 0.0130267 secs] [Times: user=0.13 sys=0.00, real=0.01 secs] 
2020-09-29T18:23:10.495+0200: 53.340: [GC (Allocation Failure) 2020-09-29T18:23:10.495+0200: 53.340: [ParNew: 584190K->53919K(613440K), 0.0224548 secs] 594146K->63875K(2029056K), 0.0225088 secs] [Times: user=0.13 sys=0.00, real=0.02 secs] 
2020-09-29T18:23:10.566+0200: 53.410: [GC (Allocation Failure) 2020-09-29T18:23:10.566+0200: 53.410: [ParNew: 599263K->43010K(613440K), 0.0176505 secs] 609219K->52966K(2029056K), 0.0177285 secs] [Times: user=0.25 sys=0.00, real=0.02 secs] 
2020-09-29T18:23:10.636+0200: 53.480: [GC (Allocation Failure) 2020-09-29T18:23:10.636+0200: 53.480: [ParNew: 588354K->39899K(613440K), 0.0198329 secs] 598310K->49855K(2029056K), 0.0199087 secs] [Times: user=0.11 sys=0.00, real=0.02 secs] 
2020-09-29T18:23:10.705+0200: 53.549: [GC (Allocation Failure) 2020-09-29T18:23:10.705+0200: 53.549: [ParNew: 585243K->33711K(613440K), 0.0152685 secs] 595199K->43667K(2029056K), 0.0153437 secs] [Times: user=0.13 sys=0.00, real=0.02 secs] 
2020-09-29T18:23:10.777+0200: 53.621: [GC (Allocation Failure) 2020-09-29T18:23:10.777+0200: 53.621: [ParNew: 579055K->51393K(613440K), 0.0196638 secs] 589011K->61349K(2029056K), 0.0197223 secs] [Times: user=0.13 sys=0.00, real=0.02 secs] 
2020-09-29T18:23:10.843+0200: 53.688: [GC (Allocation Failure) 2020-09-29T18:23:10.844+0200: 53.688: [ParNew: 596737K->37919K(613440K), 0.0173895 secs] 606693K->47875K(2029056K), 0.0174720 secs] [Times: user=0.13 sys=0.00, real=0.02 secs] 
2020-09-29T18:23:10.909+0200: 53.754: [GC (Allocation Failure) 2020-09-29T18:23:10.909+0200: 53.754: [ParNew: 583263K->62376K(613440K), 0.0219571 secs] 593219K->72332K(2029056K), 0.0220148 secs] [Times: user=0.25 sys=0.00, real=0.02 secs] 
2020-09-29T18:23:10.978+0200: 53.822: [GC (Allocation Failure) 2020-09-29T18:23:10.978+0200: 53.822: [ParNew: 607720K->43159K(613440K), 0.0148286 secs] 617676K->53115K(2029056K), 0.0148834 secs] [Times: user=0.13 sys=0.00, real=0.02 secs] 
2020-09-29T18:23:11.041+0200: 53.886: [GC (Allocation Failure) 2020-09-29T18:23:11.041+0200: 53.886: [ParNew: 588503K->37531K(613440K), 0.0143505 secs] 598459K->47487K(2029056K), 0.0144065 secs] [Times: user=0.13 sys=0.00, real=0.02 secs] 
2020-09-29T18:23:11.104+0200: 53.949: [GC (Allocation Failure) 2020-09-29T18:23:11.104+0200: 53.949: [ParNew: 582875K->52557K(613440K), 0.0186931 secs] 592831K->62512K(2029056K), 0.0187662 secs] [Times: user=0.13 sys=0.00, real=0.02 secs] 
2020-09-29T18:23:11.174+0200: 54.018: [GC (Allocation Failure) 2020-09-29T18:23:11.174+0200: 54.018: [ParNew: 597901K->44920K(613440K), 0.0183909 secs] 607856K->54875K(2029056K), 0.0184460 secs] [Times: user=0.25 sys=0.00, real=0.02 secs] 
2020-09-29T18:23:11.239+0200: 54.083: [GC (Allocation Failure) 2020-09-29T18:23:11.239+0200: 54.083: [ParNew: 590264K->43463K(613440K), 0.0166222 secs] 600219K->53419K(2029056K), 0.0166892 secs] [Times: user=0.13 sys=0.00, real=0.02 secs] 
2020-09-29T18:23:11.306+0200: 54.151: [GC (Allocation Failure) 2020-09-29T18:23:11.306+0200: 54.151: [ParNew: 588807K->65393K(613440K), 0.0207232 secs] 598763K->75349K(2029056K), 0.0207840 secs] [Times: user=0.13 sys=0.00, real=0.02 secs] 
2020-09-29T18:23:11.375+0200: 54.219: [GC (Allocation Failure) 2020-09-29T18:23:11.375+0200: 54.219: [ParNew: 610737K->48667K(613440K), 0.0208611 secs] 620693K->58623K(2029056K), 0.0209375 secs] [Times: user=0.25 sys=0.00, real=0.02 secs] 
2020-09-29T18:23:11.445+0200: 54.289: [GC (Allocation Failure) 2020-09-29T18:23:11.445+0200: 54.289: [ParNew: 594011K->48224K(613440K), 0.0200161 secs] 603967K->58180K(2029056K), 0.0200866 secs] [Times: user=0.13 sys=0.00, real=0.02 secs] 
2020-09-29T18:23:11.512+0200: 54.356: [GC (Allocation Failure) 2020-09-29T18:23:11.512+0200: 54.356: [ParNew: 593568K->43482K(613440K), 0.0193567 secs] 603524K->53438K(2029056K), 0.0194340 secs] [Times: user=0.13 sys=0.00, real=0.02 secs] 
2020-09-29T18:23:11.581+0200: 54.426: [GC (Allocation Failure) 2020-09-29T18:23:11.581+0200: 54.426: [ParNew: 588826K->40312K(613440K), 0.0183841 secs] 598782K->50268K(2029056K), 0.0184541 secs] [Times: user=0.19 sys=0.00, real=0.02 secs] 
2020-09-29T18:23:11.653+0200: 54.497: [GC (Allocation Failure) 2020-09-29T18:23:11.653+0200: 54.497: [ParNew: 585656K->41586K(613440K), 0.0169786 secs] 595612K->51542K(2029056K), 0.0170512 secs] [Times: user=0.13 sys=0.00, real=0.02 secs] 
2020-09-29T18:23:11.717+0200: 54.561: [GC (Allocation Failure) 2020-09-29T18:23:11.717+0200: 54.561: [ParNew: 586930K->38449K(613440K), 0.0159170 secs] 596886K->48405K(2029056K), 0.0159897 secs] [Times: user=0.13 sys=0.00, real=0.02 secs] 
2020-09-29T18:23:11.783+0200: 54.628: [GC (Allocation Failure) 2020-09-29T18:23:11.783+0200: 54.628: [ParNew: 583793K->36636K(613440K), 0.0160458 secs] 593749K->46592K(2029056K), 0.0161104 secs] [Times: user=0.13 sys=0.00, real=0.02 secs] 
2020-09-29T18:23:11.848+0200: 54.693: [GC (Allocation Failure) 2020-09-29T18:23:11.848+0200: 54.693: [ParNew: 581980K->35725K(613440K), 0.0152316 secs] 591936K->45681K(2029056K), 0.0152903 secs] [Times: user=0.02 sys=0.00, real=0.02 secs] 
2020-09-29T18:23:11.913+0200: 54.757: [GC (Allocation Failure) 2020-09-29T18:23:11.913+0200: 54.757: [ParNew: 581069K->54248K(613440K), 0.0198105 secs] 591025K->64204K(2029056K), 0.0198777 secs] [Times: user=0.13 sys=0.00, real=0.02 secs] 
2020-09-29T18:23:11.980+0200: 54.824: [GC (Allocation Failure) 2020-09-29T18:23:11.980+0200: 54.824: [ParNew: 599592K->68096K(613440K), 0.0240986 secs] 609548K->78051K(2029056K), 0.0241559 secs] [Times: user=0.25 sys=0.00, real=0.02 secs] 
2020-09-29T18:23:12.051+0200: 54.896: [GC (Allocation Failure) 2020-09-29T18:23:12.051+0200: 54.896: [ParNew: 613440K->57746K(613440K), 0.0178447 secs] 623395K->67702K(2029056K), 0.0179132 secs] [Times: user=0.13 sys=0.00, real=0.02 secs] 
2020-09-29T18:23:12.120+0200: 54.964: [GC (Allocation Failure) 2020-09-29T18:23:12.120+0200: 54.964: [ParNew: 603090K->68096K(613440K), 0.0239351 secs] 613046K->78882K(2029056K), 0.0239879 secs] [Times: user=0.13 sys=0.00, real=0.02 secs] 
2020-09-29T18:23:12.193+0200: 55.036: [GC (Allocation Failure) 2020-09-29T18:23:12.193+0200: 55.036: [ParNew: 613440K->45780K(613440K), 0.0119285 secs] 624226K->56566K(2029056K), 0.0119839 secs] [Times: user=0.00 sys=0.00, real=0.01 secs] 
2020-09-29T18:23:12.254+0200: 55.097: [GC (Allocation Failure) 2020-09-29T18:23:12.254+0200: 55.097: [ParNew: 591124K->48321K(613440K), 0.0215934 secs] 601910K->59107K(2029056K), 0.0216755 secs] [Times: user=0.25 sys=0.00, real=0.02 secs] 
2020-09-29T18:23:12.325+0200: 55.169: [GC (Allocation Failure) 2020-09-29T18:23:12.325+0200: 55.169: [ParNew: 593665K->45102K(613440K), 0.0142005 secs] 604451K->55889K(2029056K), 0.0142846 secs] [Times: user=0.13 sys=0.00, real=0.01 secs] 
2020-09-29T18:23:12.387+0200: 55.231: [GC (Allocation Failure) 2020-09-29T18:23:12.387+0200: 55.231: [ParNew: 590446K->38838K(613440K), 0.0192274 secs] 601233K->49625K(2029056K), 0.0193178 secs] [Times: user=0.13 sys=0.00, real=0.02 secs] 
2020-09-29T18:23:12.456+0200: 55.300: [GC (Allocation Failure) 2020-09-29T18:23:12.456+0200: 55.300: [ParNew: 584182K->63327K(613440K), 0.0223938 secs] 594969K->74114K(2029056K), 0.0224475 secs] [Times: user=0.25 sys=0.00, real=0.02 secs] 
2020-09-29T18:23:12.531+0200: 55.374: [GC (Allocation Failure) 2020-09-29T18:23:12.531+0200: 55.374: [ParNew: 608671K->43720K(613440K), 0.0110017 secs] 619458K->54507K(2029056K), 0.0110891 secs] [Times: user=0.13 sys=0.00, real=0.01 secs] 
2020-09-29T18:23:12.600+0200: 55.444: [GC (Allocation Failure) 2020-09-29T18:23:12.600+0200: 55.444: [ParNew: 589064K->48518K(613440K), 0.0219859 secs] 599851K->59305K(2029056K), 0.0220571 secs] [Times: user=0.13 sys=0.00, real=0.02 secs] 
2020-09-29T18:23:12.671+0200: 55.515: [GC (Allocation Failure) 2020-09-29T18:23:12.671+0200: 55.515: [ParNew: 593862K->39467K(613440K), 0.0162441 secs] 604649K->50253K(2029056K), 0.0163083 secs] [Times: user=0.13 sys=0.00, real=0.02 secs] 
2020-09-29T18:23:12.734+0200: 55.577: [GC (Allocation Failure) 2020-09-29T18:23:12.734+0200: 55.577: [ParNew: 584811K->33803K(613440K), 0.0143481 secs] 595597K->44589K(2029056K), 0.0144025 secs] [Times: user=0.13 sys=0.00, real=0.01 secs] 
2020-09-29T18:23:12.795+0200: 55.639: [GC (Allocation Failure) 2020-09-29T18:23:12.795+0200: 55.639: [ParNew: 579147K->54952K(613440K), 0.0232049 secs] 589933K->65739K(2029056K), 0.0232888 secs] [Times: user=0.25 sys=0.00, real=0.02 secs] 
2020-09-29T18:23:12.866+0200: 55.709: [GC (Allocation Failure) 2020-09-29T18:23:12.866+0200: 55.709: [ParNew: 600296K->50012K(613440K), 0.0170716 secs] 611083K->60799K(2029056K), 0.0171276 secs] [Times: user=0.13 sys=0.00, real=0.02 secs] 
2020-09-29T18:23:12.932+0200: 55.776: [GC (Allocation Failure) 2020-09-29T18:23:12.932+0200: 55.776: [ParNew: 595356K->43274K(613440K), 0.0163649 secs] 606143K->54060K(2029056K), 0.0164205 secs] [Times: user=0.13 sys=0.00, real=0.02 secs] 
2020-09-29T18:23:12.996+0200: 55.840: [GC (Allocation Failure) 2020-09-29T18:23:12.996+0200: 55.840: [ParNew: 588618K->62543K(613440K), 0.0213195 secs] 599404K->73329K(2029056K), 0.0213842 secs] [Times: user=0.13 sys=0.00, real=0.02 secs] 
2020-09-29T18:23:13.068+0200: 55.911: [GC (Allocation Failure) 2020-09-29T18:23:13.068+0200: 55.911: [ParNew: 607887K->52167K(613440K), 0.0218478 secs] 618673K->62953K(2029056K), 0.0219083 secs] [Times: user=0.13 sys=0.00, real=0.02 secs] 
2020-09-29T18:23:13.142+0200: 55.985: [GC (Allocation Failure) 2020-09-29T18:23:13.142+0200: 55.985: [ParNew: 597511K->41974K(613440K), 0.0157357 secs] 608297K->52761K(2029056K), 0.0157973 secs] [Times: user=0.13 sys=0.00, real=0.02 secs] 
2020-09-29T18:23:13.210+0200: 56.054: [GC (Allocation Failure) 2020-09-29T18:23:13.210+0200: 56.054: [ParNew: 587318K->45209K(613440K), 0.0198223 secs] 598105K->55995K(2029056K), 0.0199099 secs] [Times: user=0.13 sys=0.00, real=0.02 secs] 
2020-09-29T18:23:13.278+0200: 56.121: [GC (Allocation Failure) 2020-09-29T18:23:13.278+0200: 56.121: [ParNew: 590553K->42610K(613440K), 0.0169689 secs] 601339K->53396K(2029056K), 0.0170273 secs] [Times: user=0.13 sys=0.00, real=0.02 secs] 
2020-09-29T18:23:13.344+0200: 56.187: [GC (Allocation Failure) 2020-09-29T18:23:13.344+0200: 56.187: [ParNew: 587954K->38846K(613440K), 0.0188759 secs] 598740K->49632K(2029056K), 0.0189374 secs] [Times: user=0.13 sys=0.00, real=0.02 secs] 
2020-09-29T18:23:13.412+0200: 56.255: [GC (Allocation Failure) 2020-09-29T18:23:13.412+0200: 56.255: [ParNew: 584190K->64682K(613440K), 0.0214473 secs] 594976K->75468K(2029056K), 0.0215165 secs] [Times: user=0.13 sys=0.00, real=0.02 secs] 
2020-09-29T18:23:13.480+0200: 56.324: [GC (Allocation Failure) 2020-09-29T18:23:13.480+0200: 56.324: [ParNew: 610026K->44236K(613440K), 0.0164062 secs] 620812K->55022K(2029056K), 0.0164779 secs] [Times: user=0.13 sys=0.00, real=0.02 secs] 
2020-09-29T18:23:13.545+0200: 56.389: [GC (Allocation Failure) 2020-09-29T18:23:13.545+0200: 56.389: [ParNew: 589580K->37920K(613440K), 0.0145777 secs] 600366K->48707K(2029056K), 0.0146580 secs] [Times: user=0.13 sys=0.00, real=0.01 secs] 
2020-09-29T18:23:13.612+0200: 56.456: [GC (Allocation Failure) 2020-09-29T18:23:13.612+0200: 56.456: [ParNew: 583264K->52131K(613440K), 0.0191239 secs] 594051K->62918K(2029056K), 0.0191814 secs] [Times: user=0.23 sys=0.00, real=0.02 secs] 
2020-09-29T18:23:13.679+0200: 56.523: [GC (Allocation Failure) 2020-09-29T18:23:13.679+0200: 56.523: [ParNew: 597475K->68096K(613440K), 0.0235256 secs] 608262K->78882K(2029056K), 0.0235902 secs] [Times: user=0.13 sys=0.00, real=0.02 secs] 
2020-09-29T18:23:13.750+0200: 56.594: [GC (Allocation Failure) 2020-09-29T18:23:13.750+0200: 56.594: [ParNew: 613440K->46301K(613440K), 0.0120328 secs] 624226K->57088K(2029056K), 0.0120908 secs] [Times: user=0.13 sys=0.00, real=0.01 secs] 
2020-09-29T18:23:13.813+0200: 56.657: [GC (Allocation Failure) 2020-09-29T18:23:13.813+0200: 56.657: [ParNew: 591645K->42325K(613440K), 0.0163168 secs] 602432K->53112K(2029056K), 0.0163737 secs] [Times: user=0.13 sys=0.00, real=0.02 secs] 
2020-09-29T18:23:13.883+0200: 56.727: [GC (Allocation Failure) 2020-09-29T18:23:13.883+0200: 56.727: [ParNew: 587669K->34953K(613440K), 0.0158528 secs] 598456K->45740K(2029056K), 0.0159212 secs] [Times: user=0.13 sys=0.00, real=0.02 secs] 
2020-09-29T18:23:13.948+0200: 56.792: [GC (Allocation Failure) 2020-09-29T18:23:13.948+0200: 56.792: [ParNew: 580297K->32222K(613440K), 0.0152946 secs] 591084K->43009K(2029056K), 0.0153490 secs] [Times: user=0.13 sys=0.00, real=0.02 secs] 
2020-09-29T18:23:14.015+0200: 56.859: [GC (Allocation Failure) 2020-09-29T18:23:14.015+0200: 56.859: [ParNew: 577566K->53513K(613440K), 0.0187977 secs] 588353K->64299K(2029056K), 0.0188596 secs] [Times: user=0.13 sys=0.00, real=0.02 secs] 
2020-09-29T18:23:14.085+0200: 56.929: [GC (Allocation Failure) 2020-09-29T18:23:14.085+0200: 56.929: [ParNew: 598857K->68096K(613440K), 0.0238371 secs] 609643K->78882K(2029056K), 0.0238994 secs] [Times: user=0.13 sys=0.00, real=0.02 secs] 
2020-09-29T18:23:14.156+0200: 57.000: [GC (Allocation Failure) 2020-09-29T18:23:14.156+0200: 57.000: [ParNew: 613440K->50341K(613440K), 0.0174788 secs] 624226K->61128K(2029056K), 0.0175585 secs] [Times: user=0.13 sys=0.00, real=0.02 secs] 
2020-09-29T18:23:14.224+0200: 57.068: [GC (Allocation Failure) 2020-09-29T18:23:14.224+0200: 57.068: [ParNew: 595685K->67928K(613440K), 0.0225496 secs] 606472K->78715K(2029056K), 0.0226122 secs] [Times: user=0.13 sys=0.00, real=0.02 secs] 
2020-09-29T18:23:14.294+0200: 57.138: [GC (Allocation Failure) 2020-09-29T18:23:14.294+0200: 57.138: [ParNew: 613272K->50546K(613440K), 0.0217432 secs] 624059K->61333K(2029056K), 0.0218227 secs] [Times: user=0.13 sys=0.00, real=0.02 secs] 
2020-09-29T18:23:14.363+0200: 57.207: [GC (Allocation Failure) 2020-09-29T18:23:14.363+0200: 57.207: [ParNew: 595890K->44669K(613440K), 0.0159019 secs] 606677K->55456K(2029056K), 0.0159796 secs] [Times: user=0.25 sys=0.00, real=0.02 secs] 
2020-09-29T18:23:14.433+0200: 57.277: [GC (Allocation Failure) 2020-09-29T18:23:14.433+0200: 57.277: [ParNew: 590013K->36870K(613440K), 0.0159665 secs] 600800K->47656K(2029056K), 0.0160234 secs] [Times: user=0.13 sys=0.00, real=0.02 secs] 
2020-09-29T18:23:14.501+0200: 57.345: [GC (Allocation Failure) 2020-09-29T18:23:14.501+0200: 57.345: [ParNew: 582214K->58001K(613440K), 0.0245642 secs] 593000K->68787K(2029056K), 0.0246409 secs] [Times: user=0.25 sys=0.00, real=0.03 secs] 
2020-09-29T18:23:14.573+0200: 57.417: [GC (Allocation Failure) 2020-09-29T18:23:14.573+0200: 57.417: [ParNew: 603345K->45519K(613440K), 0.0154972 secs] 614131K->56305K(2029056K), 0.0155702 secs] [Times: user=0.13 sys=0.00, real=0.02 secs] 
2020-09-29T18:23:14.645+0200: 57.489: [GC (Allocation Failure) 2020-09-29T18:23:14.645+0200: 57.489: [ParNew: 590863K->45409K(613440K), 0.0186788 secs] 601649K->56196K(2029056K), 0.0187340 secs] [Times: user=0.13 sys=0.00, real=0.02 secs] 
2020-09-29T18:23:14.716+0200: 57.560: [GC (Allocation Failure) 2020-09-29T18:23:14.716+0200: 57.560: [ParNew: 590753K->65136K(613440K), 0.0235999 secs] 601540K->75922K(2029056K), 0.0236717 secs] [Times: user=0.25 sys=0.00, real=0.02 secs] 
2020-09-29T18:23:14.786+0200: 57.631: [GC (Allocation Failure) 2020-09-29T18:23:14.786+0200: 57.631: [ParNew: 610480K->47884K(613440K), 0.0167369 secs] 621266K->58671K(2029056K), 0.0167980 secs] [Times: user=0.13 sys=0.00, real=0.02 secs] 
2020-09-29T18:23:14.856+0200: 57.700: [GC (Allocation Failure) 2020-09-29T18:23:14.856+0200: 57.700: [ParNew: 593228K->64705K(613440K), 0.0210448 secs] 604015K->75491K(2029056K), 0.0211110 secs] [Times: user=0.13 sys=0.00, real=0.02 secs] 
2020-09-29T18:23:14.944+0200: 57.788: [GC (Allocation Failure) 2020-09-29T18:23:14.944+0200: 57.788: [ParNew: 610049K->44830K(613440K), 0.0368434 secs] 620835K->55617K(2029056K), 0.0369437 secs] [Times: user=0.25 sys=0.00, real=0.04 secs] 
2020-09-29T18:23:15.041+0200: 57.886: [GC (Allocation Failure) 2020-09-29T18:23:15.041+0200: 57.886: [ParNew: 590174K->34103K(613440K), 0.0142957 secs] 600961K->44889K(2029056K), 0.0143530 secs] [Times: user=0.13 sys=0.00, real=0.02 secs] 
2020-09-29T18:23:15.106+0200: 57.950: [GC (Allocation Failure) 2020-09-29T18:23:15.106+0200: 57.950: [ParNew: 579447K->51434K(613440K), 0.0194287 secs] 590233K->62220K(2029056K), 0.0194839 secs] [Times: user=0.13 sys=0.00, real=0.02 secs] 
2020-09-29T18:23:15.177+0200: 58.021: [GC (Allocation Failure) 2020-09-29T18:23:15.177+0200: 58.021: [ParNew: 596778K->61806K(613440K), 0.0186564 secs] 607564K->72592K(2029056K), 0.0187116 secs] [Times: user=0.13 sys=0.00, real=0.02 secs] 
2020-09-29T18:23:15.245+0200: 58.089: [GC (Allocation Failure) 2020-09-29T18:23:15.245+0200: 58.089: [ParNew: 607150K->50874K(613440K), 0.0175826 secs] 617936K->61661K(2029056K), 0.0176519 secs] [Times: user=0.13 sys=0.00, real=0.02 secs] 
2020-09-29T18:23:15.310+0200: 58.154: [GC (Allocation Failure) 2020-09-29T18:23:15.310+0200: 58.154: [ParNew: 596218K->33761K(613440K), 0.0104391 secs] 607005K->44548K(2029056K), 0.0104929 secs] [Times: user=0.13 sys=0.00, real=0.01 secs] 
2020-09-29T18:23:15.369+0200: 58.213: [GC (Allocation Failure) 2020-09-29T18:23:15.369+0200: 58.213: [ParNew: 579105K->31191K(613440K), 0.0152926 secs] 589892K->41978K(2029056K), 0.0153546 secs] [Times: user=0.13 sys=0.00, real=0.02 secs] 
2020-09-29T18:23:15.437+0200: 58.281: [GC (Allocation Failure) 2020-09-29T18:23:15.437+0200: 58.281: [ParNew: 576535K->46264K(613440K), 0.0199706 secs] 587322K->57051K(2029056K), 0.0200305 secs] [Times: user=0.13 sys=0.00, real=0.02 secs] 
2020-09-29T18:23:15.506+0200: 58.350: [GC (Allocation Failure) 2020-09-29T18:23:15.506+0200: 58.350: [ParNew: 591608K->46067K(613440K), 0.0189239 secs] 602395K->56853K(2029056K), 0.0190028 secs] [Times: user=0.13 sys=0.00, real=0.02 secs] 
2020-09-29T18:23:15.574+0200: 58.418: [GC (Allocation Failure) 2020-09-29T18:23:15.574+0200: 58.418: [ParNew: 591411K->44322K(613440K), 0.0179564 secs] 602197K->55108K(2029056K), 0.0180518 secs] [Times: user=0.13 sys=0.00, real=0.02 secs] 
2020-09-29T18:23:15.641+0200: 58.485: [GC (Allocation Failure) 2020-09-29T18:23:15.641+0200: 58.485: [ParNew: 589666K->39335K(613440K), 0.0125289 secs] 600452K->50122K(2029056K), 0.0125855 secs] [Times: user=0.11 sys=0.00, real=0.01 secs] 
2020-09-29T18:23:15.704+0200: 58.548: [GC (Allocation Failure) 2020-09-29T18:23:15.704+0200: 58.548: [ParNew: 584679K->53440K(613440K), 0.0213900 secs] 595466K->64226K(2029056K), 0.0214761 secs] [Times: user=0.25 sys=0.00, real=0.02 secs] 
2020-09-29T18:23:15.775+0200: 58.619: [GC (Allocation Failure) 2020-09-29T18:23:15.775+0200: 58.619: [ParNew: 598784K->44981K(613440K), 0.0155309 secs] 609570K->55767K(2029056K), 0.0155842 secs] [Times: user=0.13 sys=0.00, real=0.02 secs] 
2020-09-29T18:23:15.843+0200: 58.687: [GC (Allocation Failure) 2020-09-29T18:23:15.843+0200: 58.687: [ParNew: 590325K->61821K(613440K), 0.0209449 secs] 601111K->72608K(2029056K), 0.0210187 secs] [Times: user=0.25 sys=0.00, real=0.02 secs] 
2020-09-29T18:23:15.915+0200: 58.759: [GC (Allocation Failure) 2020-09-29T18:23:15.915+0200: 58.759: [ParNew: 607165K->42943K(613440K), 0.0153159 secs] 617952K->53729K(2029056K), 0.0153947 secs] [Times: user=0.13 sys=0.00, real=0.02 secs] 
2020-09-29T18:23:15.987+0200: 58.831: [GC (Allocation Failure) 2020-09-29T18:23:15.987+0200: 58.831: [ParNew: 588287K->50813K(613440K), 0.0210847 secs] 599073K->61600K(2029056K), 0.0211483 secs] [Times: user=0.22 sys=0.00, real=0.02 secs] 
2020-09-29T18:23:16.059+0200: 58.903: [GC (Allocation Failure) 2020-09-29T18:23:16.059+0200: 58.903: [ParNew: 596157K->65030K(613440K), 0.0237028 secs] 606944K->75817K(2029056K), 0.0237561 secs] [Times: user=0.25 sys=0.00, real=0.02 secs] 
2020-09-29T18:23:16.134+0200: 58.978: [GC (Allocation Failure) 2020-09-29T18:23:16.134+0200: 58.978: [ParNew: 610374K->43206K(613440K), 0.0114970 secs] 621161K->53993K(2029056K), 0.0115485 secs] [Times: user=0.13 sys=0.00, real=0.01 secs] 
2020-09-29T18:23:16.204+0200: 59.048: [GC (Allocation Failure) 2020-09-29T18:23:16.204+0200: 59.049: [ParNew: 588550K->24175K(613440K), 0.0117413 secs] 599337K->34961K(2029056K), 0.0117959 secs] [Times: user=0.11 sys=0.00, real=0.01 secs] 
2020-09-29T18:23:16.274+0200: 59.119: [GC (Allocation Failure) 2020-09-29T18:23:16.274+0200: 59.119: [ParNew: 569519K->55975K(613440K), 0.0208231 secs] 580305K->66761K(2029056K), 0.0208976 secs] [Times: user=0.13 sys=0.00, real=0.02 secs] 
2020-09-29T18:23:16.349+0200: 59.194: [GC (Allocation Failure) 2020-09-29T18:23:16.349+0200: 59.194: [ParNew: 601319K->39665K(613440K), 0.0157169 secs] 612105K->50451K(2029056K), 0.0158047 secs] [Times: user=0.13 sys=0.00, real=0.02 secs] 
2020-09-29T18:23:16.422+0200: 59.266: [GC (Allocation Failure) 2020-09-29T18:23:16.422+0200: 59.266: [ParNew: 585009K->55136K(613440K), 0.0207461 secs] 595795K->65922K(2029056K), 0.0208035 secs] [Times: user=0.25 sys=0.00, real=0.02 secs] 
2020-09-29T18:23:16.494+0200: 59.339: [GC (Allocation Failure) 2020-09-29T18:23:16.494+0200: 59.339: [ParNew: 600480K->43172K(613440K), 0.0245170 secs] 611266K->53958K(2029056K), 0.0245880 secs] [Times: user=0.13 sys=0.00, real=0.03 secs] 
2020-09-29T18:23:16.572+0200: 59.416: [GC (Allocation Failure) 2020-09-29T18:23:16.572+0200: 59.416: [ParNew: 588516K->44040K(613440K), 0.0225081 secs] 599302K->54827K(2029056K), 0.0226012 secs] [Times: user=0.13 sys=0.00, real=0.02 secs] 
2020-09-29T18:23:16.653+0200: 59.498: [GC (Allocation Failure) 2020-09-29T18:23:16.653+0200: 59.498: [ParNew: 589384K->40824K(613440K), 0.0218843 secs] 600171K->51611K(2029056K), 0.0219473 secs] [Times: user=0.11 sys=0.00, real=0.02 secs] 
2020-09-29T18:23:16.742+0200: 59.587: [GC (Allocation Failure) 2020-09-29T18:23:16.742+0200: 59.587: [ParNew: 586168K->34816K(613440K), 0.0225594 secs] 596955K->45602K(2029056K), 0.0226416 secs] [Times: user=0.13 sys=0.00, real=0.02 secs] 
2020-09-29T18:23:16.816+0200: 59.660: [GC (Allocation Failure) 2020-09-29T18:23:16.816+0200: 59.660: [ParNew: 580160K->39084K(613440K), 0.0200198 secs] 590946K->49871K(2029056K), 0.0200821 secs] [Times: user=0.25 sys=0.00, real=0.02 secs] 
2020-09-29T18:23:16.891+0200: 59.736: [GC (Allocation Failure) 2020-09-29T18:23:16.891+0200: 59.736: [ParNew: 584428K->61464K(613440K), 0.0250332 secs] 595215K->72251K(2029056K), 0.0251016 secs] [Times: user=0.23 sys=0.00, real=0.02 secs] 
2020-09-29T18:23:16.974+0200: 59.818: [GC (Allocation Failure) 2020-09-29T18:23:16.974+0200: 59.818: [ParNew: 606808K->37791K(613440K), 0.0174812 secs] 617595K->48578K(2029056K), 0.0175390 secs] [Times: user=0.11 sys=0.00, real=0.02 secs] 
2020-09-29T18:23:17.066+0200: 59.910: [GC (Allocation Failure) 2020-09-29T18:23:17.066+0200: 59.910: [ParNew: 583135K->50630K(613440K), 0.0254013 secs] 593922K->61417K(2029056K), 0.0254735 secs] [Times: user=0.22 sys=0.00, real=0.03 secs] 
2020-09-29T18:23:17.145+0200: 59.988: [GC (Allocation Failure) 2020-09-29T18:23:17.145+0200: 59.988: [ParNew: 595974K->40893K(613440K), 0.0226297 secs] 606761K->51679K(2029056K), 0.0226941 secs] [Times: user=0.13 sys=0.00, real=0.02 secs] 
2020-09-29T18:23:17.219+0200: 60.063: [GC (Allocation Failure) 2020-09-29T18:23:17.219+0200: 60.063: [ParNew: 586237K->41930K(613440K), 0.0227034 secs] 597023K->52716K(2029056K), 0.0227927 secs] [Times: user=0.23 sys=0.00, real=0.02 secs] 
2020-09-29T18:23:17.293+0200: 60.137: [GC (Allocation Failure) 2020-09-29T18:23:17.293+0200: 60.137: [ParNew: 587274K->42025K(613440K), 0.0212075 secs] 598060K->52811K(2029056K), 0.0212780 secs] [Times: user=0.13 sys=0.00, real=0.02 secs] 
2020-09-29T18:23:17.374+0200: 60.217: [GC (Allocation Failure) 2020-09-29T18:23:17.374+0200: 60.217: [ParNew: 587369K->39074K(613440K), 0.0208428 secs] 598155K->49860K(2029056K), 0.0209195 secs] [Times: user=0.11 sys=0.00, real=0.02 secs] 
2020-09-29T18:23:17.458+0200: 60.302: [GC (Allocation Failure) 2020-09-29T18:23:17.458+0200: 60.302: [ParNew: 584418K->60691K(613440K), 0.0268359 secs] 595204K->71478K(2029056K), 0.0269077 secs] [Times: user=0.13 sys=0.00, real=0.03 secs] 
2020-09-29T18:23:17.542+0200: 60.386: [GC (Allocation Failure) 2020-09-29T18:23:17.542+0200: 60.386: [ParNew: 606035K->66003K(613440K), 0.0264113 secs] 616822K->76789K(2029056K), 0.0264993 secs] [Times: user=0.23 sys=0.00, real=0.03 secs] 
2020-09-29T18:23:17.624+0200: 60.468: [GC (Allocation Failure) 2020-09-29T18:23:17.624+0200: 60.468: [ParNew: 611347K->29060K(613440K), 0.0180150 secs] 622133K->39847K(2029056K), 0.0180861 secs] [Times: user=0.11 sys=0.00, real=0.02 secs] 
2020-09-29T18:23:17.699+0200: 60.543: [GC (Allocation Failure) 2020-09-29T18:23:17.699+0200: 60.543: [ParNew: 574404K->26515K(613440K), 0.0164443 secs] 585191K->37301K(2029056K), 0.0165033 secs] [Times: user=0.13 sys=0.00, real=0.02 secs] 
2020-09-29T18:23:17.788+0200: 60.632: [GC (Allocation Failure) 2020-09-29T18:23:17.788+0200: 60.632: [ParNew: 571859K->19971K(613440K), 0.0150382 secs] 582645K->30757K(2029056K), 0.0151004 secs] [Times: user=0.13 sys=0.00, real=0.01 secs] 
2020-09-29T18:23:17.875+0200: 60.719: [GC (Allocation Failure) 2020-09-29T18:23:17.875+0200: 60.719: [ParNew: 565315K->48578K(613440K), 0.0260489 secs] 576101K->59364K(2029056K), 0.0261226 secs] [Times: user=0.25 sys=0.00, real=0.03 secs] 
2020-09-29T18:23:17.954+0200: 60.798: [GC (Allocation Failure) 2020-09-29T18:23:17.954+0200: 60.798: [ParNew: 593922K->51778K(613440K), 0.0248952 secs] 604708K->62565K(2029056K), 0.0249812 secs] [Times: user=0.22 sys=0.00, real=0.03 secs] 
2020-09-29T18:23:18.033+0200: 60.877: [GC (Allocation Failure) 2020-09-29T18:23:18.033+0200: 60.877: [ParNew: 597122K->42340K(613440K), 0.0225978 secs] 607909K->53126K(2029056K), 0.0226658 secs] [Times: user=0.23 sys=0.00, real=0.02 secs] 
2020-09-29T18:23:18.113+0200: 60.957: [GC (Allocation Failure) 2020-09-29T18:23:18.113+0200: 60.957: [ParNew: 587684K->41255K(613440K), 0.0211902 secs] 598470K->52042K(2029056K), 0.0212550 secs] [Times: user=0.25 sys=0.00, real=0.02 secs] 
2020-09-29T18:23:18.189+0200: 61.034: [GC (Allocation Failure) 2020-09-29T18:23:18.189+0200: 61.034: [ParNew: 586599K->63914K(613440K), 0.0283827 secs] 597386K->74700K(2029056K), 0.0284463 secs] [Times: user=0.22 sys=0.00, real=0.03 secs] 
2020-09-29T18:23:18.270+0200: 61.114: [GC (Allocation Failure) 2020-09-29T18:23:18.270+0200: 61.114: [ParNew: 609258K->49835K(613440K), 0.0233724 secs] 620044K->60621K(2029056K), 0.0234392 secs] [Times: user=0.09 sys=0.00, real=0.02 secs] 
2020-09-29T18:23:18.348+0200: 61.193: [GC (Allocation Failure) 2020-09-29T18:23:18.348+0200: 61.193: [ParNew: 595179K->58524K(613440K), 0.0283709 secs] 605965K->69310K(2029056K), 0.0284295 secs] [Times: user=0.11 sys=0.00, real=0.03 secs] 
2020-09-29T18:23:18.432+0200: 61.276: [GC (Allocation Failure) 2020-09-29T18:23:18.432+0200: 61.276: [ParNew: 603868K->54275K(613440K), 0.0258010 secs] 614654K->65061K(2029056K), 0.0258698 secs] [Times: user=0.23 sys=0.00, real=0.03 secs] 
2020-09-29T18:23:18.513+0200: 61.358: [GC (Allocation Failure) 2020-09-29T18:23:18.513+0200: 61.358: [ParNew: 599619K->47298K(613440K), 0.0258661 secs] 610405K->58084K(2029056K), 0.0259672 secs] [Times: user=0.23 sys=0.00, real=0.03 secs] 
2020-09-29T18:23:18.591+0200: 61.436: [GC (Allocation Failure) 2020-09-29T18:23:18.591+0200: 61.436: [ParNew: 592642K->44008K(613440K), 0.0246264 secs] 603428K->54795K(2029056K), 0.0246966 secs] [Times: user=0.25 sys=0.00, real=0.02 secs] 
2020-09-29T18:23:18.670+0200: 61.514: [GC (Allocation Failure) 2020-09-29T18:23:18.670+0200: 61.514: [ParNew: 589352K->47849K(613440K), 0.0242405 secs] 600139K->58635K(2029056K), 0.0243425 secs] [Times: user=0.22 sys=0.00, real=0.02 secs] 
2020-09-29T18:23:18.746+0200: 61.591: [GC (Allocation Failure) 2020-09-29T18:23:18.746+0200: 61.591: [ParNew: 593193K->67469K(613440K), 0.0293258 secs] 603979K->78256K(2029056K), 0.0294193 secs] [Times: user=0.25 sys=0.00, real=0.03 secs] 
2020-09-29T18:23:18.828+0200: 61.672: [GC (Allocation Failure) 2020-09-29T18:23:18.828+0200: 61.672: [ParNew: 612813K->47278K(613440K), 0.0208911 secs] 623600K->58065K(2029056K), 0.0209801 secs] [Times: user=0.22 sys=0.00, real=0.02 secs] 
2020-09-29T18:23:18.902+0200: 61.746: [GC (Allocation Failure) 2020-09-29T18:23:18.902+0200: 61.746: [ParNew: 592622K->45643K(613440K), 0.0270443 secs] 603409K->56430K(2029056K), 0.0271271 secs] [Times: user=0.23 sys=0.00, real=0.03 secs] 
2020-09-29T18:23:18.980+0200: 61.823: [GC (Allocation Failure) 2020-09-29T18:23:18.980+0200: 61.824: [ParNew: 590987K->41903K(613440K), 0.0236218 secs] 601774K->52689K(2029056K), 0.0236901 secs] [Times: user=0.13 sys=0.00, real=0.02 secs] 
2020-09-29T18:23:19.057+0200: 61.901: [GC (Allocation Failure) 2020-09-29T18:23:19.057+0200: 61.901: [ParNew: 587247K->33250K(613440K), 0.0149664 secs] 598033K->44036K(2029056K), 0.0150229 secs] [Times: user=0.11 sys=0.00, real=0.02 secs] 
2020-09-29T18:23:19.131+0200: 61.975: [GC (Allocation Failure) 2020-09-29T18:23:19.131+0200: 61.975: [ParNew: 578594K->51580K(613440K), 0.0268758 secs] 589380K->62366K(2029056K), 0.0269387 secs] [Times: user=0.13 sys=0.00, real=0.03 secs] 
2020-09-29T18:23:19.212+0200: 62.056: [GC (Allocation Failure) 2020-09-29T18:23:19.212+0200: 62.056: [ParNew: 596924K->64274K(613440K), 0.0271733 secs] 607710K->75060K(2029056K), 0.0272583 secs] [Times: user=0.25 sys=0.00, real=0.03 secs] 
2020-09-29T18:23:19.296+0200: 62.140: [GC (Allocation Failure) 2020-09-29T18:23:19.296+0200: 62.140: [ParNew: 609618K->53675K(613440K), 0.0261532 secs] 620404K->64462K(2029056K), 0.0262165 secs] [Times: user=0.23 sys=0.00, real=0.03 secs] 
2020-09-29T18:23:19.378+0200: 62.222: [GC (Allocation Failure) 2020-09-29T18:23:19.378+0200: 62.222: [ParNew: 599019K->42826K(613440K), 0.0179241 secs] 609806K->53613K(2029056K), 0.0180097 secs] [Times: user=0.22 sys=0.00, real=0.02 secs] 
2020-09-29T18:23:19.462+0200: 62.306: [GC (Allocation Failure) 2020-09-29T18:23:19.462+0200: 62.306: [ParNew: 588170K->36833K(613440K), 0.0176117 secs] 598957K->47619K(2029056K), 0.0177055 secs] [Times: user=0.11 sys=0.00, real=0.02 secs] 
2020-09-29T18:23:19.539+0200: 62.383: [GC (Allocation Failure) 2020-09-29T18:23:19.539+0200: 62.383: [ParNew: 582177K->11850K(613440K), 0.0074582 secs] 592963K->22637K(2029056K), 0.0075319 secs] [Times: user=0.00 sys=0.00, real=0.01 secs] 
2020-09-29T18:23:19.630+0200: 62.474: [GC (Allocation Failure) 2020-09-29T18:23:19.630+0200: 62.474: [ParNew: 557194K->30219K(613440K), 0.0208774 secs] 567981K->41006K(2029056K), 0.0209424 secs] [Times: user=0.13 sys=0.00, real=0.02 secs] 
2020-09-29T18:23:19.711+0200: 62.555: [GC (Allocation Failure) 2020-09-29T18:23:19.711+0200: 62.555: [ParNew: 575563K->48041K(613440K), 0.0268839 secs] 586350K->58828K(2029056K), 0.0269446 secs] [Times: user=0.11 sys=0.00, real=0.03 secs] 
2020-09-29T18:23:19.799+0200: 62.644: [GC (Allocation Failure) 2020-09-29T18:23:19.799+0200: 62.644: [ParNew: 593385K->40195K(613440K), 0.0175873 secs] 604172K->50981K(2029056K), 0.0176501 secs] [Times: user=0.23 sys=0.00, real=0.02 secs] 
2020-09-29T18:23:19.877+0200: 62.721: [GC (Allocation Failure) 2020-09-29T18:23:19.877+0200: 62.721: [ParNew: 585539K->36543K(613440K), 0.0238857 secs] 596325K->47329K(2029056K), 0.0239595 secs] [Times: user=0.22 sys=0.00, real=0.02 secs] 
2020-09-29T18:23:19.952+0200: 62.796: [GC (Allocation Failure) 2020-09-29T18:23:19.952+0200: 62.796: [ParNew: 581887K->50600K(613440K), 0.0224531 secs] 592673K->61386K(2029056K), 0.0225181 secs] [Times: user=0.22 sys=0.00, real=0.02 secs] 
2020-09-29T18:23:20.029+0200: 62.874: [GC (Allocation Failure) 2020-09-29T18:23:20.029+0200: 62.874: [ParNew: 595944K->50668K(613440K), 0.0272975 secs] 606730K->61454K(2029056K), 0.0273629 secs] [Times: user=0.23 sys=0.00, real=0.03 secs] 
2020-09-29T18:23:20.107+0200: 62.951: [GC (Allocation Failure) 2020-09-29T18:23:20.107+0200: 62.951: [ParNew: 596012K->60405K(613440K), 0.0275916 secs] 606798K->71192K(2029056K), 0.0276491 secs] [Times: user=0.22 sys=0.00, real=0.03 secs] 
2020-09-29T18:23:20.187+0200: 63.032: [GC (Allocation Failure) 2020-09-29T18:23:20.187+0200: 63.032: [ParNew: 605749K->38529K(613440K), 0.0188696 secs] 616536K->49315K(2029056K), 0.0189343 secs] [Times: user=0.11 sys=0.00, real=0.02 secs] 
2020-09-29T18:23:20.260+0200: 63.105: [GC (Allocation Failure) 2020-09-29T18:23:20.260+0200: 63.105: [ParNew: 583873K->45858K(613440K), 0.0259697 secs] 594659K->56645K(2029056K), 0.0260421 secs] [Times: user=0.20 sys=0.00, real=0.03 secs] 
2020-09-29T18:23:20.347+0200: 63.192: [GC (Allocation Failure) 2020-09-29T18:23:20.347+0200: 63.192: [ParNew: 591202K->47859K(613440K), 0.0237428 secs] 601989K->58646K(2029056K), 0.0238018 secs] [Times: user=0.22 sys=0.00, real=0.02 secs] 
2020-09-29T18:23:20.424+0200: 63.269: [GC (Allocation Failure) 2020-09-29T18:23:20.424+0200: 63.269: [ParNew: 593203K->42783K(613440K), 0.0230860 secs] 603990K->53569K(2029056K), 0.0231475 secs] [Times: user=0.22 sys=0.00, real=0.02 secs] 
2020-09-29T18:23:20.506+0200: 63.351: [GC (Allocation Failure) 2020-09-29T18:23:20.506+0200: 63.351: [ParNew: 588127K->58462K(613440K), 0.0275330 secs] 598913K->69248K(2029056K), 0.0276096 secs] [Times: user=0.13 sys=0.00, real=0.03 secs] 
2020-09-29T18:23:20.586+0200: 63.430: [GC (Allocation Failure) 2020-09-29T18:23:20.586+0200: 63.430: [ParNew: 603806K->46814K(613440K), 0.0200144 secs] 614592K->57600K(2029056K), 0.0200881 secs] [Times: user=0.13 sys=0.00, real=0.02 secs] 
2020-09-29T18:23:20.665+0200: 63.510: [GC (Allocation Failure) 2020-09-29T18:23:20.665+0200: 63.510: [ParNew: 592158K->37582K(613440K), 0.0202705 secs] 602944K->48369K(2029056K), 0.0203515 secs] [Times: user=0.13 sys=0.00, real=0.02 secs] 
2020-09-29T18:23:20.739+0200: 63.583: [GC (Allocation Failure) 2020-09-29T18:23:20.739+0200: 63.583: [ParNew: 582926K->48568K(613440K), 0.0276971 secs] 593713K->59354K(2029056K), 0.0277637 secs] [Times: user=0.11 sys=0.00, real=0.03 secs] 
2020-09-29T18:23:20.819+0200: 63.663: [GC (Allocation Failure) 2020-09-29T18:23:20.819+0200: 63.663: [ParNew: 593912K->52169K(613440K), 0.0253589 secs] 604698K->62955K(2029056K), 0.0254229 secs] [Times: user=0.11 sys=0.00, real=0.03 secs] 
2020-09-29T18:23:20.901+0200: 63.746: [GC (Allocation Failure) 2020-09-29T18:23:20.901+0200: 63.746: [ParNew: 597513K->51907K(613440K), 0.0246563 secs] 608299K->62693K(2029056K), 0.0247137 secs] [Times: user=0.22 sys=0.00, real=0.03 secs] 
2020-09-29T18:23:20.984+0200: 63.828: [GC (Allocation Failure) 2020-09-29T18:23:20.984+0200: 63.828: [ParNew: 597251K->50747K(613440K), 0.0237844 secs] 608037K->61533K(2029056K), 0.0238521 secs] [Times: user=0.22 sys=0.00, real=0.02 secs] 
2020-09-29T18:23:21.061+0200: 63.905: [GC (Allocation Failure) 2020-09-29T18:23:21.061+0200: 63.905: [ParNew: 596091K->59535K(613440K), 0.0314465 secs] 606877K->70321K(2029056K), 0.0315099 secs] [Times: user=0.20 sys=0.00, real=0.03 secs] 
2020-09-29T18:23:21.147+0200: 63.991: [GC (Allocation Failure) 2020-09-29T18:23:21.147+0200: 63.991: [ParNew: 604879K->56126K(613440K), 0.0282552 secs] 615665K->66912K(2029056K), 0.0283347 secs] [Times: user=0.13 sys=0.00, real=0.03 secs] 
2020-09-29T18:23:21.228+0200: 64.072: [GC (Allocation Failure) 2020-09-29T18:23:21.228+0200: 64.072: [ParNew: 601470K->65642K(613440K), 0.0286405 secs] 612256K->76428K(2029056K), 0.0287032 secs] [Times: user=0.22 sys=0.00, real=0.03 secs] 
2020-09-29T18:23:21.307+0200: 64.151: [GC (Allocation Failure) 2020-09-29T18:23:21.307+0200: 64.151: [ParNew: 610986K->43117K(613440K), 0.0176601 secs] 621772K->53904K(2029056K), 0.0177206 secs] [Times: user=0.13 sys=0.00, real=0.02 secs] 
2020-09-29T18:23:21.375+0200: 64.219: [GC (Allocation Failure) 2020-09-29T18:23:21.375+0200: 64.219: [ParNew: 588461K->39035K(613440K), 0.0246543 secs] 599248K->49822K(2029056K), 0.0247386 secs] [Times: user=0.23 sys=0.00, real=0.03 secs] 
2020-09-29T18:23:21.454+0200: 64.298: [GC (Allocation Failure) 2020-09-29T18:23:21.454+0200: 64.298: [ParNew: 584379K->48430K(613440K), 0.0228561 secs] 595166K->59217K(2029056K), 0.0229293 secs] [Times: user=0.22 sys=0.00, real=0.02 secs] 
2020-09-29T18:23:21.534+0200: 64.378: [GC (Allocation Failure) 2020-09-29T18:23:21.534+0200: 64.378: [ParNew: 593774K->60506K(613440K), 0.0293163 secs] 604561K->71293K(2029056K), 0.0293848 secs] [Times: user=0.25 sys=0.00, real=0.03 secs] 
2020-09-29T18:23:21.618+0200: 64.462: [GC (Allocation Failure) 2020-09-29T18:23:21.618+0200: 64.462: [ParNew: 605850K->42562K(613440K), 0.0231254 secs] 616637K->53348K(2029056K), 0.0231875 secs] [Times: user=0.11 sys=0.00, real=0.02 secs] 
2020-09-29T18:23:21.699+0200: 64.543: [GC (Allocation Failure) 2020-09-29T18:23:21.699+0200: 64.543: [ParNew: 587906K->34056K(613440K), 0.0214236 secs] 598692K->44842K(2029056K), 0.0214889 secs] [Times: user=0.11 sys=0.00, real=0.02 secs] 
2020-09-29T18:23:21.776+0200: 64.620: [GC (Allocation Failure) 2020-09-29T18:23:21.776+0200: 64.620: [ParNew: 579400K->66615K(613440K), 0.0377628 secs] 590186K->77402K(2029056K), 0.0378368 secs] [Times: user=0.20 sys=0.00, real=0.04 secs] 
2020-09-29T18:23:21.863+0200: 64.708: [GC (Allocation Failure) 2020-09-29T18:23:21.863+0200: 64.708: [ParNew: 611959K->50299K(613440K), 0.0265071 secs] 622746K->61086K(2029056K), 0.0266051 secs] [Times: user=0.14 sys=0.02, real=0.03 secs] 
2020-09-29T18:23:21.943+0200: 64.787: [GC (Allocation Failure) 2020-09-29T18:23:21.943+0200: 64.787: [ParNew: 595643K->40251K(613440K), 0.0253105 secs] 606430K->51037K(2029056K), 0.0253886 secs] [Times: user=0.13 sys=0.00, real=0.02 secs] 
2020-09-29T18:23:22.030+0200: 64.875: [GC (Allocation Failure) 2020-09-29T18:23:22.030+0200: 64.875: [ParNew: 585595K->36538K(613440K), 0.0240571 secs] 596381K->47324K(2029056K), 0.0241344 secs] [Times: user=0.23 sys=0.00, real=0.02 secs] 
2020-09-29T18:23:22.117+0200: 64.961: [GC (Allocation Failure) 2020-09-29T18:23:22.117+0200: 64.961: [ParNew: 581882K->35720K(613440K), 0.0146081 secs] 592668K->46507K(2029056K), 0.0146905 secs] [Times: user=0.13 sys=0.00, real=0.01 secs] 
2020-09-29T18:23:22.206+0200: 65.050: [GC (Allocation Failure) 2020-09-29T18:23:22.206+0200: 65.050: [ParNew: 581064K->52122K(613440K), 0.0286060 secs] 591851K->62908K(2029056K), 0.0286967 secs] [Times: user=0.25 sys=0.00, real=0.03 secs] 
2020-09-29T18:23:22.285+0200: 65.129: [GC (Allocation Failure) 2020-09-29T18:23:22.285+0200: 65.129: [ParNew: 597466K->62993K(613440K), 0.0281938 secs] 608252K->73779K(2029056K), 0.0282672 secs] [Times: user=0.13 sys=0.00, real=0.03 secs] 
2020-09-29T18:23:22.361+0200: 65.205: [GC (Allocation Failure) 2020-09-29T18:23:22.361+0200: 65.206: [ParNew: 608337K->46717K(613440K), 0.0273172 secs] 619123K->57504K(2029056K), 0.0273923 secs] [Times: user=0.25 sys=0.00, real=0.03 secs] 
2020-09-29T18:23:22.442+0200: 65.286: [GC (Allocation Failure) 2020-09-29T18:23:22.442+0200: 65.286: [ParNew: 592061K->45460K(613440K), 0.0261446 secs] 602848K->56246K(2029056K), 0.0262190 secs] [Times: user=0.13 sys=0.00, real=0.03 secs] 
2020-09-29T18:23:22.517+0200: 65.362: [GC (Allocation Failure) 2020-09-29T18:23:22.517+0200: 65.362: [ParNew: 590804K->45898K(613440K), 0.0251487 secs] 601590K->56685K(2029056K), 0.0252177 secs] [Times: user=0.23 sys=0.00, real=0.03 secs] 
2020-09-29T18:23:22.600+0200: 65.444: [GC (Allocation Failure) 2020-09-29T18:23:22.600+0200: 65.444: [ParNew: 591242K->65830K(613440K), 0.0343747 secs] 602029K->76616K(2029056K), 0.0344644 secs] [Times: user=0.22 sys=0.00, real=0.03 secs] 
2020-09-29T18:23:22.685+0200: 65.529: [GC (Allocation Failure) 2020-09-29T18:23:22.685+0200: 65.529: [ParNew: 611174K->47919K(613440K), 0.0228373 secs] 621960K->58706K(2029056K), 0.0229096 secs] [Times: user=0.25 sys=0.00, real=0.02 secs] 
2020-09-29T18:23:22.759+0200: 65.603: [GC (Allocation Failure) 2020-09-29T18:23:22.759+0200: 65.603: [ParNew: 593263K->68096K(613440K), 0.0287332 secs] 604050K->78882K(2029056K), 0.0288230 secs] [Times: user=0.25 sys=0.00, real=0.03 secs] 
2020-09-29T18:23:22.841+0200: 65.686: [GC (Allocation Failure) 2020-09-29T18:23:22.841+0200: 65.686: [ParNew: 613440K->27951K(613440K), 0.0207122 secs] 624226K->38738K(2029056K), 0.0207884 secs] [Times: user=0.13 sys=0.00, real=0.02 secs] 
2020-09-29T18:23:22.926+0200: 65.771: [GC (Allocation Failure) 2020-09-29T18:23:22.926+0200: 65.771: [ParNew: 573295K->49378K(613440K), 0.0256763 secs] 584082K->60164K(2029056K), 0.0257461 secs] [Times: user=0.13 sys=0.00, real=0.03 secs] 
2020-09-29T18:23:23.004+0200: 65.848: [GC (Allocation Failure) 2020-09-29T18:23:23.004+0200: 65.848: [ParNew: 594722K->39280K(613440K), 0.0172721 secs] 605508K->50066K(2029056K), 0.0173561 secs] [Times: user=0.13 sys=0.00, real=0.02 secs] 
2020-09-29T18:23:23.082+0200: 65.926: [GC (Allocation Failure) 2020-09-29T18:23:23.082+0200: 65.926: [ParNew: 584624K->51376K(613440K), 0.0305484 secs] 595410K->62162K(2029056K), 0.0306172 secs] [Times: user=0.25 sys=0.00, real=0.03 secs] 
2020-09-29T18:23:23.162+0200: 66.006: [GC (Allocation Failure) 2020-09-29T18:23:23.162+0200: 66.006: [ParNew: 596720K->40552K(613440K), 0.0238617 secs] 607506K->51338K(2029056K), 0.0239303 secs] [Times: user=0.13 sys=0.00, real=0.02 secs] 
2020-09-29T18:23:23.243+0200: 66.087: [GC (Allocation Failure) 2020-09-29T18:23:23.243+0200: 66.087: [ParNew: 585896K->62591K(613440K), 0.0292903 secs] 596682K->73377K(2029056K), 0.0293546 secs] [Times: user=0.25 sys=0.00, real=0.03 secs] 
2020-09-29T18:23:23.322+0200: 66.166: [GC (Allocation Failure) 2020-09-29T18:23:23.322+0200: 66.166: [ParNew: 607935K->58587K(613440K), 0.0291607 secs] 618721K->69374K(2029056K), 0.0292467 secs] [Times: user=0.25 sys=0.00, real=0.03 secs] 
2020-09-29T18:23:23.399+0200: 66.243: [GC (Allocation Failure) 2020-09-29T18:23:23.399+0200: 66.243: [ParNew: 603931K->52615K(613440K), 0.0267463 secs] 614718K->63401K(2029056K), 0.0268175 secs] [Times: user=0.13 sys=0.00, real=0.03 secs] 
2020-09-29T18:23:23.479+0200: 66.323: [GC (Allocation Failure) 2020-09-29T18:23:23.479+0200: 66.323: [ParNew: 597959K->40676K(613440K), 0.0181086 secs] 608745K->51462K(2029056K), 0.0181778 secs] [Times: user=0.13 sys=0.00, real=0.02 secs] 
2020-09-29T18:23:23.548+0200: 66.392: [GC (Allocation Failure) 2020-09-29T18:23:23.548+0200: 66.392: [ParNew: 586020K->60757K(613440K), 0.0314966 secs] 596806K->71543K(2029056K), 0.0316064 secs] [Times: user=0.25 sys=0.00, real=0.03 secs] 
2020-09-29T18:23:23.634+0200: 66.478: [GC (Allocation Failure) 2020-09-29T18:23:23.634+0200: 66.478: [ParNew: 606101K->34819K(613440K), 0.0179094 secs] 616887K->45605K(2029056K), 0.0179902 secs] [Times: user=0.13 sys=0.00, real=0.02 secs] 
2020-09-29T18:23:23.707+0200: 66.551: [GC (Allocation Failure) 2020-09-29T18:23:23.708+0200: 66.551: [ParNew: 580163K->42026K(613440K), 0.0224249 secs] 590949K->52812K(2029056K), 0.0225010 secs] [Times: user=0.14 sys=0.00, real=0.02 secs] 
2020-09-29T18:23:23.792+0200: 66.636: [GC (Allocation Failure) 2020-09-29T18:23:23.792+0200: 66.636: [ParNew: 587370K->58652K(613440K), 0.0283157 secs] 598156K->69439K(2029056K), 0.0283856 secs] [Times: user=0.25 sys=0.00, real=0.03 secs] 
2020-09-29T18:23:23.871+0200: 66.715: [GC (Allocation Failure) 2020-09-29T18:23:23.871+0200: 66.715: [ParNew: 603996K->48865K(613440K), 0.0286887 secs] 614783K->59651K(2029056K), 0.0287564 secs] [Times: user=0.25 sys=0.00, real=0.03 secs] 
2020-09-29T18:23:23.950+0200: 66.794: [GC (Allocation Failure) 2020-09-29T18:23:23.950+0200: 66.794: [ParNew: 594209K->43799K(613440K), 0.0189383 secs] 604995K->54585K(2029056K), 0.0190092 secs] [Times: user=0.13 sys=0.00, real=0.02 secs] 
2020-09-29T18:23:24.020+0200: 66.864: [GC (Allocation Failure) 2020-09-29T18:23:24.020+0200: 66.864: [ParNew: 589143K->42350K(613440K), 0.0259177 secs] 599929K->53137K(2029056K), 0.0259900 secs] [Times: user=0.13 sys=0.00, real=0.03 secs] 
2020-09-29T18:23:24.103+0200: 66.947: [GC (Allocation Failure) 2020-09-29T18:23:24.103+0200: 66.947: [ParNew: 587694K->56230K(613440K), 0.0256006 secs] 598481K->67017K(2029056K), 0.0256736 secs] [Times: user=0.13 sys=0.00, real=0.03 secs] 
2020-09-29T18:23:24.188+0200: 67.032: [GC (Allocation Failure) 2020-09-29T18:23:24.188+0200: 67.032: [ParNew: 601574K->66547K(613440K), 0.0307268 secs] 612361K->77334K(2029056K), 0.0307953 secs] [Times: user=0.25 sys=0.00, real=0.03 secs] 
2020-09-29T18:23:24.269+0200: 67.113: [GC (Allocation Failure) 2020-09-29T18:23:24.269+0200: 67.113: [ParNew: 611891K->47660K(613440K), 0.0244286 secs] 622678K->58447K(2029056K), 0.0244975 secs] [Times: user=0.25 sys=0.00, real=0.02 secs] 
2020-09-29T18:23:24.346+0200: 67.190: [GC (Allocation Failure) 2020-09-29T18:23:24.346+0200: 67.190: [ParNew: 593004K->68096K(613440K), 0.0295907 secs] 603791K->78882K(2029056K), 0.0296821 secs] [Times: user=0.25 sys=0.00, real=0.03 secs] 
2020-09-29T18:23:24.424+0200: 67.268: [GC (Allocation Failure) 2020-09-29T18:23:24.424+0200: 67.268: [ParNew: 613440K->43352K(613440K), 0.0215747 secs] 624226K->54138K(2029056K), 0.0285929 secs] [Times: user=0.25 sys=0.00, real=0.03 secs] 
2020-09-29T18:23:24.507+0200: 67.351: [GC (Allocation Failure) 2020-09-29T18:23:24.507+0200: 67.351: [ParNew: 588696K->37759K(613440K), 0.0199477 secs] 599482K->48545K(2029056K), 0.0200173 secs] [Times: user=0.13 sys=0.00, real=0.02 secs] 
2020-09-29T18:23:24.584+0200: 67.428: [GC (Allocation Failure) 2020-09-29T18:23:24.584+0200: 67.428: [ParNew: 583103K->31725K(613440K), 0.0182832 secs] 593889K->42511K(2029056K), 0.0183602 secs] [Times: user=0.13 sys=0.00, real=0.02 secs] 
2020-09-29T18:23:24.662+0200: 67.506: [GC (Allocation Failure) 2020-09-29T18:23:24.662+0200: 67.506: [ParNew: 577069K->47593K(613440K), 0.0254576 secs] 587855K->58379K(2029056K), 0.0255288 secs] [Times: user=0.13 sys=0.00, real=0.03 secs] 
2020-09-29T18:23:24.739+0200: 67.583: [GC (Allocation Failure) 2020-09-29T18:23:24.739+0200: 67.583: [ParNew: 592937K->67031K(613440K), 0.0321652 secs] 603723K->77817K(2029056K), 0.0322384 secs] [Times: user=0.25 sys=0.00, real=0.03 secs] 
2020-09-29T18:23:24.819+0200: 67.663: [GC (Allocation Failure) 2020-09-29T18:23:24.819+0200: 67.663: [ParNew: 612375K->52657K(613440K), 0.0303688 secs] 623161K->63443K(2029056K), 0.0304428 secs] [Times: user=0.25 sys=0.00, real=0.03 secs] 
2020-09-29T18:23:24.906+0200: 67.750: [GC (Allocation Failure) 2020-09-29T18:23:24.906+0200: 67.750: [ParNew: 598001K->56374K(613440K), 0.0301117 secs] 608787K->67161K(2029056K), 0.0302041 secs] [Times: user=0.25 sys=0.00, real=0.03 secs] 
2020-09-29T18:23:24.984+0200: 67.828: [GC (Allocation Failure) 2020-09-29T18:23:24.984+0200: 67.828: [ParNew: 601718K->56318K(613440K), 0.0284867 secs] 612505K->67105K(2029056K), 0.0285592 secs] [Times: user=0.25 sys=0.00, real=0.03 secs] 
2020-09-29T18:23:25.065+0200: 67.909: [GC (Allocation Failure) 2020-09-29T18:23:25.065+0200: 67.910: [ParNew: 601662K->41156K(613440K), 0.0135059 secs] 612449K->51943K(2029056K), 0.0135756 secs] [Times: user=0.13 sys=0.00, real=0.01 secs] 
2020-09-29T18:23:25.143+0200: 67.987: [GC (Allocation Failure) 2020-09-29T18:23:25.143+0200: 67.987: [ParNew: 586500K->44216K(613440K), 0.0247215 secs] 597287K->55003K(2029056K), 0.0248086 secs] [Times: user=0.25 sys=0.00, real=0.03 secs] 
2020-09-29T18:23:25.220+0200: 68.064: [GC (Allocation Failure) 2020-09-29T18:23:25.220+0200: 68.064: [ParNew: 589560K->33942K(613440K), 0.0216557 secs] 600347K->44729K(2029056K), 0.0217240 secs] [Times: user=0.25 sys=0.00, real=0.02 secs] 
2020-09-29T18:23:25.293+0200: 68.137: [GC (Allocation Failure) 2020-09-29T18:23:25.293+0200: 68.137: [ParNew: 579286K->60230K(613440K), 0.0289748 secs] 590073K->71016K(2029056K), 0.0290409 secs] [Times: user=0.25 sys=0.00, real=0.03 secs] 
2020-09-29T18:23:25.371+0200: 68.215: [GC (Allocation Failure) 2020-09-29T18:23:25.371+0200: 68.215: [ParNew: 605574K->42776K(613440K), 0.0208312 secs] 616360K->53563K(2029056K), 0.0209196 secs] [Times: user=0.13 sys=0.00, real=0.02 secs] 
2020-09-29T18:23:25.444+0200: 68.288: [GC (Allocation Failure) 2020-09-29T18:23:25.444+0200: 68.288: [ParNew: 588120K->32603K(613440K), 0.0196247 secs] 598907K->43390K(2029056K), 0.0196937 secs] [Times: user=0.13 sys=0.00, real=0.02 secs] 
2020-09-29T18:23:25.524+0200: 68.368: [GC (Allocation Failure) 2020-09-29T18:23:25.524+0200: 68.368: [ParNew: 577947K->29229K(613440K), 0.0165256 secs] 588734K->40016K(2029056K), 0.0165943 secs] [Times: user=0.13 sys=0.00, real=0.02 secs] 
2020-09-29T18:23:25.602+0200: 68.446: [GC (Allocation Failure) 2020-09-29T18:23:25.602+0200: 68.446: [ParNew: 574573K->25182K(613440K), 0.0149272 secs] 585360K->35968K(2029056K), 0.0149996 secs] [Times: user=0.13 sys=0.00, real=0.02 secs] 
2020-09-29T18:23:25.671+0200: 68.515: [GC (Allocation Failure) 2020-09-29T18:23:25.671+0200: 68.515: [ParNew: 570526K->57936K(613440K), 0.0295862 secs] 581312K->68722K(2029056K), 0.0296598 secs] [Times: user=0.25 sys=0.00, real=0.03 secs] 
2020-09-29T18:23:25.750+0200: 68.594: [GC (Allocation Failure) 2020-09-29T18:23:25.750+0200: 68.594: [ParNew: 603280K->45986K(613440K), 0.0192848 secs] 614066K->56772K(2029056K), 0.0193659 secs] [Times: user=0.13 sys=0.00, real=0.02 secs] 
2020-09-29T18:23:25.819+0200: 68.663: [GC (Allocation Failure) 2020-09-29T18:23:25.819+0200: 68.663: [ParNew: 591330K->43712K(613440K), 0.0256534 secs] 602116K->54499K(2029056K), 0.0266595 secs] [Times: user=0.13 sys=0.00, real=0.03 secs] 
2020-09-29T18:23:25.905+0200: 68.749: [GC (Allocation Failure) 2020-09-29T18:23:25.905+0200: 68.749: [ParNew: 589056K->63147K(613440K), 0.0325757 secs] 599843K->73933K(2029056K), 0.0326437 secs] [Times: user=0.25 sys=0.00, real=0.03 secs] 
2020-09-29T18:23:25.989+0200: 68.833: [GC (Allocation Failure) 2020-09-29T18:23:25.989+0200: 68.833: [ParNew: 608491K->48637K(613440K), 0.0235847 secs] 619277K->59423K(2029056K), 0.0236562 secs] [Times: user=0.13 sys=0.00, real=0.02 secs] 
2020-09-29T18:23:26.070+0200: 68.915: [GC (Allocation Failure) 2020-09-29T18:23:26.071+0200: 68.915: [ParNew: 593981K->33113K(613440K), 0.0157279 secs] 604767K->43900K(2029056K), 0.0158039 secs] [Times: user=0.13 sys=0.00, real=0.02 secs] 
2020-09-29T18:23:26.142+0200: 68.986: [GC (Allocation Failure) 2020-09-29T18:23:26.142+0200: 68.986: [ParNew: 578457K->48057K(613440K), 0.0291083 secs] 589244K->58843K(2029056K), 0.0291765 secs] [Times: user=0.25 sys=0.00, real=0.03 secs] 
2020-09-29T18:23:26.221+0200: 69.065: [GC (Allocation Failure) 2020-09-29T18:23:26.221+0200: 69.065: [ParNew: 593401K->67915K(613440K), 0.0277621 secs] 604187K->78701K(2029056K), 0.0278347 secs] [Times: user=0.25 sys=0.00, real=0.03 secs] 
2020-09-29T18:23:26.299+0200: 69.143: [GC (Allocation Failure) 2020-09-29T18:23:26.299+0200: 69.143: [ParNew: 613259K->30402K(613440K), 0.0185628 secs] 624045K->41188K(2029056K), 0.0186474 secs] [Times: user=0.25 sys=0.00, real=0.02 secs] 
2020-09-29T18:23:26.373+0200: 69.217: [GC (Allocation Failure) 2020-09-29T18:23:26.373+0200: 69.217: [ParNew: 575746K->52768K(613440K), 0.0263920 secs] 586532K->63555K(2029056K), 0.0264840 secs] [Times: user=0.25 sys=0.00, real=0.03 secs] 
2020-09-29T18:23:26.458+0200: 69.302: [GC (Allocation Failure) 2020-09-29T18:23:26.458+0200: 69.302: [ParNew: 598112K->38672K(613440K), 0.0253914 secs] 608899K->49458K(2029056K), 0.0254599 secs] [Times: user=0.13 sys=0.00, real=0.03 secs] 
2020-09-29T18:23:26.532+0200: 69.376: [GC (Allocation Failure) 2020-09-29T18:23:26.532+0200: 69.376: [ParNew: 584016K->39888K(613440K), 0.0160408 secs] 594802K->50674K(2029056K), 0.0160952 secs] [Times: user=0.13 sys=0.00, real=0.02 secs] 
2020-09-29T18:23:26.607+0200: 69.451: [GC (Allocation Failure) 2020-09-29T18:23:26.607+0200: 69.451: [ParNew: 585232K->37260K(613440K), 0.0170082 secs] 596018K->48046K(2029056K), 0.0170784 secs] [Times: user=0.11 sys=0.00, real=0.02 secs] 
2020-09-29T18:23:26.674+0200: 69.518: [GC (Allocation Failure) 2020-09-29T18:23:26.674+0200: 69.518: [ParNew: 582604K->30624K(613440K), 0.0121475 secs] 593390K->41410K(2029056K), 0.0122078 secs] [Times: user=0.11 sys=0.00, real=0.01 secs] 
2020-09-29T18:23:26.738+0200: 69.582: [GC (Allocation Failure) 2020-09-29T18:23:26.738+0200: 69.582: [ParNew: 575968K->32626K(613440K), 0.0139543 secs] 586754K->43412K(2029056K), 0.0140108 secs] [Times: user=0.13 sys=0.00, real=0.01 secs] 
2020-09-29T18:23:26.806+0200: 69.650: [GC (Allocation Failure) 2020-09-29T18:23:26.806+0200: 69.650: [ParNew: 577970K->42299K(613440K), 0.0184148 secs] 588756K->53085K(2029056K), 0.0184681 secs] [Times: user=0.13 sys=0.00, real=0.02 secs] 
2020-09-29T18:23:26.872+0200: 69.716: [GC (Allocation Failure) 2020-09-29T18:23:26.872+0200: 69.716: [ParNew: 587643K->38943K(613440K), 0.0130972 secs] 598429K->49729K(2029056K), 0.0131591 secs] [Times: user=0.13 sys=0.00, real=0.01 secs] 
2020-09-29T18:23:26.938+0200: 69.782: [GC (Allocation Failure) 2020-09-29T18:23:26.938+0200: 69.782: [ParNew: 584287K->38205K(613440K), 0.0177940 secs] 595073K->48991K(2029056K), 0.0178496 secs] [Times: user=0.13 sys=0.00, real=0.02 secs] 
2020-09-29T18:23:27.008+0200: 69.853: [GC (Allocation Failure) 2020-09-29T18:23:27.008+0200: 69.853: [ParNew: 583549K->52781K(613440K), 0.0172546 secs] 594335K->63568K(2029056K), 0.0173175 secs] [Times: user=0.13 sys=0.00, real=0.02 secs] 
2020-09-29T18:23:27.072+0200: 69.916: [GC (Allocation Failure) 2020-09-29T18:23:27.072+0200: 69.916: [ParNew: 598125K->60352K(613440K), 0.0213735 secs] 608912K->71139K(2029056K), 0.0214378 secs] [Times: user=0.13 sys=0.00, real=0.02 secs] 
2020-09-29T18:23:27.145+0200: 69.989: [GC (Allocation Failure) 2020-09-29T18:23:27.145+0200: 69.989: [ParNew: 605696K->49767K(613440K), 0.0235674 secs] 616483K->60553K(2029056K), 0.0236520 secs] [Times: user=0.13 sys=0.00, real=0.02 secs] 
2020-09-29T18:23:27.222+0200: 70.066: [GC (Allocation Failure) 2020-09-29T18:23:27.222+0200: 70.066: [ParNew: 595111K->41093K(613440K), 0.0169033 secs] 605897K->51879K(2029056K), 0.0169978 secs] [Times: user=0.25 sys=0.00, real=0.02 secs] 
2020-09-29T18:23:27.297+0200: 70.140: [GC (Allocation Failure) 2020-09-29T18:23:27.297+0200: 70.140: [ParNew: 586437K->41341K(613440K), 0.0217624 secs] 597223K->52128K(2029056K), 0.0218488 secs] [Times: user=0.22 sys=0.00, real=0.02 secs] 
2020-09-29T18:23:27.369+0200: 70.213: [GC (Allocation Failure) 2020-09-29T18:23:27.369+0200: 70.213: [ParNew: 586685K->65966K(613440K), 0.0234898 secs] 597472K->76752K(2029056K), 0.0235680 secs] [Times: user=0.13 sys=0.00, real=0.02 secs] 
2020-09-29T18:23:27.441+0200: 70.284: [GC (Allocation Failure) 2020-09-29T18:23:27.441+0200: 70.284: [ParNew: 611310K->50554K(613440K), 0.0163129 secs] 622096K->61340K(2029056K), 0.0163678 secs] [Times: user=0.13 sys=0.00, real=0.02 secs] 
2020-09-29T18:23:27.512+0200: 70.356: [GC (Allocation Failure) 2020-09-29T18:23:27.512+0200: 70.356: [ParNew: 595898K->66002K(613440K), 0.0217744 secs] 606684K->76788K(2029056K), 0.0218525 secs] [Times: user=0.13 sys=0.00, real=0.02 secs] 
2020-09-29T18:23:27.583+0200: 70.426: [GC (Allocation Failure) 2020-09-29T18:23:27.583+0200: 70.426: [ParNew: 611346K->65557K(613440K), 0.0232290 secs] 622132K->76344K(2029056K), 0.0232855 secs] [Times: user=0.11 sys=0.00, real=0.02 secs] 
2020-09-29T18:23:27.654+0200: 70.498: [GC (Allocation Failure) 2020-09-29T18:23:27.655+0200: 70.498: [ParNew: 610901K->54557K(613440K), 0.0208996 secs] 621688K->65344K(2029056K), 0.0209693 secs] [Times: user=0.13 sys=0.00, real=0.02 secs] 
2020-09-29T18:23:27.726+0200: 70.570: [GC (Allocation Failure) 2020-09-29T18:23:27.726+0200: 70.570: [ParNew: 599901K->50968K(613440K), 0.0220902 secs] 610688K->61754K(2029056K), 0.0221500 secs] [Times: user=0.13 sys=0.00, real=0.02 secs] 
2020-09-29T18:23:27.796+0200: 70.639: [GC (Allocation Failure) 2020-09-29T18:23:27.796+0200: 70.639: [ParNew: 596312K->50326K(613440K), 0.0188835 secs] 607098K->61113K(2029056K), 0.0189525 secs] [Times: user=0.13 sys=0.00, real=0.02 secs] 
2020-09-29T18:23:27.861+0200: 70.704: [GC (Allocation Failure) 2020-09-29T18:23:27.861+0200: 70.704: [ParNew: 595670K->39067K(613440K), 0.0132444 secs] 606457K->49853K(2029056K), 0.0133141 secs] [Times: user=0.13 sys=0.00, real=0.01 secs] 
2020-09-29T18:23:27.921+0200: 70.765: [GC (Allocation Failure) 2020-09-29T18:23:27.921+0200: 70.765: [ParNew: 584411K->56570K(613440K), 0.0223963 secs] 595197K->67357K(2029056K), 0.0224624 secs] [Times: user=0.25 sys=0.00, real=0.02 secs] 
2020-09-29T18:23:27.993+0200: 70.837: [GC (Allocation Failure) 2020-09-29T18:23:27.993+0200: 70.837: [ParNew: 601914K->44302K(613440K), 0.0159622 secs] 612701K->55088K(2029056K), 0.0160221 secs] [Times: user=0.13 sys=0.00, real=0.02 secs] 
2020-09-29T18:23:28.058+0200: 70.901: [GC (Allocation Failure) 2020-09-29T18:23:28.058+0200: 70.901: [ParNew: 589646K->59262K(613440K), 0.0210139 secs] 600432K->70048K(2029056K), 0.0210764 secs] [Times: user=0.13 sys=0.00, real=0.02 secs] 
2020-09-29T18:23:28.126+0200: 70.970: [GC (Allocation Failure) 2020-09-29T18:23:28.126+0200: 70.970: [ParNew: 604606K->41693K(613440K), 0.0139904 secs] 615392K->52479K(2029056K), 0.0140496 secs] [Times: user=0.13 sys=0.00, real=0.01 secs] 
2020-09-29T18:23:28.192+0200: 71.035: [GC (Allocation Failure) 2020-09-29T18:23:28.192+0200: 71.035: [ParNew: 587037K->59278K(613440K), 0.0189443 secs] 597823K->70065K(2029056K), 0.0190003 secs] [Times: user=0.13 sys=0.00, real=0.02 secs] 
2020-09-29T18:23:28.262+0200: 71.106: [GC (Allocation Failure) 2020-09-29T18:23:28.262+0200: 71.106: [ParNew: 604622K->43238K(613440K), 0.0195029 secs] 615409K->54024K(2029056K), 0.0195755 secs] [Times: user=0.13 sys=0.00, real=0.02 secs] 
2020-09-29T18:23:28.331+0200: 71.174: [GC (Allocation Failure) 2020-09-29T18:23:28.331+0200: 71.174: [ParNew: 588582K->42777K(613440K), 0.0183804 secs] 599368K->53563K(2029056K), 0.0184415 secs] [Times: user=0.25 sys=0.00, real=0.02 secs] 
2020-09-29T18:23:28.398+0200: 71.242: [GC (Allocation Failure) 2020-09-29T18:23:28.398+0200: 71.242: [ParNew: 588121K->68096K(613440K), 0.0238205 secs] 598907K->78882K(2029056K), 0.0238833 secs] [Times: user=0.13 sys=0.00, real=0.02 secs] 
2020-09-29T18:23:28.469+0200: 71.313: [GC (Allocation Failure) 2020-09-29T18:23:28.469+0200: 71.313: [ParNew: 613440K->49587K(613440K), 0.0162212 secs] 624226K->60373K(2029056K), 0.0162830 secs] [Times: user=0.13 sys=0.00, real=0.02 secs] 
2020-09-29T18:23:28.534+0200: 71.378: [GC (Allocation Failure) 2020-09-29T18:23:28.534+0200: 71.378: [ParNew: 594931K->37003K(613440K), 0.0171253 secs] 605717K->47789K(2029056K), 0.0171868 secs] [Times: user=0.13 sys=0.00, real=0.02 secs] 
2020-09-29T18:23:28.603+0200: 71.447: [GC (Allocation Failure) 2020-09-29T18:23:28.603+0200: 71.447: [ParNew: 582347K->40532K(613440K), 0.0162082 secs] 593133K->51318K(2029056K), 0.0162666 secs] [Times: user=0.13 sys=0.00, real=0.02 secs] 
2020-09-29T18:23:28.667+0200: 71.511: [GC (Allocation Failure) 2020-09-29T18:23:28.667+0200: 71.511: [ParNew: 585876K->36859K(613440K), 0.0158246 secs] 596662K->47646K(2029056K), 0.0158851 secs] [Times: user=0.13 sys=0.00, real=0.02 secs] 
2020-09-29T18:23:28.730+0200: 71.574: [GC (Allocation Failure) 2020-09-29T18:23:28.730+0200: 71.574: [ParNew: 582203K->55086K(613440K), 0.0200899 secs] 592990K->65872K(2029056K), 0.0201677 secs] [Times: user=0.13 sys=0.00, real=0.02 secs] 
2020-09-29T18:23:28.800+0200: 71.644: [GC (Allocation Failure) 2020-09-29T18:23:28.800+0200: 71.644: [ParNew: 600430K->44808K(613440K), 0.0193025 secs] 611216K->55594K(2029056K), 0.0193629 secs] [Times: user=0.25 sys=0.00, real=0.02 secs] 
2020-09-29T18:23:28.867+0200: 71.711: [GC (Allocation Failure) 2020-09-29T18:23:28.867+0200: 71.711: [ParNew: 590152K->44189K(613440K), 0.0183854 secs] 600938K->54975K(2029056K), 0.0184438 secs] [Times: user=0.13 sys=0.00, real=0.02 secs] 
2020-09-29T18:23:28.936+0200: 71.780: [GC (Allocation Failure) 2020-09-29T18:23:28.936+0200: 71.780: [ParNew: 589533K->66577K(613440K), 0.0225853 secs] 600319K->77363K(2029056K), 0.0226677 secs] [Times: user=0.25 sys=0.00, real=0.02 secs] 
2020-09-29T18:23:29.008+0200: 71.852: [GC (Allocation Failure) 2020-09-29T18:23:29.008+0200: 71.852: [ParNew: 611921K->51809K(613440K), 0.0215814 secs] 622707K->62596K(2029056K), 0.0216493 secs] [Times: user=0.13 sys=0.00, real=0.02 secs] 
2020-09-29T18:23:29.077+0200: 71.920: [GC (Allocation Failure) 2020-09-29T18:23:29.077+0200: 71.920: [ParNew: 597153K->44537K(613440K), 0.0144785 secs] 607940K->55324K(2029056K), 0.0145442 secs] [Times: user=0.13 sys=0.00, real=0.01 secs] 
2020-09-29T18:23:29.138+0200: 71.982: [GC (Allocation Failure) 2020-09-29T18:23:29.138+0200: 71.982: [ParNew: 589881K->64220K(613440K), 0.0247103 secs] 600668K->75007K(2029056K), 0.0247855 secs] [Times: user=0.25 sys=0.00, real=0.03 secs] 
2020-09-29T18:23:29.210+0200: 72.054: [GC (Allocation Failure) 2020-09-29T18:23:29.210+0200: 72.054: [ParNew: 609564K->52861K(613440K), 0.0189196 secs] 620351K->63647K(2029056K), 0.0189736 secs] [Times: user=0.13 sys=0.00, real=0.02 secs] 
2020-09-29T18:23:29.276+0200: 72.120: [GC (Allocation Failure) 2020-09-29T18:23:29.276+0200: 72.120: [ParNew: 598205K->68096K(613440K), 0.0234221 secs] 608991K->79603K(2029056K), 0.0234775 secs] [Times: user=0.13 sys=0.00, real=0.02 secs] 
2020-09-29T18:23:29.346+0200: 72.190: [GC (Allocation Failure) 2020-09-29T18:23:29.346+0200: 72.190: [ParNew: 613440K->45928K(613440K), 0.0110662 secs] 624947K->57435K(2029056K), 0.0111201 secs] [Times: user=0.13 sys=0.00, real=0.01 secs] 
2020-09-29T18:23:29.409+0200: 72.253: [GC (Allocation Failure) 2020-09-29T18:23:29.409+0200: 72.253: [ParNew: 591272K->50403K(613440K), 0.0224596 secs] 602779K->61910K(2029056K), 0.0225281 secs] [Times: user=0.25 sys=0.00, real=0.02 secs] 
2020-09-29T18:23:29.479+0200: 72.323: [GC (Allocation Failure) 2020-09-29T18:23:29.480+0200: 72.323: [ParNew: 595747K->66619K(613440K), 0.0210110 secs] 607254K->78126K(2029056K), 0.0210747 secs] [Times: user=0.13 sys=0.00, real=0.02 secs] 
2020-09-29T18:23:29.550+0200: 72.393: [GC (Allocation Failure) 2020-09-29T18:23:29.550+0200: 72.393: [ParNew: 611963K->44177K(613440K), 0.0142410 secs] 623470K->55684K(2029056K), 0.0143165 secs] [Times: user=0.13 sys=0.00, real=0.01 secs] 
2020-09-29T18:23:29.625+0200: 72.469: [GC (Allocation Failure) 2020-09-29T18:23:29.625+0200: 72.469: [ParNew: 589521K->39584K(613440K), 0.0150834 secs] 601028K->51091K(2029056K), 0.0151414 secs] [Times: user=0.13 sys=0.00, real=0.02 secs] 
2020-09-29T18:23:29.693+0200: 72.537: [GC (Allocation Failure) 2020-09-29T18:23:29.693+0200: 72.537: [ParNew: 584928K->31562K(613440K), 0.0125286 secs] 596435K->43069K(2029056K), 0.0125862 secs] [Times: user=0.00 sys=0.00, real=0.01 secs] 
2020-09-29T18:23:29.756+0200: 72.600: [GC (Allocation Failure) 2020-09-29T18:23:29.756+0200: 72.600: [ParNew: 576906K->39490K(613440K), 0.0182465 secs] 588413K->50997K(2029056K), 0.0183108 secs] [Times: user=0.13 sys=0.00, real=0.02 secs] 
2020-09-29T18:23:29.825+0200: 72.668: [GC (Allocation Failure) 2020-09-29T18:23:29.825+0200: 72.669: [ParNew: 584834K->59509K(613440K), 0.0222886 secs] 596341K->71016K(2029056K), 0.0223433 secs] [Times: user=0.13 sys=0.00, real=0.02 secs] 
2020-09-29T18:23:29.898+0200: 72.741: [GC (Allocation Failure) 2020-09-29T18:23:29.898+0200: 72.741: [ParNew: 604853K->60511K(613440K), 0.0230531 secs] 616360K->72018K(2029056K), 0.0231232 secs] [Times: user=0.13 sys=0.00, real=0.02 secs] 
2020-09-29T18:23:29.972+0200: 72.816: [GC (Allocation Failure) 2020-09-29T18:23:29.972+0200: 72.816: [ParNew: 605855K->52057K(613440K), 0.0217273 secs] 617362K->63564K(2029056K), 0.0217893 secs] [Times: user=0.25 sys=0.00, real=0.02 secs] 
2020-09-29T18:23:30.041+0200: 72.885: [GC (Allocation Failure) 2020-09-29T18:23:30.041+0200: 72.885: [ParNew: 597401K->51023K(613440K), 0.0202761 secs] 608908K->62530K(2029056K), 0.0203311 secs] [Times: user=0.13 sys=0.00, real=0.02 secs] 
2020-09-29T18:23:30.111+0200: 72.955: [GC (Allocation Failure) 2020-09-29T18:23:30.111+0200: 72.955: [ParNew: 596367K->52123K(613440K), 0.0200745 secs] 607874K->63630K(2029056K), 0.0201419 secs] [Times: user=0.25 sys=0.00, real=0.02 secs] 
2020-09-29T18:23:30.179+0200: 73.023: [GC (Allocation Failure) 2020-09-29T18:23:30.179+0200: 73.023: [ParNew: 597467K->40878K(613440K), 0.0137517 secs] 608974K->52386K(2029056K), 0.0138097 secs] [Times: user=0.13 sys=0.00, real=0.01 secs] 
2020-09-29T18:23:30.241+0200: 73.085: [GC (Allocation Failure) 2020-09-29T18:23:30.241+0200: 73.085: [ParNew: 586222K->27710K(613440K), 0.0132376 secs] 597730K->39217K(2029056K), 0.0132936 secs] [Times: user=0.00 sys=0.00, real=0.01 secs] 
2020-09-29T18:23:30.303+0200: 73.147: [GC (Allocation Failure) 2020-09-29T18:23:30.303+0200: 73.147: [ParNew: 573054K->47677K(613440K), 0.0174154 secs] 584561K->59184K(2029056K), 0.0174827 secs] [Times: user=0.13 sys=0.00, real=0.02 secs] 
2020-09-29T18:23:30.367+0200: 73.211: [GC (Allocation Failure) 2020-09-29T18:23:30.367+0200: 73.211: [ParNew: 593021K->34331K(613440K), 0.0172683 secs] 604528K->45838K(2029056K), 0.0173550 secs] [Times: user=0.13 sys=0.00, real=0.02 secs] 
2020-09-29T18:23:30.433+0200: 73.277: [GC (Allocation Failure) 2020-09-29T18:23:30.434+0200: 73.277: [ParNew: 579675K->58139K(613440K), 0.0208255 secs] 591182K->69646K(2029056K), 0.0209377 secs] [Times: user=0.13 sys=0.00, real=0.02 secs] 
2020-09-29T18:23:30.504+0200: 73.348: [GC (Allocation Failure) 2020-09-29T18:23:30.504+0200: 73.348: [ParNew: 603483K->42071K(613440K), 0.0197015 secs] 614990K->53578K(2029056K), 0.0197609 secs] [Times: user=0.24 sys=0.00, real=0.02 secs] 
2020-09-29T18:23:30.577+0200: 73.421: [GC (Allocation Failure) 2020-09-29T18:23:30.577+0200: 73.421: [ParNew: 587415K->34001K(613440K), 0.0154025 secs] 598922K->45508K(2029056K), 0.0155184 secs] [Times: user=0.13 sys=0.00, real=0.02 secs] 
2020-09-29T18:23:30.646+0200: 73.490: [GC (Allocation Failure) 2020-09-29T18:23:30.646+0200: 73.490: [ParNew: 579345K->54217K(613440K), 0.0232222 secs] 590852K->65724K(2029056K), 0.0232795 secs] [Times: user=0.13 sys=0.00, real=0.02 secs] 
2020-09-29T18:23:30.719+0200: 73.563: [GC (Allocation Failure) 2020-09-29T18:23:30.719+0200: 73.563: [ParNew: 599561K->45880K(613440K), 0.0168792 secs] 611068K->57387K(2029056K), 0.0169366 secs] [Times: user=0.13 sys=0.00, real=0.02 secs] 
2020-09-29T18:23:30.784+0200: 73.628: [GC (Allocation Failure) 2020-09-29T18:23:30.785+0200: 73.628: [ParNew: 591224K->63020K(613440K), 0.0213561 secs] 602731K->74527K(2029056K), 0.0214177 secs] [Times: user=0.25 sys=0.00, real=0.02 secs] 
2020-09-29T18:23:30.854+0200: 73.698: [GC (Allocation Failure) 2020-09-29T18:23:30.854+0200: 73.698: [ParNew: 608364K->42628K(613440K), 0.0153756 secs] 619871K->54135K(2029056K), 0.0154444 secs] [Times: user=0.13 sys=0.00, real=0.01 secs] 
2020-09-29T18:23:30.920+0200: 73.764: [GC (Allocation Failure) 2020-09-29T18:23:30.920+0200: 73.764: [ParNew: 587972K->35286K(613440K), 0.0138375 secs] 599479K->46793K(2029056K), 0.0138957 secs] [Times: user=0.13 sys=0.00, real=0.01 secs] 
2020-09-29T18:23:30.981+0200: 73.825: [GC (Allocation Failure) 2020-09-29T18:23:30.981+0200: 73.825: [ParNew: 580630K->50813K(613440K), 0.0183976 secs] 592137K->62320K(2029056K), 0.0184601 secs] [Times: user=0.13 sys=0.00, real=0.02 secs] 
2020-09-29T18:23:31.046+0200: 73.890: [GC (Allocation Failure) 2020-09-29T18:23:31.046+0200: 73.890: [ParNew: 596157K->41429K(613440K), 0.0173764 secs] 607664K->52936K(2029056K), 0.0174404 secs] [Times: user=0.13 sys=0.00, real=0.02 secs] 
2020-09-29T18:23:31.111+0200: 73.955: [GC (Allocation Failure) 2020-09-29T18:23:31.111+0200: 73.955: [ParNew: 586773K->40212K(613440K), 0.0168491 secs] 598280K->51719K(2029056K), 0.0169054 secs] [Times: user=0.13 sys=0.00, real=0.02 secs] 
2020-09-29T18:23:31.174+0200: 74.018: [GC (Allocation Failure) 2020-09-29T18:23:31.174+0200: 74.018: [ParNew: 585556K->40332K(613440K), 0.0146825 secs] 597063K->51839K(2029056K), 0.0147394 secs] [Times: user=0.13 sys=0.00, real=0.01 secs] 
2020-09-29T18:23:31.247+0200: 74.091: [GC (Allocation Failure) 2020-09-29T18:23:31.247+0200: 74.091: [ParNew: 585676K->36845K(613440K), 0.0142373 secs] 597183K->48352K(2029056K), 0.0142933 secs] [Times: user=0.13 sys=0.00, real=0.01 secs] 
2020-09-29T18:23:31.312+0200: 74.157: [GC (Allocation Failure) 2020-09-29T18:23:31.312+0200: 74.157: [ParNew: 582189K->54420K(613440K), 0.0176998 secs] 593696K->65927K(2029056K), 0.0177740 secs] [Times: user=0.13 sys=0.00, real=0.02 secs] 
2020-09-29T18:23:31.380+0200: 74.225: [GC (Allocation Failure) 2020-09-29T18:23:31.381+0200: 74.225: [ParNew: 599764K->68096K(613440K), 0.0234339 secs] 611271K->79603K(2029056K), 0.0235072 secs] [Times: user=0.13 sys=0.00, real=0.02 secs] 
2020-09-29T18:23:31.451+0200: 74.296: [GC (Allocation Failure) 2020-09-29T18:23:31.451+0200: 74.296: [ParNew: 613440K->68096K(613440K), 0.0227535 secs] 624947K->79846K(2029056K), 0.0228245 secs] [Times: user=0.25 sys=0.00, real=0.02 secs] 
2020-09-29T18:23:31.522+0200: 74.366: [GC (Allocation Failure) 2020-09-29T18:23:31.522+0200: 74.366: [ParNew: 613440K->42222K(613440K), 0.0113602 secs] 625190K->53972K(2029056K), 0.0114279 secs] [Times: user=0.00 sys=0.00, real=0.01 secs] 
2020-09-29T18:23:31.582+0200: 74.426: [GC (Allocation Failure) 2020-09-29T18:23:31.582+0200: 74.426: [ParNew: 587566K->48163K(613440K), 0.0227371 secs] 599316K->59913K(2029056K), 0.0228151 secs] [Times: user=0.11 sys=0.00, real=0.02 secs] 
2020-09-29T18:23:31.653+0200: 74.498: [GC (Allocation Failure) 2020-09-29T18:23:31.653+0200: 74.498: [ParNew: 593507K->68069K(613440K), 0.0199466 secs] 605257K->79820K(2029056K), 0.0200048 secs] [Times: user=0.13 sys=0.00, real=0.02 secs] 
2020-09-29T18:23:31.720+0200: 74.565: [GC (Allocation Failure) 2020-09-29T18:23:31.720+0200: 74.565: [ParNew: 613413K->26113K(613440K), 0.0146328 secs] 625164K->37864K(2029056K), 0.0146896 secs] [Times: user=0.13 sys=0.00, real=0.01 secs] 
2020-09-29T18:23:31.783+0200: 74.627: [GC (Allocation Failure) 2020-09-29T18:23:31.783+0200: 74.627: [ParNew: 571457K->27583K(613440K), 0.0135034 secs] 583208K->39334K(2029056K), 0.0135649 secs] [Times: user=0.13 sys=0.00, real=0.01 secs] 
2020-09-29T18:23:31.843+0200: 74.687: [GC (Allocation Failure) 2020-09-29T18:23:31.843+0200: 74.687: [ParNew: 572927K->43446K(613440K), 0.0182125 secs] 584678K->55197K(2029056K), 0.0182697 secs] [Times: user=0.13 sys=0.00, real=0.02 secs] 
2020-09-29T18:23:31.909+0200: 74.753: [GC (Allocation Failure) 2020-09-29T18:23:31.909+0200: 74.753: [ParNew: 588790K->52957K(613440K), 0.0190495 secs] 600541K->64707K(2029056K), 0.0191128 secs] [Times: user=0.25 sys=0.00, real=0.02 secs] 
2020-09-29T18:23:31.974+0200: 74.819: [GC (Allocation Failure) 2020-09-29T18:23:31.974+0200: 74.819: [ParNew: 598301K->60677K(613440K), 0.0211569 secs] 610051K->72428K(2029056K), 0.0212259 secs] [Times: user=0.13 sys=0.00, real=0.02 secs] 
2020-09-29T18:23:32.045+0200: 74.889: [GC (Allocation Failure) 2020-09-29T18:23:32.045+0200: 74.889: [ParNew: 606021K->68096K(613440K), 0.0208370 secs] 617772K->79846K(2029056K), 0.0208994 secs] [Times: user=0.13 sys=0.00, real=0.02 secs] 
2020-09-29T18:23:32.113+0200: 74.958: [GC (Allocation Failure) 2020-09-29T18:23:32.113+0200: 74.958: [ParNew: 613440K->45558K(613440K), 0.0155832 secs] 625190K->57308K(2029056K), 0.0156425 secs] [Times: user=0.13 sys=0.00, real=0.02 secs] 
2020-09-29T18:23:32.186+0200: 75.030: [GC (Allocation Failure) 2020-09-29T18:23:32.186+0200: 75.030: [ParNew: 590902K->40976K(613440K), 0.0154715 secs] 602652K->52727K(2029056K), 0.0155317 secs] [Times: user=0.13 sys=0.00, real=0.01 secs] 
2020-09-29T18:23:32.263+0200: 75.108: [GC (Allocation Failure) 2020-09-29T18:23:32.263+0200: 75.108: [ParNew: 586320K->51267K(613440K), 0.0200312 secs] 598071K->63017K(2029056K), 0.0200885 secs] [Times: user=0.13 sys=0.00, real=0.02 secs] 
2020-09-29T18:23:32.336+0200: 75.180: [GC (Allocation Failure) 2020-09-29T18:23:32.336+0200: 75.180: [ParNew: 596611K->37954K(613440K), 0.0129522 secs] 608361K->49705K(2029056K), 0.0130216 secs] [Times: user=0.13 sys=0.00, real=0.01 secs] 
2020-09-29T18:23:32.399+0200: 75.243: [GC (Allocation Failure) 2020-09-29T18:23:32.399+0200: 75.243: [ParNew: 583298K->53853K(613440K), 0.0223926 secs] 595049K->65604K(2029056K), 0.0224521 secs] [Times: user=0.13 sys=0.00, real=0.02 secs] 
2020-09-29T18:23:32.469+0200: 75.314: [GC (Allocation Failure) 2020-09-29T18:23:32.469+0200: 75.314: [ParNew: 599197K->68096K(613440K), 0.0218767 secs] 610948K->79846K(2029056K), 0.0219599 secs] [Times: user=0.25 sys=0.00, real=0.02 secs] 
2020-09-29T18:23:32.539+0200: 75.384: [GC (Allocation Failure) 2020-09-29T18:23:32.540+0200: 75.384: [ParNew: 613440K->50890K(613440K), 0.0211180 secs] 625190K->62641K(2029056K), 0.0212090 secs] [Times: user=0.13 sys=0.00, real=0.02 secs] 
2020-09-29T18:23:32.609+0200: 75.454: [GC (Allocation Failure) 2020-09-29T18:23:32.609+0200: 75.454: [ParNew: 596234K->42522K(613440K), 0.0137530 secs] 607985K->54272K(2029056K), 0.0138196 secs] [Times: user=0.13 sys=0.00, real=0.01 secs] 
2020-09-29T18:23:32.678+0200: 75.521: [GC (Allocation Failure) 2020-09-29T18:23:32.678+0200: 75.521: [ParNew: 587866K->59101K(613440K), 0.0236046 secs] 599616K->70851K(2029056K), 0.0236629 secs] [Times: user=0.13 sys=0.00, real=0.02 secs] 
2020-09-29T18:23:32.749+0200: 75.592: [GC (Allocation Failure) 2020-09-29T18:23:32.749+0200: 75.592: [ParNew: 604445K->51466K(613440K), 0.0162954 secs] 616195K->63217K(2029056K), 0.0163570 secs] [Times: user=0.13 sys=0.00, real=0.02 secs] 
2020-09-29T18:23:32.814+0200: 75.658: [GC (Allocation Failure) 2020-09-29T18:23:32.814+0200: 75.658: [ParNew: 596810K->48320K(613440K), 0.0208037 secs] 608561K->60071K(2029056K), 0.0208869 secs] [Times: user=0.25 sys=0.00, real=0.02 secs] 
2020-09-29T18:23:32.888+0200: 75.731: [GC (Allocation Failure) 2020-09-29T18:23:32.888+0200: 75.731: [ParNew: 593664K->42308K(613440K), 0.0160436 secs] 605415K->54059K(2029056K), 0.0161198 secs] [Times: user=0.13 sys=0.00, real=0.02 secs] 
2020-09-29T18:23:32.959+0200: 75.803: [GC (Allocation Failure) 2020-09-29T18:23:32.959+0200: 75.803: [ParNew: 587652K->59650K(613440K), 0.0188174 secs] 599403K->71400K(2029056K), 0.0188841 secs] [Times: user=0.13 sys=0.00, real=0.02 secs] 
2020-09-29T18:23:33.026+0200: 75.870: [GC (Allocation Failure) 2020-09-29T18:23:33.026+0200: 75.870: [ParNew: 604344K->33396K(613440K), 0.0111133 secs] 616095K->45147K(2029056K), 0.0111925 secs] [Times: user=0.13 sys=0.00, real=0.01 secs] 
2020-09-29T18:23:33.086+0200: 75.930: [GC (Allocation Failure) 2020-09-29T18:23:33.086+0200: 75.930: [ParNew: 578740K->36221K(613440K), 0.0155054 secs] 590491K->47971K(2029056K), 0.0155762 secs] [Times: user=0.13 sys=0.00, real=0.02 secs] 
2020-09-29T18:23:33.151+0200: 75.995: [GC (Allocation Failure) 2020-09-29T18:23:33.151+0200: 75.995: [ParNew: 581565K->66680K(613440K), 0.0243181 secs] 593315K->78431K(2029056K), 0.0244179 secs] [Times: user=0.13 sys=0.02, real=0.03 secs] 
2020-09-29T18:23:33.223+0200: 76.067: [GC (Allocation Failure) 2020-09-29T18:23:33.223+0200: 76.067: [ParNew: 612024K->52081K(613440K), 0.0187513 secs] 623775K->63832K(2029056K), 0.0188071 secs] [Times: user=0.11 sys=0.00, real=0.02 secs] 
2020-09-29T18:23:33.289+0200: 76.133: [GC (Allocation Failure) 2020-09-29T18:23:33.289+0200: 76.133: [ParNew: 597425K->35000K(613440K), 0.0075800 secs] 609176K->46751K(2029056K), 0.0076379 secs] [Times: user=0.00 sys=0.00, real=0.01 secs] 
2020-09-29T18:23:33.355+0200: 76.200: [GC (Allocation Failure) 2020-09-29T18:23:33.355+0200: 76.200: [ParNew: 580344K->25180K(613440K), 0.0104696 secs] 592095K->36930K(2029056K), 0.0105247 secs] [Times: user=0.13 sys=0.00, real=0.01 secs] 
2020-09-29T18:23:33.419+0200: 76.263: [GC (Allocation Failure) 2020-09-29T18:23:33.419+0200: 76.263: [ParNew: 570524K->37009K(613440K), 0.0158891 secs] 582274K->48760K(2029056K), 0.0159634 secs] [Times: user=0.13 sys=0.00, real=0.02 secs] 
2020-09-29T18:23:33.484+0200: 76.328: [GC (Allocation Failure) 2020-09-29T18:23:33.484+0200: 76.328: [ParNew: 582353K->46119K(613440K), 0.0199949 secs] 594104K->57870K(2029056K), 0.0200554 secs] [Times: user=0.13 sys=0.01, real=0.02 secs] 
2020-09-29T18:23:33.551+0200: 76.395: [GC (Allocation Failure) 2020-09-29T18:23:33.551+0200: 76.395: [ParNew: 591463K->55225K(613440K), 0.0182839 secs] 603214K->66976K(2029056K), 0.0183540 secs] [Times: user=0.13 sys=0.00, real=0.02 secs] 
2020-09-29T18:23:33.618+0200: 76.462: [GC (Allocation Failure) 2020-09-29T18:23:33.618+0200: 76.462: [ParNew: 600569K->34773K(613440K), 0.0132730 secs] 612320K->46523K(2029056K), 0.0133374 secs] [Times: user=0.11 sys=0.00, real=0.01 secs] 
2020-09-29T18:23:33.681+0200: 76.525: [GC (Allocation Failure) 2020-09-29T18:23:33.681+0200: 76.525: [ParNew: 580117K->42183K(613440K), 0.0171856 secs] 591867K->53934K(2029056K), 0.0172411 secs] [Times: user=0.13 sys=0.00, real=0.02 secs] 
2020-09-29T18:23:33.749+0200: 76.593: [GC (Allocation Failure) 2020-09-29T18:23:33.749+0200: 76.593: [ParNew: 587527K->56590K(613440K), 0.0209500 secs] 599278K->68341K(2029056K), 0.0210083 secs] [Times: user=0.24 sys=0.00, real=0.02 secs] 
2020-09-29T18:23:33.818+0200: 76.662: [GC (Allocation Failure) 2020-09-29T18:23:33.818+0200: 76.662: [ParNew: 601934K->44695K(613440K), 0.0160608 secs] 613685K->56446K(2029056K), 0.0161180 secs] [Times: user=0.13 sys=0.00, real=0.02 secs] 
2020-09-29T18:23:33.881+0200: 76.725: [GC (Allocation Failure) 2020-09-29T18:23:33.881+0200: 76.725: [ParNew: 590039K->36658K(613440K), 0.0148235 secs] 601790K->48409K(2029056K), 0.0148808 secs] [Times: user=0.13 sys=0.00, real=0.01 secs] 
2020-09-29T18:23:33.951+0200: 76.795: [GC (Allocation Failure) 2020-09-29T18:23:33.951+0200: 76.795: [ParNew: 582002K->58197K(613440K), 0.0203135 secs] 593753K->69948K(2029056K), 0.0203714 secs] [Times: user=0.13 sys=0.00, real=0.02 secs] 
2020-09-29T18:23:34.019+0200: 76.863: [GC (Allocation Failure) 2020-09-29T18:23:34.019+0200: 76.863: [ParNew: 603541K->53930K(613440K), 0.0193456 secs] 615292K->65681K(2029056K), 0.0194026 secs] [Times: user=0.25 sys=0.00, real=0.02 secs] 
2020-09-29T18:23:34.087+0200: 76.931: [GC (Allocation Failure) 2020-09-29T18:23:34.087+0200: 76.931: [ParNew: 599274K->46701K(613440K), 0.0189850 secs] 611025K->58452K(2029056K), 0.0190465 secs] [Times: user=0.13 sys=0.00, real=0.02 secs] 
2020-09-29T18:23:34.157+0200: 77.001: [GC (Allocation Failure) 2020-09-29T18:23:34.157+0200: 77.001: [ParNew: 592045K->44142K(613440K), 0.0179868 secs] 603796K->55893K(2029056K), 0.0180513 secs] [Times: user=0.13 sys=0.00, real=0.02 secs] 
2020-09-29T18:23:34.222+0200: 77.066: [GC (Allocation Failure) 2020-09-29T18:23:34.222+0200: 77.066: [ParNew: 589486K->39137K(613440K), 0.0172607 secs] 601237K->50888K(2029056K), 0.0173213 secs] [Times: user=0.24 sys=0.00, real=0.02 secs] 
2020-09-29T18:23:34.289+0200: 77.134: [GC (Allocation Failure) 2020-09-29T18:23:34.290+0200: 77.134: [ParNew: 584481K->34272K(613440K), 0.0098054 secs] 596232K->46023K(2029056K), 0.0098709 secs] [Times: user=0.00 sys=0.00, real=0.01 secs] 
2020-09-29T18:23:34.357+0200: 77.202: [GC (Allocation Failure) 2020-09-29T18:23:34.357+0200: 77.202: [ParNew: 579616K->31385K(613440K), 0.0171681 secs] 591367K->43136K(2029056K), 0.0172418 secs] [Times: user=0.13 sys=0.00, real=0.02 secs] 
2020-09-29T18:23:34.426+0200: 77.270: [GC (Allocation Failure) 2020-09-29T18:23:34.426+0200: 77.271: [ParNew: 576729K->40621K(613440K), 0.0163754 secs] 588480K->52371K(2029056K), 0.0164600 secs] [Times: user=0.13 sys=0.00, real=0.02 secs] 
2020-09-29T18:23:34.494+0200: 77.338: [GC (Allocation Failure) 2020-09-29T18:23:34.494+0200: 77.338: [ParNew: 585965K->46529K(613440K), 0.0198886 secs] 597715K->58280K(2029056K), 0.0199568 secs] [Times: user=0.13 sys=0.00, real=0.02 secs] 
2020-09-29T18:23:34.562+0200: 77.406: [GC (Allocation Failure) 2020-09-29T18:23:34.562+0200: 77.406: [ParNew: 591873K->59723K(613440K), 0.0227543 secs] 603624K->71474K(2029056K), 0.0228481 secs] [Times: user=0.25 sys=0.00, real=0.02 secs] 
2020-09-29T18:23:34.633+0200: 77.477: [GC (Allocation Failure) 2020-09-29T18:23:34.633+0200: 77.477: [ParNew: 605067K->50568K(613440K), 0.0178925 secs] 616818K->62319K(2029056K), 0.0179497 secs] [Times: user=0.13 sys=0.00, real=0.02 secs] 
2020-09-29T18:23:34.700+0200: 77.544: [GC (Allocation Failure) 2020-09-29T18:23:34.700+0200: 77.544: [ParNew: 595912K->35847K(613440K), 0.0107636 secs] 607663K->47598K(2029056K), 0.0108239 secs] [Times: user=0.13 sys=0.00, real=0.01 secs] 
2020-09-29T18:23:34.763+0200: 77.607: [GC (Allocation Failure) 2020-09-29T18:23:34.763+0200: 77.607: [ParNew: 581191K->35167K(613440K), 0.0154226 secs] 592942K->46918K(2029056K), 0.0154913 secs] [Times: user=0.13 sys=0.00, real=0.02 secs] 
2020-09-29T18:23:34.829+0200: 77.674: [GC (Allocation Failure) 2020-09-29T18:23:34.829+0200: 77.674: [ParNew: 580511K->68096K(613440K), 0.0250276 secs] 592262K->79846K(2029056K), 0.0251010 secs] [Times: user=0.25 sys=0.00, real=0.03 secs] 
2020-09-29T18:23:34.902+0200: 77.746: [GC (Allocation Failure) 2020-09-29T18:23:34.902+0200: 77.746: [ParNew: 613440K->49148K(613440K), 0.0141475 secs] 625190K->60899K(2029056K), 0.0142033 secs] [Times: user=0.13 sys=0.00, real=0.01 secs] 
2020-09-29T18:23:34.966+0200: 77.810: [GC (Allocation Failure) 2020-09-29T18:23:34.966+0200: 77.810: [ParNew: 594492K->45521K(613440K), 0.0211333 secs] 606243K->57272K(2029056K), 0.0212057 secs] [Times: user=0.11 sys=0.00, real=0.02 secs] 
2020-09-29T18:23:35.037+0200: 77.882: [GC (Allocation Failure) 2020-09-29T18:23:35.037+0200: 77.882: [ParNew: 590865K->37037K(613440K), 0.0127295 secs] 602616K->48788K(2029056K), 0.0127863 secs] [Times: user=0.00 sys=0.00, real=0.01 secs] 
2020-09-29T18:23:35.099+0200: 77.943: [GC (Allocation Failure) 2020-09-29T18:23:35.099+0200: 77.943: [ParNew: 582381K->37328K(613440K), 0.0161027 secs] 594132K->49078K(2029056K), 0.0161701 secs] [Times: user=0.13 sys=0.00, real=0.02 secs] 
2020-09-29T18:23:35.164+0200: 78.008: [GC (Allocation Failure) 2020-09-29T18:23:35.164+0200: 78.008: [ParNew: 582672K->47178K(613440K), 0.0150454 secs] 594422K->58929K(2029056K), 0.0151000 secs] [Times: user=0.13 sys=0.00, real=0.01 secs] 
2020-09-29T18:23:35.228+0200: 78.072: [GC (Allocation Failure) 2020-09-29T18:23:35.228+0200: 78.072: [ParNew: 592522K->58057K(613440K), 0.0203536 secs] 604273K->69808K(2029056K), 0.0204084 secs] [Times: user=0.11 sys=0.00, real=0.02 secs] 
2020-09-29T18:23:35.298+0200: 78.142: [GC (Allocation Failure) 2020-09-29T18:23:35.298+0200: 78.142: [ParNew: 603401K->44827K(613440K), 0.0138071 secs] 615152K->56577K(2029056K), 0.0138619 secs] [Times: user=0.13 sys=0.00, real=0.01 secs] 
2020-09-29T18:23:35.360+0200: 78.204: [GC (Allocation Failure) 2020-09-29T18:23:35.360+0200: 78.204: [ParNew: 590171K->22107K(613440K), 0.0071285 secs] 601921K->33858K(2029056K), 0.0071838 secs] [Times: user=0.13 sys=0.00, real=0.01 secs] 
2020-09-29T18:23:35.418+0200: 78.262: [GC (Allocation Failure) 2020-09-29T18:23:35.423+0200: 78.267: [ParNew: 567451K->37436K(613440K), 0.0194014 secs] 579202K->49187K(2029056K), 0.0245671 secs] [Times: user=0.19 sys=0.00, real=0.02 secs] 
2020-09-29T18:23:35.497+0200: 78.341: [GC (Allocation Failure) 2020-09-29T18:23:35.497+0200: 78.341: [ParNew: 582780K->55158K(613440K), 0.0161311 secs] 594531K->66909K(2029056K), 0.0161873 secs] [Times: user=0.13 sys=0.00, real=0.02 secs] 
2020-09-29T18:23:35.572+0200: 78.417: [GC (Allocation Failure) 2020-09-29T18:23:35.572+0200: 78.417: [ParNew: 600502K->50508K(613440K), 0.0228359 secs] 612253K->62259K(2029056K), 0.0229004 secs] [Times: user=0.11 sys=0.00, real=0.02 secs] 
2020-09-29T18:23:35.647+0200: 78.491: [GC (Allocation Failure) 2020-09-29T18:23:35.647+0200: 78.492: [ParNew: 595852K->68096K(613440K), 0.0212464 secs] 607603K->79846K(2029056K), 0.0213204 secs] [Times: user=0.13 sys=0.00, real=0.02 secs] 
2020-09-29T18:23:35.718+0200: 78.563: [GC (Allocation Failure) 2020-09-29T18:23:35.718+0200: 78.563: [ParNew: 613440K->45231K(613440K), 0.0155344 secs] 625190K->56982K(2029056K), 0.0156021 secs] [Times: user=0.13 sys=0.00, real=0.02 secs] 
2020-09-29T18:23:35.784+0200: 78.628: [GC (Allocation Failure) 2020-09-29T18:23:35.784+0200: 78.628: [ParNew: 590575K->42380K(613440K), 0.0136985 secs] 602326K->54130K(2029056K), 0.0137681 secs] [Times: user=0.13 sys=0.00, real=0.01 secs] 
2020-09-29T18:23:35.846+0200: 78.691: [GC (Allocation Failure) 2020-09-29T18:23:35.846+0200: 78.691: [ParNew: 587724K->31058K(613440K), 0.0141775 secs] 599474K->42808K(2029056K), 0.0142316 secs] [Times: user=0.13 sys=0.00, real=0.01 secs] 
2020-09-29T18:23:35.917+0200: 78.762: [GC (Allocation Failure) 2020-09-29T18:23:35.917+0200: 78.762: [ParNew: 576402K->43572K(613440K), 0.0193644 secs] 588152K->55322K(2029056K), 0.0194600 secs] [Times: user=0.08 sys=0.00, real=0.02 secs] 
2020-09-29T18:23:35.985+0200: 78.829: [GC (Allocation Failure) 2020-09-29T18:23:35.985+0200: 78.829: [ParNew: 588916K->62273K(613440K), 0.0190732 secs] 600666K->74023K(2029056K), 0.0191299 secs] [Times: user=0.25 sys=0.00, real=0.02 secs] 
2020-09-29T18:23:36.051+0200: 78.895: [GC (Allocation Failure) 2020-09-29T18:23:36.051+0200: 78.895: [ParNew: 607617K->45870K(613440K), 0.0176995 secs] 619367K->57621K(2029056K), 0.0177595 secs] [Times: user=0.13 sys=0.00, real=0.02 secs] 
2020-09-29T18:23:36.115+0200: 78.960: [GC (Allocation Failure) 2020-09-29T18:23:36.115+0200: 78.960: [ParNew: 591214K->33280K(613440K), 0.0170571 secs] 602965K->45031K(2029056K), 0.0171162 secs] [Times: user=0.13 sys=0.00, real=0.02 secs] 
2020-09-29T18:23:36.185+0200: 79.030: [GC (Allocation Failure) 2020-09-29T18:23:36.185+0200: 79.030: [ParNew: 578624K->58923K(613440K), 0.0201955 secs] 590375K->70673K(2029056K), 0.0202692 secs] [Times: user=0.13 sys=0.00, real=0.02 secs] 
2020-09-29T18:23:36.252+0200: 79.096: [GC (Allocation Failure) 2020-09-29T18:23:36.252+0200: 79.096: [ParNew: 604267K->40721K(613440K), 0.0151558 secs] 616017K->52471K(2029056K), 0.0152131 secs] [Times: user=0.13 sys=0.00, real=0.01 secs] 
2020-09-29T18:23:36.320+0200: 79.164: [GC (Allocation Failure) 2020-09-29T18:23:36.320+0200: 79.165: [ParNew: 586065K->60597K(613440K), 0.0186622 secs] 597815K->72347K(2029056K), 0.0187586 secs] [Times: user=0.13 sys=0.00, real=0.02 secs] 
2020-09-29T18:23:36.389+0200: 79.234: [GC (Allocation Failure) 2020-09-29T18:23:36.389+0200: 79.234: [ParNew: 605941K->25102K(613440K), 0.0134107 secs] 617691K->36853K(2029056K), 0.0135023 secs] [Times: user=0.13 sys=0.00, real=0.01 secs] 
2020-09-29T18:23:36.453+0200: 79.298: [GC (Allocation Failure) 2020-09-29T18:23:36.453+0200: 79.298: [ParNew: 570446K->42212K(613440K), 0.0189149 secs] 582197K->53963K(2029056K), 0.0189962 secs] [Times: user=0.13 sys=0.00, real=0.02 secs] 
2020-09-29T18:23:36.519+0200: 79.364: [GC (Allocation Failure) 2020-09-29T18:23:36.519+0200: 79.364: [ParNew: 587556K->65347K(613440K), 0.0222997 secs] 599307K->77098K(2029056K), 0.0223747 secs] [Times: user=0.16 sys=0.00, real=0.02 secs] 
2020-09-29T18:23:36.591+0200: 79.435: [GC (Allocation Failure) 2020-09-29T18:23:36.591+0200: 79.435: [ParNew: 610691K->43111K(613440K), 0.0174790 secs] 622442K->54862K(2029056K), 0.0175615 secs] [Times: user=0.11 sys=0.00, real=0.02 secs] 
2020-09-29T18:23:36.657+0200: 79.501: [GC (Allocation Failure) 2020-09-29T18:23:36.657+0200: 79.501: [ParNew: 588455K->61189K(613440K), 0.0212775 secs] 600206K->72940K(2029056K), 0.0213490 secs] [Times: user=0.25 sys=0.00, real=0.02 secs] 
2020-09-29T18:23:36.729+0200: 79.573: [GC (Allocation Failure) 2020-09-29T18:23:36.729+0200: 79.573: [ParNew: 606533K->44558K(613440K), 0.0151812 secs] 618284K->56309K(2029056K), 0.0152384 secs] [Times: user=0.13 sys=0.00, real=0.01 secs] 
2020-09-29T18:23:36.794+0200: 79.638: [GC (Allocation Failure) 2020-09-29T18:23:36.794+0200: 79.638: [ParNew: 589902K->60145K(613440K), 0.0194698 secs] 601653K->71896K(2029056K), 0.0195621 secs] [Times: user=0.13 sys=0.00, real=0.02 secs] 
2020-09-29T18:23:36.862+0200: 79.706: [GC (Allocation Failure) 2020-09-29T18:23:36.862+0200: 79.706: [ParNew: 605489K->43524K(613440K), 0.0185032 secs] 617240K->55275K(2029056K), 0.0185709 secs] [Times: user=0.25 sys=0.00, real=0.02 secs] 
2020-09-29T18:23:36.930+0200: 79.774: [GC (Allocation Failure) 2020-09-29T18:23:36.930+0200: 79.774: [ParNew: 588868K->68096K(613440K), 0.0240301 secs] 600619K->80431K(2029056K), 0.0240882 secs] [Times: user=0.13 sys=0.00, real=0.02 secs] 
2020-09-29T18:23:37.003+0200: 79.847: [GC (Allocation Failure) 2020-09-29T18:23:37.003+0200: 79.847: [ParNew: 613440K->54763K(613440K), 0.0182788 secs] 625775K->67098K(2029056K), 0.0183346 secs] [Times: user=0.25 sys=0.00, real=0.02 secs] 
2020-09-29T18:23:37.069+0200: 79.913: [GC (Allocation Failure) 2020-09-29T18:23:37.069+0200: 79.913: [ParNew: 600107K->44645K(613440K), 0.0171228 secs] 612442K->56980K(2029056K), 0.0171854 secs] [Times: user=0.13 sys=0.00, real=0.02 secs] 
2020-09-29T18:23:37.137+0200: 79.981: [GC (Allocation Failure) 2020-09-29T18:23:37.137+0200: 79.981: [ParNew: 589989K->66032K(613440K), 0.0218783 secs] 602324K->78368K(2029056K), 0.0219328 secs] [Times: user=0.13 sys=0.00, real=0.02 secs] 
2020-09-29T18:23:37.206+0200: 80.050: [GC (Allocation Failure) 2020-09-29T18:23:37.206+0200: 80.050: [ParNew: 611376K->51518K(613440K), 0.0164613 secs] 623712K->63853K(2029056K), 0.0165145 secs] [Times: user=0.24 sys=0.00, real=0.02 secs] 
2020-09-29T18:23:37.271+0200: 80.115: [GC (Allocation Failure) 2020-09-29T18:23:37.271+0200: 80.115: [ParNew: 596862K->49942K(613440K), 0.0206379 secs] 609197K->62277K(2029056K), 0.0207048 secs] [Times: user=0.13 sys=0.00, real=0.02 secs] 
2020-09-29T18:23:37.339+0200: 80.183: [GC (Allocation Failure) 2020-09-29T18:23:37.339+0200: 80.183: [ParNew: 595286K->61312K(613440K), 0.0201227 secs] 607621K->73647K(2029056K), 0.0201780 secs] [Times: user=0.13 sys=0.00, real=0.02 secs] 
2020-09-29T18:23:37.408+0200: 80.252: [GC (Allocation Failure) 2020-09-29T18:23:37.408+0200: 80.252: [ParNew: 606656K->38870K(613440K), 0.0139731 secs] 618991K->51205K(2029056K), 0.0140272 secs] [Times: user=0.13 sys=0.00, real=0.01 secs] 
2020-09-29T18:23:37.470+0200: 80.314: [GC (Allocation Failure) 2020-09-29T18:23:37.470+0200: 80.314: [ParNew: 584214K->53801K(613440K), 0.0188198 secs] 596549K->66137K(2029056K), 0.0188881 secs] [Times: user=0.25 sys=0.00, real=0.02 secs] 
2020-09-29T18:23:37.536+0200: 80.380: [GC (Allocation Failure) 2020-09-29T18:23:37.536+0200: 80.380: [ParNew: 599145K->43416K(613440K), 0.0168561 secs] 611481K->55751K(2029056K), 0.0169121 secs] [Times: user=0.13 sys=0.00, real=0.02 secs] 
2020-09-29T18:23:37.601+0200: 80.445: [GC (Allocation Failure) 2020-09-29T18:23:37.601+0200: 80.446: [ParNew: 588760K->39812K(613440K), 0.0161575 secs] 601095K->52147K(2029056K), 0.0162124 secs] [Times: user=0.13 sys=0.00, real=0.02 secs] 
2020-09-29T18:23:37.666+0200: 80.510: [GC (Allocation Failure) 2020-09-29T18:23:37.666+0200: 80.510: [ParNew: 585156K->37635K(613440K), 0.0164547 secs] 597491K->49971K(2029056K), 0.0165328 secs] [Times: user=0.13 sys=0.00, real=0.02 secs] 
2020-09-29T18:23:37.729+0200: 80.573: [GC (Allocation Failure) 2020-09-29T18:23:37.729+0200: 80.573: [ParNew: 582979K->33221K(613440K), 0.0133334 secs] 595315K->45557K(2029056K), 0.0134173 secs] [Times: user=0.13 sys=0.00, real=0.01 secs] 
2020-09-29T18:23:37.792+0200: 80.637: [GC (Allocation Failure) 2020-09-29T18:23:37.792+0200: 80.637: [ParNew: 578565K->49934K(613440K), 0.0187868 secs] 590901K->62269K(2029056K), 0.0188791 secs] [Times: user=0.13 sys=0.00, real=0.02 secs] 
2020-09-29T18:23:37.858+0200: 80.702: [GC (Allocation Failure) 2020-09-29T18:23:37.858+0200: 80.703: [ParNew: 595278K->39460K(613440K), 0.0178799 secs] 607613K->51796K(2029056K), 0.0179352 secs] [Times: user=0.13 sys=0.00, real=0.02 secs] 
2020-09-29T18:23:37.923+0200: 80.767: [GC (Allocation Failure) 2020-09-29T18:23:37.923+0200: 80.768: [ParNew: 584804K->40493K(613440K), 0.0163814 secs] 597140K->52829K(2029056K), 0.0164354 secs] [Times: user=0.13 sys=0.00, real=0.02 secs] 
2020-09-29T18:23:37.988+0200: 80.832: [GC (Allocation Failure) 2020-09-29T18:23:37.988+0200: 80.832: [ParNew: 585837K->59313K(613440K), 0.0208749 secs] 598173K->71648K(2029056K), 0.0209494 secs] [Times: user=0.25 sys=0.00, real=0.02 secs] 
2020-09-29T18:23:38.057+0200: 80.902: [GC (Allocation Failure) 2020-09-29T18:23:38.058+0200: 80.902: [ParNew: 604657K->49376K(613440K), 0.0222614 secs] 616992K->61711K(2029056K), 0.0223495 secs] [Times: user=0.11 sys=0.00, real=0.02 secs] 
2020-09-29T18:23:38.127+0200: 80.971: [GC (Allocation Failure) 2020-09-29T18:23:38.127+0200: 80.971: [ParNew: 594720K->47952K(613440K), 0.0187788 secs] 607055K->60287K(2029056K), 0.0259236 secs] [Times: user=0.25 sys=0.00, real=0.03 secs] 
2020-09-29T18:23:38.202+0200: 81.046: [GC (Allocation Failure) 2020-09-29T18:23:38.202+0200: 81.046: [ParNew: 593296K->45251K(613440K), 0.0189130 secs] 605631K->57586K(2029056K), 0.0189714 secs] [Times: user=0.13 sys=0.00, real=0.02 secs] 
2020-09-29T18:23:38.272+0200: 81.116: [GC (Allocation Failure) 2020-09-29T18:23:38.272+0200: 81.116: [ParNew: 590595K->35431K(613440K), 0.0127333 secs] 602930K->47766K(2029056K), 0.0127904 secs] [Times: user=0.00 sys=0.00, real=0.01 secs] 
2020-09-29T18:23:38.333+0200: 81.177: [GC (Allocation Failure) 2020-09-29T18:23:38.333+0200: 81.177: [ParNew: 580775K->39587K(613440K), 0.0176581 secs] 593110K->51922K(2029056K), 0.0177394 secs] [Times: user=0.13 sys=0.00, real=0.02 secs] 
2020-09-29T18:23:38.399+0200: 81.243: [GC (Allocation Failure) 2020-09-29T18:23:38.399+0200: 81.243: [ParNew: 584931K->52716K(613440K), 0.0160866 secs] 597266K->65051K(2029056K), 0.0161623 secs] [Times: user=0.13 sys=0.00, real=0.02 secs] 
2020-09-29T18:23:38.465+0200: 81.309: [GC (Allocation Failure) 2020-09-29T18:23:38.465+0200: 81.309: [ParNew: 598060K->36120K(613440K), 0.0164573 secs] 610395K->48455K(2029056K), 0.0165113 secs] [Times: user=0.13 sys=0.00, real=0.02 secs] 
2020-09-29T18:23:38.530+0200: 81.374: [GC (Allocation Failure) 2020-09-29T18:23:38.530+0200: 81.374: [ParNew: 581464K->50567K(613440K), 0.0195816 secs] 593799K->62902K(2029056K), 0.0196349 secs] [Times: user=0.13 sys=0.00, real=0.02 secs] 
2020-09-29T18:23:38.599+0200: 81.443: [GC (Allocation Failure) 2020-09-29T18:23:38.599+0200: 81.443: [ParNew: 595911K->67702K(613440K), 0.0265407 secs] 608246K->80037K(2029056K), 0.0265963 secs] [Times: user=0.11 sys=0.00, real=0.03 secs] 
2020-09-29T18:23:38.672+0200: 81.516: [GC (Allocation Failure) 2020-09-29T18:23:38.672+0200: 81.516: [ParNew: 613046K->48352K(613440K), 0.0123721 secs] 625381K->60687K(2029056K), 0.0124551 secs] [Times: user=0.13 sys=0.00, real=0.01 secs] 
2020-09-29T18:23:38.733+0200: 81.578: [GC (Allocation Failure) 2020-09-29T18:23:38.733+0200: 81.578: [ParNew: 593696K->22107K(613440K), 0.0099971 secs] 606031K->34442K(2029056K), 0.0100512 secs] [Times: user=0.13 sys=0.00, real=0.01 secs] 
2020-09-29T18:23:38.795+0200: 81.639: [GC (Allocation Failure) 2020-09-29T18:23:38.795+0200: 81.639: [ParNew: 567451K->32607K(613440K), 0.0151046 secs] 579786K->44942K(2029056K), 0.0151603 secs] [Times: user=0.13 sys=0.00, real=0.01 secs] 
2020-09-29T18:23:38.858+0200: 81.702: [GC (Allocation Failure) 2020-09-29T18:23:38.858+0200: 81.702: [ParNew: 577951K->46001K(613440K), 0.0183824 secs] 590286K->58336K(2029056K), 0.0184375 secs] [Times: user=0.13 sys=0.00, real=0.02 secs] 
2020-09-29T18:23:38.926+0200: 81.770: [GC (Allocation Failure) 2020-09-29T18:23:38.926+0200: 81.770: [ParNew: 591345K->30791K(613440K), 0.0117672 secs] 603680K->43126K(2029056K), 0.0118229 secs] [Times: user=0.00 sys=0.00, real=0.01 secs] 
2020-09-29T18:23:38.987+0200: 81.831: [GC (Allocation Failure) 2020-09-29T18:23:38.987+0200: 81.831: [ParNew: 576135K->50170K(613440K), 0.0214508 secs] 588470K->62505K(2029056K), 0.0215253 secs] [Times: user=0.25 sys=0.00, real=0.02 secs] 
2020-09-29T18:23:39.055+0200: 81.899: [GC (Allocation Failure) 2020-09-29T18:23:39.055+0200: 81.899: [ParNew: 595514K->64608K(613440K), 0.0203724 secs] 607849K->76943K(2029056K), 0.0204278 secs] [Times: user=0.13 sys=0.00, real=0.02 secs] 
2020-09-29T18:23:39.125+0200: 81.969: [GC (Allocation Failure) 2020-09-29T18:23:39.125+0200: 81.969: [ParNew: 609952K->51577K(613440K), 0.0218564 secs] 622287K->63912K(2029056K), 0.0219144 secs] [Times: user=0.23 sys=0.00, real=0.02 secs] 
2020-09-29T18:23:39.196+0200: 82.040: [GC (Allocation Failure) 2020-09-29T18:23:39.196+0200: 82.040: [ParNew: 596921K->48031K(613440K), 0.0194022 secs] 609256K->60366K(2029056K), 0.0194636 secs] [Times: user=0.13 sys=0.00, real=0.02 secs] 
2020-09-29T18:23:39.264+0200: 82.108: [GC (Allocation Failure) 2020-09-29T18:23:39.264+0200: 82.108: [ParNew: 593375K->45738K(613440K), 0.0195230 secs] 605710K->58073K(2029056K), 0.0196008 secs] [Times: user=0.13 sys=0.00, real=0.02 secs] 
2020-09-29T18:23:39.337+0200: 82.182: [GC (Allocation Failure) 2020-09-29T18:23:39.337+0200: 82.182: [ParNew: 591082K->42765K(613440K), 0.0186918 secs] 603417K->55100K(2029056K), 0.0187584 secs] [Times: user=0.13 sys=0.00, real=0.02 secs] 
2020-09-29T18:23:39.408+0200: 82.252: [GC (Allocation Failure) 2020-09-29T18:23:39.408+0200: 82.252: [ParNew: 588109K->66291K(613440K), 0.0231046 secs] 600444K->78626K(2029056K), 0.0231890 secs] [Times: user=0.24 sys=0.00, real=0.02 secs] 
2020-09-29T18:23:39.480+0200: 82.325: [GC (Allocation Failure) 2020-09-29T18:23:39.480+0200: 82.325: [ParNew: 611635K->50949K(613440K), 0.0162195 secs] 623970K->63284K(2029056K), 0.0162826 secs] [Times: user=0.13 sys=0.00, real=0.02 secs] 
2020-09-29T18:23:39.552+0200: 82.396: [GC (Allocation Failure) 2020-09-29T18:23:39.552+0200: 82.396: [ParNew: 596293K->48894K(613440K), 0.0197070 secs] 608628K->61229K(2029056K), 0.0197823 secs] [Times: user=0.13 sys=0.00, real=0.02 secs] 
2020-09-29T18:23:39.623+0200: 82.467: [GC (Allocation Failure) 2020-09-29T18:23:39.623+0200: 82.467: [ParNew: 594238K->59850K(613440K), 0.0195303 secs] 606573K->72186K(2029056K), 0.0195887 secs] [Times: user=0.13 sys=0.00, real=0.02 secs] 
2020-09-29T18:23:39.691+0200: 82.535: [GC (Allocation Failure) 2020-09-29T18:23:39.691+0200: 82.535: [ParNew: 605194K->46455K(613440K), 0.0189307 secs] 617530K->58790K(2029056K), 0.0189933 secs] [Times: user=0.25 sys=0.00, real=0.02 secs] 
2020-09-29T18:23:39.757+0200: 82.601: [GC (Allocation Failure) 2020-09-29T18:23:39.757+0200: 82.601: [ParNew: 591799K->68096K(613440K), 0.0231399 secs] 604134K->80879K(2029056K), 0.0232182 secs] [Times: user=0.13 sys=0.00, real=0.02 secs] 
2020-09-29T18:23:39.828+0200: 82.672: [GC (Allocation Failure) 2020-09-29T18:23:39.828+0200: 82.672: [ParNew: 613440K->44831K(613440K), 0.0116971 secs] 626223K->57615K(2029056K), 0.0117655 secs] [Times: user=0.13 sys=0.00, real=0.01 secs] 
2020-09-29T18:23:39.886+0200: 82.731: [GC (Allocation Failure) 2020-09-29T18:23:39.887+0200: 82.731: [ParNew: 590175K->50212K(613440K), 0.0200663 secs] 602959K->62996K(2029056K), 0.0201224 secs] [Times: user=0.13 sys=0.00, real=0.02 secs] 
2020-09-29T18:23:39.955+0200: 82.799: [GC (Allocation Failure) 2020-09-29T18:23:39.955+0200: 82.799: [ParNew: 595556K->61776K(613440K), 0.0204470 secs] 608340K->74560K(2029056K), 0.0205118 secs] [Times: user=0.25 sys=0.00, real=0.02 secs] 
2020-09-29T18:23:40.024+0200: 82.869: [GC (Allocation Failure) 2020-09-29T18:23:40.024+0200: 82.869: [ParNew: 607120K->38921K(613440K), 0.0131943 secs] 619904K->51704K(2029056K), 0.0132659 secs] [Times: user=0.13 sys=0.00, real=0.01 secs] 
2020-09-29T18:23:40.088+0200: 82.932: [GC (Allocation Failure) 2020-09-29T18:23:40.088+0200: 82.932: [ParNew: 584265K->24911K(613440K), 0.0119873 secs] 597048K->37694K(2029056K), 0.0120423 secs] [Times: user=0.13 sys=0.00, real=0.01 secs] 
2020-09-29T18:23:40.148+0200: 82.993: [GC (Allocation Failure) 2020-09-29T18:23:40.149+0200: 82.993: [ParNew: 570255K->36686K(613440K), 0.0179144 secs] 583038K->49470K(2029056K), 0.0179849 secs] [Times: user=0.13 sys=0.00, real=0.02 secs] 
2020-09-29T18:23:40.214+0200: 83.058: [GC (Allocation Failure) 2020-09-29T18:23:40.214+0200: 83.058: [ParNew: 582030K->55674K(613440K), 0.0213430 secs] 594814K->68457K(2029056K), 0.0213983 secs] [Times: user=0.13 sys=0.00, real=0.02 secs] 
2020-09-29T18:23:40.283+0200: 83.127: [GC (Allocation Failure) 2020-09-29T18:23:40.283+0200: 83.127: [ParNew: 601018K->43304K(613440K), 0.0153672 secs] 613801K->56088K(2029056K), 0.0154211 secs] [Times: user=0.13 sys=0.00, real=0.02 secs] 
2020-09-29T18:23:40.347+0200: 83.191: [GC (Allocation Failure) 2020-09-29T18:23:40.347+0200: 83.191: [ParNew: 588648K->58132K(613440K), 0.0196592 secs] 601432K->70915K(2029056K), 0.0197119 secs] [Times: user=0.25 sys=0.00, real=0.02 secs] 
2020-09-29T18:23:40.416+0200: 83.260: [GC (Allocation Failure) 2020-09-29T18:23:40.416+0200: 83.260: [ParNew: 603476K->41481K(613440K), 0.0142140 secs] 616259K->54264K(2029056K), 0.0142697 secs] [Times: user=0.13 sys=0.00, real=0.01 secs] 
2020-09-29T18:23:40.486+0200: 83.330: [GC (Allocation Failure) 2020-09-29T18:23:40.486+0200: 83.330: [ParNew: 586825K->40681K(613440K), 0.0187365 secs] 599608K->53464K(2029056K), 0.0188663 secs] [Times: user=0.25 sys=0.00, real=0.02 secs] 
2020-09-29T18:23:40.553+0200: 83.397: [GC (Allocation Failure) 2020-09-29T18:23:40.553+0200: 83.397: [ParNew: 586025K->56055K(613440K), 0.0181773 secs] 598808K->68839K(2029056K), 0.0182412 secs] [Times: user=0.13 sys=0.00, real=0.02 secs] 
2020-09-29T18:23:40.621+0200: 83.465: [GC (Allocation Failure) 2020-09-29T18:23:40.621+0200: 83.465: [ParNew: 601399K->62711K(613440K), 0.0233552 secs] 614183K->75494K(2029056K), 0.0234225 secs] [Times: user=0.11 sys=0.00, real=0.02 secs] 
2020-09-29T18:23:40.692+0200: 83.536: [GC (Allocation Failure) 2020-09-29T18:23:40.692+0200: 83.536: [ParNew: 608055K->47719K(613440K), 0.0272910 secs] 620838K->60502K(2029056K), 0.0273531 secs] [Times: user=0.13 sys=0.00, real=0.03 secs] 
2020-09-29T18:23:40.767+0200: 83.611: [GC (Allocation Failure) 2020-09-29T18:23:40.767+0200: 83.611: [ParNew: 593063K->50765K(613440K), 0.0210015 secs] 605846K->63549K(2029056K), 0.0210865 secs] [Times: user=0.25 sys=0.00, real=0.02 secs] 
2020-09-29T18:23:40.842+0200: 83.687: [GC (Allocation Failure) 2020-09-29T18:23:40.842+0200: 83.687: [ParNew: 596109K->49947K(613440K), 0.0269297 secs] 608893K->62730K(2029056K), 0.0269921 secs] [Times: user=0.25 sys=0.00, real=0.03 secs] 
2020-09-29T18:23:40.922+0200: 83.766: [GC (Allocation Failure) 2020-09-29T18:23:40.922+0200: 83.766: [ParNew: 595291K->45908K(613440K), 0.0192743 secs] 608074K->58692K(2029056K), 0.0193547 secs] [Times: user=0.13 sys=0.00, real=0.02 secs] 
2020-09-29T18:23:40.998+0200: 83.842: [GC (Allocation Failure) 2020-09-29T18:23:40.998+0200: 83.842: [ParNew: 591252K->38912K(613440K), 0.0182809 secs] 604036K->51696K(2029056K), 0.0183482 secs] [Times: user=0.11 sys=0.00, real=0.02 secs] 
2020-09-29T18:23:41.070+0200: 83.914: [GC (Allocation Failure) 2020-09-29T18:23:41.070+0200: 83.914: [ParNew: 584256K->46752K(613440K), 0.0240852 secs] 597040K->59535K(2029056K), 0.0241552 secs] [Times: user=0.13 sys=0.00, real=0.02 secs] 
2020-09-29T18:23:41.145+0200: 83.990: [GC (Allocation Failure) 2020-09-29T18:23:41.145+0200: 83.990: [ParNew: 592096K->39002K(613440K), 0.0228179 secs] 604879K->51786K(2029056K), 0.0228840 secs] [Times: user=0.13 sys=0.00, real=0.02 secs] 
2020-09-29T18:23:41.221+0200: 84.065: [GC (Allocation Failure) 2020-09-29T18:23:41.221+0200: 84.065: [ParNew: 584346K->43456K(613440K), 0.0205027 secs] 597130K->56239K(2029056K), 0.0205815 secs] [Times: user=0.25 sys=0.00, real=0.02 secs] 
2020-09-29T18:23:41.294+0200: 84.138: [GC (Allocation Failure) 2020-09-29T18:23:41.294+0200: 84.138: [ParNew: 588800K->33818K(613440K), 0.0215292 secs] 601583K->46602K(2029056K), 0.0216049 secs] [Times: user=0.13 sys=0.00, real=0.02 secs] 
2020-09-29T18:23:41.363+0200: 84.207: [GC (Allocation Failure) 2020-09-29T18:23:41.363+0200: 84.207: [ParNew: 579162K->62001K(613440K), 0.0330856 secs] 591946K->74784K(2029056K), 0.0331825 secs] [Times: user=0.38 sys=0.00, real=0.03 secs] 
2020-09-29T18:23:41.444+0200: 84.289: [GC (Allocation Failure) 2020-09-29T18:23:41.444+0200: 84.289: [ParNew: 607345K->52541K(613440K), 0.0249991 secs] 620128K->65325K(2029056K), 0.0250708 secs] [Times: user=0.13 sys=0.00, real=0.03 secs] 
2020-09-29T18:23:41.525+0200: 84.369: [GC (Allocation Failure) 2020-09-29T18:23:41.525+0200: 84.369: [ParNew: 597885K->44359K(613440K), 0.0250902 secs] 610669K->57143K(2029056K), 0.0251547 secs] [Times: user=0.13 sys=0.00, real=0.02 secs] 
2020-09-29T18:23:41.602+0200: 84.447: [GC (Allocation Failure) 2020-09-29T18:23:41.602+0200: 84.447: [ParNew: 589703K->47889K(613440K), 0.0237384 secs] 602487K->60673K(2029056K), 0.0238030 secs] [Times: user=0.13 sys=0.00, real=0.02 secs] 
2020-09-29T18:23:41.676+0200: 84.521: [GC (Allocation Failure) 2020-09-29T18:23:41.676+0200: 84.521: [ParNew: 593233K->46247K(613440K), 0.0215167 secs] 606017K->59030K(2029056K), 0.0215903 secs] [Times: user=0.13 sys=0.00, real=0.02 secs] 
2020-09-29T18:23:41.747+0200: 84.591: [GC (Allocation Failure) 2020-09-29T18:23:41.747+0200: 84.591: [ParNew: 591591K->41707K(613440K), 0.0195528 secs] 604374K->54490K(2029056K), 0.0196220 secs] [Times: user=0.13 sys=0.00, real=0.02 secs] 
2020-09-29T18:23:41.821+0200: 84.665: [GC (Allocation Failure) 2020-09-29T18:23:41.821+0200: 84.665: [ParNew: 587051K->62975K(613440K), 0.0267915 secs] 599834K->75758K(2029056K), 0.0268528 secs] [Times: user=0.14 sys=0.00, real=0.03 secs] 
2020-09-29T18:23:41.897+0200: 84.741: [GC (Allocation Failure) 2020-09-29T18:23:41.897+0200: 84.741: [ParNew: 608319K->68096K(613440K), 0.0262258 secs] 621102K->80879K(2029056K), 0.0262905 secs] [Times: user=0.13 sys=0.00, real=0.03 secs] 
2020-09-29T18:23:41.975+0200: 84.819: [GC (Allocation Failure) 2020-09-29T18:23:41.975+0200: 84.819: [ParNew: 613440K->30158K(613440K), 0.0191232 secs] 626223K->42941K(2029056K), 0.0191894 secs] [Times: user=0.13 sys=0.00, real=0.02 secs] 
2020-09-29T18:23:42.042+0200: 84.886: [GC (Allocation Failure) 2020-09-29T18:23:42.042+0200: 84.886: [ParNew: 575502K->26913K(613440K), 0.0177955 secs] 588285K->39697K(2029056K), 0.0178612 secs] [Times: user=0.13 sys=0.00, real=0.02 secs] 
2020-09-29T18:23:42.111+0200: 84.955: [GC (Allocation Failure) 2020-09-29T18:23:42.111+0200: 84.955: [ParNew: 572257K->27661K(613440K), 0.0156847 secs] 585041K->40444K(2029056K), 0.0157498 secs] [Times: user=0.13 sys=0.00, real=0.02 secs] 
2020-09-29T18:23:42.199+0200: 85.043: [GC (Allocation Failure) 2020-09-29T18:23:42.199+0200: 85.043: [ParNew: 573005K->23668K(613440K), 0.0156948 secs] 585788K->36451K(2029056K), 0.0157583 secs] [Times: user=0.13 sys=0.00, real=0.02 secs] 
2020-09-29T18:23:42.264+0200: 85.108: [GC (Allocation Failure) 2020-09-29T18:23:42.264+0200: 85.108: [ParNew: 569012K->19475K(613440K), 0.0159026 secs] 581795K->32259K(2029056K), 0.0159677 secs] [Times: user=0.13 sys=0.00, real=0.02 secs] 
2020-09-29T18:23:42.333+0200: 85.177: [GC (Allocation Failure) 2020-09-29T18:23:42.333+0200: 85.177: [ParNew: 564819K->35485K(613440K), 0.0210730 secs] 577603K->48268K(2029056K), 0.0211376 secs] [Times: user=0.13 sys=0.00, real=0.02 secs] 
2020-09-29T18:23:42.406+0200: 85.250: [GC (Allocation Failure) 2020-09-29T18:23:42.406+0200: 85.250: [ParNew: 580829K->48284K(613440K), 0.0204237 secs] 593612K->61067K(2029056K), 0.0204921 secs] [Times: user=0.25 sys=0.00, real=0.02 secs] 
2020-09-29T18:23:42.473+0200: 85.317: [GC (Allocation Failure) 2020-09-29T18:23:42.473+0200: 85.317: [ParNew: 593628K->35722K(613440K), 0.0200036 secs] 606411K->48505K(2029056K), 0.0200661 secs] [Times: user=0.13 sys=0.00, real=0.02 secs] 
2020-09-29T18:23:42.550+0200: 85.394: [GC (Allocation Failure) 2020-09-29T18:23:42.550+0200: 85.394: [ParNew: 581066K->36750K(613440K), 0.0193554 secs] 593849K->49534K(2029056K), 0.0194314 secs] [Times: user=0.25 sys=0.00, real=0.02 secs] 
2020-09-29T18:23:42.627+0200: 85.472: [GC (Allocation Failure) 2020-09-29T18:23:42.628+0200: 85.472: [ParNew: 582094K->52535K(613440K), 0.0257390 secs] 594878K->65318K(2029056K), 0.0258116 secs] [Times: user=0.25 sys=0.00, real=0.03 secs] 
2020-09-29T18:23:42.707+0200: 85.551: [GC (Allocation Failure) 2020-09-29T18:23:42.707+0200: 85.551: [ParNew: 597879K->39032K(613440K), 0.0167145 secs] 610662K->51815K(2029056K), 0.0167855 secs] [Times: user=0.13 sys=0.00, real=0.02 secs] 
2020-09-29T18:23:42.781+0200: 85.625: [GC (Allocation Failure) 2020-09-29T18:23:42.781+0200: 85.625: [ParNew: 584376K->31854K(613440K), 0.0166256 secs] 597159K->44637K(2029056K), 0.0166902 secs] [Times: user=0.13 sys=0.00, real=0.02 secs] 
2020-09-29T18:23:42.848+0200: 85.692: [GC (Allocation Failure) 2020-09-29T18:23:42.848+0200: 85.692: [ParNew: 577198K->24724K(613440K), 0.0155866 secs] 589981K->37507K(2029056K), 0.0156498 secs] [Times: user=0.11 sys=0.00, real=0.02 secs] 
2020-09-29T18:23:42.916+0200: 85.761: [GC (Allocation Failure) 2020-09-29T18:23:42.916+0200: 85.761: [ParNew: 570068K->18130K(613440K), 0.0142806 secs] 582851K->30913K(2029056K), 0.0143460 secs] [Times: user=0.13 sys=0.00, real=0.02 secs] 
2020-09-29T18:23:42.985+0200: 85.829: [GC (Allocation Failure) 2020-09-29T18:23:42.985+0200: 85.829: [ParNew: 563474K->14412K(613440K), 0.0128378 secs] 576257K->27195K(2029056K), 0.0129108 secs] [Times: user=0.13 sys=0.00, real=0.01 secs] 
2020-09-29T18:23:43.055+0200: 85.900: [GC (Allocation Failure) 2020-09-29T18:23:43.055+0200: 85.900: [ParNew: 559756K->26404K(613440K), 0.0182488 secs] 572539K->39187K(2029056K), 0.0183132 secs] [Times: user=0.13 sys=0.00, real=0.02 secs] 
2020-09-29T18:23:43.131+0200: 85.975: [GC (Allocation Failure) 2020-09-29T18:23:43.131+0200: 85.975: [ParNew: 571748K->35702K(613440K), 0.0169290 secs] 584531K->48485K(2029056K), 0.0169910 secs] [Times: user=0.13 sys=0.00, real=0.02 secs] 
2020-09-29T18:23:43.196+0200: 86.040: [GC (Allocation Failure) 2020-09-29T18:23:43.196+0200: 86.040: [ParNew: 581046K->27451K(613440K), 0.0159665 secs] 593829K->40235K(2029056K), 0.0160317 secs] [Times: user=0.13 sys=0.00, real=0.02 secs] 
2020-09-29T18:23:43.263+0200: 86.107: [GC (Allocation Failure) 2020-09-29T18:23:43.263+0200: 86.107: [ParNew: 572795K->34963K(613440K), 0.0224828 secs] 585579K->47747K(2029056K), 0.0225608 secs] [Times: user=0.25 sys=0.00, real=0.02 secs] 
2020-09-29T18:23:43.335+0200: 86.180: [GC (Allocation Failure) 2020-09-29T18:23:43.335+0200: 86.180: [ParNew: 580307K->30325K(613440K), 0.0136380 secs] 593091K->43109K(2029056K), 0.0137029 secs] [Times: user=0.13 sys=0.00, real=0.01 secs] 
2020-09-29T18:23:43.401+0200: 86.245: [GC (Allocation Failure) 2020-09-29T18:23:43.401+0200: 86.245: [ParNew: 575669K->16772K(613440K), 0.0133544 secs] 588453K->29556K(2029056K), 0.0134287 secs] [Times: user=0.13 sys=0.00, real=0.01 secs] 
2020-09-29T18:23:43.467+0200: 86.311: [GC (Allocation Failure) 2020-09-29T18:23:43.467+0200: 86.311: [ParNew: 562116K->36449K(613440K), 0.0193655 secs] 574900K->49232K(2029056K), 0.0194327 secs] [Times: user=0.13 sys=0.00, real=0.02 secs] 
2020-09-29T18:23:43.540+0200: 86.384: [GC (Allocation Failure) 2020-09-29T18:23:43.540+0200: 86.384: [ParNew: 581793K->44090K(613440K), 0.0191032 secs] 594576K->56873K(2029056K), 0.0191847 secs] [Times: user=0.13 sys=0.00, real=0.02 secs] 
2020-09-29T18:23:43.611+0200: 86.455: [GC (Allocation Failure) 2020-09-29T18:23:43.611+0200: 86.455: [ParNew: 589434K->27710K(613440K), 0.0198006 secs] 602217K->40493K(2029056K), 0.0198668 secs] [Times: user=0.22 sys=0.00, real=0.02 secs] 
2020-09-29T18:23:43.681+0200: 86.524: [GC (Allocation Failure) 2020-09-29T18:23:43.681+0200: 86.524: [ParNew: 573054K->32091K(613440K), 0.0173770 secs] 585837K->44875K(2029056K), 0.0174400 secs] [Times: user=0.13 sys=0.00, real=0.02 secs] 
2020-09-29T18:23:43.754+0200: 86.597: [GC (Allocation Failure) 2020-09-29T18:23:43.754+0200: 86.598: [ParNew: 577435K->22773K(613440K), 0.0169562 secs] 590219K->35556K(2029056K), 0.0170483 secs] [Times: user=0.25 sys=0.00, real=0.02 secs] 
2020-09-29T18:23:43.829+0200: 86.673: [GC (Allocation Failure) 2020-09-29T18:23:43.829+0200: 86.673: [ParNew: 568117K->22556K(613440K), 0.0145945 secs] 580900K->35339K(2029056K), 0.0146631 secs] [Times: user=0.13 sys=0.00, real=0.02 secs] 
2020-09-29T18:23:43.902+0200: 86.746: [GC (Allocation Failure) 2020-09-29T18:23:43.902+0200: 86.746: [ParNew: 567900K->17396K(613440K), 0.0143342 secs] 580683K->30180K(2029056K), 0.0144016 secs] [Times: user=0.13 sys=0.00, real=0.02 secs] 
2020-09-29T18:23:43.970+0200: 86.814: [GC (Allocation Failure) 2020-09-29T18:23:43.970+0200: 86.814: [ParNew: 562740K->13935K(613440K), 0.0136235 secs] 575524K->26718K(2029056K), 0.0136919 secs] [Times: user=0.13 sys=0.00, real=0.01 secs] 
2020-09-29T18:23:44.042+0200: 86.886: [GC (Allocation Failure) 2020-09-29T18:23:44.042+0200: 86.886: [ParNew: 559279K->28053K(613440K), 0.0183101 secs] 572062K->40836K(2029056K), 0.0183768 secs] [Times: user=0.13 sys=0.00, real=0.02 secs] 
2020-09-29T18:23:44.109+0200: 86.953: [GC (Allocation Failure) 2020-09-29T18:23:44.109+0200: 86.953: [ParNew: 573397K->20949K(613440K), 0.0092354 secs] 586180K->33732K(2029056K), 0.0093059 secs] [Times: user=0.13 sys=0.00, real=0.01 secs] 
2020-09-29T18:23:44.186+0200: 87.030: [GC (Allocation Failure) 2020-09-29T18:23:44.186+0200: 87.030: [ParNew: 566293K->36833K(613440K), 0.0246553 secs] 579076K->49616K(2029056K), 0.0247239 secs] [Times: user=0.23 sys=0.00, real=0.02 secs] 
2020-09-29T18:23:44.257+0200: 87.101: [GC (Allocation Failure) 2020-09-29T18:23:44.257+0200: 87.101: [ParNew: 582177K->26874K(613440K), 0.0065826 secs] 594960K->39657K(2029056K), 0.0066501 secs] [Times: user=0.00 sys=0.00, real=0.01 secs] 
2020-09-29T18:23:44.341+0200: 87.185: [GC (Allocation Failure) 2020-09-29T18:23:44.341+0200: 87.185: [ParNew: 572218K->17640K(613440K), 0.0130813 secs] 585001K->30424K(2029056K), 0.0131560 secs] [Times: user=0.13 sys=0.00, real=0.01 secs] 
2020-09-29T18:23:44.411+0200: 87.255: [GC (Allocation Failure) 2020-09-29T18:23:44.411+0200: 87.255: [ParNew: 562984K->34970K(613440K), 0.0199248 secs] 575768K->47753K(2029056K), 0.0200050 secs] [Times: user=0.13 sys=0.00, real=0.02 secs] 
2020-09-29T18:23:44.493+0200: 87.338: [GC (Allocation Failure) 2020-09-29T18:23:44.493+0200: 87.338: [ParNew: 580314K->26109K(613440K), 0.0112990 secs] 593097K->38892K(2029056K), 0.0113665 secs] [Times: user=0.13 sys=0.00, real=0.01 secs] 
2020-09-29T18:23:44.563+0200: 87.407: [GC (Allocation Failure) 2020-09-29T18:23:44.563+0200: 87.407: [ParNew: 571453K->28483K(613440K), 0.0198942 secs] 584236K->41267K(2029056K), 0.0199674 secs] [Times: user=0.22 sys=0.00, real=0.02 secs] 
2020-09-29T18:23:44.631+0200: 87.475: [GC (Allocation Failure) 2020-09-29T18:23:44.631+0200: 87.475: [ParNew: 573827K->38295K(613440K), 0.0192796 secs] 586611K->51078K(2029056K), 0.0193450 secs] [Times: user=0.13 sys=0.00, real=0.02 secs] 
2020-09-29T18:23:44.699+0200: 87.543: [GC (Allocation Failure) 2020-09-29T18:23:44.699+0200: 87.544: [ParNew: 583639K->27384K(613440K), 0.0168157 secs] 596422K->40167K(2029056K), 0.0168761 secs] [Times: user=0.13 sys=0.00, real=0.02 secs] 
2020-09-29T18:23:44.772+0200: 87.616: [GC (Allocation Failure) 2020-09-29T18:23:44.772+0200: 87.617: [ParNew: 572728K->23529K(613440K), 0.0168497 secs] 585511K->36312K(2029056K), 0.0169537 secs] [Times: user=0.13 sys=0.00, real=0.02 secs] 
2020-09-29T18:23:44.834+0200: 87.679: [GC (Allocation Failure) 2020-09-29T18:23:44.835+0200: 87.679: [ParNew: 568873K->43539K(613440K), 0.0226659 secs] 581656K->56323K(2029056K), 0.0227465 secs] [Times: user=0.13 sys=0.00, real=0.02 secs] 
2020-09-29T18:23:44.902+0200: 87.746: [GC (Allocation Failure) 2020-09-29T18:23:44.902+0200: 87.746: [ParNew: 588883K->34667K(613440K), 0.0215998 secs] 601667K->47450K(2029056K), 0.0216707 secs] [Times: user=0.13 sys=0.00, real=0.02 secs] 
2020-09-29T18:23:44.973+0200: 87.817: [GC (Allocation Failure) 2020-09-29T18:23:44.973+0200: 87.817: [ParNew: 580011K->28894K(613440K), 0.0132372 secs] 592794K->41677K(2029056K), 0.0133157 secs] [Times: user=0.00 sys=0.00, real=0.01 secs] 
2020-09-29T18:23:45.037+0200: 87.882: [GC (Allocation Failure) 2020-09-29T18:23:45.037+0200: 87.882: [ParNew: 574238K->29177K(613440K), 0.0195108 secs] 587021K->41961K(2029056K), 0.0195756 secs] [Times: user=0.13 sys=0.00, real=0.02 secs] 
2020-09-29T18:23:45.103+0200: 87.947: [GC (Allocation Failure) 2020-09-29T18:23:45.103+0200: 87.947: [ParNew: 574521K->22805K(613440K), 0.0101885 secs] 587305K->35588K(2029056K), 0.0102532 secs] [Times: user=0.00 sys=0.00, real=0.01 secs] 
2020-09-29T18:23:45.165+0200: 88.009: [GC (Allocation Failure) 2020-09-29T18:23:45.165+0200: 88.009: [ParNew: 568149K->22655K(613440K), 0.0170117 secs] 580932K->35439K(2029056K), 0.0170776 secs] [Times: user=0.13 sys=0.00, real=0.02 secs] 
2020-09-29T18:23:45.231+0200: 88.075: [GC (Allocation Failure) 2020-09-29T18:23:45.231+0200: 88.075: [ParNew: 567999K->34100K(613440K), 0.0225644 secs] 580783K->46883K(2029056K), 0.0226260 secs] [Times: user=0.13 sys=0.00, real=0.02 secs] 
2020-09-29T18:23:45.298+0200: 88.143: [GC (Allocation Failure) 2020-09-29T18:23:45.298+0200: 88.143: [ParNew: 579444K->53309K(613440K), 0.0220943 secs] 592227K->66092K(2029056K), 0.0221598 secs] [Times: user=0.25 sys=0.00, real=0.02 secs] 
2020-09-29T18:23:45.371+0200: 88.215: [GC (Allocation Failure) 2020-09-29T18:23:45.371+0200: 88.215: [ParNew: 598653K->36764K(613440K), 0.0209866 secs] 611436K->49547K(2029056K), 0.0210669 secs] [Times: user=0.13 sys=0.00, real=0.02 secs] 
2020-09-29T18:23:45.437+0200: 88.281: [GC (Allocation Failure) 2020-09-29T18:23:45.437+0200: 88.281: [ParNew: 582108K->44662K(613440K), 0.0204734 secs] 594891K->57445K(2029056K), 0.0205361 secs] [Times: user=0.25 sys=0.00, real=0.02 secs] 
2020-09-29T18:23:45.505+0200: 88.350: [GC (Allocation Failure) 2020-09-29T18:23:45.506+0200: 88.350: [ParNew: 590006K->32960K(613440K), 0.0206993 secs] 602789K->45744K(2029056K), 0.0207690 secs] [Times: user=0.13 sys=0.00, real=0.02 secs] 
2020-09-29T18:23:45.576+0200: 88.420: [GC (Allocation Failure) 2020-09-29T18:23:45.576+0200: 88.420: [ParNew: 578304K->47687K(613440K), 0.0258798 secs] 591088K->60471K(2029056K), 0.0259497 secs] [Times: user=0.25 sys=0.00, real=0.03 secs] 
2020-09-29T18:23:45.648+0200: 88.493: [GC (Allocation Failure) 2020-09-29T18:23:45.648+0200: 88.493: [ParNew: 593031K->39024K(613440K), 0.0175313 secs] 605815K->51807K(2029056K), 0.0176162 secs] [Times: user=0.13 sys=0.00, real=0.02 secs] 
2020-09-29T18:23:45.730+0200: 88.574: [GC (Allocation Failure) 2020-09-29T18:23:45.730+0200: 88.575: [ParNew: 584368K->34140K(613440K), 0.0193862 secs] 597151K->46923K(2029056K), 0.0194556 secs] [Times: user=0.13 sys=0.00, real=0.02 secs] 
2020-09-29T18:23:45.806+0200: 88.651: [GC (Allocation Failure) 2020-09-29T18:23:45.806+0200: 88.651: [ParNew: 579484K->37136K(613440K), 0.0258846 secs] 592267K->49919K(2029056K), 0.0259513 secs] [Times: user=0.25 sys=0.00, real=0.03 secs] 
2020-09-29T18:23:45.879+0200: 88.723: [GC (Allocation Failure) 2020-09-29T18:23:45.879+0200: 88.723: [ParNew: 582480K->50978K(613440K), 0.0242403 secs] 595263K->63761K(2029056K), 0.0243085 secs] [Times: user=0.13 sys=0.00, real=0.02 secs] 
2020-09-29T18:23:45.957+0200: 88.802: [GC (Allocation Failure) 2020-09-29T18:23:45.957+0200: 88.802: [ParNew: 596322K->38895K(613440K), 0.0233351 secs] 609105K->51679K(2029056K), 0.0234071 secs] [Times: user=0.13 sys=0.00, real=0.02 secs] 
2020-09-29T18:23:46.031+0200: 88.875: [GC (Allocation Failure) 2020-09-29T18:23:46.031+0200: 88.875: [ParNew: 584239K->28979K(613440K), 0.0154131 secs] 597023K->41763K(2029056K), 0.0154808 secs] [Times: user=0.13 sys=0.00, real=0.02 secs] 
2020-09-29T18:23:46.106+0200: 88.950: [GC (Allocation Failure) 2020-09-29T18:23:46.106+0200: 88.950: [ParNew: 574323K->15668K(613440K), 0.0145433 secs] 587107K->28452K(2029056K), 0.0146154 secs] [Times: user=0.13 sys=0.00, real=0.02 secs] 
2020-09-29T18:23:46.194+0200: 89.038: [GC (Allocation Failure) 2020-09-29T18:23:46.194+0200: 89.038: [ParNew: 561012K->12745K(613440K), 0.0126443 secs] 573796K->25528K(2029056K), 0.0127137 secs] [Times: user=0.00 sys=0.00, real=0.01 secs] 
2020-09-29T18:23:46.323+0200: 89.168: [GC (Allocation Failure) 2020-09-29T18:23:46.330+0200: 89.174: [ParNew: 558089K->10369K(613440K), 0.0111339 secs] 570872K->23152K(2029056K), 0.0171649 secs] [Times: user=0.13 sys=0.00, real=0.02 secs] 
2020-09-29T18:23:46.458+0200: 89.302: [GC (Allocation Failure) 2020-09-29T18:23:46.458+0200: 89.302: [ParNew: 555713K->8565K(613440K), 0.0098392 secs] 568496K->21348K(2029056K), 0.0099065 secs] [Times: user=0.00 sys=0.00, real=0.01 secs] 
2020-09-29T18:23:46.584+0200: 89.428: [GC (Allocation Failure) 2020-09-29T18:23:46.584+0200: 89.428: [ParNew: 553909K->6322K(613440K), 0.0084972 secs] 566692K->19105K(2029056K), 0.0085653 secs] [Times: user=0.00 sys=0.00, real=0.01 secs] 
2020-09-29T18:23:46.710+0200: 89.554: [GC (Allocation Failure) 2020-09-29T18:23:46.710+0200: 89.554: [ParNew: 551666K->5391K(613440K), 0.0074177 secs] 564449K->18174K(2029056K), 0.0074837 secs] [Times: user=0.00 sys=0.00, real=0.01 secs] 
Heap
 par new generation   total 613440K, used 87347K [0x0000000080000000, 0x00000000a9990000, 0x00000000a9990000)
  eden space 545344K,  15% used [0x0000000080000000, 0x0000000085009140, 0x00000000a1490000)
  from space 68096K,   7% used [0x00000000a5710000, 0x00000000a5c53d90, 0x00000000a9990000)
  to   space 68096K,   0% used [0x00000000a1490000, 0x00000000a1490000, 0x00000000a5710000)
 concurrent mark-sweep generation total 1415616K, used 12783K [0x00000000a9990000, 0x0000000100000000, 0x0000000100000000)
 Metaspace       used 2594K, capacity 4486K, committed 4864K, reserved 1056768K
  class space    used 285K, capacity 386K, committed 512K, reserved 1048576K
