Java HotSpot(TM) 64-Bit Server VM (25.261-b12) for windows-amd64 JRE (1.8.0_261-b12), built on Jun 18 2020 06:56:32 by "" with unknown MS VC++:1916
Memory: 4k page, physical 16659684k(9555576k free), swap 23213284k(9176960k free)
CommandLine flags: -XX:InitialHeapSize=2147483648 -XX:MaxHeapSize=2147483648 -XX:MaxNewSize=697933824 -XX:MaxTenuringThreshold=6 -XX:NewSize=697933824 -XX:OldPLABSize=16 -XX:OldSize=1395867648 -XX:+PrintGC -XX:+PrintGCDateStamps -XX:+PrintGCDetails -XX:+PrintGCTimeStamps -XX:+UseCompressedClassPointers -XX:+UseCompressedOops -XX:+UseConcMarkSweepGC -XX:-UseLargePagesIndividualAllocation -XX:+UseParNewGC 
2020-09-29T18:19:18.591+0200: 0.311: [GC (Allocation Failure) 2020-09-29T18:19:18.591+0200: 0.311: [ParNew: 545344K->38832K(613440K), 0.0455040 secs] 545344K->38832K(2029056K), 0.0457140 secs] [Times: user=0.19 sys=0.06, real=0.04 secs] 
2020-09-29T18:19:18.703+0200: 0.423: [GC (Allocation Failure) 2020-09-29T18:19:18.703+0200: 0.423: [ParNew: 584176K->40495K(613440K), 0.0582774 secs] 584176K->40888K(2029056K), 0.0584012 secs] [Times: user=0.47 sys=0.03, real=0.06 secs] 
2020-09-29T18:19:18.814+0200: 0.535: [GC (Allocation Failure) 2020-09-29T18:19:18.815+0200: 0.535: [ParNew: 585839K->37679K(613440K), 0.0275545 secs] 586232K->38071K(2029056K), 0.0276521 secs] [Times: user=0.25 sys=0.00, real=0.03 secs] 
2020-09-29T18:19:18.894+0200: 0.614: [GC (Allocation Failure) 2020-09-29T18:19:18.894+0200: 0.614: [ParNew: 583023K->33513K(613440K), 0.0263620 secs] 583415K->33906K(2029056K), 0.0264490 secs] [Times: user=0.25 sys=0.00, real=0.03 secs] 
2020-09-29T18:19:18.977+0200: 0.698: [GC (Allocation Failure) 2020-09-29T18:19:18.977+0200: 0.698: [ParNew: 578857K->38366K(613440K), 0.0144963 secs] 579250K->38758K(2029056K), 0.0145519 secs] [Times: user=0.13 sys=0.00, real=0.02 secs] 
2020-09-29T18:19:19.042+0200: 0.762: [GC (Allocation Failure) 2020-09-29T18:19:19.042+0200: 0.762: [ParNew: 583710K->33043K(613440K), 0.0137827 secs] 584102K->33436K(2029056K), 0.0138401 secs] [Times: user=0.13 sys=0.00, real=0.01 secs] 
2020-09-29T18:19:19.103+0200: 0.823: [GC (Allocation Failure) 2020-09-29T18:19:19.103+0200: 0.823: [ParNew: 578387K->55375K(613440K), 0.0248520 secs] 578780K->55767K(2029056K), 0.0249076 secs] [Times: user=0.13 sys=0.00, real=0.03 secs] 
2020-09-29T18:19:19.175+0200: 0.895: [GC (Allocation Failure) 2020-09-29T18:19:19.175+0200: 0.895: [ParNew: 600719K->43477K(613440K), 0.0127859 secs] 601111K->43870K(2029056K), 0.0128449 secs] [Times: user=0.13 sys=0.00, real=0.01 secs] 
2020-09-29T18:19:19.239+0200: 0.959: [GC (Allocation Failure) 2020-09-29T18:19:19.239+0200: 0.959: [ParNew: 588821K->60294K(613440K), 0.0228845 secs] 589214K->60687K(2029056K), 0.0229408 secs] [Times: user=0.13 sys=0.00, real=0.02 secs] 
2020-09-29T18:19:19.309+0200: 1.029: [GC (Allocation Failure) 2020-09-29T18:19:19.309+0200: 1.029: [ParNew: 605638K->46513K(613440K), 0.0158389 secs] 606031K->46905K(2029056K), 0.0158898 secs] [Times: user=0.13 sys=0.00, real=0.02 secs] 
2020-09-29T18:19:19.376+0200: 1.096: [GC (Allocation Failure) 2020-09-29T18:19:19.376+0200: 1.096: [ParNew: 591857K->60649K(613440K), 0.0212630 secs] 592249K->61042K(2029056K), 0.0213313 secs] [Times: user=0.25 sys=0.00, real=0.02 secs] 
2020-09-29T18:19:19.445+0200: 1.165: [GC (Allocation Failure) 2020-09-29T18:19:19.445+0200: 1.165: [ParNew: 605993K->49168K(613440K), 0.0157590 secs] 606386K->49560K(2029056K), 0.0158181 secs] [Times: user=0.13 sys=0.00, real=0.02 secs] 
2020-09-29T18:19:19.508+0200: 1.228: [GC (Allocation Failure) 2020-09-29T18:19:19.508+0200: 1.228: [ParNew: 594512K->36694K(613440K), 0.0142057 secs] 594904K->37086K(2029056K), 0.0142785 secs] [Times: user=0.13 sys=0.00, real=0.01 secs] 
2020-09-29T18:19:19.572+0200: 1.292: [GC (Allocation Failure) 2020-09-29T18:19:19.572+0200: 1.292: [ParNew: 582038K->25808K(613440K), 0.0155605 secs] 582430K->26201K(2029056K), 0.0156226 secs] [Times: user=0.11 sys=0.00, real=0.02 secs] 
2020-09-29T18:19:19.639+0200: 1.359: [GC (Allocation Failure) 2020-09-29T18:19:19.639+0200: 1.359: [ParNew: 571152K->55863K(613440K), 0.0228323 secs] 571545K->56256K(2029056K), 0.0229441 secs] [Times: user=0.25 sys=0.00, real=0.02 secs] 
2020-09-29T18:19:19.708+0200: 1.429: [GC (Allocation Failure) 2020-09-29T18:19:19.708+0200: 1.429: [ParNew: 601207K->43274K(613440K), 0.0099556 secs] 601600K->43666K(2029056K), 0.0100121 secs] [Times: user=0.00 sys=0.00, real=0.01 secs] 
2020-09-29T18:19:19.774+0200: 1.495: [GC (Allocation Failure) 2020-09-29T18:19:19.774+0200: 1.495: [ParNew: 588618K->34094K(613440K), 0.0146318 secs] 589010K->34486K(2029056K), 0.0146879 secs] [Times: user=0.13 sys=0.00, real=0.02 secs] 
2020-09-29T18:19:19.838+0200: 1.559: [GC (Allocation Failure) 2020-09-29T18:19:19.838+0200: 1.559: [ParNew: 579438K->45195K(613440K), 0.0197817 secs] 579830K->45587K(2029056K), 0.0198381 secs] [Times: user=0.13 sys=0.00, real=0.02 secs] 
2020-09-29T18:19:19.906+0200: 1.626: [GC (Allocation Failure) 2020-09-29T18:19:19.906+0200: 1.626: [ParNew: 590539K->59461K(613440K), 0.0188117 secs] 590931K->59854K(2029056K), 0.0188795 secs] [Times: user=0.13 sys=0.00, real=0.02 secs] 
2020-09-29T18:19:19.977+0200: 1.697: [GC (Allocation Failure) 2020-09-29T18:19:19.977+0200: 1.697: [ParNew: 604805K->45025K(613440K), 0.0176916 secs] 605198K->45417K(2029056K), 0.0177516 secs] [Times: user=0.13 sys=0.00, real=0.02 secs] 
2020-09-29T18:19:20.043+0200: 1.763: [GC (Allocation Failure) 2020-09-29T18:19:20.044+0200: 1.763: [ParNew: 590369K->34806K(613440K), 0.0126649 secs] 590761K->35198K(2029056K), 0.0127259 secs] [Times: user=0.11 sys=0.00, real=0.01 secs] 
2020-09-29T18:19:20.108+0200: 1.828: [GC (Allocation Failure) 2020-09-29T18:19:20.108+0200: 1.828: [ParNew: 580150K->53714K(613440K), 0.0216993 secs] 580542K->54107K(2029056K), 0.0217882 secs] [Times: user=0.25 sys=0.00, real=0.02 secs] 
2020-09-29T18:19:20.179+0200: 1.899: [GC (Allocation Failure) 2020-09-29T18:19:20.179+0200: 1.899: [ParNew: 599058K->68096K(613440K), 0.0213298 secs] 599451K->68488K(2029056K), 0.0214132 secs] [Times: user=0.13 sys=0.00, real=0.02 secs] 
2020-09-29T18:19:20.247+0200: 1.967: [GC (Allocation Failure) 2020-09-29T18:19:20.247+0200: 1.967: [ParNew: 613440K->49362K(613440K), 0.0157506 secs] 613832K->49754K(2029056K), 0.0158075 secs] [Times: user=0.13 sys=0.00, real=0.02 secs] 
2020-09-29T18:19:20.311+0200: 2.031: [GC (Allocation Failure) 2020-09-29T18:19:20.311+0200: 2.031: [ParNew: 594706K->44673K(613440K), 0.0189754 secs] 595098K->45066K(2029056K), 0.0190744 secs] [Times: user=0.13 sys=0.00, real=0.02 secs] 
2020-09-29T18:19:20.378+0200: 2.098: [GC (Allocation Failure) 2020-09-29T18:19:20.378+0200: 2.098: [ParNew: 590017K->53200K(613440K), 0.0196481 secs] 590410K->53592K(2029056K), 0.0197307 secs] [Times: user=0.22 sys=0.01, real=0.02 secs] 
2020-09-29T18:19:20.446+0200: 2.166: [GC (Allocation Failure) 2020-09-29T18:19:20.446+0200: 2.166: [ParNew: 598544K->32862K(613440K), 0.0109935 secs] 598936K->33255K(2029056K), 0.0110515 secs] [Times: user=0.00 sys=0.00, real=0.01 secs] 
2020-09-29T18:19:20.506+0200: 2.225: [GC (Allocation Failure) 2020-09-29T18:19:20.506+0200: 2.225: [ParNew: 578206K->50765K(613440K), 0.0202225 secs] 578599K->51157K(2029056K), 0.0202799 secs] [Times: user=0.13 sys=0.00, real=0.02 secs] 
2020-09-29T18:19:20.577+0200: 2.297: [GC (Allocation Failure) 2020-09-29T18:19:20.577+0200: 2.297: [ParNew: 596109K->67345K(613440K), 0.0266331 secs] 596501K->67737K(2029056K), 0.0267213 secs] [Times: user=0.22 sys=0.00, real=0.03 secs] 
2020-09-29T18:19:20.653+0200: 2.373: [GC (Allocation Failure) 2020-09-29T18:19:20.653+0200: 2.373: [ParNew: 612689K->47530K(613440K), 0.0079365 secs] 613081K->47922K(2029056K), 0.0080003 secs] [Times: user=0.13 sys=0.00, real=0.01 secs] 
2020-09-29T18:19:20.717+0200: 2.437: [GC (Allocation Failure) 2020-09-29T18:19:20.717+0200: 2.437: [ParNew: 592874K->56596K(613440K), 0.0235274 secs] 593266K->56989K(2029056K), 0.0235878 secs] [Times: user=0.25 sys=0.00, real=0.02 secs] 
2020-09-29T18:19:20.788+0200: 2.508: [GC (Allocation Failure) 2020-09-29T18:19:20.788+0200: 2.508: [ParNew: 601940K->44966K(613440K), 0.0190536 secs] 602333K->45359K(2029056K), 0.0191453 secs] [Times: user=0.13 sys=0.00, real=0.02 secs] 
2020-09-29T18:19:20.859+0200: 2.579: [GC (Allocation Failure) 2020-09-29T18:19:20.859+0200: 2.579: [ParNew: 590310K->35596K(613440K), 0.0105865 secs] 590703K->35989K(2029056K), 0.0106490 secs] [Times: user=0.13 sys=0.00, real=0.01 secs] 
2020-09-29T18:19:20.921+0200: 2.641: [GC (Allocation Failure) 2020-09-29T18:19:20.921+0200: 2.641: [ParNew: 580940K->35497K(613440K), 0.0161997 secs] 581333K->35890K(2029056K), 0.0162560 secs] [Times: user=0.13 sys=0.00, real=0.02 secs] 
2020-09-29T18:19:20.985+0200: 2.704: [GC (Allocation Failure) 2020-09-29T18:19:20.985+0200: 2.704: [ParNew: 580841K->42527K(613440K), 0.0157958 secs] 581234K->42919K(2029056K), 0.0158488 secs] [Times: user=0.11 sys=0.00, real=0.02 secs] 
2020-09-29T18:19:21.053+0200: 2.773: [GC (Allocation Failure) 2020-09-29T18:19:21.053+0200: 2.773: [ParNew: 587871K->35312K(613440K), 0.0135881 secs] 588263K->35704K(2029056K), 0.0136451 secs] [Times: user=0.00 sys=0.00, real=0.01 secs] 
2020-09-29T18:19:21.118+0200: 2.838: [GC (Allocation Failure) 2020-09-29T18:19:21.118+0200: 2.838: [ParNew: 580656K->31783K(613440K), 0.0125760 secs] 581048K->32175K(2029056K), 0.0126328 secs] [Times: user=0.13 sys=0.00, real=0.01 secs] 
2020-09-29T18:19:21.182+0200: 2.902: [GC (Allocation Failure) 2020-09-29T18:19:21.182+0200: 2.902: [ParNew: 577127K->45979K(613440K), 0.0175103 secs] 577519K->46371K(2029056K), 0.0175820 secs] [Times: user=0.13 sys=0.00, real=0.02 secs] 
2020-09-29T18:19:21.248+0200: 2.968: [GC (Allocation Failure) 2020-09-29T18:19:21.248+0200: 2.968: [ParNew: 591323K->36788K(613440K), 0.0175465 secs] 591715K->37180K(2029056K), 0.0176011 secs] [Times: user=0.13 sys=0.00, real=0.02 secs] 
2020-09-29T18:19:21.313+0200: 3.033: [GC (Allocation Failure) 2020-09-29T18:19:21.313+0200: 3.033: [ParNew: 582132K->60883K(613440K), 0.0223461 secs] 582524K->61275K(2029056K), 0.0224040 secs] [Times: user=0.25 sys=0.00, real=0.02 secs] 
2020-09-29T18:19:21.383+0200: 3.103: [GC (Allocation Failure) 2020-09-29T18:19:21.383+0200: 3.103: [ParNew: 606227K->42798K(613440K), 0.0169075 secs] 606619K->43190K(2029056K), 0.0170194 secs] [Times: user=0.13 sys=0.00, real=0.02 secs] 
2020-09-29T18:19:21.452+0200: 3.172: [GC (Allocation Failure) 2020-09-29T18:19:21.452+0200: 3.172: [ParNew: 588142K->29881K(613440K), 0.0092358 secs] 588534K->30273K(2029056K), 0.0092919 secs] [Times: user=0.13 sys=0.00, real=0.01 secs] 
2020-09-29T18:19:21.510+0200: 3.230: [GC (Allocation Failure) 2020-09-29T18:19:21.510+0200: 3.230: [ParNew: 575225K->44770K(613440K), 0.0183539 secs] 575617K->45162K(2029056K), 0.0184086 secs] [Times: user=0.13 sys=0.00, real=0.02 secs] 
2020-09-29T18:19:21.578+0200: 3.298: [GC (Allocation Failure) 2020-09-29T18:19:21.578+0200: 3.298: [ParNew: 590114K->52657K(613440K), 0.0182617 secs] 590506K->53049K(2029056K), 0.0183304 secs] [Times: user=0.11 sys=0.00, real=0.02 secs] 
2020-09-29T18:19:21.650+0200: 3.370: [GC (Allocation Failure) 2020-09-29T18:19:21.650+0200: 3.370: [ParNew: 598001K->44373K(613440K), 0.0184957 secs] 598393K->44766K(2029056K), 0.0185530 secs] [Times: user=0.13 sys=0.00, real=0.02 secs] 
2020-09-29T18:19:21.717+0200: 3.438: [GC (Allocation Failure) 2020-09-29T18:19:21.717+0200: 3.438: [ParNew: 589717K->40552K(613440K), 0.0171967 secs] 590110K->40945K(2029056K), 0.0172520 secs] [Times: user=0.13 sys=0.00, real=0.02 secs] 
2020-09-29T18:19:21.785+0200: 3.506: [GC (Allocation Failure) 2020-09-29T18:19:21.785+0200: 3.506: [ParNew: 585896K->67112K(613440K), 0.0215044 secs] 586289K->67504K(2029056K), 0.0215710 secs] [Times: user=0.16 sys=0.00, real=0.02 secs] 
2020-09-29T18:19:21.858+0200: 3.578: [GC (Allocation Failure) 2020-09-29T18:19:21.858+0200: 3.578: [ParNew: 612456K->54633K(613440K), 0.0210475 secs] 612848K->55025K(2029056K), 0.0211149 secs] [Times: user=0.25 sys=0.00, real=0.02 secs] 
2020-09-29T18:19:21.927+0200: 3.648: [GC (Allocation Failure) 2020-09-29T18:19:21.927+0200: 3.648: [ParNew: 599977K->45051K(613440K), 0.0153337 secs] 600369K->45443K(2029056K), 0.0153903 secs] [Times: user=0.13 sys=0.00, real=0.02 secs] 
2020-09-29T18:19:21.996+0200: 3.716: [GC (Allocation Failure) 2020-09-29T18:19:21.996+0200: 3.716: [ParNew: 590395K->35883K(613440K), 0.0138663 secs] 590787K->36275K(2029056K), 0.0139215 secs] [Times: user=0.13 sys=0.00, real=0.01 secs] 
2020-09-29T18:19:22.060+0200: 3.780: [GC (Allocation Failure) 2020-09-29T18:19:22.060+0200: 3.780: [ParNew: 581227K->45874K(613440K), 0.0195148 secs] 581619K->46266K(2029056K), 0.0195758 secs] [Times: user=0.13 sys=0.00, real=0.02 secs] 
2020-09-29T18:19:22.126+0200: 3.847: [GC (Allocation Failure) 2020-09-29T18:19:22.126+0200: 3.847: [ParNew: 591218K->42162K(613440K), 0.0186970 secs] 591610K->42555K(2029056K), 0.0187521 secs] [Times: user=0.25 sys=0.00, real=0.02 secs] 
2020-09-29T18:19:22.192+0200: 3.912: [GC (Allocation Failure) 2020-09-29T18:19:22.192+0200: 3.912: [ParNew: 587506K->40063K(613440K), 0.0170923 secs] 587899K->40456K(2029056K), 0.0171620 secs] [Times: user=0.13 sys=0.00, real=0.02 secs] 
2020-09-29T18:19:22.257+0200: 3.977: [GC (Allocation Failure) 2020-09-29T18:19:22.257+0200: 3.977: [ParNew: 585407K->35695K(613440K), 0.0167703 secs] 585800K->36087K(2029056K), 0.0168450 secs] [Times: user=0.13 sys=0.00, real=0.02 secs] 
2020-09-29T18:19:22.322+0200: 4.042: [GC (Allocation Failure) 2020-09-29T18:19:22.322+0200: 4.042: [ParNew: 581039K->60093K(613440K), 0.0207166 secs] 581431K->60486K(2029056K), 0.0208019 secs] [Times: user=0.13 sys=0.00, real=0.02 secs] 
2020-09-29T18:19:22.394+0200: 4.114: [GC (Allocation Failure) 2020-09-29T18:19:22.394+0200: 4.114: [ParNew: 605437K->43750K(613440K), 0.0154508 secs] 605830K->44142K(2029056K), 0.0155146 secs] [Times: user=0.13 sys=0.00, real=0.01 secs] 
2020-09-29T18:19:22.456+0200: 4.176: [GC (Allocation Failure) 2020-09-29T18:19:22.456+0200: 4.176: [ParNew: 589094K->43498K(613440K), 0.0193688 secs] 589486K->43890K(2029056K), 0.0194308 secs] [Times: user=0.25 sys=0.00, real=0.02 secs] 
2020-09-29T18:19:22.526+0200: 4.247: [GC (Allocation Failure) 2020-09-29T18:19:22.527+0200: 4.247: [ParNew: 588842K->36363K(613440K), 0.0130837 secs] 589234K->36755K(2029056K), 0.0131454 secs] [Times: user=0.13 sys=0.00, real=0.01 secs] 
2020-09-29T18:19:22.600+0200: 4.321: [GC (Allocation Failure) 2020-09-29T18:19:22.600+0200: 4.321: [ParNew: 581707K->62122K(613440K), 0.0239688 secs] 582099K->62514K(2029056K), 0.0240248 secs] [Times: user=0.13 sys=0.00, real=0.02 secs] 
2020-09-29T18:19:22.675+0200: 4.395: [GC (Allocation Failure) 2020-09-29T18:19:22.675+0200: 4.395: [ParNew: 607466K->44127K(613440K), 0.0176473 secs] 607858K->44519K(2029056K), 0.0177077 secs] [Times: user=0.25 sys=0.00, real=0.02 secs] 
2020-09-29T18:19:22.744+0200: 4.464: [GC (Allocation Failure) 2020-09-29T18:19:22.744+0200: 4.464: [ParNew: 589471K->68096K(613440K), 0.0223495 secs] 589863K->68488K(2029056K), 0.0224192 secs] [Times: user=0.13 sys=0.00, real=0.02 secs] 
2020-09-29T18:19:22.816+0200: 4.536: [GC (Allocation Failure) 2020-09-29T18:19:22.816+0200: 4.536: [ParNew: 613440K->44743K(613440K), 0.0088910 secs] 613832K->45136K(2029056K), 0.0089485 secs] [Times: user=0.13 sys=0.00, real=0.01 secs] 
2020-09-29T18:19:22.886+0200: 4.606: [GC (Allocation Failure) 2020-09-29T18:19:22.886+0200: 4.606: [ParNew: 590087K->30111K(613440K), 0.0152014 secs] 590480K->30504K(2029056K), 0.0152660 secs] [Times: user=0.13 sys=0.00, real=0.02 secs] 
2020-09-29T18:19:22.953+0200: 4.673: [GC (Allocation Failure) 2020-09-29T18:19:22.953+0200: 4.673: [ParNew: 575455K->41816K(613440K), 0.0205359 secs] 575848K->42209K(2029056K), 0.0206230 secs] [Times: user=0.25 sys=0.00, real=0.02 secs] 
2020-09-29T18:19:23.024+0200: 4.744: [GC (Allocation Failure) 2020-09-29T18:19:23.024+0200: 4.744: [ParNew: 587160K->38656K(613440K), 0.0142829 secs] 587553K->39049K(2029056K), 0.0143525 secs] [Times: user=0.13 sys=0.00, real=0.02 secs] 
2020-09-29T18:19:23.098+0200: 4.818: [GC (Allocation Failure) 2020-09-29T18:19:23.098+0200: 4.818: [ParNew: 584000K->46325K(613440K), 0.0185839 secs] 584393K->46717K(2029056K), 0.0186429 secs] [Times: user=0.13 sys=0.00, real=0.02 secs] 
2020-09-29T18:19:23.164+0200: 4.884: [GC (Allocation Failure) 2020-09-29T18:19:23.164+0200: 4.884: [ParNew: 591669K->50939K(613440K), 0.0165877 secs] 592061K->51331K(2029056K), 0.0166433 secs] [Times: user=0.13 sys=0.00, real=0.02 secs] 
2020-09-29T18:19:23.231+0200: 4.951: [GC (Allocation Failure) 2020-09-29T18:19:23.231+0200: 4.951: [ParNew: 596283K->37202K(613440K), 0.0160540 secs] 596675K->37594K(2029056K), 0.0161079 secs] [Times: user=0.13 sys=0.00, real=0.02 secs] 
2020-09-29T18:19:23.294+0200: 5.014: [GC (Allocation Failure) 2020-09-29T18:19:23.294+0200: 5.014: [ParNew: 582546K->32741K(613440K), 0.0148419 secs] 582938K->33133K(2029056K), 0.0149103 secs] [Times: user=0.13 sys=0.00, real=0.02 secs] 
2020-09-29T18:19:23.361+0200: 5.081: [GC (Allocation Failure) 2020-09-29T18:19:23.361+0200: 5.081: [ParNew: 578085K->53489K(613440K), 0.0195139 secs] 578477K->53881K(2029056K), 0.0195698 secs] [Times: user=0.25 sys=0.00, real=0.02 secs] 
2020-09-29T18:19:23.430+0200: 5.150: [GC (Allocation Failure) 2020-09-29T18:19:23.430+0200: 5.150: [ParNew: 598833K->41522K(613440K), 0.0120971 secs] 599225K->41914K(2029056K), 0.0121560 secs] [Times: user=0.11 sys=0.00, real=0.01 secs] 
2020-09-29T18:19:23.496+0200: 5.216: [GC (Allocation Failure) 2020-09-29T18:19:23.496+0200: 5.216: [ParNew: 586866K->23034K(613440K), 0.0121114 secs] 587258K->23426K(2029056K), 0.0121686 secs] [Times: user=0.13 sys=0.00, real=0.01 secs] 
2020-09-29T18:19:23.560+0200: 5.280: [GC (Allocation Failure) 2020-09-29T18:19:23.560+0200: 5.280: [ParNew: 568378K->50464K(613440K), 0.0210686 secs] 568770K->50857K(2029056K), 0.0211744 secs] [Times: user=0.13 sys=0.00, real=0.02 secs] 
2020-09-29T18:19:23.632+0200: 5.352: [GC (Allocation Failure) 2020-09-29T18:19:23.632+0200: 5.352: [ParNew: 595808K->63941K(613440K), 0.0216832 secs] 596201K->64334K(2029056K), 0.0217427 secs] [Times: user=0.13 sys=0.00, real=0.02 secs] 
2020-09-29T18:19:23.704+0200: 5.424: [GC (Allocation Failure) 2020-09-29T18:19:23.704+0200: 5.424: [ParNew: 609285K->46435K(613440K), 0.0198309 secs] 609678K->46827K(2029056K), 0.0198878 secs] [Times: user=0.25 sys=0.00, real=0.02 secs] 
2020-09-29T18:19:23.772+0200: 5.492: [GC (Allocation Failure) 2020-09-29T18:19:23.772+0200: 5.492: [ParNew: 591779K->41470K(613440K), 0.0143553 secs] 592171K->41863K(2029056K), 0.0144512 secs] [Times: user=0.13 sys=0.00, real=0.01 secs] 
2020-09-29T18:19:23.840+0200: 5.560: [GC (Allocation Failure) 2020-09-29T18:19:23.840+0200: 5.560: [ParNew: 586814K->40212K(613440K), 0.0178510 secs] 587207K->40605K(2029056K), 0.0179069 secs] [Times: user=0.13 sys=0.00, real=0.02 secs] 
2020-09-29T18:19:23.904+0200: 5.624: [GC (Allocation Failure) 2020-09-29T18:19:23.904+0200: 5.624: [ParNew: 585556K->33740K(613440K), 0.0171063 secs] 585949K->34133K(2029056K), 0.0171642 secs] [Times: user=0.13 sys=0.00, real=0.02 secs] 
2020-09-29T18:19:23.968+0200: 5.688: [GC (Allocation Failure) 2020-09-29T18:19:23.968+0200: 5.688: [ParNew: 579084K->34325K(613440K), 0.0154819 secs] 579477K->34717K(2029056K), 0.0155367 secs] [Times: user=0.13 sys=0.00, real=0.02 secs] 
2020-09-29T18:19:24.037+0200: 5.757: [GC (Allocation Failure) 2020-09-29T18:19:24.037+0200: 5.757: [ParNew: 579669K->59451K(613440K), 0.0252436 secs] 580061K->59844K(2029056K), 0.0253046 secs] [Times: user=0.13 sys=0.00, real=0.03 secs] 
2020-09-29T18:19:24.110+0200: 5.830: [GC (Allocation Failure) 2020-09-29T18:19:24.110+0200: 5.830: [ParNew: 604795K->48634K(613440K), 0.0137259 secs] 605188K->49026K(2029056K), 0.0209602 secs] [Times: user=0.13 sys=0.00, real=0.02 secs] 
2020-09-29T18:19:24.183+0200: 5.903: [GC (Allocation Failure) 2020-09-29T18:19:24.183+0200: 5.903: [ParNew: 593978K->44332K(613440K), 0.0188280 secs] 594370K->44725K(2029056K), 0.0188808 secs] [Times: user=0.13 sys=0.00, real=0.02 secs] 
2020-09-29T18:19:24.256+0200: 5.976: [GC (Allocation Failure) 2020-09-29T18:19:24.256+0200: 5.976: [ParNew: 589676K->48575K(613440K), 0.0187603 secs] 590069K->48967K(2029056K), 0.0188148 secs] [Times: user=0.13 sys=0.00, real=0.02 secs] 
2020-09-29T18:19:24.322+0200: 6.042: [GC (Allocation Failure) 2020-09-29T18:19:24.322+0200: 6.042: [ParNew: 593919K->41172K(613440K), 0.0170851 secs] 594311K->41564K(2029056K), 0.0172275 secs] [Times: user=0.13 sys=0.00, real=0.02 secs] 
2020-09-29T18:19:24.388+0200: 6.108: [GC (Allocation Failure) 2020-09-29T18:19:24.388+0200: 6.108: [ParNew: 586516K->63475K(613440K), 0.0226812 secs] 586908K->63868K(2029056K), 0.0227873 secs] [Times: user=0.14 sys=0.00, real=0.02 secs] 
2020-09-29T18:19:24.459+0200: 6.179: [GC (Allocation Failure) 2020-09-29T18:19:24.459+0200: 6.179: [ParNew: 608819K->45855K(613440K), 0.0150212 secs] 609212K->46247K(2029056K), 0.0150784 secs] [Times: user=0.13 sys=0.00, real=0.01 secs] 
2020-09-29T18:19:24.524+0200: 6.244: [GC (Allocation Failure) 2020-09-29T18:19:24.524+0200: 6.244: [ParNew: 591199K->27669K(613440K), 0.0130277 secs] 591591K->28062K(2029056K), 0.0130835 secs] [Times: user=0.13 sys=0.00, real=0.01 secs] 
2020-09-29T18:19:24.588+0200: 6.308: [GC (Allocation Failure) 2020-09-29T18:19:24.588+0200: 6.308: [ParNew: 573013K->46320K(613440K), 0.0188702 secs] 573406K->46713K(2029056K), 0.0189286 secs] [Times: user=0.13 sys=0.00, real=0.02 secs] 
2020-09-29T18:19:24.658+0200: 6.378: [GC (Allocation Failure) 2020-09-29T18:19:24.658+0200: 6.378: [ParNew: 591664K->63212K(613440K), 0.0234153 secs] 592057K->63604K(2029056K), 0.0234720 secs] [Times: user=0.25 sys=0.00, real=0.02 secs] 
2020-09-29T18:19:24.728+0200: 6.448: [GC (Allocation Failure) 2020-09-29T18:19:24.728+0200: 6.448: [ParNew: 608556K->42482K(613440K), 0.0125832 secs] 608948K->42874K(2029056K), 0.0126502 secs] [Times: user=0.13 sys=0.00, real=0.01 secs] 
2020-09-29T18:19:24.790+0200: 6.510: [GC (Allocation Failure) 2020-09-29T18:19:24.790+0200: 6.510: [ParNew: 587826K->41616K(613440K), 0.0159268 secs] 588218K->42009K(2029056K), 0.0159883 secs] [Times: user=0.13 sys=0.00, real=0.02 secs] 
2020-09-29T18:19:24.857+0200: 6.578: [GC (Allocation Failure) 2020-09-29T18:19:24.858+0200: 6.578: [ParNew: 586960K->60095K(613440K), 0.0206947 secs] 587353K->60487K(2029056K), 0.0207732 secs] [Times: user=0.13 sys=0.00, real=0.02 secs] 
2020-09-29T18:19:24.927+0200: 6.647: [GC (Allocation Failure) 2020-09-29T18:19:24.927+0200: 6.647: [ParNew: 605439K->42311K(613440K), 0.0143818 secs] 605831K->42703K(2029056K), 0.0144774 secs] [Times: user=0.02 sys=0.00, real=0.01 secs] 
2020-09-29T18:19:24.992+0200: 6.712: [GC (Allocation Failure) 2020-09-29T18:19:24.992+0200: 6.712: [ParNew: 587655K->33100K(613440K), 0.0143087 secs] 588047K->33493K(2029056K), 0.0143645 secs] [Times: user=0.13 sys=0.00, real=0.01 secs] 
2020-09-29T18:19:25.061+0200: 6.781: [GC (Allocation Failure) 2020-09-29T18:19:25.061+0200: 6.781: [ParNew: 578444K->54148K(613440K), 0.0190854 secs] 578837K->54540K(2029056K), 0.0191654 secs] [Times: user=0.13 sys=0.00, real=0.02 secs] 
2020-09-29T18:19:25.131+0200: 6.851: [GC (Allocation Failure) 2020-09-29T18:19:25.131+0200: 6.851: [ParNew: 599492K->49117K(613440K), 0.0185621 secs] 599884K->49509K(2029056K), 0.0186223 secs] [Times: user=0.13 sys=0.00, real=0.02 secs] 
2020-09-29T18:19:25.206+0200: 6.926: [GC (Allocation Failure) 2020-09-29T18:19:25.206+0200: 6.926: [ParNew: 594461K->68096K(613440K), 0.0396434 secs] 594853K->68488K(2029056K), 0.0397223 secs] [Times: user=0.38 sys=0.00, real=0.04 secs] 
2020-09-29T18:19:25.296+0200: 7.017: [GC (Allocation Failure) 2020-09-29T18:19:25.296+0200: 7.017: [ParNew: 613440K->44318K(613440K), 0.0094863 secs] 613832K->44711K(2029056K), 0.0095384 secs] [Times: user=0.13 sys=0.00, real=0.01 secs] 
2020-09-29T18:19:25.353+0200: 7.073: [GC (Allocation Failure) 2020-09-29T18:19:25.353+0200: 7.073: [ParNew: 589662K->46388K(613440K), 0.0198716 secs] 590055K->46780K(2029056K), 0.0199318 secs] [Times: user=0.13 sys=0.00, real=0.02 secs] 
2020-09-29T18:19:25.423+0200: 7.143: [GC (Allocation Failure) 2020-09-29T18:19:25.423+0200: 7.143: [ParNew: 591732K->34568K(613440K), 0.0150032 secs] 592124K->34960K(2029056K), 0.0150639 secs] [Times: user=0.13 sys=0.00, real=0.01 secs] 
2020-09-29T18:19:25.487+0200: 7.207: [GC (Allocation Failure) 2020-09-29T18:19:25.487+0200: 7.207: [ParNew: 579912K->51955K(613440K), 0.0190570 secs] 580304K->52348K(2029056K), 0.0270434 secs] [Times: user=0.25 sys=0.00, real=0.03 secs] 
2020-09-29T18:19:25.560+0200: 7.280: [GC (Allocation Failure) 2020-09-29T18:19:25.560+0200: 7.280: [ParNew: 597299K->42167K(613440K), 0.0179089 secs] 597692K->42560K(2029056K), 0.0179845 secs] [Times: user=0.13 sys=0.00, real=0.02 secs] 
2020-09-29T18:19:25.628+0200: 7.349: [GC (Allocation Failure) 2020-09-29T18:19:25.629+0200: 7.349: [ParNew: 587511K->64672K(613440K), 0.0231226 secs] 587904K->65065K(2029056K), 0.0231901 secs] [Times: user=0.24 sys=0.00, real=0.02 secs] 
2020-09-29T18:19:25.703+0200: 7.423: [GC (Allocation Failure) 2020-09-29T18:19:25.703+0200: 7.423: [ParNew: 610016K->65991K(613440K), 0.0219021 secs] 610409K->66383K(2029056K), 0.0219585 secs] [Times: user=0.25 sys=0.00, real=0.02 secs] 
2020-09-29T18:19:25.772+0200: 7.492: [GC (Allocation Failure) 2020-09-29T18:19:25.772+0200: 7.492: [ParNew: 610105K->40885K(613440K), 0.0085847 secs] 610497K->41277K(2029056K), 0.0086461 secs] [Times: user=0.00 sys=0.00, real=0.01 secs] 
2020-09-29T18:19:25.827+0200: 7.547: [GC (Allocation Failure) 2020-09-29T18:19:25.827+0200: 7.547: [ParNew: 586229K->44122K(613440K), 0.0183430 secs] 586621K->44514K(2029056K), 0.0184155 secs] [Times: user=0.13 sys=0.00, real=0.02 secs] 
2020-09-29T18:19:25.892+0200: 7.612: [GC (Allocation Failure) 2020-09-29T18:19:25.892+0200: 7.612: [ParNew: 589466K->57228K(613440K), 0.0222588 secs] 589858K->57621K(2029056K), 0.0223229 secs] [Times: user=0.25 sys=0.00, real=0.02 secs] 
2020-09-29T18:19:25.962+0200: 7.682: [GC (Allocation Failure) 2020-09-29T18:19:25.962+0200: 7.682: [ParNew: 602572K->48702K(613440K), 0.0160979 secs] 602965K->49094K(2029056K), 0.0161871 secs] [Times: user=0.13 sys=0.00, real=0.02 secs] 
2020-09-29T18:19:26.028+0200: 7.748: [GC (Allocation Failure) 2020-09-29T18:19:26.028+0200: 7.748: [ParNew: 594046K->39410K(613440K), 0.0155229 secs] 594438K->39802K(2029056K), 0.0155904 secs] [Times: user=0.13 sys=0.00, real=0.02 secs] 
2020-09-29T18:19:26.100+0200: 7.820: [GC (Allocation Failure) 2020-09-29T18:19:26.100+0200: 7.820: [ParNew: 584754K->57608K(613440K), 0.0202543 secs] 585146K->58000K(2029056K), 0.0203119 secs] [Times: user=0.13 sys=0.00, real=0.02 secs] 
2020-09-29T18:19:26.170+0200: 7.890: [GC (Allocation Failure) 2020-09-29T18:19:26.170+0200: 7.890: [ParNew: 602952K->68096K(613440K), 0.0249458 secs] 603344K->68621K(2029056K), 0.0250045 secs] [Times: user=0.25 sys=0.00, real=0.02 secs] 
2020-09-29T18:19:26.242+0200: 7.962: [GC (Allocation Failure) 2020-09-29T18:19:26.242+0200: 7.962: [ParNew: 613440K->46547K(613440K), 0.0137357 secs] 613965K->47073K(2029056K), 0.0137910 secs] [Times: user=0.13 sys=0.00, real=0.01 secs] 
2020-09-29T18:19:26.309+0200: 8.029: [GC (Allocation Failure) 2020-09-29T18:19:26.309+0200: 8.029: [ParNew: 591891K->48205K(613440K), 0.0187873 secs] 592417K->48731K(2029056K), 0.0188526 secs] [Times: user=0.13 sys=0.00, real=0.02 secs] 
2020-09-29T18:19:26.376+0200: 8.096: [GC (Allocation Failure) 2020-09-29T18:19:26.376+0200: 8.096: [ParNew: 593549K->41686K(613440K), 0.0181940 secs] 594075K->42212K(2029056K), 0.0182513 secs] [Times: user=0.14 sys=0.00, real=0.02 secs] 
2020-09-29T18:19:26.442+0200: 8.162: [GC (Allocation Failure) 2020-09-29T18:19:26.442+0200: 8.162: [ParNew: 587030K->40651K(613440K), 0.0166334 secs] 587556K->41177K(2029056K), 0.0166885 secs] [Times: user=0.13 sys=0.00, real=0.02 secs] 
2020-09-29T18:19:26.506+0200: 8.226: [GC (Allocation Failure) 2020-09-29T18:19:26.506+0200: 8.226: [ParNew: 585995K->65678K(613440K), 0.0207279 secs] 586521K->66204K(2029056K), 0.0207863 secs] [Times: user=0.13 sys=0.00, real=0.02 secs] 
2020-09-29T18:19:26.576+0200: 8.296: [GC (Allocation Failure) 2020-09-29T18:19:26.576+0200: 8.296: [ParNew: 611022K->50223K(613440K), 0.0202017 secs] 611548K->50749K(2029056K), 0.0202687 secs] [Times: user=0.13 sys=0.00, real=0.02 secs] 
2020-09-29T18:19:26.647+0200: 8.367: [GC (Allocation Failure) 2020-09-29T18:19:26.647+0200: 8.367: [ParNew: 595567K->47320K(613440K), 0.0200014 secs] 596093K->47846K(2029056K), 0.0200740 secs] [Times: user=0.13 sys=0.00, real=0.02 secs] 
2020-09-29T18:19:26.716+0200: 8.436: [GC (Allocation Failure) 2020-09-29T18:19:26.716+0200: 8.436: [ParNew: 592664K->36572K(613440K), 0.0123250 secs] 593190K->37098K(2029056K), 0.0123817 secs] [Times: user=0.13 sys=0.00, real=0.01 secs] 
2020-09-29T18:19:26.775+0200: 8.495: [GC (Allocation Failure) 2020-09-29T18:19:26.775+0200: 8.495: [ParNew: 581916K->40320K(613440K), 0.0182665 secs] 582442K->40846K(2029056K), 0.0183586 secs] [Times: user=0.13 sys=0.00, real=0.02 secs] 
2020-09-29T18:19:26.841+0200: 8.561: [GC (Allocation Failure) 2020-09-29T18:19:26.841+0200: 8.561: [ParNew: 585664K->50435K(613440K), 0.0160516 secs] 586190K->50961K(2029056K), 0.0161109 secs] [Times: user=0.13 sys=0.00, real=0.02 secs] 
2020-09-29T18:19:26.907+0200: 8.627: [GC (Allocation Failure) 2020-09-29T18:19:26.907+0200: 8.627: [ParNew: 595779K->61900K(613440K), 0.0210583 secs] 596305K->62426K(2029056K), 0.0211294 secs] [Times: user=0.25 sys=0.00, real=0.02 secs] 
2020-09-29T18:19:26.979+0200: 8.700: [GC (Allocation Failure) 2020-09-29T18:19:26.979+0200: 8.700: [ParNew: 607244K->46973K(613440K), 0.0159537 secs] 607770K->47499K(2029056K), 0.0160111 secs] [Times: user=0.13 sys=0.00, real=0.02 secs] 
2020-09-29T18:19:27.043+0200: 8.763: [GC (Allocation Failure) 2020-09-29T18:19:27.043+0200: 8.763: [ParNew: 592317K->46062K(613440K), 0.0199310 secs] 592843K->46588K(2029056K), 0.0199839 secs] [Times: user=0.13 sys=0.00, real=0.02 secs] 
2020-09-29T18:19:27.115+0200: 8.835: [GC (Allocation Failure) 2020-09-29T18:19:27.115+0200: 8.835: [ParNew: 591406K->36005K(613440K), 0.0144212 secs] 591932K->36531K(2029056K), 0.0144753 secs] [Times: user=0.00 sys=0.00, real=0.02 secs] 
2020-09-29T18:19:27.184+0200: 8.904: [GC (Allocation Failure) 2020-09-29T18:19:27.184+0200: 8.904: [ParNew: 581349K->52720K(613440K), 0.0233836 secs] 581875K->53246K(2029056K), 0.0234517 secs] [Times: user=0.13 sys=0.00, real=0.02 secs] 
2020-09-29T18:19:27.256+0200: 8.977: [GC (Allocation Failure) 2020-09-29T18:19:27.256+0200: 8.977: [ParNew: 598064K->42620K(613440K), 0.0190080 secs] 598590K->43146K(2029056K), 0.0190844 secs] [Times: user=0.11 sys=0.00, real=0.02 secs] 
2020-09-29T18:19:27.327+0200: 9.047: [GC (Allocation Failure) 2020-09-29T18:19:27.327+0200: 9.047: [ParNew: 587964K->39684K(613440K), 0.0163642 secs] 588490K->40210K(2029056K), 0.0164231 secs] [Times: user=0.13 sys=0.00, real=0.02 secs] 
2020-09-29T18:19:27.393+0200: 9.113: [GC (Allocation Failure) 2020-09-29T18:19:27.393+0200: 9.113: [ParNew: 585028K->35524K(613440K), 0.0163097 secs] 585554K->36050K(2029056K), 0.0163810 secs] [Times: user=0.11 sys=0.00, real=0.02 secs] 
2020-09-29T18:19:27.459+0200: 9.179: [GC (Allocation Failure) 2020-09-29T18:19:27.459+0200: 9.179: [ParNew: 580868K->32394K(613440K), 0.0164015 secs] 581394K->32920K(2029056K), 0.0164650 secs] [Times: user=0.13 sys=0.00, real=0.02 secs] 
2020-09-29T18:19:27.525+0200: 9.245: [GC (Allocation Failure) 2020-09-29T18:19:27.525+0200: 9.245: [ParNew: 577738K->47209K(613440K), 0.0210727 secs] 578264K->47734K(2029056K), 0.0211366 secs] [Times: user=0.11 sys=0.00, real=0.02 secs] 
2020-09-29T18:19:27.602+0200: 9.323: [GC (Allocation Failure) 2020-09-29T18:19:27.602+0200: 9.323: [ParNew: 592553K->61858K(613440K), 0.0297299 secs] 593078K->62384K(2029056K), 0.0298040 secs] [Times: user=0.19 sys=0.00, real=0.03 secs] 
2020-09-29T18:19:27.687+0200: 9.407: [GC (Allocation Failure) 2020-09-29T18:19:27.687+0200: 9.407: [ParNew: 607202K->53163K(613440K), 0.0182850 secs] 607728K->53689K(2029056K), 0.0183503 secs] [Times: user=0.13 sys=0.00, real=0.02 secs] 
2020-09-29T18:19:27.761+0200: 9.481: [GC (Allocation Failure) 2020-09-29T18:19:27.761+0200: 9.481: [ParNew: 598507K->68096K(613440K), 0.0308005 secs] 599033K->69449K(2029056K), 0.0308865 secs] [Times: user=0.22 sys=0.03, real=0.03 secs] 
2020-09-29T18:19:27.841+0200: 9.561: [GC (Allocation Failure) 2020-09-29T18:19:27.841+0200: 9.561: [ParNew: 613440K->51337K(613440K), 0.0176765 secs] 614793K->52691K(2029056K), 0.0177635 secs] [Times: user=0.13 sys=0.00, real=0.02 secs] 
2020-09-29T18:19:27.907+0200: 9.627: [GC (Allocation Failure) 2020-09-29T18:19:27.907+0200: 9.627: [ParNew: 596681K->52105K(613440K), 0.0200056 secs] 598035K->53459K(2029056K), 0.0200793 secs] [Times: user=0.25 sys=0.00, real=0.02 secs] 
2020-09-29T18:19:27.975+0200: 9.695: [GC (Allocation Failure) 2020-09-29T18:19:27.975+0200: 9.695: [ParNew: 597449K->48560K(613440K), 0.0200032 secs] 598803K->49914K(2029056K), 0.0200651 secs] [Times: user=0.13 sys=0.00, real=0.02 secs] 
2020-09-29T18:19:28.042+0200: 9.762: [GC (Allocation Failure) 2020-09-29T18:19:28.042+0200: 9.762: [ParNew: 593904K->47093K(613440K), 0.0189662 secs] 595258K->48447K(2029056K), 0.0190230 secs] [Times: user=0.13 sys=0.00, real=0.02 secs] 
2020-09-29T18:19:28.108+0200: 9.828: [GC (Allocation Failure) 2020-09-29T18:19:28.108+0200: 9.828: [ParNew: 592437K->45246K(613440K), 0.0179094 secs] 593791K->46600K(2029056K), 0.0179691 secs] [Times: user=0.13 sys=0.00, real=0.02 secs] 
2020-09-29T18:19:28.176+0200: 9.896: [GC (Allocation Failure) 2020-09-29T18:19:28.176+0200: 9.896: [ParNew: 590590K->42380K(613440K), 0.0181632 secs] 591944K->43734K(2029056K), 0.0182295 secs] [Times: user=0.13 sys=0.00, real=0.02 secs] 
2020-09-29T18:19:28.246+0200: 9.966: [GC (Allocation Failure) 2020-09-29T18:19:28.246+0200: 9.966: [ParNew: 587724K->40367K(613440K), 0.0171849 secs] 589078K->41721K(2029056K), 0.0172764 secs] [Times: user=0.13 sys=0.00, real=0.02 secs] 
2020-09-29T18:19:28.312+0200: 10.032: [GC (Allocation Failure) 2020-09-29T18:19:28.312+0200: 10.032: [ParNew: 585711K->62409K(613440K), 0.0221867 secs] 587065K->63763K(2029056K), 0.0222506 secs] [Times: user=0.25 sys=0.00, real=0.02 secs] 
2020-09-29T18:19:28.383+0200: 10.104: [GC (Allocation Failure) 2020-09-29T18:19:28.383+0200: 10.104: [ParNew: 607753K->57187K(613440K), 0.0214300 secs] 609107K->58541K(2029056K), 0.0214832 secs] [Times: user=0.13 sys=0.00, real=0.02 secs] 
2020-09-29T18:19:28.451+0200: 10.172: [GC (Allocation Failure) 2020-09-29T18:19:28.451+0200: 10.172: [ParNew: 602531K->42767K(613440K), 0.0154930 secs] 603885K->44121K(2029056K), 0.0155628 secs] [Times: user=0.13 sys=0.00, real=0.02 secs] 
2020-09-29T18:19:28.515+0200: 10.235: [GC (Allocation Failure) 2020-09-29T18:19:28.515+0200: 10.235: [ParNew: 588111K->59777K(613440K), 0.0199202 secs] 589465K->61131K(2029056K), 0.0199885 secs] [Times: user=0.13 sys=0.00, real=0.02 secs] 
2020-09-29T18:19:28.583+0200: 10.304: [GC (Allocation Failure) 2020-09-29T18:19:28.583+0200: 10.304: [ParNew: 605121K->43122K(613440K), 0.0192256 secs] 606475K->44476K(2029056K), 0.0192923 secs] [Times: user=0.13 sys=0.00, real=0.02 secs] 
2020-09-29T18:19:28.652+0200: 10.372: [GC (Allocation Failure) 2020-09-29T18:19:28.652+0200: 10.372: [ParNew: 588466K->40592K(613440K), 0.0134381 secs] 589820K->41946K(2029056K), 0.0135020 secs] [Times: user=0.13 sys=0.00, real=0.01 secs] 
2020-09-29T18:19:28.717+0200: 10.437: [GC (Allocation Failure) 2020-09-29T18:19:28.717+0200: 10.437: [ParNew: 585936K->38937K(613440K), 0.0178320 secs] 587290K->40291K(2029056K), 0.0179040 secs] [Times: user=0.13 sys=0.00, real=0.02 secs] 
2020-09-29T18:19:28.785+0200: 10.505: [GC (Allocation Failure) 2020-09-29T18:19:28.785+0200: 10.505: [ParNew: 584281K->34308K(613440K), 0.0155947 secs] 585635K->35662K(2029056K), 0.0156596 secs] [Times: user=0.25 sys=0.00, real=0.02 secs] 
2020-09-29T18:19:28.848+0200: 10.568: [GC (Allocation Failure) 2020-09-29T18:19:28.848+0200: 10.569: [ParNew: 579652K->34794K(613440K), 0.0156886 secs] 581006K->36148K(2029056K), 0.0157453 secs] [Times: user=0.13 sys=0.00, real=0.02 secs] 
2020-09-29T18:19:28.910+0200: 10.631: [GC (Allocation Failure) 2020-09-29T18:19:28.910+0200: 10.631: [ParNew: 580138K->56553K(613440K), 0.0192852 secs] 581492K->57907K(2029056K), 0.0193400 secs] [Times: user=0.13 sys=0.00, real=0.02 secs] 
2020-09-29T18:19:28.978+0200: 10.699: [GC (Allocation Failure) 2020-09-29T18:19:28.978+0200: 10.699: [ParNew: 601897K->68096K(613440K), 0.0248791 secs] 603251K->69449K(2029056K), 0.0249497 secs] [Times: user=0.13 sys=0.00, real=0.03 secs] 
2020-09-29T18:19:29.050+0200: 10.770: [GC (Allocation Failure) 2020-09-29T18:19:29.050+0200: 10.770: [ParNew: 613440K->50411K(613440K), 0.0185757 secs] 614793K->51765K(2029056K), 0.0186380 secs] [Times: user=0.25 sys=0.00, real=0.02 secs] 
2020-09-29T18:19:29.116+0200: 10.836: [GC (Allocation Failure) 2020-09-29T18:19:29.116+0200: 10.836: [ParNew: 595755K->46532K(613440K), 0.0169936 secs] 597109K->47886K(2029056K), 0.0170509 secs] [Times: user=0.13 sys=0.00, real=0.02 secs] 
2020-09-29T18:19:29.181+0200: 10.901: [GC (Allocation Failure) 2020-09-29T18:19:29.181+0200: 10.901: [ParNew: 591876K->64374K(613440K), 0.0223902 secs] 593230K->65728K(2029056K), 0.0224523 secs] [Times: user=0.13 sys=0.00, real=0.02 secs] 
2020-09-29T18:19:29.251+0200: 10.971: [GC (Allocation Failure) 2020-09-29T18:19:29.251+0200: 10.971: [ParNew: 609718K->51161K(613440K), 0.0227191 secs] 611072K->52515K(2029056K), 0.0227821 secs] [Times: user=0.25 sys=0.00, real=0.02 secs] 
2020-09-29T18:19:29.321+0200: 11.041: [GC (Allocation Failure) 2020-09-29T18:19:29.321+0200: 11.042: [ParNew: 596505K->48703K(613440K), 0.0202805 secs] 597859K->50057K(2029056K), 0.0203346 secs] [Times: user=0.13 sys=0.00, real=0.02 secs] 
2020-09-29T18:19:29.390+0200: 11.110: [GC (Allocation Failure) 2020-09-29T18:19:29.390+0200: 11.110: [ParNew: 594047K->41814K(613440K), 0.0130534 secs] 595401K->43168K(2029056K), 0.0131154 secs] [Times: user=0.13 sys=0.00, real=0.01 secs] 
2020-09-29T18:19:29.449+0200: 11.169: [GC (Allocation Failure) 2020-09-29T18:19:29.449+0200: 11.169: [ParNew: 587158K->40332K(613440K), 0.0182468 secs] 588512K->41686K(2029056K), 0.0183087 secs] [Times: user=0.11 sys=0.00, real=0.02 secs] 
2020-09-29T18:19:29.515+0200: 11.235: [GC (Allocation Failure) 2020-09-29T18:19:29.515+0200: 11.235: [ParNew: 585676K->56222K(613440K), 0.0219351 secs] 587030K->57576K(2029056K), 0.0220083 secs] [Times: user=0.25 sys=0.00, real=0.02 secs] 
2020-09-29T18:19:29.585+0200: 11.305: [GC (Allocation Failure) 2020-09-29T18:19:29.585+0200: 11.305: [ParNew: 601566K->46542K(613440K), 0.0158840 secs] 602920K->47896K(2029056K), 0.0159570 secs] [Times: user=0.13 sys=0.00, real=0.01 secs] 
2020-09-29T18:19:29.651+0200: 11.371: [GC (Allocation Failure) 2020-09-29T18:19:29.651+0200: 11.371: [ParNew: 591886K->38744K(613440K), 0.0153127 secs] 593240K->40097K(2029056K), 0.0153718 secs] [Times: user=0.13 sys=0.00, real=0.01 secs] 
2020-09-29T18:19:29.714+0200: 11.434: [GC (Allocation Failure) 2020-09-29T18:19:29.714+0200: 11.434: [ParNew: 584088K->53274K(613440K), 0.0197244 secs] 585441K->54628K(2029056K), 0.0197811 secs] [Times: user=0.13 sys=0.00, real=0.02 secs] 
2020-09-29T18:19:29.781+0200: 11.501: [GC (Allocation Failure) 2020-09-29T18:19:29.781+0200: 11.501: [ParNew: 598618K->38570K(613440K), 0.0143983 secs] 599972K->39924K(2029056K), 0.0144719 secs] [Times: user=0.13 sys=0.00, real=0.01 secs] 
2020-09-29T18:19:29.842+0200: 11.562: [GC (Allocation Failure) 2020-09-29T18:19:29.842+0200: 11.562: [ParNew: 583914K->36939K(613440K), 0.0174194 secs] 585268K->38293K(2029056K), 0.0174894 secs] [Times: user=0.13 sys=0.00, real=0.02 secs] 
2020-09-29T18:19:29.908+0200: 11.629: [GC (Allocation Failure) 2020-09-29T18:19:29.908+0200: 11.629: [ParNew: 582283K->34771K(613440K), 0.0102948 secs] 583637K->36125K(2029056K), 0.0103496 secs] [Times: user=0.13 sys=0.00, real=0.01 secs] 
2020-09-29T18:19:29.966+0200: 11.686: [GC (Allocation Failure) 2020-09-29T18:19:29.966+0200: 11.686: [ParNew: 580115K->44667K(613440K), 0.0207555 secs] 581469K->46021K(2029056K), 0.0208153 secs] [Times: user=0.13 sys=0.00, real=0.02 secs] 
2020-09-29T18:19:30.035+0200: 11.755: [GC (Allocation Failure) 2020-09-29T18:19:30.035+0200: 11.755: [ParNew: 590011K->63288K(613440K), 0.0194719 secs] 591365K->64642K(2029056K), 0.0195772 secs] [Times: user=0.25 sys=0.00, real=0.02 secs] 
2020-09-29T18:19:30.103+0200: 11.824: [GC (Allocation Failure) 2020-09-29T18:19:30.103+0200: 11.824: [ParNew: 608632K->43867K(613440K), 0.0189678 secs] 609986K->45221K(2029056K), 0.0190279 secs] [Times: user=0.13 sys=0.00, real=0.02 secs] 
2020-09-29T18:19:30.172+0200: 11.892: [GC (Allocation Failure) 2020-09-29T18:19:30.172+0200: 11.892: [ParNew: 589211K->68096K(613440K), 0.0238909 secs] 590565K->70174K(2029056K), 0.0239499 secs] [Times: user=0.25 sys=0.00, real=0.02 secs] 
2020-09-29T18:19:30.243+0200: 11.963: [GC (Allocation Failure) 2020-09-29T18:19:30.243+0200: 11.963: [ParNew: 613440K->63706K(613440K), 0.0226244 secs] 615518K->65784K(2029056K), 0.0227013 secs] [Times: user=0.13 sys=0.00, real=0.02 secs] 
2020-09-29T18:19:30.314+0200: 12.034: [GC (Allocation Failure) 2020-09-29T18:19:30.314+0200: 12.034: [ParNew: 609050K->55061K(613440K), 0.0224488 secs] 611128K->57139K(2029056K), 0.0225508 secs] [Times: user=0.25 sys=0.00, real=0.02 secs] 
2020-09-29T18:19:30.384+0200: 12.104: [GC (Allocation Failure) 2020-09-29T18:19:30.384+0200: 12.104: [ParNew: 600405K->52189K(613440K), 0.0165460 secs] 602483K->54267K(2029056K), 0.0166558 secs] [Times: user=0.13 sys=0.00, real=0.02 secs] 
2020-09-29T18:19:30.451+0200: 12.171: [GC (Allocation Failure) 2020-09-29T18:19:30.451+0200: 12.171: [ParNew: 597533K->26490K(613440K), 0.0113159 secs] 599611K->28568K(2029056K), 0.0113822 secs] [Times: user=0.13 sys=0.00, real=0.01 secs] 
2020-09-29T18:19:30.513+0200: 12.233: [GC (Allocation Failure) 2020-09-29T18:19:30.513+0200: 12.233: [ParNew: 571834K->35565K(613440K), 0.0151908 secs] 573912K->37643K(2029056K), 0.0152460 secs] [Times: user=0.13 sys=0.00, real=0.02 secs] 
2020-09-29T18:19:30.577+0200: 12.297: [GC (Allocation Failure) 2020-09-29T18:19:30.577+0200: 12.297: [ParNew: 580909K->45482K(613440K), 0.0204074 secs] 582987K->47560K(2029056K), 0.0204867 secs] [Times: user=0.09 sys=0.00, real=0.02 secs] 
2020-09-29T18:19:30.650+0200: 12.370: [GC (Allocation Failure) 2020-09-29T18:19:30.650+0200: 12.370: [ParNew: 590826K->42984K(613440K), 0.0189307 secs] 592904K->45062K(2029056K), 0.0189922 secs] [Times: user=0.13 sys=0.00, real=0.02 secs] 
2020-09-29T18:19:30.719+0200: 12.439: [GC (Allocation Failure) 2020-09-29T18:19:30.719+0200: 12.439: [ParNew: 588328K->42181K(613440K), 0.0181184 secs] 590406K->44259K(2029056K), 0.0181739 secs] [Times: user=0.13 sys=0.00, real=0.02 secs] 
2020-09-29T18:19:30.785+0200: 12.505: [GC (Allocation Failure) 2020-09-29T18:19:30.785+0200: 12.505: [ParNew: 587525K->68096K(613440K), 0.0234466 secs] 589603K->70174K(2029056K), 0.0235171 secs] [Times: user=0.23 sys=0.00, real=0.02 secs] 
2020-09-29T18:19:30.856+0200: 12.576: [GC (Allocation Failure) 2020-09-29T18:19:30.856+0200: 12.576: [ParNew: 613440K->49135K(613440K), 0.0159712 secs] 615518K->51214K(2029056K), 0.0160541 secs] [Times: user=0.13 sys=0.00, real=0.02 secs] 
2020-09-29T18:19:30.922+0200: 12.643: [GC (Allocation Failure) 2020-09-29T18:19:30.922+0200: 12.643: [ParNew: 594479K->45519K(613440K), 0.0201326 secs] 596558K->47597K(2029056K), 0.0202245 secs] [Times: user=0.25 sys=0.00, real=0.02 secs] 
2020-09-29T18:19:30.990+0200: 12.710: [GC (Allocation Failure) 2020-09-29T18:19:30.990+0200: 12.710: [ParNew: 590863K->45684K(613440K), 0.0193779 secs] 592941K->47762K(2029056K), 0.0194500 secs] [Times: user=0.13 sys=0.00, real=0.02 secs] 
2020-09-29T18:19:31.057+0200: 12.777: [GC (Allocation Failure) 2020-09-29T18:19:31.057+0200: 12.778: [ParNew: 591028K->45175K(613440K), 0.0188886 secs] 593106K->47253K(2029056K), 0.0189454 secs] [Times: user=0.13 sys=0.00, real=0.02 secs] 
2020-09-29T18:19:31.126+0200: 12.846: [GC (Allocation Failure) 2020-09-29T18:19:31.126+0200: 12.846: [ParNew: 590519K->38743K(613440K), 0.0226333 secs] 592597K->40821K(2029056K), 0.0227145 secs] [Times: user=0.25 sys=0.00, real=0.02 secs] 
2020-09-29T18:19:31.201+0200: 12.921: [GC (Allocation Failure) 2020-09-29T18:19:31.201+0200: 12.921: [ParNew: 584087K->38644K(613440K), 0.0213025 secs] 586165K->40722K(2029056K), 0.0213654 secs] [Times: user=0.13 sys=0.00, real=0.02 secs] 
2020-09-29T18:19:31.278+0200: 12.999: [GC (Allocation Failure) 2020-09-29T18:19:31.278+0200: 12.999: [ParNew: 583988K->39084K(613440K), 0.0209875 secs] 586066K->41162K(2029056K), 0.0210592 secs] [Times: user=0.13 sys=0.00, real=0.02 secs] 
2020-09-29T18:19:31.351+0200: 13.072: [GC (Allocation Failure) 2020-09-29T18:19:31.351+0200: 13.072: [ParNew: 584428K->35036K(613440K), 0.0184447 secs] 586506K->37114K(2029056K), 0.0185109 secs] [Times: user=0.13 sys=0.00, real=0.02 secs] 
2020-09-29T18:19:31.422+0200: 13.142: [GC (Allocation Failure) 2020-09-29T18:19:31.422+0200: 13.142: [ParNew: 580380K->31077K(613440K), 0.0176291 secs] 582458K->33155K(2029056K), 0.0176927 secs] [Times: user=0.13 sys=0.00, real=0.02 secs] 
2020-09-29T18:19:31.491+0200: 13.212: [GC (Allocation Failure) 2020-09-29T18:19:31.491+0200: 13.212: [ParNew: 576421K->51046K(613440K), 0.0230224 secs] 578499K->53124K(2029056K), 0.0230835 secs] [Times: user=0.13 sys=0.00, real=0.02 secs] 
2020-09-29T18:19:31.566+0200: 13.287: [GC (Allocation Failure) 2020-09-29T18:19:31.567+0200: 13.287: [ParNew: 596390K->43211K(613440K), 0.0233748 secs] 598468K->45289K(2029056K), 0.0234641 secs] [Times: user=0.14 sys=0.00, real=0.02 secs] 
2020-09-29T18:19:31.642+0200: 13.363: [GC (Allocation Failure) 2020-09-29T18:19:31.642+0200: 13.363: [ParNew: 588555K->63946K(613440K), 0.0308046 secs] 590633K->66024K(2029056K), 0.0308717 secs] [Times: user=0.22 sys=0.00, real=0.03 secs] 
2020-09-29T18:19:31.723+0200: 13.443: [GC (Allocation Failure) 2020-09-29T18:19:31.723+0200: 13.443: [ParNew: 609290K->47007K(613440K), 0.0202608 secs] 611368K->49085K(2029056K), 0.0203249 secs] [Times: user=0.13 sys=0.00, real=0.02 secs] 
2020-09-29T18:19:31.794+0200: 13.515: [GC (Allocation Failure) 2020-09-29T18:19:31.794+0200: 13.515: [ParNew: 592351K->64566K(613440K), 0.0264927 secs] 594429K->66644K(2029056K), 0.0265626 secs] [Times: user=0.25 sys=0.00, real=0.03 secs] 
2020-09-29T18:19:31.876+0200: 13.596: [GC (Allocation Failure) 2020-09-29T18:19:31.876+0200: 13.596: [ParNew: 609910K->51277K(613440K), 0.0265409 secs] 611988K->53355K(2029056K), 0.0266118 secs] [Times: user=0.25 sys=0.00, real=0.03 secs] 
2020-09-29T18:19:31.950+0200: 13.671: [GC (Allocation Failure) 2020-09-29T18:19:31.950+0200: 13.671: [ParNew: 596621K->41077K(613440K), 0.0203378 secs] 598699K->43155K(2029056K), 0.0204212 secs] [Times: user=0.13 sys=0.00, real=0.02 secs] 
2020-09-29T18:19:32.019+0200: 13.740: [GC (Allocation Failure) 2020-09-29T18:19:32.019+0200: 13.740: [ParNew: 586421K->59084K(613440K), 0.0243483 secs] 588499K->61162K(2029056K), 0.0244128 secs] [Times: user=0.16 sys=0.00, real=0.02 secs] 
2020-09-29T18:19:32.094+0200: 13.814: [GC (Allocation Failure) 2020-09-29T18:19:32.094+0200: 13.814: [ParNew: 604428K->44484K(613440K), 0.0224379 secs] 606506K->46562K(2029056K), 0.0225029 secs] [Times: user=0.25 sys=0.00, real=0.02 secs] 
2020-09-29T18:19:32.167+0200: 13.888: [GC (Allocation Failure) 2020-09-29T18:19:32.167+0200: 13.888: [ParNew: 589828K->31977K(613440K), 0.0139488 secs] 591906K->34055K(2029056K), 0.0140112 secs] [Times: user=0.13 sys=0.00, real=0.01 secs] 
2020-09-29T18:19:32.238+0200: 13.958: [GC (Allocation Failure) 2020-09-29T18:19:32.238+0200: 13.958: [ParNew: 577321K->47082K(613440K), 0.0270815 secs] 579399K->49160K(2029056K), 0.0271466 secs] [Times: user=0.22 sys=0.00, real=0.03 secs] 
2020-09-29T18:19:32.315+0200: 14.035: [GC (Allocation Failure) 2020-09-29T18:19:32.315+0200: 14.035: [ParNew: 592426K->38386K(613440K), 0.0194660 secs] 594504K->40464K(2029056K), 0.0211189 secs] [Times: user=0.25 sys=0.00, real=0.02 secs] 
2020-09-29T18:19:32.399+0200: 14.119: [GC (Allocation Failure) 2020-09-29T18:19:32.399+0200: 14.119: [ParNew: 583730K->33220K(613440K), 0.0177850 secs] 585808K->35298K(2029056K), 0.0178571 secs] [Times: user=0.13 sys=0.00, real=0.02 secs] 
2020-09-29T18:19:32.469+0200: 14.189: [GC (Allocation Failure) 2020-09-29T18:19:32.469+0200: 14.189: [ParNew: 578564K->27894K(613440K), 0.0177130 secs] 580642K->29972K(2029056K), 0.0177859 secs] [Times: user=0.13 sys=0.00, real=0.02 secs] 
2020-09-29T18:19:32.544+0200: 14.265: [GC (Allocation Failure) 2020-09-29T18:19:32.544+0200: 14.265: [ParNew: 573238K->51703K(613440K), 0.0280743 secs] 575316K->53781K(2029056K), 0.0281705 secs] [Times: user=0.25 sys=0.00, real=0.03 secs] 
2020-09-29T18:19:32.624+0200: 14.345: [GC (Allocation Failure) 2020-09-29T18:19:32.624+0200: 14.345: [ParNew: 597047K->45723K(613440K), 0.0227680 secs] 599125K->47801K(2029056K), 0.0228555 secs] [Times: user=0.22 sys=0.00, real=0.02 secs] 
2020-09-29T18:19:32.702+0200: 14.422: [GC (Allocation Failure) 2020-09-29T18:19:32.702+0200: 14.422: [ParNew: 591067K->42641K(613440K), 0.0201247 secs] 593145K->44719K(2029056K), 0.0201908 secs] [Times: user=0.13 sys=0.00, real=0.02 secs] 
2020-09-29T18:19:32.771+0200: 14.492: [GC (Allocation Failure) 2020-09-29T18:19:32.771+0200: 14.492: [ParNew: 587985K->61352K(613440K), 0.0265964 secs] 590063K->63430K(2029056K), 0.0266929 secs] [Times: user=0.08 sys=0.00, real=0.03 secs] 
2020-09-29T18:19:32.850+0200: 14.571: [GC (Allocation Failure) 2020-09-29T18:19:32.850+0200: 14.571: [ParNew: 606696K->52238K(613440K), 0.0258484 secs] 608774K->54316K(2029056K), 0.0259347 secs] [Times: user=0.13 sys=0.00, real=0.03 secs] 
2020-09-29T18:19:32.925+0200: 14.645: [GC (Allocation Failure) 2020-09-29T18:19:32.925+0200: 14.645: [ParNew: 597582K->68096K(613440K), 0.0322857 secs] 599660K->71746K(2029056K), 0.0323494 secs] [Times: user=0.25 sys=0.00, real=0.03 secs] 
2020-09-29T18:19:33.009+0200: 14.729: [GC (Allocation Failure) 2020-09-29T18:19:33.009+0200: 14.729: [ParNew: 613440K->68096K(613440K), 0.0307551 secs] 617090K->71746K(2029056K), 0.0308235 secs] [Times: user=0.25 sys=0.00, real=0.03 secs] 
2020-09-29T18:19:33.088+0200: 14.809: [GC (Allocation Failure) 2020-09-29T18:19:33.088+0200: 14.809: [ParNew: 612607K->59601K(613440K), 0.0238557 secs] 616257K->63251K(2029056K), 0.0239394 secs] [Times: user=0.13 sys=0.00, real=0.02 secs] 
2020-09-29T18:19:33.162+0200: 14.883: [GC (Allocation Failure) 2020-09-29T18:19:33.162+0200: 14.883: [ParNew: 604945K->29178K(613440K), 0.0150385 secs] 608595K->32828K(2029056K), 0.0151039 secs] [Times: user=0.13 sys=0.00, real=0.02 secs] 
2020-09-29T18:19:33.247+0200: 14.967: [GC (Allocation Failure) 2020-09-29T18:19:33.247+0200: 14.967: [ParNew: 574522K->36556K(613440K), 0.0209145 secs] 578172K->40206K(2029056K), 0.0209821 secs] [Times: user=0.13 sys=0.00, real=0.02 secs] 
2020-09-29T18:19:33.315+0200: 15.036: [GC (Allocation Failure) 2020-09-29T18:19:33.316+0200: 15.036: [ParNew: 581900K->44831K(613440K), 0.0181929 secs] 585550K->48481K(2029056K), 0.0182637 secs] [Times: user=0.25 sys=0.00, real=0.02 secs] 
2020-09-29T18:19:33.395+0200: 15.115: [GC (Allocation Failure) 2020-09-29T18:19:33.395+0200: 15.115: [ParNew: 590175K->49438K(613440K), 0.0232803 secs] 593825K->53088K(2029056K), 0.0233416 secs] [Times: user=0.13 sys=0.00, real=0.02 secs] 
2020-09-29T18:19:33.470+0200: 15.190: [GC (Allocation Failure) 2020-09-29T18:19:33.470+0200: 15.190: [ParNew: 594782K->58143K(613440K), 0.0236058 secs] 598432K->61793K(2029056K), 0.0236894 secs] [Times: user=0.25 sys=0.00, real=0.02 secs] 
2020-09-29T18:19:33.547+0200: 15.267: [GC (Allocation Failure) 2020-09-29T18:19:33.547+0200: 15.267: [ParNew: 603487K->42841K(613440K), 0.0224990 secs] 607137K->46491K(2029056K), 0.0225875 secs] [Times: user=0.25 sys=0.00, real=0.02 secs] 
2020-09-29T18:19:33.621+0200: 15.341: [GC (Allocation Failure) 2020-09-29T18:19:33.621+0200: 15.341: [ParNew: 588185K->34742K(613440K), 0.0147527 secs] 591835K->38392K(2029056K), 0.0148275 secs] [Times: user=0.11 sys=0.00, real=0.01 secs] 
2020-09-29T18:19:33.693+0200: 15.413: [GC (Allocation Failure) 2020-09-29T18:19:33.693+0200: 15.413: [ParNew: 580086K->34736K(613440K), 0.0205388 secs] 583736K->38386K(2029056K), 0.0227104 secs] [Times: user=0.13 sys=0.00, real=0.02 secs] 
2020-09-29T18:19:33.772+0200: 15.492: [GC (Allocation Failure) 2020-09-29T18:19:33.772+0200: 15.492: [ParNew: 580080K->49932K(613440K), 0.0266678 secs] 583730K->53582K(2029056K), 0.0267472 secs] [Times: user=0.13 sys=0.00, real=0.03 secs] 
2020-09-29T18:19:33.855+0200: 15.576: [GC (Allocation Failure) 2020-09-29T18:19:33.855+0200: 15.576: [ParNew: 595276K->62123K(613440K), 0.0256288 secs] 598926K->65773K(2029056K), 0.0257007 secs] [Times: user=0.25 sys=0.00, real=0.03 secs] 
2020-09-29T18:19:33.933+0200: 15.654: [GC (Allocation Failure) 2020-09-29T18:19:33.934+0200: 15.654: [ParNew: 607467K->52777K(613440K), 0.0249943 secs] 611117K->56427K(2029056K), 0.0250770 secs] [Times: user=0.25 sys=0.00, real=0.03 secs] 
2020-09-29T18:19:34.006+0200: 15.726: [GC (Allocation Failure) 2020-09-29T18:19:34.006+0200: 15.726: [ParNew: 598121K->47255K(613440K), 0.0244932 secs] 601771K->50905K(2029056K), 0.0245586 secs] [Times: user=0.13 sys=0.00, real=0.02 secs] 
2020-09-29T18:19:34.082+0200: 15.802: [GC (Allocation Failure) 2020-09-29T18:19:34.082+0200: 15.802: [ParNew: 592599K->45821K(613440K), 0.0244931 secs] 596249K->49471K(2029056K), 0.0245595 secs] [Times: user=0.25 sys=0.00, real=0.02 secs] 
2020-09-29T18:19:34.155+0200: 15.876: [GC (Allocation Failure) 2020-09-29T18:19:34.155+0200: 15.876: [ParNew: 591165K->68096K(613440K), 0.0299056 secs] 594815K->72269K(2029056K), 0.0299673 secs] [Times: user=0.25 sys=0.00, real=0.03 secs] 
2020-09-29T18:19:34.232+0200: 15.953: [GC (Allocation Failure) 2020-09-29T18:19:34.232+0200: 15.953: [ParNew: 613440K->48873K(613440K), 0.0232131 secs] 617613K->53046K(2029056K), 0.0232858 secs] [Times: user=0.25 sys=0.00, real=0.02 secs] 
2020-09-29T18:19:34.311+0200: 16.032: [GC (Allocation Failure) 2020-09-29T18:19:34.311+0200: 16.032: [ParNew: 594217K->41446K(613440K), 0.0208653 secs] 598390K->45619K(2029056K), 0.0209393 secs] [Times: user=0.13 sys=0.00, real=0.02 secs] 
2020-09-29T18:19:34.382+0200: 16.103: [GC (Allocation Failure) 2020-09-29T18:19:34.382+0200: 16.103: [ParNew: 586790K->63050K(613440K), 0.0262355 secs] 590963K->67224K(2029056K), 0.0263091 secs] [Times: user=0.13 sys=0.00, real=0.03 secs] 
2020-09-29T18:19:34.457+0200: 16.178: [GC (Allocation Failure) 2020-09-29T18:19:34.457+0200: 16.178: [ParNew: 608394K->43875K(613440K), 0.0252442 secs] 612568K->48049K(2029056K), 0.0253100 secs] [Times: user=0.20 sys=0.00, real=0.03 secs] 
2020-09-29T18:19:34.532+0200: 16.252: [GC (Allocation Failure) 2020-09-29T18:19:34.532+0200: 16.252: [ParNew: 589219K->43805K(613440K), 0.0230896 secs] 593393K->47978K(2029056K), 0.0231591 secs] [Times: user=0.25 sys=0.00, real=0.02 secs] 
2020-09-29T18:19:34.606+0200: 16.326: [GC (Allocation Failure) 2020-09-29T18:19:34.606+0200: 16.326: [ParNew: 589149K->42437K(613440K), 0.0226594 secs] 593322K->46611K(2029056K), 0.0227387 secs] [Times: user=0.14 sys=0.00, real=0.02 secs] 
2020-09-29T18:19:34.677+0200: 16.397: [GC (Allocation Failure) 2020-09-29T18:19:34.677+0200: 16.397: [ParNew: 587781K->44253K(613440K), 0.0215696 secs] 591955K->48427K(2029056K), 0.0216359 secs] [Times: user=0.13 sys=0.00, real=0.02 secs] 
2020-09-29T18:19:34.749+0200: 16.469: [GC (Allocation Failure) 2020-09-29T18:19:34.749+0200: 16.469: [ParNew: 589597K->37438K(613440K), 0.0210176 secs] 593771K->41612K(2029056K), 0.0210876 secs] [Times: user=0.25 sys=0.00, real=0.02 secs] 
2020-09-29T18:19:34.819+0200: 16.539: [GC (Allocation Failure) 2020-09-29T18:19:34.819+0200: 16.539: [ParNew: 582782K->35927K(613440K), 0.0195445 secs] 586956K->40101K(2029056K), 0.0196228 secs] [Times: user=0.13 sys=0.00, real=0.02 secs] 
2020-09-29T18:19:34.888+0200: 16.609: [GC (Allocation Failure) 2020-09-29T18:19:34.889+0200: 16.609: [ParNew: 581271K->30233K(613440K), 0.0177228 secs] 585445K->34407K(2029056K), 0.0177919 secs] [Times: user=0.13 sys=0.00, real=0.02 secs] 
2020-09-29T18:19:34.953+0200: 16.673: [GC (Allocation Failure) 2020-09-29T18:19:34.953+0200: 16.673: [ParNew: 575577K->62018K(613440K), 0.0294038 secs] 579751K->66192K(2029056K), 0.0294863 secs] [Times: user=0.25 sys=0.00, real=0.03 secs] 
2020-09-29T18:19:35.030+0200: 16.750: [GC (Allocation Failure) 2020-09-29T18:19:35.030+0200: 16.750: [ParNew: 607362K->50183K(613440K), 0.0208218 secs] 611536K->54357K(2029056K), 0.0208877 secs] [Times: user=0.13 sys=0.00, real=0.02 secs] 
2020-09-29T18:19:35.103+0200: 16.823: [GC (Allocation Failure) 2020-09-29T18:19:35.103+0200: 16.823: [ParNew: 595527K->66460K(613440K), 0.0279122 secs] 599701K->70633K(2029056K), 0.0279869 secs] [Times: user=0.25 sys=0.00, real=0.03 secs] 
2020-09-29T18:19:35.179+0200: 16.899: [GC (Allocation Failure) 2020-09-29T18:19:35.179+0200: 16.899: [ParNew: 611804K->51284K(613440K), 0.0191640 secs] 615977K->55458K(2029056K), 0.0192308 secs] [Times: user=0.13 sys=0.00, real=0.02 secs] 
2020-09-29T18:19:35.257+0200: 16.977: [GC (Allocation Failure) 2020-09-29T18:19:35.257+0200: 16.977: [ParNew: 596628K->47318K(613440K), 0.0277451 secs] 600802K->51492K(2029056K), 0.0278110 secs] [Times: user=0.13 sys=0.00, real=0.03 secs] 
2020-09-29T18:19:35.331+0200: 17.052: [GC (Allocation Failure) 2020-09-29T18:19:35.332+0200: 17.052: [ParNew: 592662K->40825K(613440K), 0.0187532 secs] 596836K->44999K(2029056K), 0.0188443 secs] [Times: user=0.25 sys=0.00, real=0.02 secs] 
2020-09-29T18:19:35.399+0200: 17.120: [GC (Allocation Failure) 2020-09-29T18:19:35.399+0200: 17.120: [ParNew: 586169K->38836K(613440K), 0.0171156 secs] 590343K->43009K(2029056K), 0.0171806 secs] [Times: user=0.13 sys=0.00, real=0.02 secs] 
2020-09-29T18:19:35.471+0200: 17.191: [GC (Allocation Failure) 2020-09-29T18:19:35.471+0200: 17.191: [ParNew: 584180K->41330K(613440K), 0.0234135 secs] 588353K->45503K(2029056K), 0.0234908 secs] [Times: user=0.25 sys=0.00, real=0.02 secs] 
2020-09-29T18:19:35.544+0200: 17.264: [GC (Allocation Failure) 2020-09-29T18:19:35.544+0200: 17.264: [ParNew: 586674K->55183K(613440K), 0.0232315 secs] 590847K->59356K(2029056K), 0.0233113 secs] [Times: user=0.25 sys=0.00, real=0.02 secs] 
2020-09-29T18:19:35.620+0200: 17.340: [GC (Allocation Failure) 2020-09-29T18:19:35.620+0200: 17.340: [ParNew: 600527K->42175K(613440K), 0.0225091 secs] 604700K->46349K(2029056K), 0.0225770 secs] [Times: user=0.13 sys=0.00, real=0.02 secs] 
2020-09-29T18:19:35.697+0200: 17.418: [GC (Allocation Failure) 2020-09-29T18:19:35.697+0200: 17.418: [ParNew: 587519K->31193K(613440K), 0.0131033 secs] 591693K->35367K(2029056K), 0.0131689 secs] [Times: user=0.13 sys=0.00, real=0.01 secs] 
2020-09-29T18:19:35.761+0200: 17.481: [GC (Allocation Failure) 2020-09-29T18:19:35.761+0200: 17.481: [ParNew: 576537K->31643K(613440K), 0.0172680 secs] 580711K->35817K(2029056K), 0.0173406 secs] [Times: user=0.13 sys=0.00, real=0.02 secs] 
2020-09-29T18:19:35.828+0200: 17.548: [GC (Allocation Failure) 2020-09-29T18:19:35.828+0200: 17.548: [ParNew: 576987K->43226K(613440K), 0.0234096 secs] 581161K->47400K(2029056K), 0.0234922 secs] [Times: user=0.25 sys=0.00, real=0.02 secs] 
2020-09-29T18:19:35.903+0200: 17.623: [GC (Allocation Failure) 2020-09-29T18:19:35.903+0200: 17.623: [ParNew: 588570K->37576K(613440K), 0.0149224 secs] 592744K->41750K(2029056K), 0.0149872 secs] [Times: user=0.13 sys=0.00, real=0.01 secs] 
2020-09-29T18:19:35.975+0200: 17.695: [GC (Allocation Failure) 2020-09-29T18:19:35.975+0200: 17.695: [ParNew: 582920K->34925K(613440K), 0.0216791 secs] 587094K->39099K(2029056K), 0.0217411 secs] [Times: user=0.13 sys=0.00, real=0.02 secs] 
2020-09-29T18:19:36.044+0200: 17.765: [GC (Allocation Failure) 2020-09-29T18:19:36.044+0200: 17.765: [ParNew: 580269K->53838K(613440K), 0.0265760 secs] 584443K->58011K(2029056K), 0.0266467 secs] [Times: user=0.25 sys=0.00, real=0.03 secs] 
2020-09-29T18:19:36.121+0200: 17.841: [GC (Allocation Failure) 2020-09-29T18:19:36.121+0200: 17.841: [ParNew: 599182K->68096K(613440K), 0.0272436 secs] 603355K->72339K(2029056K), 0.0273127 secs] [Times: user=0.25 sys=0.00, real=0.03 secs] 
2020-09-29T18:19:36.204+0200: 17.925: [GC (Allocation Failure) 2020-09-29T18:19:36.204+0200: 17.925: [ParNew: 613440K->51802K(613440K), 0.0275714 secs] 617683K->56045K(2029056K), 0.0276421 secs] [Times: user=0.25 sys=0.00, real=0.03 secs] 
2020-09-29T18:19:36.279+0200: 17.999: [GC (Allocation Failure) 2020-09-29T18:19:36.279+0200: 17.999: [ParNew: 597146K->41686K(613440K), 0.0181219 secs] 601389K->45929K(2029056K), 0.0181885 secs] [Times: user=0.13 sys=0.00, real=0.02 secs] 
2020-09-29T18:19:36.353+0200: 18.074: [GC (Allocation Failure) 2020-09-29T18:19:36.353+0200: 18.074: [ParNew: 587030K->45313K(613440K), 0.0261243 secs] 591273K->49557K(2029056K), 0.0262247 secs] [Times: user=0.25 sys=0.00, real=0.03 secs] 
2020-09-29T18:19:36.427+0200: 18.148: [GC (Allocation Failure) 2020-09-29T18:19:36.427+0200: 18.148: [ParNew: 590623K->55835K(613440K), 0.0262315 secs] 594867K->60078K(2029056K), 0.0263057 secs] [Times: user=0.13 sys=0.00, real=0.03 secs] 
2020-09-29T18:19:36.503+0200: 18.223: [GC (Allocation Failure) 2020-09-29T18:19:36.503+0200: 18.223: [ParNew: 601179K->44711K(613440K), 0.0243644 secs] 605422K->48955K(2029056K), 0.0244665 secs] [Times: user=0.25 sys=0.00, real=0.03 secs] 
2020-09-29T18:19:36.580+0200: 18.301: [GC (Allocation Failure) 2020-09-29T18:19:36.580+0200: 18.301: [ParNew: 590055K->49739K(613440K), 0.0244206 secs] 594299K->53983K(2029056K), 0.0244950 secs] [Times: user=0.22 sys=0.02, real=0.03 secs] 
2020-09-29T18:19:36.663+0200: 18.384: [GC (Allocation Failure) 2020-09-29T18:19:36.663+0200: 18.384: [ParNew: 595083K->55090K(613440K), 0.0291967 secs] 599327K->59334K(2029056K), 0.0292751 secs] [Times: user=0.23 sys=0.00, real=0.03 secs] 
2020-09-29T18:19:36.741+0200: 18.462: [GC (Allocation Failure) 2020-09-29T18:19:36.741+0200: 18.462: [ParNew: 600434K->61453K(613440K), 0.0291068 secs] 604678K->65697K(2029056K), 0.0291993 secs] [Times: user=0.23 sys=0.00, real=0.03 secs] 
2020-09-29T18:19:36.817+0200: 18.538: [GC (Allocation Failure) 2020-09-29T18:19:36.817+0200: 18.538: [ParNew: 605954K->37018K(613440K), 0.0178194 secs] 610197K->41261K(2029056K), 0.0178874 secs] [Times: user=0.13 sys=0.00, real=0.02 secs] 
2020-09-29T18:19:36.885+0200: 18.605: [GC (Allocation Failure) 2020-09-29T18:19:36.885+0200: 18.605: [ParNew: 582362K->20788K(613440K), 0.0151226 secs] 586605K->25032K(2029056K), 0.0151908 secs] [Times: user=0.13 sys=0.00, real=0.02 secs] 
2020-09-29T18:19:36.950+0200: 18.671: [GC (Allocation Failure) 2020-09-29T18:19:36.950+0200: 18.671: [ParNew: 566132K->47452K(613440K), 0.0286107 secs] 570376K->51695K(2029056K), 0.0286781 secs] [Times: user=0.25 sys=0.00, real=0.03 secs] 
2020-09-29T18:19:37.031+0200: 18.751: [GC (Allocation Failure) 2020-09-29T18:19:37.031+0200: 18.751: [ParNew: 592796K->64602K(613440K), 0.0283427 secs] 597039K->68845K(2029056K), 0.0284418 secs] [Times: user=0.23 sys=0.00, real=0.03 secs] 
2020-09-29T18:19:37.110+0200: 18.830: [GC (Allocation Failure) 2020-09-29T18:19:37.110+0200: 18.830: [ParNew: 609946K->44736K(613440K), 0.0193201 secs] 614189K->48980K(2029056K), 0.0193954 secs] [Times: user=0.23 sys=0.00, real=0.02 secs] 
2020-09-29T18:19:37.188+0200: 18.909: [GC (Allocation Failure) 2020-09-29T18:19:37.188+0200: 18.909: [ParNew: 590080K->40517K(613440K), 0.0261723 secs] 594324K->44760K(2029056K), 0.0262457 secs] [Times: user=0.25 sys=0.00, real=0.03 secs] 
2020-09-29T18:19:37.270+0200: 18.990: [GC (Allocation Failure) 2020-09-29T18:19:37.270+0200: 18.990: [ParNew: 585861K->40578K(613440K), 0.0237826 secs] 590104K->44821K(2029056K), 0.0238531 secs] [Times: user=0.13 sys=0.00, real=0.02 secs] 
2020-09-29T18:19:37.345+0200: 19.065: [GC (Allocation Failure) 2020-09-29T18:19:37.345+0200: 19.065: [ParNew: 585922K->38485K(613440K), 0.0211865 secs] 590165K->42728K(2029056K), 0.0212522 secs] [Times: user=0.25 sys=0.00, real=0.02 secs] 
2020-09-29T18:19:37.423+0200: 19.143: [GC (Allocation Failure) 2020-09-29T18:19:37.423+0200: 19.143: [ParNew: 583829K->58709K(613440K), 0.0288422 secs] 588072K->62952K(2029056K), 0.0289151 secs] [Times: user=0.25 sys=0.00, real=0.03 secs] 
2020-09-29T18:19:37.501+0200: 19.222: [GC (Allocation Failure) 2020-09-29T18:19:37.501+0200: 19.222: [ParNew: 604053K->42683K(613440K), 0.0195176 secs] 608296K->46926K(2029056K), 0.0195864 secs] [Times: user=0.25 sys=0.00, real=0.02 secs] 
2020-09-29T18:19:37.579+0200: 19.299: [GC (Allocation Failure) 2020-09-29T18:19:37.579+0200: 19.299: [ParNew: 588027K->36060K(613440K), 0.0196300 secs] 592270K->40304K(2029056K), 0.0197057 secs] [Times: user=0.23 sys=0.00, real=0.02 secs] 
2020-09-29T18:19:37.656+0200: 19.376: [GC (Allocation Failure) 2020-09-29T18:19:37.656+0200: 19.376: [ParNew: 581404K->43309K(613440K), 0.0244199 secs] 585648K->47552K(2029056K), 0.0245096 secs] [Times: user=0.25 sys=0.00, real=0.02 secs] 
2020-09-29T18:19:37.731+0200: 19.451: [GC (Allocation Failure) 2020-09-29T18:19:37.731+0200: 19.451: [ParNew: 588653K->40843K(613440K), 0.0238209 secs] 592896K->45087K(2029056K), 0.0238909 secs] [Times: user=0.25 sys=0.00, real=0.02 secs] 
2020-09-29T18:19:37.818+0200: 19.538: [GC (Allocation Failure) 2020-09-29T18:19:37.818+0200: 19.538: [ParNew: 586187K->34901K(613440K), 0.0138202 secs] 590431K->39144K(2029056K), 0.0138921 secs] [Times: user=0.00 sys=0.00, real=0.01 secs] 
2020-09-29T18:19:37.889+0200: 19.609: [GC (Allocation Failure) 2020-09-29T18:19:37.889+0200: 19.609: [ParNew: 580245K->51306K(613440K), 0.0289626 secs] 584488K->55550K(2029056K), 0.0290336 secs] [Times: user=0.25 sys=0.00, real=0.03 secs] 
2020-09-29T18:19:37.968+0200: 19.688: [GC (Allocation Failure) 2020-09-29T18:19:37.968+0200: 19.688: [ParNew: 596650K->35864K(613440K), 0.0210426 secs] 600894K->40108K(2029056K), 0.0211107 secs] [Times: user=0.25 sys=0.00, real=0.02 secs] 
2020-09-29T18:19:38.037+0200: 19.756: [GC (Allocation Failure) 2020-09-29T18:19:38.037+0200: 19.756: [ParNew: 581208K->59160K(613440K), 0.0333967 secs] 585452K->63403K(2029056K), 0.0334623 secs] [Times: user=0.25 sys=0.00, real=0.03 secs] 
2020-09-29T18:19:38.118+0200: 19.838: [GC (Allocation Failure) 2020-09-29T18:19:38.118+0200: 19.838: [ParNew: 604504K->54554K(613440K), 0.0243732 secs] 608747K->58797K(2029056K), 0.0244407 secs] [Times: user=0.13 sys=0.00, real=0.02 secs] 
2020-09-29T18:19:38.192+0200: 19.912: [GC (Allocation Failure) 2020-09-29T18:19:38.192+0200: 19.912: [ParNew: 599898K->36591K(613440K), 0.0133330 secs] 604141K->40835K(2029056K), 0.0134046 secs] [Times: user=0.00 sys=0.00, real=0.01 secs] 
2020-09-29T18:19:38.260+0200: 19.979: [GC (Allocation Failure) 2020-09-29T18:19:38.260+0200: 19.979: [ParNew: 581935K->36101K(613440K), 0.0195201 secs] 586179K->40344K(2029056K), 0.0195860 secs] [Times: user=0.13 sys=0.00, real=0.02 secs] 
2020-09-29T18:19:38.331+0200: 20.051: [GC (Allocation Failure) 2020-09-29T18:19:38.332+0200: 20.051: [ParNew: 581445K->46043K(613440K), 0.0269501 secs] 585688K->50287K(2029056K), 0.0270374 secs] [Times: user=0.25 sys=0.00, real=0.03 secs] 
2020-09-29T18:19:38.411+0200: 20.131: [GC (Allocation Failure) 2020-09-29T18:19:38.411+0200: 20.131: [ParNew: 591387K->56176K(613440K), 0.0260295 secs] 595631K->60420K(2029056K), 0.0260964 secs] [Times: user=0.13 sys=0.00, real=0.03 secs] 
2020-09-29T18:19:38.495+0200: 20.214: [GC (Allocation Failure) 2020-09-29T18:19:38.495+0200: 20.214: [ParNew: 601520K->45298K(613440K), 0.0253673 secs] 605764K->49541K(2029056K), 0.0254506 secs] [Times: user=0.13 sys=0.00, real=0.03 secs] 
2020-09-29T18:19:38.572+0200: 20.292: [GC (Allocation Failure) 2020-09-29T18:19:38.572+0200: 20.292: [ParNew: 590642K->40100K(613440K), 0.0175854 secs] 594885K->44344K(2029056K), 0.0176517 secs] [Times: user=0.13 sys=0.00, real=0.02 secs] 
2020-09-29T18:19:38.644+0200: 20.363: [GC (Allocation Failure) 2020-09-29T18:19:38.644+0200: 20.363: [ParNew: 585444K->37113K(613440K), 0.0239911 secs] 589688K->41356K(2029056K), 0.0240733 secs] [Times: user=0.23 sys=0.00, real=0.02 secs] 
2020-09-29T18:19:38.720+0200: 20.440: [GC (Allocation Failure) 2020-09-29T18:19:38.720+0200: 20.440: [ParNew: 582457K->55939K(613440K), 0.0310324 secs] 586700K->60183K(2029056K), 0.0311002 secs] [Times: user=0.25 sys=0.00, real=0.03 secs] 
2020-09-29T18:19:38.797+0200: 20.517: [GC (Allocation Failure) 2020-09-29T18:19:38.797+0200: 20.517: [ParNew: 601283K->42294K(613440K), 0.0237840 secs] 605527K->46538K(2029056K), 0.0238576 secs] [Times: user=0.25 sys=0.00, real=0.02 secs] 
2020-09-29T18:19:38.880+0200: 20.599: [GC (Allocation Failure) 2020-09-29T18:19:38.880+0200: 20.599: [ParNew: 587638K->60394K(613440K), 0.0277025 secs] 591882K->64638K(2029056K), 0.0277688 secs] [Times: user=0.13 sys=0.00, real=0.03 secs] 
2020-09-29T18:19:38.960+0200: 20.679: [GC (Allocation Failure) 2020-09-29T18:19:38.960+0200: 20.679: [ParNew: 605738K->41887K(613440K), 0.0198990 secs] 609982K->46131K(2029056K), 0.0199808 secs] [Times: user=0.13 sys=0.00, real=0.02 secs] 
2020-09-29T18:19:39.036+0200: 20.755: [GC (Allocation Failure) 2020-09-29T18:19:39.036+0200: 20.755: [ParNew: 587231K->40694K(613440K), 0.0258534 secs] 591475K->44937K(2029056K), 0.0259305 secs] [Times: user=0.13 sys=0.00, real=0.03 secs] 
2020-09-29T18:19:39.112+0200: 20.831: [GC (Allocation Failure) 2020-09-29T18:19:39.112+0200: 20.831: [ParNew: 586038K->54692K(613440K), 0.0248366 secs] 590281K->58936K(2029056K), 0.0249236 secs] [Times: user=0.25 sys=0.00, real=0.03 secs] 
2020-09-29T18:19:39.190+0200: 20.910: [GC (Allocation Failure) 2020-09-29T18:19:39.190+0200: 20.910: [ParNew: 600036K->38539K(613440K), 0.0249011 secs] 604280K->42782K(2029056K), 0.0249701 secs] [Times: user=0.25 sys=0.00, real=0.02 secs] 
2020-09-29T18:19:39.270+0200: 20.990: [GC (Allocation Failure) 2020-09-29T18:19:39.270+0200: 20.990: [ParNew: 583883K->40734K(613440K), 0.0229144 secs] 588126K->44978K(2029056K), 0.0229838 secs] [Times: user=0.13 sys=0.00, real=0.02 secs] 
2020-09-29T18:19:39.354+0200: 21.073: [GC (Allocation Failure) 2020-09-29T18:19:39.354+0200: 21.074: [ParNew: 586078K->40241K(613440K), 0.0221484 secs] 590322K->44484K(2029056K), 0.0222348 secs] [Times: user=0.13 sys=0.00, real=0.02 secs] 
2020-09-29T18:19:39.424+0200: 21.144: [GC (Allocation Failure) 2020-09-29T18:19:39.424+0200: 21.144: [ParNew: 585585K->39847K(613440K), 0.0195989 secs] 589828K->44090K(2029056K), 0.0196695 secs] [Times: user=0.25 sys=0.00, real=0.02 secs] 
2020-09-29T18:19:39.493+0200: 21.213: [GC (Allocation Failure) 2020-09-29T18:19:39.493+0200: 21.213: [ParNew: 585191K->34521K(613440K), 0.0188042 secs] 589434K->38765K(2029056K), 0.0188734 secs] [Times: user=0.13 sys=0.00, real=0.02 secs] 
2020-09-29T18:19:39.568+0200: 21.288: [GC (Allocation Failure) 2020-09-29T18:19:39.568+0200: 21.288: [ParNew: 579865K->55328K(613440K), 0.0250954 secs] 584109K->59572K(2029056K), 0.0251903 secs] [Times: user=0.13 sys=0.00, real=0.02 secs] 
2020-09-29T18:19:39.645+0200: 21.365: [GC (Allocation Failure) 2020-09-29T18:19:39.645+0200: 21.365: [ParNew: 600672K->47832K(613440K), 0.0251392 secs] 604916K->52076K(2029056K), 0.0252235 secs] [Times: user=0.13 sys=0.00, real=0.03 secs] 
2020-09-29T18:19:39.719+0200: 21.439: [GC (Allocation Failure) 2020-09-29T18:19:39.719+0200: 21.439: [ParNew: 593176K->33586K(613440K), 0.0141022 secs] 597420K->37830K(2029056K), 0.0141713 secs] [Times: user=0.13 sys=0.00, real=0.01 secs] 
2020-09-29T18:19:39.792+0200: 21.512: [GC (Allocation Failure) 2020-09-29T18:19:39.792+0200: 21.512: [ParNew: 578930K->35368K(613440K), 0.0204750 secs] 583174K->39612K(2029056K), 0.0205444 secs] [Times: user=0.13 sys=0.00, real=0.02 secs] 
2020-09-29T18:19:39.877+0200: 21.596: [GC (Allocation Failure) 2020-09-29T18:19:39.877+0200: 21.596: [ParNew: 580712K->29196K(613440K), 0.0192957 secs] 584956K->33440K(2029056K), 0.0193630 secs] [Times: user=0.25 sys=0.00, real=0.02 secs] 
2020-09-29T18:19:39.951+0200: 21.671: [GC (Allocation Failure) 2020-09-29T18:19:39.951+0200: 21.671: [ParNew: 574540K->50906K(613440K), 0.0262691 secs] 578784K->55150K(2029056K), 0.0263508 secs] [Times: user=0.25 sys=0.00, real=0.03 secs] 
2020-09-29T18:19:40.026+0200: 21.746: [GC (Allocation Failure) 2020-09-29T18:19:40.026+0200: 21.746: [ParNew: 596250K->38966K(613440K), 0.0248818 secs] 600494K->43210K(2029056K), 0.0249588 secs] [Times: user=0.13 sys=0.00, real=0.03 secs] 
2020-09-29T18:19:40.103+0200: 21.823: [GC (Allocation Failure) 2020-09-29T18:19:40.103+0200: 21.823: [ParNew: 584310K->41232K(613440K), 0.0242188 secs] 588554K->45475K(2029056K), 0.0242918 secs] [Times: user=0.13 sys=0.00, real=0.03 secs] 
2020-09-29T18:19:40.177+0200: 21.897: [GC (Allocation Failure) 2020-09-29T18:19:40.177+0200: 21.897: [ParNew: 586576K->39303K(613440K), 0.0216471 secs] 590819K->43547K(2029056K), 0.0217172 secs] [Times: user=0.13 sys=0.00, real=0.02 secs] 
2020-09-29T18:19:40.254+0200: 21.974: [GC (Allocation Failure) 2020-09-29T18:19:40.254+0200: 21.974: [ParNew: 584647K->37558K(613440K), 0.0201440 secs] 588891K->41802K(2029056K), 0.0202150 secs] [Times: user=0.25 sys=0.00, real=0.02 secs] 
2020-09-29T18:19:40.329+0200: 22.049: [GC (Allocation Failure) 2020-09-29T18:19:40.329+0200: 22.049: [ParNew: 582902K->57611K(613440K), 0.0277852 secs] 587146K->61855K(2029056K), 0.0278686 secs] [Times: user=0.25 sys=0.00, real=0.03 secs] 
2020-09-29T18:19:40.406+0200: 22.126: [GC (Allocation Failure) 2020-09-29T18:19:40.406+0200: 22.126: [ParNew: 602955K->40519K(613440K), 0.0186136 secs] 607199K->44762K(2029056K), 0.0186825 secs] [Times: user=0.13 sys=0.00, real=0.02 secs] 
2020-09-29T18:19:40.491+0200: 22.211: [GC (Allocation Failure) 2020-09-29T18:19:40.491+0200: 22.211: [ParNew: 585863K->39432K(613440K), 0.0247564 secs] 590106K->43676K(2029056K), 0.0314029 secs] [Times: user=0.13 sys=0.00, real=0.03 secs] 
2020-09-29T18:19:40.577+0200: 22.297: [GC (Allocation Failure) 2020-09-29T18:19:40.577+0200: 22.297: [ParNew: 584776K->50136K(613440K), 0.0260433 secs] 589020K->54379K(2029056K), 0.0261269 secs] [Times: user=0.24 sys=0.00, real=0.03 secs] 
2020-09-29T18:19:40.653+0200: 22.373: [GC (Allocation Failure) 2020-09-29T18:19:40.653+0200: 22.373: [ParNew: 595480K->62018K(613440K), 0.0349038 secs] 599723K->66262K(2029056K), 0.0349652 secs] [Times: user=0.22 sys=0.00, real=0.03 secs] 
2020-09-29T18:19:40.735+0200: 22.455: [GC (Allocation Failure) 2020-09-29T18:19:40.735+0200: 22.455: [ParNew: 607362K->68096K(613440K), 0.0389492 secs] 611606K->75138K(2029056K), 0.0390214 secs] [Times: user=0.38 sys=0.00, real=0.04 secs] 
2020-09-29T18:19:40.821+0200: 22.541: [GC (Allocation Failure) 2020-09-29T18:19:40.821+0200: 22.541: [ParNew: 613440K->60188K(613440K), 0.0294153 secs] 620482K->67230K(2029056K), 0.0294866 secs] [Times: user=0.25 sys=0.00, real=0.03 secs] 
2020-09-29T18:19:40.899+0200: 22.618: [GC (Allocation Failure) 2020-09-29T18:19:40.899+0200: 22.618: [ParNew: 605532K->52883K(613440K), 0.0283080 secs] 612574K->59926K(2029056K), 0.0283808 secs] [Times: user=0.25 sys=0.00, real=0.03 secs] 
2020-09-29T18:19:40.975+0200: 22.695: [GC (Allocation Failure) 2020-09-29T18:19:40.975+0200: 22.695: [ParNew: 598227K->50094K(613440K), 0.0258386 secs] 605270K->57136K(2029056K), 0.0259067 secs] [Times: user=0.13 sys=0.00, real=0.03 secs] 
2020-09-29T18:19:41.053+0200: 22.773: [GC (Allocation Failure) 2020-09-29T18:19:41.053+0200: 22.773: [ParNew: 595438K->44691K(613440K), 0.0266806 secs] 602480K->51733K(2029056K), 0.0267579 secs] [Times: user=0.13 sys=0.00, real=0.03 secs] 
2020-09-29T18:19:41.133+0200: 22.853: [GC (Allocation Failure) 2020-09-29T18:19:41.133+0200: 22.853: [ParNew: 590035K->36536K(613440K), 0.0119900 secs] 597077K->43578K(2029056K), 0.0120461 secs] [Times: user=0.13 sys=0.00, real=0.01 secs] 
2020-09-29T18:19:41.196+0200: 22.916: [GC (Allocation Failure) 2020-09-29T18:19:41.196+0200: 22.916: [ParNew: 581880K->55132K(613440K), 0.0218062 secs] 588922K->62175K(2029056K), 0.0218732 secs] [Times: user=0.13 sys=0.00, real=0.02 secs] 
2020-09-29T18:19:41.271+0200: 22.991: [GC (Allocation Failure) 2020-09-29T18:19:41.271+0200: 22.991: [ParNew: 600476K->46697K(613440K), 0.0170834 secs] 607519K->53739K(2029056K), 0.0171438 secs] [Times: user=0.13 sys=0.00, real=0.02 secs] 
2020-09-29T18:19:41.338+0200: 23.058: [GC (Allocation Failure) 2020-09-29T18:19:41.338+0200: 23.058: [ParNew: 592041K->61290K(613440K), 0.0225531 secs] 599083K->68332K(2029056K), 0.0226235 secs] [Times: user=0.13 sys=0.00, real=0.02 secs] 
2020-09-29T18:19:41.412+0200: 23.132: [GC (Allocation Failure) 2020-09-29T18:19:41.412+0200: 23.132: [ParNew: 606634K->60915K(613440K), 0.0218477 secs] 613676K->67957K(2029056K), 0.0219217 secs] [Times: user=0.13 sys=0.00, real=0.02 secs] 
2020-09-29T18:19:41.484+0200: 23.204: [GC (Allocation Failure) 2020-09-29T18:19:41.484+0200: 23.204: [ParNew: 606259K->49726K(613440K), 0.0191592 secs] 613301K->56768K(2029056K), 0.0192232 secs] [Times: user=0.13 sys=0.00, real=0.02 secs] 
2020-09-29T18:19:41.551+0200: 23.271: [GC (Allocation Failure) 2020-09-29T18:19:41.551+0200: 23.271: [ParNew: 595070K->44868K(613440K), 0.0177247 secs] 602112K->51910K(2029056K), 0.0178303 secs] [Times: user=0.25 sys=0.00, real=0.02 secs] 
2020-09-29T18:19:41.623+0200: 23.343: [GC (Allocation Failure) 2020-09-29T18:19:41.623+0200: 23.343: [ParNew: 590212K->60286K(613440K), 0.0246831 secs] 597254K->67328K(2029056K), 0.0247451 secs] [Times: user=0.23 sys=0.00, real=0.03 secs] 
2020-09-29T18:19:41.696+0200: 23.416: [GC (Allocation Failure) 2020-09-29T18:19:41.696+0200: 23.416: [ParNew: 605630K->46448K(613440K), 0.0179885 secs] 612672K->53490K(2029056K), 0.0180669 secs] [Times: user=0.13 sys=0.00, real=0.02 secs] 
2020-09-29T18:19:41.765+0200: 23.485: [GC (Allocation Failure) 2020-09-29T18:19:41.765+0200: 23.485: [ParNew: 591792K->61632K(613440K), 0.0220997 secs] 598834K->68674K(2029056K), 0.0221591 secs] [Times: user=0.24 sys=0.00, real=0.02 secs] 
2020-09-29T18:19:41.833+0200: 23.553: [GC (Allocation Failure) 2020-09-29T18:19:41.833+0200: 23.553: [ParNew: 606976K->44085K(613440K), 0.0141218 secs] 614018K->51127K(2029056K), 0.0141800 secs] [Times: user=0.02 sys=0.00, real=0.02 secs] 
2020-09-29T18:19:41.899+0200: 23.619: [GC (Allocation Failure) 2020-09-29T18:19:41.899+0200: 23.619: [ParNew: 589429K->42333K(613440K), 0.0183327 secs] 596471K->49375K(2029056K), 0.0184012 secs] [Times: user=0.13 sys=0.00, real=0.02 secs] 
2020-09-29T18:19:41.965+0200: 23.685: [GC (Allocation Failure) 2020-09-29T18:19:41.965+0200: 23.685: [ParNew: 587677K->67054K(613440K), 0.0235320 secs] 594719K->74097K(2029056K), 0.0235937 secs] [Times: user=0.13 sys=0.00, real=0.02 secs] 
2020-09-29T18:19:42.035+0200: 23.755: [GC (Allocation Failure) 2020-09-29T18:19:42.035+0200: 23.755: [ParNew: 612398K->56443K(613440K), 0.0179663 secs] 619441K->63485K(2029056K), 0.0180478 secs] [Times: user=0.25 sys=0.00, real=0.02 secs] 
2020-09-29T18:19:42.101+0200: 23.821: [GC (Allocation Failure) 2020-09-29T18:19:42.101+0200: 23.821: [ParNew: 601787K->49056K(613440K), 0.0167515 secs] 608829K->56098K(2029056K), 0.0168072 secs] [Times: user=0.13 sys=0.00, real=0.02 secs] 
2020-09-29T18:19:42.166+0200: 23.887: [GC (Allocation Failure) 2020-09-29T18:19:42.166+0200: 23.887: [ParNew: 594400K->58127K(613440K), 0.0207282 secs] 601442K->65169K(2029056K), 0.0208253 secs] [Times: user=0.13 sys=0.00, real=0.02 secs] 
2020-09-29T18:19:42.234+0200: 23.955: [GC (Allocation Failure) 2020-09-29T18:19:42.234+0200: 23.955: [ParNew: 603471K->51551K(613440K), 0.0210019 secs] 610513K->58593K(2029056K), 0.0210602 secs] [Times: user=0.25 sys=0.00, real=0.02 secs] 
2020-09-29T18:19:42.305+0200: 24.025: [GC (Allocation Failure) 2020-09-29T18:19:42.305+0200: 24.025: [ParNew: 596895K->46552K(613440K), 0.0198214 secs] 603937K->53595K(2029056K), 0.0198774 secs] [Times: user=0.13 sys=0.00, real=0.02 secs] 
2020-09-29T18:19:42.377+0200: 24.097: [GC (Allocation Failure) 2020-09-29T18:19:42.377+0200: 24.097: [ParNew: 591896K->45099K(613440K), 0.0186491 secs] 598939K->52141K(2029056K), 0.0187092 secs] [Times: user=0.25 sys=0.00, real=0.02 secs] 
2020-09-29T18:19:42.446+0200: 24.166: [GC (Allocation Failure) 2020-09-29T18:19:42.446+0200: 24.166: [ParNew: 590443K->41476K(613440K), 0.0174291 secs] 597485K->48518K(2029056K), 0.0174851 secs] [Times: user=0.13 sys=0.00, real=0.02 secs] 
2020-09-29T18:19:42.510+0200: 24.230: [GC (Allocation Failure) 2020-09-29T18:19:42.510+0200: 24.230: [ParNew: 586820K->41807K(613440K), 0.0159396 secs] 593862K->48849K(2029056K), 0.0160110 secs] [Times: user=0.13 sys=0.00, real=0.02 secs] 
2020-09-29T18:19:42.574+0200: 24.294: [GC (Allocation Failure) 2020-09-29T18:19:42.574+0200: 24.294: [ParNew: 587151K->59598K(613440K), 0.0210954 secs] 594193K->66641K(2029056K), 0.0211971 secs] [Times: user=0.13 sys=0.00, real=0.02 secs] 
2020-09-29T18:19:42.645+0200: 24.365: [GC (Allocation Failure) 2020-09-29T18:19:42.645+0200: 24.365: [ParNew: 604942K->54579K(613440K), 0.0201787 secs] 611985K->61621K(2029056K), 0.0202354 secs] [Times: user=0.13 sys=0.00, real=0.02 secs] 
2020-09-29T18:19:42.715+0200: 24.435: [GC (Allocation Failure) 2020-09-29T18:19:42.715+0200: 24.435: [ParNew: 599923K->57869K(613440K), 0.0235094 secs] 606965K->64911K(2029056K), 0.0235685 secs] [Times: user=0.09 sys=0.00, real=0.02 secs] 
2020-09-29T18:19:42.785+0200: 24.506: [GC (Allocation Failure) 2020-09-29T18:19:42.785+0200: 24.506: [ParNew: 603213K->46096K(613440K), 0.0189811 secs] 610255K->53138K(2029056K), 0.0190415 secs] [Times: user=0.16 sys=0.00, real=0.02 secs] 
2020-09-29T18:19:42.851+0200: 24.571: [GC (Allocation Failure) 2020-09-29T18:19:42.851+0200: 24.571: [ParNew: 591440K->68096K(613440K), 0.0228033 secs] 598482K->75138K(2029056K), 0.0228608 secs] [Times: user=0.13 sys=0.00, real=0.02 secs] 
2020-09-29T18:19:42.921+0200: 24.641: [GC (Allocation Failure) 2020-09-29T18:19:42.921+0200: 24.641: [ParNew: 613440K->55089K(613440K), 0.0171309 secs] 620482K->62131K(2029056K), 0.0171859 secs] [Times: user=0.13 sys=0.00, real=0.02 secs] 
2020-09-29T18:19:42.986+0200: 24.706: [GC (Allocation Failure) 2020-09-29T18:19:42.986+0200: 24.706: [ParNew: 600433K->51117K(613440K), 0.0218177 secs] 607475K->58160K(2029056K), 0.0219082 secs] [Times: user=0.25 sys=0.00, real=0.02 secs] 
2020-09-29T18:19:43.057+0200: 24.777: [GC (Allocation Failure) 2020-09-29T18:19:43.057+0200: 24.777: [ParNew: 596461K->68096K(613440K), 0.0214666 secs] 603504K->75282K(2029056K), 0.0215213 secs] [Times: user=0.13 sys=0.00, real=0.02 secs] 
2020-09-29T18:19:43.126+0200: 24.846: [GC (Allocation Failure) 2020-09-29T18:19:43.126+0200: 24.846: [ParNew: 613440K->44098K(613440K), 0.0155264 secs] 620626K->51284K(2029056K), 0.0155848 secs] [Times: user=0.13 sys=0.00, real=0.02 secs] 
2020-09-29T18:19:43.195+0200: 24.915: [GC (Allocation Failure) 2020-09-29T18:19:43.195+0200: 24.915: [ParNew: 589442K->34795K(613440K), 0.0147026 secs] 596628K->41981K(2029056K), 0.0147587 secs] [Times: user=0.13 sys=0.00, real=0.02 secs] 
2020-09-29T18:19:43.257+0200: 24.977: [GC (Allocation Failure) 2020-09-29T18:19:43.257+0200: 24.978: [ParNew: 580139K->32537K(613440K), 0.0137882 secs] 587325K->39723K(2029056K), 0.0138463 secs] [Times: user=0.13 sys=0.00, real=0.01 secs] 
2020-09-29T18:19:43.323+0200: 25.043: [GC (Allocation Failure) 2020-09-29T18:19:43.323+0200: 25.043: [ParNew: 577881K->55510K(613440K), 0.0233356 secs] 585067K->62696K(2029056K), 0.0233921 secs] [Times: user=0.13 sys=0.00, real=0.02 secs] 
2020-09-29T18:19:43.395+0200: 25.115: [GC (Allocation Failure) 2020-09-29T18:19:43.395+0200: 25.115: [ParNew: 600854K->50402K(613440K), 0.0171273 secs] 608040K->57588K(2029056K), 0.0171946 secs] [Times: user=0.13 sys=0.00, real=0.02 secs] 
2020-09-29T18:19:43.460+0200: 25.180: [GC (Allocation Failure) 2020-09-29T18:19:43.460+0200: 25.180: [ParNew: 595746K->42791K(613440K), 0.0156994 secs] 602932K->49978K(2029056K), 0.0157735 secs] [Times: user=0.13 sys=0.00, real=0.02 secs] 
2020-09-29T18:19:43.523+0200: 25.244: [GC (Allocation Failure) 2020-09-29T18:19:43.523+0200: 25.244: [ParNew: 588135K->58737K(613440K), 0.0206248 secs] 595322K->65923K(2029056K), 0.0207083 secs] [Times: user=0.13 sys=0.00, real=0.02 secs] 
2020-09-29T18:19:43.595+0200: 25.315: [GC (Allocation Failure) 2020-09-29T18:19:43.595+0200: 25.315: [ParNew: 604081K->47302K(613440K), 0.0147314 secs] 611267K->54488K(2029056K), 0.0147976 secs] [Times: user=0.11 sys=0.00, real=0.01 secs] 
2020-09-29T18:19:43.661+0200: 25.381: [GC (Allocation Failure) 2020-09-29T18:19:43.661+0200: 25.381: [ParNew: 592646K->37051K(613440K), 0.0144561 secs] 599832K->44237K(2029056K), 0.0145173 secs] [Times: user=0.00 sys=0.00, real=0.01 secs] 
2020-09-29T18:19:43.724+0200: 25.445: [GC (Allocation Failure) 2020-09-29T18:19:43.725+0200: 25.445: [ParNew: 582395K->44954K(613440K), 0.0191133 secs] 589581K->52140K(2029056K), 0.0191921 secs] [Times: user=0.13 sys=0.00, real=0.02 secs] 
2020-09-29T18:19:43.796+0200: 25.516: [GC (Allocation Failure) 2020-09-29T18:19:43.796+0200: 25.516: [ParNew: 590298K->42467K(613440K), 0.0173270 secs] 597484K->49653K(2029056K), 0.0173988 secs] [Times: user=0.13 sys=0.00, real=0.02 secs] 
2020-09-29T18:19:43.863+0200: 25.583: [GC (Allocation Failure) 2020-09-29T18:19:43.863+0200: 25.583: [ParNew: 587811K->42475K(613440K), 0.0180150 secs] 594997K->49661K(2029056K), 0.0180752 secs] [Times: user=0.25 sys=0.00, real=0.02 secs] 
2020-09-29T18:19:43.927+0200: 25.647: [GC (Allocation Failure) 2020-09-29T18:19:43.927+0200: 25.647: [ParNew: 587819K->44205K(613440K), 0.0164010 secs] 595005K->51391K(2029056K), 0.0164567 secs] [Times: user=0.13 sys=0.00, real=0.02 secs] 
2020-09-29T18:19:43.994+0200: 25.714: [GC (Allocation Failure) 2020-09-29T18:19:43.994+0200: 25.714: [ParNew: 589549K->63839K(613440K), 0.0216669 secs] 596735K->71025K(2029056K), 0.0217270 secs] [Times: user=0.13 sys=0.00, real=0.02 secs] 
2020-09-29T18:19:44.065+0200: 25.786: [GC (Allocation Failure) 2020-09-29T18:19:44.066+0200: 25.786: [ParNew: 609183K->49571K(613440K), 0.0198344 secs] 616369K->56758K(2029056K), 0.0199276 secs] [Times: user=0.25 sys=0.00, real=0.02 secs] 
2020-09-29T18:19:44.134+0200: 25.854: [GC (Allocation Failure) 2020-09-29T18:19:44.134+0200: 25.855: [ParNew: 594915K->50498K(613440K), 0.0192163 secs] 602102K->57684K(2029056K), 0.0193192 secs] [Times: user=0.13 sys=0.00, real=0.02 secs] 
2020-09-29T18:19:44.201+0200: 25.922: [GC (Allocation Failure) 2020-09-29T18:19:44.201+0200: 25.922: [ParNew: 595842K->39465K(613440K), 0.0122119 secs] 603028K->46651K(2029056K), 0.0122715 secs] [Times: user=0.13 sys=0.00, real=0.01 secs] 
2020-09-29T18:19:44.272+0200: 25.992: [GC (Allocation Failure) 2020-09-29T18:19:44.272+0200: 25.992: [ParNew: 584809K->24341K(613440K), 0.0113938 secs] 591995K->31527K(2029056K), 0.0114487 secs] [Times: user=0.00 sys=0.00, real=0.01 secs] 
2020-09-29T18:19:44.333+0200: 26.053: [GC (Allocation Failure) 2020-09-29T18:19:44.333+0200: 26.053: [ParNew: 569685K->39892K(613440K), 0.0165875 secs] 576871K->47078K(2029056K), 0.0166480 secs] [Times: user=0.13 sys=0.00, real=0.02 secs] 
2020-09-29T18:19:44.400+0200: 26.120: [GC (Allocation Failure) 2020-09-29T18:19:44.400+0200: 26.121: [ParNew: 585236K->47297K(613440K), 0.0161498 secs] 592422K->54483K(2029056K), 0.0162306 secs] [Times: user=0.13 sys=0.00, real=0.02 secs] 
2020-09-29T18:19:44.464+0200: 26.184: [GC (Allocation Failure) 2020-09-29T18:19:44.464+0200: 26.184: [ParNew: 592641K->34974K(613440K), 0.0146564 secs] 599827K->42161K(2029056K), 0.0147116 secs] [Times: user=0.13 sys=0.00, real=0.02 secs] 
2020-09-29T18:19:44.536+0200: 26.257: [GC (Allocation Failure) 2020-09-29T18:19:44.536+0200: 26.257: [ParNew: 580318K->45769K(613440K), 0.0204535 secs] 587505K->52956K(2029056K), 0.0205302 secs] [Times: user=0.13 sys=0.00, real=0.02 secs] 
2020-09-29T18:19:44.606+0200: 26.326: [GC (Allocation Failure) 2020-09-29T18:19:44.606+0200: 26.326: [ParNew: 591113K->56353K(613440K), 0.0199828 secs] 598300K->63539K(2029056K), 0.0200366 secs] [Times: user=0.11 sys=0.00, real=0.02 secs] 
2020-09-29T18:19:44.673+0200: 26.394: [GC (Allocation Failure) 2020-09-29T18:19:44.673+0200: 26.394: [ParNew: 601697K->44383K(613440K), 0.0181027 secs] 608883K->51570K(2029056K), 0.0181673 secs] [Times: user=0.13 sys=0.00, real=0.02 secs] 
2020-09-29T18:19:44.739+0200: 26.459: [GC (Allocation Failure) 2020-09-29T18:19:44.739+0200: 26.459: [ParNew: 589727K->40708K(613440K), 0.0163629 secs] 596914K->47895K(2029056K), 0.0164214 secs] [Times: user=0.13 sys=0.00, real=0.02 secs] 
2020-09-29T18:19:44.803+0200: 26.523: [GC (Allocation Failure) 2020-09-29T18:19:44.803+0200: 26.524: [ParNew: 586052K->63780K(613440K), 0.0215605 secs] 593239K->70966K(2029056K), 0.0216233 secs] [Times: user=0.13 sys=0.00, real=0.02 secs] 
2020-09-29T18:19:44.875+0200: 26.595: [GC (Allocation Failure) 2020-09-29T18:19:44.875+0200: 26.595: [ParNew: 609124K->53786K(613440K), 0.0200398 secs] 616310K->60972K(2029056K), 0.0201112 secs] [Times: user=0.25 sys=0.00, real=0.02 secs] 
2020-09-29T18:19:44.945+0200: 26.665: [GC (Allocation Failure) 2020-09-29T18:19:44.945+0200: 26.665: [ParNew: 599130K->54597K(613440K), 0.0202737 secs] 606316K->61783K(2029056K), 0.0203291 secs] [Times: user=0.13 sys=0.00, real=0.02 secs] 
2020-09-29T18:19:45.012+0200: 26.732: [GC (Allocation Failure) 2020-09-29T18:19:45.012+0200: 26.732: [ParNew: 599941K->41570K(613440K), 0.0075661 secs] 607127K->48757K(2029056K), 0.0076273 secs] [Times: user=0.00 sys=0.00, real=0.01 secs] 
2020-09-29T18:19:45.082+0200: 26.803: [GC (Allocation Failure) 2020-09-29T18:19:45.082+0200: 26.803: [ParNew: 586914K->41949K(613440K), 0.0172719 secs] 594101K->49135K(2029056K), 0.0173268 secs] [Times: user=0.25 sys=0.00, real=0.02 secs] 
2020-09-29T18:19:45.148+0200: 26.868: [GC (Allocation Failure) 2020-09-29T18:19:45.148+0200: 26.868: [ParNew: 587293K->55402K(613440K), 0.0181392 secs] 594479K->62588K(2029056K), 0.0182072 secs] [Times: user=0.13 sys=0.00, real=0.02 secs] 
2020-09-29T18:19:45.216+0200: 26.936: [GC (Allocation Failure) 2020-09-29T18:19:45.216+0200: 26.936: [ParNew: 600746K->40127K(613440K), 0.0167498 secs] 607932K->47314K(2029056K), 0.0168054 secs] [Times: user=0.13 sys=0.00, real=0.02 secs] 
2020-09-29T18:19:45.286+0200: 27.006: [GC (Allocation Failure) 2020-09-29T18:19:45.286+0200: 27.006: [ParNew: 585471K->45567K(613440K), 0.0161609 secs] 592658K->52754K(2029056K), 0.0162152 secs] [Times: user=0.13 sys=0.00, real=0.02 secs] 
2020-09-29T18:19:45.354+0200: 27.074: [GC (Allocation Failure) 2020-09-29T18:19:45.354+0200: 27.074: [ParNew: 590911K->35214K(613440K), 0.0147836 secs] 598098K->42400K(2029056K), 0.0148391 secs] [Times: user=0.13 sys=0.00, real=0.01 secs] 
2020-09-29T18:19:45.418+0200: 27.138: [GC (Allocation Failure) 2020-09-29T18:19:45.418+0200: 27.138: [ParNew: 580558K->58065K(613440K), 0.0201884 secs] 587744K->65252K(2029056K), 0.0202528 secs] [Times: user=0.13 sys=0.00, real=0.02 secs] 
2020-09-29T18:19:45.484+0200: 27.205: [GC (Allocation Failure) 2020-09-29T18:19:45.484+0200: 27.205: [ParNew: 603409K->40533K(613440K), 0.0141680 secs] 610596K->47719K(2029056K), 0.0142209 secs] [Times: user=0.13 sys=0.00, real=0.02 secs] 
2020-09-29T18:19:45.548+0200: 27.268: [GC (Allocation Failure) 2020-09-29T18:19:45.548+0200: 27.268: [ParNew: 585877K->25917K(613440K), 0.0133180 secs] 593063K->33103K(2029056K), 0.0134006 secs] [Times: user=0.13 sys=0.00, real=0.01 secs] 
2020-09-29T18:19:45.615+0200: 27.335: [GC (Allocation Failure) 2020-09-29T18:19:45.615+0200: 27.335: [ParNew: 571261K->43318K(613440K), 0.0188262 secs] 578447K->50504K(2029056K), 0.0188966 secs] [Times: user=0.13 sys=0.00, real=0.02 secs] 
2020-09-29T18:19:45.681+0200: 27.402: [GC (Allocation Failure) 2020-09-29T18:19:45.682+0200: 27.402: [ParNew: 588662K->33711K(613440K), 0.0158323 secs] 595848K->40897K(2029056K), 0.0158976 secs] [Times: user=0.13 sys=0.00, real=0.02 secs] 
2020-09-29T18:19:45.744+0200: 27.465: [GC (Allocation Failure) 2020-09-29T18:19:45.744+0200: 27.465: [ParNew: 579055K->57857K(613440K), 0.0201637 secs] 586241K->65044K(2029056K), 0.0202603 secs] [Times: user=0.13 sys=0.00, real=0.02 secs] 
2020-09-29T18:19:45.813+0200: 27.533: [GC (Allocation Failure) 2020-09-29T18:19:45.813+0200: 27.533: [ParNew: 603201K->47032K(613440K), 0.0198520 secs] 610388K->54218K(2029056K), 0.0199143 secs] [Times: user=0.25 sys=0.00, real=0.02 secs] 
2020-09-29T18:19:45.881+0200: 27.601: [GC (Allocation Failure) 2020-09-29T18:19:45.881+0200: 27.601: [ParNew: 592376K->39775K(613440K), 0.0128355 secs] 599562K->46962K(2029056K), 0.0129249 secs] [Times: user=0.00 sys=0.00, real=0.01 secs] 
2020-09-29T18:19:45.947+0200: 27.667: [GC (Allocation Failure) 2020-09-29T18:19:45.947+0200: 27.667: [ParNew: 585119K->33188K(613440K), 0.0143282 secs] 592306K->40375K(2029056K), 0.0229287 secs] [Times: user=0.13 sys=0.00, real=0.02 secs] 
2020-09-29T18:19:46.022+0200: 27.742: [GC (Allocation Failure) 2020-09-29T18:19:46.022+0200: 27.742: [ParNew: 578532K->22708K(613440K), 0.0111725 secs] 585719K->29895K(2029056K), 0.0112351 secs] [Times: user=0.00 sys=0.00, real=0.01 secs] 
2020-09-29T18:19:46.084+0200: 27.804: [GC (Allocation Failure) 2020-09-29T18:19:46.084+0200: 27.804: [ParNew: 568052K->48555K(613440K), 0.0209681 secs] 575239K->55742K(2029056K), 0.0210227 secs] [Times: user=0.13 sys=0.00, real=0.02 secs] 
2020-09-29T18:19:46.152+0200: 27.873: [GC (Allocation Failure) 2020-09-29T18:19:46.152+0200: 27.873: [ParNew: 593899K->63652K(613440K), 0.0202025 secs] 601086K->70838K(2029056K), 0.0202599 secs] [Times: user=0.13 sys=0.00, real=0.02 secs] 
2020-09-29T18:19:46.223+0200: 27.943: [GC (Allocation Failure) 2020-09-29T18:19:46.223+0200: 27.943: [ParNew: 608996K->48670K(613440K), 0.0197397 secs] 616182K->55857K(2029056K), 0.0197945 secs] [Times: user=0.13 sys=0.00, real=0.02 secs] 
2020-09-29T18:19:46.289+0200: 28.009: [GC (Allocation Failure) 2020-09-29T18:19:46.289+0200: 28.009: [ParNew: 594014K->44628K(613440K), 0.0180415 secs] 601201K->51815K(2029056K), 0.0180951 secs] [Times: user=0.13 sys=0.00, real=0.02 secs] 
2020-09-29T18:19:46.357+0200: 28.078: [GC (Allocation Failure) 2020-09-29T18:19:46.357+0200: 28.078: [ParNew: 589972K->39418K(613440K), 0.0136618 secs] 597159K->46604K(2029056K), 0.0137211 secs] [Times: user=0.13 sys=0.00, real=0.01 secs] 
2020-09-29T18:19:46.419+0200: 28.140: [GC (Allocation Failure) 2020-09-29T18:19:46.420+0200: 28.140: [ParNew: 584762K->38472K(613440K), 0.0175252 secs] 591948K->45658K(2029056K), 0.0176153 secs] [Times: user=0.13 sys=0.00, real=0.02 secs] 
2020-09-29T18:19:46.484+0200: 28.204: [GC (Allocation Failure) 2020-09-29T18:19:46.484+0200: 28.204: [ParNew: 583816K->55265K(613440K), 0.0177031 secs] 591002K->62451K(2029056K), 0.0177625 secs] [Times: user=0.13 sys=0.00, real=0.02 secs] 
2020-09-29T18:19:46.555+0200: 28.276: [GC (Allocation Failure) 2020-09-29T18:19:46.555+0200: 28.276: [ParNew: 600609K->41461K(613440K), 0.0161373 secs] 607795K->48647K(2029056K), 0.0162125 secs] [Times: user=0.13 sys=0.00, real=0.02 secs] 
2020-09-29T18:19:46.620+0200: 28.340: [GC (Allocation Failure) 2020-09-29T18:19:46.620+0200: 28.340: [ParNew: 586805K->53656K(613440K), 0.0198994 secs] 593991K->60842K(2029056K), 0.0199633 secs] [Times: user=0.13 sys=0.00, real=0.02 secs] 
2020-09-29T18:19:46.689+0200: 28.409: [GC (Allocation Failure) 2020-09-29T18:19:46.689+0200: 28.409: [ParNew: 599000K->41073K(613440K), 0.0196166 secs] 606186K->48260K(2029056K), 0.0196736 secs] [Times: user=0.25 sys=0.00, real=0.02 secs] 
2020-09-29T18:19:46.755+0200: 28.475: [GC (Allocation Failure) 2020-09-29T18:19:46.755+0200: 28.475: [ParNew: 586417K->39621K(613440K), 0.0177589 secs] 593604K->46808K(2029056K), 0.0178224 secs] [Times: user=0.13 sys=0.00, real=0.02 secs] 
2020-09-29T18:19:46.822+0200: 28.543: [GC (Allocation Failure) 2020-09-29T18:19:46.822+0200: 28.543: [ParNew: 584965K->40267K(613440K), 0.0185715 secs] 592152K->47453K(2029056K), 0.0186370 secs] [Times: user=0.13 sys=0.00, real=0.02 secs] 
2020-09-29T18:19:46.889+0200: 28.609: [GC (Allocation Failure) 2020-09-29T18:19:46.889+0200: 28.609: [ParNew: 585611K->35527K(613440K), 0.0100481 secs] 592797K->42713K(2029056K), 0.0101090 secs] [Times: user=0.13 sys=0.00, real=0.01 secs] 
2020-09-29T18:19:46.952+0200: 28.673: [GC (Allocation Failure) 2020-09-29T18:19:46.952+0200: 28.673: [ParNew: 580871K->32615K(613440K), 0.0157203 secs] 588057K->39802K(2029056K), 0.0157778 secs] [Times: user=0.13 sys=0.00, real=0.02 secs] 
2020-09-29T18:19:47.020+0200: 28.741: [GC (Allocation Failure) 2020-09-29T18:19:47.020+0200: 28.741: [ParNew: 577959K->51861K(613440K), 0.0196591 secs] 585146K->59047K(2029056K), 0.0197131 secs] [Times: user=0.13 sys=0.00, real=0.02 secs] 
2020-09-29T18:19:47.086+0200: 28.807: [GC (Allocation Failure) 2020-09-29T18:19:47.086+0200: 28.807: [ParNew: 597205K->44878K(613440K), 0.0183035 secs] 604391K->52065K(2029056K), 0.0183691 secs] [Times: user=0.13 sys=0.00, real=0.02 secs] 
2020-09-29T18:19:47.153+0200: 28.873: [GC (Allocation Failure) 2020-09-29T18:19:47.153+0200: 28.873: [ParNew: 590222K->68096K(613440K), 0.0241279 secs] 597409K->76085K(2029056K), 0.0241832 secs] [Times: user=0.25 sys=0.00, real=0.02 secs] 
2020-09-29T18:19:47.226+0200: 28.946: [GC (Allocation Failure) 2020-09-29T18:19:47.226+0200: 28.946: [ParNew: 613440K->63150K(613440K), 0.0221637 secs] 621429K->71139K(2029056K), 0.0222159 secs] [Times: user=0.13 sys=0.00, real=0.02 secs] 
2020-09-29T18:19:47.295+0200: 29.015: [GC (Allocation Failure) 2020-09-29T18:19:47.295+0200: 29.015: [ParNew: 608494K->54411K(613440K), 0.0222911 secs] 616483K->62400K(2029056K), 0.0223534 secs] [Times: user=0.25 sys=0.00, real=0.02 secs] 
2020-09-29T18:19:47.365+0200: 29.085: [GC (Allocation Failure) 2020-09-29T18:19:47.365+0200: 29.086: [ParNew: 599755K->56553K(613440K), 0.0221249 secs] 607744K->64542K(2029056K), 0.0222137 secs] [Times: user=0.13 sys=0.00, real=0.02 secs] 
2020-09-29T18:19:47.434+0200: 29.155: [GC (Allocation Failure) 2020-09-29T18:19:47.434+0200: 29.155: [ParNew: 601897K->53526K(613440K), 0.0204349 secs] 609886K->61515K(2029056K), 0.0204903 secs] [Times: user=0.13 sys=0.00, real=0.02 secs] 
2020-09-29T18:19:47.503+0200: 29.224: [GC (Allocation Failure) 2020-09-29T18:19:47.503+0200: 29.224: [ParNew: 598870K->43896K(613440K), 0.0154018 secs] 606859K->51885K(2029056K), 0.0154879 secs] [Times: user=0.13 sys=0.00, real=0.02 secs] 
2020-09-29T18:19:47.567+0200: 29.288: [GC (Allocation Failure) 2020-09-29T18:19:47.567+0200: 29.288: [ParNew: 589240K->37670K(613440K), 0.0123964 secs] 597229K->45659K(2029056K), 0.0124597 secs] [Times: user=0.00 sys=0.00, real=0.01 secs] 
2020-09-29T18:19:47.632+0200: 29.353: [GC (Allocation Failure) 2020-09-29T18:19:47.632+0200: 29.353: [ParNew: 583014K->36217K(613440K), 0.0171032 secs] 591003K->44206K(2029056K), 0.0171825 secs] [Times: user=0.13 sys=0.00, real=0.02 secs] 
2020-09-29T18:19:47.696+0200: 29.417: [GC (Allocation Failure) 2020-09-29T18:19:47.696+0200: 29.417: [ParNew: 581561K->55702K(613440K), 0.0211376 secs] 589550K->63691K(2029056K), 0.0211948 secs] [Times: user=0.13 sys=0.00, real=0.02 secs] 
2020-09-29T18:19:47.767+0200: 29.488: [GC (Allocation Failure) 2020-09-29T18:19:47.767+0200: 29.488: [ParNew: 601046K->62608K(613440K), 0.0202859 secs] 609035K->70598K(2029056K), 0.0203731 secs] [Times: user=0.25 sys=0.00, real=0.02 secs] 
2020-09-29T18:19:47.837+0200: 29.558: [GC (Allocation Failure) 2020-09-29T18:19:47.837+0200: 29.558: [ParNew: 607952K->45643K(613440K), 0.0139645 secs] 615942K->53632K(2029056K), 0.0140186 secs] [Times: user=0.13 sys=0.00, real=0.01 secs] 
2020-09-29T18:19:47.907+0200: 29.627: [GC (Allocation Failure) 2020-09-29T18:19:47.907+0200: 29.627: [ParNew: 590987K->40936K(613440K), 0.0155279 secs] 598976K->48925K(2029056K), 0.0155877 secs] [Times: user=0.13 sys=0.00, real=0.01 secs] 
2020-09-29T18:19:47.969+0200: 29.689: [GC (Allocation Failure) 2020-09-29T18:19:47.969+0200: 29.689: [ParNew: 586280K->52790K(613440K), 0.0183954 secs] 594269K->60780K(2029056K), 0.0184537 secs] [Times: user=0.13 sys=0.00, real=0.02 secs] 
2020-09-29T18:19:48.036+0200: 29.757: [GC (Allocation Failure) 2020-09-29T18:19:48.036+0200: 29.757: [ParNew: 598134K->40917K(613440K), 0.0178069 secs] 606124K->48906K(2029056K), 0.0178644 secs] [Times: user=0.13 sys=0.00, real=0.02 secs] 
2020-09-29T18:19:48.102+0200: 29.823: [GC (Allocation Failure) 2020-09-29T18:19:48.102+0200: 29.823: [ParNew: 586261K->41632K(613440K), 0.0171527 secs] 594250K->49621K(2029056K), 0.0172080 secs] [Times: user=0.13 sys=0.00, real=0.02 secs] 
2020-09-29T18:19:48.168+0200: 29.889: [GC (Allocation Failure) 2020-09-29T18:19:48.168+0200: 29.889: [ParNew: 586976K->38177K(613440K), 0.0168001 secs] 594965K->46167K(2029056K), 0.0168609 secs] [Times: user=0.13 sys=0.00, real=0.02 secs] 
2020-09-29T18:19:48.235+0200: 29.955: [GC (Allocation Failure) 2020-09-29T18:19:48.235+0200: 29.956: [ParNew: 583521K->62162K(613440K), 0.0204746 secs] 591511K->70151K(2029056K), 0.0205440 secs] [Times: user=0.25 sys=0.00, real=0.02 secs] 
2020-09-29T18:19:48.307+0200: 30.028: [GC (Allocation Failure) 2020-09-29T18:19:48.307+0200: 30.028: [ParNew: 607506K->48437K(613440K), 0.0203123 secs] 615495K->56426K(2029056K), 0.0203853 secs] [Times: user=0.13 sys=0.00, real=0.02 secs] 
2020-09-29T18:19:48.389+0200: 30.109: [GC (Allocation Failure) 2020-09-29T18:19:48.389+0200: 30.109: [ParNew: 593781K->68096K(613440K), 0.0248403 secs] 601770K->77030K(2029056K), 0.0249120 secs] [Times: user=0.25 sys=0.00, real=0.03 secs] 
2020-09-29T18:19:48.462+0200: 30.182: [GC (Allocation Failure) 2020-09-29T18:19:48.462+0200: 30.182: [ParNew: 613440K->68096K(613440K), 0.0239698 secs] 622374K->77051K(2029056K), 0.0240488 secs] [Times: user=0.13 sys=0.00, real=0.02 secs] 
2020-09-29T18:19:48.532+0200: 30.253: [GC (Allocation Failure) 2020-09-29T18:19:48.532+0200: 30.253: [ParNew: 613440K->54914K(613440K), 0.0176623 secs] 622395K->63869K(2029056K), 0.0177362 secs] [Times: user=0.13 sys=0.00, real=0.02 secs] 
2020-09-29T18:19:48.601+0200: 30.322: [GC (Allocation Failure) 2020-09-29T18:19:48.601+0200: 30.322: [ParNew: 600258K->53065K(613440K), 0.0199596 secs] 609213K->62020K(2029056K), 0.0200172 secs] [Times: user=0.11 sys=0.00, real=0.02 secs] 
2020-09-29T18:19:48.672+0200: 30.392: [GC (Allocation Failure) 2020-09-29T18:19:48.672+0200: 30.392: [ParNew: 598409K->36635K(613440K), 0.0121289 secs] 607364K->45590K(2029056K), 0.0121909 secs] [Times: user=0.13 sys=0.00, real=0.01 secs] 
2020-09-29T18:19:48.734+0200: 30.455: [GC (Allocation Failure) 2020-09-29T18:19:48.734+0200: 30.455: [ParNew: 581979K->65985K(613440K), 0.0260917 secs] 590934K->74940K(2029056K), 0.0261517 secs] [Times: user=0.24 sys=0.00, real=0.03 secs] 
2020-09-29T18:19:48.808+0200: 30.529: [GC (Allocation Failure) 2020-09-29T18:19:48.808+0200: 30.529: [ParNew: 611329K->46320K(613440K), 0.0152950 secs] 620284K->55275K(2029056K), 0.0153562 secs] [Times: user=0.13 sys=0.00, real=0.01 secs] 
2020-09-29T18:19:48.870+0200: 30.591: [GC (Allocation Failure) 2020-09-29T18:19:48.870+0200: 30.591: [ParNew: 591664K->28970K(613440K), 0.0139822 secs] 600619K->37925K(2029056K), 0.0140419 secs] [Times: user=0.13 sys=0.00, real=0.01 secs] 
2020-09-29T18:19:48.934+0200: 30.654: [GC (Allocation Failure) 2020-09-29T18:19:48.934+0200: 30.654: [ParNew: 574314K->64330K(613440K), 0.0240116 secs] 583269K->73285K(2029056K), 0.0240655 secs] [Times: user=0.25 sys=0.00, real=0.02 secs] 
2020-09-29T18:19:49.005+0200: 30.726: [GC (Allocation Failure) 2020-09-29T18:19:49.005+0200: 30.726: [ParNew: 609674K->68096K(613440K), 0.0229165 secs] 618629K->77350K(2029056K), 0.0229759 secs] [Times: user=0.13 sys=0.00, real=0.02 secs] 
2020-09-29T18:19:49.075+0200: 30.795: [GC (Allocation Failure) 2020-09-29T18:19:49.075+0200: 30.795: [ParNew: 613440K->49942K(613440K), 0.0113489 secs] 622694K->59196K(2029056K), 0.0114027 secs] [Times: user=0.13 sys=0.00, real=0.01 secs] 
2020-09-29T18:19:49.140+0200: 30.860: [GC (Allocation Failure) 2020-09-29T18:19:49.140+0200: 30.860: [ParNew: 595286K->35485K(613440K), 0.0166865 secs] 604540K->44740K(2029056K), 0.0167475 secs] [Times: user=0.13 sys=0.00, real=0.02 secs] 
2020-09-29T18:19:49.205+0200: 30.926: [GC (Allocation Failure) 2020-09-29T18:19:49.205+0200: 30.926: [ParNew: 580829K->31561K(613440K), 0.0157380 secs] 590084K->40815K(2029056K), 0.0158045 secs] [Times: user=0.13 sys=0.00, real=0.02 secs] 
2020-09-29T18:19:49.268+0200: 30.988: [GC (Allocation Failure) 2020-09-29T18:19:49.268+0200: 30.988: [ParNew: 576905K->31363K(613440K), 0.0144687 secs] 586159K->40617K(2029056K), 0.0145627 secs] [Times: user=0.13 sys=0.00, real=0.01 secs] 
2020-09-29T18:19:49.334+0200: 31.055: [GC (Allocation Failure) 2020-09-29T18:19:49.334+0200: 31.055: [ParNew: 576707K->54492K(613440K), 0.0193395 secs] 585961K->63746K(2029056K), 0.0194014 secs] [Times: user=0.13 sys=0.00, real=0.02 secs] 
2020-09-29T18:19:49.405+0200: 31.125: [GC (Allocation Failure) 2020-09-29T18:19:49.405+0200: 31.125: [ParNew: 599836K->41388K(613440K), 0.0179509 secs] 609090K->50642K(2029056K), 0.0180192 secs] [Times: user=0.13 sys=0.00, real=0.02 secs] 
2020-09-29T18:19:49.469+0200: 31.190: [GC (Allocation Failure) 2020-09-29T18:19:49.469+0200: 31.190: [ParNew: 586732K->64743K(613440K), 0.0213546 secs] 595986K->73997K(2029056K), 0.0215183 secs] [Times: user=0.25 sys=0.00, real=0.02 secs] 
2020-09-29T18:19:49.537+0200: 31.258: [GC (Allocation Failure) 2020-09-29T18:19:49.537+0200: 31.258: [ParNew: 610087K->45486K(613440K), 0.0155912 secs] 619341K->54740K(2029056K), 0.0156443 secs] [Times: user=0.13 sys=0.00, real=0.02 secs] 
2020-09-29T18:19:49.607+0200: 31.327: [GC (Allocation Failure) 2020-09-29T18:19:49.607+0200: 31.327: [ParNew: 590830K->62293K(613440K), 0.0207196 secs] 600084K->71548K(2029056K), 0.0207796 secs] [Times: user=0.11 sys=0.00, real=0.02 secs] 
2020-09-29T18:19:49.677+0200: 31.398: [GC (Allocation Failure) 2020-09-29T18:19:49.677+0200: 31.398: [ParNew: 607637K->44166K(613440K), 0.0208008 secs] 616892K->53420K(2029056K), 0.0208646 secs] [Times: user=0.13 sys=0.00, real=0.02 secs] 
2020-09-29T18:19:49.745+0200: 31.465: [GC (Allocation Failure) 2020-09-29T18:19:49.745+0200: 31.465: [ParNew: 589510K->41108K(613440K), 0.0142513 secs] 598764K->50363K(2029056K), 0.0143060 secs] [Times: user=0.13 sys=0.00, real=0.01 secs] 
2020-09-29T18:19:49.808+0200: 31.529: [GC (Allocation Failure) 2020-09-29T18:19:49.808+0200: 31.529: [ParNew: 586452K->54603K(613440K), 0.0263899 secs] 595707K->63858K(2029056K), 0.0264803 secs] [Times: user=0.25 sys=0.00, real=0.03 secs] 
2020-09-29T18:19:49.884+0200: 31.604: [GC (Allocation Failure) 2020-09-29T18:19:49.884+0200: 31.604: [ParNew: 599947K->68096K(613440K), 0.0231213 secs] 609202K->77368K(2029056K), 0.0231875 secs] [Times: user=0.13 sys=0.00, real=0.02 secs] 
2020-09-29T18:19:49.957+0200: 31.677: [GC (Allocation Failure) 2020-09-29T18:19:49.957+0200: 31.677: [ParNew: 613440K->43604K(613440K), 0.0107578 secs] 622712K->52877K(2029056K), 0.0108291 secs] [Times: user=0.00 sys=0.00, real=0.01 secs] 
2020-09-29T18:19:50.030+0200: 31.751: [GC (Allocation Failure) 2020-09-29T18:19:50.030+0200: 31.751: [ParNew: 588948K->31898K(613440K), 0.0145435 secs] 598221K->41171K(2029056K), 0.0215534 secs] [Times: user=0.13 sys=0.00, real=0.02 secs] 
2020-09-29T18:19:50.102+0200: 31.821: [GC (Allocation Failure) 2020-09-29T18:19:50.102+0200: 31.821: [ParNew: 577242K->45589K(613440K), 0.0182922 secs] 586515K->54861K(2029056K), 0.0183666 secs] [Times: user=0.13 sys=0.00, real=0.02 secs] 
2020-09-29T18:19:50.171+0200: 31.890: [GC (Allocation Failure) 2020-09-29T18:19:50.171+0200: 31.890: [ParNew: 590933K->39662K(613440K), 0.0130237 secs] 600205K->48935K(2029056K), 0.0130801 secs] [Times: user=0.13 sys=0.00, real=0.01 secs] 
2020-09-29T18:19:50.239+0200: 31.959: [GC (Allocation Failure) 2020-09-29T18:19:50.239+0200: 31.959: [ParNew: 585006K->46319K(613440K), 0.0177354 secs] 594279K->55591K(2029056K), 0.0177896 secs] [Times: user=0.13 sys=0.00, real=0.02 secs] 
2020-09-29T18:19:50.307+0200: 32.027: [GC (Allocation Failure) 2020-09-29T18:19:50.307+0200: 32.027: [ParNew: 591663K->35094K(613440K), 0.0114009 secs] 600935K->44366K(2029056K), 0.0114694 secs] [Times: user=0.13 sys=0.00, real=0.01 secs] 
2020-09-29T18:19:50.371+0200: 32.090: [GC (Allocation Failure) 2020-09-29T18:19:50.371+0200: 32.091: [ParNew: 580438K->42693K(613440K), 0.0163580 secs] 589710K->51966K(2029056K), 0.0164137 secs] [Times: user=0.13 sys=0.00, real=0.01 secs] 
2020-09-29T18:19:50.437+0200: 32.157: [GC (Allocation Failure) 2020-09-29T18:19:50.437+0200: 32.157: [ParNew: 588037K->26008K(613440K), 0.0110723 secs] 597310K->35281K(2029056K), 0.0111301 secs] [Times: user=0.13 sys=0.00, real=0.01 secs] 
2020-09-29T18:19:50.497+0200: 32.217: [GC (Allocation Failure) 2020-09-29T18:19:50.497+0200: 32.217: [ParNew: 571352K->45935K(613440K), 0.0194729 secs] 580625K->55208K(2029056K), 0.0195334 secs] [Times: user=0.13 sys=0.00, real=0.02 secs] 
2020-09-29T18:19:50.567+0200: 32.286: [GC (Allocation Failure) 2020-09-29T18:19:50.567+0200: 32.286: [ParNew: 591279K->35171K(613440K), 0.0144693 secs] 600552K->44444K(2029056K), 0.0145568 secs] [Times: user=0.11 sys=0.00, real=0.01 secs] 
2020-09-29T18:19:50.631+0200: 32.350: [GC (Allocation Failure) 2020-09-29T18:19:50.631+0200: 32.351: [ParNew: 580515K->60110K(613440K), 0.0236639 secs] 589788K->69383K(2029056K), 0.0237412 secs] [Times: user=0.13 sys=0.00, real=0.02 secs] 
2020-09-29T18:19:50.702+0200: 32.421: [GC (Allocation Failure) 2020-09-29T18:19:50.702+0200: 32.421: [ParNew: 605454K->46118K(613440K), 0.0170803 secs] 614727K->55391K(2029056K), 0.0171342 secs] [Times: user=0.13 sys=0.00, real=0.02 secs] 
2020-09-29T18:19:50.767+0200: 32.487: [GC (Allocation Failure) 2020-09-29T18:19:50.767+0200: 32.487: [ParNew: 591462K->68096K(613440K), 0.0259092 secs] 600735K->77478K(2029056K), 0.0259647 secs] [Times: user=0.25 sys=0.00, real=0.03 secs] 
2020-09-29T18:19:50.841+0200: 32.560: [GC (Allocation Failure) 2020-09-29T18:19:50.841+0200: 32.560: [ParNew: 613440K->52523K(613440K), 0.0149180 secs] 622822K->61905K(2029056K), 0.0149764 secs] [Times: user=0.13 sys=0.00, real=0.01 secs] 
2020-09-29T18:19:50.902+0200: 32.622: [GC (Allocation Failure) 2020-09-29T18:19:50.902+0200: 32.622: [ParNew: 597867K->50788K(613440K), 0.0189988 secs] 607249K->60170K(2029056K), 0.0190530 secs] [Times: user=0.13 sys=0.00, real=0.02 secs] 
2020-09-29T18:19:50.967+0200: 32.687: [GC (Allocation Failure) 2020-09-29T18:19:50.967+0200: 32.687: [ParNew: 596132K->44164K(613440K), 0.0184877 secs] 605514K->53546K(2029056K), 0.0185453 secs] [Times: user=0.13 sys=0.00, real=0.02 secs] 
2020-09-29T18:19:51.036+0200: 32.756: [GC (Allocation Failure) 2020-09-29T18:19:51.036+0200: 32.756: [ParNew: 589508K->43621K(613440K), 0.0183316 secs] 598890K->53003K(2029056K), 0.0183950 secs] [Times: user=0.13 sys=0.00, real=0.02 secs] 
2020-09-29T18:19:51.102+0200: 32.821: [GC (Allocation Failure) 2020-09-29T18:19:51.102+0200: 32.821: [ParNew: 588965K->41266K(613440K), 0.0170671 secs] 598347K->50649K(2029056K), 0.0171361 secs] [Times: user=0.13 sys=0.00, real=0.02 secs] 
2020-09-29T18:19:51.171+0200: 32.891: [GC (Allocation Failure) 2020-09-29T18:19:51.171+0200: 32.891: [ParNew: 586610K->36907K(613440K), 0.0165841 secs] 595993K->46289K(2029056K), 0.0166405 secs] [Times: user=0.13 sys=0.00, real=0.02 secs] 
2020-09-29T18:19:51.237+0200: 32.956: [GC (Allocation Failure) 2020-09-29T18:19:51.237+0200: 32.956: [ParNew: 582251K->61577K(613440K), 0.0206832 secs] 591633K->70959K(2029056K), 0.0207411 secs] [Times: user=0.25 sys=0.00, real=0.02 secs] 
2020-09-29T18:19:51.306+0200: 33.026: [GC (Allocation Failure) 2020-09-29T18:19:51.306+0200: 33.026: [ParNew: 606921K->47238K(613440K), 0.0205362 secs] 616303K->56620K(2029056K), 0.0206045 secs] [Times: user=0.13 sys=0.00, real=0.02 secs] 
2020-09-29T18:19:51.374+0200: 33.094: [GC (Allocation Failure) 2020-09-29T18:19:51.374+0200: 33.094: [ParNew: 592582K->53980K(613440K), 0.0199647 secs] 601964K->63362K(2029056K), 0.0200210 secs] [Times: user=0.13 sys=0.00, real=0.02 secs] 
2020-09-29T18:19:51.442+0200: 33.162: [GC (Allocation Failure) 2020-09-29T18:19:51.442+0200: 33.162: [ParNew: 599324K->37206K(613440K), 0.0074279 secs] 608706K->46589K(2029056K), 0.0074851 secs] [Times: user=0.13 sys=0.00, real=0.01 secs] 
2020-09-29T18:19:51.507+0200: 33.226: [GC (Allocation Failure) 2020-09-29T18:19:51.507+0200: 33.226: [ParNew: 582550K->39873K(613440K), 0.0175023 secs] 591933K->49255K(2029056K), 0.0175592 secs] [Times: user=0.13 sys=0.00, real=0.02 secs] 
2020-09-29T18:19:51.577+0200: 33.297: [GC (Allocation Failure) 2020-09-29T18:19:51.577+0200: 33.297: [ParNew: 585217K->27980K(613440K), 0.0126057 secs] 594599K->37362K(2029056K), 0.0126965 secs] [Times: user=0.11 sys=0.00, real=0.01 secs] 
2020-09-29T18:19:51.638+0200: 33.357: [GC (Allocation Failure) 2020-09-29T18:19:51.638+0200: 33.358: [ParNew: 573324K->45372K(613440K), 0.0164726 secs] 582706K->54755K(2029056K), 0.0165334 secs] [Times: user=0.13 sys=0.00, real=0.02 secs] 
2020-09-29T18:19:51.702+0200: 33.422: [GC (Allocation Failure) 2020-09-29T18:19:51.702+0200: 33.422: [ParNew: 590716K->43057K(613440K), 0.0158517 secs] 600099K->52439K(2029056K), 0.0159090 secs] [Times: user=0.11 sys=0.00, real=0.02 secs] 
2020-09-29T18:19:51.767+0200: 33.487: [GC (Allocation Failure) 2020-09-29T18:19:51.767+0200: 33.487: [ParNew: 588401K->54689K(613440K), 0.0194136 secs] 597783K->64071K(2029056K), 0.0194821 secs] [Times: user=0.25 sys=0.00, real=0.02 secs] 
2020-09-29T18:19:51.834+0200: 33.554: [GC (Allocation Failure) 2020-09-29T18:19:51.834+0200: 33.554: [ParNew: 600033K->44425K(613440K), 0.0193167 secs] 609415K->53807K(2029056K), 0.0193772 secs] [Times: user=0.13 sys=0.00, real=0.02 secs] 
2020-09-29T18:19:51.902+0200: 33.622: [GC (Allocation Failure) 2020-09-29T18:19:51.902+0200: 33.622: [ParNew: 589769K->44895K(613440K), 0.0181800 secs] 599151K->54277K(2029056K), 0.0182398 secs] [Times: user=0.13 sys=0.00, real=0.02 secs] 
2020-09-29T18:19:51.967+0200: 33.687: [GC (Allocation Failure) 2020-09-29T18:19:51.967+0200: 33.687: [ParNew: 590239K->40971K(613440K), 0.0178380 secs] 599621K->50354K(2029056K), 0.0178913 secs] [Times: user=0.13 sys=0.00, real=0.02 secs] 
2020-09-29T18:19:52.038+0200: 33.757: [GC (Allocation Failure) 2020-09-29T18:19:52.038+0200: 33.757: [ParNew: 586315K->40636K(613440K), 0.0174992 secs] 595698K->50018K(2029056K), 0.0175539 secs] [Times: user=0.13 sys=0.00, real=0.02 secs] 
2020-09-29T18:19:52.102+0200: 33.821: [GC (Allocation Failure) 2020-09-29T18:19:52.102+0200: 33.822: [ParNew: 585980K->37895K(613440K), 0.0149213 secs] 595362K->47277K(2029056K), 0.0149779 secs] [Times: user=0.13 sys=0.00, real=0.02 secs] 
2020-09-29T18:19:52.166+0200: 33.887: [GC (Allocation Failure) 2020-09-29T18:19:52.166+0200: 33.887: [ParNew: 583239K->36836K(613440K), 0.0139489 secs] 592621K->46218K(2029056K), 0.0140055 secs] [Times: user=0.13 sys=0.00, real=0.01 secs] 
2020-09-29T18:19:52.231+0200: 33.952: [GC (Allocation Failure) 2020-09-29T18:19:52.231+0200: 33.952: [ParNew: 582180K->54069K(613440K), 0.0191899 secs] 591562K->63451K(2029056K), 0.0192456 secs] [Times: user=0.13 sys=0.00, real=0.02 secs] 
2020-09-29T18:19:52.300+0200: 34.020: [GC (Allocation Failure) 2020-09-29T18:19:52.300+0200: 34.020: [ParNew: 599413K->68096K(613440K), 0.0251076 secs] 608795K->77478K(2029056K), 0.0251623 secs] [Times: user=0.22 sys=0.00, real=0.03 secs] 
2020-09-29T18:19:52.374+0200: 34.094: [GC (Allocation Failure) 2020-09-29T18:19:52.374+0200: 34.094: [ParNew: 613440K->53657K(613440K), 0.0175174 secs] 622822K->63039K(2029056K), 0.0176027 secs] [Times: user=0.13 sys=0.00, real=0.02 secs] 
2020-09-29T18:19:52.440+0200: 34.161: [GC (Allocation Failure) 2020-09-29T18:19:52.440+0200: 34.161: [ParNew: 599001K->46969K(613440K), 0.0172131 secs] 608383K->56351K(2029056K), 0.0172685 secs] [Times: user=0.25 sys=0.00, real=0.02 secs] 
2020-09-29T18:19:52.504+0200: 34.224: [GC (Allocation Failure) 2020-09-29T18:19:52.504+0200: 34.224: [ParNew: 592313K->68096K(613440K), 0.0208723 secs] 601695K->77478K(2029056K), 0.0210106 secs] [Times: user=0.13 sys=0.00, real=0.02 secs] 
2020-09-29T18:19:52.573+0200: 34.293: [GC (Allocation Failure) 2020-09-29T18:19:52.573+0200: 34.293: [ParNew: 613440K->44711K(613440K), 0.0159800 secs] 622822K->54094K(2029056K), 0.0160598 secs] [Times: user=0.11 sys=0.00, real=0.02 secs] 
2020-09-29T18:19:52.638+0200: 34.358: [GC (Allocation Failure) 2020-09-29T18:19:52.638+0200: 34.358: [ParNew: 590055K->26107K(613440K), 0.0132680 secs] 599438K->35489K(2029056K), 0.0133537 secs] [Times: user=0.13 sys=0.00, real=0.01 secs] 
2020-09-29T18:19:52.698+0200: 34.418: [GC (Allocation Failure) 2020-09-29T18:19:52.698+0200: 34.418: [ParNew: 571451K->49775K(613440K), 0.0182580 secs] 580833K->59158K(2029056K), 0.0183295 secs] [Times: user=0.13 sys=0.00, real=0.02 secs] 
2020-09-29T18:19:52.767+0200: 34.487: [GC (Allocation Failure) 2020-09-29T18:19:52.767+0200: 34.488: [ParNew: 595119K->34758K(613440K), 0.0130382 secs] 604502K->44141K(2029056K), 0.0131964 secs] [Times: user=0.09 sys=0.00, real=0.01 secs] 
2020-09-29T18:19:52.839+0200: 34.559: [GC (Allocation Failure) 2020-09-29T18:19:52.839+0200: 34.559: [ParNew: 580102K->46853K(613440K), 0.0222564 secs] 589485K->56235K(2029056K), 0.0223382 secs] [Times: user=0.13 sys=0.00, real=0.02 secs] 
2020-09-29T18:19:52.909+0200: 34.630: [GC (Allocation Failure) 2020-09-29T18:19:52.909+0200: 34.630: [ParNew: 592197K->40342K(613440K), 0.0134612 secs] 601579K->49724K(2029056K), 0.0135241 secs] [Times: user=0.13 sys=0.00, real=0.01 secs] 
2020-09-29T18:19:52.969+0200: 34.690: [GC (Allocation Failure) 2020-09-29T18:19:52.969+0200: 34.690: [ParNew: 585686K->55615K(613440K), 0.0230202 secs] 595068K->64998K(2029056K), 0.0230784 secs] [Times: user=0.25 sys=0.00, real=0.02 secs] 
2020-09-29T18:19:53.040+0200: 34.760: [GC (Allocation Failure) 2020-09-29T18:19:53.040+0200: 34.760: [ParNew: 600959K->68096K(613440K), 0.0226944 secs] 610342K->77784K(2029056K), 0.0227571 secs] [Times: user=0.13 sys=0.00, real=0.02 secs] 
2020-09-29T18:19:53.114+0200: 34.834: [GC (Allocation Failure) 2020-09-29T18:19:53.114+0200: 34.834: [ParNew: 613440K->52186K(613440K), 0.0172218 secs] 623128K->61874K(2029056K), 0.0172831 secs] [Times: user=0.13 sys=0.00, real=0.02 secs] 
2020-09-29T18:19:53.178+0200: 34.898: [GC (Allocation Failure) 2020-09-29T18:19:53.178+0200: 34.898: [ParNew: 597530K->68096K(613440K), 0.0216857 secs] 607218K->77784K(2029056K), 0.0217659 secs] [Times: user=0.13 sys=0.00, real=0.02 secs] 
2020-09-29T18:19:53.248+0200: 34.968: [GC (Allocation Failure) 2020-09-29T18:19:53.248+0200: 34.968: [ParNew: 613440K->44170K(613440K), 0.0161625 secs] 623128K->53858K(2029056K), 0.0162329 secs] [Times: user=0.13 sys=0.00, real=0.02 secs] 
2020-09-29T18:19:53.312+0200: 35.033: [GC (Allocation Failure) 2020-09-29T18:19:53.313+0200: 35.033: [ParNew: 589514K->38121K(613440K), 0.0146070 secs] 599202K->47809K(2029056K), 0.0146904 secs] [Times: user=0.13 sys=0.00, real=0.01 secs] 
2020-09-29T18:19:53.380+0200: 35.100: [GC (Allocation Failure) 2020-09-29T18:19:53.380+0200: 35.100: [ParNew: 583465K->54102K(613440K), 0.0200965 secs] 593153K->63790K(2029056K), 0.0201529 secs] [Times: user=0.13 sys=0.00, real=0.02 secs] 
2020-09-29T18:19:53.452+0200: 35.172: [GC (Allocation Failure) 2020-09-29T18:19:53.452+0200: 35.172: [ParNew: 599446K->68096K(613440K), 0.0245257 secs] 609134K->77784K(2029056K), 0.0246103 secs] [Times: user=0.25 sys=0.00, real=0.02 secs] 
2020-09-29T18:19:53.523+0200: 35.243: [GC (Allocation Failure) 2020-09-29T18:19:53.523+0200: 35.243: [ParNew: 613440K->58379K(613440K), 0.0188721 secs] 623128K->68067K(2029056K), 0.0189253 secs] [Times: user=0.13 sys=0.00, real=0.02 secs] 
2020-09-29T18:19:53.591+0200: 35.311: [GC (Allocation Failure) 2020-09-29T18:19:53.591+0200: 35.311: [ParNew: 603723K->47057K(613440K), 0.0187320 secs] 613411K->56746K(2029056K), 0.0187982 secs] [Times: user=0.13 sys=0.00, real=0.02 secs] 
2020-09-29T18:19:53.664+0200: 35.384: [GC (Allocation Failure) 2020-09-29T18:19:53.664+0200: 35.384: [ParNew: 592401K->42107K(613440K), 0.0171818 secs] 602090K->51795K(2029056K), 0.0172431 secs] [Times: user=0.13 sys=0.00, real=0.02 secs] 
2020-09-29T18:19:53.734+0200: 35.455: [GC (Allocation Failure) 2020-09-29T18:19:53.734+0200: 35.455: [ParNew: 587451K->64252K(613440K), 0.0217460 secs] 597139K->73940K(2029056K), 0.0218074 secs] [Times: user=0.25 sys=0.00, real=0.02 secs] 
2020-09-29T18:19:53.806+0200: 35.526: [GC (Allocation Failure) 2020-09-29T18:19:53.806+0200: 35.526: [ParNew: 609596K->55709K(613440K), 0.0212819 secs] 619284K->65397K(2029056K), 0.0213391 secs] [Times: user=0.13 sys=0.00, real=0.02 secs] 
2020-09-29T18:19:53.878+0200: 35.599: [GC (Allocation Failure) 2020-09-29T18:19:53.878+0200: 35.599: [ParNew: 601053K->48614K(613440K), 0.0211161 secs] 610741K->58302K(2029056K), 0.0211809 secs] [Times: user=0.25 sys=0.00, real=0.02 secs] 
2020-09-29T18:19:53.946+0200: 35.666: [GC (Allocation Failure) 2020-09-29T18:19:53.946+0200: 35.666: [ParNew: 593958K->46223K(613440K), 0.0145428 secs] 603646K->55911K(2029056K), 0.0145994 secs] [Times: user=0.13 sys=0.00, real=0.01 secs] 
2020-09-29T18:19:54.011+0200: 35.732: [GC (Allocation Failure) 2020-09-29T18:19:54.011+0200: 35.732: [ParNew: 591567K->44560K(613440K), 0.0192449 secs] 601255K->54248K(2029056K), 0.0192970 secs] [Times: user=0.13 sys=0.00, real=0.02 secs] 
2020-09-29T18:19:54.082+0200: 35.803: [GC (Allocation Failure) 2020-09-29T18:19:54.082+0200: 35.803: [ParNew: 589904K->68096K(613440K), 0.0244583 secs] 599592K->77784K(2029056K), 0.0245458 secs] [Times: user=0.13 sys=0.00, real=0.03 secs] 
2020-09-29T18:19:54.155+0200: 35.875: [GC (Allocation Failure) 2020-09-29T18:19:54.155+0200: 35.875: [ParNew: 613440K->59074K(613440K), 0.0180734 secs] 623128K->68762K(2029056K), 0.0181445 secs] [Times: user=0.13 sys=0.00, real=0.02 secs] 
2020-09-29T18:19:54.220+0200: 35.940: [GC (Allocation Failure) 2020-09-29T18:19:54.220+0200: 35.940: [ParNew: 604418K->52016K(613440K), 0.0170061 secs] 614106K->61704K(2029056K), 0.0170741 secs] [Times: user=0.13 sys=0.00, real=0.02 secs] 
2020-09-29T18:19:54.285+0200: 36.006: [GC (Allocation Failure) 2020-09-29T18:19:54.285+0200: 36.006: [ParNew: 597360K->60736K(613440K), 0.0208630 secs] 607048K->70424K(2029056K), 0.0209292 secs] [Times: user=0.13 sys=0.00, real=0.02 secs] 
2020-09-29T18:19:54.354+0200: 36.075: [GC (Allocation Failure) 2020-09-29T18:19:54.354+0200: 36.075: [ParNew: 606080K->55111K(613440K), 0.0205787 secs] 615768K->64799K(2029056K), 0.0206528 secs] [Times: user=0.13 sys=0.00, real=0.02 secs] 
2020-09-29T18:19:54.422+0200: 36.142: [GC (Allocation Failure) 2020-09-29T18:19:54.422+0200: 36.142: [ParNew: 600455K->48382K(613440K), 0.0192450 secs] 610143K->58070K(2029056K), 0.0192994 secs] [Times: user=0.13 sys=0.00, real=0.02 secs] 
2020-09-29T18:19:54.488+0200: 36.209: [GC (Allocation Failure) 2020-09-29T18:19:54.488+0200: 36.209: [ParNew: 593726K->68096K(613440K), 0.0244644 secs] 603414K->78450K(2029056K), 0.0245164 secs] [Times: user=0.24 sys=0.00, real=0.03 secs] 
2020-09-29T18:19:54.560+0200: 36.280: [GC (Allocation Failure) 2020-09-29T18:19:54.560+0200: 36.280: [ParNew: 613440K->52490K(613440K), 0.0184676 secs] 623794K->62844K(2029056K), 0.0185515 secs] [Times: user=0.13 sys=0.00, real=0.02 secs] 
2020-09-29T18:19:54.627+0200: 36.347: [GC (Allocation Failure) 2020-09-29T18:19:54.627+0200: 36.347: [ParNew: 597834K->43800K(613440K), 0.0193362 secs] 608188K->54154K(2029056K), 0.0193933 secs] [Times: user=0.22 sys=0.00, real=0.02 secs] 
2020-09-29T18:19:54.693+0200: 36.413: [GC (Allocation Failure) 2020-09-29T18:19:54.693+0200: 36.413: [ParNew: 589144K->67139K(613440K), 0.0223916 secs] 599498K->77494K(2029056K), 0.0224576 secs] [Times: user=0.13 sys=0.00, real=0.02 secs] 
2020-09-29T18:19:54.762+0200: 36.482: [GC (Allocation Failure) 2020-09-29T18:19:54.762+0200: 36.482: [ParNew: 612483K->46168K(613440K), 0.0145463 secs] 622838K->56522K(2029056K), 0.0146155 secs] [Times: user=0.13 sys=0.00, real=0.01 secs] 
2020-09-29T18:19:54.829+0200: 36.549: [GC (Allocation Failure) 2020-09-29T18:19:54.829+0200: 36.549: [ParNew: 591512K->43359K(613440K), 0.0204810 secs] 601866K->53714K(2029056K), 0.0205457 secs] [Times: user=0.25 sys=0.00, real=0.02 secs] 
2020-09-29T18:19:54.897+0200: 36.617: [GC (Allocation Failure) 2020-09-29T18:19:54.897+0200: 36.617: [ParNew: 588703K->34474K(613440K), 0.0077469 secs] 599058K->44828K(2029056K), 0.0078052 secs] [Times: user=0.00 sys=0.00, real=0.01 secs] 
2020-09-29T18:19:54.959+0200: 36.679: [GC (Allocation Failure) 2020-09-29T18:19:54.959+0200: 36.679: [ParNew: 579818K->56634K(613440K), 0.0234008 secs] 590172K->66989K(2029056K), 0.0234795 secs] [Times: user=0.13 sys=0.00, real=0.02 secs] 
2020-09-29T18:19:55.029+0200: 36.750: [GC (Allocation Failure) 2020-09-29T18:19:55.029+0200: 36.750: [ParNew: 601978K->45538K(613440K), 0.0177499 secs] 612333K->55892K(2029056K), 0.0178042 secs] [Times: user=0.13 sys=0.00, real=0.02 secs] 
2020-09-29T18:19:55.098+0200: 36.819: [GC (Allocation Failure) 2020-09-29T18:19:55.098+0200: 36.819: [ParNew: 590882K->44567K(613440K), 0.0164912 secs] 601236K->54921K(2029056K), 0.0165879 secs] [Times: user=0.13 sys=0.00, real=0.02 secs] 
2020-09-29T18:19:55.162+0200: 36.883: [GC (Allocation Failure) 2020-09-29T18:19:55.162+0200: 36.883: [ParNew: 589911K->67597K(613440K), 0.0223393 secs] 600265K->77951K(2029056K), 0.0223970 secs] [Times: user=0.13 sys=0.00, real=0.02 secs] 
2020-09-29T18:19:55.233+0200: 36.954: [GC (Allocation Failure) 2020-09-29T18:19:55.233+0200: 36.954: [ParNew: 612941K->48473K(613440K), 0.0268145 secs] 623295K->58827K(2029056K), 0.0268849 secs] [Times: user=0.25 sys=0.00, real=0.03 secs] 
2020-09-29T18:19:55.312+0200: 37.032: [GC (Allocation Failure) 2020-09-29T18:19:55.312+0200: 37.032: [ParNew: 593817K->46974K(613440K), 0.0193064 secs] 604171K->57328K(2029056K), 0.0193796 secs] [Times: user=0.13 sys=0.00, real=0.02 secs] 
2020-09-29T18:19:55.383+0200: 37.103: [GC (Allocation Failure) 2020-09-29T18:19:55.383+0200: 37.103: [ParNew: 592318K->45586K(613440K), 0.0250456 secs] 602672K->55940K(2029056K), 0.0251256 secs] [Times: user=0.13 sys=0.00, real=0.03 secs] 
2020-09-29T18:19:55.457+0200: 37.178: [GC (Allocation Failure) 2020-09-29T18:19:55.457+0200: 37.178: [ParNew: 590930K->42081K(613440K), 0.0171206 secs] 601284K->52436K(2029056K), 0.0171857 secs] [Times: user=0.13 sys=0.00, real=0.02 secs] 
2020-09-29T18:19:55.524+0200: 37.245: [GC (Allocation Failure) 2020-09-29T18:19:55.524+0200: 37.245: [ParNew: 587425K->56804K(613440K), 0.0298950 secs] 597780K->67158K(2029056K), 0.0299642 secs] [Times: user=0.25 sys=0.00, real=0.03 secs] 
2020-09-29T18:19:55.618+0200: 37.338: [GC (Allocation Failure) 2020-09-29T18:19:55.618+0200: 37.338: [ParNew: 602148K->68096K(613440K), 0.0304358 secs] 612502K->79049K(2029056K), 0.0304987 secs] [Times: user=0.25 sys=0.00, real=0.03 secs] 
2020-09-29T18:19:55.697+0200: 37.417: [GC (Allocation Failure) 2020-09-29T18:19:55.697+0200: 37.417: [ParNew: 613440K->68096K(613440K), 0.0371462 secs] 624393K->82494K(2029056K), 0.0372121 secs] [Times: user=0.25 sys=0.00, real=0.04 secs] 
2020-09-29T18:19:55.783+0200: 37.503: [GC (Allocation Failure) 2020-09-29T18:19:55.783+0200: 37.503: [ParNew: 613440K->62046K(613440K), 0.0272429 secs] 627838K->76444K(2029056K), 0.0273150 secs] [Times: user=0.23 sys=0.00, real=0.03 secs] 
2020-09-29T18:19:55.858+0200: 37.579: [GC (Allocation Failure) 2020-09-29T18:19:55.859+0200: 37.579: [ParNew: 607390K->44851K(613440K), 0.0198163 secs] 621788K->59249K(2029056K), 0.0198893 secs] [Times: user=0.13 sys=0.00, real=0.02 secs] 
2020-09-29T18:19:55.931+0200: 37.652: [GC (Allocation Failure) 2020-09-29T18:19:55.931+0200: 37.652: [ParNew: 590195K->41798K(613440K), 0.0195940 secs] 604593K->56196K(2029056K), 0.0196573 secs] [Times: user=0.13 sys=0.00, real=0.02 secs] 
2020-09-29T18:19:56.000+0200: 37.720: [GC (Allocation Failure) 2020-09-29T18:19:56.000+0200: 37.720: [ParNew: 587142K->57903K(613440K), 0.0257703 secs] 601540K->72302K(2029056K), 0.0258387 secs] [Times: user=0.25 sys=0.00, real=0.03 secs] 
2020-09-29T18:19:56.077+0200: 37.798: [GC (Allocation Failure) 2020-09-29T18:19:56.077+0200: 37.798: [ParNew: 603247K->68096K(613440K), 0.0306232 secs] 617646K->82797K(2029056K), 0.0306884 secs] [Times: user=0.25 sys=0.00, real=0.03 secs] 
2020-09-29T18:19:56.159+0200: 37.879: [GC (Allocation Failure) 2020-09-29T18:19:56.159+0200: 37.879: [ParNew: 613440K->51563K(613440K), 0.0252802 secs] 628141K->66264K(2029056K), 0.0253695 secs] [Times: user=0.23 sys=0.00, real=0.03 secs] 
2020-09-29T18:19:56.236+0200: 37.957: [GC (Allocation Failure) 2020-09-29T18:19:56.236+0200: 37.957: [ParNew: 596907K->44905K(613440K), 0.0233287 secs] 611608K->59606K(2029056K), 0.0234070 secs] [Times: user=0.23 sys=0.00, real=0.02 secs] 
2020-09-29T18:19:56.310+0200: 38.031: [GC (Allocation Failure) 2020-09-29T18:19:56.310+0200: 38.031: [ParNew: 590249K->67123K(613440K), 0.0275025 secs] 604950K->81825K(2029056K), 0.0275939 secs] [Times: user=0.25 sys=0.00, real=0.03 secs] 
2020-09-29T18:19:56.388+0200: 38.108: [GC (Allocation Failure) 2020-09-29T18:19:56.388+0200: 38.108: [ParNew: 612467K->45516K(613440K), 0.0189105 secs] 627169K->60217K(2029056K), 0.0189741 secs] [Times: user=0.13 sys=0.00, real=0.02 secs] 
2020-09-29T18:19:56.459+0200: 38.180: [GC (Allocation Failure) 2020-09-29T18:19:56.459+0200: 38.180: [ParNew: 590860K->35203K(613440K), 0.0191550 secs] 605561K->49904K(2029056K), 0.0192210 secs] [Times: user=0.13 sys=0.00, real=0.02 secs] 
2020-09-29T18:19:56.529+0200: 38.250: [GC (Allocation Failure) 2020-09-29T18:19:56.529+0200: 38.250: [ParNew: 580547K->55979K(613440K), 0.0238451 secs] 595248K->70681K(2029056K), 0.0239183 secs] [Times: user=0.25 sys=0.00, real=0.02 secs] 
2020-09-29T18:19:56.602+0200: 38.322: [GC (Allocation Failure) 2020-09-29T18:19:56.602+0200: 38.322: [ParNew: 601323K->45521K(613440K), 0.0235510 secs] 616025K->60222K(2029056K), 0.0236262 secs] [Times: user=0.13 sys=0.00, real=0.02 secs] 
2020-09-29T18:19:56.678+0200: 38.398: [GC (Allocation Failure) 2020-09-29T18:19:56.678+0200: 38.398: [ParNew: 590865K->41626K(613440K), 0.0220375 secs] 605566K->56327K(2029056K), 0.0221125 secs] [Times: user=0.13 sys=0.00, real=0.02 secs] 
2020-09-29T18:19:56.754+0200: 38.475: [GC (Allocation Failure) 2020-09-29T18:19:56.754+0200: 38.475: [ParNew: 586970K->42396K(613440K), 0.0214527 secs] 601671K->57097K(2029056K), 0.0215334 secs] [Times: user=0.13 sys=0.00, real=0.02 secs] 
2020-09-29T18:19:56.824+0200: 38.545: [GC (Allocation Failure) 2020-09-29T18:19:56.824+0200: 38.545: [ParNew: 587740K->60687K(613440K), 0.0276320 secs] 602441K->75388K(2029056K), 0.0276956 secs] [Times: user=0.25 sys=0.00, real=0.03 secs] 
2020-09-29T18:19:56.901+0200: 38.621: [GC (Allocation Failure) 2020-09-29T18:19:56.901+0200: 38.621: [ParNew: 606031K->59927K(613440K), 0.0271636 secs] 620732K->74628K(2029056K), 0.0272285 secs] [Times: user=0.23 sys=0.00, real=0.03 secs] 
2020-09-29T18:19:56.977+0200: 38.696: [GC (Allocation Failure) 2020-09-29T18:19:56.977+0200: 38.696: [ParNew: 605271K->50733K(613440K), 0.0253069 secs] 619972K->65434K(2029056K), 0.0253939 secs] [Times: user=0.13 sys=0.00, real=0.03 secs] 
2020-09-29T18:19:57.049+0200: 38.768: [GC (Allocation Failure) 2020-09-29T18:19:57.049+0200: 38.769: [ParNew: 596077K->44884K(613440K), 0.0247177 secs] 610778K->59585K(2029056K), 0.0247808 secs] [Times: user=0.25 sys=0.00, real=0.02 secs] 
2020-09-29T18:19:57.127+0200: 38.846: [GC (Allocation Failure) 2020-09-29T18:19:57.127+0200: 38.846: [ParNew: 590228K->38930K(613440K), 0.0134843 secs] 604929K->53632K(2029056K), 0.0135648 secs] [Times: user=0.13 sys=0.00, real=0.01 secs] 
2020-09-29T18:19:57.196+0200: 38.916: [GC (Allocation Failure) 2020-09-29T18:19:57.196+0200: 38.916: [ParNew: 584274K->21377K(613440K), 0.0121488 secs] 598976K->36079K(2029056K), 0.0122129 secs] [Times: user=0.13 sys=0.00, real=0.01 secs] 
2020-09-29T18:19:57.269+0200: 38.988: [GC (Allocation Failure) 2020-09-29T18:19:57.269+0200: 38.988: [ParNew: 566721K->50882K(613440K), 0.0262447 secs] 581423K->65583K(2029056K), 0.0263075 secs] [Times: user=0.25 sys=0.00, real=0.03 secs] 
2020-09-29T18:19:57.343+0200: 39.063: [GC (Allocation Failure) 2020-09-29T18:19:57.343+0200: 39.063: [ParNew: 596226K->65847K(613440K), 0.0321303 secs] 610927K->80549K(2029056K), 0.0321930 secs] [Times: user=0.25 sys=0.00, real=0.03 secs] 
2020-09-29T18:19:57.424+0200: 39.144: [GC (Allocation Failure) 2020-09-29T18:19:57.424+0200: 39.144: [ParNew: 611191K->49749K(613440K), 0.0161637 secs] 625893K->64450K(2029056K), 0.0162273 secs] [Times: user=0.13 sys=0.00, real=0.02 secs] 
2020-09-29T18:19:57.492+0200: 39.211: [GC (Allocation Failure) 2020-09-29T18:19:57.492+0200: 39.211: [ParNew: 595093K->43949K(613440K), 0.0232176 secs] 609794K->58651K(2029056K), 0.0232907 secs] [Times: user=0.13 sys=0.00, real=0.02 secs] 
2020-09-29T18:19:57.563+0200: 39.283: [GC (Allocation Failure) 2020-09-29T18:19:57.563+0200: 39.283: [ParNew: 589293K->33772K(613440K), 0.0148669 secs] 603995K->48473K(2029056K), 0.0149456 secs] [Times: user=0.13 sys=0.00, real=0.02 secs] 
2020-09-29T18:19:57.632+0200: 39.352: [GC (Allocation Failure) 2020-09-29T18:19:57.632+0200: 39.352: [ParNew: 579116K->21191K(613440K), 0.0137827 secs] 593817K->35892K(2029056K), 0.0138491 secs] [Times: user=0.13 sys=0.00, real=0.01 secs] 
2020-09-29T18:19:57.694+0200: 39.413: [GC (Allocation Failure) 2020-09-29T18:19:57.694+0200: 39.413: [ParNew: 566535K->34901K(613440K), 0.0192322 secs] 581236K->49602K(2029056K), 0.0192969 secs] [Times: user=0.13 sys=0.00, real=0.02 secs] 
2020-09-29T18:19:57.764+0200: 39.483: [GC (Allocation Failure) 2020-09-29T18:19:57.764+0200: 39.484: [ParNew: 580245K->28785K(613440K), 0.0183259 secs] 594946K->43487K(2029056K), 0.0183917 secs] [Times: user=0.13 sys=0.00, real=0.02 secs] 
2020-09-29T18:19:57.832+0200: 39.552: [GC (Allocation Failure) 2020-09-29T18:19:57.832+0200: 39.552: [ParNew: 574129K->47654K(613440K), 0.0245301 secs] 588831K->62355K(2029056K), 0.0245972 secs] [Times: user=0.25 sys=0.00, real=0.03 secs] 
2020-09-29T18:19:57.908+0200: 39.628: [GC (Allocation Failure) 2020-09-29T18:19:57.908+0200: 39.628: [ParNew: 592998K->39941K(613440K), 0.0221686 secs] 607699K->54642K(2029056K), 0.0222348 secs] [Times: user=0.25 sys=0.00, real=0.02 secs] 
2020-09-29T18:19:57.982+0200: 39.701: [GC (Allocation Failure) 2020-09-29T18:19:57.982+0200: 39.701: [ParNew: 585285K->37929K(613440K), 0.0220509 secs] 599986K->52630K(2029056K), 0.0221166 secs] [Times: user=0.13 sys=0.00, real=0.02 secs] 
2020-09-29T18:19:58.055+0200: 39.775: [GC (Allocation Failure) 2020-09-29T18:19:58.055+0200: 39.775: [ParNew: 583273K->35212K(613440K), 0.0208071 secs] 597974K->49913K(2029056K), 0.0208729 secs] [Times: user=0.13 sys=0.00, real=0.02 secs] 
2020-09-29T18:19:58.137+0200: 39.857: [GC (Allocation Failure) 2020-09-29T18:19:58.137+0200: 39.857: [ParNew: 580556K->33423K(613440K), 0.0205057 secs] 595257K->48124K(2029056K), 0.0205693 secs] [Times: user=0.13 sys=0.00, real=0.02 secs] 
2020-09-29T18:19:58.206+0200: 39.925: [GC (Allocation Failure) 2020-09-29T18:19:58.206+0200: 39.925: [ParNew: 578767K->33644K(613440K), 0.0180483 secs] 593468K->48345K(2029056K), 0.0181138 secs] [Times: user=0.13 sys=0.00, real=0.02 secs] 
2020-09-29T18:19:58.273+0200: 39.993: [GC (Allocation Failure) 2020-09-29T18:19:58.273+0200: 39.993: [ParNew: 578988K->53070K(613440K), 0.0247367 secs] 593689K->67772K(2029056K), 0.0248081 secs] [Times: user=0.13 sys=0.00, real=0.03 secs] 
2020-09-29T18:19:58.349+0200: 40.069: [GC (Allocation Failure) 2020-09-29T18:19:58.349+0200: 40.069: [ParNew: 598414K->43231K(613440K), 0.0234888 secs] 613116K->57932K(2029056K), 0.0235764 secs] [Times: user=0.13 sys=0.00, real=0.02 secs] 
2020-09-29T18:19:58.420+0200: 40.140: [GC (Allocation Failure) 2020-09-29T18:19:58.420+0200: 40.140: [ParNew: 588575K->42669K(613440K), 0.0203245 secs] 603276K->57371K(2029056K), 0.0203913 secs] [Times: user=0.13 sys=0.00, real=0.02 secs] 
2020-09-29T18:19:58.501+0200: 40.221: [GC (Allocation Failure) 2020-09-29T18:19:58.501+0200: 40.221: [ParNew: 588013K->30687K(613440K), 0.0123783 secs] 602715K->45389K(2029056K), 0.0124448 secs] [Times: user=0.13 sys=0.00, real=0.01 secs] 
2020-09-29T18:19:58.564+0200: 40.284: [GC (Allocation Failure) 2020-09-29T18:19:58.564+0200: 40.284: [ParNew: 576031K->58796K(613440K), 0.0345380 secs] 590733K->73497K(2029056K), 0.0346190 secs] [Times: user=0.22 sys=0.00, real=0.03 secs] 
2020-09-29T18:19:58.648+0200: 40.368: [GC (Allocation Failure) 2020-09-29T18:19:58.648+0200: 40.368: [ParNew: 604140K->48693K(613440K), 0.0241170 secs] 618841K->63394K(2029056K), 0.0241956 secs] [Times: user=0.13 sys=0.00, real=0.02 secs] 
2020-09-29T18:19:58.726+0200: 40.445: [GC (Allocation Failure) 2020-09-29T18:19:58.726+0200: 40.445: [ParNew: 594037K->40552K(613440K), 0.0157471 secs] 608738K->55253K(2029056K), 0.0158096 secs] [Times: user=0.13 sys=0.00, real=0.01 secs] 
2020-09-29T18:19:58.798+0200: 40.518: [GC (Allocation Failure) 2020-09-29T18:19:58.798+0200: 40.518: [ParNew: 585896K->51827K(613440K), 0.0283211 secs] 600597K->66528K(2029056K), 0.0283915 secs] [Times: user=0.25 sys=0.00, real=0.03 secs] 
2020-09-29T18:19:58.879+0200: 40.599: [GC (Allocation Failure) 2020-09-29T18:19:58.879+0200: 40.599: [ParNew: 597171K->45238K(613440K), 0.0221830 secs] 611872K->59939K(2029056K), 0.0222507 secs] [Times: user=0.23 sys=0.01, real=0.02 secs] 
2020-09-29T18:19:58.949+0200: 40.669: [GC (Allocation Failure) 2020-09-29T18:19:58.949+0200: 40.669: [ParNew: 590582K->38117K(613440K), 0.0213735 secs] 605283K->52818K(2029056K), 0.0214351 secs] [Times: user=0.13 sys=0.00, real=0.02 secs] 
2020-09-29T18:19:59.023+0200: 40.743: [GC (Allocation Failure) 2020-09-29T18:19:59.023+0200: 40.743: [ParNew: 583461K->61806K(613440K), 0.0262728 secs] 598162K->76508K(2029056K), 0.0263380 secs] [Times: user=0.13 sys=0.00, real=0.03 secs] 
2020-09-29T18:19:59.100+0200: 40.820: [GC (Allocation Failure) 2020-09-29T18:19:59.100+0200: 40.820: [ParNew: 607150K->49407K(613440K), 0.0253939 secs] 621852K->64109K(2029056K), 0.0254566 secs] [Times: user=0.13 sys=0.00, real=0.03 secs] 
2020-09-29T18:19:59.174+0200: 40.894: [GC (Allocation Failure) 2020-09-29T18:19:59.174+0200: 40.894: [ParNew: 594751K->39931K(613440K), 0.0178619 secs] 609453K->54632K(2029056K), 0.0179311 secs] [Times: user=0.25 sys=0.00, real=0.02 secs] 
2020-09-29T18:19:59.246+0200: 40.966: [GC (Allocation Failure) 2020-09-29T18:19:59.246+0200: 40.966: [ParNew: 585275K->35868K(613440K), 0.0186147 secs] 599976K->50569K(2029056K), 0.0187068 secs] [Times: user=0.13 sys=0.00, real=0.02 secs] 
2020-09-29T18:19:59.325+0200: 41.045: [GC (Allocation Failure) 2020-09-29T18:19:59.325+0200: 41.045: [ParNew: 581212K->50792K(613440K), 0.0297608 secs] 595913K->65494K(2029056K), 0.0298511 secs] [Times: user=0.25 sys=0.00, real=0.03 secs] 
2020-09-29T18:19:59.404+0200: 41.123: [GC (Allocation Failure) 2020-09-29T18:19:59.404+0200: 41.123: [ParNew: 596136K->44668K(613440K), 0.0212421 secs] 610838K->59369K(2029056K), 0.0213080 secs] [Times: user=0.13 sys=0.00, real=0.02 secs] 
2020-09-29T18:19:59.471+0200: 41.191: [GC (Allocation Failure) 2020-09-29T18:19:59.471+0200: 41.191: [ParNew: 590012K->36073K(613440K), 0.0206646 secs] 604713K->50774K(2029056K), 0.0207444 secs] [Times: user=0.25 sys=0.00, real=0.02 secs] 
2020-09-29T18:19:59.543+0200: 41.263: [GC (Allocation Failure) 2020-09-29T18:19:59.543+0200: 41.263: [ParNew: 581417K->63223K(613440K), 0.0327425 secs] 596118K->77924K(2029056K), 0.0328115 secs] [Times: user=0.25 sys=0.00, real=0.03 secs] 
2020-09-29T18:19:59.625+0200: 41.345: [GC (Allocation Failure) 2020-09-29T18:19:59.625+0200: 41.345: [ParNew: 608567K->68096K(613440K), 0.0328360 secs] 623268K->83251K(2029056K), 0.0329014 secs] [Times: user=0.24 sys=0.00, real=0.03 secs] 
2020-09-29T18:19:59.708+0200: 41.428: [GC (Allocation Failure) 2020-09-29T18:19:59.708+0200: 41.428: [ParNew: 613440K->52151K(613440K), 0.0168409 secs] 628595K->67307K(2029056K), 0.0169061 secs] [Times: user=0.13 sys=0.00, real=0.02 secs] 
2020-09-29T18:19:59.775+0200: 41.495: [GC (Allocation Failure) 2020-09-29T18:19:59.775+0200: 41.495: [ParNew: 597495K->27376K(613440K), 0.0171035 secs] 612651K->42532K(2029056K), 0.0172038 secs] [Times: user=0.09 sys=0.01, real=0.02 secs] 
2020-09-29T18:19:59.846+0200: 41.566: [GC (Allocation Failure) 2020-09-29T18:19:59.846+0200: 41.566: [ParNew: 572720K->48365K(613440K), 0.0225669 secs] 587876K->63520K(2029056K), 0.0226368 secs] [Times: user=0.25 sys=0.00, real=0.02 secs] 
2020-09-29T18:19:59.923+0200: 41.643: [GC (Allocation Failure) 2020-09-29T18:19:59.924+0200: 41.643: [ParNew: 593709K->35569K(613440K), 0.0139595 secs] 608864K->50725K(2029056K), 0.0140509 secs] [Times: user=0.13 sys=0.00, real=0.01 secs] 
2020-09-29T18:19:59.986+0200: 41.706: [GC (Allocation Failure) 2020-09-29T18:19:59.986+0200: 41.706: [ParNew: 580913K->32557K(613440K), 0.0211828 secs] 596069K->47713K(2029056K), 0.0212491 secs] [Times: user=0.25 sys=0.00, real=0.02 secs] 
2020-09-29T18:20:00.063+0200: 41.783: [GC (Allocation Failure) 2020-09-29T18:20:00.063+0200: 41.783: [ParNew: 577901K->46612K(613440K), 0.0191939 secs] 593057K->61768K(2029056K), 0.0192578 secs] [Times: user=0.13 sys=0.00, real=0.02 secs] 
2020-09-29T18:20:00.131+0200: 41.850: [GC (Allocation Failure) 2020-09-29T18:20:00.131+0200: 41.850: [ParNew: 591956K->33998K(613440K), 0.0176765 secs] 607112K->49154K(2029056K), 0.0177399 secs] [Times: user=0.13 sys=0.00, real=0.02 secs] 
2020-09-29T18:20:00.208+0200: 41.928: [GC (Allocation Failure) 2020-09-29T18:20:00.208+0200: 41.928: [ParNew: 579342K->42897K(613440K), 0.0240562 secs] 594498K->58053K(2029056K), 0.0241215 secs] [Times: user=0.13 sys=0.00, real=0.02 secs] 
2020-09-29T18:20:00.279+0200: 41.999: [GC (Allocation Failure) 2020-09-29T18:20:00.279+0200: 41.999: [ParNew: 588241K->38730K(613440K), 0.0176564 secs] 603397K->53886K(2029056K), 0.0177259 secs] [Times: user=0.11 sys=0.00, real=0.02 secs] 
2020-09-29T18:20:00.350+0200: 42.070: [GC (Allocation Failure) 2020-09-29T18:20:00.350+0200: 42.070: [ParNew: 584074K->36947K(613440K), 0.0239866 secs] 599230K->52103K(2029056K), 0.0240525 secs] [Times: user=0.13 sys=0.00, real=0.02 secs] 
2020-09-29T18:20:00.433+0200: 42.153: [GC (Allocation Failure) 2020-09-29T18:20:00.433+0200: 42.153: [ParNew: 582291K->54985K(613440K), 0.0296181 secs] 597447K->70141K(2029056K), 0.0296913 secs] [Times: user=0.25 sys=0.00, real=0.03 secs] 
2020-09-29T18:20:00.515+0200: 42.235: [GC (Allocation Failure) 2020-09-29T18:20:00.515+0200: 42.235: [ParNew: 600329K->68096K(613440K), 0.0379065 secs] 615485K->83355K(2029056K), 0.0379814 secs] [Times: user=0.36 sys=0.00, real=0.04 secs] 
2020-09-29T18:20:00.605+0200: 42.325: [GC (Allocation Failure) 2020-09-29T18:20:00.605+0200: 42.325: [ParNew: 613440K->58695K(613440K), 0.0291962 secs] 628699K->73954K(2029056K), 0.0292832 secs] [Times: user=0.23 sys=0.00, real=0.03 secs] 
2020-09-29T18:20:00.688+0200: 42.408: [GC (Allocation Failure) 2020-09-29T18:20:00.688+0200: 42.408: [ParNew: 604039K->46621K(613440K), 0.0273864 secs] 619298K->61881K(2029056K), 0.0274729 secs] [Times: user=0.25 sys=0.00, real=0.03 secs] 
2020-09-29T18:20:00.765+0200: 42.484: [GC (Allocation Failure) 2020-09-29T18:20:00.765+0200: 42.484: [ParNew: 591965K->46040K(613440K), 0.0256498 secs] 607225K->61300K(2029056K), 0.0257446 secs] [Times: user=0.25 sys=0.00, real=0.02 secs] 
2020-09-29T18:20:00.844+0200: 42.564: [GC (Allocation Failure) 2020-09-29T18:20:00.844+0200: 42.564: [ParNew: 591384K->68096K(613440K), 0.0330837 secs] 606644K->83367K(2029056K), 0.0331631 secs] [Times: user=0.25 sys=0.00, real=0.03 secs] 
2020-09-29T18:20:00.926+0200: 42.646: [GC (Allocation Failure) 2020-09-29T18:20:00.926+0200: 42.646: [ParNew: 613440K->45841K(613440K), 0.0171391 secs] 628711K->61113K(2029056K), 0.0172132 secs] [Times: user=0.25 sys=0.00, real=0.02 secs] 
2020-09-29T18:20:00.998+0200: 42.718: [GC (Allocation Failure) 2020-09-29T18:20:00.998+0200: 42.718: [ParNew: 591185K->61114K(613440K), 0.0295202 secs] 606457K->76386K(2029056K), 0.0295921 secs] [Times: user=0.25 sys=0.00, real=0.03 secs] 
2020-09-29T18:20:01.077+0200: 42.797: [GC (Allocation Failure) 2020-09-29T18:20:01.077+0200: 42.797: [ParNew: 606458K->42392K(613440K), 0.0221326 secs] 621730K->57664K(2029056K), 0.0222272 secs] [Times: user=0.25 sys=0.00, real=0.02 secs] 
2020-09-29T18:20:01.149+0200: 42.869: [GC (Allocation Failure) 2020-09-29T18:20:01.149+0200: 42.869: [ParNew: 587736K->36366K(613440K), 0.0198503 secs] 603008K->51638K(2029056K), 0.0199195 secs] [Times: user=0.13 sys=0.00, real=0.02 secs] 
2020-09-29T18:20:01.224+0200: 42.944: [GC (Allocation Failure) 2020-09-29T18:20:01.224+0200: 42.944: [ParNew: 581710K->51180K(613440K), 0.0261903 secs] 596982K->66452K(2029056K), 0.0262599 secs] [Times: user=0.13 sys=0.00, real=0.03 secs] 
2020-09-29T18:20:01.300+0200: 43.020: [GC (Allocation Failure) 2020-09-29T18:20:01.300+0200: 43.020: [ParNew: 596524K->38557K(613440K), 0.0180345 secs] 611796K->53829K(2029056K), 0.0181162 secs] [Times: user=0.24 sys=0.00, real=0.02 secs] 
2020-09-29T18:20:01.383+0200: 43.103: [GC (Allocation Failure) 2020-09-29T18:20:01.383+0200: 43.103: [ParNew: 583901K->51634K(613440K), 0.0293416 secs] 599173K->66906K(2029056K), 0.0294064 secs] [Times: user=0.25 sys=0.00, real=0.03 secs] 
2020-09-29T18:20:01.466+0200: 43.185: [GC (Allocation Failure) 2020-09-29T18:20:01.466+0200: 43.185: [ParNew: 596978K->68096K(613440K), 0.0297925 secs] 612250K->83367K(2029056K), 0.0298618 secs] [Times: user=0.25 sys=0.00, real=0.03 secs] 
2020-09-29T18:20:01.549+0200: 43.269: [GC (Allocation Failure) 2020-09-29T18:20:01.549+0200: 43.269: [ParNew: 613440K->45288K(613440K), 0.0282112 secs] 628711K->60560K(2029056K), 0.0282894 secs] [Times: user=0.25 sys=0.00, real=0.03 secs] 
2020-09-29T18:20:01.629+0200: 43.349: [GC (Allocation Failure) 2020-09-29T18:20:01.629+0200: 43.349: [ParNew: 590632K->63445K(613440K), 0.0297857 secs] 605904K->78717K(2029056K), 0.0298712 secs] [Times: user=0.22 sys=0.00, real=0.03 secs] 
2020-09-29T18:20:01.705+0200: 43.425: [GC (Allocation Failure) 2020-09-29T18:20:01.705+0200: 43.425: [ParNew: 608789K->47540K(613440K), 0.0253005 secs] 624061K->62811K(2029056K), 0.0253706 secs] [Times: user=0.25 sys=0.00, real=0.03 secs] 
2020-09-29T18:20:01.787+0200: 43.507: [GC (Allocation Failure) 2020-09-29T18:20:01.787+0200: 43.507: [ParNew: 592884K->66971K(613440K), 0.0328733 secs] 608155K->82242K(2029056K), 0.0329697 secs] [Times: user=0.25 sys=0.00, real=0.03 secs] 
2020-09-29T18:20:01.870+0200: 43.590: [GC (Allocation Failure) 2020-09-29T18:20:01.870+0200: 43.590: [ParNew: 612315K->45559K(613440K), 0.0255566 secs] 627586K->60831K(2029056K), 0.0256276 secs] [Times: user=0.25 sys=0.00, real=0.03 secs] 
2020-09-29T18:20:01.950+0200: 43.670: [GC (Allocation Failure) 2020-09-29T18:20:01.950+0200: 43.670: [ParNew: 590903K->42492K(613440K), 0.0236080 secs] 606175K->57764K(2029056K), 0.0236956 secs] [Times: user=0.11 sys=0.00, real=0.02 secs] 
2020-09-29T18:20:02.023+0200: 43.743: [GC (Allocation Failure) 2020-09-29T18:20:02.023+0200: 43.743: [ParNew: 587836K->28129K(613440K), 0.0137366 secs] 603108K->43401K(2029056K), 0.0138028 secs] [Times: user=0.13 sys=0.00, real=0.01 secs] 
2020-09-29T18:20:02.095+0200: 43.815: [GC (Allocation Failure) 2020-09-29T18:20:02.095+0200: 43.815: [ParNew: 573473K->44155K(613440K), 0.0264937 secs] 588745K->59427K(2029056K), 0.0265621 secs] [Times: user=0.25 sys=0.00, real=0.03 secs] 
2020-09-29T18:20:02.172+0200: 43.892: [GC (Allocation Failure) 2020-09-29T18:20:02.172+0200: 43.892: [ParNew: 589499K->54285K(613440K), 0.0240114 secs] 604771K->69557K(2029056K), 0.0240764 secs] [Times: user=0.25 sys=0.00, real=0.02 secs] 
2020-09-29T18:20:02.245+0200: 43.965: [GC (Allocation Failure) 2020-09-29T18:20:02.245+0200: 43.965: [ParNew: 599629K->40980K(613440K), 0.0228974 secs] 614901K->56252K(2029056K), 0.0229667 secs] [Times: user=0.13 sys=0.00, real=0.02 secs] 
2020-09-29T18:20:02.316+0200: 44.036: [GC (Allocation Failure) 2020-09-29T18:20:02.316+0200: 44.036: [ParNew: 586324K->37544K(613440K), 0.0235053 secs] 601596K->52816K(2029056K), 0.0311104 secs] [Times: user=0.25 sys=0.00, real=0.03 secs] 
2020-09-29T18:20:02.402+0200: 44.122: [GC (Allocation Failure) 2020-09-29T18:20:02.402+0200: 44.122: [ParNew: 582888K->35614K(613440K), 0.0218168 secs] 598160K->50886K(2029056K), 0.0218971 secs] [Times: user=0.13 sys=0.00, real=0.02 secs] 
2020-09-29T18:20:02.477+0200: 44.197: [GC (Allocation Failure) 2020-09-29T18:20:02.477+0200: 44.197: [ParNew: 580958K->35079K(613440K), 0.0217763 secs] 596230K->50351K(2029056K), 0.0218576 secs] [Times: user=0.11 sys=0.00, real=0.02 secs] 
2020-09-29T18:20:02.556+0200: 44.276: [GC (Allocation Failure) 2020-09-29T18:20:02.556+0200: 44.276: [ParNew: 580423K->54660K(613440K), 0.0286273 secs] 595695K->69932K(2029056K), 0.0287273 secs] [Times: user=0.25 sys=0.00, real=0.03 secs] 
2020-09-29T18:20:02.636+0200: 44.356: [GC (Allocation Failure) 2020-09-29T18:20:02.636+0200: 44.356: [ParNew: 600004K->36673K(613440K), 0.0105936 secs] 615276K->51944K(2029056K), 0.0106666 secs] [Times: user=0.13 sys=0.00, real=0.01 secs] 
2020-09-29T18:20:02.707+0200: 44.427: [GC (Allocation Failure) 2020-09-29T18:20:02.707+0200: 44.427: [ParNew: 582017K->30024K(613440K), 0.0163336 secs] 597288K->45296K(2029056K), 0.0164024 secs] [Times: user=0.22 sys=0.00, real=0.02 secs] 
2020-09-29T18:20:02.787+0200: 44.507: [GC (Allocation Failure) 2020-09-29T18:20:02.787+0200: 44.507: [ParNew: 575368K->42394K(613440K), 0.0237310 secs] 590640K->57666K(2029056K), 0.0238073 secs] [Times: user=0.13 sys=0.00, real=0.02 secs] 
2020-09-29T18:20:02.861+0200: 44.581: [GC (Allocation Failure) 2020-09-29T18:20:02.861+0200: 44.581: [ParNew: 587738K->29634K(613440K), 0.0158569 secs] 603010K->44906K(2029056K), 0.0159315 secs] [Times: user=0.11 sys=0.00, real=0.02 secs] 
2020-09-29T18:20:02.929+0200: 44.649: [GC (Allocation Failure) 2020-09-29T18:20:02.929+0200: 44.649: [ParNew: 574978K->32251K(613440K), 0.0207219 secs] 590250K->47523K(2029056K), 0.0208056 secs] [Times: user=0.13 sys=0.00, real=0.02 secs] 
2020-09-29T18:20:03.003+0200: 44.723: [GC (Allocation Failure) 2020-09-29T18:20:03.003+0200: 44.723: [ParNew: 577595K->44210K(613440K), 0.0281495 secs] 592867K->59482K(2029056K), 0.0282287 secs] [Times: user=0.24 sys=0.00, real=0.03 secs] 
2020-09-29T18:20:03.080+0200: 44.800: [GC (Allocation Failure) 2020-09-29T18:20:03.080+0200: 44.800: [ParNew: 589554K->59673K(613440K), 0.0269813 secs] 604826K->74945K(2029056K), 0.0270541 secs] [Times: user=0.25 sys=0.00, real=0.03 secs] 
2020-09-29T18:20:03.154+0200: 44.874: [GC (Allocation Failure) 2020-09-29T18:20:03.154+0200: 44.875: [ParNew: 605017K->45321K(613440K), 0.0254434 secs] 620289K->60593K(2029056K), 0.0255105 secs] [Times: user=0.25 sys=0.00, real=0.03 secs] 
2020-09-29T18:20:03.234+0200: 44.954: [GC (Allocation Failure) 2020-09-29T18:20:03.234+0200: 44.954: [ParNew: 590665K->46533K(613440K), 0.0226784 secs] 605937K->61805K(2029056K), 0.0227573 secs] [Times: user=0.25 sys=0.00, real=0.02 secs] 
2020-09-29T18:20:03.309+0200: 45.029: [GC (Allocation Failure) 2020-09-29T18:20:03.309+0200: 45.029: [ParNew: 591877K->41301K(613440K), 0.0225181 secs] 607149K->56573K(2029056K), 0.0225893 secs] [Times: user=0.13 sys=0.00, real=0.02 secs] 
2020-09-29T18:20:03.385+0200: 45.105: [GC (Allocation Failure) 2020-09-29T18:20:03.385+0200: 45.105: [ParNew: 586645K->60728K(613440K), 0.0296320 secs] 601917K->75999K(2029056K), 0.0297157 secs] [Times: user=0.25 sys=0.00, real=0.03 secs] 
2020-09-29T18:20:03.463+0200: 45.184: [GC (Allocation Failure) 2020-09-29T18:20:03.463+0200: 45.184: [ParNew: 606072K->55535K(613440K), 0.0286803 secs] 621343K->70807K(2029056K), 0.0287475 secs] [Times: user=0.25 sys=0.00, real=0.03 secs] 
2020-09-29T18:20:03.548+0200: 45.268: [GC (Allocation Failure) 2020-09-29T18:20:03.548+0200: 45.268: [ParNew: 600879K->43047K(613440K), 0.0202838 secs] 616151K->58319K(2029056K), 0.0203744 secs] [Times: user=0.25 sys=0.00, real=0.02 secs] 
2020-09-29T18:20:03.632+0200: 45.352: [GC (Allocation Failure) 2020-09-29T18:20:03.632+0200: 45.352: [ParNew: 588391K->42784K(613440K), 0.0267103 secs] 603663K->58056K(2029056K), 0.0267816 secs] [Times: user=0.13 sys=0.00, real=0.03 secs] 
2020-09-29T18:20:03.706+0200: 45.426: [GC (Allocation Failure) 2020-09-29T18:20:03.708+0200: 45.428: [ParNew: 588128K->41341K(613440K), 0.0227509 secs] 603400K->56612K(2029056K), 0.0247050 secs] [Times: user=0.13 sys=0.00, real=0.02 secs] 
2020-09-29T18:20:03.779+0200: 45.499: [GC (Allocation Failure) 2020-09-29T18:20:03.779+0200: 45.499: [ParNew: 586685K->34575K(613440K), 0.0208520 secs] 601956K->49846K(2029056K), 0.0209203 secs] [Times: user=0.13 sys=0.00, real=0.02 secs] 
2020-09-29T18:20:03.856+0200: 45.576: [GC (Allocation Failure) 2020-09-29T18:20:03.856+0200: 45.576: [ParNew: 579919K->57934K(613440K), 0.0277640 secs] 595190K->73206K(2029056K), 0.0278340 secs] [Times: user=0.25 sys=0.00, real=0.03 secs] 
2020-09-29T18:20:03.931+0200: 45.651: [GC (Allocation Failure) 2020-09-29T18:20:03.931+0200: 45.651: [ParNew: 603278K->44603K(613440K), 0.0268788 secs] 618550K->59875K(2029056K), 0.0269617 secs] [Times: user=0.13 sys=0.02, real=0.03 secs] 
2020-09-29T18:20:04.008+0200: 45.728: [GC (Allocation Failure) 2020-09-29T18:20:04.008+0200: 45.728: [ParNew: 589947K->42240K(613440K), 0.0247266 secs] 605219K->57512K(2029056K), 0.0247995 secs] [Times: user=0.13 sys=0.00, real=0.03 secs] 
2020-09-29T18:20:04.090+0200: 45.811: [GC (Allocation Failure) 2020-09-29T18:20:04.090+0200: 45.811: [ParNew: 587584K->46796K(613440K), 0.0259987 secs] 602856K->62068K(2029056K), 0.0260680 secs] [Times: user=0.25 sys=0.00, real=0.03 secs] 
2020-09-29T18:20:04.163+0200: 45.884: [GC (Allocation Failure) 2020-09-29T18:20:04.163+0200: 45.884: [ParNew: 592140K->68096K(613440K), 0.0314664 secs] 607412K->83367K(2029056K), 0.0315434 secs] [Times: user=0.25 sys=0.00, real=0.03 secs] 
2020-09-29T18:20:04.244+0200: 45.964: [GC (Allocation Failure) 2020-09-29T18:20:04.244+0200: 45.964: [ParNew: 613440K->46436K(613440K), 0.0231105 secs] 628711K->61708K(2029056K), 0.0231857 secs] [Times: user=0.13 sys=0.00, real=0.02 secs] 
2020-09-29T18:20:04.315+0200: 46.035: [GC (Allocation Failure) 2020-09-29T18:20:04.315+0200: 46.035: [ParNew: 591780K->38527K(613440K), 0.0197228 secs] 607052K->53799K(2029056K), 0.0197900 secs] [Times: user=0.25 sys=0.00, real=0.02 secs] 
2020-09-29T18:20:04.397+0200: 46.117: [GC (Allocation Failure) 2020-09-29T18:20:04.397+0200: 46.117: [ParNew: 583871K->32075K(613440K), 0.0199386 secs] 599143K->47347K(2029056K), 0.0200117 secs] [Times: user=0.13 sys=0.00, real=0.02 secs] 
2020-09-29T18:20:04.477+0200: 46.197: [GC (Allocation Failure) 2020-09-29T18:20:04.477+0200: 46.197: [ParNew: 577419K->50753K(613440K), 0.0266002 secs] 592691K->66024K(2029056K), 0.0266691 secs] [Times: user=0.13 sys=0.00, real=0.03 secs] 
2020-09-29T18:20:04.555+0200: 46.276: [GC (Allocation Failure) 2020-09-29T18:20:04.555+0200: 46.276: [ParNew: 596097K->41098K(613440K), 0.0246823 secs] 611368K->56370K(2029056K), 0.0247635 secs] [Times: user=0.13 sys=0.00, real=0.02 secs] 
2020-09-29T18:20:04.632+0200: 46.352: [GC (Allocation Failure) 2020-09-29T18:20:04.632+0200: 46.352: [ParNew: 586442K->66227K(613440K), 0.0312811 secs] 601714K->81498K(2029056K), 0.0313752 secs] [Times: user=0.25 sys=0.00, real=0.03 secs] 
2020-09-29T18:20:04.711+0200: 46.431: [GC (Allocation Failure) 2020-09-29T18:20:04.711+0200: 46.431: [ParNew: 611571K->53557K(613440K), 0.0296084 secs] 626842K->68829K(2029056K), 0.0297045 secs] [Times: user=0.25 sys=0.00, real=0.03 secs] 
2020-09-29T18:20:04.791+0200: 46.511: [GC (Allocation Failure) 2020-09-29T18:20:04.791+0200: 46.511: [ParNew: 598901K->46811K(613440K), 0.0208638 secs] 614173K->62083K(2029056K), 0.0209324 secs] [Times: user=0.13 sys=0.00, real=0.02 secs] 
2020-09-29T18:20:04.863+0200: 46.584: [GC (Allocation Failure) 2020-09-29T18:20:04.863+0200: 46.584: [ParNew: 592155K->42230K(613440K), 0.0209932 secs] 607427K->57502K(2029056K), 0.0210636 secs] [Times: user=0.13 sys=0.00, real=0.02 secs] 
2020-09-29T18:20:04.947+0200: 46.667: [GC (Allocation Failure) 2020-09-29T18:20:04.947+0200: 46.667: [ParNew: 587574K->59121K(613440K), 0.0332716 secs] 602846K->74393K(2029056K), 0.0333400 secs] [Times: user=0.25 sys=0.00, real=0.03 secs] 
2020-09-29T18:20:05.034+0200: 46.754: [GC (Allocation Failure) 2020-09-29T18:20:05.034+0200: 46.754: [ParNew: 604465K->51159K(613440K), 0.0251411 secs] 619737K->66431K(2029056K), 0.0252134 secs] [Times: user=0.23 sys=0.00, real=0.03 secs] 
2020-09-29T18:20:05.115+0200: 46.835: [GC (Allocation Failure) 2020-09-29T18:20:05.115+0200: 46.835: [ParNew: 596503K->45578K(613440K), 0.0239923 secs] 611775K->60850K(2029056K), 0.0240641 secs] [Times: user=0.13 sys=0.00, real=0.02 secs] 
2020-09-29T18:20:05.187+0200: 46.907: [GC (Allocation Failure) 2020-09-29T18:20:05.187+0200: 46.907: [ParNew: 590922K->40203K(613440K), 0.0241540 secs] 606194K->55475K(2029056K), 0.0242321 secs] [Times: user=0.25 sys=0.00, real=0.02 secs] 
2020-09-29T18:20:05.265+0200: 46.985: [GC (Allocation Failure) 2020-09-29T18:20:05.265+0200: 46.985: [ParNew: 585547K->39439K(613440K), 0.0161478 secs] 600819K->54711K(2029056K), 0.0162027 secs] [Times: user=0.13 sys=0.00, real=0.02 secs] 
2020-09-29T18:20:05.328+0200: 47.048: [GC (Allocation Failure) 2020-09-29T18:20:05.328+0200: 47.048: [ParNew: 584783K->36859K(613440K), 0.0149505 secs] 600055K->52130K(2029056K), 0.0150055 secs] [Times: user=0.13 sys=0.00, real=0.01 secs] 
2020-09-29T18:20:05.393+0200: 47.113: [GC (Allocation Failure) 2020-09-29T18:20:05.393+0200: 47.113: [ParNew: 582203K->56690K(613440K), 0.0187163 secs] 597474K->71962K(2029056K), 0.0187770 secs] [Times: user=0.25 sys=0.00, real=0.02 secs] 
2020-09-29T18:20:05.460+0200: 47.181: [GC (Allocation Failure) 2020-09-29T18:20:05.460+0200: 47.181: [ParNew: 602034K->47287K(613440K), 0.0188693 secs] 617306K->62559K(2029056K), 0.0189243 secs] [Times: user=0.13 sys=0.00, real=0.02 secs] 
2020-09-29T18:20:05.532+0200: 47.252: [GC (Allocation Failure) 2020-09-29T18:20:05.532+0200: 47.252: [ParNew: 592631K->35446K(613440K), 0.0128798 secs] 607903K->50718K(2029056K), 0.0129376 secs] [Times: user=0.13 sys=0.00, real=0.01 secs] 
2020-09-29T18:20:05.597+0200: 47.317: [GC (Allocation Failure) 2020-09-29T18:20:05.597+0200: 47.317: [ParNew: 580790K->37157K(613440K), 0.0184616 secs] 596062K->52428K(2029056K), 0.0185206 secs] [Times: user=0.23 sys=0.00, real=0.02 secs] 
2020-09-29T18:20:05.665+0200: 47.385: [GC (Allocation Failure) 2020-09-29T18:20:05.665+0200: 47.385: [ParNew: 582501K->47489K(613440K), 0.0154297 secs] 597772K->62760K(2029056K), 0.0155070 secs] [Times: user=0.13 sys=0.00, real=0.02 secs] 
2020-09-29T18:20:05.732+0200: 47.453: [GC (Allocation Failure) 2020-09-29T18:20:05.732+0200: 47.453: [ParNew: 592833K->36410K(613440K), 0.0142035 secs] 608104K->51682K(2029056K), 0.0142600 secs] [Times: user=0.13 sys=0.00, real=0.01 secs] 
2020-09-29T18:20:05.797+0200: 47.517: [GC (Allocation Failure) 2020-09-29T18:20:05.797+0200: 47.517: [ParNew: 581754K->55910K(613440K), 0.0198832 secs] 597026K->71181K(2029056K), 0.0199421 secs] [Times: user=0.25 sys=0.00, real=0.02 secs] 
2020-09-29T18:20:05.864+0200: 47.585: [GC (Allocation Failure) 2020-09-29T18:20:05.864+0200: 47.585: [ParNew: 601254K->41875K(613440K), 0.0189964 secs] 616525K->57147K(2029056K), 0.0190608 secs] [Times: user=0.13 sys=0.00, real=0.02 secs] 
2020-09-29T18:20:05.934+0200: 47.655: [GC (Allocation Failure) 2020-09-29T18:20:05.934+0200: 47.655: [ParNew: 587219K->39217K(613440K), 0.0113772 secs] 602491K->54489K(2029056K), 0.0114447 secs] [Times: user=0.13 sys=0.00, real=0.01 secs] 
2020-09-29T18:20:05.996+0200: 47.716: [GC (Allocation Failure) 2020-09-29T18:20:05.996+0200: 47.716: [ParNew: 584561K->34963K(613440K), 0.0149799 secs] 599833K->50234K(2029056K), 0.0150374 secs] [Times: user=0.13 sys=0.00, real=0.01 secs] 
2020-09-29T18:20:06.063+0200: 47.783: [GC (Allocation Failure) 2020-09-29T18:20:06.063+0200: 47.783: [ParNew: 580307K->46389K(613440K), 0.0156759 secs] 595578K->61661K(2029056K), 0.0157581 secs] [Times: user=0.13 sys=0.00, real=0.02 secs] 
2020-09-29T18:20:06.126+0200: 47.846: [GC (Allocation Failure) 2020-09-29T18:20:06.126+0200: 47.846: [ParNew: 591733K->57680K(613440K), 0.0204953 secs] 607005K->72952K(2029056K), 0.0205545 secs] [Times: user=0.25 sys=0.00, real=0.02 secs] 
2020-09-29T18:20:06.195+0200: 47.916: [GC (Allocation Failure) 2020-09-29T18:20:06.196+0200: 47.916: [ParNew: 603024K->42690K(613440K), 0.0138305 secs] 618296K->57962K(2029056K), 0.0138882 secs] [Times: user=0.13 sys=0.00, real=0.01 secs] 
2020-09-29T18:20:06.261+0200: 47.982: [GC (Allocation Failure) 2020-09-29T18:20:06.261+0200: 47.982: [ParNew: 588034K->35918K(613440K), 0.0163457 secs] 603306K->51189K(2029056K), 0.0164178 secs] [Times: user=0.11 sys=0.00, real=0.02 secs] 
2020-09-29T18:20:06.334+0200: 48.054: [GC (Allocation Failure) 2020-09-29T18:20:06.334+0200: 48.054: [ParNew: 581262K->45442K(613440K), 0.0207300 secs] 596533K->60714K(2029056K), 0.0208072 secs] [Times: user=0.13 sys=0.00, real=0.02 secs] 
2020-09-29T18:20:06.412+0200: 48.132: [GC (Allocation Failure) 2020-09-29T18:20:06.412+0200: 48.132: [ParNew: 590786K->54781K(613440K), 0.0188508 secs] 606058K->70052K(2029056K), 0.0255276 secs] [Times: user=0.13 sys=0.00, real=0.03 secs] 
2020-09-29T18:20:06.488+0200: 48.208: [GC (Allocation Failure) 2020-09-29T18:20:06.488+0200: 48.208: [ParNew: 600125K->60733K(613440K), 0.0222192 secs] 615396K->76005K(2029056K), 0.0222977 secs] [Times: user=0.25 sys=0.00, real=0.02 secs] 
2020-09-29T18:20:06.558+0200: 48.279: [GC (Allocation Failure) 2020-09-29T18:20:06.558+0200: 48.279: [ParNew: 606077K->45510K(613440K), 0.0153249 secs] 621349K->60782K(2029056K), 0.0153860 secs] [Times: user=0.13 sys=0.00, real=0.02 secs] 
2020-09-29T18:20:06.633+0200: 48.354: [GC (Allocation Failure) 2020-09-29T18:20:06.633+0200: 48.354: [ParNew: 590854K->34056K(613440K), 0.0159692 secs] 606126K->49328K(2029056K), 0.0160291 secs] [Times: user=0.13 sys=0.00, real=0.02 secs] 
2020-09-29T18:20:06.702+0200: 48.422: [GC (Allocation Failure) 2020-09-29T18:20:06.702+0200: 48.422: [ParNew: 579400K->53248K(613440K), 0.0186889 secs] 594672K->68520K(2029056K), 0.0187473 secs] [Times: user=0.13 sys=0.00, real=0.02 secs] 
2020-09-29T18:20:06.770+0200: 48.491: [GC (Allocation Failure) 2020-09-29T18:20:06.770+0200: 48.491: [ParNew: 598592K->36832K(613440K), 0.0129194 secs] 613864K->52103K(2029056K), 0.0129878 secs] [Times: user=0.00 sys=0.00, real=0.01 secs] 
2020-09-29T18:20:06.837+0200: 48.558: [GC (Allocation Failure) 2020-09-29T18:20:06.837+0200: 48.558: [ParNew: 582176K->21749K(613440K), 0.0103345 secs] 597447K->37020K(2029056K), 0.0103918 secs] [Times: user=0.13 sys=0.00, real=0.01 secs] 
2020-09-29T18:20:06.897+0200: 48.617: [GC (Allocation Failure) 2020-09-29T18:20:06.897+0200: 48.617: [ParNew: 567093K->31070K(613440K), 0.0152600 secs] 582364K->46342K(2029056K), 0.0153408 secs] [Times: user=0.13 sys=0.00, real=0.01 secs] 
2020-09-29T18:20:06.965+0200: 48.685: [GC (Allocation Failure) 2020-09-29T18:20:06.965+0200: 48.685: [ParNew: 576414K->45806K(613440K), 0.0213810 secs] 591686K->61077K(2029056K), 0.0214881 secs] [Times: user=0.11 sys=0.00, real=0.02 secs] 
2020-09-29T18:20:07.033+0200: 48.754: [GC (Allocation Failure) 2020-09-29T18:20:07.033+0200: 48.754: [ParNew: 591150K->41329K(613440K), 0.0125744 secs] 606421K->56601K(2029056K), 0.0126354 secs] [Times: user=0.13 sys=0.00, real=0.01 secs] 
2020-09-29T18:20:07.094+0200: 48.814: [GC (Allocation Failure) 2020-09-29T18:20:07.094+0200: 48.814: [ParNew: 586673K->38719K(613440K), 0.0169083 secs] 601945K->53990K(2029056K), 0.0169745 secs] [Times: user=0.13 sys=0.00, real=0.02 secs] 
2020-09-29T18:20:07.160+0200: 48.880: [GC (Allocation Failure) 2020-09-29T18:20:07.160+0200: 48.880: [ParNew: 584063K->31763K(613440K), 0.0102076 secs] 599334K->47034K(2029056K), 0.0102617 secs] [Times: user=0.13 sys=0.00, real=0.01 secs] 
2020-09-29T18:20:07.221+0200: 48.942: [GC (Allocation Failure) 2020-09-29T18:20:07.221+0200: 48.942: [ParNew: 577107K->33189K(613440K), 0.0160804 secs] 592378K->48461K(2029056K), 0.0161336 secs] [Times: user=0.13 sys=0.00, real=0.02 secs] 
2020-09-29T18:20:07.284+0200: 49.004: [GC (Allocation Failure) 2020-09-29T18:20:07.284+0200: 49.004: [ParNew: 578533K->30397K(613440K), 0.0141729 secs] 593805K->45668K(2029056K), 0.0142282 secs] [Times: user=0.13 sys=0.00, real=0.01 secs] 
2020-09-29T18:20:07.348+0200: 49.069: [GC (Allocation Failure) 2020-09-29T18:20:07.348+0200: 49.069: [ParNew: 575741K->27417K(613440K), 0.0142086 secs] 591012K->42689K(2029056K), 0.0142791 secs] [Times: user=0.00 sys=0.00, real=0.01 secs] 
2020-09-29T18:20:07.411+0200: 49.132: [GC (Allocation Failure) 2020-09-29T18:20:07.412+0200: 49.132: [ParNew: 572761K->63422K(613440K), 0.0232535 secs] 588033K->78694K(2029056K), 0.0233539 secs] [Times: user=0.13 sys=0.00, real=0.02 secs] 
2020-09-29T18:20:07.482+0200: 49.202: [GC (Allocation Failure) 2020-09-29T18:20:07.482+0200: 49.202: [ParNew: 608766K->68096K(613440K), 0.0224232 secs] 624038K->83376K(2029056K), 0.0224803 secs] [Times: user=0.25 sys=0.00, real=0.02 secs] 
2020-09-29T18:20:07.551+0200: 49.272: [GC (Allocation Failure) 2020-09-29T18:20:07.551+0200: 49.272: [ParNew: 613440K->45093K(613440K), 0.0097087 secs] 628720K->60373K(2029056K), 0.0097637 secs] [Times: user=0.00 sys=0.00, real=0.01 secs] 
2020-09-29T18:20:07.612+0200: 49.333: [GC (Allocation Failure) 2020-09-29T18:20:07.612+0200: 49.333: [ParNew: 590437K->30396K(613440K), 0.0168542 secs] 605717K->45676K(2029056K), 0.0169334 secs] [Times: user=0.22 sys=0.00, real=0.02 secs] 
2020-09-29T18:20:07.678+0200: 49.398: [GC (Allocation Failure) 2020-09-29T18:20:07.678+0200: 49.398: [ParNew: 575740K->44534K(613440K), 0.0213817 secs] 591020K->59814K(2029056K), 0.0214505 secs] [Times: user=0.13 sys=0.00, real=0.02 secs] 
2020-09-29T18:20:07.748+0200: 49.468: [GC (Allocation Failure) 2020-09-29T18:20:07.748+0200: 49.468: [ParNew: 589878K->43021K(613440K), 0.0185858 secs] 605158K->58301K(2029056K), 0.0186447 secs] [Times: user=0.11 sys=0.00, real=0.02 secs] 
2020-09-29T18:20:07.816+0200: 49.536: [GC (Allocation Failure) 2020-09-29T18:20:07.816+0200: 49.536: [ParNew: 588365K->42152K(613440K), 0.0171116 secs] 603645K->57432K(2029056K), 0.0171909 secs] [Times: user=0.25 sys=0.00, real=0.02 secs] 
2020-09-29T18:20:07.885+0200: 49.606: [GC (Allocation Failure) 2020-09-29T18:20:07.885+0200: 49.606: [ParNew: 587496K->34468K(613440K), 0.0158934 secs] 602776K->49748K(2029056K), 0.0159578 secs] [Times: user=0.13 sys=0.00, real=0.02 secs] 
2020-09-29T18:20:07.949+0200: 49.669: [GC (Allocation Failure) 2020-09-29T18:20:07.949+0200: 49.669: [ParNew: 579812K->58193K(613440K), 0.0242442 secs] 595092K->73474K(2029056K), 0.0243226 secs] [Times: user=0.25 sys=0.00, real=0.02 secs] 
2020-09-29T18:20:08.021+0200: 49.741: [GC (Allocation Failure) 2020-09-29T18:20:08.021+0200: 49.741: [ParNew: 603537K->56326K(613440K), 0.0190901 secs] 618818K->71606K(2029056K), 0.0191574 secs] [Times: user=0.13 sys=0.00, real=0.02 secs] 
2020-09-29T18:20:08.087+0200: 49.807: [GC (Allocation Failure) 2020-09-29T18:20:08.087+0200: 49.807: [ParNew: 601670K->46729K(613440K), 0.0179800 secs] 616950K->62010K(2029056K), 0.0180479 secs] [Times: user=0.13 sys=0.00, real=0.02 secs] 
2020-09-29T18:20:08.157+0200: 49.877: [GC (Allocation Failure) 2020-09-29T18:20:08.157+0200: 49.877: [ParNew: 592073K->34436K(613440K), 0.0114048 secs] 607354K->49716K(2029056K), 0.0114667 secs] [Times: user=0.13 sys=0.00, real=0.01 secs] 
2020-09-29T18:20:08.221+0200: 49.942: [GC (Allocation Failure) 2020-09-29T18:20:08.221+0200: 49.942: [ParNew: 579780K->35048K(613440K), 0.0154010 secs] 595060K->50328K(2029056K), 0.0154572 secs] [Times: user=0.13 sys=0.00, real=0.02 secs] 
2020-09-29T18:20:08.284+0200: 50.005: [GC (Allocation Failure) 2020-09-29T18:20:08.284+0200: 50.005: [ParNew: 580392K->31742K(613440K), 0.0137001 secs] 595672K->47022K(2029056K), 0.0137566 secs] [Times: user=0.13 sys=0.00, real=0.01 secs] 
2020-09-29T18:20:08.349+0200: 50.070: [GC (Allocation Failure) 2020-09-29T18:20:08.350+0200: 50.070: [ParNew: 577086K->56798K(613440K), 0.0193585 secs] 592366K->72079K(2029056K), 0.0194253 secs] [Times: user=0.13 sys=0.00, real=0.02 secs] 
2020-09-29T18:20:08.422+0200: 50.142: [GC (Allocation Failure) 2020-09-29T18:20:08.422+0200: 50.142: [ParNew: 602142K->48169K(613440K), 0.0194996 secs] 617423K->63449K(2029056K), 0.0195644 secs] [Times: user=0.13 sys=0.00, real=0.02 secs] 
2020-09-29T18:20:08.492+0200: 50.212: [GC (Allocation Failure) 2020-09-29T18:20:08.492+0200: 50.212: [ParNew: 593513K->44502K(613440K), 0.0155228 secs] 608793K->59782K(2029056K), 0.0155903 secs] [Times: user=0.13 sys=0.00, real=0.01 secs] 
2020-09-29T18:20:08.567+0200: 50.287: [GC (Allocation Failure) 2020-09-29T18:20:08.567+0200: 50.287: [ParNew: 589846K->38339K(613440K), 0.0200389 secs] 605126K->53619K(2029056K), 0.0201281 secs] [Times: user=0.13 sys=0.00, real=0.02 secs] 
2020-09-29T18:20:08.641+0200: 50.361: [GC (Allocation Failure) 2020-09-29T18:20:08.641+0200: 50.361: [ParNew: 583683K->48854K(613440K), 0.0179896 secs] 598963K->64135K(2029056K), 0.0180780 secs] [Times: user=0.11 sys=0.00, real=0.02 secs] 
2020-09-29T18:20:08.709+0200: 50.429: [GC (Allocation Failure) 2020-09-29T18:20:08.709+0200: 50.429: [ParNew: 594198K->33236K(613440K), 0.0111129 secs] 609479K->48516K(2029056K), 0.0111686 secs] [Times: user=0.00 sys=0.00, real=0.01 secs] 
2020-09-29T18:20:08.767+0200: 50.487: [GC (Allocation Failure) 2020-09-29T18:20:08.767+0200: 50.487: [ParNew: 578580K->34716K(613440K), 0.0132046 secs] 593860K->49997K(2029056K), 0.0132677 secs] [Times: user=0.13 sys=0.00, real=0.01 secs] 
2020-09-29T18:20:08.835+0200: 50.555: [GC (Allocation Failure) 2020-09-29T18:20:08.835+0200: 50.555: [ParNew: 580060K->59041K(613440K), 0.0235025 secs] 595341K->74322K(2029056K), 0.0235574 secs] [Times: user=0.13 sys=0.00, real=0.02 secs] 
2020-09-29T18:20:08.906+0200: 50.627: [GC (Allocation Failure) 2020-09-29T18:20:08.906+0200: 50.627: [ParNew: 604385K->44039K(613440K), 0.0123439 secs] 619666K->59319K(2029056K), 0.0123991 secs] [Times: user=0.13 sys=0.00, real=0.01 secs] 
2020-09-29T18:20:08.967+0200: 50.688: [GC (Allocation Failure) 2020-09-29T18:20:08.967+0200: 50.688: [ParNew: 589383K->42630K(613440K), 0.0181585 secs] 604663K->57910K(2029056K), 0.0182164 secs] [Times: user=0.13 sys=0.00, real=0.02 secs] 
2020-09-29T18:20:09.032+0200: 50.753: [GC (Allocation Failure) 2020-09-29T18:20:09.032+0200: 50.753: [ParNew: 587974K->37609K(613440K), 0.0165779 secs] 603254K->52889K(2029056K), 0.0166331 secs] [Times: user=0.13 sys=0.00, real=0.02 secs] 
2020-09-29T18:20:09.100+0200: 50.821: [GC (Allocation Failure) 2020-09-29T18:20:09.100+0200: 50.821: [ParNew: 582368K->31969K(613440K), 0.0107766 secs] 597648K->47249K(2029056K), 0.0108384 secs] [Times: user=0.00 sys=0.00, real=0.01 secs] 
2020-09-29T18:20:09.159+0200: 50.880: [GC (Allocation Failure) 2020-09-29T18:20:09.160+0200: 50.880: [ParNew: 577313K->43974K(613440K), 0.0193520 secs] 592593K->59254K(2029056K), 0.0262063 secs] [Times: user=0.25 sys=0.00, real=0.03 secs] 
2020-09-29T18:20:09.232+0200: 50.953: [GC (Allocation Failure) 2020-09-29T18:20:09.232+0200: 50.953: [ParNew: 589318K->57480K(613440K), 0.0186598 secs] 604598K->72761K(2029056K), 0.0187139 secs] [Times: user=0.13 sys=0.00, real=0.02 secs] 
2020-09-29T18:20:09.299+0200: 51.019: [GC (Allocation Failure) 2020-09-29T18:20:09.299+0200: 51.019: [ParNew: 602824K->44252K(613440K), 0.0176290 secs] 618105K->59532K(2029056K), 0.0176857 secs] [Times: user=0.14 sys=0.00, real=0.02 secs] 
2020-09-29T18:20:09.366+0200: 51.087: [GC (Allocation Failure) 2020-09-29T18:20:09.366+0200: 51.087: [ParNew: 589596K->63810K(613440K), 0.0227961 secs] 604876K->79090K(2029056K), 0.0228729 secs] [Times: user=0.09 sys=0.00, real=0.02 secs] 
2020-09-29T18:20:09.437+0200: 51.157: [GC (Allocation Failure) 2020-09-29T18:20:09.437+0200: 51.157: [ParNew: 609154K->50933K(613440K), 0.0152890 secs] 624434K->66213K(2029056K), 0.0153613 secs] [Times: user=0.13 sys=0.00, real=0.01 secs] 
2020-09-29T18:20:09.503+0200: 51.223: [GC (Allocation Failure) 2020-09-29T18:20:09.503+0200: 51.223: [ParNew: 596277K->46758K(613440K), 0.0202635 secs] 611557K->62039K(2029056K), 0.0203301 secs] [Times: user=0.25 sys=0.00, real=0.02 secs] 
2020-09-29T18:20:09.573+0200: 51.293: [GC (Allocation Failure) 2020-09-29T18:20:09.573+0200: 51.293: [ParNew: 592102K->37385K(613440K), 0.0146500 secs] 607383K->52666K(2029056K), 0.0147092 secs] [Times: user=0.13 sys=0.00, real=0.02 secs] 
2020-09-29T18:20:09.636+0200: 51.356: [GC (Allocation Failure) 2020-09-29T18:20:09.636+0200: 51.356: [ParNew: 582729K->34116K(613440K), 0.0129518 secs] 598010K->49396K(2029056K), 0.0130126 secs] [Times: user=0.13 sys=0.00, real=0.01 secs] 
2020-09-29T18:20:09.699+0200: 51.419: [GC (Allocation Failure) 2020-09-29T18:20:09.699+0200: 51.419: [ParNew: 579460K->45389K(613440K), 0.0179358 secs] 594740K->60669K(2029056K), 0.0180127 secs] [Times: user=0.13 sys=0.00, real=0.02 secs] 
2020-09-29T18:20:09.768+0200: 51.489: [GC (Allocation Failure) 2020-09-29T18:20:09.768+0200: 51.489: [ParNew: 590733K->61645K(613440K), 0.0226582 secs] 606013K->76926K(2029056K), 0.0227290 secs] [Times: user=0.25 sys=0.00, real=0.02 secs] 
2020-09-29T18:20:09.840+0200: 51.560: [GC (Allocation Failure) 2020-09-29T18:20:09.840+0200: 51.560: [ParNew: 606989K->68096K(613440K), 0.0218900 secs] 622270K->83403K(2029056K), 0.0219496 secs] [Times: user=0.13 sys=0.00, real=0.02 secs] 
2020-09-29T18:20:09.909+0200: 51.629: [GC (Allocation Failure) 2020-09-29T18:20:09.909+0200: 51.629: [ParNew: 613440K->44666K(613440K), 0.0155312 secs] 628747K->59974K(2029056K), 0.0155856 secs] [Times: user=0.13 sys=0.00, real=0.02 secs] 
2020-09-29T18:20:09.977+0200: 51.698: [GC (Allocation Failure) 2020-09-29T18:20:09.977+0200: 51.698: [ParNew: 590010K->60869K(613440K), 0.0202659 secs] 605318K->76176K(2029056K), 0.0203217 secs] [Times: user=0.13 sys=0.00, real=0.02 secs] 
2020-09-29T18:20:10.044+0200: 51.765: [GC (Allocation Failure) 2020-09-29T18:20:10.044+0200: 51.765: [ParNew: 606213K->45491K(613440K), 0.0180643 secs] 621520K->60798K(2029056K), 0.0181180 secs] [Times: user=0.13 sys=0.00, real=0.02 secs] 
2020-09-29T18:20:10.113+0200: 51.833: [GC (Allocation Failure) 2020-09-29T18:20:10.113+0200: 51.833: [ParNew: 589718K->33601K(613440K), 0.0116822 secs] 605026K->48909K(2029056K), 0.0117633 secs] [Times: user=0.13 sys=0.00, real=0.01 secs] 
2020-09-29T18:20:10.171+0200: 51.891: [GC (Allocation Failure) 2020-09-29T18:20:10.171+0200: 51.891: [ParNew: 578945K->35314K(613440K), 0.0152024 secs] 594253K->50621K(2029056K), 0.0152541 secs] [Times: user=0.13 sys=0.00, real=0.02 secs] 
2020-09-29T18:20:10.233+0200: 51.953: [GC (Allocation Failure) 2020-09-29T18:20:10.233+0200: 51.953: [ParNew: 580658K->42276K(613440K), 0.0154651 secs] 595965K->57584K(2029056K), 0.0155635 secs] [Times: user=0.13 sys=0.00, real=0.02 secs] 
2020-09-29T18:20:10.296+0200: 52.016: [GC (Allocation Failure) 2020-09-29T18:20:10.296+0200: 52.016: [ParNew: 587620K->36274K(613440K), 0.0122872 secs] 602928K->51581K(2029056K), 0.0123430 secs] [Times: user=0.13 sys=0.00, real=0.01 secs] 
2020-09-29T18:20:10.370+0200: 52.090: [GC (Allocation Failure) 2020-09-29T18:20:10.370+0200: 52.091: [ParNew: 581618K->25784K(613440K), 0.0119014 secs] 596925K->41091K(2029056K), 0.0119578 secs] [Times: user=0.13 sys=0.00, real=0.01 secs] 
2020-09-29T18:20:10.434+0200: 52.154: [GC (Allocation Failure) 2020-09-29T18:20:10.434+0200: 52.154: [ParNew: 571128K->37743K(613440K), 0.0169652 secs] 586435K->53050K(2029056K), 0.0170459 secs] [Times: user=0.13 sys=0.00, real=0.02 secs] 
2020-09-29T18:20:10.501+0200: 52.221: [GC (Allocation Failure) 2020-09-29T18:20:10.501+0200: 52.221: [ParNew: 583087K->48670K(613440K), 0.0168758 secs] 598394K->63978K(2029056K), 0.0169309 secs] [Times: user=0.13 sys=0.00, real=0.02 secs] 
2020-09-29T18:20:10.569+0200: 52.289: [GC (Allocation Failure) 2020-09-29T18:20:10.569+0200: 52.289: [ParNew: 594014K->36272K(613440K), 0.0155945 secs] 609322K->51579K(2029056K), 0.0156867 secs] [Times: user=0.13 sys=0.00, real=0.02 secs] 
2020-09-29T18:20:10.635+0200: 52.356: [GC (Allocation Failure) 2020-09-29T18:20:10.635+0200: 52.356: [ParNew: 581616K->28641K(613440K), 0.0138947 secs] 596923K->43948K(2029056K), 0.0139565 secs] [Times: user=0.13 sys=0.00, real=0.01 secs] 
2020-09-29T18:20:10.700+0200: 52.420: [GC (Allocation Failure) 2020-09-29T18:20:10.700+0200: 52.420: [ParNew: 573985K->27694K(613440K), 0.0121884 secs] 589292K->43001K(2029056K), 0.0122443 secs] [Times: user=0.13 sys=0.00, real=0.01 secs] 
2020-09-29T18:20:10.760+0200: 52.481: [GC (Allocation Failure) 2020-09-29T18:20:10.760+0200: 52.481: [ParNew: 573038K->57951K(613440K), 0.0220411 secs] 588345K->73258K(2029056K), 0.0221149 secs] [Times: user=0.11 sys=0.00, real=0.02 secs] 
2020-09-29T18:20:10.831+0200: 52.552: [GC (Allocation Failure) 2020-09-29T18:20:10.831+0200: 52.552: [ParNew: 603295K->61059K(613440K), 0.0211352 secs] 618602K->76366K(2029056K), 0.0211936 secs] [Times: user=0.25 sys=0.00, real=0.02 secs] 
2020-09-29T18:20:10.901+0200: 52.621: [GC (Allocation Failure) 2020-09-29T18:20:10.901+0200: 52.621: [ParNew: 606403K->54940K(613440K), 0.0214669 secs] 621710K->70247K(2029056K), 0.0215385 secs] [Times: user=0.13 sys=0.00, real=0.02 secs] 
2020-09-29T18:20:10.969+0200: 52.689: [GC (Allocation Failure) 2020-09-29T18:20:10.969+0200: 52.689: [ParNew: 600284K->43944K(613440K), 0.0138640 secs] 615591K->59252K(2029056K), 0.0139218 secs] [Times: user=0.13 sys=0.00, real=0.01 secs] 
2020-09-29T18:20:11.032+0200: 52.752: [GC (Allocation Failure) 2020-09-29T18:20:11.032+0200: 52.752: [ParNew: 589288K->43023K(613440K), 0.0189483 secs] 604596K->58330K(2029056K), 0.0190028 secs] [Times: user=0.13 sys=0.00, real=0.02 secs] 
2020-09-29T18:20:11.099+0200: 52.819: [GC (Allocation Failure) 2020-09-29T18:20:11.099+0200: 52.819: [ParNew: 588367K->45547K(613440K), 0.0177218 secs] 603674K->60854K(2029056K), 0.0177836 secs] [Times: user=0.13 sys=0.00, real=0.02 secs] 
2020-09-29T18:20:11.164+0200: 52.884: [GC (Allocation Failure) 2020-09-29T18:20:11.164+0200: 52.884: [ParNew: 590891K->41426K(613440K), 0.0170136 secs] 606198K->56734K(2029056K), 0.0170648 secs] [Times: user=0.13 sys=0.00, real=0.02 secs] 
2020-09-29T18:20:11.234+0200: 52.955: [GC (Allocation Failure) 2020-09-29T18:20:11.234+0200: 52.955: [ParNew: 586770K->39376K(613440K), 0.0167120 secs] 602078K->54683K(2029056K), 0.0167732 secs] [Times: user=0.13 sys=0.00, real=0.02 secs] 
2020-09-29T18:20:11.298+0200: 53.018: [GC (Allocation Failure) 2020-09-29T18:20:11.298+0200: 53.018: [ParNew: 584720K->61741K(613440K), 0.0209895 secs] 600027K->77048K(2029056K), 0.0210865 secs] [Times: user=0.25 sys=0.00, real=0.02 secs] 
2020-09-29T18:20:11.368+0200: 53.089: [GC (Allocation Failure) 2020-09-29T18:20:11.368+0200: 53.089: [ParNew: 607085K->60935K(613440K), 0.0210920 secs] 622392K->76242K(2029056K), 0.0211517 secs] [Times: user=0.13 sys=0.00, real=0.02 secs] 
2020-09-29T18:20:11.438+0200: 53.158: [GC (Allocation Failure) 2020-09-29T18:20:11.438+0200: 53.158: [ParNew: 606279K->50239K(613440K), 0.0194142 secs] 621586K->65546K(2029056K), 0.0194715 secs] [Times: user=0.24 sys=0.02, real=0.02 secs] 
2020-09-29T18:20:11.508+0200: 53.229: [GC (Allocation Failure) 2020-09-29T18:20:11.508+0200: 53.229: [ParNew: 595583K->47335K(613440K), 0.0182331 secs] 610890K->62643K(2029056K), 0.0183115 secs] [Times: user=0.13 sys=0.00, real=0.02 secs] 
2020-09-29T18:20:11.575+0200: 53.296: [GC (Allocation Failure) 2020-09-29T18:20:11.575+0200: 53.296: [ParNew: 592679K->65041K(613440K), 0.0239699 secs] 607987K->80349K(2029056K), 0.0240266 secs] [Times: user=0.22 sys=0.00, real=0.02 secs] 
2020-09-29T18:20:11.648+0200: 53.368: [GC (Allocation Failure) 2020-09-29T18:20:11.648+0200: 53.368: [ParNew: 610385K->53813K(613440K), 0.0216330 secs] 625693K->69120K(2029056K), 0.0217048 secs] [Times: user=0.13 sys=0.00, real=0.02 secs] 
2020-09-29T18:20:11.716+0200: 53.437: [GC (Allocation Failure) 2020-09-29T18:20:11.716+0200: 53.437: [ParNew: 599157K->45930K(613440K), 0.0088956 secs] 614464K->61237K(2029056K), 0.0089527 secs] [Times: user=0.13 sys=0.00, real=0.01 secs] 
2020-09-29T18:20:11.776+0200: 53.497: [GC (Allocation Failure) 2020-09-29T18:20:11.776+0200: 53.497: [ParNew: 591274K->47810K(613440K), 0.0203531 secs] 606581K->63117K(2029056K), 0.0204123 secs] [Times: user=0.13 sys=0.00, real=0.02 secs] 
2020-09-29T18:20:11.845+0200: 53.565: [GC (Allocation Failure) 2020-09-29T18:20:11.845+0200: 53.565: [ParNew: 593154K->66382K(613440K), 0.0247960 secs] 608461K->81689K(2029056K), 0.0248743 secs] [Times: user=0.25 sys=0.00, real=0.02 secs] 
2020-09-29T18:20:11.917+0200: 53.638: [GC (Allocation Failure) 2020-09-29T18:20:11.917+0200: 53.638: [ParNew: 611726K->56216K(613440K), 0.0192758 secs] 627033K->71523K(2029056K), 0.0193309 secs] [Times: user=0.13 sys=0.00, real=0.02 secs] 
2020-09-29T18:20:11.986+0200: 53.706: [GC (Allocation Failure) 2020-09-29T18:20:11.986+0200: 53.706: [ParNew: 601560K->46645K(613440K), 0.0186435 secs] 616867K->61953K(2029056K), 0.0187409 secs] [Times: user=0.13 sys=0.02, real=0.02 secs] 
2020-09-29T18:20:12.054+0200: 53.774: [GC (Allocation Failure) 2020-09-29T18:20:12.054+0200: 53.774: [ParNew: 591989K->42084K(613440K), 0.0179113 secs] 607297K->57391K(2029056K), 0.0179720 secs] [Times: user=0.13 sys=0.00, real=0.02 secs] 
2020-09-29T18:20:12.120+0200: 53.839: [GC (Allocation Failure) 2020-09-29T18:20:12.120+0200: 53.839: [ParNew: 587428K->66053K(613440K), 0.0213623 secs] 602735K->81360K(2029056K), 0.0214191 secs] [Times: user=0.13 sys=0.00, real=0.02 secs] 
2020-09-29T18:20:12.190+0200: 53.910: [GC (Allocation Failure) 2020-09-29T18:20:12.190+0200: 53.910: [ParNew: 611397K->48298K(613440K), 0.0209123 secs] 626704K->63605K(2029056K), 0.0209885 secs] [Times: user=0.25 sys=0.00, real=0.02 secs] 
2020-09-29T18:20:12.259+0200: 53.979: [GC (Allocation Failure) 2020-09-29T18:20:12.259+0200: 53.979: [ParNew: 593642K->51031K(613440K), 0.0196957 secs] 608949K->66338K(2029056K), 0.0197536 secs] [Times: user=0.13 sys=0.00, real=0.02 secs] 
2020-09-29T18:20:12.330+0200: 54.050: [GC (Allocation Failure) 2020-09-29T18:20:12.330+0200: 54.050: [ParNew: 596375K->51421K(613440K), 0.0197508 secs] 611682K->66728K(2029056K), 0.0198245 secs] [Times: user=0.25 sys=0.00, real=0.02 secs] 
2020-09-29T18:20:12.398+0200: 54.117: [GC (Allocation Failure) 2020-09-29T18:20:12.398+0200: 54.117: [ParNew: 596765K->50050K(613440K), 0.0198942 secs] 612072K->65357K(2029056K), 0.0199591 secs] [Times: user=0.13 sys=0.00, real=0.02 secs] 
2020-09-29T18:20:12.470+0200: 54.190: [GC (Allocation Failure) 2020-09-29T18:20:12.470+0200: 54.190: [ParNew: 595394K->68096K(613440K), 0.0252062 secs] 610701K->83925K(2029056K), 0.0252668 secs] [Times: user=0.25 sys=0.00, real=0.02 secs] 
2020-09-29T18:20:12.545+0200: 54.265: [GC (Allocation Failure) 2020-09-29T18:20:12.545+0200: 54.265: [ParNew: 613440K->56752K(613440K), 0.0192776 secs] 629269K->72581K(2029056K), 0.0193574 secs] [Times: user=0.13 sys=0.00, real=0.02 secs] 
2020-09-29T18:20:12.616+0200: 54.336: [GC (Allocation Failure) 2020-09-29T18:20:12.616+0200: 54.336: [ParNew: 602096K->47519K(613440K), 0.0176303 secs] 617925K->63348K(2029056K), 0.0177105 secs] [Times: user=0.13 sys=0.00, real=0.02 secs] 
2020-09-29T18:20:12.685+0200: 54.405: [GC (Allocation Failure) 2020-09-29T18:20:12.685+0200: 54.405: [ParNew: 592863K->61015K(613440K), 0.0218728 secs] 608692K->76844K(2029056K), 0.0219345 secs] [Times: user=0.13 sys=0.00, real=0.02 secs] 
2020-09-29T18:20:12.757+0200: 54.477: [GC (Allocation Failure) 2020-09-29T18:20:12.757+0200: 54.477: [ParNew: 606359K->65120K(613440K), 0.0205915 secs] 622188K->80949K(2029056K), 0.0206582 secs] [Times: user=0.13 sys=0.00, real=0.02 secs] 
2020-09-29T18:20:12.825+0200: 54.545: [GC (Allocation Failure) 2020-09-29T18:20:12.825+0200: 54.545: [ParNew: 610464K->68096K(613440K), 0.0252745 secs] 626293K->85068K(2029056K), 0.0253297 secs] [Times: user=0.23 sys=0.00, real=0.02 secs] 
2020-09-29T18:20:12.898+0200: 54.618: [GC (Allocation Failure) 2020-09-29T18:20:12.898+0200: 54.618: [ParNew: 613440K->55650K(613440K), 0.0184240 secs] 630412K->72623K(2029056K), 0.0184828 secs] [Times: user=0.13 sys=0.00, real=0.02 secs] 
2020-09-29T18:20:12.965+0200: 54.685: [GC (Allocation Failure) 2020-09-29T18:20:12.965+0200: 54.685: [ParNew: 600994K->43380K(613440K), 0.0179422 secs] 617967K->60353K(2029056K), 0.0180135 secs] [Times: user=0.13 sys=0.00, real=0.02 secs] 
2020-09-29T18:20:13.030+0200: 54.750: [GC (Allocation Failure) 2020-09-29T18:20:13.030+0200: 54.750: [ParNew: 588724K->39237K(613440K), 0.0160294 secs] 605697K->56210K(2029056K), 0.0161057 secs] [Times: user=0.13 sys=0.00, real=0.02 secs] 
2020-09-29T18:20:13.095+0200: 54.815: [GC (Allocation Failure) 2020-09-29T18:20:13.095+0200: 54.815: [ParNew: 584581K->39769K(613440K), 0.0152359 secs] 601554K->56742K(2029056K), 0.0153070 secs] [Times: user=0.13 sys=0.00, real=0.02 secs] 
2020-09-29T18:20:13.157+0200: 54.877: [GC (Allocation Failure) 2020-09-29T18:20:13.157+0200: 54.877: [ParNew: 585113K->62165K(613440K), 0.0254214 secs] 602086K->79138K(2029056K), 0.0254850 secs] [Times: user=0.23 sys=0.00, real=0.02 secs] 
2020-09-29T18:20:13.230+0200: 54.950: [GC (Allocation Failure) 2020-09-29T18:20:13.230+0200: 54.950: [ParNew: 607509K->49065K(613440K), 0.0188747 secs] 624482K->66038K(2029056K), 0.0189298 secs] [Times: user=0.13 sys=0.00, real=0.02 secs] 
2020-09-29T18:20:13.296+0200: 55.016: [GC (Allocation Failure) 2020-09-29T18:20:13.296+0200: 55.016: [ParNew: 594409K->44656K(613440K), 0.0179998 secs] 611382K->61629K(2029056K), 0.0180576 secs] [Times: user=0.13 sys=0.00, real=0.02 secs] 
2020-09-29T18:20:13.370+0200: 55.090: [GC (Allocation Failure) 2020-09-29T18:20:13.370+0200: 55.090: [ParNew: 590000K->37040K(613440K), 0.0127942 secs] 606973K->54013K(2029056K), 0.0128509 secs] [Times: user=0.13 sys=0.00, real=0.01 secs] 
2020-09-29T18:20:13.433+0200: 55.153: [GC (Allocation Failure) 2020-09-29T18:20:13.434+0200: 55.153: [ParNew: 582384K->50522K(613440K), 0.0220923 secs] 599357K->67495K(2029056K), 0.0221556 secs] [Times: user=0.13 sys=0.00, real=0.02 secs] 
2020-09-29T18:20:13.504+0200: 55.224: [GC (Allocation Failure) 2020-09-29T18:20:13.504+0200: 55.224: [ParNew: 595866K->40510K(613440K), 0.0161116 secs] 612839K->57483K(2029056K), 0.0161818 secs] [Times: user=0.20 sys=0.02, real=0.02 secs] 
2020-09-29T18:20:13.572+0200: 55.292: [GC (Allocation Failure) 2020-09-29T18:20:13.572+0200: 55.292: [ParNew: 585854K->36475K(613440K), 0.0162316 secs] 602827K->53448K(2029056K), 0.0163012 secs] [Times: user=0.13 sys=0.00, real=0.02 secs] 
2020-09-29T18:20:13.639+0200: 55.359: [GC (Allocation Failure) 2020-09-29T18:20:13.639+0200: 55.359: [ParNew: 581819K->56159K(613440K), 0.0194947 secs] 598792K->73132K(2029056K), 0.0195627 secs] [Times: user=0.13 sys=0.00, real=0.02 secs] 
2020-09-29T18:20:13.706+0200: 55.426: [GC (Allocation Failure) 2020-09-29T18:20:13.706+0200: 55.426: [ParNew: 601503K->66818K(613440K), 0.0234574 secs] 618476K->83791K(2029056K), 0.0235148 secs] [Times: user=0.25 sys=0.00, real=0.02 secs] 
2020-09-29T18:20:13.778+0200: 55.498: [GC (Allocation Failure) 2020-09-29T18:20:13.778+0200: 55.498: [ParNew: 612162K->50146K(613440K), 0.0165052 secs] 629135K->67118K(2029056K), 0.0165644 secs] [Times: user=0.13 sys=0.00, real=0.02 secs] 
2020-09-29T18:20:13.843+0200: 55.563: [GC (Allocation Failure) 2020-09-29T18:20:13.843+0200: 55.563: [ParNew: 595490K->42058K(613440K), 0.0174770 secs] 612462K->59031K(2029056K), 0.0175493 secs] [Times: user=0.13 sys=0.00, real=0.02 secs] 
2020-09-29T18:20:13.909+0200: 55.629: [GC (Allocation Failure) 2020-09-29T18:20:13.909+0200: 55.629: [ParNew: 587402K->63425K(613440K), 0.0223407 secs] 604375K->80398K(2029056K), 0.0224120 secs] [Times: user=0.25 sys=0.00, real=0.02 secs] 
2020-09-29T18:20:13.980+0200: 55.700: [GC (Allocation Failure) 2020-09-29T18:20:13.980+0200: 55.700: [ParNew: 608769K->56150K(613440K), 0.0197610 secs] 625742K->73122K(2029056K), 0.0198288 secs] [Times: user=0.13 sys=0.00, real=0.02 secs] 
2020-09-29T18:20:14.049+0200: 55.769: [GC (Allocation Failure) 2020-09-29T18:20:14.049+0200: 55.769: [ParNew: 601494K->41697K(613440K), 0.0150765 secs] 618466K->58670K(2029056K), 0.0151399 secs] [Times: user=0.13 sys=0.00, real=0.01 secs] 
2020-09-29T18:20:14.111+0200: 55.831: [GC (Allocation Failure) 2020-09-29T18:20:14.111+0200: 55.831: [ParNew: 587041K->26658K(613440K), 0.0132635 secs] 604014K->43631K(2029056K), 0.0133314 secs] [Times: user=0.13 sys=0.00, real=0.01 secs] 
2020-09-29T18:20:14.181+0200: 55.901: [GC (Allocation Failure) 2020-09-29T18:20:14.181+0200: 55.901: [ParNew: 572002K->27303K(613440K), 0.0117093 secs] 588975K->44276K(2029056K), 0.0117712 secs] [Times: user=0.11 sys=0.00, real=0.01 secs] 
2020-09-29T18:20:14.250+0200: 55.971: [GC (Allocation Failure) 2020-09-29T18:20:14.250+0200: 55.971: [ParNew: 572647K->40738K(613440K), 0.0176736 secs] 589620K->57711K(2029056K), 0.0177492 secs] [Times: user=0.13 sys=0.00, real=0.02 secs] 
2020-09-29T18:20:14.320+0200: 56.040: [GC (Allocation Failure) 2020-09-29T18:20:14.320+0200: 56.040: [ParNew: 586082K->51623K(613440K), 0.0241373 secs] 603055K->68596K(2029056K), 0.0242125 secs] [Times: user=0.11 sys=0.00, real=0.02 secs] 
2020-09-29T18:20:14.393+0200: 56.114: [GC (Allocation Failure) 2020-09-29T18:20:14.393+0200: 56.114: [ParNew: 595170K->42127K(613440K), 0.0163064 secs] 612143K->59100K(2029056K), 0.0163807 secs] [Times: user=0.19 sys=0.05, real=0.02 secs] 
2020-09-29T18:20:14.457+0200: 56.178: [GC (Allocation Failure) 2020-09-29T18:20:14.457+0200: 56.178: [ParNew: 587471K->62609K(613440K), 0.0241867 secs] 604444K->79582K(2029056K), 0.0242432 secs] [Times: user=0.13 sys=0.00, real=0.02 secs] 
2020-09-29T18:20:14.529+0200: 56.250: [GC (Allocation Failure) 2020-09-29T18:20:14.529+0200: 56.250: [ParNew: 607953K->46324K(613440K), 0.0164654 secs] 624926K->63297K(2029056K), 0.0165253 secs] [Times: user=0.13 sys=0.00, real=0.02 secs] 
2020-09-29T18:20:14.596+0200: 56.316: [GC (Allocation Failure) 2020-09-29T18:20:14.596+0200: 56.316: [ParNew: 591668K->41384K(613440K), 0.0171229 secs] 608641K->58357K(2029056K), 0.0171841 secs] [Times: user=0.11 sys=0.00, real=0.02 secs] 
2020-09-29T18:20:14.664+0200: 56.383: [GC (Allocation Failure) 2020-09-29T18:20:14.664+0200: 56.383: [ParNew: 586728K->37521K(613440K), 0.0162478 secs] 603701K->54493K(2029056K), 0.0163047 secs] [Times: user=0.13 sys=0.00, real=0.02 secs] 
2020-09-29T18:20:14.728+0200: 56.447: [GC (Allocation Failure) 2020-09-29T18:20:14.728+0200: 56.447: [ParNew: 582865K->60232K(613440K), 0.0208452 secs] 599837K->77205K(2029056K), 0.0209278 secs] [Times: user=0.13 sys=0.00, real=0.02 secs] 
2020-09-29T18:20:14.800+0200: 56.520: [GC (Allocation Failure) 2020-09-29T18:20:14.800+0200: 56.520: [ParNew: 605576K->37241K(613440K), 0.0081895 secs] 622549K->54214K(2029056K), 0.0082482 secs] [Times: user=0.13 sys=0.00, real=0.01 secs] 
2020-09-29T18:20:14.861+0200: 56.581: [GC (Allocation Failure) 2020-09-29T18:20:14.861+0200: 56.581: [ParNew: 582585K->42030K(613440K), 0.0188465 secs] 599558K->59003K(2029056K), 0.0189116 secs] [Times: user=0.25 sys=0.00, real=0.02 secs] 
2020-09-29T18:20:14.929+0200: 56.649: [GC (Allocation Failure) 2020-09-29T18:20:14.929+0200: 56.649: [ParNew: 587374K->52121K(613440K), 0.0206984 secs] 604347K->69094K(2029056K), 0.0207560 secs] [Times: user=0.11 sys=0.00, real=0.02 secs] 
2020-09-29T18:20:15.001+0200: 56.720: [GC (Allocation Failure) 2020-09-29T18:20:15.001+0200: 56.720: [ParNew: 597465K->65125K(613440K), 0.0217206 secs] 614438K->82097K(2029056K), 0.0217907 secs] [Times: user=0.25 sys=0.00, real=0.02 secs] 
2020-09-29T18:20:15.069+0200: 56.789: [GC (Allocation Failure) 2020-09-29T18:20:15.069+0200: 56.789: [ParNew: 610469K->45032K(613440K), 0.0155059 secs] 627441K->62005K(2029056K), 0.0155666 secs] [Times: user=0.13 sys=0.00, real=0.02 secs] 
2020-09-29T18:20:15.132+0200: 56.852: [GC (Allocation Failure) 2020-09-29T18:20:15.132+0200: 56.852: [ParNew: 590376K->43091K(613440K), 0.0145100 secs] 607349K->60064K(2029056K), 0.0145667 secs] [Times: user=0.13 sys=0.00, real=0.02 secs] 
2020-09-29T18:20:15.197+0200: 56.917: [GC (Allocation Failure) 2020-09-29T18:20:15.197+0200: 56.917: [ParNew: 588435K->31783K(613440K), 0.0130883 secs] 605408K->48756K(2029056K), 0.0131559 secs] [Times: user=0.13 sys=0.00, real=0.01 secs] 
2020-09-29T18:20:15.270+0200: 56.990: [GC (Allocation Failure) 2020-09-29T18:20:15.270+0200: 56.990: [ParNew: 577127K->43218K(613440K), 0.0188146 secs] 594100K->60191K(2029056K), 0.0188683 secs] [Times: user=0.25 sys=0.00, real=0.02 secs] 
2020-09-29T18:20:15.337+0200: 57.057: [GC (Allocation Failure) 2020-09-29T18:20:15.337+0200: 57.057: [ParNew: 588562K->39817K(613440K), 0.0191566 secs] 605535K->56790K(2029056K), 0.0192324 secs] [Times: user=0.13 sys=0.00, real=0.02 secs] 
2020-09-29T18:20:15.404+0200: 57.124: [GC (Allocation Failure) 2020-09-29T18:20:15.404+0200: 57.124: [ParNew: 585161K->41544K(613440K), 0.0178168 secs] 602134K->58517K(2029056K), 0.0178942 secs] [Times: user=0.13 sys=0.00, real=0.02 secs] 
2020-09-29T18:20:15.470+0200: 57.189: [GC (Allocation Failure) 2020-09-29T18:20:15.470+0200: 57.189: [ParNew: 586888K->41966K(613440K), 0.0158735 secs] 603861K->58939K(2029056K), 0.0159332 secs] [Times: user=0.13 sys=0.00, real=0.02 secs] 
2020-09-29T18:20:15.535+0200: 57.255: [GC (Allocation Failure) 2020-09-29T18:20:15.535+0200: 57.255: [ParNew: 587310K->38152K(613440K), 0.0159879 secs] 604283K->55125K(2029056K), 0.0160421 secs] [Times: user=0.13 sys=0.00, real=0.02 secs] 
2020-09-29T18:20:15.603+0200: 57.322: [GC (Allocation Failure) 2020-09-29T18:20:15.603+0200: 57.322: [ParNew: 583496K->32992K(613440K), 0.0163327 secs] 600469K->49965K(2029056K), 0.0163902 secs] [Times: user=0.11 sys=0.00, real=0.02 secs] 
2020-09-29T18:20:15.671+0200: 57.391: [GC (Allocation Failure) 2020-09-29T18:20:15.671+0200: 57.391: [ParNew: 578336K->34919K(613440K), 0.0131666 secs] 595309K->51891K(2029056K), 0.0132236 secs] [Times: user=0.13 sys=0.00, real=0.01 secs] 
2020-09-29T18:20:15.739+0200: 57.459: [GC (Allocation Failure) 2020-09-29T18:20:15.739+0200: 57.459: [ParNew: 580263K->67671K(613440K), 0.0240584 secs] 597235K->84644K(2029056K), 0.0241216 secs] [Times: user=0.13 sys=0.00, real=0.02 secs] 
2020-09-29T18:20:15.810+0200: 57.530: [GC (Allocation Failure) 2020-09-29T18:20:15.810+0200: 57.530: [ParNew: 613015K->48360K(613440K), 0.0183398 secs] 629988K->65333K(2029056K), 0.0183991 secs] [Times: user=0.13 sys=0.00, real=0.02 secs] 
2020-09-29T18:20:15.881+0200: 57.600: [GC (Allocation Failure) 2020-09-29T18:20:15.881+0200: 57.600: [ParNew: 593704K->68096K(613440K), 0.0233776 secs] 610677K->85624K(2029056K), 0.0234323 secs] [Times: user=0.13 sys=0.00, real=0.02 secs] 
2020-09-29T18:20:15.951+0200: 57.671: [GC (Allocation Failure) 2020-09-29T18:20:15.951+0200: 57.671: [ParNew: 613440K->42777K(613440K), 0.0123941 secs] 630968K->60305K(2029056K), 0.0124539 secs] [Times: user=0.13 sys=0.00, real=0.01 secs] 
2020-09-29T18:20:16.015+0200: 57.735: [GC (Allocation Failure) 2020-09-29T18:20:16.015+0200: 57.735: [ParNew: 588121K->56984K(613440K), 0.0213763 secs] 605649K->74513K(2029056K), 0.0214483 secs] [Times: user=0.25 sys=0.00, real=0.02 secs] 
2020-09-29T18:20:16.082+0200: 57.802: [GC (Allocation Failure) 2020-09-29T18:20:16.083+0200: 57.802: [ParNew: 602328K->60837K(613440K), 0.0208537 secs] 619857K->78365K(2029056K), 0.0209222 secs] [Times: user=0.14 sys=0.00, real=0.02 secs] 
2020-09-29T18:20:16.150+0200: 57.870: [GC (Allocation Failure) 2020-09-29T18:20:16.150+0200: 57.870: [ParNew: 606181K->43062K(613440K), 0.0145803 secs] 623709K->60591K(2029056K), 0.0146347 secs] [Times: user=0.13 sys=0.00, real=0.01 secs] 
2020-09-29T18:20:16.215+0200: 57.934: [GC (Allocation Failure) 2020-09-29T18:20:16.215+0200: 57.934: [ParNew: 588406K->57156K(613440K), 0.0193657 secs] 605935K->74685K(2029056K), 0.0194188 secs] [Times: user=0.13 sys=0.00, real=0.02 secs] 
2020-09-29T18:20:16.281+0200: 58.001: [GC (Allocation Failure) 2020-09-29T18:20:16.281+0200: 58.001: [ParNew: 602500K->43494K(613440K), 0.0191057 secs] 620029K->61022K(2029056K), 0.0191625 secs] [Times: user=0.13 sys=0.00, real=0.02 secs] 
2020-09-29T18:20:16.347+0200: 58.067: [GC (Allocation Failure) 2020-09-29T18:20:16.347+0200: 58.067: [ParNew: 588838K->43870K(613440K), 0.0177068 secs] 606366K->61398K(2029056K), 0.0177655 secs] [Times: user=0.25 sys=0.00, real=0.02 secs] 
2020-09-29T18:20:16.414+0200: 58.134: [GC (Allocation Failure) 2020-09-29T18:20:16.414+0200: 58.134: [ParNew: 589214K->42207K(613440K), 0.0173442 secs] 606742K->59736K(2029056K), 0.0174120 secs] [Times: user=0.13 sys=0.00, real=0.02 secs] 
2020-09-29T18:20:16.478+0200: 58.198: [GC (Allocation Failure) 2020-09-29T18:20:16.478+0200: 58.198: [ParNew: 587551K->40040K(613440K), 0.0172798 secs] 605080K->57568K(2029056K), 0.0173382 secs] [Times: user=0.13 sys=0.00, real=0.02 secs] 
2020-09-29T18:20:16.542+0200: 58.262: [GC (Allocation Failure) 2020-09-29T18:20:16.542+0200: 58.262: [ParNew: 585384K->62893K(613440K), 0.0206371 secs] 602912K->80422K(2029056K), 0.0207158 secs] [Times: user=0.13 sys=0.00, real=0.02 secs] 
2020-09-29T18:20:16.613+0200: 58.333: [GC (Allocation Failure) 2020-09-29T18:20:16.613+0200: 58.333: [ParNew: 608237K->63612K(613440K), 0.0207509 secs] 625766K->81141K(2029056K), 0.0208075 secs] [Times: user=0.23 sys=0.00, real=0.02 secs] 
2020-09-29T18:20:16.683+0200: 58.403: [GC (Allocation Failure) 2020-09-29T18:20:16.683+0200: 58.403: [ParNew: 608956K->47513K(613440K), 0.0193416 secs] 626485K->65042K(2029056K), 0.0194431 secs] [Times: user=0.13 sys=0.00, real=0.02 secs] 
2020-09-29T18:20:16.751+0200: 58.471: [GC (Allocation Failure) 2020-09-29T18:20:16.751+0200: 58.471: [ParNew: 592857K->48828K(613440K), 0.0193172 secs] 610386K->66357K(2029056K), 0.0193933 secs] [Times: user=0.25 sys=0.00, real=0.02 secs] 
2020-09-29T18:20:16.819+0200: 58.538: [GC (Allocation Failure) 2020-09-29T18:20:16.819+0200: 58.539: [ParNew: 594172K->48932K(613440K), 0.0192294 secs] 611701K->66460K(2029056K), 0.0193038 secs] [Times: user=0.13 sys=0.00, real=0.02 secs] 
2020-09-29T18:20:16.885+0200: 58.605: [GC (Allocation Failure) 2020-09-29T18:20:16.885+0200: 58.605: [ParNew: 594276K->39178K(613440K), 0.0128175 secs] 611804K->56707K(2029056K), 0.0128738 secs] [Times: user=0.13 sys=0.00, real=0.01 secs] 
2020-09-29T18:20:16.948+0200: 58.668: [GC (Allocation Failure) 2020-09-29T18:20:16.948+0200: 58.668: [ParNew: 584522K->38441K(613440K), 0.0165209 secs] 602051K->55970K(2029056K), 0.0165777 secs] [Times: user=0.13 sys=0.00, real=0.02 secs] 
2020-09-29T18:20:17.015+0200: 58.735: [GC (Allocation Failure) 2020-09-29T18:20:17.015+0200: 58.735: [ParNew: 583785K->54848K(613440K), 0.0215792 secs] 601314K->72377K(2029056K), 0.0216417 secs] [Times: user=0.25 sys=0.00, real=0.02 secs] 
2020-09-29T18:20:17.086+0200: 58.806: [GC (Allocation Failure) 2020-09-29T18:20:17.086+0200: 58.806: [ParNew: 600192K->54894K(613440K), 0.0207390 secs] 617721K->72422K(2029056K), 0.0208090 secs] [Times: user=0.13 sys=0.00, real=0.02 secs] 
2020-09-29T18:20:17.155+0200: 58.875: [GC (Allocation Failure) 2020-09-29T18:20:17.155+0200: 58.875: [ParNew: 600238K->53304K(613440K), 0.0202300 secs] 617766K->70833K(2029056K), 0.0202915 secs] [Times: user=0.13 sys=0.00, real=0.02 secs] 
2020-09-29T18:20:17.222+0200: 58.942: [GC (Allocation Failure) 2020-09-29T18:20:17.222+0200: 58.942: [ParNew: 598648K->40945K(613440K), 0.0141662 secs] 616177K->58474K(2029056K), 0.0142310 secs] [Times: user=0.13 sys=0.00, real=0.01 secs] 
2020-09-29T18:20:17.283+0200: 59.003: [GC (Allocation Failure) 2020-09-29T18:20:17.283+0200: 59.003: [ParNew: 586289K->44542K(613440K), 0.0177691 secs] 603818K->62071K(2029056K), 0.0178247 secs] [Times: user=0.13 sys=0.00, real=0.02 secs] 
2020-09-29T18:20:17.352+0200: 59.072: [GC (Allocation Failure) 2020-09-29T18:20:17.352+0200: 59.072: [ParNew: 589886K->42129K(613440K), 0.0183083 secs] 607415K->59658K(2029056K), 0.0183741 secs] [Times: user=0.13 sys=0.00, real=0.02 secs] 
2020-09-29T18:20:17.417+0200: 59.137: [GC (Allocation Failure) 2020-09-29T18:20:17.417+0200: 59.137: [ParNew: 587473K->39883K(613440K), 0.0167294 secs] 605002K->57411K(2029056K), 0.0167894 secs] [Times: user=0.13 sys=0.00, real=0.02 secs] 
2020-09-29T18:20:17.482+0200: 59.202: [GC (Allocation Failure) 2020-09-29T18:20:17.482+0200: 59.202: [ParNew: 585227K->36446K(613440K), 0.0165688 secs] 602755K->53975K(2029056K), 0.0166218 secs] [Times: user=0.13 sys=0.00, real=0.02 secs] 
2020-09-29T18:20:17.548+0200: 59.267: [GC (Allocation Failure) 2020-09-29T18:20:17.548+0200: 59.267: [ParNew: 581790K->56138K(613440K), 0.0198400 secs] 599319K->73667K(2029056K), 0.0199069 secs] [Times: user=0.25 sys=0.00, real=0.02 secs] 
2020-09-29T18:20:17.616+0200: 59.336: [GC (Allocation Failure) 2020-09-29T18:20:17.616+0200: 59.336: [ParNew: 601482K->35441K(613440K), 0.0089546 secs] 619011K->52970K(2029056K), 0.0090099 secs] [Times: user=0.00 sys=0.00, real=0.01 secs] 
2020-09-29T18:20:17.673+0200: 59.393: [GC (Allocation Failure) 2020-09-29T18:20:17.673+0200: 59.393: [ParNew: 580785K->42211K(613440K), 0.0177944 secs] 598314K->59740K(2029056K), 0.0178558 secs] [Times: user=0.13 sys=0.00, real=0.02 secs] 
2020-09-29T18:20:17.741+0200: 59.461: [GC (Allocation Failure) 2020-09-29T18:20:17.741+0200: 59.461: [ParNew: 587555K->52916K(613440K), 0.0184052 secs] 605084K->70445K(2029056K), 0.0184655 secs] [Times: user=0.13 sys=0.00, real=0.02 secs] 
2020-09-29T18:20:17.811+0200: 59.531: [GC (Allocation Failure) 2020-09-29T18:20:17.811+0200: 59.531: [ParNew: 598260K->35873K(613440K), 0.0108051 secs] 615789K->53401K(2029056K), 0.0108625 secs] [Times: user=0.13 sys=0.00, real=0.01 secs] 
2020-09-29T18:20:17.874+0200: 59.594: [GC (Allocation Failure) 2020-09-29T18:20:17.874+0200: 59.594: [ParNew: 581217K->32577K(613440K), 0.0152207 secs] 598745K->50106K(2029056K), 0.0152772 secs] [Times: user=0.13 sys=0.00, real=0.01 secs] 
2020-09-29T18:20:17.939+0200: 59.659: [GC (Allocation Failure) 2020-09-29T18:20:17.939+0200: 59.659: [ParNew: 577921K->29885K(613440K), 0.0159586 secs] 595450K->47414K(2029056K), 0.0160218 secs] [Times: user=0.11 sys=0.00, real=0.02 secs] 
2020-09-29T18:20:18.005+0200: 59.725: [GC (Allocation Failure) 2020-09-29T18:20:18.006+0200: 59.725: [ParNew: 575229K->24074K(613440K), 0.0154515 secs] 592758K->41603K(2029056K), 0.0155449 secs] [Times: user=0.13 sys=0.00, real=0.02 secs] 
2020-09-29T18:20:18.074+0200: 59.793: [GC (Allocation Failure) 2020-09-29T18:20:18.074+0200: 59.793: [ParNew: 569418K->48107K(613440K), 0.0183750 secs] 586947K->65636K(2029056K), 0.0184433 secs] [Times: user=0.13 sys=0.00, real=0.02 secs] 
2020-09-29T18:20:18.148+0200: 59.868: [GC (Allocation Failure) 2020-09-29T18:20:18.148+0200: 59.868: [ParNew: 593451K->62501K(613440K), 0.0235818 secs] 610980K->80030K(2029056K), 0.0236435 secs] [Times: user=0.13 sys=0.00, real=0.02 secs] 
2020-09-29T18:20:18.218+0200: 59.938: [GC (Allocation Failure) 2020-09-29T18:20:18.218+0200: 59.938: [ParNew: 607845K->44004K(613440K), 0.0158469 secs] 625374K->61533K(2029056K), 0.0159032 secs] [Times: user=0.13 sys=0.00, real=0.02 secs] 
2020-09-29T18:20:18.286+0200: 60.006: [GC (Allocation Failure) 2020-09-29T18:20:18.286+0200: 60.006: [ParNew: 589348K->42624K(613440K), 0.0136588 secs] 606877K->60153K(2029056K), 0.0137205 secs] [Times: user=0.00 sys=0.00, real=0.01 secs] 
2020-09-29T18:20:18.346+0200: 60.066: [GC (Allocation Failure) 2020-09-29T18:20:18.346+0200: 60.066: [ParNew: 587968K->42468K(613440K), 0.0192989 secs] 605497K->59997K(2029056K), 0.0193629 secs] [Times: user=0.25 sys=0.00, real=0.02 secs] 
2020-09-29T18:20:18.416+0200: 60.136: [GC (Allocation Failure) 2020-09-29T18:20:18.416+0200: 60.136: [ParNew: 587812K->58320K(613440K), 0.0187667 secs] 605341K->75849K(2029056K), 0.0188295 secs] [Times: user=0.13 sys=0.00, real=0.02 secs] 
2020-09-29T18:20:18.485+0200: 60.205: [GC (Allocation Failure) 2020-09-29T18:20:18.485+0200: 60.205: [ParNew: 603664K->44304K(613440K), 0.0178459 secs] 621193K->61832K(2029056K), 0.0179049 secs] [Times: user=0.13 sys=0.00, real=0.02 secs] 
2020-09-29T18:20:18.550+0200: 60.270: [GC (Allocation Failure) 2020-09-29T18:20:18.550+0200: 60.270: [ParNew: 589648K->61789K(613440K), 0.0223438 secs] 607176K->79318K(2029056K), 0.0224302 secs] [Times: user=0.25 sys=0.00, real=0.02 secs] 
2020-09-29T18:20:18.622+0200: 60.342: [GC (Allocation Failure) 2020-09-29T18:20:18.622+0200: 60.342: [ParNew: 607133K->43196K(613440K), 0.0186253 secs] 624662K->60725K(2029056K), 0.0186968 secs] [Times: user=0.11 sys=0.00, real=0.02 secs] 
2020-09-29T18:20:18.690+0200: 60.410: [GC (Allocation Failure) 2020-09-29T18:20:18.690+0200: 60.410: [ParNew: 588540K->39307K(613440K), 0.0152392 secs] 606069K->56836K(2029056K), 0.0152989 secs] [Times: user=0.13 sys=0.00, real=0.02 secs] 
2020-09-29T18:20:18.752+0200: 60.472: [GC (Allocation Failure) 2020-09-29T18:20:18.752+0200: 60.473: [ParNew: 584651K->63485K(613440K), 0.0252591 secs] 602180K->81014K(2029056K), 0.0253340 secs] [Times: user=0.25 sys=0.00, real=0.03 secs] 
2020-09-29T18:20:18.825+0200: 60.545: [GC (Allocation Failure) 2020-09-29T18:20:18.825+0200: 60.545: [ParNew: 608829K->58475K(613440K), 0.0191332 secs] 626358K->76004K(2029056K), 0.0191893 secs] [Times: user=0.13 sys=0.00, real=0.02 secs] 
2020-09-29T18:20:18.892+0200: 60.612: [GC (Allocation Failure) 2020-09-29T18:20:18.892+0200: 60.612: [ParNew: 603819K->46475K(613440K), 0.0196939 secs] 621348K->64004K(2029056K), 0.0197539 secs] [Times: user=0.25 sys=0.00, real=0.02 secs] 
2020-09-29T18:20:18.959+0200: 60.679: [GC (Allocation Failure) 2020-09-29T18:20:18.959+0200: 60.679: [ParNew: 591819K->47034K(613440K), 0.0178444 secs] 609348K->64562K(2029056K), 0.0179165 secs] [Times: user=0.13 sys=0.00, real=0.02 secs] 
2020-09-29T18:20:19.026+0200: 60.747: [GC (Allocation Failure) 2020-09-29T18:20:19.026+0200: 60.747: [ParNew: 590923K->32923K(613440K), 0.0110096 secs] 608452K->50452K(2029056K), 0.0111110 secs] [Times: user=0.13 sys=0.00, real=0.01 secs] 
2020-09-29T18:20:19.088+0200: 60.808: [GC (Allocation Failure) 2020-09-29T18:20:19.088+0200: 60.808: [ParNew: 578267K->33317K(613440K), 0.0142566 secs] 595796K->50845K(2029056K), 0.0143292 secs] [Times: user=0.13 sys=0.00, real=0.01 secs] 
2020-09-29T18:20:19.152+0200: 60.872: [GC (Allocation Failure) 2020-09-29T18:20:19.152+0200: 60.872: [ParNew: 578661K->44958K(613440K), 0.0187530 secs] 596189K->62486K(2029056K), 0.0188164 secs] [Times: user=0.13 sys=0.00, real=0.02 secs] 
2020-09-29T18:20:19.219+0200: 60.939: [GC (Allocation Failure) 2020-09-29T18:20:19.219+0200: 60.939: [ParNew: 590302K->37093K(613440K), 0.0120137 secs] 607830K->54621K(2029056K), 0.0120906 secs] [Times: user=0.13 sys=0.00, real=0.01 secs] 
2020-09-29T18:20:19.285+0200: 61.006: [GC (Allocation Failure) 2020-09-29T18:20:19.285+0200: 61.006: [ParNew: 582437K->52463K(613440K), 0.0225485 secs] 599965K->69992K(2029056K), 0.0226107 secs] [Times: user=0.13 sys=0.00, real=0.02 secs] 
2020-09-29T18:20:19.361+0200: 61.081: [GC (Allocation Failure) 2020-09-29T18:20:19.361+0200: 61.081: [ParNew: 597807K->68096K(613440K), 0.0214914 secs] 615336K->85882K(2029056K), 0.0215723 secs] [Times: user=0.25 sys=0.00, real=0.02 secs] 
2020-09-29T18:20:19.432+0200: 61.152: [GC (Allocation Failure) 2020-09-29T18:20:19.432+0200: 61.152: [ParNew: 613440K->44772K(613440K), 0.0194484 secs] 631226K->62559K(2029056K), 0.0195153 secs] [Times: user=0.13 sys=0.00, real=0.02 secs] 
2020-09-29T18:20:19.509+0200: 61.229: [GC (Allocation Failure) 2020-09-29T18:20:19.509+0200: 61.229: [ParNew: 590116K->38500K(613440K), 0.0192695 secs] 607903K->56286K(2029056K), 0.0193501 secs] [Times: user=0.13 sys=0.00, real=0.02 secs] 
2020-09-29T18:20:19.581+0200: 61.301: [GC (Allocation Failure) 2020-09-29T18:20:19.581+0200: 61.301: [ParNew: 583844K->43791K(613440K), 0.0275132 secs] 601630K->61577K(2029056K), 0.0275882 secs] [Times: user=0.22 sys=0.00, real=0.03 secs] 
2020-09-29T18:20:19.659+0200: 61.379: [GC (Allocation Failure) 2020-09-29T18:20:19.659+0200: 61.379: [ParNew: 589135K->42199K(613440K), 0.0218228 secs] 606921K->59985K(2029056K), 0.0218885 secs] [Times: user=0.25 sys=0.00, real=0.02 secs] 
2020-09-29T18:20:19.728+0200: 61.448: [GC (Allocation Failure) 2020-09-29T18:20:19.728+0200: 61.448: [ParNew: 587543K->36845K(613440K), 0.0212282 secs] 605329K->54631K(2029056K), 0.0212933 secs] [Times: user=0.13 sys=0.00, real=0.02 secs] 
2020-09-29T18:20:19.796+0200: 61.517: [GC (Allocation Failure) 2020-09-29T18:20:19.797+0200: 61.517: [ParNew: 582189K->36413K(613440K), 0.0184964 secs] 599975K->54199K(2029056K), 0.0185808 secs] [Times: user=0.13 sys=0.00, real=0.02 secs] 
2020-09-29T18:20:19.866+0200: 61.586: [GC (Allocation Failure) 2020-09-29T18:20:19.866+0200: 61.586: [ParNew: 581757K->33155K(613440K), 0.0173022 secs] 599543K->50941K(2029056K), 0.0173724 secs] [Times: user=0.13 sys=0.00, real=0.02 secs] 
2020-09-29T18:20:19.932+0200: 61.653: [GC (Allocation Failure) 2020-09-29T18:20:19.932+0200: 61.653: [ParNew: 578499K->50667K(613440K), 0.0297320 secs] 596285K->68453K(2029056K), 0.0297996 secs] [Times: user=0.25 sys=0.00, real=0.03 secs] 
2020-09-29T18:20:20.009+0200: 61.729: [GC (Allocation Failure) 2020-09-29T18:20:20.009+0200: 61.729: [ParNew: 596011K->54360K(613440K), 0.0215456 secs] 613797K->72146K(2029056K), 0.0216133 secs] [Times: user=0.13 sys=0.00, real=0.02 secs] 
2020-09-29T18:20:20.084+0200: 61.804: [GC (Allocation Failure) 2020-09-29T18:20:20.090+0200: 61.809: [ParNew: 599704K->50441K(613440K), 0.0267003 secs] 617490K->68227K(2029056K), 0.0319790 secs] [Times: user=0.25 sys=0.00, real=0.03 secs] 
2020-09-29T18:20:20.167+0200: 61.887: [GC (Allocation Failure) 2020-09-29T18:20:20.167+0200: 61.887: [ParNew: 595785K->43339K(613440K), 0.0198073 secs] 613571K->61125K(2029056K), 0.0198717 secs] [Times: user=0.13 sys=0.00, real=0.02 secs] 
2020-09-29T18:20:20.245+0200: 61.965: [GC (Allocation Failure) 2020-09-29T18:20:20.245+0200: 61.965: [ParNew: 588683K->33250K(613440K), 0.0200672 secs] 606469K->51036K(2029056K), 0.0201303 secs] [Times: user=0.13 sys=0.00, real=0.02 secs] 
2020-09-29T18:20:20.314+0200: 62.034: [GC (Allocation Failure) 2020-09-29T18:20:20.314+0200: 62.034: [ParNew: 578594K->56774K(613440K), 0.0252940 secs] 596380K->74560K(2029056K), 0.0253750 secs] [Times: user=0.25 sys=0.00, real=0.03 secs] 
2020-09-29T18:20:20.393+0200: 62.113: [GC (Allocation Failure) 2020-09-29T18:20:20.393+0200: 62.113: [ParNew: 602118K->38677K(613440K), 0.0167274 secs] 619904K->56463K(2029056K), 0.0168044 secs] [Times: user=0.13 sys=0.00, real=0.02 secs] 
2020-09-29T18:20:20.467+0200: 62.186: [GC (Allocation Failure) 2020-09-29T18:20:20.467+0200: 62.186: [ParNew: 582974K->16662K(613440K), 0.0068767 secs] 600760K->34448K(2029056K), 0.0069396 secs] [Times: user=0.00 sys=0.01, real=0.01 secs] 
2020-09-29T18:20:20.535+0200: 62.255: [GC (Allocation Failure) 2020-09-29T18:20:20.535+0200: 62.255: [ParNew: 562006K->31509K(613440K), 0.0196420 secs] 579792K->49295K(2029056K), 0.0197078 secs] [Times: user=0.20 sys=0.02, real=0.02 secs] 
2020-09-29T18:20:20.613+0200: 62.332: [GC (Allocation Failure) 2020-09-29T18:20:20.613+0200: 62.332: [ParNew: 576853K->42788K(613440K), 0.0251591 secs] 594639K->60574K(2029056K), 0.0252327 secs] [Times: user=0.25 sys=0.00, real=0.03 secs] 
2020-09-29T18:20:20.690+0200: 62.410: [GC (Allocation Failure) 2020-09-29T18:20:20.690+0200: 62.410: [ParNew: 588132K->60436K(613440K), 0.0240848 secs] 605918K->78222K(2029056K), 0.0241793 secs] [Times: user=0.25 sys=0.00, real=0.02 secs] 
2020-09-29T18:20:20.768+0200: 62.488: [GC (Allocation Failure) 2020-09-29T18:20:20.768+0200: 62.488: [ParNew: 605780K->41588K(613440K), 0.0235525 secs] 623566K->59374K(2029056K), 0.0236349 secs] [Times: user=0.23 sys=0.00, real=0.02 secs] 
2020-09-29T18:20:20.844+0200: 62.564: [GC (Allocation Failure) 2020-09-29T18:20:20.844+0200: 62.564: [ParNew: 586932K->66812K(613440K), 0.0285524 secs] 604718K->84598K(2029056K), 0.0286156 secs] [Times: user=0.25 sys=0.00, real=0.03 secs] 
2020-09-29T18:20:20.921+0200: 62.641: [GC (Allocation Failure) 2020-09-29T18:20:20.921+0200: 62.641: [ParNew: 612156K->51976K(613440K), 0.0282096 secs] 629942K->69762K(2029056K), 0.0282750 secs] [Times: user=0.25 sys=0.00, real=0.03 secs] 
2020-09-29T18:20:21.001+0200: 62.721: [GC (Allocation Failure) 2020-09-29T18:20:21.001+0200: 62.721: [ParNew: 597320K->44672K(613440K), 0.0200759 secs] 615106K->62458K(2029056K), 0.0201423 secs] [Times: user=0.25 sys=0.00, real=0.02 secs] 
2020-09-29T18:20:21.077+0200: 62.797: [GC (Allocation Failure) 2020-09-29T18:20:21.077+0200: 62.797: [ParNew: 590016K->67279K(613440K), 0.0319731 secs] 607802K->85065K(2029056K), 0.0320420 secs] [Times: user=0.25 sys=0.00, real=0.03 secs] 
2020-09-29T18:20:21.157+0200: 62.877: [GC (Allocation Failure) 2020-09-29T18:20:21.157+0200: 62.877: [ParNew: 612623K->55105K(613440K), 0.0243695 secs] 630409K->72891K(2029056K), 0.0244389 secs] [Times: user=0.25 sys=0.00, real=0.02 secs] 
2020-09-29T18:20:21.235+0200: 62.955: [GC (Allocation Failure) 2020-09-29T18:20:21.235+0200: 62.955: [ParNew: 600449K->68096K(613440K), 0.0300644 secs] 618235K->86614K(2029056K), 0.0301260 secs] [Times: user=0.25 sys=0.00, real=0.03 secs] 
2020-09-29T18:20:21.318+0200: 63.038: [GC (Allocation Failure) 2020-09-29T18:20:21.318+0200: 63.038: [ParNew: 613440K->54283K(613440K), 0.0222742 secs] 631958K->72801K(2029056K), 0.0223435 secs] [Times: user=0.13 sys=0.00, real=0.02 secs] 
2020-09-29T18:20:21.391+0200: 63.111: [GC (Allocation Failure) 2020-09-29T18:20:21.391+0200: 63.111: [ParNew: 599627K->43429K(613440K), 0.0212171 secs] 618145K->61947K(2029056K), 0.0213012 secs] [Times: user=0.25 sys=0.00, real=0.02 secs] 
2020-09-29T18:20:21.461+0200: 63.181: [GC (Allocation Failure) 2020-09-29T18:20:21.461+0200: 63.181: [ParNew: 588773K->60114K(613440K), 0.0267172 secs] 607291K->78633K(2029056K), 0.0267836 secs] [Times: user=0.13 sys=0.00, real=0.03 secs] 
2020-09-29T18:20:21.536+0200: 63.256: [GC (Allocation Failure) 2020-09-29T18:20:21.536+0200: 63.256: [ParNew: 605458K->37756K(613440K), 0.0106573 secs] 623977K->56274K(2029056K), 0.0107227 secs] [Times: user=0.00 sys=0.00, real=0.01 secs] 
2020-09-29T18:20:21.603+0200: 63.323: [GC (Allocation Failure) 2020-09-29T18:20:21.603+0200: 63.323: [ParNew: 583100K->43923K(613440K), 0.0261549 secs] 601618K->62442K(2029056K), 0.0262362 secs] [Times: user=0.13 sys=0.02, real=0.03 secs] 
2020-09-29T18:20:21.686+0200: 63.406: [GC (Allocation Failure) 2020-09-29T18:20:21.686+0200: 63.406: [ParNew: 589267K->55414K(613440K), 0.0221283 secs] 607786K->73932K(2029056K), 0.0221942 secs] [Times: user=0.25 sys=0.00, real=0.02 secs] 
2020-09-29T18:20:21.761+0200: 63.481: [GC (Allocation Failure) 2020-09-29T18:20:21.761+0200: 63.481: [ParNew: 600758K->44089K(613440K), 0.0207404 secs] 619276K->62608K(2029056K), 0.0208092 secs] [Times: user=0.11 sys=0.00, real=0.02 secs] 
2020-09-29T18:20:21.836+0200: 63.556: [GC (Allocation Failure) 2020-09-29T18:20:21.836+0200: 63.556: [ParNew: 589433K->32483K(613440K), 0.0205742 secs] 607952K->51002K(2029056K), 0.0206402 secs] [Times: user=0.13 sys=0.00, real=0.02 secs] 
2020-09-29T18:20:21.906+0200: 63.626: [GC (Allocation Failure) 2020-09-29T18:20:21.906+0200: 63.626: [ParNew: 577827K->33362K(613440K), 0.0184063 secs] 596346K->51881K(2029056K), 0.0184723 secs] [Times: user=0.13 sys=0.00, real=0.02 secs] 
2020-09-29T18:20:21.975+0200: 63.695: [GC (Allocation Failure) 2020-09-29T18:20:21.976+0200: 63.695: [ParNew: 578706K->32833K(613440K), 0.0164792 secs] 597225K->51351K(2029056K), 0.0165726 secs] [Times: user=0.13 sys=0.00, real=0.02 secs] 
2020-09-29T18:20:22.041+0200: 63.761: [GC (Allocation Failure) 2020-09-29T18:20:22.041+0200: 63.761: [ParNew: 578177K->48337K(613440K), 0.0229355 secs] 596695K->66856K(2029056K), 0.0230015 secs] [Times: user=0.13 sys=0.00, real=0.02 secs] 
2020-09-29T18:20:22.113+0200: 63.832: [GC (Allocation Failure) 2020-09-29T18:20:22.113+0200: 63.833: [ParNew: 593681K->35394K(613440K), 0.0216278 secs] 612200K->53912K(2029056K), 0.0216921 secs] [Times: user=0.25 sys=0.00, real=0.02 secs] 
2020-09-29T18:20:22.184+0200: 63.904: [GC (Allocation Failure) 2020-09-29T18:20:22.184+0200: 63.904: [ParNew: 580738K->34940K(613440K), 0.0205751 secs] 599256K->53458K(2029056K), 0.0206458 secs] [Times: user=0.13 sys=0.00, real=0.02 secs] 
2020-09-29T18:20:22.253+0200: 63.973: [GC (Allocation Failure) 2020-09-29T18:20:22.253+0200: 63.973: [ParNew: 580284K->36250K(613440K), 0.0175611 secs] 598802K->54768K(2029056K), 0.0176255 secs] [Times: user=0.14 sys=0.06, real=0.02 secs] 
2020-09-29T18:20:22.329+0200: 64.049: [GC (Allocation Failure) 2020-09-29T18:20:22.329+0200: 64.049: [ParNew: 581594K->54257K(613440K), 0.0254005 secs] 600112K->72775K(2029056K), 0.0254834 secs] [Times: user=0.25 sys=0.00, real=0.03 secs] 
2020-09-29T18:20:22.402+0200: 64.122: [GC (Allocation Failure) 2020-09-29T18:20:22.402+0200: 64.122: [ParNew: 599601K->39019K(613440K), 0.0178793 secs] 618119K->57537K(2029056K), 0.0179433 secs] [Times: user=0.13 sys=0.00, real=0.02 secs] 
2020-09-29T18:20:22.469+0200: 64.189: [GC (Allocation Failure) 2020-09-29T18:20:22.469+0200: 64.189: [ParNew: 584363K->55007K(613440K), 0.0296245 secs] 602881K->73526K(2029056K), 0.0296992 secs] [Times: user=0.25 sys=0.00, real=0.03 secs] 
2020-09-29T18:20:22.546+0200: 64.266: [GC (Allocation Failure) 2020-09-29T18:20:22.546+0200: 64.266: [ParNew: 600351K->45514K(613440K), 0.0225245 secs] 618870K->64033K(2029056K), 0.0225934 secs] [Times: user=0.25 sys=0.00, real=0.02 secs] 
2020-09-29T18:20:22.618+0200: 64.338: [GC (Allocation Failure) 2020-09-29T18:20:22.618+0200: 64.338: [ParNew: 590858K->68096K(613440K), 0.0282536 secs] 609377K->86614K(2029056K), 0.0283474 secs] [Times: user=0.25 sys=0.00, real=0.03 secs] 
2020-09-29T18:20:22.696+0200: 64.416: [GC (Allocation Failure) 2020-09-29T18:20:22.696+0200: 64.416: [ParNew: 613440K->53161K(613440K), 0.0265375 secs] 631958K->71679K(2029056K), 0.0266081 secs] [Times: user=0.13 sys=0.00, real=0.03 secs] 
2020-09-29T18:20:22.771+0200: 64.490: [GC (Allocation Failure) 2020-09-29T18:20:22.771+0200: 64.490: [ParNew: 598505K->43033K(613440K), 0.0184889 secs] 617023K->61551K(2029056K), 0.0185636 secs] [Times: user=0.13 sys=0.00, real=0.02 secs] 
2020-09-29T18:20:22.842+0200: 64.561: [GC (Allocation Failure) 2020-09-29T18:20:22.842+0200: 64.561: [ParNew: 588377K->44157K(613440K), 0.0242518 secs] 606895K->62675K(2029056K), 0.0243171 secs] [Times: user=0.25 sys=0.00, real=0.02 secs] 
2020-09-29T18:20:22.914+0200: 64.634: [GC (Allocation Failure) 2020-09-29T18:20:22.914+0200: 64.634: [ParNew: 589501K->39907K(613440K), 0.0226656 secs] 608019K->58426K(2029056K), 0.0227309 secs] [Times: user=0.13 sys=0.00, real=0.02 secs] 
2020-09-29T18:20:22.987+0200: 64.707: [GC (Allocation Failure) 2020-09-29T18:20:22.987+0200: 64.707: [ParNew: 585251K->38244K(613440K), 0.0223917 secs] 603770K->56762K(2029056K), 0.0224577 secs] [Times: user=0.25 sys=0.00, real=0.02 secs] 
2020-09-29T18:20:23.066+0200: 64.786: [GC (Allocation Failure) 2020-09-29T18:20:23.066+0200: 64.786: [ParNew: 583588K->33979K(613440K), 0.0208253 secs] 602106K->52497K(2029056K), 0.0209040 secs] [Times: user=0.25 sys=0.00, real=0.02 secs] 
2020-09-29T18:20:23.143+0200: 64.863: [GC (Allocation Failure) 2020-09-29T18:20:23.143+0200: 64.863: [ParNew: 579323K->56059K(613440K), 0.0248374 secs] 597841K->74578K(2029056K), 0.0248981 secs] [Times: user=0.25 sys=0.00, real=0.03 secs] 
2020-09-29T18:20:23.222+0200: 64.942: [GC (Allocation Failure) 2020-09-29T18:20:23.222+0200: 64.942: [ParNew: 601403K->47639K(613440K), 0.0259722 secs] 619922K->66157K(2029056K), 0.0260420 secs] [Times: user=0.25 sys=0.00, real=0.03 secs] 
2020-09-29T18:20:23.298+0200: 65.018: [GC (Allocation Failure) 2020-09-29T18:20:23.298+0200: 65.018: [ParNew: 592983K->45882K(613440K), 0.0235836 secs] 611501K->64401K(2029056K), 0.0236543 secs] [Times: user=0.25 sys=0.00, real=0.02 secs] 
2020-09-29T18:20:23.379+0200: 65.099: [GC (Allocation Failure) 2020-09-29T18:20:23.379+0200: 65.099: [ParNew: 591226K->35206K(613440K), 0.0177991 secs] 609745K->53724K(2029056K), 0.0178641 secs] [Times: user=0.13 sys=0.02, real=0.02 secs] 
2020-09-29T18:20:23.457+0200: 65.176: [GC (Allocation Failure) 2020-09-29T18:20:23.457+0200: 65.176: [ParNew: 580550K->51131K(613440K), 0.0290178 secs] 599068K->69649K(2029056K), 0.0291106 secs] [Times: user=0.24 sys=0.00, real=0.03 secs] 
2020-09-29T18:20:23.535+0200: 65.254: [GC (Allocation Failure) 2020-09-29T18:20:23.535+0200: 65.254: [ParNew: 596475K->45464K(613440K), 0.0198967 secs] 614993K->63983K(2029056K), 0.0199650 secs] [Times: user=0.22 sys=0.00, real=0.02 secs] 
2020-09-29T18:20:23.607+0200: 65.326: [GC (Allocation Failure) 2020-09-29T18:20:23.607+0200: 65.326: [ParNew: 590808K->57200K(613440K), 0.0283046 secs] 609327K->75718K(2029056K), 0.0283855 secs] [Times: user=0.22 sys=0.00, real=0.03 secs] 
2020-09-29T18:20:23.689+0200: 65.409: [GC (Allocation Failure) 2020-09-29T18:20:23.689+0200: 65.409: [ParNew: 602544K->42579K(613440K), 0.0188066 secs] 621062K->61097K(2029056K), 0.0188740 secs] [Times: user=0.13 sys=0.02, real=0.02 secs] 
2020-09-29T18:20:23.758+0200: 65.478: [GC (Allocation Failure) 2020-09-29T18:20:23.758+0200: 65.478: [ParNew: 587923K->58310K(613440K), 0.0311308 secs] 606441K->76829K(2029056K), 0.0312082 secs] [Times: user=0.25 sys=0.00, real=0.03 secs] 
2020-09-29T18:20:23.837+0200: 65.557: [GC (Allocation Failure) 2020-09-29T18:20:23.837+0200: 65.557: [ParNew: 603654K->50125K(613440K), 0.0240876 secs] 622173K->68643K(2029056K), 0.0241517 secs] [Times: user=0.13 sys=0.00, real=0.02 secs] 
2020-09-29T18:20:23.908+0200: 65.628: [GC (Allocation Failure) 2020-09-29T18:20:23.908+0200: 65.628: [ParNew: 595469K->45548K(613440K), 0.0233673 secs] 613987K->64066K(2029056K), 0.0234579 secs] [Times: user=0.25 sys=0.00, real=0.02 secs] 
2020-09-29T18:20:23.987+0200: 65.707: [GC (Allocation Failure) 2020-09-29T18:20:23.987+0200: 65.707: [ParNew: 590892K->42680K(613440K), 0.0212432 secs] 609410K->61198K(2029056K), 0.0213128 secs] [Times: user=0.25 sys=0.00, real=0.02 secs] 
2020-09-29T18:20:24.059+0200: 65.779: [GC (Allocation Failure) 2020-09-29T18:20:24.060+0200: 65.779: [ParNew: 588024K->41437K(613440K), 0.0208326 secs] 606542K->59955K(2029056K), 0.0209054 secs] [Times: user=0.13 sys=0.00, real=0.02 secs] 
2020-09-29T18:20:24.131+0200: 65.851: [GC (Allocation Failure) 2020-09-29T18:20:24.131+0200: 65.851: [ParNew: 586781K->36276K(613440K), 0.0200357 secs] 605299K->54795K(2029056K), 0.0201075 secs] [Times: user=0.13 sys=0.00, real=0.02 secs] 
2020-09-29T18:20:24.198+0200: 65.918: [GC (Allocation Failure) 2020-09-29T18:20:24.198+0200: 65.918: [ParNew: 581620K->34318K(613440K), 0.0181325 secs] 600139K->52836K(2029056K), 0.0182032 secs] [Times: user=0.13 sys=0.00, real=0.02 secs] 
2020-09-29T18:20:24.274+0200: 65.994: [GC (Allocation Failure) 2020-09-29T18:20:24.275+0200: 65.994: [ParNew: 579662K->49928K(613440K), 0.0252276 secs] 598180K->68447K(2029056K), 0.0252976 secs] [Times: user=0.13 sys=0.00, real=0.03 secs] 
2020-09-29T18:20:24.353+0200: 66.072: [GC (Allocation Failure) 2020-09-29T18:20:24.353+0200: 66.072: [ParNew: 595272K->40659K(613440K), 0.0165207 secs] 613791K->59177K(2029056K), 0.0165885 secs] [Times: user=0.13 sys=0.00, real=0.02 secs] 
2020-09-29T18:20:24.422+0200: 66.142: [GC (Allocation Failure) 2020-09-29T18:20:24.422+0200: 66.142: [ParNew: 586003K->31577K(613440K), 0.0166391 secs] 604521K->50095K(2029056K), 0.0167113 secs] [Times: user=0.13 sys=0.00, real=0.02 secs] 
2020-09-29T18:20:24.496+0200: 66.215: [GC (Allocation Failure) 2020-09-29T18:20:24.496+0200: 66.215: [ParNew: 576921K->37940K(613440K), 0.0233914 secs] 595439K->56458K(2029056K), 0.0234689 secs] [Times: user=0.13 sys=0.00, real=0.02 secs] 
2020-09-29T18:20:24.572+0200: 66.292: [GC (Allocation Failure) 2020-09-29T18:20:24.572+0200: 66.292: [ParNew: 583284K->33570K(613440K), 0.0199692 secs] 601802K->52088K(2029056K), 0.0200521 secs] [Times: user=0.13 sys=0.00, real=0.02 secs] 
2020-09-29T18:20:24.646+0200: 66.366: [GC (Allocation Failure) 2020-09-29T18:20:24.646+0200: 66.366: [ParNew: 578914K->57379K(613440K), 0.0282426 secs] 597432K->75897K(2029056K), 0.0283188 secs] [Times: user=0.13 sys=0.00, real=0.03 secs] 
2020-09-29T18:20:24.724+0200: 66.443: [GC (Allocation Failure) 2020-09-29T18:20:24.724+0200: 66.443: [ParNew: 602723K->44000K(613440K), 0.0261879 secs] 621241K->62518K(2029056K), 0.0262588 secs] [Times: user=0.13 sys=0.00, real=0.03 secs] 
2020-09-29T18:20:24.801+0200: 66.521: [GC (Allocation Failure) 2020-09-29T18:20:24.801+0200: 66.521: [ParNew: 589344K->39755K(613440K), 0.0178933 secs] 607862K->58273K(2029056K), 0.0179623 secs] [Times: user=0.25 sys=0.00, real=0.02 secs] 
2020-09-29T18:20:24.865+0200: 66.585: [GC (Allocation Failure) 2020-09-29T18:20:24.865+0200: 66.585: [ParNew: 585099K->53002K(613440K), 0.0305425 secs] 603617K->71520K(2029056K), 0.0306194 secs] [Times: user=0.25 sys=0.00, real=0.03 secs] 
2020-09-29T18:20:24.944+0200: 66.663: [GC (Allocation Failure) 2020-09-29T18:20:24.944+0200: 66.663: [ParNew: 598346K->68096K(613440K), 0.0293543 secs] 616864K->86614K(2029056K), 0.0294274 secs] [Times: user=0.13 sys=0.00, real=0.03 secs] 
2020-09-29T18:20:25.025+0200: 66.745: [GC (Allocation Failure) 2020-09-29T18:20:25.025+0200: 66.745: [ParNew: 613440K->55396K(613440K), 0.0285404 secs] 631958K->73915K(2029056K), 0.0286109 secs] [Times: user=0.23 sys=0.00, real=0.03 secs] 
2020-09-29T18:20:25.099+0200: 66.819: [GC (Allocation Failure) 2020-09-29T18:20:25.100+0200: 66.819: [ParNew: 600740K->48006K(613440K), 0.0273178 secs] 619259K->66525K(2029056K), 0.0273932 secs] [Times: user=0.13 sys=0.00, real=0.03 secs] 
2020-09-29T18:20:25.174+0200: 66.894: [GC (Allocation Failure) 2020-09-29T18:20:25.174+0200: 66.894: [ParNew: 593350K->49518K(613440K), 0.0257365 secs] 611869K->68036K(2029056K), 0.0258017 secs] [Times: user=0.25 sys=0.00, real=0.02 secs] 
2020-09-29T18:20:25.248+0200: 66.968: [GC (Allocation Failure) 2020-09-29T18:20:25.248+0200: 66.968: [ParNew: 594862K->43142K(613440K), 0.0252004 secs] 613380K->61660K(2029056K), 0.0252717 secs] [Times: user=0.22 sys=0.00, real=0.03 secs] 
2020-09-29T18:20:25.325+0200: 67.045: [GC (Allocation Failure) 2020-09-29T18:20:25.325+0200: 67.045: [ParNew: 588486K->38058K(613440K), 0.0229111 secs] 607004K->56576K(2029056K), 0.0229807 secs] [Times: user=0.13 sys=0.00, real=0.02 secs] 
2020-09-29T18:20:25.398+0200: 67.118: [GC (Allocation Failure) 2020-09-29T18:20:25.398+0200: 67.118: [ParNew: 583402K->58831K(613440K), 0.0299135 secs] 601920K->77350K(2029056K), 0.0299840 secs] [Times: user=0.25 sys=0.00, real=0.03 secs] 
2020-09-29T18:20:25.478+0200: 67.199: [GC (Allocation Failure) 2020-09-29T18:20:25.478+0200: 67.199: [ParNew: 604175K->41945K(613440K), 0.0210838 secs] 622694K->60463K(2029056K), 0.0211538 secs] [Times: user=0.13 sys=0.00, real=0.02 secs] 
2020-09-29T18:20:25.550+0200: 67.270: [GC (Allocation Failure) 2020-09-29T18:20:25.555+0200: 67.275: [ParNew: 587289K->53523K(613440K), 0.0294782 secs] 605807K->72041K(2029056K), 0.0344332 secs] [Times: user=0.22 sys=0.00, real=0.03 secs] 
2020-09-29T18:20:25.639+0200: 67.360: [GC (Allocation Failure) 2020-09-29T18:20:25.639+0200: 67.360: [ParNew: 598867K->58619K(613440K), 0.0286811 secs] 617385K->77138K(2029056K), 0.0287593 secs] [Times: user=0.22 sys=0.00, real=0.03 secs] 
2020-09-29T18:20:25.720+0200: 67.440: [GC (Allocation Failure) 2020-09-29T18:20:25.720+0200: 67.440: [ParNew: 603963K->43025K(613440K), 0.0237486 secs] 622482K->61544K(2029056K), 0.0238201 secs] [Times: user=0.25 sys=0.00, real=0.02 secs] 
2020-09-29T18:20:25.798+0200: 67.518: [GC (Allocation Failure) 2020-09-29T18:20:25.798+0200: 67.518: [ParNew: 588369K->62250K(613440K), 0.0316245 secs] 606888K->80768K(2029056K), 0.0316975 secs] [Times: user=0.25 sys=0.00, real=0.03 secs] 
2020-09-29T18:20:25.878+0200: 67.598: [GC (Allocation Failure) 2020-09-29T18:20:25.878+0200: 67.598: [ParNew: 607594K->44818K(613440K), 0.0127678 secs] 626112K->63337K(2029056K), 0.0128544 secs] [Times: user=0.13 sys=0.00, real=0.01 secs] 
2020-09-29T18:20:25.946+0200: 67.666: [GC (Allocation Failure) 2020-09-29T18:20:25.946+0200: 67.666: [ParNew: 590162K->45290K(613440K), 0.0288068 secs] 608681K->63808K(2029056K), 0.0289024 secs] [Times: user=0.25 sys=0.00, real=0.03 secs] 
2020-09-29T18:20:26.026+0200: 67.746: [GC (Allocation Failure) 2020-09-29T18:20:26.026+0200: 67.747: [ParNew: 590634K->60939K(613440K), 0.0275356 secs] 609152K->79457K(2029056K), 0.0276232 secs] [Times: user=0.25 sys=0.00, real=0.03 secs] 
2020-09-29T18:20:26.100+0200: 67.821: [GC (Allocation Failure) 2020-09-29T18:20:26.100+0200: 67.821: [ParNew: 606283K->46097K(613440K), 0.0250309 secs] 624801K->64615K(2029056K), 0.0251000 secs] [Times: user=0.13 sys=0.00, real=0.03 secs] 
2020-09-29T18:20:26.177+0200: 67.898: [GC (Allocation Failure) 2020-09-29T18:20:26.177+0200: 67.898: [ParNew: 591441K->34271K(613440K), 0.0160902 secs] 609959K->52790K(2029056K), 0.0161633 secs] [Times: user=0.13 sys=0.00, real=0.02 secs] 
2020-09-29T18:20:26.247+0200: 67.968: [GC (Allocation Failure) 2020-09-29T18:20:26.247+0200: 67.968: [ParNew: 579615K->19305K(613440K), 0.0140805 secs] 598134K->37823K(2029056K), 0.0141520 secs] [Times: user=0.13 sys=0.00, real=0.01 secs] 
2020-09-29T18:20:26.315+0200: 68.036: [GC (Allocation Failure) 2020-09-29T18:20:26.315+0200: 68.036: [ParNew: 564649K->41436K(613440K), 0.0264203 secs] 583167K->59955K(2029056K), 0.0265171 secs] [Times: user=0.25 sys=0.00, real=0.03 secs] 
2020-09-29T18:20:26.392+0200: 68.112: [GC (Allocation Failure) 2020-09-29T18:20:26.392+0200: 68.112: [ParNew: 586780K->64179K(613440K), 0.0329873 secs] 605299K->82697K(2029056K), 0.0330534 secs] [Times: user=0.25 sys=0.00, real=0.03 secs] 
2020-09-29T18:20:26.474+0200: 68.195: [GC (Allocation Failure) 2020-09-29T18:20:26.474+0200: 68.195: [ParNew: 609523K->56186K(613440K), 0.0238256 secs] 628041K->74704K(2029056K), 0.0238995 secs] [Times: user=0.13 sys=0.00, real=0.02 secs] 
2020-09-29T18:20:26.549+0200: 68.270: [GC (Allocation Failure) 2020-09-29T18:20:26.549+0200: 68.270: [ParNew: 601530K->52966K(613440K), 0.0312845 secs] 620048K->71484K(2029056K), 0.0313726 secs] [Times: user=0.25 sys=0.00, real=0.03 secs] 
2020-09-29T18:20:26.633+0200: 68.354: [GC (Allocation Failure) 2020-09-29T18:20:26.633+0200: 68.354: [ParNew: 598310K->43636K(613440K), 0.0242541 secs] 616828K->62154K(2029056K), 0.0243232 secs] [Times: user=0.11 sys=0.00, real=0.03 secs] 
2020-09-29T18:20:26.707+0200: 68.428: [GC (Allocation Failure) 2020-09-29T18:20:26.707+0200: 68.428: [ParNew: 588980K->66034K(613440K), 0.0292141 secs] 607498K->84552K(2029056K), 0.0292915 secs] [Times: user=0.13 sys=0.00, real=0.03 secs] 
2020-09-29T18:20:26.786+0200: 68.507: [GC (Allocation Failure) 2020-09-29T18:20:26.786+0200: 68.507: [ParNew: 611378K->53979K(613440K), 0.0280578 secs] 629896K->72497K(2029056K), 0.0281270 secs] [Times: user=0.13 sys=0.00, real=0.03 secs] 
2020-09-29T18:20:26.861+0200: 68.582: [GC (Allocation Failure) 2020-09-29T18:20:26.861+0200: 68.582: [ParNew: 599323K->46123K(613440K), 0.0192600 secs] 617841K->64641K(2029056K), 0.0193281 secs] [Times: user=0.25 sys=0.00, real=0.02 secs] 
2020-09-29T18:20:26.941+0200: 68.661: [GC (Allocation Failure) 2020-09-29T18:20:26.941+0200: 68.661: [ParNew: 591467K->43963K(613440K), 0.0269968 secs] 609985K->62481K(2029056K), 0.0270656 secs] [Times: user=0.25 sys=0.00, real=0.03 secs] 
2020-09-29T18:20:27.018+0200: 68.738: [GC (Allocation Failure) 2020-09-29T18:20:27.018+0200: 68.738: [ParNew: 589307K->62304K(613440K), 0.0266776 secs] 607825K->80822K(2029056K), 0.0267639 secs] [Times: user=0.25 sys=0.00, real=0.03 secs] 
2020-09-29T18:20:27.094+0200: 68.813: [GC (Allocation Failure) 2020-09-29T18:20:27.094+0200: 68.813: [ParNew: 607648K->48577K(613440K), 0.0241131 secs] 626166K->67095K(2029056K), 0.0241880 secs] [Times: user=0.25 sys=0.00, real=0.02 secs] 
2020-09-29T18:20:27.172+0200: 68.892: [GC (Allocation Failure) 2020-09-29T18:20:27.172+0200: 68.892: [ParNew: 593921K->65781K(613440K), 0.0310455 secs] 612439K->84299K(2029056K), 0.0311345 secs] [Times: user=0.25 sys=0.00, real=0.03 secs] 
2020-09-29T18:20:27.256+0200: 68.976: [GC (Allocation Failure) 2020-09-29T18:20:27.256+0200: 68.976: [ParNew: 611125K->56718K(613440K), 0.0316951 secs] 629643K->75237K(2029056K), 0.0317872 secs] [Times: user=0.25 sys=0.00, real=0.03 secs] 
2020-09-29T18:20:27.340+0200: 69.060: [GC (Allocation Failure) 2020-09-29T18:20:27.341+0200: 69.060: [ParNew: 602062K->49493K(613440K), 0.0302302 secs] 620581K->68012K(2029056K), 0.0303362 secs] [Times: user=0.25 sys=0.00, real=0.03 secs] 
2020-09-29T18:20:27.419+0200: 69.138: [GC (Allocation Failure) 2020-09-29T18:20:27.419+0200: 69.138: [ParNew: 594837K->48670K(613440K), 0.0213974 secs] 613356K->67188K(2029056K), 0.0214656 secs] [Times: user=0.09 sys=0.00, real=0.02 secs] 
2020-09-29T18:20:27.494+0200: 69.213: [GC (Allocation Failure) 2020-09-29T18:20:27.494+0200: 69.214: [ParNew: 594014K->42624K(613440K), 0.0197504 secs] 612532K->61142K(2029056K), 0.0198219 secs] [Times: user=0.13 sys=0.00, real=0.02 secs] 
2020-09-29T18:20:27.563+0200: 69.282: [GC (Allocation Failure) 2020-09-29T18:20:27.563+0200: 69.282: [ParNew: 587968K->46522K(613440K), 0.0265309 secs] 606486K->65041K(2029056K), 0.0266370 secs] [Times: user=0.23 sys=0.00, real=0.03 secs] 
2020-09-29T18:20:27.642+0200: 69.361: [GC (Allocation Failure) 2020-09-29T18:20:27.642+0200: 69.361: [ParNew: 591866K->50948K(613440K), 0.0252634 secs] 610385K->69466K(2029056K), 0.0253403 secs] [Times: user=0.25 sys=0.00, real=0.03 secs] 
2020-09-29T18:20:27.719+0200: 69.439: [GC (Allocation Failure) 2020-09-29T18:20:27.719+0200: 69.439: [ParNew: 596292K->40384K(613440K), 0.0228258 secs] 614810K->58903K(2029056K), 0.0228962 secs] [Times: user=0.25 sys=0.00, real=0.02 secs] 
2020-09-29T18:20:27.793+0200: 69.512: [GC (Allocation Failure) 2020-09-29T18:20:27.793+0200: 69.513: [ParNew: 585728K->38056K(613440K), 0.0228411 secs] 604247K->56574K(2029056K), 0.0229124 secs] [Times: user=0.13 sys=0.00, real=0.02 secs] 
2020-09-29T18:20:27.870+0200: 69.590: [GC (Allocation Failure) 2020-09-29T18:20:27.870+0200: 69.590: [ParNew: 583400K->59223K(613440K), 0.0278757 secs] 601918K->77742K(2029056K), 0.0279671 secs] [Times: user=0.25 sys=0.00, real=0.03 secs] 
2020-09-29T18:20:27.950+0200: 69.669: [GC (Allocation Failure) 2020-09-29T18:20:27.950+0200: 69.669: [ParNew: 604567K->34566K(613440K), 0.0127842 secs] 623086K->53084K(2029056K), 0.0128711 secs] [Times: user=0.13 sys=0.00, real=0.01 secs] 
2020-09-29T18:20:28.019+0200: 69.739: [GC (Allocation Failure) 2020-09-29T18:20:28.019+0200: 69.739: [ParNew: 579910K->41670K(613440K), 0.0271214 secs] 598428K->60188K(2029056K), 0.0271874 secs] [Times: user=0.23 sys=0.00, real=0.03 secs] 
2020-09-29T18:20:28.102+0200: 69.822: [GC (Allocation Failure) 2020-09-29T18:20:28.102+0200: 69.822: [ParNew: 587014K->61061K(613440K), 0.0320030 secs] 605532K->79579K(2029056K), 0.0320697 secs] [Times: user=0.25 sys=0.00, real=0.03 secs] 
2020-09-29T18:20:28.183+0200: 69.902: [GC (Allocation Failure) 2020-09-29T18:20:28.183+0200: 69.902: [ParNew: 606405K->49416K(613440K), 0.0240811 secs] 624923K->67935K(2029056K), 0.0241517 secs] [Times: user=0.13 sys=0.00, real=0.02 secs] 
2020-09-29T18:20:28.264+0200: 69.983: [GC (Allocation Failure) 2020-09-29T18:20:28.264+0200: 69.983: [ParNew: 594760K->41418K(613440K), 0.0234290 secs] 613279K->59937K(2029056K), 0.0235100 secs] [Times: user=0.25 sys=0.00, real=0.02 secs] 
2020-09-29T18:20:28.341+0200: 70.060: [GC (Allocation Failure) 2020-09-29T18:20:28.341+0200: 70.060: [ParNew: 586762K->39536K(613440K), 0.0210673 secs] 605281K->58055K(2029056K), 0.0211411 secs] [Times: user=0.13 sys=0.00, real=0.02 secs] 
2020-09-29T18:20:28.423+0200: 70.143: [GC (Allocation Failure) 2020-09-29T18:20:28.423+0200: 70.143: [ParNew: 584880K->58900K(613440K), 0.0303852 secs] 603399K->77419K(2029056K), 0.0304765 secs] [Times: user=0.23 sys=0.00, real=0.03 secs] 
2020-09-29T18:20:28.504+0200: 70.224: [GC (Allocation Failure) 2020-09-29T18:20:28.504+0200: 70.224: [ParNew: 604244K->50192K(613440K), 0.0278593 secs] 622763K->68710K(2029056K), 0.0279490 secs] [Times: user=0.25 sys=0.00, real=0.03 secs] 
2020-09-29T18:20:28.584+0200: 70.304: [GC (Allocation Failure) 2020-09-29T18:20:28.584+0200: 70.304: [ParNew: 595536K->50671K(613440K), 0.0295583 secs] 614054K->69189K(2029056K), 0.0296241 secs] [Times: user=0.20 sys=0.00, real=0.03 secs] 
2020-09-29T18:20:28.665+0200: 70.385: [GC (Allocation Failure) 2020-09-29T18:20:28.665+0200: 70.385: [ParNew: 596015K->40651K(613440K), 0.0186797 secs] 614533K->59169K(2029056K), 0.0187581 secs] [Times: user=0.11 sys=0.00, real=0.02 secs] 
2020-09-29T18:20:28.747+0200: 70.467: [GC (Allocation Failure) 2020-09-29T18:20:28.747+0200: 70.467: [ParNew: 585995K->40111K(613440K), 0.0234268 secs] 604513K->58630K(2029056K), 0.0235119 secs] [Times: user=0.17 sys=0.05, real=0.02 secs] 
2020-09-29T18:20:28.830+0200: 70.550: [GC (Allocation Failure) 2020-09-29T18:20:28.830+0200: 70.550: [ParNew: 585455K->31597K(613440K), 0.0143962 secs] 603974K->50115K(2029056K), 0.0144621 secs] [Times: user=0.13 sys=0.00, real=0.02 secs] 
2020-09-29T18:20:28.904+0200: 70.624: [GC (Allocation Failure) 2020-09-29T18:20:28.904+0200: 70.624: [ParNew: 576941K->39030K(613440K), 0.0218909 secs] 595459K->57549K(2029056K), 0.0219608 secs] [Times: user=0.13 sys=0.00, real=0.02 secs] 
2020-09-29T18:20:28.982+0200: 70.702: [GC (Allocation Failure) 2020-09-29T18:20:28.982+0200: 70.702: [ParNew: 584374K->42490K(613440K), 0.0212910 secs] 602893K->61008K(2029056K), 0.0213613 secs] [Times: user=0.13 sys=0.00, real=0.02 secs] 
2020-09-29T18:20:29.051+0200: 70.771: [GC (Allocation Failure) 2020-09-29T18:20:29.051+0200: 70.771: [ParNew: 587834K->30050K(613440K), 0.0196758 secs] 606352K->48569K(2029056K), 0.0197457 secs] [Times: user=0.25 sys=0.00, real=0.02 secs] 
2020-09-29T18:20:29.127+0200: 70.847: [GC (Allocation Failure) 2020-09-29T18:20:29.127+0200: 70.847: [ParNew: 575394K->25339K(613440K), 0.0177627 secs] 593913K->43857K(2029056K), 0.0178329 secs] [Times: user=0.11 sys=0.01, real=0.02 secs] 
2020-09-29T18:20:29.194+0200: 70.914: [GC (Allocation Failure) 2020-09-29T18:20:29.194+0200: 70.914: [ParNew: 570683K->41404K(613440K), 0.0215126 secs] 589201K->59922K(2029056K), 0.0215847 secs] [Times: user=0.13 sys=0.00, real=0.02 secs] 
2020-09-29T18:20:29.267+0200: 70.986: [GC (Allocation Failure) 2020-09-29T18:20:29.267+0200: 70.986: [ParNew: 586748K->32694K(613440K), 0.0198520 secs] 605266K->51212K(2029056K), 0.0199179 secs] [Times: user=0.25 sys=0.00, real=0.02 secs] 
2020-09-29T18:20:29.337+0200: 71.057: [GC (Allocation Failure) 2020-09-29T18:20:29.337+0200: 71.057: [ParNew: 578038K->31924K(613440K), 0.0211149 secs] 596556K->50443K(2029056K), 0.0211876 secs] [Times: user=0.13 sys=0.00, real=0.02 secs] 
2020-09-29T18:20:29.407+0200: 71.127: [GC (Allocation Failure) 2020-09-29T18:20:29.407+0200: 71.127: [ParNew: 577268K->29566K(613440K), 0.0149434 secs] 595787K->48084K(2029056K), 0.0150156 secs] [Times: user=0.13 sys=0.00, real=0.01 secs] 
2020-09-29T18:20:29.473+0200: 71.193: [GC (Allocation Failure) 2020-09-29T18:20:29.473+0200: 71.193: [ParNew: 574910K->54161K(613440K), 0.0224317 secs] 593428K->72679K(2029056K), 0.0224938 secs] [Times: user=0.14 sys=0.00, real=0.02 secs] 
2020-09-29T18:20:29.545+0200: 71.264: [GC (Allocation Failure) 2020-09-29T18:20:29.545+0200: 71.264: [ParNew: 599505K->68096K(613440K), 0.0222959 secs] 618023K->86677K(2029056K), 0.0223622 secs] [Times: user=0.13 sys=0.00, real=0.02 secs] 
2020-09-29T18:20:29.617+0200: 71.336: [GC (Allocation Failure) 2020-09-29T18:20:29.617+0200: 71.336: [ParNew: 613440K->56700K(613440K), 0.0217528 secs] 632021K->75282K(2029056K), 0.0218295 secs] [Times: user=0.13 sys=0.00, real=0.02 secs] 
2020-09-29T18:20:29.687+0200: 71.406: [GC (Allocation Failure) 2020-09-29T18:20:29.687+0200: 71.406: [ParNew: 602044K->42515K(613440K), 0.0098883 secs] 620626K->61097K(2029056K), 0.0099503 secs] [Times: user=0.13 sys=0.00, real=0.01 secs] 
2020-09-29T18:20:29.750+0200: 71.470: [GC (Allocation Failure) 2020-09-29T18:20:29.750+0200: 71.470: [ParNew: 587859K->19529K(613440K), 0.0076222 secs] 606441K->38110K(2029056K), 0.0076749 secs] [Times: user=0.13 sys=0.00, real=0.01 secs] 
2020-09-29T18:20:29.813+0200: 71.533: [GC (Allocation Failure) 2020-09-29T18:20:29.813+0200: 71.533: [ParNew: 564873K->38268K(613440K), 0.0180005 secs] 583454K->56850K(2029056K), 0.0180563 secs] [Times: user=0.13 sys=0.00, real=0.02 secs] 
2020-09-29T18:20:29.879+0200: 71.598: [GC (Allocation Failure) 2020-09-29T18:20:29.879+0200: 71.599: [ParNew: 583612K->50421K(613440K), 0.0175259 secs] 602194K->69003K(2029056K), 0.0175927 secs] [Times: user=0.25 sys=0.00, real=0.02 secs] 
2020-09-29T18:20:29.942+0200: 71.662: [GC (Allocation Failure) 2020-09-29T18:20:29.942+0200: 71.662: [ParNew: 595765K->36011K(613440K), 0.0173578 secs] 614347K->54593K(2029056K), 0.0174164 secs] [Times: user=0.09 sys=0.00, real=0.02 secs] 
2020-09-29T18:20:30.006+0200: 71.726: [GC (Allocation Failure) 2020-09-29T18:20:30.006+0200: 71.726: [ParNew: 581355K->37281K(613440K), 0.0157054 secs] 599937K->55863K(2029056K), 0.0157701 secs] [Times: user=0.13 sys=0.00, real=0.02 secs] 
2020-09-29T18:20:30.072+0200: 71.792: [GC (Allocation Failure) 2020-09-29T18:20:30.072+0200: 71.792: [ParNew: 582625K->57441K(613440K), 0.0195272 secs] 601207K->76022K(2029056K), 0.0195927 secs] [Times: user=0.13 sys=0.00, real=0.02 secs] 
2020-09-29T18:20:30.140+0200: 71.859: [GC (Allocation Failure) 2020-09-29T18:20:30.140+0200: 71.859: [ParNew: 602785K->68096K(613440K), 0.0240364 secs] 621366K->87328K(2029056K), 0.0240918 secs] [Times: user=0.25 sys=0.00, real=0.02 secs] 
2020-09-29T18:20:30.211+0200: 71.931: [GC (Allocation Failure) 2020-09-29T18:20:30.211+0200: 71.931: [ParNew: 613440K->63998K(613440K), 0.0230714 secs] 632672K->83230K(2029056K), 0.0231291 secs] [Times: user=0.13 sys=0.00, real=0.02 secs] 
2020-09-29T18:20:30.282+0200: 72.002: [GC (Allocation Failure) 2020-09-29T18:20:30.282+0200: 72.002: [ParNew: 609342K->52110K(613440K), 0.0174919 secs] 628574K->71343K(2029056K), 0.0175459 secs] [Times: user=0.13 sys=0.00, real=0.02 secs] 
2020-09-29T18:20:30.352+0200: 72.072: [GC (Allocation Failure) 2020-09-29T18:20:30.352+0200: 72.072: [ParNew: 597454K->67479K(613440K), 0.0216510 secs] 616687K->86712K(2029056K), 0.0217062 secs] [Times: user=0.13 sys=0.00, real=0.02 secs] 
2020-09-29T18:20:30.425+0200: 72.144: [GC (Allocation Failure) 2020-09-29T18:20:30.425+0200: 72.144: [ParNew: 612823K->45084K(613440K), 0.0168367 secs] 632056K->64316K(2029056K), 0.0169050 secs] [Times: user=0.11 sys=0.00, real=0.02 secs] 
2020-09-29T18:20:30.490+0200: 72.210: [GC (Allocation Failure) 2020-09-29T18:20:30.490+0200: 72.210: [ParNew: 590428K->40099K(613440K), 0.0151248 secs] 609660K->59331K(2029056K), 0.0152029 secs] [Times: user=0.13 sys=0.00, real=0.02 secs] 
2020-09-29T18:20:30.560+0200: 72.279: [GC (Allocation Failure) 2020-09-29T18:20:30.560+0200: 72.279: [ParNew: 585443K->32292K(613440K), 0.0157265 secs] 604675K->51525K(2029056K), 0.0157929 secs] [Times: user=0.13 sys=0.00, real=0.02 secs] 
2020-09-29T18:20:30.625+0200: 72.345: [GC (Allocation Failure) 2020-09-29T18:20:30.625+0200: 72.345: [ParNew: 577636K->51753K(613440K), 0.0195031 secs] 596869K->70985K(2029056K), 0.0195595 secs] [Times: user=0.11 sys=0.00, real=0.02 secs] 
2020-09-29T18:20:30.694+0200: 72.414: [GC (Allocation Failure) 2020-09-29T18:20:30.694+0200: 72.414: [ParNew: 597097K->43726K(613440K), 0.0188801 secs] 616329K->62958K(2029056K), 0.0189435 secs] [Times: user=0.13 sys=0.00, real=0.02 secs] 
2020-09-29T18:20:30.761+0200: 72.481: [GC (Allocation Failure) 2020-09-29T18:20:30.762+0200: 72.481: [ParNew: 589070K->36981K(613440K), 0.0130341 secs] 608302K->56213K(2029056K), 0.0130994 secs] [Times: user=0.13 sys=0.00, real=0.01 secs] 
2020-09-29T18:20:30.822+0200: 72.542: [GC (Allocation Failure) 2020-09-29T18:20:30.822+0200: 72.542: [ParNew: 582325K->37615K(613440K), 0.0173619 secs] 601557K->56848K(2029056K), 0.0174317 secs] [Times: user=0.13 sys=0.00, real=0.02 secs] 
2020-09-29T18:20:30.887+0200: 72.607: [GC (Allocation Failure) 2020-09-29T18:20:30.887+0200: 72.607: [ParNew: 582959K->53343K(613440K), 0.0210226 secs] 602192K->72576K(2029056K), 0.0210840 secs] [Times: user=0.13 sys=0.00, real=0.02 secs] 
2020-09-29T18:20:30.955+0200: 72.674: [GC (Allocation Failure) 2020-09-29T18:20:30.955+0200: 72.674: [ParNew: 598687K->44356K(613440K), 0.0146289 secs] 617920K->63588K(2029056K), 0.0146873 secs] [Times: user=0.13 sys=0.00, real=0.01 secs] 
2020-09-29T18:20:31.016+0200: 72.736: [GC (Allocation Failure) 2020-09-29T18:20:31.020+0200: 72.739: [ParNew: 589700K->42497K(613440K), 0.0190156 secs] 608932K->61729K(2029056K), 0.0221628 secs] [Times: user=0.25 sys=0.00, real=0.02 secs] 
2020-09-29T18:20:31.086+0200: 72.806: [GC (Allocation Failure) 2020-09-29T18:20:31.086+0200: 72.806: [ParNew: 587841K->52263K(613440K), 0.0179368 secs] 607073K->71496K(2029056K), 0.0179957 secs] [Times: user=0.13 sys=0.00, real=0.02 secs] 
2020-09-29T18:20:31.154+0200: 72.874: [GC (Allocation Failure) 2020-09-29T18:20:31.154+0200: 72.874: [ParNew: 597607K->66450K(613440K), 0.0225335 secs] 616840K->85682K(2029056K), 0.0225955 secs] [Times: user=0.25 sys=0.00, real=0.02 secs] 
2020-09-29T18:20:31.223+0200: 72.943: [GC (Allocation Failure) 2020-09-29T18:20:31.223+0200: 72.943: [ParNew: 611794K->52614K(613440K), 0.0211737 secs] 631026K->71846K(2029056K), 0.0212396 secs] [Times: user=0.25 sys=0.00, real=0.02 secs] 
2020-09-29T18:20:31.294+0200: 73.014: [GC (Allocation Failure) 2020-09-29T18:20:31.294+0200: 73.014: [ParNew: 597958K->52348K(613440K), 0.0208444 secs] 617190K->71580K(2029056K), 0.0209011 secs] [Times: user=0.13 sys=0.00, real=0.02 secs] 
2020-09-29T18:20:31.364+0200: 73.084: [GC (Allocation Failure) 2020-09-29T18:20:31.364+0200: 73.084: [ParNew: 597692K->48141K(613440K), 0.0211729 secs] 616924K->67373K(2029056K), 0.0212521 secs] [Times: user=0.13 sys=0.00, real=0.02 secs] 
2020-09-29T18:20:31.433+0200: 73.153: [GC (Allocation Failure) 2020-09-29T18:20:31.433+0200: 73.153: [ParNew: 593485K->43227K(613440K), 0.0150399 secs] 612717K->62459K(2029056K), 0.0150943 secs] [Times: user=0.13 sys=0.00, real=0.01 secs] 
2020-09-29T18:20:31.500+0200: 73.219: [GC (Allocation Failure) 2020-09-29T18:20:31.500+0200: 73.219: [ParNew: 588571K->42683K(613440K), 0.0215430 secs] 607803K->61915K(2029056K), 0.0216221 secs] [Times: user=0.24 sys=0.00, real=0.02 secs] 
2020-09-29T18:20:31.569+0200: 73.288: [GC (Allocation Failure) 2020-09-29T18:20:31.569+0200: 73.288: [ParNew: 588027K->61512K(613440K), 0.0192394 secs] 607259K->80745K(2029056K), 0.0193252 secs] [Times: user=0.13 sys=0.00, real=0.02 secs] 
2020-09-29T18:20:31.640+0200: 73.359: [GC (Allocation Failure) 2020-09-29T18:20:31.640+0200: 73.359: [ParNew: 606856K->64338K(613440K), 0.0240901 secs] 626089K->83570K(2029056K), 0.0241613 secs] [Times: user=0.23 sys=0.00, real=0.02 secs] 
2020-09-29T18:20:31.711+0200: 73.431: [GC (Allocation Failure) 2020-09-29T18:20:31.711+0200: 73.431: [ParNew: 609682K->68096K(613440K), 0.0213994 secs] 628914K->87328K(2029056K), 0.0214563 secs] [Times: user=0.13 sys=0.00, real=0.02 secs] 
2020-09-29T18:20:31.781+0200: 73.501: [GC (Allocation Failure) 2020-09-29T18:20:31.781+0200: 73.501: [ParNew: 613440K->50255K(613440K), 0.0155576 secs] 632672K->69488K(2029056K), 0.0156119 secs] [Times: user=0.13 sys=0.00, real=0.02 secs] 
2020-09-29T18:20:31.845+0200: 73.565: [GC (Allocation Failure) 2020-09-29T18:20:31.846+0200: 73.565: [ParNew: 595599K->47457K(613440K), 0.0210549 secs] 614832K->66689K(2029056K), 0.0211304 secs] [Times: user=0.25 sys=0.00, real=0.02 secs] 
2020-09-29T18:20:31.913+0200: 73.633: [GC (Allocation Failure) 2020-09-29T18:20:31.913+0200: 73.633: [ParNew: 592801K->66259K(613440K), 0.0201668 secs] 612033K->85491K(2029056K), 0.0202268 secs] [Times: user=0.13 sys=0.00, real=0.02 secs] 
2020-09-29T18:20:31.984+0200: 73.703: [GC (Allocation Failure) 2020-09-29T18:20:31.984+0200: 73.703: [ParNew: 611603K->47939K(613440K), 0.0214194 secs] 630835K->67171K(2029056K), 0.0214868 secs] [Times: user=0.25 sys=0.00, real=0.02 secs] 
2020-09-29T18:20:32.056+0200: 73.776: [GC (Allocation Failure) 2020-09-29T18:20:32.056+0200: 73.776: [ParNew: 593283K->39773K(613440K), 0.0151617 secs] 612515K->59005K(2029056K), 0.0152433 secs] [Times: user=0.13 sys=0.00, real=0.02 secs] 
2020-09-29T18:20:32.125+0200: 73.845: [GC (Allocation Failure) 2020-09-29T18:20:32.125+0200: 73.845: [ParNew: 585117K->57818K(613440K), 0.0236886 secs] 604349K->77050K(2029056K), 0.0237625 secs] [Times: user=0.22 sys=0.00, real=0.02 secs] 
2020-09-29T18:20:32.197+0200: 73.917: [GC (Allocation Failure) 2020-09-29T18:20:32.197+0200: 73.917: [ParNew: 603162K->49366K(613440K), 0.0180693 secs] 622394K->68598K(2029056K), 0.0181245 secs] [Times: user=0.13 sys=0.00, real=0.02 secs] 
2020-09-29T18:20:32.264+0200: 73.984: [GC (Allocation Failure) 2020-09-29T18:20:32.264+0200: 73.984: [ParNew: 594710K->42348K(613440K), 0.0167514 secs] 613942K->61580K(2029056K), 0.0168067 secs] [Times: user=0.13 sys=0.00, real=0.02 secs] 
2020-09-29T18:20:32.330+0200: 74.050: [GC (Allocation Failure) 2020-09-29T18:20:32.330+0200: 74.050: [ParNew: 587692K->67767K(613440K), 0.0213534 secs] 606924K->86999K(2029056K), 0.0214203 secs] [Times: user=0.25 sys=0.00, real=0.02 secs] 
2020-09-29T18:20:32.398+0200: 74.118: [GC (Allocation Failure) 2020-09-29T18:20:32.399+0200: 74.118: [ParNew: 613111K->51751K(613440K), 0.0207584 secs] 632343K->70983K(2029056K), 0.0208262 secs] [Times: user=0.13 sys=0.00, real=0.02 secs] 
2020-09-29T18:20:32.467+0200: 74.187: [GC (Allocation Failure) 2020-09-29T18:20:32.467+0200: 74.187: [ParNew: 597095K->49337K(613440K), 0.0195571 secs] 616327K->68569K(2029056K), 0.0196114 secs] [Times: user=0.13 sys=0.00, real=0.02 secs] 
2020-09-29T18:20:32.534+0200: 74.254: [GC (Allocation Failure) 2020-09-29T18:20:32.534+0200: 74.254: [ParNew: 594681K->49612K(613440K), 0.0219721 secs] 613913K->68844K(2029056K), 0.0220233 secs] [Times: user=0.23 sys=0.00, real=0.02 secs] 
2020-09-29T18:20:32.606+0200: 74.326: [GC (Allocation Failure) 2020-09-29T18:20:32.606+0200: 74.326: [ParNew: 594956K->43549K(613440K), 0.0200772 secs] 614188K->62781K(2029056K), 0.0201496 secs] [Times: user=0.11 sys=0.00, real=0.02 secs] 
2020-09-29T18:20:32.675+0200: 74.394: [GC (Allocation Failure) 2020-09-29T18:20:32.675+0200: 74.394: [ParNew: 588893K->44794K(613440K), 0.0173493 secs] 608125K->64026K(2029056K), 0.0174045 secs] [Times: user=0.25 sys=0.00, real=0.02 secs] 
2020-09-29T18:20:32.746+0200: 74.465: [GC (Allocation Failure) 2020-09-29T18:20:32.746+0200: 74.465: [ParNew: 590138K->64670K(613440K), 0.0212926 secs] 609370K->83902K(2029056K), 0.0213883 secs] [Times: user=0.13 sys=0.00, real=0.02 secs] 
2020-09-29T18:20:32.814+0200: 74.534: [GC (Allocation Failure) 2020-09-29T18:20:32.815+0200: 74.534: [ParNew: 610014K->50638K(613440K), 0.0211834 secs] 629246K->69870K(2029056K), 0.0212559 secs] [Times: user=0.25 sys=0.00, real=0.02 secs] 
2020-09-29T18:20:32.884+0200: 74.604: [GC (Allocation Failure) 2020-09-29T18:20:32.884+0200: 74.604: [ParNew: 595982K->43473K(613440K), 0.0144570 secs] 615214K->62705K(2029056K), 0.0145112 secs] [Times: user=0.13 sys=0.00, real=0.01 secs] 
2020-09-29T18:20:32.949+0200: 74.668: [GC (Allocation Failure) 2020-09-29T18:20:32.949+0200: 74.668: [ParNew: 588817K->37595K(613440K), 0.0131217 secs] 608049K->56827K(2029056K), 0.0131906 secs] [Times: user=0.13 sys=0.00, real=0.01 secs] 
2020-09-29T18:20:33.014+0200: 74.734: [GC (Allocation Failure) 2020-09-29T18:20:33.015+0200: 74.734: [ParNew: 582939K->49521K(613440K), 0.0179924 secs] 602171K->68753K(2029056K), 0.0180809 secs] [Times: user=0.13 sys=0.00, real=0.02 secs] 
2020-09-29T18:20:33.086+0200: 74.806: [GC (Allocation Failure) 2020-09-29T18:20:33.086+0200: 74.806: [ParNew: 594865K->31097K(613440K), 0.0129239 secs] 614097K->50329K(2029056K), 0.0129811 secs] [Times: user=0.13 sys=0.00, real=0.01 secs] 
2020-09-29T18:20:33.152+0200: 74.871: [GC (Allocation Failure) 2020-09-29T18:20:33.152+0200: 74.871: [ParNew: 576441K->49052K(613440K), 0.0169801 secs] 595673K->68284K(2029056K), 0.0170447 secs] [Times: user=0.13 sys=0.00, real=0.02 secs] 
2020-09-29T18:20:33.218+0200: 74.938: [GC (Allocation Failure) 2020-09-29T18:20:33.218+0200: 74.938: [ParNew: 594396K->31448K(613440K), 0.0096757 secs] 613628K->50680K(2029056K), 0.0097294 secs] [Times: user=0.13 sys=0.00, real=0.01 secs] 
2020-09-29T18:20:33.281+0200: 75.000: [GC (Allocation Failure) 2020-09-29T18:20:33.281+0200: 75.000: [ParNew: 576792K->52696K(613440K), 0.0203525 secs] 596024K->71928K(2029056K), 0.0204148 secs] [Times: user=0.13 sys=0.00, real=0.02 secs] 
2020-09-29T18:20:33.349+0200: 75.069: [GC (Allocation Failure) 2020-09-29T18:20:33.349+0200: 75.069: [ParNew: 598040K->62973K(613440K), 0.0207631 secs] 617272K->82205K(2029056K), 0.0208392 secs] [Times: user=0.13 sys=0.00, real=0.02 secs] 
2020-09-29T18:20:33.417+0200: 75.137: [GC (Allocation Failure) 2020-09-29T18:20:33.417+0200: 75.137: [ParNew: 608317K->44880K(613440K), 0.0143657 secs] 627549K->64112K(2029056K), 0.0144197 secs] [Times: user=0.13 sys=0.00, real=0.01 secs] 
2020-09-29T18:20:33.485+0200: 75.205: [GC (Allocation Failure) 2020-09-29T18:20:33.485+0200: 75.205: [ParNew: 590224K->42158K(613440K), 0.0179196 secs] 609456K->61390K(2029056K), 0.0179753 secs] [Times: user=0.13 sys=0.00, real=0.02 secs] 
2020-09-29T18:20:33.552+0200: 75.272: [GC (Allocation Failure) 2020-09-29T18:20:33.552+0200: 75.272: [ParNew: 587502K->31945K(613440K), 0.0161285 secs] 606734K->51177K(2029056K), 0.0162020 secs] [Times: user=0.11 sys=0.00, real=0.02 secs] 
2020-09-29T18:20:33.626+0200: 75.346: [GC (Allocation Failure) 2020-09-29T18:20:33.626+0200: 75.346: [ParNew: 577289K->48136K(613440K), 0.0203051 secs] 596521K->67368K(2029056K), 0.0203885 secs] [Times: user=0.23 sys=0.00, real=0.02 secs] 
2020-09-29T18:20:33.697+0200: 75.417: [GC (Allocation Failure) 2020-09-29T18:20:33.697+0200: 75.417: [ParNew: 593480K->36764K(613440K), 0.0171367 secs] 612712K->55996K(2029056K), 0.0172049 secs] [Times: user=0.13 sys=0.00, real=0.02 secs] 
2020-09-29T18:20:33.761+0200: 75.481: [GC (Allocation Failure) 2020-09-29T18:20:33.761+0200: 75.481: [ParNew: 582108K->56399K(613440K), 0.0192091 secs] 601340K->75631K(2029056K), 0.0192776 secs] [Times: user=0.13 sys=0.00, real=0.02 secs] 
2020-09-29T18:20:33.827+0200: 75.547: [GC (Allocation Failure) 2020-09-29T18:20:33.827+0200: 75.547: [ParNew: 601743K->48825K(613440K), 0.0194722 secs] 620975K->68057K(2029056K), 0.0195574 secs] [Times: user=0.13 sys=0.00, real=0.02 secs] 
2020-09-29T18:20:33.897+0200: 75.617: [GC (Allocation Failure) 2020-09-29T18:20:33.897+0200: 75.617: [ParNew: 594169K->43602K(613440K), 0.0188156 secs] 613401K->62834K(2029056K), 0.0188759 secs] [Times: user=0.13 sys=0.00, real=0.02 secs] 
2020-09-29T18:20:33.962+0200: 75.682: [GC (Allocation Failure) 2020-09-29T18:20:33.962+0200: 75.682: [ParNew: 588946K->39837K(613440K), 0.0188176 secs] 608178K->59069K(2029056K), 0.0188731 secs] [Times: user=0.13 sys=0.00, real=0.02 secs] 
2020-09-29T18:20:34.031+0200: 75.751: [GC (Allocation Failure) 2020-09-29T18:20:34.031+0200: 75.751: [ParNew: 585181K->36656K(613440K), 0.0181104 secs] 604413K->55889K(2029056K), 0.0181649 secs] [Times: user=0.13 sys=0.00, real=0.02 secs] 
2020-09-29T18:20:34.096+0200: 75.816: [GC (Allocation Failure) 2020-09-29T18:20:34.096+0200: 75.816: [ParNew: 582000K->61547K(613440K), 0.0213500 secs] 601233K->80779K(2029056K), 0.0214302 secs] [Times: user=0.25 sys=0.00, real=0.02 secs] 
2020-09-29T18:20:34.165+0200: 75.885: [GC (Allocation Failure) 2020-09-29T18:20:34.165+0200: 75.885: [ParNew: 606891K->56588K(613440K), 0.0212709 secs] 626123K->75820K(2029056K), 0.0213471 secs] [Times: user=0.13 sys=0.00, real=0.02 secs] 
2020-09-29T18:20:34.233+0200: 75.953: [GC (Allocation Failure) 2020-09-29T18:20:34.233+0200: 75.953: [ParNew: 601932K->48842K(613440K), 0.0206948 secs] 621164K->68074K(2029056K), 0.0207521 secs] [Times: user=0.13 sys=0.00, real=0.02 secs] 
2020-09-29T18:20:34.304+0200: 76.024: [GC (Allocation Failure) 2020-09-29T18:20:34.304+0200: 76.024: [ParNew: 594186K->68096K(613440K), 0.0257697 secs] 613418K->88781K(2029056K), 0.0258276 secs] [Times: user=0.13 sys=0.00, real=0.03 secs] 
2020-09-29T18:20:34.379+0200: 76.099: [GC (Allocation Failure) 2020-09-29T18:20:34.379+0200: 76.099: [ParNew: 613440K->49165K(613440K), 0.0136815 secs] 634125K->69850K(2029056K), 0.0137508 secs] [Times: user=0.13 sys=0.00, real=0.01 secs] 
2020-09-29T18:20:34.441+0200: 76.161: [GC (Allocation Failure) 2020-09-29T18:20:34.441+0200: 76.161: [ParNew: 594509K->65375K(613440K), 0.0236009 secs] 615194K->86061K(2029056K), 0.0236750 secs] [Times: user=0.25 sys=0.00, real=0.02 secs] 
2020-09-29T18:20:34.512+0200: 76.232: [GC (Allocation Failure) 2020-09-29T18:20:34.512+0200: 76.232: [ParNew: 610719K->50204K(613440K), 0.0173100 secs] 631405K->70890K(2029056K), 0.0173630 secs] [Times: user=0.13 sys=0.00, real=0.02 secs] 
2020-09-29T18:20:34.580+0200: 76.300: [GC (Allocation Failure) 2020-09-29T18:20:34.580+0200: 76.300: [ParNew: 595548K->43018K(613440K), 0.0169808 secs] 616234K->63704K(2029056K), 0.0170650 secs] [Times: user=0.13 sys=0.00, real=0.02 secs] 
2020-09-29T18:20:34.647+0200: 76.367: [GC (Allocation Failure) 2020-09-29T18:20:34.647+0200: 76.367: [ParNew: 588362K->61480K(613440K), 0.0217266 secs] 609048K->82166K(2029056K), 0.0217956 secs] [Times: user=0.13 sys=0.00, real=0.02 secs] 
2020-09-29T18:20:34.733+0200: 76.453: [GC (Allocation Failure) 2020-09-29T18:20:34.733+0200: 76.453: [ParNew: 606824K->46845K(613440K), 0.0287080 secs] 627510K->67531K(2029056K), 0.0287927 secs] [Times: user=0.25 sys=0.00, real=0.03 secs] 
2020-09-29T18:20:34.809+0200: 76.529: [GC (Allocation Failure) 2020-09-29T18:20:34.809+0200: 76.529: [ParNew: 592189K->42148K(613440K), 0.0142477 secs] 612875K->62834K(2029056K), 0.0143192 secs] [Times: user=0.13 sys=0.00, real=0.01 secs] 
2020-09-29T18:20:34.870+0200: 76.590: [GC (Allocation Failure) 2020-09-29T18:20:34.870+0200: 76.590: [ParNew: 587492K->43695K(613440K), 0.0180896 secs] 608178K->64381K(2029056K), 0.0181573 secs] [Times: user=0.13 sys=0.00, real=0.02 secs] 
2020-09-29T18:20:34.938+0200: 76.658: [GC (Allocation Failure) 2020-09-29T18:20:34.938+0200: 76.658: [ParNew: 589039K->61950K(613440K), 0.0232335 secs] 609725K->82636K(2029056K), 0.0232971 secs] [Times: user=0.25 sys=0.00, real=0.02 secs] 
2020-09-29T18:20:35.009+0200: 76.729: [GC (Allocation Failure) 2020-09-29T18:20:35.009+0200: 76.729: [ParNew: 607294K->42642K(613440K), 0.0114289 secs] 627980K->63328K(2029056K), 0.0115010 secs] [Times: user=0.13 sys=0.00, real=0.01 secs] 
2020-09-29T18:20:35.069+0200: 76.789: [GC (Allocation Failure) 2020-09-29T18:20:35.070+0200: 76.789: [ParNew: 587986K->50171K(613440K), 0.0211168 secs] 608672K->70856K(2029056K), 0.0212029 secs] [Times: user=0.13 sys=0.00, real=0.02 secs] 
2020-09-29T18:20:35.139+0200: 76.859: [GC (Allocation Failure) 2020-09-29T18:20:35.139+0200: 76.859: [ParNew: 595515K->29680K(613440K), 0.0107633 secs] 616200K->50366K(2029056K), 0.0108442 secs] [Times: user=0.13 sys=0.00, real=0.01 secs] 
2020-09-29T18:20:35.205+0200: 76.925: [GC (Allocation Failure) 2020-09-29T18:20:35.205+0200: 76.925: [ParNew: 575024K->45557K(613440K), 0.0197710 secs] 595710K->66242K(2029056K), 0.0198606 secs] [Times: user=0.23 sys=0.00, real=0.02 secs] 
2020-09-29T18:20:35.283+0200: 77.003: [GC (Allocation Failure) 2020-09-29T18:20:35.283+0200: 77.003: [ParNew: 590901K->57763K(613440K), 0.0192407 secs] 611586K->78448K(2029056K), 0.0193040 secs] [Times: user=0.23 sys=0.00, real=0.02 secs] 
2020-09-29T18:20:35.349+0200: 77.069: [GC (Allocation Failure) 2020-09-29T18:20:35.349+0200: 77.070: [ParNew: 603107K->41704K(613440K), 0.0169126 secs] 623792K->62390K(2029056K), 0.0169728 secs] [Times: user=0.13 sys=0.00, real=0.02 secs] 
2020-09-29T18:20:35.415+0200: 77.135: [GC (Allocation Failure) 2020-09-29T18:20:35.415+0200: 77.135: [ParNew: 587048K->37886K(613440K), 0.0165430 secs] 607734K->58572K(2029056K), 0.0166047 secs] [Times: user=0.13 sys=0.00, real=0.02 secs] 
2020-09-29T18:20:35.481+0200: 77.201: [GC (Allocation Failure) 2020-09-29T18:20:35.481+0200: 77.201: [ParNew: 583230K->59970K(613440K), 0.0202059 secs] 603916K->80656K(2029056K), 0.0203368 secs] [Times: user=0.13 sys=0.00, real=0.02 secs] 
2020-09-29T18:20:35.550+0200: 77.270: [GC (Allocation Failure) 2020-09-29T18:20:35.550+0200: 77.270: [ParNew: 605314K->50059K(613440K), 0.0201275 secs] 626000K->70745K(2029056K), 0.0201894 secs] [Times: user=0.25 sys=0.00, real=0.02 secs] 
2020-09-29T18:20:35.622+0200: 77.342: [GC (Allocation Failure) 2020-09-29T18:20:35.622+0200: 77.342: [ParNew: 595403K->34141K(613440K), 0.0087100 secs] 616089K->54827K(2029056K), 0.0087820 secs] [Times: user=0.11 sys=0.00, real=0.01 secs] 
2020-09-29T18:20:35.685+0200: 77.405: [GC (Allocation Failure) 2020-09-29T18:20:35.685+0200: 77.405: [ParNew: 579485K->28292K(613440K), 0.0125503 secs] 600171K->48977K(2029056K), 0.0126299 secs] [Times: user=0.13 sys=0.00, real=0.01 secs] 
2020-09-29T18:20:35.749+0200: 77.469: [GC (Allocation Failure) 2020-09-29T18:20:35.749+0200: 77.469: [ParNew: 573636K->50994K(613440K), 0.0221952 secs] 594321K->71680K(2029056K), 0.0222976 secs] [Times: user=0.25 sys=0.00, real=0.02 secs] 
2020-09-29T18:20:35.819+0200: 77.539: [GC (Allocation Failure) 2020-09-29T18:20:35.819+0200: 77.539: [ParNew: 596338K->38999K(613440K), 0.0165870 secs] 617024K->59685K(2029056K), 0.0166475 secs] [Times: user=0.13 sys=0.00, real=0.02 secs] 
2020-09-29T18:20:35.888+0200: 77.608: [GC (Allocation Failure) 2020-09-29T18:20:35.888+0200: 77.608: [ParNew: 584343K->37686K(613440K), 0.0139918 secs] 605029K->58372K(2029056K), 0.0140480 secs] [Times: user=0.13 sys=0.00, real=0.01 secs] 
2020-09-29T18:20:35.950+0200: 77.670: [GC (Allocation Failure) 2020-09-29T18:20:35.950+0200: 77.670: [ParNew: 583030K->54969K(613440K), 0.0184226 secs] 603716K->75655K(2029056K), 0.0184774 secs] [Times: user=0.13 sys=0.00, real=0.02 secs] 
2020-09-29T18:20:36.017+0200: 77.737: [GC (Allocation Failure) 2020-09-29T18:20:36.017+0200: 77.737: [ParNew: 600313K->42082K(613440K), 0.0184720 secs] 620999K->62768K(2029056K), 0.0185399 secs] [Times: user=0.25 sys=0.00, real=0.02 secs] 
2020-09-29T18:20:36.083+0200: 77.803: [GC (Allocation Failure) 2020-09-29T18:20:36.083+0200: 77.803: [ParNew: 587426K->41322K(613440K), 0.0174433 secs] 608112K->62008K(2029056K), 0.0175167 secs] [Times: user=0.13 sys=0.00, real=0.02 secs] 
2020-09-29T18:20:36.149+0200: 77.869: [GC (Allocation Failure) 2020-09-29T18:20:36.149+0200: 77.869: [ParNew: 586666K->31276K(613440K), 0.0101900 secs] 607352K->51962K(2029056K), 0.0102402 secs] [Times: user=0.00 sys=0.00, real=0.01 secs] 
2020-09-29T18:20:36.206+0200: 77.925: [GC (Allocation Failure) 2020-09-29T18:20:36.206+0200: 77.925: [ParNew: 576620K->32637K(613440K), 0.0133895 secs] 597306K->53322K(2029056K), 0.0134586 secs] [Times: user=0.13 sys=0.00, real=0.01 secs] 
2020-09-29T18:20:36.273+0200: 77.993: [GC (Allocation Failure) 2020-09-29T18:20:36.273+0200: 77.993: [ParNew: 577981K->59806K(613440K), 0.0262810 secs] 598666K->80492K(2029056K), 0.0263608 secs] [Times: user=0.11 sys=0.00, real=0.03 secs] 
2020-09-29T18:20:36.347+0200: 78.067: [GC (Allocation Failure) 2020-09-29T18:20:36.347+0200: 78.067: [ParNew: 605150K->47962K(613440K), 0.0183921 secs] 625836K->68648K(2029056K), 0.0184775 secs] [Times: user=0.25 sys=0.00, real=0.02 secs] 
2020-09-29T18:20:36.414+0200: 78.134: [GC (Allocation Failure) 2020-09-29T18:20:36.414+0200: 78.134: [ParNew: 593306K->40531K(613440K), 0.0176203 secs] 613992K->61217K(2029056K), 0.0177007 secs] [Times: user=0.13 sys=0.00, real=0.02 secs] 
2020-09-29T18:20:36.477+0200: 78.198: [GC (Allocation Failure) 2020-09-29T18:20:36.481+0200: 78.200: [ParNew: 585875K->38749K(613440K), 0.0177418 secs] 606561K->59434K(2029056K), 0.0205404 secs] [Times: user=0.13 sys=0.00, real=0.02 secs] 
2020-09-29T18:20:36.547+0200: 78.267: [GC (Allocation Failure) 2020-09-29T18:20:36.547+0200: 78.267: [ParNew: 584093K->60398K(613440K), 0.0209344 secs] 604778K->81083K(2029056K), 0.0210187 secs] [Times: user=0.25 sys=0.00, real=0.02 secs] 
2020-09-29T18:20:36.617+0200: 78.337: [GC (Allocation Failure) 2020-09-29T18:20:36.617+0200: 78.337: [ParNew: 605742K->68096K(613440K), 0.0217985 secs] 626427K->88781K(2029056K), 0.0218990 secs] [Times: user=0.11 sys=0.00, real=0.02 secs] 
2020-09-29T18:20:36.687+0200: 78.407: [GC (Allocation Failure) 2020-09-29T18:20:36.687+0200: 78.407: [ParNew: 613440K->28670K(613440K), 0.0152786 secs] 634125K->49356K(2029056K), 0.0153948 secs] [Times: user=0.13 sys=0.00, real=0.02 secs] 
2020-09-29T18:20:36.757+0200: 78.477: [GC (Allocation Failure) 2020-09-29T18:20:36.757+0200: 78.477: [ParNew: 574014K->53339K(613440K), 0.0183332 secs] 594700K->74025K(2029056K), 0.0184047 secs] [Times: user=0.13 sys=0.00, real=0.02 secs] 
2020-09-29T18:20:36.823+0200: 78.543: [GC (Allocation Failure) 2020-09-29T18:20:36.823+0200: 78.543: [ParNew: 598683K->40155K(613440K), 0.0177936 secs] 619369K->60841K(2029056K), 0.0178512 secs] [Times: user=0.13 sys=0.00, real=0.02 secs] 
2020-09-29T18:20:36.889+0200: 78.609: [GC (Allocation Failure) 2020-09-29T18:20:36.889+0200: 78.609: [ParNew: 585499K->38768K(613440K), 0.0152985 secs] 606185K->59453K(2029056K), 0.0153556 secs] [Times: user=0.13 sys=0.00, real=0.02 secs] 
2020-09-29T18:20:36.953+0200: 78.672: [GC (Allocation Failure) 2020-09-29T18:20:36.953+0200: 78.672: [ParNew: 584112K->34108K(613440K), 0.0143925 secs] 604797K->54794K(2029056K), 0.0144511 secs] [Times: user=0.13 sys=0.00, real=0.01 secs] 
2020-09-29T18:20:37.022+0200: 78.742: [GC (Allocation Failure) 2020-09-29T18:20:37.022+0200: 78.742: [ParNew: 579452K->56024K(613440K), 0.0190625 secs] 600138K->76710K(2029056K), 0.0191219 secs] [Times: user=0.13 sys=0.00, real=0.02 secs] 
2020-09-29T18:20:37.090+0200: 78.810: [GC (Allocation Failure) 2020-09-29T18:20:37.090+0200: 78.810: [ParNew: 601368K->38408K(613440K), 0.0134979 secs] 622054K->59094K(2029056K), 0.0135568 secs] [Times: user=0.13 sys=0.00, real=0.01 secs] 
2020-09-29T18:20:37.157+0200: 78.877: [GC (Allocation Failure) 2020-09-29T18:20:37.157+0200: 78.877: [ParNew: 583752K->37396K(613440K), 0.0172862 secs] 604438K->58082K(2029056K), 0.0173431 secs] [Times: user=0.13 sys=0.00, real=0.02 secs] 
2020-09-29T18:20:37.223+0200: 78.943: [GC (Allocation Failure) 2020-09-29T18:20:37.223+0200: 78.943: [ParNew: 582740K->49811K(613440K), 0.0174713 secs] 603426K->70496K(2029056K), 0.0175287 secs] [Times: user=0.16 sys=0.00, real=0.02 secs] 
2020-09-29T18:20:37.292+0200: 79.012: [GC (Allocation Failure) 2020-09-29T18:20:37.292+0200: 79.012: [ParNew: 595155K->68096K(613440K), 0.0258157 secs] 615840K->88929K(2029056K), 0.0258687 secs] [Times: user=0.25 sys=0.00, real=0.03 secs] 
2020-09-29T18:20:37.365+0200: 79.085: [GC (Allocation Failure) 2020-09-29T18:20:37.365+0200: 79.085: [ParNew: 613440K->52722K(613440K), 0.0203446 secs] 634273K->73556K(2029056K), 0.0204081 secs] [Times: user=0.13 sys=0.00, real=0.02 secs] 
2020-09-29T18:20:37.433+0200: 79.153: [GC (Allocation Failure) 2020-09-29T18:20:37.433+0200: 79.153: [ParNew: 598066K->48596K(613440K), 0.0195318 secs] 618900K->69429K(2029056K), 0.0195887 secs] [Times: user=0.13 sys=0.00, real=0.02 secs] 
2020-09-29T18:20:37.506+0200: 79.225: [GC (Allocation Failure) 2020-09-29T18:20:37.506+0200: 79.225: [ParNew: 593940K->46633K(613440K), 0.0194656 secs] 614773K->67467K(2029056K), 0.0195274 secs] [Times: user=0.13 sys=0.00, real=0.02 secs] 
2020-09-29T18:20:37.572+0200: 79.292: [GC (Allocation Failure) 2020-09-29T18:20:37.572+0200: 79.292: [ParNew: 591977K->41275K(613440K), 0.0139853 secs] 612811K->62109K(2029056K), 0.0140415 secs] [Times: user=0.11 sys=0.00, real=0.01 secs] 
2020-09-29T18:20:37.641+0200: 79.361: [GC (Allocation Failure) 2020-09-29T18:20:37.641+0200: 79.361: [ParNew: 586619K->38944K(613440K), 0.0180866 secs] 607453K->59777K(2029056K), 0.0181408 secs] [Times: user=0.13 sys=0.00, real=0.02 secs] 
2020-09-29T18:20:37.707+0200: 79.427: [GC (Allocation Failure) 2020-09-29T18:20:37.707+0200: 79.427: [ParNew: 584288K->40335K(613440K), 0.0185319 secs] 605121K->61168K(2029056K), 0.0185871 secs] [Times: user=0.23 sys=0.00, real=0.02 secs] 
2020-09-29T18:20:37.773+0200: 79.493: [GC (Allocation Failure) 2020-09-29T18:20:37.773+0200: 79.493: [ParNew: 585679K->36307K(613440K), 0.0144120 secs] 606512K->57141K(2029056K), 0.0144726 secs] [Times: user=0.13 sys=0.00, real=0.02 secs] 
2020-09-29T18:20:37.839+0200: 79.559: [GC (Allocation Failure) 2020-09-29T18:20:37.839+0200: 79.559: [ParNew: 581651K->32448K(613440K), 0.0137089 secs] 602485K->53282K(2029056K), 0.0137822 secs] [Times: user=0.13 sys=0.00, real=0.01 secs] 
2020-09-29T18:20:37.906+0200: 79.626: [GC (Allocation Failure) 2020-09-29T18:20:37.906+0200: 79.626: [ParNew: 577792K->51844K(613440K), 0.0177663 secs] 598626K->72677K(2029056K), 0.0178207 secs] [Times: user=0.13 sys=0.00, real=0.02 secs] 
2020-09-29T18:20:37.977+0200: 79.697: [GC (Allocation Failure) 2020-09-29T18:20:37.977+0200: 79.697: [ParNew: 597188K->43750K(613440K), 0.0185752 secs] 618021K->64584K(2029056K), 0.0186326 secs] [Times: user=0.13 sys=0.00, real=0.02 secs] 
2020-09-29T18:20:38.043+0200: 79.763: [GC (Allocation Failure) 2020-09-29T18:20:38.043+0200: 79.763: [ParNew: 589094K->68096K(613440K), 0.0216964 secs] 609928K->88929K(2029056K), 0.0217888 secs] [Times: user=0.13 sys=0.00, real=0.02 secs] 
2020-09-29T18:20:38.115+0200: 79.835: [GC (Allocation Failure) 2020-09-29T18:20:38.115+0200: 79.835: [ParNew: 613440K->59337K(613440K), 0.0212469 secs] 634273K->80170K(2029056K), 0.0213136 secs] [Times: user=0.13 sys=0.00, real=0.02 secs] 
2020-09-29T18:20:38.184+0200: 79.904: [GC (Allocation Failure) 2020-09-29T18:20:38.184+0200: 79.904: [ParNew: 604681K->50511K(613440K), 0.0219488 secs] 625514K->71344K(2029056K), 0.0220157 secs] [Times: user=0.13 sys=0.00, real=0.02 secs] 
2020-09-29T18:20:38.254+0200: 79.974: [GC (Allocation Failure) 2020-09-29T18:20:38.254+0200: 79.974: [ParNew: 595855K->49349K(613440K), 0.0207267 secs] 616688K->70183K(2029056K), 0.0207848 secs] [Times: user=0.25 sys=0.00, real=0.02 secs] 
2020-09-29T18:20:38.322+0200: 80.042: [GC (Allocation Failure) 2020-09-29T18:20:38.322+0200: 80.042: [ParNew: 594693K->41348K(613440K), 0.0137037 secs] 615527K->62181K(2029056K), 0.0137640 secs] [Times: user=0.13 sys=0.00, real=0.01 secs] 
2020-09-29T18:20:38.385+0200: 80.105: [GC (Allocation Failure) 2020-09-29T18:20:38.385+0200: 80.105: [ParNew: 586692K->42946K(613440K), 0.0183010 secs] 607525K->63780K(2029056K), 0.0183708 secs] [Times: user=0.13 sys=0.00, real=0.02 secs] 
2020-09-29T18:20:38.454+0200: 80.173: [GC (Allocation Failure) 2020-09-29T18:20:38.454+0200: 80.173: [ParNew: 588290K->66608K(613440K), 0.0228309 secs] 609124K->87441K(2029056K), 0.0229222 secs] [Times: user=0.25 sys=0.00, real=0.02 secs] 
2020-09-29T18:20:38.524+0200: 80.244: [GC (Allocation Failure) 2020-09-29T18:20:38.524+0200: 80.244: [ParNew: 611952K->68096K(613440K), 0.0227737 secs] 632785K->89002K(2029056K), 0.0228301 secs] [Times: user=0.13 sys=0.00, real=0.02 secs] 
2020-09-29T18:20:38.595+0200: 80.315: [GC (Allocation Failure) 2020-09-29T18:20:38.595+0200: 80.315: [ParNew: 613440K->42057K(613440K), 0.0110388 secs] 634346K->62963K(2029056K), 0.0110933 secs] [Times: user=0.11 sys=0.00, real=0.01 secs] 
2020-09-29T18:20:38.660+0200: 80.380: [GC (Allocation Failure) 2020-09-29T18:20:38.660+0200: 80.380: [ParNew: 587401K->32871K(613440K), 0.0161034 secs] 608307K->53777K(2029056K), 0.0161603 secs] [Times: user=0.13 sys=0.00, real=0.02 secs] 
2020-09-29T18:20:38.723+0200: 80.442: [GC (Allocation Failure) 2020-09-29T18:20:38.723+0200: 80.443: [ParNew: 578215K->28158K(613440K), 0.0138602 secs] 599121K->49064K(2029056K), 0.0139284 secs] [Times: user=0.13 sys=0.00, real=0.01 secs] 
2020-09-29T18:20:38.789+0200: 80.508: [GC (Allocation Failure) 2020-09-29T18:20:38.789+0200: 80.508: [ParNew: 573502K->67066K(613440K), 0.0240183 secs] 594408K->87972K(2029056K), 0.0240751 secs] [Times: user=0.13 sys=0.00, real=0.02 secs] 
2020-09-29T18:20:38.859+0200: 80.579: [GC (Allocation Failure) 2020-09-29T18:20:38.859+0200: 80.579: [ParNew: 612410K->53321K(613440K), 0.0179616 secs] 633316K->74227K(2029056K), 0.0180367 secs] [Times: user=0.13 sys=0.00, real=0.02 secs] 
2020-09-29T18:20:38.924+0200: 80.644: [GC (Allocation Failure) 2020-09-29T18:20:38.924+0200: 80.644: [ParNew: 598665K->38638K(613440K), 0.0108240 secs] 619571K->59544K(2029056K), 0.0108831 secs] [Times: user=0.13 sys=0.00, real=0.01 secs] 
2020-09-29T18:20:38.982+0200: 80.702: [GC (Allocation Failure) 2020-09-29T18:20:38.982+0200: 80.702: [ParNew: 583982K->37049K(613440K), 0.0174817 secs] 604888K->57955K(2029056K), 0.0175433 secs] [Times: user=0.13 sys=0.00, real=0.02 secs] 
2020-09-29T18:20:39.052+0200: 80.772: [GC (Allocation Failure) 2020-09-29T18:20:39.052+0200: 80.772: [ParNew: 582393K->49975K(613440K), 0.0209604 secs] 603299K->70881K(2029056K), 0.0210254 secs] [Times: user=0.13 sys=0.00, real=0.02 secs] 
2020-09-29T18:20:39.121+0200: 80.841: [GC (Allocation Failure) 2020-09-29T18:20:39.121+0200: 80.841: [ParNew: 595319K->49468K(613440K), 0.0198835 secs] 616225K->70374K(2029056K), 0.0199599 secs] [Times: user=0.13 sys=0.00, real=0.02 secs] 
2020-09-29T18:20:39.187+0200: 80.907: [GC (Allocation Failure) 2020-09-29T18:20:39.187+0200: 80.907: [ParNew: 594812K->51277K(613440K), 0.0192952 secs] 615718K->72183K(2029056K), 0.0262084 secs] [Times: user=0.13 sys=0.00, real=0.03 secs] 
2020-09-29T18:20:39.260+0200: 80.980: [GC (Allocation Failure) 2020-09-29T18:20:39.260+0200: 80.980: [ParNew: 596621K->48611K(613440K), 0.0182088 secs] 617527K->69517K(2029056K), 0.0182847 secs] [Times: user=0.13 sys=0.00, real=0.02 secs] 
2020-09-29T18:20:39.330+0200: 81.050: [GC (Allocation Failure) 2020-09-29T18:20:39.330+0200: 81.050: [ParNew: 593955K->44379K(613440K), 0.0175195 secs] 614861K->65285K(2029056K), 0.0175812 secs] [Times: user=0.11 sys=0.00, real=0.02 secs] 
2020-09-29T18:20:39.397+0200: 81.116: [GC (Allocation Failure) 2020-09-29T18:20:39.397+0200: 81.116: [ParNew: 589723K->39342K(613440K), 0.0169716 secs] 610629K->60248K(2029056K), 0.0170452 secs] [Times: user=0.13 sys=0.00, real=0.02 secs] 
2020-09-29T18:20:39.460+0200: 81.180: [GC (Allocation Failure) 2020-09-29T18:20:39.460+0200: 81.180: [ParNew: 584686K->31641K(613440K), 0.0098995 secs] 605592K->52547K(2029056K), 0.0099618 secs] [Times: user=0.00 sys=0.00, real=0.01 secs] 
2020-09-29T18:20:39.522+0200: 81.242: [GC (Allocation Failure) 2020-09-29T18:20:39.522+0200: 81.242: [ParNew: 576985K->48277K(613440K), 0.0192409 secs] 597891K->69183K(2029056K), 0.0193000 secs] [Times: user=0.13 sys=0.00, real=0.02 secs] 
2020-09-29T18:20:39.594+0200: 81.313: [GC (Allocation Failure) 2020-09-29T18:20:39.594+0200: 81.313: [ParNew: 593621K->63111K(613440K), 0.0250449 secs] 614527K->84017K(2029056K), 0.0251006 secs] [Times: user=0.23 sys=0.00, real=0.02 secs] 
2020-09-29T18:20:39.667+0200: 81.387: [GC (Allocation Failure) 2020-09-29T18:20:39.667+0200: 81.387: [ParNew: 608455K->55692K(613440K), 0.0186731 secs] 629361K->76599K(2029056K), 0.0187464 secs] [Times: user=0.13 sys=0.00, real=0.02 secs] 
2020-09-29T18:20:39.734+0200: 81.454: [GC (Allocation Failure) 2020-09-29T18:20:39.735+0200: 81.454: [ParNew: 601036K->47004K(613440K), 0.0173090 secs] 621943K->67910K(2029056K), 0.0173731 secs] [Times: user=0.13 sys=0.00, real=0.02 secs] 
2020-09-29T18:20:39.802+0200: 81.522: [GC (Allocation Failure) 2020-09-29T18:20:39.802+0200: 81.522: [ParNew: 592348K->38604K(613440K), 0.0165601 secs] 613254K->59510K(2029056K), 0.0166310 secs] [Times: user=0.13 sys=0.00, real=0.02 secs] 
2020-09-29T18:20:39.866+0200: 81.585: [GC (Allocation Failure) 2020-09-29T18:20:39.866+0200: 81.586: [ParNew: 583948K->58449K(613440K), 0.0199186 secs] 604854K->79355K(2029056K), 0.0199791 secs] [Times: user=0.13 sys=0.00, real=0.02 secs] 
2020-09-29T18:20:39.933+0200: 81.653: [GC (Allocation Failure) 2020-09-29T18:20:39.933+0200: 81.653: [ParNew: 603793K->45897K(613440K), 0.0193194 secs] 624699K->66803K(2029056K), 0.0193736 secs] [Times: user=0.13 sys=0.00, real=0.02 secs] 
2020-09-29T18:20:40.001+0200: 81.721: [GC (Allocation Failure) 2020-09-29T18:20:40.001+0200: 81.721: [ParNew: 591241K->47253K(613440K), 0.0188582 secs] 612147K->68159K(2029056K), 0.0189141 secs] [Times: user=0.23 sys=0.00, real=0.02 secs] 
2020-09-29T18:20:40.067+0200: 81.787: [GC (Allocation Failure) 2020-09-29T18:20:40.067+0200: 81.787: [ParNew: 592597K->40962K(613440K), 0.0135362 secs] 613503K->61868K(2029056K), 0.0135963 secs] [Times: user=0.00 sys=0.00, real=0.01 secs] 
2020-09-29T18:20:40.132+0200: 81.852: [GC (Allocation Failure) 2020-09-29T18:20:40.133+0200: 81.852: [ParNew: 586306K->40531K(613440K), 0.0175595 secs] 607212K->61437K(2029056K), 0.0176292 secs] [Times: user=0.13 sys=0.00, real=0.02 secs] 
2020-09-29T18:20:40.197+0200: 81.917: [GC (Allocation Failure) 2020-09-29T18:20:40.198+0200: 81.917: [ParNew: 585875K->49472K(613440K), 0.0173916 secs] 606781K->70378K(2029056K), 0.0174651 secs] [Times: user=0.13 sys=0.00, real=0.02 secs] 
2020-09-29T18:20:40.264+0200: 81.983: [GC (Allocation Failure) 2020-09-29T18:20:40.264+0200: 81.983: [ParNew: 594816K->39488K(613440K), 0.0152837 secs] 615722K->60394K(2029056K), 0.0153929 secs] [Times: user=0.13 sys=0.00, real=0.02 secs] 
2020-09-29T18:20:40.330+0200: 82.050: [GC (Allocation Failure) 2020-09-29T18:20:40.330+0200: 82.050: [ParNew: 584832K->56489K(613440K), 0.0200183 secs] 605738K->77395K(2029056K), 0.0200952 secs] [Times: user=0.25 sys=0.00, real=0.02 secs] 
2020-09-29T18:20:40.397+0200: 82.117: [GC (Allocation Failure) 2020-09-29T18:20:40.397+0200: 82.117: [ParNew: 601833K->38902K(613440K), 0.0118636 secs] 622739K->59808K(2029056K), 0.0119195 secs] [Times: user=0.00 sys=0.00, real=0.01 secs] 
2020-09-29T18:20:40.459+0200: 82.179: [GC (Allocation Failure) 2020-09-29T18:20:40.459+0200: 82.179: [ParNew: 584246K->39037K(613440K), 0.0174490 secs] 605152K->59943K(2029056K), 0.0175074 secs] [Times: user=0.13 sys=0.00, real=0.02 secs] 
2020-09-29T18:20:40.524+0200: 82.244: [GC (Allocation Failure) 2020-09-29T18:20:40.524+0200: 82.244: [ParNew: 584381K->36012K(613440K), 0.0157988 secs] 605287K->56918K(2029056K), 0.0158542 secs] [Times: user=0.13 sys=0.00, real=0.02 secs] 
2020-09-29T18:20:40.593+0200: 82.313: [GC (Allocation Failure) 2020-09-29T18:20:40.593+0200: 82.313: [ParNew: 581356K->50098K(613440K), 0.0222475 secs] 602262K->71004K(2029056K), 0.0223492 secs] [Times: user=0.22 sys=0.00, real=0.02 secs] 
2020-09-29T18:20:40.667+0200: 82.387: [GC (Allocation Failure) 2020-09-29T18:20:40.667+0200: 82.387: [ParNew: 595442K->50472K(613440K), 0.0228454 secs] 616348K->71378K(2029056K), 0.0229083 secs] [Times: user=0.13 sys=0.00, real=0.02 secs] 
2020-09-29T18:20:40.739+0200: 82.459: [GC (Allocation Failure) 2020-09-29T18:20:40.739+0200: 82.459: [ParNew: 595816K->47190K(613440K), 0.0203126 secs] 616722K->68096K(2029056K), 0.0203737 secs] [Times: user=0.13 sys=0.00, real=0.02 secs] 
2020-09-29T18:20:40.811+0200: 82.531: [GC (Allocation Failure) 2020-09-29T18:20:40.811+0200: 82.531: [ParNew: 592534K->42499K(613440K), 0.0180129 secs] 613440K->63406K(2029056K), 0.0180754 secs] [Times: user=0.13 sys=0.00, real=0.02 secs] 
2020-09-29T18:20:40.888+0200: 82.608: [GC (Allocation Failure) 2020-09-29T18:20:40.888+0200: 82.608: [ParNew: 587843K->38469K(613440K), 0.0112832 secs] 608750K->59375K(2029056K), 0.0113472 secs] [Times: user=0.13 sys=0.00, real=0.01 secs] 
2020-09-29T18:20:40.953+0200: 82.672: [GC (Allocation Failure) 2020-09-29T18:20:40.953+0200: 82.672: [ParNew: 583813K->49675K(613440K), 0.0222604 secs] 604719K->70581K(2029056K), 0.0223126 secs] [Times: user=0.25 sys=0.00, real=0.02 secs] 
2020-09-29T18:20:41.022+0200: 82.742: [GC (Allocation Failure) 2020-09-29T18:20:41.022+0200: 82.742: [ParNew: 595019K->39377K(613440K), 0.0156600 secs] 615925K->60283K(2029056K), 0.0157134 secs] [Times: user=0.13 sys=0.00, real=0.01 secs] 
2020-09-29T18:20:41.088+0200: 82.808: [GC (Allocation Failure) 2020-09-29T18:20:41.088+0200: 82.808: [ParNew: 584721K->58620K(613440K), 0.0207438 secs] 605627K->79526K(2029056K), 0.0208189 secs] [Times: user=0.13 sys=0.00, real=0.02 secs] 
2020-09-29T18:20:41.155+0200: 82.875: [GC (Allocation Failure) 2020-09-29T18:20:41.155+0200: 82.875: [ParNew: 603964K->47996K(613440K), 0.0202105 secs] 624870K->68902K(2029056K), 0.0202792 secs] [Times: user=0.13 sys=0.00, real=0.02 secs] 
2020-09-29T18:20:41.224+0200: 82.944: [GC (Allocation Failure) 2020-09-29T18:20:41.225+0200: 82.944: [ParNew: 593340K->42589K(613440K), 0.0199265 secs] 614246K->63495K(2029056K), 0.0200018 secs] [Times: user=0.13 sys=0.00, real=0.02 secs] 
2020-09-29T18:20:41.293+0200: 83.012: [GC (Allocation Failure) 2020-09-29T18:20:41.293+0200: 83.012: [ParNew: 587933K->42338K(613440K), 0.0131309 secs] 608839K->63245K(2029056K), 0.0131987 secs] [Times: user=0.13 sys=0.00, real=0.01 secs] 
2020-09-29T18:20:41.358+0200: 83.078: [GC (Allocation Failure) 2020-09-29T18:20:41.358+0200: 83.078: [ParNew: 587682K->37816K(613440K), 0.0177221 secs] 608589K->58722K(2029056K), 0.0177996 secs] [Times: user=0.13 sys=0.00, real=0.02 secs] 
2020-09-29T18:20:41.423+0200: 83.142: [GC (Allocation Failure) 2020-09-29T18:20:41.423+0200: 83.142: [ParNew: 583160K->53529K(613440K), 0.0168782 secs] 604066K->74435K(2029056K), 0.0169381 secs] [Times: user=0.13 sys=0.00, real=0.02 secs] 
2020-09-29T18:20:41.487+0200: 83.206: [GC (Allocation Failure) 2020-09-29T18:20:41.487+0200: 83.207: [ParNew: 598873K->22036K(613440K), 0.0106877 secs] 619779K->42942K(2029056K), 0.0107425 secs] [Times: user=0.11 sys=0.00, real=0.01 secs] 
2020-09-29T18:20:41.553+0200: 83.273: [GC (Allocation Failure) 2020-09-29T18:20:41.553+0200: 83.273: [ParNew: 567380K->17397K(613440K), 0.0082203 secs] 588286K->38303K(2029056K), 0.0082757 secs] [Times: user=0.00 sys=0.00, real=0.01 secs] 
2020-09-29T18:20:41.613+0200: 83.332: [GC (Allocation Failure) 2020-09-29T18:20:41.613+0200: 83.332: [ParNew: 562741K->23254K(613440K), 0.0137332 secs] 583647K->44160K(2029056K), 0.0137897 secs] [Times: user=0.13 sys=0.00, real=0.01 secs] 
2020-09-29T18:20:41.675+0200: 83.395: [GC (Allocation Failure) 2020-09-29T18:20:41.675+0200: 83.395: [ParNew: 568598K->21543K(613440K), 0.0112236 secs] 589504K->42449K(2029056K), 0.0112848 secs] [Times: user=0.11 sys=0.00, real=0.01 secs] 
2020-09-29T18:20:41.737+0200: 83.457: [GC (Allocation Failure) 2020-09-29T18:20:41.737+0200: 83.457: [ParNew: 566887K->47649K(613440K), 0.0220905 secs] 587793K->68555K(2029056K), 0.0221679 secs] [Times: user=0.25 sys=0.00, real=0.02 secs] 
2020-09-29T18:20:41.804+0200: 83.524: [GC (Allocation Failure) 2020-09-29T18:20:41.805+0200: 83.524: [ParNew: 592993K->36862K(613440K), 0.0153353 secs] 613899K->57769K(2029056K), 0.0153969 secs] [Times: user=0.13 sys=0.00, real=0.02 secs] 
2020-09-29T18:20:41.870+0200: 83.590: [GC (Allocation Failure) 2020-09-29T18:20:41.870+0200: 83.590: [ParNew: 582206K->33775K(613440K), 0.0144410 secs] 603113K->54681K(2029056K), 0.0144975 secs] [Times: user=0.13 sys=0.00, real=0.02 secs] 
2020-09-29T18:20:41.931+0200: 83.651: [GC (Allocation Failure) 2020-09-29T18:20:41.931+0200: 83.651: [ParNew: 579119K->29991K(613440K), 0.0141014 secs] 600025K->50897K(2029056K), 0.0141750 secs] [Times: user=0.13 sys=0.00, real=0.01 secs] 
2020-09-29T18:20:41.994+0200: 83.714: [GC (Allocation Failure) 2020-09-29T18:20:41.994+0200: 83.714: [ParNew: 575335K->50754K(613440K), 0.0187863 secs] 596241K->71660K(2029056K), 0.0188600 secs] [Times: user=0.13 sys=0.00, real=0.02 secs] 
2020-09-29T18:20:42.058+0200: 83.778: [GC (Allocation Failure) 2020-09-29T18:20:42.058+0200: 83.778: [ParNew: 596098K->35317K(613440K), 0.0114341 secs] 617004K->56223K(2029056K), 0.0114887 secs] [Times: user=0.13 sys=0.00, real=0.01 secs] 
2020-09-29T18:20:42.119+0200: 83.839: [GC (Allocation Failure) 2020-09-29T18:20:42.119+0200: 83.839: [ParNew: 580661K->36842K(613440K), 0.0167741 secs] 601567K->57748K(2029056K), 0.0168355 secs] [Times: user=0.13 sys=0.00, real=0.02 secs] 
2020-09-29T18:20:42.184+0200: 83.904: [GC (Allocation Failure) 2020-09-29T18:20:42.185+0200: 83.905: [ParNew: 582186K->49735K(613440K), 0.0164535 secs] 603092K->70641K(2029056K), 0.0165200 secs] [Times: user=0.13 sys=0.00, real=0.02 secs] 
2020-09-29T18:20:42.249+0200: 83.969: [GC (Allocation Failure) 2020-09-29T18:20:42.249+0200: 83.969: [ParNew: 595079K->35853K(613440K), 0.0157112 secs] 615985K->56759K(2029056K), 0.0157833 secs] [Times: user=0.13 sys=0.00, real=0.02 secs] 
2020-09-29T18:20:42.315+0200: 84.035: [GC (Allocation Failure) 2020-09-29T18:20:42.315+0200: 84.035: [ParNew: 581197K->49537K(613440K), 0.0202677 secs] 602103K->70443K(2029056K), 0.0203506 secs] [Times: user=0.25 sys=0.00, real=0.02 secs] 
2020-09-29T18:20:42.385+0200: 84.105: [GC (Allocation Failure) 2020-09-29T18:20:42.385+0200: 84.105: [ParNew: 594881K->42712K(613440K), 0.0143038 secs] 615787K->63618K(2029056K), 0.0143554 secs] [Times: user=0.13 sys=0.00, real=0.01 secs] 
2020-09-29T18:20:42.447+0200: 84.167: [GC (Allocation Failure) 2020-09-29T18:20:42.447+0200: 84.167: [ParNew: 588056K->17689K(613440K), 0.0083189 secs] 608962K->38596K(2029056K), 0.0083729 secs] [Times: user=0.00 sys=0.00, real=0.01 secs] 
2020-09-29T18:20:42.502+0200: 84.222: [GC (Allocation Failure) 2020-09-29T18:20:42.502+0200: 84.222: [ParNew: 563033K->20519K(613440K), 0.0112632 secs] 583940K->41425K(2029056K), 0.0113162 secs] [Times: user=0.13 sys=0.00, real=0.01 secs] 
2020-09-29T18:20:42.559+0200: 84.279: [GC (Allocation Failure) 2020-09-29T18:20:42.559+0200: 84.279: [ParNew: 565863K->35281K(613440K), 0.0178498 secs] 586769K->56187K(2029056K), 0.0179392 secs] [Times: user=0.13 sys=0.00, real=0.02 secs] 
2020-09-29T18:20:42.624+0200: 84.344: [GC (Allocation Failure) 2020-09-29T18:20:42.625+0200: 84.344: [ParNew: 580625K->45156K(613440K), 0.0157893 secs] 601531K->66062K(2029056K), 0.0158554 secs] [Times: user=0.11 sys=0.00, real=0.02 secs] 
2020-09-29T18:20:42.695+0200: 84.415: [GC (Allocation Failure) 2020-09-29T18:20:42.695+0200: 84.415: [ParNew: 590500K->49562K(613440K), 0.0204630 secs] 611406K->70468K(2029056K), 0.0205515 secs] [Times: user=0.13 sys=0.00, real=0.02 secs] 
2020-09-29T18:20:42.761+0200: 84.481: [GC (Allocation Failure) 2020-09-29T18:20:42.761+0200: 84.481: [ParNew: 594906K->36282K(613440K), 0.0144557 secs] 615812K->57188K(2029056K), 0.0145181 secs] [Times: user=0.13 sys=0.00, real=0.02 secs] 
2020-09-29T18:20:42.825+0200: 84.545: [GC (Allocation Failure) 2020-09-29T18:20:42.825+0200: 84.545: [ParNew: 581626K->49214K(613440K), 0.0188624 secs] 602532K->70120K(2029056K), 0.0189398 secs] [Times: user=0.13 sys=0.00, real=0.02 secs] 
2020-09-29T18:20:42.896+0200: 84.616: [GC (Allocation Failure) 2020-09-29T18:20:42.896+0200: 84.616: [ParNew: 594558K->54566K(613440K), 0.0181284 secs] 615464K->75472K(2029056K), 0.0181844 secs] [Times: user=0.13 sys=0.00, real=0.02 secs] 
2020-09-29T18:20:42.960+0200: 84.680: [GC (Allocation Failure) 2020-09-29T18:20:42.960+0200: 84.680: [ParNew: 599910K->41284K(613440K), 0.0179009 secs] 620816K->62190K(2029056K), 0.0179718 secs] [Times: user=0.13 sys=0.00, real=0.02 secs] 
2020-09-29T18:20:43.023+0200: 84.743: [GC (Allocation Failure) 2020-09-29T18:20:43.023+0200: 84.743: [ParNew: 586628K->36592K(613440K), 0.0118140 secs] 607534K->57498K(2029056K), 0.0118677 secs] [Times: user=0.00 sys=0.00, real=0.01 secs] 
2020-09-29T18:20:43.089+0200: 84.809: [GC (Allocation Failure) 2020-09-29T18:20:43.089+0200: 84.809: [ParNew: 581936K->33260K(613440K), 0.0163534 secs] 602842K->54166K(2029056K), 0.0164248 secs] [Times: user=0.13 sys=0.00, real=0.02 secs] 
2020-09-29T18:20:43.156+0200: 84.876: [GC (Allocation Failure) 2020-09-29T18:20:43.156+0200: 84.876: [ParNew: 578604K->29356K(613440K), 0.0088719 secs] 599510K->50262K(2029056K), 0.0089355 secs] [Times: user=0.13 sys=0.00, real=0.01 secs] 
2020-09-29T18:20:43.222+0200: 84.942: [GC (Allocation Failure) 2020-09-29T18:20:43.222+0200: 84.942: [ParNew: 574700K->14961K(613440K), 0.0082041 secs] 595606K->35867K(2029056K), 0.0083006 secs] [Times: user=0.13 sys=0.00, real=0.01 secs] 
2020-09-29T18:20:43.282+0200: 85.002: [GC (Allocation Failure) 2020-09-29T18:20:43.282+0200: 85.002: [ParNew: 560305K->42242K(613440K), 0.0193867 secs] 581211K->63148K(2029056K), 0.0194384 secs] [Times: user=0.13 sys=0.00, real=0.02 secs] 
2020-09-29T18:20:43.348+0200: 85.068: [GC (Allocation Failure) 2020-09-29T18:20:43.348+0200: 85.068: [ParNew: 587586K->54303K(613440K), 0.0181336 secs] 608492K->75209K(2029056K), 0.0182222 secs] [Times: user=0.13 sys=0.00, real=0.02 secs] 
2020-09-29T18:20:43.414+0200: 85.134: [GC (Allocation Failure) 2020-09-29T18:20:43.414+0200: 85.134: [ParNew: 599647K->38335K(613440K), 0.0118066 secs] 620553K->59242K(2029056K), 0.0118647 secs] [Times: user=0.02 sys=0.00, real=0.01 secs] 
2020-09-29T18:20:43.473+0200: 85.193: [GC (Allocation Failure) 2020-09-29T18:20:43.473+0200: 85.193: [ParNew: 583679K->34757K(613440K), 0.0167693 secs] 604586K->55663K(2029056K), 0.0168255 secs] [Times: user=0.13 sys=0.00, real=0.02 secs] 
2020-09-29T18:20:43.536+0200: 85.256: [GC (Allocation Failure) 2020-09-29T18:20:43.536+0200: 85.256: [ParNew: 580101K->47882K(613440K), 0.0225760 secs] 601007K->68788K(2029056K), 0.0226759 secs] [Times: user=0.13 sys=0.00, real=0.02 secs] 
2020-09-29T18:20:43.610+0200: 85.330: [GC (Allocation Failure) 2020-09-29T18:20:43.610+0200: 85.330: [ParNew: 593226K->18947K(613440K), 0.0129027 secs] 614132K->39853K(2029056K), 0.0129743 secs] [Times: user=0.11 sys=0.00, real=0.01 secs] 
2020-09-29T18:20:43.686+0200: 85.407: [GC (Allocation Failure) 2020-09-29T18:20:43.686+0200: 85.407: [ParNew: 564291K->27090K(613440K), 0.0197425 secs] 585197K->47996K(2029056K), 0.0198147 secs] [Times: user=0.13 sys=0.00, real=0.02 secs] 
2020-09-29T18:20:43.752+0200: 85.472: [GC (Allocation Failure) 2020-09-29T18:20:43.752+0200: 85.472: [ParNew: 572434K->37990K(613440K), 0.0191129 secs] 593340K->58896K(2029056K), 0.0192030 secs] [Times: user=0.25 sys=0.00, real=0.02 secs] 
2020-09-29T18:20:43.822+0200: 85.542: [GC (Allocation Failure) 2020-09-29T18:20:43.822+0200: 85.542: [ParNew: 583334K->39763K(613440K), 0.0264653 secs] 604240K->60669K(2029056K), 0.0265513 secs] [Times: user=0.25 sys=0.00, real=0.03 secs] 
2020-09-29T18:20:43.900+0200: 85.620: [GC (Allocation Failure) 2020-09-29T18:20:43.900+0200: 85.620: [ParNew: 585107K->30897K(613440K), 0.0163309 secs] 606013K->51803K(2029056K), 0.0163989 secs] [Times: user=0.13 sys=0.00, real=0.02 secs] 
2020-09-29T18:20:43.983+0200: 85.703: [GC (Allocation Failure) 2020-09-29T18:20:43.983+0200: 85.703: [ParNew: 576241K->27701K(613440K), 0.0162712 secs] 597147K->48607K(2029056K), 0.0163392 secs] [Times: user=0.13 sys=0.00, real=0.02 secs] 
2020-09-29T18:20:44.063+0200: 85.783: [GC (Allocation Failure) 2020-09-29T18:20:44.063+0200: 85.783: [ParNew: 573045K->18373K(613440K), 0.0156410 secs] 593951K->39279K(2029056K), 0.0157260 secs] [Times: user=0.11 sys=0.00, real=0.02 secs] 
2020-09-29T18:20:44.135+0200: 85.855: [GC (Allocation Failure) 2020-09-29T18:20:44.135+0200: 85.855: [ParNew: 563717K->32664K(613440K), 0.0224631 secs] 584623K->53570K(2029056K), 0.0225290 secs] [Times: user=0.13 sys=0.00, real=0.02 secs] 
2020-09-29T18:20:44.202+0200: 85.922: [GC (Allocation Failure) 2020-09-29T18:20:44.202+0200: 85.922: [ParNew: 578008K->25659K(613440K), 0.0118216 secs] 598914K->46565K(2029056K), 0.0118896 secs] [Times: user=0.13 sys=0.00, real=0.01 secs] 
2020-09-29T18:20:44.277+0200: 85.997: [GC (Allocation Failure) 2020-09-29T18:20:44.277+0200: 85.997: [ParNew: 571003K->27963K(613440K), 0.0203306 secs] 591909K->48869K(2029056K), 0.0203955 secs] [Times: user=0.13 sys=0.00, real=0.02 secs] 
2020-09-29T18:20:44.354+0200: 86.074: [GC (Allocation Failure) 2020-09-29T18:20:44.354+0200: 86.074: [ParNew: 573307K->38509K(613440K), 0.0195162 secs] 594213K->59415K(2029056K), 0.0195841 secs] [Times: user=0.13 sys=0.00, real=0.02 secs] 
2020-09-29T18:20:44.419+0200: 86.139: [GC (Allocation Failure) 2020-09-29T18:20:44.419+0200: 86.139: [ParNew: 583853K->25542K(613440K), 0.0182520 secs] 604759K->46448K(2029056K), 0.0183187 secs] [Times: user=0.13 sys=0.00, real=0.02 secs] 
2020-09-29T18:20:44.485+0200: 86.205: [GC (Allocation Failure) 2020-09-29T18:20:44.485+0200: 86.205: [ParNew: 570886K->20901K(613440K), 0.0156955 secs] 591792K->41807K(2029056K), 0.0157643 secs] [Times: user=0.13 sys=0.00, real=0.02 secs] 
2020-09-29T18:20:44.551+0200: 86.271: [GC (Allocation Failure) 2020-09-29T18:20:44.551+0200: 86.271: [ParNew: 566245K->32819K(613440K), 0.0231678 secs] 587151K->53726K(2029056K), 0.0232375 secs] [Times: user=0.13 sys=0.00, real=0.02 secs] 
2020-09-29T18:20:44.622+0200: 86.342: [GC (Allocation Failure) 2020-09-29T18:20:44.622+0200: 86.342: [ParNew: 578163K->39968K(613440K), 0.0244945 secs] 599070K->60875K(2029056K), 0.0245719 secs] [Times: user=0.22 sys=0.00, real=0.03 secs] 
2020-09-29T18:20:44.698+0200: 86.418: [GC (Allocation Failure) 2020-09-29T18:20:44.698+0200: 86.418: [ParNew: 585312K->30225K(613440K), 0.0208471 secs] 606219K->51131K(2029056K), 0.0209326 secs] [Times: user=0.13 sys=0.00, real=0.02 secs] 
2020-09-29T18:20:44.768+0200: 86.488: [GC (Allocation Failure) 2020-09-29T18:20:44.768+0200: 86.488: [ParNew: 575569K->29818K(613440K), 0.0208304 secs] 596475K->50724K(2029056K), 0.0209049 secs] [Times: user=0.23 sys=0.00, real=0.02 secs] 
2020-09-29T18:20:44.839+0200: 86.559: [GC (Allocation Failure) 2020-09-29T18:20:44.839+0200: 86.559: [ParNew: 575162K->23518K(613440K), 0.0116424 secs] 596068K->44424K(2029056K), 0.0117270 secs] [Times: user=0.13 sys=0.00, real=0.01 secs] 
2020-09-29T18:20:44.906+0200: 86.626: [GC (Allocation Failure) 2020-09-29T18:20:44.906+0200: 86.626: [ParNew: 568862K->24267K(613440K), 0.0182516 secs] 589768K->45173K(2029056K), 0.0183454 secs] [Times: user=0.13 sys=0.00, real=0.02 secs] 
2020-09-29T18:20:44.971+0200: 86.691: [GC (Allocation Failure) 2020-09-29T18:20:44.971+0200: 86.691: [ParNew: 568436K->5545K(613440K), 0.0058793 secs] 589342K->26451K(2029056K), 0.0059446 secs] [Times: user=0.13 sys=0.00, real=0.01 secs] 
2020-09-29T18:20:45.037+0200: 86.758: [GC (Allocation Failure) 2020-09-29T18:20:45.038+0200: 86.758: [ParNew: 550889K->15132K(613440K), 0.0136530 secs] 571795K->36038K(2029056K), 0.0137221 secs] [Times: user=0.13 sys=0.00, real=0.01 secs] 
2020-09-29T18:20:45.106+0200: 86.826: [GC (Allocation Failure) 2020-09-29T18:20:45.106+0200: 86.826: [ParNew: 560476K->30850K(613440K), 0.0199086 secs] 581382K->51757K(2029056K), 0.0199775 secs] [Times: user=0.13 sys=0.00, real=0.02 secs] 
2020-09-29T18:20:45.182+0200: 86.903: [GC (Allocation Failure) 2020-09-29T18:20:45.182+0200: 86.903: [ParNew: 576194K->40354K(613440K), 0.0189681 secs] 597101K->61260K(2029056K), 0.0190384 secs] [Times: user=0.13 sys=0.00, real=0.02 secs] 
2020-09-29T18:20:45.264+0200: 86.984: [GC (Allocation Failure) 2020-09-29T18:20:45.264+0200: 86.984: [ParNew: 585698K->29774K(613440K), 0.0184969 secs] 606604K->50680K(2029056K), 0.0185635 secs] [Times: user=0.13 sys=0.00, real=0.02 secs] 
2020-09-29T18:20:45.334+0200: 87.054: [GC (Allocation Failure) 2020-09-29T18:20:45.334+0200: 87.054: [ParNew: 575118K->25497K(613440K), 0.0171531 secs] 596024K->46404K(2029056K), 0.0172298 secs] [Times: user=0.13 sys=0.00, real=0.02 secs] 
2020-09-29T18:20:45.418+0200: 87.138: [GC (Allocation Failure) 2020-09-29T18:20:45.418+0200: 87.138: [ParNew: 570841K->23211K(613440K), 0.0170984 secs] 591748K->44117K(2029056K), 0.0171707 secs] [Times: user=0.13 sys=0.00, real=0.02 secs] 
2020-09-29T18:20:45.486+0200: 87.206: [GC (Allocation Failure) 2020-09-29T18:20:45.486+0200: 87.206: [ParNew: 568555K->20475K(613440K), 0.0152580 secs] 589461K->41381K(2029056K), 0.0153431 secs] [Times: user=0.13 sys=0.00, real=0.01 secs] 
2020-09-29T18:20:45.557+0200: 87.278: [GC (Allocation Failure) 2020-09-29T18:20:45.558+0200: 87.278: [ParNew: 565819K->32393K(613440K), 0.0228135 secs] 586725K->53299K(2029056K), 0.0228994 secs] [Times: user=0.13 sys=0.00, real=0.02 secs] 
2020-09-29T18:20:45.628+0200: 87.348: [GC (Allocation Failure) 2020-09-29T18:20:45.628+0200: 87.348: [ParNew: 575832K->24661K(613440K), 0.0119928 secs] 596738K->45568K(2029056K), 0.0120684 secs] [Times: user=0.11 sys=0.00, real=0.01 secs] 
2020-09-29T18:20:45.693+0200: 87.413: [GC (Allocation Failure) 2020-09-29T18:20:45.693+0200: 87.413: [ParNew: 570005K->12561K(613440K), 0.0109463 secs] 590912K->33467K(2029056K), 0.0110157 secs] [Times: user=0.00 sys=0.00, real=0.01 secs] 
2020-09-29T18:20:45.781+0200: 87.501: [GC (Allocation Failure) 2020-09-29T18:20:45.781+0200: 87.501: [ParNew: 557905K->24937K(613440K), 0.0178375 secs] 578811K->45844K(2029056K), 0.0179252 secs] [Times: user=0.11 sys=0.00, real=0.02 secs] 
2020-09-29T18:20:45.848+0200: 87.568: [GC (Allocation Failure) 2020-09-29T18:20:45.848+0200: 87.568: [ParNew: 570281K->33325K(613440K), 0.0172204 secs] 591188K->54231K(2029056K), 0.0172965 secs] [Times: user=0.13 sys=0.00, real=0.02 secs] 
2020-09-29T18:20:45.922+0200: 87.643: [GC (Allocation Failure) 2020-09-29T18:20:45.922+0200: 87.643: [ParNew: 578669K->23621K(613440K), 0.0162054 secs] 599575K->44527K(2029056K), 0.0162745 secs] [Times: user=0.13 sys=0.00, real=0.02 secs] 
2020-09-29T18:20:45.999+0200: 87.719: [GC (Allocation Failure) 2020-09-29T18:20:45.999+0200: 87.719: [ParNew: 568965K->22273K(613440K), 0.0149461 secs] 589871K->43179K(2029056K), 0.0150166 secs] [Times: user=0.11 sys=0.00, real=0.01 secs] 
2020-09-29T18:20:46.063+0200: 87.784: [GC (Allocation Failure) 2020-09-29T18:20:46.063+0200: 87.784: [ParNew: 567617K->36114K(613440K), 0.0227570 secs] 588523K->57020K(2029056K), 0.0228279 secs] [Times: user=0.25 sys=0.00, real=0.02 secs] 
2020-09-29T18:20:46.142+0200: 87.862: [GC (Allocation Failure) 2020-09-29T18:20:46.142+0200: 87.862: [ParNew: 581458K->24994K(613440K), 0.0134000 secs] 602364K->45900K(2029056K), 0.0134722 secs] [Times: user=0.13 sys=0.00, real=0.01 secs] 
2020-09-29T18:20:46.209+0200: 87.929: [GC (Allocation Failure) 2020-09-29T18:20:46.209+0200: 87.929: [ParNew: 570338K->33856K(613440K), 0.0204734 secs] 591244K->54762K(2029056K), 0.0205419 secs] [Times: user=0.13 sys=0.00, real=0.02 secs] 
2020-09-29T18:20:46.284+0200: 88.005: [GC (Allocation Failure) 2020-09-29T18:20:46.284+0200: 88.005: [ParNew: 579200K->39680K(613440K), 0.0186572 secs] 600106K->60586K(2029056K), 0.0187338 secs] [Times: user=0.25 sys=0.00, real=0.02 secs] 
2020-09-29T18:20:46.350+0200: 88.070: [GC (Allocation Failure) 2020-09-29T18:20:46.350+0200: 88.070: [ParNew: 585024K->27740K(613440K), 0.0178366 secs] 605930K->48646K(2029056K), 0.0179152 secs] [Times: user=0.13 sys=0.00, real=0.02 secs] 
2020-09-29T18:20:46.417+0200: 88.137: [GC (Allocation Failure) 2020-09-29T18:20:46.417+0200: 88.137: [ParNew: 573084K->18877K(613440K), 0.0081502 secs] 593990K->39783K(2029056K), 0.0082189 secs] [Times: user=0.00 sys=0.00, real=0.01 secs] 
2020-09-29T18:20:46.493+0200: 88.213: [GC (Allocation Failure) 2020-09-29T18:20:46.493+0200: 88.213: [ParNew: 564221K->20775K(613440K), 0.0169449 secs] 585127K->41681K(2029056K), 0.0170140 secs] [Times: user=0.13 sys=0.00, real=0.02 secs] 
2020-09-29T18:20:46.570+0200: 88.290: [GC (Allocation Failure) 2020-09-29T18:20:46.570+0200: 88.290: [ParNew: 566119K->24435K(613440K), 0.0161743 secs] 587025K->45341K(2029056K), 0.0162433 secs] [Times: user=0.11 sys=0.00, real=0.02 secs] 
2020-09-29T18:20:46.646+0200: 88.367: [GC (Allocation Failure) 2020-09-29T18:20:46.646+0200: 88.367: [ParNew: 569779K->16283K(613440K), 0.0142446 secs] 590685K->37189K(2029056K), 0.0143386 secs] [Times: user=0.02 sys=0.00, real=0.02 secs] 
2020-09-29T18:20:46.724+0200: 88.444: [GC (Allocation Failure) 2020-09-29T18:20:46.724+0200: 88.445: [ParNew: 561627K->20456K(613440K), 0.0152809 secs] 582533K->41362K(2029056K), 0.0153730 secs] [Times: user=0.13 sys=0.00, real=0.02 secs] 
2020-09-29T18:20:46.822+0200: 88.542: [GC (Allocation Failure) 2020-09-29T18:20:46.822+0200: 88.542: [ParNew: 565800K->13385K(613440K), 0.0135641 secs] 586706K->34291K(2029056K), 0.0136311 secs] [Times: user=0.13 sys=0.00, real=0.01 secs] 
2020-09-29T18:20:46.953+0200: 88.673: [GC (Allocation Failure) 2020-09-29T18:20:46.953+0200: 88.673: [ParNew: 558729K->11818K(613440K), 0.0123701 secs] 579635K->32724K(2029056K), 0.0124646 secs] [Times: user=0.13 sys=0.00, real=0.01 secs] 
2020-09-29T18:20:47.083+0200: 88.803: [GC (Allocation Failure) 2020-09-29T18:20:47.083+0200: 88.803: [ParNew: 557162K->10217K(613440K), 0.0113465 secs] 578068K->31123K(2029056K), 0.0114155 secs] [Times: user=0.00 sys=0.00, real=0.01 secs] 
Heap
 par new generation   total 613440K, used 75074K [0x0000000080000000, 0x00000000a9990000, 0x00000000a9990000)
  eden space 545344K,  11% used [0x0000000080000000, 0x0000000083f564a0, 0x00000000a1490000)
  from space 68096K,  15% used [0x00000000a5710000, 0x00000000a610a710, 0x00000000a9990000)
  to   space 68096K,   0% used [0x00000000a1490000, 0x00000000a1490000, 0x00000000a5710000)
 concurrent mark-sweep generation total 1415616K, used 20906K [0x00000000a9990000, 0x0000000100000000, 0x0000000100000000)
 Metaspace       used 2594K, capacity 4486K, committed 4864K, reserved 1056768K
  class space    used 285K, capacity 386K, committed 512K, reserved 1048576K
