Java HotSpot(TM) 64-Bit Server VM (25.261-b12) for windows-amd64 JRE (1.8.0_261-b12), built on Jun 18 2020 06:56:32 by "" with unknown MS VC++:1916
Memory: 4k page, physical 16659684k(9561672k free), swap 23213284k(9208656k free)
CommandLine flags: -XX:InitialHeapSize=2147483648 -XX:MaxHeapSize=2147483648 -XX:MaxNewSize=697933824 -XX:MaxTenuringThreshold=6 -XX:NewSize=697933824 -XX:OldPLABSize=16 -XX:OldSize=1395867648 -XX:+PrintGC -XX:+PrintGCDateStamps -XX:+PrintGCDetails -XX:+PrintGCTimeStamps -XX:+UseCompressedClassPointers -XX:+UseCompressedOops -XX:+UseConcMarkSweepGC -XX:-UseLargePagesIndividualAllocation -XX:+UseParNewGC 
2020-09-29T18:02:42.091+0200: 0.271: [GC (Allocation Failure) 2020-09-29T18:02:42.091+0200: 0.271: [ParNew: 545344K->30811K(613440K), 0.0598918 secs] 545344K->30811K(2029056K), 0.0601604 secs] [Times: user=0.38 sys=0.00, real=0.06 secs] 
2020-09-29T18:02:42.218+0200: 0.398: [GC (Allocation Failure) 2020-09-29T18:02:42.218+0200: 0.398: [ParNew: 576155K->59838K(613440K), 0.0297222 secs] 576155K->59838K(2029056K), 0.0297915 secs] [Times: user=0.23 sys=0.01, real=0.03 secs] 
2020-09-29T18:02:42.295+0200: 0.476: [GC (Allocation Failure) 2020-09-29T18:02:42.295+0200: 0.476: [ParNew: 605182K->53942K(613440K), 0.0226095 secs] 605182K->54334K(2029056K), 0.0226703 secs] [Times: user=0.23 sys=0.02, real=0.02 secs] 
2020-09-29T18:02:42.364+0200: 0.545: [GC (Allocation Failure) 2020-09-29T18:02:42.364+0200: 0.545: [ParNew: 599286K->43367K(613440K), 0.0137846 secs] 599678K->43760K(2029056K), 0.0138439 secs] [Times: user=0.00 sys=0.00, real=0.01 secs] 
2020-09-29T18:02:42.426+0200: 0.607: [GC (Allocation Failure) 2020-09-29T18:02:42.426+0200: 0.607: [ParNew: 588711K->23482K(613440K), 0.0112793 secs] 589104K->23874K(2029056K), 0.0113486 secs] [Times: user=0.00 sys=0.00, real=0.01 secs] 
2020-09-29T18:02:42.485+0200: 0.665: [GC (Allocation Failure) 2020-09-29T18:02:42.485+0200: 0.665: [ParNew: 568826K->58116K(613440K), 0.0238642 secs] 569218K->58509K(2029056K), 0.0239505 secs] [Times: user=0.23 sys=0.02, real=0.02 secs] 
2020-09-29T18:02:42.558+0200: 0.739: [GC (Allocation Failure) 2020-09-29T18:02:42.558+0200: 0.739: [ParNew: 603460K->68096K(613440K), 0.0221421 secs] 603853K->68488K(2029056K), 0.0222417 secs] [Times: user=0.11 sys=0.02, real=0.02 secs] 
2020-09-29T18:02:42.631+0200: 0.811: [GC (Allocation Failure) 2020-09-29T18:02:42.631+0200: 0.811: [ParNew: 613440K->42552K(613440K), 0.0154821 secs] 613832K->42944K(2029056K), 0.0155478 secs] [Times: user=0.13 sys=0.00, real=0.01 secs] 
2020-09-29T18:02:42.697+0200: 0.877: [GC (Allocation Failure) 2020-09-29T18:02:42.697+0200: 0.877: [ParNew: 587896K->45047K(613440K), 0.0188795 secs] 588288K->45440K(2029056K), 0.0189536 secs] [Times: user=0.13 sys=0.00, real=0.02 secs] 
2020-09-29T18:02:42.763+0200: 0.944: [GC (Allocation Failure) 2020-09-29T18:02:42.763+0200: 0.944: [ParNew: 590391K->37576K(613440K), 0.0189630 secs] 590784K->37968K(2029056K), 0.0190318 secs] [Times: user=0.13 sys=0.00, real=0.02 secs] 
2020-09-29T18:02:42.830+0200: 1.010: [GC (Allocation Failure) 2020-09-29T18:02:42.830+0200: 1.010: [ParNew: 582920K->34442K(613440K), 0.0108106 secs] 583312K->34834K(2029056K), 0.0108703 secs] [Times: user=0.13 sys=0.00, real=0.01 secs] 
2020-09-29T18:02:42.887+0200: 1.068: [GC (Allocation Failure) 2020-09-29T18:02:42.887+0200: 1.068: [ParNew: 579786K->34347K(613440K), 0.0158673 secs] 580178K->34740K(2029056K), 0.0159354 secs] [Times: user=0.13 sys=0.00, real=0.02 secs] 
2020-09-29T18:02:42.952+0200: 1.133: [GC (Allocation Failure) 2020-09-29T18:02:42.952+0200: 1.133: [ParNew: 579691K->47789K(613440K), 0.0196031 secs] 580084K->48181K(2029056K), 0.0196619 secs] [Times: user=0.13 sys=0.00, real=0.02 secs] 
2020-09-29T18:02:43.021+0200: 1.201: [GC (Allocation Failure) 2020-09-29T18:02:43.021+0200: 1.201: [ParNew: 593133K->42115K(613440K), 0.0193309 secs] 593525K->42508K(2029056K), 0.0193877 secs] [Times: user=0.13 sys=0.00, real=0.02 secs] 
2020-09-29T18:02:43.089+0200: 1.269: [GC (Allocation Failure) 2020-09-29T18:02:43.089+0200: 1.269: [ParNew: 587459K->68096K(613440K), 0.0245788 secs] 587852K->68488K(2029056K), 0.0246927 secs] [Times: user=0.13 sys=0.02, real=0.03 secs] 
2020-09-29T18:02:43.160+0200: 1.341: [GC (Allocation Failure) 2020-09-29T18:02:43.160+0200: 1.341: [ParNew: 613440K->50889K(613440K), 0.0179676 secs] 613832K->51281K(2029056K), 0.0180498 secs] [Times: user=0.22 sys=0.00, real=0.02 secs] 
2020-09-29T18:02:43.229+0200: 1.409: [GC (Allocation Failure) 2020-09-29T18:02:43.229+0200: 1.409: [ParNew: 596233K->41112K(613440K), 0.0164980 secs] 596625K->41505K(2029056K), 0.0165584 secs] [Times: user=0.13 sys=0.00, real=0.02 secs] 
2020-09-29T18:02:43.293+0200: 1.474: [GC (Allocation Failure) 2020-09-29T18:02:43.294+0200: 1.474: [ParNew: 586456K->38337K(613440K), 0.0147225 secs] 586849K->38729K(2029056K), 0.0147872 secs] [Times: user=0.13 sys=0.00, real=0.02 secs] 
2020-09-29T18:02:43.356+0200: 1.536: [GC (Allocation Failure) 2020-09-29T18:02:43.356+0200: 1.536: [ParNew: 583681K->33807K(613440K), 0.0144533 secs] 584073K->34200K(2029056K), 0.0145282 secs] [Times: user=0.13 sys=0.00, real=0.01 secs] 
2020-09-29T18:02:43.420+0200: 1.601: [GC (Allocation Failure) 2020-09-29T18:02:43.420+0200: 1.601: [ParNew: 579151K->50286K(613440K), 0.0190674 secs] 579544K->50678K(2029056K), 0.0191263 secs] [Times: user=0.13 sys=0.00, real=0.02 secs] 
2020-09-29T18:02:43.488+0200: 1.669: [GC (Allocation Failure) 2020-09-29T18:02:43.489+0200: 1.669: [ParNew: 595630K->40957K(613440K), 0.0195589 secs] 596022K->41349K(2029056K), 0.0196275 secs] [Times: user=0.14 sys=0.00, real=0.02 secs] 
2020-09-29T18:02:43.556+0200: 1.737: [GC (Allocation Failure) 2020-09-29T18:02:43.556+0200: 1.737: [ParNew: 586301K->42423K(613440K), 0.0175732 secs] 586693K->42815K(2029056K), 0.0176438 secs] [Times: user=0.13 sys=0.00, real=0.02 secs] 
2020-09-29T18:02:43.626+0200: 1.806: [GC (Allocation Failure) 2020-09-29T18:02:43.626+0200: 1.806: [ParNew: 587767K->39041K(613440K), 0.0177564 secs] 588159K->39434K(2029056K), 0.0178129 secs] [Times: user=0.11 sys=0.00, real=0.02 secs] 
2020-09-29T18:02:43.692+0200: 1.873: [GC (Allocation Failure) 2020-09-29T18:02:43.692+0200: 1.873: [ParNew: 584385K->60308K(613440K), 0.0217084 secs] 584778K->60700K(2029056K), 0.0217643 secs] [Times: user=0.13 sys=0.00, real=0.02 secs] 
2020-09-29T18:02:43.763+0200: 1.944: [GC (Allocation Failure) 2020-09-29T18:02:43.763+0200: 1.944: [ParNew: 605652K->42962K(613440K), 0.0144623 secs] 606044K->43354K(2029056K), 0.0145427 secs] [Times: user=0.13 sys=0.00, real=0.02 secs] 
2020-09-29T18:02:43.832+0200: 2.013: [GC (Allocation Failure) 2020-09-29T18:02:43.832+0200: 2.013: [ParNew: 588306K->47038K(613440K), 0.0239819 secs] 588698K->47430K(2029056K), 0.0240832 secs] [Times: user=0.13 sys=0.00, real=0.02 secs] 
2020-09-29T18:02:43.913+0200: 2.093: [GC (Allocation Failure) 2020-09-29T18:02:43.913+0200: 2.094: [ParNew: 592382K->56026K(613440K), 0.0208155 secs] 592774K->56418K(2029056K), 0.0208723 secs] [Times: user=0.13 sys=0.00, real=0.02 secs] 
2020-09-29T18:02:43.985+0200: 2.166: [GC (Allocation Failure) 2020-09-29T18:02:43.985+0200: 2.166: [ParNew: 601370K->38802K(613440K), 0.0111507 secs] 601762K->39194K(2029056K), 0.0112064 secs] [Times: user=0.13 sys=0.00, real=0.01 secs] 
2020-09-29T18:02:44.050+0200: 2.231: [GC (Allocation Failure) 2020-09-29T18:02:44.050+0200: 2.231: [ParNew: 584146K->19082K(613440K), 0.0112301 secs] 584538K->19474K(2029056K), 0.0112928 secs] [Times: user=0.13 sys=0.00, real=0.01 secs] 
2020-09-29T18:02:44.109+0200: 2.289: [GC (Allocation Failure) 2020-09-29T18:02:44.109+0200: 2.289: [ParNew: 564426K->31288K(613440K), 0.0153836 secs] 564818K->31681K(2029056K), 0.0154380 secs] [Times: user=0.13 sys=0.00, real=0.02 secs] 
2020-09-29T18:02:44.172+0200: 2.353: [GC (Allocation Failure) 2020-09-29T18:02:44.172+0200: 2.353: [ParNew: 576632K->45711K(613440K), 0.0198537 secs] 577025K->46103K(2029056K), 0.0199321 secs] [Times: user=0.25 sys=0.00, real=0.02 secs] 
2020-09-29T18:02:44.245+0200: 2.426: [GC (Allocation Failure) 2020-09-29T18:02:44.245+0200: 2.426: [ParNew: 591055K->42499K(613440K), 0.0182964 secs] 591447K->42892K(2029056K), 0.0184279 secs] [Times: user=0.13 sys=0.00, real=0.02 secs] 
2020-09-29T18:02:44.314+0200: 2.494: [GC (Allocation Failure) 2020-09-29T18:02:44.314+0200: 2.494: [ParNew: 587843K->38871K(613440K), 0.0123813 secs] 588236K->39263K(2029056K), 0.0124373 secs] [Times: user=0.13 sys=0.00, real=0.01 secs] 
2020-09-29T18:02:44.378+0200: 2.559: [GC (Allocation Failure) 2020-09-29T18:02:44.378+0200: 2.559: [ParNew: 584215K->35487K(613440K), 0.0168315 secs] 584607K->35879K(2029056K), 0.0168967 secs] [Times: user=0.25 sys=0.00, real=0.02 secs] 
2020-09-29T18:02:44.447+0200: 2.628: [GC (Allocation Failure) 2020-09-29T18:02:44.447+0200: 2.628: [ParNew: 580831K->52501K(613440K), 0.0218355 secs] 581223K->52894K(2029056K), 0.0219087 secs] [Times: user=0.13 sys=0.00, real=0.02 secs] 
2020-09-29T18:02:44.521+0200: 2.701: [GC (Allocation Failure) 2020-09-29T18:02:44.521+0200: 2.701: [ParNew: 597845K->43696K(613440K), 0.0164771 secs] 598238K->44089K(2029056K), 0.0165677 secs] [Times: user=0.13 sys=0.00, real=0.02 secs] 
2020-09-29T18:02:44.586+0200: 2.766: [GC (Allocation Failure) 2020-09-29T18:02:44.586+0200: 2.766: [ParNew: 589040K->43478K(613440K), 0.0208874 secs] 589433K->43870K(2029056K), 0.0209677 secs] [Times: user=0.13 sys=0.00, real=0.02 secs] 
2020-09-29T18:02:44.655+0200: 2.836: [GC (Allocation Failure) 2020-09-29T18:02:44.655+0200: 2.836: [ParNew: 588822K->54241K(613440K), 0.0191753 secs] 589214K->54633K(2029056K), 0.0192379 secs] [Times: user=0.13 sys=0.00, real=0.02 secs] 
2020-09-29T18:02:44.726+0200: 2.907: [GC (Allocation Failure) 2020-09-29T18:02:44.726+0200: 2.907: [ParNew: 599585K->39979K(613440K), 0.0193534 secs] 599977K->40372K(2029056K), 0.0194108 secs] [Times: user=0.13 sys=0.00, real=0.02 secs] 
2020-09-29T18:02:44.793+0200: 2.973: [GC (Allocation Failure) 2020-09-29T18:02:44.793+0200: 2.973: [ParNew: 585323K->42490K(613440K), 0.0175574 secs] 585716K->42882K(2029056K), 0.0176172 secs] [Times: user=0.13 sys=0.00, real=0.02 secs] 
2020-09-29T18:02:44.864+0200: 3.044: [GC (Allocation Failure) 2020-09-29T18:02:44.864+0200: 3.044: [ParNew: 587834K->36821K(613440K), 0.0171764 secs] 588226K->37214K(2029056K), 0.0259928 secs] [Times: user=0.13 sys=0.00, real=0.03 secs] 
2020-09-29T18:02:44.967+0200: 3.147: [GC (Allocation Failure) 2020-09-29T18:02:44.967+0200: 3.147: [ParNew: 582165K->37847K(613440K), 0.0157799 secs] 582558K->38240K(2029056K), 0.0158354 secs] [Times: user=0.13 sys=0.00, real=0.02 secs] 
2020-09-29T18:02:45.032+0200: 3.212: [GC (Allocation Failure) 2020-09-29T18:02:45.032+0200: 3.212: [ParNew: 583191K->56574K(613440K), 0.0209530 secs] 583584K->56966K(2029056K), 0.0210225 secs] [Times: user=0.25 sys=0.00, real=0.02 secs] 
2020-09-29T18:02:45.102+0200: 3.282: [GC (Allocation Failure) 2020-09-29T18:02:45.102+0200: 3.282: [ParNew: 601918K->68096K(613440K), 0.0255649 secs] 602310K->69207K(2029056K), 0.0256195 secs] [Times: user=0.13 sys=0.00, real=0.03 secs] 
2020-09-29T18:02:45.177+0200: 3.358: [GC (Allocation Failure) 2020-09-29T18:02:45.177+0200: 3.358: [ParNew: 613440K->55642K(613440K), 0.0188831 secs] 614551K->56753K(2029056K), 0.0189626 secs] [Times: user=0.13 sys=0.00, real=0.02 secs] 
2020-09-29T18:02:45.250+0200: 3.431: [GC (Allocation Failure) 2020-09-29T18:02:45.250+0200: 3.431: [ParNew: 600986K->68096K(613440K), 0.0251072 secs] 602097K->70283K(2029056K), 0.0251639 secs] [Times: user=0.23 sys=0.02, real=0.03 secs] 
2020-09-29T18:02:45.322+0200: 3.503: [GC (Allocation Failure) 2020-09-29T18:02:45.322+0200: 3.503: [ParNew: 613440K->51341K(613440K), 0.0179565 secs] 615627K->53529K(2029056K), 0.0180277 secs] [Times: user=0.13 sys=0.00, real=0.02 secs] 
2020-09-29T18:02:45.389+0200: 3.570: [GC (Allocation Failure) 2020-09-29T18:02:45.389+0200: 3.570: [ParNew: 596685K->42290K(613440K), 0.0170137 secs] 598873K->44478K(2029056K), 0.0170725 secs] [Times: user=0.13 sys=0.00, real=0.02 secs] 
2020-09-29T18:02:45.456+0200: 3.637: [GC (Allocation Failure) 2020-09-29T18:02:45.456+0200: 3.637: [ParNew: 587634K->66120K(613440K), 0.0216881 secs] 589822K->68308K(2029056K), 0.0217490 secs] [Times: user=0.25 sys=0.00, real=0.02 secs] 
2020-09-29T18:02:45.526+0200: 3.706: [GC (Allocation Failure) 2020-09-29T18:02:45.526+0200: 3.706: [ParNew: 611464K->47116K(613440K), 0.0157926 secs] 613652K->49304K(2029056K), 0.0158561 secs] [Times: user=0.13 sys=0.00, real=0.02 secs] 
2020-09-29T18:02:45.596+0200: 3.777: [GC (Allocation Failure) 2020-09-29T18:02:45.596+0200: 3.777: [ParNew: 592460K->52149K(613440K), 0.0222129 secs] 594648K->54337K(2029056K), 0.0222743 secs] [Times: user=0.22 sys=0.00, real=0.02 secs] 
2020-09-29T18:02:45.673+0200: 3.854: [GC (Allocation Failure) 2020-09-29T18:02:45.673+0200: 3.854: [ParNew: 597493K->42472K(613440K), 0.0126849 secs] 599681K->44660K(2029056K), 0.0127473 secs] [Times: user=0.13 sys=0.00, real=0.01 secs] 
2020-09-29T18:02:45.737+0200: 3.918: [GC (Allocation Failure) 2020-09-29T18:02:45.737+0200: 3.918: [ParNew: 587816K->51794K(613440K), 0.0232532 secs] 590004K->53982K(2029056K), 0.0233093 secs] [Times: user=0.25 sys=0.00, real=0.02 secs] 
2020-09-29T18:02:45.808+0200: 3.988: [GC (Allocation Failure) 2020-09-29T18:02:45.808+0200: 3.988: [ParNew: 597138K->48368K(613440K), 0.0167863 secs] 599326K->50556K(2029056K), 0.0168910 secs] [Times: user=0.13 sys=0.00, real=0.02 secs] 
2020-09-29T18:02:45.881+0200: 4.061: [GC (Allocation Failure) 2020-09-29T18:02:45.881+0200: 4.061: [ParNew: 593712K->38251K(613440K), 0.0179419 secs] 595900K->40439K(2029056K), 0.0180122 secs] [Times: user=0.13 sys=0.00, real=0.02 secs] 
2020-09-29T18:02:45.946+0200: 4.127: [GC (Allocation Failure) 2020-09-29T18:02:45.946+0200: 4.127: [ParNew: 583595K->67248K(613440K), 0.0216516 secs] 585783K->69436K(2029056K), 0.0217210 secs] [Times: user=0.13 sys=0.00, real=0.02 secs] 
2020-09-29T18:02:46.018+0200: 4.199: [GC (Allocation Failure) 2020-09-29T18:02:46.018+0200: 4.199: [ParNew: 612592K->68096K(613440K), 0.0256749 secs] 614780K->70492K(2029056K), 0.0257559 secs] [Times: user=0.25 sys=0.00, real=0.03 secs] 
2020-09-29T18:02:46.092+0200: 4.273: [GC (Allocation Failure) 2020-09-29T18:02:46.092+0200: 4.273: [ParNew: 613440K->53924K(613440K), 0.0204640 secs] 615836K->56321K(2029056K), 0.0205277 secs] [Times: user=0.13 sys=0.00, real=0.02 secs] 
2020-09-29T18:02:46.161+0200: 4.342: [GC (Allocation Failure) 2020-09-29T18:02:46.161+0200: 4.342: [ParNew: 599268K->41795K(613440K), 0.0137782 secs] 601665K->44191K(2029056K), 0.0138348 secs] [Times: user=0.00 sys=0.00, real=0.01 secs] 
2020-09-29T18:02:46.226+0200: 4.407: [GC (Allocation Failure) 2020-09-29T18:02:46.226+0200: 4.407: [ParNew: 587139K->57182K(613440K), 0.0238562 secs] 589535K->59579K(2029056K), 0.0239646 secs] [Times: user=0.13 sys=0.00, real=0.02 secs] 
2020-09-29T18:02:46.298+0200: 4.479: [GC (Allocation Failure) 2020-09-29T18:02:46.298+0200: 4.479: [ParNew: 602526K->51973K(613440K), 0.0172757 secs] 604923K->54370K(2029056K), 0.0173423 secs] [Times: user=0.13 sys=0.00, real=0.02 secs] 
2020-09-29T18:02:46.363+0200: 4.543: [GC (Allocation Failure) 2020-09-29T18:02:46.363+0200: 4.543: [ParNew: 597317K->46691K(613440K), 0.0166056 secs] 599714K->49088K(2029056K), 0.0166780 secs] [Times: user=0.25 sys=0.00, real=0.02 secs] 
2020-09-29T18:02:46.428+0200: 4.608: [GC (Allocation Failure) 2020-09-29T18:02:46.428+0200: 4.608: [ParNew: 592035K->51316K(613440K), 0.0208824 secs] 594432K->53712K(2029056K), 0.0209409 secs] [Times: user=0.13 sys=0.00, real=0.02 secs] 
2020-09-29T18:02:46.496+0200: 4.677: [GC (Allocation Failure) 2020-09-29T18:02:46.496+0200: 4.677: [ParNew: 596660K->63194K(613440K), 0.0203032 secs] 599056K->65591K(2029056K), 0.0203731 secs] [Times: user=0.13 sys=0.00, real=0.02 secs] 
2020-09-29T18:02:46.565+0200: 4.745: [GC (Allocation Failure) 2020-09-29T18:02:46.565+0200: 4.745: [ParNew: 608538K->34637K(613440K), 0.0155136 secs] 610935K->37034K(2029056K), 0.0155819 secs] [Times: user=0.09 sys=0.00, real=0.01 secs] 
2020-09-29T18:02:46.631+0200: 4.811: [GC (Allocation Failure) 2020-09-29T18:02:46.631+0200: 4.811: [ParNew: 579981K->27944K(613440K), 0.0119633 secs] 582378K->30341K(2029056K), 0.0120253 secs] [Times: user=0.00 sys=0.00, real=0.01 secs] 
2020-09-29T18:02:46.692+0200: 4.872: [GC (Allocation Failure) 2020-09-29T18:02:46.692+0200: 4.872: [ParNew: 573288K->51299K(613440K), 0.0225918 secs] 575685K->53695K(2029056K), 0.0226588 secs] [Times: user=0.13 sys=0.00, real=0.02 secs] 
2020-09-29T18:02:46.764+0200: 4.944: [GC (Allocation Failure) 2020-09-29T18:02:46.764+0200: 4.944: [ParNew: 596643K->68096K(613440K), 0.0221032 secs] 599039K->70720K(2029056K), 0.0221802 secs] [Times: user=0.25 sys=0.00, real=0.02 secs] 
2020-09-29T18:02:46.834+0200: 5.015: [GC (Allocation Failure) 2020-09-29T18:02:46.834+0200: 5.015: [ParNew: 613440K->47333K(613440K), 0.0159917 secs] 616064K->49958K(2029056K), 0.0160816 secs] [Times: user=0.13 sys=0.00, real=0.02 secs] 
2020-09-29T18:02:46.901+0200: 5.082: [GC (Allocation Failure) 2020-09-29T18:02:46.901+0200: 5.082: [ParNew: 592677K->39476K(613440K), 0.0144130 secs] 595302K->42101K(2029056K), 0.0144889 secs] [Times: user=0.13 sys=0.00, real=0.01 secs] 
2020-09-29T18:02:46.967+0200: 5.147: [GC (Allocation Failure) 2020-09-29T18:02:46.967+0200: 5.147: [ParNew: 584820K->42201K(613440K), 0.0190476 secs] 587445K->44826K(2029056K), 0.0191083 secs] [Times: user=0.13 sys=0.00, real=0.02 secs] 
2020-09-29T18:02:47.036+0200: 5.216: [GC (Allocation Failure) 2020-09-29T18:02:47.036+0200: 5.216: [ParNew: 587545K->59607K(613440K), 0.0231275 secs] 590170K->62232K(2029056K), 0.0232088 secs] [Times: user=0.13 sys=0.00, real=0.02 secs] 
2020-09-29T18:02:47.106+0200: 5.287: [GC (Allocation Failure) 2020-09-29T18:02:47.106+0200: 5.287: [ParNew: 604951K->38656K(613440K), 0.0111790 secs] 607576K->41280K(2029056K), 0.0112483 secs] [Times: user=0.13 sys=0.00, real=0.01 secs] 
2020-09-29T18:02:47.166+0200: 5.346: [GC (Allocation Failure) 2020-09-29T18:02:47.166+0200: 5.346: [ParNew: 584000K->46160K(613440K), 0.0209733 secs] 586624K->48785K(2029056K), 0.0210466 secs] [Times: user=0.13 sys=0.00, real=0.02 secs] 
2020-09-29T18:02:47.237+0200: 5.418: [GC (Allocation Failure) 2020-09-29T18:02:47.237+0200: 5.418: [ParNew: 591504K->59802K(613440K), 0.0211444 secs] 594129K->62427K(2029056K), 0.0212295 secs] [Times: user=0.25 sys=0.00, real=0.02 secs] 
2020-09-29T18:02:47.308+0200: 5.488: [GC (Allocation Failure) 2020-09-29T18:02:47.308+0200: 5.488: [ParNew: 605146K->68096K(613440K), 0.0243778 secs] 607771K->71621K(2029056K), 0.0244366 secs] [Times: user=0.25 sys=0.00, real=0.02 secs] 
2020-09-29T18:02:47.383+0200: 5.564: [GC (Allocation Failure) 2020-09-29T18:02:47.383+0200: 5.564: [ParNew: 613440K->54231K(613440K), 0.0194790 secs] 616965K->57756K(2029056K), 0.0195627 secs] [Times: user=0.13 sys=0.00, real=0.02 secs] 
2020-09-29T18:02:47.451+0200: 5.632: [GC (Allocation Failure) 2020-09-29T18:02:47.451+0200: 5.632: [ParNew: 599575K->46362K(613440K), 0.0186090 secs] 603100K->49888K(2029056K), 0.0186795 secs] [Times: user=0.13 sys=0.00, real=0.02 secs] 
2020-09-29T18:02:47.519+0200: 5.700: [GC (Allocation Failure) 2020-09-29T18:02:47.519+0200: 5.700: [ParNew: 591706K->40264K(613440K), 0.0190736 secs] 595232K->43789K(2029056K), 0.0191454 secs] [Times: user=0.25 sys=0.00, real=0.02 secs] 
2020-09-29T18:02:47.598+0200: 5.779: [GC (Allocation Failure) 2020-09-29T18:02:47.598+0200: 5.779: [ParNew: 585608K->35040K(613440K), 0.0164975 secs] 589133K->38566K(2029056K), 0.0237150 secs] [Times: user=0.13 sys=0.00, real=0.02 secs] 
2020-09-29T18:02:47.674+0200: 5.855: [GC (Allocation Failure) 2020-09-29T18:02:47.674+0200: 5.855: [ParNew: 580384K->36607K(613440K), 0.0156435 secs] 583910K->40132K(2029056K), 0.0157065 secs] [Times: user=0.13 sys=0.00, real=0.02 secs] 
2020-09-29T18:02:47.744+0200: 5.924: [GC (Allocation Failure) 2020-09-29T18:02:47.744+0200: 5.924: [ParNew: 581951K->31574K(613440K), 0.0146366 secs] 585476K->35099K(2029056K), 0.0146951 secs] [Times: user=0.13 sys=0.00, real=0.01 secs] 
2020-09-29T18:02:47.809+0200: 5.990: [GC (Allocation Failure) 2020-09-29T18:02:47.809+0200: 5.990: [ParNew: 576918K->28203K(613440K), 0.0151283 secs] 580443K->31728K(2029056K), 0.0151830 secs] [Times: user=0.13 sys=0.00, real=0.01 secs] 
2020-09-29T18:02:47.878+0200: 6.059: [GC (Allocation Failure) 2020-09-29T18:02:47.878+0200: 6.059: [ParNew: 573547K->52515K(613440K), 0.0204469 secs] 577072K->56040K(2029056K), 0.0205378 secs] [Times: user=0.25 sys=0.00, real=0.02 secs] 
2020-09-29T18:02:47.949+0200: 6.130: [GC (Allocation Failure) 2020-09-29T18:02:47.950+0200: 6.130: [ParNew: 597859K->53445K(613440K), 0.0243493 secs] 601384K->56970K(2029056K), 0.0244286 secs] [Times: user=0.22 sys=0.00, real=0.03 secs] 
2020-09-29T18:02:48.027+0200: 6.208: [GC (Allocation Failure) 2020-09-29T18:02:48.027+0200: 6.208: [ParNew: 598789K->38428K(613440K), 0.0192070 secs] 602314K->41953K(2029056K), 0.0192859 secs] [Times: user=0.13 sys=0.00, real=0.02 secs] 
2020-09-29T18:02:48.102+0200: 6.282: [GC (Allocation Failure) 2020-09-29T18:02:48.102+0200: 6.282: [ParNew: 583772K->59452K(613440K), 0.0225712 secs] 587297K->62977K(2029056K), 0.0226697 secs] [Times: user=0.11 sys=0.00, real=0.02 secs] 
2020-09-29T18:02:48.179+0200: 6.360: [GC (Allocation Failure) 2020-09-29T18:02:48.179+0200: 6.360: [ParNew: 604796K->43116K(613440K), 0.0233978 secs] 608321K->46641K(2029056K), 0.0234983 secs] [Times: user=0.13 sys=0.00, real=0.02 secs] 
2020-09-29T18:02:48.261+0200: 6.442: [GC (Allocation Failure) 2020-09-29T18:02:48.261+0200: 6.442: [ParNew: 588460K->40629K(613440K), 0.0212183 secs] 591985K->44154K(2029056K), 0.0213234 secs] [Times: user=0.13 sys=0.00, real=0.02 secs] 
2020-09-29T18:02:48.336+0200: 6.517: [GC (Allocation Failure) 2020-09-29T18:02:48.336+0200: 6.517: [ParNew: 585973K->39502K(613440K), 0.0196567 secs] 589498K->43027K(2029056K), 0.0198650 secs] [Times: user=0.13 sys=0.00, real=0.02 secs] 
2020-09-29T18:02:48.412+0200: 6.593: [GC (Allocation Failure) 2020-09-29T18:02:48.412+0200: 6.593: [ParNew: 584846K->35807K(613440K), 0.0197717 secs] 588371K->39332K(2029056K), 0.0198604 secs] [Times: user=0.13 sys=0.00, real=0.02 secs] 
2020-09-29T18:02:48.484+0200: 6.665: [GC (Allocation Failure) 2020-09-29T18:02:48.484+0200: 6.665: [ParNew: 581151K->38678K(613440K), 0.0164963 secs] 584676K->42203K(2029056K), 0.0165980 secs] [Times: user=0.13 sys=0.00, real=0.02 secs] 
2020-09-29T18:02:48.564+0200: 6.744: [GC (Allocation Failure) 2020-09-29T18:02:48.564+0200: 6.744: [ParNew: 584022K->54971K(613440K), 0.0220287 secs] 587547K->58496K(2029056K), 0.0221034 secs] [Times: user=0.24 sys=0.00, real=0.02 secs] 
2020-09-29T18:02:48.642+0200: 6.822: [GC (Allocation Failure) 2020-09-29T18:02:48.642+0200: 6.822: [ParNew: 600315K->41886K(613440K), 0.0212686 secs] 603840K->45411K(2029056K), 0.0213586 secs] [Times: user=0.25 sys=0.00, real=0.02 secs] 
2020-09-29T18:02:48.721+0200: 6.901: [GC (Allocation Failure) 2020-09-29T18:02:48.721+0200: 6.901: [ParNew: 587230K->42621K(613440K), 0.0198211 secs] 590755K->46146K(2029056K), 0.0198895 secs] [Times: user=0.25 sys=0.00, real=0.02 secs] 
2020-09-29T18:02:48.793+0200: 6.973: [GC (Allocation Failure) 2020-09-29T18:02:48.793+0200: 6.973: [ParNew: 587965K->66815K(613440K), 0.0254078 secs] 591490K->70340K(2029056K), 0.0254829 secs] [Times: user=0.22 sys=0.00, real=0.03 secs] 
2020-09-29T18:02:48.875+0200: 7.055: [GC (Allocation Failure) 2020-09-29T18:02:48.875+0200: 7.055: [ParNew: 612159K->68096K(613440K), 0.0290095 secs] 615684K->71640K(2029056K), 0.0290905 secs] [Times: user=0.22 sys=0.00, real=0.03 secs] 
2020-09-29T18:02:48.955+0200: 7.135: [GC (Allocation Failure) 2020-09-29T18:02:48.955+0200: 7.135: [ParNew: 613440K->53233K(613440K), 0.0239500 secs] 616984K->56778K(2029056K), 0.0240440 secs] [Times: user=0.24 sys=0.00, real=0.03 secs] 
2020-09-29T18:02:49.040+0200: 7.220: [GC (Allocation Failure) 2020-09-29T18:02:49.040+0200: 7.220: [ParNew: 598577K->46222K(613440K), 0.0155606 secs] 602122K->49766K(2029056K), 0.0156209 secs] [Times: user=0.13 sys=0.00, real=0.02 secs] 
2020-09-29T18:02:49.103+0200: 7.283: [GC (Allocation Failure) 2020-09-29T18:02:49.103+0200: 7.283: [ParNew: 591566K->27895K(613440K), 0.0146799 secs] 595110K->31439K(2029056K), 0.0147529 secs] [Times: user=0.13 sys=0.00, real=0.01 secs] 
2020-09-29T18:02:49.168+0200: 7.349: [GC (Allocation Failure) 2020-09-29T18:02:49.168+0200: 7.349: [ParNew: 573239K->45999K(613440K), 0.0192329 secs] 576783K->49543K(2029056K), 0.0192961 secs] [Times: user=0.13 sys=0.00, real=0.02 secs] 
2020-09-29T18:02:49.240+0200: 7.420: [GC (Allocation Failure) 2020-09-29T18:02:49.240+0200: 7.420: [ParNew: 591343K->63907K(613440K), 0.0224075 secs] 594887K->67451K(2029056K), 0.0224732 secs] [Times: user=0.13 sys=0.00, real=0.02 secs] 
2020-09-29T18:02:49.310+0200: 7.491: [GC (Allocation Failure) 2020-09-29T18:02:49.310+0200: 7.491: [ParNew: 609251K->45285K(613440K), 0.0163557 secs] 612795K->48829K(2029056K), 0.0164126 secs] [Times: user=0.13 sys=0.00, real=0.02 secs] 
2020-09-29T18:02:49.375+0200: 7.556: [GC (Allocation Failure) 2020-09-29T18:02:49.376+0200: 7.556: [ParNew: 590629K->39290K(613440K), 0.0145901 secs] 594173K->42834K(2029056K), 0.0146533 secs] [Times: user=0.13 sys=0.00, real=0.02 secs] 
2020-09-29T18:02:49.440+0200: 7.620: [GC (Allocation Failure) 2020-09-29T18:02:49.440+0200: 7.620: [ParNew: 584634K->54049K(613440K), 0.0196693 secs] 588178K->57593K(2029056K), 0.0197299 secs] [Times: user=0.24 sys=0.01, real=0.02 secs] 
2020-09-29T18:02:49.509+0200: 7.689: [GC (Allocation Failure) 2020-09-29T18:02:49.509+0200: 7.689: [ParNew: 599393K->46159K(613440K), 0.0195697 secs] 602937K->49704K(2029056K), 0.0196336 secs] [Times: user=0.13 sys=0.00, real=0.02 secs] 
2020-09-29T18:02:49.578+0200: 7.759: [GC (Allocation Failure) 2020-09-29T18:02:49.578+0200: 7.759: [ParNew: 591503K->65270K(613440K), 0.0233635 secs] 595048K->68814K(2029056K), 0.0234416 secs] [Times: user=0.23 sys=0.00, real=0.02 secs] 
2020-09-29T18:02:49.655+0200: 7.835: [GC (Allocation Failure) 2020-09-29T18:02:49.655+0200: 7.835: [ParNew: 610614K->41980K(613440K), 0.0067031 secs] 614158K->45525K(2029056K), 0.0067629 secs] [Times: user=0.13 sys=0.00, real=0.01 secs] 
2020-09-29T18:02:49.727+0200: 7.907: [GC (Allocation Failure) 2020-09-29T18:02:49.727+0200: 7.908: [ParNew: 587324K->53054K(613440K), 0.0210767 secs] 590869K->56598K(2029056K), 0.0211378 secs] [Times: user=0.13 sys=0.00, real=0.02 secs] 
2020-09-29T18:02:49.798+0200: 7.979: [GC (Allocation Failure) 2020-09-29T18:02:49.798+0200: 7.979: [ParNew: 598398K->61575K(613440K), 0.0215120 secs] 601942K->65120K(2029056K), 0.0215776 secs] [Times: user=0.24 sys=0.00, real=0.02 secs] 
2020-09-29T18:02:49.874+0200: 8.055: [GC (Allocation Failure) 2020-09-29T18:02:49.874+0200: 8.055: [ParNew: 606919K->37548K(613440K), 0.0102217 secs] 610464K->41092K(2029056K), 0.0103051 secs] [Times: user=0.11 sys=0.00, real=0.01 secs] 
2020-09-29T18:02:49.940+0200: 8.120: [GC (Allocation Failure) 2020-09-29T18:02:49.940+0200: 8.120: [ParNew: 582892K->43421K(613440K), 0.0198872 secs] 586436K->46965K(2029056K), 0.0199475 secs] [Times: user=0.25 sys=0.00, real=0.02 secs] 
2020-09-29T18:02:50.008+0200: 8.188: [GC (Allocation Failure) 2020-09-29T18:02:50.008+0200: 8.188: [ParNew: 588765K->36061K(613440K), 0.0132109 secs] 592309K->39605K(2029056K), 0.0132669 secs] [Times: user=0.13 sys=0.00, real=0.01 secs] 
2020-09-29T18:02:50.068+0200: 8.248: [GC (Allocation Failure) 2020-09-29T18:02:50.068+0200: 8.248: [ParNew: 581405K->34446K(613440K), 0.0168048 secs] 584949K->37991K(2029056K), 0.0168650 secs] [Times: user=0.13 sys=0.00, real=0.02 secs] 
2020-09-29T18:02:50.132+0200: 8.313: [GC (Allocation Failure) 2020-09-29T18:02:50.132+0200: 8.313: [ParNew: 579790K->40436K(613440K), 0.0176504 secs] 583335K->43980K(2029056K), 0.0177203 secs] [Times: user=0.13 sys=0.00, real=0.02 secs] 
2020-09-29T18:02:50.200+0200: 8.380: [GC (Allocation Failure) 2020-09-29T18:02:50.200+0200: 8.380: [ParNew: 585780K->54819K(613440K), 0.0247883 secs] 589324K->58363K(2029056K), 0.0248608 secs] [Times: user=0.24 sys=0.00, real=0.02 secs] 
2020-09-29T18:02:50.276+0200: 8.456: [GC (Allocation Failure) 2020-09-29T18:02:50.276+0200: 8.456: [ParNew: 600163K->39000K(613440K), 0.0127174 secs] 603707K->42544K(2029056K), 0.0127738 secs] [Times: user=0.13 sys=0.00, real=0.01 secs] 
2020-09-29T18:02:50.339+0200: 8.519: [GC (Allocation Failure) 2020-09-29T18:02:50.339+0200: 8.520: [ParNew: 584344K->36914K(613440K), 0.0173343 secs] 587888K->40458K(2029056K), 0.0174087 secs] [Times: user=0.13 sys=0.00, real=0.02 secs] 
2020-09-29T18:02:50.414+0200: 8.595: [GC (Allocation Failure) 2020-09-29T18:02:50.414+0200: 8.595: [ParNew: 582258K->55153K(613440K), 0.0251088 secs] 585802K->58698K(2029056K), 0.0251898 secs] [Times: user=0.13 sys=0.00, real=0.02 secs] 
2020-09-29T18:02:50.493+0200: 8.673: [GC (Allocation Failure) 2020-09-29T18:02:50.493+0200: 8.673: [ParNew: 600497K->46422K(613440K), 0.0190522 secs] 604042K->49966K(2029056K), 0.0191305 secs] [Times: user=0.13 sys=0.00, real=0.02 secs] 
2020-09-29T18:02:50.569+0200: 8.750: [GC (Allocation Failure) 2020-09-29T18:02:50.569+0200: 8.750: [ParNew: 591766K->39591K(613440K), 0.0170595 secs] 595310K->43136K(2029056K), 0.0171787 secs] [Times: user=0.11 sys=0.00, real=0.02 secs] 
2020-09-29T18:02:50.649+0200: 8.830: [GC (Allocation Failure) 2020-09-29T18:02:50.649+0200: 8.830: [ParNew: 584935K->48872K(613440K), 0.0214196 secs] 588480K->52417K(2029056K), 0.0215074 secs] [Times: user=0.13 sys=0.00, real=0.02 secs] 
2020-09-29T18:02:50.726+0200: 8.906: [GC (Allocation Failure) 2020-09-29T18:02:50.726+0200: 8.906: [ParNew: 594216K->65066K(613440K), 0.0259307 secs] 597761K->68610K(2029056K), 0.0260062 secs] [Times: user=0.13 sys=0.00, real=0.03 secs] 
2020-09-29T18:02:50.803+0200: 8.983: [GC (Allocation Failure) 2020-09-29T18:02:50.803+0200: 8.983: [ParNew: 610410K->50610K(613440K), 0.0191317 secs] 613954K->54154K(2029056K), 0.0191920 secs] [Times: user=0.09 sys=0.00, real=0.02 secs] 
2020-09-29T18:02:50.874+0200: 9.055: [GC (Allocation Failure) 2020-09-29T18:02:50.874+0200: 9.055: [ParNew: 595954K->38471K(613440K), 0.0189970 secs] 599498K->42016K(2029056K), 0.0190562 secs] [Times: user=0.13 sys=0.00, real=0.02 secs] 
2020-09-29T18:02:50.948+0200: 9.128: [GC (Allocation Failure) 2020-09-29T18:02:50.948+0200: 9.128: [ParNew: 583815K->37221K(613440K), 0.0179231 secs] 587360K->40765K(2029056K), 0.0179848 secs] [Times: user=0.13 sys=0.00, real=0.02 secs] 
2020-09-29T18:02:51.022+0200: 9.202: [GC (Allocation Failure) 2020-09-29T18:02:51.022+0200: 9.202: [ParNew: 582565K->34411K(613440K), 0.0171323 secs] 586109K->37956K(2029056K), 0.0171903 secs] [Times: user=0.13 sys=0.00, real=0.02 secs] 
2020-09-29T18:02:51.091+0200: 9.272: [GC (Allocation Failure) 2020-09-29T18:02:51.091+0200: 9.272: [ParNew: 579755K->31937K(613440K), 0.0142861 secs] 583300K->35481K(2029056K), 0.0143507 secs] [Times: user=0.13 sys=0.00, real=0.01 secs] 
2020-09-29T18:02:51.154+0200: 9.334: [GC (Allocation Failure) 2020-09-29T18:02:51.154+0200: 9.334: [ParNew: 577281K->50699K(613440K), 0.0189875 secs] 580825K->54244K(2029056K), 0.0190469 secs] [Times: user=0.13 sys=0.00, real=0.02 secs] 
2020-09-29T18:02:51.225+0200: 9.406: [GC (Allocation Failure) 2020-09-29T18:02:51.225+0200: 9.406: [ParNew: 596043K->34562K(613440K), 0.0140027 secs] 599588K->38106K(2029056K), 0.0140738 secs] [Times: user=0.13 sys=0.00, real=0.01 secs] 
2020-09-29T18:02:51.291+0200: 9.472: [GC (Allocation Failure) 2020-09-29T18:02:51.291+0200: 9.472: [ParNew: 579906K->46632K(613440K), 0.0214757 secs] 583450K->50176K(2029056K), 0.0215457 secs] [Times: user=0.13 sys=0.00, real=0.02 secs] 
2020-09-29T18:02:51.362+0200: 9.542: [GC (Allocation Failure) 2020-09-29T18:02:51.362+0200: 9.542: [ParNew: 591976K->41912K(613440K), 0.0145577 secs] 595520K->45456K(2029056K), 0.0146125 secs] [Times: user=0.13 sys=0.00, real=0.01 secs] 
2020-09-29T18:02:51.428+0200: 9.609: [GC (Allocation Failure) 2020-09-29T18:02:51.428+0200: 9.609: [ParNew: 587256K->49595K(613440K), 0.0196924 secs] 590800K->53139K(2029056K), 0.0197559 secs] [Times: user=0.13 sys=0.00, real=0.02 secs] 
2020-09-29T18:02:51.495+0200: 9.676: [GC (Allocation Failure) 2020-09-29T18:02:51.495+0200: 9.676: [ParNew: 594939K->51569K(613440K), 0.0191817 secs] 598483K->55113K(2029056K), 0.0192469 secs] [Times: user=0.13 sys=0.00, real=0.02 secs] 
2020-09-29T18:02:51.562+0200: 9.742: [GC (Allocation Failure) 2020-09-29T18:02:51.562+0200: 9.742: [ParNew: 596913K->45579K(613440K), 0.0195681 secs] 600457K->49124K(2029056K), 0.0196463 secs] [Times: user=0.11 sys=0.00, real=0.02 secs] 
2020-09-29T18:02:51.631+0200: 9.811: [GC (Allocation Failure) 2020-09-29T18:02:51.631+0200: 9.811: [ParNew: 590923K->64955K(613440K), 0.0220233 secs] 594468K->68499K(2029056K), 0.0220956 secs] [Times: user=0.13 sys=0.00, real=0.02 secs] 
2020-09-29T18:02:51.707+0200: 9.887: [GC (Allocation Failure) 2020-09-29T18:02:51.707+0200: 9.887: [ParNew: 610299K->48744K(613440K), 0.0204317 secs] 613843K->52289K(2029056K), 0.0205005 secs] [Times: user=0.25 sys=0.00, real=0.02 secs] 
2020-09-29T18:02:51.774+0200: 9.955: [GC (Allocation Failure) 2020-09-29T18:02:51.774+0200: 9.955: [ParNew: 594088K->42597K(613440K), 0.0148194 secs] 597633K->46142K(2029056K), 0.0148942 secs] [Times: user=0.13 sys=0.00, real=0.02 secs] 
2020-09-29T18:02:51.836+0200: 10.017: [GC (Allocation Failure) 2020-09-29T18:02:51.836+0200: 10.017: [ParNew: 587941K->25126K(613440K), 0.0120961 secs] 591486K->28670K(2029056K), 0.0121507 secs] [Times: user=0.13 sys=0.00, real=0.01 secs] 
2020-09-29T18:02:51.908+0200: 10.089: [GC (Allocation Failure) 2020-09-29T18:02:51.908+0200: 10.089: [ParNew: 570470K->38867K(613440K), 0.0179332 secs] 574014K->42411K(2029056K), 0.0179939 secs] [Times: user=0.25 sys=0.00, real=0.02 secs] 
2020-09-29T18:02:51.975+0200: 10.155: [GC (Allocation Failure) 2020-09-29T18:02:51.975+0200: 10.155: [ParNew: 582495K->50805K(613440K), 0.0182619 secs] 586039K->54350K(2029056K), 0.0183187 secs] [Times: user=0.13 sys=0.00, real=0.02 secs] 
2020-09-29T18:02:52.040+0200: 10.221: [GC (Allocation Failure) 2020-09-29T18:02:52.040+0200: 10.221: [ParNew: 596149K->63906K(613440K), 0.0265507 secs] 599694K->67450K(2029056K), 0.0266553 secs] [Times: user=0.14 sys=0.02, real=0.03 secs] 
2020-09-29T18:02:52.115+0200: 10.295: [GC (Allocation Failure) 2020-09-29T18:02:52.115+0200: 10.295: [ParNew: 609250K->56113K(613440K), 0.0226988 secs] 612794K->59658K(2029056K), 0.0227654 secs] [Times: user=0.13 sys=0.00, real=0.02 secs] 
2020-09-29T18:02:52.186+0200: 10.367: [GC (Allocation Failure) 2020-09-29T18:02:52.186+0200: 10.367: [ParNew: 601457K->38197K(613440K), 0.0172884 secs] 605002K->41741K(2029056K), 0.0173550 secs] [Times: user=0.11 sys=0.00, real=0.02 secs] 
2020-09-29T18:02:52.259+0200: 10.440: [GC (Allocation Failure) 2020-09-29T18:02:52.259+0200: 10.440: [ParNew: 583541K->58807K(613440K), 0.0203383 secs] 587085K->62351K(2029056K), 0.0203988 secs] [Times: user=0.13 sys=0.00, real=0.02 secs] 
2020-09-29T18:02:52.331+0200: 10.511: [GC (Allocation Failure) 2020-09-29T18:02:52.331+0200: 10.511: [ParNew: 604151K->39910K(613440K), 0.0182334 secs] 607695K->43454K(2029056K), 0.0183151 secs] [Times: user=0.25 sys=0.00, real=0.02 secs] 
2020-09-29T18:02:52.396+0200: 10.576: [GC (Allocation Failure) 2020-09-29T18:02:52.396+0200: 10.576: [ParNew: 585254K->65497K(613440K), 0.0220893 secs] 588798K->69042K(2029056K), 0.0221528 secs] [Times: user=0.13 sys=0.00, real=0.02 secs] 
2020-09-29T18:02:52.466+0200: 10.647: [GC (Allocation Failure) 2020-09-29T18:02:52.466+0200: 10.647: [ParNew: 610841K->41982K(613440K), 0.0101046 secs] 614386K->45526K(2029056K), 0.0101707 secs] [Times: user=0.13 sys=0.00, real=0.01 secs] 
2020-09-29T18:02:52.527+0200: 10.708: [GC (Allocation Failure) 2020-09-29T18:02:52.527+0200: 10.708: [ParNew: 587326K->33262K(613440K), 0.0153059 secs] 590870K->36806K(2029056K), 0.0153633 secs] [Times: user=0.13 sys=0.00, real=0.02 secs] 
2020-09-29T18:02:52.593+0200: 10.774: [GC (Allocation Failure) 2020-09-29T18:02:52.593+0200: 10.774: [ParNew: 578606K->38014K(613440K), 0.0152976 secs] 582150K->41558K(2029056K), 0.0153595 secs] [Times: user=0.13 sys=0.00, real=0.02 secs] 
2020-09-29T18:02:52.663+0200: 10.843: [GC (Allocation Failure) 2020-09-29T18:02:52.663+0200: 10.843: [ParNew: 583358K->27582K(613440K), 0.0155701 secs] 586902K->31127K(2029056K), 0.0156457 secs] [Times: user=0.13 sys=0.00, real=0.01 secs] 
2020-09-29T18:02:52.732+0200: 10.913: [GC (Allocation Failure) 2020-09-29T18:02:52.732+0200: 10.913: [ParNew: 572926K->47118K(613440K), 0.0202746 secs] 576471K->50663K(2029056K), 0.0203443 secs] [Times: user=0.11 sys=0.00, real=0.02 secs] 
2020-09-29T18:02:52.807+0200: 10.987: [GC (Allocation Failure) 2020-09-29T18:02:52.807+0200: 10.987: [ParNew: 592462K->35112K(613440K), 0.0186309 secs] 596007K->38656K(2029056K), 0.0186883 secs] [Times: user=0.13 sys=0.00, real=0.02 secs] 
2020-09-29T18:02:52.875+0200: 11.056: [GC (Allocation Failure) 2020-09-29T18:02:52.875+0200: 11.056: [ParNew: 580456K->37648K(613440K), 0.0165525 secs] 584000K->41193K(2029056K), 0.0166097 secs] [Times: user=0.13 sys=0.00, real=0.02 secs] 
2020-09-29T18:02:52.939+0200: 11.119: [GC (Allocation Failure) 2020-09-29T18:02:52.939+0200: 11.119: [ParNew: 582992K->33032K(613440K), 0.0156305 secs] 586537K->36577K(2029056K), 0.0156879 secs] [Times: user=0.13 sys=0.00, real=0.02 secs] 
2020-09-29T18:02:53.003+0200: 11.183: [GC (Allocation Failure) 2020-09-29T18:02:53.003+0200: 11.183: [ParNew: 578376K->55216K(613440K), 0.0209730 secs] 581921K->58760K(2029056K), 0.0210327 secs] [Times: user=0.25 sys=0.00, real=0.02 secs] 
2020-09-29T18:02:53.075+0200: 11.256: [GC (Allocation Failure) 2020-09-29T18:02:53.075+0200: 11.256: [ParNew: 600560K->40022K(613440K), 0.0178298 secs] 604104K->43566K(2029056K), 0.0179318 secs] [Times: user=0.13 sys=0.00, real=0.02 secs] 
2020-09-29T18:02:53.144+0200: 11.324: [GC (Allocation Failure) 2020-09-29T18:02:53.144+0200: 11.324: [ParNew: 585366K->40770K(613440K), 0.0172739 secs] 588910K->44314K(2029056K), 0.0173445 secs] [Times: user=0.25 sys=0.00, real=0.02 secs] 
2020-09-29T18:02:53.217+0200: 11.397: [GC (Allocation Failure) 2020-09-29T18:02:53.217+0200: 11.397: [ParNew: 586114K->38357K(613440K), 0.0149116 secs] 589658K->41901K(2029056K), 0.0149789 secs] [Times: user=0.11 sys=0.00, real=0.02 secs] 
2020-09-29T18:02:53.284+0200: 11.464: [GC (Allocation Failure) 2020-09-29T18:02:53.284+0200: 11.464: [ParNew: 583701K->50632K(613440K), 0.0204775 secs] 587245K->54176K(2029056K), 0.0205339 secs] [Times: user=0.23 sys=0.02, real=0.02 secs] 
2020-09-29T18:02:53.354+0200: 11.535: [GC (Allocation Failure) 2020-09-29T18:02:53.354+0200: 11.535: [ParNew: 595976K->39136K(613440K), 0.0157344 secs] 599520K->42680K(2029056K), 0.0158078 secs] [Times: user=0.13 sys=0.00, real=0.02 secs] 
2020-09-29T18:02:53.421+0200: 11.601: [GC (Allocation Failure) 2020-09-29T18:02:53.421+0200: 11.601: [ParNew: 584480K->58831K(613440K), 0.0201484 secs] 588024K->62375K(2029056K), 0.0202017 secs] [Times: user=0.13 sys=0.00, real=0.02 secs] 
2020-09-29T18:02:53.490+0200: 11.670: [GC (Allocation Failure) 2020-09-29T18:02:53.490+0200: 11.670: [ParNew: 604175K->57383K(613440K), 0.0201130 secs] 607719K->60927K(2029056K), 0.0201695 secs] [Times: user=0.13 sys=0.00, real=0.02 secs] 
2020-09-29T18:02:53.558+0200: 11.738: [GC (Allocation Failure) 2020-09-29T18:02:53.558+0200: 11.738: [ParNew: 602727K->37893K(613440K), 0.0136537 secs] 606271K->41437K(2029056K), 0.0137286 secs] [Times: user=0.13 sys=0.00, real=0.01 secs] 
2020-09-29T18:02:53.620+0200: 11.801: [GC (Allocation Failure) 2020-09-29T18:02:53.620+0200: 11.801: [ParNew: 583237K->21220K(613440K), 0.0142321 secs] 586781K->24765K(2029056K), 0.0142927 secs] [Times: user=0.11 sys=0.00, real=0.02 secs] 
2020-09-29T18:02:53.683+0200: 11.863: [GC (Allocation Failure) 2020-09-29T18:02:53.683+0200: 11.863: [ParNew: 566564K->18589K(613440K), 0.0095052 secs] 570109K->22134K(2029056K), 0.0095788 secs] [Times: user=0.13 sys=0.00, real=0.01 secs] 
2020-09-29T18:02:53.739+0200: 11.920: [GC (Allocation Failure) 2020-09-29T18:02:53.739+0200: 11.920: [ParNew: 563933K->41434K(613440K), 0.0194700 secs] 567478K->44978K(2029056K), 0.0195273 secs] [Times: user=0.13 sys=0.00, real=0.02 secs] 
2020-09-29T18:02:53.806+0200: 11.986: [GC (Allocation Failure) 2020-09-29T18:02:53.806+0200: 11.986: [ParNew: 586778K->55055K(613440K), 0.0184941 secs] 590322K->58600K(2029056K), 0.0185478 secs] [Times: user=0.13 sys=0.00, real=0.02 secs] 
2020-09-29T18:02:53.879+0200: 12.059: [GC (Allocation Failure) 2020-09-29T18:02:53.879+0200: 12.059: [ParNew: 600399K->66427K(613440K), 0.0236835 secs] 603944K->69971K(2029056K), 0.0237625 secs] [Times: user=0.25 sys=0.00, real=0.02 secs] 
2020-09-29T18:02:53.950+0200: 12.130: [GC (Allocation Failure) 2020-09-29T18:02:53.950+0200: 12.130: [ParNew: 611771K->68096K(613440K), 0.0231658 secs] 615315K->71746K(2029056K), 0.0232331 secs] [Times: user=0.25 sys=0.00, real=0.02 secs] 
2020-09-29T18:02:54.020+0200: 12.201: [GC (Allocation Failure) 2020-09-29T18:02:54.020+0200: 12.201: [ParNew: 613440K->46151K(613440K), 0.0121456 secs] 617090K->49802K(2029056K), 0.0122014 secs] [Times: user=0.00 sys=0.00, real=0.01 secs] 
2020-09-29T18:02:54.084+0200: 12.264: [GC (Allocation Failure) 2020-09-29T18:02:54.084+0200: 12.264: [ParNew: 591495K->33990K(613440K), 0.0151466 secs] 595146K->37641K(2029056K), 0.0152096 secs] [Times: user=0.13 sys=0.00, real=0.01 secs] 
2020-09-29T18:02:54.148+0200: 12.328: [GC (Allocation Failure) 2020-09-29T18:02:54.148+0200: 12.328: [ParNew: 579334K->40354K(613440K), 0.0153232 secs] 582985K->44005K(2029056K), 0.0153875 secs] [Times: user=0.13 sys=0.00, real=0.02 secs] 
2020-09-29T18:02:54.220+0200: 12.400: [GC (Allocation Failure) 2020-09-29T18:02:54.220+0200: 12.400: [ParNew: 585698K->53824K(613440K), 0.0214697 secs] 589349K->57475K(2029056K), 0.0215669 secs] [Times: user=0.25 sys=0.00, real=0.02 secs] 
2020-09-29T18:02:54.291+0200: 12.471: [GC (Allocation Failure) 2020-09-29T18:02:54.291+0200: 12.471: [ParNew: 599168K->51500K(613440K), 0.0187905 secs] 602819K->55151K(2029056K), 0.0188479 secs] [Times: user=0.13 sys=0.00, real=0.02 secs] 
2020-09-29T18:02:54.356+0200: 12.536: [GC (Allocation Failure) 2020-09-29T18:02:54.356+0200: 12.536: [ParNew: 596844K->63833K(613440K), 0.0229460 secs] 600495K->67484K(2029056K), 0.0230099 secs] [Times: user=0.13 sys=0.00, real=0.02 secs] 
2020-09-29T18:02:54.428+0200: 12.608: [GC (Allocation Failure) 2020-09-29T18:02:54.431+0200: 12.611: [ParNew: 609177K->52252K(613440K), 0.0170816 secs] 612828K->55903K(2029056K), 0.0197590 secs] [Times: user=0.13 sys=0.00, real=0.02 secs] 
2020-09-29T18:02:54.496+0200: 12.676: [GC (Allocation Failure) 2020-09-29T18:02:54.496+0200: 12.676: [ParNew: 597596K->44994K(613440K), 0.0163970 secs] 601247K->48645K(2029056K), 0.0164578 secs] [Times: user=0.13 sys=0.00, real=0.02 secs] 
2020-09-29T18:02:54.559+0200: 12.740: [GC (Allocation Failure) 2020-09-29T18:02:54.559+0200: 12.740: [ParNew: 590338K->62816K(613440K), 0.0257697 secs] 593989K->66467K(2029056K), 0.0258690 secs] [Times: user=0.25 sys=0.00, real=0.03 secs] 
2020-09-29T18:02:54.634+0200: 12.814: [GC (Allocation Failure) 2020-09-29T18:02:54.634+0200: 12.814: [ParNew: 608160K->59458K(613440K), 0.0227327 secs] 611811K->63108K(2029056K), 0.0228090 secs] [Times: user=0.11 sys=0.00, real=0.02 secs] 
2020-09-29T18:02:54.704+0200: 12.884: [GC (Allocation Failure) 2020-09-29T18:02:54.704+0200: 12.884: [ParNew: 604802K->43205K(613440K), 0.0144202 secs] 608452K->46855K(2029056K), 0.0144759 secs] [Times: user=0.13 sys=0.00, real=0.02 secs] 
2020-09-29T18:02:54.768+0200: 12.948: [GC (Allocation Failure) 2020-09-29T18:02:54.768+0200: 12.948: [ParNew: 588549K->43191K(613440K), 0.0187828 secs] 592199K->46841K(2029056K), 0.0188511 secs] [Times: user=0.24 sys=0.00, real=0.02 secs] 
2020-09-29T18:02:54.834+0200: 13.014: [GC (Allocation Failure) 2020-09-29T18:02:54.834+0200: 13.014: [ParNew: 588535K->37788K(613440K), 0.0180080 secs] 592185K->41439K(2029056K), 0.0180880 secs] [Times: user=0.13 sys=0.00, real=0.02 secs] 
2020-09-29T18:02:54.901+0200: 13.081: [GC (Allocation Failure) 2020-09-29T18:02:54.901+0200: 13.081: [ParNew: 583132K->37547K(613440K), 0.0165136 secs] 586783K->41198K(2029056K), 0.0165764 secs] [Times: user=0.13 sys=0.00, real=0.02 secs] 
2020-09-29T18:02:54.969+0200: 13.149: [GC (Allocation Failure) 2020-09-29T18:02:54.969+0200: 13.149: [ParNew: 582891K->38052K(613440K), 0.0156701 secs] 586542K->41702K(2029056K), 0.0157276 secs] [Times: user=0.13 sys=0.00, real=0.02 secs] 
2020-09-29T18:02:55.034+0200: 13.214: [GC (Allocation Failure) 2020-09-29T18:02:55.034+0200: 13.214: [ParNew: 583396K->61999K(613440K), 0.0258502 secs] 587046K->65650K(2029056K), 0.0259193 secs] [Times: user=0.23 sys=0.00, real=0.03 secs] 
2020-09-29T18:02:55.109+0200: 13.289: [GC (Allocation Failure) 2020-09-29T18:02:55.109+0200: 13.289: [ParNew: 607343K->57246K(613440K), 0.0202794 secs] 610994K->60896K(2029056K), 0.0203599 secs] [Times: user=0.13 sys=0.00, real=0.02 secs] 
2020-09-29T18:02:55.177+0200: 13.357: [GC (Allocation Failure) 2020-09-29T18:02:55.177+0200: 13.357: [ParNew: 602590K->46067K(613440K), 0.0202146 secs] 606240K->49718K(2029056K), 0.0203195 secs] [Times: user=0.13 sys=0.00, real=0.02 secs] 
2020-09-29T18:02:55.248+0200: 13.428: [GC (Allocation Failure) 2020-09-29T18:02:55.248+0200: 13.428: [ParNew: 591411K->36675K(613440K), 0.0125642 secs] 595062K->40326K(2029056K), 0.0126233 secs] [Times: user=0.13 sys=0.00, real=0.01 secs] 
2020-09-29T18:02:55.313+0200: 13.494: [GC (Allocation Failure) 2020-09-29T18:02:55.313+0200: 13.494: [ParNew: 582019K->36998K(613440K), 0.0175350 secs] 585670K->40649K(2029056K), 0.0175927 secs] [Times: user=0.13 sys=0.00, real=0.02 secs] 
2020-09-29T18:02:55.379+0200: 13.560: [GC (Allocation Failure) 2020-09-29T18:02:55.379+0200: 13.560: [ParNew: 582342K->43399K(613440K), 0.0169422 secs] 585993K->47050K(2029056K), 0.0170037 secs] [Times: user=0.25 sys=0.00, real=0.02 secs] 
2020-09-29T18:02:55.443+0200: 13.623: [GC (Allocation Failure) 2020-09-29T18:02:55.443+0200: 13.623: [ParNew: 588743K->62656K(613440K), 0.0259998 secs] 592394K->66307K(2029056K), 0.0260705 secs] [Times: user=0.13 sys=0.00, real=0.03 secs] 
2020-09-29T18:02:55.518+0200: 13.698: [GC (Allocation Failure) 2020-09-29T18:02:55.518+0200: 13.698: [ParNew: 608000K->52770K(613440K), 0.0201773 secs] 611651K->56421K(2029056K), 0.0202304 secs] [Times: user=0.25 sys=0.00, real=0.02 secs] 
2020-09-29T18:02:55.589+0200: 13.770: [GC (Allocation Failure) 2020-09-29T18:02:55.589+0200: 13.770: [ParNew: 598114K->46529K(613440K), 0.0197681 secs] 601765K->50179K(2029056K), 0.0198316 secs] [Times: user=0.13 sys=0.00, real=0.02 secs] 
2020-09-29T18:02:55.662+0200: 13.842: [GC (Allocation Failure) 2020-09-29T18:02:55.662+0200: 13.842: [ParNew: 591873K->46527K(613440K), 0.0189705 secs] 595523K->50178K(2029056K), 0.0190475 secs] [Times: user=0.13 sys=0.00, real=0.02 secs] 
2020-09-29T18:02:55.728+0200: 13.908: [GC (Allocation Failure) 2020-09-29T18:02:55.728+0200: 13.908: [ParNew: 591871K->39207K(613440K), 0.0183579 secs] 595522K->42858K(2029056K), 0.0184137 secs] [Times: user=0.13 sys=0.00, real=0.02 secs] 
2020-09-29T18:02:55.793+0200: 13.974: [GC (Allocation Failure) 2020-09-29T18:02:55.793+0200: 13.974: [ParNew: 584551K->35620K(613440K), 0.0173377 secs] 588202K->39270K(2029056K), 0.0174135 secs] [Times: user=0.13 sys=0.00, real=0.02 secs] 
2020-09-29T18:02:55.863+0200: 14.043: [GC (Allocation Failure) 2020-09-29T18:02:55.863+0200: 14.043: [ParNew: 580964K->37105K(613440K), 0.0164015 secs] 584614K->40755K(2029056K), 0.0164613 secs] [Times: user=0.13 sys=0.00, real=0.02 secs] 
2020-09-29T18:02:55.928+0200: 14.108: [GC (Allocation Failure) 2020-09-29T18:02:55.928+0200: 14.108: [ParNew: 582449K->57443K(613440K), 0.0210612 secs] 586099K->61094K(2029056K), 0.0211285 secs] [Times: user=0.13 sys=0.00, real=0.02 secs] 
2020-09-29T18:02:55.999+0200: 14.180: [GC (Allocation Failure) 2020-09-29T18:02:55.999+0200: 14.180: [ParNew: 602787K->45049K(613440K), 0.0198618 secs] 606438K->48699K(2029056K), 0.0199515 secs] [Times: user=0.13 sys=0.00, real=0.02 secs] 
2020-09-29T18:02:56.069+0200: 14.249: [GC (Allocation Failure) 2020-09-29T18:02:56.069+0200: 14.249: [ParNew: 590393K->47466K(613440K), 0.0198584 secs] 594043K->51117K(2029056K), 0.0199144 secs] [Times: user=0.13 sys=0.00, real=0.02 secs] 
2020-09-29T18:02:56.137+0200: 14.317: [GC (Allocation Failure) 2020-09-29T18:02:56.137+0200: 14.318: [ParNew: 592810K->68096K(613440K), 0.0248447 secs] 596461K->72364K(2029056K), 0.0249031 secs] [Times: user=0.25 sys=0.00, real=0.02 secs] 
2020-09-29T18:02:56.212+0200: 14.393: [GC (Allocation Failure) 2020-09-29T18:02:56.213+0200: 14.393: [ParNew: 613440K->42101K(613440K), 0.0128247 secs] 617708K->46370K(2029056K), 0.0128985 secs] [Times: user=0.13 sys=0.00, real=0.01 secs] 
2020-09-29T18:02:56.278+0200: 14.458: [GC (Allocation Failure) 2020-09-29T18:02:56.278+0200: 14.458: [ParNew: 587445K->56300K(613440K), 0.0215396 secs] 591714K->60568K(2029056K), 0.0216000 secs] [Times: user=0.13 sys=0.00, real=0.02 secs] 
2020-09-29T18:02:56.351+0200: 14.531: [GC (Allocation Failure) 2020-09-29T18:02:56.351+0200: 14.531: [ParNew: 601644K->42420K(613440K), 0.0157199 secs] 605912K->46689K(2029056K), 0.0157895 secs] [Times: user=0.13 sys=0.00, real=0.02 secs] 
2020-09-29T18:02:56.415+0200: 14.595: [GC (Allocation Failure) 2020-09-29T18:02:56.415+0200: 14.595: [ParNew: 587764K->33520K(613440K), 0.0149858 secs] 592033K->37789K(2029056K), 0.0150449 secs] [Times: user=0.13 sys=0.00, real=0.02 secs] 
2020-09-29T18:02:56.481+0200: 14.661: [GC (Allocation Failure) 2020-09-29T18:02:56.481+0200: 14.661: [ParNew: 578864K->54033K(613440K), 0.0208037 secs] 583133K->58301K(2029056K), 0.0208598 secs] [Times: user=0.13 sys=0.00, real=0.02 secs] 
2020-09-29T18:02:56.549+0200: 14.729: [GC (Allocation Failure) 2020-09-29T18:02:56.549+0200: 14.729: [ParNew: 599377K->68096K(613440K), 0.0239949 secs] 603645K->72364K(2029056K), 0.0240819 secs] [Times: user=0.23 sys=0.00, real=0.02 secs] 
2020-09-29T18:02:56.623+0200: 14.804: [GC (Allocation Failure) 2020-09-29T18:02:56.624+0200: 14.804: [ParNew: 613440K->52038K(613440K), 0.0197253 secs] 617708K->56306K(2029056K), 0.0197971 secs] [Times: user=0.13 sys=0.00, real=0.02 secs] 
2020-09-29T18:02:56.694+0200: 14.874: [GC (Allocation Failure) 2020-09-29T18:02:56.694+0200: 14.874: [ParNew: 597382K->43834K(613440K), 0.0185931 secs] 601650K->48103K(2029056K), 0.0186487 secs] [Times: user=0.13 sys=0.00, real=0.02 secs] 
2020-09-29T18:02:56.760+0200: 14.941: [GC (Allocation Failure) 2020-09-29T18:02:56.760+0200: 14.941: [ParNew: 589178K->41963K(613440K), 0.0158332 secs] 593447K->46231K(2029056K), 0.0158958 secs] [Times: user=0.13 sys=0.00, real=0.02 secs] 
2020-09-29T18:02:56.829+0200: 15.009: [GC (Allocation Failure) 2020-09-29T18:02:56.829+0200: 15.009: [ParNew: 587307K->39469K(613440K), 0.0151412 secs] 591575K->43737K(2029056K), 0.0151930 secs] [Times: user=0.13 sys=0.00, real=0.02 secs] 
2020-09-29T18:02:56.893+0200: 15.074: [GC (Allocation Failure) 2020-09-29T18:02:56.893+0200: 15.074: [ParNew: 584813K->57899K(613440K), 0.0207116 secs] 589081K->62167K(2029056K), 0.0207659 secs] [Times: user=0.25 sys=0.00, real=0.02 secs] 
2020-09-29T18:02:56.963+0200: 15.143: [GC (Allocation Failure) 2020-09-29T18:02:56.963+0200: 15.143: [ParNew: 603243K->42837K(613440K), 0.0155283 secs] 607511K->47105K(2029056K), 0.0156040 secs] [Times: user=0.13 sys=0.00, real=0.01 secs] 
2020-09-29T18:02:57.030+0200: 15.211: [GC (Allocation Failure) 2020-09-29T18:02:57.030+0200: 15.211: [ParNew: 588181K->43738K(613440K), 0.0192587 secs] 592449K->48006K(2029056K), 0.0193171 secs] [Times: user=0.13 sys=0.00, real=0.02 secs] 
2020-09-29T18:02:57.099+0200: 15.280: [GC (Allocation Failure) 2020-09-29T18:02:57.099+0200: 15.280: [ParNew: 589082K->64536K(613440K), 0.0231948 secs] 593350K->68805K(2029056K), 0.0232599 secs] [Times: user=0.13 sys=0.00, real=0.02 secs] 
2020-09-29T18:02:57.171+0200: 15.351: [GC (Allocation Failure) 2020-09-29T18:02:57.171+0200: 15.351: [ParNew: 609880K->49655K(613440K), 0.0168413 secs] 614149K->53923K(2029056K), 0.0169497 secs] [Times: user=0.13 sys=0.00, real=0.02 secs] 
2020-09-29T18:02:57.241+0200: 15.422: [GC (Allocation Failure) 2020-09-29T18:02:57.241+0200: 15.422: [ParNew: 594999K->41160K(613440K), 0.0160760 secs] 599267K->45428K(2029056K), 0.0161325 secs] [Times: user=0.13 sys=0.00, real=0.02 secs] 
2020-09-29T18:02:57.306+0200: 15.486: [GC (Allocation Failure) 2020-09-29T18:02:57.306+0200: 15.486: [ParNew: 586504K->36717K(613440K), 0.0149134 secs] 590772K->40985K(2029056K), 0.0149687 secs] [Times: user=0.13 sys=0.00, real=0.02 secs] 
2020-09-29T18:02:57.368+0200: 15.548: [GC (Allocation Failure) 2020-09-29T18:02:57.368+0200: 15.548: [ParNew: 582061K->35122K(613440K), 0.0138944 secs] 586329K->39390K(2029056K), 0.0139518 secs] [Times: user=0.13 sys=0.00, real=0.01 secs] 
2020-09-29T18:02:57.429+0200: 15.610: [GC (Allocation Failure) 2020-09-29T18:02:57.429+0200: 15.610: [ParNew: 580466K->53838K(613440K), 0.0194313 secs] 584734K->58106K(2029056K), 0.0194880 secs] [Times: user=0.13 sys=0.00, real=0.02 secs] 
2020-09-29T18:02:57.497+0200: 15.677: [GC (Allocation Failure) 2020-09-29T18:02:57.497+0200: 15.677: [ParNew: 599182K->56360K(613440K), 0.0193381 secs] 603450K->60628K(2029056K), 0.0193938 secs] [Times: user=0.13 sys=0.00, real=0.02 secs] 
2020-09-29T18:02:57.569+0200: 15.749: [GC (Allocation Failure) 2020-09-29T18:02:57.569+0200: 15.749: [ParNew: 601704K->38707K(613440K), 0.0125207 secs] 605972K->42975K(2029056K), 0.0125868 secs] [Times: user=0.00 sys=0.00, real=0.01 secs] 
2020-09-29T18:02:57.634+0200: 15.814: [GC (Allocation Failure) 2020-09-29T18:02:57.634+0200: 15.814: [ParNew: 584051K->37761K(613440K), 0.0164507 secs] 588319K->42029K(2029056K), 0.0165146 secs] [Times: user=0.13 sys=0.00, real=0.02 secs] 
2020-09-29T18:02:57.701+0200: 15.882: [GC (Allocation Failure) 2020-09-29T18:02:57.702+0200: 15.882: [ParNew: 583105K->52401K(613440K), 0.0209385 secs] 587373K->56670K(2029056K), 0.0210178 secs] [Times: user=0.14 sys=0.00, real=0.02 secs] 
2020-09-29T18:02:57.771+0200: 15.951: [GC (Allocation Failure) 2020-09-29T18:02:57.771+0200: 15.951: [ParNew: 597745K->46497K(613440K), 0.0148111 secs] 602014K->50766K(2029056K), 0.0148874 secs] [Times: user=0.00 sys=0.02, real=0.02 secs] 
2020-09-29T18:02:57.835+0200: 16.015: [GC (Allocation Failure) 2020-09-29T18:02:57.835+0200: 16.015: [ParNew: 591841K->43731K(613440K), 0.0193234 secs] 596110K->47999K(2029056K), 0.0193777 secs] [Times: user=0.13 sys=0.00, real=0.02 secs] 
2020-09-29T18:02:57.901+0200: 16.081: [GC (Allocation Failure) 2020-09-29T18:02:57.901+0200: 16.081: [ParNew: 589075K->45753K(613440K), 0.0187913 secs] 593343K->50021K(2029056K), 0.0188463 secs] [Times: user=0.13 sys=0.00, real=0.02 secs] 
2020-09-29T18:02:57.968+0200: 16.148: [GC (Allocation Failure) 2020-09-29T18:02:57.968+0200: 16.148: [ParNew: 591097K->68096K(613440K), 0.0246215 secs] 595365K->72752K(2029056K), 0.0247166 secs] [Times: user=0.25 sys=0.00, real=0.02 secs] 
2020-09-29T18:02:58.041+0200: 16.221: [GC (Allocation Failure) 2020-09-29T18:02:58.041+0200: 16.221: [ParNew: 613440K->57312K(613440K), 0.0237218 secs] 618096K->61968K(2029056K), 0.0237796 secs] [Times: user=0.13 sys=0.00, real=0.02 secs] 
2020-09-29T18:02:58.113+0200: 16.293: [GC (Allocation Failure) 2020-09-29T18:02:58.113+0200: 16.293: [ParNew: 602656K->43250K(613440K), 0.0167204 secs] 607312K->47906K(2029056K), 0.0167904 secs] [Times: user=0.25 sys=0.00, real=0.02 secs] 
2020-09-29T18:02:58.179+0200: 16.360: [GC (Allocation Failure) 2020-09-29T18:02:58.179+0200: 16.360: [ParNew: 588594K->50404K(613440K), 0.0192251 secs] 593250K->55060K(2029056K), 0.0193005 secs] [Times: user=0.11 sys=0.00, real=0.02 secs] 
2020-09-29T18:02:58.252+0200: 16.432: [GC (Allocation Failure) 2020-09-29T18:02:58.252+0200: 16.432: [ParNew: 595748K->43500K(613440K), 0.0154859 secs] 600404K->48156K(2029056K), 0.0155413 secs] [Times: user=0.13 sys=0.00, real=0.01 secs] 
2020-09-29T18:02:58.318+0200: 16.498: [GC (Allocation Failure) 2020-09-29T18:02:58.318+0200: 16.499: [ParNew: 587920K->17859K(613440K), 0.0077814 secs] 592576K->22515K(2029056K), 0.0078552 secs] [Times: user=0.00 sys=0.00, real=0.01 secs] 
2020-09-29T18:02:58.376+0200: 16.556: [GC (Allocation Failure) 2020-09-29T18:02:58.376+0200: 16.556: [ParNew: 563203K->8661K(613440K), 0.0053467 secs] 567859K->13317K(2029056K), 0.0054043 secs] [Times: user=0.13 sys=0.00, real=0.01 secs] 
2020-09-29T18:02:58.427+0200: 16.608: [GC (Allocation Failure) 2020-09-29T18:02:58.427+0200: 16.608: [ParNew: 554005K->45526K(613440K), 0.0213270 secs] 558661K->50183K(2029056K), 0.0213822 secs] [Times: user=0.13 sys=0.00, real=0.02 secs] 
2020-09-29T18:02:58.495+0200: 16.676: [GC (Allocation Failure) 2020-09-29T18:02:58.495+0200: 16.676: [ParNew: 590870K->56952K(613440K), 0.0199322 secs] 595527K->61609K(2029056K), 0.0274298 secs] [Times: user=0.13 sys=0.00, real=0.03 secs] 
2020-09-29T18:02:58.573+0200: 16.753: [GC (Allocation Failure) 2020-09-29T18:02:58.573+0200: 16.753: [ParNew: 602296K->54352K(613440K), 0.0204812 secs] 606953K->59008K(2029056K), 0.0205537 secs] [Times: user=0.11 sys=0.00, real=0.02 secs] 
2020-09-29T18:02:58.642+0200: 16.823: [GC (Allocation Failure) 2020-09-29T18:02:58.643+0200: 16.823: [ParNew: 599696K->41378K(613440K), 0.0203020 secs] 604352K->46034K(2029056K), 0.0203815 secs] [Times: user=0.25 sys=0.00, real=0.02 secs] 
2020-09-29T18:02:58.713+0200: 16.894: [GC (Allocation Failure) 2020-09-29T18:02:58.713+0200: 16.894: [ParNew: 586722K->42260K(613440K), 0.0186391 secs] 591378K->46916K(2029056K), 0.0187230 secs] [Times: user=0.13 sys=0.00, real=0.02 secs] 
2020-09-29T18:02:58.789+0200: 16.970: [GC (Allocation Failure) 2020-09-29T18:02:58.789+0200: 16.970: [ParNew: 587604K->35576K(613440K), 0.0201597 secs] 592260K->40233K(2029056K), 0.0202511 secs] [Times: user=0.13 sys=0.00, real=0.02 secs] 
2020-09-29T18:02:58.864+0200: 17.045: [GC (Allocation Failure) 2020-09-29T18:02:58.864+0200: 17.045: [ParNew: 580920K->36634K(613440K), 0.0162575 secs] 585577K->41290K(2029056K), 0.0163275 secs] [Times: user=0.13 sys=0.00, real=0.02 secs] 
2020-09-29T18:02:58.929+0200: 17.110: [GC (Allocation Failure) 2020-09-29T18:02:58.929+0200: 17.110: [ParNew: 581978K->59703K(613440K), 0.0209747 secs] 586634K->64359K(2029056K), 0.0210446 secs] [Times: user=0.13 sys=0.00, real=0.02 secs] 
2020-09-29T18:02:58.997+0200: 17.177: [GC (Allocation Failure) 2020-09-29T18:02:58.997+0200: 17.177: [ParNew: 605047K->46146K(613440K), 0.0204370 secs] 609703K->50802K(2029056K), 0.0205066 secs] [Times: user=0.13 sys=0.00, real=0.02 secs] 
2020-09-29T18:02:59.067+0200: 17.248: [GC (Allocation Failure) 2020-09-29T18:02:59.067+0200: 17.248: [ParNew: 591490K->39851K(613440K), 0.0138455 secs] 596146K->44507K(2029056K), 0.0139161 secs] [Times: user=0.00 sys=0.00, real=0.01 secs] 
2020-09-29T18:02:59.131+0200: 17.312: [GC (Allocation Failure) 2020-09-29T18:02:59.131+0200: 17.312: [ParNew: 585195K->38059K(613440K), 0.0136843 secs] 589851K->42715K(2029056K), 0.0137554 secs] [Times: user=0.13 sys=0.00, real=0.01 secs] 
2020-09-29T18:02:59.203+0200: 17.384: [GC (Allocation Failure) 2020-09-29T18:02:59.203+0200: 17.384: [ParNew: 583403K->38823K(613440K), 0.0214578 secs] 588059K->43479K(2029056K), 0.0215209 secs] [Times: user=0.23 sys=0.00, real=0.02 secs] 
2020-09-29T18:02:59.284+0200: 17.464: [GC (Allocation Failure) 2020-09-29T18:02:59.284+0200: 17.464: [ParNew: 584167K->54333K(613440K), 0.0499784 secs] 588823K->58989K(2029056K), 0.0500879 secs] [Times: user=0.45 sys=0.00, real=0.05 secs] 
2020-09-29T18:02:59.384+0200: 17.565: [GC (Allocation Failure) 2020-09-29T18:02:59.384+0200: 17.565: [ParNew: 599677K->68096K(613440K), 0.0221616 secs] 604333K->72754K(2029056K), 0.0222168 secs] [Times: user=0.13 sys=0.00, real=0.02 secs] 
2020-09-29T18:02:59.453+0200: 17.634: [GC (Allocation Failure) 2020-09-29T18:02:59.453+0200: 17.634: [ParNew: 613440K->48002K(613440K), 0.0159729 secs] 618098K->52661K(2029056K), 0.0160273 secs] [Times: user=0.13 sys=0.00, real=0.02 secs] 
2020-09-29T18:02:59.518+0200: 17.699: [GC (Allocation Failure) 2020-09-29T18:02:59.518+0200: 17.699: [ParNew: 593346K->24729K(613440K), 0.0138710 secs] 598005K->29387K(2029056K), 0.0139268 secs] [Times: user=0.13 sys=0.00, real=0.01 secs] 
2020-09-29T18:02:59.580+0200: 17.761: [GC (Allocation Failure) 2020-09-29T18:02:59.580+0200: 17.761: [ParNew: 570073K->48653K(613440K), 0.0175495 secs] 574731K->53312K(2029056K), 0.0176195 secs] [Times: user=0.23 sys=0.00, real=0.02 secs] 
2020-09-29T18:02:59.652+0200: 17.833: [GC (Allocation Failure) 2020-09-29T18:02:59.652+0200: 17.833: [ParNew: 593997K->36433K(613440K), 0.0174465 secs] 598656K->41091K(2029056K), 0.0175209 secs] [Times: user=0.13 sys=0.00, real=0.02 secs] 
2020-09-29T18:02:59.719+0200: 17.899: [GC (Allocation Failure) 2020-09-29T18:02:59.719+0200: 17.899: [ParNew: 581777K->31149K(613440K), 0.0160780 secs] 586435K->35808K(2029056K), 0.0161484 secs] [Times: user=0.13 sys=0.00, real=0.02 secs] 
2020-09-29T18:02:59.790+0200: 17.971: [GC (Allocation Failure) 2020-09-29T18:02:59.790+0200: 17.971: [ParNew: 576493K->55300K(613440K), 0.0204195 secs] 581152K->59959K(2029056K), 0.0204961 secs] [Times: user=0.13 sys=0.00, real=0.02 secs] 
2020-09-29T18:02:59.859+0200: 18.040: [GC (Allocation Failure) 2020-09-29T18:02:59.859+0200: 18.040: [ParNew: 600644K->58635K(613440K), 0.0213492 secs] 605303K->63294K(2029056K), 0.0214028 secs] [Times: user=0.22 sys=0.00, real=0.02 secs] 
2020-09-29T18:02:59.930+0200: 18.110: [GC (Allocation Failure) 2020-09-29T18:02:59.930+0200: 18.110: [ParNew: 603979K->38250K(613440K), 0.0132358 secs] 608638K->42909K(2029056K), 0.0132907 secs] [Times: user=0.13 sys=0.00, real=0.01 secs] 
2020-09-29T18:02:59.994+0200: 18.174: [GC (Allocation Failure) 2020-09-29T18:02:59.994+0200: 18.174: [ParNew: 583594K->51773K(613440K), 0.0223491 secs] 588253K->56432K(2029056K), 0.0224383 secs] [Times: user=0.13 sys=0.00, real=0.02 secs] 
2020-09-29T18:03:00.066+0200: 18.246: [GC (Allocation Failure) 2020-09-29T18:03:00.066+0200: 18.246: [ParNew: 597117K->45495K(613440K), 0.0162794 secs] 601776K->50154K(2029056K), 0.0163401 secs] [Times: user=0.23 sys=0.00, real=0.02 secs] 
2020-09-29T18:03:00.132+0200: 18.312: [GC (Allocation Failure) 2020-09-29T18:03:00.132+0200: 18.312: [ParNew: 590839K->61158K(613440K), 0.0211192 secs] 595498K->65816K(2029056K), 0.0211919 secs] [Times: user=0.13 sys=0.00, real=0.02 secs] 
2020-09-29T18:03:00.202+0200: 18.383: [GC (Allocation Failure) 2020-09-29T18:03:00.202+0200: 18.383: [ParNew: 606502K->68096K(613440K), 0.0299521 secs] 611160K->73611K(2029056K), 0.0300113 secs] [Times: user=0.23 sys=0.00, real=0.03 secs] 
2020-09-29T18:03:00.283+0200: 18.463: [GC (Allocation Failure) 2020-09-29T18:03:00.283+0200: 18.463: [ParNew: 613440K->68096K(613440K), 0.0255205 secs] 618955K->73611K(2029056K), 0.0255912 secs] [Times: user=0.25 sys=0.00, real=0.03 secs] 
2020-09-29T18:03:00.357+0200: 18.538: [GC (Allocation Failure) 2020-09-29T18:03:00.357+0200: 18.538: [ParNew: 613440K->49917K(613440K), 0.0129744 secs] 618955K->55432K(2029056K), 0.0130396 secs] [Times: user=0.11 sys=0.00, real=0.01 secs] 
2020-09-29T18:03:00.423+0200: 18.603: [GC (Allocation Failure) 2020-09-29T18:03:00.423+0200: 18.603: [ParNew: 595261K->40663K(613440K), 0.0164803 secs] 600776K->46178K(2029056K), 0.0165374 secs] [Times: user=0.13 sys=0.00, real=0.02 secs] 
2020-09-29T18:03:00.491+0200: 18.671: [GC (Allocation Failure) 2020-09-29T18:03:00.491+0200: 18.671: [ParNew: 586007K->51771K(613440K), 0.0206576 secs] 591522K->57287K(2029056K), 0.0207195 secs] [Times: user=0.13 sys=0.00, real=0.02 secs] 
2020-09-29T18:03:00.562+0200: 18.742: [GC (Allocation Failure) 2020-09-29T18:03:00.562+0200: 18.742: [ParNew: 597115K->47945K(613440K), 0.0149482 secs] 602631K->53461K(2029056K), 0.0150172 secs] [Times: user=0.11 sys=0.00, real=0.01 secs] 
2020-09-29T18:03:00.632+0200: 18.813: [GC (Allocation Failure) 2020-09-29T18:03:00.632+0200: 18.813: [ParNew: 593289K->42099K(613440K), 0.0144852 secs] 598805K->47615K(2029056K), 0.0145459 secs] [Times: user=0.13 sys=0.00, real=0.02 secs] 
2020-09-29T18:03:00.703+0200: 18.884: [GC (Allocation Failure) 2020-09-29T18:03:00.703+0200: 18.884: [ParNew: 587443K->45921K(613440K), 0.0193566 secs] 592959K->51436K(2029056K), 0.0194169 secs] [Times: user=0.13 sys=0.00, real=0.02 secs] 
2020-09-29T18:03:00.771+0200: 18.951: [GC (Allocation Failure) 2020-09-29T18:03:00.771+0200: 18.951: [ParNew: 591265K->55440K(613440K), 0.0178124 secs] 596780K->60956K(2029056K), 0.0178877 secs] [Times: user=0.13 sys=0.00, real=0.02 secs] 
2020-09-29T18:03:00.840+0200: 19.020: [GC (Allocation Failure) 2020-09-29T18:03:00.840+0200: 19.020: [ParNew: 600784K->43816K(613440K), 0.0170716 secs] 606300K->49332K(2029056K), 0.0171696 secs] [Times: user=0.13 sys=0.00, real=0.02 secs] 
2020-09-29T18:03:00.906+0200: 19.086: [GC (Allocation Failure) 2020-09-29T18:03:00.906+0200: 19.086: [ParNew: 589160K->52248K(613440K), 0.0278332 secs] 594676K->57763K(2029056K), 0.0279544 secs] [Times: user=0.25 sys=0.00, real=0.03 secs] 
2020-09-29T18:03:00.982+0200: 19.162: [GC (Allocation Failure) 2020-09-29T18:03:00.982+0200: 19.162: [ParNew: 597592K->37912K(613440K), 0.0190141 secs] 603107K->43427K(2029056K), 0.0190770 secs] [Times: user=0.13 sys=0.00, real=0.02 secs] 
2020-09-29T18:03:01.048+0200: 19.229: [GC (Allocation Failure) 2020-09-29T18:03:01.048+0200: 19.229: [ParNew: 583256K->55211K(613440K), 0.0245697 secs] 588771K->60726K(2029056K), 0.0246397 secs] [Times: user=0.25 sys=0.00, real=0.02 secs] 
2020-09-29T18:03:01.123+0200: 19.303: [GC (Allocation Failure) 2020-09-29T18:03:01.123+0200: 19.303: [ParNew: 600555K->41444K(613440K), 0.0234582 secs] 606070K->46960K(2029056K), 0.0235373 secs] [Times: user=0.25 sys=0.00, real=0.02 secs] 
2020-09-29T18:03:01.196+0200: 19.376: [GC (Allocation Failure) 2020-09-29T18:03:01.196+0200: 19.376: [ParNew: 586788K->47111K(613440K), 0.0245427 secs] 592304K->52626K(2029056K), 0.0246110 secs] [Times: user=0.11 sys=0.00, real=0.02 secs] 
2020-09-29T18:03:01.271+0200: 19.451: [GC (Allocation Failure) 2020-09-29T18:03:01.271+0200: 19.451: [ParNew: 592455K->37449K(613440K), 0.0210278 secs] 597970K->42965K(2029056K), 0.0211143 secs] [Times: user=0.13 sys=0.00, real=0.02 secs] 
2020-09-29T18:03:01.346+0200: 19.526: [GC (Allocation Failure) 2020-09-29T18:03:01.346+0200: 19.526: [ParNew: 582793K->61281K(613440K), 0.0278714 secs] 588309K->66797K(2029056K), 0.0279398 secs] [Times: user=0.22 sys=0.00, real=0.03 secs] 
2020-09-29T18:03:01.423+0200: 19.603: [GC (Allocation Failure) 2020-09-29T18:03:01.423+0200: 19.603: [ParNew: 606625K->44940K(613440K), 0.0188764 secs] 612141K->50455K(2029056K), 0.0189468 secs] [Times: user=0.14 sys=0.02, real=0.02 secs] 
2020-09-29T18:03:01.493+0200: 19.674: [GC (Allocation Failure) 2020-09-29T18:03:01.493+0200: 19.674: [ParNew: 590284K->60084K(613440K), 0.0321499 secs] 595799K->65599K(2029056K), 0.0322332 secs] [Times: user=0.25 sys=0.00, real=0.03 secs] 
2020-09-29T18:03:01.573+0200: 19.753: [GC (Allocation Failure) 2020-09-29T18:03:01.573+0200: 19.753: [ParNew: 605428K->50319K(613440K), 0.0254824 secs] 610943K->55834K(2029056K), 0.0255667 secs] [Times: user=0.24 sys=0.00, real=0.03 secs] 
2020-09-29T18:03:01.650+0200: 19.830: [GC (Allocation Failure) 2020-09-29T18:03:01.650+0200: 19.830: [ParNew: 595663K->38850K(613440K), 0.0149014 secs] 601178K->44366K(2029056K), 0.0149672 secs] [Times: user=0.13 sys=0.00, real=0.01 secs] 
2020-09-29T18:03:01.716+0200: 19.896: [GC (Allocation Failure) 2020-09-29T18:03:01.716+0200: 19.896: [ParNew: 584194K->49638K(613440K), 0.0289510 secs] 589710K->55154K(2029056K), 0.0290144 secs] [Times: user=0.25 sys=0.00, real=0.03 secs] 
2020-09-29T18:03:01.793+0200: 19.973: [GC (Allocation Failure) 2020-09-29T18:03:01.793+0200: 19.973: [ParNew: 594982K->39747K(613440K), 0.0204095 secs] 600498K->45262K(2029056K), 0.0204709 secs] [Times: user=0.13 sys=0.00, real=0.02 secs] 
2020-09-29T18:03:01.863+0200: 20.043: [GC (Allocation Failure) 2020-09-29T18:03:01.863+0200: 20.043: [ParNew: 585091K->30728K(613440K), 0.0203106 secs] 590606K->36243K(2029056K), 0.0203814 secs] [Times: user=0.23 sys=0.00, real=0.02 secs] 
2020-09-29T18:03:01.932+0200: 20.112: [GC (Allocation Failure) 2020-09-29T18:03:01.932+0200: 20.112: [ParNew: 576072K->52666K(613440K), 0.0250171 secs] 581587K->58182K(2029056K), 0.0250818 secs] [Times: user=0.13 sys=0.00, real=0.03 secs] 
2020-09-29T18:03:02.014+0200: 20.194: [GC (Allocation Failure) 2020-09-29T18:03:02.014+0200: 20.194: [ParNew: 598010K->39389K(613440K), 0.0243805 secs] 603526K->44905K(2029056K), 0.0244511 secs] [Times: user=0.25 sys=0.00, real=0.03 secs] 
2020-09-29T18:03:02.086+0200: 20.266: [GC (Allocation Failure) 2020-09-29T18:03:02.086+0200: 20.266: [ParNew: 584733K->39521K(613440K), 0.0228161 secs] 590249K->45037K(2029056K), 0.0228797 secs] [Times: user=0.13 sys=0.00, real=0.02 secs] 
2020-09-29T18:03:02.166+0200: 20.346: [GC (Allocation Failure) 2020-09-29T18:03:02.166+0200: 20.346: [ParNew: 584865K->62264K(613440K), 0.0285200 secs] 590381K->67780K(2029056K), 0.0286381 secs] [Times: user=0.25 sys=0.00, real=0.03 secs] 
2020-09-29T18:03:02.250+0200: 20.430: [GC (Allocation Failure) 2020-09-29T18:03:02.250+0200: 20.430: [ParNew: 607608K->42970K(613440K), 0.0125965 secs] 613124K->48486K(2029056K), 0.0126785 secs] [Times: user=0.13 sys=0.00, real=0.01 secs] 
2020-09-29T18:03:02.328+0200: 20.508: [GC (Allocation Failure) 2020-09-29T18:03:02.328+0200: 20.508: [ParNew: 588314K->50058K(613440K), 0.0278972 secs] 593830K->55574K(2029056K), 0.0279766 secs] [Times: user=0.23 sys=0.00, real=0.03 secs] 
2020-09-29T18:03:02.405+0200: 20.585: [GC (Allocation Failure) 2020-09-29T18:03:02.405+0200: 20.585: [ParNew: 595402K->61153K(613440K), 0.0247985 secs] 600918K->66669K(2029056K), 0.0248674 secs] [Times: user=0.25 sys=0.00, real=0.03 secs] 
2020-09-29T18:03:02.482+0200: 20.662: [GC (Allocation Failure) 2020-09-29T18:03:02.482+0200: 20.662: [ParNew: 606497K->37461K(613440K), 0.0174760 secs] 612013K->42977K(2029056K), 0.0175394 secs] [Times: user=0.13 sys=0.00, real=0.02 secs] 
2020-09-29T18:03:02.546+0200: 20.726: [GC (Allocation Failure) 2020-09-29T18:03:02.546+0200: 20.726: [ParNew: 582805K->40622K(613440K), 0.0227292 secs] 588321K->46138K(2029056K), 0.0227944 secs] [Times: user=0.25 sys=0.00, real=0.02 secs] 
2020-09-29T18:03:02.624+0200: 20.804: [GC (Allocation Failure) 2020-09-29T18:03:02.624+0200: 20.804: [ParNew: 585966K->55928K(613440K), 0.0294311 secs] 591482K->61443K(2029056K), 0.0295112 secs] [Times: user=0.23 sys=0.00, real=0.03 secs] 
2020-09-29T18:03:02.701+0200: 20.881: [GC (Allocation Failure) 2020-09-29T18:03:02.701+0200: 20.881: [ParNew: 601272K->68096K(613440K), 0.0281996 secs] 606787K->73611K(2029056K), 0.0282664 secs] [Times: user=0.25 sys=0.00, real=0.03 secs] 
2020-09-29T18:03:02.779+0200: 20.959: [GC (Allocation Failure) 2020-09-29T18:03:02.779+0200: 20.959: [ParNew: 613440K->49356K(613440K), 0.0268729 secs] 618955K->54872K(2029056K), 0.0269393 secs] [Times: user=0.25 sys=0.00, real=0.03 secs] 
2020-09-29T18:03:02.860+0200: 21.040: [GC (Allocation Failure) 2020-09-29T18:03:02.860+0200: 21.040: [ParNew: 594700K->44070K(613440K), 0.0188781 secs] 600216K->49585K(2029056K), 0.0189434 secs] [Times: user=0.13 sys=0.00, real=0.02 secs] 
2020-09-29T18:03:02.933+0200: 21.113: [GC (Allocation Failure) 2020-09-29T18:03:02.933+0200: 21.113: [ParNew: 589414K->33072K(613440K), 0.0174017 secs] 594929K->38588K(2029056K), 0.0174645 secs] [Times: user=0.13 sys=0.00, real=0.02 secs] 
2020-09-29T18:03:03.006+0200: 21.187: [GC (Allocation Failure) 2020-09-29T18:03:03.007+0200: 21.187: [ParNew: 578416K->50486K(613440K), 0.0248199 secs] 583932K->56002K(2029056K), 0.0248920 secs] [Times: user=0.13 sys=0.00, real=0.02 secs] 
2020-09-29T18:03:03.081+0200: 21.261: [GC (Allocation Failure) 2020-09-29T18:03:03.081+0200: 21.261: [ParNew: 595830K->42992K(613440K), 0.0233300 secs] 601346K->48508K(2029056K), 0.0234079 secs] [Times: user=0.25 sys=0.00, real=0.02 secs] 
2020-09-29T18:03:03.154+0200: 21.334: [GC (Allocation Failure) 2020-09-29T18:03:03.154+0200: 21.334: [ParNew: 588336K->40757K(613440K), 0.0218018 secs] 593852K->46273K(2029056K), 0.0218669 secs] [Times: user=0.13 sys=0.00, real=0.02 secs] 
2020-09-29T18:03:03.226+0200: 21.406: [GC (Allocation Failure) 2020-09-29T18:03:03.226+0200: 21.406: [ParNew: 586101K->34352K(613440K), 0.0208723 secs] 591617K->39868K(2029056K), 0.0209431 secs] [Times: user=0.13 sys=0.00, real=0.02 secs] 
2020-09-29T18:03:03.298+0200: 21.478: [GC (Allocation Failure) 2020-09-29T18:03:03.298+0200: 21.478: [ParNew: 579696K->54752K(613440K), 0.0256310 secs] 585212K->60268K(2029056K), 0.0257136 secs] [Times: user=0.23 sys=0.00, real=0.03 secs] 
2020-09-29T18:03:03.381+0200: 21.561: [GC (Allocation Failure) 2020-09-29T18:03:03.381+0200: 21.561: [ParNew: 600096K->38589K(613440K), 0.0170750 secs] 605612K->44105K(2029056K), 0.0171381 secs] [Times: user=0.13 sys=0.00, real=0.02 secs] 
2020-09-29T18:03:03.460+0200: 21.640: [GC (Allocation Failure) 2020-09-29T18:03:03.460+0200: 21.640: [ParNew: 583933K->52432K(613440K), 0.0307344 secs] 589449K->57948K(2029056K), 0.0308285 secs] [Times: user=0.25 sys=0.00, real=0.03 secs] 
2020-09-29T18:03:03.541+0200: 21.721: [GC (Allocation Failure) 2020-09-29T18:03:03.541+0200: 21.721: [ParNew: 597776K->43973K(613440K), 0.0230281 secs] 603292K->49488K(2029056K), 0.0231205 secs] [Times: user=0.13 sys=0.00, real=0.02 secs] 
2020-09-29T18:03:03.621+0200: 21.801: [GC (Allocation Failure) 2020-09-29T18:03:03.621+0200: 21.801: [ParNew: 589317K->40887K(613440K), 0.0201210 secs] 594832K->46402K(2029056K), 0.0202034 secs] [Times: user=0.13 sys=0.00, real=0.02 secs] 
2020-09-29T18:03:03.700+0200: 21.881: [GC (Allocation Failure) 2020-09-29T18:03:03.700+0200: 21.881: [ParNew: 586231K->52720K(613440K), 0.0301499 secs] 591746K->58236K(2029056K), 0.0302341 secs] [Times: user=0.22 sys=0.00, real=0.03 secs] 
2020-09-29T18:03:03.780+0200: 21.961: [GC (Allocation Failure) 2020-09-29T18:03:03.780+0200: 21.961: [ParNew: 598064K->56052K(613440K), 0.0269931 secs] 603580K->61568K(2029056K), 0.0270638 secs] [Times: user=0.22 sys=0.00, real=0.03 secs] 
2020-09-29T18:03:03.855+0200: 22.036: [GC (Allocation Failure) 2020-09-29T18:03:03.855+0200: 22.036: [ParNew: 601396K->39414K(613440K), 0.0183829 secs] 606912K->44929K(2029056K), 0.0184531 secs] [Times: user=0.13 sys=0.00, real=0.02 secs] 
2020-09-29T18:03:03.927+0200: 22.107: [GC (Allocation Failure) 2020-09-29T18:03:03.927+0200: 22.107: [ParNew: 584758K->38217K(613440K), 0.0239880 secs] 590273K->43732K(2029056K), 0.0240563 secs] [Times: user=0.13 sys=0.00, real=0.02 secs] 
2020-09-29T18:03:04.005+0200: 22.185: [GC (Allocation Failure) 2020-09-29T18:03:04.005+0200: 22.185: [ParNew: 583561K->61655K(613440K), 0.0290500 secs] 589076K->67171K(2029056K), 0.0291191 secs] [Times: user=0.13 sys=0.00, real=0.03 secs] 
2020-09-29T18:03:04.089+0200: 22.269: [GC (Allocation Failure) 2020-09-29T18:03:04.089+0200: 22.269: [ParNew: 606999K->50291K(613440K), 0.0283238 secs] 612515K->55807K(2029056K), 0.0283934 secs] [Times: user=0.25 sys=0.00, real=0.03 secs] 
2020-09-29T18:03:04.167+0200: 22.347: [GC (Allocation Failure) 2020-09-29T18:03:04.167+0200: 22.347: [ParNew: 595635K->50961K(613440K), 0.0272898 secs] 601151K->56476K(2029056K), 0.0273808 secs] [Times: user=0.25 sys=0.00, real=0.03 secs] 
2020-09-29T18:03:04.247+0200: 22.428: [GC (Allocation Failure) 2020-09-29T18:03:04.247+0200: 22.428: [ParNew: 596305K->45162K(613440K), 0.0193478 secs] 601820K->50677K(2029056K), 0.0194167 secs] [Times: user=0.13 sys=0.00, real=0.02 secs] 
2020-09-29T18:03:04.322+0200: 22.503: [GC (Allocation Failure) 2020-09-29T18:03:04.322+0200: 22.503: [ParNew: 590506K->62514K(613440K), 0.0319827 secs] 596021K->68030K(2029056K), 0.0320715 secs] [Times: user=0.25 sys=0.00, real=0.03 secs] 
2020-09-29T18:03:04.405+0200: 22.586: [GC (Allocation Failure) 2020-09-29T18:03:04.405+0200: 22.586: [ParNew: 607858K->50932K(613440K), 0.0266148 secs] 613374K->56447K(2029056K), 0.0266795 secs] [Times: user=0.25 sys=0.00, real=0.03 secs] 
2020-09-29T18:03:04.478+0200: 22.659: [GC (Allocation Failure) 2020-09-29T18:03:04.478+0200: 22.659: [ParNew: 596276K->45871K(613440K), 0.0245497 secs] 601791K->51387K(2029056K), 0.0246155 secs] [Times: user=0.13 sys=0.00, real=0.03 secs] 
2020-09-29T18:03:04.551+0200: 22.732: [GC (Allocation Failure) 2020-09-29T18:03:04.551+0200: 22.732: [ParNew: 591215K->41252K(613440K), 0.0231387 secs] 596731K->46767K(2029056K), 0.0232247 secs] [Times: user=0.13 sys=0.00, real=0.02 secs] 
2020-09-29T18:03:04.629+0200: 22.809: [GC (Allocation Failure) 2020-09-29T18:03:04.629+0200: 22.809: [ParNew: 586596K->65136K(613440K), 0.0270612 secs] 592111K->70652K(2029056K), 0.0271428 secs] [Times: user=0.25 sys=0.00, real=0.03 secs] 
2020-09-29T18:03:04.707+0200: 22.887: [GC (Allocation Failure) 2020-09-29T18:03:04.707+0200: 22.887: [ParNew: 610480K->47841K(613440K), 0.0277277 secs] 615996K->53356K(2029056K), 0.0278160 secs] [Times: user=0.25 sys=0.00, real=0.03 secs] 
2020-09-29T18:03:04.786+0200: 22.967: [GC (Allocation Failure) 2020-09-29T18:03:04.786+0200: 22.967: [ParNew: 593185K->46518K(613440K), 0.0194937 secs] 598700K->52034K(2029056K), 0.0195719 secs] [Times: user=0.13 sys=0.00, real=0.02 secs] 
2020-09-29T18:03:04.869+0200: 23.049: [GC (Allocation Failure) 2020-09-29T18:03:04.869+0200: 23.049: [ParNew: 591862K->38700K(613440K), 0.0193872 secs] 597378K->44216K(2029056K), 0.0194632 secs] [Times: user=0.13 sys=0.00, real=0.02 secs] 
2020-09-29T18:03:04.938+0200: 23.118: [GC (Allocation Failure) 2020-09-29T18:03:04.938+0200: 23.118: [ParNew: 584044K->55917K(613440K), 0.0308895 secs] 589560K->61432K(2029056K), 0.0309672 secs] [Times: user=0.25 sys=0.00, real=0.03 secs] 
2020-09-29T18:03:05.015+0200: 23.196: [GC (Allocation Failure) 2020-09-29T18:03:05.015+0200: 23.196: [ParNew: 601261K->68096K(613440K), 0.0301330 secs] 606776K->73929K(2029056K), 0.0301963 secs] [Times: user=0.25 sys=0.00, real=0.03 secs] 
2020-09-29T18:03:05.094+0200: 23.275: [GC (Allocation Failure) 2020-09-29T18:03:05.094+0200: 23.275: [ParNew: 613440K->44569K(613440K), 0.0134237 secs] 619273K->50403K(2029056K), 0.0134907 secs] [Times: user=0.13 sys=0.00, real=0.01 secs] 
2020-09-29T18:03:05.156+0200: 23.337: [GC (Allocation Failure) 2020-09-29T18:03:05.156+0200: 23.337: [ParNew: 589913K->49169K(613440K), 0.0260297 secs] 595747K->55003K(2029056K), 0.0260969 secs] [Times: user=0.25 sys=0.00, real=0.03 secs] 
2020-09-29T18:03:05.232+0200: 23.413: [GC (Allocation Failure) 2020-09-29T18:03:05.232+0200: 23.413: [ParNew: 594513K->36403K(613440K), 0.0177054 secs] 600347K->42236K(2029056K), 0.0177884 secs] [Times: user=0.13 sys=0.00, real=0.02 secs] 
2020-09-29T18:03:05.308+0200: 23.489: [GC (Allocation Failure) 2020-09-29T18:03:05.308+0200: 23.489: [ParNew: 581747K->55416K(613440K), 0.0312169 secs] 587580K->61250K(2029056K), 0.0388420 secs] [Times: user=0.25 sys=0.00, real=0.04 secs] 
2020-09-29T18:03:05.398+0200: 23.578: [GC (Allocation Failure) 2020-09-29T18:03:05.398+0200: 23.578: [ParNew: 600760K->52782K(613440K), 0.0232143 secs] 606594K->58615K(2029056K), 0.0232941 secs] [Times: user=0.13 sys=0.00, real=0.02 secs] 
2020-09-29T18:03:05.478+0200: 23.658: [GC (Allocation Failure) 2020-09-29T18:03:05.478+0200: 23.658: [ParNew: 598126K->39502K(613440K), 0.0219026 secs] 603959K->45336K(2029056K), 0.0219816 secs] [Times: user=0.13 sys=0.00, real=0.02 secs] 
2020-09-29T18:03:05.559+0200: 23.739: [GC (Allocation Failure) 2020-09-29T18:03:05.559+0200: 23.739: [ParNew: 584846K->33907K(613440K), 0.0213901 secs] 590680K->39740K(2029056K), 0.0214807 secs] [Times: user=0.13 sys=0.00, real=0.02 secs] 
2020-09-29T18:03:05.633+0200: 23.813: [GC (Allocation Failure) 2020-09-29T18:03:05.633+0200: 23.813: [ParNew: 579251K->57431K(613440K), 0.0258183 secs] 585084K->63264K(2029056K), 0.0258880 secs] [Times: user=0.13 sys=0.00, real=0.03 secs] 
2020-09-29T18:03:05.710+0200: 23.890: [GC (Allocation Failure) 2020-09-29T18:03:05.710+0200: 23.890: [ParNew: 602775K->45163K(613440K), 0.0253693 secs] 608608K->50997K(2029056K), 0.0254404 secs] [Times: user=0.13 sys=0.00, real=0.03 secs] 
2020-09-29T18:03:05.784+0200: 23.964: [GC (Allocation Failure) 2020-09-29T18:03:05.784+0200: 23.964: [ParNew: 590507K->44295K(613440K), 0.0245801 secs] 596341K->50128K(2029056K), 0.0246469 secs] [Times: user=0.25 sys=0.00, real=0.03 secs] 
2020-09-29T18:03:05.859+0200: 24.039: [GC (Allocation Failure) 2020-09-29T18:03:05.859+0200: 24.039: [ParNew: 589639K->36941K(613440K), 0.0158163 secs] 595472K->42775K(2029056K), 0.0158834 secs] [Times: user=0.13 sys=0.00, real=0.02 secs] 
2020-09-29T18:03:05.928+0200: 24.108: [GC (Allocation Failure) 2020-09-29T18:03:05.928+0200: 24.108: [ParNew: 582285K->37901K(613440K), 0.0238987 secs] 588119K->43734K(2029056K), 0.0239696 secs] [Times: user=0.13 sys=0.00, real=0.02 secs] 
2020-09-29T18:03:06.003+0200: 24.183: [GC (Allocation Failure) 2020-09-29T18:03:06.003+0200: 24.183: [ParNew: 583245K->40210K(613440K), 0.0222146 secs] 589078K->46043K(2029056K), 0.0222867 secs] [Times: user=0.25 sys=0.00, real=0.02 secs] 
2020-09-29T18:03:06.074+0200: 24.254: [GC (Allocation Failure) 2020-09-29T18:03:06.074+0200: 24.254: [ParNew: 585554K->54289K(613440K), 0.0278058 secs] 591387K->60123K(2029056K), 0.0278817 secs] [Times: user=0.25 sys=0.00, real=0.03 secs] 
2020-09-29T18:03:06.151+0200: 24.331: [GC (Allocation Failure) 2020-09-29T18:03:06.151+0200: 24.331: [ParNew: 599633K->59691K(613440K), 0.0261354 secs] 605467K->65524K(2029056K), 0.0262219 secs] [Times: user=0.25 sys=0.00, real=0.03 secs] 
2020-09-29T18:03:06.230+0200: 24.410: [GC (Allocation Failure) 2020-09-29T18:03:06.230+0200: 24.410: [ParNew: 605035K->41834K(613440K), 0.0261185 secs] 610868K->47668K(2029056K), 0.0262083 secs] [Times: user=0.25 sys=0.00, real=0.03 secs] 
2020-09-29T18:03:06.307+0200: 24.487: [GC (Allocation Failure) 2020-09-29T18:03:06.307+0200: 24.487: [ParNew: 587178K->45495K(613440K), 0.0261955 secs] 593012K->51328K(2029056K), 0.0262838 secs] [Times: user=0.25 sys=0.00, real=0.03 secs] 
2020-09-29T18:03:06.384+0200: 24.564: [GC (Allocation Failure) 2020-09-29T18:03:06.384+0200: 24.564: [ParNew: 590839K->39303K(613440K), 0.0232062 secs] 596672K->45136K(2029056K), 0.0232945 secs] [Times: user=0.13 sys=0.00, real=0.02 secs] 
2020-09-29T18:03:06.455+0200: 24.635: [GC (Allocation Failure) 2020-09-29T18:03:06.455+0200: 24.635: [ParNew: 584647K->59704K(613440K), 0.0298499 secs] 590480K->65537K(2029056K), 0.0299203 secs] [Times: user=0.23 sys=0.00, real=0.03 secs] 
2020-09-29T18:03:06.535+0200: 24.715: [GC (Allocation Failure) 2020-09-29T18:03:06.535+0200: 24.715: [ParNew: 605048K->32636K(613440K), 0.0140113 secs] 610881K->38469K(2029056K), 0.0140795 secs] [Times: user=0.13 sys=0.00, real=0.01 secs] 
2020-09-29T18:03:06.614+0200: 24.794: [GC (Allocation Failure) 2020-09-29T18:03:06.614+0200: 24.794: [ParNew: 577980K->41197K(613440K), 0.0259560 secs] 583813K->47030K(2029056K), 0.0260298 secs] [Times: user=0.13 sys=0.00, real=0.03 secs] 
2020-09-29T18:03:06.690+0200: 24.870: [GC (Allocation Failure) 2020-09-29T18:03:06.690+0200: 24.870: [ParNew: 586541K->52029K(613440K), 0.0238349 secs] 592374K->57862K(2029056K), 0.0309432 secs] [Times: user=0.20 sys=0.02, real=0.03 secs] 
2020-09-29T18:03:06.780+0200: 24.960: [GC (Allocation Failure) 2020-09-29T18:03:06.780+0200: 24.960: [ParNew: 597373K->37659K(613440K), 0.0238178 secs] 603206K->43493K(2029056K), 0.0238958 secs] [Times: user=0.22 sys=0.01, real=0.02 secs] 
2020-09-29T18:03:06.863+0200: 25.043: [GC (Allocation Failure) 2020-09-29T18:03:06.863+0200: 25.043: [ParNew: 583003K->57838K(613440K), 0.0303423 secs] 588837K->63672K(2029056K), 0.0304321 secs] [Times: user=0.25 sys=0.00, real=0.03 secs] 
2020-09-29T18:03:06.947+0200: 25.127: [GC (Allocation Failure) 2020-09-29T18:03:06.947+0200: 25.127: [ParNew: 603182K->48436K(613440K), 0.0204649 secs] 609016K->54270K(2029056K), 0.0205341 secs] [Times: user=0.13 sys=0.00, real=0.02 secs] 
2020-09-29T18:03:07.022+0200: 25.202: [GC (Allocation Failure) 2020-09-29T18:03:07.022+0200: 25.202: [ParNew: 593780K->62111K(613440K), 0.0352099 secs] 599614K->67945K(2029056K), 0.0352796 secs] [Times: user=0.25 sys=0.00, real=0.03 secs] 
2020-09-29T18:03:07.104+0200: 25.285: [GC (Allocation Failure) 2020-09-29T18:03:07.105+0200: 25.285: [ParNew: 607455K->54170K(613440K), 0.0272105 secs] 613289K->60004K(2029056K), 0.0272914 secs] [Times: user=0.25 sys=0.00, real=0.03 secs] 
2020-09-29T18:03:07.185+0200: 25.365: [GC (Allocation Failure) 2020-09-29T18:03:07.185+0200: 25.365: [ParNew: 599514K->50198K(613440K), 0.0385042 secs] 605348K->56031K(2029056K), 0.0385911 secs] [Times: user=0.20 sys=0.00, real=0.04 secs] 
2020-09-29T18:03:07.272+0200: 25.452: [GC (Allocation Failure) 2020-09-29T18:03:07.272+0200: 25.452: [ParNew: 595542K->45515K(613440K), 0.0245427 secs] 601375K->51349K(2029056K), 0.0246118 secs] [Times: user=0.11 sys=0.00, real=0.02 secs] 
2020-09-29T18:03:07.356+0200: 25.536: [GC (Allocation Failure) 2020-09-29T18:03:07.356+0200: 25.536: [ParNew: 590859K->36236K(613440K), 0.0146211 secs] 596693K->42069K(2029056K), 0.0146916 secs] [Times: user=0.13 sys=0.00, real=0.02 secs] 
2020-09-29T18:03:07.428+0200: 25.608: [GC (Allocation Failure) 2020-09-29T18:03:07.428+0200: 25.608: [ParNew: 581580K->46823K(613440K), 0.0287023 secs] 587413K->52656K(2029056K), 0.0287791 secs] [Times: user=0.13 sys=0.00, real=0.03 secs] 
2020-09-29T18:03:07.515+0200: 25.694: [GC (Allocation Failure) 2020-09-29T18:03:07.515+0200: 25.695: [ParNew: 592167K->63918K(613440K), 0.0290730 secs] 598000K->69752K(2029056K), 0.0291490 secs] [Times: user=0.25 sys=0.00, real=0.03 secs] 
2020-09-29T18:03:07.595+0200: 25.775: [GC (Allocation Failure) 2020-09-29T18:03:07.595+0200: 25.775: [ParNew: 609262K->42787K(613440K), 0.0192482 secs] 615096K->48620K(2029056K), 0.0193320 secs] [Times: user=0.25 sys=0.00, real=0.02 secs] 
2020-09-29T18:03:07.678+0200: 25.858: [GC (Allocation Failure) 2020-09-29T18:03:07.678+0200: 25.858: [ParNew: 588131K->38241K(613440K), 0.0199550 secs] 593964K->44074K(2029056K), 0.0200250 secs] [Times: user=0.13 sys=0.00, real=0.02 secs] 
2020-09-29T18:03:07.752+0200: 25.932: [GC (Allocation Failure) 2020-09-29T18:03:07.752+0200: 25.932: [ParNew: 583585K->48615K(613440K), 0.0250843 secs] 589418K->54448K(2029056K), 0.0251827 secs] [Times: user=0.23 sys=0.00, real=0.02 secs] 
2020-09-29T18:03:07.833+0200: 26.012: [GC (Allocation Failure) 2020-09-29T18:03:07.833+0200: 26.012: [ParNew: 593959K->65305K(613440K), 0.0322307 secs] 599792K->71138K(2029056K), 0.0323059 secs] [Times: user=0.25 sys=0.00, real=0.03 secs] 
2020-09-29T18:03:07.913+0200: 26.093: [GC (Allocation Failure) 2020-09-29T18:03:07.913+0200: 26.093: [ParNew: 610649K->65619K(613440K), 0.0306970 secs] 616482K->71453K(2029056K), 0.0307794 secs] [Times: user=0.25 sys=0.00, real=0.03 secs] 
2020-09-29T18:03:07.993+0200: 26.172: [GC (Allocation Failure) 2020-09-29T18:03:07.993+0200: 26.173: [ParNew: 610963K->47646K(613440K), 0.0144330 secs] 616797K->53479K(2029056K), 0.0145027 secs] [Times: user=0.13 sys=0.00, real=0.01 secs] 
2020-09-29T18:03:08.072+0200: 26.252: [GC (Allocation Failure) 2020-09-29T18:03:08.072+0200: 26.252: [ParNew: 592990K->32912K(613440K), 0.0221427 secs] 598823K->38745K(2029056K), 0.0293867 secs] [Times: user=0.13 sys=0.00, real=0.03 secs] 
2020-09-29T18:03:08.158+0200: 26.338: [GC (Allocation Failure) 2020-09-29T18:03:08.158+0200: 26.338: [ParNew: 578256K->25578K(613440K), 0.0119619 secs] 584089K->31411K(2029056K), 0.0120319 secs] [Times: user=0.13 sys=0.00, real=0.01 secs] 
2020-09-29T18:03:08.231+0200: 26.411: [GC (Allocation Failure) 2020-09-29T18:03:08.231+0200: 26.411: [ParNew: 570922K->55377K(613440K), 0.0341229 secs] 576755K->61211K(2029056K), 0.0342037 secs] [Times: user=0.25 sys=0.00, real=0.04 secs] 
2020-09-29T18:03:08.316+0200: 26.496: [GC (Allocation Failure) 2020-09-29T18:03:08.316+0200: 26.496: [ParNew: 600721K->56629K(613440K), 0.0286699 secs] 606555K->62462K(2029056K), 0.0287357 secs] [Times: user=0.23 sys=0.00, real=0.03 secs] 
2020-09-29T18:03:08.394+0200: 26.574: [GC (Allocation Failure) 2020-09-29T18:03:08.394+0200: 26.574: [ParNew: 601973K->41364K(613440K), 0.0251426 secs] 607806K->47198K(2029056K), 0.0252430 secs] [Times: user=0.25 sys=0.00, real=0.03 secs] 
2020-09-29T18:03:08.469+0200: 26.649: [GC (Allocation Failure) 2020-09-29T18:03:08.469+0200: 26.649: [ParNew: 586708K->38118K(613440K), 0.0234248 secs] 592542K->43951K(2029056K), 0.0234929 secs] [Times: user=0.25 sys=0.00, real=0.02 secs] 
2020-09-29T18:03:08.549+0200: 26.729: [GC (Allocation Failure) 2020-09-29T18:03:08.549+0200: 26.729: [ParNew: 583462K->33251K(613440K), 0.0155670 secs] 589295K->39084K(2029056K), 0.0156595 secs] [Times: user=0.13 sys=0.00, real=0.02 secs] 
2020-09-29T18:03:08.627+0200: 26.807: [GC (Allocation Failure) 2020-09-29T18:03:08.627+0200: 26.807: [ParNew: 578595K->50256K(613440K), 0.0302949 secs] 584428K->56090K(2029056K), 0.0303863 secs] [Times: user=0.23 sys=0.00, real=0.03 secs] 
2020-09-29T18:03:08.706+0200: 26.886: [GC (Allocation Failure) 2020-09-29T18:03:08.706+0200: 26.886: [ParNew: 595600K->63702K(613440K), 0.0286499 secs] 601434K->69536K(2029056K), 0.0287215 secs] [Times: user=0.25 sys=0.00, real=0.03 secs] 
2020-09-29T18:03:08.793+0200: 26.973: [GC (Allocation Failure) 2020-09-29T18:03:08.793+0200: 26.973: [ParNew: 609046K->44206K(613440K), 0.0279106 secs] 614880K->50039K(2029056K), 0.0279893 secs] [Times: user=0.25 sys=0.00, real=0.03 secs] 
2020-09-29T18:03:08.873+0200: 27.053: [GC (Allocation Failure) 2020-09-29T18:03:08.873+0200: 27.053: [ParNew: 589550K->68096K(613440K), 0.0332256 secs] 595383K->74685K(2029056K), 0.0332931 secs] [Times: user=0.25 sys=0.00, real=0.03 secs] 
2020-09-29T18:03:08.956+0200: 27.136: [GC (Allocation Failure) 2020-09-29T18:03:08.956+0200: 27.136: [ParNew: 613440K->49086K(613440K), 0.0254468 secs] 620029K->55675K(2029056K), 0.0255159 secs] [Times: user=0.25 sys=0.00, real=0.03 secs] 
2020-09-29T18:03:09.033+0200: 27.213: [GC (Allocation Failure) 2020-09-29T18:03:09.033+0200: 27.213: [ParNew: 594430K->40008K(613440K), 0.0254788 secs] 601019K->46597K(2029056K), 0.0255501 secs] [Times: user=0.25 sys=0.00, real=0.03 secs] 
2020-09-29T18:03:09.108+0200: 27.288: [GC (Allocation Failure) 2020-09-29T18:03:09.108+0200: 27.288: [ParNew: 585352K->34050K(613440K), 0.0158770 secs] 591941K->40639K(2029056K), 0.0159444 secs] [Times: user=0.13 sys=0.00, real=0.02 secs] 
2020-09-29T18:03:09.177+0200: 27.357: [GC (Allocation Failure) 2020-09-29T18:03:09.177+0200: 27.357: [ParNew: 579394K->32955K(613440K), 0.0233992 secs] 585983K->39544K(2029056K), 0.0234841 secs] [Times: user=0.13 sys=0.00, real=0.02 secs] 
2020-09-29T18:03:09.251+0200: 27.431: [GC (Allocation Failure) 2020-09-29T18:03:09.251+0200: 27.431: [ParNew: 578299K->29236K(613440K), 0.0206394 secs] 584888K->35826K(2029056K), 0.0207324 secs] [Times: user=0.25 sys=0.00, real=0.02 secs] 
2020-09-29T18:03:09.327+0200: 27.507: [GC (Allocation Failure) 2020-09-29T18:03:09.327+0200: 27.507: [ParNew: 574580K->50553K(613440K), 0.0256939 secs] 581170K->57143K(2029056K), 0.0257760 secs] [Times: user=0.23 sys=0.00, real=0.03 secs] 
2020-09-29T18:03:09.404+0200: 27.584: [GC (Allocation Failure) 2020-09-29T18:03:09.404+0200: 27.584: [ParNew: 595897K->68096K(613440K), 0.0388672 secs] 602487K->75381K(2029056K), 0.0389376 secs] [Times: user=0.38 sys=0.00, real=0.04 secs] 
2020-09-29T18:03:09.490+0200: 27.670: [GC (Allocation Failure) 2020-09-29T18:03:09.490+0200: 27.670: [ParNew: 613440K->53564K(613440K), 0.0154281 secs] 620725K->60849K(2029056K), 0.0154979 secs] [Times: user=0.13 sys=0.00, real=0.02 secs] 
2020-09-29T18:03:09.563+0200: 27.743: [GC (Allocation Failure) 2020-09-29T18:03:09.563+0200: 27.743: [ParNew: 598908K->42543K(613440K), 0.0241845 secs] 606193K->49828K(2029056K), 0.0242775 secs] [Times: user=0.23 sys=0.00, real=0.02 secs] 
2020-09-29T18:03:09.637+0200: 27.817: [GC (Allocation Failure) 2020-09-29T18:03:09.637+0200: 27.817: [ParNew: 587887K->38927K(613440K), 0.0221987 secs] 595172K->46213K(2029056K), 0.0222708 secs] [Times: user=0.13 sys=0.00, real=0.02 secs] 
2020-09-29T18:03:09.714+0200: 27.894: [GC (Allocation Failure) 2020-09-29T18:03:09.714+0200: 27.894: [ParNew: 584271K->57570K(613440K), 0.0278608 secs] 591557K->64855K(2029056K), 0.0279302 secs] [Times: user=0.25 sys=0.00, real=0.03 secs] 
2020-09-29T18:03:09.796+0200: 27.976: [GC (Allocation Failure) 2020-09-29T18:03:09.796+0200: 27.976: [ParNew: 602914K->60780K(613440K), 0.0285814 secs] 610199K->68066K(2029056K), 0.0286548 secs] [Times: user=0.25 sys=0.00, real=0.03 secs] 
2020-09-29T18:03:09.874+0200: 28.054: [GC (Allocation Failure) 2020-09-29T18:03:09.874+0200: 28.054: [ParNew: 606124K->45495K(613440K), 0.0256892 secs] 613410K->52781K(2029056K), 0.0257545 secs] [Times: user=0.25 sys=0.00, real=0.03 secs] 
2020-09-29T18:03:09.953+0200: 28.133: [GC (Allocation Failure) 2020-09-29T18:03:09.953+0200: 28.133: [ParNew: 590839K->45117K(613440K), 0.0274141 secs] 598125K->52403K(2029056K), 0.0275004 secs] [Times: user=0.24 sys=0.00, real=0.03 secs] 
2020-09-29T18:03:10.040+0200: 28.220: [GC (Allocation Failure) 2020-09-29T18:03:10.040+0200: 28.220: [ParNew: 590461K->40929K(613440K), 0.0255115 secs] 597747K->48215K(2029056K), 0.0255960 secs] [Times: user=0.13 sys=0.00, real=0.03 secs] 
2020-09-29T18:03:10.113+0200: 28.293: [GC (Allocation Failure) 2020-09-29T18:03:10.113+0200: 28.293: [ParNew: 586273K->64799K(613440K), 0.0312901 secs] 593559K->72085K(2029056K), 0.0313683 secs] [Times: user=0.25 sys=0.00, real=0.03 secs] 
2020-09-29T18:03:10.193+0200: 28.374: [GC (Allocation Failure) 2020-09-29T18:03:10.193+0200: 28.374: [ParNew: 610143K->53526K(613440K), 0.0236499 secs] 617429K->60811K(2029056K), 0.0237227 secs] [Times: user=0.11 sys=0.00, real=0.02 secs] 
2020-09-29T18:03:10.278+0200: 28.458: [GC (Allocation Failure) 2020-09-29T18:03:10.278+0200: 28.458: [ParNew: 598870K->41435K(613440K), 0.0220630 secs] 606155K->48720K(2029056K), 0.0221434 secs] [Times: user=0.13 sys=0.00, real=0.02 secs] 
2020-09-29T18:03:10.350+0200: 28.530: [GC (Allocation Failure) 2020-09-29T18:03:10.350+0200: 28.530: [ParNew: 586779K->43915K(613440K), 0.0226093 secs] 594064K->51200K(2029056K), 0.0226789 secs] [Times: user=0.13 sys=0.00, real=0.02 secs] 
2020-09-29T18:03:10.430+0200: 28.610: [GC (Allocation Failure) 2020-09-29T18:03:10.430+0200: 28.610: [ParNew: 589259K->55470K(613440K), 0.0268891 secs] 596544K->62755K(2029056K), 0.0269637 secs] [Times: user=0.13 sys=0.00, real=0.03 secs] 
2020-09-29T18:03:10.514+0200: 28.694: [GC (Allocation Failure) 2020-09-29T18:03:10.514+0200: 28.694: [ParNew: 600814K->39325K(613440K), 0.0195759 secs] 608099K->46610K(2029056K), 0.0196504 secs] [Times: user=0.13 sys=0.00, real=0.02 secs] 
2020-09-29T18:03:10.598+0200: 28.778: [GC (Allocation Failure) 2020-09-29T18:03:10.598+0200: 28.778: [ParNew: 584669K->54729K(613440K), 0.0320980 secs] 591954K->62014K(2029056K), 0.0321634 secs] [Times: user=0.36 sys=0.00, real=0.03 secs] 
2020-09-29T18:03:10.679+0200: 28.859: [GC (Allocation Failure) 2020-09-29T18:03:10.679+0200: 28.859: [ParNew: 600073K->68096K(613440K), 0.0309921 secs] 607358K->75381K(2029056K), 0.0310575 secs] [Times: user=0.25 sys=0.00, real=0.03 secs] 
2020-09-29T18:03:10.756+0200: 28.936: [GC (Allocation Failure) 2020-09-29T18:03:10.756+0200: 28.936: [ParNew: 613440K->54823K(613440K), 0.0284565 secs] 620725K->62109K(2029056K), 0.0285407 secs] [Times: user=0.13 sys=0.00, real=0.03 secs] 
2020-09-29T18:03:10.838+0200: 29.019: [GC (Allocation Failure) 2020-09-29T18:03:10.838+0200: 29.019: [ParNew: 600167K->46869K(613440K), 0.0266848 secs] 607453K->54155K(2029056K), 0.0267564 secs] [Times: user=0.25 sys=0.00, real=0.03 secs] 
2020-09-29T18:03:10.919+0200: 29.099: [GC (Allocation Failure) 2020-09-29T18:03:10.919+0200: 29.099: [ParNew: 592213K->40276K(613440K), 0.0204143 secs] 599499K->47561K(2029056K), 0.0204783 secs] [Times: user=0.13 sys=0.00, real=0.02 secs] 
2020-09-29T18:03:10.990+0200: 29.170: [GC (Allocation Failure) 2020-09-29T18:03:10.990+0200: 29.170: [ParNew: 585620K->40683K(613440K), 0.0183519 secs] 592905K->47968K(2029056K), 0.0184266 secs] [Times: user=0.13 sys=0.00, real=0.02 secs] 
2020-09-29T18:03:11.055+0200: 29.235: [GC (Allocation Failure) 2020-09-29T18:03:11.055+0200: 29.235: [ParNew: 586027K->49443K(613440K), 0.0172771 secs] 593312K->56728K(2029056K), 0.0173306 secs] [Times: user=0.13 sys=0.00, real=0.02 secs] 
2020-09-29T18:03:11.123+0200: 29.304: [GC (Allocation Failure) 2020-09-29T18:03:11.123+0200: 29.304: [ParNew: 594787K->64119K(613440K), 0.0213276 secs] 602072K->71404K(2029056K), 0.0213874 secs] [Times: user=0.25 sys=0.00, real=0.02 secs] 
2020-09-29T18:03:11.195+0200: 29.375: [GC (Allocation Failure) 2020-09-29T18:03:11.195+0200: 29.375: [ParNew: 609463K->67246K(613440K), 0.0248290 secs] 616748K->74531K(2029056K), 0.0249236 secs] [Times: user=0.11 sys=0.00, real=0.03 secs] 
2020-09-29T18:03:11.270+0200: 29.450: [GC (Allocation Failure) 2020-09-29T18:03:11.270+0200: 29.450: [ParNew: 612590K->53954K(613440K), 0.0196267 secs] 619875K->61239K(2029056K), 0.0196915 secs] [Times: user=0.13 sys=0.00, real=0.02 secs] 
2020-09-29T18:03:11.341+0200: 29.521: [GC (Allocation Failure) 2020-09-29T18:03:11.341+0200: 29.521: [ParNew: 599298K->54962K(613440K), 0.0202780 secs] 606583K->62248K(2029056K), 0.0203336 secs] [Times: user=0.13 sys=0.00, real=0.02 secs] 
2020-09-29T18:03:11.412+0200: 29.592: [GC (Allocation Failure) 2020-09-29T18:03:11.412+0200: 29.592: [ParNew: 600306K->48454K(613440K), 0.0188903 secs] 607592K->55740K(2029056K), 0.0189748 secs] [Times: user=0.13 sys=0.00, real=0.02 secs] 
2020-09-29T18:03:11.480+0200: 29.660: [GC (Allocation Failure) 2020-09-29T18:03:11.480+0200: 29.660: [ParNew: 593798K->41984K(613440K), 0.0176357 secs] 601084K->49269K(2029056K), 0.0177050 secs] [Times: user=0.13 sys=0.00, real=0.02 secs] 
2020-09-29T18:03:11.545+0200: 29.725: [GC (Allocation Failure) 2020-09-29T18:03:11.545+0200: 29.725: [ParNew: 587328K->37339K(613440K), 0.0164256 secs] 594613K->44624K(2029056K), 0.0164811 secs] [Times: user=0.13 sys=0.00, real=0.02 secs] 
2020-09-29T18:03:11.612+0200: 29.792: [GC (Allocation Failure) 2020-09-29T18:03:11.612+0200: 29.792: [ParNew: 582683K->36321K(613440K), 0.0175511 secs] 589968K->43606K(2029056K), 0.0176255 secs] [Times: user=0.11 sys=0.00, real=0.02 secs] 
2020-09-29T18:03:11.681+0200: 29.861: [GC (Allocation Failure) 2020-09-29T18:03:11.681+0200: 29.861: [ParNew: 581665K->33437K(613440K), 0.0134469 secs] 588950K->40723K(2029056K), 0.0135067 secs] [Times: user=0.13 sys=0.00, real=0.01 secs] 
2020-09-29T18:03:11.745+0200: 29.925: [GC (Allocation Failure) 2020-09-29T18:03:11.745+0200: 29.925: [ParNew: 578781K->30108K(613440K), 0.0144137 secs] 586067K->37393K(2029056K), 0.0144704 secs] [Times: user=0.13 sys=0.00, real=0.01 secs] 
2020-09-29T18:03:11.808+0200: 29.988: [GC (Allocation Failure) 2020-09-29T18:03:11.808+0200: 29.988: [ParNew: 575452K->60683K(613440K), 0.0246847 secs] 582737K->67968K(2029056K), 0.0247700 secs] [Times: user=0.14 sys=0.00, real=0.02 secs] 
2020-09-29T18:03:11.881+0200: 30.062: [GC (Allocation Failure) 2020-09-29T18:03:11.881+0200: 30.062: [ParNew: 606027K->68096K(613440K), 0.0236687 secs] 613312K->75494K(2029056K), 0.0237333 secs] [Times: user=0.13 sys=0.00, real=0.02 secs] 
2020-09-29T18:03:11.953+0200: 30.133: [GC (Allocation Failure) 2020-09-29T18:03:11.953+0200: 30.133: [ParNew: 613440K->60162K(613440K), 0.0224017 secs] 620838K->67560K(2029056K), 0.0224614 secs] [Times: user=0.25 sys=0.00, real=0.02 secs] 
2020-09-29T18:03:12.022+0200: 30.202: [GC (Allocation Failure) 2020-09-29T18:03:12.022+0200: 30.203: [ParNew: 605506K->49859K(613440K), 0.0168182 secs] 612904K->57257K(2029056K), 0.0168945 secs] [Times: user=0.13 sys=0.00, real=0.02 secs] 
2020-09-29T18:03:12.086+0200: 30.266: [GC (Allocation Failure) 2020-09-29T18:03:12.086+0200: 30.266: [ParNew: 595203K->43034K(613440K), 0.0166376 secs] 602601K->50432K(2029056K), 0.0166978 secs] [Times: user=0.13 sys=0.00, real=0.02 secs] 
2020-09-29T18:03:12.152+0200: 30.332: [GC (Allocation Failure) 2020-09-29T18:03:12.152+0200: 30.333: [ParNew: 588378K->34606K(613440K), 0.0152636 secs] 595776K->42004K(2029056K), 0.0153180 secs] [Times: user=0.13 sys=0.00, real=0.02 secs] 
2020-09-29T18:03:12.221+0200: 30.401: [GC (Allocation Failure) 2020-09-29T18:03:12.221+0200: 30.401: [ParNew: 579950K->55786K(613440K), 0.0204357 secs] 587348K->63184K(2029056K), 0.0205012 secs] [Times: user=0.25 sys=0.00, real=0.02 secs] 
2020-09-29T18:03:12.290+0200: 30.471: [GC (Allocation Failure) 2020-09-29T18:03:12.290+0200: 30.471: [ParNew: 601130K->40967K(613440K), 0.0186678 secs] 608528K->48365K(2029056K), 0.0187466 secs] [Times: user=0.13 sys=0.00, real=0.02 secs] 
2020-09-29T18:03:12.366+0200: 30.547: [GC (Allocation Failure) 2020-09-29T18:03:12.366+0200: 30.547: [ParNew: 586311K->33596K(613440K), 0.0135654 secs] 593709K->40994K(2029056K), 0.0136326 secs] [Times: user=0.13 sys=0.00, real=0.01 secs] 
2020-09-29T18:03:12.430+0200: 30.610: [GC (Allocation Failure) 2020-09-29T18:03:12.430+0200: 30.610: [ParNew: 578940K->35739K(613440K), 0.0201956 secs] 586338K->43137K(2029056K), 0.0202572 secs] [Times: user=0.11 sys=0.02, real=0.02 secs] 
2020-09-29T18:03:12.501+0200: 30.682: [GC (Allocation Failure) 2020-09-29T18:03:12.501+0200: 30.682: [ParNew: 581083K->53134K(613440K), 0.0227470 secs] 588481K->60532K(2029056K), 0.0228240 secs] [Times: user=0.25 sys=0.00, real=0.02 secs] 
2020-09-29T18:03:12.573+0200: 30.753: [GC (Allocation Failure) 2020-09-29T18:03:12.573+0200: 30.753: [ParNew: 598478K->49397K(613440K), 0.0164961 secs] 605876K->56795K(2029056K), 0.0165712 secs] [Times: user=0.13 sys=0.00, real=0.02 secs] 
2020-09-29T18:03:12.647+0200: 30.827: [GC (Allocation Failure) 2020-09-29T18:03:12.647+0200: 30.827: [ParNew: 594741K->46164K(613440K), 0.0212091 secs] 602139K->53562K(2029056K), 0.0212770 secs] [Times: user=0.13 sys=0.00, real=0.02 secs] 
2020-09-29T18:03:12.716+0200: 30.896: [GC (Allocation Failure) 2020-09-29T18:03:12.716+0200: 30.896: [ParNew: 591508K->39375K(613440K), 0.0137416 secs] 598906K->46773K(2029056K), 0.0137992 secs] [Times: user=0.13 sys=0.00, real=0.01 secs] 
2020-09-29T18:03:12.777+0200: 30.957: [GC (Allocation Failure) 2020-09-29T18:03:12.777+0200: 30.958: [ParNew: 584719K->37193K(613440K), 0.0179028 secs] 592117K->44591K(2029056K), 0.0179612 secs] [Times: user=0.13 sys=0.00, real=0.02 secs] 
2020-09-29T18:03:12.847+0200: 31.028: [GC (Allocation Failure) 2020-09-29T18:03:12.847+0200: 31.028: [ParNew: 582537K->51453K(613440K), 0.0165605 secs] 589935K->58851K(2029056K), 0.0166154 secs] [Times: user=0.16 sys=0.00, real=0.02 secs] 
2020-09-29T18:03:12.918+0200: 31.098: [GC (Allocation Failure) 2020-09-29T18:03:12.918+0200: 31.098: [ParNew: 596797K->54206K(613440K), 0.0212203 secs] 604195K->61604K(2029056K), 0.0212903 secs] [Times: user=0.13 sys=0.00, real=0.02 secs] 
2020-09-29T18:03:12.986+0200: 31.166: [GC (Allocation Failure) 2020-09-29T18:03:12.986+0200: 31.166: [ParNew: 599550K->64516K(613440K), 0.0206254 secs] 606948K->71914K(2029056K), 0.0206867 secs] [Times: user=0.25 sys=0.00, real=0.02 secs] 
2020-09-29T18:03:13.054+0200: 31.234: [GC (Allocation Failure) 2020-09-29T18:03:13.054+0200: 31.234: [ParNew: 609860K->40593K(613440K), 0.0136435 secs] 617258K->47991K(2029056K), 0.0136963 secs] [Times: user=0.13 sys=0.00, real=0.01 secs] 
2020-09-29T18:03:13.119+0200: 31.299: [GC (Allocation Failure) 2020-09-29T18:03:13.119+0200: 31.299: [ParNew: 585937K->41008K(613440K), 0.0188481 secs] 593335K->48406K(2029056K), 0.0189067 secs] [Times: user=0.13 sys=0.00, real=0.02 secs] 
2020-09-29T18:03:13.186+0200: 31.367: [GC (Allocation Failure) 2020-09-29T18:03:13.186+0200: 31.367: [ParNew: 586352K->50760K(613440K), 0.0256427 secs] 593750K->58159K(2029056K), 0.0257251 secs] [Times: user=0.22 sys=0.00, real=0.03 secs] 
2020-09-29T18:03:13.262+0200: 31.442: [GC (Allocation Failure) 2020-09-29T18:03:13.262+0200: 31.442: [ParNew: 596104K->63209K(613440K), 0.0225625 secs] 603503K->70607K(2029056K), 0.0226199 secs] [Times: user=0.13 sys=0.00, real=0.02 secs] 
2020-09-29T18:03:13.331+0200: 31.512: [GC (Allocation Failure) 2020-09-29T18:03:13.331+0200: 31.512: [ParNew: 608553K->48617K(613440K), 0.0163007 secs] 615951K->56015K(2029056K), 0.0163573 secs] [Times: user=0.13 sys=0.02, real=0.02 secs] 
2020-09-29T18:03:13.400+0200: 31.580: [GC (Allocation Failure) 2020-09-29T18:03:13.400+0200: 31.580: [ParNew: 593961K->48998K(613440K), 0.0217176 secs] 601359K->56396K(2029056K), 0.0217813 secs] [Times: user=0.13 sys=0.00, real=0.02 secs] 
2020-09-29T18:03:13.468+0200: 31.649: [GC (Allocation Failure) 2020-09-29T18:03:13.468+0200: 31.649: [ParNew: 594342K->42334K(613440K), 0.0158330 secs] 601740K->49732K(2029056K), 0.0158877 secs] [Times: user=0.13 sys=0.00, real=0.02 secs] 
2020-09-29T18:03:13.533+0200: 31.713: [GC (Allocation Failure) 2020-09-29T18:03:13.539+0200: 31.719: [ParNew: 587678K->43966K(613440K), 0.0351810 secs] 595076K->51364K(2029056K), 0.0413322 secs] [Times: user=0.25 sys=0.00, real=0.04 secs] 
2020-09-29T18:03:13.625+0200: 31.806: [GC (Allocation Failure) 2020-09-29T18:03:13.625+0200: 31.806: [ParNew: 589310K->49895K(613440K), 0.0183429 secs] 596708K->57293K(2029056K), 0.0184178 secs] [Times: user=0.11 sys=0.00, real=0.02 secs] 
2020-09-29T18:03:13.698+0200: 31.878: [GC (Allocation Failure) 2020-09-29T18:03:13.698+0200: 31.878: [ParNew: 595239K->39542K(613440K), 0.0174205 secs] 602637K->46940K(2029056K), 0.0174771 secs] [Times: user=0.13 sys=0.00, real=0.02 secs] 
2020-09-29T18:03:13.766+0200: 31.947: [GC (Allocation Failure) 2020-09-29T18:03:13.766+0200: 31.947: [ParNew: 584886K->35906K(613440K), 0.0165435 secs] 592284K->43304K(2029056K), 0.0166064 secs] [Times: user=0.13 sys=0.00, real=0.02 secs] 
2020-09-29T18:03:13.831+0200: 32.011: [GC (Allocation Failure) 2020-09-29T18:03:13.831+0200: 32.011: [ParNew: 581250K->34979K(613440K), 0.0146883 secs] 588648K->42377K(2029056K), 0.0147520 secs] [Times: user=0.13 sys=0.00, real=0.01 secs] 
2020-09-29T18:03:13.896+0200: 32.076: [GC (Allocation Failure) 2020-09-29T18:03:13.896+0200: 32.076: [ParNew: 580323K->53016K(613440K), 0.0190489 secs] 587721K->60414K(2029056K), 0.0191033 secs] [Times: user=0.13 sys=0.00, real=0.02 secs] 
2020-09-29T18:03:13.963+0200: 32.144: [GC (Allocation Failure) 2020-09-29T18:03:13.963+0200: 32.144: [ParNew: 598360K->39367K(613440K), 0.0184338 secs] 605758K->46765K(2029056K), 0.0185033 secs] [Times: user=0.13 sys=0.00, real=0.02 secs] 
2020-09-29T18:03:14.029+0200: 32.209: [GC (Allocation Failure) 2020-09-29T18:03:14.029+0200: 32.209: [ParNew: 584711K->42550K(613440K), 0.0167447 secs] 592109K->49948K(2029056K), 0.0167999 secs] [Times: user=0.13 sys=0.00, real=0.02 secs] 
2020-09-29T18:03:14.093+0200: 32.273: [GC (Allocation Failure) 2020-09-29T18:03:14.093+0200: 32.273: [ParNew: 587894K->39063K(613440K), 0.0160477 secs] 595292K->46461K(2029056K), 0.0161216 secs] [Times: user=0.13 sys=0.00, real=0.02 secs] 
2020-09-29T18:03:14.161+0200: 32.342: [GC (Allocation Failure) 2020-09-29T18:03:14.161+0200: 32.342: [ParNew: 584407K->31447K(613440K), 0.0167169 secs] 591805K->38845K(2029056K), 0.0167870 secs] [Times: user=0.13 sys=0.00, real=0.02 secs] 
2020-09-29T18:03:14.228+0200: 32.408: [GC (Allocation Failure) 2020-09-29T18:03:14.228+0200: 32.408: [ParNew: 576791K->36501K(613440K), 0.0135770 secs] 584189K->43899K(2029056K), 0.0136356 secs] [Times: user=0.13 sys=0.00, real=0.01 secs] 
2020-09-29T18:03:14.295+0200: 32.476: [GC (Allocation Failure) 2020-09-29T18:03:14.295+0200: 32.476: [ParNew: 581845K->28830K(613440K), 0.0141421 secs] 589243K->36228K(2029056K), 0.0142132 secs] [Times: user=0.13 sys=0.00, real=0.01 secs] 
2020-09-29T18:03:14.356+0200: 32.537: [GC (Allocation Failure) 2020-09-29T18:03:14.356+0200: 32.537: [ParNew: 574174K->47928K(613440K), 0.0179118 secs] 581572K->55326K(2029056K), 0.0179871 secs] [Times: user=0.11 sys=0.00, real=0.02 secs] 
2020-09-29T18:03:14.425+0200: 32.605: [GC (Allocation Failure) 2020-09-29T18:03:14.425+0200: 32.605: [ParNew: 593272K->60595K(613440K), 0.0230286 secs] 600670K->67993K(2029056K), 0.0230886 secs] [Times: user=0.25 sys=0.00, real=0.02 secs] 
2020-09-29T18:03:14.497+0200: 32.677: [GC (Allocation Failure) 2020-09-29T18:03:14.497+0200: 32.677: [ParNew: 605939K->49326K(613440K), 0.0173340 secs] 613337K->56724K(2029056K), 0.0173967 secs] [Times: user=0.13 sys=0.00, real=0.02 secs] 
2020-09-29T18:03:14.562+0200: 32.743: [GC (Allocation Failure) 2020-09-29T18:03:14.562+0200: 32.743: [ParNew: 594670K->37429K(613440K), 0.0167320 secs] 602068K->44827K(2029056K), 0.0168023 secs] [Times: user=0.11 sys=0.00, real=0.02 secs] 
2020-09-29T18:03:14.631+0200: 32.811: [GC (Allocation Failure) 2020-09-29T18:03:14.631+0200: 32.811: [ParNew: 582773K->59578K(613440K), 0.0217498 secs] 590171K->66976K(2029056K), 0.0218114 secs] [Times: user=0.13 sys=0.00, real=0.02 secs] 
2020-09-29T18:03:14.701+0200: 32.881: [GC (Allocation Failure) 2020-09-29T18:03:14.701+0200: 32.881: [ParNew: 604922K->48639K(613440K), 0.0196309 secs] 612320K->56037K(2029056K), 0.0197033 secs] [Times: user=0.13 sys=0.00, real=0.02 secs] 
2020-09-29T18:03:14.769+0200: 32.950: [GC (Allocation Failure) 2020-09-29T18:03:14.769+0200: 32.950: [ParNew: 593983K->46002K(613440K), 0.0196321 secs] 601381K->53400K(2029056K), 0.0196995 secs] [Times: user=0.14 sys=0.00, real=0.02 secs] 
2020-09-29T18:03:14.840+0200: 33.021: [GC (Allocation Failure) 2020-09-29T18:03:14.840+0200: 33.021: [ParNew: 591346K->37117K(613440K), 0.0130397 secs] 598744K->44515K(2029056K), 0.0130979 secs] [Times: user=0.13 sys=0.00, real=0.01 secs] 
2020-09-29T18:03:14.907+0200: 33.087: [GC (Allocation Failure) 2020-09-29T18:03:14.907+0200: 33.087: [ParNew: 582461K->65819K(613440K), 0.0275716 secs] 589859K->73217K(2029056K), 0.0276413 secs] [Times: user=0.25 sys=0.00, real=0.03 secs] 
2020-09-29T18:03:14.981+0200: 33.162: [GC (Allocation Failure) 2020-09-29T18:03:14.981+0200: 33.162: [ParNew: 611163K->53749K(613440K), 0.0227034 secs] 618561K->61147K(2029056K), 0.0227613 secs] [Times: user=0.25 sys=0.00, real=0.02 secs] 
2020-09-29T18:03:15.051+0200: 33.232: [GC (Allocation Failure) 2020-09-29T18:03:15.051+0200: 33.232: [ParNew: 599093K->48547K(613440K), 0.0172479 secs] 606491K->55945K(2029056K), 0.0173092 secs] [Times: user=0.13 sys=0.00, real=0.02 secs] 
2020-09-29T18:03:15.121+0200: 33.301: [GC (Allocation Failure) 2020-09-29T18:03:15.121+0200: 33.301: [ParNew: 593891K->47750K(613440K), 0.0208034 secs] 601289K->55148K(2029056K), 0.0208642 secs] [Times: user=0.13 sys=0.00, real=0.02 secs] 
2020-09-29T18:03:15.192+0200: 33.372: [GC (Allocation Failure) 2020-09-29T18:03:15.192+0200: 33.372: [ParNew: 593094K->38833K(613440K), 0.0168511 secs] 600492K->46231K(2029056K), 0.0169104 secs] [Times: user=0.11 sys=0.00, real=0.02 secs] 
2020-09-29T18:03:15.265+0200: 33.445: [GC (Allocation Failure) 2020-09-29T18:03:15.265+0200: 33.445: [ParNew: 584177K->26230K(613440K), 0.0158975 secs] 591575K->33628K(2029056K), 0.0159733 secs] [Times: user=0.13 sys=0.00, real=0.02 secs] 
2020-09-29T18:03:15.330+0200: 33.510: [GC (Allocation Failure) 2020-09-29T18:03:15.330+0200: 33.510: [ParNew: 571574K->53725K(613440K), 0.0192490 secs] 578972K->61123K(2029056K), 0.0193389 secs] [Times: user=0.25 sys=0.00, real=0.02 secs] 
2020-09-29T18:03:15.401+0200: 33.581: [GC (Allocation Failure) 2020-09-29T18:03:15.401+0200: 33.581: [ParNew: 599069K->31425K(613440K), 0.0137663 secs] 606467K->38823K(2029056K), 0.0138233 secs] [Times: user=0.13 sys=0.00, real=0.01 secs] 
2020-09-29T18:03:15.462+0200: 33.642: [GC (Allocation Failure) 2020-09-29T18:03:15.462+0200: 33.642: [ParNew: 576769K->50097K(613440K), 0.0218824 secs] 584167K->57495K(2029056K), 0.0219441 secs] [Times: user=0.13 sys=0.00, real=0.02 secs] 
2020-09-29T18:03:15.534+0200: 33.715: [GC (Allocation Failure) 2020-09-29T18:03:15.534+0200: 33.715: [ParNew: 595441K->68096K(613440K), 0.0219957 secs] 602839K->75503K(2029056K), 0.0220744 secs] [Times: user=0.25 sys=0.00, real=0.02 secs] 
2020-09-29T18:03:15.605+0200: 33.785: [GC (Allocation Failure) 2020-09-29T18:03:15.605+0200: 33.785: [ParNew: 613440K->47779K(613440K), 0.0211478 secs] 620847K->55187K(2029056K), 0.0212022 secs] [Times: user=0.13 sys=0.00, real=0.02 secs] 
2020-09-29T18:03:15.674+0200: 33.855: [GC (Allocation Failure) 2020-09-29T18:03:15.674+0200: 33.855: [ParNew: 593123K->68096K(613440K), 0.0253160 secs] 600531K->76457K(2029056K), 0.0253739 secs] [Times: user=0.23 sys=0.00, real=0.02 secs] 
2020-09-29T18:03:15.746+0200: 33.927: [GC (Allocation Failure) 2020-09-29T18:03:15.746+0200: 33.927: [ParNew: 613440K->61068K(613440K), 0.0188364 secs] 621801K->69430K(2029056K), 0.0188936 secs] [Times: user=0.13 sys=0.00, real=0.02 secs] 
2020-09-29T18:03:15.817+0200: 33.998: [GC (Allocation Failure) 2020-09-29T18:03:15.817+0200: 33.998: [ParNew: 606412K->55244K(613440K), 0.0242049 secs] 614774K->63606K(2029056K), 0.0242890 secs] [Times: user=0.13 sys=0.00, real=0.03 secs] 
2020-09-29T18:03:15.893+0200: 34.073: [GC (Allocation Failure) 2020-09-29T18:03:15.893+0200: 34.073: [ParNew: 600588K->51337K(613440K), 0.0175390 secs] 608950K->59698K(2029056K), 0.0176116 secs] [Times: user=0.11 sys=0.00, real=0.02 secs] 
2020-09-29T18:03:15.964+0200: 34.144: [GC (Allocation Failure) 2020-09-29T18:03:15.964+0200: 34.144: [ParNew: 596681K->46740K(613440K), 0.0223346 secs] 605042K->55102K(2029056K), 0.0224130 secs] [Times: user=0.13 sys=0.00, real=0.02 secs] 
2020-09-29T18:03:16.037+0200: 34.217: [GC (Allocation Failure) 2020-09-29T18:03:16.037+0200: 34.217: [ParNew: 592084K->49490K(613440K), 0.0205873 secs] 600446K->57852K(2029056K), 0.0206505 secs] [Times: user=0.13 sys=0.00, real=0.02 secs] 
2020-09-29T18:03:16.110+0200: 34.290: [GC (Allocation Failure) 2020-09-29T18:03:16.110+0200: 34.290: [ParNew: 594834K->50112K(613440K), 0.0205135 secs] 603196K->58474K(2029056K), 0.0205998 secs] [Times: user=0.23 sys=0.00, real=0.02 secs] 
2020-09-29T18:03:16.184+0200: 34.364: [GC (Allocation Failure) 2020-09-29T18:03:16.184+0200: 34.364: [ParNew: 595456K->36200K(613440K), 0.0144790 secs] 603818K->44561K(2029056K), 0.0145696 secs] [Times: user=0.13 sys=0.00, real=0.01 secs] 
2020-09-29T18:03:16.256+0200: 34.436: [GC (Allocation Failure) 2020-09-29T18:03:16.256+0200: 34.436: [ParNew: 581544K->50905K(613440K), 0.0196967 secs] 589905K->59267K(2029056K), 0.0282443 secs] [Times: user=0.13 sys=0.00, real=0.03 secs] 
2020-09-29T18:03:16.338+0200: 34.518: [GC (Allocation Failure) 2020-09-29T18:03:16.338+0200: 34.518: [ParNew: 596249K->61125K(613440K), 0.0230934 secs] 604611K->69487K(2029056K), 0.0231758 secs] [Times: user=0.13 sys=0.00, real=0.02 secs] 
2020-09-29T18:03:16.413+0200: 34.593: [GC (Allocation Failure) 2020-09-29T18:03:16.413+0200: 34.593: [ParNew: 606469K->50152K(613440K), 0.0181258 secs] 614831K->58514K(2029056K), 0.0181957 secs] [Times: user=0.13 sys=0.00, real=0.02 secs] 
2020-09-29T18:03:16.489+0200: 34.669: [GC (Allocation Failure) 2020-09-29T18:03:16.489+0200: 34.669: [ParNew: 595496K->40240K(613440K), 0.0210095 secs] 603858K->48602K(2029056K), 0.0210839 secs] [Times: user=0.11 sys=0.00, real=0.02 secs] 
2020-09-29T18:03:16.567+0200: 34.747: [GC (Allocation Failure) 2020-09-29T18:03:16.567+0200: 34.747: [ParNew: 585584K->32607K(613440K), 0.0148052 secs] 593946K->40969K(2029056K), 0.0148833 secs] [Times: user=0.00 sys=0.00, real=0.02 secs] 
2020-09-29T18:03:16.641+0200: 34.821: [GC (Allocation Failure) 2020-09-29T18:03:16.641+0200: 34.821: [ParNew: 577951K->26743K(613440K), 0.0162273 secs] 586313K->35105K(2029056K), 0.0163384 secs] [Times: user=0.13 sys=0.00, real=0.02 secs] 
2020-09-29T18:03:16.711+0200: 34.891: [GC (Allocation Failure) 2020-09-29T18:03:16.711+0200: 34.891: [ParNew: 572087K->50404K(613440K), 0.0200286 secs] 580449K->58766K(2029056K), 0.0200901 secs] [Times: user=0.13 sys=0.00, real=0.02 secs] 
2020-09-29T18:03:16.782+0200: 34.962: [GC (Allocation Failure) 2020-09-29T18:03:16.782+0200: 34.962: [ParNew: 595748K->42550K(613440K), 0.0177195 secs] 604110K->50912K(2029056K), 0.0177816 secs] [Times: user=0.11 sys=0.00, real=0.02 secs] 
2020-09-29T18:03:16.859+0200: 35.040: [GC (Allocation Failure) 2020-09-29T18:03:16.859+0200: 35.040: [ParNew: 587894K->63671K(613440K), 0.0240378 secs] 596256K->72033K(2029056K), 0.0241172 secs] [Times: user=0.23 sys=0.00, real=0.02 secs] 
2020-09-29T18:03:16.935+0200: 35.115: [GC (Allocation Failure) 2020-09-29T18:03:16.935+0200: 35.115: [ParNew: 609015K->41796K(613440K), 0.0097844 secs] 617377K->50158K(2029056K), 0.0098462 secs] [Times: user=0.13 sys=0.00, real=0.01 secs] 
2020-09-29T18:03:16.998+0200: 35.178: [GC (Allocation Failure) 2020-09-29T18:03:16.998+0200: 35.178: [ParNew: 587140K->35118K(613440K), 0.0150817 secs] 595502K->43480K(2029056K), 0.0151359 secs] [Times: user=0.13 sys=0.00, real=0.02 secs] 
2020-09-29T18:03:17.068+0200: 35.248: [GC (Allocation Failure) 2020-09-29T18:03:17.068+0200: 35.248: [ParNew: 580462K->43250K(613440K), 0.0204832 secs] 588824K->51611K(2029056K), 0.0205331 secs] [Times: user=0.13 sys=0.00, real=0.02 secs] 
2020-09-29T18:03:17.140+0200: 35.321: [GC (Allocation Failure) 2020-09-29T18:03:17.140+0200: 35.321: [ParNew: 588594K->67214K(613440K), 0.0245278 secs] 596955K->75576K(2029056K), 0.0245998 secs] [Times: user=0.23 sys=0.00, real=0.02 secs] 
2020-09-29T18:03:17.219+0200: 35.399: [GC (Allocation Failure) 2020-09-29T18:03:17.219+0200: 35.399: [ParNew: 612558K->68096K(613440K), 0.0290655 secs] 620920K->76476K(2029056K), 0.0291387 secs] [Times: user=0.23 sys=0.00, real=0.03 secs] 
2020-09-29T18:03:17.303+0200: 35.484: [GC (Allocation Failure) 2020-09-29T18:03:17.303+0200: 35.484: [ParNew: 613440K->49761K(613440K), 0.0181244 secs] 621820K->58142K(2029056K), 0.0181800 secs] [Times: user=0.13 sys=0.00, real=0.02 secs] 
2020-09-29T18:03:17.376+0200: 35.556: [GC (Allocation Failure) 2020-09-29T18:03:17.376+0200: 35.556: [ParNew: 595105K->36632K(613440K), 0.0103755 secs] 603486K->45013K(2029056K), 0.0104519 secs] [Times: user=0.13 sys=0.00, real=0.01 secs] 
2020-09-29T18:03:17.445+0200: 35.626: [GC (Allocation Failure) 2020-09-29T18:03:17.445+0200: 35.626: [ParNew: 581976K->17093K(613440K), 0.0084243 secs] 590357K->25474K(2029056K), 0.0084841 secs] [Times: user=0.00 sys=0.00, real=0.01 secs] 
2020-09-29T18:03:17.511+0200: 35.692: [GC (Allocation Failure) 2020-09-29T18:03:17.511+0200: 35.692: [ParNew: 562437K->26850K(613440K), 0.0140629 secs] 570818K->35231K(2029056K), 0.0141103 secs] [Times: user=0.11 sys=0.00, real=0.01 secs] 
2020-09-29T18:03:17.580+0200: 35.760: [GC (Allocation Failure) 2020-09-29T18:03:17.580+0200: 35.760: [ParNew: 572194K->39933K(613440K), 0.0189551 secs] 580575K->48314K(2029056K), 0.0190198 secs] [Times: user=0.22 sys=0.00, real=0.02 secs] 
2020-09-29T18:03:17.652+0200: 35.833: [GC (Allocation Failure) 2020-09-29T18:03:17.652+0200: 35.833: [ParNew: 585277K->56623K(613440K), 0.0232961 secs] 593658K->65004K(2029056K), 0.0236454 secs] [Times: user=0.14 sys=0.00, real=0.02 secs] 
2020-09-29T18:03:17.727+0200: 35.907: [GC (Allocation Failure) 2020-09-29T18:03:17.727+0200: 35.907: [ParNew: 601967K->65782K(613440K), 0.0230433 secs] 610348K->74162K(2029056K), 0.0230967 secs] [Times: user=0.11 sys=0.00, real=0.02 secs] 
2020-09-29T18:03:17.801+0200: 35.980: [GC (Allocation Failure) 2020-09-29T18:03:17.801+0200: 35.980: [ParNew: 611126K->42548K(613440K), 0.0135123 secs] 619506K->50929K(2029056K), 0.0135786 secs] [Times: user=0.13 sys=0.00, real=0.01 secs] 
2020-09-29T18:03:17.866+0200: 36.046: [GC (Allocation Failure) 2020-09-29T18:03:17.866+0200: 36.046: [ParNew: 587892K->40384K(613440K), 0.0153639 secs] 596273K->48765K(2029056K), 0.0154373 secs] [Times: user=0.13 sys=0.00, real=0.02 secs] 
2020-09-29T18:03:17.935+0200: 36.115: [GC (Allocation Failure) 2020-09-29T18:03:17.935+0200: 36.115: [ParNew: 585728K->45987K(613440K), 0.0187633 secs] 594109K->54368K(2029056K), 0.0188305 secs] [Times: user=0.13 sys=0.00, real=0.02 secs] 
2020-09-29T18:03:18.008+0200: 36.188: [GC (Allocation Failure) 2020-09-29T18:03:18.008+0200: 36.188: [ParNew: 591331K->52402K(613440K), 0.0177611 secs] 599712K->60783K(2029056K), 0.0178197 secs] [Times: user=0.13 sys=0.00, real=0.02 secs] 
2020-09-29T18:03:18.077+0200: 36.257: [GC (Allocation Failure) 2020-09-29T18:03:18.077+0200: 36.257: [ParNew: 597746K->38708K(613440K), 0.0173602 secs] 606127K->47088K(2029056K), 0.0174125 secs] [Times: user=0.13 sys=0.00, real=0.02 secs] 
2020-09-29T18:03:18.147+0200: 36.327: [GC (Allocation Failure) 2020-09-29T18:03:18.147+0200: 36.327: [ParNew: 584052K->62795K(613440K), 0.0219511 secs] 592432K->71175K(2029056K), 0.0220148 secs] [Times: user=0.13 sys=0.00, real=0.02 secs] 
2020-09-29T18:03:18.225+0200: 36.405: [GC (Allocation Failure) 2020-09-29T18:03:18.225+0200: 36.405: [ParNew: 608139K->44758K(613440K), 0.0171221 secs] 616519K->53139K(2029056K), 0.0171843 secs] [Times: user=0.13 sys=0.00, real=0.02 secs] 
2020-09-29T18:03:18.296+0200: 36.476: [GC (Allocation Failure) 2020-09-29T18:03:18.296+0200: 36.476: [ParNew: 590102K->33818K(613440K), 0.0153584 secs] 598483K->42199K(2029056K), 0.0154148 secs] [Times: user=0.13 sys=0.00, real=0.02 secs] 
2020-09-29T18:03:18.361+0200: 36.541: [GC (Allocation Failure) 2020-09-29T18:03:18.361+0200: 36.541: [ParNew: 579162K->57292K(613440K), 0.0236749 secs] 587543K->65673K(2029056K), 0.0237507 secs] [Times: user=0.24 sys=0.00, real=0.02 secs] 
2020-09-29T18:03:18.436+0200: 36.616: [GC (Allocation Failure) 2020-09-29T18:03:18.436+0200: 36.616: [ParNew: 602636K->45606K(613440K), 0.0119052 secs] 611017K->53987K(2029056K), 0.0119577 secs] [Times: user=0.13 sys=0.00, real=0.01 secs] 
2020-09-29T18:03:18.511+0200: 36.691: [GC (Allocation Failure) 2020-09-29T18:03:18.511+0200: 36.691: [ParNew: 590950K->51404K(613440K), 0.0222508 secs] 599331K->59785K(2029056K), 0.0223050 secs] [Times: user=0.13 sys=0.00, real=0.02 secs] 
2020-09-29T18:03:18.586+0200: 36.766: [GC (Allocation Failure) 2020-09-29T18:03:18.586+0200: 36.766: [ParNew: 596748K->37554K(613440K), 0.0203688 secs] 605129K->45934K(2029056K), 0.0204301 secs] [Times: user=0.09 sys=0.00, real=0.02 secs] 
2020-09-29T18:03:18.659+0200: 36.839: [GC (Allocation Failure) 2020-09-29T18:03:18.659+0200: 36.839: [ParNew: 582898K->68074K(613440K), 0.0265950 secs] 591278K->76455K(2029056K), 0.0266601 secs] [Times: user=0.23 sys=0.00, real=0.03 secs] 
2020-09-29T18:03:18.737+0200: 36.917: [GC (Allocation Failure) 2020-09-29T18:03:18.737+0200: 36.917: [ParNew: 613418K->63352K(613440K), 0.0211692 secs] 621799K->71733K(2029056K), 0.0212400 secs] [Times: user=0.22 sys=0.00, real=0.02 secs] 
2020-09-29T18:03:18.810+0200: 36.990: [GC (Allocation Failure) 2020-09-29T18:03:18.810+0200: 36.990: [ParNew: 608696K->40118K(613440K), 0.0160932 secs] 617077K->48499K(2029056K), 0.0161471 secs] [Times: user=0.11 sys=0.00, real=0.02 secs] 
2020-09-29T18:03:18.876+0200: 37.056: [GC (Allocation Failure) 2020-09-29T18:03:18.876+0200: 37.056: [ParNew: 585462K->34328K(613440K), 0.0146436 secs] 593843K->42708K(2029056K), 0.0147166 secs] [Times: user=0.11 sys=0.00, real=0.02 secs] 
2020-09-29T18:03:18.949+0200: 37.129: [GC (Allocation Failure) 2020-09-29T18:03:18.949+0200: 37.129: [ParNew: 579672K->58529K(613440K), 0.0232194 secs] 588052K->66910K(2029056K), 0.0232809 secs] [Times: user=0.13 sys=0.00, real=0.02 secs] 
2020-09-29T18:03:19.022+0200: 37.202: [GC (Allocation Failure) 2020-09-29T18:03:19.022+0200: 37.202: [ParNew: 603873K->44014K(613440K), 0.0156313 secs] 612254K->52395K(2029056K), 0.0156949 secs] [Times: user=0.13 sys=0.00, real=0.01 secs] 
2020-09-29T18:03:19.089+0200: 37.269: [GC (Allocation Failure) 2020-09-29T18:03:19.089+0200: 37.269: [ParNew: 589358K->38117K(613440K), 0.0144155 secs] 597739K->46497K(2029056K), 0.0145047 secs] [Times: user=0.13 sys=0.00, real=0.02 secs] 
2020-09-29T18:03:19.158+0200: 37.338: [GC (Allocation Failure) 2020-09-29T18:03:19.158+0200: 37.338: [ParNew: 583461K->56666K(613440K), 0.0248756 secs] 591841K->65047K(2029056K), 0.0249497 secs] [Times: user=0.24 sys=0.00, real=0.03 secs] 
2020-09-29T18:03:19.235+0200: 37.416: [GC (Allocation Failure) 2020-09-29T18:03:19.235+0200: 37.416: [ParNew: 602010K->46132K(613440K), 0.0136520 secs] 610391K->54513K(2029056K), 0.0137071 secs] [Times: user=0.11 sys=0.00, real=0.01 secs] 
2020-09-29T18:03:19.304+0200: 37.484: [GC (Allocation Failure) 2020-09-29T18:03:19.304+0200: 37.484: [ParNew: 591476K->39442K(613440K), 0.0193679 secs] 599857K->47823K(2029056K), 0.0194215 secs] [Times: user=0.11 sys=0.00, real=0.02 secs] 
2020-09-29T18:03:19.375+0200: 37.555: [GC (Allocation Failure) 2020-09-29T18:03:19.375+0200: 37.555: [ParNew: 584786K->36442K(613440K), 0.0149945 secs] 593167K->44823K(2029056K), 0.0150632 secs] [Times: user=0.11 sys=0.00, real=0.02 secs] 
2020-09-29T18:03:19.446+0200: 37.626: [GC (Allocation Failure) 2020-09-29T18:03:19.446+0200: 37.626: [ParNew: 581786K->53537K(613440K), 0.0196943 secs] 590167K->61918K(2029056K), 0.0197626 secs] [Times: user=0.13 sys=0.00, real=0.02 secs] 
2020-09-29T18:03:19.516+0200: 37.696: [GC (Allocation Failure) 2020-09-29T18:03:19.516+0200: 37.696: [ParNew: 598881K->36350K(613440K), 0.0130909 secs] 607262K->44731K(2029056K), 0.0131380 secs] [Times: user=0.11 sys=0.00, real=0.01 secs] 
2020-09-29T18:03:19.581+0200: 37.762: [GC (Allocation Failure) 2020-09-29T18:03:19.581+0200: 37.762: [ParNew: 581694K->30668K(613440K), 0.0159190 secs] 590075K->39049K(2029056K), 0.0159973 secs] [Times: user=0.09 sys=0.00, real=0.02 secs] 
2020-09-29T18:03:19.657+0200: 37.837: [GC (Allocation Failure) 2020-09-29T18:03:19.657+0200: 37.837: [ParNew: 576012K->60612K(613440K), 0.0241017 secs] 584393K->68993K(2029056K), 0.0241774 secs] [Times: user=0.25 sys=0.00, real=0.02 secs] 
2020-09-29T18:03:19.731+0200: 37.912: [GC (Allocation Failure) 2020-09-29T18:03:19.731+0200: 37.912: [ParNew: 605956K->68096K(613440K), 0.0237573 secs] 614337K->76476K(2029056K), 0.0238095 secs] [Times: user=0.22 sys=0.00, real=0.02 secs] 
2020-09-29T18:03:19.807+0200: 37.987: [GC (Allocation Failure) 2020-09-29T18:03:19.807+0200: 37.987: [ParNew: 613440K->45684K(613440K), 0.0164213 secs] 621820K->54065K(2029056K), 0.0164901 secs] [Times: user=0.13 sys=0.00, real=0.02 secs] 
2020-09-29T18:03:19.872+0200: 38.053: [GC (Allocation Failure) 2020-09-29T18:03:19.872+0200: 38.053: [ParNew: 591028K->43758K(613440K), 0.0215119 secs] 599409K->52139K(2029056K), 0.0215874 secs] [Times: user=0.09 sys=0.00, real=0.02 secs] 
2020-09-29T18:03:19.946+0200: 38.127: [GC (Allocation Failure) 2020-09-29T18:03:19.946+0200: 38.127: [ParNew: 589102K->45945K(613440K), 0.0192200 secs] 597483K->54325K(2029056K), 0.0193077 secs] [Times: user=0.11 sys=0.00, real=0.02 secs] 
2020-09-29T18:03:20.020+0200: 38.201: [GC (Allocation Failure) 2020-09-29T18:03:20.020+0200: 38.201: [ParNew: 591289K->42837K(613440K), 0.0182135 secs] 599669K->51217K(2029056K), 0.0182786 secs] [Times: user=0.13 sys=0.00, real=0.02 secs] 
2020-09-29T18:03:20.089+0200: 38.270: [GC (Allocation Failure) 2020-09-29T18:03:20.089+0200: 38.270: [ParNew: 588181K->31598K(613440K), 0.0109590 secs] 596561K->39978K(2029056K), 0.0110220 secs] [Times: user=0.13 sys=0.00, real=0.01 secs] 
2020-09-29T18:03:20.158+0200: 38.339: [GC (Allocation Failure) 2020-09-29T18:03:20.158+0200: 38.339: [ParNew: 576942K->47966K(613440K), 0.0200059 secs] 585322K->56346K(2029056K), 0.0200803 secs] [Times: user=0.25 sys=0.00, real=0.02 secs] 
2020-09-29T18:03:20.233+0200: 38.413: [GC (Allocation Failure) 2020-09-29T18:03:20.233+0200: 38.413: [ParNew: 593310K->58552K(613440K), 0.0199091 secs] 601690K->66933K(2029056K), 0.0199953 secs] [Times: user=0.13 sys=0.00, real=0.02 secs] 
2020-09-29T18:03:20.303+0200: 38.484: [GC (Allocation Failure) 2020-09-29T18:03:20.303+0200: 38.484: [ParNew: 603896K->41825K(613440K), 0.0190359 secs] 612277K->50206K(2029056K), 0.0190894 secs] [Times: user=0.11 sys=0.00, real=0.02 secs] 
2020-09-29T18:03:20.375+0200: 38.555: [GC (Allocation Failure) 2020-09-29T18:03:20.375+0200: 38.555: [ParNew: 587169K->38325K(613440K), 0.0178647 secs] 595550K->46706K(2029056K), 0.0179332 secs] [Times: user=0.11 sys=0.00, real=0.02 secs] 
2020-09-29T18:03:20.447+0200: 38.628: [GC (Allocation Failure) 2020-09-29T18:03:20.447+0200: 38.628: [ParNew: 583669K->68096K(613440K), 0.0289586 secs] 592050K->76716K(2029056K), 0.0290072 secs] [Times: user=0.22 sys=0.00, real=0.03 secs] 
2020-09-29T18:03:20.526+0200: 38.707: [GC (Allocation Failure) 2020-09-29T18:03:20.526+0200: 38.707: [ParNew: 613440K->68096K(613440K), 0.0279639 secs] 622060K->78217K(2029056K), 0.0280165 secs] [Times: user=0.24 sys=0.00, real=0.03 secs] 
2020-09-29T18:03:20.605+0200: 38.786: [GC (Allocation Failure) 2020-09-29T18:03:20.605+0200: 38.786: [ParNew: 613440K->47010K(613440K), 0.0092658 secs] 623561K->57131K(2029056K), 0.0093241 secs] [Times: user=0.11 sys=0.00, real=0.01 secs] 
2020-09-29T18:03:20.676+0200: 38.857: [GC (Allocation Failure) 2020-09-29T18:03:20.676+0200: 38.857: [ParNew: 592354K->49287K(613440K), 0.0199790 secs] 602475K->59408K(2029056K), 0.0200444 secs] [Times: user=0.13 sys=0.00, real=0.02 secs] 
2020-09-29T18:03:20.749+0200: 38.930: [GC (Allocation Failure) 2020-09-29T18:03:20.749+0200: 38.930: [ParNew: 594631K->48330K(613440K), 0.0182589 secs] 604752K->58451K(2029056K), 0.0183328 secs] [Times: user=0.13 sys=0.00, real=0.02 secs] 
2020-09-29T18:03:20.819+0200: 39.000: [GC (Allocation Failure) 2020-09-29T18:03:20.819+0200: 39.000: [ParNew: 593674K->43428K(613440K), 0.0183021 secs] 603795K->53550K(2029056K), 0.0183604 secs] [Times: user=0.11 sys=0.00, real=0.02 secs] 
2020-09-29T18:03:20.891+0200: 39.072: [GC (Allocation Failure) 2020-09-29T18:03:20.891+0200: 39.072: [ParNew: 588772K->61116K(613440K), 0.0249352 secs] 598894K->71238K(2029056K), 0.0249960 secs] [Times: user=0.22 sys=0.00, real=0.02 secs] 
2020-09-29T18:03:20.966+0200: 39.147: [GC (Allocation Failure) 2020-09-29T18:03:20.966+0200: 39.147: [ParNew: 606460K->46621K(613440K), 0.0181011 secs] 616582K->56742K(2029056K), 0.0181630 secs] [Times: user=0.13 sys=0.00, real=0.02 secs] 
2020-09-29T18:03:21.039+0200: 39.220: [GC (Allocation Failure) 2020-09-29T18:03:21.039+0200: 39.220: [ParNew: 591965K->40108K(613440K), 0.0155570 secs] 602086K->50230K(2029056K), 0.0156154 secs] [Times: user=0.13 sys=0.00, real=0.01 secs] 
2020-09-29T18:03:21.105+0200: 39.286: [GC (Allocation Failure) 2020-09-29T18:03:21.105+0200: 39.286: [ParNew: 585452K->60415K(613440K), 0.0246545 secs] 595574K->70536K(2029056K), 0.0247166 secs] [Times: user=0.25 sys=0.00, real=0.03 secs] 
2020-09-29T18:03:21.181+0200: 39.361: [GC (Allocation Failure) 2020-09-29T18:03:21.181+0200: 39.361: [ParNew: 605759K->68096K(613440K), 0.0246925 secs] 615880K->78443K(2029056K), 0.0247666 secs] [Times: user=0.13 sys=0.00, real=0.02 secs] 
2020-09-29T18:03:21.258+0200: 39.439: [GC (Allocation Failure) 2020-09-29T18:03:21.258+0200: 39.439: [ParNew: 613440K->57343K(613440K), 0.0252669 secs] 623787K->67690K(2029056K), 0.0253292 secs] [Times: user=0.13 sys=0.00, real=0.03 secs] 
2020-09-29T18:03:21.331+0200: 39.511: [GC (Allocation Failure) 2020-09-29T18:03:21.331+0200: 39.511: [ParNew: 602687K->54679K(613440K), 0.0225074 secs] 613034K->65026K(2029056K), 0.0225706 secs] [Times: user=0.16 sys=0.00, real=0.02 secs] 
2020-09-29T18:03:21.406+0200: 39.587: [GC (Allocation Failure) 2020-09-29T18:03:21.406+0200: 39.587: [ParNew: 598471K->43040K(613440K), 0.0171992 secs] 608818K->53387K(2029056K), 0.0172765 secs] [Times: user=0.13 sys=0.00, real=0.02 secs] 
2020-09-29T18:03:21.475+0200: 39.656: [GC (Allocation Failure) 2020-09-29T18:03:21.475+0200: 39.656: [ParNew: 588384K->35313K(613440K), 0.0132872 secs] 598731K->45660K(2029056K), 0.0133457 secs] [Times: user=0.00 sys=0.00, real=0.01 secs] 
2020-09-29T18:03:21.535+0200: 39.715: [GC (Allocation Failure) 2020-09-29T18:03:21.535+0200: 39.715: [ParNew: 580657K->47230K(613440K), 0.0190851 secs] 591004K->57577K(2029056K), 0.0191460 secs] [Times: user=0.13 sys=0.00, real=0.02 secs] 
2020-09-29T18:03:21.605+0200: 39.786: [GC (Allocation Failure) 2020-09-29T18:03:21.605+0200: 39.786: [ParNew: 592574K->60952K(613440K), 0.0229755 secs] 602921K->71299K(2029056K), 0.0230437 secs] [Times: user=0.13 sys=0.00, real=0.02 secs] 
2020-09-29T18:03:21.677+0200: 39.858: [GC (Allocation Failure) 2020-09-29T18:03:21.677+0200: 39.858: [ParNew: 606296K->48837K(613440K), 0.0166854 secs] 616643K->59184K(2029056K), 0.0167483 secs] [Times: user=0.13 sys=0.00, real=0.02 secs] 
2020-09-29T18:03:21.742+0200: 39.923: [GC (Allocation Failure) 2020-09-29T18:03:21.742+0200: 39.923: [ParNew: 594181K->48033K(613440K), 0.0202621 secs] 604528K->58380K(2029056K), 0.0203217 secs] [Times: user=0.13 sys=0.00, real=0.02 secs] 
2020-09-29T18:03:21.814+0200: 39.995: [GC (Allocation Failure) 2020-09-29T18:03:21.814+0200: 39.995: [ParNew: 593377K->45567K(613440K), 0.0196524 secs] 603724K->55914K(2029056K), 0.0197106 secs] [Times: user=0.25 sys=0.00, real=0.02 secs] 
2020-09-29T18:03:21.881+0200: 40.061: [GC (Allocation Failure) 2020-09-29T18:03:21.881+0200: 40.061: [ParNew: 590911K->40727K(613440K), 0.0132881 secs] 601258K->51074K(2029056K), 0.0133436 secs] [Times: user=0.00 sys=0.00, real=0.01 secs] 
2020-09-29T18:03:21.943+0200: 40.123: [GC (Allocation Failure) 2020-09-29T18:03:21.943+0200: 40.123: [ParNew: 586071K->38849K(613440K), 0.0180982 secs] 596418K->49196K(2029056K), 0.0181567 secs] [Times: user=0.13 sys=0.00, real=0.02 secs] 
2020-09-29T18:03:22.011+0200: 40.191: [GC (Allocation Failure) 2020-09-29T18:03:22.011+0200: 40.191: [ParNew: 584193K->51627K(613440K), 0.0176968 secs] 594540K->61974K(2029056K), 0.0177551 secs] [Times: user=0.13 sys=0.00, real=0.02 secs] 
2020-09-29T18:03:22.076+0200: 40.255: [GC (Allocation Failure) 2020-09-29T18:03:22.076+0200: 40.255: [ParNew: 596971K->62820K(613440K), 0.0219414 secs] 607318K->73168K(2029056K), 0.0220128 secs] [Times: user=0.13 sys=0.00, real=0.02 secs] 
2020-09-29T18:03:22.148+0200: 40.328: [GC (Allocation Failure) 2020-09-29T18:03:22.148+0200: 40.328: [ParNew: 608164K->68096K(613440K), 0.0289752 secs] 618512K->78443K(2029056K), 0.0290526 secs] [Times: user=0.23 sys=0.00, real=0.03 secs] 
2020-09-29T18:03:22.229+0200: 40.410: [GC (Allocation Failure) 2020-09-29T18:03:22.229+0200: 40.410: [ParNew: 613440K->43673K(613440K), 0.0193993 secs] 623787K->54020K(2029056K), 0.0194936 secs] [Times: user=0.13 sys=0.00, real=0.02 secs] 
2020-09-29T18:03:22.300+0200: 40.480: [GC (Allocation Failure) 2020-09-29T18:03:22.300+0200: 40.480: [ParNew: 589017K->25460K(613440K), 0.0125042 secs] 599364K->35807K(2029056K), 0.0125596 secs] [Times: user=0.13 sys=0.00, real=0.01 secs] 
2020-09-29T18:03:22.360+0200: 40.540: [GC (Allocation Failure) 2020-09-29T18:03:22.360+0200: 40.540: [ParNew: 570804K->28057K(613440K), 0.0119681 secs] 581151K->38404K(2029056K), 0.0120223 secs] [Times: user=0.13 sys=0.00, real=0.01 secs] 
2020-09-29T18:03:22.423+0200: 40.603: [GC (Allocation Failure) 2020-09-29T18:03:22.423+0200: 40.603: [ParNew: 573401K->38854K(613440K), 0.0176734 secs] 583748K->49201K(2029056K), 0.0177548 secs] [Times: user=0.13 sys=0.00, real=0.02 secs] 
2020-09-29T18:03:22.490+0200: 40.670: [GC (Allocation Failure) 2020-09-29T18:03:22.490+0200: 40.670: [ParNew: 584198K->57551K(613440K), 0.0212051 secs] 594545K->67898K(2029056K), 0.0212700 secs] [Times: user=0.13 sys=0.00, real=0.02 secs] 
2020-09-29T18:03:22.560+0200: 40.739: [GC (Allocation Failure) 2020-09-29T18:03:22.560+0200: 40.739: [ParNew: 602895K->50342K(613440K), 0.0205794 secs] 613242K->60689K(2029056K), 0.0206412 secs] [Times: user=0.13 sys=0.00, real=0.02 secs] 
2020-09-29T18:03:22.631+0200: 40.811: [GC (Allocation Failure) 2020-09-29T18:03:22.631+0200: 40.811: [ParNew: 595686K->56378K(613440K), 0.0212672 secs] 606033K->66725K(2029056K), 0.0213349 secs] [Times: user=0.11 sys=0.00, real=0.02 secs] 
2020-09-29T18:03:22.703+0200: 40.883: [GC (Allocation Failure) 2020-09-29T18:03:22.703+0200: 40.883: [ParNew: 601722K->68096K(613440K), 0.0244022 secs] 612069K->78936K(2029056K), 0.0244626 secs] [Times: user=0.25 sys=0.00, real=0.02 secs] 
2020-09-29T18:03:22.774+0200: 40.954: [GC (Allocation Failure) 2020-09-29T18:03:22.775+0200: 40.954: [ParNew: 613440K->53850K(613440K), 0.0183278 secs] 624280K->64690K(2029056K), 0.0183888 secs] [Times: user=0.13 sys=0.00, real=0.02 secs] 
2020-09-29T18:03:22.843+0200: 41.023: [GC (Allocation Failure) 2020-09-29T18:03:22.844+0200: 41.023: [ParNew: 599194K->43897K(613440K), 0.0186927 secs] 610034K->54738K(2029056K), 0.0187524 secs] [Times: user=0.13 sys=0.00, real=0.02 secs] 
2020-09-29T18:03:22.912+0200: 41.092: [GC (Allocation Failure) 2020-09-29T18:03:22.912+0200: 41.092: [ParNew: 589241K->41965K(613440K), 0.0171196 secs] 600082K->52805K(2029056K), 0.0171780 secs] [Times: user=0.13 sys=0.00, real=0.02 secs] 
2020-09-29T18:03:22.981+0200: 41.161: [GC (Allocation Failure) 2020-09-29T18:03:22.981+0200: 41.161: [ParNew: 587309K->59610K(613440K), 0.0229577 secs] 598149K->70450K(2029056K), 0.0230306 secs] [Times: user=0.13 sys=0.00, real=0.02 secs] 
2020-09-29T18:03:23.052+0200: 41.232: [GC (Allocation Failure) 2020-09-29T18:03:23.052+0200: 41.232: [ParNew: 604954K->45047K(613440K), 0.0171935 secs] 615794K->55888K(2029056K), 0.0172765 secs] [Times: user=0.13 sys=0.00, real=0.02 secs] 
2020-09-29T18:03:23.116+0200: 41.296: [GC (Allocation Failure) 2020-09-29T18:03:23.116+0200: 41.296: [ParNew: 590391K->37864K(613440K), 0.0156474 secs] 601232K->48705K(2029056K), 0.0157042 secs] [Times: user=0.13 sys=0.00, real=0.02 secs] 
2020-09-29T18:03:23.179+0200: 41.359: [GC (Allocation Failure) 2020-09-29T18:03:23.179+0200: 41.359: [ParNew: 583208K->52284K(613440K), 0.0251860 secs] 594049K->63124K(2029056K), 0.0252584 secs] [Times: user=0.11 sys=0.00, real=0.03 secs] 
2020-09-29T18:03:23.254+0200: 41.434: [GC (Allocation Failure) 2020-09-29T18:03:23.255+0200: 41.434: [ParNew: 597628K->41619K(613440K), 0.0132737 secs] 608468K->52460K(2029056K), 0.0133386 secs] [Times: user=0.02 sys=0.00, real=0.01 secs] 
2020-09-29T18:03:23.319+0200: 41.499: [GC (Allocation Failure) 2020-09-29T18:03:23.319+0200: 41.499: [ParNew: 586963K->31796K(613440K), 0.0129716 secs] 597804K->42637K(2029056K), 0.0130276 secs] [Times: user=0.00 sys=0.00, real=0.01 secs] 
2020-09-29T18:03:23.386+0200: 41.566: [GC (Allocation Failure) 2020-09-29T18:03:23.386+0200: 41.566: [ParNew: 577140K->38328K(613440K), 0.0169487 secs] 587981K->49169K(2029056K), 0.0170042 secs] [Times: user=0.13 sys=0.00, real=0.02 secs] 
2020-09-29T18:03:23.450+0200: 41.630: [GC (Allocation Failure) 2020-09-29T18:03:23.450+0200: 41.630: [ParNew: 583672K->50701K(613440K), 0.0216787 secs] 594513K->61542K(2029056K), 0.0217405 secs] [Times: user=0.13 sys=0.00, real=0.02 secs] 
2020-09-29T18:03:23.522+0200: 41.702: [GC (Allocation Failure) 2020-09-29T18:03:23.522+0200: 41.702: [ParNew: 596045K->45403K(613440K), 0.0156704 secs] 606886K->56244K(2029056K), 0.0157294 secs] [Times: user=0.13 sys=0.00, real=0.02 secs] 
2020-09-29T18:03:23.587+0200: 41.767: [GC (Allocation Failure) 2020-09-29T18:03:23.587+0200: 41.767: [ParNew: 590747K->56428K(613440K), 0.0224975 secs] 601588K->67268K(2029056K), 0.0225559 secs] [Times: user=0.11 sys=0.00, real=0.02 secs] 
2020-09-29T18:03:23.660+0200: 41.839: [GC (Allocation Failure) 2020-09-29T18:03:23.660+0200: 41.840: [ParNew: 601772K->41630K(613440K), 0.0205643 secs] 612612K->52471K(2029056K), 0.0206602 secs] [Times: user=0.25 sys=0.00, real=0.02 secs] 
2020-09-29T18:03:23.728+0200: 41.908: [GC (Allocation Failure) 2020-09-29T18:03:23.728+0200: 41.908: [ParNew: 586974K->38441K(613440K), 0.0131250 secs] 597815K->49282K(2029056K), 0.0131803 secs] [Times: user=0.13 sys=0.00, real=0.01 secs] 
2020-09-29T18:03:23.790+0200: 41.970: [GC (Allocation Failure) 2020-09-29T18:03:23.790+0200: 41.970: [ParNew: 583785K->37056K(613440K), 0.0178539 secs] 594626K->47897K(2029056K), 0.0179107 secs] [Times: user=0.13 sys=0.00, real=0.02 secs] 
2020-09-29T18:03:23.862+0200: 42.042: [GC (Allocation Failure) 2020-09-29T18:03:23.862+0200: 42.042: [ParNew: 582400K->57314K(613440K), 0.0223337 secs] 593241K->68155K(2029056K), 0.0224153 secs] [Times: user=0.25 sys=0.00, real=0.02 secs] 
2020-09-29T18:03:23.932+0200: 42.112: [GC (Allocation Failure) 2020-09-29T18:03:23.932+0200: 42.112: [ParNew: 602658K->43453K(613440K), 0.0168903 secs] 613499K->54293K(2029056K), 0.0169570 secs] [Times: user=0.11 sys=0.00, real=0.02 secs] 
2020-09-29T18:03:23.996+0200: 42.177: [GC (Allocation Failure) 2020-09-29T18:03:23.996+0200: 42.177: [ParNew: 588797K->60409K(613440K), 0.0207261 secs] 599637K->71250K(2029056K), 0.0207903 secs] [Times: user=0.13 sys=0.00, real=0.02 secs] 
2020-09-29T18:03:24.070+0200: 42.250: [GC (Allocation Failure) 2020-09-29T18:03:24.070+0200: 42.250: [ParNew: 605753K->45259K(613440K), 0.0151970 secs] 616594K->56100K(2029056K), 0.0152521 secs] [Times: user=0.13 sys=0.00, real=0.02 secs] 
2020-09-29T18:03:24.137+0200: 42.317: [GC (Allocation Failure) 2020-09-29T18:03:24.137+0200: 42.317: [ParNew: 590603K->42625K(613440K), 0.0216797 secs] 601444K->53466K(2029056K), 0.0217509 secs] [Times: user=0.11 sys=0.00, real=0.02 secs] 
2020-09-29T18:03:24.208+0200: 42.389: [GC (Allocation Failure) 2020-09-29T18:03:24.208+0200: 42.389: [ParNew: 587969K->61802K(613440K), 0.0233152 secs] 598810K->72643K(2029056K), 0.0234198 secs] [Times: user=0.13 sys=0.00, real=0.02 secs] 
2020-09-29T18:03:24.280+0200: 42.460: [GC (Allocation Failure) 2020-09-29T18:03:24.280+0200: 42.460: [ParNew: 607146K->45872K(613440K), 0.0187389 secs] 617987K->56712K(2029056K), 0.0187953 secs] [Times: user=0.13 sys=0.00, real=0.02 secs] 
2020-09-29T18:03:24.345+0200: 42.526: [GC (Allocation Failure) 2020-09-29T18:03:24.345+0200: 42.526: [ParNew: 591216K->37737K(613440K), 0.0176956 secs] 602056K->48577K(2029056K), 0.0177489 secs] [Times: user=0.13 sys=0.00, real=0.02 secs] 
2020-09-29T18:03:24.411+0200: 42.591: [GC (Allocation Failure) 2020-09-29T18:03:24.411+0200: 42.591: [ParNew: 583081K->39426K(613440K), 0.0159494 secs] 593921K->50267K(2029056K), 0.0160724 secs] [Times: user=0.13 sys=0.00, real=0.02 secs] 
2020-09-29T18:03:24.480+0200: 42.660: [GC (Allocation Failure) 2020-09-29T18:03:24.480+0200: 42.660: [ParNew: 584770K->32090K(613440K), 0.0148412 secs] 595611K->42931K(2029056K), 0.0149392 secs] [Times: user=0.13 sys=0.00, real=0.01 secs] 
2020-09-29T18:03:24.550+0200: 42.731: [GC (Allocation Failure) 2020-09-29T18:03:24.550+0200: 42.731: [ParNew: 577434K->30003K(613440K), 0.0143411 secs] 588275K->40844K(2029056K), 0.0144312 secs] [Times: user=0.13 sys=0.00, real=0.02 secs] 
2020-09-29T18:03:24.620+0200: 42.801: [GC (Allocation Failure) 2020-09-29T18:03:24.620+0200: 42.801: [ParNew: 575347K->48050K(613440K), 0.0187202 secs] 586188K->58890K(2029056K), 0.0188034 secs] [Times: user=0.13 sys=0.00, real=0.02 secs] 
2020-09-29T18:03:24.687+0200: 42.867: [GC (Allocation Failure) 2020-09-29T18:03:24.687+0200: 42.868: [ParNew: 593394K->66298K(613440K), 0.0230752 secs] 604234K->77139K(2029056K), 0.0231552 secs] [Times: user=0.25 sys=0.00, real=0.02 secs] 
2020-09-29T18:03:24.759+0200: 42.940: [GC (Allocation Failure) 2020-09-29T18:03:24.759+0200: 42.940: [ParNew: 611642K->45616K(613440K), 0.0178103 secs] 622483K->56457K(2029056K), 0.0178971 secs] [Times: user=0.13 sys=0.00, real=0.02 secs] 
2020-09-29T18:03:24.825+0200: 43.006: [GC (Allocation Failure) 2020-09-29T18:03:24.825+0200: 43.006: [ParNew: 590960K->65312K(613440K), 0.0210970 secs] 601801K->76153K(2029056K), 0.0211579 secs] [Times: user=0.13 sys=0.00, real=0.02 secs] 
2020-09-29T18:03:24.894+0200: 43.074: [GC (Allocation Failure) 2020-09-29T18:03:24.894+0200: 43.074: [ParNew: 610656K->39431K(613440K), 0.0142162 secs] 621497K->50272K(2029056K), 0.0142706 secs] [Times: user=0.13 sys=0.00, real=0.01 secs] 
2020-09-29T18:03:24.959+0200: 43.139: [GC (Allocation Failure) 2020-09-29T18:03:24.959+0200: 43.139: [ParNew: 584775K->61633K(613440K), 0.0195282 secs] 595616K->72474K(2029056K), 0.0195917 secs] [Times: user=0.13 sys=0.00, real=0.02 secs] 
2020-09-29T18:03:25.025+0200: 43.205: [GC (Allocation Failure) 2020-09-29T18:03:25.025+0200: 43.205: [ParNew: 606977K->25391K(613440K), 0.0128872 secs] 617818K->36231K(2029056K), 0.0129438 secs] [Times: user=0.13 sys=0.00, real=0.01 secs] 
2020-09-29T18:03:25.088+0200: 43.269: [GC (Allocation Failure) 2020-09-29T18:03:25.089+0200: 43.269: [ParNew: 570735K->60168K(613440K), 0.0360298 secs] 581575K->71009K(2029056K), 0.0361350 secs] [Times: user=0.23 sys=0.00, real=0.04 secs] 
2020-09-29T18:03:25.174+0200: 43.355: [GC (Allocation Failure) 2020-09-29T18:03:25.174+0200: 43.355: [ParNew: 605512K->43168K(613440K), 0.0276413 secs] 616353K->54009K(2029056K), 0.0277483 secs] [Times: user=0.25 sys=0.00, real=0.03 secs] 
2020-09-29T18:03:25.262+0200: 43.443: [GC (Allocation Failure) 2020-09-29T18:03:25.262+0200: 43.443: [ParNew: 588512K->39068K(613440K), 0.0239570 secs] 599353K->49909K(2029056K), 0.0240343 secs] [Times: user=0.25 sys=0.00, real=0.02 secs] 
2020-09-29T18:03:25.344+0200: 43.525: [GC (Allocation Failure) 2020-09-29T18:03:25.344+0200: 43.525: [ParNew: 584412K->59241K(613440K), 0.0310602 secs] 595253K->70081K(2029056K), 0.0311530 secs] [Times: user=0.25 sys=0.00, real=0.03 secs] 
2020-09-29T18:03:25.427+0200: 43.608: [GC (Allocation Failure) 2020-09-29T18:03:25.427+0200: 43.608: [ParNew: 604585K->39424K(613440K), 0.0229631 secs] 615425K->50264K(2029056K), 0.0230364 secs] [Times: user=0.13 sys=0.00, real=0.02 secs] 
2020-09-29T18:03:25.510+0200: 43.691: [GC (Allocation Failure) 2020-09-29T18:03:25.510+0200: 43.691: [ParNew: 584768K->56623K(613440K), 0.0291037 secs] 595608K->67464K(2029056K), 0.0291822 secs] [Times: user=0.25 sys=0.00, real=0.03 secs] 
2020-09-29T18:03:25.595+0200: 43.775: [GC (Allocation Failure) 2020-09-29T18:03:25.595+0200: 43.775: [ParNew: 601967K->33983K(613440K), 0.0209525 secs] 612808K->44824K(2029056K), 0.0210535 secs] [Times: user=0.22 sys=0.00, real=0.02 secs] 
2020-09-29T18:03:25.677+0200: 43.858: [GC (Allocation Failure) 2020-09-29T18:03:25.677+0200: 43.858: [ParNew: 579327K->28239K(613440K), 0.0185295 secs] 590168K->39080K(2029056K), 0.0186027 secs] [Times: user=0.13 sys=0.00, real=0.02 secs] 
2020-09-29T18:03:25.757+0200: 43.938: [GC (Allocation Failure) 2020-09-29T18:03:25.757+0200: 43.938: [ParNew: 573583K->44600K(613440K), 0.0263925 secs] 584424K->55441K(2029056K), 0.0264816 secs] [Times: user=0.13 sys=0.00, real=0.03 secs] 
2020-09-29T18:03:25.836+0200: 44.016: [GC (Allocation Failure) 2020-09-29T18:03:25.836+0200: 44.017: [ParNew: 589944K->60050K(613440K), 0.0325867 secs] 600785K->70891K(2029056K), 0.0326820 secs] [Times: user=0.25 sys=0.00, real=0.03 secs] 
2020-09-29T18:03:25.916+0200: 44.096: [GC (Allocation Failure) 2020-09-29T18:03:25.916+0200: 44.096: [ParNew: 605394K->43606K(613440K), 0.0225938 secs] 616235K->54447K(2029056K), 0.0226651 secs] [Times: user=0.13 sys=0.00, real=0.02 secs] 
2020-09-29T18:03:25.995+0200: 44.176: [GC (Allocation Failure) 2020-09-29T18:03:25.995+0200: 44.176: [ParNew: 588950K->40985K(613440K), 0.0293764 secs] 599791K->51825K(2029056K), 0.0294820 secs] [Times: user=0.25 sys=0.00, real=0.03 secs] 
2020-09-29T18:03:26.079+0200: 44.260: [GC (Allocation Failure) 2020-09-29T18:03:26.079+0200: 44.260: [ParNew: 586329K->34702K(613440K), 0.0192461 secs] 597169K->45543K(2029056K), 0.0193145 secs] [Times: user=0.22 sys=0.00, real=0.02 secs] 
2020-09-29T18:03:26.155+0200: 44.335: [GC (Allocation Failure) 2020-09-29T18:03:26.155+0200: 44.335: [ParNew: 580046K->20528K(613440K), 0.0152596 secs] 590887K->31369K(2029056K), 0.0153389 secs] [Times: user=0.13 sys=0.00, real=0.02 secs] 
2020-09-29T18:03:26.238+0200: 44.418: [GC (Allocation Failure) 2020-09-29T18:03:26.238+0200: 44.418: [ParNew: 565872K->32629K(613440K), 0.0234589 secs] 576713K->43470K(2029056K), 0.0235355 secs] [Times: user=0.13 sys=0.00, real=0.02 secs] 
2020-09-29T18:03:26.313+0200: 44.493: [GC (Allocation Failure) 2020-09-29T18:03:26.313+0200: 44.493: [ParNew: 577973K->37187K(613440K), 0.0224531 secs] 588814K->48028K(2029056K), 0.0225545 secs] [Times: user=0.25 sys=0.00, real=0.02 secs] 
2020-09-29T18:03:26.390+0200: 44.571: [GC (Allocation Failure) 2020-09-29T18:03:26.390+0200: 44.571: [ParNew: 582531K->65564K(613440K), 0.0374933 secs] 593372K->76404K(2029056K), 0.0375686 secs] [Times: user=0.38 sys=0.00, real=0.04 secs] 
2020-09-29T18:03:26.476+0200: 44.657: [GC (Allocation Failure) 2020-09-29T18:03:26.476+0200: 44.657: [ParNew: 610908K->50564K(613440K), 0.0291163 secs] 621748K->61404K(2029056K), 0.0291983 secs] [Times: user=0.25 sys=0.00, real=0.03 secs] 
2020-09-29T18:03:26.555+0200: 44.736: [GC (Allocation Failure) 2020-09-29T18:03:26.555+0200: 44.736: [ParNew: 595908K->36385K(613440K), 0.0172411 secs] 606748K->47226K(2029056K), 0.0173286 secs] [Times: user=0.11 sys=0.00, real=0.02 secs] 
2020-09-29T18:03:26.649+0200: 44.830: [GC (Allocation Failure) 2020-09-29T18:03:26.649+0200: 44.830: [ParNew: 581729K->35930K(613440K), 0.0241533 secs] 592570K->46771K(2029056K), 0.0242279 secs] [Times: user=0.13 sys=0.00, real=0.02 secs] 
2020-09-29T18:03:26.736+0200: 44.917: [GC (Allocation Failure) 2020-09-29T18:03:26.736+0200: 44.917: [ParNew: 581274K->53124K(613440K), 0.0330134 secs] 592115K->63964K(2029056K), 0.0330918 secs] [Times: user=0.25 sys=0.00, real=0.03 secs] 
2020-09-29T18:03:26.817+0200: 44.997: [GC (Allocation Failure) 2020-09-29T18:03:26.817+0200: 44.997: [ParNew: 598468K->46438K(613440K), 0.0244527 secs] 609308K->57278K(2029056K), 0.0245376 secs] [Times: user=0.13 sys=0.00, real=0.02 secs] 
2020-09-29T18:03:26.896+0200: 45.076: [GC (Allocation Failure) 2020-09-29T18:03:26.896+0200: 45.076: [ParNew: 591782K->39242K(613440K), 0.0222093 secs] 602622K->50082K(2029056K), 0.0222847 secs] [Times: user=0.13 sys=0.00, real=0.02 secs] 
2020-09-29T18:03:26.981+0200: 45.162: [GC (Allocation Failure) 2020-09-29T18:03:26.981+0200: 45.162: [ParNew: 584586K->40407K(613440K), 0.0234255 secs] 595426K->51247K(2029056K), 0.0235128 secs] [Times: user=0.25 sys=0.00, real=0.02 secs] 
2020-09-29T18:03:27.057+0200: 45.237: [GC (Allocation Failure) 2020-09-29T18:03:27.057+0200: 45.237: [ParNew: 585751K->46937K(613440K), 0.0284291 secs] 596591K->57777K(2029056K), 0.0285041 secs] [Times: user=0.25 sys=0.00, real=0.03 secs] 
2020-09-29T18:03:27.145+0200: 45.326: [GC (Allocation Failure) 2020-09-29T18:03:27.145+0200: 45.326: [ParNew: 592281K->45575K(613440K), 0.0272329 secs] 603121K->56416K(2029056K), 0.0273329 secs] [Times: user=0.13 sys=0.00, real=0.03 secs] 
2020-09-29T18:03:27.229+0200: 45.409: [GC (Allocation Failure) 2020-09-29T18:03:27.229+0200: 45.409: [ParNew: 590919K->32889K(613440K), 0.0177680 secs] 601760K->43729K(2029056K), 0.0178489 secs] [Times: user=0.13 sys=0.00, real=0.02 secs] 
2020-09-29T18:03:27.309+0200: 45.489: [GC (Allocation Failure) 2020-09-29T18:03:27.309+0200: 45.489: [ParNew: 578233K->35134K(613440K), 0.0231174 secs] 589073K->45975K(2029056K), 0.0231904 secs] [Times: user=0.13 sys=0.00, real=0.02 secs] 
2020-09-29T18:03:27.386+0200: 45.565: [GC (Allocation Failure) 2020-09-29T18:03:27.386+0200: 45.565: [ParNew: 580478K->66422K(613440K), 0.0392518 secs] 591319K->77263K(2029056K), 0.0393314 secs] [Times: user=0.25 sys=0.00, real=0.04 secs] 
2020-09-29T18:03:27.475+0200: 45.655: [GC (Allocation Failure) 2020-09-29T18:03:27.475+0200: 45.655: [ParNew: 611766K->68096K(613440K), 0.0400144 secs] 622607K->80010K(2029056K), 0.0401045 secs] [Times: user=0.25 sys=0.00, real=0.04 secs] 
2020-09-29T18:03:27.562+0200: 45.742: [GC (Allocation Failure) 2020-09-29T18:03:27.562+0200: 45.742: [ParNew: 613440K->50577K(613440K), 0.0210586 secs] 625354K->62491K(2029056K), 0.0211450 secs] [Times: user=0.22 sys=0.00, real=0.02 secs] 
2020-09-29T18:03:27.644+0200: 45.824: [GC (Allocation Failure) 2020-09-29T18:03:27.644+0200: 45.824: [ParNew: 595921K->27274K(613440K), 0.0197438 secs] 607835K->39189K(2029056K), 0.0198230 secs] [Times: user=0.23 sys=0.00, real=0.02 secs] 
2020-09-29T18:03:27.721+0200: 45.901: [GC (Allocation Failure) 2020-09-29T18:03:27.721+0200: 45.901: [ParNew: 572618K->30489K(613440K), 0.0169970 secs] 584533K->42404K(2029056K), 0.0170696 secs] [Times: user=0.13 sys=0.00, real=0.02 secs] 
2020-09-29T18:03:27.785+0200: 45.965: [GC (Allocation Failure) 2020-09-29T18:03:27.785+0200: 45.965: [ParNew: 575833K->40577K(613440K), 0.0254879 secs] 587748K->52491K(2029056K), 0.0255640 secs] [Times: user=0.25 sys=0.00, real=0.03 secs] 
2020-09-29T18:03:27.861+0200: 46.041: [GC (Allocation Failure) 2020-09-29T18:03:27.861+0200: 46.041: [ParNew: 585921K->30937K(613440K), 0.0231049 secs] 597835K->42852K(2029056K), 0.0231779 secs] [Times: user=0.25 sys=0.00, real=0.02 secs] 
2020-09-29T18:03:27.936+0200: 46.116: [GC (Allocation Failure) 2020-09-29T18:03:27.936+0200: 46.116: [ParNew: 576281K->30853K(613440K), 0.0223553 secs] 588196K->42768K(2029056K), 0.0224299 secs] [Times: user=0.25 sys=0.00, real=0.02 secs] 
2020-09-29T18:03:28.012+0200: 46.192: [GC (Allocation Failure) 2020-09-29T18:03:28.012+0200: 46.192: [ParNew: 576197K->52127K(613440K), 0.0284465 secs] 588112K->64042K(2029056K), 0.0285195 secs] [Times: user=0.25 sys=0.00, real=0.03 secs] 
2020-09-29T18:03:28.094+0200: 46.274: [GC (Allocation Failure) 2020-09-29T18:03:28.094+0200: 46.274: [ParNew: 597471K->67631K(613440K), 0.0367938 secs] 609386K->79546K(2029056K), 0.0368897 secs] [Times: user=0.38 sys=0.00, real=0.04 secs] 
2020-09-29T18:03:28.181+0200: 46.361: [GC (Allocation Failure) 2020-09-29T18:03:28.181+0200: 46.361: [ParNew: 612975K->48840K(613440K), 0.0258014 secs] 624890K->60754K(2029056K), 0.0258916 secs] [Times: user=0.13 sys=0.00, real=0.03 secs] 
2020-09-29T18:03:28.261+0200: 46.441: [GC (Allocation Failure) 2020-09-29T18:03:28.261+0200: 46.441: [ParNew: 594184K->42026K(613440K), 0.0250691 secs] 606098K->53941K(2029056K), 0.0251394 secs] [Times: user=0.23 sys=0.00, real=0.03 secs] 
2020-09-29T18:03:28.337+0200: 46.517: [GC (Allocation Failure) 2020-09-29T18:03:28.337+0200: 46.517: [ParNew: 587370K->35603K(613440K), 0.0254341 secs] 599285K->47518K(2029056K), 0.0255048 secs] [Times: user=0.13 sys=0.00, real=0.03 secs] 
2020-09-29T18:03:28.418+0200: 46.598: [GC (Allocation Failure) 2020-09-29T18:03:28.418+0200: 46.598: [ParNew: 580947K->34377K(613440K), 0.0223126 secs] 592862K->46292K(2029056K), 0.0223834 secs] [Times: user=0.13 sys=0.00, real=0.02 secs] 
2020-09-29T18:03:28.493+0200: 46.673: [GC (Allocation Failure) 2020-09-29T18:03:28.493+0200: 46.673: [ParNew: 579721K->53411K(613440K), 0.0286782 secs] 591636K->65326K(2029056K), 0.0287520 secs] [Times: user=0.25 sys=0.00, real=0.03 secs] 
2020-09-29T18:03:28.581+0200: 46.761: [GC (Allocation Failure) 2020-09-29T18:03:28.581+0200: 46.761: [ParNew: 598755K->62685K(613440K), 0.0314484 secs] 610670K->74599K(2029056K), 0.0315233 secs] [Times: user=0.22 sys=0.00, real=0.03 secs] 
2020-09-29T18:03:28.666+0200: 46.846: [GC (Allocation Failure) 2020-09-29T18:03:28.666+0200: 46.846: [ParNew: 608029K->47433K(613440K), 0.0273486 secs] 619943K->59348K(2029056K), 0.0274244 secs] [Times: user=0.25 sys=0.00, real=0.03 secs] 
2020-09-29T18:03:28.746+0200: 46.926: [GC (Allocation Failure) 2020-09-29T18:03:28.746+0200: 46.926: [ParNew: 592777K->37220K(613440K), 0.0254331 secs] 604692K->49135K(2029056K), 0.0255116 secs] [Times: user=0.25 sys=0.00, real=0.02 secs] 
2020-09-29T18:03:28.829+0200: 47.009: [GC (Allocation Failure) 2020-09-29T18:03:28.829+0200: 47.009: [ParNew: 582564K->36626K(613440K), 0.0246481 secs] 594479K->48541K(2029056K), 0.0247204 secs] [Times: user=0.25 sys=0.00, real=0.02 secs] 
2020-09-29T18:03:28.918+0200: 47.098: [GC (Allocation Failure) 2020-09-29T18:03:28.918+0200: 47.098: [ParNew: 581970K->59657K(613440K), 0.0322256 secs] 593885K->71571K(2029056K), 0.0323003 secs] [Times: user=0.25 sys=0.00, real=0.03 secs] 
2020-09-29T18:03:29.007+0200: 47.187: [GC (Allocation Failure) 2020-09-29T18:03:29.007+0200: 47.187: [ParNew: 605001K->44498K(613440K), 0.0249607 secs] 616915K->56413K(2029056K), 0.0250445 secs] [Times: user=0.13 sys=0.00, real=0.03 secs] 
2020-09-29T18:03:29.085+0200: 47.265: [GC (Allocation Failure) 2020-09-29T18:03:29.086+0200: 47.266: [ParNew: 589842K->63291K(613440K), 0.0313115 secs] 601757K->75206K(2029056K), 0.0313933 secs] [Times: user=0.25 sys=0.00, real=0.03 secs] 
2020-09-29T18:03:29.171+0200: 47.351: [GC (Allocation Failure) 2020-09-29T18:03:29.171+0200: 47.351: [ParNew: 608635K->40777K(613440K), 0.0223627 secs] 620550K->52692K(2029056K), 0.0224492 secs] [Times: user=0.25 sys=0.00, real=0.02 secs] 
2020-09-29T18:03:29.262+0200: 47.442: [GC (Allocation Failure) 2020-09-29T18:03:29.262+0200: 47.442: [ParNew: 586121K->31104K(613440K), 0.0197827 secs] 598036K->43019K(2029056K), 0.0198654 secs] [Times: user=0.13 sys=0.00, real=0.02 secs] 
2020-09-29T18:03:29.348+0200: 47.528: [GC (Allocation Failure) 2020-09-29T18:03:29.348+0200: 47.528: [ParNew: 576448K->55715K(613440K), 0.0352199 secs] 588363K->67629K(2029056K), 0.0352950 secs] [Times: user=0.38 sys=0.00, real=0.03 secs] 
2020-09-29T18:03:29.432+0200: 47.612: [GC (Allocation Failure) 2020-09-29T18:03:29.432+0200: 47.612: [ParNew: 601059K->38507K(613440K), 0.0151340 secs] 612973K->50421K(2029056K), 0.0152176 secs] [Times: user=0.13 sys=0.00, real=0.02 secs] 
2020-09-29T18:03:29.502+0200: 47.682: [GC (Allocation Failure) 2020-09-29T18:03:29.502+0200: 47.682: [ParNew: 583851K->31795K(613440K), 0.0234840 secs] 595765K->43709K(2029056K), 0.0235633 secs] [Times: user=0.25 sys=0.00, real=0.02 secs] 
2020-09-29T18:03:29.577+0200: 47.757: [GC (Allocation Failure) 2020-09-29T18:03:29.577+0200: 47.757: [ParNew: 577139K->41323K(613440K), 0.0307738 secs] 589053K->53238K(2029056K), 0.0308635 secs] [Times: user=0.24 sys=0.00, real=0.03 secs] 
2020-09-29T18:03:29.658+0200: 47.838: [GC (Allocation Failure) 2020-09-29T18:03:29.658+0200: 47.838: [ParNew: 586667K->39978K(613440K), 0.0276299 secs] 598582K->51892K(2029056K), 0.0277178 secs] [Times: user=0.22 sys=0.02, real=0.03 secs] 
2020-09-29T18:03:29.737+0200: 47.917: [GC (Allocation Failure) 2020-09-29T18:03:29.737+0200: 47.917: [ParNew: 585322K->63735K(613440K), 0.0320267 secs] 597236K->75650K(2029056K), 0.0321057 secs] [Times: user=0.25 sys=0.00, real=0.03 secs] 
2020-09-29T18:03:29.819+0200: 47.999: [GC (Allocation Failure) 2020-09-29T18:03:29.819+0200: 47.999: [ParNew: 609079K->44656K(613440K), 0.0293784 secs] 620994K->56571K(2029056K), 0.0294603 secs] [Times: user=0.14 sys=0.00, real=0.03 secs] 
2020-09-29T18:03:29.902+0200: 48.082: [GC (Allocation Failure) 2020-09-29T18:03:29.902+0200: 48.082: [ParNew: 590000K->46230K(613440K), 0.0306125 secs] 601915K->58145K(2029056K), 0.0306890 secs] [Times: user=0.25 sys=0.00, real=0.03 secs] 
2020-09-29T18:03:29.988+0200: 48.168: [GC (Allocation Failure) 2020-09-29T18:03:29.988+0200: 48.168: [ParNew: 591574K->44990K(613440K), 0.0278663 secs] 603489K->56904K(2029056K), 0.0279468 secs] [Times: user=0.25 sys=0.00, real=0.03 secs] 
2020-09-29T18:03:30.082+0200: 48.262: [GC (Allocation Failure) 2020-09-29T18:03:30.082+0200: 48.262: [ParNew: 590334K->42232K(613440K), 0.0367361 secs] 602248K->54147K(2029056K), 0.0368390 secs] [Times: user=0.34 sys=0.00, real=0.04 secs] 
2020-09-29T18:03:30.182+0200: 48.362: [GC (Allocation Failure) 2020-09-29T18:03:30.182+0200: 48.362: [ParNew: 587576K->61847K(613440K), 0.0493307 secs] 599491K->73762K(2029056K), 0.0494460 secs] [Times: user=0.31 sys=0.00, real=0.05 secs] 
2020-09-29T18:03:30.291+0200: 48.472: [GC (Allocation Failure) 2020-09-29T18:03:30.292+0200: 48.472: [ParNew: 607191K->41364K(613440K), 0.0184352 secs] 619106K->53279K(2029056K), 0.0185478 secs] [Times: user=0.13 sys=0.00, real=0.02 secs] 
2020-09-29T18:03:30.384+0200: 48.564: [GC (Allocation Failure) 2020-09-29T18:03:30.384+0200: 48.564: [ParNew: 586708K->35803K(613440K), 0.0304109 secs] 598623K->47717K(2029056K), 0.0305232 secs] [Times: user=0.25 sys=0.00, real=0.03 secs] 
2020-09-29T18:03:30.487+0200: 48.667: [GC (Allocation Failure) 2020-09-29T18:03:30.487+0200: 48.667: [ParNew: 581147K->48435K(613440K), 0.0397639 secs] 593061K->60350K(2029056K), 0.0398566 secs] [Times: user=0.38 sys=0.00, real=0.04 secs] 
2020-09-29T18:03:30.584+0200: 48.764: [GC (Allocation Failure) 2020-09-29T18:03:30.584+0200: 48.765: [ParNew: 593779K->57338K(613440K), 0.0418119 secs] 605694K->69252K(2029056K), 0.0419196 secs] [Times: user=0.22 sys=0.00, real=0.04 secs] 
2020-09-29T18:03:30.691+0200: 48.871: [GC (Allocation Failure) 2020-09-29T18:03:30.691+0200: 48.871: [ParNew: 602682K->43363K(613440K), 0.0360836 secs] 614596K->55278K(2029056K), 0.0361711 secs] [Times: user=0.38 sys=0.00, real=0.04 secs] 
2020-09-29T18:03:30.780+0200: 48.961: [GC (Allocation Failure) 2020-09-29T18:03:30.781+0200: 48.961: [ParNew: 588707K->36300K(613440K), 0.0212073 secs] 600622K->48215K(2029056K), 0.0213089 secs] [Times: user=0.11 sys=0.02, real=0.02 secs] 
2020-09-29T18:03:30.883+0200: 49.063: [GC (Allocation Failure) 2020-09-29T18:03:30.883+0200: 49.063: [ParNew: 581644K->51944K(613440K), 0.0411413 secs] 593559K->63858K(2029056K), 0.0412309 secs] [Times: user=0.25 sys=0.00, real=0.04 secs] 
2020-09-29T18:03:30.990+0200: 49.170: [GC (Allocation Failure) 2020-09-29T18:03:30.990+0200: 49.170: [ParNew: 597288K->35649K(613440K), 0.0294412 secs] 609202K->47564K(2029056K), 0.0295444 secs] [Times: user=0.13 sys=0.00, real=0.03 secs] 
2020-09-29T18:03:31.071+0200: 49.251: [GC (Allocation Failure) 2020-09-29T18:03:31.071+0200: 49.251: [ParNew: 580993K->50175K(613440K), 0.0375396 secs] 592908K->62089K(2029056K), 0.0376443 secs] [Times: user=0.25 sys=0.00, real=0.04 secs] 
2020-09-29T18:03:31.174+0200: 49.354: [GC (Allocation Failure) 2020-09-29T18:03:31.174+0200: 49.354: [ParNew: 595519K->38186K(613440K), 0.0336018 secs] 607433K->50101K(2029056K), 0.0337085 secs] [Times: user=0.36 sys=0.00, real=0.03 secs] 
2020-09-29T18:03:31.267+0200: 49.447: [GC (Allocation Failure) 2020-09-29T18:03:31.267+0200: 49.447: [ParNew: 583530K->37113K(613440K), 0.0299226 secs] 595445K->49028K(2029056K), 0.0300108 secs] [Times: user=0.25 sys=0.00, real=0.03 secs] 
2020-09-29T18:03:31.371+0200: 49.551: [GC (Allocation Failure) 2020-09-29T18:03:31.371+0200: 49.551: [ParNew: 582457K->60016K(613440K), 0.0409349 secs] 594372K->71931K(2029056K), 0.0410472 secs] [Times: user=0.38 sys=0.00, real=0.04 secs] 
2020-09-29T18:03:31.470+0200: 49.650: [GC (Allocation Failure) 2020-09-29T18:03:31.470+0200: 49.650: [ParNew: 605360K->40178K(613440K), 0.0300206 secs] 617275K->52093K(2029056K), 0.0301269 secs] [Times: user=0.23 sys=0.00, real=0.03 secs] 
2020-09-29T18:03:31.578+0200: 49.758: [GC (Allocation Failure) 2020-09-29T18:03:31.578+0200: 49.758: [ParNew: 585522K->41000K(613440K), 0.0358931 secs] 597437K->52915K(2029056K), 0.0359842 secs] [Times: user=0.36 sys=0.00, real=0.04 secs] 
2020-09-29T18:03:31.672+0200: 49.852: [GC (Allocation Failure) 2020-09-29T18:03:31.672+0200: 49.852: [ParNew: 586344K->50342K(613440K), 0.0335542 secs] 598259K->62257K(2029056K), 0.0336445 secs] [Times: user=0.23 sys=0.00, real=0.03 secs] 
2020-09-29T18:03:31.770+0200: 49.950: [GC (Allocation Failure) 2020-09-29T18:03:31.770+0200: 49.950: [ParNew: 595686K->40268K(613440K), 0.0335529 secs] 607601K->52182K(2029056K), 0.0336449 secs] [Times: user=0.25 sys=0.00, real=0.03 secs] 
2020-09-29T18:03:31.859+0200: 50.039: [GC (Allocation Failure) 2020-09-29T18:03:31.859+0200: 50.039: [ParNew: 585612K->38304K(613440K), 0.0308840 secs] 597526K->50219K(2029056K), 0.0309748 secs] [Times: user=0.25 sys=0.00, real=0.03 secs] 
2020-09-29T18:03:31.957+0200: 50.137: [GC (Allocation Failure) 2020-09-29T18:03:31.957+0200: 50.137: [ParNew: 583648K->33267K(613440K), 0.0287979 secs] 595563K->45182K(2029056K), 0.0288849 secs] [Times: user=0.20 sys=0.02, real=0.03 secs] 
2020-09-29T18:03:32.056+0200: 50.236: [GC (Allocation Failure) 2020-09-29T18:03:32.056+0200: 50.236: [ParNew: 578611K->53861K(613440K), 0.0399836 secs] 590526K->65776K(2029056K), 0.0400802 secs] [Times: user=0.25 sys=0.00, real=0.04 secs] 
2020-09-29T18:03:32.150+0200: 50.330: [GC (Allocation Failure) 2020-09-29T18:03:32.150+0200: 50.330: [ParNew: 599205K->42561K(613440K), 0.0373795 secs] 611120K->54476K(2029056K), 0.0374873 secs] [Times: user=0.25 sys=0.00, real=0.04 secs] 
2020-09-29T18:03:32.256+0200: 50.436: [GC (Allocation Failure) 2020-09-29T18:03:32.256+0200: 50.436: [ParNew: 587905K->43745K(613440K), 0.0364031 secs] 599820K->55660K(2029056K), 0.0365066 secs] [Times: user=0.25 sys=0.00, real=0.04 secs] 
2020-09-29T18:03:32.360+0200: 50.540: [GC (Allocation Failure) 2020-09-29T18:03:32.360+0200: 50.540: [ParNew: 589089K->68096K(613440K), 0.0432859 secs] 601004K->80010K(2029056K), 0.0433788 secs] [Times: user=0.38 sys=0.00, real=0.04 secs] 
2020-09-29T18:03:32.459+0200: 50.639: [GC (Allocation Failure) 2020-09-29T18:03:32.459+0200: 50.639: [ParNew: 613440K->45963K(613440K), 0.0332999 secs] 625354K->57878K(2029056K), 0.0334039 secs] [Times: user=0.25 sys=0.00, real=0.03 secs] 
2020-09-29T18:03:32.560+0200: 50.741: [GC (Allocation Failure) 2020-09-29T18:03:32.561+0200: 50.741: [ParNew: 591307K->45985K(613440K), 0.0406486 secs] 603222K->57899K(2029056K), 0.0407630 secs] [Times: user=0.38 sys=0.00, real=0.04 secs] 
2020-09-29T18:03:32.670+0200: 50.850: [GC (Allocation Failure) 2020-09-29T18:03:32.670+0200: 50.850: [ParNew: 591329K->68096K(613440K), 0.0505039 secs] 603243K->80010K(2029056K), 0.0506276 secs] [Times: user=0.36 sys=0.00, real=0.05 secs] 
2020-09-29T18:03:32.776+0200: 50.956: [GC (Allocation Failure) 2020-09-29T18:03:32.776+0200: 50.956: [ParNew: 613440K->55818K(613440K), 0.0394914 secs] 625354K->67733K(2029056K), 0.0395839 secs] [Times: user=0.25 sys=0.00, real=0.04 secs] 
2020-09-29T18:03:32.868+0200: 51.048: [GC (Allocation Failure) 2020-09-29T18:03:32.868+0200: 51.048: [ParNew: 601162K->68096K(613440K), 0.0489634 secs] 613077K->81076K(2029056K), 0.0490507 secs] [Times: user=0.38 sys=0.00, real=0.05 secs] 
2020-09-29T18:03:32.973+0200: 51.153: [GC (Allocation Failure) 2020-09-29T18:03:32.973+0200: 51.153: [ParNew: 613440K->57011K(613440K), 0.0348040 secs] 626420K->69992K(2029056K), 0.0349023 secs] [Times: user=0.25 sys=0.00, real=0.03 secs] 
2020-09-29T18:03:33.078+0200: 51.258: [GC (Allocation Failure) 2020-09-29T18:03:33.078+0200: 51.258: [ParNew: 602355K->45286K(613440K), 0.0345559 secs] 615336K->58267K(2029056K), 0.0346518 secs] [Times: user=0.25 sys=0.00, real=0.03 secs] 
2020-09-29T18:03:33.182+0200: 51.362: [GC (Allocation Failure) 2020-09-29T18:03:33.182+0200: 51.362: [ParNew: 590630K->43799K(613440K), 0.0438940 secs] 603611K->56780K(2029056K), 0.0440265 secs] [Times: user=0.30 sys=0.00, real=0.05 secs] 
2020-09-29T18:03:33.285+0200: 51.466: [GC (Allocation Failure) 2020-09-29T18:03:33.285+0200: 51.466: [ParNew: 589143K->36581K(613440K), 0.0314517 secs] 602124K->49562K(2029056K), 0.0315397 secs] [Times: user=0.17 sys=0.11, real=0.03 secs] 
2020-09-29T18:03:33.371+0200: 51.551: [GC (Allocation Failure) 2020-09-29T18:03:33.371+0200: 51.551: [ParNew: 581925K->59259K(613440K), 0.0377172 secs] 594906K->72240K(2029056K), 0.0378326 secs] [Times: user=0.25 sys=0.00, real=0.04 secs] 
2020-09-29T18:03:33.476+0200: 51.657: [GC (Allocation Failure) 2020-09-29T18:03:33.477+0200: 51.657: [ParNew: 604603K->47831K(613440K), 0.0374704 secs] 617584K->60812K(2029056K), 0.0375747 secs] [Times: user=0.25 sys=0.00, real=0.04 secs] 
2020-09-29T18:03:33.577+0200: 51.757: [GC (Allocation Failure) 2020-09-29T18:03:33.577+0200: 51.757: [ParNew: 593175K->55409K(613440K), 0.0376605 secs] 606156K->68390K(2029056K), 0.0377633 secs] [Times: user=0.33 sys=0.00, real=0.04 secs] 
2020-09-29T18:03:33.687+0200: 51.867: [GC (Allocation Failure) 2020-09-29T18:03:33.687+0200: 51.867: [ParNew: 600753K->42823K(613440K), 0.0349299 secs] 613734K->55804K(2029056K), 0.0350273 secs] [Times: user=0.23 sys=0.00, real=0.03 secs] 
2020-09-29T18:03:33.800+0200: 51.980: [GC (Allocation Failure) 2020-09-29T18:03:33.800+0200: 51.980: [ParNew: 588167K->38102K(613440K), 0.0349907 secs] 601148K->51083K(2029056K), 0.0350872 secs] [Times: user=0.36 sys=0.00, real=0.04 secs] 
2020-09-29T18:03:33.906+0200: 52.086: [GC (Allocation Failure) 2020-09-29T18:03:33.906+0200: 52.086: [ParNew: 583446K->59196K(613440K), 0.0444716 secs] 596427K->72177K(2029056K), 0.0445799 secs] [Times: user=0.38 sys=0.00, real=0.05 secs] 
2020-09-29T18:03:34.005+0200: 52.185: [GC (Allocation Failure) 2020-09-29T18:03:34.005+0200: 52.185: [ParNew: 604540K->43618K(613440K), 0.0331931 secs] 617521K->56599K(2029056K), 0.0332973 secs] [Times: user=0.25 sys=0.00, real=0.03 secs] 
2020-09-29T18:03:34.093+0200: 52.273: [GC (Allocation Failure) 2020-09-29T18:03:34.093+0200: 52.273: [ParNew: 588962K->62480K(613440K), 0.0397833 secs] 601943K->75461K(2029056K), 0.0398894 secs] [Times: user=0.38 sys=0.00, real=0.04 secs] 
2020-09-29T18:03:34.209+0200: 52.390: [GC (Allocation Failure) 2020-09-29T18:03:34.209+0200: 52.390: [ParNew: 607824K->50358K(613440K), 0.0424892 secs] 620805K->63339K(2029056K), 0.0425796 secs] [Times: user=0.19 sys=0.00, real=0.04 secs] 
2020-09-29T18:03:34.312+0200: 52.493: [GC (Allocation Failure) 2020-09-29T18:03:34.312+0200: 52.493: [ParNew: 595702K->68096K(613440K), 0.0485964 secs] 608683K->81694K(2029056K), 0.0486873 secs] [Times: user=0.38 sys=0.00, real=0.05 secs] 
2020-09-29T18:03:34.414+0200: 52.594: [GC (Allocation Failure) 2020-09-29T18:03:34.414+0200: 52.594: [ParNew: 613440K->64831K(613440K), 0.0467512 secs] 627038K->78430K(2029056K), 0.0468590 secs] [Times: user=0.38 sys=0.00, real=0.05 secs] 
2020-09-29T18:03:34.526+0200: 52.706: [GC (Allocation Failure) 2020-09-29T18:03:34.526+0200: 52.706: [ParNew: 610175K->44616K(613440K), 0.0244189 secs] 623774K->58215K(2029056K), 0.0245094 secs] [Times: user=0.13 sys=0.00, real=0.03 secs] 
2020-09-29T18:03:34.622+0200: 52.802: [GC (Allocation Failure) 2020-09-29T18:03:34.622+0200: 52.802: [ParNew: 589960K->41413K(613440K), 0.0345132 secs] 603559K->55012K(2029056K), 0.0346072 secs] [Times: user=0.23 sys=0.00, real=0.04 secs] 
2020-09-29T18:03:34.723+0200: 52.903: [GC (Allocation Failure) 2020-09-29T18:03:34.724+0200: 52.904: [ParNew: 586757K->68096K(613440K), 0.0517034 secs] 600356K->81750K(2029056K), 0.0518269 secs] [Times: user=0.39 sys=0.00, real=0.05 secs] 
2020-09-29T18:03:34.829+0200: 53.009: [GC (Allocation Failure) 2020-09-29T18:03:34.829+0200: 53.009: [ParNew: 613440K->51430K(613440K), 0.0291058 secs] 627094K->65085K(2029056K), 0.0291939 secs] [Times: user=0.25 sys=0.00, real=0.03 secs] 
2020-09-29T18:03:34.937+0200: 53.117: [GC (Allocation Failure) 2020-09-29T18:03:34.937+0200: 53.117: [ParNew: 596774K->47664K(613440K), 0.0379912 secs] 610429K->61319K(2029056K), 0.0380787 secs] [Times: user=0.38 sys=0.00, real=0.04 secs] 
2020-09-29T18:03:35.034+0200: 53.214: [GC (Allocation Failure) 2020-09-29T18:03:35.034+0200: 53.214: [ParNew: 593008K->57464K(613440K), 0.0382926 secs] 606663K->71118K(2029056K), 0.0384210 secs] [Times: user=0.38 sys=0.00, real=0.04 secs] 
2020-09-29T18:03:35.125+0200: 53.305: [GC (Allocation Failure) 2020-09-29T18:03:35.125+0200: 53.305: [ParNew: 602808K->40296K(613440K), 0.0127874 secs] 616462K->53951K(2029056K), 0.0128506 secs] [Times: user=0.13 sys=0.00, real=0.01 secs] 
2020-09-29T18:03:35.191+0200: 53.371: [GC (Allocation Failure) 2020-09-29T18:03:35.191+0200: 53.371: [ParNew: 585640K->46865K(613440K), 0.0232759 secs] 599295K->60520K(2029056K), 0.0233520 secs] [Times: user=0.22 sys=0.00, real=0.02 secs] 
2020-09-29T18:03:35.266+0200: 53.446: [GC (Allocation Failure) 2020-09-29T18:03:35.266+0200: 53.446: [ParNew: 592209K->49347K(613440K), 0.0197475 secs] 605864K->63002K(2029056K), 0.0198149 secs] [Times: user=0.11 sys=0.00, real=0.02 secs] 
2020-09-29T18:03:35.335+0200: 53.515: [GC (Allocation Failure) 2020-09-29T18:03:35.335+0200: 53.515: [ParNew: 594691K->39081K(613440K), 0.0190836 secs] 608346K->52736K(2029056K), 0.0191612 secs] [Times: user=0.13 sys=0.00, real=0.02 secs] 
2020-09-29T18:03:35.406+0200: 53.587: [GC (Allocation Failure) 2020-09-29T18:03:35.406+0200: 53.587: [ParNew: 584425K->58400K(613440K), 0.0224449 secs] 598080K->72055K(2029056K), 0.0225110 secs] [Times: user=0.23 sys=0.00, real=0.02 secs] 
2020-09-29T18:03:35.477+0200: 53.657: [GC (Allocation Failure) 2020-09-29T18:03:35.477+0200: 53.657: [ParNew: 603744K->45565K(613440K), 0.0154544 secs] 617399K->59220K(2029056K), 0.0155105 secs] [Times: user=0.11 sys=0.00, real=0.02 secs] 
2020-09-29T18:03:35.546+0200: 53.726: [GC (Allocation Failure) 2020-09-29T18:03:35.546+0200: 53.726: [ParNew: 590909K->43325K(613440K), 0.0195516 secs] 604564K->56980K(2029056K), 0.0196129 secs] [Times: user=0.13 sys=0.00, real=0.02 secs] 
2020-09-29T18:03:35.615+0200: 53.795: [GC (Allocation Failure) 2020-09-29T18:03:35.615+0200: 53.795: [ParNew: 588669K->57084K(613440K), 0.0201255 secs] 602324K->70739K(2029056K), 0.0201857 secs] [Times: user=0.11 sys=0.00, real=0.02 secs] 
2020-09-29T18:03:35.683+0200: 53.863: [GC (Allocation Failure) 2020-09-29T18:03:35.683+0200: 53.863: [ParNew: 602428K->45290K(613440K), 0.0177140 secs] 616083K->58945K(2029056K), 0.0177840 secs] [Times: user=0.13 sys=0.00, real=0.02 secs] 
2020-09-29T18:03:35.748+0200: 53.928: [GC (Allocation Failure) 2020-09-29T18:03:35.748+0200: 53.928: [ParNew: 590634K->33539K(613440K), 0.0106162 secs] 604289K->47193K(2029056K), 0.0106746 secs] [Times: user=0.13 sys=0.00, real=0.01 secs] 
2020-09-29T18:03:35.814+0200: 53.994: [GC (Allocation Failure) 2020-09-29T18:03:35.814+0200: 53.994: [ParNew: 578883K->45651K(613440K), 0.0211539 secs] 592537K->59306K(2029056K), 0.0212160 secs] [Times: user=0.25 sys=0.00, real=0.02 secs] 
2020-09-29T18:03:35.884+0200: 54.064: [GC (Allocation Failure) 2020-09-29T18:03:35.884+0200: 54.064: [ParNew: 590995K->61339K(613440K), 0.0204740 secs] 604650K->74994K(2029056K), 0.0205401 secs] [Times: user=0.13 sys=0.00, real=0.02 secs] 
2020-09-29T18:03:35.953+0200: 54.134: [GC (Allocation Failure) 2020-09-29T18:03:35.953+0200: 54.134: [ParNew: 606683K->46284K(613440K), 0.0199211 secs] 620338K->59939K(2029056K), 0.0199797 secs] [Times: user=0.13 sys=0.00, real=0.02 secs] 
2020-09-29T18:03:36.021+0200: 54.202: [GC (Allocation Failure) 2020-09-29T18:03:36.022+0200: 54.202: [ParNew: 591628K->68096K(613440K), 0.0252730 secs] 605283K->83055K(2029056K), 0.0253339 secs] [Times: user=0.13 sys=0.00, real=0.03 secs] 
2020-09-29T18:03:36.094+0200: 54.274: [GC (Allocation Failure) 2020-09-29T18:03:36.094+0200: 54.274: [ParNew: 613440K->49394K(613440K), 0.0189452 secs] 628399K->64354K(2029056K), 0.0190006 secs] [Times: user=0.13 sys=0.00, real=0.02 secs] 
2020-09-29T18:03:36.165+0200: 54.345: [GC (Allocation Failure) 2020-09-29T18:03:36.165+0200: 54.345: [ParNew: 594738K->42378K(613440K), 0.0179888 secs] 609698K->57338K(2029056K), 0.0180608 secs] [Times: user=0.13 sys=0.00, real=0.02 secs] 
2020-09-29T18:03:36.234+0200: 54.414: [GC (Allocation Failure) 2020-09-29T18:03:36.234+0200: 54.415: [ParNew: 587722K->68096K(613440K), 0.0222477 secs] 602682K->83055K(2029056K), 0.0223044 secs] [Times: user=0.22 sys=0.00, real=0.02 secs] 
2020-09-29T18:03:36.305+0200: 54.485: [GC (Allocation Failure) 2020-09-29T18:03:36.305+0200: 54.485: [ParNew: 613440K->47368K(613440K), 0.0157211 secs] 628399K->62328K(2029056K), 0.0157818 secs] [Times: user=0.13 sys=0.00, real=0.02 secs] 
2020-09-29T18:03:36.372+0200: 54.552: [GC (Allocation Failure) 2020-09-29T18:03:36.372+0200: 54.552: [ParNew: 592712K->39908K(613440K), 0.0145575 secs] 607672K->54868K(2029056K), 0.0146282 secs] [Times: user=0.13 sys=0.00, real=0.02 secs] 
2020-09-29T18:03:36.437+0200: 54.618: [GC (Allocation Failure) 2020-09-29T18:03:36.437+0200: 54.618: [ParNew: 585252K->51309K(613440K), 0.0202264 secs] 600212K->66269K(2029056K), 0.0202861 secs] [Times: user=0.16 sys=0.05, real=0.02 secs] 
2020-09-29T18:03:36.505+0200: 54.685: [GC (Allocation Failure) 2020-09-29T18:03:36.505+0200: 54.685: [ParNew: 596653K->40761K(613440K), 0.0197019 secs] 611613K->55721K(2029056K), 0.0197868 secs] [Times: user=0.13 sys=0.00, real=0.02 secs] 
2020-09-29T18:03:36.583+0200: 54.763: [GC (Allocation Failure) 2020-09-29T18:03:36.583+0200: 54.764: [ParNew: 586105K->42870K(613440K), 0.0204735 secs] 601065K->57830K(2029056K), 0.0205473 secs] [Times: user=0.13 sys=0.00, real=0.02 secs] 
2020-09-29T18:03:36.656+0200: 54.837: [GC (Allocation Failure) 2020-09-29T18:03:36.656+0200: 54.837: [ParNew: 588214K->37415K(613440K), 0.0201550 secs] 603174K->52374K(2029056K), 0.0202245 secs] [Times: user=0.11 sys=0.00, real=0.02 secs] 
2020-09-29T18:03:36.731+0200: 54.911: [GC (Allocation Failure) 2020-09-29T18:03:36.731+0200: 54.911: [ParNew: 582759K->59325K(613440K), 0.0227375 secs] 597718K->74285K(2029056K), 0.0228061 secs] [Times: user=0.13 sys=0.00, real=0.02 secs] 
2020-09-29T18:03:36.804+0200: 54.984: [GC (Allocation Failure) 2020-09-29T18:03:36.804+0200: 54.984: [ParNew: 604669K->50161K(613440K), 0.0223310 secs] 619629K->65121K(2029056K), 0.0224054 secs] [Times: user=0.13 sys=0.00, real=0.02 secs] 
2020-09-29T18:03:36.878+0200: 55.058: [GC (Allocation Failure) 2020-09-29T18:03:36.878+0200: 55.058: [ParNew: 595505K->42568K(613440K), 0.0216594 secs] 610465K->57528K(2029056K), 0.0217187 secs] [Times: user=0.23 sys=0.00, real=0.02 secs] 
2020-09-29T18:03:36.951+0200: 55.131: [GC (Allocation Failure) 2020-09-29T18:03:36.951+0200: 55.131: [ParNew: 587912K->45587K(613440K), 0.0206697 secs] 602872K->60547K(2029056K), 0.0207322 secs] [Times: user=0.13 sys=0.00, real=0.02 secs] 
2020-09-29T18:03:37.023+0200: 55.203: [GC (Allocation Failure) 2020-09-29T18:03:37.023+0200: 55.203: [ParNew: 590931K->42161K(613440K), 0.0201225 secs] 605891K->57121K(2029056K), 0.0201842 secs] [Times: user=0.13 sys=0.00, real=0.02 secs] 
2020-09-29T18:03:37.095+0200: 55.275: [GC (Allocation Failure) 2020-09-29T18:03:37.095+0200: 55.276: [ParNew: 587505K->42436K(613440K), 0.0210649 secs] 602465K->57396K(2029056K), 0.0211377 secs] [Times: user=0.22 sys=0.00, real=0.02 secs] 
2020-09-29T18:03:37.172+0200: 55.353: [GC (Allocation Failure) 2020-09-29T18:03:37.172+0200: 55.353: [ParNew: 587780K->63803K(613440K), 0.0230529 secs] 602740K->78763K(2029056K), 0.0231512 secs] [Times: user=0.25 sys=0.00, real=0.02 secs] 
2020-09-29T18:03:37.248+0200: 55.428: [GC (Allocation Failure) 2020-09-29T18:03:37.248+0200: 55.428: [ParNew: 609147K->62954K(613440K), 0.0229496 secs] 624107K->77914K(2029056K), 0.0230137 secs] [Times: user=0.25 sys=0.00, real=0.02 secs] 
2020-09-29T18:03:37.323+0200: 55.503: [GC (Allocation Failure) 2020-09-29T18:03:37.323+0200: 55.503: [ParNew: 608298K->43598K(613440K), 0.0156298 secs] 623258K->58558K(2029056K), 0.0156836 secs] [Times: user=0.13 sys=0.00, real=0.02 secs] 
2020-09-29T18:03:37.392+0200: 55.572: [GC (Allocation Failure) 2020-09-29T18:03:37.392+0200: 55.572: [ParNew: 588942K->32255K(613440K), 0.0148271 secs] 603902K->47215K(2029056K), 0.0148799 secs] [Times: user=0.13 sys=0.00, real=0.02 secs] 
2020-09-29T18:03:37.459+0200: 55.639: [GC (Allocation Failure) 2020-09-29T18:03:37.459+0200: 55.639: [ParNew: 577599K->45215K(613440K), 0.0200566 secs] 592559K->60175K(2029056K), 0.0201385 secs] [Times: user=0.13 sys=0.00, real=0.02 secs] 
2020-09-29T18:03:37.528+0200: 55.709: [GC (Allocation Failure) 2020-09-29T18:03:37.528+0200: 55.709: [ParNew: 590559K->51716K(613440K), 0.0189610 secs] 605519K->66676K(2029056K), 0.0190227 secs] [Times: user=0.13 sys=0.00, real=0.02 secs] 
2020-09-29T18:03:37.604+0200: 55.784: [GC (Allocation Failure) 2020-09-29T18:03:37.604+0200: 55.784: [ParNew: 597060K->36030K(613440K), 0.0201880 secs] 612020K->50990K(2029056K), 0.0202683 secs] [Times: user=0.13 sys=0.00, real=0.02 secs] 
2020-09-29T18:03:37.675+0200: 55.856: [GC (Allocation Failure) 2020-09-29T18:03:37.676+0200: 55.856: [ParNew: 581374K->38313K(613440K), 0.0188047 secs] 596334K->53273K(2029056K), 0.0188695 secs] [Times: user=0.14 sys=0.00, real=0.02 secs] 
2020-09-29T18:03:37.751+0200: 55.932: [GC (Allocation Failure) 2020-09-29T18:03:37.751+0200: 55.932: [ParNew: 583657K->61658K(613440K), 0.0231465 secs] 598617K->76618K(2029056K), 0.0232260 secs] [Times: user=0.25 sys=0.00, real=0.02 secs] 
2020-09-29T18:03:37.824+0200: 56.004: [GC (Allocation Failure) 2020-09-29T18:03:37.824+0200: 56.004: [ParNew: 607002K->39846K(613440K), 0.0107811 secs] 621962K->54806K(2029056K), 0.0108374 secs] [Times: user=0.13 sys=0.00, real=0.01 secs] 
2020-09-29T18:03:37.887+0200: 56.067: [GC (Allocation Failure) 2020-09-29T18:03:37.887+0200: 56.067: [ParNew: 585190K->63376K(613440K), 0.0262821 secs] 600150K->78336K(2029056K), 0.0263395 secs] [Times: user=0.25 sys=0.00, real=0.03 secs] 
2020-09-29T18:03:37.963+0200: 56.143: [GC (Allocation Failure) 2020-09-29T18:03:37.963+0200: 56.143: [ParNew: 608720K->48353K(613440K), 0.0200006 secs] 623680K->63313K(2029056K), 0.0200802 secs] [Times: user=0.13 sys=0.00, real=0.02 secs] 
2020-09-29T18:03:38.034+0200: 56.215: [GC (Allocation Failure) 2020-09-29T18:03:38.034+0200: 56.215: [ParNew: 593697K->46387K(613440K), 0.0212852 secs] 608657K->61347K(2029056K), 0.0213432 secs] [Times: user=0.23 sys=0.00, real=0.02 secs] 
2020-09-29T18:03:38.113+0200: 56.293: [GC (Allocation Failure) 2020-09-29T18:03:38.113+0200: 56.293: [ParNew: 591731K->37689K(613440K), 0.0141398 secs] 606691K->52649K(2029056K), 0.0141940 secs] [Times: user=0.13 sys=0.00, real=0.01 secs] 
2020-09-29T18:03:38.178+0200: 56.358: [GC (Allocation Failure) 2020-09-29T18:03:38.178+0200: 56.358: [ParNew: 583033K->55594K(613440K), 0.0288287 secs] 597993K->70554K(2029056K), 0.0289542 secs] [Times: user=0.11 sys=0.00, real=0.03 secs] 
2020-09-29T18:03:38.259+0200: 56.439: [GC (Allocation Failure) 2020-09-29T18:03:38.259+0200: 56.439: [ParNew: 600938K->40780K(613440K), 0.0201949 secs] 615898K->55740K(2029056K), 0.0202556 secs] [Times: user=0.11 sys=0.00, real=0.02 secs] 
2020-09-29T18:03:38.327+0200: 56.508: [GC (Allocation Failure) 2020-09-29T18:03:38.327+0200: 56.508: [ParNew: 586124K->61654K(613440K), 0.0207770 secs] 601084K->76613K(2029056K), 0.0208441 secs] [Times: user=0.25 sys=0.00, real=0.02 secs] 
2020-09-29T18:03:38.396+0200: 56.577: [GC (Allocation Failure) 2020-09-29T18:03:38.396+0200: 56.577: [ParNew: 606998K->45530K(613440K), 0.0215191 secs] 621957K->60490K(2029056K), 0.0215810 secs] [Times: user=0.13 sys=0.00, real=0.02 secs] 
2020-09-29T18:03:38.469+0200: 56.649: [GC (Allocation Failure) 2020-09-29T18:03:38.469+0200: 56.649: [ParNew: 590874K->46090K(613440K), 0.0210217 secs] 605834K->61050K(2029056K), 0.0210892 secs] [Times: user=0.25 sys=0.00, real=0.02 secs] 
2020-09-29T18:03:38.543+0200: 56.723: [GC (Allocation Failure) 2020-09-29T18:03:38.543+0200: 56.723: [ParNew: 591434K->42953K(613440K), 0.0197151 secs] 606394K->57913K(2029056K), 0.0197823 secs] [Times: user=0.13 sys=0.00, real=0.02 secs] 
2020-09-29T18:03:38.612+0200: 56.793: [GC (Allocation Failure) 2020-09-29T18:03:38.612+0200: 56.793: [ParNew: 588297K->44220K(613440K), 0.0190675 secs] 603257K->59180K(2029056K), 0.0191313 secs] [Times: user=0.25 sys=0.00, real=0.02 secs] 
2020-09-29T18:03:38.686+0200: 56.866: [GC (Allocation Failure) 2020-09-29T18:03:38.686+0200: 56.866: [ParNew: 589564K->42718K(613440K), 0.0178694 secs] 604524K->57678K(2029056K), 0.0179302 secs] [Times: user=0.13 sys=0.00, real=0.02 secs] 
2020-09-29T18:03:38.752+0200: 56.933: [GC (Allocation Failure) 2020-09-29T18:03:38.752+0200: 56.933: [ParNew: 588062K->65970K(613440K), 0.0223492 secs] 603022K->80930K(2029056K), 0.0224260 secs] [Times: user=0.25 sys=0.00, real=0.02 secs] 
2020-09-29T18:03:38.822+0200: 57.002: [GC (Allocation Failure) 2020-09-29T18:03:38.822+0200: 57.002: [ParNew: 611314K->48976K(613440K), 0.0154228 secs] 626274K->63935K(2029056K), 0.0154778 secs] [Times: user=0.13 sys=0.00, real=0.01 secs] 
2020-09-29T18:03:38.888+0200: 57.068: [GC (Allocation Failure) 2020-09-29T18:03:38.888+0200: 57.068: [ParNew: 594320K->44631K(613440K), 0.0161497 secs] 609279K->59591K(2029056K), 0.0162199 secs] [Times: user=0.13 sys=0.00, real=0.02 secs] 
2020-09-29T18:03:38.956+0200: 57.136: [GC (Allocation Failure) 2020-09-29T18:03:38.956+0200: 57.136: [ParNew: 589975K->55823K(613440K), 0.0192791 secs] 604935K->70782K(2029056K), 0.0193419 secs] [Times: user=0.25 sys=0.00, real=0.02 secs] 
2020-09-29T18:03:39.023+0200: 57.203: [GC (Allocation Failure) 2020-09-29T18:03:39.023+0200: 57.203: [ParNew: 601167K->42139K(613440K), 0.0194596 secs] 616126K->57099K(2029056K), 0.0195153 secs] [Times: user=0.13 sys=0.00, real=0.02 secs] 
2020-09-29T18:03:39.089+0200: 57.270: [GC (Allocation Failure) 2020-09-29T18:03:39.089+0200: 57.270: [ParNew: 587483K->36845K(613440K), 0.0124339 secs] 602443K->51805K(2029056K), 0.0124900 secs] [Times: user=0.13 sys=0.00, real=0.01 secs] 
2020-09-29T18:03:39.155+0200: 57.336: [GC (Allocation Failure) 2020-09-29T18:03:39.155+0200: 57.336: [ParNew: 582189K->30222K(613440K), 0.0136904 secs] 597149K->45182K(2029056K), 0.0137603 secs] [Times: user=0.13 sys=0.00, real=0.01 secs] 
2020-09-29T18:03:39.220+0200: 57.400: [GC (Allocation Failure) 2020-09-29T18:03:39.220+0200: 57.400: [ParNew: 575566K->32694K(613440K), 0.0170289 secs] 590526K->47654K(2029056K), 0.0171054 secs] [Times: user=0.13 sys=0.00, real=0.02 secs] 
2020-09-29T18:03:39.284+0200: 57.465: [GC (Allocation Failure) 2020-09-29T18:03:39.284+0200: 57.465: [ParNew: 578038K->29885K(613440K), 0.0132510 secs] 592998K->44845K(2029056K), 0.0133208 secs] [Times: user=0.13 sys=0.00, real=0.01 secs] 
2020-09-29T18:03:39.351+0200: 57.532: [GC (Allocation Failure) 2020-09-29T18:03:39.351+0200: 57.532: [ParNew: 575229K->47607K(613440K), 0.0204310 secs] 590189K->62567K(2029056K), 0.0205176 secs] [Times: user=0.13 sys=0.00, real=0.02 secs] 
2020-09-29T18:03:39.425+0200: 57.605: [GC (Allocation Failure) 2020-09-29T18:03:39.425+0200: 57.605: [ParNew: 592951K->41580K(613440K), 0.0193191 secs] 607911K->56540K(2029056K), 0.0193847 secs] [Times: user=0.25 sys=0.00, real=0.02 secs] 
2020-09-29T18:03:39.497+0200: 57.677: [GC (Allocation Failure) 2020-09-29T18:03:39.497+0200: 57.677: [ParNew: 586924K->39352K(613440K), 0.0200311 secs] 601884K->54312K(2029056K), 0.0200981 secs] [Times: user=0.13 sys=0.00, real=0.02 secs] 
2020-09-29T18:03:39.567+0200: 57.747: [GC (Allocation Failure) 2020-09-29T18:03:39.569+0200: 57.749: [ParNew: 584696K->61132K(613440K), 0.0242034 secs] 599656K->76092K(2029056K), 0.0265177 secs] [Times: user=0.11 sys=0.00, real=0.03 secs] 
2020-09-29T18:03:39.643+0200: 57.824: [GC (Allocation Failure) 2020-09-29T18:03:39.643+0200: 57.824: [ParNew: 606476K->47982K(613440K), 0.0187298 secs] 621436K->62942K(2029056K), 0.0187882 secs] [Times: user=0.25 sys=0.00, real=0.02 secs] 
2020-09-29T18:03:39.710+0200: 57.891: [GC (Allocation Failure) 2020-09-29T18:03:39.710+0200: 57.891: [ParNew: 593326K->43321K(613440K), 0.0155527 secs] 608286K->58281K(2029056K), 0.0156102 secs] [Times: user=0.13 sys=0.00, real=0.02 secs] 
2020-09-29T18:03:39.777+0200: 57.958: [GC (Allocation Failure) 2020-09-29T18:03:39.777+0200: 57.958: [ParNew: 588665K->53834K(613440K), 0.0212236 secs] 603625K->68794K(2029056K), 0.0212811 secs] [Times: user=0.13 sys=0.00, real=0.02 secs] 
2020-09-29T18:03:39.847+0200: 58.028: [GC (Allocation Failure) 2020-09-29T18:03:39.848+0200: 58.028: [ParNew: 599178K->42993K(613440K), 0.0193493 secs] 614138K->57953K(2029056K), 0.0194137 secs] [Times: user=0.13 sys=0.02, real=0.02 secs] 
2020-09-29T18:03:39.914+0200: 58.094: [GC (Allocation Failure) 2020-09-29T18:03:39.914+0200: 58.094: [ParNew: 588337K->34735K(613440K), 0.0120360 secs] 603297K->49695K(2029056K), 0.0121091 secs] [Times: user=0.13 sys=0.00, real=0.01 secs] 
2020-09-29T18:03:39.974+0200: 58.155: [GC (Allocation Failure) 2020-09-29T18:03:39.974+0200: 58.155: [ParNew: 580079K->38871K(613440K), 0.0172136 secs] 595039K->53831K(2029056K), 0.0172830 secs] [Times: user=0.13 sys=0.00, real=0.02 secs] 
2020-09-29T18:03:40.040+0200: 58.220: [GC (Allocation Failure) 2020-09-29T18:03:40.040+0200: 58.220: [ParNew: 584215K->29497K(613440K), 0.0119191 secs] 599175K->44457K(2029056K), 0.0119742 secs] [Times: user=0.13 sys=0.00, real=0.01 secs] 
2020-09-29T18:03:40.098+0200: 58.278: [GC (Allocation Failure) 2020-09-29T18:03:40.098+0200: 58.278: [ParNew: 574841K->47651K(613440K), 0.0210386 secs] 589801K->62611K(2029056K), 0.0210985 secs] [Times: user=0.13 sys=0.00, real=0.02 secs] 
2020-09-29T18:03:40.170+0200: 58.350: [GC (Allocation Failure) 2020-09-29T18:03:40.170+0200: 58.350: [ParNew: 592995K->62435K(613440K), 0.0199632 secs] 607955K->77395K(2029056K), 0.0200398 secs] [Times: user=0.13 sys=0.00, real=0.02 secs] 
2020-09-29T18:03:40.242+0200: 58.423: [GC (Allocation Failure) 2020-09-29T18:03:40.242+0200: 58.423: [ParNew: 607779K->47371K(613440K), 0.0197951 secs] 622739K->62330K(2029056K), 0.0198544 secs] [Times: user=0.13 sys=0.00, real=0.02 secs] 
2020-09-29T18:03:40.311+0200: 58.491: [GC (Allocation Failure) 2020-09-29T18:03:40.311+0200: 58.491: [ParNew: 592715K->33560K(613440K), 0.0127486 secs] 607674K->48520K(2029056K), 0.0128040 secs] [Times: user=0.13 sys=0.00, real=0.01 secs] 
2020-09-29T18:03:40.376+0200: 58.556: [GC (Allocation Failure) 2020-09-29T18:03:40.376+0200: 58.556: [ParNew: 578904K->20406K(613440K), 0.0098229 secs] 593864K->35366K(2029056K), 0.0098802 secs] [Times: user=0.13 sys=0.00, real=0.01 secs] 
2020-09-29T18:03:40.439+0200: 58.619: [GC (Allocation Failure) 2020-09-29T18:03:40.439+0200: 58.619: [ParNew: 565750K->49647K(613440K), 0.0207903 secs] 580710K->64607K(2029056K), 0.0208820 secs] [Times: user=0.25 sys=0.00, real=0.02 secs] 
2020-09-29T18:03:40.509+0200: 58.690: [GC (Allocation Failure) 2020-09-29T18:03:40.509+0200: 58.690: [ParNew: 594991K->37895K(613440K), 0.0139163 secs] 609951K->52855K(2029056K), 0.0139737 secs] [Times: user=0.13 sys=0.00, real=0.01 secs] 
2020-09-29T18:03:40.571+0200: 58.752: [GC (Allocation Failure) 2020-09-29T18:03:40.571+0200: 58.752: [ParNew: 583239K->22147K(613440K), 0.0115292 secs] 598199K->37107K(2029056K), 0.0115930 secs] [Times: user=0.13 sys=0.00, real=0.01 secs] 
2020-09-29T18:03:40.635+0200: 58.815: [GC (Allocation Failure) 2020-09-29T18:03:40.635+0200: 58.815: [ParNew: 567491K->33193K(613440K), 0.0173486 secs] 582451K->48153K(2029056K), 0.0174131 secs] [Times: user=0.13 sys=0.00, real=0.02 secs] 
2020-09-29T18:03:40.705+0200: 58.886: [GC (Allocation Failure) 2020-09-29T18:03:40.705+0200: 58.886: [ParNew: 578537K->68096K(613440K), 0.0259523 secs] 593497K->83055K(2029056K), 0.0260147 secs] [Times: user=0.25 sys=0.00, real=0.03 secs] 
2020-09-29T18:03:40.779+0200: 58.960: [GC (Allocation Failure) 2020-09-29T18:03:40.779+0200: 58.960: [ParNew: 613440K->58602K(613440K), 0.0200213 secs] 628399K->73562K(2029056K), 0.0200913 secs] [Times: user=0.13 sys=0.00, real=0.02 secs] 
2020-09-29T18:03:40.849+0200: 59.029: [GC (Allocation Failure) 2020-09-29T18:03:40.849+0200: 59.029: [ParNew: 603946K->53227K(613440K), 0.0195528 secs] 618906K->68187K(2029056K), 0.0196114 secs] [Times: user=0.13 sys=0.00, real=0.02 secs] 
2020-09-29T18:03:40.918+0200: 59.099: [GC (Allocation Failure) 2020-09-29T18:03:40.918+0200: 59.099: [ParNew: 598571K->50441K(613440K), 0.0195243 secs] 613531K->65401K(2029056K), 0.0195766 secs] [Times: user=0.13 sys=0.00, real=0.02 secs] 
2020-09-29T18:03:40.985+0200: 59.166: [GC (Allocation Failure) 2020-09-29T18:03:40.985+0200: 59.166: [ParNew: 595785K->46311K(613440K), 0.0183488 secs] 610745K->61271K(2029056K), 0.0184062 secs] [Times: user=0.13 sys=0.02, real=0.02 secs] 
2020-09-29T18:03:41.050+0200: 59.231: [GC (Allocation Failure) 2020-09-29T18:03:41.051+0200: 59.231: [ParNew: 591655K->68096K(613440K), 0.0219524 secs] 606615K->83055K(2029056K), 0.0220186 secs] [Times: user=0.13 sys=0.02, real=0.02 secs] 
2020-09-29T18:03:41.121+0200: 59.301: [GC (Allocation Failure) 2020-09-29T18:03:41.121+0200: 59.301: [ParNew: 613440K->65588K(613440K), 0.0226860 secs] 628399K->80548K(2029056K), 0.0227766 secs] [Times: user=0.13 sys=0.00, real=0.02 secs] 
2020-09-29T18:03:41.199+0200: 59.380: [GC (Allocation Failure) 2020-09-29T18:03:41.199+0200: 59.380: [ParNew: 610932K->68096K(613440K), 0.0239412 secs] 625892K->83079K(2029056K), 0.0240048 secs] [Times: user=0.23 sys=0.00, real=0.02 secs] 
2020-09-29T18:03:41.274+0200: 59.455: [GC (Allocation Failure) 2020-09-29T18:03:41.274+0200: 59.455: [ParNew: 613440K->68096K(613440K), 0.0258738 secs] 628423K->84219K(2029056K), 0.0259289 secs] [Times: user=0.13 sys=0.00, real=0.03 secs] 
2020-09-29T18:03:41.350+0200: 59.530: [GC (Allocation Failure) 2020-09-29T18:03:41.350+0200: 59.530: [ParNew: 613440K->51904K(613440K), 0.0191124 secs] 629563K->68028K(2029056K), 0.0191728 secs] [Times: user=0.13 sys=0.00, real=0.02 secs] 
2020-09-29T18:03:41.415+0200: 59.596: [GC (Allocation Failure) 2020-09-29T18:03:41.415+0200: 59.596: [ParNew: 597248K->42035K(613440K), 0.0131336 secs] 613372K->58159K(2029056K), 0.0131893 secs] [Times: user=0.13 sys=0.00, real=0.01 secs] 
2020-09-29T18:03:41.478+0200: 59.659: [GC (Allocation Failure) 2020-09-29T18:03:41.478+0200: 59.659: [ParNew: 587379K->23429K(613440K), 0.0117795 secs] 603503K->39552K(2029056K), 0.0118607 secs] [Times: user=0.13 sys=0.00, real=0.01 secs] 
2020-09-29T18:03:41.543+0200: 59.723: [GC (Allocation Failure) 2020-09-29T18:03:41.543+0200: 59.723: [ParNew: 568773K->52163K(613440K), 0.0220338 secs] 584896K->68286K(2029056K), 0.0221167 secs] [Times: user=0.13 sys=0.00, real=0.02 secs] 
2020-09-29T18:03:41.615+0200: 59.796: [GC (Allocation Failure) 2020-09-29T18:03:41.615+0200: 59.796: [ParNew: 597507K->66020K(613440K), 0.0231793 secs] 613630K->82143K(2029056K), 0.0232593 secs] [Times: user=0.11 sys=0.00, real=0.02 secs] 
2020-09-29T18:03:41.686+0200: 59.866: [GC (Allocation Failure) 2020-09-29T18:03:41.686+0200: 59.866: [ParNew: 611364K->54770K(613440K), 0.0211489 secs] 627487K->70894K(2029056K), 0.0212245 secs] [Times: user=0.13 sys=0.00, real=0.02 secs] 
2020-09-29T18:03:41.756+0200: 59.936: [GC (Allocation Failure) 2020-09-29T18:03:41.756+0200: 59.937: [ParNew: 600114K->51132K(613440K), 0.0195040 secs] 616238K->67255K(2029056K), 0.0195766 secs] [Times: user=0.13 sys=0.00, real=0.02 secs] 
2020-09-29T18:03:41.825+0200: 60.006: [GC (Allocation Failure) 2020-09-29T18:03:41.825+0200: 60.006: [ParNew: 596476K->50388K(613440K), 0.0206354 secs] 612599K->66511K(2029056K), 0.0206983 secs] [Times: user=0.13 sys=0.00, real=0.02 secs] 
2020-09-29T18:03:41.896+0200: 60.077: [GC (Allocation Failure) 2020-09-29T18:03:41.896+0200: 60.077: [ParNew: 595732K->68096K(613440K), 0.0234958 secs] 611855K->84742K(2029056K), 0.0235782 secs] [Times: user=0.13 sys=0.00, real=0.02 secs] 
2020-09-29T18:03:41.967+0200: 60.148: [GC (Allocation Failure) 2020-09-29T18:03:41.967+0200: 60.148: [ParNew: 613440K->44713K(613440K), 0.0105541 secs] 630086K->61360K(2029056K), 0.0106098 secs] [Times: user=0.13 sys=0.00, real=0.01 secs] 
2020-09-29T18:03:42.024+0200: 60.205: [GC (Allocation Failure) 2020-09-29T18:03:42.024+0200: 60.205: [ParNew: 590057K->51137K(613440K), 0.0208674 secs] 606704K->67784K(2029056K), 0.0209300 secs] [Times: user=0.13 sys=0.00, real=0.02 secs] 
2020-09-29T18:03:42.091+0200: 60.272: [GC (Allocation Failure) 2020-09-29T18:03:42.092+0200: 60.272: [ParNew: 596481K->61480K(613440K), 0.0194963 secs] 613128K->78126K(2029056K), 0.0195589 secs] [Times: user=0.13 sys=0.00, real=0.02 secs] 
2020-09-29T18:03:42.158+0200: 60.339: [GC (Allocation Failure) 2020-09-29T18:03:42.158+0200: 60.339: [ParNew: 606824K->46539K(613440K), 0.0189641 secs] 623470K->63185K(2029056K), 0.0190308 secs] [Times: user=0.25 sys=0.00, real=0.02 secs] 
2020-09-29T18:03:42.230+0200: 60.410: [GC (Allocation Failure) 2020-09-29T18:03:42.230+0200: 60.410: [ParNew: 591883K->61073K(613440K), 0.0230885 secs] 608529K->77720K(2029056K), 0.0231532 secs] [Times: user=0.13 sys=0.00, real=0.02 secs] 
2020-09-29T18:03:42.300+0200: 60.481: [GC (Allocation Failure) 2020-09-29T18:03:42.300+0200: 60.481: [ParNew: 606417K->41210K(613440K), 0.0116566 secs] 623064K->57857K(2029056K), 0.0117160 secs] [Times: user=0.11 sys=0.02, real=0.01 secs] 
2020-09-29T18:03:42.360+0200: 60.541: [GC (Allocation Failure) 2020-09-29T18:03:42.360+0200: 60.541: [ParNew: 586554K->49085K(613440K), 0.0201191 secs] 603201K->65731K(2029056K), 0.0202084 secs] [Times: user=0.25 sys=0.00, real=0.02 secs] 
2020-09-29T18:03:42.433+0200: 60.614: [GC (Allocation Failure) 2020-09-29T18:03:42.433+0200: 60.614: [ParNew: 594429K->59156K(613440K), 0.0204933 secs] 611075K->75803K(2029056K), 0.0205642 secs] [Times: user=0.13 sys=0.00, real=0.02 secs] 
2020-09-29T18:03:42.507+0200: 60.688: [GC (Allocation Failure) 2020-09-29T18:03:42.507+0200: 60.688: [ParNew: 604500K->45502K(613440K), 0.0197379 secs] 621147K->62149K(2029056K), 0.0198100 secs] [Times: user=0.13 sys=0.00, real=0.02 secs] 
2020-09-29T18:03:42.577+0200: 60.758: [GC (Allocation Failure) 2020-09-29T18:03:42.577+0200: 60.758: [ParNew: 590846K->61057K(613440K), 0.0272612 secs] 607493K->77704K(2029056K), 0.0273216 secs] [Times: user=0.22 sys=0.00, real=0.03 secs] 
2020-09-29T18:03:42.654+0200: 60.834: [GC (Allocation Failure) 2020-09-29T18:03:42.654+0200: 60.834: [ParNew: 606401K->50269K(613440K), 0.0194473 secs] 623048K->66916K(2029056K), 0.0195058 secs] [Times: user=0.09 sys=0.00, real=0.02 secs] 
2020-09-29T18:03:42.726+0200: 60.907: [GC (Allocation Failure) 2020-09-29T18:03:42.726+0200: 60.907: [ParNew: 595613K->43455K(613440K), 0.0173848 secs] 612260K->60102K(2029056K), 0.0174429 secs] [Times: user=0.13 sys=0.00, real=0.02 secs] 
2020-09-29T18:03:42.792+0200: 60.972: [GC (Allocation Failure) 2020-09-29T18:03:42.792+0200: 60.972: [ParNew: 588799K->55314K(613440K), 0.0196895 secs] 605446K->71961K(2029056K), 0.0197604 secs] [Times: user=0.13 sys=0.00, real=0.02 secs] 
2020-09-29T18:03:42.860+0200: 61.041: [GC (Allocation Failure) 2020-09-29T18:03:42.860+0200: 61.041: [ParNew: 600658K->34769K(613440K), 0.0082471 secs] 617305K->51416K(2029056K), 0.0083251 secs] [Times: user=0.13 sys=0.00, real=0.01 secs] 
2020-09-29T18:03:42.925+0200: 61.106: [GC (Allocation Failure) 2020-09-29T18:03:42.925+0200: 61.106: [ParNew: 580113K->25457K(613440K), 0.0134477 secs] 596760K->42103K(2029056K), 0.0135035 secs] [Times: user=0.13 sys=0.00, real=0.01 secs] 
2020-09-29T18:03:42.986+0200: 61.167: [GC (Allocation Failure) 2020-09-29T18:03:42.986+0200: 61.167: [ParNew: 570801K->37935K(613440K), 0.0182831 secs] 587447K->54581K(2029056K), 0.0183503 secs] [Times: user=0.25 sys=0.00, real=0.02 secs] 
2020-09-29T18:03:43.056+0200: 61.237: [GC (Allocation Failure) 2020-09-29T18:03:43.056+0200: 61.237: [ParNew: 583279K->45643K(613440K), 0.0175276 secs] 599925K->62289K(2029056K), 0.0176024 secs] [Times: user=0.13 sys=0.00, real=0.02 secs] 
2020-09-29T18:03:43.122+0200: 61.302: [GC (Allocation Failure) 2020-09-29T18:03:43.122+0200: 61.302: [ParNew: 590987K->61833K(613440K), 0.0216739 secs] 607633K->78480K(2029056K), 0.0217407 secs] [Times: user=0.13 sys=0.00, real=0.02 secs] 
2020-09-29T18:03:43.195+0200: 61.375: [GC (Allocation Failure) 2020-09-29T18:03:43.195+0200: 61.375: [ParNew: 607177K->67255K(613440K), 0.0260618 secs] 623824K->83901K(2029056K), 0.0261241 secs] [Times: user=0.11 sys=0.00, real=0.03 secs] 
2020-09-29T18:03:43.269+0200: 61.450: [GC (Allocation Failure) 2020-09-29T18:03:43.269+0200: 61.450: [ParNew: 612599K->54257K(613440K), 0.0207654 secs] 629245K->70904K(2029056K), 0.0208384 secs] [Times: user=0.24 sys=0.00, real=0.02 secs] 
2020-09-29T18:03:43.338+0200: 61.519: [GC (Allocation Failure) 2020-09-29T18:03:43.338+0200: 61.519: [ParNew: 599601K->41551K(613440K), 0.0140784 secs] 616248K->58197K(2029056K), 0.0141344 secs] [Times: user=0.13 sys=0.00, real=0.01 secs] 
2020-09-29T18:03:43.400+0200: 61.580: [GC (Allocation Failure) 2020-09-29T18:03:43.400+0200: 61.580: [ParNew: 586895K->39849K(613440K), 0.0189118 secs] 603541K->56496K(2029056K), 0.0189729 secs] [Times: user=0.13 sys=0.00, real=0.02 secs] 
2020-09-29T18:03:43.469+0200: 61.650: [GC (Allocation Failure) 2020-09-29T18:03:43.469+0200: 61.650: [ParNew: 585193K->54163K(613440K), 0.0177050 secs] 601840K->70810K(2029056K), 0.0177662 secs] [Times: user=0.13 sys=0.00, real=0.02 secs] 
2020-09-29T18:03:43.534+0200: 61.715: [GC (Allocation Failure) 2020-09-29T18:03:43.534+0200: 61.715: [ParNew: 599507K->41086K(613440K), 0.0172639 secs] 616154K->57732K(2029056K), 0.0173186 secs] [Times: user=0.25 sys=0.00, real=0.02 secs] 
2020-09-29T18:03:43.602+0200: 61.783: [GC (Allocation Failure) 2020-09-29T18:03:43.602+0200: 61.783: [ParNew: 586430K->37394K(613440K), 0.0170662 secs] 603076K->54041K(2029056K), 0.0171236 secs] [Times: user=0.11 sys=0.00, real=0.02 secs] 
2020-09-29T18:03:43.669+0200: 61.849: [GC (Allocation Failure) 2020-09-29T18:03:43.669+0200: 61.849: [ParNew: 582738K->61489K(613440K), 0.0229066 secs] 599385K->78136K(2029056K), 0.0229670 secs] [Times: user=0.25 sys=0.00, real=0.02 secs] 
2020-09-29T18:03:43.738+0200: 61.919: [GC (Allocation Failure) 2020-09-29T18:03:43.738+0200: 61.919: [ParNew: 606833K->42354K(613440K), 0.0152687 secs] 623480K->59001K(2029056K), 0.0153331 secs] [Times: user=0.16 sys=0.02, real=0.02 secs] 
2020-09-29T18:03:43.801+0200: 61.982: [GC (Allocation Failure) 2020-09-29T18:03:43.801+0200: 61.982: [ParNew: 587698K->59277K(613440K), 0.0239389 secs] 604345K->75924K(2029056K), 0.0240064 secs] [Times: user=0.13 sys=0.00, real=0.02 secs] 
2020-09-29T18:03:43.873+0200: 62.053: [GC (Allocation Failure) 2020-09-29T18:03:43.873+0200: 62.053: [ParNew: 604621K->49804K(613440K), 0.0164473 secs] 621268K->66451K(2029056K), 0.0165074 secs] [Times: user=0.13 sys=0.00, real=0.02 secs] 
2020-09-29T18:03:43.944+0200: 62.125: [GC (Allocation Failure) 2020-09-29T18:03:43.944+0200: 62.125: [ParNew: 595148K->62258K(613440K), 0.0223303 secs] 611795K->78905K(2029056K), 0.0224128 secs] [Times: user=0.13 sys=0.00, real=0.02 secs] 
2020-09-29T18:03:44.015+0200: 62.196: [GC (Allocation Failure) 2020-09-29T18:03:44.015+0200: 62.196: [ParNew: 607602K->46397K(613440K), 0.0208024 secs] 624249K->63043K(2029056K), 0.0208624 secs] [Times: user=0.25 sys=0.00, real=0.02 secs] 
2020-09-29T18:03:44.084+0200: 62.265: [GC (Allocation Failure) 2020-09-29T18:03:44.084+0200: 62.265: [ParNew: 591741K->68096K(613440K), 0.0252160 secs] 608387K->85801K(2029056K), 0.0252715 secs] [Times: user=0.13 sys=0.00, real=0.03 secs] 
2020-09-29T18:03:44.157+0200: 62.337: [GC (Allocation Failure) 2020-09-29T18:03:44.157+0200: 62.337: [ParNew: 613440K->63307K(613440K), 0.0264036 secs] 631145K->81012K(2029056K), 0.0264860 secs] [Times: user=0.25 sys=0.00, real=0.03 secs] 
2020-09-29T18:03:44.235+0200: 62.415: [GC (Allocation Failure) 2020-09-29T18:03:44.235+0200: 62.415: [ParNew: 608651K->56089K(613440K), 0.0204469 secs] 626356K->73794K(2029056K), 0.0205286 secs] [Times: user=0.25 sys=0.00, real=0.02 secs] 
2020-09-29T18:03:44.303+0200: 62.484: [GC (Allocation Failure) 2020-09-29T18:03:44.303+0200: 62.484: [ParNew: 601433K->44954K(613440K), 0.0182992 secs] 619138K->62659K(2029056K), 0.0183551 secs] [Times: user=0.13 sys=0.00, real=0.02 secs] 
2020-09-29T18:03:44.370+0200: 62.550: [GC (Allocation Failure) 2020-09-29T18:03:44.370+0200: 62.550: [ParNew: 590298K->39459K(613440K), 0.0164043 secs] 608003K->57164K(2029056K), 0.0164908 secs] [Times: user=0.13 sys=0.00, real=0.02 secs] 
2020-09-29T18:03:44.439+0200: 62.620: [GC (Allocation Failure) 2020-09-29T18:03:44.439+0200: 62.620: [ParNew: 584803K->60624K(613440K), 0.0215316 secs] 602508K->78329K(2029056K), 0.0216016 secs] [Times: user=0.25 sys=0.00, real=0.02 secs] 
2020-09-29T18:03:44.509+0200: 62.689: [GC (Allocation Failure) 2020-09-29T18:03:44.509+0200: 62.689: [ParNew: 605968K->40890K(613440K), 0.0205398 secs] 623673K->58595K(2029056K), 0.0205961 secs] [Times: user=0.13 sys=0.00, real=0.02 secs] 
2020-09-29T18:03:44.577+0200: 62.758: [GC (Allocation Failure) 2020-09-29T18:03:44.577+0200: 62.758: [ParNew: 586234K->32662K(613440K), 0.0131829 secs] 603939K->50367K(2029056K), 0.0132590 secs] [Times: user=0.11 sys=0.00, real=0.01 secs] 
2020-09-29T18:03:44.639+0200: 62.820: [GC (Allocation Failure) 2020-09-29T18:03:44.639+0200: 62.820: [ParNew: 578006K->52307K(613440K), 0.0242093 secs] 595711K->70012K(2029056K), 0.0242731 secs] [Times: user=0.25 sys=0.00, real=0.02 secs] 
2020-09-29T18:03:44.711+0200: 62.892: [GC (Allocation Failure) 2020-09-29T18:03:44.711+0200: 62.892: [ParNew: 597651K->43901K(613440K), 0.0163279 secs] 615356K->61606K(2029056K), 0.0164153 secs] [Times: user=0.13 sys=0.00, real=0.02 secs] 
2020-09-29T18:03:44.777+0200: 62.957: [GC (Allocation Failure) 2020-09-29T18:03:44.777+0200: 62.957: [ParNew: 589245K->29908K(613440K), 0.0084577 secs] 606950K->47613K(2029056K), 0.0085156 secs] [Times: user=0.00 sys=0.00, real=0.01 secs] 
2020-09-29T18:03:44.833+0200: 63.014: [GC (Allocation Failure) 2020-09-29T18:03:44.833+0200: 63.014: [ParNew: 575252K->25958K(613440K), 0.0152827 secs] 592957K->43663K(2029056K), 0.0153627 secs] [Times: user=0.13 sys=0.00, real=0.02 secs] 
2020-09-29T18:03:44.899+0200: 63.080: [GC (Allocation Failure) 2020-09-29T18:03:44.899+0200: 63.080: [ParNew: 571302K->37991K(613440K), 0.0179559 secs] 589007K->55696K(2029056K), 0.0180149 secs] [Times: user=0.13 sys=0.00, real=0.02 secs] 
2020-09-29T18:03:44.964+0200: 63.144: [GC (Allocation Failure) 2020-09-29T18:03:44.964+0200: 63.144: [ParNew: 583335K->33124K(613440K), 0.0100621 secs] 601040K->50829K(2029056K), 0.0101215 secs] [Times: user=0.13 sys=0.00, real=0.01 secs] 
2020-09-29T18:03:45.029+0200: 63.210: [GC (Allocation Failure) 2020-09-29T18:03:45.029+0200: 63.210: [ParNew: 578468K->31551K(613440K), 0.0151558 secs] 596173K->49256K(2029056K), 0.0152563 secs] [Times: user=0.13 sys=0.00, real=0.02 secs] 
2020-09-29T18:03:45.096+0200: 63.276: [GC (Allocation Failure) 2020-09-29T18:03:45.096+0200: 63.276: [ParNew: 576895K->40729K(613440K), 0.0145023 secs] 594600K->58434K(2029056K), 0.0145665 secs] [Times: user=0.13 sys=0.00, real=0.01 secs] 
2020-09-29T18:03:45.159+0200: 63.340: [GC (Allocation Failure) 2020-09-29T18:03:45.159+0200: 63.340: [ParNew: 586073K->32149K(613440K), 0.0132810 secs] 603778K->49854K(2029056K), 0.0133810 secs] [Times: user=0.13 sys=0.00, real=0.01 secs] 
2020-09-29T18:03:45.223+0200: 63.404: [GC (Allocation Failure) 2020-09-29T18:03:45.223+0200: 63.404: [ParNew: 577493K->54094K(613440K), 0.0236973 secs] 595198K->71799K(2029056K), 0.0237614 secs] [Times: user=0.13 sys=0.00, real=0.02 secs] 
2020-09-29T18:03:45.298+0200: 63.478: [GC (Allocation Failure) 2020-09-29T18:03:45.298+0200: 63.478: [ParNew: 599438K->68096K(613440K), 0.0227477 secs] 617143K->86076K(2029056K), 0.0228020 secs] [Times: user=0.25 sys=0.00, real=0.02 secs] 
2020-09-29T18:03:45.368+0200: 63.548: [GC (Allocation Failure) 2020-09-29T18:03:45.368+0200: 63.548: [ParNew: 613440K->43401K(613440K), 0.0163603 secs] 631420K->61382K(2029056K), 0.0164204 secs] [Times: user=0.13 sys=0.00, real=0.02 secs] 
2020-09-29T18:03:45.431+0200: 63.612: [GC (Allocation Failure) 2020-09-29T18:03:45.431+0200: 63.612: [ParNew: 588745K->66526K(613440K), 0.0206331 secs] 606726K->84507K(2029056K), 0.0206895 secs] [Times: user=0.13 sys=0.00, real=0.02 secs] 
2020-09-29T18:03:45.498+0200: 63.679: [GC (Allocation Failure) 2020-09-29T18:03:45.498+0200: 63.679: [ParNew: 611870K->50665K(613440K), 0.0200078 secs] 629851K->68646K(2029056K), 0.0200892 secs] [Times: user=0.13 sys=0.00, real=0.02 secs] 
2020-09-29T18:03:45.568+0200: 63.748: [GC (Allocation Failure) 2020-09-29T18:03:45.568+0200: 63.748: [ParNew: 596009K->57714K(613440K), 0.0213401 secs] 613990K->75695K(2029056K), 0.0213993 secs] [Times: user=0.11 sys=0.00, real=0.02 secs] 
2020-09-29T18:03:45.637+0200: 63.818: [GC (Allocation Failure) 2020-09-29T18:03:45.637+0200: 63.818: [ParNew: 603058K->49697K(613440K), 0.0195982 secs] 621039K->67678K(2029056K), 0.0196755 secs] [Times: user=0.13 sys=0.00, real=0.02 secs] 
2020-09-29T18:03:45.707+0200: 63.887: [GC (Allocation Failure) 2020-09-29T18:03:45.707+0200: 63.887: [ParNew: 595041K->36237K(613440K), 0.0116521 secs] 613022K->54218K(2029056K), 0.0117110 secs] [Times: user=0.00 sys=0.00, real=0.01 secs] 
2020-09-29T18:03:45.768+0200: 63.949: [GC (Allocation Failure) 2020-09-29T18:03:45.768+0200: 63.949: [ParNew: 581581K->34265K(613440K), 0.0165768 secs] 599562K->52246K(2029056K), 0.0166449 secs] [Times: user=0.14 sys=0.00, real=0.02 secs] 
2020-09-29T18:03:45.834+0200: 64.015: [GC (Allocation Failure) 2020-09-29T18:03:45.834+0200: 64.015: [ParNew: 579609K->32392K(613440K), 0.0083752 secs] 597590K->50373K(2029056K), 0.0084297 secs] [Times: user=0.00 sys=0.00, real=0.01 secs] 
2020-09-29T18:03:45.905+0200: 64.085: [GC (Allocation Failure) 2020-09-29T18:03:45.905+0200: 64.085: [ParNew: 577736K->46176K(613440K), 0.0212441 secs] 595717K->64157K(2029056K), 0.0213143 secs] [Times: user=0.25 sys=0.00, real=0.02 secs] 
2020-09-29T18:03:45.973+0200: 64.154: [GC (Allocation Failure) 2020-09-29T18:03:45.973+0200: 64.154: [ParNew: 591520K->36662K(613440K), 0.0146249 secs] 609501K->54643K(2029056K), 0.0146805 secs] [Times: user=0.00 sys=0.00, real=0.01 secs] 
2020-09-29T18:03:46.039+0200: 64.220: [GC (Allocation Failure) 2020-09-29T18:03:46.039+0200: 64.220: [ParNew: 582006K->30071K(613440K), 0.0155086 secs] 599987K->48052K(2029056K), 0.0155939 secs] [Times: user=0.13 sys=0.00, real=0.02 secs] 
2020-09-29T18:03:46.105+0200: 64.286: [GC (Allocation Failure) 2020-09-29T18:03:46.105+0200: 64.286: [ParNew: 575415K->47816K(613440K), 0.0207152 secs] 593396K->65797K(2029056K), 0.0207965 secs] [Times: user=0.13 sys=0.00, real=0.02 secs] 
2020-09-29T18:03:46.178+0200: 64.358: [GC (Allocation Failure) 2020-09-29T18:03:46.178+0200: 64.358: [ParNew: 593160K->49034K(613440K), 0.0201350 secs] 611141K->67015K(2029056K), 0.0202218 secs] [Times: user=0.13 sys=0.00, real=0.02 secs] 
2020-09-29T18:03:46.250+0200: 64.431: [GC (Allocation Failure) 2020-09-29T18:03:46.250+0200: 64.431: [ParNew: 594378K->37117K(613440K), 0.0181285 secs] 612359K->55098K(2029056K), 0.0181941 secs] [Times: user=0.13 sys=0.00, real=0.02 secs] 
2020-09-29T18:03:46.320+0200: 64.501: [GC (Allocation Failure) 2020-09-29T18:03:46.320+0200: 64.501: [ParNew: 582461K->59346K(613440K), 0.0215254 secs] 600442K->77327K(2029056K), 0.0216042 secs] [Times: user=0.13 sys=0.00, real=0.02 secs] 
2020-09-29T18:03:46.391+0200: 64.571: [GC (Allocation Failure) 2020-09-29T18:03:46.391+0200: 64.571: [ParNew: 604690K->41781K(613440K), 0.0151186 secs] 622671K->59762K(2029056K), 0.0151754 secs] [Times: user=0.13 sys=0.00, real=0.01 secs] 
2020-09-29T18:03:46.457+0200: 64.637: [GC (Allocation Failure) 2020-09-29T18:03:46.457+0200: 64.637: [ParNew: 587125K->55526K(613440K), 0.0199351 secs] 605106K->73507K(2029056K), 0.0199905 secs] [Times: user=0.25 sys=0.00, real=0.02 secs] 
2020-09-29T18:03:46.524+0200: 64.704: [GC (Allocation Failure) 2020-09-29T18:03:46.524+0200: 64.704: [ParNew: 600870K->43879K(613440K), 0.0187062 secs] 618851K->61860K(2029056K), 0.0187759 secs] [Times: user=0.13 sys=0.00, real=0.02 secs] 
2020-09-29T18:03:46.593+0200: 64.773: [GC (Allocation Failure) 2020-09-29T18:03:46.593+0200: 64.773: [ParNew: 589223K->43672K(613440K), 0.0191735 secs] 607204K->61653K(2029056K), 0.0192337 secs] [Times: user=0.11 sys=0.00, real=0.02 secs] 
2020-09-29T18:03:46.663+0200: 64.843: [GC (Allocation Failure) 2020-09-29T18:03:46.663+0200: 64.843: [ParNew: 589016K->41096K(613440K), 0.0184037 secs] 606997K->59077K(2029056K), 0.0184672 secs] [Times: user=0.13 sys=0.00, real=0.02 secs] 
2020-09-29T18:03:46.730+0200: 64.910: [GC (Allocation Failure) 2020-09-29T18:03:46.730+0200: 64.910: [ParNew: 586440K->33719K(613440K), 0.0174062 secs] 604421K->51700K(2029056K), 0.0174703 secs] [Times: user=0.13 sys=0.00, real=0.02 secs] 
2020-09-29T18:03:46.797+0200: 64.977: [GC (Allocation Failure) 2020-09-29T18:03:46.797+0200: 64.977: [ParNew: 579063K->35359K(613440K), 0.0163407 secs] 597044K->53340K(2029056K), 0.0164121 secs] [Times: user=0.13 sys=0.00, real=0.02 secs] 
2020-09-29T18:03:46.868+0200: 65.048: [GC (Allocation Failure) 2020-09-29T18:03:46.868+0200: 65.048: [ParNew: 580703K->57447K(613440K), 0.0197994 secs] 598684K->75428K(2029056K), 0.0198987 secs] [Times: user=0.13 sys=0.00, real=0.02 secs] 
2020-09-29T18:03:46.936+0200: 65.116: [GC (Allocation Failure) 2020-09-29T18:03:46.936+0200: 65.116: [ParNew: 602791K->68096K(613440K), 0.0245504 secs] 620772K->86076K(2029056K), 0.0246230 secs] [Times: user=0.25 sys=0.00, real=0.02 secs] 
2020-09-29T18:03:47.010+0200: 65.190: [GC (Allocation Failure) 2020-09-29T18:03:47.010+0200: 65.190: [ParNew: 613440K->58104K(613440K), 0.0200057 secs] 631420K->76085K(2029056K), 0.0200932 secs] [Times: user=0.13 sys=0.00, real=0.02 secs] 
2020-09-29T18:03:47.088+0200: 65.267: [GC (Allocation Failure) 2020-09-29T18:03:47.088+0200: 65.268: [ParNew: 603448K->53885K(613440K), 0.0254038 secs] 621429K->71866K(2029056K), 0.0254846 secs] [Times: user=0.13 sys=0.00, real=0.02 secs] 
2020-09-29T18:03:47.165+0200: 65.345: [GC (Allocation Failure) 2020-09-29T18:03:47.165+0200: 65.345: [ParNew: 599229K->68096K(613440K), 0.0318199 secs] 617210K->88179K(2029056K), 0.0319037 secs] [Times: user=0.25 sys=0.00, real=0.03 secs] 
2020-09-29T18:03:47.249+0200: 65.429: [GC (Allocation Failure) 2020-09-29T18:03:47.249+0200: 65.429: [ParNew: 613440K->56409K(613440K), 0.0239782 secs] 633523K->76492K(2029056K), 0.0240740 secs] [Times: user=0.25 sys=0.00, real=0.02 secs] 
2020-09-29T18:03:47.329+0200: 65.509: [GC (Allocation Failure) 2020-09-29T18:03:47.329+0200: 65.509: [ParNew: 601753K->41872K(613440K), 0.0147515 secs] 621836K->61955K(2029056K), 0.0148079 secs] [Times: user=0.13 sys=0.00, real=0.02 secs] 
2020-09-29T18:03:47.394+0200: 65.574: [GC (Allocation Failure) 2020-09-29T18:03:47.394+0200: 65.574: [ParNew: 587216K->64529K(613440K), 0.0250116 secs] 607299K->84612K(2029056K), 0.0250949 secs] [Times: user=0.25 sys=0.00, real=0.02 secs] 
2020-09-29T18:03:47.466+0200: 65.646: [GC (Allocation Failure) 2020-09-29T18:03:47.466+0200: 65.646: [ParNew: 609873K->52470K(613440K), 0.0190609 secs] 629956K->72553K(2029056K), 0.0191199 secs] [Times: user=0.13 sys=0.00, real=0.02 secs] 
2020-09-29T18:03:47.534+0200: 65.714: [GC (Allocation Failure) 2020-09-29T18:03:47.534+0200: 65.714: [ParNew: 597814K->42993K(613440K), 0.0196714 secs] 617897K->63076K(2029056K), 0.0197230 secs] [Times: user=0.25 sys=0.00, real=0.02 secs] 
2020-09-29T18:03:47.602+0200: 65.782: [GC (Allocation Failure) 2020-09-29T18:03:47.602+0200: 65.782: [ParNew: 588337K->45365K(613440K), 0.0178514 secs] 608420K->65448K(2029056K), 0.0179148 secs] [Times: user=0.13 sys=0.00, real=0.02 secs] 
2020-09-29T18:03:47.669+0200: 65.849: [GC (Allocation Failure) 2020-09-29T18:03:47.669+0200: 65.849: [ParNew: 590709K->61757K(613440K), 0.0232984 secs] 610792K->81840K(2029056K), 0.0233600 secs] [Times: user=0.25 sys=0.00, real=0.02 secs] 
2020-09-29T18:03:47.740+0200: 65.920: [GC (Allocation Failure) 2020-09-29T18:03:47.740+0200: 65.920: [ParNew: 607101K->43016K(613440K), 0.0162601 secs] 627184K->63099K(2029056K), 0.0163733 secs] [Times: user=0.13 sys=0.00, real=0.02 secs] 
2020-09-29T18:03:47.811+0200: 65.991: [GC (Allocation Failure) 2020-09-29T18:03:47.811+0200: 65.991: [ParNew: 588360K->62047K(613440K), 0.0206011 secs] 608443K->82130K(2029056K), 0.0206612 secs] [Times: user=0.08 sys=0.00, real=0.02 secs] 
2020-09-29T18:03:47.879+0200: 66.059: [GC (Allocation Failure) 2020-09-29T18:03:47.879+0200: 66.059: [ParNew: 607391K->58254K(613440K), 0.0205040 secs] 627474K->78337K(2029056K), 0.0205612 secs] [Times: user=0.25 sys=0.00, real=0.02 secs] 
2020-09-29T18:03:47.947+0200: 66.127: [GC (Allocation Failure) 2020-09-29T18:03:47.947+0200: 66.127: [ParNew: 603598K->43872K(613440K), 0.0204409 secs] 623681K->63955K(2029056K), 0.0205331 secs] [Times: user=0.13 sys=0.00, real=0.02 secs] 
2020-09-29T18:03:48.015+0200: 66.195: [GC (Allocation Failure) 2020-09-29T18:03:48.015+0200: 66.195: [ParNew: 589216K->46858K(613440K), 0.0183569 secs] 609299K->66941K(2029056K), 0.0184519 secs] [Times: user=0.13 sys=0.00, real=0.02 secs] 
2020-09-29T18:03:48.080+0200: 66.260: [GC (Allocation Failure) 2020-09-29T18:03:48.080+0200: 66.260: [ParNew: 592202K->43136K(613440K), 0.0180139 secs] 612285K->63219K(2029056K), 0.0180761 secs] [Times: user=0.13 sys=0.00, real=0.02 secs] 
2020-09-29T18:03:48.145+0200: 66.325: [GC (Allocation Failure) 2020-09-29T18:03:48.145+0200: 66.325: [ParNew: 588480K->64671K(613440K), 0.0222330 secs] 608563K->84754K(2029056K), 0.0222962 secs] [Times: user=0.13 sys=0.00, real=0.02 secs] 
2020-09-29T18:03:48.219+0200: 66.399: [GC (Allocation Failure) 2020-09-29T18:03:48.219+0200: 66.399: [ParNew: 610015K->49192K(613440K), 0.0189498 secs] 630098K->69275K(2029056K), 0.0190259 secs] [Times: user=0.11 sys=0.00, real=0.02 secs] 
2020-09-29T18:03:48.294+0200: 66.474: [GC (Allocation Failure) 2020-09-29T18:03:48.294+0200: 66.474: [ParNew: 594536K->65091K(613440K), 0.0262432 secs] 614619K->85174K(2029056K), 0.0263013 secs] [Times: user=0.25 sys=0.00, real=0.03 secs] 
2020-09-29T18:03:48.368+0200: 66.548: [GC (Allocation Failure) 2020-09-29T18:03:48.368+0200: 66.548: [ParNew: 610435K->49986K(613440K), 0.0148902 secs] 630518K->70069K(2029056K), 0.0149731 secs] [Times: user=0.13 sys=0.00, real=0.01 secs] 
2020-09-29T18:03:48.435+0200: 66.615: [GC (Allocation Failure) 2020-09-29T18:03:48.435+0200: 66.615: [ParNew: 595330K->42355K(613440K), 0.0151507 secs] 615413K->62438K(2029056K), 0.0152188 secs] [Times: user=0.13 sys=0.00, real=0.02 secs] 
2020-09-29T18:03:48.501+0200: 66.681: [GC (Allocation Failure) 2020-09-29T18:03:48.501+0200: 66.681: [ParNew: 587699K->45223K(613440K), 0.0187165 secs] 607782K->65306K(2029056K), 0.0187838 secs] [Times: user=0.13 sys=0.00, real=0.02 secs] 
2020-09-29T18:03:48.571+0200: 66.751: [GC (Allocation Failure) 2020-09-29T18:03:48.571+0200: 66.751: [ParNew: 590567K->33925K(613440K), 0.0134654 secs] 610650K->54008K(2029056K), 0.0135273 secs] [Times: user=0.13 sys=0.00, real=0.01 secs] 
2020-09-29T18:03:48.634+0200: 66.814: [GC (Allocation Failure) 2020-09-29T18:03:48.634+0200: 66.814: [ParNew: 579269K->47786K(613440K), 0.0185823 secs] 599352K->67869K(2029056K), 0.0186523 secs] [Times: user=0.13 sys=0.00, real=0.02 secs] 
2020-09-29T18:03:48.701+0200: 66.881: [GC (Allocation Failure) 2020-09-29T18:03:48.701+0200: 66.881: [ParNew: 593130K->37558K(613440K), 0.0167260 secs] 613213K->57641K(2029056K), 0.0167870 secs] [Times: user=0.13 sys=0.00, real=0.02 secs] 
2020-09-29T18:03:48.767+0200: 66.947: [GC (Allocation Failure) 2020-09-29T18:03:48.767+0200: 66.947: [ParNew: 582902K->36475K(613440K), 0.0163487 secs] 602985K->56558K(2029056K), 0.0164229 secs] [Times: user=0.13 sys=0.00, real=0.02 secs] 
2020-09-29T18:03:48.834+0200: 67.014: [GC (Allocation Failure) 2020-09-29T18:03:48.834+0200: 67.014: [ParNew: 581819K->34888K(613440K), 0.0147882 secs] 601902K->54971K(2029056K), 0.0148463 secs] [Times: user=0.13 sys=0.00, real=0.01 secs] 
2020-09-29T18:03:48.900+0200: 67.080: [GC (Allocation Failure) 2020-09-29T18:03:48.900+0200: 67.080: [ParNew: 580232K->54887K(613440K), 0.0211688 secs] 600315K->74970K(2029056K), 0.0212306 secs] [Times: user=0.13 sys=0.00, real=0.02 secs] 
2020-09-29T18:03:48.974+0200: 67.154: [GC (Allocation Failure) 2020-09-29T18:03:48.974+0200: 67.154: [ParNew: 600231K->67354K(613440K), 0.0253201 secs] 620314K->87437K(2029056K), 0.0253870 secs] [Times: user=0.13 sys=0.00, real=0.03 secs] 
2020-09-29T18:03:49.046+0200: 67.226: [GC (Allocation Failure) 2020-09-29T18:03:49.046+0200: 67.226: [ParNew: 612698K->53771K(613440K), 0.0176888 secs] 632781K->73854K(2029056K), 0.0177464 secs] [Times: user=0.13 sys=0.00, real=0.02 secs] 
2020-09-29T18:03:49.115+0200: 67.295: [GC (Allocation Failure) 2020-09-29T18:03:49.115+0200: 67.295: [ParNew: 599115K->35077K(613440K), 0.0106744 secs] 619198K->55160K(2029056K), 0.0107302 secs] [Times: user=0.00 sys=0.00, real=0.01 secs] 
2020-09-29T18:03:49.177+0200: 67.357: [GC (Allocation Failure) 2020-09-29T18:03:49.177+0200: 67.357: [ParNew: 580421K->46622K(613440K), 0.0222858 secs] 600504K->66705K(2029056K), 0.0223813 secs] [Times: user=0.13 sys=0.00, real=0.02 secs] 
2020-09-29T18:03:49.250+0200: 67.430: [GC (Allocation Failure) 2020-09-29T18:03:49.250+0200: 67.430: [ParNew: 591966K->66336K(613440K), 0.0261703 secs] 612049K->86419K(2029056K), 0.0262441 secs] [Times: user=0.23 sys=0.00, real=0.03 secs] 
2020-09-29T18:03:49.325+0200: 67.505: [GC (Allocation Failure) 2020-09-29T18:03:49.325+0200: 67.505: [ParNew: 611680K->50302K(613440K), 0.0245677 secs] 631763K->70385K(2029056K), 0.0246369 secs] [Times: user=0.25 sys=0.00, real=0.02 secs] 
2020-09-29T18:03:49.398+0200: 67.578: [GC (Allocation Failure) 2020-09-29T18:03:49.398+0200: 67.578: [ParNew: 595646K->65285K(613440K), 0.0303624 secs] 615729K->85368K(2029056K), 0.0304307 secs] [Times: user=0.19 sys=0.01, real=0.03 secs] 
2020-09-29T18:03:49.477+0200: 67.657: [GC (Allocation Failure) 2020-09-29T18:03:49.477+0200: 67.657: [ParNew: 610629K->51247K(613440K), 0.0227359 secs] 630712K->71330K(2029056K), 0.0227997 secs] [Times: user=0.13 sys=0.00, real=0.02 secs] 
2020-09-29T18:03:49.549+0200: 67.729: [GC (Allocation Failure) 2020-09-29T18:03:49.549+0200: 67.729: [ParNew: 596591K->68096K(613440K), 0.0348520 secs] 616674K->88179K(2029056K), 0.0349484 secs] [Times: user=0.38 sys=0.00, real=0.04 secs] 
2020-09-29T18:03:49.633+0200: 67.813: [GC (Allocation Failure) 2020-09-29T18:03:49.633+0200: 67.813: [ParNew: 613440K->51160K(613440K), 0.0209960 secs] 633523K->71243K(2029056K), 0.0210743 secs] [Times: user=0.13 sys=0.00, real=0.02 secs] 
2020-09-29T18:03:49.710+0200: 67.890: [GC (Allocation Failure) 2020-09-29T18:03:49.710+0200: 67.890: [ParNew: 596504K->40483K(613440K), 0.0200848 secs] 616587K->60566K(2029056K), 0.0201627 secs] [Times: user=0.13 sys=0.00, real=0.02 secs] 
2020-09-29T18:03:49.782+0200: 67.963: [GC (Allocation Failure) 2020-09-29T18:03:49.782+0200: 67.963: [ParNew: 585827K->53660K(613440K), 0.0247693 secs] 605910K->73743K(2029056K), 0.0248558 secs] [Times: user=0.25 sys=0.00, real=0.02 secs] 
2020-09-29T18:03:49.858+0200: 68.038: [GC (Allocation Failure) 2020-09-29T18:03:49.858+0200: 68.038: [ParNew: 599004K->41030K(613440K), 0.0166224 secs] 619087K->61113K(2029056K), 0.0166886 secs] [Times: user=0.13 sys=0.00, real=0.02 secs] 
2020-09-29T18:03:49.929+0200: 68.109: [GC (Allocation Failure) 2020-09-29T18:03:49.929+0200: 68.109: [ParNew: 586374K->41982K(613440K), 0.0230032 secs] 606457K->62065K(2029056K), 0.0230682 secs] [Times: user=0.13 sys=0.00, real=0.02 secs] 
2020-09-29T18:03:50.001+0200: 68.181: [GC (Allocation Failure) 2020-09-29T18:03:50.001+0200: 68.181: [ParNew: 587326K->49617K(613440K), 0.0239048 secs] 607409K->69700K(2029056K), 0.0239983 secs] [Times: user=0.23 sys=0.00, real=0.02 secs] 
2020-09-29T18:03:50.082+0200: 68.262: [GC (Allocation Failure) 2020-09-29T18:03:50.082+0200: 68.262: [ParNew: 594961K->38106K(613440K), 0.0215454 secs] 615044K->58189K(2029056K), 0.0216161 secs] [Times: user=0.25 sys=0.00, real=0.02 secs] 
2020-09-29T18:03:50.162+0200: 68.342: [GC (Allocation Failure) 2020-09-29T18:03:50.162+0200: 68.342: [ParNew: 583450K->36171K(613440K), 0.0212198 secs] 603533K->56254K(2029056K), 0.0213012 secs] [Times: user=0.13 sys=0.00, real=0.02 secs] 
2020-09-29T18:03:50.238+0200: 68.418: [GC (Allocation Failure) 2020-09-29T18:03:50.238+0200: 68.418: [ParNew: 581515K->59014K(613440K), 0.0262056 secs] 601598K->79097K(2029056K), 0.0262718 secs] [Times: user=0.25 sys=0.00, real=0.03 secs] 
2020-09-29T18:03:50.314+0200: 68.494: [GC (Allocation Failure) 2020-09-29T18:03:50.314+0200: 68.494: [ParNew: 604358K->48072K(613440K), 0.0253643 secs] 624441K->68155K(2029056K), 0.0254527 secs] [Times: user=0.25 sys=0.00, real=0.03 secs] 
2020-09-29T18:03:50.387+0200: 68.567: [GC (Allocation Failure) 2020-09-29T18:03:50.387+0200: 68.567: [ParNew: 593416K->39060K(613440K), 0.0175465 secs] 613499K->59143K(2029056K), 0.0176149 secs] [Times: user=0.13 sys=0.00, real=0.02 secs] 
2020-09-29T18:03:50.452+0200: 68.632: [GC (Allocation Failure) 2020-09-29T18:03:50.452+0200: 68.632: [ParNew: 584404K->37502K(613440K), 0.0236168 secs] 604487K->57585K(2029056K), 0.0237025 secs] [Times: user=0.25 sys=0.00, real=0.02 secs] 
2020-09-29T18:03:50.523+0200: 68.703: [GC (Allocation Failure) 2020-09-29T18:03:50.523+0200: 68.703: [ParNew: 582846K->33018K(613440K), 0.0226382 secs] 602929K->53101K(2029056K), 0.0227117 secs] [Times: user=0.13 sys=0.00, real=0.02 secs] 
2020-09-29T18:03:50.594+0200: 68.775: [GC (Allocation Failure) 2020-09-29T18:03:50.595+0200: 68.775: [ParNew: 578362K->32256K(613440K), 0.0213015 secs] 598445K->52339K(2029056K), 0.0213782 secs] [Times: user=0.22 sys=0.00, real=0.02 secs] 
2020-09-29T18:03:50.667+0200: 68.847: [GC (Allocation Failure) 2020-09-29T18:03:50.667+0200: 68.847: [ParNew: 577600K->56333K(613440K), 0.0268440 secs] 597683K->76416K(2029056K), 0.0269105 secs] [Times: user=0.25 sys=0.00, real=0.03 secs] 
2020-09-29T18:03:50.742+0200: 68.922: [GC (Allocation Failure) 2020-09-29T18:03:50.742+0200: 68.922: [ParNew: 601677K->40081K(613440K), 0.0184972 secs] 621760K->60164K(2029056K), 0.0185768 secs] [Times: user=0.13 sys=0.00, real=0.02 secs] 
2020-09-29T18:03:50.807+0200: 68.988: [GC (Allocation Failure) 2020-09-29T18:03:50.807+0200: 68.988: [ParNew: 585425K->40354K(613440K), 0.0231653 secs] 605508K->60437K(2029056K), 0.0232282 secs] [Times: user=0.13 sys=0.00, real=0.02 secs] 
2020-09-29T18:03:50.884+0200: 69.064: [GC (Allocation Failure) 2020-09-29T18:03:50.884+0200: 69.064: [ParNew: 585698K->57502K(613440K), 0.0291186 secs] 605781K->77585K(2029056K), 0.0291864 secs] [Times: user=0.25 sys=0.00, real=0.03 secs] 
2020-09-29T18:03:50.960+0200: 69.140: [GC (Allocation Failure) 2020-09-29T18:03:50.960+0200: 69.140: [ParNew: 602846K->56051K(613440K), 0.0275889 secs] 622929K->76134K(2029056K), 0.0276745 secs] [Times: user=0.13 sys=0.00, real=0.03 secs] 
2020-09-29T18:03:51.036+0200: 69.216: [GC (Allocation Failure) 2020-09-29T18:03:51.036+0200: 69.216: [ParNew: 601395K->46550K(613440K), 0.0208741 secs] 621478K->66633K(2029056K), 0.0209433 secs] [Times: user=0.13 sys=0.00, real=0.02 secs] 
2020-09-29T18:03:51.106+0200: 69.286: [GC (Allocation Failure) 2020-09-29T18:03:51.106+0200: 69.286: [ParNew: 591894K->46109K(613440K), 0.0270157 secs] 611977K->66192K(2029056K), 0.0270828 secs] [Times: user=0.25 sys=0.00, real=0.03 secs] 
2020-09-29T18:03:51.181+0200: 69.361: [GC (Allocation Failure) 2020-09-29T18:03:51.181+0200: 69.361: [ParNew: 591453K->41860K(613440K), 0.0180114 secs] 611536K->61943K(2029056K), 0.0181024 secs] [Times: user=0.13 sys=0.00, real=0.02 secs] 
2020-09-29T18:03:51.255+0200: 69.435: [GC (Allocation Failure) 2020-09-29T18:03:51.255+0200: 69.435: [ParNew: 587204K->37295K(613440K), 0.0181784 secs] 607287K->57378K(2029056K), 0.0182460 secs] [Times: user=0.13 sys=0.00, real=0.02 secs] 
2020-09-29T18:03:51.324+0200: 69.505: [GC (Allocation Failure) 2020-09-29T18:03:51.324+0200: 69.505: [ParNew: 582639K->35743K(613440K), 0.0243740 secs] 602722K->55826K(2029056K), 0.0244387 secs] [Times: user=0.25 sys=0.00, real=0.03 secs] 
2020-09-29T18:03:51.396+0200: 69.576: [GC (Allocation Failure) 2020-09-29T18:03:51.396+0200: 69.576: [ParNew: 581087K->43086K(613440K), 0.0215944 secs] 601170K->63169K(2029056K), 0.0216602 secs] [Times: user=0.13 sys=0.00, real=0.02 secs] 
2020-09-29T18:03:51.470+0200: 69.650: [GC (Allocation Failure) 2020-09-29T18:03:51.470+0200: 69.650: [ParNew: 588430K->34052K(613440K), 0.0211958 secs] 608513K->54135K(2029056K), 0.0212724 secs] [Times: user=0.25 sys=0.00, real=0.02 secs] 
2020-09-29T18:03:51.547+0200: 69.728: [GC (Allocation Failure) 2020-09-29T18:03:51.548+0200: 69.728: [ParNew: 579396K->51534K(613440K), 0.0268098 secs] 599479K->71617K(2029056K), 0.0269001 secs] [Times: user=0.25 sys=0.00, real=0.03 secs] 
2020-09-29T18:03:51.624+0200: 69.805: [GC (Allocation Failure) 2020-09-29T18:03:51.624+0200: 69.805: [ParNew: 596878K->56937K(613440K), 0.0278320 secs] 616961K->77020K(2029056K), 0.0279112 secs] [Times: user=0.22 sys=0.00, real=0.03 secs] 
2020-09-29T18:03:51.707+0200: 69.887: [GC (Allocation Failure) 2020-09-29T18:03:51.707+0200: 69.887: [ParNew: 602281K->41225K(613440K), 0.0245219 secs] 622364K->61308K(2029056K), 0.0245955 secs] [Times: user=0.25 sys=0.00, real=0.03 secs] 
2020-09-29T18:03:51.788+0200: 69.968: [GC (Allocation Failure) 2020-09-29T18:03:51.788+0200: 69.968: [ParNew: 586569K->39921K(613440K), 0.0237878 secs] 606652K->60004K(2029056K), 0.0238651 secs] [Times: user=0.13 sys=0.00, real=0.02 secs] 
2020-09-29T18:03:51.863+0200: 70.044: [GC (Allocation Failure) 2020-09-29T18:03:51.863+0200: 70.044: [ParNew: 585265K->38563K(613440K), 0.0228738 secs] 605348K->58646K(2029056K), 0.0229431 secs] [Times: user=0.19 sys=0.02, real=0.02 secs] 
2020-09-29T18:03:51.943+0200: 70.123: [GC (Allocation Failure) 2020-09-29T18:03:51.943+0200: 70.123: [ParNew: 583907K->36424K(613440K), 0.0206722 secs] 603990K->56507K(2029056K), 0.0207440 secs] [Times: user=0.13 sys=0.00, real=0.02 secs] 
2020-09-29T18:03:52.021+0200: 70.201: [GC (Allocation Failure) 2020-09-29T18:03:52.021+0200: 70.201: [ParNew: 581768K->57832K(613440K), 0.0272628 secs] 601851K->77915K(2029056K), 0.0273385 secs] [Times: user=0.13 sys=0.00, real=0.03 secs] 
2020-09-29T18:03:52.099+0200: 70.279: [GC (Allocation Failure) 2020-09-29T18:03:52.099+0200: 70.279: [ParNew: 603176K->48738K(613440K), 0.0261241 secs] 623259K->68821K(2029056K), 0.0262060 secs] [Times: user=0.13 sys=0.00, real=0.03 secs] 
2020-09-29T18:03:52.179+0200: 70.360: [GC (Allocation Failure) 2020-09-29T18:03:52.179+0200: 70.360: [ParNew: 594082K->58025K(613440K), 0.0265567 secs] 614165K->78108K(2029056K), 0.0266409 secs] [Times: user=0.11 sys=0.00, real=0.03 secs] 
2020-09-29T18:03:52.260+0200: 70.440: [GC (Allocation Failure) 2020-09-29T18:03:52.260+0200: 70.440: [ParNew: 603369K->46044K(613440K), 0.0245645 secs] 623452K->66127K(2029056K), 0.0246466 secs] [Times: user=0.13 sys=0.00, real=0.03 secs] 
2020-09-29T18:03:52.338+0200: 70.518: [GC (Allocation Failure) 2020-09-29T18:03:52.338+0200: 70.518: [ParNew: 591388K->49911K(613440K), 0.0263684 secs] 611471K->69994K(2029056K), 0.0264523 secs] [Times: user=0.20 sys=0.00, real=0.03 secs] 
2020-09-29T18:03:52.417+0200: 70.598: [GC (Allocation Failure) 2020-09-29T18:03:52.417+0200: 70.598: [ParNew: 595255K->66412K(613440K), 0.0288353 secs] 615338K->86495K(2029056K), 0.0289268 secs] [Times: user=0.25 sys=0.00, real=0.03 secs] 
2020-09-29T18:03:52.506+0200: 70.686: [GC (Allocation Failure) 2020-09-29T18:03:52.506+0200: 70.686: [ParNew: 611756K->43506K(613440K), 0.0232953 secs] 631839K->63589K(2029056K), 0.0233901 secs] [Times: user=0.13 sys=0.00, real=0.02 secs] 
2020-09-29T18:03:52.586+0200: 70.767: [GC (Allocation Failure) 2020-09-29T18:03:52.586+0200: 70.767: [ParNew: 588850K->34968K(613440K), 0.0195537 secs] 608933K->55051K(2029056K), 0.0196405 secs] [Times: user=0.13 sys=0.00, real=0.02 secs] 
2020-09-29T18:03:52.667+0200: 70.847: [GC (Allocation Failure) 2020-09-29T18:03:52.667+0200: 70.847: [ParNew: 580312K->68096K(613440K), 0.0330621 secs] 600395K->88179K(2029056K), 0.0331636 secs] [Times: user=0.25 sys=0.00, real=0.03 secs] 
2020-09-29T18:03:52.751+0200: 70.930: [GC (Allocation Failure) 2020-09-29T18:03:52.751+0200: 70.931: [ParNew: 613440K->50243K(613440K), 0.0250249 secs] 633523K->70326K(2029056K), 0.0251460 secs] [Times: user=0.25 sys=0.00, real=0.03 secs] 
2020-09-29T18:03:52.829+0200: 71.009: [GC (Allocation Failure) 2020-09-29T18:03:52.829+0200: 71.009: [ParNew: 595587K->68024K(613440K), 0.0325115 secs] 615670K->88107K(2029056K), 0.0326143 secs] [Times: user=0.22 sys=0.00, real=0.03 secs] 
2020-09-29T18:03:52.914+0200: 71.093: [GC (Allocation Failure) 2020-09-29T18:03:52.914+0200: 71.093: [ParNew: 613368K->52254K(613440K), 0.0247378 secs] 633451K->72337K(2029056K), 0.0248213 secs] [Times: user=0.09 sys=0.00, real=0.02 secs] 
2020-09-29T18:03:52.997+0200: 71.177: [GC (Allocation Failure) 2020-09-29T18:03:52.997+0200: 71.177: [ParNew: 597598K->43552K(613440K), 0.0217331 secs] 617681K->63635K(2029056K), 0.0218019 secs] [Times: user=0.11 sys=0.00, real=0.02 secs] 
2020-09-29T18:03:53.076+0200: 71.256: [GC (Allocation Failure) 2020-09-29T18:03:53.076+0200: 71.256: [ParNew: 588896K->32245K(613440K), 0.0213682 secs] 608979K->52328K(2029056K), 0.0214453 secs] [Times: user=0.13 sys=0.00, real=0.02 secs] 
2020-09-29T18:03:53.147+0200: 71.327: [GC (Allocation Failure) 2020-09-29T18:03:53.147+0200: 71.327: [ParNew: 577589K->55076K(613440K), 0.0259190 secs] 597672K->75159K(2029056K), 0.0260041 secs] [Times: user=0.13 sys=0.00, real=0.03 secs] 
2020-09-29T18:03:53.230+0200: 71.410: [GC (Allocation Failure) 2020-09-29T18:03:53.230+0200: 71.410: [ParNew: 600420K->41234K(613440K), 0.0165789 secs] 620503K->61317K(2029056K), 0.0166547 secs] [Times: user=0.13 sys=0.00, real=0.02 secs] 
2020-09-29T18:03:53.309+0200: 71.489: [GC (Allocation Failure) 2020-09-29T18:03:53.309+0200: 71.489: [ParNew: 586578K->37781K(613440K), 0.0240049 secs] 606661K->57864K(2029056K), 0.0240787 secs] [Times: user=0.17 sys=0.05, real=0.02 secs] 
2020-09-29T18:03:53.385+0200: 71.565: [GC (Allocation Failure) 2020-09-29T18:03:53.385+0200: 71.565: [ParNew: 583125K->31392K(613440K), 0.0161364 secs] 603208K->51475K(2029056K), 0.0162035 secs] [Times: user=0.13 sys=0.00, real=0.02 secs] 
2020-09-29T18:03:53.469+0200: 71.648: [GC (Allocation Failure) 2020-09-29T18:03:53.469+0200: 71.649: [ParNew: 576736K->40729K(613440K), 0.0219768 secs] 596819K->60812K(2029056K), 0.0220621 secs] [Times: user=0.24 sys=0.00, real=0.02 secs] 
2020-09-29T18:03:53.541+0200: 71.721: [GC (Allocation Failure) 2020-09-29T18:03:53.541+0200: 71.721: [ParNew: 586073K->51344K(613440K), 0.0270772 secs] 606156K->71427K(2029056K), 0.0271699 secs] [Times: user=0.25 sys=0.00, real=0.03 secs] 
2020-09-29T18:03:53.620+0200: 71.800: [GC (Allocation Failure) 2020-09-29T18:03:53.620+0200: 71.800: [ParNew: 596688K->57304K(613440K), 0.0267218 secs] 616771K->77387K(2029056K), 0.0268047 secs] [Times: user=0.25 sys=0.00, real=0.03 secs] 
2020-09-29T18:03:53.702+0200: 71.882: [GC (Allocation Failure) 2020-09-29T18:03:53.702+0200: 71.882: [ParNew: 602648K->41691K(613440K), 0.0183329 secs] 622731K->61774K(2029056K), 0.0183986 secs] [Times: user=0.13 sys=0.00, real=0.02 secs] 
2020-09-29T18:03:53.770+0200: 71.950: [GC (Allocation Failure) 2020-09-29T18:03:53.770+0200: 71.950: [ParNew: 587035K->40385K(613440K), 0.0235885 secs] 607118K->60468K(2029056K), 0.0236550 secs] [Times: user=0.19 sys=0.02, real=0.02 secs] 
2020-09-29T18:03:53.848+0200: 72.028: [GC (Allocation Failure) 2020-09-29T18:03:53.848+0200: 72.028: [ParNew: 585729K->52150K(613440K), 0.0232004 secs] 605812K->72233K(2029056K), 0.0232672 secs] [Times: user=0.25 sys=0.00, real=0.02 secs] 
2020-09-29T18:03:53.923+0200: 72.103: [GC (Allocation Failure) 2020-09-29T18:03:53.923+0200: 72.103: [ParNew: 597494K->34669K(613440K), 0.0236658 secs] 617577K->54752K(2029056K), 0.0237300 secs] [Times: user=0.25 sys=0.00, real=0.02 secs] 
2020-09-29T18:03:53.996+0200: 72.176: [GC (Allocation Failure) 2020-09-29T18:03:53.996+0200: 72.176: [ParNew: 580013K->61897K(613440K), 0.0273155 secs] 600096K->81980K(2029056K), 0.0273960 secs] [Times: user=0.25 sys=0.00, real=0.03 secs] 
2020-09-29T18:03:54.075+0200: 72.255: [GC (Allocation Failure) 2020-09-29T18:03:54.075+0200: 72.255: [ParNew: 607241K->44375K(613440K), 0.0198989 secs] 627324K->64458K(2029056K), 0.0199655 secs] [Times: user=0.13 sys=0.00, real=0.02 secs] 
2020-09-29T18:03:54.142+0200: 72.322: [GC (Allocation Failure) 2020-09-29T18:03:54.142+0200: 72.322: [ParNew: 589719K->39643K(613440K), 0.0184036 secs] 609802K->59726K(2029056K), 0.0184668 secs] [Times: user=0.13 sys=0.00, real=0.02 secs] 
2020-09-29T18:03:54.221+0200: 72.401: [GC (Allocation Failure) 2020-09-29T18:03:54.221+0200: 72.401: [ParNew: 584987K->28675K(613440K), 0.0183245 secs] 605070K->48758K(2029056K), 0.0183927 secs] [Times: user=0.22 sys=0.00, real=0.02 secs] 
2020-09-29T18:03:54.296+0200: 72.476: [GC (Allocation Failure) 2020-09-29T18:03:54.296+0200: 72.476: [ParNew: 574019K->51275K(613440K), 0.0264268 secs] 594102K->71358K(2029056K), 0.0265003 secs] [Times: user=0.25 sys=0.00, real=0.03 secs] 
2020-09-29T18:03:54.373+0200: 72.553: [GC (Allocation Failure) 2020-09-29T18:03:54.373+0200: 72.553: [ParNew: 596619K->59664K(613440K), 0.0322667 secs] 616702K->79747K(2029056K), 0.0323499 secs] [Times: user=0.25 sys=0.00, real=0.03 secs] 
2020-09-29T18:03:54.457+0200: 72.637: [GC (Allocation Failure) 2020-09-29T18:03:54.457+0200: 72.637: [ParNew: 605008K->49680K(613440K), 0.0306325 secs] 625091K->69763K(2029056K), 0.0307097 secs] [Times: user=0.23 sys=0.00, real=0.03 secs] 
2020-09-29T18:03:54.542+0200: 72.722: [GC (Allocation Failure) 2020-09-29T18:03:54.542+0200: 72.722: [ParNew: 595024K->53685K(613440K), 0.0285148 secs] 615107K->73768K(2029056K), 0.0286109 secs] [Times: user=0.25 sys=0.00, real=0.04 secs] 
2020-09-29T18:03:54.636+0200: 72.817: [GC (Allocation Failure) 2020-09-29T18:03:54.636+0200: 72.817: [ParNew: 599029K->49363K(613440K), 0.0280118 secs] 619112K->69446K(2029056K), 0.0280839 secs] [Times: user=0.25 sys=0.00, real=0.03 secs] 
2020-09-29T18:03:54.721+0200: 72.901: [GC (Allocation Failure) 2020-09-29T18:03:54.721+0200: 72.901: [ParNew: 594707K->48253K(613440K), 0.0274195 secs] 614790K->68336K(2029056K), 0.0274874 secs] [Times: user=0.25 sys=0.00, real=0.03 secs] 
2020-09-29T18:03:54.801+0200: 72.982: [GC (Allocation Failure) 2020-09-29T18:03:54.801+0200: 72.982: [ParNew: 593597K->45445K(613440K), 0.0257850 secs] 613680K->65528K(2029056K), 0.0258547 secs] [Times: user=0.13 sys=0.00, real=0.03 secs] 
2020-09-29T18:03:54.880+0200: 73.061: [GC (Allocation Failure) 2020-09-29T18:03:54.880+0200: 73.061: [ParNew: 590789K->40467K(613440K), 0.0250016 secs] 610872K->60550K(2029056K), 0.0250846 secs] [Times: user=0.13 sys=0.00, real=0.02 secs] 
2020-09-29T18:03:54.953+0200: 73.133: [GC (Allocation Failure) 2020-09-29T18:03:54.953+0200: 73.133: [ParNew: 585811K->37161K(613440K), 0.0245657 secs] 605894K->57244K(2029056K), 0.0246426 secs] [Times: user=0.25 sys=0.00, real=0.02 secs] 
2020-09-29T18:03:55.037+0200: 73.218: [GC (Allocation Failure) 2020-09-29T18:03:55.037+0200: 73.218: [ParNew: 582505K->40805K(613440K), 0.0247835 secs] 602588K->60888K(2029056K), 0.0248709 secs] [Times: user=0.13 sys=0.00, real=0.03 secs] 
2020-09-29T18:03:55.115+0200: 73.295: [GC (Allocation Failure) 2020-09-29T18:03:55.115+0200: 73.295: [ParNew: 586149K->58748K(613440K), 0.0298791 secs] 606232K->78831K(2029056K), 0.0299746 secs] [Times: user=0.14 sys=0.00, real=0.03 secs] 
2020-09-29T18:03:55.200+0200: 73.380: [GC (Allocation Failure) 2020-09-29T18:03:55.200+0200: 73.380: [ParNew: 604092K->48089K(613440K), 0.0235496 secs] 624175K->68172K(2029056K), 0.0236317 secs] [Times: user=0.23 sys=0.00, real=0.02 secs] 
2020-09-29T18:03:55.276+0200: 73.457: [GC (Allocation Failure) 2020-09-29T18:03:55.276+0200: 73.457: [ParNew: 593433K->42031K(613440K), 0.0213949 secs] 613516K->62114K(2029056K), 0.0214651 secs] [Times: user=0.13 sys=0.00, real=0.02 secs] 
2020-09-29T18:03:55.357+0200: 73.538: [GC (Allocation Failure) 2020-09-29T18:03:55.357+0200: 73.538: [ParNew: 587375K->31367K(613440K), 0.0201283 secs] 607458K->51450K(2029056K), 0.0202122 secs] [Times: user=0.13 sys=0.00, real=0.02 secs] 
2020-09-29T18:03:55.431+0200: 73.611: [GC (Allocation Failure) 2020-09-29T18:03:55.431+0200: 73.611: [ParNew: 576711K->43179K(613440K), 0.0265214 secs] 596794K->63262K(2029056K), 0.0266034 secs] [Times: user=0.13 sys=0.00, real=0.03 secs] 
2020-09-29T18:03:55.512+0200: 73.693: [GC (Allocation Failure) 2020-09-29T18:03:55.512+0200: 73.693: [ParNew: 588523K->38119K(613440K), 0.0252869 secs] 608606K->58202K(2029056K), 0.0253817 secs] [Times: user=0.25 sys=0.00, real=0.03 secs] 
2020-09-29T18:03:55.598+0200: 73.778: [GC (Allocation Failure) 2020-09-29T18:03:55.598+0200: 73.778: [ParNew: 583463K->63602K(613440K), 0.0338741 secs] 603546K->83685K(2029056K), 0.0339425 secs] [Times: user=0.25 sys=0.00, real=0.03 secs] 
2020-09-29T18:03:55.683+0200: 73.863: [GC (Allocation Failure) 2020-09-29T18:03:55.683+0200: 73.863: [ParNew: 608946K->49628K(613440K), 0.0249397 secs] 629029K->69711K(2029056K), 0.0250103 secs] [Times: user=0.25 sys=0.00, real=0.02 secs] 
2020-09-29T18:03:55.756+0200: 73.936: [GC (Allocation Failure) 2020-09-29T18:03:55.756+0200: 73.936: [ParNew: 594972K->33813K(613440K), 0.0156820 secs] 615055K->53896K(2029056K), 0.0157634 secs] [Times: user=0.13 sys=0.00, real=0.01 secs] 
2020-09-29T18:03:55.832+0200: 74.012: [GC (Allocation Failure) 2020-09-29T18:03:55.832+0200: 74.012: [ParNew: 579157K->32755K(613440K), 0.0218943 secs] 599240K->52838K(2029056K), 0.0219723 secs] [Times: user=0.17 sys=0.08, real=0.02 secs] 
2020-09-29T18:03:55.902+0200: 74.083: [GC (Allocation Failure) 2020-09-29T18:03:55.902+0200: 74.083: [ParNew: 578099K->44711K(613440K), 0.0282170 secs] 598182K->64794K(2029056K), 0.0283433 secs] [Times: user=0.25 sys=0.00, real=0.03 secs] 
2020-09-29T18:03:55.979+0200: 74.159: [GC (Allocation Failure) 2020-09-29T18:03:55.979+0200: 74.159: [ParNew: 590055K->55510K(613440K), 0.0270844 secs] 610138K->75593K(2029056K), 0.0271656 secs] [Times: user=0.25 sys=0.00, real=0.03 secs] 
2020-09-29T18:03:56.056+0200: 74.237: [GC (Allocation Failure) 2020-09-29T18:03:56.056+0200: 74.237: [ParNew: 600854K->42172K(613440K), 0.0251914 secs] 620937K->62255K(2029056K), 0.0252616 secs] [Times: user=0.13 sys=0.00, real=0.03 secs] 
2020-09-29T18:03:56.130+0200: 74.311: [GC (Allocation Failure) 2020-09-29T18:03:56.130+0200: 74.311: [ParNew: 587516K->38233K(613440K), 0.0239750 secs] 607599K->58316K(2029056K), 0.0240398 secs] [Times: user=0.13 sys=0.00, real=0.02 secs] 
2020-09-29T18:03:56.209+0200: 74.390: [GC (Allocation Failure) 2020-09-29T18:03:56.210+0200: 74.390: [ParNew: 583577K->47023K(613440K), 0.0252151 secs] 603660K->67106K(2029056K), 0.0252941 secs] [Times: user=0.13 sys=0.00, real=0.03 secs] 
2020-09-29T18:03:56.283+0200: 74.463: [GC (Allocation Failure) 2020-09-29T18:03:56.283+0200: 74.463: [ParNew: 592367K->31521K(613440K), 0.0222062 secs] 612450K->51604K(2029056K), 0.0222811 secs] [Times: user=0.25 sys=0.00, real=0.02 secs] 
2020-09-29T18:03:56.354+0200: 74.535: [GC (Allocation Failure) 2020-09-29T18:03:56.354+0200: 74.535: [ParNew: 576865K->30868K(613440K), 0.0191037 secs] 596948K->50951K(2029056K), 0.0192128 secs] [Times: user=0.13 sys=0.00, real=0.02 secs] 
2020-09-29T18:03:56.428+0200: 74.609: [GC (Allocation Failure) 2020-09-29T18:03:56.428+0200: 74.609: [ParNew: 576212K->47672K(613440K), 0.0261752 secs] 596295K->67755K(2029056K), 0.0262632 secs] [Times: user=0.13 sys=0.00, real=0.03 secs] 
2020-09-29T18:03:56.506+0200: 74.686: [GC (Allocation Failure) 2020-09-29T18:03:56.506+0200: 74.686: [ParNew: 593016K->38121K(613440K), 0.0245839 secs] 613099K->58204K(2029056K), 0.0246509 secs] [Times: user=0.13 sys=0.00, real=0.02 secs] 
2020-09-29T18:03:56.590+0200: 74.771: [GC (Allocation Failure) 2020-09-29T18:03:56.590+0200: 74.771: [ParNew: 583465K->64848K(613440K), 0.0319881 secs] 603548K->84931K(2029056K), 0.0320640 secs] [Times: user=0.25 sys=0.00, real=0.03 secs] 
2020-09-29T18:03:56.676+0200: 74.856: [GC (Allocation Failure) 2020-09-29T18:03:56.676+0200: 74.856: [ParNew: 610192K->68096K(613440K), 0.0311463 secs] 630275K->88179K(2029056K), 0.0312319 secs] [Times: user=0.13 sys=0.00, real=0.03 secs] 
2020-09-29T18:03:56.757+0200: 74.937: [GC (Allocation Failure) 2020-09-29T18:03:56.757+0200: 74.937: [ParNew: 613440K->48656K(613440K), 0.0295732 secs] 633523K->68739K(2029056K), 0.0296508 secs] [Times: user=0.25 sys=0.00, real=0.03 secs] 
2020-09-29T18:03:56.838+0200: 75.019: [GC (Allocation Failure) 2020-09-29T18:03:56.838+0200: 75.019: [ParNew: 594000K->45441K(613440K), 0.0285448 secs] 614083K->65524K(2029056K), 0.0286209 secs] [Times: user=0.25 sys=0.00, real=0.03 secs] 
2020-09-29T18:03:56.927+0200: 75.107: [GC (Allocation Failure) 2020-09-29T18:03:56.927+0200: 75.107: [ParNew: 590785K->43471K(613440K), 0.0271905 secs] 610868K->63554K(2029056K), 0.0272581 secs] [Times: user=0.13 sys=0.00, real=0.03 secs] 
2020-09-29T18:03:57.008+0200: 75.188: [GC (Allocation Failure) 2020-09-29T18:03:57.008+0200: 75.188: [ParNew: 588815K->41925K(613440K), 0.0272535 secs] 608898K->62008K(2029056K), 0.0273345 secs] [Times: user=0.13 sys=0.00, real=0.03 secs] 
2020-09-29T18:03:57.084+0200: 75.265: [GC (Allocation Failure) 2020-09-29T18:03:57.084+0200: 75.265: [ParNew: 587269K->38188K(613440K), 0.0168315 secs] 607352K->58271K(2029056K), 0.0169009 secs] [Times: user=0.13 sys=0.00, real=0.02 secs] 
2020-09-29T18:03:57.156+0200: 75.336: [GC (Allocation Failure) 2020-09-29T18:03:57.156+0200: 75.336: [ParNew: 583532K->36214K(613440K), 0.0236479 secs] 603615K->56297K(2029056K), 0.0237313 secs] [Times: user=0.25 sys=0.00, real=0.02 secs] 
2020-09-29T18:03:57.234+0200: 75.414: [GC (Allocation Failure) 2020-09-29T18:03:57.234+0200: 75.414: [ParNew: 581558K->40426K(613440K), 0.0225226 secs] 601641K->60509K(2029056K), 0.0226090 secs] [Times: user=0.25 sys=0.00, real=0.02 secs] 
2020-09-29T18:03:57.308+0200: 75.489: [GC (Allocation Failure) 2020-09-29T18:03:57.308+0200: 75.489: [ParNew: 585770K->57663K(613440K), 0.0285747 secs] 605853K->77746K(2029056K), 0.0286473 secs] [Times: user=0.25 sys=0.00, real=0.03 secs] 
2020-09-29T18:03:57.390+0200: 75.571: [GC (Allocation Failure) 2020-09-29T18:03:57.390+0200: 75.571: [ParNew: 603007K->46562K(613440K), 0.0265395 secs] 623090K->66645K(2029056K), 0.0266095 secs] [Times: user=0.25 sys=0.00, real=0.03 secs] 
2020-09-29T18:03:57.472+0200: 75.652: [GC (Allocation Failure) 2020-09-29T18:03:57.472+0200: 75.652: [ParNew: 591906K->37701K(613440K), 0.0177377 secs] 611989K->57784K(2029056K), 0.0178056 secs] [Times: user=0.23 sys=0.00, real=0.02 secs] 
2020-09-29T18:03:57.545+0200: 75.725: [GC (Allocation Failure) 2020-09-29T18:03:57.545+0200: 75.725: [ParNew: 583045K->39335K(613440K), 0.0224495 secs] 603128K->59418K(2029056K), 0.0225353 secs] [Times: user=0.23 sys=0.00, real=0.02 secs] 
2020-09-29T18:03:57.635+0200: 75.815: [GC (Allocation Failure) 2020-09-29T18:03:57.635+0200: 75.815: [ParNew: 584679K->52596K(613440K), 0.0292163 secs] 604762K->72679K(2029056K), 0.0292912 secs] [Times: user=0.25 sys=0.00, real=0.03 secs] 
2020-09-29T18:03:57.712+0200: 75.892: [GC (Allocation Failure) 2020-09-29T18:03:57.712+0200: 75.892: [ParNew: 597940K->59831K(613440K), 0.0289641 secs] 618023K->79914K(2029056K), 0.0290383 secs] [Times: user=0.25 sys=0.00, real=0.03 secs] 
2020-09-29T18:03:57.791+0200: 75.972: [GC (Allocation Failure) 2020-09-29T18:03:57.791+0200: 75.972: [ParNew: 605175K->40451K(613440K), 0.0214024 secs] 625258K->60534K(2029056K), 0.0214766 secs] [Times: user=0.13 sys=0.00, real=0.02 secs] 
2020-09-29T18:03:57.870+0200: 76.051: [GC (Allocation Failure) 2020-09-29T18:03:57.870+0200: 76.051: [ParNew: 585795K->27056K(613440K), 0.0170073 secs] 605878K->47139K(2029056K), 0.0170829 secs] [Times: user=0.13 sys=0.00, real=0.02 secs] 
2020-09-29T18:03:57.948+0200: 76.129: [GC (Allocation Failure) 2020-09-29T18:03:57.948+0200: 76.129: [ParNew: 572400K->40848K(613440K), 0.0238764 secs] 592483K->60931K(2029056K), 0.0239455 secs] [Times: user=0.13 sys=0.00, real=0.02 secs] 
2020-09-29T18:03:58.029+0200: 76.210: [GC (Allocation Failure) 2020-09-29T18:03:58.029+0200: 76.210: [ParNew: 586192K->49640K(613440K), 0.0229481 secs] 606275K->69723K(2029056K), 0.0230179 secs] [Times: user=0.25 sys=0.00, real=0.02 secs] 
2020-09-29T18:03:58.109+0200: 76.290: [GC (Allocation Failure) 2020-09-29T18:03:58.109+0200: 76.290: [ParNew: 594984K->53459K(613440K), 0.0304458 secs] 615067K->73542K(2029056K), 0.0305233 secs] [Times: user=0.25 sys=0.00, real=0.03 secs] 
2020-09-29T18:03:58.189+0200: 76.370: [GC (Allocation Failure) 2020-09-29T18:03:58.189+0200: 76.370: [ParNew: 598803K->40126K(613440K), 0.0250641 secs] 618886K->60209K(2029056K), 0.0251333 secs] [Times: user=0.20 sys=0.00, real=0.03 secs] 
2020-09-29T18:03:58.270+0200: 76.450: [GC (Allocation Failure) 2020-09-29T18:03:58.270+0200: 76.450: [ParNew: 585470K->34452K(613440K), 0.0211957 secs] 605553K->54535K(2029056K), 0.0212715 secs] [Times: user=0.13 sys=0.00, real=0.02 secs] 
2020-09-29T18:03:58.341+0200: 76.522: [GC (Allocation Failure) 2020-09-29T18:03:58.341+0200: 76.522: [ParNew: 579796K->57076K(613440K), 0.0271291 secs] 599879K->77159K(2029056K), 0.0272078 secs] [Times: user=0.25 sys=0.00, real=0.03 secs] 
2020-09-29T18:03:58.417+0200: 76.598: [GC (Allocation Failure) 2020-09-29T18:03:58.417+0200: 76.598: [ParNew: 602420K->68096K(613440K), 0.0335825 secs] 622503K->88179K(2029056K), 0.0336731 secs] [Times: user=0.25 sys=0.00, real=0.03 secs] 
2020-09-29T18:03:58.499+0200: 76.680: [GC (Allocation Failure) 2020-09-29T18:03:58.499+0200: 76.680: [ParNew: 613440K->49970K(613440K), 0.0266259 secs] 633523K->70053K(2029056K), 0.0267167 secs] [Times: user=0.25 sys=0.00, real=0.03 secs] 
2020-09-29T18:03:58.578+0200: 76.758: [GC (Allocation Failure) 2020-09-29T18:03:58.578+0200: 76.759: [ParNew: 595314K->44966K(613440K), 0.0249062 secs] 615397K->65049K(2029056K), 0.0249828 secs] [Times: user=0.25 sys=0.00, real=0.02 secs] 
2020-09-29T18:03:58.653+0200: 76.834: [GC (Allocation Failure) 2020-09-29T18:03:58.653+0200: 76.834: [ParNew: 590310K->65212K(613440K), 0.0300614 secs] 610393K->85295K(2029056K), 0.0301511 secs] [Times: user=0.25 sys=0.00, real=0.03 secs] 
2020-09-29T18:03:58.737+0200: 76.917: [GC (Allocation Failure) 2020-09-29T18:03:58.737+0200: 76.917: [ParNew: 610556K->38727K(613440K), 0.0139432 secs] 630639K->58810K(2029056K), 0.0140284 secs] [Times: user=0.11 sys=0.00, real=0.01 secs] 
2020-09-29T18:03:58.818+0200: 76.999: [GC (Allocation Failure) 2020-09-29T18:03:58.818+0200: 76.999: [ParNew: 584071K->28871K(613440K), 0.0205738 secs] 604154K->48954K(2029056K), 0.0206643 secs] [Times: user=0.13 sys=0.00, real=0.02 secs] 
2020-09-29T18:03:58.893+0200: 77.073: [GC (Allocation Failure) 2020-09-29T18:03:58.893+0200: 77.073: [ParNew: 574215K->60669K(613440K), 0.0335001 secs] 594298K->80752K(2029056K), 0.0335706 secs] [Times: user=0.38 sys=0.00, real=0.03 secs] 
2020-09-29T18:03:58.974+0200: 77.155: [GC (Allocation Failure) 2020-09-29T18:03:58.974+0200: 77.155: [ParNew: 606013K->68096K(613440K), 0.0321602 secs] 626096K->88368K(2029056K), 0.0322306 secs] [Times: user=0.25 sys=0.00, real=0.03 secs] 
2020-09-29T18:03:59.053+0200: 77.234: [GC (Allocation Failure) 2020-09-29T18:03:59.053+0200: 77.234: [ParNew: 613440K->49418K(613440K), 0.0242292 secs] 633712K->69690K(2029056K), 0.0242980 secs] [Times: user=0.13 sys=0.00, real=0.03 secs] 
2020-09-29T18:03:59.134+0200: 77.315: [GC (Allocation Failure) 2020-09-29T18:03:59.134+0200: 77.315: [ParNew: 594762K->38644K(613440K), 0.0230036 secs] 615034K->58917K(2029056K), 0.0230746 secs] [Times: user=0.13 sys=0.00, real=0.02 secs] 
2020-09-29T18:03:59.214+0200: 77.394: [GC (Allocation Failure) 2020-09-29T18:03:59.214+0200: 77.394: [ParNew: 583988K->60434K(613440K), 0.0314049 secs] 604261K->80706K(2029056K), 0.0314764 secs] [Times: user=0.23 sys=0.00, real=0.03 secs] 
2020-09-29T18:03:59.296+0200: 77.476: [GC (Allocation Failure) 2020-09-29T18:03:59.296+0200: 77.476: [ParNew: 605778K->40610K(613440K), 0.0144927 secs] 626050K->60882K(2029056K), 0.0145603 secs] [Times: user=0.13 sys=0.00, real=0.01 secs] 
2020-09-29T18:03:59.363+0200: 77.543: [GC (Allocation Failure) 2020-09-29T18:03:59.363+0200: 77.543: [ParNew: 585954K->35694K(613440K), 0.0138313 secs] 606226K->55966K(2029056K), 0.0138878 secs] [Times: user=0.13 sys=0.00, real=0.01 secs] 
2020-09-29T18:03:59.438+0200: 77.618: [GC (Allocation Failure) 2020-09-29T18:03:59.438+0200: 77.618: [ParNew: 581038K->50097K(613440K), 0.0189349 secs] 601310K->70369K(2029056K), 0.0189918 secs] [Times: user=0.13 sys=0.00, real=0.02 secs] 
2020-09-29T18:03:59.504+0200: 77.684: [GC (Allocation Failure) 2020-09-29T18:03:59.504+0200: 77.684: [ParNew: 595441K->40705K(613440K), 0.0174624 secs] 615713K->60977K(2029056K), 0.0175180 secs] [Times: user=0.25 sys=0.00, real=0.02 secs] 
2020-09-29T18:03:59.574+0200: 77.754: [GC (Allocation Failure) 2020-09-29T18:03:59.574+0200: 77.754: [ParNew: 586049K->40187K(613440K), 0.0176102 secs] 606321K->60459K(2029056K), 0.0176659 secs] [Times: user=0.13 sys=0.00, real=0.02 secs] 
2020-09-29T18:03:59.641+0200: 77.821: [GC (Allocation Failure) 2020-09-29T18:03:59.641+0200: 77.821: [ParNew: 585531K->61885K(613440K), 0.0223329 secs] 605803K->82157K(2029056K), 0.0223922 secs] [Times: user=0.24 sys=0.00, real=0.02 secs] 
2020-09-29T18:03:59.711+0200: 77.892: [GC (Allocation Failure) 2020-09-29T18:03:59.711+0200: 77.892: [ParNew: 607229K->49303K(613440K), 0.0171733 secs] 627501K->69575K(2029056K), 0.0172346 secs] [Times: user=0.13 sys=0.00, real=0.02 secs] 
2020-09-29T18:03:59.778+0200: 77.959: [GC (Allocation Failure) 2020-09-29T18:03:59.778+0200: 77.959: [ParNew: 594647K->36531K(613440K), 0.0162895 secs] 614919K->56803K(2029056K), 0.0163606 secs] [Times: user=0.13 sys=0.00, real=0.02 secs] 
2020-09-29T18:03:59.848+0200: 78.028: [GC (Allocation Failure) 2020-09-29T18:03:59.848+0200: 78.028: [ParNew: 581875K->52713K(613440K), 0.0201234 secs] 602147K->72985K(2029056K), 0.0201784 secs] [Times: user=0.13 sys=0.00, real=0.02 secs] 
2020-09-29T18:03:59.917+0200: 78.097: [GC (Allocation Failure) 2020-09-29T18:03:59.917+0200: 78.097: [ParNew: 598057K->46204K(613440K), 0.0200710 secs] 618329K->66476K(2029056K), 0.0201375 secs] [Times: user=0.13 sys=0.00, real=0.02 secs] 
2020-09-29T18:03:59.987+0200: 78.168: [GC (Allocation Failure) 2020-09-29T18:03:59.987+0200: 78.168: [ParNew: 591548K->68096K(613440K), 0.0257131 secs] 611820K->88368K(2029056K), 0.0257821 secs] [Times: user=0.25 sys=0.00, real=0.03 secs] 
2020-09-29T18:04:00.065+0200: 78.245: [GC (Allocation Failure) 2020-09-29T18:04:00.065+0200: 78.245: [ParNew: 613440K->51071K(613440K), 0.0198624 secs] 633712K->71343K(2029056K), 0.0199439 secs] [Times: user=0.22 sys=0.00, real=0.02 secs] 
2020-09-29T18:04:00.136+0200: 78.317: [GC (Allocation Failure) 2020-09-29T18:04:00.136+0200: 78.317: [ParNew: 596415K->49868K(613440K), 0.0217315 secs] 616687K->70140K(2029056K), 0.0217888 secs] [Times: user=0.13 sys=0.00, real=0.02 secs] 
2020-09-29T18:04:00.210+0200: 78.390: [GC (Allocation Failure) 2020-09-29T18:04:00.210+0200: 78.390: [ParNew: 595212K->61983K(613440K), 0.0239984 secs] 615484K->82255K(2029056K), 0.0240785 secs] [Times: user=0.13 sys=0.00, real=0.02 secs] 
2020-09-29T18:04:00.282+0200: 78.462: [GC (Allocation Failure) 2020-09-29T18:04:00.282+0200: 78.462: [ParNew: 607327K->49737K(613440K), 0.0200546 secs] 627599K->70009K(2029056K), 0.0201216 secs] [Times: user=0.25 sys=0.00, real=0.02 secs] 
2020-09-29T18:04:00.350+0200: 78.530: [GC (Allocation Failure) 2020-09-29T18:04:00.350+0200: 78.530: [ParNew: 595081K->47267K(613440K), 0.0201986 secs] 615353K->67539K(2029056K), 0.0202659 secs] [Times: user=0.13 sys=0.00, real=0.02 secs] 
2020-09-29T18:04:00.418+0200: 78.598: [GC (Allocation Failure) 2020-09-29T18:04:00.418+0200: 78.598: [ParNew: 592611K->46068K(613440K), 0.0187053 secs] 612883K->66340K(2029056K), 0.0187789 secs] [Times: user=0.13 sys=0.00, real=0.02 secs] 
2020-09-29T18:04:00.487+0200: 78.667: [GC (Allocation Failure) 2020-09-29T18:04:00.487+0200: 78.667: [ParNew: 591412K->43047K(613440K), 0.0168390 secs] 611684K->63319K(2029056K), 0.0169026 secs] [Times: user=0.13 sys=0.00, real=0.02 secs] 
2020-09-29T18:04:00.553+0200: 78.734: [GC (Allocation Failure) 2020-09-29T18:04:00.553+0200: 78.734: [ParNew: 588391K->42107K(613440K), 0.0169539 secs] 608663K->62379K(2029056K), 0.0170367 secs] [Times: user=0.13 sys=0.00, real=0.02 secs] 
2020-09-29T18:04:00.625+0200: 78.805: [GC (Allocation Failure) 2020-09-29T18:04:00.625+0200: 78.805: [ParNew: 587451K->35019K(613440K), 0.0116943 secs] 607723K->55291K(2029056K), 0.0117527 secs] [Times: user=0.11 sys=0.00, real=0.01 secs] 
2020-09-29T18:04:00.689+0200: 78.870: [GC (Allocation Failure) 2020-09-29T18:04:00.689+0200: 78.870: [ParNew: 580363K->31042K(613440K), 0.0151766 secs] 600635K->51315K(2029056K), 0.0152416 secs] [Times: user=0.13 sys=0.00, real=0.02 secs] 
2020-09-29T18:04:00.752+0200: 78.933: [GC (Allocation Failure) 2020-09-29T18:04:00.752+0200: 78.933: [ParNew: 576386K->42630K(613440K), 0.0191715 secs] 596659K->62902K(2029056K), 0.0192661 secs] [Times: user=0.25 sys=0.00, real=0.02 secs] 
2020-09-29T18:04:00.821+0200: 79.002: [GC (Allocation Failure) 2020-09-29T18:04:00.821+0200: 79.002: [ParNew: 587974K->41116K(613440K), 0.0180616 secs] 608246K->61388K(2029056K), 0.0181396 secs] [Times: user=0.13 sys=0.00, real=0.02 secs] 
2020-09-29T18:04:00.890+0200: 79.071: [GC (Allocation Failure) 2020-09-29T18:04:00.890+0200: 79.071: [ParNew: 586460K->67367K(613440K), 0.0221916 secs] 606732K->87639K(2029056K), 0.0222469 secs] [Times: user=0.25 sys=0.00, real=0.02 secs] 
2020-09-29T18:04:00.962+0200: 79.142: [GC (Allocation Failure) 2020-09-29T18:04:00.962+0200: 79.142: [ParNew: 612711K->48463K(613440K), 0.0173897 secs] 632983K->68735K(2029056K), 0.0174573 secs] [Times: user=0.13 sys=0.00, real=0.02 secs] 
2020-09-29T18:04:01.027+0200: 79.208: [GC (Allocation Failure) 2020-09-29T18:04:01.027+0200: 79.208: [ParNew: 593807K->68096K(613440K), 0.0209851 secs] 614079K->88368K(2029056K), 0.0210416 secs] [Times: user=0.13 sys=0.00, real=0.02 secs] 
2020-09-29T18:04:01.097+0200: 79.278: [GC (Allocation Failure) 2020-09-29T18:04:01.097+0200: 79.278: [ParNew: 613440K->31444K(613440K), 0.0143119 secs] 633712K->51716K(2029056K), 0.0143684 secs] [Times: user=0.13 sys=0.00, real=0.02 secs] 
2020-09-29T18:04:01.166+0200: 79.346: [GC (Allocation Failure) 2020-09-29T18:04:01.166+0200: 79.346: [ParNew: 576788K->68096K(613440K), 0.0248932 secs] 597060K->88368K(2029056K), 0.0249676 secs] [Times: user=0.13 sys=0.00, real=0.03 secs] 
2020-09-29T18:04:01.241+0200: 79.422: [GC (Allocation Failure) 2020-09-29T18:04:01.241+0200: 79.422: [ParNew: 613440K->57047K(613440K), 0.0199337 secs] 633712K->77319K(2029056K), 0.0199933 secs] [Times: user=0.13 sys=0.00, real=0.02 secs] 
2020-09-29T18:04:01.309+0200: 79.489: [GC (Allocation Failure) 2020-09-29T18:04:01.309+0200: 79.489: [ParNew: 602391K->46849K(613440K), 0.0183697 secs] 622663K->67121K(2029056K), 0.0184363 secs] [Times: user=0.13 sys=0.00, real=0.02 secs] 
2020-09-29T18:04:01.377+0200: 79.557: [GC (Allocation Failure) 2020-09-29T18:04:01.377+0200: 79.557: [ParNew: 592193K->65034K(613440K), 0.0257849 secs] 612465K->85306K(2029056K), 0.0258742 secs] [Times: user=0.24 sys=0.00, real=0.02 secs] 
2020-09-29T18:04:01.452+0200: 79.632: [GC (Allocation Failure) 2020-09-29T18:04:01.452+0200: 79.633: [ParNew: 610378K->54069K(613440K), 0.0173746 secs] 630650K->74341K(2029056K), 0.0184950 secs] [Times: user=0.13 sys=0.00, real=0.02 secs] 
2020-09-29T18:04:01.524+0200: 79.705: [GC (Allocation Failure) 2020-09-29T18:04:01.524+0200: 79.705: [ParNew: 599413K->50512K(613440K), 0.0219250 secs] 619685K->70784K(2029056K), 0.0219848 secs] [Times: user=0.13 sys=0.00, real=0.02 secs] 
2020-09-29T18:04:01.596+0200: 79.777: [GC (Allocation Failure) 2020-09-29T18:04:01.596+0200: 79.777: [ParNew: 595856K->68096K(613440K), 0.0234229 secs] 616128K->88368K(2029056K), 0.0234785 secs] [Times: user=0.25 sys=0.00, real=0.02 secs] 
2020-09-29T18:04:01.669+0200: 79.849: [GC (Allocation Failure) 2020-09-29T18:04:01.669+0200: 79.849: [ParNew: 613440K->32395K(613440K), 0.0142281 secs] 633712K->52667K(2029056K), 0.0142979 secs] [Times: user=0.13 sys=0.00, real=0.01 secs] 
2020-09-29T18:04:01.735+0200: 79.915: [GC (Allocation Failure) 2020-09-29T18:04:01.735+0200: 79.915: [ParNew: 577739K->53088K(613440K), 0.0195098 secs] 598011K->73360K(2029056K), 0.0195721 secs] [Times: user=0.25 sys=0.00, real=0.02 secs] 
2020-09-29T18:04:01.803+0200: 79.983: [GC (Allocation Failure) 2020-09-29T18:04:01.803+0200: 79.983: [ParNew: 598432K->41692K(613440K), 0.0176420 secs] 618704K->61964K(2029056K), 0.0176986 secs] [Times: user=0.13 sys=0.00, real=0.02 secs] 
2020-09-29T18:04:01.870+0200: 80.050: [GC (Allocation Failure) 2020-09-29T18:04:01.870+0200: 80.050: [ParNew: 587036K->39347K(613440K), 0.0183224 secs] 607308K->59619K(2029056K), 0.0183942 secs] [Times: user=0.13 sys=0.00, real=0.02 secs] 
2020-09-29T18:04:01.940+0200: 80.120: [GC (Allocation Failure) 2020-09-29T18:04:01.940+0200: 80.120: [ParNew: 584691K->37646K(613440K), 0.0176720 secs] 604963K->57918K(2029056K), 0.0177480 secs] [Times: user=0.13 sys=0.00, real=0.02 secs] 
2020-09-29T18:04:02.005+0200: 80.186: [GC (Allocation Failure) 2020-09-29T18:04:02.005+0200: 80.186: [ParNew: 582990K->34099K(613440K), 0.0162816 secs] 603262K->54371K(2029056K), 0.0163519 secs] [Times: user=0.13 sys=0.00, real=0.02 secs] 
2020-09-29T18:04:02.070+0200: 80.250: [GC (Allocation Failure) 2020-09-29T18:04:02.071+0200: 80.251: [ParNew: 579443K->30903K(613440K), 0.0176499 secs] 599715K->51175K(2029056K), 0.0177319 secs] [Times: user=0.13 sys=0.00, real=0.02 secs] 
2020-09-29T18:04:02.141+0200: 80.322: [GC (Allocation Failure) 2020-09-29T18:04:02.141+0200: 80.322: [ParNew: 576247K->28357K(613440K), 0.0161883 secs] 596519K->48629K(2029056K), 0.0163212 secs] [Times: user=0.11 sys=0.00, real=0.02 secs] 
2020-09-29T18:04:02.214+0200: 80.394: [GC (Allocation Failure) 2020-09-29T18:04:02.214+0200: 80.394: [ParNew: 573701K->25532K(613440K), 0.0155687 secs] 593973K->45804K(2029056K), 0.0156514 secs] [Times: user=0.11 sys=0.00, real=0.02 secs] 
2020-09-29T18:04:02.282+0200: 80.463: [GC (Allocation Failure) 2020-09-29T18:04:02.282+0200: 80.463: [ParNew: 570876K->59076K(613440K), 0.0217223 secs] 591148K->79348K(2029056K), 0.0217801 secs] [Times: user=0.25 sys=0.00, real=0.02 secs] 
2020-09-29T18:04:02.354+0200: 80.535: [GC (Allocation Failure) 2020-09-29T18:04:02.354+0200: 80.535: [ParNew: 604420K->68096K(613440K), 0.0230008 secs] 624692K->88368K(2029056K), 0.0230701 secs] [Times: user=0.13 sys=0.00, real=0.02 secs] 
2020-09-29T18:04:02.424+0200: 80.605: [GC (Allocation Failure) 2020-09-29T18:04:02.424+0200: 80.605: [ParNew: 613440K->50830K(613440K), 0.0212918 secs] 633712K->71102K(2029056K), 0.0213600 secs] [Times: user=0.25 sys=0.00, real=0.02 secs] 
2020-09-29T18:04:02.493+0200: 80.674: [GC (Allocation Failure) 2020-09-29T18:04:02.493+0200: 80.674: [ParNew: 596174K->49102K(613440K), 0.0204064 secs] 616446K->69374K(2029056K), 0.0204836 secs] [Times: user=0.13 sys=0.00, real=0.02 secs] 
2020-09-29T18:04:02.568+0200: 80.749: [GC (Allocation Failure) 2020-09-29T18:04:02.568+0200: 80.749: [ParNew: 594446K->45909K(613440K), 0.0159038 secs] 614718K->66181K(2029056K), 0.0159628 secs] [Times: user=0.11 sys=0.00, real=0.02 secs] 
2020-09-29T18:04:02.633+0200: 80.814: [GC (Allocation Failure) 2020-09-29T18:04:02.633+0200: 80.814: [ParNew: 591253K->43426K(613440K), 0.0196133 secs] 611525K->63698K(2029056K), 0.0197035 secs] [Times: user=0.13 sys=0.00, real=0.02 secs] 
2020-09-29T18:04:02.703+0200: 80.884: [GC (Allocation Failure) 2020-09-29T18:04:02.703+0200: 80.884: [ParNew: 588770K->33511K(613440K), 0.0131673 secs] 609042K->53783K(2029056K), 0.0132268 secs] [Times: user=0.13 sys=0.00, real=0.01 secs] 
2020-09-29T18:04:02.765+0200: 80.946: [GC (Allocation Failure) 2020-09-29T18:04:02.765+0200: 80.946: [ParNew: 578855K->50168K(613440K), 0.0223963 secs] 599127K->70440K(2029056K), 0.0224832 secs] [Times: user=0.25 sys=0.00, real=0.02 secs] 
2020-09-29T18:04:02.835+0200: 81.015: [GC (Allocation Failure) 2020-09-29T18:04:02.835+0200: 81.015: [ParNew: 595512K->40236K(613440K), 0.0163297 secs] 615784K->60509K(2029056K), 0.0164204 secs] [Times: user=0.13 sys=0.00, real=0.02 secs] 
2020-09-29T18:04:02.903+0200: 81.083: [GC (Allocation Failure) 2020-09-29T18:04:02.903+0200: 81.083: [ParNew: 585580K->60026K(613440K), 0.0210437 secs] 605853K->80298K(2029056K), 0.0211003 secs] [Times: user=0.13 sys=0.00, real=0.02 secs] 
2020-09-29T18:04:02.975+0200: 81.156: [GC (Allocation Failure) 2020-09-29T18:04:02.975+0200: 81.156: [ParNew: 605370K->46647K(613440K), 0.0207708 secs] 625642K->66919K(2029056K), 0.0208504 secs] [Times: user=0.13 sys=0.00, real=0.02 secs] 
2020-09-29T18:04:03.044+0200: 81.225: [GC (Allocation Failure) 2020-09-29T18:04:03.044+0200: 81.225: [ParNew: 591991K->68096K(613440K), 0.0247797 secs] 612263K->88977K(2029056K), 0.0248689 secs] [Times: user=0.25 sys=0.00, real=0.03 secs] 
2020-09-29T18:04:03.116+0200: 81.297: [GC (Allocation Failure) 2020-09-29T18:04:03.116+0200: 81.297: [ParNew: 613440K->60447K(613440K), 0.0187607 secs] 634321K->81328K(2029056K), 0.0188144 secs] [Times: user=0.13 sys=0.00, real=0.02 secs] 
2020-09-29T18:04:03.187+0200: 81.367: [GC (Allocation Failure) 2020-09-29T18:04:03.187+0200: 81.367: [ParNew: 605791K->51737K(613440K), 0.0229637 secs] 626672K->72619K(2029056K), 0.0230251 secs] [Times: user=0.22 sys=0.00, real=0.02 secs] 
2020-09-29T18:04:03.260+0200: 81.440: [GC (Allocation Failure) 2020-09-29T18:04:03.260+0200: 81.441: [ParNew: 597081K->61426K(613440K), 0.0225344 secs] 617963K->82308K(2029056K), 0.0226015 secs] [Times: user=0.13 sys=0.00, real=0.02 secs] 
2020-09-29T18:04:03.331+0200: 81.511: [GC (Allocation Failure) 2020-09-29T18:04:03.331+0200: 81.511: [ParNew: 606770K->48716K(613440K), 0.0169145 secs] 627652K->69598K(2029056K), 0.0169815 secs] [Times: user=0.16 sys=0.00, real=0.02 secs] 
2020-09-29T18:04:03.395+0200: 81.576: [GC (Allocation Failure) 2020-09-29T18:04:03.395+0200: 81.576: [ParNew: 594060K->38735K(613440K), 0.0153016 secs] 614942K->59617K(2029056K), 0.0153572 secs] [Times: user=0.00 sys=0.00, real=0.02 secs] 
2020-09-29T18:04:03.457+0200: 81.638: [GC (Allocation Failure) 2020-09-29T18:04:03.457+0200: 81.638: [ParNew: 584079K->55457K(613440K), 0.0199575 secs] 604961K->76339K(2029056K), 0.0200140 secs] [Times: user=0.13 sys=0.00, real=0.02 secs] 
2020-09-29T18:04:03.523+0200: 81.704: [GC (Allocation Failure) 2020-09-29T18:04:03.524+0200: 81.704: [ParNew: 600801K->40989K(613440K), 0.0191000 secs] 621683K->61871K(2029056K), 0.0191991 secs] [Times: user=0.13 sys=0.00, real=0.02 secs] 
2020-09-29T18:04:03.592+0200: 81.773: [GC (Allocation Failure) 2020-09-29T18:04:03.592+0200: 81.773: [ParNew: 586333K->39521K(613440K), 0.0188547 secs] 607215K->60403K(2029056K), 0.0189132 secs] [Times: user=0.11 sys=0.00, real=0.02 secs] 
2020-09-29T18:04:03.662+0200: 81.842: [GC (Allocation Failure) 2020-09-29T18:04:03.662+0200: 81.843: [ParNew: 584865K->37134K(613440K), 0.0165402 secs] 605747K->58016K(2029056K), 0.0166054 secs] [Times: user=0.13 sys=0.00, real=0.02 secs] 
2020-09-29T18:04:03.726+0200: 81.907: [GC (Allocation Failure) 2020-09-29T18:04:03.726+0200: 81.907: [ParNew: 582478K->33890K(613440K), 0.0168522 secs] 603360K->54772K(2029056K), 0.0169134 secs] [Times: user=0.13 sys=0.00, real=0.02 secs] 
2020-09-29T18:04:03.790+0200: 81.971: [GC (Allocation Failure) 2020-09-29T18:04:03.790+0200: 81.971: [ParNew: 579234K->56553K(613440K), 0.0200345 secs] 600116K->77435K(2029056K), 0.0200963 secs] [Times: user=0.13 sys=0.00, real=0.02 secs] 
2020-09-29T18:04:03.857+0200: 82.038: [GC (Allocation Failure) 2020-09-29T18:04:03.857+0200: 82.038: [ParNew: 601897K->36883K(613440K), 0.0127334 secs] 622779K->57764K(2029056K), 0.0127918 secs] [Times: user=0.13 sys=0.00, real=0.01 secs] 
2020-09-29T18:04:03.917+0200: 82.098: [GC (Allocation Failure) 2020-09-29T18:04:03.917+0200: 82.098: [ParNew: 582227K->39011K(613440K), 0.0167874 secs] 603108K->59892K(2029056K), 0.0168436 secs] [Times: user=0.13 sys=0.00, real=0.02 secs] 
2020-09-29T18:04:03.986+0200: 82.166: [GC (Allocation Failure) 2020-09-29T18:04:03.986+0200: 82.166: [ParNew: 584355K->42816K(613440K), 0.0163272 secs] 605236K->63698K(2029056K), 0.0163853 secs] [Times: user=0.11 sys=0.00, real=0.02 secs] 
2020-09-29T18:04:04.051+0200: 82.232: [GC (Allocation Failure) 2020-09-29T18:04:04.051+0200: 82.232: [ParNew: 588160K->59915K(613440K), 0.0218287 secs] 609042K->80797K(2029056K), 0.0218969 secs] [Times: user=0.13 sys=0.00, real=0.02 secs] 
2020-09-29T18:04:04.124+0200: 82.305: [GC (Allocation Failure) 2020-09-29T18:04:04.125+0200: 82.305: [ParNew: 605259K->44944K(613440K), 0.0150404 secs] 626141K->65825K(2029056K), 0.0151110 secs] [Times: user=0.13 sys=0.00, real=0.02 secs] 
2020-09-29T18:04:04.192+0200: 82.372: [GC (Allocation Failure) 2020-09-29T18:04:04.192+0200: 82.372: [ParNew: 590288K->33879K(613440K), 0.0179839 secs] 611169K->54760K(2029056K), 0.0180680 secs] [Times: user=0.11 sys=0.00, real=0.02 secs] 
2020-09-29T18:04:04.261+0200: 82.442: [GC (Allocation Failure) 2020-09-29T18:04:04.261+0200: 82.442: [ParNew: 579223K->47909K(613440K), 0.0181622 secs] 600104K->68790K(2029056K), 0.0182411 secs] [Times: user=0.13 sys=0.00, real=0.02 secs] 
2020-09-29T18:04:04.329+0200: 82.510: [GC (Allocation Failure) 2020-09-29T18:04:04.329+0200: 82.510: [ParNew: 593253K->47720K(613440K), 0.0176092 secs] 614134K->68601K(2029056K), 0.0176716 secs] [Times: user=0.11 sys=0.00, real=0.02 secs] 
2020-09-29T18:04:04.394+0200: 82.575: [GC (Allocation Failure) 2020-09-29T18:04:04.394+0200: 82.575: [ParNew: 593064K->63624K(613440K), 0.0214641 secs] 613945K->84505K(2029056K), 0.0215241 secs] [Times: user=0.25 sys=0.00, real=0.02 secs] 
2020-09-29T18:04:04.469+0200: 82.650: [GC (Allocation Failure) 2020-09-29T18:04:04.469+0200: 82.650: [ParNew: 608968K->43394K(613440K), 0.0158635 secs] 629849K->64275K(2029056K), 0.0159632 secs] [Times: user=0.13 sys=0.00, real=0.02 secs] 
2020-09-29T18:04:04.539+0200: 82.720: [GC (Allocation Failure) 2020-09-29T18:04:04.539+0200: 82.720: [ParNew: 588738K->37973K(613440K), 0.0138965 secs] 609619K->58854K(2029056K), 0.0139557 secs] [Times: user=0.13 sys=0.00, real=0.01 secs] 
2020-09-29T18:04:04.607+0200: 82.788: [GC (Allocation Failure) 2020-09-29T18:04:04.607+0200: 82.788: [ParNew: 583317K->55653K(613440K), 0.0211806 secs] 604198K->76535K(2029056K), 0.0212454 secs] [Times: user=0.13 sys=0.00, real=0.02 secs] 
2020-09-29T18:04:04.676+0200: 82.857: [GC (Allocation Failure) 2020-09-29T18:04:04.676+0200: 82.857: [ParNew: 600997K->36907K(613440K), 0.0137828 secs] 621879K->57789K(2029056K), 0.0138487 secs] [Times: user=0.00 sys=0.00, real=0.01 secs] 
2020-09-29T18:04:04.739+0200: 82.920: [GC (Allocation Failure) 2020-09-29T18:04:04.739+0200: 82.920: [ParNew: 582251K->35777K(613440K), 0.0179840 secs] 603133K->56659K(2029056K), 0.0180432 secs] [Times: user=0.13 sys=0.00, real=0.02 secs] 
2020-09-29T18:04:04.805+0200: 82.985: [GC (Allocation Failure) 2020-09-29T18:04:04.805+0200: 82.985: [ParNew: 581121K->34066K(613440K), 0.0161106 secs] 602003K->54948K(2029056K), 0.0161670 secs] [Times: user=0.13 sys=0.00, real=0.02 secs] 
2020-09-29T18:04:04.870+0200: 83.051: [GC (Allocation Failure) 2020-09-29T18:04:04.870+0200: 83.051: [ParNew: 579410K->35185K(613440K), 0.0156912 secs] 600292K->56067K(2029056K), 0.0157634 secs] [Times: user=0.13 sys=0.00, real=0.02 secs] 
2020-09-29T18:04:04.933+0200: 83.114: [GC (Allocation Failure) 2020-09-29T18:04:04.933+0200: 83.114: [ParNew: 580529K->59180K(613440K), 0.0201449 secs] 601411K->80062K(2029056K), 0.0202038 secs] [Times: user=0.13 sys=0.00, real=0.02 secs] 
2020-09-29T18:04:05.001+0200: 83.182: [GC (Allocation Failure) 2020-09-29T18:04:05.001+0200: 83.182: [ParNew: 604524K->46193K(613440K), 0.0190488 secs] 625406K->67074K(2029056K), 0.0191048 secs] [Times: user=0.25 sys=0.00, real=0.02 secs] 
2020-09-29T18:04:05.071+0200: 83.252: [GC (Allocation Failure) 2020-09-29T18:04:05.071+0200: 83.252: [ParNew: 591537K->38110K(613440K), 0.0121799 secs] 612418K->58991K(2029056K), 0.0122341 secs] [Times: user=0.13 sys=0.00, real=0.01 secs] 
2020-09-29T18:04:05.132+0200: 83.313: [GC (Allocation Failure) 2020-09-29T18:04:05.132+0200: 83.313: [ParNew: 583454K->35383K(613440K), 0.0177833 secs] 604335K->56264K(2029056K), 0.0178526 secs] [Times: user=0.11 sys=0.00, real=0.02 secs] 
2020-09-29T18:04:05.203+0200: 83.384: [GC (Allocation Failure) 2020-09-29T18:04:05.203+0200: 83.384: [ParNew: 580727K->44765K(613440K), 0.0218396 secs] 601608K->65647K(2029056K), 0.0219177 secs] [Times: user=0.23 sys=0.00, real=0.02 secs] 
2020-09-29T18:04:05.275+0200: 83.455: [GC (Allocation Failure) 2020-09-29T18:04:05.275+0200: 83.455: [ParNew: 590109K->56925K(613440K), 0.0218363 secs] 610991K->77807K(2029056K), 0.0218917 secs] [Times: user=0.13 sys=0.00, real=0.02 secs] 
2020-09-29T18:04:05.349+0200: 83.530: [GC (Allocation Failure) 2020-09-29T18:04:05.349+0200: 83.530: [ParNew: 602269K->61099K(613440K), 0.0232595 secs] 623151K->81980K(2029056K), 0.0233399 secs] [Times: user=0.13 sys=0.00, real=0.02 secs] 
2020-09-29T18:04:05.425+0200: 83.605: [GC (Allocation Failure) 2020-09-29T18:04:05.425+0200: 83.605: [ParNew: 606443K->54576K(613440K), 0.0214233 secs] 627324K->75458K(2029056K), 0.0215044 secs] [Times: user=0.20 sys=0.00, real=0.02 secs] 
2020-09-29T18:04:05.495+0200: 83.675: [GC (Allocation Failure) 2020-09-29T18:04:05.495+0200: 83.675: [ParNew: 599920K->32901K(613440K), 0.0056351 secs] 620802K->53783K(2029056K), 0.0056949 secs] [Times: user=0.00 sys=0.00, real=0.01 secs] 
2020-09-29T18:04:05.555+0200: 83.735: [GC (Allocation Failure) 2020-09-29T18:04:05.555+0200: 83.735: [ParNew: 578245K->35157K(613440K), 0.0155427 secs] 599127K->56039K(2029056K), 0.0156296 secs] [Times: user=0.13 sys=0.00, real=0.02 secs] 
2020-09-29T18:04:05.624+0200: 83.804: [GC (Allocation Failure) 2020-09-29T18:04:05.624+0200: 83.804: [ParNew: 580501K->56426K(613440K), 0.0232612 secs] 601383K->77307K(2029056K), 0.0233487 secs] [Times: user=0.23 sys=0.00, real=0.02 secs] 
2020-09-29T18:04:05.696+0200: 83.876: [GC (Allocation Failure) 2020-09-29T18:04:05.696+0200: 83.876: [ParNew: 601770K->43354K(613440K), 0.0145333 secs] 622651K->64235K(2029056K), 0.0145886 secs] [Times: user=0.13 sys=0.00, real=0.01 secs] 
2020-09-29T18:04:05.759+0200: 83.939: [GC (Allocation Failure) 2020-09-29T18:04:05.759+0200: 83.939: [ParNew: 588698K->55349K(613440K), 0.0247408 secs] 609579K->76230K(2029056K), 0.0248230 secs] [Times: user=0.13 sys=0.00, real=0.02 secs] 
2020-09-29T18:04:05.831+0200: 84.011: [GC (Allocation Failure) 2020-09-29T18:04:05.831+0200: 84.011: [ParNew: 600693K->68096K(613440K), 0.0245623 secs] 621574K->89762K(2029056K), 0.0246184 secs] [Times: user=0.25 sys=0.00, real=0.02 secs] 
2020-09-29T18:04:05.903+0200: 84.083: [GC (Allocation Failure) 2020-09-29T18:04:05.903+0200: 84.083: [ParNew: 613440K->49077K(613440K), 0.0122872 secs] 635106K->70744K(2029056K), 0.0123472 secs] [Times: user=0.13 sys=0.00, real=0.01 secs] 
2020-09-29T18:04:05.976+0200: 84.156: [GC (Allocation Failure) 2020-09-29T18:04:05.976+0200: 84.156: [ParNew: 594421K->51736K(613440K), 0.0226162 secs] 616088K->73403K(2029056K), 0.0226767 secs] [Times: user=0.13 sys=0.00, real=0.02 secs] 
2020-09-29T18:04:06.047+0200: 84.227: [GC (Allocation Failure) 2020-09-29T18:04:06.047+0200: 84.227: [ParNew: 597080K->34336K(613440K), 0.0108356 secs] 618747K->56003K(2029056K), 0.0108934 secs] [Times: user=0.13 sys=0.00, real=0.01 secs] 
2020-09-29T18:04:06.108+0200: 84.288: [GC (Allocation Failure) 2020-09-29T18:04:06.108+0200: 84.288: [ParNew: 579680K->50518K(613440K), 0.0206408 secs] 601347K->72185K(2029056K), 0.0206934 secs] [Times: user=0.13 sys=0.00, real=0.02 secs] 
2020-09-29T18:04:06.176+0200: 84.356: [GC (Allocation Failure) 2020-09-29T18:04:06.176+0200: 84.357: [ParNew: 595862K->39118K(613440K), 0.0152200 secs] 617529K->60784K(2029056K), 0.0152982 secs] [Times: user=0.02 sys=0.02, real=0.02 secs] 
2020-09-29T18:04:06.243+0200: 84.423: [GC (Allocation Failure) 2020-09-29T18:04:06.243+0200: 84.423: [ParNew: 584462K->29255K(613440K), 0.0138873 secs] 606128K->50922K(2029056K), 0.0139529 secs] [Times: user=0.13 sys=0.00, real=0.01 secs] 
2020-09-29T18:04:06.307+0200: 84.487: [GC (Allocation Failure) 2020-09-29T18:04:06.307+0200: 84.487: [ParNew: 574599K->45734K(613440K), 0.0177390 secs] 596266K->67401K(2029056K), 0.0177957 secs] [Times: user=0.13 sys=0.00, real=0.02 secs] 
2020-09-29T18:04:06.376+0200: 84.556: [GC (Allocation Failure) 2020-09-29T18:04:06.376+0200: 84.556: [ParNew: 591078K->35162K(613440K), 0.0122411 secs] 612745K->56828K(2029056K), 0.0123102 secs] [Times: user=0.13 sys=0.00, real=0.01 secs] 
2020-09-29T18:04:06.441+0200: 84.621: [GC (Allocation Failure) 2020-09-29T18:04:06.441+0200: 84.621: [ParNew: 580506K->37266K(613440K), 0.0160649 secs] 602172K->58932K(2029056K), 0.0161534 secs] [Times: user=0.13 sys=0.00, real=0.02 secs] 
2020-09-29T18:04:06.510+0200: 84.690: [GC (Allocation Failure) 2020-09-29T18:04:06.510+0200: 84.690: [ParNew: 582610K->47155K(613440K), 0.0170944 secs] 604276K->68822K(2029056K), 0.0171721 secs] [Times: user=0.13 sys=0.00, real=0.02 secs] 
2020-09-29T18:04:06.579+0200: 84.759: [GC (Allocation Failure) 2020-09-29T18:04:06.579+0200: 84.759: [ParNew: 592499K->35285K(613440K), 0.0158057 secs] 614166K->56951K(2029056K), 0.0158720 secs] [Times: user=0.11 sys=0.00, real=0.02 secs] 
2020-09-29T18:04:06.655+0200: 84.835: [GC (Allocation Failure) 2020-09-29T18:04:06.655+0200: 84.835: [ParNew: 580629K->56146K(613440K), 0.0201755 secs] 602295K->77812K(2029056K), 0.0202515 secs] [Times: user=0.13 sys=0.00, real=0.02 secs] 
2020-09-29T18:04:06.723+0200: 84.903: [GC (Allocation Failure) 2020-09-29T18:04:06.723+0200: 84.903: [ParNew: 601490K->58903K(613440K), 0.0198053 secs] 623156K->80570K(2029056K), 0.0198620 secs] [Times: user=0.25 sys=0.00, real=0.02 secs] 
2020-09-29T18:04:06.791+0200: 84.971: [GC (Allocation Failure) 2020-09-29T18:04:06.791+0200: 84.971: [ParNew: 604247K->40417K(613440K), 0.0121229 secs] 625914K->62084K(2029056K), 0.0121817 secs] [Times: user=0.13 sys=0.00, real=0.01 secs] 
2020-09-29T18:04:06.853+0200: 85.033: [GC (Allocation Failure) 2020-09-29T18:04:06.853+0200: 85.033: [ParNew: 585761K->40322K(613440K), 0.0174683 secs] 607428K->61988K(2029056K), 0.0175257 secs] [Times: user=0.13 sys=0.00, real=0.02 secs] 
2020-09-29T18:04:06.922+0200: 85.102: [GC (Allocation Failure) 2020-09-29T18:04:06.922+0200: 85.102: [ParNew: 585666K->57197K(613440K), 0.0225383 secs] 607332K->78864K(2029056K), 0.0226108 secs] [Times: user=0.25 sys=0.00, real=0.02 secs] 
2020-09-29T18:04:06.993+0200: 85.173: [GC (Allocation Failure) 2020-09-29T18:04:06.993+0200: 85.173: [ParNew: 602541K->39681K(613440K), 0.0093151 secs] 624208K->61348K(2029056K), 0.0093752 secs] [Times: user=0.00 sys=0.00, real=0.01 secs] 
2020-09-29T18:04:07.052+0200: 85.232: [GC (Allocation Failure) 2020-09-29T18:04:07.052+0200: 85.232: [ParNew: 585025K->33155K(613440K), 0.0131794 secs] 606692K->54822K(2029056K), 0.0132418 secs] [Times: user=0.00 sys=0.00, real=0.01 secs] 
2020-09-29T18:04:07.121+0200: 85.301: [GC (Allocation Failure) 2020-09-29T18:04:07.121+0200: 85.301: [ParNew: 578499K->25725K(613440K), 0.0135376 secs] 600166K->47392K(2029056K), 0.0135948 secs] [Times: user=0.13 sys=0.00, real=0.01 secs] 
2020-09-29T18:04:07.182+0200: 85.362: [GC (Allocation Failure) 2020-09-29T18:04:07.182+0200: 85.362: [ParNew: 571069K->41428K(613440K), 0.0218683 secs] 592736K->63095K(2029056K), 0.0219465 secs] [Times: user=0.11 sys=0.00, real=0.02 secs] 
2020-09-29T18:04:07.252+0200: 85.432: [GC (Allocation Failure) 2020-09-29T18:04:07.252+0200: 85.432: [ParNew: 586772K->48810K(613440K), 0.0176443 secs] 608439K->70477K(2029056K), 0.0177071 secs] [Times: user=0.25 sys=0.00, real=0.02 secs] 
2020-09-29T18:04:07.319+0200: 85.499: [GC (Allocation Failure) 2020-09-29T18:04:07.319+0200: 85.499: [ParNew: 594154K->62766K(613440K), 0.0211079 secs] 615821K->84433K(2029056K), 0.0211749 secs] [Times: user=0.13 sys=0.00, real=0.02 secs] 
2020-09-29T18:04:07.389+0200: 85.569: [GC (Allocation Failure) 2020-09-29T18:04:07.389+0200: 85.569: [ParNew: 608110K->48169K(613440K), 0.0153280 secs] 629777K->69836K(2029056K), 0.0154083 secs] [Times: user=0.13 sys=0.00, real=0.02 secs] 
2020-09-29T18:04:07.452+0200: 85.632: [GC (Allocation Failure) 2020-09-29T18:04:07.452+0200: 85.632: [ParNew: 593513K->42848K(613440K), 0.0208549 secs] 615180K->64514K(2029056K), 0.0209329 secs] [Times: user=0.13 sys=0.00, real=0.02 secs] 
2020-09-29T18:04:07.519+0200: 85.699: [GC (Allocation Failure) 2020-09-29T18:04:07.519+0200: 85.699: [ParNew: 588192K->36350K(613440K), 0.0129444 secs] 609858K->58017K(2029056K), 0.0129992 secs] [Times: user=0.13 sys=0.00, real=0.01 secs] 
2020-09-29T18:04:07.591+0200: 85.771: [GC (Allocation Failure) 2020-09-29T18:04:07.591+0200: 85.771: [ParNew: 581694K->40290K(613440K), 0.0171538 secs] 603361K->61956K(2029056K), 0.0172235 secs] [Times: user=0.13 sys=0.00, real=0.02 secs] 
2020-09-29T18:04:07.662+0200: 85.842: [GC (Allocation Failure) 2020-09-29T18:04:07.662+0200: 85.842: [ParNew: 585634K->48654K(613440K), 0.0163835 secs] 607300K->70321K(2029056K), 0.0164444 secs] [Times: user=0.13 sys=0.00, real=0.02 secs] 
2020-09-29T18:04:07.731+0200: 85.912: [GC (Allocation Failure) 2020-09-29T18:04:07.732+0200: 85.912: [ParNew: 593998K->62151K(613440K), 0.0233547 secs] 615665K->83818K(2029056K), 0.0234221 secs] [Times: user=0.25 sys=0.00, real=0.02 secs] 
2020-09-29T18:04:07.803+0200: 85.983: [GC (Allocation Failure) 2020-09-29T18:04:07.803+0200: 85.983: [ParNew: 607495K->46918K(613440K), 0.0214833 secs] 629162K->68585K(2029056K), 0.0215472 secs] [Times: user=0.13 sys=0.00, real=0.02 secs] 
2020-09-29T18:04:07.873+0200: 86.053: [GC (Allocation Failure) 2020-09-29T18:04:07.873+0200: 86.053: [ParNew: 592262K->51385K(613440K), 0.0201848 secs] 613929K->73052K(2029056K), 0.0202442 secs] [Times: user=0.13 sys=0.00, real=0.02 secs] 
2020-09-29T18:04:07.944+0200: 86.124: [GC (Allocation Failure) 2020-09-29T18:04:07.944+0200: 86.124: [ParNew: 596729K->45419K(613440K), 0.0193748 secs] 618396K->67086K(2029056K), 0.0194365 secs] [Times: user=0.13 sys=0.00, real=0.02 secs] 
2020-09-29T18:04:08.011+0200: 86.191: [GC (Allocation Failure) 2020-09-29T18:04:08.011+0200: 86.191: [ParNew: 590763K->45142K(613440K), 0.0185367 secs] 612430K->66809K(2029056K), 0.0186026 secs] [Times: user=0.13 sys=0.00, real=0.02 secs] 
2020-09-29T18:04:08.077+0200: 86.257: [GC (Allocation Failure) 2020-09-29T18:04:08.077+0200: 86.257: [ParNew: 590486K->68096K(613440K), 0.0226066 secs] 612153K->89762K(2029056K), 0.0226860 secs] [Times: user=0.25 sys=0.00, real=0.02 secs] 
2020-09-29T18:04:08.148+0200: 86.328: [GC (Allocation Failure) 2020-09-29T18:04:08.148+0200: 86.328: [ParNew: 613440K->55813K(613440K), 0.0216651 secs] 635106K->77480K(2029056K), 0.0217207 secs] [Times: user=0.13 sys=0.00, real=0.02 secs] 
2020-09-29T18:04:08.223+0200: 86.403: [GC (Allocation Failure) 2020-09-29T18:04:08.223+0200: 86.403: [ParNew: 601157K->46525K(613440K), 0.0115312 secs] 622824K->68192K(2029056K), 0.0115900 secs] [Times: user=0.00 sys=0.00, real=0.01 secs] 
2020-09-29T18:04:08.293+0200: 86.473: [GC (Allocation Failure) 2020-09-29T18:04:08.293+0200: 86.473: [ParNew: 591869K->33319K(613440K), 0.0155265 secs] 613536K->54986K(2029056K), 0.0155948 secs] [Times: user=0.13 sys=0.00, real=0.02 secs] 
2020-09-29T18:04:08.355+0200: 86.536: [GC (Allocation Failure) 2020-09-29T18:04:08.355+0200: 86.536: [ParNew: 578663K->22862K(613440K), 0.0088755 secs] 600330K->44529K(2029056K), 0.0089303 secs] [Times: user=0.13 sys=0.00, real=0.01 secs] 
2020-09-29T18:04:08.413+0200: 86.593: [GC (Allocation Failure) 2020-09-29T18:04:08.413+0200: 86.593: [ParNew: 568206K->25085K(613440K), 0.0141692 secs] 589873K->46751K(2029056K), 0.0142403 secs] [Times: user=0.13 sys=0.00, real=0.01 secs] 
2020-09-29T18:04:08.476+0200: 86.656: [GC (Allocation Failure) 2020-09-29T18:04:08.476+0200: 86.656: [ParNew: 570429K->31791K(613440K), 0.0126364 secs] 592095K->53458K(2029056K), 0.0127080 secs] [Times: user=0.00 sys=0.00, real=0.01 secs] 
2020-09-29T18:04:08.546+0200: 86.726: [GC (Allocation Failure) 2020-09-29T18:04:08.546+0200: 86.726: [ParNew: 577135K->25169K(613440K), 0.0136778 secs] 598802K->46835K(2029056K), 0.0137363 secs] [Times: user=0.13 sys=0.00, real=0.01 secs] 
2020-09-29T18:04:08.611+0200: 86.791: [GC (Allocation Failure) 2020-09-29T18:04:08.611+0200: 86.791: [ParNew: 570513K->40886K(613440K), 0.0183343 secs] 592179K->62553K(2029056K), 0.0183941 secs] [Times: user=0.13 sys=0.00, real=0.02 secs] 
2020-09-29T18:04:08.689+0200: 86.869: [GC (Allocation Failure) 2020-09-29T18:04:08.689+0200: 86.869: [ParNew: 586230K->51107K(613440K), 0.0231854 secs] 607897K->72774K(2029056K), 0.0232488 secs] [Times: user=0.25 sys=0.00, real=0.02 secs] 
2020-09-29T18:04:08.760+0200: 86.940: [GC (Allocation Failure) 2020-09-29T18:04:08.760+0200: 86.940: [ParNew: 596451K->46790K(613440K), 0.0162852 secs] 618118K->68457K(2029056K), 0.0163613 secs] [Times: user=0.13 sys=0.00, real=0.02 secs] 
2020-09-29T18:04:08.827+0200: 87.007: [GC (Allocation Failure) 2020-09-29T18:04:08.827+0200: 87.007: [ParNew: 592134K->37649K(613440K), 0.0154353 secs] 613801K->59316K(2029056K), 0.0155240 secs] [Times: user=0.13 sys=0.00, real=0.02 secs] 
2020-09-29T18:04:08.888+0200: 87.068: [GC (Allocation Failure) 2020-09-29T18:04:08.888+0200: 87.068: [ParNew: 582993K->28758K(613440K), 0.0140770 secs] 604660K->50425K(2029056K), 0.0141340 secs] [Times: user=0.13 sys=0.00, real=0.01 secs] 
2020-09-29T18:04:08.948+0200: 87.128: [GC (Allocation Failure) 2020-09-29T18:04:08.948+0200: 87.128: [ParNew: 574102K->26484K(613440K), 0.0130163 secs] 595769K->48151K(2029056K), 0.0130852 secs] [Times: user=0.13 sys=0.00, real=0.01 secs] 
2020-09-29T18:04:09.012+0200: 87.192: [GC (Allocation Failure) 2020-09-29T18:04:09.012+0200: 87.192: [ParNew: 571828K->25389K(613440K), 0.0112506 secs] 593495K->47056K(2029056K), 0.0113205 secs] [Times: user=0.13 sys=0.00, real=0.01 secs] 
2020-09-29T18:04:09.073+0200: 87.253: [GC (Allocation Failure) 2020-09-29T18:04:09.073+0200: 87.253: [ParNew: 570733K->41219K(613440K), 0.0171308 secs] 592400K->62886K(2029056K), 0.0171901 secs] [Times: user=0.13 sys=0.00, real=0.02 secs] 
2020-09-29T18:04:09.137+0200: 87.317: [GC (Allocation Failure) 2020-09-29T18:04:09.137+0200: 87.317: [ParNew: 586563K->60029K(613440K), 0.0219742 secs] 608230K->81695K(2029056K), 0.0220290 secs] [Times: user=0.13 sys=0.00, real=0.02 secs] 
2020-09-29T18:04:09.209+0200: 87.389: [GC (Allocation Failure) 2020-09-29T18:04:09.209+0200: 87.389: [ParNew: 605373K->48100K(613440K), 0.0178221 secs] 627039K->69767K(2029056K), 0.0179016 secs] [Times: user=0.13 sys=0.00, real=0.02 secs] 
2020-09-29T18:04:09.274+0200: 87.454: [GC (Allocation Failure) 2020-09-29T18:04:09.274+0200: 87.454: [ParNew: 593444K->41293K(613440K), 0.0152595 secs] 615111K->62960K(2029056K), 0.0153161 secs] [Times: user=0.13 sys=0.00, real=0.02 secs] 
2020-09-29T18:04:09.337+0200: 87.517: [GC (Allocation Failure) 2020-09-29T18:04:09.337+0200: 87.517: [ParNew: 586637K->42106K(613440K), 0.0199479 secs] 608304K->63773K(2029056K), 0.0200081 secs] [Times: user=0.13 sys=0.00, real=0.02 secs] 
2020-09-29T18:04:09.403+0200: 87.583: [GC (Allocation Failure) 2020-09-29T18:04:09.403+0200: 87.583: [ParNew: 587450K->57646K(613440K), 0.0193874 secs] 609117K->79313K(2029056K), 0.0194482 secs] [Times: user=0.13 sys=0.00, real=0.02 secs] 
2020-09-29T18:04:09.470+0200: 87.650: [GC (Allocation Failure) 2020-09-29T18:04:09.470+0200: 87.650: [ParNew: 602990K->37442K(613440K), 0.0137829 secs] 624657K->59109K(2029056K), 0.0138387 secs] [Times: user=0.13 sys=0.00, real=0.01 secs] 
2020-09-29T18:04:09.531+0200: 87.711: [GC (Allocation Failure) 2020-09-29T18:04:09.531+0200: 87.711: [ParNew: 582786K->21847K(613440K), 0.0121338 secs] 604453K->43514K(2029056K), 0.0122242 secs] [Times: user=0.13 sys=0.00, real=0.01 secs] 
2020-09-29T18:04:09.590+0200: 87.770: [GC (Allocation Failure) 2020-09-29T18:04:09.590+0200: 87.770: [ParNew: 567191K->19499K(613440K), 0.0109719 secs] 588858K->41165K(2029056K), 0.0110319 secs] [Times: user=0.13 sys=0.00, real=0.01 secs] 
2020-09-29T18:04:09.654+0200: 87.835: [GC (Allocation Failure) 2020-09-29T18:04:09.654+0200: 87.835: [ParNew: 564843K->30834K(613440K), 0.0154121 secs] 586509K->52501K(2029056K), 0.0154675 secs] [Times: user=0.13 sys=0.00, real=0.02 secs] 
2020-09-29T18:04:09.718+0200: 87.898: [GC (Allocation Failure) 2020-09-29T18:04:09.718+0200: 87.898: [ParNew: 576178K->23301K(613440K), 0.0096931 secs] 597845K->44967K(2029056K), 0.0097501 secs] [Times: user=0.13 sys=0.00, real=0.01 secs] 
2020-09-29T18:04:09.776+0200: 87.956: [GC (Allocation Failure) 2020-09-29T18:04:09.776+0200: 87.956: [ParNew: 568645K->30799K(613440K), 0.0140438 secs] 590311K->52466K(2029056K), 0.0141259 secs] [Times: user=0.13 sys=0.00, real=0.01 secs] 
2020-09-29T18:04:09.839+0200: 88.019: [GC (Allocation Failure) 2020-09-29T18:04:09.839+0200: 88.019: [ParNew: 576143K->33806K(613440K), 0.0139202 secs] 597810K->55473K(2029056K), 0.0139786 secs] [Times: user=0.13 sys=0.00, real=0.01 secs] 
2020-09-29T18:04:09.898+0200: 88.078: [GC (Allocation Failure) 2020-09-29T18:04:09.898+0200: 88.078: [ParNew: 579150K->37169K(613440K), 0.0178215 secs] 600817K->58835K(2029056K), 0.0179246 secs] [Times: user=0.13 sys=0.00, real=0.02 secs] 
2020-09-29T18:04:09.962+0200: 88.142: [GC (Allocation Failure) 2020-09-29T18:04:09.962+0200: 88.142: [ParNew: 582513K->48309K(613440K), 0.0180452 secs] 604179K->69976K(2029056K), 0.0181158 secs] [Times: user=0.13 sys=0.00, real=0.02 secs] 
2020-09-29T18:04:10.026+0200: 88.206: [GC (Allocation Failure) 2020-09-29T18:04:10.026+0200: 88.206: [ParNew: 593653K->33886K(613440K), 0.0176782 secs] 615320K->55552K(2029056K), 0.0177330 secs] [Times: user=0.13 sys=0.00, real=0.02 secs] 
2020-09-29T18:04:10.093+0200: 88.273: [GC (Allocation Failure) 2020-09-29T18:04:10.093+0200: 88.273: [ParNew: 579230K->33827K(613440K), 0.0148975 secs] 600896K->55494K(2029056K), 0.0149773 secs] [Times: user=0.13 sys=0.00, real=0.02 secs] 
2020-09-29T18:04:10.154+0200: 88.334: [GC (Allocation Failure) 2020-09-29T18:04:10.154+0200: 88.334: [ParNew: 579171K->31866K(613440K), 0.0131114 secs] 600838K->53533K(2029056K), 0.0131912 secs] [Times: user=0.13 sys=0.00, real=0.01 secs] 
2020-09-29T18:04:10.229+0200: 88.409: [GC (Allocation Failure) 2020-09-29T18:04:10.229+0200: 88.409: [ParNew: 577210K->24024K(613440K), 0.0150462 secs] 598877K->45691K(2029056K), 0.0151219 secs] [Times: user=0.13 sys=0.00, real=0.01 secs] 
2020-09-29T18:04:10.293+0200: 88.473: [GC (Allocation Failure) 2020-09-29T18:04:10.293+0200: 88.473: [ParNew: 569368K->45613K(613440K), 0.0179923 secs] 591035K->67280K(2029056K), 0.0180556 secs] [Times: user=0.13 sys=0.00, real=0.02 secs] 
2020-09-29T18:04:10.356+0200: 88.536: [GC (Allocation Failure) 2020-09-29T18:04:10.356+0200: 88.536: [ParNew: 590957K->31523K(613440K), 0.0110436 secs] 612624K->53189K(2029056K), 0.0111217 secs] [Times: user=0.13 sys=0.00, real=0.01 secs] 
2020-09-29T18:04:10.416+0200: 88.596: [GC (Allocation Failure) 2020-09-29T18:04:10.416+0200: 88.596: [ParNew: 576867K->30714K(613440K), 0.0155598 secs] 598533K->52380K(2029056K), 0.0156253 secs] [Times: user=0.13 sys=0.00, real=0.02 secs] 
2020-09-29T18:04:10.491+0200: 88.672: [GC (Allocation Failure) 2020-09-29T18:04:10.491+0200: 88.672: [ParNew: 576058K->35606K(613440K), 0.0156895 secs] 597724K->57273K(2029056K), 0.0157671 secs] [Times: user=0.13 sys=0.00, real=0.02 secs] 
2020-09-29T18:04:10.556+0200: 88.736: [GC (Allocation Failure) 2020-09-29T18:04:10.556+0200: 88.736: [ParNew: 580950K->26924K(613440K), 0.0140426 secs] 602617K->48590K(2029056K), 0.0141563 secs] [Times: user=0.13 sys=0.00, real=0.01 secs] 
2020-09-29T18:04:10.619+0200: 88.799: [GC (Allocation Failure) 2020-09-29T18:04:10.619+0200: 88.799: [ParNew: 572268K->25302K(613440K), 0.0140462 secs] 593934K->46969K(2029056K), 0.0141457 secs] [Times: user=0.13 sys=0.00, real=0.01 secs] 
2020-09-29T18:04:10.683+0200: 88.863: [GC (Allocation Failure) 2020-09-29T18:04:10.683+0200: 88.863: [ParNew: 570646K->45317K(613440K), 0.0181345 secs] 592313K->66983K(2029056K), 0.0182078 secs] [Times: user=0.13 sys=0.00, real=0.02 secs] 
2020-09-29T18:04:10.748+0200: 88.928: [GC (Allocation Failure) 2020-09-29T18:04:10.748+0200: 88.928: [ParNew: 590661K->34064K(613440K), 0.0169358 secs] 612327K->55731K(2029056K), 0.0169949 secs] [Times: user=0.13 sys=0.00, real=0.02 secs] 
2020-09-29T18:04:10.810+0200: 88.990: [GC (Allocation Failure) 2020-09-29T18:04:10.810+0200: 88.990: [ParNew: 579408K->32838K(613440K), 0.0115693 secs] 601075K->54505K(2029056K), 0.0116396 secs] [Times: user=0.13 sys=0.00, real=0.01 secs] 
2020-09-29T18:04:10.867+0200: 89.047: [GC (Allocation Failure) 2020-09-29T18:04:10.867+0200: 89.047: [ParNew: 578182K->18015K(613440K), 0.0094110 secs] 599849K->39682K(2029056K), 0.0094827 secs] [Times: user=0.00 sys=0.00, real=0.01 secs] 
2020-09-29T18:04:10.937+0200: 89.117: [GC (Allocation Failure) 2020-09-29T18:04:10.937+0200: 89.117: [ParNew: 563359K->32481K(613440K), 0.0163417 secs] 585026K->54148K(2029056K), 0.0164141 secs] [Times: user=0.13 sys=0.00, real=0.02 secs] 
2020-09-29T18:04:11.000+0200: 89.180: [GC (Allocation Failure) 2020-09-29T18:04:11.000+0200: 89.180: [ParNew: 577825K->20691K(613440K), 0.0088599 secs] 599492K->42358K(2029056K), 0.0089162 secs] [Times: user=0.13 sys=0.00, real=0.01 secs] 
2020-09-29T18:04:11.062+0200: 89.242: [GC (Allocation Failure) 2020-09-29T18:04:11.062+0200: 89.242: [ParNew: 566035K->23427K(613440K), 0.0142842 secs] 587702K->45094K(2029056K), 0.0143619 secs] [Times: user=0.13 sys=0.00, real=0.01 secs] 
2020-09-29T18:04:11.123+0200: 89.303: [GC (Allocation Failure) 2020-09-29T18:04:11.123+0200: 89.303: [ParNew: 568771K->20437K(613440K), 0.0134033 secs] 590438K->42104K(2029056K), 0.0134607 secs] [Times: user=0.13 sys=0.00, real=0.01 secs] 
2020-09-29T18:04:11.186+0200: 89.366: [GC (Allocation Failure) 2020-09-29T18:04:11.186+0200: 89.366: [ParNew: 565781K->26713K(613440K), 0.0143432 secs] 587448K->48380K(2029056K), 0.0144131 secs] [Times: user=0.11 sys=0.00, real=0.02 secs] 
2020-09-29T18:04:11.250+0200: 89.430: [GC (Allocation Failure) 2020-09-29T18:04:11.250+0200: 89.430: [ParNew: 572057K->35969K(613440K), 0.0174079 secs] 593724K->57635K(2029056K), 0.0174941 secs] [Times: user=0.13 sys=0.00, real=0.02 secs] 
2020-09-29T18:04:11.311+0200: 89.491: [GC (Allocation Failure) 2020-09-29T18:04:11.311+0200: 89.491: [ParNew: 581313K->44284K(613440K), 0.0162058 secs] 602979K->65951K(2029056K), 0.0162641 secs] [Times: user=0.13 sys=0.00, real=0.02 secs] 
2020-09-29T18:04:11.372+0200: 89.552: [GC (Allocation Failure) 2020-09-29T18:04:11.372+0200: 89.552: [ParNew: 589628K->30391K(613440K), 0.0152182 secs] 611295K->52057K(2029056K), 0.0153044 secs] [Times: user=0.13 sys=0.00, real=0.02 secs] 
2020-09-29T18:04:11.439+0200: 89.619: [GC (Allocation Failure) 2020-09-29T18:04:11.439+0200: 89.619: [ParNew: 575735K->25164K(613440K), 0.0110949 secs] 597401K->46831K(2029056K), 0.0111603 secs] [Times: user=0.11 sys=0.00, real=0.01 secs] 
2020-09-29T18:04:11.508+0200: 89.688: [GC (Allocation Failure) 2020-09-29T18:04:11.508+0200: 89.688: [ParNew: 570508K->29027K(613440K), 0.0145428 secs] 592175K->50694K(2029056K), 0.0146163 secs] [Times: user=0.13 sys=0.00, real=0.01 secs] 
2020-09-29T18:04:11.570+0200: 89.750: [GC (Allocation Failure) 2020-09-29T18:04:11.570+0200: 89.750: [ParNew: 574371K->16991K(613440K), 0.0072605 secs] 596038K->38657K(2029056K), 0.0073197 secs] [Times: user=0.00 sys=0.00, real=0.01 secs] 
2020-09-29T18:04:11.629+0200: 89.810: [GC (Allocation Failure) 2020-09-29T18:04:11.630+0200: 89.810: [ParNew: 562335K->35961K(613440K), 0.0184110 secs] 584001K->57628K(2029056K), 0.0185054 secs] [Times: user=0.13 sys=0.02, real=0.02 secs] 
2020-09-29T18:04:11.695+0200: 89.875: [GC (Allocation Failure) 2020-09-29T18:04:11.695+0200: 89.875: [ParNew: 581305K->28338K(613440K), 0.0107757 secs] 602972K->50005K(2029056K), 0.0108785 secs] [Times: user=0.00 sys=0.00, real=0.01 secs] 
2020-09-29T18:04:11.753+0200: 89.933: [GC (Allocation Failure) 2020-09-29T18:04:11.753+0200: 89.933: [ParNew: 573682K->38075K(613440K), 0.0164778 secs] 595349K->59741K(2029056K), 0.0165352 secs] [Times: user=0.13 sys=0.00, real=0.02 secs] 
2020-09-29T18:04:11.819+0200: 89.999: [GC (Allocation Failure) 2020-09-29T18:04:11.819+0200: 89.999: [ParNew: 582378K->22893K(613440K), 0.0112918 secs] 604044K->44559K(2029056K), 0.0113460 secs] [Times: user=0.00 sys=0.00, real=0.01 secs] 
2020-09-29T18:04:11.876+0200: 90.056: [GC (Allocation Failure) 2020-09-29T18:04:11.876+0200: 90.056: [ParNew: 568237K->31985K(613440K), 0.0146574 secs] 589903K->53651K(2029056K), 0.0147129 secs] [Times: user=0.13 sys=0.00, real=0.02 secs] 
2020-09-29T18:04:11.936+0200: 90.116: [GC (Allocation Failure) 2020-09-29T18:04:11.936+0200: 90.116: [ParNew: 577329K->22936K(613440K), 0.0084606 secs] 598995K->44603K(2029056K), 0.0085191 secs] [Times: user=0.13 sys=0.00, real=0.01 secs] 
2020-09-29T18:04:11.993+0200: 90.174: [GC (Allocation Failure) 2020-09-29T18:04:11.993+0200: 90.174: [ParNew: 568280K->24657K(613440K), 0.0159496 secs] 589947K->46324K(2029056K), 0.0160116 secs] [Times: user=0.13 sys=0.00, real=0.02 secs] 
2020-09-29T18:04:12.058+0200: 90.238: [GC (Allocation Failure) 2020-09-29T18:04:12.058+0200: 90.238: [ParNew: 570001K->26220K(613440K), 0.0127972 secs] 591668K->47887K(2029056K), 0.0128530 secs] [Times: user=0.13 sys=0.00, real=0.01 secs] 
2020-09-29T18:04:12.116+0200: 90.296: [GC (Allocation Failure) 2020-09-29T18:04:12.116+0200: 90.297: [ParNew: 571564K->34811K(613440K), 0.0177403 secs] 593231K->56478K(2029056K), 0.0177970 secs] [Times: user=0.13 sys=0.00, real=0.02 secs] 
2020-09-29T18:04:12.185+0200: 90.366: [GC (Allocation Failure) 2020-09-29T18:04:12.185+0200: 90.366: [ParNew: 580155K->14661K(613440K), 0.0051791 secs] 601822K->36327K(2029056K), 0.0052330 secs] [Times: user=0.00 sys=0.00, real=0.01 secs] 
2020-09-29T18:04:12.253+0200: 90.433: [GC (Allocation Failure) 2020-09-29T18:04:12.253+0200: 90.433: [ParNew: 560005K->16453K(613440K), 0.0117852 secs] 581671K->38120K(2029056K), 0.0118434 secs] [Times: user=0.13 sys=0.00, real=0.01 secs] 
2020-09-29T18:04:12.315+0200: 90.495: [GC (Allocation Failure) 2020-09-29T18:04:12.315+0200: 90.495: [ParNew: 561797K->20566K(613440K), 0.0115544 secs] 583464K->42233K(2029056K), 0.0116835 secs] [Times: user=0.13 sys=0.00, real=0.01 secs] 
2020-09-29T18:04:12.372+0200: 90.552: [GC (Allocation Failure) 2020-09-29T18:04:12.372+0200: 90.552: [ParNew: 565910K->28293K(613440K), 0.0158834 secs] 587577K->49959K(2029056K), 0.0159398 secs] [Times: user=0.13 sys=0.00, real=0.02 secs] 
2020-09-29T18:04:12.435+0200: 90.616: [GC (Allocation Failure) 2020-09-29T18:04:12.435+0200: 90.616: [ParNew: 573637K->38193K(613440K), 0.0163613 secs] 595303K->59860K(2029056K), 0.0164208 secs] [Times: user=0.13 sys=0.00, real=0.02 secs] 
2020-09-29T18:04:12.502+0200: 90.683: [GC (Allocation Failure) 2020-09-29T18:04:12.502+0200: 90.683: [ParNew: 583537K->26897K(613440K), 0.0157763 secs] 605204K->48564K(2029056K), 0.0158332 secs] [Times: user=0.13 sys=0.00, real=0.02 secs] 
2020-09-29T18:04:12.567+0200: 90.747: [GC (Allocation Failure) 2020-09-29T18:04:12.567+0200: 90.747: [ParNew: 572241K->30133K(613440K), 0.0141542 secs] 593908K->51800K(2029056K), 0.0142299 secs] [Times: user=0.13 sys=0.00, real=0.01 secs] 
2020-09-29T18:04:12.630+0200: 90.810: [GC (Allocation Failure) 2020-09-29T18:04:12.630+0200: 90.810: [ParNew: 575477K->18168K(613440K), 0.0061585 secs] 597144K->39835K(2029056K), 0.0062163 secs] [Times: user=0.00 sys=0.00, real=0.01 secs] 
2020-09-29T18:04:12.692+0200: 90.871: [GC (Allocation Failure) 2020-09-29T18:04:12.692+0200: 90.871: [ParNew: 563512K->19219K(613440K), 0.0128779 secs] 585179K->40885K(2029056K), 0.0129343 secs] [Times: user=0.13 sys=0.00, real=0.01 secs] 
2020-09-29T18:04:12.759+0200: 90.938: [GC (Allocation Failure) 2020-09-29T18:04:12.759+0200: 90.938: [ParNew: 564563K->21212K(613440K), 0.0123068 secs] 586229K->42878K(2029056K), 0.0123806 secs] [Times: user=0.13 sys=0.00, real=0.01 secs] 
2020-09-29T18:04:12.832+0200: 91.012: [GC (Allocation Failure) 2020-09-29T18:04:12.832+0200: 91.012: [ParNew: 566556K->14791K(613440K), 0.0109312 secs] 588222K->36457K(2029056K), 0.0109893 secs] [Times: user=0.13 sys=0.00, real=0.01 secs] 
2020-09-29T18:04:12.893+0200: 91.073: [GC (Allocation Failure) 2020-09-29T18:04:12.893+0200: 91.073: [ParNew: 560135K->13698K(613440K), 0.0096677 secs] 581801K->35365K(2029056K), 0.0097251 secs] [Times: user=0.13 sys=0.00, real=0.01 secs] 
2020-09-29T18:04:12.961+0200: 91.141: [GC (Allocation Failure) 2020-09-29T18:04:12.961+0200: 91.141: [ParNew: 559042K->12197K(613440K), 0.0084495 secs] 580709K->33864K(2029056K), 0.0085086 secs] [Times: user=0.00 sys=0.00, real=0.01 secs] 
2020-09-29T18:04:13.021+0200: 91.201: [GC (Allocation Failure) 2020-09-29T18:04:13.021+0200: 91.201: [ParNew: 557541K->8184K(613440K), 0.0080842 secs] 579208K->29851K(2029056K), 0.0081459 secs] [Times: user=0.00 sys=0.00, real=0.01 secs] 
2020-09-29T18:04:13.078+0200: 91.258: [GC (Allocation Failure) 2020-09-29T18:04:13.078+0200: 91.258: [ParNew: 553528K->21401K(613440K), 0.0134315 secs] 575195K->43068K(2029056K), 0.0135132 secs] [Times: user=0.13 sys=0.00, real=0.01 secs] 
2020-09-29T18:04:13.138+0200: 91.318: [GC (Allocation Failure) 2020-09-29T18:04:13.138+0200: 91.318: [ParNew: 566745K->28975K(613440K), 0.0123980 secs] 588412K->50642K(2029056K), 0.0124581 secs] [Times: user=0.13 sys=0.00, real=0.01 secs] 
2020-09-29T18:04:13.203+0200: 91.383: [GC (Allocation Failure) 2020-09-29T18:04:13.204+0200: 91.383: [ParNew: 574319K->20261K(613440K), 0.0146943 secs] 595986K->41928K(2029056K), 0.0147588 secs] [Times: user=0.11 sys=0.00, real=0.01 secs] 
2020-09-29T18:04:13.297+0200: 91.477: [GC (Allocation Failure) 2020-09-29T18:04:13.297+0200: 91.477: [ParNew: 565605K->13743K(613440K), 0.0113069 secs] 587272K->35410K(2029056K), 0.0113646 secs] [Times: user=0.13 sys=0.00, real=0.01 secs] 
Heap
 par new generation   total 613440K, used 80012K [0x0000000080000000, 0x00000000a9990000, 0x00000000a9990000)
  eden space 545344K,  12% used [0x0000000080000000, 0x00000000840b7408, 0x00000000a1490000)
  from space 68096K,  20% used [0x00000000a5710000, 0x00000000a647bdd0, 0x00000000a9990000)
  to   space 68096K,   0% used [0x00000000a1490000, 0x00000000a1490000, 0x00000000a5710000)
 concurrent mark-sweep generation total 1415616K, used 21666K [0x00000000a9990000, 0x0000000100000000, 0x0000000100000000)
 Metaspace       used 2594K, capacity 4486K, committed 4864K, reserved 1056768K
  class space    used 285K, capacity 386K, committed 512K, reserved 1048576K
