Java HotSpot(TM) 64-Bit Server VM (25.261-b12) for windows-amd64 JRE (1.8.0_261-b12), built on Jun 18 2020 06:56:32 by "" with unknown MS VC++:1916
Memory: 4k page, physical 16659684k(9586436k free), swap 23213284k(9183168k free)
CommandLine flags: -XX:InitialHeapSize=2147483648 -XX:MaxHeapSize=2147483648 -XX:MaxNewSize=697933824 -XX:MaxTenuringThreshold=6 -XX:NewSize=697933824 -XX:OldPLABSize=16 -XX:OldSize=1395867648 -XX:+PrintGC -XX:+PrintGCDateStamps -XX:+PrintGCDetails -XX:+PrintGCTimeStamps -XX:+UseCompressedClassPointers -XX:+UseCompressedOops -XX:+UseConcMarkSweepGC -XX:-UseLargePagesIndividualAllocation -XX:+UseParNewGC 
2020-09-29T18:14:47.037+0200: 0.262: [GC (Allocation Failure) 2020-09-29T18:14:47.037+0200: 0.262: [ParNew: 545344K->44723K(613440K), 0.0425645 secs] 545344K->44723K(2029056K), 0.0427122 secs] [Times: user=0.20 sys=0.05, real=0.04 secs] 
2020-09-29T18:14:47.128+0200: 0.354: [GC (Allocation Failure) 2020-09-29T18:14:47.128+0200: 0.354: [ParNew: 590067K->51699K(613440K), 0.0298676 secs] 590067K->52091K(2029056K), 0.0299294 secs] [Times: user=0.17 sys=0.00, real=0.03 secs] 
2020-09-29T18:14:47.208+0200: 0.433: [GC (Allocation Failure) 2020-09-29T18:14:47.208+0200: 0.433: [ParNew: 597043K->42612K(613440K), 0.0162626 secs] 597435K->43004K(2029056K), 0.0163172 secs] [Times: user=0.13 sys=0.00, real=0.02 secs] 
2020-09-29T18:14:47.275+0200: 0.500: [GC (Allocation Failure) 2020-09-29T18:14:47.275+0200: 0.500: [ParNew: 587956K->44431K(613440K), 0.0202879 secs] 588348K->44823K(2029056K), 0.0203415 secs] [Times: user=0.13 sys=0.00, real=0.02 secs] 
2020-09-29T18:14:47.345+0200: 0.571: [GC (Allocation Failure) 2020-09-29T18:14:47.345+0200: 0.571: [ParNew: 589775K->47906K(613440K), 0.0184332 secs] 590167K->48298K(2029056K), 0.0184932 secs] [Times: user=0.25 sys=0.00, real=0.02 secs] 
2020-09-29T18:14:47.413+0200: 0.639: [GC (Allocation Failure) 2020-09-29T18:14:47.413+0200: 0.639: [ParNew: 593250K->34872K(613440K), 0.0130941 secs] 593642K->35265K(2029056K), 0.0131493 secs] [Times: user=0.13 sys=0.00, real=0.01 secs] 
2020-09-29T18:14:47.473+0200: 0.699: [GC (Allocation Failure) 2020-09-29T18:14:47.473+0200: 0.699: [ParNew: 580216K->34559K(613440K), 0.0180241 secs] 580609K->34951K(2029056K), 0.0180875 secs] [Times: user=0.13 sys=0.00, real=0.02 secs] 
2020-09-29T18:14:47.544+0200: 0.770: [GC (Allocation Failure) 2020-09-29T18:14:47.544+0200: 0.770: [ParNew: 579903K->24814K(613440K), 0.0107426 secs] 580295K->25206K(2029056K), 0.0107982 secs] [Times: user=0.13 sys=0.00, real=0.01 secs] 
2020-09-29T18:14:47.610+0200: 0.836: [GC (Allocation Failure) 2020-09-29T18:14:47.610+0200: 0.836: [ParNew: 570158K->26569K(613440K), 0.0147103 secs] 570550K->26961K(2029056K), 0.0147686 secs] [Times: user=0.11 sys=0.00, real=0.02 secs] 
2020-09-29T18:14:47.676+0200: 0.902: [GC (Allocation Failure) 2020-09-29T18:14:47.676+0200: 0.902: [ParNew: 571913K->52292K(613440K), 0.0249093 secs] 572305K->52685K(2029056K), 0.0249644 secs] [Times: user=0.13 sys=0.00, real=0.02 secs] 
2020-09-29T18:14:47.751+0200: 0.976: [GC (Allocation Failure) 2020-09-29T18:14:47.751+0200: 0.976: [ParNew: 597636K->45207K(613440K), 0.0181785 secs] 598029K->45599K(2029056K), 0.0182469 secs] [Times: user=0.11 sys=0.00, real=0.02 secs] 
2020-09-29T18:14:47.820+0200: 1.045: [GC (Allocation Failure) 2020-09-29T18:14:47.820+0200: 1.045: [ParNew: 590551K->35474K(613440K), 0.0140198 secs] 590943K->35867K(2029056K), 0.0141047 secs] [Times: user=0.13 sys=0.00, real=0.01 secs] 
2020-09-29T18:14:47.891+0200: 1.116: [GC (Allocation Failure) 2020-09-29T18:14:47.891+0200: 1.117: [ParNew: 580818K->34952K(613440K), 0.0168628 secs] 581211K->35345K(2029056K), 0.0169267 secs] [Times: user=0.13 sys=0.00, real=0.02 secs] 
2020-09-29T18:14:47.958+0200: 1.184: [GC (Allocation Failure) 2020-09-29T18:14:47.958+0200: 1.184: [ParNew: 580296K->48908K(613440K), 0.0254334 secs] 580689K->49300K(2029056K), 0.0255253 secs] [Times: user=0.13 sys=0.00, real=0.03 secs] 
2020-09-29T18:14:48.033+0200: 1.259: [GC (Allocation Failure) 2020-09-29T18:14:48.033+0200: 1.259: [ParNew: 594252K->54953K(613440K), 0.0232761 secs] 594644K->55346K(2029056K), 0.0234271 secs] [Times: user=0.25 sys=0.00, real=0.02 secs] 
2020-09-29T18:14:48.106+0200: 1.331: [GC (Allocation Failure) 2020-09-29T18:14:48.106+0200: 1.331: [ParNew: 600297K->38117K(613440K), 0.0135204 secs] 600690K->38509K(2029056K), 0.0135808 secs] [Times: user=0.13 sys=0.00, real=0.01 secs] 
2020-09-29T18:14:48.168+0200: 1.394: [GC (Allocation Failure) 2020-09-29T18:14:48.168+0200: 1.394: [ParNew: 583461K->53892K(613440K), 0.0228976 secs] 583853K->54284K(2029056K), 0.0229630 secs] [Times: user=0.13 sys=0.00, real=0.02 secs] 
2020-09-29T18:14:48.240+0200: 1.465: [GC (Allocation Failure) 2020-09-29T18:14:48.240+0200: 1.465: [ParNew: 599236K->68096K(613440K), 0.0227980 secs] 599628K->68488K(2029056K), 0.0228618 secs] [Times: user=0.13 sys=0.00, real=0.02 secs] 
2020-09-29T18:14:48.311+0200: 1.536: [GC (Allocation Failure) 2020-09-29T18:14:48.311+0200: 1.536: [ParNew: 613440K->43641K(613440K), 0.0158914 secs] 613832K->44034K(2029056K), 0.0159506 secs] [Times: user=0.13 sys=0.00, real=0.02 secs] 
2020-09-29T18:14:48.375+0200: 1.600: [GC (Allocation Failure) 2020-09-29T18:14:48.375+0200: 1.600: [ParNew: 588985K->45283K(613440K), 0.0196885 secs] 589378K->45676K(2029056K), 0.0197724 secs] [Times: user=0.14 sys=0.01, real=0.02 secs] 
2020-09-29T18:14:48.444+0200: 1.669: [GC (Allocation Failure) 2020-09-29T18:14:48.444+0200: 1.669: [ParNew: 590627K->54953K(613440K), 0.0208896 secs] 591020K->55346K(2029056K), 0.0209682 secs] [Times: user=0.13 sys=0.00, real=0.02 secs] 
2020-09-29T18:14:48.512+0200: 1.738: [GC (Allocation Failure) 2020-09-29T18:14:48.512+0200: 1.738: [ParNew: 600297K->40594K(613440K), 0.0201024 secs] 600690K->40986K(2029056K), 0.0201628 secs] [Times: user=0.13 sys=0.00, real=0.02 secs] 
2020-09-29T18:14:48.581+0200: 1.806: [GC (Allocation Failure) 2020-09-29T18:14:48.581+0200: 1.806: [ParNew: 585938K->40154K(613440K), 0.0179277 secs] 586330K->40546K(2029056K), 0.0180023 secs] [Times: user=0.23 sys=0.00, real=0.02 secs] 
2020-09-29T18:14:48.659+0200: 1.884: [GC (Allocation Failure) 2020-09-29T18:14:48.659+0200: 1.884: [ParNew: 585498K->38553K(613440K), 0.0167002 secs] 585890K->38945K(2029056K), 0.0167617 secs] [Times: user=0.13 sys=0.00, real=0.02 secs] 
2020-09-29T18:14:48.724+0200: 1.950: [GC (Allocation Failure) 2020-09-29T18:14:48.724+0200: 1.950: [ParNew: 583897K->61559K(613440K), 0.0223090 secs] 584289K->61951K(2029056K), 0.0223676 secs] [Times: user=0.13 sys=0.00, real=0.02 secs] 
2020-09-29T18:14:48.799+0200: 2.024: [GC (Allocation Failure) 2020-09-29T18:14:48.799+0200: 2.025: [ParNew: 606903K->64610K(613440K), 0.0221685 secs] 607295K->65003K(2029056K), 0.0222278 secs] [Times: user=0.25 sys=0.00, real=0.02 secs] 
2020-09-29T18:14:48.868+0200: 2.094: [GC (Allocation Failure) 2020-09-29T18:14:48.868+0200: 2.094: [ParNew: 609954K->51923K(613440K), 0.0207515 secs] 610347K->52316K(2029056K), 0.0208068 secs] [Times: user=0.13 sys=0.00, real=0.02 secs] 
2020-09-29T18:14:48.936+0200: 2.162: [GC (Allocation Failure) 2020-09-29T18:14:48.936+0200: 2.162: [ParNew: 597267K->48156K(613440K), 0.0192081 secs] 597660K->48548K(2029056K), 0.0192818 secs] [Times: user=0.13 sys=0.00, real=0.02 secs] 
2020-09-29T18:14:49.002+0200: 2.228: [GC (Allocation Failure) 2020-09-29T18:14:49.002+0200: 2.228: [ParNew: 593500K->43606K(613440K), 0.0181511 secs] 593892K->43998K(2029056K), 0.0182288 secs] [Times: user=0.25 sys=0.00, real=0.02 secs] 
2020-09-29T18:14:49.069+0200: 2.295: [GC (Allocation Failure) 2020-09-29T18:14:49.069+0200: 2.295: [ParNew: 588950K->61488K(613440K), 0.0241632 secs] 589342K->61881K(2029056K), 0.0242317 secs] [Times: user=0.13 sys=0.00, real=0.03 secs] 
2020-09-29T18:14:49.143+0200: 2.368: [GC (Allocation Failure) 2020-09-29T18:14:49.143+0200: 2.369: [ParNew: 606832K->53563K(613440K), 0.0226233 secs] 607225K->53956K(2029056K), 0.0226816 secs] [Times: user=0.24 sys=0.02, real=0.02 secs] 
2020-09-29T18:14:49.215+0200: 2.440: [GC (Allocation Failure) 2020-09-29T18:14:49.215+0200: 2.440: [ParNew: 598907K->49403K(613440K), 0.0223180 secs] 599300K->49795K(2029056K), 0.0224231 secs] [Times: user=0.13 sys=0.00, real=0.02 secs] 
2020-09-29T18:14:49.283+0200: 2.509: [GC (Allocation Failure) 2020-09-29T18:14:49.283+0200: 2.509: [ParNew: 594747K->47529K(613440K), 0.0214994 secs] 595139K->47921K(2029056K), 0.0215650 secs] [Times: user=0.25 sys=0.00, real=0.02 secs] 
2020-09-29T18:14:49.352+0200: 2.578: [GC (Allocation Failure) 2020-09-29T18:14:49.352+0200: 2.578: [ParNew: 592873K->48202K(613440K), 0.0197851 secs] 593265K->48595K(2029056K), 0.0198369 secs] [Times: user=0.13 sys=0.00, real=0.02 secs] 
2020-09-29T18:14:49.424+0200: 2.650: [GC (Allocation Failure) 2020-09-29T18:14:49.425+0200: 2.650: [ParNew: 593546K->39837K(613440K), 0.0204432 secs] 593939K->40230K(2029056K), 0.0205149 secs] [Times: user=0.25 sys=0.00, real=0.02 secs] 
2020-09-29T18:14:49.494+0200: 2.719: [GC (Allocation Failure) 2020-09-29T18:14:49.494+0200: 2.719: [ParNew: 585181K->41321K(613440K), 0.0185204 secs] 585574K->41713K(2029056K), 0.0185776 secs] [Times: user=0.13 sys=0.00, real=0.02 secs] 
2020-09-29T18:14:49.566+0200: 2.792: [GC (Allocation Failure) 2020-09-29T18:14:49.567+0200: 2.792: [ParNew: 586665K->61965K(613440K), 0.0232094 secs] 587057K->62357K(2029056K), 0.0233014 secs] [Times: user=0.14 sys=0.00, real=0.02 secs] 
2020-09-29T18:14:49.639+0200: 2.865: [GC (Allocation Failure) 2020-09-29T18:14:49.639+0200: 2.865: [ParNew: 607309K->51638K(613440K), 0.0230579 secs] 607701K->52030K(2029056K), 0.0231652 secs] [Times: user=0.23 sys=0.00, real=0.02 secs] 
2020-09-29T18:14:49.710+0200: 2.935: [GC (Allocation Failure) 2020-09-29T18:14:49.710+0200: 2.935: [ParNew: 596982K->46563K(613440K), 0.0146222 secs] 597374K->46956K(2029056K), 0.0146924 secs] [Times: user=0.13 sys=0.00, real=0.01 secs] 
2020-09-29T18:14:49.772+0200: 2.998: [GC (Allocation Failure) 2020-09-29T18:14:49.772+0200: 2.998: [ParNew: 591907K->44171K(613440K), 0.0213381 secs] 592300K->44564K(2029056K), 0.0214097 secs] [Times: user=0.13 sys=0.00, real=0.02 secs] 
2020-09-29T18:14:49.842+0200: 3.067: [GC (Allocation Failure) 2020-09-29T18:14:49.842+0200: 3.067: [ParNew: 589515K->53297K(613440K), 0.0200139 secs] 589908K->53690K(2029056K), 0.0200772 secs] [Times: user=0.13 sys=0.00, real=0.02 secs] 
2020-09-29T18:14:49.909+0200: 3.134: [GC (Allocation Failure) 2020-09-29T18:14:49.909+0200: 3.134: [ParNew: 598641K->68096K(613440K), 0.0243317 secs] 599034K->68488K(2029056K), 0.0244072 secs] [Times: user=0.25 sys=0.00, real=0.02 secs] 
2020-09-29T18:14:49.980+0200: 3.206: [GC (Allocation Failure) 2020-09-29T18:14:49.981+0200: 3.206: [ParNew: 613440K->58917K(613440K), 0.0239901 secs] 613832K->59309K(2029056K), 0.0240626 secs] [Times: user=0.14 sys=0.00, real=0.03 secs] 
2020-09-29T18:14:50.051+0200: 3.277: [GC (Allocation Failure) 2020-09-29T18:14:50.052+0200: 3.277: [ParNew: 604261K->51753K(613440K), 0.0216590 secs] 604653K->52146K(2029056K), 0.0217281 secs] [Times: user=0.14 sys=0.00, real=0.02 secs] 
2020-09-29T18:14:50.123+0200: 3.348: [GC (Allocation Failure) 2020-09-29T18:14:50.123+0200: 3.348: [ParNew: 597097K->50048K(613440K), 0.0170918 secs] 597490K->50440K(2029056K), 0.0171642 secs] [Times: user=0.13 sys=0.00, real=0.02 secs] 
2020-09-29T18:14:50.188+0200: 3.413: [GC (Allocation Failure) 2020-09-29T18:14:50.188+0200: 3.413: [ParNew: 595392K->30998K(613440K), 0.0144100 secs] 595784K->31391K(2029056K), 0.0144656 secs] [Times: user=0.13 sys=0.00, real=0.01 secs] 
2020-09-29T18:14:50.255+0200: 3.480: [GC (Allocation Failure) 2020-09-29T18:14:50.255+0200: 3.480: [ParNew: 576342K->46444K(613440K), 0.0210883 secs] 576735K->46837K(2029056K), 0.0211650 secs] [Times: user=0.13 sys=0.00, real=0.02 secs] 
2020-09-29T18:14:50.326+0200: 3.552: [GC (Allocation Failure) 2020-09-29T18:14:50.326+0200: 3.552: [ParNew: 591788K->39828K(613440K), 0.0219479 secs] 592181K->40221K(2029056K), 0.0220492 secs] [Times: user=0.25 sys=0.00, real=0.02 secs] 
2020-09-29T18:14:50.399+0200: 3.625: [GC (Allocation Failure) 2020-09-29T18:14:50.400+0200: 3.625: [ParNew: 585172K->39106K(613440K), 0.0134257 secs] 585565K->39499K(2029056K), 0.0135135 secs] [Times: user=0.13 sys=0.00, real=0.01 secs] 
2020-09-29T18:14:50.464+0200: 3.689: [GC (Allocation Failure) 2020-09-29T18:14:50.464+0200: 3.689: [ParNew: 584450K->49032K(613440K), 0.0247508 secs] 584843K->49424K(2029056K), 0.0248074 secs] [Times: user=0.13 sys=0.00, real=0.02 secs] 
2020-09-29T18:14:50.536+0200: 3.761: [GC (Allocation Failure) 2020-09-29T18:14:50.536+0200: 3.761: [ParNew: 594376K->36065K(613440K), 0.0092092 secs] 594768K->36457K(2029056K), 0.0092632 secs] [Times: user=0.00 sys=0.00, real=0.01 secs] 
2020-09-29T18:14:50.603+0200: 3.828: [GC (Allocation Failure) 2020-09-29T18:14:50.603+0200: 3.828: [ParNew: 581409K->46278K(613440K), 0.0208635 secs] 581801K->46670K(2029056K), 0.0209167 secs] [Times: user=0.13 sys=0.00, real=0.02 secs] 
2020-09-29T18:14:50.672+0200: 3.898: [GC (Allocation Failure) 2020-09-29T18:14:50.672+0200: 3.898: [ParNew: 591622K->59114K(613440K), 0.0203237 secs] 592014K->59506K(2029056K), 0.0203855 secs] [Times: user=0.25 sys=0.00, real=0.02 secs] 
2020-09-29T18:14:50.742+0200: 3.967: [GC (Allocation Failure) 2020-09-29T18:14:50.742+0200: 3.967: [ParNew: 604458K->38292K(613440K), 0.0135347 secs] 604850K->38685K(2029056K), 0.0135937 secs] [Times: user=0.13 sys=0.00, real=0.01 secs] 
2020-09-29T18:14:50.809+0200: 4.034: [GC (Allocation Failure) 2020-09-29T18:14:50.809+0200: 4.034: [ParNew: 583636K->35768K(613440K), 0.0179382 secs] 584029K->36161K(2029056K), 0.0179948 secs] [Times: user=0.13 sys=0.00, real=0.02 secs] 
2020-09-29T18:14:50.881+0200: 4.106: [GC (Allocation Failure) 2020-09-29T18:14:50.881+0200: 4.106: [ParNew: 581112K->40428K(613440K), 0.0168043 secs] 581505K->40821K(2029056K), 0.0168720 secs] [Times: user=0.13 sys=0.00, real=0.02 secs] 
2020-09-29T18:14:50.952+0200: 4.177: [GC (Allocation Failure) 2020-09-29T18:14:50.952+0200: 4.177: [ParNew: 585772K->54020K(613440K), 0.0214705 secs] 586165K->54413K(2029056K), 0.0215452 secs] [Times: user=0.25 sys=0.00, real=0.02 secs] 
2020-09-29T18:14:51.020+0200: 4.246: [GC (Allocation Failure) 2020-09-29T18:14:51.020+0200: 4.246: [ParNew: 599364K->59348K(613440K), 0.0210064 secs] 599757K->59741K(2029056K), 0.0212073 secs] [Times: user=0.13 sys=0.00, real=0.02 secs] 
2020-09-29T18:14:51.093+0200: 4.319: [GC (Allocation Failure) 2020-09-29T18:14:51.093+0200: 4.319: [ParNew: 604692K->47175K(613440K), 0.0208752 secs] 605085K->47567K(2029056K), 0.0209490 secs] [Times: user=0.25 sys=0.00, real=0.02 secs] 
2020-09-29T18:14:51.165+0200: 4.390: [GC (Allocation Failure) 2020-09-29T18:14:51.165+0200: 4.390: [ParNew: 592519K->45353K(613440K), 0.0220878 secs] 592911K->45745K(2029056K), 0.0221465 secs] [Times: user=0.11 sys=0.00, real=0.02 secs] 
2020-09-29T18:14:51.237+0200: 4.462: [GC (Allocation Failure) 2020-09-29T18:14:51.237+0200: 4.463: [ParNew: 590697K->49324K(613440K), 0.0199724 secs] 591089K->49717K(2029056K), 0.0200778 secs] [Times: user=0.19 sys=0.00, real=0.02 secs] 
2020-09-29T18:14:51.306+0200: 4.532: [GC (Allocation Failure) 2020-09-29T18:14:51.306+0200: 4.532: [ParNew: 594668K->42411K(613440K), 0.0177116 secs] 595061K->42803K(2029056K), 0.0177650 secs] [Times: user=0.13 sys=0.00, real=0.02 secs] 
2020-09-29T18:14:51.372+0200: 4.597: [GC (Allocation Failure) 2020-09-29T18:14:51.372+0200: 4.597: [ParNew: 587755K->29934K(613440K), 0.0103611 secs] 588147K->30326K(2029056K), 0.0104241 secs] [Times: user=0.13 sys=0.00, real=0.01 secs] 
2020-09-29T18:14:51.438+0200: 4.664: [GC (Allocation Failure) 2020-09-29T18:14:51.438+0200: 4.664: [ParNew: 575278K->47400K(613440K), 0.0220575 secs] 575670K->47793K(2029056K), 0.0221157 secs] [Times: user=0.25 sys=0.00, real=0.02 secs] 
2020-09-29T18:14:51.507+0200: 4.733: [GC (Allocation Failure) 2020-09-29T18:14:51.507+0200: 4.733: [ParNew: 592744K->36964K(613440K), 0.0137336 secs] 593137K->37356K(2029056K), 0.0138164 secs] [Times: user=0.13 sys=0.00, real=0.01 secs] 
2020-09-29T18:14:51.575+0200: 4.801: [GC (Allocation Failure) 2020-09-29T18:14:51.575+0200: 4.801: [ParNew: 582308K->57368K(613440K), 0.0254164 secs] 582700K->57761K(2029056K), 0.0254955 secs] [Times: user=0.25 sys=0.00, real=0.03 secs] 
2020-09-29T18:14:51.652+0200: 4.877: [GC (Allocation Failure) 2020-09-29T18:14:51.652+0200: 4.877: [ParNew: 602712K->68096K(613440K), 0.0246765 secs] 603105K->68488K(2029056K), 0.0247478 secs] [Times: user=0.25 sys=0.00, real=0.03 secs] 
2020-09-29T18:14:51.724+0200: 4.949: [GC (Allocation Failure) 2020-09-29T18:14:51.724+0200: 4.949: [ParNew: 613440K->53877K(613440K), 0.0171484 secs] 613832K->54269K(2029056K), 0.0172151 secs] [Times: user=0.13 sys=0.00, real=0.02 secs] 
2020-09-29T18:14:51.790+0200: 5.015: [GC (Allocation Failure) 2020-09-29T18:14:51.790+0200: 5.015: [ParNew: 599221K->45024K(613440K), 0.0167051 secs] 599613K->45416K(2029056K), 0.0167846 secs] [Times: user=0.13 sys=0.00, real=0.02 secs] 
2020-09-29T18:14:51.856+0200: 5.081: [GC (Allocation Failure) 2020-09-29T18:14:51.856+0200: 5.081: [ParNew: 590368K->55507K(613440K), 0.0243030 secs] 590760K->55899K(2029056K), 0.0244127 secs] [Times: user=0.25 sys=0.00, real=0.03 secs] 
2020-09-29T18:14:51.927+0200: 5.152: [GC (Allocation Failure) 2020-09-29T18:14:51.927+0200: 5.152: [ParNew: 600851K->37989K(613440K), 0.0162515 secs] 601243K->38381K(2029056K), 0.0163379 secs] [Times: user=0.13 sys=0.00, real=0.02 secs] 
2020-09-29T18:14:51.994+0200: 5.219: [GC (Allocation Failure) 2020-09-29T18:14:51.994+0200: 5.219: [ParNew: 583333K->37047K(613440K), 0.0200613 secs] 583725K->37440K(2029056K), 0.0201143 secs] [Times: user=0.13 sys=0.00, real=0.02 secs] 
2020-09-29T18:14:52.064+0200: 5.290: [GC (Allocation Failure) 2020-09-29T18:14:52.064+0200: 5.290: [ParNew: 582391K->46324K(613440K), 0.0179362 secs] 582784K->46716K(2029056K), 0.0179932 secs] [Times: user=0.13 sys=0.00, real=0.02 secs] 
2020-09-29T18:14:52.133+0200: 5.358: [GC (Allocation Failure) 2020-09-29T18:14:52.133+0200: 5.358: [ParNew: 591668K->64301K(613440K), 0.0230531 secs] 592060K->64694K(2029056K), 0.0231227 secs] [Times: user=0.13 sys=0.00, real=0.02 secs] 
2020-09-29T18:14:52.205+0200: 5.430: [GC (Allocation Failure) 2020-09-29T18:14:52.205+0200: 5.430: [ParNew: 609645K->54558K(613440K), 0.0238427 secs] 610038K->54950K(2029056K), 0.0239070 secs] [Times: user=0.23 sys=0.00, real=0.02 secs] 
2020-09-29T18:14:52.277+0200: 5.502: [GC (Allocation Failure) 2020-09-29T18:14:52.277+0200: 5.502: [ParNew: 599902K->52762K(613440K), 0.0207897 secs] 600294K->53154K(2029056K), 0.0208549 secs] [Times: user=0.13 sys=0.00, real=0.02 secs] 
2020-09-29T18:14:52.347+0200: 5.572: [GC (Allocation Failure) 2020-09-29T18:14:52.347+0200: 5.572: [ParNew: 598106K->43427K(613440K), 0.0141548 secs] 598498K->43820K(2029056K), 0.0142151 secs] [Times: user=0.13 sys=0.00, real=0.01 secs] 
2020-09-29T18:14:52.414+0200: 5.639: [GC (Allocation Failure) 2020-09-29T18:14:52.414+0200: 5.639: [ParNew: 588771K->25304K(613440K), 0.0120868 secs] 589164K->25696K(2029056K), 0.0121428 secs] [Times: user=0.00 sys=0.00, real=0.01 secs] 
2020-09-29T18:14:52.474+0200: 5.700: [GC (Allocation Failure) 2020-09-29T18:14:52.474+0200: 5.700: [ParNew: 570648K->38838K(613440K), 0.0195281 secs] 571040K->39230K(2029056K), 0.0195841 secs] [Times: user=0.13 sys=0.00, real=0.02 secs] 
2020-09-29T18:14:52.553+0200: 5.778: [GC (Allocation Failure) 2020-09-29T18:14:52.553+0200: 5.778: [ParNew: 584182K->58450K(613440K), 0.0268517 secs] 584574K->58843K(2029056K), 0.0269443 secs] [Times: user=0.13 sys=0.00, real=0.03 secs] 
2020-09-29T18:14:52.633+0200: 5.858: [GC (Allocation Failure) 2020-09-29T18:14:52.633+0200: 5.858: [ParNew: 603794K->68096K(613440K), 0.0284584 secs] 604187K->68488K(2029056K), 0.0285604 secs] [Times: user=0.25 sys=0.00, real=0.03 secs] 
2020-09-29T18:14:52.714+0200: 5.939: [GC (Allocation Failure) 2020-09-29T18:14:52.714+0200: 5.939: [ParNew: 613440K->46800K(613440K), 0.0201794 secs] 613832K->47193K(2029056K), 0.0202668 secs] [Times: user=0.13 sys=0.00, real=0.02 secs] 
2020-09-29T18:14:52.792+0200: 6.017: [GC (Allocation Failure) 2020-09-29T18:14:52.792+0200: 6.018: [ParNew: 592144K->29611K(613440K), 0.0168524 secs] 592537K->30003K(2029056K), 0.0169114 secs] [Times: user=0.13 sys=0.00, real=0.02 secs] 
2020-09-29T18:14:52.861+0200: 6.086: [GC (Allocation Failure) 2020-09-29T18:14:52.861+0200: 6.086: [ParNew: 574955K->26989K(613440K), 0.0165725 secs] 575347K->27382K(2029056K), 0.0167062 secs] [Times: user=0.13 sys=0.00, real=0.02 secs] 
2020-09-29T18:14:52.931+0200: 6.156: [GC (Allocation Failure) 2020-09-29T18:14:52.931+0200: 6.156: [ParNew: 572333K->59936K(613440K), 0.0240624 secs] 572726K->60329K(2029056K), 0.0241216 secs] [Times: user=0.13 sys=0.00, real=0.02 secs] 
2020-09-29T18:14:53.003+0200: 6.228: [GC (Allocation Failure) 2020-09-29T18:14:53.003+0200: 6.228: [ParNew: 605280K->44512K(613440K), 0.0124969 secs] 605673K->44904K(2029056K), 0.0125849 secs] [Times: user=0.13 sys=0.00, real=0.01 secs] 
2020-09-29T18:14:53.065+0200: 6.290: [GC (Allocation Failure) 2020-09-29T18:14:53.065+0200: 6.290: [ParNew: 589856K->36541K(613440K), 0.0168369 secs] 590248K->36934K(2029056K), 0.0168929 secs] [Times: user=0.13 sys=0.00, real=0.02 secs] 
2020-09-29T18:14:53.132+0200: 6.357: [GC (Allocation Failure) 2020-09-29T18:14:53.132+0200: 6.357: [ParNew: 581885K->43650K(613440K), 0.0161115 secs] 582278K->44042K(2029056K), 0.0162172 secs] [Times: user=0.13 sys=0.00, real=0.02 secs] 
2020-09-29T18:14:53.203+0200: 6.428: [GC (Allocation Failure) 2020-09-29T18:14:53.203+0200: 6.428: [ParNew: 588994K->34039K(613440K), 0.0159902 secs] 589386K->34431K(2029056K), 0.0160669 secs] [Times: user=0.13 sys=0.00, real=0.02 secs] 
2020-09-29T18:14:53.273+0200: 6.498: [GC (Allocation Failure) 2020-09-29T18:14:53.273+0200: 6.498: [ParNew: 579383K->57730K(613440K), 0.0213026 secs] 579775K->58122K(2029056K), 0.0213904 secs] [Times: user=0.13 sys=0.00, real=0.02 secs] 
2020-09-29T18:14:53.344+0200: 6.569: [GC (Allocation Failure) 2020-09-29T18:14:53.344+0200: 6.569: [ParNew: 603074K->44113K(613440K), 0.0201865 secs] 603466K->44505K(2029056K), 0.0202492 secs] [Times: user=0.25 sys=0.00, real=0.02 secs] 
2020-09-29T18:14:53.412+0200: 6.637: [GC (Allocation Failure) 2020-09-29T18:14:53.412+0200: 6.637: [ParNew: 589457K->68096K(613440K), 0.0261645 secs] 589849K->68914K(2029056K), 0.0262226 secs] [Times: user=0.13 sys=0.00, real=0.03 secs] 
2020-09-29T18:14:53.486+0200: 6.712: [GC (Allocation Failure) 2020-09-29T18:14:53.486+0200: 6.712: [ParNew: 613440K->53636K(613440K), 0.0185554 secs] 614258K->54454K(2029056K), 0.0186111 secs] [Times: user=0.25 sys=0.00, real=0.02 secs] 
2020-09-29T18:14:53.552+0200: 6.777: [GC (Allocation Failure) 2020-09-29T18:14:53.552+0200: 6.777: [ParNew: 598980K->37681K(613440K), 0.0127152 secs] 599798K->38499K(2029056K), 0.0127824 secs] [Times: user=0.00 sys=0.00, real=0.01 secs] 
2020-09-29T18:14:53.614+0200: 6.839: [GC (Allocation Failure) 2020-09-29T18:14:53.614+0200: 6.839: [ParNew: 583025K->51027K(613440K), 0.0223003 secs] 583843K->51845K(2029056K), 0.0223674 secs] [Times: user=0.13 sys=0.00, real=0.02 secs] 
2020-09-29T18:14:53.685+0200: 6.910: [GC (Allocation Failure) 2020-09-29T18:14:53.685+0200: 6.910: [ParNew: 596371K->65841K(613440K), 0.0221320 secs] 597189K->66659K(2029056K), 0.0221936 secs] [Times: user=0.13 sys=0.00, real=0.02 secs] 
2020-09-29T18:14:53.756+0200: 6.981: [GC (Allocation Failure) 2020-09-29T18:14:53.757+0200: 6.982: [ParNew: 611185K->36503K(613440K), 0.0163548 secs] 612003K->37321K(2029056K), 0.0168525 secs] [Times: user=0.13 sys=0.00, real=0.02 secs] 
2020-09-29T18:14:53.822+0200: 7.047: [GC (Allocation Failure) 2020-09-29T18:14:53.822+0200: 7.047: [ParNew: 581847K->31235K(613440K), 0.0145654 secs] 582665K->32054K(2029056K), 0.0146351 secs] [Times: user=0.13 sys=0.00, real=0.01 secs] 
2020-09-29T18:14:53.888+0200: 7.113: [GC (Allocation Failure) 2020-09-29T18:14:53.888+0200: 7.113: [ParNew: 576579K->50959K(613440K), 0.0194101 secs] 577398K->51777K(2029056K), 0.0194746 secs] [Times: user=0.13 sys=0.00, real=0.02 secs] 
2020-09-29T18:14:53.955+0200: 7.180: [GC (Allocation Failure) 2020-09-29T18:14:53.955+0200: 7.180: [ParNew: 596303K->51816K(613440K), 0.0198426 secs] 597121K->52634K(2029056K), 0.0199195 secs] [Times: user=0.25 sys=0.00, real=0.02 secs] 
2020-09-29T18:14:54.021+0200: 7.247: [GC (Allocation Failure) 2020-09-29T18:14:54.021+0200: 7.247: [ParNew: 597160K->66950K(613440K), 0.0235581 secs] 597978K->67768K(2029056K), 0.0236262 secs] [Times: user=0.13 sys=0.00, real=0.02 secs] 
2020-09-29T18:14:54.094+0200: 7.319: [GC (Allocation Failure) 2020-09-29T18:14:54.094+0200: 7.319: [ParNew: 612294K->60182K(613440K), 0.0226004 secs] 613112K->61001K(2029056K), 0.0226567 secs] [Times: user=0.25 sys=0.00, real=0.02 secs] 
2020-09-29T18:14:54.164+0200: 7.389: [GC (Allocation Failure) 2020-09-29T18:14:54.164+0200: 7.389: [ParNew: 605526K->49689K(613440K), 0.0170322 secs] 606345K->50507K(2029056K), 0.0171493 secs] [Times: user=0.13 sys=0.00, real=0.02 secs] 
2020-09-29T18:14:54.227+0200: 7.452: [GC (Allocation Failure) 2020-09-29T18:14:54.227+0200: 7.452: [ParNew: 595033K->48944K(613440K), 0.0198490 secs] 595851K->49762K(2029056K), 0.0199269 secs] [Times: user=0.13 sys=0.00, real=0.02 secs] 
2020-09-29T18:14:54.297+0200: 7.522: [GC (Allocation Failure) 2020-09-29T18:14:54.297+0200: 7.522: [ParNew: 594288K->43212K(613440K), 0.0196808 secs] 595106K->44030K(2029056K), 0.0197369 secs] [Times: user=0.13 sys=0.00, real=0.02 secs] 
2020-09-29T18:14:54.366+0200: 7.591: [GC (Allocation Failure) 2020-09-29T18:14:54.366+0200: 7.591: [ParNew: 588556K->33365K(613440K), 0.0127921 secs] 589374K->34183K(2029056K), 0.0128471 secs] [Times: user=0.00 sys=0.00, real=0.01 secs] 
2020-09-29T18:14:54.428+0200: 7.654: [GC (Allocation Failure) 2020-09-29T18:14:54.429+0200: 7.654: [ParNew: 578709K->53526K(613440K), 0.0227487 secs] 579527K->54345K(2029056K), 0.0228283 secs] [Times: user=0.13 sys=0.00, real=0.02 secs] 
2020-09-29T18:14:54.498+0200: 7.723: [GC (Allocation Failure) 2020-09-29T18:14:54.498+0200: 7.723: [ParNew: 598870K->37337K(613440K), 0.0172202 secs] 599689K->38155K(2029056K), 0.0172787 secs] [Times: user=0.13 sys=0.00, real=0.02 secs] 
2020-09-29T18:14:54.563+0200: 7.788: [GC (Allocation Failure) 2020-09-29T18:14:54.563+0200: 7.788: [ParNew: 582681K->33964K(613440K), 0.0155565 secs] 583499K->34783K(2029056K), 0.0156255 secs] [Times: user=0.13 sys=0.00, real=0.02 secs] 
2020-09-29T18:14:54.629+0200: 7.854: [GC (Allocation Failure) 2020-09-29T18:14:54.629+0200: 7.854: [ParNew: 579308K->54149K(613440K), 0.0185827 secs] 580127K->54967K(2029056K), 0.0186421 secs] [Times: user=0.25 sys=0.00, real=0.02 secs] 
2020-09-29T18:14:54.698+0200: 7.923: [GC (Allocation Failure) 2020-09-29T18:14:54.698+0200: 7.923: [ParNew: 599493K->36505K(613440K), 0.0124330 secs] 600311K->37323K(2029056K), 0.0124895 secs] [Times: user=0.13 sys=0.00, real=0.01 secs] 
2020-09-29T18:14:54.773+0200: 7.998: [GC (Allocation Failure) 2020-09-29T18:14:54.773+0200: 7.998: [ParNew: 581849K->54604K(613440K), 0.0239796 secs] 582667K->55423K(2029056K), 0.0240392 secs] [Times: user=0.13 sys=0.00, real=0.02 secs] 
2020-09-29T18:14:54.845+0200: 8.070: [GC (Allocation Failure) 2020-09-29T18:14:54.845+0200: 8.070: [ParNew: 599948K->32587K(613440K), 0.0107590 secs] 600767K->33405K(2029056K), 0.0108163 secs] [Times: user=0.13 sys=0.00, real=0.01 secs] 
2020-09-29T18:14:54.906+0200: 8.131: [GC (Allocation Failure) 2020-09-29T18:14:54.906+0200: 8.131: [ParNew: 577931K->46776K(613440K), 0.0204632 secs] 578749K->47594K(2029056K), 0.0205419 secs] [Times: user=0.13 sys=0.00, real=0.02 secs] 
2020-09-29T18:14:54.975+0200: 8.200: [GC (Allocation Failure) 2020-09-29T18:14:54.975+0200: 8.200: [ParNew: 592120K->39528K(613440K), 0.0141447 secs] 592938K->40346K(2029056K), 0.0141971 secs] [Times: user=0.13 sys=0.00, real=0.01 secs] 
2020-09-29T18:14:55.035+0200: 8.261: [GC (Allocation Failure) 2020-09-29T18:14:55.035+0200: 8.261: [ParNew: 584872K->43703K(613440K), 0.0193110 secs] 585690K->44522K(2029056K), 0.0193754 secs] [Times: user=0.19 sys=0.00, real=0.02 secs] 
2020-09-29T18:14:55.102+0200: 8.327: [GC (Allocation Failure) 2020-09-29T18:14:55.109+0200: 8.334: [ParNew: 589047K->59557K(613440K), 0.0225017 secs] 589866K->60375K(2029056K), 0.0297315 secs] [Times: user=0.25 sys=0.00, real=0.03 secs] 
2020-09-29T18:14:55.183+0200: 8.409: [GC (Allocation Failure) 2020-09-29T18:14:55.183+0200: 8.409: [ParNew: 604901K->46874K(613440K), 0.0178110 secs] 605719K->47692K(2029056K), 0.0178688 secs] [Times: user=0.13 sys=0.00, real=0.02 secs] 
2020-09-29T18:14:55.250+0200: 8.476: [GC (Allocation Failure) 2020-09-29T18:14:55.250+0200: 8.476: [ParNew: 592218K->40470K(613440K), 0.0157674 secs] 593036K->41288K(2029056K), 0.0158211 secs] [Times: user=0.13 sys=0.00, real=0.02 secs] 
2020-09-29T18:14:55.320+0200: 8.545: [GC (Allocation Failure) 2020-09-29T18:14:55.320+0200: 8.545: [ParNew: 585814K->55973K(613440K), 0.0198585 secs] 586632K->56791K(2029056K), 0.0199109 secs] [Times: user=0.11 sys=0.00, real=0.02 secs] 
2020-09-29T18:14:55.389+0200: 8.614: [GC (Allocation Failure) 2020-09-29T18:14:55.389+0200: 8.615: [ParNew: 601317K->40467K(613440K), 0.0129091 secs] 602135K->41285K(2029056K), 0.0129636 secs] [Times: user=0.13 sys=0.00, real=0.01 secs] 
2020-09-29T18:14:55.455+0200: 8.681: [GC (Allocation Failure) 2020-09-29T18:14:55.455+0200: 8.681: [ParNew: 585811K->36760K(613440K), 0.0192043 secs] 586629K->37578K(2029056K), 0.0192623 secs] [Times: user=0.25 sys=0.00, real=0.02 secs] 
2020-09-29T18:14:55.522+0200: 8.747: [GC (Allocation Failure) 2020-09-29T18:14:55.522+0200: 8.747: [ParNew: 582104K->57920K(613440K), 0.0227817 secs] 582922K->58738K(2029056K), 0.0228515 secs] [Times: user=0.13 sys=0.00, real=0.02 secs] 
2020-09-29T18:14:55.594+0200: 8.819: [GC (Allocation Failure) 2020-09-29T18:14:55.594+0200: 8.819: [ParNew: 603264K->64619K(613440K), 0.0240317 secs] 604082K->65437K(2029056K), 0.0240986 secs] [Times: user=0.22 sys=0.00, real=0.02 secs] 
2020-09-29T18:14:55.667+0200: 8.892: [GC (Allocation Failure) 2020-09-29T18:14:55.667+0200: 8.892: [ParNew: 609963K->47089K(613440K), 0.0166289 secs] 610781K->47907K(2029056K), 0.0167058 secs] [Times: user=0.13 sys=0.00, real=0.02 secs] 
2020-09-29T18:14:55.734+0200: 8.960: [GC (Allocation Failure) 2020-09-29T18:14:55.734+0200: 8.960: [ParNew: 592433K->39611K(613440K), 0.0149893 secs] 593251K->40429K(2029056K), 0.0150421 secs] [Times: user=0.13 sys=0.00, real=0.02 secs] 
2020-09-29T18:14:55.801+0200: 9.027: [GC (Allocation Failure) 2020-09-29T18:14:55.801+0200: 9.027: [ParNew: 584955K->52068K(613440K), 0.0194721 secs] 585773K->52887K(2029056K), 0.0195272 secs] [Times: user=0.13 sys=0.00, real=0.02 secs] 
2020-09-29T18:14:55.869+0200: 9.094: [GC (Allocation Failure) 2020-09-29T18:14:55.869+0200: 9.094: [ParNew: 597412K->66403K(613440K), 0.0252491 secs] 598231K->67221K(2029056K), 0.0253115 secs] [Times: user=0.13 sys=0.00, real=0.03 secs] 
2020-09-29T18:14:55.942+0200: 9.167: [GC (Allocation Failure) 2020-09-29T18:14:55.942+0200: 9.167: [ParNew: 611747K->49618K(613440K), 0.0122053 secs] 612565K->50436K(2029056K), 0.0122594 secs] [Times: user=0.00 sys=0.00, real=0.01 secs] 
2020-09-29T18:14:56.004+0200: 9.229: [GC (Allocation Failure) 2020-09-29T18:14:56.004+0200: 9.229: [ParNew: 594962K->21968K(613440K), 0.0107190 secs] 595780K->22786K(2029056K), 0.0107907 secs] [Times: user=0.13 sys=0.00, real=0.01 secs] 
2020-09-29T18:14:56.061+0200: 9.286: [GC (Allocation Failure) 2020-09-29T18:14:56.061+0200: 9.286: [ParNew: 567312K->16567K(613440K), 0.0108044 secs] 568130K->17385K(2029056K), 0.0108889 secs] [Times: user=0.13 sys=0.00, real=0.01 secs] 
2020-09-29T18:14:56.123+0200: 9.348: [GC (Allocation Failure) 2020-09-29T18:14:56.123+0200: 9.348: [ParNew: 561911K->29654K(613440K), 0.0147577 secs] 562729K->30472K(2029056K), 0.0148234 secs] [Times: user=0.13 sys=0.00, real=0.02 secs] 
2020-09-29T18:14:56.189+0200: 9.415: [GC (Allocation Failure) 2020-09-29T18:14:56.189+0200: 9.415: [ParNew: 574998K->41087K(613440K), 0.0189738 secs] 575816K->41905K(2029056K), 0.0190430 secs] [Times: user=0.25 sys=0.00, real=0.02 secs] 
2020-09-29T18:14:56.257+0200: 9.482: [GC (Allocation Failure) 2020-09-29T18:14:56.257+0200: 9.482: [ParNew: 586431K->59135K(613440K), 0.0227351 secs] 587249K->59953K(2029056K), 0.0228035 secs] [Times: user=0.13 sys=0.00, real=0.02 secs] 
2020-09-29T18:14:56.329+0200: 9.555: [GC (Allocation Failure) 2020-09-29T18:14:56.329+0200: 9.555: [ParNew: 604479K->53782K(613440K), 0.0182879 secs] 605297K->54600K(2029056K), 0.0183538 secs] [Times: user=0.13 sys=0.00, real=0.02 secs] 
2020-09-29T18:14:56.396+0200: 9.622: [GC (Allocation Failure) 2020-09-29T18:14:56.396+0200: 9.622: [ParNew: 599126K->39009K(613440K), 0.0159127 secs] 599944K->39827K(2029056K), 0.0159792 secs] [Times: user=0.13 sys=0.00, real=0.02 secs] 
2020-09-29T18:14:56.467+0200: 9.693: [GC (Allocation Failure) 2020-09-29T18:14:56.467+0200: 9.693: [ParNew: 584353K->28137K(613440K), 0.0170061 secs] 585171K->28956K(2029056K), 0.0170775 secs] [Times: user=0.13 sys=0.00, real=0.03 secs] 
2020-09-29T18:14:56.542+0200: 9.767: [GC (Allocation Failure) 2020-09-29T18:14:56.542+0200: 9.768: [ParNew: 573481K->66086K(613440K), 0.0257168 secs] 574300K->66904K(2029056K), 0.0258008 secs] [Times: user=0.25 sys=0.00, real=0.03 secs] 
2020-09-29T18:14:56.622+0200: 9.848: [GC (Allocation Failure) 2020-09-29T18:14:56.622+0200: 9.848: [ParNew: 611430K->35801K(613440K), 0.0163605 secs] 612248K->36620K(2029056K), 0.0164479 secs] [Times: user=0.11 sys=0.00, real=0.02 secs] 
2020-09-29T18:14:56.696+0200: 9.921: [GC (Allocation Failure) 2020-09-29T18:14:56.696+0200: 9.921: [ParNew: 581145K->37101K(613440K), 0.0192190 secs] 581964K->37919K(2029056K), 0.0192921 secs] [Times: user=0.13 sys=0.00, real=0.02 secs] 
2020-09-29T18:14:56.765+0200: 9.990: [GC (Allocation Failure) 2020-09-29T18:14:56.765+0200: 9.990: [ParNew: 582445K->29912K(613440K), 0.0104078 secs] 583263K->30730K(2029056K), 0.0104661 secs] [Times: user=0.13 sys=0.00, real=0.01 secs] 
2020-09-29T18:14:56.830+0200: 10.056: [GC (Allocation Failure) 2020-09-29T18:14:56.830+0200: 10.056: [ParNew: 575256K->48224K(613440K), 0.0208573 secs] 576074K->49042K(2029056K), 0.0209142 secs] [Times: user=0.25 sys=0.00, real=0.02 secs] 
2020-09-29T18:14:56.904+0200: 10.129: [GC (Allocation Failure) 2020-09-29T18:14:56.904+0200: 10.129: [ParNew: 593568K->62719K(613440K), 0.0205340 secs] 594386K->63538K(2029056K), 0.0206092 secs] [Times: user=0.13 sys=0.00, real=0.02 secs] 
2020-09-29T18:14:56.974+0200: 10.199: [GC (Allocation Failure) 2020-09-29T18:14:56.974+0200: 10.199: [ParNew: 608063K->24154K(613440K), 0.0143743 secs] 608882K->24973K(2029056K), 0.0144439 secs] [Times: user=0.00 sys=0.00, real=0.01 secs] 
2020-09-29T18:14:57.035+0200: 10.261: [GC (Allocation Failure) 2020-09-29T18:14:57.035+0200: 10.261: [ParNew: 569498K->45043K(613440K), 0.0183571 secs] 570317K->45861K(2029056K), 0.0184264 secs] [Times: user=0.25 sys=0.00, real=0.02 secs] 
2020-09-29T18:14:57.101+0200: 10.327: [GC (Allocation Failure) 2020-09-29T18:14:57.101+0200: 10.327: [ParNew: 590387K->30580K(613440K), 0.0099464 secs] 591205K->31399K(2029056K), 0.0099998 secs] [Times: user=0.00 sys=0.00, real=0.01 secs] 
2020-09-29T18:14:57.158+0200: 10.383: [GC (Allocation Failure) 2020-09-29T18:14:57.158+0200: 10.383: [ParNew: 575924K->46399K(613440K), 0.0212401 secs] 576743K->47217K(2029056K), 0.0212966 secs] [Times: user=0.25 sys=0.00, real=0.02 secs] 
2020-09-29T18:14:57.229+0200: 10.454: [GC (Allocation Failure) 2020-09-29T18:14:57.229+0200: 10.454: [ParNew: 591743K->61393K(613440K), 0.0198160 secs] 592561K->62212K(2029056K), 0.0199200 secs] [Times: user=0.13 sys=0.00, real=0.02 secs] 
2020-09-29T18:14:57.301+0200: 10.526: [GC (Allocation Failure) 2020-09-29T18:14:57.301+0200: 10.526: [ParNew: 606737K->64237K(613440K), 0.0248284 secs] 607556K->65056K(2029056K), 0.0248961 secs] [Times: user=0.25 sys=0.00, real=0.02 secs] 
2020-09-29T18:14:57.375+0200: 10.600: [GC (Allocation Failure) 2020-09-29T18:14:57.375+0200: 10.600: [ParNew: 609581K->47935K(613440K), 0.0246111 secs] 610400K->48753K(2029056K), 0.0246759 secs] [Times: user=0.25 sys=0.00, real=0.02 secs] 
2020-09-29T18:14:57.448+0200: 10.673: [GC (Allocation Failure) 2020-09-29T18:14:57.448+0200: 10.673: [ParNew: 593279K->33356K(613440K), 0.0150299 secs] 594097K->34174K(2029056K), 0.0150949 secs] [Times: user=0.13 sys=0.00, real=0.02 secs] 
2020-09-29T18:14:57.518+0200: 10.743: [GC (Allocation Failure) 2020-09-29T18:14:57.518+0200: 10.743: [ParNew: 578700K->37521K(613440K), 0.0202331 secs] 579518K->38339K(2029056K), 0.0203021 secs] [Times: user=0.25 sys=0.00, real=0.02 secs] 
2020-09-29T18:14:57.598+0200: 10.824: [GC (Allocation Failure) 2020-09-29T18:14:57.598+0200: 10.824: [ParNew: 582865K->41418K(613440K), 0.0212509 secs] 583683K->42237K(2029056K), 0.0213166 secs] [Times: user=0.16 sys=0.00, real=0.02 secs] 
2020-09-29T18:14:57.676+0200: 10.901: [GC (Allocation Failure) 2020-09-29T18:14:57.676+0200: 10.901: [ParNew: 586762K->56198K(613440K), 0.0267253 secs] 587581K->57017K(2029056K), 0.0267920 secs] [Times: user=0.25 sys=0.00, real=0.03 secs] 
2020-09-29T18:14:57.756+0200: 10.981: [GC (Allocation Failure) 2020-09-29T18:14:57.756+0200: 10.981: [ParNew: 601542K->41450K(613440K), 0.0176887 secs] 602361K->42268K(2029056K), 0.0177557 secs] [Times: user=0.13 sys=0.00, real=0.02 secs] 
2020-09-29T18:14:57.823+0200: 11.049: [GC (Allocation Failure) 2020-09-29T18:14:57.823+0200: 11.049: [ParNew: 586794K->46156K(613440K), 0.0252904 secs] 587612K->46974K(2029056K), 0.0253639 secs] [Times: user=0.13 sys=0.02, real=0.03 secs] 
2020-09-29T18:14:57.902+0200: 11.127: [GC (Allocation Failure) 2020-09-29T18:14:57.902+0200: 11.127: [ParNew: 591500K->49554K(613440K), 0.0223830 secs] 592318K->50373K(2029056K), 0.0224470 secs] [Times: user=0.13 sys=0.00, real=0.02 secs] 
2020-09-29T18:14:57.977+0200: 11.202: [GC (Allocation Failure) 2020-09-29T18:14:57.977+0200: 11.202: [ParNew: 594898K->55420K(613440K), 0.0285060 secs] 595717K->56238K(2029056K), 0.0285689 secs] [Times: user=0.25 sys=0.00, real=0.03 secs] 
2020-09-29T18:14:58.053+0200: 11.278: [GC (Allocation Failure) 2020-09-29T18:14:58.053+0200: 11.278: [ParNew: 600764K->65759K(613440K), 0.0269904 secs] 601582K->66577K(2029056K), 0.0270779 secs] [Times: user=0.13 sys=0.00, real=0.03 secs] 
2020-09-29T18:14:58.135+0200: 11.360: [GC (Allocation Failure) 2020-09-29T18:14:58.135+0200: 11.360: [ParNew: 611103K->50120K(613440K), 0.0270463 secs] 611921K->50938K(2029056K), 0.0271116 secs] [Times: user=0.25 sys=0.00, real=0.03 secs] 
2020-09-29T18:14:58.210+0200: 11.435: [GC (Allocation Failure) 2020-09-29T18:14:58.210+0200: 11.435: [ParNew: 595464K->50107K(613440K), 0.0262660 secs] 596282K->50926K(2029056K), 0.0263341 secs] [Times: user=0.13 sys=0.00, real=0.03 secs] 
2020-09-29T18:14:58.285+0200: 11.510: [GC (Allocation Failure) 2020-09-29T18:14:58.285+0200: 11.510: [ParNew: 595451K->46709K(613440K), 0.0255906 secs] 596270K->47527K(2029056K), 0.0256734 secs] [Times: user=0.25 sys=0.00, real=0.02 secs] 
2020-09-29T18:14:58.358+0200: 11.583: [GC (Allocation Failure) 2020-09-29T18:14:58.358+0200: 11.583: [ParNew: 592053K->33743K(613440K), 0.0170324 secs] 592871K->34561K(2029056K), 0.0171080 secs] [Times: user=0.11 sys=0.00, real=0.02 secs] 
2020-09-29T18:14:58.430+0200: 11.656: [GC (Allocation Failure) 2020-09-29T18:14:58.430+0200: 11.656: [ParNew: 579087K->35332K(613440K), 0.0243409 secs] 579905K->36150K(2029056K), 0.0244227 secs] [Times: user=0.13 sys=0.00, real=0.02 secs] 
2020-09-29T18:14:58.508+0200: 11.733: [GC (Allocation Failure) 2020-09-29T18:14:58.508+0200: 11.733: [ParNew: 580676K->35017K(613440K), 0.0207979 secs] 581494K->35836K(2029056K), 0.0208814 secs] [Times: user=0.13 sys=0.00, real=0.02 secs] 
2020-09-29T18:14:58.589+0200: 11.814: [GC (Allocation Failure) 2020-09-29T18:14:58.589+0200: 11.814: [ParNew: 580361K->58501K(613440K), 0.0278296 secs] 581180K->59320K(2029056K), 0.0279172 secs] [Times: user=0.25 sys=0.00, real=0.03 secs] 
2020-09-29T18:14:58.666+0200: 11.892: [GC (Allocation Failure) 2020-09-29T18:14:58.666+0200: 11.892: [ParNew: 603845K->56964K(613440K), 0.0270431 secs] 604664K->57782K(2029056K), 0.0271432 secs] [Times: user=0.23 sys=0.00, real=0.03 secs] 
2020-09-29T18:14:58.744+0200: 11.970: [GC (Allocation Failure) 2020-09-29T18:14:58.744+0200: 11.970: [ParNew: 602308K->39509K(613440K), 0.0181076 secs] 603126K->40327K(2029056K), 0.0181700 secs] [Times: user=0.11 sys=0.00, real=0.02 secs] 
2020-09-29T18:14:58.818+0200: 12.044: [GC (Allocation Failure) 2020-09-29T18:14:58.818+0200: 12.044: [ParNew: 584853K->40676K(613440K), 0.0249007 secs] 585671K->41494K(2029056K), 0.0249752 secs] [Times: user=0.13 sys=0.00, real=0.02 secs] 
2020-09-29T18:14:58.894+0200: 12.120: [GC (Allocation Failure) 2020-09-29T18:14:58.894+0200: 12.120: [ParNew: 586020K->59058K(613440K), 0.0302456 secs] 586838K->59877K(2029056K), 0.0303313 secs] [Times: user=0.25 sys=0.00, real=0.03 secs] 
2020-09-29T18:14:58.973+0200: 12.199: [GC (Allocation Failure) 2020-09-29T18:14:58.973+0200: 12.199: [ParNew: 604402K->47294K(613440K), 0.0235063 secs] 605221K->48112K(2029056K), 0.0235677 secs] [Times: user=0.13 sys=0.00, real=0.02 secs] 
2020-09-29T18:14:59.052+0200: 12.277: [GC (Allocation Failure) 2020-09-29T18:14:59.052+0200: 12.277: [ParNew: 592638K->42810K(613440K), 0.0213050 secs] 593456K->43628K(2029056K), 0.0213756 secs] [Times: user=0.13 sys=0.00, real=0.02 secs] 
2020-09-29T18:14:59.124+0200: 12.350: [GC (Allocation Failure) 2020-09-29T18:14:59.124+0200: 12.350: [ParNew: 588154K->60946K(613440K), 0.0270551 secs] 588972K->61764K(2029056K), 0.0271194 secs] [Times: user=0.25 sys=0.00, real=0.03 secs] 
2020-09-29T18:14:59.197+0200: 12.423: [GC (Allocation Failure) 2020-09-29T18:14:59.197+0200: 12.423: [ParNew: 606290K->43496K(613440K), 0.0203471 secs] 607108K->44314K(2029056K), 0.0204988 secs] [Times: user=0.13 sys=0.00, real=0.02 secs] 
2020-09-29T18:14:59.271+0200: 12.496: [GC (Allocation Failure) 2020-09-29T18:14:59.271+0200: 12.496: [ParNew: 588840K->39428K(613440K), 0.0194037 secs] 589658K->40247K(2029056K), 0.0194675 secs] [Times: user=0.13 sys=0.00, real=0.02 secs] 
2020-09-29T18:14:59.346+0200: 12.572: [GC (Allocation Failure) 2020-09-29T18:14:59.346+0200: 12.572: [ParNew: 584772K->49644K(613440K), 0.0256097 secs] 585591K->50462K(2029056K), 0.0256798 secs] [Times: user=0.25 sys=0.00, real=0.03 secs] 
2020-09-29T18:14:59.421+0200: 12.646: [GC (Allocation Failure) 2020-09-29T18:14:59.421+0200: 12.646: [ParNew: 594988K->42366K(613440K), 0.0241537 secs] 595806K->43184K(2029056K), 0.0242185 secs] [Times: user=0.25 sys=0.00, real=0.02 secs] 
2020-09-29T18:14:59.497+0200: 12.723: [GC (Allocation Failure) 2020-09-29T18:14:59.497+0200: 12.723: [ParNew: 587710K->66814K(613440K), 0.0301198 secs] 588528K->67632K(2029056K), 0.0301816 secs] [Times: user=0.25 sys=0.00, real=0.03 secs] 
2020-09-29T18:14:59.577+0200: 12.802: [GC (Allocation Failure) 2020-09-29T18:14:59.577+0200: 12.802: [ParNew: 612158K->68096K(613440K), 0.0309365 secs] 612976K->68927K(2029056K), 0.0310124 secs] [Times: user=0.22 sys=0.00, real=0.03 secs] 
2020-09-29T18:14:59.658+0200: 12.884: [GC (Allocation Failure) 2020-09-29T18:14:59.658+0200: 12.884: [ParNew: 613440K->41837K(613440K), 0.0146269 secs] 614271K->42668K(2029056K), 0.0146901 secs] [Times: user=0.13 sys=0.00, real=0.02 secs] 
2020-09-29T18:14:59.731+0200: 12.956: [GC (Allocation Failure) 2020-09-29T18:14:59.731+0200: 12.956: [ParNew: 587181K->47629K(613440K), 0.0278925 secs] 588012K->48460K(2029056K), 0.0279736 secs] [Times: user=0.25 sys=0.00, real=0.03 secs] 
2020-09-29T18:14:59.808+0200: 13.034: [GC (Allocation Failure) 2020-09-29T18:14:59.808+0200: 13.034: [ParNew: 592973K->36831K(613440K), 0.0203275 secs] 593804K->37662K(2029056K), 0.0203939 secs] [Times: user=0.13 sys=0.00, real=0.02 secs] 
2020-09-29T18:14:59.886+0200: 13.111: [GC (Allocation Failure) 2020-09-29T18:14:59.886+0200: 13.111: [ParNew: 582175K->29353K(613440K), 0.0177648 secs] 583006K->30185K(2029056K), 0.0178644 secs] [Times: user=0.13 sys=0.00, real=0.02 secs] 
2020-09-29T18:14:59.953+0200: 13.179: [GC (Allocation Failure) 2020-09-29T18:14:59.953+0200: 13.179: [ParNew: 574697K->45008K(613440K), 0.0233459 secs] 575529K->45839K(2029056K), 0.0234135 secs] [Times: user=0.25 sys=0.00, real=0.02 secs] 
2020-09-29T18:15:00.030+0200: 13.256: [GC (Allocation Failure) 2020-09-29T18:15:00.030+0200: 13.256: [ParNew: 590352K->56501K(613440K), 0.0288361 secs] 591183K->57332K(2029056K), 0.0289007 secs] [Times: user=0.25 sys=0.00, real=0.03 secs] 
2020-09-29T18:15:00.106+0200: 13.331: [GC (Allocation Failure) 2020-09-29T18:15:00.106+0200: 13.331: [ParNew: 601845K->46957K(613440K), 0.0258057 secs] 602676K->47788K(2029056K), 0.0258970 secs] [Times: user=0.25 sys=0.00, real=0.03 secs] 
2020-09-29T18:15:00.183+0200: 13.408: [GC (Allocation Failure) 2020-09-29T18:15:00.183+0200: 13.408: [ParNew: 592301K->43738K(613440K), 0.0251661 secs] 593132K->44569K(2029056K), 0.0252304 secs] [Times: user=0.25 sys=0.00, real=0.02 secs] 
2020-09-29T18:15:00.257+0200: 13.483: [GC (Allocation Failure) 2020-09-29T18:15:00.257+0200: 13.483: [ParNew: 589082K->43538K(613440K), 0.0240842 secs] 589913K->44369K(2029056K), 0.0241509 secs] [Times: user=0.13 sys=0.00, real=0.02 secs] 
2020-09-29T18:15:00.329+0200: 13.554: [GC (Allocation Failure) 2020-09-29T18:15:00.329+0200: 13.554: [ParNew: 588882K->42645K(613440K), 0.0253918 secs] 589713K->43476K(2029056K), 0.0254686 secs] [Times: user=0.25 sys=0.00, real=0.03 secs] 
2020-09-29T18:15:00.404+0200: 13.629: [GC (Allocation Failure) 2020-09-29T18:15:00.404+0200: 13.629: [ParNew: 587989K->39932K(613440K), 0.0223174 secs] 588820K->40763K(2029056K), 0.0224034 secs] [Times: user=0.13 sys=0.00, real=0.02 secs] 
2020-09-29T18:15:00.481+0200: 13.706: [GC (Allocation Failure) 2020-09-29T18:15:00.481+0200: 13.706: [ParNew: 585276K->59445K(613440K), 0.0290513 secs] 586107K->60276K(2029056K), 0.0291155 secs] [Times: user=0.25 sys=0.00, real=0.03 secs] 
2020-09-29T18:15:00.557+0200: 13.782: [GC (Allocation Failure) 2020-09-29T18:15:00.557+0200: 13.782: [ParNew: 604789K->46143K(613440K), 0.0194287 secs] 605620K->46975K(2029056K), 0.0269716 secs] [Times: user=0.13 sys=0.00, real=0.03 secs] 
2020-09-29T18:15:00.635+0200: 13.861: [GC (Allocation Failure) 2020-09-29T18:15:00.635+0200: 13.861: [ParNew: 591487K->45854K(613440K), 0.0284832 secs] 592319K->46685K(2029056K), 0.0285511 secs] [Times: user=0.25 sys=0.00, real=0.03 secs] 
2020-09-29T18:15:00.713+0200: 13.939: [GC (Allocation Failure) 2020-09-29T18:15:00.713+0200: 13.939: [ParNew: 591198K->56437K(613440K), 0.0272748 secs] 592029K->57268K(2029056K), 0.0273416 secs] [Times: user=0.25 sys=0.00, real=0.03 secs] 
2020-09-29T18:15:00.788+0200: 14.013: [GC (Allocation Failure) 2020-09-29T18:15:00.788+0200: 14.013: [ParNew: 601781K->47186K(613440K), 0.0250948 secs] 602612K->48017K(2029056K), 0.0251723 secs] [Times: user=0.13 sys=0.00, real=0.02 secs] 
2020-09-29T18:15:00.859+0200: 14.085: [GC (Allocation Failure) 2020-09-29T18:15:00.859+0200: 14.085: [ParNew: 592530K->37780K(613440K), 0.0154096 secs] 593361K->38611K(2029056K), 0.0154741 secs] [Times: user=0.13 sys=0.00, real=0.02 secs] 
2020-09-29T18:15:00.936+0200: 14.161: [GC (Allocation Failure) 2020-09-29T18:15:00.936+0200: 14.161: [ParNew: 583124K->35622K(613440K), 0.0228646 secs] 583955K->36453K(2029056K), 0.0229309 secs] [Times: user=0.25 sys=0.00, real=0.02 secs] 
2020-09-29T18:15:01.012+0200: 14.237: [GC (Allocation Failure) 2020-09-29T18:15:01.012+0200: 14.237: [ParNew: 580966K->54388K(613440K), 0.0284204 secs] 581797K->55219K(2029056K), 0.0284909 secs] [Times: user=0.25 sys=0.00, real=0.03 secs] 
2020-09-29T18:15:01.088+0200: 14.313: [GC (Allocation Failure) 2020-09-29T18:15:01.088+0200: 14.313: [ParNew: 599732K->67894K(613440K), 0.0282370 secs] 600563K->68725K(2029056K), 0.0283045 secs] [Times: user=0.25 sys=0.00, real=0.03 secs] 
2020-09-29T18:15:01.167+0200: 14.392: [GC (Allocation Failure) 2020-09-29T18:15:01.167+0200: 14.392: [ParNew: 613238K->67382K(613440K), 0.0336609 secs] 614069K->68213K(2029056K), 0.0337241 secs] [Times: user=0.25 sys=0.00, real=0.03 secs] 
2020-09-29T18:15:01.249+0200: 14.474: [GC (Allocation Failure) 2020-09-29T18:15:01.249+0200: 14.474: [ParNew: 612726K->46598K(613440K), 0.0202176 secs] 613557K->47429K(2029056K), 0.0202842 secs] [Times: user=0.13 sys=0.00, real=0.02 secs] 
2020-09-29T18:15:01.321+0200: 14.546: [GC (Allocation Failure) 2020-09-29T18:15:01.321+0200: 14.546: [ParNew: 591942K->29402K(613440K), 0.0179090 secs] 592773K->30233K(2029056K), 0.0179702 secs] [Times: user=0.13 sys=0.00, real=0.02 secs] 
2020-09-29T18:15:01.393+0200: 14.618: [GC (Allocation Failure) 2020-09-29T18:15:01.393+0200: 14.618: [ParNew: 574746K->45531K(613440K), 0.0243076 secs] 575577K->46362K(2029056K), 0.0243789 secs] [Times: user=0.25 sys=0.00, real=0.02 secs] 
2020-09-29T18:15:01.469+0200: 14.694: [GC (Allocation Failure) 2020-09-29T18:15:01.469+0200: 14.695: [ParNew: 590875K->50822K(613440K), 0.0241190 secs] 591706K->51653K(2029056K), 0.0241827 secs] [Times: user=0.25 sys=0.00, real=0.02 secs] 
2020-09-29T18:15:01.546+0200: 14.772: [GC (Allocation Failure) 2020-09-29T18:15:01.546+0200: 14.772: [ParNew: 596166K->38742K(613440K), 0.0213645 secs] 596997K->39573K(2029056K), 0.0214413 secs] [Times: user=0.25 sys=0.00, real=0.02 secs] 
2020-09-29T18:15:01.628+0200: 14.853: [GC (Allocation Failure) 2020-09-29T18:15:01.628+0200: 14.853: [ParNew: 584086K->60966K(613440K), 0.0311672 secs] 584917K->61797K(2029056K), 0.0312500 secs] [Times: user=0.24 sys=0.00, real=0.03 secs] 
2020-09-29T18:15:01.707+0200: 14.933: [GC (Allocation Failure) 2020-09-29T18:15:01.707+0200: 14.933: [ParNew: 606310K->47677K(613440K), 0.0215261 secs] 607141K->48508K(2029056K), 0.0215921 secs] [Times: user=0.25 sys=0.00, real=0.02 secs] 
2020-09-29T18:15:01.782+0200: 15.008: [GC (Allocation Failure) 2020-09-29T18:15:01.782+0200: 15.008: [ParNew: 593021K->42694K(613440K), 0.0198115 secs] 593852K->43525K(2029056K), 0.0198748 secs] [Times: user=0.25 sys=0.00, real=0.02 secs] 
2020-09-29T18:15:01.855+0200: 15.081: [GC (Allocation Failure) 2020-09-29T18:15:01.855+0200: 15.081: [ParNew: 588038K->51692K(613440K), 0.0266712 secs] 588869K->52523K(2029056K), 0.0267364 secs] [Times: user=0.25 sys=0.00, real=0.03 secs] 
2020-09-29T18:15:01.933+0200: 15.158: [GC (Allocation Failure) 2020-09-29T18:15:01.933+0200: 15.158: [ParNew: 597036K->45445K(613440K), 0.0263882 secs] 597867K->46276K(2029056K), 0.0331458 secs] [Times: user=0.25 sys=0.00, real=0.03 secs] 
2020-09-29T18:15:02.021+0200: 15.247: [GC (Allocation Failure) 2020-09-29T18:15:02.021+0200: 15.247: [ParNew: 590789K->42842K(613440K), 0.0250761 secs] 591620K->43673K(2029056K), 0.0251659 secs] [Times: user=0.13 sys=0.00, real=0.03 secs] 
2020-09-29T18:15:02.096+0200: 15.322: [GC (Allocation Failure) 2020-09-29T18:15:02.096+0200: 15.322: [ParNew: 588186K->40774K(613440K), 0.0236320 secs] 589017K->41605K(2029056K), 0.0237007 secs] [Times: user=0.24 sys=0.02, real=0.02 secs] 
2020-09-29T18:15:02.172+0200: 15.397: [GC (Allocation Failure) 2020-09-29T18:15:02.172+0200: 15.398: [ParNew: 586118K->41693K(613440K), 0.0238907 secs] 586949K->42524K(2029056K), 0.0239696 secs] [Times: user=0.23 sys=0.00, real=0.02 secs] 
2020-09-29T18:15:02.248+0200: 15.474: [GC (Allocation Failure) 2020-09-29T18:15:02.248+0200: 15.474: [ParNew: 587037K->40231K(613440K), 0.0222777 secs] 587868K->41063K(2029056K), 0.0223550 secs] [Times: user=0.25 sys=0.00, real=0.02 secs] 
2020-09-29T18:15:02.326+0200: 15.552: [GC (Allocation Failure) 2020-09-29T18:15:02.326+0200: 15.552: [ParNew: 585575K->63565K(613440K), 0.0288326 secs] 586407K->64396K(2029056K), 0.0289193 secs] [Times: user=0.25 sys=0.00, real=0.03 secs] 
2020-09-29T18:15:02.409+0200: 15.635: [GC (Allocation Failure) 2020-09-29T18:15:02.409+0200: 15.635: [ParNew: 608909K->62220K(613440K), 0.0306494 secs] 609740K->63051K(2029056K), 0.0307161 secs] [Times: user=0.25 sys=0.00, real=0.03 secs] 
2020-09-29T18:15:02.489+0200: 15.715: [GC (Allocation Failure) 2020-09-29T18:15:02.489+0200: 15.715: [ParNew: 607564K->44256K(613440K), 0.0212938 secs] 608395K->45087K(2029056K), 0.0213701 secs] [Times: user=0.13 sys=0.00, real=0.02 secs] 
2020-09-29T18:15:02.567+0200: 15.793: [GC (Allocation Failure) 2020-09-29T18:15:02.567+0200: 15.793: [ParNew: 589600K->41052K(613440K), 0.0296624 secs] 590431K->41883K(2029056K), 0.0297326 secs] [Times: user=0.13 sys=0.00, real=0.03 secs] 
2020-09-29T18:15:02.648+0200: 15.874: [GC (Allocation Failure) 2020-09-29T18:15:02.648+0200: 15.874: [ParNew: 586396K->43920K(613440K), 0.0265139 secs] 587227K->44751K(2029056K), 0.0266089 secs] [Times: user=0.13 sys=0.00, real=0.03 secs] 
2020-09-29T18:15:02.724+0200: 15.950: [GC (Allocation Failure) 2020-09-29T18:15:02.724+0200: 15.950: [ParNew: 589264K->39677K(613440K), 0.0254159 secs] 590095K->40509K(2029056K), 0.0254897 secs] [Times: user=0.13 sys=0.00, real=0.03 secs] 
2020-09-29T18:15:02.806+0200: 16.031: [GC (Allocation Failure) 2020-09-29T18:15:02.806+0200: 16.031: [ParNew: 585021K->40789K(613440K), 0.0227419 secs] 585853K->41620K(2029056K), 0.0228106 secs] [Times: user=0.13 sys=0.00, real=0.02 secs] 
2020-09-29T18:15:02.877+0200: 16.103: [GC (Allocation Failure) 2020-09-29T18:15:02.877+0200: 16.103: [ParNew: 586133K->56854K(613440K), 0.0293440 secs] 586964K->57685K(2029056K), 0.0294278 secs] [Times: user=0.25 sys=0.00, real=0.03 secs] 
2020-09-29T18:15:02.954+0200: 16.180: [GC (Allocation Failure) 2020-09-29T18:15:02.955+0200: 16.180: [ParNew: 602198K->45697K(613440K), 0.0276872 secs] 603029K->46528K(2029056K), 0.0277634 secs] [Times: user=0.25 sys=0.00, real=0.03 secs] 
2020-09-29T18:15:03.036+0200: 16.262: [GC (Allocation Failure) 2020-09-29T18:15:03.036+0200: 16.262: [ParNew: 591041K->42239K(613440K), 0.0266643 secs] 591872K->43070K(2029056K), 0.0267325 secs] [Times: user=0.13 sys=0.00, real=0.03 secs] 
2020-09-29T18:15:03.114+0200: 16.340: [GC (Allocation Failure) 2020-09-29T18:15:03.114+0200: 16.340: [ParNew: 587583K->39288K(613440K), 0.0160617 secs] 588414K->40119K(2029056K), 0.0161294 secs] [Times: user=0.13 sys=0.00, real=0.02 secs] 
2020-09-29T18:15:03.188+0200: 16.414: [GC (Allocation Failure) 2020-09-29T18:15:03.188+0200: 16.414: [ParNew: 584632K->40437K(613440K), 0.0261148 secs] 585463K->41268K(2029056K), 0.0261869 secs] [Times: user=0.25 sys=0.00, real=0.03 secs] 
2020-09-29T18:15:03.269+0200: 16.495: [GC (Allocation Failure) 2020-09-29T18:15:03.269+0200: 16.495: [ParNew: 585781K->43214K(613440K), 0.0231141 secs] 586612K->44046K(2029056K), 0.0231843 secs] [Times: user=0.22 sys=0.01, real=0.02 secs] 
2020-09-29T18:15:03.345+0200: 16.571: [GC (Allocation Failure) 2020-09-29T18:15:03.345+0200: 16.571: [ParNew: 588558K->28950K(613440K), 0.0139093 secs] 589390K->29781K(2029056K), 0.0140035 secs] [Times: user=0.11 sys=0.00, real=0.01 secs] 
2020-09-29T18:15:03.427+0200: 16.653: [GC (Allocation Failure) 2020-09-29T18:15:03.427+0200: 16.653: [ParNew: 574294K->31982K(613440K), 0.0220176 secs] 575125K->32813K(2029056K), 0.0220885 secs] [Times: user=0.13 sys=0.00, real=0.02 secs] 
2020-09-29T18:15:03.505+0200: 16.731: [GC (Allocation Failure) 2020-09-29T18:15:03.505+0200: 16.731: [ParNew: 577326K->33741K(613440K), 0.0205239 secs] 578157K->34572K(2029056K), 0.0206070 secs] [Times: user=0.13 sys=0.00, real=0.02 secs] 
2020-09-29T18:15:03.577+0200: 16.803: [GC (Allocation Failure) 2020-09-29T18:15:03.578+0200: 16.803: [ParNew: 579085K->45094K(613440K), 0.0251035 secs] 579916K->45926K(2029056K), 0.0251957 secs] [Times: user=0.22 sys=0.00, real=0.03 secs] 
2020-09-29T18:15:03.654+0200: 16.880: [GC (Allocation Failure) 2020-09-29T18:15:03.654+0200: 16.880: [ParNew: 590438K->64558K(613440K), 0.0326468 secs] 591270K->65389K(2029056K), 0.0327198 secs] [Times: user=0.24 sys=0.00, real=0.03 secs] 
2020-09-29T18:15:03.736+0200: 16.962: [GC (Allocation Failure) 2020-09-29T18:15:03.736+0200: 16.962: [ParNew: 609902K->50974K(613440K), 0.0241984 secs] 610733K->51805K(2029056K), 0.0242687 secs] [Times: user=0.25 sys=0.00, real=0.02 secs] 
2020-09-29T18:15:03.814+0200: 17.040: [GC (Allocation Failure) 2020-09-29T18:15:03.814+0200: 17.040: [ParNew: 596045K->36735K(613440K), 0.0224961 secs] 596876K->37566K(2029056K), 0.0225654 secs] [Times: user=0.25 sys=0.00, real=0.02 secs] 
2020-09-29T18:15:03.884+0200: 17.110: [GC (Allocation Failure) 2020-09-29T18:15:03.884+0200: 17.110: [ParNew: 582079K->56473K(613440K), 0.0287715 secs] 582910K->57304K(2029056K), 0.0288569 secs] [Times: user=0.25 sys=0.00, real=0.03 secs] 
2020-09-29T18:15:03.960+0200: 17.186: [GC (Allocation Failure) 2020-09-29T18:15:03.960+0200: 17.186: [ParNew: 601817K->46583K(613440K), 0.0294868 secs] 602648K->47414K(2029056K), 0.0295544 secs] [Times: user=0.25 sys=0.00, real=0.03 secs] 
2020-09-29T18:15:04.040+0200: 17.266: [GC (Allocation Failure) 2020-09-29T18:15:04.040+0200: 17.266: [ParNew: 591927K->35526K(613440K), 0.0186421 secs] 592758K->36357K(2029056K), 0.0187193 secs] [Times: user=0.13 sys=0.00, real=0.02 secs] 
2020-09-29T18:15:04.112+0200: 17.338: [GC (Allocation Failure) 2020-09-29T18:15:04.112+0200: 17.338: [ParNew: 580870K->35938K(613440K), 0.0251114 secs] 581701K->36769K(2029056K), 0.0251802 secs] [Times: user=0.25 sys=0.00, real=0.03 secs] 
2020-09-29T18:15:04.187+0200: 17.413: [GC (Allocation Failure) 2020-09-29T18:15:04.188+0200: 17.414: [ParNew: 581282K->56196K(613440K), 0.0324921 secs] 582113K->57027K(2029056K), 0.0325898 secs] [Times: user=0.25 sys=0.00, real=0.03 secs] 
2020-09-29T18:15:04.267+0200: 17.493: [GC (Allocation Failure) 2020-09-29T18:15:04.267+0200: 17.493: [ParNew: 601540K->49551K(613440K), 0.0289160 secs] 602371K->50382K(2029056K), 0.0289876 secs] [Times: user=0.25 sys=0.00, real=0.03 secs] 
2020-09-29T18:15:04.350+0200: 17.575: [GC (Allocation Failure) 2020-09-29T18:15:04.350+0200: 17.575: [ParNew: 594895K->47641K(613440K), 0.0292373 secs] 595726K->48472K(2029056K), 0.0293143 secs] [Times: user=0.14 sys=0.00, real=0.03 secs] 
2020-09-29T18:15:04.431+0200: 17.657: [GC (Allocation Failure) 2020-09-29T18:15:04.431+0200: 17.657: [ParNew: 592985K->48140K(613440K), 0.0281796 secs] 593816K->48972K(2029056K), 0.0282518 secs] [Times: user=0.25 sys=0.00, real=0.03 secs] 
2020-09-29T18:15:04.506+0200: 17.732: [GC (Allocation Failure) 2020-09-29T18:15:04.506+0200: 17.732: [ParNew: 593484K->45765K(613440K), 0.0262875 secs] 594316K->46597K(2029056K), 0.0263568 secs] [Times: user=0.13 sys=0.00, real=0.03 secs] 
2020-09-29T18:15:04.587+0200: 17.813: [GC (Allocation Failure) 2020-09-29T18:15:04.587+0200: 17.813: [ParNew: 591109K->42314K(613440K), 0.0266358 secs] 591941K->43145K(2029056K), 0.0267190 secs] [Times: user=0.13 sys=0.00, real=0.03 secs] 
2020-09-29T18:15:04.672+0200: 17.897: [GC (Allocation Failure) 2020-09-29T18:15:04.672+0200: 17.897: [ParNew: 587658K->36552K(613440K), 0.0148236 secs] 588489K->37384K(2029056K), 0.0219620 secs] [Times: user=0.13 sys=0.00, real=0.02 secs] 
2020-09-29T18:15:04.753+0200: 17.979: [GC (Allocation Failure) 2020-09-29T18:15:04.753+0200: 17.979: [ParNew: 581896K->33613K(613440K), 0.0234354 secs] 582728K->34444K(2029056K), 0.0235235 secs] [Times: user=0.25 sys=0.00, real=0.02 secs] 
2020-09-29T18:15:04.827+0200: 18.053: [GC (Allocation Failure) 2020-09-29T18:15:04.827+0200: 18.053: [ParNew: 578957K->46432K(613440K), 0.0297678 secs] 579788K->47263K(2029056K), 0.0298408 secs] [Times: user=0.25 sys=0.00, real=0.03 secs] 
2020-09-29T18:15:04.913+0200: 18.138: [GC (Allocation Failure) 2020-09-29T18:15:04.913+0200: 18.138: [ParNew: 591776K->40477K(613440K), 0.0205714 secs] 592607K->41308K(2029056K), 0.0206416 secs] [Times: user=0.13 sys=0.00, real=0.02 secs] 
2020-09-29T18:15:04.996+0200: 18.221: [GC (Allocation Failure) 2020-09-29T18:15:04.996+0200: 18.221: [ParNew: 585821K->47725K(613440K), 0.0283090 secs] 586652K->48556K(2029056K), 0.0283868 secs] [Times: user=0.25 sys=0.00, real=0.03 secs] 
2020-09-29T18:15:05.076+0200: 18.301: [GC (Allocation Failure) 2020-09-29T18:15:05.076+0200: 18.301: [ParNew: 593069K->35556K(613440K), 0.0166005 secs] 593900K->36387K(2029056K), 0.0166669 secs] [Times: user=0.13 sys=0.00, real=0.02 secs] 
2020-09-29T18:15:05.142+0200: 18.367: [GC (Allocation Failure) 2020-09-29T18:15:05.142+0200: 18.367: [ParNew: 580900K->53282K(613440K), 0.0324525 secs] 581731K->54113K(2029056K), 0.0325202 secs] [Times: user=0.25 sys=0.00, real=0.03 secs] 
2020-09-29T18:15:05.222+0200: 18.447: [GC (Allocation Failure) 2020-09-29T18:15:05.222+0200: 18.447: [ParNew: 598626K->34135K(613440K), 0.0146671 secs] 599457K->34966K(2029056K), 0.0147465 secs] [Times: user=0.13 sys=0.00, real=0.02 secs] 
2020-09-29T18:15:05.298+0200: 18.524: [GC (Allocation Failure) 2020-09-29T18:15:05.298+0200: 18.524: [ParNew: 579479K->46063K(613440K), 0.0297589 secs] 580310K->46894K(2029056K), 0.0298239 secs] [Times: user=0.25 sys=0.00, real=0.03 secs] 
2020-09-29T18:15:05.376+0200: 18.601: [GC (Allocation Failure) 2020-09-29T18:15:05.376+0200: 18.601: [ParNew: 591407K->60188K(613440K), 0.0255427 secs] 592238K->61019K(2029056K), 0.0256207 secs] [Times: user=0.25 sys=0.00, real=0.03 secs] 
2020-09-29T18:15:05.461+0200: 18.686: [GC (Allocation Failure) 2020-09-29T18:15:05.461+0200: 18.686: [ParNew: 605532K->62856K(613440K), 0.0347341 secs] 606363K->63688K(2029056K), 0.0348209 secs] [Times: user=0.22 sys=0.00, real=0.03 secs] 
2020-09-29T18:15:05.544+0200: 18.770: [GC (Allocation Failure) 2020-09-29T18:15:05.544+0200: 18.770: [ParNew: 608200K->68096K(613440K), 0.0334596 secs] 609032K->68947K(2029056K), 0.0335433 secs] [Times: user=0.25 sys=0.00, real=0.03 secs] 
2020-09-29T18:15:05.627+0200: 18.853: [GC (Allocation Failure) 2020-09-29T18:15:05.627+0200: 18.853: [ParNew: 613440K->44193K(613440K), 0.0177540 secs] 614291K->45044K(2029056K), 0.0178439 secs] [Times: user=0.22 sys=0.00, real=0.02 secs] 
2020-09-29T18:15:05.707+0200: 18.932: [GC (Allocation Failure) 2020-09-29T18:15:05.707+0200: 18.932: [ParNew: 589537K->49046K(613440K), 0.0293063 secs] 590388K->49897K(2029056K), 0.0293821 secs] [Times: user=0.25 sys=0.00, real=0.03 secs] 
2020-09-29T18:15:05.784+0200: 19.010: [GC (Allocation Failure) 2020-09-29T18:15:05.784+0200: 19.010: [ParNew: 594390K->33416K(613440K), 0.0204754 secs] 595241K->34267K(2029056K), 0.0205446 secs] [Times: user=0.25 sys=0.00, real=0.02 secs] 
2020-09-29T18:15:05.855+0200: 19.081: [GC (Allocation Failure) 2020-09-29T18:15:05.855+0200: 19.081: [ParNew: 578760K->46551K(613440K), 0.0261022 secs] 579611K->47402K(2029056K), 0.0261832 secs] [Times: user=0.25 sys=0.00, real=0.03 secs] 
2020-09-29T18:15:05.933+0200: 19.159: [GC (Allocation Failure) 2020-09-29T18:15:05.933+0200: 19.159: [ParNew: 591895K->59555K(613440K), 0.0299757 secs] 592746K->60406K(2029056K), 0.0300422 secs] [Times: user=0.25 sys=0.00, real=0.03 secs] 
2020-09-29T18:15:06.013+0200: 19.239: [GC (Allocation Failure) 2020-09-29T18:15:06.013+0200: 19.239: [ParNew: 604899K->58051K(613440K), 0.0293208 secs] 605750K->58903K(2029056K), 0.0293974 secs] [Times: user=0.25 sys=0.00, real=0.03 secs] 
2020-09-29T18:15:06.092+0200: 19.318: [GC (Allocation Failure) 2020-09-29T18:15:06.092+0200: 19.318: [ParNew: 603395K->68096K(613440K), 0.0365822 secs] 604247K->70160K(2029056K), 0.0366480 secs] [Times: user=0.25 sys=0.00, real=0.04 secs] 
2020-09-29T18:15:06.178+0200: 19.403: [GC (Allocation Failure) 2020-09-29T18:15:06.178+0200: 19.403: [ParNew: 613440K->48653K(613440K), 0.0202603 secs] 615504K->50717K(2029056K), 0.0203261 secs] [Times: user=0.13 sys=0.00, real=0.02 secs] 
2020-09-29T18:15:06.249+0200: 19.474: [GC (Allocation Failure) 2020-09-29T18:15:06.249+0200: 19.474: [ParNew: 593997K->63632K(613440K), 0.0342435 secs] 596061K->65696K(2029056K), 0.0343159 secs] [Times: user=0.25 sys=0.00, real=0.03 secs] 
2020-09-29T18:15:06.331+0200: 19.556: [GC (Allocation Failure) 2020-09-29T18:15:06.331+0200: 19.556: [ParNew: 608976K->68096K(613440K), 0.0339915 secs] 611040K->70227K(2029056K), 0.0340662 secs] [Times: user=0.36 sys=0.00, real=0.03 secs] 
2020-09-29T18:15:06.411+0200: 19.637: [GC (Allocation Failure) 2020-09-29T18:15:06.411+0200: 19.637: [ParNew: 613440K->47503K(613440K), 0.0246955 secs] 615571K->49635K(2029056K), 0.0247659 secs] [Times: user=0.13 sys=0.00, real=0.03 secs] 
2020-09-29T18:15:06.490+0200: 19.716: [GC (Allocation Failure) 2020-09-29T18:15:06.490+0200: 19.716: [ParNew: 592847K->31835K(613440K), 0.0245566 secs] 594979K->33967K(2029056K), 0.0246267 secs] [Times: user=0.11 sys=0.00, real=0.03 secs] 
2020-09-29T18:15:06.575+0200: 19.800: [GC (Allocation Failure) 2020-09-29T18:15:06.575+0200: 19.800: [ParNew: 577179K->55354K(613440K), 0.0275576 secs] 579311K->57486K(2029056K), 0.0276475 secs] [Times: user=0.25 sys=0.00, real=0.03 secs] 
2020-09-29T18:15:06.660+0200: 19.886: [GC (Allocation Failure) 2020-09-29T18:15:06.660+0200: 19.886: [ParNew: 600698K->60134K(613440K), 0.0287725 secs] 602830K->62266K(2029056K), 0.0288464 secs] [Times: user=0.19 sys=0.00, real=0.03 secs] 
2020-09-29T18:15:06.745+0200: 19.971: [GC (Allocation Failure) 2020-09-29T18:15:06.745+0200: 19.971: [ParNew: 605478K->47923K(613440K), 0.0273487 secs] 607610K->50055K(2029056K), 0.0274296 secs] [Times: user=0.25 sys=0.00, real=0.03 secs] 
2020-09-29T18:15:06.822+0200: 20.048: [GC (Allocation Failure) 2020-09-29T18:15:06.822+0200: 20.048: [ParNew: 593267K->37477K(613440K), 0.0248947 secs] 595399K->39609K(2029056K), 0.0249662 secs] [Times: user=0.13 sys=0.00, real=0.02 secs] 
2020-09-29T18:15:06.897+0200: 20.123: [GC (Allocation Failure) 2020-09-29T18:15:06.897+0200: 20.123: [ParNew: 582821K->38279K(613440K), 0.0240878 secs] 584953K->40411K(2029056K), 0.0241704 secs] [Times: user=0.13 sys=0.00, real=0.02 secs] 
2020-09-29T18:15:06.972+0200: 20.198: [GC (Allocation Failure) 2020-09-29T18:15:06.972+0200: 20.198: [ParNew: 583623K->38220K(613440K), 0.0235738 secs] 585755K->40352K(2029056K), 0.0236427 secs] [Times: user=0.22 sys=0.00, real=0.02 secs] 
2020-09-29T18:15:07.049+0200: 20.275: [GC (Allocation Failure) 2020-09-29T18:15:07.049+0200: 20.275: [ParNew: 583564K->57259K(613440K), 0.0303037 secs] 585696K->59391K(2029056K), 0.0303747 secs] [Times: user=0.25 sys=0.00, real=0.03 secs] 
2020-09-29T18:15:07.133+0200: 20.358: [GC (Allocation Failure) 2020-09-29T18:15:07.133+0200: 20.358: [ParNew: 602603K->51863K(613440K), 0.0291263 secs] 604735K->53994K(2029056K), 0.0292165 secs] [Times: user=0.25 sys=0.00, real=0.03 secs] 
2020-09-29T18:15:07.210+0200: 20.436: [GC (Allocation Failure) 2020-09-29T18:15:07.210+0200: 20.436: [ParNew: 597207K->68096K(613440K), 0.0356903 secs] 599338K->70909K(2029056K), 0.0357666 secs] [Times: user=0.25 sys=0.00, real=0.04 secs] 
2020-09-29T18:15:07.295+0200: 20.521: [GC (Allocation Failure) 2020-09-29T18:15:07.295+0200: 20.521: [ParNew: 613440K->53943K(613440K), 0.0294637 secs] 616253K->56756K(2029056K), 0.0295382 secs] [Times: user=0.25 sys=0.00, real=0.03 secs] 
2020-09-29T18:15:07.372+0200: 20.598: [GC (Allocation Failure) 2020-09-29T18:15:07.372+0200: 20.598: [ParNew: 599287K->44817K(613440K), 0.0251010 secs] 602100K->47631K(2029056K), 0.0330348 secs] [Times: user=0.25 sys=0.00, real=0.03 secs] 
2020-09-29T18:15:07.463+0200: 20.688: [GC (Allocation Failure) 2020-09-29T18:15:07.463+0200: 20.688: [ParNew: 590161K->39604K(613440K), 0.0167364 secs] 592975K->42418K(2029056K), 0.0168095 secs] [Times: user=0.13 sys=0.00, real=0.02 secs] 
2020-09-29T18:15:07.534+0200: 20.759: [GC (Allocation Failure) 2020-09-29T18:15:07.534+0200: 20.759: [ParNew: 584948K->38044K(613440K), 0.0169056 secs] 587762K->40858K(2029056K), 0.0169596 secs] [Times: user=0.13 sys=0.00, real=0.02 secs] 
2020-09-29T18:15:07.599+0200: 20.824: [GC (Allocation Failure) 2020-09-29T18:15:07.599+0200: 20.824: [ParNew: 583388K->60510K(613440K), 0.0229931 secs] 586202K->63324K(2029056K), 0.0230595 secs] [Times: user=0.13 sys=0.00, real=0.02 secs] 
2020-09-29T18:15:07.670+0200: 20.896: [GC (Allocation Failure) 2020-09-29T18:15:07.670+0200: 20.896: [ParNew: 605854K->36521K(613440K), 0.0100366 secs] 608668K->39335K(2029056K), 0.0100930 secs] [Times: user=0.13 sys=0.00, real=0.01 secs] 
2020-09-29T18:15:07.730+0200: 20.955: [GC (Allocation Failure) 2020-09-29T18:15:07.730+0200: 20.955: [ParNew: 581865K->42265K(613440K), 0.0217323 secs] 584679K->45079K(2029056K), 0.0217876 secs] [Times: user=0.13 sys=0.00, real=0.02 secs] 
2020-09-29T18:15:07.801+0200: 21.026: [GC (Allocation Failure) 2020-09-29T18:15:07.801+0200: 21.026: [ParNew: 587609K->37992K(613440K), 0.0138589 secs] 590423K->40806K(2029056K), 0.0139341 secs] [Times: user=0.13 sys=0.00, real=0.01 secs] 
2020-09-29T18:15:07.868+0200: 21.093: [GC (Allocation Failure) 2020-09-29T18:15:07.868+0200: 21.093: [ParNew: 583336K->52990K(613440K), 0.0193776 secs] 586150K->55804K(2029056K), 0.0194706 secs] [Times: user=0.13 sys=0.00, real=0.02 secs] 
2020-09-29T18:15:07.934+0200: 21.159: [GC (Allocation Failure) 2020-09-29T18:15:07.934+0200: 21.159: [ParNew: 598334K->41931K(613440K), 0.0170416 secs] 601148K->44745K(2029056K), 0.0170968 secs] [Times: user=0.13 sys=0.00, real=0.02 secs] 
2020-09-29T18:15:08.004+0200: 21.229: [GC (Allocation Failure) 2020-09-29T18:15:08.004+0200: 21.229: [ParNew: 587275K->37821K(613440K), 0.0191368 secs] 590089K->40635K(2029056K), 0.0192175 secs] [Times: user=0.25 sys=0.00, real=0.02 secs] 
2020-09-29T18:15:08.075+0200: 21.300: [GC (Allocation Failure) 2020-09-29T18:15:08.075+0200: 21.300: [ParNew: 583165K->60832K(613440K), 0.0242548 secs] 585979K->63646K(2029056K), 0.0243302 secs] [Times: user=0.25 sys=0.00, real=0.02 secs] 
2020-09-29T18:15:08.149+0200: 21.374: [GC (Allocation Failure) 2020-09-29T18:15:08.149+0200: 21.374: [ParNew: 606176K->54109K(613440K), 0.0235694 secs] 608990K->56922K(2029056K), 0.0236295 secs] [Times: user=0.13 sys=0.00, real=0.02 secs] 
2020-09-29T18:15:08.221+0200: 21.446: [GC (Allocation Failure) 2020-09-29T18:15:08.221+0200: 21.446: [ParNew: 599453K->38169K(613440K), 0.0089415 secs] 602266K->40983K(2029056K), 0.0089982 secs] [Times: user=0.13 sys=0.00, real=0.01 secs] 
2020-09-29T18:15:08.282+0200: 21.507: [GC (Allocation Failure) 2020-09-29T18:15:08.282+0200: 21.507: [ParNew: 583513K->39873K(613440K), 0.0203310 secs] 586327K->42687K(2029056K), 0.0203956 secs] [Times: user=0.25 sys=0.00, real=0.02 secs] 
2020-09-29T18:15:08.353+0200: 21.578: [GC (Allocation Failure) 2020-09-29T18:15:08.353+0200: 21.578: [ParNew: 585217K->45176K(613440K), 0.0187568 secs] 588031K->47990K(2029056K), 0.0188279 secs] [Times: user=0.13 sys=0.00, real=0.02 secs] 
2020-09-29T18:15:08.420+0200: 21.645: [GC (Allocation Failure) 2020-09-29T18:15:08.420+0200: 21.646: [ParNew: 590520K->36268K(613440K), 0.0171899 secs] 593334K->39081K(2029056K), 0.0172438 secs] [Times: user=0.13 sys=0.00, real=0.02 secs] 
2020-09-29T18:15:08.488+0200: 21.713: [GC (Allocation Failure) 2020-09-29T18:15:08.488+0200: 21.713: [ParNew: 581612K->35002K(613440K), 0.0173656 secs] 584425K->37816K(2029056K), 0.0174216 secs] [Times: user=0.25 sys=0.00, real=0.02 secs] 
2020-09-29T18:15:08.553+0200: 21.778: [GC (Allocation Failure) 2020-09-29T18:15:08.553+0200: 21.778: [ParNew: 580346K->54933K(613440K), 0.0217941 secs] 583160K->57747K(2029056K), 0.0218748 secs] [Times: user=0.13 sys=0.00, real=0.02 secs] 
2020-09-29T18:15:08.623+0200: 21.849: [GC (Allocation Failure) 2020-09-29T18:15:08.623+0200: 21.849: [ParNew: 600277K->68096K(613440K), 0.0261466 secs] 603091K->70909K(2029056K), 0.0262154 secs] [Times: user=0.25 sys=0.00, real=0.03 secs] 
2020-09-29T18:15:08.697+0200: 21.922: [GC (Allocation Failure) 2020-09-29T18:15:08.697+0200: 21.922: [ParNew: 613440K->58826K(613440K), 0.0180395 secs] 616253K->61639K(2029056K), 0.0181115 secs] [Times: user=0.13 sys=0.00, real=0.02 secs] 
2020-09-29T18:15:08.766+0200: 21.991: [GC (Allocation Failure) 2020-09-29T18:15:08.773+0200: 21.998: [ParNew: 604170K->50076K(613440K), 0.0359674 secs] 606983K->52890K(2029056K), 0.0431762 secs] [Times: user=0.25 sys=0.00, real=0.04 secs] 
2020-09-29T18:15:08.862+0200: 22.088: [GC (Allocation Failure) 2020-09-29T18:15:08.862+0200: 22.088: [ParNew: 595420K->33831K(613440K), 0.0170099 secs] 598234K->36645K(2029056K), 0.0170626 secs] [Times: user=0.13 sys=0.00, real=0.02 secs] 
2020-09-29T18:15:08.927+0200: 22.152: [GC (Allocation Failure) 2020-09-29T18:15:08.927+0200: 22.152: [ParNew: 579175K->35350K(613440K), 0.0152694 secs] 581989K->38164K(2029056K), 0.0153237 secs] [Times: user=0.13 sys=0.00, real=0.01 secs] 
2020-09-29T18:15:08.994+0200: 22.219: [GC (Allocation Failure) 2020-09-29T18:15:08.994+0200: 22.219: [ParNew: 580694K->66061K(613440K), 0.0265139 secs] 583508K->68874K(2029056K), 0.0265841 secs] [Times: user=0.25 sys=0.00, real=0.03 secs] 
2020-09-29T18:15:09.066+0200: 22.292: [GC (Allocation Failure) 2020-09-29T18:15:09.067+0200: 22.292: [ParNew: 611405K->52114K(613440K), 0.0201956 secs] 614218K->54927K(2029056K), 0.0202747 secs] [Times: user=0.14 sys=0.00, real=0.02 secs] 
2020-09-29T18:15:09.133+0200: 22.359: [GC (Allocation Failure) 2020-09-29T18:15:09.133+0200: 22.359: [ParNew: 597458K->40097K(613440K), 0.0124576 secs] 600271K->42911K(2029056K), 0.0125128 secs] [Times: user=0.13 sys=0.00, real=0.01 secs] 
2020-09-29T18:15:09.205+0200: 22.430: [GC (Allocation Failure) 2020-09-29T18:15:09.205+0200: 22.430: [ParNew: 583755K->37205K(613440K), 0.0179421 secs] 586569K->40019K(2029056K), 0.0180591 secs] [Times: user=0.14 sys=0.08, real=0.02 secs] 
2020-09-29T18:15:09.270+0200: 22.495: [GC (Allocation Failure) 2020-09-29T18:15:09.270+0200: 22.495: [ParNew: 582549K->29588K(613440K), 0.0162219 secs] 585363K->32402K(2029056K), 0.0162847 secs] [Times: user=0.11 sys=0.00, real=0.02 secs] 
2020-09-29T18:15:09.333+0200: 22.559: [GC (Allocation Failure) 2020-09-29T18:15:09.333+0200: 22.559: [ParNew: 574932K->28974K(613440K), 0.0140538 secs] 577746K->31788K(2029056K), 0.0141087 secs] [Times: user=0.00 sys=0.00, real=0.01 secs] 
2020-09-29T18:15:09.400+0200: 22.625: [GC (Allocation Failure) 2020-09-29T18:15:09.400+0200: 22.625: [ParNew: 574318K->49123K(613440K), 0.0187898 secs] 577132K->51937K(2029056K), 0.0188626 secs] [Times: user=0.13 sys=0.00, real=0.02 secs] 
2020-09-29T18:15:09.466+0200: 22.691: [GC (Allocation Failure) 2020-09-29T18:15:09.466+0200: 22.691: [ParNew: 594467K->46060K(613440K), 0.0188030 secs] 597281K->48874K(2029056K), 0.0188618 secs] [Times: user=0.13 sys=0.00, real=0.02 secs] 
2020-09-29T18:15:09.533+0200: 22.758: [GC (Allocation Failure) 2020-09-29T18:15:09.533+0200: 22.758: [ParNew: 591404K->38397K(613440K), 0.0183791 secs] 594218K->41211K(2029056K), 0.0184635 secs] [Times: user=0.13 sys=0.00, real=0.02 secs] 
2020-09-29T18:15:09.604+0200: 22.829: [GC (Allocation Failure) 2020-09-29T18:15:09.604+0200: 22.829: [ParNew: 583741K->39303K(613440K), 0.0178799 secs] 586555K->42117K(2029056K), 0.0179403 secs] [Times: user=0.11 sys=0.00, real=0.02 secs] 
2020-09-29T18:15:09.669+0200: 22.894: [GC (Allocation Failure) 2020-09-29T18:15:09.669+0200: 22.894: [ParNew: 584647K->33348K(613440K), 0.0161917 secs] 587461K->36162K(2029056K), 0.0162462 secs] [Times: user=0.13 sys=0.00, real=0.02 secs] 
2020-09-29T18:15:09.736+0200: 22.962: [GC (Allocation Failure) 2020-09-29T18:15:09.736+0200: 22.962: [ParNew: 578692K->57749K(613440K), 0.0198487 secs] 581506K->60563K(2029056K), 0.0199147 secs] [Times: user=0.25 sys=0.00, real=0.02 secs] 
2020-09-29T18:15:09.810+0200: 23.036: [GC (Allocation Failure) 2020-09-29T18:15:09.810+0200: 23.036: [ParNew: 603093K->48338K(613440K), 0.0196394 secs] 605907K->51151K(2029056K), 0.0196952 secs] [Times: user=0.11 sys=0.00, real=0.02 secs] 
2020-09-29T18:15:09.880+0200: 23.106: [GC (Allocation Failure) 2020-09-29T18:15:09.880+0200: 23.106: [ParNew: 593682K->39779K(613440K), 0.0179245 secs] 596495K->42593K(2029056K), 0.0179836 secs] [Times: user=0.13 sys=0.00, real=0.02 secs] 
2020-09-29T18:15:09.945+0200: 23.171: [GC (Allocation Failure) 2020-09-29T18:15:09.945+0200: 23.171: [ParNew: 585123K->61119K(613440K), 0.0218751 secs] 587937K->63933K(2029056K), 0.0219290 secs] [Times: user=0.13 sys=0.00, real=0.02 secs] 
2020-09-29T18:15:10.017+0200: 23.242: [GC (Allocation Failure) 2020-09-29T18:15:10.017+0200: 23.242: [ParNew: 606463K->48417K(613440K), 0.0159147 secs] 609277K->51231K(2029056K), 0.0159755 secs] [Times: user=0.13 sys=0.00, real=0.02 secs] 
2020-09-29T18:15:10.084+0200: 23.310: [GC (Allocation Failure) 2020-09-29T18:15:10.084+0200: 23.310: [ParNew: 593761K->40132K(613440K), 0.0154796 secs] 596575K->42946K(2029056K), 0.0155361 secs] [Times: user=0.13 sys=0.00, real=0.02 secs] 
2020-09-29T18:15:10.151+0200: 23.377: [GC (Allocation Failure) 2020-09-29T18:15:10.151+0200: 23.377: [ParNew: 585476K->50322K(613440K), 0.0199418 secs] 588290K->53136K(2029056K), 0.0199956 secs] [Times: user=0.13 sys=0.00, real=0.02 secs] 
2020-09-29T18:15:10.218+0200: 23.444: [GC (Allocation Failure) 2020-09-29T18:15:10.218+0200: 23.444: [ParNew: 595666K->53825K(613440K), 0.0205633 secs] 598480K->56639K(2029056K), 0.0206683 secs] [Times: user=0.25 sys=0.00, real=0.02 secs] 
2020-09-29T18:15:10.287+0200: 23.513: [GC (Allocation Failure) 2020-09-29T18:15:10.287+0200: 23.513: [ParNew: 599169K->37451K(613440K), 0.0125026 secs] 601983K->40264K(2029056K), 0.0125616 secs] [Times: user=0.00 sys=0.00, real=0.01 secs] 
2020-09-29T18:15:10.358+0200: 23.584: [GC (Allocation Failure) 2020-09-29T18:15:10.358+0200: 23.584: [ParNew: 582795K->19807K(613440K), 0.0108101 secs] 585608K->22620K(2029056K), 0.0108919 secs] [Times: user=0.13 sys=0.00, real=0.01 secs] 
2020-09-29T18:15:10.425+0200: 23.650: [GC (Allocation Failure) 2020-09-29T18:15:10.425+0200: 23.650: [ParNew: 565151K->50870K(613440K), 0.0220450 secs] 567964K->53684K(2029056K), 0.0221040 secs] [Times: user=0.25 sys=0.00, real=0.02 secs] 
2020-09-29T18:15:10.496+0200: 23.722: [GC (Allocation Failure) 2020-09-29T18:15:10.496+0200: 23.722: [ParNew: 596214K->39475K(613440K), 0.0158343 secs] 599028K->42289K(2029056K), 0.0158964 secs] [Times: user=0.13 sys=0.00, real=0.02 secs] 
2020-09-29T18:15:10.562+0200: 23.788: [GC (Allocation Failure) 2020-09-29T18:15:10.562+0200: 23.788: [ParNew: 584819K->55762K(613440K), 0.0206208 secs] 587633K->58576K(2029056K), 0.0206940 secs] [Times: user=0.23 sys=0.00, real=0.02 secs] 
2020-09-29T18:15:10.636+0200: 23.862: [GC (Allocation Failure) 2020-09-29T18:15:10.636+0200: 23.862: [ParNew: 601106K->41740K(613440K), 0.0136071 secs] 603920K->44553K(2029056K), 0.0136677 secs] [Times: user=0.13 sys=0.00, real=0.01 secs] 
2020-09-29T18:15:10.699+0200: 23.925: [GC (Allocation Failure) 2020-09-29T18:15:10.699+0200: 23.925: [ParNew: 587084K->55174K(613440K), 0.0237486 secs] 589897K->57988K(2029056K), 0.0238010 secs] [Times: user=0.25 sys=0.00, real=0.02 secs] 
2020-09-29T18:15:10.773+0200: 23.999: [GC (Allocation Failure) 2020-09-29T18:15:10.773+0200: 23.999: [ParNew: 600518K->45930K(613440K), 0.0191320 secs] 603332K->48743K(2029056K), 0.0191908 secs] [Times: user=0.13 sys=0.00, real=0.02 secs] 
2020-09-29T18:15:10.840+0200: 24.066: [GC (Allocation Failure) 2020-09-29T18:15:10.840+0200: 24.066: [ParNew: 591274K->63114K(613440K), 0.0231039 secs] 594087K->65928K(2029056K), 0.0231804 secs] [Times: user=0.13 sys=0.00, real=0.02 secs] 
2020-09-29T18:15:10.911+0200: 24.137: [GC (Allocation Failure) 2020-09-29T18:15:10.911+0200: 24.137: [ParNew: 608458K->52295K(613440K), 0.0227900 secs] 611272K->55109K(2029056K), 0.0228833 secs] [Times: user=0.13 sys=0.00, real=0.02 secs] 
2020-09-29T18:15:10.981+0200: 24.207: [GC (Allocation Failure) 2020-09-29T18:15:10.981+0200: 24.207: [ParNew: 597639K->43985K(613440K), 0.0148967 secs] 600453K->46799K(2029056K), 0.0149650 secs] [Times: user=0.13 sys=0.00, real=0.02 secs] 
2020-09-29T18:15:11.046+0200: 24.272: [GC (Allocation Failure) 2020-09-29T18:15:11.046+0200: 24.272: [ParNew: 589329K->45290K(613440K), 0.0199496 secs] 592143K->48104K(2029056K), 0.0200029 secs] [Times: user=0.13 sys=0.00, real=0.02 secs] 
2020-09-29T18:15:11.113+0200: 24.339: [GC (Allocation Failure) 2020-09-29T18:15:11.113+0200: 24.339: [ParNew: 590634K->40700K(613440K), 0.0139185 secs] 593448K->43514K(2029056K), 0.0139922 secs] [Times: user=0.03 sys=0.02, real=0.01 secs] 
2020-09-29T18:15:11.175+0200: 24.401: [GC (Allocation Failure) 2020-09-29T18:15:11.175+0200: 24.401: [ParNew: 586044K->40758K(613440K), 0.0194926 secs] 588858K->43571K(2029056K), 0.0195663 secs] [Times: user=0.13 sys=0.01, real=0.02 secs] 
2020-09-29T18:15:11.242+0200: 24.468: [GC (Allocation Failure) 2020-09-29T18:15:11.242+0200: 24.468: [ParNew: 586102K->34655K(613440K), 0.0168987 secs] 588915K->37469K(2029056K), 0.0169639 secs] [Times: user=0.13 sys=0.00, real=0.02 secs] 
2020-09-29T18:15:11.308+0200: 24.533: [GC (Allocation Failure) 2020-09-29T18:15:11.308+0200: 24.533: [ParNew: 579999K->32105K(613440K), 0.0163481 secs] 582813K->34919K(2029056K), 0.0164070 secs] [Times: user=0.13 sys=0.00, real=0.02 secs] 
2020-09-29T18:15:11.378+0200: 24.604: [GC (Allocation Failure) 2020-09-29T18:15:11.378+0200: 24.604: [ParNew: 577449K->59068K(613440K), 0.0212301 secs] 580263K->61881K(2029056K), 0.0212899 secs] [Times: user=0.25 sys=0.00, real=0.02 secs] 
2020-09-29T18:15:11.447+0200: 24.673: [GC (Allocation Failure) 2020-09-29T18:15:11.447+0200: 24.673: [ParNew: 604412K->68096K(613440K), 0.0265659 secs] 607225K->71593K(2029056K), 0.0266194 secs] [Times: user=0.23 sys=0.02, real=0.03 secs] 
2020-09-29T18:15:11.522+0200: 24.748: [GC (Allocation Failure) 2020-09-29T18:15:11.522+0200: 24.748: [ParNew: 613440K->46432K(613440K), 0.0140049 secs] 616937K->49930K(2029056K), 0.0140630 secs] [Times: user=0.13 sys=0.00, real=0.01 secs] 
2020-09-29T18:15:11.586+0200: 24.812: [GC (Allocation Failure) 2020-09-29T18:15:11.586+0200: 24.812: [ParNew: 591776K->46894K(613440K), 0.0193538 secs] 595274K->50392K(2029056K), 0.0194142 secs] [Times: user=0.13 sys=0.00, real=0.02 secs] 
2020-09-29T18:15:11.654+0200: 24.880: [GC (Allocation Failure) 2020-09-29T18:15:11.654+0200: 24.880: [ParNew: 592238K->67481K(613440K), 0.0238144 secs] 595736K->70979K(2029056K), 0.0238844 secs] [Times: user=0.25 sys=0.00, real=0.02 secs] 
2020-09-29T18:15:11.727+0200: 24.953: [GC (Allocation Failure) 2020-09-29T18:15:11.727+0200: 24.953: [ParNew: 612825K->46573K(613440K), 0.0188417 secs] 616323K->50071K(2029056K), 0.0189024 secs] [Times: user=0.13 sys=0.00, real=0.02 secs] 
2020-09-29T18:15:11.795+0200: 25.021: [GC (Allocation Failure) 2020-09-29T18:15:11.795+0200: 25.021: [ParNew: 591917K->66785K(613440K), 0.0226108 secs] 595415K->70283K(2029056K), 0.0226713 secs] [Times: user=0.25 sys=0.00, real=0.02 secs] 
2020-09-29T18:15:11.866+0200: 25.092: [GC (Allocation Failure) 2020-09-29T18:15:11.866+0200: 25.092: [ParNew: 612129K->45592K(613440K), 0.0161238 secs] 615627K->49090K(2029056K), 0.0161823 secs] [Times: user=0.13 sys=0.00, real=0.02 secs] 
2020-09-29T18:15:11.929+0200: 25.155: [GC (Allocation Failure) 2020-09-29T18:15:11.929+0200: 25.155: [ParNew: 590936K->45406K(613440K), 0.0209767 secs] 594434K->48904K(2029056K), 0.0210418 secs] [Times: user=0.13 sys=0.00, real=0.02 secs] 
2020-09-29T18:15:11.997+0200: 25.223: [GC (Allocation Failure) 2020-09-29T18:15:11.997+0200: 25.223: [ParNew: 590750K->42955K(613440K), 0.0157765 secs] 594248K->46453K(2029056K), 0.0158505 secs] [Times: user=0.13 sys=0.00, real=0.02 secs] 
2020-09-29T18:15:12.065+0200: 25.291: [GC (Allocation Failure) 2020-09-29T18:15:12.065+0200: 25.291: [ParNew: 588299K->25858K(613440K), 0.0135661 secs] 591797K->29356K(2029056K), 0.0136228 secs] [Times: user=0.13 sys=0.00, real=0.01 secs] 
2020-09-29T18:15:12.126+0200: 25.352: [GC (Allocation Failure) 2020-09-29T18:15:12.126+0200: 25.352: [ParNew: 571202K->42735K(613440K), 0.0194109 secs] 574700K->46233K(2029056K), 0.0194814 secs] [Times: user=0.25 sys=0.00, real=0.02 secs] 
2020-09-29T18:15:12.194+0200: 25.420: [GC (Allocation Failure) 2020-09-29T18:15:12.194+0200: 25.420: [ParNew: 588079K->41509K(613440K), 0.0187175 secs] 591577K->45007K(2029056K), 0.0187795 secs] [Times: user=0.13 sys=0.00, real=0.02 secs] 
2020-09-29T18:15:12.260+0200: 25.486: [GC (Allocation Failure) 2020-09-29T18:15:12.260+0200: 25.486: [ParNew: 586853K->32021K(613440K), 0.0109503 secs] 590351K->35519K(2029056K), 0.0110067 secs] [Times: user=0.13 sys=0.00, real=0.01 secs] 
2020-09-29T18:15:12.326+0200: 25.552: [GC (Allocation Failure) 2020-09-29T18:15:12.326+0200: 25.552: [ParNew: 577365K->50416K(613440K), 0.0215830 secs] 580863K->53914K(2029056K), 0.0216626 secs] [Times: user=0.14 sys=0.02, real=0.02 secs] 
2020-09-29T18:15:12.395+0200: 25.621: [GC (Allocation Failure) 2020-09-29T18:15:12.395+0200: 25.621: [ParNew: 595760K->37499K(613440K), 0.0148847 secs] 599258K->40997K(2029056K), 0.0149398 secs] [Times: user=0.11 sys=0.00, real=0.02 secs] 
2020-09-29T18:15:12.462+0200: 25.688: [GC (Allocation Failure) 2020-09-29T18:15:12.462+0200: 25.688: [ParNew: 582843K->66895K(613440K), 0.0251983 secs] 586341K->70393K(2029056K), 0.0252650 secs] [Times: user=0.13 sys=0.00, real=0.03 secs] 
2020-09-29T18:15:12.536+0200: 25.762: [GC (Allocation Failure) 2020-09-29T18:15:12.536+0200: 25.762: [ParNew: 612239K->68096K(613440K), 0.0253031 secs] 615737K->71852K(2029056K), 0.0253644 secs] [Times: user=0.13 sys=0.00, real=0.03 secs] 
2020-09-29T18:15:12.609+0200: 25.835: [GC (Allocation Failure) 2020-09-29T18:15:12.609+0200: 25.835: [ParNew: 613440K->56098K(613440K), 0.0185958 secs] 617196K->59855K(2029056K), 0.0186569 secs] [Times: user=0.13 sys=0.00, real=0.02 secs] 
2020-09-29T18:15:12.678+0200: 25.904: [GC (Allocation Failure) 2020-09-29T18:15:12.678+0200: 25.904: [ParNew: 601442K->68096K(613440K), 0.0241373 secs] 605199K->72089K(2029056K), 0.0241988 secs] [Times: user=0.13 sys=0.00, real=0.03 secs] 
2020-09-29T18:15:12.752+0200: 25.978: [GC (Allocation Failure) 2020-09-29T18:15:12.752+0200: 25.978: [ParNew: 613440K->53577K(613440K), 0.0245328 secs] 617433K->57571K(2029056K), 0.0246146 secs] [Times: user=0.25 sys=0.00, real=0.02 secs] 
2020-09-29T18:15:12.826+0200: 26.052: [GC (Allocation Failure) 2020-09-29T18:15:12.826+0200: 26.052: [ParNew: 598921K->49280K(613440K), 0.0223480 secs] 602915K->53273K(2029056K), 0.0224029 secs] [Times: user=0.25 sys=0.00, real=0.02 secs] 
2020-09-29T18:15:12.898+0200: 26.123: [GC (Allocation Failure) 2020-09-29T18:15:12.898+0200: 26.123: [ParNew: 594624K->47253K(613440K), 0.0154334 secs] 598617K->51246K(2029056K), 0.0154944 secs] [Times: user=0.13 sys=0.00, real=0.02 secs] 
2020-09-29T18:15:12.962+0200: 26.187: [GC (Allocation Failure) 2020-09-29T18:15:12.962+0200: 26.187: [ParNew: 592597K->42136K(613440K), 0.0200977 secs] 596590K->46130K(2029056K), 0.0201678 secs] [Times: user=0.13 sys=0.00, real=0.02 secs] 
2020-09-29T18:15:13.033+0200: 26.258: [GC (Allocation Failure) 2020-09-29T18:15:13.033+0200: 26.258: [ParNew: 587480K->51927K(613440K), 0.0211079 secs] 591474K->55921K(2029056K), 0.0211853 secs] [Times: user=0.23 sys=0.00, real=0.02 secs] 
2020-09-29T18:15:13.110+0200: 26.336: [GC (Allocation Failure) 2020-09-29T18:15:13.110+0200: 26.336: [ParNew: 597271K->52973K(613440K), 0.0234481 secs] 601265K->56967K(2029056K), 0.0235168 secs] [Times: user=0.23 sys=0.00, real=0.02 secs] 
2020-09-29T18:15:13.190+0200: 26.415: [GC (Allocation Failure) 2020-09-29T18:15:13.190+0200: 26.415: [ParNew: 598317K->40301K(613440K), 0.0183874 secs] 602311K->44294K(2029056K), 0.0184463 secs] [Times: user=0.25 sys=0.00, real=0.02 secs] 
2020-09-29T18:15:13.256+0200: 26.481: [GC (Allocation Failure) 2020-09-29T18:15:13.256+0200: 26.481: [ParNew: 585645K->38151K(613440K), 0.0166478 secs] 589638K->42144K(2029056K), 0.0167077 secs] [Times: user=0.13 sys=0.00, real=0.02 secs] 
2020-09-29T18:15:13.323+0200: 26.548: [GC (Allocation Failure) 2020-09-29T18:15:13.323+0200: 26.548: [ParNew: 583495K->37402K(613440K), 0.0165258 secs] 587488K->41396K(2029056K), 0.0165821 secs] [Times: user=0.13 sys=0.00, real=0.02 secs] 
2020-09-29T18:15:13.387+0200: 26.612: [GC (Allocation Failure) 2020-09-29T18:15:13.387+0200: 26.612: [ParNew: 582746K->32039K(613440K), 0.0161634 secs] 586740K->36032K(2029056K), 0.0162178 secs] [Times: user=0.13 sys=0.00, real=0.02 secs] 
2020-09-29T18:15:13.453+0200: 26.678: [GC (Allocation Failure) 2020-09-29T18:15:13.453+0200: 26.678: [ParNew: 577383K->31580K(613440K), 0.0149590 secs] 581376K->35573K(2029056K), 0.0150149 secs] [Times: user=0.13 sys=0.00, real=0.01 secs] 
2020-09-29T18:15:13.526+0200: 26.751: [GC (Allocation Failure) 2020-09-29T18:15:13.526+0200: 26.751: [ParNew: 576924K->25504K(613440K), 0.0137770 secs] 580917K->29497K(2029056K), 0.0138321 secs] [Times: user=0.13 sys=0.00, real=0.01 secs] 
2020-09-29T18:15:13.592+0200: 26.817: [GC (Allocation Failure) 2020-09-29T18:15:13.592+0200: 26.817: [ParNew: 570848K->25642K(613440K), 0.0120453 secs] 574841K->29636K(2029056K), 0.0121041 secs] [Times: user=0.13 sys=0.00, real=0.01 secs] 
2020-09-29T18:15:13.658+0200: 26.883: [GC (Allocation Failure) 2020-09-29T18:15:13.658+0200: 26.883: [ParNew: 570986K->38629K(613440K), 0.0174812 secs] 574980K->42622K(2029056K), 0.0175418 secs] [Times: user=0.13 sys=0.00, real=0.02 secs] 
2020-09-29T18:15:13.722+0200: 26.947: [GC (Allocation Failure) 2020-09-29T18:15:13.722+0200: 26.947: [ParNew: 583973K->43477K(613440K), 0.0174550 secs] 587966K->47471K(2029056K), 0.0175125 secs] [Times: user=0.25 sys=0.00, real=0.02 secs] 
2020-09-29T18:15:13.789+0200: 27.014: [GC (Allocation Failure) 2020-09-29T18:15:13.789+0200: 27.014: [ParNew: 588821K->34123K(613440K), 0.0159012 secs] 592815K->38116K(2029056K), 0.0159565 secs] [Times: user=0.13 sys=0.00, real=0.02 secs] 
2020-09-29T18:15:13.851+0200: 27.076: [GC (Allocation Failure) 2020-09-29T18:15:13.851+0200: 27.076: [ParNew: 579467K->31068K(613440K), 0.0151970 secs] 583460K->35061K(2029056K), 0.0152628 secs] [Times: user=0.13 sys=0.00, real=0.02 secs] 
2020-09-29T18:15:13.916+0200: 27.141: [GC (Allocation Failure) 2020-09-29T18:15:13.916+0200: 27.141: [ParNew: 576412K->49112K(613440K), 0.0194350 secs] 580405K->53105K(2029056K), 0.0194871 secs] [Times: user=0.13 sys=0.00, real=0.02 secs] 
2020-09-29T18:15:13.983+0200: 27.208: [GC (Allocation Failure) 2020-09-29T18:15:13.983+0200: 27.208: [ParNew: 594456K->32841K(613440K), 0.0142817 secs] 598449K->36834K(2029056K), 0.0143403 secs] [Times: user=0.11 sys=0.00, real=0.01 secs] 
2020-09-29T18:15:14.046+0200: 27.272: [GC (Allocation Failure) 2020-09-29T18:15:14.047+0200: 27.272: [ParNew: 578185K->35463K(613440K), 0.0173985 secs] 582178K->39456K(2029056K), 0.0174661 secs] [Times: user=0.13 sys=0.00, real=0.02 secs] 
2020-09-29T18:15:14.115+0200: 27.340: [GC (Allocation Failure) 2020-09-29T18:15:14.115+0200: 27.340: [ParNew: 580807K->51300K(613440K), 0.0223167 secs] 584800K->55293K(2029056K), 0.0223700 secs] [Times: user=0.13 sys=0.00, real=0.02 secs] 
2020-09-29T18:15:14.185+0200: 27.410: [GC (Allocation Failure) 2020-09-29T18:15:14.185+0200: 27.410: [ParNew: 596644K->65426K(613440K), 0.0219839 secs] 600637K->69419K(2029056K), 0.0220404 secs] [Times: user=0.13 sys=0.00, real=0.02 secs] 
2020-09-29T18:15:14.254+0200: 27.479: [GC (Allocation Failure) 2020-09-29T18:15:14.254+0200: 27.479: [ParNew: 610770K->49435K(613440K), 0.0206030 secs] 614763K->53428K(2029056K), 0.0206741 secs] [Times: user=0.19 sys=0.00, real=0.02 secs] 
2020-09-29T18:15:14.325+0200: 27.550: [GC (Allocation Failure) 2020-09-29T18:15:14.325+0200: 27.550: [ParNew: 594779K->39562K(613440K), 0.0157038 secs] 598772K->43556K(2029056K), 0.0157637 secs] [Times: user=0.13 sys=0.00, real=0.02 secs] 
2020-09-29T18:15:14.388+0200: 27.613: [GC (Allocation Failure) 2020-09-29T18:15:14.388+0200: 27.613: [ParNew: 584906K->38108K(613440K), 0.0140749 secs] 588900K->42101K(2029056K), 0.0141300 secs] [Times: user=0.13 sys=0.00, real=0.01 secs] 
2020-09-29T18:15:14.452+0200: 27.678: [GC (Allocation Failure) 2020-09-29T18:15:14.452+0200: 27.678: [ParNew: 583452K->27277K(613440K), 0.0122988 secs] 587445K->31270K(2029056K), 0.0123574 secs] [Times: user=0.13 sys=0.00, real=0.01 secs] 
2020-09-29T18:15:14.512+0200: 27.738: [GC (Allocation Failure) 2020-09-29T18:15:14.512+0200: 27.738: [ParNew: 572621K->46973K(613440K), 0.0228888 secs] 576614K->50966K(2029056K), 0.0229598 secs] [Times: user=0.13 sys=0.00, real=0.02 secs] 
2020-09-29T18:15:14.583+0200: 27.808: [GC (Allocation Failure) 2020-09-29T18:15:14.583+0200: 27.808: [ParNew: 592317K->43172K(613440K), 0.0160827 secs] 596310K->47166K(2029056K), 0.0161501 secs] [Times: user=0.13 sys=0.00, real=0.02 secs] 
2020-09-29T18:15:14.651+0200: 27.876: [GC (Allocation Failure) 2020-09-29T18:15:14.651+0200: 27.876: [ParNew: 588516K->47232K(613440K), 0.0208732 secs] 592510K->51226K(2029056K), 0.0209423 secs] [Times: user=0.13 sys=0.00, real=0.02 secs] 
2020-09-29T18:15:14.727+0200: 27.953: [GC (Allocation Failure) 2020-09-29T18:15:14.727+0200: 27.953: [ParNew: 592576K->58711K(613440K), 0.0200846 secs] 596570K->62705K(2029056K), 0.0201386 secs] [Times: user=0.13 sys=0.00, real=0.02 secs] 
2020-09-29T18:15:14.798+0200: 28.023: [GC (Allocation Failure) 2020-09-29T18:15:14.798+0200: 28.023: [ParNew: 604055K->68096K(613440K), 0.0250163 secs] 608049K->72089K(2029056K), 0.0250814 secs] [Times: user=0.25 sys=0.00, real=0.02 secs] 
2020-09-29T18:15:14.870+0200: 28.095: [GC (Allocation Failure) 2020-09-29T18:15:14.870+0200: 28.095: [ParNew: 613440K->50365K(613440K), 0.0187514 secs] 617433K->54358K(2029056K), 0.0188066 secs] [Times: user=0.13 sys=0.00, real=0.02 secs] 
2020-09-29T18:15:14.938+0200: 28.163: [GC (Allocation Failure) 2020-09-29T18:15:14.938+0200: 28.163: [ParNew: 595709K->42352K(613440K), 0.0180879 secs] 599702K->46346K(2029056K), 0.0181491 secs] [Times: user=0.13 sys=0.00, real=0.02 secs] 
2020-09-29T18:15:15.004+0200: 28.230: [GC (Allocation Failure) 2020-09-29T18:15:15.004+0200: 28.230: [ParNew: 587696K->34963K(613440K), 0.0171467 secs] 591690K->38956K(2029056K), 0.0172322 secs] [Times: user=0.23 sys=0.00, real=0.02 secs] 
2020-09-29T18:15:15.068+0200: 28.293: [GC (Allocation Failure) 2020-09-29T18:15:15.068+0200: 28.293: [ParNew: 580307K->54301K(613440K), 0.0196584 secs] 584300K->58295K(2029056K), 0.0197122 secs] [Times: user=0.13 sys=0.00, real=0.02 secs] 
2020-09-29T18:15:15.136+0200: 28.362: [GC (Allocation Failure) 2020-09-29T18:15:15.136+0200: 28.362: [ParNew: 599645K->52095K(613440K), 0.0195917 secs] 603639K->56089K(2029056K), 0.0196452 secs] [Times: user=0.13 sys=0.00, real=0.02 secs] 
2020-09-29T18:15:15.207+0200: 28.432: [GC (Allocation Failure) 2020-09-29T18:15:15.207+0200: 28.432: [ParNew: 597439K->41502K(613440K), 0.0185702 secs] 601433K->45496K(2029056K), 0.0186271 secs] [Times: user=0.25 sys=0.00, real=0.02 secs] 
2020-09-29T18:15:15.274+0200: 28.500: [GC (Allocation Failure) 2020-09-29T18:15:15.274+0200: 28.500: [ParNew: 586846K->64676K(613440K), 0.0228725 secs] 590840K->68670K(2029056K), 0.0229386 secs] [Times: user=0.13 sys=0.00, real=0.02 secs] 
2020-09-29T18:15:15.347+0200: 28.573: [GC (Allocation Failure) 2020-09-29T18:15:15.347+0200: 28.573: [ParNew: 610020K->50199K(613440K), 0.0166133 secs] 614014K->54192K(2029056K), 0.0166669 secs] [Times: user=0.25 sys=0.00, real=0.02 secs] 
2020-09-29T18:15:15.416+0200: 28.641: [GC (Allocation Failure) 2020-09-29T18:15:15.416+0200: 28.641: [ParNew: 595543K->46805K(613440K), 0.0234042 secs] 599536K->50799K(2029056K), 0.0234580 secs] [Times: user=0.13 sys=0.00, real=0.02 secs] 
2020-09-29T18:15:15.487+0200: 28.712: [GC (Allocation Failure) 2020-09-29T18:15:15.487+0200: 28.712: [ParNew: 592149K->37408K(613440K), 0.0150686 secs] 596143K->41401K(2029056K), 0.0151233 secs] [Times: user=0.13 sys=0.00, real=0.02 secs] 
2020-09-29T18:15:15.554+0200: 28.779: [GC (Allocation Failure) 2020-09-29T18:15:15.554+0200: 28.779: [ParNew: 582752K->54620K(613440K), 0.0202466 secs] 586745K->58614K(2029056K), 0.0203237 secs] [Times: user=0.13 sys=0.00, real=0.02 secs] 
2020-09-29T18:15:15.626+0200: 28.851: [GC (Allocation Failure) 2020-09-29T18:15:15.626+0200: 28.851: [ParNew: 599964K->60406K(613440K), 0.0250043 secs] 603958K->64399K(2029056K), 0.0250730 secs] [Times: user=0.23 sys=0.00, real=0.03 secs] 
2020-09-29T18:15:15.699+0200: 28.925: [GC (Allocation Failure) 2020-09-29T18:15:15.699+0200: 28.925: [ParNew: 605750K->68096K(613440K), 0.0237636 secs] 609743K->72089K(2029056K), 0.0238233 secs] [Times: user=0.25 sys=0.00, real=0.02 secs] 
2020-09-29T18:15:15.771+0200: 28.996: [GC (Allocation Failure) 2020-09-29T18:15:15.771+0200: 28.996: [ParNew: 613440K->53938K(613440K), 0.0242227 secs] 617433K->57932K(2029056K), 0.0243068 secs] [Times: user=0.13 sys=0.00, real=0.03 secs] 
2020-09-29T18:15:15.845+0200: 29.070: [GC (Allocation Failure) 2020-09-29T18:15:15.845+0200: 29.070: [ParNew: 599282K->45009K(613440K), 0.0187773 secs] 603276K->49003K(2029056K), 0.0188380 secs] [Times: user=0.24 sys=0.00, real=0.02 secs] 
2020-09-29T18:15:15.913+0200: 29.138: [GC (Allocation Failure) 2020-09-29T18:15:15.913+0200: 29.138: [ParNew: 590353K->39797K(613440K), 0.0180442 secs] 594347K->43790K(2029056K), 0.0181150 secs] [Times: user=0.13 sys=0.00, real=0.02 secs] 
2020-09-29T18:15:15.983+0200: 29.208: [GC (Allocation Failure) 2020-09-29T18:15:15.983+0200: 29.208: [ParNew: 585141K->56894K(613440K), 0.0224982 secs] 589134K->60887K(2029056K), 0.0225738 secs] [Times: user=0.25 sys=0.00, real=0.02 secs] 
2020-09-29T18:15:16.054+0200: 29.279: [GC (Allocation Failure) 2020-09-29T18:15:16.054+0200: 29.279: [ParNew: 602238K->41030K(613440K), 0.0206224 secs] 606231K->45023K(2029056K), 0.0206868 secs] [Times: user=0.13 sys=0.00, real=0.02 secs] 
2020-09-29T18:15:16.121+0200: 29.346: [GC (Allocation Failure) 2020-09-29T18:15:16.121+0200: 29.346: [ParNew: 586374K->39269K(613440K), 0.0180135 secs] 590367K->43263K(2029056K), 0.0180766 secs] [Times: user=0.13 sys=0.00, real=0.02 secs] 
2020-09-29T18:15:16.189+0200: 29.414: [GC (Allocation Failure) 2020-09-29T18:15:16.189+0200: 29.414: [ParNew: 584613K->34121K(613440K), 0.0127197 secs] 588607K->38114K(2029056K), 0.0127781 secs] [Times: user=0.13 sys=0.00, real=0.01 secs] 
2020-09-29T18:15:16.251+0200: 29.476: [GC (Allocation Failure) 2020-09-29T18:15:16.251+0200: 29.476: [ParNew: 579465K->50865K(613440K), 0.0231528 secs] 583458K->54858K(2029056K), 0.0232144 secs] [Times: user=0.25 sys=0.00, real=0.02 secs] 
2020-09-29T18:15:16.322+0200: 29.547: [GC (Allocation Failure) 2020-09-29T18:15:16.322+0200: 29.547: [ParNew: 596209K->32896K(613440K), 0.0115133 secs] 600202K->36889K(2029056K), 0.0115682 secs] [Times: user=0.13 sys=0.00, real=0.01 secs] 
2020-09-29T18:15:16.384+0200: 29.609: [GC (Allocation Failure) 2020-09-29T18:15:16.384+0200: 29.609: [ParNew: 578240K->47547K(613440K), 0.0197249 secs] 582233K->51540K(2029056K), 0.0197800 secs] [Times: user=0.13 sys=0.00, real=0.02 secs] 
2020-09-29T18:15:16.454+0200: 29.679: [GC (Allocation Failure) 2020-09-29T18:15:16.454+0200: 29.679: [ParNew: 592891K->35491K(613440K), 0.0142419 secs] 596884K->39484K(2029056K), 0.0143142 secs] [Times: user=0.13 sys=0.00, real=0.01 secs] 
2020-09-29T18:15:16.529+0200: 29.754: [GC (Allocation Failure) 2020-09-29T18:15:16.529+0200: 29.754: [ParNew: 580835K->42763K(613440K), 0.0186437 secs] 584828K->46756K(2029056K), 0.0187044 secs] [Times: user=0.13 sys=0.00, real=0.02 secs] 
2020-09-29T18:15:16.596+0200: 29.821: [GC (Allocation Failure) 2020-09-29T18:15:16.596+0200: 29.821: [ParNew: 588107K->48420K(613440K), 0.0202391 secs] 592100K->52413K(2029056K), 0.0202973 secs] [Times: user=0.23 sys=0.00, real=0.02 secs] 
2020-09-29T18:15:16.670+0200: 29.895: [GC (Allocation Failure) 2020-09-29T18:15:16.670+0200: 29.895: [ParNew: 593764K->63955K(613440K), 0.0226135 secs] 597757K->67949K(2029056K), 0.0226714 secs] [Times: user=0.25 sys=0.00, real=0.02 secs] 
2020-09-29T18:15:16.741+0200: 29.966: [GC (Allocation Failure) 2020-09-29T18:15:16.741+0200: 29.966: [ParNew: 609299K->62195K(613440K), 0.0219320 secs] 613293K->66188K(2029056K), 0.0219935 secs] [Times: user=0.13 sys=0.00, real=0.02 secs] 
2020-09-29T18:15:16.817+0200: 30.042: [GC (Allocation Failure) 2020-09-29T18:15:16.817+0200: 30.042: [ParNew: 607539K->40326K(613440K), 0.0151382 secs] 611532K->44320K(2029056K), 0.0152005 secs] [Times: user=0.13 sys=0.00, real=0.02 secs] 
2020-09-29T18:15:16.879+0200: 30.104: [GC (Allocation Failure) 2020-09-29T18:15:16.879+0200: 30.104: [ParNew: 585670K->39089K(613440K), 0.0190795 secs] 589664K->43083K(2029056K), 0.0191490 secs] [Times: user=0.25 sys=0.00, real=0.02 secs] 
2020-09-29T18:15:16.945+0200: 30.170: [GC (Allocation Failure) 2020-09-29T18:15:16.945+0200: 30.170: [ParNew: 584433K->63089K(613440K), 0.0238752 secs] 588427K->67083K(2029056K), 0.0313132 secs] [Times: user=0.13 sys=0.00, real=0.03 secs] 
2020-09-29T18:15:17.024+0200: 30.249: [GC (Allocation Failure) 2020-09-29T18:15:17.024+0200: 30.249: [ParNew: 608433K->48392K(613440K), 0.0182542 secs] 612427K->52385K(2029056K), 0.0183588 secs] [Times: user=0.13 sys=0.00, real=0.02 secs] 
2020-09-29T18:15:17.091+0200: 30.316: [GC (Allocation Failure) 2020-09-29T18:15:17.091+0200: 30.316: [ParNew: 593736K->40887K(613440K), 0.0167976 secs] 597729K->44881K(2029056K), 0.0168584 secs] [Times: user=0.13 sys=0.00, real=0.02 secs] 
2020-09-29T18:15:17.160+0200: 30.385: [GC (Allocation Failure) 2020-09-29T18:15:17.160+0200: 30.385: [ParNew: 586231K->32600K(613440K), 0.0157794 secs] 590225K->36593K(2029056K), 0.0158738 secs] [Times: user=0.13 sys=0.00, real=0.02 secs] 
2020-09-29T18:15:17.223+0200: 30.448: [GC (Allocation Failure) 2020-09-29T18:15:17.223+0200: 30.448: [ParNew: 577944K->55190K(613440K), 0.0205248 secs] 581937K->59183K(2029056K), 0.0205828 secs] [Times: user=0.25 sys=0.00, real=0.02 secs] 
2020-09-29T18:15:17.292+0200: 30.517: [GC (Allocation Failure) 2020-09-29T18:15:17.292+0200: 30.517: [ParNew: 600534K->38906K(613440K), 0.0145849 secs] 604527K->42900K(2029056K), 0.0146387 secs] [Times: user=0.13 sys=0.00, real=0.01 secs] 
2020-09-29T18:15:17.358+0200: 30.584: [GC (Allocation Failure) 2020-09-29T18:15:17.358+0200: 30.584: [ParNew: 584250K->54740K(613440K), 0.0238801 secs] 588244K->58733K(2029056K), 0.0239511 secs] [Times: user=0.25 sys=0.00, real=0.02 secs] 
2020-09-29T18:15:17.430+0200: 30.656: [GC (Allocation Failure) 2020-09-29T18:15:17.430+0200: 30.656: [ParNew: 600084K->46388K(613440K), 0.0176192 secs] 604077K->50381K(2029056K), 0.0176826 secs] [Times: user=0.13 sys=0.00, real=0.02 secs] 
2020-09-29T18:15:17.498+0200: 30.723: [GC (Allocation Failure) 2020-09-29T18:15:17.498+0200: 30.723: [ParNew: 591732K->63333K(613440K), 0.0221094 secs] 595725K->67327K(2029056K), 0.0221721 secs] [Times: user=0.13 sys=0.00, real=0.02 secs] 
2020-09-29T18:15:17.567+0200: 30.792: [GC (Allocation Failure) 2020-09-29T18:15:17.567+0200: 30.792: [ParNew: 608677K->68096K(613440K), 0.0226101 secs] 612671K->72089K(2029056K), 0.0226807 secs] [Times: user=0.11 sys=0.00, real=0.02 secs] 
2020-09-29T18:15:17.641+0200: 30.867: [GC (Allocation Failure) 2020-09-29T18:15:17.642+0200: 30.867: [ParNew: 613440K->52177K(613440K), 0.0207470 secs] 617433K->56170K(2029056K), 0.0208217 secs] [Times: user=0.25 sys=0.00, real=0.02 secs] 
2020-09-29T18:15:17.710+0200: 30.935: [GC (Allocation Failure) 2020-09-29T18:15:17.710+0200: 30.935: [ParNew: 597521K->39806K(613440K), 0.0149530 secs] 601514K->43800K(2029056K), 0.0150174 secs] [Times: user=0.13 sys=0.00, real=0.01 secs] 
2020-09-29T18:15:17.776+0200: 31.001: [GC (Allocation Failure) 2020-09-29T18:15:17.776+0200: 31.001: [ParNew: 585150K->44069K(613440K), 0.0198024 secs] 589144K->48063K(2029056K), 0.0198813 secs] [Times: user=0.13 sys=0.00, real=0.02 secs] 
2020-09-29T18:15:17.843+0200: 31.069: [GC (Allocation Failure) 2020-09-29T18:15:17.843+0200: 31.069: [ParNew: 589413K->46270K(613440K), 0.0185932 secs] 593407K->50263K(2029056K), 0.0186520 secs] [Times: user=0.13 sys=0.00, real=0.02 secs] 
2020-09-29T18:15:17.915+0200: 31.140: [GC (Allocation Failure) 2020-09-29T18:15:17.915+0200: 31.140: [ParNew: 591614K->61434K(613440K), 0.0276017 secs] 595607K->65427K(2029056K), 0.0276827 secs] [Times: user=0.23 sys=0.00, real=0.03 secs] 
2020-09-29T18:15:17.993+0200: 31.219: [GC (Allocation Failure) 2020-09-29T18:15:17.994+0200: 31.219: [ParNew: 606778K->68096K(613440K), 0.0292379 secs] 610771K->73290K(2029056K), 0.0292995 secs] [Times: user=0.25 sys=0.00, real=0.03 secs] 
2020-09-29T18:15:18.072+0200: 31.297: [GC (Allocation Failure) 2020-09-29T18:15:18.072+0200: 31.297: [ParNew: 613440K->64245K(613440K), 0.0220478 secs] 618634K->69439K(2029056K), 0.0221101 secs] [Times: user=0.13 sys=0.00, real=0.02 secs] 
2020-09-29T18:15:18.141+0200: 31.366: [GC (Allocation Failure) 2020-09-29T18:15:18.141+0200: 31.366: [ParNew: 609589K->54658K(613440K), 0.0195938 secs] 614783K->59853K(2029056K), 0.0196482 secs] [Times: user=0.13 sys=0.00, real=0.02 secs] 
2020-09-29T18:15:18.207+0200: 31.432: [GC (Allocation Failure) 2020-09-29T18:15:18.207+0200: 31.432: [ParNew: 600002K->50800K(613440K), 0.0203974 secs] 605197K->55994K(2029056K), 0.0204602 secs] [Times: user=0.25 sys=0.00, real=0.02 secs] 
2020-09-29T18:15:18.278+0200: 31.503: [GC (Allocation Failure) 2020-09-29T18:15:18.278+0200: 31.503: [ParNew: 596144K->44117K(613440K), 0.0193658 secs] 601338K->49311K(2029056K), 0.0194301 secs] [Times: user=0.13 sys=0.00, real=0.02 secs] 
2020-09-29T18:15:18.348+0200: 31.573: [GC (Allocation Failure) 2020-09-29T18:15:18.348+0200: 31.573: [ParNew: 589461K->44619K(613440K), 0.0185786 secs] 594655K->49814K(2029056K), 0.0186375 secs] [Times: user=0.13 sys=0.00, real=0.02 secs] 
2020-09-29T18:15:18.413+0200: 31.639: [GC (Allocation Failure) 2020-09-29T18:15:18.413+0200: 31.639: [ParNew: 589963K->42212K(613440K), 0.0160406 secs] 595158K->47406K(2029056K), 0.0160916 secs] [Times: user=0.13 sys=0.00, real=0.02 secs] 
2020-09-29T18:15:18.476+0200: 31.701: [GC (Allocation Failure) 2020-09-29T18:15:18.476+0200: 31.701: [ParNew: 587556K->34785K(613440K), 0.0172567 secs] 592750K->39979K(2029056K), 0.0173112 secs] [Times: user=0.13 sys=0.00, real=0.02 secs] 
2020-09-29T18:15:18.542+0200: 31.767: [GC (Allocation Failure) 2020-09-29T18:15:18.542+0200: 31.767: [ParNew: 580129K->55835K(613440K), 0.0209371 secs] 585323K->61030K(2029056K), 0.0210579 secs] [Times: user=0.13 sys=0.00, real=0.02 secs] 
2020-09-29T18:15:18.619+0200: 31.844: [GC (Allocation Failure) 2020-09-29T18:15:18.619+0200: 31.844: [ParNew: 601179K->45870K(613440K), 0.0204951 secs] 606374K->51064K(2029056K), 0.0205581 secs] [Times: user=0.13 sys=0.00, real=0.02 secs] 
2020-09-29T18:15:18.687+0200: 31.913: [GC (Allocation Failure) 2020-09-29T18:15:18.687+0200: 31.913: [ParNew: 591214K->43592K(613440K), 0.0184364 secs] 596408K->48787K(2029056K), 0.0184908 secs] [Times: user=0.13 sys=0.00, real=0.02 secs] 
2020-09-29T18:15:18.755+0200: 31.980: [GC (Allocation Failure) 2020-09-29T18:15:18.755+0200: 31.980: [ParNew: 588936K->42279K(613440K), 0.0187970 secs] 594131K->47473K(2029056K), 0.0188666 secs] [Times: user=0.13 sys=0.00, real=0.02 secs] 
2020-09-29T18:15:18.821+0200: 32.046: [GC (Allocation Failure) 2020-09-29T18:15:18.821+0200: 32.046: [ParNew: 587623K->38542K(613440K), 0.0177437 secs] 592817K->43737K(2029056K), 0.0178012 secs] [Times: user=0.13 sys=0.00, real=0.02 secs] 
2020-09-29T18:15:18.889+0200: 32.114: [GC (Allocation Failure) 2020-09-29T18:15:18.889+0200: 32.114: [ParNew: 583886K->34628K(613440K), 0.0170333 secs] 589081K->39822K(2029056K), 0.0170888 secs] [Times: user=0.13 sys=0.00, real=0.02 secs] 
2020-09-29T18:15:18.953+0200: 32.179: [GC (Allocation Failure) 2020-09-29T18:15:18.953+0200: 32.179: [ParNew: 579972K->38364K(613440K), 0.0159149 secs] 585166K->43559K(2029056K), 0.0159731 secs] [Times: user=0.13 sys=0.00, real=0.02 secs] 
2020-09-29T18:15:19.022+0200: 32.247: [GC (Allocation Failure) 2020-09-29T18:15:19.022+0200: 32.247: [ParNew: 583708K->56313K(613440K), 0.0218630 secs] 588903K->61507K(2029056K), 0.0219243 secs] [Times: user=0.11 sys=0.00, real=0.02 secs] 
2020-09-29T18:15:19.092+0200: 32.317: [GC (Allocation Failure) 2020-09-29T18:15:19.092+0200: 32.317: [ParNew: 601657K->68096K(613440K), 0.0256308 secs] 606851K->73290K(2029056K), 0.0256866 secs] [Times: user=0.25 sys=0.00, real=0.03 secs] 
2020-09-29T18:15:19.166+0200: 32.391: [GC (Allocation Failure) 2020-09-29T18:15:19.166+0200: 32.391: [ParNew: 613440K->61310K(613440K), 0.0247560 secs] 618634K->66504K(2029056K), 0.0248108 secs] [Times: user=0.13 sys=0.00, real=0.02 secs] 
2020-09-29T18:15:19.238+0200: 32.463: [GC (Allocation Failure) 2020-09-29T18:15:19.238+0200: 32.463: [ParNew: 606654K->48810K(613440K), 0.0188128 secs] 611848K->54004K(2029056K), 0.0188674 secs] [Times: user=0.25 sys=0.00, real=0.02 secs] 
2020-09-29T18:15:19.305+0200: 32.530: [GC (Allocation Failure) 2020-09-29T18:15:19.305+0200: 32.530: [ParNew: 594154K->42809K(613440K), 0.0238831 secs] 599348K->48003K(2029056K), 0.0239730 secs] [Times: user=0.11 sys=0.00, real=0.02 secs] 
2020-09-29T18:15:19.382+0200: 32.607: [GC (Allocation Failure) 2020-09-29T18:15:19.382+0200: 32.607: [ParNew: 588153K->68096K(613440K), 0.0267599 secs] 593347K->73290K(2029056K), 0.0268212 secs] [Times: user=0.13 sys=0.00, real=0.03 secs] 
2020-09-29T18:15:19.455+0200: 32.681: [GC (Allocation Failure) 2020-09-29T18:15:19.455+0200: 32.681: [ParNew: 613440K->51733K(613440K), 0.0080088 secs] 618634K->56927K(2029056K), 0.0080797 secs] [Times: user=0.13 sys=0.00, real=0.01 secs] 
2020-09-29T18:15:19.516+0200: 32.741: [GC (Allocation Failure) 2020-09-29T18:15:19.516+0200: 32.741: [ParNew: 597077K->63264K(613440K), 0.0271162 secs] 602271K->68458K(2029056K), 0.0272055 secs] [Times: user=0.24 sys=0.00, real=0.03 secs] 
2020-09-29T18:15:19.591+0200: 32.816: [GC (Allocation Failure) 2020-09-29T18:15:19.591+0200: 32.816: [ParNew: 608608K->47633K(613440K), 0.0210943 secs] 613802K->52827K(2029056K), 0.0211530 secs] [Times: user=0.11 sys=0.00, real=0.02 secs] 
2020-09-29T18:15:19.660+0200: 32.886: [GC (Allocation Failure) 2020-09-29T18:15:19.660+0200: 32.886: [ParNew: 592977K->41761K(613440K), 0.0199093 secs] 598171K->46955K(2029056K), 0.0199708 secs] [Times: user=0.25 sys=0.00, real=0.02 secs] 
2020-09-29T18:15:19.728+0200: 32.954: [GC (Allocation Failure) 2020-09-29T18:15:19.728+0200: 32.954: [ParNew: 587105K->65727K(613440K), 0.0234600 secs] 592299K->70922K(2029056K), 0.0235186 secs] [Times: user=0.13 sys=0.00, real=0.02 secs] 
2020-09-29T18:15:19.799+0200: 33.025: [GC (Allocation Failure) 2020-09-29T18:15:19.799+0200: 33.025: [ParNew: 611071K->55222K(613440K), 0.0234560 secs] 616266K->60416K(2029056K), 0.0235327 secs] [Times: user=0.25 sys=0.00, real=0.02 secs] 
2020-09-29T18:15:19.870+0200: 33.095: [GC (Allocation Failure) 2020-09-29T18:15:19.870+0200: 33.095: [ParNew: 600566K->46586K(613440K), 0.0175056 secs] 605760K->51781K(2029056K), 0.0175696 secs] [Times: user=0.13 sys=0.00, real=0.02 secs] 
2020-09-29T18:15:19.935+0200: 33.160: [GC (Allocation Failure) 2020-09-29T18:15:19.935+0200: 33.160: [ParNew: 591930K->36293K(613440K), 0.0178800 secs] 597125K->41487K(2029056K), 0.0179384 secs] [Times: user=0.11 sys=0.00, real=0.02 secs] 
2020-09-29T18:15:20.002+0200: 33.227: [GC (Allocation Failure) 2020-09-29T18:15:20.002+0200: 33.227: [ParNew: 581637K->55390K(613440K), 0.0216190 secs] 586831K->60584K(2029056K), 0.0216786 secs] [Times: user=0.25 sys=0.00, real=0.02 secs] 
2020-09-29T18:15:20.070+0200: 33.296: [GC (Allocation Failure) 2020-09-29T18:15:20.070+0200: 33.296: [ParNew: 600734K->37499K(613440K), 0.0136747 secs] 605928K->42693K(2029056K), 0.0137323 secs] [Times: user=0.13 sys=0.00, real=0.01 secs] 
2020-09-29T18:15:20.132+0200: 33.358: [GC (Allocation Failure) 2020-09-29T18:15:20.132+0200: 33.358: [ParNew: 582843K->23604K(613440K), 0.0122798 secs] 588037K->28799K(2029056K), 0.0123470 secs] [Times: user=0.00 sys=0.00, real=0.01 secs] 
2020-09-29T18:15:20.196+0200: 33.422: [GC (Allocation Failure) 2020-09-29T18:15:20.196+0200: 33.422: [ParNew: 568948K->42503K(613440K), 0.0177704 secs] 574143K->47697K(2029056K), 0.0178251 secs] [Times: user=0.13 sys=0.00, real=0.02 secs] 
2020-09-29T18:15:20.261+0200: 33.486: [GC (Allocation Failure) 2020-09-29T18:15:20.261+0200: 33.486: [ParNew: 587847K->32181K(613440K), 0.0159285 secs] 593041K->37375K(2029056K), 0.0159976 secs] [Times: user=0.13 sys=0.00, real=0.02 secs] 
2020-09-29T18:15:20.326+0200: 33.552: [GC (Allocation Failure) 2020-09-29T18:15:20.326+0200: 33.552: [ParNew: 577525K->56046K(613440K), 0.0203677 secs] 582719K->61240K(2029056K), 0.0204485 secs] [Times: user=0.13 sys=0.00, real=0.02 secs] 
2020-09-29T18:15:20.400+0200: 33.625: [GC (Allocation Failure) 2020-09-29T18:15:20.400+0200: 33.625: [ParNew: 601390K->47222K(613440K), 0.0210945 secs] 606584K->52416K(2029056K), 0.0211627 secs] [Times: user=0.13 sys=0.00, real=0.02 secs] 
2020-09-29T18:15:20.470+0200: 33.695: [GC (Allocation Failure) 2020-09-29T18:15:20.470+0200: 33.695: [ParNew: 592566K->39224K(613440K), 0.0127893 secs] 597760K->44418K(2029056K), 0.0128479 secs] [Times: user=0.13 sys=0.00, real=0.01 secs] 
2020-09-29T18:15:20.534+0200: 33.759: [GC (Allocation Failure) 2020-09-29T18:15:20.534+0200: 33.759: [ParNew: 584568K->38499K(613440K), 0.0179705 secs] 589762K->43693K(2029056K), 0.0180275 secs] [Times: user=0.25 sys=0.00, real=0.02 secs] 
2020-09-29T18:15:20.600+0200: 33.826: [GC (Allocation Failure) 2020-09-29T18:15:20.600+0200: 33.826: [ParNew: 583843K->45453K(613440K), 0.0178712 secs] 589037K->50647K(2029056K), 0.0179370 secs] [Times: user=0.13 sys=0.00, real=0.02 secs] 
2020-09-29T18:15:20.666+0200: 33.892: [GC (Allocation Failure) 2020-09-29T18:15:20.666+0200: 33.892: [ParNew: 590797K->55397K(613440K), 0.0221484 secs] 595991K->60591K(2029056K), 0.0222154 secs] [Times: user=0.13 sys=0.00, real=0.02 secs] 
2020-09-29T18:15:20.736+0200: 33.962: [GC (Allocation Failure) 2020-09-29T18:15:20.736+0200: 33.962: [ParNew: 600741K->44079K(613440K), 0.0150643 secs] 605935K->49273K(2029056K), 0.0151196 secs] [Times: user=0.13 sys=0.00, real=0.01 secs] 
2020-09-29T18:15:20.808+0200: 34.033: [GC (Allocation Failure) 2020-09-29T18:15:20.808+0200: 34.033: [ParNew: 589423K->49274K(613440K), 0.0215472 secs] 594617K->54468K(2029056K), 0.0216181 secs] [Times: user=0.13 sys=0.00, real=0.02 secs] 
2020-09-29T18:15:20.876+0200: 34.101: [GC (Allocation Failure) 2020-09-29T18:15:20.876+0200: 34.101: [ParNew: 594618K->40598K(613440K), 0.0140180 secs] 599812K->45793K(2029056K), 0.0140782 secs] [Times: user=0.13 sys=0.00, real=0.01 secs] 
2020-09-29T18:15:20.938+0200: 34.163: [GC (Allocation Failure) 2020-09-29T18:15:20.938+0200: 34.163: [ParNew: 585942K->42323K(613440K), 0.0187900 secs] 591137K->47517K(2029056K), 0.0188455 secs] [Times: user=0.13 sys=0.00, real=0.02 secs] 
2020-09-29T18:15:21.003+0200: 34.229: [GC (Allocation Failure) 2020-09-29T18:15:21.003+0200: 34.229: [ParNew: 587667K->48074K(613440K), 0.0190033 secs] 592861K->53268K(2029056K), 0.0190564 secs] [Times: user=0.25 sys=0.00, real=0.02 secs] 
2020-09-29T18:15:21.075+0200: 34.300: [GC (Allocation Failure) 2020-09-29T18:15:21.075+0200: 34.300: [ParNew: 593418K->37913K(613440K), 0.0170730 secs] 598612K->43107K(2029056K), 0.0171290 secs] [Times: user=0.13 sys=0.00, real=0.02 secs] 
2020-09-29T18:15:21.142+0200: 34.367: [GC (Allocation Failure) 2020-09-29T18:15:21.142+0200: 34.367: [ParNew: 583257K->30519K(613440K), 0.0107666 secs] 588451K->35714K(2029056K), 0.0108398 secs] [Times: user=0.13 sys=0.00, real=0.01 secs] 
2020-09-29T18:15:21.207+0200: 34.432: [GC (Allocation Failure) 2020-09-29T18:15:21.207+0200: 34.432: [ParNew: 575863K->47422K(613440K), 0.0213911 secs] 581058K->52616K(2029056K), 0.0214872 secs] [Times: user=0.25 sys=0.00, real=0.02 secs] 
2020-09-29T18:15:21.282+0200: 34.508: [GC (Allocation Failure) 2020-09-29T18:15:21.282+0200: 34.508: [ParNew: 592766K->39306K(613440K), 0.0146543 secs] 597960K->44500K(2029056K), 0.0147176 secs] [Times: user=0.13 sys=0.00, real=0.01 secs] 
2020-09-29T18:15:21.354+0200: 34.580: [GC (Allocation Failure) 2020-09-29T18:15:21.354+0200: 34.580: [ParNew: 584650K->45009K(613440K), 0.0217505 secs] 589844K->50204K(2029056K), 0.0218247 secs] [Times: user=0.13 sys=0.00, real=0.02 secs] 
2020-09-29T18:15:21.427+0200: 34.653: [GC (Allocation Failure) 2020-09-29T18:15:21.427+0200: 34.653: [ParNew: 590353K->48683K(613440K), 0.0210634 secs] 595548K->53877K(2029056K), 0.0211266 secs] [Times: user=0.13 sys=0.00, real=0.02 secs] 
2020-09-29T18:15:21.498+0200: 34.723: [GC (Allocation Failure) 2020-09-29T18:15:21.498+0200: 34.724: [ParNew: 594027K->36345K(613440K), 0.0116512 secs] 599221K->41539K(2029056K), 0.0117117 secs] [Times: user=0.11 sys=0.00, real=0.01 secs] 
2020-09-29T18:15:21.569+0200: 34.795: [GC (Allocation Failure) 2020-09-29T18:15:21.569+0200: 34.795: [ParNew: 581689K->49695K(613440K), 0.0293667 secs] 586883K->54889K(2029056K), 0.0294477 secs] [Times: user=0.22 sys=0.00, real=0.03 secs] 
2020-09-29T18:15:21.649+0200: 34.875: [GC (Allocation Failure) 2020-09-29T18:15:21.649+0200: 34.875: [ParNew: 595039K->62213K(613440K), 0.0279708 secs] 600233K->67407K(2029056K), 0.0280443 secs] [Times: user=0.25 sys=0.00, real=0.03 secs] 
2020-09-29T18:15:21.729+0200: 34.955: [GC (Allocation Failure) 2020-09-29T18:15:21.729+0200: 34.955: [ParNew: 607557K->47603K(613440K), 0.0267110 secs] 612751K->52798K(2029056K), 0.0267890 secs] [Times: user=0.25 sys=0.00, real=0.03 secs] 
2020-09-29T18:15:21.807+0200: 35.032: [GC (Allocation Failure) 2020-09-29T18:15:21.807+0200: 35.032: [ParNew: 592947K->45839K(613440K), 0.0262443 secs] 598142K->51034K(2029056K), 0.0263281 secs] [Times: user=0.25 sys=0.00, real=0.03 secs] 
2020-09-29T18:15:21.881+0200: 35.107: [GC (Allocation Failure) 2020-09-29T18:15:21.881+0200: 35.107: [ParNew: 591183K->43983K(613440K), 0.0247851 secs] 596378K->49177K(2029056K), 0.0248570 secs] [Times: user=0.13 sys=0.00, real=0.02 secs] 
2020-09-29T18:15:21.953+0200: 35.179: [GC (Allocation Failure) 2020-09-29T18:15:21.953+0200: 35.179: [ParNew: 589327K->33607K(613440K), 0.0147560 secs] 594521K->38801K(2029056K), 0.0148210 secs] [Times: user=0.13 sys=0.00, real=0.01 secs] 
2020-09-29T18:15:22.021+0200: 35.246: [GC (Allocation Failure) 2020-09-29T18:15:22.021+0200: 35.246: [ParNew: 578951K->47136K(613440K), 0.0271645 secs] 584145K->52330K(2029056K), 0.0272293 secs] [Times: user=0.13 sys=0.00, real=0.03 secs] 
2020-09-29T18:15:22.096+0200: 35.322: [GC (Allocation Failure) 2020-09-29T18:15:22.096+0200: 35.322: [ParNew: 592480K->56586K(613440K), 0.0299327 secs] 597674K->61780K(2029056K), 0.0300066 secs] [Times: user=0.25 sys=0.00, real=0.03 secs] 
2020-09-29T18:15:22.174+0200: 35.399: [GC (Allocation Failure) 2020-09-29T18:15:22.174+0200: 35.399: [ParNew: 601930K->47090K(613440K), 0.0269122 secs] 607124K->52284K(2029056K), 0.0269779 secs] [Times: user=0.25 sys=0.00, real=0.03 secs] 
2020-09-29T18:15:22.248+0200: 35.474: [GC (Allocation Failure) 2020-09-29T18:15:22.248+0200: 35.474: [ParNew: 592434K->38349K(613440K), 0.0162865 secs] 597628K->43544K(2029056K), 0.0163533 secs] [Times: user=0.13 sys=0.00, real=0.02 secs] 
2020-09-29T18:15:22.321+0200: 35.547: [GC (Allocation Failure) 2020-09-29T18:15:22.321+0200: 35.547: [ParNew: 583693K->54833K(613440K), 0.0317582 secs] 588888K->60028K(2029056K), 0.0318365 secs] [Times: user=0.25 sys=0.00, real=0.03 secs] 
2020-09-29T18:15:22.400+0200: 35.626: [GC (Allocation Failure) 2020-09-29T18:15:22.400+0200: 35.626: [ParNew: 600177K->46356K(613440K), 0.0237398 secs] 605372K->51550K(2029056K), 0.0238103 secs] [Times: user=0.13 sys=0.00, real=0.02 secs] 
2020-09-29T18:15:22.473+0200: 35.699: [GC (Allocation Failure) 2020-09-29T18:15:22.473+0200: 35.699: [ParNew: 591700K->68096K(613440K), 0.0300127 secs] 596894K->73290K(2029056K), 0.0300801 secs] [Times: user=0.13 sys=0.00, real=0.03 secs] 
2020-09-29T18:15:22.552+0200: 35.778: [GC (Allocation Failure) 2020-09-29T18:15:22.552+0200: 35.778: [ParNew: 613440K->39743K(613440K), 0.0116312 secs] 618634K->44938K(2029056K), 0.0117127 secs] [Times: user=0.00 sys=0.00, real=0.01 secs] 
2020-09-29T18:15:22.620+0200: 35.845: [GC (Allocation Failure) 2020-09-29T18:15:22.620+0200: 35.845: [ParNew: 585087K->31349K(613440K), 0.0193856 secs] 590282K->36543K(2029056K), 0.0194705 secs] [Times: user=0.13 sys=0.00, real=0.02 secs] 
2020-09-29T18:15:22.693+0200: 35.919: [GC (Allocation Failure) 2020-09-29T18:15:22.693+0200: 35.919: [ParNew: 576693K->41521K(613440K), 0.0264148 secs] 581887K->46715K(2029056K), 0.0264875 secs] [Times: user=0.13 sys=0.00, real=0.03 secs] 
2020-09-29T18:15:22.771+0200: 35.997: [GC (Allocation Failure) 2020-09-29T18:15:22.771+0200: 35.997: [ParNew: 586865K->49843K(613440K), 0.0256217 secs] 592059K->55037K(2029056K), 0.0257009 secs] [Times: user=0.13 sys=0.00, real=0.03 secs] 
2020-09-29T18:15:22.846+0200: 36.071: [GC (Allocation Failure) 2020-09-29T18:15:22.846+0200: 36.071: [ParNew: 595187K->41187K(613440K), 0.0226026 secs] 600381K->46381K(2029056K), 0.0226680 secs] [Times: user=0.25 sys=0.00, real=0.02 secs] 
2020-09-29T18:15:22.916+0200: 36.141: [GC (Allocation Failure) 2020-09-29T18:15:22.916+0200: 36.141: [ParNew: 586531K->60788K(613440K), 0.0288361 secs] 591725K->65982K(2029056K), 0.0289204 secs] [Times: user=0.25 sys=0.00, real=0.03 secs] 
2020-09-29T18:15:22.992+0200: 36.218: [GC (Allocation Failure) 2020-09-29T18:15:22.992+0200: 36.218: [ParNew: 606132K->68096K(613440K), 0.0349631 secs] 611326K->74624K(2029056K), 0.0350288 secs] [Times: user=0.25 sys=0.00, real=0.03 secs] 
2020-09-29T18:15:23.075+0200: 36.301: [GC (Allocation Failure) 2020-09-29T18:15:23.075+0200: 36.301: [ParNew: 613440K->61150K(613440K), 0.0264784 secs] 619968K->67678K(2029056K), 0.0265396 secs] [Times: user=0.25 sys=0.00, real=0.03 secs] 
2020-09-29T18:15:23.151+0200: 36.377: [GC (Allocation Failure) 2020-09-29T18:15:23.151+0200: 36.377: [ParNew: 606494K->41233K(613440K), 0.0185220 secs] 613022K->47762K(2029056K), 0.0185823 secs] [Times: user=0.13 sys=0.00, real=0.02 secs] 
2020-09-29T18:15:23.220+0200: 36.446: [GC (Allocation Failure) 2020-09-29T18:15:23.220+0200: 36.446: [ParNew: 586577K->40693K(613440K), 0.0241282 secs] 593106K->47222K(2029056K), 0.0241936 secs] [Times: user=0.23 sys=0.00, real=0.02 secs] 
2020-09-29T18:15:23.292+0200: 36.518: [GC (Allocation Failure) 2020-09-29T18:15:23.292+0200: 36.518: [ParNew: 586037K->59861K(613440K), 0.0291220 secs] 592566K->66389K(2029056K), 0.0291879 secs] [Times: user=0.25 sys=0.00, real=0.03 secs] 
2020-09-29T18:15:23.369+0200: 36.595: [GC (Allocation Failure) 2020-09-29T18:15:23.369+0200: 36.595: [ParNew: 605205K->61407K(613440K), 0.0281926 secs] 611733K->67935K(2029056K), 0.0282764 secs] [Times: user=0.25 sys=0.00, real=0.03 secs] 
2020-09-29T18:15:23.445+0200: 36.671: [GC (Allocation Failure) 2020-09-29T18:15:23.445+0200: 36.671: [ParNew: 606751K->51596K(613440K), 0.0262732 secs] 613279K->58124K(2029056K), 0.0263529 secs] [Times: user=0.13 sys=0.00, real=0.03 secs] 
2020-09-29T18:15:23.523+0200: 36.749: [GC (Allocation Failure) 2020-09-29T18:15:23.523+0200: 36.749: [ParNew: 596940K->49489K(613440K), 0.0255666 secs] 603468K->56017K(2029056K), 0.0256308 secs] [Times: user=0.13 sys=0.00, real=0.03 secs] 
2020-09-29T18:15:23.600+0200: 36.825: [GC (Allocation Failure) 2020-09-29T18:15:23.600+0200: 36.825: [ParNew: 594833K->47501K(613440K), 0.0283299 secs] 601361K->54030K(2029056K), 0.0283912 secs] [Times: user=0.11 sys=0.00, real=0.03 secs] 
2020-09-29T18:15:23.676+0200: 36.902: [GC (Allocation Failure) 2020-09-29T18:15:23.677+0200: 36.902: [ParNew: 592845K->37105K(613440K), 0.0238180 secs] 599374K->43633K(2029056K), 0.0238878 secs] [Times: user=0.13 sys=0.00, real=0.02 secs] 
2020-09-29T18:15:23.753+0200: 36.979: [GC (Allocation Failure) 2020-09-29T18:15:23.753+0200: 36.979: [ParNew: 582449K->38815K(613440K), 0.0204648 secs] 588977K->45343K(2029056K), 0.0205365 secs] [Times: user=0.25 sys=0.00, real=0.02 secs] 
2020-09-29T18:15:23.828+0200: 37.054: [GC (Allocation Failure) 2020-09-29T18:15:23.828+0200: 37.054: [ParNew: 584159K->34832K(613440K), 0.0189472 secs] 590687K->41360K(2029056K), 0.0190118 secs] [Times: user=0.13 sys=0.00, real=0.02 secs] 
2020-09-29T18:15:23.901+0200: 37.127: [GC (Allocation Failure) 2020-09-29T18:15:23.901+0200: 37.127: [ParNew: 580176K->25163K(613440K), 0.0089433 secs] 586704K->31692K(2029056K), 0.0090075 secs] [Times: user=0.13 sys=0.00, real=0.01 secs] 
2020-09-29T18:15:23.975+0200: 37.201: [GC (Allocation Failure) 2020-09-29T18:15:23.975+0200: 37.201: [ParNew: 570507K->23882K(613440K), 0.0168262 secs] 577036K->30410K(2029056K), 0.0169017 secs] [Times: user=0.13 sys=0.00, real=0.02 secs] 
2020-09-29T18:15:24.047+0200: 37.272: [GC (Allocation Failure) 2020-09-29T18:15:24.047+0200: 37.273: [ParNew: 569226K->37600K(613440K), 0.0228363 secs] 575754K->44128K(2029056K), 0.0229165 secs] [Times: user=0.25 sys=0.00, real=0.02 secs] 
2020-09-29T18:15:24.122+0200: 37.348: [GC (Allocation Failure) 2020-09-29T18:15:24.122+0200: 37.348: [ParNew: 582944K->53163K(613440K), 0.0269624 secs] 589472K->59691K(2029056K), 0.0270300 secs] [Times: user=0.25 sys=0.00, real=0.03 secs] 
2020-09-29T18:15:24.197+0200: 37.423: [GC (Allocation Failure) 2020-09-29T18:15:24.197+0200: 37.423: [ParNew: 598507K->56055K(613440K), 0.0267345 secs] 605035K->62583K(2029056K), 0.0267976 secs] [Times: user=0.25 sys=0.00, real=0.03 secs] 
2020-09-29T18:15:24.271+0200: 37.497: [GC (Allocation Failure) 2020-09-29T18:15:24.271+0200: 37.497: [ParNew: 601399K->40867K(613440K), 0.0178862 secs] 607927K->47395K(2029056K), 0.0179582 secs] [Times: user=0.13 sys=0.00, real=0.02 secs] 
2020-09-29T18:15:24.337+0200: 37.563: [GC (Allocation Failure) 2020-09-29T18:15:24.338+0200: 37.563: [ParNew: 586211K->40111K(613440K), 0.0232165 secs] 592739K->46639K(2029056K), 0.0232839 secs] [Times: user=0.13 sys=0.00, real=0.02 secs] 
2020-09-29T18:15:24.416+0200: 37.641: [GC (Allocation Failure) 2020-09-29T18:15:24.416+0200: 37.642: [ParNew: 585455K->53427K(613440K), 0.0297886 secs] 591983K->59955K(2029056K), 0.0298610 secs] [Times: user=0.25 sys=0.00, real=0.03 secs] 
2020-09-29T18:15:24.492+0200: 37.718: [GC (Allocation Failure) 2020-09-29T18:15:24.492+0200: 37.718: [ParNew: 598771K->33357K(613440K), 0.0126347 secs] 605299K->39885K(2029056K), 0.0127045 secs] [Times: user=0.13 sys=0.00, real=0.01 secs] 
2020-09-29T18:15:24.554+0200: 37.779: [GC (Allocation Failure) 2020-09-29T18:15:24.554+0200: 37.779: [ParNew: 578701K->43678K(613440K), 0.0261838 secs] 585229K->50206K(2029056K), 0.0262822 secs] [Times: user=0.13 sys=0.00, real=0.03 secs] 
2020-09-29T18:15:24.635+0200: 37.861: [GC (Allocation Failure) 2020-09-29T18:15:24.635+0200: 37.861: [ParNew: 589022K->56330K(613440K), 0.0331410 secs] 595550K->62858K(2029056K), 0.0332159 secs] [Times: user=0.25 sys=0.00, real=0.03 secs] 
2020-09-29T18:15:24.715+0200: 37.941: [GC (Allocation Failure) 2020-09-29T18:15:24.715+0200: 37.941: [ParNew: 601674K->65890K(613440K), 0.0295801 secs] 608202K->72418K(2029056K), 0.0296507 secs] [Times: user=0.25 sys=0.00, real=0.03 secs] 
2020-09-29T18:15:24.798+0200: 38.024: [GC (Allocation Failure) 2020-09-29T18:15:24.798+0200: 38.024: [ParNew: 611234K->48728K(613440K), 0.0230961 secs] 617762K->55257K(2029056K), 0.0231673 secs] [Times: user=0.25 sys=0.00, real=0.02 secs] 
2020-09-29T18:15:24.870+0200: 38.096: [GC (Allocation Failure) 2020-09-29T18:15:24.870+0200: 38.096: [ParNew: 594072K->32836K(613440K), 0.0194645 secs] 600601K->39364K(2029056K), 0.0195312 secs] [Times: user=0.13 sys=0.00, real=0.02 secs] 
2020-09-29T18:15:24.954+0200: 38.180: [GC (Allocation Failure) 2020-09-29T18:15:24.954+0200: 38.180: [ParNew: 578180K->52429K(613440K), 0.0266918 secs] 584708K->58957K(2029056K), 0.0267626 secs] [Times: user=0.25 sys=0.00, real=0.03 secs] 
2020-09-29T18:15:25.028+0200: 38.254: [GC (Allocation Failure) 2020-09-29T18:15:25.028+0200: 38.254: [ParNew: 597773K->38018K(613440K), 0.0189123 secs] 604301K->44546K(2029056K), 0.0189824 secs] [Times: user=0.13 sys=0.00, real=0.02 secs] 
2020-09-29T18:15:25.095+0200: 38.321: [GC (Allocation Failure) 2020-09-29T18:15:25.095+0200: 38.321: [ParNew: 583362K->36887K(613440K), 0.0246986 secs] 589890K->43415K(2029056K), 0.0247642 secs] [Times: user=0.25 sys=0.00, real=0.02 secs] 
2020-09-29T18:15:25.170+0200: 38.395: [GC (Allocation Failure) 2020-09-29T18:15:25.170+0200: 38.395: [ParNew: 582231K->58339K(613440K), 0.0293425 secs] 588759K->64867K(2029056K), 0.0294078 secs] [Times: user=0.25 sys=0.00, real=0.03 secs] 
2020-09-29T18:15:25.247+0200: 38.472: [GC (Allocation Failure) 2020-09-29T18:15:25.247+0200: 38.472: [ParNew: 603683K->48408K(613440K), 0.0223658 secs] 610211K->54936K(2029056K), 0.0224264 secs] [Times: user=0.13 sys=0.00, real=0.02 secs] 
2020-09-29T18:15:25.318+0200: 38.543: [GC (Allocation Failure) 2020-09-29T18:15:25.318+0200: 38.544: [ParNew: 593752K->47926K(613440K), 0.0272980 secs] 600280K->54454K(2029056K), 0.0273853 secs] [Times: user=0.13 sys=0.00, real=0.03 secs] 
2020-09-29T18:15:25.395+0200: 38.620: [GC (Allocation Failure) 2020-09-29T18:15:25.395+0200: 38.620: [ParNew: 593270K->56375K(613440K), 0.0269975 secs] 599798K->62903K(2029056K), 0.0270749 secs] [Times: user=0.25 sys=0.00, real=0.03 secs] 
2020-09-29T18:15:25.473+0200: 38.698: [GC (Allocation Failure) 2020-09-29T18:15:25.473+0200: 38.698: [ParNew: 601719K->45412K(613440K), 0.0274605 secs] 608247K->51940K(2029056K), 0.0275281 secs] [Times: user=0.25 sys=0.00, real=0.03 secs] 
2020-09-29T18:15:25.549+0200: 38.774: [GC (Allocation Failure) 2020-09-29T18:15:25.549+0200: 38.774: [ParNew: 590756K->42290K(613440K), 0.0252918 secs] 597284K->48819K(2029056K), 0.0253714 secs] [Times: user=0.25 sys=0.00, real=0.03 secs] 
2020-09-29T18:15:25.626+0200: 38.851: [GC (Allocation Failure) 2020-09-29T18:15:25.626+0200: 38.851: [ParNew: 587634K->67126K(613440K), 0.0317767 secs] 594163K->73654K(2029056K), 0.0318435 secs] [Times: user=0.23 sys=0.00, real=0.03 secs] 
2020-09-29T18:15:25.709+0200: 38.934: [GC (Allocation Failure) 2020-09-29T18:15:25.709+0200: 38.934: [ParNew: 612470K->52256K(613440K), 0.0231002 secs] 618998K->58784K(2029056K), 0.0231675 secs] [Times: user=0.13 sys=0.00, real=0.02 secs] 
2020-09-29T18:15:25.786+0200: 39.012: [GC (Allocation Failure) 2020-09-29T18:15:25.787+0200: 39.012: [ParNew: 597600K->68096K(613440K), 0.0298561 secs] 604128K->74624K(2029056K), 0.0299257 secs] [Times: user=0.13 sys=0.00, real=0.03 secs] 
2020-09-29T18:15:25.868+0200: 39.093: [GC (Allocation Failure) 2020-09-29T18:15:25.868+0200: 39.093: [ParNew: 613440K->66202K(613440K), 0.0295455 secs] 619968K->72730K(2029056K), 0.0296165 secs] [Times: user=0.25 sys=0.00, real=0.03 secs] 
2020-09-29T18:15:25.945+0200: 39.170: [GC (Allocation Failure) 2020-09-29T18:15:25.945+0200: 39.170: [ParNew: 611546K->47432K(613440K), 0.0209940 secs] 618074K->53960K(2029056K), 0.0210631 secs] [Times: user=0.13 sys=0.00, real=0.02 secs] 
2020-09-29T18:15:26.018+0200: 39.243: [GC (Allocation Failure) 2020-09-29T18:15:26.018+0200: 39.243: [ParNew: 592776K->44458K(613440K), 0.0252325 secs] 599304K->50987K(2029056K), 0.0253015 secs] [Times: user=0.25 sys=0.00, real=0.03 secs] 
2020-09-29T18:15:26.091+0200: 39.316: [GC (Allocation Failure) 2020-09-29T18:15:26.091+0200: 39.316: [ParNew: 589802K->66668K(613440K), 0.0315250 secs] 596331K->73196K(2029056K), 0.0315899 secs] [Times: user=0.25 sys=0.00, real=0.03 secs] 
2020-09-29T18:15:26.171+0200: 39.396: [GC (Allocation Failure) 2020-09-29T18:15:26.171+0200: 39.396: [ParNew: 612012K->45888K(613440K), 0.0218914 secs] 618540K->52416K(2029056K), 0.0219580 secs] [Times: user=0.25 sys=0.00, real=0.02 secs] 
2020-09-29T18:15:26.242+0200: 39.467: [GC (Allocation Failure) 2020-09-29T18:15:26.242+0200: 39.467: [ParNew: 591232K->40968K(613440K), 0.0219750 secs] 597760K->47496K(2029056K), 0.0220493 secs] [Times: user=0.13 sys=0.00, real=0.02 secs] 
2020-09-29T18:15:26.319+0200: 39.544: [GC (Allocation Failure) 2020-09-29T18:15:26.319+0200: 39.544: [ParNew: 586312K->61647K(613440K), 0.0262892 secs] 592840K->68175K(2029056K), 0.0263613 secs] [Times: user=0.13 sys=0.00, real=0.03 secs] 
2020-09-29T18:15:26.397+0200: 39.622: [GC (Allocation Failure) 2020-09-29T18:15:26.397+0200: 39.622: [ParNew: 606991K->36292K(613440K), 0.0211225 secs] 613519K->42820K(2029056K), 0.0212018 secs] [Times: user=0.13 sys=0.00, real=0.02 secs] 
2020-09-29T18:15:26.470+0200: 39.695: [GC (Allocation Failure) 2020-09-29T18:15:26.470+0200: 39.695: [ParNew: 581636K->56403K(613440K), 0.0328350 secs] 588164K->62932K(2029056K), 0.0328994 secs] [Times: user=0.25 sys=0.00, real=0.03 secs] 
2020-09-29T18:15:26.551+0200: 39.776: [GC (Allocation Failure) 2020-09-29T18:15:26.551+0200: 39.776: [ParNew: 601747K->44712K(613440K), 0.0249422 secs] 608276K->51240K(2029056K), 0.0250211 secs] [Times: user=0.25 sys=0.00, real=0.02 secs] 
2020-09-29T18:15:26.631+0200: 39.856: [GC (Allocation Failure) 2020-09-29T18:15:26.631+0200: 39.856: [ParNew: 590056K->39170K(613440K), 0.0244826 secs] 596584K->45698K(2029056K), 0.0245708 secs] [Times: user=0.13 sys=0.00, real=0.02 secs] 
2020-09-29T18:15:26.706+0200: 39.931: [GC (Allocation Failure) 2020-09-29T18:15:26.706+0200: 39.932: [ParNew: 584514K->30324K(613440K), 0.0126621 secs] 591042K->36852K(2029056K), 0.0127299 secs] [Times: user=0.13 sys=0.00, real=0.01 secs] 
2020-09-29T18:15:26.770+0200: 39.996: [GC (Allocation Failure) 2020-09-29T18:15:26.770+0200: 39.996: [ParNew: 575668K->31376K(613440K), 0.0227501 secs] 582196K->37904K(2029056K), 0.0228150 secs] [Times: user=0.13 sys=0.00, real=0.02 secs] 
2020-09-29T18:15:26.842+0200: 40.067: [GC (Allocation Failure) 2020-09-29T18:15:26.842+0200: 40.067: [ParNew: 576720K->45072K(613440K), 0.0272895 secs] 583248K->51601K(2029056K), 0.0273558 secs] [Times: user=0.25 sys=0.00, real=0.03 secs] 
2020-09-29T18:15:26.921+0200: 40.147: [GC (Allocation Failure) 2020-09-29T18:15:26.921+0200: 40.147: [ParNew: 590416K->61520K(613440K), 0.0325356 secs] 596945K->68049K(2029056K), 0.0326032 secs] [Times: user=0.25 sys=0.00, real=0.03 secs] 
2020-09-29T18:15:27.002+0200: 40.227: [GC (Allocation Failure) 2020-09-29T18:15:27.002+0200: 40.227: [ParNew: 606864K->49153K(613440K), 0.0304001 secs] 613393K->55682K(2029056K), 0.0304720 secs] [Times: user=0.25 sys=0.00, real=0.03 secs] 
2020-09-29T18:15:27.082+0200: 40.308: [GC (Allocation Failure) 2020-09-29T18:15:27.082+0200: 40.308: [ParNew: 594497K->44156K(613440K), 0.0221786 secs] 601026K->50684K(2029056K), 0.0222524 secs] [Times: user=0.13 sys=0.00, real=0.02 secs] 
2020-09-29T18:15:27.158+0200: 40.384: [GC (Allocation Failure) 2020-09-29T18:15:27.158+0200: 40.384: [ParNew: 589500K->39756K(613440K), 0.0229685 secs] 596028K->46284K(2029056K), 0.0230422 secs] [Times: user=0.25 sys=0.00, real=0.02 secs] 
2020-09-29T18:15:27.241+0200: 40.466: [GC (Allocation Failure) 2020-09-29T18:15:27.241+0200: 40.466: [ParNew: 585100K->25763K(613440K), 0.0202917 secs] 591628K->32291K(2029056K), 0.0203625 secs] [Times: user=0.13 sys=0.00, real=0.02 secs] 
2020-09-29T18:15:27.319+0200: 40.544: [GC (Allocation Failure) 2020-09-29T18:15:27.319+0200: 40.544: [ParNew: 571107K->45617K(613440K), 0.0269564 secs] 577635K->52146K(2029056K), 0.0270322 secs] [Times: user=0.13 sys=0.00, real=0.03 secs] 
2020-09-29T18:15:27.399+0200: 40.624: [GC (Allocation Failure) 2020-09-29T18:15:27.399+0200: 40.624: [ParNew: 590961K->37510K(613440K), 0.0242950 secs] 597490K->44038K(2029056K), 0.0243620 secs] [Times: user=0.13 sys=0.00, real=0.02 secs] 
2020-09-29T18:15:27.478+0200: 40.703: [GC (Allocation Failure) 2020-09-29T18:15:27.478+0200: 40.703: [ParNew: 582854K->62429K(613440K), 0.0330438 secs] 589382K->68957K(2029056K), 0.0331382 secs] [Times: user=0.25 sys=0.00, real=0.03 secs] 
2020-09-29T18:15:27.560+0200: 40.785: [GC (Allocation Failure) 2020-09-29T18:15:27.560+0200: 40.785: [ParNew: 607773K->36581K(613440K), 0.0140941 secs] 614301K->43109K(2029056K), 0.0141648 secs] [Times: user=0.11 sys=0.00, real=0.01 secs] 
2020-09-29T18:15:27.641+0200: 40.867: [GC (Allocation Failure) 2020-09-29T18:15:27.641+0200: 40.867: [ParNew: 581925K->41418K(613440K), 0.0277831 secs] 588453K->47946K(2029056K), 0.0278523 secs] [Times: user=0.25 sys=0.00, real=0.03 secs] 
2020-09-29T18:15:27.720+0200: 40.945: [GC (Allocation Failure) 2020-09-29T18:15:27.720+0200: 40.945: [ParNew: 586762K->30511K(613440K), 0.0168400 secs] 593290K->37040K(2029056K), 0.0169099 secs] [Times: user=0.13 sys=0.00, real=0.02 secs] 
2020-09-29T18:15:27.793+0200: 41.018: [GC (Allocation Failure) 2020-09-29T18:15:27.793+0200: 41.018: [ParNew: 575855K->52611K(613440K), 0.0305128 secs] 582384K->59139K(2029056K), 0.0305836 secs] [Times: user=0.25 sys=0.00, real=0.03 secs] 
2020-09-29T18:15:27.875+0200: 41.100: [GC (Allocation Failure) 2020-09-29T18:15:27.875+0200: 41.100: [ParNew: 597955K->36504K(613440K), 0.0227894 secs] 604483K->43032K(2029056K), 0.0304785 secs] [Times: user=0.25 sys=0.00, real=0.03 secs] 
2020-09-29T18:15:27.961+0200: 41.187: [GC (Allocation Failure) 2020-09-29T18:15:27.961+0200: 41.187: [ParNew: 581848K->35436K(613440K), 0.0191923 secs] 588376K->41964K(2029056K), 0.0192707 secs] [Times: user=0.13 sys=0.00, real=0.02 secs] 
2020-09-29T18:15:28.035+0200: 41.261: [GC (Allocation Failure) 2020-09-29T18:15:28.035+0200: 41.261: [ParNew: 580780K->25224K(613440K), 0.0202678 secs] 587308K->31752K(2029056K), 0.0203384 secs] [Times: user=0.23 sys=0.01, real=0.02 secs] 
2020-09-29T18:15:28.104+0200: 41.330: [GC (Allocation Failure) 2020-09-29T18:15:28.104+0200: 41.330: [ParNew: 570568K->42234K(613440K), 0.0254103 secs] 577096K->48762K(2029056K), 0.0254802 secs] [Times: user=0.25 sys=0.00, real=0.03 secs] 
2020-09-29T18:15:28.183+0200: 41.409: [GC (Allocation Failure) 2020-09-29T18:15:28.183+0200: 41.409: [ParNew: 587578K->57738K(613440K), 0.0308504 secs] 594106K->64266K(2029056K), 0.0309255 secs] [Times: user=0.25 sys=0.00, real=0.03 secs] 
2020-09-29T18:15:28.269+0200: 41.494: [GC (Allocation Failure) 2020-09-29T18:15:28.269+0200: 41.494: [ParNew: 603082K->63570K(613440K), 0.0301090 secs] 609610K->70098K(2029056K), 0.0301807 secs] [Times: user=0.25 sys=0.00, real=0.03 secs] 
2020-09-29T18:15:28.349+0200: 41.574: [GC (Allocation Failure) 2020-09-29T18:15:28.349+0200: 41.574: [ParNew: 608914K->42315K(613440K), 0.0198865 secs] 615442K->48843K(2029056K), 0.0199654 secs] [Times: user=0.13 sys=0.00, real=0.02 secs] 
2020-09-29T18:15:28.427+0200: 41.652: [GC (Allocation Failure) 2020-09-29T18:15:28.427+0200: 41.652: [ParNew: 587659K->29840K(613440K), 0.0216104 secs] 594187K->36368K(2029056K), 0.0216767 secs] [Times: user=0.13 sys=0.00, real=0.02 secs] 
2020-09-29T18:15:28.505+0200: 41.731: [GC (Allocation Failure) 2020-09-29T18:15:28.505+0200: 41.731: [ParNew: 575184K->46043K(613440K), 0.0231177 secs] 581712K->52571K(2029056K), 0.0231888 secs] [Times: user=0.13 sys=0.00, real=0.02 secs] 
2020-09-29T18:15:28.580+0200: 41.805: [GC (Allocation Failure) 2020-09-29T18:15:28.580+0200: 41.805: [ParNew: 591387K->34545K(613440K), 0.0232065 secs] 597915K->41073K(2029056K), 0.0232795 secs] [Times: user=0.23 sys=0.00, real=0.02 secs] 
2020-09-29T18:15:28.659+0200: 41.885: [GC (Allocation Failure) 2020-09-29T18:15:28.659+0200: 41.885: [ParNew: 579889K->57952K(613440K), 0.0292652 secs] 586417K->64480K(2029056K), 0.0293397 secs] [Times: user=0.23 sys=0.02, real=0.03 secs] 
2020-09-29T18:15:28.738+0200: 41.964: [GC (Allocation Failure) 2020-09-29T18:15:28.738+0200: 41.964: [ParNew: 603296K->46137K(613440K), 0.0299352 secs] 609824K->52665K(2029056K), 0.0300147 secs] [Times: user=0.14 sys=0.01, real=0.03 secs] 
2020-09-29T18:15:28.825+0200: 42.050: [GC (Allocation Failure) 2020-09-29T18:15:28.825+0200: 42.050: [ParNew: 591481K->47660K(613440K), 0.0271343 secs] 598009K->54189K(2029056K), 0.0271983 secs] [Times: user=0.25 sys=0.00, real=0.03 secs] 
2020-09-29T18:15:28.907+0200: 42.133: [GC (Allocation Failure) 2020-09-29T18:15:28.907+0200: 42.133: [ParNew: 593004K->43656K(613440K), 0.0279237 secs] 599533K->50184K(2029056K), 0.0279885 secs] [Times: user=0.25 sys=0.00, real=0.03 secs] 
2020-09-29T18:15:28.991+0200: 42.216: [GC (Allocation Failure) 2020-09-29T18:15:28.991+0200: 42.217: [ParNew: 589000K->68096K(613440K), 0.0335549 secs] 595528K->74624K(2029056K), 0.0336233 secs] [Times: user=0.25 sys=0.00, real=0.03 secs] 
2020-09-29T18:15:29.072+0200: 42.298: [GC (Allocation Failure) 2020-09-29T18:15:29.072+0200: 42.298: [ParNew: 613440K->62119K(613440K), 0.0322120 secs] 619968K->68648K(2029056K), 0.0322853 secs] [Times: user=0.25 sys=0.00, real=0.03 secs] 
2020-09-29T18:15:29.153+0200: 42.379: [GC (Allocation Failure) 2020-09-29T18:15:29.153+0200: 42.379: [ParNew: 607463K->49672K(613440K), 0.0225528 secs] 613992K->56201K(2029056K), 0.0226165 secs] [Times: user=0.13 sys=0.00, real=0.02 secs] 
2020-09-29T18:15:29.237+0200: 42.463: [GC (Allocation Failure) 2020-09-29T18:15:29.237+0200: 42.463: [ParNew: 595016K->44481K(613440K), 0.0221379 secs] 601545K->51009K(2029056K), 0.0222105 secs] [Times: user=0.25 sys=0.00, real=0.02 secs] 
2020-09-29T18:15:29.309+0200: 42.534: [GC (Allocation Failure) 2020-09-29T18:15:29.309+0200: 42.534: [ParNew: 589825K->61511K(613440K), 0.0361538 secs] 596353K->68039K(2029056K), 0.0362479 secs] [Times: user=0.25 sys=0.00, real=0.04 secs] 
2020-09-29T18:15:29.393+0200: 42.619: [GC (Allocation Failure) 2020-09-29T18:15:29.393+0200: 42.619: [ParNew: 606855K->51401K(613440K), 0.0278869 secs] 613383K->57929K(2029056K), 0.0279592 secs] [Times: user=0.25 sys=0.00, real=0.03 secs] 
2020-09-29T18:15:29.469+0200: 42.694: [GC (Allocation Failure) 2020-09-29T18:15:29.469+0200: 42.695: [ParNew: 596745K->45282K(613440K), 0.0283859 secs] 603273K->51811K(2029056K), 0.0284563 secs] [Times: user=0.25 sys=0.00, real=0.03 secs] 
2020-09-29T18:15:29.545+0200: 42.771: [GC (Allocation Failure) 2020-09-29T18:15:29.545+0200: 42.771: [ParNew: 590626K->42185K(613440K), 0.0257282 secs] 597155K->48713K(2029056K), 0.0258069 secs] [Times: user=0.25 sys=0.00, real=0.03 secs] 
2020-09-29T18:15:29.626+0200: 42.851: [GC (Allocation Failure) 2020-09-29T18:15:29.626+0200: 42.851: [ParNew: 587529K->64724K(613440K), 0.0329937 secs] 594057K->71252K(2029056K), 0.0330714 secs] [Times: user=0.24 sys=0.00, real=0.03 secs] 
2020-09-29T18:15:29.711+0200: 42.937: [GC (Allocation Failure) 2020-09-29T18:15:29.711+0200: 42.937: [ParNew: 610068K->68096K(613440K), 0.0394063 secs] 616596K->76978K(2029056K), 0.0394754 secs] [Times: user=0.25 sys=0.00, real=0.04 secs] 
2020-09-29T18:15:29.799+0200: 43.025: [GC (Allocation Failure) 2020-09-29T18:15:29.799+0200: 43.025: [ParNew: 613440K->48350K(613440K), 0.0230377 secs] 622322K->57233K(2029056K), 0.0231127 secs] [Times: user=0.25 sys=0.00, real=0.02 secs] 
2020-09-29T18:15:29.880+0200: 43.106: [GC (Allocation Failure) 2020-09-29T18:15:29.880+0200: 43.106: [ParNew: 593694K->29883K(613440K), 0.0201970 secs] 602577K->38765K(2029056K), 0.0202780 secs] [Times: user=0.13 sys=0.00, real=0.02 secs] 
2020-09-29T18:15:29.973+0200: 43.198: [GC (Allocation Failure) 2020-09-29T18:15:29.973+0200: 43.198: [ParNew: 575227K->62483K(613440K), 0.0371275 secs] 584109K->71365K(2029056K), 0.0372033 secs] [Times: user=0.25 sys=0.00, real=0.04 secs] 
2020-09-29T18:15:30.057+0200: 43.282: [GC (Allocation Failure) 2020-09-29T18:15:30.057+0200: 43.282: [ParNew: 607827K->68096K(613440K), 0.0341330 secs] 616709K->77305K(2029056K), 0.0341987 secs] [Times: user=0.25 sys=0.00, real=0.03 secs] 
2020-09-29T18:15:30.141+0200: 43.366: [GC (Allocation Failure) 2020-09-29T18:15:30.141+0200: 43.366: [ParNew: 613440K->57484K(613440K), 0.0264815 secs] 622649K->66694K(2029056K), 0.0265539 secs] [Times: user=0.25 sys=0.00, real=0.03 secs] 
2020-09-29T18:15:30.216+0200: 43.441: [GC (Allocation Failure) 2020-09-29T18:15:30.216+0200: 43.441: [ParNew: 602828K->48698K(613440K), 0.0256812 secs] 612038K->57908K(2029056K), 0.0257630 secs] [Times: user=0.25 sys=0.00, real=0.02 secs] 
2020-09-29T18:15:30.292+0200: 43.518: [GC (Allocation Failure) 2020-09-29T18:15:30.292+0200: 43.518: [ParNew: 594042K->33870K(613440K), 0.0155372 secs] 603252K->43080K(2029056K), 0.0156131 secs] [Times: user=0.13 sys=0.00, real=0.02 secs] 
2020-09-29T18:15:30.366+0200: 43.592: [GC (Allocation Failure) 2020-09-29T18:15:30.366+0200: 43.592: [ParNew: 579214K->45424K(613440K), 0.0309700 secs] 588424K->54634K(2029056K), 0.0310420 secs] [Times: user=0.25 sys=0.00, real=0.03 secs] 
2020-09-29T18:15:30.449+0200: 43.674: [GC (Allocation Failure) 2020-09-29T18:15:30.449+0200: 43.674: [ParNew: 590768K->40134K(613440K), 0.0209168 secs] 599978K->49344K(2029056K), 0.0209984 secs] [Times: user=0.13 sys=0.00, real=0.02 secs] 
2020-09-29T18:15:30.530+0200: 43.756: [GC (Allocation Failure) 2020-09-29T18:15:30.530+0200: 43.756: [ParNew: 585478K->56317K(613440K), 0.0287579 secs] 594688K->65527K(2029056K), 0.0288422 secs] [Times: user=0.25 sys=0.00, real=0.03 secs] 
2020-09-29T18:15:30.611+0200: 43.837: [GC (Allocation Failure) 2020-09-29T18:15:30.611+0200: 43.837: [ParNew: 601661K->68096K(613440K), 0.0353156 secs] 610871K->77305K(2029056K), 0.0353930 secs] [Times: user=0.34 sys=0.00, real=0.04 secs] 
2020-09-29T18:15:30.695+0200: 43.921: [GC (Allocation Failure) 2020-09-29T18:15:30.695+0200: 43.921: [ParNew: 613440K->50895K(613440K), 0.0269084 secs] 622649K->60105K(2029056K), 0.0269853 secs] [Times: user=0.13 sys=0.00, real=0.03 secs] 
2020-09-29T18:15:30.772+0200: 43.998: [GC (Allocation Failure) 2020-09-29T18:15:30.772+0200: 43.998: [ParNew: 596239K->43918K(613440K), 0.0241664 secs] 605449K->53128K(2029056K), 0.0242357 secs] [Times: user=0.13 sys=0.00, real=0.02 secs] 
2020-09-29T18:15:30.853+0200: 44.079: [GC (Allocation Failure) 2020-09-29T18:15:30.853+0200: 44.079: [ParNew: 589262K->40208K(613440K), 0.0215460 secs] 598472K->49418K(2029056K), 0.0216175 secs] [Times: user=0.13 sys=0.00, real=0.02 secs] 
2020-09-29T18:15:30.927+0200: 44.153: [GC (Allocation Failure) 2020-09-29T18:15:30.927+0200: 44.153: [ParNew: 585552K->57988K(613440K), 0.0311979 secs] 594762K->67198K(2029056K), 0.0312642 secs] [Times: user=0.25 sys=0.00, real=0.03 secs] 
2020-09-29T18:15:31.007+0200: 44.233: [GC (Allocation Failure) 2020-09-29T18:15:31.007+0200: 44.233: [ParNew: 603332K->68096K(613440K), 0.0365932 secs] 612542K->77875K(2029056K), 0.0366599 secs] [Times: user=0.25 sys=0.00, real=0.04 secs] 
2020-09-29T18:15:31.090+0200: 44.316: [GC (Allocation Failure) 2020-09-29T18:15:31.090+0200: 44.316: [ParNew: 613440K->59381K(613440K), 0.0284913 secs] 623219K->69161K(2029056K), 0.0285591 secs] [Times: user=0.25 sys=0.00, real=0.03 secs] 
2020-09-29T18:15:31.168+0200: 44.393: [GC (Allocation Failure) 2020-09-29T18:15:31.168+0200: 44.393: [ParNew: 604725K->48377K(613440K), 0.0275296 secs] 614505K->58157K(2029056K), 0.0276150 secs] [Times: user=0.25 sys=0.00, real=0.03 secs] 
2020-09-29T18:15:31.250+0200: 44.476: [GC (Allocation Failure) 2020-09-29T18:15:31.250+0200: 44.476: [ParNew: 593721K->48271K(613440K), 0.0259731 secs] 603501K->58051K(2029056K), 0.0260666 secs] [Times: user=0.25 sys=0.00, real=0.03 secs] 
2020-09-29T18:15:31.323+0200: 44.549: [GC (Allocation Failure) 2020-09-29T18:15:31.324+0200: 44.549: [ParNew: 593615K->36403K(613440K), 0.0153028 secs] 603395K->46183K(2029056K), 0.0153849 secs] [Times: user=0.13 sys=0.00, real=0.02 secs] 
2020-09-29T18:15:31.401+0200: 44.626: [GC (Allocation Failure) 2020-09-29T18:15:31.401+0200: 44.626: [ParNew: 581747K->32381K(613440K), 0.0221102 secs] 591527K->42161K(2029056K), 0.0221818 secs] [Times: user=0.13 sys=0.00, real=0.02 secs] 
2020-09-29T18:15:31.478+0200: 44.704: [GC (Allocation Failure) 2020-09-29T18:15:31.478+0200: 44.704: [ParNew: 577725K->40977K(613440K), 0.0303533 secs] 587505K->50757K(2029056K), 0.0304179 secs] [Times: user=0.22 sys=0.00, real=0.03 secs] 
2020-09-29T18:15:31.562+0200: 44.788: [GC (Allocation Failure) 2020-09-29T18:15:31.562+0200: 44.788: [ParNew: 586321K->51751K(613440K), 0.0225867 secs] 596101K->61531K(2029056K), 0.0226692 secs] [Times: user=0.22 sys=0.00, real=0.02 secs] 
2020-09-29T18:15:31.634+0200: 44.860: [GC (Allocation Failure) 2020-09-29T18:15:31.634+0200: 44.860: [ParNew: 597095K->68096K(613440K), 0.0253174 secs] 606875K->77875K(2029056K), 0.0253741 secs] [Times: user=0.13 sys=0.00, real=0.03 secs] 
2020-09-29T18:15:31.706+0200: 44.932: [GC (Allocation Failure) 2020-09-29T18:15:31.706+0200: 44.932: [ParNew: 613440K->46237K(613440K), 0.0167775 secs] 623219K->56017K(2029056K), 0.0168381 secs] [Times: user=0.25 sys=0.00, real=0.02 secs] 
2020-09-29T18:15:31.773+0200: 44.998: [GC (Allocation Failure) 2020-09-29T18:15:31.773+0200: 44.998: [ParNew: 591581K->36571K(613440K), 0.0164941 secs] 601361K->46351K(2029056K), 0.0165647 secs] [Times: user=0.13 sys=0.00, real=0.02 secs] 
2020-09-29T18:15:31.837+0200: 45.062: [GC (Allocation Failure) 2020-09-29T18:15:31.837+0200: 45.062: [ParNew: 581915K->36858K(613440K), 0.0147234 secs] 591695K->46638K(2029056K), 0.0147804 secs] [Times: user=0.13 sys=0.00, real=0.02 secs] 
2020-09-29T18:15:31.904+0200: 45.130: [GC (Allocation Failure) 2020-09-29T18:15:31.904+0200: 45.130: [ParNew: 582202K->56731K(613440K), 0.0212299 secs] 591982K->66511K(2029056K), 0.0213081 secs] [Times: user=0.13 sys=0.00, real=0.02 secs] 
2020-09-29T18:15:31.978+0200: 45.203: [GC (Allocation Failure) 2020-09-29T18:15:31.978+0200: 45.203: [ParNew: 602075K->39830K(613440K), 0.0155509 secs] 611855K->49610K(2029056K), 0.0156192 secs] [Times: user=0.13 sys=0.00, real=0.02 secs] 
2020-09-29T18:15:32.050+0200: 45.276: [GC (Allocation Failure) 2020-09-29T18:15:32.050+0200: 45.276: [ParNew: 585174K->51975K(613440K), 0.0237965 secs] 594954K->61755K(2029056K), 0.0238554 secs] [Times: user=0.25 sys=0.00, real=0.02 secs] 
2020-09-29T18:15:32.122+0200: 45.347: [GC (Allocation Failure) 2020-09-29T18:15:32.122+0200: 45.347: [ParNew: 597319K->47089K(613440K), 0.0180468 secs] 607099K->56869K(2029056K), 0.0181054 secs] [Times: user=0.13 sys=0.00, real=0.02 secs] 
2020-09-29T18:15:32.192+0200: 45.417: [GC (Allocation Failure) 2020-09-29T18:15:32.192+0200: 45.417: [ParNew: 592433K->40688K(613440K), 0.0162099 secs] 602213K->50468K(2029056K), 0.0162735 secs] [Times: user=0.13 sys=0.00, real=0.02 secs] 
2020-09-29T18:15:32.266+0200: 45.491: [GC (Allocation Failure) 2020-09-29T18:15:32.266+0200: 45.491: [ParNew: 586032K->34713K(613440K), 0.0164902 secs] 595812K->44493K(2029056K), 0.0165454 secs] [Times: user=0.13 sys=0.00, real=0.02 secs] 
2020-09-29T18:15:32.333+0200: 45.558: [GC (Allocation Failure) 2020-09-29T18:15:32.333+0200: 45.558: [ParNew: 580057K->33179K(613440K), 0.0155996 secs] 589837K->42959K(2029056K), 0.0156529 secs] [Times: user=0.13 sys=0.00, real=0.02 secs] 
2020-09-29T18:15:32.399+0200: 45.625: [GC (Allocation Failure) 2020-09-29T18:15:32.399+0200: 45.625: [ParNew: 578523K->31317K(613440K), 0.0150893 secs] 588303K->41097K(2029056K), 0.0151452 secs] [Times: user=0.13 sys=0.00, real=0.02 secs] 
2020-09-29T18:15:32.462+0200: 45.687: [GC (Allocation Failure) 2020-09-29T18:15:32.462+0200: 45.687: [ParNew: 576661K->48644K(613440K), 0.0197050 secs] 586441K->58424K(2029056K), 0.0197654 secs] [Times: user=0.13 sys=0.00, real=0.02 secs] 
2020-09-29T18:15:32.531+0200: 45.757: [GC (Allocation Failure) 2020-09-29T18:15:32.531+0200: 45.757: [ParNew: 593988K->33933K(613440K), 0.0112475 secs] 603768K->43713K(2029056K), 0.0113061 secs] [Times: user=0.13 sys=0.00, real=0.01 secs] 
2020-09-29T18:15:32.593+0200: 45.819: [GC (Allocation Failure) 2020-09-29T18:15:32.593+0200: 45.819: [ParNew: 579277K->50910K(613440K), 0.0245731 secs] 589057K->60690K(2029056K), 0.0246387 secs] [Times: user=0.22 sys=0.00, real=0.03 secs] 
2020-09-29T18:15:32.667+0200: 45.893: [GC (Allocation Failure) 2020-09-29T18:15:32.667+0200: 45.893: [ParNew: 596254K->41172K(613440K), 0.0173206 secs] 606034K->50952K(2029056K), 0.0173763 secs] [Times: user=0.13 sys=0.00, real=0.02 secs] 
2020-09-29T18:15:32.732+0200: 45.957: [GC (Allocation Failure) 2020-09-29T18:15:32.732+0200: 45.957: [ParNew: 586516K->39841K(613440K), 0.0147724 secs] 596296K->49621K(2029056K), 0.0148342 secs] [Times: user=0.13 sys=0.00, real=0.01 secs] 
2020-09-29T18:15:32.798+0200: 46.023: [GC (Allocation Failure) 2020-09-29T18:15:32.798+0200: 46.023: [ParNew: 585185K->32758K(613440K), 0.0150724 secs] 594965K->42538K(2029056K), 0.0151646 secs] [Times: user=0.13 sys=0.00, real=0.01 secs] 
2020-09-29T18:15:32.864+0200: 46.090: [GC (Allocation Failure) 2020-09-29T18:15:32.864+0200: 46.090: [ParNew: 578102K->32377K(613440K), 0.0153295 secs] 587882K->42157K(2029056K), 0.0154002 secs] [Times: user=0.00 sys=0.00, real=0.01 secs] 
2020-09-29T18:15:32.931+0200: 46.156: [GC (Allocation Failure) 2020-09-29T18:15:32.931+0200: 46.156: [ParNew: 577721K->26895K(613440K), 0.0139118 secs] 587501K->36675K(2029056K), 0.0139673 secs] [Times: user=0.13 sys=0.00, real=0.01 secs] 
2020-09-29T18:15:32.998+0200: 46.224: [GC (Allocation Failure) 2020-09-29T18:15:32.998+0200: 46.224: [ParNew: 572239K->61021K(613440K), 0.0244441 secs] 582019K->70801K(2029056K), 0.0245142 secs] [Times: user=0.25 sys=0.00, real=0.03 secs] 
2020-09-29T18:15:33.070+0200: 46.296: [GC (Allocation Failure) 2020-09-29T18:15:33.070+0200: 46.296: [ParNew: 606365K->45589K(613440K), 0.0189573 secs] 616145K->55369K(2029056K), 0.0190210 secs] [Times: user=0.13 sys=0.00, real=0.02 secs] 
2020-09-29T18:15:33.136+0200: 46.362: [GC (Allocation Failure) 2020-09-29T18:15:33.136+0200: 46.362: [ParNew: 590933K->35600K(613440K), 0.0110626 secs] 600713K->45379K(2029056K), 0.0111200 secs] [Times: user=0.13 sys=0.00, real=0.01 secs] 
2020-09-29T18:15:33.200+0200: 46.426: [GC (Allocation Failure) 2020-09-29T18:15:33.200+0200: 46.426: [ParNew: 580944K->33396K(613440K), 0.0164983 secs] 590723K->43176K(2029056K), 0.0165577 secs] [Times: user=0.13 sys=0.00, real=0.02 secs] 
2020-09-29T18:15:33.266+0200: 46.492: [GC (Allocation Failure) 2020-09-29T18:15:33.266+0200: 46.492: [ParNew: 578740K->42929K(613440K), 0.0210234 secs] 588520K->52709K(2029056K), 0.0210935 secs] [Times: user=0.25 sys=0.00, real=0.02 secs] 
2020-09-29T18:15:33.334+0200: 46.560: [GC (Allocation Failure) 2020-09-29T18:15:33.334+0200: 46.560: [ParNew: 588273K->41070K(613440K), 0.0136035 secs] 598053K->50850K(2029056K), 0.0136573 secs] [Times: user=0.13 sys=0.00, real=0.01 secs] 
2020-09-29T18:15:33.397+0200: 46.623: [GC (Allocation Failure) 2020-09-29T18:15:33.397+0200: 46.623: [ParNew: 586414K->58872K(613440K), 0.0236991 secs] 596194K->68652K(2029056K), 0.0237559 secs] [Times: user=0.13 sys=0.00, real=0.02 secs] 
2020-09-29T18:15:33.468+0200: 46.694: [GC (Allocation Failure) 2020-09-29T18:15:33.468+0200: 46.694: [ParNew: 604216K->45560K(613440K), 0.0190396 secs] 613996K->55340K(2029056K), 0.0191198 secs] [Times: user=0.13 sys=0.00, real=0.02 secs] 
2020-09-29T18:15:33.537+0200: 46.763: [GC (Allocation Failure) 2020-09-29T18:15:33.537+0200: 46.763: [ParNew: 590904K->39982K(613440K), 0.0183834 secs] 600684K->49762K(2029056K), 0.0184490 secs] [Times: user=0.13 sys=0.00, real=0.02 secs] 
2020-09-29T18:15:33.606+0200: 46.832: [GC (Allocation Failure) 2020-09-29T18:15:33.606+0200: 46.832: [ParNew: 585326K->54990K(613440K), 0.0259988 secs] 595106K->64770K(2029056K), 0.0260661 secs] [Times: user=0.22 sys=0.00, real=0.03 secs] 
2020-09-29T18:15:33.680+0200: 46.906: [GC (Allocation Failure) 2020-09-29T18:15:33.680+0200: 46.906: [ParNew: 600334K->48842K(613440K), 0.0161553 secs] 610114K->58622K(2029056K), 0.0162110 secs] [Times: user=0.13 sys=0.00, real=0.02 secs] 
2020-09-29T18:15:33.745+0200: 46.971: [GC (Allocation Failure) 2020-09-29T18:15:33.745+0200: 46.971: [ParNew: 594186K->28698K(613440K), 0.0143693 secs] 603966K->38478K(2029056K), 0.0144253 secs] [Times: user=0.13 sys=0.00, real=0.01 secs] 
2020-09-29T18:15:33.810+0200: 47.036: [GC (Allocation Failure) 2020-09-29T18:15:33.810+0200: 47.036: [ParNew: 574042K->27535K(613440K), 0.0138862 secs] 583822K->37315K(2029056K), 0.0139546 secs] [Times: user=0.13 sys=0.00, real=0.01 secs] 
2020-09-29T18:15:33.873+0200: 47.098: [GC (Allocation Failure) 2020-09-29T18:15:33.873+0200: 47.098: [ParNew: 572879K->60937K(613440K), 0.0238551 secs] 582659K->70716K(2029056K), 0.0239244 secs] [Times: user=0.25 sys=0.00, real=0.02 secs] 
2020-09-29T18:15:33.946+0200: 47.172: [GC (Allocation Failure) 2020-09-29T18:15:33.946+0200: 47.172: [ParNew: 606281K->43658K(613440K), 0.0180476 secs] 616060K->53438K(2029056K), 0.0181031 secs] [Times: user=0.13 sys=0.00, real=0.02 secs] 
2020-09-29T18:15:34.014+0200: 47.240: [GC (Allocation Failure) 2020-09-29T18:15:34.014+0200: 47.240: [ParNew: 589002K->38514K(613440K), 0.0163560 secs] 598782K->48294K(2029056K), 0.0164158 secs] [Times: user=0.13 sys=0.00, real=0.02 secs] 
2020-09-29T18:15:34.079+0200: 47.305: [GC (Allocation Failure) 2020-09-29T18:15:34.079+0200: 47.305: [ParNew: 583858K->58808K(613440K), 0.0214594 secs] 593638K->68588K(2029056K), 0.0215116 secs] [Times: user=0.25 sys=0.00, real=0.02 secs] 
2020-09-29T18:15:34.151+0200: 47.377: [GC (Allocation Failure) 2020-09-29T18:15:34.151+0200: 47.377: [ParNew: 604152K->44231K(613440K), 0.0149901 secs] 613932K->54011K(2029056K), 0.0150599 secs] [Times: user=0.13 sys=0.00, real=0.01 secs] 
2020-09-29T18:15:34.218+0200: 47.443: [GC (Allocation Failure) 2020-09-29T18:15:34.218+0200: 47.443: [ParNew: 589575K->43314K(613440K), 0.0225032 secs] 599355K->53094K(2029056K), 0.0225813 secs] [Times: user=0.23 sys=0.00, real=0.02 secs] 
2020-09-29T18:15:34.288+0200: 47.514: [GC (Allocation Failure) 2020-09-29T18:15:34.288+0200: 47.514: [ParNew: 588658K->45774K(613440K), 0.0188827 secs] 598438K->55553K(2029056K), 0.0189368 secs] [Times: user=0.13 sys=0.00, real=0.02 secs] 
2020-09-29T18:15:34.354+0200: 47.579: [GC (Allocation Failure) 2020-09-29T18:15:34.354+0200: 47.579: [ParNew: 591118K->35647K(613440K), 0.0124620 secs] 600897K->45427K(2029056K), 0.0125173 secs] [Times: user=0.13 sys=0.00, real=0.01 secs] 
2020-09-29T18:15:34.415+0200: 47.641: [GC (Allocation Failure) 2020-09-29T18:15:34.415+0200: 47.641: [ParNew: 580991K->49212K(613440K), 0.0229739 secs] 590771K->58992K(2029056K), 0.0230269 secs] [Times: user=0.13 sys=0.00, real=0.02 secs] 
2020-09-29T18:15:34.487+0200: 47.713: [GC (Allocation Failure) 2020-09-29T18:15:34.487+0200: 47.713: [ParNew: 594556K->68096K(613440K), 0.0225681 secs] 604336K->77875K(2029056K), 0.0226496 secs] [Times: user=0.25 sys=0.00, real=0.02 secs] 
2020-09-29T18:15:34.557+0200: 47.783: [GC (Allocation Failure) 2020-09-29T18:15:34.557+0200: 47.783: [ParNew: 613440K->51319K(613440K), 0.0201392 secs] 623219K->61099K(2029056K), 0.0202134 secs] [Times: user=0.13 sys=0.00, real=0.02 secs] 
2020-09-29T18:15:34.626+0200: 47.852: [GC (Allocation Failure) 2020-09-29T18:15:34.626+0200: 47.852: [ParNew: 596663K->55507K(613440K), 0.0206216 secs] 606443K->65287K(2029056K), 0.0206899 secs] [Times: user=0.23 sys=0.00, real=0.02 secs] 
2020-09-29T18:15:34.698+0200: 47.923: [GC (Allocation Failure) 2020-09-29T18:15:34.698+0200: 47.923: [ParNew: 600851K->43787K(613440K), 0.0193191 secs] 610631K->53567K(2029056K), 0.0193839 secs] [Times: user=0.13 sys=0.00, real=0.02 secs] 
2020-09-29T18:15:34.765+0200: 47.990: [GC (Allocation Failure) 2020-09-29T18:15:34.765+0200: 47.990: [ParNew: 589131K->42517K(613440K), 0.0179948 secs] 598911K->52297K(2029056K), 0.0180690 secs] [Times: user=0.13 sys=0.00, real=0.02 secs] 
2020-09-29T18:15:34.837+0200: 48.062: [GC (Allocation Failure) 2020-09-29T18:15:34.837+0200: 48.062: [ParNew: 587861K->63809K(613440K), 0.0229786 secs] 597641K->73589K(2029056K), 0.0230466 secs] [Times: user=0.13 sys=0.00, real=0.02 secs] 
2020-09-29T18:15:34.906+0200: 48.131: [GC (Allocation Failure) 2020-09-29T18:15:34.906+0200: 48.131: [ParNew: 609153K->49697K(613440K), 0.0221793 secs] 618933K->59477K(2029056K), 0.0222390 secs] [Times: user=0.25 sys=0.00, real=0.02 secs] 
2020-09-29T18:15:34.975+0200: 48.200: [GC (Allocation Failure) 2020-09-29T18:15:34.975+0200: 48.200: [ParNew: 595041K->47121K(613440K), 0.0151558 secs] 604821K->56901K(2029056K), 0.0152080 secs] [Times: user=0.13 sys=0.00, real=0.02 secs] 
2020-09-29T18:15:35.040+0200: 48.265: [GC (Allocation Failure) 2020-09-29T18:15:35.040+0200: 48.265: [ParNew: 592465K->36854K(613440K), 0.0153627 secs] 602245K->46634K(2029056K), 0.0154167 secs] [Times: user=0.13 sys=0.00, real=0.02 secs] 
2020-09-29T18:15:35.103+0200: 48.329: [GC (Allocation Failure) 2020-09-29T18:15:35.103+0200: 48.329: [ParNew: 582198K->26146K(613440K), 0.0147536 secs] 591978K->35926K(2029056K), 0.0148096 secs] [Times: user=0.13 sys=0.00, real=0.02 secs] 
2020-09-29T18:15:35.170+0200: 48.395: [GC (Allocation Failure) 2020-09-29T18:15:35.170+0200: 48.395: [ParNew: 571490K->48552K(613440K), 0.0165448 secs] 581270K->58332K(2029056K), 0.0166182 secs] [Times: user=0.13 sys=0.00, real=0.02 secs] 
2020-09-29T18:15:35.233+0200: 48.458: [GC (Allocation Failure) 2020-09-29T18:15:35.233+0200: 48.458: [ParNew: 593896K->29046K(613440K), 0.0104351 secs] 603676K->38826K(2029056K), 0.0104924 secs] [Times: user=0.13 sys=0.00, real=0.01 secs] 
2020-09-29T18:15:35.293+0200: 48.518: [GC (Allocation Failure) 2020-09-29T18:15:35.293+0200: 48.518: [ParNew: 574390K->28789K(613440K), 0.0155304 secs] 584170K->38569K(2029056K), 0.0156337 secs] [Times: user=0.13 sys=0.00, real=0.02 secs] 
2020-09-29T18:15:35.359+0200: 48.584: [GC (Allocation Failure) 2020-09-29T18:15:35.359+0200: 48.584: [ParNew: 574133K->44092K(613440K), 0.0202329 secs] 583913K->53872K(2029056K), 0.0203015 secs] [Times: user=0.13 sys=0.00, real=0.02 secs] 
2020-09-29T18:15:35.429+0200: 48.654: [GC (Allocation Failure) 2020-09-29T18:15:35.429+0200: 48.654: [ParNew: 589436K->29764K(613440K), 0.0059314 secs] 599216K->39544K(2029056K), 0.0059845 secs] [Times: user=0.00 sys=0.00, real=0.01 secs] 
2020-09-29T18:15:35.486+0200: 48.711: [GC (Allocation Failure) 2020-09-29T18:15:35.486+0200: 48.711: [ParNew: 575108K->47824K(613440K), 0.0220026 secs] 584888K->57604K(2029056K), 0.0220631 secs] [Times: user=0.25 sys=0.00, real=0.02 secs] 
2020-09-29T18:15:35.555+0200: 48.781: [GC (Allocation Failure) 2020-09-29T18:15:35.555+0200: 48.781: [ParNew: 593168K->39615K(613440K), 0.0165199 secs] 602948K->49395K(2029056K), 0.0165823 secs] [Times: user=0.13 sys=0.00, real=0.02 secs] 
2020-09-29T18:15:35.624+0200: 48.849: [GC (Allocation Failure) 2020-09-29T18:15:35.624+0200: 48.849: [ParNew: 584959K->57708K(613440K), 0.0220489 secs] 594739K->67488K(2029056K), 0.0221155 secs] [Times: user=0.25 sys=0.00, real=0.02 secs] 
2020-09-29T18:15:35.694+0200: 48.920: [GC (Allocation Failure) 2020-09-29T18:15:35.694+0200: 48.920: [ParNew: 603052K->60744K(613440K), 0.0214327 secs] 612832K->70524K(2029056K), 0.0214979 secs] [Times: user=0.13 sys=0.00, real=0.02 secs] 
2020-09-29T18:15:35.763+0200: 48.988: [GC (Allocation Failure) 2020-09-29T18:15:35.763+0200: 48.988: [ParNew: 606088K->42967K(613440K), 0.0211385 secs] 615868K->52747K(2029056K), 0.0211987 secs] [Times: user=0.13 sys=0.00, real=0.02 secs] 
2020-09-29T18:15:35.831+0200: 49.056: [GC (Allocation Failure) 2020-09-29T18:15:35.831+0200: 49.056: [ParNew: 588311K->41490K(613440K), 0.0184034 secs] 598091K->51270K(2029056K), 0.0184693 secs] [Times: user=0.25 sys=0.00, real=0.02 secs] 
2020-09-29T18:15:35.899+0200: 49.125: [GC (Allocation Failure) 2020-09-29T18:15:35.899+0200: 49.125: [ParNew: 586834K->67936K(613440K), 0.0235616 secs] 596614K->77716K(2029056K), 0.0236298 secs] [Times: user=0.13 sys=0.00, real=0.02 secs] 
2020-09-29T18:15:35.971+0200: 49.196: [GC (Allocation Failure) 2020-09-29T18:15:35.971+0200: 49.196: [ParNew: 613280K->47815K(613440K), 0.0178960 secs] 623060K->57595K(2029056K), 0.0179559 secs] [Times: user=0.14 sys=0.00, real=0.02 secs] 
2020-09-29T18:15:36.038+0200: 49.264: [GC (Allocation Failure) 2020-09-29T18:15:36.038+0200: 49.264: [ParNew: 593159K->38713K(613440K), 0.0172732 secs] 602939K->48493K(2029056K), 0.0173415 secs] [Times: user=0.13 sys=0.00, real=0.02 secs] 
2020-09-29T18:15:36.103+0200: 49.328: [GC (Allocation Failure) 2020-09-29T18:15:36.109+0200: 49.334: [ParNew: 584057K->32368K(613440K), 0.0312486 secs] 593837K->42148K(2029056K), 0.0377698 secs] [Times: user=0.25 sys=0.00, real=0.04 secs] 
2020-09-29T18:15:36.190+0200: 49.416: [GC (Allocation Failure) 2020-09-29T18:15:36.190+0200: 49.416: [ParNew: 577712K->54588K(613440K), 0.0213171 secs] 587492K->64368K(2029056K), 0.0213878 secs] [Times: user=0.25 sys=0.00, real=0.02 secs] 
2020-09-29T18:15:36.261+0200: 49.486: [GC (Allocation Failure) 2020-09-29T18:15:36.261+0200: 49.486: [ParNew: 599932K->44261K(613440K), 0.0200963 secs] 609712K->54040K(2029056K), 0.0201625 secs] [Times: user=0.13 sys=0.00, real=0.02 secs] 
2020-09-29T18:15:36.330+0200: 49.555: [GC (Allocation Failure) 2020-09-29T18:15:36.330+0200: 49.555: [ParNew: 589605K->41622K(613440K), 0.0190911 secs] 599384K->51402K(2029056K), 0.0191443 secs] [Times: user=0.25 sys=0.00, real=0.02 secs] 
2020-09-29T18:15:36.397+0200: 49.623: [GC (Allocation Failure) 2020-09-29T18:15:36.397+0200: 49.623: [ParNew: 586966K->41735K(613440K), 0.0180867 secs] 596746K->51515K(2029056K), 0.0181473 secs] [Times: user=0.13 sys=0.00, real=0.02 secs] 
2020-09-29T18:15:36.465+0200: 49.690: [GC (Allocation Failure) 2020-09-29T18:15:36.465+0200: 49.690: [ParNew: 587079K->42902K(613440K), 0.0162685 secs] 596859K->52682K(2029056K), 0.0163204 secs] [Times: user=0.13 sys=0.00, real=0.02 secs] 
2020-09-29T18:15:36.531+0200: 49.756: [GC (Allocation Failure) 2020-09-29T18:15:36.531+0200: 49.756: [ParNew: 588246K->32717K(613440K), 0.0108224 secs] 598026K->42497K(2029056K), 0.0108841 secs] [Times: user=0.13 sys=0.00, real=0.01 secs] 
2020-09-29T18:15:36.600+0200: 49.825: [GC (Allocation Failure) 2020-09-29T18:15:36.600+0200: 49.825: [ParNew: 578061K->33597K(613440K), 0.0174570 secs] 587841K->43377K(2029056K), 0.0175169 secs] [Times: user=0.13 sys=0.00, real=0.02 secs] 
2020-09-29T18:15:36.670+0200: 49.896: [GC (Allocation Failure) 2020-09-29T18:15:36.670+0200: 49.896: [ParNew: 578941K->60375K(613440K), 0.0278399 secs] 588721K->70155K(2029056K), 0.0279394 secs] [Times: user=0.23 sys=0.00, real=0.03 secs] 
2020-09-29T18:15:36.748+0200: 49.973: [GC (Allocation Failure) 2020-09-29T18:15:36.748+0200: 49.973: [ParNew: 605719K->55162K(613440K), 0.0206461 secs] 615499K->64942K(2029056K), 0.0207318 secs] [Times: user=0.13 sys=0.00, real=0.02 secs] 
2020-09-29T18:15:36.816+0200: 50.041: [GC (Allocation Failure) 2020-09-29T18:15:36.816+0200: 50.041: [ParNew: 600506K->46034K(613440K), 0.0191045 secs] 610286K->55814K(2029056K), 0.0191645 secs] [Times: user=0.25 sys=0.00, real=0.02 secs] 
2020-09-29T18:15:36.882+0200: 50.108: [GC (Allocation Failure) 2020-09-29T18:15:36.882+0200: 50.108: [ParNew: 591378K->41983K(613440K), 0.0186666 secs] 601158K->51763K(2029056K), 0.0187231 secs] [Times: user=0.13 sys=0.00, real=0.02 secs] 
2020-09-29T18:15:36.949+0200: 50.174: [GC (Allocation Failure) 2020-09-29T18:15:36.949+0200: 50.174: [ParNew: 587327K->39932K(613440K), 0.0164663 secs] 597107K->49712K(2029056K), 0.0165190 secs] [Times: user=0.13 sys=0.00, real=0.02 secs] 
2020-09-29T18:15:37.014+0200: 50.240: [GC (Allocation Failure) 2020-09-29T18:15:37.014+0200: 50.240: [ParNew: 585276K->34016K(613440K), 0.0166687 secs] 595056K->43795K(2029056K), 0.0167450 secs] [Times: user=0.13 sys=0.00, real=0.02 secs] 
2020-09-29T18:15:37.079+0200: 50.305: [GC (Allocation Failure) 2020-09-29T18:15:37.079+0200: 50.305: [ParNew: 579360K->56002K(613440K), 0.0217158 secs] 589139K->65782K(2029056K), 0.0218083 secs] [Times: user=0.25 sys=0.00, real=0.02 secs] 
2020-09-29T18:15:37.151+0200: 50.376: [GC (Allocation Failure) 2020-09-29T18:15:37.151+0200: 50.376: [ParNew: 601346K->41294K(613440K), 0.0139535 secs] 611126K->51074K(2029056K), 0.0140221 secs] [Times: user=0.13 sys=0.00, real=0.01 secs] 
2020-09-29T18:15:37.218+0200: 50.444: [GC (Allocation Failure) 2020-09-29T18:15:37.218+0200: 50.444: [ParNew: 586638K->40424K(613440K), 0.0192553 secs] 596418K->50204K(2029056K), 0.0193120 secs] [Times: user=0.13 sys=0.00, real=0.02 secs] 
2020-09-29T18:15:37.284+0200: 50.510: [GC (Allocation Failure) 2020-09-29T18:15:37.284+0200: 50.510: [ParNew: 585768K->49432K(613440K), 0.0185300 secs] 595548K->59212K(2029056K), 0.0185873 secs] [Times: user=0.25 sys=0.00, real=0.02 secs] 
2020-09-29T18:15:37.351+0200: 50.576: [GC (Allocation Failure) 2020-09-29T18:15:37.351+0200: 50.576: [ParNew: 594776K->32859K(613440K), 0.0106075 secs] 604556K->42638K(2029056K), 0.0106764 secs] [Times: user=0.00 sys=0.00, real=0.01 secs] 
2020-09-29T18:15:37.413+0200: 50.639: [GC (Allocation Failure) 2020-09-29T18:15:37.413+0200: 50.639: [ParNew: 578203K->30486K(613440K), 0.0173979 secs] 587982K->40266K(2029056K), 0.0174867 secs] [Times: user=0.13 sys=0.00, real=0.02 secs] 
2020-09-29T18:15:37.479+0200: 50.705: [GC (Allocation Failure) 2020-09-29T18:15:37.479+0200: 50.705: [ParNew: 574239K->25766K(613440K), 0.0077454 secs] 584019K->35546K(2029056K), 0.0078039 secs] [Times: user=0.00 sys=0.00, real=0.01 secs] 
2020-09-29T18:15:37.535+0200: 50.761: [GC (Allocation Failure) 2020-09-29T18:15:37.535+0200: 50.761: [ParNew: 571110K->40167K(613440K), 0.0199958 secs] 580890K->49946K(2029056K), 0.0200516 secs] [Times: user=0.22 sys=0.00, real=0.02 secs] 
2020-09-29T18:15:37.606+0200: 50.832: [GC (Allocation Failure) 2020-09-29T18:15:37.606+0200: 50.832: [ParNew: 585511K->68096K(613440K), 0.0299746 secs] 595290K->79051K(2029056K), 0.0300473 secs] [Times: user=0.23 sys=0.00, real=0.03 secs] 
2020-09-29T18:15:37.683+0200: 50.909: [GC (Allocation Failure) 2020-09-29T18:15:37.683+0200: 50.909: [ParNew: 613440K->51297K(613440K), 0.0126252 secs] 624395K->62252K(2029056K), 0.0126945 secs] [Times: user=0.13 sys=0.00, real=0.01 secs] 
2020-09-29T18:15:37.744+0200: 50.969: [GC (Allocation Failure) 2020-09-29T18:15:37.744+0200: 50.969: [ParNew: 596641K->51084K(613440K), 0.0207979 secs] 607596K->62039K(2029056K), 0.0208814 secs] [Times: user=0.13 sys=0.00, real=0.02 secs] 
2020-09-29T18:15:37.815+0200: 51.040: [GC (Allocation Failure) 2020-09-29T18:15:37.815+0200: 51.040: [ParNew: 596428K->38315K(613440K), 0.0184484 secs] 607383K->49270K(2029056K), 0.0185261 secs] [Times: user=0.23 sys=0.00, real=0.02 secs] 
2020-09-29T18:15:37.890+0200: 51.116: [GC (Allocation Failure) 2020-09-29T18:15:37.890+0200: 51.116: [ParNew: 583659K->54045K(613440K), 0.0226637 secs] 594614K->65000K(2029056K), 0.0227470 secs] [Times: user=0.25 sys=0.00, real=0.02 secs] 
2020-09-29T18:15:37.965+0200: 51.190: [GC (Allocation Failure) 2020-09-29T18:15:37.965+0200: 51.190: [ParNew: 599389K->49704K(613440K), 0.0212843 secs] 610344K->60659K(2029056K), 0.0213652 secs] [Times: user=0.13 sys=0.00, real=0.02 secs] 
2020-09-29T18:15:38.032+0200: 51.258: [GC (Allocation Failure) 2020-09-29T18:15:38.032+0200: 51.258: [ParNew: 595048K->42616K(613440K), 0.0177060 secs] 606003K->53571K(2029056K), 0.0177756 secs] [Times: user=0.13 sys=0.00, real=0.02 secs] 
2020-09-29T18:15:38.097+0200: 51.323: [GC (Allocation Failure) 2020-09-29T18:15:38.097+0200: 51.323: [ParNew: 587960K->59956K(613440K), 0.0208791 secs] 598915K->70911K(2029056K), 0.0209338 secs] [Times: user=0.25 sys=0.00, real=0.02 secs] 
2020-09-29T18:15:38.168+0200: 51.393: [GC (Allocation Failure) 2020-09-29T18:15:38.168+0200: 51.393: [ParNew: 605300K->46007K(613440K), 0.0205739 secs] 616255K->56962K(2029056K), 0.0206419 secs] [Times: user=0.13 sys=0.00, real=0.02 secs] 
2020-09-29T18:15:38.237+0200: 51.462: [GC (Allocation Failure) 2020-09-29T18:15:38.237+0200: 51.462: [ParNew: 591351K->47115K(613440K), 0.0197059 secs] 602306K->58070K(2029056K), 0.0197642 secs] [Times: user=0.25 sys=0.00, real=0.02 secs] 
2020-09-29T18:15:38.307+0200: 51.532: [GC (Allocation Failure) 2020-09-29T18:15:38.307+0200: 51.532: [ParNew: 592459K->41346K(613440K), 0.0187430 secs] 603414K->52301K(2029056K), 0.0188450 secs] [Times: user=0.13 sys=0.00, real=0.02 secs] 
2020-09-29T18:15:38.376+0200: 51.602: [GC (Allocation Failure) 2020-09-29T18:15:38.376+0200: 51.602: [ParNew: 586690K->64127K(613440K), 0.0227179 secs] 597645K->75082K(2029056K), 0.0227862 secs] [Times: user=0.25 sys=0.00, real=0.02 secs] 
2020-09-29T18:15:38.446+0200: 51.672: [GC (Allocation Failure) 2020-09-29T18:15:38.446+0200: 51.672: [ParNew: 609471K->46254K(613440K), 0.0173300 secs] 620426K->57209K(2029056K), 0.0173879 secs] [Times: user=0.13 sys=0.00, real=0.02 secs] 
2020-09-29T18:15:38.511+0200: 51.737: [GC (Allocation Failure) 2020-09-29T18:15:38.511+0200: 51.737: [ParNew: 591598K->41366K(613440K), 0.0160445 secs] 602553K->52321K(2029056K), 0.0161099 secs] [Times: user=0.13 sys=0.00, real=0.02 secs] 
2020-09-29T18:15:38.576+0200: 51.802: [GC (Allocation Failure) 2020-09-29T18:15:38.576+0200: 51.802: [ParNew: 586710K->30037K(613440K), 0.0167139 secs] 597665K->40992K(2029056K), 0.0167885 secs] [Times: user=0.11 sys=0.00, real=0.02 secs] 
2020-09-29T18:15:38.644+0200: 51.870: [GC (Allocation Failure) 2020-09-29T18:15:38.644+0200: 51.870: [ParNew: 575381K->40467K(613440K), 0.0208911 secs] 586336K->51422K(2029056K), 0.0209594 secs] [Times: user=0.22 sys=0.02, real=0.02 secs] 
2020-09-29T18:15:38.711+0200: 51.937: [GC (Allocation Failure) 2020-09-29T18:15:38.711+0200: 51.937: [ParNew: 585811K->39390K(613440K), 0.0173938 secs] 596766K->50346K(2029056K), 0.0174547 secs] [Times: user=0.13 sys=0.00, real=0.02 secs] 
2020-09-29T18:15:38.778+0200: 52.004: [GC (Allocation Failure) 2020-09-29T18:15:38.778+0200: 52.004: [ParNew: 584734K->37660K(613440K), 0.0179353 secs] 595690K->48616K(2029056K), 0.0179948 secs] [Times: user=0.13 sys=0.00, real=0.02 secs] 
2020-09-29T18:15:38.851+0200: 52.076: [GC (Allocation Failure) 2020-09-29T18:15:38.851+0200: 52.076: [ParNew: 583004K->39729K(613440K), 0.0167058 secs] 593960K->50684K(2029056K), 0.0167833 secs] [Times: user=0.13 sys=0.00, real=0.02 secs] 
2020-09-29T18:15:38.918+0200: 52.144: [GC (Allocation Failure) 2020-09-29T18:15:38.918+0200: 52.144: [ParNew: 585073K->34704K(613440K), 0.0164450 secs] 596028K->45659K(2029056K), 0.0164984 secs] [Times: user=0.13 sys=0.00, real=0.02 secs] 
2020-09-29T18:15:38.984+0200: 52.210: [GC (Allocation Failure) 2020-09-29T18:15:38.984+0200: 52.210: [ParNew: 580048K->34731K(613440K), 0.0151828 secs] 591003K->45686K(2029056K), 0.0152512 secs] [Times: user=0.13 sys=0.00, real=0.02 secs] 
2020-09-29T18:15:39.051+0200: 52.277: [GC (Allocation Failure) 2020-09-29T18:15:39.051+0200: 52.277: [ParNew: 580075K->52803K(613440K), 0.0218084 secs] 591030K->63758K(2029056K), 0.0218830 secs] [Times: user=0.13 sys=0.00, real=0.02 secs] 
2020-09-29T18:15:39.124+0200: 52.350: [GC (Allocation Failure) 2020-09-29T18:15:39.124+0200: 52.350: [ParNew: 598147K->49973K(613440K), 0.0226548 secs] 609102K->60928K(2029056K), 0.0227220 secs] [Times: user=0.25 sys=0.00, real=0.02 secs] 
2020-09-29T18:15:39.196+0200: 52.422: [GC (Allocation Failure) 2020-09-29T18:15:39.196+0200: 52.422: [ParNew: 595317K->43182K(613440K), 0.0204549 secs] 606272K->54137K(2029056K), 0.0205239 secs] [Times: user=0.13 sys=0.00, real=0.02 secs] 
2020-09-29T18:15:39.267+0200: 52.493: [GC (Allocation Failure) 2020-09-29T18:15:39.267+0200: 52.493: [ParNew: 588526K->62034K(613440K), 0.0256437 secs] 599481K->72989K(2029056K), 0.0257256 secs] [Times: user=0.23 sys=0.00, real=0.03 secs] 
2020-09-29T18:15:39.341+0200: 52.567: [GC (Allocation Failure) 2020-09-29T18:15:39.341+0200: 52.567: [ParNew: 607378K->51784K(613440K), 0.0224428 secs] 618333K->62739K(2029056K), 0.0225037 secs] [Times: user=0.13 sys=0.00, real=0.02 secs] 
2020-09-29T18:15:39.412+0200: 52.638: [GC (Allocation Failure) 2020-09-29T18:15:39.412+0200: 52.638: [ParNew: 597128K->54296K(613440K), 0.0221977 secs] 608083K->65251K(2029056K), 0.0222523 secs] [Times: user=0.13 sys=0.00, real=0.02 secs] 
2020-09-29T18:15:39.481+0200: 52.707: [GC (Allocation Failure) 2020-09-29T18:15:39.481+0200: 52.707: [ParNew: 599640K->48724K(613440K), 0.0221194 secs] 610595K->59679K(2029056K), 0.0221861 secs] [Times: user=0.13 sys=0.00, real=0.02 secs] 
2020-09-29T18:15:39.553+0200: 52.779: [GC (Allocation Failure) 2020-09-29T18:15:39.553+0200: 52.779: [ParNew: 594068K->45152K(613440K), 0.0161725 secs] 605023K->56107K(2029056K), 0.0162606 secs] [Times: user=0.13 sys=0.00, real=0.02 secs] 
2020-09-29T18:15:39.622+0200: 52.847: [GC (Allocation Failure) 2020-09-29T18:15:39.622+0200: 52.848: [ParNew: 590496K->37695K(613440K), 0.0158705 secs] 601451K->48650K(2029056K), 0.0159336 secs] [Times: user=0.11 sys=0.00, real=0.02 secs] 
2020-09-29T18:15:39.685+0200: 52.911: [GC (Allocation Failure) 2020-09-29T18:15:39.685+0200: 52.911: [ParNew: 583039K->49929K(613440K), 0.0193181 secs] 593994K->60884K(2029056K), 0.0193747 secs] [Times: user=0.13 sys=0.00, real=0.02 secs] 
2020-09-29T18:15:39.751+0200: 52.977: [GC (Allocation Failure) 2020-09-29T18:15:39.751+0200: 52.977: [ParNew: 595273K->42447K(613440K), 0.0191318 secs] 606228K->53402K(2029056K), 0.0192114 secs] [Times: user=0.25 sys=0.00, real=0.02 secs] 
2020-09-29T18:15:39.820+0200: 53.046: [GC (Allocation Failure) 2020-09-29T18:15:39.820+0200: 53.046: [ParNew: 587791K->68096K(613440K), 0.0237647 secs] 598746K->79051K(2029056K), 0.0238185 secs] [Times: user=0.13 sys=0.00, real=0.02 secs] 
2020-09-29T18:15:39.891+0200: 53.117: [GC (Allocation Failure) 2020-09-29T18:15:39.892+0200: 53.117: [ParNew: 613440K->49162K(613440K), 0.0198153 secs] 624395K->60117K(2029056K), 0.0199237 secs] [Times: user=0.23 sys=0.00, real=0.02 secs] 
2020-09-29T18:15:39.962+0200: 53.188: [GC (Allocation Failure) 2020-09-29T18:15:39.962+0200: 53.188: [ParNew: 594506K->42148K(613440K), 0.0174641 secs] 605461K->53103K(2029056K), 0.0175300 secs] [Times: user=0.13 sys=0.00, real=0.02 secs] 
2020-09-29T18:15:40.037+0200: 53.263: [GC (Allocation Failure) 2020-09-29T18:15:40.037+0200: 53.263: [ParNew: 587492K->33054K(613440K), 0.0180711 secs] 598447K->44009K(2029056K), 0.0181308 secs] [Times: user=0.13 sys=0.00, real=0.02 secs] 
2020-09-29T18:15:40.104+0200: 53.330: [GC (Allocation Failure) 2020-09-29T18:15:40.104+0200: 53.330: [ParNew: 578398K->56879K(613440K), 0.0206226 secs] 589353K->67834K(2029056K), 0.0206781 secs] [Times: user=0.13 sys=0.00, real=0.02 secs] 
2020-09-29T18:15:40.173+0200: 53.399: [GC (Allocation Failure) 2020-09-29T18:15:40.173+0200: 53.399: [ParNew: 602223K->43160K(613440K), 0.0196810 secs] 613178K->54115K(2029056K), 0.0197408 secs] [Times: user=0.25 sys=0.00, real=0.02 secs] 
2020-09-29T18:15:40.242+0200: 53.468: [GC (Allocation Failure) 2020-09-29T18:15:40.242+0200: 53.468: [ParNew: 588504K->41878K(613440K), 0.0179762 secs] 599459K->52833K(2029056K), 0.0180331 secs] [Times: user=0.13 sys=0.00, real=0.02 secs] 
2020-09-29T18:15:40.310+0200: 53.536: [GC (Allocation Failure) 2020-09-29T18:15:40.310+0200: 53.536: [ParNew: 587222K->41900K(613440K), 0.0186199 secs] 598177K->52855K(2029056K), 0.0186816 secs] [Times: user=0.13 sys=0.00, real=0.02 secs] 
2020-09-29T18:15:40.376+0200: 53.602: [GC (Allocation Failure) 2020-09-29T18:15:40.376+0200: 53.602: [ParNew: 587244K->64630K(613440K), 0.0240392 secs] 598199K->75585K(2029056K), 0.0241175 secs] [Times: user=0.25 sys=0.00, real=0.02 secs] 
2020-09-29T18:15:40.447+0200: 53.673: [GC (Allocation Failure) 2020-09-29T18:15:40.447+0200: 53.673: [ParNew: 609974K->41798K(613440K), 0.0104909 secs] 620929K->52753K(2029056K), 0.0105495 secs] [Times: user=0.13 sys=0.00, real=0.01 secs] 
2020-09-29T18:15:40.510+0200: 53.736: [GC (Allocation Failure) 2020-09-29T18:15:40.510+0200: 53.736: [ParNew: 587142K->48220K(613440K), 0.0217005 secs] 598097K->59175K(2029056K), 0.0217569 secs] [Times: user=0.13 sys=0.00, real=0.02 secs] 
2020-09-29T18:15:40.579+0200: 53.805: [GC (Allocation Failure) 2020-09-29T18:15:40.580+0200: 53.805: [ParNew: 593564K->58208K(613440K), 0.0234952 secs] 604519K->69163K(2029056K), 0.0235787 secs] [Times: user=0.22 sys=0.00, real=0.02 secs] 
2020-09-29T18:15:40.652+0200: 53.878: [GC (Allocation Failure) 2020-09-29T18:15:40.652+0200: 53.878: [ParNew: 603552K->41739K(613440K), 0.0201427 secs] 614507K->52694K(2029056K), 0.0202300 secs] [Times: user=0.13 sys=0.00, real=0.02 secs] 
2020-09-29T18:15:40.719+0200: 53.944: [GC (Allocation Failure) 2020-09-29T18:15:40.719+0200: 53.945: [ParNew: 587083K->40568K(613440K), 0.0104863 secs] 598038K->51523K(2029056K), 0.0105418 secs] [Times: user=0.13 sys=0.00, real=0.01 secs] 
2020-09-29T18:15:40.785+0200: 54.011: [GC (Allocation Failure) 2020-09-29T18:15:40.785+0200: 54.011: [ParNew: 585912K->50548K(613440K), 0.0226297 secs] 596867K->61503K(2029056K), 0.0227104 secs] [Times: user=0.13 sys=0.00, real=0.02 secs] 
2020-09-29T18:15:40.855+0200: 54.081: [GC (Allocation Failure) 2020-09-29T18:15:40.855+0200: 54.081: [ParNew: 595892K->59450K(613440K), 0.0217382 secs] 606847K->70405K(2029056K), 0.0217928 secs] [Times: user=0.13 sys=0.00, real=0.02 secs] 
2020-09-29T18:15:40.924+0200: 54.150: [GC (Allocation Failure) 2020-09-29T18:15:40.924+0200: 54.150: [ParNew: 604794K->68096K(613440K), 0.0267681 secs] 615749K->79107K(2029056K), 0.0268279 secs] [Times: user=0.23 sys=0.00, real=0.03 secs] 
2020-09-29T18:15:40.999+0200: 54.225: [GC (Allocation Failure) 2020-09-29T18:15:40.999+0200: 54.225: [ParNew: 613440K->55043K(613440K), 0.0190881 secs] 624451K->66055K(2029056K), 0.0191598 secs] [Times: user=0.13 sys=0.00, real=0.02 secs] 
2020-09-29T18:15:41.068+0200: 54.294: [GC (Allocation Failure) 2020-09-29T18:15:41.068+0200: 54.294: [ParNew: 600387K->28852K(613440K), 0.0115401 secs] 611399K->39864K(2029056K), 0.0116075 secs] [Times: user=0.00 sys=0.00, real=0.01 secs] 
2020-09-29T18:15:41.134+0200: 54.360: [GC (Allocation Failure) 2020-09-29T18:15:41.134+0200: 54.360: [ParNew: 574196K->30507K(613440K), 0.0163282 secs] 585208K->41518K(2029056K), 0.0163875 secs] [Times: user=0.13 sys=0.00, real=0.02 secs] 
2020-09-29T18:15:41.196+0200: 54.422: [GC (Allocation Failure) 2020-09-29T18:15:41.196+0200: 54.422: [ParNew: 575851K->26246K(613440K), 0.0127313 secs] 586862K->37258K(2029056K), 0.0127903 secs] [Times: user=0.13 sys=0.00, real=0.01 secs] 
2020-09-29T18:15:41.263+0200: 54.489: [GC (Allocation Failure) 2020-09-29T18:15:41.263+0200: 54.489: [ParNew: 571590K->65365K(613440K), 0.0247428 secs] 582602K->76376K(2029056K), 0.0248318 secs] [Times: user=0.25 sys=0.00, real=0.03 secs] 
2020-09-29T18:15:41.336+0200: 54.562: [GC (Allocation Failure) 2020-09-29T18:15:41.336+0200: 54.562: [ParNew: 610709K->68096K(613440K), 0.0246531 secs] 621720K->79132K(2029056K), 0.0247063 secs] [Times: user=0.13 sys=0.00, real=0.02 secs] 
2020-09-29T18:15:41.407+0200: 54.633: [GC (Allocation Failure) 2020-09-29T18:15:41.407+0200: 54.633: [ParNew: 613440K->45689K(613440K), 0.0108819 secs] 624476K->56725K(2029056K), 0.0109507 secs] [Times: user=0.13 sys=0.00, real=0.01 secs] 
2020-09-29T18:15:41.467+0200: 54.693: [GC (Allocation Failure) 2020-09-29T18:15:41.467+0200: 54.693: [ParNew: 591033K->51224K(613440K), 0.0210722 secs] 602069K->62260K(2029056K), 0.0211450 secs] [Times: user=0.13 sys=0.00, real=0.02 secs] 
2020-09-29T18:15:41.538+0200: 54.764: [GC (Allocation Failure) 2020-09-29T18:15:41.538+0200: 54.764: [ParNew: 596568K->61316K(613440K), 0.0211347 secs] 607604K->72352K(2029056K), 0.0211888 secs] [Times: user=0.13 sys=0.00, real=0.02 secs] 
2020-09-29T18:15:41.609+0200: 54.834: [GC (Allocation Failure) 2020-09-29T18:15:41.609+0200: 54.834: [ParNew: 606660K->40493K(613440K), 0.0161313 secs] 617696K->51529K(2029056K), 0.0161979 secs] [Times: user=0.11 sys=0.00, real=0.02 secs] 
2020-09-29T18:15:41.680+0200: 54.905: [GC (Allocation Failure) 2020-09-29T18:15:41.680+0200: 54.905: [ParNew: 585837K->23738K(613440K), 0.0136027 secs] 596873K->34775K(2029056K), 0.0136559 secs] [Times: user=0.13 sys=0.00, real=0.01 secs] 
2020-09-29T18:15:41.744+0200: 54.969: [GC (Allocation Failure) 2020-09-29T18:15:41.744+0200: 54.969: [ParNew: 569082K->39750K(613440K), 0.0179676 secs] 580119K->50786K(2029056K), 0.0180455 secs] [Times: user=0.13 sys=0.00, real=0.02 secs] 
2020-09-29T18:15:41.812+0200: 55.037: [GC (Allocation Failure) 2020-09-29T18:15:41.812+0200: 55.037: [ParNew: 585094K->41397K(613440K), 0.0179234 secs] 596130K->52434K(2029056K), 0.0179886 secs] [Times: user=0.13 sys=0.00, real=0.02 secs] 
2020-09-29T18:15:41.876+0200: 55.102: [GC (Allocation Failure) 2020-09-29T18:15:41.876+0200: 55.102: [ParNew: 586741K->57542K(613440K), 0.0207368 secs] 597778K->68578K(2029056K), 0.0207921 secs] [Times: user=0.25 sys=0.00, real=0.02 secs] 
2020-09-29T18:15:41.944+0200: 55.170: [GC (Allocation Failure) 2020-09-29T18:15:41.944+0200: 55.170: [ParNew: 602886K->41772K(613440K), 0.0198304 secs] 613922K->52808K(2029056K), 0.0199254 secs] [Times: user=0.13 sys=0.00, real=0.02 secs] 
2020-09-29T18:15:42.013+0200: 55.239: [GC (Allocation Failure) 2020-09-29T18:15:42.013+0200: 55.239: [ParNew: 587116K->52004K(613440K), 0.0192403 secs] 598152K->63040K(2029056K), 0.0193201 secs] [Times: user=0.13 sys=0.00, real=0.02 secs] 
2020-09-29T18:15:42.084+0200: 55.310: [GC (Allocation Failure) 2020-09-29T18:15:42.084+0200: 55.310: [ParNew: 597348K->53145K(613440K), 0.0192282 secs] 608384K->64182K(2029056K), 0.0192873 secs] [Times: user=0.11 sys=0.00, real=0.02 secs] 
2020-09-29T18:15:42.156+0200: 55.381: [GC (Allocation Failure) 2020-09-29T18:15:42.156+0200: 55.381: [ParNew: 598489K->43532K(613440K), 0.0185471 secs] 609526K->54568K(2029056K), 0.0186173 secs] [Times: user=0.13 sys=0.00, real=0.02 secs] 
2020-09-29T18:15:42.224+0200: 55.450: [GC (Allocation Failure) 2020-09-29T18:15:42.224+0200: 55.450: [ParNew: 588876K->56647K(613440K), 0.0220608 secs] 599912K->67684K(2029056K), 0.0221179 secs] [Times: user=0.13 sys=0.00, real=0.02 secs] 
2020-09-29T18:15:42.295+0200: 55.521: [GC (Allocation Failure) 2020-09-29T18:15:42.295+0200: 55.521: [ParNew: 601991K->59699K(613440K), 0.0196743 secs] 613028K->70735K(2029056K), 0.0197353 secs] [Times: user=0.13 sys=0.00, real=0.02 secs] 
2020-09-29T18:15:42.361+0200: 55.587: [GC (Allocation Failure) 2020-09-29T18:15:42.361+0200: 55.587: [ParNew: 605043K->38872K(613440K), 0.0165282 secs] 616079K->49908K(2029056K), 0.0165930 secs] [Times: user=0.11 sys=0.00, real=0.02 secs] 
2020-09-29T18:15:42.425+0200: 55.650: [GC (Allocation Failure) 2020-09-29T18:15:42.425+0200: 55.650: [ParNew: 584216K->55135K(613440K), 0.0202944 secs] 595252K->66171K(2029056K), 0.0203489 secs] [Times: user=0.24 sys=0.00, real=0.02 secs] 
2020-09-29T18:15:42.493+0200: 55.719: [GC (Allocation Failure) 2020-09-29T18:15:42.493+0200: 55.719: [ParNew: 600479K->41185K(613440K), 0.0183375 secs] 611515K->52221K(2029056K), 0.0184042 secs] [Times: user=0.11 sys=0.00, real=0.02 secs] 
2020-09-29T18:15:42.562+0200: 55.787: [GC (Allocation Failure) 2020-09-29T18:15:42.562+0200: 55.787: [ParNew: 586529K->41121K(613440K), 0.0178041 secs] 597565K->52157K(2029056K), 0.0178803 secs] [Times: user=0.13 sys=0.00, real=0.02 secs] 
2020-09-29T18:15:42.629+0200: 55.855: [GC (Allocation Failure) 2020-09-29T18:15:42.629+0200: 55.855: [ParNew: 586465K->37674K(613440K), 0.0157996 secs] 597501K->48710K(2029056K), 0.0158628 secs] [Times: user=0.20 sys=0.00, real=0.02 secs] 
2020-09-29T18:15:42.697+0200: 55.923: [GC (Allocation Failure) 2020-09-29T18:15:42.697+0200: 55.923: [ParNew: 583018K->61491K(613440K), 0.0270129 secs] 594054K->72527K(2029056K), 0.0270676 secs] [Times: user=0.25 sys=0.00, real=0.03 secs] 
2020-09-29T18:15:42.771+0200: 55.997: [GC (Allocation Failure) 2020-09-29T18:15:42.771+0200: 55.997: [ParNew: 606835K->49757K(613440K), 0.0151215 secs] 617871K->60793K(2029056K), 0.0151807 secs] [Times: user=0.13 sys=0.00, real=0.02 secs] 
2020-09-29T18:15:42.835+0200: 56.061: [GC (Allocation Failure) 2020-09-29T18:15:42.835+0200: 56.061: [ParNew: 595101K->45543K(613440K), 0.0220350 secs] 606137K->56579K(2029056K), 0.0220969 secs] [Times: user=0.13 sys=0.00, real=0.02 secs] 
2020-09-29T18:15:42.907+0200: 56.133: [GC (Allocation Failure) 2020-09-29T18:15:42.907+0200: 56.133: [ParNew: 590887K->68096K(613440K), 0.0269911 secs] 601923K->79132K(2029056K), 0.0344186 secs] [Times: user=0.23 sys=0.00, real=0.03 secs] 
2020-09-29T18:15:42.992+0200: 56.218: [GC (Allocation Failure) 2020-09-29T18:15:42.992+0200: 56.218: [ParNew: 613440K->39379K(613440K), 0.0137442 secs] 624476K->50415K(2029056K), 0.0137995 secs] [Times: user=0.11 sys=0.00, real=0.01 secs] 
2020-09-29T18:15:43.057+0200: 56.283: [GC (Allocation Failure) 2020-09-29T18:15:43.057+0200: 56.283: [ParNew: 584723K->34869K(613440K), 0.0154005 secs] 595759K->45906K(2029056K), 0.0154637 secs] [Times: user=0.13 sys=0.00, real=0.02 secs] 
2020-09-29T18:15:43.121+0200: 56.346: [GC (Allocation Failure) 2020-09-29T18:15:43.121+0200: 56.346: [ParNew: 580213K->45531K(613440K), 0.0221329 secs] 591250K->56568K(2029056K), 0.0221884 secs] [Times: user=0.13 sys=0.00, real=0.02 secs] 
2020-09-29T18:15:43.192+0200: 56.418: [GC (Allocation Failure) 2020-09-29T18:15:43.192+0200: 56.418: [ParNew: 590875K->43314K(613440K), 0.0192743 secs] 601912K->54350K(2029056K), 0.0193332 secs] [Times: user=0.13 sys=0.00, real=0.02 secs] 
2020-09-29T18:15:43.259+0200: 56.485: [GC (Allocation Failure) 2020-09-29T18:15:43.259+0200: 56.485: [ParNew: 588658K->34552K(613440K), 0.0105197 secs] 599694K->45589K(2029056K), 0.0105965 secs] [Times: user=0.01 sys=0.00, real=0.01 secs] 
2020-09-29T18:15:43.320+0200: 56.546: [GC (Allocation Failure) 2020-09-29T18:15:43.320+0200: 56.546: [ParNew: 579896K->47082K(613440K), 0.0216369 secs] 590933K->58118K(2029056K), 0.0216917 secs] [Times: user=0.13 sys=0.00, real=0.02 secs] 
2020-09-29T18:15:43.390+0200: 56.616: [GC (Allocation Failure) 2020-09-29T18:15:43.390+0200: 56.616: [ParNew: 592426K->56216K(613440K), 0.0199106 secs] 603462K->67252K(2029056K), 0.0199833 secs] [Times: user=0.13 sys=0.00, real=0.02 secs] 
2020-09-29T18:15:43.457+0200: 56.682: [GC (Allocation Failure) 2020-09-29T18:15:43.457+0200: 56.682: [ParNew: 601560K->42958K(613440K), 0.0182218 secs] 612596K->53994K(2029056K), 0.0182952 secs] [Times: user=0.25 sys=0.00, real=0.02 secs] 
2020-09-29T18:15:43.532+0200: 56.757: [GC (Allocation Failure) 2020-09-29T18:15:43.532+0200: 56.757: [ParNew: 588302K->64260K(613440K), 0.0239813 secs] 599338K->75297K(2029056K), 0.0240542 secs] [Times: user=0.25 sys=0.00, real=0.02 secs] 
2020-09-29T18:15:43.606+0200: 56.832: [GC (Allocation Failure) 2020-09-29T18:15:43.606+0200: 56.832: [ParNew: 609604K->47067K(613440K), 0.0183223 secs] 620641K->58104K(2029056K), 0.0183872 secs] [Times: user=0.11 sys=0.00, real=0.02 secs] 
2020-09-29T18:15:43.675+0200: 56.900: [GC (Allocation Failure) 2020-09-29T18:15:43.675+0200: 56.900: [ParNew: 592411K->37403K(613440K), 0.0169522 secs] 603448K->48440K(2029056K), 0.0170280 secs] [Times: user=0.13 sys=0.02, real=0.02 secs] 
2020-09-29T18:15:43.742+0200: 56.967: [GC (Allocation Failure) 2020-09-29T18:15:43.742+0200: 56.967: [ParNew: 582747K->58381K(613440K), 0.0206052 secs] 593784K->69417K(2029056K), 0.0206596 secs] [Times: user=0.13 sys=0.00, real=0.02 secs] 
2020-09-29T18:15:43.814+0200: 57.039: [GC (Allocation Failure) 2020-09-29T18:15:43.814+0200: 57.039: [ParNew: 603725K->38090K(613440K), 0.0148489 secs] 614761K->49126K(2029056K), 0.0149168 secs] [Times: user=0.13 sys=0.00, real=0.02 secs] 
2020-09-29T18:15:43.885+0200: 57.110: [GC (Allocation Failure) 2020-09-29T18:15:43.885+0200: 57.110: [ParNew: 583434K->39828K(613440K), 0.0184451 secs] 594470K->50864K(2029056K), 0.0185212 secs] [Times: user=0.13 sys=0.00, real=0.02 secs] 
2020-09-29T18:15:43.955+0200: 57.180: [GC (Allocation Failure) 2020-09-29T18:15:43.955+0200: 57.180: [ParNew: 585172K->50592K(613440K), 0.0176209 secs] 596208K->61628K(2029056K), 0.0176763 secs] [Times: user=0.13 sys=0.00, real=0.02 secs] 
2020-09-29T18:15:44.020+0200: 57.245: [GC (Allocation Failure) 2020-09-29T18:15:44.020+0200: 57.245: [ParNew: 595936K->38707K(613440K), 0.0171392 secs] 606972K->49743K(2029056K), 0.0171962 secs] [Times: user=0.25 sys=0.00, real=0.02 secs] 
2020-09-29T18:15:44.085+0200: 57.310: [GC (Allocation Failure) 2020-09-29T18:15:44.085+0200: 57.310: [ParNew: 584051K->61547K(613440K), 0.0214535 secs] 595087K->72583K(2029056K), 0.0215109 secs] [Times: user=0.13 sys=0.00, real=0.02 secs] 
2020-09-29T18:15:44.156+0200: 57.381: [GC (Allocation Failure) 2020-09-29T18:15:44.156+0200: 57.381: [ParNew: 606891K->50210K(613440K), 0.0211553 secs] 617927K->61246K(2029056K), 0.0212200 secs] [Times: user=0.25 sys=0.00, real=0.02 secs] 
2020-09-29T18:15:44.224+0200: 57.449: [GC (Allocation Failure) 2020-09-29T18:15:44.224+0200: 57.449: [ParNew: 595554K->41245K(613440K), 0.0152223 secs] 606590K->52281K(2029056K), 0.0152921 secs] [Times: user=0.13 sys=0.02, real=0.02 secs] 
2020-09-29T18:15:44.286+0200: 57.511: [GC (Allocation Failure) 2020-09-29T18:15:44.286+0200: 57.511: [ParNew: 586589K->42483K(613440K), 0.0205777 secs] 597625K->53520K(2029056K), 0.0206494 secs] [Times: user=0.13 sys=0.00, real=0.02 secs] 
2020-09-29T18:15:44.355+0200: 57.580: [GC (Allocation Failure) 2020-09-29T18:15:44.355+0200: 57.580: [ParNew: 587827K->33878K(613440K), 0.0109438 secs] 598864K->44914K(2029056K), 0.0109974 secs] [Times: user=0.13 sys=0.00, real=0.01 secs] 
2020-09-29T18:15:44.417+0200: 57.642: [GC (Allocation Failure) 2020-09-29T18:15:44.417+0200: 57.642: [ParNew: 579222K->34603K(613440K), 0.0171778 secs] 590258K->45639K(2029056K), 0.0172354 secs] [Times: user=0.13 sys=0.00, real=0.02 secs] 
2020-09-29T18:15:44.483+0200: 57.708: [GC (Allocation Failure) 2020-09-29T18:15:44.483+0200: 57.708: [ParNew: 579947K->48579K(613440K), 0.0226021 secs] 590983K->59615K(2029056K), 0.0226557 secs] [Times: user=0.25 sys=0.00, real=0.02 secs] 
2020-09-29T18:15:44.553+0200: 57.778: [GC (Allocation Failure) 2020-09-29T18:15:44.553+0200: 57.778: [ParNew: 593923K->50951K(613440K), 0.0222719 secs] 604959K->61987K(2029056K), 0.0223535 secs] [Times: user=0.13 sys=0.00, real=0.02 secs] 
2020-09-29T18:15:44.625+0200: 57.850: [GC (Allocation Failure) 2020-09-29T18:15:44.625+0200: 57.850: [ParNew: 596295K->46151K(613440K), 0.0199771 secs] 607331K->57187K(2029056K), 0.0200597 secs] [Times: user=0.13 sys=0.00, real=0.02 secs] 
2020-09-29T18:15:44.694+0200: 57.919: [GC (Allocation Failure) 2020-09-29T18:15:44.694+0200: 57.919: [ParNew: 591495K->42779K(613440K), 0.0200168 secs] 602531K->53815K(2029056K), 0.0200719 secs] [Times: user=0.13 sys=0.00, real=0.02 secs] 
2020-09-29T18:15:44.763+0200: 57.988: [GC (Allocation Failure) 2020-09-29T18:15:44.763+0200: 57.988: [ParNew: 588123K->68096K(613440K), 0.0244872 secs] 599159K->79501K(2029056K), 0.0245554 secs] [Times: user=0.25 sys=0.00, real=0.03 secs] 
2020-09-29T18:15:44.837+0200: 58.062: [GC (Allocation Failure) 2020-09-29T18:15:44.837+0200: 58.062: [ParNew: 613440K->68096K(613440K), 0.0233704 secs] 624845K->79501K(2029056K), 0.0234407 secs] [Times: user=0.13 sys=0.00, real=0.02 secs] 
2020-09-29T18:15:44.909+0200: 58.134: [GC (Allocation Failure) 2020-09-29T18:15:44.909+0200: 58.134: [ParNew: 613440K->68096K(613440K), 0.0302438 secs] 624845K->82776K(2029056K), 0.0302985 secs] [Times: user=0.25 sys=0.00, real=0.03 secs] 
2020-09-29T18:15:44.986+0200: 58.211: [GC (Allocation Failure) 2020-09-29T18:15:44.986+0200: 58.211: [ParNew: 613440K->54141K(613440K), 0.0163220 secs] 628120K->68822K(2029056K), 0.0163768 secs] [Times: user=0.13 sys=0.00, real=0.02 secs] 
2020-09-29T18:15:45.050+0200: 58.275: [GC (Allocation Failure) 2020-09-29T18:15:45.050+0200: 58.275: [ParNew: 599485K->44414K(613440K), 0.0163358 secs] 614166K->59094K(2029056K), 0.0164035 secs] [Times: user=0.13 sys=0.00, real=0.02 secs] 
2020-09-29T18:15:45.116+0200: 58.341: [GC (Allocation Failure) 2020-09-29T18:15:45.116+0200: 58.341: [ParNew: 589758K->31434K(613440K), 0.0156246 secs] 604438K->46115K(2029056K), 0.0156922 secs] [Times: user=0.13 sys=0.00, real=0.02 secs] 
2020-09-29T18:15:45.183+0200: 58.408: [GC (Allocation Failure) 2020-09-29T18:15:45.183+0200: 58.408: [ParNew: 576778K->53382K(613440K), 0.0205512 secs] 591459K->68062K(2029056K), 0.0206223 secs] [Times: user=0.13 sys=0.00, real=0.02 secs] 
2020-09-29T18:15:45.250+0200: 58.476: [GC (Allocation Failure) 2020-09-29T18:15:45.250+0200: 58.476: [ParNew: 598726K->39838K(613440K), 0.0131657 secs] 613406K->54518K(2029056K), 0.0132230 secs] [Times: user=0.13 sys=0.00, real=0.01 secs] 
2020-09-29T18:15:45.311+0200: 58.536: [GC (Allocation Failure) 2020-09-29T18:15:45.311+0200: 58.536: [ParNew: 585182K->48618K(613440K), 0.0222368 secs] 599862K->63299K(2029056K), 0.0223080 secs] [Times: user=0.25 sys=0.00, real=0.02 secs] 
2020-09-29T18:15:45.381+0200: 58.606: [GC (Allocation Failure) 2020-09-29T18:15:45.381+0200: 58.607: [ParNew: 593962K->54972K(613440K), 0.0215798 secs] 608643K->69653K(2029056K), 0.0216549 secs] [Times: user=0.13 sys=0.00, real=0.02 secs] 
2020-09-29T18:15:45.449+0200: 58.675: [GC (Allocation Failure) 2020-09-29T18:15:45.450+0200: 58.675: [ParNew: 600316K->39393K(613440K), 0.0144186 secs] 614997K->54073K(2029056K), 0.0144818 secs] [Times: user=0.13 sys=0.00, real=0.02 secs] 
2020-09-29T18:15:45.512+0200: 58.737: [GC (Allocation Failure) 2020-09-29T18:15:45.512+0200: 58.737: [ParNew: 584737K->41089K(613440K), 0.0200458 secs] 599417K->55769K(2029056K), 0.0201239 secs] [Times: user=0.13 sys=0.00, real=0.02 secs] 
2020-09-29T18:15:45.580+0200: 58.805: [GC (Allocation Failure) 2020-09-29T18:15:45.580+0200: 58.805: [ParNew: 586433K->48984K(613440K), 0.0193374 secs] 601113K->63664K(2029056K), 0.0193985 secs] [Times: user=0.22 sys=0.00, real=0.02 secs] 
2020-09-29T18:15:45.651+0200: 58.876: [GC (Allocation Failure) 2020-09-29T18:15:45.651+0200: 58.876: [ParNew: 594328K->41689K(613440K), 0.0191684 secs] 609008K->56370K(2029056K), 0.0192603 secs] [Times: user=0.13 sys=0.00, real=0.02 secs] 
2020-09-29T18:15:45.723+0200: 58.949: [GC (Allocation Failure) 2020-09-29T18:15:45.723+0200: 58.949: [ParNew: 587033K->41504K(613440K), 0.0224198 secs] 601714K->56185K(2029056K), 0.0225131 secs] [Times: user=0.13 sys=0.00, real=0.02 secs] 
2020-09-29T18:15:45.794+0200: 59.020: [GC (Allocation Failure) 2020-09-29T18:15:45.795+0200: 59.020: [ParNew: 586848K->58809K(613440K), 0.0277161 secs] 601529K->73489K(2029056K), 0.0278070 secs] [Times: user=0.25 sys=0.00, real=0.03 secs] 
2020-09-29T18:15:45.872+0200: 59.098: [GC (Allocation Failure) 2020-09-29T18:15:45.872+0200: 59.098: [ParNew: 604153K->49690K(613440K), 0.0271372 secs] 618833K->64371K(2029056K), 0.0272080 secs] [Times: user=0.25 sys=0.00, real=0.03 secs] 
2020-09-29T18:15:45.948+0200: 59.174: [GC (Allocation Failure) 2020-09-29T18:15:45.948+0200: 59.174: [ParNew: 595034K->50904K(613440K), 0.0264377 secs] 609715K->65585K(2029056K), 0.0265229 secs] [Times: user=0.25 sys=0.00, real=0.03 secs] 
2020-09-29T18:15:46.028+0200: 59.253: [GC (Allocation Failure) 2020-09-29T18:15:46.028+0200: 59.253: [ParNew: 596248K->45375K(613440K), 0.0263141 secs] 610929K->60056K(2029056K), 0.0263795 secs] [Times: user=0.25 sys=0.00, real=0.03 secs] 
2020-09-29T18:15:46.103+0200: 59.329: [GC (Allocation Failure) 2020-09-29T18:15:46.103+0200: 59.329: [ParNew: 590719K->41747K(613440K), 0.0247886 secs] 605400K->56428K(2029056K), 0.0248591 secs] [Times: user=0.13 sys=0.00, real=0.03 secs] 
2020-09-29T18:15:46.176+0200: 59.402: [GC (Allocation Failure) 2020-09-29T18:15:46.176+0200: 59.402: [ParNew: 587091K->32495K(613440K), 0.0129306 secs] 601772K->47176K(2029056K), 0.0129966 secs] [Times: user=0.00 sys=0.00, real=0.01 secs] 
2020-09-29T18:15:46.235+0200: 59.461: [GC (Allocation Failure) 2020-09-29T18:15:46.235+0200: 59.461: [ParNew: 577839K->49069K(613440K), 0.0273524 secs] 592520K->63750K(2029056K), 0.0274235 secs] [Times: user=0.25 sys=0.00, real=0.03 secs] 
2020-09-29T18:15:46.312+0200: 59.537: [GC (Allocation Failure) 2020-09-29T18:15:46.312+0200: 59.537: [ParNew: 594413K->67158K(613440K), 0.0325421 secs] 609094K->81839K(2029056K), 0.0326115 secs] [Times: user=0.25 sys=0.00, real=0.03 secs] 
2020-09-29T18:15:46.395+0200: 59.620: [GC (Allocation Failure) 2020-09-29T18:15:46.395+0200: 59.621: [ParNew: 612502K->55974K(613440K), 0.0237413 secs] 627183K->70655K(2029056K), 0.0238051 secs] [Times: user=0.13 sys=0.00, real=0.02 secs] 
2020-09-29T18:15:46.472+0200: 59.698: [GC (Allocation Failure) 2020-09-29T18:15:46.472+0200: 59.698: [ParNew: 601318K->48146K(613440K), 0.0247641 secs] 615999K->62826K(2029056K), 0.0248312 secs] [Times: user=0.14 sys=0.00, real=0.03 secs] 
2020-09-29T18:15:46.562+0200: 59.787: [GC (Allocation Failure) 2020-09-29T18:15:46.562+0200: 59.787: [ParNew: 593490K->65665K(613440K), 0.0317383 secs] 608170K->80345K(2029056K), 0.0318360 secs] [Times: user=0.22 sys=0.00, real=0.03 secs] 
2020-09-29T18:15:46.648+0200: 59.874: [GC (Allocation Failure) 2020-09-29T18:15:46.648+0200: 59.874: [ParNew: 611009K->55342K(613440K), 0.0311650 secs] 625689K->70023K(2029056K), 0.0312618 secs] [Times: user=0.25 sys=0.00, real=0.03 secs] 
2020-09-29T18:15:46.732+0200: 59.958: [GC (Allocation Failure) 2020-09-29T18:15:46.732+0200: 59.958: [ParNew: 600686K->48341K(613440K), 0.0293994 secs] 615367K->63021K(2029056K), 0.0294703 secs] [Times: user=0.25 sys=0.00, real=0.03 secs] 
2020-09-29T18:15:46.810+0200: 60.035: [GC (Allocation Failure) 2020-09-29T18:15:46.810+0200: 60.035: [ParNew: 593685K->50059K(613440K), 0.0219081 secs] 608365K->64740K(2029056K), 0.0219781 secs] [Times: user=0.13 sys=0.00, real=0.02 secs] 
2020-09-29T18:15:46.885+0200: 60.111: [GC (Allocation Failure) 2020-09-29T18:15:46.885+0200: 60.111: [ParNew: 595403K->49408K(613440K), 0.0276882 secs] 610084K->64089K(2029056K), 0.0277573 secs] [Times: user=0.25 sys=0.00, real=0.03 secs] 
2020-09-29T18:15:46.965+0200: 60.191: [GC (Allocation Failure) 2020-09-29T18:15:46.965+0200: 60.191: [ParNew: 594752K->46764K(613440K), 0.0175616 secs] 609433K->61444K(2029056K), 0.0176247 secs] [Times: user=0.13 sys=0.00, real=0.02 secs] 
2020-09-29T18:15:47.039+0200: 60.265: [GC (Allocation Failure) 2020-09-29T18:15:47.039+0200: 60.265: [ParNew: 592108K->42024K(613440K), 0.0260837 secs] 606788K->56705K(2029056K), 0.0261470 secs] [Times: user=0.13 sys=0.00, real=0.03 secs] 
2020-09-29T18:15:47.114+0200: 60.339: [GC (Allocation Failure) 2020-09-29T18:15:47.114+0200: 60.339: [ParNew: 587368K->53981K(613440K), 0.0246800 secs] 602049K->68661K(2029056K), 0.0247441 secs] [Times: user=0.13 sys=0.00, real=0.02 secs] 
2020-09-29T18:15:47.192+0200: 60.418: [GC (Allocation Failure) 2020-09-29T18:15:47.192+0200: 60.418: [ParNew: 599325K->34566K(613440K), 0.0079737 secs] 614005K->49246K(2029056K), 0.0080345 secs] [Times: user=0.00 sys=0.00, real=0.01 secs] 
2020-09-29T18:15:47.272+0200: 60.498: [GC (Allocation Failure) 2020-09-29T18:15:47.272+0200: 60.498: [ParNew: 579910K->38297K(613440K), 0.0230845 secs] 594590K->52978K(2029056K), 0.0231527 secs] [Times: user=0.13 sys=0.00, real=0.02 secs] 
2020-09-29T18:15:47.346+0200: 60.572: [GC (Allocation Failure) 2020-09-29T18:15:47.346+0200: 60.572: [ParNew: 583641K->51374K(613440K), 0.0290132 secs] 598322K->66055K(2029056K), 0.0291053 secs] [Times: user=0.25 sys=0.00, real=0.03 secs] 
2020-09-29T18:15:47.423+0200: 60.649: [GC (Allocation Failure) 2020-09-29T18:15:47.423+0200: 60.649: [ParNew: 596718K->45455K(613440K), 0.0216406 secs] 611399K->60136K(2029056K), 0.0217033 secs] [Times: user=0.25 sys=0.00, real=0.02 secs] 
2020-09-29T18:15:47.496+0200: 60.722: [GC (Allocation Failure) 2020-09-29T18:15:47.496+0200: 60.722: [ParNew: 590799K->33183K(613440K), 0.0122164 secs] 605480K->47864K(2029056K), 0.0122800 secs] [Times: user=0.13 sys=0.00, real=0.01 secs] 
2020-09-29T18:15:47.555+0200: 60.780: [GC (Allocation Failure) 2020-09-29T18:15:47.555+0200: 60.780: [ParNew: 578527K->30907K(613440K), 0.0199642 secs] 593208K->45587K(2029056K), 0.0200525 secs] [Times: user=0.13 sys=0.00, real=0.02 secs] 
2020-09-29T18:15:47.627+0200: 60.853: [GC (Allocation Failure) 2020-09-29T18:15:47.627+0200: 60.853: [ParNew: 576251K->41819K(613440K), 0.0244700 secs] 590931K->56499K(2029056K), 0.0245515 secs] [Times: user=0.25 sys=0.00, real=0.02 secs] 
2020-09-29T18:15:47.702+0200: 60.928: [GC (Allocation Failure) 2020-09-29T18:15:47.702+0200: 60.928: [ParNew: 587163K->52861K(613440K), 0.0247191 secs] 601843K->67541K(2029056K), 0.0247854 secs] [Times: user=0.25 sys=0.00, real=0.03 secs] 
2020-09-29T18:15:47.775+0200: 61.001: [GC (Allocation Failure) 2020-09-29T18:15:47.775+0200: 61.001: [ParNew: 598205K->35451K(613440K), 0.0231671 secs] 612885K->50132K(2029056K), 0.0232488 secs] [Times: user=0.13 sys=0.00, real=0.02 secs] 
2020-09-29T18:15:47.849+0200: 61.074: [GC (Allocation Failure) 2020-09-29T18:15:47.849+0200: 61.074: [ParNew: 580795K->38805K(613440K), 0.0190684 secs] 595476K->53486K(2029056K), 0.0191432 secs] [Times: user=0.13 sys=0.00, real=0.02 secs] 
2020-09-29T18:15:47.924+0200: 61.150: [GC (Allocation Failure) 2020-09-29T18:15:47.924+0200: 61.150: [ParNew: 584149K->33055K(613440K), 0.0188215 secs] 598830K->47735K(2029056K), 0.0188848 secs] [Times: user=0.25 sys=0.00, real=0.02 secs] 
2020-09-29T18:15:47.995+0200: 61.221: [GC (Allocation Failure) 2020-09-29T18:15:47.995+0200: 61.221: [ParNew: 578399K->25841K(613440K), 0.0186741 secs] 593079K->40522K(2029056K), 0.0187351 secs] [Times: user=0.13 sys=0.00, real=0.02 secs] 
2020-09-29T18:15:48.076+0200: 61.302: [GC (Allocation Failure) 2020-09-29T18:15:48.076+0200: 61.302: [ParNew: 571185K->49042K(613440K), 0.0301814 secs] 585866K->63722K(2029056K), 0.0302550 secs] [Times: user=0.25 sys=0.00, real=0.03 secs] 
2020-09-29T18:15:48.155+0200: 61.381: [GC (Allocation Failure) 2020-09-29T18:15:48.155+0200: 61.381: [ParNew: 594386K->35857K(613440K), 0.0158290 secs] 609066K->50537K(2029056K), 0.0158919 secs] [Times: user=0.13 sys=0.00, real=0.02 secs] 
2020-09-29T18:15:48.230+0200: 61.456: [GC (Allocation Failure) 2020-09-29T18:15:48.230+0200: 61.456: [ParNew: 581201K->35575K(613440K), 0.0200120 secs] 595881K->50256K(2029056K), 0.0200773 secs] [Times: user=0.13 sys=0.00, real=0.02 secs] 
2020-09-29T18:15:48.298+0200: 61.524: [GC (Allocation Failure) 2020-09-29T18:15:48.298+0200: 61.524: [ParNew: 580919K->41327K(613440K), 0.0264096 secs] 595600K->56007K(2029056K), 0.0264742 secs] [Times: user=0.25 sys=0.00, real=0.03 secs] 
2020-09-29T18:15:48.373+0200: 61.598: [GC (Allocation Failure) 2020-09-29T18:15:48.373+0200: 61.598: [ParNew: 586671K->33154K(613440K), 0.0157405 secs] 601351K->47834K(2029056K), 0.0222665 secs] [Times: user=0.13 sys=0.00, real=0.02 secs] 
2020-09-29T18:15:48.451+0200: 61.676: [GC (Allocation Failure) 2020-09-29T18:15:48.451+0200: 61.676: [ParNew: 578498K->34240K(613440K), 0.0216788 secs] 593178K->48921K(2029056K), 0.0217475 secs] [Times: user=0.13 sys=0.00, real=0.02 secs] 
2020-09-29T18:15:48.524+0200: 61.749: [GC (Allocation Failure) 2020-09-29T18:15:48.524+0200: 61.749: [ParNew: 579584K->50778K(613440K), 0.0266244 secs] 594265K->65459K(2029056K), 0.0266995 secs] [Times: user=0.13 sys=0.00, real=0.03 secs] 
2020-09-29T18:15:48.607+0200: 61.832: [GC (Allocation Failure) 2020-09-29T18:15:48.607+0200: 61.832: [ParNew: 596122K->36930K(613440K), 0.0111960 secs] 610803K->51610K(2029056K), 0.0112604 secs] [Times: user=0.13 sys=0.00, real=0.01 secs] 
2020-09-29T18:15:48.678+0200: 61.903: [GC (Allocation Failure) 2020-09-29T18:15:48.678+0200: 61.903: [ParNew: 582274K->42906K(613440K), 0.0265874 secs] 596954K->57586K(2029056K), 0.0266553 secs] [Times: user=0.13 sys=0.00, real=0.03 secs] 
2020-09-29T18:15:48.754+0200: 61.979: [GC (Allocation Failure) 2020-09-29T18:15:48.754+0200: 61.979: [ParNew: 588250K->58540K(613440K), 0.0322535 secs] 602930K->73220K(2029056K), 0.0323245 secs] [Times: user=0.38 sys=0.00, real=0.03 secs] 
2020-09-29T18:15:48.835+0200: 62.061: [GC (Allocation Failure) 2020-09-29T18:15:48.835+0200: 62.061: [ParNew: 603884K->51952K(613440K), 0.0238052 secs] 618564K->66633K(2029056K), 0.0238821 secs] [Times: user=0.13 sys=0.00, real=0.02 secs] 
2020-09-29T18:15:48.914+0200: 62.139: [GC (Allocation Failure) 2020-09-29T18:15:48.914+0200: 62.139: [ParNew: 597296K->50499K(613440K), 0.0286470 secs] 611977K->65179K(2029056K), 0.0287136 secs] [Times: user=0.13 sys=0.01, real=0.03 secs] 
2020-09-29T18:15:48.999+0200: 62.224: [GC (Allocation Failure) 2020-09-29T18:15:48.999+0200: 62.224: [ParNew: 595843K->42027K(613440K), 0.0200847 secs] 610523K->56708K(2029056K), 0.0201468 secs] [Times: user=0.13 sys=0.00, real=0.02 secs] 
2020-09-29T18:15:49.076+0200: 62.301: [GC (Allocation Failure) 2020-09-29T18:15:49.076+0200: 62.301: [ParNew: 587371K->57609K(613440K), 0.0268402 secs] 602052K->72290K(2029056K), 0.0269039 secs] [Times: user=0.25 sys=0.00, real=0.03 secs] 
2020-09-29T18:15:49.154+0200: 62.379: [GC (Allocation Failure) 2020-09-29T18:15:49.154+0200: 62.379: [ParNew: 602953K->38468K(613440K), 0.0191184 secs] 617634K->53149K(2029056K), 0.0191943 secs] [Times: user=0.13 sys=0.00, real=0.02 secs] 
2020-09-29T18:15:49.225+0200: 62.450: [GC (Allocation Failure) 2020-09-29T18:15:49.225+0200: 62.450: [ParNew: 583812K->52777K(613440K), 0.0256647 secs] 598493K->67457K(2029056K), 0.0257319 secs] [Times: user=0.13 sys=0.00, real=0.03 secs] 
2020-09-29T18:15:49.300+0200: 62.525: [GC (Allocation Failure) 2020-09-29T18:15:49.300+0200: 62.525: [ParNew: 598121K->42425K(613440K), 0.0230036 secs] 612801K->57106K(2029056K), 0.0230883 secs] [Times: user=0.25 sys=0.00, real=0.02 secs] 
2020-09-29T18:15:49.374+0200: 62.599: [GC (Allocation Failure) 2020-09-29T18:15:49.374+0200: 62.599: [ParNew: 587769K->39312K(613440K), 0.0219162 secs] 602450K->53993K(2029056K), 0.0219802 secs] [Times: user=0.25 sys=0.00, real=0.02 secs] 
2020-09-29T18:15:49.456+0200: 62.681: [GC (Allocation Failure) 2020-09-29T18:15:49.456+0200: 62.681: [ParNew: 584656K->59845K(613440K), 0.0291691 secs] 599337K->74526K(2029056K), 0.0292347 secs] [Times: user=0.25 sys=0.00, real=0.03 secs] 
2020-09-29T18:15:49.532+0200: 62.757: [GC (Allocation Failure) 2020-09-29T18:15:49.532+0200: 62.757: [ParNew: 605189K->46399K(613440K), 0.0270935 secs] 619870K->61080K(2029056K), 0.0271597 secs] [Times: user=0.25 sys=0.00, real=0.03 secs] 
2020-09-29T18:15:49.610+0200: 62.836: [GC (Allocation Failure) 2020-09-29T18:15:49.610+0200: 62.836: [ParNew: 591743K->68096K(613440K), 0.0355685 secs] 606424K->83275K(2029056K), 0.0356400 secs] [Times: user=0.36 sys=0.00, real=0.04 secs] 
2020-09-29T18:15:49.695+0200: 62.920: [GC (Allocation Failure) 2020-09-29T18:15:49.695+0200: 62.920: [ParNew: 613440K->57310K(613440K), 0.0252199 secs] 628619K->72489K(2029056K), 0.0252856 secs] [Times: user=0.13 sys=0.00, real=0.03 secs] 
2020-09-29T18:15:49.770+0200: 62.995: [GC (Allocation Failure) 2020-09-29T18:15:49.770+0200: 62.995: [ParNew: 602654K->46088K(613440K), 0.0248846 secs] 617833K->61267K(2029056K), 0.0249726 secs] [Times: user=0.25 sys=0.00, real=0.03 secs] 
2020-09-29T18:15:49.849+0200: 63.074: [GC (Allocation Failure) 2020-09-29T18:15:49.849+0200: 63.074: [ParNew: 591432K->43828K(613440K), 0.0233772 secs] 606611K->59007K(2029056K), 0.0234378 secs] [Times: user=0.13 sys=0.00, real=0.02 secs] 
2020-09-29T18:15:49.921+0200: 63.146: [GC (Allocation Failure) 2020-09-29T18:15:49.921+0200: 63.146: [ParNew: 589172K->39344K(613440K), 0.0226208 secs] 604351K->54524K(2029056K), 0.0226852 secs] [Times: user=0.25 sys=0.00, real=0.02 secs] 
2020-09-29T18:15:50.000+0200: 63.225: [GC (Allocation Failure) 2020-09-29T18:15:50.000+0200: 63.225: [ParNew: 584688K->63618K(613440K), 0.0266370 secs] 599868K->78797K(2029056K), 0.0267005 secs] [Times: user=0.25 sys=0.00, real=0.03 secs] 
2020-09-29T18:15:50.081+0200: 63.306: [GC (Allocation Failure) 2020-09-29T18:15:50.081+0200: 63.306: [ParNew: 608962K->48125K(613440K), 0.0188667 secs] 624141K->63304K(2029056K), 0.0189329 secs] [Times: user=0.23 sys=0.00, real=0.02 secs] 
2020-09-29T18:15:50.153+0200: 63.378: [GC (Allocation Failure) 2020-09-29T18:15:50.153+0200: 63.378: [ParNew: 593469K->37678K(613440K), 0.0200875 secs] 608648K->52857K(2029056K), 0.0201523 secs] [Times: user=0.13 sys=0.00, real=0.02 secs] 
2020-09-29T18:15:50.226+0200: 63.451: [GC (Allocation Failure) 2020-09-29T18:15:50.226+0200: 63.451: [ParNew: 583022K->51966K(613440K), 0.0253695 secs] 598201K->67145K(2029056K), 0.0254326 secs] [Times: user=0.13 sys=0.00, real=0.02 secs] 
2020-09-29T18:15:50.307+0200: 63.533: [GC (Allocation Failure) 2020-09-29T18:15:50.307+0200: 63.533: [ParNew: 597310K->38239K(613440K), 0.0171866 secs] 612489K->53418K(2029056K), 0.0172523 secs] [Times: user=0.13 sys=0.00, real=0.02 secs] 
2020-09-29T18:15:50.375+0200: 63.600: [GC (Allocation Failure) 2020-09-29T18:15:50.375+0200: 63.601: [ParNew: 583583K->38209K(613440K), 0.0219704 secs] 598762K->53388K(2029056K), 0.0220332 secs] [Times: user=0.25 sys=0.00, real=0.02 secs] 
2020-09-29T18:15:50.444+0200: 63.669: [GC (Allocation Failure) 2020-09-29T18:15:50.444+0200: 63.669: [ParNew: 583553K->50562K(613440K), 0.0293792 secs] 598732K->65741K(2029056K), 0.0294471 secs] [Times: user=0.13 sys=0.00, real=0.03 secs] 
2020-09-29T18:15:50.520+0200: 63.745: [GC (Allocation Failure) 2020-09-29T18:15:50.520+0200: 63.745: [ParNew: 595906K->62137K(613440K), 0.0279852 secs] 611085K->77316K(2029056K), 0.0280584 secs] [Times: user=0.25 sys=0.00, real=0.03 secs] 
2020-09-29T18:15:50.601+0200: 63.826: [GC (Allocation Failure) 2020-09-29T18:15:50.601+0200: 63.826: [ParNew: 607481K->50307K(613440K), 0.0265999 secs] 622660K->65486K(2029056K), 0.0266777 secs] [Times: user=0.13 sys=0.00, real=0.03 secs] 
2020-09-29T18:15:50.685+0200: 63.910: [GC (Allocation Failure) 2020-09-29T18:15:50.685+0200: 63.910: [ParNew: 595651K->68096K(613440K), 0.0334676 secs] 610830K->83849K(2029056K), 0.0335331 secs] [Times: user=0.25 sys=0.00, real=0.03 secs] 
2020-09-29T18:15:50.766+0200: 63.991: [GC (Allocation Failure) 2020-09-29T18:15:50.766+0200: 63.991: [ParNew: 613440K->67778K(613440K), 0.0354223 secs] 629193K->83532K(2029056K), 0.0355005 secs] [Times: user=0.28 sys=0.00, real=0.04 secs] 
2020-09-29T18:15:50.849+0200: 64.075: [GC (Allocation Failure) 2020-09-29T18:15:50.849+0200: 64.075: [ParNew: 613122K->53698K(613440K), 0.0267094 secs] 628876K->69452K(2029056K), 0.0267778 secs] [Times: user=0.13 sys=0.00, real=0.03 secs] 
2020-09-29T18:15:50.932+0200: 64.157: [GC (Allocation Failure) 2020-09-29T18:15:50.932+0200: 64.157: [ParNew: 599042K->40892K(613440K), 0.0263567 secs] 614796K->56646K(2029056K), 0.0264267 secs] [Times: user=0.25 sys=0.00, real=0.03 secs] 
2020-09-29T18:15:51.012+0200: 64.237: [GC (Allocation Failure) 2020-09-29T18:15:51.012+0200: 64.237: [ParNew: 586236K->66514K(613440K), 0.0312790 secs] 601990K->82268K(2029056K), 0.0313535 secs] [Times: user=0.25 sys=0.00, real=0.03 secs] 
2020-09-29T18:15:51.095+0200: 64.321: [GC (Allocation Failure) 2020-09-29T18:15:51.096+0200: 64.321: [ParNew: 611858K->56068K(613440K), 0.0316074 secs] 627612K->71822K(2029056K), 0.0316881 secs] [Times: user=0.25 sys=0.00, real=0.03 secs] 
2020-09-29T18:15:51.175+0200: 64.400: [GC (Allocation Failure) 2020-09-29T18:15:51.175+0200: 64.400: [ParNew: 601412K->49304K(613440K), 0.0231962 secs] 617166K->65058K(2029056K), 0.0232643 secs] [Times: user=0.23 sys=0.02, real=0.02 secs] 
2020-09-29T18:15:51.258+0200: 64.483: [GC (Allocation Failure) 2020-09-29T18:15:51.258+0200: 64.483: [ParNew: 594648K->47524K(613440K), 0.0283045 secs] 610402K->63277K(2029056K), 0.0283883 secs] [Times: user=0.25 sys=0.00, real=0.03 secs] 
2020-09-29T18:15:51.336+0200: 64.561: [GC (Allocation Failure) 2020-09-29T18:15:51.336+0200: 64.561: [ParNew: 592868K->43227K(613440K), 0.0195576 secs] 608621K->58981K(2029056K), 0.0196265 secs] [Times: user=0.13 sys=0.00, real=0.02 secs] 
2020-09-29T18:15:51.407+0200: 64.632: [GC (Allocation Failure) 2020-09-29T18:15:51.407+0200: 64.633: [ParNew: 588571K->41251K(613440K), 0.0266170 secs] 604325K->57005K(2029056K), 0.0266839 secs] [Times: user=0.25 sys=0.00, real=0.03 secs] 
2020-09-29T18:15:51.489+0200: 64.714: [GC (Allocation Failure) 2020-09-29T18:15:51.489+0200: 64.714: [ParNew: 586595K->46511K(613440K), 0.0258654 secs] 602349K->62265K(2029056K), 0.0259345 secs] [Times: user=0.13 sys=0.00, real=0.03 secs] 
2020-09-29T18:15:51.572+0200: 64.797: [GC (Allocation Failure) 2020-09-29T18:15:51.572+0200: 64.797: [ParNew: 591855K->34448K(613440K), 0.0173970 secs] 607609K->50202K(2029056K), 0.0174735 secs] [Times: user=0.13 sys=0.00, real=0.02 secs] 
2020-09-29T18:15:51.649+0200: 64.875: [GC (Allocation Failure) 2020-09-29T18:15:51.649+0200: 64.875: [ParNew: 579792K->52011K(613440K), 0.0326497 secs] 595546K->67765K(2029056K), 0.0327196 secs] [Times: user=0.25 sys=0.00, real=0.03 secs] 
2020-09-29T18:15:51.733+0200: 64.958: [GC (Allocation Failure) 2020-09-29T18:15:51.733+0200: 64.959: [ParNew: 597355K->39100K(613440K), 0.0233374 secs] 613109K->54854K(2029056K), 0.0234065 secs] [Times: user=0.25 sys=0.00, real=0.02 secs] 
2020-09-29T18:15:51.817+0200: 65.042: [GC (Allocation Failure) 2020-09-29T18:15:51.817+0200: 65.042: [ParNew: 584444K->55515K(613440K), 0.0276599 secs] 600198K->71269K(2029056K), 0.0277295 secs] [Times: user=0.13 sys=0.00, real=0.03 secs] 
2020-09-29T18:15:51.896+0200: 65.121: [GC (Allocation Failure) 2020-09-29T18:15:51.896+0200: 65.121: [ParNew: 600859K->41584K(613440K), 0.0189770 secs] 616613K->57338K(2029056K), 0.0190433 secs] [Times: user=0.13 sys=0.00, real=0.02 secs] 
2020-09-29T18:15:51.969+0200: 65.194: [GC (Allocation Failure) 2020-09-29T18:15:51.969+0200: 65.194: [ParNew: 586928K->22257K(613440K), 0.0173760 secs] 602682K->38011K(2029056K), 0.0174612 secs] [Times: user=0.11 sys=0.00, real=0.02 secs] 
2020-09-29T18:15:52.045+0200: 65.271: [GC (Allocation Failure) 2020-09-29T18:15:52.045+0200: 65.271: [ParNew: 567601K->47801K(613440K), 0.0306106 secs] 583355K->63555K(2029056K), 0.0306918 secs] [Times: user=0.25 sys=0.00, real=0.03 secs] 
2020-09-29T18:15:52.129+0200: 65.355: [GC (Allocation Failure) 2020-09-29T18:15:52.129+0200: 65.355: [ParNew: 593145K->66113K(613440K), 0.0306573 secs] 608899K->81867K(2029056K), 0.0307295 secs] [Times: user=0.14 sys=0.02, real=0.03 secs] 
2020-09-29T18:15:52.209+0200: 65.434: [GC (Allocation Failure) 2020-09-29T18:15:52.209+0200: 65.434: [ParNew: 611457K->68096K(613440K), 0.0360112 secs] 627211K->84404K(2029056K), 0.0360933 secs] [Times: user=0.25 sys=0.00, real=0.04 secs] 
2020-09-29T18:15:52.293+0200: 65.519: [GC (Allocation Failure) 2020-09-29T18:15:52.293+0200: 65.519: [ParNew: 613440K->58045K(613440K), 0.0266079 secs] 629748K->74354K(2029056K), 0.0266778 secs] [Times: user=0.25 sys=0.00, real=0.03 secs] 
2020-09-29T18:15:52.372+0200: 65.598: [GC (Allocation Failure) 2020-09-29T18:15:52.372+0200: 65.598: [ParNew: 603389K->46801K(613440K), 0.0271312 secs] 619698K->63110K(2029056K), 0.0272170 secs] [Times: user=0.25 sys=0.00, real=0.03 secs] 
2020-09-29T18:15:52.450+0200: 65.675: [GC (Allocation Failure) 2020-09-29T18:15:52.450+0200: 65.675: [ParNew: 592145K->44616K(613440K), 0.0267325 secs] 608454K->60924K(2029056K), 0.0268002 secs] [Times: user=0.25 sys=0.00, real=0.03 secs] 
2020-09-29T18:15:52.529+0200: 65.754: [GC (Allocation Failure) 2020-09-29T18:15:52.529+0200: 65.754: [ParNew: 589960K->40144K(613440K), 0.0266306 secs] 606268K->56452K(2029056K), 0.0267024 secs] [Times: user=0.23 sys=0.00, real=0.03 secs] 
2020-09-29T18:15:52.612+0200: 65.837: [GC (Allocation Failure) 2020-09-29T18:15:52.612+0200: 65.837: [ParNew: 585488K->37152K(613440K), 0.0240390 secs] 601796K->53460K(2029056K), 0.0241075 secs] [Times: user=0.25 sys=0.00, real=0.02 secs] 
2020-09-29T18:15:52.690+0200: 65.916: [GC (Allocation Failure) 2020-09-29T18:15:52.690+0200: 65.916: [ParNew: 582496K->61554K(613440K), 0.0309450 secs] 598804K->77862K(2029056K), 0.0310142 secs] [Times: user=0.25 sys=0.00, real=0.03 secs] 
2020-09-29T18:15:52.777+0200: 66.003: [GC (Allocation Failure) 2020-09-29T18:15:52.777+0200: 66.003: [ParNew: 606898K->46279K(613440K), 0.0223573 secs] 623206K->62588K(2029056K), 0.0224305 secs] [Times: user=0.13 sys=0.00, real=0.02 secs] 
2020-09-29T18:15:52.855+0200: 66.080: [GC (Allocation Failure) 2020-09-29T18:15:52.855+0200: 66.080: [ParNew: 591623K->41372K(613440K), 0.0205888 secs] 607932K->57681K(2029056K), 0.0206515 secs] [Times: user=0.13 sys=0.00, real=0.02 secs] 
2020-09-29T18:15:52.922+0200: 66.148: [GC (Allocation Failure) 2020-09-29T18:15:52.923+0200: 66.148: [ParNew: 586716K->30718K(613440K), 0.0224662 secs] 603025K->47026K(2029056K), 0.0225428 secs] [Times: user=0.25 sys=0.00, real=0.02 secs] 
2020-09-29T18:15:52.997+0200: 66.222: [GC (Allocation Failure) 2020-09-29T18:15:52.997+0200: 66.222: [ParNew: 576062K->54276K(613440K), 0.0269208 secs] 592370K->70585K(2029056K), 0.0269995 secs] [Times: user=0.25 sys=0.00, real=0.03 secs] 
2020-09-29T18:15:53.071+0200: 66.297: [GC (Allocation Failure) 2020-09-29T18:15:53.071+0200: 66.297: [ParNew: 599620K->39220K(613440K), 0.0268534 secs] 615929K->55529K(2029056K), 0.0269208 secs] [Times: user=0.25 sys=0.00, real=0.03 secs] 
2020-09-29T18:15:53.148+0200: 66.373: [GC (Allocation Failure) 2020-09-29T18:15:53.148+0200: 66.374: [ParNew: 584564K->41008K(613440K), 0.0230404 secs] 600873K->57317K(2029056K), 0.0231151 secs] [Times: user=0.13 sys=0.00, real=0.02 secs] 
2020-09-29T18:15:53.220+0200: 66.445: [GC (Allocation Failure) 2020-09-29T18:15:53.220+0200: 66.445: [ParNew: 586352K->61380K(613440K), 0.0293437 secs] 602661K->77689K(2029056K), 0.0294279 secs] [Times: user=0.25 sys=0.00, real=0.03 secs] 
2020-09-29T18:15:53.302+0200: 66.527: [GC (Allocation Failure) 2020-09-29T18:15:53.302+0200: 66.527: [ParNew: 606724K->68096K(613440K), 0.0289466 secs] 623033K->84404K(2029056K), 0.0290276 secs] [Times: user=0.11 sys=0.00, real=0.03 secs] 
2020-09-29T18:15:53.382+0200: 66.608: [GC (Allocation Failure) 2020-09-29T18:15:53.382+0200: 66.608: [ParNew: 613440K->51342K(613440K), 0.0283326 secs] 629748K->67650K(2029056K), 0.0283999 secs] [Times: user=0.13 sys=0.00, real=0.03 secs] 
2020-09-29T18:15:53.461+0200: 66.686: [GC (Allocation Failure) 2020-09-29T18:15:53.461+0200: 66.686: [ParNew: 596686K->39241K(613440K), 0.0271864 secs] 612994K->55549K(2029056K), 0.0272620 secs] [Times: user=0.13 sys=0.00, real=0.03 secs] 
2020-09-29T18:15:53.535+0200: 66.761: [GC (Allocation Failure) 2020-09-29T18:15:53.535+0200: 66.761: [ParNew: 584585K->38905K(613440K), 0.0251804 secs] 600893K->55213K(2029056K), 0.0252711 secs] [Times: user=0.25 sys=0.00, real=0.03 secs] 
2020-09-29T18:15:53.610+0200: 66.836: [GC (Allocation Failure) 2020-09-29T18:15:53.611+0200: 66.836: [ParNew: 584249K->36588K(613440K), 0.0234025 secs] 600557K->52897K(2029056K), 0.0234817 secs] [Times: user=0.25 sys=0.00, real=0.02 secs] 
2020-09-29T18:15:53.685+0200: 66.910: [GC (Allocation Failure) 2020-09-29T18:15:53.685+0200: 66.910: [ParNew: 581932K->56362K(613440K), 0.0298141 secs] 598241K->72671K(2029056K), 0.0298880 secs] [Times: user=0.25 sys=0.00, real=0.03 secs] 
2020-09-29T18:15:53.763+0200: 66.988: [GC (Allocation Failure) 2020-09-29T18:15:53.763+0200: 66.988: [ParNew: 601706K->67601K(613440K), 0.0351350 secs] 618015K->83909K(2029056K), 0.0352174 secs] [Times: user=0.25 sys=0.00, real=0.04 secs] 
2020-09-29T18:15:53.849+0200: 67.074: [GC (Allocation Failure) 2020-09-29T18:15:53.849+0200: 67.074: [ParNew: 612945K->54329K(613440K), 0.0278415 secs] 629253K->70638K(2029056K), 0.0351753 secs] [Times: user=0.13 sys=0.00, real=0.04 secs] 
2020-09-29T18:15:53.937+0200: 67.163: [GC (Allocation Failure) 2020-09-29T18:15:53.937+0200: 67.163: [ParNew: 599673K->37367K(613440K), 0.0172227 secs] 615982K->53675K(2029056K), 0.0172912 secs] [Times: user=0.13 sys=0.00, real=0.02 secs] 
2020-09-29T18:15:54.009+0200: 67.235: [GC (Allocation Failure) 2020-09-29T18:15:54.009+0200: 67.235: [ParNew: 582711K->22368K(613440K), 0.0151328 secs] 599019K->38677K(2029056K), 0.0152006 secs] [Times: user=0.13 sys=0.00, real=0.01 secs] 
2020-09-29T18:15:54.081+0200: 67.307: [GC (Allocation Failure) 2020-09-29T18:15:54.081+0200: 67.307: [ParNew: 567712K->32284K(613440K), 0.0230891 secs] 584021K->48593K(2029056K), 0.0231663 secs] [Times: user=0.17 sys=0.00, real=0.02 secs] 
2020-09-29T18:15:54.151+0200: 67.377: [GC (Allocation Failure) 2020-09-29T18:15:54.152+0200: 67.377: [ParNew: 577628K->43275K(613440K), 0.0301806 secs] 593937K->59584K(2029056K), 0.0302621 secs] [Times: user=0.25 sys=0.00, real=0.03 secs] 
2020-09-29T18:15:54.229+0200: 67.454: [GC (Allocation Failure) 2020-09-29T18:15:54.229+0200: 67.454: [ParNew: 588619K->45668K(613440K), 0.0276986 secs] 604928K->61977K(2029056K), 0.0277819 secs] [Times: user=0.25 sys=0.00, real=0.03 secs] 
2020-09-29T18:15:54.306+0200: 67.532: [GC (Allocation Failure) 2020-09-29T18:15:54.306+0200: 67.532: [ParNew: 591012K->38676K(613440K), 0.0184258 secs] 607321K->54985K(2029056K), 0.0184950 secs] [Times: user=0.13 sys=0.00, real=0.02 secs] 
2020-09-29T18:15:54.380+0200: 67.606: [GC (Allocation Failure) 2020-09-29T18:15:54.380+0200: 67.606: [ParNew: 584020K->53487K(613440K), 0.0337291 secs] 600329K->69796K(2029056K), 0.0338033 secs] [Times: user=0.25 sys=0.00, real=0.03 secs] 
2020-09-29T18:15:54.464+0200: 67.690: [GC (Allocation Failure) 2020-09-29T18:15:54.464+0200: 67.690: [ParNew: 598831K->49017K(613440K), 0.0243200 secs] 615140K->65326K(2029056K), 0.0243906 secs] [Times: user=0.13 sys=0.00, real=0.02 secs] 
2020-09-29T18:15:54.536+0200: 67.762: [GC (Allocation Failure) 2020-09-29T18:15:54.536+0200: 67.762: [ParNew: 594361K->40841K(613440K), 0.0229473 secs] 610670K->57150K(2029056K), 0.0230160 secs] [Times: user=0.13 sys=0.00, real=0.02 secs] 
2020-09-29T18:15:54.608+0200: 67.833: [GC (Allocation Failure) 2020-09-29T18:15:54.608+0200: 67.833: [ParNew: 586185K->59346K(613440K), 0.0303082 secs] 602494K->75654K(2029056K), 0.0303815 secs] [Times: user=0.23 sys=0.00, real=0.03 secs] 
2020-09-29T18:15:54.688+0200: 67.914: [GC (Allocation Failure) 2020-09-29T18:15:54.688+0200: 67.914: [ParNew: 604690K->48610K(613440K), 0.0289283 secs] 620998K->64919K(2029056K), 0.0290005 secs] [Times: user=0.23 sys=0.00, real=0.03 secs] 
2020-09-29T18:15:54.767+0200: 67.993: [GC (Allocation Failure) 2020-09-29T18:15:54.767+0200: 67.993: [ParNew: 593954K->40991K(613440K), 0.0253780 secs] 610263K->57299K(2029056K), 0.0254550 secs] [Times: user=0.25 sys=0.00, real=0.03 secs] 
2020-09-29T18:15:54.840+0200: 68.066: [GC (Allocation Failure) 2020-09-29T18:15:54.840+0200: 68.066: [ParNew: 586335K->64402K(613440K), 0.0332697 secs] 602643K->80710K(2029056K), 0.0333396 secs] [Times: user=0.25 sys=0.00, real=0.03 secs] 
2020-09-29T18:15:54.925+0200: 68.151: [GC (Allocation Failure) 2020-09-29T18:15:54.925+0200: 68.151: [ParNew: 609746K->61503K(613440K), 0.0324307 secs] 626054K->77812K(2029056K), 0.0325080 secs] [Times: user=0.38 sys=0.00, real=0.03 secs] 
2020-09-29T18:15:55.006+0200: 68.231: [GC (Allocation Failure) 2020-09-29T18:15:55.006+0200: 68.231: [ParNew: 606847K->55347K(613440K), 0.0304018 secs] 623156K->71656K(2029056K), 0.0304663 secs] [Times: user=0.25 sys=0.00, real=0.03 secs] 
2020-09-29T18:15:55.087+0200: 68.313: [GC (Allocation Failure) 2020-09-29T18:15:55.087+0200: 68.313: [ParNew: 600691K->54684K(613440K), 0.0306302 secs] 617000K->70993K(2029056K), 0.0306947 secs] [Times: user=0.25 sys=0.00, real=0.03 secs] 
2020-09-29T18:15:55.170+0200: 68.395: [GC (Allocation Failure) 2020-09-29T18:15:55.170+0200: 68.395: [ParNew: 600028K->48354K(613440K), 0.0306011 secs] 616337K->64663K(2029056K), 0.0306744 secs] [Times: user=0.25 sys=0.00, real=0.03 secs] 
2020-09-29T18:15:55.251+0200: 68.477: [GC (Allocation Failure) 2020-09-29T18:15:55.251+0200: 68.477: [ParNew: 593698K->39541K(613440K), 0.0182692 secs] 610007K->55849K(2029056K), 0.0183616 secs] [Times: user=0.14 sys=0.02, real=0.02 secs] 
2020-09-29T18:15:55.319+0200: 68.544: [GC (Allocation Failure) 2020-09-29T18:15:55.319+0200: 68.544: [ParNew: 584885K->58759K(613440K), 0.0341666 secs] 601193K->75067K(2029056K), 0.0342365 secs] [Times: user=0.25 sys=0.00, real=0.03 secs] 
2020-09-29T18:15:55.401+0200: 68.627: [GC (Allocation Failure) 2020-09-29T18:15:55.401+0200: 68.627: [ParNew: 604103K->68096K(613440K), 0.0330316 secs] 620411K->84597K(2029056K), 0.0330946 secs] [Times: user=0.25 sys=0.00, real=0.03 secs] 
2020-09-29T18:15:55.485+0200: 68.711: [GC (Allocation Failure) 2020-09-29T18:15:55.485+0200: 68.711: [ParNew: 613440K->58020K(613440K), 0.0333286 secs] 629941K->74522K(2029056K), 0.0333941 secs] [Times: user=0.24 sys=0.00, real=0.03 secs] 
2020-09-29T18:15:55.567+0200: 68.793: [GC (Allocation Failure) 2020-09-29T18:15:55.567+0200: 68.793: [ParNew: 603364K->59139K(613440K), 0.0325369 secs] 619866K->75641K(2029056K), 0.0326073 secs] [Times: user=0.22 sys=0.00, real=0.03 secs] 
2020-09-29T18:15:55.651+0200: 68.877: [GC (Allocation Failure) 2020-09-29T18:15:55.651+0200: 68.877: [ParNew: 604483K->52615K(613440K), 0.0311944 secs] 620985K->69117K(2029056K), 0.0312854 secs] [Times: user=0.25 sys=0.00, real=0.03 secs] 
2020-09-29T18:15:55.730+0200: 68.956: [GC (Allocation Failure) 2020-09-29T18:15:55.730+0200: 68.956: [ParNew: 597959K->42645K(613440K), 0.0211185 secs] 614461K->59146K(2029056K), 0.0211952 secs] [Times: user=0.13 sys=0.00, real=0.02 secs] 
2020-09-29T18:15:55.803+0200: 69.029: [GC (Allocation Failure) 2020-09-29T18:15:55.803+0200: 69.029: [ParNew: 587989K->44253K(613440K), 0.0190535 secs] 604490K->60754K(2029056K), 0.0191117 secs] [Times: user=0.13 sys=0.00, real=0.02 secs] 
2020-09-29T18:15:55.873+0200: 69.099: [GC (Allocation Failure) 2020-09-29T18:15:55.873+0200: 69.099: [ParNew: 589597K->34961K(613440K), 0.0123402 secs] 606098K->51463K(2029056K), 0.0123940 secs] [Times: user=0.13 sys=0.00, real=0.01 secs] 
2020-09-29T18:15:55.935+0200: 69.161: [GC (Allocation Failure) 2020-09-29T18:15:55.935+0200: 69.161: [ParNew: 580305K->51986K(613440K), 0.0234891 secs] 596807K->68487K(2029056K), 0.0235465 secs] [Times: user=0.25 sys=0.00, real=0.02 secs] 
2020-09-29T18:15:56.009+0200: 69.234: [GC (Allocation Failure) 2020-09-29T18:15:56.009+0200: 69.234: [ParNew: 597330K->44247K(613440K), 0.0183620 secs] 613831K->60748K(2029056K), 0.0184349 secs] [Times: user=0.13 sys=0.00, real=0.02 secs] 
2020-09-29T18:15:56.077+0200: 69.303: [GC (Allocation Failure) 2020-09-29T18:15:56.077+0200: 69.303: [ParNew: 589591K->40980K(613440K), 0.0164739 secs] 606092K->57482K(2029056K), 0.0165423 secs] [Times: user=0.13 sys=0.00, real=0.02 secs] 
2020-09-29T18:15:56.149+0200: 69.375: [GC (Allocation Failure) 2020-09-29T18:15:56.149+0200: 69.375: [ParNew: 586324K->36863K(613440K), 0.0151648 secs] 602826K->53364K(2029056K), 0.0152196 secs] [Times: user=0.13 sys=0.00, real=0.02 secs] 
2020-09-29T18:15:56.213+0200: 69.438: [GC (Allocation Failure) 2020-09-29T18:15:56.213+0200: 69.438: [ParNew: 582207K->51989K(613440K), 0.0198760 secs] 598708K->68490K(2029056K), 0.0199406 secs] [Times: user=0.13 sys=0.00, real=0.02 secs] 
2020-09-29T18:15:56.280+0200: 69.506: [GC (Allocation Failure) 2020-09-29T18:15:56.280+0200: 69.506: [ParNew: 597333K->38109K(613440K), 0.0181220 secs] 613834K->54611K(2029056K), 0.0181981 secs] [Times: user=0.13 sys=0.00, real=0.02 secs] 
2020-09-29T18:15:56.348+0200: 69.573: [GC (Allocation Failure) 2020-09-29T18:15:56.348+0200: 69.573: [ParNew: 583453K->34861K(613440K), 0.0170307 secs] 599955K->51363K(2029056K), 0.0171004 secs] [Times: user=0.13 sys=0.00, real=0.02 secs] 
2020-09-29T18:15:56.413+0200: 69.639: [GC (Allocation Failure) 2020-09-29T18:15:56.413+0200: 69.639: [ParNew: 580205K->58892K(613440K), 0.0254961 secs] 596707K->75394K(2029056K), 0.0255976 secs] [Times: user=0.13 sys=0.00, real=0.02 secs] 
2020-09-29T18:15:56.485+0200: 69.711: [GC (Allocation Failure) 2020-09-29T18:15:56.485+0200: 69.711: [ParNew: 604236K->49174K(613440K), 0.0141099 secs] 620738K->65676K(2029056K), 0.0141796 secs] [Times: user=0.13 sys=0.00, real=0.01 secs] 
2020-09-29T18:15:56.555+0200: 69.781: [GC (Allocation Failure) 2020-09-29T18:15:56.555+0200: 69.781: [ParNew: 594518K->22927K(613440K), 0.0130535 secs] 611020K->39429K(2029056K), 0.0131352 secs] [Times: user=0.13 sys=0.00, real=0.01 secs] 
2020-09-29T18:15:56.618+0200: 69.844: [GC (Allocation Failure) 2020-09-29T18:15:56.618+0200: 69.844: [ParNew: 568271K->37130K(613440K), 0.0172416 secs] 584773K->53631K(2029056K), 0.0173035 secs] [Times: user=0.13 sys=0.00, real=0.02 secs] 
2020-09-29T18:15:56.683+0200: 69.909: [GC (Allocation Failure) 2020-09-29T18:15:56.683+0200: 69.909: [ParNew: 582474K->42884K(613440K), 0.0157727 secs] 598975K->59386K(2029056K), 0.0158383 secs] [Times: user=0.13 sys=0.00, real=0.02 secs] 
2020-09-29T18:15:56.749+0200: 69.975: [GC (Allocation Failure) 2020-09-29T18:15:56.749+0200: 69.975: [ParNew: 588228K->29810K(613440K), 0.0095177 secs] 604730K->46312K(2029056K), 0.0095715 secs] [Times: user=0.13 sys=0.00, real=0.01 secs] 
2020-09-29T18:15:56.806+0200: 70.032: [GC (Allocation Failure) 2020-09-29T18:15:56.806+0200: 70.032: [ParNew: 575154K->56578K(613440K), 0.0263694 secs] 591656K->73080K(2029056K), 0.0264312 secs] [Times: user=0.25 sys=0.00, real=0.03 secs] 
2020-09-29T18:15:56.880+0200: 70.106: [GC (Allocation Failure) 2020-09-29T18:15:56.880+0200: 70.106: [ParNew: 601922K->68096K(613440K), 0.0253852 secs] 618424K->85447K(2029056K), 0.0254747 secs] [Times: user=0.13 sys=0.00, real=0.02 secs] 
2020-09-29T18:15:56.956+0200: 70.182: [GC (Allocation Failure) 2020-09-29T18:15:56.956+0200: 70.182: [ParNew: 613440K->56643K(613440K), 0.0237050 secs] 630791K->73995K(2029056K), 0.0237804 secs] [Times: user=0.25 sys=0.00, real=0.02 secs] 
2020-09-29T18:15:57.028+0200: 70.254: [GC (Allocation Failure) 2020-09-29T18:15:57.028+0200: 70.254: [ParNew: 601987K->45727K(613440K), 0.0175204 secs] 619339K->63078K(2029056K), 0.0175734 secs] [Times: user=0.13 sys=0.00, real=0.02 secs] 
2020-09-29T18:15:57.094+0200: 70.320: [GC (Allocation Failure) 2020-09-29T18:15:57.094+0200: 70.320: [ParNew: 591071K->59296K(613440K), 0.0216164 secs] 608422K->76647K(2029056K), 0.0217101 secs] [Times: user=0.25 sys=0.00, real=0.02 secs] 
2020-09-29T18:15:57.164+0200: 70.389: [GC (Allocation Failure) 2020-09-29T18:15:57.164+0200: 70.390: [ParNew: 604640K->43026K(613440K), 0.0157868 secs] 621991K->60377K(2029056K), 0.0158460 secs] [Times: user=0.13 sys=0.00, real=0.01 secs] 
2020-09-29T18:15:57.231+0200: 70.457: [GC (Allocation Failure) 2020-09-29T18:15:57.231+0200: 70.457: [ParNew: 588370K->45053K(613440K), 0.0198442 secs] 605721K->62405K(2029056K), 0.0199206 secs] [Times: user=0.13 sys=0.00, real=0.02 secs] 
2020-09-29T18:15:57.298+0200: 70.524: [GC (Allocation Failure) 2020-09-29T18:15:57.298+0200: 70.524: [ParNew: 590397K->37385K(613440K), 0.0192551 secs] 607749K->54736K(2029056K), 0.0193214 secs] [Times: user=0.23 sys=0.00, real=0.02 secs] 
2020-09-29T18:15:57.368+0200: 70.594: [GC (Allocation Failure) 2020-09-29T18:15:57.369+0200: 70.594: [ParNew: 582729K->30492K(613440K), 0.0116941 secs] 600080K->47843K(2029056K), 0.0117633 secs] [Times: user=0.13 sys=0.00, real=0.01 secs] 
2020-09-29T18:15:57.435+0200: 70.661: [GC (Allocation Failure) 2020-09-29T18:15:57.435+0200: 70.661: [ParNew: 575836K->46088K(613440K), 0.0234958 secs] 593187K->63440K(2029056K), 0.0235728 secs] [Times: user=0.25 sys=0.00, real=0.02 secs] 
2020-09-29T18:15:57.509+0200: 70.735: [GC (Allocation Failure) 2020-09-29T18:15:57.509+0200: 70.735: [ParNew: 591432K->37589K(613440K), 0.0144012 secs] 608784K->54940K(2029056K), 0.0144585 secs] [Times: user=0.13 sys=0.00, real=0.01 secs] 
2020-09-29T18:15:57.576+0200: 70.802: [GC (Allocation Failure) 2020-09-29T18:15:57.576+0200: 70.802: [ParNew: 582933K->46093K(613440K), 0.0203664 secs] 600284K->63445K(2029056K), 0.0204457 secs] [Times: user=0.11 sys=0.00, real=0.02 secs] 
2020-09-29T18:15:57.649+0200: 70.875: [GC (Allocation Failure) 2020-09-29T18:15:57.649+0200: 70.875: [ParNew: 591437K->37459K(613440K), 0.0187615 secs] 608789K->54811K(2029056K), 0.0188224 secs] [Times: user=0.13 sys=0.00, real=0.02 secs] 
2020-09-29T18:15:57.714+0200: 70.940: [GC (Allocation Failure) 2020-09-29T18:15:57.715+0200: 70.940: [ParNew: 582803K->40285K(613440K), 0.0173871 secs] 600155K->57636K(2029056K), 0.0174500 secs] [Times: user=0.13 sys=0.00, real=0.02 secs] 
2020-09-29T18:15:57.781+0200: 71.007: [GC (Allocation Failure) 2020-09-29T18:15:57.781+0200: 71.007: [ParNew: 585629K->30133K(613440K), 0.0097086 secs] 602980K->47484K(2029056K), 0.0097740 secs] [Times: user=0.13 sys=0.00, real=0.01 secs] 
2020-09-29T18:15:57.842+0200: 71.067: [GC (Allocation Failure) 2020-09-29T18:15:57.842+0200: 71.067: [ParNew: 575477K->43760K(613440K), 0.0196642 secs] 592828K->61111K(2029056K), 0.0197195 secs] [Times: user=0.13 sys=0.00, real=0.02 secs] 
2020-09-29T18:15:57.908+0200: 71.134: [GC (Allocation Failure) 2020-09-29T18:15:57.908+0200: 71.134: [ParNew: 589104K->57874K(613440K), 0.0253366 secs] 606455K->75225K(2029056K), 0.0254068 secs] [Times: user=0.25 sys=0.00, real=0.03 secs] 
2020-09-29T18:15:57.980+0200: 71.206: [GC (Allocation Failure) 2020-09-29T18:15:57.986+0200: 71.211: [ParNew: 603218K->50033K(613440K), 0.0197219 secs] 620569K->67384K(2029056K), 0.0244676 secs] [Times: user=0.25 sys=0.00, real=0.03 secs] 
2020-09-29T18:15:58.054+0200: 71.280: [GC (Allocation Failure) 2020-09-29T18:15:58.054+0200: 71.280: [ParNew: 595377K->68096K(613440K), 0.0236547 secs] 612728K->85499K(2029056K), 0.0237151 secs] [Times: user=0.13 sys=0.00, real=0.02 secs] 
2020-09-29T18:15:58.125+0200: 71.351: [GC (Allocation Failure) 2020-09-29T18:15:58.126+0200: 71.351: [ParNew: 613440K->47247K(613440K), 0.0179102 secs] 630843K->64650K(2029056K), 0.0179823 secs] [Times: user=0.13 sys=0.00, real=0.02 secs] 
2020-09-29T18:15:58.195+0200: 71.420: [GC (Allocation Failure) 2020-09-29T18:15:58.195+0200: 71.420: [ParNew: 592591K->64413K(613440K), 0.0270764 secs] 609994K->81816K(2029056K), 0.0271375 secs] [Times: user=0.13 sys=0.00, real=0.03 secs] 
2020-09-29T18:15:58.268+0200: 71.493: [GC (Allocation Failure) 2020-09-29T18:15:58.268+0200: 71.494: [ParNew: 609757K->53223K(613440K), 0.0202189 secs] 627160K->70626K(2029056K), 0.0202875 secs] [Times: user=0.25 sys=0.00, real=0.02 secs] 
2020-09-29T18:15:58.338+0200: 71.563: [GC (Allocation Failure) 2020-09-29T18:15:58.338+0200: 71.563: [ParNew: 598567K->44695K(613440K), 0.0208441 secs] 615970K->62098K(2029056K), 0.0209075 secs] [Times: user=0.13 sys=0.00, real=0.02 secs] 
2020-09-29T18:15:58.406+0200: 71.632: [GC (Allocation Failure) 2020-09-29T18:15:58.406+0200: 71.632: [ParNew: 590039K->68096K(613440K), 0.0250656 secs] 607442K->85797K(2029056K), 0.0251265 secs] [Times: user=0.25 sys=0.00, real=0.03 secs] 
2020-09-29T18:15:58.479+0200: 71.704: [GC (Allocation Failure) 2020-09-29T18:15:58.479+0200: 71.704: [ParNew: 613440K->68096K(613440K), 0.0245130 secs] 631141K->85834K(2029056K), 0.0245725 secs] [Times: user=0.13 sys=0.00, real=0.02 secs] 
2020-09-29T18:15:58.550+0200: 71.775: [GC (Allocation Failure) 2020-09-29T18:15:58.550+0200: 71.775: [ParNew: 613440K->48275K(613440K), 0.0193426 secs] 631178K->66013K(2029056K), 0.0194354 secs] [Times: user=0.22 sys=0.00, real=0.02 secs] 
2020-09-29T18:15:58.619+0200: 71.844: [GC (Allocation Failure) 2020-09-29T18:15:58.619+0200: 71.844: [ParNew: 593619K->42536K(613440K), 0.0180594 secs] 611357K->60275K(2029056K), 0.0181335 secs] [Times: user=0.13 sys=0.00, real=0.02 secs] 
2020-09-29T18:15:58.687+0200: 71.912: [GC (Allocation Failure) 2020-09-29T18:15:58.687+0200: 71.912: [ParNew: 587880K->41181K(613440K), 0.0163305 secs] 605619K->58919K(2029056K), 0.0163986 secs] [Times: user=0.13 sys=0.00, real=0.02 secs] 
2020-09-29T18:15:58.750+0200: 71.976: [GC (Allocation Failure) 2020-09-29T18:15:58.750+0200: 71.976: [ParNew: 586525K->54982K(613440K), 0.0210374 secs] 604263K->72720K(2029056K), 0.0211249 secs] [Times: user=0.25 sys=0.00, real=0.02 secs] 
2020-09-29T18:15:58.820+0200: 72.046: [GC (Allocation Failure) 2020-09-29T18:15:58.821+0200: 72.046: [ParNew: 600326K->40535K(613440K), 0.0134041 secs] 618064K->58273K(2029056K), 0.0134845 secs] [Times: user=0.13 sys=0.00, real=0.01 secs] 
2020-09-29T18:15:58.897+0200: 72.122: [GC (Allocation Failure) 2020-09-29T18:15:58.897+0200: 72.122: [ParNew: 585879K->39836K(613440K), 0.0194575 secs] 603617K->57575K(2029056K), 0.0195257 secs] [Times: user=0.13 sys=0.00, real=0.02 secs] 
2020-09-29T18:15:58.964+0200: 72.189: [GC (Allocation Failure) 2020-09-29T18:15:58.964+0200: 72.189: [ParNew: 585180K->51745K(613440K), 0.0196341 secs] 602919K->69484K(2029056K), 0.0197235 secs] [Times: user=0.13 sys=0.00, real=0.02 secs] 
2020-09-29T18:15:59.036+0200: 72.262: [GC (Allocation Failure) 2020-09-29T18:15:59.036+0200: 72.262: [ParNew: 597089K->40775K(613440K), 0.0193734 secs] 614828K->58514K(2029056K), 0.0194278 secs] [Times: user=0.13 sys=0.00, real=0.02 secs] 
2020-09-29T18:15:59.103+0200: 72.328: [GC (Allocation Failure) 2020-09-29T18:15:59.103+0200: 72.328: [ParNew: 586119K->32333K(613440K), 0.0105404 secs] 603858K->50071K(2029056K), 0.0105970 secs] [Times: user=0.00 sys=0.00, real=0.01 secs] 
2020-09-29T18:15:59.168+0200: 72.393: [GC (Allocation Failure) 2020-09-29T18:15:59.168+0200: 72.393: [ParNew: 577677K->30617K(613440K), 0.0175210 secs] 595415K->48356K(2029056K), 0.0175994 secs] [Times: user=0.13 sys=0.00, real=0.02 secs] 
2020-09-29T18:15:59.237+0200: 72.462: [GC (Allocation Failure) 2020-09-29T18:15:59.237+0200: 72.462: [ParNew: 575961K->49416K(613440K), 0.0212313 secs] 593700K->67154K(2029056K), 0.0212962 secs] [Times: user=0.25 sys=0.00, real=0.02 secs] 
2020-09-29T18:15:59.306+0200: 72.531: [GC (Allocation Failure) 2020-09-29T18:15:59.306+0200: 72.531: [ParNew: 594760K->37642K(613440K), 0.0134275 secs] 612498K->55380K(2029056K), 0.0134855 secs] [Times: user=0.13 sys=0.00, real=0.01 secs] 
2020-09-29T18:15:59.369+0200: 72.595: [GC (Allocation Failure) 2020-09-29T18:15:59.369+0200: 72.595: [ParNew: 582986K->39511K(613440K), 0.0182439 secs] 600724K->57250K(2029056K), 0.0183043 secs] [Times: user=0.13 sys=0.00, real=0.02 secs] 
2020-09-29T18:15:59.441+0200: 72.666: [GC (Allocation Failure) 2020-09-29T18:15:59.441+0200: 72.666: [ParNew: 584855K->42126K(613440K), 0.0178304 secs] 602594K->59864K(2029056K), 0.0178892 secs] [Times: user=0.25 sys=0.00, real=0.02 secs] 
2020-09-29T18:15:59.506+0200: 72.732: [GC (Allocation Failure) 2020-09-29T18:15:59.506+0200: 72.732: [ParNew: 587470K->33558K(613440K), 0.0180665 secs] 605208K->51296K(2029056K), 0.0181239 secs] [Times: user=0.13 sys=0.00, real=0.02 secs] 
2020-09-29T18:15:59.576+0200: 72.802: [GC (Allocation Failure) 2020-09-29T18:15:59.576+0200: 72.802: [ParNew: 578902K->38212K(613440K), 0.0162389 secs] 596640K->55950K(2029056K), 0.0163007 secs] [Times: user=0.11 sys=0.00, real=0.02 secs] 
2020-09-29T18:15:59.644+0200: 72.869: [GC (Allocation Failure) 2020-09-29T18:15:59.644+0200: 72.869: [ParNew: 583556K->61702K(613440K), 0.0271786 secs] 601294K->79441K(2029056K), 0.0272696 secs] [Times: user=0.23 sys=0.00, real=0.03 secs] 
2020-09-29T18:15:59.720+0200: 72.946: [GC (Allocation Failure) 2020-09-29T18:15:59.720+0200: 72.946: [ParNew: 607046K->54380K(613440K), 0.0203258 secs] 624785K->72118K(2029056K), 0.0203984 secs] [Times: user=0.25 sys=0.00, real=0.02 secs] 
2020-09-29T18:15:59.793+0200: 73.018: [GC (Allocation Failure) 2020-09-29T18:15:59.793+0200: 73.018: [ParNew: 599724K->39146K(613440K), 0.0129956 secs] 617462K->56884K(2029056K), 0.0130533 secs] [Times: user=0.13 sys=0.00, real=0.01 secs] 
2020-09-29T18:15:59.858+0200: 73.084: [GC (Allocation Failure) 2020-09-29T18:15:59.858+0200: 73.084: [ParNew: 584490K->51962K(613440K), 0.0230071 secs] 602228K->69700K(2029056K), 0.0230767 secs] [Times: user=0.25 sys=0.00, real=0.02 secs] 
2020-09-29T18:15:59.931+0200: 73.156: [GC (Allocation Failure) 2020-09-29T18:15:59.931+0200: 73.156: [ParNew: 597306K->41216K(613440K), 0.0165951 secs] 615044K->58955K(2029056K), 0.0166655 secs] [Times: user=0.13 sys=0.00, real=0.02 secs] 
2020-09-29T18:15:59.996+0200: 73.222: [GC (Allocation Failure) 2020-09-29T18:15:59.996+0200: 73.222: [ParNew: 586560K->55779K(613440K), 0.0201884 secs] 604299K->73518K(2029056K), 0.0202613 secs] [Times: user=0.13 sys=0.00, real=0.02 secs] 
2020-09-29T18:16:00.066+0200: 73.292: [GC (Allocation Failure) 2020-09-29T18:16:00.066+0200: 73.292: [ParNew: 601123K->46149K(613440K), 0.0204560 secs] 618862K->63888K(2029056K), 0.0205194 secs] [Times: user=0.19 sys=0.01, real=0.02 secs] 
2020-09-29T18:16:00.134+0200: 73.359: [GC (Allocation Failure) 2020-09-29T18:16:00.134+0200: 73.359: [ParNew: 591493K->46980K(613440K), 0.0204460 secs] 609232K->64719K(2029056K), 0.0205046 secs] [Times: user=0.13 sys=0.00, real=0.02 secs] 
2020-09-29T18:16:00.204+0200: 73.429: [GC (Allocation Failure) 2020-09-29T18:16:00.204+0200: 73.429: [ParNew: 592324K->45747K(613440K), 0.0204016 secs] 610063K->63485K(2029056K), 0.0204693 secs] [Times: user=0.24 sys=0.00, real=0.02 secs] 
2020-09-29T18:16:00.275+0200: 73.500: [GC (Allocation Failure) 2020-09-29T18:16:00.275+0200: 73.500: [ParNew: 591091K->66865K(613440K), 0.0249658 secs] 608829K->84603K(2029056K), 0.0250617 secs] [Times: user=0.13 sys=0.00, real=0.02 secs] 
2020-09-29T18:16:00.347+0200: 73.573: [GC (Allocation Failure) 2020-09-29T18:16:00.347+0200: 73.573: [ParNew: 612209K->54660K(613440K), 0.0233885 secs] 629947K->72398K(2029056K), 0.0234524 secs] [Times: user=0.25 sys=0.00, real=0.02 secs] 
2020-09-29T18:16:00.417+0200: 73.643: [GC (Allocation Failure) 2020-09-29T18:16:00.417+0200: 73.643: [ParNew: 600004K->52808K(613440K), 0.0218900 secs] 617742K->70546K(2029056K), 0.0219472 secs] [Times: user=0.13 sys=0.00, real=0.02 secs] 
2020-09-29T18:16:00.487+0200: 73.712: [GC (Allocation Failure) 2020-09-29T18:16:00.487+0200: 73.712: [ParNew: 598152K->52879K(613440K), 0.0222829 secs] 615890K->70618K(2029056K), 0.0223458 secs] [Times: user=0.25 sys=0.00, real=0.02 secs] 
2020-09-29T18:16:00.556+0200: 73.781: [GC (Allocation Failure) 2020-09-29T18:16:00.556+0200: 73.781: [ParNew: 598223K->49811K(613440K), 0.0211151 secs] 615962K->67549K(2029056K), 0.0211800 secs] [Times: user=0.13 sys=0.00, real=0.02 secs] 
2020-09-29T18:16:00.626+0200: 73.851: [GC (Allocation Failure) 2020-09-29T18:16:00.626+0200: 73.851: [ParNew: 595155K->46740K(613440K), 0.0220683 secs] 612893K->64478K(2029056K), 0.0221324 secs] [Times: user=0.23 sys=0.00, real=0.02 secs] 
2020-09-29T18:16:00.700+0200: 73.925: [GC (Allocation Failure) 2020-09-29T18:16:00.700+0200: 73.925: [ParNew: 592084K->40578K(613440K), 0.0135915 secs] 609822K->58316K(2029056K), 0.0136432 secs] [Times: user=0.13 sys=0.00, real=0.01 secs] 
2020-09-29T18:16:00.765+0200: 73.991: [GC (Allocation Failure) 2020-09-29T18:16:00.765+0200: 73.991: [ParNew: 585922K->26123K(613440K), 0.0128474 secs] 603660K->43861K(2029056K), 0.0129183 secs] [Times: user=0.13 sys=0.00, real=0.01 secs] 
2020-09-29T18:16:00.830+0200: 74.055: [GC (Allocation Failure) 2020-09-29T18:16:00.830+0200: 74.055: [ParNew: 571467K->40381K(613440K), 0.0192406 secs] 589205K->58120K(2029056K), 0.0193171 secs] [Times: user=0.25 sys=0.00, real=0.02 secs] 
2020-09-29T18:16:00.896+0200: 74.121: [GC (Allocation Failure) 2020-09-29T18:16:00.896+0200: 74.121: [ParNew: 585725K->34732K(613440K), 0.0100430 secs] 603464K->52470K(2029056K), 0.0100973 secs] [Times: user=0.00 sys=0.00, real=0.01 secs] 
2020-09-29T18:16:00.962+0200: 74.188: [GC (Allocation Failure) 2020-09-29T18:16:00.962+0200: 74.188: [ParNew: 580076K->45279K(613440K), 0.0217837 secs] 597814K->63017K(2029056K), 0.0218577 secs] [Times: user=0.13 sys=0.00, real=0.02 secs] 
2020-09-29T18:16:01.032+0200: 74.257: [GC (Allocation Failure) 2020-09-29T18:16:01.032+0200: 74.257: [ParNew: 590623K->34893K(613440K), 0.0153214 secs] 608361K->52631K(2029056K), 0.0153938 secs] [Times: user=0.13 sys=0.00, real=0.01 secs] 
2020-09-29T18:16:01.098+0200: 74.323: [GC (Allocation Failure) 2020-09-29T18:16:01.098+0200: 74.323: [ParNew: 580237K->52634K(613440K), 0.0200030 secs] 597975K->70372K(2029056K), 0.0200696 secs] [Times: user=0.13 sys=0.00, real=0.02 secs] 
2020-09-29T18:16:01.168+0200: 74.394: [GC (Allocation Failure) 2020-09-29T18:16:01.168+0200: 74.394: [ParNew: 597978K->67365K(613440K), 0.0244070 secs] 615716K->85103K(2029056K), 0.0244661 secs] [Times: user=0.25 sys=0.00, real=0.03 secs] 
2020-09-29T18:16:01.240+0200: 74.465: [GC (Allocation Failure) 2020-09-29T18:16:01.240+0200: 74.465: [ParNew: 612709K->68096K(613440K), 0.0236423 secs] 630447K->85834K(2029056K), 0.0236964 secs] [Times: user=0.13 sys=0.00, real=0.02 secs] 
2020-09-29T18:16:01.311+0200: 74.536: [GC (Allocation Failure) 2020-09-29T18:16:01.311+0200: 74.536: [ParNew: 613440K->50254K(613440K), 0.0184102 secs] 631178K->67992K(2029056K), 0.0184851 secs] [Times: user=0.13 sys=0.00, real=0.02 secs] 
2020-09-29T18:16:01.376+0200: 74.601: [GC (Allocation Failure) 2020-09-29T18:16:01.376+0200: 74.601: [ParNew: 595598K->43590K(613440K), 0.0161153 secs] 613336K->61329K(2029056K), 0.0161801 secs] [Times: user=0.13 sys=0.00, real=0.02 secs] 
2020-09-29T18:16:01.439+0200: 74.664: [GC (Allocation Failure) 2020-09-29T18:16:01.439+0200: 74.664: [ParNew: 588934K->60725K(613440K), 0.0217585 secs] 606673K->78463K(2029056K), 0.0218243 secs] [Times: user=0.25 sys=0.00, real=0.02 secs] 
2020-09-29T18:16:01.510+0200: 74.735: [GC (Allocation Failure) 2020-09-29T18:16:01.510+0200: 74.735: [ParNew: 606069K->41685K(613440K), 0.0167908 secs] 623807K->59423K(2029056K), 0.0168512 secs] [Times: user=0.13 sys=0.00, real=0.02 secs] 
2020-09-29T18:16:01.575+0200: 74.800: [GC (Allocation Failure) 2020-09-29T18:16:01.575+0200: 74.801: [ParNew: 587029K->52636K(613440K), 0.0225837 secs] 604767K->70374K(2029056K), 0.0226588 secs] [Times: user=0.22 sys=0.00, real=0.02 secs] 
2020-09-29T18:16:01.649+0200: 74.875: [GC (Allocation Failure) 2020-09-29T18:16:01.649+0200: 74.875: [ParNew: 597980K->48114K(613440K), 0.0218951 secs] 615718K->65853K(2029056K), 0.0219777 secs] [Times: user=0.13 sys=0.00, real=0.02 secs] 
2020-09-29T18:16:01.723+0200: 74.948: [GC (Allocation Failure) 2020-09-29T18:16:01.723+0200: 74.948: [ParNew: 593458K->47256K(613440K), 0.0205304 secs] 611197K->64994K(2029056K), 0.0206067 secs] [Times: user=0.13 sys=0.00, real=0.02 secs] 
2020-09-29T18:16:01.796+0200: 75.022: [GC (Allocation Failure) 2020-09-29T18:16:01.796+0200: 75.022: [ParNew: 592600K->43580K(613440K), 0.0191880 secs] 610338K->61318K(2029056K), 0.0192520 secs] [Times: user=0.13 sys=0.00, real=0.02 secs] 
2020-09-29T18:16:01.864+0200: 75.090: [GC (Allocation Failure) 2020-09-29T18:16:01.864+0200: 75.090: [ParNew: 588924K->34703K(613440K), 0.0105323 secs] 606662K->52441K(2029056K), 0.0105877 secs] [Times: user=0.00 sys=0.00, real=0.01 secs] 
2020-09-29T18:16:01.926+0200: 75.152: [GC (Allocation Failure) 2020-09-29T18:16:01.926+0200: 75.152: [ParNew: 580047K->50027K(613440K), 0.0216604 secs] 597785K->67765K(2029056K), 0.0217186 secs] [Times: user=0.13 sys=0.00, real=0.02 secs] 
2020-09-29T18:16:01.996+0200: 75.221: [GC (Allocation Failure) 2020-09-29T18:16:01.996+0200: 75.221: [ParNew: 595371K->60845K(613440K), 0.0213715 secs] 613109K->78583K(2029056K), 0.0214348 secs] [Times: user=0.13 sys=0.00, real=0.02 secs] 
2020-09-29T18:16:02.067+0200: 75.292: [GC (Allocation Failure) 2020-09-29T18:16:02.067+0200: 75.292: [ParNew: 606189K->43311K(613440K), 0.0145947 secs] 623927K->61050K(2029056K), 0.0146490 secs] [Times: user=0.00 sys=0.00, real=0.01 secs] 
2020-09-29T18:16:02.130+0200: 75.356: [GC (Allocation Failure) 2020-09-29T18:16:02.130+0200: 75.356: [ParNew: 588655K->56646K(613440K), 0.0257846 secs] 606394K->74384K(2029056K), 0.0258519 secs] [Times: user=0.13 sys=0.00, real=0.03 secs] 
2020-09-29T18:16:02.203+0200: 75.428: [GC (Allocation Failure) 2020-09-29T18:16:02.203+0200: 75.428: [ParNew: 601990K->49446K(613440K), 0.0195459 secs] 619728K->67185K(2029056K), 0.0196114 secs] [Times: user=0.13 sys=0.00, real=0.02 secs] 
2020-09-29T18:16:02.270+0200: 75.496: [GC (Allocation Failure) 2020-09-29T18:16:02.270+0200: 75.496: [ParNew: 594790K->42788K(613440K), 0.0174493 secs] 612529K->60526K(2029056K), 0.0175118 secs] [Times: user=0.13 sys=0.00, real=0.02 secs] 
2020-09-29T18:16:02.341+0200: 75.567: [GC (Allocation Failure) 2020-09-29T18:16:02.341+0200: 75.567: [ParNew: 588132K->40237K(613440K), 0.0177983 secs] 605870K->57976K(2029056K), 0.0178629 secs] [Times: user=0.13 sys=0.00, real=0.02 secs] 
2020-09-29T18:16:02.407+0200: 75.632: [GC (Allocation Failure) 2020-09-29T18:16:02.407+0200: 75.632: [ParNew: 585581K->61648K(613440K), 0.0221362 secs] 603320K->79386K(2029056K), 0.0221917 secs] [Times: user=0.25 sys=0.00, real=0.02 secs] 
2020-09-29T18:16:02.478+0200: 75.704: [GC (Allocation Failure) 2020-09-29T18:16:02.479+0200: 75.704: [ParNew: 606992K->68096K(613440K), 0.0270295 secs] 624730K->86624K(2029056K), 0.0270895 secs] [Times: user=0.25 sys=0.00, real=0.03 secs] 
2020-09-29T18:16:02.553+0200: 75.778: [GC (Allocation Failure) 2020-09-29T18:16:02.553+0200: 75.778: [ParNew: 613440K->59846K(613440K), 0.0211885 secs] 631968K->78374K(2029056K), 0.0212613 secs] [Times: user=0.13 sys=0.00, real=0.02 secs] 
2020-09-29T18:16:02.622+0200: 75.848: [GC (Allocation Failure) 2020-09-29T18:16:02.622+0200: 75.848: [ParNew: 605190K->38860K(613440K), 0.0155445 secs] 623718K->57388K(2029056K), 0.0156035 secs] [Times: user=0.13 sys=0.00, real=0.02 secs] 
2020-09-29T18:16:02.690+0200: 75.915: [GC (Allocation Failure) 2020-09-29T18:16:02.690+0200: 75.915: [ParNew: 584204K->54590K(613440K), 0.0201627 secs] 602732K->73119K(2029056K), 0.0202448 secs] [Times: user=0.25 sys=0.00, real=0.02 secs] 
2020-09-29T18:16:02.758+0200: 75.984: [GC (Allocation Failure) 2020-09-29T18:16:02.758+0200: 75.984: [ParNew: 599934K->39535K(613440K), 0.0185732 secs] 618463K->58063K(2029056K), 0.0186422 secs] [Times: user=0.13 sys=0.00, real=0.02 secs] 
2020-09-29T18:16:02.827+0200: 76.052: [GC (Allocation Failure) 2020-09-29T18:16:02.827+0200: 76.052: [ParNew: 584879K->36218K(613440K), 0.0183276 secs] 603407K->54747K(2029056K), 0.0184327 secs] [Times: user=0.13 sys=0.00, real=0.02 secs] 
2020-09-29T18:16:02.891+0200: 76.117: [GC (Allocation Failure) 2020-09-29T18:16:02.891+0200: 76.117: [ParNew: 581562K->39744K(613440K), 0.0153782 secs] 600091K->58272K(2029056K), 0.0154334 secs] [Times: user=0.13 sys=0.00, real=0.02 secs] 
2020-09-29T18:16:02.963+0200: 76.188: [GC (Allocation Failure) 2020-09-29T18:16:02.963+0200: 76.188: [ParNew: 585088K->33780K(613440K), 0.0149099 secs] 603616K->52309K(2029056K), 0.0149791 secs] [Times: user=0.13 sys=0.00, real=0.01 secs] 
2020-09-29T18:16:03.028+0200: 76.254: [GC (Allocation Failure) 2020-09-29T18:16:03.028+0200: 76.254: [ParNew: 579124K->23059K(613440K), 0.0074551 secs] 597653K->41587K(2029056K), 0.0075089 secs] [Times: user=0.00 sys=0.00, real=0.01 secs] 
2020-09-29T18:16:03.084+0200: 76.310: [GC (Allocation Failure) 2020-09-29T18:16:03.084+0200: 76.310: [ParNew: 568403K->34677K(613440K), 0.0190622 secs] 586931K->53206K(2029056K), 0.0191169 secs] [Times: user=0.13 sys=0.00, real=0.02 secs] 
2020-09-29T18:16:03.150+0200: 76.376: [GC (Allocation Failure) 2020-09-29T18:16:03.150+0200: 76.376: [ParNew: 580021K->41104K(613440K), 0.0182685 secs] 598550K->59633K(2029056K), 0.0183310 secs] [Times: user=0.13 sys=0.00, real=0.02 secs] 
2020-09-29T18:16:03.216+0200: 76.442: [GC (Allocation Failure) 2020-09-29T18:16:03.216+0200: 76.442: [ParNew: 586448K->33062K(613440K), 0.0169390 secs] 604977K->51591K(2029056K), 0.0169988 secs] [Times: user=0.13 sys=0.00, real=0.02 secs] 
2020-09-29T18:16:03.280+0200: 76.505: [GC (Allocation Failure) 2020-09-29T18:16:03.280+0200: 76.505: [ParNew: 578406K->31309K(613440K), 0.0148993 secs] 596935K->49838K(2029056K), 0.0149562 secs] [Times: user=0.13 sys=0.00, real=0.02 secs] 
2020-09-29T18:16:03.344+0200: 76.570: [GC (Allocation Failure) 2020-09-29T18:16:03.344+0200: 76.570: [ParNew: 576653K->53069K(613440K), 0.0202357 secs] 595182K->71597K(2029056K), 0.0202993 secs] [Times: user=0.25 sys=0.00, real=0.02 secs] 
2020-09-29T18:16:03.412+0200: 76.638: [GC (Allocation Failure) 2020-09-29T18:16:03.412+0200: 76.638: [ParNew: 598413K->37828K(613440K), 0.0172288 secs] 616941K->56357K(2029056K), 0.0172970 secs] [Times: user=0.13 sys=0.00, real=0.02 secs] 
2020-09-29T18:16:03.484+0200: 76.710: [GC (Allocation Failure) 2020-09-29T18:16:03.484+0200: 76.710: [ParNew: 583172K->62965K(613440K), 0.0237542 secs] 601701K->81493K(2029056K), 0.0238195 secs] [Times: user=0.23 sys=0.00, real=0.02 secs] 
2020-09-29T18:16:03.557+0200: 76.782: [GC (Allocation Failure) 2020-09-29T18:16:03.557+0200: 76.782: [ParNew: 608309K->52716K(613440K), 0.0226963 secs] 626837K->71245K(2029056K), 0.0228053 secs] [Times: user=0.13 sys=0.00, real=0.02 secs] 
2020-09-29T18:16:03.628+0200: 76.853: [GC (Allocation Failure) 2020-09-29T18:16:03.628+0200: 76.853: [ParNew: 598060K->46798K(613440K), 0.0167918 secs] 616589K->65327K(2029056K), 0.0168681 secs] [Times: user=0.11 sys=0.02, real=0.02 secs] 
2020-09-29T18:16:03.699+0200: 76.925: [GC (Allocation Failure) 2020-09-29T18:16:03.699+0200: 76.925: [ParNew: 592142K->46279K(613440K), 0.0211165 secs] 610671K->64807K(2029056K), 0.0211735 secs] [Times: user=0.13 sys=0.00, real=0.02 secs] 
2020-09-29T18:16:03.772+0200: 76.998: [GC (Allocation Failure) 2020-09-29T18:16:03.772+0200: 76.998: [ParNew: 591623K->68096K(613440K), 0.0267588 secs] 610151K->86640K(2029056K), 0.0268246 secs] [Times: user=0.13 sys=0.00, real=0.03 secs] 
2020-09-29T18:16:03.846+0200: 77.072: [GC (Allocation Failure) 2020-09-29T18:16:03.846+0200: 77.072: [ParNew: 613440K->57224K(613440K), 0.0211232 secs] 631984K->75769K(2029056K), 0.0212044 secs] [Times: user=0.25 sys=0.00, real=0.02 secs] 
2020-09-29T18:16:03.919+0200: 77.145: [GC (Allocation Failure) 2020-09-29T18:16:03.919+0200: 77.145: [ParNew: 602568K->40695K(613440K), 0.0153516 secs] 621113K->59239K(2029056K), 0.0154182 secs] [Times: user=0.13 sys=0.00, real=0.02 secs] 
2020-09-29T18:16:03.981+0200: 77.207: [GC (Allocation Failure) 2020-09-29T18:16:03.981+0200: 77.207: [ParNew: 586039K->42207K(613440K), 0.0174711 secs] 604583K->60751K(2029056K), 0.0175306 secs] [Times: user=0.13 sys=0.00, real=0.02 secs] 
2020-09-29T18:16:04.045+0200: 77.270: [GC (Allocation Failure) 2020-09-29T18:16:04.045+0200: 77.271: [ParNew: 586343K->26585K(613440K), 0.0103156 secs] 604887K->45129K(2029056K), 0.0103702 secs] [Times: user=0.13 sys=0.00, real=0.01 secs] 
2020-09-29T18:16:04.103+0200: 77.329: [GC (Allocation Failure) 2020-09-29T18:16:04.103+0200: 77.329: [ParNew: 571929K->45614K(613440K), 0.0200791 secs] 590473K->64158K(2029056K), 0.0201436 secs] [Times: user=0.13 sys=0.00, real=0.02 secs] 
2020-09-29T18:16:04.173+0200: 77.399: [GC (Allocation Failure) 2020-09-29T18:16:04.173+0200: 77.399: [ParNew: 590958K->60839K(613440K), 0.0246231 secs] 609502K->79383K(2029056K), 0.0246839 secs] [Times: user=0.25 sys=0.00, real=0.02 secs] 
2020-09-29T18:16:04.245+0200: 77.471: [GC (Allocation Failure) 2020-09-29T18:16:04.245+0200: 77.471: [ParNew: 606183K->51142K(613440K), 0.0193496 secs] 624727K->69687K(2029056K), 0.0194070 secs] [Times: user=0.13 sys=0.00, real=0.02 secs] 
2020-09-29T18:16:04.313+0200: 77.539: [GC (Allocation Failure) 2020-09-29T18:16:04.313+0200: 77.539: [ParNew: 596486K->42530K(613440K), 0.0183674 secs] 615031K->61074K(2029056K), 0.0184433 secs] [Times: user=0.13 sys=0.00, real=0.02 secs] 
2020-09-29T18:16:04.381+0200: 77.607: [GC (Allocation Failure) 2020-09-29T18:16:04.381+0200: 77.607: [ParNew: 587874K->64917K(613440K), 0.0239264 secs] 606418K->83461K(2029056K), 0.0239947 secs] [Times: user=0.13 sys=0.00, real=0.02 secs] 
2020-09-29T18:16:04.452+0200: 77.678: [GC (Allocation Failure) 2020-09-29T18:16:04.452+0200: 77.678: [ParNew: 610261K->53189K(613440K), 0.0222792 secs] 628805K->71733K(2029056K), 0.0223383 secs] [Times: user=0.25 sys=0.00, real=0.02 secs] 
2020-09-29T18:16:04.524+0200: 77.750: [GC (Allocation Failure) 2020-09-29T18:16:04.524+0200: 77.750: [ParNew: 598533K->44607K(613440K), 0.0169183 secs] 617077K->63151K(2029056K), 0.0169712 secs] [Times: user=0.13 sys=0.00, real=0.02 secs] 
2020-09-29T18:16:04.594+0200: 77.819: [GC (Allocation Failure) 2020-09-29T18:16:04.594+0200: 77.819: [ParNew: 589951K->46219K(613440K), 0.0214689 secs] 608495K->64763K(2029056K), 0.0215277 secs] [Times: user=0.23 sys=0.00, real=0.02 secs] 
2020-09-29T18:16:04.665+0200: 77.890: [GC (Allocation Failure) 2020-09-29T18:16:04.665+0200: 77.891: [ParNew: 591563K->36451K(613440K), 0.0147865 secs] 610107K->54995K(2029056K), 0.0148458 secs] [Times: user=0.13 sys=0.00, real=0.01 secs] 
2020-09-29T18:16:04.726+0200: 77.952: [GC (Allocation Failure) 2020-09-29T18:16:04.726+0200: 77.952: [ParNew: 581795K->38137K(613440K), 0.0195517 secs] 600339K->56682K(2029056K), 0.0196191 secs] [Times: user=0.13 sys=0.00, real=0.02 secs] 
2020-09-29T18:16:04.794+0200: 78.020: [GC (Allocation Failure) 2020-09-29T18:16:04.794+0200: 78.020: [ParNew: 581920K->32405K(613440K), 0.0112778 secs] 600464K->50950K(2029056K), 0.0113368 secs] [Times: user=0.13 sys=0.00, real=0.01 secs] 
2020-09-29T18:16:04.853+0200: 78.079: [GC (Allocation Failure) 2020-09-29T18:16:04.853+0200: 78.079: [ParNew: 577749K->14951K(613440K), 0.0106232 secs] 596294K->33495K(2029056K), 0.0106784 secs] [Times: user=0.00 sys=0.00, real=0.01 secs] 
2020-09-29T18:16:04.917+0200: 78.143: [GC (Allocation Failure) 2020-09-29T18:16:04.917+0200: 78.143: [ParNew: 560295K->60537K(613440K), 0.0254916 secs] 578839K->79081K(2029056K), 0.0255489 secs] [Times: user=0.25 sys=0.00, real=0.03 secs] 
2020-09-29T18:16:04.990+0200: 78.216: [GC (Allocation Failure) 2020-09-29T18:16:04.990+0200: 78.216: [ParNew: 605881K->41331K(613440K), 0.0133721 secs] 624425K->59875K(2029056K), 0.0134279 secs] [Times: user=0.13 sys=0.00, real=0.01 secs] 
2020-09-29T18:16:05.056+0200: 78.282: [GC (Allocation Failure) 2020-09-29T18:16:05.056+0200: 78.282: [ParNew: 586675K->23598K(613440K), 0.0127653 secs] 605219K->42142K(2029056K), 0.0128193 secs] [Times: user=0.13 sys=0.00, real=0.01 secs] 
2020-09-29T18:16:05.118+0200: 78.344: [GC (Allocation Failure) 2020-09-29T18:16:05.118+0200: 78.344: [ParNew: 568942K->43137K(613440K), 0.0177804 secs] 587486K->61681K(2029056K), 0.0179295 secs] [Times: user=0.13 sys=0.00, real=0.02 secs] 
2020-09-29T18:16:05.184+0200: 78.410: [GC (Allocation Failure) 2020-09-29T18:16:05.184+0200: 78.410: [ParNew: 588481K->57618K(613440K), 0.0221249 secs] 607025K->76162K(2029056K), 0.0221851 secs] [Times: user=0.13 sys=0.00, real=0.02 secs] 
2020-09-29T18:16:05.253+0200: 78.479: [GC (Allocation Failure) 2020-09-29T18:16:05.253+0200: 78.479: [ParNew: 602962K->48222K(613440K), 0.0213827 secs] 621506K->66767K(2029056K), 0.0214417 secs] [Times: user=0.25 sys=0.00, real=0.02 secs] 
2020-09-29T18:16:05.322+0200: 78.548: [GC (Allocation Failure) 2020-09-29T18:16:05.322+0200: 78.548: [ParNew: 593566K->43242K(613440K), 0.0145128 secs] 612111K->61786K(2029056K), 0.0145684 secs] [Times: user=0.13 sys=0.00, real=0.01 secs] 
2020-09-29T18:16:05.395+0200: 78.621: [GC (Allocation Failure) 2020-09-29T18:16:05.395+0200: 78.621: [ParNew: 588586K->41599K(613440K), 0.0206164 secs] 607130K->60143K(2029056K), 0.0206982 secs] [Times: user=0.13 sys=0.00, real=0.02 secs] 
2020-09-29T18:16:05.462+0200: 78.688: [GC (Allocation Failure) 2020-09-29T18:16:05.463+0200: 78.688: [ParNew: 586943K->65472K(613440K), 0.0254752 secs] 605487K->84016K(2029056K), 0.0255537 secs] [Times: user=0.13 sys=0.00, real=0.03 secs] 
2020-09-29T18:16:05.535+0200: 78.761: [GC (Allocation Failure) 2020-09-29T18:16:05.535+0200: 78.761: [ParNew: 610816K->57573K(613440K), 0.0176577 secs] 629360K->76118K(2029056K), 0.0177173 secs] [Times: user=0.13 sys=0.00, real=0.02 secs] 
2020-09-29T18:16:05.601+0200: 78.827: [GC (Allocation Failure) 2020-09-29T18:16:05.601+0200: 78.827: [ParNew: 602917K->37378K(613440K), 0.0170947 secs] 621462K->55922K(2029056K), 0.0171524 secs] [Times: user=0.13 sys=0.00, real=0.02 secs] 
2020-09-29T18:16:05.670+0200: 78.896: [GC (Allocation Failure) 2020-09-29T18:16:05.670+0200: 78.896: [ParNew: 582722K->30434K(613440K), 0.0169314 secs] 601266K->48978K(2029056K), 0.0170001 secs] [Times: user=0.13 sys=0.00, real=0.02 secs] 
2020-09-29T18:16:05.736+0200: 78.962: [GC (Allocation Failure) 2020-09-29T18:16:05.736+0200: 78.962: [ParNew: 575778K->56426K(613440K), 0.0200024 secs] 594322K->74970K(2029056K), 0.0200657 secs] [Times: user=0.23 sys=0.00, real=0.02 secs] 
2020-09-29T18:16:05.806+0200: 79.032: [GC (Allocation Failure) 2020-09-29T18:16:05.806+0200: 79.032: [ParNew: 601770K->44654K(613440K), 0.0198096 secs] 620314K->63198K(2029056K), 0.0198900 secs] [Times: user=0.13 sys=0.00, real=0.02 secs] 
2020-09-29T18:16:05.875+0200: 79.101: [GC (Allocation Failure) 2020-09-29T18:16:05.875+0200: 79.101: [ParNew: 589998K->43812K(613440K), 0.0194791 secs] 608542K->62356K(2029056K), 0.0195389 secs] [Times: user=0.25 sys=0.00, real=0.02 secs] 
2020-09-29T18:16:05.944+0200: 79.170: [GC (Allocation Failure) 2020-09-29T18:16:05.944+0200: 79.170: [ParNew: 589156K->42887K(613440K), 0.0177921 secs] 607700K->61432K(2029056K), 0.0178640 secs] [Times: user=0.13 sys=0.00, real=0.02 secs] 
2020-09-29T18:16:06.012+0200: 79.238: [GC (Allocation Failure) 2020-09-29T18:16:06.012+0200: 79.238: [ParNew: 588231K->42469K(613440K), 0.0172100 secs] 606776K->61013K(2029056K), 0.0172961 secs] [Times: user=0.13 sys=0.00, real=0.02 secs] 
2020-09-29T18:16:06.077+0200: 79.303: [GC (Allocation Failure) 2020-09-29T18:16:06.077+0200: 79.303: [ParNew: 587813K->63525K(613440K), 0.0222480 secs] 606357K->82069K(2029056K), 0.0223192 secs] [Times: user=0.25 sys=0.00, real=0.02 secs] 
2020-09-29T18:16:06.146+0200: 79.372: [GC (Allocation Failure) 2020-09-29T18:16:06.146+0200: 79.372: [ParNew: 608869K->40261K(613440K), 0.0164710 secs] 627413K->58806K(2029056K), 0.0246158 secs] [Times: user=0.13 sys=0.00, real=0.03 secs] 
2020-09-29T18:16:06.222+0200: 79.447: [GC (Allocation Failure) 2020-09-29T18:16:06.222+0200: 79.447: [ParNew: 585605K->33236K(613440K), 0.0150792 secs] 604150K->51780K(2029056K), 0.0151370 secs] [Times: user=0.13 sys=0.00, real=0.02 secs] 
2020-09-29T18:16:06.286+0200: 79.511: [GC (Allocation Failure) 2020-09-29T18:16:06.286+0200: 79.511: [ParNew: 578580K->33973K(613440K), 0.0134705 secs] 597124K->52517K(2029056K), 0.0135378 secs] [Times: user=0.00 sys=0.00, real=0.01 secs] 
2020-09-29T18:16:06.351+0200: 79.577: [GC (Allocation Failure) 2020-09-29T18:16:06.351+0200: 79.577: [ParNew: 579317K->48973K(613440K), 0.0199590 secs] 597861K->67517K(2029056K), 0.0200335 secs] [Times: user=0.13 sys=0.00, real=0.02 secs] 
2020-09-29T18:16:06.418+0200: 79.644: [GC (Allocation Failure) 2020-09-29T18:16:06.418+0200: 79.644: [ParNew: 594317K->61048K(613440K), 0.0245375 secs] 612861K->79592K(2029056K), 0.0245949 secs] [Times: user=0.25 sys=0.00, real=0.03 secs] 
2020-09-29T18:16:06.492+0200: 79.717: [GC (Allocation Failure) 2020-09-29T18:16:06.492+0200: 79.717: [ParNew: 606392K->52067K(613440K), 0.0175226 secs] 624936K->70611K(2029056K), 0.0175777 secs] [Times: user=0.13 sys=0.00, real=0.02 secs] 
2020-09-29T18:16:06.564+0200: 79.789: [GC (Allocation Failure) 2020-09-29T18:16:06.564+0200: 79.789: [ParNew: 597411K->47055K(613440K), 0.0237112 secs] 615955K->65600K(2029056K), 0.0237931 secs] [Times: user=0.25 sys=0.00, real=0.02 secs] 
2020-09-29T18:16:06.638+0200: 79.863: [GC (Allocation Failure) 2020-09-29T18:16:06.638+0200: 79.864: [ParNew: 592399K->45343K(613440K), 0.0181451 secs] 610944K->63887K(2029056K), 0.0182263 secs] [Times: user=0.11 sys=0.00, real=0.02 secs] 
2020-09-29T18:16:06.713+0200: 79.938: [GC (Allocation Failure) 2020-09-29T18:16:06.713+0200: 79.938: [ParNew: 590687K->67156K(613440K), 0.0330517 secs] 609231K->85701K(2029056K), 0.0331146 secs] [Times: user=0.22 sys=0.00, real=0.03 secs] 
2020-09-29T18:16:06.796+0200: 80.021: [GC (Allocation Failure) 2020-09-29T18:16:06.796+0200: 80.021: [ParNew: 612500K->51850K(613440K), 0.0207252 secs] 631045K->70394K(2029056K), 0.0207878 secs] [Times: user=0.22 sys=0.00, real=0.02 secs] 
2020-09-29T18:16:06.871+0200: 80.097: [GC (Allocation Failure) 2020-09-29T18:16:06.871+0200: 80.097: [ParNew: 597194K->45989K(613440K), 0.0200945 secs] 615738K->64534K(2029056K), 0.0201559 secs] [Times: user=0.13 sys=0.00, real=0.02 secs] 
2020-09-29T18:16:06.942+0200: 80.167: [GC (Allocation Failure) 2020-09-29T18:16:06.942+0200: 80.167: [ParNew: 591333K->40301K(613440K), 0.0196535 secs] 609878K->58846K(2029056K), 0.0197115 secs] [Times: user=0.13 sys=0.00, real=0.02 secs] 
2020-09-29T18:16:07.010+0200: 80.235: [GC (Allocation Failure) 2020-09-29T18:16:07.010+0200: 80.235: [ParNew: 585645K->39571K(613440K), 0.0182635 secs] 604190K->58116K(2029056K), 0.0183265 secs] [Times: user=0.13 sys=0.00, real=0.02 secs] 
2020-09-29T18:16:07.082+0200: 80.307: [GC (Allocation Failure) 2020-09-29T18:16:07.082+0200: 80.307: [ParNew: 584915K->38949K(613440K), 0.0161333 secs] 603460K->57493K(2029056K), 0.0162006 secs] [Times: user=0.11 sys=0.02, real=0.02 secs] 
2020-09-29T18:16:07.146+0200: 80.371: [GC (Allocation Failure) 2020-09-29T18:16:07.146+0200: 80.371: [ParNew: 584293K->57329K(613440K), 0.0213545 secs] 602837K->75873K(2029056K), 0.0214192 secs] [Times: user=0.13 sys=0.00, real=0.02 secs] 
2020-09-29T18:16:07.214+0200: 80.439: [GC (Allocation Failure) 2020-09-29T18:16:07.214+0200: 80.439: [ParNew: 602673K->46855K(613440K), 0.0196160 secs] 621217K->65399K(2029056K), 0.0196704 secs] [Times: user=0.13 sys=0.00, real=0.02 secs] 
2020-09-29T18:16:07.285+0200: 80.510: [GC (Allocation Failure) 2020-09-29T18:16:07.285+0200: 80.510: [ParNew: 592199K->43412K(613440K), 0.0202956 secs] 610743K->61956K(2029056K), 0.0203780 secs] [Times: user=0.25 sys=0.00, real=0.02 secs] 
2020-09-29T18:16:07.352+0200: 80.577: [GC (Allocation Failure) 2020-09-29T18:16:07.352+0200: 80.577: [ParNew: 588756K->41291K(613440K), 0.0188826 secs] 607300K->59835K(2029056K), 0.0189563 secs] [Times: user=0.13 sys=0.00, real=0.02 secs] 
2020-09-29T18:16:07.419+0200: 80.644: [GC (Allocation Failure) 2020-09-29T18:16:07.419+0200: 80.644: [ParNew: 586635K->65481K(613440K), 0.0232146 secs] 605179K->84025K(2029056K), 0.0232695 secs] [Times: user=0.25 sys=0.00, real=0.02 secs] 
2020-09-29T18:16:07.492+0200: 80.717: [GC (Allocation Failure) 2020-09-29T18:16:07.492+0200: 80.717: [ParNew: 610825K->53805K(613440K), 0.0216387 secs] 629369K->72349K(2029056K), 0.0217312 secs] [Times: user=0.13 sys=0.00, real=0.02 secs] 
2020-09-29T18:16:07.561+0200: 80.786: [GC (Allocation Failure) 2020-09-29T18:16:07.561+0200: 80.786: [ParNew: 599149K->42533K(613440K), 0.0152964 secs] 617693K->61078K(2029056K), 0.0153712 secs] [Times: user=0.13 sys=0.00, real=0.01 secs] 
2020-09-29T18:16:07.629+0200: 80.854: [GC (Allocation Failure) 2020-09-29T18:16:07.629+0200: 80.854: [ParNew: 587877K->44556K(613440K), 0.0208486 secs] 606422K->63100K(2029056K), 0.0209072 secs] [Times: user=0.23 sys=0.00, real=0.02 secs] 
2020-09-29T18:16:07.704+0200: 80.929: [GC (Allocation Failure) 2020-09-29T18:16:07.704+0200: 80.929: [ParNew: 589900K->39556K(613440K), 0.0131304 secs] 608444K->58100K(2029056K), 0.0131869 secs] [Times: user=0.13 sys=0.00, real=0.01 secs] 
2020-09-29T18:16:07.767+0200: 80.992: [GC (Allocation Failure) 2020-09-29T18:16:07.767+0200: 80.992: [ParNew: 584900K->58083K(613440K), 0.0261427 secs] 603444K->76628K(2029056K), 0.0262539 secs] [Times: user=0.25 sys=0.00, real=0.03 secs] 
2020-09-29T18:16:07.841+0200: 81.066: [GC (Allocation Failure) 2020-09-29T18:16:07.841+0200: 81.066: [ParNew: 603427K->44094K(613440K), 0.0197182 secs] 621972K->62638K(2029056K), 0.0197885 secs] [Times: user=0.13 sys=0.00, real=0.02 secs] 
2020-09-29T18:16:07.907+0200: 81.132: [GC (Allocation Failure) 2020-09-29T18:16:07.907+0200: 81.132: [ParNew: 589438K->66349K(613440K), 0.0241204 secs] 607982K->84893K(2029056K), 0.0241902 secs] [Times: user=0.25 sys=0.00, real=0.02 secs] 
2020-09-29T18:16:07.979+0200: 81.204: [GC (Allocation Failure) 2020-09-29T18:16:07.979+0200: 81.204: [ParNew: 611693K->41486K(613440K), 0.0094244 secs] 630237K->60030K(2029056K), 0.0094794 secs] [Times: user=0.00 sys=0.00, real=0.01 secs] 
2020-09-29T18:16:08.039+0200: 81.264: [GC (Allocation Failure) 2020-09-29T18:16:08.039+0200: 81.264: [ParNew: 586830K->47069K(613440K), 0.0204580 secs] 605374K->65613K(2029056K), 0.0205178 secs] [Times: user=0.13 sys=0.00, real=0.02 secs] 
2020-09-29T18:16:08.108+0200: 81.333: [GC (Allocation Failure) 2020-09-29T18:16:08.108+0200: 81.333: [ParNew: 592413K->60234K(613440K), 0.0200809 secs] 610957K->78779K(2029056K), 0.0201579 secs] [Times: user=0.13 sys=0.00, real=0.02 secs] 
2020-09-29T18:16:08.176+0200: 81.402: [GC (Allocation Failure) 2020-09-29T18:16:08.176+0200: 81.402: [ParNew: 605578K->36559K(613440K), 0.0142995 secs] 624123K->55103K(2029056K), 0.0143544 secs] [Times: user=0.13 sys=0.00, real=0.01 secs] 
2020-09-29T18:16:08.238+0200: 81.463: [GC (Allocation Failure) 2020-09-29T18:16:08.238+0200: 81.463: [ParNew: 581903K->32509K(613440K), 0.0130586 secs] 600447K->51053K(2029056K), 0.0131186 secs] [Times: user=0.13 sys=0.00, real=0.01 secs] 
2020-09-29T18:16:08.306+0200: 81.532: [GC (Allocation Failure) 2020-09-29T18:16:08.306+0200: 81.532: [ParNew: 577853K->54899K(613440K), 0.0225667 secs] 596397K->73443K(2029056K), 0.0226212 secs] [Times: user=0.13 sys=0.00, real=0.02 secs] 
2020-09-29T18:16:08.376+0200: 81.602: [GC (Allocation Failure) 2020-09-29T18:16:08.376+0200: 81.602: [ParNew: 600243K->50215K(613440K), 0.0172410 secs] 618787K->68759K(2029056K), 0.0172951 secs] [Times: user=0.13 sys=0.00, real=0.02 secs] 
2020-09-29T18:16:08.441+0200: 81.667: [GC (Allocation Failure) 2020-09-29T18:16:08.441+0200: 81.667: [ParNew: 595559K->47266K(613440K), 0.0217133 secs] 614103K->65810K(2029056K), 0.0217822 secs] [Times: user=0.25 sys=0.00, real=0.02 secs] 
2020-09-29T18:16:08.512+0200: 81.737: [GC (Allocation Failure) 2020-09-29T18:16:08.512+0200: 81.737: [ParNew: 592610K->61273K(613440K), 0.0209933 secs] 611154K->79817K(2029056K), 0.0210736 secs] [Times: user=0.13 sys=0.00, real=0.02 secs] 
2020-09-29T18:16:08.582+0200: 81.808: [GC (Allocation Failure) 2020-09-29T18:16:08.582+0200: 81.808: [ParNew: 606617K->49922K(613440K), 0.0201085 secs] 625161K->68466K(2029056K), 0.0201813 secs] [Times: user=0.17 sys=0.02, real=0.02 secs] 
2020-09-29T18:16:08.656+0200: 81.882: [GC (Allocation Failure) 2020-09-29T18:16:08.656+0200: 81.882: [ParNew: 595266K->44754K(613440K), 0.0201364 secs] 613810K->63298K(2029056K), 0.0202426 secs] [Times: user=0.13 sys=0.00, real=0.02 secs] 
2020-09-29T18:16:08.726+0200: 81.951: [GC (Allocation Failure) 2020-09-29T18:16:08.726+0200: 81.951: [ParNew: 590098K->42509K(613440K), 0.0198887 secs] 608642K->61053K(2029056K), 0.0199689 secs] [Times: user=0.09 sys=0.00, real=0.02 secs] 
2020-09-29T18:16:08.794+0200: 82.019: [GC (Allocation Failure) 2020-09-29T18:16:08.794+0200: 82.019: [ParNew: 587853K->43503K(613440K), 0.0178524 secs] 606397K->62047K(2029056K), 0.0179308 secs] [Times: user=0.13 sys=0.00, real=0.02 secs] 
2020-09-29T18:16:08.861+0200: 82.086: [GC (Allocation Failure) 2020-09-29T18:16:08.861+0200: 82.086: [ParNew: 588847K->39872K(613440K), 0.0187909 secs] 607391K->58416K(2029056K), 0.0188558 secs] [Times: user=0.25 sys=0.00, real=0.02 secs] 
2020-09-29T18:16:08.932+0200: 82.157: [GC (Allocation Failure) 2020-09-29T18:16:08.932+0200: 82.157: [ParNew: 585216K->63446K(613440K), 0.0232005 secs] 603760K->81991K(2029056K), 0.0232621 secs] [Times: user=0.13 sys=0.00, real=0.02 secs] 
2020-09-29T18:16:09.003+0200: 82.228: [GC (Allocation Failure) 2020-09-29T18:16:09.003+0200: 82.228: [ParNew: 608790K->48085K(613440K), 0.0157170 secs] 627335K->66629K(2029056K), 0.0157774 secs] [Times: user=0.13 sys=0.00, real=0.01 secs] 
2020-09-29T18:16:09.065+0200: 82.290: [GC (Allocation Failure) 2020-09-29T18:16:09.065+0200: 82.290: [ParNew: 593429K->48249K(613440K), 0.0212191 secs] 611973K->66793K(2029056K), 0.0213065 secs] [Times: user=0.25 sys=0.00, real=0.02 secs] 
2020-09-29T18:16:09.134+0200: 82.359: [GC (Allocation Failure) 2020-09-29T18:16:09.134+0200: 82.359: [ParNew: 593593K->43458K(613440K), 0.0144258 secs] 612137K->62002K(2029056K), 0.0144815 secs] [Times: user=0.13 sys=0.00, real=0.01 secs] 
2020-09-29T18:16:09.198+0200: 82.424: [GC (Allocation Failure) 2020-09-29T18:16:09.198+0200: 82.424: [ParNew: 588802K->31235K(613440K), 0.0139582 secs] 607346K->49779K(2029056K), 0.0140198 secs] [Times: user=0.13 sys=0.00, real=0.01 secs] 
2020-09-29T18:16:09.261+0200: 82.487: [GC (Allocation Failure) 2020-09-29T18:16:09.261+0200: 82.487: [ParNew: 576579K->54812K(613440K), 0.0230378 secs] 595123K->73356K(2029056K), 0.0231006 secs] [Times: user=0.13 sys=0.00, real=0.02 secs] 
2020-09-29T18:16:09.334+0200: 82.559: [GC (Allocation Failure) 2020-09-29T18:16:09.334+0200: 82.559: [ParNew: 600156K->54544K(613440K), 0.0223980 secs] 618700K->73089K(2029056K), 0.0224581 secs] [Times: user=0.13 sys=0.00, real=0.02 secs] 
2020-09-29T18:16:09.403+0200: 82.629: [GC (Allocation Failure) 2020-09-29T18:16:09.404+0200: 82.629: [ParNew: 599888K->39085K(613440K), 0.0162076 secs] 618433K->57629K(2029056K), 0.0162719 secs] [Times: user=0.13 sys=0.00, real=0.02 secs] 
2020-09-29T18:16:09.468+0200: 82.694: [GC (Allocation Failure) 2020-09-29T18:16:09.468+0200: 82.694: [ParNew: 584429K->52964K(613440K), 0.0211514 secs] 602973K->71509K(2029056K), 0.0212073 secs] [Times: user=0.25 sys=0.00, real=0.02 secs] 
2020-09-29T18:16:09.537+0200: 82.763: [GC (Allocation Failure) 2020-09-29T18:16:09.537+0200: 82.763: [ParNew: 598308K->41054K(613440K), 0.0190305 secs] 616853K->59599K(2029056K), 0.0190941 secs] [Times: user=0.13 sys=0.00, real=0.02 secs] 
2020-09-29T18:16:09.607+0200: 82.833: [GC (Allocation Failure) 2020-09-29T18:16:09.607+0200: 82.833: [ParNew: 586398K->62291K(613440K), 0.0228974 secs] 604943K->80835K(2029056K), 0.0229689 secs] [Times: user=0.24 sys=0.00, real=0.02 secs] 
2020-09-29T18:16:09.678+0200: 82.904: [GC (Allocation Failure) 2020-09-29T18:16:09.678+0200: 82.904: [ParNew: 607635K->55066K(613440K), 0.0231279 secs] 626179K->73611K(2029056K), 0.0231881 secs] [Times: user=0.13 sys=0.00, real=0.02 secs] 
2020-09-29T18:16:09.749+0200: 82.975: [GC (Allocation Failure) 2020-09-29T18:16:09.749+0200: 82.975: [ParNew: 600410K->42970K(613440K), 0.0158551 secs] 618955K->61514K(2029056K), 0.0159145 secs] [Times: user=0.13 sys=0.00, real=0.02 secs] 
2020-09-29T18:16:09.818+0200: 83.044: [GC (Allocation Failure) 2020-09-29T18:16:09.818+0200: 83.044: [ParNew: 588314K->66598K(613440K), 0.0266947 secs] 606858K->85142K(2029056K), 0.0268188 secs] [Times: user=0.13 sys=0.00, real=0.03 secs] 
2020-09-29T18:16:09.892+0200: 83.117: [GC (Allocation Failure) 2020-09-29T18:16:09.892+0200: 83.117: [ParNew: 611942K->60602K(613440K), 0.0291674 secs] 630486K->79146K(2029056K), 0.0292366 secs] [Times: user=0.25 sys=0.00, real=0.03 secs] 
2020-09-29T18:16:09.973+0200: 83.199: [GC (Allocation Failure) 2020-09-29T18:16:09.974+0200: 83.199: [ParNew: 605946K->51558K(613440K), 0.0264525 secs] 624490K->70102K(2029056K), 0.0265216 secs] [Times: user=0.13 sys=0.00, real=0.03 secs] 
2020-09-29T18:16:10.051+0200: 83.277: [GC (Allocation Failure) 2020-09-29T18:16:10.051+0200: 83.277: [ParNew: 596902K->39450K(613440K), 0.0184023 secs] 615446K->57994K(2029056K), 0.0184908 secs] [Times: user=0.25 sys=0.00, real=0.02 secs] 
2020-09-29T18:16:10.130+0200: 83.355: [GC (Allocation Failure) 2020-09-29T18:16:10.130+0200: 83.355: [ParNew: 584794K->22605K(613440K), 0.0153663 secs] 603338K->41149K(2029056K), 0.0154368 secs] [Times: user=0.13 sys=0.00, real=0.01 secs] 
2020-09-29T18:16:10.206+0200: 83.432: [GC (Allocation Failure) 2020-09-29T18:16:10.206+0200: 83.432: [ParNew: 567949K->50317K(613440K), 0.0311457 secs] 586493K->68861K(2029056K), 0.0312270 secs] [Times: user=0.25 sys=0.00, real=0.03 secs] 
2020-09-29T18:16:10.287+0200: 83.512: [GC (Allocation Failure) 2020-09-29T18:16:10.287+0200: 83.512: [ParNew: 595661K->37592K(613440K), 0.0133100 secs] 614205K->56136K(2029056K), 0.0133818 secs] [Times: user=0.00 sys=0.00, real=0.01 secs] 
2020-09-29T18:16:10.358+0200: 83.584: [GC (Allocation Failure) 2020-09-29T18:16:10.358+0200: 83.584: [ParNew: 582936K->30144K(613440K), 0.0204174 secs] 601480K->48688K(2029056K), 0.0204907 secs] [Times: user=0.13 sys=0.00, real=0.02 secs] 
2020-09-29T18:16:10.430+0200: 83.655: [GC (Allocation Failure) 2020-09-29T18:16:10.430+0200: 83.655: [ParNew: 575488K->41976K(613440K), 0.0283165 secs] 594032K->60520K(2029056K), 0.0283962 secs] [Times: user=0.25 sys=0.00, real=0.03 secs] 
2020-09-29T18:16:10.506+0200: 83.732: [GC (Allocation Failure) 2020-09-29T18:16:10.506+0200: 83.732: [ParNew: 587320K->51814K(613440K), 0.0265889 secs] 605864K->70358K(2029056K), 0.0266720 secs] [Times: user=0.13 sys=0.00, real=0.03 secs] 
2020-09-29T18:16:10.588+0200: 83.814: [GC (Allocation Failure) 2020-09-29T18:16:10.588+0200: 83.814: [ParNew: 597158K->41239K(613440K), 0.0258333 secs] 615702K->59784K(2029056K), 0.0259035 secs] [Times: user=0.25 sys=0.00, real=0.03 secs] 
2020-09-29T18:16:10.671+0200: 83.896: [GC (Allocation Failure) 2020-09-29T18:16:10.671+0200: 83.896: [ParNew: 586583K->67033K(613440K), 0.0331525 secs] 605128K->85578K(2029056K), 0.0332398 secs] [Times: user=0.25 sys=0.00, real=0.03 secs] 
2020-09-29T18:16:10.757+0200: 83.983: [GC (Allocation Failure) 2020-09-29T18:16:10.757+0200: 83.983: [ParNew: 612377K->45483K(613440K), 0.0223580 secs] 630922K->64027K(2029056K), 0.0224305 secs] [Times: user=0.13 sys=0.00, real=0.02 secs] 
2020-09-29T18:16:10.846+0200: 84.071: [GC (Allocation Failure) 2020-09-29T18:16:10.846+0200: 84.072: [ParNew: 590827K->39290K(613440K), 0.0225442 secs] 609371K->57834K(2029056K), 0.0226146 secs] [Times: user=0.25 sys=0.00, real=0.02 secs] 
2020-09-29T18:16:10.930+0200: 84.156: [GC (Allocation Failure) 2020-09-29T18:16:10.930+0200: 84.156: [ParNew: 584634K->54059K(613440K), 0.0267580 secs] 603178K->72603K(2029056K), 0.0268292 secs] [Times: user=0.13 sys=0.00, real=0.03 secs] 
2020-09-29T18:16:11.009+0200: 84.234: [GC (Allocation Failure) 2020-09-29T18:16:11.009+0200: 84.234: [ParNew: 599403K->40552K(613440K), 0.0262114 secs] 617947K->59097K(2029056K), 0.0262978 secs] [Times: user=0.13 sys=0.00, real=0.03 secs] 
2020-09-29T18:16:11.088+0200: 84.313: [GC (Allocation Failure) 2020-09-29T18:16:11.088+0200: 84.313: [ParNew: 585896K->39404K(613440K), 0.0242753 secs] 604441K->57948K(2029056K), 0.0243485 secs] [Times: user=0.13 sys=0.00, real=0.02 secs] 
2020-09-29T18:16:11.164+0200: 84.390: [GC (Allocation Failure) 2020-09-29T18:16:11.165+0200: 84.390: [ParNew: 584748K->30653K(613440K), 0.0132920 secs] 603292K->49198K(2029056K), 0.0133716 secs] [Times: user=0.13 sys=0.00, real=0.01 secs] 
2020-09-29T18:16:11.227+0200: 84.452: [GC (Allocation Failure) 2020-09-29T18:16:11.227+0200: 84.452: [ParNew: 575997K->45586K(613440K), 0.0292691 secs] 594542K->64130K(2029056K), 0.0293563 secs] [Times: user=0.25 sys=0.00, real=0.03 secs] 
2020-09-29T18:16:11.311+0200: 84.537: [GC (Allocation Failure) 2020-09-29T18:16:11.311+0200: 84.537: [ParNew: 590930K->35119K(613440K), 0.0195533 secs] 609474K->53664K(2029056K), 0.0196225 secs] [Times: user=0.13 sys=0.00, real=0.02 secs] 
2020-09-29T18:16:11.391+0200: 84.616: [GC (Allocation Failure) 2020-09-29T18:16:11.391+0200: 84.616: [ParNew: 580463K->26775K(613440K), 0.0198991 secs] 599008K->45319K(2029056K), 0.0199646 secs] [Times: user=0.25 sys=0.00, real=0.02 secs] 
2020-09-29T18:16:11.465+0200: 84.691: [GC (Allocation Failure) 2020-09-29T18:16:11.465+0200: 84.691: [ParNew: 572119K->48346K(613440K), 0.0261236 secs] 590663K->66890K(2029056K), 0.0262069 secs] [Times: user=0.25 sys=0.00, real=0.03 secs] 
2020-09-29T18:16:11.539+0200: 84.764: [GC (Allocation Failure) 2020-09-29T18:16:11.539+0200: 84.764: [ParNew: 593690K->35334K(613440K), 0.0240288 secs] 612234K->53878K(2029056K), 0.0240988 secs] [Times: user=0.13 sys=0.00, real=0.02 secs] 
2020-09-29T18:16:11.619+0200: 84.845: [GC (Allocation Failure) 2020-09-29T18:16:11.619+0200: 84.845: [ParNew: 580678K->42420K(613440K), 0.0270034 secs] 599222K->60965K(2029056K), 0.0270735 secs] [Times: user=0.25 sys=0.00, real=0.03 secs] 
2020-09-29T18:16:11.701+0200: 84.927: [GC (Allocation Failure) 2020-09-29T18:16:11.701+0200: 84.927: [ParNew: 587764K->34202K(613440K), 0.0237933 secs] 606309K->52746K(2029056K), 0.0238702 secs] [Times: user=0.25 sys=0.00, real=0.02 secs] 
2020-09-29T18:16:11.778+0200: 85.004: [GC (Allocation Failure) 2020-09-29T18:16:11.778+0200: 85.004: [ParNew: 579546K->56163K(613440K), 0.0306871 secs] 598090K->74707K(2029056K), 0.0307561 secs] [Times: user=0.25 sys=0.00, real=0.03 secs] 
2020-09-29T18:16:11.860+0200: 85.086: [GC (Allocation Failure) 2020-09-29T18:16:11.860+0200: 85.086: [ParNew: 601507K->36299K(613440K), 0.0094735 secs] 620051K->54843K(2029056K), 0.0095512 secs] [Times: user=0.13 sys=0.00, real=0.01 secs] 
2020-09-29T18:16:11.929+0200: 85.154: [GC (Allocation Failure) 2020-09-29T18:16:11.929+0200: 85.154: [ParNew: 581643K->25449K(613440K), 0.0191246 secs] 600187K->43993K(2029056K), 0.0191899 secs] [Times: user=0.13 sys=0.00, real=0.02 secs] 
2020-09-29T18:16:12.008+0200: 85.233: [GC (Allocation Failure) 2020-09-29T18:16:12.008+0200: 85.233: [ParNew: 570793K->41575K(613440K), 0.0266156 secs] 589337K->60119K(2029056K), 0.0266912 secs] [Times: user=0.13 sys=0.00, real=0.03 secs] 
2020-09-29T18:16:12.084+0200: 85.310: [GC (Allocation Failure) 2020-09-29T18:16:12.084+0200: 85.310: [ParNew: 586919K->33261K(613440K), 0.0134145 secs] 605463K->51805K(2029056K), 0.0134849 secs] [Times: user=0.00 sys=0.02, real=0.01 secs] 
2020-09-29T18:16:12.149+0200: 85.375: [GC (Allocation Failure) 2020-09-29T18:16:12.149+0200: 85.375: [ParNew: 578605K->19347K(613440K), 0.0152132 secs] 597149K->37891K(2029056K), 0.0152790 secs] [Times: user=0.13 sys=0.00, real=0.02 secs] 
2020-09-29T18:16:12.234+0200: 85.459: [GC (Allocation Failure) 2020-09-29T18:16:12.234+0200: 85.459: [ParNew: 564691K->27758K(613440K), 0.0197799 secs] 583235K->46302K(2029056K), 0.0198511 secs] [Times: user=0.13 sys=0.00, real=0.02 secs] 
2020-09-29T18:16:12.307+0200: 85.533: [GC (Allocation Failure) 2020-09-29T18:16:12.307+0200: 85.533: [ParNew: 573102K->35918K(613440K), 0.0207434 secs] 591646K->54462K(2029056K), 0.0208123 secs] [Times: user=0.13 sys=0.00, real=0.02 secs] 
2020-09-29T18:16:12.392+0200: 85.617: [GC (Allocation Failure) 2020-09-29T18:16:12.392+0200: 85.617: [ParNew: 581262K->28204K(613440K), 0.0179411 secs] 599806K->46749K(2029056K), 0.0180120 secs] [Times: user=0.13 sys=0.00, real=0.02 secs] 
2020-09-29T18:16:12.474+0200: 85.699: [GC (Allocation Failure) 2020-09-29T18:16:12.474+0200: 85.699: [ParNew: 573548K->41741K(613440K), 0.0263047 secs] 592093K->60285K(2029056K), 0.0263809 secs] [Times: user=0.13 sys=0.00, real=0.03 secs] 
2020-09-29T18:16:12.556+0200: 85.782: [GC (Allocation Failure) 2020-09-29T18:16:12.556+0200: 85.782: [ParNew: 587085K->32314K(613440K), 0.0159087 secs] 605629K->50859K(2029056K), 0.0159900 secs] [Times: user=0.13 sys=0.00, real=0.02 secs] 
2020-09-29T18:16:12.639+0200: 85.864: [GC (Allocation Failure) 2020-09-29T18:16:12.639+0200: 85.864: [ParNew: 577658K->20942K(613440K), 0.0154051 secs] 596203K->39487K(2029056K), 0.0154775 secs] [Times: user=0.13 sys=0.00, real=0.02 secs] 
2020-09-29T18:16:12.715+0200: 85.941: [GC (Allocation Failure) 2020-09-29T18:16:12.715+0200: 85.941: [ParNew: 566286K->34979K(613440K), 0.0236728 secs] 584831K->53524K(2029056K), 0.0237481 secs] [Times: user=0.25 sys=0.00, real=0.02 secs] 
2020-09-29T18:16:12.787+0200: 86.013: [GC (Allocation Failure) 2020-09-29T18:16:12.787+0200: 86.013: [ParNew: 580323K->38984K(613440K), 0.0218689 secs] 598868K->57528K(2029056K), 0.0219551 secs] [Times: user=0.13 sys=0.00, real=0.02 secs] 
2020-09-29T18:16:12.864+0200: 86.089: [GC (Allocation Failure) 2020-09-29T18:16:12.864+0200: 86.089: [ParNew: 584328K->28102K(613440K), 0.0218907 secs] 602872K->46646K(2029056K), 0.0219590 secs] [Times: user=0.13 sys=0.00, real=0.02 secs] 
2020-09-29T18:16:12.946+0200: 86.171: [GC (Allocation Failure) 2020-09-29T18:16:12.946+0200: 86.171: [ParNew: 573446K->40791K(613440K), 0.0276960 secs] 591990K->59335K(2029056K), 0.0277792 secs] [Times: user=0.25 sys=0.00, real=0.03 secs] 
2020-09-29T18:16:13.022+0200: 86.248: [GC (Allocation Failure) 2020-09-29T18:16:13.022+0200: 86.248: [ParNew: 586135K->36909K(613440K), 0.0264939 secs] 604679K->55453K(2029056K), 0.0265735 secs] [Times: user=0.13 sys=0.00, real=0.03 secs] 
2020-09-29T18:16:13.099+0200: 86.324: [GC (Allocation Failure) 2020-09-29T18:16:13.099+0200: 86.324: [ParNew: 582253K->33376K(613440K), 0.0169690 secs] 600797K->51920K(2029056K), 0.0170373 secs] [Times: user=0.11 sys=0.00, real=0.02 secs] 
2020-09-29T18:16:13.183+0200: 86.409: [GC (Allocation Failure) 2020-09-29T18:16:13.183+0200: 86.409: [ParNew: 578720K->36363K(613440K), 0.0233667 secs] 597264K->54908K(2029056K), 0.0234361 secs] [Times: user=0.13 sys=0.00, real=0.02 secs] 
2020-09-29T18:16:13.257+0200: 86.483: [GC (Allocation Failure) 2020-09-29T18:16:13.257+0200: 86.483: [ParNew: 581707K->38077K(613440K), 0.0211360 secs] 600252K->56621K(2029056K), 0.0212145 secs] [Times: user=0.13 sys=0.00, real=0.02 secs] 
2020-09-29T18:16:13.335+0200: 86.561: [GC (Allocation Failure) 2020-09-29T18:16:13.335+0200: 86.561: [ParNew: 583421K->55428K(613440K), 0.0300163 secs] 601965K->73972K(2029056K), 0.0300904 secs] [Times: user=0.25 sys=0.00, real=0.03 secs] 
2020-09-29T18:16:13.412+0200: 86.637: [GC (Allocation Failure) 2020-09-29T18:16:13.412+0200: 86.637: [ParNew: 600772K->43797K(613440K), 0.0203363 secs] 619316K->62341K(2029056K), 0.0204032 secs] [Times: user=0.13 sys=0.00, real=0.02 secs] 
2020-09-29T18:16:13.481+0200: 86.707: [GC (Allocation Failure) 2020-09-29T18:16:13.481+0200: 86.707: [ParNew: 589141K->39926K(613440K), 0.0283358 secs] 607685K->58471K(2029056K), 0.0284035 secs] [Times: user=0.25 sys=0.00, real=0.03 secs] 
2020-09-29T18:16:13.558+0200: 86.784: [GC (Allocation Failure) 2020-09-29T18:16:13.558+0200: 86.784: [ParNew: 585270K->54373K(613440K), 0.0278031 secs] 603815K->72917K(2029056K), 0.0278986 secs] [Times: user=0.25 sys=0.00, real=0.03 secs] 
2020-09-29T18:16:13.637+0200: 86.863: [GC (Allocation Failure) 2020-09-29T18:16:13.637+0200: 86.863: [ParNew: 599717K->42654K(613440K), 0.0263674 secs] 618261K->61198K(2029056K), 0.0264463 secs] [Times: user=0.23 sys=0.00, real=0.03 secs] 
2020-09-29T18:16:13.724+0200: 86.950: [GC (Allocation Failure) 2020-09-29T18:16:13.724+0200: 86.950: [ParNew: 587998K->32598K(613440K), 0.0191189 secs] 606542K->51142K(2029056K), 0.0191962 secs] [Times: user=0.13 sys=0.00, real=0.02 secs] 
2020-09-29T18:16:13.799+0200: 87.025: [GC (Allocation Failure) 2020-09-29T18:16:13.799+0200: 87.025: [ParNew: 577942K->33028K(613440K), 0.0239499 secs] 596486K->51572K(2029056K), 0.0240273 secs] [Times: user=0.24 sys=0.00, real=0.02 secs] 
2020-09-29T18:16:13.871+0200: 87.096: [GC (Allocation Failure) 2020-09-29T18:16:13.871+0200: 87.097: [ParNew: 578372K->35236K(613440K), 0.0199529 secs] 596916K->53780K(2029056K), 0.0200199 secs] [Times: user=0.13 sys=0.00, real=0.02 secs] 
2020-09-29T18:16:13.949+0200: 87.175: [GC (Allocation Failure) 2020-09-29T18:16:13.949+0200: 87.175: [ParNew: 580580K->48361K(613440K), 0.0295070 secs] 599124K->66905K(2029056K), 0.0295852 secs] [Times: user=0.25 sys=0.00, real=0.03 secs] 
2020-09-29T18:16:14.028+0200: 87.253: [GC (Allocation Failure) 2020-09-29T18:16:14.028+0200: 87.253: [ParNew: 593705K->42280K(613440K), 0.0277933 secs] 612249K->60825K(2029056K), 0.0278605 secs] [Times: user=0.25 sys=0.00, real=0.03 secs] 
2020-09-29T18:16:14.101+0200: 87.327: [GC (Allocation Failure) 2020-09-29T18:16:14.101+0200: 87.327: [ParNew: 587624K->38142K(613440K), 0.0179754 secs] 606169K->56686K(2029056K), 0.0180442 secs] [Times: user=0.13 sys=0.00, real=0.02 secs] 
2020-09-29T18:16:14.172+0200: 87.398: [GC (Allocation Failure) 2020-09-29T18:16:14.172+0200: 87.398: [ParNew: 581635K->5434K(613440K), 0.0063503 secs] 600180K->23978K(2029056K), 0.0064196 secs] [Times: user=0.13 sys=0.00, real=0.01 secs] 
2020-09-29T18:16:14.230+0200: 87.455: [GC (Allocation Failure) 2020-09-29T18:16:14.230+0200: 87.455: [ParNew: 550778K->43491K(613440K), 0.0304898 secs] 569322K->62035K(2029056K), 0.0305569 secs] [Times: user=0.25 sys=0.00, real=0.03 secs] 
2020-09-29T18:16:14.308+0200: 87.534: [GC (Allocation Failure) 2020-09-29T18:16:14.308+0200: 87.534: [ParNew: 588835K->34559K(613440K), 0.0225164 secs] 607379K->53104K(2029056K), 0.0296922 secs] [Times: user=0.13 sys=0.00, real=0.03 secs] 
2020-09-29T18:16:14.401+0200: 87.627: [GC (Allocation Failure) 2020-09-29T18:16:14.401+0200: 87.627: [ParNew: 579903K->30143K(613440K), 0.0203281 secs] 598448K->48687K(2029056K), 0.0203960 secs] [Times: user=0.13 sys=0.00, real=0.02 secs] 
2020-09-29T18:16:14.479+0200: 87.704: [GC (Allocation Failure) 2020-09-29T18:16:14.479+0200: 87.704: [ParNew: 575487K->25441K(613440K), 0.0200183 secs] 594031K->43985K(2029056K), 0.0200898 secs] [Times: user=0.13 sys=0.00, real=0.02 secs] 
2020-09-29T18:16:14.556+0200: 87.782: [GC (Allocation Failure) 2020-09-29T18:16:14.556+0200: 87.782: [ParNew: 570785K->43568K(613440K), 0.0254823 secs] 589329K->62113K(2029056K), 0.0255785 secs] [Times: user=0.13 sys=0.00, real=0.03 secs] 
2020-09-29T18:16:14.634+0200: 87.860: [GC (Allocation Failure) 2020-09-29T18:16:14.634+0200: 87.860: [ParNew: 588912K->49652K(613440K), 0.0259358 secs] 607457K->68196K(2029056K), 0.0260025 secs] [Times: user=0.11 sys=0.00, real=0.03 secs] 
2020-09-29T18:16:14.715+0200: 87.941: [GC (Allocation Failure) 2020-09-29T18:16:14.715+0200: 87.941: [ParNew: 594996K->21877K(613440K), 0.0150707 secs] 613540K->40421K(2029056K), 0.0151434 secs] [Times: user=0.11 sys=0.00, real=0.02 secs] 
2020-09-29T18:16:14.794+0200: 88.019: [GC (Allocation Failure) 2020-09-29T18:16:14.794+0200: 88.019: [ParNew: 567221K->45888K(613440K), 0.0302102 secs] 585765K->64433K(2029056K), 0.0302812 secs] [Times: user=0.25 sys=0.00, real=0.03 secs] 
2020-09-29T18:16:14.877+0200: 88.102: [GC (Allocation Failure) 2020-09-29T18:16:14.877+0200: 88.102: [ParNew: 591232K->30607K(613440K), 0.0252286 secs] 609777K->49151K(2029056K), 0.0253040 secs] [Times: user=0.20 sys=0.00, real=0.02 secs] 
2020-09-29T18:16:14.969+0200: 88.195: [GC (Allocation Failure) 2020-09-29T18:16:14.970+0200: 88.195: [ParNew: 575951K->24989K(613440K), 0.0098968 secs] 594495K->43533K(2029056K), 0.0099807 secs] [Times: user=0.13 sys=0.00, real=0.01 secs] 
2020-09-29T18:16:15.064+0200: 88.289: [GC (Allocation Failure) 2020-09-29T18:16:15.064+0200: 88.289: [ParNew: 570333K->21481K(613440K), 0.0196330 secs] 588877K->40025K(2029056K), 0.0197119 secs] [Times: user=0.25 sys=0.00, real=0.02 secs] 
2020-09-29T18:16:15.149+0200: 88.374: [GC (Allocation Failure) 2020-09-29T18:16:15.149+0200: 88.374: [ParNew: 566825K->23952K(613440K), 0.0200041 secs] 585369K->42496K(2029056K), 0.0200797 secs] [Times: user=0.13 sys=0.00, real=0.02 secs] 
2020-09-29T18:16:15.238+0200: 88.463: [GC (Allocation Failure) 2020-09-29T18:16:15.238+0200: 88.463: [ParNew: 569296K->16404K(613440K), 0.0146074 secs] 587840K->34949K(2029056K), 0.0146813 secs] [Times: user=0.06 sys=0.00, real=0.01 secs] 
2020-09-29T18:16:15.315+0200: 88.540: [GC (Allocation Failure) 2020-09-29T18:16:15.315+0200: 88.540: [ParNew: 561748K->28236K(613440K), 0.0244846 secs] 580293K->46780K(2029056K), 0.0245590 secs] [Times: user=0.25 sys=0.00, real=0.02 secs] 
2020-09-29T18:16:15.401+0200: 88.626: [GC (Allocation Failure) 2020-09-29T18:16:15.401+0200: 88.626: [ParNew: 573580K->45696K(613440K), 0.0332890 secs] 592124K->64240K(2029056K), 0.0333608 secs] [Times: user=0.25 sys=0.00, real=0.03 secs] 
2020-09-29T18:16:15.482+0200: 88.707: [GC (Allocation Failure) 2020-09-29T18:16:15.482+0200: 88.707: [ParNew: 591040K->34667K(613440K), 0.0217413 secs] 609584K->53211K(2029056K), 0.0218203 secs] [Times: user=0.13 sys=0.00, real=0.02 secs] 
2020-09-29T18:16:15.556+0200: 88.781: [GC (Allocation Failure) 2020-09-29T18:16:15.556+0200: 88.781: [ParNew: 580011K->41210K(613440K), 0.0301659 secs] 598555K->59754K(2029056K), 0.0302647 secs] [Times: user=0.25 sys=0.00, real=0.03 secs] 
2020-09-29T18:16:15.646+0200: 88.871: [GC (Allocation Failure) 2020-09-29T18:16:15.646+0200: 88.871: [ParNew: 586554K->31186K(613440K), 0.0188470 secs] 605098K->49730K(2029056K), 0.0189227 secs] [Times: user=0.13 sys=0.00, real=0.02 secs] 
2020-09-29T18:16:15.726+0200: 88.951: [GC (Allocation Failure) 2020-09-29T18:16:15.726+0200: 88.951: [ParNew: 576530K->37809K(613440K), 0.0279520 secs] 595074K->56354K(2029056K), 0.0280253 secs] [Times: user=0.13 sys=0.00, real=0.03 secs] 
2020-09-29T18:16:15.813+0200: 89.038: [GC (Allocation Failure) 2020-09-29T18:16:15.813+0200: 89.038: [ParNew: 583153K->39969K(613440K), 0.0274528 secs] 601698K->58513K(2029056K), 0.0275264 secs] [Times: user=0.25 sys=0.00, real=0.03 secs] 
2020-09-29T18:16:15.893+0200: 89.118: [GC (Allocation Failure) 2020-09-29T18:16:15.893+0200: 89.118: [ParNew: 585313K->25087K(613440K), 0.0177707 secs] 603857K->43631K(2029056K), 0.0178443 secs] [Times: user=0.13 sys=0.00, real=0.02 secs] 
2020-09-29T18:16:15.965+0200: 89.190: [GC (Allocation Failure) 2020-09-29T18:16:15.965+0200: 89.190: [ParNew: 570431K->28517K(613440K), 0.0239135 secs] 588975K->47061K(2029056K), 0.0239987 secs] [Times: user=0.14 sys=0.00, real=0.02 secs] 
2020-09-29T18:16:16.050+0200: 89.275: [GC (Allocation Failure) 2020-09-29T18:16:16.050+0200: 89.275: [ParNew: 573861K->31824K(613440K), 0.0234737 secs] 592405K->50368K(2029056K), 0.0235489 secs] [Times: user=0.25 sys=0.00, real=0.02 secs] 
2020-09-29T18:16:16.142+0200: 89.367: [GC (Allocation Failure) 2020-09-29T18:16:16.142+0200: 89.367: [ParNew: 577168K->23964K(613440K), 0.0215583 secs] 595712K->42508K(2029056K), 0.0216285 secs] [Times: user=0.25 sys=0.00, real=0.02 secs] 
2020-09-29T18:16:16.235+0200: 89.461: [GC (Allocation Failure) 2020-09-29T18:16:16.235+0200: 89.461: [ParNew: 569308K->4286K(613440K), 0.0071055 secs] 587852K->22830K(2029056K), 0.0071919 secs] [Times: user=0.13 sys=0.00, real=0.01 secs] 
2020-09-29T18:16:16.310+0200: 89.536: [GC (Allocation Failure) 2020-09-29T18:16:16.310+0200: 89.536: [ParNew: 549630K->13944K(613440K), 0.0171027 secs] 568174K->32488K(2029056K), 0.0171793 secs] [Times: user=0.13 sys=0.00, real=0.02 secs] 
2020-09-29T18:16:16.381+0200: 89.606: [GC (Allocation Failure) 2020-09-29T18:16:16.381+0200: 89.607: [ParNew: 559288K->29899K(613440K), 0.0243844 secs] 577832K->48444K(2029056K), 0.0244569 secs] [Times: user=0.13 sys=0.00, real=0.02 secs] 
2020-09-29T18:16:16.461+0200: 89.686: [GC (Allocation Failure) 2020-09-29T18:16:16.461+0200: 89.686: [ParNew: 575243K->20376K(613440K), 0.0126011 secs] 593788K->38920K(2029056K), 0.0126748 secs] [Times: user=0.13 sys=0.00, real=0.01 secs] 
2020-09-29T18:16:16.538+0200: 89.763: [GC (Allocation Failure) 2020-09-29T18:16:16.538+0200: 89.763: [ParNew: 565720K->22103K(613440K), 0.0229191 secs] 584264K->40647K(2029056K), 0.0230249 secs] [Times: user=0.13 sys=0.00, real=0.02 secs] 
2020-09-29T18:16:16.619+0200: 89.844: [GC (Allocation Failure) 2020-09-29T18:16:16.619+0200: 89.844: [ParNew: 567447K->26738K(613440K), 0.0196464 secs] 585991K->45283K(2029056K), 0.0197242 secs] [Times: user=0.13 sys=0.00, real=0.02 secs] 
2020-09-29T18:16:16.707+0200: 89.933: [GC (Allocation Failure) 2020-09-29T18:16:16.707+0200: 89.933: [ParNew: 572082K->27157K(613440K), 0.0213047 secs] 590627K->45701K(2029056K), 0.0213786 secs] [Times: user=0.13 sys=0.00, real=0.02 secs] 
2020-09-29T18:16:16.793+0200: 90.019: [GC (Allocation Failure) 2020-09-29T18:16:16.793+0200: 90.019: [ParNew: 572501K->20634K(613440K), 0.0184292 secs] 591045K->39179K(2029056K), 0.0185037 secs] [Times: user=0.13 sys=0.00, real=0.02 secs] 
2020-09-29T18:16:16.890+0200: 90.116: [GC (Allocation Failure) 2020-09-29T18:16:16.890+0200: 90.116: [ParNew: 565978K->14285K(613440K), 0.0153732 secs] 584523K->32829K(2029056K), 0.0154491 secs] [Times: user=0.13 sys=0.00, real=0.02 secs] 
2020-09-29T18:16:16.978+0200: 90.203: [GC (Allocation Failure) 2020-09-29T18:16:16.978+0200: 90.203: [ParNew: 559629K->28364K(613440K), 0.0251913 secs] 578173K->46909K(2029056K), 0.0252625 secs] [Times: user=0.13 sys=0.00, real=0.03 secs] 
2020-09-29T18:16:17.056+0200: 90.281: [GC (Allocation Failure) 2020-09-29T18:16:17.056+0200: 90.282: [ParNew: 573708K->24473K(613440K), 0.0223351 secs] 592253K->43018K(2029056K), 0.0224110 secs] [Times: user=0.13 sys=0.00, real=0.02 secs] 
2020-09-29T18:16:17.141+0200: 90.366: [GC (Allocation Failure) 2020-09-29T18:16:17.141+0200: 90.366: [ParNew: 569817K->21293K(613440K), 0.0224606 secs] 588362K->39838K(2029056K), 0.0225381 secs] [Times: user=0.25 sys=0.00, real=0.02 secs] 
2020-09-29T18:16:17.223+0200: 90.448: [GC (Allocation Failure) 2020-09-29T18:16:17.223+0200: 90.448: [ParNew: 566637K->21272K(613440K), 0.0208004 secs] 585182K->39817K(2029056K), 0.0208754 secs] [Times: user=0.13 sys=0.00, real=0.02 secs] 
2020-09-29T18:16:17.316+0200: 90.541: [GC (Allocation Failure) 2020-09-29T18:16:17.316+0200: 90.541: [ParNew: 566616K->18062K(613440K), 0.0184697 secs] 585161K->36606K(2029056K), 0.0185447 secs] [Times: user=0.25 sys=0.00, real=0.02 secs] 
2020-09-29T18:16:17.409+0200: 90.635: [GC (Allocation Failure) 2020-09-29T18:16:17.409+0200: 90.635: [ParNew: 563406K->16107K(613440K), 0.0169107 secs] 581950K->34651K(2029056K), 0.0169845 secs] [Times: user=0.25 sys=0.00, real=0.02 secs] 
2020-09-29T18:16:17.494+0200: 90.720: [GC (Allocation Failure) 2020-09-29T18:16:17.494+0200: 90.720: [ParNew: 561451K->14467K(613440K), 0.0159395 secs] 579995K->33011K(2029056K), 0.0160131 secs] [Times: user=0.13 sys=0.00, real=0.02 secs] 
2020-09-29T18:16:17.615+0200: 90.840: [GC (Allocation Failure) 2020-09-29T18:16:17.615+0200: 90.841: [ParNew: 559811K->10952K(613440K), 0.0133188 secs] 578355K->29496K(2029056K), 0.0133920 secs] [Times: user=0.00 sys=0.00, real=0.01 secs] 
2020-09-29T18:16:17.765+0200: 90.990: [GC (Allocation Failure) 2020-09-29T18:16:17.765+0200: 90.990: [ParNew: 556296K->8367K(613440K), 0.0121758 secs] 574840K->26911K(2029056K), 0.0122525 secs] [Times: user=0.13 sys=0.00, real=0.01 secs] 
2020-09-29T18:16:17.910+0200: 91.136: [GC (Allocation Failure) 2020-09-29T18:16:17.910+0200: 91.136: [ParNew: 553711K->6570K(613440K), 0.0096937 secs] 572255K->25114K(2029056K), 0.0097637 secs] [Times: user=0.00 sys=0.01, real=0.01 secs] 
2020-09-29T18:16:18.053+0200: 91.279: [GC (Allocation Failure) 2020-09-29T18:16:18.053+0200: 91.279: [ParNew: 551914K->3561K(613440K), 0.0077487 secs] 570458K->22105K(2029056K), 0.0078255 secs] [Times: user=0.00 sys=0.00, real=0.01 secs] 
Heap
 par new generation   total 613440K, used 81669K [0x0000000080000000, 0x00000000a9990000, 0x00000000a9990000)
  eden space 545344K,  14% used [0x0000000080000000, 0x0000000084c46e28, 0x00000000a1490000)
  from space 68096K,   5% used [0x00000000a5710000, 0x00000000a5a8a650, 0x00000000a9990000)
  to   space 68096K,   0% used [0x00000000a1490000, 0x00000000a1490000, 0x00000000a5710000)
 concurrent mark-sweep generation total 1415616K, used 18544K [0x00000000a9990000, 0x0000000100000000, 0x0000000100000000)
 Metaspace       used 2594K, capacity 4486K, committed 4864K, reserved 1056768K
  class space    used 285K, capacity 386K, committed 512K, reserved 1048576K
