Java HotSpot(TM) 64-Bit Server VM (25.261-b12) for windows-amd64 JRE (1.8.0_261-b12), built on Jun 18 2020 06:56:32 by "" with unknown MS VC++:1916
Memory: 4k page, physical 16659684k(9546108k free), swap 23213284k(9189696k free)
CommandLine flags: -XX:InitialHeapSize=2147483648 -XX:MaxHeapSize=2147483648 -XX:MaxNewSize=697933824 -XX:MaxTenuringThreshold=6 -XX:NewSize=697933824 -XX:OldPLABSize=16 -XX:OldSize=1395867648 -XX:+PrintGC -XX:+PrintGCDateStamps -XX:+PrintGCDetails -XX:+PrintGCTimeStamps -XX:+UseCompressedClassPointers -XX:+UseCompressedOops -XX:+UseConcMarkSweepGC -XX:-UseLargePagesIndividualAllocation -XX:+UseParNewGC 
2020-09-29T18:07:14.049+0200: 0.323: [GC (Allocation Failure) 2020-09-29T18:07:14.049+0200: 0.323: [ParNew: 545344K->44411K(613440K), 0.0371869 secs] 545344K->44411K(2029056K), 0.0373557 secs] [Times: user=0.23 sys=0.02, real=0.04 secs] 
2020-09-29T18:07:14.133+0200: 0.408: [GC (Allocation Failure) 2020-09-29T18:07:14.133+0200: 0.408: [ParNew: 589755K->40241K(613440K), 0.0197395 secs] 589755K->40634K(2029056K), 0.0197979 secs] [Times: user=0.13 sys=0.00, real=0.02 secs] 
2020-09-29T18:07:14.203+0200: 0.477: [GC (Allocation Failure) 2020-09-29T18:07:14.203+0200: 0.477: [ParNew: 585585K->49703K(613440K), 0.0213176 secs] 585978K->50095K(2029056K), 0.0213978 secs] [Times: user=0.23 sys=0.00, real=0.02 secs] 
2020-09-29T18:07:14.273+0200: 0.547: [GC (Allocation Failure) 2020-09-29T18:07:14.273+0200: 0.548: [ParNew: 595047K->41074K(613440K), 0.0193973 secs] 595439K->41467K(2029056K), 0.0194722 secs] [Times: user=0.13 sys=0.00, real=0.02 secs] 
2020-09-29T18:07:14.341+0200: 0.615: [GC (Allocation Failure) 2020-09-29T18:07:14.341+0200: 0.615: [ParNew: 586418K->37532K(613440K), 0.0149357 secs] 586811K->37925K(2029056K), 0.0149913 secs] [Times: user=0.13 sys=0.00, real=0.01 secs] 
2020-09-29T18:07:14.408+0200: 0.682: [GC (Allocation Failure) 2020-09-29T18:07:14.408+0200: 0.682: [ParNew: 582876K->54390K(613440K), 0.0209177 secs] 583269K->54782K(2029056K), 0.0209801 secs] [Times: user=0.25 sys=0.00, real=0.02 secs] 
2020-09-29T18:07:14.478+0200: 0.753: [GC (Allocation Failure) 2020-09-29T18:07:14.478+0200: 0.753: [ParNew: 599734K->38789K(613440K), 0.0123152 secs] 600126K->39181K(2029056K), 0.0124218 secs] [Times: user=0.13 sys=0.00, real=0.01 secs] 
2020-09-29T18:07:14.543+0200: 0.818: [GC (Allocation Failure) 2020-09-29T18:07:14.543+0200: 0.818: [ParNew: 584133K->36127K(613440K), 0.0178322 secs] 584525K->36519K(2029056K), 0.0179158 secs] [Times: user=0.13 sys=0.00, real=0.02 secs] 
2020-09-29T18:07:14.614+0200: 0.889: [GC (Allocation Failure) 2020-09-29T18:07:14.614+0200: 0.889: [ParNew: 581471K->42769K(613440K), 0.0165077 secs] 581863K->43161K(2029056K), 0.0165847 secs] [Times: user=0.13 sys=0.00, real=0.02 secs] 
2020-09-29T18:07:14.687+0200: 0.961: [GC (Allocation Failure) 2020-09-29T18:07:14.687+0200: 0.961: [ParNew: 588113K->58527K(613440K), 0.0207713 secs] 588505K->58919K(2029056K), 0.0208409 secs] [Times: user=0.22 sys=0.03, real=0.02 secs] 
2020-09-29T18:07:14.760+0200: 1.034: [GC (Allocation Failure) 2020-09-29T18:07:14.760+0200: 1.034: [ParNew: 603871K->47545K(613440K), 0.0203184 secs] 604263K->47937K(2029056K), 0.0203963 secs] [Times: user=0.13 sys=0.00, real=0.02 secs] 
2020-09-29T18:07:14.828+0200: 1.102: [GC (Allocation Failure) 2020-09-29T18:07:14.828+0200: 1.102: [ParNew: 592889K->44493K(613440K), 0.0195618 secs] 593281K->44885K(2029056K), 0.0196228 secs] [Times: user=0.13 sys=0.00, real=0.02 secs] 
2020-09-29T18:07:14.895+0200: 1.170: [GC (Allocation Failure) 2020-09-29T18:07:14.895+0200: 1.170: [ParNew: 589837K->68096K(613440K), 0.0250895 secs] 590229K->69186K(2029056K), 0.0251468 secs] [Times: user=0.13 sys=0.00, real=0.03 secs] 
2020-09-29T18:07:14.967+0200: 1.242: [GC (Allocation Failure) 2020-09-29T18:07:14.967+0200: 1.242: [ParNew: 613440K->49139K(613440K), 0.0196253 secs] 614530K->50230K(2029056K), 0.0196910 secs] [Times: user=0.11 sys=0.00, real=0.02 secs] 
2020-09-29T18:07:15.033+0200: 1.308: [GC (Allocation Failure) 2020-09-29T18:07:15.033+0200: 1.308: [ParNew: 594483K->45030K(613440K), 0.0167193 secs] 595574K->46121K(2029056K), 0.0168119 secs] [Times: user=0.13 sys=0.00, real=0.02 secs] 
2020-09-29T18:07:15.101+0200: 1.376: [GC (Allocation Failure) 2020-09-29T18:07:15.101+0200: 1.376: [ParNew: 590374K->30336K(613440K), 0.0096541 secs] 591465K->31426K(2029056K), 0.0097134 secs] [Times: user=0.00 sys=0.00, real=0.01 secs] 
2020-09-29T18:07:15.163+0200: 1.438: [GC (Allocation Failure) 2020-09-29T18:07:15.163+0200: 1.438: [ParNew: 575680K->26819K(613440K), 0.0130295 secs] 576770K->27910K(2029056K), 0.0130953 secs] [Times: user=0.13 sys=0.00, real=0.01 secs] 
2020-09-29T18:07:15.231+0200: 1.506: [GC (Allocation Failure) 2020-09-29T18:07:15.231+0200: 1.506: [ParNew: 572163K->40127K(613440K), 0.0182843 secs] 573254K->41218K(2029056K), 0.0183426 secs] [Times: user=0.13 sys=0.00, real=0.02 secs] 
2020-09-29T18:07:15.303+0200: 1.578: [GC (Allocation Failure) 2020-09-29T18:07:15.303+0200: 1.578: [ParNew: 585471K->51222K(613440K), 0.0193439 secs] 586562K->52313K(2029056K), 0.0194028 secs] [Times: user=0.13 sys=0.00, real=0.02 secs] 
2020-09-29T18:07:15.372+0200: 1.647: [GC (Allocation Failure) 2020-09-29T18:07:15.372+0200: 1.647: [ParNew: 596566K->63556K(613440K), 0.0233564 secs] 597657K->64647K(2029056K), 0.0234389 secs] [Times: user=0.25 sys=0.00, real=0.02 secs] 
2020-09-29T18:07:15.447+0200: 1.722: [GC (Allocation Failure) 2020-09-29T18:07:15.447+0200: 1.722: [ParNew: 608900K->68096K(613440K), 0.0233344 secs] 609991K->69186K(2029056K), 0.0234183 secs] [Times: user=0.13 sys=0.00, real=0.02 secs] 
2020-09-29T18:07:15.518+0200: 1.793: [GC (Allocation Failure) 2020-09-29T18:07:15.518+0200: 1.793: [ParNew: 613440K->52376K(613440K), 0.0196611 secs] 614530K->53467K(2029056K), 0.0197164 secs] [Times: user=0.25 sys=0.00, real=0.02 secs] 
2020-09-29T18:07:15.589+0200: 1.863: [GC (Allocation Failure) 2020-09-29T18:07:15.589+0200: 1.863: [ParNew: 597720K->60738K(613440K), 0.0227739 secs] 598811K->61828K(2029056K), 0.0228297 secs] [Times: user=0.11 sys=0.00, real=0.02 secs] 
2020-09-29T18:07:15.663+0200: 1.938: [GC (Allocation Failure) 2020-09-29T18:07:15.663+0200: 1.938: [ParNew: 606082K->47154K(613440K), 0.0189103 secs] 607172K->48245K(2029056K), 0.0189802 secs] [Times: user=0.13 sys=0.00, real=0.02 secs] 
2020-09-29T18:07:15.733+0200: 2.008: [GC (Allocation Failure) 2020-09-29T18:07:15.733+0200: 2.008: [ParNew: 592498K->48212K(613440K), 0.0197149 secs] 593589K->49302K(2029056K), 0.0197759 secs] [Times: user=0.13 sys=0.00, real=0.02 secs] 
2020-09-29T18:07:15.800+0200: 2.075: [GC (Allocation Failure) 2020-09-29T18:07:15.800+0200: 2.075: [ParNew: 593556K->40830K(613440K), 0.0195319 secs] 594646K->41921K(2029056K), 0.0196095 secs] [Times: user=0.25 sys=0.00, real=0.02 secs] 
2020-09-29T18:07:15.872+0200: 2.147: [GC (Allocation Failure) 2020-09-29T18:07:15.872+0200: 2.147: [ParNew: 586174K->65385K(613440K), 0.0219483 secs] 587265K->66476K(2029056K), 0.0220178 secs] [Times: user=0.13 sys=0.00, real=0.02 secs] 
2020-09-29T18:07:15.943+0200: 2.217: [GC (Allocation Failure) 2020-09-29T18:07:15.943+0200: 2.217: [ParNew: 610729K->48123K(613440K), 0.0156749 secs] 611820K->49213K(2029056K), 0.0157315 secs] [Times: user=0.13 sys=0.00, real=0.01 secs] 
2020-09-29T18:07:16.007+0200: 2.281: [GC (Allocation Failure) 2020-09-29T18:07:16.007+0200: 2.281: [ParNew: 593467K->45106K(613440K), 0.0202361 secs] 594557K->46196K(2029056K), 0.0203049 secs] [Times: user=0.13 sys=0.00, real=0.02 secs] 
2020-09-29T18:07:16.079+0200: 2.354: [GC (Allocation Failure) 2020-09-29T18:07:16.079+0200: 2.354: [ParNew: 590450K->42247K(613440K), 0.0147990 secs] 591540K->43337K(2029056K), 0.0148531 secs] [Times: user=0.13 sys=0.00, real=0.02 secs] 
2020-09-29T18:07:16.145+0200: 2.419: [GC (Allocation Failure) 2020-09-29T18:07:16.145+0200: 2.419: [ParNew: 587591K->54365K(613440K), 0.0195326 secs] 588681K->55456K(2029056K), 0.0196001 secs] [Times: user=0.13 sys=0.00, real=0.02 secs] 
2020-09-29T18:07:16.214+0200: 2.488: [GC (Allocation Failure) 2020-09-29T18:07:16.214+0200: 2.488: [ParNew: 599709K->67828K(613440K), 0.0260655 secs] 600800K->68919K(2029056K), 0.0262217 secs] [Times: user=0.25 sys=0.00, real=0.03 secs] 
2020-09-29T18:07:16.288+0200: 2.563: [GC (Allocation Failure) 2020-09-29T18:07:16.288+0200: 2.563: [ParNew: 613172K->43943K(613440K), 0.0112877 secs] 614263K->45033K(2029056K), 0.0113435 secs] [Times: user=0.00 sys=0.00, real=0.01 secs] 
2020-09-29T18:07:16.348+0200: 2.623: [GC (Allocation Failure) 2020-09-29T18:07:16.348+0200: 2.623: [ParNew: 589287K->51043K(613440K), 0.0215754 secs] 590377K->52134K(2029056K), 0.0216558 secs] [Times: user=0.13 sys=0.00, real=0.02 secs] 
2020-09-29T18:07:16.418+0200: 2.692: [GC (Allocation Failure) 2020-09-29T18:07:16.418+0200: 2.692: [ParNew: 596387K->40823K(613440K), 0.0154744 secs] 597478K->41913K(2029056K), 0.0155405 secs] [Times: user=0.13 sys=0.00, real=0.02 secs] 
2020-09-29T18:07:16.485+0200: 2.759: [GC (Allocation Failure) 2020-09-29T18:07:16.485+0200: 2.759: [ParNew: 586167K->59075K(613440K), 0.0202082 secs] 587257K->60166K(2029056K), 0.0283374 secs] [Times: user=0.25 sys=0.00, real=0.03 secs] 
2020-09-29T18:07:16.572+0200: 2.846: [GC (Allocation Failure) 2020-09-29T18:07:16.572+0200: 2.846: [ParNew: 604419K->44393K(613440K), 0.0195776 secs] 605510K->45483K(2029056K), 0.0196553 secs] [Times: user=0.13 sys=0.00, real=0.02 secs] 
2020-09-29T18:07:16.641+0200: 2.915: [GC (Allocation Failure) 2020-09-29T18:07:16.642+0200: 2.915: [ParNew: 589737K->46405K(613440K), 0.0189546 secs] 590827K->47495K(2029056K), 0.0190318 secs] [Times: user=0.14 sys=0.00, real=0.02 secs] 
2020-09-29T18:07:16.710+0200: 2.983: [GC (Allocation Failure) 2020-09-29T18:07:16.710+0200: 2.984: [ParNew: 591749K->41070K(613440K), 0.0178044 secs] 592839K->42161K(2029056K), 0.0178613 secs] [Times: user=0.13 sys=0.00, real=0.02 secs] 
2020-09-29T18:07:16.776+0200: 3.050: [GC (Allocation Failure) 2020-09-29T18:07:16.776+0200: 3.050: [ParNew: 586414K->67539K(613440K), 0.0220683 secs] 587505K->68629K(2029056K), 0.0221329 secs] [Times: user=0.13 sys=0.00, real=0.02 secs] 
2020-09-29T18:07:16.848+0200: 3.121: [GC (Allocation Failure) 2020-09-29T18:07:16.848+0200: 3.121: [ParNew: 612883K->36403K(613440K), 0.0101961 secs] 613973K->37493K(2029056K), 0.0102497 secs] [Times: user=0.13 sys=0.00, real=0.01 secs] 
2020-09-29T18:07:16.905+0200: 3.179: [GC (Allocation Failure) 2020-09-29T18:07:16.905+0200: 3.179: [ParNew: 581747K->33309K(613440K), 0.0131642 secs] 582837K->34400K(2029056K), 0.0132270 secs] [Times: user=0.13 sys=0.00, real=0.01 secs] 
2020-09-29T18:07:16.968+0200: 3.242: [GC (Allocation Failure) 2020-09-29T18:07:16.968+0200: 3.242: [ParNew: 578653K->41093K(613440K), 0.0193869 secs] 579744K->42184K(2029056K), 0.0194431 secs] [Times: user=0.13 sys=0.00, real=0.02 secs] 
2020-09-29T18:07:17.035+0200: 3.308: [GC (Allocation Failure) 2020-09-29T18:07:17.035+0200: 3.309: [ParNew: 586437K->39858K(613440K), 0.0125177 secs] 587528K->40948K(2029056K), 0.0125719 secs] [Times: user=0.13 sys=0.00, real=0.01 secs] 
2020-09-29T18:07:17.100+0200: 3.374: [GC (Allocation Failure) 2020-09-29T18:07:17.101+0200: 3.374: [ParNew: 585202K->32798K(613440K), 0.0129312 secs] 586292K->33889K(2029056K), 0.0129941 secs] [Times: user=0.00 sys=0.00, real=0.01 secs] 
2020-09-29T18:07:17.175+0200: 3.449: [GC (Allocation Failure) 2020-09-29T18:07:17.176+0200: 3.449: [ParNew: 578142K->54832K(613440K), 0.0224497 secs] 579233K->55923K(2029056K), 0.0225363 secs] [Times: user=0.25 sys=0.00, real=0.02 secs] 
2020-09-29T18:07:17.248+0200: 3.522: [GC (Allocation Failure) 2020-09-29T18:07:17.248+0200: 3.522: [ParNew: 600176K->43834K(613440K), 0.0164684 secs] 601267K->44924K(2029056K), 0.0165240 secs] [Times: user=0.13 sys=0.00, real=0.02 secs] 
2020-09-29T18:07:17.319+0200: 3.593: [GC (Allocation Failure) 2020-09-29T18:07:17.319+0200: 3.593: [ParNew: 589178K->62158K(613440K), 0.0225359 secs] 590268K->63249K(2029056K), 0.0225918 secs] [Times: user=0.13 sys=0.00, real=0.02 secs] 
2020-09-29T18:07:17.392+0200: 3.666: [GC (Allocation Failure) 2020-09-29T18:07:17.392+0200: 3.666: [ParNew: 607502K->41797K(613440K), 0.0159158 secs] 608593K->42888K(2029056K), 0.0159738 secs] [Times: user=0.13 sys=0.00, real=0.02 secs] 
2020-09-29T18:07:17.456+0200: 3.729: [GC (Allocation Failure) 2020-09-29T18:07:17.456+0200: 3.729: [ParNew: 587141K->35816K(613440K), 0.0144024 secs] 588232K->36907K(2029056K), 0.0144597 secs] [Times: user=0.13 sys=0.00, real=0.01 secs] 
2020-09-29T18:07:17.516+0200: 3.790: [GC (Allocation Failure) 2020-09-29T18:07:17.516+0200: 3.790: [ParNew: 581160K->52126K(613440K), 0.0196995 secs] 582251K->53216K(2029056K), 0.0197567 secs] [Times: user=0.25 sys=0.00, real=0.02 secs] 
2020-09-29T18:07:17.584+0200: 3.857: [GC (Allocation Failure) 2020-09-29T18:07:17.584+0200: 3.857: [ParNew: 597470K->43052K(613440K), 0.0188025 secs] 598560K->44142K(2029056K), 0.0188652 secs] [Times: user=0.13 sys=0.00, real=0.02 secs] 
2020-09-29T18:07:17.653+0200: 3.927: [GC (Allocation Failure) 2020-09-29T18:07:17.653+0200: 3.927: [ParNew: 588396K->44097K(613440K), 0.0177343 secs] 589486K->45187K(2029056K), 0.0178105 secs] [Times: user=0.13 sys=0.00, real=0.02 secs] 
2020-09-29T18:07:17.719+0200: 3.992: [GC (Allocation Failure) 2020-09-29T18:07:17.719+0200: 3.993: [ParNew: 589441K->67051K(613440K), 0.0225887 secs] 590531K->68142K(2029056K), 0.0226573 secs] [Times: user=0.25 sys=0.00, real=0.02 secs] 
2020-09-29T18:07:17.792+0200: 4.066: [GC (Allocation Failure) 2020-09-29T18:07:17.792+0200: 4.066: [ParNew: 612395K->45544K(613440K), 0.0172397 secs] 613486K->46635K(2029056K), 0.0173430 secs] [Times: user=0.13 sys=0.00, real=0.02 secs] 
2020-09-29T18:07:17.861+0200: 4.135: [GC (Allocation Failure) 2020-09-29T18:07:17.861+0200: 4.135: [ParNew: 590888K->64885K(613440K), 0.0210248 secs] 591979K->65975K(2029056K), 0.0210860 secs] [Times: user=0.25 sys=0.00, real=0.02 secs] 
2020-09-29T18:07:17.930+0200: 4.204: [GC (Allocation Failure) 2020-09-29T18:07:17.930+0200: 4.204: [ParNew: 610229K->47197K(613440K), 0.0202360 secs] 611319K->48288K(2029056K), 0.0202936 secs] [Times: user=0.13 sys=0.00, real=0.02 secs] 
2020-09-29T18:07:17.997+0200: 4.271: [GC (Allocation Failure) 2020-09-29T18:07:17.997+0200: 4.271: [ParNew: 592541K->43844K(613440K), 0.0200051 secs] 593632K->44934K(2029056K), 0.0200742 secs] [Times: user=0.13 sys=0.00, real=0.02 secs] 
2020-09-29T18:07:18.065+0200: 4.339: [GC (Allocation Failure) 2020-09-29T18:07:18.065+0200: 4.339: [ParNew: 589188K->46841K(613440K), 0.0183738 secs] 590278K->47932K(2029056K), 0.0184294 secs] [Times: user=0.25 sys=0.00, real=0.02 secs] 
2020-09-29T18:07:18.132+0200: 4.406: [GC (Allocation Failure) 2020-09-29T18:07:18.132+0200: 4.406: [ParNew: 592185K->33340K(613440K), 0.0118314 secs] 593276K->34431K(2029056K), 0.0119018 secs] [Times: user=0.00 sys=0.00, real=0.01 secs] 
2020-09-29T18:07:18.191+0200: 4.465: [GC (Allocation Failure) 2020-09-29T18:07:18.191+0200: 4.465: [ParNew: 578684K->32554K(613440K), 0.0200380 secs] 579775K->33645K(2029056K), 0.0201029 secs] [Times: user=0.14 sys=0.00, real=0.02 secs] 
2020-09-29T18:07:18.265+0200: 4.539: [GC (Allocation Failure) 2020-09-29T18:07:18.265+0200: 4.539: [ParNew: 577898K->51986K(613440K), 0.0211577 secs] 578989K->53076K(2029056K), 0.0212196 secs] [Times: user=0.25 sys=0.00, real=0.02 secs] 
2020-09-29T18:07:18.335+0200: 4.609: [GC (Allocation Failure) 2020-09-29T18:07:18.335+0200: 4.609: [ParNew: 597330K->57092K(613440K), 0.0199102 secs] 598420K->58182K(2029056K), 0.0199836 secs] [Times: user=0.13 sys=0.00, real=0.02 secs] 
2020-09-29T18:07:18.403+0200: 4.677: [GC (Allocation Failure) 2020-09-29T18:07:18.403+0200: 4.677: [ParNew: 602436K->37475K(613440K), 0.0132587 secs] 603526K->38566K(2029056K), 0.0133186 secs] [Times: user=0.13 sys=0.00, real=0.01 secs] 
2020-09-29T18:07:18.466+0200: 4.740: [GC (Allocation Failure) 2020-09-29T18:07:18.466+0200: 4.740: [ParNew: 582819K->29247K(613440K), 0.0138253 secs] 583910K->30337K(2029056K), 0.0138826 secs] [Times: user=0.13 sys=0.00, real=0.01 secs] 
2020-09-29T18:07:18.528+0200: 4.802: [GC (Allocation Failure) 2020-09-29T18:07:18.528+0200: 4.802: [ParNew: 574591K->49150K(613440K), 0.0170439 secs] 575681K->50240K(2029056K), 0.0171135 secs] [Times: user=0.13 sys=0.00, real=0.02 secs] 
2020-09-29T18:07:18.598+0200: 4.872: [GC (Allocation Failure) 2020-09-29T18:07:18.598+0200: 4.872: [ParNew: 594494K->34621K(613440K), 0.0172300 secs] 595584K->35712K(2029056K), 0.0172879 secs] [Times: user=0.25 sys=0.00, real=0.02 secs] 
2020-09-29T18:07:18.666+0200: 4.940: [GC (Allocation Failure) 2020-09-29T18:07:18.666+0200: 4.940: [ParNew: 579965K->33353K(613440K), 0.0160182 secs] 581056K->34444K(2029056K), 0.0160786 secs] [Times: user=0.13 sys=0.00, real=0.02 secs] 
2020-09-29T18:07:18.735+0200: 5.009: [GC (Allocation Failure) 2020-09-29T18:07:18.735+0200: 5.009: [ParNew: 578697K->32695K(613440K), 0.0157615 secs] 579788K->33785K(2029056K), 0.0158211 secs] [Times: user=0.13 sys=0.00, real=0.02 secs] 
2020-09-29T18:07:18.803+0200: 5.077: [GC (Allocation Failure) 2020-09-29T18:07:18.803+0200: 5.077: [ParNew: 578039K->55499K(613440K), 0.0200056 secs] 579129K->56589K(2029056K), 0.0200768 secs] [Times: user=0.13 sys=0.00, real=0.02 secs] 
2020-09-29T18:07:18.870+0200: 5.145: [GC (Allocation Failure) 2020-09-29T18:07:18.870+0200: 5.145: [ParNew: 600843K->42800K(613440K), 0.0195175 secs] 601933K->43890K(2029056K), 0.0195885 secs] [Times: user=0.13 sys=0.00, real=0.02 secs] 
2020-09-29T18:07:18.938+0200: 5.213: [GC (Allocation Failure) 2020-09-29T18:07:18.938+0200: 5.213: [ParNew: 587677K->34254K(613440K), 0.0123350 secs] 588768K->35345K(2029056K), 0.0123894 secs] [Times: user=0.13 sys=0.00, real=0.01 secs] 
2020-09-29T18:07:19.000+0200: 5.274: [GC (Allocation Failure) 2020-09-29T18:07:19.000+0200: 5.274: [ParNew: 579598K->34481K(613440K), 0.0162087 secs] 580689K->35571K(2029056K), 0.0162691 secs] [Times: user=0.11 sys=0.00, real=0.02 secs] 
2020-09-29T18:07:19.064+0200: 5.338: [GC (Allocation Failure) 2020-09-29T18:07:19.064+0200: 5.338: [ParNew: 579825K->28217K(613440K), 0.0130696 secs] 580915K->29307K(2029056K), 0.0131253 secs] [Times: user=0.13 sys=0.00, real=0.01 secs] 
2020-09-29T18:07:19.127+0200: 5.402: [GC (Allocation Failure) 2020-09-29T18:07:19.127+0200: 5.402: [ParNew: 573561K->63655K(613440K), 0.0241538 secs] 574651K->64746K(2029056K), 0.0242328 secs] [Times: user=0.25 sys=0.00, real=0.02 secs] 
2020-09-29T18:07:19.200+0200: 5.474: [GC (Allocation Failure) 2020-09-29T18:07:19.200+0200: 5.474: [ParNew: 608999K->50621K(613440K), 0.0216022 secs] 610090K->51711K(2029056K), 0.0216625 secs] [Times: user=0.11 sys=0.00, real=0.02 secs] 
2020-09-29T18:07:19.277+0200: 5.551: [GC (Allocation Failure) 2020-09-29T18:07:19.277+0200: 5.551: [ParNew: 595965K->45601K(613440K), 0.0181568 secs] 597055K->46691K(2029056K), 0.0182275 secs] [Times: user=0.13 sys=0.00, real=0.02 secs] 
2020-09-29T18:07:19.345+0200: 5.619: [GC (Allocation Failure) 2020-09-29T18:07:19.345+0200: 5.619: [ParNew: 590945K->44655K(613440K), 0.0173266 secs] 592035K->45746K(2029056K), 0.0173849 secs] [Times: user=0.13 sys=0.00, real=0.02 secs] 
2020-09-29T18:07:19.409+0200: 5.684: [GC (Allocation Failure) 2020-09-29T18:07:19.409+0200: 5.684: [ParNew: 589999K->65330K(613440K), 0.0215997 secs] 591090K->66421K(2029056K), 0.0216689 secs] [Times: user=0.25 sys=0.00, real=0.02 secs] 
2020-09-29T18:07:19.479+0200: 5.754: [GC (Allocation Failure) 2020-09-29T18:07:19.479+0200: 5.754: [ParNew: 610674K->40569K(613440K), 0.0159297 secs] 611765K->41659K(2029056K), 0.0159888 secs] [Times: user=0.13 sys=0.00, real=0.02 secs] 
2020-09-29T18:07:19.543+0200: 5.818: [GC (Allocation Failure) 2020-09-29T18:07:19.543+0200: 5.818: [ParNew: 585913K->56810K(613440K), 0.0185065 secs] 587003K->57901K(2029056K), 0.0185911 secs] [Times: user=0.13 sys=0.00, real=0.02 secs] 
2020-09-29T18:07:19.612+0200: 5.886: [GC (Allocation Failure) 2020-09-29T18:07:19.612+0200: 5.886: [ParNew: 602154K->58571K(613440K), 0.0233255 secs] 603245K->59662K(2029056K), 0.0233836 secs] [Times: user=0.23 sys=0.00, real=0.02 secs] 
2020-09-29T18:07:19.683+0200: 5.958: [GC (Allocation Failure) 2020-09-29T18:07:19.683+0200: 5.958: [ParNew: 603915K->68096K(613440K), 0.0223177 secs] 605006K->69395K(2029056K), 0.0223771 secs] [Times: user=0.13 sys=0.00, real=0.02 secs] 
2020-09-29T18:07:19.755+0200: 6.029: [GC (Allocation Failure) 2020-09-29T18:07:19.755+0200: 6.029: [ParNew: 613440K->45421K(613440K), 0.0170922 secs] 614739K->46720K(2029056K), 0.0172043 secs] [Times: user=0.13 sys=0.00, real=0.02 secs] 
2020-09-29T18:07:19.824+0200: 6.099: [GC (Allocation Failure) 2020-09-29T18:07:19.824+0200: 6.099: [ParNew: 590765K->35290K(613440K), 0.0089672 secs] 592064K->36590K(2029056K), 0.0090444 secs] [Times: user=0.13 sys=0.00, real=0.01 secs] 
2020-09-29T18:07:19.888+0200: 6.163: [GC (Allocation Failure) 2020-09-29T18:07:19.888+0200: 6.163: [ParNew: 580634K->49703K(613440K), 0.0209913 secs] 581934K->51002K(2029056K), 0.0210467 secs] [Times: user=0.11 sys=0.00, real=0.02 secs] 
2020-09-29T18:07:19.960+0200: 6.234: [GC (Allocation Failure) 2020-09-29T18:07:19.960+0200: 6.234: [ParNew: 595047K->59457K(613440K), 0.0198019 secs] 596346K->60756K(2029056K), 0.0198831 secs] [Times: user=0.13 sys=0.00, real=0.02 secs] 
2020-09-29T18:07:20.029+0200: 6.304: [GC (Allocation Failure) 2020-09-29T18:07:20.029+0200: 6.304: [ParNew: 604801K->46820K(613440K), 0.0190057 secs] 606100K->48119K(2029056K), 0.0190668 secs] [Times: user=0.13 sys=0.00, real=0.02 secs] 
2020-09-29T18:07:20.096+0200: 6.371: [GC (Allocation Failure) 2020-09-29T18:07:20.096+0200: 6.371: [ParNew: 592164K->44811K(613440K), 0.0189521 secs] 593463K->46110K(2029056K), 0.0190141 secs] [Times: user=0.25 sys=0.00, real=0.02 secs] 
2020-09-29T18:07:20.167+0200: 6.442: [GC (Allocation Failure) 2020-09-29T18:07:20.167+0200: 6.442: [ParNew: 590155K->41899K(613440K), 0.0179181 secs] 591454K->43198K(2029056K), 0.0179984 secs] [Times: user=0.13 sys=0.00, real=0.02 secs] 
2020-09-29T18:07:20.236+0200: 6.511: [GC (Allocation Failure) 2020-09-29T18:07:20.236+0200: 6.511: [ParNew: 587243K->64809K(613440K), 0.0234627 secs] 588542K->66108K(2029056K), 0.0235210 secs] [Times: user=0.25 sys=0.00, real=0.02 secs] 
2020-09-29T18:07:20.308+0200: 6.582: [GC (Allocation Failure) 2020-09-29T18:07:20.308+0200: 6.582: [ParNew: 610153K->41055K(613440K), 0.0113173 secs] 611452K->42354K(2029056K), 0.0113740 secs] [Times: user=0.13 sys=0.00, real=0.01 secs] 
2020-09-29T18:07:20.369+0200: 6.643: [GC (Allocation Failure) 2020-09-29T18:07:20.369+0200: 6.643: [ParNew: 586399K->44003K(613440K), 0.0202376 secs] 587698K->45302K(2029056K), 0.0203317 secs] [Times: user=0.13 sys=0.00, real=0.02 secs] 
2020-09-29T18:07:20.437+0200: 6.711: [GC (Allocation Failure) 2020-09-29T18:07:20.437+0200: 6.711: [ParNew: 589347K->61250K(613440K), 0.0187000 secs] 590646K->62549K(2029056K), 0.0187723 secs] [Times: user=0.13 sys=0.00, real=0.02 secs] 
2020-09-29T18:07:20.505+0200: 6.780: [GC (Allocation Failure) 2020-09-29T18:07:20.506+0200: 6.780: [ParNew: 606594K->45948K(613440K), 0.0177043 secs] 607893K->47247K(2029056K), 0.0177677 secs] [Times: user=0.13 sys=0.00, real=0.02 secs] 
2020-09-29T18:07:20.575+0200: 6.850: [GC (Allocation Failure) 2020-09-29T18:07:20.575+0200: 6.850: [ParNew: 591292K->45913K(613440K), 0.0182344 secs] 592591K->47212K(2029056K), 0.0183013 secs] [Times: user=0.11 sys=0.00, real=0.02 secs] 
2020-09-29T18:07:20.641+0200: 6.916: [GC (Allocation Failure) 2020-09-29T18:07:20.641+0200: 6.916: [ParNew: 591257K->37540K(613440K), 0.0168991 secs] 592556K->38840K(2029056K), 0.0169618 secs] [Times: user=0.13 sys=0.00, real=0.02 secs] 
2020-09-29T18:07:20.707+0200: 6.982: [GC (Allocation Failure) 2020-09-29T18:07:20.707+0200: 6.982: [ParNew: 582884K->54610K(613440K), 0.0209760 secs] 584184K->55910K(2029056K), 0.0210465 secs] [Times: user=0.13 sys=0.00, real=0.02 secs] 
2020-09-29T18:07:20.777+0200: 7.051: [GC (Allocation Failure) 2020-09-29T18:07:20.777+0200: 7.051: [ParNew: 599954K->48629K(613440K), 0.0224197 secs] 601254K->49929K(2029056K), 0.0224860 secs] [Times: user=0.13 sys=0.00, real=0.02 secs] 
2020-09-29T18:07:20.849+0200: 7.123: [GC (Allocation Failure) 2020-09-29T18:07:20.849+0200: 7.123: [ParNew: 593973K->37701K(613440K), 0.0139168 secs] 595273K->39000K(2029056K), 0.0139736 secs] [Times: user=0.00 sys=0.00, real=0.01 secs] 
2020-09-29T18:07:20.915+0200: 7.189: [GC (Allocation Failure) 2020-09-29T18:07:20.915+0200: 7.189: [ParNew: 583045K->41206K(613440K), 0.0177949 secs] 584344K->42505K(2029056K), 0.0178553 secs] [Times: user=0.13 sys=0.00, real=0.02 secs] 
2020-09-29T18:07:20.983+0200: 7.257: [GC (Allocation Failure) 2020-09-29T18:07:20.983+0200: 7.257: [ParNew: 586550K->61280K(613440K), 0.0224907 secs] 587849K->62579K(2029056K), 0.0225566 secs] [Times: user=0.25 sys=0.00, real=0.02 secs] 
2020-09-29T18:07:21.053+0200: 7.328: [GC (Allocation Failure) 2020-09-29T18:07:21.053+0200: 7.328: [ParNew: 606624K->46010K(613440K), 0.0180447 secs] 607923K->47309K(2029056K), 0.0181054 secs] [Times: user=0.13 sys=0.00, real=0.02 secs] 
2020-09-29T18:07:21.118+0200: 7.392: [GC (Allocation Failure) 2020-09-29T18:07:21.118+0200: 7.392: [ParNew: 591354K->67523K(613440K), 0.0213046 secs] 592653K->68823K(2029056K), 0.0213636 secs] [Times: user=0.13 sys=0.00, real=0.02 secs] 
2020-09-29T18:07:21.189+0200: 7.463: [GC (Allocation Failure) 2020-09-29T18:07:21.189+0200: 7.463: [ParNew: 612867K->44857K(613440K), 0.0197294 secs] 614167K->46156K(2029056K), 0.0198115 secs] [Times: user=0.22 sys=0.00, real=0.02 secs] 
2020-09-29T18:07:21.263+0200: 7.538: [GC (Allocation Failure) 2020-09-29T18:07:21.263+0200: 7.538: [ParNew: 590201K->60914K(613440K), 0.0261300 secs] 591500K->62213K(2029056K), 0.0262323 secs] [Times: user=0.25 sys=0.00, real=0.03 secs] 
2020-09-29T18:07:21.340+0200: 7.615: [GC (Allocation Failure) 2020-09-29T18:07:21.340+0200: 7.615: [ParNew: 606258K->40655K(613440K), 0.0150801 secs] 607557K->41954K(2029056K), 0.0151528 secs] [Times: user=0.13 sys=0.00, real=0.02 secs] 
2020-09-29T18:07:21.408+0200: 7.682: [GC (Allocation Failure) 2020-09-29T18:07:21.408+0200: 7.682: [ParNew: 585999K->39875K(613440K), 0.0175948 secs] 587298K->41174K(2029056K), 0.0176592 secs] [Times: user=0.13 sys=0.00, real=0.02 secs] 
2020-09-29T18:07:21.475+0200: 7.750: [GC (Allocation Failure) 2020-09-29T18:07:21.475+0200: 7.750: [ParNew: 585219K->51150K(613440K), 0.0173339 secs] 586518K->52450K(2029056K), 0.0174012 secs] [Times: user=0.13 sys=0.00, real=0.02 secs] 
2020-09-29T18:07:21.541+0200: 7.815: [GC (Allocation Failure) 2020-09-29T18:07:21.541+0200: 7.815: [ParNew: 596494K->56960K(613440K), 0.0211487 secs] 597794K->58260K(2029056K), 0.0212137 secs] [Times: user=0.13 sys=0.00, real=0.02 secs] 
2020-09-29T18:07:21.614+0200: 7.888: [GC (Allocation Failure) 2020-09-29T18:07:21.614+0200: 7.888: [ParNew: 602304K->43474K(613440K), 0.0153535 secs] 603604K->44774K(2029056K), 0.0154274 secs] [Times: user=0.13 sys=0.00, real=0.01 secs] 
2020-09-29T18:07:21.675+0200: 7.950: [GC (Allocation Failure) 2020-09-29T18:07:21.675+0200: 7.950: [ParNew: 588818K->41048K(613440K), 0.0146487 secs] 590118K->42347K(2029056K), 0.0147069 secs] [Times: user=0.13 sys=0.00, real=0.02 secs] 
2020-09-29T18:07:21.746+0200: 8.021: [GC (Allocation Failure) 2020-09-29T18:07:21.746+0200: 8.021: [ParNew: 586392K->53961K(613440K), 0.0248442 secs] 587691K->55260K(2029056K), 0.0249356 secs] [Times: user=0.23 sys=0.02, real=0.02 secs] 
2020-09-29T18:07:21.823+0200: 8.098: [GC (Allocation Failure) 2020-09-29T18:07:21.823+0200: 8.098: [ParNew: 599305K->68096K(613440K), 0.0249674 secs] 600604K->70551K(2029056K), 0.0250292 secs] [Times: user=0.25 sys=0.00, real=0.03 secs] 
2020-09-29T18:07:21.896+0200: 8.171: [GC (Allocation Failure) 2020-09-29T18:07:21.896+0200: 8.171: [ParNew: 613440K->51434K(613440K), 0.0174202 secs] 615895K->53889K(2029056K), 0.0174941 secs] [Times: user=0.13 sys=0.00, real=0.02 secs] 
2020-09-29T18:07:21.968+0200: 8.242: [GC (Allocation Failure) 2020-09-29T18:07:21.974+0200: 8.248: [ParNew: 596778K->42580K(613440K), 0.0178302 secs] 599233K->45036K(2029056K), 0.0244170 secs] [Times: user=0.13 sys=0.00, real=0.02 secs] 
2020-09-29T18:07:22.038+0200: 8.313: [GC (Allocation Failure) 2020-09-29T18:07:22.038+0200: 8.313: [ParNew: 587924K->65054K(613440K), 0.0220300 secs] 590380K->67509K(2029056K), 0.0220949 secs] [Times: user=0.13 sys=0.00, real=0.02 secs] 
2020-09-29T18:07:22.108+0200: 8.383: [GC (Allocation Failure) 2020-09-29T18:07:22.108+0200: 8.383: [ParNew: 610398K->42869K(613440K), 0.0169557 secs] 612853K->45325K(2029056K), 0.0170338 secs] [Times: user=0.13 sys=0.00, real=0.02 secs] 
2020-09-29T18:07:22.172+0200: 8.446: [GC (Allocation Failure) 2020-09-29T18:07:22.172+0200: 8.446: [ParNew: 588213K->35411K(613440K), 0.0133577 secs] 590669K->37867K(2029056K), 0.0134219 secs] [Times: user=0.13 sys=0.00, real=0.01 secs] 
2020-09-29T18:07:22.241+0200: 8.515: [GC (Allocation Failure) 2020-09-29T18:07:22.241+0200: 8.515: [ParNew: 580755K->50107K(613440K), 0.0185610 secs] 583211K->52562K(2029056K), 0.0186172 secs] [Times: user=0.13 sys=0.00, real=0.02 secs] 
2020-09-29T18:07:22.311+0200: 8.586: [GC (Allocation Failure) 2020-09-29T18:07:22.311+0200: 8.586: [ParNew: 595451K->64183K(613440K), 0.0230184 secs] 597906K->66639K(2029056K), 0.0230898 secs] [Times: user=0.24 sys=0.01, real=0.02 secs] 
2020-09-29T18:07:22.382+0200: 8.656: [GC (Allocation Failure) 2020-09-29T18:07:22.382+0200: 8.656: [ParNew: 609527K->45493K(613440K), 0.0164011 secs] 611983K->47949K(2029056K), 0.0164592 secs] [Times: user=0.13 sys=0.00, real=0.02 secs] 
2020-09-29T18:07:22.451+0200: 8.726: [GC (Allocation Failure) 2020-09-29T18:07:22.451+0200: 8.726: [ParNew: 590837K->63310K(613440K), 0.0219849 secs] 593293K->65766K(2029056K), 0.0220470 secs] [Times: user=0.25 sys=0.00, real=0.02 secs] 
2020-09-29T18:07:22.520+0200: 8.795: [GC (Allocation Failure) 2020-09-29T18:07:22.520+0200: 8.795: [ParNew: 608654K->36320K(613440K), 0.0097609 secs] 611110K->38775K(2029056K), 0.0098178 secs] [Times: user=0.00 sys=0.00, real=0.01 secs] 
2020-09-29T18:07:22.580+0200: 8.855: [GC (Allocation Failure) 2020-09-29T18:07:22.580+0200: 8.855: [ParNew: 581664K->40685K(613440K), 0.0202672 secs] 584119K->43141K(2029056K), 0.0203240 secs] [Times: user=0.23 sys=0.00, real=0.02 secs] 
2020-09-29T18:07:22.656+0200: 8.930: [GC (Allocation Failure) 2020-09-29T18:07:22.656+0200: 8.930: [ParNew: 586029K->51349K(613440K), 0.0192952 secs] 588485K->53805K(2029056K), 0.0193712 secs] [Times: user=0.13 sys=0.00, real=0.02 secs] 
2020-09-29T18:07:22.724+0200: 8.998: [GC (Allocation Failure) 2020-09-29T18:07:22.724+0200: 8.998: [ParNew: 596693K->62824K(613440K), 0.0235665 secs] 599149K->65280K(2029056K), 0.0236224 secs] [Times: user=0.13 sys=0.00, real=0.02 secs] 
2020-09-29T18:07:22.794+0200: 9.069: [GC (Allocation Failure) 2020-09-29T18:07:22.794+0200: 9.069: [ParNew: 608168K->50640K(613440K), 0.0162374 secs] 610624K->53095K(2029056K), 0.0162953 secs] [Times: user=0.13 sys=0.00, real=0.02 secs] 
2020-09-29T18:07:22.863+0200: 9.137: [GC (Allocation Failure) 2020-09-29T18:07:22.863+0200: 9.137: [ParNew: 595984K->33058K(613440K), 0.0182102 secs] 598439K->35514K(2029056K), 0.0183049 secs] [Times: user=0.25 sys=0.00, real=0.02 secs] 
2020-09-29T18:07:22.932+0200: 9.207: [GC (Allocation Failure) 2020-09-29T18:07:22.932+0200: 9.207: [ParNew: 578402K->55205K(613440K), 0.0216728 secs] 580858K->57661K(2029056K), 0.0217336 secs] [Times: user=0.13 sys=0.00, real=0.02 secs] 
2020-09-29T18:07:23.004+0200: 9.278: [GC (Allocation Failure) 2020-09-29T18:07:23.004+0200: 9.278: [ParNew: 600549K->56942K(613440K), 0.0228654 secs] 603005K->59398K(2029056K), 0.0229552 secs] [Times: user=0.11 sys=0.00, real=0.02 secs] 
2020-09-29T18:07:23.078+0200: 9.353: [GC (Allocation Failure) 2020-09-29T18:07:23.078+0200: 9.353: [ParNew: 602286K->42908K(613440K), 0.0196766 secs] 604742K->45364K(2029056K), 0.0197506 secs] [Times: user=0.25 sys=0.00, real=0.02 secs] 
2020-09-29T18:07:23.148+0200: 9.423: [GC (Allocation Failure) 2020-09-29T18:07:23.148+0200: 9.423: [ParNew: 588252K->68096K(613440K), 0.0242546 secs] 590708K->70551K(2029056K), 0.0243210 secs] [Times: user=0.13 sys=0.00, real=0.03 secs] 
2020-09-29T18:07:23.225+0200: 9.500: [GC (Allocation Failure) 2020-09-29T18:07:23.225+0200: 9.500: [ParNew: 613440K->51966K(613440K), 0.0217781 secs] 615895K->54422K(2029056K), 0.0218627 secs] [Times: user=0.13 sys=0.00, real=0.02 secs] 
2020-09-29T18:07:23.301+0200: 9.576: [GC (Allocation Failure) 2020-09-29T18:07:23.301+0200: 9.576: [ParNew: 597310K->40548K(613440K), 0.0193231 secs] 599766K->43004K(2029056K), 0.0194068 secs] [Times: user=0.13 sys=0.00, real=0.02 secs] 
2020-09-29T18:07:23.376+0200: 9.650: [GC (Allocation Failure) 2020-09-29T18:07:23.376+0200: 9.650: [ParNew: 585892K->49875K(613440K), 0.0268006 secs] 588348K->52330K(2029056K), 0.0269038 secs] [Times: user=0.20 sys=0.00, real=0.03 secs] 
2020-09-29T18:07:23.453+0200: 9.727: [GC (Allocation Failure) 2020-09-29T18:07:23.453+0200: 9.727: [ParNew: 595219K->42832K(613440K), 0.0204393 secs] 597674K->45288K(2029056K), 0.0205017 secs] [Times: user=0.25 sys=0.00, real=0.02 secs] 
2020-09-29T18:07:23.523+0200: 9.798: [GC (Allocation Failure) 2020-09-29T18:07:23.523+0200: 9.798: [ParNew: 588176K->44594K(613440K), 0.0219126 secs] 590632K->47050K(2029056K), 0.0219799 secs] [Times: user=0.11 sys=0.00, real=0.02 secs] 
2020-09-29T18:07:23.596+0200: 9.871: [GC (Allocation Failure) 2020-09-29T18:07:23.596+0200: 9.871: [ParNew: 589938K->35127K(613440K), 0.0136157 secs] 592394K->37583K(2029056K), 0.0136830 secs] [Times: user=0.11 sys=0.00, real=0.01 secs] 
2020-09-29T18:07:23.672+0200: 9.947: [GC (Allocation Failure) 2020-09-29T18:07:23.672+0200: 9.947: [ParNew: 580471K->37148K(613440K), 0.0182920 secs] 582927K->39604K(2029056K), 0.0183683 secs] [Times: user=0.11 sys=0.00, real=0.02 secs] 
2020-09-29T18:07:23.742+0200: 10.017: [GC (Allocation Failure) 2020-09-29T18:07:23.742+0200: 10.017: [ParNew: 582492K->45459K(613440K), 0.0218122 secs] 584948K->47915K(2029056K), 0.0219070 secs] [Times: user=0.13 sys=0.00, real=0.02 secs] 
2020-09-29T18:07:23.815+0200: 10.090: [GC (Allocation Failure) 2020-09-29T18:07:23.815+0200: 10.090: [ParNew: 590803K->48428K(613440K), 0.0214445 secs] 593259K->50883K(2029056K), 0.0215111 secs] [Times: user=0.25 sys=0.00, real=0.02 secs] 
2020-09-29T18:07:23.890+0200: 10.165: [GC (Allocation Failure) 2020-09-29T18:07:23.890+0200: 10.165: [ParNew: 593772K->45014K(613440K), 0.0216470 secs] 596227K->47470K(2029056K), 0.0217268 secs] [Times: user=0.22 sys=0.00, real=0.02 secs] 
2020-09-29T18:07:23.962+0200: 10.237: [GC (Allocation Failure) 2020-09-29T18:07:23.962+0200: 10.237: [ParNew: 590358K->41695K(613440K), 0.0193037 secs] 592814K->44151K(2029056K), 0.0193725 secs] [Times: user=0.13 sys=0.00, real=0.02 secs] 
2020-09-29T18:07:24.030+0200: 10.305: [GC (Allocation Failure) 2020-09-29T18:07:24.030+0200: 10.305: [ParNew: 587039K->38974K(613440K), 0.0172380 secs] 589495K->41430K(2029056K), 0.0172941 secs] [Times: user=0.11 sys=0.00, real=0.02 secs] 
2020-09-29T18:07:24.096+0200: 10.371: [GC (Allocation Failure) 2020-09-29T18:07:24.096+0200: 10.371: [ParNew: 584318K->38544K(613440K), 0.0148739 secs] 586774K->41000K(2029056K), 0.0149313 secs] [Times: user=0.13 sys=0.00, real=0.02 secs] 
2020-09-29T18:07:24.158+0200: 10.432: [GC (Allocation Failure) 2020-09-29T18:07:24.158+0200: 10.432: [ParNew: 583888K->53854K(613440K), 0.0193687 secs] 586344K->56310K(2029056K), 0.0194343 secs] [Times: user=0.25 sys=0.00, real=0.02 secs] 
2020-09-29T18:07:24.228+0200: 10.503: [GC (Allocation Failure) 2020-09-29T18:07:24.228+0200: 10.503: [ParNew: 599198K->38600K(613440K), 0.0195037 secs] 601654K->41056K(2029056K), 0.0195778 secs] [Times: user=0.13 sys=0.00, real=0.02 secs] 
2020-09-29T18:07:24.299+0200: 10.574: [GC (Allocation Failure) 2020-09-29T18:07:24.299+0200: 10.574: [ParNew: 583944K->61480K(613440K), 0.0231606 secs] 586400K->63936K(2029056K), 0.0232230 secs] [Times: user=0.23 sys=0.00, real=0.02 secs] 
2020-09-29T18:07:24.373+0200: 10.648: [GC (Allocation Failure) 2020-09-29T18:07:24.373+0200: 10.648: [ParNew: 606824K->65961K(613440K), 0.0261088 secs] 609280K->68417K(2029056K), 0.0261811 secs] [Times: user=0.22 sys=0.00, real=0.03 secs] 
2020-09-29T18:07:24.449+0200: 10.724: [GC (Allocation Failure) 2020-09-29T18:07:24.449+0200: 10.724: [ParNew: 611305K->31539K(613440K), 0.0152178 secs] 613761K->33995K(2029056K), 0.0152834 secs] [Times: user=0.13 sys=0.00, real=0.02 secs] 
2020-09-29T18:07:24.515+0200: 10.789: [GC (Allocation Failure) 2020-09-29T18:07:24.515+0200: 10.789: [ParNew: 576883K->49682K(613440K), 0.0186712 secs] 579339K->52138K(2029056K), 0.0187393 secs] [Times: user=0.13 sys=0.00, real=0.02 secs] 
2020-09-29T18:07:24.583+0200: 10.858: [GC (Allocation Failure) 2020-09-29T18:07:24.583+0200: 10.858: [ParNew: 595026K->54251K(613440K), 0.0206349 secs] 597482K->56706K(2029056K), 0.0207013 secs] [Times: user=0.11 sys=0.00, real=0.02 secs] 
2020-09-29T18:07:24.655+0200: 10.929: [GC (Allocation Failure) 2020-09-29T18:07:24.655+0200: 10.929: [ParNew: 599595K->58554K(613440K), 0.0248176 secs] 602050K->61010K(2029056K), 0.0249267 secs] [Times: user=0.24 sys=0.00, real=0.03 secs] 
2020-09-29T18:07:24.733+0200: 11.007: [GC (Allocation Failure) 2020-09-29T18:07:24.733+0200: 11.007: [ParNew: 603898K->41072K(613440K), 0.0118547 secs] 606354K->43527K(2029056K), 0.0119135 secs] [Times: user=0.13 sys=0.00, real=0.01 secs] 
2020-09-29T18:07:24.797+0200: 11.072: [GC (Allocation Failure) 2020-09-29T18:07:24.797+0200: 11.072: [ParNew: 586416K->44679K(613440K), 0.0212916 secs] 588871K->47135K(2029056K), 0.0213550 secs] [Times: user=0.25 sys=0.00, real=0.02 secs] 
2020-09-29T18:07:24.867+0200: 11.142: [GC (Allocation Failure) 2020-09-29T18:07:24.867+0200: 11.142: [ParNew: 590023K->61536K(613440K), 0.0210501 secs] 592479K->63992K(2029056K), 0.0211164 secs] [Times: user=0.13 sys=0.00, real=0.02 secs] 
2020-09-29T18:07:24.935+0200: 11.210: [GC (Allocation Failure) 2020-09-29T18:07:24.935+0200: 11.210: [ParNew: 606880K->47887K(613440K), 0.0191990 secs] 609336K->50343K(2029056K), 0.0192557 secs] [Times: user=0.13 sys=0.00, real=0.02 secs] 
2020-09-29T18:07:25.003+0200: 11.277: [GC (Allocation Failure) 2020-09-29T18:07:25.003+0200: 11.277: [ParNew: 593231K->68096K(613440K), 0.0247394 secs] 595687K->71207K(2029056K), 0.0247972 secs] [Times: user=0.25 sys=0.00, real=0.02 secs] 
2020-09-29T18:07:25.074+0200: 11.349: [GC (Allocation Failure) 2020-09-29T18:07:25.074+0200: 11.349: [ParNew: 613440K->59097K(613440K), 0.0229933 secs] 616551K->62209K(2029056K), 0.0230503 secs] [Times: user=0.13 sys=0.00, real=0.02 secs] 
2020-09-29T18:07:25.145+0200: 11.419: [GC (Allocation Failure) 2020-09-29T18:07:25.145+0200: 11.419: [ParNew: 604441K->49926K(613440K), 0.0179112 secs] 607553K->53038K(2029056K), 0.0179684 secs] [Times: user=0.13 sys=0.00, real=0.02 secs] 
2020-09-29T18:07:25.212+0200: 11.486: [GC (Allocation Failure) 2020-09-29T18:07:25.212+0200: 11.486: [ParNew: 595270K->44631K(613440K), 0.0193162 secs] 598382K->47742K(2029056K), 0.0193913 secs] [Times: user=0.13 sys=0.00, real=0.02 secs] 
2020-09-29T18:07:25.282+0200: 11.556: [GC (Allocation Failure) 2020-09-29T18:07:25.282+0200: 11.556: [ParNew: 589975K->38497K(613440K), 0.0168110 secs] 593086K->41609K(2029056K), 0.0168677 secs] [Times: user=0.13 sys=0.00, real=0.02 secs] 
2020-09-29T18:07:25.349+0200: 11.624: [GC (Allocation Failure) 2020-09-29T18:07:25.349+0200: 11.624: [ParNew: 583841K->55376K(613440K), 0.0213566 secs] 586953K->58488K(2029056K), 0.0214378 secs] [Times: user=0.13 sys=0.00, real=0.02 secs] 
2020-09-29T18:07:25.420+0200: 11.695: [GC (Allocation Failure) 2020-09-29T18:07:25.420+0200: 11.695: [ParNew: 600720K->42897K(613440K), 0.0148510 secs] 603832K->46008K(2029056K), 0.0149077 secs] [Times: user=0.13 sys=0.00, real=0.01 secs] 
2020-09-29T18:07:25.487+0200: 11.762: [GC (Allocation Failure) 2020-09-29T18:07:25.487+0200: 11.762: [ParNew: 588241K->32125K(613440K), 0.0148321 secs] 591352K->35236K(2029056K), 0.0148943 secs] [Times: user=0.13 sys=0.00, real=0.02 secs] 
2020-09-29T18:07:25.549+0200: 11.824: [GC (Allocation Failure) 2020-09-29T18:07:25.549+0200: 11.824: [ParNew: 577469K->47927K(613440K), 0.0172626 secs] 580580K->51039K(2029056K), 0.0173210 secs] [Times: user=0.14 sys=0.00, real=0.02 secs] 
2020-09-29T18:07:25.622+0200: 11.896: [GC (Allocation Failure) 2020-09-29T18:07:25.622+0200: 11.896: [ParNew: 593271K->45188K(613440K), 0.0180789 secs] 596383K->48300K(2029056K), 0.0181396 secs] [Times: user=0.13 sys=0.00, real=0.02 secs] 
2020-09-29T18:07:25.688+0200: 11.963: [GC (Allocation Failure) 2020-09-29T18:07:25.688+0200: 11.963: [ParNew: 590532K->29976K(613440K), 0.0094840 secs] 593644K->33087K(2029056K), 0.0095463 secs] [Times: user=0.11 sys=0.00, real=0.01 secs] 
2020-09-29T18:07:25.749+0200: 12.024: [GC (Allocation Failure) 2020-09-29T18:07:25.749+0200: 12.024: [ParNew: 575320K->65016K(613440K), 0.0255436 secs] 578431K->68128K(2029056K), 0.0256194 secs] [Times: user=0.25 sys=0.00, real=0.02 secs] 
2020-09-29T18:07:25.823+0200: 12.097: [GC (Allocation Failure) 2020-09-29T18:07:25.823+0200: 12.097: [ParNew: 610360K->47532K(613440K), 0.0192991 secs] 613472K->50643K(2029056K), 0.0193610 secs] [Times: user=0.13 sys=0.00, real=0.02 secs] 
2020-09-29T18:07:25.895+0200: 12.170: [GC (Allocation Failure) 2020-09-29T18:07:25.895+0200: 12.170: [ParNew: 592876K->68096K(613440K), 0.0261485 secs] 595987K->71866K(2029056K), 0.0262125 secs] [Times: user=0.13 sys=0.00, real=0.03 secs] 
2020-09-29T18:07:25.972+0200: 12.247: [GC (Allocation Failure) 2020-09-29T18:07:25.972+0200: 12.247: [ParNew: 613440K->53198K(613440K), 0.0205687 secs] 617210K->56969K(2029056K), 0.0206287 secs] [Times: user=0.24 sys=0.00, real=0.02 secs] 
2020-09-29T18:07:26.048+0200: 12.322: [GC (Allocation Failure) 2020-09-29T18:07:26.048+0200: 12.322: [ParNew: 598542K->44960K(613440K), 0.0188343 secs] 602313K->48731K(2029056K), 0.0203468 secs] [Times: user=0.13 sys=0.00, real=0.02 secs] 
2020-09-29T18:07:26.118+0200: 12.393: [GC (Allocation Failure) 2020-09-29T18:07:26.118+0200: 12.393: [ParNew: 590304K->35699K(613440K), 0.0113927 secs] 594075K->39469K(2029056K), 0.0114526 secs] [Times: user=0.13 sys=0.00, real=0.01 secs] 
2020-09-29T18:07:26.179+0200: 12.453: [GC (Allocation Failure) 2020-09-29T18:07:26.179+0200: 12.453: [ParNew: 581043K->33981K(613440K), 0.0190696 secs] 584813K->37751K(2029056K), 0.0191462 secs] [Times: user=0.09 sys=0.00, real=0.02 secs] 
2020-09-29T18:07:26.250+0200: 12.524: [GC (Allocation Failure) 2020-09-29T18:07:26.250+0200: 12.524: [ParNew: 579325K->37761K(613440K), 0.0158569 secs] 583095K->41531K(2029056K), 0.0159143 secs] [Times: user=0.13 sys=0.00, real=0.02 secs] 
2020-09-29T18:07:26.313+0200: 12.587: [GC (Allocation Failure) 2020-09-29T18:07:26.313+0200: 12.587: [ParNew: 583105K->68096K(613440K), 0.0250004 secs] 586875K->71866K(2029056K), 0.0250637 secs] [Times: user=0.25 sys=0.00, real=0.03 secs] 
2020-09-29T18:07:26.385+0200: 12.660: [GC (Allocation Failure) 2020-09-29T18:07:26.385+0200: 12.660: [ParNew: 613440K->68096K(613440K), 0.0245353 secs] 617210K->72432K(2029056K), 0.0245916 secs] [Times: user=0.13 sys=0.00, real=0.03 secs] 
2020-09-29T18:07:26.457+0200: 12.731: [GC (Allocation Failure) 2020-09-29T18:07:26.457+0200: 12.731: [ParNew: 613440K->50230K(613440K), 0.0177085 secs] 617776K->54566K(2029056K), 0.0178075 secs] [Times: user=0.25 sys=0.00, real=0.02 secs] 
2020-09-29T18:07:26.524+0200: 12.798: [GC (Allocation Failure) 2020-09-29T18:07:26.524+0200: 12.798: [ParNew: 595574K->39120K(613440K), 0.0173500 secs] 599910K->43456K(2029056K), 0.0174039 secs] [Times: user=0.13 sys=0.00, real=0.02 secs] 
2020-09-29T18:07:26.599+0200: 12.873: [GC (Allocation Failure) 2020-09-29T18:07:26.599+0200: 12.873: [ParNew: 584464K->30926K(613440K), 0.0099985 secs] 588800K->35262K(2029056K), 0.0100605 secs] [Times: user=0.00 sys=0.00, real=0.01 secs] 
2020-09-29T18:07:26.657+0200: 12.931: [GC (Allocation Failure) 2020-09-29T18:07:26.657+0200: 12.931: [ParNew: 576270K->29448K(613440K), 0.0138243 secs] 580606K->33784K(2029056K), 0.0138924 secs] [Times: user=0.13 sys=0.00, real=0.01 secs] 
2020-09-29T18:07:26.722+0200: 12.996: [GC (Allocation Failure) 2020-09-29T18:07:26.722+0200: 12.996: [ParNew: 574792K->55676K(613440K), 0.0244001 secs] 579128K->60012K(2029056K), 0.0244617 secs] [Times: user=0.25 sys=0.00, real=0.02 secs] 
2020-09-29T18:07:26.795+0200: 13.069: [GC (Allocation Failure) 2020-09-29T18:07:26.795+0200: 13.069: [ParNew: 601020K->48741K(613440K), 0.0175962 secs] 605356K->53078K(2029056K), 0.0176628 secs] [Times: user=0.13 sys=0.00, real=0.02 secs] 
2020-09-29T18:07:26.863+0200: 13.137: [GC (Allocation Failure) 2020-09-29T18:07:26.863+0200: 13.137: [ParNew: 594085K->68096K(613440K), 0.0219108 secs] 598422K->72432K(2029056K), 0.0219831 secs] [Times: user=0.25 sys=0.00, real=0.02 secs] 
2020-09-29T18:07:26.935+0200: 13.210: [GC (Allocation Failure) 2020-09-29T18:07:26.935+0200: 13.210: [ParNew: 613440K->49708K(613440K), 0.0168557 secs] 617776K->54044K(2029056K), 0.0169107 secs] [Times: user=0.13 sys=0.00, real=0.02 secs] 
2020-09-29T18:07:27.003+0200: 13.278: [GC (Allocation Failure) 2020-09-29T18:07:27.004+0200: 13.278: [ParNew: 595052K->44622K(613440K), 0.0155289 secs] 599388K->48958K(2029056K), 0.0155906 secs] [Times: user=0.13 sys=0.00, real=0.02 secs] 
2020-09-29T18:07:27.069+0200: 13.343: [GC (Allocation Failure) 2020-09-29T18:07:27.069+0200: 13.343: [ParNew: 589966K->30184K(613440K), 0.0154031 secs] 594302K->34520K(2029056K), 0.0154856 secs] [Times: user=0.13 sys=0.00, real=0.02 secs] 
2020-09-29T18:07:27.137+0200: 13.412: [GC (Allocation Failure) 2020-09-29T18:07:27.137+0200: 13.412: [ParNew: 573756K->32258K(613440K), 0.0153569 secs] 578092K->36594K(2029056K), 0.0154373 secs] [Times: user=0.11 sys=0.00, real=0.02 secs] 
2020-09-29T18:07:27.204+0200: 13.478: [GC (Allocation Failure) 2020-09-29T18:07:27.204+0200: 13.478: [ParNew: 577602K->28222K(613440K), 0.0173472 secs] 581938K->32558K(2029056K), 0.0174134 secs] [Times: user=0.11 sys=0.00, real=0.02 secs] 
2020-09-29T18:07:27.272+0200: 13.546: [GC (Allocation Failure) 2020-09-29T18:07:27.272+0200: 13.546: [ParNew: 573566K->48188K(613440K), 0.0170804 secs] 577902K->52524K(2029056K), 0.0171440 secs] [Times: user=0.13 sys=0.00, real=0.02 secs] 
2020-09-29T18:07:27.343+0200: 13.617: [GC (Allocation Failure) 2020-09-29T18:07:27.343+0200: 13.617: [ParNew: 593532K->60964K(613440K), 0.0223912 secs] 597868K->65300K(2029056K), 0.0224467 secs] [Times: user=0.25 sys=0.00, real=0.02 secs] 
2020-09-29T18:07:27.413+0200: 13.687: [GC (Allocation Failure) 2020-09-29T18:07:27.413+0200: 13.687: [ParNew: 606308K->44242K(613440K), 0.0156949 secs] 610644K->48578K(2029056K), 0.0177807 secs] [Times: user=0.13 sys=0.00, real=0.02 secs] 
2020-09-29T18:07:27.480+0200: 13.754: [GC (Allocation Failure) 2020-09-29T18:07:27.480+0200: 13.754: [ParNew: 589586K->56960K(613440K), 0.0212550 secs] 593922K->61296K(2029056K), 0.0213185 secs] [Times: user=0.13 sys=0.00, real=0.02 secs] 
2020-09-29T18:07:27.548+0200: 13.822: [GC (Allocation Failure) 2020-09-29T18:07:27.548+0200: 13.822: [ParNew: 602304K->50251K(613440K), 0.0196169 secs] 606640K->54587K(2029056K), 0.0196810 secs] [Times: user=0.25 sys=0.00, real=0.02 secs] 
2020-09-29T18:07:27.618+0200: 13.892: [GC (Allocation Failure) 2020-09-29T18:07:27.618+0200: 13.892: [ParNew: 595595K->68096K(613440K), 0.0247222 secs] 599931K->73090K(2029056K), 0.0247901 secs] [Times: user=0.13 sys=0.00, real=0.02 secs] 
2020-09-29T18:07:27.690+0200: 13.965: [GC (Allocation Failure) 2020-09-29T18:07:27.690+0200: 13.965: [ParNew: 613440K->54085K(613440K), 0.0182999 secs] 618434K->59079K(2029056K), 0.0183586 secs] [Times: user=0.25 sys=0.00, real=0.02 secs] 
2020-09-29T18:07:27.760+0200: 14.034: [GC (Allocation Failure) 2020-09-29T18:07:27.760+0200: 14.034: [ParNew: 599429K->68096K(613440K), 0.0229976 secs] 604423K->73588K(2029056K), 0.0230742 secs] [Times: user=0.13 sys=0.00, real=0.02 secs] 
2020-09-29T18:07:27.830+0200: 14.104: [GC (Allocation Failure) 2020-09-29T18:07:27.830+0200: 14.104: [ParNew: 613440K->54096K(613440K), 0.0173452 secs] 618932K->59588K(2029056K), 0.0174025 secs] [Times: user=0.13 sys=0.00, real=0.02 secs] 
2020-09-29T18:07:27.894+0200: 14.168: [GC (Allocation Failure) 2020-09-29T18:07:27.894+0200: 14.169: [ParNew: 599440K->47637K(613440K), 0.0169479 secs] 604932K->53130K(2029056K), 0.0170275 secs] [Times: user=0.25 sys=0.00, real=0.02 secs] 
2020-09-29T18:07:27.963+0200: 14.237: [GC (Allocation Failure) 2020-09-29T18:07:27.963+0200: 14.237: [ParNew: 592981K->51533K(613440K), 0.0238349 secs] 598474K->57025K(2029056K), 0.0239245 secs] [Times: user=0.13 sys=0.00, real=0.02 secs] 
2020-09-29T18:07:28.037+0200: 14.311: [GC (Allocation Failure) 2020-09-29T18:07:28.037+0200: 14.312: [ParNew: 596877K->36530K(613440K), 0.0179474 secs] 602369K->42023K(2029056K), 0.0180480 secs] [Times: user=0.13 sys=0.00, real=0.02 secs] 
2020-09-29T18:07:28.105+0200: 14.380: [GC (Allocation Failure) 2020-09-29T18:07:28.105+0200: 14.380: [ParNew: 581874K->54830K(613440K), 0.0222590 secs] 587367K->60322K(2029056K), 0.0223488 secs] [Times: user=0.13 sys=0.00, real=0.02 secs] 
2020-09-29T18:07:28.179+0200: 14.453: [GC (Allocation Failure) 2020-09-29T18:07:28.179+0200: 14.453: [ParNew: 600174K->42646K(613440K), 0.0219141 secs] 605666K->48139K(2029056K), 0.0220179 secs] [Times: user=0.13 sys=0.00, real=0.02 secs] 
2020-09-29T18:07:28.253+0200: 14.528: [GC (Allocation Failure) 2020-09-29T18:07:28.253+0200: 14.528: [ParNew: 587990K->31992K(613440K), 0.0146439 secs] 593483K->37484K(2029056K), 0.0147171 secs] [Times: user=0.08 sys=0.00, real=0.01 secs] 
2020-09-29T18:07:28.325+0200: 14.600: [GC (Allocation Failure) 2020-09-29T18:07:28.326+0200: 14.600: [ParNew: 577336K->20200K(613440K), 0.0113406 secs] 582828K->25692K(2029056K), 0.0114106 secs] [Times: user=0.13 sys=0.00, real=0.01 secs] 
2020-09-29T18:07:28.388+0200: 14.663: [GC (Allocation Failure) 2020-09-29T18:07:28.388+0200: 14.663: [ParNew: 565544K->45722K(613440K), 0.0219978 secs] 571036K->51215K(2029056K), 0.0220651 secs] [Times: user=0.13 sys=0.00, real=0.02 secs] 
2020-09-29T18:07:28.457+0200: 14.732: [GC (Allocation Failure) 2020-09-29T18:07:28.457+0200: 14.732: [ParNew: 591066K->41189K(613440K), 0.0153512 secs] 596559K->46681K(2029056K), 0.0154113 secs] [Times: user=0.25 sys=0.00, real=0.02 secs] 
2020-09-29T18:07:28.522+0200: 14.796: [GC (Allocation Failure) 2020-09-29T18:07:28.522+0200: 14.796: [ParNew: 586533K->57149K(613440K), 0.0196313 secs] 592025K->62641K(2029056K), 0.0196877 secs] [Times: user=0.13 sys=0.00, real=0.02 secs] 
2020-09-29T18:07:28.590+0200: 14.865: [GC (Allocation Failure) 2020-09-29T18:07:28.590+0200: 14.865: [ParNew: 602493K->40744K(613440K), 0.0192374 secs] 607985K->46236K(2029056K), 0.0193125 secs] [Times: user=0.13 sys=0.00, real=0.02 secs] 
2020-09-29T18:07:28.658+0200: 14.932: [GC (Allocation Failure) 2020-09-29T18:07:28.658+0200: 14.932: [ParNew: 586088K->34885K(613440K), 0.0123811 secs] 591580K->40377K(2029056K), 0.0124389 secs] [Times: user=0.13 sys=0.00, real=0.01 secs] 
2020-09-29T18:07:28.721+0200: 14.995: [GC (Allocation Failure) 2020-09-29T18:07:28.721+0200: 14.995: [ParNew: 580229K->32699K(613440K), 0.0166880 secs] 585721K->38192K(2029056K), 0.0167445 secs] [Times: user=0.13 sys=0.00, real=0.02 secs] 
2020-09-29T18:07:28.785+0200: 15.059: [GC (Allocation Failure) 2020-09-29T18:07:28.785+0200: 15.059: [ParNew: 578043K->30276K(613440K), 0.0133441 secs] 583536K->35768K(2029056K), 0.0134018 secs] [Times: user=0.13 sys=0.00, real=0.01 secs] 
2020-09-29T18:07:28.847+0200: 15.121: [GC (Allocation Failure) 2020-09-29T18:07:28.847+0200: 15.121: [ParNew: 575620K->48356K(613440K), 0.0183583 secs] 581112K->53848K(2029056K), 0.0184156 secs] [Times: user=0.25 sys=0.00, real=0.02 secs] 
2020-09-29T18:07:28.914+0200: 15.188: [GC (Allocation Failure) 2020-09-29T18:07:28.914+0200: 15.188: [ParNew: 593700K->64558K(613440K), 0.0238383 secs] 599192K->70051K(2029056K), 0.0238924 secs] [Times: user=0.13 sys=0.00, real=0.02 secs] 
2020-09-29T18:07:28.986+0200: 15.260: [GC (Allocation Failure) 2020-09-29T18:07:28.986+0200: 15.260: [ParNew: 609902K->51569K(613440K), 0.0225417 secs] 615395K->57062K(2029056K), 0.0226059 secs] [Times: user=0.25 sys=0.00, real=0.02 secs] 
2020-09-29T18:07:29.056+0200: 15.330: [GC (Allocation Failure) 2020-09-29T18:07:29.056+0200: 15.330: [ParNew: 596913K->46893K(613440K), 0.0225184 secs] 602406K->52386K(2029056K), 0.0225931 secs] [Times: user=0.13 sys=0.00, real=0.02 secs] 
2020-09-29T18:07:29.127+0200: 15.401: [GC (Allocation Failure) 2020-09-29T18:07:29.127+0200: 15.401: [ParNew: 592237K->68096K(613440K), 0.0267965 secs] 597730K->75418K(2029056K), 0.0268632 secs] [Times: user=0.25 sys=0.00, real=0.03 secs] 
2020-09-29T18:07:29.203+0200: 15.477: [GC (Allocation Failure) 2020-09-29T18:07:29.203+0200: 15.477: [ParNew: 613440K->50044K(613440K), 0.0200023 secs] 620762K->57366K(2029056K), 0.0201037 secs] [Times: user=0.23 sys=0.00, real=0.02 secs] 
2020-09-29T18:07:29.274+0200: 15.549: [GC (Allocation Failure) 2020-09-29T18:07:29.274+0200: 15.549: [ParNew: 595388K->29138K(613440K), 0.0139551 secs] 602710K->36460K(2029056K), 0.0140275 secs] [Times: user=0.13 sys=0.00, real=0.01 secs] 
2020-09-29T18:07:29.339+0200: 15.614: [GC (Allocation Failure) 2020-09-29T18:07:29.339+0200: 15.614: [ParNew: 574482K->49473K(613440K), 0.0182936 secs] 581804K->56795K(2029056K), 0.0183496 secs] [Times: user=0.13 sys=0.00, real=0.02 secs] 
2020-09-29T18:07:29.406+0200: 15.680: [GC (Allocation Failure) 2020-09-29T18:07:29.406+0200: 15.680: [ParNew: 594817K->64365K(613440K), 0.0225417 secs] 602139K->71687K(2029056K), 0.0226034 secs] [Times: user=0.25 sys=0.00, real=0.02 secs] 
2020-09-29T18:07:29.477+0200: 15.752: [GC (Allocation Failure) 2020-09-29T18:07:29.477+0200: 15.752: [ParNew: 609709K->44619K(613440K), 0.0172072 secs] 617031K->51941K(2029056K), 0.0172974 secs] [Times: user=0.13 sys=0.00, real=0.02 secs] 
2020-09-29T18:07:29.543+0200: 15.818: [GC (Allocation Failure) 2020-09-29T18:07:29.543+0200: 15.818: [ParNew: 589963K->33635K(613440K), 0.0098306 secs] 597285K->40957K(2029056K), 0.0098868 secs] [Times: user=0.13 sys=0.00, real=0.01 secs] 
2020-09-29T18:07:29.617+0200: 15.892: [GC (Allocation Failure) 2020-09-29T18:07:29.617+0200: 15.892: [ParNew: 578979K->48934K(613440K), 0.0197846 secs] 586301K->56256K(2029056K), 0.0198424 secs] [Times: user=0.13 sys=0.00, real=0.02 secs] 
2020-09-29T18:07:29.692+0200: 15.966: [GC (Allocation Failure) 2020-09-29T18:07:29.692+0200: 15.966: [ParNew: 594278K->58840K(613440K), 0.0194154 secs] 601600K->66162K(2029056K), 0.0194743 secs] [Times: user=0.13 sys=0.00, real=0.02 secs] 
2020-09-29T18:07:29.759+0200: 16.034: [GC (Allocation Failure) 2020-09-29T18:07:29.759+0200: 16.034: [ParNew: 604184K->42955K(613440K), 0.0194897 secs] 611506K->50277K(2029056K), 0.0195798 secs] [Times: user=0.13 sys=0.00, real=0.02 secs] 
2020-09-29T18:07:29.828+0200: 16.103: [GC (Allocation Failure) 2020-09-29T18:07:29.828+0200: 16.103: [ParNew: 588299K->67839K(613440K), 0.0236623 secs] 595621K->75161K(2029056K), 0.0237331 secs] [Times: user=0.23 sys=0.01, real=0.02 secs] 
2020-09-29T18:07:29.899+0200: 16.173: [GC (Allocation Failure) 2020-09-29T18:07:29.899+0200: 16.173: [ParNew: 613183K->46212K(613440K), 0.0164763 secs] 620505K->53534K(2029056K), 0.0165326 secs] [Times: user=0.13 sys=0.00, real=0.02 secs] 
2020-09-29T18:07:29.964+0200: 16.238: [GC (Allocation Failure) 2020-09-29T18:07:29.964+0200: 16.238: [ParNew: 591556K->63762K(613440K), 0.0221902 secs] 598878K->71084K(2029056K), 0.0222513 secs] [Times: user=0.13 sys=0.00, real=0.02 secs] 
2020-09-29T18:07:30.033+0200: 16.307: [GC (Allocation Failure) 2020-09-29T18:07:30.033+0200: 16.307: [ParNew: 609106K->52834K(613440K), 0.0207619 secs] 616428K->60156K(2029056K), 0.0208244 secs] [Times: user=0.25 sys=0.00, real=0.02 secs] 
2020-09-29T18:07:30.101+0200: 16.375: [GC (Allocation Failure) 2020-09-29T18:07:30.101+0200: 16.375: [ParNew: 598178K->40781K(613440K), 0.0137311 secs] 605500K->48103K(2029056K), 0.0137884 secs] [Times: user=0.13 sys=0.00, real=0.01 secs] 
2020-09-29T18:07:30.165+0200: 16.440: [GC (Allocation Failure) 2020-09-29T18:07:30.165+0200: 16.440: [ParNew: 586125K->43959K(613440K), 0.0173689 secs] 593447K->51281K(2029056K), 0.0174351 secs] [Times: user=0.13 sys=0.00, real=0.02 secs] 
2020-09-29T18:07:30.240+0200: 16.514: [GC (Allocation Failure) 2020-09-29T18:07:30.240+0200: 16.514: [ParNew: 589303K->39982K(613440K), 0.0179505 secs] 596625K->47304K(2029056K), 0.0180062 secs] [Times: user=0.13 sys=0.00, real=0.02 secs] 
2020-09-29T18:07:30.307+0200: 16.581: [GC (Allocation Failure) 2020-09-29T18:07:30.307+0200: 16.581: [ParNew: 585326K->41779K(613440K), 0.0165897 secs] 592648K->49101K(2029056K), 0.0166453 secs] [Times: user=0.13 sys=0.00, real=0.02 secs] 
2020-09-29T18:07:30.373+0200: 16.647: [GC (Allocation Failure) 2020-09-29T18:07:30.373+0200: 16.647: [ParNew: 587123K->62157K(613440K), 0.0212589 secs] 594445K->69479K(2029056K), 0.0213361 secs] [Times: user=0.13 sys=0.00, real=0.02 secs] 
2020-09-29T18:07:30.446+0200: 16.720: [GC (Allocation Failure) 2020-09-29T18:07:30.446+0200: 16.720: [ParNew: 607501K->48867K(613440K), 0.0148909 secs] 614823K->56189K(2029056K), 0.0149490 secs] [Times: user=0.13 sys=0.00, real=0.01 secs] 
2020-09-29T18:07:30.509+0200: 16.784: [GC (Allocation Failure) 2020-09-29T18:07:30.510+0200: 16.784: [ParNew: 594211K->44851K(613440K), 0.0200302 secs] 601533K->52173K(2029056K), 0.0200934 secs] [Times: user=0.13 sys=0.00, real=0.02 secs] 
2020-09-29T18:07:30.580+0200: 16.855: [GC (Allocation Failure) 2020-09-29T18:07:30.580+0200: 16.855: [ParNew: 590195K->42896K(613440K), 0.0139058 secs] 597517K->50218K(2029056K), 0.0139626 secs] [Times: user=0.13 sys=0.00, real=0.01 secs] 
2020-09-29T18:07:30.646+0200: 16.920: [GC (Allocation Failure) 2020-09-29T18:07:30.646+0200: 16.920: [ParNew: 588240K->37581K(613440K), 0.0198662 secs] 595562K->44903K(2029056K), 0.0199296 secs] [Times: user=0.13 sys=0.00, real=0.02 secs] 
2020-09-29T18:07:30.713+0200: 16.987: [GC (Allocation Failure) 2020-09-29T18:07:30.713+0200: 16.987: [ParNew: 582925K->50772K(613440K), 0.0185798 secs] 590247K->58094K(2029056K), 0.0186536 secs] [Times: user=0.13 sys=0.00, real=0.02 secs] 
2020-09-29T18:07:30.779+0200: 17.054: [GC (Allocation Failure) 2020-09-29T18:07:30.779+0200: 17.054: [ParNew: 596116K->40039K(613440K), 0.0165632 secs] 603438K->47361K(2029056K), 0.0166284 secs] [Times: user=0.13 sys=0.00, real=0.02 secs] 
2020-09-29T18:07:30.845+0200: 17.119: [GC (Allocation Failure) 2020-09-29T18:07:30.845+0200: 17.119: [ParNew: 585383K->37908K(613440K), 0.0168629 secs] 592705K->45230K(2029056K), 0.0169180 secs] [Times: user=0.13 sys=0.00, real=0.02 secs] 
2020-09-29T18:07:30.909+0200: 17.183: [GC (Allocation Failure) 2020-09-29T18:07:30.909+0200: 17.183: [ParNew: 583252K->34125K(613440K), 0.0162674 secs] 590574K->41447K(2029056K), 0.0163508 secs] [Times: user=0.13 sys=0.00, real=0.02 secs] 
2020-09-29T18:07:30.976+0200: 17.251: [GC (Allocation Failure) 2020-09-29T18:07:30.976+0200: 17.251: [ParNew: 579469K->55028K(613440K), 0.0205468 secs] 586791K->62350K(2029056K), 0.0206042 secs] [Times: user=0.13 sys=0.00, real=0.02 secs] 
2020-09-29T18:07:31.044+0200: 17.319: [GC (Allocation Failure) 2020-09-29T18:07:31.044+0200: 17.319: [ParNew: 600372K->39242K(613440K), 0.0078578 secs] 607694K->46564K(2029056K), 0.0079117 secs] [Times: user=0.13 sys=0.00, real=0.01 secs] 
2020-09-29T18:07:31.111+0200: 17.385: [GC (Allocation Failure) 2020-09-29T18:07:31.111+0200: 17.385: [ParNew: 584586K->40190K(613440K), 0.0197811 secs] 591908K->47512K(2029056K), 0.0198761 secs] [Times: user=0.25 sys=0.00, real=0.02 secs] 
2020-09-29T18:07:31.179+0200: 17.453: [GC (Allocation Failure) 2020-09-29T18:07:31.179+0200: 17.453: [ParNew: 585534K->36259K(613440K), 0.0153521 secs] 592856K->43581K(2029056K), 0.0154194 secs] [Times: user=0.11 sys=0.00, real=0.02 secs] 
2020-09-29T18:07:31.251+0200: 17.525: [GC (Allocation Failure) 2020-09-29T18:07:31.251+0200: 17.525: [ParNew: 581603K->46373K(613440K), 0.0189082 secs] 588925K->53695K(2029056K), 0.0189716 secs] [Times: user=0.25 sys=0.00, real=0.02 secs] 
2020-09-29T18:07:31.319+0200: 17.593: [GC (Allocation Failure) 2020-09-29T18:07:31.319+0200: 17.593: [ParNew: 591717K->53135K(613440K), 0.0172587 secs] 599039K->60457K(2029056K), 0.0173148 secs] [Times: user=0.13 sys=0.00, real=0.02 secs] 
2020-09-29T18:07:31.384+0200: 17.658: [GC (Allocation Failure) 2020-09-29T18:07:31.384+0200: 17.658: [ParNew: 598479K->56397K(613440K), 0.0221837 secs] 605801K->63719K(2029056K), 0.0222502 secs] [Times: user=0.13 sys=0.00, real=0.02 secs] 
2020-09-29T18:07:31.454+0200: 17.728: [GC (Allocation Failure) 2020-09-29T18:07:31.454+0200: 17.729: [ParNew: 601741K->68096K(613440K), 0.0204204 secs] 609063K->75418K(2029056K), 0.0204786 secs] [Times: user=0.25 sys=0.00, real=0.02 secs] 
2020-09-29T18:07:31.524+0200: 17.799: [GC (Allocation Failure) 2020-09-29T18:07:31.524+0200: 17.799: [ParNew: 613440K->50142K(613440K), 0.0208626 secs] 620762K->57464K(2029056K), 0.0209510 secs] [Times: user=0.13 sys=0.00, real=0.02 secs] 
2020-09-29T18:07:31.601+0200: 17.875: [GC (Allocation Failure) 2020-09-29T18:07:31.601+0200: 17.875: [ParNew: 595486K->50076K(613440K), 0.0223197 secs] 602808K->57398K(2029056K), 0.0223978 secs] [Times: user=0.13 sys=0.00, real=0.02 secs] 
2020-09-29T18:07:31.675+0200: 17.949: [GC (Allocation Failure) 2020-09-29T18:07:31.675+0200: 17.949: [ParNew: 595420K->37535K(613440K), 0.0152326 secs] 602742K->44857K(2029056K), 0.0153092 secs] [Times: user=0.13 sys=0.00, real=0.02 secs] 
2020-09-29T18:07:31.746+0200: 18.020: [GC (Allocation Failure) 2020-09-29T18:07:31.746+0200: 18.020: [ParNew: 582879K->52996K(613440K), 0.0178247 secs] 590201K->60318K(2029056K), 0.0178838 secs] [Times: user=0.13 sys=0.00, real=0.02 secs] 
2020-09-29T18:07:31.812+0200: 18.087: [GC (Allocation Failure) 2020-09-29T18:07:31.812+0200: 18.087: [ParNew: 598340K->42413K(613440K), 0.0169308 secs] 605662K->49735K(2029056K), 0.0169862 secs] [Times: user=0.13 sys=0.00, real=0.02 secs] 
2020-09-29T18:07:31.876+0200: 18.150: [GC (Allocation Failure) 2020-09-29T18:07:31.876+0200: 18.150: [ParNew: 587757K->55061K(613440K), 0.0215842 secs] 595079K->62383K(2029056K), 0.0216492 secs] [Times: user=0.25 sys=0.00, real=0.02 secs] 
2020-09-29T18:07:31.947+0200: 18.221: [GC (Allocation Failure) 2020-09-29T18:07:31.947+0200: 18.221: [ParNew: 600405K->44718K(613440K), 0.0159803 secs] 607727K->52040K(2029056K), 0.0160396 secs] [Times: user=0.13 sys=0.00, real=0.02 secs] 
2020-09-29T18:07:32.012+0200: 18.286: [GC (Allocation Failure) 2020-09-29T18:07:32.012+0200: 18.286: [ParNew: 590062K->46162K(613440K), 0.0202628 secs] 597384K->53484K(2029056K), 0.0203221 secs] [Times: user=0.13 sys=0.00, real=0.02 secs] 
2020-09-29T18:07:32.080+0200: 18.354: [GC (Allocation Failure) 2020-09-29T18:07:32.080+0200: 18.354: [ParNew: 591506K->40921K(613440K), 0.0197080 secs] 598828K->48243K(2029056K), 0.0197693 secs] [Times: user=0.25 sys=0.00, real=0.02 secs] 
2020-09-29T18:07:32.146+0200: 18.420: [GC (Allocation Failure) 2020-09-29T18:07:32.146+0200: 18.420: [ParNew: 586265K->35998K(613440K), 0.0127585 secs] 593587K->43320K(2029056K), 0.0128198 secs] [Times: user=0.00 sys=0.00, real=0.01 secs] 
2020-09-29T18:07:32.210+0200: 18.485: [GC (Allocation Failure) 2020-09-29T18:07:32.210+0200: 18.485: [ParNew: 581342K->36538K(613440K), 0.0193266 secs] 588664K->43860K(2029056K), 0.0193931 secs] [Times: user=0.13 sys=0.00, real=0.02 secs] 
2020-09-29T18:07:32.281+0200: 18.555: [GC (Allocation Failure) 2020-09-29T18:07:32.281+0200: 18.555: [ParNew: 581882K->46346K(613440K), 0.0161968 secs] 589204K->53668K(2029056K), 0.0162530 secs] [Times: user=0.13 sys=0.00, real=0.02 secs] 
2020-09-29T18:07:32.344+0200: 18.618: [GC (Allocation Failure) 2020-09-29T18:07:32.344+0200: 18.618: [ParNew: 591690K->33526K(613440K), 0.0167679 secs] 599012K->40848K(2029056K), 0.0168247 secs] [Times: user=0.13 sys=0.00, real=0.02 secs] 
2020-09-29T18:07:32.410+0200: 18.685: [GC (Allocation Failure) 2020-09-29T18:07:32.410+0200: 18.685: [ParNew: 578870K->53960K(613440K), 0.0206317 secs] 586192K->61282K(2029056K), 0.0207034 secs] [Times: user=0.25 sys=0.00, real=0.02 secs] 
2020-09-29T18:07:32.477+0200: 18.752: [GC (Allocation Failure) 2020-09-29T18:07:32.477+0200: 18.752: [ParNew: 599304K->42531K(613440K), 0.0191560 secs] 606626K->49853K(2029056K), 0.0192273 secs] [Times: user=0.13 sys=0.00, real=0.02 secs] 
2020-09-29T18:07:32.545+0200: 18.819: [GC (Allocation Failure) 2020-09-29T18:07:32.545+0200: 18.819: [ParNew: 587875K->43287K(613440K), 0.0180520 secs] 595197K->50609K(2029056K), 0.0181482 secs] [Times: user=0.13 sys=0.00, real=0.02 secs] 
2020-09-29T18:07:32.612+0200: 18.887: [GC (Allocation Failure) 2020-09-29T18:07:32.612+0200: 18.887: [ParNew: 588631K->38090K(613440K), 0.0171294 secs] 595953K->45412K(2029056K), 0.0171882 secs] [Times: user=0.13 sys=0.00, real=0.02 secs] 
2020-09-29T18:07:32.677+0200: 18.952: [GC (Allocation Failure) 2020-09-29T18:07:32.677+0200: 18.952: [ParNew: 583434K->60609K(613440K), 0.0206065 secs] 590756K->67931K(2029056K), 0.0206661 secs] [Times: user=0.13 sys=0.00, real=0.02 secs] 
2020-09-29T18:07:32.746+0200: 19.021: [GC (Allocation Failure) 2020-09-29T18:07:32.746+0200: 19.021: [ParNew: 605953K->43514K(613440K), 0.0157784 secs] 613275K->50836K(2029056K), 0.0158517 secs] [Times: user=0.13 sys=0.00, real=0.02 secs] 
2020-09-29T18:07:32.812+0200: 19.086: [GC (Allocation Failure) 2020-09-29T18:07:32.812+0200: 19.086: [ParNew: 588858K->37164K(613440K), 0.0143494 secs] 596180K->44486K(2029056K), 0.0144048 secs] [Times: user=0.13 sys=0.00, real=0.01 secs] 
2020-09-29T18:07:32.877+0200: 19.151: [GC (Allocation Failure) 2020-09-29T18:07:32.877+0200: 19.151: [ParNew: 582508K->26865K(613440K), 0.0138571 secs] 589830K->34187K(2029056K), 0.0139180 secs] [Times: user=0.13 sys=0.00, real=0.01 secs] 
2020-09-29T18:07:32.939+0200: 19.214: [GC (Allocation Failure) 2020-09-29T18:07:32.939+0200: 19.214: [ParNew: 572209K->27466K(613440K), 0.0121542 secs] 579531K->34788K(2029056K), 0.0122171 secs] [Times: user=0.13 sys=0.00, real=0.01 secs] 
2020-09-29T18:07:32.999+0200: 19.273: [GC (Allocation Failure) 2020-09-29T18:07:32.999+0200: 19.273: [ParNew: 572810K->37695K(613440K), 0.0164743 secs] 580132K->45017K(2029056K), 0.0165330 secs] [Times: user=0.13 sys=0.00, real=0.02 secs] 
2020-09-29T18:07:33.062+0200: 19.336: [GC (Allocation Failure) 2020-09-29T18:07:33.062+0200: 19.336: [ParNew: 583039K->29281K(613440K), 0.0144750 secs] 590361K->36603K(2029056K), 0.0145322 secs] [Times: user=0.13 sys=0.00, real=0.01 secs] 
2020-09-29T18:07:33.123+0200: 19.398: [GC (Allocation Failure) 2020-09-29T18:07:33.123+0200: 19.398: [ParNew: 574625K->27144K(613440K), 0.0147947 secs] 581947K->34466K(2029056K), 0.0148523 secs] [Times: user=0.13 sys=0.00, real=0.02 secs] 
2020-09-29T18:07:33.186+0200: 19.461: [GC (Allocation Failure) 2020-09-29T18:07:33.186+0200: 19.461: [ParNew: 572488K->51246K(613440K), 0.0228965 secs] 579810K->58568K(2029056K), 0.0229617 secs] [Times: user=0.24 sys=0.00, real=0.02 secs] 
2020-09-29T18:07:33.262+0200: 19.536: [GC (Allocation Failure) 2020-09-29T18:07:33.262+0200: 19.536: [ParNew: 596590K->30719K(613440K), 0.0125602 secs] 603912K->38041K(2029056K), 0.0126180 secs] [Times: user=0.13 sys=0.00, real=0.01 secs] 
2020-09-29T18:07:33.327+0200: 19.601: [GC (Allocation Failure) 2020-09-29T18:07:33.327+0200: 19.601: [ParNew: 576063K->46509K(613440K), 0.0214121 secs] 583385K->53831K(2029056K), 0.0214712 secs] [Times: user=0.25 sys=0.00, real=0.02 secs] 
2020-09-29T18:07:33.395+0200: 19.670: [GC (Allocation Failure) 2020-09-29T18:07:33.395+0200: 19.670: [ParNew: 591853K->65898K(613440K), 0.0207819 secs] 599175K->73220K(2029056K), 0.0208360 secs] [Times: user=0.13 sys=0.00, real=0.02 secs] 
2020-09-29T18:07:33.464+0200: 19.738: [GC (Allocation Failure) 2020-09-29T18:07:33.464+0200: 19.738: [ParNew: 611242K->39408K(613440K), 0.0152228 secs] 618564K->46730K(2029056K), 0.0152860 secs] [Times: user=0.13 sys=0.00, real=0.02 secs] 
2020-09-29T18:07:33.527+0200: 19.802: [GC (Allocation Failure) 2020-09-29T18:07:33.527+0200: 19.802: [ParNew: 584752K->33852K(613440K), 0.0144148 secs] 592074K->41174K(2029056K), 0.0144721 secs] [Times: user=0.13 sys=0.00, real=0.02 secs] 
2020-09-29T18:07:33.590+0200: 19.864: [GC (Allocation Failure) 2020-09-29T18:07:33.590+0200: 19.864: [ParNew: 579196K->51529K(613440K), 0.0238424 secs] 586518K->58851K(2029056K), 0.0239021 secs] [Times: user=0.25 sys=0.00, real=0.02 secs] 
2020-09-29T18:07:33.662+0200: 19.937: [GC (Allocation Failure) 2020-09-29T18:07:33.662+0200: 19.937: [ParNew: 596873K->48507K(613440K), 0.0180430 secs] 604195K->55829K(2029056K), 0.0181198 secs] [Times: user=0.13 sys=0.00, real=0.02 secs] 
2020-09-29T18:07:33.729+0200: 20.003: [GC (Allocation Failure) 2020-09-29T18:07:33.729+0200: 20.003: [ParNew: 593851K->65156K(613440K), 0.0222921 secs] 601173K->72478K(2029056K), 0.0223650 secs] [Times: user=0.13 sys=0.00, real=0.02 secs] 
2020-09-29T18:07:33.800+0200: 20.074: [GC (Allocation Failure) 2020-09-29T18:07:33.800+0200: 20.074: [ParNew: 610500K->47028K(613440K), 0.0213701 secs] 617822K->54350K(2029056K), 0.0214444 secs] [Times: user=0.25 sys=0.00, real=0.02 secs] 
2020-09-29T18:07:33.870+0200: 20.144: [GC (Allocation Failure) 2020-09-29T18:07:33.870+0200: 20.144: [ParNew: 592372K->40007K(613440K), 0.0142792 secs] 599694K->47329K(2029056K), 0.0143492 secs] [Times: user=0.13 sys=0.00, real=0.01 secs] 
2020-09-29T18:07:33.934+0200: 20.208: [GC (Allocation Failure) 2020-09-29T18:07:33.934+0200: 20.208: [ParNew: 585351K->36992K(613440K), 0.0132194 secs] 592673K->44314K(2029056K), 0.0132750 secs] [Times: user=0.13 sys=0.00, real=0.01 secs] 
2020-09-29T18:07:33.997+0200: 20.272: [GC (Allocation Failure) 2020-09-29T18:07:33.997+0200: 20.272: [ParNew: 582336K->46510K(613440K), 0.0193155 secs] 589658K->53832K(2029056K), 0.0193734 secs] [Times: user=0.13 sys=0.00, real=0.02 secs] 
2020-09-29T18:07:34.064+0200: 20.338: [GC (Allocation Failure) 2020-09-29T18:07:34.064+0200: 20.338: [ParNew: 591854K->57589K(613440K), 0.0230493 secs] 599176K->64911K(2029056K), 0.0231080 secs] [Times: user=0.25 sys=0.00, real=0.02 secs] 
2020-09-29T18:07:34.134+0200: 20.409: [GC (Allocation Failure) 2020-09-29T18:07:34.134+0200: 20.409: [ParNew: 602933K->48288K(613440K), 0.0166417 secs] 610255K->55610K(2029056K), 0.0166958 secs] [Times: user=0.13 sys=0.00, real=0.02 secs] 
2020-09-29T18:07:34.201+0200: 20.476: [GC (Allocation Failure) 2020-09-29T18:07:34.201+0200: 20.476: [ParNew: 593632K->42699K(613440K), 0.0181382 secs] 600954K->50022K(2029056K), 0.0182135 secs] [Times: user=0.11 sys=0.00, real=0.02 secs] 
2020-09-29T18:07:34.275+0200: 20.549: [GC (Allocation Failure) 2020-09-29T18:07:34.275+0200: 20.549: [ParNew: 588043K->34281K(613440K), 0.0154263 secs] 595366K->41603K(2029056K), 0.0154915 secs] [Times: user=0.13 sys=0.00, real=0.02 secs] 
2020-09-29T18:07:34.340+0200: 20.615: [GC (Allocation Failure) 2020-09-29T18:07:34.340+0200: 20.615: [ParNew: 579625K->41090K(613440K), 0.0197098 secs] 586947K->48412K(2029056K), 0.0197813 secs] [Times: user=0.11 sys=0.00, real=0.02 secs] 
2020-09-29T18:07:34.408+0200: 20.683: [GC (Allocation Failure) 2020-09-29T18:07:34.408+0200: 20.683: [ParNew: 586434K->64854K(613440K), 0.0237659 secs] 593756K->72176K(2029056K), 0.0238228 secs] [Times: user=0.25 sys=0.00, real=0.02 secs] 
2020-09-29T18:07:34.479+0200: 20.753: [GC (Allocation Failure) 2020-09-29T18:07:34.479+0200: 20.753: [ParNew: 610198K->43263K(613440K), 0.0120060 secs] 617520K->50585K(2029056K), 0.0120640 secs] [Times: user=0.13 sys=0.00, real=0.01 secs] 
2020-09-29T18:07:34.541+0200: 20.816: [GC (Allocation Failure) 2020-09-29T18:07:34.541+0200: 20.816: [ParNew: 588607K->57615K(613440K), 0.0214066 secs] 595929K->64937K(2029056K), 0.0214924 secs] [Times: user=0.13 sys=0.00, real=0.02 secs] 
2020-09-29T18:07:34.614+0200: 20.888: [GC (Allocation Failure) 2020-09-29T18:07:34.614+0200: 20.888: [ParNew: 602959K->48411K(613440K), 0.0169783 secs] 610281K->55733K(2029056K), 0.0170385 secs] [Times: user=0.13 sys=0.00, real=0.02 secs] 
2020-09-29T18:07:34.680+0200: 20.955: [GC (Allocation Failure) 2020-09-29T18:07:34.680+0200: 20.955: [ParNew: 593755K->41507K(613440K), 0.0147539 secs] 601077K->48829K(2029056K), 0.0148250 secs] [Times: user=0.13 sys=0.00, real=0.01 secs] 
2020-09-29T18:07:34.745+0200: 21.020: [GC (Allocation Failure) 2020-09-29T18:07:34.745+0200: 21.020: [ParNew: 586851K->53367K(613440K), 0.0206183 secs] 594173K->60689K(2029056K), 0.0206736 secs] [Times: user=0.13 sys=0.00, real=0.02 secs] 
2020-09-29T18:07:34.823+0200: 21.097: [GC (Allocation Failure) 2020-09-29T18:07:34.823+0200: 21.097: [ParNew: 598711K->63790K(613440K), 0.0193626 secs] 606033K->71112K(2029056K), 0.0194260 secs] [Times: user=0.13 sys=0.00, real=0.02 secs] 
2020-09-29T18:07:34.891+0200: 21.166: [GC (Allocation Failure) 2020-09-29T18:07:34.891+0200: 21.166: [ParNew: 609134K->47348K(613440K), 0.0184292 secs] 616456K->54670K(2029056K), 0.0185291 secs] [Times: user=0.13 sys=0.00, real=0.02 secs] 
2020-09-29T18:07:34.959+0200: 21.233: [GC (Allocation Failure) 2020-09-29T18:07:34.959+0200: 21.233: [ParNew: 592692K->39527K(613440K), 0.0189124 secs] 600014K->46849K(2029056K), 0.0189807 secs] [Times: user=0.13 sys=0.00, real=0.02 secs] 
2020-09-29T18:07:35.026+0200: 21.301: [GC (Allocation Failure) 2020-09-29T18:07:35.026+0200: 21.301: [ParNew: 584871K->40219K(613440K), 0.0161962 secs] 592193K->47541K(2029056K), 0.0162530 secs] [Times: user=0.13 sys=0.00, real=0.02 secs] 
2020-09-29T18:07:35.092+0200: 21.366: [GC (Allocation Failure) 2020-09-29T18:07:35.092+0200: 21.366: [ParNew: 585563K->34905K(613440K), 0.0163612 secs] 592885K->42227K(2029056K), 0.0164188 secs] [Times: user=0.13 sys=0.00, real=0.02 secs] 
2020-09-29T18:07:35.155+0200: 21.429: [GC (Allocation Failure) 2020-09-29T18:07:35.155+0200: 21.429: [ParNew: 580249K->58006K(613440K), 0.0191929 secs] 587571K->65328K(2029056K), 0.0192487 secs] [Times: user=0.13 sys=0.00, real=0.02 secs] 
2020-09-29T18:07:35.227+0200: 21.501: [GC (Allocation Failure) 2020-09-29T18:07:35.227+0200: 21.501: [ParNew: 603350K->43058K(613440K), 0.0138356 secs] 610672K->50380K(2029056K), 0.0138923 secs] [Times: user=0.13 sys=0.00, real=0.01 secs] 
2020-09-29T18:07:35.290+0200: 21.565: [GC (Allocation Failure) 2020-09-29T18:07:35.290+0200: 21.565: [ParNew: 588402K->38665K(613440K), 0.0189808 secs] 595724K->45987K(2029056K), 0.0190370 secs] [Times: user=0.13 sys=0.00, real=0.02 secs] 
2020-09-29T18:07:35.360+0200: 21.634: [GC (Allocation Failure) 2020-09-29T18:07:35.360+0200: 21.634: [ParNew: 584009K->33915K(613440K), 0.0119684 secs] 591331K->41237K(2029056K), 0.0120265 secs] [Times: user=0.13 sys=0.00, real=0.01 secs] 
2020-09-29T18:07:35.426+0200: 21.700: [GC (Allocation Failure) 2020-09-29T18:07:35.426+0200: 21.700: [ParNew: 579259K->41238K(613440K), 0.0176801 secs] 586581K->48561K(2029056K), 0.0177382 secs] [Times: user=0.13 sys=0.00, real=0.02 secs] 
2020-09-29T18:07:35.493+0200: 21.767: [GC (Allocation Failure) 2020-09-29T18:07:35.493+0200: 21.767: [ParNew: 586582K->33752K(613440K), 0.0160931 secs] 593905K->41074K(2029056K), 0.0161561 secs] [Times: user=0.13 sys=0.00, real=0.02 secs] 
2020-09-29T18:07:35.559+0200: 21.833: [GC (Allocation Failure) 2020-09-29T18:07:35.559+0200: 21.833: [ParNew: 579096K->54754K(613440K), 0.0209502 secs] 586418K->62076K(2029056K), 0.0210328 secs] [Times: user=0.13 sys=0.00, real=0.02 secs] 
2020-09-29T18:07:35.631+0200: 21.905: [GC (Allocation Failure) 2020-09-29T18:07:35.631+0200: 21.905: [ParNew: 600098K->68096K(613440K), 0.0242136 secs] 607420K->75641K(2029056K), 0.0242879 secs] [Times: user=0.13 sys=0.00, real=0.02 secs] 
2020-09-29T18:07:35.703+0200: 21.977: [GC (Allocation Failure) 2020-09-29T18:07:35.703+0200: 21.977: [ParNew: 613440K->54453K(613440K), 0.0175831 secs] 620985K->61999K(2029056K), 0.0176438 secs] [Times: user=0.13 sys=0.00, real=0.02 secs] 
2020-09-29T18:07:35.768+0200: 22.042: [GC (Allocation Failure) 2020-09-29T18:07:35.768+0200: 22.042: [ParNew: 599797K->48120K(613440K), 0.0172073 secs] 607343K->55666K(2029056K), 0.0172645 secs] [Times: user=0.13 sys=0.00, real=0.02 secs] 
2020-09-29T18:07:35.838+0200: 22.112: [GC (Allocation Failure) 2020-09-29T18:07:35.838+0200: 22.112: [ParNew: 593464K->60222K(613440K), 0.0211663 secs] 601010K->67768K(2029056K), 0.0212352 secs] [Times: user=0.13 sys=0.00, real=0.02 secs] 
2020-09-29T18:07:35.906+0200: 22.181: [GC (Allocation Failure) 2020-09-29T18:07:35.906+0200: 22.181: [ParNew: 605566K->39024K(613440K), 0.0150182 secs] 613112K->46570K(2029056K), 0.0150767 secs] [Times: user=0.13 sys=0.00, real=0.02 secs] 
2020-09-29T18:07:35.969+0200: 22.244: [GC (Allocation Failure) 2020-09-29T18:07:35.969+0200: 22.244: [ParNew: 584368K->56203K(613440K), 0.0203181 secs] 591914K->63749K(2029056K), 0.0203810 secs] [Times: user=0.25 sys=0.00, real=0.02 secs] 
2020-09-29T18:07:36.038+0200: 22.313: [GC (Allocation Failure) 2020-09-29T18:07:36.038+0200: 22.313: [ParNew: 601547K->35420K(613440K), 0.0118737 secs] 609093K->42966K(2029056K), 0.0119298 secs] [Times: user=0.00 sys=0.00, real=0.01 secs] 
2020-09-29T18:07:36.102+0200: 22.376: [GC (Allocation Failure) 2020-09-29T18:07:36.102+0200: 22.376: [ParNew: 580764K->35668K(613440K), 0.0168551 secs] 588310K->43214K(2029056K), 0.0169129 secs] [Times: user=0.13 sys=0.00, real=0.02 secs] 
2020-09-29T18:07:36.170+0200: 22.444: [GC (Allocation Failure) 2020-09-29T18:07:36.170+0200: 22.444: [ParNew: 581012K->51077K(613440K), 0.0170283 secs] 588558K->58622K(2029056K), 0.0170985 secs] [Times: user=0.13 sys=0.00, real=0.02 secs] 
2020-09-29T18:07:36.244+0200: 22.518: [GC (Allocation Failure) 2020-09-29T18:07:36.244+0200: 22.518: [ParNew: 596421K->38040K(613440K), 0.0161122 secs] 603966K->45586K(2029056K), 0.0162048 secs] [Times: user=0.11 sys=0.00, real=0.02 secs] 
2020-09-29T18:07:36.309+0200: 22.583: [GC (Allocation Failure) 2020-09-29T18:07:36.309+0200: 22.583: [ParNew: 583384K->49127K(613440K), 0.0207818 secs] 590930K->56673K(2029056K), 0.0208910 secs] [Times: user=0.13 sys=0.00, real=0.02 secs] 
2020-09-29T18:07:36.380+0200: 22.654: [GC (Allocation Failure) 2020-09-29T18:07:36.380+0200: 22.654: [ParNew: 594471K->57704K(613440K), 0.0211958 secs] 602017K->65250K(2029056K), 0.0212532 secs] [Times: user=0.13 sys=0.00, real=0.02 secs] 
2020-09-29T18:07:36.449+0200: 22.724: [GC (Allocation Failure) 2020-09-29T18:07:36.449+0200: 22.724: [ParNew: 603048K->36389K(613440K), 0.0138615 secs] 610594K->43935K(2029056K), 0.0139261 secs] [Times: user=0.13 sys=0.00, real=0.01 secs] 
2020-09-29T18:07:36.521+0200: 22.795: [GC (Allocation Failure) 2020-09-29T18:07:36.521+0200: 22.795: [ParNew: 581733K->31891K(613440K), 0.0130136 secs] 589279K->39437K(2029056K), 0.0130695 secs] [Times: user=0.00 sys=0.00, real=0.01 secs] 
2020-09-29T18:07:36.582+0200: 22.856: [GC (Allocation Failure) 2020-09-29T18:07:36.582+0200: 22.856: [ParNew: 577235K->50181K(613440K), 0.0242839 secs] 584781K->57726K(2029056K), 0.0243524 secs] [Times: user=0.22 sys=0.00, real=0.02 secs] 
2020-09-29T18:07:36.655+0200: 22.930: [GC (Allocation Failure) 2020-09-29T18:07:36.655+0200: 22.930: [ParNew: 595525K->67404K(613440K), 0.0219706 secs] 603070K->74950K(2029056K), 0.0220375 secs] [Times: user=0.25 sys=0.00, real=0.02 secs] 
2020-09-29T18:07:36.726+0200: 23.000: [GC (Allocation Failure) 2020-09-29T18:07:36.726+0200: 23.000: [ParNew: 612748K->45163K(613440K), 0.0160698 secs] 620294K->52709K(2029056K), 0.0161297 secs] [Times: user=0.13 sys=0.00, real=0.01 secs] 
2020-09-29T18:07:36.790+0200: 23.065: [GC (Allocation Failure) 2020-09-29T18:07:36.790+0200: 23.065: [ParNew: 590507K->43748K(613440K), 0.0218209 secs] 598053K->51294K(2029056K), 0.0218822 secs] [Times: user=0.13 sys=0.00, real=0.02 secs] 
2020-09-29T18:07:36.859+0200: 23.134: [GC (Allocation Failure) 2020-09-29T18:07:36.859+0200: 23.134: [ParNew: 589092K->66292K(613440K), 0.0196195 secs] 596638K->73837K(2029056K), 0.0196741 secs] [Times: user=0.23 sys=0.00, real=0.02 secs] 
2020-09-29T18:07:36.929+0200: 23.203: [GC (Allocation Failure) 2020-09-29T18:07:36.929+0200: 23.203: [ParNew: 611636K->47191K(613440K), 0.0201607 secs] 619181K->54737K(2029056K), 0.0202323 secs] [Times: user=0.13 sys=0.00, real=0.02 secs] 
2020-09-29T18:07:36.996+0200: 23.271: [GC (Allocation Failure) 2020-09-29T18:07:36.996+0200: 23.271: [ParNew: 592535K->41876K(613440K), 0.0185661 secs] 600081K->49421K(2029056K), 0.0186258 secs] [Times: user=0.13 sys=0.00, real=0.02 secs] 
2020-09-29T18:07:37.067+0200: 23.342: [GC (Allocation Failure) 2020-09-29T18:07:37.067+0200: 23.342: [ParNew: 587220K->65723K(613440K), 0.0221518 secs] 594765K->73269K(2029056K), 0.0222123 secs] [Times: user=0.13 sys=0.00, real=0.02 secs] 
2020-09-29T18:07:37.141+0200: 23.416: [GC (Allocation Failure) 2020-09-29T18:07:37.141+0200: 23.416: [ParNew: 611067K->48300K(613440K), 0.0170314 secs] 618613K->55845K(2029056K), 0.0170922 secs] [Times: user=0.13 sys=0.00, real=0.02 secs] 
2020-09-29T18:07:37.207+0200: 23.482: [GC (Allocation Failure) 2020-09-29T18:07:37.207+0200: 23.482: [ParNew: 593644K->64642K(613440K), 0.0248030 secs] 601189K->72188K(2029056K), 0.0248804 secs] [Times: user=0.13 sys=0.00, real=0.03 secs] 
2020-09-29T18:07:37.284+0200: 23.559: [GC (Allocation Failure) 2020-09-29T18:07:37.284+0200: 23.559: [ParNew: 609986K->43081K(613440K), 0.0162564 secs] 617532K->50626K(2029056K), 0.0163207 secs] [Times: user=0.13 sys=0.00, real=0.02 secs] 
2020-09-29T18:07:37.352+0200: 23.626: [GC (Allocation Failure) 2020-09-29T18:07:37.352+0200: 23.627: [ParNew: 588425K->39044K(613440K), 0.0172071 secs] 595970K->46589K(2029056K), 0.0172886 secs] [Times: user=0.13 sys=0.00, real=0.02 secs] 
2020-09-29T18:07:37.429+0200: 23.704: [GC (Allocation Failure) 2020-09-29T18:07:37.429+0200: 23.704: [ParNew: 584388K->48032K(613440K), 0.0205222 secs] 591933K->55578K(2029056K), 0.0205921 secs] [Times: user=0.13 sys=0.00, real=0.02 secs] 
2020-09-29T18:07:37.501+0200: 23.776: [GC (Allocation Failure) 2020-09-29T18:07:37.501+0200: 23.776: [ParNew: 593376K->50995K(613440K), 0.0196808 secs] 600922K->58541K(2029056K), 0.0197421 secs] [Times: user=0.25 sys=0.00, real=0.02 secs] 
2020-09-29T18:07:37.570+0200: 23.844: [GC (Allocation Failure) 2020-09-29T18:07:37.570+0200: 23.844: [ParNew: 596339K->41304K(613440K), 0.0192541 secs] 603885K->48850K(2029056K), 0.0193382 secs] [Times: user=0.13 sys=0.00, real=0.02 secs] 
2020-09-29T18:07:37.640+0200: 23.914: [GC (Allocation Failure) 2020-09-29T18:07:37.640+0200: 23.915: [ParNew: 586648K->40369K(613440K), 0.0186943 secs] 594194K->47914K(2029056K), 0.0187518 secs] [Times: user=0.11 sys=0.00, real=0.02 secs] 
2020-09-29T18:07:37.706+0200: 23.981: [GC (Allocation Failure) 2020-09-29T18:07:37.706+0200: 23.981: [ParNew: 585713K->65371K(613440K), 0.0223822 secs] 593258K->72917K(2029056K), 0.0224500 secs] [Times: user=0.25 sys=0.00, real=0.02 secs] 
2020-09-29T18:07:37.775+0200: 24.050: [GC (Allocation Failure) 2020-09-29T18:07:37.775+0200: 24.050: [ParNew: 610715K->39847K(613440K), 0.0098247 secs] 618261K->47392K(2029056K), 0.0098949 secs] [Times: user=0.00 sys=0.00, real=0.01 secs] 
2020-09-29T18:07:37.842+0200: 24.117: [GC (Allocation Failure) 2020-09-29T18:07:37.842+0200: 24.117: [ParNew: 585191K->28538K(613440K), 0.0153867 secs] 592736K->36084K(2029056K), 0.0154529 secs] [Times: user=0.09 sys=0.00, real=0.02 secs] 
2020-09-29T18:07:37.905+0200: 24.179: [GC (Allocation Failure) 2020-09-29T18:07:37.905+0200: 24.179: [ParNew: 573882K->25190K(613440K), 0.0123390 secs] 581428K->32736K(2029056K), 0.0123955 secs] [Times: user=0.13 sys=0.00, real=0.01 secs] 
2020-09-29T18:07:37.976+0200: 24.250: [GC (Allocation Failure) 2020-09-29T18:07:37.976+0200: 24.250: [ParNew: 570534K->41260K(613440K), 0.0183815 secs] 578080K->48806K(2029056K), 0.0184612 secs] [Times: user=0.13 sys=0.00, real=0.02 secs] 
2020-09-29T18:07:38.043+0200: 24.317: [GC (Allocation Failure) 2020-09-29T18:07:38.043+0200: 24.317: [ParNew: 586604K->60255K(613440K), 0.0222094 secs] 594150K->67801K(2029056K), 0.0222808 secs] [Times: user=0.13 sys=0.00, real=0.02 secs] 
2020-09-29T18:07:38.114+0200: 24.389: [GC (Allocation Failure) 2020-09-29T18:07:38.114+0200: 24.389: [ParNew: 605599K->53048K(613440K), 0.0215555 secs] 613145K->60594K(2029056K), 0.0216121 secs] [Times: user=0.13 sys=0.00, real=0.02 secs] 
2020-09-29T18:07:38.183+0200: 24.458: [GC (Allocation Failure) 2020-09-29T18:07:38.183+0200: 24.458: [ParNew: 598392K->68096K(613440K), 0.0314480 secs] 605938K->76364K(2029056K), 0.0315130 secs] [Times: user=0.22 sys=0.00, real=0.03 secs] 
2020-09-29T18:07:38.264+0200: 24.539: [GC (Allocation Failure) 2020-09-29T18:07:38.264+0200: 24.539: [ParNew: 613440K->57710K(613440K), 0.0200560 secs] 621708K->65978K(2029056K), 0.0201145 secs] [Times: user=0.13 sys=0.00, real=0.02 secs] 
2020-09-29T18:07:38.333+0200: 24.607: [GC (Allocation Failure) 2020-09-29T18:07:38.340+0200: 24.614: [ParNew: 603054K->43363K(613440K), 0.0274035 secs] 611322K->51632K(2029056K), 0.0346988 secs] [Times: user=0.25 sys=0.00, real=0.03 secs] 
2020-09-29T18:07:38.422+0200: 24.696: [GC (Allocation Failure) 2020-09-29T18:07:38.422+0200: 24.696: [ParNew: 588707K->41389K(613440K), 0.0189748 secs] 596976K->49657K(2029056K), 0.0190369 secs] [Times: user=0.13 sys=0.00, real=0.02 secs] 
2020-09-29T18:07:38.489+0200: 24.763: [GC (Allocation Failure) 2020-09-29T18:07:38.489+0200: 24.763: [ParNew: 586733K->41523K(613440K), 0.0186870 secs] 595001K->49792K(2029056K), 0.0187680 secs] [Times: user=0.13 sys=0.00, real=0.02 secs] 
2020-09-29T18:07:38.558+0200: 24.832: [GC (Allocation Failure) 2020-09-29T18:07:38.558+0200: 24.832: [ParNew: 586867K->36677K(613440K), 0.0174357 secs] 595136K->44945K(2029056K), 0.0174976 secs] [Times: user=0.13 sys=0.00, real=0.02 secs] 
2020-09-29T18:07:38.625+0200: 24.900: [GC (Allocation Failure) 2020-09-29T18:07:38.625+0200: 24.900: [ParNew: 582021K->59260K(613440K), 0.0230596 secs] 590289K->67528K(2029056K), 0.0231413 secs] [Times: user=0.23 sys=0.00, real=0.02 secs] 
2020-09-29T18:07:38.698+0200: 24.972: [GC (Allocation Failure) 2020-09-29T18:07:38.698+0200: 24.972: [ParNew: 604604K->48059K(613440K), 0.0215141 secs] 612872K->56328K(2029056K), 0.0215709 secs] [Times: user=0.13 sys=0.00, real=0.02 secs] 
2020-09-29T18:07:38.769+0200: 25.044: [GC (Allocation Failure) 2020-09-29T18:07:38.769+0200: 25.044: [ParNew: 593403K->49661K(613440K), 0.0205763 secs] 601672K->57929K(2029056K), 0.0206446 secs] [Times: user=0.25 sys=0.00, real=0.02 secs] 
2020-09-29T18:07:38.838+0200: 25.113: [GC (Allocation Failure) 2020-09-29T18:07:38.838+0200: 25.113: [ParNew: 595005K->41763K(613440K), 0.0139988 secs] 603273K->50031K(2029056K), 0.0140559 secs] [Times: user=0.13 sys=0.00, real=0.01 secs] 
2020-09-29T18:07:38.901+0200: 25.176: [GC (Allocation Failure) 2020-09-29T18:07:38.901+0200: 25.176: [ParNew: 587107K->43073K(613440K), 0.0189265 secs] 595375K->51341K(2029056K), 0.0189879 secs] [Times: user=0.13 sys=0.00, real=0.02 secs] 
2020-09-29T18:07:38.968+0200: 25.242: [GC (Allocation Failure) 2020-09-29T18:07:38.968+0200: 25.243: [ParNew: 588417K->38602K(613440K), 0.0130338 secs] 596685K->46871K(2029056K), 0.0130927 secs] [Times: user=0.13 sys=0.00, real=0.01 secs] 
2020-09-29T18:07:39.033+0200: 25.307: [GC (Allocation Failure) 2020-09-29T18:07:39.033+0200: 25.307: [ParNew: 583946K->35152K(613440K), 0.0174724 secs] 592215K->43421K(2029056K), 0.0175287 secs] [Times: user=0.13 sys=0.00, real=0.02 secs] 
2020-09-29T18:07:39.099+0200: 25.374: [GC (Allocation Failure) 2020-09-29T18:07:39.099+0200: 25.374: [ParNew: 580496K->54947K(613440K), 0.0212442 secs] 588765K->63216K(2029056K), 0.0213220 secs] [Times: user=0.13 sys=0.00, real=0.02 secs] 
2020-09-29T18:07:39.170+0200: 25.444: [GC (Allocation Failure) 2020-09-29T18:07:39.170+0200: 25.444: [ParNew: 600291K->68096K(613440K), 0.0219388 secs] 608560K->76364K(2029056K), 0.0220173 secs] [Times: user=0.25 sys=0.00, real=0.02 secs] 
2020-09-29T18:07:39.244+0200: 25.518: [GC (Allocation Failure) 2020-09-29T18:07:39.244+0200: 25.518: [ParNew: 613440K->50471K(613440K), 0.0225033 secs] 621708K->58740K(2029056K), 0.0225611 secs] [Times: user=0.13 sys=0.00, real=0.02 secs] 
2020-09-29T18:07:39.315+0200: 25.589: [GC (Allocation Failure) 2020-09-29T18:07:39.315+0200: 25.590: [ParNew: 595815K->38869K(613440K), 0.0150461 secs] 604084K->47138K(2029056K), 0.0151017 secs] [Times: user=0.13 sys=0.00, real=0.01 secs] 
2020-09-29T18:07:39.388+0200: 25.663: [GC (Allocation Failure) 2020-09-29T18:07:39.388+0200: 25.663: [ParNew: 584213K->63141K(613440K), 0.0244665 secs] 592482K->71409K(2029056K), 0.0245252 secs] [Times: user=0.25 sys=0.00, real=0.03 secs] 
2020-09-29T18:07:39.459+0200: 25.734: [GC (Allocation Failure) 2020-09-29T18:07:39.459+0200: 25.734: [ParNew: 608485K->57073K(613440K), 0.0180667 secs] 616753K->65342K(2029056K), 0.0181296 secs] [Times: user=0.13 sys=0.00, real=0.02 secs] 
2020-09-29T18:07:39.528+0200: 25.803: [GC (Allocation Failure) 2020-09-29T18:07:39.528+0200: 25.803: [ParNew: 602417K->68096K(613440K), 0.0266371 secs] 610686K->76364K(2029056K), 0.0266929 secs] [Times: user=0.24 sys=0.00, real=0.03 secs] 
2020-09-29T18:07:39.604+0200: 25.879: [GC (Allocation Failure) 2020-09-29T18:07:39.604+0200: 25.879: [ParNew: 613440K->68096K(613440K), 0.0241808 secs] 621708K->76634K(2029056K), 0.0242466 secs] [Times: user=0.11 sys=0.00, real=0.02 secs] 
2020-09-29T18:07:39.676+0200: 25.950: [GC (Allocation Failure) 2020-09-29T18:07:39.676+0200: 25.950: [ParNew: 613440K->45082K(613440K), 0.0165057 secs] 621978K->53620K(2029056K), 0.0165903 secs] [Times: user=0.13 sys=0.00, real=0.02 secs] 
2020-09-29T18:07:39.739+0200: 26.014: [GC (Allocation Failure) 2020-09-29T18:07:39.739+0200: 26.014: [ParNew: 590426K->39663K(613440K), 0.0152307 secs] 598964K->48202K(2029056K), 0.0152888 secs] [Times: user=0.13 sys=0.00, real=0.02 secs] 
2020-09-29T18:07:39.804+0200: 26.079: [GC (Allocation Failure) 2020-09-29T18:07:39.804+0200: 26.079: [ParNew: 585007K->31719K(613440K), 0.0145872 secs] 593546K->40257K(2029056K), 0.0146451 secs] [Times: user=0.13 sys=0.00, real=0.02 secs] 
2020-09-29T18:07:39.868+0200: 26.142: [GC (Allocation Failure) 2020-09-29T18:07:39.868+0200: 26.142: [ParNew: 577063K->50461K(613440K), 0.0232003 secs] 585601K->59000K(2029056K), 0.0232700 secs] [Times: user=0.13 sys=0.00, real=0.02 secs] 
2020-09-29T18:07:39.939+0200: 26.214: [GC (Allocation Failure) 2020-09-29T18:07:39.939+0200: 26.214: [ParNew: 595805K->68096K(613440K), 0.0222181 secs] 604344K->76852K(2029056K), 0.0222732 secs] [Times: user=0.25 sys=0.00, real=0.02 secs] 
2020-09-29T18:07:40.009+0200: 26.284: [GC (Allocation Failure) 2020-09-29T18:07:40.009+0200: 26.284: [ParNew: 613440K->50296K(613440K), 0.0219074 secs] 622196K->59053K(2029056K), 0.0219653 secs] [Times: user=0.13 sys=0.00, real=0.02 secs] 
2020-09-29T18:07:40.081+0200: 26.355: [GC (Allocation Failure) 2020-09-29T18:07:40.081+0200: 26.356: [ParNew: 595640K->49881K(613440K), 0.0211055 secs] 604397K->58638K(2029056K), 0.0211705 secs] [Times: user=0.25 sys=0.00, real=0.02 secs] 
2020-09-29T18:07:40.149+0200: 26.423: [GC (Allocation Failure) 2020-09-29T18:07:40.149+0200: 26.423: [ParNew: 595225K->48480K(613440K), 0.0209389 secs] 603982K->57237K(2029056K), 0.0209941 secs] [Times: user=0.13 sys=0.00, real=0.02 secs] 
2020-09-29T18:07:40.221+0200: 26.495: [GC (Allocation Failure) 2020-09-29T18:07:40.221+0200: 26.495: [ParNew: 593824K->46833K(613440K), 0.0226125 secs] 602581K->55590K(2029056K), 0.0226893 secs] [Times: user=0.25 sys=0.00, real=0.02 secs] 
2020-09-29T18:07:40.293+0200: 26.567: [GC (Allocation Failure) 2020-09-29T18:07:40.293+0200: 26.567: [ParNew: 592177K->47297K(613440K), 0.0189902 secs] 600934K->56054K(2029056K), 0.0190482 secs] [Times: user=0.13 sys=0.00, real=0.02 secs] 
2020-09-29T18:07:40.363+0200: 26.637: [GC (Allocation Failure) 2020-09-29T18:07:40.363+0200: 26.637: [ParNew: 592641K->45022K(613440K), 0.0190728 secs] 601398K->53779K(2029056K), 0.0191304 secs] [Times: user=0.25 sys=0.00, real=0.02 secs] 
2020-09-29T18:07:40.429+0200: 26.704: [GC (Allocation Failure) 2020-09-29T18:07:40.429+0200: 26.704: [ParNew: 590366K->42055K(613440K), 0.0181080 secs] 599123K->50812K(2029056K), 0.0181709 secs] [Times: user=0.13 sys=0.00, real=0.02 secs] 
2020-09-29T18:07:40.500+0200: 26.775: [GC (Allocation Failure) 2020-09-29T18:07:40.500+0200: 26.775: [ParNew: 587399K->38030K(613440K), 0.0172652 secs] 596156K->46787K(2029056K), 0.0173618 secs] [Times: user=0.13 sys=0.00, real=0.02 secs] 
2020-09-29T18:07:40.566+0200: 26.841: [GC (Allocation Failure) 2020-09-29T18:07:40.566+0200: 26.841: [ParNew: 583374K->59872K(613440K), 0.0237909 secs] 592131K->68629K(2029056K), 0.0238750 secs] [Times: user=0.22 sys=0.00, real=0.02 secs] 
2020-09-29T18:07:40.641+0200: 26.916: [GC (Allocation Failure) 2020-09-29T18:07:40.641+0200: 26.916: [ParNew: 605216K->36499K(613440K), 0.0113522 secs] 613973K->45256K(2029056K), 0.0114111 secs] [Times: user=0.11 sys=0.00, real=0.01 secs] 
2020-09-29T18:07:40.705+0200: 26.980: [GC (Allocation Failure) 2020-09-29T18:07:40.705+0200: 26.980: [ParNew: 581843K->32451K(613440K), 0.0123707 secs] 590600K->41208K(2029056K), 0.0124270 secs] [Times: user=0.13 sys=0.00, real=0.01 secs] 
2020-09-29T18:07:40.770+0200: 27.045: [GC (Allocation Failure) 2020-09-29T18:07:40.770+0200: 27.045: [ParNew: 577795K->40238K(613440K), 0.0183581 secs] 586552K->48995K(2029056K), 0.0184178 secs] [Times: user=0.11 sys=0.00, real=0.02 secs] 
2020-09-29T18:07:40.837+0200: 27.111: [GC (Allocation Failure) 2020-09-29T18:07:40.837+0200: 27.111: [ParNew: 585582K->50834K(613440K), 0.0223466 secs] 594339K->59591K(2029056K), 0.0224168 secs] [Times: user=0.13 sys=0.00, real=0.02 secs] 
2020-09-29T18:07:40.906+0200: 27.180: [GC (Allocation Failure) 2020-09-29T18:07:40.906+0200: 27.181: [ParNew: 596178K->47692K(613440K), 0.0167618 secs] 604935K->56449K(2029056K), 0.0168242 secs] [Times: user=0.13 sys=0.00, real=0.02 secs] 
2020-09-29T18:07:40.969+0200: 27.244: [GC (Allocation Failure) 2020-09-29T18:07:40.969+0200: 27.244: [ParNew: 593036K->47067K(613440K), 0.0208133 secs] 601793K->55824K(2029056K), 0.0208927 secs] [Times: user=0.25 sys=0.00, real=0.02 secs] 
2020-09-29T18:07:41.038+0200: 27.313: [GC (Allocation Failure) 2020-09-29T18:07:41.038+0200: 27.313: [ParNew: 592411K->62638K(613440K), 0.0219866 secs] 601168K->71395K(2029056K), 0.0304662 secs] [Times: user=0.13 sys=0.00, real=0.03 secs] 
2020-09-29T18:07:41.119+0200: 27.393: [GC (Allocation Failure) 2020-09-29T18:07:41.119+0200: 27.393: [ParNew: 607982K->50631K(613440K), 0.0193581 secs] 616739K->59388K(2029056K), 0.0194263 secs] [Times: user=0.13 sys=0.00, real=0.02 secs] 
2020-09-29T18:07:41.185+0200: 27.459: [GC (Allocation Failure) 2020-09-29T18:07:41.185+0200: 27.459: [ParNew: 595975K->48915K(613440K), 0.0206023 secs] 604732K->57672K(2029056K), 0.0206865 secs] [Times: user=0.11 sys=0.00, real=0.02 secs] 
2020-09-29T18:07:41.255+0200: 27.529: [GC (Allocation Failure) 2020-09-29T18:07:41.255+0200: 27.529: [ParNew: 594259K->38537K(613440K), 0.0168089 secs] 603016K->47294K(2029056K), 0.0168849 secs] [Times: user=0.13 sys=0.00, real=0.02 secs] 
2020-09-29T18:07:41.323+0200: 27.598: [GC (Allocation Failure) 2020-09-29T18:07:41.323+0200: 27.598: [ParNew: 583881K->35176K(613440K), 0.0158605 secs] 592638K->43933K(2029056K), 0.0159154 secs] [Times: user=0.13 sys=0.00, real=0.02 secs] 
2020-09-29T18:07:41.387+0200: 27.662: [GC (Allocation Failure) 2020-09-29T18:07:41.387+0200: 27.662: [ParNew: 580520K->31936K(613440K), 0.0145687 secs] 589277K->40693K(2029056K), 0.0146303 secs] [Times: user=0.13 sys=0.00, real=0.01 secs] 
2020-09-29T18:07:41.454+0200: 27.728: [GC (Allocation Failure) 2020-09-29T18:07:41.454+0200: 27.728: [ParNew: 577280K->32334K(613440K), 0.0127042 secs] 586037K->41091K(2029056K), 0.0127602 secs] [Times: user=0.13 sys=0.00, real=0.01 secs] 
2020-09-29T18:07:41.520+0200: 27.794: [GC (Allocation Failure) 2020-09-29T18:07:41.520+0200: 27.794: [ParNew: 577678K->45123K(613440K), 0.0190986 secs] 586435K->53880K(2029056K), 0.0191535 secs] [Times: user=0.13 sys=0.00, real=0.02 secs] 
2020-09-29T18:07:41.586+0200: 27.861: [GC (Allocation Failure) 2020-09-29T18:07:41.586+0200: 27.861: [ParNew: 590467K->39759K(613440K), 0.0172806 secs] 599224K->48516K(2029056K), 0.0173541 secs] [Times: user=0.13 sys=0.00, real=0.02 secs] 
2020-09-29T18:07:41.658+0200: 27.933: [GC (Allocation Failure) 2020-09-29T18:07:41.658+0200: 27.933: [ParNew: 585103K->58587K(613440K), 0.0235282 secs] 593860K->67344K(2029056K), 0.0235961 secs] [Times: user=0.23 sys=0.00, real=0.02 secs] 
2020-09-29T18:07:41.729+0200: 28.003: [GC (Allocation Failure) 2020-09-29T18:07:41.729+0200: 28.003: [ParNew: 603931K->49552K(613440K), 0.0162749 secs] 612688K->58309K(2029056K), 0.0163324 secs] [Times: user=0.13 sys=0.00, real=0.02 secs] 
2020-09-29T18:07:41.793+0200: 28.068: [GC (Allocation Failure) 2020-09-29T18:07:41.793+0200: 28.068: [ParNew: 594896K->46547K(613440K), 0.0219636 secs] 603653K->55304K(2029056K), 0.0220334 secs] [Times: user=0.13 sys=0.00, real=0.02 secs] 
2020-09-29T18:07:41.867+0200: 28.142: [GC (Allocation Failure) 2020-09-29T18:07:41.867+0200: 28.142: [ParNew: 591891K->48691K(613440K), 0.0199210 secs] 600648K->57448K(2029056K), 0.0200060 secs] [Times: user=0.13 sys=0.00, real=0.02 secs] 
2020-09-29T18:07:41.934+0200: 28.209: [GC (Allocation Failure) 2020-09-29T18:07:41.934+0200: 28.209: [ParNew: 594035K->39545K(613440K), 0.0141312 secs] 602792K->48302K(2029056K), 0.0141990 secs] [Times: user=0.13 sys=0.00, real=0.01 secs] 
2020-09-29T18:07:42.003+0200: 28.278: [GC (Allocation Failure) 2020-09-29T18:07:42.003+0200: 28.278: [ParNew: 584889K->40755K(613440K), 0.0181704 secs] 593646K->49512K(2029056K), 0.0182789 secs] [Times: user=0.25 sys=0.00, real=0.02 secs] 
2020-09-29T18:07:42.072+0200: 28.347: [GC (Allocation Failure) 2020-09-29T18:07:42.072+0200: 28.347: [ParNew: 586099K->56361K(613440K), 0.0221271 secs] 594856K->65118K(2029056K), 0.0221969 secs] [Times: user=0.13 sys=0.00, real=0.02 secs] 
2020-09-29T18:07:42.140+0200: 28.415: [GC (Allocation Failure) 2020-09-29T18:07:42.140+0200: 28.415: [ParNew: 601705K->47451K(613440K), 0.0161687 secs] 610462K->56208K(2029056K), 0.0162291 secs] [Times: user=0.13 sys=0.00, real=0.02 secs] 
2020-09-29T18:07:42.210+0200: 28.484: [GC (Allocation Failure) 2020-09-29T18:07:42.210+0200: 28.485: [ParNew: 592795K->37529K(613440K), 0.0205713 secs] 601552K->46286K(2029056K), 0.0206389 secs] [Times: user=0.13 sys=0.00, real=0.02 secs] 
2020-09-29T18:07:42.279+0200: 28.554: [GC (Allocation Failure) 2020-09-29T18:07:42.279+0200: 28.554: [ParNew: 582873K->35719K(613440K), 0.0155646 secs] 591630K->44476K(2029056K), 0.0156239 secs] [Times: user=0.13 sys=0.00, real=0.02 secs] 
2020-09-29T18:07:42.348+0200: 28.622: [GC (Allocation Failure) 2020-09-29T18:07:42.348+0200: 28.622: [ParNew: 581063K->54364K(613440K), 0.0196436 secs] 589820K->63121K(2029056K), 0.0197066 secs] [Times: user=0.13 sys=0.00, real=0.02 secs] 
2020-09-29T18:07:42.417+0200: 28.691: [GC (Allocation Failure) 2020-09-29T18:07:42.424+0200: 28.698: [ParNew: 599708K->41646K(613440K), 0.0207657 secs] 608465K->50403K(2029056K), 0.0273724 secs] [Times: user=0.25 sys=0.00, real=0.03 secs] 
2020-09-29T18:07:42.493+0200: 28.767: [GC (Allocation Failure) 2020-09-29T18:07:42.493+0200: 28.767: [ParNew: 586990K->47963K(613440K), 0.0209437 secs] 595747K->56720K(2029056K), 0.0210215 secs] [Times: user=0.13 sys=0.00, real=0.02 secs] 
2020-09-29T18:07:42.563+0200: 28.837: [GC (Allocation Failure) 2020-09-29T18:07:42.563+0200: 28.837: [ParNew: 593307K->42685K(613440K), 0.0188880 secs] 602064K->51442K(2029056K), 0.0189464 secs] [Times: user=0.11 sys=0.00, real=0.02 secs] 
2020-09-29T18:07:42.635+0200: 28.909: [GC (Allocation Failure) 2020-09-29T18:07:42.635+0200: 28.909: [ParNew: 588029K->41449K(613440K), 0.0202509 secs] 596786K->50206K(2029056K), 0.0203451 secs] [Times: user=0.11 sys=0.00, real=0.02 secs] 
2020-09-29T18:07:42.714+0200: 28.988: [GC (Allocation Failure) 2020-09-29T18:07:42.714+0200: 28.988: [ParNew: 586793K->66072K(613440K), 0.0305876 secs] 595550K->74829K(2029056K), 0.0306580 secs] [Times: user=0.25 sys=0.00, real=0.03 secs] 
2020-09-29T18:07:42.798+0200: 29.073: [GC (Allocation Failure) 2020-09-29T18:07:42.798+0200: 29.073: [ParNew: 611416K->43990K(613440K), 0.0210829 secs] 620173K->52747K(2029056K), 0.0211536 secs] [Times: user=0.25 sys=0.00, real=0.02 secs] 
2020-09-29T18:07:42.871+0200: 29.145: [GC (Allocation Failure) 2020-09-29T18:07:42.871+0200: 29.145: [ParNew: 589334K->56484K(613440K), 0.0295479 secs] 598091K->65241K(2029056K), 0.0296186 secs] [Times: user=0.23 sys=0.00, real=0.03 secs] 
2020-09-29T18:07:42.954+0200: 29.228: [GC (Allocation Failure) 2020-09-29T18:07:42.954+0200: 29.228: [ParNew: 601828K->42465K(613440K), 0.0226301 secs] 610585K->51222K(2029056K), 0.0227047 secs] [Times: user=0.25 sys=0.00, real=0.02 secs] 
2020-09-29T18:07:43.027+0200: 29.302: [GC (Allocation Failure) 2020-09-29T18:07:43.027+0200: 29.302: [ParNew: 587809K->35838K(613440K), 0.0194244 secs] 596566K->44595K(2029056K), 0.0195069 secs] [Times: user=0.13 sys=0.00, real=0.02 secs] 
2020-09-29T18:07:43.113+0200: 29.387: [GC (Allocation Failure) 2020-09-29T18:07:43.113+0200: 29.387: [ParNew: 581182K->49753K(613440K), 0.0252865 secs] 589939K->58510K(2029056K), 0.0253646 secs] [Times: user=0.25 sys=0.00, real=0.03 secs] 
2020-09-29T18:07:43.189+0200: 29.463: [GC (Allocation Failure) 2020-09-29T18:07:43.189+0200: 29.463: [ParNew: 595097K->51550K(613440K), 0.0267739 secs] 603854K->60307K(2029056K), 0.0268430 secs] [Times: user=0.22 sys=0.00, real=0.03 secs] 
2020-09-29T18:07:43.268+0200: 29.542: [GC (Allocation Failure) 2020-09-29T18:07:43.268+0200: 29.542: [ParNew: 596894K->59382K(613440K), 0.0309965 secs] 605651K->68139K(2029056K), 0.0310692 secs] [Times: user=0.25 sys=0.00, real=0.03 secs] 
2020-09-29T18:07:43.350+0200: 29.624: [GC (Allocation Failure) 2020-09-29T18:07:43.350+0200: 29.624: [ParNew: 604726K->39517K(613440K), 0.0232614 secs] 613483K->48274K(2029056K), 0.0233311 secs] [Times: user=0.13 sys=0.00, real=0.02 secs] 
2020-09-29T18:07:43.423+0200: 29.697: [GC (Allocation Failure) 2020-09-29T18:07:43.423+0200: 29.697: [ParNew: 584861K->59335K(613440K), 0.0354801 secs] 593618K->68092K(2029056K), 0.0355554 secs] [Times: user=0.38 sys=0.00, real=0.03 secs] 
2020-09-29T18:07:43.511+0200: 29.785: [GC (Allocation Failure) 2020-09-29T18:07:43.511+0200: 29.785: [ParNew: 604679K->53785K(613440K), 0.0283381 secs] 613436K->62542K(2029056K), 0.0284516 secs] [Times: user=0.23 sys=0.00, real=0.03 secs] 
2020-09-29T18:07:43.590+0200: 29.864: [GC (Allocation Failure) 2020-09-29T18:07:43.590+0200: 29.864: [ParNew: 599129K->45171K(613440K), 0.0273920 secs] 607886K->53928K(2029056K), 0.0274716 secs] [Times: user=0.22 sys=0.00, real=0.03 secs] 
2020-09-29T18:07:43.674+0200: 29.948: [GC (Allocation Failure) 2020-09-29T18:07:43.674+0200: 29.948: [ParNew: 590515K->40757K(613440K), 0.0237295 secs] 599272K->49514K(2029056K), 0.0238159 secs] [Times: user=0.22 sys=0.00, real=0.02 secs] 
2020-09-29T18:07:43.747+0200: 30.021: [GC (Allocation Failure) 2020-09-29T18:07:43.747+0200: 30.021: [ParNew: 586101K->64129K(613440K), 0.0315746 secs] 594858K->72886K(2029056K), 0.0316623 secs] [Times: user=0.25 sys=0.00, real=0.03 secs] 
2020-09-29T18:07:43.826+0200: 30.100: [GC (Allocation Failure) 2020-09-29T18:07:43.826+0200: 30.100: [ParNew: 609473K->47095K(613440K), 0.0235688 secs] 618230K->55852K(2029056K), 0.0236433 secs] [Times: user=0.25 sys=0.00, real=0.02 secs] 
2020-09-29T18:07:43.904+0200: 30.179: [GC (Allocation Failure) 2020-09-29T18:07:43.904+0200: 30.179: [ParNew: 592439K->61545K(613440K), 0.0297490 secs] 601196K->70302K(2029056K), 0.0298185 secs] [Times: user=0.25 sys=0.00, real=0.03 secs] 
2020-09-29T18:07:43.986+0200: 30.260: [GC (Allocation Failure) 2020-09-29T18:07:43.986+0200: 30.260: [ParNew: 606889K->43843K(613440K), 0.0267264 secs] 615646K->52600K(2029056K), 0.0267944 secs] [Times: user=0.25 sys=0.00, real=0.03 secs] 
2020-09-29T18:07:44.065+0200: 30.339: [GC (Allocation Failure) 2020-09-29T18:07:44.065+0200: 30.339: [ParNew: 589187K->68096K(613440K), 0.0350525 secs] 597944K->78003K(2029056K), 0.0351206 secs] [Times: user=0.38 sys=0.00, real=0.03 secs] 
2020-09-29T18:07:44.149+0200: 30.423: [GC (Allocation Failure) 2020-09-29T18:07:44.149+0200: 30.423: [ParNew: 613440K->52088K(613440K), 0.0259461 secs] 623347K->61996K(2029056K), 0.0260158 secs] [Times: user=0.13 sys=0.00, real=0.03 secs] 
2020-09-29T18:07:44.232+0200: 30.506: [GC (Allocation Failure) 2020-09-29T18:07:44.232+0200: 30.506: [ParNew: 597432K->68096K(613440K), 0.0333698 secs] 607340K->78388K(2029056K), 0.0334400 secs] [Times: user=0.25 sys=0.00, real=0.03 secs] 
2020-09-29T18:07:44.316+0200: 30.590: [GC (Allocation Failure) 2020-09-29T18:07:44.316+0200: 30.590: [ParNew: 613440K->56532K(613440K), 0.0323616 secs] 623732K->66824K(2029056K), 0.0324470 secs] [Times: user=0.38 sys=0.00, real=0.03 secs] 
2020-09-29T18:07:44.395+0200: 30.670: [GC (Allocation Failure) 2020-09-29T18:07:44.395+0200: 30.670: [ParNew: 601876K->43757K(613440K), 0.0243459 secs] 612168K->54049K(2029056K), 0.0244320 secs] [Times: user=0.13 sys=0.00, real=0.03 secs] 
2020-09-29T18:07:44.475+0200: 30.749: [GC (Allocation Failure) 2020-09-29T18:07:44.475+0200: 30.749: [ParNew: 589101K->67800K(613440K), 0.0294472 secs] 599393K->78093K(2029056K), 0.0295216 secs] [Times: user=0.13 sys=0.00, real=0.03 secs] 
2020-09-29T18:07:44.552+0200: 30.826: [GC (Allocation Failure) 2020-09-29T18:07:44.552+0200: 30.826: [ParNew: 613144K->46794K(613440K), 0.0220297 secs] 623437K->57086K(2029056K), 0.0221113 secs] [Times: user=0.13 sys=0.00, real=0.02 secs] 
2020-09-29T18:07:44.626+0200: 30.900: [GC (Allocation Failure) 2020-09-29T18:07:44.626+0200: 30.900: [ParNew: 592138K->45531K(613440K), 0.0273734 secs] 602430K->55823K(2029056K), 0.0274498 secs] [Times: user=0.25 sys=0.00, real=0.03 secs] 
2020-09-29T18:07:44.707+0200: 30.981: [GC (Allocation Failure) 2020-09-29T18:07:44.707+0200: 30.981: [ParNew: 590875K->42155K(613440K), 0.0273677 secs] 601167K->52448K(2029056K), 0.0274550 secs] [Times: user=0.25 sys=0.00, real=0.03 secs] 
2020-09-29T18:07:44.792+0200: 31.066: [GC (Allocation Failure) 2020-09-29T18:07:44.792+0200: 31.066: [ParNew: 587499K->42822K(613440K), 0.0264439 secs] 597792K->53115K(2029056K), 0.0265113 secs] [Times: user=0.25 sys=0.00, real=0.03 secs] 
2020-09-29T18:07:44.865+0200: 31.139: [GC (Allocation Failure) 2020-09-29T18:07:44.865+0200: 31.139: [ParNew: 588166K->45315K(613440K), 0.0259453 secs] 598459K->55607K(2029056K), 0.0260119 secs] [Times: user=0.13 sys=0.00, real=0.03 secs] 
2020-09-29T18:07:44.939+0200: 31.213: [GC (Allocation Failure) 2020-09-29T18:07:44.939+0200: 31.214: [ParNew: 590659K->38728K(613440K), 0.0236610 secs] 600951K->49021K(2029056K), 0.0237305 secs] [Times: user=0.25 sys=0.00, real=0.02 secs] 
2020-09-29T18:07:45.016+0200: 31.290: [GC (Allocation Failure) 2020-09-29T18:07:45.016+0200: 31.290: [ParNew: 584072K->37445K(613440K), 0.0216198 secs] 594365K->47738K(2029056K), 0.0216919 secs] [Times: user=0.25 sys=0.00, real=0.02 secs] 
2020-09-29T18:07:45.094+0200: 31.368: [GC (Allocation Failure) 2020-09-29T18:07:45.094+0200: 31.368: [ParNew: 582789K->30954K(613440K), 0.0223211 secs] 593082K->41247K(2029056K), 0.0223975 secs] [Times: user=0.25 sys=0.00, real=0.02 secs] 
2020-09-29T18:07:45.169+0200: 31.443: [GC (Allocation Failure) 2020-09-29T18:07:45.169+0200: 31.443: [ParNew: 576298K->35847K(613440K), 0.0184042 secs] 586591K->46139K(2029056K), 0.0184815 secs] [Times: user=0.13 sys=0.00, real=0.02 secs] 
2020-09-29T18:07:45.248+0200: 31.522: [GC (Allocation Failure) 2020-09-29T18:07:45.248+0200: 31.522: [ParNew: 581191K->53197K(613440K), 0.0264899 secs] 591483K->63490K(2029056K), 0.0265628 secs] [Times: user=0.25 sys=0.00, real=0.03 secs] 
2020-09-29T18:07:45.328+0200: 31.602: [GC (Allocation Failure) 2020-09-29T18:07:45.328+0200: 31.602: [ParNew: 598541K->39689K(613440K), 0.0169605 secs] 608834K->49982K(2029056K), 0.0170287 secs] [Times: user=0.13 sys=0.00, real=0.02 secs] 
2020-09-29T18:07:45.408+0200: 31.682: [GC (Allocation Failure) 2020-09-29T18:07:45.408+0200: 31.682: [ParNew: 585033K->33569K(613440K), 0.0236847 secs] 595326K->43861K(2029056K), 0.0237579 secs] [Times: user=0.25 sys=0.00, real=0.02 secs] 
2020-09-29T18:07:45.478+0200: 31.752: [GC (Allocation Failure) 2020-09-29T18:07:45.478+0200: 31.752: [ParNew: 578913K->31776K(613440K), 0.0200013 secs] 589205K->42068K(2029056K), 0.0200708 secs] [Times: user=0.13 sys=0.00, real=0.02 secs] 
2020-09-29T18:07:45.556+0200: 31.830: [GC (Allocation Failure) 2020-09-29T18:07:45.556+0200: 31.830: [ParNew: 577120K->56649K(613440K), 0.0280677 secs] 587412K->66941K(2029056K), 0.0281536 secs] [Times: user=0.25 sys=0.00, real=0.03 secs] 
2020-09-29T18:07:45.635+0200: 31.909: [GC (Allocation Failure) 2020-09-29T18:07:45.635+0200: 31.909: [ParNew: 601993K->60397K(613440K), 0.0297760 secs] 612285K->70690K(2029056K), 0.0298524 secs] [Times: user=0.23 sys=0.00, real=0.03 secs] 
2020-09-29T18:07:45.712+0200: 31.986: [GC (Allocation Failure) 2020-09-29T18:07:45.712+0200: 31.986: [ParNew: 605741K->68096K(613440K), 0.0336699 secs] 616034K->79052K(2029056K), 0.0337402 secs] [Times: user=0.25 sys=0.00, real=0.03 secs] 
2020-09-29T18:07:45.794+0200: 32.068: [GC (Allocation Failure) 2020-09-29T18:07:45.794+0200: 32.068: [ParNew: 613440K->42164K(613440K), 0.0166361 secs] 624396K->53120K(2029056K), 0.0167021 secs] [Times: user=0.13 sys=0.00, real=0.02 secs] 
2020-09-29T18:07:45.868+0200: 32.142: [GC (Allocation Failure) 2020-09-29T18:07:45.868+0200: 32.142: [ParNew: 587508K->37526K(613440K), 0.0197120 secs] 598464K->48482K(2029056K), 0.0197802 secs] [Times: user=0.13 sys=0.00, real=0.02 secs] 
2020-09-29T18:07:45.941+0200: 32.215: [GC (Allocation Failure) 2020-09-29T18:07:45.941+0200: 32.215: [ParNew: 582870K->35417K(613440K), 0.0197230 secs] 593826K->46373K(2029056K), 0.0197940 secs] [Times: user=0.25 sys=0.00, real=0.02 secs] 
2020-09-29T18:07:46.014+0200: 32.288: [GC (Allocation Failure) 2020-09-29T18:07:46.014+0200: 32.288: [ParNew: 580761K->31485K(613440K), 0.0200769 secs] 591717K->42442K(2029056K), 0.0201464 secs] [Times: user=0.13 sys=0.00, real=0.02 secs] 
2020-09-29T18:07:46.100+0200: 32.375: [GC (Allocation Failure) 2020-09-29T18:07:46.100+0200: 32.375: [ParNew: 576829K->46527K(613440K), 0.0272215 secs] 587786K->57483K(2029056K), 0.0272999 secs] [Times: user=0.13 sys=0.00, real=0.03 secs] 
2020-09-29T18:07:46.176+0200: 32.450: [GC (Allocation Failure) 2020-09-29T18:07:46.176+0200: 32.450: [ParNew: 591871K->38448K(613440K), 0.0267628 secs] 602827K->49404K(2029056K), 0.0268569 secs] [Times: user=0.25 sys=0.00, real=0.03 secs] 
2020-09-29T18:07:46.258+0200: 32.533: [GC (Allocation Failure) 2020-09-29T18:07:46.258+0200: 32.533: [ParNew: 583792K->68096K(613440K), 0.0317784 secs] 594748K->79052K(2029056K), 0.0318503 secs] [Times: user=0.25 sys=0.00, real=0.03 secs] 
2020-09-29T18:07:46.339+0200: 32.613: [GC (Allocation Failure) 2020-09-29T18:07:46.339+0200: 32.613: [ParNew: 613440K->39649K(613440K), 0.0151196 secs] 624396K->50605K(2029056K), 0.0151889 secs] [Times: user=0.13 sys=0.00, real=0.02 secs] 
2020-09-29T18:07:46.415+0200: 32.689: [GC (Allocation Failure) 2020-09-29T18:07:46.415+0200: 32.689: [ParNew: 584993K->46958K(613440K), 0.0299998 secs] 595949K->57914K(2029056K), 0.0300732 secs] [Times: user=0.25 sys=0.00, real=0.03 secs] 
2020-09-29T18:07:46.493+0200: 32.767: [GC (Allocation Failure) 2020-09-29T18:07:46.493+0200: 32.767: [ParNew: 592302K->68096K(613440K), 0.0352623 secs] 603258K->79052K(2029056K), 0.0353478 secs] [Times: user=0.25 sys=0.00, real=0.04 secs] 
2020-09-29T18:07:46.578+0200: 32.852: [GC (Allocation Failure) 2020-09-29T18:07:46.578+0200: 32.853: [ParNew: 613440K->50789K(613440K), 0.0299814 secs] 624396K->61746K(2029056K), 0.0300646 secs] [Times: user=0.22 sys=0.00, real=0.03 secs] 
2020-09-29T18:07:46.660+0200: 32.934: [GC (Allocation Failure) 2020-09-29T18:07:46.660+0200: 32.934: [ParNew: 596133K->41068K(613440K), 0.0204181 secs] 607090K->52024K(2029056K), 0.0204913 secs] [Times: user=0.25 sys=0.00, real=0.02 secs] 
2020-09-29T18:07:46.728+0200: 33.002: [GC (Allocation Failure) 2020-09-29T18:07:46.728+0200: 33.002: [ParNew: 586412K->37650K(613440K), 0.0274216 secs] 597368K->48606K(2029056K), 0.0274949 secs] [Times: user=0.25 sys=0.00, real=0.03 secs] 
2020-09-29T18:07:46.802+0200: 33.077: [GC (Allocation Failure) 2020-09-29T18:07:46.802+0200: 33.077: [ParNew: 582994K->39385K(613440K), 0.0250892 secs] 593950K->50341K(2029056K), 0.0251717 secs] [Times: user=0.13 sys=0.00, real=0.02 secs] 
2020-09-29T18:07:46.880+0200: 33.155: [GC (Allocation Failure) 2020-09-29T18:07:46.880+0200: 33.155: [ParNew: 584729K->38155K(613440K), 0.0231671 secs] 595685K->49111K(2029056K), 0.0232359 secs] [Times: user=0.13 sys=0.00, real=0.02 secs] 
2020-09-29T18:07:46.957+0200: 33.232: [GC (Allocation Failure) 2020-09-29T18:07:46.958+0200: 33.232: [ParNew: 583499K->56918K(613440K), 0.0300786 secs] 594455K->67875K(2029056K), 0.0301648 secs] [Times: user=0.14 sys=0.00, real=0.03 secs] 
2020-09-29T18:07:47.040+0200: 33.314: [GC (Allocation Failure) 2020-09-29T18:07:47.040+0200: 33.314: [ParNew: 602262K->50528K(613440K), 0.0288947 secs] 613219K->61484K(2029056K), 0.0289784 secs] [Times: user=0.25 sys=0.00, real=0.03 secs] 
2020-09-29T18:07:47.122+0200: 33.397: [GC (Allocation Failure) 2020-09-29T18:07:47.122+0200: 33.397: [ParNew: 595872K->42992K(613440K), 0.0208908 secs] 606828K->53949K(2029056K), 0.0209687 secs] [Times: user=0.13 sys=0.00, real=0.02 secs] 
2020-09-29T18:07:47.191+0200: 33.465: [GC (Allocation Failure) 2020-09-29T18:07:47.191+0200: 33.465: [ParNew: 588336K->24859K(613440K), 0.0184164 secs] 599293K->35816K(2029056K), 0.0184993 secs] [Times: user=0.22 sys=0.00, real=0.02 secs] 
2020-09-29T18:07:47.264+0200: 33.538: [GC (Allocation Failure) 2020-09-29T18:07:47.264+0200: 33.538: [ParNew: 570203K->63251K(613440K), 0.0332190 secs] 581160K->74208K(2029056K), 0.0332931 secs] [Times: user=0.25 sys=0.00, real=0.03 secs] 
2020-09-29T18:07:47.347+0200: 33.621: [GC (Allocation Failure) 2020-09-29T18:07:47.347+0200: 33.621: [ParNew: 608595K->45018K(613440K), 0.0257949 secs] 619552K->55975K(2029056K), 0.0258674 secs] [Times: user=0.25 sys=0.00, real=0.03 secs] 
2020-09-29T18:07:47.423+0200: 33.697: [GC (Allocation Failure) 2020-09-29T18:07:47.423+0200: 33.697: [ParNew: 590362K->36812K(613440K), 0.0240805 secs] 601319K->47768K(2029056K), 0.0241489 secs] [Times: user=0.25 sys=0.00, real=0.02 secs] 
2020-09-29T18:07:47.500+0200: 33.774: [GC (Allocation Failure) 2020-09-29T18:07:47.500+0200: 33.774: [ParNew: 582156K->60804K(613440K), 0.0299662 secs] 593112K->71761K(2029056K), 0.0300360 secs] [Times: user=0.25 sys=0.00, real=0.03 secs] 
2020-09-29T18:07:47.581+0200: 33.856: [GC (Allocation Failure) 2020-09-29T18:07:47.581+0200: 33.856: [ParNew: 606148K->68096K(613440K), 0.0364144 secs] 617105K->80331K(2029056K), 0.0364838 secs] [Times: user=0.38 sys=0.00, real=0.04 secs] 
2020-09-29T18:07:47.671+0200: 33.945: [GC (Allocation Failure) 2020-09-29T18:07:47.671+0200: 33.945: [ParNew: 613440K->49288K(613440K), 0.0203354 secs] 625675K->61523K(2029056K), 0.0204040 secs] [Times: user=0.13 sys=0.00, real=0.02 secs] 
2020-09-29T18:07:47.760+0200: 34.034: [GC (Allocation Failure) 2020-09-29T18:07:47.760+0200: 34.035: [ParNew: 594632K->47016K(613440K), 0.0297688 secs] 606867K->59252K(2029056K), 0.0298631 secs] [Times: user=0.25 sys=0.00, real=0.03 secs] 
2020-09-29T18:07:47.847+0200: 34.122: [GC (Allocation Failure) 2020-09-29T18:07:47.847+0200: 34.122: [ParNew: 592360K->55775K(613440K), 0.0295016 secs] 604596K->68010K(2029056K), 0.0295980 secs] [Times: user=0.14 sys=0.00, real=0.03 secs] 
2020-09-29T18:07:47.930+0200: 34.205: [GC (Allocation Failure) 2020-09-29T18:07:47.930+0200: 34.205: [ParNew: 601119K->61727K(613440K), 0.0362234 secs] 613354K->73962K(2029056K), 0.0363042 secs] [Times: user=0.25 sys=0.00, real=0.04 secs] 
2020-09-29T18:07:48.017+0200: 34.292: [GC (Allocation Failure) 2020-09-29T18:07:48.017+0200: 34.292: [ParNew: 607071K->41998K(613440K), 0.0265762 secs] 619306K->54233K(2029056K), 0.0266512 secs] [Times: user=0.25 sys=0.00, real=0.03 secs] 
2020-09-29T18:07:48.106+0200: 34.381: [GC (Allocation Failure) 2020-09-29T18:07:48.106+0200: 34.381: [ParNew: 587342K->36195K(613440K), 0.0252872 secs] 599577K->48431K(2029056K), 0.0253796 secs] [Times: user=0.25 sys=0.00, real=0.03 secs] 
2020-09-29T18:07:48.182+0200: 34.457: [GC (Allocation Failure) 2020-09-29T18:07:48.182+0200: 34.457: [ParNew: 581539K->30467K(613440K), 0.0242109 secs] 593775K->42702K(2029056K), 0.0243012 secs] [Times: user=0.13 sys=0.00, real=0.03 secs] 
2020-09-29T18:07:48.279+0200: 34.553: [GC (Allocation Failure) 2020-09-29T18:07:48.279+0200: 34.553: [ParNew: 575811K->54649K(613440K), 0.0326481 secs] 588046K->66885K(2029056K), 0.0327250 secs] [Times: user=0.25 sys=0.00, real=0.03 secs] 
2020-09-29T18:07:48.363+0200: 34.637: [GC (Allocation Failure) 2020-09-29T18:07:48.363+0200: 34.637: [ParNew: 599993K->41216K(613440K), 0.0298522 secs] 612229K->53451K(2029056K), 0.0299321 secs] [Times: user=0.25 sys=0.00, real=0.03 secs] 
2020-09-29T18:07:48.454+0200: 34.729: [GC (Allocation Failure) 2020-09-29T18:07:48.454+0200: 34.729: [ParNew: 586560K->68096K(613440K), 0.0384501 secs] 598795K->80331K(2029056K), 0.0385504 secs] [Times: user=0.36 sys=0.00, real=0.04 secs] 
2020-09-29T18:07:48.543+0200: 34.817: [GC (Allocation Failure) 2020-09-29T18:07:48.543+0200: 34.818: [ParNew: 613440K->41696K(613440K), 0.0227509 secs] 625675K->53931K(2029056K), 0.0228473 secs] [Times: user=0.13 sys=0.00, real=0.02 secs] 
2020-09-29T18:07:48.620+0200: 34.894: [GC (Allocation Failure) 2020-09-29T18:07:48.620+0200: 34.894: [ParNew: 587040K->39418K(613440K), 0.0278449 secs] 599275K->51653K(2029056K), 0.0279260 secs] [Times: user=0.22 sys=0.00, real=0.03 secs] 
2020-09-29T18:07:48.703+0200: 34.978: [GC (Allocation Failure) 2020-09-29T18:07:48.703+0200: 34.978: [ParNew: 584762K->33973K(613440K), 0.0264607 secs] 596997K->46208K(2029056K), 0.0265551 secs] [Times: user=0.25 sys=0.00, real=0.03 secs] 
2020-09-29T18:07:48.787+0200: 35.061: [GC (Allocation Failure) 2020-09-29T18:07:48.787+0200: 35.061: [ParNew: 579317K->35147K(613440K), 0.0256138 secs] 591552K->47382K(2029056K), 0.0256996 secs] [Times: user=0.13 sys=0.00, real=0.03 secs] 
2020-09-29T18:07:48.871+0200: 35.145: [GC (Allocation Failure) 2020-09-29T18:07:48.871+0200: 35.145: [ParNew: 580491K->58340K(613440K), 0.0323592 secs] 592726K->70576K(2029056K), 0.0324346 secs] [Times: user=0.25 sys=0.00, real=0.03 secs] 
2020-09-29T18:07:48.962+0200: 35.236: [GC (Allocation Failure) 2020-09-29T18:07:48.962+0200: 35.237: [ParNew: 603684K->42518K(613440K), 0.0317705 secs] 615920K->54753K(2029056K), 0.0318422 secs] [Times: user=0.25 sys=0.00, real=0.03 secs] 
2020-09-29T18:07:49.044+0200: 35.319: [GC (Allocation Failure) 2020-09-29T18:07:49.044+0200: 35.319: [ParNew: 587862K->68096K(613440K), 0.0395663 secs] 600097K->80331K(2029056K), 0.0396618 secs] [Times: user=0.38 sys=0.00, real=0.04 secs] 
2020-09-29T18:07:49.136+0200: 35.410: [GC (Allocation Failure) 2020-09-29T18:07:49.136+0200: 35.410: [ParNew: 613440K->48505K(613440K), 0.0197533 secs] 625675K->60741K(2029056K), 0.0198285 secs] [Times: user=0.13 sys=0.00, real=0.02 secs] 
2020-09-29T18:07:49.214+0200: 35.488: [GC (Allocation Failure) 2020-09-29T18:07:49.214+0200: 35.488: [ParNew: 593849K->39293K(613440K), 0.0285426 secs] 606085K->51529K(2029056K), 0.0286308 secs] [Times: user=0.23 sys=0.00, real=0.03 secs] 
2020-09-29T18:07:49.305+0200: 35.579: [GC (Allocation Failure) 2020-09-29T18:07:49.305+0200: 35.579: [ParNew: 584637K->48460K(613440K), 0.0280607 secs] 596873K->60695K(2029056K), 0.0281738 secs] [Times: user=0.25 sys=0.00, real=0.03 secs] 
2020-09-29T18:07:49.396+0200: 35.670: [GC (Allocation Failure) 2020-09-29T18:07:49.396+0200: 35.670: [ParNew: 593804K->58903K(613440K), 0.0348139 secs] 606039K->71138K(2029056K), 0.0348874 secs] [Times: user=0.24 sys=0.00, real=0.04 secs] 
2020-09-29T18:07:49.483+0200: 35.757: [GC (Allocation Failure) 2020-09-29T18:07:49.483+0200: 35.757: [ParNew: 604247K->36757K(613440K), 0.0139782 secs] 616482K->48992K(2029056K), 0.0140523 secs] [Times: user=0.13 sys=0.00, real=0.01 secs] 
2020-09-29T18:07:49.560+0200: 35.834: [GC (Allocation Failure) 2020-09-29T18:07:49.561+0200: 35.835: [ParNew: 582101K->43730K(613440K), 0.0293003 secs] 594336K->55966K(2029056K), 0.0294078 secs] [Times: user=0.25 sys=0.00, real=0.03 secs] 
2020-09-29T18:07:49.643+0200: 35.917: [GC (Allocation Failure) 2020-09-29T18:07:49.643+0200: 35.917: [ParNew: 587336K->30234K(613440K), 0.0200954 secs] 599571K->42470K(2029056K), 0.0201759 secs] [Times: user=0.22 sys=0.00, real=0.02 secs] 
2020-09-29T18:07:49.712+0200: 35.986: [GC (Allocation Failure) 2020-09-29T18:07:49.712+0200: 35.986: [ParNew: 575578K->47249K(613440K), 0.0327879 secs] 587814K->59485K(2029056K), 0.0328648 secs] [Times: user=0.25 sys=0.00, real=0.03 secs] 
2020-09-29T18:07:49.806+0200: 36.080: [GC (Allocation Failure) 2020-09-29T18:07:49.806+0200: 36.080: [ParNew: 592593K->40921K(613440K), 0.0233444 secs] 604829K->53156K(2029056K), 0.0234222 secs] [Times: user=0.13 sys=0.00, real=0.02 secs] 
2020-09-29T18:07:49.893+0200: 36.167: [GC (Allocation Failure) 2020-09-29T18:07:49.893+0200: 36.167: [ParNew: 586265K->55659K(613440K), 0.0321945 secs] 598500K->67894K(2029056K), 0.0322854 secs] [Times: user=0.24 sys=0.00, real=0.03 secs] 
2020-09-29T18:07:49.977+0200: 36.251: [GC (Allocation Failure) 2020-09-29T18:07:49.977+0200: 36.251: [ParNew: 601003K->39982K(613440K), 0.0297008 secs] 613238K->52217K(2029056K), 0.0297920 secs] [Times: user=0.25 sys=0.00, real=0.03 secs] 
2020-09-29T18:07:50.062+0200: 36.336: [GC (Allocation Failure) 2020-09-29T18:07:50.062+0200: 36.336: [ParNew: 585326K->40042K(613440K), 0.0293274 secs] 597561K->52278K(2029056K), 0.0294235 secs] [Times: user=0.25 sys=0.00, real=0.03 secs] 
2020-09-29T18:07:50.142+0200: 36.416: [GC (Allocation Failure) 2020-09-29T18:07:50.142+0200: 36.416: [ParNew: 585386K->42057K(613440K), 0.0267077 secs] 597622K->54292K(2029056K), 0.0267862 secs] [Times: user=0.25 sys=0.00, real=0.03 secs] 
2020-09-29T18:07:50.226+0200: 36.500: [GC (Allocation Failure) 2020-09-29T18:07:50.226+0200: 36.500: [ParNew: 587401K->66138K(613440K), 0.0426370 secs] 599636K->78374K(2029056K), 0.0427175 secs] [Times: user=0.25 sys=0.00, real=0.04 secs] 
2020-09-29T18:07:50.319+0200: 36.593: [GC (Allocation Failure) 2020-09-29T18:07:50.319+0200: 36.593: [ParNew: 611482K->50818K(613440K), 0.0253226 secs] 623718K->63053K(2029056K), 0.0254017 secs] [Times: user=0.13 sys=0.00, real=0.03 secs] 
2020-09-29T18:07:50.400+0200: 36.674: [GC (Allocation Failure) 2020-09-29T18:07:50.400+0200: 36.674: [ParNew: 596162K->48073K(613440K), 0.0320812 secs] 608397K->60308K(2029056K), 0.0321584 secs] [Times: user=0.25 sys=0.00, real=0.03 secs] 
2020-09-29T18:07:50.487+0200: 36.761: [GC (Allocation Failure) 2020-09-29T18:07:50.488+0200: 36.761: [ParNew: 593417K->40456K(613440K), 0.0300768 secs] 605652K->52691K(2029056K), 0.0301578 secs] [Times: user=0.25 sys=0.00, real=0.03 secs] 
2020-09-29T18:07:50.573+0200: 36.847: [GC (Allocation Failure) 2020-09-29T18:07:50.573+0200: 36.847: [ParNew: 585800K->63999K(613440K), 0.0378847 secs] 598035K->76234K(2029056K), 0.0379796 secs] [Times: user=0.22 sys=0.00, real=0.04 secs] 
2020-09-29T18:07:50.668+0200: 36.942: [GC (Allocation Failure) 2020-09-29T18:07:50.668+0200: 36.942: [ParNew: 609343K->54716K(613440K), 0.0352937 secs] 621578K->66951K(2029056K), 0.0353683 secs] [Times: user=0.25 sys=0.00, real=0.04 secs] 
2020-09-29T18:07:50.750+0200: 37.024: [GC (Allocation Failure) 2020-09-29T18:07:50.750+0200: 37.024: [ParNew: 600060K->43849K(613440K), 0.0265169 secs] 612295K->56084K(2029056K), 0.0266188 secs] [Times: user=0.25 sys=0.00, real=0.03 secs] 
2020-09-29T18:07:50.839+0200: 37.113: [GC (Allocation Failure) 2020-09-29T18:07:50.839+0200: 37.113: [ParNew: 589193K->64135K(613440K), 0.0325754 secs] 601428K->76370K(2029056K), 0.0326473 secs] [Times: user=0.25 sys=0.00, real=0.03 secs] 
2020-09-29T18:07:50.923+0200: 37.197: [GC (Allocation Failure) 2020-09-29T18:07:50.923+0200: 37.197: [ParNew: 609479K->45962K(613440K), 0.0318943 secs] 621714K->58197K(2029056K), 0.0319726 secs] [Times: user=0.25 sys=0.00, real=0.03 secs] 
2020-09-29T18:07:51.007+0200: 37.281: [GC (Allocation Failure) 2020-09-29T18:07:51.007+0200: 37.281: [ParNew: 591306K->42237K(613440K), 0.0310889 secs] 603541K->54472K(2029056K), 0.0311859 secs] [Times: user=0.25 sys=0.00, real=0.03 secs] 
2020-09-29T18:07:51.092+0200: 37.366: [GC (Allocation Failure) 2020-09-29T18:07:51.092+0200: 37.366: [ParNew: 587581K->40988K(613440K), 0.0294253 secs] 599816K->53223K(2029056K), 0.0295120 secs] [Times: user=0.25 sys=0.00, real=0.03 secs] 
2020-09-29T18:07:51.173+0200: 37.447: [GC (Allocation Failure) 2020-09-29T18:07:51.173+0200: 37.447: [ParNew: 586332K->34910K(613440K), 0.0189148 secs] 598567K->47145K(2029056K), 0.0190045 secs] [Times: user=0.25 sys=0.00, real=0.02 secs] 
2020-09-29T18:07:51.261+0200: 37.535: [GC (Allocation Failure) 2020-09-29T18:07:51.261+0200: 37.535: [ParNew: 580254K->24906K(613440K), 0.0196992 secs] 592489K->37141K(2029056K), 0.0197673 secs] [Times: user=0.11 sys=0.00, real=0.02 secs] 
2020-09-29T18:07:51.358+0200: 37.632: [GC (Allocation Failure) 2020-09-29T18:07:51.358+0200: 37.632: [ParNew: 570250K->36640K(613440K), 0.0242686 secs] 582485K->48875K(2029056K), 0.0243635 secs] [Times: user=0.25 sys=0.00, real=0.02 secs] 
2020-09-29T18:07:51.442+0200: 37.716: [GC (Allocation Failure) 2020-09-29T18:07:51.442+0200: 37.716: [ParNew: 581984K->44945K(613440K), 0.0311740 secs] 594219K->57180K(2029056K), 0.0312491 secs] [Times: user=0.25 sys=0.00, real=0.03 secs] 
2020-09-29T18:07:51.530+0200: 37.804: [GC (Allocation Failure) 2020-09-29T18:07:51.530+0200: 37.804: [ParNew: 590289K->58648K(613440K), 0.0294115 secs] 602524K->70883K(2029056K), 0.0295042 secs] [Times: user=0.25 sys=0.00, real=0.03 secs] 
2020-09-29T18:07:51.624+0200: 37.898: [GC (Allocation Failure) 2020-09-29T18:07:51.624+0200: 37.898: [ParNew: 603992K->42393K(613440K), 0.0319912 secs] 616227K->54628K(2029056K), 0.0320785 secs] [Times: user=0.25 sys=0.00, real=0.03 secs] 
2020-09-29T18:07:51.705+0200: 37.980: [GC (Allocation Failure) 2020-09-29T18:07:51.705+0200: 37.980: [ParNew: 587737K->68096K(613440K), 0.0375216 secs] 599972K->80882K(2029056K), 0.0375984 secs] [Times: user=0.38 sys=0.00, real=0.04 secs] 
2020-09-29T18:07:51.793+0200: 38.068: [GC (Allocation Failure) 2020-09-29T18:07:51.794+0200: 38.068: [ParNew: 613440K->50771K(613440K), 0.0277810 secs] 626226K->63557K(2029056K), 0.0278613 secs] [Times: user=0.25 sys=0.00, real=0.03 secs] 
2020-09-29T18:07:51.876+0200: 38.150: [GC (Allocation Failure) 2020-09-29T18:07:51.876+0200: 38.150: [ParNew: 596115K->43667K(613440K), 0.0242989 secs] 608901K->56453K(2029056K), 0.0243727 secs] [Times: user=0.25 sys=0.00, real=0.02 secs] 
2020-09-29T18:07:51.955+0200: 38.229: [GC (Allocation Failure) 2020-09-29T18:07:51.955+0200: 38.229: [ParNew: 589011K->34662K(613440K), 0.0251391 secs] 601797K->47448K(2029056K), 0.0252385 secs] [Times: user=0.25 sys=0.00, real=0.03 secs] 
2020-09-29T18:07:52.036+0200: 38.310: [GC (Allocation Failure) 2020-09-29T18:07:52.036+0200: 38.310: [ParNew: 580006K->22709K(613440K), 0.0112489 secs] 592792K->35496K(2029056K), 0.0113234 secs] [Times: user=0.00 sys=0.00, real=0.01 secs] 
2020-09-29T18:07:52.108+0200: 38.382: [GC (Allocation Failure) 2020-09-29T18:07:52.108+0200: 38.382: [ParNew: 568053K->41285K(613440K), 0.0283239 secs] 580840K->54072K(2029056K), 0.0283998 secs] [Times: user=0.25 sys=0.00, real=0.03 secs] 
2020-09-29T18:07:52.194+0200: 38.469: [GC (Allocation Failure) 2020-09-29T18:07:52.194+0200: 38.469: [ParNew: 586629K->51140K(613440K), 0.0386241 secs] 599416K->63926K(2029056K), 0.0387244 secs] [Times: user=0.23 sys=0.00, real=0.04 secs] 
2020-09-29T18:07:52.283+0200: 38.557: [GC (Allocation Failure) 2020-09-29T18:07:52.283+0200: 38.557: [ParNew: 596484K->48567K(613440K), 0.0252031 secs] 609270K->61353K(2029056K), 0.0252824 secs] [Times: user=0.25 sys=0.00, real=0.03 secs] 
2020-09-29T18:07:52.367+0200: 38.641: [GC (Allocation Failure) 2020-09-29T18:07:52.367+0200: 38.641: [ParNew: 593911K->46517K(613440K), 0.0339467 secs] 606697K->59303K(2029056K), 0.0340384 secs] [Times: user=0.25 sys=0.00, real=0.03 secs] 
2020-09-29T18:07:52.450+0200: 38.724: [GC (Allocation Failure) 2020-09-29T18:07:52.450+0200: 38.724: [ParNew: 591861K->42876K(613440K), 0.0233681 secs] 604647K->55663K(2029056K), 0.0234438 secs] [Times: user=0.25 sys=0.00, real=0.02 secs] 
2020-09-29T18:07:52.535+0200: 38.810: [GC (Allocation Failure) 2020-09-29T18:07:52.535+0200: 38.810: [ParNew: 588220K->52123K(613440K), 0.0317458 secs] 601007K->64910K(2029056K), 0.0318252 secs] [Times: user=0.25 sys=0.00, real=0.03 secs] 
2020-09-29T18:07:52.618+0200: 38.892: [GC (Allocation Failure) 2020-09-29T18:07:52.618+0200: 38.892: [ParNew: 597467K->31108K(613440K), 0.0247510 secs] 610254K->43894K(2029056K), 0.0248271 secs] [Times: user=0.11 sys=0.00, real=0.02 secs] 
2020-09-29T18:07:52.701+0200: 38.975: [GC (Allocation Failure) 2020-09-29T18:07:52.701+0200: 38.975: [ParNew: 576452K->52652K(613440K), 0.0200561 secs] 589238K->65438K(2029056K), 0.0201291 secs] [Times: user=0.13 sys=0.00, real=0.02 secs] 
2020-09-29T18:07:52.771+0200: 39.045: [GC (Allocation Failure) 2020-09-29T18:07:52.771+0200: 39.045: [ParNew: 597996K->38631K(613440K), 0.0174930 secs] 610782K->51417K(2029056K), 0.0175474 secs] [Times: user=0.13 sys=0.00, real=0.02 secs] 
2020-09-29T18:07:52.841+0200: 39.115: [GC (Allocation Failure) 2020-09-29T18:07:52.841+0200: 39.115: [ParNew: 583975K->62719K(613440K), 0.0219928 secs] 596761K->75505K(2029056K), 0.0220792 secs] [Times: user=0.13 sys=0.00, real=0.02 secs] 
2020-09-29T18:07:52.915+0200: 39.189: [GC (Allocation Failure) 2020-09-29T18:07:52.915+0200: 39.190: [ParNew: 608063K->48952K(613440K), 0.0167445 secs] 620849K->61739K(2029056K), 0.0168018 secs] [Times: user=0.13 sys=0.00, real=0.02 secs] 
2020-09-29T18:07:52.989+0200: 39.264: [GC (Allocation Failure) 2020-09-29T18:07:52.990+0200: 39.264: [ParNew: 594296K->44318K(613440K), 0.0163415 secs] 607083K->57105K(2029056K), 0.0164147 secs] [Times: user=0.13 sys=0.00, real=0.02 secs] 
2020-09-29T18:07:53.058+0200: 39.332: [GC (Allocation Failure) 2020-09-29T18:07:53.058+0200: 39.332: [ParNew: 589662K->45984K(613440K), 0.0232387 secs] 602449K->58770K(2029056K), 0.0232975 secs] [Times: user=0.11 sys=0.00, real=0.02 secs] 
2020-09-29T18:07:53.132+0200: 39.406: [GC (Allocation Failure) 2020-09-29T18:07:53.132+0200: 39.406: [ParNew: 591328K->39381K(613440K), 0.0134389 secs] 604114K->52167K(2029056K), 0.0134937 secs] [Times: user=0.13 sys=0.00, real=0.01 secs] 
2020-09-29T18:07:53.201+0200: 39.475: [GC (Allocation Failure) 2020-09-29T18:07:53.201+0200: 39.475: [ParNew: 584725K->47694K(613440K), 0.0259938 secs] 597511K->60481K(2029056K), 0.0260602 secs] [Times: user=0.20 sys=0.00, real=0.03 secs] 
2020-09-29T18:07:53.285+0200: 39.559: [GC (Allocation Failure) 2020-09-29T18:07:53.285+0200: 39.559: [ParNew: 593038K->42942K(613440K), 0.0200666 secs] 605825K->55729K(2029056K), 0.0201316 secs] [Times: user=0.25 sys=0.00, real=0.02 secs] 
2020-09-29T18:07:53.356+0200: 39.630: [GC (Allocation Failure) 2020-09-29T18:07:53.356+0200: 39.630: [ParNew: 588286K->40095K(613440K), 0.0204991 secs] 601073K->52882K(2029056K), 0.0205781 secs] [Times: user=0.13 sys=0.00, real=0.02 secs] 
2020-09-29T18:07:53.428+0200: 39.702: [GC (Allocation Failure) 2020-09-29T18:07:53.428+0200: 39.702: [ParNew: 585439K->42943K(613440K), 0.0182272 secs] 598226K->55730K(2029056K), 0.0183038 secs] [Times: user=0.13 sys=0.00, real=0.02 secs] 
2020-09-29T18:07:53.496+0200: 39.770: [GC (Allocation Failure) 2020-09-29T18:07:53.496+0200: 39.770: [ParNew: 588287K->38315K(613440K), 0.0196448 secs] 601074K->51102K(2029056K), 0.0197065 secs] [Times: user=0.13 sys=0.00, real=0.02 secs] 
2020-09-29T18:07:53.566+0200: 39.840: [GC (Allocation Failure) 2020-09-29T18:07:53.566+0200: 39.841: [ParNew: 583659K->64725K(613440K), 0.0229162 secs] 596446K->77511K(2029056K), 0.0230002 secs] [Times: user=0.23 sys=0.00, real=0.02 secs] 
2020-09-29T18:07:53.640+0200: 39.914: [GC (Allocation Failure) 2020-09-29T18:07:53.640+0200: 39.914: [ParNew: 610069K->56726K(613440K), 0.0215013 secs] 622855K->69512K(2029056K), 0.0215923 secs] [Times: user=0.25 sys=0.00, real=0.02 secs] 
2020-09-29T18:07:53.709+0200: 39.983: [GC (Allocation Failure) 2020-09-29T18:07:53.709+0200: 39.983: [ParNew: 602070K->47937K(613440K), 0.0208497 secs] 614856K->60724K(2029056K), 0.0209279 secs] [Times: user=0.13 sys=0.00, real=0.02 secs] 
2020-09-29T18:07:53.779+0200: 40.053: [GC (Allocation Failure) 2020-09-29T18:07:53.779+0200: 40.053: [ParNew: 593281K->42030K(613440K), 0.0138321 secs] 606068K->54817K(2029056K), 0.0138897 secs] [Times: user=0.13 sys=0.00, real=0.01 secs] 
2020-09-29T18:07:53.845+0200: 40.120: [GC (Allocation Failure) 2020-09-29T18:07:53.845+0200: 40.120: [ParNew: 587374K->39201K(613440K), 0.0186971 secs] 600161K->51988K(2029056K), 0.0187541 secs] [Times: user=0.25 sys=0.00, real=0.02 secs] 
2020-09-29T18:07:53.911+0200: 40.185: [GC (Allocation Failure) 2020-09-29T18:07:53.911+0200: 40.185: [ParNew: 584545K->52142K(613440K), 0.0185604 secs] 597332K->64928K(2029056K), 0.0186463 secs] [Times: user=0.13 sys=0.00, real=0.02 secs] 
2020-09-29T18:07:53.980+0200: 40.255: [GC (Allocation Failure) 2020-09-29T18:07:53.980+0200: 40.255: [ParNew: 597486K->30060K(613440K), 0.0106801 secs] 610272K->42846K(2029056K), 0.0107374 secs] [Times: user=0.13 sys=0.00, real=0.01 secs] 
2020-09-29T18:07:54.044+0200: 40.319: [GC (Allocation Failure) 2020-09-29T18:07:54.044+0200: 40.319: [ParNew: 575404K->30965K(613440K), 0.0143773 secs] 588190K->43752K(2029056K), 0.0144435 secs] [Times: user=0.13 sys=0.00, real=0.02 secs] 
2020-09-29T18:07:54.108+0200: 40.383: [GC (Allocation Failure) 2020-09-29T18:07:54.109+0200: 40.383: [ParNew: 576309K->63832K(613440K), 0.0259987 secs] 589096K->76618K(2029056K), 0.0260797 secs] [Times: user=0.25 sys=0.00, real=0.03 secs] 
2020-09-29T18:07:54.182+0200: 40.456: [GC (Allocation Failure) 2020-09-29T18:07:54.182+0200: 40.456: [ParNew: 609176K->47586K(613440K), 0.0200820 secs] 621962K->60372K(2029056K), 0.0201510 secs] [Times: user=0.13 sys=0.00, real=0.02 secs] 
2020-09-29T18:07:54.253+0200: 40.527: [GC (Allocation Failure) 2020-09-29T18:07:54.253+0200: 40.527: [ParNew: 592930K->42070K(613440K), 0.0188237 secs] 605716K->54856K(2029056K), 0.0189103 secs] [Times: user=0.25 sys=0.00, real=0.02 secs] 
2020-09-29T18:07:54.318+0200: 40.592: [GC (Allocation Failure) 2020-09-29T18:07:54.318+0200: 40.592: [ParNew: 587414K->68096K(613440K), 0.0233541 secs] 600200K->80882K(2029056K), 0.0234185 secs] [Times: user=0.13 sys=0.00, real=0.02 secs] 
2020-09-29T18:07:54.391+0200: 40.665: [GC (Allocation Failure) 2020-09-29T18:07:54.391+0200: 40.665: [ParNew: 613440K->68096K(613440K), 0.0244854 secs] 626226K->81079K(2029056K), 0.0245433 secs] [Times: user=0.22 sys=0.00, real=0.02 secs] 
2020-09-29T18:07:54.464+0200: 40.738: [GC (Allocation Failure) 2020-09-29T18:07:54.464+0200: 40.738: [ParNew: 613440K->51290K(613440K), 0.0210388 secs] 626423K->64274K(2029056K), 0.0210982 secs] [Times: user=0.13 sys=0.00, real=0.02 secs] 
2020-09-29T18:07:54.532+0200: 40.806: [GC (Allocation Failure) 2020-09-29T18:07:54.532+0200: 40.806: [ParNew: 596634K->44628K(613440K), 0.0209155 secs] 609618K->57611K(2029056K), 0.0209918 secs] [Times: user=0.25 sys=0.00, real=0.02 secs] 
2020-09-29T18:07:54.603+0200: 40.877: [GC (Allocation Failure) 2020-09-29T18:07:54.603+0200: 40.877: [ParNew: 589972K->63439K(613440K), 0.0207001 secs] 602955K->76422K(2029056K), 0.0207578 secs] [Times: user=0.11 sys=0.00, real=0.02 secs] 
2020-09-29T18:07:54.672+0200: 40.946: [GC (Allocation Failure) 2020-09-29T18:07:54.672+0200: 40.946: [ParNew: 608783K->50747K(613440K), 0.0203070 secs] 621766K->63731K(2029056K), 0.0203789 secs] [Times: user=0.25 sys=0.00, real=0.02 secs] 
2020-09-29T18:07:54.741+0200: 41.015: [GC (Allocation Failure) 2020-09-29T18:07:54.741+0200: 41.015: [ParNew: 596091K->57257K(613440K), 0.0184878 secs] 609075K->70240K(2029056K), 0.0185513 secs] [Times: user=0.13 sys=0.00, real=0.02 secs] 
2020-09-29T18:07:54.806+0200: 41.081: [GC (Allocation Failure) 2020-09-29T18:07:54.806+0200: 41.081: [ParNew: 602601K->58285K(613440K), 0.0228855 secs] 615584K->71268K(2029056K), 0.0229408 secs] [Times: user=0.13 sys=0.00, real=0.02 secs] 
2020-09-29T18:07:54.877+0200: 41.151: [GC (Allocation Failure) 2020-09-29T18:07:54.877+0200: 41.151: [ParNew: 603629K->49756K(613440K), 0.0208260 secs] 616612K->62739K(2029056K), 0.0208815 secs] [Times: user=0.25 sys=0.00, real=0.02 secs] 
2020-09-29T18:07:54.946+0200: 41.220: [GC (Allocation Failure) 2020-09-29T18:07:54.946+0200: 41.220: [ParNew: 593768K->39048K(613440K), 0.0069900 secs] 606752K->52031K(2029056K), 0.0070458 secs] [Times: user=0.00 sys=0.00, real=0.01 secs] 
2020-09-29T18:07:54.999+0200: 41.273: [GC (Allocation Failure) 2020-09-29T18:07:54.999+0200: 41.274: [ParNew: 584392K->41522K(613440K), 0.0175400 secs] 597375K->54505K(2029056K), 0.0176329 secs] [Times: user=0.13 sys=0.00, real=0.02 secs] 
2020-09-29T18:07:55.066+0200: 41.341: [GC (Allocation Failure) 2020-09-29T18:07:55.066+0200: 41.341: [ParNew: 586866K->25984K(613440K), 0.0121588 secs] 599849K->38967K(2029056K), 0.0122254 secs] [Times: user=0.02 sys=0.00, real=0.01 secs] 
2020-09-29T18:07:55.134+0200: 41.408: [GC (Allocation Failure) 2020-09-29T18:07:55.134+0200: 41.408: [ParNew: 571328K->31239K(613440K), 0.0160713 secs] 584311K->44223K(2029056K), 0.0161408 secs] [Times: user=0.13 sys=0.00, real=0.02 secs] 
2020-09-29T18:07:55.210+0200: 41.484: [GC (Allocation Failure) 2020-09-29T18:07:55.210+0200: 41.484: [ParNew: 576583K->39264K(613440K), 0.0175975 secs] 589567K->52247K(2029056K), 0.0176720 secs] [Times: user=0.13 sys=0.00, real=0.02 secs] 
2020-09-29T18:07:55.280+0200: 41.555: [GC (Allocation Failure) 2020-09-29T18:07:55.280+0200: 41.555: [ParNew: 584608K->29781K(613440K), 0.0131148 secs] 597591K->42765K(2029056K), 0.0132112 secs] [Times: user=0.13 sys=0.00, real=0.01 secs] 
2020-09-29T18:07:55.344+0200: 41.618: [GC (Allocation Failure) 2020-09-29T18:07:55.344+0200: 41.618: [ParNew: 575125K->45492K(613440K), 0.0188105 secs] 588109K->58475K(2029056K), 0.0188698 secs] [Times: user=0.13 sys=0.00, real=0.02 secs] 
2020-09-29T18:07:55.411+0200: 41.685: [GC (Allocation Failure) 2020-09-29T18:07:55.411+0200: 41.685: [ParNew: 590836K->40487K(613440K), 0.0185879 secs] 603819K->53470K(2029056K), 0.0186561 secs] [Times: user=0.13 sys=0.00, real=0.02 secs] 
2020-09-29T18:07:55.479+0200: 41.754: [GC (Allocation Failure) 2020-09-29T18:07:55.479+0200: 41.754: [ParNew: 585831K->39936K(613440K), 0.0162659 secs] 598814K->52920K(2029056K), 0.0163261 secs] [Times: user=0.13 sys=0.00, real=0.02 secs] 
2020-09-29T18:07:55.544+0200: 41.819: [GC (Allocation Failure) 2020-09-29T18:07:55.544+0200: 41.819: [ParNew: 585280K->61995K(613440K), 0.0208495 secs] 598264K->74979K(2029056K), 0.0209056 secs] [Times: user=0.13 sys=0.00, real=0.02 secs] 
2020-09-29T18:07:55.617+0200: 41.891: [GC (Allocation Failure) 2020-09-29T18:07:55.617+0200: 41.891: [ParNew: 607339K->63090K(613440K), 0.0212263 secs] 620323K->76073K(2029056K), 0.0212930 secs] [Times: user=0.13 sys=0.00, real=0.02 secs] 
2020-09-29T18:07:55.686+0200: 41.960: [GC (Allocation Failure) 2020-09-29T18:07:55.686+0200: 41.960: [ParNew: 608434K->65951K(613440K), 0.0237296 secs] 621417K->78935K(2029056K), 0.0238015 secs] [Times: user=0.25 sys=0.00, real=0.02 secs] 
2020-09-29T18:07:55.758+0200: 42.032: [GC (Allocation Failure) 2020-09-29T18:07:55.758+0200: 42.032: [ParNew: 611295K->68096K(613440K), 0.0235204 secs] 624279K->81426K(2029056K), 0.0235976 secs] [Times: user=0.13 sys=0.00, real=0.02 secs] 
2020-09-29T18:07:55.829+0200: 42.103: [GC (Allocation Failure) 2020-09-29T18:07:55.829+0200: 42.103: [ParNew: 613440K->50666K(613440K), 0.0169771 secs] 626770K->63996K(2029056K), 0.0170500 secs] [Times: user=0.13 sys=0.00, real=0.02 secs] 
2020-09-29T18:07:55.901+0200: 42.176: [GC (Allocation Failure) 2020-09-29T18:07:55.901+0200: 42.176: [ParNew: 596010K->38602K(613440K), 0.0193384 secs] 609340K->51933K(2029056K), 0.0194015 secs] [Times: user=0.13 sys=0.00, real=0.02 secs] 
2020-09-29T18:07:55.972+0200: 42.246: [GC (Allocation Failure) 2020-09-29T18:07:55.972+0200: 42.246: [ParNew: 583946K->64226K(613440K), 0.0225739 secs] 597277K->77557K(2029056K), 0.0226537 secs] [Times: user=0.25 sys=0.00, real=0.02 secs] 
2020-09-29T18:07:56.044+0200: 42.318: [GC (Allocation Failure) 2020-09-29T18:07:56.044+0200: 42.319: [ParNew: 609570K->45746K(613440K), 0.0206619 secs] 622901K->59076K(2029056K), 0.0207215 secs] [Times: user=0.13 sys=0.00, real=0.02 secs] 
2020-09-29T18:07:56.111+0200: 42.386: [GC (Allocation Failure) 2020-09-29T18:07:56.111+0200: 42.386: [ParNew: 591090K->42093K(613440K), 0.0147503 secs] 604420K->55424K(2029056K), 0.0148127 secs] [Times: user=0.13 sys=0.00, real=0.01 secs] 
2020-09-29T18:07:56.176+0200: 42.450: [GC (Allocation Failure) 2020-09-29T18:07:56.176+0200: 42.450: [ParNew: 587437K->20119K(613440K), 0.0078402 secs] 600768K->33450K(2029056K), 0.0079125 secs] [Times: user=0.00 sys=0.00, real=0.01 secs] 
2020-09-29T18:07:56.244+0200: 42.518: [GC (Allocation Failure) 2020-09-29T18:07:56.244+0200: 42.518: [ParNew: 565463K->31124K(613440K), 0.0165848 secs] 578794K->44454K(2029056K), 0.0166448 secs] [Times: user=0.13 sys=0.00, real=0.02 secs] 
2020-09-29T18:07:56.307+0200: 42.581: [GC (Allocation Failure) 2020-09-29T18:07:56.307+0200: 42.581: [ParNew: 576468K->48004K(613440K), 0.0195203 secs] 589798K->61334K(2029056K), 0.0195794 secs] [Times: user=0.13 sys=0.00, real=0.02 secs] 
2020-09-29T18:07:56.376+0200: 42.651: [GC (Allocation Failure) 2020-09-29T18:07:56.376+0200: 42.651: [ParNew: 593348K->59871K(613440K), 0.0199295 secs] 606678K->73201K(2029056K), 0.0199874 secs] [Times: user=0.25 sys=0.00, real=0.02 secs] 
2020-09-29T18:07:56.443+0200: 42.718: [GC (Allocation Failure) 2020-09-29T18:07:56.443+0200: 42.718: [ParNew: 605215K->41973K(613440K), 0.0193734 secs] 618545K->55304K(2029056K), 0.0194314 secs] [Times: user=0.13 sys=0.00, real=0.02 secs] 
2020-09-29T18:07:56.512+0200: 42.787: [GC (Allocation Failure) 2020-09-29T18:07:56.512+0200: 42.787: [ParNew: 587317K->41531K(613440K), 0.0182435 secs] 600648K->54861K(2029056K), 0.0183148 secs] [Times: user=0.13 sys=0.00, real=0.02 secs] 
2020-09-29T18:07:56.581+0200: 42.856: [GC (Allocation Failure) 2020-09-29T18:07:56.581+0200: 42.856: [ParNew: 586875K->37987K(613440K), 0.0183877 secs] 600205K->51317K(2029056K), 0.0184474 secs] [Times: user=0.22 sys=0.00, real=0.02 secs] 
2020-09-29T18:07:56.650+0200: 42.925: [GC (Allocation Failure) 2020-09-29T18:07:56.651+0200: 42.925: [ParNew: 583331K->42611K(613440K), 0.0165189 secs] 596661K->55941K(2029056K), 0.0165835 secs] [Times: user=0.13 sys=0.00, real=0.02 secs] 
2020-09-29T18:07:56.716+0200: 42.991: [GC (Allocation Failure) 2020-09-29T18:07:56.716+0200: 42.991: [ParNew: 587955K->38998K(613440K), 0.0156656 secs] 601285K->52329K(2029056K), 0.0157260 secs] [Times: user=0.13 sys=0.00, real=0.02 secs] 
2020-09-29T18:07:56.779+0200: 43.054: [GC (Allocation Failure) 2020-09-29T18:07:56.779+0200: 43.054: [ParNew: 584342K->33991K(613440K), 0.0153534 secs] 597673K->47321K(2029056K), 0.0154101 secs] [Times: user=0.13 sys=0.00, real=0.02 secs] 
2020-09-29T18:07:56.846+0200: 43.120: [GC (Allocation Failure) 2020-09-29T18:07:56.846+0200: 43.120: [ParNew: 579335K->30239K(613440K), 0.0144426 secs] 592665K->43569K(2029056K), 0.0145060 secs] [Times: user=0.13 sys=0.00, real=0.01 secs] 
2020-09-29T18:07:56.907+0200: 43.182: [GC (Allocation Failure) 2020-09-29T18:07:56.907+0200: 43.182: [ParNew: 575583K->51180K(613440K), 0.0189487 secs] 588913K->64510K(2029056K), 0.0190052 secs] [Times: user=0.25 sys=0.00, real=0.02 secs] 
2020-09-29T18:07:56.973+0200: 43.248: [GC (Allocation Failure) 2020-09-29T18:07:56.973+0200: 43.248: [ParNew: 596524K->66267K(613440K), 0.0231474 secs] 609854K->79597K(2029056K), 0.0232213 secs] [Times: user=0.13 sys=0.00, real=0.02 secs] 
2020-09-29T18:07:57.045+0200: 43.319: [GC (Allocation Failure) 2020-09-29T18:07:57.045+0200: 43.319: [ParNew: 611611K->49938K(613440K), 0.0170544 secs] 624941K->63268K(2029056K), 0.0171099 secs] [Times: user=0.13 sys=0.00, real=0.02 secs] 
2020-09-29T18:07:57.110+0200: 43.385: [GC (Allocation Failure) 2020-09-29T18:07:57.110+0200: 43.385: [ParNew: 595282K->47607K(613440K), 0.0213656 secs] 608612K->60937K(2029056K), 0.0214344 secs] [Times: user=0.25 sys=0.00, real=0.02 secs] 
2020-09-29T18:07:57.181+0200: 43.456: [GC (Allocation Failure) 2020-09-29T18:07:57.181+0200: 43.456: [ParNew: 592951K->44390K(613440K), 0.0184969 secs] 606281K->57720K(2029056K), 0.0185671 secs] [Times: user=0.11 sys=0.00, real=0.02 secs] 
2020-09-29T18:07:57.257+0200: 43.532: [GC (Allocation Failure) 2020-09-29T18:07:57.257+0200: 43.532: [ParNew: 589734K->40569K(613440K), 0.0152826 secs] 603064K->53899K(2029056K), 0.0153450 secs] [Times: user=0.13 sys=0.00, real=0.02 secs] 
2020-09-29T18:07:57.319+0200: 43.594: [GC (Allocation Failure) 2020-09-29T18:07:57.319+0200: 43.594: [ParNew: 585913K->43113K(613440K), 0.0196227 secs] 599243K->56443K(2029056K), 0.0196859 secs] [Times: user=0.13 sys=0.00, real=0.02 secs] 
2020-09-29T18:07:57.387+0200: 43.662: [GC (Allocation Failure) 2020-09-29T18:07:57.387+0200: 43.662: [ParNew: 588457K->56529K(613440K), 0.0185067 secs] 601787K->69859K(2029056K), 0.0185738 secs] [Times: user=0.13 sys=0.00, real=0.02 secs] 
2020-09-29T18:07:57.454+0200: 43.728: [GC (Allocation Failure) 2020-09-29T18:07:57.454+0200: 43.728: [ParNew: 601873K->60613K(613440K), 0.0225656 secs] 615203K->73943K(2029056K), 0.0226382 secs] [Times: user=0.25 sys=0.00, real=0.02 secs] 
2020-09-29T18:07:57.527+0200: 43.801: [GC (Allocation Failure) 2020-09-29T18:07:57.527+0200: 43.801: [ParNew: 605957K->45213K(613440K), 0.0163977 secs] 619287K->58543K(2029056K), 0.0164555 secs] [Times: user=0.13 sys=0.00, real=0.02 secs] 
2020-09-29T18:07:57.595+0200: 43.869: [GC (Allocation Failure) 2020-09-29T18:07:57.595+0200: 43.869: [ParNew: 590557K->60240K(613440K), 0.0215212 secs] 603887K->73570K(2029056K), 0.0215940 secs] [Times: user=0.24 sys=0.00, real=0.02 secs] 
2020-09-29T18:07:57.667+0200: 43.941: [GC (Allocation Failure) 2020-09-29T18:07:57.667+0200: 43.941: [ParNew: 605584K->51162K(613440K), 0.0205427 secs] 618914K->64492K(2029056K), 0.0206109 secs] [Times: user=0.13 sys=0.00, real=0.02 secs] 
2020-09-29T18:07:57.737+0200: 44.011: [GC (Allocation Failure) 2020-09-29T18:07:57.738+0200: 44.011: [ParNew: 596506K->49833K(613440K), 0.0210375 secs] 609836K->63163K(2029056K), 0.0211214 secs] [Times: user=0.25 sys=0.00, real=0.02 secs] 
2020-09-29T18:07:57.806+0200: 44.080: [GC (Allocation Failure) 2020-09-29T18:07:57.806+0200: 44.080: [ParNew: 595177K->38897K(613440K), 0.0083002 secs] 608507K->52227K(2029056K), 0.0083577 secs] [Times: user=0.00 sys=0.00, real=0.01 secs] 
2020-09-29T18:07:57.868+0200: 44.141: [GC (Allocation Failure) 2020-09-29T18:07:57.868+0200: 44.141: [ParNew: 584241K->53176K(613440K), 0.0245228 secs] 597571K->66506K(2029056K), 0.0245833 secs] [Times: user=0.13 sys=0.00, real=0.02 secs] 
2020-09-29T18:07:57.939+0200: 44.213: [GC (Allocation Failure) 2020-09-29T18:07:57.939+0200: 44.213: [ParNew: 598520K->48663K(613440K), 0.0177604 secs] 611850K->61994K(2029056K), 0.0178151 secs] [Times: user=0.13 sys=0.00, real=0.02 secs] 
2020-09-29T18:07:58.006+0200: 44.280: [GC (Allocation Failure) 2020-09-29T18:07:58.007+0200: 44.280: [ParNew: 594007K->68096K(613440K), 0.0229439 secs] 607338K->81426K(2029056K), 0.0230242 secs] [Times: user=0.13 sys=0.00, real=0.02 secs] 
2020-09-29T18:07:58.076+0200: 44.350: [GC (Allocation Failure) 2020-09-29T18:07:58.076+0200: 44.350: [ParNew: 613440K->54043K(613440K), 0.0225343 secs] 626770K->67373K(2029056K), 0.0225987 secs] [Times: user=0.25 sys=0.00, real=0.02 secs] 
2020-09-29T18:07:58.146+0200: 44.420: [GC (Allocation Failure) 2020-09-29T18:07:58.146+0200: 44.420: [ParNew: 599387K->53471K(613440K), 0.0216147 secs] 612717K->66802K(2029056K), 0.0216850 secs] [Times: user=0.13 sys=0.00, real=0.02 secs] 
2020-09-29T18:07:58.225+0200: 44.499: [GC (Allocation Failure) 2020-09-29T18:07:58.225+0200: 44.499: [ParNew: 598815K->42369K(613440K), 0.0191526 secs] 612146K->55699K(2029056K), 0.0192361 secs] [Times: user=0.13 sys=0.00, real=0.02 secs] 
2020-09-29T18:07:58.294+0200: 44.568: [GC (Allocation Failure) 2020-09-29T18:07:58.294+0200: 44.568: [ParNew: 587713K->60011K(613440K), 0.0204657 secs] 601043K->73341K(2029056K), 0.0205267 secs] [Times: user=0.13 sys=0.00, real=0.02 secs] 
2020-09-29T18:07:58.363+0200: 44.637: [GC (Allocation Failure) 2020-09-29T18:07:58.363+0200: 44.637: [ParNew: 605355K->46628K(613440K), 0.0186033 secs] 618685K->59958K(2029056K), 0.0186616 secs] [Times: user=0.24 sys=0.00, real=0.02 secs] 
2020-09-29T18:07:58.432+0200: 44.705: [GC (Allocation Failure) 2020-09-29T18:07:58.432+0200: 44.705: [ParNew: 591972K->43922K(613440K), 0.0192147 secs] 605302K->57252K(2029056K), 0.0193040 secs] [Times: user=0.13 sys=0.00, real=0.02 secs] 
2020-09-29T18:07:58.499+0200: 44.773: [GC (Allocation Failure) 2020-09-29T18:07:58.499+0200: 44.773: [ParNew: 589266K->44422K(613440K), 0.0178400 secs] 602596K->57752K(2029056K), 0.0179185 secs] [Times: user=0.13 sys=0.00, real=0.02 secs] 
2020-09-29T18:07:58.564+0200: 44.838: [GC (Allocation Failure) 2020-09-29T18:07:58.564+0200: 44.838: [ParNew: 589766K->62542K(613440K), 0.0222198 secs] 603096K->75872K(2029056K), 0.0222786 secs] [Times: user=0.23 sys=0.00, real=0.02 secs] 
2020-09-29T18:07:58.637+0200: 44.911: [GC (Allocation Failure) 2020-09-29T18:07:58.637+0200: 44.911: [ParNew: 607886K->42365K(613440K), 0.0155149 secs] 621216K->55695K(2029056K), 0.0155714 secs] [Times: user=0.13 sys=0.00, real=0.02 secs] 
2020-09-29T18:07:58.703+0200: 44.977: [GC (Allocation Failure) 2020-09-29T18:07:58.703+0200: 44.977: [ParNew: 587709K->39994K(613440K), 0.0146316 secs] 601039K->53324K(2029056K), 0.0146900 secs] [Times: user=0.13 sys=0.00, real=0.01 secs] 
2020-09-29T18:07:58.767+0200: 45.040: [GC (Allocation Failure) 2020-09-29T18:07:58.767+0200: 45.040: [ParNew: 585338K->28925K(613440K), 0.0141459 secs] 598668K->42255K(2029056K), 0.0142210 secs] [Times: user=0.13 sys=0.00, real=0.01 secs] 
2020-09-29T18:07:58.835+0200: 45.109: [GC (Allocation Failure) 2020-09-29T18:07:58.835+0200: 45.109: [ParNew: 574269K->58555K(613440K), 0.0237641 secs] 587599K->71886K(2029056K), 0.0238275 secs] [Times: user=0.13 sys=0.00, real=0.02 secs] 
2020-09-29T18:07:58.907+0200: 45.181: [GC (Allocation Failure) 2020-09-29T18:07:58.907+0200: 45.181: [ParNew: 603899K->45436K(613440K), 0.0182128 secs] 617230K->58767K(2029056K), 0.0183087 secs] [Times: user=0.13 sys=0.00, real=0.02 secs] 
2020-09-29T18:07:58.974+0200: 45.248: [GC (Allocation Failure) 2020-09-29T18:07:58.974+0200: 45.248: [ParNew: 590780K->65548K(613440K), 0.0219836 secs] 604111K->78879K(2029056K), 0.0220835 secs] [Times: user=0.13 sys=0.00, real=0.02 secs] 
2020-09-29T18:07:59.044+0200: 45.318: [GC (Allocation Failure) 2020-09-29T18:07:59.044+0200: 45.318: [ParNew: 610892K->46219K(613440K), 0.0157008 secs] 624223K->59549K(2029056K), 0.0157561 secs] [Times: user=0.13 sys=0.00, real=0.02 secs] 
2020-09-29T18:07:59.108+0200: 45.382: [GC (Allocation Failure) 2020-09-29T18:07:59.108+0200: 45.382: [ParNew: 591563K->63357K(613440K), 0.0206410 secs] 604893K->76687K(2029056K), 0.0206955 secs] [Times: user=0.13 sys=0.00, real=0.02 secs] 
2020-09-29T18:07:59.175+0200: 45.449: [GC (Allocation Failure) 2020-09-29T18:07:59.176+0200: 45.450: [ParNew: 608701K->43915K(613440K), 0.0198367 secs] 622031K->57245K(2029056K), 0.0199358 secs] [Times: user=0.25 sys=0.00, real=0.02 secs] 
2020-09-29T18:07:59.246+0200: 45.520: [GC (Allocation Failure) 2020-09-29T18:07:59.246+0200: 45.520: [ParNew: 589259K->68096K(613440K), 0.0287932 secs] 602589K->81426K(2029056K), 0.0288513 secs] [Times: user=0.23 sys=0.00, real=0.03 secs] 
2020-09-29T18:07:59.323+0200: 45.597: [GC (Allocation Failure) 2020-09-29T18:07:59.323+0200: 45.597: [ParNew: 613440K->46642K(613440K), 0.0136117 secs] 626770K->59972K(2029056K), 0.0136678 secs] [Times: user=0.13 sys=0.00, real=0.01 secs] 
2020-09-29T18:07:59.386+0200: 45.660: [GC (Allocation Failure) 2020-09-29T18:07:59.386+0200: 45.660: [ParNew: 591986K->59291K(613440K), 0.0229819 secs] 605316K->72621K(2029056K), 0.0230359 secs] [Times: user=0.11 sys=0.00, real=0.02 secs] 
2020-09-29T18:07:59.456+0200: 45.730: [GC (Allocation Failure) 2020-09-29T18:07:59.456+0200: 45.730: [ParNew: 604635K->67864K(613440K), 0.0223128 secs] 617965K->81194K(2029056K), 0.0223746 secs] [Times: user=0.25 sys=0.00, real=0.02 secs] 
2020-09-29T18:07:59.527+0200: 45.801: [GC (Allocation Failure) 2020-09-29T18:07:59.527+0200: 45.801: [ParNew: 613208K->47882K(613440K), 0.0215014 secs] 626538K->61213K(2029056K), 0.0215588 secs] [Times: user=0.13 sys=0.00, real=0.02 secs] 
2020-09-29T18:07:59.598+0200: 45.872: [GC (Allocation Failure) 2020-09-29T18:07:59.598+0200: 45.872: [ParNew: 593226K->42845K(613440K), 0.0154366 secs] 606557K->56175K(2029056K), 0.0154998 secs] [Times: user=0.16 sys=0.05, real=0.02 secs] 
2020-09-29T18:07:59.662+0200: 45.936: [GC (Allocation Failure) 2020-09-29T18:07:59.662+0200: 45.936: [ParNew: 588189K->27156K(613440K), 0.0127735 secs] 601519K->40486K(2029056K), 0.0128433 secs] [Times: user=0.00 sys=0.00, real=0.01 secs] 
2020-09-29T18:07:59.722+0200: 45.996: [GC (Allocation Failure) 2020-09-29T18:07:59.723+0200: 45.997: [ParNew: 572500K->46779K(613440K), 0.0180499 secs] 585830K->60109K(2029056K), 0.0181162 secs] [Times: user=0.25 sys=0.00, real=0.02 secs] 
2020-09-29T18:07:59.793+0200: 46.067: [GC (Allocation Failure) 2020-09-29T18:07:59.793+0200: 46.067: [ParNew: 592123K->38759K(613440K), 0.0169407 secs] 605453K->52089K(2029056K), 0.0169998 secs] [Times: user=0.13 sys=0.00, real=0.02 secs] 
2020-09-29T18:07:59.859+0200: 46.133: [GC (Allocation Failure) 2020-09-29T18:07:59.859+0200: 46.133: [ParNew: 584103K->61983K(613440K), 0.0266753 secs] 597433K->75314K(2029056K), 0.0267507 secs] [Times: user=0.25 sys=0.00, real=0.03 secs] 
2020-09-29T18:07:59.933+0200: 46.207: [GC (Allocation Failure) 2020-09-29T18:07:59.933+0200: 46.207: [ParNew: 607327K->50181K(613440K), 0.0155900 secs] 620658K->63511K(2029056K), 0.0156524 secs] [Times: user=0.13 sys=0.00, real=0.02 secs] 
2020-09-29T18:07:59.998+0200: 46.272: [GC (Allocation Failure) 2020-09-29T18:07:59.998+0200: 46.272: [ParNew: 595525K->49772K(613440K), 0.0195393 secs] 608855K->63102K(2029056K), 0.0196226 secs] [Times: user=0.13 sys=0.00, real=0.02 secs] 
2020-09-29T18:08:00.069+0200: 46.343: [GC (Allocation Failure) 2020-09-29T18:08:00.069+0200: 46.343: [ParNew: 595116K->50713K(613440K), 0.0194595 secs] 608446K->64043K(2029056K), 0.0195355 secs] [Times: user=0.13 sys=0.00, real=0.02 secs] 
2020-09-29T18:08:00.138+0200: 46.412: [GC (Allocation Failure) 2020-09-29T18:08:00.138+0200: 46.412: [ParNew: 596057K->42706K(613440K), 0.0195614 secs] 609387K->56037K(2029056K), 0.0196195 secs] [Times: user=0.11 sys=0.00, real=0.02 secs] 
2020-09-29T18:08:00.206+0200: 46.480: [GC (Allocation Failure) 2020-09-29T18:08:00.206+0200: 46.480: [ParNew: 588050K->31717K(613440K), 0.0151124 secs] 601381K->45047K(2029056K), 0.0151814 secs] [Times: user=0.11 sys=0.00, real=0.01 secs] 
2020-09-29T18:08:00.271+0200: 46.545: [GC (Allocation Failure) 2020-09-29T18:08:00.271+0200: 46.545: [ParNew: 577061K->35071K(613440K), 0.0165980 secs] 590391K->48401K(2029056K), 0.0166626 secs] [Times: user=0.13 sys=0.00, real=0.02 secs] 
2020-09-29T18:08:00.337+0200: 46.611: [GC (Allocation Failure) 2020-09-29T18:08:00.337+0200: 46.611: [ParNew: 580415K->51884K(613440K), 0.0214548 secs] 593745K->65214K(2029056K), 0.0215323 secs] [Times: user=0.13 sys=0.00, real=0.02 secs] 
2020-09-29T18:08:00.406+0200: 46.680: [GC (Allocation Failure) 2020-09-29T18:08:00.406+0200: 46.680: [ParNew: 597228K->44608K(613440K), 0.0209966 secs] 610558K->57938K(2029056K), 0.0210914 secs] [Times: user=0.25 sys=0.00, real=0.02 secs] 
2020-09-29T18:08:00.476+0200: 46.750: [GC (Allocation Failure) 2020-09-29T18:08:00.476+0200: 46.750: [ParNew: 589952K->68096K(613440K), 0.0256043 secs] 603282K->82147K(2029056K), 0.0256615 secs] [Times: user=0.13 sys=0.00, real=0.03 secs] 
2020-09-29T18:08:00.549+0200: 46.823: [GC (Allocation Failure) 2020-09-29T18:08:00.549+0200: 46.823: [ParNew: 613440K->49451K(613440K), 0.0198930 secs] 627491K->63502K(2029056K), 0.0199667 secs] [Times: user=0.25 sys=0.00, real=0.02 secs] 
2020-09-29T18:08:00.618+0200: 46.892: [GC (Allocation Failure) 2020-09-29T18:08:00.618+0200: 46.892: [ParNew: 594795K->40518K(613440K), 0.0214958 secs] 608846K->54569K(2029056K), 0.0215643 secs] [Times: user=0.11 sys=0.00, real=0.02 secs] 
2020-09-29T18:08:00.686+0200: 46.961: [GC (Allocation Failure) 2020-09-29T18:08:00.687+0200: 46.961: [ParNew: 585862K->65501K(613440K), 0.0222941 secs] 599913K->79552K(2029056K), 0.0223685 secs] [Times: user=0.25 sys=0.00, real=0.02 secs] 
2020-09-29T18:08:00.758+0200: 47.032: [GC (Allocation Failure) 2020-09-29T18:08:00.758+0200: 47.032: [ParNew: 610845K->49570K(613440K), 0.0210791 secs] 624896K->63621K(2029056K), 0.0211510 secs] [Times: user=0.13 sys=0.00, real=0.02 secs] 
2020-09-29T18:08:00.827+0200: 47.101: [GC (Allocation Failure) 2020-09-29T18:08:00.827+0200: 47.101: [ParNew: 594914K->51849K(613440K), 0.0209103 secs] 608965K->65900K(2029056K), 0.0209773 secs] [Times: user=0.13 sys=0.00, real=0.02 secs] 
2020-09-29T18:08:00.895+0200: 47.169: [GC (Allocation Failure) 2020-09-29T18:08:00.895+0200: 47.169: [ParNew: 597193K->40588K(613440K), 0.0129626 secs] 611244K->54639K(2029056K), 0.0130403 secs] [Times: user=0.00 sys=0.00, real=0.01 secs] 
2020-09-29T18:08:00.955+0200: 47.229: [GC (Allocation Failure) 2020-09-29T18:08:00.955+0200: 47.229: [ParNew: 585932K->22957K(613440K), 0.0111171 secs] 599983K->37008K(2029056K), 0.0111717 secs] [Times: user=0.11 sys=0.00, real=0.01 secs] 
2020-09-29T18:08:01.019+0200: 47.293: [GC (Allocation Failure) 2020-09-29T18:08:01.019+0200: 47.293: [ParNew: 568301K->34272K(613440K), 0.0164958 secs] 582352K->48323K(2029056K), 0.0165533 secs] [Times: user=0.13 sys=0.00, real=0.02 secs] 
2020-09-29T18:08:01.083+0200: 47.357: [GC (Allocation Failure) 2020-09-29T18:08:01.083+0200: 47.357: [ParNew: 579616K->47849K(613440K), 0.0214990 secs] 593667K->61900K(2029056K), 0.0215582 secs] [Times: user=0.13 sys=0.00, real=0.02 secs] 
2020-09-29T18:08:01.156+0200: 47.430: [GC (Allocation Failure) 2020-09-29T18:08:01.156+0200: 47.430: [ParNew: 593193K->65982K(613440K), 0.0199746 secs] 607244K->80033K(2029056K), 0.0200338 secs] [Times: user=0.13 sys=0.00, real=0.02 secs] 
2020-09-29T18:08:01.228+0200: 47.502: [GC (Allocation Failure) 2020-09-29T18:08:01.228+0200: 47.502: [ParNew: 611326K->30690K(613440K), 0.0151867 secs] 625377K->44741K(2029056K), 0.0152790 secs] [Times: user=0.13 sys=0.00, real=0.02 secs] 
2020-09-29T18:08:01.296+0200: 47.570: [GC (Allocation Failure) 2020-09-29T18:08:01.296+0200: 47.570: [ParNew: 576034K->66667K(613440K), 0.0251794 secs] 590085K->80718K(2029056K), 0.0252632 secs] [Times: user=0.25 sys=0.00, real=0.03 secs] 
2020-09-29T18:08:01.373+0200: 47.647: [GC (Allocation Failure) 2020-09-29T18:08:01.373+0200: 47.648: [ParNew: 612011K->53106K(613440K), 0.0211309 secs] 626062K->67157K(2029056K), 0.0212259 secs] [Times: user=0.13 sys=0.00, real=0.02 secs] 
2020-09-29T18:08:01.446+0200: 47.720: [GC (Allocation Failure) 2020-09-29T18:08:01.446+0200: 47.720: [ParNew: 598450K->36501K(613440K), 0.0144973 secs] 612501K->50552K(2029056K), 0.0145539 secs] [Times: user=0.11 sys=0.00, real=0.01 secs] 
2020-09-29T18:08:01.513+0200: 47.787: [GC (Allocation Failure) 2020-09-29T18:08:01.513+0200: 47.787: [ParNew: 581845K->38317K(613440K), 0.0177869 secs] 595896K->52368K(2029056K), 0.0178464 secs] [Times: user=0.13 sys=0.00, real=0.02 secs] 
2020-09-29T18:08:01.579+0200: 47.853: [GC (Allocation Failure) 2020-09-29T18:08:01.579+0200: 47.853: [ParNew: 583661K->34086K(613440K), 0.0166033 secs] 597712K->48137K(2029056K), 0.0166712 secs] [Times: user=0.13 sys=0.00, real=0.02 secs] 
2020-09-29T18:08:01.647+0200: 47.921: [GC (Allocation Failure) 2020-09-29T18:08:01.647+0200: 47.921: [ParNew: 579430K->57456K(613440K), 0.0212618 secs] 593481K->71507K(2029056K), 0.0213284 secs] [Times: user=0.13 sys=0.00, real=0.02 secs] 
2020-09-29T18:08:01.716+0200: 47.990: [GC (Allocation Failure) 2020-09-29T18:08:01.716+0200: 47.990: [ParNew: 602800K->43476K(613440K), 0.0155760 secs] 616851K->57527K(2029056K), 0.0156322 secs] [Times: user=0.13 sys=0.00, real=0.01 secs] 
2020-09-29T18:08:01.779+0200: 48.053: [GC (Allocation Failure) 2020-09-29T18:08:01.779+0200: 48.053: [ParNew: 588820K->39263K(613440K), 0.0181571 secs] 602871K->53314K(2029056K), 0.0182146 secs] [Times: user=0.13 sys=0.00, real=0.02 secs] 
2020-09-29T18:08:01.845+0200: 48.119: [GC (Allocation Failure) 2020-09-29T18:08:01.845+0200: 48.119: [ParNew: 584607K->36269K(613440K), 0.0123172 secs] 598658K->50320K(2029056K), 0.0123896 secs] [Times: user=0.13 sys=0.00, real=0.01 secs] 
2020-09-29T18:08:01.905+0200: 48.179: [GC (Allocation Failure) 2020-09-29T18:08:01.905+0200: 48.179: [ParNew: 581613K->19745K(613440K), 0.0108414 secs] 595664K->33796K(2029056K), 0.0108956 secs] [Times: user=0.13 sys=0.00, real=0.01 secs] 
2020-09-29T18:08:01.963+0200: 48.237: [GC (Allocation Failure) 2020-09-29T18:08:01.963+0200: 48.237: [ParNew: 565089K->15666K(613440K), 0.0091110 secs] 579140K->29717K(2029056K), 0.0091679 secs] [Times: user=0.00 sys=0.00, real=0.01 secs] 
2020-09-29T18:08:02.020+0200: 48.294: [GC (Allocation Failure) 2020-09-29T18:08:02.020+0200: 48.294: [ParNew: 561010K->29099K(613440K), 0.0140329 secs] 575061K->43150K(2029056K), 0.0140967 secs] [Times: user=0.00 sys=0.00, real=0.01 secs] 
2020-09-29T18:08:02.086+0200: 48.360: [GC (Allocation Failure) 2020-09-29T18:08:02.086+0200: 48.360: [ParNew: 574443K->38876K(613440K), 0.0179190 secs] 588494K->52927K(2029056K), 0.0179775 secs] [Times: user=0.13 sys=0.00, real=0.02 secs] 
2020-09-29T18:08:02.154+0200: 48.428: [GC (Allocation Failure) 2020-09-29T18:08:02.154+0200: 48.428: [ParNew: 584220K->50543K(613440K), 0.0182871 secs] 598271K->64594K(2029056K), 0.0183571 secs] [Times: user=0.13 sys=0.00, real=0.02 secs] 
2020-09-29T18:08:02.228+0200: 48.502: [GC (Allocation Failure) 2020-09-29T18:08:02.228+0200: 48.502: [ParNew: 595887K->54399K(613440K), 0.0247911 secs] 609938K->68450K(2029056K), 0.0248608 secs] [Times: user=0.13 sys=0.00, real=0.02 secs] 
2020-09-29T18:08:02.301+0200: 48.575: [GC (Allocation Failure) 2020-09-29T18:08:02.301+0200: 48.575: [ParNew: 599743K->37032K(613440K), 0.0098268 secs] 613794K->51083K(2029056K), 0.0098865 secs] [Times: user=0.13 sys=0.00, real=0.01 secs] 
2020-09-29T18:08:02.361+0200: 48.635: [GC (Allocation Failure) 2020-09-29T18:08:02.361+0200: 48.636: [ParNew: 582376K->48421K(613440K), 0.0191201 secs] 596427K->62472K(2029056K), 0.0191789 secs] [Times: user=0.25 sys=0.00, real=0.02 secs] 
2020-09-29T18:08:02.430+0200: 48.704: [GC (Allocation Failure) 2020-09-29T18:08:02.430+0200: 48.704: [ParNew: 593765K->60698K(613440K), 0.0188829 secs] 607816K->74749K(2029056K), 0.0189410 secs] [Times: user=0.13 sys=0.00, real=0.02 secs] 
2020-09-29T18:08:02.496+0200: 48.770: [GC (Allocation Failure) 2020-09-29T18:08:02.496+0200: 48.770: [ParNew: 606042K->21182K(613440K), 0.0142318 secs] 620093K->35233K(2029056K), 0.0142877 secs] [Times: user=0.13 sys=0.00, real=0.01 secs] 
2020-09-29T18:08:02.558+0200: 48.832: [GC (Allocation Failure) 2020-09-29T18:08:02.558+0200: 48.832: [ParNew: 566526K->60684K(613440K), 0.0223591 secs] 580577K->74735K(2029056K), 0.0224505 secs] [Times: user=0.13 sys=0.00, real=0.02 secs] 
2020-09-29T18:08:02.629+0200: 48.903: [GC (Allocation Failure) 2020-09-29T18:08:02.629+0200: 48.903: [ParNew: 606028K->68096K(613440K), 0.0225022 secs] 620079K->82147K(2029056K), 0.0225654 secs] [Times: user=0.20 sys=0.00, real=0.02 secs] 
2020-09-29T18:08:02.699+0200: 48.973: [GC (Allocation Failure) 2020-09-29T18:08:02.699+0200: 48.973: [ParNew: 613440K->56298K(613440K), 0.0194847 secs] 627491K->70349K(2029056K), 0.0195445 secs] [Times: user=0.13 sys=0.00, real=0.02 secs] 
2020-09-29T18:08:02.769+0200: 49.043: [GC (Allocation Failure) 2020-09-29T18:08:02.769+0200: 49.043: [ParNew: 601642K->35863K(613440K), 0.0140283 secs] 615693K->49914K(2029056K), 0.0140986 secs] [Times: user=0.13 sys=0.00, real=0.01 secs] 
2020-09-29T18:08:02.833+0200: 49.107: [GC (Allocation Failure) 2020-09-29T18:08:02.833+0200: 49.107: [ParNew: 581207K->54436K(613440K), 0.0235118 secs] 595258K->68487K(2029056K), 0.0235880 secs] [Times: user=0.13 sys=0.00, real=0.02 secs] 
2020-09-29T18:08:02.904+0200: 49.178: [GC (Allocation Failure) 2020-09-29T18:08:02.904+0200: 49.178: [ParNew: 599780K->68096K(613440K), 0.0225215 secs] 613831K->82443K(2029056K), 0.0225927 secs] [Times: user=0.25 sys=0.00, real=0.02 secs] 
2020-09-29T18:08:02.975+0200: 49.249: [GC (Allocation Failure) 2020-09-29T18:08:02.975+0200: 49.249: [ParNew: 613440K->47439K(613440K), 0.0172341 secs] 627787K->61787K(2029056K), 0.0173393 secs] [Times: user=0.13 sys=0.00, real=0.02 secs] 
2020-09-29T18:08:03.041+0200: 49.316: [GC (Allocation Failure) 2020-09-29T18:08:03.042+0200: 49.316: [ParNew: 592783K->47204K(613440K), 0.0213588 secs] 607131K->61552K(2029056K), 0.0214205 secs] [Times: user=0.13 sys=0.00, real=0.02 secs] 
2020-09-29T18:08:03.111+0200: 49.385: [GC (Allocation Failure) 2020-09-29T18:08:03.111+0200: 49.385: [ParNew: 592548K->63778K(613440K), 0.0199083 secs] 606896K->78126K(2029056K), 0.0199798 secs] [Times: user=0.25 sys=0.00, real=0.02 secs] 
2020-09-29T18:08:03.181+0200: 49.455: [GC (Allocation Failure) 2020-09-29T18:08:03.181+0200: 49.455: [ParNew: 609122K->49780K(613440K), 0.0194279 secs] 623470K->64128K(2029056K), 0.0195021 secs] [Times: user=0.13 sys=0.00, real=0.02 secs] 
2020-09-29T18:08:03.251+0200: 49.525: [GC (Allocation Failure) 2020-09-29T18:08:03.251+0200: 49.525: [ParNew: 595124K->39106K(613440K), 0.0186050 secs] 609472K->53453K(2029056K), 0.0186665 secs] [Times: user=0.14 sys=0.00, real=0.02 secs] 
2020-09-29T18:08:03.322+0200: 49.596: [GC (Allocation Failure) 2020-09-29T18:08:03.322+0200: 49.596: [ParNew: 584450K->64749K(613440K), 0.0234311 secs] 598797K->79096K(2029056K), 0.0234901 secs] [Times: user=0.13 sys=0.00, real=0.02 secs] 
2020-09-29T18:08:03.393+0200: 49.668: [GC (Allocation Failure) 2020-09-29T18:08:03.393+0200: 49.668: [ParNew: 610093K->48159K(613440K), 0.0183035 secs] 624440K->62507K(2029056K), 0.0183758 secs] [Times: user=0.22 sys=0.03, real=0.02 secs] 
2020-09-29T18:08:03.464+0200: 49.738: [GC (Allocation Failure) 2020-09-29T18:08:03.464+0200: 49.738: [ParNew: 593503K->38551K(613440K), 0.0165817 secs] 607851K->52898K(2029056K), 0.0166426 secs] [Times: user=0.13 sys=0.00, real=0.02 secs] 
2020-09-29T18:08:03.529+0200: 49.803: [GC (Allocation Failure) 2020-09-29T18:08:03.529+0200: 49.803: [ParNew: 583895K->56468K(613440K), 0.0202722 secs] 598242K->70816K(2029056K), 0.0203274 secs] [Times: user=0.13 sys=0.00, real=0.02 secs] 
2020-09-29T18:08:03.598+0200: 49.872: [GC (Allocation Failure) 2020-09-29T18:08:03.598+0200: 49.872: [ParNew: 601812K->39352K(613440K), 0.0194605 secs] 616160K->53700K(2029056K), 0.0195184 secs] [Times: user=0.24 sys=0.00, real=0.02 secs] 
2020-09-29T18:08:03.666+0200: 49.940: [GC (Allocation Failure) 2020-09-29T18:08:03.666+0200: 49.940: [ParNew: 584696K->38396K(613440K), 0.0184326 secs] 599044K->52743K(2029056K), 0.0184898 secs] [Times: user=0.13 sys=0.00, real=0.02 secs] 
2020-09-29T18:08:03.733+0200: 50.007: [GC (Allocation Failure) 2020-09-29T18:08:03.733+0200: 50.007: [ParNew: 583740K->66377K(613440K), 0.0230896 secs] 598087K->80725K(2029056K), 0.0231852 secs] [Times: user=0.25 sys=0.00, real=0.02 secs] 
2020-09-29T18:08:03.804+0200: 50.078: [GC (Allocation Failure) 2020-09-29T18:08:03.804+0200: 50.078: [ParNew: 611721K->44456K(613440K), 0.0163073 secs] 626069K->58803K(2029056K), 0.0163643 secs] [Times: user=0.13 sys=0.00, real=0.02 secs] 
2020-09-29T18:08:03.871+0200: 50.145: [GC (Allocation Failure) 2020-09-29T18:08:03.871+0200: 50.145: [ParNew: 589800K->34155K(613440K), 0.0167827 secs] 604147K->48503K(2029056K), 0.0168578 secs] [Times: user=0.13 sys=0.00, real=0.02 secs] 
2020-09-29T18:08:03.934+0200: 50.208: [GC (Allocation Failure) 2020-09-29T18:08:03.934+0200: 50.208: [ParNew: 579499K->57283K(613440K), 0.0203917 secs] 593847K->71630K(2029056K), 0.0204598 secs] [Times: user=0.13 sys=0.00, real=0.02 secs] 
2020-09-29T18:08:04.003+0200: 50.277: [GC (Allocation Failure) 2020-09-29T18:08:04.003+0200: 50.277: [ParNew: 602627K->43820K(613440K), 0.0199448 secs] 616974K->58167K(2029056K), 0.0200281 secs] [Times: user=0.23 sys=0.00, real=0.02 secs] 
2020-09-29T18:08:04.071+0200: 50.345: [GC (Allocation Failure) 2020-09-29T18:08:04.071+0200: 50.345: [ParNew: 589164K->40544K(613440K), 0.0187436 secs] 603511K->54891K(2029056K), 0.0188208 secs] [Times: user=0.13 sys=0.00, real=0.02 secs] 
2020-09-29T18:08:04.144+0200: 50.418: [GC (Allocation Failure) 2020-09-29T18:08:04.144+0200: 50.418: [ParNew: 585888K->39341K(613440K), 0.0179472 secs] 600235K->53689K(2029056K), 0.0180049 secs] [Times: user=0.25 sys=0.00, real=0.02 secs] 
2020-09-29T18:08:04.211+0200: 50.485: [GC (Allocation Failure) 2020-09-29T18:08:04.211+0200: 50.485: [ParNew: 584685K->37692K(613440K), 0.0190134 secs] 599033K->52039K(2029056K), 0.0190855 secs] [Times: user=0.11 sys=0.00, real=0.02 secs] 
2020-09-29T18:08:04.280+0200: 50.554: [GC (Allocation Failure) 2020-09-29T18:08:04.280+0200: 50.554: [ParNew: 583036K->39270K(613440K), 0.0148775 secs] 597383K->53618K(2029056K), 0.0149371 secs] [Times: user=0.13 sys=0.00, real=0.02 secs] 
2020-09-29T18:08:04.346+0200: 50.620: [GC (Allocation Failure) 2020-09-29T18:08:04.346+0200: 50.620: [ParNew: 584614K->34178K(613440K), 0.0157284 secs] 598962K->48525K(2029056K), 0.0158013 secs] [Times: user=0.13 sys=0.00, real=0.02 secs] 
2020-09-29T18:08:04.410+0200: 50.684: [GC (Allocation Failure) 2020-09-29T18:08:04.410+0200: 50.684: [ParNew: 579522K->33937K(613440K), 0.0141794 secs] 593869K->48284K(2029056K), 0.0142391 secs] [Times: user=0.13 sys=0.00, real=0.01 secs] 
2020-09-29T18:08:04.478+0200: 50.752: [GC (Allocation Failure) 2020-09-29T18:08:04.478+0200: 50.752: [ParNew: 579281K->50558K(613440K), 0.0195269 secs] 593628K->64906K(2029056K), 0.0196055 secs] [Times: user=0.13 sys=0.00, real=0.02 secs] 
2020-09-29T18:08:04.546+0200: 50.820: [GC (Allocation Failure) 2020-09-29T18:08:04.546+0200: 50.820: [ParNew: 595902K->59186K(613440K), 0.0235743 secs] 610250K->73533K(2029056K), 0.0236479 secs] [Times: user=0.23 sys=0.00, real=0.02 secs] 
2020-09-29T18:08:04.619+0200: 50.893: [GC (Allocation Failure) 2020-09-29T18:08:04.619+0200: 50.893: [ParNew: 604530K->25167K(613440K), 0.0135375 secs] 618877K->39514K(2029056K), 0.0136022 secs] [Times: user=0.13 sys=0.00, real=0.01 secs] 
2020-09-29T18:08:04.681+0200: 50.955: [GC (Allocation Failure) 2020-09-29T18:08:04.681+0200: 50.956: [ParNew: 570511K->39601K(613440K), 0.0164642 secs] 584858K->53948K(2029056K), 0.0165349 secs] [Times: user=0.13 sys=0.00, real=0.02 secs] 
2020-09-29T18:08:04.746+0200: 51.020: [GC (Allocation Failure) 2020-09-29T18:08:04.746+0200: 51.020: [ParNew: 584945K->56622K(613440K), 0.0205025 secs] 599292K->70969K(2029056K), 0.0205777 secs] [Times: user=0.13 sys=0.00, real=0.02 secs] 
2020-09-29T18:08:04.816+0200: 51.090: [GC (Allocation Failure) 2020-09-29T18:08:04.816+0200: 51.090: [ParNew: 601966K->43344K(613440K), 0.0209629 secs] 616313K->57691K(2029056K), 0.0210443 secs] [Times: user=0.25 sys=0.00, real=0.02 secs] 
2020-09-29T18:08:04.886+0200: 51.160: [GC (Allocation Failure) 2020-09-29T18:08:04.886+0200: 51.160: [ParNew: 588688K->48603K(613440K), 0.0205627 secs] 603035K->62950K(2029056K), 0.0206251 secs] [Times: user=0.13 sys=0.00, real=0.02 secs] 
2020-09-29T18:08:04.956+0200: 51.231: [GC (Allocation Failure) 2020-09-29T18:08:04.956+0200: 51.231: [ParNew: 593947K->43255K(613440K), 0.0190953 secs] 608294K->57602K(2029056K), 0.0191546 secs] [Times: user=0.22 sys=0.00, real=0.02 secs] 
2020-09-29T18:08:05.028+0200: 51.302: [GC (Allocation Failure) 2020-09-29T18:08:05.028+0200: 51.302: [ParNew: 588599K->41689K(613440K), 0.0188664 secs] 602946K->56037K(2029056K), 0.0189331 secs] [Times: user=0.11 sys=0.00, real=0.02 secs] 
2020-09-29T18:08:05.099+0200: 51.374: [GC (Allocation Failure) 2020-09-29T18:08:05.099+0200: 51.374: [ParNew: 587033K->34235K(613440K), 0.0102306 secs] 601381K->48582K(2029056K), 0.0102880 secs] [Times: user=0.00 sys=0.00, real=0.01 secs] 
2020-09-29T18:08:05.160+0200: 51.435: [GC (Allocation Failure) 2020-09-29T18:08:05.160+0200: 51.435: [ParNew: 579579K->49919K(613440K), 0.0221233 secs] 593926K->64266K(2029056K), 0.0221794 secs] [Times: user=0.23 sys=0.00, real=0.02 secs] 
2020-09-29T18:08:05.238+0200: 51.513: [GC (Allocation Failure) 2020-09-29T18:08:05.238+0200: 51.513: [ParNew: 595263K->67632K(613440K), 0.0231154 secs] 609610K->81980K(2029056K), 0.0231870 secs] [Times: user=0.19 sys=0.00, real=0.02 secs] 
2020-09-29T18:08:05.309+0200: 51.584: [GC (Allocation Failure) 2020-09-29T18:08:05.309+0200: 51.584: [ParNew: 612976K->52918K(613440K), 0.0208533 secs] 627324K->67265K(2029056K), 0.0209146 secs] [Times: user=0.13 sys=0.00, real=0.02 secs] 
2020-09-29T18:08:05.378+0200: 51.653: [GC (Allocation Failure) 2020-09-29T18:08:05.378+0200: 51.653: [ParNew: 598262K->40373K(613440K), 0.0152073 secs] 612609K->54720K(2029056K), 0.0152629 secs] [Times: user=0.13 sys=0.00, real=0.02 secs] 
2020-09-29T18:08:05.443+0200: 51.717: [GC (Allocation Failure) 2020-09-29T18:08:05.443+0200: 51.717: [ParNew: 585717K->42403K(613440K), 0.0189996 secs] 600064K->56750K(2029056K), 0.0191001 secs] [Times: user=0.11 sys=0.00, real=0.02 secs] 
2020-09-29T18:08:05.513+0200: 51.787: [GC (Allocation Failure) 2020-09-29T18:08:05.513+0200: 51.787: [ParNew: 587747K->52353K(613440K), 0.0183912 secs] 602094K->66700K(2029056K), 0.0184652 secs] [Times: user=0.13 sys=0.00, real=0.02 secs] 
2020-09-29T18:08:05.578+0200: 51.853: [GC (Allocation Failure) 2020-09-29T18:08:05.578+0200: 51.853: [ParNew: 597697K->31405K(613440K), 0.0115011 secs] 612044K->45752K(2029056K), 0.0115594 secs] [Times: user=0.13 sys=0.00, real=0.01 secs] 
2020-09-29T18:08:05.644+0200: 51.918: [GC (Allocation Failure) 2020-09-29T18:08:05.644+0200: 51.918: [ParNew: 576749K->52809K(613440K), 0.0230087 secs] 591096K->67156K(2029056K), 0.0230738 secs] [Times: user=0.25 sys=0.00, real=0.02 secs] 
2020-09-29T18:08:05.714+0200: 51.989: [GC (Allocation Failure) 2020-09-29T18:08:05.714+0200: 51.989: [ParNew: 598153K->47816K(613440K), 0.0165456 secs] 612500K->62163K(2029056K), 0.0166072 secs] [Times: user=0.11 sys=0.00, real=0.02 secs] 
2020-09-29T18:08:05.780+0200: 52.055: [GC (Allocation Failure) 2020-09-29T18:08:05.780+0200: 52.055: [ParNew: 593160K->26870K(613440K), 0.0137787 secs] 607507K->41218K(2029056K), 0.0138373 secs] [Times: user=0.13 sys=0.00, real=0.01 secs] 
2020-09-29T18:08:05.841+0200: 52.115: [GC (Allocation Failure) 2020-09-29T18:08:05.841+0200: 52.115: [ParNew: 572214K->62288K(613440K), 0.0244669 secs] 586562K->76636K(2029056K), 0.0245266 secs] [Times: user=0.25 sys=0.00, real=0.02 secs] 
2020-09-29T18:08:05.912+0200: 52.187: [GC (Allocation Failure) 2020-09-29T18:08:05.912+0200: 52.187: [ParNew: 607632K->54542K(613440K), 0.0183611 secs] 621980K->68890K(2029056K), 0.0184349 secs] [Times: user=0.13 sys=0.00, real=0.02 secs] 
2020-09-29T18:08:05.984+0200: 52.258: [GC (Allocation Failure) 2020-09-29T18:08:05.984+0200: 52.258: [ParNew: 599886K->43952K(613440K), 0.0180150 secs] 614234K->58299K(2029056K), 0.0180725 secs] [Times: user=0.13 sys=0.00, real=0.02 secs] 
2020-09-29T18:08:06.052+0200: 52.326: [GC (Allocation Failure) 2020-09-29T18:08:06.052+0200: 52.326: [ParNew: 589296K->61459K(613440K), 0.0218022 secs] 603643K->75807K(2029056K), 0.0218938 secs] [Times: user=0.13 sys=0.00, real=0.02 secs] 
2020-09-29T18:08:06.124+0200: 52.398: [GC (Allocation Failure) 2020-09-29T18:08:06.124+0200: 52.398: [ParNew: 606803K->47766K(613440K), 0.0159409 secs] 621151K->62114K(2029056K), 0.0159988 secs] [Times: user=0.13 sys=0.00, real=0.02 secs] 
2020-09-29T18:08:06.190+0200: 52.464: [GC (Allocation Failure) 2020-09-29T18:08:06.190+0200: 52.464: [ParNew: 593110K->37589K(613440K), 0.0151499 secs] 607458K->51937K(2029056K), 0.0152126 secs] [Times: user=0.13 sys=0.00, real=0.01 secs] 
2020-09-29T18:08:06.258+0200: 52.533: [GC (Allocation Failure) 2020-09-29T18:08:06.258+0200: 52.533: [ParNew: 582933K->33021K(613440K), 0.0148107 secs] 597281K->47368K(2029056K), 0.0148680 secs] [Times: user=0.13 sys=0.00, real=0.02 secs] 
2020-09-29T18:08:06.329+0200: 52.603: [GC (Allocation Failure) 2020-09-29T18:08:06.329+0200: 52.603: [ParNew: 578365K->28192K(613440K), 0.0153167 secs] 592712K->42540K(2029056K), 0.0153910 secs] [Times: user=0.13 sys=0.00, real=0.02 secs] 
2020-09-29T18:08:06.392+0200: 52.667: [GC (Allocation Failure) 2020-09-29T18:08:06.392+0200: 52.667: [ParNew: 573536K->50975K(613440K), 0.0191743 secs] 587884K->65322K(2029056K), 0.0192309 secs] [Times: user=0.25 sys=0.00, real=0.02 secs] 
2020-09-29T18:08:06.462+0200: 52.736: [GC (Allocation Failure) 2020-09-29T18:08:06.462+0200: 52.736: [ParNew: 596319K->38225K(613440K), 0.0184899 secs] 610666K->52572K(2029056K), 0.0185762 secs] [Times: user=0.13 sys=0.00, real=0.02 secs] 
2020-09-29T18:08:06.534+0200: 52.808: [GC (Allocation Failure) 2020-09-29T18:08:06.534+0200: 52.808: [ParNew: 583569K->64203K(613440K), 0.0224327 secs] 597916K->78551K(2029056K), 0.0225226 secs] [Times: user=0.25 sys=0.00, real=0.02 secs] 
2020-09-29T18:08:06.608+0200: 52.883: [GC (Allocation Failure) 2020-09-29T18:08:06.608+0200: 52.883: [ParNew: 609547K->48124K(613440K), 0.0181292 secs] 623895K->62472K(2029056K), 0.0182128 secs] [Times: user=0.13 sys=0.00, real=0.02 secs] 
2020-09-29T18:08:06.678+0200: 52.952: [GC (Allocation Failure) 2020-09-29T18:08:06.678+0200: 52.952: [ParNew: 593468K->44005K(613440K), 0.0173569 secs] 607816K->58352K(2029056K), 0.0174190 secs] [Times: user=0.13 sys=0.00, real=0.02 secs] 
2020-09-29T18:08:06.746+0200: 53.020: [GC (Allocation Failure) 2020-09-29T18:08:06.746+0200: 53.020: [ParNew: 589349K->33585K(613440K), 0.0167836 secs] 603696K->47932K(2029056K), 0.0168578 secs] [Times: user=0.13 sys=0.00, real=0.02 secs] 
2020-09-29T18:08:06.811+0200: 53.086: [GC (Allocation Failure) 2020-09-29T18:08:06.811+0200: 53.086: [ParNew: 578929K->27044K(613440K), 0.0175414 secs] 593276K->41391K(2029056K), 0.0176082 secs] [Times: user=0.13 sys=0.00, real=0.02 secs] 
2020-09-29T18:08:06.889+0200: 53.163: [GC (Allocation Failure) 2020-09-29T18:08:06.889+0200: 53.163: [ParNew: 572388K->44072K(613440K), 0.0264060 secs] 586735K->58420K(2029056K), 0.0264816 secs] [Times: user=0.25 sys=0.00, real=0.03 secs] 
2020-09-29T18:08:06.963+0200: 53.238: [GC (Allocation Failure) 2020-09-29T18:08:06.963+0200: 53.238: [ParNew: 589416K->35334K(613440K), 0.0254258 secs] 603764K->49682K(2029056K), 0.0255127 secs] [Times: user=0.13 sys=0.00, real=0.02 secs] 
2020-09-29T18:08:07.041+0200: 53.316: [GC (Allocation Failure) 2020-09-29T18:08:07.041+0200: 53.316: [ParNew: 580678K->37475K(613440K), 0.0243592 secs] 595026K->51822K(2029056K), 0.0244560 secs] [Times: user=0.13 sys=0.00, real=0.02 secs] 
2020-09-29T18:08:07.116+0200: 53.391: [GC (Allocation Failure) 2020-09-29T18:08:07.116+0200: 53.391: [ParNew: 582819K->63946K(613440K), 0.0299742 secs] 597166K->78293K(2029056K), 0.0300597 secs] [Times: user=0.25 sys=0.00, real=0.03 secs] 
2020-09-29T18:08:07.198+0200: 53.472: [GC (Allocation Failure) 2020-09-29T18:08:07.198+0200: 53.472: [ParNew: 609290K->44717K(613440K), 0.0213036 secs] 623637K->59064K(2029056K), 0.0213774 secs] [Times: user=0.11 sys=0.00, real=0.02 secs] 
2020-09-29T18:08:07.276+0200: 53.551: [GC (Allocation Failure) 2020-09-29T18:08:07.276+0200: 53.551: [ParNew: 590061K->58293K(613440K), 0.0300688 secs] 604408K->72640K(2029056K), 0.0301418 secs] [Times: user=0.25 sys=0.00, real=0.03 secs] 
2020-09-29T18:08:07.357+0200: 53.631: [GC (Allocation Failure) 2020-09-29T18:08:07.357+0200: 53.631: [ParNew: 603637K->37016K(613440K), 0.0192274 secs] 617984K->51364K(2029056K), 0.0193166 secs] [Times: user=0.13 sys=0.00, real=0.02 secs] 
2020-09-29T18:08:07.429+0200: 53.704: [GC (Allocation Failure) 2020-09-29T18:08:07.429+0200: 53.704: [ParNew: 582360K->55254K(613440K), 0.0331702 secs] 596708K->69601K(2029056K), 0.0332541 secs] [Times: user=0.25 sys=0.00, real=0.03 secs] 
2020-09-29T18:08:07.509+0200: 53.784: [GC (Allocation Failure) 2020-09-29T18:08:07.509+0200: 53.784: [ParNew: 600598K->50160K(613440K), 0.0225672 secs] 614945K->64507K(2029056K), 0.0226368 secs] [Times: user=0.13 sys=0.00, real=0.02 secs] 
2020-09-29T18:08:07.591+0200: 53.866: [GC (Allocation Failure) 2020-09-29T18:08:07.591+0200: 53.866: [ParNew: 595504K->41278K(613440K), 0.0246373 secs] 609851K->55626K(2029056K), 0.0247057 secs] [Times: user=0.23 sys=0.00, real=0.02 secs] 
2020-09-29T18:08:07.673+0200: 53.948: [GC (Allocation Failure) 2020-09-29T18:08:07.673+0200: 53.948: [ParNew: 586622K->54405K(613440K), 0.0289567 secs] 600970K->68752K(2029056K), 0.0290271 secs] [Times: user=0.25 sys=0.00, real=0.03 secs] 
2020-09-29T18:08:07.750+0200: 54.024: [GC (Allocation Failure) 2020-09-29T18:08:07.750+0200: 54.024: [ParNew: 599749K->64555K(613440K), 0.0273253 secs] 614096K->78903K(2029056K), 0.0274094 secs] [Times: user=0.25 sys=0.00, real=0.03 secs] 
2020-09-29T18:08:07.830+0200: 54.105: [GC (Allocation Failure) 2020-09-29T18:08:07.830+0200: 54.105: [ParNew: 609899K->28089K(613440K), 0.0177873 secs] 624247K->42436K(2029056K), 0.0178571 secs] [Times: user=0.25 sys=0.00, real=0.02 secs] 
2020-09-29T18:08:07.904+0200: 54.179: [GC (Allocation Failure) 2020-09-29T18:08:07.904+0200: 54.179: [ParNew: 573433K->41724K(613440K), 0.0272476 secs] 587780K->56072K(2029056K), 0.0273159 secs] [Times: user=0.25 sys=0.00, real=0.03 secs] 
2020-09-29T18:08:07.980+0200: 54.255: [GC (Allocation Failure) 2020-09-29T18:08:07.980+0200: 54.255: [ParNew: 587068K->34116K(613440K), 0.0234283 secs] 601416K->48463K(2029056K), 0.0234975 secs] [Times: user=0.25 sys=0.00, real=0.02 secs] 
2020-09-29T18:08:08.058+0200: 54.332: [GC (Allocation Failure) 2020-09-29T18:08:08.058+0200: 54.332: [ParNew: 579460K->34469K(613440K), 0.0222695 secs] 593807K->48817K(2029056K), 0.0223423 secs] [Times: user=0.13 sys=0.00, real=0.02 secs] 
2020-09-29T18:08:08.128+0200: 54.403: [GC (Allocation Failure) 2020-09-29T18:08:08.128+0200: 54.403: [ParNew: 579813K->57875K(613440K), 0.0286649 secs] 594161K->72223K(2029056K), 0.0287346 secs] [Times: user=0.25 sys=0.00, real=0.03 secs] 
2020-09-29T18:08:08.205+0200: 54.480: [GC (Allocation Failure) 2020-09-29T18:08:08.205+0200: 54.480: [ParNew: 603219K->60879K(613440K), 0.0285492 secs] 617567K->75227K(2029056K), 0.0286205 secs] [Times: user=0.22 sys=0.00, real=0.03 secs] 
2020-09-29T18:08:08.283+0200: 54.557: [GC (Allocation Failure) 2020-09-29T18:08:08.283+0200: 54.558: [ParNew: 606223K->48051K(613440K), 0.0252374 secs] 620571K->62398K(2029056K), 0.0253156 secs] [Times: user=0.25 sys=0.00, real=0.03 secs] 
2020-09-29T18:08:08.357+0200: 54.632: [GC (Allocation Failure) 2020-09-29T18:08:08.357+0200: 54.632: [ParNew: 593395K->34594K(613440K), 0.0162826 secs] 607742K->48942K(2029056K), 0.0163545 secs] [Times: user=0.13 sys=0.00, real=0.02 secs] 
2020-09-29T18:08:08.426+0200: 54.700: [GC (Allocation Failure) 2020-09-29T18:08:08.426+0200: 54.700: [ParNew: 579938K->31015K(613440K), 0.0226545 secs] 594286K->45363K(2029056K), 0.0227207 secs] [Times: user=0.13 sys=0.00, real=0.02 secs] 
2020-09-29T18:08:08.498+0200: 54.773: [GC (Allocation Failure) 2020-09-29T18:08:08.498+0200: 54.773: [ParNew: 576359K->25520K(613440K), 0.0098040 secs] 590707K->39868K(2029056K), 0.0098729 secs] [Times: user=0.13 sys=0.00, real=0.01 secs] 
2020-09-29T18:08:08.570+0200: 54.845: [GC (Allocation Failure) 2020-09-29T18:08:08.571+0200: 54.845: [ParNew: 570864K->37413K(613440K), 0.0259413 secs] 585212K->51761K(2029056K), 0.0260225 secs] [Times: user=0.11 sys=0.00, real=0.03 secs] 
2020-09-29T18:08:08.649+0200: 54.923: [GC (Allocation Failure) 2020-09-29T18:08:08.649+0200: 54.923: [ParNew: 582757K->45402K(613440K), 0.0236103 secs] 597105K->59749K(2029056K), 0.0237071 secs] [Times: user=0.13 sys=0.00, real=0.02 secs] 
2020-09-29T18:08:08.728+0200: 55.002: [GC (Allocation Failure) 2020-09-29T18:08:08.728+0200: 55.002: [ParNew: 590746K->29159K(613440K), 0.0137751 secs] 605093K->43507K(2029056K), 0.0138425 secs] [Times: user=0.13 sys=0.00, real=0.01 secs] 
2020-09-29T18:08:08.806+0200: 55.081: [GC (Allocation Failure) 2020-09-29T18:08:08.806+0200: 55.081: [ParNew: 574503K->41784K(613440K), 0.0269694 secs] 588851K->56131K(2029056K), 0.0270385 secs] [Times: user=0.25 sys=0.00, real=0.03 secs] 
2020-09-29T18:08:08.890+0200: 55.165: [GC (Allocation Failure) 2020-09-29T18:08:08.890+0200: 55.165: [ParNew: 587128K->56596K(613440K), 0.0277062 secs] 601475K->70944K(2029056K), 0.0277917 secs] [Times: user=0.25 sys=0.00, real=0.03 secs] 
2020-09-29T18:08:08.971+0200: 55.245: [GC (Allocation Failure) 2020-09-29T18:08:08.971+0200: 55.245: [ParNew: 601940K->66114K(613440K), 0.0332718 secs] 616288K->80462K(2029056K), 0.0333545 secs] [Times: user=0.34 sys=0.00, real=0.03 secs] 
2020-09-29T18:08:09.058+0200: 55.333: [GC (Allocation Failure) 2020-09-29T18:08:09.058+0200: 55.333: [ParNew: 611458K->56382K(613440K), 0.0247836 secs] 625806K->70729K(2029056K), 0.0248723 secs] [Times: user=0.25 sys=0.00, real=0.02 secs] 
2020-09-29T18:08:09.139+0200: 55.414: [GC (Allocation Failure) 2020-09-29T18:08:09.139+0200: 55.414: [ParNew: 601726K->45594K(613440K), 0.0250294 secs] 616073K->59942K(2029056K), 0.0251031 secs] [Times: user=0.25 sys=0.00, real=0.03 secs] 
2020-09-29T18:08:09.214+0200: 55.489: [GC (Allocation Failure) 2020-09-29T18:08:09.214+0200: 55.489: [ParNew: 590938K->62874K(613440K), 0.0325434 secs] 605286K->77221K(2029056K), 0.0326353 secs] [Times: user=0.20 sys=0.00, real=0.03 secs] 
2020-09-29T18:08:09.300+0200: 55.574: [GC (Allocation Failure) 2020-09-29T18:08:09.300+0200: 55.574: [ParNew: 608218K->48270K(613440K), 0.0296284 secs] 622565K->62617K(2029056K), 0.0296975 secs] [Times: user=0.25 sys=0.00, real=0.03 secs] 
2020-09-29T18:08:09.382+0200: 55.657: [GC (Allocation Failure) 2020-09-29T18:08:09.383+0200: 55.657: [ParNew: 593614K->41466K(613440K), 0.0209995 secs] 607961K->55814K(2029056K), 0.0210756 secs] [Times: user=0.13 sys=0.00, real=0.02 secs] 
2020-09-29T18:08:09.456+0200: 55.731: [GC (Allocation Failure) 2020-09-29T18:08:09.456+0200: 55.731: [ParNew: 586810K->58146K(613440K), 0.0279890 secs] 601158K->72494K(2029056K), 0.0280619 secs] [Times: user=0.25 sys=0.00, real=0.03 secs] 
2020-09-29T18:08:09.531+0200: 55.806: [GC (Allocation Failure) 2020-09-29T18:08:09.531+0200: 55.806: [ParNew: 603490K->38005K(613440K), 0.0270794 secs] 617838K->52352K(2029056K), 0.0271687 secs] [Times: user=0.25 sys=0.00, real=0.03 secs] 
2020-09-29T18:08:09.611+0200: 55.886: [GC (Allocation Failure) 2020-09-29T18:08:09.612+0200: 55.886: [ParNew: 583349K->47452K(613440K), 0.0266843 secs] 597696K->61799K(2029056K), 0.0267601 secs] [Times: user=0.22 sys=0.00, real=0.03 secs] 
2020-09-29T18:08:09.695+0200: 55.970: [GC (Allocation Failure) 2020-09-29T18:08:09.695+0200: 55.970: [ParNew: 592796K->39692K(613440K), 0.0242853 secs] 607143K->54040K(2029056K), 0.0325476 secs] [Times: user=0.13 sys=0.00, real=0.03 secs] 
2020-09-29T18:08:09.785+0200: 56.059: [GC (Allocation Failure) 2020-09-29T18:08:09.785+0200: 56.059: [ParNew: 585036K->39475K(613440K), 0.0222141 secs] 599384K->53823K(2029056K), 0.0222848 secs] [Times: user=0.16 sys=0.02, real=0.02 secs] 
2020-09-29T18:08:09.860+0200: 56.134: [GC (Allocation Failure) 2020-09-29T18:08:09.860+0200: 56.134: [ParNew: 584819K->35388K(613440K), 0.0204229 secs] 599167K->49736K(2029056K), 0.0204959 secs] [Times: user=0.25 sys=0.00, real=0.02 secs] 
2020-09-29T18:08:09.940+0200: 56.214: [GC (Allocation Failure) 2020-09-29T18:08:09.940+0200: 56.214: [ParNew: 580732K->56756K(613440K), 0.0270901 secs] 595080K->71104K(2029056K), 0.0271728 secs] [Times: user=0.25 sys=0.00, real=0.03 secs] 
2020-09-29T18:08:10.019+0200: 56.293: [GC (Allocation Failure) 2020-09-29T18:08:10.019+0200: 56.293: [ParNew: 602100K->46007K(613440K), 0.0259835 secs] 616448K->60355K(2029056K), 0.0260501 secs] [Times: user=0.25 sys=0.00, real=0.03 secs] 
2020-09-29T18:08:10.095+0200: 56.368: [GC (Allocation Failure) 2020-09-29T18:08:10.095+0200: 56.369: [ParNew: 591351K->38403K(613440K), 0.0247272 secs] 605699K->52751K(2029056K), 0.0248063 secs] [Times: user=0.25 sys=0.00, real=0.02 secs] 
2020-09-29T18:08:10.168+0200: 56.442: [GC (Allocation Failure) 2020-09-29T18:08:10.168+0200: 56.442: [ParNew: 583747K->65388K(613440K), 0.0293833 secs] 598095K->79735K(2029056K), 0.0294606 secs] [Times: user=0.25 sys=0.00, real=0.03 secs] 
2020-09-29T18:08:10.251+0200: 56.525: [GC (Allocation Failure) 2020-09-29T18:08:10.251+0200: 56.525: [ParNew: 610732K->46431K(613440K), 0.0228299 secs] 625079K->60779K(2029056K), 0.0229203 secs] [Times: user=0.25 sys=0.00, real=0.02 secs] 
2020-09-29T18:08:10.330+0200: 56.603: [GC (Allocation Failure) 2020-09-29T18:08:10.330+0200: 56.604: [ParNew: 591775K->44673K(613440K), 0.0277882 secs] 606123K->59020K(2029056K), 0.0278623 secs] [Times: user=0.25 sys=0.00, real=0.03 secs] 
2020-09-29T18:08:10.407+0200: 56.681: [GC (Allocation Failure) 2020-09-29T18:08:10.407+0200: 56.681: [ParNew: 590017K->57919K(613440K), 0.0263212 secs] 604364K->72267K(2029056K), 0.0263969 secs] [Times: user=0.25 sys=0.00, real=0.03 secs] 
2020-09-29T18:08:10.486+0200: 56.760: [GC (Allocation Failure) 2020-09-29T18:08:10.486+0200: 56.760: [ParNew: 603263K->43735K(613440K), 0.0270463 secs] 617611K->58083K(2029056K), 0.0271310 secs] [Times: user=0.23 sys=0.00, real=0.03 secs] 
2020-09-29T18:08:10.563+0200: 56.837: [GC (Allocation Failure) 2020-09-29T18:08:10.563+0200: 56.837: [ParNew: 589079K->38841K(613440K), 0.0263384 secs] 603427K->53189K(2029056K), 0.0264316 secs] [Times: user=0.25 sys=0.00, real=0.03 secs] 
2020-09-29T18:08:10.640+0200: 56.914: [GC (Allocation Failure) 2020-09-29T18:08:10.641+0200: 56.914: [ParNew: 584185K->32050K(613440K), 0.0158698 secs] 598533K->46398K(2029056K), 0.0159502 secs] [Times: user=0.13 sys=0.00, real=0.02 secs] 
2020-09-29T18:08:10.708+0200: 56.982: [GC (Allocation Failure) 2020-09-29T18:08:10.708+0200: 56.982: [ParNew: 577394K->46163K(613440K), 0.0289772 secs] 591742K->60511K(2029056K), 0.0290738 secs] [Times: user=0.13 sys=0.00, real=0.03 secs] 
2020-09-29T18:08:10.791+0200: 57.065: [GC (Allocation Failure) 2020-09-29T18:08:10.791+0200: 57.065: [ParNew: 591507K->39419K(613440K), 0.0194770 secs] 605855K->53766K(2029056K), 0.0195475 secs] [Times: user=0.13 sys=0.00, real=0.02 secs] 
2020-09-29T18:08:10.873+0200: 57.147: [GC (Allocation Failure) 2020-09-29T18:08:10.873+0200: 57.147: [ParNew: 584763K->31584K(613440K), 0.0189886 secs] 599110K->45931K(2029056K), 0.0190588 secs] [Times: user=0.13 sys=0.00, real=0.02 secs] 
2020-09-29T18:08:10.954+0200: 57.228: [GC (Allocation Failure) 2020-09-29T18:08:10.954+0200: 57.228: [ParNew: 576928K->51145K(613440K), 0.0253379 secs] 591275K->65493K(2029056K), 0.0254092 secs] [Times: user=0.25 sys=0.00, real=0.03 secs] 
2020-09-29T18:08:11.038+0200: 57.312: [GC (Allocation Failure) 2020-09-29T18:08:11.038+0200: 57.312: [ParNew: 596489K->37203K(613440K), 0.0236616 secs] 610837K->51551K(2029056K), 0.0237328 secs] [Times: user=0.13 sys=0.00, real=0.02 secs] 
2020-09-29T18:08:11.115+0200: 57.389: [GC (Allocation Failure) 2020-09-29T18:08:11.115+0200: 57.389: [ParNew: 582547K->58672K(613440K), 0.0308821 secs] 596895K->73019K(2029056K), 0.0309654 secs] [Times: user=0.25 sys=0.00, real=0.03 secs] 
2020-09-29T18:08:11.194+0200: 57.468: [GC (Allocation Failure) 2020-09-29T18:08:11.194+0200: 57.468: [ParNew: 604016K->52138K(613440K), 0.0308662 secs] 618363K->66485K(2029056K), 0.0309532 secs] [Times: user=0.25 sys=0.00, real=0.03 secs] 
2020-09-29T18:08:11.277+0200: 57.551: [GC (Allocation Failure) 2020-09-29T18:08:11.277+0200: 57.551: [ParNew: 597482K->51151K(613440K), 0.0295693 secs] 611829K->65498K(2029056K), 0.0296800 secs] [Times: user=0.25 sys=0.00, real=0.03 secs] 
2020-09-29T18:08:11.364+0200: 57.638: [GC (Allocation Failure) 2020-09-29T18:08:11.364+0200: 57.638: [ParNew: 596495K->38231K(613440K), 0.0208836 secs] 610842K->52578K(2029056K), 0.0209603 secs] [Times: user=0.13 sys=0.00, real=0.02 secs] 
2020-09-29T18:08:11.442+0200: 57.717: [GC (Allocation Failure) 2020-09-29T18:08:11.442+0200: 57.717: [ParNew: 583575K->62263K(613440K), 0.0278284 secs] 597922K->76610K(2029056K), 0.0279156 secs] [Times: user=0.13 sys=0.00, real=0.03 secs] 
2020-09-29T18:08:11.518+0200: 57.792: [GC (Allocation Failure) 2020-09-29T18:08:11.518+0200: 57.792: [ParNew: 607607K->48876K(613440K), 0.0263033 secs] 621954K->63223K(2029056K), 0.0263717 secs] [Times: user=0.22 sys=0.00, real=0.03 secs] 
2020-09-29T18:08:11.604+0200: 57.878: [GC (Allocation Failure) 2020-09-29T18:08:11.604+0200: 57.878: [ParNew: 594220K->36174K(613440K), 0.0242634 secs] 608567K->50522K(2029056K), 0.0243408 secs] [Times: user=0.13 sys=0.00, real=0.02 secs] 
2020-09-29T18:08:11.678+0200: 57.952: [GC (Allocation Failure) 2020-09-29T18:08:11.678+0200: 57.952: [ParNew: 581518K->60852K(613440K), 0.0286961 secs] 595866K->75199K(2029056K), 0.0287807 secs] [Times: user=0.13 sys=0.00, real=0.03 secs] 
2020-09-29T18:08:11.758+0200: 58.032: [GC (Allocation Failure) 2020-09-29T18:08:11.758+0200: 58.032: [ParNew: 606196K->48925K(613440K), 0.0282031 secs] 620543K->63272K(2029056K), 0.0282955 secs] [Times: user=0.25 sys=0.00, real=0.03 secs] 
2020-09-29T18:08:11.834+0200: 58.108: [GC (Allocation Failure) 2020-09-29T18:08:11.834+0200: 58.108: [ParNew: 594269K->47231K(613440K), 0.0309172 secs] 608616K->61578K(2029056K), 0.0309947 secs] [Times: user=0.25 sys=0.00, real=0.03 secs] 
2020-09-29T18:08:11.921+0200: 58.195: [GC (Allocation Failure) 2020-09-29T18:08:11.921+0200: 58.195: [ParNew: 592575K->68096K(613440K), 0.0388428 secs] 606922K->83101K(2029056K), 0.0389168 secs] [Times: user=0.38 sys=0.00, real=0.04 secs] 
2020-09-29T18:08:12.016+0200: 58.290: [GC (Allocation Failure) 2020-09-29T18:08:12.016+0200: 58.290: [ParNew: 613440K->51779K(613440K), 0.0288774 secs] 628445K->66785K(2029056K), 0.0289643 secs] [Times: user=0.25 sys=0.00, real=0.03 secs] 
2020-09-29T18:08:12.097+0200: 58.372: [GC (Allocation Failure) 2020-09-29T18:08:12.097+0200: 58.372: [ParNew: 597123K->36730K(613440K), 0.0188828 secs] 612129K->51735K(2029056K), 0.0189912 secs] [Times: user=0.25 sys=0.00, real=0.02 secs] 
2020-09-29T18:08:12.178+0200: 58.453: [GC (Allocation Failure) 2020-09-29T18:08:12.179+0200: 58.453: [ParNew: 582074K->49582K(613440K), 0.0345181 secs] 597079K->64587K(2029056K), 0.0346249 secs] [Times: user=0.25 sys=0.00, real=0.04 secs] 
2020-09-29T18:08:12.272+0200: 58.546: [GC (Allocation Failure) 2020-09-29T18:08:12.272+0200: 58.546: [ParNew: 594926K->68096K(613440K), 0.0349608 secs] 609931K->83101K(2029056K), 0.0350582 secs] [Times: user=0.25 sys=0.00, real=0.03 secs] 
2020-09-29T18:08:12.361+0200: 58.635: [GC (Allocation Failure) 2020-09-29T18:08:12.361+0200: 58.635: [ParNew: 613440K->50262K(613440K), 0.0344090 secs] 628445K->65267K(2029056K), 0.0344889 secs] [Times: user=0.38 sys=0.00, real=0.03 secs] 
2020-09-29T18:08:12.448+0200: 58.722: [GC (Allocation Failure) 2020-09-29T18:08:12.448+0200: 58.722: [ParNew: 595606K->52087K(613440K), 0.0325615 secs] 610611K->67093K(2029056K), 0.0327153 secs] [Times: user=0.25 sys=0.00, real=0.03 secs] 
2020-09-29T18:08:12.530+0200: 58.804: [GC (Allocation Failure) 2020-09-29T18:08:12.530+0200: 58.804: [ParNew: 597431K->50271K(613440K), 0.0316009 secs] 612437K->65276K(2029056K), 0.0316789 secs] [Times: user=0.25 sys=0.00, real=0.03 secs] 
2020-09-29T18:08:12.614+0200: 58.888: [GC (Allocation Failure) 2020-09-29T18:08:12.614+0200: 58.889: [ParNew: 595615K->46078K(613440K), 0.0316622 secs] 610620K->61083K(2029056K), 0.0317393 secs] [Times: user=0.23 sys=0.00, real=0.03 secs] 
2020-09-29T18:08:12.709+0200: 58.983: [GC (Allocation Failure) 2020-09-29T18:08:12.709+0200: 58.983: [ParNew: 591422K->34884K(613440K), 0.0199102 secs] 606427K->49889K(2029056K), 0.0199846 secs] [Times: user=0.13 sys=0.00, real=0.02 secs] 
2020-09-29T18:08:12.789+0200: 59.063: [GC (Allocation Failure) 2020-09-29T18:08:12.789+0200: 59.063: [ParNew: 580228K->46371K(613440K), 0.0342839 secs] 595233K->61376K(2029056K), 0.0343605 secs] [Times: user=0.25 sys=0.00, real=0.03 secs] 
2020-09-29T18:08:12.873+0200: 59.148: [GC (Allocation Failure) 2020-09-29T18:08:12.873+0200: 59.148: [ParNew: 591715K->36923K(613440K), 0.0231664 secs] 606720K->51928K(2029056K), 0.0232453 secs] [Times: user=0.25 sys=0.00, real=0.02 secs] 
2020-09-29T18:08:12.957+0200: 59.231: [GC (Allocation Failure) 2020-09-29T18:08:12.957+0200: 59.231: [ParNew: 582267K->52783K(613440K), 0.0298484 secs] 597272K->67788K(2029056K), 0.0299282 secs] [Times: user=0.25 sys=0.00, real=0.03 secs] 
2020-09-29T18:08:13.039+0200: 59.314: [GC (Allocation Failure) 2020-09-29T18:08:13.039+0200: 59.314: [ParNew: 598127K->39521K(613440K), 0.0299553 secs] 613132K->54526K(2029056K), 0.0300296 secs] [Times: user=0.25 sys=0.00, real=0.03 secs] 
2020-09-29T18:08:13.122+0200: 59.396: [GC (Allocation Failure) 2020-09-29T18:08:13.122+0200: 59.396: [ParNew: 584865K->40199K(613440K), 0.0288135 secs] 599870K->55204K(2029056K), 0.0289052 secs] [Times: user=0.25 sys=0.00, real=0.03 secs] 
2020-09-29T18:08:13.206+0200: 59.480: [GC (Allocation Failure) 2020-09-29T18:08:13.206+0200: 59.480: [ParNew: 585543K->63382K(613440K), 0.0391786 secs] 600548K->78387K(2029056K), 0.0392670 secs] [Times: user=0.33 sys=0.00, real=0.04 secs] 
2020-09-29T18:08:13.296+0200: 59.570: [GC (Allocation Failure) 2020-09-29T18:08:13.296+0200: 59.570: [ParNew: 608726K->40515K(613440K), 0.0171925 secs] 623731K->55520K(2029056K), 0.0172706 secs] [Times: user=0.13 sys=0.00, real=0.02 secs] 
2020-09-29T18:08:13.377+0200: 59.651: [GC (Allocation Failure) 2020-09-29T18:08:13.377+0200: 59.651: [ParNew: 585859K->46694K(613440K), 0.0307525 secs] 600864K->61699K(2029056K), 0.0308286 secs] [Times: user=0.25 sys=0.00, real=0.03 secs] 
2020-09-29T18:08:13.466+0200: 59.740: [GC (Allocation Failure) 2020-09-29T18:08:13.466+0200: 59.740: [ParNew: 592038K->38730K(613440K), 0.0220888 secs] 607043K->53735K(2029056K), 0.0221629 secs] [Times: user=0.13 sys=0.00, real=0.02 secs] 
2020-09-29T18:08:13.555+0200: 59.829: [GC (Allocation Failure) 2020-09-29T18:08:13.555+0200: 59.829: [ParNew: 584074K->51194K(613440K), 0.0300190 secs] 599079K->66199K(2029056K), 0.0301211 secs] [Times: user=0.25 sys=0.00, real=0.03 secs] 
2020-09-29T18:08:13.635+0200: 59.909: [GC (Allocation Failure) 2020-09-29T18:08:13.635+0200: 59.909: [ParNew: 596538K->36327K(613440K), 0.0284057 secs] 611543K->51332K(2029056K), 0.0285076 secs] [Times: user=0.25 sys=0.00, real=0.03 secs] 
2020-09-29T18:08:13.719+0200: 59.994: [GC (Allocation Failure) 2020-09-29T18:08:13.719+0200: 59.994: [ParNew: 581671K->36577K(613440K), 0.0243186 secs] 596676K->51582K(2029056K), 0.0243941 secs] [Times: user=0.25 sys=0.00, real=0.02 secs] 
2020-09-29T18:08:13.816+0200: 60.091: [GC (Allocation Failure) 2020-09-29T18:08:13.816+0200: 60.091: [ParNew: 581921K->55913K(613440K), 0.0338169 secs] 596926K->70918K(2029056K), 0.0414173 secs] [Times: user=0.27 sys=0.00, real=0.04 secs] 
2020-09-29T18:08:13.908+0200: 60.182: [GC (Allocation Failure) 2020-09-29T18:08:13.908+0200: 60.182: [ParNew: 601257K->49949K(613440K), 0.0321195 secs] 616262K->64954K(2029056K), 0.0321978 secs] [Times: user=0.25 sys=0.00, real=0.03 secs] 
2020-09-29T18:08:13.991+0200: 60.265: [GC (Allocation Failure) 2020-09-29T18:08:13.991+0200: 60.265: [ParNew: 595293K->43708K(613440K), 0.0318708 secs] 610298K->58713K(2029056K), 0.0319523 secs] [Times: user=0.25 sys=0.00, real=0.03 secs] 
2020-09-29T18:08:14.094+0200: 60.368: [GC (Allocation Failure) 2020-09-29T18:08:14.094+0200: 60.368: [ParNew: 589052K->68096K(613440K), 0.0392337 secs] 604057K->83994K(2029056K), 0.0393096 secs] [Times: user=0.38 sys=0.00, real=0.04 secs] 
2020-09-29T18:08:14.182+0200: 60.457: [GC (Allocation Failure) 2020-09-29T18:08:14.182+0200: 60.457: [ParNew: 613440K->51664K(613440K), 0.0307188 secs] 629338K->67562K(2029056K), 0.0308112 secs] [Times: user=0.25 sys=0.00, real=0.03 secs] 
2020-09-29T18:08:14.268+0200: 60.543: [GC (Allocation Failure) 2020-09-29T18:08:14.268+0200: 60.543: [ParNew: 597008K->35335K(613440K), 0.0199766 secs] 612906K->51233K(2029056K), 0.0200492 secs] [Times: user=0.25 sys=0.00, real=0.02 secs] 
2020-09-29T18:08:14.349+0200: 60.624: [GC (Allocation Failure) 2020-09-29T18:08:14.349+0200: 60.624: [ParNew: 580679K->38790K(613440K), 0.0258254 secs] 596577K->54688K(2029056K), 0.0259075 secs] [Times: user=0.13 sys=0.00, real=0.03 secs] 
2020-09-29T18:08:14.429+0200: 60.704: [GC (Allocation Failure) 2020-09-29T18:08:14.430+0200: 60.704: [ParNew: 584134K->48016K(613440K), 0.0322037 secs] 600032K->63914K(2029056K), 0.0322828 secs] [Times: user=0.25 sys=0.00, real=0.03 secs] 
2020-09-29T18:08:14.514+0200: 60.788: [GC (Allocation Failure) 2020-09-29T18:08:14.514+0200: 60.788: [ParNew: 593360K->39707K(613440K), 0.0251205 secs] 609258K->55605K(2029056K), 0.0252122 secs] [Times: user=0.25 sys=0.00, real=0.03 secs] 
2020-09-29T18:08:14.607+0200: 60.882: [GC (Allocation Failure) 2020-09-29T18:08:14.607+0200: 60.882: [ParNew: 585051K->30773K(613440K), 0.0226086 secs] 600949K->46672K(2029056K), 0.0226921 secs] [Times: user=0.22 sys=0.00, real=0.02 secs] 
2020-09-29T18:08:14.691+0200: 60.966: [GC (Allocation Failure) 2020-09-29T18:08:14.691+0200: 60.966: [ParNew: 576117K->51516K(613440K), 0.0301099 secs] 592016K->67414K(2029056K), 0.0301862 secs] [Times: user=0.25 sys=0.00, real=0.03 secs] 
2020-09-29T18:08:14.786+0200: 61.061: [GC (Allocation Failure) 2020-09-29T18:08:14.786+0200: 61.061: [ParNew: 596860K->66866K(613440K), 0.0370837 secs] 612758K->82764K(2029056K), 0.0371604 secs] [Times: user=0.25 sys=0.00, real=0.04 secs] 
2020-09-29T18:08:14.875+0200: 61.149: [GC (Allocation Failure) 2020-09-29T18:08:14.875+0200: 61.149: [ParNew: 612210K->68096K(613440K), 0.0471452 secs] 628108K->87036K(2029056K), 0.0472364 secs] [Times: user=0.36 sys=0.00, real=0.05 secs] 
2020-09-29T18:08:14.971+0200: 61.246: [GC (Allocation Failure) 2020-09-29T18:08:14.971+0200: 61.246: [ParNew: 613440K->61554K(613440K), 0.0348010 secs] 632380K->80494K(2029056K), 0.0348858 secs] [Times: user=0.38 sys=0.00, real=0.04 secs] 
2020-09-29T18:08:15.057+0200: 61.332: [GC (Allocation Failure) 2020-09-29T18:08:15.057+0200: 61.332: [ParNew: 606898K->46550K(613440K), 0.0266290 secs] 625838K->65490K(2029056K), 0.0267163 secs] [Times: user=0.25 sys=0.00, real=0.03 secs] 
2020-09-29T18:08:15.134+0200: 61.408: [GC (Allocation Failure) 2020-09-29T18:08:15.134+0200: 61.408: [ParNew: 591894K->36353K(613440K), 0.0238973 secs] 610834K->55294K(2029056K), 0.0239840 secs] [Times: user=0.13 sys=0.00, real=0.02 secs] 
2020-09-29T18:08:15.212+0200: 61.486: [GC (Allocation Failure) 2020-09-29T18:08:15.212+0200: 61.486: [ParNew: 581697K->48342K(613440K), 0.0340379 secs] 600638K->67282K(2029056K), 0.0341242 secs] [Times: user=0.23 sys=0.00, real=0.03 secs] 
2020-09-29T18:08:15.297+0200: 61.572: [GC (Allocation Failure) 2020-09-29T18:08:15.297+0200: 61.572: [ParNew: 593686K->42766K(613440K), 0.0290554 secs] 612626K->61707K(2029056K), 0.0291511 secs] [Times: user=0.25 sys=0.00, real=0.03 secs] 
2020-09-29T18:08:15.380+0200: 61.655: [GC (Allocation Failure) 2020-09-29T18:08:15.380+0200: 61.655: [ParNew: 588110K->68096K(613440K), 0.0372679 secs] 607051K->87036K(2029056K), 0.0373485 secs] [Times: user=0.25 sys=0.00, real=0.04 secs] 
2020-09-29T18:08:15.467+0200: 61.741: [GC (Allocation Failure) 2020-09-29T18:08:15.467+0200: 61.742: [ParNew: 613440K->53709K(613440K), 0.0364428 secs] 632380K->72650K(2029056K), 0.0365279 secs] [Times: user=0.25 sys=0.00, real=0.04 secs] 
2020-09-29T18:08:15.558+0200: 61.832: [GC (Allocation Failure) 2020-09-29T18:08:15.558+0200: 61.832: [ParNew: 599053K->46414K(613440K), 0.0261539 secs] 617994K->65355K(2029056K), 0.0262559 secs] [Times: user=0.25 sys=0.00, real=0.03 secs] 
2020-09-29T18:08:15.642+0200: 61.916: [GC (Allocation Failure) 2020-09-29T18:08:15.642+0200: 61.916: [ParNew: 591758K->62525K(613440K), 0.0351126 secs] 610699K->81465K(2029056K), 0.0352054 secs] [Times: user=0.30 sys=0.00, real=0.04 secs] 
2020-09-29T18:08:15.735+0200: 62.010: [GC (Allocation Failure) 2020-09-29T18:08:15.735+0200: 62.010: [ParNew: 607869K->42123K(613440K), 0.0263358 secs] 626809K->61064K(2029056K), 0.0264131 secs] [Times: user=0.23 sys=0.00, real=0.03 secs] 
2020-09-29T18:08:15.817+0200: 62.092: [GC (Allocation Failure) 2020-09-29T18:08:15.817+0200: 62.092: [ParNew: 587467K->32450K(613440K), 0.0131654 secs] 606408K->51390K(2029056K), 0.0132480 secs] [Times: user=0.00 sys=0.00, real=0.01 secs] 
2020-09-29T18:08:15.895+0200: 62.169: [GC (Allocation Failure) 2020-09-29T18:08:15.895+0200: 62.169: [ParNew: 577794K->42218K(613440K), 0.0308342 secs] 596734K->61159K(2029056K), 0.0309294 secs] [Times: user=0.25 sys=0.00, real=0.03 secs] 
2020-09-29T18:08:15.982+0200: 62.257: [GC (Allocation Failure) 2020-09-29T18:08:15.982+0200: 62.257: [ParNew: 587562K->50297K(613440K), 0.0306613 secs] 606503K->69238K(2029056K), 0.0307495 secs] [Times: user=0.23 sys=0.00, real=0.03 secs] 
2020-09-29T18:08:16.071+0200: 62.346: [GC (Allocation Failure) 2020-09-29T18:08:16.071+0200: 62.346: [ParNew: 595641K->36241K(613440K), 0.0186598 secs] 614582K->55182K(2029056K), 0.0187340 secs] [Times: user=0.13 sys=0.00, real=0.02 secs] 
2020-09-29T18:08:16.170+0200: 62.445: [GC (Allocation Failure) 2020-09-29T18:08:16.170+0200: 62.445: [ParNew: 581585K->41523K(613440K), 0.0281347 secs] 600526K->60464K(2029056K), 0.0282280 secs] [Times: user=0.23 sys=0.00, real=0.03 secs] 
2020-09-29T18:08:16.260+0200: 62.534: [GC (Allocation Failure) 2020-09-29T18:08:16.260+0200: 62.534: [ParNew: 586867K->52361K(613440K), 0.0342393 secs] 605808K->71302K(2029056K), 0.0343233 secs] [Times: user=0.25 sys=0.00, real=0.03 secs] 
2020-09-29T18:08:16.350+0200: 62.624: [GC (Allocation Failure) 2020-09-29T18:08:16.350+0200: 62.624: [ParNew: 597705K->47389K(613440K), 0.0364219 secs] 616646K->66329K(2029056K), 0.0364982 secs] [Times: user=0.13 sys=0.00, real=0.04 secs] 
2020-09-29T18:08:16.446+0200: 62.721: [GC (Allocation Failure) 2020-09-29T18:08:16.446+0200: 62.721: [ParNew: 592733K->44420K(613440K), 0.0322789 secs] 611673K->63361K(2029056K), 0.0323533 secs] [Times: user=0.25 sys=0.00, real=0.03 secs] 
2020-09-29T18:08:16.534+0200: 62.809: [GC (Allocation Failure) 2020-09-29T18:08:16.534+0200: 62.809: [ParNew: 589764K->68096K(613440K), 0.0398600 secs] 608705K->87036K(2029056K), 0.0399674 secs] [Times: user=0.33 sys=0.00, real=0.04 secs] 
2020-09-29T18:08:16.629+0200: 62.904: [GC (Allocation Failure) 2020-09-29T18:08:16.629+0200: 62.904: [ParNew: 613440K->57922K(613440K), 0.0314614 secs] 632380K->76863K(2029056K), 0.0315560 secs] [Times: user=0.25 sys=0.00, real=0.03 secs] 
2020-09-29T18:08:16.720+0200: 62.994: [GC (Allocation Failure) 2020-09-29T18:08:16.720+0200: 62.994: [ParNew: 603266K->56323K(613440K), 0.0365396 secs] 622207K->75264K(2029056K), 0.0366417 secs] [Times: user=0.36 sys=0.00, real=0.04 secs] 
2020-09-29T18:08:16.815+0200: 63.090: [GC (Allocation Failure) 2020-09-29T18:08:16.815+0200: 63.090: [ParNew: 601667K->43742K(613440K), 0.0282615 secs] 620608K->62682K(2029056K), 0.0283566 secs] [Times: user=0.25 sys=0.00, real=0.03 secs] 
2020-09-29T18:08:16.899+0200: 63.173: [GC (Allocation Failure) 2020-09-29T18:08:16.899+0200: 63.173: [ParNew: 589086K->39077K(613440K), 0.0169904 secs] 608026K->58018K(2029056K), 0.0170490 secs] [Times: user=0.13 sys=0.00, real=0.02 secs] 
2020-09-29T18:08:16.974+0200: 63.248: [GC (Allocation Failure) 2020-09-29T18:08:16.974+0200: 63.248: [ParNew: 584421K->28473K(613440K), 0.0094844 secs] 603362K->47414K(2029056K), 0.0095408 secs] [Times: user=0.00 sys=0.00, real=0.01 secs] 
2020-09-29T18:08:17.043+0200: 63.316: [GC (Allocation Failure) 2020-09-29T18:08:17.043+0200: 63.316: [ParNew: 573817K->44132K(613440K), 0.0189988 secs] 592758K->63073K(2029056K), 0.0190644 secs] [Times: user=0.13 sys=0.00, real=0.02 secs] 
2020-09-29T18:08:17.114+0200: 63.388: [GC (Allocation Failure) 2020-09-29T18:08:17.114+0200: 63.388: [ParNew: 589476K->59358K(613440K), 0.0248669 secs] 608417K->78298K(2029056K), 0.0249373 secs] [Times: user=0.13 sys=0.00, real=0.02 secs] 
2020-09-29T18:08:17.190+0200: 63.464: [GC (Allocation Failure) 2020-09-29T18:08:17.190+0200: 63.464: [ParNew: 604702K->67202K(613440K), 0.0235438 secs] 623642K->86143K(2029056K), 0.0236296 secs] [Times: user=0.25 sys=0.00, real=0.02 secs] 
2020-09-29T18:08:17.266+0200: 63.540: [GC (Allocation Failure) 2020-09-29T18:08:17.266+0200: 63.540: [ParNew: 612546K->50694K(613440K), 0.0182296 secs] 631487K->69635K(2029056K), 0.0183057 secs] [Times: user=0.11 sys=0.00, real=0.02 secs] 
2020-09-29T18:08:17.339+0200: 63.612: [GC (Allocation Failure) 2020-09-29T18:08:17.339+0200: 63.612: [ParNew: 596038K->46436K(613440K), 0.0168110 secs] 614979K->65376K(2029056K), 0.0168823 secs] [Times: user=0.13 sys=0.00, real=0.02 secs] 
2020-09-29T18:08:17.410+0200: 63.684: [GC (Allocation Failure) 2020-09-29T18:08:17.410+0200: 63.684: [ParNew: 591780K->31052K(613440K), 0.0104117 secs] 610720K->49993K(2029056K), 0.0104802 secs] [Times: user=0.05 sys=0.05, real=0.01 secs] 
2020-09-29T18:08:17.471+0200: 63.746: [GC (Allocation Failure) 2020-09-29T18:08:17.471+0200: 63.746: [ParNew: 576396K->61419K(613440K), 0.0252449 secs] 595337K->80359K(2029056K), 0.0253020 secs] [Times: user=0.24 sys=0.00, real=0.03 secs] 
2020-09-29T18:08:17.549+0200: 63.824: [GC (Allocation Failure) 2020-09-29T18:08:17.549+0200: 63.824: [ParNew: 606763K->39855K(613440K), 0.0148912 secs] 625703K->58796K(2029056K), 0.0149522 secs] [Times: user=0.09 sys=0.00, real=0.01 secs] 
2020-09-29T18:08:17.624+0200: 63.898: [GC (Allocation Failure) 2020-09-29T18:08:17.624+0200: 63.898: [ParNew: 585199K->41565K(613440K), 0.0215515 secs] 604140K->60506K(2029056K), 0.0216236 secs] [Times: user=0.24 sys=0.00, real=0.02 secs] 
2020-09-29T18:08:17.697+0200: 63.972: [GC (Allocation Failure) 2020-09-29T18:08:17.697+0200: 63.972: [ParNew: 586909K->35268K(613440K), 0.0175050 secs] 605850K->54209K(2029056K), 0.0175881 secs] [Times: user=0.13 sys=0.00, real=0.02 secs] 
2020-09-29T18:08:17.768+0200: 64.042: [GC (Allocation Failure) 2020-09-29T18:08:17.768+0200: 64.042: [ParNew: 580612K->36860K(613440K), 0.0164218 secs] 599553K->55800K(2029056K), 0.0164947 secs] [Times: user=0.11 sys=0.00, real=0.02 secs] 
2020-09-29T18:08:17.844+0200: 64.118: [GC (Allocation Failure) 2020-09-29T18:08:17.844+0200: 64.118: [ParNew: 582204K->32951K(613440K), 0.0164213 secs] 601144K->51892K(2029056K), 0.0164847 secs] [Times: user=0.13 sys=0.00, real=0.02 secs] 
2020-09-29T18:08:17.917+0200: 64.191: [GC (Allocation Failure) 2020-09-29T18:08:17.917+0200: 64.192: [ParNew: 578295K->36217K(613440K), 0.0168060 secs] 597236K->55157K(2029056K), 0.0168712 secs] [Times: user=0.11 sys=0.00, real=0.02 secs] 
2020-09-29T18:08:17.988+0200: 64.262: [GC (Allocation Failure) 2020-09-29T18:08:17.988+0200: 64.262: [ParNew: 581561K->49932K(613440K), 0.0211872 secs] 600501K->68873K(2029056K), 0.0212372 secs] [Times: user=0.22 sys=0.00, real=0.02 secs] 
2020-09-29T18:08:18.061+0200: 64.335: [GC (Allocation Failure) 2020-09-29T18:08:18.061+0200: 64.335: [ParNew: 595276K->43150K(613440K), 0.0187419 secs] 614217K->62090K(2029056K), 0.0188002 secs] [Times: user=0.11 sys=0.00, real=0.02 secs] 
2020-09-29T18:08:18.135+0200: 64.410: [GC (Allocation Failure) 2020-09-29T18:08:18.135+0200: 64.410: [ParNew: 588494K->39997K(613440K), 0.0191766 secs] 607434K->58938K(2029056K), 0.0192476 secs] [Times: user=0.13 sys=0.00, real=0.02 secs] 
2020-09-29T18:08:18.207+0200: 64.481: [GC (Allocation Failure) 2020-09-29T18:08:18.207+0200: 64.481: [ParNew: 585341K->35662K(613440K), 0.0218339 secs] 604282K->54602K(2029056K), 0.0219202 secs] [Times: user=0.22 sys=0.00, real=0.02 secs] 
2020-09-29T18:08:18.284+0200: 64.558: [GC (Allocation Failure) 2020-09-29T18:08:18.284+0200: 64.558: [ParNew: 581006K->58146K(613440K), 0.0226611 secs] 599946K->77087K(2029056K), 0.0227414 secs] [Times: user=0.25 sys=0.00, real=0.02 secs] 
2020-09-29T18:08:18.361+0200: 64.635: [GC (Allocation Failure) 2020-09-29T18:08:18.361+0200: 64.635: [ParNew: 603490K->46817K(613440K), 0.0150117 secs] 622431K->65758K(2029056K), 0.0150639 secs] [Times: user=0.09 sys=0.00, real=0.01 secs] 
2020-09-29T18:08:18.430+0200: 64.704: [GC (Allocation Failure) 2020-09-29T18:08:18.430+0200: 64.704: [ParNew: 592161K->57566K(613440K), 0.0259692 secs] 611102K->76506K(2029056K), 0.0260420 secs] [Times: user=0.11 sys=0.00, real=0.03 secs] 
2020-09-29T18:08:18.509+0200: 64.783: [GC (Allocation Failure) 2020-09-29T18:08:18.509+0200: 64.783: [ParNew: 602910K->68096K(613440K), 0.0244306 secs] 621850K->87702K(2029056K), 0.0244812 secs] [Times: user=0.11 sys=0.00, real=0.02 secs] 
2020-09-29T18:08:18.584+0200: 64.859: [GC (Allocation Failure) 2020-09-29T18:08:18.584+0200: 64.859: [ParNew: 613440K->49056K(613440K), 0.0204404 secs] 633046K->68662K(2029056K), 0.0204971 secs] [Times: user=0.11 sys=0.00, real=0.02 secs] 
2020-09-29T18:08:18.660+0200: 64.934: [GC (Allocation Failure) 2020-09-29T18:08:18.660+0200: 64.934: [ParNew: 594400K->68096K(613440K), 0.0245978 secs] 614006K->88035K(2029056K), 0.0246557 secs] [Times: user=0.25 sys=0.00, real=0.02 secs] 
2020-09-29T18:08:18.737+0200: 65.011: [GC (Allocation Failure) 2020-09-29T18:08:18.737+0200: 65.011: [ParNew: 613440K->66455K(613440K), 0.0242007 secs] 633379K->86394K(2029056K), 0.0242683 secs] [Times: user=0.22 sys=0.00, real=0.02 secs] 
2020-09-29T18:08:18.812+0200: 65.087: [GC (Allocation Failure) 2020-09-29T18:08:18.812+0200: 65.087: [ParNew: 611799K->58009K(613440K), 0.0218705 secs] 631738K->77949K(2029056K), 0.0219494 secs] [Times: user=0.25 sys=0.00, real=0.02 secs] 
2020-09-29T18:08:18.887+0200: 65.161: [GC (Allocation Failure) 2020-09-29T18:08:18.887+0200: 65.161: [ParNew: 603353K->52710K(613440K), 0.0213859 secs] 623293K->72650K(2029056K), 0.0214636 secs] [Times: user=0.13 sys=0.00, real=0.02 secs] 
2020-09-29T18:08:18.963+0200: 65.238: [GC (Allocation Failure) 2020-09-29T18:08:18.963+0200: 65.238: [ParNew: 598054K->49255K(613440K), 0.0223955 secs] 617994K->69194K(2029056K), 0.0224638 secs] [Times: user=0.13 sys=0.00, real=0.02 secs] 
2020-09-29T18:08:19.042+0200: 65.316: [GC (Allocation Failure) 2020-09-29T18:08:19.042+0200: 65.316: [ParNew: 594599K->44667K(613440K), 0.0202825 secs] 614538K->64606K(2029056K), 0.0203373 secs] [Times: user=0.13 sys=0.00, real=0.02 secs] 
2020-09-29T18:08:19.119+0200: 65.394: [GC (Allocation Failure) 2020-09-29T18:08:19.119+0200: 65.394: [ParNew: 590011K->61506K(613440K), 0.0209113 secs] 609950K->81446K(2029056K), 0.0209740 secs] [Times: user=0.11 sys=0.00, real=0.02 secs] 
2020-09-29T18:08:19.192+0200: 65.467: [GC (Allocation Failure) 2020-09-29T18:08:19.192+0200: 65.467: [ParNew: 606850K->51489K(613440K), 0.0191605 secs] 626790K->71428K(2029056K), 0.0192310 secs] [Times: user=0.13 sys=0.00, real=0.02 secs] 
2020-09-29T18:08:19.267+0200: 65.542: [GC (Allocation Failure) 2020-09-29T18:08:19.267+0200: 65.542: [ParNew: 596833K->50295K(613440K), 0.0224581 secs] 616772K->70235K(2029056K), 0.0225383 secs] [Times: user=0.16 sys=0.00, real=0.02 secs] 
2020-09-29T18:08:19.341+0200: 65.616: [GC (Allocation Failure) 2020-09-29T18:08:19.341+0200: 65.616: [ParNew: 595639K->41441K(613440K), 0.0164118 secs] 615579K->61381K(2029056K), 0.0164808 secs] [Times: user=0.13 sys=0.00, real=0.02 secs] 
2020-09-29T18:08:19.408+0200: 65.683: [GC (Allocation Failure) 2020-09-29T18:08:19.408+0200: 65.683: [ParNew: 586785K->38790K(613440K), 0.0139508 secs] 606725K->58729K(2029056K), 0.0139982 secs] [Times: user=0.13 sys=0.00, real=0.01 secs] 
2020-09-29T18:08:19.473+0200: 65.747: [GC (Allocation Failure) 2020-09-29T18:08:19.473+0200: 65.747: [ParNew: 584134K->55433K(613440K), 0.0261293 secs] 604073K->75373K(2029056K), 0.0262069 secs] [Times: user=0.13 sys=0.00, real=0.03 secs] 
2020-09-29T18:08:19.549+0200: 65.824: [GC (Allocation Failure) 2020-09-29T18:08:19.549+0200: 65.824: [ParNew: 600777K->51181K(613440K), 0.0190803 secs] 620717K->71121K(2029056K), 0.0191402 secs] [Times: user=0.22 sys=0.00, real=0.02 secs] 
2020-09-29T18:08:19.621+0200: 65.896: [GC (Allocation Failure) 2020-09-29T18:08:19.621+0200: 65.896: [ParNew: 596525K->43478K(613440K), 0.0193075 secs] 616465K->63418K(2029056K), 0.0193689 secs] [Times: user=0.11 sys=0.00, real=0.02 secs] 
2020-09-29T18:08:19.697+0200: 65.971: [GC (Allocation Failure) 2020-09-29T18:08:19.697+0200: 65.971: [ParNew: 588822K->47898K(613440K), 0.0220010 secs] 608762K->67838K(2029056K), 0.0220541 secs] [Times: user=0.09 sys=0.00, real=0.02 secs] 
2020-09-29T18:08:19.772+0200: 66.047: [GC (Allocation Failure) 2020-09-29T18:08:19.772+0200: 66.047: [ParNew: 593242K->58972K(613440K), 0.0238146 secs] 613182K->78912K(2029056K), 0.0238945 secs] [Times: user=0.11 sys=0.00, real=0.02 secs] 
2020-09-29T18:08:19.848+0200: 66.123: [GC (Allocation Failure) 2020-09-29T18:08:19.848+0200: 66.123: [ParNew: 604316K->44673K(613440K), 0.0169757 secs] 624256K->64612K(2029056K), 0.0170391 secs] [Times: user=0.13 sys=0.00, real=0.02 secs] 
2020-09-29T18:08:19.917+0200: 66.192: [GC (Allocation Failure) 2020-09-29T18:08:19.917+0200: 66.192: [ParNew: 590017K->42818K(613440K), 0.0152625 secs] 609956K->62757K(2029056K), 0.0153184 secs] [Times: user=0.13 sys=0.00, real=0.01 secs] 
2020-09-29T18:08:19.983+0200: 66.258: [GC (Allocation Failure) 2020-09-29T18:08:19.983+0200: 66.258: [ParNew: 588162K->33102K(613440K), 0.0139758 secs] 608101K->53042K(2029056K), 0.0140318 secs] [Times: user=0.13 sys=0.00, real=0.01 secs] 
2020-09-29T18:08:20.052+0200: 66.327: [GC (Allocation Failure) 2020-09-29T18:08:20.052+0200: 66.327: [ParNew: 578446K->41328K(613440K), 0.0189231 secs] 598386K->61268K(2029056K), 0.0189862 secs] [Times: user=0.13 sys=0.00, real=0.02 secs] 
2020-09-29T18:08:20.123+0200: 66.398: [GC (Allocation Failure) 2020-09-29T18:08:20.123+0200: 66.398: [ParNew: 586672K->66751K(613440K), 0.0231793 secs] 606612K->86691K(2029056K), 0.0232614 secs] [Times: user=0.25 sys=0.00, real=0.02 secs] 
2020-09-29T18:08:20.197+0200: 66.472: [GC (Allocation Failure) 2020-09-29T18:08:20.197+0200: 66.472: [ParNew: 612095K->50688K(613440K), 0.0225131 secs] 632035K->70627K(2029056K), 0.0225757 secs] [Times: user=0.09 sys=0.00, real=0.02 secs] 
2020-09-29T18:08:20.279+0200: 66.553: [GC (Allocation Failure) 2020-09-29T18:08:20.279+0200: 66.553: [ParNew: 596032K->68096K(613440K), 0.0227254 secs] 615971K->88035K(2029056K), 0.0227799 secs] [Times: user=0.25 sys=0.00, real=0.02 secs] 
2020-09-29T18:08:20.354+0200: 66.629: [GC (Allocation Failure) 2020-09-29T18:08:20.354+0200: 66.629: [ParNew: 613440K->51162K(613440K), 0.0218580 secs] 633379K->71102K(2029056K), 0.0219437 secs] [Times: user=0.13 sys=0.00, real=0.02 secs] 
2020-09-29T18:08:20.428+0200: 66.702: [GC (Allocation Failure) 2020-09-29T18:08:20.428+0200: 66.702: [ParNew: 596506K->44695K(613440K), 0.0151438 secs] 616446K->64634K(2029056K), 0.0151941 secs] [Times: user=0.13 sys=0.00, real=0.02 secs] 
2020-09-29T18:08:20.493+0200: 66.767: [GC (Allocation Failure) 2020-09-29T18:08:20.493+0200: 66.767: [ParNew: 590039K->34764K(613440K), 0.0140774 secs] 609978K->54704K(2029056K), 0.0141328 secs] [Times: user=0.11 sys=0.00, real=0.01 secs] 
2020-09-29T18:08:20.557+0200: 66.831: [GC (Allocation Failure) 2020-09-29T18:08:20.557+0200: 66.831: [ParNew: 580108K->43539K(613440K), 0.0185451 secs] 600048K->63478K(2029056K), 0.0186399 secs] [Times: user=0.13 sys=0.00, real=0.02 secs] 
2020-09-29T18:08:20.628+0200: 66.902: [GC (Allocation Failure) 2020-09-29T18:08:20.628+0200: 66.902: [ParNew: 588883K->29759K(613440K), 0.0115350 secs] 608822K->49698K(2029056K), 0.0116041 secs] [Times: user=0.11 sys=0.00, real=0.01 secs] 
2020-09-29T18:08:20.694+0200: 66.968: [GC (Allocation Failure) 2020-09-29T18:08:20.697+0200: 66.971: [ParNew: 575103K->46574K(613440K), 0.0210339 secs] 595042K->66513K(2029056K), 0.0243003 secs] [Times: user=0.13 sys=0.00, real=0.02 secs] 
2020-09-29T18:08:20.768+0200: 67.043: [GC (Allocation Failure) 2020-09-29T18:08:20.768+0200: 67.043: [ParNew: 591918K->60966K(613440K), 0.0209022 secs] 611857K->80906K(2029056K), 0.0209713 secs] [Times: user=0.25 sys=0.00, real=0.02 secs] 
2020-09-29T18:08:20.841+0200: 67.115: [GC (Allocation Failure) 2020-09-29T18:08:20.841+0200: 67.115: [ParNew: 606310K->43668K(613440K), 0.0194823 secs] 626250K->63608K(2029056K), 0.0195407 secs] [Times: user=0.13 sys=0.00, real=0.02 secs] 
2020-09-29T18:08:20.911+0200: 67.186: [GC (Allocation Failure) 2020-09-29T18:08:20.911+0200: 67.186: [ParNew: 589012K->39316K(613440K), 0.0141750 secs] 608952K->59255K(2029056K), 0.0142244 secs] [Times: user=0.00 sys=0.00, real=0.02 secs] 
2020-09-29T18:08:20.976+0200: 67.250: [GC (Allocation Failure) 2020-09-29T18:08:20.976+0200: 67.250: [ParNew: 584660K->54197K(613440K), 0.0231233 secs] 604599K->74137K(2029056K), 0.0231952 secs] [Times: user=0.13 sys=0.00, real=0.02 secs] 
2020-09-29T18:08:21.049+0200: 67.323: [GC (Allocation Failure) 2020-09-29T18:08:21.049+0200: 67.323: [ParNew: 599541K->68096K(613440K), 0.0229708 secs] 619481K->88035K(2029056K), 0.0230291 secs] [Times: user=0.23 sys=0.00, real=0.02 secs] 
2020-09-29T18:08:21.125+0200: 67.399: [GC (Allocation Failure) 2020-09-29T18:08:21.125+0200: 67.399: [ParNew: 613440K->50484K(613440K), 0.0167996 secs] 633379K->70424K(2029056K), 0.0168754 secs] [Times: user=0.13 sys=0.00, real=0.02 secs] 
2020-09-29T18:08:21.193+0200: 67.468: [GC (Allocation Failure) 2020-09-29T18:08:21.193+0200: 67.468: [ParNew: 595828K->33040K(613440K), 0.0153896 secs] 615768K->52980K(2029056K), 0.0154655 secs] [Times: user=0.13 sys=0.00, real=0.02 secs] 
2020-09-29T18:08:21.264+0200: 67.538: [GC (Allocation Failure) 2020-09-29T18:08:21.264+0200: 67.538: [ParNew: 578384K->55344K(613440K), 0.0250585 secs] 598324K->75283K(2029056K), 0.0251193 secs] [Times: user=0.22 sys=0.00, real=0.03 secs] 
2020-09-29T18:08:21.340+0200: 67.614: [GC (Allocation Failure) 2020-09-29T18:08:21.340+0200: 67.614: [ParNew: 600688K->49886K(613440K), 0.0186977 secs] 620627K->69825K(2029056K), 0.0187575 secs] [Times: user=0.13 sys=0.00, real=0.02 secs] 
2020-09-29T18:08:21.410+0200: 67.684: [GC (Allocation Failure) 2020-09-29T18:08:21.410+0200: 67.684: [ParNew: 595230K->42412K(613440K), 0.0180105 secs] 615169K->62352K(2029056K), 0.0180622 secs] [Times: user=0.25 sys=0.00, real=0.02 secs] 
2020-09-29T18:08:21.481+0200: 67.755: [GC (Allocation Failure) 2020-09-29T18:08:21.481+0200: 67.755: [ParNew: 587756K->61202K(613440K), 0.0232541 secs] 607696K->81141K(2029056K), 0.0233161 secs] [Times: user=0.11 sys=0.00, real=0.02 secs] 
2020-09-29T18:08:21.555+0200: 67.830: [GC (Allocation Failure) 2020-09-29T18:08:21.555+0200: 67.830: [ParNew: 606546K->47648K(613440K), 0.0148939 secs] 626485K->67587K(2029056K), 0.0149669 secs] [Times: user=0.13 sys=0.00, real=0.01 secs] 
2020-09-29T18:08:21.621+0200: 67.896: [GC (Allocation Failure) 2020-09-29T18:08:21.621+0200: 67.896: [ParNew: 592992K->39419K(613440K), 0.0164171 secs] 612931K->59359K(2029056K), 0.0164759 secs] [Times: user=0.11 sys=0.00, real=0.02 secs] 
2020-09-29T18:08:21.691+0200: 67.966: [GC (Allocation Failure) 2020-09-29T18:08:21.691+0200: 67.966: [ParNew: 584763K->47821K(613440K), 0.0192374 secs] 604703K->67760K(2029056K), 0.0193163 secs] [Times: user=0.25 sys=0.00, real=0.02 secs] 
2020-09-29T18:08:21.759+0200: 68.033: [GC (Allocation Failure) 2020-09-29T18:08:21.759+0200: 68.033: [ParNew: 593165K->41183K(613440K), 0.0187494 secs] 613104K->61123K(2029056K), 0.0188240 secs] [Times: user=0.13 sys=0.00, real=0.02 secs] 
2020-09-29T18:08:21.825+0200: 68.099: [GC (Allocation Failure) 2020-09-29T18:08:21.825+0200: 68.099: [ParNew: 586527K->43107K(613440K), 0.0184443 secs] 606467K->63047K(2029056K), 0.0184989 secs] [Times: user=0.13 sys=0.00, real=0.02 secs] 
2020-09-29T18:08:21.890+0200: 68.164: [GC (Allocation Failure) 2020-09-29T18:08:21.890+0200: 68.164: [ParNew: 588451K->68096K(613440K), 0.0241320 secs] 608391K->88035K(2029056K), 0.0242207 secs] [Times: user=0.25 sys=0.00, real=0.02 secs] 
2020-09-29T18:08:21.962+0200: 68.237: [GC (Allocation Failure) 2020-09-29T18:08:21.962+0200: 68.237: [ParNew: 613440K->50312K(613440K), 0.0223478 secs] 633379K->70251K(2029056K), 0.0224138 secs] [Times: user=0.13 sys=0.00, real=0.02 secs] 
2020-09-29T18:08:22.033+0200: 68.307: [GC (Allocation Failure) 2020-09-29T18:08:22.033+0200: 68.307: [ParNew: 595656K->44391K(613440K), 0.0158279 secs] 615595K->64331K(2029056K), 0.0159363 secs] [Times: user=0.13 sys=0.00, real=0.02 secs] 
2020-09-29T18:08:22.099+0200: 68.373: [GC (Allocation Failure) 2020-09-29T18:08:22.099+0200: 68.373: [ParNew: 589735K->65354K(613440K), 0.0292049 secs] 609675K->85293K(2029056K), 0.0292852 secs] [Times: user=0.13 sys=0.00, real=0.03 secs] 
2020-09-29T18:08:22.176+0200: 68.450: [GC (Allocation Failure) 2020-09-29T18:08:22.176+0200: 68.450: [ParNew: 610698K->52006K(613440K), 0.0210677 secs] 630637K->71946K(2029056K), 0.0211485 secs] [Times: user=0.13 sys=0.00, real=0.02 secs] 
2020-09-29T18:08:22.248+0200: 68.523: [GC (Allocation Failure) 2020-09-29T18:08:22.248+0200: 68.523: [ParNew: 597350K->42495K(613440K), 0.0148945 secs] 617290K->62434K(2029056K), 0.0149818 secs] [Times: user=0.13 sys=0.00, real=0.02 secs] 
2020-09-29T18:08:22.315+0200: 68.590: [GC (Allocation Failure) 2020-09-29T18:08:22.315+0200: 68.590: [ParNew: 587839K->20769K(613440K), 0.0069602 secs] 607778K->40709K(2029056K), 0.0070178 secs] [Times: user=0.13 sys=0.00, real=0.01 secs] 
2020-09-29T18:08:22.377+0200: 68.652: [GC (Allocation Failure) 2020-09-29T18:08:22.377+0200: 68.652: [ParNew: 566113K->21725K(613440K), 0.0126570 secs] 586053K->41664K(2029056K), 0.0127202 secs] [Times: user=0.13 sys=0.00, real=0.01 secs] 
2020-09-29T18:08:22.444+0200: 68.718: [GC (Allocation Failure) 2020-09-29T18:08:22.444+0200: 68.718: [ParNew: 567069K->56879K(613440K), 0.0215211 secs] 587008K->76818K(2029056K), 0.0215849 secs] [Times: user=0.13 sys=0.00, real=0.02 secs] 
2020-09-29T18:08:22.519+0200: 68.793: [GC (Allocation Failure) 2020-09-29T18:08:22.519+0200: 68.793: [ParNew: 602223K->39360K(613440K), 0.0179673 secs] 622162K->59300K(2029056K), 0.0180347 secs] [Times: user=0.25 sys=0.00, real=0.02 secs] 
2020-09-29T18:08:22.591+0200: 68.865: [GC (Allocation Failure) 2020-09-29T18:08:22.591+0200: 68.865: [ParNew: 584704K->57601K(613440K), 0.0222438 secs] 604644K->77541K(2029056K), 0.0223250 secs] [Times: user=0.13 sys=0.00, real=0.02 secs] 
2020-09-29T18:08:22.667+0200: 68.941: [GC (Allocation Failure) 2020-09-29T18:08:22.667+0200: 68.941: [ParNew: 602945K->57891K(613440K), 0.0222494 secs] 622885K->77831K(2029056K), 0.0223366 secs] [Times: user=0.13 sys=0.00, real=0.02 secs] 
2020-09-29T18:08:22.740+0200: 69.014: [GC (Allocation Failure) 2020-09-29T18:08:22.740+0200: 69.014: [ParNew: 603235K->48307K(613440K), 0.0182796 secs] 623175K->68247K(2029056K), 0.0183434 secs] [Times: user=0.13 sys=0.00, real=0.02 secs] 
2020-09-29T18:08:22.806+0200: 69.080: [GC (Allocation Failure) 2020-09-29T18:08:22.806+0200: 69.080: [ParNew: 593651K->38224K(613440K), 0.0101350 secs] 613591K->58163K(2029056K), 0.0101935 secs] [Times: user=0.00 sys=0.00, real=0.01 secs] 
2020-09-29T18:08:22.870+0200: 69.144: [GC (Allocation Failure) 2020-09-29T18:08:22.870+0200: 69.144: [ParNew: 583568K->39774K(613440K), 0.0165173 secs] 603507K->59714K(2029056K), 0.0165736 secs] [Times: user=0.13 sys=0.00, real=0.02 secs] 
2020-09-29T18:08:22.935+0200: 69.210: [GC (Allocation Failure) 2020-09-29T18:08:22.935+0200: 69.210: [ParNew: 585118K->45276K(613440K), 0.0154473 secs] 605058K->65216K(2029056K), 0.0155263 secs] [Times: user=0.13 sys=0.00, real=0.02 secs] 
2020-09-29T18:08:23.009+0200: 69.284: [GC (Allocation Failure) 2020-09-29T18:08:23.009+0200: 69.284: [ParNew: 590620K->48140K(613440K), 0.0197871 secs] 610560K->68080K(2029056K), 0.0198433 secs] [Times: user=0.13 sys=0.00, real=0.02 secs] 
2020-09-29T18:08:23.078+0200: 69.353: [GC (Allocation Failure) 2020-09-29T18:08:23.078+0200: 69.353: [ParNew: 593484K->61913K(613440K), 0.0200018 secs] 613424K->81853K(2029056K), 0.0200663 secs] [Times: user=0.25 sys=0.00, real=0.02 secs] 
2020-09-29T18:08:23.146+0200: 69.420: [GC (Allocation Failure) 2020-09-29T18:08:23.146+0200: 69.420: [ParNew: 607257K->44557K(613440K), 0.0201939 secs] 627197K->64497K(2029056K), 0.0202517 secs] [Times: user=0.13 sys=0.00, real=0.02 secs] 
2020-09-29T18:08:23.216+0200: 69.491: [GC (Allocation Failure) 2020-09-29T18:08:23.216+0200: 69.491: [ParNew: 589901K->41448K(613440K), 0.0223033 secs] 609841K->61388K(2029056K), 0.0223718 secs] [Times: user=0.22 sys=0.00, real=0.02 secs] 
2020-09-29T18:08:23.289+0200: 69.564: [GC (Allocation Failure) 2020-09-29T18:08:23.289+0200: 69.564: [ParNew: 586792K->60698K(613440K), 0.0225792 secs] 606732K->80638K(2029056K), 0.0226490 secs] [Times: user=0.13 sys=0.00, real=0.02 secs] 
2020-09-29T18:08:23.360+0200: 69.635: [GC (Allocation Failure) 2020-09-29T18:08:23.360+0200: 69.635: [ParNew: 606042K->48190K(613440K), 0.0161600 secs] 625982K->68129K(2029056K), 0.0162204 secs] [Times: user=0.13 sys=0.00, real=0.02 secs] 
2020-09-29T18:08:23.424+0200: 69.698: [GC (Allocation Failure) 2020-09-29T18:08:23.424+0200: 69.699: [ParNew: 593534K->46763K(613440K), 0.0205797 secs] 613473K->66703K(2029056K), 0.0206634 secs] [Times: user=0.23 sys=0.00, real=0.02 secs] 
2020-09-29T18:08:23.492+0200: 69.766: [GC (Allocation Failure) 2020-09-29T18:08:23.492+0200: 69.766: [ParNew: 592107K->59794K(613440K), 0.0208320 secs] 612047K->79734K(2029056K), 0.0208940 secs] [Times: user=0.13 sys=0.00, real=0.02 secs] 
2020-09-29T18:08:23.560+0200: 69.834: [GC (Allocation Failure) 2020-09-29T18:08:23.560+0200: 69.834: [ParNew: 605138K->42745K(613440K), 0.0195407 secs] 625078K->62684K(2029056K), 0.0196263 secs] [Times: user=0.13 sys=0.00, real=0.02 secs] 
2020-09-29T18:08:23.629+0200: 69.904: [GC (Allocation Failure) 2020-09-29T18:08:23.629+0200: 69.904: [ParNew: 588089K->44045K(613440K), 0.0196457 secs] 608028K->63985K(2029056K), 0.0197323 secs] [Times: user=0.13 sys=0.00, real=0.02 secs] 
2020-09-29T18:08:23.696+0200: 69.971: [GC (Allocation Failure) 2020-09-29T18:08:23.696+0200: 69.971: [ParNew: 589389K->68096K(613440K), 0.0225526 secs] 609329K->88035K(2029056K), 0.0226262 secs] [Times: user=0.13 sys=0.00, real=0.02 secs] 
2020-09-29T18:08:23.766+0200: 70.041: [GC (Allocation Failure) 2020-09-29T18:08:23.766+0200: 70.041: [ParNew: 613440K->47382K(613440K), 0.0164434 secs] 633379K->67322K(2029056K), 0.0165118 secs] [Times: user=0.13 sys=0.00, real=0.02 secs] 
2020-09-29T18:08:23.838+0200: 70.113: [GC (Allocation Failure) 2020-09-29T18:08:23.838+0200: 70.113: [ParNew: 592726K->66961K(613440K), 0.0219747 secs] 612666K->86901K(2029056K), 0.0220376 secs] [Times: user=0.13 sys=0.00, real=0.02 secs] 
2020-09-29T18:08:23.907+0200: 70.182: [GC (Allocation Failure) 2020-09-29T18:08:23.907+0200: 70.182: [ParNew: 612305K->66385K(613440K), 0.0209678 secs] 632245K->86325K(2029056K), 0.0210279 secs] [Times: user=0.25 sys=0.00, real=0.02 secs] 
2020-09-29T18:08:23.978+0200: 70.252: [GC (Allocation Failure) 2020-09-29T18:08:23.978+0200: 70.252: [ParNew: 611729K->38905K(613440K), 0.0142432 secs] 631669K->58844K(2029056K), 0.0143103 secs] [Times: user=0.13 sys=0.00, real=0.01 secs] 
2020-09-29T18:08:24.041+0200: 70.316: [GC (Allocation Failure) 2020-09-29T18:08:24.041+0200: 70.316: [ParNew: 584249K->24416K(613440K), 0.0132487 secs] 604188K->44356K(2029056K), 0.0133032 secs] [Times: user=0.13 sys=0.00, real=0.01 secs] 
2020-09-29T18:08:24.101+0200: 70.375: [GC (Allocation Failure) 2020-09-29T18:08:24.101+0200: 70.375: [ParNew: 569760K->39806K(613440K), 0.0172828 secs] 589700K->59746K(2029056K), 0.0173394 secs] [Times: user=0.13 sys=0.00, real=0.02 secs] 
2020-09-29T18:08:24.165+0200: 70.440: [GC (Allocation Failure) 2020-09-29T18:08:24.165+0200: 70.440: [ParNew: 585150K->55490K(613440K), 0.0209652 secs] 605090K->75429K(2029056K), 0.0210377 secs] [Times: user=0.13 sys=0.00, real=0.02 secs] 
2020-09-29T18:08:24.238+0200: 70.513: [GC (Allocation Failure) 2020-09-29T18:08:24.238+0200: 70.513: [ParNew: 600834K->48807K(613440K), 0.0206745 secs] 620773K->68747K(2029056K), 0.0207329 secs] [Times: user=0.25 sys=0.00, real=0.02 secs] 
2020-09-29T18:08:24.307+0200: 70.581: [GC (Allocation Failure) 2020-09-29T18:08:24.307+0200: 70.581: [ParNew: 594151K->41450K(613440K), 0.0136459 secs] 614091K->61389K(2029056K), 0.0137038 secs] [Times: user=0.13 sys=0.00, real=0.01 secs] 
2020-09-29T18:08:24.370+0200: 70.645: [GC (Allocation Failure) 2020-09-29T18:08:24.370+0200: 70.645: [ParNew: 586794K->38975K(613440K), 0.0218891 secs] 606733K->58915K(2029056K), 0.0219639 secs] [Times: user=0.11 sys=0.00, real=0.02 secs] 
2020-09-29T18:08:24.446+0200: 70.720: [GC (Allocation Failure) 2020-09-29T18:08:24.446+0200: 70.720: [ParNew: 584319K->40955K(613440K), 0.0178908 secs] 604259K->60895K(2029056K), 0.0179549 secs] [Times: user=0.13 sys=0.00, real=0.02 secs] 
2020-09-29T18:08:24.516+0200: 70.790: [GC (Allocation Failure) 2020-09-29T18:08:24.516+0200: 70.790: [ParNew: 586299K->35143K(613440K), 0.0161402 secs] 606239K->55082K(2029056K), 0.0161989 secs] [Times: user=0.13 sys=0.00, real=0.02 secs] 
2020-09-29T18:08:24.581+0200: 70.856: [GC (Allocation Failure) 2020-09-29T18:08:24.581+0200: 70.856: [ParNew: 580487K->56041K(613440K), 0.0224036 secs] 600426K->75981K(2029056K), 0.0224643 secs] [Times: user=0.22 sys=0.00, real=0.02 secs] 
2020-09-29T18:08:24.655+0200: 70.930: [GC (Allocation Failure) 2020-09-29T18:08:24.655+0200: 70.930: [ParNew: 601385K->68096K(613440K), 0.0257543 secs] 621325K->89235K(2029056K), 0.0258094 secs] [Times: user=0.25 sys=0.00, real=0.03 secs] 
2020-09-29T18:08:24.729+0200: 71.003: [GC (Allocation Failure) 2020-09-29T18:08:24.729+0200: 71.004: [ParNew: 613440K->59558K(613440K), 0.0204194 secs] 634579K->80697K(2029056K), 0.0204982 secs] [Times: user=0.13 sys=0.00, real=0.02 secs] 
2020-09-29T18:08:24.797+0200: 71.072: [GC (Allocation Failure) 2020-09-29T18:08:24.797+0200: 71.072: [ParNew: 604902K->68096K(613440K), 0.0247002 secs] 626041K->90162K(2029056K), 0.0247573 secs] [Times: user=0.25 sys=0.00, real=0.03 secs] 
2020-09-29T18:08:24.869+0200: 71.144: [GC (Allocation Failure) 2020-09-29T18:08:24.869+0200: 71.144: [ParNew: 613440K->46709K(613440K), 0.0139422 secs] 635506K->68775K(2029056K), 0.0140051 secs] [Times: user=0.13 sys=0.00, real=0.01 secs] 
2020-09-29T18:08:24.938+0200: 71.213: [GC (Allocation Failure) 2020-09-29T18:08:24.938+0200: 71.213: [ParNew: 592053K->27835K(613440K), 0.0104846 secs] 614119K->49902K(2029056K), 0.0105409 secs] [Times: user=0.13 sys=0.00, real=0.01 secs] 
2020-09-29T18:08:24.996+0200: 71.271: [GC (Allocation Failure) 2020-09-29T18:08:24.996+0200: 71.271: [ParNew: 573179K->36580K(613440K), 0.0177463 secs] 595246K->58646K(2029056K), 0.0178008 secs] [Times: user=0.13 sys=0.00, real=0.02 secs] 
2020-09-29T18:08:25.061+0200: 71.336: [GC (Allocation Failure) 2020-09-29T18:08:25.061+0200: 71.336: [ParNew: 581924K->44224K(613440K), 0.0153882 secs] 603990K->66290K(2029056K), 0.0154455 secs] [Times: user=0.13 sys=0.00, real=0.02 secs] 
2020-09-29T18:08:25.126+0200: 71.400: [GC (Allocation Failure) 2020-09-29T18:08:25.126+0200: 71.400: [ParNew: 589568K->35788K(613440K), 0.0138418 secs] 611634K->57855K(2029056K), 0.0138990 secs] [Times: user=0.13 sys=0.00, real=0.01 secs] 
2020-09-29T18:08:25.188+0200: 71.462: [GC (Allocation Failure) 2020-09-29T18:08:25.188+0200: 71.462: [ParNew: 581132K->41738K(613440K), 0.0188841 secs] 603199K->63804K(2029056K), 0.0189484 secs] [Times: user=0.14 sys=0.05, real=0.02 secs] 
2020-09-29T18:08:25.264+0200: 71.539: [GC (Allocation Failure) 2020-09-29T18:08:25.264+0200: 71.539: [ParNew: 587082K->52123K(613440K), 0.0190051 secs] 609148K->74189K(2029056K), 0.0190712 secs] [Times: user=0.13 sys=0.00, real=0.02 secs] 
2020-09-29T18:08:25.332+0200: 71.606: [GC (Allocation Failure) 2020-09-29T18:08:25.332+0200: 71.606: [ParNew: 597467K->36439K(613440K), 0.0117903 secs] 619533K->58505K(2029056K), 0.0118454 secs] [Times: user=0.00 sys=0.00, real=0.01 secs] 
2020-09-29T18:08:25.391+0200: 71.666: [GC (Allocation Failure) 2020-09-29T18:08:25.391+0200: 71.666: [ParNew: 581783K->36133K(613440K), 0.0169254 secs] 603849K->58200K(2029056K), 0.0169866 secs] [Times: user=0.13 sys=0.00, real=0.02 secs] 
2020-09-29T18:08:25.457+0200: 71.731: [GC (Allocation Failure) 2020-09-29T18:08:25.457+0200: 71.731: [ParNew: 581477K->47584K(613440K), 0.0159464 secs] 603544K->69651K(2029056K), 0.0160054 secs] [Times: user=0.13 sys=0.00, real=0.02 secs] 
2020-09-29T18:08:25.522+0200: 71.797: [GC (Allocation Failure) 2020-09-29T18:08:25.522+0200: 71.797: [ParNew: 592928K->49028K(613440K), 0.0208776 secs] 614995K->71095K(2029056K), 0.0209398 secs] [Times: user=0.13 sys=0.00, real=0.02 secs] 
2020-09-29T18:08:25.592+0200: 71.866: [GC (Allocation Failure) 2020-09-29T18:08:25.592+0200: 71.866: [ParNew: 594372K->60138K(613440K), 0.0200501 secs] 616439K->82204K(2029056K), 0.0201079 secs] [Times: user=0.13 sys=0.00, real=0.02 secs] 
2020-09-29T18:08:25.662+0200: 71.936: [GC (Allocation Failure) 2020-09-29T18:08:25.662+0200: 71.936: [ParNew: 605482K->44295K(613440K), 0.0183453 secs] 627548K->66361K(2029056K), 0.0184372 secs] [Times: user=0.13 sys=0.00, real=0.02 secs] 
2020-09-29T18:08:25.730+0200: 72.005: [GC (Allocation Failure) 2020-09-29T18:08:25.730+0200: 72.005: [ParNew: 589639K->44079K(613440K), 0.0191146 secs] 611705K->66145K(2029056K), 0.0191749 secs] [Times: user=0.11 sys=0.00, real=0.02 secs] 
2020-09-29T18:08:25.800+0200: 72.075: [GC (Allocation Failure) 2020-09-29T18:08:25.800+0200: 72.075: [ParNew: 589423K->42039K(613440K), 0.0172862 secs] 611489K->64106K(2029056K), 0.0173501 secs] [Times: user=0.22 sys=0.02, real=0.02 secs] 
2020-09-29T18:08:25.869+0200: 72.144: [GC (Allocation Failure) 2020-09-29T18:08:25.869+0200: 72.144: [ParNew: 587383K->40569K(613440K), 0.0157911 secs] 609450K->62635K(2029056K), 0.0158627 secs] [Times: user=0.13 sys=0.00, real=0.02 secs] 
2020-09-29T18:08:25.934+0200: 72.208: [GC (Allocation Failure) 2020-09-29T18:08:25.934+0200: 72.208: [ParNew: 585913K->59275K(613440K), 0.0206854 secs] 607979K->81342K(2029056K), 0.0207481 secs] [Times: user=0.13 sys=0.00, real=0.02 secs] 
2020-09-29T18:08:26.003+0200: 72.278: [GC (Allocation Failure) 2020-09-29T18:08:26.003+0200: 72.278: [ParNew: 604619K->44747K(613440K), 0.0210506 secs] 626686K->66813K(2029056K), 0.0211422 secs] [Times: user=0.25 sys=0.00, real=0.02 secs] 
2020-09-29T18:08:26.072+0200: 72.347: [GC (Allocation Failure) 2020-09-29T18:08:26.072+0200: 72.347: [ParNew: 590091K->43447K(613440K), 0.0204919 secs] 612157K->65513K(2029056K), 0.0205712 secs] [Times: user=0.13 sys=0.00, real=0.02 secs] 
2020-09-29T18:08:26.141+0200: 72.415: [GC (Allocation Failure) 2020-09-29T18:08:26.146+0200: 72.421: [ParNew: 588791K->39548K(613440K), 0.0261750 secs] 610857K->61615K(2029056K), 0.0317359 secs] [Times: user=0.11 sys=0.00, real=0.03 secs] 
2020-09-29T18:08:26.229+0200: 72.503: [GC (Allocation Failure) 2020-09-29T18:08:26.229+0200: 72.503: [ParNew: 584892K->23155K(613440K), 0.0144917 secs] 606959K->45221K(2029056K), 0.0145663 secs] [Times: user=0.13 sys=0.00, real=0.01 secs] 
2020-09-29T18:08:26.292+0200: 72.566: [GC (Allocation Failure) 2020-09-29T18:08:26.292+0200: 72.566: [ParNew: 568499K->37039K(613440K), 0.0176330 secs] 590565K->59106K(2029056K), 0.0177276 secs] [Times: user=0.13 sys=0.00, real=0.02 secs] 
2020-09-29T18:08:26.357+0200: 72.631: [GC (Allocation Failure) 2020-09-29T18:08:26.357+0200: 72.631: [ParNew: 582383K->45249K(613440K), 0.0170543 secs] 604450K->67315K(2029056K), 0.0171114 secs] [Times: user=0.11 sys=0.00, real=0.02 secs] 
2020-09-29T18:08:26.427+0200: 72.701: [GC (Allocation Failure) 2020-09-29T18:08:26.427+0200: 72.701: [ParNew: 590593K->48735K(613440K), 0.0209531 secs] 612659K->70801K(2029056K), 0.0210139 secs] [Times: user=0.13 sys=0.00, real=0.02 secs] 
2020-09-29T18:08:26.497+0200: 72.770: [GC (Allocation Failure) 2020-09-29T18:08:26.497+0200: 72.770: [ParNew: 594079K->65116K(613440K), 0.0197829 secs] 616145K->87183K(2029056K), 0.0198565 secs] [Times: user=0.13 sys=0.00, real=0.02 secs] 
2020-09-29T18:08:26.564+0200: 72.838: [GC (Allocation Failure) 2020-09-29T18:08:26.564+0200: 72.838: [ParNew: 610460K->49053K(613440K), 0.0185610 secs] 632527K->71119K(2029056K), 0.0186359 secs] [Times: user=0.13 sys=0.00, real=0.02 secs] 
2020-09-29T18:08:26.636+0200: 72.910: [GC (Allocation Failure) 2020-09-29T18:08:26.636+0200: 72.910: [ParNew: 594397K->42333K(613440K), 0.0187284 secs] 616463K->64399K(2029056K), 0.0187980 secs] [Times: user=0.13 sys=0.00, real=0.02 secs] 
2020-09-29T18:08:26.701+0200: 72.975: [GC (Allocation Failure) 2020-09-29T18:08:26.701+0200: 72.975: [ParNew: 587677K->40196K(613440K), 0.0176763 secs] 609743K->62262K(2029056K), 0.0177371 secs] [Times: user=0.13 sys=0.00, real=0.02 secs] 
2020-09-29T18:08:26.775+0200: 73.049: [GC (Allocation Failure) 2020-09-29T18:08:26.775+0200: 73.049: [ParNew: 585540K->38831K(613440K), 0.0161934 secs] 607606K->60897K(2029056K), 0.0162480 secs] [Times: user=0.13 sys=0.00, real=0.02 secs] 
2020-09-29T18:08:26.841+0200: 73.115: [GC (Allocation Failure) 2020-09-29T18:08:26.841+0200: 73.115: [ParNew: 584175K->32176K(613440K), 0.0154579 secs] 606241K->54242K(2029056K), 0.0155264 secs] [Times: user=0.13 sys=0.00, real=0.01 secs] 
2020-09-29T18:08:26.905+0200: 73.179: [GC (Allocation Failure) 2020-09-29T18:08:26.905+0200: 73.179: [ParNew: 577520K->55464K(613440K), 0.0247894 secs] 599586K->77531K(2029056K), 0.0248833 secs] [Times: user=0.25 sys=0.00, real=0.03 secs] 
2020-09-29T18:08:26.977+0200: 73.251: [GC (Allocation Failure) 2020-09-29T18:08:26.977+0200: 73.251: [ParNew: 600808K->55798K(613440K), 0.0187314 secs] 622875K->77864K(2029056K), 0.0187852 secs] [Times: user=0.13 sys=0.00, real=0.02 secs] 
2020-09-29T18:08:27.044+0200: 73.318: [GC (Allocation Failure) 2020-09-29T18:08:27.044+0200: 73.318: [ParNew: 601142K->42432K(613440K), 0.0177966 secs] 623208K->64499K(2029056K), 0.0178530 secs] [Times: user=0.13 sys=0.00, real=0.02 secs] 
2020-09-29T18:08:27.110+0200: 73.384: [GC (Allocation Failure) 2020-09-29T18:08:27.110+0200: 73.384: [ParNew: 587776K->38771K(613440K), 0.0168682 secs] 609843K->60838K(2029056K), 0.0169286 secs] [Times: user=0.13 sys=0.00, real=0.02 secs] 
2020-09-29T18:08:27.177+0200: 73.451: [GC (Allocation Failure) 2020-09-29T18:08:27.177+0200: 73.451: [ParNew: 584115K->58465K(613440K), 0.0249805 secs] 606182K->80531K(2029056K), 0.0250842 secs] [Times: user=0.13 sys=0.00, real=0.02 secs] 
2020-09-29T18:08:27.254+0200: 73.528: [GC (Allocation Failure) 2020-09-29T18:08:27.254+0200: 73.528: [ParNew: 603809K->44447K(613440K), 0.0215791 secs] 625875K->66514K(2029056K), 0.0216389 secs] [Times: user=0.25 sys=0.00, real=0.02 secs] 
2020-09-29T18:08:27.325+0200: 73.598: [GC (Allocation Failure) 2020-09-29T18:08:27.325+0200: 73.598: [ParNew: 589791K->46762K(613440K), 0.0212954 secs] 611858K->68828K(2029056K), 0.0213547 secs] [Times: user=0.13 sys=0.00, real=0.02 secs] 
2020-09-29T18:08:27.393+0200: 73.667: [GC (Allocation Failure) 2020-09-29T18:08:27.393+0200: 73.667: [ParNew: 592106K->47180K(613440K), 0.0197129 secs] 614172K->69246K(2029056K), 0.0197683 secs] [Times: user=0.25 sys=0.00, real=0.02 secs] 
2020-09-29T18:08:27.459+0200: 73.733: [GC (Allocation Failure) 2020-09-29T18:08:27.459+0200: 73.733: [ParNew: 592524K->45812K(613440K), 0.0181916 secs] 614590K->67879K(2029056K), 0.0182555 secs] [Times: user=0.13 sys=0.00, real=0.02 secs] 
2020-09-29T18:08:27.526+0200: 73.801: [GC (Allocation Failure) 2020-09-29T18:08:27.526+0200: 73.801: [ParNew: 591156K->42075K(613440K), 0.0177907 secs] 613223K->64141K(2029056K), 0.0178540 secs] [Times: user=0.13 sys=0.00, real=0.02 secs] 
2020-09-29T18:08:27.594+0200: 73.868: [GC (Allocation Failure) 2020-09-29T18:08:27.594+0200: 73.868: [ParNew: 587419K->56863K(613440K), 0.0228735 secs] 609485K->78929K(2029056K), 0.0229582 secs] [Times: user=0.22 sys=0.00, real=0.02 secs] 
2020-09-29T18:08:27.665+0200: 73.940: [GC (Allocation Failure) 2020-09-29T18:08:27.665+0200: 73.940: [ParNew: 602207K->47987K(613440K), 0.0200903 secs] 624273K->70053K(2029056K), 0.0201456 secs] [Times: user=0.13 sys=0.00, real=0.02 secs] 
2020-09-29T18:08:27.739+0200: 74.014: [GC (Allocation Failure) 2020-09-29T18:08:27.739+0200: 74.014: [ParNew: 593331K->46888K(613440K), 0.0197412 secs] 615397K->68954K(2029056K), 0.0197967 secs] [Times: user=0.13 sys=0.00, real=0.02 secs] 
2020-09-29T18:08:27.810+0200: 74.085: [GC (Allocation Failure) 2020-09-29T18:08:27.810+0200: 74.085: [ParNew: 592232K->68096K(613440K), 0.0245125 secs] 614298K->90751K(2029056K), 0.0245766 secs] [Times: user=0.25 sys=0.00, real=0.03 secs] 
2020-09-29T18:08:27.881+0200: 74.156: [GC (Allocation Failure) 2020-09-29T18:08:27.881+0200: 74.156: [ParNew: 613440K->55653K(613440K), 0.0236687 secs] 636095K->78309K(2029056K), 0.0237315 secs] [Times: user=0.13 sys=0.00, real=0.02 secs] 
2020-09-29T18:08:27.952+0200: 74.227: [GC (Allocation Failure) 2020-09-29T18:08:27.952+0200: 74.227: [ParNew: 600997K->50463K(613440K), 0.0176318 secs] 623653K->73119K(2029056K), 0.0177163 secs] [Times: user=0.13 sys=0.00, real=0.02 secs] 
2020-09-29T18:08:28.022+0200: 74.296: [GC (Allocation Failure) 2020-09-29T18:08:28.022+0200: 74.296: [ParNew: 595807K->35182K(613440K), 0.0123065 secs] 618463K->57837K(2029056K), 0.0123679 secs] [Times: user=0.00 sys=0.00, real=0.01 secs] 
2020-09-29T18:08:28.092+0200: 74.367: [GC (Allocation Failure) 2020-09-29T18:08:28.092+0200: 74.367: [ParNew: 580526K->20749K(613440K), 0.0092165 secs] 603181K->43405K(2029056K), 0.0092733 secs] [Times: user=0.13 sys=0.00, real=0.01 secs] 
2020-09-29T18:08:28.157+0200: 74.432: [GC (Allocation Failure) 2020-09-29T18:08:28.157+0200: 74.432: [ParNew: 566093K->46373K(613440K), 0.0202426 secs] 588749K->69029K(2029056K), 0.0203139 secs] [Times: user=0.25 sys=0.00, real=0.02 secs] 
2020-09-29T18:08:28.227+0200: 74.502: [GC (Allocation Failure) 2020-09-29T18:08:28.227+0200: 74.502: [ParNew: 591717K->54703K(613440K), 0.0221906 secs] 614373K->77359K(2029056K), 0.0222944 secs] [Times: user=0.11 sys=0.00, real=0.02 secs] 
2020-09-29T18:08:28.299+0200: 74.573: [GC (Allocation Failure) 2020-09-29T18:08:28.299+0200: 74.573: [ParNew: 600047K->43862K(613440K), 0.0192435 secs] 622703K->66518K(2029056K), 0.0193092 secs] [Times: user=0.23 sys=0.00, real=0.02 secs] 
2020-09-29T18:08:28.371+0200: 74.646: [GC (Allocation Failure) 2020-09-29T18:08:28.372+0200: 74.646: [ParNew: 589206K->42602K(613440K), 0.0186108 secs] 611862K->65258K(2029056K), 0.0186829 secs] [Times: user=0.13 sys=0.00, real=0.02 secs] 
2020-09-29T18:08:28.438+0200: 74.713: [GC (Allocation Failure) 2020-09-29T18:08:28.438+0200: 74.713: [ParNew: 587946K->39013K(613440K), 0.0183154 secs] 610602K->61668K(2029056K), 0.0183720 secs] [Times: user=0.14 sys=0.00, real=0.02 secs] 
2020-09-29T18:08:28.504+0200: 74.778: [GC (Allocation Failure) 2020-09-29T18:08:28.504+0200: 74.778: [ParNew: 584357K->66451K(613440K), 0.0227541 secs] 607012K->89107K(2029056K), 0.0228216 secs] [Times: user=0.13 sys=0.00, real=0.02 secs] 
2020-09-29T18:08:28.576+0200: 74.851: [GC (Allocation Failure) 2020-09-29T18:08:28.576+0200: 74.851: [ParNew: 611795K->45438K(613440K), 0.0176357 secs] 634451K->68093K(2029056K), 0.0177152 secs] [Times: user=0.13 sys=0.00, real=0.02 secs] 
2020-09-29T18:08:28.646+0200: 74.921: [GC (Allocation Failure) 2020-09-29T18:08:28.646+0200: 74.921: [ParNew: 590782K->65657K(613440K), 0.0214500 secs] 613437K->88313K(2029056K), 0.0215187 secs] [Times: user=0.13 sys=0.00, real=0.02 secs] 
2020-09-29T18:08:28.715+0200: 74.990: [GC (Allocation Failure) 2020-09-29T18:08:28.715+0200: 74.990: [ParNew: 611001K->38919K(613440K), 0.0140688 secs] 633657K->61574K(2029056K), 0.0141359 secs] [Times: user=0.13 sys=0.00, real=0.01 secs] 
2020-09-29T18:08:28.780+0200: 75.055: [GC (Allocation Failure) 2020-09-29T18:08:28.780+0200: 75.055: [ParNew: 584263K->41726K(613440K), 0.0179917 secs] 606918K->64381K(2029056K), 0.0180532 secs] [Times: user=0.13 sys=0.00, real=0.02 secs] 
2020-09-29T18:08:28.846+0200: 75.121: [GC (Allocation Failure) 2020-09-29T18:08:28.847+0200: 75.121: [ParNew: 587070K->36576K(613440K), 0.0170748 secs] 609725K->59231K(2029056K), 0.0253084 secs] [Times: user=0.14 sys=0.00, real=0.03 secs] 
2020-09-29T18:08:28.920+0200: 75.194: [GC (Allocation Failure) 2020-09-29T18:08:28.920+0200: 75.194: [ParNew: 581920K->61889K(613440K), 0.0214847 secs] 604575K->84545K(2029056K), 0.0215414 secs] [Times: user=0.13 sys=0.00, real=0.02 secs] 
2020-09-29T18:08:28.989+0200: 75.263: [GC (Allocation Failure) 2020-09-29T18:08:28.989+0200: 75.264: [ParNew: 607233K->49973K(613440K), 0.0161549 secs] 629889K->72628K(2029056K), 0.0162352 secs] [Times: user=0.13 sys=0.00, real=0.02 secs] 
2020-09-29T18:08:29.054+0200: 75.329: [GC (Allocation Failure) 2020-09-29T18:08:29.054+0200: 75.329: [ParNew: 595317K->44448K(613440K), 0.0200877 secs] 617972K->67103K(2029056K), 0.0201636 secs] [Times: user=0.13 sys=0.00, real=0.02 secs] 
2020-09-29T18:08:29.123+0200: 75.397: [GC (Allocation Failure) 2020-09-29T18:08:29.123+0200: 75.397: [ParNew: 589792K->42535K(613440K), 0.0192535 secs] 612447K->65191K(2029056K), 0.0193088 secs] [Times: user=0.13 sys=0.00, real=0.02 secs] 
2020-09-29T18:08:29.194+0200: 75.468: [GC (Allocation Failure) 2020-09-29T18:08:29.194+0200: 75.468: [ParNew: 587879K->37806K(613440K), 0.0204045 secs] 610535K->60461K(2029056K), 0.0214491 secs] [Times: user=0.13 sys=0.00, real=0.02 secs] 
2020-09-29T18:08:29.276+0200: 75.549: [GC (Allocation Failure) 2020-09-29T18:08:29.276+0200: 75.549: [ParNew: 583150K->41383K(613440K), 0.0192867 secs] 605805K->64038K(2029056K), 0.0193575 secs] [Times: user=0.13 sys=0.00, real=0.02 secs] 
2020-09-29T18:08:29.347+0200: 75.621: [GC (Allocation Failure) 2020-09-29T18:08:29.347+0200: 75.621: [ParNew: 586727K->36135K(613440K), 0.0190450 secs] 609382K->58791K(2029056K), 0.0191154 secs] [Times: user=0.23 sys=0.00, real=0.02 secs] 
2020-09-29T18:08:29.417+0200: 75.691: [GC (Allocation Failure) 2020-09-29T18:08:29.417+0200: 75.691: [ParNew: 581479K->32737K(613440K), 0.0172755 secs] 604135K->55393K(2029056K), 0.0173374 secs] [Times: user=0.13 sys=0.00, real=0.02 secs] 
2020-09-29T18:08:29.481+0200: 75.755: [GC (Allocation Failure) 2020-09-29T18:08:29.481+0200: 75.755: [ParNew: 578081K->31319K(613440K), 0.0151944 secs] 600737K->53975K(2029056K), 0.0152513 secs] [Times: user=0.13 sys=0.00, real=0.02 secs] 
2020-09-29T18:08:29.544+0200: 75.818: [GC (Allocation Failure) 2020-09-29T18:08:29.544+0200: 75.818: [ParNew: 576663K->51586K(613440K), 0.0191542 secs] 599319K->74242K(2029056K), 0.0192315 secs] [Times: user=0.13 sys=0.00, real=0.02 secs] 
2020-09-29T18:08:29.616+0200: 75.890: [GC (Allocation Failure) 2020-09-29T18:08:29.616+0200: 75.890: [ParNew: 596930K->39634K(613440K), 0.0133792 secs] 619586K->62290K(2029056K), 0.0134449 secs] [Times: user=0.00 sys=0.00, real=0.01 secs] 
2020-09-29T18:08:29.682+0200: 75.956: [GC (Allocation Failure) 2020-09-29T18:08:29.682+0200: 75.956: [ParNew: 584978K->33250K(613440K), 0.0169855 secs] 607634K->55906K(2029056K), 0.0170414 secs] [Times: user=0.13 sys=0.00, real=0.02 secs] 
2020-09-29T18:08:29.748+0200: 76.022: [GC (Allocation Failure) 2020-09-29T18:08:29.748+0200: 76.022: [ParNew: 578594K->49793K(613440K), 0.0209109 secs] 601250K->72448K(2029056K), 0.0209825 secs] [Times: user=0.13 sys=0.00, real=0.02 secs] 
2020-09-29T18:08:29.819+0200: 76.093: [GC (Allocation Failure) 2020-09-29T18:08:29.819+0200: 76.093: [ParNew: 595137K->45162K(613440K), 0.0192658 secs] 617792K->67818K(2029056K), 0.0193430 secs] [Times: user=0.13 sys=0.00, real=0.02 secs] 
2020-09-29T18:08:29.885+0200: 76.159: [GC (Allocation Failure) 2020-09-29T18:08:29.885+0200: 76.159: [ParNew: 590506K->44233K(613440K), 0.0182101 secs] 613162K->66889K(2029056K), 0.0182840 secs] [Times: user=0.13 sys=0.00, real=0.02 secs] 
2020-09-29T18:08:29.951+0200: 76.225: [GC (Allocation Failure) 2020-09-29T18:08:29.951+0200: 76.225: [ParNew: 589577K->37644K(613440K), 0.0189965 secs] 612233K->60299K(2029056K), 0.0190557 secs] [Times: user=0.13 sys=0.00, real=0.02 secs] 
2020-09-29T18:08:30.017+0200: 76.291: [GC (Allocation Failure) 2020-09-29T18:08:30.017+0200: 76.291: [ParNew: 582988K->65671K(613440K), 0.0222426 secs] 605643K->88327K(2029056K), 0.0223035 secs] [Times: user=0.25 sys=0.00, real=0.02 secs] 
2020-09-29T18:08:30.086+0200: 76.360: [GC (Allocation Failure) 2020-09-29T18:08:30.086+0200: 76.360: [ParNew: 611015K->48064K(613440K), 0.0164298 secs] 633671K->70719K(2029056K), 0.0164890 secs] [Times: user=0.13 sys=0.00, real=0.02 secs] 
2020-09-29T18:08:30.150+0200: 76.424: [GC (Allocation Failure) 2020-09-29T18:08:30.150+0200: 76.424: [ParNew: 593408K->33784K(613440K), 0.0151700 secs] 616063K->56439K(2029056K), 0.0152431 secs] [Times: user=0.13 sys=0.00, real=0.02 secs] 
2020-09-29T18:08:30.215+0200: 76.489: [GC (Allocation Failure) 2020-09-29T18:08:30.215+0200: 76.489: [ParNew: 579128K->48500K(613440K), 0.0250622 secs] 601783K->71155K(2029056K), 0.0319801 secs] [Times: user=0.24 sys=0.00, real=0.03 secs] 
2020-09-29T18:08:30.295+0200: 76.569: [GC (Allocation Failure) 2020-09-29T18:08:30.295+0200: 76.569: [ParNew: 593844K->36373K(613440K), 0.0132905 secs] 616499K->59028K(2029056K), 0.0133452 secs] [Times: user=0.13 sys=0.00, real=0.01 secs] 
2020-09-29T18:08:30.360+0200: 76.634: [GC (Allocation Failure) 2020-09-29T18:08:30.361+0200: 76.634: [ParNew: 581717K->51729K(613440K), 0.0227906 secs] 604372K->74385K(2029056K), 0.0228539 secs] [Times: user=0.25 sys=0.00, real=0.02 secs] 
2020-09-29T18:08:30.431+0200: 76.705: [GC (Allocation Failure) 2020-09-29T18:08:30.431+0200: 76.705: [ParNew: 597073K->44533K(613440K), 0.0182970 secs] 619729K->67189K(2029056K), 0.0183540 secs] [Times: user=0.13 sys=0.00, real=0.02 secs] 
2020-09-29T18:08:30.497+0200: 76.771: [GC (Allocation Failure) 2020-09-29T18:08:30.497+0200: 76.771: [ParNew: 589877K->37080K(613440K), 0.0169600 secs] 612533K->59736K(2029056K), 0.0170146 secs] [Times: user=0.13 sys=0.00, real=0.02 secs] 
2020-09-29T18:08:30.571+0200: 76.845: [GC (Allocation Failure) 2020-09-29T18:08:30.571+0200: 76.845: [ParNew: 582424K->50636K(613440K), 0.0231574 secs] 605080K->73292K(2029056K), 0.0232171 secs] [Times: user=0.11 sys=0.00, real=0.02 secs] 
2020-09-29T18:08:30.643+0200: 76.917: [GC (Allocation Failure) 2020-09-29T18:08:30.643+0200: 76.917: [ParNew: 595980K->50523K(613440K), 0.0211823 secs] 618636K->73179K(2029056K), 0.0212434 secs] [Times: user=0.23 sys=0.00, real=0.02 secs] 
2020-09-29T18:08:30.712+0200: 76.986: [GC (Allocation Failure) 2020-09-29T18:08:30.712+0200: 76.986: [ParNew: 595867K->51115K(613440K), 0.0205607 secs] 618523K->73770K(2029056K), 0.0206170 secs] [Times: user=0.13 sys=0.00, real=0.02 secs] 
2020-09-29T18:08:30.781+0200: 77.055: [GC (Allocation Failure) 2020-09-29T18:08:30.781+0200: 77.055: [ParNew: 596459K->68096K(613440K), 0.0249382 secs] 619114K->91526K(2029056K), 0.0249907 secs] [Times: user=0.25 sys=0.00, real=0.03 secs] 
2020-09-29T18:08:30.853+0200: 77.127: [GC (Allocation Failure) 2020-09-29T18:08:30.853+0200: 77.127: [ParNew: 613440K->49270K(613440K), 0.0185986 secs] 636870K->72701K(2029056K), 0.0186560 secs] [Times: user=0.13 sys=0.00, real=0.02 secs] 
2020-09-29T18:08:30.919+0200: 77.193: [GC (Allocation Failure) 2020-09-29T18:08:30.919+0200: 77.193: [ParNew: 594614K->39006K(613440K), 0.0186367 secs] 618045K->62437K(2029056K), 0.0187081 secs] [Times: user=0.13 sys=0.00, real=0.02 secs] 
2020-09-29T18:08:30.985+0200: 77.259: [GC (Allocation Failure) 2020-09-29T18:08:30.985+0200: 77.259: [ParNew: 584350K->61045K(613440K), 0.0302625 secs] 607781K->84476K(2029056K), 0.0303411 secs] [Times: user=0.25 sys=0.00, real=0.03 secs] 
2020-09-29T18:08:31.063+0200: 77.337: [GC (Allocation Failure) 2020-09-29T18:08:31.063+0200: 77.337: [ParNew: 606389K->44779K(613440K), 0.0209075 secs] 629820K->68210K(2029056K), 0.0209763 secs] [Times: user=0.25 sys=0.00, real=0.02 secs] 
2020-09-29T18:08:31.144+0200: 77.418: [GC (Allocation Failure) 2020-09-29T18:08:31.144+0200: 77.418: [ParNew: 590123K->41935K(613440K), 0.0286367 secs] 613554K->65365K(2029056K), 0.0287121 secs] [Times: user=0.25 sys=0.00, real=0.03 secs] 
2020-09-29T18:08:31.225+0200: 77.499: [GC (Allocation Failure) 2020-09-29T18:08:31.225+0200: 77.499: [ParNew: 587279K->58333K(613440K), 0.0281607 secs] 610709K->81764K(2029056K), 0.0282364 secs] [Times: user=0.11 sys=0.00, real=0.03 secs] 
2020-09-29T18:08:31.308+0200: 77.582: [GC (Allocation Failure) 2020-09-29T18:08:31.308+0200: 77.582: [ParNew: 603677K->44318K(613440K), 0.0262379 secs] 627108K->67748K(2029056K), 0.0263070 secs] [Times: user=0.23 sys=0.00, real=0.03 secs] 
2020-09-29T18:08:31.387+0200: 77.661: [GC (Allocation Failure) 2020-09-29T18:08:31.387+0200: 77.661: [ParNew: 589662K->32228K(613440K), 0.0190509 secs] 613092K->55658K(2029056K), 0.0191242 secs] [Times: user=0.13 sys=0.00, real=0.02 secs] 
2020-09-29T18:08:31.466+0200: 77.740: [GC (Allocation Failure) 2020-09-29T18:08:31.466+0200: 77.740: [ParNew: 577572K->54828K(613440K), 0.0319371 secs] 601002K->78258K(2029056K), 0.0320072 secs] [Times: user=0.25 sys=0.00, real=0.03 secs] 
2020-09-29T18:08:31.551+0200: 77.825: [GC (Allocation Failure) 2020-09-29T18:08:31.551+0200: 77.825: [ParNew: 600172K->40970K(613440K), 0.0244592 secs] 623602K->64400K(2029056K), 0.0245502 secs] [Times: user=0.23 sys=0.00, real=0.02 secs] 
2020-09-29T18:08:31.631+0200: 77.905: [GC (Allocation Failure) 2020-09-29T18:08:31.631+0200: 77.905: [ParNew: 586314K->32809K(613440K), 0.0241441 secs] 609744K->56240K(2029056K), 0.0242410 secs] [Times: user=0.09 sys=0.00, real=0.02 secs] 
2020-09-29T18:08:31.709+0200: 77.983: [GC (Allocation Failure) 2020-09-29T18:08:31.709+0200: 77.983: [ParNew: 578153K->34575K(613440K), 0.0203902 secs] 601584K->58006K(2029056K), 0.0204670 secs] [Times: user=0.13 sys=0.00, real=0.02 secs] 
2020-09-29T18:08:31.784+0200: 78.058: [GC (Allocation Failure) 2020-09-29T18:08:31.784+0200: 78.058: [ParNew: 579919K->57463K(613440K), 0.0276788 secs] 603350K->80894K(2029056K), 0.0277513 secs] [Times: user=0.25 sys=0.00, real=0.03 secs] 
2020-09-29T18:08:31.868+0200: 78.142: [GC (Allocation Failure) 2020-09-29T18:08:31.868+0200: 78.142: [ParNew: 602807K->53907K(613440K), 0.0259237 secs] 626238K->77338K(2029056K), 0.0259926 secs] [Times: user=0.13 sys=0.00, real=0.03 secs] 
2020-09-29T18:08:31.952+0200: 78.226: [GC (Allocation Failure) 2020-09-29T18:08:31.952+0200: 78.226: [ParNew: 599251K->35604K(613440K), 0.0165825 secs] 622682K->59034K(2029056K), 0.0166538 secs] [Times: user=0.13 sys=0.00, real=0.02 secs] 
2020-09-29T18:08:32.017+0200: 78.291: [GC (Allocation Failure) 2020-09-29T18:08:32.017+0200: 78.291: [ParNew: 580948K->34281K(613440K), 0.0245749 secs] 604378K->57712K(2029056K), 0.0246473 secs] [Times: user=0.25 sys=0.00, real=0.03 secs] 
2020-09-29T18:08:32.096+0200: 78.370: [GC (Allocation Failure) 2020-09-29T18:08:32.096+0200: 78.370: [ParNew: 579625K->32263K(613440K), 0.0223179 secs] 603056K->55693K(2029056K), 0.0223865 secs] [Times: user=0.25 sys=0.00, real=0.02 secs] 
2020-09-29T18:08:32.170+0200: 78.444: [GC (Allocation Failure) 2020-09-29T18:08:32.170+0200: 78.444: [ParNew: 577607K->48433K(613440K), 0.0233803 secs] 601037K->71864K(2029056K), 0.0234465 secs] [Times: user=0.25 sys=0.00, real=0.02 secs] 
2020-09-29T18:08:32.245+0200: 78.519: [GC (Allocation Failure) 2020-09-29T18:08:32.245+0200: 78.519: [ParNew: 593777K->36670K(613440K), 0.0214933 secs] 617208K->60101K(2029056K), 0.0215790 secs] [Times: user=0.13 sys=0.00, real=0.02 secs] 
2020-09-29T18:08:32.321+0200: 78.595: [GC (Allocation Failure) 2020-09-29T18:08:32.321+0200: 78.595: [ParNew: 582014K->47388K(613440K), 0.0269561 secs] 605445K->70819K(2029056K), 0.0270541 secs] [Times: user=0.13 sys=0.00, real=0.03 secs] 
2020-09-29T18:08:32.399+0200: 78.673: [GC (Allocation Failure) 2020-09-29T18:08:32.399+0200: 78.673: [ParNew: 592732K->41596K(613440K), 0.0267843 secs] 616163K->65027K(2029056K), 0.0268679 secs] [Times: user=0.13 sys=0.00, real=0.03 secs] 
2020-09-29T18:08:32.481+0200: 78.755: [GC (Allocation Failure) 2020-09-29T18:08:32.481+0200: 78.755: [ParNew: 586940K->47523K(613440K), 0.0273889 secs] 610371K->70954K(2029056K), 0.0275646 secs] [Times: user=0.24 sys=0.00, real=0.03 secs] 
2020-09-29T18:08:32.558+0200: 78.833: [GC (Allocation Failure) 2020-09-29T18:08:32.559+0200: 78.833: [ParNew: 592867K->42242K(613440K), 0.0257674 secs] 616298K->65673K(2029056K), 0.0258716 secs] [Times: user=0.25 sys=0.00, real=0.03 secs] 
2020-09-29T18:08:32.635+0200: 78.909: [GC (Allocation Failure) 2020-09-29T18:08:32.635+0200: 78.909: [ParNew: 587586K->35739K(613440K), 0.0251581 secs] 611017K->59170K(2029056K), 0.0252401 secs] [Times: user=0.09 sys=0.02, real=0.03 secs] 
2020-09-29T18:08:32.713+0200: 78.987: [GC (Allocation Failure) 2020-09-29T18:08:32.713+0200: 78.987: [ParNew: 581083K->38364K(613440K), 0.0206830 secs] 604514K->61795K(2029056K), 0.0207598 secs] [Times: user=0.13 sys=0.00, real=0.02 secs] 
2020-09-29T18:08:32.787+0200: 79.061: [GC (Allocation Failure) 2020-09-29T18:08:32.787+0200: 79.061: [ParNew: 583708K->34923K(613440K), 0.0192134 secs] 607139K->58354K(2029056K), 0.0192894 secs] [Times: user=0.13 sys=0.00, real=0.02 secs] 
2020-09-29T18:08:32.863+0200: 79.137: [GC (Allocation Failure) 2020-09-29T18:08:32.863+0200: 79.137: [ParNew: 580267K->51737K(613440K), 0.0268255 secs] 603698K->75168K(2029056K), 0.0269017 secs] [Times: user=0.25 sys=0.00, real=0.03 secs] 
2020-09-29T18:08:32.937+0200: 79.211: [GC (Allocation Failure) 2020-09-29T18:08:32.937+0200: 79.211: [ParNew: 597081K->56198K(613440K), 0.0260320 secs] 620512K->79629K(2029056K), 0.0328495 secs] [Times: user=0.25 sys=0.00, real=0.03 secs] 
2020-09-29T18:08:33.020+0200: 79.294: [GC (Allocation Failure) 2020-09-29T18:08:33.020+0200: 79.294: [ParNew: 601542K->44904K(613440K), 0.0248651 secs] 624973K->68335K(2029056K), 0.0249332 secs] [Times: user=0.13 sys=0.00, real=0.03 secs] 
2020-09-29T18:08:33.097+0200: 79.371: [GC (Allocation Failure) 2020-09-29T18:08:33.097+0200: 79.371: [ParNew: 590248K->34518K(613440K), 0.0245142 secs] 613679K->57948K(2029056K), 0.0245822 secs] [Times: user=0.20 sys=0.01, real=0.02 secs] 
2020-09-29T18:08:33.174+0200: 79.448: [GC (Allocation Failure) 2020-09-29T18:08:33.174+0200: 79.448: [ParNew: 579862K->62449K(613440K), 0.0366026 secs] 603292K->85880K(2029056K), 0.0366857 secs] [Times: user=0.38 sys=0.00, real=0.04 secs] 
2020-09-29T18:08:33.265+0200: 79.539: [GC (Allocation Failure) 2020-09-29T18:08:33.265+0200: 79.539: [ParNew: 607793K->54971K(613440K), 0.0298731 secs] 631224K->78402K(2029056K), 0.0299443 secs] [Times: user=0.25 sys=0.00, real=0.03 secs] 
2020-09-29T18:08:33.344+0200: 79.619: [GC (Allocation Failure) 2020-09-29T18:08:33.344+0200: 79.619: [ParNew: 600315K->45163K(613440K), 0.0182354 secs] 623746K->68594K(2029056K), 0.0183190 secs] [Times: user=0.13 sys=0.00, real=0.02 secs] 
2020-09-29T18:08:33.434+0200: 79.708: [GC (Allocation Failure) 2020-09-29T18:08:33.434+0200: 79.708: [ParNew: 590507K->30096K(613440K), 0.0185804 secs] 613938K->53526K(2029056K), 0.0186495 secs] [Times: user=0.13 sys=0.00, real=0.02 secs] 
2020-09-29T18:08:33.503+0200: 79.777: [GC (Allocation Failure) 2020-09-29T18:08:33.503+0200: 79.777: [ParNew: 575440K->23688K(613440K), 0.0176727 secs] 598870K->47119K(2029056K), 0.0177433 secs] [Times: user=0.25 sys=0.00, real=0.02 secs] 
2020-09-29T18:08:33.578+0200: 79.852: [GC (Allocation Failure) 2020-09-29T18:08:33.578+0200: 79.852: [ParNew: 569032K->43539K(613440K), 0.0215117 secs] 592463K->66970K(2029056K), 0.0215979 secs] [Times: user=0.24 sys=0.00, real=0.02 secs] 
2020-09-29T18:08:33.658+0200: 79.932: [GC (Allocation Failure) 2020-09-29T18:08:33.658+0200: 79.932: [ParNew: 588883K->48127K(613440K), 0.0249785 secs] 612314K->71558K(2029056K), 0.0250690 secs] [Times: user=0.24 sys=0.00, real=0.03 secs] 
2020-09-29T18:08:33.738+0200: 80.013: [GC (Allocation Failure) 2020-09-29T18:08:33.738+0200: 80.013: [ParNew: 593471K->55246K(613440K), 0.0280174 secs] 616902K->78677K(2029056K), 0.0280950 secs] [Times: user=0.19 sys=0.02, real=0.03 secs] 
2020-09-29T18:08:33.819+0200: 80.094: [GC (Allocation Failure) 2020-09-29T18:08:33.820+0200: 80.094: [ParNew: 600590K->64195K(613440K), 0.0276901 secs] 624021K->87625K(2029056K), 0.0277900 secs] [Times: user=0.13 sys=0.00, real=0.03 secs] 
2020-09-29T18:08:33.899+0200: 80.174: [GC (Allocation Failure) 2020-09-29T18:08:33.900+0200: 80.174: [ParNew: 609539K->47055K(613440K), 0.0274700 secs] 632969K->70486K(2029056K), 0.0275592 secs] [Times: user=0.25 sys=0.00, real=0.03 secs] 
2020-09-29T18:08:33.974+0200: 80.248: [GC (Allocation Failure) 2020-09-29T18:08:33.974+0200: 80.249: [ParNew: 592399K->38053K(613440K), 0.0169916 secs] 615830K->61484K(2029056K), 0.0170628 secs] [Times: user=0.13 sys=0.00, real=0.02 secs] 
2020-09-29T18:08:34.048+0200: 80.322: [GC (Allocation Failure) 2020-09-29T18:08:34.048+0200: 80.322: [ParNew: 583397K->34120K(613440K), 0.0246063 secs] 606828K->57551K(2029056K), 0.0246850 secs] [Times: user=0.25 sys=0.00, real=0.02 secs] 
2020-09-29T18:08:34.129+0200: 80.403: [GC (Allocation Failure) 2020-09-29T18:08:34.129+0200: 80.403: [ParNew: 579464K->53908K(613440K), 0.0298565 secs] 602895K->77339K(2029056K), 0.0299209 secs] [Times: user=0.25 sys=0.00, real=0.03 secs] 
2020-09-29T18:08:34.208+0200: 80.482: [GC (Allocation Failure) 2020-09-29T18:08:34.208+0200: 80.482: [ParNew: 599252K->67599K(613440K), 0.0321691 secs] 622683K->91030K(2029056K), 0.0322418 secs] [Times: user=0.23 sys=0.00, real=0.03 secs] 
2020-09-29T18:08:34.292+0200: 80.566: [GC (Allocation Failure) 2020-09-29T18:08:34.292+0200: 80.566: [ParNew: 612943K->32635K(613440K), 0.0185746 secs] 636374K->56065K(2029056K), 0.0186427 secs] [Times: user=0.13 sys=0.00, real=0.02 secs] 
2020-09-29T18:08:34.370+0200: 80.644: [GC (Allocation Failure) 2020-09-29T18:08:34.370+0200: 80.644: [ParNew: 577979K->51554K(613440K), 0.0277327 secs] 601409K->74984K(2029056K), 0.0278185 secs] [Times: user=0.25 sys=0.00, real=0.03 secs] 
2020-09-29T18:08:34.447+0200: 80.721: [GC (Allocation Failure) 2020-09-29T18:08:34.447+0200: 80.721: [ParNew: 596898K->40201K(613440K), 0.0261895 secs] 620328K->63631K(2029056K), 0.0262751 secs] [Times: user=0.25 sys=0.00, real=0.03 secs] 
2020-09-29T18:08:34.526+0200: 80.800: [GC (Allocation Failure) 2020-09-29T18:08:34.526+0200: 80.800: [ParNew: 585545K->41963K(613440K), 0.0263398 secs] 608975K->65394K(2029056K), 0.0264077 secs] [Times: user=0.25 sys=0.00, real=0.03 secs] 
2020-09-29T18:08:34.611+0200: 80.885: [GC (Allocation Failure) 2020-09-29T18:08:34.611+0200: 80.885: [ParNew: 587307K->35733K(613440K), 0.0179943 secs] 610738K->59163K(2029056K), 0.0180631 secs] [Times: user=0.11 sys=0.00, real=0.02 secs] 
2020-09-29T18:08:34.688+0200: 80.962: [GC (Allocation Failure) 2020-09-29T18:08:34.688+0200: 80.962: [ParNew: 581077K->53133K(613440K), 0.0310304 secs] 604507K->76564K(2029056K), 0.0311106 secs] [Times: user=0.25 sys=0.00, real=0.03 secs] 
2020-09-29T18:08:34.771+0200: 81.045: [GC (Allocation Failure) 2020-09-29T18:08:34.771+0200: 81.045: [ParNew: 598477K->38765K(613440K), 0.0238305 secs] 621908K->62196K(2029056K), 0.0239075 secs] [Times: user=0.13 sys=0.00, real=0.02 secs] 
2020-09-29T18:08:34.849+0200: 81.123: [GC (Allocation Failure) 2020-09-29T18:08:34.849+0200: 81.123: [ParNew: 584109K->39949K(613440K), 0.0189386 secs] 607540K->63380K(2029056K), 0.0190161 secs] [Times: user=0.13 sys=0.00, real=0.02 secs] 
2020-09-29T18:08:34.924+0200: 81.198: [GC (Allocation Failure) 2020-09-29T18:08:34.924+0200: 81.198: [ParNew: 585293K->32720K(613440K), 0.0196856 secs] 608724K->56150K(2029056K), 0.0197541 secs] [Times: user=0.25 sys=0.00, real=0.02 secs] 
2020-09-29T18:08:34.994+0200: 81.268: [GC (Allocation Failure) 2020-09-29T18:08:34.994+0200: 81.268: [ParNew: 578064K->50694K(613440K), 0.0260126 secs] 601494K->74125K(2029056K), 0.0260828 secs] [Times: user=0.23 sys=0.00, real=0.03 secs] 
2020-09-29T18:08:35.072+0200: 81.347: [GC (Allocation Failure) 2020-09-29T18:08:35.073+0200: 81.347: [ParNew: 596038K->40248K(613440K), 0.0245612 secs] 619469K->63678K(2029056K), 0.0246430 secs] [Times: user=0.13 sys=0.00, real=0.02 secs] 
2020-09-29T18:08:35.154+0200: 81.428: [GC (Allocation Failure) 2020-09-29T18:08:35.154+0200: 81.428: [ParNew: 585592K->61312K(613440K), 0.0294434 secs] 609022K->84742K(2029056K), 0.0295183 secs] [Times: user=0.25 sys=0.00, real=0.03 secs] 
2020-09-29T18:08:35.240+0200: 81.514: [GC (Allocation Failure) 2020-09-29T18:08:35.240+0200: 81.514: [ParNew: 606656K->45605K(613440K), 0.0232536 secs] 630086K->69036K(2029056K), 0.0233241 secs] [Times: user=0.13 sys=0.00, real=0.02 secs] 
2020-09-29T18:08:35.321+0200: 81.595: [GC (Allocation Failure) 2020-09-29T18:08:35.321+0200: 81.595: [ParNew: 590949K->38296K(613440K), 0.0202725 secs] 614380K->61727K(2029056K), 0.0203421 secs] [Times: user=0.13 sys=0.00, real=0.02 secs] 
2020-09-29T18:08:35.407+0200: 81.681: [GC (Allocation Failure) 2020-09-29T18:08:35.407+0200: 81.681: [ParNew: 583640K->54600K(613440K), 0.0272834 secs] 607071K->78031K(2029056K), 0.0273530 secs] [Times: user=0.25 sys=0.00, real=0.03 secs] 
2020-09-29T18:08:35.489+0200: 81.763: [GC (Allocation Failure) 2020-09-29T18:08:35.489+0200: 81.763: [ParNew: 599944K->67530K(613440K), 0.0345012 secs] 623375K->90961K(2029056K), 0.0345713 secs] [Times: user=0.25 sys=0.00, real=0.03 secs] 
2020-09-29T18:08:35.573+0200: 81.847: [GC (Allocation Failure) 2020-09-29T18:08:35.573+0200: 81.847: [ParNew: 612874K->43505K(613440K), 0.0190317 secs] 636305K->66935K(2029056K), 0.0191135 secs] [Times: user=0.13 sys=0.00, real=0.02 secs] 
2020-09-29T18:08:35.650+0200: 81.924: [GC (Allocation Failure) 2020-09-29T18:08:35.650+0200: 81.924: [ParNew: 588849K->42111K(613440K), 0.0258287 secs] 612279K->65541K(2029056K), 0.0258981 secs] [Times: user=0.11 sys=0.00, real=0.03 secs] 
2020-09-29T18:08:35.729+0200: 82.003: [GC (Allocation Failure) 2020-09-29T18:08:35.729+0200: 82.003: [ParNew: 587455K->58286K(613440K), 0.0304604 secs] 610885K->81716K(2029056K), 0.0305365 secs] [Times: user=0.25 sys=0.00, real=0.03 secs] 
2020-09-29T18:08:35.807+0200: 82.081: [GC (Allocation Failure) 2020-09-29T18:08:35.807+0200: 82.082: [ParNew: 603630K->46746K(613440K), 0.0222207 secs] 627060K->70176K(2029056K), 0.0222903 secs] [Times: user=0.13 sys=0.00, real=0.02 secs] 
2020-09-29T18:08:35.885+0200: 82.159: [GC (Allocation Failure) 2020-09-29T18:08:35.885+0200: 82.159: [ParNew: 592090K->42079K(613440K), 0.0221862 secs] 615520K->65510K(2029056K), 0.0222758 secs] [Times: user=0.13 sys=0.00, real=0.02 secs] 
2020-09-29T18:08:35.957+0200: 82.231: [GC (Allocation Failure) 2020-09-29T18:08:35.957+0200: 82.231: [ParNew: 587423K->52639K(613440K), 0.0282571 secs] 610854K->76070K(2029056K), 0.0283252 secs] [Times: user=0.25 sys=0.00, real=0.03 secs] 
2020-09-29T18:08:36.044+0200: 82.318: [GC (Allocation Failure) 2020-09-29T18:08:36.044+0200: 82.318: [ParNew: 597983K->41720K(613440K), 0.0297576 secs] 621414K->65150K(2029056K), 0.0298477 secs] [Times: user=0.25 sys=0.00, real=0.03 secs] 
2020-09-29T18:08:36.124+0200: 82.399: [GC (Allocation Failure) 2020-09-29T18:08:36.124+0200: 82.399: [ParNew: 587064K->37365K(613440K), 0.0293918 secs] 610494K->60796K(2029056K), 0.0294759 secs] [Times: user=0.25 sys=0.00, real=0.03 secs] 
2020-09-29T18:08:36.210+0200: 82.485: [GC (Allocation Failure) 2020-09-29T18:08:36.210+0200: 82.485: [ParNew: 582709K->43995K(613440K), 0.0285192 secs] 606140K->67425K(2029056K), 0.0285986 secs] [Times: user=0.20 sys=0.01, real=0.03 secs] 
2020-09-29T18:08:36.296+0200: 82.571: [GC (Allocation Failure) 2020-09-29T18:08:36.297+0200: 82.571: [ParNew: 589339K->62911K(613440K), 0.0341403 secs] 612769K->86341K(2029056K), 0.0342326 secs] [Times: user=0.25 sys=0.00, real=0.04 secs] 
2020-09-29T18:08:36.386+0200: 82.661: [GC (Allocation Failure) 2020-09-29T18:08:36.386+0200: 82.661: [ParNew: 608255K->40998K(613440K), 0.0135257 secs] 631685K->64429K(2029056K), 0.0136014 secs] [Times: user=0.13 sys=0.00, real=0.01 secs] 
2020-09-29T18:08:36.466+0200: 82.740: [GC (Allocation Failure) 2020-09-29T18:08:36.466+0200: 82.740: [ParNew: 586342K->60235K(613440K), 0.0388374 secs] 609773K->83666K(2029056K), 0.0389232 secs] [Times: user=0.38 sys=0.00, real=0.04 secs] 
2020-09-29T18:08:36.554+0200: 82.829: [GC (Allocation Failure) 2020-09-29T18:08:36.554+0200: 82.829: [ParNew: 605579K->47402K(613440K), 0.0298062 secs] 629010K->70832K(2029056K), 0.0299066 secs] [Times: user=0.25 sys=0.00, real=0.03 secs] 
2020-09-29T18:08:36.649+0200: 82.923: [GC (Allocation Failure) 2020-09-29T18:08:36.649+0200: 82.923: [ParNew: 592746K->44419K(613440K), 0.0285800 secs] 616176K->67850K(2029056K), 0.0286617 secs] [Times: user=0.25 sys=0.00, real=0.03 secs] 
2020-09-29T18:08:36.730+0200: 83.004: [GC (Allocation Failure) 2020-09-29T18:08:36.730+0200: 83.004: [ParNew: 589763K->37809K(613440K), 0.0266683 secs] 613194K->61239K(2029056K), 0.0267444 secs] [Times: user=0.25 sys=0.00, real=0.03 secs] 
2020-09-29T18:08:36.813+0200: 83.087: [GC (Allocation Failure) 2020-09-29T18:08:36.813+0200: 83.087: [ParNew: 583153K->61905K(613440K), 0.0411219 secs] 606583K->85336K(2029056K), 0.0412019 secs] [Times: user=0.38 sys=0.00, real=0.04 secs] 
2020-09-29T18:08:36.902+0200: 83.177: [GC (Allocation Failure) 2020-09-29T18:08:36.902+0200: 83.177: [ParNew: 607249K->68096K(613440K), 0.0411758 secs] 630680K->91821K(2029056K), 0.0412556 secs] [Times: user=0.38 sys=0.00, real=0.04 secs] 
2020-09-29T18:08:36.994+0200: 83.268: [GC (Allocation Failure) 2020-09-29T18:08:36.994+0200: 83.268: [ParNew: 613440K->59661K(613440K), 0.0334551 secs] 637165K->83386K(2029056K), 0.0335304 secs] [Times: user=0.22 sys=0.00, real=0.03 secs] 
2020-09-29T18:08:37.082+0200: 83.356: [GC (Allocation Failure) 2020-09-29T18:08:37.082+0200: 83.356: [ParNew: 605005K->43367K(613440K), 0.0222181 secs] 628730K->67092K(2029056K), 0.0222998 secs] [Times: user=0.25 sys=0.00, real=0.02 secs] 
2020-09-29T18:08:37.167+0200: 83.442: [GC (Allocation Failure) 2020-09-29T18:08:37.167+0200: 83.442: [ParNew: 588711K->57940K(613440K), 0.0359217 secs] 612436K->81666K(2029056K), 0.0360148 secs] [Times: user=0.25 sys=0.00, real=0.04 secs] 
2020-09-29T18:08:37.260+0200: 83.534: [GC (Allocation Failure) 2020-09-29T18:08:37.260+0200: 83.534: [ParNew: 603284K->68096K(613440K), 0.0365706 secs] 627010K->92205K(2029056K), 0.0366455 secs] [Times: user=0.25 sys=0.00, real=0.04 secs] 
2020-09-29T18:08:37.348+0200: 83.623: [GC (Allocation Failure) 2020-09-29T18:08:37.348+0200: 83.623: [ParNew: 613440K->49266K(613440K), 0.0275471 secs] 637549K->73375K(2029056K), 0.0276315 secs] [Times: user=0.13 sys=0.00, real=0.03 secs] 
2020-09-29T18:08:37.437+0200: 83.712: [GC (Allocation Failure) 2020-09-29T18:08:37.437+0200: 83.712: [ParNew: 594610K->31298K(613440K), 0.0181137 secs] 618719K->55407K(2029056K), 0.0181901 secs] [Times: user=0.13 sys=0.00, real=0.02 secs] 
2020-09-29T18:08:37.524+0200: 83.798: [GC (Allocation Failure) 2020-09-29T18:08:37.524+0200: 83.798: [ParNew: 576642K->32073K(613440K), 0.0236065 secs] 600751K->56182K(2029056K), 0.0236853 secs] [Times: user=0.13 sys=0.00, real=0.02 secs] 
2020-09-29T18:08:37.618+0200: 83.892: [GC (Allocation Failure) 2020-09-29T18:08:37.618+0200: 83.892: [ParNew: 577417K->40104K(613440K), 0.0328022 secs] 601526K->64213K(2029056K), 0.0328885 secs] [Times: user=0.22 sys=0.00, real=0.03 secs] 
2020-09-29T18:08:37.704+0200: 83.978: [GC (Allocation Failure) 2020-09-29T18:08:37.704+0200: 83.978: [ParNew: 585448K->40181K(613440K), 0.0274287 secs] 609557K->64290K(2029056K), 0.0275059 secs] [Times: user=0.25 sys=0.00, real=0.03 secs] 
2020-09-29T18:08:37.787+0200: 84.061: [GC (Allocation Failure) 2020-09-29T18:08:37.787+0200: 84.061: [ParNew: 585525K->38654K(613440K), 0.0284403 secs] 609634K->62763K(2029056K), 0.0285258 secs] [Times: user=0.13 sys=0.00, real=0.03 secs] 
2020-09-29T18:08:37.879+0200: 84.153: [GC (Allocation Failure) 2020-09-29T18:08:37.879+0200: 84.153: [ParNew: 583998K->56153K(613440K), 0.0337645 secs] 608107K->80262K(2029056K), 0.0338367 secs] [Times: user=0.38 sys=0.00, real=0.03 secs] 
2020-09-29T18:08:37.960+0200: 84.234: [GC (Allocation Failure) 2020-09-29T18:08:37.960+0200: 84.234: [ParNew: 601497K->47300K(613440K), 0.0326438 secs] 625606K->71409K(2029056K), 0.0327428 secs] [Times: user=0.25 sys=0.00, real=0.03 secs] 
2020-09-29T18:08:38.053+0200: 84.327: [GC (Allocation Failure) 2020-09-29T18:08:38.053+0200: 84.327: [ParNew: 592644K->40829K(613440K), 0.0222501 secs] 616753K->64939K(2029056K), 0.0223285 secs] [Times: user=0.13 sys=0.00, real=0.02 secs] 
2020-09-29T18:08:38.136+0200: 84.411: [GC (Allocation Failure) 2020-09-29T18:08:38.137+0200: 84.411: [ParNew: 586173K->39294K(613440K), 0.0307992 secs] 610283K->63403K(2029056K), 0.0309051 secs] [Times: user=0.25 sys=0.00, real=0.03 secs] 
2020-09-29T18:08:38.233+0200: 84.507: [GC (Allocation Failure) 2020-09-29T18:08:38.233+0200: 84.507: [ParNew: 584638K->62554K(613440K), 0.0381094 secs] 608747K->86664K(2029056K), 0.0381950 secs] [Times: user=0.38 sys=0.00, real=0.04 secs] 
2020-09-29T18:08:38.319+0200: 84.594: [GC (Allocation Failure) 2020-09-29T18:08:38.319+0200: 84.594: [ParNew: 607898K->44376K(613440K), 0.0295483 secs] 632008K->68485K(2029056K), 0.0296280 secs] [Times: user=0.25 sys=0.00, real=0.03 secs] 
2020-09-29T18:08:38.400+0200: 84.675: [GC (Allocation Failure) 2020-09-29T18:08:38.400+0200: 84.675: [ParNew: 589720K->39359K(613440K), 0.0264266 secs] 613829K->63468K(2029056K), 0.0335796 secs] [Times: user=0.25 sys=0.00, real=0.03 secs] 
2020-09-29T18:08:38.502+0200: 84.776: [GC (Allocation Failure) 2020-09-29T18:08:38.502+0200: 84.776: [ParNew: 584703K->58952K(613440K), 0.0337969 secs] 608812K->83061K(2029056K), 0.0338906 secs] [Times: user=0.38 sys=0.00, real=0.03 secs] 
2020-09-29T18:08:38.593+0200: 84.868: [GC (Allocation Failure) 2020-09-29T18:08:38.593+0200: 84.868: [ParNew: 604296K->64082K(613440K), 0.0335909 secs] 628405K->88191K(2029056K), 0.0336683 secs] [Times: user=0.24 sys=0.00, real=0.03 secs] 
2020-09-29T18:08:38.680+0200: 84.955: [GC (Allocation Failure) 2020-09-29T18:08:38.680+0200: 84.955: [ParNew: 609426K->50075K(613440K), 0.0294764 secs] 633535K->74184K(2029056K), 0.0295788 secs] [Times: user=0.25 sys=0.00, real=0.03 secs] 
2020-09-29T18:08:38.766+0200: 85.041: [GC (Allocation Failure) 2020-09-29T18:08:38.767+0200: 85.041: [ParNew: 595419K->62701K(613440K), 0.0374615 secs] 619528K->86811K(2029056K), 0.0375564 secs] [Times: user=0.38 sys=0.00, real=0.04 secs] 
2020-09-29T18:08:38.856+0200: 85.131: [GC (Allocation Failure) 2020-09-29T18:08:38.856+0200: 85.131: [ParNew: 608045K->45573K(613440K), 0.0270032 secs] 632155K->69683K(2029056K), 0.0270830 secs] [Times: user=0.25 sys=0.00, real=0.03 secs] 
2020-09-29T18:08:38.936+0200: 85.210: [GC (Allocation Failure) 2020-09-29T18:08:38.936+0200: 85.210: [ParNew: 590917K->68096K(613440K), 0.0354866 secs] 615027K->92205K(2029056K), 0.0355753 secs] [Times: user=0.24 sys=0.00, real=0.03 secs] 
2020-09-29T18:08:39.020+0200: 85.295: [GC (Allocation Failure) 2020-09-29T18:08:39.021+0200: 85.295: [ParNew: 613440K->41445K(613440K), 0.0140084 secs] 637549K->65554K(2029056K), 0.0140941 secs] [Times: user=0.00 sys=0.00, real=0.02 secs] 
2020-09-29T18:08:39.102+0200: 85.377: [GC (Allocation Failure) 2020-09-29T18:08:39.102+0200: 85.377: [ParNew: 586789K->40020K(613440K), 0.0309120 secs] 610898K->64129K(2029056K), 0.0309953 secs] [Times: user=0.25 sys=0.00, real=0.03 secs] 
2020-09-29T18:08:39.184+0200: 85.458: [GC (Allocation Failure) 2020-09-29T18:08:39.184+0200: 85.458: [ParNew: 585364K->59373K(613440K), 0.0368036 secs] 609473K->83482K(2029056K), 0.0368838 secs] [Times: user=0.25 sys=0.00, real=0.04 secs] 
2020-09-29T18:08:39.278+0200: 85.553: [GC (Allocation Failure) 2020-09-29T18:08:39.278+0200: 85.553: [ParNew: 604717K->54826K(613440K), 0.0360136 secs] 628826K->78935K(2029056K), 0.0360905 secs] [Times: user=0.25 sys=0.00, real=0.04 secs] 
2020-09-29T18:08:39.366+0200: 85.641: [GC (Allocation Failure) 2020-09-29T18:08:39.367+0200: 85.641: [ParNew: 600170K->49114K(613440K), 0.0268898 secs] 624279K->73224K(2029056K), 0.0269912 secs] [Times: user=0.13 sys=0.00, real=0.03 secs] 
2020-09-29T18:08:39.445+0200: 85.719: [GC (Allocation Failure) 2020-09-29T18:08:39.445+0200: 85.719: [ParNew: 594458K->48029K(613440K), 0.0338921 secs] 618568K->72138K(2029056K), 0.0339712 secs] [Times: user=0.25 sys=0.00, real=0.03 secs] 
2020-09-29T18:08:39.534+0200: 85.808: [GC (Allocation Failure) 2020-09-29T18:08:39.534+0200: 85.808: [ParNew: 593373K->63972K(613440K), 0.0317569 secs] 617482K->88081K(2029056K), 0.0318442 secs] [Times: user=0.25 sys=0.00, real=0.03 secs] 
2020-09-29T18:08:39.621+0200: 85.896: [GC (Allocation Failure) 2020-09-29T18:08:39.621+0200: 85.896: [ParNew: 609316K->46424K(613440K), 0.0322514 secs] 633425K->70533K(2029056K), 0.0323494 secs] [Times: user=0.25 sys=0.00, real=0.03 secs] 
2020-09-29T18:08:39.712+0200: 85.986: [GC (Allocation Failure) 2020-09-29T18:08:39.712+0200: 85.986: [ParNew: 591768K->68096K(613440K), 0.0388494 secs] 615877K->92205K(2029056K), 0.0389433 secs] [Times: user=0.25 sys=0.00, real=0.04 secs] 
2020-09-29T18:08:39.801+0200: 86.076: [GC (Allocation Failure) 2020-09-29T18:08:39.801+0200: 86.076: [ParNew: 613440K->50450K(613440K), 0.0286608 secs] 637549K->74559K(2029056K), 0.0287363 secs] [Times: user=0.13 sys=0.00, real=0.03 secs] 
2020-09-29T18:08:39.885+0200: 86.160: [GC (Allocation Failure) 2020-09-29T18:08:39.885+0200: 86.160: [ParNew: 595794K->42156K(613440K), 0.0292571 secs] 619903K->66265K(2029056K), 0.0293387 secs] [Times: user=0.25 sys=0.00, real=0.03 secs] 
2020-09-29T18:08:39.970+0200: 86.245: [GC (Allocation Failure) 2020-09-29T18:08:39.970+0200: 86.245: [ParNew: 587500K->42961K(613440K), 0.0276414 secs] 611609K->67070K(2029056K), 0.0277166 secs] [Times: user=0.25 sys=0.00, real=0.03 secs] 
2020-09-29T18:08:40.059+0200: 86.334: [GC (Allocation Failure) 2020-09-29T18:08:40.059+0200: 86.334: [ParNew: 588305K->63239K(613440K), 0.0347377 secs] 612414K->87348K(2029056K), 0.0348279 secs] [Times: user=0.25 sys=0.00, real=0.04 secs] 
2020-09-29T18:08:40.146+0200: 86.420: [GC (Allocation Failure) 2020-09-29T18:08:40.146+0200: 86.420: [ParNew: 608583K->44623K(613440K), 0.0339828 secs] 632692K->68732K(2029056K), 0.0340694 secs] [Times: user=0.25 sys=0.00, real=0.03 secs] 
2020-09-29T18:08:40.242+0200: 86.517: [GC (Allocation Failure) 2020-09-29T18:08:40.242+0200: 86.517: [ParNew: 589967K->41837K(613440K), 0.0243195 secs] 614076K->65946K(2029056K), 0.0243947 secs] [Times: user=0.13 sys=0.00, real=0.02 secs] 
2020-09-29T18:08:40.324+0200: 86.599: [GC (Allocation Failure) 2020-09-29T18:08:40.324+0200: 86.599: [ParNew: 587181K->42052K(613440K), 0.0323812 secs] 611290K->66161K(2029056K), 0.0324588 secs] [Times: user=0.25 sys=0.00, real=0.03 secs] 
2020-09-29T18:08:40.413+0200: 86.688: [GC (Allocation Failure) 2020-09-29T18:08:40.413+0200: 86.688: [ParNew: 587396K->37589K(613440K), 0.0180389 secs] 611505K->61698K(2029056K), 0.0181165 secs] [Times: user=0.13 sys=0.00, real=0.02 secs] 
2020-09-29T18:08:40.491+0200: 86.766: [GC (Allocation Failure) 2020-09-29T18:08:40.491+0200: 86.766: [ParNew: 582933K->33861K(613440K), 0.0262409 secs] 607042K->57970K(2029056K), 0.0263168 secs] [Times: user=0.13 sys=0.00, real=0.03 secs] 
2020-09-29T18:08:40.577+0200: 86.852: [GC (Allocation Failure) 2020-09-29T18:08:40.577+0200: 86.852: [ParNew: 579205K->43282K(613440K), 0.0276108 secs] 603314K->67391K(2029056K), 0.0277027 secs] [Times: user=0.22 sys=0.00, real=0.03 secs] 
2020-09-29T18:08:40.662+0200: 86.937: [GC (Allocation Failure) 2020-09-29T18:08:40.662+0200: 86.937: [ParNew: 588626K->50866K(613440K), 0.0323015 secs] 612735K->74975K(2029056K), 0.0323961 secs] [Times: user=0.25 sys=0.00, real=0.03 secs] 
2020-09-29T18:08:40.748+0200: 87.022: [GC (Allocation Failure) 2020-09-29T18:08:40.748+0200: 87.022: [ParNew: 596210K->36069K(613440K), 0.0209115 secs] 620319K->60178K(2029056K), 0.0209856 secs] [Times: user=0.13 sys=0.00, real=0.02 secs] 
2020-09-29T18:08:40.817+0200: 87.092: [GC (Allocation Failure) 2020-09-29T18:08:40.817+0200: 87.092: [ParNew: 581413K->44663K(613440K), 0.0321688 secs] 605522K->68772K(2029056K), 0.0322418 secs] [Times: user=0.22 sys=0.00, real=0.03 secs] 
2020-09-29T18:08:40.910+0200: 87.185: [GC (Allocation Failure) 2020-09-29T18:08:40.910+0200: 87.185: [ParNew: 590007K->59785K(613440K), 0.0278758 secs] 614116K->83895K(2029056K), 0.0279527 secs] [Times: user=0.13 sys=0.00, real=0.03 secs] 
2020-09-29T18:08:40.997+0200: 87.271: [GC (Allocation Failure) 2020-09-29T18:08:40.997+0200: 87.271: [ParNew: 605129K->41627K(613440K), 0.0211102 secs] 629239K->65736K(2029056K), 0.0211777 secs] [Times: user=0.13 sys=0.00, real=0.02 secs] 
2020-09-29T18:08:41.067+0200: 87.342: [GC (Allocation Failure) 2020-09-29T18:08:41.067+0200: 87.342: [ParNew: 586971K->43216K(613440K), 0.0174219 secs] 611080K->67325K(2029056K), 0.0174770 secs] [Times: user=0.13 sys=0.00, real=0.02 secs] 
2020-09-29T18:08:41.140+0200: 87.414: [GC (Allocation Failure) 2020-09-29T18:08:41.140+0200: 87.414: [ParNew: 587458K->29569K(613440K), 0.0111328 secs] 611567K->53678K(2029056K), 0.0112040 secs] [Times: user=0.13 sys=0.00, real=0.01 secs] 
2020-09-29T18:08:41.199+0200: 87.472: [GC (Allocation Failure) 2020-09-29T18:08:41.199+0200: 87.472: [ParNew: 574913K->31311K(613440K), 0.0184488 secs] 599022K->55420K(2029056K), 0.0185278 secs] [Times: user=0.11 sys=0.00, real=0.02 secs] 
2020-09-29T18:08:41.271+0200: 87.546: [GC (Allocation Failure) 2020-09-29T18:08:41.271+0200: 87.546: [ParNew: 576655K->36593K(613440K), 0.0142452 secs] 600764K->60702K(2029056K), 0.0143001 secs] [Times: user=0.13 sys=0.00, real=0.01 secs] 
2020-09-29T18:08:41.331+0200: 87.606: [GC (Allocation Failure) 2020-09-29T18:08:41.331+0200: 87.606: [ParNew: 581937K->24504K(613440K), 0.0150064 secs] 606046K->48613K(2029056K), 0.0150613 secs] [Times: user=0.03 sys=0.00, real=0.01 secs] 
2020-09-29T18:08:41.392+0200: 87.667: [GC (Allocation Failure) 2020-09-29T18:08:41.392+0200: 87.667: [ParNew: 569848K->24273K(613440K), 0.0133714 secs] 593957K->48382K(2029056K), 0.0134256 secs] [Times: user=0.13 sys=0.00, real=0.01 secs] 
2020-09-29T18:08:41.453+0200: 87.727: [GC (Allocation Failure) 2020-09-29T18:08:41.453+0200: 87.727: [ParNew: 569617K->21098K(613440K), 0.0113008 secs] 593726K->45207K(2029056K), 0.0113698 secs] [Times: user=0.13 sys=0.00, real=0.01 secs] 
2020-09-29T18:08:41.511+0200: 87.785: [GC (Allocation Failure) 2020-09-29T18:08:41.511+0200: 87.786: [ParNew: 566442K->32418K(613440K), 0.0171643 secs] 590551K->56527K(2029056K), 0.0172166 secs] [Times: user=0.13 sys=0.00, real=0.02 secs] 
2020-09-29T18:08:41.577+0200: 87.852: [GC (Allocation Failure) 2020-09-29T18:08:41.577+0200: 87.852: [ParNew: 577762K->43000K(613440K), 0.0174872 secs] 601871K->67109K(2029056K), 0.0175472 secs] [Times: user=0.13 sys=0.00, real=0.02 secs] 
2020-09-29T18:08:41.641+0200: 87.915: [GC (Allocation Failure) 2020-09-29T18:08:41.641+0200: 87.915: [ParNew: 588344K->31643K(613440K), 0.0163398 secs] 612453K->55752K(2029056K), 0.0164074 secs] [Times: user=0.13 sys=0.00, real=0.02 secs] 
2020-09-29T18:08:41.701+0200: 87.976: [GC (Allocation Failure) 2020-09-29T18:08:41.701+0200: 87.976: [ParNew: 575812K->24566K(613440K), 0.0100008 secs] 599922K->48675K(2029056K), 0.0100690 secs] [Times: user=0.13 sys=0.00, real=0.01 secs] 
2020-09-29T18:08:41.765+0200: 88.040: [GC (Allocation Failure) 2020-09-29T18:08:41.765+0200: 88.040: [ParNew: 569910K->36823K(613440K), 0.0202426 secs] 594019K->60933K(2029056K), 0.0203248 secs] [Times: user=0.25 sys=0.00, real=0.02 secs] 
2020-09-29T18:08:41.833+0200: 88.108: [GC (Allocation Failure) 2020-09-29T18:08:41.833+0200: 88.108: [ParNew: 582167K->21501K(613440K), 0.0064205 secs] 606277K->45610K(2029056K), 0.0064823 secs] [Times: user=0.00 sys=0.00, real=0.01 secs] 
2020-09-29T18:08:41.887+0200: 88.162: [GC (Allocation Failure) 2020-09-29T18:08:41.887+0200: 88.162: [ParNew: 566845K->20790K(613440K), 0.0111714 secs] 590954K->44899K(2029056K), 0.0112588 secs] [Times: user=0.13 sys=0.00, real=0.01 secs] 
2020-09-29T18:08:41.953+0200: 88.227: [GC (Allocation Failure) 2020-09-29T18:08:41.953+0200: 88.227: [ParNew: 566134K->16362K(613440K), 0.0114622 secs] 590243K->40471K(2029056K), 0.0115192 secs] [Times: user=0.13 sys=0.00, real=0.01 secs] 
2020-09-29T18:08:42.010+0200: 88.285: [GC (Allocation Failure) 2020-09-29T18:08:42.010+0200: 88.285: [ParNew: 561706K->13995K(613440K), 0.0097144 secs] 585815K->38104K(2029056K), 0.0097712 secs] [Times: user=0.05 sys=0.02, real=0.01 secs] 
2020-09-29T18:08:42.067+0200: 88.341: [GC (Allocation Failure) 2020-09-29T18:08:42.067+0200: 88.341: [ParNew: 557452K->10956K(613440K), 0.0074575 secs] 581561K->35065K(2029056K), 0.0075315 secs] [Times: user=0.00 sys=0.00, real=0.01 secs] 
2020-09-29T18:08:42.123+0200: 88.398: [GC (Allocation Failure) 2020-09-29T18:08:42.123+0200: 88.398: [ParNew: 556170K->2452K(613440K), 0.0047090 secs] 580279K->26562K(2029056K), 0.0047657 secs] [Times: user=0.00 sys=0.00, real=0.01 secs] 
2020-09-29T18:08:42.195+0200: 88.470: [GC (Allocation Failure) 2020-09-29T18:08:42.195+0200: 88.470: [ParNew: 547796K->13652K(613440K), 0.0109625 secs] 571906K->37761K(2029056K), 0.0110570 secs] [Times: user=0.00 sys=0.00, real=0.01 secs] 
2020-09-29T18:08:42.260+0200: 88.534: [GC (Allocation Failure) 2020-09-29T18:08:42.260+0200: 88.534: [ParNew: 558996K->15353K(613440K), 0.0120878 secs] 583105K->39462K(2029056K), 0.0121488 secs] [Times: user=0.11 sys=0.00, real=0.01 secs] 
2020-09-29T18:08:42.333+0200: 88.607: [GC (Allocation Failure) 2020-09-29T18:08:42.333+0200: 88.607: [ParNew: 560697K->29007K(613440K), 0.0166578 secs] 584806K->53116K(2029056K), 0.0167227 secs] [Times: user=0.13 sys=0.00, real=0.02 secs] 
2020-09-29T18:08:42.397+0200: 88.671: [GC (Allocation Failure) 2020-09-29T18:08:42.397+0200: 88.671: [ParNew: 574351K->21482K(613440K), 0.0131892 secs] 598460K->45591K(2029056K), 0.0132526 secs] [Times: user=0.00 sys=0.00, real=0.01 secs] 
2020-09-29T18:08:42.459+0200: 88.733: [GC (Allocation Failure) 2020-09-29T18:08:42.459+0200: 88.733: [ParNew: 566826K->16675K(613440K), 0.0061905 secs] 590935K->40784K(2029056K), 0.0062479 secs] [Times: user=0.00 sys=0.00, real=0.01 secs] 
2020-09-29T18:08:42.528+0200: 88.802: [GC (Allocation Failure) 2020-09-29T18:08:42.528+0200: 88.802: [ParNew: 562019K->491K(613440K), 0.0014789 secs] 586128K->24600K(2029056K), 0.0015305 secs] [Times: user=0.00 sys=0.00, real=0.00 secs] 
2020-09-29T18:08:42.598+0200: 88.872: [GC (Allocation Failure) 2020-09-29T18:08:42.598+0200: 88.872: [ParNew: 545835K->26370K(613440K), 0.0156884 secs] 569944K->50479K(2029056K), 0.0157447 secs] [Times: user=0.13 sys=0.00, real=0.02 secs] 
2020-09-29T18:08:42.660+0200: 88.934: [GC (Allocation Failure) 2020-09-29T18:08:42.660+0200: 88.934: [ParNew: 571714K->19096K(613440K), 0.0087690 secs] 595823K->43205K(2029056K), 0.0088697 secs] [Times: user=0.13 sys=0.00, real=0.01 secs] 
2020-09-29T18:08:42.718+0200: 88.992: [GC (Allocation Failure) 2020-09-29T18:08:42.718+0200: 88.992: [ParNew: 564440K->36969K(613440K), 0.0200988 secs] 588549K->61078K(2029056K), 0.0201684 secs] [Times: user=0.13 sys=0.00, real=0.02 secs] 
2020-09-29T18:08:42.783+0200: 89.057: [GC (Allocation Failure) 2020-09-29T18:08:42.783+0200: 89.057: [ParNew: 582313K->30124K(613440K), 0.0135539 secs] 606422K->54233K(2029056K), 0.0136123 secs] [Times: user=0.13 sys=0.00, real=0.01 secs] 
2020-09-29T18:08:42.844+0200: 89.118: [GC (Allocation Failure) 2020-09-29T18:08:42.844+0200: 89.118: [ParNew: 575468K->40749K(613440K), 0.0182294 secs] 599577K->64858K(2029056K), 0.0182993 secs] [Times: user=0.13 sys=0.00, real=0.02 secs] 
2020-09-29T18:08:42.909+0200: 89.183: [GC (Allocation Failure) 2020-09-29T18:08:42.909+0200: 89.183: [ParNew: 586093K->6523K(613440K), 0.0050582 secs] 610202K->30632K(2029056K), 0.0051127 secs] [Times: user=0.13 sys=0.00, real=0.01 secs] 
2020-09-29T18:08:42.965+0200: 89.239: [GC (Allocation Failure) 2020-09-29T18:08:42.965+0200: 89.239: [ParNew: 551867K->19883K(613440K), 0.0104545 secs] 575976K->43992K(2029056K), 0.0105611 secs] [Times: user=0.13 sys=0.00, real=0.01 secs] 
2020-09-29T18:08:43.032+0200: 89.306: [GC (Allocation Failure) 2020-09-29T18:08:43.032+0200: 89.306: [ParNew: 565227K->29808K(613440K), 0.0154646 secs] 589336K->53917K(2029056K), 0.0155250 secs] [Times: user=0.13 sys=0.00, real=0.02 secs] 
2020-09-29T18:08:43.092+0200: 89.366: [GC (Allocation Failure) 2020-09-29T18:08:43.092+0200: 89.366: [ParNew: 575152K->38514K(613440K), 0.0155054 secs] 599261K->62623K(2029056K), 0.0155956 secs] [Times: user=0.13 sys=0.00, real=0.02 secs] 
2020-09-29T18:08:43.152+0200: 89.426: [GC (Allocation Failure) 2020-09-29T18:08:43.152+0200: 89.426: [ParNew: 583858K->29398K(613440K), 0.0148006 secs] 607967K->53507K(2029056K), 0.0148605 secs] [Times: user=0.13 sys=0.00, real=0.01 secs] 
2020-09-29T18:08:43.216+0200: 89.491: [GC (Allocation Failure) 2020-09-29T18:08:43.216+0200: 89.491: [ParNew: 574742K->41164K(613440K), 0.0219344 secs] 598851K->65273K(2029056K), 0.0220317 secs] [Times: user=0.11 sys=0.00, real=0.02 secs] 
2020-09-29T18:08:43.286+0200: 89.561: [GC (Allocation Failure) 2020-09-29T18:08:43.287+0200: 89.561: [ParNew: 586508K->57344K(613440K), 0.0190174 secs] 610617K->81453K(2029056K), 0.0190799 secs] [Times: user=0.13 sys=0.00, real=0.02 secs] 
2020-09-29T18:08:43.349+0200: 89.623: [GC (Allocation Failure) 2020-09-29T18:08:43.349+0200: 89.624: [ParNew: 602688K->22761K(613440K), 0.0123916 secs] 626797K->46871K(2029056K), 0.0124471 secs] [Times: user=0.00 sys=0.00, real=0.01 secs] 
2020-09-29T18:08:43.411+0200: 89.685: [GC (Allocation Failure) 2020-09-29T18:08:43.411+0200: 89.685: [ParNew: 568105K->20724K(613440K), 0.0104928 secs] 592215K->44833K(2029056K), 0.0105536 secs] [Times: user=0.00 sys=0.00, real=0.01 secs] 
2020-09-29T18:08:43.474+0200: 89.748: [GC (Allocation Failure) 2020-09-29T18:08:43.474+0200: 89.748: [ParNew: 566068K->27404K(613440K), 0.0170372 secs] 590177K->51514K(2029056K), 0.0171111 secs] [Times: user=0.13 sys=0.00, real=0.02 secs] 
2020-09-29T18:08:43.535+0200: 89.809: [GC (Allocation Failure) 2020-09-29T18:08:43.535+0200: 89.809: [ParNew: 572748K->26431K(613440K), 0.0081758 secs] 596858K->50540K(2029056K), 0.0082316 secs] [Times: user=0.13 sys=0.00, real=0.01 secs] 
2020-09-29T18:08:43.605+0200: 89.880: [GC (Allocation Failure) 2020-09-29T18:08:43.605+0200: 89.880: [ParNew: 571775K->10799K(613440K), 0.0085182 secs] 595884K->34908K(2029056K), 0.0086095 secs] [Times: user=0.11 sys=0.00, real=0.01 secs] 
2020-09-29T18:08:43.661+0200: 89.935: [GC (Allocation Failure) 2020-09-29T18:08:43.661+0200: 89.935: [ParNew: 556143K->22108K(613440K), 0.0144223 secs] 580252K->46217K(2029056K), 0.0144777 secs] [Times: user=0.00 sys=0.00, real=0.02 secs] 
2020-09-29T18:08:43.720+0200: 89.995: [GC (Allocation Failure) 2020-09-29T18:08:43.720+0200: 89.995: [ParNew: 567452K->34513K(613440K), 0.0184607 secs] 591561K->58622K(2029056K), 0.0185502 secs] [Times: user=0.25 sys=0.00, real=0.02 secs] 
2020-09-29T18:08:43.788+0200: 90.062: [GC (Allocation Failure) 2020-09-29T18:08:43.788+0200: 90.062: [ParNew: 579857K->29888K(613440K), 0.0129147 secs] 603966K->53998K(2029056K), 0.0129778 secs] [Times: user=0.00 sys=0.00, real=0.01 secs] 
2020-09-29T18:08:43.850+0200: 90.124: [GC (Allocation Failure) 2020-09-29T18:08:43.850+0200: 90.124: [ParNew: 575232K->37402K(613440K), 0.0167527 secs] 599342K->61511K(2029056K), 0.0168156 secs] [Times: user=0.13 sys=0.00, real=0.02 secs] 
2020-09-29T18:08:43.920+0200: 90.194: [GC (Allocation Failure) 2020-09-29T18:08:43.920+0200: 90.194: [ParNew: 582746K->26603K(613440K), 0.0097042 secs] 606855K->50712K(2029056K), 0.0097729 secs] [Times: user=0.13 sys=0.00, real=0.01 secs] 
2020-09-29T18:08:43.982+0200: 90.257: [GC (Allocation Failure) 2020-09-29T18:08:43.982+0200: 90.257: [ParNew: 571947K->20977K(613440K), 0.0098696 secs] 596056K->45087K(2029056K), 0.0099250 secs] [Times: user=0.13 sys=0.00, real=0.01 secs] 
2020-09-29T18:08:44.041+0200: 90.315: [GC (Allocation Failure) 2020-09-29T18:08:44.041+0200: 90.315: [ParNew: 566321K->13441K(613440K), 0.0083777 secs] 590431K->37550K(2029056K), 0.0084332 secs] [Times: user=0.00 sys=0.00, real=0.01 secs] 
2020-09-29T18:08:44.112+0200: 90.386: [GC (Allocation Failure) 2020-09-29T18:08:44.112+0200: 90.386: [ParNew: 558785K->27662K(613440K), 0.0141829 secs] 582894K->51771K(2029056K), 0.0142731 secs] [Times: user=0.13 sys=0.00, real=0.02 secs] 
2020-09-29T18:08:44.173+0200: 90.448: [GC (Allocation Failure) 2020-09-29T18:08:44.173+0200: 90.448: [ParNew: 573006K->34872K(613440K), 0.0143623 secs] 597115K->58981K(2029056K), 0.0144196 secs] [Times: user=0.13 sys=0.00, real=0.01 secs] 
2020-09-29T18:08:44.244+0200: 90.518: [GC (Allocation Failure) 2020-09-29T18:08:44.244+0200: 90.518: [ParNew: 580216K->38335K(613440K), 0.0211155 secs] 604325K->62445K(2029056K), 0.0211966 secs] [Times: user=0.13 sys=0.00, real=0.02 secs] 
2020-09-29T18:08:44.312+0200: 90.586: [GC (Allocation Failure) 2020-09-29T18:08:44.312+0200: 90.586: [ParNew: 583679K->28343K(613440K), 0.0133708 secs] 607789K->52452K(2029056K), 0.0134283 secs] [Times: user=0.13 sys=0.00, real=0.01 secs] 
2020-09-29T18:08:44.372+0200: 90.646: [GC (Allocation Failure) 2020-09-29T18:08:44.372+0200: 90.646: [ParNew: 573687K->24233K(613440K), 0.0118508 secs] 597796K->48342K(2029056K), 0.0119306 secs] [Times: user=0.13 sys=0.00, real=0.01 secs] 
2020-09-29T18:08:44.432+0200: 90.706: [GC (Allocation Failure) 2020-09-29T18:08:44.432+0200: 90.706: [ParNew: 569577K->31821K(613440K), 0.0163707 secs] 593686K->55931K(2029056K), 0.0164289 secs] [Times: user=0.13 sys=0.00, real=0.02 secs] 
2020-09-29T18:08:44.498+0200: 90.773: [GC (Allocation Failure) 2020-09-29T18:08:44.498+0200: 90.773: [ParNew: 577165K->38239K(613440K), 0.0162185 secs] 601275K->62348K(2029056K), 0.0162791 secs] [Times: user=0.13 sys=0.00, real=0.02 secs] 
2020-09-29T18:08:44.560+0200: 90.834: [GC (Allocation Failure) 2020-09-29T18:08:44.560+0200: 90.834: [ParNew: 583583K->37888K(613440K), 0.0166389 secs] 607692K->61997K(2029056K), 0.0167115 secs] [Times: user=0.11 sys=0.00, real=0.02 secs] 
2020-09-29T18:08:44.624+0200: 90.898: [GC (Allocation Failure) 2020-09-29T18:08:44.624+0200: 90.898: [ParNew: 583232K->30026K(613440K), 0.0147752 secs] 607341K->54135K(2029056K), 0.0148318 secs] [Times: user=0.13 sys=0.00, real=0.01 secs] 
2020-09-29T18:08:44.686+0200: 90.960: [GC (Allocation Failure) 2020-09-29T18:08:44.686+0200: 90.960: [ParNew: 575370K->27152K(613440K), 0.0142587 secs] 599479K->51261K(2029056K), 0.0143184 secs] [Times: user=0.13 sys=0.00, real=0.01 secs] 
2020-09-29T18:08:44.747+0200: 91.021: [GC (Allocation Failure) 2020-09-29T18:08:44.747+0200: 91.021: [ParNew: 572496K->20759K(613440K), 0.0137798 secs] 596605K->44868K(2029056K), 0.0138521 secs] [Times: user=0.13 sys=0.00, real=0.01 secs] 
2020-09-29T18:08:44.811+0200: 91.085: [GC (Allocation Failure) 2020-09-29T18:08:44.811+0200: 91.085: [ParNew: 566103K->21042K(613440K), 0.0126034 secs] 590212K->45151K(2029056K), 0.0126629 secs] [Times: user=0.13 sys=0.00, real=0.01 secs] 
2020-09-29T18:08:44.900+0200: 91.175: [GC (Allocation Failure) 2020-09-29T18:08:44.900+0200: 91.175: [ParNew: 565474K->1974K(613440K), 0.0018574 secs] 589583K->26083K(2029056K), 0.0019098 secs] [Times: user=0.00 sys=0.00, real=0.00 secs] 
2020-09-29T18:08:44.991+0200: 91.265: [GC (Allocation Failure) 2020-09-29T18:08:44.991+0200: 91.265: [ParNew: 547318K->13798K(613440K), 0.0113884 secs] 571427K->37907K(2029056K), 0.0114610 secs] [Times: user=0.00 sys=0.00, real=0.01 secs] 
2020-09-29T18:08:45.086+0200: 91.361: [GC (Allocation Failure) 2020-09-29T18:08:45.086+0200: 91.361: [ParNew: 559142K->14891K(613440K), 0.0099306 secs] 583251K->39000K(2029056K), 0.0100478 secs] [Times: user=0.00 sys=0.00, real=0.01 secs] 
2020-09-29T18:08:45.179+0200: 91.454: [GC (Allocation Failure) 2020-09-29T18:08:45.179+0200: 91.454: [ParNew: 560235K->10564K(613440K), 0.0088812 secs] 584344K->34673K(2029056K), 0.0089561 secs] [Times: user=0.00 sys=0.00, real=0.01 secs] 
2020-09-29T18:08:45.280+0200: 91.555: [GC (Allocation Failure) 2020-09-29T18:08:45.280+0200: 91.555: [ParNew: 555908K->9346K(613440K), 0.0089789 secs] 580017K->33455K(2029056K), 0.0090395 secs] [Times: user=0.13 sys=0.00, real=0.01 secs] 
2020-09-29T18:08:45.378+0200: 91.652: [GC (Allocation Failure) 2020-09-29T18:08:45.378+0200: 91.652: [ParNew: 554690K->7892K(613440K), 0.0069770 secs] 578799K->32001K(2029056K), 0.0070324 secs] [Times: user=0.13 sys=0.00, real=0.01 secs] 
Heap
 par new generation   total 613440K, used 29221K [0x0000000080000000, 0x00000000a9990000, 0x00000000a9990000)
  eden space 545344K,   3% used [0x0000000080000000, 0x00000000814d4740, 0x00000000a1490000)
  from space 68096K,  11% used [0x00000000a5710000, 0x00000000a5ec5010, 0x00000000a9990000)
  to   space 68096K,   0% used [0x00000000a1490000, 0x00000000a1490000, 0x00000000a5710000)
 concurrent mark-sweep generation total 1415616K, used 24109K [0x00000000a9990000, 0x0000000100000000, 0x0000000100000000)
 Metaspace       used 2594K, capacity 4486K, committed 4864K, reserved 1056768K
  class space    used 285K, capacity 386K, committed 512K, reserved 1048576K
