Java HotSpot(TM) 64-Bit Server VM (25.261-b12) for windows-amd64 JRE (1.8.0_261-b12), built on Jun 18 2020 06:56:32 by "" with unknown MS VC++:1916
Memory: 4k page, physical 16659684k(9506888k free), swap 23213284k(9153784k free)
CommandLine flags: -XX:InitialHeapSize=2147483648 -XX:MaxHeapSize=2147483648 -XX:MaxNewSize=697933824 -XX:MaxTenuringThreshold=6 -XX:NewSize=697933824 -XX:OldPLABSize=16 -XX:OldSize=1395867648 -XX:+PrintGC -XX:+PrintGCDateStamps -XX:+PrintGCDetails -XX:+PrintGCTimeStamps -XX:+UseCompressedClassPointers -XX:+UseCompressedOops -XX:+UseConcMarkSweepGC -XX:-UseLargePagesIndividualAllocation -XX:+UseParNewGC 
2020-09-29T18:04:13.857+0200: 0.246: [GC (Allocation Failure) 2020-09-29T18:04:13.857+0200: 0.246: [ParNew: 545344K->36374K(613440K), 0.0367812 secs] 545344K->36374K(2029056K), 0.0369695 secs] [Times: user=0.13 sys=0.00, real=0.04 secs] 
2020-09-29T18:04:13.951+0200: 0.340: [GC (Allocation Failure) 2020-09-29T18:04:13.951+0200: 0.340: [ParNew: 581718K->37756K(613440K), 0.0266129 secs] 581718K->38149K(2029056K), 0.0266894 secs] [Times: user=0.24 sys=0.01, real=0.03 secs] 
2020-09-29T18:04:14.031+0200: 0.420: [GC (Allocation Failure) 2020-09-29T18:04:14.031+0200: 0.420: [ParNew: 583100K->62993K(613440K), 0.0278238 secs] 583493K->63385K(2029056K), 0.0279098 secs] [Times: user=0.24 sys=0.02, real=0.03 secs] 
2020-09-29T18:04:14.114+0200: 0.503: [GC (Allocation Failure) 2020-09-29T18:04:14.114+0200: 0.503: [ParNew: 608337K->47455K(613440K), 0.0198613 secs] 608729K->47847K(2029056K), 0.0199264 secs] [Times: user=0.13 sys=0.00, real=0.02 secs] 
2020-09-29T18:04:14.184+0200: 0.574: [GC (Allocation Failure) 2020-09-29T18:04:14.184+0200: 0.574: [ParNew: 592799K->42019K(613440K), 0.0267922 secs] 593191K->42411K(2029056K), 0.0268725 secs] [Times: user=0.20 sys=0.02, real=0.03 secs] 
2020-09-29T18:04:14.263+0200: 0.653: [GC (Allocation Failure) 2020-09-29T18:04:14.263+0200: 0.653: [ParNew: 587363K->41238K(613440K), 0.0228093 secs] 587755K->41630K(2029056K), 0.0228731 secs] [Times: user=0.25 sys=0.00, real=0.02 secs] 
2020-09-29T18:04:14.338+0200: 0.728: [GC (Allocation Failure) 2020-09-29T18:04:14.338+0200: 0.728: [ParNew: 586582K->67216K(613440K), 0.0297541 secs] 586974K->67608K(2029056K), 0.0298402 secs] [Times: user=0.25 sys=0.00, real=0.03 secs] 
2020-09-29T18:04:14.417+0200: 0.807: [GC (Allocation Failure) 2020-09-29T18:04:14.417+0200: 0.807: [ParNew: 612560K->52939K(613440K), 0.0218952 secs] 612952K->53331K(2029056K), 0.0219927 secs] [Times: user=0.13 sys=0.00, real=0.02 secs] 
2020-09-29T18:04:14.486+0200: 0.876: [GC (Allocation Failure) 2020-09-29T18:04:14.486+0200: 0.876: [ParNew: 598283K->46927K(613440K), 0.0203930 secs] 598675K->47319K(2029056K), 0.0204580 secs] [Times: user=0.25 sys=0.00, real=0.02 secs] 
2020-09-29T18:04:14.561+0200: 0.950: [GC (Allocation Failure) 2020-09-29T18:04:14.561+0200: 0.950: [ParNew: 592271K->43328K(613440K), 0.0223201 secs] 592663K->43721K(2029056K), 0.0223917 secs] [Times: user=0.22 sys=0.00, real=0.02 secs] 
2020-09-29T18:04:14.636+0200: 1.025: [GC (Allocation Failure) 2020-09-29T18:04:14.636+0200: 1.025: [ParNew: 588672K->54740K(613440K), 0.0253231 secs] 589065K->55132K(2029056K), 0.0254063 secs] [Times: user=0.25 sys=0.00, real=0.03 secs] 
2020-09-29T18:04:14.712+0200: 1.102: [GC (Allocation Failure) 2020-09-29T18:04:14.712+0200: 1.102: [ParNew: 600084K->40366K(613440K), 0.0251666 secs] 600476K->40758K(2029056K), 0.0252477 secs] [Times: user=0.13 sys=0.00, real=0.03 secs] 
2020-09-29T18:04:14.787+0200: 1.177: [GC (Allocation Failure) 2020-09-29T18:04:14.787+0200: 1.177: [ParNew: 585710K->68096K(613440K), 0.0310480 secs] 586102K->68860K(2029056K), 0.0311157 secs] [Times: user=0.23 sys=0.02, real=0.03 secs] 
2020-09-29T18:04:14.867+0200: 1.257: [GC (Allocation Failure) 2020-09-29T18:04:14.868+0200: 1.257: [ParNew: 613440K->68096K(613440K), 0.0295905 secs] 614204K->68860K(2029056K), 0.0296802 secs] [Times: user=0.25 sys=0.00, real=0.03 secs] 
2020-09-29T18:04:14.949+0200: 1.339: [GC (Allocation Failure) 2020-09-29T18:04:14.949+0200: 1.339: [ParNew: 613440K->51098K(613440K), 0.0233967 secs] 614204K->51863K(2029056K), 0.0235227 secs] [Times: user=0.13 sys=0.02, real=0.02 secs] 
2020-09-29T18:04:15.024+0200: 1.413: [GC (Allocation Failure) 2020-09-29T18:04:15.024+0200: 1.413: [ParNew: 596442K->68096K(613440K), 0.0282110 secs] 597207K->68860K(2029056K), 0.0282842 secs] [Times: user=0.25 sys=0.00, real=0.03 secs] 
2020-09-29T18:04:15.103+0200: 1.492: [GC (Allocation Failure) 2020-09-29T18:04:15.103+0200: 1.492: [ParNew: 613440K->68096K(613440K), 0.0365960 secs] 614204K->71152K(2029056K), 0.0366649 secs] [Times: user=0.23 sys=0.02, real=0.04 secs] 
2020-09-29T18:04:15.189+0200: 1.577: [GC (Allocation Failure) 2020-09-29T18:04:15.189+0200: 1.577: [ParNew: 613440K->68096K(613440K), 0.0378163 secs] 616496K->73172K(2029056K), 0.0378794 secs] [Times: user=0.33 sys=0.00, real=0.04 secs] 
2020-09-29T18:04:15.275+0200: 1.663: [GC (Allocation Failure) 2020-09-29T18:04:15.275+0200: 1.663: [ParNew: 613440K->52349K(613440K), 0.0178079 secs] 618516K->57425K(2029056K), 0.0178716 secs] [Times: user=0.13 sys=0.00, real=0.02 secs] 
2020-09-29T18:04:15.346+0200: 1.735: [GC (Allocation Failure) 2020-09-29T18:04:15.346+0200: 1.735: [ParNew: 597693K->29376K(613440K), 0.0159146 secs] 602769K->34452K(2029056K), 0.0159793 secs] [Times: user=0.13 sys=0.00, real=0.02 secs] 
2020-09-29T18:04:15.409+0200: 1.798: [GC (Allocation Failure) 2020-09-29T18:04:15.409+0200: 1.798: [ParNew: 574720K->44513K(613440K), 0.0221499 secs] 579796K->49589K(2029056K), 0.0222155 secs] [Times: user=0.25 sys=0.00, real=0.02 secs] 
2020-09-29T18:04:15.485+0200: 1.874: [GC (Allocation Failure) 2020-09-29T18:04:15.485+0200: 1.874: [ParNew: 589857K->33035K(613440K), 0.0212504 secs] 594933K->38112K(2029056K), 0.0213309 secs] [Times: user=0.23 sys=0.00, real=0.02 secs] 
2020-09-29T18:04:15.560+0200: 1.949: [GC (Allocation Failure) 2020-09-29T18:04:15.560+0200: 1.949: [ParNew: 578379K->59132K(613440K), 0.0260664 secs] 583456K->64209K(2029056K), 0.0261632 secs] [Times: user=0.25 sys=0.00, real=0.03 secs] 
2020-09-29T18:04:15.635+0200: 2.024: [GC (Allocation Failure) 2020-09-29T18:04:15.636+0200: 2.024: [ParNew: 604476K->59530K(613440K), 0.0278200 secs] 609553K->64607K(2029056K), 0.0279096 secs] [Times: user=0.22 sys=0.00, real=0.03 secs] 
2020-09-29T18:04:15.711+0200: 2.100: [GC (Allocation Failure) 2020-09-29T18:04:15.711+0200: 2.100: [ParNew: 604874K->37232K(613440K), 0.0164801 secs] 609951K->42309K(2029056K), 0.0165428 secs] [Times: user=0.13 sys=0.00, real=0.02 secs] 
2020-09-29T18:04:15.784+0200: 2.173: [GC (Allocation Failure) 2020-09-29T18:04:15.784+0200: 2.173: [ParNew: 582576K->55290K(613440K), 0.0285546 secs] 587653K->60367K(2029056K), 0.0286222 secs] [Times: user=0.25 sys=0.00, real=0.03 secs] 
2020-09-29T18:04:15.861+0200: 2.249: [GC (Allocation Failure) 2020-09-29T18:04:15.861+0200: 2.249: [ParNew: 600634K->68096K(613440K), 0.0281679 secs] 605711K->73172K(2029056K), 0.0282379 secs] [Times: user=0.25 sys=0.00, real=0.03 secs] 
2020-09-29T18:04:15.938+0200: 2.327: [GC (Allocation Failure) 2020-09-29T18:04:15.938+0200: 2.327: [ParNew: 613440K->47256K(613440K), 0.0201526 secs] 618516K->52333K(2029056K), 0.0202227 secs] [Times: user=0.25 sys=0.00, real=0.02 secs] 
2020-09-29T18:04:16.012+0200: 2.401: [GC (Allocation Failure) 2020-09-29T18:04:16.012+0200: 2.401: [ParNew: 592600K->66148K(613440K), 0.0262746 secs] 597677K->71224K(2029056K), 0.0263447 secs] [Times: user=0.25 sys=0.00, real=0.03 secs] 
2020-09-29T18:04:16.088+0200: 2.477: [GC (Allocation Failure) 2020-09-29T18:04:16.088+0200: 2.477: [ParNew: 611492K->51184K(613440K), 0.0256465 secs] 616568K->56261K(2029056K), 0.0257281 secs] [Times: user=0.25 sys=0.00, real=0.03 secs] 
2020-09-29T18:04:16.162+0200: 2.550: [GC (Allocation Failure) 2020-09-29T18:04:16.162+0200: 2.550: [ParNew: 596528K->40794K(613440K), 0.0246306 secs] 601605K->45870K(2029056K), 0.0247033 secs] [Times: user=0.13 sys=0.00, real=0.02 secs] 
2020-09-29T18:04:16.239+0200: 2.628: [GC (Allocation Failure) 2020-09-29T18:04:16.240+0200: 2.628: [ParNew: 586138K->37404K(613440K), 0.0161035 secs] 591214K->42480K(2029056K), 0.0162209 secs] [Times: user=0.13 sys=0.00, real=0.02 secs] 
2020-09-29T18:04:16.311+0200: 2.700: [GC (Allocation Failure) 2020-09-29T18:04:16.311+0200: 2.700: [ParNew: 582748K->37836K(613440K), 0.0214591 secs] 587824K->42913K(2029056K), 0.0215415 secs] [Times: user=0.25 sys=0.00, real=0.02 secs] 
2020-09-29T18:04:16.383+0200: 2.771: [GC (Allocation Failure) 2020-09-29T18:04:16.385+0200: 2.773: [ParNew: 583180K->49795K(613440K), 0.0217923 secs] 588257K->54872K(2029056K), 0.0238971 secs] [Times: user=0.13 sys=0.00, real=0.02 secs] 
2020-09-29T18:04:16.457+0200: 2.846: [GC (Allocation Failure) 2020-09-29T18:04:16.457+0200: 2.846: [ParNew: 595139K->63535K(613440K), 0.0340994 secs] 600216K->68612K(2029056K), 0.0341632 secs] [Times: user=0.38 sys=0.00, real=0.03 secs] 
2020-09-29T18:04:16.540+0200: 2.929: [GC (Allocation Failure) 2020-09-29T18:04:16.540+0200: 2.929: [ParNew: 608879K->47957K(613440K), 0.0213202 secs] 613956K->53033K(2029056K), 0.0213836 secs] [Times: user=0.11 sys=0.00, real=0.02 secs] 
2020-09-29T18:04:16.614+0200: 3.003: [GC (Allocation Failure) 2020-09-29T18:04:16.614+0200: 3.003: [ParNew: 593301K->47598K(613440K), 0.0272490 secs] 598377K->52675K(2029056K), 0.0273138 secs] [Times: user=0.11 sys=0.00, real=0.03 secs] 
2020-09-29T18:04:16.691+0200: 3.081: [GC (Allocation Failure) 2020-09-29T18:04:16.691+0200: 3.081: [ParNew: 592942K->41586K(613440K), 0.0256991 secs] 598019K->46663K(2029056K), 0.0257707 secs] [Times: user=0.19 sys=0.00, real=0.03 secs] 
2020-09-29T18:04:16.767+0200: 3.156: [GC (Allocation Failure) 2020-09-29T18:04:16.767+0200: 3.156: [ParNew: 586930K->40489K(613440K), 0.0167946 secs] 592007K->45566K(2029056K), 0.0168676 secs] [Times: user=0.11 sys=0.00, real=0.02 secs] 
2020-09-29T18:04:16.842+0200: 3.231: [GC (Allocation Failure) 2020-09-29T18:04:16.842+0200: 3.231: [ParNew: 585833K->22318K(613440K), 0.0149088 secs] 590910K->27395K(2029056K), 0.0149733 secs] [Times: user=0.13 sys=0.00, real=0.02 secs] 
2020-09-29T18:04:16.913+0200: 3.302: [GC (Allocation Failure) 2020-09-29T18:04:16.913+0200: 3.302: [ParNew: 567662K->37803K(613440K), 0.0211660 secs] 572739K->42879K(2029056K), 0.0212324 secs] [Times: user=0.13 sys=0.00, real=0.02 secs] 
2020-09-29T18:04:16.992+0200: 3.381: [GC (Allocation Failure) 2020-09-29T18:04:16.992+0200: 3.381: [ParNew: 583147K->48186K(613440K), 0.0211135 secs] 588223K->53262K(2029056K), 0.0211808 secs] [Times: user=0.13 sys=0.00, real=0.02 secs] 
2020-09-29T18:04:17.067+0200: 3.456: [GC (Allocation Failure) 2020-09-29T18:04:17.067+0200: 3.456: [ParNew: 593530K->45230K(613440K), 0.0214276 secs] 598606K->50307K(2029056K), 0.0214980 secs] [Times: user=0.13 sys=0.00, real=0.02 secs] 
2020-09-29T18:04:17.139+0200: 3.529: [GC (Allocation Failure) 2020-09-29T18:04:17.139+0200: 3.529: [ParNew: 590574K->56780K(613440K), 0.0265162 secs] 595651K->61856K(2029056K), 0.0265946 secs] [Times: user=0.25 sys=0.00, real=0.03 secs] 
2020-09-29T18:04:17.219+0200: 3.609: [GC (Allocation Failure) 2020-09-29T18:04:17.219+0200: 3.609: [ParNew: 602124K->68096K(613440K), 0.0327422 secs] 607200K->74000K(2029056K), 0.0328079 secs] [Times: user=0.25 sys=0.00, real=0.03 secs] 
2020-09-29T18:04:17.303+0200: 3.692: [GC (Allocation Failure) 2020-09-29T18:04:17.303+0200: 3.692: [ParNew: 613440K->60935K(613440K), 0.0239911 secs] 619344K->66840K(2029056K), 0.0240552 secs] [Times: user=0.13 sys=0.00, real=0.02 secs] 
2020-09-29T18:04:17.383+0200: 3.772: [GC (Allocation Failure) 2020-09-29T18:04:17.383+0200: 3.772: [ParNew: 606279K->39806K(613440K), 0.0155060 secs] 612184K->45711K(2029056K), 0.0155730 secs] [Times: user=0.13 sys=0.00, real=0.02 secs] 
2020-09-29T18:04:17.457+0200: 3.846: [GC (Allocation Failure) 2020-09-29T18:04:17.457+0200: 3.846: [ParNew: 585150K->40846K(613440K), 0.0213512 secs] 591055K->46751K(2029056K), 0.0214160 secs] [Times: user=0.25 sys=0.00, real=0.02 secs] 
2020-09-29T18:04:17.531+0200: 3.920: [GC (Allocation Failure) 2020-09-29T18:04:17.531+0200: 3.920: [ParNew: 586190K->44594K(613440K), 0.0202949 secs] 592095K->50499K(2029056K), 0.0203641 secs] [Times: user=0.25 sys=0.00, real=0.02 secs] 
2020-09-29T18:04:17.606+0200: 3.996: [GC (Allocation Failure) 2020-09-29T18:04:17.606+0200: 3.996: [ParNew: 589938K->59803K(613440K), 0.0270338 secs] 595843K->65708K(2029056K), 0.0270994 secs] [Times: user=0.23 sys=0.00, real=0.03 secs] 
2020-09-29T18:04:17.681+0200: 4.070: [GC (Allocation Failure) 2020-09-29T18:04:17.681+0200: 4.070: [ParNew: 605147K->41746K(613440K), 0.0170954 secs] 611052K->47651K(2029056K), 0.0171603 secs] [Times: user=0.11 sys=0.00, real=0.02 secs] 
2020-09-29T18:04:17.757+0200: 4.146: [GC (Allocation Failure) 2020-09-29T18:04:17.757+0200: 4.147: [ParNew: 587090K->31537K(613440K), 0.0174031 secs] 592995K->37441K(2029056K), 0.0181776 secs] [Times: user=0.13 sys=0.00, real=0.02 secs] 
2020-09-29T18:04:17.833+0200: 4.222: [GC (Allocation Failure) 2020-09-29T18:04:17.833+0200: 4.222: [ParNew: 576881K->38705K(613440K), 0.0239801 secs] 582785K->44610K(2029056K), 0.0240572 secs] [Times: user=0.13 sys=0.00, real=0.02 secs] 
2020-09-29T18:04:17.911+0200: 4.300: [GC (Allocation Failure) 2020-09-29T18:04:17.911+0200: 4.300: [ParNew: 584049K->57157K(613440K), 0.0234096 secs] 589954K->63062K(2029056K), 0.0234890 secs] [Times: user=0.13 sys=0.00, real=0.02 secs] 
2020-09-29T18:04:17.986+0200: 4.375: [GC (Allocation Failure) 2020-09-29T18:04:17.986+0200: 4.375: [ParNew: 602501K->62151K(613440K), 0.0279563 secs] 608406K->68055K(2029056K), 0.0280249 secs] [Times: user=0.25 sys=0.00, real=0.03 secs] 
2020-09-29T18:04:18.065+0200: 4.454: [GC (Allocation Failure) 2020-09-29T18:04:18.065+0200: 4.454: [ParNew: 607495K->47448K(613440K), 0.0206987 secs] 613399K->53352K(2029056K), 0.0207731 secs] [Times: user=0.25 sys=0.00, real=0.02 secs] 
2020-09-29T18:04:18.133+0200: 4.522: [GC (Allocation Failure) 2020-09-29T18:04:18.133+0200: 4.522: [ParNew: 592792K->38005K(613440K), 0.0189673 secs] 598696K->43909K(2029056K), 0.0190331 secs] [Times: user=0.13 sys=0.00, real=0.02 secs] 
2020-09-29T18:04:18.209+0200: 4.598: [GC (Allocation Failure) 2020-09-29T18:04:18.209+0200: 4.598: [ParNew: 583349K->32393K(613440K), 0.0195145 secs] 589253K->38298K(2029056K), 0.0195792 secs] [Times: user=0.13 sys=0.00, real=0.02 secs] 
2020-09-29T18:04:18.277+0200: 4.667: [GC (Allocation Failure) 2020-09-29T18:04:18.277+0200: 4.667: [ParNew: 577737K->28189K(613440K), 0.0184790 secs] 583642K->34093K(2029056K), 0.0185438 secs] [Times: user=0.13 sys=0.00, real=0.02 secs] 
2020-09-29T18:04:18.345+0200: 4.734: [GC (Allocation Failure) 2020-09-29T18:04:18.345+0200: 4.734: [ParNew: 573533K->49519K(613440K), 0.0229067 secs] 579437K->55424K(2029056K), 0.0229806 secs] [Times: user=0.25 sys=0.00, real=0.02 secs] 
2020-09-29T18:04:18.415+0200: 4.805: [GC (Allocation Failure) 2020-09-29T18:04:18.415+0200: 4.805: [ParNew: 594863K->51093K(613440K), 0.0253009 secs] 600768K->56997K(2029056K), 0.0253707 secs] [Times: user=0.13 sys=0.00, real=0.03 secs] 
2020-09-29T18:04:18.493+0200: 4.882: [GC (Allocation Failure) 2020-09-29T18:04:18.493+0200: 4.882: [ParNew: 596437K->37853K(613440K), 0.0207278 secs] 602341K->43757K(2029056K), 0.0208020 secs] [Times: user=0.13 sys=0.00, real=0.02 secs] 
2020-09-29T18:04:18.568+0200: 4.957: [GC (Allocation Failure) 2020-09-29T18:04:18.568+0200: 4.957: [ParNew: 583197K->58629K(613440K), 0.0346533 secs] 589101K->64534K(2029056K), 0.0347379 secs] [Times: user=0.25 sys=0.00, real=0.03 secs] 
2020-09-29T18:04:18.651+0200: 5.040: [GC (Allocation Failure) 2020-09-29T18:04:18.651+0200: 5.040: [ParNew: 603973K->55850K(613440K), 0.0258407 secs] 609878K->61755K(2029056K), 0.0259255 secs] [Times: user=0.25 sys=0.00, real=0.03 secs] 
2020-09-29T18:04:18.731+0200: 5.121: [GC (Allocation Failure) 2020-09-29T18:04:18.732+0200: 5.121: [ParNew: 601194K->68096K(613440K), 0.0332741 secs] 607099K->74718K(2029056K), 0.0333580 secs] [Times: user=0.25 sys=0.00, real=0.03 secs] 
2020-09-29T18:04:18.813+0200: 5.202: [GC (Allocation Failure) 2020-09-29T18:04:18.813+0200: 5.202: [ParNew: 613440K->50540K(613440K), 0.0215851 secs] 620062K->57163K(2029056K), 0.0216546 secs] [Times: user=0.25 sys=0.00, real=0.02 secs] 
2020-09-29T18:04:18.892+0200: 5.282: [GC (Allocation Failure) 2020-09-29T18:04:18.892+0200: 5.282: [ParNew: 595884K->47688K(613440K), 0.0288256 secs] 602507K->54311K(2029056K), 0.0288952 secs] [Times: user=0.25 sys=0.00, real=0.03 secs] 
2020-09-29T18:04:18.970+0200: 5.359: [GC (Allocation Failure) 2020-09-29T18:04:18.970+0200: 5.359: [ParNew: 593032K->55688K(613440K), 0.0276608 secs] 599655K->62311K(2029056K), 0.0277282 secs] [Times: user=0.25 sys=0.00, real=0.03 secs] 
2020-09-29T18:04:19.050+0200: 5.439: [GC (Allocation Failure) 2020-09-29T18:04:19.050+0200: 5.439: [ParNew: 601032K->42772K(613440K), 0.0271712 secs] 607655K->49395K(2029056K), 0.0272570 secs] [Times: user=0.25 sys=0.00, real=0.03 secs] 
2020-09-29T18:04:19.127+0200: 5.516: [GC (Allocation Failure) 2020-09-29T18:04:19.127+0200: 5.516: [ParNew: 588116K->43601K(613440K), 0.0190129 secs] 594739K->50224K(2029056K), 0.0190850 secs] [Times: user=0.25 sys=0.00, real=0.02 secs] 
2020-09-29T18:04:19.194+0200: 5.584: [GC (Allocation Failure) 2020-09-29T18:04:19.194+0200: 5.584: [ParNew: 588945K->40772K(613440K), 0.0263144 secs] 595568K->47395K(2029056K), 0.0263954 secs] [Times: user=0.11 sys=0.00, real=0.03 secs] 
2020-09-29T18:04:19.276+0200: 5.665: [GC (Allocation Failure) 2020-09-29T18:04:19.276+0200: 5.665: [ParNew: 586116K->57095K(613440K), 0.0312699 secs] 592739K->63718K(2029056K), 0.0313545 secs] [Times: user=0.25 sys=0.00, real=0.03 secs] 
2020-09-29T18:04:19.358+0200: 5.747: [GC (Allocation Failure) 2020-09-29T18:04:19.358+0200: 5.747: [ParNew: 602439K->46969K(613440K), 0.0233088 secs] 609062K->53592K(2029056K), 0.0233896 secs] [Times: user=0.25 sys=0.00, real=0.02 secs] 
2020-09-29T18:04:19.431+0200: 5.820: [GC (Allocation Failure) 2020-09-29T18:04:19.431+0200: 5.820: [ParNew: 592313K->63108K(613440K), 0.0290353 secs] 598936K->69731K(2029056K), 0.0291145 secs] [Times: user=0.25 sys=0.00, real=0.03 secs] 
2020-09-29T18:04:19.513+0200: 5.902: [GC (Allocation Failure) 2020-09-29T18:04:19.513+0200: 5.902: [ParNew: 608452K->47141K(613440K), 0.0214251 secs] 615075K->53764K(2029056K), 0.0215139 secs] [Times: user=0.13 sys=0.00, real=0.02 secs] 
2020-09-29T18:04:19.586+0200: 5.975: [GC (Allocation Failure) 2020-09-29T18:04:19.586+0200: 5.975: [ParNew: 592485K->60913K(613440K), 0.0353453 secs] 599108K->67536K(2029056K), 0.0354207 secs] [Times: user=0.25 sys=0.00, real=0.04 secs] 
2020-09-29T18:04:19.670+0200: 6.060: [GC (Allocation Failure) 2020-09-29T18:04:19.670+0200: 6.060: [ParNew: 606257K->52933K(613440K), 0.0288331 secs] 612880K->59556K(2029056K), 0.0289182 secs] [Times: user=0.23 sys=0.00, real=0.03 secs] 
2020-09-29T18:04:19.749+0200: 6.138: [GC (Allocation Failure) 2020-09-29T18:04:19.749+0200: 6.138: [ParNew: 598277K->46596K(613440K), 0.0262452 secs] 604900K->53218K(2029056K), 0.0263378 secs] [Times: user=0.25 sys=0.00, real=0.03 secs] 
2020-09-29T18:04:19.829+0200: 6.219: [GC (Allocation Failure) 2020-09-29T18:04:19.829+0200: 6.219: [ParNew: 591940K->39724K(613440K), 0.0263113 secs] 598562K->46347K(2029056K), 0.0263872 secs] [Times: user=0.25 sys=0.00, real=0.03 secs] 
2020-09-29T18:04:19.903+0200: 6.293: [GC (Allocation Failure) 2020-09-29T18:04:19.903+0200: 6.293: [ParNew: 585068K->41233K(613440K), 0.0238719 secs] 591691K->47856K(2029056K), 0.0239424 secs] [Times: user=0.25 sys=0.00, real=0.02 secs] 
2020-09-29T18:04:19.984+0200: 6.373: [GC (Allocation Failure) 2020-09-29T18:04:19.984+0200: 6.373: [ParNew: 586577K->68005K(613440K), 0.0302979 secs] 593200K->74628K(2029056K), 0.0303766 secs] [Times: user=0.25 sys=0.00, real=0.03 secs] 
2020-09-29T18:04:20.064+0200: 6.453: [GC (Allocation Failure) 2020-09-29T18:04:20.064+0200: 6.453: [ParNew: 613349K->46705K(613440K), 0.0225423 secs] 619972K->53328K(2029056K), 0.0226082 secs] [Times: user=0.20 sys=0.00, real=0.02 secs] 
2020-09-29T18:04:20.145+0200: 6.535: [GC (Allocation Failure) 2020-09-29T18:04:20.145+0200: 6.535: [ParNew: 592049K->39214K(613440K), 0.0197136 secs] 598672K->45837K(2029056K), 0.0197805 secs] [Times: user=0.13 sys=0.00, real=0.02 secs] 
2020-09-29T18:04:20.222+0200: 6.611: [GC (Allocation Failure) 2020-09-29T18:04:20.222+0200: 6.611: [ParNew: 584558K->54204K(613440K), 0.0283945 secs] 591181K->60827K(2029056K), 0.0285090 secs] [Times: user=0.25 sys=0.00, real=0.03 secs] 
2020-09-29T18:04:20.298+0200: 6.687: [GC (Allocation Failure) 2020-09-29T18:04:20.298+0200: 6.687: [ParNew: 599548K->46885K(613440K), 0.0257174 secs] 606171K->53508K(2029056K), 0.0257881 secs] [Times: user=0.25 sys=0.00, real=0.03 secs] 
2020-09-29T18:04:20.371+0200: 6.761: [GC (Allocation Failure) 2020-09-29T18:04:20.371+0200: 6.761: [ParNew: 592229K->36634K(613440K), 0.0159659 secs] 598852K->43257K(2029056K), 0.0160354 secs] [Times: user=0.13 sys=0.00, real=0.02 secs] 
2020-09-29T18:04:20.445+0200: 6.834: [GC (Allocation Failure) 2020-09-29T18:04:20.445+0200: 6.834: [ParNew: 581978K->36860K(613440K), 0.0234668 secs] 588601K->43483K(2029056K), 0.0300495 secs] [Times: user=0.13 sys=0.00, real=0.03 secs] 
2020-09-29T18:04:20.528+0200: 6.918: [GC (Allocation Failure) 2020-09-29T18:04:20.528+0200: 6.918: [ParNew: 582204K->43071K(613440K), 0.0216039 secs] 588827K->49694K(2029056K), 0.0216727 secs] [Times: user=0.13 sys=0.00, real=0.02 secs] 
2020-09-29T18:04:20.606+0200: 6.996: [GC (Allocation Failure) 2020-09-29T18:04:20.606+0200: 6.996: [ParNew: 588415K->54647K(613440K), 0.0285214 secs] 595038K->61270K(2029056K), 0.0286106 secs] [Times: user=0.25 sys=0.00, real=0.03 secs] 
2020-09-29T18:04:20.688+0200: 7.078: [GC (Allocation Failure) 2020-09-29T18:04:20.688+0200: 7.078: [ParNew: 599991K->68096K(613440K), 0.0342846 secs] 606614K->75383K(2029056K), 0.0343995 secs] [Times: user=0.27 sys=0.00, real=0.04 secs] 
2020-09-29T18:04:20.769+0200: 7.159: [GC (Allocation Failure) 2020-09-29T18:04:20.769+0200: 7.159: [ParNew: 613440K->47301K(613440K), 0.0170252 secs] 620727K->54588K(2029056K), 0.0171379 secs] [Times: user=0.17 sys=0.00, real=0.02 secs] 
2020-09-29T18:04:20.853+0200: 7.243: [GC (Allocation Failure) 2020-09-29T18:04:20.853+0200: 7.243: [ParNew: 592645K->44215K(613440K), 0.0244310 secs] 599932K->51503K(2029056K), 0.0245022 secs] [Times: user=0.13 sys=0.00, real=0.03 secs] 
2020-09-29T18:04:20.930+0200: 7.320: [GC (Allocation Failure) 2020-09-29T18:04:20.930+0200: 7.320: [ParNew: 589559K->37309K(613440K), 0.0149612 secs] 596847K->44596K(2029056K), 0.0150278 secs] [Times: user=0.13 sys=0.00, real=0.01 secs] 
2020-09-29T18:04:21.007+0200: 7.397: [GC (Allocation Failure) 2020-09-29T18:04:21.007+0200: 7.397: [ParNew: 582653K->49711K(613440K), 0.0302827 secs] 589940K->56999K(2029056K), 0.0303543 secs] [Times: user=0.25 sys=0.00, real=0.03 secs] 
2020-09-29T18:04:21.085+0200: 7.474: [GC (Allocation Failure) 2020-09-29T18:04:21.085+0200: 7.474: [ParNew: 595055K->44113K(613440K), 0.0198535 secs] 602343K->51400K(2029056K), 0.0199221 secs] [Times: user=0.13 sys=0.00, real=0.02 secs] 
2020-09-29T18:04:21.153+0200: 7.543: [GC (Allocation Failure) 2020-09-29T18:04:21.154+0200: 7.543: [ParNew: 589457K->52513K(613440K), 0.0279075 secs] 596744K->59801K(2029056K), 0.0280001 secs] [Times: user=0.23 sys=0.00, real=0.03 secs] 
2020-09-29T18:04:21.238+0200: 7.628: [GC (Allocation Failure) 2020-09-29T18:04:21.238+0200: 7.628: [ParNew: 597857K->43402K(613440K), 0.0247630 secs] 605145K->50689K(2029056K), 0.0248542 secs] [Times: user=0.25 sys=0.00, real=0.03 secs] 
2020-09-29T18:04:21.317+0200: 7.707: [GC (Allocation Failure) 2020-09-29T18:04:21.317+0200: 7.707: [ParNew: 588270K->7431K(613440K), 0.0058895 secs] 595557K->14718K(2029056K), 0.0059558 secs] [Times: user=0.00 sys=0.00, real=0.01 secs] 
2020-09-29T18:04:21.376+0200: 7.765: [GC (Allocation Failure) 2020-09-29T18:04:21.376+0200: 7.765: [ParNew: 552775K->24667K(613440K), 0.0182255 secs] 560062K->31955K(2029056K), 0.0183109 secs] [Times: user=0.13 sys=0.00, real=0.02 secs] 
2020-09-29T18:04:21.442+0200: 7.831: [GC (Allocation Failure) 2020-09-29T18:04:21.442+0200: 7.831: [ParNew: 570011K->22937K(613440K), 0.0161912 secs] 577299K->30225K(2029056K), 0.0162638 secs] [Times: user=0.13 sys=0.00, real=0.02 secs] 
2020-09-29T18:04:21.511+0200: 7.901: [GC (Allocation Failure) 2020-09-29T18:04:21.511+0200: 7.901: [ParNew: 568281K->47335K(613440K), 0.0301834 secs] 575569K->54622K(2029056K), 0.0302647 secs] [Times: user=0.25 sys=0.00, real=0.03 secs] 
2020-09-29T18:04:21.592+0200: 7.981: [GC (Allocation Failure) 2020-09-29T18:04:21.592+0200: 7.981: [ParNew: 592679K->42401K(613440K), 0.0198547 secs] 599966K->49689K(2029056K), 0.0199306 secs] [Times: user=0.13 sys=0.00, real=0.02 secs] 
2020-09-29T18:04:21.669+0200: 8.059: [GC (Allocation Failure) 2020-09-29T18:04:21.669+0200: 8.059: [ParNew: 587745K->58232K(613440K), 0.0279442 secs] 595033K->65519K(2029056K), 0.0280236 secs] [Times: user=0.25 sys=0.00, real=0.03 secs] 
2020-09-29T18:04:21.753+0200: 8.142: [GC (Allocation Failure) 2020-09-29T18:04:21.753+0200: 8.142: [ParNew: 603576K->46632K(613440K), 0.0274592 secs] 610863K->53919K(2029056K), 0.0275381 secs] [Times: user=0.25 sys=0.00, real=0.03 secs] 
2020-09-29T18:04:21.836+0200: 8.226: [GC (Allocation Failure) 2020-09-29T18:04:21.836+0200: 8.226: [ParNew: 591976K->43505K(613440K), 0.0260569 secs] 599263K->50792K(2029056K), 0.0261294 secs] [Times: user=0.16 sys=0.00, real=0.03 secs] 
2020-09-29T18:04:21.918+0200: 8.307: [GC (Allocation Failure) 2020-09-29T18:04:21.918+0200: 8.307: [ParNew: 588849K->36601K(613440K), 0.0161021 secs] 596136K->43888K(2029056K), 0.0161810 secs] [Times: user=0.13 sys=0.00, real=0.02 secs] 
2020-09-29T18:04:21.981+0200: 8.371: [GC (Allocation Failure) 2020-09-29T18:04:21.981+0200: 8.371: [ParNew: 581945K->48050K(613440K), 0.0303615 secs] 589232K->55337K(2029056K), 0.0304358 secs] [Times: user=0.25 sys=0.00, real=0.03 secs] 
2020-09-29T18:04:22.064+0200: 8.454: [GC (Allocation Failure) 2020-09-29T18:04:22.064+0200: 8.454: [ParNew: 593394K->63626K(613440K), 0.0306257 secs] 600681K->70914K(2029056K), 0.0306961 secs] [Times: user=0.23 sys=0.00, real=0.03 secs] 
2020-09-29T18:04:22.147+0200: 8.536: [GC (Allocation Failure) 2020-09-29T18:04:22.147+0200: 8.537: [ParNew: 608970K->38437K(613440K), 0.0205224 secs] 616258K->45725K(2029056K), 0.0205942 secs] [Times: user=0.13 sys=0.00, real=0.02 secs] 
2020-09-29T18:04:22.224+0200: 8.614: [GC (Allocation Failure) 2020-09-29T18:04:22.224+0200: 8.614: [ParNew: 583781K->39828K(613440K), 0.0244864 secs] 591069K->47115K(2029056K), 0.0245548 secs] [Times: user=0.13 sys=0.00, real=0.03 secs] 
2020-09-29T18:04:22.298+0200: 8.688: [GC (Allocation Failure) 2020-09-29T18:04:22.298+0200: 8.688: [ParNew: 585172K->33434K(613440K), 0.0150946 secs] 592459K->40721K(2029056K), 0.0151690 secs] [Times: user=0.13 sys=0.00, real=0.01 secs] 
2020-09-29T18:04:22.371+0200: 8.761: [GC (Allocation Failure) 2020-09-29T18:04:22.371+0200: 8.761: [ParNew: 578778K->53545K(613440K), 0.0293434 secs] 586065K->60832K(2029056K), 0.0294152 secs] [Times: user=0.25 sys=0.00, real=0.03 secs] 
2020-09-29T18:04:22.456+0200: 8.846: [GC (Allocation Failure) 2020-09-29T18:04:22.456+0200: 8.846: [ParNew: 598889K->68096K(613440K), 0.0376394 secs] 606176K->75938K(2029056K), 0.0377082 secs] [Times: user=0.36 sys=0.00, real=0.04 secs] 
2020-09-29T18:04:22.543+0200: 8.933: [GC (Allocation Failure) 2020-09-29T18:04:22.543+0200: 8.933: [ParNew: 613440K->62263K(613440K), 0.0293856 secs] 621282K->70105K(2029056K), 0.0294928 secs] [Times: user=0.25 sys=0.00, real=0.03 secs] 
2020-09-29T18:04:22.624+0200: 9.014: [GC (Allocation Failure) 2020-09-29T18:04:22.624+0200: 9.014: [ParNew: 607607K->44060K(613440K), 0.0290165 secs] 615449K->51903K(2029056K), 0.0290971 secs] [Times: user=0.22 sys=0.00, real=0.03 secs] 
2020-09-29T18:04:22.709+0200: 9.098: [GC (Allocation Failure) 2020-09-29T18:04:22.709+0200: 9.098: [ParNew: 589404K->45644K(613440K), 0.0274963 secs] 597247K->53487K(2029056K), 0.0275801 secs] [Times: user=0.13 sys=0.00, real=0.03 secs] 
2020-09-29T18:04:22.792+0200: 9.181: [GC (Allocation Failure) 2020-09-29T18:04:22.792+0200: 9.181: [ParNew: 590988K->42476K(613440K), 0.0271187 secs] 598831K->50319K(2029056K), 0.0272029 secs] [Times: user=0.25 sys=0.00, real=0.03 secs] 
2020-09-29T18:04:22.871+0200: 9.259: [GC (Allocation Failure) 2020-09-29T18:04:22.871+0200: 9.259: [ParNew: 587820K->46189K(613440K), 0.0247323 secs] 595663K->54031K(2029056K), 0.0248145 secs] [Times: user=0.13 sys=0.00, real=0.02 secs] 
2020-09-29T18:04:22.945+0200: 9.334: [GC (Allocation Failure) 2020-09-29T18:04:22.945+0200: 9.334: [ParNew: 591533K->67926K(613440K), 0.0310387 secs] 599375K->75769K(2029056K), 0.0311227 secs] [Times: user=0.25 sys=0.00, real=0.03 secs] 
2020-09-29T18:04:23.027+0200: 9.415: [GC (Allocation Failure) 2020-09-29T18:04:23.027+0200: 9.415: [ParNew: 613270K->47603K(613440K), 0.0226831 secs] 621113K->55445K(2029056K), 0.0227583 secs] [Times: user=0.13 sys=0.00, real=0.02 secs] 
2020-09-29T18:04:23.106+0200: 9.494: [GC (Allocation Failure) 2020-09-29T18:04:23.106+0200: 9.494: [ParNew: 592947K->64002K(613440K), 0.0299431 secs] 600789K->71845K(2029056K), 0.0300122 secs] [Times: user=0.25 sys=0.00, real=0.03 secs] 
2020-09-29T18:04:23.186+0200: 9.575: [GC (Allocation Failure) 2020-09-29T18:04:23.187+0200: 9.575: [ParNew: 609346K->39519K(613440K), 0.0232619 secs] 617189K->47361K(2029056K), 0.0234123 secs] [Times: user=0.22 sys=0.00, real=0.02 secs] 
2020-09-29T18:04:23.263+0200: 9.651: [GC (Allocation Failure) 2020-09-29T18:04:23.263+0200: 9.651: [ParNew: 584863K->58442K(613440K), 0.0263759 secs] 592705K->66284K(2029056K), 0.0264429 secs] [Times: user=0.25 sys=0.00, real=0.03 secs] 
2020-09-29T18:04:23.336+0200: 9.725: [GC (Allocation Failure) 2020-09-29T18:04:23.336+0200: 9.725: [ParNew: 603786K->46287K(613440K), 0.0236309 secs] 611628K->54129K(2029056K), 0.0236995 secs] [Times: user=0.13 sys=0.00, real=0.02 secs] 
2020-09-29T18:04:23.413+0200: 9.802: [GC (Allocation Failure) 2020-09-29T18:04:23.413+0200: 9.802: [ParNew: 591631K->58929K(613440K), 0.0221803 secs] 599473K->66772K(2029056K), 0.0222342 secs] [Times: user=0.13 sys=0.00, real=0.02 secs] 
2020-09-29T18:04:23.482+0200: 9.871: [GC (Allocation Failure) 2020-09-29T18:04:23.482+0200: 9.871: [ParNew: 604273K->38341K(613440K), 0.0154798 secs] 612116K->46184K(2029056K), 0.0155354 secs] [Times: user=0.11 sys=0.00, real=0.02 secs] 
2020-09-29T18:04:23.545+0200: 9.934: [GC (Allocation Failure) 2020-09-29T18:04:23.545+0200: 9.934: [ParNew: 583685K->58637K(613440K), 0.0188988 secs] 591528K->66479K(2029056K), 0.0189639 secs] [Times: user=0.13 sys=0.00, real=0.02 secs] 
2020-09-29T18:04:23.618+0200: 10.007: [GC (Allocation Failure) 2020-09-29T18:04:23.618+0200: 10.007: [ParNew: 603981K->46661K(613440K), 0.0203256 secs] 611823K->54503K(2029056K), 0.0204163 secs] [Times: user=0.13 sys=0.00, real=0.02 secs] 
2020-09-29T18:04:23.691+0200: 10.080: [GC (Allocation Failure) 2020-09-29T18:04:23.691+0200: 10.080: [ParNew: 592005K->64328K(613440K), 0.0249712 secs] 599847K->72170K(2029056K), 0.0250529 secs] [Times: user=0.25 sys=0.00, real=0.03 secs] 
2020-09-29T18:04:23.765+0200: 10.154: [GC (Allocation Failure) 2020-09-29T18:04:23.765+0200: 10.154: [ParNew: 609672K->44233K(613440K), 0.0181519 secs] 617514K->52075K(2029056K), 0.0182362 secs] [Times: user=0.13 sys=0.00, real=0.02 secs] 
2020-09-29T18:04:23.832+0200: 10.220: [GC (Allocation Failure) 2020-09-29T18:04:23.832+0200: 10.221: [ParNew: 589577K->62846K(613440K), 0.0206690 secs] 597419K->70688K(2029056K), 0.0207350 secs] [Times: user=0.25 sys=0.00, real=0.02 secs] 
2020-09-29T18:04:23.900+0200: 10.288: [GC (Allocation Failure) 2020-09-29T18:04:23.900+0200: 10.288: [ParNew: 608190K->41855K(613440K), 0.0139029 secs] 616032K->49697K(2029056K), 0.0139708 secs] [Times: user=0.13 sys=0.00, real=0.01 secs] 
2020-09-29T18:04:23.960+0200: 10.349: [GC (Allocation Failure) 2020-09-29T18:04:23.960+0200: 10.349: [ParNew: 587199K->23311K(613440K), 0.0124973 secs] 595041K->31153K(2029056K), 0.0125524 secs] [Times: user=0.00 sys=0.00, real=0.01 secs] 
2020-09-29T18:04:24.024+0200: 10.413: [GC (Allocation Failure) 2020-09-29T18:04:24.024+0200: 10.413: [ParNew: 568655K->36868K(613440K), 0.0171824 secs] 576497K->44710K(2029056K), 0.0172404 secs] [Times: user=0.13 sys=0.00, real=0.02 secs] 
2020-09-29T18:04:24.088+0200: 10.477: [GC (Allocation Failure) 2020-09-29T18:04:24.088+0200: 10.477: [ParNew: 582212K->40608K(613440K), 0.0163382 secs] 590054K->48450K(2029056K), 0.0164142 secs] [Times: user=0.13 sys=0.00, real=0.02 secs] 
2020-09-29T18:04:24.152+0200: 10.541: [GC (Allocation Failure) 2020-09-29T18:04:24.152+0200: 10.541: [ParNew: 585952K->61591K(613440K), 0.0218919 secs] 593794K->69433K(2029056K), 0.0219553 secs] [Times: user=0.13 sys=0.00, real=0.02 secs] 
2020-09-29T18:04:24.226+0200: 10.614: [GC (Allocation Failure) 2020-09-29T18:04:24.226+0200: 10.614: [ParNew: 606935K->49230K(613440K), 0.0223236 secs] 614777K->57072K(2029056K), 0.0223969 secs] [Times: user=0.13 sys=0.00, real=0.02 secs] 
2020-09-29T18:04:24.299+0200: 10.688: [GC (Allocation Failure) 2020-09-29T18:04:24.299+0200: 10.688: [ParNew: 594574K->47776K(613440K), 0.0195119 secs] 602416K->55618K(2029056K), 0.0195643 secs] [Times: user=0.25 sys=0.00, real=0.02 secs] 
2020-09-29T18:04:24.367+0200: 10.756: [GC (Allocation Failure) 2020-09-29T18:04:24.367+0200: 10.756: [ParNew: 593120K->44156K(613440K), 0.0196245 secs] 600962K->51998K(2029056K), 0.0196845 secs] [Times: user=0.13 sys=0.00, real=0.02 secs] 
2020-09-29T18:04:24.434+0200: 10.823: [GC (Allocation Failure) 2020-09-29T18:04:24.434+0200: 10.823: [ParNew: 589500K->47169K(613440K), 0.0180940 secs] 597342K->55011K(2029056K), 0.0181566 secs] [Times: user=0.13 sys=0.00, real=0.02 secs] 
2020-09-29T18:04:24.499+0200: 10.888: [GC (Allocation Failure) 2020-09-29T18:04:24.499+0200: 10.888: [ParNew: 592513K->35499K(613440K), 0.0099968 secs] 600355K->43341K(2029056K), 0.0100517 secs] [Times: user=0.13 sys=0.00, real=0.01 secs] 
2020-09-29T18:04:24.556+0200: 10.945: [GC (Allocation Failure) 2020-09-29T18:04:24.564+0200: 10.952: [ParNew: 580843K->46956K(613440K), 0.0210292 secs] 588685K->54799K(2029056K), 0.0287894 secs] [Times: user=0.25 sys=0.00, real=0.03 secs] 
2020-09-29T18:04:24.633+0200: 11.022: [GC (Allocation Failure) 2020-09-29T18:04:24.633+0200: 11.022: [ParNew: 592300K->56323K(613440K), 0.0222627 secs] 600143K->64165K(2029056K), 0.0223257 secs] [Times: user=0.11 sys=0.00, real=0.02 secs] 
2020-09-29T18:04:24.704+0200: 11.093: [GC (Allocation Failure) 2020-09-29T18:04:24.704+0200: 11.093: [ParNew: 601667K->40762K(613440K), 0.0196355 secs] 609509K->48604K(2029056K), 0.0196988 secs] [Times: user=0.25 sys=0.00, real=0.02 secs] 
2020-09-29T18:04:24.771+0200: 11.160: [GC (Allocation Failure) 2020-09-29T18:04:24.771+0200: 11.160: [ParNew: 586106K->45396K(613440K), 0.0197074 secs] 593948K->53238K(2029056K), 0.0197781 secs] [Times: user=0.13 sys=0.00, real=0.02 secs] 
2020-09-29T18:04:24.838+0200: 11.227: [GC (Allocation Failure) 2020-09-29T18:04:24.838+0200: 11.227: [ParNew: 590740K->43673K(613440K), 0.0157290 secs] 598582K->51515K(2029056K), 0.0157869 secs] [Times: user=0.13 sys=0.00, real=0.02 secs] 
2020-09-29T18:04:24.905+0200: 11.294: [GC (Allocation Failure) 2020-09-29T18:04:24.905+0200: 11.294: [ParNew: 589017K->62702K(613440K), 0.0214837 secs] 596859K->70544K(2029056K), 0.0215656 secs] [Times: user=0.25 sys=0.00, real=0.02 secs] 
2020-09-29T18:04:24.975+0200: 11.364: [GC (Allocation Failure) 2020-09-29T18:04:24.975+0200: 11.364: [ParNew: 608046K->52094K(613440K), 0.0214455 secs] 615888K->59936K(2029056K), 0.0215030 secs] [Times: user=0.13 sys=0.00, real=0.02 secs] 
2020-09-29T18:04:25.044+0200: 11.433: [GC (Allocation Failure) 2020-09-29T18:04:25.044+0200: 11.433: [ParNew: 597438K->48591K(613440K), 0.0206406 secs] 605280K->56434K(2029056K), 0.0207015 secs] [Times: user=0.13 sys=0.00, real=0.02 secs] 
2020-09-29T18:04:25.113+0200: 11.502: [GC (Allocation Failure) 2020-09-29T18:04:25.113+0200: 11.502: [ParNew: 593935K->45558K(613440K), 0.0209289 secs] 601778K->53400K(2029056K), 0.0209962 secs] [Times: user=0.20 sys=0.00, real=0.02 secs] 
2020-09-29T18:04:25.182+0200: 11.571: [GC (Allocation Failure) 2020-09-29T18:04:25.182+0200: 11.571: [ParNew: 590902K->36347K(613440K), 0.0129564 secs] 598744K->44189K(2029056K), 0.0130274 secs] [Times: user=0.13 sys=0.00, real=0.01 secs] 
2020-09-29T18:04:25.250+0200: 11.639: [GC (Allocation Failure) 2020-09-29T18:04:25.250+0200: 11.639: [ParNew: 581691K->39558K(613440K), 0.0180063 secs] 589533K->47400K(2029056K), 0.0180819 secs] [Times: user=0.13 sys=0.00, real=0.02 secs] 
2020-09-29T18:04:25.319+0200: 11.708: [GC (Allocation Failure) 2020-09-29T18:04:25.319+0200: 11.708: [ParNew: 584902K->57992K(613440K), 0.0209426 secs] 592744K->65835K(2029056K), 0.0209998 secs] [Times: user=0.13 sys=0.00, real=0.02 secs] 
2020-09-29T18:04:25.390+0200: 11.779: [GC (Allocation Failure) 2020-09-29T18:04:25.390+0200: 11.779: [ParNew: 603336K->54748K(613440K), 0.0208281 secs] 611179K->62591K(2029056K), 0.0208826 secs] [Times: user=0.13 sys=0.00, real=0.02 secs] 
2020-09-29T18:04:25.458+0200: 11.847: [GC (Allocation Failure) 2020-09-29T18:04:25.458+0200: 11.847: [ParNew: 600092K->42480K(613440K), 0.0134492 secs] 607935K->50322K(2029056K), 0.0135031 secs] [Times: user=0.00 sys=0.00, real=0.01 secs] 
2020-09-29T18:04:25.524+0200: 11.912: [GC (Allocation Failure) 2020-09-29T18:04:25.524+0200: 11.912: [ParNew: 587824K->43281K(613440K), 0.0181514 secs] 595666K->51124K(2029056K), 0.0182404 secs] [Times: user=0.13 sys=0.00, real=0.02 secs] 
2020-09-29T18:04:25.590+0200: 11.979: [GC (Allocation Failure) 2020-09-29T18:04:25.590+0200: 11.979: [ParNew: 588625K->34662K(613440K), 0.0122747 secs] 596468K->42505K(2029056K), 0.0123427 secs] [Times: user=0.11 sys=0.00, real=0.01 secs] 
2020-09-29T18:04:25.656+0200: 12.045: [GC (Allocation Failure) 2020-09-29T18:04:25.656+0200: 12.045: [ParNew: 580006K->59157K(613440K), 0.0231973 secs] 587849K->66999K(2029056K), 0.0232722 secs] [Times: user=0.25 sys=0.00, real=0.02 secs] 
2020-09-29T18:04:25.727+0200: 12.116: [GC (Allocation Failure) 2020-09-29T18:04:25.727+0200: 12.116: [ParNew: 604501K->44191K(613440K), 0.0167921 secs] 612343K->52033K(2029056K), 0.0168502 secs] [Times: user=0.13 sys=0.00, real=0.02 secs] 
2020-09-29T18:04:25.797+0200: 12.186: [GC (Allocation Failure) 2020-09-29T18:04:25.797+0200: 12.186: [ParNew: 589535K->41403K(613440K), 0.0164811 secs] 597377K->49245K(2029056K), 0.0165456 secs] [Times: user=0.13 sys=0.00, real=0.02 secs] 
2020-09-29T18:04:25.861+0200: 12.249: [GC (Allocation Failure) 2020-09-29T18:04:25.861+0200: 12.249: [ParNew: 586747K->37325K(613440K), 0.0150911 secs] 594589K->45167K(2029056K), 0.0151502 secs] [Times: user=0.13 sys=0.00, real=0.01 secs] 
2020-09-29T18:04:25.923+0200: 12.312: [GC (Allocation Failure) 2020-09-29T18:04:25.923+0200: 12.312: [ParNew: 582669K->35149K(613440K), 0.0146168 secs] 590511K->42991K(2029056K), 0.0146716 secs] [Times: user=0.13 sys=0.00, real=0.01 secs] 
2020-09-29T18:04:25.987+0200: 12.376: [GC (Allocation Failure) 2020-09-29T18:04:25.987+0200: 12.376: [ParNew: 580493K->27296K(613440K), 0.0150521 secs] 588335K->35138K(2029056K), 0.0151029 secs] [Times: user=0.13 sys=0.00, real=0.02 secs] 
2020-09-29T18:04:26.050+0200: 12.439: [GC (Allocation Failure) 2020-09-29T18:04:26.050+0200: 12.439: [ParNew: 572640K->52062K(613440K), 0.0186785 secs] 580482K->59904K(2029056K), 0.0187314 secs] [Times: user=0.25 sys=0.00, real=0.02 secs] 
2020-09-29T18:04:26.117+0200: 12.505: [GC (Allocation Failure) 2020-09-29T18:04:26.117+0200: 12.505: [ParNew: 597406K->41242K(613440K), 0.0181081 secs] 605248K->49084K(2029056K), 0.0181669 secs] [Times: user=0.13 sys=0.00, real=0.02 secs] 
2020-09-29T18:04:26.186+0200: 12.574: [GC (Allocation Failure) 2020-09-29T18:04:26.186+0200: 12.574: [ParNew: 586586K->35909K(613440K), 0.0198373 secs] 594428K->43751K(2029056K), 0.0199179 secs] [Times: user=0.11 sys=0.00, real=0.02 secs] 
2020-09-29T18:04:26.254+0200: 12.643: [GC (Allocation Failure) 2020-09-29T18:04:26.254+0200: 12.643: [ParNew: 581253K->35889K(613440K), 0.0150271 secs] 589095K->43731K(2029056K), 0.0150835 secs] [Times: user=0.13 sys=0.00, real=0.02 secs] 
2020-09-29T18:04:26.317+0200: 12.705: [GC (Allocation Failure) 2020-09-29T18:04:26.317+0200: 12.705: [ParNew: 581233K->30885K(613440K), 0.0139447 secs] 589075K->38727K(2029056K), 0.0140104 secs] [Times: user=0.00 sys=0.00, real=0.01 secs] 
2020-09-29T18:04:26.380+0200: 12.769: [GC (Allocation Failure) 2020-09-29T18:04:26.380+0200: 12.769: [ParNew: 576229K->46650K(613440K), 0.0178797 secs] 584071K->54492K(2029056K), 0.0179380 secs] [Times: user=0.13 sys=0.00, real=0.02 secs] 
2020-09-29T18:04:26.448+0200: 12.837: [GC (Allocation Failure) 2020-09-29T18:04:26.448+0200: 12.837: [ParNew: 591994K->59600K(613440K), 0.0229225 secs] 599836K->67442K(2029056K), 0.0229779 secs] [Times: user=0.13 sys=0.00, real=0.02 secs] 
2020-09-29T18:04:26.520+0200: 12.908: [GC (Allocation Failure) 2020-09-29T18:04:26.520+0200: 12.908: [ParNew: 604944K->43447K(613440K), 0.0169930 secs] 612786K->51290K(2029056K), 0.0170498 secs] [Times: user=0.13 sys=0.00, real=0.02 secs] 
2020-09-29T18:04:26.592+0200: 12.981: [GC (Allocation Failure) 2020-09-29T18:04:26.592+0200: 12.981: [ParNew: 588791K->63979K(613440K), 0.0216258 secs] 596634K->71821K(2029056K), 0.0217081 secs] [Times: user=0.25 sys=0.00, real=0.02 secs] 
2020-09-29T18:04:26.665+0200: 13.054: [GC (Allocation Failure) 2020-09-29T18:04:26.665+0200: 13.054: [ParNew: 609323K->41144K(613440K), 0.0146320 secs] 617165K->48987K(2029056K), 0.0146883 secs] [Times: user=0.13 sys=0.00, real=0.02 secs] 
2020-09-29T18:04:26.727+0200: 13.116: [GC (Allocation Failure) 2020-09-29T18:04:26.727+0200: 13.116: [ParNew: 586488K->38363K(613440K), 0.0139399 secs] 594331K->46205K(2029056K), 0.0139952 secs] [Times: user=0.13 sys=0.00, real=0.01 secs] 
2020-09-29T18:04:26.793+0200: 13.182: [GC (Allocation Failure) 2020-09-29T18:04:26.793+0200: 13.182: [ParNew: 583707K->31084K(613440K), 0.0137037 secs] 591549K->38926K(2029056K), 0.0137622 secs] [Times: user=0.13 sys=0.00, real=0.01 secs] 
2020-09-29T18:04:26.857+0200: 13.246: [GC (Allocation Failure) 2020-09-29T18:04:26.857+0200: 13.246: [ParNew: 576428K->47166K(613440K), 0.0180059 secs] 584270K->55008K(2029056K), 0.0180691 secs] [Times: user=0.13 sys=0.00, real=0.02 secs] 
2020-09-29T18:04:26.925+0200: 13.314: [GC (Allocation Failure) 2020-09-29T18:04:26.925+0200: 13.314: [ParNew: 592510K->29736K(613440K), 0.0097325 secs] 600352K->37578K(2029056K), 0.0097913 secs] [Times: user=0.13 sys=0.00, real=0.01 secs] 
2020-09-29T18:04:26.982+0200: 13.371: [GC (Allocation Failure) 2020-09-29T18:04:26.982+0200: 13.371: [ParNew: 575080K->50036K(613440K), 0.0203723 secs] 582922K->57878K(2029056K), 0.0204545 secs] [Times: user=0.11 sys=0.00, real=0.02 secs] 
2020-09-29T18:04:27.050+0200: 13.438: [GC (Allocation Failure) 2020-09-29T18:04:27.050+0200: 13.438: [ParNew: 595380K->60229K(613440K), 0.0189993 secs] 603222K->68071K(2029056K), 0.0190553 secs] [Times: user=0.25 sys=0.00, real=0.02 secs] 
2020-09-29T18:04:27.120+0200: 13.509: [GC (Allocation Failure) 2020-09-29T18:04:27.120+0200: 13.509: [ParNew: 605573K->38065K(613440K), 0.0164021 secs] 613415K->45908K(2029056K), 0.0164922 secs] [Times: user=0.13 sys=0.00, real=0.02 secs] 
2020-09-29T18:04:27.193+0200: 13.581: [GC (Allocation Failure) 2020-09-29T18:04:27.193+0200: 13.582: [ParNew: 583409K->43635K(613440K), 0.0209452 secs] 591252K->51477K(2029056K), 0.0210644 secs] [Times: user=0.11 sys=0.00, real=0.02 secs] 
2020-09-29T18:04:27.265+0200: 13.654: [GC (Allocation Failure) 2020-09-29T18:04:27.265+0200: 13.654: [ParNew: 588979K->59090K(613440K), 0.0210986 secs] 596821K->66933K(2029056K), 0.0211868 secs] [Times: user=0.25 sys=0.00, real=0.02 secs] 
2020-09-29T18:04:27.337+0200: 13.725: [GC (Allocation Failure) 2020-09-29T18:04:27.337+0200: 13.725: [ParNew: 604434K->47112K(613440K), 0.0202312 secs] 612277K->54954K(2029056K), 0.0202885 secs] [Times: user=0.13 sys=0.00, real=0.02 secs] 
2020-09-29T18:04:27.407+0200: 13.796: [GC (Allocation Failure) 2020-09-29T18:04:27.408+0200: 13.796: [ParNew: 592456K->68096K(613440K), 0.0258053 secs] 600298K->77564K(2029056K), 0.0258655 secs] [Times: user=0.25 sys=0.00, real=0.03 secs] 
2020-09-29T18:04:27.482+0200: 13.870: [GC (Allocation Failure) 2020-09-29T18:04:27.482+0200: 13.870: [ParNew: 613440K->59917K(613440K), 0.0185083 secs] 622908K->69386K(2029056K), 0.0185803 secs] [Times: user=0.13 sys=0.00, real=0.02 secs] 
2020-09-29T18:04:27.547+0200: 13.936: [GC (Allocation Failure) 2020-09-29T18:04:27.547+0200: 13.936: [ParNew: 605261K->51789K(613440K), 0.0172873 secs] 614730K->61258K(2029056K), 0.0173652 secs] [Times: user=0.13 sys=0.00, real=0.02 secs] 
2020-09-29T18:04:27.615+0200: 14.004: [GC (Allocation Failure) 2020-09-29T18:04:27.615+0200: 14.004: [ParNew: 597133K->56373K(613440K), 0.0190736 secs] 606602K->65842K(2029056K), 0.0191435 secs] [Times: user=0.11 sys=0.00, real=0.02 secs] 
2020-09-29T18:04:27.684+0200: 14.073: [GC (Allocation Failure) 2020-09-29T18:04:27.684+0200: 14.073: [ParNew: 601717K->57419K(613440K), 0.0219021 secs] 611186K->66888K(2029056K), 0.0219551 secs] [Times: user=0.13 sys=0.00, real=0.02 secs] 
2020-09-29T18:04:27.753+0200: 14.142: [GC (Allocation Failure) 2020-09-29T18:04:27.754+0200: 14.142: [ParNew: 602763K->49608K(613440K), 0.0157429 secs] 612232K->59077K(2029056K), 0.0158031 secs] [Times: user=0.13 sys=0.00, real=0.02 secs] 
2020-09-29T18:04:27.820+0200: 14.208: [GC (Allocation Failure) 2020-09-29T18:04:27.820+0200: 14.209: [ParNew: 594952K->46705K(613440K), 0.0208957 secs] 604421K->56174K(2029056K), 0.0209584 secs] [Times: user=0.13 sys=0.00, real=0.02 secs] 
2020-09-29T18:04:27.891+0200: 14.280: [GC (Allocation Failure) 2020-09-29T18:04:27.891+0200: 14.280: [ParNew: 592049K->43023K(613440K), 0.0140663 secs] 601518K->52492K(2029056K), 0.0141238 secs] [Times: user=0.13 sys=0.00, real=0.01 secs] 
2020-09-29T18:04:27.955+0200: 14.344: [GC (Allocation Failure) 2020-09-29T18:04:27.955+0200: 14.344: [ParNew: 588367K->54234K(613440K), 0.0197946 secs] 597836K->63703K(2029056K), 0.0198519 secs] [Times: user=0.25 sys=0.00, real=0.02 secs] 
2020-09-29T18:04:28.024+0200: 14.413: [GC (Allocation Failure) 2020-09-29T18:04:28.024+0200: 14.413: [ParNew: 599578K->58552K(613440K), 0.0192355 secs] 609047K->68021K(2029056K), 0.0192962 secs] [Times: user=0.13 sys=0.00, real=0.02 secs] 
2020-09-29T18:04:28.093+0200: 14.481: [GC (Allocation Failure) 2020-09-29T18:04:28.093+0200: 14.481: [ParNew: 603896K->39421K(613440K), 0.0137853 secs] 613365K->48890K(2029056K), 0.0138746 secs] [Times: user=0.13 sys=0.00, real=0.01 secs] 
2020-09-29T18:04:28.156+0200: 14.545: [GC (Allocation Failure) 2020-09-29T18:04:28.156+0200: 14.545: [ParNew: 584765K->38060K(613440K), 0.0182784 secs] 594234K->47529K(2029056K), 0.0183395 secs] [Times: user=0.13 sys=0.00, real=0.02 secs] 
2020-09-29T18:04:28.226+0200: 14.614: [GC (Allocation Failure) 2020-09-29T18:04:28.226+0200: 14.614: [ParNew: 583404K->58762K(613440K), 0.0238890 secs] 592873K->68231K(2029056K), 0.0239873 secs] [Times: user=0.13 sys=0.00, real=0.02 secs] 
2020-09-29T18:04:28.301+0200: 14.689: [GC (Allocation Failure) 2020-09-29T18:04:28.301+0200: 14.689: [ParNew: 604106K->51072K(613440K), 0.0166626 secs] 613575K->60540K(2029056K), 0.0167263 secs] [Times: user=0.13 sys=0.00, real=0.02 secs] 
2020-09-29T18:04:28.368+0200: 14.757: [GC (Allocation Failure) 2020-09-29T18:04:28.368+0200: 14.757: [ParNew: 596416K->43186K(613440K), 0.0166177 secs] 605884K->52655K(2029056K), 0.0166801 secs] [Times: user=0.13 sys=0.00, real=0.02 secs] 
2020-09-29T18:04:28.441+0200: 14.829: [GC (Allocation Failure) 2020-09-29T18:04:28.441+0200: 14.829: [ParNew: 588530K->31700K(613440K), 0.0139203 secs] 597999K->41169K(2029056K), 0.0139880 secs] [Times: user=0.11 sys=0.00, real=0.01 secs] 
2020-09-29T18:04:28.503+0200: 14.892: [GC (Allocation Failure) 2020-09-29T18:04:28.503+0200: 14.892: [ParNew: 577044K->25654K(613440K), 0.0141756 secs] 586513K->35123K(2029056K), 0.0142381 secs] [Times: user=0.13 sys=0.00, real=0.01 secs] 
2020-09-29T18:04:28.566+0200: 14.955: [GC (Allocation Failure) 2020-09-29T18:04:28.566+0200: 14.955: [ParNew: 570998K->25892K(613440K), 0.0126004 secs] 580467K->35361K(2029056K), 0.0126591 secs] [Times: user=0.13 sys=0.00, real=0.01 secs] 
2020-09-29T18:04:28.631+0200: 15.020: [GC (Allocation Failure) 2020-09-29T18:04:28.631+0200: 15.020: [ParNew: 571236K->40691K(613440K), 0.0167013 secs] 580705K->50160K(2029056K), 0.0235490 secs] [Times: user=0.13 sys=0.00, real=0.02 secs] 
2020-09-29T18:04:28.706+0200: 15.094: [GC (Allocation Failure) 2020-09-29T18:04:28.706+0200: 15.094: [ParNew: 586035K->68096K(613440K), 0.0262468 secs] 595504K->77873K(2029056K), 0.0263105 secs] [Times: user=0.25 sys=0.00, real=0.03 secs] 
2020-09-29T18:04:28.779+0200: 15.168: [GC (Allocation Failure) 2020-09-29T18:04:28.779+0200: 15.168: [ParNew: 613440K->55199K(613440K), 0.0206983 secs] 623217K->64977K(2029056K), 0.0207752 secs] [Times: user=0.13 sys=0.00, real=0.02 secs] 
2020-09-29T18:04:28.848+0200: 15.236: [GC (Allocation Failure) 2020-09-29T18:04:28.848+0200: 15.236: [ParNew: 600543K->47634K(613440K), 0.0192837 secs] 610321K->57412K(2029056K), 0.0193418 secs] [Times: user=0.25 sys=0.00, real=0.02 secs] 
2020-09-29T18:04:28.914+0200: 15.303: [GC (Allocation Failure) 2020-09-29T18:04:28.914+0200: 15.303: [ParNew: 592978K->42184K(613440K), 0.0189231 secs] 602756K->51961K(2029056K), 0.0189860 secs] [Times: user=0.11 sys=0.00, real=0.02 secs] 
2020-09-29T18:04:28.981+0200: 15.370: [GC (Allocation Failure) 2020-09-29T18:04:28.981+0200: 15.370: [ParNew: 587528K->46172K(613440K), 0.0177629 secs] 597305K->55949K(2029056K), 0.0178327 secs] [Times: user=0.13 sys=0.00, real=0.02 secs] 
2020-09-29T18:04:29.048+0200: 15.437: [GC (Allocation Failure) 2020-09-29T18:04:29.048+0200: 15.437: [ParNew: 591516K->68096K(613440K), 0.0224808 secs] 601293K->77873K(2029056K), 0.0225366 secs] [Times: user=0.25 sys=0.00, real=0.02 secs] 
2020-09-29T18:04:29.118+0200: 15.507: [GC (Allocation Failure) 2020-09-29T18:04:29.118+0200: 15.507: [ParNew: 613440K->47029K(613440K), 0.0178139 secs] 623217K->56807K(2029056K), 0.0178726 secs] [Times: user=0.13 sys=0.00, real=0.02 secs] 
2020-09-29T18:04:29.184+0200: 15.572: [GC (Allocation Failure) 2020-09-29T18:04:29.184+0200: 15.572: [ParNew: 592373K->32744K(613440K), 0.0090564 secs] 602151K->42522K(2029056K), 0.0091286 secs] [Times: user=0.13 sys=0.00, real=0.01 secs] 
2020-09-29T18:04:29.249+0200: 15.638: [GC (Allocation Failure) 2020-09-29T18:04:29.249+0200: 15.638: [ParNew: 578088K->41357K(613440K), 0.0188542 secs] 587866K->51135K(2029056K), 0.0189274 secs] [Times: user=0.13 sys=0.00, real=0.02 secs] 
2020-09-29T18:04:29.318+0200: 15.707: [GC (Allocation Failure) 2020-09-29T18:04:29.318+0200: 15.707: [ParNew: 586701K->37767K(613440K), 0.0119175 secs] 596479K->47545K(2029056K), 0.0119741 secs] [Times: user=0.00 sys=0.00, real=0.01 secs] 
2020-09-29T18:04:29.377+0200: 15.765: [GC (Allocation Failure) 2020-09-29T18:04:29.377+0200: 15.766: [ParNew: 583111K->43171K(613440K), 0.0175606 secs] 592889K->52949K(2029056K), 0.0176282 secs] [Times: user=0.13 sys=0.00, real=0.02 secs] 
2020-09-29T18:04:29.444+0200: 15.832: [GC (Allocation Failure) 2020-09-29T18:04:29.444+0200: 15.833: [ParNew: 588515K->53070K(613440K), 0.0178516 secs] 598293K->62848K(2029056K), 0.0179091 secs] [Times: user=0.13 sys=0.00, real=0.02 secs] 
2020-09-29T18:04:29.516+0200: 15.904: [GC (Allocation Failure) 2020-09-29T18:04:29.516+0200: 15.904: [ParNew: 598414K->37105K(613440K), 0.0159395 secs] 608192K->46882K(2029056K), 0.0159968 secs] [Times: user=0.13 sys=0.00, real=0.02 secs] 
2020-09-29T18:04:29.580+0200: 15.969: [GC (Allocation Failure) 2020-09-29T18:04:29.580+0200: 15.969: [ParNew: 582449K->48681K(613440K), 0.0209485 secs] 592226K->58458K(2029056K), 0.0210118 secs] [Times: user=0.24 sys=0.00, real=0.02 secs] 
2020-09-29T18:04:29.652+0200: 16.041: [GC (Allocation Failure) 2020-09-29T18:04:29.652+0200: 16.041: [ParNew: 594025K->39847K(613440K), 0.0152307 secs] 603802K->49625K(2029056K), 0.0153027 secs] [Times: user=0.13 sys=0.00, real=0.02 secs] 
2020-09-29T18:04:29.719+0200: 16.107: [GC (Allocation Failure) 2020-09-29T18:04:29.719+0200: 16.108: [ParNew: 585191K->39791K(613440K), 0.0180310 secs] 594969K->49569K(2029056K), 0.0180953 secs] [Times: user=0.13 sys=0.00, real=0.02 secs] 
2020-09-29T18:04:29.788+0200: 16.177: [GC (Allocation Failure) 2020-09-29T18:04:29.788+0200: 16.177: [ParNew: 585135K->52441K(613440K), 0.0186580 secs] 594913K->62219K(2029056K), 0.0187169 secs] [Times: user=0.13 sys=0.00, real=0.02 secs] 
2020-09-29T18:04:29.853+0200: 16.242: [GC (Allocation Failure) 2020-09-29T18:04:29.853+0200: 16.242: [ParNew: 597785K->41338K(613440K), 0.0162220 secs] 607563K->51116K(2029056K), 0.0162910 secs] [Times: user=0.13 sys=0.00, real=0.02 secs] 
2020-09-29T18:04:29.919+0200: 16.307: [GC (Allocation Failure) 2020-09-29T18:04:29.919+0200: 16.307: [ParNew: 586682K->40979K(613440K), 0.0157702 secs] 596460K->50756K(2029056K), 0.0158254 secs] [Times: user=0.13 sys=0.00, real=0.02 secs] 
2020-09-29T18:04:29.985+0200: 16.373: [GC (Allocation Failure) 2020-09-29T18:04:29.985+0200: 16.373: [ParNew: 586323K->38041K(613440K), 0.0153617 secs] 596100K->47819K(2029056K), 0.0154183 secs] [Times: user=0.13 sys=0.00, real=0.02 secs] 
2020-09-29T18:04:30.052+0200: 16.441: [GC (Allocation Failure) 2020-09-29T18:04:30.052+0200: 16.441: [ParNew: 583385K->32796K(613440K), 0.0152753 secs] 593163K->42574K(2029056K), 0.0153485 secs] [Times: user=0.13 sys=0.00, real=0.01 secs] 
2020-09-29T18:04:30.121+0200: 16.510: [GC (Allocation Failure) 2020-09-29T18:04:30.121+0200: 16.510: [ParNew: 578140K->54091K(613440K), 0.0202000 secs] 587918K->63869K(2029056K), 0.0202590 secs] [Times: user=0.13 sys=0.00, real=0.02 secs] 
2020-09-29T18:04:30.190+0200: 16.579: [GC (Allocation Failure) 2020-09-29T18:04:30.190+0200: 16.579: [ParNew: 599435K->35819K(613440K), 0.0169938 secs] 609213K->45596K(2029056K), 0.0170628 secs] [Times: user=0.11 sys=0.00, real=0.02 secs] 
2020-09-29T18:04:30.257+0200: 16.646: [GC (Allocation Failure) 2020-09-29T18:04:30.258+0200: 16.646: [ParNew: 581163K->53205K(613440K), 0.0233991 secs] 590940K->62982K(2029056K), 0.0234687 secs] [Times: user=0.13 sys=0.00, real=0.02 secs] 
2020-09-29T18:04:30.328+0200: 16.717: [GC (Allocation Failure) 2020-09-29T18:04:30.328+0200: 16.717: [ParNew: 598549K->53568K(613440K), 0.0170690 secs] 608326K->63346K(2029056K), 0.0171296 secs] [Times: user=0.13 sys=0.00, real=0.02 secs] 
2020-09-29T18:04:30.396+0200: 16.784: [GC (Allocation Failure) 2020-09-29T18:04:30.396+0200: 16.784: [ParNew: 598912K->40754K(613440K), 0.0169396 secs] 608690K->50531K(2029056K), 0.0169949 secs] [Times: user=0.13 sys=0.00, real=0.02 secs] 
2020-09-29T18:04:30.463+0200: 16.852: [GC (Allocation Failure) 2020-09-29T18:04:30.463+0200: 16.852: [ParNew: 586098K->63704K(613440K), 0.0223046 secs] 595875K->73481K(2029056K), 0.0223714 secs] [Times: user=0.13 sys=0.00, real=0.02 secs] 
2020-09-29T18:04:30.535+0200: 16.923: [GC (Allocation Failure) 2020-09-29T18:04:30.535+0200: 16.923: [ParNew: 609048K->49377K(613440K), 0.0204192 secs] 618825K->59154K(2029056K), 0.0204991 secs] [Times: user=0.25 sys=0.00, real=0.02 secs] 
2020-09-29T18:04:30.604+0200: 16.993: [GC (Allocation Failure) 2020-09-29T18:04:30.604+0200: 16.993: [ParNew: 594721K->49238K(613440K), 0.0204475 secs] 604498K->59016K(2029056K), 0.0205163 secs] [Times: user=0.13 sys=0.00, real=0.02 secs] 
2020-09-29T18:04:30.676+0200: 17.065: [GC (Allocation Failure) 2020-09-29T18:04:30.676+0200: 17.065: [ParNew: 594582K->40566K(613440K), 0.0142457 secs] 604360K->50343K(2029056K), 0.0143031 secs] [Times: user=0.13 sys=0.00, real=0.01 secs] 
2020-09-29T18:04:30.737+0200: 17.126: [GC (Allocation Failure) 2020-09-29T18:04:30.737+0200: 17.126: [ParNew: 585910K->39959K(613440K), 0.0180353 secs] 595687K->49737K(2029056K), 0.0180956 secs] [Times: user=0.25 sys=0.00, real=0.02 secs] 
2020-09-29T18:04:30.804+0200: 17.193: [GC (Allocation Failure) 2020-09-29T18:04:30.804+0200: 17.193: [ParNew: 585303K->62515K(613440K), 0.0225588 secs] 595081K->72293K(2029056K), 0.0226226 secs] [Times: user=0.13 sys=0.00, real=0.02 secs] 
2020-09-29T18:04:30.874+0200: 17.263: [GC (Allocation Failure) 2020-09-29T18:04:30.874+0200: 17.263: [ParNew: 607859K->51731K(613440K), 0.0222977 secs] 617637K->61508K(2029056K), 0.0223584 secs] [Times: user=0.25 sys=0.00, real=0.02 secs] 
2020-09-29T18:04:30.943+0200: 17.332: [GC (Allocation Failure) 2020-09-29T18:04:30.943+0200: 17.332: [ParNew: 597075K->44953K(613440K), 0.0163291 secs] 606852K->54731K(2029056K), 0.0163821 secs] [Times: user=0.13 sys=0.00, real=0.02 secs] 
2020-09-29T18:04:31.008+0200: 17.397: [GC (Allocation Failure) 2020-09-29T18:04:31.008+0200: 17.397: [ParNew: 590297K->38925K(613440K), 0.0152011 secs] 600075K->48703K(2029056K), 0.0152587 secs] [Times: user=0.13 sys=0.00, real=0.02 secs] 
2020-09-29T18:04:31.072+0200: 17.461: [GC (Allocation Failure) 2020-09-29T18:04:31.072+0200: 17.461: [ParNew: 584269K->33229K(613440K), 0.0136761 secs] 594047K->43006K(2029056K), 0.0137297 secs] [Times: user=0.13 sys=0.00, real=0.01 secs] 
2020-09-29T18:04:31.137+0200: 17.526: [GC (Allocation Failure) 2020-09-29T18:04:31.137+0200: 17.526: [ParNew: 578573K->49349K(613440K), 0.0184033 secs] 588350K->59127K(2029056K), 0.0184606 secs] [Times: user=0.13 sys=0.00, real=0.02 secs] 
2020-09-29T18:04:31.207+0200: 17.596: [GC (Allocation Failure) 2020-09-29T18:04:31.207+0200: 17.596: [ParNew: 594693K->54554K(613440K), 0.0201285 secs] 604471K->64332K(2029056K), 0.0201890 secs] [Times: user=0.22 sys=0.00, real=0.02 secs] 
2020-09-29T18:04:31.278+0200: 17.667: [GC (Allocation Failure) 2020-09-29T18:04:31.278+0200: 17.667: [ParNew: 599898K->39844K(613440K), 0.0178447 secs] 609676K->49622K(2029056K), 0.0179007 secs] [Times: user=0.13 sys=0.00, real=0.02 secs] 
2020-09-29T18:04:31.345+0200: 17.734: [GC (Allocation Failure) 2020-09-29T18:04:31.345+0200: 17.734: [ParNew: 585188K->41355K(613440K), 0.0157590 secs] 594966K->51133K(2029056K), 0.0232612 secs] [Times: user=0.13 sys=0.00, real=0.02 secs] 
2020-09-29T18:04:31.435+0200: 17.823: [GC (Allocation Failure) 2020-09-29T18:04:31.435+0200: 17.824: [ParNew: 586699K->57818K(613440K), 0.0197936 secs] 596477K->67596K(2029056K), 0.0198689 secs] [Times: user=0.13 sys=0.00, real=0.02 secs] 
2020-09-29T18:04:31.503+0200: 17.892: [GC (Allocation Failure) 2020-09-29T18:04:31.503+0200: 17.892: [ParNew: 603162K->53040K(613440K), 0.0199985 secs] 612940K->62817K(2029056K), 0.0201026 secs] [Times: user=0.23 sys=0.00, real=0.02 secs] 
2020-09-29T18:04:31.574+0200: 17.963: [GC (Allocation Failure) 2020-09-29T18:04:31.574+0200: 17.963: [ParNew: 598384K->43777K(613440K), 0.0136974 secs] 608161K->53554K(2029056K), 0.0137729 secs] [Times: user=0.13 sys=0.00, real=0.01 secs] 
2020-09-29T18:04:31.648+0200: 18.037: [GC (Allocation Failure) 2020-09-29T18:04:31.648+0200: 18.037: [ParNew: 589121K->41423K(613440K), 0.0189246 secs] 598898K->51201K(2029056K), 0.0189937 secs] [Times: user=0.13 sys=0.00, real=0.02 secs] 
2020-09-29T18:04:31.715+0200: 18.104: [GC (Allocation Failure) 2020-09-29T18:04:31.715+0200: 18.104: [ParNew: 586767K->39013K(613440K), 0.0173062 secs] 596545K->48790K(2029056K), 0.0173614 secs] [Times: user=0.13 sys=0.00, real=0.02 secs] 
2020-09-29T18:04:31.782+0200: 18.170: [GC (Allocation Failure) 2020-09-29T18:04:31.782+0200: 18.170: [ParNew: 584357K->62003K(613440K), 0.0226206 secs] 594134K->71781K(2029056K), 0.0226871 secs] [Times: user=0.25 sys=0.00, real=0.02 secs] 
2020-09-29T18:04:31.851+0200: 18.240: [GC (Allocation Failure) 2020-09-29T18:04:31.851+0200: 18.240: [ParNew: 607347K->51374K(613440K), 0.0213473 secs] 617125K->61152K(2029056K), 0.0214021 secs] [Times: user=0.13 sys=0.00, real=0.02 secs] 
2020-09-29T18:04:31.921+0200: 18.310: [GC (Allocation Failure) 2020-09-29T18:04:31.921+0200: 18.310: [ParNew: 596718K->52364K(613440K), 0.0162315 secs] 606496K->62141K(2029056K), 0.0162867 secs] [Times: user=0.13 sys=0.00, real=0.02 secs] 
2020-09-29T18:04:31.986+0200: 18.375: [GC (Allocation Failure) 2020-09-29T18:04:31.986+0200: 18.375: [ParNew: 597708K->47225K(613440K), 0.0153947 secs] 607485K->57003K(2029056K), 0.0154480 secs] [Times: user=0.13 sys=0.00, real=0.01 secs] 
2020-09-29T18:04:32.048+0200: 18.437: [GC (Allocation Failure) 2020-09-29T18:04:32.048+0200: 18.437: [ParNew: 592569K->35472K(613440K), 0.0138805 secs] 602347K->45250K(2029056K), 0.0139369 secs] [Times: user=0.13 sys=0.00, real=0.01 secs] 
2020-09-29T18:04:32.113+0200: 18.502: [GC (Allocation Failure) 2020-09-29T18:04:32.113+0200: 18.502: [ParNew: 580816K->42717K(613440K), 0.0190300 secs] 590594K->52495K(2029056K), 0.0190821 secs] [Times: user=0.25 sys=0.00, real=0.02 secs] 
2020-09-29T18:04:32.184+0200: 18.572: [GC (Allocation Failure) 2020-09-29T18:04:32.184+0200: 18.573: [ParNew: 588061K->37229K(613440K), 0.0128703 secs] 597839K->47007K(2029056K), 0.0129668 secs] [Times: user=0.13 sys=0.00, real=0.01 secs] 
2020-09-29T18:04:32.247+0200: 18.636: [GC (Allocation Failure) 2020-09-29T18:04:32.247+0200: 18.636: [ParNew: 582573K->32665K(613440K), 0.0156817 secs] 592351K->42443K(2029056K), 0.0157365 secs] [Times: user=0.13 sys=0.00, real=0.02 secs] 
2020-09-29T18:04:32.311+0200: 18.700: [GC (Allocation Failure) 2020-09-29T18:04:32.311+0200: 18.700: [ParNew: 578009K->47805K(613440K), 0.0196196 secs] 587787K->57582K(2029056K), 0.0196875 secs] [Times: user=0.13 sys=0.00, real=0.02 secs] 
2020-09-29T18:04:32.377+0200: 18.766: [GC (Allocation Failure) 2020-09-29T18:04:32.377+0200: 18.766: [ParNew: 593149K->57494K(613440K), 0.0186923 secs] 602926K->67272K(2029056K), 0.0187478 secs] [Times: user=0.25 sys=0.00, real=0.02 secs] 
2020-09-29T18:04:32.444+0200: 18.832: [GC (Allocation Failure) 2020-09-29T18:04:32.444+0200: 18.832: [ParNew: 602838K->36395K(613440K), 0.0123539 secs] 612616K->46172K(2029056K), 0.0124095 secs] [Times: user=0.00 sys=0.00, real=0.01 secs] 
2020-09-29T18:04:32.510+0200: 18.899: [GC (Allocation Failure) 2020-09-29T18:04:32.510+0200: 18.899: [ParNew: 581739K->57478K(613440K), 0.0228598 secs] 591516K->67256K(2029056K), 0.0229231 secs] [Times: user=0.13 sys=0.00, real=0.02 secs] 
2020-09-29T18:04:32.583+0200: 18.972: [GC (Allocation Failure) 2020-09-29T18:04:32.583+0200: 18.972: [ParNew: 602822K->44304K(613440K), 0.0129013 secs] 612600K->54082K(2029056K), 0.0129652 secs] [Times: user=0.00 sys=0.00, real=0.01 secs] 
2020-09-29T18:04:32.656+0200: 19.045: [GC (Allocation Failure) 2020-09-29T18:04:32.656+0200: 19.045: [ParNew: 589648K->49795K(613440K), 0.0247460 secs] 599426K->59573K(2029056K), 0.0248321 secs] [Times: user=0.22 sys=0.00, real=0.03 secs] 
2020-09-29T18:04:32.732+0200: 19.121: [GC (Allocation Failure) 2020-09-29T18:04:32.732+0200: 19.121: [ParNew: 595139K->38650K(613440K), 0.0153201 secs] 604917K->48428K(2029056K), 0.0153909 secs] [Times: user=0.13 sys=0.00, real=0.01 secs] 
2020-09-29T18:04:32.799+0200: 19.188: [GC (Allocation Failure) 2020-09-29T18:04:32.799+0200: 19.188: [ParNew: 583994K->29839K(613440K), 0.0130177 secs] 593772K->39617K(2029056K), 0.0130732 secs] [Times: user=0.13 sys=0.00, real=0.01 secs] 
2020-09-29T18:04:32.862+0200: 19.251: [GC (Allocation Failure) 2020-09-29T18:04:32.862+0200: 19.251: [ParNew: 575183K->51628K(613440K), 0.0183322 secs] 584961K->61405K(2029056K), 0.0183937 secs] [Times: user=0.25 sys=0.00, real=0.02 secs] 
2020-09-29T18:04:32.928+0200: 19.317: [GC (Allocation Failure) 2020-09-29T18:04:32.928+0200: 19.317: [ParNew: 596972K->33993K(613440K), 0.0108926 secs] 606749K->43770K(2029056K), 0.0109485 secs] [Times: user=0.00 sys=0.00, real=0.01 secs] 
2020-09-29T18:04:32.989+0200: 19.378: [GC (Allocation Failure) 2020-09-29T18:04:32.989+0200: 19.378: [ParNew: 579337K->31385K(613440K), 0.0154163 secs] 589114K->41163K(2029056K), 0.0154757 secs] [Times: user=0.00 sys=0.00, real=0.01 secs] 
2020-09-29T18:04:33.052+0200: 19.441: [GC (Allocation Failure) 2020-09-29T18:04:33.052+0200: 19.441: [ParNew: 576729K->42604K(613440K), 0.0202292 secs] 586507K->52382K(2029056K), 0.0202882 secs] [Times: user=0.13 sys=0.00, real=0.02 secs] 
2020-09-29T18:04:33.122+0200: 19.511: [GC (Allocation Failure) 2020-09-29T18:04:33.122+0200: 19.511: [ParNew: 587948K->63529K(613440K), 0.0190389 secs] 597726K->73307K(2029056K), 0.0191030 secs] [Times: user=0.13 sys=0.00, real=0.02 secs] 
2020-09-29T18:04:33.196+0200: 19.585: [GC (Allocation Failure) 2020-09-29T18:04:33.196+0200: 19.585: [ParNew: 608873K->46478K(613440K), 0.0226557 secs] 618651K->56256K(2029056K), 0.0227209 secs] [Times: user=0.11 sys=0.00, real=0.02 secs] 
2020-09-29T18:04:33.269+0200: 19.658: [GC (Allocation Failure) 2020-09-29T18:04:33.269+0200: 19.658: [ParNew: 591822K->38681K(613440K), 0.0167942 secs] 601600K->48458K(2029056K), 0.0168552 secs] [Times: user=0.25 sys=0.00, real=0.02 secs] 
2020-09-29T18:04:33.334+0200: 19.723: [GC (Allocation Failure) 2020-09-29T18:04:33.334+0200: 19.723: [ParNew: 584025K->38077K(613440K), 0.0159482 secs] 593802K->47854K(2029056K), 0.0160063 secs] [Times: user=0.13 sys=0.00, real=0.02 secs] 
2020-09-29T18:04:33.396+0200: 19.785: [GC (Allocation Failure) 2020-09-29T18:04:33.396+0200: 19.785: [ParNew: 583421K->33577K(613440K), 0.0150389 secs] 593198K->43355K(2029056K), 0.0150908 secs] [Times: user=0.13 sys=0.00, real=0.02 secs] 
2020-09-29T18:04:33.459+0200: 19.848: [GC (Allocation Failure) 2020-09-29T18:04:33.459+0200: 19.848: [ParNew: 578921K->34317K(613440K), 0.0130742 secs] 588699K->44095K(2029056K), 0.0131319 secs] [Times: user=0.00 sys=0.00, real=0.01 secs] 
2020-09-29T18:04:33.523+0200: 19.912: [GC (Allocation Failure) 2020-09-29T18:04:33.523+0200: 19.912: [ParNew: 579661K->29629K(613440K), 0.0126055 secs] 589439K->39406K(2029056K), 0.0126619 secs] [Times: user=0.00 sys=0.00, real=0.01 secs] 
2020-09-29T18:04:33.584+0200: 19.973: [GC (Allocation Failure) 2020-09-29T18:04:33.584+0200: 19.973: [ParNew: 574973K->23486K(613440K), 0.0136791 secs] 584750K->33263K(2029056K), 0.0137414 secs] [Times: user=0.00 sys=0.00, real=0.01 secs] 
2020-09-29T18:04:33.650+0200: 20.039: [GC (Allocation Failure) 2020-09-29T18:04:33.650+0200: 20.039: [ParNew: 568830K->55078K(613440K), 0.0225200 secs] 578607K->64856K(2029056K), 0.0225776 secs] [Times: user=0.13 sys=0.00, real=0.02 secs] 
2020-09-29T18:04:33.720+0200: 20.109: [GC (Allocation Failure) 2020-09-29T18:04:33.720+0200: 20.109: [ParNew: 600422K->68096K(613440K), 0.0204686 secs] 610200K->77873K(2029056K), 0.0205490 secs] [Times: user=0.25 sys=0.00, real=0.02 secs] 
2020-09-29T18:04:33.790+0200: 20.179: [GC (Allocation Failure) 2020-09-29T18:04:33.790+0200: 20.179: [ParNew: 613440K->51818K(613440K), 0.0203101 secs] 623217K->61596K(2029056K), 0.0203788 secs] [Times: user=0.13 sys=0.00, real=0.02 secs] 
2020-09-29T18:04:33.859+0200: 20.248: [GC (Allocation Failure) 2020-09-29T18:04:33.859+0200: 20.248: [ParNew: 597162K->51065K(613440K), 0.0202420 secs] 606940K->60842K(2029056K), 0.0202995 secs] [Times: user=0.14 sys=0.00, real=0.02 secs] 
2020-09-29T18:04:33.926+0200: 20.315: [GC (Allocation Failure) 2020-09-29T18:04:33.926+0200: 20.315: [ParNew: 596409K->47066K(613440K), 0.0193373 secs] 606186K->56843K(2029056K), 0.0194025 secs] [Times: user=0.25 sys=0.00, real=0.02 secs] 
2020-09-29T18:04:33.993+0200: 20.382: [GC (Allocation Failure) 2020-09-29T18:04:33.993+0200: 20.382: [ParNew: 592410K->45673K(613440K), 0.0183575 secs] 602187K->55450K(2029056K), 0.0184220 secs] [Times: user=0.13 sys=0.00, real=0.02 secs] 
2020-09-29T18:04:34.058+0200: 20.447: [GC (Allocation Failure) 2020-09-29T18:04:34.058+0200: 20.447: [ParNew: 591017K->42900K(613440K), 0.0185199 secs] 600794K->52678K(2029056K), 0.0185857 secs] [Times: user=0.13 sys=0.00, real=0.02 secs] 
2020-09-29T18:04:34.124+0200: 20.513: [GC (Allocation Failure) 2020-09-29T18:04:34.124+0200: 20.513: [ParNew: 588244K->68096K(613440K), 0.0229265 secs] 598022K->78428K(2029056K), 0.0229828 secs] [Times: user=0.25 sys=0.00, real=0.02 secs] 
2020-09-29T18:04:34.197+0200: 20.586: [GC (Allocation Failure) 2020-09-29T18:04:34.197+0200: 20.586: [ParNew: 613440K->49065K(613440K), 0.0212917 secs] 623772K->59398K(2029056K), 0.0213572 secs] [Times: user=0.09 sys=0.00, real=0.02 secs] 
2020-09-29T18:04:34.273+0200: 20.662: [GC (Allocation Failure) 2020-09-29T18:04:34.273+0200: 20.662: [ParNew: 594409K->42100K(613440K), 0.0157326 secs] 604742K->52432K(2029056K), 0.0157895 secs] [Times: user=0.13 sys=0.00, real=0.02 secs] 
2020-09-29T18:04:34.336+0200: 20.725: [GC (Allocation Failure) 2020-09-29T18:04:34.336+0200: 20.725: [ParNew: 587444K->55875K(613440K), 0.0193865 secs] 597776K->66207K(2029056K), 0.0194453 secs] [Times: user=0.13 sys=0.00, real=0.02 secs] 
2020-09-29T18:04:34.404+0200: 20.793: [GC (Allocation Failure) 2020-09-29T18:04:34.404+0200: 20.793: [ParNew: 601219K->45122K(613440K), 0.0180766 secs] 611551K->55454K(2029056K), 0.0181372 secs] [Times: user=0.13 sys=0.00, real=0.02 secs] 
2020-09-29T18:04:34.471+0200: 20.860: [GC (Allocation Failure) 2020-09-29T18:04:34.471+0200: 20.860: [ParNew: 590466K->36104K(613440K), 0.0108528 secs] 600798K->46436K(2029056K), 0.0109110 secs] [Times: user=0.13 sys=0.00, real=0.01 secs] 
2020-09-29T18:04:34.533+0200: 20.922: [GC (Allocation Failure) 2020-09-29T18:04:34.533+0200: 20.922: [ParNew: 581448K->39434K(613440K), 0.0165246 secs] 591780K->49767K(2029056K), 0.0165932 secs] [Times: user=0.13 sys=0.00, real=0.02 secs] 
2020-09-29T18:04:34.601+0200: 20.990: [GC (Allocation Failure) 2020-09-29T18:04:34.601+0200: 20.990: [ParNew: 584778K->50987K(613440K), 0.0164020 secs] 595111K->61319K(2029056K), 0.0164595 secs] [Times: user=0.13 sys=0.00, real=0.02 secs] 
2020-09-29T18:04:34.669+0200: 21.058: [GC (Allocation Failure) 2020-09-29T18:04:34.669+0200: 21.058: [ParNew: 596331K->35925K(613440K), 0.0166455 secs] 606663K->46258K(2029056K), 0.0167003 secs] [Times: user=0.13 sys=0.00, real=0.02 secs] 
2020-09-29T18:04:34.734+0200: 21.123: [GC (Allocation Failure) 2020-09-29T18:04:34.734+0200: 21.123: [ParNew: 581269K->51698K(613440K), 0.0201630 secs] 591602K->62030K(2029056K), 0.0202176 secs] [Times: user=0.13 sys=0.00, real=0.02 secs] 
2020-09-29T18:04:34.805+0200: 21.194: [GC (Allocation Failure) 2020-09-29T18:04:34.805+0200: 21.194: [ParNew: 597042K->66710K(613440K), 0.0217129 secs] 607374K->77043K(2029056K), 0.0217746 secs] [Times: user=0.13 sys=0.00, real=0.02 secs] 
2020-09-29T18:04:34.873+0200: 21.262: [GC (Allocation Failure) 2020-09-29T18:04:34.874+0200: 21.263: [ParNew: 612054K->54964K(613440K), 0.0188355 secs] 622387K->65297K(2029056K), 0.0189046 secs] [Times: user=0.13 sys=0.00, real=0.02 secs] 
2020-09-29T18:04:34.938+0200: 21.327: [GC (Allocation Failure) 2020-09-29T18:04:34.938+0200: 21.327: [ParNew: 600308K->37819K(613440K), 0.0133361 secs] 610641K->48152K(2029056K), 0.0133934 secs] [Times: user=0.13 sys=0.00, real=0.01 secs] 
2020-09-29T18:04:34.998+0200: 21.387: [GC (Allocation Failure) 2020-09-29T18:04:34.998+0200: 21.387: [ParNew: 583163K->20170K(613440K), 0.0113278 secs] 593496K->30503K(2029056K), 0.0113828 secs] [Times: user=0.13 sys=0.00, real=0.01 secs] 
2020-09-29T18:04:35.059+0200: 21.448: [GC (Allocation Failure) 2020-09-29T18:04:35.059+0200: 21.448: [ParNew: 565514K->48964K(613440K), 0.0208543 secs] 575847K->59297K(2029056K), 0.0209091 secs] [Times: user=0.13 sys=0.00, real=0.02 secs] 
2020-09-29T18:04:35.127+0200: 21.516: [GC (Allocation Failure) 2020-09-29T18:04:35.127+0200: 21.516: [ParNew: 594308K->64220K(613440K), 0.0200995 secs] 604641K->74553K(2029056K), 0.0201553 secs] [Times: user=0.25 sys=0.00, real=0.02 secs] 
2020-09-29T18:04:35.198+0200: 21.587: [GC (Allocation Failure) 2020-09-29T18:04:35.198+0200: 21.587: [ParNew: 609564K->62711K(613440K), 0.0249432 secs] 619897K->73044K(2029056K), 0.0250070 secs] [Times: user=0.23 sys=0.00, real=0.03 secs] 
2020-09-29T18:04:35.272+0200: 21.661: [GC (Allocation Failure) 2020-09-29T18:04:35.272+0200: 21.661: [ParNew: 608055K->31004K(613440K), 0.0129779 secs] 618388K->41337K(2029056K), 0.0130341 secs] [Times: user=0.00 sys=0.00, real=0.01 secs] 
2020-09-29T18:04:35.341+0200: 21.730: [GC (Allocation Failure) 2020-09-29T18:04:35.341+0200: 21.730: [ParNew: 576348K->41722K(613440K), 0.0174214 secs] 586681K->52055K(2029056K), 0.0174799 secs] [Times: user=0.13 sys=0.00, real=0.02 secs] 
2020-09-29T18:04:35.406+0200: 21.795: [GC (Allocation Failure) 2020-09-29T18:04:35.406+0200: 21.795: [ParNew: 587066K->51111K(613440K), 0.0177297 secs] 597399K->61443K(2029056K), 0.0177986 secs] [Times: user=0.13 sys=0.00, real=0.02 secs] 
2020-09-29T18:04:35.475+0200: 21.864: [GC (Allocation Failure) 2020-09-29T18:04:35.475+0200: 21.864: [ParNew: 596455K->63653K(613440K), 0.0219937 secs] 606787K->73986K(2029056K), 0.0220588 secs] [Times: user=0.13 sys=0.00, real=0.02 secs] 
2020-09-29T18:04:35.546+0200: 21.935: [GC (Allocation Failure) 2020-09-29T18:04:35.546+0200: 21.935: [ParNew: 608997K->43320K(613440K), 0.0093905 secs] 619330K->53652K(2029056K), 0.0094457 secs] [Times: user=0.13 sys=0.00, real=0.01 secs] 
2020-09-29T18:04:35.607+0200: 21.996: [GC (Allocation Failure) 2020-09-29T18:04:35.607+0200: 21.996: [ParNew: 588664K->44745K(613440K), 0.0201839 secs] 598996K->55077K(2029056K), 0.0202658 secs] [Times: user=0.13 sys=0.00, real=0.02 secs] 
2020-09-29T18:04:35.677+0200: 22.066: [GC (Allocation Failure) 2020-09-29T18:04:35.677+0200: 22.066: [ParNew: 590089K->55030K(613440K), 0.0201879 secs] 600421K->65363K(2029056K), 0.0202577 secs] [Times: user=0.13 sys=0.00, real=0.02 secs] 
2020-09-29T18:04:35.745+0200: 22.134: [GC (Allocation Failure) 2020-09-29T18:04:35.745+0200: 22.134: [ParNew: 600374K->43620K(613440K), 0.0176734 secs] 610707K->53953K(2029056K), 0.0177303 secs] [Times: user=0.13 sys=0.00, real=0.02 secs] 
2020-09-29T18:04:35.810+0200: 22.199: [GC (Allocation Failure) 2020-09-29T18:04:35.810+0200: 22.199: [ParNew: 588964K->31989K(613440K), 0.0105291 secs] 599297K->42322K(2029056K), 0.0105876 secs] [Times: user=0.13 sys=0.00, real=0.01 secs] 
2020-09-29T18:04:35.869+0200: 22.258: [GC (Allocation Failure) 2020-09-29T18:04:35.869+0200: 22.258: [ParNew: 577333K->36860K(613440K), 0.0151283 secs] 587666K->47193K(2029056K), 0.0151982 secs] [Times: user=0.13 sys=0.00, real=0.02 secs] 
2020-09-29T18:04:35.944+0200: 22.333: [GC (Allocation Failure) 2020-09-29T18:04:35.944+0200: 22.333: [ParNew: 582204K->47559K(613440K), 0.0193968 secs] 592537K->57892K(2029056K), 0.0194602 secs] [Times: user=0.13 sys=0.00, real=0.02 secs] 
2020-09-29T18:04:36.012+0200: 22.401: [GC (Allocation Failure) 2020-09-29T18:04:36.012+0200: 22.401: [ParNew: 592903K->38343K(613440K), 0.0139658 secs] 603236K->48676K(2029056K), 0.0140215 secs] [Times: user=0.13 sys=0.00, real=0.01 secs] 
2020-09-29T18:04:36.075+0200: 22.464: [GC (Allocation Failure) 2020-09-29T18:04:36.075+0200: 22.464: [ParNew: 583687K->52476K(613440K), 0.0192908 secs] 594020K->62809K(2029056K), 0.0193473 secs] [Times: user=0.13 sys=0.00, real=0.02 secs] 
2020-09-29T18:04:36.142+0200: 22.531: [GC (Allocation Failure) 2020-09-29T18:04:36.142+0200: 22.531: [ParNew: 597820K->42745K(613440K), 0.0176523 secs] 608153K->53078K(2029056K), 0.0177072 secs] [Times: user=0.13 sys=0.00, real=0.02 secs] 
2020-09-29T18:04:36.210+0200: 22.599: [GC (Allocation Failure) 2020-09-29T18:04:36.210+0200: 22.599: [ParNew: 588089K->37092K(613440K), 0.0145779 secs] 598422K->47425K(2029056K), 0.0146541 secs] [Times: user=0.13 sys=0.00, real=0.01 secs] 
2020-09-29T18:04:36.282+0200: 22.671: [GC (Allocation Failure) 2020-09-29T18:04:36.282+0200: 22.671: [ParNew: 582436K->22874K(613440K), 0.0108524 secs] 592769K->33207K(2029056K), 0.0109138 secs] [Times: user=0.13 sys=0.00, real=0.01 secs] 
2020-09-29T18:04:36.345+0200: 22.734: [GC (Allocation Failure) 2020-09-29T18:04:36.345+0200: 22.734: [ParNew: 568218K->16116K(613440K), 0.0095322 secs] 578551K->26449K(2029056K), 0.0095869 secs] [Times: user=0.13 sys=0.00, real=0.01 secs] 
2020-09-29T18:04:36.408+0200: 22.797: [GC (Allocation Failure) 2020-09-29T18:04:36.408+0200: 22.797: [ParNew: 561460K->38416K(613440K), 0.0179018 secs] 571793K->48749K(2029056K), 0.0179557 secs] [Times: user=0.13 sys=0.00, real=0.02 secs] 
2020-09-29T18:04:36.474+0200: 22.864: [GC (Allocation Failure) 2020-09-29T18:04:36.475+0200: 22.864: [ParNew: 583760K->45827K(613440K), 0.0181770 secs] 594093K->56159K(2029056K), 0.0182631 secs] [Times: user=0.13 sys=0.00, real=0.02 secs] 
2020-09-29T18:04:36.548+0200: 22.937: [GC (Allocation Failure) 2020-09-29T18:04:36.548+0200: 22.937: [ParNew: 591171K->33194K(613440K), 0.0183623 secs] 601503K->43526K(2029056K), 0.0184512 secs] [Times: user=0.13 sys=0.00, real=0.02 secs] 
2020-09-29T18:04:36.622+0200: 23.011: [GC (Allocation Failure) 2020-09-29T18:04:36.622+0200: 23.011: [ParNew: 578538K->61641K(613440K), 0.0240611 secs] 588870K->71974K(2029056K), 0.0241482 secs] [Times: user=0.23 sys=0.00, real=0.02 secs] 
2020-09-29T18:04:36.693+0200: 23.083: [GC (Allocation Failure) 2020-09-29T18:04:36.693+0200: 23.083: [ParNew: 606985K->43563K(613440K), 0.0141652 secs] 617318K->53896K(2029056K), 0.0142535 secs] [Times: user=0.02 sys=0.00, real=0.01 secs] 
2020-09-29T18:04:36.758+0200: 23.147: [GC (Allocation Failure) 2020-09-29T18:04:36.758+0200: 23.147: [ParNew: 588907K->24508K(613440K), 0.0124836 secs] 599240K->34841K(2029056K), 0.0125602 secs] [Times: user=0.13 sys=0.00, real=0.01 secs] 
2020-09-29T18:04:36.820+0200: 23.209: [GC (Allocation Failure) 2020-09-29T18:04:36.825+0200: 23.214: [ParNew: 569852K->42560K(613440K), 0.0170189 secs] 580185K->52893K(2029056K), 0.0218395 secs] [Times: user=0.13 sys=0.00, real=0.02 secs] 
2020-09-29T18:04:36.889+0200: 23.278: [GC (Allocation Failure) 2020-09-29T18:04:36.889+0200: 23.278: [ParNew: 587904K->37702K(613440K), 0.0157288 secs] 598237K->48035K(2029056K), 0.0157878 secs] [Times: user=0.13 sys=0.00, real=0.02 secs] 
2020-09-29T18:04:36.956+0200: 23.345: [GC (Allocation Failure) 2020-09-29T18:04:36.956+0200: 23.345: [ParNew: 583046K->35371K(613440K), 0.0159795 secs] 593379K->45704K(2029056K), 0.0160382 secs] [Times: user=0.13 sys=0.00, real=0.02 secs] 
2020-09-29T18:04:37.019+0200: 23.408: [GC (Allocation Failure) 2020-09-29T18:04:37.019+0200: 23.408: [ParNew: 580715K->36966K(613440K), 0.0136777 secs] 591048K->47299K(2029056K), 0.0137327 secs] [Times: user=0.13 sys=0.00, real=0.01 secs] 
2020-09-29T18:04:37.082+0200: 23.471: [GC (Allocation Failure) 2020-09-29T18:04:37.082+0200: 23.471: [ParNew: 582310K->54599K(613440K), 0.0190396 secs] 592643K->64932K(2029056K), 0.0191079 secs] [Times: user=0.25 sys=0.00, real=0.02 secs] 
2020-09-29T18:04:37.150+0200: 23.539: [GC (Allocation Failure) 2020-09-29T18:04:37.150+0200: 23.539: [ParNew: 599943K->45493K(613440K), 0.0188995 secs] 610276K->55826K(2029056K), 0.0189742 secs] [Times: user=0.13 sys=0.00, real=0.02 secs] 
2020-09-29T18:04:37.222+0200: 23.611: [GC (Allocation Failure) 2020-09-29T18:04:37.222+0200: 23.611: [ParNew: 590837K->44618K(613440K), 0.0199314 secs] 601170K->54950K(2029056K), 0.0200257 secs] [Times: user=0.25 sys=0.00, real=0.02 secs] 
2020-09-29T18:04:37.292+0200: 23.681: [GC (Allocation Failure) 2020-09-29T18:04:37.292+0200: 23.681: [ParNew: 589962K->46755K(613440K), 0.0207344 secs] 600294K->57087K(2029056K), 0.0208043 secs] [Times: user=0.11 sys=0.00, real=0.02 secs] 
2020-09-29T18:04:37.360+0200: 23.749: [GC (Allocation Failure) 2020-09-29T18:04:37.360+0200: 23.749: [ParNew: 592099K->68096K(613440K), 0.0215131 secs] 602431K->78428K(2029056K), 0.0215759 secs] [Times: user=0.25 sys=0.00, real=0.02 secs] 
2020-09-29T18:04:37.430+0200: 23.819: [GC (Allocation Failure) 2020-09-29T18:04:37.430+0200: 23.819: [ParNew: 613440K->47521K(613440K), 0.0162301 secs] 623772K->57854K(2029056K), 0.0163233 secs] [Times: user=0.13 sys=0.00, real=0.02 secs] 
2020-09-29T18:04:37.498+0200: 23.887: [GC (Allocation Failure) 2020-09-29T18:04:37.498+0200: 23.887: [ParNew: 592865K->66594K(613440K), 0.0207413 secs] 603198K->76927K(2029056K), 0.0208304 secs] [Times: user=0.13 sys=0.00, real=0.02 secs] 
2020-09-29T18:04:37.570+0200: 23.960: [GC (Allocation Failure) 2020-09-29T18:04:37.570+0200: 23.960: [ParNew: 611938K->47842K(613440K), 0.0260902 secs] 622271K->58175K(2029056K), 0.0261774 secs] [Times: user=0.13 sys=0.00, real=0.03 secs] 
2020-09-29T18:04:37.649+0200: 24.038: [GC (Allocation Failure) 2020-09-29T18:04:37.649+0200: 24.038: [ParNew: 593186K->43057K(613440K), 0.0184822 secs] 603519K->53390K(2029056K), 0.0185668 secs] [Times: user=0.11 sys=0.00, real=0.02 secs] 
2020-09-29T18:04:37.723+0200: 24.112: [GC (Allocation Failure) 2020-09-29T18:04:37.723+0200: 24.112: [ParNew: 588401K->25551K(613440K), 0.0168291 secs] 598734K->35884K(2029056K), 0.0169120 secs] [Times: user=0.13 sys=0.00, real=0.02 secs] 
2020-09-29T18:04:37.792+0200: 24.181: [GC (Allocation Failure) 2020-09-29T18:04:37.792+0200: 24.181: [ParNew: 570895K->23003K(613440K), 0.0150854 secs] 581228K->33336K(2029056K), 0.0151595 secs] [Times: user=0.11 sys=0.00, real=0.01 secs] 
2020-09-29T18:04:37.860+0200: 24.250: [GC (Allocation Failure) 2020-09-29T18:04:37.860+0200: 24.250: [ParNew: 568347K->48789K(613440K), 0.0280107 secs] 578680K->59122K(2029056K), 0.0281006 secs] [Times: user=0.22 sys=0.00, real=0.03 secs] 
2020-09-29T18:04:37.939+0200: 24.328: [GC (Allocation Failure) 2020-09-29T18:04:37.939+0200: 24.328: [ParNew: 594133K->38033K(613440K), 0.0208066 secs] 604466K->48366K(2029056K), 0.0208947 secs] [Times: user=0.22 sys=0.00, real=0.02 secs] 
2020-09-29T18:04:38.013+0200: 24.402: [GC (Allocation Failure) 2020-09-29T18:04:38.013+0200: 24.402: [ParNew: 583377K->33869K(613440K), 0.0183546 secs] 593710K->44202K(2029056K), 0.0184245 secs] [Times: user=0.13 sys=0.00, real=0.02 secs] 
2020-09-29T18:04:38.085+0200: 24.475: [GC (Allocation Failure) 2020-09-29T18:04:38.085+0200: 24.475: [ParNew: 579213K->52194K(613440K), 0.0243455 secs] 589546K->62526K(2029056K), 0.0244345 secs] [Times: user=0.13 sys=0.00, real=0.02 secs] 
2020-09-29T18:04:38.158+0200: 24.547: [GC (Allocation Failure) 2020-09-29T18:04:38.158+0200: 24.547: [ParNew: 597538K->39376K(613440K), 0.0155026 secs] 607870K->49708K(2029056K), 0.0155963 secs] [Times: user=0.13 sys=0.00, real=0.02 secs] 
2020-09-29T18:04:38.241+0200: 24.630: [GC (Allocation Failure) 2020-09-29T18:04:38.241+0200: 24.630: [ParNew: 584720K->50472K(613440K), 0.0281923 secs] 595052K->60805K(2029056K), 0.0282593 secs] [Times: user=0.13 sys=0.00, real=0.03 secs] 
2020-09-29T18:04:38.316+0200: 24.706: [GC (Allocation Failure) 2020-09-29T18:04:38.316+0200: 24.706: [ParNew: 595816K->68096K(613440K), 0.0274799 secs] 606149K->78558K(2029056K), 0.0275505 secs] [Times: user=0.25 sys=0.00, real=0.03 secs] 
2020-09-29T18:04:38.391+0200: 24.781: [GC (Allocation Failure) 2020-09-29T18:04:38.391+0200: 24.781: [ParNew: 613440K->42728K(613440K), 0.0201215 secs] 623902K->53191K(2029056K), 0.0201881 secs] [Times: user=0.25 sys=0.00, real=0.02 secs] 
2020-09-29T18:04:38.461+0200: 24.850: [GC (Allocation Failure) 2020-09-29T18:04:38.461+0200: 24.850: [ParNew: 588072K->57503K(613440K), 0.0252913 secs] 598535K->67966K(2029056K), 0.0253794 secs] [Times: user=0.13 sys=0.00, real=0.03 secs] 
2020-09-29T18:04:38.535+0200: 24.924: [GC (Allocation Failure) 2020-09-29T18:04:38.535+0200: 24.924: [ParNew: 602847K->43993K(613440K), 0.0235755 secs] 613310K->54456K(2029056K), 0.0236495 secs] [Times: user=0.25 sys=0.00, real=0.02 secs] 
2020-09-29T18:04:38.616+0200: 25.005: [GC (Allocation Failure) 2020-09-29T18:04:38.616+0200: 25.005: [ParNew: 589337K->44762K(613440K), 0.0248594 secs] 599800K->55224K(2029056K), 0.0249386 secs] [Times: user=0.13 sys=0.00, real=0.03 secs] 
2020-09-29T18:04:38.692+0200: 25.082: [GC (Allocation Failure) 2020-09-29T18:04:38.692+0200: 25.082: [ParNew: 590106K->42799K(613440K), 0.0224051 secs] 600568K->53262K(2029056K), 0.0224704 secs] [Times: user=0.13 sys=0.00, real=0.02 secs] 
2020-09-29T18:04:38.766+0200: 25.155: [GC (Allocation Failure) 2020-09-29T18:04:38.766+0200: 25.155: [ParNew: 588143K->39497K(613440K), 0.0212958 secs] 598606K->49960K(2029056K), 0.0213739 secs] [Times: user=0.25 sys=0.00, real=0.02 secs] 
2020-09-29T18:04:38.840+0200: 25.229: [GC (Allocation Failure) 2020-09-29T18:04:38.840+0200: 25.229: [ParNew: 584841K->40593K(613440K), 0.0201810 secs] 595304K->51056K(2029056K), 0.0202548 secs] [Times: user=0.13 sys=0.00, real=0.02 secs] 
2020-09-29T18:04:38.924+0200: 25.313: [GC (Allocation Failure) 2020-09-29T18:04:38.924+0200: 25.314: [ParNew: 585937K->34233K(613440K), 0.0200670 secs] 596400K->44696K(2029056K), 0.0201322 secs] [Times: user=0.25 sys=0.00, real=0.02 secs] 
2020-09-29T18:04:38.998+0200: 25.387: [GC (Allocation Failure) 2020-09-29T18:04:38.998+0200: 25.387: [ParNew: 579577K->32716K(613440K), 0.0184010 secs] 590040K->43179K(2029056K), 0.0184738 secs] [Times: user=0.06 sys=0.02, real=0.02 secs] 
2020-09-29T18:04:39.068+0200: 25.457: [GC (Allocation Failure) 2020-09-29T18:04:39.068+0200: 25.457: [ParNew: 578060K->52271K(613440K), 0.0243100 secs] 588523K->62734K(2029056K), 0.0243872 secs] [Times: user=0.13 sys=0.00, real=0.02 secs] 
2020-09-29T18:04:39.144+0200: 25.533: [GC (Allocation Failure) 2020-09-29T18:04:39.144+0200: 25.533: [ParNew: 597615K->37052K(613440K), 0.0225564 secs] 608078K->47515K(2029056K), 0.0226392 secs] [Times: user=0.25 sys=0.00, real=0.02 secs] 
2020-09-29T18:04:39.221+0200: 25.610: [GC (Allocation Failure) 2020-09-29T18:04:39.221+0200: 25.610: [ParNew: 582396K->62189K(613440K), 0.0283794 secs] 592859K->72652K(2029056K), 0.0284530 secs] [Times: user=0.23 sys=0.00, real=0.03 secs] 
2020-09-29T18:04:39.302+0200: 25.691: [GC (Allocation Failure) 2020-09-29T18:04:39.302+0200: 25.691: [ParNew: 607533K->48609K(613440K), 0.0200853 secs] 617996K->59072K(2029056K), 0.0201624 secs] [Times: user=0.13 sys=0.00, real=0.02 secs] 
2020-09-29T18:04:39.373+0200: 25.762: [GC (Allocation Failure) 2020-09-29T18:04:39.373+0200: 25.762: [ParNew: 593953K->28402K(613440K), 0.0165257 secs] 604416K->38865K(2029056K), 0.0166049 secs] [Times: user=0.13 sys=0.00, real=0.02 secs] 
2020-09-29T18:04:39.445+0200: 25.834: [GC (Allocation Failure) 2020-09-29T18:04:39.445+0200: 25.834: [ParNew: 573746K->50411K(613440K), 0.0229674 secs] 584209K->60874K(2029056K), 0.0230327 secs] [Times: user=0.13 sys=0.00, real=0.02 secs] 
2020-09-29T18:04:39.519+0200: 25.908: [GC (Allocation Failure) 2020-09-29T18:04:39.519+0200: 25.908: [ParNew: 595755K->51659K(613440K), 0.0239102 secs] 606218K->62122K(2029056K), 0.0239787 secs] [Times: user=0.25 sys=0.00, real=0.02 secs] 
2020-09-29T18:04:39.595+0200: 25.985: [GC (Allocation Failure) 2020-09-29T18:04:39.595+0200: 25.985: [ParNew: 597003K->39522K(613440K), 0.0220315 secs] 607466K->49985K(2029056K), 0.0220970 secs] [Times: user=0.23 sys=0.00, real=0.02 secs] 
2020-09-29T18:04:39.672+0200: 26.061: [GC (Allocation Failure) 2020-09-29T18:04:39.672+0200: 26.061: [ParNew: 584866K->36676K(613440K), 0.0207993 secs] 595329K->47139K(2029056K), 0.0208869 secs] [Times: user=0.23 sys=0.00, real=0.02 secs] 
2020-09-29T18:04:39.746+0200: 26.136: [GC (Allocation Failure) 2020-09-29T18:04:39.746+0200: 26.136: [ParNew: 582020K->57841K(613440K), 0.0252597 secs] 592483K->68304K(2029056K), 0.0253376 secs] [Times: user=0.25 sys=0.00, real=0.03 secs] 
2020-09-29T18:04:39.821+0200: 26.210: [GC (Allocation Failure) 2020-09-29T18:04:39.821+0200: 26.210: [ParNew: 603185K->47341K(613440K), 0.0237689 secs] 613648K->57804K(2029056K), 0.0238389 secs] [Times: user=0.13 sys=0.00, real=0.02 secs] 
2020-09-29T18:04:39.900+0200: 26.289: [GC (Allocation Failure) 2020-09-29T18:04:39.900+0200: 26.289: [ParNew: 592685K->43950K(613440K), 0.0225944 secs] 603148K->54413K(2029056K), 0.0226577 secs] [Times: user=0.13 sys=0.00, real=0.02 secs] 
2020-09-29T18:04:39.971+0200: 26.360: [GC (Allocation Failure) 2020-09-29T18:04:39.971+0200: 26.360: [ParNew: 589294K->40705K(613440K), 0.0221403 secs] 599757K->51168K(2029056K), 0.0222109 secs] [Times: user=0.25 sys=0.00, real=0.02 secs] 
2020-09-29T18:04:40.044+0200: 26.433: [GC (Allocation Failure) 2020-09-29T18:04:40.044+0200: 26.433: [ParNew: 586049K->37129K(613440K), 0.0205606 secs] 596512K->47592K(2029056K), 0.0206301 secs] [Times: user=0.13 sys=0.00, real=0.02 secs] 
2020-09-29T18:04:40.122+0200: 26.511: [GC (Allocation Failure) 2020-09-29T18:04:40.122+0200: 26.511: [ParNew: 582473K->36206K(613440K), 0.0199961 secs] 592936K->46669K(2029056K), 0.0200621 secs] [Times: user=0.13 sys=0.00, real=0.02 secs] 
2020-09-29T18:04:40.195+0200: 26.584: [GC (Allocation Failure) 2020-09-29T18:04:40.195+0200: 26.585: [ParNew: 580997K->27194K(613440K), 0.0136736 secs] 591460K->37657K(2029056K), 0.0137510 secs] [Times: user=0.11 sys=0.00, real=0.01 secs] 
2020-09-29T18:04:40.276+0200: 26.665: [GC (Allocation Failure) 2020-09-29T18:04:40.276+0200: 26.665: [ParNew: 572538K->28036K(613440K), 0.0158522 secs] 583001K->38499K(2029056K), 0.0159207 secs] [Times: user=0.13 sys=0.00, real=0.02 secs] 
2020-09-29T18:04:40.344+0200: 26.734: [GC (Allocation Failure) 2020-09-29T18:04:40.344+0200: 26.734: [ParNew: 573380K->23719K(613440K), 0.0130822 secs] 583843K->34182K(2029056K), 0.0131639 secs] [Times: user=0.13 sys=0.00, real=0.01 secs] 
2020-09-29T18:04:40.413+0200: 26.803: [GC (Allocation Failure) 2020-09-29T18:04:40.413+0200: 26.803: [ParNew: 569063K->24720K(613440K), 0.0143543 secs] 579526K->35183K(2029056K), 0.0144170 secs] [Times: user=0.13 sys=0.00, real=0.01 secs] 
2020-09-29T18:04:40.483+0200: 26.873: [GC (Allocation Failure) 2020-09-29T18:04:40.483+0200: 26.873: [ParNew: 570064K->34146K(613440K), 0.0198102 secs] 580527K->44609K(2029056K), 0.0198831 secs] [Times: user=0.13 sys=0.00, real=0.02 secs] 
2020-09-29T18:04:40.553+0200: 26.942: [GC (Allocation Failure) 2020-09-29T18:04:40.553+0200: 26.942: [ParNew: 579490K->46755K(613440K), 0.0272679 secs] 589953K->57217K(2029056K), 0.0273630 secs] [Times: user=0.13 sys=0.00, real=0.03 secs] 
2020-09-29T18:04:40.630+0200: 27.019: [GC (Allocation Failure) 2020-09-29T18:04:40.630+0200: 27.019: [ParNew: 592099K->44246K(613440K), 0.0176458 secs] 602561K->54709K(2029056K), 0.0177120 secs] [Times: user=0.13 sys=0.00, real=0.02 secs] 
2020-09-29T18:04:40.706+0200: 27.095: [GC (Allocation Failure) 2020-09-29T18:04:40.706+0200: 27.095: [ParNew: 589590K->25481K(613440K), 0.0145357 secs] 600053K->35944K(2029056K), 0.0146030 secs] [Times: user=0.13 sys=0.00, real=0.01 secs] 
2020-09-29T18:04:40.776+0200: 27.165: [GC (Allocation Failure) 2020-09-29T18:04:40.776+0200: 27.165: [ParNew: 570825K->24842K(613440K), 0.0137138 secs] 581288K->35305K(2029056K), 0.0137875 secs] [Times: user=0.13 sys=0.00, real=0.01 secs] 
2020-09-29T18:04:40.855+0200: 27.245: [GC (Allocation Failure) 2020-09-29T18:04:40.855+0200: 27.245: [ParNew: 570186K->53689K(613440K), 0.0276963 secs] 580649K->64152K(2029056K), 0.0277840 secs] [Times: user=0.25 sys=0.00, real=0.03 secs] 
2020-09-29T18:04:40.931+0200: 27.320: [GC (Allocation Failure) 2020-09-29T18:04:40.931+0200: 27.320: [ParNew: 599033K->65179K(613440K), 0.0264329 secs] 609496K->75642K(2029056K), 0.0265053 secs] [Times: user=0.25 sys=0.00, real=0.03 secs] 
2020-09-29T18:04:41.004+0200: 27.394: [GC (Allocation Failure) 2020-09-29T18:04:41.004+0200: 27.394: [ParNew: 610523K->39097K(613440K), 0.0173824 secs] 620986K->49560K(2029056K), 0.0174495 secs] [Times: user=0.13 sys=0.00, real=0.02 secs] 
2020-09-29T18:04:41.071+0200: 27.461: [GC (Allocation Failure) 2020-09-29T18:04:41.071+0200: 27.461: [ParNew: 584441K->57836K(613440K), 0.0235914 secs] 594904K->68299K(2029056K), 0.0236554 secs] [Times: user=0.13 sys=0.00, real=0.02 secs] 
2020-09-29T18:04:41.154+0200: 27.543: [GC (Allocation Failure) 2020-09-29T18:04:41.154+0200: 27.544: [ParNew: 603180K->44874K(613440K), 0.0210724 secs] 613643K->55337K(2029056K), 0.0211376 secs] [Times: user=0.13 sys=0.00, real=0.02 secs] 
2020-09-29T18:04:41.229+0200: 27.618: [GC (Allocation Failure) 2020-09-29T18:04:41.229+0200: 27.618: [ParNew: 590218K->36592K(613440K), 0.0216791 secs] 600681K->47055K(2029056K), 0.0217827 secs] [Times: user=0.13 sys=0.00, real=0.02 secs] 
2020-09-29T18:04:41.301+0200: 27.690: [GC (Allocation Failure) 2020-09-29T18:04:41.301+0200: 27.690: [ParNew: 581936K->34672K(613440K), 0.0215798 secs] 592399K->45134K(2029056K), 0.0216483 secs] [Times: user=0.13 sys=0.00, real=0.02 secs] 
2020-09-29T18:04:41.376+0200: 27.766: [GC (Allocation Failure) 2020-09-29T18:04:41.376+0200: 27.766: [ParNew: 580016K->38149K(613440K), 0.0189136 secs] 590478K->48612K(2029056K), 0.0189837 secs] [Times: user=0.25 sys=0.00, real=0.02 secs] 
2020-09-29T18:04:41.446+0200: 27.836: [GC (Allocation Failure) 2020-09-29T18:04:41.446+0200: 27.836: [ParNew: 583493K->33634K(613440K), 0.0172008 secs] 593956K->44097K(2029056K), 0.0172649 secs] [Times: user=0.13 sys=0.00, real=0.02 secs] 
2020-09-29T18:04:41.522+0200: 27.912: [GC (Allocation Failure) 2020-09-29T18:04:41.522+0200: 27.912: [ParNew: 578978K->52718K(613440K), 0.0236224 secs] 589441K->63181K(2029056K), 0.0236877 secs] [Times: user=0.13 sys=0.00, real=0.02 secs] 
2020-09-29T18:04:41.597+0200: 27.987: [GC (Allocation Failure) 2020-09-29T18:04:41.597+0200: 27.987: [ParNew: 598062K->40704K(613440K), 0.0226778 secs] 608525K->51167K(2029056K), 0.0227658 secs] [Times: user=0.25 sys=0.00, real=0.02 secs] 
2020-09-29T18:04:41.674+0200: 28.063: [GC (Allocation Failure) 2020-09-29T18:04:41.674+0200: 28.063: [ParNew: 586048K->31825K(613440K), 0.0144744 secs] 596511K->42288K(2029056K), 0.0145426 secs] [Times: user=0.11 sys=0.00, real=0.01 secs] 
2020-09-29T18:04:41.740+0200: 28.130: [GC (Allocation Failure) 2020-09-29T18:04:41.740+0200: 28.130: [ParNew: 577169K->49756K(613440K), 0.0270065 secs] 587632K->60219K(2029056K), 0.0270760 secs] [Times: user=0.13 sys=0.00, real=0.03 secs] 
2020-09-29T18:04:41.815+0200: 28.204: [GC (Allocation Failure) 2020-09-29T18:04:41.815+0200: 28.204: [ParNew: 595100K->64892K(613440K), 0.0260172 secs] 605563K->75355K(2029056K), 0.0260830 secs] [Times: user=0.25 sys=0.00, real=0.03 secs] 
2020-09-29T18:04:41.889+0200: 28.278: [GC (Allocation Failure) 2020-09-29T18:04:41.889+0200: 28.278: [ParNew: 610236K->30727K(613440K), 0.0164460 secs] 620699K->41189K(2029056K), 0.0165138 secs] [Times: user=0.13 sys=0.00, real=0.02 secs] 
2020-09-29T18:04:41.959+0200: 28.349: [GC (Allocation Failure) 2020-09-29T18:04:41.959+0200: 28.349: [ParNew: 576071K->48731K(613440K), 0.0233285 secs] 586533K->59194K(2029056K), 0.0233930 secs] [Times: user=0.13 sys=0.00, real=0.02 secs] 
2020-09-29T18:04:42.037+0200: 28.427: [GC (Allocation Failure) 2020-09-29T18:04:42.037+0200: 28.427: [ParNew: 594075K->52628K(613440K), 0.0234116 secs] 604538K->63091K(2029056K), 0.0234809 secs] [Times: user=0.13 sys=0.00, real=0.02 secs] 
2020-09-29T18:04:42.108+0200: 28.498: [GC (Allocation Failure) 2020-09-29T18:04:42.108+0200: 28.498: [ParNew: 597972K->37735K(613440K), 0.0203568 secs] 608435K->48198K(2029056K), 0.0204444 secs] [Times: user=0.25 sys=0.00, real=0.02 secs] 
2020-09-29T18:04:42.180+0200: 28.569: [GC (Allocation Failure) 2020-09-29T18:04:42.180+0200: 28.569: [ParNew: 583079K->34619K(613440K), 0.0202181 secs] 593542K->45082K(2029056K), 0.0203035 secs] [Times: user=0.13 sys=0.00, real=0.02 secs] 
2020-09-29T18:04:42.258+0200: 28.648: [GC (Allocation Failure) 2020-09-29T18:04:42.258+0200: 28.648: [ParNew: 579963K->31154K(613440K), 0.0198760 secs] 590426K->41617K(2029056K), 0.0284066 secs] [Times: user=0.13 sys=0.00, real=0.03 secs] 
2020-09-29T18:04:42.340+0200: 28.730: [GC (Allocation Failure) 2020-09-29T18:04:42.340+0200: 28.730: [ParNew: 576498K->56068K(613440K), 0.0245067 secs] 586961K->66531K(2029056K), 0.0245794 secs] [Times: user=0.25 sys=0.00, real=0.03 secs] 
2020-09-29T18:04:42.414+0200: 28.804: [GC (Allocation Failure) 2020-09-29T18:04:42.414+0200: 28.804: [ParNew: 601412K->36561K(613440K), 0.0159087 secs] 611875K->47024K(2029056K), 0.0159718 secs] [Times: user=0.13 sys=0.00, real=0.02 secs] 
2020-09-29T18:04:42.483+0200: 28.873: [GC (Allocation Failure) 2020-09-29T18:04:42.483+0200: 28.873: [ParNew: 581905K->33573K(613440K), 0.0225377 secs] 592368K->44036K(2029056K), 0.0226116 secs] [Times: user=0.25 sys=0.00, real=0.02 secs] 
2020-09-29T18:04:42.566+0200: 28.956: [GC (Allocation Failure) 2020-09-29T18:04:42.567+0200: 28.956: [ParNew: 578917K->56876K(613440K), 0.0294887 secs] 589380K->67339K(2029056K), 0.0295750 secs] [Times: user=0.13 sys=0.02, real=0.03 secs] 
2020-09-29T18:04:42.648+0200: 29.038: [GC (Allocation Failure) 2020-09-29T18:04:42.648+0200: 29.038: [ParNew: 602220K->43015K(613440K), 0.0219244 secs] 612683K->53478K(2029056K), 0.0220145 secs] [Times: user=0.11 sys=0.00, real=0.02 secs] 
2020-09-29T18:04:42.726+0200: 29.116: [GC (Allocation Failure) 2020-09-29T18:04:42.726+0200: 29.116: [ParNew: 588359K->54404K(613440K), 0.0271093 secs] 598822K->64867K(2029056K), 0.0272069 secs] [Times: user=0.11 sys=0.00, real=0.03 secs] 
2020-09-29T18:04:42.806+0200: 29.196: [GC (Allocation Failure) 2020-09-29T18:04:42.806+0200: 29.196: [ParNew: 599748K->68096K(613440K), 0.0341680 secs] 610211K->79183K(2029056K), 0.0342375 secs] [Times: user=0.20 sys=0.00, real=0.03 secs] 
2020-09-29T18:04:42.887+0200: 29.276: [GC (Allocation Failure) 2020-09-29T18:04:42.887+0200: 29.276: [ParNew: 613440K->56199K(613440K), 0.0319705 secs] 624527K->67286K(2029056K), 0.0320412 secs] [Times: user=0.25 sys=0.00, real=0.03 secs] 
2020-09-29T18:04:42.967+0200: 29.357: [GC (Allocation Failure) 2020-09-29T18:04:42.967+0200: 29.357: [ParNew: 601543K->59499K(613440K), 0.0232778 secs] 612630K->70586K(2029056K), 0.0233671 secs] [Times: user=0.23 sys=0.00, real=0.02 secs] 
2020-09-29T18:04:43.046+0200: 29.435: [GC (Allocation Failure) 2020-09-29T18:04:43.046+0200: 29.435: [ParNew: 604843K->50680K(613440K), 0.0215964 secs] 615930K->61768K(2029056K), 0.0216753 secs] [Times: user=0.25 sys=0.00, real=0.02 secs] 
2020-09-29T18:04:43.129+0200: 29.518: [GC (Allocation Failure) 2020-09-29T18:04:43.129+0200: 29.519: [ParNew: 596024K->49980K(613440K), 0.0276571 secs] 607112K->61067K(2029056K), 0.0277271 secs] [Times: user=0.13 sys=0.00, real=0.03 secs] 
2020-09-29T18:04:43.212+0200: 29.602: [GC (Allocation Failure) 2020-09-29T18:04:43.212+0200: 29.602: [ParNew: 595324K->66243K(613440K), 0.0348537 secs] 606411K->77330K(2029056K), 0.0349361 secs] [Times: user=0.22 sys=0.00, real=0.04 secs] 
2020-09-29T18:04:43.296+0200: 29.686: [GC (Allocation Failure) 2020-09-29T18:04:43.296+0200: 29.686: [ParNew: 611587K->55806K(613440K), 0.0254329 secs] 622674K->66893K(2029056K), 0.0255000 secs] [Times: user=0.25 sys=0.00, real=0.03 secs] 
2020-09-29T18:04:43.374+0200: 29.764: [GC (Allocation Failure) 2020-09-29T18:04:43.374+0200: 29.764: [ParNew: 601150K->47264K(613440K), 0.0241818 secs] 612237K->58351K(2029056K), 0.0242661 secs] [Times: user=0.25 sys=0.00, real=0.02 secs] 
2020-09-29T18:04:43.445+0200: 29.834: [GC (Allocation Failure) 2020-09-29T18:04:43.445+0200: 29.834: [ParNew: 592608K->38041K(613440K), 0.0234251 secs] 603695K->49129K(2029056K), 0.0234903 secs] [Times: user=0.13 sys=0.00, real=0.02 secs] 
2020-09-29T18:04:43.519+0200: 29.908: [GC (Allocation Failure) 2020-09-29T18:04:43.519+0200: 29.908: [ParNew: 583385K->59805K(613440K), 0.0286641 secs] 594473K->70892K(2029056K), 0.0287523 secs] [Times: user=0.25 sys=0.00, real=0.03 secs] 
2020-09-29T18:04:43.603+0200: 29.992: [GC (Allocation Failure) 2020-09-29T18:04:43.603+0200: 29.992: [ParNew: 605149K->33654K(613440K), 0.0124862 secs] 616236K->44741K(2029056K), 0.0125810 secs] [Times: user=0.11 sys=0.00, real=0.01 secs] 
2020-09-29T18:04:43.676+0200: 30.065: [GC (Allocation Failure) 2020-09-29T18:04:43.676+0200: 30.065: [ParNew: 578998K->43330K(613440K), 0.0256883 secs] 590085K->54417K(2029056K), 0.0257767 secs] [Times: user=0.13 sys=0.00, real=0.02 secs] 
2020-09-29T18:04:43.751+0200: 30.141: [GC (Allocation Failure) 2020-09-29T18:04:43.751+0200: 30.141: [ParNew: 588674K->54862K(613440K), 0.0251287 secs] 599761K->65949K(2029056K), 0.0252245 secs] [Times: user=0.25 sys=0.00, real=0.03 secs] 
2020-09-29T18:04:43.827+0200: 30.217: [GC (Allocation Failure) 2020-09-29T18:04:43.827+0200: 30.217: [ParNew: 600206K->42338K(613440K), 0.0238915 secs] 611293K->53425K(2029056K), 0.0239602 secs] [Times: user=0.25 sys=0.00, real=0.02 secs] 
2020-09-29T18:04:43.901+0200: 30.291: [GC (Allocation Failure) 2020-09-29T18:04:43.901+0200: 30.291: [ParNew: 587682K->39846K(613440K), 0.0231493 secs] 598769K->50933K(2029056K), 0.0232172 secs] [Times: user=0.13 sys=0.00, real=0.02 secs] 
2020-09-29T18:04:43.973+0200: 30.363: [GC (Allocation Failure) 2020-09-29T18:04:43.973+0200: 30.363: [ParNew: 585190K->39128K(613440K), 0.0217235 secs] 596277K->50215K(2029056K), 0.0217902 secs] [Times: user=0.13 sys=0.00, real=0.02 secs] 
2020-09-29T18:04:44.050+0200: 30.439: [GC (Allocation Failure) 2020-09-29T18:04:44.050+0200: 30.439: [ParNew: 584472K->37073K(613440K), 0.0205201 secs] 595559K->48160K(2029056K), 0.0205858 secs] [Times: user=0.25 sys=0.00, real=0.02 secs] 
2020-09-29T18:04:44.125+0200: 30.514: [GC (Allocation Failure) 2020-09-29T18:04:44.125+0200: 30.514: [ParNew: 581997K->30683K(613440K), 0.0193247 secs] 593084K->41771K(2029056K), 0.0193982 secs] [Times: user=0.13 sys=0.00, real=0.02 secs] 
2020-09-29T18:04:44.203+0200: 30.593: [GC (Allocation Failure) 2020-09-29T18:04:44.203+0200: 30.593: [ParNew: 576027K->48859K(613440K), 0.0268379 secs] 587115K->59946K(2029056K), 0.0269271 secs] [Times: user=0.23 sys=0.00, real=0.03 secs] 
2020-09-29T18:04:44.288+0200: 30.677: [GC (Allocation Failure) 2020-09-29T18:04:44.288+0200: 30.677: [ParNew: 594203K->39523K(613440K), 0.0233812 secs] 605290K->50610K(2029056K), 0.0234511 secs] [Times: user=0.13 sys=0.00, real=0.02 secs] 
2020-09-29T18:04:44.370+0200: 30.759: [GC (Allocation Failure) 2020-09-29T18:04:44.370+0200: 30.759: [ParNew: 584867K->62877K(613440K), 0.0305588 secs] 595954K->73964K(2029056K), 0.0306285 secs] [Times: user=0.25 sys=0.00, real=0.03 secs] 
2020-09-29T18:04:44.455+0200: 30.844: [GC (Allocation Failure) 2020-09-29T18:04:44.455+0200: 30.844: [ParNew: 608221K->46873K(613440K), 0.0231228 secs] 619308K->57960K(2029056K), 0.0231992 secs] [Times: user=0.25 sys=0.00, real=0.02 secs] 
2020-09-29T18:04:44.534+0200: 30.924: [GC (Allocation Failure) 2020-09-29T18:04:44.534+0200: 30.924: [ParNew: 592217K->39937K(613440K), 0.0204784 secs] 603304K->51024K(2029056K), 0.0205435 secs] [Times: user=0.25 sys=0.00, real=0.02 secs] 
2020-09-29T18:04:44.612+0200: 31.001: [GC (Allocation Failure) 2020-09-29T18:04:44.612+0200: 31.001: [ParNew: 585281K->38804K(613440K), 0.0232014 secs] 596368K->49891K(2029056K), 0.0232860 secs] [Times: user=0.22 sys=0.00, real=0.02 secs] 
2020-09-29T18:04:44.688+0200: 31.077: [GC (Allocation Failure) 2020-09-29T18:04:44.688+0200: 31.077: [ParNew: 584148K->54445K(613440K), 0.0277994 secs] 595235K->65532K(2029056K), 0.0278817 secs] [Times: user=0.25 sys=0.00, real=0.03 secs] 
2020-09-29T18:04:44.762+0200: 31.151: [GC (Allocation Failure) 2020-09-29T18:04:44.762+0200: 31.151: [ParNew: 599789K->43117K(613440K), 0.0260345 secs] 610876K->54205K(2029056K), 0.0261309 secs] [Times: user=0.25 sys=0.00, real=0.03 secs] 
2020-09-29T18:04:44.840+0200: 31.229: [GC (Allocation Failure) 2020-09-29T18:04:44.840+0200: 31.229: [ParNew: 588461K->42568K(613440K), 0.0247928 secs] 599549K->53655K(2029056K), 0.0248809 secs] [Times: user=0.25 sys=0.00, real=0.03 secs] 
2020-09-29T18:04:44.917+0200: 31.306: [GC (Allocation Failure) 2020-09-29T18:04:44.917+0200: 31.306: [ParNew: 587912K->66985K(613440K), 0.0315489 secs] 598999K->78072K(2029056K), 0.0316379 secs] [Times: user=0.25 sys=0.00, real=0.03 secs] 
2020-09-29T18:04:44.997+0200: 31.386: [GC (Allocation Failure) 2020-09-29T18:04:44.997+0200: 31.386: [ParNew: 612329K->50946K(613440K), 0.0232650 secs] 623416K->62033K(2029056K), 0.0302194 secs] [Times: user=0.25 sys=0.00, real=0.03 secs] 
2020-09-29T18:04:45.092+0200: 31.481: [GC (Allocation Failure) 2020-09-29T18:04:45.092+0200: 31.481: [ParNew: 596290K->38602K(613440K), 0.0223393 secs] 607377K->49690K(2029056K), 0.0224062 secs] [Times: user=0.25 sys=0.00, real=0.02 secs] 
2020-09-29T18:04:45.163+0200: 31.552: [GC (Allocation Failure) 2020-09-29T18:04:45.163+0200: 31.552: [ParNew: 583946K->36645K(613440K), 0.0197481 secs] 595034K->47733K(2029056K), 0.0198331 secs] [Times: user=0.13 sys=0.00, real=0.02 secs] 
2020-09-29T18:04:45.255+0200: 31.644: [GC (Allocation Failure) 2020-09-29T18:04:45.255+0200: 31.644: [ParNew: 581989K->68096K(613440K), 0.0344768 secs] 593077K->79183K(2029056K), 0.0345518 secs] [Times: user=0.25 sys=0.00, real=0.03 secs] 
2020-09-29T18:04:45.336+0200: 31.726: [GC (Allocation Failure) 2020-09-29T18:04:45.336+0200: 31.726: [ParNew: 613440K->48429K(613440K), 0.0178350 secs] 624527K->59516K(2029056K), 0.0179037 secs] [Times: user=0.13 sys=0.00, real=0.02 secs] 
2020-09-29T18:04:45.416+0200: 31.806: [GC (Allocation Failure) 2020-09-29T18:04:45.416+0200: 31.806: [ParNew: 593773K->60484K(613440K), 0.0327401 secs] 604860K->71571K(2029056K), 0.0328094 secs] [Times: user=0.25 sys=0.00, real=0.03 secs] 
2020-09-29T18:04:45.496+0200: 31.886: [GC (Allocation Failure) 2020-09-29T18:04:45.496+0200: 31.886: [ParNew: 605828K->49396K(613440K), 0.0244093 secs] 616915K->60483K(2029056K), 0.0244827 secs] [Times: user=0.25 sys=0.00, real=0.02 secs] 
2020-09-29T18:04:45.571+0200: 31.961: [GC (Allocation Failure) 2020-09-29T18:04:45.571+0200: 31.961: [ParNew: 594740K->67028K(613440K), 0.0338051 secs] 605827K->78115K(2029056K), 0.0338878 secs] [Times: user=0.22 sys=0.00, real=0.03 secs] 
2020-09-29T18:04:45.657+0200: 32.046: [GC (Allocation Failure) 2020-09-29T18:04:45.657+0200: 32.047: [ParNew: 612372K->47368K(613440K), 0.0237949 secs] 623459K->58455K(2029056K), 0.0238743 secs] [Times: user=0.25 sys=0.00, real=0.02 secs] 
2020-09-29T18:04:45.736+0200: 32.126: [GC (Allocation Failure) 2020-09-29T18:04:45.736+0200: 32.126: [ParNew: 592712K->41976K(613440K), 0.0201935 secs] 603799K->53063K(2029056K), 0.0202677 secs] [Times: user=0.25 sys=0.00, real=0.02 secs] 
2020-09-29T18:04:45.814+0200: 32.203: [GC (Allocation Failure) 2020-09-29T18:04:45.814+0200: 32.203: [ParNew: 587320K->59175K(613440K), 0.0296550 secs] 598407K->70262K(2029056K), 0.0297303 secs] [Times: user=0.25 sys=0.00, real=0.03 secs] 
2020-09-29T18:04:45.891+0200: 32.281: [GC (Allocation Failure) 2020-09-29T18:04:45.891+0200: 32.281: [ParNew: 604519K->37004K(613440K), 0.0175155 secs] 615606K->48092K(2029056K), 0.0175905 secs] [Times: user=0.13 sys=0.00, real=0.02 secs] 
2020-09-29T18:04:45.966+0200: 32.356: [GC (Allocation Failure) 2020-09-29T18:04:45.966+0200: 32.356: [ParNew: 582348K->41025K(613440K), 0.0247955 secs] 593436K->52112K(2029056K), 0.0248848 secs] [Times: user=0.25 sys=0.00, real=0.02 secs] 
2020-09-29T18:04:46.044+0200: 32.433: [GC (Allocation Failure) 2020-09-29T18:04:46.044+0200: 32.433: [ParNew: 586369K->51496K(613440K), 0.0240398 secs] 597456K->62584K(2029056K), 0.0241115 secs] [Times: user=0.25 sys=0.00, real=0.02 secs] 
2020-09-29T18:04:46.115+0200: 32.505: [GC (Allocation Failure) 2020-09-29T18:04:46.115+0200: 32.505: [ParNew: 596840K->40234K(613440K), 0.0210319 secs] 607928K->51321K(2029056K), 0.0211019 secs] [Times: user=0.13 sys=0.00, real=0.02 secs] 
2020-09-29T18:04:46.195+0200: 32.584: [GC (Allocation Failure) 2020-09-29T18:04:46.195+0200: 32.584: [ParNew: 585578K->33178K(613440K), 0.0214795 secs] 596665K->44265K(2029056K), 0.0215447 secs] [Times: user=0.11 sys=0.00, real=0.02 secs] 
2020-09-29T18:04:46.278+0200: 32.667: [GC (Allocation Failure) 2020-09-29T18:04:46.278+0200: 32.667: [ParNew: 578522K->31260K(613440K), 0.0209457 secs] 589609K->42347K(2029056K), 0.0210337 secs] [Times: user=0.13 sys=0.00, real=0.02 secs] 
2020-09-29T18:04:46.350+0200: 32.740: [GC (Allocation Failure) 2020-09-29T18:04:46.350+0200: 32.740: [ParNew: 576604K->29544K(613440K), 0.0178680 secs] 587691K->40632K(2029056K), 0.0179337 secs] [Times: user=0.13 sys=0.00, real=0.02 secs] 
2020-09-29T18:04:46.431+0200: 32.820: [GC (Allocation Failure) 2020-09-29T18:04:46.431+0200: 32.820: [ParNew: 574888K->31811K(613440K), 0.0166879 secs] 585976K->42898K(2029056K), 0.0167574 secs] [Times: user=0.13 sys=0.00, real=0.02 secs] 
2020-09-29T18:04:46.509+0200: 32.898: [GC (Allocation Failure) 2020-09-29T18:04:46.509+0200: 32.898: [ParNew: 577155K->46500K(613440K), 0.0250365 secs] 588242K->57588K(2029056K), 0.0251304 secs] [Times: user=0.13 sys=0.00, real=0.02 secs] 
2020-09-29T18:04:46.591+0200: 32.979: [GC (Allocation Failure) 2020-09-29T18:04:46.591+0200: 32.979: [ParNew: 591844K->49964K(613440K), 0.0237096 secs] 602932K->61052K(2029056K), 0.0237845 secs] [Times: user=0.25 sys=0.00, real=0.02 secs] 
2020-09-29T18:04:46.677+0200: 33.066: [GC (Allocation Failure) 2020-09-29T18:04:46.677+0200: 33.066: [ParNew: 595308K->39388K(613440K), 0.0207624 secs] 606396K->50475K(2029056K), 0.0208320 secs] [Times: user=0.13 sys=0.00, real=0.02 secs] 
2020-09-29T18:04:46.756+0200: 33.144: [GC (Allocation Failure) 2020-09-29T18:04:46.756+0200: 33.144: [ParNew: 584732K->59962K(613440K), 0.0293737 secs] 595819K->71050K(2029056K), 0.0294541 secs] [Times: user=0.13 sys=0.00, real=0.03 secs] 
2020-09-29T18:04:46.836+0200: 33.225: [GC (Allocation Failure) 2020-09-29T18:04:46.836+0200: 33.225: [ParNew: 605306K->39632K(613440K), 0.0114810 secs] 616394K->50720K(2029056K), 0.0115499 secs] [Times: user=0.00 sys=0.00, real=0.01 secs] 
2020-09-29T18:04:46.907+0200: 33.296: [GC (Allocation Failure) 2020-09-29T18:04:46.907+0200: 33.296: [ParNew: 584976K->44531K(613440K), 0.0256252 secs] 596064K->55619K(2029056K), 0.0256939 secs] [Times: user=0.25 sys=0.00, real=0.03 secs] 
2020-09-29T18:04:46.982+0200: 33.371: [GC (Allocation Failure) 2020-09-29T18:04:46.983+0200: 33.371: [ParNew: 589875K->31730K(613440K), 0.0188061 secs] 600963K->42817K(2029056K), 0.0188964 secs] [Times: user=0.11 sys=0.00, real=0.02 secs] 
2020-09-29T18:04:47.053+0200: 33.442: [GC (Allocation Failure) 2020-09-29T18:04:47.053+0200: 33.442: [ParNew: 577074K->58209K(613440K), 0.0316221 secs] 588161K->69296K(2029056K), 0.0317106 secs] [Times: user=0.25 sys=0.00, real=0.03 secs] 
2020-09-29T18:04:47.133+0200: 33.521: [GC (Allocation Failure) 2020-09-29T18:04:47.133+0200: 33.521: [ParNew: 603553K->68096K(613440K), 0.0310824 secs] 614640K->79274K(2029056K), 0.0311520 secs] [Times: user=0.25 sys=0.00, real=0.03 secs] 
2020-09-29T18:04:47.215+0200: 33.604: [GC (Allocation Failure) 2020-09-29T18:04:47.215+0200: 33.604: [ParNew: 613440K->53316K(613440K), 0.0220961 secs] 624618K->64494K(2029056K), 0.0221719 secs] [Times: user=0.13 sys=0.00, real=0.02 secs] 
2020-09-29T18:04:47.290+0200: 33.679: [GC (Allocation Failure) 2020-09-29T18:04:47.290+0200: 33.679: [ParNew: 598660K->44522K(613440K), 0.0222624 secs] 609838K->55700K(2029056K), 0.0223340 secs] [Times: user=0.13 sys=0.00, real=0.02 secs] 
2020-09-29T18:04:47.361+0200: 33.749: [GC (Allocation Failure) 2020-09-29T18:04:47.361+0200: 33.749: [ParNew: 589866K->51406K(613440K), 0.0271862 secs] 601044K->62584K(2029056K), 0.0272852 secs] [Times: user=0.25 sys=0.00, real=0.03 secs] 
2020-09-29T18:04:47.439+0200: 33.828: [GC (Allocation Failure) 2020-09-29T18:04:47.439+0200: 33.828: [ParNew: 596750K->60572K(613440K), 0.0261057 secs] 607928K->71750K(2029056K), 0.0261711 secs] [Times: user=0.25 sys=0.00, real=0.03 secs] 
2020-09-29T18:04:47.521+0200: 33.910: [GC (Allocation Failure) 2020-09-29T18:04:47.521+0200: 33.910: [ParNew: 605916K->64705K(613440K), 0.0332811 secs] 617094K->75883K(2029056K), 0.0333474 secs] [Times: user=0.25 sys=0.00, real=0.03 secs] 
2020-09-29T18:04:47.605+0200: 33.993: [GC (Allocation Failure) 2020-09-29T18:04:47.605+0200: 33.993: [ParNew: 610049K->49296K(613440K), 0.0179348 secs] 621227K->60474K(2029056K), 0.0179935 secs] [Times: user=0.13 sys=0.00, real=0.02 secs] 
2020-09-29T18:04:47.673+0200: 34.061: [GC (Allocation Failure) 2020-09-29T18:04:47.673+0200: 34.061: [ParNew: 594640K->68080K(613440K), 0.0219629 secs] 605818K->79259K(2029056K), 0.0220280 secs] [Times: user=0.25 sys=0.00, real=0.02 secs] 
2020-09-29T18:04:47.741+0200: 34.130: [GC (Allocation Failure) 2020-09-29T18:04:47.741+0200: 34.130: [ParNew: 613424K->48093K(613440K), 0.0171795 secs] 624603K->59272K(2029056K), 0.0172350 secs] [Times: user=0.13 sys=0.00, real=0.02 secs] 
2020-09-29T18:04:47.807+0200: 34.195: [GC (Allocation Failure) 2020-09-29T18:04:47.807+0200: 34.195: [ParNew: 593437K->39761K(613440K), 0.0156616 secs] 604616K->50939K(2029056K), 0.0157406 secs] [Times: user=0.13 sys=0.00, real=0.02 secs] 
2020-09-29T18:04:47.872+0200: 34.261: [GC (Allocation Failure) 2020-09-29T18:04:47.872+0200: 34.261: [ParNew: 585105K->58107K(613440K), 0.0212155 secs] 596283K->69285K(2029056K), 0.0212892 secs] [Times: user=0.13 sys=0.00, real=0.02 secs] 
2020-09-29T18:04:47.940+0200: 34.329: [GC (Allocation Failure) 2020-09-29T18:04:47.940+0200: 34.329: [ParNew: 603451K->40931K(613440K), 0.0134053 secs] 614629K->52109K(2029056K), 0.0134644 secs] [Times: user=0.11 sys=0.00, real=0.01 secs] 
2020-09-29T18:04:48.006+0200: 34.395: [GC (Allocation Failure) 2020-09-29T18:04:48.006+0200: 34.395: [ParNew: 586275K->36134K(613440K), 0.0131126 secs] 597453K->47312K(2029056K), 0.0131671 secs] [Times: user=0.00 sys=0.00, real=0.01 secs] 
2020-09-29T18:04:48.067+0200: 34.455: [GC (Allocation Failure) 2020-09-29T18:04:48.067+0200: 34.455: [ParNew: 581478K->37803K(613440K), 0.0173738 secs] 592656K->48981K(2029056K), 0.0174462 secs] [Times: user=0.13 sys=0.00, real=0.02 secs] 
2020-09-29T18:04:48.131+0200: 34.519: [GC (Allocation Failure) 2020-09-29T18:04:48.131+0200: 34.519: [ParNew: 583147K->51164K(613440K), 0.0214523 secs] 594325K->62342K(2029056K), 0.0215150 secs] [Times: user=0.13 sys=0.00, real=0.02 secs] 
2020-09-29T18:04:48.203+0200: 34.591: [GC (Allocation Failure) 2020-09-29T18:04:48.203+0200: 34.592: [ParNew: 596508K->48398K(613440K), 0.0238252 secs] 607686K->59577K(2029056K), 0.0238941 secs] [Times: user=0.23 sys=0.00, real=0.02 secs] 
2020-09-29T18:04:48.275+0200: 34.664: [GC (Allocation Failure) 2020-09-29T18:04:48.275+0200: 34.664: [ParNew: 593742K->46410K(613440K), 0.0192011 secs] 604921K->57589K(2029056K), 0.0192603 secs] [Times: user=0.13 sys=0.00, real=0.02 secs] 
2020-09-29T18:04:48.341+0200: 34.730: [GC (Allocation Failure) 2020-09-29T18:04:48.341+0200: 34.730: [ParNew: 591754K->68096K(613440K), 0.0244283 secs] 602933K->79828K(2029056K), 0.0244851 secs] [Times: user=0.25 sys=0.00, real=0.02 secs] 
2020-09-29T18:04:48.413+0200: 34.802: [GC (Allocation Failure) 2020-09-29T18:04:48.413+0200: 34.802: [ParNew: 613440K->46776K(613440K), 0.0211317 secs] 625172K->58508K(2029056K), 0.0211944 secs] [Times: user=0.11 sys=0.00, real=0.02 secs] 
2020-09-29T18:04:48.484+0200: 34.872: [GC (Allocation Failure) 2020-09-29T18:04:48.484+0200: 34.873: [ParNew: 592120K->45098K(613440K), 0.0162584 secs] 603852K->56830K(2029056K), 0.0163173 secs] [Times: user=0.13 sys=0.00, real=0.02 secs] 
2020-09-29T18:04:48.550+0200: 34.939: [GC (Allocation Failure) 2020-09-29T18:04:48.550+0200: 34.939: [ParNew: 590442K->37142K(613440K), 0.0167958 secs] 602174K->48874K(2029056K), 0.0168820 secs] [Times: user=0.25 sys=0.00, real=0.02 secs] 
2020-09-29T18:04:48.619+0200: 35.008: [GC (Allocation Failure) 2020-09-29T18:04:48.619+0200: 35.008: [ParNew: 582486K->58240K(613440K), 0.0217957 secs] 594218K->69972K(2029056K), 0.0218785 secs] [Times: user=0.13 sys=0.00, real=0.02 secs] 
2020-09-29T18:04:48.690+0200: 35.078: [GC (Allocation Failure) 2020-09-29T18:04:48.690+0200: 35.078: [ParNew: 603584K->64166K(613440K), 0.0200179 secs] 615316K->75898K(2029056K), 0.0200813 secs] [Times: user=0.25 sys=0.00, real=0.02 secs] 
2020-09-29T18:04:48.757+0200: 35.146: [GC (Allocation Failure) 2020-09-29T18:04:48.757+0200: 35.146: [ParNew: 609510K->49013K(613440K), 0.0199123 secs] 621242K->60745K(2029056K), 0.0199806 secs] [Times: user=0.13 sys=0.00, real=0.02 secs] 
2020-09-29T18:04:48.824+0200: 35.213: [GC (Allocation Failure) 2020-09-29T18:04:48.824+0200: 35.213: [ParNew: 594357K->65534K(613440K), 0.0245645 secs] 606089K->77266K(2029056K), 0.0246395 secs] [Times: user=0.11 sys=0.02, real=0.03 secs] 
2020-09-29T18:04:48.896+0200: 35.285: [GC (Allocation Failure) 2020-09-29T18:04:48.896+0200: 35.285: [ParNew: 610878K->47178K(613440K), 0.0178046 secs] 622610K->58910K(2029056K), 0.0178834 secs] [Times: user=0.13 sys=0.00, real=0.02 secs] 
2020-09-29T18:04:48.962+0200: 35.350: [GC (Allocation Failure) 2020-09-29T18:04:48.962+0200: 35.350: [ParNew: 592522K->68096K(613440K), 0.0221973 secs] 604254K->80168K(2029056K), 0.0222583 secs] [Times: user=0.13 sys=0.00, real=0.02 secs] 
2020-09-29T18:04:49.032+0200: 35.420: [GC (Allocation Failure) 2020-09-29T18:04:49.032+0200: 35.420: [ParNew: 613440K->50279K(613440K), 0.0215822 secs] 625512K->62351K(2029056K), 0.0216417 secs] [Times: user=0.25 sys=0.00, real=0.02 secs] 
2020-09-29T18:04:49.100+0200: 35.490: [GC (Allocation Failure) 2020-09-29T18:04:49.100+0200: 35.490: [ParNew: 595623K->44003K(613440K), 0.0148274 secs] 607695K->56075K(2029056K), 0.0148896 secs] [Times: user=0.13 sys=0.00, real=0.02 secs] 
2020-09-29T18:04:49.165+0200: 35.554: [GC (Allocation Failure) 2020-09-29T18:04:49.165+0200: 35.554: [ParNew: 589347K->62462K(613440K), 0.0197049 secs] 601419K->74534K(2029056K), 0.0197939 secs] [Times: user=0.13 sys=0.00, real=0.02 secs] 
2020-09-29T18:04:49.236+0200: 35.625: [GC (Allocation Failure) 2020-09-29T18:04:49.236+0200: 35.625: [ParNew: 607806K->68096K(613440K), 0.0258484 secs] 619878K->81061K(2029056K), 0.0259144 secs] [Times: user=0.23 sys=0.00, real=0.03 secs] 
2020-09-29T18:04:49.310+0200: 35.700: [GC (Allocation Failure) 2020-09-29T18:04:49.311+0200: 35.700: [ParNew: 613440K->57744K(613440K), 0.0184925 secs] 626405K->70710K(2029056K), 0.0186023 secs] [Times: user=0.13 sys=0.00, real=0.02 secs] 
2020-09-29T18:04:49.376+0200: 35.766: [GC (Allocation Failure) 2020-09-29T18:04:49.376+0200: 35.766: [ParNew: 603088K->38048K(613440K), 0.0114383 secs] 616054K->51014K(2029056K), 0.0115078 secs] [Times: user=0.13 sys=0.00, real=0.01 secs] 
2020-09-29T18:04:49.436+0200: 35.826: [GC (Allocation Failure) 2020-09-29T18:04:49.436+0200: 35.826: [ParNew: 583392K->23242K(613440K), 0.0110944 secs] 596358K->36208K(2029056K), 0.0111564 secs] [Times: user=0.13 sys=0.00, real=0.01 secs] 
2020-09-29T18:04:49.503+0200: 35.892: [GC (Allocation Failure) 2020-09-29T18:04:49.503+0200: 35.892: [ParNew: 568586K->19169K(613440K), 0.0108603 secs] 581552K->32135K(2029056K), 0.0109216 secs] [Times: user=0.13 sys=0.00, real=0.01 secs] 
2020-09-29T18:04:49.567+0200: 35.957: [GC (Allocation Failure) 2020-09-29T18:04:49.567+0200: 35.957: [ParNew: 564513K->31246K(613440K), 0.0181047 secs] 577479K->44212K(2029056K), 0.0181834 secs] [Times: user=0.11 sys=0.00, real=0.02 secs] 
2020-09-29T18:04:49.639+0200: 36.028: [GC (Allocation Failure) 2020-09-29T18:04:49.639+0200: 36.028: [ParNew: 576590K->64048K(613440K), 0.0261566 secs] 589556K->77013K(2029056K), 0.0262332 secs] [Times: user=0.23 sys=0.00, real=0.03 secs] 
2020-09-29T18:04:49.715+0200: 36.104: [GC (Allocation Failure) 2020-09-29T18:04:49.715+0200: 36.104: [ParNew: 609392K->46083K(613440K), 0.0151130 secs] 622357K->59049K(2029056K), 0.0151698 secs] [Times: user=0.11 sys=0.00, real=0.02 secs] 
2020-09-29T18:04:49.785+0200: 36.174: [GC (Allocation Failure) 2020-09-29T18:04:49.785+0200: 36.174: [ParNew: 591427K->40501K(613440K), 0.0232645 secs] 604393K->53466K(2029056K), 0.0233357 secs] [Times: user=0.22 sys=0.00, real=0.02 secs] 
2020-09-29T18:04:49.859+0200: 36.248: [GC (Allocation Failure) 2020-09-29T18:04:49.859+0200: 36.248: [ParNew: 585845K->50668K(613440K), 0.0185533 secs] 598810K->63634K(2029056K), 0.0186125 secs] [Times: user=0.13 sys=0.00, real=0.02 secs] 
2020-09-29T18:04:49.927+0200: 36.316: [GC (Allocation Failure) 2020-09-29T18:04:49.927+0200: 36.316: [ParNew: 596012K->39693K(613440K), 0.0169883 secs] 608978K->52659K(2029056K), 0.0170429 secs] [Times: user=0.13 sys=0.00, real=0.02 secs] 
2020-09-29T18:04:49.993+0200: 36.383: [GC (Allocation Failure) 2020-09-29T18:04:49.993+0200: 36.383: [ParNew: 585037K->37569K(613440K), 0.0179530 secs] 598003K->50535K(2029056K), 0.0180406 secs] [Times: user=0.13 sys=0.00, real=0.02 secs] 
2020-09-29T18:04:50.065+0200: 36.454: [GC (Allocation Failure) 2020-09-29T18:04:50.065+0200: 36.454: [ParNew: 582913K->35495K(613440K), 0.0173913 secs] 595879K->48461K(2029056K), 0.0174575 secs] [Times: user=0.23 sys=0.00, real=0.02 secs] 
2020-09-29T18:04:50.136+0200: 36.525: [GC (Allocation Failure) 2020-09-29T18:04:50.136+0200: 36.525: [ParNew: 580839K->58929K(613440K), 0.0210174 secs] 593805K->71895K(2029056K), 0.0210757 secs] [Times: user=0.13 sys=0.00, real=0.02 secs] 
2020-09-29T18:04:50.209+0200: 36.599: [GC (Allocation Failure) 2020-09-29T18:04:50.209+0200: 36.599: [ParNew: 604273K->43750K(613440K), 0.0173954 secs] 617239K->56716K(2029056K), 0.0174573 secs] [Times: user=0.13 sys=0.00, real=0.02 secs] 
2020-09-29T18:04:50.277+0200: 36.666: [GC (Allocation Failure) 2020-09-29T18:04:50.277+0200: 36.666: [ParNew: 589094K->56001K(613440K), 0.0241032 secs] 602060K->68967K(2029056K), 0.0241701 secs] [Times: user=0.25 sys=0.00, real=0.02 secs] 
2020-09-29T18:04:50.349+0200: 36.738: [GC (Allocation Failure) 2020-09-29T18:04:50.349+0200: 36.738: [ParNew: 601345K->43748K(613440K), 0.0187183 secs] 614311K->56714K(2029056K), 0.0187836 secs] [Times: user=0.13 sys=0.00, real=0.02 secs] 
2020-09-29T18:04:50.414+0200: 36.804: [GC (Allocation Failure) 2020-09-29T18:04:50.414+0200: 36.804: [ParNew: 589092K->46591K(613440K), 0.0170371 secs] 602058K->59557K(2029056K), 0.0171067 secs] [Times: user=0.13 sys=0.00, real=0.02 secs] 
2020-09-29T18:04:50.479+0200: 36.869: [GC (Allocation Failure) 2020-09-29T18:04:50.479+0200: 36.869: [ParNew: 591935K->43359K(613440K), 0.0161716 secs] 604901K->56325K(2029056K), 0.0162298 secs] [Times: user=0.13 sys=0.00, real=0.02 secs] 
2020-09-29T18:04:50.549+0200: 36.938: [GC (Allocation Failure) 2020-09-29T18:04:50.549+0200: 36.939: [ParNew: 588703K->36951K(613440K), 0.0179006 secs] 601669K->49917K(2029056K), 0.0179885 secs] [Times: user=0.23 sys=0.00, real=0.02 secs] 
2020-09-29T18:04:50.620+0200: 37.009: [GC (Allocation Failure) 2020-09-29T18:04:50.620+0200: 37.009: [ParNew: 582295K->35954K(613440K), 0.0177634 secs] 595261K->48919K(2029056K), 0.0178331 secs] [Times: user=0.13 sys=0.00, real=0.02 secs] 
2020-09-29T18:04:50.696+0200: 37.086: [GC (Allocation Failure) 2020-09-29T18:04:50.696+0200: 37.086: [ParNew: 581298K->58237K(613440K), 0.0221388 secs] 594263K->71203K(2029056K), 0.0222066 secs] [Times: user=0.13 sys=0.00, real=0.02 secs] 
2020-09-29T18:04:50.769+0200: 37.159: [GC (Allocation Failure) 2020-09-29T18:04:50.769+0200: 37.159: [ParNew: 603581K->36369K(613440K), 0.0094434 secs] 616547K->49335K(2029056K), 0.0095082 secs] [Times: user=0.13 sys=0.00, real=0.01 secs] 
2020-09-29T18:04:50.835+0200: 37.224: [GC (Allocation Failure) 2020-09-29T18:04:50.835+0200: 37.224: [ParNew: 581713K->58130K(613440K), 0.0248376 secs] 594679K->71096K(2029056K), 0.0248959 secs] [Times: user=0.13 sys=0.00, real=0.02 secs] 
2020-09-29T18:04:50.907+0200: 37.297: [GC (Allocation Failure) 2020-09-29T18:04:50.908+0200: 37.297: [ParNew: 603474K->46016K(613440K), 0.0179341 secs] 616440K->58981K(2029056K), 0.0179970 secs] [Times: user=0.13 sys=0.00, real=0.02 secs] 
2020-09-29T18:04:50.972+0200: 37.362: [GC (Allocation Failure) 2020-09-29T18:04:50.972+0200: 37.362: [ParNew: 591360K->67733K(613440K), 0.0223164 secs] 604325K->80699K(2029056K), 0.0223850 secs] [Times: user=0.14 sys=0.00, real=0.02 secs] 
2020-09-29T18:04:51.042+0200: 37.432: [GC (Allocation Failure) 2020-09-29T18:04:51.042+0200: 37.432: [ParNew: 613077K->53435K(613440K), 0.0214917 secs] 626043K->66401K(2029056K), 0.0215503 secs] [Times: user=0.13 sys=0.00, real=0.02 secs] 
2020-09-29T18:04:51.111+0200: 37.501: [GC (Allocation Failure) 2020-09-29T18:04:51.111+0200: 37.501: [ParNew: 598779K->46226K(613440K), 0.0158904 secs] 611745K->59192K(2029056K), 0.0159455 secs] [Times: user=0.13 sys=0.00, real=0.02 secs] 
2020-09-29T18:04:51.176+0200: 37.565: [GC (Allocation Failure) 2020-09-29T18:04:51.176+0200: 37.565: [ParNew: 591570K->42779K(613440K), 0.0152823 secs] 604536K->55745K(2029056K), 0.0153561 secs] [Times: user=0.00 sys=0.00, real=0.01 secs] 
2020-09-29T18:04:51.243+0200: 37.633: [GC (Allocation Failure) 2020-09-29T18:04:51.243+0200: 37.633: [ParNew: 588123K->62140K(613440K), 0.0255096 secs] 601089K->75106K(2029056K), 0.0255837 secs] [Times: user=0.11 sys=0.00, real=0.03 secs] 
2020-09-29T18:04:51.316+0200: 37.706: [GC (Allocation Failure) 2020-09-29T18:04:51.316+0200: 37.706: [ParNew: 607484K->50266K(613440K), 0.0137466 secs] 620450K->63232K(2029056K), 0.0138034 secs] [Times: user=0.01 sys=0.00, real=0.01 secs] 
2020-09-29T18:04:51.380+0200: 37.770: [GC (Allocation Failure) 2020-09-29T18:04:51.380+0200: 37.770: [ParNew: 595610K->45378K(613440K), 0.0196078 secs] 608576K->58344K(2029056K), 0.0196972 secs] [Times: user=0.13 sys=0.00, real=0.02 secs] 
2020-09-29T18:04:51.448+0200: 37.837: [GC (Allocation Failure) 2020-09-29T18:04:51.448+0200: 37.837: [ParNew: 590722K->62634K(613440K), 0.0179559 secs] 603688K->75600K(2029056K), 0.0180106 secs] [Times: user=0.13 sys=0.00, real=0.02 secs] 
2020-09-29T18:04:51.515+0200: 37.905: [GC (Allocation Failure) 2020-09-29T18:04:51.515+0200: 37.905: [ParNew: 607978K->62806K(613440K), 0.0226315 secs] 620944K->75771K(2029056K), 0.0227031 secs] [Times: user=0.25 sys=0.00, real=0.02 secs] 
2020-09-29T18:04:51.588+0200: 37.978: [GC (Allocation Failure) 2020-09-29T18:04:51.588+0200: 37.978: [ParNew: 608150K->66783K(613440K), 0.0238917 secs] 621115K->79749K(2029056K), 0.0239495 secs] [Times: user=0.11 sys=0.00, real=0.02 secs] 
2020-09-29T18:04:51.662+0200: 38.051: [GC (Allocation Failure) 2020-09-29T18:04:51.662+0200: 38.051: [ParNew: 612127K->43872K(613440K), 0.0154441 secs] 625093K->56838K(2029056K), 0.0155007 secs] [Times: user=0.13 sys=0.00, real=0.02 secs] 
2020-09-29T18:04:51.724+0200: 38.113: [GC (Allocation Failure) 2020-09-29T18:04:51.724+0200: 38.113: [ParNew: 589216K->64637K(613440K), 0.0243467 secs] 602182K->77602K(2029056K), 0.0244043 secs] [Times: user=0.13 sys=0.00, real=0.02 secs] 
2020-09-29T18:04:51.798+0200: 38.187: [GC (Allocation Failure) 2020-09-29T18:04:51.798+0200: 38.187: [ParNew: 609981K->52835K(613440K), 0.0194606 secs] 622946K->65801K(2029056K), 0.0280928 secs] [Times: user=0.25 sys=0.00, real=0.03 secs] 
2020-09-29T18:04:51.873+0200: 38.263: [GC (Allocation Failure) 2020-09-29T18:04:51.873+0200: 38.263: [ParNew: 598179K->46447K(613440K), 0.0190344 secs] 611145K->59412K(2029056K), 0.0191082 secs] [Times: user=0.06 sys=0.00, real=0.02 secs] 
2020-09-29T18:04:51.940+0200: 38.329: [GC (Allocation Failure) 2020-09-29T18:04:51.940+0200: 38.329: [ParNew: 591791K->41415K(613440K), 0.0174734 secs] 604756K->54381K(2029056K), 0.0175346 secs] [Times: user=0.25 sys=0.00, real=0.02 secs] 
2020-09-29T18:04:52.005+0200: 38.395: [GC (Allocation Failure) 2020-09-29T18:04:52.005+0200: 38.395: [ParNew: 586759K->37349K(613440K), 0.0159180 secs] 599725K->50315K(2029056K), 0.0159747 secs] [Times: user=0.13 sys=0.00, real=0.02 secs] 
2020-09-29T18:04:52.071+0200: 38.461: [GC (Allocation Failure) 2020-09-29T18:04:52.071+0200: 38.461: [ParNew: 582693K->33295K(613440K), 0.0158477 secs] 595659K->46261K(2029056K), 0.0159109 secs] [Times: user=0.13 sys=0.00, real=0.02 secs] 
2020-09-29T18:04:52.135+0200: 38.525: [GC (Allocation Failure) 2020-09-29T18:04:52.135+0200: 38.525: [ParNew: 578639K->34959K(613440K), 0.0149856 secs] 591605K->47925K(2029056K), 0.0150439 secs] [Times: user=0.13 sys=0.00, real=0.02 secs] 
2020-09-29T18:04:52.209+0200: 38.599: [GC (Allocation Failure) 2020-09-29T18:04:52.209+0200: 38.599: [ParNew: 580303K->51147K(613440K), 0.0220594 secs] 593269K->64113K(2029056K), 0.0221417 secs] [Times: user=0.13 sys=0.00, real=0.02 secs] 
2020-09-29T18:04:52.281+0200: 38.670: [GC (Allocation Failure) 2020-09-29T18:04:52.281+0200: 38.670: [ParNew: 596491K->68096K(613440K), 0.0242392 secs] 609457K->81061K(2029056K), 0.0243212 secs] [Times: user=0.25 sys=0.00, real=0.02 secs] 
2020-09-29T18:04:52.353+0200: 38.742: [GC (Allocation Failure) 2020-09-29T18:04:52.353+0200: 38.742: [ParNew: 613440K->61138K(613440K), 0.0186454 secs] 626405K->74104K(2029056K), 0.0187116 secs] [Times: user=0.13 sys=0.00, real=0.02 secs] 
2020-09-29T18:04:52.426+0200: 38.815: [GC (Allocation Failure) 2020-09-29T18:04:52.426+0200: 38.815: [ParNew: 606482K->32191K(613440K), 0.0126877 secs] 619448K->45157K(2029056K), 0.0127455 secs] [Times: user=0.00 sys=0.00, real=0.01 secs] 
2020-09-29T18:04:52.489+0200: 38.879: [GC (Allocation Failure) 2020-09-29T18:04:52.489+0200: 38.879: [ParNew: 577535K->41370K(613440K), 0.0158934 secs] 590501K->54336K(2029056K), 0.0159467 secs] [Times: user=0.13 sys=0.00, real=0.02 secs] 
2020-09-29T18:04:52.560+0200: 38.949: [GC (Allocation Failure) 2020-09-29T18:04:52.560+0200: 38.949: [ParNew: 586714K->45337K(613440K), 0.0166498 secs] 599680K->58303K(2029056K), 0.0167164 secs] [Times: user=0.11 sys=0.00, real=0.02 secs] 
2020-09-29T18:04:52.637+0200: 39.027: [GC (Allocation Failure) 2020-09-29T18:04:52.638+0200: 39.027: [ParNew: 590681K->35951K(613440K), 0.0174323 secs] 603647K->48917K(2029056K), 0.0175452 secs] [Times: user=0.13 sys=0.00, real=0.02 secs] 
2020-09-29T18:04:52.713+0200: 39.103: [GC (Allocation Failure) 2020-09-29T18:04:52.713+0200: 39.103: [ParNew: 581295K->55908K(613440K), 0.0208625 secs] 594261K->68874K(2029056K), 0.0209319 secs] [Times: user=0.13 sys=0.00, real=0.02 secs] 
2020-09-29T18:04:52.788+0200: 39.177: [GC (Allocation Failure) 2020-09-29T18:04:52.788+0200: 39.177: [ParNew: 601252K->42563K(613440K), 0.0195924 secs] 614218K->55529K(2029056K), 0.0196659 secs] [Times: user=0.13 sys=0.00, real=0.02 secs] 
2020-09-29T18:04:52.856+0200: 39.244: [GC (Allocation Failure) 2020-09-29T18:04:52.856+0200: 39.244: [ParNew: 587907K->41200K(613440K), 0.0185728 secs] 600873K->54166K(2029056K), 0.0186283 secs] [Times: user=0.13 sys=0.00, real=0.02 secs] 
2020-09-29T18:04:52.926+0200: 39.315: [GC (Allocation Failure) 2020-09-29T18:04:52.926+0200: 39.315: [ParNew: 586544K->40383K(613440K), 0.0171100 secs] 599510K->53348K(2029056K), 0.0171632 secs] [Times: user=0.25 sys=0.00, real=0.02 secs] 
2020-09-29T18:04:52.994+0200: 39.383: [GC (Allocation Failure) 2020-09-29T18:04:52.994+0200: 39.383: [ParNew: 585727K->40018K(613440K), 0.0165378 secs] 598692K->52984K(2029056K), 0.0166058 secs] [Times: user=0.13 sys=0.00, real=0.02 secs] 
2020-09-29T18:04:53.060+0200: 39.448: [GC (Allocation Failure) 2020-09-29T18:04:53.060+0200: 39.448: [ParNew: 585362K->62552K(613440K), 0.0217176 secs] 598328K->75518K(2029056K), 0.0217744 secs] [Times: user=0.13 sys=0.00, real=0.02 secs] 
2020-09-29T18:04:53.129+0200: 39.518: [GC (Allocation Failure) 2020-09-29T18:04:53.129+0200: 39.518: [ParNew: 607896K->40061K(613440K), 0.0099474 secs] 620862K->53027K(2029056K), 0.0100030 secs] [Times: user=0.13 sys=0.00, real=0.01 secs] 
2020-09-29T18:04:53.189+0200: 39.578: [GC (Allocation Failure) 2020-09-29T18:04:53.189+0200: 39.578: [ParNew: 585405K->30495K(613440K), 0.0187474 secs] 598371K->43460K(2029056K), 0.0188098 secs] [Times: user=0.13 sys=0.00, real=0.02 secs] 
2020-09-29T18:04:53.268+0200: 39.657: [GC (Allocation Failure) 2020-09-29T18:04:53.268+0200: 39.657: [ParNew: 575839K->36862K(613440K), 0.0140005 secs] 588804K->49828K(2029056K), 0.0140579 secs] [Times: user=0.13 sys=0.00, real=0.01 secs] 
2020-09-29T18:04:53.331+0200: 39.721: [GC (Allocation Failure) 2020-09-29T18:04:53.331+0200: 39.721: [ParNew: 582206K->48541K(613440K), 0.0189702 secs] 595172K->61506K(2029056K), 0.0190333 secs] [Times: user=0.25 sys=0.00, real=0.02 secs] 
2020-09-29T18:04:53.404+0200: 39.793: [GC (Allocation Failure) 2020-09-29T18:04:53.404+0200: 39.793: [ParNew: 593885K->56516K(613440K), 0.0183366 secs] 606850K->69482K(2029056K), 0.0183960 secs] [Times: user=0.13 sys=0.00, real=0.02 secs] 
2020-09-29T18:04:53.478+0200: 39.867: [GC (Allocation Failure) 2020-09-29T18:04:53.478+0200: 39.867: [ParNew: 601860K->25424K(613440K), 0.0115646 secs] 614826K->38389K(2029056K), 0.0116225 secs] [Times: user=0.13 sys=0.00, real=0.01 secs] 
2020-09-29T18:04:53.539+0200: 39.928: [GC (Allocation Failure) 2020-09-29T18:04:53.539+0200: 39.928: [ParNew: 570768K->40335K(613440K), 0.0171114 secs] 583733K->53300K(2029056K), 0.0171889 secs] [Times: user=0.13 sys=0.00, real=0.02 secs] 
2020-09-29T18:04:53.606+0200: 39.995: [GC (Allocation Failure) 2020-09-29T18:04:53.606+0200: 39.995: [ParNew: 585679K->35185K(613440K), 0.0150101 secs] 598644K->48151K(2029056K), 0.0150883 secs] [Times: user=0.13 sys=0.00, real=0.02 secs] 
2020-09-29T18:04:53.673+0200: 40.062: [GC (Allocation Failure) 2020-09-29T18:04:53.673+0200: 40.062: [ParNew: 580529K->53846K(613440K), 0.0199410 secs] 593495K->66812K(2029056K), 0.0199952 secs] [Times: user=0.25 sys=0.00, real=0.02 secs] 
2020-09-29T18:04:53.740+0200: 40.129: [GC (Allocation Failure) 2020-09-29T18:04:53.740+0200: 40.129: [ParNew: 599190K->66020K(613440K), 0.0194128 secs] 612156K->78986K(2029056K), 0.0194811 secs] [Times: user=0.13 sys=0.00, real=0.02 secs] 
2020-09-29T18:04:53.807+0200: 40.196: [GC (Allocation Failure) 2020-09-29T18:04:53.807+0200: 40.196: [ParNew: 611364K->45763K(613440K), 0.0179154 secs] 624330K->58729K(2029056K), 0.0180046 secs] [Times: user=0.13 sys=0.00, real=0.02 secs] 
2020-09-29T18:04:53.872+0200: 40.261: [GC (Allocation Failure) 2020-09-29T18:04:53.872+0200: 40.261: [ParNew: 591107K->39359K(613440K), 0.0163645 secs] 604073K->52324K(2029056K), 0.0164163 secs] [Times: user=0.13 sys=0.00, real=0.02 secs] 
2020-09-29T18:04:53.937+0200: 40.326: [GC (Allocation Failure) 2020-09-29T18:04:53.937+0200: 40.326: [ParNew: 584703K->34431K(613440K), 0.0166792 secs] 597668K->47397K(2029056K), 0.0167330 secs] [Times: user=0.13 sys=0.00, real=0.02 secs] 
2020-09-29T18:04:54.000+0200: 40.389: [GC (Allocation Failure) 2020-09-29T18:04:54.000+0200: 40.389: [ParNew: 579775K->33169K(613440K), 0.0145499 secs] 592741K->46135K(2029056K), 0.0146052 secs] [Times: user=0.13 sys=0.00, real=0.02 secs] 
2020-09-29T18:04:54.062+0200: 40.451: [GC (Allocation Failure) 2020-09-29T18:04:54.062+0200: 40.451: [ParNew: 578513K->53550K(613440K), 0.0184927 secs] 591479K->66516K(2029056K), 0.0185453 secs] [Times: user=0.13 sys=0.00, real=0.02 secs] 
2020-09-29T18:04:54.128+0200: 40.517: [GC (Allocation Failure) 2020-09-29T18:04:54.128+0200: 40.517: [ParNew: 598894K->68096K(613440K), 0.0238061 secs] 611860K->81061K(2029056K), 0.0238735 secs] [Times: user=0.24 sys=0.00, real=0.02 secs] 
2020-09-29T18:04:54.201+0200: 40.590: [GC (Allocation Failure) 2020-09-29T18:04:54.201+0200: 40.590: [ParNew: 613440K->68096K(613440K), 0.0244640 secs] 626405K->81073K(2029056K), 0.0245278 secs] [Times: user=0.23 sys=0.00, real=0.02 secs] 
2020-09-29T18:04:54.273+0200: 40.662: [GC (Allocation Failure) 2020-09-29T18:04:54.273+0200: 40.662: [ParNew: 613440K->68096K(613440K), 0.0230172 secs] 626417K->81140K(2029056K), 0.0230846 secs] [Times: user=0.11 sys=0.00, real=0.02 secs] 
2020-09-29T18:04:54.344+0200: 40.734: [GC (Allocation Failure) 2020-09-29T18:04:54.344+0200: 40.734: [ParNew: 613440K->47187K(613440K), 0.0167194 secs] 626484K->60232K(2029056K), 0.0167744 secs] [Times: user=0.13 sys=0.00, real=0.02 secs] 
2020-09-29T18:04:54.408+0200: 40.798: [GC (Allocation Failure) 2020-09-29T18:04:54.408+0200: 40.798: [ParNew: 592531K->37055K(613440K), 0.0164576 secs] 605576K->50099K(2029056K), 0.0165181 secs] [Times: user=0.11 sys=0.00, real=0.02 secs] 
2020-09-29T18:04:54.478+0200: 40.867: [GC (Allocation Failure) 2020-09-29T18:04:54.478+0200: 40.867: [ParNew: 582399K->55548K(613440K), 0.0191428 secs] 595443K->68593K(2029056K), 0.0191971 secs] [Times: user=0.13 sys=0.00, real=0.02 secs] 
2020-09-29T18:04:54.545+0200: 40.935: [GC (Allocation Failure) 2020-09-29T18:04:54.545+0200: 40.935: [ParNew: 600892K->40297K(613440K), 0.0190800 secs] 613937K->53341K(2029056K), 0.0191471 secs] [Times: user=0.13 sys=0.00, real=0.02 secs] 
2020-09-29T18:04:54.614+0200: 41.003: [GC (Allocation Failure) 2020-09-29T18:04:54.614+0200: 41.003: [ParNew: 585641K->68096K(613440K), 0.0238253 secs] 598685K->81140K(2029056K), 0.0238853 secs] [Times: user=0.13 sys=0.00, real=0.02 secs] 
2020-09-29T18:04:54.686+0200: 41.075: [GC (Allocation Failure) 2020-09-29T18:04:54.686+0200: 41.075: [ParNew: 613440K->52385K(613440K), 0.0182543 secs] 626484K->65430K(2029056K), 0.0183158 secs] [Times: user=0.13 sys=0.00, real=0.02 secs] 
2020-09-29T18:04:54.752+0200: 41.141: [GC (Allocation Failure) 2020-09-29T18:04:54.752+0200: 41.141: [ParNew: 597729K->46961K(613440K), 0.0158417 secs] 610774K->60006K(2029056K), 0.0159050 secs] [Times: user=0.13 sys=0.00, real=0.02 secs] 
2020-09-29T18:04:54.817+0200: 41.206: [GC (Allocation Failure) 2020-09-29T18:04:54.817+0200: 41.206: [ParNew: 592305K->64319K(613440K), 0.0210013 secs] 605350K->77364K(2029056K), 0.0210583 secs] [Times: user=0.13 sys=0.00, real=0.02 secs] 
2020-09-29T18:04:54.886+0200: 41.275: [GC (Allocation Failure) 2020-09-29T18:04:54.886+0200: 41.275: [ParNew: 609663K->46879K(613440K), 0.0204908 secs] 622708K->59923K(2029056K), 0.0205760 secs] [Times: user=0.13 sys=0.00, real=0.02 secs] 
2020-09-29T18:04:54.958+0200: 41.347: [GC (Allocation Failure) 2020-09-29T18:04:54.958+0200: 41.347: [ParNew: 592223K->39096K(613440K), 0.0132258 secs] 605267K->52141K(2029056K), 0.0132936 secs] [Times: user=0.00 sys=0.00, real=0.01 secs] 
2020-09-29T18:04:55.018+0200: 41.407: [GC (Allocation Failure) 2020-09-29T18:04:55.018+0200: 41.407: [ParNew: 584440K->34484K(613440K), 0.0123019 secs] 597485K->47528K(2029056K), 0.0123559 secs] [Times: user=0.13 sys=0.00, real=0.01 secs] 
2020-09-29T18:04:55.079+0200: 41.469: [GC (Allocation Failure) 2020-09-29T18:04:55.079+0200: 41.469: [ParNew: 579828K->31771K(613440K), 0.0112729 secs] 592872K->44816K(2029056K), 0.0113268 secs] [Times: user=0.13 sys=0.00, real=0.01 secs] 
2020-09-29T18:04:55.141+0200: 41.530: [GC (Allocation Failure) 2020-09-29T18:04:55.141+0200: 41.530: [ParNew: 577115K->34367K(613440K), 0.0166429 secs] 590160K->47412K(2029056K), 0.0166979 secs] [Times: user=0.13 sys=0.00, real=0.02 secs] 
2020-09-29T18:04:55.206+0200: 41.596: [GC (Allocation Failure) 2020-09-29T18:04:55.206+0200: 41.596: [ParNew: 579711K->47179K(613440K), 0.0178345 secs] 592756K->60224K(2029056K), 0.0178956 secs] [Times: user=0.23 sys=0.00, real=0.02 secs] 
2020-09-29T18:04:55.278+0200: 41.667: [GC (Allocation Failure) 2020-09-29T18:04:55.278+0200: 41.667: [ParNew: 592523K->33504K(613440K), 0.0145237 secs] 605568K->46548K(2029056K), 0.0145847 secs] [Times: user=0.13 sys=0.00, real=0.01 secs] 
2020-09-29T18:04:55.344+0200: 41.733: [GC (Allocation Failure) 2020-09-29T18:04:55.344+0200: 41.733: [ParNew: 578848K->31100K(613440K), 0.0156557 secs] 591892K->44145K(2029056K), 0.0157169 secs] [Times: user=0.13 sys=0.00, real=0.02 secs] 
2020-09-29T18:04:55.410+0200: 41.800: [GC (Allocation Failure) 2020-09-29T18:04:55.411+0200: 41.800: [ParNew: 576444K->29246K(613440K), 0.0172623 secs] 589489K->42290K(2029056K), 0.0173716 secs] [Times: user=0.14 sys=0.00, real=0.02 secs] 
2020-09-29T18:04:55.478+0200: 41.867: [GC (Allocation Failure) 2020-09-29T18:04:55.478+0200: 41.867: [ParNew: 574590K->52079K(613440K), 0.0234284 secs] 587634K->65124K(2029056K), 0.0235107 secs] [Times: user=0.11 sys=0.00, real=0.02 secs] 
2020-09-29T18:04:55.552+0200: 41.942: [GC (Allocation Failure) 2020-09-29T18:04:55.552+0200: 41.942: [ParNew: 597423K->41118K(613440K), 0.0189867 secs] 610468K->54162K(2029056K), 0.0190620 secs] [Times: user=0.13 sys=0.00, real=0.02 secs] 
2020-09-29T18:04:55.624+0200: 42.013: [GC (Allocation Failure) 2020-09-29T18:04:55.624+0200: 42.013: [ParNew: 586462K->41890K(613440K), 0.0177472 secs] 599506K->54934K(2029056K), 0.0178166 secs] [Times: user=0.11 sys=0.00, real=0.02 secs] 
2020-09-29T18:04:55.694+0200: 42.084: [GC (Allocation Failure) 2020-09-29T18:04:55.694+0200: 42.084: [ParNew: 587234K->61053K(613440K), 0.0215024 secs] 600278K->74098K(2029056K), 0.0215686 secs] [Times: user=0.13 sys=0.00, real=0.02 secs] 
2020-09-29T18:04:55.763+0200: 42.152: [GC (Allocation Failure) 2020-09-29T18:04:55.763+0200: 42.152: [ParNew: 606397K->51344K(613440K), 0.0209911 secs] 619442K->64389K(2029056K), 0.0210761 secs] [Times: user=0.13 sys=0.00, real=0.02 secs] 
2020-09-29T18:04:55.834+0200: 42.224: [GC (Allocation Failure) 2020-09-29T18:04:55.834+0200: 42.224: [ParNew: 596688K->41297K(613440K), 0.0144604 secs] 609733K->54341K(2029056K), 0.0145286 secs] [Times: user=0.13 sys=0.00, real=0.01 secs] 
2020-09-29T18:04:55.896+0200: 42.286: [GC (Allocation Failure) 2020-09-29T18:04:55.896+0200: 42.286: [ParNew: 586641K->44983K(613440K), 0.0180492 secs] 599685K->58028K(2029056K), 0.0181701 secs] [Times: user=0.13 sys=0.00, real=0.02 secs] 
2020-09-29T18:04:55.965+0200: 42.354: [GC (Allocation Failure) 2020-09-29T18:04:55.965+0200: 42.354: [ParNew: 590327K->40930K(613440K), 0.0170791 secs] 603372K->53975K(2029056K), 0.0171340 secs] [Times: user=0.13 sys=0.00, real=0.02 secs] 
2020-09-29T18:04:56.029+0200: 42.419: [GC (Allocation Failure) 2020-09-29T18:04:56.030+0200: 42.419: [ParNew: 586274K->41320K(613440K), 0.0158099 secs] 599319K->54364K(2029056K), 0.0158748 secs] [Times: user=0.13 sys=0.00, real=0.02 secs] 
2020-09-29T18:04:56.095+0200: 42.484: [GC (Allocation Failure) 2020-09-29T18:04:56.095+0200: 42.484: [ParNew: 586664K->60033K(613440K), 0.0212322 secs] 599708K->73078K(2029056K), 0.0212916 secs] [Times: user=0.25 sys=0.00, real=0.02 secs] 
2020-09-29T18:04:56.163+0200: 42.552: [GC (Allocation Failure) 2020-09-29T18:04:56.163+0200: 42.552: [ParNew: 605377K->39265K(613440K), 0.0089431 secs] 618422K->52310K(2029056K), 0.0090330 secs] [Times: user=0.00 sys=0.00, real=0.01 secs] 
2020-09-29T18:04:56.230+0200: 42.619: [GC (Allocation Failure) 2020-09-29T18:04:56.230+0200: 42.619: [ParNew: 584609K->43486K(613440K), 0.0183104 secs] 597654K->56531K(2029056K), 0.0183717 secs] [Times: user=0.13 sys=0.00, real=0.02 secs] 
2020-09-29T18:04:56.301+0200: 42.690: [GC (Allocation Failure) 2020-09-29T18:04:56.301+0200: 42.691: [ParNew: 588830K->35120K(613440K), 0.0128059 secs] 601875K->48165K(2029056K), 0.0128626 secs] [Times: user=0.00 sys=0.00, real=0.01 secs] 
2020-09-29T18:04:56.363+0200: 42.752: [GC (Allocation Failure) 2020-09-29T18:04:56.363+0200: 42.752: [ParNew: 580464K->50397K(613440K), 0.0228709 secs] 593509K->63441K(2029056K), 0.0229400 secs] [Times: user=0.25 sys=0.00, real=0.02 secs] 
2020-09-29T18:04:56.433+0200: 42.822: [GC (Allocation Failure) 2020-09-29T18:04:56.433+0200: 42.822: [ParNew: 595741K->46546K(613440K), 0.0165345 secs] 608785K->59591K(2029056K), 0.0166109 secs] [Times: user=0.13 sys=0.00, real=0.02 secs] 
2020-09-29T18:04:56.498+0200: 42.888: [GC (Allocation Failure) 2020-09-29T18:04:56.498+0200: 42.888: [ParNew: 591890K->65415K(613440K), 0.0226193 secs] 604935K->78460K(2029056K), 0.0227001 secs] [Times: user=0.23 sys=0.00, real=0.02 secs] 
2020-09-29T18:04:56.571+0200: 42.960: [GC (Allocation Failure) 2020-09-29T18:04:56.571+0200: 42.960: [ParNew: 610759K->61889K(613440K), 0.0221003 secs] 623804K->74934K(2029056K), 0.0221688 secs] [Times: user=0.11 sys=0.00, real=0.02 secs] 
2020-09-29T18:04:56.643+0200: 43.033: [GC (Allocation Failure) 2020-09-29T18:04:56.643+0200: 43.033: [ParNew: 607233K->46992K(613440K), 0.0200101 secs] 620278K->60036K(2029056K), 0.0200876 secs] [Times: user=0.25 sys=0.00, real=0.02 secs] 
2020-09-29T18:04:56.712+0200: 43.101: [GC (Allocation Failure) 2020-09-29T18:04:56.712+0200: 43.101: [ParNew: 592336K->39961K(613440K), 0.0127993 secs] 605380K->53006K(2029056K), 0.0128669 secs] [Times: user=0.13 sys=0.00, real=0.01 secs] 
2020-09-29T18:04:56.776+0200: 43.165: [GC (Allocation Failure) 2020-09-29T18:04:56.776+0200: 43.165: [ParNew: 585305K->42160K(613440K), 0.0168296 secs] 598350K->55204K(2029056K), 0.0168885 secs] [Times: user=0.13 sys=0.00, real=0.02 secs] 
2020-09-29T18:04:56.842+0200: 43.232: [GC (Allocation Failure) 2020-09-29T18:04:56.842+0200: 43.232: [ParNew: 587504K->33695K(613440K), 0.0181155 secs] 600548K->46739K(2029056K), 0.0181773 secs] [Times: user=0.13 sys=0.00, real=0.02 secs] 
2020-09-29T18:04:56.911+0200: 43.300: [GC (Allocation Failure) 2020-09-29T18:04:56.911+0200: 43.300: [ParNew: 579039K->60305K(613440K), 0.0218859 secs] 592083K->73350K(2029056K), 0.0219742 secs] [Times: user=0.13 sys=0.00, real=0.02 secs] 
2020-09-29T18:04:56.985+0200: 43.375: [GC (Allocation Failure) 2020-09-29T18:04:56.985+0200: 43.375: [ParNew: 605649K->46449K(613440K), 0.0149287 secs] 618694K->59494K(2029056K), 0.0149964 secs] [Times: user=0.13 sys=0.00, real=0.02 secs] 
2020-09-29T18:04:57.052+0200: 43.441: [GC (Allocation Failure) 2020-09-29T18:04:57.052+0200: 43.441: [ParNew: 591793K->40378K(613440K), 0.0128284 secs] 604838K->53422K(2029056K), 0.0128847 secs] [Times: user=0.00 sys=0.00, real=0.01 secs] 
2020-09-29T18:04:57.114+0200: 43.504: [GC (Allocation Failure) 2020-09-29T18:04:57.115+0200: 43.504: [ParNew: 585722K->41378K(613440K), 0.0192425 secs] 598766K->54423K(2029056K), 0.0193171 secs] [Times: user=0.13 sys=0.00, real=0.02 secs] 
2020-09-29T18:04:57.184+0200: 43.574: [GC (Allocation Failure) 2020-09-29T18:04:57.184+0200: 43.574: [ParNew: 586722K->61045K(613440K), 0.0298290 secs] 599767K->74090K(2029056K), 0.0298972 secs] [Times: user=0.22 sys=0.00, real=0.03 secs] 
2020-09-29T18:04:57.264+0200: 43.653: [GC (Allocation Failure) 2020-09-29T18:04:57.264+0200: 43.653: [ParNew: 606389K->62995K(613440K), 0.0228394 secs] 619434K->76039K(2029056K), 0.0228978 secs] [Times: user=0.25 sys=0.00, real=0.02 secs] 
2020-09-29T18:04:57.334+0200: 43.724: [GC (Allocation Failure) 2020-09-29T18:04:57.334+0200: 43.724: [ParNew: 608339K->48868K(613440K), 0.0164287 secs] 621383K->61912K(2029056K), 0.0164838 secs] [Times: user=0.13 sys=0.00, real=0.02 secs] 
2020-09-29T18:04:57.401+0200: 43.791: [GC (Allocation Failure) 2020-09-29T18:04:57.401+0200: 43.791: [ParNew: 594212K->39609K(613440K), 0.0156370 secs] 607256K->52654K(2029056K), 0.0156964 secs] [Times: user=0.13 sys=0.00, real=0.02 secs] 
2020-09-29T18:04:57.467+0200: 43.856: [GC (Allocation Failure) 2020-09-29T18:04:57.467+0200: 43.856: [ParNew: 584953K->33333K(613440K), 0.0148119 secs] 597998K->46377K(2029056K), 0.0149130 secs] [Times: user=0.13 sys=0.00, real=0.02 secs] 
2020-09-29T18:04:57.533+0200: 43.923: [GC (Allocation Failure) 2020-09-29T18:04:57.534+0200: 43.923: [ParNew: 578677K->50190K(613440K), 0.0231383 secs] 591721K->63234K(2029056K), 0.0232738 secs] [Times: user=0.23 sys=0.00, real=0.02 secs] 
2020-09-29T18:04:57.606+0200: 43.995: [GC (Allocation Failure) 2020-09-29T18:04:57.606+0200: 43.995: [ParNew: 595534K->56866K(613440K), 0.0198671 secs] 608578K->69910K(2029056K), 0.0199488 secs] [Times: user=0.11 sys=0.00, real=0.02 secs] 
2020-09-29T18:04:57.675+0200: 44.064: [GC (Allocation Failure) 2020-09-29T18:04:57.675+0200: 44.064: [ParNew: 602210K->47238K(613440K), 0.0174050 secs] 615254K->60283K(2029056K), 0.0174701 secs] [Times: user=0.25 sys=0.00, real=0.02 secs] 
2020-09-29T18:04:57.739+0200: 44.129: [GC (Allocation Failure) 2020-09-29T18:04:57.739+0200: 44.129: [ParNew: 592582K->45342K(613440K), 0.0169737 secs] 605627K->58386K(2029056K), 0.0170309 secs] [Times: user=0.13 sys=0.00, real=0.02 secs] 
2020-09-29T18:04:57.805+0200: 44.193: [GC (Allocation Failure) 2020-09-29T18:04:57.805+0200: 44.193: [ParNew: 590686K->68096K(613440K), 0.0264399 secs] 603730K->81140K(2029056K), 0.0265007 secs] [Times: user=0.13 sys=0.00, real=0.03 secs] 
2020-09-29T18:04:57.878+0200: 44.267: [GC (Allocation Failure) 2020-09-29T18:04:57.878+0200: 44.267: [ParNew: 613440K->53018K(613440K), 0.0157382 secs] 626484K->66063K(2029056K), 0.0157977 secs] [Times: user=0.13 sys=0.00, real=0.02 secs] 
2020-09-29T18:04:57.943+0200: 44.332: [GC (Allocation Failure) 2020-09-29T18:04:57.943+0200: 44.332: [ParNew: 598362K->28992K(613440K), 0.0145945 secs] 611407K->42036K(2029056K), 0.0146511 secs] [Times: user=0.13 sys=0.00, real=0.01 secs] 
2020-09-29T18:04:58.005+0200: 44.393: [GC (Allocation Failure) 2020-09-29T18:04:58.005+0200: 44.393: [ParNew: 574336K->66788K(613440K), 0.0232439 secs] 587380K->79833K(2029056K), 0.0233053 secs] [Times: user=0.13 sys=0.00, real=0.02 secs] 
2020-09-29T18:04:58.078+0200: 44.467: [GC (Allocation Failure) 2020-09-29T18:04:58.078+0200: 44.467: [ParNew: 612132K->51001K(613440K), 0.0183649 secs] 625177K->64045K(2029056K), 0.0184211 secs] [Times: user=0.13 sys=0.00, real=0.02 secs] 
2020-09-29T18:04:58.152+0200: 44.541: [GC (Allocation Failure) 2020-09-29T18:04:58.152+0200: 44.541: [ParNew: 596345K->43167K(613440K), 0.0191350 secs] 609389K->56212K(2029056K), 0.0192228 secs] [Times: user=0.13 sys=0.00, real=0.02 secs] 
2020-09-29T18:04:58.225+0200: 44.613: [GC (Allocation Failure) 2020-09-29T18:04:58.225+0200: 44.613: [ParNew: 588511K->38687K(613440K), 0.0183966 secs] 601556K->51732K(2029056K), 0.0184910 secs] [Times: user=0.13 sys=0.00, real=0.02 secs] 
2020-09-29T18:04:58.293+0200: 44.682: [GC (Allocation Failure) 2020-09-29T18:04:58.293+0200: 44.682: [ParNew: 584031K->59054K(613440K), 0.0197462 secs] 597076K->72099K(2029056K), 0.0198105 secs] [Times: user=0.13 sys=0.00, real=0.02 secs] 
2020-09-29T18:04:58.362+0200: 44.750: [GC (Allocation Failure) 2020-09-29T18:04:58.362+0200: 44.750: [ParNew: 604398K->41938K(613440K), 0.0195548 secs] 617443K->54982K(2029056K), 0.0196177 secs] [Times: user=0.25 sys=0.00, real=0.02 secs] 
2020-09-29T18:04:58.429+0200: 44.818: [GC (Allocation Failure) 2020-09-29T18:04:58.429+0200: 44.818: [ParNew: 587282K->41925K(613440K), 0.0180453 secs] 600326K->54970K(2029056K), 0.0181030 secs] [Times: user=0.13 sys=0.00, real=0.02 secs] 
2020-09-29T18:04:58.495+0200: 44.884: [GC (Allocation Failure) 2020-09-29T18:04:58.495+0200: 44.884: [ParNew: 587269K->41001K(613440K), 0.0163284 secs] 600314K->54046K(2029056K), 0.0163862 secs] [Times: user=0.13 sys=0.00, real=0.02 secs] 
2020-09-29T18:04:58.561+0200: 44.950: [GC (Allocation Failure) 2020-09-29T18:04:58.561+0200: 44.950: [ParNew: 586345K->36691K(613440K), 0.0160943 secs] 599390K->49736K(2029056K), 0.0161896 secs] [Times: user=0.11 sys=0.00, real=0.02 secs] 
2020-09-29T18:04:58.630+0200: 45.019: [GC (Allocation Failure) 2020-09-29T18:04:58.630+0200: 45.019: [ParNew: 582035K->54647K(613440K), 0.0211499 secs] 595080K->67692K(2029056K), 0.0212146 secs] [Times: user=0.13 sys=0.00, real=0.02 secs] 
2020-09-29T18:04:58.700+0200: 45.088: [GC (Allocation Failure) 2020-09-29T18:04:58.700+0200: 45.088: [ParNew: 599991K->45303K(613440K), 0.0195109 secs] 613036K->58347K(2029056K), 0.0196042 secs] [Times: user=0.13 sys=0.00, real=0.02 secs] 
2020-09-29T18:04:58.766+0200: 45.155: [GC (Allocation Failure) 2020-09-29T18:04:58.766+0200: 45.155: [ParNew: 590647K->46525K(613440K), 0.0181391 secs] 603691K->59569K(2029056K), 0.0182034 secs] [Times: user=0.13 sys=0.00, real=0.02 secs] 
2020-09-29T18:04:58.832+0200: 45.221: [GC (Allocation Failure) 2020-09-29T18:04:58.832+0200: 45.221: [ParNew: 591869K->68096K(613440K), 0.0227279 secs] 604913K->81140K(2029056K), 0.0227911 secs] [Times: user=0.13 sys=0.02, real=0.02 secs] 
2020-09-29T18:04:58.902+0200: 45.291: [GC (Allocation Failure) 2020-09-29T18:04:58.902+0200: 45.291: [ParNew: 613440K->55892K(613440K), 0.0222713 secs] 626484K->68937K(2029056K), 0.0223405 secs] [Times: user=0.13 sys=0.00, real=0.02 secs] 
2020-09-29T18:04:58.972+0200: 45.361: [GC (Allocation Failure) 2020-09-29T18:04:58.972+0200: 45.361: [ParNew: 601236K->50811K(613440K), 0.0218653 secs] 614281K->63855K(2029056K), 0.0219234 secs] [Times: user=0.25 sys=0.00, real=0.02 secs] 
2020-09-29T18:04:59.041+0200: 45.430: [GC (Allocation Failure) 2020-09-29T18:04:59.041+0200: 45.430: [ParNew: 596155K->47707K(613440K), 0.0147871 secs] 609199K->60751K(2029056K), 0.0148443 secs] [Times: user=0.13 sys=0.00, real=0.02 secs] 
2020-09-29T18:04:59.106+0200: 45.495: [GC (Allocation Failure) 2020-09-29T18:04:59.106+0200: 45.495: [ParNew: 593051K->45945K(613440K), 0.0192512 secs] 606095K->58989K(2029056K), 0.0193138 secs] [Times: user=0.13 sys=0.00, real=0.02 secs] 
2020-09-29T18:04:59.174+0200: 45.563: [GC (Allocation Failure) 2020-09-29T18:04:59.174+0200: 45.563: [ParNew: 591289K->59271K(613440K), 0.0190935 secs] 604333K->72316K(2029056K), 0.0191770 secs] [Times: user=0.25 sys=0.00, real=0.02 secs] 
2020-09-29T18:04:59.244+0200: 45.633: [GC (Allocation Failure) 2020-09-29T18:04:59.244+0200: 45.633: [ParNew: 604615K->44734K(613440K), 0.0188416 secs] 617660K->57779K(2029056K), 0.0188984 secs] [Times: user=0.13 sys=0.00, real=0.02 secs] 
2020-09-29T18:04:59.315+0200: 45.704: [GC (Allocation Failure) 2020-09-29T18:04:59.315+0200: 45.704: [ParNew: 590078K->68096K(613440K), 0.0235200 secs] 603123K->81140K(2029056K), 0.0235785 secs] [Times: user=0.25 sys=0.00, real=0.02 secs] 
2020-09-29T18:04:59.386+0200: 45.774: [GC (Allocation Failure) 2020-09-29T18:04:59.386+0200: 45.774: [ParNew: 613440K->49169K(613440K), 0.0174074 secs] 626484K->62214K(2029056K), 0.0174697 secs] [Times: user=0.13 sys=0.00, real=0.02 secs] 
2020-09-29T18:04:59.450+0200: 45.839: [GC (Allocation Failure) 2020-09-29T18:04:59.450+0200: 45.839: [ParNew: 594513K->68096K(613440K), 0.0270660 secs] 607558K->82328K(2029056K), 0.0271228 secs] [Times: user=0.25 sys=0.00, real=0.03 secs] 
2020-09-29T18:04:59.524+0200: 45.913: [GC (Allocation Failure) 2020-09-29T18:04:59.524+0200: 45.913: [ParNew: 613440K->59969K(613440K), 0.0203911 secs] 627672K->74201K(2029056K), 0.0204447 secs] [Times: user=0.13 sys=0.00, real=0.02 secs] 
2020-09-29T18:04:59.594+0200: 45.983: [GC (Allocation Failure) 2020-09-29T18:04:59.594+0200: 45.983: [ParNew: 605313K->44345K(613440K), 0.0151638 secs] 619545K->58577K(2029056K), 0.0152333 secs] [Times: user=0.11 sys=0.00, real=0.01 secs] 
2020-09-29T18:04:59.660+0200: 46.049: [GC (Allocation Failure) 2020-09-29T18:04:59.660+0200: 46.049: [ParNew: 589689K->43680K(613440K), 0.0201498 secs] 603921K->57912K(2029056K), 0.0202299 secs] [Times: user=0.25 sys=0.00, real=0.02 secs] 
2020-09-29T18:04:59.727+0200: 46.116: [GC (Allocation Failure) 2020-09-29T18:04:59.727+0200: 46.116: [ParNew: 589024K->42614K(613440K), 0.0187095 secs] 603256K->56846K(2029056K), 0.0187728 secs] [Times: user=0.13 sys=0.00, real=0.02 secs] 
2020-09-29T18:04:59.795+0200: 46.184: [GC (Allocation Failure) 2020-09-29T18:04:59.795+0200: 46.184: [ParNew: 587958K->41736K(613440K), 0.0181807 secs] 602190K->55968K(2029056K), 0.0182390 secs] [Times: user=0.13 sys=0.00, real=0.02 secs] 
2020-09-29T18:04:59.862+0200: 46.251: [GC (Allocation Failure) 2020-09-29T18:04:59.862+0200: 46.251: [ParNew: 587080K->39914K(613440K), 0.0180685 secs] 601312K->54147K(2029056K), 0.0181229 secs] [Times: user=0.22 sys=0.02, real=0.02 secs] 
2020-09-29T18:04:59.930+0200: 46.319: [GC (Allocation Failure) 2020-09-29T18:04:59.930+0200: 46.319: [ParNew: 585258K->66062K(613440K), 0.0219676 secs] 599491K->80295K(2029056K), 0.0220448 secs] [Times: user=0.13 sys=0.00, real=0.02 secs] 
2020-09-29T18:05:00.002+0200: 46.391: [GC (Allocation Failure) 2020-09-29T18:05:00.002+0200: 46.391: [ParNew: 611406K->52652K(613440K), 0.0213679 secs] 625639K->66884K(2029056K), 0.0288343 secs] [Times: user=0.25 sys=0.00, real=0.03 secs] 
2020-09-29T18:05:00.081+0200: 46.470: [GC (Allocation Failure) 2020-09-29T18:05:00.081+0200: 46.470: [ParNew: 597996K->48734K(613440K), 0.0198818 secs] 612228K->62966K(2029056K), 0.0199381 secs] [Times: user=0.25 sys=0.00, real=0.02 secs] 
2020-09-29T18:05:00.148+0200: 46.537: [GC (Allocation Failure) 2020-09-29T18:05:00.148+0200: 46.537: [ParNew: 594078K->49824K(613440K), 0.0183437 secs] 608310K->64056K(2029056K), 0.0183998 secs] [Times: user=0.13 sys=0.00, real=0.02 secs] 
2020-09-29T18:05:00.220+0200: 46.608: [GC (Allocation Failure) 2020-09-29T18:05:00.220+0200: 46.608: [ParNew: 595168K->43303K(613440K), 0.0195805 secs] 609400K->57535K(2029056K), 0.0196471 secs] [Times: user=0.25 sys=0.00, real=0.02 secs] 
2020-09-29T18:05:00.290+0200: 46.679: [GC (Allocation Failure) 2020-09-29T18:05:00.290+0200: 46.679: [ParNew: 588647K->39920K(613440K), 0.0175017 secs] 602879K->54152K(2029056K), 0.0175731 secs] [Times: user=0.11 sys=0.00, real=0.02 secs] 
2020-09-29T18:05:00.355+0200: 46.744: [GC (Allocation Failure) 2020-09-29T18:05:00.355+0200: 46.744: [ParNew: 585264K->37631K(613440K), 0.0156755 secs] 599496K->51863K(2029056K), 0.0157537 secs] [Times: user=0.08 sys=0.00, real=0.02 secs] 
2020-09-29T18:05:00.425+0200: 46.814: [GC (Allocation Failure) 2020-09-29T18:05:00.425+0200: 46.814: [ParNew: 582975K->34438K(613440K), 0.0154954 secs] 597207K->48670K(2029056K), 0.0155993 secs] [Times: user=0.09 sys=0.00, real=0.02 secs] 
2020-09-29T18:05:00.490+0200: 46.879: [GC (Allocation Failure) 2020-09-29T18:05:00.490+0200: 46.879: [ParNew: 579782K->33926K(613440K), 0.0153370 secs] 594014K->48158K(2029056K), 0.0153924 secs] [Times: user=0.13 sys=0.00, real=0.02 secs] 
2020-09-29T18:05:00.558+0200: 46.947: [GC (Allocation Failure) 2020-09-29T18:05:00.558+0200: 46.947: [ParNew: 579270K->65889K(613440K), 0.0240330 secs] 593502K->80122K(2029056K), 0.0241120 secs] [Times: user=0.13 sys=0.00, real=0.02 secs] 
2020-09-29T18:05:00.632+0200: 47.021: [GC (Allocation Failure) 2020-09-29T18:05:00.632+0200: 47.021: [ParNew: 611233K->55895K(613440K), 0.0197590 secs] 625466K->70127K(2029056K), 0.0198382 secs] [Times: user=0.11 sys=0.00, real=0.02 secs] 
2020-09-29T18:05:00.702+0200: 47.091: [GC (Allocation Failure) 2020-09-29T18:05:00.702+0200: 47.091: [ParNew: 601239K->37532K(613440K), 0.0136496 secs] 615471K->51764K(2029056K), 0.0137306 secs] [Times: user=0.13 sys=0.00, real=0.01 secs] 
2020-09-29T18:05:00.765+0200: 47.154: [GC (Allocation Failure) 2020-09-29T18:05:00.765+0200: 47.154: [ParNew: 582876K->38731K(613440K), 0.0156938 secs] 597108K->52963K(2029056K), 0.0157540 secs] [Times: user=0.13 sys=0.00, real=0.02 secs] 
2020-09-29T18:05:00.833+0200: 47.222: [GC (Allocation Failure) 2020-09-29T18:05:00.833+0200: 47.222: [ParNew: 584075K->44242K(613440K), 0.0158039 secs] 598307K->58474K(2029056K), 0.0158605 secs] [Times: user=0.08 sys=0.03, real=0.02 secs] 
2020-09-29T18:05:00.897+0200: 47.286: [GC (Allocation Failure) 2020-09-29T18:05:00.897+0200: 47.286: [ParNew: 589586K->58232K(613440K), 0.0207418 secs] 603818K->72464K(2029056K), 0.0208087 secs] [Times: user=0.13 sys=0.00, real=0.02 secs] 
2020-09-29T18:05:00.967+0200: 47.356: [GC (Allocation Failure) 2020-09-29T18:05:00.967+0200: 47.356: [ParNew: 603576K->40877K(613440K), 0.0144662 secs] 617808K->55109K(2029056K), 0.0145182 secs] [Times: user=0.13 sys=0.00, real=0.01 secs] 
2020-09-29T18:05:01.035+0200: 47.424: [GC (Allocation Failure) 2020-09-29T18:05:01.035+0200: 47.424: [ParNew: 586221K->51708K(613440K), 0.0190231 secs] 600453K->65941K(2029056K), 0.0190894 secs] [Times: user=0.23 sys=0.00, real=0.02 secs] 
2020-09-29T18:05:01.104+0200: 47.492: [GC (Allocation Failure) 2020-09-29T18:05:01.104+0200: 47.492: [ParNew: 597052K->63812K(613440K), 0.0231040 secs] 611285K->78044K(2029056K), 0.0231713 secs] [Times: user=0.13 sys=0.00, real=0.02 secs] 
2020-09-29T18:05:01.174+0200: 47.563: [GC (Allocation Failure) 2020-09-29T18:05:01.174+0200: 47.563: [ParNew: 609156K->53611K(613440K), 0.0176208 secs] 623388K->67843K(2029056K), 0.0176923 secs] [Times: user=0.11 sys=0.02, real=0.02 secs] 
2020-09-29T18:05:01.243+0200: 47.632: [GC (Allocation Failure) 2020-09-29T18:05:01.243+0200: 47.632: [ParNew: 598955K->35117K(613440K), 0.0109222 secs] 613187K->49350K(2029056K), 0.0109887 secs] [Times: user=0.00 sys=0.00, real=0.01 secs] 
2020-09-29T18:05:01.307+0200: 47.696: [GC (Allocation Failure) 2020-09-29T18:05:01.307+0200: 47.696: [ParNew: 580461K->44765K(613440K), 0.0197661 secs] 594694K->58997K(2029056K), 0.0198352 secs] [Times: user=0.13 sys=0.00, real=0.02 secs] 
2020-09-29T18:05:01.377+0200: 47.766: [GC (Allocation Failure) 2020-09-29T18:05:01.377+0200: 47.766: [ParNew: 590109K->33776K(613440K), 0.0159300 secs] 604341K->48008K(2029056K), 0.0160402 secs] [Times: user=0.11 sys=0.00, real=0.02 secs] 
2020-09-29T18:05:01.442+0200: 47.831: [GC (Allocation Failure) 2020-09-29T18:05:01.442+0200: 47.831: [ParNew: 579120K->52227K(613440K), 0.0184019 secs] 593352K->66459K(2029056K), 0.0184699 secs] [Times: user=0.13 sys=0.00, real=0.02 secs] 
2020-09-29T18:05:01.510+0200: 47.899: [GC (Allocation Failure) 2020-09-29T18:05:01.510+0200: 47.899: [ParNew: 597571K->36028K(613440K), 0.0191014 secs] 611803K->50260K(2029056K), 0.0191931 secs] [Times: user=0.13 sys=0.00, real=0.02 secs] 
2020-09-29T18:05:01.588+0200: 47.977: [GC (Allocation Failure) 2020-09-29T18:05:01.588+0200: 47.977: [ParNew: 581372K->66356K(613440K), 0.0242491 secs] 595604K->80588K(2029056K), 0.0243260 secs] [Times: user=0.13 sys=0.00, real=0.02 secs] 
2020-09-29T18:05:01.666+0200: 48.055: [GC (Allocation Failure) 2020-09-29T18:05:01.666+0200: 48.055: [ParNew: 611700K->47620K(613440K), 0.0207476 secs] 625932K->61852K(2029056K), 0.0208540 secs] [Times: user=0.13 sys=0.00, real=0.02 secs] 
2020-09-29T18:05:01.743+0200: 48.132: [GC (Allocation Failure) 2020-09-29T18:05:01.743+0200: 48.132: [ParNew: 592964K->33761K(613440K), 0.0180540 secs] 607196K->47993K(2029056K), 0.0181182 secs] [Times: user=0.13 sys=0.00, real=0.02 secs] 
2020-09-29T18:05:01.815+0200: 48.204: [GC (Allocation Failure) 2020-09-29T18:05:01.815+0200: 48.204: [ParNew: 579105K->32456K(613440K), 0.0149458 secs] 593337K->46688K(2029056K), 0.0150122 secs] [Times: user=0.13 sys=0.00, real=0.01 secs] 
2020-09-29T18:05:01.879+0200: 48.268: [GC (Allocation Failure) 2020-09-29T18:05:01.879+0200: 48.268: [ParNew: 577800K->24668K(613440K), 0.0145534 secs] 592032K->38900K(2029056K), 0.0146207 secs] [Times: user=0.13 sys=0.00, real=0.02 secs] 
2020-09-29T18:05:01.947+0200: 48.336: [GC (Allocation Failure) 2020-09-29T18:05:01.947+0200: 48.336: [ParNew: 570012K->41231K(613440K), 0.0190163 secs] 584244K->55464K(2029056K), 0.0190804 secs] [Times: user=0.13 sys=0.00, real=0.02 secs] 
2020-09-29T18:05:02.018+0200: 48.407: [GC (Allocation Failure) 2020-09-29T18:05:02.018+0200: 48.407: [ParNew: 586575K->30249K(613440K), 0.0201037 secs] 600808K->44481K(2029056K), 0.0201699 secs] [Times: user=0.25 sys=0.00, real=0.02 secs] 
2020-09-29T18:05:02.089+0200: 48.478: [GC (Allocation Failure) 2020-09-29T18:05:02.089+0200: 48.478: [ParNew: 575593K->68056K(613440K), 0.0315078 secs] 589825K->82288K(2029056K), 0.0315840 secs] [Times: user=0.25 sys=0.00, real=0.03 secs] 
2020-09-29T18:05:02.169+0200: 48.558: [GC (Allocation Failure) 2020-09-29T18:05:02.169+0200: 48.558: [ParNew: 613400K->53722K(613440K), 0.0248956 secs] 627632K->67954K(2029056K), 0.0249826 secs] [Times: user=0.25 sys=0.00, real=0.03 secs] 
2020-09-29T18:05:02.247+0200: 48.636: [GC (Allocation Failure) 2020-09-29T18:05:02.247+0200: 48.636: [ParNew: 599066K->50422K(613440K), 0.0237416 secs] 613298K->64654K(2029056K), 0.0238119 secs] [Times: user=0.25 sys=0.00, real=0.02 secs] 
2020-09-29T18:05:02.322+0200: 48.711: [GC (Allocation Failure) 2020-09-29T18:05:02.322+0200: 48.711: [ParNew: 595766K->39886K(613440K), 0.0230544 secs] 609998K->54118K(2029056K), 0.0231522 secs] [Times: user=0.13 sys=0.00, real=0.02 secs] 
2020-09-29T18:05:02.393+0200: 48.782: [GC (Allocation Failure) 2020-09-29T18:05:02.393+0200: 48.782: [ParNew: 585230K->64044K(613440K), 0.0294009 secs] 599462K->78276K(2029056K), 0.0294916 secs] [Times: user=0.24 sys=0.00, real=0.03 secs] 
2020-09-29T18:05:02.477+0200: 48.866: [GC (Allocation Failure) 2020-09-29T18:05:02.477+0200: 48.866: [ParNew: 609388K->39566K(613440K), 0.0124244 secs] 623620K->53798K(2029056K), 0.0124973 secs] [Times: user=0.13 sys=0.00, real=0.01 secs] 
2020-09-29T18:05:02.554+0200: 48.943: [GC (Allocation Failure) 2020-09-29T18:05:02.554+0200: 48.943: [ParNew: 584910K->40521K(613440K), 0.0252638 secs] 599142K->54753K(2029056K), 0.0253572 secs] [Times: user=0.11 sys=0.00, real=0.03 secs] 
2020-09-29T18:05:02.629+0200: 49.018: [GC (Allocation Failure) 2020-09-29T18:05:02.629+0200: 49.018: [ParNew: 585865K->50261K(613440K), 0.0231275 secs] 600097K->64494K(2029056K), 0.0232042 secs] [Times: user=0.23 sys=0.02, real=0.02 secs] 
2020-09-29T18:05:02.701+0200: 49.090: [GC (Allocation Failure) 2020-09-29T18:05:02.701+0200: 49.090: [ParNew: 595605K->39168K(613440K), 0.0210404 secs] 609838K->53400K(2029056K), 0.0211066 secs] [Times: user=0.13 sys=0.00, real=0.02 secs] 
2020-09-29T18:05:02.780+0200: 49.169: [GC (Allocation Failure) 2020-09-29T18:05:02.780+0200: 49.169: [ParNew: 584512K->36916K(613440K), 0.0207921 secs] 598744K->51148K(2029056K), 0.0208582 secs] [Times: user=0.13 sys=0.00, real=0.02 secs] 
2020-09-29T18:05:02.848+0200: 49.237: [GC (Allocation Failure) 2020-09-29T18:05:02.848+0200: 49.237: [ParNew: 582260K->33102K(613440K), 0.0186452 secs] 596492K->47334K(2029056K), 0.0187123 secs] [Times: user=0.13 sys=0.00, real=0.02 secs] 
2020-09-29T18:05:02.920+0200: 49.309: [GC (Allocation Failure) 2020-09-29T18:05:02.920+0200: 49.309: [ParNew: 578446K->29152K(613440K), 0.0180251 secs] 592678K->43384K(2029056K), 0.0181049 secs] [Times: user=0.13 sys=0.00, real=0.02 secs] 
2020-09-29T18:05:02.986+0200: 49.375: [GC (Allocation Failure) 2020-09-29T18:05:02.986+0200: 49.376: [ParNew: 574496K->50235K(613440K), 0.0230970 secs] 588728K->64467K(2029056K), 0.0231637 secs] [Times: user=0.25 sys=0.00, real=0.02 secs] 
2020-09-29T18:05:03.059+0200: 49.448: [GC (Allocation Failure) 2020-09-29T18:05:03.059+0200: 49.448: [ParNew: 595579K->39233K(613440K), 0.0219979 secs] 609811K->53465K(2029056K), 0.0220610 secs] [Times: user=0.13 sys=0.00, real=0.02 secs] 
2020-09-29T18:05:03.134+0200: 49.523: [GC (Allocation Failure) 2020-09-29T18:05:03.134+0200: 49.523: [ParNew: 584577K->40064K(613440K), 0.0218556 secs] 598809K->54297K(2029056K), 0.0219191 secs] [Times: user=0.13 sys=0.00, real=0.02 secs] 
2020-09-29T18:05:03.205+0200: 49.594: [GC (Allocation Failure) 2020-09-29T18:05:03.205+0200: 49.594: [ParNew: 585408K->35347K(613440K), 0.0219184 secs] 599641K->49579K(2029056K), 0.0219884 secs] [Times: user=0.23 sys=0.00, real=0.02 secs] 
2020-09-29T18:05:03.278+0200: 49.667: [GC (Allocation Failure) 2020-09-29T18:05:03.278+0200: 49.667: [ParNew: 580691K->60746K(613440K), 0.0263135 secs] 594923K->74978K(2029056K), 0.0263746 secs] [Times: user=0.25 sys=0.00, real=0.03 secs] 
2020-09-29T18:05:03.356+0200: 49.745: [GC (Allocation Failure) 2020-09-29T18:05:03.356+0200: 49.745: [ParNew: 606090K->68096K(613440K), 0.0333412 secs] 620322K->83675K(2029056K), 0.0334219 secs] [Times: user=0.25 sys=0.00, real=0.03 secs] 
2020-09-29T18:05:03.438+0200: 49.827: [GC (Allocation Failure) 2020-09-29T18:05:03.438+0200: 49.827: [ParNew: 613440K->49132K(613440K), 0.0178508 secs] 629019K->64711K(2029056K), 0.0179218 secs] [Times: user=0.13 sys=0.00, real=0.02 secs] 
2020-09-29T18:05:03.510+0200: 49.899: [GC (Allocation Failure) 2020-09-29T18:05:03.510+0200: 49.899: [ParNew: 594476K->28879K(613440K), 0.0159686 secs] 610055K->44458K(2029056K), 0.0160617 secs] [Times: user=0.13 sys=0.00, real=0.02 secs] 
2020-09-29T18:05:03.578+0200: 49.967: [GC (Allocation Failure) 2020-09-29T18:05:03.578+0200: 49.967: [ParNew: 574223K->45649K(613440K), 0.0224174 secs] 589802K->61228K(2029056K), 0.0224881 secs] [Times: user=0.24 sys=0.00, real=0.02 secs] 
2020-09-29T18:05:03.654+0200: 50.043: [GC (Allocation Failure) 2020-09-29T18:05:03.654+0200: 50.043: [ParNew: 590993K->37470K(613440K), 0.0222497 secs] 606572K->53049K(2029056K), 0.0223290 secs] [Times: user=0.13 sys=0.02, real=0.02 secs] 
2020-09-29T18:05:03.726+0200: 50.115: [GC (Allocation Failure) 2020-09-29T18:05:03.726+0200: 50.115: [ParNew: 582814K->36740K(613440K), 0.0202417 secs] 598393K->52319K(2029056K), 0.0203051 secs] [Times: user=0.13 sys=0.00, real=0.02 secs] 
2020-09-29T18:05:03.801+0200: 50.190: [GC (Allocation Failure) 2020-09-29T18:05:03.801+0200: 50.190: [ParNew: 582084K->60692K(613440K), 0.0273355 secs] 597663K->76271K(2029056K), 0.0274171 secs] [Times: user=0.25 sys=0.00, real=0.03 secs] 
2020-09-29T18:05:03.879+0200: 50.268: [GC (Allocation Failure) 2020-09-29T18:05:03.879+0200: 50.268: [ParNew: 606036K->38097K(613440K), 0.0096445 secs] 621615K->53677K(2029056K), 0.0097137 secs] [Times: user=0.13 sys=0.00, real=0.01 secs] 
2020-09-29T18:05:03.948+0200: 50.337: [GC (Allocation Failure) 2020-09-29T18:05:03.948+0200: 50.337: [ParNew: 583441K->42069K(613440K), 0.0238459 secs] 599021K->57648K(2029056K), 0.0239307 secs] [Times: user=0.13 sys=0.00, real=0.02 secs] 
2020-09-29T18:05:04.027+0200: 50.416: [GC (Allocation Failure) 2020-09-29T18:05:04.027+0200: 50.416: [ParNew: 587413K->60559K(613440K), 0.0307565 secs] 602992K->76138K(2029056K), 0.0308380 secs] [Times: user=0.25 sys=0.00, real=0.03 secs] 
2020-09-29T18:05:04.107+0200: 50.497: [GC (Allocation Failure) 2020-09-29T18:05:04.107+0200: 50.497: [ParNew: 605903K->47531K(613440K), 0.0144538 secs] 621482K->63110K(2029056K), 0.0212559 secs] [Times: user=0.13 sys=0.00, real=0.02 secs] 
2020-09-29T18:05:04.187+0200: 50.576: [GC (Allocation Failure) 2020-09-29T18:05:04.187+0200: 50.576: [ParNew: 592875K->54549K(613440K), 0.0309522 secs] 608454K->70128K(2029056K), 0.0310360 secs] [Times: user=0.22 sys=0.00, real=0.03 secs] 
2020-09-29T18:05:04.268+0200: 50.658: [GC (Allocation Failure) 2020-09-29T18:05:04.268+0200: 50.658: [ParNew: 599893K->40507K(613440K), 0.0218130 secs] 615472K->56086K(2029056K), 0.0218968 secs] [Times: user=0.25 sys=0.00, real=0.02 secs] 
2020-09-29T18:05:04.343+0200: 50.733: [GC (Allocation Failure) 2020-09-29T18:05:04.344+0200: 50.733: [ParNew: 585851K->62014K(613440K), 0.0282266 secs] 601430K->77593K(2029056K), 0.0283037 secs] [Times: user=0.22 sys=0.00, real=0.03 secs] 
2020-09-29T18:05:04.424+0200: 50.813: [GC (Allocation Failure) 2020-09-29T18:05:04.424+0200: 50.813: [ParNew: 607358K->36386K(613440K), 0.0111004 secs] 622937K->51965K(2029056K), 0.0111689 secs] [Times: user=0.13 sys=0.00, real=0.01 secs] 
2020-09-29T18:05:04.489+0200: 50.878: [GC (Allocation Failure) 2020-09-29T18:05:04.489+0200: 50.878: [ParNew: 581730K->42444K(613440K), 0.0230108 secs] 597309K->58024K(2029056K), 0.0230762 secs] [Times: user=0.13 sys=0.00, real=0.02 secs] 
2020-09-29T18:05:04.567+0200: 50.956: [GC (Allocation Failure) 2020-09-29T18:05:04.567+0200: 50.956: [ParNew: 587788K->56843K(613440K), 0.0323149 secs] 603368K->72422K(2029056K), 0.0323927 secs] [Times: user=0.22 sys=0.00, real=0.03 secs] 
2020-09-29T18:05:04.649+0200: 51.038: [GC (Allocation Failure) 2020-09-29T18:05:04.649+0200: 51.038: [ParNew: 602187K->49076K(613440K), 0.0221615 secs] 617766K->64655K(2029056K), 0.0222426 secs] [Times: user=0.13 sys=0.00, real=0.02 secs] 
2020-09-29T18:05:04.724+0200: 51.113: [GC (Allocation Failure) 2020-09-29T18:05:04.724+0200: 51.113: [ParNew: 594420K->65159K(613440K), 0.0276541 secs] 609999K->80738K(2029056K), 0.0277239 secs] [Times: user=0.13 sys=0.00, real=0.03 secs] 
2020-09-29T18:05:04.807+0200: 51.196: [GC (Allocation Failure) 2020-09-29T18:05:04.807+0200: 51.196: [ParNew: 610503K->46102K(613440K), 0.0207819 secs] 626082K->61681K(2029056K), 0.0208426 secs] [Times: user=0.11 sys=0.00, real=0.02 secs] 
2020-09-29T18:05:04.880+0200: 51.269: [GC (Allocation Failure) 2020-09-29T18:05:04.880+0200: 51.269: [ParNew: 591446K->36655K(613440K), 0.0191233 secs] 607025K->52234K(2029056K), 0.0191954 secs] [Times: user=0.13 sys=0.00, real=0.02 secs] 
2020-09-29T18:05:04.947+0200: 51.336: [GC (Allocation Failure) 2020-09-29T18:05:04.947+0200: 51.336: [ParNew: 581999K->51186K(613440K), 0.0268930 secs] 597578K->66765K(2029056K), 0.0269577 secs] [Times: user=0.22 sys=0.00, real=0.03 secs] 
2020-09-29T18:05:05.022+0200: 51.411: [GC (Allocation Failure) 2020-09-29T18:05:05.022+0200: 51.411: [ParNew: 596530K->39582K(613440K), 0.0239860 secs] 612109K->55161K(2029056K), 0.0240519 secs] [Times: user=0.13 sys=0.00, real=0.02 secs] 
2020-09-29T18:05:05.094+0200: 51.483: [GC (Allocation Failure) 2020-09-29T18:05:05.094+0200: 51.483: [ParNew: 584926K->41941K(613440K), 0.0214967 secs] 600505K->57520K(2029056K), 0.0215617 secs] [Times: user=0.25 sys=0.00, real=0.02 secs] 
2020-09-29T18:05:05.167+0200: 51.556: [GC (Allocation Failure) 2020-09-29T18:05:05.167+0200: 51.556: [ParNew: 587285K->31674K(613440K), 0.0129879 secs] 602864K->47253K(2029056K), 0.0130645 secs] [Times: user=0.13 sys=0.00, real=0.01 secs] 
2020-09-29T18:05:05.242+0200: 51.631: [GC (Allocation Failure) 2020-09-29T18:05:05.242+0200: 51.631: [ParNew: 577018K->33794K(613440K), 0.0177804 secs] 592597K->49373K(2029056K), 0.0178429 secs] [Times: user=0.13 sys=0.00, real=0.02 secs] 
2020-09-29T18:05:05.317+0200: 51.706: [GC (Allocation Failure) 2020-09-29T18:05:05.317+0200: 51.706: [ParNew: 579138K->45752K(613440K), 0.0250496 secs] 594717K->61332K(2029056K), 0.0251266 secs] [Times: user=0.13 sys=0.00, real=0.03 secs] 
2020-09-29T18:05:05.390+0200: 51.779: [GC (Allocation Failure) 2020-09-29T18:05:05.390+0200: 51.779: [ParNew: 591096K->68096K(613440K), 0.0313775 secs] 606676K->83675K(2029056K), 0.0314471 secs] [Times: user=0.25 sys=0.00, real=0.03 secs] 
2020-09-29T18:05:05.471+0200: 51.860: [GC (Allocation Failure) 2020-09-29T18:05:05.471+0200: 51.860: [ParNew: 613440K->46382K(613440K), 0.0160292 secs] 629019K->61961K(2029056K), 0.0160914 secs] [Times: user=0.11 sys=0.00, real=0.02 secs] 
2020-09-29T18:05:05.545+0200: 51.934: [GC (Allocation Failure) 2020-09-29T18:05:05.545+0200: 51.934: [ParNew: 591726K->44556K(613440K), 0.0222608 secs] 607305K->60136K(2029056K), 0.0223447 secs] [Times: user=0.25 sys=0.00, real=0.02 secs] 
2020-09-29T18:05:05.621+0200: 52.010: [GC (Allocation Failure) 2020-09-29T18:05:05.621+0200: 52.010: [ParNew: 589900K->43938K(613440K), 0.0224581 secs] 605480K->59517K(2029056K), 0.0225414 secs] [Times: user=0.11 sys=0.00, real=0.02 secs] 
2020-09-29T18:05:05.695+0200: 52.084: [GC (Allocation Failure) 2020-09-29T18:05:05.695+0200: 52.084: [ParNew: 589282K->32192K(613440K), 0.0122075 secs] 604861K->47771K(2029056K), 0.0122739 secs] [Times: user=0.00 sys=0.00, real=0.01 secs] 
2020-09-29T18:05:05.772+0200: 52.161: [GC (Allocation Failure) 2020-09-29T18:05:05.772+0200: 52.161: [ParNew: 577536K->50040K(613440K), 0.0265397 secs] 593115K->65619K(2029056K), 0.0266058 secs] [Times: user=0.13 sys=0.00, real=0.03 secs] 
2020-09-29T18:05:05.850+0200: 52.239: [GC (Allocation Failure) 2020-09-29T18:05:05.850+0200: 52.239: [ParNew: 595384K->62367K(613440K), 0.0256824 secs] 610963K->77946K(2029056K), 0.0257431 secs] [Times: user=0.13 sys=0.00, real=0.03 secs] 
2020-09-29T18:05:05.925+0200: 52.314: [GC (Allocation Failure) 2020-09-29T18:05:05.925+0200: 52.314: [ParNew: 607711K->42129K(613440K), 0.0252023 secs] 623290K->57708K(2029056K), 0.0252732 secs] [Times: user=0.25 sys=0.00, real=0.03 secs] 
2020-09-29T18:05:06.002+0200: 52.391: [GC (Allocation Failure) 2020-09-29T18:05:06.002+0200: 52.391: [ParNew: 587473K->38173K(613440K), 0.0162609 secs] 603052K->53752K(2029056K), 0.0163281 secs] [Times: user=0.13 sys=0.00, real=0.02 secs] 
2020-09-29T18:05:06.076+0200: 52.465: [GC (Allocation Failure) 2020-09-29T18:05:06.076+0200: 52.465: [ParNew: 583517K->37760K(613440K), 0.0233799 secs] 599096K->53339K(2029056K), 0.0234460 secs] [Times: user=0.25 sys=0.00, real=0.02 secs] 
2020-09-29T18:05:06.152+0200: 52.541: [GC (Allocation Failure) 2020-09-29T18:05:06.152+0200: 52.541: [ParNew: 583104K->32100K(613440K), 0.0133216 secs] 598683K->47679K(2029056K), 0.0133913 secs] [Times: user=0.13 sys=0.00, real=0.01 secs] 
2020-09-29T18:05:06.217+0200: 52.606: [GC (Allocation Failure) 2020-09-29T18:05:06.217+0200: 52.606: [ParNew: 577444K->27164K(613440K), 0.0183593 secs] 593023K->42743K(2029056K), 0.0184692 secs] [Times: user=0.11 sys=0.00, real=0.02 secs] 
2020-09-29T18:05:06.283+0200: 52.672: [GC (Allocation Failure) 2020-09-29T18:05:06.283+0200: 52.672: [ParNew: 572508K->23838K(613440K), 0.0160970 secs] 588087K->39417K(2029056K), 0.0161621 secs] [Times: user=0.13 sys=0.00, real=0.02 secs] 
2020-09-29T18:05:06.357+0200: 52.746: [GC (Allocation Failure) 2020-09-29T18:05:06.358+0200: 52.746: [ParNew: 569182K->47228K(613440K), 0.0208635 secs] 584761K->62807K(2029056K), 0.0209354 secs] [Times: user=0.13 sys=0.00, real=0.02 secs] 
2020-09-29T18:05:06.436+0200: 52.825: [GC (Allocation Failure) 2020-09-29T18:05:06.436+0200: 52.825: [ParNew: 592572K->35749K(613440K), 0.0212164 secs] 608151K->51329K(2029056K), 0.0212811 secs] [Times: user=0.14 sys=0.00, real=0.02 secs] 
2020-09-29T18:05:06.508+0200: 52.897: [GC (Allocation Failure) 2020-09-29T18:05:06.508+0200: 52.897: [ParNew: 581093K->35855K(613440K), 0.0207370 secs] 596673K->51434K(2029056K), 0.0208037 secs] [Times: user=0.13 sys=0.00, real=0.02 secs] 
2020-09-29T18:05:06.578+0200: 52.967: [GC (Allocation Failure) 2020-09-29T18:05:06.578+0200: 52.967: [ParNew: 581199K->35090K(613440K), 0.0179483 secs] 596778K->50669K(2029056K), 0.0180373 secs] [Times: user=0.13 sys=0.00, real=0.02 secs] 
2020-09-29T18:05:06.653+0200: 53.042: [GC (Allocation Failure) 2020-09-29T18:05:06.653+0200: 53.042: [ParNew: 580434K->50712K(613440K), 0.0259293 secs] 596013K->66291K(2029056K), 0.0260282 secs] [Times: user=0.22 sys=0.00, real=0.03 secs] 
2020-09-29T18:05:06.730+0200: 53.119: [GC (Allocation Failure) 2020-09-29T18:05:06.731+0200: 53.119: [ParNew: 596056K->39561K(613440K), 0.0164193 secs] 611635K->55141K(2029056K), 0.0164956 secs] [Times: user=0.13 sys=0.00, real=0.02 secs] 
2020-09-29T18:05:06.807+0200: 53.196: [GC (Allocation Failure) 2020-09-29T18:05:06.807+0200: 53.196: [ParNew: 584905K->35476K(613440K), 0.0244447 secs] 600485K->51055K(2029056K), 0.0245141 secs] [Times: user=0.13 sys=0.00, real=0.03 secs] 
2020-09-29T18:05:06.882+0200: 53.271: [GC (Allocation Failure) 2020-09-29T18:05:06.882+0200: 53.271: [ParNew: 580820K->39812K(613440K), 0.0229869 secs] 596399K->55391K(2029056K), 0.0230566 secs] [Times: user=0.13 sys=0.00, real=0.02 secs] 
2020-09-29T18:05:06.965+0200: 53.354: [GC (Allocation Failure) 2020-09-29T18:05:06.965+0200: 53.354: [ParNew: 585156K->36460K(613440K), 0.0211770 secs] 600735K->52039K(2029056K), 0.0212443 secs] [Times: user=0.13 sys=0.00, real=0.02 secs] 
2020-09-29T18:05:07.035+0200: 53.424: [GC (Allocation Failure) 2020-09-29T18:05:07.035+0200: 53.424: [ParNew: 581804K->37186K(613440K), 0.0204432 secs] 597383K->52765K(2029056K), 0.0205068 secs] [Times: user=0.25 sys=0.00, real=0.02 secs] 
2020-09-29T18:05:07.114+0200: 53.503: [GC (Allocation Failure) 2020-09-29T18:05:07.114+0200: 53.503: [ParNew: 582530K->56792K(613440K), 0.0285323 secs] 598109K->72371K(2029056K), 0.0286081 secs] [Times: user=0.13 sys=0.00, real=0.03 secs] 
2020-09-29T18:05:07.191+0200: 53.580: [GC (Allocation Failure) 2020-09-29T18:05:07.191+0200: 53.580: [ParNew: 602136K->61768K(613440K), 0.0286909 secs] 617715K->77347K(2029056K), 0.0287575 secs] [Times: user=0.17 sys=0.00, real=0.03 secs] 
2020-09-29T18:05:07.274+0200: 53.664: [GC (Allocation Failure) 2020-09-29T18:05:07.275+0200: 53.664: [ParNew: 607112K->51111K(613440K), 0.0254931 secs] 622691K->66690K(2029056K), 0.0255690 secs] [Times: user=0.13 sys=0.00, real=0.03 secs] 
2020-09-29T18:05:07.351+0200: 53.740: [GC (Allocation Failure) 2020-09-29T18:05:07.351+0200: 53.740: [ParNew: 596455K->55506K(613440K), 0.0257321 secs] 612034K->71085K(2029056K), 0.0258113 secs] [Times: user=0.13 sys=0.00, real=0.03 secs] 
2020-09-29T18:05:07.430+0200: 53.819: [GC (Allocation Failure) 2020-09-29T18:05:07.430+0200: 53.819: [ParNew: 600850K->42291K(613440K), 0.0229665 secs] 616429K->57870K(2029056K), 0.0230379 secs] [Times: user=0.13 sys=0.00, real=0.02 secs] 
2020-09-29T18:05:07.505+0200: 53.894: [GC (Allocation Failure) 2020-09-29T18:05:07.505+0200: 53.894: [ParNew: 587635K->56785K(613440K), 0.0300265 secs] 603214K->72365K(2029056K), 0.0301018 secs] [Times: user=0.13 sys=0.00, real=0.03 secs] 
2020-09-29T18:05:07.589+0200: 53.978: [GC (Allocation Failure) 2020-09-29T18:05:07.589+0200: 53.978: [ParNew: 602129K->34267K(613440K), 0.0129570 secs] 617709K->49846K(2029056K), 0.0130326 secs] [Times: user=0.11 sys=0.00, real=0.01 secs] 
2020-09-29T18:05:07.666+0200: 54.055: [GC (Allocation Failure) 2020-09-29T18:05:07.666+0200: 54.055: [ParNew: 579611K->54784K(613440K), 0.0332568 secs] 595190K->70363K(2029056K), 0.0333257 secs] [Times: user=0.25 sys=0.00, real=0.03 secs] 
2020-09-29T18:05:07.747+0200: 54.136: [GC (Allocation Failure) 2020-09-29T18:05:07.747+0200: 54.136: [ParNew: 600128K->68096K(613440K), 0.0322221 secs] 615707K->84236K(2029056K), 0.0323055 secs] [Times: user=0.25 sys=0.00, real=0.03 secs] 
2020-09-29T18:05:07.832+0200: 54.221: [GC (Allocation Failure) 2020-09-29T18:05:07.832+0200: 54.221: [ParNew: 613440K->49104K(613440K), 0.0232813 secs] 629580K->65244K(2029056K), 0.0233446 secs] [Times: user=0.25 sys=0.00, real=0.02 secs] 
2020-09-29T18:05:07.918+0200: 54.307: [GC (Allocation Failure) 2020-09-29T18:05:07.918+0200: 54.307: [ParNew: 594448K->32107K(613440K), 0.0151872 secs] 610588K->48247K(2029056K), 0.0152583 secs] [Times: user=0.13 sys=0.00, real=0.02 secs] 
2020-09-29T18:05:07.989+0200: 54.378: [GC (Allocation Failure) 2020-09-29T18:05:07.989+0200: 54.378: [ParNew: 577451K->46001K(613440K), 0.0286348 secs] 593591K->62141K(2029056K), 0.0287065 secs] [Times: user=0.13 sys=0.00, real=0.03 secs] 
2020-09-29T18:05:08.069+0200: 54.459: [GC (Allocation Failure) 2020-09-29T18:05:08.069+0200: 54.459: [ParNew: 591345K->65837K(613440K), 0.0282642 secs] 607485K->81977K(2029056K), 0.0283569 secs] [Times: user=0.13 sys=0.01, real=0.03 secs] 
2020-09-29T18:05:08.147+0200: 54.536: [GC (Allocation Failure) 2020-09-29T18:05:08.147+0200: 54.536: [ParNew: 611181K->25629K(613440K), 0.0196002 secs] 627321K->41769K(2029056K), 0.0196783 secs] [Times: user=0.13 sys=0.00, real=0.02 secs] 
2020-09-29T18:05:08.223+0200: 54.611: [GC (Allocation Failure) 2020-09-29T18:05:08.226+0200: 54.615: [ParNew: 570973K->50373K(613440K), 0.0239685 secs] 587113K->66513K(2029056K), 0.0276240 secs] [Times: user=0.13 sys=0.00, real=0.03 secs] 
2020-09-29T18:05:08.302+0200: 54.691: [GC (Allocation Failure) 2020-09-29T18:05:08.302+0200: 54.691: [ParNew: 595717K->61400K(613440K), 0.0307187 secs] 611857K->77540K(2029056K), 0.0307851 secs] [Times: user=0.13 sys=0.02, real=0.03 secs] 
2020-09-29T18:05:08.381+0200: 54.770: [GC (Allocation Failure) 2020-09-29T18:05:08.381+0200: 54.770: [ParNew: 606744K->59666K(613440K), 0.0294729 secs] 622884K->75806K(2029056K), 0.0295529 secs] [Times: user=0.13 sys=0.01, real=0.03 secs] 
2020-09-29T18:05:08.459+0200: 54.849: [GC (Allocation Failure) 2020-09-29T18:05:08.460+0200: 54.849: [ParNew: 605010K->46264K(613440K), 0.0200082 secs] 621150K->62404K(2029056K), 0.0200828 secs] [Times: user=0.13 sys=0.00, real=0.02 secs] 
2020-09-29T18:05:08.544+0200: 54.933: [GC (Allocation Failure) 2020-09-29T18:05:08.544+0200: 54.933: [ParNew: 591608K->41983K(613440K), 0.0205999 secs] 607748K->58124K(2029056K), 0.0206785 secs] [Times: user=0.13 sys=0.00, real=0.02 secs] 
2020-09-29T18:05:08.624+0200: 55.013: [GC (Allocation Failure) 2020-09-29T18:05:08.624+0200: 55.013: [ParNew: 587327K->67801K(613440K), 0.0351105 secs] 603468K->83941K(2029056K), 0.0351800 secs] [Times: user=0.23 sys=0.00, real=0.03 secs] 
2020-09-29T18:05:08.708+0200: 55.098: [GC (Allocation Failure) 2020-09-29T18:05:08.709+0200: 55.098: [ParNew: 613145K->52621K(613440K), 0.0271774 secs] 629285K->68761K(2029056K), 0.0272585 secs] [Times: user=0.13 sys=0.00, real=0.03 secs] 
2020-09-29T18:05:08.791+0200: 55.180: [GC (Allocation Failure) 2020-09-29T18:05:08.791+0200: 55.180: [ParNew: 597965K->49363K(613440K), 0.0242028 secs] 614105K->65503K(2029056K), 0.0242870 secs] [Times: user=0.13 sys=0.00, real=0.02 secs] 
2020-09-29T18:05:08.868+0200: 55.257: [GC (Allocation Failure) 2020-09-29T18:05:08.868+0200: 55.257: [ParNew: 594707K->45808K(613440K), 0.0242958 secs] 610847K->61948K(2029056K), 0.0243658 secs] [Times: user=0.13 sys=0.00, real=0.02 secs] 
2020-09-29T18:05:08.945+0200: 55.334: [GC (Allocation Failure) 2020-09-29T18:05:08.945+0200: 55.334: [ParNew: 591152K->41665K(613440K), 0.0228933 secs] 607292K->57805K(2029056K), 0.0229614 secs] [Times: user=0.13 sys=0.00, real=0.02 secs] 
2020-09-29T18:05:09.024+0200: 55.413: [GC (Allocation Failure) 2020-09-29T18:05:09.024+0200: 55.413: [ParNew: 587009K->32822K(613440K), 0.0151409 secs] 603149K->48962K(2029056K), 0.0152055 secs] [Times: user=0.13 sys=0.00, real=0.02 secs] 
2020-09-29T18:05:09.087+0200: 55.476: [GC (Allocation Failure) 2020-09-29T18:05:09.087+0200: 55.476: [ParNew: 578166K->49915K(613440K), 0.0278275 secs] 594306K->66055K(2029056K), 0.0278976 secs] [Times: user=0.25 sys=0.00, real=0.03 secs] 
2020-09-29T18:05:09.166+0200: 55.555: [GC (Allocation Failure) 2020-09-29T18:05:09.166+0200: 55.555: [ParNew: 595259K->63540K(613440K), 0.0269468 secs] 611399K->79681K(2029056K), 0.0270282 secs] [Times: user=0.25 sys=0.00, real=0.03 secs] 
2020-09-29T18:05:09.250+0200: 55.639: [GC (Allocation Failure) 2020-09-29T18:05:09.250+0200: 55.639: [ParNew: 608884K->42278K(613440K), 0.0192877 secs] 625025K->58418K(2029056K), 0.0193831 secs] [Times: user=0.13 sys=0.00, real=0.02 secs] 
2020-09-29T18:05:09.326+0200: 55.715: [GC (Allocation Failure) 2020-09-29T18:05:09.326+0200: 55.715: [ParNew: 587622K->55886K(613440K), 0.0326413 secs] 603762K->72027K(2029056K), 0.0327313 secs] [Times: user=0.24 sys=0.00, real=0.03 secs] 
2020-09-29T18:05:09.411+0200: 55.800: [GC (Allocation Failure) 2020-09-29T18:05:09.411+0200: 55.800: [ParNew: 601230K->68096K(613440K), 0.0328816 secs] 617371K->84694K(2029056K), 0.0329529 secs] [Times: user=0.25 sys=0.00, real=0.03 secs] 
2020-09-29T18:05:09.493+0200: 55.882: [GC (Allocation Failure) 2020-09-29T18:05:09.493+0200: 55.882: [ParNew: 613440K->52409K(613440K), 0.0234289 secs] 630038K->69007K(2029056K), 0.0235084 secs] [Times: user=0.13 sys=0.00, real=0.02 secs] 
2020-09-29T18:05:09.568+0200: 55.957: [GC (Allocation Failure) 2020-09-29T18:05:09.568+0200: 55.957: [ParNew: 597753K->61730K(613440K), 0.0330247 secs] 614351K->78329K(2029056K), 0.0331173 secs] [Times: user=0.22 sys=0.00, real=0.03 secs] 
2020-09-29T18:05:09.653+0200: 56.042: [GC (Allocation Failure) 2020-09-29T18:05:09.653+0200: 56.042: [ParNew: 607074K->68096K(613440K), 0.0300827 secs] 623673K->84694K(2029056K), 0.0301614 secs] [Times: user=0.25 sys=0.00, real=0.03 secs] 
2020-09-29T18:05:09.735+0200: 56.125: [GC (Allocation Failure) 2020-09-29T18:05:09.735+0200: 56.125: [ParNew: 613440K->50569K(613440K), 0.0274698 secs] 630038K->67168K(2029056K), 0.0275415 secs] [Times: user=0.25 sys=0.00, real=0.03 secs] 
2020-09-29T18:05:09.813+0200: 56.202: [GC (Allocation Failure) 2020-09-29T18:05:09.813+0200: 56.202: [ParNew: 595913K->48503K(613440K), 0.0267145 secs] 612512K->65101K(2029056K), 0.0267873 secs] [Times: user=0.25 sys=0.00, real=0.03 secs] 
2020-09-29T18:05:09.890+0200: 56.279: [GC (Allocation Failure) 2020-09-29T18:05:09.890+0200: 56.279: [ParNew: 593847K->68096K(613440K), 0.0329967 secs] 610445K->85610K(2029056K), 0.0330640 secs] [Times: user=0.25 sys=0.00, real=0.03 secs] 
2020-09-29T18:05:09.971+0200: 56.360: [GC (Allocation Failure) 2020-09-29T18:05:09.971+0200: 56.360: [ParNew: 613440K->51073K(613440K), 0.0245672 secs] 630954K->68587K(2029056K), 0.0246533 secs] [Times: user=0.25 sys=0.00, real=0.03 secs] 
2020-09-29T18:05:10.045+0200: 56.435: [GC (Allocation Failure) 2020-09-29T18:05:10.045+0200: 56.435: [ParNew: 596417K->41137K(613440K), 0.0223279 secs] 613931K->58652K(2029056K), 0.0223953 secs] [Times: user=0.25 sys=0.00, real=0.02 secs] 
2020-09-29T18:05:10.126+0200: 56.515: [GC (Allocation Failure) 2020-09-29T18:05:10.126+0200: 56.515: [ParNew: 586481K->62091K(613440K), 0.0286090 secs] 603996K->79606K(2029056K), 0.0286895 secs] [Times: user=0.25 sys=0.00, real=0.03 secs] 
2020-09-29T18:05:10.212+0200: 56.601: [GC (Allocation Failure) 2020-09-29T18:05:10.212+0200: 56.601: [ParNew: 607435K->60608K(613440K), 0.0293054 secs] 624950K->78123K(2029056K), 0.0294064 secs] [Times: user=0.23 sys=0.00, real=0.03 secs] 
2020-09-29T18:05:10.290+0200: 56.679: [GC (Allocation Failure) 2020-09-29T18:05:10.290+0200: 56.679: [ParNew: 605952K->47908K(613440K), 0.0267058 secs] 623467K->65423K(2029056K), 0.0267741 secs] [Times: user=0.25 sys=0.00, real=0.03 secs] 
2020-09-29T18:05:10.369+0200: 56.758: [GC (Allocation Failure) 2020-09-29T18:05:10.369+0200: 56.758: [ParNew: 593252K->45511K(613440K), 0.0256605 secs] 610767K->63026K(2029056K), 0.0257294 secs] [Times: user=0.25 sys=0.00, real=0.03 secs] 
2020-09-29T18:05:10.450+0200: 56.839: [GC (Allocation Failure) 2020-09-29T18:05:10.450+0200: 56.839: [ParNew: 590855K->43615K(613440K), 0.0251193 secs] 608370K->61130K(2029056K), 0.0251942 secs] [Times: user=0.25 sys=0.00, real=0.02 secs] 
2020-09-29T18:05:10.534+0200: 56.923: [GC (Allocation Failure) 2020-09-29T18:05:10.534+0200: 56.923: [ParNew: 588959K->41839K(613440K), 0.0247542 secs] 606474K->59353K(2029056K), 0.0248226 secs] [Times: user=0.23 sys=0.00, real=0.02 secs] 
2020-09-29T18:05:10.612+0200: 57.001: [GC (Allocation Failure) 2020-09-29T18:05:10.612+0200: 57.001: [ParNew: 587183K->63210K(613440K), 0.0309326 secs] 604697K->80725K(2029056K), 0.0310200 secs] [Times: user=0.23 sys=0.00, real=0.03 secs] 
2020-09-29T18:05:10.692+0200: 57.081: [GC (Allocation Failure) 2020-09-29T18:05:10.692+0200: 57.081: [ParNew: 608554K->51516K(613440K), 0.0234078 secs] 626069K->69031K(2029056K), 0.0234798 secs] [Times: user=0.13 sys=0.00, real=0.02 secs] 
2020-09-29T18:05:10.769+0200: 57.159: [GC (Allocation Failure) 2020-09-29T18:05:10.769+0200: 57.159: [ParNew: 596860K->48433K(613440K), 0.0293470 secs] 614375K->65948K(2029056K), 0.0294188 secs] [Times: user=0.20 sys=0.02, real=0.03 secs] 
2020-09-29T18:05:10.852+0200: 57.241: [GC (Allocation Failure) 2020-09-29T18:05:10.852+0200: 57.241: [ParNew: 593777K->42612K(613440K), 0.0225593 secs] 611292K->60127K(2029056K), 0.0226239 secs] [Times: user=0.13 sys=0.00, real=0.02 secs] 
2020-09-29T18:05:10.925+0200: 57.314: [GC (Allocation Failure) 2020-09-29T18:05:10.925+0200: 57.314: [ParNew: 587956K->57981K(613440K), 0.0276400 secs] 605471K->75496K(2029056K), 0.0277307 secs] [Times: user=0.25 sys=0.00, real=0.03 secs] 
2020-09-29T18:05:11.009+0200: 57.398: [GC (Allocation Failure) 2020-09-29T18:05:11.009+0200: 57.398: [ParNew: 603325K->44593K(613440K), 0.0264098 secs] 620840K->62108K(2029056K), 0.0264859 secs] [Times: user=0.13 sys=0.00, real=0.03 secs] 
2020-09-29T18:05:11.085+0200: 57.475: [GC (Allocation Failure) 2020-09-29T18:05:11.085+0200: 57.475: [ParNew: 589937K->37593K(613440K), 0.0170295 secs] 607452K->55108K(2029056K), 0.0171130 secs] [Times: user=0.13 sys=0.00, real=0.02 secs] 
2020-09-29T18:05:11.159+0200: 57.548: [GC (Allocation Failure) 2020-09-29T18:05:11.159+0200: 57.548: [ParNew: 582937K->51198K(613440K), 0.0309561 secs] 600452K->68712K(2029056K), 0.0310352 secs] [Times: user=0.25 sys=0.00, real=0.03 secs] 
2020-09-29T18:05:11.243+0200: 57.632: [GC (Allocation Failure) 2020-09-29T18:05:11.243+0200: 57.632: [ParNew: 596542K->43446K(613440K), 0.0221973 secs] 614056K->60961K(2029056K), 0.0222671 secs] [Times: user=0.13 sys=0.00, real=0.02 secs] 
2020-09-29T18:05:11.319+0200: 57.708: [GC (Allocation Failure) 2020-09-29T18:05:11.319+0200: 57.708: [ParNew: 588790K->62834K(613440K), 0.0294547 secs] 606305K->80349K(2029056K), 0.0295329 secs] [Times: user=0.25 sys=0.00, real=0.03 secs] 
2020-09-29T18:05:11.400+0200: 57.789: [GC (Allocation Failure) 2020-09-29T18:05:11.400+0200: 57.789: [ParNew: 608178K->48014K(613440K), 0.0275927 secs] 625693K->65529K(2029056K), 0.0276796 secs] [Times: user=0.25 sys=0.00, real=0.03 secs] 
2020-09-29T18:05:11.479+0200: 57.869: [GC (Allocation Failure) 2020-09-29T18:05:11.479+0200: 57.869: [ParNew: 593358K->42461K(613440K), 0.0193305 secs] 610873K->59976K(2029056K), 0.0194148 secs] [Times: user=0.13 sys=0.00, real=0.02 secs] 
2020-09-29T18:05:11.556+0200: 57.945: [GC (Allocation Failure) 2020-09-29T18:05:11.556+0200: 57.945: [ParNew: 587805K->42535K(613440K), 0.0256131 secs] 605320K->60050K(2029056K), 0.0257257 secs] [Times: user=0.13 sys=0.00, real=0.03 secs] 
2020-09-29T18:05:11.635+0200: 58.024: [GC (Allocation Failure) 2020-09-29T18:05:11.635+0200: 58.024: [ParNew: 587879K->62247K(613440K), 0.0333621 secs] 605394K->79762K(2029056K), 0.0334485 secs] [Times: user=0.23 sys=0.00, real=0.03 secs] 
2020-09-29T18:05:11.715+0200: 58.105: [GC (Allocation Failure) 2020-09-29T18:05:11.715+0200: 58.105: [ParNew: 607591K->49646K(613440K), 0.0158005 secs] 625106K->67161K(2029056K), 0.0158583 secs] [Times: user=0.13 sys=0.00, real=0.02 secs] 
2020-09-29T18:05:11.785+0200: 58.174: [GC (Allocation Failure) 2020-09-29T18:05:11.785+0200: 58.174: [ParNew: 594990K->48592K(613440K), 0.0198614 secs] 612505K->66106K(2029056K), 0.0199153 secs] [Times: user=0.25 sys=0.00, real=0.02 secs] 
2020-09-29T18:05:11.852+0200: 58.241: [GC (Allocation Failure) 2020-09-29T18:05:11.852+0200: 58.241: [ParNew: 593936K->41290K(613440K), 0.0148065 secs] 611450K->58805K(2029056K), 0.0148610 secs] [Times: user=0.11 sys=0.00, real=0.02 secs] 
2020-09-29T18:05:11.917+0200: 58.306: [GC (Allocation Failure) 2020-09-29T18:05:11.917+0200: 58.306: [ParNew: 586634K->59781K(613440K), 0.0232097 secs] 604149K->77296K(2029056K), 0.0232805 secs] [Times: user=0.13 sys=0.00, real=0.02 secs] 
2020-09-29T18:05:11.989+0200: 58.378: [GC (Allocation Failure) 2020-09-29T18:05:11.989+0200: 58.378: [ParNew: 605125K->40541K(613440K), 0.0055027 secs] 622640K->58056K(2029056K), 0.0055578 secs] [Times: user=0.00 sys=0.00, real=0.00 secs] 
2020-09-29T18:05:12.051+0200: 58.440: [GC (Allocation Failure) 2020-09-29T18:05:12.051+0200: 58.440: [ParNew: 585885K->49076K(613440K), 0.0214956 secs] 603400K->66591K(2029056K), 0.0215541 secs] [Times: user=0.13 sys=0.02, real=0.02 secs] 
2020-09-29T18:05:12.120+0200: 58.509: [GC (Allocation Failure) 2020-09-29T18:05:12.120+0200: 58.509: [ParNew: 594420K->42801K(613440K), 0.0151294 secs] 611935K->60316K(2029056K), 0.0151837 secs] [Times: user=0.13 sys=0.00, real=0.02 secs] 
2020-09-29T18:05:12.187+0200: 58.576: [GC (Allocation Failure) 2020-09-29T18:05:12.187+0200: 58.576: [ParNew: 588145K->31866K(613440K), 0.0188928 secs] 605660K->49381K(2029056K), 0.0189592 secs] [Times: user=0.11 sys=0.00, real=0.02 secs] 
2020-09-29T18:05:12.258+0200: 58.648: [GC (Allocation Failure) 2020-09-29T18:05:12.259+0200: 58.648: [ParNew: 577210K->33368K(613440K), 0.0140881 secs] 594725K->50883K(2029056K), 0.0141523 secs] [Times: user=0.13 sys=0.00, real=0.02 secs] 
2020-09-29T18:05:12.319+0200: 58.709: [GC (Allocation Failure) 2020-09-29T18:05:12.319+0200: 58.709: [ParNew: 578712K->56259K(613440K), 0.0238133 secs] 596227K->73774K(2029056K), 0.0313028 secs] [Times: user=0.13 sys=0.00, real=0.03 secs] 
2020-09-29T18:05:12.404+0200: 58.793: [GC (Allocation Failure) 2020-09-29T18:05:12.404+0200: 58.793: [ParNew: 601603K->49769K(613440K), 0.0175295 secs] 619118K->67284K(2029056K), 0.0175815 secs] [Times: user=0.13 sys=0.00, real=0.02 secs] 
2020-09-29T18:05:12.470+0200: 58.859: [GC (Allocation Failure) 2020-09-29T18:05:12.470+0200: 58.859: [ParNew: 595113K->68096K(613440K), 0.0229314 secs] 612628K->85610K(2029056K), 0.0229886 secs] [Times: user=0.25 sys=0.00, real=0.02 secs] 
2020-09-29T18:05:12.541+0200: 58.930: [GC (Allocation Failure) 2020-09-29T18:05:12.541+0200: 58.930: [ParNew: 613440K->43821K(613440K), 0.0103038 secs] 630954K->61336K(2029056K), 0.0103695 secs] [Times: user=0.13 sys=0.00, real=0.01 secs] 
2020-09-29T18:05:12.600+0200: 58.990: [GC (Allocation Failure) 2020-09-29T18:05:12.600+0200: 58.990: [ParNew: 589165K->49373K(613440K), 0.0232474 secs] 606680K->66888K(2029056K), 0.0233064 secs] [Times: user=0.11 sys=0.00, real=0.02 secs] 
2020-09-29T18:05:12.673+0200: 59.062: [GC (Allocation Failure) 2020-09-29T18:05:12.673+0200: 59.063: [ParNew: 594717K->63682K(613440K), 0.0218313 secs] 612232K->81197K(2029056K), 0.0219449 secs] [Times: user=0.25 sys=0.00, real=0.02 secs] 
2020-09-29T18:05:12.742+0200: 59.131: [GC (Allocation Failure) 2020-09-29T18:05:12.742+0200: 59.131: [ParNew: 609026K->43132K(613440K), 0.0137179 secs] 626541K->60647K(2029056K), 0.0137771 secs] [Times: user=0.13 sys=0.00, real=0.01 secs] 
2020-09-29T18:05:12.807+0200: 59.196: [GC (Allocation Failure) 2020-09-29T18:05:12.807+0200: 59.196: [ParNew: 588476K->39924K(613440K), 0.0190999 secs] 605991K->57439K(2029056K), 0.0191652 secs] [Times: user=0.13 sys=0.00, real=0.02 secs] 
2020-09-29T18:05:12.873+0200: 59.263: [GC (Allocation Failure) 2020-09-29T18:05:12.873+0200: 59.263: [ParNew: 585268K->46835K(613440K), 0.0179386 secs] 602783K->64350K(2029056K), 0.0179950 secs] [Times: user=0.13 sys=0.00, real=0.02 secs] 
2020-09-29T18:05:12.941+0200: 59.330: [GC (Allocation Failure) 2020-09-29T18:05:12.941+0200: 59.330: [ParNew: 592179K->37889K(613440K), 0.0160438 secs] 609694K->55404K(2029056K), 0.0161067 secs] [Times: user=0.13 sys=0.00, real=0.02 secs] 
2020-09-29T18:05:13.006+0200: 59.395: [GC (Allocation Failure) 2020-09-29T18:05:13.006+0200: 59.395: [ParNew: 583233K->57535K(613440K), 0.0200396 secs] 600748K->75050K(2029056K), 0.0200991 secs] [Times: user=0.13 sys=0.00, real=0.02 secs] 
2020-09-29T18:05:13.074+0200: 59.463: [GC (Allocation Failure) 2020-09-29T18:05:13.074+0200: 59.463: [ParNew: 602879K->43349K(613440K), 0.0186356 secs] 620394K->60864K(2029056K), 0.0187044 secs] [Times: user=0.13 sys=0.00, real=0.02 secs] 
2020-09-29T18:05:13.141+0200: 59.531: [GC (Allocation Failure) 2020-09-29T18:05:13.141+0200: 59.531: [ParNew: 588693K->42636K(613440K), 0.0173240 secs] 606208K->60151K(2029056K), 0.0173797 secs] [Times: user=0.13 sys=0.00, real=0.02 secs] 
2020-09-29T18:05:13.209+0200: 59.599: [GC (Allocation Failure) 2020-09-29T18:05:13.209+0200: 59.599: [ParNew: 587980K->41382K(613440K), 0.0190428 secs] 605495K->58897K(2029056K), 0.0191247 secs] [Times: user=0.13 sys=0.00, real=0.02 secs] 
2020-09-29T18:05:13.278+0200: 59.667: [GC (Allocation Failure) 2020-09-29T18:05:13.278+0200: 59.667: [ParNew: 586726K->40936K(613440K), 0.0158842 secs] 604241K->58451K(2029056K), 0.0159391 secs] [Times: user=0.13 sys=0.00, real=0.02 secs] 
2020-09-29T18:05:13.348+0200: 59.738: [GC (Allocation Failure) 2020-09-29T18:05:13.348+0200: 59.738: [ParNew: 586280K->59415K(613440K), 0.0207516 secs] 603795K->76930K(2029056K), 0.0208162 secs] [Times: user=0.13 sys=0.00, real=0.02 secs] 
2020-09-29T18:05:13.417+0200: 59.806: [GC (Allocation Failure) 2020-09-29T18:05:13.417+0200: 59.806: [ParNew: 604759K->52798K(613440K), 0.0197691 secs] 622274K->70313K(2029056K), 0.0198247 secs] [Times: user=0.13 sys=0.00, real=0.02 secs] 
2020-09-29T18:05:13.483+0200: 59.873: [GC (Allocation Failure) 2020-09-29T18:05:13.483+0200: 59.873: [ParNew: 598142K->41939K(613440K), 0.0134165 secs] 615657K->59454K(2029056K), 0.0134755 secs] [Times: user=0.13 sys=0.00, real=0.01 secs] 
2020-09-29T18:05:13.547+0200: 59.936: [GC (Allocation Failure) 2020-09-29T18:05:13.547+0200: 59.936: [ParNew: 587283K->39667K(613440K), 0.0175486 secs] 604798K->57182K(2029056K), 0.0176087 secs] [Times: user=0.13 sys=0.00, real=0.02 secs] 
2020-09-29T18:05:13.614+0200: 60.003: [GC (Allocation Failure) 2020-09-29T18:05:13.614+0200: 60.003: [ParNew: 585011K->35599K(613440K), 0.0155483 secs] 602526K->53114K(2029056K), 0.0156256 secs] [Times: user=0.13 sys=0.00, real=0.01 secs] 
2020-09-29T18:05:13.678+0200: 60.067: [GC (Allocation Failure) 2020-09-29T18:05:13.678+0200: 60.067: [ParNew: 580943K->36645K(613440K), 0.0154404 secs] 598458K->54160K(2029056K), 0.0154956 secs] [Times: user=0.13 sys=0.00, real=0.02 secs] 
2020-09-29T18:05:13.742+0200: 60.132: [GC (Allocation Failure) 2020-09-29T18:05:13.742+0200: 60.132: [ParNew: 581989K->31868K(613440K), 0.0134532 secs] 599504K->49383K(2029056K), 0.0135305 secs] [Times: user=0.13 sys=0.00, real=0.01 secs] 
2020-09-29T18:05:13.808+0200: 60.197: [GC (Allocation Failure) 2020-09-29T18:05:13.808+0200: 60.197: [ParNew: 577212K->50102K(613440K), 0.0172807 secs] 594727K->67617K(2029056K), 0.0173383 secs] [Times: user=0.13 sys=0.00, real=0.02 secs] 
2020-09-29T18:05:13.876+0200: 60.266: [GC (Allocation Failure) 2020-09-29T18:05:13.876+0200: 60.266: [ParNew: 595446K->33181K(613440K), 0.0101968 secs] 612961K->50696K(2029056K), 0.0102659 secs] [Times: user=0.13 sys=0.00, real=0.01 secs] 
2020-09-29T18:05:13.941+0200: 60.331: [GC (Allocation Failure) 2020-09-29T18:05:13.942+0200: 60.331: [ParNew: 578525K->48293K(613440K), 0.0215745 secs] 596040K->65808K(2029056K), 0.0216660 secs] [Times: user=0.14 sys=0.00, real=0.02 secs] 
2020-09-29T18:05:14.010+0200: 60.400: [GC (Allocation Failure) 2020-09-29T18:05:14.010+0200: 60.400: [ParNew: 593637K->34409K(613440K), 0.0093098 secs] 611152K->51924K(2029056K), 0.0093626 secs] [Times: user=0.13 sys=0.00, real=0.01 secs] 
2020-09-29T18:05:14.070+0200: 60.460: [GC (Allocation Failure) 2020-09-29T18:05:14.070+0200: 60.460: [ParNew: 579753K->46565K(613440K), 0.0203214 secs] 597268K->64080K(2029056K), 0.0204024 secs] [Times: user=0.13 sys=0.00, real=0.02 secs] 
2020-09-29T18:05:14.142+0200: 60.531: [GC (Allocation Failure) 2020-09-29T18:05:14.142+0200: 60.531: [ParNew: 591909K->60529K(613440K), 0.0182168 secs] 609424K->78043K(2029056K), 0.0182736 secs] [Times: user=0.13 sys=0.00, real=0.02 secs] 
2020-09-29T18:05:14.211+0200: 60.601: [GC (Allocation Failure) 2020-09-29T18:05:14.211+0200: 60.601: [ParNew: 605873K->26197K(613440K), 0.0160560 secs] 623387K->43712K(2029056K), 0.0161187 secs] [Times: user=0.13 sys=0.00, real=0.02 secs] 
2020-09-29T18:05:14.287+0200: 60.676: [GC (Allocation Failure) 2020-09-29T18:05:14.287+0200: 60.676: [ParNew: 571541K->41082K(613440K), 0.0191255 secs] 589056K->58597K(2029056K), 0.0191920 secs] [Times: user=0.13 sys=0.00, real=0.02 secs] 
2020-09-29T18:05:14.354+0200: 60.744: [GC (Allocation Failure) 2020-09-29T18:05:14.354+0200: 60.744: [ParNew: 586426K->38696K(613440K), 0.0164439 secs] 603941K->56211K(2029056K), 0.0165109 secs] [Times: user=0.13 sys=0.00, real=0.02 secs] 
2020-09-29T18:05:14.420+0200: 60.810: [GC (Allocation Failure) 2020-09-29T18:05:14.420+0200: 60.810: [ParNew: 584040K->61969K(613440K), 0.0214644 secs] 601555K->79484K(2029056K), 0.0215245 secs] [Times: user=0.25 sys=0.00, real=0.02 secs] 
2020-09-29T18:05:14.491+0200: 60.881: [GC (Allocation Failure) 2020-09-29T18:05:14.491+0200: 60.881: [ParNew: 607313K->68096K(613440K), 0.0209116 secs] 624828K->85610K(2029056K), 0.0209682 secs] [Times: user=0.13 sys=0.00, real=0.02 secs] 
2020-09-29T18:05:14.560+0200: 60.950: [GC (Allocation Failure) 2020-09-29T18:05:14.560+0200: 60.950: [ParNew: 613440K->59164K(613440K), 0.0208503 secs] 630954K->76679K(2029056K), 0.0209073 secs] [Times: user=0.11 sys=0.00, real=0.02 secs] 
2020-09-29T18:05:14.632+0200: 61.021: [GC (Allocation Failure) 2020-09-29T18:05:14.632+0200: 61.021: [ParNew: 604508K->42241K(613440K), 0.0147839 secs] 622023K->59756K(2029056K), 0.0148474 secs] [Times: user=0.13 sys=0.00, real=0.02 secs] 
2020-09-29T18:05:14.697+0200: 61.086: [GC (Allocation Failure) 2020-09-29T18:05:14.697+0200: 61.086: [ParNew: 587585K->59044K(613440K), 0.0240184 secs] 605100K->76559K(2029056K), 0.0240739 secs] [Times: user=0.13 sys=0.00, real=0.02 secs] 
2020-09-29T18:05:14.768+0200: 61.158: [GC (Allocation Failure) 2020-09-29T18:05:14.768+0200: 61.158: [ParNew: 604388K->68096K(613440K), 0.0232209 secs] 621903K->85806K(2029056K), 0.0232775 secs] [Times: user=0.25 sys=0.00, real=0.02 secs] 
2020-09-29T18:05:14.839+0200: 61.228: [GC (Allocation Failure) 2020-09-29T18:05:14.839+0200: 61.228: [ParNew: 613440K->42548K(613440K), 0.0118528 secs] 631150K->60258K(2029056K), 0.0119097 secs] [Times: user=0.13 sys=0.00, real=0.01 secs] 
2020-09-29T18:05:14.898+0200: 61.287: [GC (Allocation Failure) 2020-09-29T18:05:14.898+0200: 61.287: [ParNew: 587892K->38561K(613440K), 0.0162926 secs] 605602K->56271K(2029056K), 0.0163660 secs] [Times: user=0.13 sys=0.00, real=0.02 secs] 
2020-09-29T18:05:14.962+0200: 61.352: [GC (Allocation Failure) 2020-09-29T18:05:14.962+0200: 61.352: [ParNew: 583905K->33466K(613440K), 0.0123926 secs] 601615K->51176K(2029056K), 0.0124512 secs] [Times: user=0.13 sys=0.00, real=0.01 secs] 
2020-09-29T18:05:15.027+0200: 61.417: [GC (Allocation Failure) 2020-09-29T18:05:15.027+0200: 61.417: [ParNew: 578810K->49843K(613440K), 0.0178062 secs] 596520K->67554K(2029056K), 0.0178650 secs] [Times: user=0.13 sys=0.00, real=0.02 secs] 
2020-09-29T18:05:15.100+0200: 61.489: [GC (Allocation Failure) 2020-09-29T18:05:15.100+0200: 61.490: [ParNew: 595187K->38005K(613440K), 0.0184814 secs] 612898K->55715K(2029056K), 0.0185619 secs] [Times: user=0.13 sys=0.00, real=0.02 secs] 
2020-09-29T18:05:15.169+0200: 61.559: [GC (Allocation Failure) 2020-09-29T18:05:15.169+0200: 61.559: [ParNew: 583349K->60758K(613440K), 0.0220429 secs] 601059K->78468K(2029056K), 0.0221275 secs] [Times: user=0.13 sys=0.00, real=0.02 secs] 
2020-09-29T18:05:15.242+0200: 61.632: [GC (Allocation Failure) 2020-09-29T18:05:15.242+0200: 61.632: [ParNew: 606102K->48799K(613440K), 0.0218268 secs] 623812K->66509K(2029056K), 0.0218867 secs] [Times: user=0.13 sys=0.00, real=0.02 secs] 
2020-09-29T18:05:15.311+0200: 61.701: [GC (Allocation Failure) 2020-09-29T18:05:15.311+0200: 61.701: [ParNew: 594143K->68096K(613440K), 0.0268796 secs] 611853K->87768K(2029056K), 0.0269361 secs] [Times: user=0.25 sys=0.00, real=0.03 secs] 
2020-09-29T18:05:15.385+0200: 61.775: [GC (Allocation Failure) 2020-09-29T18:05:15.385+0200: 61.775: [ParNew: 613440K->64430K(613440K), 0.0214305 secs] 633112K->84102K(2029056K), 0.0215013 secs] [Times: user=0.11 sys=0.00, real=0.02 secs] 
2020-09-29T18:05:15.456+0200: 61.845: [GC (Allocation Failure) 2020-09-29T18:05:15.456+0200: 61.845: [ParNew: 609774K->40762K(613440K), 0.0151538 secs] 629446K->60434K(2029056K), 0.0152163 secs] [Times: user=0.09 sys=0.00, real=0.01 secs] 
2020-09-29T18:05:15.518+0200: 61.907: [GC (Allocation Failure) 2020-09-29T18:05:15.518+0200: 61.907: [ParNew: 586106K->56346K(613440K), 0.0180255 secs] 605778K->76018K(2029056K), 0.0180809 secs] [Times: user=0.25 sys=0.00, real=0.02 secs] 
2020-09-29T18:05:15.590+0200: 61.979: [GC (Allocation Failure) 2020-09-29T18:05:15.590+0200: 61.979: [ParNew: 601690K->37187K(613440K), 0.0135110 secs] 621362K->56859K(2029056K), 0.0135694 secs] [Times: user=0.11 sys=0.00, real=0.01 secs] 
2020-09-29T18:05:15.654+0200: 62.043: [GC (Allocation Failure) 2020-09-29T18:05:15.654+0200: 62.043: [ParNew: 582531K->52152K(613440K), 0.0229972 secs] 602203K->71824K(2029056K), 0.0230674 secs] [Times: user=0.25 sys=0.00, real=0.02 secs] 
2020-09-29T18:05:15.726+0200: 62.115: [GC (Allocation Failure) 2020-09-29T18:05:15.726+0200: 62.115: [ParNew: 597496K->45613K(613440K), 0.0160265 secs] 617168K->65285K(2029056K), 0.0160809 secs] [Times: user=0.13 sys=0.00, real=0.02 secs] 
2020-09-29T18:05:15.790+0200: 62.180: [GC (Allocation Failure) 2020-09-29T18:05:15.790+0200: 62.180: [ParNew: 590957K->68096K(613440K), 0.0255727 secs] 610629K->87768K(2029056K), 0.0256298 secs] [Times: user=0.13 sys=0.00, real=0.03 secs] 
2020-09-29T18:05:15.864+0200: 62.253: [GC (Allocation Failure) 2020-09-29T18:05:15.864+0200: 62.253: [ParNew: 613440K->46181K(613440K), 0.0160096 secs] 633112K->65853K(2029056K), 0.0160881 secs] [Times: user=0.00 sys=0.02, real=0.02 secs] 
2020-09-29T18:05:15.930+0200: 62.319: [GC (Allocation Failure) 2020-09-29T18:05:15.930+0200: 62.319: [ParNew: 591525K->46290K(613440K), 0.0206400 secs] 611197K->65962K(2029056K), 0.0207090 secs] [Times: user=0.13 sys=0.00, real=0.02 secs] 
2020-09-29T18:05:16.003+0200: 62.392: [GC (Allocation Failure) 2020-09-29T18:05:16.003+0200: 62.392: [ParNew: 591634K->40934K(613440K), 0.0185295 secs] 611306K->60606K(2029056K), 0.0185900 secs] [Times: user=0.25 sys=0.00, real=0.02 secs] 
2020-09-29T18:05:16.071+0200: 62.460: [GC (Allocation Failure) 2020-09-29T18:05:16.071+0200: 62.460: [ParNew: 586278K->40363K(613440K), 0.0168981 secs] 605950K->60035K(2029056K), 0.0169624 secs] [Times: user=0.13 sys=0.00, real=0.02 secs] 
2020-09-29T18:05:16.134+0200: 62.524: [GC (Allocation Failure) 2020-09-29T18:05:16.134+0200: 62.524: [ParNew: 585707K->39338K(613440K), 0.0150708 secs] 605379K->59010K(2029056K), 0.0151309 secs] [Times: user=0.13 sys=0.00, real=0.02 secs] 
2020-09-29T18:05:16.203+0200: 62.592: [GC (Allocation Failure) 2020-09-29T18:05:16.203+0200: 62.592: [ParNew: 584682K->55747K(613440K), 0.0241120 secs] 604354K->75419K(2029056K), 0.0241781 secs] [Times: user=0.23 sys=0.00, real=0.02 secs] 
2020-09-29T18:05:16.276+0200: 62.665: [GC (Allocation Failure) 2020-09-29T18:05:16.276+0200: 62.665: [ParNew: 601091K->44946K(613440K), 0.0196119 secs] 620763K->64618K(2029056K), 0.0196753 secs] [Times: user=0.13 sys=0.00, real=0.02 secs] 
2020-09-29T18:05:16.342+0200: 62.731: [GC (Allocation Failure) 2020-09-29T18:05:16.342+0200: 62.731: [ParNew: 590290K->68096K(613440K), 0.0239868 secs] 609962K->88706K(2029056K), 0.0240404 secs] [Times: user=0.25 sys=0.00, real=0.02 secs] 
2020-09-29T18:05:16.413+0200: 62.802: [GC (Allocation Failure) 2020-09-29T18:05:16.413+0200: 62.802: [ParNew: 613440K->63027K(613440K), 0.0227794 secs] 634050K->83638K(2029056K), 0.0228722 secs] [Times: user=0.13 sys=0.00, real=0.02 secs] 
2020-09-29T18:05:16.493+0200: 62.882: [GC (Allocation Failure) 2020-09-29T18:05:16.493+0200: 62.882: [ParNew: 608371K->57279K(613440K), 0.0218557 secs] 628982K->77889K(2029056K), 0.0219359 secs] [Times: user=0.13 sys=0.00, real=0.02 secs] 
2020-09-29T18:05:16.562+0200: 62.951: [GC (Allocation Failure) 2020-09-29T18:05:16.562+0200: 62.951: [ParNew: 602623K->47546K(613440K), 0.0172209 secs] 623233K->68156K(2029056K), 0.0172808 secs] [Times: user=0.11 sys=0.00, real=0.02 secs] 
2020-09-29T18:05:16.631+0200: 63.020: [GC (Allocation Failure) 2020-09-29T18:05:16.631+0200: 63.020: [ParNew: 592890K->40876K(613440K), 0.0156920 secs] 613500K->61486K(2029056K), 0.0157544 secs] [Times: user=0.06 sys=0.00, real=0.02 secs] 
2020-09-29T18:05:16.695+0200: 63.084: [GC (Allocation Failure) 2020-09-29T18:05:16.695+0200: 63.084: [ParNew: 586220K->55584K(613440K), 0.0199878 secs] 606830K->76195K(2029056K), 0.0200642 secs] [Times: user=0.13 sys=0.00, real=0.02 secs] 
2020-09-29T18:05:16.762+0200: 63.151: [GC (Allocation Failure) 2020-09-29T18:05:16.762+0200: 63.151: [ParNew: 600928K->44600K(613440K), 0.0180780 secs] 621539K->65210K(2029056K), 0.0181527 secs] [Times: user=0.13 sys=0.00, real=0.02 secs] 
2020-09-29T18:05:16.828+0200: 63.217: [GC (Allocation Failure) 2020-09-29T18:05:16.828+0200: 63.217: [ParNew: 589944K->44673K(613440K), 0.0178172 secs] 610554K->65283K(2029056K), 0.0178730 secs] [Times: user=0.13 sys=0.00, real=0.02 secs] 
2020-09-29T18:05:16.896+0200: 63.286: [GC (Allocation Failure) 2020-09-29T18:05:16.896+0200: 63.286: [ParNew: 590017K->42383K(613440K), 0.0171298 secs] 610627K->62993K(2029056K), 0.0171931 secs] [Times: user=0.13 sys=0.00, real=0.02 secs] 
2020-09-29T18:05:16.963+0200: 63.352: [GC (Allocation Failure) 2020-09-29T18:05:16.963+0200: 63.352: [ParNew: 587727K->37384K(613440K), 0.0169947 secs] 608337K->57994K(2029056K), 0.0170479 secs] [Times: user=0.13 sys=0.00, real=0.02 secs] 
2020-09-29T18:05:17.029+0200: 63.418: [GC (Allocation Failure) 2020-09-29T18:05:17.029+0200: 63.418: [ParNew: 582728K->36885K(613440K), 0.0159702 secs] 603338K->57495K(2029056K), 0.0160245 secs] [Times: user=0.13 sys=0.00, real=0.02 secs] 
2020-09-29T18:05:17.091+0200: 63.480: [GC (Allocation Failure) 2020-09-29T18:05:17.091+0200: 63.480: [ParNew: 582229K->31670K(613440K), 0.0142426 secs] 602839K->52280K(2029056K), 0.0143397 secs] [Times: user=0.13 sys=0.00, real=0.01 secs] 
2020-09-29T18:05:17.160+0200: 63.549: [GC (Allocation Failure) 2020-09-29T18:05:17.160+0200: 63.549: [ParNew: 577014K->51963K(613440K), 0.0184037 secs] 597624K->72573K(2029056K), 0.0184782 secs] [Times: user=0.25 sys=0.00, real=0.02 secs] 
2020-09-29T18:05:17.233+0200: 63.622: [GC (Allocation Failure) 2020-09-29T18:05:17.233+0200: 63.622: [ParNew: 597307K->62049K(613440K), 0.0244076 secs] 617917K->82659K(2029056K), 0.0244723 secs] [Times: user=0.25 sys=0.00, real=0.02 secs] 
2020-09-29T18:05:17.305+0200: 63.694: [GC (Allocation Failure) 2020-09-29T18:05:17.305+0200: 63.694: [ParNew: 607393K->47568K(613440K), 0.0159212 secs] 628003K->68178K(2029056K), 0.0159814 secs] [Times: user=0.13 sys=0.00, real=0.02 secs] 
2020-09-29T18:05:17.369+0200: 63.758: [GC (Allocation Failure) 2020-09-29T18:05:17.369+0200: 63.758: [ParNew: 592912K->35491K(613440K), 0.0160199 secs] 613522K->56102K(2029056K), 0.0160870 secs] [Times: user=0.13 sys=0.00, real=0.02 secs] 
2020-09-29T18:05:17.432+0200: 63.821: [GC (Allocation Failure) 2020-09-29T18:05:17.432+0200: 63.821: [ParNew: 580835K->59491K(613440K), 0.0200425 secs] 601446K->80102K(2029056K), 0.0201011 secs] [Times: user=0.13 sys=0.00, real=0.02 secs] 
2020-09-29T18:05:17.501+0200: 63.890: [GC (Allocation Failure) 2020-09-29T18:05:17.501+0200: 63.890: [ParNew: 604835K->39267K(613440K), 0.0129844 secs] 625446K->59878K(2029056K), 0.0130786 secs] [Times: user=0.13 sys=0.00, real=0.01 secs] 
2020-09-29T18:05:17.567+0200: 63.956: [GC (Allocation Failure) 2020-09-29T18:05:17.567+0200: 63.956: [ParNew: 584611K->39376K(613440K), 0.0178923 secs] 605222K->59987K(2029056K), 0.0179651 secs] [Times: user=0.13 sys=0.00, real=0.02 secs] 
2020-09-29T18:05:17.633+0200: 64.023: [GC (Allocation Failure) 2020-09-29T18:05:17.634+0200: 64.023: [ParNew: 584720K->55962K(613440K), 0.0221101 secs] 605331K->76572K(2029056K), 0.0221991 secs] [Times: user=0.13 sys=0.00, real=0.02 secs] 
2020-09-29T18:05:17.705+0200: 64.094: [GC (Allocation Failure) 2020-09-29T18:05:17.705+0200: 64.094: [ParNew: 601306K->37454K(613440K), 0.0085360 secs] 621916K->58064K(2029056K), 0.0085940 secs] [Times: user=0.11 sys=0.00, real=0.01 secs] 
2020-09-29T18:05:17.774+0200: 64.163: [GC (Allocation Failure) 2020-09-29T18:05:17.774+0200: 64.163: [ParNew: 582798K->28173K(613440K), 0.0143157 secs] 603408K->48783K(2029056K), 0.0143798 secs] [Times: user=0.13 sys=0.00, real=0.02 secs] 
2020-09-29T18:05:17.838+0200: 64.226: [GC (Allocation Failure) 2020-09-29T18:05:17.838+0200: 64.226: [ParNew: 573517K->24604K(613440K), 0.0107364 secs] 594127K->45214K(2029056K), 0.0107929 secs] [Times: user=0.02 sys=0.02, real=0.01 secs] 
2020-09-29T18:05:17.896+0200: 64.284: [GC (Allocation Failure) 2020-09-29T18:05:17.896+0200: 64.284: [ParNew: 569948K->55113K(613440K), 0.0219053 secs] 590558K->75724K(2029056K), 0.0219642 secs] [Times: user=0.13 sys=0.00, real=0.02 secs] 
2020-09-29T18:05:17.965+0200: 64.354: [GC (Allocation Failure) 2020-09-29T18:05:17.965+0200: 64.354: [ParNew: 600457K->65288K(613440K), 0.0211248 secs] 621068K->85899K(2029056K), 0.0211832 secs] [Times: user=0.13 sys=0.00, real=0.02 secs] 
2020-09-29T18:05:18.034+0200: 64.423: [GC (Allocation Failure) 2020-09-29T18:05:18.034+0200: 64.423: [ParNew: 610632K->46470K(613440K), 0.0200979 secs] 631243K->67080K(2029056K), 0.0201542 secs] [Times: user=0.25 sys=0.00, real=0.02 secs] 
2020-09-29T18:05:18.101+0200: 64.490: [GC (Allocation Failure) 2020-09-29T18:05:18.101+0200: 64.490: [ParNew: 591814K->44593K(613440K), 0.0180022 secs] 612424K->65204K(2029056K), 0.0180610 secs] [Times: user=0.13 sys=0.00, real=0.02 secs] 
2020-09-29T18:05:18.168+0200: 64.557: [GC (Allocation Failure) 2020-09-29T18:05:18.168+0200: 64.557: [ParNew: 589937K->36983K(613440K), 0.0119623 secs] 610548K->57593K(2029056K), 0.0120296 secs] [Times: user=0.13 sys=0.00, real=0.01 secs] 
2020-09-29T18:05:18.234+0200: 64.623: [GC (Allocation Failure) 2020-09-29T18:05:18.234+0200: 64.623: [ParNew: 582327K->41559K(613440K), 0.0209834 secs] 602937K->62169K(2029056K), 0.0210417 secs] [Times: user=0.23 sys=0.00, real=0.02 secs] 
2020-09-29T18:05:18.303+0200: 64.692: [GC (Allocation Failure) 2020-09-29T18:05:18.303+0200: 64.692: [ParNew: 586903K->56213K(613440K), 0.0223487 secs] 607513K->76823K(2029056K), 0.0224093 secs] [Times: user=0.13 sys=0.00, real=0.02 secs] 
2020-09-29T18:05:18.373+0200: 64.762: [GC (Allocation Failure) 2020-09-29T18:05:18.373+0200: 64.762: [ParNew: 601557K->62513K(613440K), 0.0210830 secs] 622167K->83124K(2029056K), 0.0211489 secs] [Times: user=0.13 sys=0.00, real=0.02 secs] 
2020-09-29T18:05:18.442+0200: 64.831: [GC (Allocation Failure) 2020-09-29T18:05:18.442+0200: 64.831: [ParNew: 607857K->50620K(613440K), 0.0147174 secs] 628468K->71231K(2029056K), 0.0147833 secs] [Times: user=0.13 sys=0.00, real=0.02 secs] 
2020-09-29T18:05:18.507+0200: 64.895: [GC (Allocation Failure) 2020-09-29T18:05:18.507+0200: 64.895: [ParNew: 595964K->48533K(613440K), 0.0202345 secs] 616575K->69143K(2029056K), 0.0203015 secs] [Times: user=0.13 sys=0.00, real=0.02 secs] 
2020-09-29T18:05:18.575+0200: 64.964: [GC (Allocation Failure) 2020-09-29T18:05:18.575+0200: 64.964: [ParNew: 593877K->57248K(613440K), 0.0205588 secs] 614487K->77858K(2029056K), 0.0206282 secs] [Times: user=0.11 sys=0.00, real=0.02 secs] 
2020-09-29T18:05:18.645+0200: 65.034: [GC (Allocation Failure) 2020-09-29T18:05:18.645+0200: 65.034: [ParNew: 602592K->39475K(613440K), 0.0126456 secs] 623202K->60085K(2029056K), 0.0127022 secs] [Times: user=0.13 sys=0.00, real=0.01 secs] 
2020-09-29T18:05:18.708+0200: 65.096: [GC (Allocation Failure) 2020-09-29T18:05:18.708+0200: 65.096: [ParNew: 584819K->25134K(613440K), 0.0117141 secs] 605429K->45744K(2029056K), 0.0117761 secs] [Times: user=0.00 sys=0.00, real=0.01 secs] 
2020-09-29T18:05:18.767+0200: 65.156: [GC (Allocation Failure) 2020-09-29T18:05:18.767+0200: 65.156: [ParNew: 570478K->37141K(613440K), 0.0177117 secs] 591088K->57752K(2029056K), 0.0177709 secs] [Times: user=0.13 sys=0.00, real=0.02 secs] 
2020-09-29T18:05:18.832+0200: 65.221: [GC (Allocation Failure) 2020-09-29T18:05:18.832+0200: 65.221: [ParNew: 582485K->52549K(613440K), 0.0155865 secs] 603096K->73159K(2029056K), 0.0156394 secs] [Times: user=0.09 sys=0.00, real=0.02 secs] 
2020-09-29T18:05:18.904+0200: 65.293: [GC (Allocation Failure) 2020-09-29T18:05:18.904+0200: 65.293: [ParNew: 597893K->40194K(613440K), 0.0159422 secs] 618503K->60805K(2029056K), 0.0160065 secs] [Times: user=0.13 sys=0.00, real=0.02 secs] 
2020-09-29T18:05:18.971+0200: 65.359: [GC (Allocation Failure) 2020-09-29T18:05:18.971+0200: 65.359: [ParNew: 585538K->46120K(613440K), 0.0153919 secs] 606149K->66730K(2029056K), 0.0154572 secs] [Times: user=0.13 sys=0.00, real=0.02 secs] 
2020-09-29T18:05:19.040+0200: 65.428: [GC (Allocation Failure) 2020-09-29T18:05:19.040+0200: 65.428: [ParNew: 591464K->34938K(613440K), 0.0171764 secs] 612074K->55548K(2029056K), 0.0172386 secs] [Times: user=0.13 sys=0.00, real=0.02 secs] 
2020-09-29T18:05:19.115+0200: 65.504: [GC (Allocation Failure) 2020-09-29T18:05:19.115+0200: 65.504: [ParNew: 580282K->28677K(613440K), 0.0146051 secs] 600892K->49288K(2029056K), 0.0146942 secs] [Times: user=0.13 sys=0.00, real=0.02 secs] 
2020-09-29T18:05:19.183+0200: 65.572: [GC (Allocation Failure) 2020-09-29T18:05:19.183+0200: 65.572: [ParNew: 574021K->44494K(613440K), 0.0226183 secs] 594632K->65104K(2029056K), 0.0227032 secs] [Times: user=0.11 sys=0.00, real=0.02 secs] 
2020-09-29T18:05:19.255+0200: 65.644: [GC (Allocation Failure) 2020-09-29T18:05:19.255+0200: 65.644: [ParNew: 589838K->37807K(613440K), 0.0131853 secs] 610448K->58417K(2029056K), 0.0132508 secs] [Times: user=0.00 sys=0.00, real=0.01 secs] 
2020-09-29T18:05:19.322+0200: 65.710: [GC (Allocation Failure) 2020-09-29T18:05:19.322+0200: 65.710: [ParNew: 583151K->37077K(613440K), 0.0167655 secs] 603761K->57687K(2029056K), 0.0168288 secs] [Times: user=0.13 sys=0.00, real=0.02 secs] 
2020-09-29T18:05:19.388+0200: 65.776: [GC (Allocation Failure) 2020-09-29T18:05:19.388+0200: 65.776: [ParNew: 582421K->55358K(613440K), 0.0215122 secs] 603031K->75968K(2029056K), 0.0216001 secs] [Times: user=0.13 sys=0.00, real=0.02 secs] 
2020-09-29T18:05:19.458+0200: 65.846: [GC (Allocation Failure) 2020-09-29T18:05:19.458+0200: 65.846: [ParNew: 600702K->68096K(613440K), 0.0212463 secs] 621312K->88734K(2029056K), 0.0213312 secs] [Times: user=0.13 sys=0.00, real=0.02 secs] 
2020-09-29T18:05:19.526+0200: 65.915: [GC (Allocation Failure) 2020-09-29T18:05:19.526+0200: 65.915: [ParNew: 613440K->54573K(613440K), 0.0199977 secs] 634078K->75212K(2029056K), 0.0200699 secs] [Times: user=0.13 sys=0.00, real=0.02 secs] 
2020-09-29T18:05:19.598+0200: 65.987: [GC (Allocation Failure) 2020-09-29T18:05:19.598+0200: 65.987: [ParNew: 599917K->46261K(613440K), 0.0198430 secs] 620556K->66899K(2029056K), 0.0199144 secs] [Times: user=0.23 sys=0.00, real=0.02 secs] 
2020-09-29T18:05:19.669+0200: 66.058: [GC (Allocation Failure) 2020-09-29T18:05:19.669+0200: 66.058: [ParNew: 591605K->41612K(613440K), 0.0188693 secs] 612243K->62251K(2029056K), 0.0189474 secs] [Times: user=0.13 sys=0.00, real=0.02 secs] 
2020-09-29T18:05:19.735+0200: 66.124: [GC (Allocation Failure) 2020-09-29T18:05:19.735+0200: 66.124: [ParNew: 586956K->67009K(613440K), 0.0243821 secs] 607595K->87648K(2029056K), 0.0244580 secs] [Times: user=0.25 sys=0.00, real=0.03 secs] 
2020-09-29T18:05:19.807+0200: 66.196: [GC (Allocation Failure) 2020-09-29T18:05:19.807+0200: 66.196: [ParNew: 612353K->45991K(613440K), 0.0158084 secs] 632992K->66630K(2029056K), 0.0158667 secs] [Times: user=0.13 sys=0.00, real=0.02 secs] 
2020-09-29T18:05:19.873+0200: 66.262: [GC (Allocation Failure) 2020-09-29T18:05:19.873+0200: 66.262: [ParNew: 591335K->40857K(613440K), 0.0163838 secs] 611974K->61496K(2029056K), 0.0165028 secs] [Times: user=0.13 sys=0.00, real=0.02 secs] 
2020-09-29T18:05:19.937+0200: 66.325: [GC (Allocation Failure) 2020-09-29T18:05:19.937+0200: 66.325: [ParNew: 586201K->58880K(613440K), 0.0209293 secs] 606840K->79518K(2029056K), 0.0209935 secs] [Times: user=0.13 sys=0.00, real=0.02 secs] 
2020-09-29T18:05:20.006+0200: 66.395: [GC (Allocation Failure) 2020-09-29T18:05:20.006+0200: 66.395: [ParNew: 604224K->46982K(613440K), 0.0197952 secs] 624862K->67621K(2029056K), 0.0198845 secs] [Times: user=0.13 sys=0.00, real=0.02 secs] 
2020-09-29T18:05:20.073+0200: 66.461: [GC (Allocation Failure) 2020-09-29T18:05:20.073+0200: 66.461: [ParNew: 592326K->47453K(613440K), 0.0183690 secs] 612965K->68092K(2029056K), 0.0184207 secs] [Times: user=0.13 sys=0.00, real=0.02 secs] 
2020-09-29T18:05:20.148+0200: 66.536: [GC (Allocation Failure) 2020-09-29T18:05:20.148+0200: 66.536: [ParNew: 592797K->48974K(613440K), 0.0182521 secs] 613436K->69612K(2029056K), 0.0183080 secs] [Times: user=0.13 sys=0.00, real=0.02 secs] 
2020-09-29T18:05:20.218+0200: 66.607: [GC (Allocation Failure) 2020-09-29T18:05:20.218+0200: 66.607: [ParNew: 594318K->43676K(613440K), 0.0177578 secs] 614956K->64314K(2029056K), 0.0178163 secs] [Times: user=0.13 sys=0.00, real=0.02 secs] 
2020-09-29T18:05:20.287+0200: 66.676: [GC (Allocation Failure) 2020-09-29T18:05:20.287+0200: 66.676: [ParNew: 589020K->40403K(613440K), 0.0163985 secs] 609658K->61041K(2029056K), 0.0164550 secs] [Times: user=0.13 sys=0.00, real=0.02 secs] 
2020-09-29T18:05:20.354+0200: 66.743: [GC (Allocation Failure) 2020-09-29T18:05:20.354+0200: 66.743: [ParNew: 585747K->63263K(613440K), 0.0199576 secs] 606385K->83902K(2029056K), 0.0200368 secs] [Times: user=0.13 sys=0.00, real=0.02 secs] 
2020-09-29T18:05:20.426+0200: 66.815: [GC (Allocation Failure) 2020-09-29T18:05:20.426+0200: 66.815: [ParNew: 608607K->45517K(613440K), 0.0205031 secs] 629246K->66156K(2029056K), 0.0205616 secs] [Times: user=0.25 sys=0.00, real=0.02 secs] 
2020-09-29T18:05:20.493+0200: 66.882: [GC (Allocation Failure) 2020-09-29T18:05:20.493+0200: 66.882: [ParNew: 590861K->68096K(613440K), 0.0256967 secs] 611500K->89599K(2029056K), 0.0257502 secs] [Times: user=0.13 sys=0.00, real=0.03 secs] 
2020-09-29T18:05:20.569+0200: 66.958: [GC (Allocation Failure) 2020-09-29T18:05:20.569+0200: 66.958: [ParNew: 613440K->68096K(613440K), 0.0270552 secs] 634943K->90177K(2029056K), 0.0271574 secs] [Times: user=0.11 sys=0.00, real=0.03 secs] 
2020-09-29T18:05:20.646+0200: 67.035: [GC (Allocation Failure) 2020-09-29T18:05:20.646+0200: 67.035: [ParNew: 613440K->56732K(613440K), 0.0235375 secs] 635521K->78813K(2029056K), 0.0236079 secs] [Times: user=0.13 sys=0.00, real=0.02 secs] 
2020-09-29T18:05:20.718+0200: 67.106: [GC (Allocation Failure) 2020-09-29T18:05:20.718+0200: 67.106: [ParNew: 602076K->48908K(613440K), 0.0115752 secs] 624157K->70990K(2029056K), 0.0116298 secs] [Times: user=0.13 sys=0.00, real=0.01 secs] 
2020-09-29T18:05:20.783+0200: 67.172: [GC (Allocation Failure) 2020-09-29T18:05:20.783+0200: 67.172: [ParNew: 594252K->37195K(613440K), 0.0169517 secs] 616334K->59277K(2029056K), 0.0170103 secs] [Times: user=0.13 sys=0.00, real=0.02 secs] 
2020-09-29T18:05:20.848+0200: 67.237: [GC (Allocation Failure) 2020-09-29T18:05:20.848+0200: 67.237: [ParNew: 582539K->33191K(613440K), 0.0157175 secs] 604621K->55272K(2029056K), 0.0157879 secs] [Times: user=0.14 sys=0.00, real=0.02 secs] 
2020-09-29T18:05:20.917+0200: 67.306: [GC (Allocation Failure) 2020-09-29T18:05:20.917+0200: 67.306: [ParNew: 578535K->68096K(613440K), 0.0257761 secs] 600616K->90214K(2029056K), 0.0258345 secs] [Times: user=0.25 sys=0.00, real=0.03 secs] 
2020-09-29T18:05:20.990+0200: 67.379: [GC (Allocation Failure) 2020-09-29T18:05:20.990+0200: 67.379: [ParNew: 613440K->59477K(613440K), 0.0208993 secs] 635558K->81596K(2029056K), 0.0209606 secs] [Times: user=0.13 sys=0.00, real=0.02 secs] 
2020-09-29T18:05:21.059+0200: 67.447: [GC (Allocation Failure) 2020-09-29T18:05:21.059+0200: 67.447: [ParNew: 604821K->43693K(613440K), 0.0132849 secs] 626940K->65812K(2029056K), 0.0133609 secs] [Times: user=0.13 sys=0.00, real=0.01 secs] 
2020-09-29T18:05:21.119+0200: 67.508: [GC (Allocation Failure) 2020-09-29T18:05:21.119+0200: 67.508: [ParNew: 589037K->34289K(613440K), 0.0135886 secs] 611156K->56408K(2029056K), 0.0136420 secs] [Times: user=0.13 sys=0.00, real=0.01 secs] 
2020-09-29T18:05:21.184+0200: 67.573: [GC (Allocation Failure) 2020-09-29T18:05:21.184+0200: 67.573: [ParNew: 579633K->49932K(613440K), 0.0182357 secs] 601752K->72051K(2029056K), 0.0183018 secs] [Times: user=0.13 sys=0.00, real=0.02 secs] 
2020-09-29T18:05:21.254+0200: 67.643: [GC (Allocation Failure) 2020-09-29T18:05:21.254+0200: 67.643: [ParNew: 595276K->39989K(613440K), 0.0175253 secs] 617395K->62108K(2029056K), 0.0175906 secs] [Times: user=0.16 sys=0.00, real=0.02 secs] 
2020-09-29T18:05:21.319+0200: 67.708: [GC (Allocation Failure) 2020-09-29T18:05:21.319+0200: 67.708: [ParNew: 585333K->60923K(613440K), 0.0215945 secs] 607452K->83042K(2029056K), 0.0216512 secs] [Times: user=0.13 sys=0.00, real=0.02 secs] 
2020-09-29T18:05:21.392+0200: 67.781: [GC (Allocation Failure) 2020-09-29T18:05:21.392+0200: 67.781: [ParNew: 606267K->56136K(613440K), 0.0209812 secs] 628386K->78255K(2029056K), 0.0210367 secs] [Times: user=0.25 sys=0.00, real=0.02 secs] 
2020-09-29T18:05:21.461+0200: 67.850: [GC (Allocation Failure) 2020-09-29T18:05:21.461+0200: 67.850: [ParNew: 601480K->48469K(613440K), 0.0201353 secs] 623599K->70588K(2029056K), 0.0201977 secs] [Times: user=0.13 sys=0.00, real=0.02 secs] 
2020-09-29T18:05:21.532+0200: 67.921: [GC (Allocation Failure) 2020-09-29T18:05:21.532+0200: 67.921: [ParNew: 593813K->45469K(613440K), 0.0201135 secs] 615932K->67588K(2029056K), 0.0202103 secs] [Times: user=0.25 sys=0.00, real=0.02 secs] 
2020-09-29T18:05:21.602+0200: 67.991: [GC (Allocation Failure) 2020-09-29T18:05:21.602+0200: 67.991: [ParNew: 590813K->68096K(613440K), 0.0252018 secs] 612932K->91023K(2029056K), 0.0252618 secs] [Times: user=0.13 sys=0.00, real=0.03 secs] 
2020-09-29T18:05:21.676+0200: 68.064: [GC (Allocation Failure) 2020-09-29T18:05:21.676+0200: 68.064: [ParNew: 613440K->52420K(613440K), 0.0180893 secs] 636367K->75348K(2029056K), 0.0181547 secs] [Times: user=0.25 sys=0.00, real=0.02 secs] 
2020-09-29T18:05:21.742+0200: 68.131: [GC (Allocation Failure) 2020-09-29T18:05:21.742+0200: 68.131: [ParNew: 597764K->44696K(613440K), 0.0188564 secs] 620692K->67623K(2029056K), 0.0189123 secs] [Times: user=0.13 sys=0.00, real=0.02 secs] 
2020-09-29T18:05:21.809+0200: 68.198: [GC (Allocation Failure) 2020-09-29T18:05:21.809+0200: 68.198: [ParNew: 590040K->61881K(613440K), 0.0221932 secs] 612967K->84809K(2029056K), 0.0222578 secs] [Times: user=0.13 sys=0.00, real=0.02 secs] 
2020-09-29T18:05:21.879+0200: 68.268: [GC (Allocation Failure) 2020-09-29T18:05:21.883+0200: 68.271: [ParNew: 607225K->45196K(613440K), 0.0153445 secs] 630153K->68123K(2029056K), 0.0186811 secs] [Times: user=0.13 sys=0.00, real=0.02 secs] 
2020-09-29T18:05:21.945+0200: 68.334: [GC (Allocation Failure) 2020-09-29T18:05:21.945+0200: 68.334: [ParNew: 590540K->36620K(613440K), 0.0145511 secs] 613467K->59547K(2029056K), 0.0146120 secs] [Times: user=0.13 sys=0.00, real=0.02 secs] 
2020-09-29T18:05:22.009+0200: 68.398: [GC (Allocation Failure) 2020-09-29T18:05:22.009+0200: 68.398: [ParNew: 581964K->30144K(613440K), 0.0144672 secs] 604891K->53072K(2029056K), 0.0145259 secs] [Times: user=0.13 sys=0.00, real=0.01 secs] 
2020-09-29T18:05:22.083+0200: 68.472: [GC (Allocation Failure) 2020-09-29T18:05:22.083+0200: 68.472: [ParNew: 575488K->30270K(613440K), 0.0129136 secs] 598416K->53198K(2029056K), 0.0130067 secs] [Times: user=0.00 sys=0.00, real=0.01 secs] 
2020-09-29T18:05:22.149+0200: 68.538: [GC (Allocation Failure) 2020-09-29T18:05:22.149+0200: 68.538: [ParNew: 575614K->47152K(613440K), 0.0169523 secs] 598542K->70080K(2029056K), 0.0170416 secs] [Times: user=0.13 sys=0.00, real=0.02 secs] 
2020-09-29T18:05:22.218+0200: 68.606: [GC (Allocation Failure) 2020-09-29T18:05:22.218+0200: 68.606: [ParNew: 592496K->41994K(613440K), 0.0190937 secs] 615424K->64922K(2029056K), 0.0191542 secs] [Times: user=0.13 sys=0.00, real=0.02 secs] 
2020-09-29T18:05:22.285+0200: 68.674: [GC (Allocation Failure) 2020-09-29T18:05:22.285+0200: 68.674: [ParNew: 587338K->34632K(613440K), 0.0150989 secs] 610266K->57559K(2029056K), 0.0151515 secs] [Times: user=0.11 sys=0.00, real=0.01 secs] 
2020-09-29T18:05:22.349+0200: 68.738: [GC (Allocation Failure) 2020-09-29T18:05:22.349+0200: 68.738: [ParNew: 579976K->57565K(613440K), 0.0193510 secs] 602903K->80493K(2029056K), 0.0194080 secs] [Times: user=0.13 sys=0.00, real=0.02 secs] 
2020-09-29T18:05:22.424+0200: 68.813: [GC (Allocation Failure) 2020-09-29T18:05:22.424+0200: 68.813: [ParNew: 602909K->38901K(613440K), 0.0143855 secs] 625837K->61828K(2029056K), 0.0144399 secs] [Times: user=0.13 sys=0.00, real=0.01 secs] 
2020-09-29T18:05:22.485+0200: 68.874: [GC (Allocation Failure) 2020-09-29T18:05:22.485+0200: 68.874: [ParNew: 584245K->25280K(613440K), 0.0126153 secs] 607172K->48207K(2029056K), 0.0126699 secs] [Times: user=0.13 sys=0.00, real=0.01 secs] 
2020-09-29T18:05:22.544+0200: 68.933: [GC (Allocation Failure) 2020-09-29T18:05:22.544+0200: 68.933: [ParNew: 570624K->37993K(613440K), 0.0170305 secs] 593551K->60920K(2029056K), 0.0171194 secs] [Times: user=0.13 sys=0.00, real=0.02 secs] 
2020-09-29T18:05:22.611+0200: 69.000: [GC (Allocation Failure) 2020-09-29T18:05:22.611+0200: 69.000: [ParNew: 583337K->55656K(613440K), 0.0215353 secs] 606264K->78583K(2029056K), 0.0216366 secs] [Times: user=0.23 sys=0.00, real=0.02 secs] 
2020-09-29T18:05:22.682+0200: 69.071: [GC (Allocation Failure) 2020-09-29T18:05:22.682+0200: 69.071: [ParNew: 601000K->42668K(613440K), 0.0151025 secs] 623927K->65595K(2029056K), 0.0151593 secs] [Times: user=0.13 sys=0.00, real=0.02 secs] 
2020-09-29T18:05:22.745+0200: 69.134: [GC (Allocation Failure) 2020-09-29T18:05:22.745+0200: 69.134: [ParNew: 588012K->41201K(613440K), 0.0213338 secs] 610939K->64129K(2029056K), 0.0214171 secs] [Times: user=0.13 sys=0.00, real=0.02 secs] 
2020-09-29T18:05:22.821+0200: 69.210: [GC (Allocation Failure) 2020-09-29T18:05:22.821+0200: 69.210: [ParNew: 586545K->38742K(613440K), 0.0200409 secs] 609473K->61670K(2029056K), 0.0201316 secs] [Times: user=0.13 sys=0.00, real=0.02 secs] 
2020-09-29T18:05:22.893+0200: 69.282: [GC (Allocation Failure) 2020-09-29T18:05:22.893+0200: 69.282: [ParNew: 584086K->40347K(613440K), 0.0195837 secs] 607014K->63274K(2029056K), 0.0196705 secs] [Times: user=0.23 sys=0.00, real=0.02 secs] 
2020-09-29T18:05:22.966+0200: 69.355: [GC (Allocation Failure) 2020-09-29T18:05:22.966+0200: 69.355: [ParNew: 585691K->63525K(613440K), 0.0218951 secs] 608618K->86453K(2029056K), 0.0219855 secs] [Times: user=0.13 sys=0.00, real=0.02 secs] 
2020-09-29T18:05:23.038+0200: 69.427: [GC (Allocation Failure) 2020-09-29T18:05:23.038+0200: 69.427: [ParNew: 608869K->39464K(613440K), 0.0109454 secs] 631797K->62392K(2029056K), 0.0109982 secs] [Times: user=0.00 sys=0.00, real=0.01 secs] 
2020-09-29T18:05:23.102+0200: 69.491: [GC (Allocation Failure) 2020-09-29T18:05:23.102+0200: 69.491: [ParNew: 584808K->31918K(613440K), 0.0150258 secs] 607736K->54845K(2029056K), 0.0150841 secs] [Times: user=0.13 sys=0.00, real=0.02 secs] 
2020-09-29T18:05:23.165+0200: 69.554: [GC (Allocation Failure) 2020-09-29T18:05:23.165+0200: 69.554: [ParNew: 577262K->28042K(613440K), 0.0132793 secs] 600189K->50969K(2029056K), 0.0133494 secs] [Times: user=0.13 sys=0.00, real=0.01 secs] 
2020-09-29T18:05:23.233+0200: 69.622: [GC (Allocation Failure) 2020-09-29T18:05:23.233+0200: 69.622: [ParNew: 573386K->49673K(613440K), 0.0182351 secs] 596313K->72600K(2029056K), 0.0183103 secs] [Times: user=0.13 sys=0.00, real=0.02 secs] 
2020-09-29T18:05:23.299+0200: 69.688: [GC (Allocation Failure) 2020-09-29T18:05:23.299+0200: 69.688: [ParNew: 595017K->40086K(613440K), 0.0179284 secs] 617944K->63013K(2029056K), 0.0179993 secs] [Times: user=0.25 sys=0.00, real=0.02 secs] 
2020-09-29T18:05:23.367+0200: 69.756: [GC (Allocation Failure) 2020-09-29T18:05:23.367+0200: 69.756: [ParNew: 585430K->34231K(613440K), 0.0113635 secs] 608357K->57159K(2029056K), 0.0114585 secs] [Times: user=0.00 sys=0.00, real=0.01 secs] 
2020-09-29T18:05:23.430+0200: 69.819: [GC (Allocation Failure) 2020-09-29T18:05:23.430+0200: 69.819: [ParNew: 579575K->47815K(613440K), 0.0214891 secs] 602503K->70742K(2029056K), 0.0215458 secs] [Times: user=0.13 sys=0.00, real=0.02 secs] 
2020-09-29T18:05:23.501+0200: 69.890: [GC (Allocation Failure) 2020-09-29T18:05:23.501+0200: 69.890: [ParNew: 593159K->33539K(613440K), 0.0081219 secs] 616086K->56467K(2029056K), 0.0081848 secs] [Times: user=0.13 sys=0.00, real=0.01 secs] 
2020-09-29T18:05:23.559+0200: 69.948: [GC (Allocation Failure) 2020-09-29T18:05:23.559+0200: 69.948: [ParNew: 578883K->43595K(613440K), 0.0185820 secs] 601811K->66523K(2029056K), 0.0186480 secs] [Times: user=0.13 sys=0.00, real=0.02 secs] 
2020-09-29T18:05:23.626+0200: 70.015: [GC (Allocation Failure) 2020-09-29T18:05:23.626+0200: 70.015: [ParNew: 588939K->31073K(613440K), 0.0129083 secs] 611867K->54001K(2029056K), 0.0129693 secs] [Times: user=0.11 sys=0.00, real=0.01 secs] 
2020-09-29T18:05:23.689+0200: 70.078: [GC (Allocation Failure) 2020-09-29T18:05:23.689+0200: 70.078: [ParNew: 576417K->24976K(613440K), 0.0102612 secs] 599345K->47903K(2029056K), 0.0103162 secs] [Times: user=0.13 sys=0.00, real=0.01 secs] 
2020-09-29T18:05:23.752+0200: 70.141: [GC (Allocation Failure) 2020-09-29T18:05:23.752+0200: 70.141: [ParNew: 570320K->20649K(613440K), 0.0094007 secs] 593247K->43577K(2029056K), 0.0094576 secs] [Times: user=0.11 sys=0.00, real=0.01 secs] 
2020-09-29T18:05:23.810+0200: 70.200: [GC (Allocation Failure) 2020-09-29T18:05:23.810+0200: 70.200: [ParNew: 565993K->61816K(613440K), 0.0248383 secs] 588921K->84744K(2029056K), 0.0249004 secs] [Times: user=0.25 sys=0.00, real=0.03 secs] 
2020-09-29T18:05:23.883+0200: 70.272: [GC (Allocation Failure) 2020-09-29T18:05:23.883+0200: 70.272: [ParNew: 607160K->50832K(613440K), 0.0194203 secs] 630088K->73760K(2029056K), 0.0194737 secs] [Times: user=0.13 sys=0.00, real=0.02 secs] 
2020-09-29T18:05:23.949+0200: 70.338: [GC (Allocation Failure) 2020-09-29T18:05:23.949+0200: 70.338: [ParNew: 596176K->68096K(613440K), 0.0238894 secs] 619104K->91526K(2029056K), 0.0239447 secs] [Times: user=0.25 sys=0.00, real=0.02 secs] 
2020-09-29T18:05:24.020+0200: 70.409: [GC (Allocation Failure) 2020-09-29T18:05:24.020+0200: 70.409: [ParNew: 613440K->58595K(613440K), 0.0227232 secs] 636870K->82026K(2029056K), 0.0228177 secs] [Times: user=0.13 sys=0.00, real=0.02 secs] 
2020-09-29T18:05:24.090+0200: 70.480: [GC (Allocation Failure) 2020-09-29T18:05:24.090+0200: 70.480: [ParNew: 603939K->51837K(613440K), 0.0168842 secs] 627370K->75267K(2029056K), 0.0169397 secs] [Times: user=0.13 sys=0.00, real=0.02 secs] 
2020-09-29T18:05:24.154+0200: 70.544: [GC (Allocation Failure) 2020-09-29T18:05:24.154+0200: 70.544: [ParNew: 597181K->32322K(613440K), 0.0152406 secs] 620611K->55753K(2029056K), 0.0152981 secs] [Times: user=0.13 sys=0.00, real=0.02 secs] 
2020-09-29T18:05:24.223+0200: 70.613: [GC (Allocation Failure) 2020-09-29T18:05:24.223+0200: 70.613: [ParNew: 577666K->57957K(613440K), 0.0205357 secs] 601097K->81387K(2029056K), 0.0206052 secs] [Times: user=0.13 sys=0.00, real=0.02 secs] 
2020-09-29T18:05:24.293+0200: 70.683: [GC (Allocation Failure) 2020-09-29T18:05:24.293+0200: 70.683: [ParNew: 603301K->39700K(613440K), 0.0135233 secs] 626731K->63130K(2029056K), 0.0135791 secs] [Times: user=0.13 sys=0.00, real=0.01 secs] 
2020-09-29T18:05:24.356+0200: 70.745: [GC (Allocation Failure) 2020-09-29T18:05:24.356+0200: 70.745: [ParNew: 585044K->38671K(613440K), 0.0177447 secs] 608474K->62102K(2029056K), 0.0178221 secs] [Times: user=0.13 sys=0.00, real=0.02 secs] 
2020-09-29T18:05:24.425+0200: 70.815: [GC (Allocation Failure) 2020-09-29T18:05:24.426+0200: 70.815: [ParNew: 584015K->59118K(613440K), 0.0216062 secs] 607446K->82548K(2029056K), 0.0216671 secs] [Times: user=0.13 sys=0.01, real=0.02 secs] 
2020-09-29T18:05:24.497+0200: 70.886: [GC (Allocation Failure) 2020-09-29T18:05:24.497+0200: 70.886: [ParNew: 604462K->45706K(613440K), 0.0155795 secs] 627892K->69136K(2029056K), 0.0156705 secs] [Times: user=0.13 sys=0.00, real=0.02 secs] 
2020-09-29T18:05:24.564+0200: 70.953: [GC (Allocation Failure) 2020-09-29T18:05:24.564+0200: 70.953: [ParNew: 591050K->59095K(613440K), 0.0216465 secs] 614480K->82525K(2029056K), 0.0217205 secs] [Times: user=0.23 sys=0.00, real=0.02 secs] 
2020-09-29T18:05:24.636+0200: 71.026: [GC (Allocation Failure) 2020-09-29T18:05:24.636+0200: 71.026: [ParNew: 604439K->68096K(613440K), 0.0259488 secs] 627869K->91995K(2029056K), 0.0260089 secs] [Times: user=0.25 sys=0.00, real=0.03 secs] 
2020-09-29T18:05:24.709+0200: 71.098: [GC (Allocation Failure) 2020-09-29T18:05:24.709+0200: 71.099: [ParNew: 613440K->52380K(613440K), 0.0187290 secs] 637339K->76280K(2029056K), 0.0187856 secs] [Times: user=0.13 sys=0.00, real=0.02 secs] 
2020-09-29T18:05:24.778+0200: 71.167: [GC (Allocation Failure) 2020-09-29T18:05:24.778+0200: 71.167: [ParNew: 597724K->38245K(613440K), 0.0140367 secs] 621624K->62144K(2029056K), 0.0141138 secs] [Times: user=0.13 sys=0.00, real=0.01 secs] 
2020-09-29T18:05:24.839+0200: 71.229: [GC (Allocation Failure) 2020-09-29T18:05:24.839+0200: 71.229: [ParNew: 583589K->53466K(613440K), 0.0218675 secs] 607488K->77365K(2029056K), 0.0219373 secs] [Times: user=0.13 sys=0.00, real=0.02 secs] 
2020-09-29T18:05:24.908+0200: 71.298: [GC (Allocation Failure) 2020-09-29T18:05:24.908+0200: 71.298: [ParNew: 598810K->68096K(613440K), 0.0212964 secs] 622709K->92076K(2029056K), 0.0213522 secs] [Times: user=0.25 sys=0.00, real=0.02 secs] 
2020-09-29T18:05:24.976+0200: 71.366: [GC (Allocation Failure) 2020-09-29T18:05:24.976+0200: 71.366: [ParNew: 613440K->51714K(613440K), 0.0206878 secs] 637420K->75695K(2029056K), 0.0207607 secs] [Times: user=0.13 sys=0.00, real=0.02 secs] 
2020-09-29T18:05:25.044+0200: 71.434: [GC (Allocation Failure) 2020-09-29T18:05:25.044+0200: 71.434: [ParNew: 597058K->68096K(613440K), 0.0243507 secs] 621039K->92076K(2029056K), 0.0244071 secs] [Times: user=0.25 sys=0.00, real=0.02 secs] 
2020-09-29T18:05:25.115+0200: 71.505: [GC (Allocation Failure) 2020-09-29T18:05:25.115+0200: 71.505: [ParNew: 613440K->57390K(613440K), 0.0182895 secs] 637420K->81370K(2029056K), 0.0183427 secs] [Times: user=0.13 sys=0.00, real=0.02 secs] 
2020-09-29T18:05:25.186+0200: 71.576: [GC (Allocation Failure) 2020-09-29T18:05:25.186+0200: 71.576: [ParNew: 602734K->48536K(613440K), 0.0234210 secs] 626714K->72516K(2029056K), 0.0234935 secs] [Times: user=0.22 sys=0.00, real=0.02 secs] 
2020-09-29T18:05:25.262+0200: 71.652: [GC (Allocation Failure) 2020-09-29T18:05:25.262+0200: 71.652: [ParNew: 593880K->41797K(613440K), 0.0165884 secs] 617860K->65778K(2029056K), 0.0166487 secs] [Times: user=0.13 sys=0.00, real=0.02 secs] 
2020-09-29T18:05:25.328+0200: 71.718: [GC (Allocation Failure) 2020-09-29T18:05:25.328+0200: 71.718: [ParNew: 587141K->63376K(613440K), 0.0215979 secs] 611122K->87357K(2029056K), 0.0216609 secs] [Times: user=0.25 sys=0.00, real=0.02 secs] 
2020-09-29T18:05:25.397+0200: 71.787: [GC (Allocation Failure) 2020-09-29T18:05:25.397+0200: 71.787: [ParNew: 608720K->68096K(613440K), 0.0260073 secs] 632701K->93604K(2029056K), 0.0260949 secs] [Times: user=0.13 sys=0.00, real=0.03 secs] 
2020-09-29T18:05:25.471+0200: 71.860: [GC (Allocation Failure) 2020-09-29T18:05:25.471+0200: 71.860: [ParNew: 613440K->50381K(613440K), 0.0156208 secs] 638948K->75890K(2029056K), 0.0156817 secs] [Times: user=0.09 sys=0.00, real=0.02 secs] 
2020-09-29T18:05:25.534+0200: 71.924: [GC (Allocation Failure) 2020-09-29T18:05:25.534+0200: 71.924: [ParNew: 595725K->49239K(613440K), 0.0181715 secs] 621234K->74747K(2029056K), 0.0182400 secs] [Times: user=0.25 sys=0.00, real=0.02 secs] 
2020-09-29T18:05:25.604+0200: 71.993: [GC (Allocation Failure) 2020-09-29T18:05:25.604+0200: 71.993: [ParNew: 594583K->44908K(613440K), 0.0186268 secs] 620091K->70416K(2029056K), 0.0186900 secs] [Times: user=0.13 sys=0.00, real=0.02 secs] 
2020-09-29T18:05:25.673+0200: 72.063: [GC (Allocation Failure) 2020-09-29T18:05:25.673+0200: 72.063: [ParNew: 590252K->33319K(613440K), 0.0107108 secs] 615760K->58827K(2029056K), 0.0107741 secs] [Times: user=0.13 sys=0.00, real=0.01 secs] 
2020-09-29T18:05:25.740+0200: 72.130: [GC (Allocation Failure) 2020-09-29T18:05:25.740+0200: 72.130: [ParNew: 578663K->60303K(613440K), 0.0258310 secs] 604171K->85811K(2029056K), 0.0259225 secs] [Times: user=0.13 sys=0.00, real=0.03 secs] 
2020-09-29T18:05:25.815+0200: 72.204: [GC (Allocation Failure) 2020-09-29T18:05:25.815+0200: 72.204: [ParNew: 605647K->48697K(613440K), 0.0285358 secs] 631155K->74205K(2029056K), 0.0286097 secs] [Times: user=0.25 sys=0.00, real=0.03 secs] 
2020-09-29T18:05:25.896+0200: 72.285: [GC (Allocation Failure) 2020-09-29T18:05:25.896+0200: 72.285: [ParNew: 594041K->41877K(613440K), 0.0196100 secs] 619549K->67385K(2029056K), 0.0196805 secs] [Times: user=0.13 sys=0.00, real=0.02 secs] 
2020-09-29T18:05:25.973+0200: 72.363: [GC (Allocation Failure) 2020-09-29T18:05:25.973+0200: 72.363: [ParNew: 587221K->38788K(613440K), 0.0256208 secs] 612729K->64296K(2029056K), 0.0257033 secs] [Times: user=0.13 sys=0.00, real=0.03 secs] 
2020-09-29T18:05:26.053+0200: 72.443: [GC (Allocation Failure) 2020-09-29T18:05:26.053+0200: 72.443: [ParNew: 584132K->42276K(613440K), 0.0231633 secs] 609640K->67784K(2029056K), 0.0232396 secs] [Times: user=0.13 sys=0.00, real=0.02 secs] 
2020-09-29T18:05:26.139+0200: 72.528: [GC (Allocation Failure) 2020-09-29T18:05:26.139+0200: 72.528: [ParNew: 587620K->38709K(613440K), 0.0234115 secs] 613128K->64217K(2029056K), 0.0234805 secs] [Times: user=0.25 sys=0.00, real=0.02 secs] 
2020-09-29T18:05:26.220+0200: 72.609: [GC (Allocation Failure) 2020-09-29T18:05:26.221+0200: 72.609: [ParNew: 584053K->59649K(613440K), 0.0302306 secs] 609561K->85158K(2029056K), 0.0303106 secs] [Times: user=0.25 sys=0.00, real=0.03 secs] 
2020-09-29T18:05:26.302+0200: 72.691: [GC (Allocation Failure) 2020-09-29T18:05:26.302+0200: 72.691: [ParNew: 604993K->51023K(613440K), 0.0291876 secs] 630502K->76531K(2029056K), 0.0292572 secs] [Times: user=0.13 sys=0.00, real=0.03 secs] 
2020-09-29T18:05:26.382+0200: 72.771: [GC (Allocation Failure) 2020-09-29T18:05:26.382+0200: 72.771: [ParNew: 596367K->41174K(613440K), 0.0200383 secs] 621875K->66682K(2029056K), 0.0201155 secs] [Times: user=0.11 sys=0.00, real=0.02 secs] 
2020-09-29T18:05:26.452+0200: 72.841: [GC (Allocation Failure) 2020-09-29T18:05:26.452+0200: 72.841: [ParNew: 586518K->44702K(613440K), 0.0260451 secs] 612026K->70210K(2029056K), 0.0261234 secs] [Times: user=0.25 sys=0.00, real=0.03 secs] 
2020-09-29T18:05:26.529+0200: 72.917: [GC (Allocation Failure) 2020-09-29T18:05:26.529+0200: 72.918: [ParNew: 590046K->37610K(613440K), 0.0242622 secs] 615554K->63119K(2029056K), 0.0243329 secs] [Times: user=0.25 sys=0.00, real=0.02 secs] 
2020-09-29T18:05:26.609+0200: 72.997: [GC (Allocation Failure) 2020-09-29T18:05:26.609+0200: 72.997: [ParNew: 582954K->48765K(613440K), 0.0252057 secs] 608463K->74273K(2029056K), 0.0252885 secs] [Times: user=0.22 sys=0.00, real=0.03 secs] 
2020-09-29T18:05:26.686+0200: 73.075: [GC (Allocation Failure) 2020-09-29T18:05:26.686+0200: 73.075: [ParNew: 594109K->37585K(613440K), 0.0224699 secs] 619617K->63093K(2029056K), 0.0225658 secs] [Times: user=0.25 sys=0.00, real=0.02 secs] 
2020-09-29T18:05:26.766+0200: 73.155: [GC (Allocation Failure) 2020-09-29T18:05:26.766+0200: 73.155: [ParNew: 582929K->33851K(613440K), 0.0212266 secs] 608437K->59359K(2029056K), 0.0213183 secs] [Times: user=0.22 sys=0.00, real=0.02 secs] 
2020-09-29T18:05:26.843+0200: 73.232: [GC (Allocation Failure) 2020-09-29T18:05:26.843+0200: 73.232: [ParNew: 579195K->54529K(613440K), 0.0288423 secs] 604703K->80037K(2029056K), 0.0289089 secs] [Times: user=0.25 sys=0.00, real=0.03 secs] 
2020-09-29T18:05:26.922+0200: 73.311: [GC (Allocation Failure) 2020-09-29T18:05:26.922+0200: 73.311: [ParNew: 599873K->57899K(613440K), 0.0280457 secs] 625381K->83408K(2029056K), 0.0281132 secs] [Times: user=0.25 sys=0.00, real=0.03 secs] 
2020-09-29T18:05:26.999+0200: 73.388: [GC (Allocation Failure) 2020-09-29T18:05:26.999+0200: 73.388: [ParNew: 603243K->46224K(613440K), 0.0269693 secs] 628752K->71732K(2029056K), 0.0270384 secs] [Times: user=0.25 sys=0.00, real=0.03 secs] 
2020-09-29T18:05:27.078+0200: 73.467: [GC (Allocation Failure) 2020-09-29T18:05:27.078+0200: 73.467: [ParNew: 591568K->41841K(613440K), 0.0265772 secs] 617076K->67350K(2029056K), 0.0266551 secs] [Times: user=0.25 sys=0.00, real=0.03 secs] 
2020-09-29T18:05:27.158+0200: 73.547: [GC (Allocation Failure) 2020-09-29T18:05:27.159+0200: 73.547: [ParNew: 587185K->66842K(613440K), 0.0327932 secs] 612694K->92350K(2029056K), 0.0328876 secs] [Times: user=0.23 sys=0.00, real=0.03 secs] 
2020-09-29T18:05:27.246+0200: 73.635: [GC (Allocation Failure) 2020-09-29T18:05:27.246+0200: 73.635: [ParNew: 612186K->44852K(613440K), 0.0151830 secs] 637694K->70360K(2029056K), 0.0152569 secs] [Times: user=0.13 sys=0.00, real=0.02 secs] 
2020-09-29T18:05:27.317+0200: 73.705: [GC (Allocation Failure) 2020-09-29T18:05:27.317+0200: 73.705: [ParNew: 590196K->49239K(613440K), 0.0287773 secs] 615704K->74747K(2029056K), 0.0362171 secs] [Times: user=0.13 sys=0.00, real=0.04 secs] 
2020-09-29T18:05:27.405+0200: 73.794: [GC (Allocation Failure) 2020-09-29T18:05:27.405+0200: 73.794: [ParNew: 594583K->67698K(613440K), 0.0297658 secs] 620091K->93206K(2029056K), 0.0298479 secs] [Times: user=0.25 sys=0.00, real=0.03 secs] 
2020-09-29T18:05:27.488+0200: 73.877: [GC (Allocation Failure) 2020-09-29T18:05:27.488+0200: 73.877: [ParNew: 613042K->42262K(613440K), 0.0214646 secs] 638550K->67770K(2029056K), 0.0215320 secs] [Times: user=0.25 sys=0.00, real=0.02 secs] 
2020-09-29T18:05:27.565+0200: 73.954: [GC (Allocation Failure) 2020-09-29T18:05:27.565+0200: 73.954: [ParNew: 587606K->29960K(613440K), 0.0187811 secs] 613114K->55468K(2029056K), 0.0188767 secs] [Times: user=0.22 sys=0.00, real=0.02 secs] 
2020-09-29T18:05:27.637+0200: 74.026: [GC (Allocation Failure) 2020-09-29T18:05:27.637+0200: 74.026: [ParNew: 575304K->40913K(613440K), 0.0246362 secs] 600812K->66421K(2029056K), 0.0247211 secs] [Times: user=0.23 sys=0.00, real=0.02 secs] 
2020-09-29T18:05:27.714+0200: 74.103: [GC (Allocation Failure) 2020-09-29T18:05:27.714+0200: 74.103: [ParNew: 586257K->37886K(613440K), 0.0207858 secs] 611765K->63394K(2029056K), 0.0208576 secs] [Times: user=0.13 sys=0.00, real=0.02 secs] 
2020-09-29T18:05:27.790+0200: 74.179: [GC (Allocation Failure) 2020-09-29T18:05:27.790+0200: 74.179: [ParNew: 583230K->34753K(613440K), 0.0211669 secs] 608738K->60261K(2029056K), 0.0212453 secs] [Times: user=0.13 sys=0.00, real=0.02 secs] 
2020-09-29T18:05:27.863+0200: 74.252: [GC (Allocation Failure) 2020-09-29T18:05:27.863+0200: 74.252: [ParNew: 580097K->30692K(613440K), 0.0212255 secs] 605605K->56200K(2029056K), 0.0212917 secs] [Times: user=0.14 sys=0.00, real=0.02 secs] 
2020-09-29T18:05:27.941+0200: 74.330: [GC (Allocation Failure) 2020-09-29T18:05:27.941+0200: 74.330: [ParNew: 576036K->53621K(613440K), 0.0263489 secs] 601544K->79129K(2029056K), 0.0264206 secs] [Times: user=0.16 sys=0.00, real=0.03 secs] 
2020-09-29T18:05:28.018+0200: 74.407: [GC (Allocation Failure) 2020-09-29T18:05:28.018+0200: 74.407: [ParNew: 598965K->40235K(613440K), 0.0187921 secs] 624473K->65744K(2029056K), 0.0188658 secs] [Times: user=0.25 sys=0.00, real=0.02 secs] 
2020-09-29T18:05:28.092+0200: 74.481: [GC (Allocation Failure) 2020-09-29T18:05:28.092+0200: 74.481: [ParNew: 585579K->24497K(613440K), 0.0168549 secs] 611088K->50005K(2029056K), 0.0169224 secs] [Times: user=0.13 sys=0.00, real=0.02 secs] 
2020-09-29T18:05:28.174+0200: 74.563: [GC (Allocation Failure) 2020-09-29T18:05:28.174+0200: 74.563: [ParNew: 569841K->36763K(613440K), 0.0247763 secs] 595349K->62271K(2029056K), 0.0248663 secs] [Times: user=0.25 sys=0.00, real=0.02 secs] 
2020-09-29T18:05:28.250+0200: 74.639: [GC (Allocation Failure) 2020-09-29T18:05:28.250+0200: 74.639: [ParNew: 582107K->36206K(613440K), 0.0216177 secs] 607615K->61715K(2029056K), 0.0216873 secs] [Times: user=0.25 sys=0.00, real=0.02 secs] 
2020-09-29T18:05:28.326+0200: 74.715: [GC (Allocation Failure) 2020-09-29T18:05:28.326+0200: 74.715: [ParNew: 581550K->32426K(613440K), 0.0215015 secs] 607059K->57934K(2029056K), 0.0215717 secs] [Times: user=0.13 sys=0.00, real=0.02 secs] 
2020-09-29T18:05:28.407+0200: 74.796: [GC (Allocation Failure) 2020-09-29T18:05:28.407+0200: 74.796: [ParNew: 577770K->30999K(613440K), 0.0210005 secs] 603278K->56507K(2029056K), 0.0210781 secs] [Times: user=0.25 sys=0.00, real=0.02 secs] 
2020-09-29T18:05:28.479+0200: 74.868: [GC (Allocation Failure) 2020-09-29T18:05:28.479+0200: 74.869: [ParNew: 576343K->51887K(613440K), 0.0259066 secs] 601851K->77395K(2029056K), 0.0259774 secs] [Times: user=0.25 sys=0.00, real=0.03 secs] 
2020-09-29T18:05:28.561+0200: 74.950: [GC (Allocation Failure) 2020-09-29T18:05:28.561+0200: 74.950: [ParNew: 597231K->45768K(613440K), 0.0267209 secs] 622739K->71276K(2029056K), 0.0267960 secs] [Times: user=0.23 sys=0.00, real=0.03 secs] 
2020-09-29T18:05:28.647+0200: 75.036: [GC (Allocation Failure) 2020-09-29T18:05:28.647+0200: 75.036: [ParNew: 591112K->40830K(613440K), 0.0260077 secs] 616620K->66338K(2029056K), 0.0260977 secs] [Times: user=0.13 sys=0.00, real=0.03 secs] 
2020-09-29T18:05:28.724+0200: 75.113: [GC (Allocation Failure) 2020-09-29T18:05:28.724+0200: 75.113: [ParNew: 586174K->66783K(613440K), 0.0307237 secs] 611682K->92291K(2029056K), 0.0307913 secs] [Times: user=0.25 sys=0.00, real=0.03 secs] 
2020-09-29T18:05:28.805+0200: 75.194: [GC (Allocation Failure) 2020-09-29T18:05:28.805+0200: 75.195: [ParNew: 612127K->48977K(613440K), 0.0211251 secs] 637635K->74485K(2029056K), 0.0212037 secs] [Times: user=0.13 sys=0.00, real=0.02 secs] 
2020-09-29T18:05:28.879+0200: 75.269: [GC (Allocation Failure) 2020-09-29T18:05:28.879+0200: 75.269: [ParNew: 594321K->43876K(613440K), 0.0210440 secs] 619829K->69384K(2029056K), 0.0211133 secs] [Times: user=0.14 sys=0.00, real=0.02 secs] 
2020-09-29T18:05:28.953+0200: 75.342: [GC (Allocation Failure) 2020-09-29T18:05:28.953+0200: 75.342: [ParNew: 589220K->28087K(613440K), 0.0205713 secs] 614728K->53595K(2029056K), 0.0206450 secs] [Times: user=0.25 sys=0.00, real=0.02 secs] 
2020-09-29T18:05:29.029+0200: 75.418: [GC (Allocation Failure) 2020-09-29T18:05:29.029+0200: 75.418: [ParNew: 573431K->54459K(613440K), 0.0253732 secs] 598939K->79968K(2029056K), 0.0254385 secs] [Times: user=0.25 sys=0.00, real=0.02 secs] 
2020-09-29T18:05:29.109+0200: 75.498: [GC (Allocation Failure) 2020-09-29T18:05:29.109+0200: 75.498: [ParNew: 599803K->35121K(613440K), 0.0156256 secs] 625312K->60629K(2029056K), 0.0156917 secs] [Times: user=0.13 sys=0.00, real=0.02 secs] 
2020-09-29T18:05:29.185+0200: 75.574: [GC (Allocation Failure) 2020-09-29T18:05:29.185+0200: 75.574: [ParNew: 580465K->55734K(613440K), 0.0331676 secs] 605973K->81243K(2029056K), 0.0332380 secs] [Times: user=0.22 sys=0.00, real=0.03 secs] 
2020-09-29T18:05:29.269+0200: 75.658: [GC (Allocation Failure) 2020-09-29T18:05:29.269+0200: 75.658: [ParNew: 601078K->43718K(613440K), 0.0217315 secs] 626587K->69226K(2029056K), 0.0218009 secs] [Times: user=0.25 sys=0.00, real=0.02 secs] 
2020-09-29T18:05:29.343+0200: 75.732: [GC (Allocation Failure) 2020-09-29T18:05:29.343+0200: 75.732: [ParNew: 589062K->58280K(613440K), 0.0283718 secs] 614570K->83789K(2029056K), 0.0284512 secs] [Times: user=0.25 sys=0.00, real=0.03 secs] 
2020-09-29T18:05:29.423+0200: 75.812: [GC (Allocation Failure) 2020-09-29T18:05:29.423+0200: 75.812: [ParNew: 603624K->38184K(613440K), 0.0197427 secs] 629133K->63692K(2029056K), 0.0198114 secs] [Times: user=0.23 sys=0.02, real=0.02 secs] 
2020-09-29T18:05:29.494+0200: 75.883: [GC (Allocation Failure) 2020-09-29T18:05:29.494+0200: 75.883: [ParNew: 583528K->56171K(613440K), 0.0260564 secs] 609036K->81679K(2029056K), 0.0261434 secs] [Times: user=0.25 sys=0.00, real=0.03 secs] 
2020-09-29T18:05:29.570+0200: 75.959: [GC (Allocation Failure) 2020-09-29T18:05:29.570+0200: 75.959: [ParNew: 601515K->68096K(613440K), 0.0320414 secs] 627023K->93604K(2029056K), 0.0321310 secs] [Times: user=0.25 sys=0.00, real=0.03 secs] 
2020-09-29T18:05:29.656+0200: 76.045: [GC (Allocation Failure) 2020-09-29T18:05:29.656+0200: 76.045: [ParNew: 613440K->55197K(613440K), 0.0239402 secs] 638948K->80705K(2029056K), 0.0240067 secs] [Times: user=0.25 sys=0.00, real=0.02 secs] 
2020-09-29T18:05:29.733+0200: 76.123: [GC (Allocation Failure) 2020-09-29T18:05:29.733+0200: 76.123: [ParNew: 600541K->45541K(613440K), 0.0222544 secs] 626049K->71049K(2029056K), 0.0223221 secs] [Times: user=0.25 sys=0.00, real=0.02 secs] 
2020-09-29T18:05:29.812+0200: 76.201: [GC (Allocation Failure) 2020-09-29T18:05:29.812+0200: 76.201: [ParNew: 590885K->60939K(613440K), 0.0278938 secs] 616393K->86447K(2029056K), 0.0279892 secs] [Times: user=0.25 sys=0.00, real=0.03 secs] 
2020-09-29T18:05:29.893+0200: 76.282: [GC (Allocation Failure) 2020-09-29T18:05:29.893+0200: 76.282: [ParNew: 606283K->60832K(613440K), 0.0276828 secs] 631791K->86340K(2029056K), 0.0277590 secs] [Times: user=0.25 sys=0.00, real=0.03 secs] 
2020-09-29T18:05:29.969+0200: 76.358: [GC (Allocation Failure) 2020-09-29T18:05:29.969+0200: 76.358: [ParNew: 606176K->41558K(613440K), 0.0176317 secs] 631684K->67066K(2029056K), 0.0177018 secs] [Times: user=0.13 sys=0.00, real=0.02 secs] 
2020-09-29T18:05:30.033+0200: 76.422: [GC (Allocation Failure) 2020-09-29T18:05:30.033+0200: 76.422: [ParNew: 586902K->54965K(613440K), 0.0326020 secs] 612410K->80473K(2029056K), 0.0406178 secs] [Times: user=0.23 sys=0.00, real=0.04 secs] 
2020-09-29T18:05:30.131+0200: 76.521: [GC (Allocation Failure) 2020-09-29T18:05:30.131+0200: 76.521: [ParNew: 600309K->68096K(613440K), 0.0327379 secs] 625817K->94200K(2029056K), 0.0328155 secs] [Times: user=0.25 sys=0.00, real=0.03 secs] 
2020-09-29T18:05:30.216+0200: 76.605: [GC (Allocation Failure) 2020-09-29T18:05:30.216+0200: 76.605: [ParNew: 613440K->53816K(613440K), 0.0309491 secs] 639544K->79921K(2029056K), 0.0310548 secs] [Times: user=0.25 sys=0.00, real=0.03 secs] 
2020-09-29T18:05:30.299+0200: 76.688: [GC (Allocation Failure) 2020-09-29T18:05:30.299+0200: 76.688: [ParNew: 599160K->50594K(613440K), 0.0298291 secs] 625265K->76699K(2029056K), 0.0298966 secs] [Times: user=0.25 sys=0.00, real=0.03 secs] 
2020-09-29T18:05:30.385+0200: 76.774: [GC (Allocation Failure) 2020-09-29T18:05:30.385+0200: 76.774: [ParNew: 595938K->43916K(613440K), 0.0131025 secs] 622043K->70021K(2029056K), 0.0131738 secs] [Times: user=0.13 sys=0.00, real=0.01 secs] 
2020-09-29T18:05:30.454+0200: 76.843: [GC (Allocation Failure) 2020-09-29T18:05:30.454+0200: 76.843: [ParNew: 589260K->34023K(613440K), 0.0190775 secs] 615365K->60128K(2029056K), 0.0191423 secs] [Times: user=0.24 sys=0.00, real=0.02 secs] 
2020-09-29T18:05:30.527+0200: 76.916: [GC (Allocation Failure) 2020-09-29T18:05:30.527+0200: 76.916: [ParNew: 579367K->41847K(613440K), 0.0267691 secs] 605472K->67952K(2029056K), 0.0268410 secs] [Times: user=0.25 sys=0.00, real=0.03 secs] 
2020-09-29T18:05:30.607+0200: 76.996: [GC (Allocation Failure) 2020-09-29T18:05:30.607+0200: 76.996: [ParNew: 587191K->42099K(613440K), 0.0259920 secs] 613296K->68204K(2029056K), 0.0260674 secs] [Times: user=0.25 sys=0.00, real=0.03 secs] 
2020-09-29T18:05:30.684+0200: 77.073: [GC (Allocation Failure) 2020-09-29T18:05:30.684+0200: 77.073: [ParNew: 587443K->44590K(613440K), 0.0246321 secs] 613548K->70694K(2029056K), 0.0247068 secs] [Times: user=0.25 sys=0.00, real=0.02 secs] 
2020-09-29T18:05:30.759+0200: 77.148: [GC (Allocation Failure) 2020-09-29T18:05:30.759+0200: 77.148: [ParNew: 589934K->39617K(613440K), 0.0244909 secs] 616038K->65721K(2029056K), 0.0245854 secs] [Times: user=0.13 sys=0.00, real=0.02 secs] 
2020-09-29T18:05:30.835+0200: 77.224: [GC (Allocation Failure) 2020-09-29T18:05:30.835+0200: 77.224: [ParNew: 584961K->41216K(613440K), 0.0249352 secs] 611065K->67321K(2029056K), 0.0250351 secs] [Times: user=0.13 sys=0.00, real=0.02 secs] 
2020-09-29T18:05:30.919+0200: 77.308: [GC (Allocation Failure) 2020-09-29T18:05:30.919+0200: 77.308: [ParNew: 586560K->61168K(613440K), 0.0337411 secs] 612665K->87272K(2029056K), 0.0338189 secs] [Times: user=0.25 sys=0.00, real=0.03 secs] 
2020-09-29T18:05:31.010+0200: 77.399: [GC (Allocation Failure) 2020-09-29T18:05:31.010+0200: 77.399: [ParNew: 606512K->44009K(613440K), 0.0309061 secs] 632616K->70114K(2029056K), 0.0309815 secs] [Times: user=0.25 sys=0.00, real=0.03 secs] 
2020-09-29T18:05:31.090+0200: 77.479: [GC (Allocation Failure) 2020-09-29T18:05:31.090+0200: 77.479: [ParNew: 589353K->43965K(613440K), 0.0297046 secs] 615458K->70070K(2029056K), 0.0297813 secs] [Times: user=0.25 sys=0.00, real=0.03 secs] 
2020-09-29T18:05:31.174+0200: 77.563: [GC (Allocation Failure) 2020-09-29T18:05:31.174+0200: 77.563: [ParNew: 589309K->68096K(613440K), 0.0377357 secs] 615414K->94753K(2029056K), 0.0378207 secs] [Times: user=0.38 sys=0.00, real=0.04 secs] 
2020-09-29T18:05:31.269+0200: 77.659: [GC (Allocation Failure) 2020-09-29T18:05:31.269+0200: 77.659: [ParNew: 613440K->52713K(613440K), 0.0281086 secs] 640097K->79370K(2029056K), 0.0281974 secs] [Times: user=0.22 sys=0.00, real=0.03 secs] 
2020-09-29T18:05:31.346+0200: 77.735: [GC (Allocation Failure) 2020-09-29T18:05:31.346+0200: 77.735: [ParNew: 598057K->42509K(613440K), 0.0256929 secs] 624714K->69166K(2029056K), 0.0257887 secs] [Times: user=0.23 sys=0.02, real=0.03 secs] 
2020-09-29T18:05:31.431+0200: 77.820: [GC (Allocation Failure) 2020-09-29T18:05:31.431+0200: 77.820: [ParNew: 587853K->37635K(613440K), 0.0254009 secs] 614510K->64292K(2029056K), 0.0254903 secs] [Times: user=0.13 sys=0.00, real=0.03 secs] 
2020-09-29T18:05:31.508+0200: 77.897: [GC (Allocation Failure) 2020-09-29T18:05:31.508+0200: 77.897: [ParNew: 582979K->34493K(613440K), 0.0229753 secs] 609636K->61151K(2029056K), 0.0230577 secs] [Times: user=0.13 sys=0.00, real=0.02 secs] 
2020-09-29T18:05:31.595+0200: 77.985: [GC (Allocation Failure) 2020-09-29T18:05:31.595+0200: 77.985: [ParNew: 579837K->56919K(613440K), 0.0306801 secs] 606495K->83577K(2029056K), 0.0307574 secs] [Times: user=0.23 sys=0.00, real=0.03 secs] 
2020-09-29T18:05:31.680+0200: 78.069: [GC (Allocation Failure) 2020-09-29T18:05:31.680+0200: 78.069: [ParNew: 602263K->53396K(613440K), 0.0291271 secs] 628921K->80054K(2029056K), 0.0292024 secs] [Times: user=0.25 sys=0.00, real=0.03 secs] 
2020-09-29T18:05:31.760+0200: 78.150: [GC (Allocation Failure) 2020-09-29T18:05:31.760+0200: 78.150: [ParNew: 598740K->42212K(613440K), 0.0298509 secs] 625398K->68869K(2029056K), 0.0299483 secs] [Times: user=0.25 sys=0.00, real=0.03 secs] 
2020-09-29T18:05:31.843+0200: 78.233: [GC (Allocation Failure) 2020-09-29T18:05:31.843+0200: 78.233: [ParNew: 587556K->38666K(613440K), 0.0286784 secs] 614213K->65324K(2029056K), 0.0287571 secs] [Times: user=0.25 sys=0.00, real=0.03 secs] 
2020-09-29T18:05:31.925+0200: 78.314: [GC (Allocation Failure) 2020-09-29T18:05:31.925+0200: 78.314: [ParNew: 584010K->67064K(613440K), 0.0359477 secs] 610668K->93722K(2029056K), 0.0360203 secs] [Times: user=0.38 sys=0.00, real=0.04 secs] 
2020-09-29T18:05:32.009+0200: 78.399: [GC (Allocation Failure) 2020-09-29T18:05:32.010+0200: 78.399: [ParNew: 612408K->47909K(613440K), 0.0274996 secs] 639066K->74567K(2029056K), 0.0275818 secs] [Times: user=0.25 sys=0.00, real=0.03 secs] 
2020-09-29T18:05:32.088+0200: 78.478: [GC (Allocation Failure) 2020-09-29T18:05:32.089+0200: 78.478: [ParNew: 593253K->38713K(613440K), 0.0250689 secs] 619911K->65370K(2029056K), 0.0252580 secs] [Times: user=0.13 sys=0.00, real=0.03 secs] 
2020-09-29T18:05:32.170+0200: 78.559: [GC (Allocation Failure) 2020-09-29T18:05:32.170+0200: 78.559: [ParNew: 584057K->37614K(613440K), 0.0215461 secs] 610714K->64272K(2029056K), 0.0216352 secs] [Times: user=0.14 sys=0.00, real=0.02 secs] 
2020-09-29T18:05:32.257+0200: 78.646: [GC (Allocation Failure) 2020-09-29T18:05:32.257+0200: 78.646: [ParNew: 582958K->55375K(613440K), 0.0304576 secs] 609616K->82032K(2029056K), 0.0305342 secs] [Times: user=0.25 sys=0.00, real=0.03 secs] 
2020-09-29T18:05:32.344+0200: 78.734: [GC (Allocation Failure) 2020-09-29T18:05:32.344+0200: 78.734: [ParNew: 600719K->66900K(613440K), 0.0377474 secs] 627376K->93558K(2029056K), 0.0378430 secs] [Times: user=0.38 sys=0.00, real=0.04 secs] 
2020-09-29T18:05:32.433+0200: 78.823: [GC (Allocation Failure) 2020-09-29T18:05:32.433+0200: 78.823: [ParNew: 612244K->51191K(613440K), 0.0364660 secs] 638902K->77848K(2029056K), 0.0365389 secs] [Times: user=0.25 sys=0.00, real=0.04 secs] 
2020-09-29T18:05:32.519+0200: 78.908: [GC (Allocation Failure) 2020-09-29T18:05:32.519+0200: 78.908: [ParNew: 596535K->50896K(613440K), 0.0280339 secs] 623192K->77553K(2029056K), 0.0281132 secs] [Times: user=0.25 sys=0.00, real=0.03 secs] 
2020-09-29T18:05:32.596+0200: 78.986: [GC (Allocation Failure) 2020-09-29T18:05:32.596+0200: 78.986: [ParNew: 596240K->68096K(613440K), 0.0340251 secs] 622897K->94753K(2029056K), 0.0341270 secs] [Times: user=0.38 sys=0.00, real=0.04 secs] 
2020-09-29T18:05:32.693+0200: 79.082: [GC (Allocation Failure) 2020-09-29T18:05:32.693+0200: 79.083: [ParNew: 613440K->62109K(613440K), 0.0332769 secs] 640097K->88766K(2029056K), 0.0334134 secs] [Times: user=0.25 sys=0.00, real=0.03 secs] 
2020-09-29T18:05:32.784+0200: 79.173: [GC (Allocation Failure) 2020-09-29T18:05:32.791+0200: 79.180: [ParNew: 607453K->50599K(613440K), 0.0247636 secs] 634110K->77256K(2029056K), 0.0315945 secs] [Times: user=0.11 sys=0.00, real=0.03 secs] 
2020-09-29T18:05:32.878+0200: 79.268: [GC (Allocation Failure) 2020-09-29T18:05:32.878+0200: 79.268: [ParNew: 595943K->45304K(613440K), 0.0319576 secs] 622600K->71961K(2029056K), 0.0320334 secs] [Times: user=0.13 sys=0.02, real=0.03 secs] 
2020-09-29T18:05:32.972+0200: 79.361: [GC (Allocation Failure) 2020-09-29T18:05:32.972+0200: 79.361: [ParNew: 590648K->65809K(613440K), 0.0375847 secs] 617305K->92467K(2029056K), 0.0376642 secs] [Times: user=0.38 sys=0.00, real=0.04 secs] 
2020-09-29T18:05:33.062+0200: 79.451: [GC (Allocation Failure) 2020-09-29T18:05:33.062+0200: 79.451: [ParNew: 611153K->45835K(613440K), 0.0189403 secs] 637811K->72492K(2029056K), 0.0190326 secs] [Times: user=0.13 sys=0.00, real=0.02 secs] 
2020-09-29T18:05:33.129+0200: 79.518: [GC (Allocation Failure) 2020-09-29T18:05:33.129+0200: 79.518: [ParNew: 591179K->22463K(613440K), 0.0145563 secs] 617836K->49120K(2029056K), 0.0146318 secs] [Times: user=0.00 sys=0.00, real=0.01 secs] 
2020-09-29T18:05:33.204+0200: 79.593: [GC (Allocation Failure) 2020-09-29T18:05:33.204+0200: 79.593: [ParNew: 567807K->45973K(613440K), 0.0333116 secs] 594464K->72631K(2029056K), 0.0333873 secs] [Times: user=0.24 sys=0.00, real=0.03 secs] 
2020-09-29T18:05:33.286+0200: 79.675: [GC (Allocation Failure) 2020-09-29T18:05:33.286+0200: 79.675: [ParNew: 591317K->63658K(613440K), 0.0386740 secs] 617975K->90316K(2029056K), 0.0387628 secs] [Times: user=0.25 sys=0.00, real=0.04 secs] 
2020-09-29T18:05:33.375+0200: 79.764: [GC (Allocation Failure) 2020-09-29T18:05:33.375+0200: 79.764: [ParNew: 609002K->46353K(613440K), 0.0216448 secs] 635660K->73010K(2029056K), 0.0217313 secs] [Times: user=0.25 sys=0.00, real=0.02 secs] 
2020-09-29T18:05:33.452+0200: 79.841: [GC (Allocation Failure) 2020-09-29T18:05:33.452+0200: 79.841: [ParNew: 591697K->63171K(613440K), 0.0345729 secs] 618354K->89828K(2029056K), 0.0346485 secs] [Times: user=0.25 sys=0.00, real=0.03 secs] 
2020-09-29T18:05:33.535+0200: 79.925: [GC (Allocation Failure) 2020-09-29T18:05:33.535+0200: 79.925: [ParNew: 608515K->41866K(613440K), 0.0171108 secs] 635172K->68524K(2029056K), 0.0171959 secs] [Times: user=0.13 sys=0.01, real=0.02 secs] 
2020-09-29T18:05:33.619+0200: 80.008: [GC (Allocation Failure) 2020-09-29T18:05:33.619+0200: 80.008: [ParNew: 587210K->52748K(613440K), 0.0340165 secs] 613868K->79405K(2029056K), 0.0341043 secs] [Times: user=0.23 sys=0.00, real=0.03 secs] 
2020-09-29T18:05:33.708+0200: 80.097: [GC (Allocation Failure) 2020-09-29T18:05:33.708+0200: 80.097: [ParNew: 598092K->38850K(613440K), 0.0249937 secs] 624749K->65507K(2029056K), 0.0250650 secs] [Times: user=0.13 sys=0.00, real=0.03 secs] 
2020-09-29T18:05:33.787+0200: 80.176: [GC (Allocation Failure) 2020-09-29T18:05:33.787+0200: 80.176: [ParNew: 584194K->35117K(613440K), 0.0236059 secs] 610851K->61774K(2029056K), 0.0236821 secs] [Times: user=0.13 sys=0.00, real=0.02 secs] 
2020-09-29T18:05:33.858+0200: 80.248: [GC (Allocation Failure) 2020-09-29T18:05:33.858+0200: 80.248: [ParNew: 580461K->54944K(613440K), 0.0304890 secs] 607118K->81602K(2029056K), 0.0305648 secs] [Times: user=0.25 sys=0.00, real=0.03 secs] 
2020-09-29T18:05:33.939+0200: 80.328: [GC (Allocation Failure) 2020-09-29T18:05:33.939+0200: 80.328: [ParNew: 600288K->42591K(613440K), 0.0298011 secs] 626946K->69248K(2029056K), 0.0298830 secs] [Times: user=0.25 sys=0.00, real=0.03 secs] 
2020-09-29T18:05:34.022+0200: 80.411: [GC (Allocation Failure) 2020-09-29T18:05:34.022+0200: 80.411: [ParNew: 587935K->44791K(613440K), 0.0277119 secs] 614592K->71449K(2029056K), 0.0277914 secs] [Times: user=0.13 sys=0.00, real=0.03 secs] 
2020-09-29T18:05:34.103+0200: 80.492: [GC (Allocation Failure) 2020-09-29T18:05:34.103+0200: 80.492: [ParNew: 590135K->36271K(613440K), 0.0173229 secs] 616793K->62929K(2029056K), 0.0174067 secs] [Times: user=0.13 sys=0.00, real=0.02 secs] 
2020-09-29T18:05:34.174+0200: 80.563: [GC (Allocation Failure) 2020-09-29T18:05:34.174+0200: 80.563: [ParNew: 581615K->33752K(613440K), 0.0272546 secs] 608273K->60409K(2029056K), 0.0273500 secs] [Times: user=0.25 sys=0.00, real=0.03 secs] 
2020-09-29T18:05:34.255+0200: 80.645: [GC (Allocation Failure) 2020-09-29T18:05:34.255+0200: 80.645: [ParNew: 579096K->29930K(613440K), 0.0148659 secs] 605753K->56588K(2029056K), 0.0149421 secs] [Times: user=0.13 sys=0.00, real=0.01 secs] 
2020-09-29T18:05:34.334+0200: 80.723: [GC (Allocation Failure) 2020-09-29T18:05:34.334+0200: 80.723: [ParNew: 575274K->46746K(613440K), 0.0315875 secs] 601932K->73403K(2029056K), 0.0316677 secs] [Times: user=0.25 sys=0.00, real=0.03 secs] 
2020-09-29T18:05:34.418+0200: 80.808: [GC (Allocation Failure) 2020-09-29T18:05:34.418+0200: 80.808: [ParNew: 592090K->30434K(613440K), 0.0130102 secs] 618747K->57092K(2029056K), 0.0130958 secs] [Times: user=0.13 sys=0.00, real=0.01 secs] 
2020-09-29T18:05:34.492+0200: 80.881: [GC (Allocation Failure) 2020-09-29T18:05:34.492+0200: 80.881: [ParNew: 575778K->45221K(613440K), 0.0279797 secs] 602436K->71878K(2029056K), 0.0280515 secs] [Times: user=0.25 sys=0.00, real=0.03 secs] 
2020-09-29T18:05:34.584+0200: 80.973: [GC (Allocation Failure) 2020-09-29T18:05:34.584+0200: 80.973: [ParNew: 590565K->67490K(613440K), 0.0403702 secs] 617222K->94148K(2029056K), 0.0404452 secs] [Times: user=0.22 sys=0.00, real=0.04 secs] 
2020-09-29T18:05:34.676+0200: 81.066: [GC (Allocation Failure) 2020-09-29T18:05:34.676+0200: 81.066: [ParNew: 612834K->53591K(613440K), 0.0275088 secs] 639492K->80248K(2029056K), 0.0275857 secs] [Times: user=0.13 sys=0.00, real=0.03 secs] 
2020-09-29T18:05:34.759+0200: 81.149: [GC (Allocation Failure) 2020-09-29T18:05:34.759+0200: 81.149: [ParNew: 598935K->41587K(613440K), 0.0268281 secs] 625592K->68244K(2029056K), 0.0269063 secs] [Times: user=0.25 sys=0.00, real=0.03 secs] 
2020-09-29T18:05:34.854+0200: 81.244: [GC (Allocation Failure) 2020-09-29T18:05:34.854+0200: 81.244: [ParNew: 586931K->63348K(613440K), 0.0348368 secs] 613588K->90005K(2029056K), 0.0349121 secs] [Times: user=0.25 sys=0.00, real=0.03 secs] 
2020-09-29T18:05:34.943+0200: 81.333: [GC (Allocation Failure) 2020-09-29T18:05:34.943+0200: 81.333: [ParNew: 608692K->49957K(613440K), 0.0257118 secs] 635349K->76615K(2029056K), 0.0257947 secs] [Times: user=0.13 sys=0.00, real=0.03 secs] 
2020-09-29T18:05:35.019+0200: 81.409: [GC (Allocation Failure) 2020-09-29T18:05:35.019+0200: 81.409: [ParNew: 595301K->44578K(613440K), 0.0245049 secs] 621959K->71236K(2029056K), 0.0245799 secs] [Times: user=0.25 sys=0.00, real=0.02 secs] 
2020-09-29T18:05:35.094+0200: 81.483: [GC (Allocation Failure) 2020-09-29T18:05:35.094+0200: 81.483: [ParNew: 589922K->49415K(613440K), 0.0304934 secs] 616580K->76072K(2029056K), 0.0305696 secs] [Times: user=0.25 sys=0.00, real=0.03 secs] 
2020-09-29T18:05:35.178+0200: 81.567: [GC (Allocation Failure) 2020-09-29T18:05:35.178+0200: 81.567: [ParNew: 594759K->39357K(613440K), 0.0205298 secs] 621416K->66014K(2029056K), 0.0206250 secs] [Times: user=0.13 sys=0.00, real=0.02 secs] 
2020-09-29T18:05:35.253+0200: 81.642: [GC (Allocation Failure) 2020-09-29T18:05:35.253+0200: 81.642: [ParNew: 584701K->34831K(613440K), 0.0259911 secs] 611358K->61489K(2029056K), 0.0260821 secs] [Times: user=0.25 sys=0.00, real=0.03 secs] 
2020-09-29T18:05:35.335+0200: 81.725: [GC (Allocation Failure) 2020-09-29T18:05:35.335+0200: 81.725: [ParNew: 580175K->51075K(613440K), 0.0323675 secs] 606833K->77733K(2029056K), 0.0324424 secs] [Times: user=0.25 sys=0.00, real=0.03 secs] 
2020-09-29T18:05:35.420+0200: 81.810: [GC (Allocation Failure) 2020-09-29T18:05:35.420+0200: 81.810: [ParNew: 596419K->45728K(613440K), 0.0302791 secs] 623077K->72385K(2029056K), 0.0303527 secs] [Times: user=0.25 sys=0.00, real=0.03 secs] 
2020-09-29T18:05:35.500+0200: 81.890: [GC (Allocation Failure) 2020-09-29T18:05:35.500+0200: 81.890: [ParNew: 591072K->38663K(613440K), 0.0190815 secs] 617729K->65320K(2029056K), 0.0191625 secs] [Times: user=0.16 sys=0.00, real=0.02 secs] 
2020-09-29T18:05:35.591+0200: 81.981: [GC (Allocation Failure) 2020-09-29T18:05:35.591+0200: 81.981: [ParNew: 584007K->50209K(613440K), 0.0316858 secs] 610664K->76866K(2029056K), 0.0317725 secs] [Times: user=0.22 sys=0.00, real=0.03 secs] 
2020-09-29T18:05:35.681+0200: 82.070: [GC (Allocation Failure) 2020-09-29T18:05:35.681+0200: 82.070: [ParNew: 595553K->54678K(613440K), 0.0282586 secs] 622210K->81336K(2029056K), 0.0283518 secs] [Times: user=0.25 sys=0.00, real=0.03 secs] 
2020-09-29T18:05:35.761+0200: 82.150: [GC (Allocation Failure) 2020-09-29T18:05:35.761+0200: 82.150: [ParNew: 600022K->41129K(613440K), 0.0266689 secs] 626680K->67787K(2029056K), 0.0267621 secs] [Times: user=0.25 sys=0.00, real=0.03 secs] 
2020-09-29T18:05:35.840+0200: 82.230: [GC (Allocation Failure) 2020-09-29T18:05:35.840+0200: 82.230: [ParNew: 586473K->55621K(613440K), 0.0207967 secs] 613131K->82278K(2029056K), 0.0208571 secs] [Times: user=0.13 sys=0.00, real=0.02 secs] 
2020-09-29T18:05:35.908+0200: 82.297: [GC (Allocation Failure) 2020-09-29T18:05:35.908+0200: 82.298: [ParNew: 600965K->68096K(613440K), 0.0254598 secs] 627622K->95690K(2029056K), 0.0255162 secs] [Times: user=0.25 sys=0.00, real=0.03 secs] 
2020-09-29T18:05:35.981+0200: 82.370: [GC (Allocation Failure) 2020-09-29T18:05:35.981+0200: 82.370: [ParNew: 613440K->52516K(613440K), 0.0191954 secs] 641034K->80111K(2029056K), 0.0192547 secs] [Times: user=0.13 sys=0.00, real=0.02 secs] 
2020-09-29T18:05:36.049+0200: 82.438: [GC (Allocation Failure) 2020-09-29T18:05:36.049+0200: 82.438: [ParNew: 597860K->45057K(613440K), 0.0193560 secs] 625455K->72652K(2029056K), 0.0194197 secs] [Times: user=0.25 sys=0.00, real=0.02 secs] 
2020-09-29T18:05:36.117+0200: 82.506: [GC (Allocation Failure) 2020-09-29T18:05:36.117+0200: 82.506: [ParNew: 590401K->41888K(613440K), 0.0180577 secs] 617996K->69483K(2029056K), 0.0181273 secs] [Times: user=0.13 sys=0.00, real=0.02 secs] 
2020-09-29T18:05:36.183+0200: 82.573: [GC (Allocation Failure) 2020-09-29T18:05:36.183+0200: 82.573: [ParNew: 587232K->65121K(613440K), 0.0232033 secs] 614827K->92716K(2029056K), 0.0232950 secs] [Times: user=0.13 sys=0.00, real=0.02 secs] 
2020-09-29T18:05:36.256+0200: 82.645: [GC (Allocation Failure) 2020-09-29T18:05:36.256+0200: 82.645: [ParNew: 610465K->45946K(613440K), 0.0159675 secs] 638060K->73540K(2029056K), 0.0160353 secs] [Times: user=0.13 sys=0.00, real=0.02 secs] 
2020-09-29T18:05:36.320+0200: 82.710: [GC (Allocation Failure) 2020-09-29T18:05:36.320+0200: 82.710: [ParNew: 591290K->60632K(613440K), 0.0208030 secs] 618884K->88227K(2029056K), 0.0208892 secs] [Times: user=0.13 sys=0.00, real=0.02 secs] 
2020-09-29T18:05:36.388+0200: 82.778: [GC (Allocation Failure) 2020-09-29T18:05:36.388+0200: 82.778: [ParNew: 605976K->68096K(613440K), 0.0272232 secs] 633571K->96583K(2029056K), 0.0272966 secs] [Times: user=0.23 sys=0.00, real=0.03 secs] 
2020-09-29T18:05:36.464+0200: 82.853: [GC (Allocation Failure) 2020-09-29T18:05:36.464+0200: 82.853: [ParNew: 613440K->59249K(613440K), 0.0203295 secs] 641927K->87736K(2029056K), 0.0204003 secs] [Times: user=0.13 sys=0.00, real=0.02 secs] 
2020-09-29T18:05:36.532+0200: 82.922: [GC (Allocation Failure) 2020-09-29T18:05:36.532+0200: 82.922: [ParNew: 604593K->41891K(613440K), 0.0134376 secs] 633080K->70378K(2029056K), 0.0134932 secs] [Times: user=0.13 sys=0.00, real=0.01 secs] 
2020-09-29T18:05:36.598+0200: 82.987: [GC (Allocation Failure) 2020-09-29T18:05:36.598+0200: 82.987: [ParNew: 587235K->40380K(613440K), 0.0184620 secs] 615722K->68867K(2029056K), 0.0185344 secs] [Times: user=0.13 sys=0.00, real=0.02 secs] 
2020-09-29T18:05:36.668+0200: 83.058: [GC (Allocation Failure) 2020-09-29T18:05:36.668+0200: 83.058: [ParNew: 585724K->37656K(613440K), 0.0168717 secs] 614211K->66143K(2029056K), 0.0169453 secs] [Times: user=0.13 sys=0.00, real=0.02 secs] 
2020-09-29T18:05:36.748+0200: 83.137: [GC (Allocation Failure) 2020-09-29T18:05:36.748+0200: 83.137: [ParNew: 583000K->36232K(613440K), 0.0326080 secs] 611487K->64720K(2029056K), 0.0326957 secs] [Times: user=0.25 sys=0.00, real=0.03 secs] 
2020-09-29T18:05:36.835+0200: 83.224: [GC (Allocation Failure) 2020-09-29T18:05:36.835+0200: 83.224: [ParNew: 581576K->60759K(613440K), 0.0210353 secs] 610064K->89246K(2029056K), 0.0210964 secs] [Times: user=0.13 sys=0.00, real=0.02 secs] 
2020-09-29T18:05:36.905+0200: 83.294: [GC (Allocation Failure) 2020-09-29T18:05:36.905+0200: 83.294: [ParNew: 606103K->46318K(613440K), 0.0158381 secs] 634590K->74805K(2029056K), 0.0158944 secs] [Times: user=0.13 sys=0.00, real=0.02 secs] 
2020-09-29T18:05:36.971+0200: 83.360: [GC (Allocation Failure) 2020-09-29T18:05:36.971+0200: 83.360: [ParNew: 591662K->41500K(613440K), 0.0155941 secs] 620149K->69988K(2029056K), 0.0156510 secs] [Times: user=0.11 sys=0.00, real=0.02 secs] 
2020-09-29T18:05:37.036+0200: 83.426: [GC (Allocation Failure) 2020-09-29T18:05:37.036+0200: 83.426: [ParNew: 586844K->41309K(613440K), 0.0207083 secs] 615332K->69796K(2029056K), 0.0207763 secs] [Times: user=0.13 sys=0.00, real=0.02 secs] 
2020-09-29T18:05:37.105+0200: 83.494: [GC (Allocation Failure) 2020-09-29T18:05:37.105+0200: 83.494: [ParNew: 586653K->35053K(613440K), 0.0134188 secs] 615140K->63540K(2029056K), 0.0134808 secs] [Times: user=0.13 sys=0.00, real=0.01 secs] 
2020-09-29T18:05:37.169+0200: 83.558: [GC (Allocation Failure) 2020-09-29T18:05:37.169+0200: 83.558: [ParNew: 580397K->29834K(613440K), 0.0120603 secs] 608884K->58321K(2029056K), 0.0121382 secs] [Times: user=0.13 sys=0.00, real=0.01 secs] 
2020-09-29T18:05:37.234+0200: 83.623: [GC (Allocation Failure) 2020-09-29T18:05:37.234+0200: 83.624: [ParNew: 575178K->34485K(613440K), 0.0158775 secs] 603665K->62972K(2029056K), 0.0159802 secs] [Times: user=0.13 sys=0.00, real=0.02 secs] 
2020-09-29T18:05:37.298+0200: 83.687: [GC (Allocation Failure) 2020-09-29T18:05:37.298+0200: 83.687: [ParNew: 579829K->42689K(613440K), 0.0146026 secs] 608316K->71177K(2029056K), 0.0146619 secs] [Times: user=0.13 sys=0.00, real=0.01 secs] 
2020-09-29T18:05:37.363+0200: 83.752: [GC (Allocation Failure) 2020-09-29T18:05:37.363+0200: 83.752: [ParNew: 588033K->32022K(613440K), 0.0134943 secs] 616521K->60509K(2029056K), 0.0135517 secs] [Times: user=0.13 sys=0.00, real=0.01 secs] 
2020-09-29T18:05:37.425+0200: 83.814: [GC (Allocation Failure) 2020-09-29T18:05:37.425+0200: 83.814: [ParNew: 577366K->23727K(613440K), 0.0121928 secs] 605853K->52214K(2029056K), 0.0122534 secs] [Times: user=0.13 sys=0.00, real=0.01 secs] 
2020-09-29T18:05:37.489+0200: 83.878: [GC (Allocation Failure) 2020-09-29T18:05:37.489+0200: 83.878: [ParNew: 569071K->25856K(613440K), 0.0108296 secs] 597558K->54344K(2029056K), 0.0108874 secs] [Times: user=0.00 sys=0.00, real=0.01 secs] 
2020-09-29T18:05:37.549+0200: 83.938: [GC (Allocation Failure) 2020-09-29T18:05:37.549+0200: 83.938: [ParNew: 571200K->57273K(613440K), 0.0215761 secs] 599688K->85760K(2029056K), 0.0216625 secs] [Times: user=0.25 sys=0.00, real=0.02 secs] 
2020-09-29T18:05:37.619+0200: 84.009: [GC (Allocation Failure) 2020-09-29T18:05:37.619+0200: 84.009: [ParNew: 602617K->47415K(613440K), 0.0194996 secs] 631104K->75902K(2029056K), 0.0195734 secs] [Times: user=0.13 sys=0.00, real=0.02 secs] 
2020-09-29T18:05:37.687+0200: 84.076: [GC (Allocation Failure) 2020-09-29T18:05:37.687+0200: 84.076: [ParNew: 592759K->49737K(613440K), 0.0194815 secs] 621246K->78224K(2029056K), 0.0195366 secs] [Times: user=0.13 sys=0.00, real=0.02 secs] 
2020-09-29T18:05:37.760+0200: 84.149: [GC (Allocation Failure) 2020-09-29T18:05:37.760+0200: 84.149: [ParNew: 595081K->46426K(613440K), 0.0184178 secs] 623568K->74913K(2029056K), 0.0184749 secs] [Times: user=0.13 sys=0.00, real=0.02 secs] 
2020-09-29T18:05:37.829+0200: 84.218: [GC (Allocation Failure) 2020-09-29T18:05:37.829+0200: 84.218: [ParNew: 591770K->68096K(613440K), 0.0257287 secs] 620257K->96583K(2029056K), 0.0258114 secs] [Times: user=0.23 sys=0.00, real=0.03 secs] 
2020-09-29T18:05:37.905+0200: 84.294: [GC (Allocation Failure) 2020-09-29T18:05:37.905+0200: 84.294: [ParNew: 613440K->51188K(613440K), 0.0241150 secs] 641927K->79675K(2029056K), 0.0241979 secs] [Times: user=0.25 sys=0.00, real=0.02 secs] 
2020-09-29T18:05:37.981+0200: 84.370: [GC (Allocation Failure) 2020-09-29T18:05:37.981+0200: 84.370: [ParNew: 596532K->47246K(613440K), 0.0114882 secs] 625019K->75733K(2029056K), 0.0115489 secs] [Times: user=0.11 sys=0.00, real=0.01 secs] 
2020-09-29T18:05:38.049+0200: 84.438: [GC (Allocation Failure) 2020-09-29T18:05:38.049+0200: 84.438: [ParNew: 592590K->34227K(613440K), 0.0142565 secs] 621077K->62714K(2029056K), 0.0143160 secs] [Times: user=0.13 sys=0.00, real=0.01 secs] 
2020-09-29T18:05:38.121+0200: 84.511: [GC (Allocation Failure) 2020-09-29T18:05:38.121+0200: 84.511: [ParNew: 579571K->45384K(613440K), 0.0197821 secs] 608058K->73871K(2029056K), 0.0198396 secs] [Times: user=0.13 sys=0.00, real=0.02 secs] 
2020-09-29T18:05:38.193+0200: 84.583: [GC (Allocation Failure) 2020-09-29T18:05:38.194+0200: 84.583: [ParNew: 590728K->58931K(613440K), 0.0238689 secs] 619215K->87418K(2029056K), 0.0239470 secs] [Times: user=0.11 sys=0.00, real=0.02 secs] 
2020-09-29T18:05:38.268+0200: 84.658: [GC (Allocation Failure) 2020-09-29T18:05:38.268+0200: 84.658: [ParNew: 604275K->61941K(613440K), 0.0240693 secs] 632762K->90429K(2029056K), 0.0241447 secs] [Times: user=0.25 sys=0.00, real=0.02 secs] 
2020-09-29T18:05:38.342+0200: 84.731: [GC (Allocation Failure) 2020-09-29T18:05:38.342+0200: 84.731: [ParNew: 607285K->51779K(613440K), 0.0196299 secs] 635773K->80266K(2029056K), 0.0197043 secs] [Times: user=0.11 sys=0.00, real=0.02 secs] 
2020-09-29T18:05:38.410+0200: 84.799: [GC (Allocation Failure) 2020-09-29T18:05:38.410+0200: 84.799: [ParNew: 597123K->44882K(613440K), 0.0173501 secs] 625610K->73370K(2029056K), 0.0174101 secs] [Times: user=0.25 sys=0.00, real=0.02 secs] 
2020-09-29T18:05:38.474+0200: 84.864: [GC (Allocation Failure) 2020-09-29T18:05:38.474+0200: 84.864: [ParNew: 590226K->58324K(613440K), 0.0203750 secs] 618714K->86811K(2029056K), 0.0204319 secs] [Times: user=0.13 sys=0.00, real=0.02 secs] 
2020-09-29T18:05:38.545+0200: 84.934: [GC (Allocation Failure) 2020-09-29T18:05:38.545+0200: 84.934: [ParNew: 603668K->68096K(613440K), 0.0218620 secs] 632155K->96583K(2029056K), 0.0219592 secs] [Times: user=0.24 sys=0.00, real=0.02 secs] 
2020-09-29T18:05:38.618+0200: 85.008: [GC (Allocation Failure) 2020-09-29T18:05:38.618+0200: 85.008: [ParNew: 613440K->29899K(613440K), 0.0137235 secs] 641927K->58386K(2029056K), 0.0137948 secs] [Times: user=0.13 sys=0.00, real=0.01 secs] 
2020-09-29T18:05:38.683+0200: 85.072: [GC (Allocation Failure) 2020-09-29T18:05:38.683+0200: 85.072: [ParNew: 575243K->32070K(613440K), 0.0117135 secs] 603730K->60557K(2029056K), 0.0117732 secs] [Times: user=0.11 sys=0.00, real=0.01 secs] 
2020-09-29T18:05:38.743+0200: 85.132: [GC (Allocation Failure) 2020-09-29T18:05:38.743+0200: 85.132: [ParNew: 577414K->21834K(613440K), 0.0067924 secs] 605901K->50322K(2029056K), 0.0068689 secs] [Times: user=0.00 sys=0.00, real=0.01 secs] 
2020-09-29T18:05:38.815+0200: 85.204: [GC (Allocation Failure) 2020-09-29T18:05:38.815+0200: 85.204: [ParNew: 567178K->48984K(613440K), 0.0228392 secs] 595666K->77471K(2029056K), 0.0228968 secs] [Times: user=0.25 sys=0.00, real=0.02 secs] 
2020-09-29T18:05:38.885+0200: 85.274: [GC (Allocation Failure) 2020-09-29T18:05:38.885+0200: 85.274: [ParNew: 594328K->37190K(613440K), 0.0162501 secs] 622815K->65677K(2029056K), 0.0163389 secs] [Times: user=0.13 sys=0.00, real=0.02 secs] 
2020-09-29T18:05:38.952+0200: 85.342: [GC (Allocation Failure) 2020-09-29T18:05:38.952+0200: 85.342: [ParNew: 582534K->37368K(613440K), 0.0162857 secs] 611021K->65856K(2029056K), 0.0163687 secs] [Times: user=0.11 sys=0.00, real=0.02 secs] 
2020-09-29T18:05:39.016+0200: 85.405: [GC (Allocation Failure) 2020-09-29T18:05:39.016+0200: 85.405: [ParNew: 582712K->36427K(613440K), 0.0138509 secs] 611200K->64914K(2029056K), 0.0139056 secs] [Times: user=0.13 sys=0.00, real=0.01 secs] 
2020-09-29T18:05:39.081+0200: 85.470: [GC (Allocation Failure) 2020-09-29T18:05:39.081+0200: 85.470: [ParNew: 581771K->54658K(613440K), 0.0186881 secs] 610258K->83145K(2029056K), 0.0187579 secs] [Times: user=0.22 sys=0.02, real=0.02 secs] 
2020-09-29T18:05:39.152+0200: 85.541: [GC (Allocation Failure) 2020-09-29T18:05:39.152+0200: 85.541: [ParNew: 600002K->40526K(613440K), 0.0190831 secs] 628489K->69013K(2029056K), 0.0191763 secs] [Times: user=0.13 sys=0.00, real=0.02 secs] 
2020-09-29T18:05:39.224+0200: 85.613: [GC (Allocation Failure) 2020-09-29T18:05:39.224+0200: 85.613: [ParNew: 585870K->35348K(613440K), 0.0128632 secs] 614357K->63835K(2029056K), 0.0129191 secs] [Times: user=0.00 sys=0.00, real=0.01 secs] 
2020-09-29T18:05:39.288+0200: 85.678: [GC (Allocation Failure) 2020-09-29T18:05:39.288+0200: 85.678: [ParNew: 580692K->33821K(613440K), 0.0168482 secs] 609179K->62309K(2029056K), 0.0169258 secs] [Times: user=0.13 sys=0.00, real=0.02 secs] 
2020-09-29T18:05:39.357+0200: 85.746: [GC (Allocation Failure) 2020-09-29T18:05:39.357+0200: 85.746: [ParNew: 579165K->30692K(613440K), 0.0158912 secs] 607653K->59179K(2029056K), 0.0159561 secs] [Times: user=0.13 sys=0.00, real=0.02 secs] 
2020-09-29T18:05:39.420+0200: 85.810: [GC (Allocation Failure) 2020-09-29T18:05:39.420+0200: 85.810: [ParNew: 576036K->32585K(613440K), 0.0142512 secs] 604523K->61072K(2029056K), 0.0143289 secs] [Times: user=0.13 sys=0.00, real=0.01 secs] 
2020-09-29T18:05:39.485+0200: 85.874: [GC (Allocation Failure) 2020-09-29T18:05:39.485+0200: 85.874: [ParNew: 577929K->56717K(613440K), 0.0199557 secs] 606416K->85204K(2029056K), 0.0200200 secs] [Times: user=0.25 sys=0.00, real=0.02 secs] 
2020-09-29T18:05:39.552+0200: 85.941: [GC (Allocation Failure) 2020-09-29T18:05:39.552+0200: 85.941: [ParNew: 602061K->46739K(613440K), 0.0198183 secs] 630548K->75226K(2029056K), 0.0198892 secs] [Times: user=0.13 sys=0.00, real=0.02 secs] 
2020-09-29T18:05:39.620+0200: 86.009: [GC (Allocation Failure) 2020-09-29T18:05:39.620+0200: 86.009: [ParNew: 592083K->58400K(613440K), 0.0198104 secs] 620570K->86887K(2029056K), 0.0199078 secs] [Times: user=0.11 sys=0.00, real=0.02 secs] 
2020-09-29T18:05:39.686+0200: 86.075: [GC (Allocation Failure) 2020-09-29T18:05:39.686+0200: 86.075: [ParNew: 603744K->27892K(613440K), 0.0118144 secs] 632231K->56379K(2029056K), 0.0119188 secs] [Times: user=0.13 sys=0.00, real=0.01 secs] 
2020-09-29T18:05:39.749+0200: 86.139: [GC (Allocation Failure) 2020-09-29T18:05:39.749+0200: 86.139: [ParNew: 573236K->22418K(613440K), 0.0131865 secs] 601723K->50905K(2029056K), 0.0132616 secs] [Times: user=0.11 sys=0.00, real=0.01 secs] 
2020-09-29T18:05:39.812+0200: 86.201: [GC (Allocation Failure) 2020-09-29T18:05:39.812+0200: 86.201: [ParNew: 567762K->39325K(613440K), 0.0167165 secs] 596249K->67812K(2029056K), 0.0167792 secs] [Times: user=0.11 sys=0.00, real=0.02 secs] 
2020-09-29T18:05:39.880+0200: 86.269: [GC (Allocation Failure) 2020-09-29T18:05:39.880+0200: 86.269: [ParNew: 584669K->46646K(613440K), 0.0164950 secs] 613156K->75133K(2029056K), 0.0165496 secs] [Times: user=0.13 sys=0.00, real=0.02 secs] 
2020-09-29T18:05:39.948+0200: 86.337: [GC (Allocation Failure) 2020-09-29T18:05:39.948+0200: 86.337: [ParNew: 591990K->34809K(613440K), 0.0157452 secs] 620477K->63296K(2029056K), 0.0158088 secs] [Times: user=0.13 sys=0.00, real=0.02 secs] 
2020-09-29T18:05:40.014+0200: 86.403: [GC (Allocation Failure) 2020-09-29T18:05:40.014+0200: 86.403: [ParNew: 580153K->22137K(613440K), 0.0093083 secs] 608640K->50624K(2029056K), 0.0093622 secs] [Times: user=0.13 sys=0.00, real=0.01 secs] 
2020-09-29T18:05:40.072+0200: 86.461: [GC (Allocation Failure) 2020-09-29T18:05:40.072+0200: 86.461: [ParNew: 567481K->38198K(613440K), 0.0190517 secs] 595968K->66686K(2029056K), 0.0191058 secs] [Times: user=0.13 sys=0.00, real=0.02 secs] 
2020-09-29T18:05:40.137+0200: 86.526: [GC (Allocation Failure) 2020-09-29T18:05:40.137+0200: 86.526: [ParNew: 583542K->29513K(613440K), 0.0131398 secs] 612030K->58000K(2029056K), 0.0131968 secs] [Times: user=0.13 sys=0.00, real=0.01 secs] 
2020-09-29T18:05:40.205+0200: 86.594: [GC (Allocation Failure) 2020-09-29T18:05:40.205+0200: 86.594: [ParNew: 574857K->23146K(613440K), 0.0130803 secs] 603344K->51633K(2029056K), 0.0131398 secs] [Times: user=0.11 sys=0.00, real=0.01 secs] 
2020-09-29T18:05:40.264+0200: 86.653: [GC (Allocation Failure) 2020-09-29T18:05:40.264+0200: 86.653: [ParNew: 568490K->33643K(613440K), 0.0165043 secs] 596977K->62131K(2029056K), 0.0165816 secs] [Times: user=0.13 sys=0.00, real=0.02 secs] 
2020-09-29T18:05:40.326+0200: 86.715: [GC (Allocation Failure) 2020-09-29T18:05:40.326+0200: 86.715: [ParNew: 578987K->43720K(613440K), 0.0151896 secs] 607475K->72207K(2029056K), 0.0152516 secs] [Times: user=0.13 sys=0.00, real=0.02 secs] 
2020-09-29T18:05:40.385+0200: 86.774: [GC (Allocation Failure) 2020-09-29T18:05:40.385+0200: 86.774: [ParNew: 589064K->14785K(613440K), 0.0092726 secs] 617551K->43272K(2029056K), 0.0093285 secs] [Times: user=0.02 sys=0.00, real=0.01 secs] 
2020-09-29T18:05:40.447+0200: 86.836: [GC (Allocation Failure) 2020-09-29T18:05:40.447+0200: 86.836: [ParNew: 560129K->24111K(613440K), 0.0127808 secs] 588616K->52598K(2029056K), 0.0128344 secs] [Times: user=0.13 sys=0.00, real=0.01 secs] 
2020-09-29T18:05:40.516+0200: 86.905: [GC (Allocation Failure) 2020-09-29T18:05:40.516+0200: 86.905: [ParNew: 569455K->30993K(613440K), 0.0118441 secs] 597942K->59480K(2029056K), 0.0119174 secs] [Times: user=0.13 sys=0.00, real=0.01 secs] 
2020-09-29T18:05:40.584+0200: 86.973: [GC (Allocation Failure) 2020-09-29T18:05:40.585+0200: 86.973: [ParNew: 576337K->21703K(613440K), 0.0123674 secs] 604824K->50190K(2029056K), 0.0124349 secs] [Times: user=0.00 sys=0.00, real=0.01 secs] 
2020-09-29T18:05:40.645+0200: 87.034: [GC (Allocation Failure) 2020-09-29T18:05:40.645+0200: 87.034: [ParNew: 567047K->17850K(613440K), 0.0107055 secs] 595534K->46337K(2029056K), 0.0107605 secs] [Times: user=0.00 sys=0.00, real=0.01 secs] 
2020-09-29T18:05:40.708+0200: 87.097: [GC (Allocation Failure) 2020-09-29T18:05:40.708+0200: 87.097: [ParNew: 563194K->2893K(613440K), 0.0016560 secs] 591681K->31380K(2029056K), 0.0017064 secs] [Times: user=0.00 sys=0.00, real=0.00 secs] 
2020-09-29T18:05:40.759+0200: 87.147: [GC (Allocation Failure) 2020-09-29T18:05:40.759+0200: 87.147: [ParNew: 548237K->12586K(613440K), 0.0089201 secs] 576724K->41073K(2029056K), 0.0089935 secs] [Times: user=0.00 sys=0.00, real=0.01 secs] 
2020-09-29T18:05:40.813+0200: 87.202: [GC (Allocation Failure) 2020-09-29T18:05:40.813+0200: 87.202: [ParNew: 557930K->23948K(613440K), 0.0137989 secs] 586417K->52435K(2029056K), 0.0138567 secs] [Times: user=0.13 sys=0.00, real=0.01 secs] 
2020-09-29T18:05:40.876+0200: 87.265: [GC (Allocation Failure) 2020-09-29T18:05:40.877+0200: 87.265: [ParNew: 569292K->34761K(613440K), 0.0129464 secs] 597779K->63248K(2029056K), 0.0130090 secs] [Times: user=0.13 sys=0.00, real=0.01 secs] 
2020-09-29T18:05:40.945+0200: 87.334: [GC (Allocation Failure) 2020-09-29T18:05:40.945+0200: 87.334: [ParNew: 580105K->36708K(613440K), 0.0180471 secs] 608592K->65195K(2029056K), 0.0181251 secs] [Times: user=0.13 sys=0.00, real=0.02 secs] 
2020-09-29T18:05:41.009+0200: 87.398: [GC (Allocation Failure) 2020-09-29T18:05:41.009+0200: 87.398: [ParNew: 582052K->50342K(613440K), 0.0170773 secs] 610539K->78829K(2029056K), 0.0171602 secs] [Times: user=0.13 sys=0.00, real=0.02 secs] 
2020-09-29T18:05:41.073+0200: 87.462: [GC (Allocation Failure) 2020-09-29T18:05:41.073+0200: 87.462: [ParNew: 595686K->34213K(613440K), 0.0170756 secs] 624173K->62700K(2029056K), 0.0171945 secs] [Times: user=0.13 sys=0.00, real=0.02 secs] 
2020-09-29T18:05:41.135+0200: 87.524: [GC (Allocation Failure) 2020-09-29T18:05:41.135+0200: 87.524: [ParNew: 579557K->30611K(613440K), 0.0100589 secs] 608044K->59098K(2029056K), 0.0101370 secs] [Times: user=0.13 sys=0.00, real=0.01 secs] 
2020-09-29T18:05:41.198+0200: 87.587: [GC (Allocation Failure) 2020-09-29T18:05:41.198+0200: 87.587: [ParNew: 575955K->35838K(613440K), 0.0178574 secs] 604442K->64325K(2029056K), 0.0179575 secs] [Times: user=0.13 sys=0.00, real=0.02 secs] 
2020-09-29T18:05:41.264+0200: 87.653: [GC (Allocation Failure) 2020-09-29T18:05:41.264+0200: 87.653: [ParNew: 581182K->41434K(613440K), 0.0150245 secs] 609669K->69921K(2029056K), 0.0150792 secs] [Times: user=0.13 sys=0.00, real=0.02 secs] 
2020-09-29T18:05:41.327+0200: 87.716: [GC (Allocation Failure) 2020-09-29T18:05:41.327+0200: 87.716: [ParNew: 586778K->44348K(613440K), 0.0205040 secs] 615265K->72835K(2029056K), 0.0205644 secs] [Times: user=0.13 sys=0.00, real=0.02 secs] 
2020-09-29T18:05:41.392+0200: 87.781: [GC (Allocation Failure) 2020-09-29T18:05:41.392+0200: 87.781: [ParNew: 589692K->32981K(613440K), 0.0131496 secs] 618179K->61468K(2029056K), 0.0132153 secs] [Times: user=0.13 sys=0.00, real=0.01 secs] 
2020-09-29T18:05:41.461+0200: 87.850: [GC (Allocation Failure) 2020-09-29T18:05:41.461+0200: 87.850: [ParNew: 578325K->24095K(613440K), 0.0136174 secs] 606812K->52582K(2029056K), 0.0136714 secs] [Times: user=0.13 sys=0.00, real=0.01 secs] 
2020-09-29T18:05:41.520+0200: 87.909: [GC (Allocation Failure) 2020-09-29T18:05:41.520+0200: 87.909: [ParNew: 569439K->26447K(613440K), 0.0107900 secs] 597926K->54934K(2029056K), 0.0108430 secs] [Times: user=0.00 sys=0.00, real=0.01 secs] 
2020-09-29T18:05:41.574+0200: 87.963: [GC (Allocation Failure) 2020-09-29T18:05:41.574+0200: 87.963: [ParNew: 571791K->40143K(613440K), 0.0167786 secs] 600278K->68630K(2029056K), 0.0168898 secs] [Times: user=0.13 sys=0.00, real=0.02 secs] 
2020-09-29T18:05:41.639+0200: 88.028: [GC (Allocation Failure) 2020-09-29T18:05:41.639+0200: 88.028: [ParNew: 585487K->30927K(613440K), 0.0099477 secs] 613974K->59414K(2029056K), 0.0100019 secs] [Times: user=0.13 sys=0.00, real=0.01 secs] 
2020-09-29T18:05:41.696+0200: 88.085: [GC (Allocation Failure) 2020-09-29T18:05:41.696+0200: 88.085: [ParNew: 576271K->14066K(613440K), 0.0095776 secs] 604758K->42553K(2029056K), 0.0096344 secs] [Times: user=0.00 sys=0.00, real=0.01 secs] 
2020-09-29T18:05:41.753+0200: 88.142: [GC (Allocation Failure) 2020-09-29T18:05:41.753+0200: 88.142: [ParNew: 559410K->30849K(613440K), 0.0148557 secs] 587897K->59336K(2029056K), 0.0149601 secs] [Times: user=0.13 sys=0.00, real=0.01 secs] 
2020-09-29T18:05:41.814+0200: 88.203: [GC (Allocation Failure) 2020-09-29T18:05:41.814+0200: 88.203: [ParNew: 576193K->23023K(613440K), 0.0061367 secs] 604680K->51510K(2029056K), 0.0062046 secs] [Times: user=0.13 sys=0.00, real=0.01 secs] 
2020-09-29T18:05:41.872+0200: 88.261: [GC (Allocation Failure) 2020-09-29T18:05:41.872+0200: 88.261: [ParNew: 567621K->5904K(613440K), 0.0046670 secs] 596108K->34392K(2029056K), 0.0047261 secs] [Times: user=0.00 sys=0.00, real=0.01 secs] 
2020-09-29T18:05:41.922+0200: 88.311: [GC (Allocation Failure) 2020-09-29T18:05:41.922+0200: 88.311: [ParNew: 551248K->16518K(613440K), 0.0102053 secs] 579736K->45006K(2029056K), 0.0102621 secs] [Times: user=0.13 sys=0.00, real=0.01 secs] 
2020-09-29T18:05:41.979+0200: 88.368: [GC (Allocation Failure) 2020-09-29T18:05:41.980+0200: 88.369: [ParNew: 561862K->29635K(613440K), 0.0163270 secs] 590350K->58122K(2029056K), 0.0163918 secs] [Times: user=0.13 sys=0.00, real=0.02 secs] 
2020-09-29T18:05:42.041+0200: 88.430: [GC (Allocation Failure) 2020-09-29T18:05:42.041+0200: 88.430: [ParNew: 574979K->24535K(613440K), 0.0084583 secs] 603466K->53022K(2029056K), 0.0085275 secs] [Times: user=0.00 sys=0.00, real=0.01 secs] 
2020-09-29T18:05:42.098+0200: 88.487: [GC (Allocation Failure) 2020-09-29T18:05:42.098+0200: 88.487: [ParNew: 569879K->42760K(613440K), 0.0203498 secs] 598366K->71247K(2029056K), 0.0204047 secs] [Times: user=0.13 sys=0.00, real=0.02 secs] 
2020-09-29T18:05:42.163+0200: 88.552: [GC (Allocation Failure) 2020-09-29T18:05:42.163+0200: 88.552: [ParNew: 588104K->32066K(613440K), 0.0138009 secs] 616591K->60553K(2029056K), 0.0139040 secs] [Times: user=0.13 sys=0.00, real=0.01 secs] 
2020-09-29T18:05:42.231+0200: 88.620: [GC (Allocation Failure) 2020-09-29T18:05:42.231+0200: 88.620: [ParNew: 577410K->45815K(613440K), 0.0193058 secs] 605897K->74303K(2029056K), 0.0194034 secs] [Times: user=0.13 sys=0.00, real=0.02 secs] 
2020-09-29T18:05:42.296+0200: 88.685: [GC (Allocation Failure) 2020-09-29T18:05:42.296+0200: 88.685: [ParNew: 591159K->36157K(613440K), 0.0118594 secs] 619647K->64644K(2029056K), 0.0119133 secs] [Times: user=0.13 sys=0.00, real=0.01 secs] 
2020-09-29T18:05:42.355+0200: 88.744: [GC (Allocation Failure) 2020-09-29T18:05:42.355+0200: 88.744: [ParNew: 581501K->19176K(613440K), 0.0113740 secs] 609988K->47663K(2029056K), 0.0114300 secs] [Times: user=0.13 sys=0.00, real=0.01 secs] 
2020-09-29T18:05:42.414+0200: 88.803: [GC (Allocation Failure) 2020-09-29T18:05:42.414+0200: 88.803: [ParNew: 564520K->23387K(613440K), 0.0121623 secs] 593007K->51874K(2029056K), 0.0122490 secs] [Times: user=0.00 sys=0.00, real=0.01 secs] 
2020-09-29T18:05:42.470+0200: 88.859: [GC (Allocation Failure) 2020-09-29T18:05:42.470+0200: 88.859: [ParNew: 568731K->18753K(613440K), 0.0100588 secs] 597218K->47240K(2029056K), 0.0101186 secs] [Times: user=0.09 sys=0.00, real=0.01 secs] 
2020-09-29T18:05:42.534+0200: 88.923: [GC (Allocation Failure) 2020-09-29T18:05:42.534+0200: 88.923: [ParNew: 564097K->35300K(613440K), 0.0153081 secs] 592584K->63787K(2029056K), 0.0153631 secs] [Times: user=0.13 sys=0.00, real=0.02 secs] 
2020-09-29T18:05:42.597+0200: 88.986: [GC (Allocation Failure) 2020-09-29T18:05:42.597+0200: 88.986: [ParNew: 580644K->38862K(613440K), 0.0145873 secs] 609131K->67349K(2029056K), 0.0146455 secs] [Times: user=0.13 sys=0.00, real=0.02 secs] 
2020-09-29T18:05:42.662+0200: 89.051: [GC (Allocation Failure) 2020-09-29T18:05:42.662+0200: 89.051: [ParNew: 584206K->24899K(613440K), 0.0080819 secs] 612693K->53387K(2029056K), 0.0081367 secs] [Times: user=0.00 sys=0.00, real=0.01 secs] 
2020-09-29T18:05:42.721+0200: 89.110: [GC (Allocation Failure) 2020-09-29T18:05:42.721+0200: 89.110: [ParNew: 570243K->8590K(613440K), 0.0074598 secs] 598731K->37077K(2029056K), 0.0075180 secs] [Times: user=0.13 sys=0.00, real=0.01 secs] 
2020-09-29T18:05:42.776+0200: 89.165: [GC (Allocation Failure) 2020-09-29T18:05:42.776+0200: 89.165: [ParNew: 553934K->20434K(613440K), 0.0133170 secs] 582421K->48921K(2029056K), 0.0133769 secs] [Times: user=0.13 sys=0.00, real=0.01 secs] 
2020-09-29T18:05:42.834+0200: 89.223: [GC (Allocation Failure) 2020-09-29T18:05:42.834+0200: 89.223: [ParNew: 565778K->27511K(613440K), 0.0120267 secs] 594265K->55998K(2029056K), 0.0120862 secs] [Times: user=0.00 sys=0.00, real=0.01 secs] 
2020-09-29T18:05:42.893+0200: 89.282: [GC (Allocation Failure) 2020-09-29T18:05:42.893+0200: 89.282: [ParNew: 572855K->20233K(613440K), 0.0116874 secs] 601342K->48720K(2029056K), 0.0117463 secs] [Times: user=0.13 sys=0.00, real=0.01 secs] 
2020-09-29T18:05:42.952+0200: 89.341: [GC (Allocation Failure) 2020-09-29T18:05:42.952+0200: 89.341: [ParNew: 565577K->14623K(613440K), 0.0109427 secs] 594064K->43110K(2029056K), 0.0109976 secs] [Times: user=0.11 sys=0.00, real=0.01 secs] 
2020-09-29T18:05:43.015+0200: 89.404: [GC (Allocation Failure) 2020-09-29T18:05:43.015+0200: 89.404: [ParNew: 559967K->14110K(613440K), 0.0103638 secs] 588454K->42597K(2029056K), 0.0104215 secs] [Times: user=0.13 sys=0.00, real=0.01 secs] 
2020-09-29T18:05:43.073+0200: 89.462: [GC (Allocation Failure) 2020-09-29T18:05:43.073+0200: 89.462: [ParNew: 559454K->10840K(613440K), 0.0095406 secs] 587941K->39327K(2029056K), 0.0095971 secs] [Times: user=0.11 sys=0.00, real=0.01 secs] 
2020-09-29T18:05:43.130+0200: 89.519: [GC (Allocation Failure) 2020-09-29T18:05:43.130+0200: 89.519: [ParNew: 556184K->29479K(613440K), 0.0143764 secs] 584671K->57966K(2029056K), 0.0144327 secs] [Times: user=0.13 sys=0.00, real=0.01 secs] 
2020-09-29T18:05:43.201+0200: 89.590: [GC (Allocation Failure) 2020-09-29T18:05:43.201+0200: 89.590: [ParNew: 574823K->19979K(613440K), 0.0076508 secs] 603310K->48466K(2029056K), 0.0077117 secs] [Times: user=0.11 sys=0.00, real=0.01 secs] 
2020-09-29T18:05:43.269+0200: 89.658: [GC (Allocation Failure) 2020-09-29T18:05:43.269+0200: 89.658: [ParNew: 563566K->3282K(613440K), 0.0044641 secs] 592053K->31769K(2029056K), 0.0045176 secs] [Times: user=0.13 sys=0.00, real=0.00 secs] 
2020-09-29T18:05:43.320+0200: 89.709: [GC (Allocation Failure) 2020-09-29T18:05:43.320+0200: 89.709: [ParNew: 548626K->14541K(613440K), 0.0105140 secs] 577113K->43028K(2029056K), 0.0105850 secs] [Times: user=0.00 sys=0.00, real=0.01 secs] 
2020-09-29T18:05:43.377+0200: 89.766: [GC (Allocation Failure) 2020-09-29T18:05:43.377+0200: 89.766: [ParNew: 559885K->27773K(613440K), 0.0170968 secs] 588372K->56260K(2029056K), 0.0171527 secs] [Times: user=0.13 sys=0.00, real=0.02 secs] 
2020-09-29T18:05:43.440+0200: 89.829: [GC (Allocation Failure) 2020-09-29T18:05:43.440+0200: 89.829: [ParNew: 573117K->41222K(613440K), 0.0156529 secs] 601604K->69709K(2029056K), 0.0157095 secs] [Times: user=0.13 sys=0.00, real=0.02 secs] 
2020-09-29T18:05:43.504+0200: 89.893: [GC (Allocation Failure) 2020-09-29T18:05:43.504+0200: 89.893: [ParNew: 586566K->28753K(613440K), 0.0151229 secs] 615053K->57240K(2029056K), 0.0151809 secs] [Times: user=0.13 sys=0.00, real=0.02 secs] 
2020-09-29T18:05:43.564+0200: 89.953: [GC (Allocation Failure) 2020-09-29T18:05:43.564+0200: 89.953: [ParNew: 574097K->30328K(613440K), 0.0138400 secs] 602584K->58815K(2029056K), 0.0139296 secs] [Times: user=0.13 sys=0.00, real=0.01 secs] 
2020-09-29T18:05:43.630+0200: 90.019: [GC (Allocation Failure) 2020-09-29T18:05:43.630+0200: 90.019: [ParNew: 575672K->20988K(613440K), 0.0062129 secs] 604159K->49475K(2029056K), 0.0062647 secs] [Times: user=0.00 sys=0.00, real=0.01 secs] 
2020-09-29T18:05:43.690+0200: 90.079: [GC (Allocation Failure) 2020-09-29T18:05:43.690+0200: 90.079: [ParNew: 566332K->19567K(613440K), 0.0120001 secs] 594819K->48054K(2029056K), 0.0120516 secs] [Times: user=0.13 sys=0.00, real=0.01 secs] 
2020-09-29T18:05:43.786+0200: 90.175: [GC (Allocation Failure) 2020-09-29T18:05:43.786+0200: 90.175: [ParNew: 564911K->22131K(613440K), 0.0129807 secs] 593398K->50618K(2029056K), 0.0130403 secs] [Times: user=0.00 sys=0.00, real=0.01 secs] 
2020-09-29T18:05:43.897+0200: 90.286: [GC (Allocation Failure) 2020-09-29T18:05:43.897+0200: 90.286: [ParNew: 567475K->15846K(613440K), 0.0100774 secs] 595962K->44333K(2029056K), 0.0101525 secs] [Times: user=0.00 sys=0.00, real=0.01 secs] 
Heap
 par new generation   total 613440K, used 62053K [0x0000000080000000, 0x00000000a9990000, 0x00000000a9990000)
  eden space 545344K,   8% used [0x0000000080000000, 0x0000000082d1fd60, 0x00000000a1490000)
  from space 68096K,  23% used [0x00000000a5710000, 0x00000000a6689a10, 0x00000000a9990000)
  to   space 68096K,   0% used [0x00000000a1490000, 0x00000000a1490000, 0x00000000a5710000)
 concurrent mark-sweep generation total 1415616K, used 28487K [0x00000000a9990000, 0x0000000100000000, 0x0000000100000000)
 Metaspace       used 2594K, capacity 4486K, committed 4864K, reserved 1056768K
  class space    used 285K, capacity 386K, committed 512K, reserved 1048576K
