Java HotSpot(TM) 64-Bit Server VM (25.261-b12) for windows-amd64 JRE (1.8.0_261-b12), built on Jun 18 2020 06:56:32 by "" with unknown MS VC++:1916
Memory: 4k page, physical 16659684k(9524116k free), swap 23213284k(9187420k free)
CommandLine flags: -XX:InitialHeapSize=2147483648 -XX:MaxHeapSize=2147483648 -XX:MaxNewSize=697933824 -XX:MaxTenuringThreshold=6 -XX:NewSize=697933824 -XX:OldPLABSize=16 -XX:OldSize=1395867648 -XX:+PrintGC -XX:+PrintGCDateStamps -XX:+PrintGCDetails -XX:+PrintGCTimeStamps -XX:+UseCompressedClassPointers -XX:+UseCompressedOops -XX:+UseConcMarkSweepGC -XX:-UseLargePagesIndividualAllocation -XX:+UseParNewGC 
2020-09-29T18:10:16.241+0200: 0.314: [GC (Allocation Failure) 2020-09-29T18:10:16.241+0200: 0.314: [ParNew: 545344K->45047K(613440K), 0.0428173 secs] 545344K->45047K(2029056K), 0.0429727 secs] [Times: user=0.22 sys=0.03, real=0.04 secs] 
2020-09-29T18:10:16.337+0200: 0.409: [GC (Allocation Failure) 2020-09-29T18:10:16.337+0200: 0.409: [ParNew: 589498K->38953K(613440K), 0.0244309 secs] 589498K->39345K(2029056K), 0.0245062 secs] [Times: user=0.13 sys=0.00, real=0.02 secs] 
2020-09-29T18:10:16.408+0200: 0.481: [GC (Allocation Failure) 2020-09-29T18:10:16.408+0200: 0.481: [ParNew: 584297K->55780K(613440K), 0.0270135 secs] 584689K->56172K(2029056K), 0.0270806 secs] [Times: user=0.25 sys=0.00, real=0.03 secs] 
2020-09-29T18:10:16.485+0200: 0.558: [GC (Allocation Failure) 2020-09-29T18:10:16.485+0200: 0.558: [ParNew: 601124K->36940K(613440K), 0.0269869 secs] 601516K->37332K(2029056K), 0.0270588 secs] [Times: user=0.25 sys=0.00, real=0.03 secs] 
2020-09-29T18:10:16.564+0200: 0.637: [GC (Allocation Failure) 2020-09-29T18:10:16.564+0200: 0.637: [ParNew: 582284K->60298K(613440K), 0.0323748 secs] 582676K->60690K(2029056K), 0.0324514 secs] [Times: user=0.24 sys=0.00, real=0.03 secs] 
2020-09-29T18:10:16.645+0200: 0.718: [GC (Allocation Failure) 2020-09-29T18:10:16.645+0200: 0.718: [ParNew: 605642K->38250K(613440K), 0.0138273 secs] 606034K->38642K(2029056K), 0.0138999 secs] [Times: user=0.00 sys=0.00, real=0.01 secs] 
2020-09-29T18:10:16.718+0200: 0.791: [GC (Allocation Failure) 2020-09-29T18:10:16.718+0200: 0.791: [ParNew: 583594K->44015K(613440K), 0.0278483 secs] 583986K->44408K(2029056K), 0.0279163 secs] [Times: user=0.25 sys=0.00, real=0.03 secs] 
2020-09-29T18:10:16.795+0200: 0.868: [GC (Allocation Failure) 2020-09-29T18:10:16.795+0200: 0.868: [ParNew: 589359K->27720K(613440K), 0.0105509 secs] 589752K->28112K(2029056K), 0.0106195 secs] [Times: user=0.13 sys=0.00, real=0.01 secs] 
2020-09-29T18:10:16.873+0200: 0.945: [GC (Allocation Failure) 2020-09-29T18:10:16.873+0200: 0.945: [ParNew: 573064K->42054K(613440K), 0.0259624 secs] 573456K->42447K(2029056K), 0.0260341 secs] [Times: user=0.25 sys=0.00, real=0.03 secs] 
2020-09-29T18:10:16.952+0200: 1.025: [GC (Allocation Failure) 2020-09-29T18:10:16.952+0200: 1.025: [ParNew: 587398K->50758K(613440K), 0.0250645 secs] 587791K->51150K(2029056K), 0.0251491 secs] [Times: user=0.25 sys=0.00, real=0.03 secs] 
2020-09-29T18:10:17.029+0200: 1.102: [GC (Allocation Failure) 2020-09-29T18:10:17.029+0200: 1.102: [ParNew: 596102K->39649K(613440K), 0.0209892 secs] 596494K->40041K(2029056K), 0.0210735 secs] [Times: user=0.13 sys=0.00, real=0.02 secs] 
2020-09-29T18:10:17.105+0200: 1.177: [GC (Allocation Failure) 2020-09-29T18:10:17.105+0200: 1.177: [ParNew: 584993K->28749K(613440K), 0.0193333 secs] 585385K->29141K(2029056K), 0.0194046 secs] [Times: user=0.13 sys=0.00, real=0.02 secs] 
2020-09-29T18:10:17.183+0200: 1.255: [GC (Allocation Failure) 2020-09-29T18:10:17.183+0200: 1.255: [ParNew: 574093K->46606K(613440K), 0.0270986 secs] 574485K->46998K(2029056K), 0.0271877 secs] [Times: user=0.25 sys=0.00, real=0.03 secs] 
2020-09-29T18:10:17.263+0200: 1.336: [GC (Allocation Failure) 2020-09-29T18:10:17.263+0200: 1.336: [ParNew: 591950K->66306K(613440K), 0.0334785 secs] 592342K->66699K(2029056K), 0.0335591 secs] [Times: user=0.25 sys=0.00, real=0.03 secs] 
2020-09-29T18:10:17.347+0200: 1.420: [GC (Allocation Failure) 2020-09-29T18:10:17.347+0200: 1.420: [ParNew: 611650K->54903K(613440K), 0.0308005 secs] 612043K->55295K(2029056K), 0.0309622 secs] [Times: user=0.25 sys=0.00, real=0.03 secs] 
2020-09-29T18:10:17.426+0200: 1.499: [GC (Allocation Failure) 2020-09-29T18:10:17.426+0200: 1.499: [ParNew: 600247K->53188K(613440K), 0.0311994 secs] 600639K->53581K(2029056K), 0.0312936 secs] [Times: user=0.25 sys=0.00, real=0.03 secs] 
2020-09-29T18:10:17.507+0200: 1.580: [GC (Allocation Failure) 2020-09-29T18:10:17.507+0200: 1.580: [ParNew: 598532K->39937K(613440K), 0.0146842 secs] 598925K->40330K(2029056K), 0.0147518 secs] [Times: user=0.13 sys=0.00, real=0.02 secs] 
2020-09-29T18:10:17.577+0200: 1.650: [GC (Allocation Failure) 2020-09-29T18:10:17.577+0200: 1.650: [ParNew: 585281K->47768K(613440K), 0.0305161 secs] 585674K->48161K(2029056K), 0.0306188 secs] [Times: user=0.22 sys=0.00, real=0.03 secs] 
2020-09-29T18:10:17.659+0200: 1.731: [GC (Allocation Failure) 2020-09-29T18:10:17.659+0200: 1.731: [ParNew: 593112K->38641K(613440K), 0.0127282 secs] 593505K->39033K(2029056K), 0.0128132 secs] [Times: user=0.13 sys=0.00, real=0.01 secs] 
2020-09-29T18:10:17.719+0200: 1.791: [GC (Allocation Failure) 2020-09-29T18:10:17.719+0200: 1.791: [ParNew: 583985K->36513K(613440K), 0.0171362 secs] 584377K->36906K(2029056K), 0.0171983 secs] [Times: user=0.13 sys=0.00, real=0.02 secs] 
2020-09-29T18:10:17.783+0200: 1.856: [GC (Allocation Failure) 2020-09-29T18:10:17.783+0200: 1.856: [ParNew: 581857K->47777K(613440K), 0.0218224 secs] 582250K->48169K(2029056K), 0.0218899 secs] [Times: user=0.24 sys=0.00, real=0.02 secs] 
2020-09-29T18:10:17.853+0200: 1.926: [GC (Allocation Failure) 2020-09-29T18:10:17.853+0200: 1.926: [ParNew: 593121K->45324K(613440K), 0.0207851 secs] 593513K->45716K(2029056K), 0.0208545 secs] [Times: user=0.13 sys=0.00, real=0.02 secs] 
2020-09-29T18:10:17.922+0200: 1.995: [GC (Allocation Failure) 2020-09-29T18:10:17.922+0200: 1.995: [ParNew: 590668K->68096K(613440K), 0.0263092 secs] 591060K->68488K(2029056K), 0.0263688 secs] [Times: user=0.23 sys=0.00, real=0.03 secs] 
2020-09-29T18:10:17.996+0200: 2.069: [GC (Allocation Failure) 2020-09-29T18:10:17.996+0200: 2.069: [ParNew: 613440K->54630K(613440K), 0.0132506 secs] 613832K->55022K(2029056K), 0.0133093 secs] [Times: user=0.13 sys=0.00, real=0.01 secs] 
2020-09-29T18:10:18.066+0200: 2.139: [GC (Allocation Failure) 2020-09-29T18:10:18.066+0200: 2.139: [ParNew: 599974K->38072K(613440K), 0.0199308 secs] 600366K->38464K(2029056K), 0.0200139 secs] [Times: user=0.22 sys=0.00, real=0.02 secs] 
2020-09-29T18:10:18.133+0200: 2.206: [GC (Allocation Failure) 2020-09-29T18:10:18.133+0200: 2.206: [ParNew: 583416K->52782K(613440K), 0.0182269 secs] 583808K->53175K(2029056K), 0.0182838 secs] [Times: user=0.13 sys=0.00, real=0.02 secs] 
2020-09-29T18:10:18.198+0200: 2.271: [GC (Allocation Failure) 2020-09-29T18:10:18.199+0200: 2.271: [ParNew: 598126K->62223K(613440K), 0.0228030 secs] 598519K->62615K(2029056K), 0.0228779 secs] [Times: user=0.13 sys=0.00, real=0.02 secs] 
2020-09-29T18:10:18.269+0200: 2.342: [GC (Allocation Failure) 2020-09-29T18:10:18.269+0200: 2.342: [ParNew: 607567K->42233K(613440K), 0.0161996 secs] 607959K->42626K(2029056K), 0.0162591 secs] [Times: user=0.13 sys=0.00, real=0.02 secs] 
2020-09-29T18:10:18.333+0200: 2.405: [GC (Allocation Failure) 2020-09-29T18:10:18.333+0200: 2.405: [ParNew: 587577K->35113K(613440K), 0.0144022 secs] 587970K->35505K(2029056K), 0.0144817 secs] [Times: user=0.00 sys=0.00, real=0.01 secs] 
2020-09-29T18:10:18.394+0200: 2.467: [GC (Allocation Failure) 2020-09-29T18:10:18.394+0200: 2.467: [ParNew: 580457K->54709K(613440K), 0.0242076 secs] 580849K->55101K(2029056K), 0.0242621 secs] [Times: user=0.25 sys=0.00, real=0.02 secs] 
2020-09-29T18:10:18.465+0200: 2.538: [GC (Allocation Failure) 2020-09-29T18:10:18.465+0200: 2.538: [ParNew: 600053K->68096K(613440K), 0.0237019 secs] 600445K->68622K(2029056K), 0.0237733 secs] [Times: user=0.14 sys=0.00, real=0.02 secs] 
2020-09-29T18:10:18.536+0200: 2.608: [GC (Allocation Failure) 2020-09-29T18:10:18.536+0200: 2.609: [ParNew: 613440K->47010K(613440K), 0.0160535 secs] 613966K->47536K(2029056K), 0.0161644 secs] [Times: user=0.13 sys=0.00, real=0.02 secs] 
2020-09-29T18:10:18.601+0200: 2.674: [GC (Allocation Failure) 2020-09-29T18:10:18.601+0200: 2.674: [ParNew: 592354K->42834K(613440K), 0.0158482 secs] 592880K->43360K(2029056K), 0.0159098 secs] [Times: user=0.13 sys=0.00, real=0.02 secs] 
2020-09-29T18:10:18.671+0200: 2.744: [GC (Allocation Failure) 2020-09-29T18:10:18.671+0200: 2.744: [ParNew: 588178K->33820K(613440K), 0.0125692 secs] 588704K->34346K(2029056K), 0.0126252 secs] [Times: user=0.13 sys=0.00, real=0.01 secs] 
2020-09-29T18:10:18.731+0200: 2.804: [GC (Allocation Failure) 2020-09-29T18:10:18.731+0200: 2.804: [ParNew: 579164K->27778K(613440K), 0.0110745 secs] 579690K->28304K(2029056K), 0.0111433 secs] [Times: user=0.13 sys=0.00, real=0.01 secs] 
2020-09-29T18:10:18.804+0200: 2.876: [GC (Allocation Failure) 2020-09-29T18:10:18.804+0200: 2.876: [ParNew: 573122K->50521K(613440K), 0.0216824 secs] 573648K->51047K(2029056K), 0.0217532 secs] [Times: user=0.13 sys=0.00, real=0.02 secs] 
2020-09-29T18:10:18.879+0200: 2.952: [GC (Allocation Failure) 2020-09-29T18:10:18.879+0200: 2.952: [ParNew: 595865K->58030K(613440K), 0.0219366 secs] 596391K->58556K(2029056K), 0.0220260 secs] [Times: user=0.24 sys=0.00, real=0.02 secs] 
2020-09-29T18:10:18.955+0200: 3.028: [GC (Allocation Failure) 2020-09-29T18:10:18.955+0200: 3.028: [ParNew: 603374K->45638K(613440K), 0.0210939 secs] 603900K->46164K(2029056K), 0.0211619 secs] [Times: user=0.20 sys=0.00, real=0.02 secs] 
2020-09-29T18:10:19.029+0200: 3.102: [GC (Allocation Failure) 2020-09-29T18:10:19.029+0200: 3.102: [ParNew: 590982K->44016K(613440K), 0.0204279 secs] 591508K->44542K(2029056K), 0.0205220 secs] [Times: user=0.13 sys=0.00, real=0.02 secs] 
2020-09-29T18:10:19.103+0200: 3.175: [GC (Allocation Failure) 2020-09-29T18:10:19.103+0200: 3.175: [ParNew: 589360K->67220K(613440K), 0.0250513 secs] 589886K->67746K(2029056K), 0.0251361 secs] [Times: user=0.13 sys=0.00, real=0.03 secs] 
2020-09-29T18:10:19.179+0200: 3.252: [GC (Allocation Failure) 2020-09-29T18:10:19.179+0200: 3.252: [ParNew: 612564K->53437K(613440K), 0.0234486 secs] 613090K->53963K(2029056K), 0.0235331 secs] [Times: user=0.13 sys=0.00, real=0.02 secs] 
2020-09-29T18:10:19.255+0200: 3.328: [GC (Allocation Failure) 2020-09-29T18:10:19.255+0200: 3.328: [ParNew: 598781K->51240K(613440K), 0.0227311 secs] 599307K->51766K(2029056K), 0.0227935 secs] [Times: user=0.13 sys=0.00, real=0.02 secs] 
2020-09-29T18:10:19.330+0200: 3.403: [GC (Allocation Failure) 2020-09-29T18:10:19.330+0200: 3.403: [ParNew: 596584K->49393K(613440K), 0.0223528 secs] 597110K->49919K(2029056K), 0.0224490 secs] [Times: user=0.23 sys=0.00, real=0.03 secs] 
2020-09-29T18:10:19.415+0200: 3.488: [GC (Allocation Failure) 2020-09-29T18:10:19.415+0200: 3.488: [ParNew: 594737K->37343K(613440K), 0.0158849 secs] 595263K->37869K(2029056K), 0.0159505 secs] [Times: user=0.13 sys=0.00, real=0.02 secs] 
2020-09-29T18:10:19.482+0200: 3.555: [GC (Allocation Failure) 2020-09-29T18:10:19.482+0200: 3.555: [ParNew: 582687K->55397K(613440K), 0.0202923 secs] 583213K->55923K(2029056K), 0.0203538 secs] [Times: user=0.13 sys=0.00, real=0.02 secs] 
2020-09-29T18:10:19.554+0200: 3.627: [GC (Allocation Failure) 2020-09-29T18:10:19.554+0200: 3.627: [ParNew: 600741K->41899K(613440K), 0.0225743 secs] 601267K->42425K(2029056K), 0.0226505 secs] [Times: user=0.11 sys=0.00, real=0.02 secs] 
2020-09-29T18:10:19.630+0200: 3.703: [GC (Allocation Failure) 2020-09-29T18:10:19.630+0200: 3.703: [ParNew: 587243K->38029K(613440K), 0.0176206 secs] 587769K->38555K(2029056K), 0.0176987 secs] [Times: user=0.13 sys=0.00, real=0.02 secs] 
2020-09-29T18:10:19.696+0200: 3.770: [GC (Allocation Failure) 2020-09-29T18:10:19.696+0200: 3.770: [ParNew: 583373K->58112K(613440K), 0.0218148 secs] 583899K->58638K(2029056K), 0.0219051 secs] [Times: user=0.13 sys=0.00, real=0.02 secs] 
2020-09-29T18:10:19.767+0200: 3.840: [GC (Allocation Failure) 2020-09-29T18:10:19.767+0200: 3.840: [ParNew: 603456K->43553K(613440K), 0.0216161 secs] 603982K->44079K(2029056K), 0.0217161 secs] [Times: user=0.25 sys=0.00, real=0.02 secs] 
2020-09-29T18:10:19.836+0200: 3.909: [GC (Allocation Failure) 2020-09-29T18:10:19.836+0200: 3.909: [ParNew: 588897K->39065K(613440K), 0.0134759 secs] 589423K->39591K(2029056K), 0.0135367 secs] [Times: user=0.13 sys=0.00, real=0.01 secs] 
2020-09-29T18:10:19.897+0200: 3.970: [GC (Allocation Failure) 2020-09-29T18:10:19.897+0200: 3.970: [ParNew: 582870K->22606K(613440K), 0.0110996 secs] 583396K->23132K(2029056K), 0.0111566 secs] [Times: user=0.00 sys=0.00, real=0.01 secs] 
2020-09-29T18:10:19.954+0200: 4.027: [GC (Allocation Failure) 2020-09-29T18:10:19.954+0200: 4.027: [ParNew: 567950K->34211K(613440K), 0.0156209 secs] 568476K->34737K(2029056K), 0.0156864 secs] [Times: user=0.13 sys=0.00, real=0.02 secs] 
2020-09-29T18:10:20.021+0200: 4.094: [GC (Allocation Failure) 2020-09-29T18:10:20.021+0200: 4.094: [ParNew: 579555K->48112K(613440K), 0.0211657 secs] 580081K->48638K(2029056K), 0.0212252 secs] [Times: user=0.13 sys=0.00, real=0.02 secs] 
2020-09-29T18:10:20.092+0200: 4.165: [GC (Allocation Failure) 2020-09-29T18:10:20.092+0200: 4.165: [ParNew: 593456K->67836K(613440K), 0.0214565 secs] 593982K->68362K(2029056K), 0.0215149 secs] [Times: user=0.13 sys=0.02, real=0.02 secs] 
2020-09-29T18:10:20.164+0200: 4.237: [GC (Allocation Failure) 2020-09-29T18:10:20.164+0200: 4.237: [ParNew: 613180K->48325K(613440K), 0.0216773 secs] 613706K->48851K(2029056K), 0.0217467 secs] [Times: user=0.11 sys=0.00, real=0.02 secs] 
2020-09-29T18:10:20.236+0200: 4.310: [GC (Allocation Failure) 2020-09-29T18:10:20.237+0200: 4.310: [ParNew: 593669K->47998K(613440K), 0.0217173 secs] 594195K->48524K(2029056K), 0.0218263 secs] [Times: user=0.22 sys=0.00, real=0.02 secs] 
2020-09-29T18:10:20.311+0200: 4.384: [GC (Allocation Failure) 2020-09-29T18:10:20.311+0200: 4.384: [ParNew: 593342K->43496K(613440K), 0.0210797 secs] 593868K->44022K(2029056K), 0.0211639 secs] [Times: user=0.13 sys=0.00, real=0.02 secs] 
2020-09-29T18:10:20.382+0200: 4.455: [GC (Allocation Failure) 2020-09-29T18:10:20.382+0200: 4.455: [ParNew: 588840K->42804K(613440K), 0.0197054 secs] 589366K->43330K(2029056K), 0.0197666 secs] [Times: user=0.13 sys=0.00, real=0.02 secs] 
2020-09-29T18:10:20.453+0200: 4.526: [GC (Allocation Failure) 2020-09-29T18:10:20.453+0200: 4.526: [ParNew: 588148K->41885K(613440K), 0.0185009 secs] 588674K->42411K(2029056K), 0.0185720 secs] [Times: user=0.13 sys=0.00, real=0.02 secs] 
2020-09-29T18:10:20.521+0200: 4.594: [GC (Allocation Failure) 2020-09-29T18:10:20.521+0200: 4.594: [ParNew: 587229K->37057K(613440K), 0.0149258 secs] 587755K->37583K(2029056K), 0.0149958 secs] [Times: user=0.13 sys=0.00, real=0.02 secs] 
2020-09-29T18:10:20.589+0200: 4.662: [GC (Allocation Failure) 2020-09-29T18:10:20.589+0200: 4.662: [ParNew: 582401K->51189K(613440K), 0.0225933 secs] 582927K->51715K(2029056K), 0.0226557 secs] [Times: user=0.11 sys=0.00, real=0.02 secs] 
2020-09-29T18:10:20.659+0200: 4.732: [GC (Allocation Failure) 2020-09-29T18:10:20.659+0200: 4.732: [ParNew: 596533K->35695K(613440K), 0.0074918 secs] 597059K->36221K(2029056K), 0.0075492 secs] [Times: user=0.13 sys=0.00, real=0.01 secs] 
2020-09-29T18:10:20.713+0200: 4.786: [GC (Allocation Failure) 2020-09-29T18:10:20.713+0200: 4.786: [ParNew: 581039K->39376K(613440K), 0.0185974 secs] 581565K->39902K(2029056K), 0.0186887 secs] [Times: user=0.13 sys=0.00, real=0.02 secs] 
2020-09-29T18:10:20.780+0200: 4.853: [GC (Allocation Failure) 2020-09-29T18:10:20.780+0200: 4.854: [ParNew: 584720K->54160K(613440K), 0.0179347 secs] 585246K->54686K(2029056K), 0.0180101 secs] [Times: user=0.13 sys=0.00, real=0.02 secs] 
2020-09-29T18:10:20.849+0200: 4.922: [GC (Allocation Failure) 2020-09-29T18:10:20.849+0200: 4.922: [ParNew: 599504K->38595K(613440K), 0.0165811 secs] 600030K->39121K(2029056K), 0.0166437 secs] [Times: user=0.13 sys=0.00, real=0.02 secs] 
2020-09-29T18:10:20.916+0200: 4.989: [GC (Allocation Failure) 2020-09-29T18:10:20.916+0200: 4.989: [ParNew: 583939K->50849K(613440K), 0.0216920 secs] 584465K->51375K(2029056K), 0.0217433 secs] [Times: user=0.13 sys=0.00, real=0.02 secs] 
2020-09-29T18:10:20.986+0200: 5.059: [GC (Allocation Failure) 2020-09-29T18:10:20.986+0200: 5.059: [ParNew: 596193K->41107K(613440K), 0.0158359 secs] 596719K->41633K(2029056K), 0.0159340 secs] [Times: user=0.11 sys=0.00, real=0.02 secs] 
2020-09-29T18:10:21.055+0200: 5.128: [GC (Allocation Failure) 2020-09-29T18:10:21.055+0200: 5.128: [ParNew: 586451K->41749K(613440K), 0.0180892 secs] 586977K->42275K(2029056K), 0.0181460 secs] [Times: user=0.13 sys=0.00, real=0.02 secs] 
2020-09-29T18:10:21.125+0200: 5.199: [GC (Allocation Failure) 2020-09-29T18:10:21.126+0200: 5.199: [ParNew: 587093K->63305K(613440K), 0.0236799 secs] 587619K->63831K(2029056K), 0.0237453 secs] [Times: user=0.25 sys=0.00, real=0.02 secs] 
2020-09-29T18:10:21.197+0200: 5.270: [GC (Allocation Failure) 2020-09-29T18:10:21.197+0200: 5.270: [ParNew: 608649K->51111K(613440K), 0.0239699 secs] 609175K->51637K(2029056K), 0.0240563 secs] [Times: user=0.13 sys=0.00, real=0.02 secs] 
2020-09-29T18:10:21.270+0200: 5.343: [GC (Allocation Failure) 2020-09-29T18:10:21.270+0200: 5.343: [ParNew: 596455K->44946K(613440K), 0.0158675 secs] 596981K->45472K(2029056K), 0.0159429 secs] [Times: user=0.00 sys=0.00, real=0.02 secs] 
2020-09-29T18:10:21.335+0200: 5.408: [GC (Allocation Failure) 2020-09-29T18:10:21.335+0200: 5.408: [ParNew: 589165K->29927K(613440K), 0.0072433 secs] 589691K->30453K(2029056K), 0.0073009 secs] [Times: user=0.00 sys=0.00, real=0.01 secs] 
2020-09-29T18:10:21.389+0200: 5.462: [GC (Allocation Failure) 2020-09-29T18:10:21.389+0200: 5.462: [ParNew: 575271K->54143K(613440K), 0.0233031 secs] 575797K->54669K(2029056K), 0.0233827 secs] [Times: user=0.25 sys=0.00, real=0.02 secs] 
2020-09-29T18:10:21.459+0200: 5.532: [GC (Allocation Failure) 2020-09-29T18:10:21.459+0200: 5.532: [ParNew: 599487K->43362K(613440K), 0.0174387 secs] 600013K->43888K(2029056K), 0.0175022 secs] [Times: user=0.13 sys=0.00, real=0.02 secs] 
2020-09-29T18:10:21.524+0200: 5.597: [GC (Allocation Failure) 2020-09-29T18:10:21.524+0200: 5.597: [ParNew: 588706K->36615K(613440K), 0.0161901 secs] 589232K->37141K(2029056K), 0.0162617 secs] [Times: user=0.13 sys=0.00, real=0.02 secs] 
2020-09-29T18:10:21.589+0200: 5.662: [GC (Allocation Failure) 2020-09-29T18:10:21.589+0200: 5.662: [ParNew: 581430K->36074K(613440K), 0.0139366 secs] 581956K->36600K(2029056K), 0.0140214 secs] [Times: user=0.13 sys=0.00, real=0.01 secs] 
2020-09-29T18:10:21.651+0200: 5.724: [GC (Allocation Failure) 2020-09-29T18:10:21.651+0200: 5.724: [ParNew: 581418K->49734K(613440K), 0.0184968 secs] 581944K->50260K(2029056K), 0.0185635 secs] [Times: user=0.13 sys=0.00, real=0.02 secs] 
2020-09-29T18:10:21.717+0200: 5.790: [GC (Allocation Failure) 2020-09-29T18:10:21.717+0200: 5.790: [ParNew: 595078K->34498K(613440K), 0.0172981 secs] 595604K->35024K(2029056K), 0.0173558 secs] [Times: user=0.13 sys=0.00, real=0.02 secs] 
2020-09-29T18:10:21.786+0200: 5.859: [GC (Allocation Failure) 2020-09-29T18:10:21.786+0200: 5.859: [ParNew: 579842K->58736K(613440K), 0.0216554 secs] 580368K->59262K(2029056K), 0.0217303 secs] [Times: user=0.13 sys=0.00, real=0.02 secs] 
2020-09-29T18:10:21.854+0200: 5.928: [GC (Allocation Failure) 2020-09-29T18:10:21.854+0200: 5.928: [ParNew: 604080K->68096K(613440K), 0.0267416 secs] 604606K->69788K(2029056K), 0.0267976 secs] [Times: user=0.25 sys=0.00, real=0.03 secs] 
2020-09-29T18:10:21.928+0200: 6.002: [GC (Allocation Failure) 2020-09-29T18:10:21.929+0200: 6.002: [ParNew: 613440K->48965K(613440K), 0.0149996 secs] 615132K->50658K(2029056K), 0.0150741 secs] [Times: user=0.13 sys=0.00, real=0.02 secs] 
2020-09-29T18:10:21.991+0200: 6.064: [GC (Allocation Failure) 2020-09-29T18:10:21.991+0200: 6.064: [ParNew: 594309K->43175K(613440K), 0.0193666 secs] 596002K->44868K(2029056K), 0.0194241 secs] [Times: user=0.13 sys=0.00, real=0.02 secs] 
2020-09-29T18:10:22.058+0200: 6.131: [GC (Allocation Failure) 2020-09-29T18:10:22.058+0200: 6.131: [ParNew: 588519K->57280K(613440K), 0.0185010 secs] 590212K->58973K(2029056K), 0.0185654 secs] [Times: user=0.13 sys=0.00, real=0.02 secs] 
2020-09-29T18:10:22.124+0200: 6.197: [GC (Allocation Failure) 2020-09-29T18:10:22.124+0200: 6.197: [ParNew: 602624K->41861K(613440K), 0.0159480 secs] 604317K->43554K(2029056K), 0.0160768 secs] [Times: user=0.13 sys=0.00, real=0.02 secs] 
2020-09-29T18:10:22.187+0200: 6.260: [GC (Allocation Failure) 2020-09-29T18:10:22.187+0200: 6.260: [ParNew: 587205K->31102K(613440K), 0.0148925 secs] 588898K->32795K(2029056K), 0.0149996 secs] [Times: user=0.13 sys=0.00, real=0.01 secs] 
2020-09-29T18:10:22.250+0200: 6.323: [GC (Allocation Failure) 2020-09-29T18:10:22.250+0200: 6.323: [ParNew: 576446K->28854K(613440K), 0.0138060 secs] 578139K->30547K(2029056K), 0.0138648 secs] [Times: user=0.11 sys=0.00, real=0.01 secs] 
2020-09-29T18:10:22.317+0200: 6.390: [GC (Allocation Failure) 2020-09-29T18:10:22.317+0200: 6.390: [ParNew: 574198K->43328K(613440K), 0.0174359 secs] 575891K->45021K(2029056K), 0.0174947 secs] [Times: user=0.13 sys=0.00, real=0.02 secs] 
2020-09-29T18:10:22.383+0200: 6.456: [GC (Allocation Failure) 2020-09-29T18:10:22.383+0200: 6.456: [ParNew: 588672K->33159K(613440K), 0.0161603 secs] 590365K->34852K(2029056K), 0.0162158 secs] [Times: user=0.13 sys=0.00, real=0.02 secs] 
2020-09-29T18:10:22.451+0200: 6.524: [GC (Allocation Failure) 2020-09-29T18:10:22.451+0200: 6.525: [ParNew: 578503K->31796K(613440K), 0.0146893 secs] 580196K->33489K(2029056K), 0.0147453 secs] [Times: user=0.13 sys=0.00, real=0.02 secs] 
2020-09-29T18:10:22.528+0200: 6.601: [GC (Allocation Failure) 2020-09-29T18:10:22.528+0200: 6.601: [ParNew: 577140K->68096K(613440K), 0.0241065 secs] 578833K->69788K(2029056K), 0.0241743 secs] [Times: user=0.23 sys=0.02, real=0.02 secs] 
2020-09-29T18:10:22.603+0200: 6.676: [GC (Allocation Failure) 2020-09-29T18:10:22.603+0200: 6.676: [ParNew: 613440K->68096K(613440K), 0.0266205 secs] 615132K->70569K(2029056K), 0.0266768 secs] [Times: user=0.23 sys=0.00, real=0.03 secs] 
2020-09-29T18:10:22.681+0200: 6.754: [GC (Allocation Failure) 2020-09-29T18:10:22.681+0200: 6.754: [ParNew: 613440K->54017K(613440K), 0.0181243 secs] 615913K->56490K(2029056K), 0.0181865 secs] [Times: user=0.13 sys=0.00, real=0.02 secs] 
2020-09-29T18:10:22.751+0200: 6.824: [GC (Allocation Failure) 2020-09-29T18:10:22.751+0200: 6.825: [ParNew: 599361K->43340K(613440K), 0.0186540 secs] 601834K->45813K(2029056K), 0.0187226 secs] [Times: user=0.25 sys=0.00, real=0.02 secs] 
2020-09-29T18:10:22.818+0200: 6.891: [GC (Allocation Failure) 2020-09-29T18:10:22.818+0200: 6.891: [ParNew: 588684K->42079K(613440K), 0.0154686 secs] 591157K->44553K(2029056K), 0.0155454 secs] [Times: user=0.13 sys=0.00, real=0.02 secs] 
2020-09-29T18:10:22.882+0200: 6.955: [GC (Allocation Failure) 2020-09-29T18:10:22.882+0200: 6.955: [ParNew: 587423K->31440K(613440K), 0.0161871 secs] 589897K->33914K(2029056K), 0.0162459 secs] [Times: user=0.13 sys=0.00, real=0.02 secs] 
2020-09-29T18:10:22.945+0200: 7.018: [GC (Allocation Failure) 2020-09-29T18:10:22.945+0200: 7.018: [ParNew: 576784K->30560K(613440K), 0.0123856 secs] 579258K->33034K(2029056K), 0.0124396 secs] [Times: user=0.00 sys=0.00, real=0.01 secs] 
2020-09-29T18:10:23.008+0200: 7.081: [GC (Allocation Failure) 2020-09-29T18:10:23.008+0200: 7.081: [ParNew: 575904K->48421K(613440K), 0.0173521 secs] 578378K->50895K(2029056K), 0.0174101 secs] [Times: user=0.13 sys=0.00, real=0.02 secs] 
2020-09-29T18:10:23.073+0200: 7.146: [GC (Allocation Failure) 2020-09-29T18:10:23.073+0200: 7.146: [ParNew: 593765K->33154K(613440K), 0.0175289 secs] 596239K->35628K(2029056K), 0.0175913 secs] [Times: user=0.13 sys=0.00, real=0.02 secs] 
2020-09-29T18:10:23.138+0200: 7.211: [GC (Allocation Failure) 2020-09-29T18:10:23.138+0200: 7.211: [ParNew: 578498K->57966K(613440K), 0.0212167 secs] 580972K->60440K(2029056K), 0.0212825 secs] [Times: user=0.13 sys=0.00, real=0.02 secs] 
2020-09-29T18:10:23.206+0200: 7.279: [GC (Allocation Failure) 2020-09-29T18:10:23.206+0200: 7.279: [ParNew: 603310K->39558K(613440K), 0.0146971 secs] 605784K->42031K(2029056K), 0.0147548 secs] [Times: user=0.13 sys=0.00, real=0.01 secs] 
2020-09-29T18:10:23.272+0200: 7.345: [GC (Allocation Failure) 2020-09-29T18:10:23.272+0200: 7.345: [ParNew: 584902K->41589K(613440K), 0.0193749 secs] 587375K->44063K(2029056K), 0.0194370 secs] [Times: user=0.13 sys=0.00, real=0.02 secs] 
2020-09-29T18:10:23.341+0200: 7.414: [GC (Allocation Failure) 2020-09-29T18:10:23.341+0200: 7.414: [ParNew: 586933K->44320K(613440K), 0.0179654 secs] 589407K->46793K(2029056K), 0.0180388 secs] [Times: user=0.13 sys=0.00, real=0.02 secs] 
2020-09-29T18:10:23.406+0200: 7.479: [GC (Allocation Failure) 2020-09-29T18:10:23.406+0200: 7.480: [ParNew: 589664K->32834K(613440K), 0.0121007 secs] 592137K->35307K(2029056K), 0.0121705 secs] [Times: user=0.13 sys=0.00, real=0.01 secs] 
2020-09-29T18:10:23.473+0200: 7.546: [GC (Allocation Failure) 2020-09-29T18:10:23.473+0200: 7.546: [ParNew: 578178K->48299K(613440K), 0.0215597 secs] 580651K->50773K(2029056K), 0.0216164 secs] [Times: user=0.13 sys=0.00, real=0.02 secs] 
2020-09-29T18:10:23.542+0200: 7.615: [GC (Allocation Failure) 2020-09-29T18:10:23.542+0200: 7.615: [ParNew: 593643K->31350K(613440K), 0.0098421 secs] 596117K->33824K(2029056K), 0.0099104 secs] [Times: user=0.13 sys=0.00, real=0.01 secs] 
2020-09-29T18:10:23.601+0200: 7.674: [GC (Allocation Failure) 2020-09-29T18:10:23.601+0200: 7.674: [ParNew: 576694K->44553K(613440K), 0.0199443 secs] 579168K->47026K(2029056K), 0.0200282 secs] [Times: user=0.13 sys=0.00, real=0.02 secs] 
2020-09-29T18:10:23.672+0200: 7.746: [GC (Allocation Failure) 2020-09-29T18:10:23.672+0200: 7.746: [ParNew: 589897K->53329K(613440K), 0.0190554 secs] 592370K->55803K(2029056K), 0.0191517 secs] [Times: user=0.14 sys=0.00, real=0.02 secs] 
2020-09-29T18:10:23.738+0200: 7.811: [GC (Allocation Failure) 2020-09-29T18:10:23.738+0200: 7.811: [ParNew: 598673K->37941K(613440K), 0.0180609 secs] 601147K->40414K(2029056K), 0.0181253 secs] [Times: user=0.23 sys=0.00, real=0.02 secs] 
2020-09-29T18:10:23.807+0200: 7.881: [GC (Allocation Failure) 2020-09-29T18:10:23.807+0200: 7.881: [ParNew: 583285K->56265K(613440K), 0.0181279 secs] 585758K->58739K(2029056K), 0.0182226 secs] [Times: user=0.13 sys=0.00, real=0.02 secs] 
2020-09-29T18:10:23.873+0200: 7.946: [GC (Allocation Failure) 2020-09-29T18:10:23.873+0200: 7.946: [ParNew: 601609K->40161K(613440K), 0.0168007 secs] 604083K->42635K(2029056K), 0.0168722 secs] [Times: user=0.13 sys=0.00, real=0.02 secs] 
2020-09-29T18:10:23.939+0200: 8.012: [GC (Allocation Failure) 2020-09-29T18:10:23.939+0200: 8.012: [ParNew: 585505K->33195K(613440K), 0.0144140 secs] 587979K->35669K(2029056K), 0.0145014 secs] [Times: user=0.13 sys=0.00, real=0.01 secs] 
2020-09-29T18:10:24.000+0200: 8.073: [GC (Allocation Failure) 2020-09-29T18:10:24.000+0200: 8.073: [ParNew: 578539K->54628K(613440K), 0.0192751 secs] 581013K->57102K(2029056K), 0.0193646 secs] [Times: user=0.13 sys=0.00, real=0.02 secs] 
2020-09-29T18:10:24.067+0200: 8.140: [GC (Allocation Failure) 2020-09-29T18:10:24.067+0200: 8.141: [ParNew: 599972K->41234K(613440K), 0.0134299 secs] 602446K->43707K(2029056K), 0.0134966 secs] [Times: user=0.00 sys=0.00, real=0.01 secs] 
2020-09-29T18:10:24.131+0200: 8.205: [GC (Allocation Failure) 2020-09-29T18:10:24.131+0200: 8.205: [ParNew: 586578K->37370K(613440K), 0.0180749 secs] 589051K->39843K(2029056K), 0.0181458 secs] [Times: user=0.13 sys=0.00, real=0.02 secs] 
2020-09-29T18:10:24.196+0200: 8.269: [GC (Allocation Failure) 2020-09-29T18:10:24.196+0200: 8.269: [ParNew: 582714K->58198K(613440K), 0.0231427 secs] 585187K->60672K(2029056K), 0.0231975 secs] [Times: user=0.13 sys=0.00, real=0.02 secs] 
2020-09-29T18:10:24.270+0200: 8.343: [GC (Allocation Failure) 2020-09-29T18:10:24.270+0200: 8.343: [ParNew: 603542K->48223K(613440K), 0.0181431 secs] 606016K->50697K(2029056K), 0.0182268 secs] [Times: user=0.13 sys=0.00, real=0.02 secs] 
2020-09-29T18:10:24.341+0200: 8.414: [GC (Allocation Failure) 2020-09-29T18:10:24.341+0200: 8.414: [ParNew: 593567K->36411K(613440K), 0.0179213 secs] 596041K->38884K(2029056K), 0.0179807 secs] [Times: user=0.13 sys=0.00, real=0.02 secs] 
2020-09-29T18:10:24.411+0200: 8.484: [GC (Allocation Failure) 2020-09-29T18:10:24.411+0200: 8.484: [ParNew: 581755K->55726K(613440K), 0.0217618 secs] 584228K->58199K(2029056K), 0.0218376 secs] [Times: user=0.13 sys=0.00, real=0.02 secs] 
2020-09-29T18:10:24.483+0200: 8.556: [GC (Allocation Failure) 2020-09-29T18:10:24.483+0200: 8.556: [ParNew: 601070K->46004K(613440K), 0.0193148 secs] 603543K->48478K(2029056K), 0.0193902 secs] [Times: user=0.13 sys=0.00, real=0.02 secs] 
2020-09-29T18:10:24.550+0200: 8.623: [GC (Allocation Failure) 2020-09-29T18:10:24.550+0200: 8.623: [ParNew: 591348K->68096K(613440K), 0.0233583 secs] 593822K->70728K(2029056K), 0.0234218 secs] [Times: user=0.25 sys=0.00, real=0.02 secs] 
2020-09-29T18:10:24.623+0200: 8.696: [GC (Allocation Failure) 2020-09-29T18:10:24.623+0200: 8.696: [ParNew: 613440K->54860K(613440K), 0.0182633 secs] 616072K->57493K(2029056K), 0.0183197 secs] [Times: user=0.11 sys=0.00, real=0.02 secs] 
2020-09-29T18:10:24.692+0200: 8.765: [GC (Allocation Failure) 2020-09-29T18:10:24.692+0200: 8.765: [ParNew: 600204K->46893K(613440K), 0.0171451 secs] 602837K->49526K(2029056K), 0.0172121 secs] [Times: user=0.13 sys=0.00, real=0.02 secs] 
2020-09-29T18:10:24.756+0200: 8.829: [GC (Allocation Failure) 2020-09-29T18:10:24.756+0200: 8.829: [ParNew: 592237K->31253K(613440K), 0.0110987 secs] 594870K->33885K(2029056K), 0.0111610 secs] [Times: user=0.00 sys=0.00, real=0.01 secs] 
2020-09-29T18:10:24.820+0200: 8.893: [GC (Allocation Failure) 2020-09-29T18:10:24.821+0200: 8.893: [ParNew: 576597K->52398K(613440K), 0.0211102 secs] 579229K->55030K(2029056K), 0.0216122 secs] [Times: user=0.13 sys=0.00, real=0.02 secs] 
2020-09-29T18:10:24.890+0200: 8.963: [GC (Allocation Failure) 2020-09-29T18:10:24.890+0200: 8.963: [ParNew: 597742K->61234K(613440K), 0.0200610 secs] 600374K->63866K(2029056K), 0.0201533 secs] [Times: user=0.13 sys=0.00, real=0.02 secs] 
2020-09-29T18:10:24.957+0200: 9.030: [GC (Allocation Failure) 2020-09-29T18:10:24.957+0200: 9.030: [ParNew: 606578K->48431K(613440K), 0.0181513 secs] 609210K->51063K(2029056K), 0.0182074 secs] [Times: user=0.25 sys=0.00, real=0.02 secs] 
2020-09-29T18:10:25.022+0200: 9.094: [GC (Allocation Failure) 2020-09-29T18:10:25.022+0200: 9.094: [ParNew: 593775K->37678K(613440K), 0.0173898 secs] 596407K->40310K(2029056K), 0.0174809 secs] [Times: user=0.13 sys=0.00, real=0.02 secs] 
2020-09-29T18:10:25.086+0200: 9.159: [GC (Allocation Failure) 2020-09-29T18:10:25.086+0200: 9.159: [ParNew: 583022K->36505K(613440K), 0.0180548 secs] 585654K->39137K(2029056K), 0.0181099 secs] [Times: user=0.13 sys=0.00, real=0.02 secs] 
2020-09-29T18:10:25.153+0200: 9.226: [GC (Allocation Failure) 2020-09-29T18:10:25.153+0200: 9.226: [ParNew: 581849K->40128K(613440K), 0.0154847 secs] 584481K->42760K(2029056K), 0.0155408 secs] [Times: user=0.13 sys=0.00, real=0.02 secs] 
2020-09-29T18:10:25.218+0200: 9.291: [GC (Allocation Failure) 2020-09-29T18:10:25.218+0200: 9.291: [ParNew: 585472K->62320K(613440K), 0.0222213 secs] 588104K->64952K(2029056K), 0.0223291 secs] [Times: user=0.25 sys=0.00, real=0.02 secs] 
2020-09-29T18:10:25.288+0200: 9.361: [GC (Allocation Failure) 2020-09-29T18:10:25.288+0200: 9.361: [ParNew: 607664K->46064K(613440K), 0.0141261 secs] 610296K->48697K(2029056K), 0.0141808 secs] [Times: user=0.13 sys=0.00, real=0.01 secs] 
2020-09-29T18:10:25.352+0200: 9.425: [GC (Allocation Failure) 2020-09-29T18:10:25.352+0200: 9.425: [ParNew: 591408K->36571K(613440K), 0.0150352 secs] 594041K->39203K(2029056K), 0.0151069 secs] [Times: user=0.13 sys=0.00, real=0.02 secs] 
2020-09-29T18:10:25.419+0200: 9.492: [GC (Allocation Failure) 2020-09-29T18:10:25.419+0200: 9.492: [ParNew: 581915K->27204K(613440K), 0.0129009 secs] 584547K->29836K(2029056K), 0.0129651 secs] [Times: user=0.13 sys=0.00, real=0.01 secs] 
2020-09-29T18:10:25.479+0200: 9.551: [GC (Allocation Failure) 2020-09-29T18:10:25.479+0200: 9.551: [ParNew: 572548K->47762K(613440K), 0.0171445 secs] 575180K->50394K(2029056K), 0.0171988 secs] [Times: user=0.13 sys=0.00, real=0.02 secs] 
2020-09-29T18:10:25.545+0200: 9.618: [GC (Allocation Failure) 2020-09-29T18:10:25.545+0200: 9.618: [ParNew: 593106K->60312K(613440K), 0.0220051 secs] 595738K->62945K(2029056K), 0.0220961 secs] [Times: user=0.25 sys=0.00, real=0.02 secs] 
2020-09-29T18:10:25.618+0200: 9.691: [GC (Allocation Failure) 2020-09-29T18:10:25.618+0200: 9.691: [ParNew: 605656K->68096K(613440K), 0.0222722 secs] 608289K->70728K(2029056K), 0.0223420 secs] [Times: user=0.13 sys=0.00, real=0.02 secs] 
2020-09-29T18:10:25.687+0200: 9.760: [GC (Allocation Failure) 2020-09-29T18:10:25.687+0200: 9.760: [ParNew: 613440K->42884K(613440K), 0.0162448 secs] 616072K->45516K(2029056K), 0.0163207 secs] [Times: user=0.13 sys=0.00, real=0.02 secs] 
2020-09-29T18:10:25.753+0200: 9.826: [GC (Allocation Failure) 2020-09-29T18:10:25.753+0200: 9.826: [ParNew: 588228K->34145K(613440K), 0.0159567 secs] 590860K->36777K(2029056K), 0.0160222 secs] [Times: user=0.13 sys=0.00, real=0.02 secs] 
2020-09-29T18:10:25.819+0200: 9.892: [GC (Allocation Failure) 2020-09-29T18:10:25.819+0200: 9.892: [ParNew: 579489K->54897K(613440K), 0.0195167 secs] 582121K->57529K(2029056K), 0.0195724 secs] [Times: user=0.13 sys=0.00, real=0.02 secs] 
2020-09-29T18:10:25.890+0200: 9.963: [GC (Allocation Failure) 2020-09-29T18:10:25.890+0200: 9.963: [ParNew: 600241K->38644K(613440K), 0.0187398 secs] 602873K->41276K(2029056K), 0.0187950 secs] [Times: user=0.13 sys=0.00, real=0.02 secs] 
2020-09-29T18:10:25.961+0200: 10.033: [GC (Allocation Failure) 2020-09-29T18:10:25.961+0200: 10.033: [ParNew: 583988K->38677K(613440K), 0.0175928 secs] 586620K->41310K(2029056K), 0.0176547 secs] [Times: user=0.13 sys=0.00, real=0.02 secs] 
2020-09-29T18:10:26.027+0200: 10.100: [GC (Allocation Failure) 2020-09-29T18:10:26.027+0200: 10.100: [ParNew: 584021K->53741K(613440K), 0.0174731 secs] 586654K->56373K(2029056K), 0.0175308 secs] [Times: user=0.11 sys=0.00, real=0.02 secs] 
2020-09-29T18:10:26.100+0200: 10.172: [GC (Allocation Failure) 2020-09-29T18:10:26.100+0200: 10.172: [ParNew: 599085K->60368K(613440K), 0.0267460 secs] 601717K->63000K(2029056K), 0.0268057 secs] [Times: user=0.13 sys=0.00, real=0.03 secs] 
2020-09-29T18:10:26.173+0200: 10.246: [GC (Allocation Failure) 2020-09-29T18:10:26.173+0200: 10.246: [ParNew: 605712K->55118K(613440K), 0.0214120 secs] 608344K->57750K(2029056K), 0.0233352 secs] [Times: user=0.25 sys=0.00, real=0.02 secs] 
2020-09-29T18:10:26.243+0200: 10.316: [GC (Allocation Failure) 2020-09-29T18:10:26.243+0200: 10.316: [ParNew: 600462K->40856K(613440K), 0.0150675 secs] 603094K->43489K(2029056K), 0.0151378 secs] [Times: user=0.13 sys=0.00, real=0.01 secs] 
2020-09-29T18:10:26.307+0200: 10.379: [GC (Allocation Failure) 2020-09-29T18:10:26.307+0200: 10.380: [ParNew: 586200K->58641K(613440K), 0.0190173 secs] 588833K->61273K(2029056K), 0.0190872 secs] [Times: user=0.13 sys=0.00, real=0.02 secs] 
2020-09-29T18:10:26.378+0200: 10.450: [GC (Allocation Failure) 2020-09-29T18:10:26.378+0200: 10.450: [ParNew: 603985K->45053K(613440K), 0.0207248 secs] 606617K->47686K(2029056K), 0.0207835 secs] [Times: user=0.23 sys=0.00, real=0.02 secs] 
2020-09-29T18:10:26.447+0200: 10.519: [GC (Allocation Failure) 2020-09-29T18:10:26.447+0200: 10.520: [ParNew: 590397K->42767K(613440K), 0.0178091 secs] 593030K->45399K(2029056K), 0.0178662 secs] [Times: user=0.13 sys=0.00, real=0.02 secs] 
2020-09-29T18:10:26.513+0200: 10.585: [GC (Allocation Failure) 2020-09-29T18:10:26.513+0200: 10.585: [ParNew: 588111K->37770K(613440K), 0.0176852 secs] 590743K->40402K(2029056K), 0.0177491 secs] [Times: user=0.13 sys=0.00, real=0.02 secs] 
2020-09-29T18:10:26.578+0200: 10.650: [GC (Allocation Failure) 2020-09-29T18:10:26.578+0200: 10.650: [ParNew: 583114K->39329K(613440K), 0.0156756 secs] 585746K->41961K(2029056K), 0.0157564 secs] [Times: user=0.13 sys=0.00, real=0.01 secs] 
2020-09-29T18:10:26.642+0200: 10.715: [GC (Allocation Failure) 2020-09-29T18:10:26.643+0200: 10.715: [ParNew: 584673K->31084K(613440K), 0.0140850 secs] 587305K->33716K(2029056K), 0.0141664 secs] [Times: user=0.11 sys=0.00, real=0.02 secs] 
2020-09-29T18:10:26.708+0200: 10.780: [GC (Allocation Failure) 2020-09-29T18:10:26.708+0200: 10.780: [ParNew: 576428K->47006K(613440K), 0.0192606 secs] 579060K->49639K(2029056K), 0.0193395 secs] [Times: user=0.08 sys=0.00, real=0.02 secs] 
2020-09-29T18:10:26.773+0200: 10.846: [GC (Allocation Failure) 2020-09-29T18:10:26.773+0200: 10.846: [ParNew: 592350K->39926K(613440K), 0.0160384 secs] 594983K->42559K(2029056K), 0.0161404 secs] [Times: user=0.13 sys=0.00, real=0.02 secs] 
2020-09-29T18:10:26.840+0200: 10.913: [GC (Allocation Failure) 2020-09-29T18:10:26.840+0200: 10.913: [ParNew: 585270K->37591K(613440K), 0.0155688 secs] 587903K->40223K(2029056K), 0.0156238 secs] [Times: user=0.13 sys=0.00, real=0.02 secs] 
2020-09-29T18:10:26.905+0200: 10.978: [GC (Allocation Failure) 2020-09-29T18:10:26.905+0200: 10.978: [ParNew: 582935K->35565K(613440K), 0.0142528 secs] 585567K->38198K(2029056K), 0.0143097 secs] [Times: user=0.13 sys=0.00, real=0.01 secs] 
2020-09-29T18:10:26.970+0200: 11.043: [GC (Allocation Failure) 2020-09-29T18:10:26.970+0200: 11.043: [ParNew: 580909K->54403K(613440K), 0.0190688 secs] 583542K->57035K(2029056K), 0.0191284 secs] [Times: user=0.25 sys=0.00, real=0.02 secs] 
2020-09-29T18:10:27.038+0200: 11.110: [GC (Allocation Failure) 2020-09-29T18:10:27.038+0200: 11.110: [ParNew: 599747K->41566K(613440K), 0.0185890 secs] 602379K->44198K(2029056K), 0.0186772 secs] [Times: user=0.13 sys=0.00, real=0.02 secs] 
2020-09-29T18:10:27.103+0200: 11.176: [GC (Allocation Failure) 2020-09-29T18:10:27.104+0200: 11.176: [ParNew: 586910K->41397K(613440K), 0.0183812 secs] 589542K->44029K(2029056K), 0.0184461 secs] [Times: user=0.13 sys=0.00, real=0.02 secs] 
2020-09-29T18:10:27.173+0200: 11.246: [GC (Allocation Failure) 2020-09-29T18:10:27.173+0200: 11.246: [ParNew: 586741K->64470K(613440K), 0.0232590 secs] 589373K->67102K(2029056K), 0.0233281 secs] [Times: user=0.25 sys=0.00, real=0.02 secs] 
2020-09-29T18:10:27.246+0200: 11.319: [GC (Allocation Failure) 2020-09-29T18:10:27.246+0200: 11.319: [ParNew: 609814K->47155K(613440K), 0.0163000 secs] 612446K->49788K(2029056K), 0.0163575 secs] [Times: user=0.13 sys=0.00, real=0.02 secs] 
2020-09-29T18:10:27.312+0200: 11.384: [GC (Allocation Failure) 2020-09-29T18:10:27.312+0200: 11.384: [ParNew: 592499K->46551K(613440K), 0.0204810 secs] 595132K->49183K(2029056K), 0.0205370 secs] [Times: user=0.13 sys=0.00, real=0.02 secs] 
2020-09-29T18:10:27.380+0200: 11.453: [GC (Allocation Failure) 2020-09-29T18:10:27.380+0200: 11.453: [ParNew: 591895K->43180K(613440K), 0.0191816 secs] 594527K->45812K(2029056K), 0.0192604 secs] [Times: user=0.13 sys=0.00, real=0.02 secs] 
2020-09-29T18:10:27.450+0200: 11.522: [GC (Allocation Failure) 2020-09-29T18:10:27.450+0200: 11.522: [ParNew: 588524K->42038K(613440K), 0.0200385 secs] 591156K->44670K(2029056K), 0.0200947 secs] [Times: user=0.13 sys=0.00, real=0.02 secs] 
2020-09-29T18:10:27.519+0200: 11.592: [GC (Allocation Failure) 2020-09-29T18:10:27.519+0200: 11.592: [ParNew: 587382K->68096K(613440K), 0.0237946 secs] 590014K->71038K(2029056K), 0.0238542 secs] [Times: user=0.19 sys=0.00, real=0.02 secs] 
2020-09-29T18:10:27.591+0200: 11.664: [GC (Allocation Failure) 2020-09-29T18:10:27.591+0200: 11.664: [ParNew: 613440K->45076K(613440K), 0.0109016 secs] 616382K->48018K(2029056K), 0.0109589 secs] [Times: user=0.13 sys=0.00, real=0.01 secs] 
2020-09-29T18:10:27.651+0200: 11.724: [GC (Allocation Failure) 2020-09-29T18:10:27.651+0200: 11.724: [ParNew: 590420K->23235K(613440K), 0.0103563 secs] 593362K->26178K(2029056K), 0.0104190 secs] [Times: user=0.13 sys=0.00, real=0.01 secs] 
2020-09-29T18:10:27.714+0200: 11.787: [GC (Allocation Failure) 2020-09-29T18:10:27.714+0200: 11.787: [ParNew: 568579K->37432K(613440K), 0.0172833 secs] 571522K->40374K(2029056K), 0.0173405 secs] [Times: user=0.13 sys=0.00, real=0.02 secs] 
2020-09-29T18:10:27.781+0200: 11.853: [GC (Allocation Failure) 2020-09-29T18:10:27.781+0200: 11.853: [ParNew: 582776K->48992K(613440K), 0.0206417 secs] 585718K->51934K(2029056K), 0.0207016 secs] [Times: user=0.13 sys=0.00, real=0.02 secs] 
2020-09-29T18:10:27.852+0200: 11.925: [GC (Allocation Failure) 2020-09-29T18:10:27.852+0200: 11.925: [ParNew: 594336K->65667K(613440K), 0.0207307 secs] 597278K->68610K(2029056K), 0.0207916 secs] [Times: user=0.13 sys=0.00, real=0.02 secs] 
2020-09-29T18:10:27.920+0200: 11.993: [GC (Allocation Failure) 2020-09-29T18:10:27.920+0200: 11.993: [ParNew: 611011K->49200K(613440K), 0.0199827 secs] 613954K->52143K(2029056K), 0.0200498 secs] [Times: user=0.13 sys=0.00, real=0.02 secs] 
2020-09-29T18:10:27.989+0200: 12.062: [GC (Allocation Failure) 2020-09-29T18:10:27.989+0200: 12.062: [ParNew: 594544K->68096K(613440K), 0.0234783 secs] 597487K->71038K(2029056K), 0.0235401 secs] [Times: user=0.13 sys=0.00, real=0.02 secs] 
2020-09-29T18:10:28.060+0200: 12.133: [GC (Allocation Failure) 2020-09-29T18:10:28.060+0200: 12.133: [ParNew: 613440K->51138K(613440K), 0.0174474 secs] 616382K->54081K(2029056K), 0.0175025 secs] [Times: user=0.13 sys=0.00, real=0.02 secs] 
2020-09-29T18:10:28.125+0200: 12.198: [GC (Allocation Failure) 2020-09-29T18:10:28.125+0200: 12.198: [ParNew: 596482K->39621K(613440K), 0.0098257 secs] 599425K->42564K(2029056K), 0.0098820 secs] [Times: user=0.13 sys=0.00, real=0.01 secs] 
2020-09-29T18:10:28.185+0200: 12.258: [GC (Allocation Failure) 2020-09-29T18:10:28.185+0200: 12.258: [ParNew: 584965K->37741K(613440K), 0.0169386 secs] 587908K->40683K(2029056K), 0.0170106 secs] [Times: user=0.13 sys=0.00, real=0.02 secs] 
2020-09-29T18:10:28.249+0200: 12.322: [GC (Allocation Failure) 2020-09-29T18:10:28.249+0200: 12.322: [ParNew: 583085K->49811K(613440K), 0.0205196 secs] 586027K->52753K(2029056K), 0.0205758 secs] [Times: user=0.22 sys=0.02, real=0.02 secs] 
2020-09-29T18:10:28.316+0200: 12.389: [GC (Allocation Failure) 2020-09-29T18:10:28.316+0200: 12.389: [ParNew: 595155K->37850K(613440K), 0.0130958 secs] 598097K->40792K(2029056K), 0.0131546 secs] [Times: user=0.00 sys=0.02, real=0.01 secs] 
2020-09-29T18:10:28.376+0200: 12.449: [GC (Allocation Failure) 2020-09-29T18:10:28.376+0200: 12.449: [ParNew: 583194K->35940K(613440K), 0.0171296 secs] 586136K->38882K(2029056K), 0.0172018 secs] [Times: user=0.13 sys=0.00, real=0.02 secs] 
2020-09-29T18:10:28.442+0200: 12.515: [GC (Allocation Failure) 2020-09-29T18:10:28.442+0200: 12.515: [ParNew: 581284K->51300K(613440K), 0.0227053 secs] 584226K->54242K(2029056K), 0.0227948 secs] [Times: user=0.11 sys=0.00, real=0.02 secs] 
2020-09-29T18:10:28.513+0200: 12.586: [GC (Allocation Failure) 2020-09-29T18:10:28.513+0200: 12.586: [ParNew: 596644K->43862K(613440K), 0.0161886 secs] 599586K->46804K(2029056K), 0.0162587 secs] [Times: user=0.13 sys=0.00, real=0.02 secs] 
2020-09-29T18:10:28.577+0200: 12.650: [GC (Allocation Failure) 2020-09-29T18:10:28.577+0200: 12.650: [ParNew: 589206K->41690K(613440K), 0.0206245 secs] 592148K->44632K(2029056K), 0.0207045 secs] [Times: user=0.25 sys=0.00, real=0.02 secs] 
2020-09-29T18:10:28.649+0200: 12.722: [GC (Allocation Failure) 2020-09-29T18:10:28.649+0200: 12.722: [ParNew: 587034K->58658K(613440K), 0.0194370 secs] 589976K->61600K(2029056K), 0.0194997 secs] [Times: user=0.13 sys=0.00, real=0.02 secs] 
2020-09-29T18:10:28.715+0200: 12.788: [GC (Allocation Failure) 2020-09-29T18:10:28.715+0200: 12.788: [ParNew: 604002K->45051K(613440K), 0.0171865 secs] 606944K->47993K(2029056K), 0.0172424 secs] [Times: user=0.13 sys=0.00, real=0.02 secs] 
2020-09-29T18:10:28.779+0200: 12.852: [GC (Allocation Failure) 2020-09-29T18:10:28.779+0200: 12.852: [ParNew: 590395K->52144K(613440K), 0.0186378 secs] 593337K->55086K(2029056K), 0.0187002 secs] [Times: user=0.13 sys=0.00, real=0.02 secs] 
2020-09-29T18:10:28.845+0200: 12.918: [GC (Allocation Failure) 2020-09-29T18:10:28.845+0200: 12.918: [ParNew: 597488K->40654K(613440K), 0.0165670 secs] 600430K->43597K(2029056K), 0.0166358 secs] [Times: user=0.13 sys=0.00, real=0.02 secs] 
2020-09-29T18:10:28.912+0200: 12.985: [GC (Allocation Failure) 2020-09-29T18:10:28.912+0200: 12.985: [ParNew: 585998K->56159K(613440K), 0.0211000 secs] 588941K->59101K(2029056K), 0.0211550 secs] [Times: user=0.13 sys=0.00, real=0.02 secs] 
2020-09-29T18:10:28.981+0200: 13.053: [GC (Allocation Failure) 2020-09-29T18:10:28.981+0200: 13.054: [ParNew: 601503K->47644K(613440K), 0.0201579 secs] 604445K->50586K(2029056K), 0.0202323 secs] [Times: user=0.13 sys=0.00, real=0.02 secs] 
2020-09-29T18:10:29.048+0200: 13.121: [GC (Allocation Failure) 2020-09-29T18:10:29.048+0200: 13.121: [ParNew: 592988K->48781K(613440K), 0.0195193 secs] 595930K->51723K(2029056K), 0.0196047 secs] [Times: user=0.25 sys=0.00, real=0.02 secs] 
2020-09-29T18:10:29.115+0200: 13.188: [GC (Allocation Failure) 2020-09-29T18:10:29.115+0200: 13.188: [ParNew: 594125K->47624K(613440K), 0.0190135 secs] 597067K->50567K(2029056K), 0.0190715 secs] [Times: user=0.13 sys=0.00, real=0.02 secs] 
2020-09-29T18:10:29.184+0200: 13.256: [GC (Allocation Failure) 2020-09-29T18:10:29.184+0200: 13.256: [ParNew: 592968K->43843K(613440K), 0.0178492 secs] 595911K->46785K(2029056K), 0.0179174 secs] [Times: user=0.13 sys=0.00, real=0.02 secs] 
2020-09-29T18:10:29.250+0200: 13.323: [GC (Allocation Failure) 2020-09-29T18:10:29.250+0200: 13.323: [ParNew: 589187K->38528K(613440K), 0.0177770 secs] 592129K->41470K(2029056K), 0.0178487 secs] [Times: user=0.13 sys=0.00, real=0.02 secs] 
2020-09-29T18:10:29.316+0200: 13.389: [GC (Allocation Failure) 2020-09-29T18:10:29.316+0200: 13.389: [ParNew: 583872K->60943K(613440K), 0.0223374 secs] 586814K->63885K(2029056K), 0.0224068 secs] [Times: user=0.25 sys=0.00, real=0.02 secs] 
2020-09-29T18:10:29.386+0200: 13.459: [GC (Allocation Failure) 2020-09-29T18:10:29.386+0200: 13.459: [ParNew: 606287K->42128K(613440K), 0.0148342 secs] 609229K->45070K(2029056K), 0.0148875 secs] [Times: user=0.13 sys=0.00, real=0.02 secs] 
2020-09-29T18:10:29.449+0200: 13.521: [GC (Allocation Failure) 2020-09-29T18:10:29.449+0200: 13.521: [ParNew: 587472K->27081K(613440K), 0.0133293 secs] 590414K->30023K(2029056K), 0.0133847 secs] [Times: user=0.13 sys=0.00, real=0.01 secs] 
2020-09-29T18:10:29.515+0200: 13.588: [GC (Allocation Failure) 2020-09-29T18:10:29.515+0200: 13.588: [ParNew: 572425K->43650K(613440K), 0.0201618 secs] 575367K->46593K(2029056K), 0.0202306 secs] [Times: user=0.16 sys=0.06, real=0.02 secs] 
2020-09-29T18:10:29.583+0200: 13.656: [GC (Allocation Failure) 2020-09-29T18:10:29.583+0200: 13.656: [ParNew: 588994K->52878K(613440K), 0.0186993 secs] 591937K->55820K(2029056K), 0.0187611 secs] [Times: user=0.11 sys=0.00, real=0.02 secs] 
2020-09-29T18:10:29.653+0200: 13.726: [GC (Allocation Failure) 2020-09-29T18:10:29.653+0200: 13.726: [ParNew: 598222K->65948K(613440K), 0.0226064 secs] 601164K->68890K(2029056K), 0.0226630 secs] [Times: user=0.13 sys=0.00, real=0.02 secs] 
2020-09-29T18:10:29.722+0200: 13.795: [GC (Allocation Failure) 2020-09-29T18:10:29.722+0200: 13.795: [ParNew: 611292K->45985K(613440K), 0.0220865 secs] 614234K->48927K(2029056K), 0.0221680 secs] [Times: user=0.23 sys=0.01, real=0.02 secs] 
2020-09-29T18:10:29.797+0200: 13.870: [GC (Allocation Failure) 2020-09-29T18:10:29.797+0200: 13.870: [ParNew: 591329K->49095K(613440K), 0.0173683 secs] 594271K->52037K(2029056K), 0.0174501 secs] [Times: user=0.11 sys=0.00, real=0.02 secs] 
2020-09-29T18:10:29.874+0200: 13.947: [GC (Allocation Failure) 2020-09-29T18:10:29.874+0200: 13.947: [ParNew: 594439K->27886K(613440K), 0.0151221 secs] 597381K->30828K(2029056K), 0.0151931 secs] [Times: user=0.13 sys=0.00, real=0.02 secs] 
2020-09-29T18:10:29.948+0200: 14.021: [GC (Allocation Failure) 2020-09-29T18:10:29.948+0200: 14.021: [ParNew: 573230K->46039K(613440K), 0.0183197 secs] 576172K->48981K(2029056K), 0.0183872 secs] [Times: user=0.13 sys=0.00, real=0.02 secs] 
2020-09-29T18:10:30.015+0200: 14.088: [GC (Allocation Failure) 2020-09-29T18:10:30.015+0200: 14.088: [ParNew: 591383K->32977K(613440K), 0.0128311 secs] 594325K->35919K(2029056K), 0.0128815 secs] [Times: user=0.13 sys=0.00, real=0.01 secs] 
2020-09-29T18:10:30.075+0200: 14.148: [GC (Allocation Failure) 2020-09-29T18:10:30.075+0200: 14.148: [ParNew: 578321K->34317K(613440K), 0.0166686 secs] 581263K->37259K(2029056K), 0.0167236 secs] [Times: user=0.13 sys=0.00, real=0.02 secs] 
2020-09-29T18:10:30.140+0200: 14.213: [GC (Allocation Failure) 2020-09-29T18:10:30.140+0200: 14.213: [ParNew: 579661K->44345K(613440K), 0.0166851 secs] 582603K->47287K(2029056K), 0.0167457 secs] [Times: user=0.13 sys=0.00, real=0.02 secs] 
2020-09-29T18:10:30.205+0200: 14.278: [GC (Allocation Failure) 2020-09-29T18:10:30.205+0200: 14.278: [ParNew: 589689K->56286K(613440K), 0.0208397 secs] 592631K->59228K(2029056K), 0.0208965 secs] [Times: user=0.25 sys=0.00, real=0.02 secs] 
2020-09-29T18:10:30.275+0200: 14.348: [GC (Allocation Failure) 2020-09-29T18:10:30.275+0200: 14.348: [ParNew: 601630K->38986K(613440K), 0.0152587 secs] 604572K->41929K(2029056K), 0.0153170 secs] [Times: user=0.13 sys=0.00, real=0.02 secs] 
2020-09-29T18:10:30.344+0200: 14.417: [GC (Allocation Failure) 2020-09-29T18:10:30.344+0200: 14.417: [ParNew: 584330K->40542K(613440K), 0.0165807 secs] 587273K->43484K(2029056K), 0.0166363 secs] [Times: user=0.13 sys=0.00, real=0.02 secs] 
2020-09-29T18:10:30.411+0200: 14.484: [GC (Allocation Failure) 2020-09-29T18:10:30.411+0200: 14.484: [ParNew: 585886K->46067K(613440K), 0.0170733 secs] 588828K->49009K(2029056K), 0.0171367 secs] [Times: user=0.13 sys=0.00, real=0.02 secs] 
2020-09-29T18:10:30.476+0200: 14.549: [GC (Allocation Failure) 2020-09-29T18:10:30.476+0200: 14.549: [ParNew: 591411K->33842K(613440K), 0.0159326 secs] 594353K->36784K(2029056K), 0.0159863 secs] [Times: user=0.13 sys=0.00, real=0.02 secs] 
2020-09-29T18:10:30.541+0200: 14.614: [GC (Allocation Failure) 2020-09-29T18:10:30.541+0200: 14.614: [ParNew: 579186K->55146K(613440K), 0.0205229 secs] 582128K->58088K(2029056K), 0.0205838 secs] [Times: user=0.13 sys=0.00, real=0.02 secs] 
2020-09-29T18:10:30.613+0200: 14.686: [GC (Allocation Failure) 2020-09-29T18:10:30.613+0200: 14.686: [ParNew: 600490K->37729K(613440K), 0.0150641 secs] 603432K->40671K(2029056K), 0.0151436 secs] [Times: user=0.13 sys=0.00, real=0.02 secs] 
2020-09-29T18:10:30.682+0200: 14.755: [GC (Allocation Failure) 2020-09-29T18:10:30.682+0200: 14.755: [ParNew: 583073K->32156K(613440K), 0.0125090 secs] 586015K->35098K(2029056K), 0.0125646 secs] [Times: user=0.13 sys=0.00, real=0.01 secs] 
2020-09-29T18:10:30.744+0200: 14.817: [GC (Allocation Failure) 2020-09-29T18:10:30.744+0200: 14.817: [ParNew: 577500K->50322K(613440K), 0.0173428 secs] 580442K->53264K(2029056K), 0.0173989 secs] [Times: user=0.13 sys=0.00, real=0.02 secs] 
2020-09-29T18:10:30.808+0200: 14.881: [GC (Allocation Failure) 2020-09-29T18:10:30.808+0200: 14.881: [ParNew: 595666K->63295K(613440K), 0.0227427 secs] 598608K->66237K(2029056K), 0.0228120 secs] [Times: user=0.13 sys=0.00, real=0.02 secs] 
2020-09-29T18:10:30.878+0200: 14.951: [GC (Allocation Failure) 2020-09-29T18:10:30.878+0200: 14.951: [ParNew: 608639K->45286K(613440K), 0.0173883 secs] 611581K->48228K(2029056K), 0.0174491 secs] [Times: user=0.25 sys=0.00, real=0.02 secs] 
2020-09-29T18:10:30.945+0200: 15.018: [GC (Allocation Failure) 2020-09-29T18:10:30.945+0200: 15.018: [ParNew: 589597K->3433K(613440K), 0.0015668 secs] 592540K->6376K(2029056K), 0.0016336 secs] [Times: user=0.00 sys=0.00, real=0.00 secs] 
2020-09-29T18:10:31.008+0200: 15.081: [GC (Allocation Failure) 2020-09-29T18:10:31.008+0200: 15.081: [ParNew: 548777K->42151K(613440K), 0.0206239 secs] 551720K->45093K(2029056K), 0.0206844 secs] [Times: user=0.13 sys=0.00, real=0.02 secs] 
2020-09-29T18:10:31.076+0200: 15.149: [GC (Allocation Failure) 2020-09-29T18:10:31.076+0200: 15.149: [ParNew: 587495K->52237K(613440K), 0.0201604 secs] 590437K->55180K(2029056K), 0.0202176 secs] [Times: user=0.11 sys=0.00, real=0.02 secs] 
2020-09-29T18:10:31.146+0200: 15.219: [GC (Allocation Failure) 2020-09-29T18:10:31.146+0200: 15.219: [ParNew: 597581K->40230K(613440K), 0.0186767 secs] 600524K->43172K(2029056K), 0.0187398 secs] [Times: user=0.13 sys=0.00, real=0.02 secs] 
2020-09-29T18:10:31.214+0200: 15.287: [GC (Allocation Failure) 2020-09-29T18:10:31.214+0200: 15.287: [ParNew: 585574K->37829K(613440K), 0.0174550 secs] 588516K->40771K(2029056K), 0.0175173 secs] [Times: user=0.13 sys=0.00, real=0.02 secs] 
2020-09-29T18:10:31.281+0200: 15.354: [GC (Allocation Failure) 2020-09-29T18:10:31.281+0200: 15.354: [ParNew: 583173K->63081K(613440K), 0.0215977 secs] 586115K->66023K(2029056K), 0.0216622 secs] [Times: user=0.25 sys=0.00, real=0.02 secs] 
2020-09-29T18:10:31.351+0200: 15.424: [GC (Allocation Failure) 2020-09-29T18:10:31.351+0200: 15.424: [ParNew: 608425K->45318K(613440K), 0.0162418 secs] 611367K->48260K(2029056K), 0.0162972 secs] [Times: user=0.13 sys=0.00, real=0.02 secs] 
2020-09-29T18:10:31.416+0200: 15.488: [GC (Allocation Failure) 2020-09-29T18:10:31.416+0200: 15.488: [ParNew: 590662K->38035K(613440K), 0.0148491 secs] 593604K->40977K(2029056K), 0.0149095 secs] [Times: user=0.13 sys=0.00, real=0.02 secs] 
2020-09-29T18:10:31.480+0200: 15.553: [GC (Allocation Failure) 2020-09-29T18:10:31.480+0200: 15.553: [ParNew: 583379K->54159K(613440K), 0.0197732 secs] 586321K->57101K(2029056K), 0.0198290 secs] [Times: user=0.13 sys=0.00, real=0.02 secs] 
2020-09-29T18:10:31.547+0200: 15.620: [GC (Allocation Failure) 2020-09-29T18:10:31.547+0200: 15.620: [ParNew: 599503K->35481K(613440K), 0.0146538 secs] 602445K->38424K(2029056K), 0.0147160 secs] [Times: user=0.13 sys=0.00, real=0.01 secs] 
2020-09-29T18:10:31.611+0200: 15.684: [GC (Allocation Failure) 2020-09-29T18:10:31.611+0200: 15.684: [ParNew: 580825K->37507K(613440K), 0.0175917 secs] 583768K->40449K(2029056K), 0.0176481 secs] [Times: user=0.13 sys=0.00, real=0.02 secs] 
2020-09-29T18:10:31.684+0200: 15.757: [GC (Allocation Failure) 2020-09-29T18:10:31.684+0200: 15.757: [ParNew: 582851K->47818K(613440K), 0.0193026 secs] 585793K->50760K(2029056K), 0.0193872 secs] [Times: user=0.13 sys=0.00, real=0.02 secs] 
2020-09-29T18:10:31.757+0200: 15.830: [GC (Allocation Failure) 2020-09-29T18:10:31.757+0200: 15.830: [ParNew: 593162K->37377K(613440K), 0.0237282 secs] 596104K->40320K(2029056K), 0.0238138 secs] [Times: user=0.13 sys=0.00, real=0.02 secs] 
2020-09-29T18:10:31.835+0200: 15.908: [GC (Allocation Failure) 2020-09-29T18:10:31.835+0200: 15.908: [ParNew: 582721K->31595K(613440K), 0.0237310 secs] 585664K->34538K(2029056K), 0.0238353 secs] [Times: user=0.13 sys=0.00, real=0.02 secs] 
2020-09-29T18:10:31.905+0200: 15.978: [GC (Allocation Failure) 2020-09-29T18:10:31.905+0200: 15.978: [ParNew: 576939K->27849K(613440K), 0.0092829 secs] 579882K->30791K(2029056K), 0.0093529 secs] [Times: user=0.13 sys=0.00, real=0.01 secs] 
2020-09-29T18:10:31.973+0200: 16.046: [GC (Allocation Failure) 2020-09-29T18:10:31.973+0200: 16.046: [ParNew: 573193K->51179K(613440K), 0.0330152 secs] 576135K->54121K(2029056K), 0.0330837 secs] [Times: user=0.25 sys=0.00, real=0.03 secs] 
2020-09-29T18:10:32.053+0200: 16.126: [GC (Allocation Failure) 2020-09-29T18:10:32.053+0200: 16.126: [ParNew: 596523K->41419K(613440K), 0.0230751 secs] 599465K->44361K(2029056K), 0.0231499 secs] [Times: user=0.13 sys=0.00, real=0.02 secs] 
2020-09-29T18:10:32.134+0200: 16.206: [GC (Allocation Failure) 2020-09-29T18:10:32.134+0200: 16.206: [ParNew: 586763K->61739K(613440K), 0.0298833 secs] 589705K->64681K(2029056K), 0.0299760 secs] [Times: user=0.25 sys=0.00, real=0.03 secs] 
2020-09-29T18:10:32.213+0200: 16.286: [GC (Allocation Failure) 2020-09-29T18:10:32.213+0200: 16.286: [ParNew: 607083K->45428K(613440K), 0.0285158 secs] 610025K->48370K(2029056K), 0.0285870 secs] [Times: user=0.25 sys=0.00, real=0.03 secs] 
2020-09-29T18:10:32.291+0200: 16.364: [GC (Allocation Failure) 2020-09-29T18:10:32.291+0200: 16.364: [ParNew: 590772K->42030K(613440K), 0.0212933 secs] 593714K->44972K(2029056K), 0.0213672 secs] [Times: user=0.13 sys=0.00, real=0.02 secs] 
2020-09-29T18:10:32.369+0200: 16.441: [GC (Allocation Failure) 2020-09-29T18:10:32.369+0200: 16.441: [ParNew: 587374K->59417K(613440K), 0.0329050 secs] 590316K->62360K(2029056K), 0.0329743 secs] [Times: user=0.25 sys=0.00, real=0.03 secs] 
2020-09-29T18:10:32.451+0200: 16.524: [GC (Allocation Failure) 2020-09-29T18:10:32.451+0200: 16.524: [ParNew: 604761K->50589K(613440K), 0.0242301 secs] 607704K->53532K(2029056K), 0.0243098 secs] [Times: user=0.25 sys=0.00, real=0.03 secs] 
2020-09-29T18:10:32.530+0200: 16.602: [GC (Allocation Failure) 2020-09-29T18:10:32.530+0200: 16.602: [ParNew: 595933K->68096K(613440K), 0.0325281 secs] 598876K->71038K(2029056K), 0.0326068 secs] [Times: user=0.25 sys=0.00, real=0.03 secs] 
2020-09-29T18:10:32.614+0200: 16.687: [GC (Allocation Failure) 2020-09-29T18:10:32.614+0200: 16.687: [ParNew: 613440K->48652K(613440K), 0.0241648 secs] 616382K->51594K(2029056K), 0.0242345 secs] [Times: user=0.13 sys=0.00, real=0.02 secs] 
2020-09-29T18:10:32.692+0200: 16.765: [GC (Allocation Failure) 2020-09-29T18:10:32.692+0200: 16.765: [ParNew: 593996K->31703K(613440K), 0.0139945 secs] 596938K->34646K(2029056K), 0.0140630 secs] [Times: user=0.00 sys=0.00, real=0.01 secs] 
2020-09-29T18:10:32.762+0200: 16.835: [GC (Allocation Failure) 2020-09-29T18:10:32.762+0200: 16.835: [ParNew: 577047K->43457K(613440K), 0.0285781 secs] 579990K->46399K(2029056K), 0.0286651 secs] [Times: user=0.25 sys=0.00, real=0.03 secs] 
2020-09-29T18:10:32.841+0200: 16.913: [GC (Allocation Failure) 2020-09-29T18:10:32.841+0200: 16.913: [ParNew: 588801K->58518K(613440K), 0.0278556 secs] 591743K->61460K(2029056K), 0.0279618 secs] [Times: user=0.25 sys=0.00, real=0.03 secs] 
2020-09-29T18:10:32.915+0200: 16.988: [GC (Allocation Failure) 2020-09-29T18:10:32.915+0200: 16.988: [ParNew: 603862K->42245K(613440K), 0.0261684 secs] 606804K->45187K(2029056K), 0.0262354 secs] [Times: user=0.13 sys=0.00, real=0.03 secs] 
2020-09-29T18:10:32.996+0200: 17.069: [GC (Allocation Failure) 2020-09-29T18:10:32.996+0200: 17.069: [ParNew: 587589K->61178K(613440K), 0.0309300 secs] 590531K->64120K(2029056K), 0.0326752 secs] [Times: user=0.25 sys=0.00, real=0.03 secs] 
2020-09-29T18:10:33.078+0200: 17.151: [GC (Allocation Failure) 2020-09-29T18:10:33.078+0200: 17.151: [ParNew: 606522K->42594K(613440K), 0.0221918 secs] 609464K->45537K(2029056K), 0.0222761 secs] [Times: user=0.25 sys=0.00, real=0.02 secs] 
2020-09-29T18:10:33.149+0200: 17.222: [GC (Allocation Failure) 2020-09-29T18:10:33.149+0200: 17.222: [ParNew: 587938K->59192K(613440K), 0.0279454 secs] 590881K->62134K(2029056K), 0.0280305 secs] [Times: user=0.25 sys=0.00, real=0.03 secs] 
2020-09-29T18:10:33.225+0200: 17.298: [GC (Allocation Failure) 2020-09-29T18:10:33.225+0200: 17.298: [ParNew: 604536K->44230K(613440K), 0.0278231 secs] 607478K->47172K(2029056K), 0.0279184 secs] [Times: user=0.13 sys=0.00, real=0.03 secs] 
2020-09-29T18:10:33.309+0200: 17.382: [GC (Allocation Failure) 2020-09-29T18:10:33.309+0200: 17.382: [ParNew: 589574K->40925K(613440K), 0.0265592 secs] 592516K->43867K(2029056K), 0.0266286 secs] [Times: user=0.25 sys=0.00, real=0.03 secs] 
2020-09-29T18:10:33.386+0200: 17.459: [GC (Allocation Failure) 2020-09-29T18:10:33.386+0200: 17.459: [ParNew: 586269K->36030K(613440K), 0.0157159 secs] 589211K->38972K(2029056K), 0.0157847 secs] [Times: user=0.13 sys=0.00, real=0.02 secs] 
2020-09-29T18:10:33.460+0200: 17.533: [GC (Allocation Failure) 2020-09-29T18:10:33.460+0200: 17.533: [ParNew: 581374K->58089K(613440K), 0.0309967 secs] 584316K->61032K(2029056K), 0.0310774 secs] [Times: user=0.25 sys=0.00, real=0.03 secs] 
2020-09-29T18:10:33.539+0200: 17.612: [GC (Allocation Failure) 2020-09-29T18:10:33.539+0200: 17.612: [ParNew: 603433K->68096K(613440K), 0.0306431 secs] 606376K->71038K(2029056K), 0.0307344 secs] [Times: user=0.25 sys=0.00, real=0.03 secs] 
2020-09-29T18:10:33.622+0200: 17.695: [GC (Allocation Failure) 2020-09-29T18:10:33.622+0200: 17.695: [ParNew: 613440K->46355K(613440K), 0.0224005 secs] 616382K->49297K(2029056K), 0.0224812 secs] [Times: user=0.11 sys=0.00, real=0.02 secs] 
2020-09-29T18:10:33.702+0200: 17.775: [GC (Allocation Failure) 2020-09-29T18:10:33.702+0200: 17.775: [ParNew: 591699K->45682K(613440K), 0.0284972 secs] 594641K->48624K(2029056K), 0.0285643 secs] [Times: user=0.25 sys=0.00, real=0.03 secs] 
2020-09-29T18:10:33.781+0200: 17.854: [GC (Allocation Failure) 2020-09-29T18:10:33.781+0200: 17.854: [ParNew: 591026K->39284K(613440K), 0.0197812 secs] 593968K->42226K(2029056K), 0.0198567 secs] [Times: user=0.13 sys=0.00, real=0.02 secs] 
2020-09-29T18:10:33.855+0200: 17.928: [GC (Allocation Failure) 2020-09-29T18:10:33.855+0200: 17.928: [ParNew: 584628K->39203K(613440K), 0.0261782 secs] 587570K->42145K(2029056K), 0.0262586 secs] [Times: user=0.25 sys=0.00, real=0.03 secs] 
2020-09-29T18:10:33.932+0200: 18.005: [GC (Allocation Failure) 2020-09-29T18:10:33.932+0200: 18.005: [ParNew: 584547K->56678K(613440K), 0.0263323 secs] 587489K->59621K(2029056K), 0.0264019 secs] [Times: user=0.25 sys=0.00, real=0.03 secs] 
2020-09-29T18:10:34.012+0200: 18.085: [GC (Allocation Failure) 2020-09-29T18:10:34.012+0200: 18.085: [ParNew: 602022K->39126K(613440K), 0.0263680 secs] 604965K->42069K(2029056K), 0.0264327 secs] [Times: user=0.25 sys=0.00, real=0.03 secs] 
2020-09-29T18:10:34.085+0200: 18.158: [GC (Allocation Failure) 2020-09-29T18:10:34.085+0200: 18.158: [ParNew: 584470K->34505K(613440K), 0.0225538 secs] 587413K->37447K(2029056K), 0.0226282 secs] [Times: user=0.13 sys=0.00, real=0.02 secs] 
2020-09-29T18:10:34.162+0200: 18.235: [GC (Allocation Failure) 2020-09-29T18:10:34.162+0200: 18.235: [ParNew: 579849K->33331K(613440K), 0.0215845 secs] 582791K->36274K(2029056K), 0.0216544 secs] [Times: user=0.13 sys=0.00, real=0.02 secs] 
2020-09-29T18:10:34.237+0200: 18.310: [GC (Allocation Failure) 2020-09-29T18:10:34.237+0200: 18.310: [ParNew: 578675K->33929K(613440K), 0.0201031 secs] 581618K->36871K(2029056K), 0.0201722 secs] [Times: user=0.25 sys=0.00, real=0.02 secs] 
2020-09-29T18:10:34.314+0200: 18.387: [GC (Allocation Failure) 2020-09-29T18:10:34.314+0200: 18.387: [ParNew: 579273K->33154K(613440K), 0.0186375 secs] 582215K->36096K(2029056K), 0.0187062 secs] [Times: user=0.25 sys=0.00, real=0.02 secs] 
2020-09-29T18:10:34.391+0200: 18.464: [GC (Allocation Failure) 2020-09-29T18:10:34.391+0200: 18.464: [ParNew: 578498K->49479K(613440K), 0.0262180 secs] 581440K->52422K(2029056K), 0.0262904 secs] [Times: user=0.25 sys=0.00, real=0.03 secs] 
2020-09-29T18:10:34.468+0200: 18.541: [GC (Allocation Failure) 2020-09-29T18:10:34.468+0200: 18.541: [ParNew: 594823K->62429K(613440K), 0.0327160 secs] 597766K->65371K(2029056K), 0.0327865 secs] [Times: user=0.25 sys=0.00, real=0.03 secs] 
2020-09-29T18:10:34.549+0200: 18.622: [GC (Allocation Failure) 2020-09-29T18:10:34.549+0200: 18.622: [ParNew: 607773K->43231K(613440K), 0.0156347 secs] 610715K->46173K(2029056K), 0.0157063 secs] [Times: user=0.13 sys=0.00, real=0.02 secs] 
2020-09-29T18:10:34.613+0200: 18.686: [GC (Allocation Failure) 2020-09-29T18:10:34.613+0200: 18.686: [ParNew: 588575K->36413K(613440K), 0.0205316 secs] 591517K->39356K(2029056K), 0.0206219 secs] [Times: user=0.25 sys=0.00, real=0.02 secs] 
2020-09-29T18:10:34.683+0200: 18.756: [GC (Allocation Failure) 2020-09-29T18:10:34.683+0200: 18.756: [ParNew: 581757K->42274K(613440K), 0.0279582 secs] 584700K->45217K(2029056K), 0.0280363 secs] [Times: user=0.25 sys=0.00, real=0.03 secs] 
2020-09-29T18:10:34.759+0200: 18.832: [GC (Allocation Failure) 2020-09-29T18:10:34.759+0200: 18.832: [ParNew: 587493K->32005K(613440K), 0.0195070 secs] 590435K->34947K(2029056K), 0.0196119 secs] [Times: user=0.13 sys=0.00, real=0.02 secs] 
2020-09-29T18:10:34.828+0200: 18.901: [GC (Allocation Failure) 2020-09-29T18:10:34.828+0200: 18.901: [ParNew: 577349K->35839K(613440K), 0.0221769 secs] 580291K->38781K(2029056K), 0.0222533 secs] [Times: user=0.25 sys=0.00, real=0.02 secs] 
2020-09-29T18:10:34.908+0200: 18.980: [GC (Allocation Failure) 2020-09-29T18:10:34.908+0200: 18.980: [ParNew: 581183K->26285K(613440K), 0.0144825 secs] 584125K->29227K(2029056K), 0.0145494 secs] [Times: user=0.13 sys=0.00, real=0.01 secs] 
2020-09-29T18:10:34.987+0200: 19.060: [GC (Allocation Failure) 2020-09-29T18:10:34.987+0200: 19.060: [ParNew: 571629K->46763K(613440K), 0.0281439 secs] 574571K->49705K(2029056K), 0.0282295 secs] [Times: user=0.25 sys=0.00, real=0.03 secs] 
2020-09-29T18:10:35.072+0200: 19.145: [GC (Allocation Failure) 2020-09-29T18:10:35.072+0200: 19.145: [ParNew: 592107K->35590K(613440K), 0.0201336 secs] 595049K->38532K(2029056K), 0.0202068 secs] [Times: user=0.13 sys=0.00, real=0.02 secs] 
2020-09-29T18:10:35.152+0200: 19.225: [GC (Allocation Failure) 2020-09-29T18:10:35.152+0200: 19.225: [ParNew: 580934K->28694K(613440K), 0.0175930 secs] 583876K->31636K(2029056K), 0.0176658 secs] [Times: user=0.13 sys=0.00, real=0.02 secs] 
2020-09-29T18:10:35.221+0200: 19.294: [GC (Allocation Failure) 2020-09-29T18:10:35.221+0200: 19.294: [ParNew: 574038K->44013K(613440K), 0.0251951 secs] 576980K->46955K(2029056K), 0.0252701 secs] [Times: user=0.25 sys=0.00, real=0.03 secs] 
2020-09-29T18:10:35.300+0200: 19.373: [GC (Allocation Failure) 2020-09-29T18:10:35.300+0200: 19.373: [ParNew: 589357K->39991K(613440K), 0.0243163 secs] 592299K->42933K(2029056K), 0.0243977 secs] [Times: user=0.25 sys=0.00, real=0.02 secs] 
2020-09-29T18:10:35.387+0200: 19.460: [GC (Allocation Failure) 2020-09-29T18:10:35.387+0200: 19.460: [ParNew: 585335K->37343K(613440K), 0.0243391 secs] 588277K->40285K(2029056K), 0.0244147 secs] [Times: user=0.25 sys=0.00, real=0.02 secs] 
2020-09-29T18:10:35.464+0200: 19.537: [GC (Allocation Failure) 2020-09-29T18:10:35.464+0200: 19.537: [ParNew: 582687K->38930K(613440K), 0.0226803 secs] 585629K->41872K(2029056K), 0.0227636 secs] [Times: user=0.13 sys=0.00, real=0.02 secs] 
2020-09-29T18:10:35.541+0200: 19.613: [GC (Allocation Failure) 2020-09-29T18:10:35.541+0200: 19.613: [ParNew: 584274K->29637K(613440K), 0.0204310 secs] 587216K->32579K(2029056K), 0.0205003 secs] [Times: user=0.13 sys=0.00, real=0.02 secs] 
2020-09-29T18:10:35.619+0200: 19.692: [GC (Allocation Failure) 2020-09-29T18:10:35.619+0200: 19.692: [ParNew: 574981K->29066K(613440K), 0.0163604 secs] 577923K->32008K(2029056K), 0.0164434 secs] [Times: user=0.13 sys=0.00, real=0.02 secs] 
2020-09-29T18:10:35.685+0200: 19.758: [GC (Allocation Failure) 2020-09-29T18:10:35.685+0200: 19.758: [ParNew: 574410K->44525K(613440K), 0.0231070 secs] 577352K->47467K(2029056K), 0.0231743 secs] [Times: user=0.25 sys=0.00, real=0.02 secs] 
2020-09-29T18:10:35.768+0200: 19.841: [GC (Allocation Failure) 2020-09-29T18:10:35.768+0200: 19.841: [ParNew: 589869K->53890K(613440K), 0.0287386 secs] 592811K->56832K(2029056K), 0.0288185 secs] [Times: user=0.25 sys=0.00, real=0.03 secs] 
2020-09-29T18:10:35.852+0200: 19.925: [GC (Allocation Failure) 2020-09-29T18:10:35.852+0200: 19.925: [ParNew: 599234K->44555K(613440K), 0.0283608 secs] 602176K->47497K(2029056K), 0.0284354 secs] [Times: user=0.25 sys=0.00, real=0.03 secs] 
2020-09-29T18:10:35.933+0200: 20.006: [GC (Allocation Failure) 2020-09-29T18:10:35.933+0200: 20.006: [ParNew: 589899K->42816K(613440K), 0.0276676 secs] 592841K->45759K(2029056K), 0.0277448 secs] [Times: user=0.25 sys=0.00, real=0.03 secs] 
2020-09-29T18:10:36.014+0200: 20.086: [GC (Allocation Failure) 2020-09-29T18:10:36.014+0200: 20.087: [ParNew: 588160K->44102K(613440K), 0.0259994 secs] 591103K->47045K(2029056K), 0.0260838 secs] [Times: user=0.25 sys=0.00, real=0.03 secs] 
2020-09-29T18:10:36.091+0200: 20.164: [GC (Allocation Failure) 2020-09-29T18:10:36.091+0200: 20.164: [ParNew: 589446K->64842K(613440K), 0.0330098 secs] 592389K->67784K(2029056K), 0.0330799 secs] [Times: user=0.25 sys=0.00, real=0.03 secs] 
2020-09-29T18:10:36.174+0200: 20.247: [GC (Allocation Failure) 2020-09-29T18:10:36.174+0200: 20.247: [ParNew: 610186K->51971K(613440K), 0.0314095 secs] 613128K->54913K(2029056K), 0.0314763 secs] [Times: user=0.25 sys=0.00, real=0.03 secs] 
2020-09-29T18:10:36.260+0200: 20.333: [GC (Allocation Failure) 2020-09-29T18:10:36.260+0200: 20.333: [ParNew: 597315K->52748K(613440K), 0.0301326 secs] 600257K->55691K(2029056K), 0.0302057 secs] [Times: user=0.25 sys=0.00, real=0.03 secs] 
2020-09-29T18:10:36.339+0200: 20.412: [GC (Allocation Failure) 2020-09-29T18:10:36.340+0200: 20.412: [ParNew: 598092K->68096K(613440K), 0.0377022 secs] 601035K->72618K(2029056K), 0.0377791 secs] [Times: user=0.25 sys=0.00, real=0.04 secs] 
2020-09-29T18:10:36.424+0200: 20.497: [GC (Allocation Failure) 2020-09-29T18:10:36.424+0200: 20.497: [ParNew: 613440K->57328K(613440K), 0.0279460 secs] 617962K->61850K(2029056K), 0.0280126 secs] [Times: user=0.25 sys=0.00, real=0.03 secs] 
2020-09-29T18:10:36.502+0200: 20.575: [GC (Allocation Failure) 2020-09-29T18:10:36.502+0200: 20.575: [ParNew: 602672K->42790K(613440K), 0.0276878 secs] 607194K->47313K(2029056K), 0.0277906 secs] [Times: user=0.25 sys=0.00, real=0.03 secs] 
2020-09-29T18:10:36.584+0200: 20.656: [GC (Allocation Failure) 2020-09-29T18:10:36.584+0200: 20.656: [ParNew: 588134K->57038K(613440K), 0.0289720 secs] 592657K->61560K(2029056K), 0.0290436 secs] [Times: user=0.11 sys=0.00, real=0.03 secs] 
2020-09-29T18:10:36.666+0200: 20.738: [GC (Allocation Failure) 2020-09-29T18:10:36.666+0200: 20.738: [ParNew: 602382K->49397K(613440K), 0.0251270 secs] 606904K->53919K(2029056K), 0.0251959 secs] [Times: user=0.13 sys=0.00, real=0.03 secs] 
2020-09-29T18:10:36.741+0200: 20.814: [GC (Allocation Failure) 2020-09-29T18:10:36.741+0200: 20.814: [ParNew: 594741K->52473K(613440K), 0.0290641 secs] 599263K->56996K(2029056K), 0.0291435 secs] [Times: user=0.23 sys=0.00, real=0.03 secs] 
2020-09-29T18:10:36.818+0200: 20.891: [GC (Allocation Failure) 2020-09-29T18:10:36.818+0200: 20.891: [ParNew: 597817K->60882K(613440K), 0.0350914 secs] 602340K->65405K(2029056K), 0.0351814 secs] [Times: user=0.25 sys=0.00, real=0.03 secs] 
2020-09-29T18:10:36.909+0200: 20.982: [GC (Allocation Failure) 2020-09-29T18:10:36.909+0200: 20.982: [ParNew: 606226K->68096K(613440K), 0.0331944 secs] 610749K->72752K(2029056K), 0.0332692 secs] [Times: user=0.38 sys=0.00, real=0.03 secs] 
2020-09-29T18:10:36.993+0200: 21.066: [GC (Allocation Failure) 2020-09-29T18:10:36.993+0200: 21.066: [ParNew: 613440K->30225K(613440K), 0.0243525 secs] 618096K->34881K(2029056K), 0.0244227 secs] [Times: user=0.13 sys=0.00, real=0.02 secs] 
2020-09-29T18:10:37.081+0200: 21.153: [GC (Allocation Failure) 2020-09-29T18:10:37.081+0200: 21.153: [ParNew: 575569K->28377K(613440K), 0.0247367 secs] 580225K->33033K(2029056K), 0.0282727 secs] [Times: user=0.25 sys=0.00, real=0.03 secs] 
2020-09-29T18:10:37.174+0200: 21.247: [GC (Allocation Failure) 2020-09-29T18:10:37.174+0200: 21.247: [ParNew: 573721K->29758K(613440K), 0.0200786 secs] 578377K->34414K(2029056K), 0.0201551 secs] [Times: user=0.25 sys=0.00, real=0.02 secs] 
2020-09-29T18:10:37.252+0200: 21.325: [GC (Allocation Failure) 2020-09-29T18:10:37.252+0200: 21.325: [ParNew: 575102K->44565K(613440K), 0.0297229 secs] 579758K->49221K(2029056K), 0.0297988 secs] [Times: user=0.25 sys=0.00, real=0.03 secs] 
2020-09-29T18:10:37.344+0200: 21.417: [GC (Allocation Failure) 2020-09-29T18:10:37.344+0200: 21.417: [ParNew: 589909K->35906K(613440K), 0.0268412 secs] 594565K->40562K(2029056K), 0.0269158 secs] [Times: user=0.25 sys=0.00, real=0.03 secs] 
2020-09-29T18:10:37.427+0200: 21.500: [GC (Allocation Failure) 2020-09-29T18:10:37.427+0200: 21.500: [ParNew: 581250K->58748K(613440K), 0.0354763 secs] 585906K->63404K(2029056K), 0.0355516 secs] [Times: user=0.25 sys=0.00, real=0.03 secs] 
2020-09-29T18:10:37.511+0200: 21.584: [GC (Allocation Failure) 2020-09-29T18:10:37.511+0200: 21.584: [ParNew: 604092K->46842K(613440K), 0.0242898 secs] 608748K->51498K(2029056K), 0.0243623 secs] [Times: user=0.13 sys=0.00, real=0.02 secs] 
2020-09-29T18:10:37.601+0200: 21.674: [GC (Allocation Failure) 2020-09-29T18:10:37.601+0200: 21.674: [ParNew: 592186K->44408K(613440K), 0.0337481 secs] 596842K->49064K(2029056K), 0.0338261 secs] [Times: user=0.25 sys=0.00, real=0.03 secs] 
2020-09-29T18:10:37.685+0200: 21.758: [GC (Allocation Failure) 2020-09-29T18:10:37.685+0200: 21.758: [ParNew: 589752K->53505K(613440K), 0.0329700 secs] 594408K->58161K(2029056K), 0.0330493 secs] [Times: user=0.25 sys=0.00, real=0.03 secs] 
2020-09-29T18:10:37.768+0200: 21.841: [GC (Allocation Failure) 2020-09-29T18:10:37.768+0200: 21.841: [ParNew: 598849K->40127K(613440K), 0.0224225 secs] 603505K->44783K(2029056K), 0.0225285 secs] [Times: user=0.25 sys=0.00, real=0.02 secs] 
2020-09-29T18:10:37.848+0200: 21.921: [GC (Allocation Failure) 2020-09-29T18:10:37.848+0200: 21.921: [ParNew: 585471K->41727K(613440K), 0.0294121 secs] 590127K->46383K(2029056K), 0.0294835 secs] [Times: user=0.13 sys=0.00, real=0.03 secs] 
2020-09-29T18:10:37.931+0200: 22.004: [GC (Allocation Failure) 2020-09-29T18:10:37.931+0200: 22.004: [ParNew: 587071K->48778K(613440K), 0.0290352 secs] 591727K->53434K(2029056K), 0.0291291 secs] [Times: user=0.25 sys=0.00, real=0.03 secs] 
2020-09-29T18:10:38.009+0200: 22.081: [GC (Allocation Failure) 2020-09-29T18:10:38.009+0200: 22.081: [ParNew: 594122K->40815K(613440K), 0.0280966 secs] 598778K->45471K(2029056K), 0.0281872 secs] [Times: user=0.25 sys=0.00, real=0.03 secs] 
2020-09-29T18:10:38.086+0200: 22.159: [GC (Allocation Failure) 2020-09-29T18:10:38.086+0200: 22.159: [ParNew: 586159K->38671K(613440K), 0.0266091 secs] 590815K->43328K(2029056K), 0.0266887 secs] [Times: user=0.13 sys=0.00, real=0.03 secs] 
2020-09-29T18:10:38.183+0200: 22.256: [GC (Allocation Failure) 2020-09-29T18:10:38.183+0200: 22.256: [ParNew: 584015K->32911K(613440K), 0.0280871 secs] 588672K->37567K(2029056K), 0.0281656 secs] [Times: user=0.25 sys=0.00, real=0.03 secs] 
2020-09-29T18:10:38.269+0200: 22.342: [GC (Allocation Failure) 2020-09-29T18:10:38.269+0200: 22.342: [ParNew: 578255K->34972K(613440K), 0.0218675 secs] 582911K->39628K(2029056K), 0.0219437 secs] [Times: user=0.25 sys=0.00, real=0.02 secs] 
2020-09-29T18:10:38.353+0200: 22.426: [GC (Allocation Failure) 2020-09-29T18:10:38.353+0200: 22.426: [ParNew: 580316K->30474K(613440K), 0.0209548 secs] 584972K->35130K(2029056K), 0.0210313 secs] [Times: user=0.13 sys=0.00, real=0.02 secs] 
2020-09-29T18:10:38.439+0200: 22.512: [GC (Allocation Failure) 2020-09-29T18:10:38.439+0200: 22.512: [ParNew: 575818K->58025K(613440K), 0.0375704 secs] 580474K->62681K(2029056K), 0.0407961 secs] [Times: user=0.38 sys=0.00, real=0.04 secs] 
2020-09-29T18:10:38.528+0200: 22.601: [GC (Allocation Failure) 2020-09-29T18:10:38.528+0200: 22.601: [ParNew: 603369K->49887K(613440K), 0.0279017 secs] 608025K->54543K(2029056K), 0.0279828 secs] [Times: user=0.25 sys=0.00, real=0.03 secs] 
2020-09-29T18:10:38.613+0200: 22.686: [GC (Allocation Failure) 2020-09-29T18:10:38.613+0200: 22.686: [ParNew: 595231K->62017K(613440K), 0.0351656 secs] 599887K->66673K(2029056K), 0.0352455 secs] [Times: user=0.38 sys=0.00, real=0.04 secs] 
2020-09-29T18:10:38.704+0200: 22.777: [GC (Allocation Failure) 2020-09-29T18:10:38.704+0200: 22.777: [ParNew: 607361K->45649K(613440K), 0.0247858 secs] 612017K->50305K(2029056K), 0.0248617 secs] [Times: user=0.25 sys=0.00, real=0.03 secs] 
2020-09-29T18:10:38.780+0200: 22.853: [GC (Allocation Failure) 2020-09-29T18:10:38.780+0200: 22.853: [ParNew: 590993K->45909K(613440K), 0.0340445 secs] 595649K->50565K(2029056K), 0.0341194 secs] [Times: user=0.25 sys=0.00, real=0.03 secs] 
2020-09-29T18:10:38.868+0200: 22.941: [GC (Allocation Failure) 2020-09-29T18:10:38.868+0200: 22.941: [ParNew: 591253K->47816K(613440K), 0.0329989 secs] 595909K->52472K(2029056K), 0.0330777 secs] [Times: user=0.25 sys=0.00, real=0.03 secs] 
2020-09-29T18:10:38.955+0200: 23.027: [GC (Allocation Failure) 2020-09-29T18:10:38.955+0200: 23.028: [ParNew: 593160K->39002K(613440K), 0.0242252 secs] 597816K->43658K(2029056K), 0.0243188 secs] [Times: user=0.25 sys=0.00, real=0.02 secs] 
2020-09-29T18:10:39.035+0200: 23.108: [GC (Allocation Failure) 2020-09-29T18:10:39.035+0200: 23.108: [ParNew: 584346K->40607K(613440K), 0.0282178 secs] 589002K->45264K(2029056K), 0.0282938 secs] [Times: user=0.25 sys=0.00, real=0.03 secs] 
2020-09-29T18:10:39.122+0200: 23.195: [GC (Allocation Failure) 2020-09-29T18:10:39.122+0200: 23.195: [ParNew: 585951K->56369K(613440K), 0.0278178 secs] 590608K->61025K(2029056K), 0.0279100 secs] [Times: user=0.25 sys=0.00, real=0.03 secs] 
2020-09-29T18:10:39.214+0200: 23.287: [GC (Allocation Failure) 2020-09-29T18:10:39.214+0200: 23.287: [ParNew: 601713K->42740K(613440K), 0.0268968 secs] 606369K->47396K(2029056K), 0.0269780 secs] [Times: user=0.25 sys=0.00, real=0.03 secs] 
2020-09-29T18:10:39.308+0200: 23.380: [GC (Allocation Failure) 2020-09-29T18:10:39.308+0200: 23.380: [ParNew: 588084K->59160K(613440K), 0.0352030 secs] 592740K->63816K(2029056K), 0.0352860 secs] [Times: user=0.23 sys=0.00, real=0.03 secs] 
2020-09-29T18:10:39.394+0200: 23.467: [GC (Allocation Failure) 2020-09-29T18:10:39.394+0200: 23.467: [ParNew: 604504K->44471K(613440K), 0.0267608 secs] 609160K->49127K(2029056K), 0.0268470 secs] [Times: user=0.25 sys=0.00, real=0.03 secs] 
2020-09-29T18:10:39.475+0200: 23.548: [GC (Allocation Failure) 2020-09-29T18:10:39.475+0200: 23.548: [ParNew: 589815K->57268K(613440K), 0.0350486 secs] 594471K->61924K(2029056K), 0.0351281 secs] [Times: user=0.22 sys=0.00, real=0.04 secs] 
2020-09-29T18:10:39.558+0200: 23.632: [GC (Allocation Failure) 2020-09-29T18:10:39.558+0200: 23.632: [ParNew: 602612K->44800K(613440K), 0.0298948 secs] 607268K->49456K(2029056K), 0.0299850 secs] [Times: user=0.25 sys=0.00, real=0.03 secs] 
2020-09-29T18:10:39.656+0200: 23.730: [GC (Allocation Failure) 2020-09-29T18:10:39.656+0200: 23.730: [ParNew: 590144K->41437K(613440K), 0.0302547 secs] 594800K->46093K(2029056K), 0.0303316 secs] [Times: user=0.23 sys=0.00, real=0.03 secs] 
2020-09-29T18:10:39.739+0200: 23.811: [GC (Allocation Failure) 2020-09-29T18:10:39.739+0200: 23.811: [ParNew: 586781K->44477K(613440K), 0.0287772 secs] 591437K->49134K(2029056K), 0.0288599 secs] [Times: user=0.13 sys=0.00, real=0.03 secs] 
2020-09-29T18:10:39.819+0200: 23.893: [GC (Allocation Failure) 2020-09-29T18:10:39.819+0200: 23.893: [ParNew: 589821K->33465K(613440K), 0.0162707 secs] 594478K->38121K(2029056K), 0.0194898 secs] [Times: user=0.13 sys=0.00, real=0.02 secs] 
2020-09-29T18:10:39.900+0200: 23.974: [GC (Allocation Failure) 2020-09-29T18:10:39.900+0200: 23.974: [ParNew: 578809K->33626K(613440K), 0.0234993 secs] 583465K->38282K(2029056K), 0.0235829 secs] [Times: user=0.13 sys=0.00, real=0.02 secs] 
2020-09-29T18:10:39.978+0200: 24.051: [GC (Allocation Failure) 2020-09-29T18:10:39.978+0200: 24.051: [ParNew: 578970K->43587K(613440K), 0.0313039 secs] 583626K->48244K(2029056K), 0.0313810 secs] [Times: user=0.25 sys=0.00, real=0.03 secs] 
2020-09-29T18:10:40.059+0200: 24.132: [GC (Allocation Failure) 2020-09-29T18:10:40.059+0200: 24.132: [ParNew: 588931K->37787K(613440K), 0.0219870 secs] 593588K->42443K(2029056K), 0.0220647 secs] [Times: user=0.13 sys=0.00, real=0.02 secs] 
2020-09-29T18:10:40.138+0200: 24.210: [GC (Allocation Failure) 2020-09-29T18:10:40.138+0200: 24.210: [ParNew: 583131K->39330K(613440K), 0.0295908 secs] 587787K->43986K(2029056K), 0.0296704 secs] [Times: user=0.25 sys=0.00, real=0.03 secs] 
2020-09-29T18:10:40.230+0200: 24.303: [GC (Allocation Failure) 2020-09-29T18:10:40.230+0200: 24.303: [ParNew: 584674K->53714K(613440K), 0.0283737 secs] 589330K->58370K(2029056K), 0.0284702 secs] [Times: user=0.25 sys=0.00, real=0.03 secs] 
2020-09-29T18:10:40.314+0200: 24.388: [GC (Allocation Failure) 2020-09-29T18:10:40.314+0200: 24.388: [ParNew: 599058K->40882K(613440K), 0.0258900 secs] 603714K->45538K(2029056K), 0.0259645 secs] [Times: user=0.25 sys=0.00, real=0.03 secs] 
2020-09-29T18:10:40.388+0200: 24.461: [GC (Allocation Failure) 2020-09-29T18:10:40.388+0200: 24.461: [ParNew: 586226K->53259K(613440K), 0.0308142 secs] 590882K->57915K(2029056K), 0.0308906 secs] [Times: user=0.25 sys=0.00, real=0.03 secs] 
2020-09-29T18:10:40.469+0200: 24.542: [GC (Allocation Failure) 2020-09-29T18:10:40.469+0200: 24.542: [ParNew: 598603K->47451K(613440K), 0.0301016 secs] 603259K->52107K(2029056K), 0.0301752 secs] [Times: user=0.25 sys=0.00, real=0.03 secs] 
2020-09-29T18:10:40.546+0200: 24.619: [GC (Allocation Failure) 2020-09-29T18:10:40.546+0200: 24.619: [ParNew: 592795K->46819K(613440K), 0.0291080 secs] 597451K->51475K(2029056K), 0.0292058 secs] [Times: user=0.25 sys=0.00, real=0.03 secs] 
2020-09-29T18:10:40.628+0200: 24.700: [GC (Allocation Failure) 2020-09-29T18:10:40.628+0200: 24.700: [ParNew: 592163K->34801K(613440K), 0.0197931 secs] 596819K->39457K(2029056K), 0.0198719 secs] [Times: user=0.22 sys=0.00, real=0.02 secs] 
2020-09-29T18:10:40.707+0200: 24.779: [GC (Allocation Failure) 2020-09-29T18:10:40.707+0200: 24.779: [ParNew: 580145K->49678K(613440K), 0.0346023 secs] 584801K->54334K(2029056K), 0.0346737 secs] [Times: user=0.38 sys=0.00, real=0.03 secs] 
2020-09-29T18:10:40.792+0200: 24.865: [GC (Allocation Failure) 2020-09-29T18:10:40.792+0200: 24.865: [ParNew: 595022K->40715K(613440K), 0.0255909 secs] 599678K->45371K(2029056K), 0.0256655 secs] [Times: user=0.13 sys=0.00, real=0.02 secs] 
2020-09-29T18:10:40.869+0200: 24.942: [GC (Allocation Failure) 2020-09-29T18:10:40.869+0200: 24.942: [ParNew: 586059K->60075K(613440K), 0.0315005 secs] 590715K->64732K(2029056K), 0.0315747 secs] [Times: user=0.25 sys=0.00, real=0.03 secs] 
2020-09-29T18:10:40.964+0200: 25.037: [GC (Allocation Failure) 2020-09-29T18:10:40.964+0200: 25.037: [ParNew: 605419K->43220K(613440K), 0.0301079 secs] 610076K->47876K(2029056K), 0.0301880 secs] [Times: user=0.25 sys=0.00, real=0.03 secs] 
2020-09-29T18:10:41.059+0200: 25.132: [GC (Allocation Failure) 2020-09-29T18:10:41.059+0200: 25.132: [ParNew: 588564K->41387K(613440K), 0.0223744 secs] 593220K->46043K(2029056K), 0.0224650 secs] [Times: user=0.09 sys=0.00, real=0.02 secs] 
2020-09-29T18:10:41.147+0200: 25.219: [GC (Allocation Failure) 2020-09-29T18:10:41.147+0200: 25.219: [ParNew: 586731K->39308K(613440K), 0.0284456 secs] 591387K->43964K(2029056K), 0.0285206 secs] [Times: user=0.13 sys=0.00, real=0.03 secs] 
2020-09-29T18:10:41.238+0200: 25.311: [GC (Allocation Failure) 2020-09-29T18:10:41.238+0200: 25.311: [ParNew: 584652K->41207K(613440K), 0.0273331 secs] 589308K->45863K(2029056K), 0.0274223 secs] [Times: user=0.13 sys=0.00, real=0.03 secs] 
2020-09-29T18:10:41.315+0200: 25.389: [GC (Allocation Failure) 2020-09-29T18:10:41.315+0200: 25.389: [ParNew: 586551K->38714K(613440K), 0.0256827 secs] 591207K->43370K(2029056K), 0.0257601 secs] [Times: user=0.25 sys=0.00, real=0.03 secs] 
2020-09-29T18:10:41.405+0200: 25.477: [GC (Allocation Failure) 2020-09-29T18:10:41.405+0200: 25.477: [ParNew: 584058K->34167K(613440K), 0.0271159 secs] 588714K->38823K(2029056K), 0.0272092 secs] [Times: user=0.25 sys=0.00, real=0.03 secs] 
2020-09-29T18:10:41.487+0200: 25.560: [GC (Allocation Failure) 2020-09-29T18:10:41.487+0200: 25.560: [ParNew: 579511K->32228K(613440K), 0.0238335 secs] 584167K->36885K(2029056K), 0.0239156 secs] [Times: user=0.25 sys=0.00, real=0.02 secs] 
2020-09-29T18:10:41.567+0200: 25.640: [GC (Allocation Failure) 2020-09-29T18:10:41.567+0200: 25.640: [ParNew: 577572K->49679K(613440K), 0.0330755 secs] 582229K->54335K(2029056K), 0.0331662 secs] [Times: user=0.22 sys=0.00, real=0.03 secs] 
2020-09-29T18:10:41.658+0200: 25.731: [GC (Allocation Failure) 2020-09-29T18:10:41.658+0200: 25.731: [ParNew: 595023K->36550K(613440K), 0.0192992 secs] 599679K->41207K(2029056K), 0.0193798 secs] [Times: user=0.22 sys=0.00, real=0.02 secs] 
2020-09-29T18:10:41.741+0200: 25.814: [GC (Allocation Failure) 2020-09-29T18:10:41.741+0200: 25.814: [ParNew: 581894K->49378K(613440K), 0.0361399 secs] 586551K->54034K(2029056K), 0.0362351 secs] [Times: user=0.25 sys=0.00, real=0.04 secs] 
2020-09-29T18:10:41.827+0200: 25.900: [GC (Allocation Failure) 2020-09-29T18:10:41.827+0200: 25.900: [ParNew: 594722K->68096K(613440K), 0.0220899 secs] 599378K->72752K(2029056K), 0.0221486 secs] [Times: user=0.25 sys=0.00, real=0.02 secs] 
2020-09-29T18:10:41.897+0200: 25.969: [GC (Allocation Failure) 2020-09-29T18:10:41.897+0200: 25.969: [ParNew: 613440K->48276K(613440K), 0.0212222 secs] 618096K->52932K(2029056K), 0.0212773 secs] [Times: user=0.13 sys=0.00, real=0.02 secs] 
2020-09-29T18:10:41.965+0200: 26.038: [GC (Allocation Failure) 2020-09-29T18:10:41.965+0200: 26.038: [ParNew: 593620K->49652K(613440K), 0.0202096 secs] 598276K->54308K(2029056K), 0.0202663 secs] [Times: user=0.13 sys=0.00, real=0.02 secs] 
2020-09-29T18:10:42.033+0200: 26.106: [GC (Allocation Failure) 2020-09-29T18:10:42.033+0200: 26.106: [ParNew: 594996K->41321K(613440K), 0.0188323 secs] 599652K->45978K(2029056K), 0.0189029 secs] [Times: user=0.25 sys=0.00, real=0.02 secs] 
2020-09-29T18:10:42.100+0200: 26.173: [GC (Allocation Failure) 2020-09-29T18:10:42.100+0200: 26.173: [ParNew: 586665K->42349K(613440K), 0.0176758 secs] 591322K->47005K(2029056K), 0.0177396 secs] [Times: user=0.13 sys=0.00, real=0.02 secs] 
2020-09-29T18:10:42.170+0200: 26.243: [GC (Allocation Failure) 2020-09-29T18:10:42.170+0200: 26.243: [ParNew: 587693K->38608K(613440K), 0.0180292 secs] 592349K->43264K(2029056K), 0.0180896 secs] [Times: user=0.13 sys=0.00, real=0.02 secs] 
2020-09-29T18:10:42.235+0200: 26.308: [GC (Allocation Failure) 2020-09-29T18:10:42.235+0200: 26.308: [ParNew: 583952K->62554K(613440K), 0.0212904 secs] 588608K->67210K(2029056K), 0.0213486 secs] [Times: user=0.24 sys=0.00, real=0.02 secs] 
2020-09-29T18:10:42.306+0200: 26.379: [GC (Allocation Failure) 2020-09-29T18:10:42.306+0200: 26.379: [ParNew: 607898K->45855K(613440K), 0.0168375 secs] 612554K->50511K(2029056K), 0.0169001 secs] [Times: user=0.13 sys=0.00, real=0.02 secs] 
2020-09-29T18:10:42.370+0200: 26.443: [GC (Allocation Failure) 2020-09-29T18:10:42.370+0200: 26.443: [ParNew: 591199K->63237K(613440K), 0.0207311 secs] 595855K->67893K(2029056K), 0.0207987 secs] [Times: user=0.13 sys=0.00, real=0.02 secs] 
2020-09-29T18:10:42.440+0200: 26.513: [GC (Allocation Failure) 2020-09-29T18:10:42.440+0200: 26.513: [ParNew: 608581K->45374K(613440K), 0.0212139 secs] 613237K->50030K(2029056K), 0.0213177 secs] [Times: user=0.25 sys=0.00, real=0.02 secs] 
2020-09-29T18:10:42.509+0200: 26.582: [GC (Allocation Failure) 2020-09-29T18:10:42.509+0200: 26.582: [ParNew: 590718K->37560K(613440K), 0.0146538 secs] 595374K->42216K(2029056K), 0.0147218 secs] [Times: user=0.13 sys=0.00, real=0.01 secs] 
2020-09-29T18:10:42.576+0200: 26.648: [GC (Allocation Failure) 2020-09-29T18:10:42.576+0200: 26.648: [ParNew: 582904K->31342K(613440K), 0.0136771 secs] 587560K->35998K(2029056K), 0.0137352 secs] [Times: user=0.11 sys=0.00, real=0.01 secs] 
2020-09-29T18:10:42.641+0200: 26.714: [GC (Allocation Failure) 2020-09-29T18:10:42.641+0200: 26.714: [ParNew: 576686K->48420K(613440K), 0.0184791 secs] 581342K->53076K(2029056K), 0.0185532 secs] [Times: user=0.13 sys=0.00, real=0.02 secs] 
2020-09-29T18:10:42.708+0200: 26.780: [GC (Allocation Failure) 2020-09-29T18:10:42.708+0200: 26.780: [ParNew: 593764K->37677K(613440K), 0.0166824 secs] 598420K->42333K(2029056K), 0.0167380 secs] [Times: user=0.13 sys=0.00, real=0.02 secs] 
2020-09-29T18:10:42.773+0200: 26.845: [GC (Allocation Failure) 2020-09-29T18:10:42.773+0200: 26.845: [ParNew: 583021K->37723K(613440K), 0.0174816 secs] 587677K->42379K(2029056K), 0.0175417 secs] [Times: user=0.13 sys=0.00, real=0.02 secs] 
2020-09-29T18:10:42.839+0200: 26.911: [GC (Allocation Failure) 2020-09-29T18:10:42.839+0200: 26.911: [ParNew: 583067K->61146K(613440K), 0.0208449 secs] 587723K->65803K(2029056K), 0.0209068 secs] [Times: user=0.13 sys=0.00, real=0.02 secs] 
2020-09-29T18:10:42.906+0200: 26.978: [GC (Allocation Failure) 2020-09-29T18:10:42.906+0200: 26.978: [ParNew: 606403K->37367K(613440K), 0.0076873 secs] 611059K->42023K(2029056K), 0.0077486 secs] [Times: user=0.13 sys=0.00, real=0.01 secs] 
2020-09-29T18:10:42.962+0200: 27.035: [GC (Allocation Failure) 2020-09-29T18:10:42.962+0200: 27.035: [ParNew: 582711K->42489K(613440K), 0.0178591 secs] 587367K->47145K(2029056K), 0.0179159 secs] [Times: user=0.13 sys=0.00, real=0.02 secs] 
2020-09-29T18:10:43.034+0200: 27.106: [GC (Allocation Failure) 2020-09-29T18:10:43.034+0200: 27.106: [ParNew: 587833K->55380K(613440K), 0.0228415 secs] 592489K->60036K(2029056K), 0.0229187 secs] [Times: user=0.25 sys=0.00, real=0.02 secs] 
2020-09-29T18:10:43.105+0200: 27.177: [GC (Allocation Failure) 2020-09-29T18:10:43.105+0200: 27.177: [ParNew: 600724K->44203K(613440K), 0.0177771 secs] 605380K->48859K(2029056K), 0.0178332 secs] [Times: user=0.13 sys=0.00, real=0.02 secs] 
2020-09-29T18:10:43.169+0200: 27.241: [GC (Allocation Failure) 2020-09-29T18:10:43.169+0200: 27.242: [ParNew: 589547K->64301K(613440K), 0.0218247 secs] 594203K->68957K(2029056K), 0.0219060 secs] [Times: user=0.13 sys=0.00, real=0.02 secs] 
2020-09-29T18:10:43.238+0200: 27.310: [GC (Allocation Failure) 2020-09-29T18:10:43.238+0200: 27.310: [ParNew: 609645K->45168K(613440K), 0.0154927 secs] 614301K->49824K(2029056K), 0.0155521 secs] [Times: user=0.13 sys=0.00, real=0.02 secs] 
2020-09-29T18:10:43.302+0200: 27.374: [GC (Allocation Failure) 2020-09-29T18:10:43.302+0200: 27.374: [ParNew: 590512K->62493K(613440K), 0.0241857 secs] 595168K->67149K(2029056K), 0.0242463 secs] [Times: user=0.13 sys=0.00, real=0.02 secs] 
2020-09-29T18:10:43.373+0200: 27.445: [GC (Allocation Failure) 2020-09-29T18:10:43.373+0200: 27.445: [ParNew: 607837K->40950K(613440K), 0.0129843 secs] 612493K->45606K(2029056K), 0.0130599 secs] [Times: user=0.13 sys=0.00, real=0.01 secs] 
2020-09-29T18:10:43.433+0200: 27.505: [GC (Allocation Failure) 2020-09-29T18:10:43.433+0200: 27.505: [ParNew: 586294K->37218K(613440K), 0.0179693 secs] 590950K->41874K(2029056K), 0.0180472 secs] [Times: user=0.13 sys=0.00, real=0.02 secs] 
2020-09-29T18:10:43.497+0200: 27.570: [GC (Allocation Failure) 2020-09-29T18:10:43.497+0200: 27.570: [ParNew: 582562K->59173K(613440K), 0.0217411 secs] 587218K->63829K(2029056K), 0.0217975 secs] [Times: user=0.13 sys=0.00, real=0.02 secs] 
2020-09-29T18:10:43.567+0200: 27.640: [GC (Allocation Failure) 2020-09-29T18:10:43.567+0200: 27.640: [ParNew: 604517K->43216K(613440K), 0.0154962 secs] 609173K->47872K(2029056K), 0.0155639 secs] [Times: user=0.11 sys=0.00, real=0.02 secs] 
2020-09-29T18:10:43.634+0200: 27.706: [GC (Allocation Failure) 2020-09-29T18:10:43.634+0200: 27.706: [ParNew: 588560K->42548K(613440K), 0.0198293 secs] 593216K->47204K(2029056K), 0.0198938 secs] [Times: user=0.13 sys=0.00, real=0.02 secs] 
2020-09-29T18:10:43.702+0200: 27.775: [GC (Allocation Failure) 2020-09-29T18:10:43.702+0200: 27.775: [ParNew: 587892K->40830K(613440K), 0.0127179 secs] 592548K->45486K(2029056K), 0.0127750 secs] [Times: user=0.13 sys=0.00, real=0.01 secs] 
2020-09-29T18:10:43.766+0200: 27.839: [GC (Allocation Failure) 2020-09-29T18:10:43.767+0200: 27.839: [ParNew: 586174K->39192K(613440K), 0.0184480 secs] 590830K->43849K(2029056K), 0.0185500 secs] [Times: user=0.13 sys=0.00, real=0.02 secs] 
2020-09-29T18:10:43.833+0200: 27.906: [GC (Allocation Failure) 2020-09-29T18:10:43.833+0200: 27.906: [ParNew: 584536K->32667K(613440K), 0.0117907 secs] 589193K->37323K(2029056K), 0.0118496 secs] [Times: user=0.00 sys=0.00, real=0.01 secs] 
2020-09-29T18:10:43.893+0200: 27.965: [GC (Allocation Failure) 2020-09-29T18:10:43.893+0200: 27.965: [ParNew: 578011K->30465K(613440K), 0.0161518 secs] 582667K->35121K(2029056K), 0.0162022 secs] [Times: user=0.13 sys=0.00, real=0.02 secs] 
2020-09-29T18:10:43.956+0200: 28.029: [GC (Allocation Failure) 2020-09-29T18:10:43.956+0200: 28.029: [ParNew: 575809K->29533K(613440K), 0.0152521 secs] 580465K->34190K(2029056K), 0.0153091 secs] [Times: user=0.13 sys=0.00, real=0.01 secs] 
2020-09-29T18:10:44.021+0200: 28.093: [GC (Allocation Failure) 2020-09-29T18:10:44.021+0200: 28.093: [ParNew: 574877K->27838K(613440K), 0.0155338 secs] 579534K->32494K(2029056K), 0.0155991 secs] [Times: user=0.13 sys=0.00, real=0.02 secs] 
2020-09-29T18:10:44.084+0200: 28.157: [GC (Allocation Failure) 2020-09-29T18:10:44.084+0200: 28.157: [ParNew: 573182K->25737K(613440K), 0.0131407 secs] 577838K->30393K(2029056K), 0.0131993 secs] [Times: user=0.00 sys=0.00, real=0.01 secs] 
2020-09-29T18:10:44.148+0200: 28.220: [GC (Allocation Failure) 2020-09-29T18:10:44.148+0200: 28.220: [ParNew: 571081K->36387K(613440K), 0.0170584 secs] 575737K->41044K(2029056K), 0.0171178 secs] [Times: user=0.13 sys=0.00, real=0.02 secs] 
2020-09-29T18:10:44.214+0200: 28.286: [GC (Allocation Failure) 2020-09-29T18:10:44.214+0200: 28.286: [ParNew: 581731K->45576K(613440K), 0.0172048 secs] 586388K->50232K(2029056K), 0.0172794 secs] [Times: user=0.13 sys=0.00, real=0.02 secs] 
2020-09-29T18:10:44.280+0200: 28.352: [GC (Allocation Failure) 2020-09-29T18:10:44.280+0200: 28.352: [ParNew: 590920K->57052K(613440K), 0.0204644 secs] 595576K->61708K(2029056K), 0.0205300 secs] [Times: user=0.13 sys=0.00, real=0.02 secs] 
2020-09-29T18:10:44.349+0200: 28.421: [GC (Allocation Failure) 2020-09-29T18:10:44.349+0200: 28.421: [ParNew: 602396K->44344K(613440K), 0.0185583 secs] 607052K->49000K(2029056K), 0.0186121 secs] [Times: user=0.13 sys=0.00, real=0.02 secs] 
2020-09-29T18:10:44.417+0200: 28.489: [GC (Allocation Failure) 2020-09-29T18:10:44.417+0200: 28.489: [ParNew: 589688K->37395K(613440K), 0.0136881 secs] 594344K->42051K(2029056K), 0.0137478 secs] [Times: user=0.13 sys=0.00, real=0.01 secs] 
2020-09-29T18:10:44.480+0200: 28.552: [GC (Allocation Failure) 2020-09-29T18:10:44.480+0200: 28.552: [ParNew: 582739K->38108K(613440K), 0.0176383 secs] 587395K->42764K(2029056K), 0.0177116 secs] [Times: user=0.13 sys=0.00, real=0.02 secs] 
2020-09-29T18:10:44.545+0200: 28.618: [GC (Allocation Failure) 2020-09-29T18:10:44.545+0200: 28.618: [ParNew: 583452K->55999K(613440K), 0.0229631 secs] 588108K->60655K(2029056K), 0.0230243 secs] [Times: user=0.25 sys=0.00, real=0.02 secs] 
2020-09-29T18:10:44.617+0200: 28.690: [GC (Allocation Failure) 2020-09-29T18:10:44.617+0200: 28.690: [ParNew: 601343K->53241K(613440K), 0.0214700 secs] 605999K->57897K(2029056K), 0.0215268 secs] [Times: user=0.13 sys=0.00, real=0.02 secs] 
2020-09-29T18:10:44.690+0200: 28.763: [GC (Allocation Failure) 2020-09-29T18:10:44.690+0200: 28.763: [ParNew: 598585K->52409K(613440K), 0.0212270 secs] 603241K->57065K(2029056K), 0.0213207 secs] [Times: user=0.25 sys=0.00, real=0.02 secs] 
2020-09-29T18:10:44.759+0200: 28.832: [GC (Allocation Failure) 2020-09-29T18:10:44.759+0200: 28.832: [ParNew: 597753K->51423K(613440K), 0.0203210 secs] 602409K->56079K(2029056K), 0.0203889 secs] [Times: user=0.13 sys=0.00, real=0.02 secs] 
2020-09-29T18:10:44.827+0200: 28.900: [GC (Allocation Failure) 2020-09-29T18:10:44.827+0200: 28.900: [ParNew: 596767K->42903K(613440K), 0.0141739 secs] 601423K->47559K(2029056K), 0.0142292 secs] [Times: user=0.13 sys=0.00, real=0.02 secs] 
2020-09-29T18:10:44.891+0200: 28.963: [GC (Allocation Failure) 2020-09-29T18:10:44.891+0200: 28.963: [ParNew: 588247K->24988K(613440K), 0.0122314 secs] 592903K->29645K(2029056K), 0.0123001 secs] [Times: user=0.13 sys=0.00, real=0.01 secs] 
2020-09-29T18:10:44.953+0200: 29.026: [GC (Allocation Failure) 2020-09-29T18:10:44.953+0200: 29.026: [ParNew: 570332K->38690K(613440K), 0.0195846 secs] 574989K->43346K(2029056K), 0.0196550 secs] [Times: user=0.11 sys=0.00, real=0.02 secs] 
2020-09-29T18:10:45.020+0200: 29.092: [GC (Allocation Failure) 2020-09-29T18:10:45.020+0200: 29.092: [ParNew: 584034K->34446K(613440K), 0.0164826 secs] 588690K->39102K(2029056K), 0.0165413 secs] [Times: user=0.25 sys=0.00, real=0.02 secs] 
2020-09-29T18:10:45.094+0200: 29.167: [GC (Allocation Failure) 2020-09-29T18:10:45.094+0200: 29.167: [ParNew: 579790K->57790K(613440K), 0.0213322 secs] 584446K->62446K(2029056K), 0.0213997 secs] [Times: user=0.25 sys=0.00, real=0.02 secs] 
2020-09-29T18:10:45.163+0200: 29.235: [GC (Allocation Failure) 2020-09-29T18:10:45.163+0200: 29.235: [ParNew: 603134K->44631K(613440K), 0.0149666 secs] 607790K->49287K(2029056K), 0.0150399 secs] [Times: user=0.13 sys=0.00, real=0.01 secs] 
2020-09-29T18:10:45.226+0200: 29.298: [GC (Allocation Failure) 2020-09-29T18:10:45.226+0200: 29.298: [ParNew: 589975K->28784K(613440K), 0.0144119 secs] 594631K->33440K(2029056K), 0.0144747 secs] [Times: user=0.13 sys=0.00, real=0.01 secs] 
2020-09-29T18:10:45.288+0200: 29.361: [GC (Allocation Failure) 2020-09-29T18:10:45.291+0200: 29.363: [ParNew: 574128K->25823K(613440K), 0.0119258 secs] 578784K->30479K(2029056K), 0.0145717 secs] [Times: user=0.13 sys=0.00, real=0.01 secs] 
2020-09-29T18:10:45.350+0200: 29.423: [GC (Allocation Failure) 2020-09-29T18:10:45.350+0200: 29.423: [ParNew: 571167K->40644K(613440K), 0.0158884 secs] 575823K->45301K(2029056K), 0.0159558 secs] [Times: user=0.13 sys=0.00, real=0.02 secs] 
2020-09-29T18:10:45.413+0200: 29.485: [GC (Allocation Failure) 2020-09-29T18:10:45.413+0200: 29.485: [ParNew: 585988K->47105K(613440K), 0.0205564 secs] 590645K->51761K(2029056K), 0.0206161 secs] [Times: user=0.13 sys=0.00, real=0.02 secs] 
2020-09-29T18:10:45.483+0200: 29.556: [GC (Allocation Failure) 2020-09-29T18:10:45.483+0200: 29.556: [ParNew: 592449K->37596K(613440K), 0.0155898 secs] 597105K->42252K(2029056K), 0.0156466 secs] [Times: user=0.13 sys=0.00, real=0.02 secs] 
2020-09-29T18:10:45.561+0200: 29.634: [GC (Allocation Failure) 2020-09-29T18:10:45.561+0200: 29.634: [ParNew: 582940K->48274K(613440K), 0.0228187 secs] 587596K->52930K(2029056K), 0.0229092 secs] [Times: user=0.24 sys=0.00, real=0.02 secs] 
2020-09-29T18:10:45.634+0200: 29.707: [GC (Allocation Failure) 2020-09-29T18:10:45.634+0200: 29.707: [ParNew: 593618K->55106K(613440K), 0.0187674 secs] 598274K->59762K(2029056K), 0.0188356 secs] [Times: user=0.11 sys=0.00, real=0.02 secs] 
2020-09-29T18:10:45.702+0200: 29.774: [GC (Allocation Failure) 2020-09-29T18:10:45.702+0200: 29.775: [ParNew: 600450K->43012K(613440K), 0.0164718 secs] 605106K->47669K(2029056K), 0.0165322 secs] [Times: user=0.13 sys=0.00, real=0.02 secs] 
2020-09-29T18:10:45.769+0200: 29.842: [GC (Allocation Failure) 2020-09-29T18:10:45.769+0200: 29.842: [ParNew: 588356K->49934K(613440K), 0.0173634 secs] 593013K->54591K(2029056K), 0.0174317 secs] [Times: user=0.25 sys=0.00, real=0.02 secs] 
2020-09-29T18:10:45.834+0200: 29.907: [GC (Allocation Failure) 2020-09-29T18:10:45.834+0200: 29.907: [ParNew: 595278K->54624K(613440K), 0.0209544 secs] 599935K->59280K(2029056K), 0.0210273 secs] [Times: user=0.13 sys=0.00, real=0.02 secs] 
2020-09-29T18:10:45.901+0200: 29.974: [GC (Allocation Failure) 2020-09-29T18:10:45.901+0200: 29.974: [ParNew: 599968K->59133K(613440K), 0.0198568 secs] 604624K->63789K(2029056K), 0.0199143 secs] [Times: user=0.13 sys=0.00, real=0.02 secs] 
2020-09-29T18:10:45.969+0200: 30.042: [GC (Allocation Failure) 2020-09-29T18:10:45.969+0200: 30.042: [ParNew: 604477K->39727K(613440K), 0.0195413 secs] 609133K->44383K(2029056K), 0.0196116 secs] [Times: user=0.13 sys=0.00, real=0.02 secs] 
2020-09-29T18:10:46.036+0200: 30.108: [GC (Allocation Failure) 2020-09-29T18:10:46.036+0200: 30.108: [ParNew: 585071K->37363K(613440K), 0.0115265 secs] 589727K->42020K(2029056K), 0.0115954 secs] [Times: user=0.00 sys=0.00, real=0.01 secs] 
2020-09-29T18:10:46.098+0200: 30.171: [GC (Allocation Failure) 2020-09-29T18:10:46.098+0200: 30.171: [ParNew: 582707K->53278K(613440K), 0.0212906 secs] 587364K->57934K(2029056K), 0.0213606 secs] [Times: user=0.25 sys=0.00, real=0.02 secs] 
2020-09-29T18:10:46.170+0200: 30.243: [GC (Allocation Failure) 2020-09-29T18:10:46.170+0200: 30.243: [ParNew: 598622K->66087K(613440K), 0.0214770 secs] 603278K->70743K(2029056K), 0.0215336 secs] [Times: user=0.25 sys=0.00, real=0.02 secs] 
2020-09-29T18:10:46.242+0200: 30.315: [GC (Allocation Failure) 2020-09-29T18:10:46.242+0200: 30.315: [ParNew: 611431K->49673K(613440K), 0.0214660 secs] 616087K->54329K(2029056K), 0.0215329 secs] [Times: user=0.13 sys=0.00, real=0.02 secs] 
2020-09-29T18:10:46.311+0200: 30.384: [GC (Allocation Failure) 2020-09-29T18:10:46.311+0200: 30.384: [ParNew: 595017K->45080K(613440K), 0.0192095 secs] 599673K->49736K(2029056K), 0.0192676 secs] [Times: user=0.13 sys=0.00, real=0.02 secs] 
2020-09-29T18:10:46.378+0200: 30.450: [GC (Allocation Failure) 2020-09-29T18:10:46.378+0200: 30.450: [ParNew: 590424K->44773K(613440K), 0.0182760 secs] 595080K->49429K(2029056K), 0.0183516 secs] [Times: user=0.25 sys=0.00, real=0.02 secs] 
2020-09-29T18:10:46.445+0200: 30.517: [GC (Allocation Failure) 2020-09-29T18:10:46.445+0200: 30.517: [ParNew: 590117K->41073K(613440K), 0.0182255 secs] 594773K->45730K(2029056K), 0.0182822 secs] [Times: user=0.13 sys=0.00, real=0.02 secs] 
2020-09-29T18:10:46.510+0200: 30.583: [GC (Allocation Failure) 2020-09-29T18:10:46.510+0200: 30.583: [ParNew: 586417K->38513K(613440K), 0.0158946 secs] 591074K->43169K(2029056K), 0.0159550 secs] [Times: user=0.13 sys=0.00, real=0.02 secs] 
2020-09-29T18:10:46.575+0200: 30.648: [GC (Allocation Failure) 2020-09-29T18:10:46.575+0200: 30.648: [ParNew: 583857K->32403K(613440K), 0.0159048 secs] 588513K->37060K(2029056K), 0.0159810 secs] [Times: user=0.11 sys=0.00, real=0.02 secs] 
2020-09-29T18:10:46.639+0200: 30.711: [GC (Allocation Failure) 2020-09-29T18:10:46.639+0200: 30.712: [ParNew: 577747K->53352K(613440K), 0.0204955 secs] 582404K->58008K(2029056K), 0.0205657 secs] [Times: user=0.13 sys=0.00, real=0.02 secs] 
2020-09-29T18:10:46.706+0200: 30.779: [GC (Allocation Failure) 2020-09-29T18:10:46.707+0200: 30.779: [ParNew: 598696K->40682K(613440K), 0.0173906 secs] 603352K->45339K(2029056K), 0.0174693 secs] [Times: user=0.25 sys=0.00, real=0.02 secs] 
2020-09-29T18:10:46.776+0200: 30.848: [GC (Allocation Failure) 2020-09-29T18:10:46.776+0200: 30.848: [ParNew: 586026K->38082K(613440K), 0.0176984 secs] 590683K->42738K(2029056K), 0.0177586 secs] [Times: user=0.13 sys=0.00, real=0.02 secs] 
2020-09-29T18:10:46.841+0200: 30.914: [GC (Allocation Failure) 2020-09-29T18:10:46.841+0200: 30.914: [ParNew: 583426K->37700K(613440K), 0.0163454 secs] 588082K->42356K(2029056K), 0.0164088 secs] [Times: user=0.13 sys=0.00, real=0.02 secs] 
2020-09-29T18:10:46.904+0200: 30.977: [GC (Allocation Failure) 2020-09-29T18:10:46.904+0200: 30.977: [ParNew: 583044K->37631K(613440K), 0.0159188 secs] 587700K->42288K(2029056K), 0.0159740 secs] [Times: user=0.13 sys=0.00, real=0.02 secs] 
2020-09-29T18:10:46.970+0200: 31.043: [GC (Allocation Failure) 2020-09-29T18:10:46.970+0200: 31.043: [ParNew: 582975K->34089K(613440K), 0.0152453 secs] 587632K->38745K(2029056K), 0.0153054 secs] [Times: user=0.13 sys=0.00, real=0.01 secs] 
2020-09-29T18:10:47.033+0200: 31.106: [GC (Allocation Failure) 2020-09-29T18:10:47.033+0200: 31.106: [ParNew: 579433K->53220K(613440K), 0.0203576 secs] 584089K->57876K(2029056K), 0.0204202 secs] [Times: user=0.25 sys=0.00, real=0.02 secs] 
2020-09-29T18:10:47.102+0200: 31.174: [GC (Allocation Failure) 2020-09-29T18:10:47.102+0200: 31.174: [ParNew: 598564K->44784K(613440K), 0.0210837 secs] 603220K->49440K(2029056K), 0.0211493 secs] [Times: user=0.13 sys=0.00, real=0.02 secs] 
2020-09-29T18:10:47.171+0200: 31.244: [GC (Allocation Failure) 2020-09-29T18:10:47.171+0200: 31.244: [ParNew: 590128K->38200K(613440K), 0.0182791 secs] 594784K->42856K(2029056K), 0.0183335 secs] [Times: user=0.13 sys=0.00, real=0.02 secs] 
2020-09-29T18:10:47.237+0200: 31.310: [GC (Allocation Failure) 2020-09-29T18:10:47.237+0200: 31.310: [ParNew: 583544K->60699K(613440K), 0.0225878 secs] 588200K->65355K(2029056K), 0.0226624 secs] [Times: user=0.23 sys=0.00, real=0.02 secs] 
2020-09-29T18:10:47.307+0200: 31.380: [GC (Allocation Failure) 2020-09-29T18:10:47.307+0200: 31.380: [ParNew: 606043K->50461K(613440K), 0.0164440 secs] 610699K->55117K(2029056K), 0.0165006 secs] [Times: user=0.13 sys=0.00, real=0.02 secs] 
2020-09-29T18:10:47.371+0200: 31.444: [GC (Allocation Failure) 2020-09-29T18:10:47.371+0200: 31.444: [ParNew: 595805K->42275K(613440K), 0.0160592 secs] 600461K->46931K(2029056K), 0.0161285 secs] [Times: user=0.13 sys=0.00, real=0.02 secs] 
2020-09-29T18:10:47.434+0200: 31.507: [GC (Allocation Failure) 2020-09-29T18:10:47.434+0200: 31.507: [ParNew: 587619K->53098K(613440K), 0.0190353 secs] 592275K->57754K(2029056K), 0.0191082 secs] [Times: user=0.13 sys=0.00, real=0.02 secs] 
2020-09-29T18:10:47.502+0200: 31.575: [GC (Allocation Failure) 2020-09-29T18:10:47.502+0200: 31.575: [ParNew: 598442K->42188K(613440K), 0.0198675 secs] 603098K->46844K(2029056K), 0.0199545 secs] [Times: user=0.25 sys=0.00, real=0.02 secs] 
2020-09-29T18:10:47.570+0200: 31.643: [GC (Allocation Failure) 2020-09-29T18:10:47.570+0200: 31.643: [ParNew: 587532K->44069K(613440K), 0.0197457 secs] 592188K->48725K(2029056K), 0.0198256 secs] [Times: user=0.13 sys=0.00, real=0.02 secs] 
2020-09-29T18:10:47.638+0200: 31.711: [GC (Allocation Failure) 2020-09-29T18:10:47.638+0200: 31.711: [ParNew: 589413K->39928K(613440K), 0.0172452 secs] 594069K->44584K(2029056K), 0.0173060 secs] [Times: user=0.13 sys=0.00, real=0.02 secs] 
2020-09-29T18:10:47.707+0200: 31.780: [GC (Allocation Failure) 2020-09-29T18:10:47.707+0200: 31.780: [ParNew: 585272K->38951K(613440K), 0.0162727 secs] 589928K->43607K(2029056K), 0.0163275 secs] [Times: user=0.23 sys=0.00, real=0.02 secs] 
2020-09-29T18:10:47.777+0200: 31.850: [GC (Allocation Failure) 2020-09-29T18:10:47.777+0200: 31.850: [ParNew: 584295K->32125K(613440K), 0.0099283 secs] 588951K->36782K(2029056K), 0.0099852 secs] [Times: user=0.13 sys=0.00, real=0.01 secs] 
2020-09-29T18:10:47.842+0200: 31.915: [GC (Allocation Failure) 2020-09-29T18:10:47.842+0200: 31.915: [ParNew: 577469K->62318K(613440K), 0.0260809 secs] 582126K->66974K(2029056K), 0.0261378 secs] [Times: user=0.25 sys=0.00, real=0.03 secs] 
2020-09-29T18:10:47.916+0200: 31.989: [GC (Allocation Failure) 2020-09-29T18:10:47.916+0200: 31.989: [ParNew: 607662K->47701K(613440K), 0.0199710 secs] 612318K->52357K(2029056K), 0.0200255 secs] [Times: user=0.13 sys=0.00, real=0.02 secs] 
2020-09-29T18:10:47.983+0200: 32.056: [GC (Allocation Failure) 2020-09-29T18:10:47.983+0200: 32.056: [ParNew: 593045K->41623K(613440K), 0.0119675 secs] 597701K->46279K(2029056K), 0.0120260 secs] [Times: user=0.13 sys=0.00, real=0.01 secs] 
2020-09-29T18:10:48.049+0200: 32.122: [GC (Allocation Failure) 2020-09-29T18:10:48.049+0200: 32.122: [ParNew: 586967K->66836K(613440K), 0.0285869 secs] 591623K->71492K(2029056K), 0.0286489 secs] [Times: user=0.25 sys=0.00, real=0.03 secs] 
2020-09-29T18:10:48.125+0200: 32.198: [GC (Allocation Failure) 2020-09-29T18:10:48.125+0200: 32.198: [ParNew: 612180K->49196K(613440K), 0.0173030 secs] 616836K->53852K(2029056K), 0.0173564 secs] [Times: user=0.13 sys=0.00, real=0.02 secs] 
2020-09-29T18:10:48.193+0200: 32.266: [GC (Allocation Failure) 2020-09-29T18:10:48.193+0200: 32.266: [ParNew: 594540K->68096K(613440K), 0.0220444 secs] 599196K->72752K(2029056K), 0.0221075 secs] [Times: user=0.13 sys=0.00, real=0.02 secs] 
2020-09-29T18:10:48.264+0200: 32.337: [GC (Allocation Failure) 2020-09-29T18:10:48.264+0200: 32.337: [ParNew: 613440K->47681K(613440K), 0.0203607 secs] 618096K->52337K(2029056K), 0.0204161 secs] [Times: user=0.13 sys=0.00, real=0.02 secs] 
2020-09-29T18:10:48.334+0200: 32.407: [GC (Allocation Failure) 2020-09-29T18:10:48.334+0200: 32.407: [ParNew: 593025K->41243K(613440K), 0.0144250 secs] 597681K->45899K(2029056K), 0.0144848 secs] [Times: user=0.11 sys=0.00, real=0.01 secs] 
2020-09-29T18:10:48.400+0200: 32.473: [GC (Allocation Failure) 2020-09-29T18:10:48.400+0200: 32.473: [ParNew: 586587K->34464K(613440K), 0.0136663 secs] 591243K->39120K(2029056K), 0.0137221 secs] [Times: user=0.13 sys=0.00, real=0.01 secs] 
2020-09-29T18:10:48.460+0200: 32.533: [GC (Allocation Failure) 2020-09-29T18:10:48.460+0200: 32.533: [ParNew: 579808K->27954K(613440K), 0.0140579 secs] 584464K->32610K(2029056K), 0.0141162 secs] [Times: user=0.13 sys=0.00, real=0.01 secs] 
2020-09-29T18:10:48.525+0200: 32.598: [GC (Allocation Failure) 2020-09-29T18:10:48.525+0200: 32.598: [ParNew: 573298K->48169K(613440K), 0.0189782 secs] 577954K->52826K(2029056K), 0.0190361 secs] [Times: user=0.13 sys=0.00, real=0.02 secs] 
2020-09-29T18:10:48.592+0200: 32.665: [GC (Allocation Failure) 2020-09-29T18:10:48.592+0200: 32.665: [ParNew: 593513K->60980K(613440K), 0.0223347 secs] 598170K->65636K(2029056K), 0.0223919 secs] [Times: user=0.25 sys=0.00, real=0.02 secs] 
2020-09-29T18:10:48.666+0200: 32.739: [GC (Allocation Failure) 2020-09-29T18:10:48.666+0200: 32.739: [ParNew: 606324K->59691K(613440K), 0.0217119 secs] 610980K->64347K(2029056K), 0.0217748 secs] [Times: user=0.13 sys=0.00, real=0.02 secs] 
2020-09-29T18:10:48.735+0200: 32.808: [GC (Allocation Failure) 2020-09-29T18:10:48.735+0200: 32.808: [ParNew: 605035K->46338K(613440K), 0.0167810 secs] 609691K->50994K(2029056K), 0.0168478 secs] [Times: user=0.11 sys=0.00, real=0.02 secs] 
2020-09-29T18:10:48.808+0200: 32.881: [GC (Allocation Failure) 2020-09-29T18:10:48.808+0200: 32.881: [ParNew: 591682K->46297K(613440K), 0.0208323 secs] 596338K->50953K(2029056K), 0.0208951 secs] [Times: user=0.13 sys=0.00, real=0.02 secs] 
2020-09-29T18:10:48.876+0200: 32.950: [GC (Allocation Failure) 2020-09-29T18:10:48.876+0200: 32.950: [ParNew: 591641K->45534K(613440K), 0.0192898 secs] 596297K->50190K(2029056K), 0.0193639 secs] [Times: user=0.25 sys=0.00, real=0.02 secs] 
2020-09-29T18:10:48.945+0200: 33.018: [GC (Allocation Failure) 2020-09-29T18:10:48.945+0200: 33.018: [ParNew: 590878K->39887K(613440K), 0.0141747 secs] 595534K->44544K(2029056K), 0.0142314 secs] [Times: user=0.13 sys=0.00, real=0.01 secs] 
2020-09-29T18:10:49.008+0200: 33.081: [GC (Allocation Failure) 2020-09-29T18:10:49.008+0200: 33.081: [ParNew: 585231K->40066K(613440K), 0.0193909 secs] 589888K->44722K(2029056K), 0.0194663 secs] [Times: user=0.13 sys=0.00, real=0.02 secs] 
2020-09-29T18:10:49.078+0200: 33.151: [GC (Allocation Failure) 2020-09-29T18:10:49.078+0200: 33.151: [ParNew: 585410K->57115K(613440K), 0.0226179 secs] 590066K->61771K(2029056K), 0.0226726 secs] [Times: user=0.25 sys=0.00, real=0.02 secs] 
2020-09-29T18:10:49.148+0200: 33.221: [GC (Allocation Failure) 2020-09-29T18:10:49.148+0200: 33.221: [ParNew: 602459K->45500K(613440K), 0.0172288 secs] 607115K->50156K(2029056K), 0.0172901 secs] [Times: user=0.13 sys=0.00, real=0.02 secs] 
2020-09-29T18:10:49.213+0200: 33.286: [GC (Allocation Failure) 2020-09-29T18:10:49.213+0200: 33.286: [ParNew: 590844K->37058K(613440K), 0.0171952 secs] 595500K->41714K(2029056K), 0.0172820 secs] [Times: user=0.11 sys=0.00, real=0.02 secs] 
2020-09-29T18:10:49.278+0200: 33.351: [GC (Allocation Failure) 2020-09-29T18:10:49.278+0200: 33.351: [ParNew: 582402K->58535K(613440K), 0.0219402 secs] 587058K->63191K(2029056K), 0.0220048 secs] [Times: user=0.13 sys=0.00, real=0.02 secs] 
2020-09-29T18:10:49.347+0200: 33.420: [GC (Allocation Failure) 2020-09-29T18:10:49.347+0200: 33.420: [ParNew: 603879K->54516K(613440K), 0.0204488 secs] 608535K->59172K(2029056K), 0.0205314 secs] [Times: user=0.25 sys=0.00, real=0.02 secs] 
2020-09-29T18:10:49.434+0200: 33.507: [GC (Allocation Failure) 2020-09-29T18:10:49.434+0200: 33.507: [ParNew: 599860K->43978K(613440K), 0.0201031 secs] 604516K->48634K(2029056K), 0.0201616 secs] [Times: user=0.13 sys=0.00, real=0.02 secs] 
2020-09-29T18:10:49.501+0200: 33.575: [GC (Allocation Failure) 2020-09-29T18:10:49.501+0200: 33.575: [ParNew: 589322K->48799K(613440K), 0.0172598 secs] 593978K->53455K(2029056K), 0.0173424 secs] [Times: user=0.13 sys=0.00, real=0.02 secs] 
2020-09-29T18:10:49.571+0200: 33.644: [GC (Allocation Failure) 2020-09-29T18:10:49.571+0200: 33.644: [ParNew: 594143K->28577K(613440K), 0.0122230 secs] 598799K->33233K(2029056K), 0.0122818 secs] [Times: user=0.11 sys=0.00, real=0.01 secs] 
2020-09-29T18:10:49.638+0200: 33.711: [GC (Allocation Failure) 2020-09-29T18:10:49.638+0200: 33.711: [ParNew: 573921K->49956K(613440K), 0.0212876 secs] 578577K->54612K(2029056K), 0.0213435 secs] [Times: user=0.13 sys=0.00, real=0.02 secs] 
2020-09-29T18:10:49.707+0200: 33.780: [GC (Allocation Failure) 2020-09-29T18:10:49.707+0200: 33.780: [ParNew: 595300K->62670K(613440K), 0.0205798 secs] 599956K->67326K(2029056K), 0.0206386 secs] [Times: user=0.13 sys=0.02, real=0.02 secs] 
2020-09-29T18:10:49.775+0200: 33.848: [GC (Allocation Failure) 2020-09-29T18:10:49.775+0200: 33.848: [ParNew: 608014K->45936K(613440K), 0.0221856 secs] 612670K->50592K(2029056K), 0.0222525 secs] [Times: user=0.13 sys=0.00, real=0.02 secs] 
2020-09-29T18:10:49.845+0200: 33.918: [GC (Allocation Failure) 2020-09-29T18:10:49.845+0200: 33.918: [ParNew: 591280K->36545K(613440K), 0.0133169 secs] 595936K->41201K(2029056K), 0.0133737 secs] [Times: user=0.13 sys=0.00, real=0.01 secs] 
2020-09-29T18:10:49.906+0200: 33.979: [GC (Allocation Failure) 2020-09-29T18:10:49.906+0200: 33.979: [ParNew: 581889K->53977K(613440K), 0.0239229 secs] 586545K->58633K(2029056K), 0.0240006 secs] [Times: user=0.25 sys=0.00, real=0.02 secs] 
2020-09-29T18:10:49.977+0200: 34.050: [GC (Allocation Failure) 2020-09-29T18:10:49.977+0200: 34.050: [ParNew: 599321K->44102K(613440K), 0.0170254 secs] 603977K->48758K(2029056K), 0.0170801 secs] [Times: user=0.13 sys=0.00, real=0.02 secs] 
2020-09-29T18:10:50.044+0200: 34.116: [GC (Allocation Failure) 2020-09-29T18:10:50.044+0200: 34.116: [ParNew: 589446K->61342K(613440K), 0.0213413 secs] 594102K->65999K(2029056K), 0.0214285 secs] [Times: user=0.13 sys=0.00, real=0.02 secs] 
2020-09-29T18:10:50.116+0200: 34.189: [GC (Allocation Failure) 2020-09-29T18:10:50.116+0200: 34.189: [ParNew: 606686K->47477K(613440K), 0.0211918 secs] 611343K->52133K(2029056K), 0.0212559 secs] [Times: user=0.13 sys=0.00, real=0.02 secs] 
2020-09-29T18:10:50.192+0200: 34.265: [GC (Allocation Failure) 2020-09-29T18:10:50.192+0200: 34.265: [ParNew: 592821K->40354K(613440K), 0.0167719 secs] 597477K->45011K(2029056K), 0.0168628 secs] [Times: user=0.11 sys=0.00, real=0.02 secs] 
2020-09-29T18:10:50.263+0200: 34.335: [GC (Allocation Failure) 2020-09-29T18:10:50.263+0200: 34.335: [ParNew: 585698K->34121K(613440K), 0.0144318 secs] 590355K->38778K(2029056K), 0.0144914 secs] [Times: user=0.13 sys=0.00, real=0.01 secs] 
2020-09-29T18:10:50.331+0200: 34.404: [GC (Allocation Failure) 2020-09-29T18:10:50.331+0200: 34.404: [ParNew: 579465K->52115K(613440K), 0.0246283 secs] 584122K->56771K(2029056K), 0.0246958 secs] [Times: user=0.23 sys=0.00, real=0.02 secs] 
2020-09-29T18:10:50.403+0200: 34.476: [GC (Allocation Failure) 2020-09-29T18:10:50.403+0200: 34.476: [ParNew: 597459K->38382K(613440K), 0.0120886 secs] 602115K->43038K(2029056K), 0.0121479 secs] [Times: user=0.13 sys=0.00, real=0.01 secs] 
2020-09-29T18:10:50.468+0200: 34.541: [GC (Allocation Failure) 2020-09-29T18:10:50.468+0200: 34.541: [ParNew: 583726K->41407K(613440K), 0.0171504 secs] 588382K->46063K(2029056K), 0.0172056 secs] [Times: user=0.13 sys=0.00, real=0.02 secs] 
2020-09-29T18:10:50.537+0200: 34.609: [GC (Allocation Failure) 2020-09-29T18:10:50.537+0200: 34.609: [ParNew: 586751K->32290K(613440K), 0.0162816 secs] 591407K->36946K(2029056K), 0.0163448 secs] [Times: user=0.13 sys=0.00, real=0.02 secs] 
2020-09-29T18:10:50.605+0200: 34.677: [GC (Allocation Failure) 2020-09-29T18:10:50.605+0200: 34.677: [ParNew: 577634K->29210K(613440K), 0.0163505 secs] 582290K->33866K(2029056K), 0.0164116 secs] [Times: user=0.11 sys=0.00, real=0.02 secs] 
2020-09-29T18:10:50.679+0200: 34.751: [GC (Allocation Failure) 2020-09-29T18:10:50.679+0200: 34.751: [ParNew: 574554K->54649K(613440K), 0.0189264 secs] 579210K->59305K(2029056K), 0.0189862 secs] [Times: user=0.13 sys=0.00, real=0.02 secs] 
2020-09-29T18:10:50.746+0200: 34.819: [GC (Allocation Failure) 2020-09-29T18:10:50.746+0200: 34.819: [ParNew: 599993K->62603K(613440K), 0.0185212 secs] 604649K->67260K(2029056K), 0.0185751 secs] [Times: user=0.13 sys=0.00, real=0.02 secs] 
2020-09-29T18:10:50.815+0200: 34.887: [GC (Allocation Failure) 2020-09-29T18:10:50.815+0200: 34.887: [ParNew: 607947K->60389K(613440K), 0.0236539 secs] 612604K->65045K(2029056K), 0.0237314 secs] [Times: user=0.25 sys=0.00, real=0.02 secs] 
2020-09-29T18:10:50.885+0200: 34.958: [GC (Allocation Failure) 2020-09-29T18:10:50.885+0200: 34.958: [ParNew: 605733K->48911K(613440K), 0.0211209 secs] 610389K->53567K(2029056K), 0.0211922 secs] [Times: user=0.11 sys=0.00, real=0.02 secs] 
2020-09-29T18:10:50.955+0200: 35.028: [GC (Allocation Failure) 2020-09-29T18:10:50.955+0200: 35.028: [ParNew: 594255K->38743K(613440K), 0.0176626 secs] 598911K->43399K(2029056K), 0.0177159 secs] [Times: user=0.25 sys=0.00, real=0.02 secs] 
2020-09-29T18:10:51.025+0200: 35.098: [GC (Allocation Failure) 2020-09-29T18:10:51.025+0200: 35.098: [ParNew: 584087K->36908K(613440K), 0.0152692 secs] 588743K->41564K(2029056K), 0.0153654 secs] [Times: user=0.13 sys=0.00, real=0.02 secs] 
2020-09-29T18:10:51.092+0200: 35.165: [GC (Allocation Failure) 2020-09-29T18:10:51.092+0200: 35.165: [ParNew: 582252K->53479K(613440K), 0.0196126 secs] 586908K->58135K(2029056K), 0.0196801 secs] [Times: user=0.13 sys=0.00, real=0.02 secs] 
2020-09-29T18:10:51.161+0200: 35.233: [GC (Allocation Failure) 2020-09-29T18:10:51.161+0200: 35.234: [ParNew: 598823K->42456K(613440K), 0.0187394 secs] 603479K->47112K(2029056K), 0.0188050 secs] [Times: user=0.13 sys=0.00, real=0.02 secs] 
2020-09-29T18:10:51.229+0200: 35.302: [GC (Allocation Failure) 2020-09-29T18:10:51.229+0200: 35.302: [ParNew: 587800K->42912K(613440K), 0.0187359 secs] 592456K->47568K(2029056K), 0.0187947 secs] [Times: user=0.06 sys=0.00, real=0.02 secs] 
2020-09-29T18:10:51.299+0200: 35.371: [GC (Allocation Failure) 2020-09-29T18:10:51.299+0200: 35.371: [ParNew: 588256K->67616K(613440K), 0.0240777 secs] 592912K->72273K(2029056K), 0.0241361 secs] [Times: user=0.24 sys=0.00, real=0.02 secs] 
2020-09-29T18:10:51.374+0200: 35.447: [GC (Allocation Failure) 2020-09-29T18:10:51.374+0200: 35.447: [ParNew: 612960K->49839K(613440K), 0.0172475 secs] 617617K->54496K(2029056K), 0.0173272 secs] [Times: user=0.13 sys=0.00, real=0.02 secs] 
2020-09-29T18:10:51.440+0200: 35.513: [GC (Allocation Failure) 2020-09-29T18:10:51.440+0200: 35.513: [ParNew: 595183K->35079K(613440K), 0.0155761 secs] 599840K->39735K(2029056K), 0.0156321 secs] [Times: user=0.13 sys=0.00, real=0.02 secs] 
2020-09-29T18:10:51.503+0200: 35.576: [GC (Allocation Failure) 2020-09-29T18:10:51.503+0200: 35.576: [ParNew: 580423K->53796K(613440K), 0.0212690 secs] 585079K->58452K(2029056K), 0.0213333 secs] [Times: user=0.25 sys=0.00, real=0.02 secs] 
2020-09-29T18:10:51.574+0200: 35.647: [GC (Allocation Failure) 2020-09-29T18:10:51.574+0200: 35.647: [ParNew: 599140K->42789K(613440K), 0.0138462 secs] 603796K->47445K(2029056K), 0.0139079 secs] [Times: user=0.11 sys=0.00, real=0.01 secs] 
2020-09-29T18:10:51.643+0200: 35.716: [GC (Allocation Failure) 2020-09-29T18:10:51.643+0200: 35.716: [ParNew: 588133K->25135K(613440K), 0.0137274 secs] 592789K->29791K(2029056K), 0.0138043 secs] [Times: user=0.11 sys=0.00, real=0.01 secs] 
2020-09-29T18:10:51.706+0200: 35.779: [GC (Allocation Failure) 2020-09-29T18:10:51.706+0200: 35.779: [ParNew: 570479K->20296K(613440K), 0.0127447 secs] 575135K->24952K(2029056K), 0.0128139 secs] [Times: user=0.13 sys=0.00, real=0.01 secs] 
2020-09-29T18:10:51.765+0200: 35.838: [GC (Allocation Failure) 2020-09-29T18:10:51.765+0200: 35.838: [ParNew: 565640K->50740K(613440K), 0.0219847 secs] 570296K->55396K(2029056K), 0.0220546 secs] [Times: user=0.25 sys=0.00, real=0.02 secs] 
2020-09-29T18:10:51.836+0200: 35.908: [GC (Allocation Failure) 2020-09-29T18:10:51.836+0200: 35.908: [ParNew: 596084K->37701K(613440K), 0.0162842 secs] 600740K->42357K(2029056K), 0.0163547 secs] [Times: user=0.13 sys=0.00, real=0.02 secs] 
2020-09-29T18:10:51.901+0200: 35.973: [GC (Allocation Failure) 2020-09-29T18:10:51.901+0200: 35.973: [ParNew: 583045K->53469K(613440K), 0.0198427 secs] 587701K->58125K(2029056K), 0.0199066 secs] [Times: user=0.13 sys=0.00, real=0.02 secs] 
2020-09-29T18:10:51.970+0200: 36.042: [GC (Allocation Failure) 2020-09-29T18:10:51.970+0200: 36.042: [ParNew: 598813K->41251K(613440K), 0.0183633 secs] 603469K->45907K(2029056K), 0.0184195 secs] [Times: user=0.13 sys=0.00, real=0.02 secs] 
2020-09-29T18:10:52.038+0200: 36.111: [GC (Allocation Failure) 2020-09-29T18:10:52.038+0200: 36.111: [ParNew: 586595K->38817K(613440K), 0.0132254 secs] 591251K->43473K(2029056K), 0.0133066 secs] [Times: user=0.00 sys=0.00, real=0.01 secs] 
2020-09-29T18:10:52.103+0200: 36.175: [GC (Allocation Failure) 2020-09-29T18:10:52.103+0200: 36.175: [ParNew: 584161K->19323K(613440K), 0.0117233 secs] 588817K->23979K(2029056K), 0.0117911 secs] [Times: user=0.13 sys=0.00, real=0.01 secs] 
2020-09-29T18:10:52.166+0200: 36.238: [GC (Allocation Failure) 2020-09-29T18:10:52.166+0200: 36.238: [ParNew: 564667K->47146K(613440K), 0.0219483 secs] 569323K->51802K(2029056K), 0.0220292 secs] [Times: user=0.13 sys=0.00, real=0.02 secs] 
2020-09-29T18:10:52.235+0200: 36.307: [GC (Allocation Failure) 2020-09-29T18:10:52.235+0200: 36.307: [ParNew: 592490K->43618K(613440K), 0.0154897 secs] 597146K->48274K(2029056K), 0.0155586 secs] [Times: user=0.13 sys=0.00, real=0.02 secs] 
2020-09-29T18:10:52.301+0200: 36.374: [GC (Allocation Failure) 2020-09-29T18:10:52.301+0200: 36.374: [ParNew: 588962K->41939K(613440K), 0.0212244 secs] 593618K->46595K(2029056K), 0.0212815 secs] [Times: user=0.20 sys=0.00, real=0.02 secs] 
2020-09-29T18:10:52.371+0200: 36.443: [GC (Allocation Failure) 2020-09-29T18:10:52.371+0200: 36.443: [ParNew: 587283K->50975K(613440K), 0.0196292 secs] 591939K->55631K(2029056K), 0.0197079 secs] [Times: user=0.13 sys=0.00, real=0.02 secs] 
2020-09-29T18:10:52.441+0200: 36.514: [GC (Allocation Failure) 2020-09-29T18:10:52.441+0200: 36.514: [ParNew: 596319K->37316K(613440K), 0.0123709 secs] 600975K->41972K(2029056K), 0.0124282 secs] [Times: user=0.13 sys=0.00, real=0.01 secs] 
2020-09-29T18:10:52.507+0200: 36.580: [GC (Allocation Failure) 2020-09-29T18:10:52.507+0200: 36.580: [ParNew: 582660K->37784K(613440K), 0.0176957 secs] 587316K->42440K(2029056K), 0.0177972 secs] [Times: user=0.13 sys=0.00, real=0.02 secs] 
2020-09-29T18:10:52.573+0200: 36.645: [GC (Allocation Failure) 2020-09-29T18:10:52.573+0200: 36.645: [ParNew: 583128K->45864K(613440K), 0.0165386 secs] 587784K->50520K(2029056K), 0.0166038 secs] [Times: user=0.13 sys=0.00, real=0.02 secs] 
2020-09-29T18:10:52.643+0200: 36.715: [GC (Allocation Failure) 2020-09-29T18:10:52.643+0200: 36.715: [ParNew: 591208K->55747K(613440K), 0.0217780 secs] 595864K->60403K(2029056K), 0.0218418 secs] [Times: user=0.25 sys=0.00, real=0.02 secs] 
2020-09-29T18:10:52.711+0200: 36.784: [GC (Allocation Failure) 2020-09-29T18:10:52.711+0200: 36.784: [ParNew: 601091K->45138K(613440K), 0.0143949 secs] 605747K->49794K(2029056K), 0.0144520 secs] [Times: user=0.13 sys=0.00, real=0.01 secs] 
2020-09-29T18:10:52.775+0200: 36.848: [GC (Allocation Failure) 2020-09-29T18:10:52.775+0200: 36.848: [ParNew: 590482K->41550K(613440K), 0.0206622 secs] 595138K->46206K(2029056K), 0.0207292 secs] [Times: user=0.13 sys=0.00, real=0.02 secs] 
2020-09-29T18:10:52.846+0200: 36.919: [GC (Allocation Failure) 2020-09-29T18:10:52.846+0200: 36.919: [ParNew: 586894K->44296K(613440K), 0.0202423 secs] 591550K->48953K(2029056K), 0.0203139 secs] [Times: user=0.24 sys=0.00, real=0.02 secs] 
2020-09-29T18:10:52.917+0200: 36.990: [GC (Allocation Failure) 2020-09-29T18:10:52.917+0200: 36.990: [ParNew: 589640K->41450K(613440K), 0.0213710 secs] 594297K->46106K(2029056K), 0.0214525 secs] [Times: user=0.09 sys=0.00, real=0.02 secs] 
2020-09-29T18:10:52.989+0200: 37.061: [GC (Allocation Failure) 2020-09-29T18:10:52.989+0200: 37.061: [ParNew: 586794K->67155K(613440K), 0.0244519 secs] 591450K->71811K(2029056K), 0.0245649 secs] [Times: user=0.13 sys=0.00, real=0.02 secs] 
2020-09-29T18:10:53.061+0200: 37.133: [GC (Allocation Failure) 2020-09-29T18:10:53.061+0200: 37.133: [ParNew: 612499K->41454K(613440K), 0.0114523 secs] 617155K->46110K(2029056K), 0.0115244 secs] [Times: user=0.13 sys=0.00, real=0.01 secs] 
2020-09-29T18:10:53.120+0200: 37.193: [GC (Allocation Failure) 2020-09-29T18:10:53.120+0200: 37.193: [ParNew: 586798K->50034K(613440K), 0.0203551 secs] 591454K->54690K(2029056K), 0.0204113 secs] [Times: user=0.13 sys=0.00, real=0.02 secs] 
2020-09-29T18:10:53.192+0200: 37.265: [GC (Allocation Failure) 2020-09-29T18:10:53.192+0200: 37.265: [ParNew: 595378K->62799K(613440K), 0.0204423 secs] 600034K->67455K(2029056K), 0.0205367 secs] [Times: user=0.13 sys=0.00, real=0.02 secs] 
2020-09-29T18:10:53.260+0200: 37.333: [GC (Allocation Failure) 2020-09-29T18:10:53.260+0200: 37.333: [ParNew: 608143K->48395K(613440K), 0.0193208 secs] 612799K->53051K(2029056K), 0.0193901 secs] [Times: user=0.13 sys=0.00, real=0.02 secs] 
2020-09-29T18:10:53.332+0200: 37.405: [GC (Allocation Failure) 2020-09-29T18:10:53.332+0200: 37.405: [ParNew: 593739K->42899K(613440K), 0.0194835 secs] 598395K->47555K(2029056K), 0.0195402 secs] [Times: user=0.25 sys=0.00, real=0.02 secs] 
2020-09-29T18:10:53.403+0200: 37.476: [GC (Allocation Failure) 2020-09-29T18:10:53.403+0200: 37.476: [ParNew: 588243K->38639K(613440K), 0.0125233 secs] 592899K->43295K(2029056K), 0.0125783 secs] [Times: user=0.13 sys=0.00, real=0.01 secs] 
2020-09-29T18:10:53.466+0200: 37.539: [GC (Allocation Failure) 2020-09-29T18:10:53.466+0200: 37.539: [ParNew: 583983K->49282K(613440K), 0.0225721 secs] 588639K->53938K(2029056K), 0.0302249 secs] [Times: user=0.13 sys=0.02, real=0.03 secs] 
2020-09-29T18:10:53.565+0200: 37.638: [GC (Allocation Failure) 2020-09-29T18:10:53.565+0200: 37.638: [ParNew: 594626K->60934K(613440K), 0.0257884 secs] 599282K->65590K(2029056K), 0.0258634 secs] [Times: user=0.22 sys=0.00, real=0.03 secs] 
2020-09-29T18:10:53.640+0200: 37.713: [GC (Allocation Failure) 2020-09-29T18:10:53.640+0200: 37.713: [ParNew: 606278K->68096K(613440K), 0.0280251 secs] 610934K->75462K(2029056K), 0.0280837 secs] [Times: user=0.25 sys=0.00, real=0.03 secs] 
2020-09-29T18:10:53.715+0200: 37.788: [GC (Allocation Failure) 2020-09-29T18:10:53.715+0200: 37.789: [ParNew: 613440K->49190K(613440K), 0.0155654 secs] 620806K->56557K(2029056K), 0.0156491 secs] [Times: user=0.13 sys=0.00, real=0.02 secs] 
2020-09-29T18:10:53.781+0200: 37.854: [GC (Allocation Failure) 2020-09-29T18:10:53.781+0200: 37.854: [ParNew: 594534K->50173K(613440K), 0.0196618 secs] 601901K->57539K(2029056K), 0.0197162 secs] [Times: user=0.13 sys=0.00, real=0.02 secs] 
2020-09-29T18:10:53.854+0200: 37.927: [GC (Allocation Failure) 2020-09-29T18:10:53.854+0200: 37.927: [ParNew: 595517K->55524K(613440K), 0.0225257 secs] 602883K->62891K(2029056K), 0.0225848 secs] [Times: user=0.11 sys=0.00, real=0.02 secs] 
2020-09-29T18:10:53.924+0200: 37.997: [GC (Allocation Failure) 2020-09-29T18:10:53.924+0200: 37.997: [ParNew: 600868K->40022K(613440K), 0.0189478 secs] 608235K->47388K(2029056K), 0.0190015 secs] [Times: user=0.25 sys=0.00, real=0.02 secs] 
2020-09-29T18:10:53.989+0200: 38.063: [GC (Allocation Failure) 2020-09-29T18:10:53.989+0200: 38.063: [ParNew: 585366K->42439K(613440K), 0.0165347 secs] 592732K->49805K(2029056K), 0.0165885 secs] [Times: user=0.13 sys=0.00, real=0.02 secs] 
2020-09-29T18:10:54.053+0200: 38.127: [GC (Allocation Failure) 2020-09-29T18:10:54.053+0200: 38.127: [ParNew: 587783K->39222K(613440K), 0.0156090 secs] 595149K->46589K(2029056K), 0.0156804 secs] [Times: user=0.13 sys=0.00, real=0.02 secs] 
2020-09-29T18:10:54.122+0200: 38.196: [GC (Allocation Failure) 2020-09-29T18:10:54.122+0200: 38.196: [ParNew: 584566K->55607K(613440K), 0.0210858 secs] 591933K->62973K(2029056K), 0.0211541 secs] [Times: user=0.13 sys=0.00, real=0.02 secs] 
2020-09-29T18:10:54.191+0200: 38.265: [GC (Allocation Failure) 2020-09-29T18:10:54.191+0200: 38.265: [ParNew: 600951K->38799K(613440K), 0.0136307 secs] 608317K->46165K(2029056K), 0.0137038 secs] [Times: user=0.13 sys=0.00, real=0.01 secs] 
2020-09-29T18:10:54.259+0200: 38.332: [GC (Allocation Failure) 2020-09-29T18:10:54.259+0200: 38.332: [ParNew: 584143K->40919K(613440K), 0.0194559 secs] 591509K->48285K(2029056K), 0.0195183 secs] [Times: user=0.13 sys=0.00, real=0.02 secs] 
2020-09-29T18:10:54.326+0200: 38.399: [GC (Allocation Failure) 2020-09-29T18:10:54.326+0200: 38.399: [ParNew: 586263K->55215K(613440K), 0.0184426 secs] 593629K->62581K(2029056K), 0.0185117 secs] [Times: user=0.13 sys=0.00, real=0.02 secs] 
2020-09-29T18:10:54.395+0200: 38.468: [GC (Allocation Failure) 2020-09-29T18:10:54.395+0200: 38.468: [ParNew: 600559K->41762K(613440K), 0.0173782 secs] 607925K->49128K(2029056K), 0.0174397 secs] [Times: user=0.13 sys=0.00, real=0.02 secs] 
2020-09-29T18:10:54.461+0200: 38.534: [GC (Allocation Failure) 2020-09-29T18:10:54.461+0200: 38.534: [ParNew: 587106K->34055K(613440K), 0.0108331 secs] 594472K->41421K(2029056K), 0.0108880 secs] [Times: user=0.00 sys=0.00, real=0.01 secs] 
2020-09-29T18:10:54.524+0200: 38.597: [GC (Allocation Failure) 2020-09-29T18:10:54.524+0200: 38.597: [ParNew: 579399K->44541K(613440K), 0.0205844 secs] 586765K->51908K(2029056K), 0.0206468 secs] [Times: user=0.13 sys=0.00, real=0.02 secs] 
2020-09-29T18:10:54.592+0200: 38.666: [GC (Allocation Failure) 2020-09-29T18:10:54.592+0200: 38.666: [ParNew: 589885K->34267K(613440K), 0.0162402 secs] 597252K->41634K(2029056K), 0.0162977 secs] [Times: user=0.11 sys=0.00, real=0.02 secs] 
2020-09-29T18:10:54.657+0200: 38.730: [GC (Allocation Failure) 2020-09-29T18:10:54.657+0200: 38.730: [ParNew: 579611K->54637K(613440K), 0.0201661 secs] 586978K->62003K(2029056K), 0.0202235 secs] [Times: user=0.25 sys=0.00, real=0.02 secs] 
2020-09-29T18:10:54.724+0200: 38.797: [GC (Allocation Failure) 2020-09-29T18:10:54.724+0200: 38.797: [ParNew: 599981K->33704K(613440K), 0.0127833 secs] 607347K->41071K(2029056K), 0.0128381 secs] [Times: user=0.00 sys=0.00, real=0.01 secs] 
2020-09-29T18:10:54.784+0200: 38.857: [GC (Allocation Failure) 2020-09-29T18:10:54.784+0200: 38.857: [ParNew: 579048K->53578K(613440K), 0.0248506 secs] 586415K->60944K(2029056K), 0.0249192 secs] [Times: user=0.25 sys=0.00, real=0.03 secs] 
2020-09-29T18:10:54.858+0200: 38.931: [GC (Allocation Failure) 2020-09-29T18:10:54.858+0200: 38.931: [ParNew: 598922K->48179K(613440K), 0.0166911 secs] 606288K->55545K(2029056K), 0.0167480 secs] [Times: user=0.13 sys=0.00, real=0.02 secs] 
2020-09-29T18:10:54.931+0200: 39.004: [GC (Allocation Failure) 2020-09-29T18:10:54.931+0200: 39.004: [ParNew: 593523K->38946K(613440K), 0.0170906 secs] 600889K->46313K(2029056K), 0.0171506 secs] [Times: user=0.13 sys=0.00, real=0.02 secs] 
2020-09-29T18:10:54.997+0200: 39.070: [GC (Allocation Failure) 2020-09-29T18:10:54.997+0200: 39.070: [ParNew: 584290K->62657K(613440K), 0.0215181 secs] 591657K->70023K(2029056K), 0.0215740 secs] [Times: user=0.13 sys=0.00, real=0.02 secs] 
2020-09-29T18:10:55.067+0200: 39.139: [GC (Allocation Failure) 2020-09-29T18:10:55.067+0200: 39.139: [ParNew: 608001K->37320K(613440K), 0.0100024 secs] 615367K->44687K(2029056K), 0.0100568 secs] [Times: user=0.13 sys=0.00, real=0.01 secs] 
2020-09-29T18:10:55.124+0200: 39.196: [GC (Allocation Failure) 2020-09-29T18:10:55.124+0200: 39.196: [ParNew: 582664K->31013K(613440K), 0.0131207 secs] 590031K->38380K(2029056K), 0.0131753 secs] [Times: user=0.13 sys=0.00, real=0.01 secs] 
2020-09-29T18:10:55.186+0200: 39.259: [GC (Allocation Failure) 2020-09-29T18:10:55.186+0200: 39.259: [ParNew: 576357K->38111K(613440K), 0.0190272 secs] 583724K->45478K(2029056K), 0.0190825 secs] [Times: user=0.13 sys=0.00, real=0.02 secs] 
2020-09-29T18:10:55.256+0200: 39.329: [GC (Allocation Failure) 2020-09-29T18:10:55.256+0200: 39.329: [ParNew: 583455K->51159K(613440K), 0.0183623 secs] 590822K->58525K(2029056K), 0.0184385 secs] [Times: user=0.13 sys=0.00, real=0.02 secs] 
2020-09-29T18:10:55.322+0200: 39.395: [GC (Allocation Failure) 2020-09-29T18:10:55.322+0200: 39.395: [ParNew: 596503K->61594K(613440K), 0.0220430 secs] 603869K->68960K(2029056K), 0.0220978 secs] [Times: user=0.13 sys=0.00, real=0.02 secs] 
2020-09-29T18:10:55.394+0200: 39.466: [GC (Allocation Failure) 2020-09-29T18:10:55.394+0200: 39.466: [ParNew: 606938K->49766K(613440K), 0.0234618 secs] 614304K->57132K(2029056K), 0.0235290 secs] [Times: user=0.22 sys=0.00, real=0.02 secs] 
2020-09-29T18:10:55.465+0200: 39.537: [GC (Allocation Failure) 2020-09-29T18:10:55.465+0200: 39.537: [ParNew: 595110K->54502K(613440K), 0.0205596 secs] 602476K->61868K(2029056K), 0.0206198 secs] [Times: user=0.13 sys=0.00, real=0.02 secs] 
2020-09-29T18:10:55.537+0200: 39.609: [GC (Allocation Failure) 2020-09-29T18:10:55.537+0200: 39.609: [ParNew: 599846K->51919K(613440K), 0.0207788 secs] 607212K->59285K(2029056K), 0.0208441 secs] [Times: user=0.13 sys=0.00, real=0.02 secs] 
2020-09-29T18:10:55.606+0200: 39.678: [GC (Allocation Failure) 2020-09-29T18:10:55.606+0200: 39.678: [ParNew: 597263K->39066K(613440K), 0.0133631 secs] 604629K->46433K(2029056K), 0.0134189 secs] [Times: user=0.13 sys=0.00, real=0.01 secs] 
2020-09-29T18:10:55.671+0200: 39.744: [GC (Allocation Failure) 2020-09-29T18:10:55.671+0200: 39.744: [ParNew: 584410K->40291K(613440K), 0.0185057 secs] 591777K->47657K(2029056K), 0.0185677 secs] [Times: user=0.13 sys=0.00, real=0.02 secs] 
2020-09-29T18:10:55.737+0200: 39.809: [GC (Allocation Failure) 2020-09-29T18:10:55.737+0200: 39.809: [ParNew: 585635K->36464K(613440K), 0.0164945 secs] 593001K->43831K(2029056K), 0.0165660 secs] [Times: user=0.13 sys=0.00, real=0.02 secs] 
2020-09-29T18:10:55.808+0200: 39.880: [GC (Allocation Failure) 2020-09-29T18:10:55.808+0200: 39.880: [ParNew: 581808K->60101K(613440K), 0.0211414 secs] 589175K->67467K(2029056K), 0.0211965 secs] [Times: user=0.13 sys=0.00, real=0.02 secs] 
2020-09-29T18:10:55.876+0200: 39.948: [GC (Allocation Failure) 2020-09-29T18:10:55.876+0200: 39.948: [ParNew: 605445K->68096K(613440K), 0.0209356 secs] 612811K->75504K(2029056K), 0.0209993 secs] [Times: user=0.25 sys=0.00, real=0.02 secs] 
2020-09-29T18:10:55.947+0200: 40.019: [GC (Allocation Failure) 2020-09-29T18:10:55.947+0200: 40.019: [ParNew: 613440K->28143K(613440K), 0.0202559 secs] 620848K->35552K(2029056K), 0.0203226 secs] [Times: user=0.13 sys=0.00, real=0.02 secs] 
2020-09-29T18:10:56.017+0200: 40.089: [GC (Allocation Failure) 2020-09-29T18:10:56.017+0200: 40.089: [ParNew: 573487K->52747K(613440K), 0.0248359 secs] 580896K->60155K(2029056K), 0.0249118 secs] [Times: user=0.25 sys=0.00, real=0.02 secs] 
2020-09-29T18:10:56.096+0200: 40.168: [GC (Allocation Failure) 2020-09-29T18:10:56.096+0200: 40.168: [ParNew: 598091K->41334K(613440K), 0.0222508 secs] 605499K->48742K(2029056K), 0.0223171 secs] [Times: user=0.25 sys=0.00, real=0.02 secs] 
2020-09-29T18:10:56.169+0200: 40.242: [GC (Allocation Failure) 2020-09-29T18:10:56.169+0200: 40.242: [ParNew: 586678K->40203K(613440K), 0.0218031 secs] 594086K->47611K(2029056K), 0.0218675 secs] [Times: user=0.13 sys=0.00, real=0.02 secs] 
2020-09-29T18:10:56.238+0200: 40.311: [GC (Allocation Failure) 2020-09-29T18:10:56.238+0200: 40.311: [ParNew: 585547K->63637K(613440K), 0.0352914 secs] 592955K->71045K(2029056K), 0.0353613 secs] [Times: user=0.38 sys=0.00, real=0.04 secs] 
2020-09-29T18:10:56.321+0200: 40.393: [GC (Allocation Failure) 2020-09-29T18:10:56.321+0200: 40.393: [ParNew: 608981K->56478K(613440K), 0.0275445 secs] 616389K->63886K(2029056K), 0.0276221 secs] [Times: user=0.13 sys=0.00, real=0.03 secs] 
2020-09-29T18:10:56.398+0200: 40.470: [GC (Allocation Failure) 2020-09-29T18:10:56.398+0200: 40.470: [ParNew: 601822K->52126K(613440K), 0.0269824 secs] 609230K->59535K(2029056K), 0.0270474 secs] [Times: user=0.13 sys=0.00, real=0.03 secs] 
2020-09-29T18:10:56.474+0200: 40.546: [GC (Allocation Failure) 2020-09-29T18:10:56.474+0200: 40.546: [ParNew: 597470K->46768K(613440K), 0.0238899 secs] 604879K->54176K(2029056K), 0.0239539 secs] [Times: user=0.13 sys=0.00, real=0.02 secs] 
2020-09-29T18:10:56.551+0200: 40.623: [GC (Allocation Failure) 2020-09-29T18:10:56.551+0200: 40.623: [ParNew: 592112K->42724K(613440K), 0.0241403 secs] 599520K->50132K(2029056K), 0.0242246 secs] [Times: user=0.25 sys=0.00, real=0.02 secs] 
2020-09-29T18:10:56.627+0200: 40.700: [GC (Allocation Failure) 2020-09-29T18:10:56.627+0200: 40.700: [ParNew: 588068K->63760K(613440K), 0.0309946 secs] 595476K->71168K(2029056K), 0.0310902 secs] [Times: user=0.24 sys=0.00, real=0.03 secs] 
2020-09-29T18:10:56.707+0200: 40.780: [GC (Allocation Failure) 2020-09-29T18:10:56.707+0200: 40.780: [ParNew: 609104K->42518K(613440K), 0.0146835 secs] 616512K->49926K(2029056K), 0.0147502 secs] [Times: user=0.13 sys=0.00, real=0.01 secs] 
2020-09-29T18:10:56.770+0200: 40.842: [GC (Allocation Failure) 2020-09-29T18:10:56.770+0200: 40.842: [ParNew: 587862K->49313K(613440K), 0.0275440 secs] 595270K->56721K(2029056K), 0.0276325 secs] [Times: user=0.25 sys=0.00, real=0.03 secs] 
2020-09-29T18:10:56.846+0200: 40.919: [GC (Allocation Failure) 2020-09-29T18:10:56.846+0200: 40.919: [ParNew: 594657K->36356K(613440K), 0.0207337 secs] 602065K->43764K(2029056K), 0.0207986 secs] [Times: user=0.25 sys=0.00, real=0.02 secs] 
2020-09-29T18:10:56.918+0200: 40.990: [GC (Allocation Failure) 2020-09-29T18:10:56.918+0200: 40.990: [ParNew: 581700K->54188K(613440K), 0.0259148 secs] 589108K->61597K(2029056K), 0.0259775 secs] [Times: user=0.25 sys=0.00, real=0.03 secs] 
2020-09-29T18:10:56.991+0200: 41.063: [GC (Allocation Failure) 2020-09-29T18:10:56.991+0200: 41.063: [ParNew: 599532K->39840K(613440K), 0.0245511 secs] 606941K->47249K(2029056K), 0.0246248 secs] [Times: user=0.13 sys=0.00, real=0.02 secs] 
2020-09-29T18:10:57.069+0200: 41.141: [GC (Allocation Failure) 2020-09-29T18:10:57.069+0200: 41.141: [ParNew: 585184K->68096K(613440K), 0.0292068 secs] 592593K->75504K(2029056K), 0.0292835 secs] [Times: user=0.13 sys=0.00, real=0.03 secs] 
2020-09-29T18:10:57.150+0200: 41.222: [GC (Allocation Failure) 2020-09-29T18:10:57.150+0200: 41.222: [ParNew: 613440K->48449K(613440K), 0.0219462 secs] 620848K->55857K(2029056K), 0.0220116 secs] [Times: user=0.13 sys=0.00, real=0.02 secs] 
2020-09-29T18:10:57.224+0200: 41.296: [GC (Allocation Failure) 2020-09-29T18:10:57.224+0200: 41.296: [ParNew: 593793K->34527K(613440K), 0.0183334 secs] 601201K->41935K(2029056K), 0.0184035 secs] [Times: user=0.14 sys=0.00, real=0.02 secs] 
2020-09-29T18:10:57.291+0200: 41.364: [GC (Allocation Failure) 2020-09-29T18:10:57.292+0200: 41.364: [ParNew: 579871K->55163K(613440K), 0.0256002 secs] 587279K->62571K(2029056K), 0.0256927 secs] [Times: user=0.09 sys=0.00, real=0.03 secs] 
2020-09-29T18:10:57.374+0200: 41.446: [GC (Allocation Failure) 2020-09-29T18:10:57.374+0200: 41.446: [ParNew: 600507K->40063K(613440K), 0.0243537 secs] 607915K->47471K(2029056K), 0.0244280 secs] [Times: user=0.25 sys=0.00, real=0.02 secs] 
2020-09-29T18:10:57.451+0200: 41.523: [GC (Allocation Failure) 2020-09-29T18:10:57.451+0200: 41.523: [ParNew: 585407K->44768K(613440K), 0.0241012 secs] 592815K->52176K(2029056K), 0.0241700 secs] [Times: user=0.23 sys=0.00, real=0.02 secs] 
2020-09-29T18:10:57.525+0200: 41.598: [GC (Allocation Failure) 2020-09-29T18:10:57.526+0200: 41.598: [ParNew: 590112K->40872K(613440K), 0.0228698 secs] 597520K->48281K(2029056K), 0.0229469 secs] [Times: user=0.13 sys=0.00, real=0.02 secs] 
2020-09-29T18:10:57.600+0200: 41.672: [GC (Allocation Failure) 2020-09-29T18:10:57.600+0200: 41.672: [ParNew: 586216K->43425K(613440K), 0.0215662 secs] 593625K->50833K(2029056K), 0.0216339 secs] [Times: user=0.13 sys=0.00, real=0.02 secs] 
2020-09-29T18:10:57.676+0200: 41.749: [GC (Allocation Failure) 2020-09-29T18:10:57.676+0200: 41.749: [ParNew: 588769K->60960K(613440K), 0.0275228 secs] 596177K->68368K(2029056K), 0.0275896 secs] [Times: user=0.25 sys=0.00, real=0.03 secs] 
2020-09-29T18:10:57.752+0200: 41.824: [GC (Allocation Failure) 2020-09-29T18:10:57.752+0200: 41.825: [ParNew: 606304K->48340K(613440K), 0.0265377 secs] 613712K->55748K(2029056K), 0.0266190 secs] [Times: user=0.25 sys=0.00, real=0.03 secs] 
2020-09-29T18:10:57.833+0200: 41.905: [GC (Allocation Failure) 2020-09-29T18:10:57.833+0200: 41.905: [ParNew: 593684K->43335K(613440K), 0.0184069 secs] 601092K->50743K(2029056K), 0.0184723 secs] [Times: user=0.13 sys=0.00, real=0.02 secs] 
2020-09-29T18:10:57.905+0200: 41.978: [GC (Allocation Failure) 2020-09-29T18:10:57.905+0200: 41.978: [ParNew: 588679K->42343K(613440K), 0.0265224 secs] 596087K->49751K(2029056K), 0.0266015 secs] [Times: user=0.25 sys=0.00, real=0.03 secs] 
2020-09-29T18:10:57.979+0200: 42.051: [GC (Allocation Failure) 2020-09-29T18:10:57.979+0200: 42.051: [ParNew: 587687K->31741K(613440K), 0.0083421 secs] 595095K->39149K(2029056K), 0.0084077 secs] [Times: user=0.00 sys=0.00, real=0.01 secs] 
2020-09-29T18:10:58.038+0200: 42.111: [GC (Allocation Failure) 2020-09-29T18:10:58.038+0200: 42.111: [ParNew: 577085K->41073K(613440K), 0.0217925 secs] 584493K->48481K(2029056K), 0.0218741 secs] [Times: user=0.13 sys=0.00, real=0.02 secs] 
2020-09-29T18:10:58.116+0200: 42.188: [GC (Allocation Failure) 2020-09-29T18:10:58.116+0200: 42.188: [ParNew: 586417K->48454K(613440K), 0.0216340 secs] 593825K->55862K(2029056K), 0.0217191 secs] [Times: user=0.13 sys=0.00, real=0.02 secs] 
2020-09-29T18:10:58.195+0200: 42.268: [GC (Allocation Failure) 2020-09-29T18:10:58.195+0200: 42.268: [ParNew: 593798K->33601K(613440K), 0.0222420 secs] 601206K->41009K(2029056K), 0.0223134 secs] [Times: user=0.13 sys=0.00, real=0.02 secs] 
2020-09-29T18:10:58.266+0200: 42.338: [GC (Allocation Failure) 2020-09-29T18:10:58.266+0200: 42.338: [ParNew: 578945K->36029K(613440K), 0.0193690 secs] 586353K->43437K(2029056K), 0.0194340 secs] [Times: user=0.13 sys=0.00, real=0.02 secs] 
2020-09-29T18:10:58.336+0200: 42.409: [GC (Allocation Failure) 2020-09-29T18:10:58.336+0200: 42.409: [ParNew: 581373K->56016K(613440K), 0.0255087 secs] 588781K->63424K(2029056K), 0.0255778 secs] [Times: user=0.13 sys=0.00, real=0.03 secs] 
2020-09-29T18:10:58.415+0200: 42.487: [GC (Allocation Failure) 2020-09-29T18:10:58.415+0200: 42.487: [ParNew: 601360K->37677K(613440K), 0.0172036 secs] 608768K->45085K(2029056K), 0.0172872 secs] [Times: user=0.13 sys=0.00, real=0.02 secs] 
2020-09-29T18:10:58.485+0200: 42.558: [GC (Allocation Failure) 2020-09-29T18:10:58.485+0200: 42.558: [ParNew: 583021K->37611K(613440K), 0.0235870 secs] 590429K->45019K(2029056K), 0.0236566 secs] [Times: user=0.25 sys=0.00, real=0.02 secs] 
2020-09-29T18:10:58.560+0200: 42.632: [GC (Allocation Failure) 2020-09-29T18:10:58.560+0200: 42.632: [ParNew: 582955K->39224K(613440K), 0.0219711 secs] 590363K->46632K(2029056K), 0.0220653 secs] [Times: user=0.13 sys=0.00, real=0.02 secs] 
2020-09-29T18:10:58.635+0200: 42.707: [GC (Allocation Failure) 2020-09-29T18:10:58.635+0200: 42.707: [ParNew: 584568K->32936K(613440K), 0.0210904 secs] 591976K->40344K(2029056K), 0.0211687 secs] [Times: user=0.13 sys=0.00, real=0.02 secs] 
2020-09-29T18:10:58.707+0200: 42.779: [GC (Allocation Failure) 2020-09-29T18:10:58.707+0200: 42.779: [ParNew: 578280K->53248K(613440K), 0.0266153 secs] 585688K->60656K(2029056K), 0.0266984 secs] [Times: user=0.25 sys=0.00, real=0.03 secs] 
2020-09-29T18:10:58.780+0200: 42.853: [GC (Allocation Failure) 2020-09-29T18:10:58.780+0200: 42.853: [ParNew: 598592K->45656K(613440K), 0.0255108 secs] 606000K->53064K(2029056K), 0.0255808 secs] [Times: user=0.25 sys=0.00, real=0.03 secs] 
2020-09-29T18:10:58.857+0200: 42.929: [GC (Allocation Failure) 2020-09-29T18:10:58.857+0200: 42.929: [ParNew: 591000K->37635K(613440K), 0.0166699 secs] 598408K->45043K(2029056K), 0.0167356 secs] [Times: user=0.13 sys=0.00, real=0.02 secs] 
2020-09-29T18:10:58.920+0200: 42.993: [GC (Allocation Failure) 2020-09-29T18:10:58.920+0200: 42.993: [ParNew: 582979K->36692K(613440K), 0.0215275 secs] 590387K->44100K(2029056K), 0.0287100 secs] [Times: user=0.25 sys=0.00, real=0.03 secs] 
2020-09-29T18:10:59.017+0200: 43.090: [GC (Allocation Failure) 2020-09-29T18:10:59.017+0200: 43.090: [ParNew: 582036K->46963K(613440K), 0.0216530 secs] 589444K->54371K(2029056K), 0.0217245 secs] [Times: user=0.25 sys=0.00, real=0.02 secs] 
2020-09-29T18:10:59.089+0200: 43.162: [GC (Allocation Failure) 2020-09-29T18:10:59.089+0200: 43.162: [ParNew: 592307K->32480K(613440K), 0.0181247 secs] 599715K->39888K(2029056K), 0.0181909 secs] [Times: user=0.13 sys=0.00, real=0.02 secs] 
2020-09-29T18:10:59.161+0200: 43.233: [GC (Allocation Failure) 2020-09-29T18:10:59.161+0200: 43.234: [ParNew: 577824K->51258K(613440K), 0.0244602 secs] 585232K->58666K(2029056K), 0.0245419 secs] [Times: user=0.13 sys=0.00, real=0.02 secs] 
2020-09-29T18:10:59.237+0200: 43.310: [GC (Allocation Failure) 2020-09-29T18:10:59.237+0200: 43.310: [ParNew: 596602K->64691K(613440K), 0.0309278 secs] 604010K->72099K(2029056K), 0.0309974 secs] [Times: user=0.25 sys=0.00, real=0.03 secs] 
2020-09-29T18:10:59.317+0200: 43.390: [GC (Allocation Failure) 2020-09-29T18:10:59.317+0200: 43.390: [ParNew: 610035K->55154K(613440K), 0.0228592 secs] 617443K->62563K(2029056K), 0.0229269 secs] [Times: user=0.13 sys=0.00, real=0.02 secs] 
2020-09-29T18:10:59.394+0200: 43.466: [GC (Allocation Failure) 2020-09-29T18:10:59.394+0200: 43.466: [ParNew: 600498K->48998K(613440K), 0.0216270 secs] 607907K->56406K(2029056K), 0.0216986 secs] [Times: user=0.25 sys=0.00, real=0.02 secs] 
2020-09-29T18:10:59.468+0200: 43.541: [GC (Allocation Failure) 2020-09-29T18:10:59.468+0200: 43.541: [ParNew: 594342K->34787K(613440K), 0.0200458 secs] 601750K->42195K(2029056K), 0.0201114 secs] [Times: user=0.13 sys=0.00, real=0.02 secs] 
2020-09-29T18:10:59.553+0200: 43.626: [GC (Allocation Failure) 2020-09-29T18:10:59.553+0200: 43.626: [ParNew: 580131K->58110K(613440K), 0.0278528 secs] 587539K->65518K(2029056K), 0.0279198 secs] [Times: user=0.13 sys=0.00, real=0.03 secs] 
2020-09-29T18:10:59.631+0200: 43.704: [GC (Allocation Failure) 2020-09-29T18:10:59.631+0200: 43.704: [ParNew: 603454K->46725K(613440K), 0.0190639 secs] 610862K->54133K(2029056K), 0.0191350 secs] [Times: user=0.13 sys=0.00, real=0.02 secs] 
2020-09-29T18:10:59.707+0200: 43.780: [GC (Allocation Failure) 2020-09-29T18:10:59.707+0200: 43.780: [ParNew: 592069K->24636K(613440K), 0.0100778 secs] 599477K->32044K(2029056K), 0.0101407 secs] [Times: user=0.11 sys=0.00, real=0.01 secs] 
2020-09-29T18:10:59.779+0200: 43.852: [GC (Allocation Failure) 2020-09-29T18:10:59.779+0200: 43.852: [ParNew: 569980K->53884K(613440K), 0.0319108 secs] 577388K->61292K(2029056K), 0.0319811 secs] [Times: user=0.25 sys=0.00, real=0.03 secs] 
2020-09-29T18:10:59.861+0200: 43.934: [GC (Allocation Failure) 2020-09-29T18:10:59.861+0200: 43.934: [ParNew: 599228K->45462K(613440K), 0.0234363 secs] 606636K->52870K(2029056K), 0.0235050 secs] [Times: user=0.25 sys=0.00, real=0.02 secs] 
2020-09-29T18:10:59.943+0200: 44.016: [GC (Allocation Failure) 2020-09-29T18:10:59.943+0200: 44.016: [ParNew: 590806K->39662K(613440K), 0.0225541 secs] 598214K->47070K(2029056K), 0.0226298 secs] [Times: user=0.13 sys=0.00, real=0.02 secs] 
2020-09-29T18:11:00.020+0200: 44.092: [GC (Allocation Failure) 2020-09-29T18:11:00.020+0200: 44.093: [ParNew: 584142K->39102K(613440K), 0.0207583 secs] 591550K->46510K(2029056K), 0.0208384 secs] [Times: user=0.13 sys=0.00, real=0.02 secs] 
2020-09-29T18:11:00.094+0200: 44.167: [GC (Allocation Failure) 2020-09-29T18:11:00.094+0200: 44.167: [ParNew: 584446K->38460K(613440K), 0.0182473 secs] 591854K->45868K(2029056K), 0.0183297 secs] [Times: user=0.13 sys=0.00, real=0.02 secs] 
2020-09-29T18:11:00.171+0200: 44.244: [GC (Allocation Failure) 2020-09-29T18:11:00.171+0200: 44.244: [ParNew: 583804K->54612K(613440K), 0.0258967 secs] 591212K->62020K(2029056K), 0.0259627 secs] [Times: user=0.25 sys=0.00, real=0.03 secs] 
2020-09-29T18:11:00.248+0200: 44.321: [GC (Allocation Failure) 2020-09-29T18:11:00.248+0200: 44.321: [ParNew: 599956K->41987K(613440K), 0.0250224 secs] 607364K->49395K(2029056K), 0.0250970 secs] [Times: user=0.24 sys=0.00, real=0.03 secs] 
2020-09-29T18:11:00.324+0200: 44.397: [GC (Allocation Failure) 2020-09-29T18:11:00.324+0200: 44.397: [ParNew: 587331K->39173K(613440K), 0.0224561 secs] 594739K->46581K(2029056K), 0.0225488 secs] [Times: user=0.13 sys=0.00, real=0.02 secs] 
2020-09-29T18:11:00.403+0200: 44.476: [GC (Allocation Failure) 2020-09-29T18:11:00.403+0200: 44.476: [ParNew: 584517K->61023K(613440K), 0.0279238 secs] 591925K->68431K(2029056K), 0.0280092 secs] [Times: user=0.25 sys=0.00, real=0.03 secs] 
2020-09-29T18:11:00.481+0200: 44.554: [GC (Allocation Failure) 2020-09-29T18:11:00.481+0200: 44.554: [ParNew: 606367K->49385K(613440K), 0.0263947 secs] 613775K->56793K(2029056K), 0.0264901 secs] [Times: user=0.25 sys=0.00, real=0.03 secs] 
2020-09-29T18:11:00.559+0200: 44.632: [GC (Allocation Failure) 2020-09-29T18:11:00.559+0200: 44.632: [ParNew: 594729K->45196K(613440K), 0.0265872 secs] 602137K->52604K(2029056K), 0.0266739 secs] [Times: user=0.25 sys=0.00, real=0.03 secs] 
2020-09-29T18:11:00.639+0200: 44.712: [GC (Allocation Failure) 2020-09-29T18:11:00.639+0200: 44.712: [ParNew: 590540K->46148K(613440K), 0.0255398 secs] 597948K->53556K(2029056K), 0.0256224 secs] [Times: user=0.24 sys=0.00, real=0.03 secs] 
2020-09-29T18:11:00.718+0200: 44.791: [GC (Allocation Failure) 2020-09-29T18:11:00.718+0200: 44.791: [ParNew: 591492K->68096K(613440K), 0.0304996 secs] 598900K->75954K(2029056K), 0.0305662 secs] [Times: user=0.25 sys=0.00, real=0.03 secs] 
2020-09-29T18:11:00.801+0200: 44.874: [GC (Allocation Failure) 2020-09-29T18:11:00.801+0200: 44.874: [ParNew: 613440K->55272K(613440K), 0.0249541 secs] 621298K->63131K(2029056K), 0.0250227 secs] [Times: user=0.13 sys=0.00, real=0.02 secs] 
2020-09-29T18:11:00.877+0200: 44.950: [GC (Allocation Failure) 2020-09-29T18:11:00.877+0200: 44.950: [ParNew: 600616K->51296K(613440K), 0.0206824 secs] 608475K->59155K(2029056K), 0.0207558 secs] [Times: user=0.23 sys=0.00, real=0.02 secs] 
2020-09-29T18:11:00.955+0200: 45.027: [GC (Allocation Failure) 2020-09-29T18:11:00.955+0200: 45.027: [ParNew: 596640K->35775K(613440K), 0.0248905 secs] 604499K->43634K(2029056K), 0.0249680 secs] [Times: user=0.20 sys=0.00, real=0.03 secs] 
2020-09-29T18:11:01.039+0200: 45.112: [GC (Allocation Failure) 2020-09-29T18:11:01.039+0200: 45.112: [ParNew: 581119K->50751K(613440K), 0.0298053 secs] 588978K->58609K(2029056K), 0.0298747 secs] [Times: user=0.25 sys=0.00, real=0.03 secs] 
2020-09-29T18:11:01.118+0200: 45.191: [GC (Allocation Failure) 2020-09-29T18:11:01.118+0200: 45.191: [ParNew: 596095K->47412K(613440K), 0.0197027 secs] 603953K->55271K(2029056K), 0.0197762 secs] [Times: user=0.13 sys=0.00, real=0.02 secs] 
2020-09-29T18:11:01.194+0200: 45.267: [GC (Allocation Failure) 2020-09-29T18:11:01.194+0200: 45.267: [ParNew: 592756K->41420K(613440K), 0.0199333 secs] 600615K->49279K(2029056K), 0.0200099 secs] [Times: user=0.13 sys=0.00, real=0.02 secs] 
2020-09-29T18:11:01.277+0200: 45.349: [GC (Allocation Failure) 2020-09-29T18:11:01.277+0200: 45.349: [ParNew: 586764K->45261K(613440K), 0.0265746 secs] 594623K->53120K(2029056K), 0.0266705 secs] [Times: user=0.25 sys=0.00, real=0.03 secs] 
2020-09-29T18:11:01.352+0200: 45.425: [GC (Allocation Failure) 2020-09-29T18:11:01.352+0200: 45.425: [ParNew: 590605K->52758K(613440K), 0.0251829 secs] 598464K->60616K(2029056K), 0.0252538 secs] [Times: user=0.13 sys=0.00, real=0.03 secs] 
2020-09-29T18:11:01.433+0200: 45.506: [GC (Allocation Failure) 2020-09-29T18:11:01.433+0200: 45.506: [ParNew: 598102K->39102K(613440K), 0.0236734 secs] 605960K->46961K(2029056K), 0.0237592 secs] [Times: user=0.13 sys=0.00, real=0.02 secs] 
2020-09-29T18:11:01.508+0200: 45.581: [GC (Allocation Failure) 2020-09-29T18:11:01.508+0200: 45.581: [ParNew: 584446K->37020K(613440K), 0.0234711 secs] 592305K->44879K(2029056K), 0.0235511 secs] [Times: user=0.13 sys=0.00, real=0.02 secs] 
2020-09-29T18:11:01.580+0200: 45.653: [GC (Allocation Failure) 2020-09-29T18:11:01.580+0200: 45.653: [ParNew: 582364K->59715K(613440K), 0.0286035 secs] 590223K->67574K(2029056K), 0.0286865 secs] [Times: user=0.24 sys=0.00, real=0.03 secs] 
2020-09-29T18:11:01.667+0200: 45.740: [GC (Allocation Failure) 2020-09-29T18:11:01.667+0200: 45.740: [ParNew: 605059K->43890K(613440K), 0.0199604 secs] 612918K->51749K(2029056K), 0.0201588 secs] [Times: user=0.13 sys=0.00, real=0.02 secs] 
2020-09-29T18:11:01.750+0200: 45.822: [GC (Allocation Failure) 2020-09-29T18:11:01.750+0200: 45.823: [ParNew: 589234K->58545K(613440K), 0.0336989 secs] 597093K->66404K(2029056K), 0.0337785 secs] [Times: user=0.25 sys=0.00, real=0.03 secs] 
2020-09-29T18:11:01.835+0200: 45.908: [GC (Allocation Failure) 2020-09-29T18:11:01.835+0200: 45.908: [ParNew: 603889K->47439K(613440K), 0.0265911 secs] 611748K->55298K(2029056K), 0.0266716 secs] [Times: user=0.13 sys=0.00, real=0.03 secs] 
2020-09-29T18:11:01.911+0200: 45.983: [GC (Allocation Failure) 2020-09-29T18:11:01.911+0200: 45.983: [ParNew: 592783K->68096K(613440K), 0.0324625 secs] 600642K->76162K(2029056K), 0.0325365 secs] [Times: user=0.25 sys=0.00, real=0.03 secs] 
2020-09-29T18:11:01.994+0200: 46.067: [GC (Allocation Failure) 2020-09-29T18:11:01.995+0200: 46.067: [ParNew: 613440K->45944K(613440K), 0.0235697 secs] 621506K->54011K(2029056K), 0.0236545 secs] [Times: user=0.13 sys=0.00, real=0.02 secs] 
2020-09-29T18:11:02.073+0200: 46.146: [GC (Allocation Failure) 2020-09-29T18:11:02.073+0200: 46.146: [ParNew: 591288K->60159K(613440K), 0.0310201 secs] 599355K->68226K(2029056K), 0.0311097 secs] [Times: user=0.25 sys=0.00, real=0.03 secs] 
2020-09-29T18:11:02.154+0200: 46.227: [GC (Allocation Failure) 2020-09-29T18:11:02.154+0200: 46.227: [ParNew: 605503K->40801K(613440K), 0.0201290 secs] 613570K->48867K(2029056K), 0.0202002 secs] [Times: user=0.13 sys=0.00, real=0.02 secs] 
2020-09-29T18:11:02.227+0200: 46.300: [GC (Allocation Failure) 2020-09-29T18:11:02.227+0200: 46.300: [ParNew: 586145K->37415K(613440K), 0.0188379 secs] 594211K->45482K(2029056K), 0.0189236 secs] [Times: user=0.13 sys=0.00, real=0.02 secs] 
2020-09-29T18:11:02.306+0200: 46.379: [GC (Allocation Failure) 2020-09-29T18:11:02.306+0200: 46.379: [ParNew: 582759K->50318K(613440K), 0.0276566 secs] 590826K->58385K(2029056K), 0.0277439 secs] [Times: user=0.25 sys=0.00, real=0.03 secs] 
2020-09-29T18:11:02.386+0200: 46.458: [GC (Allocation Failure) 2020-09-29T18:11:02.386+0200: 46.458: [ParNew: 595662K->44507K(613440K), 0.0266116 secs] 603729K->52573K(2029056K), 0.0267038 secs] [Times: user=0.23 sys=0.00, real=0.03 secs] 
2020-09-29T18:11:02.463+0200: 46.536: [GC (Allocation Failure) 2020-09-29T18:11:02.463+0200: 46.536: [ParNew: 589851K->64204K(613440K), 0.0318965 secs] 597917K->72271K(2029056K), 0.0319814 secs] [Times: user=0.25 sys=0.00, real=0.03 secs] 
2020-09-29T18:11:02.547+0200: 46.619: [GC (Allocation Failure) 2020-09-29T18:11:02.547+0200: 46.619: [ParNew: 609548K->43680K(613440K), 0.0251786 secs] 617615K->51747K(2029056K), 0.0252904 secs] [Times: user=0.25 sys=0.00, real=0.03 secs] 
2020-09-29T18:11:02.623+0200: 46.696: [GC (Allocation Failure) 2020-09-29T18:11:02.623+0200: 46.696: [ParNew: 589024K->34213K(613440K), 0.0235844 secs] 597091K->42279K(2029056K), 0.0236723 secs] [Times: user=0.22 sys=0.00, real=0.02 secs] 
2020-09-29T18:11:02.709+0200: 46.782: [GC (Allocation Failure) 2020-09-29T18:11:02.709+0200: 46.782: [ParNew: 579557K->33535K(613440K), 0.0218036 secs] 587623K->41601K(2029056K), 0.0218928 secs] [Times: user=0.13 sys=0.00, real=0.02 secs] 
2020-09-29T18:11:02.791+0200: 46.864: [GC (Allocation Failure) 2020-09-29T18:11:02.791+0200: 46.864: [ParNew: 578879K->50063K(613440K), 0.0260258 secs] 586945K->58130K(2029056K), 0.0261091 secs] [Times: user=0.20 sys=0.00, real=0.03 secs] 
2020-09-29T18:11:02.876+0200: 46.948: [GC (Allocation Failure) 2020-09-29T18:11:02.876+0200: 46.948: [ParNew: 595407K->40817K(613440K), 0.0260713 secs] 603474K->48883K(2029056K), 0.0261411 secs] [Times: user=0.24 sys=0.00, real=0.03 secs] 
2020-09-29T18:11:02.959+0200: 47.032: [GC (Allocation Failure) 2020-09-29T18:11:02.959+0200: 47.032: [ParNew: 586161K->64788K(613440K), 0.0330458 secs] 594227K->72854K(2029056K), 0.0331526 secs] [Times: user=0.25 sys=0.00, real=0.03 secs] 
2020-09-29T18:11:03.042+0200: 47.115: [GC (Allocation Failure) 2020-09-29T18:11:03.042+0200: 47.115: [ParNew: 610132K->57251K(613440K), 0.0307743 secs] 618198K->65318K(2029056K), 0.0308583 secs] [Times: user=0.25 sys=0.00, real=0.03 secs] 
2020-09-29T18:11:03.122+0200: 47.195: [GC (Allocation Failure) 2020-09-29T18:11:03.122+0200: 47.195: [ParNew: 602595K->43815K(613440K), 0.0225898 secs] 610662K->51882K(2029056K), 0.0226627 secs] [Times: user=0.23 sys=0.00, real=0.02 secs] 
2020-09-29T18:11:03.205+0200: 47.278: [GC (Allocation Failure) 2020-09-29T18:11:03.205+0200: 47.278: [ParNew: 589159K->64041K(613440K), 0.0303761 secs] 597226K->72107K(2029056K), 0.0304741 secs] [Times: user=0.22 sys=0.00, real=0.03 secs] 
2020-09-29T18:11:03.293+0200: 47.365: [GC (Allocation Failure) 2020-09-29T18:11:03.293+0200: 47.365: [ParNew: 609385K->43726K(613440K), 0.0193999 secs] 617451K->51792K(2029056K), 0.0194829 secs] [Times: user=0.13 sys=0.00, real=0.02 secs] 
2020-09-29T18:11:03.373+0200: 47.446: [GC (Allocation Failure) 2020-09-29T18:11:03.373+0200: 47.446: [ParNew: 589070K->38886K(613440K), 0.0204396 secs] 597136K->46952K(2029056K), 0.0205339 secs] [Times: user=0.13 sys=0.00, real=0.02 secs] 
2020-09-29T18:11:03.455+0200: 47.528: [GC (Allocation Failure) 2020-09-29T18:11:03.455+0200: 47.528: [ParNew: 584230K->44147K(613440K), 0.0260865 secs] 592296K->52214K(2029056K), 0.0261767 secs] [Times: user=0.25 sys=0.00, real=0.03 secs] 
2020-09-29T18:11:03.534+0200: 47.607: [GC (Allocation Failure) 2020-09-29T18:11:03.534+0200: 47.607: [ParNew: 589491K->57074K(613440K), 0.0255027 secs] 597558K->65141K(2029056K), 0.0255851 secs] [Times: user=0.25 sys=0.00, real=0.03 secs] 
2020-09-29T18:11:03.613+0200: 47.686: [GC (Allocation Failure) 2020-09-29T18:11:03.613+0200: 47.686: [ParNew: 602418K->25524K(613440K), 0.0150412 secs] 610485K->33590K(2029056K), 0.0151121 secs] [Times: user=0.11 sys=0.00, real=0.02 secs] 
2020-09-29T18:11:03.690+0200: 47.763: [GC (Allocation Failure) 2020-09-29T18:11:03.690+0200: 47.763: [ParNew: 570868K->37953K(613440K), 0.0241273 secs] 578934K->46019K(2029056K), 0.0242090 secs] [Times: user=0.25 sys=0.00, real=0.02 secs] 
2020-09-29T18:11:03.768+0200: 47.841: [GC (Allocation Failure) 2020-09-29T18:11:03.768+0200: 47.841: [ParNew: 583297K->34725K(613440K), 0.0223825 secs] 591363K->42792K(2029056K), 0.0224580 secs] [Times: user=0.25 sys=0.00, real=0.02 secs] 
2020-09-29T18:11:03.847+0200: 47.920: [GC (Allocation Failure) 2020-09-29T18:11:03.847+0200: 47.920: [ParNew: 580069K->29875K(613440K), 0.0222900 secs] 588136K->37941K(2029056K), 0.0223612 secs] [Times: user=0.14 sys=0.00, real=0.02 secs] 
2020-09-29T18:11:03.927+0200: 47.999: [GC (Allocation Failure) 2020-09-29T18:11:03.927+0200: 47.999: [ParNew: 575219K->56106K(613440K), 0.0279254 secs] 583285K->64172K(2029056K), 0.0280207 secs] [Times: user=0.13 sys=0.00, real=0.03 secs] 
2020-09-29T18:11:04.005+0200: 48.078: [GC (Allocation Failure) 2020-09-29T18:11:04.005+0200: 48.078: [ParNew: 601450K->43057K(613440K), 0.0268624 secs] 609516K->51123K(2029056K), 0.0269305 secs] [Times: user=0.13 sys=0.00, real=0.03 secs] 
2020-09-29T18:11:04.081+0200: 48.153: [GC (Allocation Failure) 2020-09-29T18:11:04.081+0200: 48.154: [ParNew: 588401K->42642K(613440K), 0.0258271 secs] 596467K->50708K(2029056K), 0.0258966 secs] [Times: user=0.25 sys=0.00, real=0.03 secs] 
2020-09-29T18:11:04.161+0200: 48.234: [GC (Allocation Failure) 2020-09-29T18:11:04.161+0200: 48.234: [ParNew: 587986K->42997K(613440K), 0.0255361 secs] 596052K->51063K(2029056K), 0.0256205 secs] [Times: user=0.13 sys=0.00, real=0.03 secs] 
2020-09-29T18:11:04.238+0200: 48.311: [GC (Allocation Failure) 2020-09-29T18:11:04.238+0200: 48.311: [ParNew: 588341K->35376K(613440K), 0.0186413 secs] 596407K->43442K(2029056K), 0.0187192 secs] [Times: user=0.25 sys=0.00, real=0.02 secs] 
2020-09-29T18:11:04.306+0200: 48.379: [GC (Allocation Failure) 2020-09-29T18:11:04.306+0200: 48.379: [ParNew: 580720K->35682K(613440K), 0.0241810 secs] 588786K->43749K(2029056K), 0.0242544 secs] [Times: user=0.13 sys=0.00, real=0.03 secs] 
2020-09-29T18:11:04.379+0200: 48.452: [GC (Allocation Failure) 2020-09-29T18:11:04.379+0200: 48.452: [ParNew: 581026K->53111K(613440K), 0.0300244 secs] 589093K->61178K(2029056K), 0.0382553 secs] [Times: user=0.14 sys=0.00, real=0.04 secs] 
2020-09-29T18:11:04.467+0200: 48.539: [GC (Allocation Failure) 2020-09-29T18:11:04.467+0200: 48.540: [ParNew: 598455K->47524K(613440K), 0.0284152 secs] 606522K->55591K(2029056K), 0.0284808 secs] [Times: user=0.25 sys=0.00, real=0.03 secs] 
2020-09-29T18:11:04.548+0200: 48.621: [GC (Allocation Failure) 2020-09-29T18:11:04.548+0200: 48.621: [ParNew: 592868K->42617K(613440K), 0.0191231 secs] 600935K->50683K(2029056K), 0.0191971 secs] [Times: user=0.24 sys=0.00, real=0.02 secs] 
2020-09-29T18:11:04.630+0200: 48.702: [GC (Allocation Failure) 2020-09-29T18:11:04.630+0200: 48.703: [ParNew: 587961K->40237K(613440K), 0.0275194 secs] 596027K->48304K(2029056K), 0.0275954 secs] [Times: user=0.13 sys=0.00, real=0.03 secs] 
2020-09-29T18:11:04.709+0200: 48.782: [GC (Allocation Failure) 2020-09-29T18:11:04.709+0200: 48.782: [ParNew: 585581K->45661K(613440K), 0.0246013 secs] 593648K->53727K(2029056K), 0.0246764 secs] [Times: user=0.13 sys=0.00, real=0.02 secs] 
2020-09-29T18:11:04.785+0200: 48.858: [GC (Allocation Failure) 2020-09-29T18:11:04.785+0200: 48.858: [ParNew: 591005K->64692K(613440K), 0.0308173 secs] 599071K->72759K(2029056K), 0.0308937 secs] [Times: user=0.25 sys=0.00, real=0.03 secs] 
2020-09-29T18:11:04.872+0200: 48.945: [GC (Allocation Failure) 2020-09-29T18:11:04.872+0200: 48.945: [ParNew: 610036K->44522K(613440K), 0.0226170 secs] 618103K->52588K(2029056K), 0.0226845 secs] [Times: user=0.13 sys=0.00, real=0.02 secs] 
2020-09-29T18:11:04.945+0200: 49.017: [GC (Allocation Failure) 2020-09-29T18:11:04.945+0200: 49.018: [ParNew: 589866K->38489K(613440K), 0.0203702 secs] 597932K->46556K(2029056K), 0.0204596 secs] [Times: user=0.13 sys=0.00, real=0.02 secs] 
2020-09-29T18:11:05.018+0200: 49.091: [GC (Allocation Failure) 2020-09-29T18:11:05.018+0200: 49.091: [ParNew: 583833K->30679K(613440K), 0.0196688 secs] 591900K->38746K(2029056K), 0.0197383 secs] [Times: user=0.25 sys=0.00, real=0.02 secs] 
2020-09-29T18:11:05.095+0200: 49.168: [GC (Allocation Failure) 2020-09-29T18:11:05.096+0200: 49.168: [ParNew: 576023K->48827K(613440K), 0.0258764 secs] 584090K->56893K(2029056K), 0.0259612 secs] [Times: user=0.25 sys=0.00, real=0.03 secs] 
2020-09-29T18:11:05.179+0200: 49.252: [GC (Allocation Failure) 2020-09-29T18:11:05.179+0200: 49.252: [ParNew: 594171K->40246K(613440K), 0.0255491 secs] 602237K->48312K(2029056K), 0.0256219 secs] [Times: user=0.13 sys=0.00, real=0.03 secs] 
2020-09-29T18:11:05.258+0200: 49.331: [GC (Allocation Failure) 2020-09-29T18:11:05.258+0200: 49.331: [ParNew: 585590K->65576K(613440K), 0.0325579 secs] 593656K->73643K(2029056K), 0.0326291 secs] [Times: user=0.25 sys=0.00, real=0.03 secs] 
2020-09-29T18:11:05.340+0200: 49.413: [GC (Allocation Failure) 2020-09-29T18:11:05.340+0200: 49.413: [ParNew: 610920K->55284K(613440K), 0.0310005 secs] 618987K->63350K(2029056K), 0.0310698 secs] [Times: user=0.25 sys=0.00, real=0.03 secs] 
2020-09-29T18:11:05.424+0200: 49.497: [GC (Allocation Failure) 2020-09-29T18:11:05.424+0200: 49.497: [ParNew: 600628K->42735K(613440K), 0.0157544 secs] 608694K->50802K(2029056K), 0.0158262 secs] [Times: user=0.13 sys=0.00, real=0.02 secs] 
2020-09-29T18:11:05.491+0200: 49.563: [GC (Allocation Failure) 2020-09-29T18:11:05.491+0200: 49.563: [ParNew: 588079K->49886K(613440K), 0.0292715 secs] 596146K->57952K(2029056K), 0.0293626 secs] [Times: user=0.25 sys=0.00, real=0.03 secs] 
2020-09-29T18:11:05.569+0200: 49.642: [GC (Allocation Failure) 2020-09-29T18:11:05.569+0200: 49.642: [ParNew: 595230K->32446K(613440K), 0.0194661 secs] 603296K->40512K(2029056K), 0.0195426 secs] [Times: user=0.11 sys=0.00, real=0.02 secs] 
2020-09-29T18:11:05.660+0200: 49.733: [GC (Allocation Failure) 2020-09-29T18:11:05.660+0200: 49.733: [ParNew: 577790K->63922K(613440K), 0.0336159 secs] 585856K->71989K(2029056K), 0.0336880 secs] [Times: user=0.38 sys=0.00, real=0.03 secs] 
2020-09-29T18:11:05.741+0200: 49.814: [GC (Allocation Failure) 2020-09-29T18:11:05.741+0200: 49.814: [ParNew: 609266K->39869K(613440K), 0.0269984 secs] 617333K->47935K(2029056K), 0.0343910 secs] [Times: user=0.11 sys=0.00, real=0.04 secs] 
2020-09-29T18:11:05.836+0200: 49.909: [GC (Allocation Failure) 2020-09-29T18:11:05.836+0200: 49.909: [ParNew: 585213K->66387K(613440K), 0.0313461 secs] 593279K->74454K(2029056K), 0.0314140 secs] [Times: user=0.25 sys=0.00, real=0.03 secs] 
2020-09-29T18:11:05.922+0200: 49.995: [GC (Allocation Failure) 2020-09-29T18:11:05.923+0200: 49.995: [ParNew: 611731K->42409K(613440K), 0.0108838 secs] 619798K->50476K(2029056K), 0.0109484 secs] [Times: user=0.13 sys=0.00, real=0.01 secs] 
2020-09-29T18:11:05.994+0200: 50.067: [GC (Allocation Failure) 2020-09-29T18:11:05.994+0200: 50.067: [ParNew: 587753K->44884K(613440K), 0.0204992 secs] 595820K->52950K(2029056K), 0.0205527 secs] [Times: user=0.13 sys=0.00, real=0.02 secs] 
2020-09-29T18:11:06.064+0200: 50.137: [GC (Allocation Failure) 2020-09-29T18:11:06.064+0200: 50.137: [ParNew: 590228K->59974K(613440K), 0.0191658 secs] 598294K->68040K(2029056K), 0.0192412 secs] [Times: user=0.25 sys=0.00, real=0.02 secs] 
2020-09-29T18:11:06.133+0200: 50.206: [GC (Allocation Failure) 2020-09-29T18:11:06.133+0200: 50.206: [ParNew: 605318K->36567K(613440K), 0.0136297 secs] 613384K->44633K(2029056K), 0.0136902 secs] [Times: user=0.13 sys=0.00, real=0.01 secs] 
2020-09-29T18:11:06.195+0200: 50.268: [GC (Allocation Failure) 2020-09-29T18:11:06.195+0200: 50.268: [ParNew: 581911K->54252K(613440K), 0.0220260 secs] 589977K->62319K(2029056K), 0.0220867 secs] [Times: user=0.13 sys=0.00, real=0.02 secs] 
2020-09-29T18:11:06.265+0200: 50.338: [GC (Allocation Failure) 2020-09-29T18:11:06.265+0200: 50.338: [ParNew: 599596K->45107K(613440K), 0.0155565 secs] 607663K->53173K(2029056K), 0.0156116 secs] [Times: user=0.13 sys=0.00, real=0.02 secs] 
2020-09-29T18:11:06.333+0200: 50.406: [GC (Allocation Failure) 2020-09-29T18:11:06.333+0200: 50.406: [ParNew: 590451K->63843K(613440K), 0.0219516 secs] 598517K->71909K(2029056K), 0.0220278 secs] [Times: user=0.13 sys=0.00, real=0.02 secs] 
2020-09-29T18:11:06.404+0200: 50.477: [GC (Allocation Failure) 2020-09-29T18:11:06.404+0200: 50.477: [ParNew: 609187K->41943K(613440K), 0.0146535 secs] 617253K->50010K(2029056K), 0.0147094 secs] [Times: user=0.13 sys=0.00, real=0.01 secs] 
2020-09-29T18:11:06.467+0200: 50.540: [GC (Allocation Failure) 2020-09-29T18:11:06.467+0200: 50.540: [ParNew: 587287K->47336K(613440K), 0.0208143 secs] 595354K->55402K(2029056K), 0.0208756 secs] [Times: user=0.11 sys=0.00, real=0.02 secs] 
2020-09-29T18:11:06.537+0200: 50.609: [GC (Allocation Failure) 2020-09-29T18:11:06.537+0200: 50.610: [ParNew: 592680K->56290K(613440K), 0.0200701 secs] 600746K->64357K(2029056K), 0.0201441 secs] [Times: user=0.13 sys=0.00, real=0.02 secs] 
2020-09-29T18:11:06.606+0200: 50.679: [GC (Allocation Failure) 2020-09-29T18:11:06.606+0200: 50.679: [ParNew: 601634K->68096K(613440K), 0.0258169 secs] 609701K->76255K(2029056K), 0.0258887 secs] [Times: user=0.25 sys=0.00, real=0.03 secs] 
2020-09-29T18:11:06.682+0200: 50.754: [GC (Allocation Failure) 2020-09-29T18:11:06.682+0200: 50.754: [ParNew: 613440K->68096K(613440K), 0.0225837 secs] 621599K->76266K(2029056K), 0.0226491 secs] [Times: user=0.13 sys=0.00, real=0.02 secs] 
2020-09-29T18:11:06.755+0200: 50.828: [GC (Allocation Failure) 2020-09-29T18:11:06.755+0200: 50.828: [ParNew: 613440K->45034K(613440K), 0.0177434 secs] 621610K->53205K(2029056K), 0.0178172 secs] [Times: user=0.13 sys=0.00, real=0.02 secs] 
2020-09-29T18:11:06.823+0200: 50.896: [GC (Allocation Failure) 2020-09-29T18:11:06.823+0200: 50.896: [ParNew: 590378K->36003K(613440K), 0.0158558 secs] 598549K->44174K(2029056K), 0.0159280 secs] [Times: user=0.13 sys=0.00, real=0.02 secs] 
2020-09-29T18:11:06.894+0200: 50.967: [GC (Allocation Failure) 2020-09-29T18:11:06.894+0200: 50.967: [ParNew: 581347K->51871K(613440K), 0.0201924 secs] 589518K->60042K(2029056K), 0.0202592 secs] [Times: user=0.25 sys=0.00, real=0.02 secs] 
2020-09-29T18:11:06.962+0200: 51.034: [GC (Allocation Failure) 2020-09-29T18:11:06.962+0200: 51.034: [ParNew: 597215K->43322K(613440K), 0.0191726 secs] 605386K->51492K(2029056K), 0.0192291 secs] [Times: user=0.13 sys=0.00, real=0.02 secs] 
2020-09-29T18:11:07.028+0200: 51.101: [GC (Allocation Failure) 2020-09-29T18:11:07.028+0200: 51.101: [ParNew: 588666K->44464K(613440K), 0.0181330 secs] 596836K->52635K(2029056K), 0.0182334 secs] [Times: user=0.13 sys=0.00, real=0.02 secs] 
2020-09-29T18:11:07.094+0200: 51.167: [GC (Allocation Failure) 2020-09-29T18:11:07.094+0200: 51.167: [ParNew: 589808K->63983K(613440K), 0.0224445 secs] 597979K->72153K(2029056K), 0.0225438 secs] [Times: user=0.25 sys=0.00, real=0.02 secs] 
2020-09-29T18:11:07.164+0200: 51.236: [GC (Allocation Failure) 2020-09-29T18:11:07.164+0200: 51.236: [ParNew: 609327K->50182K(613440K), 0.0218327 secs] 617497K->58353K(2029056K), 0.0219184 secs] [Times: user=0.13 sys=0.00, real=0.02 secs] 
2020-09-29T18:11:07.235+0200: 51.307: [GC (Allocation Failure) 2020-09-29T18:11:07.235+0200: 51.307: [ParNew: 595526K->41100K(613440K), 0.0160973 secs] 603697K->49271K(2029056K), 0.0161843 secs] [Times: user=0.13 sys=0.00, real=0.02 secs] 
2020-09-29T18:11:07.302+0200: 51.375: [GC (Allocation Failure) 2020-09-29T18:11:07.302+0200: 51.375: [ParNew: 586444K->38471K(613440K), 0.0148568 secs] 594615K->46642K(2029056K), 0.0149162 secs] [Times: user=0.00 sys=0.00, real=0.01 secs] 
2020-09-29T18:11:07.368+0200: 51.441: [GC (Allocation Failure) 2020-09-29T18:11:07.368+0200: 51.441: [ParNew: 583815K->51373K(613440K), 0.0181069 secs] 591986K->59543K(2029056K), 0.0181844 secs] [Times: user=0.13 sys=0.00, real=0.02 secs] 
2020-09-29T18:11:07.437+0200: 51.510: [GC (Allocation Failure) 2020-09-29T18:11:07.437+0200: 51.510: [ParNew: 596717K->34720K(613440K), 0.0173355 secs] 604887K->42891K(2029056K), 0.0174050 secs] [Times: user=0.13 sys=0.00, real=0.02 secs] 
2020-09-29T18:11:07.502+0200: 51.574: [GC (Allocation Failure) 2020-09-29T18:11:07.502+0200: 51.574: [ParNew: 580064K->61322K(613440K), 0.0204429 secs] 588235K->69493K(2029056K), 0.0205180 secs] [Times: user=0.25 sys=0.00, real=0.02 secs] 
2020-09-29T18:11:07.577+0200: 51.649: [GC (Allocation Failure) 2020-09-29T18:11:07.577+0200: 51.649: [ParNew: 606666K->63200K(613440K), 0.0213473 secs] 614837K->71370K(2029056K), 0.0214098 secs] [Times: user=0.11 sys=0.00, real=0.02 secs] 
2020-09-29T18:11:07.647+0200: 51.720: [GC (Allocation Failure) 2020-09-29T18:11:07.647+0200: 51.720: [ParNew: 608544K->49084K(613440K), 0.0207528 secs] 616714K->57254K(2029056K), 0.0208284 secs] [Times: user=0.13 sys=0.00, real=0.02 secs] 
2020-09-29T18:11:07.715+0200: 51.788: [GC (Allocation Failure) 2020-09-29T18:11:07.715+0200: 51.788: [ParNew: 594428K->37786K(613440K), 0.0147121 secs] 602598K->45957K(2029056K), 0.0147862 secs] [Times: user=0.13 sys=0.00, real=0.02 secs] 
2020-09-29T18:11:07.777+0200: 51.849: [GC (Allocation Failure) 2020-09-29T18:11:07.777+0200: 51.849: [ParNew: 583130K->38904K(613440K), 0.0175484 secs] 591301K->47075K(2029056K), 0.0176132 secs] [Times: user=0.13 sys=0.00, real=0.02 secs] 
2020-09-29T18:11:07.843+0200: 51.915: [GC (Allocation Failure) 2020-09-29T18:11:07.843+0200: 51.915: [ParNew: 584248K->32422K(613440K), 0.0154192 secs] 592419K->40592K(2029056K), 0.0154762 secs] [Times: user=0.13 sys=0.00, real=0.02 secs] 
2020-09-29T18:11:07.910+0200: 51.982: [GC (Allocation Failure) 2020-09-29T18:11:07.910+0200: 51.982: [ParNew: 577766K->28980K(613440K), 0.0157290 secs] 585936K->37151K(2029056K), 0.0158000 secs] [Times: user=0.13 sys=0.00, real=0.02 secs] 
2020-09-29T18:11:07.977+0200: 52.050: [GC (Allocation Failure) 2020-09-29T18:11:07.977+0200: 52.050: [ParNew: 574324K->49961K(613440K), 0.0206718 secs] 582495K->58131K(2029056K), 0.0207273 secs] [Times: user=0.13 sys=0.00, real=0.02 secs] 
2020-09-29T18:11:08.045+0200: 52.117: [GC (Allocation Failure) 2020-09-29T18:11:08.045+0200: 52.117: [ParNew: 595305K->40855K(613440K), 0.0187906 secs] 603475K->49026K(2029056K), 0.0188473 secs] [Times: user=0.13 sys=0.00, real=0.02 secs] 
2020-09-29T18:11:08.111+0200: 52.184: [GC (Allocation Failure) 2020-09-29T18:11:08.111+0200: 52.184: [ParNew: 586199K->64980K(613440K), 0.0232444 secs] 594370K->73151K(2029056K), 0.0233170 secs] [Times: user=0.25 sys=0.00, real=0.02 secs] 
2020-09-29T18:11:08.185+0200: 52.257: [GC (Allocation Failure) 2020-09-29T18:11:08.185+0200: 52.257: [ParNew: 610324K->45301K(613440K), 0.0167214 secs] 618495K->53471K(2029056K), 0.0167800 secs] [Times: user=0.13 sys=0.00, real=0.02 secs] 
2020-09-29T18:11:08.251+0200: 52.323: [GC (Allocation Failure) 2020-09-29T18:11:08.251+0200: 52.323: [ParNew: 590645K->36506K(613440K), 0.0170408 secs] 598815K->44676K(2029056K), 0.0171182 secs] [Times: user=0.13 sys=0.00, real=0.02 secs] 
2020-09-29T18:11:08.317+0200: 52.389: [GC (Allocation Failure) 2020-09-29T18:11:08.317+0200: 52.389: [ParNew: 581850K->56787K(613440K), 0.0208944 secs] 590020K->64957K(2029056K), 0.0209613 secs] [Times: user=0.25 sys=0.00, real=0.02 secs] 
2020-09-29T18:11:08.385+0200: 52.458: [GC (Allocation Failure) 2020-09-29T18:11:08.385+0200: 52.458: [ParNew: 602131K->68096K(613440K), 0.0249274 secs] 610301K->76348K(2029056K), 0.0249829 secs] [Times: user=0.13 sys=0.00, real=0.03 secs] 
2020-09-29T18:11:08.459+0200: 52.531: [GC (Allocation Failure) 2020-09-29T18:11:08.459+0200: 52.531: [ParNew: 613440K->48067K(613440K), 0.0125051 secs] 621692K->56320K(2029056K), 0.0125959 secs] [Times: user=0.00 sys=0.00, real=0.01 secs] 
2020-09-29T18:11:08.521+0200: 52.593: [GC (Allocation Failure) 2020-09-29T18:11:08.521+0200: 52.593: [ParNew: 593411K->42467K(613440K), 0.0189536 secs] 601664K->50720K(2029056K), 0.0190085 secs] [Times: user=0.13 sys=0.00, real=0.02 secs] 
2020-09-29T18:11:08.592+0200: 52.665: [GC (Allocation Failure) 2020-09-29T18:11:08.592+0200: 52.665: [ParNew: 587811K->61296K(613440K), 0.0251070 secs] 596064K->69549K(2029056K), 0.0251802 secs] [Times: user=0.25 sys=0.00, real=0.03 secs] 
2020-09-29T18:11:08.666+0200: 52.738: [GC (Allocation Failure) 2020-09-29T18:11:08.666+0200: 52.738: [ParNew: 606640K->60994K(613440K), 0.0229196 secs] 614893K->69246K(2029056K), 0.0229854 secs] [Times: user=0.13 sys=0.00, real=0.02 secs] 
2020-09-29T18:11:08.737+0200: 52.809: [GC (Allocation Failure) 2020-09-29T18:11:08.737+0200: 52.809: [ParNew: 606338K->68096K(613440K), 0.0280565 secs] 614590K->78676K(2029056K), 0.0281101 secs] [Times: user=0.25 sys=0.00, real=0.03 secs] 
2020-09-29T18:11:08.812+0200: 52.885: [GC (Allocation Failure) 2020-09-29T18:11:08.812+0200: 52.885: [ParNew: 613440K->53372K(613440K), 0.0171212 secs] 624020K->63952K(2029056K), 0.0171777 secs] [Times: user=0.13 sys=0.00, real=0.02 secs] 
2020-09-29T18:11:08.876+0200: 52.948: [GC (Allocation Failure) 2020-09-29T18:11:08.876+0200: 52.948: [ParNew: 598716K->51198K(613440K), 0.0195427 secs] 609296K->61779K(2029056K), 0.0196167 secs] [Times: user=0.13 sys=0.00, real=0.02 secs] 
2020-09-29T18:11:08.949+0200: 53.021: [GC (Allocation Failure) 2020-09-29T18:11:08.949+0200: 53.021: [ParNew: 596542K->50546K(613440K), 0.0200274 secs] 607123K->61126K(2029056K), 0.0200814 secs] [Times: user=0.13 sys=0.00, real=0.02 secs] 
2020-09-29T18:11:09.019+0200: 53.091: [GC (Allocation Failure) 2020-09-29T18:11:09.019+0200: 53.091: [ParNew: 595890K->67895K(613440K), 0.0231115 secs] 606470K->78475K(2029056K), 0.0231913 secs] [Times: user=0.25 sys=0.00, real=0.02 secs] 
2020-09-29T18:11:09.091+0200: 53.163: [GC (Allocation Failure) 2020-09-29T18:11:09.091+0200: 53.163: [ParNew: 613239K->51081K(613440K), 0.0179998 secs] 623819K->61661K(2029056K), 0.0180744 secs] [Times: user=0.13 sys=0.00, real=0.02 secs] 
2020-09-29T18:11:09.156+0200: 53.228: [GC (Allocation Failure) 2020-09-29T18:11:09.156+0200: 53.228: [ParNew: 596425K->44640K(613440K), 0.0161496 secs] 607005K->55220K(2029056K), 0.0162248 secs] [Times: user=0.13 sys=0.00, real=0.02 secs] 
2020-09-29T18:11:09.220+0200: 53.292: [GC (Allocation Failure) 2020-09-29T18:11:09.220+0200: 53.292: [ParNew: 589984K->32561K(613440K), 0.0166068 secs] 600564K->43141K(2029056K), 0.0166837 secs] [Times: user=0.13 sys=0.00, real=0.02 secs] 
2020-09-29T18:11:09.289+0200: 53.362: [GC (Allocation Failure) 2020-09-29T18:11:09.289+0200: 53.362: [ParNew: 577905K->54464K(613440K), 0.0236824 secs] 588485K->65045K(2029056K), 0.0237740 secs] [Times: user=0.13 sys=0.00, real=0.02 secs] 
2020-09-29T18:11:09.363+0200: 53.435: [GC (Allocation Failure) 2020-09-29T18:11:09.363+0200: 53.436: [ParNew: 599808K->65218K(613440K), 0.0256069 secs] 610389K->75798K(2029056K), 0.0256950 secs] [Times: user=0.22 sys=0.00, real=0.03 secs] 
2020-09-29T18:11:09.438+0200: 53.511: [GC (Allocation Failure) 2020-09-29T18:11:09.438+0200: 53.511: [ParNew: 610562K->48902K(613440K), 0.0188864 secs] 621142K->59482K(2029056K), 0.0189445 secs] [Times: user=0.13 sys=0.00, real=0.02 secs] 
2020-09-29T18:11:09.505+0200: 53.577: [GC (Allocation Failure) 2020-09-29T18:11:09.505+0200: 53.577: [ParNew: 594246K->40714K(613440K), 0.0184341 secs] 604826K->51294K(2029056K), 0.0185104 secs] [Times: user=0.13 sys=0.00, real=0.02 secs] 
2020-09-29T18:11:09.572+0200: 53.644: [GC (Allocation Failure) 2020-09-29T18:11:09.572+0200: 53.644: [ParNew: 586058K->39704K(613440K), 0.0179597 secs] 596638K->50284K(2029056K), 0.0180364 secs] [Times: user=0.13 sys=0.00, real=0.02 secs] 
2020-09-29T18:11:09.639+0200: 53.711: [GC (Allocation Failure) 2020-09-29T18:11:09.639+0200: 53.711: [ParNew: 585048K->39932K(613440K), 0.0169756 secs] 595628K->50512K(2029056K), 0.0170414 secs] [Times: user=0.11 sys=0.00, real=0.02 secs] 
2020-09-29T18:11:09.705+0200: 53.777: [GC (Allocation Failure) 2020-09-29T18:11:09.705+0200: 53.777: [ParNew: 585276K->59677K(613440K), 0.0211075 secs] 595856K->70257K(2029056K), 0.0211719 secs] [Times: user=0.25 sys=0.00, real=0.02 secs] 
2020-09-29T18:11:09.774+0200: 53.847: [GC (Allocation Failure) 2020-09-29T18:11:09.774+0200: 53.847: [ParNew: 605021K->68096K(613440K), 0.0279008 secs] 615601K->79481K(2029056K), 0.0279771 secs] [Times: user=0.25 sys=0.00, real=0.03 secs] 
2020-09-29T18:11:09.849+0200: 53.922: [GC (Allocation Failure) 2020-09-29T18:11:09.849+0200: 53.922: [ParNew: 613440K->48832K(613440K), 0.0144438 secs] 624825K->60218K(2029056K), 0.0144987 secs] [Times: user=0.13 sys=0.00, real=0.02 secs] 
2020-09-29T18:11:09.911+0200: 53.984: [GC (Allocation Failure) 2020-09-29T18:11:09.911+0200: 53.984: [ParNew: 594176K->46293K(613440K), 0.0188351 secs] 605562K->57678K(2029056K), 0.0189087 secs] [Times: user=0.13 sys=0.00, real=0.02 secs] 
2020-09-29T18:11:09.977+0200: 54.050: [GC (Allocation Failure) 2020-09-29T18:11:09.977+0200: 54.050: [ParNew: 591637K->40917K(613440K), 0.0180561 secs] 603022K->52303K(2029056K), 0.0181215 secs] [Times: user=0.13 sys=0.00, real=0.02 secs] 
2020-09-29T18:11:10.043+0200: 54.116: [GC (Allocation Failure) 2020-09-29T18:11:10.043+0200: 54.116: [ParNew: 586261K->40651K(613440K), 0.0177974 secs] 597647K->52037K(2029056K), 0.0178767 secs] [Times: user=0.13 sys=0.00, real=0.02 secs] 
2020-09-29T18:11:10.109+0200: 54.181: [GC (Allocation Failure) 2020-09-29T18:11:10.109+0200: 54.181: [ParNew: 585995K->36057K(613440K), 0.0163978 secs] 597381K->47443K(2029056K), 0.0164883 secs] [Times: user=0.13 sys=0.00, real=0.02 secs] 
2020-09-29T18:11:10.174+0200: 54.247: [GC (Allocation Failure) 2020-09-29T18:11:10.174+0200: 54.247: [ParNew: 581401K->38138K(613440K), 0.0149333 secs] 592787K->49524K(2029056K), 0.0149873 secs] [Times: user=0.13 sys=0.00, real=0.01 secs] 
2020-09-29T18:11:10.239+0200: 54.311: [GC (Allocation Failure) 2020-09-29T18:11:10.239+0200: 54.311: [ParNew: 583482K->55789K(613440K), 0.0211348 secs] 594868K->67175K(2029056K), 0.0211979 secs] [Times: user=0.13 sys=0.00, real=0.02 secs] 
2020-09-29T18:11:10.309+0200: 54.382: [GC (Allocation Failure) 2020-09-29T18:11:10.309+0200: 54.382: [ParNew: 601133K->48155K(613440K), 0.0209996 secs] 612519K->59541K(2029056K), 0.0210712 secs] [Times: user=0.13 sys=0.00, real=0.02 secs] 
2020-09-29T18:11:10.379+0200: 54.451: [GC (Allocation Failure) 2020-09-29T18:11:10.379+0200: 54.451: [ParNew: 593499K->39432K(613440K), 0.0138775 secs] 604885K->50818K(2029056K), 0.0139352 secs] [Times: user=0.13 sys=0.00, real=0.01 secs] 
2020-09-29T18:11:10.439+0200: 54.512: [GC (Allocation Failure) 2020-09-29T18:11:10.439+0200: 54.512: [ParNew: 584776K->54577K(613440K), 0.0229960 secs] 596162K->65962K(2029056K), 0.0230574 secs] [Times: user=0.25 sys=0.00, real=0.02 secs] 
2020-09-29T18:11:10.509+0200: 54.582: [GC (Allocation Failure) 2020-09-29T18:11:10.509+0200: 54.582: [ParNew: 599921K->68096K(613440K), 0.0228048 secs] 611306K->79816K(2029056K), 0.0228615 secs] [Times: user=0.13 sys=0.00, real=0.02 secs] 
2020-09-29T18:11:10.580+0200: 54.653: [GC (Allocation Failure) 2020-09-29T18:11:10.580+0200: 54.653: [ParNew: 613440K->45184K(613440K), 0.0181218 secs] 625160K->56904K(2029056K), 0.0181940 secs] [Times: user=0.11 sys=0.00, real=0.02 secs] 
2020-09-29T18:11:10.648+0200: 54.720: [GC (Allocation Failure) 2020-09-29T18:11:10.648+0200: 54.720: [ParNew: 590528K->39021K(613440K), 0.0158750 secs] 602248K->50741K(2029056K), 0.0159337 secs] [Times: user=0.13 sys=0.00, real=0.02 secs] 
2020-09-29T18:11:10.715+0200: 54.788: [GC (Allocation Failure) 2020-09-29T18:11:10.715+0200: 54.788: [ParNew: 584365K->55940K(613440K), 0.0212015 secs] 596085K->67661K(2029056K), 0.0212609 secs] [Times: user=0.13 sys=0.00, real=0.02 secs] 
2020-09-29T18:11:10.785+0200: 54.858: [GC (Allocation Failure) 2020-09-29T18:11:10.785+0200: 54.858: [ParNew: 601284K->68096K(613440K), 0.0255940 secs] 613005K->80125K(2029056K), 0.0256526 secs] [Times: user=0.23 sys=0.02, real=0.03 secs] 
2020-09-29T18:11:10.859+0200: 54.931: [GC (Allocation Failure) 2020-09-29T18:11:10.859+0200: 54.931: [ParNew: 613440K->48488K(613440K), 0.0147024 secs] 625469K->60518K(2029056K), 0.0147637 secs] [Times: user=0.13 sys=0.00, real=0.01 secs] 
2020-09-29T18:11:10.919+0200: 54.992: [GC (Allocation Failure) 2020-09-29T18:11:10.920+0200: 54.992: [ParNew: 593832K->44118K(613440K), 0.0180895 secs] 605862K->56148K(2029056K), 0.0181858 secs] [Times: user=0.13 sys=0.00, real=0.02 secs] 
2020-09-29T18:11:10.985+0200: 55.057: [GC (Allocation Failure) 2020-09-29T18:11:10.985+0200: 55.057: [ParNew: 589462K->35578K(613440K), 0.0167643 secs] 601492K->47608K(2029056K), 0.0168332 secs] [Times: user=0.13 sys=0.00, real=0.02 secs] 
2020-09-29T18:11:11.055+0200: 55.128: [GC (Allocation Failure) 2020-09-29T18:11:11.055+0200: 55.128: [ParNew: 580922K->32557K(613440K), 0.0155347 secs] 592952K->44587K(2029056K), 0.0155995 secs] [Times: user=0.13 sys=0.00, real=0.02 secs] 
2020-09-29T18:11:11.120+0200: 55.193: [GC (Allocation Failure) 2020-09-29T18:11:11.120+0200: 55.193: [ParNew: 577901K->53481K(613440K), 0.0201565 secs] 589931K->65511K(2029056K), 0.0202117 secs] [Times: user=0.13 sys=0.00, real=0.02 secs] 
2020-09-29T18:11:11.189+0200: 55.261: [GC (Allocation Failure) 2020-09-29T18:11:11.189+0200: 55.261: [ParNew: 598825K->34911K(613440K), 0.0129768 secs] 610855K->46941K(2029056K), 0.0130485 secs] [Times: user=0.13 sys=0.00, real=0.01 secs] 
2020-09-29T18:11:11.251+0200: 55.323: [GC (Allocation Failure) 2020-09-29T18:11:11.251+0200: 55.323: [ParNew: 580255K->46760K(613440K), 0.0228430 secs] 592285K->58790K(2029056K), 0.0229031 secs] [Times: user=0.25 sys=0.00, real=0.02 secs] 
2020-09-29T18:11:11.322+0200: 55.394: [GC (Allocation Failure) 2020-09-29T18:11:11.322+0200: 55.395: [ParNew: 592104K->64897K(613440K), 0.0234585 secs] 604134K->76927K(2029056K), 0.0235582 secs] [Times: user=0.13 sys=0.00, real=0.02 secs] 
2020-09-29T18:11:11.399+0200: 55.471: [GC (Allocation Failure) 2020-09-29T18:11:11.399+0200: 55.471: [ParNew: 610241K->44875K(613440K), 0.0181774 secs] 622271K->56905K(2029056K), 0.0182727 secs] [Times: user=0.13 sys=0.00, real=0.02 secs] 
2020-09-29T18:11:11.467+0200: 55.540: [GC (Allocation Failure) 2020-09-29T18:11:11.467+0200: 55.540: [ParNew: 590219K->45983K(613440K), 0.0216473 secs] 602249K->58013K(2029056K), 0.0217305 secs] [Times: user=0.23 sys=0.00, real=0.02 secs] 
2020-09-29T18:11:11.546+0200: 55.619: [GC (Allocation Failure) 2020-09-29T18:11:11.546+0200: 55.619: [ParNew: 591327K->53861K(613440K), 0.0240676 secs] 603357K->65891K(2029056K), 0.0241381 secs] [Times: user=0.22 sys=0.00, real=0.02 secs] 
2020-09-29T18:11:11.623+0200: 55.696: [GC (Allocation Failure) 2020-09-29T18:11:11.624+0200: 55.696: [ParNew: 599205K->46945K(613440K), 0.0215924 secs] 611235K->58975K(2029056K), 0.0216854 secs] [Times: user=0.09 sys=0.00, real=0.02 secs] 
2020-09-29T18:11:11.695+0200: 55.768: [GC (Allocation Failure) 2020-09-29T18:11:11.695+0200: 55.768: [ParNew: 592289K->39865K(613440K), 0.0110532 secs] 604319K->51895K(2029056K), 0.0111130 secs] [Times: user=0.00 sys=0.00, real=0.01 secs] 
2020-09-29T18:11:11.759+0200: 55.831: [GC (Allocation Failure) 2020-09-29T18:11:11.759+0200: 55.831: [ParNew: 585209K->43780K(613440K), 0.0171791 secs] 597239K->55810K(2029056K), 0.0172460 secs] [Times: user=0.11 sys=0.00, real=0.02 secs] 
2020-09-29T18:11:11.827+0200: 55.899: [GC (Allocation Failure) 2020-09-29T18:11:11.827+0200: 55.899: [ParNew: 589124K->51903K(613440K), 0.0233694 secs] 601154K->63933K(2029056K), 0.0234279 secs] [Times: user=0.25 sys=0.00, real=0.02 secs] 
2020-09-29T18:11:11.898+0200: 55.971: [GC (Allocation Failure) 2020-09-29T18:11:11.898+0200: 55.971: [ParNew: 597247K->47425K(613440K), 0.0154774 secs] 609277K->59455K(2029056K), 0.0155437 secs] [Times: user=0.13 sys=0.00, real=0.02 secs] 
2020-09-29T18:11:11.961+0200: 56.033: [GC (Allocation Failure) 2020-09-29T18:11:11.961+0200: 56.033: [ParNew: 592769K->39575K(613440K), 0.0160139 secs] 604799K->51605K(2029056K), 0.0160861 secs] [Times: user=0.13 sys=0.00, real=0.02 secs] 
2020-09-29T18:11:12.026+0200: 56.098: [GC (Allocation Failure) 2020-09-29T18:11:12.026+0200: 56.098: [ParNew: 584919K->27485K(613440K), 0.0140963 secs] 596949K->39515K(2029056K), 0.0141525 secs] [Times: user=0.13 sys=0.00, real=0.01 secs] 
2020-09-29T18:11:12.089+0200: 56.161: [GC (Allocation Failure) 2020-09-29T18:11:12.089+0200: 56.161: [ParNew: 572829K->47143K(613440K), 0.0182131 secs] 584859K->59173K(2029056K), 0.0182838 secs] [Times: user=0.13 sys=0.00, real=0.02 secs] 
2020-09-29T18:11:12.155+0200: 56.227: [GC (Allocation Failure) 2020-09-29T18:11:12.155+0200: 56.227: [ParNew: 592487K->34332K(613440K), 0.0171656 secs] 604517K->46362K(2029056K), 0.0172490 secs] [Times: user=0.13 sys=0.00, real=0.02 secs] 
2020-09-29T18:11:12.220+0200: 56.292: [GC (Allocation Failure) 2020-09-29T18:11:12.220+0200: 56.292: [ParNew: 579676K->57764K(613440K), 0.0211208 secs] 591706K->69794K(2029056K), 0.0211873 secs] [Times: user=0.25 sys=0.00, real=0.02 secs] 
2020-09-29T18:11:12.288+0200: 56.361: [GC (Allocation Failure) 2020-09-29T18:11:12.288+0200: 56.361: [ParNew: 603108K->46319K(613440K), 0.0202722 secs] 615138K->58349K(2029056K), 0.0203260 secs] [Times: user=0.13 sys=0.00, real=0.02 secs] 
2020-09-29T18:11:12.356+0200: 56.429: [GC (Allocation Failure) 2020-09-29T18:11:12.356+0200: 56.429: [ParNew: 591663K->41874K(613440K), 0.0135914 secs] 603693K->53904K(2029056K), 0.0136536 secs] [Times: user=0.13 sys=0.00, real=0.01 secs] 
2020-09-29T18:11:12.432+0200: 56.504: [GC (Allocation Failure) 2020-09-29T18:11:12.432+0200: 56.504: [ParNew: 587218K->38934K(613440K), 0.0208285 secs] 599248K->50964K(2029056K), 0.0208879 secs] [Times: user=0.13 sys=0.00, real=0.02 secs] 
2020-09-29T18:11:12.499+0200: 56.572: [GC (Allocation Failure) 2020-09-29T18:11:12.499+0200: 56.572: [ParNew: 584278K->62154K(613440K), 0.0233925 secs] 596308K->74184K(2029056K), 0.0234552 secs] [Times: user=0.25 sys=0.00, real=0.02 secs] 
2020-09-29T18:11:12.571+0200: 56.643: [GC (Allocation Failure) 2020-09-29T18:11:12.571+0200: 56.643: [ParNew: 607498K->49636K(613440K), 0.0180162 secs] 619528K->61666K(2029056K), 0.0258965 secs] [Times: user=0.13 sys=0.00, real=0.03 secs] 
2020-09-29T18:11:12.645+0200: 56.718: [GC (Allocation Failure) 2020-09-29T18:11:12.645+0200: 56.718: [ParNew: 594980K->63199K(613440K), 0.0224118 secs] 607010K->75229K(2029056K), 0.0224709 secs] [Times: user=0.13 sys=0.00, real=0.02 secs] 
2020-09-29T18:11:12.715+0200: 56.788: [GC (Allocation Failure) 2020-09-29T18:11:12.715+0200: 56.788: [ParNew: 608543K->44158K(613440K), 0.0158719 secs] 620573K->56188K(2029056K), 0.0159440 secs] [Times: user=0.13 sys=0.00, real=0.02 secs] 
2020-09-29T18:11:12.783+0200: 56.856: [GC (Allocation Failure) 2020-09-29T18:11:12.783+0200: 56.856: [ParNew: 589502K->25562K(613440K), 0.0117475 secs] 601532K->37592K(2029056K), 0.0118054 secs] [Times: user=0.13 sys=0.00, real=0.01 secs] 
2020-09-29T18:11:12.852+0200: 56.925: [GC (Allocation Failure) 2020-09-29T18:11:12.853+0200: 56.925: [ParNew: 570906K->68096K(613440K), 0.0269871 secs] 582936K->80130K(2029056K), 0.0270756 secs] [Times: user=0.13 sys=0.02, real=0.03 secs] 
2020-09-29T18:11:12.926+0200: 56.999: [GC (Allocation Failure) 2020-09-29T18:11:12.926+0200: 56.999: [ParNew: 613440K->68096K(613440K), 0.0271318 secs] 625474K->82013K(2029056K), 0.0271894 secs] [Times: user=0.25 sys=0.00, real=0.03 secs] 
2020-09-29T18:11:13.001+0200: 57.074: [GC (Allocation Failure) 2020-09-29T18:11:13.001+0200: 57.074: [ParNew: 613440K->58098K(613440K), 0.0149890 secs] 627357K->72015K(2029056K), 0.0150437 secs] [Times: user=0.13 sys=0.00, real=0.02 secs] 
2020-09-29T18:11:13.065+0200: 57.138: [GC (Allocation Failure) 2020-09-29T18:11:13.065+0200: 57.138: [ParNew: 603442K->60781K(613440K), 0.0249998 secs] 617359K->74698K(2029056K), 0.0250549 secs] [Times: user=0.25 sys=0.00, real=0.02 secs] 
2020-09-29T18:11:13.138+0200: 57.211: [GC (Allocation Failure) 2020-09-29T18:11:13.138+0200: 57.211: [ParNew: 606125K->44862K(613440K), 0.0140693 secs] 620042K->58780K(2029056K), 0.0141256 secs] [Times: user=0.13 sys=0.00, real=0.01 secs] 
2020-09-29T18:11:13.201+0200: 57.274: [GC (Allocation Failure) 2020-09-29T18:11:13.201+0200: 57.274: [ParNew: 590206K->45570K(613440K), 0.0177596 secs] 604124K->59487K(2029056K), 0.0178291 secs] [Times: user=0.13 sys=0.00, real=0.02 secs] 
2020-09-29T18:11:13.275+0200: 57.347: [GC (Allocation Failure) 2020-09-29T18:11:13.275+0200: 57.347: [ParNew: 590914K->36692K(613440K), 0.0184908 secs] 604831K->50609K(2029056K), 0.0185647 secs] [Times: user=0.13 sys=0.00, real=0.02 secs] 
2020-09-29T18:11:13.349+0200: 57.422: [GC (Allocation Failure) 2020-09-29T18:11:13.349+0200: 57.422: [ParNew: 582036K->48878K(613440K), 0.0210900 secs] 595953K->62795K(2029056K), 0.0211580 secs] [Times: user=0.11 sys=0.00, real=0.02 secs] 
2020-09-29T18:11:13.422+0200: 57.494: [GC (Allocation Failure) 2020-09-29T18:11:13.422+0200: 57.494: [ParNew: 594222K->39577K(613440K), 0.0150250 secs] 608139K->53495K(2029056K), 0.0150833 secs] [Times: user=0.11 sys=0.00, real=0.02 secs] 
2020-09-29T18:11:13.489+0200: 57.561: [GC (Allocation Failure) 2020-09-29T18:11:13.489+0200: 57.561: [ParNew: 584921K->33755K(613440K), 0.0153820 secs] 598839K->47673K(2029056K), 0.0154374 secs] [Times: user=0.00 sys=0.00, real=0.01 secs] 
2020-09-29T18:11:13.556+0200: 57.629: [GC (Allocation Failure) 2020-09-29T18:11:13.556+0200: 57.629: [ParNew: 579099K->31464K(613440K), 0.0146403 secs] 593017K->45381K(2029056K), 0.0147178 secs] [Times: user=0.13 sys=0.00, real=0.02 secs] 
2020-09-29T18:11:13.628+0200: 57.701: [GC (Allocation Failure) 2020-09-29T18:11:13.628+0200: 57.701: [ParNew: 576808K->52131K(613440K), 0.0199500 secs] 590725K->66048K(2029056K), 0.0200288 secs] [Times: user=0.25 sys=0.00, real=0.02 secs] 
2020-09-29T18:11:13.698+0200: 57.771: [GC (Allocation Failure) 2020-09-29T18:11:13.698+0200: 57.771: [ParNew: 597475K->37377K(613440K), 0.0197685 secs] 611392K->51294K(2029056K), 0.0198241 secs] [Times: user=0.13 sys=0.00, real=0.02 secs] 
2020-09-29T18:11:13.768+0200: 57.840: [GC (Allocation Failure) 2020-09-29T18:11:13.768+0200: 57.840: [ParNew: 582721K->64168K(613440K), 0.0260342 secs] 596638K->78085K(2029056K), 0.0261363 secs] [Times: user=0.22 sys=0.00, real=0.03 secs] 
2020-09-29T18:11:13.846+0200: 57.919: [GC (Allocation Failure) 2020-09-29T18:11:13.847+0200: 57.919: [ParNew: 609512K->55130K(613440K), 0.0241867 secs] 623429K->69047K(2029056K), 0.0243003 secs] [Times: user=0.23 sys=0.00, real=0.03 secs] 
2020-09-29T18:11:13.923+0200: 57.996: [GC (Allocation Failure) 2020-09-29T18:11:13.923+0200: 57.996: [ParNew: 600474K->53427K(613440K), 0.0237865 secs] 614391K->67344K(2029056K), 0.0240550 secs] [Times: user=0.23 sys=0.00, real=0.02 secs] 
2020-09-29T18:11:13.999+0200: 58.072: [GC (Allocation Failure) 2020-09-29T18:11:14.000+0200: 58.072: [ParNew: 598771K->52633K(613440K), 0.0277164 secs] 612688K->66550K(2029056K), 0.0278112 secs] [Times: user=0.22 sys=0.00, real=0.03 secs] 
2020-09-29T18:11:14.080+0200: 58.153: [GC (Allocation Failure) 2020-09-29T18:11:14.080+0200: 58.153: [ParNew: 597977K->50383K(613440K), 0.0207538 secs] 611894K->64300K(2029056K), 0.0208203 secs] [Times: user=0.23 sys=0.00, real=0.02 secs] 
2020-09-29T18:11:14.154+0200: 58.227: [GC (Allocation Failure) 2020-09-29T18:11:14.154+0200: 58.227: [ParNew: 595727K->41828K(613440K), 0.0253005 secs] 609644K->55745K(2029056K), 0.0253682 secs] [Times: user=0.22 sys=0.00, real=0.03 secs] 
2020-09-29T18:11:14.234+0200: 58.306: [GC (Allocation Failure) 2020-09-29T18:11:14.234+0200: 58.306: [ParNew: 587172K->42683K(613440K), 0.0201336 secs] 601089K->56600K(2029056K), 0.0202255 secs] [Times: user=0.13 sys=0.00, real=0.02 secs] 
2020-09-29T18:11:14.307+0200: 58.380: [GC (Allocation Failure) 2020-09-29T18:11:14.307+0200: 58.380: [ParNew: 588027K->36843K(613440K), 0.0200918 secs] 601944K->50760K(2029056K), 0.0201664 secs] [Times: user=0.13 sys=0.00, real=0.02 secs] 
2020-09-29T18:11:14.377+0200: 58.450: [GC (Allocation Failure) 2020-09-29T18:11:14.377+0200: 58.450: [ParNew: 582187K->38945K(613440K), 0.0183465 secs] 596104K->52862K(2029056K), 0.0184279 secs] [Times: user=0.23 sys=0.00, real=0.02 secs] 
2020-09-29T18:11:14.447+0200: 58.520: [GC (Allocation Failure) 2020-09-29T18:11:14.448+0200: 58.520: [ParNew: 584289K->56186K(613440K), 0.0229112 secs] 598206K->70103K(2029056K), 0.0229927 secs] [Times: user=0.13 sys=0.00, real=0.02 secs] 
2020-09-29T18:11:14.519+0200: 58.592: [GC (Allocation Failure) 2020-09-29T18:11:14.519+0200: 58.592: [ParNew: 601530K->42482K(613440K), 0.0153085 secs] 615447K->56399K(2029056K), 0.0153649 secs] [Times: user=0.13 sys=0.00, real=0.01 secs] 
2020-09-29T18:11:14.590+0200: 58.663: [GC (Allocation Failure) 2020-09-29T18:11:14.590+0200: 58.663: [ParNew: 587826K->53024K(613440K), 0.0248045 secs] 601743K->66941K(2029056K), 0.0248800 secs] [Times: user=0.23 sys=0.00, real=0.02 secs] 
2020-09-29T18:11:14.669+0200: 58.742: [GC (Allocation Failure) 2020-09-29T18:11:14.669+0200: 58.742: [ParNew: 598368K->45719K(613440K), 0.0215440 secs] 612285K->59636K(2029056K), 0.0216591 secs] [Times: user=0.13 sys=0.00, real=0.02 secs] 
2020-09-29T18:11:14.748+0200: 58.821: [GC (Allocation Failure) 2020-09-29T18:11:14.748+0200: 58.821: [ParNew: 591063K->47172K(613440K), 0.0227717 secs] 604980K->61089K(2029056K), 0.0228503 secs] [Times: user=0.23 sys=0.00, real=0.02 secs] 
2020-09-29T18:11:14.830+0200: 58.903: [GC (Allocation Failure) 2020-09-29T18:11:14.830+0200: 58.903: [ParNew: 592516K->54071K(613440K), 0.0237361 secs] 606433K->67989K(2029056K), 0.0238047 secs] [Times: user=0.22 sys=0.00, real=0.02 secs] 
2020-09-29T18:11:14.907+0200: 58.981: [GC (Allocation Failure) 2020-09-29T18:11:14.907+0200: 58.981: [ParNew: 599415K->46496K(613440K), 0.0195149 secs] 613333K->60413K(2029056K), 0.0195969 secs] [Times: user=0.23 sys=0.00, real=0.02 secs] 
2020-09-29T18:11:14.981+0200: 59.054: [GC (Allocation Failure) 2020-09-29T18:11:14.981+0200: 59.054: [ParNew: 591840K->56816K(613440K), 0.0225208 secs] 605757K->70733K(2029056K), 0.0225977 secs] [Times: user=0.13 sys=0.00, real=0.02 secs] 
2020-09-29T18:11:15.053+0200: 59.126: [GC (Allocation Failure) 2020-09-29T18:11:15.053+0200: 59.126: [ParNew: 602160K->42434K(613440K), 0.0153296 secs] 616077K->56351K(2029056K), 0.0153959 secs] [Times: user=0.13 sys=0.00, real=0.02 secs] 
2020-09-29T18:11:15.116+0200: 59.189: [GC (Allocation Failure) 2020-09-29T18:11:15.116+0200: 59.189: [ParNew: 587778K->40073K(613440K), 0.0142662 secs] 601695K->53990K(2029056K), 0.0143243 secs] [Times: user=0.13 sys=0.00, real=0.01 secs] 
2020-09-29T18:11:15.181+0200: 59.254: [GC (Allocation Failure) 2020-09-29T18:11:15.181+0200: 59.254: [ParNew: 585417K->29642K(613440K), 0.0128715 secs] 599334K->43559K(2029056K), 0.0129289 secs] [Times: user=0.13 sys=0.00, real=0.01 secs] 
2020-09-29T18:11:15.248+0200: 59.321: [GC (Allocation Failure) 2020-09-29T18:11:15.248+0200: 59.321: [ParNew: 574986K->48666K(613440K), 0.0187930 secs] 588903K->62584K(2029056K), 0.0188604 secs] [Times: user=0.13 sys=0.00, real=0.02 secs] 
2020-09-29T18:11:15.314+0200: 59.386: [GC (Allocation Failure) 2020-09-29T18:11:15.314+0200: 59.386: [ParNew: 594010K->32283K(613440K), 0.0124509 secs] 607928K->46200K(2029056K), 0.0125100 secs] [Times: user=0.13 sys=0.00, real=0.01 secs] 
2020-09-29T18:11:15.377+0200: 59.450: [GC (Allocation Failure) 2020-09-29T18:11:15.377+0200: 59.450: [ParNew: 577627K->40327K(613440K), 0.0178376 secs] 591544K->54244K(2029056K), 0.0179043 secs] [Times: user=0.13 sys=0.00, real=0.02 secs] 
2020-09-29T18:11:15.454+0200: 59.526: [GC (Allocation Failure) 2020-09-29T18:11:15.454+0200: 59.526: [ParNew: 585671K->53030K(613440K), 0.0403760 secs] 599588K->66947K(2029056K), 0.0404711 secs] [Times: user=0.38 sys=0.00, real=0.04 secs] 
2020-09-29T18:11:15.542+0200: 59.614: [GC (Allocation Failure) 2020-09-29T18:11:15.542+0200: 59.614: [ParNew: 598374K->46121K(613440K), 0.0208191 secs] 612291K->60038K(2029056K), 0.0208838 secs] [Times: user=0.13 sys=0.00, real=0.02 secs] 
2020-09-29T18:11:15.613+0200: 59.685: [GC (Allocation Failure) 2020-09-29T18:11:15.613+0200: 59.685: [ParNew: 591465K->68096K(613440K), 0.0266177 secs] 605382K->82651K(2029056K), 0.0266748 secs] [Times: user=0.25 sys=0.00, real=0.03 secs] 
2020-09-29T18:11:15.688+0200: 59.760: [GC (Allocation Failure) 2020-09-29T18:11:15.688+0200: 59.760: [ParNew: 613440K->51270K(613440K), 0.0138431 secs] 627995K->65825K(2029056K), 0.0139005 secs] [Times: user=0.13 sys=0.00, real=0.01 secs] 
2020-09-29T18:11:15.748+0200: 59.821: [GC (Allocation Failure) 2020-09-29T18:11:15.748+0200: 59.821: [ParNew: 596614K->55230K(613440K), 0.0238437 secs] 611169K->69786K(2029056K), 0.0239104 secs] [Times: user=0.25 sys=0.00, real=0.02 secs] 
2020-09-29T18:11:15.820+0200: 59.892: [GC (Allocation Failure) 2020-09-29T18:11:15.820+0200: 59.892: [ParNew: 600574K->49015K(613440K), 0.0182807 secs] 615130K->63571K(2029056K), 0.0183465 secs] [Times: user=0.13 sys=0.00, real=0.02 secs] 
2020-09-29T18:11:15.885+0200: 59.957: [GC (Allocation Failure) 2020-09-29T18:11:15.885+0200: 59.957: [ParNew: 594359K->67323K(613440K), 0.0232393 secs] 608915K->81878K(2029056K), 0.0232978 secs] [Times: user=0.13 sys=0.00, real=0.02 secs] 
2020-09-29T18:11:15.957+0200: 60.029: [GC (Allocation Failure) 2020-09-29T18:11:15.957+0200: 60.029: [ParNew: 612667K->51556K(613440K), 0.0217622 secs] 627222K->66112K(2029056K), 0.0218248 secs] [Times: user=0.25 sys=0.00, real=0.02 secs] 
2020-09-29T18:11:16.028+0200: 60.101: [GC (Allocation Failure) 2020-09-29T18:11:16.028+0200: 60.101: [ParNew: 596900K->53689K(613440K), 0.0213201 secs] 611456K->68245K(2029056K), 0.0213776 secs] [Times: user=0.13 sys=0.00, real=0.02 secs] 
2020-09-29T18:11:16.099+0200: 60.172: [GC (Allocation Failure) 2020-09-29T18:11:16.100+0200: 60.172: [ParNew: 599033K->51028K(613440K), 0.0206852 secs] 613589K->65584K(2029056K), 0.0208127 secs] [Times: user=0.13 sys=0.00, real=0.02 secs] 
2020-09-29T18:11:16.168+0200: 60.241: [GC (Allocation Failure) 2020-09-29T18:11:16.168+0200: 60.241: [ParNew: 596372K->43646K(613440K), 0.0145601 secs] 610928K->58201K(2029056K), 0.0146148 secs] [Times: user=0.13 sys=0.00, real=0.02 secs] 
2020-09-29T18:11:16.235+0200: 60.307: [GC (Allocation Failure) 2020-09-29T18:11:16.235+0200: 60.307: [ParNew: 588990K->58969K(613440K), 0.0252913 secs] 603545K->73524K(2029056K), 0.0253584 secs] [Times: user=0.25 sys=0.00, real=0.03 secs] 
2020-09-29T18:11:16.307+0200: 60.379: [GC (Allocation Failure) 2020-09-29T18:11:16.307+0200: 60.379: [ParNew: 604313K->42716K(613440K), 0.0126071 secs] 618868K->57272K(2029056K), 0.0126768 secs] [Times: user=0.13 sys=0.00, real=0.01 secs] 
2020-09-29T18:11:16.368+0200: 60.441: [GC (Allocation Failure) 2020-09-29T18:11:16.368+0200: 60.441: [ParNew: 588060K->33074K(613440K), 0.0181452 secs] 602616K->47629K(2029056K), 0.0182147 secs] [Times: user=0.13 sys=0.00, real=0.02 secs] 
2020-09-29T18:11:16.433+0200: 60.506: [GC (Allocation Failure) 2020-09-29T18:11:16.433+0200: 60.506: [ParNew: 578418K->50886K(613440K), 0.0205686 secs] 592973K->65441K(2029056K), 0.0206263 secs] [Times: user=0.13 sys=0.00, real=0.02 secs] 
2020-09-29T18:11:16.502+0200: 60.575: [GC (Allocation Failure) 2020-09-29T18:11:16.502+0200: 60.575: [ParNew: 596230K->44960K(613440K), 0.0151769 secs] 610785K->59516K(2029056K), 0.0152337 secs] [Times: user=0.13 sys=0.00, real=0.02 secs] 
2020-09-29T18:11:16.564+0200: 60.636: [GC (Allocation Failure) 2020-09-29T18:11:16.564+0200: 60.636: [ParNew: 590304K->35777K(613440K), 0.0150040 secs] 604860K->50332K(2029056K), 0.0150652 secs] [Times: user=0.11 sys=0.00, real=0.02 secs] 
2020-09-29T18:11:16.632+0200: 60.704: [GC (Allocation Failure) 2020-09-29T18:11:16.632+0200: 60.704: [ParNew: 581121K->47452K(613440K), 0.0196639 secs] 595676K->62007K(2029056K), 0.0197418 secs] [Times: user=0.13 sys=0.00, real=0.02 secs] 
2020-09-29T18:11:16.701+0200: 60.773: [GC (Allocation Failure) 2020-09-29T18:11:16.701+0200: 60.773: [ParNew: 592796K->34240K(613440K), 0.0141432 secs] 607351K->48795K(2029056K), 0.0142003 secs] [Times: user=0.13 sys=0.00, real=0.01 secs] 
2020-09-29T18:11:16.762+0200: 60.834: [GC (Allocation Failure) 2020-09-29T18:11:16.762+0200: 60.834: [ParNew: 579584K->36551K(613440K), 0.0172675 secs] 594139K->51107K(2029056K), 0.0173512 secs] [Times: user=0.13 sys=0.00, real=0.02 secs] 
2020-09-29T18:11:16.835+0200: 60.907: [GC (Allocation Failure) 2020-09-29T18:11:16.835+0200: 60.907: [ParNew: 581895K->40567K(613440K), 0.0162762 secs] 596451K->55122K(2029056K), 0.0163325 secs] [Times: user=0.13 sys=0.00, real=0.02 secs] 
2020-09-29T18:11:16.900+0200: 60.972: [GC (Allocation Failure) 2020-09-29T18:11:16.900+0200: 60.972: [ParNew: 585911K->59125K(613440K), 0.0207682 secs] 600466K->73681K(2029056K), 0.0208299 secs] [Times: user=0.13 sys=0.00, real=0.02 secs] 
2020-09-29T18:11:16.970+0200: 61.042: [GC (Allocation Failure) 2020-09-29T18:11:16.970+0200: 61.042: [ParNew: 604469K->46459K(613440K), 0.0140537 secs] 619025K->61015K(2029056K), 0.0141089 secs] [Times: user=0.13 sys=0.00, real=0.01 secs] 
2020-09-29T18:11:17.034+0200: 61.106: [GC (Allocation Failure) 2020-09-29T18:11:17.034+0200: 61.106: [ParNew: 591803K->26224K(613440K), 0.0130543 secs] 606359K->40780K(2029056K), 0.0131095 secs] [Times: user=0.13 sys=0.00, real=0.01 secs] 
2020-09-29T18:11:17.106+0200: 61.178: [GC (Allocation Failure) 2020-09-29T18:11:17.106+0200: 61.178: [ParNew: 571568K->27514K(613440K), 0.0124188 secs] 586124K->42070K(2029056K), 0.0125088 secs] [Times: user=0.13 sys=0.00, real=0.01 secs] 
2020-09-29T18:11:17.168+0200: 61.240: [GC (Allocation Failure) 2020-09-29T18:11:17.168+0200: 61.240: [ParNew: 572858K->24697K(613440K), 0.0120331 secs] 587414K->39253K(2029056K), 0.0120927 secs] [Times: user=0.13 sys=0.00, real=0.01 secs] 
2020-09-29T18:11:17.229+0200: 61.302: [GC (Allocation Failure) 2020-09-29T18:11:17.229+0200: 61.302: [ParNew: 570041K->39722K(613440K), 0.0175307 secs] 584597K->54278K(2029056K), 0.0176057 secs] [Times: user=0.13 sys=0.00, real=0.02 secs] 
2020-09-29T18:11:17.300+0200: 61.373: [GC (Allocation Failure) 2020-09-29T18:11:17.300+0200: 61.373: [ParNew: 585066K->57282K(613440K), 0.0220852 secs] 599622K->71838K(2029056K), 0.0221521 secs] [Times: user=0.25 sys=0.00, real=0.02 secs] 
2020-09-29T18:11:17.369+0200: 61.442: [GC (Allocation Failure) 2020-09-29T18:11:17.369+0200: 61.442: [ParNew: 602626K->42705K(613440K), 0.0158761 secs] 617182K->57261K(2029056K), 0.0159733 secs] [Times: user=0.13 sys=0.00, real=0.02 secs] 
2020-09-29T18:11:17.435+0200: 61.508: [GC (Allocation Failure) 2020-09-29T18:11:17.435+0200: 61.508: [ParNew: 588049K->37018K(613440K), 0.0139993 secs] 602605K->51574K(2029056K), 0.0140576 secs] [Times: user=0.13 sys=0.00, real=0.01 secs] 
2020-09-29T18:11:17.498+0200: 61.571: [GC (Allocation Failure) 2020-09-29T18:11:17.498+0200: 61.571: [ParNew: 582101K->52944K(613440K), 0.0192272 secs] 596657K->67500K(2029056K), 0.0193032 secs] [Times: user=0.13 sys=0.00, real=0.02 secs] 
2020-09-29T18:11:17.564+0200: 61.636: [GC (Allocation Failure) 2020-09-29T18:11:17.564+0200: 61.636: [ParNew: 598288K->39369K(613440K), 0.0198001 secs] 612844K->53925K(2029056K), 0.0198626 secs] [Times: user=0.22 sys=0.00, real=0.02 secs] 
2020-09-29T18:11:17.634+0200: 61.707: [GC (Allocation Failure) 2020-09-29T18:11:17.634+0200: 61.707: [ParNew: 584713K->61762K(613440K), 0.0217464 secs] 599269K->76318K(2029056K), 0.0218205 secs] [Times: user=0.13 sys=0.00, real=0.02 secs] 
2020-09-29T18:11:17.705+0200: 61.778: [GC (Allocation Failure) 2020-09-29T18:11:17.705+0200: 61.778: [ParNew: 607106K->48980K(613440K), 0.0218899 secs] 621662K->63536K(2029056K), 0.0219637 secs] [Times: user=0.25 sys=0.00, real=0.02 secs] 
2020-09-29T18:11:17.775+0200: 61.848: [GC (Allocation Failure) 2020-09-29T18:11:17.775+0200: 61.848: [ParNew: 594324K->41973K(613440K), 0.0156558 secs] 608880K->56529K(2029056K), 0.0157268 secs] [Times: user=0.13 sys=0.00, real=0.02 secs] 
2020-09-29T18:11:17.837+0200: 61.909: [GC (Allocation Failure) 2020-09-29T18:11:17.837+0200: 61.909: [ParNew: 587317K->44397K(613440K), 0.0204534 secs] 601873K->58953K(2029056K), 0.0205225 secs] [Times: user=0.13 sys=0.00, real=0.02 secs] 
2020-09-29T18:11:17.905+0200: 61.977: [GC (Allocation Failure) 2020-09-29T18:11:17.905+0200: 61.977: [ParNew: 589741K->65023K(613440K), 0.0243505 secs] 604297K->79579K(2029056K), 0.0244259 secs] [Times: user=0.25 sys=0.00, real=0.02 secs] 
2020-09-29T18:11:17.976+0200: 62.049: [GC (Allocation Failure) 2020-09-29T18:11:17.976+0200: 62.049: [ParNew: 610367K->45702K(613440K), 0.0143718 secs] 624923K->60258K(2029056K), 0.0144245 secs] [Times: user=0.13 sys=0.00, real=0.01 secs] 
2020-09-29T18:11:18.041+0200: 62.114: [GC (Allocation Failure) 2020-09-29T18:11:18.041+0200: 62.114: [ParNew: 591046K->40973K(613440K), 0.0190272 secs] 605602K->55528K(2029056K), 0.0191051 secs] [Times: user=0.13 sys=0.00, real=0.02 secs] 
2020-09-29T18:11:18.109+0200: 62.182: [GC (Allocation Failure) 2020-09-29T18:11:18.109+0200: 62.182: [ParNew: 586317K->38033K(613440K), 0.0171181 secs] 600872K->52589K(2029056K), 0.0171899 secs] [Times: user=0.13 sys=0.00, real=0.02 secs] 
2020-09-29T18:11:18.175+0200: 62.248: [GC (Allocation Failure) 2020-09-29T18:11:18.175+0200: 62.248: [ParNew: 583377K->36089K(613440K), 0.0156617 secs] 597933K->50645K(2029056K), 0.0157184 secs] [Times: user=0.13 sys=0.00, real=0.02 secs] 
2020-09-29T18:11:18.240+0200: 62.313: [GC (Allocation Failure) 2020-09-29T18:11:18.240+0200: 62.313: [ParNew: 581433K->58846K(613440K), 0.0214386 secs] 595989K->73402K(2029056K), 0.0215231 secs] [Times: user=0.13 sys=0.00, real=0.02 secs] 
2020-09-29T18:11:18.309+0200: 62.382: [GC (Allocation Failure) 2020-09-29T18:11:18.309+0200: 62.382: [ParNew: 604190K->48009K(613440K), 0.0213045 secs] 618746K->62564K(2029056K), 0.0214005 secs] [Times: user=0.13 sys=0.00, real=0.02 secs] 
2020-09-29T18:11:18.378+0200: 62.451: [GC (Allocation Failure) 2020-09-29T18:11:18.378+0200: 62.451: [ParNew: 593353K->68096K(613440K), 0.0260930 secs] 607908K->84190K(2029056K), 0.0261501 secs] [Times: user=0.25 sys=0.00, real=0.03 secs] 
2020-09-29T18:11:18.452+0200: 62.525: [GC (Allocation Failure) 2020-09-29T18:11:18.452+0200: 62.525: [ParNew: 613440K->51491K(613440K), 0.0190055 secs] 629534K->67586K(2029056K), 0.0190724 secs] [Times: user=0.13 sys=0.00, real=0.02 secs] 
2020-09-29T18:11:18.519+0200: 62.592: [GC (Allocation Failure) 2020-09-29T18:11:18.519+0200: 62.592: [ParNew: 596835K->43398K(613440K), 0.0194564 secs] 612930K->59493K(2029056K), 0.0195182 secs] [Times: user=0.25 sys=0.00, real=0.02 secs] 
2020-09-29T18:11:18.589+0200: 62.662: [GC (Allocation Failure) 2020-09-29T18:11:18.589+0200: 62.662: [ParNew: 588742K->36049K(613440K), 0.0108979 secs] 604837K->52144K(2029056K), 0.0109590 secs] [Times: user=0.11 sys=0.00, real=0.01 secs] 
2020-09-29T18:11:18.652+0200: 62.724: [GC (Allocation Failure) 2020-09-29T18:11:18.652+0200: 62.724: [ParNew: 581393K->50495K(613440K), 0.0229115 secs] 597488K->66590K(2029056K), 0.0229931 secs] [Times: user=0.13 sys=0.00, real=0.02 secs] 
2020-09-29T18:11:18.724+0200: 62.797: [GC (Allocation Failure) 2020-09-29T18:11:18.724+0200: 62.797: [ParNew: 595839K->42654K(613440K), 0.0173747 secs] 611934K->58749K(2029056K), 0.0174539 secs] [Times: user=0.13 sys=0.00, real=0.02 secs] 
2020-09-29T18:11:18.801+0200: 62.874: [GC (Allocation Failure) 2020-09-29T18:11:18.801+0200: 62.874: [ParNew: 587998K->55705K(613440K), 0.0224654 secs] 604093K->71800K(2029056K), 0.0225575 secs] [Times: user=0.19 sys=0.00, real=0.02 secs] 
2020-09-29T18:11:18.873+0200: 62.946: [GC (Allocation Failure) 2020-09-29T18:11:18.873+0200: 62.946: [ParNew: 601049K->46979K(613440K), 0.0206582 secs] 617144K->63073K(2029056K), 0.0207234 secs] [Times: user=0.13 sys=0.00, real=0.02 secs] 
2020-09-29T18:11:18.942+0200: 63.015: [GC (Allocation Failure) 2020-09-29T18:11:18.942+0200: 63.015: [ParNew: 592323K->39906K(613440K), 0.0151992 secs] 608417K->56000K(2029056K), 0.0152710 secs] [Times: user=0.13 sys=0.00, real=0.02 secs] 
2020-09-29T18:11:19.005+0200: 63.078: [GC (Allocation Failure) 2020-09-29T18:11:19.005+0200: 63.078: [ParNew: 585250K->40018K(613440K), 0.0175742 secs] 601344K->56113K(2029056K), 0.0176553 secs] [Times: user=0.13 sys=0.00, real=0.02 secs] 
2020-09-29T18:11:19.070+0200: 63.143: [GC (Allocation Failure) 2020-09-29T18:11:19.070+0200: 63.143: [ParNew: 585362K->61337K(613440K), 0.0218270 secs] 601457K->77432K(2029056K), 0.0218869 secs] [Times: user=0.13 sys=0.00, real=0.02 secs] 
2020-09-29T18:11:19.142+0200: 63.215: [GC (Allocation Failure) 2020-09-29T18:11:19.142+0200: 63.215: [ParNew: 606681K->50711K(613440K), 0.0218799 secs] 622776K->66806K(2029056K), 0.0219760 secs] [Times: user=0.25 sys=0.00, real=0.02 secs] 
2020-09-29T18:11:19.212+0200: 63.286: [GC (Allocation Failure) 2020-09-29T18:11:19.212+0200: 63.286: [ParNew: 596055K->45346K(613440K), 0.0144268 secs] 612150K->61441K(2029056K), 0.0144824 secs] [Times: user=0.13 sys=0.00, real=0.02 secs] 
2020-09-29T18:11:19.280+0200: 63.353: [GC (Allocation Failure) 2020-09-29T18:11:19.280+0200: 63.353: [ParNew: 590690K->44625K(613440K), 0.0198537 secs] 606785K->60720K(2029056K), 0.0199354 secs] [Times: user=0.13 sys=0.00, real=0.02 secs] 
2020-09-29T18:11:19.348+0200: 63.422: [GC (Allocation Failure) 2020-09-29T18:11:19.348+0200: 63.422: [ParNew: 589969K->40313K(613440K), 0.0199803 secs] 606064K->56408K(2029056K), 0.0200345 secs] [Times: user=0.13 sys=0.00, real=0.02 secs] 
2020-09-29T18:11:19.420+0200: 63.492: [GC (Allocation Failure) 2020-09-29T18:11:19.420+0200: 63.492: [ParNew: 585657K->46808K(613440K), 0.0201927 secs] 601752K->62903K(2029056K), 0.0202585 secs] [Times: user=0.13 sys=0.00, real=0.02 secs] 
2020-09-29T18:11:19.488+0200: 63.560: [GC (Allocation Failure) 2020-09-29T18:11:19.488+0200: 63.560: [ParNew: 592152K->42795K(613440K), 0.0194454 secs] 608247K->58890K(2029056K), 0.0195103 secs] [Times: user=0.25 sys=0.00, real=0.02 secs] 
2020-09-29T18:11:19.554+0200: 63.626: [GC (Allocation Failure) 2020-09-29T18:11:19.554+0200: 63.626: [ParNew: 588139K->34666K(613440K), 0.0112317 secs] 604234K->50761K(2029056K), 0.0112869 secs] [Times: user=0.00 sys=0.00, real=0.01 secs] 
2020-09-29T18:11:19.618+0200: 63.690: [GC (Allocation Failure) 2020-09-29T18:11:19.618+0200: 63.690: [ParNew: 580010K->41236K(613440K), 0.0178141 secs] 596105K->57331K(2029056K), 0.0178834 secs] [Times: user=0.13 sys=0.00, real=0.02 secs] 
2020-09-29T18:11:19.684+0200: 63.756: [GC (Allocation Failure) 2020-09-29T18:11:19.684+0200: 63.756: [ParNew: 586580K->49054K(613440K), 0.0162288 secs] 602675K->65149K(2029056K), 0.0163134 secs] [Times: user=0.09 sys=0.00, real=0.02 secs] 
2020-09-29T18:11:19.746+0200: 63.819: [GC (Allocation Failure) 2020-09-29T18:11:19.746+0200: 63.819: [ParNew: 594398K->52937K(613440K), 0.0206094 secs] 610493K->69032K(2029056K), 0.0206645 secs] [Times: user=0.13 sys=0.00, real=0.02 secs] 
2020-09-29T18:11:19.815+0200: 63.888: [GC (Allocation Failure) 2020-09-29T18:11:19.815+0200: 63.888: [ParNew: 598281K->38595K(613440K), 0.0136631 secs] 614376K->54690K(2029056K), 0.0137208 secs] [Times: user=0.13 sys=0.00, real=0.01 secs] 
2020-09-29T18:11:19.876+0200: 63.949: [GC (Allocation Failure) 2020-09-29T18:11:19.876+0200: 63.949: [ParNew: 583939K->52453K(613440K), 0.0245344 secs] 600034K->68548K(2029056K), 0.0246000 secs] [Times: user=0.23 sys=0.00, real=0.03 secs] 
2020-09-29T18:11:19.949+0200: 64.021: [GC (Allocation Failure) 2020-09-29T18:11:19.949+0200: 64.021: [ParNew: 597797K->45281K(613440K), 0.0196366 secs] 613892K->61376K(2029056K), 0.0197142 secs] [Times: user=0.13 sys=0.00, real=0.02 secs] 
2020-09-29T18:11:20.025+0200: 64.097: [GC (Allocation Failure) 2020-09-29T18:11:20.025+0200: 64.097: [ParNew: 590625K->66173K(613440K), 0.0233154 secs] 606720K->82268K(2029056K), 0.0233847 secs] [Times: user=0.13 sys=0.00, real=0.02 secs] 
2020-09-29T18:11:20.097+0200: 64.170: [GC (Allocation Failure) 2020-09-29T18:11:20.097+0200: 64.170: [ParNew: 611517K->47526K(613440K), 0.0182523 secs] 627612K->63621K(2029056K), 0.0183516 secs] [Times: user=0.25 sys=0.00, real=0.02 secs] 
2020-09-29T18:11:20.164+0200: 64.237: [GC (Allocation Failure) 2020-09-29T18:11:20.164+0200: 64.237: [ParNew: 592870K->40516K(613440K), 0.0144640 secs] 608965K->56611K(2029056K), 0.0145230 secs] [Times: user=0.13 sys=0.00, real=0.01 secs] 
2020-09-29T18:11:20.227+0200: 64.300: [GC (Allocation Failure) 2020-09-29T18:11:20.227+0200: 64.300: [ParNew: 585860K->25337K(613440K), 0.0092600 secs] 601955K->41432K(2029056K), 0.0093174 secs] [Times: user=0.00 sys=0.00, real=0.01 secs] 
2020-09-29T18:11:20.287+0200: 64.360: [GC (Allocation Failure) 2020-09-29T18:11:20.287+0200: 64.360: [ParNew: 570681K->40049K(613440K), 0.0176516 secs] 586776K->56143K(2029056K), 0.0177067 secs] [Times: user=0.13 sys=0.00, real=0.02 secs] 
2020-09-29T18:11:20.353+0200: 64.426: [GC (Allocation Failure) 2020-09-29T18:11:20.353+0200: 64.426: [ParNew: 585393K->51681K(613440K), 0.0178272 secs] 601487K->67776K(2029056K), 0.0178861 secs] [Times: user=0.13 sys=0.00, real=0.02 secs] 
2020-09-29T18:11:20.421+0200: 64.494: [GC (Allocation Failure) 2020-09-29T18:11:20.421+0200: 64.494: [ParNew: 597025K->54339K(613440K), 0.0223953 secs] 613120K->70434K(2029056K), 0.0224664 secs] [Times: user=0.25 sys=0.00, real=0.02 secs] 
2020-09-29T18:11:20.491+0200: 64.564: [GC (Allocation Failure) 2020-09-29T18:11:20.491+0200: 64.564: [ParNew: 599683K->41514K(613440K), 0.0159882 secs] 615778K->57609K(2029056K), 0.0160644 secs] [Times: user=0.13 sys=0.00, real=0.02 secs] 
2020-09-29T18:11:20.554+0200: 64.627: [GC (Allocation Failure) 2020-09-29T18:11:20.554+0200: 64.627: [ParNew: 586858K->60458K(613440K), 0.0205639 secs] 602953K->76553K(2029056K), 0.0206540 secs] [Times: user=0.13 sys=0.00, real=0.02 secs] 
2020-09-29T18:11:20.623+0200: 64.696: [GC (Allocation Failure) 2020-09-29T18:11:20.623+0200: 64.696: [ParNew: 605802K->45278K(613440K), 0.0198665 secs] 621897K->61373K(2029056K), 0.0199481 secs] [Times: user=0.13 sys=0.00, real=0.02 secs] 
2020-09-29T18:11:20.693+0200: 64.766: [GC (Allocation Failure) 2020-09-29T18:11:20.693+0200: 64.766: [ParNew: 590622K->38995K(613440K), 0.0138015 secs] 606717K->55090K(2029056K), 0.0138567 secs] [Times: user=0.00 sys=0.00, real=0.01 secs] 
2020-09-29T18:11:20.756+0200: 64.829: [GC (Allocation Failure) 2020-09-29T18:11:20.756+0200: 64.829: [ParNew: 584339K->18937K(613440K), 0.0067683 secs] 600434K->35031K(2029056K), 0.0068292 secs] [Times: user=0.00 sys=0.00, real=0.01 secs] 
2020-09-29T18:11:20.814+0200: 64.887: [GC (Allocation Failure) 2020-09-29T18:11:20.814+0200: 64.887: [ParNew: 564281K->19519K(613440K), 0.0107104 secs] 580375K->35614K(2029056K), 0.0107671 secs] [Times: user=0.13 sys=0.00, real=0.01 secs] 
2020-09-29T18:11:20.874+0200: 64.947: [GC (Allocation Failure) 2020-09-29T18:11:20.874+0200: 64.947: [ParNew: 564863K->61989K(613440K), 0.0272077 secs] 580958K->78084K(2029056K), 0.0272697 secs] [Times: user=0.23 sys=0.00, real=0.03 secs] 
2020-09-29T18:11:20.949+0200: 65.022: [GC (Allocation Failure) 2020-09-29T18:11:20.949+0200: 65.022: [ParNew: 607333K->46658K(613440K), 0.0201997 secs] 623428K->62753K(2029056K), 0.0202734 secs] [Times: user=0.13 sys=0.00, real=0.02 secs] 
2020-09-29T18:11:21.020+0200: 65.093: [GC (Allocation Failure) 2020-09-29T18:11:21.020+0200: 65.093: [ParNew: 592002K->40361K(613440K), 0.0142950 secs] 608097K->56456K(2029056K), 0.0143499 secs] [Times: user=0.00 sys=0.00, real=0.02 secs] 
2020-09-29T18:11:21.085+0200: 65.158: [GC (Allocation Failure) 2020-09-29T18:11:21.085+0200: 65.158: [ParNew: 585705K->39534K(613440K), 0.0194245 secs] 601800K->55628K(2029056K), 0.0194971 secs] [Times: user=0.13 sys=0.00, real=0.02 secs] 
2020-09-29T18:11:21.152+0200: 65.225: [GC (Allocation Failure) 2020-09-29T18:11:21.152+0200: 65.225: [ParNew: 584878K->38156K(613440K), 0.0174675 secs] 600972K->54251K(2029056K), 0.0175246 secs] [Times: user=0.13 sys=0.00, real=0.02 secs] 
2020-09-29T18:11:21.220+0200: 65.293: [GC (Allocation Failure) 2020-09-29T18:11:21.220+0200: 65.293: [ParNew: 583500K->36298K(613440K), 0.0173043 secs] 599595K->52393K(2029056K), 0.0173580 secs] [Times: user=0.13 sys=0.00, real=0.02 secs] 
2020-09-29T18:11:21.285+0200: 65.358: [GC (Allocation Failure) 2020-09-29T18:11:21.285+0200: 65.358: [ParNew: 581642K->38056K(613440K), 0.0170749 secs] 597737K->54151K(2029056K), 0.0171669 secs] [Times: user=0.13 sys=0.02, real=0.02 secs] 
2020-09-29T18:11:21.351+0200: 65.424: [GC (Allocation Failure) 2020-09-29T18:11:21.351+0200: 65.424: [ParNew: 583400K->62615K(613440K), 0.0216459 secs] 599495K->78709K(2029056K), 0.0217162 secs] [Times: user=0.11 sys=0.00, real=0.02 secs] 
2020-09-29T18:11:21.424+0200: 65.497: [GC (Allocation Failure) 2020-09-29T18:11:21.424+0200: 65.497: [ParNew: 607959K->47827K(613440K), 0.0215698 secs] 624053K->63922K(2029056K), 0.0216313 secs] [Times: user=0.25 sys=0.00, real=0.02 secs] 
2020-09-29T18:11:21.497+0200: 65.570: [GC (Allocation Failure) 2020-09-29T18:11:21.497+0200: 65.570: [ParNew: 593171K->38525K(613440K), 0.0143908 secs] 609266K->54620K(2029056K), 0.0144461 secs] [Times: user=0.13 sys=0.00, real=0.01 secs] 
2020-09-29T18:11:21.562+0200: 65.635: [GC (Allocation Failure) 2020-09-29T18:11:21.562+0200: 65.635: [ParNew: 583869K->22196K(613440K), 0.0136740 secs] 599964K->38291K(2029056K), 0.0137438 secs] [Times: user=0.13 sys=0.00, real=0.01 secs] 
2020-09-29T18:11:21.624+0200: 65.697: [GC (Allocation Failure) 2020-09-29T18:11:21.624+0200: 65.697: [ParNew: 567540K->52970K(613440K), 0.0244510 secs] 583635K->69065K(2029056K), 0.0245290 secs] [Times: user=0.22 sys=0.00, real=0.02 secs] 
2020-09-29T18:11:21.699+0200: 65.772: [GC (Allocation Failure) 2020-09-29T18:11:21.699+0200: 65.772: [ParNew: 598314K->41957K(613440K), 0.0181642 secs] 614409K->58052K(2029056K), 0.0182197 secs] [Times: user=0.13 sys=0.00, real=0.02 secs] 
2020-09-29T18:11:21.764+0200: 65.837: [GC (Allocation Failure) 2020-09-29T18:11:21.764+0200: 65.837: [ParNew: 587301K->68096K(613440K), 0.0264936 secs] 603396K->84431K(2029056K), 0.0265671 secs] [Times: user=0.25 sys=0.00, real=0.03 secs] 
2020-09-29T18:11:21.837+0200: 65.910: [GC (Allocation Failure) 2020-09-29T18:11:21.837+0200: 65.910: [ParNew: 613440K->55504K(613440K), 0.0151815 secs] 629775K->71840K(2029056K), 0.0152380 secs] [Times: user=0.13 sys=0.00, real=0.02 secs] 
2020-09-29T18:11:21.906+0200: 65.979: [GC (Allocation Failure) 2020-09-29T18:11:21.906+0200: 65.979: [ParNew: 600848K->35834K(613440K), 0.0149780 secs] 617184K->52170K(2029056K), 0.0150325 secs] [Times: user=0.13 sys=0.00, real=0.02 secs] 
2020-09-29T18:11:21.970+0200: 66.043: [GC (Allocation Failure) 2020-09-29T18:11:21.970+0200: 66.043: [ParNew: 581178K->47723K(613440K), 0.0197433 secs] 597514K->64058K(2029056K), 0.0198317 secs] [Times: user=0.25 sys=0.00, real=0.02 secs] 
2020-09-29T18:11:22.037+0200: 66.110: [GC (Allocation Failure) 2020-09-29T18:11:22.037+0200: 66.110: [ParNew: 593067K->64060K(613440K), 0.0234355 secs] 609402K->80395K(2029056K), 0.0235001 secs] [Times: user=0.13 sys=0.00, real=0.02 secs] 
2020-09-29T18:11:22.107+0200: 66.180: [GC (Allocation Failure) 2020-09-29T18:11:22.107+0200: 66.180: [ParNew: 609404K->50635K(613440K), 0.0176249 secs] 625739K->66971K(2029056K), 0.0189258 secs] [Times: user=0.13 sys=0.00, real=0.02 secs] 
2020-09-29T18:11:22.175+0200: 66.248: [GC (Allocation Failure) 2020-09-29T18:11:22.175+0200: 66.248: [ParNew: 595979K->42982K(613440K), 0.0165925 secs] 612315K->59317K(2029056K), 0.0166481 secs] [Times: user=0.13 sys=0.00, real=0.02 secs] 
2020-09-29T18:11:22.240+0200: 66.313: [GC (Allocation Failure) 2020-09-29T18:11:22.240+0200: 66.313: [ParNew: 588326K->56709K(613440K), 0.0213091 secs] 604661K->73044K(2029056K), 0.0213702 secs] [Times: user=0.13 sys=0.00, real=0.02 secs] 
2020-09-29T18:11:22.310+0200: 66.383: [GC (Allocation Failure) 2020-09-29T18:11:22.310+0200: 66.383: [ParNew: 602053K->47065K(613440K), 0.0160127 secs] 618388K->63400K(2029056K), 0.0160719 secs] [Times: user=0.13 sys=0.00, real=0.02 secs] 
2020-09-29T18:11:22.374+0200: 66.447: [GC (Allocation Failure) 2020-09-29T18:11:22.374+0200: 66.447: [ParNew: 592409K->30121K(613440K), 0.0145561 secs] 608744K->46457K(2029056K), 0.0146356 secs] [Times: user=0.11 sys=0.00, real=0.01 secs] 
2020-09-29T18:11:22.437+0200: 66.510: [GC (Allocation Failure) 2020-09-29T18:11:22.437+0200: 66.510: [ParNew: 575465K->49932K(613440K), 0.0194419 secs] 591801K->66267K(2029056K), 0.0194969 secs] [Times: user=0.13 sys=0.00, real=0.02 secs] 
2020-09-29T18:11:22.509+0200: 66.582: [GC (Allocation Failure) 2020-09-29T18:11:22.509+0200: 66.582: [ParNew: 595276K->63812K(613440K), 0.0243464 secs] 611611K->80148K(2029056K), 0.0244273 secs] [Times: user=0.13 sys=0.00, real=0.02 secs] 
2020-09-29T18:11:22.581+0200: 66.654: [GC (Allocation Failure) 2020-09-29T18:11:22.581+0200: 66.654: [ParNew: 609156K->54792K(613440K), 0.0187597 secs] 625492K->71127K(2029056K), 0.0188351 secs] [Times: user=0.25 sys=0.00, real=0.02 secs] 
2020-09-29T18:11:22.652+0200: 66.725: [GC (Allocation Failure) 2020-09-29T18:11:22.652+0200: 66.725: [ParNew: 600136K->37849K(613440K), 0.0123170 secs] 616471K->54185K(2029056K), 0.0124025 secs] [Times: user=0.13 sys=0.00, real=0.01 secs] 
2020-09-29T18:11:22.712+0200: 66.785: [GC (Allocation Failure) 2020-09-29T18:11:22.712+0200: 66.785: [ParNew: 583193K->15050K(613440K), 0.0106619 secs] 599529K->31385K(2029056K), 0.0107224 secs] [Times: user=0.13 sys=0.00, real=0.01 secs] 
2020-09-29T18:11:22.774+0200: 66.847: [GC (Allocation Failure) 2020-09-29T18:11:22.774+0200: 66.847: [ParNew: 560394K->40862K(613440K), 0.0194007 secs] 576729K->57197K(2029056K), 0.0194617 secs] [Times: user=0.13 sys=0.00, real=0.02 secs] 
2020-09-29T18:11:22.840+0200: 66.913: [GC (Allocation Failure) 2020-09-29T18:11:22.840+0200: 66.913: [ParNew: 586206K->35320K(613440K), 0.0144018 secs] 602541K->51655K(2029056K), 0.0144600 secs] [Times: user=0.13 sys=0.00, real=0.02 secs] 
2020-09-29T18:11:22.906+0200: 66.980: [GC (Allocation Failure) 2020-09-29T18:11:22.906+0200: 66.980: [ParNew: 580664K->49045K(613440K), 0.0187395 secs] 596999K->65381K(2029056K), 0.0187985 secs] [Times: user=0.13 sys=0.00, real=0.02 secs] 
2020-09-29T18:11:22.974+0200: 67.047: [GC (Allocation Failure) 2020-09-29T18:11:22.974+0200: 67.047: [ParNew: 594389K->66092K(613440K), 0.0254231 secs] 610725K->82427K(2029056K), 0.0254898 secs] [Times: user=0.11 sys=0.00, real=0.03 secs] 
2020-09-29T18:11:23.046+0200: 67.119: [GC (Allocation Failure) 2020-09-29T18:11:23.046+0200: 67.119: [ParNew: 611436K->54752K(613440K), 0.0226693 secs] 627771K->71087K(2029056K), 0.0227251 secs] [Times: user=0.25 sys=0.00, real=0.02 secs] 
2020-09-29T18:11:23.116+0200: 67.189: [GC (Allocation Failure) 2020-09-29T18:11:23.116+0200: 67.189: [ParNew: 600096K->46143K(613440K), 0.0170793 secs] 616431K->62479K(2029056K), 0.0171523 secs] [Times: user=0.13 sys=0.00, real=0.02 secs] 
2020-09-29T18:11:23.181+0200: 67.254: [GC (Allocation Failure) 2020-09-29T18:11:23.181+0200: 67.254: [ParNew: 591487K->62244K(613440K), 0.0217161 secs] 607823K->78580K(2029056K), 0.0217863 secs] [Times: user=0.13 sys=0.00, real=0.02 secs] 
2020-09-29T18:11:23.250+0200: 67.323: [GC (Allocation Failure) 2020-09-29T18:11:23.250+0200: 67.323: [ParNew: 607588K->48456K(613440K), 0.0201651 secs] 623924K->64792K(2029056K), 0.0202453 secs] [Times: user=0.25 sys=0.00, real=0.02 secs] 
2020-09-29T18:11:23.318+0200: 67.391: [GC (Allocation Failure) 2020-09-29T18:11:23.318+0200: 67.391: [ParNew: 593800K->45813K(613440K), 0.0202880 secs] 610136K->62149K(2029056K), 0.0203632 secs] [Times: user=0.13 sys=0.00, real=0.02 secs] 
2020-09-29T18:11:23.386+0200: 67.459: [GC (Allocation Failure) 2020-09-29T18:11:23.386+0200: 67.459: [ParNew: 591157K->35941K(613440K), 0.0137358 secs] 607493K->52277K(2029056K), 0.0137956 secs] [Times: user=0.13 sys=0.00, real=0.01 secs] 
2020-09-29T18:11:23.451+0200: 67.524: [GC (Allocation Failure) 2020-09-29T18:11:23.451+0200: 67.524: [ParNew: 581285K->40024K(613440K), 0.0190622 secs] 597621K->56359K(2029056K), 0.0191278 secs] [Times: user=0.13 sys=0.00, real=0.02 secs] 
2020-09-29T18:11:23.518+0200: 67.591: [GC (Allocation Failure) 2020-09-29T18:11:23.518+0200: 67.591: [ParNew: 585368K->56966K(613440K), 0.0221652 secs] 601703K->73301K(2029056K), 0.0222244 secs] [Times: user=0.25 sys=0.00, real=0.02 secs] 
2020-09-29T18:11:23.588+0200: 67.661: [GC (Allocation Failure) 2020-09-29T18:11:23.588+0200: 67.661: [ParNew: 602310K->65399K(613440K), 0.0229219 secs] 618645K->81735K(2029056K), 0.0229937 secs] [Times: user=0.13 sys=0.00, real=0.02 secs] 
2020-09-29T18:11:23.660+0200: 67.733: [GC (Allocation Failure) 2020-09-29T18:11:23.660+0200: 67.733: [ParNew: 610743K->51638K(613440K), 0.0220331 secs] 627079K->67973K(2029056K), 0.0220952 secs] [Times: user=0.25 sys=0.00, real=0.02 secs] 
2020-09-29T18:11:23.728+0200: 67.801: [GC (Allocation Failure) 2020-09-29T18:11:23.728+0200: 67.801: [ParNew: 596982K->49311K(613440K), 0.0214844 secs] 613317K->65646K(2029056K), 0.0215532 secs] [Times: user=0.13 sys=0.00, real=0.02 secs] 
2020-09-29T18:11:23.799+0200: 67.872: [GC (Allocation Failure) 2020-09-29T18:11:23.799+0200: 67.872: [ParNew: 594655K->39100K(613440K), 0.0073765 secs] 610990K->55435K(2029056K), 0.0074353 secs] [Times: user=0.13 sys=0.00, real=0.01 secs] 
2020-09-29T18:11:23.855+0200: 67.928: [GC (Allocation Failure) 2020-09-29T18:11:23.855+0200: 67.928: [ParNew: 584444K->23229K(613440K), 0.0154935 secs] 600779K->39564K(2029056K), 0.0155757 secs] [Times: user=0.11 sys=0.00, real=0.01 secs] 
2020-09-29T18:11:23.922+0200: 67.995: [GC (Allocation Failure) 2020-09-29T18:11:23.922+0200: 67.995: [ParNew: 568573K->39323K(613440K), 0.0219077 secs] 584908K->55659K(2029056K), 0.0219887 secs] [Times: user=0.24 sys=0.00, real=0.02 secs] 
2020-09-29T18:11:23.993+0200: 68.066: [GC (Allocation Failure) 2020-09-29T18:11:23.993+0200: 68.066: [ParNew: 584667K->51129K(613440K), 0.0213439 secs] 601003K->67465K(2029056K), 0.0214135 secs] [Times: user=0.13 sys=0.00, real=0.02 secs] 
2020-09-29T18:11:24.061+0200: 68.134: [GC (Allocation Failure) 2020-09-29T18:11:24.061+0200: 68.134: [ParNew: 596473K->42663K(613440K), 0.0150916 secs] 612809K->58998K(2029056K), 0.0151573 secs] [Times: user=0.13 sys=0.00, real=0.01 secs] 
2020-09-29T18:11:24.123+0200: 68.196: [GC (Allocation Failure) 2020-09-29T18:11:24.123+0200: 68.196: [ParNew: 588007K->39800K(613440K), 0.0197019 secs] 604342K->56135K(2029056K), 0.0197614 secs] [Times: user=0.13 sys=0.00, real=0.02 secs] 
2020-09-29T18:11:24.193+0200: 68.266: [GC (Allocation Failure) 2020-09-29T18:11:24.193+0200: 68.266: [ParNew: 585144K->42771K(613440K), 0.0184126 secs] 601479K->59106K(2029056K), 0.0184997 secs] [Times: user=0.13 sys=0.00, real=0.02 secs] 
2020-09-29T18:11:24.260+0200: 68.333: [GC (Allocation Failure) 2020-09-29T18:11:24.260+0200: 68.333: [ParNew: 588115K->41340K(613440K), 0.0172920 secs] 604450K->57675K(2029056K), 0.0173449 secs] [Times: user=0.13 sys=0.00, real=0.02 secs] 
2020-09-29T18:11:24.331+0200: 68.404: [GC (Allocation Failure) 2020-09-29T18:11:24.331+0200: 68.404: [ParNew: 586684K->38446K(613440K), 0.0166789 secs] 603019K->54781K(2029056K), 0.0167478 secs] [Times: user=0.25 sys=0.00, real=0.02 secs] 
2020-09-29T18:11:24.404+0200: 68.477: [GC (Allocation Failure) 2020-09-29T18:11:24.404+0200: 68.477: [ParNew: 583790K->34459K(613440K), 0.0171444 secs] 600125K->50794K(2029056K), 0.0172194 secs] [Times: user=0.13 sys=0.00, real=0.02 secs] 
2020-09-29T18:11:24.478+0200: 68.551: [GC (Allocation Failure) 2020-09-29T18:11:24.478+0200: 68.551: [ParNew: 579803K->53737K(613440K), 0.0212526 secs] 596138K->70072K(2029056K), 0.0213166 secs] [Times: user=0.13 sys=0.00, real=0.02 secs] 
2020-09-29T18:11:24.547+0200: 68.620: [GC (Allocation Failure) 2020-09-29T18:11:24.547+0200: 68.620: [ParNew: 599081K->38527K(613440K), 0.0134363 secs] 615416K->54863K(2029056K), 0.0134937 secs] [Times: user=0.13 sys=0.00, real=0.01 secs] 
2020-09-29T18:11:24.610+0200: 68.683: [GC (Allocation Failure) 2020-09-29T18:11:24.610+0200: 68.683: [ParNew: 583871K->32584K(613440K), 0.0126450 secs] 600207K->48919K(2029056K), 0.0127246 secs] [Times: user=0.11 sys=0.00, real=0.01 secs] 
2020-09-29T18:11:24.676+0200: 68.749: [GC (Allocation Failure) 2020-09-29T18:11:24.676+0200: 68.749: [ParNew: 577928K->41939K(613440K), 0.0182981 secs] 594263K->58275K(2029056K), 0.0183499 secs] [Times: user=0.13 sys=0.00, real=0.02 secs] 
2020-09-29T18:11:24.744+0200: 68.817: [GC (Allocation Failure) 2020-09-29T18:11:24.744+0200: 68.817: [ParNew: 587283K->55753K(613440K), 0.0215468 secs] 603619K->72088K(2029056K), 0.0216143 secs] [Times: user=0.13 sys=0.00, real=0.02 secs] 
2020-09-29T18:11:24.814+0200: 68.887: [GC (Allocation Failure) 2020-09-29T18:11:24.814+0200: 68.887: [ParNew: 601097K->47299K(613440K), 0.0170804 secs] 617432K->63634K(2029056K), 0.0171551 secs] [Times: user=0.13 sys=0.00, real=0.02 secs] 
2020-09-29T18:11:24.878+0200: 68.951: [GC (Allocation Failure) 2020-09-29T18:11:24.878+0200: 68.951: [ParNew: 592643K->59514K(613440K), 0.0221030 secs] 608978K->75849K(2029056K), 0.0221962 secs] [Times: user=0.25 sys=0.00, real=0.02 secs] 
2020-09-29T18:11:24.952+0200: 69.025: [GC (Allocation Failure) 2020-09-29T18:11:24.952+0200: 69.025: [ParNew: 604858K->47544K(613440K), 0.0213295 secs] 621193K->63879K(2029056K), 0.0213921 secs] [Times: user=0.25 sys=0.00, real=0.02 secs] 
2020-09-29T18:11:25.020+0200: 69.093: [GC (Allocation Failure) 2020-09-29T18:11:25.020+0200: 69.093: [ParNew: 592888K->49385K(613440K), 0.0202063 secs] 609223K->65720K(2029056K), 0.0202667 secs] [Times: user=0.13 sys=0.00, real=0.02 secs] 
2020-09-29T18:11:25.088+0200: 69.161: [GC (Allocation Failure) 2020-09-29T18:11:25.088+0200: 69.161: [ParNew: 594729K->38894K(613440K), 0.0148276 secs] 611064K->55230K(2029056K), 0.0148808 secs] [Times: user=0.13 sys=0.00, real=0.01 secs] 
2020-09-29T18:11:25.150+0200: 69.223: [GC (Allocation Failure) 2020-09-29T18:11:25.150+0200: 69.223: [ParNew: 584238K->61803K(613440K), 0.0241032 secs] 600574K->78138K(2029056K), 0.0241588 secs] [Times: user=0.13 sys=0.00, real=0.02 secs] 
2020-09-29T18:11:25.222+0200: 69.295: [GC (Allocation Failure) 2020-09-29T18:11:25.222+0200: 69.295: [ParNew: 607147K->46082K(613440K), 0.0136960 secs] 623482K->62417K(2029056K), 0.0137614 secs] [Times: user=0.00 sys=0.02, real=0.01 secs] 
2020-09-29T18:11:25.288+0200: 69.361: [GC (Allocation Failure) 2020-09-29T18:11:25.288+0200: 69.361: [ParNew: 591426K->51979K(613440K), 0.0224598 secs] 607761K->68314K(2029056K), 0.0225494 secs] [Times: user=0.13 sys=0.00, real=0.02 secs] 
2020-09-29T18:11:25.361+0200: 69.434: [GC (Allocation Failure) 2020-09-29T18:11:25.361+0200: 69.434: [ParNew: 597323K->68096K(613440K), 0.0271205 secs] 613658K->84431K(2029056K), 0.0272072 secs] [Times: user=0.23 sys=0.00, real=0.03 secs] 
2020-09-29T18:11:25.440+0200: 69.513: [GC (Allocation Failure) 2020-09-29T18:11:25.440+0200: 69.513: [ParNew: 613440K->49935K(613440K), 0.0223541 secs] 629775K->66270K(2029056K), 0.0224312 secs] [Times: user=0.25 sys=0.00, real=0.02 secs] 
2020-09-29T18:11:25.516+0200: 69.588: [GC (Allocation Failure) 2020-09-29T18:11:25.516+0200: 69.588: [ParNew: 595279K->42742K(613440K), 0.0154704 secs] 611614K->59078K(2029056K), 0.0155639 secs] [Times: user=0.13 sys=0.00, real=0.02 secs] 
2020-09-29T18:11:25.579+0200: 69.651: [GC (Allocation Failure) 2020-09-29T18:11:25.579+0200: 69.651: [ParNew: 588086K->51152K(613440K), 0.0217007 secs] 604422K->67487K(2029056K), 0.0217629 secs] [Times: user=0.22 sys=0.00, real=0.02 secs] 
2020-09-29T18:11:25.653+0200: 69.725: [GC (Allocation Failure) 2020-09-29T18:11:25.653+0200: 69.725: [ParNew: 596496K->44055K(613440K), 0.0196828 secs] 612831K->60391K(2029056K), 0.0197404 secs] [Times: user=0.13 sys=0.00, real=0.02 secs] 
2020-09-29T18:11:25.720+0200: 69.792: [GC (Allocation Failure) 2020-09-29T18:11:25.720+0200: 69.792: [ParNew: 589399K->42849K(613440K), 0.0188037 secs] 605735K->59184K(2029056K), 0.0188909 secs] [Times: user=0.13 sys=0.00, real=0.02 secs] 
2020-09-29T18:11:25.785+0200: 69.858: [GC (Allocation Failure) 2020-09-29T18:11:25.785+0200: 69.858: [ParNew: 588193K->36511K(613440K), 0.0123655 secs] 604528K->52846K(2029056K), 0.0124195 secs] [Times: user=0.13 sys=0.00, real=0.01 secs] 
2020-09-29T18:11:25.845+0200: 69.918: [GC (Allocation Failure) 2020-09-29T18:11:25.845+0200: 69.918: [ParNew: 581855K->51543K(613440K), 0.0217525 secs] 598190K->67879K(2029056K), 0.0218103 secs] [Times: user=0.25 sys=0.00, real=0.02 secs] 
2020-09-29T18:11:25.914+0200: 69.987: [GC (Allocation Failure) 2020-09-29T18:11:25.915+0200: 69.987: [ParNew: 596887K->35850K(613440K), 0.0168378 secs] 613223K->52185K(2029056K), 0.0169380 secs] [Times: user=0.13 sys=0.00, real=0.02 secs] 
2020-09-29T18:11:25.980+0200: 70.053: [GC (Allocation Failure) 2020-09-29T18:11:25.980+0200: 70.053: [ParNew: 581194K->33409K(613440K), 0.0149694 secs] 597529K->49744K(2029056K), 0.0150417 secs] [Times: user=0.13 sys=0.00, real=0.01 secs] 
2020-09-29T18:11:26.047+0200: 70.120: [GC (Allocation Failure) 2020-09-29T18:11:26.047+0200: 70.120: [ParNew: 578753K->52425K(613440K), 0.0200747 secs] 595088K->68761K(2029056K), 0.0201298 secs] [Times: user=0.25 sys=0.00, real=0.02 secs] 
2020-09-29T18:11:26.117+0200: 70.190: [GC (Allocation Failure) 2020-09-29T18:11:26.117+0200: 70.190: [ParNew: 597769K->41326K(613440K), 0.0190009 secs] 614105K->57661K(2029056K), 0.0190583 secs] [Times: user=0.13 sys=0.00, real=0.02 secs] 
2020-09-29T18:11:26.184+0200: 70.257: [GC (Allocation Failure) 2020-09-29T18:11:26.184+0200: 70.257: [ParNew: 586670K->33016K(613440K), 0.0117245 secs] 603005K->49351K(2029056K), 0.0118172 secs] [Times: user=0.13 sys=0.00, real=0.01 secs] 
2020-09-29T18:11:26.252+0200: 70.325: [GC (Allocation Failure) 2020-09-29T18:11:26.252+0200: 70.325: [ParNew: 578360K->47471K(613440K), 0.0216224 secs] 594695K->63806K(2029056K), 0.0216858 secs] [Times: user=0.25 sys=0.00, real=0.02 secs] 
2020-09-29T18:11:26.322+0200: 70.395: [GC (Allocation Failure) 2020-09-29T18:11:26.322+0200: 70.395: [ParNew: 592815K->38108K(613440K), 0.0151044 secs] 609150K->54444K(2029056K), 0.0151611 secs] [Times: user=0.13 sys=0.00, real=0.01 secs] 
2020-09-29T18:11:26.386+0200: 70.459: [GC (Allocation Failure) 2020-09-29T18:11:26.387+0200: 70.460: [ParNew: 583452K->58746K(613440K), 0.0260422 secs] 599788K->75082K(2029056K), 0.0261120 secs] [Times: user=0.25 sys=0.00, real=0.03 secs] 
2020-09-29T18:11:26.460+0200: 70.533: [GC (Allocation Failure) 2020-09-29T18:11:26.460+0200: 70.533: [ParNew: 604090K->56700K(613440K), 0.0190111 secs] 620426K->73036K(2029056K), 0.0190691 secs] [Times: user=0.13 sys=0.00, real=0.02 secs] 
2020-09-29T18:11:26.527+0200: 70.600: [GC (Allocation Failure) 2020-09-29T18:11:26.528+0200: 70.601: [ParNew: 602044K->49492K(613440K), 0.0174367 secs] 618380K->65827K(2029056K), 0.0175123 secs] [Times: user=0.13 sys=0.00, real=0.02 secs] 
2020-09-29T18:11:26.599+0200: 70.672: [GC (Allocation Failure) 2020-09-29T18:11:26.599+0200: 70.672: [ParNew: 594836K->40100K(613440K), 0.0194592 secs] 611171K->56436K(2029056K), 0.0195187 secs] [Times: user=0.11 sys=0.00, real=0.02 secs] 
2020-09-29T18:11:26.669+0200: 70.742: [GC (Allocation Failure) 2020-09-29T18:11:26.670+0200: 70.743: [ParNew: 585444K->30956K(613440K), 0.0110461 secs] 601780K->47292K(2029056K), 0.0111337 secs] [Times: user=0.13 sys=0.00, real=0.01 secs] 
2020-09-29T18:11:26.734+0200: 70.807: [GC (Allocation Failure) 2020-09-29T18:11:26.734+0200: 70.807: [ParNew: 576300K->45739K(613440K), 0.0213241 secs] 592636K->62075K(2029056K), 0.0213807 secs] [Times: user=0.25 sys=0.00, real=0.02 secs] 
2020-09-29T18:11:26.802+0200: 70.875: [GC (Allocation Failure) 2020-09-29T18:11:26.802+0200: 70.875: [ParNew: 591083K->39677K(613440K), 0.0140674 secs] 607419K->56012K(2029056K), 0.0141238 secs] [Times: user=0.00 sys=0.00, real=0.01 secs] 
2020-09-29T18:11:26.864+0200: 70.937: [GC (Allocation Failure) 2020-09-29T18:11:26.864+0200: 70.937: [ParNew: 585021K->39779K(613440K), 0.0183451 secs] 601356K->56114K(2029056K), 0.0184031 secs] [Times: user=0.08 sys=0.01, real=0.02 secs] 
2020-09-29T18:11:26.933+0200: 71.006: [GC (Allocation Failure) 2020-09-29T18:11:26.933+0200: 71.006: [ParNew: 585123K->59159K(613440K), 0.0240534 secs] 601458K->75495K(2029056K), 0.0241409 secs] [Times: user=0.13 sys=0.00, real=0.02 secs] 
2020-09-29T18:11:27.004+0200: 71.077: [GC (Allocation Failure) 2020-09-29T18:11:27.004+0200: 71.077: [ParNew: 604503K->52131K(613440K), 0.0179246 secs] 620839K->68467K(2029056K), 0.0179814 secs] [Times: user=0.13 sys=0.00, real=0.02 secs] 
2020-09-29T18:11:27.072+0200: 71.145: [GC (Allocation Failure) 2020-09-29T18:11:27.072+0200: 71.145: [ParNew: 597475K->41872K(613440K), 0.0164598 secs] 613811K->58208K(2029056K), 0.0165165 secs] [Times: user=0.13 sys=0.00, real=0.02 secs] 
2020-09-29T18:11:27.138+0200: 71.211: [GC (Allocation Failure) 2020-09-29T18:11:27.138+0200: 71.211: [ParNew: 587216K->35079K(613440K), 0.0167425 secs] 603552K->51414K(2029056K), 0.0168069 secs] [Times: user=0.13 sys=0.00, real=0.02 secs] 
2020-09-29T18:11:27.205+0200: 71.278: [GC (Allocation Failure) 2020-09-29T18:11:27.205+0200: 71.278: [ParNew: 580423K->55880K(613440K), 0.0247741 secs] 596758K->72215K(2029056K), 0.0248390 secs] [Times: user=0.22 sys=0.00, real=0.03 secs] 
2020-09-29T18:11:27.279+0200: 71.352: [GC (Allocation Failure) 2020-09-29T18:11:27.279+0200: 71.352: [ParNew: 601224K->47741K(613440K), 0.0196439 secs] 617559K->64076K(2029056K), 0.0197001 secs] [Times: user=0.13 sys=0.00, real=0.02 secs] 
2020-09-29T18:11:27.348+0200: 71.421: [GC (Allocation Failure) 2020-09-29T18:11:27.348+0200: 71.421: [ParNew: 593085K->36429K(613440K), 0.0144391 secs] 609420K->52764K(2029056K), 0.0144942 secs] [Times: user=0.00 sys=0.00, real=0.01 secs] 
2020-09-29T18:11:27.409+0200: 71.482: [GC (Allocation Failure) 2020-09-29T18:11:27.409+0200: 71.482: [ParNew: 581773K->55501K(613440K), 0.0183764 secs] 598108K->71837K(2029056K), 0.0184341 secs] [Times: user=0.23 sys=0.02, real=0.02 secs] 
2020-09-29T18:11:27.479+0200: 71.552: [GC (Allocation Failure) 2020-09-29T18:11:27.479+0200: 71.552: [ParNew: 600845K->38009K(613440K), 0.0179462 secs] 617181K->54345K(2029056K), 0.0180234 secs] [Times: user=0.11 sys=0.00, real=0.02 secs] 
2020-09-29T18:11:27.547+0200: 71.620: [GC (Allocation Failure) 2020-09-29T18:11:27.547+0200: 71.620: [ParNew: 583353K->64450K(613440K), 0.0221957 secs] 599689K->80785K(2029056K), 0.0222936 secs] [Times: user=0.25 sys=0.00, real=0.02 secs] 
2020-09-29T18:11:27.623+0200: 71.697: [GC (Allocation Failure) 2020-09-29T18:11:27.624+0200: 71.697: [ParNew: 609794K->44263K(613440K), 0.0178757 secs] 626129K->60598K(2029056K), 0.0179661 secs] [Times: user=0.11 sys=0.00, real=0.02 secs] 
2020-09-29T18:11:27.688+0200: 71.761: [GC (Allocation Failure) 2020-09-29T18:11:27.688+0200: 71.762: [ParNew: 589607K->62784K(613440K), 0.0207891 secs] 605942K->79120K(2029056K), 0.0208455 secs] [Times: user=0.25 sys=0.00, real=0.02 secs] 
2020-09-29T18:11:27.756+0200: 71.829: [GC (Allocation Failure) 2020-09-29T18:11:27.756+0200: 71.829: [ParNew: 608128K->46339K(613440K), 0.0201746 secs] 624464K->62675K(2029056K), 0.0202596 secs] [Times: user=0.13 sys=0.00, real=0.02 secs] 
2020-09-29T18:11:27.826+0200: 71.899: [GC (Allocation Failure) 2020-09-29T18:11:27.826+0200: 71.899: [ParNew: 591683K->68096K(613440K), 0.0248473 secs] 608019K->85465K(2029056K), 0.0249011 secs] [Times: user=0.25 sys=0.00, real=0.03 secs] 
2020-09-29T18:11:27.897+0200: 71.971: [GC (Allocation Failure) 2020-09-29T18:11:27.898+0200: 71.971: [ParNew: 613440K->52295K(613440K), 0.0196583 secs] 630809K->69664K(2029056K), 0.0197327 secs] [Times: user=0.13 sys=0.00, real=0.02 secs] 
2020-09-29T18:11:27.967+0200: 72.040: [GC (Allocation Failure) 2020-09-29T18:11:27.967+0200: 72.040: [ParNew: 597639K->68096K(613440K), 0.0305286 secs] 615008K->87278K(2029056K), 0.0306032 secs] [Times: user=0.25 sys=0.00, real=0.03 secs] 
2020-09-29T18:11:28.044+0200: 72.117: [GC (Allocation Failure) 2020-09-29T18:11:28.044+0200: 72.117: [ParNew: 613440K->53839K(613440K), 0.0172981 secs] 632622K->73022K(2029056K), 0.0173994 secs] [Times: user=0.13 sys=0.00, real=0.02 secs] 
2020-09-29T18:11:28.110+0200: 72.183: [GC (Allocation Failure) 2020-09-29T18:11:28.110+0200: 72.183: [ParNew: 599183K->50516K(613440K), 0.0167267 secs] 618366K->69698K(2029056K), 0.0167994 secs] [Times: user=0.13 sys=0.00, real=0.02 secs] 
2020-09-29T18:11:28.174+0200: 72.247: [GC (Allocation Failure) 2020-09-29T18:11:28.174+0200: 72.247: [ParNew: 595860K->36202K(613440K), 0.0140021 secs] 615042K->55384K(2029056K), 0.0140730 secs] [Times: user=0.13 sys=0.00, real=0.01 secs] 
2020-09-29T18:11:28.237+0200: 72.310: [GC (Allocation Failure) 2020-09-29T18:11:28.237+0200: 72.310: [ParNew: 581546K->41987K(613440K), 0.0194428 secs] 600728K->61169K(2029056K), 0.0195069 secs] [Times: user=0.25 sys=0.00, real=0.02 secs] 
2020-09-29T18:11:28.309+0200: 72.382: [GC (Allocation Failure) 2020-09-29T18:11:28.309+0200: 72.382: [ParNew: 587331K->37241K(613440K), 0.0117282 secs] 606513K->56424K(2029056K), 0.0117831 secs] [Times: user=0.13 sys=0.00, real=0.01 secs] 
2020-09-29T18:11:28.372+0200: 72.445: [GC (Allocation Failure) 2020-09-29T18:11:28.372+0200: 72.445: [ParNew: 582585K->35332K(613440K), 0.0172060 secs] 601768K->54514K(2029056K), 0.0172645 secs] [Times: user=0.13 sys=0.00, real=0.02 secs] 
2020-09-29T18:11:28.438+0200: 72.511: [GC (Allocation Failure) 2020-09-29T18:11:28.438+0200: 72.512: [ParNew: 580676K->50599K(613440K), 0.0216442 secs] 599858K->69781K(2029056K), 0.0217059 secs] [Times: user=0.25 sys=0.00, real=0.02 secs] 
2020-09-29T18:11:28.508+0200: 72.581: [GC (Allocation Failure) 2020-09-29T18:11:28.508+0200: 72.581: [ParNew: 595943K->68096K(613440K), 0.0208554 secs] 615125K->87278K(2029056K), 0.0209202 secs] [Times: user=0.13 sys=0.00, real=0.02 secs] 
2020-09-29T18:11:28.577+0200: 72.650: [GC (Allocation Failure) 2020-09-29T18:11:28.577+0200: 72.650: [ParNew: 613440K->35110K(613440K), 0.0148496 secs] 632622K->54292K(2029056K), 0.0149114 secs] [Times: user=0.11 sys=0.00, real=0.02 secs] 
2020-09-29T18:11:28.643+0200: 72.716: [GC (Allocation Failure) 2020-09-29T18:11:28.643+0200: 72.716: [ParNew: 580454K->29016K(613440K), 0.0131776 secs] 599636K->48198K(2029056K), 0.0132433 secs] [Times: user=0.13 sys=0.00, real=0.01 secs] 
2020-09-29T18:11:28.704+0200: 72.777: [GC (Allocation Failure) 2020-09-29T18:11:28.704+0200: 72.777: [ParNew: 574360K->46925K(613440K), 0.0176551 secs] 593542K->66107K(2029056K), 0.0177159 secs] [Times: user=0.13 sys=0.00, real=0.02 secs] 
2020-09-29T18:11:28.771+0200: 72.844: [GC (Allocation Failure) 2020-09-29T18:11:28.771+0200: 72.844: [ParNew: 592269K->61349K(613440K), 0.0222723 secs] 611451K->80532K(2029056K), 0.0223392 secs] [Times: user=0.13 sys=0.00, real=0.02 secs] 
2020-09-29T18:11:28.840+0200: 72.913: [GC (Allocation Failure) 2020-09-29T18:11:28.840+0200: 72.913: [ParNew: 606693K->49573K(613440K), 0.0177856 secs] 625876K->68756K(2029056K), 0.0178393 secs] [Times: user=0.13 sys=0.00, real=0.02 secs] 
2020-09-29T18:11:28.905+0200: 72.978: [GC (Allocation Failure) 2020-09-29T18:11:28.905+0200: 72.978: [ParNew: 594917K->40095K(613440K), 0.0161251 secs] 614100K->59277K(2029056K), 0.0161827 secs] [Times: user=0.13 sys=0.00, real=0.02 secs] 
2020-09-29T18:11:28.970+0200: 73.043: [GC (Allocation Failure) 2020-09-29T18:11:28.970+0200: 73.043: [ParNew: 585439K->28221K(613440K), 0.0089137 secs] 604621K->47403K(2029056K), 0.0089700 secs] [Times: user=0.11 sys=0.00, real=0.01 secs] 
2020-09-29T18:11:29.031+0200: 73.104: [GC (Allocation Failure) 2020-09-29T18:11:29.031+0200: 73.104: [ParNew: 573565K->42267K(613440K), 0.0197302 secs] 592747K->61449K(2029056K), 0.0198191 secs] [Times: user=0.13 sys=0.00, real=0.02 secs] 
2020-09-29T18:11:29.101+0200: 73.174: [GC (Allocation Failure) 2020-09-29T18:11:29.101+0200: 73.174: [ParNew: 587611K->57272K(613440K), 0.0188855 secs] 606793K->76454K(2029056K), 0.0189594 secs] [Times: user=0.13 sys=0.00, real=0.02 secs] 
2020-09-29T18:11:29.172+0200: 73.244: [GC (Allocation Failure) 2020-09-29T18:11:29.172+0200: 73.244: [ParNew: 602616K->34357K(613440K), 0.0121310 secs] 621798K->53540K(2029056K), 0.0121898 secs] [Times: user=0.13 sys=0.00, real=0.01 secs] 
2020-09-29T18:11:29.232+0200: 73.305: [GC (Allocation Failure) 2020-09-29T18:11:29.232+0200: 73.305: [ParNew: 579701K->35142K(613440K), 0.0171502 secs] 598884K->54324K(2029056K), 0.0172111 secs] [Times: user=0.13 sys=0.00, real=0.02 secs] 
2020-09-29T18:11:29.297+0200: 73.370: [GC (Allocation Failure) 2020-09-29T18:11:29.297+0200: 73.370: [ParNew: 580486K->44846K(613440K), 0.0152571 secs] 599668K->64028K(2029056K), 0.0153154 secs] [Times: user=0.13 sys=0.00, real=0.02 secs] 
2020-09-29T18:11:29.361+0200: 73.434: [GC (Allocation Failure) 2020-09-29T18:11:29.361+0200: 73.434: [ParNew: 590190K->31496K(613440K), 0.0161876 secs] 609372K->50678K(2029056K), 0.0162510 secs] [Times: user=0.13 sys=0.00, real=0.02 secs] 
2020-09-29T18:11:29.427+0200: 73.500: [GC (Allocation Failure) 2020-09-29T18:11:29.427+0200: 73.500: [ParNew: 576840K->54867K(613440K), 0.0197712 secs] 596022K->74049K(2029056K), 0.0198437 secs] [Times: user=0.13 sys=0.00, real=0.02 secs] 
2020-09-29T18:11:29.498+0200: 73.571: [GC (Allocation Failure) 2020-09-29T18:11:29.498+0200: 73.571: [ParNew: 600211K->42255K(613440K), 0.0188766 secs] 619393K->61437K(2029056K), 0.0189341 secs] [Times: user=0.13 sys=0.00, real=0.02 secs] 
2020-09-29T18:11:29.568+0200: 73.641: [GC (Allocation Failure) 2020-09-29T18:11:29.568+0200: 73.641: [ParNew: 587599K->39046K(613440K), 0.0132590 secs] 606781K->58228K(2029056K), 0.0133237 secs] [Times: user=0.00 sys=0.00, real=0.01 secs] 
2020-09-29T18:11:29.636+0200: 73.708: [GC (Allocation Failure) 2020-09-29T18:11:29.636+0200: 73.708: [ParNew: 584390K->47695K(613440K), 0.0188386 secs] 603572K->66877K(2029056K), 0.0189055 secs] [Times: user=0.13 sys=0.00, real=0.02 secs] 
2020-09-29T18:11:29.705+0200: 73.778: [GC (Allocation Failure) 2020-09-29T18:11:29.705+0200: 73.778: [ParNew: 593039K->47488K(613440K), 0.0175323 secs] 612221K->66671K(2029056K), 0.0176013 secs] [Times: user=0.13 sys=0.00, real=0.02 secs] 
2020-09-29T18:11:29.777+0200: 73.850: [GC (Allocation Failure) 2020-09-29T18:11:29.777+0200: 73.850: [ParNew: 592832K->33711K(613440K), 0.0190022 secs] 612015K->52893K(2029056K), 0.0190902 secs] [Times: user=0.13 sys=0.00, real=0.02 secs] 
2020-09-29T18:11:29.854+0200: 73.927: [GC (Allocation Failure) 2020-09-29T18:11:29.855+0200: 73.927: [ParNew: 579055K->33976K(613440K), 0.0181837 secs] 598237K->53158K(2029056K), 0.0182603 secs] [Times: user=0.13 sys=0.00, real=0.02 secs] 
2020-09-29T18:11:29.923+0200: 73.996: [GC (Allocation Failure) 2020-09-29T18:11:29.923+0200: 73.996: [ParNew: 579320K->35796K(613440K), 0.0149022 secs] 598502K->54978K(2029056K), 0.0149646 secs] [Times: user=0.13 sys=0.00, real=0.01 secs] 
2020-09-29T18:11:29.988+0200: 74.061: [GC (Allocation Failure) 2020-09-29T18:11:29.988+0200: 74.061: [ParNew: 581140K->29068K(613440K), 0.0151174 secs] 600322K->48250K(2029056K), 0.0151771 secs] [Times: user=0.13 sys=0.00, real=0.02 secs] 
2020-09-29T18:11:30.050+0200: 74.123: [GC (Allocation Failure) 2020-09-29T18:11:30.050+0200: 74.123: [ParNew: 574412K->32241K(613440K), 0.0122681 secs] 593594K->51423K(2029056K), 0.0123296 secs] [Times: user=0.13 sys=0.00, real=0.01 secs] 
2020-09-29T18:11:30.111+0200: 74.184: [GC (Allocation Failure) 2020-09-29T18:11:30.111+0200: 74.184: [ParNew: 577585K->46176K(613440K), 0.0247238 secs] 596767K->65358K(2029056K), 0.0247887 secs] [Times: user=0.25 sys=0.00, real=0.02 secs] 
2020-09-29T18:11:30.188+0200: 74.260: [GC (Allocation Failure) 2020-09-29T18:11:30.188+0200: 74.260: [ParNew: 591520K->58245K(613440K), 0.0314811 secs] 610702K->77427K(2029056K), 0.0315493 secs] [Times: user=0.25 sys=0.00, real=0.03 secs] 
2020-09-29T18:11:30.268+0200: 74.340: [GC (Allocation Failure) 2020-09-29T18:11:30.268+0200: 74.341: [ParNew: 603589K->43208K(613440K), 0.0211743 secs] 622771K->62391K(2029056K), 0.0212429 secs] [Times: user=0.24 sys=0.00, real=0.02 secs] 
2020-09-29T18:11:30.343+0200: 74.416: [GC (Allocation Failure) 2020-09-29T18:11:30.343+0200: 74.416: [ParNew: 588552K->41111K(613440K), 0.0206766 secs] 607735K->60293K(2029056K), 0.0207514 secs] [Times: user=0.14 sys=0.00, real=0.02 secs] 
2020-09-29T18:11:30.419+0200: 74.492: [GC (Allocation Failure) 2020-09-29T18:11:30.419+0200: 74.492: [ParNew: 586455K->30078K(613440K), 0.0182263 secs] 605637K->49260K(2029056K), 0.0183044 secs] [Times: user=0.13 sys=0.00, real=0.02 secs] 
2020-09-29T18:11:30.491+0200: 74.564: [GC (Allocation Failure) 2020-09-29T18:11:30.492+0200: 74.564: [ParNew: 575422K->49491K(613440K), 0.0257937 secs] 594604K->68673K(2029056K), 0.0261513 secs] [Times: user=0.13 sys=0.00, real=0.03 secs] 
2020-09-29T18:11:30.571+0200: 74.644: [GC (Allocation Failure) 2020-09-29T18:11:30.571+0200: 74.644: [ParNew: 594835K->56370K(613440K), 0.0342883 secs] 614017K->75552K(2029056K), 0.0343621 secs] [Times: user=0.22 sys=0.00, real=0.03 secs] 
2020-09-29T18:11:30.654+0200: 74.727: [GC (Allocation Failure) 2020-09-29T18:11:30.654+0200: 74.727: [ParNew: 601714K->48225K(613440K), 0.0226432 secs] 620896K->67407K(2029056K), 0.0227160 secs] [Times: user=0.23 sys=0.00, real=0.02 secs] 
2020-09-29T18:11:30.731+0200: 74.804: [GC (Allocation Failure) 2020-09-29T18:11:30.731+0200: 74.804: [ParNew: 593569K->38666K(613440K), 0.0218605 secs] 612751K->57848K(2029056K), 0.0219491 secs] [Times: user=0.13 sys=0.00, real=0.02 secs] 
2020-09-29T18:11:30.808+0200: 74.881: [GC (Allocation Failure) 2020-09-29T18:11:30.808+0200: 74.881: [ParNew: 584010K->34974K(613440K), 0.0219537 secs] 603192K->54157K(2029056K), 0.0220540 secs] [Times: user=0.13 sys=0.00, real=0.02 secs] 
2020-09-29T18:11:30.879+0200: 74.952: [GC (Allocation Failure) 2020-09-29T18:11:30.879+0200: 74.952: [ParNew: 580318K->30801K(613440K), 0.0212016 secs] 599501K->49983K(2029056K), 0.0212745 secs] [Times: user=0.25 sys=0.00, real=0.02 secs] 
2020-09-29T18:11:30.955+0200: 75.028: [GC (Allocation Failure) 2020-09-29T18:11:30.955+0200: 75.028: [ParNew: 576145K->28176K(613440K), 0.0172521 secs] 595327K->47358K(2029056K), 0.0173223 secs] [Times: user=0.13 sys=0.00, real=0.02 secs] 
2020-09-29T18:11:31.028+0200: 75.101: [GC (Allocation Failure) 2020-09-29T18:11:31.028+0200: 75.101: [ParNew: 573520K->24232K(613440K), 0.0165955 secs] 592702K->43414K(2029056K), 0.0166653 secs] [Times: user=0.13 sys=0.00, real=0.02 secs] 
2020-09-29T18:11:31.097+0200: 75.170: [GC (Allocation Failure) 2020-09-29T18:11:31.097+0200: 75.170: [ParNew: 569576K->40642K(613440K), 0.0231084 secs] 588758K->59824K(2029056K), 0.0231828 secs] [Times: user=0.25 sys=0.00, real=0.02 secs] 
2020-09-29T18:11:31.173+0200: 75.246: [GC (Allocation Failure) 2020-09-29T18:11:31.173+0200: 75.246: [ParNew: 585986K->51947K(613440K), 0.0315693 secs] 605168K->71129K(2029056K), 0.0316354 secs] [Times: user=0.25 sys=0.00, real=0.03 secs] 
2020-09-29T18:11:31.251+0200: 75.324: [GC (Allocation Failure) 2020-09-29T18:11:31.251+0200: 75.324: [ParNew: 597291K->49306K(613440K), 0.0226601 secs] 616473K->68489K(2029056K), 0.0227265 secs] [Times: user=0.25 sys=0.00, real=0.02 secs] 
2020-09-29T18:11:31.329+0200: 75.402: [GC (Allocation Failure) 2020-09-29T18:11:31.329+0200: 75.402: [ParNew: 594650K->45704K(613440K), 0.0292486 secs] 613833K->64886K(2029056K), 0.0293275 secs] [Times: user=0.25 sys=0.00, real=0.03 secs] 
2020-09-29T18:11:31.413+0200: 75.486: [GC (Allocation Failure) 2020-09-29T18:11:31.413+0200: 75.486: [ParNew: 591048K->59426K(613440K), 0.0278615 secs] 610230K->78609K(2029056K), 0.0279353 secs] [Times: user=0.13 sys=0.00, real=0.03 secs] 
2020-09-29T18:11:31.491+0200: 75.564: [GC (Allocation Failure) 2020-09-29T18:11:31.491+0200: 75.564: [ParNew: 604770K->49395K(613440K), 0.0245971 secs] 623953K->68577K(2029056K), 0.0246997 secs] [Times: user=0.13 sys=0.00, real=0.03 secs] 
2020-09-29T18:11:31.571+0200: 75.644: [GC (Allocation Failure) 2020-09-29T18:11:31.571+0200: 75.644: [ParNew: 594739K->54805K(613440K), 0.0253163 secs] 613921K->73987K(2029056K), 0.0253982 secs] [Times: user=0.13 sys=0.00, real=0.02 secs] 
2020-09-29T18:11:31.653+0200: 75.726: [GC (Allocation Failure) 2020-09-29T18:11:31.653+0200: 75.726: [ParNew: 600149K->44628K(613440K), 0.0234786 secs] 619331K->63811K(2029056K), 0.0235699 secs] [Times: user=0.25 sys=0.00, real=0.03 secs] 
2020-09-29T18:11:31.741+0200: 75.813: [GC (Allocation Failure) 2020-09-29T18:11:31.741+0200: 75.813: [ParNew: 589972K->58010K(613440K), 0.0308762 secs] 609155K->77192K(2029056K), 0.0309528 secs] [Times: user=0.23 sys=0.00, real=0.03 secs] 
2020-09-29T18:11:31.825+0200: 75.897: [GC (Allocation Failure) 2020-09-29T18:11:31.825+0200: 75.897: [ParNew: 603354K->45235K(613440K), 0.0218349 secs] 622536K->64417K(2029056K), 0.0219084 secs] [Times: user=0.13 sys=0.00, real=0.02 secs] 
2020-09-29T18:11:31.898+0200: 75.971: [GC (Allocation Failure) 2020-09-29T18:11:31.898+0200: 75.971: [ParNew: 590579K->40730K(613440K), 0.0208583 secs] 609761K->59912K(2029056K), 0.0209305 secs] [Times: user=0.13 sys=0.00, real=0.02 secs] 
2020-09-29T18:11:31.977+0200: 76.049: [GC (Allocation Failure) 2020-09-29T18:11:31.977+0200: 76.049: [ParNew: 586074K->29755K(613440K), 0.0178668 secs] 605256K->48937K(2029056K), 0.0179378 secs] [Times: user=0.13 sys=0.00, real=0.02 secs] 
2020-09-29T18:11:32.047+0200: 76.119: [GC (Allocation Failure) 2020-09-29T18:11:32.047+0200: 76.119: [ParNew: 575099K->25745K(613440K), 0.0146206 secs] 594281K->44927K(2029056K), 0.0146880 secs] [Times: user=0.13 sys=0.00, real=0.02 secs] 
2020-09-29T18:11:32.115+0200: 76.188: [GC (Allocation Failure) 2020-09-29T18:11:32.116+0200: 76.188: [ParNew: 571089K->18114K(613440K), 0.0137882 secs] 590271K->37296K(2029056K), 0.0138836 secs] [Times: user=0.00 sys=0.00, real=0.01 secs] 
2020-09-29T18:11:32.183+0200: 76.255: [GC (Allocation Failure) 2020-09-29T18:11:32.183+0200: 76.255: [ParNew: 563458K->59743K(613440K), 0.0340405 secs] 582640K->78925K(2029056K), 0.0341108 secs] [Times: user=0.25 sys=0.00, real=0.03 secs] 
2020-09-29T18:11:32.265+0200: 76.337: [GC (Allocation Failure) 2020-09-29T18:11:32.265+0200: 76.337: [ParNew: 605087K->46601K(613440K), 0.0266941 secs] 624269K->65783K(2029056K), 0.0267647 secs] [Times: user=0.25 sys=0.00, real=0.03 secs] 
2020-09-29T18:11:32.339+0200: 76.412: [GC (Allocation Failure) 2020-09-29T18:11:32.339+0200: 76.412: [ParNew: 591945K->43997K(613440K), 0.0234258 secs] 611127K->63179K(2029056K), 0.0234958 secs] [Times: user=0.13 sys=0.00, real=0.02 secs] 
2020-09-29T18:11:32.424+0200: 76.497: [GC (Allocation Failure) 2020-09-29T18:11:32.424+0200: 76.497: [ParNew: 589341K->36888K(613440K), 0.0238218 secs] 608523K->56070K(2029056K), 0.0239016 secs] [Times: user=0.23 sys=0.00, real=0.02 secs] 
2020-09-29T18:11:32.500+0200: 76.572: [GC (Allocation Failure) 2020-09-29T18:11:32.500+0200: 76.572: [ParNew: 582232K->34920K(613440K), 0.0216238 secs] 601414K->54102K(2029056K), 0.0217090 secs] [Times: user=0.25 sys=0.00, real=0.02 secs] 
2020-09-29T18:11:32.572+0200: 76.645: [GC (Allocation Failure) 2020-09-29T18:11:32.573+0200: 76.645: [ParNew: 580264K->54053K(613440K), 0.0270145 secs] 599446K->73235K(2029056K), 0.0270941 secs] [Times: user=0.25 sys=0.00, real=0.03 secs] 
2020-09-29T18:11:32.655+0200: 76.727: [GC (Allocation Failure) 2020-09-29T18:11:32.655+0200: 76.727: [ParNew: 599397K->32841K(613440K), 0.0171271 secs] 618579K->52023K(2029056K), 0.0171981 secs] [Times: user=0.11 sys=0.00, real=0.02 secs] 
2020-09-29T18:11:32.723+0200: 76.796: [GC (Allocation Failure) 2020-09-29T18:11:32.723+0200: 76.796: [ParNew: 578185K->48872K(613440K), 0.0302072 secs] 597367K->68054K(2029056K), 0.0302747 secs] [Times: user=0.25 sys=0.00, real=0.03 secs] 
2020-09-29T18:11:32.804+0200: 76.876: [GC (Allocation Failure) 2020-09-29T18:11:32.804+0200: 76.876: [ParNew: 594216K->39263K(613440K), 0.0214231 secs] 613398K->58445K(2029056K), 0.0214898 secs] [Times: user=0.13 sys=0.00, real=0.02 secs] 
2020-09-29T18:11:32.875+0200: 76.947: [GC (Allocation Failure) 2020-09-29T18:11:32.875+0200: 76.947: [ParNew: 584607K->31825K(613440K), 0.0206325 secs] 603789K->51007K(2029056K), 0.0207162 secs] [Times: user=0.13 sys=0.00, real=0.02 secs] 
2020-09-29T18:11:32.951+0200: 77.024: [GC (Allocation Failure) 2020-09-29T18:11:32.951+0200: 77.024: [ParNew: 577169K->52193K(613440K), 0.0259197 secs] 596351K->71375K(2029056K), 0.0260065 secs] [Times: user=0.25 sys=0.00, real=0.03 secs] 
2020-09-29T18:11:33.029+0200: 77.102: [GC (Allocation Failure) 2020-09-29T18:11:33.029+0200: 77.102: [ParNew: 597537K->40611K(613440K), 0.0252713 secs] 616719K->59793K(2029056K), 0.0253443 secs] [Times: user=0.25 sys=0.00, real=0.03 secs] 
2020-09-29T18:11:33.110+0200: 77.182: [GC (Allocation Failure) 2020-09-29T18:11:33.110+0200: 77.182: [ParNew: 585955K->37374K(613440K), 0.0247116 secs] 605137K->56557K(2029056K), 0.0247838 secs] [Times: user=0.25 sys=0.00, real=0.02 secs] 
2020-09-29T18:11:33.190+0200: 77.262: [GC (Allocation Failure) 2020-09-29T18:11:33.190+0200: 77.263: [ParNew: 582718K->63656K(613440K), 0.0303806 secs] 601901K->82838K(2029056K), 0.0304550 secs] [Times: user=0.25 sys=0.00, real=0.03 secs] 
2020-09-29T18:11:33.268+0200: 77.341: [GC (Allocation Failure) 2020-09-29T18:11:33.268+0200: 77.341: [ParNew: 609000K->44721K(613440K), 0.0210367 secs] 628182K->63903K(2029056K), 0.0211083 secs] [Times: user=0.25 sys=0.00, real=0.02 secs] 
2020-09-29T18:11:33.347+0200: 77.420: [GC (Allocation Failure) 2020-09-29T18:11:33.347+0200: 77.420: [ParNew: 590065K->54657K(613440K), 0.0292279 secs] 609247K->73840K(2029056K), 0.0293143 secs] [Times: user=0.25 sys=0.00, real=0.03 secs] 
2020-09-29T18:11:33.429+0200: 77.501: [GC (Allocation Failure) 2020-09-29T18:11:33.429+0200: 77.501: [ParNew: 600001K->49865K(613440K), 0.0269032 secs] 619184K->69047K(2029056K), 0.0269836 secs] [Times: user=0.13 sys=0.00, real=0.03 secs] 
2020-09-29T18:11:33.509+0200: 77.582: [GC (Allocation Failure) 2020-09-29T18:11:33.509+0200: 77.582: [ParNew: 595209K->47280K(613440K), 0.0266882 secs] 614391K->66462K(2029056K), 0.0267611 secs] [Times: user=0.22 sys=0.00, real=0.03 secs] 
2020-09-29T18:11:33.597+0200: 77.670: [GC (Allocation Failure) 2020-09-29T18:11:33.597+0200: 77.670: [ParNew: 592624K->37467K(613440K), 0.0190277 secs] 611806K->56649K(2029056K), 0.0191059 secs] [Times: user=0.25 sys=0.00, real=0.02 secs] 
2020-09-29T18:11:33.674+0200: 77.747: [GC (Allocation Failure) 2020-09-29T18:11:33.674+0200: 77.747: [ParNew: 582811K->50381K(613440K), 0.0319394 secs] 601993K->69563K(2029056K), 0.0320087 secs] [Times: user=0.23 sys=0.00, real=0.03 secs] 
2020-09-29T18:11:33.754+0200: 77.827: [GC (Allocation Failure) 2020-09-29T18:11:33.754+0200: 77.827: [ParNew: 595725K->36863K(613440K), 0.0232580 secs] 614907K->56045K(2029056K), 0.0234106 secs] [Times: user=0.22 sys=0.00, real=0.02 secs] 
2020-09-29T18:11:33.832+0200: 77.905: [GC (Allocation Failure) 2020-09-29T18:11:33.833+0200: 77.905: [ParNew: 582207K->58056K(613440K), 0.0283609 secs] 601389K->77238K(2029056K), 0.0284618 secs] [Times: user=0.14 sys=0.00, real=0.03 secs] 
2020-09-29T18:11:33.912+0200: 77.985: [GC (Allocation Failure) 2020-09-29T18:11:33.912+0200: 77.985: [ParNew: 603400K->41057K(613440K), 0.0199152 secs] 622582K->60239K(2029056K), 0.0199824 secs] [Times: user=0.13 sys=0.00, real=0.02 secs] 
2020-09-29T18:11:33.991+0200: 78.064: [GC (Allocation Failure) 2020-09-29T18:11:33.991+0200: 78.064: [ParNew: 586401K->23147K(613440K), 0.0176351 secs] 605583K->42329K(2029056K), 0.0177067 secs] [Times: user=0.13 sys=0.00, real=0.02 secs] 
2020-09-29T18:11:34.059+0200: 78.132: [GC (Allocation Failure) 2020-09-29T18:11:34.059+0200: 78.132: [ParNew: 568491K->37135K(613440K), 0.0245538 secs] 587673K->56317K(2029056K), 0.0246264 secs] [Times: user=0.25 sys=0.00, real=0.03 secs] 
2020-09-29T18:11:34.135+0200: 78.208: [GC (Allocation Failure) 2020-09-29T18:11:34.135+0200: 78.208: [ParNew: 582479K->58426K(613440K), 0.0310897 secs] 601661K->77608K(2029056K), 0.0311565 secs] [Times: user=0.25 sys=0.00, real=0.03 secs] 
2020-09-29T18:11:34.213+0200: 78.286: [GC (Allocation Failure) 2020-09-29T18:11:34.213+0200: 78.286: [ParNew: 603770K->44674K(613440K), 0.0125712 secs] 622952K->63857K(2029056K), 0.0126364 secs] [Times: user=0.13 sys=0.00, real=0.01 secs] 
2020-09-29T18:11:34.280+0200: 78.353: [GC (Allocation Failure) 2020-09-29T18:11:34.280+0200: 78.353: [ParNew: 590018K->32536K(613440K), 0.0209529 secs] 609201K->51718K(2029056K), 0.0210200 secs] [Times: user=0.13 sys=0.00, real=0.02 secs] 
2020-09-29T18:11:34.351+0200: 78.424: [GC (Allocation Failure) 2020-09-29T18:11:34.351+0200: 78.424: [ParNew: 577880K->41053K(613440K), 0.0282869 secs] 597062K->60235K(2029056K), 0.0283601 secs] [Times: user=0.13 sys=0.00, real=0.03 secs] 
2020-09-29T18:11:34.428+0200: 78.501: [GC (Allocation Failure) 2020-09-29T18:11:34.428+0200: 78.501: [ParNew: 586397K->41767K(613440K), 0.0268365 secs] 605579K->60949K(2029056K), 0.0269033 secs] [Times: user=0.13 sys=0.00, real=0.03 secs] 
2020-09-29T18:11:34.509+0200: 78.582: [GC (Allocation Failure) 2020-09-29T18:11:34.509+0200: 78.582: [ParNew: 587111K->40803K(613440K), 0.0254549 secs] 606293K->59985K(2029056K), 0.0255246 secs] [Times: user=0.13 sys=0.00, real=0.03 secs] 
2020-09-29T18:11:34.590+0200: 78.663: [GC (Allocation Failure) 2020-09-29T18:11:34.590+0200: 78.663: [ParNew: 586147K->40936K(613440K), 0.0231611 secs] 605329K->60118K(2029056K), 0.0232592 secs] [Times: user=0.13 sys=0.00, real=0.02 secs] 
2020-09-29T18:11:34.666+0200: 78.738: [GC (Allocation Failure) 2020-09-29T18:11:34.666+0200: 78.738: [ParNew: 586280K->34353K(613440K), 0.0126077 secs] 605462K->53536K(2029056K), 0.0126792 secs] [Times: user=0.13 sys=0.00, real=0.01 secs] 
2020-09-29T18:11:34.739+0200: 78.811: [GC (Allocation Failure) 2020-09-29T18:11:34.739+0200: 78.811: [ParNew: 579697K->27005K(613440K), 0.0194762 secs] 598880K->46187K(2029056K), 0.0195420 secs] [Times: user=0.13 sys=0.00, real=0.02 secs] 
2020-09-29T18:11:34.813+0200: 78.885: [GC (Allocation Failure) 2020-09-29T18:11:34.813+0200: 78.885: [ParNew: 572349K->23561K(613440K), 0.0158880 secs] 591531K->42743K(2029056K), 0.0159550 secs] [Times: user=0.13 sys=0.00, real=0.02 secs] 
2020-09-29T18:11:34.878+0200: 78.951: [GC (Allocation Failure) 2020-09-29T18:11:34.878+0200: 78.951: [ParNew: 568905K->58221K(613440K), 0.0316582 secs] 588087K->77403K(2029056K), 0.0317265 secs] [Times: user=0.25 sys=0.00, real=0.03 secs] 
2020-09-29T18:11:34.958+0200: 79.030: [GC (Allocation Failure) 2020-09-29T18:11:34.958+0200: 79.030: [ParNew: 603565K->42759K(613440K), 0.0239312 secs] 622747K->61941K(2029056K), 0.0240064 secs] [Times: user=0.13 sys=0.00, real=0.02 secs] 
2020-09-29T18:11:35.033+0200: 79.106: [GC (Allocation Failure) 2020-09-29T18:11:35.033+0200: 79.106: [ParNew: 588103K->38156K(613440K), 0.0194470 secs] 607285K->57339K(2029056K), 0.0195318 secs] [Times: user=0.25 sys=0.00, real=0.02 secs] 
2020-09-29T18:11:35.107+0200: 79.179: [GC (Allocation Failure) 2020-09-29T18:11:35.107+0200: 79.180: [ParNew: 583500K->29829K(613440K), 0.0222087 secs] 602683K->49011K(2029056K), 0.0222876 secs] [Times: user=0.13 sys=0.00, real=0.02 secs] 
2020-09-29T18:11:35.185+0200: 79.258: [GC (Allocation Failure) 2020-09-29T18:11:35.186+0200: 79.258: [ParNew: 575173K->24767K(613440K), 0.0188371 secs] 594355K->43950K(2029056K), 0.0189182 secs] [Times: user=0.13 sys=0.00, real=0.02 secs] 
2020-09-29T18:11:35.268+0200: 79.341: [GC (Allocation Failure) 2020-09-29T18:11:35.268+0200: 79.341: [ParNew: 570111K->51351K(613440K), 0.0353174 secs] 589294K->70533K(2029056K), 0.0353939 secs] [Times: user=0.38 sys=0.00, real=0.04 secs] 
2020-09-29T18:11:35.356+0200: 79.429: [GC (Allocation Failure) 2020-09-29T18:11:35.356+0200: 79.429: [ParNew: 596695K->68096K(613440K), 0.0419965 secs] 615877K->87462K(2029056K), 0.0420759 secs] [Times: user=0.38 sys=0.00, real=0.04 secs] 
2020-09-29T18:11:35.451+0200: 79.524: [GC (Allocation Failure) 2020-09-29T18:11:35.451+0200: 79.524: [ParNew: 613440K->55450K(613440K), 0.0236409 secs] 632806K->74817K(2029056K), 0.0237232 secs] [Times: user=0.25 sys=0.00, real=0.02 secs] 
2020-09-29T18:11:35.531+0200: 79.604: [GC (Allocation Failure) 2020-09-29T18:11:35.531+0200: 79.604: [ParNew: 600794K->39748K(613440K), 0.0260418 secs] 620161K->59114K(2029056K), 0.0261392 secs] [Times: user=0.25 sys=0.00, real=0.03 secs] 
2020-09-29T18:11:35.610+0200: 79.683: [GC (Allocation Failure) 2020-09-29T18:11:35.610+0200: 79.683: [ParNew: 585092K->60851K(613440K), 0.0411917 secs] 604458K->80218K(2029056K), 0.0412714 secs] [Times: user=0.33 sys=0.00, real=0.04 secs] 
2020-09-29T18:11:35.703+0200: 79.776: [GC (Allocation Failure) 2020-09-29T18:11:35.703+0200: 79.776: [ParNew: 606195K->47009K(613440K), 0.0289854 secs] 625562K->66375K(2029056K), 0.0290600 secs] [Times: user=0.25 sys=0.00, real=0.03 secs] 
2020-09-29T18:11:35.783+0200: 79.856: [GC (Allocation Failure) 2020-09-29T18:11:35.783+0200: 79.856: [ParNew: 592353K->43020K(613440K), 0.0250694 secs] 611719K->62386K(2029056K), 0.0251385 secs] [Times: user=0.25 sys=0.00, real=0.03 secs] 
2020-09-29T18:11:35.870+0200: 79.942: [GC (Allocation Failure) 2020-09-29T18:11:35.870+0200: 79.942: [ParNew: 588364K->63160K(613440K), 0.0356566 secs] 607730K->82526K(2029056K), 0.0357294 secs] [Times: user=0.25 sys=0.00, real=0.04 secs] 
2020-09-29T18:11:35.961+0200: 80.033: [GC (Allocation Failure) 2020-09-29T18:11:35.961+0200: 80.033: [ParNew: 608504K->42607K(613440K), 0.0342976 secs] 627870K->61974K(2029056K), 0.0343706 secs] [Times: user=0.25 sys=0.00, real=0.03 secs] 
2020-09-29T18:11:36.044+0200: 80.116: [GC (Allocation Failure) 2020-09-29T18:11:36.044+0200: 80.116: [ParNew: 587951K->46407K(613440K), 0.0318311 secs] 607318K->65774K(2029056K), 0.0319036 secs] [Times: user=0.25 sys=0.00, real=0.03 secs] 
2020-09-29T18:11:36.129+0200: 80.201: [GC (Allocation Failure) 2020-09-29T18:11:36.129+0200: 80.201: [ParNew: 591751K->38880K(613440K), 0.0212194 secs] 611118K->58246K(2029056K), 0.0212929 secs] [Times: user=0.25 sys=0.00, real=0.02 secs] 
2020-09-29T18:11:36.216+0200: 80.288: [GC (Allocation Failure) 2020-09-29T18:11:36.216+0200: 80.288: [ParNew: 584224K->40536K(613440K), 0.0293926 secs] 603590K->59903K(2029056K), 0.0294681 secs] [Times: user=0.25 sys=0.00, real=0.03 secs] 
2020-09-29T18:11:36.296+0200: 80.369: [GC (Allocation Failure) 2020-09-29T18:11:36.296+0200: 80.369: [ParNew: 585880K->56332K(613440K), 0.0280467 secs] 605247K->75698K(2029056K), 0.0281205 secs] [Times: user=0.25 sys=0.00, real=0.03 secs] 
2020-09-29T18:11:36.388+0200: 80.461: [GC (Allocation Failure) 2020-09-29T18:11:36.388+0200: 80.461: [ParNew: 601676K->40766K(613440K), 0.0290794 secs] 621042K->60132K(2029056K), 0.0291555 secs] [Times: user=0.25 sys=0.00, real=0.03 secs] 
2020-09-29T18:11:36.469+0200: 80.542: [GC (Allocation Failure) 2020-09-29T18:11:36.469+0200: 80.542: [ParNew: 586110K->37065K(613440K), 0.0244206 secs] 605476K->56432K(2029056K), 0.0245101 secs] [Times: user=0.25 sys=0.00, real=0.02 secs] 
2020-09-29T18:11:36.557+0200: 80.630: [GC (Allocation Failure) 2020-09-29T18:11:36.557+0200: 80.630: [ParNew: 582409K->58984K(613440K), 0.0353050 secs] 601776K->78350K(2029056K), 0.0354158 secs] [Times: user=0.25 sys=0.00, real=0.04 secs] 
2020-09-29T18:11:36.643+0200: 80.715: [GC (Allocation Failure) 2020-09-29T18:11:36.643+0200: 80.715: [ParNew: 604328K->49009K(613440K), 0.0323867 secs] 623694K->68375K(2029056K), 0.0324630 secs] [Times: user=0.24 sys=0.00, real=0.03 secs] 
2020-09-29T18:11:36.727+0200: 80.799: [GC (Allocation Failure) 2020-09-29T18:11:36.727+0200: 80.799: [ParNew: 594353K->44948K(613440K), 0.0322805 secs] 613719K->64314K(2029056K), 0.0323544 secs] [Times: user=0.25 sys=0.00, real=0.03 secs] 
2020-09-29T18:11:36.810+0200: 80.882: [GC (Allocation Failure) 2020-09-29T18:11:36.810+0200: 80.882: [ParNew: 590292K->38065K(613440K), 0.0214946 secs] 609658K->57431K(2029056K), 0.0215687 secs] [Times: user=0.13 sys=0.00, real=0.02 secs] 
2020-09-29T18:11:36.888+0200: 80.960: [GC (Allocation Failure) 2020-09-29T18:11:36.888+0200: 80.960: [ParNew: 583409K->38899K(613440K), 0.0295159 secs] 602775K->58265K(2029056K), 0.0296216 secs] [Times: user=0.25 sys=0.00, real=0.03 secs] 
2020-09-29T18:11:36.973+0200: 81.046: [GC (Allocation Failure) 2020-09-29T18:11:36.973+0200: 81.046: [ParNew: 584243K->48645K(613440K), 0.0278936 secs] 603609K->68011K(2029056K), 0.0279829 secs] [Times: user=0.14 sys=0.00, real=0.03 secs] 
2020-09-29T18:11:37.055+0200: 81.128: [GC (Allocation Failure) 2020-09-29T18:11:37.055+0200: 81.128: [ParNew: 593989K->35841K(613440K), 0.0272280 secs] 613355K->55207K(2029056K), 0.0273377 secs] [Times: user=0.14 sys=0.00, real=0.03 secs] 
2020-09-29T18:11:37.137+0200: 81.210: [GC (Allocation Failure) 2020-09-29T18:11:37.144+0200: 81.217: [ParNew: 581185K->57081K(613440K), 0.0328939 secs] 600551K->76447K(2029056K), 0.0398717 secs] [Times: user=0.25 sys=0.03, real=0.04 secs] 
2020-09-29T18:11:37.226+0200: 81.299: [GC (Allocation Failure) 2020-09-29T18:11:37.226+0200: 81.299: [ParNew: 602425K->44217K(613440K), 0.0338751 secs] 621791K->63584K(2029056K), 0.0339506 secs] [Times: user=0.25 sys=0.00, real=0.03 secs] 
2020-09-29T18:11:37.312+0200: 81.384: [GC (Allocation Failure) 2020-09-29T18:11:37.312+0200: 81.384: [ParNew: 589561K->42510K(613440K), 0.0308288 secs] 608928K->61877K(2029056K), 0.0309225 secs] [Times: user=0.25 sys=0.00, real=0.03 secs] 
2020-09-29T18:11:37.390+0200: 81.463: [GC (Allocation Failure) 2020-09-29T18:11:37.390+0200: 81.463: [ParNew: 587854K->41333K(613440K), 0.0306135 secs] 607221K->60699K(2029056K), 0.0306918 secs] [Times: user=0.25 sys=0.00, real=0.03 secs] 
2020-09-29T18:11:37.479+0200: 81.552: [GC (Allocation Failure) 2020-09-29T18:11:37.479+0200: 81.552: [ParNew: 586677K->39703K(613440K), 0.0285291 secs] 606043K->59070K(2029056K), 0.0286016 secs] [Times: user=0.25 sys=0.00, real=0.03 secs] 
2020-09-29T18:11:37.567+0200: 81.640: [GC (Allocation Failure) 2020-09-29T18:11:37.567+0200: 81.640: [ParNew: 585047K->37050K(613440K), 0.0274777 secs] 604414K->56416K(2029056K), 0.0275616 secs] [Times: user=0.13 sys=0.00, real=0.03 secs] 
2020-09-29T18:11:37.652+0200: 81.725: [GC (Allocation Failure) 2020-09-29T18:11:37.652+0200: 81.725: [ParNew: 582394K->56998K(613440K), 0.0347943 secs] 601760K->76364K(2029056K), 0.0348722 secs] [Times: user=0.24 sys=0.00, real=0.04 secs] 
2020-09-29T18:11:37.735+0200: 81.808: [GC (Allocation Failure) 2020-09-29T18:11:37.735+0200: 81.808: [ParNew: 602342K->46204K(613440K), 0.0317496 secs] 621708K->65570K(2029056K), 0.0318242 secs] [Times: user=0.25 sys=0.00, real=0.03 secs] 
2020-09-29T18:11:37.817+0200: 81.890: [GC (Allocation Failure) 2020-09-29T18:11:37.817+0200: 81.890: [ParNew: 591548K->39506K(613440K), 0.0228480 secs] 610914K->58872K(2029056K), 0.0229380 secs] [Times: user=0.13 sys=0.00, real=0.02 secs] 
2020-09-29T18:11:37.903+0200: 81.976: [GC (Allocation Failure) 2020-09-29T18:11:37.903+0200: 81.976: [ParNew: 584850K->41193K(613440K), 0.0302618 secs] 604216K->60560K(2029056K), 0.0303735 secs] [Times: user=0.25 sys=0.00, real=0.03 secs] 
2020-09-29T18:11:37.985+0200: 82.058: [GC (Allocation Failure) 2020-09-29T18:11:37.985+0200: 82.058: [ParNew: 586537K->51633K(613440K), 0.0291703 secs] 605904K->70999K(2029056K), 0.0292594 secs] [Times: user=0.23 sys=0.00, real=0.03 secs] 
2020-09-29T18:11:38.065+0200: 82.138: [GC (Allocation Failure) 2020-09-29T18:11:38.065+0200: 82.138: [ParNew: 596977K->38548K(613440K), 0.0290650 secs] 616343K->57915K(2029056K), 0.0291386 secs] [Times: user=0.25 sys=0.00, real=0.03 secs] 
2020-09-29T18:11:38.150+0200: 82.223: [GC (Allocation Failure) 2020-09-29T18:11:38.150+0200: 82.223: [ParNew: 583892K->39518K(613440K), 0.0248624 secs] 603259K->58884K(2029056K), 0.0249365 secs] [Times: user=0.13 sys=0.00, real=0.02 secs] 
2020-09-29T18:11:38.234+0200: 82.307: [GC (Allocation Failure) 2020-09-29T18:11:38.234+0200: 82.307: [ParNew: 584862K->62876K(613440K), 0.0339663 secs] 604228K->82242K(2029056K), 0.0340439 secs] [Times: user=0.25 sys=0.00, real=0.03 secs] 
2020-09-29T18:11:38.323+0200: 82.396: [GC (Allocation Failure) 2020-09-29T18:11:38.323+0200: 82.396: [ParNew: 608220K->47408K(613440K), 0.0312624 secs] 627586K->66774K(2029056K), 0.0313545 secs] [Times: user=0.25 sys=0.00, real=0.03 secs] 
2020-09-29T18:11:38.409+0200: 82.482: [GC (Allocation Failure) 2020-09-29T18:11:38.409+0200: 82.482: [ParNew: 592752K->42786K(613440K), 0.0330422 secs] 612118K->62152K(2029056K), 0.0331188 secs] [Times: user=0.38 sys=0.00, real=0.03 secs] 
2020-09-29T18:11:38.496+0200: 82.568: [GC (Allocation Failure) 2020-09-29T18:11:38.496+0200: 82.568: [ParNew: 588130K->39527K(613440K), 0.0225755 secs] 607496K->58893K(2029056K), 0.0305366 secs] [Times: user=0.13 sys=0.00, real=0.03 secs] 
2020-09-29T18:11:38.589+0200: 82.662: [GC (Allocation Failure) 2020-09-29T18:11:38.589+0200: 82.662: [ParNew: 584871K->35310K(613440K), 0.0208095 secs] 604237K->54676K(2029056K), 0.0208862 secs] [Times: user=0.11 sys=0.00, real=0.02 secs] 
2020-09-29T18:11:38.678+0200: 82.751: [GC (Allocation Failure) 2020-09-29T18:11:38.678+0200: 82.751: [ParNew: 580654K->26670K(613440K), 0.0210343 secs] 600020K->46036K(2029056K), 0.0211077 secs] [Times: user=0.13 sys=0.00, real=0.02 secs] 
2020-09-29T18:11:38.763+0200: 82.836: [GC (Allocation Failure) 2020-09-29T18:11:38.763+0200: 82.836: [ParNew: 572014K->51059K(613440K), 0.0358815 secs] 591380K->70425K(2029056K), 0.0359718 secs] [Times: user=0.25 sys=0.00, real=0.04 secs] 
2020-09-29T18:11:38.851+0200: 82.924: [GC (Allocation Failure) 2020-09-29T18:11:38.851+0200: 82.924: [ParNew: 596403K->42692K(613440K), 0.0254385 secs] 615769K->62059K(2029056K), 0.0255338 secs] [Times: user=0.13 sys=0.00, real=0.02 secs] 
2020-09-29T18:11:38.942+0200: 83.015: [GC (Allocation Failure) 2020-09-29T18:11:38.942+0200: 83.015: [ParNew: 588036K->29378K(613440K), 0.0133622 secs] 607403K->48745K(2029056K), 0.0134469 secs] [Times: user=0.00 sys=0.00, real=0.01 secs] 
2020-09-29T18:11:39.014+0200: 83.087: [GC (Allocation Failure) 2020-09-29T18:11:39.014+0200: 83.087: [ParNew: 574722K->56149K(613440K), 0.0392448 secs] 594089K->75516K(2029056K), 0.0393383 secs] [Times: user=0.38 sys=0.00, real=0.04 secs] 
2020-09-29T18:11:39.102+0200: 83.176: [GC (Allocation Failure) 2020-09-29T18:11:39.102+0200: 83.176: [ParNew: 601493K->43243K(613440K), 0.0296152 secs] 620860K->62610K(2029056K), 0.0296946 secs] [Times: user=0.25 sys=0.00, real=0.03 secs] 
2020-09-29T18:11:39.181+0200: 83.255: [GC (Allocation Failure) 2020-09-29T18:11:39.182+0200: 83.255: [ParNew: 588587K->68096K(613440K), 0.0352328 secs] 607954K->87462K(2029056K), 0.0353187 secs] [Times: user=0.25 sys=0.00, real=0.04 secs] 
2020-09-29T18:11:39.274+0200: 83.347: [GC (Allocation Failure) 2020-09-29T18:11:39.274+0200: 83.348: [ParNew: 613440K->41029K(613440K), 0.0183121 secs] 632806K->60395K(2029056K), 0.0183932 secs] [Times: user=0.13 sys=0.00, real=0.02 secs] 
2020-09-29T18:11:39.356+0200: 83.429: [GC (Allocation Failure) 2020-09-29T18:11:39.356+0200: 83.429: [ParNew: 586373K->31295K(613440K), 0.0254516 secs] 605739K->50661K(2029056K), 0.0255415 secs] [Times: user=0.25 sys=0.00, real=0.03 secs] 
2020-09-29T18:11:39.439+0200: 83.512: [GC (Allocation Failure) 2020-09-29T18:11:39.439+0200: 83.512: [ParNew: 576639K->49491K(613440K), 0.0326151 secs] 596005K->68857K(2029056K), 0.0326889 secs] [Times: user=0.25 sys=0.00, real=0.03 secs] 
2020-09-29T18:11:39.520+0200: 83.593: [GC (Allocation Failure) 2020-09-29T18:11:39.520+0200: 83.593: [ParNew: 594835K->41714K(613440K), 0.0317843 secs] 614201K->61080K(2029056K), 0.0318746 secs] [Times: user=0.25 sys=0.00, real=0.03 secs] 
2020-09-29T18:11:39.604+0200: 83.677: [GC (Allocation Failure) 2020-09-29T18:11:39.604+0200: 83.677: [ParNew: 587058K->42279K(613440K), 0.0315466 secs] 606424K->61645K(2029056K), 0.0316384 secs] [Times: user=0.25 sys=0.00, real=0.03 secs] 
2020-09-29T18:11:39.689+0200: 83.762: [GC (Allocation Failure) 2020-09-29T18:11:39.689+0200: 83.762: [ParNew: 587623K->42731K(613440K), 0.0291467 secs] 606989K->62098K(2029056K), 0.0292480 secs] [Times: user=0.25 sys=0.00, real=0.03 secs] 
2020-09-29T18:11:39.778+0200: 83.851: [GC (Allocation Failure) 2020-09-29T18:11:39.778+0200: 83.851: [ParNew: 588075K->43468K(613440K), 0.0239752 secs] 607442K->62834K(2029056K), 0.0240496 secs] [Times: user=0.25 sys=0.00, real=0.02 secs] 
2020-09-29T18:11:39.862+0200: 83.935: [GC (Allocation Failure) 2020-09-29T18:11:39.862+0200: 83.935: [ParNew: 588812K->36488K(613440K), 0.0253966 secs] 608178K->55854K(2029056K), 0.0254671 secs] [Times: user=0.25 sys=0.00, real=0.03 secs] 
2020-09-29T18:11:39.946+0200: 84.019: [GC (Allocation Failure) 2020-09-29T18:11:39.946+0200: 84.019: [ParNew: 581832K->57085K(613440K), 0.0326402 secs] 601198K->76452K(2029056K), 0.0327270 secs] [Times: user=0.25 sys=0.00, real=0.03 secs] 
2020-09-29T18:11:40.035+0200: 84.108: [GC (Allocation Failure) 2020-09-29T18:11:40.035+0200: 84.108: [ParNew: 602429K->43168K(613440K), 0.0315165 secs] 621796K->62534K(2029056K), 0.0315911 secs] [Times: user=0.23 sys=0.00, real=0.03 secs] 
2020-09-29T18:11:40.117+0200: 84.190: [GC (Allocation Failure) 2020-09-29T18:11:40.117+0200: 84.190: [ParNew: 588512K->35878K(613440K), 0.0129514 secs] 607878K->55244K(2029056K), 0.0130070 secs] [Times: user=0.13 sys=0.00, real=0.01 secs] 
2020-09-29T18:11:40.179+0200: 84.252: [GC (Allocation Failure) 2020-09-29T18:11:40.179+0200: 84.252: [ParNew: 581222K->56596K(613440K), 0.0235318 secs] 600588K->75963K(2029056K), 0.0236039 secs] [Times: user=0.13 sys=0.00, real=0.02 secs] 
2020-09-29T18:11:40.253+0200: 84.326: [GC (Allocation Failure) 2020-09-29T18:11:40.253+0200: 84.326: [ParNew: 601940K->41989K(613440K), 0.0113128 secs] 621307K->61356K(2029056K), 0.0113754 secs] [Times: user=0.13 sys=0.00, real=0.01 secs] 
2020-09-29T18:11:40.321+0200: 84.394: [GC (Allocation Failure) 2020-09-29T18:11:40.321+0200: 84.394: [ParNew: 587333K->33299K(613440K), 0.0168139 secs] 606700K->52665K(2029056K), 0.0168988 secs] [Times: user=0.13 sys=0.00, real=0.02 secs] 
2020-09-29T18:11:40.391+0200: 84.464: [GC (Allocation Failure) 2020-09-29T18:11:40.391+0200: 84.464: [ParNew: 578643K->28653K(613440K), 0.0155731 secs] 598009K->48019K(2029056K), 0.0156325 secs] [Times: user=0.13 sys=0.00, real=0.01 secs] 
2020-09-29T18:11:40.458+0200: 84.531: [GC (Allocation Failure) 2020-09-29T18:11:40.458+0200: 84.531: [ParNew: 573997K->67000K(613440K), 0.0243287 secs] 593363K->86366K(2029056K), 0.0243961 secs] [Times: user=0.13 sys=0.00, real=0.02 secs] 
2020-09-29T18:11:40.529+0200: 84.602: [GC (Allocation Failure) 2020-09-29T18:11:40.529+0200: 84.602: [ParNew: 612344K->40840K(613440K), 0.0111736 secs] 631710K->60206K(2029056K), 0.0112306 secs] [Times: user=0.13 sys=0.00, real=0.01 secs] 
2020-09-29T18:11:40.590+0200: 84.664: [GC (Allocation Failure) 2020-09-29T18:11:40.590+0200: 84.664: [ParNew: 586184K->38005K(613440K), 0.0163768 secs] 605550K->57371K(2029056K), 0.0164439 secs] [Times: user=0.11 sys=0.00, real=0.02 secs] 
2020-09-29T18:11:40.657+0200: 84.730: [GC (Allocation Failure) 2020-09-29T18:11:40.657+0200: 84.730: [ParNew: 583349K->31373K(613440K), 0.0155137 secs] 602715K->50740K(2029056K), 0.0155771 secs] [Times: user=0.13 sys=0.00, real=0.01 secs] 
2020-09-29T18:11:40.719+0200: 84.792: [GC (Allocation Failure) 2020-09-29T18:11:40.719+0200: 84.792: [ParNew: 576717K->52770K(613440K), 0.0203803 secs] 596084K->72136K(2029056K), 0.0204349 secs] [Times: user=0.25 sys=0.00, real=0.02 secs] 
2020-09-29T18:11:40.787+0200: 84.860: [GC (Allocation Failure) 2020-09-29T18:11:40.787+0200: 84.860: [ParNew: 598114K->35948K(613440K), 0.0135350 secs] 617480K->55314K(2029056K), 0.0135902 secs] [Times: user=0.00 sys=0.02, real=0.01 secs] 
2020-09-29T18:11:40.851+0200: 84.924: [GC (Allocation Failure) 2020-09-29T18:11:40.851+0200: 84.924: [ParNew: 581292K->50278K(613440K), 0.0200912 secs] 600658K->69644K(2029056K), 0.0201507 secs] [Times: user=0.13 sys=0.00, real=0.02 secs] 
2020-09-29T18:11:40.917+0200: 84.990: [GC (Allocation Failure) 2020-09-29T18:11:40.917+0200: 84.990: [ParNew: 595622K->33774K(613440K), 0.0119782 secs] 614988K->53141K(2029056K), 0.0120336 secs] [Times: user=0.13 sys=0.00, real=0.01 secs] 
2020-09-29T18:11:40.978+0200: 85.052: [GC (Allocation Failure) 2020-09-29T18:11:40.978+0200: 85.052: [ParNew: 579118K->35350K(613440K), 0.0173555 secs] 598485K->54716K(2029056K), 0.0174199 secs] [Times: user=0.13 sys=0.00, real=0.02 secs] 
2020-09-29T18:11:41.043+0200: 85.117: [GC (Allocation Failure) 2020-09-29T18:11:41.043+0200: 85.117: [ParNew: 580694K->49839K(613440K), 0.0177284 secs] 600060K->69205K(2029056K), 0.0177860 secs] [Times: user=0.13 sys=0.00, real=0.02 secs] 
2020-09-29T18:11:41.109+0200: 85.182: [GC (Allocation Failure) 2020-09-29T18:11:41.109+0200: 85.182: [ParNew: 595183K->20467K(613440K), 0.0104474 secs] 614549K->39833K(2029056K), 0.0105014 secs] [Times: user=0.13 sys=0.00, real=0.01 secs] 
2020-09-29T18:11:41.166+0200: 85.239: [GC (Allocation Failure) 2020-09-29T18:11:41.166+0200: 85.239: [ParNew: 565811K->40483K(613440K), 0.0215509 secs] 585177K->59849K(2029056K), 0.0216043 secs] [Times: user=0.13 sys=0.00, real=0.02 secs] 
2020-09-29T18:11:41.235+0200: 85.309: [GC (Allocation Failure) 2020-09-29T18:11:41.235+0200: 85.309: [ParNew: 585647K->56437K(613440K), 0.0203480 secs] 605013K->75803K(2029056K), 0.0274871 secs] [Times: user=0.25 sys=0.00, real=0.03 secs] 
2020-09-29T18:11:41.310+0200: 85.382: [GC (Allocation Failure) 2020-09-29T18:11:41.310+0200: 85.382: [ParNew: 601781K->37089K(613440K), 0.0122747 secs] 621147K->56455K(2029056K), 0.0123606 secs] [Times: user=0.13 sys=0.00, real=0.01 secs] 
2020-09-29T18:11:41.376+0200: 85.449: [GC (Allocation Failure) 2020-09-29T18:11:41.376+0200: 85.449: [ParNew: 582433K->20173K(613440K), 0.0114520 secs] 601799K->39539K(2029056K), 0.0115063 secs] [Times: user=0.13 sys=0.00, real=0.01 secs] 
2020-09-29T18:11:41.444+0200: 85.517: [GC (Allocation Failure) 2020-09-29T18:11:41.444+0200: 85.517: [ParNew: 565517K->40349K(613440K), 0.0178106 secs] 584883K->59715K(2029056K), 0.0178954 secs] [Times: user=0.13 sys=0.00, real=0.02 secs] 
2020-09-29T18:11:41.510+0200: 85.583: [GC (Allocation Failure) 2020-09-29T18:11:41.510+0200: 85.583: [ParNew: 585693K->51779K(613440K), 0.0220176 secs] 605059K->71146K(2029056K), 0.0220745 secs] [Times: user=0.13 sys=0.00, real=0.02 secs] 
2020-09-29T18:11:41.580+0200: 85.652: [GC (Allocation Failure) 2020-09-29T18:11:41.580+0200: 85.652: [ParNew: 597123K->38918K(613440K), 0.0153096 secs] 616490K->58284K(2029056K), 0.0153648 secs] [Times: user=0.11 sys=0.00, real=0.02 secs] 
2020-09-29T18:11:41.645+0200: 85.717: [GC (Allocation Failure) 2020-09-29T18:11:41.645+0200: 85.717: [ParNew: 584262K->52922K(613440K), 0.0220702 secs] 603628K->72288K(2029056K), 0.0221438 secs] [Times: user=0.23 sys=0.00, real=0.02 secs] 
2020-09-29T18:11:41.712+0200: 85.785: [GC (Allocation Failure) 2020-09-29T18:11:41.712+0200: 85.785: [ParNew: 598266K->38774K(613440K), 0.0128358 secs] 617632K->58140K(2029056K), 0.0128913 secs] [Times: user=0.13 sys=0.00, real=0.01 secs] 
2020-09-29T18:11:41.774+0200: 85.846: [GC (Allocation Failure) 2020-09-29T18:11:41.774+0200: 85.846: [ParNew: 584118K->28616K(613440K), 0.0130043 secs] 603484K->47982K(2029056K), 0.0130784 secs] [Times: user=0.13 sys=0.00, real=0.01 secs] 
2020-09-29T18:11:41.844+0200: 85.916: [GC (Allocation Failure) 2020-09-29T18:11:41.844+0200: 85.916: [ParNew: 573960K->38205K(613440K), 0.0180647 secs] 593326K->57571K(2029056K), 0.0181200 secs] [Times: user=0.13 sys=0.00, real=0.02 secs] 
2020-09-29T18:11:41.910+0200: 85.983: [GC (Allocation Failure) 2020-09-29T18:11:41.910+0200: 85.983: [ParNew: 583549K->48683K(613440K), 0.0170711 secs] 602915K->68049K(2029056K), 0.0171338 secs] [Times: user=0.20 sys=0.02, real=0.02 secs] 
2020-09-29T18:11:41.983+0200: 86.055: [GC (Allocation Failure) 2020-09-29T18:11:41.983+0200: 86.055: [ParNew: 594027K->35233K(613440K), 0.0157177 secs] 613393K->54599K(2029056K), 0.0157758 secs] [Times: user=0.13 sys=0.00, real=0.01 secs] 
2020-09-29T18:11:42.045+0200: 86.118: [GC (Allocation Failure) 2020-09-29T18:11:42.045+0200: 86.118: [ParNew: 580577K->32996K(613440K), 0.0159267 secs] 599943K->52363K(2029056K), 0.0159812 secs] [Times: user=0.13 sys=0.00, real=0.02 secs] 
2020-09-29T18:11:42.114+0200: 86.187: [GC (Allocation Failure) 2020-09-29T18:11:42.114+0200: 86.187: [ParNew: 578340K->53166K(613440K), 0.0197975 secs] 597707K->72532K(2029056K), 0.0198677 secs] [Times: user=0.13 sys=0.00, real=0.02 secs] 
2020-09-29T18:11:42.182+0200: 86.254: [GC (Allocation Failure) 2020-09-29T18:11:42.182+0200: 86.254: [ParNew: 598510K->38463K(613440K), 0.0136287 secs] 617876K->57829K(2029056K), 0.0137317 secs] [Times: user=0.13 sys=0.00, real=0.01 secs] 
2020-09-29T18:11:42.242+0200: 86.315: [GC (Allocation Failure) 2020-09-29T18:11:42.242+0200: 86.315: [ParNew: 583807K->36699K(613440K), 0.0190525 secs] 603173K->56066K(2029056K), 0.0191231 secs] [Times: user=0.13 sys=0.00, real=0.02 secs] 
2020-09-29T18:11:42.309+0200: 86.381: [GC (Allocation Failure) 2020-09-29T18:11:42.309+0200: 86.381: [ParNew: 582043K->52438K(613440K), 0.0179996 secs] 601410K->71804K(2029056K), 0.0181003 secs] [Times: user=0.13 sys=0.00, real=0.02 secs] 
2020-09-29T18:11:42.373+0200: 86.445: [GC (Allocation Failure) 2020-09-29T18:11:42.373+0200: 86.445: [ParNew: 597782K->39473K(613440K), 0.0173808 secs] 617148K->58839K(2029056K), 0.0174532 secs] [Times: user=0.13 sys=0.00, real=0.02 secs] 
2020-09-29T18:11:42.437+0200: 86.510: [GC (Allocation Failure) 2020-09-29T18:11:42.437+0200: 86.510: [ParNew: 584817K->31170K(613440K), 0.0169139 secs] 604183K->50536K(2029056K), 0.0170030 secs] [Times: user=0.13 sys=0.00, real=0.02 secs] 
2020-09-29T18:11:42.503+0200: 86.575: [GC (Allocation Failure) 2020-09-29T18:11:42.503+0200: 86.575: [ParNew: 576514K->52730K(613440K), 0.0205489 secs] 595880K->72097K(2029056K), 0.0206241 secs] [Times: user=0.25 sys=0.00, real=0.02 secs] 
2020-09-29T18:11:42.569+0200: 86.642: [GC (Allocation Failure) 2020-09-29T18:11:42.569+0200: 86.642: [ParNew: 598074K->68021K(613440K), 0.0245043 secs] 617441K->87387K(2029056K), 0.0245951 secs] [Times: user=0.13 sys=0.00, real=0.03 secs] 
2020-09-29T18:11:42.642+0200: 86.714: [GC (Allocation Failure) 2020-09-29T18:11:42.642+0200: 86.714: [ParNew: 613365K->44273K(613440K), 0.0121952 secs] 632731K->63640K(2029056K), 0.0122801 secs] [Times: user=0.11 sys=0.00, real=0.01 secs] 
2020-09-29T18:11:42.706+0200: 86.779: [GC (Allocation Failure) 2020-09-29T18:11:42.706+0200: 86.779: [ParNew: 589617K->40481K(613440K), 0.0184480 secs] 608984K->59847K(2029056K), 0.0185174 secs] [Times: user=0.23 sys=0.00, real=0.02 secs] 
2020-09-29T18:11:42.775+0200: 86.847: [GC (Allocation Failure) 2020-09-29T18:11:42.775+0200: 86.847: [ParNew: 585825K->57059K(613440K), 0.0240964 secs] 605191K->76426K(2029056K), 0.0241754 secs] [Times: user=0.11 sys=0.00, real=0.02 secs] 
2020-09-29T18:11:42.847+0200: 86.920: [GC (Allocation Failure) 2020-09-29T18:11:42.847+0200: 86.920: [ParNew: 602403K->45370K(613440K), 0.0176253 secs] 621770K->64736K(2029056K), 0.0177052 secs] [Times: user=0.25 sys=0.00, real=0.02 secs] 
2020-09-29T18:11:42.915+0200: 86.988: [GC (Allocation Failure) 2020-09-29T18:11:42.915+0200: 86.988: [ParNew: 590714K->43249K(613440K), 0.0156160 secs] 610080K->62615K(2029056K), 0.0156903 secs] [Times: user=0.13 sys=0.00, real=0.02 secs] 
2020-09-29T18:11:42.976+0200: 87.049: [GC (Allocation Failure) 2020-09-29T18:11:42.976+0200: 87.049: [ParNew: 588593K->33044K(613440K), 0.0148580 secs] 607959K->52410K(2029056K), 0.0149130 secs] [Times: user=0.13 sys=0.00, real=0.01 secs] 
2020-09-29T18:11:43.042+0200: 87.114: [GC (Allocation Failure) 2020-09-29T18:11:43.042+0200: 87.114: [ParNew: 578388K->21010K(613440K), 0.0081798 secs] 597754K->40377K(2029056K), 0.0082415 secs] [Times: user=0.00 sys=0.00, real=0.01 secs] 
2020-09-29T18:11:43.100+0200: 87.173: [GC (Allocation Failure) 2020-09-29T18:11:43.100+0200: 87.173: [ParNew: 566354K->36216K(613440K), 0.0193209 secs] 585721K->55583K(2029056K), 0.0193775 secs] [Times: user=0.13 sys=0.00, real=0.02 secs] 
2020-09-29T18:11:43.164+0200: 87.237: [GC (Allocation Failure) 2020-09-29T18:11:43.165+0200: 87.237: [ParNew: 581560K->26960K(613440K), 0.0126417 secs] 600927K->46327K(2029056K), 0.0127114 secs] [Times: user=0.13 sys=0.00, real=0.01 secs] 
2020-09-29T18:11:43.226+0200: 87.299: [GC (Allocation Failure) 2020-09-29T18:11:43.226+0200: 87.299: [ParNew: 572304K->16798K(613440K), 0.0110198 secs] 591671K->36164K(2029056K), 0.0110756 secs] [Times: user=0.00 sys=0.00, real=0.01 secs] 
2020-09-29T18:11:43.294+0200: 87.367: [GC (Allocation Failure) 2020-09-29T18:11:43.294+0200: 87.367: [ParNew: 562142K->14374K(613440K), 0.0097817 secs] 581508K->33741K(2029056K), 0.0098688 secs] [Times: user=0.13 sys=0.00, real=0.01 secs] 
2020-09-29T18:11:43.350+0200: 87.423: [GC (Allocation Failure) 2020-09-29T18:11:43.350+0200: 87.423: [ParNew: 559718K->13567K(613440K), 0.0093226 secs] 579085K->32934K(2029056K), 0.0093784 secs] [Times: user=0.00 sys=0.00, real=0.01 secs] 
2020-09-29T18:11:43.410+0200: 87.482: [GC (Allocation Failure) 2020-09-29T18:11:43.410+0200: 87.482: [ParNew: 558911K->27797K(613440K), 0.0161124 secs] 578278K->47164K(2029056K), 0.0161644 secs] [Times: user=0.13 sys=0.00, real=0.02 secs] 
2020-09-29T18:11:43.471+0200: 87.544: [GC (Allocation Failure) 2020-09-29T18:11:43.471+0200: 87.544: [ParNew: 573141K->22743K(613440K), 0.0138129 secs] 592508K->42109K(2029056K), 0.0138679 secs] [Times: user=0.13 sys=0.00, real=0.01 secs] 
2020-09-29T18:11:43.531+0200: 87.604: [GC (Allocation Failure) 2020-09-29T18:11:43.531+0200: 87.604: [ParNew: 568087K->22984K(613440K), 0.0129106 secs] 587453K->42351K(2029056K), 0.0129722 secs] [Times: user=0.13 sys=0.00, real=0.01 secs] 
2020-09-29T18:11:43.593+0200: 87.666: [GC (Allocation Failure) 2020-09-29T18:11:43.593+0200: 87.666: [ParNew: 568328K->37432K(613440K), 0.0179989 secs] 587695K->56798K(2029056K), 0.0180689 secs] [Times: user=0.13 sys=0.00, real=0.02 secs] 
2020-09-29T18:11:43.664+0200: 87.737: [GC (Allocation Failure) 2020-09-29T18:11:43.664+0200: 87.737: [ParNew: 582776K->45903K(613440K), 0.0188567 secs] 602142K->65270K(2029056K), 0.0189265 secs] [Times: user=0.13 sys=0.00, real=0.02 secs] 
2020-09-29T18:11:43.734+0200: 87.807: [GC (Allocation Failure) 2020-09-29T18:11:43.734+0200: 87.807: [ParNew: 591247K->19338K(613440K), 0.0118185 secs] 610614K->38704K(2029056K), 0.0118818 secs] [Times: user=0.11 sys=0.00, real=0.01 secs] 
2020-09-29T18:11:43.801+0200: 87.874: [GC (Allocation Failure) 2020-09-29T18:11:43.801+0200: 87.874: [ParNew: 564682K->28349K(613440K), 0.0164842 secs] 584048K->47715K(2029056K), 0.0165701 secs] [Times: user=0.25 sys=0.00, real=0.02 secs] 
2020-09-29T18:11:43.874+0200: 87.946: [GC (Allocation Failure) 2020-09-29T18:11:43.874+0200: 87.946: [ParNew: 573693K->39508K(613440K), 0.0154528 secs] 593059K->58875K(2029056K), 0.0155071 secs] [Times: user=0.13 sys=0.00, real=0.01 secs] 
2020-09-29T18:11:43.934+0200: 88.007: [GC (Allocation Failure) 2020-09-29T18:11:43.934+0200: 88.007: [ParNew: 584852K->28827K(613440K), 0.0139849 secs] 604219K->48193K(2029056K), 0.0140648 secs] [Times: user=0.13 sys=0.00, real=0.01 secs] 
2020-09-29T18:11:43.996+0200: 88.069: [GC (Allocation Failure) 2020-09-29T18:11:43.996+0200: 88.069: [ParNew: 574171K->32333K(613440K), 0.0138242 secs] 593537K->51699K(2029056K), 0.0138829 secs] [Times: user=0.13 sys=0.00, real=0.01 secs] 
2020-09-29T18:11:44.054+0200: 88.127: [GC (Allocation Failure) 2020-09-29T18:11:44.054+0200: 88.127: [ParNew: 577677K->24564K(613440K), 0.0115609 secs] 597043K->43930K(2029056K), 0.0116314 secs] [Times: user=0.00 sys=0.00, real=0.01 secs] 
2020-09-29T18:11:44.111+0200: 88.183: [GC (Allocation Failure) 2020-09-29T18:11:44.111+0200: 88.183: [ParNew: 569908K->16466K(613440K), 0.0095883 secs] 589274K->35832K(2029056K), 0.0096673 secs] [Times: user=0.13 sys=0.00, real=0.01 secs] 
2020-09-29T18:11:44.167+0200: 88.240: [GC (Allocation Failure) 2020-09-29T18:11:44.167+0200: 88.240: [ParNew: 561810K->28268K(613440K), 0.0150295 secs] 581176K->47634K(2029056K), 0.0150843 secs] [Times: user=0.13 sys=0.00, real=0.01 secs] 
2020-09-29T18:11:44.232+0200: 88.305: [GC (Allocation Failure) 2020-09-29T18:11:44.232+0200: 88.305: [ParNew: 573612K->34704K(613440K), 0.0147250 secs] 592978K->54071K(2029056K), 0.0147941 secs] [Times: user=0.13 sys=0.00, real=0.01 secs] 
2020-09-29T18:11:44.293+0200: 88.366: [GC (Allocation Failure) 2020-09-29T18:11:44.293+0200: 88.366: [ParNew: 580048K->27136K(613440K), 0.0125463 secs] 599415K->46502K(2029056K), 0.0126016 secs] [Times: user=0.13 sys=0.00, real=0.01 secs] 
2020-09-29T18:11:44.350+0200: 88.423: [GC (Allocation Failure) 2020-09-29T18:11:44.350+0200: 88.423: [ParNew: 572480K->19480K(613440K), 0.0112734 secs] 591846K->38846K(2029056K), 0.0113452 secs] [Times: user=0.00 sys=0.00, real=0.01 secs] 
2020-09-29T18:11:44.409+0200: 88.482: [GC (Allocation Failure) 2020-09-29T18:11:44.409+0200: 88.482: [ParNew: 564824K->17120K(613440K), 0.0116838 secs] 584190K->36486K(2029056K), 0.0117410 secs] [Times: user=0.13 sys=0.00, real=0.01 secs] 
2020-09-29T18:11:44.472+0200: 88.545: [GC (Allocation Failure) 2020-09-29T18:11:44.472+0200: 88.545: [ParNew: 562464K->15973K(613440K), 0.0096220 secs] 581830K->35339K(2029056K), 0.0096772 secs] [Times: user=0.13 sys=0.00, real=0.01 secs] 
2020-09-29T18:11:44.529+0200: 88.602: [GC (Allocation Failure) 2020-09-29T18:11:44.529+0200: 88.602: [ParNew: 561317K->32455K(613440K), 0.0155516 secs] 580683K->51822K(2029056K), 0.0156074 secs] [Times: user=0.11 sys=0.00, real=0.01 secs] 
2020-09-29T18:11:44.592+0200: 88.665: [GC (Allocation Failure) 2020-09-29T18:11:44.592+0200: 88.665: [ParNew: 577799K->35119K(613440K), 0.0149239 secs] 597166K->54486K(2029056K), 0.0149857 secs] [Times: user=0.13 sys=0.00, real=0.02 secs] 
2020-09-29T18:11:44.653+0200: 88.726: [GC (Allocation Failure) 2020-09-29T18:11:44.653+0200: 88.726: [ParNew: 580463K->27796K(613440K), 0.0124208 secs] 599830K->47162K(2029056K), 0.0124947 secs] [Times: user=0.13 sys=0.00, real=0.01 secs] 
2020-09-29T18:11:44.723+0200: 88.795: [GC (Allocation Failure) 2020-09-29T18:11:44.723+0200: 88.795: [ParNew: 573140K->35014K(613440K), 0.0192957 secs] 592506K->54380K(2029056K), 0.0193621 secs] [Times: user=0.13 sys=0.00, real=0.02 secs] 
2020-09-29T18:11:44.789+0200: 88.861: [GC (Allocation Failure) 2020-09-29T18:11:44.789+0200: 88.861: [ParNew: 580358K->30341K(613440K), 0.0121056 secs] 599724K->49707K(2029056K), 0.0121659 secs] [Times: user=0.00 sys=0.00, real=0.01 secs] 
2020-09-29T18:11:44.851+0200: 88.924: [GC (Allocation Failure) 2020-09-29T18:11:44.851+0200: 88.924: [ParNew: 575685K->38560K(613440K), 0.0171927 secs] 595051K->57926K(2029056K), 0.0172484 secs] [Times: user=0.13 sys=0.00, real=0.02 secs] 
2020-09-29T18:11:44.914+0200: 88.986: [GC (Allocation Failure) 2020-09-29T18:11:44.914+0200: 88.987: [ParNew: 583904K->26824K(613440K), 0.0094782 secs] 603270K->46190K(2029056K), 0.0095365 secs] [Times: user=0.00 sys=0.00, real=0.01 secs] 
2020-09-29T18:11:44.975+0200: 89.047: [GC (Allocation Failure) 2020-09-29T18:11:44.975+0200: 89.047: [ParNew: 572168K->32697K(613440K), 0.0162695 secs] 591534K->52063K(2029056K), 0.0163276 secs] [Times: user=0.13 sys=0.00, real=0.02 secs] 
2020-09-29T18:11:45.042+0200: 89.114: [GC (Allocation Failure) 2020-09-29T18:11:45.042+0200: 89.114: [ParNew: 578041K->38993K(613440K), 0.0165276 secs] 597407K->58359K(2029056K), 0.0165998 secs] [Times: user=0.11 sys=0.00, real=0.02 secs] 
2020-09-29T18:11:45.105+0200: 89.177: [GC (Allocation Failure) 2020-09-29T18:11:45.105+0200: 89.177: [ParNew: 584337K->28297K(613440K), 0.0151467 secs] 603703K->47663K(2029056K), 0.0152228 secs] [Times: user=0.13 sys=0.00, real=0.01 secs] 
2020-09-29T18:11:45.165+0200: 89.237: [GC (Allocation Failure) 2020-09-29T18:11:45.165+0200: 89.237: [ParNew: 573641K->39614K(613440K), 0.0193608 secs] 593007K->58980K(2029056K), 0.0194502 secs] [Times: user=0.13 sys=0.00, real=0.02 secs] 
2020-09-29T18:11:45.229+0200: 89.302: [GC (Allocation Failure) 2020-09-29T18:11:45.229+0200: 89.302: [ParNew: 584958K->31505K(613440K), 0.0130537 secs] 604324K->50871K(2029056K), 0.0131316 secs] [Times: user=0.13 sys=0.00, real=0.01 secs] 
2020-09-29T18:11:45.287+0200: 89.359: [GC (Allocation Failure) 2020-09-29T18:11:45.287+0200: 89.359: [ParNew: 576849K->27238K(613440K), 0.0112411 secs] 596215K->46604K(2029056K), 0.0113091 secs] [Times: user=0.00 sys=0.00, real=0.01 secs] 
2020-09-29T18:11:45.345+0200: 89.417: [GC (Allocation Failure) 2020-09-29T18:11:45.345+0200: 89.417: [ParNew: 572582K->34869K(613440K), 0.0179717 secs] 591948K->54235K(2029056K), 0.0180401 secs] [Times: user=0.13 sys=0.00, real=0.02 secs] 
2020-09-29T18:11:45.409+0200: 89.481: [GC (Allocation Failure) 2020-09-29T18:11:45.409+0200: 89.481: [ParNew: 580213K->26089K(613440K), 0.0096576 secs] 599579K->45456K(2029056K), 0.0097123 secs] [Times: user=0.13 sys=0.00, real=0.01 secs] 
2020-09-29T18:11:45.465+0200: 89.537: [GC (Allocation Failure) 2020-09-29T18:11:45.465+0200: 89.537: [ParNew: 571433K->12813K(613440K), 0.0083857 secs] 590800K->32179K(2029056K), 0.0084548 secs] [Times: user=0.00 sys=0.00, real=0.01 secs] 
2020-09-29T18:11:45.519+0200: 89.592: [GC (Allocation Failure) 2020-09-29T18:11:45.519+0200: 89.592: [ParNew: 558157K->8545K(613440K), 0.0075509 secs] 577523K->27911K(2029056K), 0.0076059 secs] [Times: user=0.09 sys=0.02, real=0.01 secs] 
2020-09-29T18:11:45.578+0200: 89.651: [GC (Allocation Failure) 2020-09-29T18:11:45.578+0200: 89.651: [ParNew: 553889K->21893K(613440K), 0.0132729 secs] 573255K->41259K(2029056K), 0.0133324 secs] [Times: user=0.11 sys=0.00, real=0.01 secs] 
2020-09-29T18:11:45.667+0200: 89.740: [GC (Allocation Failure) 2020-09-29T18:11:45.667+0200: 89.740: [ParNew: 567237K->14365K(613440K), 0.0054835 secs] 586603K->33732K(2029056K), 0.0055379 secs] [Times: user=0.00 sys=0.00, real=0.01 secs] 
2020-09-29T18:11:45.760+0200: 89.833: [GC (Allocation Failure) 2020-09-29T18:11:45.760+0200: 89.833: [ParNew: 559338K->415K(613440K), 0.0015766 secs] 578704K->19782K(2029056K), 0.0016273 secs] [Times: user=0.00 sys=0.00, real=0.00 secs] 
2020-09-29T18:11:45.846+0200: 89.919: [GC (Allocation Failure) 2020-09-29T18:11:45.846+0200: 89.919: [ParNew: 545759K->12558K(613440K), 0.0110283 secs] 565126K->31925K(2029056K), 0.0110823 secs] [Times: user=0.13 sys=0.00, real=0.01 secs] 
2020-09-29T18:11:45.942+0200: 90.015: [GC (Allocation Failure) 2020-09-29T18:11:45.942+0200: 90.015: [ParNew: 557902K->17646K(613440K), 0.0096491 secs] 577269K->37012K(2029056K), 0.0097053 secs] [Times: user=0.00 sys=0.00, real=0.01 secs] 
2020-09-29T18:11:46.033+0200: 90.106: [GC (Allocation Failure) 2020-09-29T18:11:46.033+0200: 90.106: [ParNew: 562990K->12364K(613440K), 0.0090841 secs] 582356K->31730K(2029056K), 0.0091401 secs] [Times: user=0.13 sys=0.00, real=0.01 secs] 
2020-09-29T18:11:46.127+0200: 90.199: [GC (Allocation Failure) 2020-09-29T18:11:46.127+0200: 90.199: [ParNew: 557708K->8592K(613440K), 0.0078752 secs] 577074K->27958K(2029056K), 0.0079885 secs] [Times: user=0.13 sys=0.00, real=0.01 secs] 
Heap
 par new generation   total 613440K, used 83639K [0x0000000080000000, 0x00000000a9990000, 0x00000000a9990000)
  eden space 545344K,  13% used [0x0000000080000000, 0x0000000084949b60, 0x00000000a1490000)
  from space 68096K,  12% used [0x00000000a5710000, 0x00000000a5f74110, 0x00000000a9990000)
  to   space 68096K,   0% used [0x00000000a1490000, 0x00000000a1490000, 0x00000000a5710000)
 concurrent mark-sweep generation total 1415616K, used 19366K [0x00000000a9990000, 0x0000000100000000, 0x0000000100000000)
 Metaspace       used 2594K, capacity 4486K, committed 4864K, reserved 1056768K
  class space    used 285K, capacity 386K, committed 512K, reserved 1048576K
