Java HotSpot(TM) 64-Bit Server VM (25.261-b12) for windows-amd64 JRE (1.8.0_261-b12), built on Jun 18 2020 06:56:32 by "" with unknown MS VC++:1916
Memory: 4k page, physical 16659684k(9532192k free), swap 23213284k(9185336k free)
CommandLine flags: -XX:InitialHeapSize=2147483648 -XX:MaxHeapSize=2147483648 -XX:MaxNewSize=697933824 -XX:MaxTenuringThreshold=6 -XX:NewSize=697933824 -XX:OldPLABSize=16 -XX:OldSize=1395867648 -XX:+PrintGC -XX:+PrintGCDateStamps -XX:+PrintGCDetails -XX:+PrintGCTimeStamps -XX:+UseCompressedClassPointers -XX:+UseCompressedOops -XX:+UseConcMarkSweepGC -XX:-UseLargePagesIndividualAllocation -XX:+UseParNewGC 
2020-09-29T18:08:45.959+0200: 0.266: [GC (Allocation Failure) 2020-09-29T18:08:45.959+0200: 0.267: [ParNew: 545344K->36686K(613440K), 0.0313453 secs] 545344K->36686K(2029056K), 0.0315017 secs] [Times: user=0.23 sys=0.02, real=0.03 secs] 
2020-09-29T18:08:46.053+0200: 0.361: [GC (Allocation Failure) 2020-09-29T18:08:46.053+0200: 0.361: [ParNew: 582030K->30069K(613440K), 0.0348581 secs] 582030K->30461K(2029056K), 0.0349663 secs] [Times: user=0.25 sys=0.00, real=0.04 secs] 
2020-09-29T18:08:46.141+0200: 0.449: [GC (Allocation Failure) 2020-09-29T18:08:46.141+0200: 0.449: [ParNew: 575413K->48750K(613440K), 0.0233630 secs] 575805K->49142K(2029056K), 0.0234405 secs] [Times: user=0.23 sys=0.02, real=0.02 secs] 
2020-09-29T18:08:46.215+0200: 0.523: [GC (Allocation Failure) 2020-09-29T18:08:46.215+0200: 0.523: [ParNew: 594094K->26371K(613440K), 0.0100997 secs] 594486K->26764K(2029056K), 0.0101697 secs] [Times: user=0.11 sys=0.00, real=0.01 secs] 
2020-09-29T18:08:46.281+0200: 0.589: [GC (Allocation Failure) 2020-09-29T18:08:46.281+0200: 0.589: [ParNew: 571715K->38715K(613440K), 0.0185457 secs] 572108K->39107K(2029056K), 0.0186013 secs] [Times: user=0.13 sys=0.00, real=0.02 secs] 
2020-09-29T18:08:46.349+0200: 0.657: [GC (Allocation Failure) 2020-09-29T18:08:46.349+0200: 0.657: [ParNew: 584059K->30486K(613440K), 0.0121815 secs] 584451K->30879K(2029056K), 0.0122361 secs] [Times: user=0.00 sys=0.00, real=0.01 secs] 
2020-09-29T18:08:46.412+0200: 0.720: [GC (Allocation Failure) 2020-09-29T18:08:46.412+0200: 0.720: [ParNew: 575830K->52561K(613440K), 0.0222299 secs] 576223K->52954K(2029056K), 0.0223108 secs] [Times: user=0.13 sys=0.00, real=0.02 secs] 
2020-09-29T18:08:46.482+0200: 0.790: [GC (Allocation Failure) 2020-09-29T18:08:46.482+0200: 0.790: [ParNew: 597905K->42240K(613440K), 0.0179926 secs] 598298K->42633K(2029056K), 0.0180584 secs] [Times: user=0.13 sys=0.00, real=0.02 secs] 
2020-09-29T18:08:46.554+0200: 0.862: [GC (Allocation Failure) 2020-09-29T18:08:46.554+0200: 0.862: [ParNew: 587584K->35951K(613440K), 0.0160592 secs] 587977K->36344K(2029056K), 0.0161297 secs] [Times: user=0.13 sys=0.00, real=0.02 secs] 
2020-09-29T18:08:46.620+0200: 0.928: [GC (Allocation Failure) 2020-09-29T18:08:46.620+0200: 0.928: [ParNew: 581295K->55834K(613440K), 0.0209847 secs] 581688K->56226K(2029056K), 0.0210370 secs] [Times: user=0.13 sys=0.00, real=0.02 secs] 
2020-09-29T18:08:46.690+0200: 0.998: [GC (Allocation Failure) 2020-09-29T18:08:46.690+0200: 0.998: [ParNew: 601178K->38540K(613440K), 0.0133167 secs] 601570K->38932K(2029056K), 0.0133761 secs] [Times: user=0.13 sys=0.00, real=0.01 secs] 
2020-09-29T18:08:46.755+0200: 1.062: [GC (Allocation Failure) 2020-09-29T18:08:46.755+0200: 1.062: [ParNew: 583884K->36297K(613440K), 0.0124395 secs] 584276K->36689K(2029056K), 0.0125169 secs] [Times: user=0.00 sys=0.00, real=0.01 secs] 
2020-09-29T18:08:46.816+0200: 1.124: [GC (Allocation Failure) 2020-09-29T18:08:46.816+0200: 1.124: [ParNew: 581641K->46270K(613440K), 0.0172226 secs] 582033K->46662K(2029056K), 0.0172860 secs] [Times: user=0.25 sys=0.00, real=0.02 secs] 
2020-09-29T18:08:46.889+0200: 1.196: [GC (Allocation Failure) 2020-09-29T18:08:46.889+0200: 1.196: [ParNew: 591614K->48615K(613440K), 0.0179097 secs] 592006K->49008K(2029056K), 0.0179729 secs] [Times: user=0.13 sys=0.00, real=0.02 secs] 
2020-09-29T18:08:46.954+0200: 1.261: [GC (Allocation Failure) 2020-09-29T18:08:46.954+0200: 1.261: [ParNew: 593959K->68096K(613440K), 0.0292876 secs] 594352K->68545K(2029056K), 0.0294098 secs] [Times: user=0.23 sys=0.00, real=0.03 secs] 
2020-09-29T18:08:47.030+0200: 1.337: [GC (Allocation Failure) 2020-09-29T18:08:47.030+0200: 1.337: [ParNew: 613440K->49471K(613440K), 0.0153140 secs] 613889K->49920K(2029056K), 0.0153993 secs] [Times: user=0.13 sys=0.00, real=0.02 secs] 
2020-09-29T18:08:47.091+0200: 1.399: [GC (Allocation Failure) 2020-09-29T18:08:47.091+0200: 1.399: [ParNew: 594815K->29077K(613440K), 0.0136571 secs] 595264K->29526K(2029056K), 0.0137226 secs] [Times: user=0.13 sys=0.00, real=0.01 secs] 
2020-09-29T18:08:47.154+0200: 1.462: [GC (Allocation Failure) 2020-09-29T18:08:47.154+0200: 1.462: [ParNew: 574421K->50937K(613440K), 0.0180004 secs] 574870K->51386K(2029056K), 0.0180841 secs] [Times: user=0.13 sys=0.00, real=0.02 secs] 
2020-09-29T18:08:47.227+0200: 1.535: [GC (Allocation Failure) 2020-09-29T18:08:47.227+0200: 1.535: [ParNew: 596281K->62149K(613440K), 0.0260510 secs] 596730K->62598K(2029056K), 0.0261408 secs] [Times: user=0.13 sys=0.00, real=0.03 secs] 
2020-09-29T18:08:47.302+0200: 1.610: [GC (Allocation Failure) 2020-09-29T18:08:47.302+0200: 1.610: [ParNew: 607493K->40544K(613440K), 0.0095123 secs] 607942K->40993K(2029056K), 0.0095681 secs] [Times: user=0.00 sys=0.00, real=0.01 secs] 
2020-09-29T18:08:47.367+0200: 1.675: [GC (Allocation Failure) 2020-09-29T18:08:47.367+0200: 1.675: [ParNew: 585888K->40668K(613440K), 0.0199849 secs] 586337K->41117K(2029056K), 0.0200447 secs] [Times: user=0.11 sys=0.00, real=0.02 secs] 
2020-09-29T18:08:47.434+0200: 1.742: [GC (Allocation Failure) 2020-09-29T18:08:47.434+0200: 1.742: [ParNew: 586012K->42085K(613440K), 0.0170807 secs] 586461K->42534K(2029056K), 0.0171366 secs] [Times: user=0.13 sys=0.00, real=0.02 secs] 
2020-09-29T18:08:47.503+0200: 1.811: [GC (Allocation Failure) 2020-09-29T18:08:47.503+0200: 1.811: [ParNew: 587429K->39674K(613440K), 0.0180455 secs] 587878K->40123K(2029056K), 0.0181438 secs] [Times: user=0.25 sys=0.00, real=0.02 secs] 
2020-09-29T18:08:47.579+0200: 1.887: [GC (Allocation Failure) 2020-09-29T18:08:47.579+0200: 1.887: [ParNew: 585018K->37047K(613440K), 0.0186834 secs] 585467K->37496K(2029056K), 0.0187977 secs] [Times: user=0.11 sys=0.00, real=0.02 secs] 
2020-09-29T18:08:47.652+0200: 1.959: [GC (Allocation Failure) 2020-09-29T18:08:47.652+0200: 1.959: [ParNew: 582391K->33712K(613440K), 0.0163392 secs] 582840K->34161K(2029056K), 0.0164218 secs] [Times: user=0.13 sys=0.00, real=0.02 secs] 
2020-09-29T18:08:47.730+0200: 2.038: [GC (Allocation Failure) 2020-09-29T18:08:47.730+0200: 2.038: [ParNew: 579056K->57065K(613440K), 0.0207318 secs] 579505K->57514K(2029056K), 0.0208009 secs] [Times: user=0.13 sys=0.00, real=0.02 secs] 
2020-09-29T18:08:47.802+0200: 2.109: [GC (Allocation Failure) 2020-09-29T18:08:47.802+0200: 2.109: [ParNew: 602409K->39958K(613440K), 0.0136244 secs] 602858K->40407K(2029056K), 0.0136836 secs] [Times: user=0.00 sys=0.00, real=0.01 secs] 
2020-09-29T18:08:47.865+0200: 2.173: [GC (Allocation Failure) 2020-09-29T18:08:47.865+0200: 2.173: [ParNew: 585302K->21593K(613440K), 0.0117920 secs] 585751K->22042K(2029056K), 0.0118477 secs] [Times: user=0.00 sys=0.00, real=0.01 secs] 
2020-09-29T18:08:47.936+0200: 2.243: [GC (Allocation Failure) 2020-09-29T18:08:47.936+0200: 2.243: [ParNew: 566937K->24281K(613440K), 0.0094365 secs] 567386K->24730K(2029056K), 0.0094914 secs] [Times: user=0.13 sys=0.00, real=0.01 secs] 
2020-09-29T18:08:47.997+0200: 2.305: [GC (Allocation Failure) 2020-09-29T18:08:47.997+0200: 2.305: [ParNew: 569625K->45564K(613440K), 0.0208352 secs] 570074K->46013K(2029056K), 0.0209007 secs] [Times: user=0.13 sys=0.00, real=0.02 secs] 
2020-09-29T18:08:48.065+0200: 2.373: [GC (Allocation Failure) 2020-09-29T18:08:48.065+0200: 2.373: [ParNew: 590908K->57260K(613440K), 0.0178869 secs] 591357K->57709K(2029056K), 0.0179466 secs] [Times: user=0.25 sys=0.00, real=0.02 secs] 
2020-09-29T18:08:48.131+0200: 2.439: [GC (Allocation Failure) 2020-09-29T18:08:48.131+0200: 2.439: [ParNew: 602604K->40581K(613440K), 0.0170404 secs] 603053K->41030K(2029056K), 0.0171430 secs] [Times: user=0.13 sys=0.00, real=0.02 secs] 
2020-09-29T18:08:48.198+0200: 2.506: [GC (Allocation Failure) 2020-09-29T18:08:48.198+0200: 2.506: [ParNew: 585925K->38475K(613440K), 0.0210515 secs] 586374K->38924K(2029056K), 0.0211253 secs] [Times: user=0.11 sys=0.00, real=0.02 secs] 
2020-09-29T18:08:48.270+0200: 2.577: [GC (Allocation Failure) 2020-09-29T18:08:48.270+0200: 2.577: [ParNew: 583819K->37738K(613440K), 0.0157461 secs] 584268K->38187K(2029056K), 0.0158081 secs] [Times: user=0.00 sys=0.00, real=0.02 secs] 
2020-09-29T18:08:48.332+0200: 2.640: [GC (Allocation Failure) 2020-09-29T18:08:48.332+0200: 2.640: [ParNew: 583082K->33843K(613440K), 0.0132138 secs] 583531K->34292K(2029056K), 0.0132748 secs] [Times: user=0.13 sys=0.00, real=0.01 secs] 
2020-09-29T18:08:48.395+0200: 2.703: [GC (Allocation Failure) 2020-09-29T18:08:48.395+0200: 2.703: [ParNew: 579187K->30426K(613440K), 0.0122582 secs] 579636K->30875K(2029056K), 0.0123222 secs] [Times: user=0.00 sys=0.00, real=0.01 secs] 
2020-09-29T18:08:48.460+0200: 2.768: [GC (Allocation Failure) 2020-09-29T18:08:48.460+0200: 2.768: [ParNew: 575770K->48273K(613440K), 0.0188135 secs] 576219K->48722K(2029056K), 0.0188797 secs] [Times: user=0.13 sys=0.00, real=0.02 secs] 
2020-09-29T18:08:48.528+0200: 2.835: [GC (Allocation Failure) 2020-09-29T18:08:48.528+0200: 2.836: [ParNew: 593617K->35539K(613440K), 0.0161448 secs] 594066K->35988K(2029056K), 0.0162005 secs] [Times: user=0.11 sys=0.00, real=0.02 secs] 
2020-09-29T18:08:48.596+0200: 2.904: [GC (Allocation Failure) 2020-09-29T18:08:48.596+0200: 2.904: [ParNew: 580883K->61871K(613440K), 0.0213673 secs] 581332K->62320K(2029056K), 0.0214332 secs] [Times: user=0.22 sys=0.03, real=0.02 secs] 
2020-09-29T18:08:48.667+0200: 2.975: [GC (Allocation Failure) 2020-09-29T18:08:48.667+0200: 2.975: [ParNew: 607215K->37464K(613440K), 0.0094182 secs] 607664K->37913K(2029056K), 0.0094741 secs] [Times: user=0.11 sys=0.00, real=0.01 secs] 
2020-09-29T18:08:48.726+0200: 3.034: [GC (Allocation Failure) 2020-09-29T18:08:48.726+0200: 3.034: [ParNew: 582808K->32956K(613440K), 0.0123309 secs] 583257K->33405K(2029056K), 0.0124234 secs] [Times: user=0.13 sys=0.00, real=0.01 secs] 
2020-09-29T18:08:48.788+0200: 3.096: [GC (Allocation Failure) 2020-09-29T18:08:48.788+0200: 3.096: [ParNew: 578300K->48123K(613440K), 0.0217031 secs] 578749K->48572K(2029056K), 0.0217621 secs] [Times: user=0.13 sys=0.00, real=0.02 secs] 
2020-09-29T18:08:48.857+0200: 3.165: [GC (Allocation Failure) 2020-09-29T18:08:48.857+0200: 3.165: [ParNew: 593467K->42135K(613440K), 0.0148226 secs] 593916K->42584K(2029056K), 0.0148786 secs] [Times: user=0.13 sys=0.00, real=0.01 secs] 
2020-09-29T18:08:48.925+0200: 3.233: [GC (Allocation Failure) 2020-09-29T18:08:48.925+0200: 3.233: [ParNew: 587479K->34970K(613440K), 0.0140839 secs] 587928K->35419K(2029056K), 0.0141514 secs] [Times: user=0.13 sys=0.00, real=0.01 secs] 
2020-09-29T18:08:48.990+0200: 3.298: [GC (Allocation Failure) 2020-09-29T18:08:48.990+0200: 3.298: [ParNew: 580314K->53997K(613440K), 0.0186284 secs] 580763K->54446K(2029056K), 0.0186956 secs] [Times: user=0.13 sys=0.00, real=0.02 secs] 
2020-09-29T18:08:49.063+0200: 3.370: [GC (Allocation Failure) 2020-09-29T18:08:49.063+0200: 3.370: [ParNew: 599341K->68096K(613440K), 0.0240260 secs] 599790K->68545K(2029056K), 0.0240929 secs] [Times: user=0.23 sys=0.02, real=0.02 secs] 
2020-09-29T18:08:49.134+0200: 3.441: [GC (Allocation Failure) 2020-09-29T18:08:49.134+0200: 3.442: [ParNew: 613440K->55443K(613440K), 0.0189562 secs] 613889K->55892K(2029056K), 0.0190122 secs] [Times: user=0.13 sys=0.00, real=0.02 secs] 
2020-09-29T18:08:49.200+0200: 3.508: [GC (Allocation Failure) 2020-09-29T18:08:49.200+0200: 3.508: [ParNew: 600787K->47283K(613440K), 0.0181104 secs] 601236K->47732K(2029056K), 0.0181761 secs] [Times: user=0.13 sys=0.00, real=0.02 secs] 
2020-09-29T18:08:49.276+0200: 3.584: [GC (Allocation Failure) 2020-09-29T18:08:49.276+0200: 3.584: [ParNew: 592627K->66744K(613440K), 0.0225917 secs] 593076K->67193K(2029056K), 0.0226570 secs] [Times: user=0.13 sys=0.00, real=0.02 secs] 
2020-09-29T18:08:49.347+0200: 3.655: [GC (Allocation Failure) 2020-09-29T18:08:49.347+0200: 3.655: [ParNew: 612088K->47645K(613440K), 0.0171317 secs] 612537K->48094K(2029056K), 0.0172193 secs] [Times: user=0.25 sys=0.00, real=0.02 secs] 
2020-09-29T18:08:49.412+0200: 3.720: [GC (Allocation Failure) 2020-09-29T18:08:49.412+0200: 3.720: [ParNew: 592989K->30857K(613440K), 0.0098392 secs] 593438K->31306K(2029056K), 0.0099143 secs] [Times: user=0.00 sys=0.00, real=0.01 secs] 
2020-09-29T18:08:49.470+0200: 3.778: [GC (Allocation Failure) 2020-09-29T18:08:49.470+0200: 3.778: [ParNew: 576201K->45360K(613440K), 0.0200480 secs] 576650K->45809K(2029056K), 0.0201050 secs] [Times: user=0.25 sys=0.00, real=0.02 secs] 
2020-09-29T18:08:49.538+0200: 3.846: [GC (Allocation Failure) 2020-09-29T18:08:49.538+0200: 3.846: [ParNew: 590704K->57338K(613440K), 0.0182455 secs] 591153K->57787K(2029056K), 0.0183026 secs] [Times: user=0.13 sys=0.00, real=0.02 secs] 
2020-09-29T18:08:49.607+0200: 3.915: [GC (Allocation Failure) 2020-09-29T18:08:49.607+0200: 3.915: [ParNew: 602682K->42644K(613440K), 0.0185291 secs] 603131K->43093K(2029056K), 0.0185879 secs] [Times: user=0.13 sys=0.00, real=0.02 secs] 
2020-09-29T18:08:49.674+0200: 3.982: [GC (Allocation Failure) 2020-09-29T18:08:49.674+0200: 3.982: [ParNew: 587988K->42921K(613440K), 0.0174061 secs] 588437K->43370K(2029056K), 0.0174619 secs] [Times: user=0.13 sys=0.00, real=0.02 secs] 
2020-09-29T18:08:49.740+0200: 4.048: [GC (Allocation Failure) 2020-09-29T18:08:49.740+0200: 4.048: [ParNew: 588265K->39135K(613440K), 0.0176754 secs] 588714K->39584K(2029056K), 0.0177333 secs] [Times: user=0.13 sys=0.00, real=0.02 secs] 
2020-09-29T18:08:49.807+0200: 4.115: [GC (Allocation Failure) 2020-09-29T18:08:49.807+0200: 4.115: [ParNew: 584479K->61744K(613440K), 0.0213002 secs] 584928K->62193K(2029056K), 0.0213560 secs] [Times: user=0.13 sys=0.00, real=0.02 secs] 
2020-09-29T18:08:49.878+0200: 4.186: [GC (Allocation Failure) 2020-09-29T18:08:49.878+0200: 4.186: [ParNew: 607088K->42493K(613440K), 0.0154871 secs] 607537K->42942K(2029056K), 0.0155457 secs] [Times: user=0.13 sys=0.00, real=0.02 secs] 
2020-09-29T18:08:49.941+0200: 4.249: [GC (Allocation Failure) 2020-09-29T18:08:49.941+0200: 4.249: [ParNew: 587837K->34715K(613440K), 0.0151396 secs] 588286K->35164K(2029056K), 0.0151983 secs] [Times: user=0.13 sys=0.00, real=0.02 secs] 
2020-09-29T18:08:50.003+0200: 4.311: [GC (Allocation Failure) 2020-09-29T18:08:50.003+0200: 4.311: [ParNew: 580059K->49730K(613440K), 0.0186592 secs] 580508K->50179K(2029056K), 0.0187388 secs] [Times: user=0.25 sys=0.00, real=0.02 secs] 
2020-09-29T18:08:50.072+0200: 4.380: [GC (Allocation Failure) 2020-09-29T18:08:50.072+0200: 4.380: [ParNew: 595074K->47128K(613440K), 0.0192871 secs] 595523K->47577K(2029056K), 0.0193870 secs] [Times: user=0.13 sys=0.00, real=0.02 secs] 
2020-09-29T18:08:50.140+0200: 4.448: [GC (Allocation Failure) 2020-09-29T18:08:50.140+0200: 4.448: [ParNew: 592472K->67616K(613440K), 0.0226442 secs] 592921K->68065K(2029056K), 0.0227051 secs] [Times: user=0.25 sys=0.00, real=0.02 secs] 
2020-09-29T18:08:50.211+0200: 4.519: [GC (Allocation Failure) 2020-09-29T18:08:50.211+0200: 4.519: [ParNew: 612960K->52701K(613440K), 0.0205984 secs] 613409K->53150K(2029056K), 0.0206660 secs] [Times: user=0.11 sys=0.00, real=0.02 secs] 
2020-09-29T18:08:50.281+0200: 4.589: [GC (Allocation Failure) 2020-09-29T18:08:50.281+0200: 4.589: [ParNew: 598045K->45041K(613440K), 0.0166572 secs] 598494K->45490K(2029056K), 0.0167151 secs] [Times: user=0.13 sys=0.00, real=0.02 secs] 
2020-09-29T18:08:50.344+0200: 4.652: [GC (Allocation Failure) 2020-09-29T18:08:50.344+0200: 4.652: [ParNew: 590385K->32567K(613440K), 0.0146767 secs] 590834K->33016K(2029056K), 0.0147353 secs] [Times: user=0.13 sys=0.00, real=0.01 secs] 
2020-09-29T18:08:50.409+0200: 4.717: [GC (Allocation Failure) 2020-09-29T18:08:50.409+0200: 4.717: [ParNew: 577911K->31276K(613440K), 0.0127700 secs] 578360K->31725K(2029056K), 0.0128296 secs] [Times: user=0.13 sys=0.00, real=0.01 secs] 
2020-09-29T18:08:50.471+0200: 4.779: [GC (Allocation Failure) 2020-09-29T18:08:50.471+0200: 4.779: [ParNew: 576620K->49296K(613440K), 0.0173872 secs] 577069K->49745K(2029056K), 0.0174482 secs] [Times: user=0.25 sys=0.00, real=0.02 secs] 
2020-09-29T18:08:50.540+0200: 4.848: [GC (Allocation Failure) 2020-09-29T18:08:50.540+0200: 4.848: [ParNew: 594640K->41530K(613440K), 0.0168555 secs] 595089K->41979K(2029056K), 0.0169162 secs] [Times: user=0.13 sys=0.00, real=0.02 secs] 
2020-09-29T18:08:50.610+0200: 4.918: [GC (Allocation Failure) 2020-09-29T18:08:50.610+0200: 4.918: [ParNew: 586874K->38921K(613440K), 0.0147997 secs] 587323K->39370K(2029056K), 0.0148961 secs] [Times: user=0.13 sys=0.00, real=0.02 secs] 
2020-09-29T18:08:50.673+0200: 4.981: [GC (Allocation Failure) 2020-09-29T18:08:50.673+0200: 4.981: [ParNew: 584265K->57201K(613440K), 0.0198669 secs] 584714K->57650K(2029056K), 0.0199406 secs] [Times: user=0.23 sys=0.00, real=0.02 secs] 
2020-09-29T18:08:50.742+0200: 5.051: [GC (Allocation Failure) 2020-09-29T18:08:50.743+0200: 5.051: [ParNew: 602545K->68096K(613440K), 0.0247991 secs] 602994K->69464K(2029056K), 0.0248802 secs] [Times: user=0.13 sys=0.00, real=0.02 secs] 
2020-09-29T18:08:50.816+0200: 5.124: [GC (Allocation Failure) 2020-09-29T18:08:50.816+0200: 5.124: [ParNew: 613440K->52187K(613440K), 0.0183882 secs] 614808K->53555K(2029056K), 0.0184509 secs] [Times: user=0.25 sys=0.00, real=0.02 secs] 
2020-09-29T18:08:50.883+0200: 5.191: [GC (Allocation Failure) 2020-09-29T18:08:50.883+0200: 5.191: [ParNew: 597531K->45590K(613440K), 0.0174620 secs] 598899K->46958K(2029056K), 0.0175188 secs] [Times: user=0.11 sys=0.00, real=0.02 secs] 
2020-09-29T18:08:50.947+0200: 5.255: [GC (Allocation Failure) 2020-09-29T18:08:50.947+0200: 5.255: [ParNew: 590934K->40474K(613440K), 0.0169185 secs] 592302K->41842K(2029056K), 0.0169922 secs] [Times: user=0.13 sys=0.00, real=0.02 secs] 
2020-09-29T18:08:51.018+0200: 5.326: [GC (Allocation Failure) 2020-09-29T18:08:51.018+0200: 5.326: [ParNew: 585818K->36499K(613440K), 0.0169638 secs] 587186K->37867K(2029056K), 0.0170187 secs] [Times: user=0.13 sys=0.00, real=0.02 secs] 
2020-09-29T18:08:51.088+0200: 5.396: [GC (Allocation Failure) 2020-09-29T18:08:51.088+0200: 5.397: [ParNew: 581843K->34295K(613440K), 0.0160135 secs] 583211K->35663K(2029056K), 0.0160713 secs] [Times: user=0.13 sys=0.00, real=0.02 secs] 
2020-09-29T18:08:51.157+0200: 5.465: [GC (Allocation Failure) 2020-09-29T18:08:51.157+0200: 5.465: [ParNew: 579639K->56589K(613440K), 0.0204204 secs] 581007K->57957K(2029056K), 0.0204748 secs] [Times: user=0.25 sys=0.00, real=0.02 secs] 
2020-09-29T18:08:51.228+0200: 5.536: [GC (Allocation Failure) 2020-09-29T18:08:51.228+0200: 5.536: [ParNew: 601933K->68096K(613440K), 0.0264002 secs] 603301K->69551K(2029056K), 0.0264820 secs] [Times: user=0.25 sys=0.00, real=0.03 secs] 
2020-09-29T18:08:51.303+0200: 5.611: [GC (Allocation Failure) 2020-09-29T18:08:51.303+0200: 5.611: [ParNew: 613440K->66963K(613440K), 0.0238836 secs] 614895K->68418K(2029056K), 0.0239796 secs] [Times: user=0.13 sys=0.00, real=0.02 secs] 
2020-09-29T18:08:51.377+0200: 5.685: [GC (Allocation Failure) 2020-09-29T18:08:51.377+0200: 5.685: [ParNew: 612307K->63665K(613440K), 0.0238301 secs] 613762K->65120K(2029056K), 0.0239179 secs] [Times: user=0.24 sys=0.00, real=0.02 secs] 
2020-09-29T18:08:51.454+0200: 5.762: [GC (Allocation Failure) 2020-09-29T18:08:51.454+0200: 5.762: [ParNew: 609009K->51384K(613440K), 0.0141493 secs] 610464K->52840K(2029056K), 0.0142173 secs] [Times: user=0.09 sys=0.00, real=0.01 secs] 
2020-09-29T18:08:51.521+0200: 5.829: [GC (Allocation Failure) 2020-09-29T18:08:51.521+0200: 5.829: [ParNew: 596728K->36164K(613440K), 0.0223617 secs] 598184K->37619K(2029056K), 0.0224216 secs] [Times: user=0.11 sys=0.00, real=0.02 secs] 
2020-09-29T18:08:51.596+0200: 5.904: [GC (Allocation Failure) 2020-09-29T18:08:51.596+0200: 5.904: [ParNew: 581508K->56707K(613440K), 0.0243460 secs] 582963K->58163K(2029056K), 0.0244147 secs] [Times: user=0.22 sys=0.00, real=0.03 secs] 
2020-09-29T18:08:51.672+0200: 5.980: [GC (Allocation Failure) 2020-09-29T18:08:51.672+0200: 5.980: [ParNew: 602051K->49652K(613440K), 0.0151017 secs] 603507K->51108K(2029056K), 0.0152191 secs] [Times: user=0.11 sys=0.00, real=0.02 secs] 
2020-09-29T18:08:51.742+0200: 6.050: [GC (Allocation Failure) 2020-09-29T18:08:51.742+0200: 6.050: [ParNew: 594996K->43572K(613440K), 0.0141527 secs] 596452K->45028K(2029056K), 0.0142103 secs] [Times: user=0.13 sys=0.00, real=0.01 secs] 
2020-09-29T18:08:51.804+0200: 6.112: [GC (Allocation Failure) 2020-09-29T18:08:51.804+0200: 6.112: [ParNew: 588916K->46297K(613440K), 0.0197740 secs] 590372K->47753K(2029056K), 0.0198325 secs] [Times: user=0.13 sys=0.00, real=0.02 secs] 
2020-09-29T18:08:51.874+0200: 6.183: [GC (Allocation Failure) 2020-09-29T18:08:51.874+0200: 6.183: [ParNew: 591641K->36421K(613440K), 0.0154159 secs] 593097K->37876K(2029056K), 0.0154783 secs] [Times: user=0.13 sys=0.00, real=0.02 secs] 
2020-09-29T18:08:51.938+0200: 6.246: [GC (Allocation Failure) 2020-09-29T18:08:51.938+0200: 6.246: [ParNew: 581765K->54454K(613440K), 0.0178247 secs] 583220K->55910K(2029056K), 0.0178802 secs] [Times: user=0.13 sys=0.00, real=0.02 secs] 
2020-09-29T18:08:52.007+0200: 6.315: [GC (Allocation Failure) 2020-09-29T18:08:52.007+0200: 6.315: [ParNew: 599798K->42909K(613440K), 0.0175437 secs] 601254K->44364K(2029056K), 0.0176076 secs] [Times: user=0.13 sys=0.00, real=0.02 secs] 
2020-09-29T18:08:52.075+0200: 6.382: [GC (Allocation Failure) 2020-09-29T18:08:52.075+0200: 6.382: [ParNew: 588253K->35921K(613440K), 0.0170389 secs] 589708K->37377K(2029056K), 0.0171217 secs] [Times: user=0.13 sys=0.00, real=0.02 secs] 
2020-09-29T18:08:52.145+0200: 6.454: [GC (Allocation Failure) 2020-09-29T18:08:52.145+0200: 6.454: [ParNew: 581265K->33481K(613440K), 0.0156791 secs] 582721K->34936K(2029056K), 0.0157547 secs] [Times: user=0.13 sys=0.00, real=0.02 secs] 
2020-09-29T18:08:52.212+0200: 6.520: [GC (Allocation Failure) 2020-09-29T18:08:52.212+0200: 6.520: [ParNew: 578825K->29189K(613440K), 0.0195963 secs] 580280K->30644K(2029056K), 0.0196666 secs] [Times: user=0.11 sys=0.00, real=0.02 secs] 
2020-09-29T18:08:52.287+0200: 6.595: [GC (Allocation Failure) 2020-09-29T18:08:52.287+0200: 6.595: [ParNew: 574533K->52088K(613440K), 0.0205436 secs] 575988K->53543K(2029056K), 0.0206178 secs] [Times: user=0.13 sys=0.00, real=0.02 secs] 
2020-09-29T18:08:52.357+0200: 6.664: [GC (Allocation Failure) 2020-09-29T18:08:52.357+0200: 6.664: [ParNew: 597432K->68096K(613440K), 0.0245027 secs] 598887K->69551K(2029056K), 0.0245936 secs] [Times: user=0.25 sys=0.00, real=0.02 secs] 
2020-09-29T18:08:52.434+0200: 6.742: [GC (Allocation Failure) 2020-09-29T18:08:52.434+0200: 6.742: [ParNew: 613440K->45856K(613440K), 0.0175269 secs] 614895K->47312K(2029056K), 0.0175996 secs] [Times: user=0.13 sys=0.00, real=0.02 secs] 
2020-09-29T18:08:52.504+0200: 6.812: [GC (Allocation Failure) 2020-09-29T18:08:52.504+0200: 6.812: [ParNew: 591200K->40657K(613440K), 0.0164572 secs] 592656K->42112K(2029056K), 0.0165342 secs] [Times: user=0.13 sys=0.00, real=0.02 secs] 
2020-09-29T18:08:52.571+0200: 6.879: [GC (Allocation Failure) 2020-09-29T18:08:52.571+0200: 6.879: [ParNew: 586001K->56646K(613440K), 0.0230661 secs] 587456K->58102K(2029056K), 0.0231388 secs] [Times: user=0.11 sys=0.00, real=0.02 secs] 
2020-09-29T18:08:52.644+0200: 6.952: [GC (Allocation Failure) 2020-09-29T18:08:52.644+0200: 6.952: [ParNew: 601990K->48753K(613440K), 0.0187685 secs] 603446K->50209K(2029056K), 0.0188342 secs] [Times: user=0.25 sys=0.00, real=0.02 secs] 
2020-09-29T18:08:52.711+0200: 7.019: [GC (Allocation Failure) 2020-09-29T18:08:52.711+0200: 7.019: [ParNew: 594097K->45706K(613440K), 0.0182280 secs] 595553K->47161K(2029056K), 0.0182842 secs] [Times: user=0.13 sys=0.00, real=0.02 secs] 
2020-09-29T18:08:52.778+0200: 7.087: [GC (Allocation Failure) 2020-09-29T18:08:52.779+0200: 7.087: [ParNew: 591050K->44494K(613440K), 0.0185036 secs] 592505K->45949K(2029056K), 0.0185715 secs] [Times: user=0.13 sys=0.00, real=0.02 secs] 
2020-09-29T18:08:52.846+0200: 7.154: [GC (Allocation Failure) 2020-09-29T18:08:52.846+0200: 7.155: [ParNew: 589838K->42060K(613440K), 0.0170473 secs] 591293K->43515K(2029056K), 0.0171190 secs] [Times: user=0.13 sys=0.00, real=0.02 secs] 
2020-09-29T18:08:52.915+0200: 7.223: [GC (Allocation Failure) 2020-09-29T18:08:52.915+0200: 7.223: [ParNew: 587404K->43093K(613440K), 0.0151070 secs] 588859K->44548K(2029056K), 0.0151775 secs] [Times: user=0.13 sys=0.00, real=0.02 secs] 
2020-09-29T18:08:52.980+0200: 7.288: [GC (Allocation Failure) 2020-09-29T18:08:52.980+0200: 7.288: [ParNew: 588437K->32280K(613440K), 0.0166839 secs] 589892K->33735K(2029056K), 0.0167633 secs] [Times: user=0.13 sys=0.00, real=0.02 secs] 
2020-09-29T18:08:53.044+0200: 7.352: [GC (Allocation Failure) 2020-09-29T18:08:53.044+0200: 7.352: [ParNew: 577624K->57012K(613440K), 0.0240609 secs] 579079K->58468K(2029056K), 0.0241207 secs] [Times: user=0.25 sys=0.00, real=0.02 secs] 
2020-09-29T18:08:53.117+0200: 7.425: [GC (Allocation Failure) 2020-09-29T18:08:53.117+0200: 7.425: [ParNew: 602356K->53061K(613440K), 0.0188658 secs] 603812K->54517K(2029056K), 0.0189557 secs] [Times: user=0.13 sys=0.00, real=0.02 secs] 
2020-09-29T18:08:53.189+0200: 7.497: [GC (Allocation Failure) 2020-09-29T18:08:53.189+0200: 7.497: [ParNew: 598405K->45028K(613440K), 0.0182446 secs] 599861K->46484K(2029056K), 0.0183102 secs] [Times: user=0.25 sys=0.00, real=0.02 secs] 
2020-09-29T18:08:53.261+0200: 7.569: [GC (Allocation Failure) 2020-09-29T18:08:53.261+0200: 7.569: [ParNew: 590372K->66026K(613440K), 0.0228752 secs] 591828K->67482K(2029056K), 0.0229466 secs] [Times: user=0.13 sys=0.00, real=0.02 secs] 
2020-09-29T18:08:53.332+0200: 7.641: [GC (Allocation Failure) 2020-09-29T18:08:53.333+0200: 7.641: [ParNew: 611370K->47713K(613440K), 0.0165242 secs] 612826K->49168K(2029056K), 0.0165882 secs] [Times: user=0.13 sys=0.00, real=0.02 secs] 
2020-09-29T18:08:53.398+0200: 7.706: [GC (Allocation Failure) 2020-09-29T18:08:53.398+0200: 7.706: [ParNew: 593057K->64750K(613440K), 0.0219186 secs] 594512K->66206K(2029056K), 0.0220078 secs] [Times: user=0.13 sys=0.00, real=0.02 secs] 
2020-09-29T18:08:53.467+0200: 7.775: [GC (Allocation Failure) 2020-09-29T18:08:53.467+0200: 7.775: [ParNew: 610094K->42223K(613440K), 0.0087496 secs] 611550K->43679K(2029056K), 0.0088182 secs] [Times: user=0.13 sys=0.00, real=0.01 secs] 
2020-09-29T18:08:53.533+0200: 7.840: [GC (Allocation Failure) 2020-09-29T18:08:53.533+0200: 7.840: [ParNew: 587567K->41053K(613440K), 0.0191405 secs] 589023K->42508K(2029056K), 0.0191984 secs] [Times: user=0.25 sys=0.00, real=0.02 secs] 
2020-09-29T18:08:53.603+0200: 7.910: [GC (Allocation Failure) 2020-09-29T18:08:53.603+0200: 7.910: [ParNew: 586397K->48729K(613440K), 0.0194879 secs] 587852K->50184K(2029056K), 0.0195458 secs] [Times: user=0.11 sys=0.00, real=0.02 secs] 
2020-09-29T18:08:53.673+0200: 7.980: [GC (Allocation Failure) 2020-09-29T18:08:53.673+0200: 7.980: [ParNew: 594073K->68096K(613440K), 0.0213998 secs] 595528K->69551K(2029056K), 0.0214697 secs] [Times: user=0.25 sys=0.00, real=0.02 secs] 
2020-09-29T18:08:53.743+0200: 8.051: [GC (Allocation Failure) 2020-09-29T18:08:53.743+0200: 8.051: [ParNew: 613440K->49843K(613440K), 0.0157054 secs] 614895K->51299K(2029056K), 0.0157597 secs] [Times: user=0.13 sys=0.00, real=0.02 secs] 
2020-09-29T18:08:53.807+0200: 8.114: [GC (Allocation Failure) 2020-09-29T18:08:53.807+0200: 8.114: [ParNew: 595187K->48274K(613440K), 0.0198373 secs] 596643K->49730K(2029056K), 0.0198982 secs] [Times: user=0.13 sys=0.00, real=0.02 secs] 
2020-09-29T18:08:53.876+0200: 8.184: [GC (Allocation Failure) 2020-09-29T18:08:53.876+0200: 8.184: [ParNew: 593618K->37519K(613440K), 0.0144174 secs] 595074K->38974K(2029056K), 0.0144731 secs] [Times: user=0.13 sys=0.00, real=0.02 secs] 
2020-09-29T18:08:53.941+0200: 8.248: [GC (Allocation Failure) 2020-09-29T18:08:53.941+0200: 8.248: [ParNew: 582863K->54395K(613440K), 0.0227685 secs] 584318K->55851K(2029056K), 0.0228308 secs] [Times: user=0.25 sys=0.00, real=0.02 secs] 
2020-09-29T18:08:54.014+0200: 8.322: [GC (Allocation Failure) 2020-09-29T18:08:54.014+0200: 8.322: [ParNew: 599739K->44184K(613440K), 0.0171353 secs] 601195K->45640K(2029056K), 0.0171975 secs] [Times: user=0.13 sys=0.00, real=0.02 secs] 
2020-09-29T18:08:54.082+0200: 8.389: [GC (Allocation Failure) 2020-09-29T18:08:54.082+0200: 8.389: [ParNew: 589528K->40859K(613440K), 0.0166995 secs] 590984K->42315K(2029056K), 0.0167653 secs] [Times: user=0.25 sys=0.00, real=0.02 secs] 
2020-09-29T18:08:54.149+0200: 8.457: [GC (Allocation Failure) 2020-09-29T18:08:54.149+0200: 8.457: [ParNew: 586203K->36426K(613440K), 0.0151960 secs] 587659K->37881K(2029056K), 0.0152549 secs] [Times: user=0.13 sys=0.00, real=0.02 secs] 
2020-09-29T18:08:54.215+0200: 8.522: [GC (Allocation Failure) 2020-09-29T18:08:54.215+0200: 8.522: [ParNew: 581770K->50827K(613440K), 0.0234378 secs] 583225K->52283K(2029056K), 0.0235199 secs] [Times: user=0.11 sys=0.00, real=0.02 secs] 
2020-09-29T18:08:54.289+0200: 8.596: [GC (Allocation Failure) 2020-09-29T18:08:54.289+0200: 8.596: [ParNew: 596171K->35156K(613440K), 0.0152960 secs] 597627K->36612K(2029056K), 0.0153612 secs] [Times: user=0.13 sys=0.00, real=0.01 secs] 
2020-09-29T18:08:54.353+0200: 8.660: [GC (Allocation Failure) 2020-09-29T18:08:54.353+0200: 8.660: [ParNew: 580500K->51753K(613440K), 0.0172094 secs] 581956K->53208K(2029056K), 0.0172640 secs] [Times: user=0.13 sys=0.00, real=0.02 secs] 
2020-09-29T18:08:54.422+0200: 8.730: [GC (Allocation Failure) 2020-09-29T18:08:54.422+0200: 8.730: [ParNew: 597097K->37233K(613440K), 0.0165297 secs] 598552K->38689K(2029056K), 0.0165842 secs] [Times: user=0.13 sys=0.00, real=0.02 secs] 
2020-09-29T18:08:54.496+0200: 8.803: [GC (Allocation Failure) 2020-09-29T18:08:54.496+0200: 8.803: [ParNew: 582577K->61795K(613440K), 0.0218542 secs] 584033K->63251K(2029056K), 0.0219143 secs] [Times: user=0.13 sys=0.00, real=0.02 secs] 
2020-09-29T18:08:54.565+0200: 8.872: [GC (Allocation Failure) 2020-09-29T18:08:54.565+0200: 8.872: [ParNew: 607139K->41863K(613440K), 0.0142086 secs] 608595K->43319K(2029056K), 0.0142873 secs] [Times: user=0.13 sys=0.00, real=0.01 secs] 
2020-09-29T18:08:54.628+0200: 8.935: [GC (Allocation Failure) 2020-09-29T18:08:54.628+0200: 8.935: [ParNew: 587207K->34110K(613440K), 0.0142513 secs] 588663K->35566K(2029056K), 0.0143367 secs] [Times: user=0.11 sys=0.00, real=0.01 secs] 
2020-09-29T18:08:54.693+0200: 9.000: [GC (Allocation Failure) 2020-09-29T18:08:54.693+0200: 9.000: [ParNew: 579454K->46550K(613440K), 0.0165983 secs] 580910K->48005K(2029056K), 0.0166565 secs] [Times: user=0.13 sys=0.00, real=0.02 secs] 
2020-09-29T18:08:54.759+0200: 9.066: [GC (Allocation Failure) 2020-09-29T18:08:54.759+0200: 9.066: [ParNew: 591894K->46350K(613440K), 0.0171285 secs] 593349K->47805K(2029056K), 0.0171898 secs] [Times: user=0.13 sys=0.00, real=0.02 secs] 
2020-09-29T18:08:54.827+0200: 9.134: [GC (Allocation Failure) 2020-09-29T18:08:54.827+0200: 9.134: [ParNew: 591694K->60658K(613440K), 0.0216489 secs] 593149K->62113K(2029056K), 0.0217075 secs] [Times: user=0.13 sys=0.00, real=0.02 secs] 
2020-09-29T18:08:54.895+0200: 9.203: [GC (Allocation Failure) 2020-09-29T18:08:54.895+0200: 9.203: [ParNew: 606002K->68096K(613440K), 0.0209922 secs] 607457K->69571K(2029056K), 0.0210544 secs] [Times: user=0.20 sys=0.01, real=0.02 secs] 
2020-09-29T18:08:54.964+0200: 9.272: [GC (Allocation Failure) 2020-09-29T18:08:54.964+0200: 9.272: [ParNew: 613440K->26501K(613440K), 0.0084765 secs] 614915K->27976K(2029056K), 0.0085328 secs] [Times: user=0.00 sys=0.00, real=0.01 secs] 
2020-09-29T18:08:55.026+0200: 9.333: [GC (Allocation Failure) 2020-09-29T18:08:55.026+0200: 9.333: [ParNew: 571845K->56531K(613440K), 0.0231601 secs] 573320K->58006K(2029056K), 0.0232220 secs] [Times: user=0.13 sys=0.00, real=0.02 secs] 
2020-09-29T18:08:55.098+0200: 9.405: [GC (Allocation Failure) 2020-09-29T18:08:55.098+0200: 9.405: [ParNew: 601875K->43659K(613440K), 0.0177422 secs] 603350K->45134K(2029056K), 0.0178178 secs] [Times: user=0.25 sys=0.00, real=0.02 secs] 
2020-09-29T18:08:55.167+0200: 9.475: [GC (Allocation Failure) 2020-09-29T18:08:55.168+0200: 9.475: [ParNew: 589003K->42305K(613440K), 0.0216320 secs] 590478K->43780K(2029056K), 0.0217056 secs] [Times: user=0.13 sys=0.00, real=0.02 secs] 
2020-09-29T18:08:55.242+0200: 9.550: [GC (Allocation Failure) 2020-09-29T18:08:55.242+0200: 9.550: [ParNew: 587649K->31191K(613440K), 0.0126012 secs] 589124K->32666K(2029056K), 0.0126658 secs] [Times: user=0.13 sys=0.00, real=0.01 secs] 
2020-09-29T18:08:55.309+0200: 9.616: [GC (Allocation Failure) 2020-09-29T18:08:55.309+0200: 9.616: [ParNew: 576535K->30898K(613440K), 0.0189870 secs] 578010K->32374K(2029056K), 0.0190518 secs] [Times: user=0.13 sys=0.00, real=0.02 secs] 
2020-09-29T18:08:55.376+0200: 9.684: [GC (Allocation Failure) 2020-09-29T18:08:55.376+0200: 9.684: [ParNew: 576242K->46817K(613440K), 0.0244331 secs] 577718K->48292K(2029056K), 0.0244941 secs] [Times: user=0.25 sys=0.00, real=0.03 secs] 
2020-09-29T18:08:55.452+0200: 9.759: [GC (Allocation Failure) 2020-09-29T18:08:55.452+0200: 9.759: [ParNew: 592161K->53242K(613440K), 0.0234273 secs] 593636K->54718K(2029056K), 0.0235124 secs] [Times: user=0.25 sys=0.00, real=0.02 secs] 
2020-09-29T18:08:55.525+0200: 9.832: [GC (Allocation Failure) 2020-09-29T18:08:55.525+0200: 9.832: [ParNew: 598586K->41938K(613440K), 0.0232448 secs] 600062K->43413K(2029056K), 0.0233168 secs] [Times: user=0.13 sys=0.00, real=0.02 secs] 
2020-09-29T18:08:55.598+0200: 9.905: [GC (Allocation Failure) 2020-09-29T18:08:55.598+0200: 9.905: [ParNew: 587282K->38308K(613440K), 0.0232651 secs] 588757K->39783K(2029056K), 0.0233342 secs] [Times: user=0.25 sys=0.00, real=0.02 secs] 
2020-09-29T18:08:55.674+0200: 9.981: [GC (Allocation Failure) 2020-09-29T18:08:55.674+0200: 9.981: [ParNew: 583652K->40590K(613440K), 0.0209736 secs] 585127K->42065K(2029056K), 0.0210394 secs] [Times: user=0.25 sys=0.00, real=0.02 secs] 
2020-09-29T18:08:55.746+0200: 10.054: [GC (Allocation Failure) 2020-09-29T18:08:55.747+0200: 10.054: [ParNew: 585934K->37145K(613440K), 0.0206624 secs] 587409K->38620K(2029056K), 0.0207405 secs] [Times: user=0.13 sys=0.00, real=0.02 secs] 
2020-09-29T18:08:55.819+0200: 10.127: [GC (Allocation Failure) 2020-09-29T18:08:55.819+0200: 10.127: [ParNew: 582489K->38482K(613440K), 0.0191974 secs] 583964K->39957K(2029056K), 0.0192640 secs] [Times: user=0.13 sys=0.00, real=0.02 secs] 
2020-09-29T18:08:55.890+0200: 10.197: [GC (Allocation Failure) 2020-09-29T18:08:55.890+0200: 10.197: [ParNew: 583826K->30171K(613440K), 0.0186963 secs] 585301K->31647K(2029056K), 0.0187629 secs] [Times: user=0.13 sys=0.00, real=0.02 secs] 
2020-09-29T18:08:55.959+0200: 10.267: [GC (Allocation Failure) 2020-09-29T18:08:55.959+0200: 10.267: [ParNew: 575515K->56844K(613440K), 0.0309356 secs] 576991K->58319K(2029056K), 0.0310039 secs] [Times: user=0.25 sys=0.00, real=0.03 secs] 
2020-09-29T18:08:56.040+0200: 10.347: [GC (Allocation Failure) 2020-09-29T18:08:56.040+0200: 10.347: [ParNew: 602188K->56332K(613440K), 0.0227345 secs] 603663K->57807K(2029056K), 0.0228029 secs] [Times: user=0.13 sys=0.00, real=0.02 secs] 
2020-09-29T18:08:56.119+0200: 10.427: [GC (Allocation Failure) 2020-09-29T18:08:56.119+0200: 10.427: [ParNew: 601676K->37307K(613440K), 0.0150059 secs] 603151K->38782K(2029056K), 0.0150747 secs] [Times: user=0.13 sys=0.00, real=0.02 secs] 
2020-09-29T18:08:56.194+0200: 10.501: [GC (Allocation Failure) 2020-09-29T18:08:56.194+0200: 10.501: [ParNew: 582651K->38765K(613440K), 0.0201980 secs] 584126K->40240K(2029056K), 0.0203122 secs] [Times: user=0.13 sys=0.00, real=0.02 secs] 
2020-09-29T18:08:56.265+0200: 10.573: [GC (Allocation Failure) 2020-09-29T18:08:56.265+0200: 10.573: [ParNew: 584109K->44113K(613440K), 0.0180936 secs] 585584K->45588K(2029056K), 0.0181769 secs] [Times: user=0.13 sys=0.00, real=0.02 secs] 
2020-09-29T18:08:56.339+0200: 10.647: [GC (Allocation Failure) 2020-09-29T18:08:56.339+0200: 10.647: [ParNew: 589457K->48850K(613440K), 0.0236363 secs] 590932K->50325K(2029056K), 0.0237029 secs] [Times: user=0.13 sys=0.00, real=0.02 secs] 
2020-09-29T18:08:56.412+0200: 10.719: [GC (Allocation Failure) 2020-09-29T18:08:56.412+0200: 10.719: [ParNew: 594194K->57668K(613440K), 0.0235581 secs] 595669K->59143K(2029056K), 0.0236321 secs] [Times: user=0.13 sys=0.00, real=0.02 secs] 
2020-09-29T18:08:56.484+0200: 10.791: [GC (Allocation Failure) 2020-09-29T18:08:56.484+0200: 10.791: [ParNew: 603012K->42053K(613440K), 0.0231351 secs] 604487K->43528K(2029056K), 0.0232192 secs] [Times: user=0.23 sys=0.00, real=0.02 secs] 
2020-09-29T18:08:56.559+0200: 10.866: [GC (Allocation Failure) 2020-09-29T18:08:56.559+0200: 10.866: [ParNew: 587397K->42344K(613440K), 0.0203574 secs] 588872K->43819K(2029056K), 0.0204417 secs] [Times: user=0.13 sys=0.00, real=0.02 secs] 
2020-09-29T18:08:56.635+0200: 10.943: [GC (Allocation Failure) 2020-09-29T18:08:56.635+0200: 10.943: [ParNew: 587688K->63077K(613440K), 0.0274129 secs] 589163K->64552K(2029056K), 0.0274837 secs] [Times: user=0.25 sys=0.00, real=0.03 secs] 
2020-09-29T18:08:56.712+0200: 11.019: [GC (Allocation Failure) 2020-09-29T18:08:56.712+0200: 11.019: [ParNew: 608421K->41094K(613440K), 0.0198933 secs] 609896K->42569K(2029056K), 0.0199623 secs] [Times: user=0.13 sys=0.00, real=0.02 secs] 
2020-09-29T18:08:56.782+0200: 11.089: [GC (Allocation Failure) 2020-09-29T18:08:56.782+0200: 11.089: [ParNew: 586438K->57295K(613440K), 0.0260289 secs] 587913K->58771K(2029056K), 0.0261285 secs] [Times: user=0.25 sys=0.00, real=0.03 secs] 
2020-09-29T18:08:56.856+0200: 11.163: [GC (Allocation Failure) 2020-09-29T18:08:56.856+0200: 11.163: [ParNew: 602639K->42074K(613440K), 0.0238712 secs] 604115K->43549K(2029056K), 0.0239340 secs] [Times: user=0.19 sys=0.06, real=0.02 secs] 
2020-09-29T18:08:56.929+0200: 11.236: [GC (Allocation Failure) 2020-09-29T18:08:56.929+0200: 11.236: [ParNew: 587418K->68096K(613440K), 0.0293872 secs] 588893K->69571K(2029056K), 0.0294579 secs] [Times: user=0.25 sys=0.00, real=0.03 secs] 
2020-09-29T18:08:57.005+0200: 11.312: [GC (Allocation Failure) 2020-09-29T18:08:57.005+0200: 11.312: [ParNew: 613440K->53444K(613440K), 0.0283114 secs] 614915K->54920K(2029056K), 0.0283747 secs] [Times: user=0.13 sys=0.00, real=0.03 secs] 
2020-09-29T18:08:57.085+0200: 11.393: [GC (Allocation Failure) 2020-09-29T18:08:57.085+0200: 11.393: [ParNew: 598788K->46037K(613440K), 0.0209047 secs] 600264K->47513K(2029056K), 0.0209841 secs] [Times: user=0.13 sys=0.00, real=0.02 secs] 
2020-09-29T18:08:57.155+0200: 11.463: [GC (Allocation Failure) 2020-09-29T18:08:57.155+0200: 11.463: [ParNew: 591381K->68093K(613440K), 0.0263490 secs] 592857K->69568K(2029056K), 0.0264111 secs] [Times: user=0.25 sys=0.00, real=0.03 secs] 
2020-09-29T18:08:57.235+0200: 11.543: [GC (Allocation Failure) 2020-09-29T18:08:57.235+0200: 11.543: [ParNew: 613437K->47487K(613440K), 0.0263043 secs] 614912K->48962K(2029056K), 0.0263708 secs] [Times: user=0.25 sys=0.00, real=0.03 secs] 
2020-09-29T18:08:57.311+0200: 11.619: [GC (Allocation Failure) 2020-09-29T18:08:57.311+0200: 11.619: [ParNew: 592831K->41254K(613440K), 0.0194317 secs] 594306K->42729K(2029056K), 0.0195141 secs] [Times: user=0.13 sys=0.00, real=0.02 secs] 
2020-09-29T18:08:57.383+0200: 11.691: [GC (Allocation Failure) 2020-09-29T18:08:57.383+0200: 11.691: [ParNew: 586598K->56353K(613440K), 0.0239606 secs] 588073K->57829K(2029056K), 0.0240249 secs] [Times: user=0.13 sys=0.00, real=0.02 secs] 
2020-09-29T18:08:57.458+0200: 11.766: [GC (Allocation Failure) 2020-09-29T18:08:57.458+0200: 11.766: [ParNew: 601697K->41646K(613440K), 0.0165968 secs] 603173K->43121K(2029056K), 0.0166631 secs] [Times: user=0.11 sys=0.00, real=0.02 secs] 
2020-09-29T18:08:57.523+0200: 11.831: [GC (Allocation Failure) 2020-09-29T18:08:57.523+0200: 11.831: [ParNew: 586990K->39188K(613440K), 0.0219892 secs] 588465K->40663K(2029056K), 0.0220510 secs] [Times: user=0.13 sys=0.00, real=0.02 secs] 
2020-09-29T18:08:57.599+0200: 11.907: [GC (Allocation Failure) 2020-09-29T18:08:57.599+0200: 11.907: [ParNew: 584532K->53391K(613440K), 0.0206872 secs] 586007K->54866K(2029056K), 0.0207557 secs] [Times: user=0.13 sys=0.00, real=0.02 secs] 
2020-09-29T18:08:57.673+0200: 11.981: [GC (Allocation Failure) 2020-09-29T18:08:57.673+0200: 11.981: [ParNew: 598735K->36704K(613440K), 0.0219406 secs] 600210K->38179K(2029056K), 0.0220205 secs] [Times: user=0.22 sys=0.00, real=0.02 secs] 
2020-09-29T18:08:57.744+0200: 12.052: [GC (Allocation Failure) 2020-09-29T18:08:57.744+0200: 12.052: [ParNew: 582048K->49634K(613440K), 0.0264494 secs] 583523K->51110K(2029056K), 0.0265443 secs] [Times: user=0.25 sys=0.00, real=0.03 secs] 
2020-09-29T18:08:57.818+0200: 12.126: [GC (Allocation Failure) 2020-09-29T18:08:57.818+0200: 12.126: [ParNew: 594978K->49025K(613440K), 0.0251311 secs] 596454K->50501K(2029056K), 0.0252061 secs] [Times: user=0.13 sys=0.00, real=0.02 secs] 
2020-09-29T18:08:57.890+0200: 12.198: [GC (Allocation Failure) 2020-09-29T18:08:57.890+0200: 12.198: [ParNew: 594369K->42090K(613440K), 0.0220734 secs] 595845K->43565K(2029056K), 0.0221394 secs] [Times: user=0.25 sys=0.00, real=0.02 secs] 
2020-09-29T18:08:57.965+0200: 12.273: [GC (Allocation Failure) 2020-09-29T18:08:57.965+0200: 12.273: [ParNew: 587434K->37887K(613440K), 0.0214629 secs] 588909K->39363K(2029056K), 0.0215405 secs] [Times: user=0.13 sys=0.00, real=0.02 secs] 
2020-09-29T18:08:58.037+0200: 12.345: [GC (Allocation Failure) 2020-09-29T18:08:58.037+0200: 12.345: [ParNew: 583231K->37844K(613440K), 0.0196641 secs] 584707K->39319K(2029056K), 0.0197260 secs] [Times: user=0.13 sys=0.00, real=0.02 secs] 
2020-09-29T18:08:58.112+0200: 12.420: [GC (Allocation Failure) 2020-09-29T18:08:58.112+0200: 12.420: [ParNew: 583188K->28446K(613440K), 0.0123669 secs] 584663K->29921K(2029056K), 0.0124319 secs] [Times: user=0.11 sys=0.01, real=0.01 secs] 
2020-09-29T18:08:58.180+0200: 12.488: [GC (Allocation Failure) 2020-09-29T18:08:58.180+0200: 12.488: [ParNew: 573790K->44761K(613440K), 0.0256173 secs] 575265K->46236K(2029056K), 0.0256857 secs] [Times: user=0.11 sys=0.00, real=0.03 secs] 
2020-09-29T18:08:58.258+0200: 12.566: [GC (Allocation Failure) 2020-09-29T18:08:58.258+0200: 12.566: [ParNew: 590105K->49924K(613440K), 0.0229239 secs] 591580K->51399K(2029056K), 0.0229967 secs] [Times: user=0.13 sys=0.00, real=0.02 secs] 
2020-09-29T18:08:58.334+0200: 12.642: [GC (Allocation Failure) 2020-09-29T18:08:58.334+0200: 12.642: [ParNew: 595268K->39722K(613440K), 0.0223825 secs] 596743K->41197K(2029056K), 0.0224740 secs] [Times: user=0.13 sys=0.00, real=0.02 secs] 
2020-09-29T18:08:58.406+0200: 12.714: [GC (Allocation Failure) 2020-09-29T18:08:58.406+0200: 12.714: [ParNew: 585066K->40713K(613440K), 0.0196184 secs] 586541K->42189K(2029056K), 0.0196827 secs] [Times: user=0.13 sys=0.02, real=0.02 secs] 
2020-09-29T18:08:58.480+0200: 12.788: [GC (Allocation Failure) 2020-09-29T18:08:58.480+0200: 12.788: [ParNew: 586057K->35545K(613440K), 0.0200294 secs] 587533K->37020K(2029056K), 0.0201004 secs] [Times: user=0.13 sys=0.00, real=0.02 secs] 
2020-09-29T18:08:58.548+0200: 12.856: [GC (Allocation Failure) 2020-09-29T18:08:58.548+0200: 12.856: [ParNew: 580889K->37101K(613440K), 0.0175195 secs] 582364K->38576K(2029056K), 0.0176053 secs] [Times: user=0.11 sys=0.00, real=0.02 secs] 
2020-09-29T18:08:58.621+0200: 12.929: [GC (Allocation Failure) 2020-09-29T18:08:58.621+0200: 12.929: [ParNew: 582445K->53217K(613440K), 0.0249604 secs] 583920K->54692K(2029056K), 0.0250385 secs] [Times: user=0.25 sys=0.00, real=0.02 secs] 
2020-09-29T18:08:58.696+0200: 13.003: [GC (Allocation Failure) 2020-09-29T18:08:58.696+0200: 13.003: [ParNew: 598561K->41759K(613440K), 0.0223569 secs] 600036K->43234K(2029056K), 0.0224224 secs] [Times: user=0.13 sys=0.00, real=0.02 secs] 
2020-09-29T18:08:58.770+0200: 13.077: [GC (Allocation Failure) 2020-09-29T18:08:58.770+0200: 13.077: [ParNew: 587103K->66872K(613440K), 0.0280925 secs] 588578K->68347K(2029056K), 0.0281569 secs] [Times: user=0.13 sys=0.00, real=0.03 secs] 
2020-09-29T18:08:58.848+0200: 13.156: [GC (Allocation Failure) 2020-09-29T18:08:58.848+0200: 13.156: [ParNew: 612216K->53910K(613440K), 0.0219900 secs] 613691K->55385K(2029056K), 0.0220642 secs] [Times: user=0.13 sys=0.00, real=0.02 secs] 
2020-09-29T18:08:58.920+0200: 13.228: [GC (Allocation Failure) 2020-09-29T18:08:58.920+0200: 13.228: [ParNew: 599254K->51190K(613440K), 0.0274646 secs] 600729K->52665K(2029056K), 0.0275406 secs] [Times: user=0.25 sys=0.00, real=0.03 secs] 
2020-09-29T18:08:59.003+0200: 13.311: [GC (Allocation Failure) 2020-09-29T18:08:59.003+0200: 13.311: [ParNew: 596534K->39092K(613440K), 0.0122122 secs] 598009K->40567K(2029056K), 0.0122768 secs] [Times: user=0.13 sys=0.00, real=0.01 secs] 
2020-09-29T18:08:59.072+0200: 13.380: [GC (Allocation Failure) 2020-09-29T18:08:59.072+0200: 13.380: [ParNew: 584436K->32843K(613440K), 0.0172918 secs] 585911K->34318K(2029056K), 0.0173577 secs] [Times: user=0.13 sys=0.00, real=0.02 secs] 
2020-09-29T18:08:59.138+0200: 13.446: [GC (Allocation Failure) 2020-09-29T18:08:59.138+0200: 13.446: [ParNew: 578187K->41388K(613440K), 0.0235901 secs] 579662K->42863K(2029056K), 0.0236651 secs] [Times: user=0.25 sys=0.00, real=0.02 secs] 
2020-09-29T18:08:59.222+0200: 13.530: [GC (Allocation Failure) 2020-09-29T18:08:59.222+0200: 13.530: [ParNew: 586732K->56525K(613440K), 0.0247804 secs] 588207K->58000K(2029056K), 0.0248498 secs] [Times: user=0.22 sys=0.00, real=0.03 secs] 
2020-09-29T18:08:59.297+0200: 13.605: [GC (Allocation Failure) 2020-09-29T18:08:59.297+0200: 13.605: [ParNew: 601869K->65463K(613440K), 0.0295914 secs] 603344K->66938K(2029056K), 0.0296728 secs] [Times: user=0.25 sys=0.00, real=0.03 secs] 
2020-09-29T18:08:59.374+0200: 13.682: [GC (Allocation Failure) 2020-09-29T18:08:59.375+0200: 13.682: [ParNew: 610807K->40590K(613440K), 0.0163856 secs] 612282K->42066K(2029056K), 0.0164592 secs] [Times: user=0.13 sys=0.00, real=0.02 secs] 
2020-09-29T18:08:59.447+0200: 13.755: [GC (Allocation Failure) 2020-09-29T18:08:59.447+0200: 13.755: [ParNew: 585934K->42238K(613440K), 0.0206132 secs] 587410K->43713K(2029056K), 0.0206811 secs] [Times: user=0.13 sys=0.00, real=0.02 secs] 
2020-09-29T18:08:59.528+0200: 13.836: [GC (Allocation Failure) 2020-09-29T18:08:59.528+0200: 13.836: [ParNew: 587582K->54995K(613440K), 0.0260074 secs] 589057K->56471K(2029056K), 0.0260740 secs] [Times: user=0.25 sys=0.00, real=0.03 secs] 
2020-09-29T18:08:59.606+0200: 13.914: [GC (Allocation Failure) 2020-09-29T18:08:59.606+0200: 13.914: [ParNew: 600339K->43873K(613440K), 0.0196206 secs] 601815K->45349K(2029056K), 0.0196876 secs] [Times: user=0.11 sys=0.00, real=0.02 secs] 
2020-09-29T18:08:59.677+0200: 13.985: [GC (Allocation Failure) 2020-09-29T18:08:59.677+0200: 13.985: [ParNew: 589217K->42943K(613440K), 0.0238164 secs] 590693K->44418K(2029056K), 0.0239023 secs] [Times: user=0.13 sys=0.00, real=0.02 secs] 
2020-09-29T18:08:59.751+0200: 14.059: [GC (Allocation Failure) 2020-09-29T18:08:59.751+0200: 14.059: [ParNew: 588287K->66376K(613440K), 0.0299726 secs] 589762K->67851K(2029056K), 0.0300468 secs] [Times: user=0.25 sys=0.00, real=0.03 secs] 
2020-09-29T18:08:59.833+0200: 14.141: [GC (Allocation Failure) 2020-09-29T18:08:59.833+0200: 14.141: [ParNew: 611720K->47931K(613440K), 0.0231781 secs] 613195K->49406K(2029056K), 0.0232663 secs] [Times: user=0.13 sys=0.00, real=0.02 secs] 
2020-09-29T18:08:59.905+0200: 14.213: [GC (Allocation Failure) 2020-09-29T18:08:59.905+0200: 14.213: [ParNew: 593275K->39174K(613440K), 0.0222125 secs] 594750K->40649K(2029056K), 0.0222770 secs] [Times: user=0.25 sys=0.00, real=0.02 secs] 
2020-09-29T18:08:59.981+0200: 14.289: [GC (Allocation Failure) 2020-09-29T18:08:59.981+0200: 14.289: [ParNew: 584518K->39231K(613440K), 0.0217503 secs] 585993K->40706K(2029056K), 0.0218166 secs] [Times: user=0.13 sys=0.00, real=0.02 secs] 
2020-09-29T18:09:00.056+0200: 14.364: [GC (Allocation Failure) 2020-09-29T18:09:00.056+0200: 14.364: [ParNew: 584575K->35005K(613440K), 0.0196303 secs] 586050K->36480K(2029056K), 0.0197011 secs] [Times: user=0.13 sys=0.00, real=0.02 secs] 
2020-09-29T18:09:00.126+0200: 14.434: [GC (Allocation Failure) 2020-09-29T18:09:00.126+0200: 14.434: [ParNew: 580349K->32928K(613440K), 0.0201224 secs] 581824K->34404K(2029056K), 0.0202135 secs] [Times: user=0.22 sys=0.02, real=0.02 secs] 
2020-09-29T18:09:00.207+0200: 14.515: [GC (Allocation Failure) 2020-09-29T18:09:00.207+0200: 14.515: [ParNew: 578272K->49898K(613440K), 0.0281850 secs] 579748K->51373K(2029056K), 0.0282614 secs] [Times: user=0.22 sys=0.00, real=0.03 secs] 
2020-09-29T18:09:00.290+0200: 14.598: [GC (Allocation Failure) 2020-09-29T18:09:00.290+0200: 14.598: [ParNew: 595242K->66567K(613440K), 0.0322848 secs] 596717K->68042K(2029056K), 0.0323663 secs] [Times: user=0.25 sys=0.00, real=0.03 secs] 
2020-09-29T18:09:00.373+0200: 14.681: [GC (Allocation Failure) 2020-09-29T18:09:00.373+0200: 14.681: [ParNew: 611911K->68096K(613440K), 0.0313139 secs] 613386K->69571K(2029056K), 0.0313950 secs] [Times: user=0.25 sys=0.00, real=0.03 secs] 
2020-09-29T18:09:00.458+0200: 14.766: [GC (Allocation Failure) 2020-09-29T18:09:00.458+0200: 14.766: [ParNew: 613440K->51238K(613440K), 0.0302950 secs] 614915K->52713K(2029056K), 0.0303731 secs] [Times: user=0.13 sys=0.00, real=0.03 secs] 
2020-09-29T18:09:00.541+0200: 14.849: [GC (Allocation Failure) 2020-09-29T18:09:00.541+0200: 14.849: [ParNew: 596582K->51508K(613440K), 0.0288831 secs] 598057K->52983K(2029056K), 0.0289666 secs] [Times: user=0.25 sys=0.00, real=0.03 secs] 
2020-09-29T18:09:00.623+0200: 14.931: [GC (Allocation Failure) 2020-09-29T18:09:00.623+0200: 14.931: [ParNew: 596852K->45547K(613440K), 0.0295230 secs] 598327K->47022K(2029056K), 0.0295950 secs] [Times: user=0.24 sys=0.00, real=0.03 secs] 
2020-09-29T18:09:00.704+0200: 15.012: [GC (Allocation Failure) 2020-09-29T18:09:00.704+0200: 15.012: [ParNew: 590891K->41063K(613440K), 0.0192097 secs] 592366K->42538K(2029056K), 0.0192792 secs] [Times: user=0.25 sys=0.00, real=0.02 secs] 
2020-09-29T18:09:00.775+0200: 15.083: [GC (Allocation Failure) 2020-09-29T18:09:00.775+0200: 15.083: [ParNew: 586407K->24196K(613440K), 0.0158890 secs] 587882K->25671K(2029056K), 0.0159608 secs] [Times: user=0.13 sys=0.00, real=0.02 secs] 
2020-09-29T18:09:00.853+0200: 15.161: [GC (Allocation Failure) 2020-09-29T18:09:00.853+0200: 15.161: [ParNew: 569540K->45587K(613440K), 0.0240092 secs] 571015K->47062K(2029056K), 0.0240751 secs] [Times: user=0.13 sys=0.00, real=0.02 secs] 
2020-09-29T18:09:00.924+0200: 15.232: [GC (Allocation Failure) 2020-09-29T18:09:00.924+0200: 15.232: [ParNew: 590931K->58425K(613440K), 0.0304065 secs] 592406K->59900K(2029056K), 0.0304750 secs] [Times: user=0.25 sys=0.00, real=0.03 secs] 
2020-09-29T18:09:01.003+0200: 15.311: [GC (Allocation Failure) 2020-09-29T18:09:01.003+0200: 15.311: [ParNew: 603769K->43646K(613440K), 0.0221190 secs] 605244K->45121K(2029056K), 0.0221865 secs] [Times: user=0.25 sys=0.00, real=0.02 secs] 
2020-09-29T18:09:01.077+0200: 15.385: [GC (Allocation Failure) 2020-09-29T18:09:01.077+0200: 15.385: [ParNew: 588990K->35046K(613440K), 0.0212549 secs] 590465K->36521K(2029056K), 0.0213291 secs] [Times: user=0.25 sys=0.00, real=0.02 secs] 
2020-09-29T18:09:01.156+0200: 15.464: [GC (Allocation Failure) 2020-09-29T18:09:01.156+0200: 15.464: [ParNew: 580390K->30751K(613440K), 0.0196052 secs] 581865K->32226K(2029056K), 0.0196748 secs] [Times: user=0.25 sys=0.00, real=0.02 secs] 
2020-09-29T18:09:01.228+0200: 15.536: [GC (Allocation Failure) 2020-09-29T18:09:01.229+0200: 15.537: [ParNew: 576095K->49151K(613440K), 0.0290802 secs] 577570K->50626K(2029056K), 0.0291749 secs] [Times: user=0.23 sys=0.00, real=0.03 secs] 
2020-09-29T18:09:01.312+0200: 15.620: [GC (Allocation Failure) 2020-09-29T18:09:01.312+0200: 15.620: [ParNew: 594495K->68096K(613440K), 0.0318307 secs] 595970K->69571K(2029056K), 0.0319023 secs] [Times: user=0.25 sys=0.00, real=0.03 secs] 
2020-09-29T18:09:01.391+0200: 15.699: [GC (Allocation Failure) 2020-09-29T18:09:01.391+0200: 15.699: [ParNew: 613440K->41775K(613440K), 0.0158777 secs] 614915K->43250K(2029056K), 0.0159458 secs] [Times: user=0.13 sys=0.00, real=0.02 secs] 
2020-09-29T18:09:01.462+0200: 15.770: [GC (Allocation Failure) 2020-09-29T18:09:01.462+0200: 15.770: [ParNew: 587119K->40546K(613440K), 0.0226965 secs] 588594K->42021K(2029056K), 0.0227767 secs] [Times: user=0.13 sys=0.00, real=0.02 secs] 
2020-09-29T18:09:01.542+0200: 15.850: [GC (Allocation Failure) 2020-09-29T18:09:01.542+0200: 15.850: [ParNew: 585890K->43512K(613440K), 0.0214934 secs] 587365K->44987K(2029056K), 0.0215895 secs] [Times: user=0.13 sys=0.00, real=0.02 secs] 
2020-09-29T18:09:01.614+0200: 15.922: [GC (Allocation Failure) 2020-09-29T18:09:01.616+0200: 15.924: [ParNew: 588856K->31729K(613440K), 0.0197975 secs] 590331K->33204K(2029056K), 0.0211371 secs] [Times: user=0.13 sys=0.00, real=0.02 secs] 
2020-09-29T18:09:01.700+0200: 16.008: [GC (Allocation Failure) 2020-09-29T18:09:01.700+0200: 16.008: [ParNew: 577073K->28576K(613440K), 0.0196300 secs] 578548K->30051K(2029056K), 0.0196969 secs] [Times: user=0.13 sys=0.00, real=0.02 secs] 
2020-09-29T18:09:01.770+0200: 16.078: [GC (Allocation Failure) 2020-09-29T18:09:01.770+0200: 16.078: [ParNew: 573920K->51045K(613440K), 0.0253577 secs] 575395K->52520K(2029056K), 0.0254251 secs] [Times: user=0.13 sys=0.00, real=0.03 secs] 
2020-09-29T18:09:01.848+0200: 16.156: [GC (Allocation Failure) 2020-09-29T18:09:01.848+0200: 16.156: [ParNew: 596389K->38759K(613440K), 0.0241696 secs] 597864K->40234K(2029056K), 0.0242406 secs] [Times: user=0.13 sys=0.00, real=0.02 secs] 
2020-09-29T18:09:01.922+0200: 16.230: [GC (Allocation Failure) 2020-09-29T18:09:01.922+0200: 16.230: [ParNew: 584103K->37163K(613440K), 0.0234561 secs] 585578K->38638K(2029056K), 0.0235259 secs] [Times: user=0.25 sys=0.00, real=0.02 secs] 
2020-09-29T18:09:01.998+0200: 16.306: [GC (Allocation Failure) 2020-09-29T18:09:01.998+0200: 16.306: [ParNew: 582507K->36277K(613440K), 0.0220741 secs] 583982K->37752K(2029056K), 0.0221404 secs] [Times: user=0.13 sys=0.06, real=0.02 secs] 
2020-09-29T18:09:02.070+0200: 16.378: [GC (Allocation Failure) 2020-09-29T18:09:02.070+0200: 16.378: [ParNew: 581621K->34334K(613440K), 0.0191721 secs] 583096K->35809K(2029056K), 0.0192393 secs] [Times: user=0.13 sys=0.00, real=0.02 secs] 
2020-09-29T18:09:02.147+0200: 16.455: [GC (Allocation Failure) 2020-09-29T18:09:02.147+0200: 16.455: [ParNew: 579678K->50032K(613440K), 0.0261015 secs] 581153K->51507K(2029056K), 0.0261704 secs] [Times: user=0.13 sys=0.00, real=0.03 secs] 
2020-09-29T18:09:02.237+0200: 16.545: [GC (Allocation Failure) 2020-09-29T18:09:02.237+0200: 16.545: [ParNew: 595376K->53654K(613440K), 0.0259146 secs] 596851K->55129K(2029056K), 0.0260110 secs] [Times: user=0.25 sys=0.00, real=0.03 secs] 
2020-09-29T18:09:02.323+0200: 16.631: [GC (Allocation Failure) 2020-09-29T18:09:02.323+0200: 16.631: [ParNew: 598998K->68096K(613440K), 0.0322757 secs] 600473K->69571K(2029056K), 0.0323568 secs] [Times: user=0.25 sys=0.00, real=0.03 secs] 
2020-09-29T18:09:02.404+0200: 16.712: [GC (Allocation Failure) 2020-09-29T18:09:02.404+0200: 16.712: [ParNew: 613440K->43383K(613440K), 0.0154230 secs] 614915K->44858K(2029056K), 0.0155101 secs] [Times: user=0.13 sys=0.00, real=0.01 secs] 
2020-09-29T18:09:02.477+0200: 16.785: [GC (Allocation Failure) 2020-09-29T18:09:02.477+0200: 16.785: [ParNew: 588727K->36671K(613440K), 0.0213736 secs] 590202K->38147K(2029056K), 0.0214476 secs] [Times: user=0.13 sys=0.00, real=0.02 secs] 
2020-09-29T18:09:02.553+0200: 16.862: [GC (Allocation Failure) 2020-09-29T18:09:02.554+0200: 16.862: [ParNew: 582015K->43101K(613440K), 0.0192090 secs] 583491K->44576K(2029056K), 0.0193046 secs] [Times: user=0.13 sys=0.00, real=0.02 secs] 
2020-09-29T18:09:02.630+0200: 16.938: [GC (Allocation Failure) 2020-09-29T18:09:02.630+0200: 16.939: [ParNew: 588445K->44007K(613440K), 0.0284011 secs] 589920K->45482K(2029056K), 0.0284744 secs] [Times: user=0.13 sys=0.00, real=0.03 secs] 
2020-09-29T18:09:02.706+0200: 17.014: [GC (Allocation Failure) 2020-09-29T18:09:02.706+0200: 17.014: [ParNew: 589351K->62402K(613440K), 0.0250237 secs] 590826K->63877K(2029056K), 0.0250946 secs] [Times: user=0.19 sys=0.06, real=0.02 secs] 
2020-09-29T18:09:02.785+0200: 17.093: [GC (Allocation Failure) 2020-09-29T18:09:02.785+0200: 17.093: [ParNew: 607746K->63112K(613440K), 0.0326373 secs] 609221K->64587K(2029056K), 0.0327085 secs] [Times: user=0.38 sys=0.00, real=0.03 secs] 
2020-09-29T18:09:02.868+0200: 17.176: [GC (Allocation Failure) 2020-09-29T18:09:02.868+0200: 17.176: [ParNew: 608456K->50719K(613440K), 0.0233334 secs] 609931K->52194K(2029056K), 0.0234067 secs] [Times: user=0.13 sys=0.00, real=0.02 secs] 
2020-09-29T18:09:02.947+0200: 17.255: [GC (Allocation Failure) 2020-09-29T18:09:02.947+0200: 17.255: [ParNew: 596063K->66304K(613440K), 0.0310944 secs] 597538K->67779K(2029056K), 0.0311826 secs] [Times: user=0.25 sys=0.00, real=0.03 secs] 
2020-09-29T18:09:03.028+0200: 17.336: [GC (Allocation Failure) 2020-09-29T18:09:03.028+0200: 17.336: [ParNew: 611648K->52416K(613440K), 0.0226526 secs] 613123K->53892K(2029056K), 0.0227204 secs] [Times: user=0.13 sys=0.00, real=0.02 secs] 
2020-09-29T18:09:03.111+0200: 17.419: [GC (Allocation Failure) 2020-09-29T18:09:03.111+0200: 17.419: [ParNew: 597760K->43168K(613440K), 0.0207078 secs] 599236K->44643K(2029056K), 0.0207746 secs] [Times: user=0.25 sys=0.00, real=0.02 secs] 
2020-09-29T18:09:03.185+0200: 17.493: [GC (Allocation Failure) 2020-09-29T18:09:03.185+0200: 17.493: [ParNew: 588512K->52542K(613440K), 0.0284942 secs] 589987K->54017K(2029056K), 0.0285828 secs] [Times: user=0.25 sys=0.00, real=0.03 secs] 
2020-09-29T18:09:03.265+0200: 17.573: [GC (Allocation Failure) 2020-09-29T18:09:03.265+0200: 17.573: [ParNew: 597886K->44230K(613440K), 0.0177703 secs] 599361K->45705K(2029056K), 0.0178444 secs] [Times: user=0.13 sys=0.00, real=0.02 secs] 
2020-09-29T18:09:03.334+0200: 17.642: [GC (Allocation Failure) 2020-09-29T18:09:03.334+0200: 17.642: [ParNew: 589574K->25648K(613440K), 0.0159928 secs] 591049K->27123K(2029056K), 0.0160659 secs] [Times: user=0.13 sys=0.00, real=0.02 secs] 
2020-09-29T18:09:03.408+0200: 17.716: [GC (Allocation Failure) 2020-09-29T18:09:03.408+0200: 17.716: [ParNew: 570992K->21872K(613440K), 0.0166338 secs] 572467K->23347K(2029056K), 0.0167052 secs] [Times: user=0.13 sys=0.00, real=0.02 secs] 
2020-09-29T18:09:03.484+0200: 17.792: [GC (Allocation Failure) 2020-09-29T18:09:03.484+0200: 17.792: [ParNew: 567216K->33984K(613440K), 0.0236299 secs] 568691K->35459K(2029056K), 0.0237001 secs] [Times: user=0.25 sys=0.00, real=0.02 secs] 
2020-09-29T18:09:03.563+0200: 17.871: [GC (Allocation Failure) 2020-09-29T18:09:03.563+0200: 17.871: [ParNew: 579328K->54318K(613440K), 0.0288860 secs] 580803K->55793K(2029056K), 0.0289609 secs] [Times: user=0.23 sys=0.00, real=0.03 secs] 
2020-09-29T18:09:03.647+0200: 17.956: [GC (Allocation Failure) 2020-09-29T18:09:03.648+0200: 17.956: [ParNew: 599662K->43192K(613440K), 0.0215300 secs] 601137K->44667K(2029056K), 0.0216321 secs] [Times: user=0.13 sys=0.00, real=0.02 secs] 
2020-09-29T18:09:03.720+0200: 18.028: [GC (Allocation Failure) 2020-09-29T18:09:03.720+0200: 18.028: [ParNew: 588536K->32812K(613440K), 0.0201553 secs] 590011K->34287K(2029056K), 0.0202240 secs] [Times: user=0.25 sys=0.00, real=0.02 secs] 
2020-09-29T18:09:03.790+0200: 18.098: [GC (Allocation Failure) 2020-09-29T18:09:03.790+0200: 18.098: [ParNew: 578156K->53712K(613440K), 0.0257923 secs] 579631K->55187K(2029056K), 0.0258634 secs] [Times: user=0.13 sys=0.00, real=0.03 secs] 
2020-09-29T18:09:03.864+0200: 18.172: [GC (Allocation Failure) 2020-09-29T18:09:03.864+0200: 18.173: [ParNew: 599056K->51290K(613440K), 0.0253270 secs] 600531K->52765K(2029056K), 0.0254005 secs] [Times: user=0.13 sys=0.00, real=0.03 secs] 
2020-09-29T18:09:03.937+0200: 18.245: [GC (Allocation Failure) 2020-09-29T18:09:03.937+0200: 18.245: [ParNew: 596634K->42419K(613440K), 0.0240576 secs] 598109K->43894K(2029056K), 0.0241300 secs] [Times: user=0.25 sys=0.00, real=0.02 secs] 
2020-09-29T18:09:04.009+0200: 18.317: [GC (Allocation Failure) 2020-09-29T18:09:04.009+0200: 18.317: [ParNew: 587763K->64633K(613440K), 0.0293407 secs] 589238K->66108K(2029056K), 0.0294110 secs] [Times: user=0.25 sys=0.00, real=0.03 secs] 
2020-09-29T18:09:04.088+0200: 18.396: [GC (Allocation Failure) 2020-09-29T18:09:04.088+0200: 18.396: [ParNew: 609977K->45602K(613440K), 0.0217506 secs] 611452K->47077K(2029056K), 0.0218177 secs] [Times: user=0.13 sys=0.00, real=0.02 secs] 
2020-09-29T18:09:04.168+0200: 18.476: [GC (Allocation Failure) 2020-09-29T18:09:04.168+0200: 18.476: [ParNew: 590946K->49859K(613440K), 0.0283749 secs] 592421K->51334K(2029056K), 0.0284538 secs] [Times: user=0.25 sys=0.00, real=0.03 secs] 
2020-09-29T18:09:04.253+0200: 18.562: [GC (Allocation Failure) 2020-09-29T18:09:04.253+0200: 18.562: [ParNew: 595203K->64151K(613440K), 0.0270983 secs] 596678K->65626K(2029056K), 0.0271868 secs] [Times: user=0.14 sys=0.00, real=0.03 secs] 
2020-09-29T18:09:04.330+0200: 18.638: [GC (Allocation Failure) 2020-09-29T18:09:04.330+0200: 18.638: [ParNew: 609495K->44097K(613440K), 0.0272232 secs] 610970K->45572K(2029056K), 0.0273098 secs] [Times: user=0.25 sys=0.00, real=0.03 secs] 
2020-09-29T18:09:04.405+0200: 18.714: [GC (Allocation Failure) 2020-09-29T18:09:04.405+0200: 18.714: [ParNew: 589441K->39803K(613440K), 0.0174180 secs] 590916K->41278K(2029056K), 0.0174860 secs] [Times: user=0.13 sys=0.00, real=0.02 secs] 
2020-09-29T18:09:04.482+0200: 18.790: [GC (Allocation Failure) 2020-09-29T18:09:04.482+0200: 18.790: [ParNew: 585147K->40612K(613440K), 0.0233704 secs] 586622K->42088K(2029056K), 0.0234417 secs] [Times: user=0.25 sys=0.00, real=0.02 secs] 
2020-09-29T18:09:04.562+0200: 18.870: [GC (Allocation Failure) 2020-09-29T18:09:04.562+0200: 18.870: [ParNew: 585956K->55618K(613440K), 0.0337669 secs] 587432K->57093K(2029056K), 0.0338431 secs] [Times: user=0.22 sys=0.00, real=0.03 secs] 
2020-09-29T18:09:04.648+0200: 18.957: [GC (Allocation Failure) 2020-09-29T18:09:04.648+0200: 18.957: [ParNew: 600962K->42447K(613440K), 0.0146513 secs] 602437K->43922K(2029056K), 0.0147195 secs] [Times: user=0.13 sys=0.00, real=0.02 secs] 
2020-09-29T18:09:04.720+0200: 19.029: [GC (Allocation Failure) 2020-09-29T18:09:04.720+0200: 19.029: [ParNew: 587791K->60952K(613440K), 0.0364177 secs] 589266K->62427K(2029056K), 0.0364912 secs] [Times: user=0.38 sys=0.00, real=0.04 secs] 
2020-09-29T18:09:04.804+0200: 19.113: [GC (Allocation Failure) 2020-09-29T18:09:04.804+0200: 19.113: [ParNew: 606296K->45410K(613440K), 0.0209821 secs] 607771K->46885K(2029056K), 0.0210554 secs] [Times: user=0.13 sys=0.00, real=0.02 secs] 
2020-09-29T18:09:04.872+0200: 19.180: [GC (Allocation Failure) 2020-09-29T18:09:04.872+0200: 19.180: [ParNew: 590754K->46275K(613440K), 0.0249417 secs] 592229K->47750K(2029056K), 0.0250199 secs] [Times: user=0.25 sys=0.00, real=0.03 secs] 
2020-09-29T18:09:04.954+0200: 19.262: [GC (Allocation Failure) 2020-09-29T18:09:04.954+0200: 19.262: [ParNew: 591619K->65037K(613440K), 0.0322867 secs] 593094K->66512K(2029056K), 0.0323572 secs] [Times: user=0.25 sys=0.00, real=0.03 secs] 
2020-09-29T18:09:05.037+0200: 19.345: [GC (Allocation Failure) 2020-09-29T18:09:05.037+0200: 19.345: [ParNew: 610381K->50828K(613440K), 0.0240405 secs] 611856K->52303K(2029056K), 0.0241172 secs] [Times: user=0.13 sys=0.00, real=0.02 secs] 
2020-09-29T18:09:05.110+0200: 19.418: [GC (Allocation Failure) 2020-09-29T18:09:05.110+0200: 19.418: [ParNew: 596172K->39111K(613440K), 0.0231352 secs] 597647K->40586K(2029056K), 0.0232285 secs] [Times: user=0.24 sys=0.00, real=0.02 secs] 
2020-09-29T18:09:05.182+0200: 19.491: [GC (Allocation Failure) 2020-09-29T18:09:05.182+0200: 19.491: [ParNew: 584455K->34127K(613440K), 0.0177435 secs] 585930K->35602K(2029056K), 0.0178201 secs] [Times: user=0.11 sys=0.00, real=0.02 secs] 
2020-09-29T18:09:05.254+0200: 19.562: [GC (Allocation Failure) 2020-09-29T18:09:05.254+0200: 19.562: [ParNew: 579471K->55581K(613440K), 0.0206569 secs] 580946K->57056K(2029056K), 0.0207197 secs] [Times: user=0.13 sys=0.00, real=0.02 secs] 
2020-09-29T18:09:05.325+0200: 19.633: [GC (Allocation Failure) 2020-09-29T18:09:05.325+0200: 19.633: [ParNew: 600925K->40910K(613440K), 0.0186511 secs] 602400K->42385K(2029056K), 0.0187122 secs] [Times: user=0.13 sys=0.00, real=0.02 secs] 
2020-09-29T18:09:05.391+0200: 19.699: [GC (Allocation Failure) 2020-09-29T18:09:05.391+0200: 19.699: [ParNew: 586254K->42502K(613440K), 0.0174511 secs] 587729K->43977K(2029056K), 0.0175291 secs] [Times: user=0.13 sys=0.00, real=0.02 secs] 
2020-09-29T18:09:05.455+0200: 19.763: [GC (Allocation Failure) 2020-09-29T18:09:05.455+0200: 19.763: [ParNew: 587846K->64053K(613440K), 0.0222793 secs] 589321K->65529K(2029056K), 0.0224100 secs] [Times: user=0.25 sys=0.00, real=0.02 secs] 
2020-09-29T18:09:05.530+0200: 19.838: [GC (Allocation Failure) 2020-09-29T18:09:05.530+0200: 19.838: [ParNew: 609397K->45016K(613440K), 0.0196630 secs] 610873K->46491K(2029056K), 0.0197275 secs] [Times: user=0.11 sys=0.00, real=0.02 secs] 
2020-09-29T18:09:05.604+0200: 19.912: [GC (Allocation Failure) 2020-09-29T18:09:05.604+0200: 19.912: [ParNew: 590360K->33555K(613440K), 0.0114686 secs] 591835K->35030K(2029056K), 0.0115249 secs] [Times: user=0.13 sys=0.00, real=0.01 secs] 
2020-09-29T18:09:05.671+0200: 19.980: [GC (Allocation Failure) 2020-09-29T18:09:05.671+0200: 19.980: [ParNew: 578899K->60315K(613440K), 0.0255632 secs] 580374K->61790K(2029056K), 0.0256304 secs] [Times: user=0.25 sys=0.00, real=0.03 secs] 
2020-09-29T18:09:05.747+0200: 20.054: [GC (Allocation Failure) 2020-09-29T18:09:05.747+0200: 20.054: [ParNew: 605659K->39740K(613440K), 0.0135673 secs] 607134K->41216K(2029056K), 0.0136220 secs] [Times: user=0.11 sys=0.00, real=0.01 secs] 
2020-09-29T18:09:05.808+0200: 20.115: [GC (Allocation Failure) 2020-09-29T18:09:05.808+0200: 20.115: [ParNew: 585084K->41995K(613440K), 0.0173975 secs] 586560K->43470K(2029056K), 0.0174581 secs] [Times: user=0.13 sys=0.00, real=0.02 secs] 
2020-09-29T18:09:05.875+0200: 20.182: [GC (Allocation Failure) 2020-09-29T18:09:05.875+0200: 20.183: [ParNew: 587339K->46688K(613440K), 0.0168643 secs] 588814K->48163K(2029056K), 0.0169214 secs] [Times: user=0.13 sys=0.00, real=0.02 secs] 
2020-09-29T18:09:05.940+0200: 20.247: [GC (Allocation Failure) 2020-09-29T18:09:05.940+0200: 20.247: [ParNew: 592032K->40287K(613440K), 0.0161410 secs] 593507K->41762K(2029056K), 0.0162010 secs] [Times: user=0.13 sys=0.00, real=0.02 secs] 
2020-09-29T18:09:06.004+0200: 20.312: [GC (Allocation Failure) 2020-09-29T18:09:06.004+0200: 20.312: [ParNew: 585631K->59207K(613440K), 0.0203565 secs] 587106K->60682K(2029056K), 0.0204579 secs] [Times: user=0.25 sys=0.00, real=0.02 secs] 
2020-09-29T18:09:06.072+0200: 20.380: [GC (Allocation Failure) 2020-09-29T18:09:06.072+0200: 20.380: [ParNew: 604551K->42921K(613440K), 0.0185075 secs] 606026K->44396K(2029056K), 0.0185669 secs] [Times: user=0.13 sys=0.00, real=0.02 secs] 
2020-09-29T18:09:06.140+0200: 20.447: [GC (Allocation Failure) 2020-09-29T18:09:06.140+0200: 20.447: [ParNew: 588265K->68096K(613440K), 0.0229850 secs] 589740K->69571K(2029056K), 0.0230393 secs] [Times: user=0.25 sys=0.00, real=0.02 secs] 
2020-09-29T18:09:06.214+0200: 20.521: [GC (Allocation Failure) 2020-09-29T18:09:06.214+0200: 20.521: [ParNew: 613440K->68096K(613440K), 0.0271203 secs] 614915K->69830K(2029056K), 0.0271921 secs] [Times: user=0.23 sys=0.00, real=0.03 secs] 
2020-09-29T18:09:06.291+0200: 20.598: [GC (Allocation Failure) 2020-09-29T18:09:06.291+0200: 20.598: [ParNew: 613440K->50015K(613440K), 0.0164002 secs] 615174K->51750K(2029056K), 0.0164609 secs] [Times: user=0.13 sys=0.00, real=0.02 secs] 
2020-09-29T18:09:06.356+0200: 20.663: [GC (Allocation Failure) 2020-09-29T18:09:06.356+0200: 20.663: [ParNew: 595359K->66003K(613440K), 0.0211855 secs] 597094K->67737K(2029056K), 0.0212637 secs] [Times: user=0.13 sys=0.00, real=0.02 secs] 
2020-09-29T18:09:06.424+0200: 20.732: [GC (Allocation Failure) 2020-09-29T18:09:06.424+0200: 20.732: [ParNew: 611347K->48103K(613440K), 0.0204140 secs] 613081K->49838K(2029056K), 0.0204939 secs] [Times: user=0.25 sys=0.00, real=0.02 secs] 
2020-09-29T18:09:06.493+0200: 20.800: [GC (Allocation Failure) 2020-09-29T18:09:06.493+0200: 20.800: [ParNew: 593447K->49287K(613440K), 0.0211536 secs] 595182K->51022K(2029056K), 0.0212331 secs] [Times: user=0.11 sys=0.00, real=0.02 secs] 
2020-09-29T18:09:06.565+0200: 20.873: [GC (Allocation Failure) 2020-09-29T18:09:06.565+0200: 20.873: [ParNew: 594631K->68096K(613440K), 0.0234820 secs] 596366K->70316K(2029056K), 0.0235527 secs] [Times: user=0.25 sys=0.00, real=0.02 secs] 
2020-09-29T18:09:06.637+0200: 20.944: [GC (Allocation Failure) 2020-09-29T18:09:06.637+0200: 20.944: [ParNew: 613440K->47416K(613440K), 0.0172775 secs] 615660K->49636K(2029056K), 0.0173450 secs] [Times: user=0.11 sys=0.00, real=0.02 secs] 
2020-09-29T18:09:06.707+0200: 21.014: [GC (Allocation Failure) 2020-09-29T18:09:06.707+0200: 21.014: [ParNew: 592760K->64197K(613440K), 0.0223809 secs] 594980K->66417K(2029056K), 0.0224373 secs] [Times: user=0.25 sys=0.00, real=0.02 secs] 
2020-09-29T18:09:06.778+0200: 21.085: [GC (Allocation Failure) 2020-09-29T18:09:06.778+0200: 21.085: [ParNew: 609541K->52234K(613440K), 0.0210020 secs] 611761K->54455K(2029056K), 0.0210733 secs] [Times: user=0.13 sys=0.00, real=0.02 secs] 
2020-09-29T18:09:06.847+0200: 21.154: [GC (Allocation Failure) 2020-09-29T18:09:06.847+0200: 21.154: [ParNew: 597578K->50466K(613440K), 0.0203006 secs] 599799K->52687K(2029056K), 0.0203635 secs] [Times: user=0.23 sys=0.00, real=0.02 secs] 
2020-09-29T18:09:06.915+0200: 21.222: [GC (Allocation Failure) 2020-09-29T18:09:06.915+0200: 21.222: [ParNew: 595810K->45743K(613440K), 0.0141607 secs] 598031K->47964K(2029056K), 0.0142197 secs] [Times: user=0.13 sys=0.00, real=0.01 secs] 
2020-09-29T18:09:06.984+0200: 21.292: [GC (Allocation Failure) 2020-09-29T18:09:06.984+0200: 21.292: [ParNew: 591087K->24954K(613440K), 0.0126939 secs] 593308K->27175K(2029056K), 0.0127528 secs] [Times: user=0.13 sys=0.00, real=0.01 secs] 
2020-09-29T18:09:07.047+0200: 21.354: [GC (Allocation Failure) 2020-09-29T18:09:07.047+0200: 21.354: [ParNew: 570298K->47044K(613440K), 0.0178138 secs] 572519K->49265K(2029056K), 0.0178681 secs] [Times: user=0.13 sys=0.00, real=0.02 secs] 
2020-09-29T18:09:07.113+0200: 21.420: [GC (Allocation Failure) 2020-09-29T18:09:07.113+0200: 21.420: [ParNew: 592388K->43418K(613440K), 0.0166104 secs] 594609K->45638K(2029056K), 0.0166799 secs] [Times: user=0.13 sys=0.00, real=0.02 secs] 
2020-09-29T18:09:07.186+0200: 21.493: [GC (Allocation Failure) 2020-09-29T18:09:07.186+0200: 21.493: [ParNew: 588762K->30430K(613440K), 0.0098602 secs] 590982K->32651K(2029056K), 0.0099339 secs] [Times: user=0.13 sys=0.00, real=0.01 secs] 
2020-09-29T18:09:07.253+0200: 21.561: [GC (Allocation Failure) 2020-09-29T18:09:07.253+0200: 21.561: [ParNew: 575774K->17303K(613440K), 0.0088665 secs] 577995K->19524K(2029056K), 0.0089406 secs] [Times: user=0.13 sys=0.00, real=0.01 secs] 
2020-09-29T18:09:07.319+0200: 21.626: [GC (Allocation Failure) 2020-09-29T18:09:07.319+0200: 21.626: [ParNew: 562647K->27127K(613440K), 0.0126230 secs] 564868K->29348K(2029056K), 0.0126776 secs] [Times: user=0.00 sys=0.00, real=0.01 secs] 
2020-09-29T18:09:07.392+0200: 21.699: [GC (Allocation Failure) 2020-09-29T18:09:07.392+0200: 21.699: [ParNew: 572471K->32894K(613440K), 0.0120460 secs] 574692K->35115K(2029056K), 0.0121077 secs] [Times: user=0.13 sys=0.00, real=0.01 secs] 
2020-09-29T18:09:07.455+0200: 21.763: [GC (Allocation Failure) 2020-09-29T18:09:07.455+0200: 21.763: [ParNew: 578238K->52209K(613440K), 0.0230957 secs] 580459K->54430K(2029056K), 0.0231568 secs] [Times: user=0.25 sys=0.00, real=0.02 secs] 
2020-09-29T18:09:07.527+0200: 21.834: [GC (Allocation Failure) 2020-09-29T18:09:07.527+0200: 21.834: [ParNew: 597553K->41799K(613440K), 0.0155963 secs] 599774K->44019K(2029056K), 0.0156510 secs] [Times: user=0.13 sys=0.00, real=0.02 secs] 
2020-09-29T18:09:07.593+0200: 21.900: [GC (Allocation Failure) 2020-09-29T18:09:07.593+0200: 21.900: [ParNew: 587143K->60544K(613440K), 0.0195420 secs] 589363K->62765K(2029056K), 0.0196050 secs] [Times: user=0.13 sys=0.00, real=0.02 secs] 
2020-09-29T18:09:07.662+0200: 21.969: [GC (Allocation Failure) 2020-09-29T18:09:07.662+0200: 21.969: [ParNew: 605888K->46846K(613440K), 0.0191815 secs] 608109K->49067K(2029056K), 0.0192429 secs] [Times: user=0.13 sys=0.00, real=0.02 secs] 
2020-09-29T18:09:07.729+0200: 22.036: [GC (Allocation Failure) 2020-09-29T18:09:07.729+0200: 22.036: [ParNew: 592190K->42760K(613440K), 0.0187735 secs] 594411K->44980K(2029056K), 0.0188274 secs] [Times: user=0.13 sys=0.00, real=0.02 secs] 
2020-09-29T18:09:07.800+0200: 22.107: [GC (Allocation Failure) 2020-09-29T18:09:07.800+0200: 22.107: [ParNew: 588104K->42044K(613440K), 0.0184075 secs] 590324K->44265K(2029056K), 0.0184671 secs] [Times: user=0.25 sys=0.00, real=0.02 secs] 
2020-09-29T18:09:07.866+0200: 22.173: [GC (Allocation Failure) 2020-09-29T18:09:07.866+0200: 22.173: [ParNew: 587388K->39281K(613440K), 0.0173278 secs] 589609K->41502K(2029056K), 0.0173836 secs] [Times: user=0.13 sys=0.00, real=0.02 secs] 
2020-09-29T18:09:07.933+0200: 22.241: [GC (Allocation Failure) 2020-09-29T18:09:07.933+0200: 22.241: [ParNew: 584625K->62836K(613440K), 0.0217594 secs] 586846K->65057K(2029056K), 0.0218250 secs] [Times: user=0.13 sys=0.00, real=0.02 secs] 
2020-09-29T18:09:08.003+0200: 22.310: [GC (Allocation Failure) 2020-09-29T18:09:08.003+0200: 22.310: [ParNew: 608180K->42159K(613440K), 0.0151738 secs] 610401K->44380K(2029056K), 0.0152344 secs] [Times: user=0.13 sys=0.00, real=0.01 secs] 
2020-09-29T18:09:08.070+0200: 22.377: [GC (Allocation Failure) 2020-09-29T18:09:08.070+0200: 22.377: [ParNew: 587503K->39394K(613440K), 0.0140607 secs] 589724K->41615K(2029056K), 0.0141171 secs] [Times: user=0.13 sys=0.00, real=0.01 secs] 
2020-09-29T18:09:08.132+0200: 22.439: [GC (Allocation Failure) 2020-09-29T18:09:08.132+0200: 22.439: [ParNew: 584738K->34011K(613440K), 0.0134316 secs] 586959K->36232K(2029056K), 0.0134851 secs] [Times: user=0.00 sys=0.00, real=0.01 secs] 
2020-09-29T18:09:08.198+0200: 22.505: [GC (Allocation Failure) 2020-09-29T18:09:08.198+0200: 22.505: [ParNew: 579355K->19228K(613440K), 0.0073191 secs] 581576K->21449K(2029056K), 0.0073812 secs] [Times: user=0.00 sys=0.00, real=0.01 secs] 
2020-09-29T18:09:08.258+0200: 22.565: [GC (Allocation Failure) 2020-09-29T18:09:08.258+0200: 22.565: [ParNew: 564572K->41034K(613440K), 0.0182011 secs] 566793K->43255K(2029056K), 0.0182624 secs] [Times: user=0.13 sys=0.00, real=0.02 secs] 
2020-09-29T18:09:08.325+0200: 22.632: [GC (Allocation Failure) 2020-09-29T18:09:08.325+0200: 22.632: [ParNew: 586378K->56189K(613440K), 0.0215442 secs] 588599K->58409K(2029056K), 0.0216099 secs] [Times: user=0.13 sys=0.00, real=0.02 secs] 
2020-09-29T18:09:08.395+0200: 22.703: [GC (Allocation Failure) 2020-09-29T18:09:08.395+0200: 22.703: [ParNew: 601533K->53375K(613440K), 0.0207509 secs] 603753K->55596K(2029056K), 0.0208038 secs] [Times: user=0.14 sys=0.00, real=0.02 secs] 
2020-09-29T18:09:08.467+0200: 22.774: [GC (Allocation Failure) 2020-09-29T18:09:08.467+0200: 22.774: [ParNew: 598719K->47859K(613440K), 0.0207050 secs] 600940K->50080K(2029056K), 0.0207794 secs] [Times: user=0.13 sys=0.00, real=0.02 secs] 
2020-09-29T18:09:08.534+0200: 22.842: [GC (Allocation Failure) 2020-09-29T18:09:08.534+0200: 22.842: [ParNew: 593203K->50646K(613440K), 0.0181054 secs] 595424K->52867K(2029056K), 0.0181655 secs] [Times: user=0.25 sys=0.00, real=0.02 secs] 
2020-09-29T18:09:08.603+0200: 22.911: [GC (Allocation Failure) 2020-09-29T18:09:08.603+0200: 22.911: [ParNew: 595990K->68096K(613440K), 0.0243963 secs] 598211K->70741K(2029056K), 0.0244610 secs] [Times: user=0.13 sys=0.00, real=0.03 secs] 
2020-09-29T18:09:08.676+0200: 22.984: [GC (Allocation Failure) 2020-09-29T18:09:08.676+0200: 22.984: [ParNew: 613440K->53874K(613440K), 0.0176052 secs] 616085K->56520K(2029056K), 0.0176658 secs] [Times: user=0.25 sys=0.00, real=0.02 secs] 
2020-09-29T18:09:08.746+0200: 23.053: [GC (Allocation Failure) 2020-09-29T18:09:08.746+0200: 23.053: [ParNew: 599218K->47899K(613440K), 0.0167329 secs] 601864K->50545K(2029056K), 0.0167942 secs] [Times: user=0.13 sys=0.00, real=0.02 secs] 
2020-09-29T18:09:08.815+0200: 23.122: [GC (Allocation Failure) 2020-09-29T18:09:08.815+0200: 23.122: [ParNew: 593243K->34122K(613440K), 0.0111859 secs] 595889K->36768K(2029056K), 0.0112470 secs] [Times: user=0.11 sys=0.00, real=0.01 secs] 
2020-09-29T18:09:08.881+0200: 23.188: [GC (Allocation Failure) 2020-09-29T18:09:08.881+0200: 23.188: [ParNew: 579466K->35273K(613440K), 0.0146200 secs] 582112K->37919K(2029056K), 0.0146870 secs] [Times: user=0.13 sys=0.00, real=0.01 secs] 
2020-09-29T18:09:08.945+0200: 23.252: [GC (Allocation Failure) 2020-09-29T18:09:08.945+0200: 23.252: [ParNew: 580617K->45401K(613440K), 0.0200014 secs] 583263K->48046K(2029056K), 0.0200660 secs] [Times: user=0.13 sys=0.00, real=0.02 secs] 
2020-09-29T18:09:09.012+0200: 23.319: [GC (Allocation Failure) 2020-09-29T18:09:09.012+0200: 23.319: [ParNew: 590745K->62181K(613440K), 0.0193247 secs] 593390K->64827K(2029056K), 0.0193878 secs] [Times: user=0.13 sys=0.00, real=0.02 secs] 
2020-09-29T18:09:09.080+0200: 23.388: [GC (Allocation Failure) 2020-09-29T18:09:09.080+0200: 23.388: [ParNew: 607525K->46969K(613440K), 0.0179626 secs] 610171K->49615K(2029056K), 0.0180284 secs] [Times: user=0.13 sys=0.00, real=0.02 secs] 
2020-09-29T18:09:09.146+0200: 23.454: [GC (Allocation Failure) 2020-09-29T18:09:09.146+0200: 23.454: [ParNew: 592313K->40432K(613440K), 0.0168092 secs] 594959K->43077K(2029056K), 0.0168674 secs] [Times: user=0.13 sys=0.00, real=0.02 secs] 
2020-09-29T18:09:09.215+0200: 23.523: [GC (Allocation Failure) 2020-09-29T18:09:09.215+0200: 23.523: [ParNew: 585776K->39968K(613440K), 0.0197499 secs] 588421K->42613K(2029056K), 0.0198514 secs] [Times: user=0.11 sys=0.00, real=0.02 secs] 
2020-09-29T18:09:09.290+0200: 23.598: [GC (Allocation Failure) 2020-09-29T18:09:09.290+0200: 23.598: [ParNew: 585312K->36616K(613440K), 0.0158549 secs] 587957K->39261K(2029056K), 0.0159084 secs] [Times: user=0.13 sys=0.00, real=0.02 secs] 
2020-09-29T18:09:09.355+0200: 23.662: [GC (Allocation Failure) 2020-09-29T18:09:09.355+0200: 23.662: [ParNew: 581960K->59341K(613440K), 0.0205387 secs] 584605K->61987K(2029056K), 0.0206039 secs] [Times: user=0.13 sys=0.00, real=0.02 secs] 
2020-09-29T18:09:09.425+0200: 23.732: [GC (Allocation Failure) 2020-09-29T18:09:09.425+0200: 23.732: [ParNew: 604685K->48373K(613440K), 0.0196647 secs] 607331K->51018K(2029056K), 0.0197445 secs] [Times: user=0.25 sys=0.00, real=0.02 secs] 
2020-09-29T18:09:09.494+0200: 23.802: [GC (Allocation Failure) 2020-09-29T18:09:09.494+0200: 23.802: [ParNew: 593717K->46220K(613440K), 0.0197565 secs] 596362K->48866K(2029056K), 0.0198361 secs] [Times: user=0.13 sys=0.00, real=0.02 secs] 
2020-09-29T18:09:09.565+0200: 23.872: [GC (Allocation Failure) 2020-09-29T18:09:09.565+0200: 23.872: [ParNew: 591564K->39367K(613440K), 0.0216346 secs] 594210K->42013K(2029056K), 0.0217138 secs] [Times: user=0.20 sys=0.02, real=0.02 secs] 
2020-09-29T18:09:09.638+0200: 23.945: [GC (Allocation Failure) 2020-09-29T18:09:09.638+0200: 23.945: [ParNew: 584711K->41223K(613440K), 0.0187374 secs] 587357K->43869K(2029056K), 0.0188137 secs] [Times: user=0.11 sys=0.00, real=0.02 secs] 
2020-09-29T18:09:09.711+0200: 24.019: [GC (Allocation Failure) 2020-09-29T18:09:09.711+0200: 24.019: [ParNew: 586567K->37968K(613440K), 0.0151850 secs] 589213K->40614K(2029056K), 0.0152462 secs] [Times: user=0.13 sys=0.00, real=0.02 secs] 
2020-09-29T18:09:09.775+0200: 24.083: [GC (Allocation Failure) 2020-09-29T18:09:09.776+0200: 24.083: [ParNew: 583312K->56124K(613440K), 0.0196858 secs] 585958K->58770K(2029056K), 0.0197614 secs] [Times: user=0.13 sys=0.00, real=0.02 secs] 
2020-09-29T18:09:09.843+0200: 24.151: [GC (Allocation Failure) 2020-09-29T18:09:09.843+0200: 24.151: [ParNew: 601468K->65412K(613440K), 0.0227607 secs] 604114K->68057K(2029056K), 0.0228275 secs] [Times: user=0.25 sys=0.00, real=0.02 secs] 
2020-09-29T18:09:09.914+0200: 24.222: [GC (Allocation Failure) 2020-09-29T18:09:09.914+0200: 24.222: [ParNew: 610756K->52816K(613440K), 0.0164173 secs] 613401K->55462K(2029056K), 0.0164756 secs] [Times: user=0.13 sys=0.00, real=0.02 secs] 
2020-09-29T18:09:09.981+0200: 24.289: [GC (Allocation Failure) 2020-09-29T18:09:09.981+0200: 24.289: [ParNew: 598160K->49980K(613440K), 0.0216891 secs] 600806K->52626K(2029056K), 0.0217592 secs] [Times: user=0.13 sys=0.00, real=0.02 secs] 
2020-09-29T18:09:10.052+0200: 24.360: [GC (Allocation Failure) 2020-09-29T18:09:10.052+0200: 24.360: [ParNew: 595324K->68096K(613440K), 0.0206793 secs] 597970K->70752K(2029056K), 0.0207458 secs] [Times: user=0.13 sys=0.00, real=0.02 secs] 
2020-09-29T18:09:10.121+0200: 24.428: [GC (Allocation Failure) 2020-09-29T18:09:10.121+0200: 24.428: [ParNew: 613440K->46366K(613440K), 0.0196962 secs] 616096K->49022K(2029056K), 0.0197616 secs] [Times: user=0.13 sys=0.00, real=0.02 secs] 
2020-09-29T18:09:10.187+0200: 24.495: [GC (Allocation Failure) 2020-09-29T18:09:10.187+0200: 24.495: [ParNew: 591710K->45999K(613440K), 0.0182916 secs] 594366K->48656K(2029056K), 0.0183637 secs] [Times: user=0.13 sys=0.00, real=0.02 secs] 
2020-09-29T18:09:10.258+0200: 24.565: [GC (Allocation Failure) 2020-09-29T18:09:10.258+0200: 24.565: [ParNew: 591343K->46271K(613440K), 0.0199863 secs] 594000K->48927K(2029056K), 0.0200566 secs] [Times: user=0.11 sys=0.00, real=0.02 secs] 
2020-09-29T18:09:10.325+0200: 24.632: [GC (Allocation Failure) 2020-09-29T18:09:10.325+0200: 24.632: [ParNew: 591615K->67287K(613440K), 0.0213401 secs] 594271K->69943K(2029056K), 0.0214056 secs] [Times: user=0.13 sys=0.00, real=0.02 secs] 
2020-09-29T18:09:10.394+0200: 24.702: [GC (Allocation Failure) 2020-09-29T18:09:10.394+0200: 24.702: [ParNew: 612631K->47150K(613440K), 0.0208629 secs] 615287K->49806K(2029056K), 0.0209207 secs] [Times: user=0.25 sys=0.00, real=0.02 secs] 
2020-09-29T18:09:10.462+0200: 24.770: [GC (Allocation Failure) 2020-09-29T18:09:10.462+0200: 24.770: [ParNew: 592494K->38876K(613440K), 0.0087227 secs] 595150K->41532K(2029056K), 0.0087918 secs] [Times: user=0.00 sys=0.00, real=0.01 secs] 
2020-09-29T18:09:10.529+0200: 24.837: [GC (Allocation Failure) 2020-09-29T18:09:10.529+0200: 24.837: [ParNew: 584220K->41514K(613440K), 0.0189807 secs] 586876K->44170K(2029056K), 0.0190551 secs] [Times: user=0.13 sys=0.00, real=0.02 secs] 
2020-09-29T18:09:10.598+0200: 24.905: [GC (Allocation Failure) 2020-09-29T18:09:10.598+0200: 24.905: [ParNew: 586858K->30834K(613440K), 0.0112181 secs] 589514K->33490K(2029056K), 0.0112736 secs] [Times: user=0.00 sys=0.00, real=0.01 secs] 
2020-09-29T18:09:10.662+0200: 24.969: [GC (Allocation Failure) 2020-09-29T18:09:10.662+0200: 24.969: [ParNew: 576178K->32898K(613440K), 0.0150352 secs] 578834K->35554K(2029056K), 0.0150924 secs] [Times: user=0.11 sys=0.00, real=0.02 secs] 
2020-09-29T18:09:10.727+0200: 25.034: [GC (Allocation Failure) 2020-09-29T18:09:10.727+0200: 25.034: [ParNew: 578242K->43502K(613440K), 0.0198715 secs] 580898K->46158K(2029056K), 0.0199339 secs] [Times: user=0.13 sys=0.00, real=0.02 secs] 
2020-09-29T18:09:10.794+0200: 25.102: [GC (Allocation Failure) 2020-09-29T18:09:10.794+0200: 25.102: [ParNew: 588846K->50269K(613440K), 0.0186966 secs] 591502K->52925K(2029056K), 0.0187524 secs] [Times: user=0.13 sys=0.00, real=0.02 secs] 
2020-09-29T18:09:10.862+0200: 25.170: [GC (Allocation Failure) 2020-09-29T18:09:10.862+0200: 25.170: [ParNew: 595613K->42783K(613440K), 0.0182932 secs] 598269K->45439K(2029056K), 0.0183511 secs] [Times: user=0.25 sys=0.00, real=0.02 secs] 
2020-09-29T18:09:10.927+0200: 25.235: [GC (Allocation Failure) 2020-09-29T18:09:10.927+0200: 25.235: [ParNew: 588127K->40206K(613440K), 0.0167322 secs] 590783K->42862K(2029056K), 0.0168011 secs] [Times: user=0.13 sys=0.00, real=0.02 secs] 
2020-09-29T18:09:10.995+0200: 25.303: [GC (Allocation Failure) 2020-09-29T18:09:10.995+0200: 25.303: [ParNew: 585550K->39694K(613440K), 0.0162478 secs] 588206K->42351K(2029056K), 0.0163231 secs] [Times: user=0.13 sys=0.00, real=0.02 secs] 
2020-09-29T18:09:11.061+0200: 25.369: [GC (Allocation Failure) 2020-09-29T18:09:11.061+0200: 25.369: [ParNew: 585038K->36060K(613440K), 0.0160354 secs] 587695K->38716K(2029056K), 0.0160923 secs] [Times: user=0.13 sys=0.00, real=0.02 secs] 
2020-09-29T18:09:11.127+0200: 25.435: [GC (Allocation Failure) 2020-09-29T18:09:11.127+0200: 25.435: [ParNew: 581404K->59136K(613440K), 0.0201900 secs] 584060K->61793K(2029056K), 0.0202484 secs] [Times: user=0.25 sys=0.00, real=0.02 secs] 
2020-09-29T18:09:11.197+0200: 25.504: [GC (Allocation Failure) 2020-09-29T18:09:11.197+0200: 25.504: [ParNew: 604480K->43742K(613440K), 0.0137672 secs] 607137K->46398K(2029056K), 0.0138332 secs] [Times: user=0.13 sys=0.00, real=0.01 secs] 
2020-09-29T18:09:11.264+0200: 25.572: [GC (Allocation Failure) 2020-09-29T18:09:11.264+0200: 25.572: [ParNew: 589086K->51869K(613440K), 0.0239538 secs] 591742K->54525K(2029056K), 0.0240587 secs] [Times: user=0.25 sys=0.00, real=0.02 secs] 
2020-09-29T18:09:11.334+0200: 25.642: [GC (Allocation Failure) 2020-09-29T18:09:11.334+0200: 25.642: [ParNew: 597213K->50379K(613440K), 0.0167345 secs] 599869K->53035K(2029056K), 0.0168110 secs] [Times: user=0.13 sys=0.00, real=0.02 secs] 
2020-09-29T18:09:11.398+0200: 25.706: [GC (Allocation Failure) 2020-09-29T18:09:11.398+0200: 25.706: [ParNew: 595723K->42539K(613440K), 0.0161651 secs] 598379K->45195K(2029056K), 0.0162224 secs] [Times: user=0.13 sys=0.00, real=0.02 secs] 
2020-09-29T18:09:11.462+0200: 25.770: [GC (Allocation Failure) 2020-09-29T18:09:11.462+0200: 25.770: [ParNew: 587883K->61351K(613440K), 0.0202077 secs] 590539K->64008K(2029056K), 0.0202934 secs] [Times: user=0.13 sys=0.00, real=0.02 secs] 
2020-09-29T18:09:11.531+0200: 25.839: [GC (Allocation Failure) 2020-09-29T18:09:11.531+0200: 25.839: [ParNew: 606695K->44776K(613440K), 0.0146355 secs] 609352K->47432K(2029056K), 0.0146943 secs] [Times: user=0.13 sys=0.00, real=0.02 secs] 
2020-09-29T18:09:11.600+0200: 25.908: [GC (Allocation Failure) 2020-09-29T18:09:11.600+0200: 25.908: [ParNew: 590120K->39307K(613440K), 0.0150031 secs] 592776K->41964K(2029056K), 0.0150740 secs] [Times: user=0.13 sys=0.00, real=0.02 secs] 
2020-09-29T18:09:11.669+0200: 25.977: [GC (Allocation Failure) 2020-09-29T18:09:11.669+0200: 25.977: [ParNew: 584651K->30456K(613440K), 0.0119006 secs] 587308K->33113K(2029056K), 0.0119572 secs] [Times: user=0.13 sys=0.00, real=0.01 secs] 
2020-09-29T18:09:11.732+0200: 26.039: [GC (Allocation Failure) 2020-09-29T18:09:11.732+0200: 26.039: [ParNew: 575800K->35353K(613440K), 0.0172178 secs] 578457K->38009K(2029056K), 0.0172838 secs] [Times: user=0.13 sys=0.00, real=0.02 secs] 
2020-09-29T18:09:11.800+0200: 26.108: [GC (Allocation Failure) 2020-09-29T18:09:11.800+0200: 26.108: [ParNew: 580697K->51246K(613440K), 0.0161622 secs] 583353K->53903K(2029056K), 0.0162294 secs] [Times: user=0.13 sys=0.00, real=0.02 secs] 
2020-09-29T18:09:11.864+0200: 26.172: [GC (Allocation Failure) 2020-09-29T18:09:11.864+0200: 26.172: [ParNew: 596590K->34399K(613440K), 0.0173561 secs] 599247K->37055K(2029056K), 0.0174156 secs] [Times: user=0.13 sys=0.00, real=0.02 secs] 
2020-09-29T18:09:11.928+0200: 26.236: [GC (Allocation Failure) 2020-09-29T18:09:11.928+0200: 26.236: [ParNew: 579743K->66404K(613440K), 0.0231791 secs] 582399K->69060K(2029056K), 0.0232555 secs] [Times: user=0.13 sys=0.00, real=0.02 secs] 
2020-09-29T18:09:12.001+0200: 26.309: [GC (Allocation Failure) 2020-09-29T18:09:12.001+0200: 26.309: [ParNew: 611748K->44688K(613440K), 0.0118802 secs] 614404K->47344K(2029056K), 0.0119571 secs] [Times: user=0.13 sys=0.00, real=0.01 secs] 
2020-09-29T18:09:12.061+0200: 26.369: [GC (Allocation Failure) 2020-09-29T18:09:12.061+0200: 26.369: [ParNew: 590032K->34344K(613440K), 0.0173540 secs] 592688K->37000K(2029056K), 0.0174229 secs] [Times: user=0.13 sys=0.00, real=0.02 secs] 
2020-09-29T18:09:12.126+0200: 26.434: [GC (Allocation Failure) 2020-09-29T18:09:12.126+0200: 26.434: [ParNew: 579688K->32277K(613440K), 0.0154209 secs] 582344K->34933K(2029056K), 0.0155231 secs] [Times: user=0.13 sys=0.00, real=0.02 secs] 
2020-09-29T18:09:12.191+0200: 26.499: [GC (Allocation Failure) 2020-09-29T18:09:12.191+0200: 26.499: [ParNew: 577621K->56268K(613440K), 0.0199341 secs] 580277K->58925K(2029056K), 0.0199938 secs] [Times: user=0.25 sys=0.00, real=0.02 secs] 
2020-09-29T18:09:12.262+0200: 26.570: [GC (Allocation Failure) 2020-09-29T18:09:12.262+0200: 26.570: [ParNew: 601612K->44324K(613440K), 0.0189831 secs] 604269K->46980K(2029056K), 0.0190471 secs] [Times: user=0.13 sys=0.00, real=0.02 secs] 
2020-09-29T18:09:12.329+0200: 26.637: [GC (Allocation Failure) 2020-09-29T18:09:12.329+0200: 26.637: [ParNew: 589668K->46728K(613440K), 0.0180760 secs] 592324K->49384K(2029056K), 0.0181401 secs] [Times: user=0.13 sys=0.00, real=0.02 secs] 
2020-09-29T18:09:12.395+0200: 26.703: [GC (Allocation Failure) 2020-09-29T18:09:12.395+0200: 26.703: [ParNew: 592072K->40845K(613440K), 0.0173970 secs] 594728K->43501K(2029056K), 0.0174641 secs] [Times: user=0.13 sys=0.00, real=0.02 secs] 
2020-09-29T18:09:12.462+0200: 26.769: [GC (Allocation Failure) 2020-09-29T18:09:12.462+0200: 26.769: [ParNew: 586189K->40864K(613440K), 0.0164464 secs] 588845K->43520K(2029056K), 0.0165247 secs] [Times: user=0.13 sys=0.00, real=0.02 secs] 
2020-09-29T18:09:12.534+0200: 26.842: [GC (Allocation Failure) 2020-09-29T18:09:12.534+0200: 26.842: [ParNew: 586208K->61686K(613440K), 0.0224957 secs] 588864K->64342K(2029056K), 0.0225741 secs] [Times: user=0.23 sys=0.00, real=0.02 secs] 
2020-09-29T18:09:12.609+0200: 26.917: [GC (Allocation Failure) 2020-09-29T18:09:12.609+0200: 26.917: [ParNew: 607030K->55421K(613440K), 0.0209981 secs] 609686K->58078K(2029056K), 0.0210555 secs] [Times: user=0.25 sys=0.00, real=0.02 secs] 
2020-09-29T18:09:12.679+0200: 26.987: [GC (Allocation Failure) 2020-09-29T18:09:12.679+0200: 26.987: [ParNew: 600765K->41242K(613440K), 0.0083067 secs] 603422K->43898K(2029056K), 0.0083726 secs] [Times: user=0.00 sys=0.00, real=0.01 secs] 
2020-09-29T18:09:12.741+0200: 27.049: [GC (Allocation Failure) 2020-09-29T18:09:12.741+0200: 27.049: [ParNew: 586586K->33615K(613440K), 0.0133347 secs] 589242K->36272K(2029056K), 0.0134073 secs] [Times: user=0.13 sys=0.00, real=0.01 secs] 
2020-09-29T18:09:12.804+0200: 27.112: [GC (Allocation Failure) 2020-09-29T18:09:12.804+0200: 27.112: [ParNew: 578959K->39521K(613440K), 0.0187635 secs] 581616K->42177K(2029056K), 0.0188189 secs] [Times: user=0.13 sys=0.00, real=0.02 secs] 
2020-09-29T18:09:12.870+0200: 27.178: [GC (Allocation Failure) 2020-09-29T18:09:12.870+0200: 27.178: [ParNew: 584865K->57223K(613440K), 0.0174476 secs] 587521K->59879K(2029056K), 0.0175172 secs] [Times: user=0.13 sys=0.00, real=0.02 secs] 
2020-09-29T18:09:12.938+0200: 27.246: [GC (Allocation Failure) 2020-09-29T18:09:12.938+0200: 27.246: [ParNew: 602567K->43715K(613440K), 0.0172340 secs] 605223K->46371K(2029056K), 0.0172889 secs] [Times: user=0.13 sys=0.00, real=0.02 secs] 
2020-09-29T18:09:13.003+0200: 27.311: [GC (Allocation Failure) 2020-09-29T18:09:13.003+0200: 27.311: [ParNew: 589059K->34271K(613440K), 0.0103917 secs] 591715K->36927K(2029056K), 0.0104480 secs] [Times: user=0.13 sys=0.00, real=0.01 secs] 
2020-09-29T18:09:13.065+0200: 27.373: [GC (Allocation Failure) 2020-09-29T18:09:13.065+0200: 27.373: [ParNew: 579615K->53790K(613440K), 0.0200765 secs] 582271K->56446K(2029056K), 0.0201310 secs] [Times: user=0.25 sys=0.00, real=0.02 secs] 
2020-09-29T18:09:13.134+0200: 27.442: [GC (Allocation Failure) 2020-09-29T18:09:13.134+0200: 27.442: [ParNew: 599134K->39943K(613440K), 0.0142624 secs] 601790K->42600K(2029056K), 0.0143204 secs] [Times: user=0.13 sys=0.00, real=0.01 secs] 
2020-09-29T18:09:13.198+0200: 27.506: [GC (Allocation Failure) 2020-09-29T18:09:13.198+0200: 27.506: [ParNew: 585287K->47813K(613440K), 0.0249317 secs] 587944K->50469K(2029056K), 0.0250130 secs] [Times: user=0.11 sys=0.01, real=0.03 secs] 
2020-09-29T18:09:13.272+0200: 27.580: [GC (Allocation Failure) 2020-09-29T18:09:13.272+0200: 27.580: [ParNew: 593157K->42883K(613440K), 0.0194382 secs] 595813K->45539K(2029056K), 0.0194984 secs] [Times: user=0.13 sys=0.00, real=0.02 secs] 
2020-09-29T18:09:13.339+0200: 27.647: [GC (Allocation Failure) 2020-09-29T18:09:13.339+0200: 27.647: [ParNew: 588227K->68096K(613440K), 0.0232204 secs] 590883K->70752K(2029056K), 0.0232861 secs] [Times: user=0.13 sys=0.00, real=0.02 secs] 
2020-09-29T18:09:13.412+0200: 27.720: [GC (Allocation Failure) 2020-09-29T18:09:13.412+0200: 27.720: [ParNew: 613440K->43656K(613440K), 0.0115831 secs] 616096K->46313K(2029056K), 0.0116442 secs] [Times: user=0.00 sys=0.00, real=0.01 secs] 
2020-09-29T18:09:13.473+0200: 27.781: [GC (Allocation Failure) 2020-09-29T18:09:13.473+0200: 27.781: [ParNew: 589000K->33635K(613440K), 0.0165329 secs] 591657K->36291K(2029056K), 0.0166051 secs] [Times: user=0.13 sys=0.00, real=0.02 secs] 
2020-09-29T18:09:13.538+0200: 27.846: [GC (Allocation Failure) 2020-09-29T18:09:13.538+0200: 27.846: [ParNew: 578979K->30070K(613440K), 0.0151622 secs] 581635K->32726K(2029056K), 0.0152334 secs] [Times: user=0.13 sys=0.00, real=0.01 secs] 
2020-09-29T18:09:13.609+0200: 27.917: [GC (Allocation Failure) 2020-09-29T18:09:13.609+0200: 27.917: [ParNew: 575414K->52470K(613440K), 0.0195116 secs] 578070K->55126K(2029056K), 0.0195788 secs] [Times: user=0.13 sys=0.00, real=0.02 secs] 
2020-09-29T18:09:13.676+0200: 27.984: [GC (Allocation Failure) 2020-09-29T18:09:13.676+0200: 27.984: [ParNew: 597814K->43252K(613440K), 0.0177558 secs] 600470K->45908K(2029056K), 0.0178190 secs] [Times: user=0.13 sys=0.00, real=0.02 secs] 
2020-09-29T18:09:13.742+0200: 28.050: [GC (Allocation Failure) 2020-09-29T18:09:13.742+0200: 28.050: [ParNew: 588596K->41278K(613440K), 0.0171170 secs] 591252K->43934K(2029056K), 0.0171733 secs] [Times: user=0.13 sys=0.00, real=0.02 secs] 
2020-09-29T18:09:13.811+0200: 28.119: [GC (Allocation Failure) 2020-09-29T18:09:13.811+0200: 28.119: [ParNew: 586622K->33379K(613440K), 0.0089153 secs] 589278K->36036K(2029056K), 0.0089805 secs] [Times: user=0.13 sys=0.00, real=0.01 secs] 
2020-09-29T18:09:13.873+0200: 28.181: [GC (Allocation Failure) 2020-09-29T18:09:13.873+0200: 28.181: [ParNew: 578723K->43579K(613440K), 0.0201698 secs] 581380K->46235K(2029056K), 0.0202298 secs] [Times: user=0.13 sys=0.00, real=0.02 secs] 
2020-09-29T18:09:13.941+0200: 28.249: [GC (Allocation Failure) 2020-09-29T18:09:13.941+0200: 28.249: [ParNew: 588923K->68096K(613440K), 0.0240000 secs] 591579K->70752K(2029056K), 0.0240617 secs] [Times: user=0.25 sys=0.00, real=0.02 secs] 
2020-09-29T18:09:14.012+0200: 28.320: [GC (Allocation Failure) 2020-09-29T18:09:14.012+0200: 28.320: [ParNew: 613440K->53454K(613440K), 0.0184501 secs] 616096K->56110K(2029056K), 0.0185091 secs] [Times: user=0.13 sys=0.00, real=0.02 secs] 
2020-09-29T18:09:14.083+0200: 28.391: [GC (Allocation Failure) 2020-09-29T18:09:14.083+0200: 28.391: [ParNew: 598798K->45280K(613440K), 0.0166060 secs] 601454K->47936K(2029056K), 0.0166662 secs] [Times: user=0.13 sys=0.00, real=0.02 secs] 
2020-09-29T18:09:14.148+0200: 28.456: [GC (Allocation Failure) 2020-09-29T18:09:14.148+0200: 28.456: [ParNew: 590624K->66636K(613440K), 0.0218653 secs] 593280K->69293K(2029056K), 0.0219370 secs] [Times: user=0.13 sys=0.00, real=0.02 secs] 
2020-09-29T18:09:14.222+0200: 28.530: [GC (Allocation Failure) 2020-09-29T18:09:14.222+0200: 28.530: [ParNew: 611980K->45069K(613440K), 0.0194604 secs] 614637K->47725K(2029056K), 0.0195445 secs] [Times: user=0.23 sys=0.00, real=0.02 secs] 
2020-09-29T18:09:14.289+0200: 28.597: [GC (Allocation Failure) 2020-09-29T18:09:14.289+0200: 28.597: [ParNew: 590413K->67044K(613440K), 0.0261202 secs] 593069K->69700K(2029056K), 0.0262046 secs] [Times: user=0.13 sys=0.00, real=0.03 secs] 
2020-09-29T18:09:14.362+0200: 28.670: [GC (Allocation Failure) 2020-09-29T18:09:14.362+0200: 28.670: [ParNew: 612388K->60877K(613440K), 0.0196746 secs] 615044K->63533K(2029056K), 0.0197472 secs] [Times: user=0.23 sys=0.01, real=0.02 secs] 
2020-09-29T18:09:14.430+0200: 28.738: [GC (Allocation Failure) 2020-09-29T18:09:14.430+0200: 28.738: [ParNew: 606221K->45919K(613440K), 0.0137304 secs] 608877K->48576K(2029056K), 0.0137850 secs] [Times: user=0.13 sys=0.00, real=0.01 secs] 
2020-09-29T18:09:14.494+0200: 28.802: [GC (Allocation Failure) 2020-09-29T18:09:14.494+0200: 28.802: [ParNew: 591263K->26789K(613440K), 0.0141463 secs] 593920K->29445K(2029056K), 0.0142135 secs] [Times: user=0.13 sys=0.00, real=0.01 secs] 
2020-09-29T18:09:14.556+0200: 28.864: [GC (Allocation Failure) 2020-09-29T18:09:14.556+0200: 28.864: [ParNew: 572133K->42985K(613440K), 0.0167643 secs] 574789K->45642K(2029056K), 0.0168448 secs] [Times: user=0.13 sys=0.00, real=0.02 secs] 
2020-09-29T18:09:14.622+0200: 28.930: [GC (Allocation Failure) 2020-09-29T18:09:14.622+0200: 28.930: [ParNew: 588329K->59667K(613440K), 0.0213910 secs] 590986K->62323K(2029056K), 0.0214645 secs] [Times: user=0.13 sys=0.00, real=0.02 secs] 
2020-09-29T18:09:14.695+0200: 29.003: [GC (Allocation Failure) 2020-09-29T18:09:14.695+0200: 29.003: [ParNew: 605011K->46120K(613440K), 0.0168616 secs] 607667K->48776K(2029056K), 0.0169327 secs] [Times: user=0.13 sys=0.00, real=0.02 secs] 
2020-09-29T18:09:14.760+0200: 29.068: [GC (Allocation Failure) 2020-09-29T18:09:14.760+0200: 29.068: [ParNew: 591464K->36891K(613440K), 0.0141943 secs] 594120K->39547K(2029056K), 0.0142645 secs] [Times: user=0.13 sys=0.00, real=0.01 secs] 
2020-09-29T18:09:14.828+0200: 29.136: [GC (Allocation Failure) 2020-09-29T18:09:14.828+0200: 29.136: [ParNew: 582235K->54034K(613440K), 0.0183971 secs] 584891K->56690K(2029056K), 0.0184532 secs] [Times: user=0.13 sys=0.00, real=0.02 secs] 
2020-09-29T18:09:14.894+0200: 29.202: [GC (Allocation Failure) 2020-09-29T18:09:14.894+0200: 29.202: [ParNew: 599378K->38481K(613440K), 0.0120012 secs] 602034K->41137K(2029056K), 0.0120575 secs] [Times: user=0.13 sys=0.00, real=0.01 secs] 
2020-09-29T18:09:14.958+0200: 29.266: [GC (Allocation Failure) 2020-09-29T18:09:14.958+0200: 29.266: [ParNew: 583825K->52265K(613440K), 0.0224697 secs] 586481K->54921K(2029056K), 0.0225707 secs] [Times: user=0.13 sys=0.00, real=0.02 secs] 
2020-09-29T18:09:15.028+0200: 29.336: [GC (Allocation Failure) 2020-09-29T18:09:15.028+0200: 29.336: [ParNew: 597609K->67327K(613440K), 0.0218680 secs] 600265K->69983K(2029056K), 0.0219398 secs] [Times: user=0.13 sys=0.00, real=0.02 secs] 
2020-09-29T18:09:15.097+0200: 29.405: [GC (Allocation Failure) 2020-09-29T18:09:15.097+0200: 29.405: [ParNew: 612671K->49046K(613440K), 0.0199314 secs] 615327K->51702K(2029056K), 0.0199888 secs] [Times: user=0.25 sys=0.00, real=0.02 secs] 
2020-09-29T18:09:15.166+0200: 29.474: [GC (Allocation Failure) 2020-09-29T18:09:15.166+0200: 29.474: [ParNew: 594390K->47740K(613440K), 0.0193814 secs] 597046K->50396K(2029056K), 0.0194359 secs] [Times: user=0.13 sys=0.00, real=0.02 secs] 
2020-09-29T18:09:15.235+0200: 29.543: [GC (Allocation Failure) 2020-09-29T18:09:15.235+0200: 29.543: [ParNew: 593084K->48413K(613440K), 0.0194317 secs] 595740K->51070K(2029056K), 0.0195141 secs] [Times: user=0.22 sys=0.00, real=0.02 secs] 
2020-09-29T18:09:15.304+0200: 29.612: [GC (Allocation Failure) 2020-09-29T18:09:15.304+0200: 29.612: [ParNew: 593757K->37410K(613440K), 0.0129699 secs] 596414K->40066K(2029056K), 0.0130395 secs] [Times: user=0.13 sys=0.00, real=0.01 secs] 
2020-09-29T18:09:15.367+0200: 29.675: [GC (Allocation Failure) 2020-09-29T18:09:15.367+0200: 29.675: [ParNew: 582754K->41551K(613440K), 0.0174838 secs] 585410K->44207K(2029056K), 0.0175608 secs] [Times: user=0.13 sys=0.00, real=0.02 secs] 
2020-09-29T18:09:15.433+0200: 29.741: [GC (Allocation Failure) 2020-09-29T18:09:15.433+0200: 29.741: [ParNew: 586895K->51229K(613440K), 0.0188815 secs] 589551K->53885K(2029056K), 0.0189688 secs] [Times: user=0.13 sys=0.00, real=0.02 secs] 
2020-09-29T18:09:15.502+0200: 29.810: [GC (Allocation Failure) 2020-09-29T18:09:15.502+0200: 29.810: [ParNew: 596573K->40489K(613440K), 0.0173528 secs] 599229K->43146K(2029056K), 0.0174271 secs] [Times: user=0.13 sys=0.00, real=0.02 secs] 
2020-09-29T18:09:15.583+0200: 29.891: [GC (Allocation Failure) 2020-09-29T18:09:15.583+0200: 29.891: [ParNew: 585833K->55244K(613440K), 0.0216805 secs] 588490K->57900K(2029056K), 0.0217542 secs] [Times: user=0.13 sys=0.00, real=0.02 secs] 
2020-09-29T18:09:15.655+0200: 29.963: [GC (Allocation Failure) 2020-09-29T18:09:15.655+0200: 29.963: [ParNew: 600588K->41254K(613440K), 0.0146809 secs] 603244K->43910K(2029056K), 0.0147475 secs] [Times: user=0.11 sys=0.00, real=0.02 secs] 
2020-09-29T18:09:15.721+0200: 30.030: [GC (Allocation Failure) 2020-09-29T18:09:15.721+0200: 30.030: [ParNew: 586598K->40424K(613440K), 0.0173012 secs] 589254K->43081K(2029056K), 0.0173557 secs] [Times: user=0.25 sys=0.00, real=0.02 secs] 
2020-09-29T18:09:15.789+0200: 30.098: [GC (Allocation Failure) 2020-09-29T18:09:15.789+0200: 30.098: [ParNew: 585768K->32744K(613440K), 0.0116893 secs] 588425K->35400K(2029056K), 0.0117446 secs] [Times: user=0.13 sys=0.00, real=0.01 secs] 
2020-09-29T18:09:15.860+0200: 30.168: [GC (Allocation Failure) 2020-09-29T18:09:15.860+0200: 30.168: [ParNew: 578088K->39229K(613440K), 0.0165638 secs] 580744K->41885K(2029056K), 0.0166245 secs] [Times: user=0.13 sys=0.00, real=0.02 secs] 
2020-09-29T18:09:15.923+0200: 30.232: [GC (Allocation Failure) 2020-09-29T18:09:15.923+0200: 30.232: [ParNew: 584191K->29459K(613440K), 0.0139697 secs] 586847K->32116K(2029056K), 0.0140404 secs] [Times: user=0.13 sys=0.00, real=0.01 secs] 
2020-09-29T18:09:15.984+0200: 30.293: [GC (Allocation Failure) 2020-09-29T18:09:15.984+0200: 30.293: [ParNew: 574803K->29535K(613440K), 0.0135115 secs] 577460K->32191K(2029056K), 0.0135679 secs] [Times: user=0.13 sys=0.00, real=0.01 secs] 
2020-09-29T18:09:16.051+0200: 30.359: [GC (Allocation Failure) 2020-09-29T18:09:16.051+0200: 30.359: [ParNew: 574879K->65313K(613440K), 0.0234109 secs] 577535K->67969K(2029056K), 0.0234835 secs] [Times: user=0.13 sys=0.00, real=0.02 secs] 
2020-09-29T18:09:16.122+0200: 30.430: [GC (Allocation Failure) 2020-09-29T18:09:16.122+0200: 30.430: [ParNew: 610657K->46393K(613440K), 0.0166832 secs] 613313K->49050K(2029056K), 0.0167533 secs] [Times: user=0.13 sys=0.00, real=0.02 secs] 
2020-09-29T18:09:16.193+0200: 30.501: [GC (Allocation Failure) 2020-09-29T18:09:16.193+0200: 30.501: [ParNew: 591737K->38052K(613440K), 0.0165252 secs] 594394K->40708K(2029056K), 0.0165937 secs] [Times: user=0.13 sys=0.00, real=0.02 secs] 
2020-09-29T18:09:16.263+0200: 30.571: [GC (Allocation Failure) 2020-09-29T18:09:16.263+0200: 30.571: [ParNew: 583396K->59168K(613440K), 0.0210635 secs] 586052K->61824K(2029056K), 0.0211196 secs] [Times: user=0.13 sys=0.00, real=0.02 secs] 
2020-09-29T18:09:16.331+0200: 30.640: [GC (Allocation Failure) 2020-09-29T18:09:16.332+0200: 30.640: [ParNew: 604512K->54121K(613440K), 0.0202407 secs] 607168K->56777K(2029056K), 0.0203242 secs] [Times: user=0.14 sys=0.00, real=0.02 secs] 
2020-09-29T18:09:16.401+0200: 30.709: [GC (Allocation Failure) 2020-09-29T18:09:16.401+0200: 30.709: [ParNew: 599465K->49464K(613440K), 0.0200240 secs] 602121K->52121K(2029056K), 0.0200823 secs] [Times: user=0.13 sys=0.00, real=0.02 secs] 
2020-09-29T18:09:16.468+0200: 30.776: [GC (Allocation Failure) 2020-09-29T18:09:16.468+0200: 30.776: [ParNew: 594808K->68096K(613440K), 0.0243268 secs] 597465K->72174K(2029056K), 0.0243756 secs] [Times: user=0.25 sys=0.00, real=0.02 secs] 
2020-09-29T18:09:16.542+0200: 30.850: [GC (Allocation Failure) 2020-09-29T18:09:16.542+0200: 30.850: [ParNew: 613440K->50941K(613440K), 0.0186049 secs] 617518K->55019K(2029056K), 0.0186762 secs] [Times: user=0.13 sys=0.00, real=0.02 secs] 
2020-09-29T18:09:16.611+0200: 30.918: [GC (Allocation Failure) 2020-09-29T18:09:16.611+0200: 30.918: [ParNew: 596285K->63451K(613440K), 0.0242796 secs] 600363K->67529K(2029056K), 0.0319768 secs] [Times: user=0.22 sys=0.00, real=0.03 secs] 
2020-09-29T18:09:16.691+0200: 31.000: [GC (Allocation Failure) 2020-09-29T18:09:16.691+0200: 31.000: [ParNew: 608795K->55908K(613440K), 0.0217438 secs] 612873K->59986K(2029056K), 0.0218056 secs] [Times: user=0.25 sys=0.00, real=0.02 secs] 
2020-09-29T18:09:16.760+0200: 31.068: [GC (Allocation Failure) 2020-09-29T18:09:16.760+0200: 31.069: [ParNew: 601252K->48480K(613440K), 0.0158320 secs] 605330K->52558K(2029056K), 0.0159196 secs] [Times: user=0.13 sys=0.00, real=0.02 secs] 
2020-09-29T18:09:16.826+0200: 31.134: [GC (Allocation Failure) 2020-09-29T18:09:16.826+0200: 31.134: [ParNew: 593824K->48743K(613440K), 0.0204502 secs] 597902K->52821K(2029056K), 0.0205046 secs] [Times: user=0.13 sys=0.00, real=0.02 secs] 
2020-09-29T18:09:16.894+0200: 31.202: [GC (Allocation Failure) 2020-09-29T18:09:16.894+0200: 31.202: [ParNew: 594087K->47254K(613440K), 0.0144312 secs] 598165K->51333K(2029056K), 0.0144899 secs] [Times: user=0.13 sys=0.00, real=0.01 secs] 
2020-09-29T18:09:16.957+0200: 31.265: [GC (Allocation Failure) 2020-09-29T18:09:16.957+0200: 31.265: [ParNew: 592598K->43409K(613440K), 0.0187680 secs] 596677K->47487K(2029056K), 0.0188251 secs] [Times: user=0.13 sys=0.00, real=0.02 secs] 
2020-09-29T18:09:17.036+0200: 31.344: [GC (Allocation Failure) 2020-09-29T18:09:17.036+0200: 31.344: [ParNew: 588753K->34600K(613440K), 0.0155310 secs] 592831K->38678K(2029056K), 0.0155928 secs] [Times: user=0.13 sys=0.00, real=0.02 secs] 
2020-09-29T18:09:17.098+0200: 31.406: [GC (Allocation Failure) 2020-09-29T18:09:17.098+0200: 31.406: [ParNew: 579944K->50582K(613440K), 0.0227437 secs] 584022K->54660K(2029056K), 0.0228189 secs] [Times: user=0.13 sys=0.00, real=0.02 secs] 
2020-09-29T18:09:17.167+0200: 31.476: [GC (Allocation Failure) 2020-09-29T18:09:17.167+0200: 31.476: [ParNew: 595926K->36546K(613440K), 0.0116187 secs] 600004K->40624K(2029056K), 0.0116753 secs] [Times: user=0.13 sys=0.00, real=0.01 secs] 
2020-09-29T18:09:17.231+0200: 31.540: [GC (Allocation Failure) 2020-09-29T18:09:17.231+0200: 31.540: [ParNew: 581890K->19480K(613440K), 0.0101234 secs] 585968K->23558K(2029056K), 0.0101892 secs] [Times: user=0.11 sys=0.00, real=0.01 secs] 
2020-09-29T18:09:17.297+0200: 31.604: [GC (Allocation Failure) 2020-09-29T18:09:17.297+0200: 31.604: [ParNew: 564824K->40584K(613440K), 0.0179113 secs] 568902K->44662K(2029056K), 0.0179655 secs] [Times: user=0.13 sys=0.00, real=0.02 secs] 
2020-09-29T18:09:17.363+0200: 31.670: [GC (Allocation Failure) 2020-09-29T18:09:17.363+0200: 31.670: [ParNew: 585928K->50378K(613440K), 0.0175572 secs] 590006K->54456K(2029056K), 0.0176509 secs] [Times: user=0.25 sys=0.00, real=0.02 secs] 
2020-09-29T18:09:17.427+0200: 31.734: [GC (Allocation Failure) 2020-09-29T18:09:17.427+0200: 31.734: [ParNew: 595722K->38375K(613440K), 0.0166304 secs] 599800K->42453K(2029056K), 0.0166921 secs] [Times: user=0.13 sys=0.00, real=0.02 secs] 
2020-09-29T18:09:17.498+0200: 31.805: [GC (Allocation Failure) 2020-09-29T18:09:17.498+0200: 31.805: [ParNew: 583719K->34856K(613440K), 0.0167596 secs] 587797K->38934K(2029056K), 0.0168480 secs] [Times: user=0.13 sys=0.00, real=0.02 secs] 
2020-09-29T18:09:17.566+0200: 31.873: [GC (Allocation Failure) 2020-09-29T18:09:17.566+0200: 31.873: [ParNew: 580200K->33471K(613440K), 0.0153488 secs] 584278K->37549K(2029056K), 0.0154296 secs] [Times: user=0.11 sys=0.00, real=0.02 secs] 
2020-09-29T18:09:17.631+0200: 31.938: [GC (Allocation Failure) 2020-09-29T18:09:17.631+0200: 31.938: [ParNew: 578815K->35662K(613440K), 0.0146675 secs] 582893K->39740K(2029056K), 0.0147436 secs] [Times: user=0.00 sys=0.00, real=0.01 secs] 
2020-09-29T18:09:17.695+0200: 32.002: [GC (Allocation Failure) 2020-09-29T18:09:17.695+0200: 32.002: [ParNew: 581006K->52921K(613440K), 0.0177473 secs] 585084K->56999K(2029056K), 0.0178066 secs] [Times: user=0.13 sys=0.00, real=0.02 secs] 
2020-09-29T18:09:17.761+0200: 32.068: [GC (Allocation Failure) 2020-09-29T18:09:17.761+0200: 32.068: [ParNew: 598265K->33177K(613440K), 0.0166370 secs] 602343K->37255K(2029056K), 0.0166926 secs] [Times: user=0.13 sys=0.00, real=0.02 secs] 
2020-09-29T18:09:17.824+0200: 32.131: [GC (Allocation Failure) 2020-09-29T18:09:17.824+0200: 32.131: [ParNew: 578521K->35387K(613440K), 0.0141680 secs] 582599K->39465K(2029056K), 0.0142391 secs] [Times: user=0.13 sys=0.00, real=0.01 secs] 
2020-09-29T18:09:17.889+0200: 32.197: [GC (Allocation Failure) 2020-09-29T18:09:17.889+0200: 32.197: [ParNew: 580731K->50804K(613440K), 0.0188754 secs] 584809K->54882K(2029056K), 0.0189504 secs] [Times: user=0.13 sys=0.00, real=0.02 secs] 
2020-09-29T18:09:17.958+0200: 32.265: [GC (Allocation Failure) 2020-09-29T18:09:17.958+0200: 32.265: [ParNew: 596148K->44085K(613440K), 0.0177808 secs] 600226K->48163K(2029056K), 0.0178603 secs] [Times: user=0.13 sys=0.00, real=0.02 secs] 
2020-09-29T18:09:18.027+0200: 32.334: [GC (Allocation Failure) 2020-09-29T18:09:18.027+0200: 32.334: [ParNew: 589429K->44250K(613440K), 0.0171407 secs] 593507K->48328K(2029056K), 0.0172052 secs] [Times: user=0.13 sys=0.00, real=0.02 secs] 
2020-09-29T18:09:18.094+0200: 32.401: [GC (Allocation Failure) 2020-09-29T18:09:18.094+0200: 32.401: [ParNew: 589594K->31545K(613440K), 0.0103176 secs] 593672K->35623K(2029056K), 0.0103764 secs] [Times: user=0.13 sys=0.00, real=0.01 secs] 
2020-09-29T18:09:18.156+0200: 32.463: [GC (Allocation Failure) 2020-09-29T18:09:18.156+0200: 32.463: [ParNew: 576889K->31754K(613440K), 0.0151790 secs] 580967K->35832K(2029056K), 0.0152461 secs] [Times: user=0.13 sys=0.00, real=0.02 secs] 
2020-09-29T18:09:18.220+0200: 32.527: [GC (Allocation Failure) 2020-09-29T18:09:18.220+0200: 32.527: [ParNew: 577098K->45787K(613440K), 0.0220143 secs] 581176K->49865K(2029056K), 0.0220819 secs] [Times: user=0.22 sys=0.00, real=0.02 secs] 
2020-09-29T18:09:18.291+0200: 32.598: [GC (Allocation Failure) 2020-09-29T18:09:18.291+0200: 32.598: [ParNew: 591131K->40157K(613440K), 0.0175806 secs] 595209K->44235K(2029056K), 0.0176497 secs] [Times: user=0.13 sys=0.00, real=0.02 secs] 
2020-09-29T18:09:18.357+0200: 32.665: [GC (Allocation Failure) 2020-09-29T18:09:18.357+0200: 32.665: [ParNew: 585501K->65041K(613440K), 0.0223754 secs] 589579K->69119K(2029056K), 0.0224460 secs] [Times: user=0.14 sys=0.03, real=0.02 secs] 
2020-09-29T18:09:18.427+0200: 32.734: [GC (Allocation Failure) 2020-09-29T18:09:18.427+0200: 32.734: [ParNew: 610385K->45493K(613440K), 0.0169373 secs] 614463K->49571K(2029056K), 0.0170217 secs] [Times: user=0.13 sys=0.00, real=0.02 secs] 
2020-09-29T18:09:18.490+0200: 32.798: [GC (Allocation Failure) 2020-09-29T18:09:18.490+0200: 32.798: [ParNew: 590837K->38894K(613440K), 0.0160297 secs] 594915K->42972K(2029056K), 0.0161018 secs] [Times: user=0.13 sys=0.00, real=0.02 secs] 
2020-09-29T18:09:18.556+0200: 32.863: [GC (Allocation Failure) 2020-09-29T18:09:18.556+0200: 32.863: [ParNew: 584238K->40642K(613440K), 0.0142255 secs] 588316K->44720K(2029056K), 0.0143055 secs] [Times: user=0.13 sys=0.00, real=0.01 secs] 
2020-09-29T18:09:18.619+0200: 32.926: [GC (Allocation Failure) 2020-09-29T18:09:18.619+0200: 32.926: [ParNew: 585986K->33811K(613440K), 0.0147795 secs] 590064K->37889K(2029056K), 0.0148577 secs] [Times: user=0.11 sys=0.00, real=0.01 secs] 
2020-09-29T18:09:18.685+0200: 32.992: [GC (Allocation Failure) 2020-09-29T18:09:18.685+0200: 32.993: [ParNew: 579155K->41804K(613440K), 0.0180394 secs] 583233K->45882K(2029056K), 0.0180976 secs] [Times: user=0.13 sys=0.00, real=0.02 secs] 
2020-09-29T18:09:18.751+0200: 33.059: [GC (Allocation Failure) 2020-09-29T18:09:18.751+0200: 33.059: [ParNew: 587148K->66206K(613440K), 0.0222741 secs] 591226K->70284K(2029056K), 0.0223461 secs] [Times: user=0.25 sys=0.00, real=0.02 secs] 
2020-09-29T18:09:18.825+0200: 33.132: [GC (Allocation Failure) 2020-09-29T18:09:18.825+0200: 33.132: [ParNew: 611550K->49315K(613440K), 0.0165724 secs] 615628K->53394K(2029056K), 0.0166324 secs] [Times: user=0.13 sys=0.00, real=0.02 secs] 
2020-09-29T18:09:18.889+0200: 33.196: [GC (Allocation Failure) 2020-09-29T18:09:18.889+0200: 33.196: [ParNew: 594659K->38130K(613440K), 0.0148731 secs] 598738K->42208K(2029056K), 0.0149305 secs] [Times: user=0.13 sys=0.00, real=0.02 secs] 
2020-09-29T18:09:18.953+0200: 33.260: [GC (Allocation Failure) 2020-09-29T18:09:18.953+0200: 33.260: [ParNew: 583474K->51290K(613440K), 0.0188263 secs] 587552K->55368K(2029056K), 0.0188951 secs] [Times: user=0.13 sys=0.00, real=0.02 secs] 
2020-09-29T18:09:19.019+0200: 33.326: [GC (Allocation Failure) 2020-09-29T18:09:19.019+0200: 33.326: [ParNew: 596634K->65286K(613440K), 0.0249895 secs] 600712K->69364K(2029056K), 0.0250597 secs] [Times: user=0.22 sys=0.00, real=0.02 secs] 
2020-09-29T18:09:19.093+0200: 33.400: [GC (Allocation Failure) 2020-09-29T18:09:19.093+0200: 33.400: [ParNew: 610630K->51102K(613440K), 0.0172128 secs] 614708K->55180K(2029056K), 0.0172887 secs] [Times: user=0.13 sys=0.00, real=0.02 secs] 
2020-09-29T18:09:19.160+0200: 33.467: [GC (Allocation Failure) 2020-09-29T18:09:19.160+0200: 33.467: [ParNew: 596446K->43666K(613440K), 0.0155140 secs] 600524K->47744K(2029056K), 0.0155940 secs] [Times: user=0.13 sys=0.00, real=0.01 secs] 
2020-09-29T18:09:19.225+0200: 33.532: [GC (Allocation Failure) 2020-09-29T18:09:19.225+0200: 33.532: [ParNew: 589010K->35724K(613440K), 0.0168455 secs] 593088K->39802K(2029056K), 0.0169145 secs] [Times: user=0.11 sys=0.00, real=0.02 secs] 
2020-09-29T18:09:19.294+0200: 33.601: [GC (Allocation Failure) 2020-09-29T18:09:19.294+0200: 33.601: [ParNew: 579560K->30919K(613440K), 0.0166135 secs] 583638K->34997K(2029056K), 0.0166873 secs] [Times: user=0.13 sys=0.00, real=0.02 secs] 
2020-09-29T18:09:19.359+0200: 33.666: [GC (Allocation Failure) 2020-09-29T18:09:19.359+0200: 33.666: [ParNew: 576263K->44126K(613440K), 0.0220179 secs] 580341K->48204K(2029056K), 0.0220867 secs] [Times: user=0.25 sys=0.00, real=0.02 secs] 
2020-09-29T18:09:19.440+0200: 33.748: [GC (Allocation Failure) 2020-09-29T18:09:19.440+0200: 33.748: [ParNew: 589470K->62463K(613440K), 0.0276185 secs] 593548K->66541K(2029056K), 0.0276896 secs] [Times: user=0.25 sys=0.00, real=0.03 secs] 
2020-09-29T18:09:19.515+0200: 33.822: [GC (Allocation Failure) 2020-09-29T18:09:19.515+0200: 33.823: [ParNew: 607807K->45552K(613440K), 0.0205990 secs] 611885K->49630K(2029056K), 0.0206719 secs] [Times: user=0.25 sys=0.00, real=0.02 secs] 
2020-09-29T18:09:19.589+0200: 33.897: [GC (Allocation Failure) 2020-09-29T18:09:19.589+0200: 33.897: [ParNew: 590896K->40974K(613440K), 0.0182950 secs] 594974K->45052K(2029056K), 0.0183609 secs] [Times: user=0.13 sys=0.00, real=0.02 secs] 
2020-09-29T18:09:19.673+0200: 33.980: [GC (Allocation Failure) 2020-09-29T18:09:19.673+0200: 33.980: [ParNew: 586318K->28324K(613440K), 0.0167274 secs] 590396K->32402K(2029056K), 0.0167958 secs] [Times: user=0.13 sys=0.00, real=0.02 secs] 
2020-09-29T18:09:19.739+0200: 34.046: [GC (Allocation Failure) 2020-09-29T18:09:19.739+0200: 34.046: [ParNew: 573668K->52191K(613440K), 0.0236658 secs] 577746K->56269K(2029056K), 0.0237486 secs] [Times: user=0.13 sys=0.00, real=0.02 secs] 
2020-09-29T18:09:19.818+0200: 34.125: [GC (Allocation Failure) 2020-09-29T18:09:19.818+0200: 34.125: [ParNew: 597535K->41439K(613440K), 0.0234379 secs] 601613K->45517K(2029056K), 0.0235072 secs] [Times: user=0.13 sys=0.00, real=0.02 secs] 
2020-09-29T18:09:19.896+0200: 34.204: [GC (Allocation Failure) 2020-09-29T18:09:19.896+0200: 34.204: [ParNew: 586783K->64129K(613440K), 0.0286760 secs] 590861K->68207K(2029056K), 0.0287627 secs] [Times: user=0.13 sys=0.00, real=0.03 secs] 
2020-09-29T18:09:19.973+0200: 34.281: [GC (Allocation Failure) 2020-09-29T18:09:19.973+0200: 34.281: [ParNew: 609473K->50314K(613440K), 0.0274045 secs] 613551K->54392K(2029056K), 0.0274737 secs] [Times: user=0.25 sys=0.00, real=0.03 secs] 
2020-09-29T18:09:20.049+0200: 34.356: [GC (Allocation Failure) 2020-09-29T18:09:20.049+0200: 34.356: [ParNew: 595658K->48594K(613440K), 0.0214823 secs] 599736K->52672K(2029056K), 0.0215485 secs] [Times: user=0.25 sys=0.00, real=0.02 secs] 
2020-09-29T18:09:20.123+0200: 34.430: [GC (Allocation Failure) 2020-09-29T18:09:20.123+0200: 34.430: [ParNew: 593938K->49154K(613440K), 0.0247943 secs] 598016K->53232K(2029056K), 0.0248635 secs] [Times: user=0.25 sys=0.00, real=0.03 secs] 
2020-09-29T18:09:20.200+0200: 34.508: [GC (Allocation Failure) 2020-09-29T18:09:20.200+0200: 34.508: [ParNew: 594498K->48798K(613440K), 0.0242147 secs] 598576K->52877K(2029056K), 0.0242963 secs] [Times: user=0.25 sys=0.00, real=0.02 secs] 
2020-09-29T18:09:20.279+0200: 34.587: [GC (Allocation Failure) 2020-09-29T18:09:20.279+0200: 34.587: [ParNew: 594142K->41002K(613440K), 0.0175196 secs] 598221K->45080K(2029056K), 0.0175997 secs] [Times: user=0.13 sys=0.00, real=0.02 secs] 
2020-09-29T18:09:20.350+0200: 34.658: [GC (Allocation Failure) 2020-09-29T18:09:20.351+0200: 34.658: [ParNew: 586346K->57067K(613440K), 0.0283893 secs] 590424K->61145K(2029056K), 0.0284926 secs] [Times: user=0.13 sys=0.00, real=0.03 secs] 
2020-09-29T18:09:20.428+0200: 34.735: [GC (Allocation Failure) 2020-09-29T18:09:20.428+0200: 34.735: [ParNew: 602411K->68096K(613440K), 0.0281866 secs] 606489K->72436K(2029056K), 0.0282545 secs] [Times: user=0.13 sys=0.00, real=0.03 secs] 
2020-09-29T18:09:20.504+0200: 34.812: [GC (Allocation Failure) 2020-09-29T18:09:20.504+0200: 34.812: [ParNew: 613440K->54245K(613440K), 0.0275662 secs] 617780K->58585K(2029056K), 0.0276322 secs] [Times: user=0.25 sys=0.00, real=0.03 secs] 
2020-09-29T18:09:20.583+0200: 34.890: [GC (Allocation Failure) 2020-09-29T18:09:20.583+0200: 34.890: [ParNew: 599589K->68096K(613440K), 0.0293221 secs] 603929K->72436K(2029056K), 0.0294042 secs] [Times: user=0.11 sys=0.00, real=0.03 secs] 
2020-09-29T18:09:20.667+0200: 34.974: [GC (Allocation Failure) 2020-09-29T18:09:20.667+0200: 34.974: [ParNew: 613440K->40759K(613440K), 0.0182188 secs] 617780K->45099K(2029056K), 0.0182861 secs] [Times: user=0.13 sys=0.00, real=0.02 secs] 
2020-09-29T18:09:20.742+0200: 35.050: [GC (Allocation Failure) 2020-09-29T18:09:20.742+0200: 35.050: [ParNew: 586103K->31544K(613440K), 0.0092478 secs] 590443K->35884K(2029056K), 0.0093148 secs] [Times: user=0.00 sys=0.00, real=0.01 secs] 
2020-09-29T18:09:20.804+0200: 35.112: [GC (Allocation Failure) 2020-09-29T18:09:20.804+0200: 35.112: [ParNew: 576888K->44143K(613440K), 0.0242153 secs] 581228K->48483K(2029056K), 0.0243021 secs] [Times: user=0.13 sys=0.00, real=0.03 secs] 
2020-09-29T18:09:20.876+0200: 35.184: [GC (Allocation Failure) 2020-09-29T18:09:20.876+0200: 35.184: [ParNew: 589487K->55266K(613440K), 0.0229036 secs] 593827K->59606K(2029056K), 0.0229741 secs] [Times: user=0.25 sys=0.00, real=0.02 secs] 
2020-09-29T18:09:20.948+0200: 35.256: [GC (Allocation Failure) 2020-09-29T18:09:20.948+0200: 35.256: [ParNew: 600610K->59519K(613440K), 0.0286612 secs] 604950K->63859K(2029056K), 0.0287294 secs] [Times: user=0.25 sys=0.00, real=0.03 secs] 
2020-09-29T18:09:21.024+0200: 35.332: [GC (Allocation Failure) 2020-09-29T18:09:21.024+0200: 35.332: [ParNew: 604863K->68096K(613440K), 0.0269928 secs] 609203K->72587K(2029056K), 0.0270863 secs] [Times: user=0.14 sys=0.00, real=0.03 secs] 
2020-09-29T18:09:21.107+0200: 35.414: [GC (Allocation Failure) 2020-09-29T18:09:21.107+0200: 35.414: [ParNew: 613440K->45304K(613440K), 0.0209901 secs] 617931K->49795K(2029056K), 0.0210565 secs] [Times: user=0.13 sys=0.00, real=0.02 secs] 
2020-09-29T18:09:21.178+0200: 35.485: [GC (Allocation Failure) 2020-09-29T18:09:21.178+0200: 35.485: [ParNew: 590648K->60262K(613440K), 0.0259513 secs] 595139K->64753K(2029056K), 0.0260245 secs] [Times: user=0.13 sys=0.00, real=0.03 secs] 
2020-09-29T18:09:21.254+0200: 35.562: [GC (Allocation Failure) 2020-09-29T18:09:21.254+0200: 35.562: [ParNew: 605606K->68096K(613440K), 0.0318867 secs] 610097K->73908K(2029056K), 0.0319532 secs] [Times: user=0.34 sys=0.00, real=0.03 secs] 
2020-09-29T18:09:21.334+0200: 35.642: [GC (Allocation Failure) 2020-09-29T18:09:21.334+0200: 35.642: [ParNew: 613440K->49314K(613440K), 0.0156529 secs] 619252K->55126K(2029056K), 0.0157182 secs] [Times: user=0.13 sys=0.00, real=0.02 secs] 
2020-09-29T18:09:21.408+0200: 35.716: [GC (Allocation Failure) 2020-09-29T18:09:21.408+0200: 35.716: [ParNew: 594658K->51593K(613440K), 0.0290928 secs] 600470K->57405K(2029056K), 0.0291806 secs] [Times: user=0.23 sys=0.00, real=0.03 secs] 
2020-09-29T18:09:21.487+0200: 35.795: [GC (Allocation Failure) 2020-09-29T18:09:21.487+0200: 35.795: [ParNew: 596937K->34011K(613440K), 0.0149848 secs] 602749K->39823K(2029056K), 0.0150510 secs] [Times: user=0.13 sys=0.00, real=0.02 secs] 
2020-09-29T18:09:21.554+0200: 35.862: [GC (Allocation Failure) 2020-09-29T18:09:21.554+0200: 35.862: [ParNew: 579355K->30969K(613440K), 0.0201090 secs] 585167K->36781K(2029056K), 0.0202074 secs] [Times: user=0.13 sys=0.00, real=0.02 secs] 
2020-09-29T18:09:21.624+0200: 35.931: [GC (Allocation Failure) 2020-09-29T18:09:21.624+0200: 35.931: [ParNew: 576313K->46681K(613440K), 0.0247676 secs] 582125K->52493K(2029056K), 0.0248350 secs] [Times: user=0.23 sys=0.00, real=0.02 secs] 
2020-09-29T18:09:21.699+0200: 36.007: [GC (Allocation Failure) 2020-09-29T18:09:21.699+0200: 36.007: [ParNew: 592025K->35266K(613440K), 0.0145170 secs] 597837K->41078K(2029056K), 0.0145916 secs] [Times: user=0.13 sys=0.00, real=0.02 secs] 
2020-09-29T18:09:21.763+0200: 36.071: [GC (Allocation Failure) 2020-09-29T18:09:21.763+0200: 36.071: [ParNew: 580610K->17893K(613440K), 0.0121247 secs] 586422K->23705K(2029056K), 0.0122015 secs] [Times: user=0.13 sys=0.00, real=0.01 secs] 
2020-09-29T18:09:21.829+0200: 36.137: [GC (Allocation Failure) 2020-09-29T18:09:21.829+0200: 36.137: [ParNew: 563237K->47691K(613440K), 0.0254494 secs] 569049K->53503K(2029056K), 0.0255194 secs] [Times: user=0.25 sys=0.00, real=0.03 secs] 
2020-09-29T18:09:21.903+0200: 36.211: [GC (Allocation Failure) 2020-09-29T18:09:21.903+0200: 36.211: [ParNew: 593035K->59081K(613440K), 0.0238361 secs] 598847K->64893K(2029056K), 0.0239081 secs] [Times: user=0.25 sys=0.00, real=0.02 secs] 
2020-09-29T18:09:21.977+0200: 36.285: [GC (Allocation Failure) 2020-09-29T18:09:21.977+0200: 36.285: [ParNew: 604425K->43235K(613440K), 0.0230591 secs] 610237K->49047K(2029056K), 0.0231319 secs] [Times: user=0.13 sys=0.00, real=0.02 secs] 
2020-09-29T18:09:22.057+0200: 36.364: [GC (Allocation Failure) 2020-09-29T18:09:22.057+0200: 36.364: [ParNew: 588579K->43000K(613440K), 0.0236696 secs] 594391K->48813K(2029056K), 0.0237680 secs] [Times: user=0.13 sys=0.00, real=0.02 secs] 
2020-09-29T18:09:22.131+0200: 36.439: [GC (Allocation Failure) 2020-09-29T18:09:22.131+0200: 36.439: [ParNew: 588344K->40426K(613440K), 0.0222077 secs] 594157K->46238K(2029056K), 0.0222888 secs] [Times: user=0.13 sys=0.00, real=0.02 secs] 
2020-09-29T18:09:22.207+0200: 36.515: [GC (Allocation Failure) 2020-09-29T18:09:22.207+0200: 36.515: [ParNew: 585770K->46737K(613440K), 0.0238310 secs] 591582K->52549K(2029056K), 0.0239154 secs] [Times: user=0.22 sys=0.00, real=0.02 secs] 
2020-09-29T18:09:22.281+0200: 36.589: [GC (Allocation Failure) 2020-09-29T18:09:22.281+0200: 36.589: [ParNew: 592081K->58833K(613440K), 0.0257375 secs] 597893K->64645K(2029056K), 0.0258128 secs] [Times: user=0.25 sys=0.00, real=0.03 secs] 
2020-09-29T18:09:22.357+0200: 36.664: [GC (Allocation Failure) 2020-09-29T18:09:22.357+0200: 36.664: [ParNew: 604177K->50811K(613440K), 0.0243283 secs] 609989K->56623K(2029056K), 0.0244165 secs] [Times: user=0.25 sys=0.00, real=0.02 secs] 
2020-09-29T18:09:22.437+0200: 36.745: [GC (Allocation Failure) 2020-09-29T18:09:22.437+0200: 36.745: [ParNew: 596155K->68096K(613440K), 0.0321240 secs] 601967K->75192K(2029056K), 0.0321900 secs] [Times: user=0.25 sys=0.00, real=0.03 secs] 
2020-09-29T18:09:22.516+0200: 36.824: [GC (Allocation Failure) 2020-09-29T18:09:22.516+0200: 36.824: [ParNew: 613440K->68096K(613440K), 0.0306646 secs] 620536K->75212K(2029056K), 0.0307392 secs] [Times: user=0.25 sys=0.00, real=0.03 secs] 
2020-09-29T18:09:22.599+0200: 36.907: [GC (Allocation Failure) 2020-09-29T18:09:22.599+0200: 36.907: [ParNew: 613440K->47497K(613440K), 0.0165322 secs] 620556K->54614K(2029056K), 0.0165989 secs] [Times: user=0.13 sys=0.00, real=0.02 secs] 
2020-09-29T18:09:22.685+0200: 36.993: [GC (Allocation Failure) 2020-09-29T18:09:22.685+0200: 36.993: [ParNew: 592841K->63139K(613440K), 0.0283599 secs] 599958K->70256K(2029056K), 0.0284311 secs] [Times: user=0.25 sys=0.00, real=0.03 secs] 
2020-09-29T18:09:22.762+0200: 37.070: [GC (Allocation Failure) 2020-09-29T18:09:22.762+0200: 37.070: [ParNew: 608483K->46570K(613440K), 0.0206146 secs] 615600K->53687K(2029056K), 0.0206905 secs] [Times: user=0.13 sys=0.00, real=0.02 secs] 
2020-09-29T18:09:22.835+0200: 37.143: [GC (Allocation Failure) 2020-09-29T18:09:22.836+0200: 37.143: [ParNew: 591914K->65654K(613440K), 0.0335277 secs] 599031K->72771K(2029056K), 0.0336046 secs] [Times: user=0.25 sys=0.00, real=0.03 secs] 
2020-09-29T18:09:22.917+0200: 37.225: [GC (Allocation Failure) 2020-09-29T18:09:22.917+0200: 37.225: [ParNew: 610998K->61818K(613440K), 0.0261356 secs] 618115K->68935K(2029056K), 0.0262090 secs] [Times: user=0.25 sys=0.00, real=0.03 secs] 
2020-09-29T18:09:22.992+0200: 37.300: [GC (Allocation Failure) 2020-09-29T18:09:22.992+0200: 37.300: [ParNew: 607162K->45049K(613440K), 0.0173475 secs] 614279K->52166K(2029056K), 0.0174168 secs] [Times: user=0.13 sys=0.00, real=0.02 secs] 
2020-09-29T18:09:23.059+0200: 37.366: [GC (Allocation Failure) 2020-09-29T18:09:23.059+0200: 37.366: [ParNew: 590393K->46260K(613440K), 0.0241767 secs] 597510K->53377K(2029056K), 0.0242513 secs] [Times: user=0.25 sys=0.00, real=0.02 secs] 
2020-09-29T18:09:23.133+0200: 37.441: [GC (Allocation Failure) 2020-09-29T18:09:23.133+0200: 37.441: [ParNew: 591604K->65314K(613440K), 0.0241518 secs] 598721K->72431K(2029056K), 0.0242195 secs] [Times: user=0.13 sys=0.00, real=0.02 secs] 
2020-09-29T18:09:23.213+0200: 37.521: [GC (Allocation Failure) 2020-09-29T18:09:23.213+0200: 37.521: [ParNew: 610658K->42970K(613440K), 0.0250166 secs] 617775K->50087K(2029056K), 0.0250974 secs] [Times: user=0.11 sys=0.00, real=0.02 secs] 
2020-09-29T18:09:23.287+0200: 37.595: [GC (Allocation Failure) 2020-09-29T18:09:23.287+0200: 37.595: [ParNew: 588314K->39872K(613440K), 0.0221378 secs] 595431K->46989K(2029056K), 0.0222156 secs] [Times: user=0.13 sys=0.00, real=0.02 secs] 
2020-09-29T18:09:23.357+0200: 37.664: [GC (Allocation Failure) 2020-09-29T18:09:23.357+0200: 37.664: [ParNew: 585216K->62867K(613440K), 0.0282748 secs] 592333K->69984K(2029056K), 0.0283501 secs] [Times: user=0.25 sys=0.00, real=0.03 secs] 
2020-09-29T18:09:23.435+0200: 37.743: [GC (Allocation Failure) 2020-09-29T18:09:23.435+0200: 37.743: [ParNew: 608211K->47432K(613440K), 0.0196678 secs] 615328K->54549K(2029056K), 0.0274398 secs] [Times: user=0.13 sys=0.00, real=0.03 secs] 
2020-09-29T18:09:23.529+0200: 37.837: [GC (Allocation Failure) 2020-09-29T18:09:23.529+0200: 37.837: [ParNew: 592776K->39390K(613440K), 0.0173627 secs] 599893K->46507K(2029056K), 0.0174279 secs] [Times: user=0.13 sys=0.00, real=0.02 secs] 
2020-09-29T18:09:23.606+0200: 37.914: [GC (Allocation Failure) 2020-09-29T18:09:23.606+0200: 37.914: [ParNew: 584734K->54091K(613440K), 0.0263108 secs] 591851K->61208K(2029056K), 0.0263804 secs] [Times: user=0.23 sys=0.00, real=0.03 secs] 
2020-09-29T18:09:23.683+0200: 37.991: [GC (Allocation Failure) 2020-09-29T18:09:23.683+0200: 37.991: [ParNew: 599435K->63998K(613440K), 0.0249526 secs] 606552K->71115K(2029056K), 0.0250205 secs] [Times: user=0.25 sys=0.00, real=0.02 secs] 
2020-09-29T18:09:23.758+0200: 38.066: [GC (Allocation Failure) 2020-09-29T18:09:23.758+0200: 38.066: [ParNew: 609342K->51094K(613440K), 0.0239164 secs] 616459K->58211K(2029056K), 0.0240046 secs] [Times: user=0.13 sys=0.00, real=0.02 secs] 
2020-09-29T18:09:23.833+0200: 38.141: [GC (Allocation Failure) 2020-09-29T18:09:23.833+0200: 38.141: [ParNew: 596438K->68096K(613440K), 0.0300389 secs] 603555K->75212K(2029056K), 0.0301279 secs] [Times: user=0.13 sys=0.00, real=0.03 secs] 
2020-09-29T18:09:23.914+0200: 38.222: [GC (Allocation Failure) 2020-09-29T18:09:23.914+0200: 38.222: [ParNew: 613440K->59013K(613440K), 0.0291999 secs] 620556K->66129K(2029056K), 0.0292918 secs] [Times: user=0.25 sys=0.00, real=0.03 secs] 
2020-09-29T18:09:23.992+0200: 38.300: [GC (Allocation Failure) 2020-09-29T18:09:23.992+0200: 38.300: [ParNew: 604357K->48550K(613440K), 0.0205897 secs] 611473K->55667K(2029056K), 0.0206571 secs] [Times: user=0.13 sys=0.00, real=0.02 secs] 
2020-09-29T18:09:24.064+0200: 38.372: [GC (Allocation Failure) 2020-09-29T18:09:24.064+0200: 38.372: [ParNew: 593894K->64850K(613440K), 0.0267315 secs] 601011K->71967K(2029056K), 0.0268071 secs] [Times: user=0.25 sys=0.00, real=0.03 secs] 
2020-09-29T18:09:24.139+0200: 38.447: [GC (Allocation Failure) 2020-09-29T18:09:24.139+0200: 38.447: [ParNew: 610194K->43632K(613440K), 0.0189216 secs] 617311K->50749K(2029056K), 0.0189894 secs] [Times: user=0.13 sys=0.00, real=0.02 secs] 
2020-09-29T18:09:24.208+0200: 38.516: [GC (Allocation Failure) 2020-09-29T18:09:24.208+0200: 38.516: [ParNew: 588976K->45471K(613440K), 0.0260018 secs] 596093K->52588K(2029056K), 0.0260703 secs] [Times: user=0.11 sys=0.00, real=0.03 secs] 
2020-09-29T18:09:24.291+0200: 38.599: [GC (Allocation Failure) 2020-09-29T18:09:24.291+0200: 38.599: [ParNew: 590815K->38061K(613440K), 0.0183716 secs] 597932K->45178K(2029056K), 0.0184409 secs] [Times: user=0.13 sys=0.00, real=0.02 secs] 
2020-09-29T18:09:24.372+0200: 38.680: [GC (Allocation Failure) 2020-09-29T18:09:24.372+0200: 38.680: [ParNew: 583405K->37713K(613440K), 0.0235406 secs] 590522K->44830K(2029056K), 0.0236274 secs] [Times: user=0.25 sys=0.00, real=0.02 secs] 
2020-09-29T18:09:24.455+0200: 38.763: [GC (Allocation Failure) 2020-09-29T18:09:24.455+0200: 38.763: [ParNew: 583057K->52417K(613440K), 0.0240841 secs] 590174K->59534K(2029056K), 0.0241722 secs] [Times: user=0.25 sys=0.00, real=0.03 secs] 
2020-09-29T18:09:24.530+0200: 38.838: [GC (Allocation Failure) 2020-09-29T18:09:24.530+0200: 38.838: [ParNew: 597761K->38542K(613440K), 0.0210976 secs] 604878K->45659K(2029056K), 0.0211673 secs] [Times: user=0.25 sys=0.00, real=0.02 secs] 
2020-09-29T18:09:24.611+0200: 38.920: [GC (Allocation Failure) 2020-09-29T18:09:24.612+0200: 38.920: [ParNew: 583886K->54669K(613440K), 0.0300749 secs] 591003K->61786K(2029056K), 0.0301506 secs] [Times: user=0.22 sys=0.00, real=0.03 secs] 
2020-09-29T18:09:24.698+0200: 39.006: [GC (Allocation Failure) 2020-09-29T18:09:24.698+0200: 39.006: [ParNew: 600013K->46335K(613440K), 0.0269897 secs] 607130K->53452K(2029056K), 0.0270612 secs] [Times: user=0.25 sys=0.00, real=0.03 secs] 
2020-09-29T18:09:24.775+0200: 39.083: [GC (Allocation Failure) 2020-09-29T18:09:24.775+0200: 39.083: [ParNew: 591679K->48450K(613440K), 0.0268618 secs] 598796K->55567K(2029056K), 0.0269353 secs] [Times: user=0.25 sys=0.00, real=0.03 secs] 
2020-09-29T18:09:24.852+0200: 39.161: [GC (Allocation Failure) 2020-09-29T18:09:24.852+0200: 39.161: [ParNew: 593794K->68096K(613440K), 0.0342693 secs] 600911K->76096K(2029056K), 0.0343367 secs] [Times: user=0.25 sys=0.00, real=0.04 secs] 
2020-09-29T18:09:24.935+0200: 39.243: [GC (Allocation Failure) 2020-09-29T18:09:24.935+0200: 39.243: [ParNew: 613440K->43293K(613440K), 0.0180462 secs] 621440K->51293K(2029056K), 0.0181252 secs] [Times: user=0.13 sys=0.00, real=0.02 secs] 
2020-09-29T18:09:25.003+0200: 39.311: [GC (Allocation Failure) 2020-09-29T18:09:25.003+0200: 39.312: [ParNew: 588637K->61085K(613440K), 0.0308277 secs] 596637K->69086K(2029056K), 0.0309132 secs] [Times: user=0.17 sys=0.00, real=0.03 secs] 
2020-09-29T18:09:25.086+0200: 39.394: [GC (Allocation Failure) 2020-09-29T18:09:25.086+0200: 39.394: [ParNew: 606429K->68096K(613440K), 0.0292506 secs] 614430K->76096K(2029056K), 0.0293434 secs] [Times: user=0.25 sys=0.00, real=0.03 secs] 
2020-09-29T18:09:25.169+0200: 39.477: [GC (Allocation Failure) 2020-09-29T18:09:25.169+0200: 39.477: [ParNew: 613440K->42707K(613440K), 0.0207806 secs] 621440K->50708K(2029056K), 0.0208748 secs] [Times: user=0.13 sys=0.00, real=0.02 secs] 
2020-09-29T18:09:25.251+0200: 39.559: [GC (Allocation Failure) 2020-09-29T18:09:25.251+0200: 39.560: [ParNew: 588051K->40190K(613440K), 0.0191956 secs] 596052K->48190K(2029056K), 0.0192661 secs] [Times: user=0.22 sys=0.00, real=0.02 secs] 
2020-09-29T18:09:25.325+0200: 39.633: [GC (Allocation Failure) 2020-09-29T18:09:25.325+0200: 39.633: [ParNew: 585534K->54104K(613440K), 0.0259508 secs] 593534K->62104K(2029056K), 0.0260266 secs] [Times: user=0.25 sys=0.00, real=0.03 secs] 
2020-09-29T18:09:25.402+0200: 39.711: [GC (Allocation Failure) 2020-09-29T18:09:25.402+0200: 39.711: [ParNew: 599448K->57078K(613440K), 0.0250891 secs] 607448K->65078K(2029056K), 0.0251711 secs] [Times: user=0.25 sys=0.00, real=0.03 secs] 
2020-09-29T18:09:25.478+0200: 39.786: [GC (Allocation Failure) 2020-09-29T18:09:25.478+0200: 39.786: [ParNew: 602422K->37751K(613440K), 0.0243681 secs] 610422K->45752K(2029056K), 0.0244405 secs] [Times: user=0.13 sys=0.00, real=0.02 secs] 
2020-09-29T18:09:25.555+0200: 39.863: [GC (Allocation Failure) 2020-09-29T18:09:25.555+0200: 39.863: [ParNew: 583095K->37956K(613440K), 0.0230477 secs] 591096K->45957K(2029056K), 0.0231381 secs] [Times: user=0.13 sys=0.00, real=0.02 secs] 
2020-09-29T18:09:25.641+0200: 39.949: [GC (Allocation Failure) 2020-09-29T18:09:25.641+0200: 39.949: [ParNew: 583300K->43512K(613440K), 0.0237102 secs] 591301K->51513K(2029056K), 0.0237865 secs] [Times: user=0.25 sys=0.00, real=0.02 secs] 
2020-09-29T18:09:25.719+0200: 40.027: [GC (Allocation Failure) 2020-09-29T18:09:25.719+0200: 40.027: [ParNew: 588856K->33860K(613440K), 0.0213555 secs] 596857K->41860K(2029056K), 0.0214304 secs] [Times: user=0.25 sys=0.00, real=0.02 secs] 
2020-09-29T18:09:25.792+0200: 40.100: [GC (Allocation Failure) 2020-09-29T18:09:25.792+0200: 40.100: [ParNew: 579204K->57366K(613440K), 0.0338053 secs] 587204K->65366K(2029056K), 0.0338980 secs] [Times: user=0.25 sys=0.00, real=0.03 secs] 
2020-09-29T18:09:25.877+0200: 40.185: [GC (Allocation Failure) 2020-09-29T18:09:25.877+0200: 40.185: [ParNew: 602710K->53730K(613440K), 0.0262489 secs] 610710K->61730K(2029056K), 0.0263186 secs] [Times: user=0.25 sys=0.00, real=0.03 secs] 
2020-09-29T18:09:25.953+0200: 40.262: [GC (Allocation Failure) 2020-09-29T18:09:25.953+0200: 40.262: [ParNew: 599074K->68096K(613440K), 0.0327784 secs] 607074K->76588K(2029056K), 0.0328473 secs] [Times: user=0.25 sys=0.00, real=0.03 secs] 
2020-09-29T18:09:26.034+0200: 40.342: [GC (Allocation Failure) 2020-09-29T18:09:26.034+0200: 40.342: [ParNew: 613440K->53637K(613440K), 0.0245871 secs] 621932K->62130K(2029056K), 0.0246636 secs] [Times: user=0.25 sys=0.00, real=0.03 secs] 
2020-09-29T18:09:26.112+0200: 40.420: [GC (Allocation Failure) 2020-09-29T18:09:26.112+0200: 40.420: [ParNew: 598981K->39248K(613440K), 0.0223030 secs] 607474K->47741K(2029056K), 0.0223765 secs] [Times: user=0.25 sys=0.00, real=0.02 secs] 
2020-09-29T18:09:26.192+0200: 40.500: [GC (Allocation Failure) 2020-09-29T18:09:26.192+0200: 40.500: [ParNew: 584592K->58877K(613440K), 0.0288543 secs] 593085K->67370K(2029056K), 0.0289692 secs] [Times: user=0.13 sys=0.00, real=0.03 secs] 
2020-09-29T18:09:26.273+0200: 40.581: [GC (Allocation Failure) 2020-09-29T18:09:26.273+0200: 40.582: [ParNew: 604221K->46172K(613440K), 0.0209740 secs] 612714K->54665K(2029056K), 0.0210423 secs] [Times: user=0.13 sys=0.00, real=0.02 secs] 
2020-09-29T18:09:26.347+0200: 40.655: [GC (Allocation Failure) 2020-09-29T18:09:26.347+0200: 40.655: [ParNew: 591516K->36701K(613440K), 0.0191561 secs] 600009K->45194K(2029056K), 0.0192232 secs] [Times: user=0.23 sys=0.00, real=0.02 secs] 
2020-09-29T18:09:26.418+0200: 40.726: [GC (Allocation Failure) 2020-09-29T18:09:26.418+0200: 40.726: [ParNew: 582045K->28208K(613440K), 0.0190761 secs] 590538K->36701K(2029056K), 0.0191516 secs] [Times: user=0.13 sys=0.00, real=0.02 secs] 
2020-09-29T18:09:26.495+0200: 40.803: [GC (Allocation Failure) 2020-09-29T18:09:26.495+0200: 40.803: [ParNew: 573552K->31911K(613440K), 0.0176517 secs] 582045K->40404K(2029056K), 0.0177209 secs] [Times: user=0.13 sys=0.00, real=0.02 secs] 
2020-09-29T18:09:26.571+0200: 40.879: [GC (Allocation Failure) 2020-09-29T18:09:26.571+0200: 40.879: [ParNew: 577255K->23692K(613440K), 0.0185431 secs] 585748K->32185K(2029056K), 0.0186146 secs] [Times: user=0.11 sys=0.00, real=0.02 secs] 
2020-09-29T18:09:26.655+0200: 40.964: [GC (Allocation Failure) 2020-09-29T18:09:26.655+0200: 40.964: [ParNew: 569036K->39787K(613440K), 0.0239836 secs] 577529K->48279K(2029056K), 0.0240675 secs] [Times: user=0.25 sys=0.00, real=0.03 secs] 
2020-09-29T18:09:26.737+0200: 41.045: [GC (Allocation Failure) 2020-09-29T18:09:26.737+0200: 41.045: [ParNew: 585131K->58226K(613440K), 0.0279128 secs] 593623K->66718K(2029056K), 0.0279911 secs] [Times: user=0.25 sys=0.00, real=0.03 secs] 
2020-09-29T18:09:26.814+0200: 41.123: [GC (Allocation Failure) 2020-09-29T18:09:26.815+0200: 41.123: [ParNew: 603570K->44993K(613440K), 0.0196973 secs] 612062K->53486K(2029056K), 0.0197789 secs] [Times: user=0.25 sys=0.00, real=0.02 secs] 
2020-09-29T18:09:26.900+0200: 41.208: [GC (Allocation Failure) 2020-09-29T18:09:26.900+0200: 41.208: [ParNew: 590337K->40109K(613440K), 0.0194694 secs] 598830K->48602K(2029056K), 0.0195369 secs] [Times: user=0.13 sys=0.00, real=0.02 secs] 
2020-09-29T18:09:26.979+0200: 41.287: [GC (Allocation Failure) 2020-09-29T18:09:26.979+0200: 41.287: [ParNew: 585453K->44437K(613440K), 0.0256613 secs] 593946K->52930K(2029056K), 0.0257324 secs] [Times: user=0.25 sys=0.00, real=0.03 secs] 
2020-09-29T18:09:27.055+0200: 41.363: [GC (Allocation Failure) 2020-09-29T18:09:27.055+0200: 41.363: [ParNew: 589781K->54090K(613440K), 0.0255781 secs] 598274K->62583K(2029056K), 0.0256695 secs] [Times: user=0.13 sys=0.00, real=0.03 secs] 
2020-09-29T18:09:27.132+0200: 41.441: [GC (Allocation Failure) 2020-09-29T18:09:27.132+0200: 41.441: [ParNew: 598857K->30304K(613440K), 0.0144398 secs] 607350K->38797K(2029056K), 0.0145314 secs] [Times: user=0.13 sys=0.00, real=0.02 secs] 
2020-09-29T18:09:27.210+0200: 41.518: [GC (Allocation Failure) 2020-09-29T18:09:27.210+0200: 41.518: [ParNew: 575648K->49441K(613440K), 0.0301474 secs] 584141K->57933K(2029056K), 0.0302317 secs] [Times: user=0.23 sys=0.00, real=0.03 secs] 
2020-09-29T18:09:27.295+0200: 41.604: [GC (Allocation Failure) 2020-09-29T18:09:27.295+0200: 41.604: [ParNew: 594785K->39342K(613440K), 0.0180239 secs] 603277K->47835K(2029056K), 0.0180928 secs] [Times: user=0.13 sys=0.00, real=0.02 secs] 
2020-09-29T18:09:27.369+0200: 41.677: [GC (Allocation Failure) 2020-09-29T18:09:27.369+0200: 41.677: [ParNew: 584686K->28585K(613440K), 0.0160070 secs] 593179K->37078K(2029056K), 0.0160847 secs] [Times: user=0.13 sys=0.00, real=0.02 secs] 
2020-09-29T18:09:27.437+0200: 41.745: [GC (Allocation Failure) 2020-09-29T18:09:27.437+0200: 41.745: [ParNew: 573929K->23085K(613440K), 0.0144506 secs] 582422K->31578K(2029056K), 0.0145233 secs] [Times: user=0.13 sys=0.00, real=0.01 secs] 
2020-09-29T18:09:27.500+0200: 41.808: [GC (Allocation Failure) 2020-09-29T18:09:27.500+0200: 41.808: [ParNew: 568429K->56512K(613440K), 0.0304094 secs] 576922K->65005K(2029056K), 0.0384707 secs] [Times: user=0.25 sys=0.00, real=0.04 secs] 
2020-09-29T18:09:27.596+0200: 41.904: [GC (Allocation Failure) 2020-09-29T18:09:27.596+0200: 41.904: [ParNew: 601856K->38911K(613440K), 0.0144113 secs] 610349K->47404K(2029056K), 0.0144811 secs] [Times: user=0.13 sys=0.00, real=0.02 secs] 
2020-09-29T18:09:27.671+0200: 41.979: [GC (Allocation Failure) 2020-09-29T18:09:27.671+0200: 41.979: [ParNew: 584255K->33769K(613440K), 0.0215072 secs] 592748K->42262K(2029056K), 0.0215766 secs] [Times: user=0.25 sys=0.00, real=0.02 secs] 
2020-09-29T18:09:27.753+0200: 42.061: [GC (Allocation Failure) 2020-09-29T18:09:27.753+0200: 42.061: [ParNew: 579113K->65283K(613440K), 0.0338640 secs] 587606K->73776K(2029056K), 0.0339351 secs] [Times: user=0.38 sys=0.00, real=0.03 secs] 
2020-09-29T18:09:27.835+0200: 42.143: [GC (Allocation Failure) 2020-09-29T18:09:27.835+0200: 42.143: [ParNew: 610627K->68096K(613440K), 0.0340254 secs] 619120K->77429K(2029056K), 0.0340889 secs] [Times: user=0.25 sys=0.00, real=0.03 secs] 
2020-09-29T18:09:27.920+0200: 42.228: [GC (Allocation Failure) 2020-09-29T18:09:27.920+0200: 42.228: [ParNew: 613440K->51387K(613440K), 0.0258017 secs] 622773K->60721K(2029056K), 0.0258713 secs] [Times: user=0.25 sys=0.00, real=0.03 secs] 
2020-09-29T18:09:27.996+0200: 42.304: [GC (Allocation Failure) 2020-09-29T18:09:27.996+0200: 42.304: [ParNew: 596731K->38666K(613440K), 0.0146963 secs] 606065K->48000K(2029056K), 0.0147627 secs] [Times: user=0.13 sys=0.00, real=0.01 secs] 
2020-09-29T18:09:28.069+0200: 42.376: [GC (Allocation Failure) 2020-09-29T18:09:28.069+0200: 42.376: [ParNew: 584010K->37620K(613440K), 0.0232583 secs] 593344K->46954K(2029056K), 0.0233267 secs] [Times: user=0.13 sys=0.00, real=0.02 secs] 
2020-09-29T18:09:28.147+0200: 42.454: [GC (Allocation Failure) 2020-09-29T18:09:28.147+0200: 42.454: [ParNew: 582964K->52328K(613440K), 0.0294910 secs] 592298K->61662K(2029056K), 0.0295644 secs] [Times: user=0.13 sys=0.00, real=0.03 secs] 
2020-09-29T18:09:28.229+0200: 42.537: [GC (Allocation Failure) 2020-09-29T18:09:28.229+0200: 42.537: [ParNew: 597672K->43287K(613440K), 0.0228155 secs] 607006K->52621K(2029056K), 0.0228911 secs] [Times: user=0.11 sys=0.00, real=0.02 secs] 
2020-09-29T18:09:28.304+0200: 42.612: [GC (Allocation Failure) 2020-09-29T18:09:28.304+0200: 42.612: [ParNew: 588631K->36095K(613440K), 0.0191039 secs] 597965K->45429K(2029056K), 0.0191731 secs] [Times: user=0.13 sys=0.00, real=0.02 secs] 
2020-09-29T18:09:28.378+0200: 42.686: [GC (Allocation Failure) 2020-09-29T18:09:28.378+0200: 42.686: [ParNew: 581439K->50026K(613440K), 0.0281505 secs] 590773K->59360K(2029056K), 0.0282244 secs] [Times: user=0.25 sys=0.00, real=0.03 secs] 
2020-09-29T18:09:28.458+0200: 42.765: [GC (Allocation Failure) 2020-09-29T18:09:28.458+0200: 42.765: [ParNew: 595370K->68096K(613440K), 0.0333953 secs] 604704K->78270K(2029056K), 0.0334676 secs] [Times: user=0.25 sys=0.00, real=0.03 secs] 
2020-09-29T18:09:28.538+0200: 42.846: [GC (Allocation Failure) 2020-09-29T18:09:28.538+0200: 42.846: [ParNew: 613440K->53822K(613440K), 0.0249336 secs] 623614K->63997K(2029056K), 0.0250085 secs] [Times: user=0.13 sys=0.00, real=0.02 secs] 
2020-09-29T18:09:28.619+0200: 42.926: [GC (Allocation Failure) 2020-09-29T18:09:28.619+0200: 42.926: [ParNew: 599166K->68096K(613440K), 0.0341034 secs] 609341K->78270K(2029056K), 0.0341790 secs] [Times: user=0.22 sys=0.00, real=0.03 secs] 
2020-09-29T18:09:28.702+0200: 43.009: [GC (Allocation Failure) 2020-09-29T18:09:28.702+0200: 43.009: [ParNew: 613440K->49855K(613440K), 0.0228565 secs] 623614K->60030K(2029056K), 0.0229309 secs] [Times: user=0.25 sys=0.00, real=0.02 secs] 
2020-09-29T18:09:28.778+0200: 43.085: [GC (Allocation Failure) 2020-09-29T18:09:28.778+0200: 43.085: [ParNew: 595199K->49612K(613440K), 0.0289706 secs] 605374K->59786K(2029056K), 0.0290522 secs] [Times: user=0.25 sys=0.00, real=0.03 secs] 
2020-09-29T18:09:28.857+0200: 43.165: [GC (Allocation Failure) 2020-09-29T18:09:28.857+0200: 43.165: [ParNew: 594956K->44319K(613440K), 0.0201287 secs] 605130K->54494K(2029056K), 0.0201985 secs] [Times: user=0.13 sys=0.00, real=0.02 secs] 
2020-09-29T18:09:28.926+0200: 43.234: [GC (Allocation Failure) 2020-09-29T18:09:28.926+0200: 43.234: [ParNew: 589663K->39969K(613440K), 0.0181846 secs] 599838K->50144K(2029056K), 0.0182531 secs] [Times: user=0.13 sys=0.00, real=0.02 secs] 
2020-09-29T18:09:28.998+0200: 43.305: [GC (Allocation Failure) 2020-09-29T18:09:28.998+0200: 43.306: [ParNew: 585313K->42792K(613440K), 0.0259674 secs] 595488K->52966K(2029056K), 0.0260581 secs] [Times: user=0.25 sys=0.00, real=0.03 secs] 
2020-09-29T18:09:29.077+0200: 43.384: [GC (Allocation Failure) 2020-09-29T18:09:29.077+0200: 43.384: [ParNew: 588136K->59984K(613440K), 0.0307607 secs] 598310K->70159K(2029056K), 0.0308391 secs] [Times: user=0.25 sys=0.00, real=0.03 secs] 
2020-09-29T18:09:29.156+0200: 43.463: [GC (Allocation Failure) 2020-09-29T18:09:29.156+0200: 43.463: [ParNew: 605328K->65778K(613440K), 0.0305080 secs] 615503K->75953K(2029056K), 0.0305778 secs] [Times: user=0.25 sys=0.00, real=0.03 secs] 
2020-09-29T18:09:29.241+0200: 43.549: [GC (Allocation Failure) 2020-09-29T18:09:29.241+0200: 43.549: [ParNew: 611122K->48063K(613440K), 0.0221873 secs] 621297K->58237K(2029056K), 0.0222575 secs] [Times: user=0.13 sys=0.00, real=0.02 secs] 
2020-09-29T18:09:29.322+0200: 43.630: [GC (Allocation Failure) 2020-09-29T18:09:29.322+0200: 43.630: [ParNew: 593407K->43459K(613440K), 0.0143987 secs] 603581K->53633K(2029056K), 0.0144700 secs] [Times: user=0.13 sys=0.00, real=0.01 secs] 
2020-09-29T18:09:29.387+0200: 43.695: [GC (Allocation Failure) 2020-09-29T18:09:29.387+0200: 43.695: [ParNew: 588803K->54941K(613440K), 0.0192944 secs] 598977K->65115K(2029056K), 0.0193562 secs] [Times: user=0.13 sys=0.00, real=0.02 secs] 
2020-09-29T18:09:29.455+0200: 43.762: [GC (Allocation Failure) 2020-09-29T18:09:29.455+0200: 43.762: [ParNew: 600285K->43439K(613440K), 0.0198090 secs] 610459K->53613K(2029056K), 0.0198632 secs] [Times: user=0.25 sys=0.00, real=0.02 secs] 
2020-09-29T18:09:29.522+0200: 43.829: [GC (Allocation Failure) 2020-09-29T18:09:29.522+0200: 43.829: [ParNew: 588783K->39334K(613440K), 0.0135458 secs] 598957K->49509K(2029056K), 0.0136013 secs] [Times: user=0.00 sys=0.00, real=0.01 secs] 
2020-09-29T18:09:29.584+0200: 43.891: [GC (Allocation Failure) 2020-09-29T18:09:29.584+0200: 43.891: [ParNew: 584678K->39820K(613440K), 0.0179337 secs] 594853K->49995K(2029056K), 0.0179956 secs] [Times: user=0.13 sys=0.00, real=0.02 secs] 
2020-09-29T18:09:29.655+0200: 43.963: [GC (Allocation Failure) 2020-09-29T18:09:29.655+0200: 43.963: [ParNew: 585164K->48556K(613440K), 0.0176041 secs] 595339K->58730K(2029056K), 0.0176623 secs] [Times: user=0.13 sys=0.00, real=0.02 secs] 
2020-09-29T18:09:29.721+0200: 44.029: [GC (Allocation Failure) 2020-09-29T18:09:29.721+0200: 44.029: [ParNew: 593900K->64433K(613440K), 0.0257195 secs] 604074K->74607K(2029056K), 0.0257816 secs] [Times: user=0.25 sys=0.00, real=0.03 secs] 
2020-09-29T18:09:29.796+0200: 44.104: [GC (Allocation Failure) 2020-09-29T18:09:29.796+0200: 44.104: [ParNew: 609777K->63613K(613440K), 0.0205073 secs] 619951K->73787K(2029056K), 0.0205707 secs] [Times: user=0.13 sys=0.00, real=0.02 secs] 
2020-09-29T18:09:29.864+0200: 44.172: [GC (Allocation Failure) 2020-09-29T18:09:29.864+0200: 44.172: [ParNew: 608957K->55656K(613440K), 0.0199859 secs] 619131K->65831K(2029056K), 0.0200432 secs] [Times: user=0.13 sys=0.00, real=0.02 secs] 
2020-09-29T18:09:29.931+0200: 44.239: [GC (Allocation Failure) 2020-09-29T18:09:29.931+0200: 44.239: [ParNew: 601000K->42951K(613440K), 0.0136842 secs] 611175K->53126K(2029056K), 0.0137401 secs] [Times: user=0.13 sys=0.00, real=0.01 secs] 
2020-09-29T18:09:29.994+0200: 44.302: [GC (Allocation Failure) 2020-09-29T18:09:29.994+0200: 44.302: [ParNew: 588295K->43781K(613440K), 0.0179867 secs] 598470K->53955K(2029056K), 0.0180426 secs] [Times: user=0.13 sys=0.00, real=0.02 secs] 
2020-09-29T18:09:30.061+0200: 44.369: [GC (Allocation Failure) 2020-09-29T18:09:30.061+0200: 44.369: [ParNew: 589125K->33035K(613440K), 0.0130387 secs] 599299K->43210K(2029056K), 0.0130943 secs] [Times: user=0.13 sys=0.00, real=0.01 secs] 
2020-09-29T18:09:30.131+0200: 44.439: [GC (Allocation Failure) 2020-09-29T18:09:30.131+0200: 44.439: [ParNew: 578379K->49723K(613440K), 0.0163968 secs] 588554K->59897K(2029056K), 0.0164729 secs] [Times: user=0.13 sys=0.00, real=0.02 secs] 
2020-09-29T18:09:30.199+0200: 44.507: [GC (Allocation Failure) 2020-09-29T18:09:30.199+0200: 44.507: [ParNew: 595067K->37389K(613440K), 0.0182059 secs] 605241K->47564K(2029056K), 0.0182843 secs] [Times: user=0.13 sys=0.00, real=0.02 secs] 
2020-09-29T18:09:30.268+0200: 44.576: [GC (Allocation Failure) 2020-09-29T18:09:30.276+0200: 44.584: [ParNew: 582733K->61360K(613440K), 0.0232842 secs] 592908K->71534K(2029056K), 0.0310752 secs] [Times: user=0.13 sys=0.00, real=0.03 secs] 
2020-09-29T18:09:30.347+0200: 44.655: [GC (Allocation Failure) 2020-09-29T18:09:30.347+0200: 44.655: [ParNew: 606704K->45844K(613440K), 0.0137076 secs] 616878K->56019K(2029056K), 0.0137639 secs] [Times: user=0.13 sys=0.00, real=0.01 secs] 
2020-09-29T18:09:30.408+0200: 44.716: [GC (Allocation Failure) 2020-09-29T18:09:30.409+0200: 44.716: [ParNew: 591188K->43566K(613440K), 0.0183860 secs] 601363K->53741K(2029056K), 0.0184610 secs] [Times: user=0.25 sys=0.00, real=0.02 secs] 
2020-09-29T18:09:30.474+0200: 44.782: [GC (Allocation Failure) 2020-09-29T18:09:30.474+0200: 44.782: [ParNew: 588910K->55853K(613440K), 0.0193181 secs] 599085K->66028K(2029056K), 0.0193910 secs] [Times: user=0.13 sys=0.00, real=0.02 secs] 
2020-09-29T18:09:30.544+0200: 44.852: [GC (Allocation Failure) 2020-09-29T18:09:30.544+0200: 44.852: [ParNew: 601197K->41851K(613440K), 0.0173327 secs] 611372K->52026K(2029056K), 0.0173987 secs] [Times: user=0.13 sys=0.00, real=0.02 secs] 
2020-09-29T18:09:30.612+0200: 44.920: [GC (Allocation Failure) 2020-09-29T18:09:30.612+0200: 44.920: [ParNew: 587195K->58475K(613440K), 0.0224126 secs] 597370K->68650K(2029056K), 0.0224709 secs] [Times: user=0.23 sys=0.00, real=0.02 secs] 
2020-09-29T18:09:30.684+0200: 44.992: [GC (Allocation Failure) 2020-09-29T18:09:30.684+0200: 44.992: [ParNew: 603819K->46744K(613440K), 0.0160632 secs] 613994K->56918K(2029056K), 0.0161249 secs] [Times: user=0.13 sys=0.00, real=0.02 secs] 
2020-09-29T18:09:30.748+0200: 45.056: [GC (Allocation Failure) 2020-09-29T18:09:30.748+0200: 45.056: [ParNew: 592088K->63909K(613440K), 0.0203194 secs] 602262K->74084K(2029056K), 0.0203875 secs] [Times: user=0.13 sys=0.00, real=0.02 secs] 
2020-09-29T18:09:30.815+0200: 45.123: [GC (Allocation Failure) 2020-09-29T18:09:30.815+0200: 45.123: [ParNew: 609253K->38303K(613440K), 0.0119254 secs] 619428K->48478K(2029056K), 0.0120006 secs] [Times: user=0.13 sys=0.00, real=0.01 secs] 
2020-09-29T18:09:30.874+0200: 45.182: [GC (Allocation Failure) 2020-09-29T18:09:30.874+0200: 45.182: [ParNew: 583647K->53397K(613440K), 0.0211723 secs] 593822K->63571K(2029056K), 0.0212520 secs] [Times: user=0.25 sys=0.00, real=0.02 secs] 
2020-09-29T18:09:30.942+0200: 45.250: [GC (Allocation Failure) 2020-09-29T18:09:30.942+0200: 45.250: [ParNew: 598741K->41994K(613440K), 0.0156121 secs] 608915K->52169K(2029056K), 0.0156693 secs] [Times: user=0.13 sys=0.00, real=0.02 secs] 
2020-09-29T18:09:31.004+0200: 45.312: [GC (Allocation Failure) 2020-09-29T18:09:31.004+0200: 45.312: [ParNew: 587338K->60607K(613440K), 0.0203186 secs] 597513K->70782K(2029056K), 0.0203738 secs] [Times: user=0.13 sys=0.00, real=0.02 secs] 
2020-09-29T18:09:31.072+0200: 45.380: [GC (Allocation Failure) 2020-09-29T18:09:31.072+0200: 45.380: [ParNew: 605951K->48518K(613440K), 0.0195175 secs] 616126K->58692K(2029056K), 0.0195817 secs] [Times: user=0.13 sys=0.00, real=0.02 secs] 
2020-09-29T18:09:31.141+0200: 45.449: [GC (Allocation Failure) 2020-09-29T18:09:31.141+0200: 45.449: [ParNew: 593862K->46801K(613440K), 0.0206771 secs] 604036K->56975K(2029056K), 0.0207421 secs] [Times: user=0.23 sys=0.00, real=0.02 secs] 
2020-09-29T18:09:31.215+0200: 45.523: [GC (Allocation Failure) 2020-09-29T18:09:31.215+0200: 45.523: [ParNew: 592145K->45668K(613440K), 0.0202191 secs] 602319K->55843K(2029056K), 0.0203332 secs] [Times: user=0.11 sys=0.00, real=0.02 secs] 
2020-09-29T18:09:31.291+0200: 45.599: [GC (Allocation Failure) 2020-09-29T18:09:31.291+0200: 45.599: [ParNew: 591012K->42400K(613440K), 0.0184451 secs] 601187K->52575K(2029056K), 0.0185001 secs] [Times: user=0.13 sys=0.00, real=0.02 secs] 
2020-09-29T18:09:31.359+0200: 45.667: [GC (Allocation Failure) 2020-09-29T18:09:31.359+0200: 45.667: [ParNew: 587744K->34067K(613440K), 0.0114150 secs] 597919K->44241K(2029056K), 0.0114795 secs] [Times: user=0.13 sys=0.00, real=0.01 secs] 
2020-09-29T18:09:31.421+0200: 45.729: [GC (Allocation Failure) 2020-09-29T18:09:31.421+0200: 45.729: [ParNew: 579411K->46005K(613440K), 0.0209580 secs] 589585K->56180K(2029056K), 0.0210221 secs] [Times: user=0.25 sys=0.00, real=0.02 secs] 
2020-09-29T18:09:31.492+0200: 45.800: [GC (Allocation Failure) 2020-09-29T18:09:31.492+0200: 45.800: [ParNew: 591349K->39547K(613440K), 0.0151536 secs] 601524K->49722K(2029056K), 0.0152131 secs] [Times: user=0.13 sys=0.00, real=0.01 secs] 
2020-09-29T18:09:31.556+0200: 45.863: [GC (Allocation Failure) 2020-09-29T18:09:31.556+0200: 45.863: [ParNew: 584891K->51908K(613440K), 0.0210205 secs] 595066K->62082K(2029056K), 0.0210808 secs] [Times: user=0.11 sys=0.00, real=0.02 secs] 
2020-09-29T18:09:31.626+0200: 45.934: [GC (Allocation Failure) 2020-09-29T18:09:31.627+0200: 45.935: [ParNew: 597252K->34510K(613440K), 0.0126229 secs] 607426K->44685K(2029056K), 0.0136730 secs] [Times: user=0.13 sys=0.00, real=0.01 secs] 
2020-09-29T18:09:31.688+0200: 45.996: [GC (Allocation Failure) 2020-09-29T18:09:31.688+0200: 45.996: [ParNew: 579854K->37441K(613440K), 0.0176645 secs] 590029K->47616K(2029056K), 0.0177299 secs] [Times: user=0.13 sys=0.00, real=0.02 secs] 
2020-09-29T18:09:31.753+0200: 46.061: [GC (Allocation Failure) 2020-09-29T18:09:31.753+0200: 46.061: [ParNew: 582785K->52049K(613440K), 0.0205520 secs] 592960K->62224K(2029056K), 0.0206242 secs] [Times: user=0.25 sys=0.00, real=0.02 secs] 
2020-09-29T18:09:31.824+0200: 46.132: [GC (Allocation Failure) 2020-09-29T18:09:31.824+0200: 46.132: [ParNew: 597393K->38124K(613440K), 0.0139075 secs] 607568K->48299K(2029056K), 0.0139782 secs] [Times: user=0.13 sys=0.00, real=0.01 secs] 
2020-09-29T18:09:31.885+0200: 46.193: [GC (Allocation Failure) 2020-09-29T18:09:31.885+0200: 46.193: [ParNew: 583468K->33815K(613440K), 0.0133970 secs] 593643K->43989K(2029056K), 0.0134527 secs] [Times: user=0.13 sys=0.00, real=0.01 secs] 
2020-09-29T18:09:31.949+0200: 46.257: [GC (Allocation Failure) 2020-09-29T18:09:31.949+0200: 46.257: [ParNew: 579159K->51024K(613440K), 0.0170151 secs] 589333K->61199K(2029056K), 0.0170697 secs] [Times: user=0.13 sys=0.00, real=0.02 secs] 
2020-09-29T18:09:32.015+0200: 46.323: [GC (Allocation Failure) 2020-09-29T18:09:32.015+0200: 46.323: [ParNew: 596368K->37366K(613440K), 0.0168966 secs] 606543K->47541K(2029056K), 0.0169534 secs] [Times: user=0.13 sys=0.00, real=0.02 secs] 
2020-09-29T18:09:32.079+0200: 46.387: [GC (Allocation Failure) 2020-09-29T18:09:32.079+0200: 46.387: [ParNew: 582710K->37954K(613440K), 0.0162593 secs] 592885K->48128K(2029056K), 0.0163135 secs] [Times: user=0.13 sys=0.00, real=0.02 secs] 
2020-09-29T18:09:32.142+0200: 46.450: [GC (Allocation Failure) 2020-09-29T18:09:32.142+0200: 46.450: [ParNew: 583298K->35446K(613440K), 0.0141887 secs] 593472K->45620K(2029056K), 0.0142607 secs] [Times: user=0.11 sys=0.00, real=0.01 secs] 
2020-09-29T18:09:32.213+0200: 46.521: [GC (Allocation Failure) 2020-09-29T18:09:32.213+0200: 46.521: [ParNew: 580790K->51701K(613440K), 0.0234018 secs] 590964K->61876K(2029056K), 0.0234806 secs] [Times: user=0.11 sys=0.00, real=0.02 secs] 
2020-09-29T18:09:32.288+0200: 46.596: [GC (Allocation Failure) 2020-09-29T18:09:32.288+0200: 46.596: [ParNew: 597045K->42216K(613440K), 0.0183173 secs] 607220K->52391K(2029056K), 0.0183775 secs] [Times: user=0.13 sys=0.00, real=0.02 secs] 
2020-09-29T18:09:32.354+0200: 46.662: [GC (Allocation Failure) 2020-09-29T18:09:32.354+0200: 46.662: [ParNew: 587560K->41032K(613440K), 0.0170966 secs] 597735K->51207K(2029056K), 0.0171558 secs] [Times: user=0.13 sys=0.00, real=0.02 secs] 
2020-09-29T18:09:32.420+0200: 46.728: [GC (Allocation Failure) 2020-09-29T18:09:32.420+0200: 46.728: [ParNew: 586376K->34454K(613440K), 0.0102693 secs] 596551K->44628K(2029056K), 0.0103270 secs] [Times: user=0.13 sys=0.00, real=0.01 secs] 
2020-09-29T18:09:32.483+0200: 46.791: [GC (Allocation Failure) 2020-09-29T18:09:32.483+0200: 46.791: [ParNew: 579798K->34988K(613440K), 0.0161778 secs] 589972K->45163K(2029056K), 0.0162325 secs] [Times: user=0.13 sys=0.00, real=0.02 secs] 
2020-09-29T18:09:32.546+0200: 46.854: [GC (Allocation Failure) 2020-09-29T18:09:32.546+0200: 46.854: [ParNew: 580332K->39846K(613440K), 0.0163924 secs] 590507K->50020K(2029056K), 0.0164678 secs] [Times: user=0.11 sys=0.00, real=0.02 secs] 
2020-09-29T18:09:32.615+0200: 46.923: [GC (Allocation Failure) 2020-09-29T18:09:32.615+0200: 46.923: [ParNew: 585190K->29472K(613440K), 0.0134619 secs] 595364K->39646K(2029056K), 0.0135191 secs] [Times: user=0.00 sys=0.00, real=0.01 secs] 
2020-09-29T18:09:32.678+0200: 46.986: [GC (Allocation Failure) 2020-09-29T18:09:32.678+0200: 46.986: [ParNew: 574816K->45305K(613440K), 0.0163563 secs] 584990K->55479K(2029056K), 0.0164103 secs] [Times: user=0.13 sys=0.00, real=0.02 secs] 
2020-09-29T18:09:32.741+0200: 47.049: [GC (Allocation Failure) 2020-09-29T18:09:32.741+0200: 47.049: [ParNew: 590649K->60825K(613440K), 0.0232148 secs] 600823K->70999K(2029056K), 0.0232706 secs] [Times: user=0.13 sys=0.00, real=0.02 secs] 
2020-09-29T18:09:32.812+0200: 47.119: [GC (Allocation Failure) 2020-09-29T18:09:32.812+0200: 47.120: [ParNew: 606169K->37556K(613440K), 0.0080968 secs] 616343K->47731K(2029056K), 0.0081553 secs] [Times: user=0.13 sys=0.00, real=0.01 secs] 
2020-09-29T18:09:32.867+0200: 47.175: [GC (Allocation Failure) 2020-09-29T18:09:32.867+0200: 47.175: [ParNew: 582900K->32446K(613440K), 0.0144862 secs] 593075K->42621K(2029056K), 0.0145448 secs] [Times: user=0.13 sys=0.00, real=0.01 secs] 
2020-09-29T18:09:32.932+0200: 47.240: [GC (Allocation Failure) 2020-09-29T18:09:32.932+0200: 47.240: [ParNew: 577790K->42159K(613440K), 0.0189481 secs] 587965K->52333K(2029056K), 0.0190476 secs] [Times: user=0.13 sys=0.00, real=0.02 secs] 
2020-09-29T18:09:32.998+0200: 47.306: [GC (Allocation Failure) 2020-09-29T18:09:32.998+0200: 47.306: [ParNew: 587503K->38820K(613440K), 0.0124319 secs] 597677K->48994K(2029056K), 0.0124893 secs] [Times: user=0.13 sys=0.00, real=0.01 secs] 
2020-09-29T18:09:33.057+0200: 47.365: [GC (Allocation Failure) 2020-09-29T18:09:33.057+0200: 47.365: [ParNew: 584164K->37716K(613440K), 0.0166945 secs] 594338K->47890K(2029056K), 0.0167463 secs] [Times: user=0.13 sys=0.00, real=0.02 secs] 
2020-09-29T18:09:33.124+0200: 47.432: [GC (Allocation Failure) 2020-09-29T18:09:33.124+0200: 47.432: [ParNew: 583060K->48256K(613440K), 0.0167680 secs] 593234K->58431K(2029056K), 0.0168538 secs] [Times: user=0.13 sys=0.00, real=0.02 secs] 
2020-09-29T18:09:33.191+0200: 47.499: [GC (Allocation Failure) 2020-09-29T18:09:33.191+0200: 47.499: [ParNew: 593600K->58735K(613440K), 0.0206922 secs] 603775K->68909K(2029056K), 0.0207811 secs] [Times: user=0.25 sys=0.00, real=0.02 secs] 
2020-09-29T18:09:33.262+0200: 47.570: [GC (Allocation Failure) 2020-09-29T18:09:33.262+0200: 47.570: [ParNew: 604079K->52982K(613440K), 0.0205933 secs] 614253K->63156K(2029056K), 0.0206481 secs] [Times: user=0.13 sys=0.00, real=0.02 secs] 
2020-09-29T18:09:33.332+0200: 47.640: [GC (Allocation Failure) 2020-09-29T18:09:33.332+0200: 47.640: [ParNew: 598326K->48215K(613440K), 0.0203444 secs] 608500K->58390K(2029056K), 0.0204302 secs] [Times: user=0.25 sys=0.00, real=0.02 secs] 
2020-09-29T18:09:33.405+0200: 47.713: [GC (Allocation Failure) 2020-09-29T18:09:33.405+0200: 47.713: [ParNew: 593559K->50471K(613440K), 0.0188191 secs] 603734K->60645K(2029056K), 0.0188939 secs] [Times: user=0.13 sys=0.00, real=0.02 secs] 
2020-09-29T18:09:33.471+0200: 47.779: [GC (Allocation Failure) 2020-09-29T18:09:33.471+0200: 47.779: [ParNew: 595815K->35985K(613440K), 0.0140948 secs] 605989K->46159K(2029056K), 0.0141504 secs] [Times: user=0.13 sys=0.00, real=0.01 secs] 
2020-09-29T18:09:33.534+0200: 47.842: [GC (Allocation Failure) 2020-09-29T18:09:33.534+0200: 47.842: [ParNew: 581329K->41887K(613440K), 0.0170287 secs] 591503K->52061K(2029056K), 0.0170897 secs] [Times: user=0.25 sys=0.00, real=0.02 secs] 
2020-09-29T18:09:33.600+0200: 47.908: [GC (Allocation Failure) 2020-09-29T18:09:33.600+0200: 47.908: [ParNew: 587231K->48472K(613440K), 0.0167193 secs] 597405K->58647K(2029056K), 0.0167959 secs] [Times: user=0.13 sys=0.00, real=0.02 secs] 
2020-09-29T18:09:33.668+0200: 47.976: [GC (Allocation Failure) 2020-09-29T18:09:33.668+0200: 47.976: [ParNew: 593816K->62367K(613440K), 0.0208949 secs] 603991K->72542K(2029056K), 0.0209852 secs] [Times: user=0.13 sys=0.00, real=0.02 secs] 
2020-09-29T18:09:33.739+0200: 48.047: [GC (Allocation Failure) 2020-09-29T18:09:33.739+0200: 48.047: [ParNew: 607711K->42101K(613440K), 0.0160775 secs] 617886K->52275K(2029056K), 0.0161622 secs] [Times: user=0.13 sys=0.00, real=0.02 secs] 
2020-09-29T18:09:33.804+0200: 48.112: [GC (Allocation Failure) 2020-09-29T18:09:33.804+0200: 48.112: [ParNew: 587445K->60770K(613440K), 0.0244308 secs] 597619K->70945K(2029056K), 0.0244877 secs] [Times: user=0.13 sys=0.00, real=0.02 secs] 
2020-09-29T18:09:33.875+0200: 48.183: [GC (Allocation Failure) 2020-09-29T18:09:33.875+0200: 48.183: [ParNew: 606114K->48611K(613440K), 0.0135335 secs] 616289K->58786K(2029056K), 0.0135966 secs] [Times: user=0.13 sys=0.00, real=0.01 secs] 
2020-09-29T18:09:33.942+0200: 48.250: [GC (Allocation Failure) 2020-09-29T18:09:33.942+0200: 48.250: [ParNew: 593955K->46410K(613440K), 0.0182551 secs] 604130K->56584K(2029056K), 0.0183160 secs] [Times: user=0.13 sys=0.00, real=0.02 secs] 
2020-09-29T18:09:34.009+0200: 48.317: [GC (Allocation Failure) 2020-09-29T18:09:34.010+0200: 48.318: [ParNew: 591754K->65408K(613440K), 0.0229365 secs] 601928K->75583K(2029056K), 0.0230516 secs] [Times: user=0.13 sys=0.00, real=0.02 secs] 
2020-09-29T18:09:34.079+0200: 48.387: [GC (Allocation Failure) 2020-09-29T18:09:34.079+0200: 48.387: [ParNew: 610752K->49079K(613440K), 0.0169472 secs] 620927K->59254K(2029056K), 0.0170020 secs] [Times: user=0.13 sys=0.00, real=0.02 secs] 
2020-09-29T18:09:34.144+0200: 48.452: [GC (Allocation Failure) 2020-09-29T18:09:34.144+0200: 48.452: [ParNew: 594423K->39135K(613440K), 0.0155913 secs] 604598K->49309K(2029056K), 0.0156587 secs] [Times: user=0.13 sys=0.00, real=0.02 secs] 
2020-09-29T18:09:34.212+0200: 48.520: [GC (Allocation Failure) 2020-09-29T18:09:34.212+0200: 48.520: [ParNew: 584479K->34639K(613440K), 0.0175023 secs] 594653K->44813K(2029056K), 0.0175772 secs] [Times: user=0.11 sys=0.00, real=0.02 secs] 
2020-09-29T18:09:34.286+0200: 48.594: [GC (Allocation Failure) 2020-09-29T18:09:34.286+0200: 48.594: [ParNew: 579983K->57078K(613440K), 0.0213155 secs] 590157K->67253K(2029056K), 0.0213793 secs] [Times: user=0.13 sys=0.00, real=0.02 secs] 
2020-09-29T18:09:34.359+0200: 48.667: [GC (Allocation Failure) 2020-09-29T18:09:34.359+0200: 48.667: [ParNew: 602422K->42530K(613440K), 0.0196449 secs] 612597K->52704K(2029056K), 0.0197084 secs] [Times: user=0.23 sys=0.00, real=0.02 secs] 
2020-09-29T18:09:34.430+0200: 48.738: [GC (Allocation Failure) 2020-09-29T18:09:34.430+0200: 48.738: [ParNew: 587874K->43438K(613440K), 0.0186541 secs] 598048K->53612K(2029056K), 0.0187178 secs] [Times: user=0.13 sys=0.00, real=0.02 secs] 
2020-09-29T18:09:34.496+0200: 48.805: [GC (Allocation Failure) 2020-09-29T18:09:34.496+0200: 48.805: [ParNew: 588782K->68096K(613440K), 0.0223612 secs] 598956K->78742K(2029056K), 0.0224172 secs] [Times: user=0.13 sys=0.00, real=0.02 secs] 
2020-09-29T18:09:34.566+0200: 48.875: [GC (Allocation Failure) 2020-09-29T18:09:34.567+0200: 48.875: [ParNew: 613440K->50348K(613440K), 0.0177906 secs] 624086K->60994K(2029056K), 0.0179026 secs] [Times: user=0.13 sys=0.02, real=0.02 secs] 
2020-09-29T18:09:34.633+0200: 48.941: [GC (Allocation Failure) 2020-09-29T18:09:34.633+0200: 48.941: [ParNew: 595692K->68096K(613440K), 0.0206350 secs] 606338K->78742K(2029056K), 0.0206938 secs] [Times: user=0.13 sys=0.00, real=0.02 secs] 
2020-09-29T18:09:34.702+0200: 49.010: [GC (Allocation Failure) 2020-09-29T18:09:34.702+0200: 49.010: [ParNew: 613440K->52420K(613440K), 0.0205527 secs] 624086K->63067K(2029056K), 0.0206181 secs] [Times: user=0.14 sys=0.00, real=0.02 secs] 
2020-09-29T18:09:34.770+0200: 49.078: [GC (Allocation Failure) 2020-09-29T18:09:34.770+0200: 49.078: [ParNew: 597764K->45089K(613440K), 0.0150876 secs] 608411K->55735K(2029056K), 0.0151713 secs] [Times: user=0.13 sys=0.00, real=0.02 secs] 
2020-09-29T18:09:34.833+0200: 49.141: [GC (Allocation Failure) 2020-09-29T18:09:34.833+0200: 49.141: [ParNew: 590433K->40829K(613440K), 0.0182962 secs] 601079K->51475K(2029056K), 0.0183533 secs] [Times: user=0.13 sys=0.00, real=0.02 secs] 
2020-09-29T18:09:34.898+0200: 49.206: [GC (Allocation Failure) 2020-09-29T18:09:34.898+0200: 49.206: [ParNew: 586173K->61544K(613440K), 0.0233690 secs] 596819K->72190K(2029056K), 0.0234349 secs] [Times: user=0.13 sys=0.00, real=0.02 secs] 
2020-09-29T18:09:34.969+0200: 49.277: [GC (Allocation Failure) 2020-09-29T18:09:34.969+0200: 49.277: [ParNew: 606888K->40211K(613440K), 0.0119168 secs] 617534K->50858K(2029056K), 0.0119720 secs] [Times: user=0.13 sys=0.00, real=0.01 secs] 
2020-09-29T18:09:35.029+0200: 49.337: [GC (Allocation Failure) 2020-09-29T18:09:35.029+0200: 49.337: [ParNew: 585555K->56282K(613440K), 0.0209420 secs] 596202K->66928K(2029056K), 0.0210344 secs] [Times: user=0.13 sys=0.00, real=0.02 secs] 
2020-09-29T18:09:35.098+0200: 49.406: [GC (Allocation Failure) 2020-09-29T18:09:35.098+0200: 49.406: [ParNew: 601626K->64360K(613440K), 0.0192472 secs] 612272K->75007K(2029056K), 0.0193028 secs] [Times: user=0.13 sys=0.00, real=0.02 secs] 
2020-09-29T18:09:35.166+0200: 49.474: [GC (Allocation Failure) 2020-09-29T18:09:35.166+0200: 49.474: [ParNew: 609704K->48937K(613440K), 0.0197298 secs] 620351K->59583K(2029056K), 0.0198136 secs] [Times: user=0.13 sys=0.00, real=0.02 secs] 
2020-09-29T18:09:35.238+0200: 49.546: [GC (Allocation Failure) 2020-09-29T18:09:35.238+0200: 49.546: [ParNew: 594281K->46594K(613440K), 0.0199854 secs] 604927K->57241K(2029056K), 0.0200531 secs] [Times: user=0.25 sys=0.00, real=0.02 secs] 
2020-09-29T18:09:35.309+0200: 49.617: [GC (Allocation Failure) 2020-09-29T18:09:35.309+0200: 49.617: [ParNew: 591938K->41698K(613440K), 0.0185543 secs] 602585K->52345K(2029056K), 0.0186233 secs] [Times: user=0.13 sys=0.00, real=0.02 secs] 
2020-09-29T18:09:35.375+0200: 49.683: [GC (Allocation Failure) 2020-09-29T18:09:35.375+0200: 49.683: [ParNew: 587042K->40900K(613440K), 0.0183871 secs] 597689K->51546K(2029056K), 0.0184755 secs] [Times: user=0.11 sys=0.00, real=0.02 secs] 
2020-09-29T18:09:35.447+0200: 49.755: [GC (Allocation Failure) 2020-09-29T18:09:35.447+0200: 49.755: [ParNew: 586244K->33722K(613440K), 0.0113893 secs] 596890K->44368K(2029056K), 0.0114527 secs] [Times: user=0.13 sys=0.00, real=0.01 secs] 
2020-09-29T18:09:35.510+0200: 49.817: [GC (Allocation Failure) 2020-09-29T18:09:35.510+0200: 49.817: [ParNew: 579066K->47664K(613440K), 0.0217369 secs] 589712K->58311K(2029056K), 0.0218015 secs] [Times: user=0.11 sys=0.00, real=0.02 secs] 
2020-09-29T18:09:35.583+0200: 49.891: [GC (Allocation Failure) 2020-09-29T18:09:35.583+0200: 49.891: [ParNew: 593008K->40245K(613440K), 0.0166626 secs] 603655K->50891K(2029056K), 0.0167253 secs] [Times: user=0.13 sys=0.00, real=0.02 secs] 
2020-09-29T18:09:35.652+0200: 49.959: [GC (Allocation Failure) 2020-09-29T18:09:35.652+0200: 49.959: [ParNew: 585589K->55364K(613440K), 0.0205535 secs] 596235K->66010K(2029056K), 0.0206302 secs] [Times: user=0.13 sys=0.00, real=0.02 secs] 
2020-09-29T18:09:35.723+0200: 50.031: [GC (Allocation Failure) 2020-09-29T18:09:35.727+0200: 50.035: [ParNew: 600708K->58143K(613440K), 0.0202665 secs] 611354K->68790K(2029056K), 0.0238633 secs] [Times: user=0.13 sys=0.00, real=0.02 secs] 
2020-09-29T18:09:35.794+0200: 50.102: [GC (Allocation Failure) 2020-09-29T18:09:35.794+0200: 50.102: [ParNew: 603487K->42837K(613440K), 0.0176907 secs] 614134K->53483K(2029056K), 0.0177472 secs] [Times: user=0.13 sys=0.00, real=0.02 secs] 
2020-09-29T18:09:35.860+0200: 50.168: [GC (Allocation Failure) 2020-09-29T18:09:35.860+0200: 50.168: [ParNew: 588181K->42001K(613440K), 0.0161275 secs] 598827K->52647K(2029056K), 0.0161801 secs] [Times: user=0.13 sys=0.00, real=0.02 secs] 
2020-09-29T18:09:35.926+0200: 50.234: [GC (Allocation Failure) 2020-09-29T18:09:35.926+0200: 50.234: [ParNew: 587345K->60110K(613440K), 0.0214151 secs] 597991K->70757K(2029056K), 0.0214718 secs] [Times: user=0.13 sys=0.00, real=0.02 secs] 
2020-09-29T18:09:35.996+0200: 50.303: [GC (Allocation Failure) 2020-09-29T18:09:35.996+0200: 50.303: [ParNew: 605454K->49268K(613440K), 0.0210097 secs] 616101K->59915K(2029056K), 0.0210749 secs] [Times: user=0.13 sys=0.00, real=0.02 secs] 
2020-09-29T18:09:36.064+0200: 50.372: [GC (Allocation Failure) 2020-09-29T18:09:36.064+0200: 50.372: [ParNew: 594612K->68096K(613440K), 0.0264191 secs] 605259K->80499K(2029056K), 0.0264746 secs] [Times: user=0.25 sys=0.00, real=0.03 secs] 
2020-09-29T18:09:36.138+0200: 50.445: [GC (Allocation Failure) 2020-09-29T18:09:36.138+0200: 50.445: [ParNew: 613440K->51865K(613440K), 0.0191787 secs] 625843K->64268K(2029056K), 0.0192378 secs] [Times: user=0.13 sys=0.00, real=0.02 secs] 
2020-09-29T18:09:36.205+0200: 50.513: [GC (Allocation Failure) 2020-09-29T18:09:36.205+0200: 50.513: [ParNew: 597209K->38634K(613440K), 0.0163029 secs] 609612K->51037K(2029056K), 0.0163765 secs] [Times: user=0.11 sys=0.00, real=0.02 secs] 
2020-09-29T18:09:36.277+0200: 50.585: [GC (Allocation Failure) 2020-09-29T18:09:36.277+0200: 50.585: [ParNew: 583978K->41307K(613440K), 0.0181322 secs] 596381K->53711K(2029056K), 0.0181943 secs] [Times: user=0.13 sys=0.00, real=0.02 secs] 
2020-09-29T18:09:36.345+0200: 50.653: [GC (Allocation Failure) 2020-09-29T18:09:36.345+0200: 50.653: [ParNew: 586651K->32292K(613440K), 0.0158540 secs] 599055K->44695K(2029056K), 0.0159088 secs] [Times: user=0.13 sys=0.00, real=0.02 secs] 
2020-09-29T18:09:36.411+0200: 50.719: [GC (Allocation Failure) 2020-09-29T18:09:36.412+0200: 50.719: [ParNew: 577636K->58529K(613440K), 0.0200435 secs] 590039K->70933K(2029056K), 0.0201071 secs] [Times: user=0.13 sys=0.00, real=0.02 secs] 
2020-09-29T18:09:36.481+0200: 50.789: [GC (Allocation Failure) 2020-09-29T18:09:36.481+0200: 50.789: [ParNew: 603873K->41376K(613440K), 0.0140440 secs] 616277K->53779K(2029056K), 0.0141004 secs] [Times: user=0.13 sys=0.00, real=0.01 secs] 
2020-09-29T18:09:36.547+0200: 50.855: [GC (Allocation Failure) 2020-09-29T18:09:36.547+0200: 50.855: [ParNew: 586720K->55370K(613440K), 0.0235406 secs] 599123K->67773K(2029056K), 0.0236191 secs] [Times: user=0.23 sys=0.00, real=0.02 secs] 
2020-09-29T18:09:36.622+0200: 50.930: [GC (Allocation Failure) 2020-09-29T18:09:36.622+0200: 50.930: [ParNew: 600714K->36776K(613440K), 0.0121959 secs] 613117K->49179K(2029056K), 0.0122803 secs] [Times: user=0.13 sys=0.00, real=0.01 secs] 
2020-09-29T18:09:36.688+0200: 50.996: [GC (Allocation Failure) 2020-09-29T18:09:36.688+0200: 50.996: [ParNew: 582120K->39001K(613440K), 0.0169792 secs] 594523K->51404K(2029056K), 0.0170509 secs] [Times: user=0.13 sys=0.00, real=0.02 secs] 
2020-09-29T18:09:36.752+0200: 51.060: [GC (Allocation Failure) 2020-09-29T18:09:36.752+0200: 51.060: [ParNew: 584345K->36460K(613440K), 0.0151879 secs] 596748K->48863K(2029056K), 0.0152565 secs] [Times: user=0.11 sys=0.00, real=0.02 secs] 
2020-09-29T18:09:36.821+0200: 51.129: [GC (Allocation Failure) 2020-09-29T18:09:36.821+0200: 51.129: [ParNew: 581804K->60338K(613440K), 0.0202346 secs] 594207K->72741K(2029056K), 0.0202996 secs] [Times: user=0.13 sys=0.00, real=0.02 secs] 
2020-09-29T18:09:36.888+0200: 51.196: [GC (Allocation Failure) 2020-09-29T18:09:36.888+0200: 51.196: [ParNew: 605682K->48094K(613440K), 0.0188552 secs] 618085K->60497K(2029056K), 0.0189369 secs] [Times: user=0.13 sys=0.00, real=0.02 secs] 
2020-09-29T18:09:36.957+0200: 51.265: [GC (Allocation Failure) 2020-09-29T18:09:36.957+0200: 51.265: [ParNew: 593438K->44250K(613440K), 0.0195594 secs] 605841K->56653K(2029056K), 0.0196374 secs] [Times: user=0.25 sys=0.00, real=0.02 secs] 
2020-09-29T18:09:37.027+0200: 51.335: [GC (Allocation Failure) 2020-09-29T18:09:37.027+0200: 51.335: [ParNew: 589594K->42433K(613440K), 0.0173508 secs] 601997K->54836K(2029056K), 0.0174181 secs] [Times: user=0.13 sys=0.00, real=0.02 secs] 
2020-09-29T18:09:37.095+0200: 51.403: [GC (Allocation Failure) 2020-09-29T18:09:37.095+0200: 51.403: [ParNew: 587777K->62300K(613440K), 0.0223536 secs] 600180K->74703K(2029056K), 0.0224211 secs] [Times: user=0.25 sys=0.00, real=0.02 secs] 
2020-09-29T18:09:37.166+0200: 51.474: [GC (Allocation Failure) 2020-09-29T18:09:37.166+0200: 51.474: [ParNew: 607644K->51817K(613440K), 0.0166026 secs] 620047K->64220K(2029056K), 0.0166713 secs] [Times: user=0.13 sys=0.00, real=0.02 secs] 
2020-09-29T18:09:37.233+0200: 51.541: [GC (Allocation Failure) 2020-09-29T18:09:37.233+0200: 51.541: [ParNew: 597161K->48493K(613440K), 0.0226235 secs] 609564K->60896K(2029056K), 0.0227130 secs] [Times: user=0.25 sys=0.00, real=0.02 secs] 
2020-09-29T18:09:37.306+0200: 51.614: [GC (Allocation Failure) 2020-09-29T18:09:37.306+0200: 51.614: [ParNew: 593837K->43415K(613440K), 0.0144344 secs] 606240K->55818K(2029056K), 0.0144894 secs] [Times: user=0.13 sys=0.00, real=0.01 secs] 
2020-09-29T18:09:37.368+0200: 51.676: [GC (Allocation Failure) 2020-09-29T18:09:37.369+0200: 51.676: [ParNew: 588759K->57361K(613440K), 0.0193518 secs] 601162K->69765K(2029056K), 0.0194202 secs] [Times: user=0.13 sys=0.00, real=0.02 secs] 
2020-09-29T18:09:37.436+0200: 51.744: [GC (Allocation Failure) 2020-09-29T18:09:37.436+0200: 51.744: [ParNew: 602705K->45762K(613440K), 0.0178396 secs] 615109K->58165K(2029056K), 0.0178929 secs] [Times: user=0.13 sys=0.00, real=0.02 secs] 
2020-09-29T18:09:37.503+0200: 51.811: [GC (Allocation Failure) 2020-09-29T18:09:37.503+0200: 51.811: [ParNew: 591106K->46223K(613440K), 0.0182540 secs] 603509K->58626K(2029056K), 0.0183114 secs] [Times: user=0.25 sys=0.00, real=0.02 secs] 
2020-09-29T18:09:37.569+0200: 51.877: [GC (Allocation Failure) 2020-09-29T18:09:37.569+0200: 51.877: [ParNew: 591567K->42946K(613440K), 0.0195446 secs] 603970K->55349K(2029056K), 0.0196286 secs] [Times: user=0.11 sys=0.00, real=0.02 secs] 
2020-09-29T18:09:37.639+0200: 51.947: [GC (Allocation Failure) 2020-09-29T18:09:37.639+0200: 51.947: [ParNew: 588290K->34524K(613440K), 0.0164491 secs] 600693K->46927K(2029056K), 0.0165083 secs] [Times: user=0.13 sys=0.00, real=0.02 secs] 
2020-09-29T18:09:37.703+0200: 52.010: [GC (Allocation Failure) 2020-09-29T18:09:37.703+0200: 52.011: [ParNew: 579868K->59519K(613440K), 0.0208349 secs] 592271K->71922K(2029056K), 0.0209032 secs] [Times: user=0.25 sys=0.00, real=0.02 secs] 
2020-09-29T18:09:37.773+0200: 52.081: [GC (Allocation Failure) 2020-09-29T18:09:37.773+0200: 52.081: [ParNew: 604863K->43434K(613440K), 0.0198489 secs] 617266K->55838K(2029056K), 0.0199274 secs] [Times: user=0.13 sys=0.00, real=0.02 secs] 
2020-09-29T18:09:37.840+0200: 52.148: [GC (Allocation Failure) 2020-09-29T18:09:37.840+0200: 52.148: [ParNew: 588778K->43771K(613440K), 0.0180549 secs] 601182K->56175K(2029056K), 0.0181143 secs] [Times: user=0.13 sys=0.00, real=0.02 secs] 
2020-09-29T18:09:37.910+0200: 52.218: [GC (Allocation Failure) 2020-09-29T18:09:37.910+0200: 52.218: [ParNew: 589115K->34774K(613440K), 0.0119283 secs] 601519K->47177K(2029056K), 0.0119824 secs] [Times: user=0.13 sys=0.00, real=0.01 secs] 
2020-09-29T18:09:37.972+0200: 52.280: [GC (Allocation Failure) 2020-09-29T18:09:37.972+0200: 52.280: [ParNew: 580118K->36265K(613440K), 0.0165942 secs] 592521K->48668K(2029056K), 0.0166496 secs] [Times: user=0.17 sys=0.00, real=0.02 secs] 
2020-09-29T18:09:38.043+0200: 52.351: [GC (Allocation Failure) 2020-09-29T18:09:38.043+0200: 52.351: [ParNew: 581609K->30657K(613440K), 0.0146869 secs] 594012K->43060K(2029056K), 0.0147573 secs] [Times: user=0.13 sys=0.00, real=0.02 secs] 
2020-09-29T18:09:38.105+0200: 52.413: [GC (Allocation Failure) 2020-09-29T18:09:38.105+0200: 52.413: [ParNew: 576001K->52599K(613440K), 0.0196747 secs] 588404K->65002K(2029056K), 0.0197329 secs] [Times: user=0.13 sys=0.00, real=0.02 secs] 
2020-09-29T18:09:38.172+0200: 52.480: [GC (Allocation Failure) 2020-09-29T18:09:38.172+0200: 52.480: [ParNew: 597943K->35075K(613440K), 0.0126145 secs] 610346K->47478K(2029056K), 0.0126865 secs] [Times: user=0.13 sys=0.00, real=0.01 secs] 
2020-09-29T18:09:38.238+0200: 52.546: [GC (Allocation Failure) 2020-09-29T18:09:38.238+0200: 52.546: [ParNew: 580419K->52434K(613440K), 0.0223456 secs] 592822K->64838K(2029056K), 0.0224017 secs] [Times: user=0.25 sys=0.00, real=0.02 secs] 
2020-09-29T18:09:38.309+0200: 52.617: [GC (Allocation Failure) 2020-09-29T18:09:38.309+0200: 52.617: [ParNew: 597778K->39151K(613440K), 0.0157442 secs] 610182K->51555K(2029056K), 0.0157997 secs] [Times: user=0.13 sys=0.00, real=0.02 secs] 
2020-09-29T18:09:38.375+0200: 52.683: [GC (Allocation Failure) 2020-09-29T18:09:38.375+0200: 52.683: [ParNew: 584495K->36691K(613440K), 0.0143730 secs] 596899K->49094K(2029056K), 0.0144305 secs] [Times: user=0.13 sys=0.00, real=0.01 secs] 
2020-09-29T18:09:38.436+0200: 52.744: [GC (Allocation Failure) 2020-09-29T18:09:38.441+0200: 52.749: [ParNew: 582035K->55847K(613440K), 0.0305375 secs] 594438K->68250K(2029056K), 0.0355875 secs] [Times: user=0.25 sys=0.00, real=0.03 secs] 
2020-09-29T18:09:38.519+0200: 52.827: [GC (Allocation Failure) 2020-09-29T18:09:38.519+0200: 52.827: [ParNew: 601191K->42245K(613440K), 0.0184467 secs] 613594K->54648K(2029056K), 0.0185079 secs] [Times: user=0.25 sys=0.00, real=0.02 secs] 
2020-09-29T18:09:38.585+0200: 52.894: [GC (Allocation Failure) 2020-09-29T18:09:38.585+0200: 52.894: [ParNew: 587589K->59490K(613440K), 0.0198375 secs] 599992K->71893K(2029056K), 0.0198995 secs] [Times: user=0.11 sys=0.00, real=0.02 secs] 
2020-09-29T18:09:38.654+0200: 52.962: [GC (Allocation Failure) 2020-09-29T18:09:38.654+0200: 52.962: [ParNew: 604834K->27540K(613440K), 0.0100095 secs] 617237K->39943K(2029056K), 0.0100661 secs] [Times: user=0.13 sys=0.00, real=0.01 secs] 
2020-09-29T18:09:38.716+0200: 53.024: [GC (Allocation Failure) 2020-09-29T18:09:38.716+0200: 53.025: [ParNew: 572884K->35314K(613440K), 0.0150074 secs] 585287K->47717K(2029056K), 0.0150642 secs] [Times: user=0.13 sys=0.00, real=0.01 secs] 
2020-09-29T18:09:38.781+0200: 53.089: [GC (Allocation Failure) 2020-09-29T18:09:38.781+0200: 53.089: [ParNew: 580658K->45461K(613440K), 0.0203153 secs] 593061K->57864K(2029056K), 0.0203939 secs] [Times: user=0.25 sys=0.00, real=0.02 secs] 
2020-09-29T18:09:38.851+0200: 53.159: [GC (Allocation Failure) 2020-09-29T18:09:38.851+0200: 53.159: [ParNew: 590805K->37931K(613440K), 0.0133214 secs] 603208K->50334K(2029056K), 0.0133764 secs] [Times: user=0.13 sys=0.00, real=0.01 secs] 
2020-09-29T18:09:38.920+0200: 53.228: [GC (Allocation Failure) 2020-09-29T18:09:38.920+0200: 53.228: [ParNew: 583275K->54252K(613440K), 0.0227941 secs] 595678K->66655K(2029056K), 0.0228679 secs] [Times: user=0.25 sys=0.00, real=0.02 secs] 
2020-09-29T18:09:38.991+0200: 53.299: [GC (Allocation Failure) 2020-09-29T18:09:38.991+0200: 53.299: [ParNew: 599596K->43212K(613440K), 0.0171209 secs] 611999K->55615K(2029056K), 0.0171771 secs] [Times: user=0.13 sys=0.00, real=0.02 secs] 
2020-09-29T18:09:39.056+0200: 53.364: [GC (Allocation Failure) 2020-09-29T18:09:39.056+0200: 53.364: [ParNew: 588556K->37936K(613440K), 0.0154376 secs] 600959K->50339K(2029056K), 0.0154943 secs] [Times: user=0.13 sys=0.00, real=0.02 secs] 
2020-09-29T18:09:39.121+0200: 53.429: [GC (Allocation Failure) 2020-09-29T18:09:39.121+0200: 53.429: [ParNew: 583280K->58083K(613440K), 0.0200662 secs] 595683K->70487K(2029056K), 0.0201396 secs] [Times: user=0.13 sys=0.00, real=0.02 secs] 
2020-09-29T18:09:39.189+0200: 53.498: [GC (Allocation Failure) 2020-09-29T18:09:39.189+0200: 53.498: [ParNew: 603427K->39824K(613440K), 0.0141761 secs] 615831K->52227K(2029056K), 0.0142516 secs] [Times: user=0.13 sys=0.00, real=0.02 secs] 
2020-09-29T18:09:39.255+0200: 53.563: [GC (Allocation Failure) 2020-09-29T18:09:39.255+0200: 53.563: [ParNew: 585168K->39511K(613440K), 0.0187277 secs] 597571K->51914K(2029056K), 0.0187834 secs] [Times: user=0.13 sys=0.00, real=0.02 secs] 
2020-09-29T18:09:39.323+0200: 53.631: [GC (Allocation Failure) 2020-09-29T18:09:39.323+0200: 53.631: [ParNew: 584855K->46557K(613440K), 0.0187308 secs] 597258K->58960K(2029056K), 0.0187867 secs] [Times: user=0.13 sys=0.00, real=0.02 secs] 
2020-09-29T18:09:39.391+0200: 53.699: [GC (Allocation Failure) 2020-09-29T18:09:39.391+0200: 53.699: [ParNew: 591901K->63397K(613440K), 0.0223723 secs] 604304K->75800K(2029056K), 0.0224338 secs] [Times: user=0.25 sys=0.00, real=0.02 secs] 
2020-09-29T18:09:39.461+0200: 53.769: [GC (Allocation Failure) 2020-09-29T18:09:39.461+0200: 53.769: [ParNew: 608741K->50875K(613440K), 0.0214587 secs] 621144K->63278K(2029056K), 0.0215293 secs] [Times: user=0.13 sys=0.00, real=0.02 secs] 
2020-09-29T18:09:39.529+0200: 53.838: [GC (Allocation Failure) 2020-09-29T18:09:39.529+0200: 53.838: [ParNew: 596219K->47803K(613440K), 0.0207822 secs] 608622K->60206K(2029056K), 0.0208505 secs] [Times: user=0.13 sys=0.00, real=0.02 secs] 
2020-09-29T18:09:39.600+0200: 53.908: [GC (Allocation Failure) 2020-09-29T18:09:39.600+0200: 53.908: [ParNew: 593147K->45639K(613440K), 0.0165054 secs] 605550K->58043K(2029056K), 0.0165707 secs] [Times: user=0.11 sys=0.00, real=0.02 secs] 
2020-09-29T18:09:39.671+0200: 53.979: [GC (Allocation Failure) 2020-09-29T18:09:39.671+0200: 53.979: [ParNew: 590983K->43104K(613440K), 0.0199048 secs] 603387K->55507K(2029056K), 0.0199600 secs] [Times: user=0.13 sys=0.00, real=0.02 secs] 
2020-09-29T18:09:39.738+0200: 54.047: [GC (Allocation Failure) 2020-09-29T18:09:39.738+0200: 54.047: [ParNew: 588448K->63232K(613440K), 0.0198415 secs] 600851K->75636K(2029056K), 0.0198969 secs] [Times: user=0.23 sys=0.00, real=0.02 secs] 
2020-09-29T18:09:39.807+0200: 54.115: [GC (Allocation Failure) 2020-09-29T18:09:39.807+0200: 54.115: [ParNew: 608576K->29072K(613440K), 0.0153473 secs] 620980K->41476K(2029056K), 0.0154162 secs] [Times: user=0.13 sys=0.00, real=0.02 secs] 
2020-09-29T18:09:39.874+0200: 54.182: [GC (Allocation Failure) 2020-09-29T18:09:39.874+0200: 54.182: [ParNew: 574416K->48954K(613440K), 0.0171537 secs] 586820K->61357K(2029056K), 0.0172123 secs] [Times: user=0.13 sys=0.00, real=0.02 secs] 
2020-09-29T18:09:39.942+0200: 54.250: [GC (Allocation Failure) 2020-09-29T18:09:39.942+0200: 54.250: [ParNew: 594298K->62213K(613440K), 0.0219283 secs] 606701K->74616K(2029056K), 0.0220023 secs] [Times: user=0.13 sys=0.00, real=0.02 secs] 
2020-09-29T18:09:40.013+0200: 54.321: [GC (Allocation Failure) 2020-09-29T18:09:40.013+0200: 54.321: [ParNew: 607557K->47986K(613440K), 0.0157406 secs] 619960K->60389K(2029056K), 0.0157982 secs] [Times: user=0.13 sys=0.00, real=0.02 secs] 
2020-09-29T18:09:40.078+0200: 54.386: [GC (Allocation Failure) 2020-09-29T18:09:40.078+0200: 54.386: [ParNew: 593330K->29142K(613440K), 0.0145205 secs] 605733K->41545K(2029056K), 0.0145930 secs] [Times: user=0.13 sys=0.00, real=0.01 secs] 
2020-09-29T18:09:40.147+0200: 54.456: [GC (Allocation Failure) 2020-09-29T18:09:40.147+0200: 54.456: [ParNew: 574486K->48435K(613440K), 0.0212172 secs] 586889K->60838K(2029056K), 0.0212884 secs] [Times: user=0.13 sys=0.00, real=0.02 secs] 
2020-09-29T18:09:40.220+0200: 54.528: [GC (Allocation Failure) 2020-09-29T18:09:40.220+0200: 54.528: [ParNew: 593779K->68096K(613440K), 0.0287850 secs] 606182K->80499K(2029056K), 0.0288642 secs] [Times: user=0.22 sys=0.00, real=0.03 secs] 
2020-09-29T18:09:40.302+0200: 54.610: [GC (Allocation Failure) 2020-09-29T18:09:40.302+0200: 54.610: [ParNew: 613440K->52019K(613440K), 0.0182530 secs] 625843K->64422K(2029056K), 0.0183107 secs] [Times: user=0.13 sys=0.00, real=0.02 secs] 
2020-09-29T18:09:40.374+0200: 54.682: [GC (Allocation Failure) 2020-09-29T18:09:40.374+0200: 54.682: [ParNew: 597363K->48079K(613440K), 0.0157699 secs] 609766K->60482K(2029056K), 0.0158331 secs] [Times: user=0.13 sys=0.00, real=0.02 secs] 
2020-09-29T18:09:40.440+0200: 54.748: [GC (Allocation Failure) 2020-09-29T18:09:40.440+0200: 54.748: [ParNew: 593423K->40043K(613440K), 0.0160330 secs] 605826K->52446K(2029056K), 0.0160884 secs] [Times: user=0.13 sys=0.00, real=0.02 secs] 
2020-09-29T18:09:40.503+0200: 54.812: [GC (Allocation Failure) 2020-09-29T18:09:40.503+0200: 54.812: [ParNew: 585387K->63251K(613440K), 0.0206267 secs] 597790K->75655K(2029056K), 0.0206820 secs] [Times: user=0.22 sys=0.02, real=0.02 secs] 
2020-09-29T18:09:40.573+0200: 54.881: [GC (Allocation Failure) 2020-09-29T18:09:40.573+0200: 54.881: [ParNew: 608595K->39442K(613440K), 0.0167641 secs] 620999K->51845K(2029056K), 0.0168329 secs] [Times: user=0.11 sys=0.00, real=0.02 secs] 
2020-09-29T18:09:40.640+0200: 54.949: [GC (Allocation Failure) 2020-09-29T18:09:40.640+0200: 54.949: [ParNew: 584786K->55555K(613440K), 0.0216964 secs] 597189K->67958K(2029056K), 0.0217544 secs] [Times: user=0.23 sys=0.00, real=0.02 secs] 
2020-09-29T18:09:40.709+0200: 55.017: [GC (Allocation Failure) 2020-09-29T18:09:40.709+0200: 55.017: [ParNew: 600899K->41341K(613440K), 0.0122765 secs] 613302K->53744K(2029056K), 0.0123330 secs] [Times: user=0.00 sys=0.00, real=0.01 secs] 
2020-09-29T18:09:40.796+0200: 55.104: [GC (Allocation Failure) 2020-09-29T18:09:40.796+0200: 55.104: [ParNew: 586685K->38997K(613440K), 0.0418384 secs] 599088K->51400K(2029056K), 0.0419599 secs] [Times: user=0.38 sys=0.00, real=0.04 secs] 
2020-09-29T18:09:40.906+0200: 55.214: [GC (Allocation Failure) 2020-09-29T18:09:40.906+0200: 55.214: [ParNew: 584341K->47555K(613440K), 0.0176345 secs] 596744K->59959K(2029056K), 0.0176918 secs] [Times: user=0.13 sys=0.00, real=0.02 secs] 
2020-09-29T18:09:40.971+0200: 55.279: [GC (Allocation Failure) 2020-09-29T18:09:40.971+0200: 55.279: [ParNew: 592899K->39319K(613440K), 0.0165495 secs] 605303K->51723K(2029056K), 0.0166057 secs] [Times: user=0.13 sys=0.00, real=0.02 secs] 
2020-09-29T18:09:41.037+0200: 55.345: [GC (Allocation Failure) 2020-09-29T18:09:41.037+0200: 55.345: [ParNew: 584663K->62419K(613440K), 0.0198435 secs] 597067K->74822K(2029056K), 0.0199072 secs] [Times: user=0.13 sys=0.00, real=0.02 secs] 
2020-09-29T18:09:41.107+0200: 55.415: [GC (Allocation Failure) 2020-09-29T18:09:41.107+0200: 55.415: [ParNew: 607763K->43700K(613440K), 0.0148194 secs] 620166K->56103K(2029056K), 0.0148735 secs] [Times: user=0.13 sys=0.00, real=0.01 secs] 
2020-09-29T18:09:41.171+0200: 55.478: [GC (Allocation Failure) 2020-09-29T18:09:41.171+0200: 55.478: [ParNew: 589044K->43810K(613440K), 0.0200684 secs] 601447K->56213K(2029056K), 0.0201236 secs] [Times: user=0.13 sys=0.00, real=0.02 secs] 
2020-09-29T18:09:41.242+0200: 55.549: [GC (Allocation Failure) 2020-09-29T18:09:41.242+0200: 55.549: [ParNew: 589154K->38771K(613440K), 0.0143627 secs] 601557K->51174K(2029056K), 0.0144517 secs] [Times: user=0.13 sys=0.00, real=0.01 secs] 
2020-09-29T18:09:41.311+0200: 55.618: [GC (Allocation Failure) 2020-09-29T18:09:41.311+0200: 55.618: [ParNew: 584115K->52796K(613440K), 0.0232384 secs] 596518K->65199K(2029056K), 0.0233051 secs] [Times: user=0.25 sys=0.00, real=0.02 secs] 
2020-09-29T18:09:41.382+0200: 55.690: [GC (Allocation Failure) 2020-09-29T18:09:41.383+0200: 55.690: [ParNew: 598140K->48448K(613440K), 0.0175248 secs] 610543K->60852K(2029056K), 0.0175945 secs] [Times: user=0.13 sys=0.00, real=0.02 secs] 
2020-09-29T18:09:41.448+0200: 55.756: [GC (Allocation Failure) 2020-09-29T18:09:41.448+0200: 55.756: [ParNew: 593792K->65638K(613440K), 0.0214177 secs] 606196K->78042K(2029056K), 0.0214885 secs] [Times: user=0.13 sys=0.00, real=0.02 secs] 
2020-09-29T18:09:41.517+0200: 55.824: [GC (Allocation Failure) 2020-09-29T18:09:41.517+0200: 55.824: [ParNew: 610982K->48547K(613440K), 0.0166423 secs] 623386K->60951K(2029056K), 0.0167115 secs] [Times: user=0.13 sys=0.00, real=0.02 secs] 
2020-09-29T18:09:41.584+0200: 55.892: [GC (Allocation Failure) 2020-09-29T18:09:41.584+0200: 55.892: [ParNew: 593891K->50755K(613440K), 0.0224802 secs] 606295K->63158K(2029056K), 0.0225360 secs] [Times: user=0.11 sys=0.00, real=0.02 secs] 
2020-09-29T18:09:41.658+0200: 55.965: [GC (Allocation Failure) 2020-09-29T18:09:41.658+0200: 55.965: [ParNew: 596099K->54841K(613440K), 0.0200463 secs] 608502K->67244K(2029056K), 0.0201331 secs] [Times: user=0.25 sys=0.00, real=0.02 secs] 
2020-09-29T18:09:41.726+0200: 56.033: [GC (Allocation Failure) 2020-09-29T18:09:41.726+0200: 56.033: [ParNew: 600185K->38845K(613440K), 0.0145363 secs] 612588K->51248K(2029056K), 0.0145956 secs] [Times: user=0.13 sys=0.00, real=0.01 secs] 
2020-09-29T18:09:41.788+0200: 56.095: [GC (Allocation Failure) 2020-09-29T18:09:41.788+0200: 56.095: [ParNew: 584189K->34254K(613440K), 0.0118137 secs] 596592K->46657K(2029056K), 0.0118683 secs] [Times: user=0.00 sys=0.00, real=0.01 secs] 
2020-09-29T18:09:41.846+0200: 56.153: [GC (Allocation Failure) 2020-09-29T18:09:41.846+0200: 56.153: [ParNew: 579598K->40527K(613440K), 0.0171191 secs] 592001K->52930K(2029056K), 0.0171868 secs] [Times: user=0.13 sys=0.00, real=0.02 secs] 
2020-09-29T18:09:41.915+0200: 56.222: [GC (Allocation Failure) 2020-09-29T18:09:41.915+0200: 56.222: [ParNew: 585871K->44976K(613440K), 0.0166927 secs] 598274K->57379K(2029056K), 0.0167540 secs] [Times: user=0.13 sys=0.00, real=0.02 secs] 
2020-09-29T18:09:41.980+0200: 56.287: [GC (Allocation Failure) 2020-09-29T18:09:41.980+0200: 56.287: [ParNew: 590320K->58290K(613440K), 0.0205561 secs] 602723K->70693K(2029056K), 0.0206149 secs] [Times: user=0.13 sys=0.00, real=0.02 secs] 
2020-09-29T18:09:42.048+0200: 56.355: [GC (Allocation Failure) 2020-09-29T18:09:42.048+0200: 56.355: [ParNew: 603634K->51889K(613440K), 0.0203292 secs] 616037K->64292K(2029056K), 0.0203842 secs] [Times: user=0.25 sys=0.00, real=0.02 secs] 
2020-09-29T18:09:42.116+0200: 56.424: [GC (Allocation Failure) 2020-09-29T18:09:42.116+0200: 56.424: [ParNew: 597233K->40093K(613440K), 0.0142494 secs] 609636K->52497K(2029056K), 0.0143431 secs] [Times: user=0.13 sys=0.00, real=0.02 secs] 
2020-09-29T18:09:42.180+0200: 56.488: [GC (Allocation Failure) 2020-09-29T18:09:42.180+0200: 56.488: [ParNew: 585437K->26453K(613440K), 0.0121635 secs] 597841K->38856K(2029056K), 0.0122440 secs] [Times: user=0.02 sys=0.00, real=0.01 secs] 
2020-09-29T18:09:42.247+0200: 56.555: [GC (Allocation Failure) 2020-09-29T18:09:42.247+0200: 56.555: [ParNew: 571797K->37990K(613440K), 0.0204474 secs] 584200K->50393K(2029056K), 0.0205259 secs] [Times: user=0.13 sys=0.00, real=0.02 secs] 
2020-09-29T18:09:42.319+0200: 56.626: [GC (Allocation Failure) 2020-09-29T18:09:42.319+0200: 56.626: [ParNew: 583334K->32548K(613440K), 0.0124019 secs] 595737K->44951K(2029056K), 0.0124632 secs] [Times: user=0.00 sys=0.00, real=0.01 secs] 
2020-09-29T18:09:42.389+0200: 56.696: [GC (Allocation Failure) 2020-09-29T18:09:42.389+0200: 56.696: [ParNew: 577892K->35544K(613440K), 0.0151475 secs] 590295K->47947K(2029056K), 0.0152388 secs] [Times: user=0.13 sys=0.00, real=0.02 secs] 
2020-09-29T18:09:42.453+0200: 56.760: [GC (Allocation Failure) 2020-09-29T18:09:42.453+0200: 56.760: [ParNew: 580888K->47948K(613440K), 0.0205693 secs] 593291K->60351K(2029056K), 0.0206269 secs] [Times: user=0.13 sys=0.00, real=0.02 secs] 
2020-09-29T18:09:42.522+0200: 56.829: [GC (Allocation Failure) 2020-09-29T18:09:42.522+0200: 56.830: [ParNew: 593292K->38537K(613440K), 0.0134767 secs] 605695K->50941K(2029056K), 0.0205855 secs] [Times: user=0.13 sys=0.00, real=0.02 secs] 
2020-09-29T18:09:42.603+0200: 56.910: [GC (Allocation Failure) 2020-09-29T18:09:42.603+0200: 56.910: [ParNew: 583881K->50265K(613440K), 0.0215425 secs] 596285K->62668K(2029056K), 0.0216012 secs] [Times: user=0.11 sys=0.00, real=0.02 secs] 
2020-09-29T18:09:42.676+0200: 56.983: [GC (Allocation Failure) 2020-09-29T18:09:42.676+0200: 56.983: [ParNew: 595609K->42499K(613440K), 0.0171106 secs] 608012K->54902K(2029056K), 0.0171736 secs] [Times: user=0.25 sys=0.00, real=0.02 secs] 
2020-09-29T18:09:42.743+0200: 57.050: [GC (Allocation Failure) 2020-09-29T18:09:42.743+0200: 57.050: [ParNew: 587843K->34489K(613440K), 0.0110140 secs] 600246K->46892K(2029056K), 0.0110769 secs] [Times: user=0.00 sys=0.00, real=0.01 secs] 
2020-09-29T18:09:42.805+0200: 57.113: [GC (Allocation Failure) 2020-09-29T18:09:42.805+0200: 57.113: [ParNew: 579833K->47559K(613440K), 0.0210600 secs] 592236K->59963K(2029056K), 0.0211311 secs] [Times: user=0.13 sys=0.00, real=0.02 secs] 
2020-09-29T18:09:42.876+0200: 57.183: [GC (Allocation Failure) 2020-09-29T18:09:42.876+0200: 57.183: [ParNew: 592903K->43876K(613440K), 0.0153133 secs] 605307K->56279K(2029056K), 0.0153724 secs] [Times: user=0.13 sys=0.00, real=0.02 secs] 
2020-09-29T18:09:42.944+0200: 57.251: [GC (Allocation Failure) 2020-09-29T18:09:42.944+0200: 57.251: [ParNew: 589220K->58638K(613440K), 0.0203962 secs] 601623K->71041K(2029056K), 0.0204715 secs] [Times: user=0.13 sys=0.00, real=0.02 secs] 
2020-09-29T18:09:43.012+0200: 57.320: [GC (Allocation Failure) 2020-09-29T18:09:43.012+0200: 57.320: [ParNew: 603982K->46596K(613440K), 0.0195641 secs] 616385K->58999K(2029056K), 0.0196211 secs] [Times: user=0.13 sys=0.00, real=0.02 secs] 
2020-09-29T18:09:43.081+0200: 57.388: [GC (Allocation Failure) 2020-09-29T18:09:43.081+0200: 57.388: [ParNew: 591940K->37783K(613440K), 0.0146615 secs] 604343K->50186K(2029056K), 0.0147549 secs] [Times: user=0.11 sys=0.00, real=0.01 secs] 
2020-09-29T18:09:43.147+0200: 57.455: [GC (Allocation Failure) 2020-09-29T18:09:43.147+0200: 57.455: [ParNew: 583127K->34064K(613440K), 0.0132081 secs] 595530K->46468K(2029056K), 0.0133013 secs] [Times: user=0.00 sys=0.01, real=0.01 secs] 
2020-09-29T18:09:43.215+0200: 57.522: [GC (Allocation Failure) 2020-09-29T18:09:43.215+0200: 57.522: [ParNew: 579408K->57059K(613440K), 0.0273219 secs] 591812K->69462K(2029056K), 0.0274011 secs] [Times: user=0.23 sys=0.00, real=0.03 secs] 
2020-09-29T18:09:43.292+0200: 57.599: [GC (Allocation Failure) 2020-09-29T18:09:43.292+0200: 57.599: [ParNew: 602403K->46191K(613440K), 0.0161993 secs] 614806K->58594K(2029056K), 0.0162737 secs] [Times: user=0.13 sys=0.00, real=0.02 secs] 
2020-09-29T18:09:43.355+0200: 57.663: [GC (Allocation Failure) 2020-09-29T18:09:43.355+0200: 57.663: [ParNew: 591535K->41111K(613440K), 0.0165948 secs] 603938K->53514K(2029056K), 0.0166664 secs] [Times: user=0.13 sys=0.00, real=0.02 secs] 
2020-09-29T18:09:43.420+0200: 57.727: [GC (Allocation Failure) 2020-09-29T18:09:43.420+0200: 57.727: [ParNew: 586455K->32807K(613440K), 0.0196177 secs] 598858K->45210K(2029056K), 0.0196830 secs] [Times: user=0.13 sys=0.00, real=0.02 secs] 
2020-09-29T18:09:43.488+0200: 57.796: [GC (Allocation Failure) 2020-09-29T18:09:43.489+0200: 57.796: [ParNew: 578151K->25100K(613440K), 0.0070930 secs] 590554K->37503K(2029056K), 0.0071654 secs] [Times: user=0.00 sys=0.02, real=0.01 secs] 
2020-09-29T18:09:43.559+0200: 57.866: [GC (Allocation Failure) 2020-09-29T18:09:43.559+0200: 57.866: [ParNew: 570444K->31219K(613440K), 0.0193032 secs] 582847K->43623K(2029056K), 0.0193998 secs] [Times: user=0.13 sys=0.00, real=0.02 secs] 
2020-09-29T18:09:43.628+0200: 57.936: [GC (Allocation Failure) 2020-09-29T18:09:43.628+0200: 57.936: [ParNew: 576563K->50937K(613440K), 0.0280467 secs] 588967K->63340K(2029056K), 0.0281518 secs] [Times: user=0.23 sys=0.00, real=0.03 secs] 
2020-09-29T18:09:43.705+0200: 58.013: [GC (Allocation Failure) 2020-09-29T18:09:43.706+0200: 58.013: [ParNew: 596281K->44260K(613440K), 0.0242022 secs] 608684K->56663K(2029056K), 0.0242794 secs] [Times: user=0.25 sys=0.00, real=0.03 secs] 
2020-09-29T18:09:43.778+0200: 58.085: [GC (Allocation Failure) 2020-09-29T18:09:43.778+0200: 58.085: [ParNew: 589604K->47296K(613440K), 0.0237389 secs] 602007K->59699K(2029056K), 0.0238068 secs] [Times: user=0.14 sys=0.08, real=0.02 secs] 
2020-09-29T18:09:43.849+0200: 58.156: [GC (Allocation Failure) 2020-09-29T18:09:43.849+0200: 58.156: [ParNew: 592640K->38463K(613440K), 0.0163447 secs] 605043K->50867K(2029056K), 0.0164208 secs] [Times: user=0.13 sys=0.00, real=0.02 secs] 
2020-09-29T18:09:43.920+0200: 58.227: [GC (Allocation Failure) 2020-09-29T18:09:43.920+0200: 58.227: [ParNew: 583807K->33166K(613440K), 0.0158692 secs] 596211K->45569K(2029056K), 0.0159349 secs] [Times: user=0.13 sys=0.00, real=0.02 secs] 
2020-09-29T18:09:43.987+0200: 58.295: [GC (Allocation Failure) 2020-09-29T18:09:43.988+0200: 58.295: [ParNew: 578510K->35694K(613440K), 0.0213597 secs] 590913K->48097K(2029056K), 0.0214328 secs] [Times: user=0.25 sys=0.00, real=0.02 secs] 
2020-09-29T18:09:44.059+0200: 58.367: [GC (Allocation Failure) 2020-09-29T18:09:44.059+0200: 58.367: [ParNew: 581038K->35232K(613440K), 0.0195038 secs] 593441K->47635K(2029056K), 0.0195710 secs] [Times: user=0.13 sys=0.00, real=0.02 secs] 
2020-09-29T18:09:44.127+0200: 58.435: [GC (Allocation Failure) 2020-09-29T18:09:44.127+0200: 58.435: [ParNew: 580576K->35354K(613440K), 0.0164136 secs] 592979K->47757K(2029056K), 0.0164794 secs] [Times: user=0.13 sys=0.00, real=0.02 secs] 
2020-09-29T18:09:44.201+0200: 58.509: [GC (Allocation Failure) 2020-09-29T18:09:44.201+0200: 58.509: [ParNew: 580698K->32928K(613440K), 0.0163388 secs] 593101K->45332K(2029056K), 0.0164065 secs] [Times: user=0.13 sys=0.00, real=0.02 secs] 
2020-09-29T18:09:44.271+0200: 58.578: [GC (Allocation Failure) 2020-09-29T18:09:44.271+0200: 58.578: [ParNew: 578272K->50024K(613440K), 0.0227640 secs] 590676K->62427K(2029056K), 0.0228320 secs] [Times: user=0.13 sys=0.00, real=0.02 secs] 
2020-09-29T18:09:44.344+0200: 58.651: [GC (Allocation Failure) 2020-09-29T18:09:44.344+0200: 58.651: [ParNew: 595368K->37703K(613440K), 0.0138076 secs] 607771K->50106K(2029056K), 0.0138754 secs] [Times: user=0.13 sys=0.00, real=0.01 secs] 
2020-09-29T18:09:44.418+0200: 58.726: [GC (Allocation Failure) 2020-09-29T18:09:44.418+0200: 58.726: [ParNew: 583047K->47782K(613440K), 0.0273115 secs] 595450K->60185K(2029056K), 0.0273810 secs] [Times: user=0.25 sys=0.00, real=0.03 secs] 
2020-09-29T18:09:44.495+0200: 58.803: [GC (Allocation Failure) 2020-09-29T18:09:44.495+0200: 58.803: [ParNew: 593126K->43287K(613440K), 0.0193921 secs] 605529K->55690K(2029056K), 0.0194637 secs] [Times: user=0.13 sys=0.00, real=0.02 secs] 
2020-09-29T18:09:44.570+0200: 58.878: [GC (Allocation Failure) 2020-09-29T18:09:44.570+0200: 58.878: [ParNew: 588631K->32903K(613440K), 0.0206516 secs] 601034K->45306K(2029056K), 0.0207238 secs] [Times: user=0.11 sys=0.00, real=0.02 secs] 
2020-09-29T18:09:44.647+0200: 58.954: [GC (Allocation Failure) 2020-09-29T18:09:44.647+0200: 58.954: [ParNew: 578247K->55047K(613440K), 0.0244209 secs] 590650K->67450K(2029056K), 0.0245181 secs] [Times: user=0.13 sys=0.00, real=0.02 secs] 
2020-09-29T18:09:44.722+0200: 59.030: [GC (Allocation Failure) 2020-09-29T18:09:44.722+0200: 59.030: [ParNew: 600391K->43118K(613440K), 0.0223168 secs] 612794K->55522K(2029056K), 0.0223853 secs] [Times: user=0.25 sys=0.00, real=0.02 secs] 
2020-09-29T18:09:44.796+0200: 59.103: [GC (Allocation Failure) 2020-09-29T18:09:44.796+0200: 59.103: [ParNew: 588462K->37221K(613440K), 0.0214964 secs] 600866K->49624K(2029056K), 0.0215814 secs] [Times: user=0.23 sys=0.00, real=0.02 secs] 
2020-09-29T18:09:44.864+0200: 59.171: [GC (Allocation Failure) 2020-09-29T18:09:44.864+0200: 59.171: [ParNew: 582565K->39228K(613440K), 0.0173200 secs] 594968K->51631K(2029056K), 0.0174054 secs] [Times: user=0.13 sys=0.00, real=0.02 secs] 
2020-09-29T18:09:44.931+0200: 59.239: [GC (Allocation Failure) 2020-09-29T18:09:44.931+0200: 59.239: [ParNew: 584572K->55013K(613440K), 0.0238809 secs] 596975K->67416K(2029056K), 0.0239466 secs] [Times: user=0.13 sys=0.00, real=0.02 secs] 
2020-09-29T18:09:45.007+0200: 59.314: [GC (Allocation Failure) 2020-09-29T18:09:45.007+0200: 59.314: [ParNew: 600357K->66905K(613440K), 0.0300143 secs] 612760K->79308K(2029056K), 0.0300782 secs] [Times: user=0.20 sys=0.00, real=0.03 secs] 
2020-09-29T18:09:45.086+0200: 59.393: [GC (Allocation Failure) 2020-09-29T18:09:45.086+0200: 59.393: [ParNew: 612249K->46684K(613440K), 0.0157379 secs] 624652K->59087K(2029056K), 0.0158055 secs] [Times: user=0.13 sys=0.00, real=0.02 secs] 
2020-09-29T18:09:45.152+0200: 59.459: [GC (Allocation Failure) 2020-09-29T18:09:45.152+0200: 59.459: [ParNew: 592028K->35965K(613440K), 0.0224994 secs] 604431K->48369K(2029056K), 0.0225800 secs] [Times: user=0.13 sys=0.00, real=0.02 secs] 
2020-09-29T18:09:45.230+0200: 59.538: [GC (Allocation Failure) 2020-09-29T18:09:45.230+0200: 59.538: [ParNew: 581309K->56408K(613440K), 0.0283235 secs] 593713K->68812K(2029056K), 0.0284144 secs] [Times: user=0.25 sys=0.00, real=0.03 secs] 
2020-09-29T18:09:45.309+0200: 59.617: [GC (Allocation Failure) 2020-09-29T18:09:45.309+0200: 59.617: [ParNew: 601752K->40962K(613440K), 0.0131136 secs] 614156K->53365K(2029056K), 0.0131979 secs] [Times: user=0.13 sys=0.00, real=0.01 secs] 
2020-09-29T18:09:45.378+0200: 59.686: [GC (Allocation Failure) 2020-09-29T18:09:45.378+0200: 59.686: [ParNew: 586306K->32295K(613440K), 0.0188854 secs] 598709K->44698K(2029056K), 0.0189529 secs] [Times: user=0.25 sys=0.00, real=0.02 secs] 
2020-09-29T18:09:45.450+0200: 59.757: [GC (Allocation Failure) 2020-09-29T18:09:45.450+0200: 59.757: [ParNew: 577639K->34549K(613440K), 0.0166236 secs] 590042K->46952K(2029056K), 0.0167000 secs] [Times: user=0.13 sys=0.00, real=0.02 secs] 
2020-09-29T18:09:45.534+0200: 59.842: [GC (Allocation Failure) 2020-09-29T18:09:45.534+0200: 59.842: [ParNew: 579893K->61974K(613440K), 0.0312413 secs] 592296K->74377K(2029056K), 0.0313255 secs] [Times: user=0.23 sys=0.00, real=0.03 secs] 
2020-09-29T18:09:45.617+0200: 59.924: [GC (Allocation Failure) 2020-09-29T18:09:45.617+0200: 59.924: [ParNew: 607318K->53120K(613440K), 0.0229630 secs] 619721K->65523K(2029056K), 0.0230459 secs] [Times: user=0.13 sys=0.00, real=0.02 secs] 
2020-09-29T18:09:45.698+0200: 60.005: [GC (Allocation Failure) 2020-09-29T18:09:45.698+0200: 60.005: [ParNew: 598464K->36693K(613440K), 0.0150232 secs] 610867K->49096K(2029056K), 0.0150879 secs] [Times: user=0.13 sys=0.00, real=0.02 secs] 
2020-09-29T18:09:45.765+0200: 60.073: [GC (Allocation Failure) 2020-09-29T18:09:45.765+0200: 60.073: [ParNew: 582037K->38063K(613440K), 0.0208140 secs] 594440K->50466K(2029056K), 0.0208899 secs] [Times: user=0.25 sys=0.00, real=0.02 secs] 
2020-09-29T18:09:45.843+0200: 60.151: [GC (Allocation Failure) 2020-09-29T18:09:45.843+0200: 60.151: [ParNew: 583407K->50596K(613440K), 0.0261440 secs] 595810K->62999K(2029056K), 0.0262212 secs] [Times: user=0.25 sys=0.00, real=0.03 secs] 
2020-09-29T18:09:45.922+0200: 60.230: [GC (Allocation Failure) 2020-09-29T18:09:45.922+0200: 60.230: [ParNew: 595940K->42078K(613440K), 0.0196208 secs] 608343K->54482K(2029056K), 0.0196960 secs] [Times: user=0.25 sys=0.00, real=0.02 secs] 
2020-09-29T18:09:45.994+0200: 60.302: [GC (Allocation Failure) 2020-09-29T18:09:45.994+0200: 60.302: [ParNew: 587422K->53045K(613440K), 0.0267403 secs] 599826K->65449K(2029056K), 0.0268085 secs] [Times: user=0.24 sys=0.00, real=0.03 secs] 
2020-09-29T18:09:46.068+0200: 60.376: [GC (Allocation Failure) 2020-09-29T18:09:46.068+0200: 60.376: [ParNew: 598389K->62750K(613440K), 0.0255186 secs] 610793K->75153K(2029056K), 0.0255911 secs] [Times: user=0.11 sys=0.00, real=0.03 secs] 
2020-09-29T18:09:46.143+0200: 60.451: [GC (Allocation Failure) 2020-09-29T18:09:46.143+0200: 60.451: [ParNew: 608094K->51084K(613440K), 0.0230415 secs] 620497K->63487K(2029056K), 0.0231276 secs] [Times: user=0.25 sys=0.00, real=0.02 secs] 
2020-09-29T18:09:46.219+0200: 60.526: [GC (Allocation Failure) 2020-09-29T18:09:46.219+0200: 60.526: [ParNew: 596428K->32006K(613440K), 0.0163107 secs] 608831K->44409K(2029056K), 0.0163773 secs] [Times: user=0.11 sys=0.00, real=0.02 secs] 
2020-09-29T18:09:46.285+0200: 60.593: [GC (Allocation Failure) 2020-09-29T18:09:46.285+0200: 60.593: [ParNew: 577350K->19852K(613440K), 0.0131413 secs] 589753K->32255K(2029056K), 0.0132066 secs] [Times: user=0.13 sys=0.00, real=0.01 secs] 
2020-09-29T18:09:46.357+0200: 60.665: [GC (Allocation Failure) 2020-09-29T18:09:46.357+0200: 60.665: [ParNew: 565196K->19042K(613440K), 0.0120907 secs] 577599K->31445K(2029056K), 0.0121681 secs] [Times: user=0.13 sys=0.00, real=0.01 secs] 
2020-09-29T18:09:46.430+0200: 60.738: [GC (Allocation Failure) 2020-09-29T18:09:46.431+0200: 60.738: [ParNew: 564257K->47216K(613440K), 0.0260812 secs] 576660K->59619K(2029056K), 0.0261524 secs] [Times: user=0.13 sys=0.00, real=0.03 secs] 
2020-09-29T18:09:46.503+0200: 60.811: [GC (Allocation Failure) 2020-09-29T18:09:46.503+0200: 60.811: [ParNew: 592560K->37670K(613440K), 0.0160759 secs] 604963K->50073K(2029056K), 0.0161412 secs] [Times: user=0.13 sys=0.00, real=0.02 secs] 
2020-09-29T18:09:46.566+0200: 60.874: [GC (Allocation Failure) 2020-09-29T18:09:46.566+0200: 60.874: [ParNew: 583014K->37743K(613440K), 0.0228036 secs] 595417K->50146K(2029056K), 0.0228752 secs] [Times: user=0.22 sys=0.00, real=0.02 secs] 
2020-09-29T18:09:46.648+0200: 60.956: [GC (Allocation Failure) 2020-09-29T18:09:46.648+0200: 60.956: [ParNew: 583087K->49391K(613440K), 0.0214467 secs] 595490K->61794K(2029056K), 0.0215266 secs] [Times: user=0.13 sys=0.00, real=0.02 secs] 
2020-09-29T18:09:46.721+0200: 61.029: [GC (Allocation Failure) 2020-09-29T18:09:46.721+0200: 61.029: [ParNew: 594735K->34472K(613440K), 0.0199445 secs] 607138K->46875K(2029056K), 0.0200101 secs] [Times: user=0.25 sys=0.00, real=0.02 secs] 
2020-09-29T18:09:46.792+0200: 61.100: [GC (Allocation Failure) 2020-09-29T18:09:46.792+0200: 61.100: [ParNew: 579816K->53835K(613440K), 0.0242158 secs] 592219K->66238K(2029056K), 0.0242883 secs] [Times: user=0.13 sys=0.00, real=0.02 secs] 
2020-09-29T18:09:46.868+0200: 61.176: [GC (Allocation Failure) 2020-09-29T18:09:46.868+0200: 61.176: [ParNew: 599179K->67590K(613440K), 0.0296349 secs] 611582K->79993K(2029056K), 0.0297069 secs] [Times: user=0.25 sys=0.00, real=0.03 secs] 
2020-09-29T18:09:46.948+0200: 61.256: [GC (Allocation Failure) 2020-09-29T18:09:46.948+0200: 61.256: [ParNew: 612934K->47544K(613440K), 0.0141614 secs] 625337K->59947K(2029056K), 0.0142344 secs] [Times: user=0.13 sys=0.00, real=0.01 secs] 
2020-09-29T18:09:47.017+0200: 61.325: [GC (Allocation Failure) 2020-09-29T18:09:47.017+0200: 61.325: [ParNew: 592888K->38372K(613440K), 0.0215631 secs] 605291K->50775K(2029056K), 0.0216348 secs] [Times: user=0.24 sys=0.00, real=0.02 secs] 
2020-09-29T18:09:47.091+0200: 61.399: [GC (Allocation Failure) 2020-09-29T18:09:47.091+0200: 61.399: [ParNew: 583716K->53206K(613440K), 0.0276698 secs] 596119K->65609K(2029056K), 0.0277401 secs] [Times: user=0.25 sys=0.00, real=0.03 secs] 
2020-09-29T18:09:47.172+0200: 61.480: [GC (Allocation Failure) 2020-09-29T18:09:47.172+0200: 61.480: [ParNew: 598550K->68096K(613440K), 0.0264304 secs] 610953K->80499K(2029056K), 0.0264997 secs] [Times: user=0.25 sys=0.00, real=0.03 secs] 
2020-09-29T18:09:47.256+0200: 61.564: [GC (Allocation Failure) 2020-09-29T18:09:47.256+0200: 61.564: [ParNew: 613440K->41467K(613440K), 0.0182745 secs] 625843K->53871K(2029056K), 0.0183520 secs] [Times: user=0.13 sys=0.00, real=0.02 secs] 
2020-09-29T18:09:47.334+0200: 61.642: [GC (Allocation Failure) 2020-09-29T18:09:47.334+0200: 61.642: [ParNew: 586811K->58149K(613440K), 0.0243959 secs] 599215K->70552K(2029056K), 0.0244727 secs] [Times: user=0.13 sys=0.00, real=0.02 secs] 
2020-09-29T18:09:47.413+0200: 61.720: [GC (Allocation Failure) 2020-09-29T18:09:47.413+0200: 61.720: [ParNew: 603493K->40677K(613440K), 0.0177508 secs] 615896K->53081K(2029056K), 0.0178244 secs] [Times: user=0.13 sys=0.00, real=0.02 secs] 
2020-09-29T18:09:47.488+0200: 61.795: [GC (Allocation Failure) 2020-09-29T18:09:47.488+0200: 61.796: [ParNew: 586021K->39312K(613440K), 0.0237609 secs] 598425K->51715K(2029056K), 0.0238318 secs] [Times: user=0.25 sys=0.00, real=0.02 secs] 
2020-09-29T18:09:47.560+0200: 61.868: [GC (Allocation Failure) 2020-09-29T18:09:47.560+0200: 61.868: [ParNew: 584656K->44005K(613440K), 0.0221385 secs] 597059K->56408K(2029056K), 0.0222267 secs] [Times: user=0.13 sys=0.00, real=0.02 secs] 
2020-09-29T18:09:47.634+0200: 61.942: [GC (Allocation Failure) 2020-09-29T18:09:47.634+0200: 61.942: [ParNew: 589349K->32276K(613440K), 0.0136574 secs] 601752K->44679K(2029056K), 0.0137244 secs] [Times: user=0.13 sys=0.00, real=0.01 secs] 
2020-09-29T18:09:47.699+0200: 62.007: [GC (Allocation Failure) 2020-09-29T18:09:47.699+0200: 62.007: [ParNew: 577620K->46579K(613440K), 0.0278756 secs] 590023K->58982K(2029056K), 0.0279481 secs] [Times: user=0.25 sys=0.00, real=0.03 secs] 
2020-09-29T18:09:47.775+0200: 62.083: [GC (Allocation Failure) 2020-09-29T18:09:47.775+0200: 62.083: [ParNew: 591923K->38455K(613440K), 0.0198853 secs] 604326K->50858K(2029056K), 0.0199603 secs] [Times: user=0.13 sys=0.00, real=0.02 secs] 
2020-09-29T18:09:47.844+0200: 62.152: [GC (Allocation Failure) 2020-09-29T18:09:47.844+0200: 62.152: [ParNew: 583799K->33042K(613440K), 0.0161791 secs] 596202K->45445K(2029056K), 0.0162557 secs] [Times: user=0.13 sys=0.00, real=0.02 secs] 
2020-09-29T18:09:47.912+0200: 62.220: [GC (Allocation Failure) 2020-09-29T18:09:47.912+0200: 62.220: [ParNew: 578386K->49565K(613440K), 0.0232450 secs] 590789K->61969K(2029056K), 0.0233129 secs] [Times: user=0.13 sys=0.00, real=0.02 secs] 
2020-09-29T18:09:47.990+0200: 62.298: [GC (Allocation Failure) 2020-09-29T18:09:47.990+0200: 62.298: [ParNew: 594909K->34954K(613440K), 0.0157401 secs] 607313K->47358K(2029056K), 0.0158176 secs] [Times: user=0.13 sys=0.00, real=0.02 secs] 
2020-09-29T18:09:48.061+0200: 62.369: [GC (Allocation Failure) 2020-09-29T18:09:48.061+0200: 62.369: [ParNew: 580298K->21248K(613440K), 0.0139050 secs] 592702K->33651K(2029056K), 0.0139704 secs] [Times: user=0.11 sys=0.00, real=0.01 secs] 
2020-09-29T18:09:48.125+0200: 62.433: [GC (Allocation Failure) 2020-09-29T18:09:48.125+0200: 62.433: [ParNew: 566592K->53350K(613440K), 0.0271882 secs] 578995K->65753K(2029056K), 0.0272499 secs] [Times: user=0.25 sys=0.00, real=0.03 secs] 
2020-09-29T18:09:48.201+0200: 62.509: [GC (Allocation Failure) 2020-09-29T18:09:48.201+0200: 62.509: [ParNew: 598694K->65443K(613440K), 0.0285514 secs] 611097K->77846K(2029056K), 0.0286610 secs] [Times: user=0.22 sys=0.00, real=0.03 secs] 
2020-09-29T18:09:48.282+0200: 62.590: [GC (Allocation Failure) 2020-09-29T18:09:48.282+0200: 62.590: [ParNew: 610787K->45421K(613440K), 0.0186831 secs] 623190K->57825K(2029056K), 0.0187450 secs] [Times: user=0.14 sys=0.00, real=0.02 secs] 
2020-09-29T18:09:48.357+0200: 62.665: [GC (Allocation Failure) 2020-09-29T18:09:48.357+0200: 62.665: [ParNew: 590765K->40604K(613440K), 0.0188699 secs] 603169K->53007K(2029056K), 0.0189396 secs] [Times: user=0.13 sys=0.00, real=0.02 secs] 
2020-09-29T18:09:48.438+0200: 62.746: [GC (Allocation Failure) 2020-09-29T18:09:48.438+0200: 62.746: [ParNew: 585948K->59688K(613440K), 0.0367848 secs] 598351K->72091K(2029056K), 0.0368792 secs] [Times: user=0.33 sys=0.00, real=0.04 secs] 
2020-09-29T18:09:48.524+0200: 62.833: [GC (Allocation Failure) 2020-09-29T18:09:48.524+0200: 62.833: [ParNew: 605032K->48570K(613440K), 0.0250238 secs] 617435K->60973K(2029056K), 0.0251018 secs] [Times: user=0.13 sys=0.00, real=0.03 secs] 
2020-09-29T18:09:48.601+0200: 62.909: [GC (Allocation Failure) 2020-09-29T18:09:48.601+0200: 62.909: [ParNew: 593914K->42627K(613440K), 0.0221549 secs] 606317K->55030K(2029056K), 0.0222379 secs] [Times: user=0.13 sys=0.00, real=0.02 secs] 
2020-09-29T18:09:48.680+0200: 62.988: [GC (Allocation Failure) 2020-09-29T18:09:48.680+0200: 62.988: [ParNew: 587971K->68096K(613440K), 0.0361679 secs] 600374K->80499K(2029056K), 0.0362546 secs] [Times: user=0.25 sys=0.00, real=0.04 secs] 
2020-09-29T18:09:48.766+0200: 63.074: [GC (Allocation Failure) 2020-09-29T18:09:48.766+0200: 63.074: [ParNew: 613440K->51096K(613440K), 0.0201275 secs] 625843K->63500K(2029056K), 0.0202112 secs] [Times: user=0.25 sys=0.00, real=0.02 secs] 
2020-09-29T18:09:48.840+0200: 63.148: [GC (Allocation Failure) 2020-09-29T18:09:48.840+0200: 63.148: [ParNew: 596440K->47464K(613440K), 0.0285675 secs] 608844K->59867K(2029056K), 0.0286625 secs] [Times: user=0.24 sys=0.00, real=0.03 secs] 
2020-09-29T18:09:48.926+0200: 63.234: [GC (Allocation Failure) 2020-09-29T18:09:48.926+0200: 63.234: [ParNew: 592808K->67309K(613440K), 0.0325627 secs] 605211K->79712K(2029056K), 0.0326592 secs] [Times: user=0.25 sys=0.00, real=0.03 secs] 
2020-09-29T18:09:49.012+0200: 63.320: [GC (Allocation Failure) 2020-09-29T18:09:49.012+0200: 63.320: [ParNew: 612653K->43833K(613440K), 0.0142150 secs] 625056K->56236K(2029056K), 0.0142991 secs] [Times: user=0.13 sys=0.00, real=0.01 secs] 
2020-09-29T18:09:49.086+0200: 63.394: [GC (Allocation Failure) 2020-09-29T18:09:49.086+0200: 63.394: [ParNew: 589177K->50968K(613440K), 0.0303975 secs] 601580K->63371K(2029056K), 0.0305034 secs] [Times: user=0.25 sys=0.00, real=0.03 secs] 
2020-09-29T18:09:49.171+0200: 63.479: [GC (Allocation Failure) 2020-09-29T18:09:49.171+0200: 63.479: [ParNew: 596312K->65161K(613440K), 0.0284567 secs] 608715K->77564K(2029056K), 0.0285482 secs] [Times: user=0.25 sys=0.00, real=0.03 secs] 
2020-09-29T18:09:49.253+0200: 63.561: [GC (Allocation Failure) 2020-09-29T18:09:49.253+0200: 63.561: [ParNew: 610505K->41121K(613440K), 0.0209186 secs] 622908K->53525K(2029056K), 0.0210209 secs] [Times: user=0.25 sys=0.00, real=0.02 secs] 
2020-09-29T18:09:49.327+0200: 63.635: [GC (Allocation Failure) 2020-09-29T18:09:49.327+0200: 63.635: [ParNew: 586465K->55320K(613440K), 0.0266037 secs] 598869K->67724K(2029056K), 0.0341063 secs] [Times: user=0.25 sys=0.00, real=0.04 secs] 
2020-09-29T18:09:49.411+0200: 63.718: [GC (Allocation Failure) 2020-09-29T18:09:49.411+0200: 63.718: [ParNew: 600664K->39993K(613440K), 0.0252757 secs] 613068K->52396K(2029056K), 0.0253614 secs] [Times: user=0.13 sys=0.00, real=0.03 secs] 
2020-09-29T18:09:49.489+0200: 63.796: [GC (Allocation Failure) 2020-09-29T18:09:49.489+0200: 63.796: [ParNew: 585337K->41519K(613440K), 0.0244761 secs] 597740K->53922K(2029056K), 0.0245469 secs] [Times: user=0.13 sys=0.00, real=0.02 secs] 
2020-09-29T18:09:49.563+0200: 63.871: [GC (Allocation Failure) 2020-09-29T18:09:49.564+0200: 63.871: [ParNew: 586863K->31599K(613440K), 0.0135506 secs] 599266K->44003K(2029056K), 0.0136273 secs] [Times: user=0.11 sys=0.00, real=0.01 secs] 
2020-09-29T18:09:49.632+0200: 63.939: [GC (Allocation Failure) 2020-09-29T18:09:49.632+0200: 63.939: [ParNew: 576943K->45949K(613440K), 0.0279711 secs] 589347K->58352K(2029056K), 0.0280604 secs] [Times: user=0.13 sys=0.00, real=0.03 secs] 
2020-09-29T18:09:49.710+0200: 64.018: [GC (Allocation Failure) 2020-09-29T18:09:49.710+0200: 64.018: [ParNew: 591293K->36872K(613440K), 0.0188085 secs] 603696K->49275K(2029056K), 0.0188805 secs] [Times: user=0.13 sys=0.00, real=0.02 secs] 
2020-09-29T18:09:49.793+0200: 64.101: [GC (Allocation Failure) 2020-09-29T18:09:49.793+0200: 64.101: [ParNew: 582216K->37487K(613440K), 0.0242836 secs] 594619K->49890K(2029056K), 0.0243568 secs] [Times: user=0.25 sys=0.00, real=0.02 secs] 
2020-09-29T18:09:49.870+0200: 64.178: [GC (Allocation Failure) 2020-09-29T18:09:49.870+0200: 64.178: [ParNew: 582831K->33374K(613440K), 0.0149580 secs] 595234K->45777K(2029056K), 0.0150248 secs] [Times: user=0.13 sys=0.00, real=0.02 secs] 
2020-09-29T18:09:49.940+0200: 64.248: [GC (Allocation Failure) 2020-09-29T18:09:49.940+0200: 64.248: [ParNew: 578718K->33241K(613440K), 0.0216277 secs] 591121K->45645K(2029056K), 0.0217129 secs] [Times: user=0.23 sys=0.00, real=0.02 secs] 
2020-09-29T18:09:50.014+0200: 64.321: [GC (Allocation Failure) 2020-09-29T18:09:50.014+0200: 64.322: [ParNew: 578585K->49351K(613440K), 0.0286870 secs] 590989K->61754K(2029056K), 0.0287715 secs] [Times: user=0.25 sys=0.00, real=0.03 secs] 
2020-09-29T18:09:50.090+0200: 64.397: [GC (Allocation Failure) 2020-09-29T18:09:50.090+0200: 64.397: [ParNew: 594695K->68096K(613440K), 0.0351388 secs] 607098K->80926K(2029056K), 0.0352102 secs] [Times: user=0.25 sys=0.00, real=0.04 secs] 
2020-09-29T18:09:50.174+0200: 64.481: [GC (Allocation Failure) 2020-09-29T18:09:50.174+0200: 64.481: [ParNew: 613440K->58393K(613440K), 0.0277970 secs] 626270K->71224K(2029056K), 0.0278826 secs] [Times: user=0.24 sys=0.00, real=0.03 secs] 
2020-09-29T18:09:50.259+0200: 64.567: [GC (Allocation Failure) 2020-09-29T18:09:50.259+0200: 64.567: [ParNew: 603737K->43253K(613440K), 0.0260872 secs] 616568K->56084K(2029056K), 0.0261846 secs] [Times: user=0.13 sys=0.00, real=0.03 secs] 
2020-09-29T18:09:50.341+0200: 64.648: [GC (Allocation Failure) 2020-09-29T18:09:50.341+0200: 64.648: [ParNew: 588597K->39364K(613440K), 0.0175871 secs] 601428K->52195K(2029056K), 0.0176576 secs] [Times: user=0.13 sys=0.00, real=0.02 secs] 
2020-09-29T18:09:50.411+0200: 64.719: [GC (Allocation Failure) 2020-09-29T18:09:50.411+0200: 64.719: [ParNew: 584708K->53459K(613440K), 0.0299204 secs] 597539K->66290K(2029056K), 0.0300062 secs] [Times: user=0.13 sys=0.00, real=0.03 secs] 
2020-09-29T18:09:50.491+0200: 64.799: [GC (Allocation Failure) 2020-09-29T18:09:50.491+0200: 64.799: [ParNew: 598803K->68096K(613440K), 0.0294316 secs] 611634K->80926K(2029056K), 0.0295051 secs] [Times: user=0.25 sys=0.00, real=0.03 secs] 
2020-09-29T18:09:50.575+0200: 64.883: [GC (Allocation Failure) 2020-09-29T18:09:50.575+0200: 64.883: [ParNew: 613440K->48718K(613440K), 0.0208991 secs] 626270K->61548K(2029056K), 0.0209938 secs] [Times: user=0.13 sys=0.00, real=0.02 secs] 
2020-09-29T18:09:50.658+0200: 64.965: [GC (Allocation Failure) 2020-09-29T18:09:50.658+0200: 64.965: [ParNew: 594062K->48175K(613440K), 0.0271636 secs] 606892K->61006K(2029056K), 0.0272354 secs] [Times: user=0.25 sys=0.00, real=0.03 secs] 
2020-09-29T18:09:50.736+0200: 65.044: [GC (Allocation Failure) 2020-09-29T18:09:50.736+0200: 65.044: [ParNew: 593519K->62363K(613440K), 0.0277391 secs] 606350K->75194K(2029056K), 0.0278107 secs] [Times: user=0.23 sys=0.00, real=0.03 secs] 
2020-09-29T18:09:50.812+0200: 65.120: [GC (Allocation Failure) 2020-09-29T18:09:50.812+0200: 65.120: [ParNew: 607707K->48112K(613440K), 0.0271605 secs] 620538K->60943K(2029056K), 0.0272426 secs] [Times: user=0.25 sys=0.00, real=0.03 secs] 
2020-09-29T18:09:50.887+0200: 65.194: [GC (Allocation Failure) 2020-09-29T18:09:50.887+0200: 65.194: [ParNew: 593456K->41382K(613440K), 0.0255775 secs] 606287K->54213K(2029056K), 0.0256570 secs] [Times: user=0.25 sys=0.00, real=0.02 secs] 
2020-09-29T18:09:50.961+0200: 65.268: [GC (Allocation Failure) 2020-09-29T18:09:50.961+0200: 65.269: [ParNew: 586726K->45703K(613440K), 0.0232676 secs] 599557K->58534K(2029056K), 0.0233546 secs] [Times: user=0.13 sys=0.00, real=0.02 secs] 
2020-09-29T18:09:51.036+0200: 65.343: [GC (Allocation Failure) 2020-09-29T18:09:51.036+0200: 65.343: [ParNew: 591047K->35246K(613440K), 0.0238058 secs] 603878K->48077K(2029056K), 0.0238778 secs] [Times: user=0.13 sys=0.00, real=0.02 secs] 
2020-09-29T18:09:51.112+0200: 65.420: [GC (Allocation Failure) 2020-09-29T18:09:51.112+0200: 65.420: [ParNew: 580590K->59501K(613440K), 0.0287064 secs] 593421K->72331K(2029056K), 0.0287734 secs] [Times: user=0.25 sys=0.00, real=0.03 secs] 
2020-09-29T18:09:51.191+0200: 65.499: [GC (Allocation Failure) 2020-09-29T18:09:51.191+0200: 65.499: [ParNew: 604845K->44959K(613440K), 0.0197511 secs] 617675K->57790K(2029056K), 0.0198230 secs] [Times: user=0.19 sys=0.02, real=0.02 secs] 
2020-09-29T18:09:51.272+0200: 65.580: [GC (Allocation Failure) 2020-09-29T18:09:51.272+0200: 65.580: [ParNew: 590303K->53482K(613440K), 0.0275169 secs] 603134K->66313K(2029056K), 0.0275865 secs] [Times: user=0.13 sys=0.00, real=0.03 secs] 
2020-09-29T18:09:51.347+0200: 65.655: [GC (Allocation Failure) 2020-09-29T18:09:51.347+0200: 65.655: [ParNew: 598826K->55778K(613440K), 0.0260927 secs] 611657K->68609K(2029056K), 0.0261772 secs] [Times: user=0.25 sys=0.00, real=0.03 secs] 
2020-09-29T18:09:51.421+0200: 65.729: [GC (Allocation Failure) 2020-09-29T18:09:51.421+0200: 65.729: [ParNew: 601122K->68096K(613440K), 0.0310312 secs] 613953K->80926K(2029056K), 0.0311411 secs] [Times: user=0.25 sys=0.00, real=0.03 secs] 
2020-09-29T18:09:51.502+0200: 65.809: [GC (Allocation Failure) 2020-09-29T18:09:51.502+0200: 65.809: [ParNew: 613440K->45400K(613440K), 0.0216052 secs] 626270K->58231K(2029056K), 0.0216789 secs] [Times: user=0.25 sys=0.00, real=0.02 secs] 
2020-09-29T18:09:51.581+0200: 65.888: [GC (Allocation Failure) 2020-09-29T18:09:51.581+0200: 65.888: [ParNew: 590744K->62365K(613440K), 0.0322504 secs] 603575K->75195K(2029056K), 0.0323292 secs] [Times: user=0.22 sys=0.00, real=0.03 secs] 
2020-09-29T18:09:51.665+0200: 65.972: [GC (Allocation Failure) 2020-09-29T18:09:51.665+0200: 65.973: [ParNew: 607709K->44671K(613440K), 0.0218518 secs] 620539K->57501K(2029056K), 0.0219197 secs] [Times: user=0.13 sys=0.00, real=0.02 secs] 
2020-09-29T18:09:51.746+0200: 66.053: [GC (Allocation Failure) 2020-09-29T18:09:51.746+0200: 66.053: [ParNew: 590015K->40811K(613440K), 0.0199694 secs] 602845K->53641K(2029056K), 0.0200411 secs] [Times: user=0.13 sys=0.00, real=0.02 secs] 
2020-09-29T18:09:51.822+0200: 66.129: [GC (Allocation Failure) 2020-09-29T18:09:51.822+0200: 66.129: [ParNew: 586155K->30279K(613440K), 0.0180475 secs] 598985K->43110K(2029056K), 0.0181164 secs] [Times: user=0.13 sys=0.00, real=0.02 secs] 
2020-09-29T18:09:51.897+0200: 66.204: [GC (Allocation Failure) 2020-09-29T18:09:51.897+0200: 66.204: [ParNew: 575623K->62810K(613440K), 0.0319444 secs] 588454K->75641K(2029056K), 0.0320211 secs] [Times: user=0.25 sys=0.00, real=0.03 secs] 
2020-09-29T18:09:51.976+0200: 66.284: [GC (Allocation Failure) 2020-09-29T18:09:51.976+0200: 66.284: [ParNew: 608154K->50977K(613440K), 0.0239864 secs] 620985K->63808K(2029056K), 0.0240572 secs] [Times: user=0.13 sys=0.00, real=0.02 secs] 
2020-09-29T18:09:52.055+0200: 66.363: [GC (Allocation Failure) 2020-09-29T18:09:52.056+0200: 66.363: [ParNew: 596321K->44150K(613440K), 0.0224181 secs] 609152K->56981K(2029056K), 0.0224953 secs] [Times: user=0.13 sys=0.00, real=0.02 secs] 
2020-09-29T18:09:52.127+0200: 66.434: [GC (Allocation Failure) 2020-09-29T18:09:52.127+0200: 66.434: [ParNew: 589494K->61569K(613440K), 0.0294210 secs] 602325K->74400K(2029056K), 0.0294941 secs] [Times: user=0.25 sys=0.00, real=0.03 secs] 
2020-09-29T18:09:52.210+0200: 66.517: [GC (Allocation Failure) 2020-09-29T18:09:52.210+0200: 66.517: [ParNew: 606913K->68096K(613440K), 0.0303866 secs] 619744K->80926K(2029056K), 0.0304746 secs] [Times: user=0.22 sys=0.00, real=0.03 secs] 
2020-09-29T18:09:52.296+0200: 66.604: [GC (Allocation Failure) 2020-09-29T18:09:52.296+0200: 66.604: [ParNew: 613440K->54580K(613440K), 0.0275366 secs] 626270K->67411K(2029056K), 0.0276096 secs] [Times: user=0.25 sys=0.00, real=0.03 secs] 
2020-09-29T18:09:52.375+0200: 66.683: [GC (Allocation Failure) 2020-09-29T18:09:52.376+0200: 66.683: [ParNew: 599924K->46597K(613440K), 0.0267426 secs] 612755K->59428K(2029056K), 0.0268277 secs] [Times: user=0.25 sys=0.00, real=0.03 secs] 
2020-09-29T18:09:52.463+0200: 66.770: [GC (Allocation Failure) 2020-09-29T18:09:52.463+0200: 66.770: [ParNew: 591941K->36020K(613440K), 0.0093923 secs] 604772K->48850K(2029056K), 0.0094621 secs] [Times: user=0.00 sys=0.00, real=0.01 secs] 
2020-09-29T18:09:52.529+0200: 66.837: [GC (Allocation Failure) 2020-09-29T18:09:52.529+0200: 66.837: [ParNew: 581364K->36718K(613440K), 0.0239906 secs] 594194K->49549K(2029056K), 0.0240594 secs] [Times: user=0.25 sys=0.00, real=0.02 secs] 
2020-09-29T18:09:52.602+0200: 66.910: [GC (Allocation Failure) 2020-09-29T18:09:52.602+0200: 66.910: [ParNew: 582062K->43870K(613440K), 0.0240436 secs] 594893K->56700K(2029056K), 0.0241131 secs] [Times: user=0.09 sys=0.00, real=0.02 secs] 
2020-09-29T18:09:52.687+0200: 66.995: [GC (Allocation Failure) 2020-09-29T18:09:52.687+0200: 66.995: [ParNew: 589214K->32655K(613440K), 0.0198293 secs] 602044K->45485K(2029056K), 0.0199194 secs] [Times: user=0.13 sys=0.00, real=0.02 secs] 
2020-09-29T18:09:52.761+0200: 67.068: [GC (Allocation Failure) 2020-09-29T18:09:52.761+0200: 67.068: [ParNew: 577999K->32369K(613440K), 0.0178710 secs] 590829K->45200K(2029056K), 0.0179525 secs] [Times: user=0.13 sys=0.00, real=0.02 secs] 
2020-09-29T18:09:52.838+0200: 67.146: [GC (Allocation Failure) 2020-09-29T18:09:52.838+0200: 67.146: [ParNew: 577713K->47933K(613440K), 0.0246728 secs] 590544K->60764K(2029056K), 0.0247499 secs] [Times: user=0.13 sys=0.00, real=0.02 secs] 
2020-09-29T18:09:52.921+0200: 67.229: [GC (Allocation Failure) 2020-09-29T18:09:52.921+0200: 67.229: [ParNew: 593277K->66385K(613440K), 0.0320101 secs] 606108K->79216K(2029056K), 0.0320846 secs] [Times: user=0.25 sys=0.00, real=0.03 secs] 
2020-09-29T18:09:53.001+0200: 67.309: [GC (Allocation Failure) 2020-09-29T18:09:53.001+0200: 67.309: [ParNew: 611729K->54728K(613440K), 0.0300289 secs] 624560K->67559K(2029056K), 0.0300988 secs] [Times: user=0.25 sys=0.00, real=0.03 secs] 
2020-09-29T18:09:53.081+0200: 67.388: [GC (Allocation Failure) 2020-09-29T18:09:53.081+0200: 67.389: [ParNew: 600072K->46427K(613440K), 0.0219673 secs] 612903K->59257K(2029056K), 0.0220515 secs] [Times: user=0.23 sys=0.00, real=0.02 secs] 
2020-09-29T18:09:53.157+0200: 67.464: [GC (Allocation Failure) 2020-09-29T18:09:53.157+0200: 67.465: [ParNew: 591771K->37125K(613440K), 0.0208861 secs] 604601K->49956K(2029056K), 0.0209815 secs] [Times: user=0.25 sys=0.00, real=0.02 secs] 
2020-09-29T18:09:53.233+0200: 67.540: [GC (Allocation Failure) 2020-09-29T18:09:53.233+0200: 67.541: [ParNew: 582469K->61550K(613440K), 0.0341053 secs] 595300K->74381K(2029056K), 0.0341789 secs] [Times: user=0.25 sys=0.00, real=0.03 secs] 
2020-09-29T18:09:53.317+0200: 67.624: [GC (Allocation Failure) 2020-09-29T18:09:53.317+0200: 67.624: [ParNew: 606894K->46479K(613440K), 0.0177792 secs] 619725K->59310K(2029056K), 0.0178479 secs] [Times: user=0.13 sys=0.00, real=0.02 secs] 
2020-09-29T18:09:53.382+0200: 67.690: [GC (Allocation Failure) 2020-09-29T18:09:53.382+0200: 67.690: [ParNew: 591823K->68096K(613440K), 0.0375754 secs] 604654K->81390K(2029056K), 0.0376441 secs] [Times: user=0.25 sys=0.00, real=0.04 secs] 
2020-09-29T18:09:53.467+0200: 67.775: [GC (Allocation Failure) 2020-09-29T18:09:53.467+0200: 67.775: [ParNew: 613440K->53481K(613440K), 0.0175091 secs] 626734K->66775K(2029056K), 0.0175766 secs] [Times: user=0.13 sys=0.00, real=0.02 secs] 
2020-09-29T18:09:53.533+0200: 67.841: [GC (Allocation Failure) 2020-09-29T18:09:53.533+0200: 67.841: [ParNew: 598825K->44781K(613440K), 0.0149805 secs] 612119K->58075K(2029056K), 0.0150323 secs] [Times: user=0.13 sys=0.00, real=0.02 secs] 
2020-09-29T18:09:53.599+0200: 67.907: [GC (Allocation Failure) 2020-09-29T18:09:53.599+0200: 67.907: [ParNew: 590125K->57597K(613440K), 0.0189804 secs] 603419K->70891K(2029056K), 0.0190356 secs] [Times: user=0.13 sys=0.00, real=0.02 secs] 
2020-09-29T18:09:53.669+0200: 67.977: [GC (Allocation Failure) 2020-09-29T18:09:53.669+0200: 67.977: [ParNew: 602941K->42520K(613440K), 0.0185618 secs] 616235K->55814K(2029056K), 0.0186298 secs] [Times: user=0.13 sys=0.00, real=0.02 secs] 
2020-09-29T18:09:53.739+0200: 68.047: [GC (Allocation Failure) 2020-09-29T18:09:53.739+0200: 68.047: [ParNew: 587864K->40947K(613440K), 0.0183708 secs] 601158K->54241K(2029056K), 0.0184275 secs] [Times: user=0.13 sys=0.00, real=0.02 secs] 
2020-09-29T18:09:53.807+0200: 68.114: [GC (Allocation Failure) 2020-09-29T18:09:53.807+0200: 68.114: [ParNew: 586291K->36635K(613440K), 0.0177851 secs] 599585K->49929K(2029056K), 0.0178429 secs] [Times: user=0.13 sys=0.00, real=0.02 secs] 
2020-09-29T18:09:53.875+0200: 68.183: [GC (Allocation Failure) 2020-09-29T18:09:53.875+0200: 68.183: [ParNew: 581979K->38046K(613440K), 0.0168212 secs] 595273K->51340K(2029056K), 0.0168949 secs] [Times: user=0.08 sys=0.00, real=0.02 secs] 
2020-09-29T18:09:53.942+0200: 68.250: [GC (Allocation Failure) 2020-09-29T18:09:53.942+0200: 68.250: [ParNew: 583390K->58910K(613440K), 0.0197972 secs] 596684K->72204K(2029056K), 0.0198830 secs] [Times: user=0.13 sys=0.00, real=0.02 secs] 
2020-09-29T18:09:54.010+0200: 68.317: [GC (Allocation Failure) 2020-09-29T18:09:54.010+0200: 68.317: [ParNew: 604254K->37609K(613440K), 0.0138752 secs] 617548K->50904K(2029056K), 0.0139361 secs] [Times: user=0.13 sys=0.00, real=0.01 secs] 
2020-09-29T18:09:54.071+0200: 68.379: [GC (Allocation Failure) 2020-09-29T18:09:54.071+0200: 68.379: [ParNew: 582953K->59356K(613440K), 0.0229863 secs] 596248K->72650K(2029056K), 0.0230503 secs] [Times: user=0.13 sys=0.00, real=0.02 secs] 
2020-09-29T18:09:54.143+0200: 68.451: [GC (Allocation Failure) 2020-09-29T18:09:54.143+0200: 68.451: [ParNew: 604700K->68096K(613440K), 0.0220094 secs] 617994K->81579K(2029056K), 0.0220614 secs] [Times: user=0.25 sys=0.00, real=0.02 secs] 
2020-09-29T18:09:54.215+0200: 68.523: [GC (Allocation Failure) 2020-09-29T18:09:54.215+0200: 68.523: [ParNew: 613440K->53396K(613440K), 0.0213459 secs] 626923K->66880K(2029056K), 0.0214276 secs] [Times: user=0.11 sys=0.00, real=0.02 secs] 
2020-09-29T18:09:54.290+0200: 68.598: [GC (Allocation Failure) 2020-09-29T18:09:54.290+0200: 68.598: [ParNew: 598740K->50788K(613440K), 0.0214837 secs] 612224K->64272K(2029056K), 0.0215544 secs] [Times: user=0.13 sys=0.00, real=0.02 secs] 
2020-09-29T18:09:54.362+0200: 68.670: [GC (Allocation Failure) 2020-09-29T18:09:54.362+0200: 68.670: [ParNew: 596132K->49885K(613440K), 0.0155751 secs] 609616K->63369K(2029056K), 0.0156313 secs] [Times: user=0.13 sys=0.00, real=0.02 secs] 
2020-09-29T18:09:54.425+0200: 68.733: [GC (Allocation Failure) 2020-09-29T18:09:54.425+0200: 68.733: [ParNew: 595229K->40302K(613440K), 0.0155221 secs] 608713K->53786K(2029056K), 0.0155873 secs] [Times: user=0.13 sys=0.00, real=0.02 secs] 
2020-09-29T18:09:54.491+0200: 68.799: [GC (Allocation Failure) 2020-09-29T18:09:54.491+0200: 68.799: [ParNew: 585646K->33728K(613440K), 0.0140582 secs] 599130K->47211K(2029056K), 0.0141150 secs] [Times: user=0.13 sys=0.00, real=0.01 secs] 
2020-09-29T18:09:54.559+0200: 68.866: [GC (Allocation Failure) 2020-09-29T18:09:54.559+0200: 68.866: [ParNew: 579072K->24068K(613440K), 0.0071344 secs] 592555K->37552K(2029056K), 0.0072156 secs] [Times: user=0.00 sys=0.00, real=0.01 secs] 
2020-09-29T18:09:54.615+0200: 68.922: [GC (Allocation Failure) 2020-09-29T18:09:54.615+0200: 68.922: [ParNew: 569237K->36723K(613440K), 0.0201010 secs] 582721K->50207K(2029056K), 0.0201790 secs] [Times: user=0.11 sys=0.00, real=0.02 secs] 
2020-09-29T18:09:54.683+0200: 68.990: [GC (Allocation Failure) 2020-09-29T18:09:54.683+0200: 68.990: [ParNew: 582067K->57356K(613440K), 0.0223461 secs] 595551K->70839K(2029056K), 0.0224061 secs] [Times: user=0.13 sys=0.00, real=0.02 secs] 
2020-09-29T18:09:54.754+0200: 69.062: [GC (Allocation Failure) 2020-09-29T18:09:54.754+0200: 69.062: [ParNew: 602700K->59338K(613440K), 0.0219368 secs] 616183K->72822K(2029056K), 0.0220095 secs] [Times: user=0.25 sys=0.00, real=0.02 secs] 
2020-09-29T18:09:54.824+0200: 69.132: [GC (Allocation Failure) 2020-09-29T18:09:54.824+0200: 69.132: [ParNew: 604682K->51117K(613440K), 0.0209423 secs] 618166K->64601K(2029056K), 0.0210058 secs] [Times: user=0.13 sys=0.00, real=0.02 secs] 
2020-09-29T18:09:54.892+0200: 69.200: [GC (Allocation Failure) 2020-09-29T18:09:54.892+0200: 69.200: [ParNew: 596461K->52832K(613440K), 0.0195595 secs] 609945K->66316K(2029056K), 0.0196237 secs] [Times: user=0.25 sys=0.00, real=0.02 secs] 
2020-09-29T18:09:54.965+0200: 69.272: [GC (Allocation Failure) 2020-09-29T18:09:54.965+0200: 69.272: [ParNew: 598176K->68096K(613440K), 0.0283512 secs] 611660K->82880K(2029056K), 0.0284279 secs] [Times: user=0.24 sys=0.00, real=0.03 secs] 
2020-09-29T18:09:55.043+0200: 69.351: [GC (Allocation Failure) 2020-09-29T18:09:55.043+0200: 69.351: [ParNew: 613440K->52143K(613440K), 0.0148149 secs] 628224K->66928K(2029056K), 0.0148741 secs] [Times: user=0.13 sys=0.00, real=0.02 secs] 
2020-09-29T18:09:55.114+0200: 69.421: [GC (Allocation Failure) 2020-09-29T18:09:55.114+0200: 69.421: [ParNew: 597487K->38711K(613440K), 0.0192953 secs] 612272K->53496K(2029056K), 0.0193607 secs] [Times: user=0.13 sys=0.00, real=0.02 secs] 
2020-09-29T18:09:55.185+0200: 69.492: [GC (Allocation Failure) 2020-09-29T18:09:55.185+0200: 69.492: [ParNew: 584055K->68096K(613440K), 0.0277140 secs] 598840K->83427K(2029056K), 0.0277786 secs] [Times: user=0.25 sys=0.00, real=0.03 secs] 
2020-09-29T18:09:55.264+0200: 69.571: [GC (Allocation Failure) 2020-09-29T18:09:55.264+0200: 69.571: [ParNew: 613440K->52871K(613440K), 0.0160865 secs] 628771K->68203K(2029056K), 0.0161485 secs] [Times: user=0.13 sys=0.00, real=0.02 secs] 
2020-09-29T18:09:55.328+0200: 69.635: [GC (Allocation Failure) 2020-09-29T18:09:55.328+0200: 69.635: [ParNew: 598215K->35799K(613440K), 0.0158071 secs] 613547K->51131K(2029056K), 0.0158729 secs] [Times: user=0.13 sys=0.00, real=0.02 secs] 
2020-09-29T18:09:55.392+0200: 69.699: [GC (Allocation Failure) 2020-09-29T18:09:55.392+0200: 69.699: [ParNew: 581143K->56796K(613440K), 0.0243120 secs] 596475K->72128K(2029056K), 0.0243773 secs] [Times: user=0.25 sys=0.00, real=0.02 secs] 
2020-09-29T18:09:55.462+0200: 69.770: [GC (Allocation Failure) 2020-09-29T18:09:55.462+0200: 69.770: [ParNew: 602140K->55480K(613440K), 0.0189916 secs] 617472K->70812K(2029056K), 0.0190532 secs] [Times: user=0.13 sys=0.00, real=0.02 secs] 
2020-09-29T18:09:55.530+0200: 69.838: [GC (Allocation Failure) 2020-09-29T18:09:55.530+0200: 69.838: [ParNew: 600824K->40132K(613440K), 0.0124252 secs] 616156K->55464K(2029056K), 0.0125155 secs] [Times: user=0.11 sys=0.00, real=0.01 secs] 
2020-09-29T18:09:55.598+0200: 69.906: [GC (Allocation Failure) 2020-09-29T18:09:55.598+0200: 69.906: [ParNew: 585476K->38886K(613440K), 0.0176612 secs] 600808K->54218K(2029056K), 0.0177167 secs] [Times: user=0.22 sys=0.00, real=0.02 secs] 
2020-09-29T18:09:55.666+0200: 69.974: [GC (Allocation Failure) 2020-09-29T18:09:55.666+0200: 69.974: [ParNew: 584230K->54263K(613440K), 0.0211243 secs] 599562K->69595K(2029056K), 0.0211902 secs] [Times: user=0.13 sys=0.00, real=0.02 secs] 
2020-09-29T18:09:55.735+0200: 70.042: [GC (Allocation Failure) 2020-09-29T18:09:55.735+0200: 70.042: [ParNew: 599607K->47704K(613440K), 0.0149424 secs] 614939K->63036K(2029056K), 0.0149981 secs] [Times: user=0.13 sys=0.00, real=0.02 secs] 
2020-09-29T18:09:55.799+0200: 70.107: [GC (Allocation Failure) 2020-09-29T18:09:55.799+0200: 70.107: [ParNew: 593048K->44653K(613440K), 0.0199831 secs] 608380K->59985K(2029056K), 0.0200478 secs] [Times: user=0.25 sys=0.00, real=0.02 secs] 
2020-09-29T18:09:55.866+0200: 70.173: [GC (Allocation Failure) 2020-09-29T18:09:55.866+0200: 70.173: [ParNew: 589997K->41762K(613440K), 0.0187151 secs] 605329K->57094K(2029056K), 0.0187714 secs] [Times: user=0.13 sys=0.00, real=0.02 secs] 
2020-09-29T18:09:55.934+0200: 70.242: [GC (Allocation Failure) 2020-09-29T18:09:55.934+0200: 70.242: [ParNew: 587106K->68096K(613440K), 0.0227773 secs] 602438K->83427K(2029056K), 0.0228364 secs] [Times: user=0.13 sys=0.00, real=0.02 secs] 
2020-09-29T18:09:56.005+0200: 70.312: [GC (Allocation Failure) 2020-09-29T18:09:56.005+0200: 70.312: [ParNew: 613440K->50501K(613440K), 0.0178322 secs] 628771K->65833K(2029056K), 0.0178892 secs] [Times: user=0.13 sys=0.00, real=0.02 secs] 
2020-09-29T18:09:56.071+0200: 70.379: [GC (Allocation Failure) 2020-09-29T18:09:56.071+0200: 70.379: [ParNew: 595845K->43736K(613440K), 0.0158730 secs] 611177K->59068K(2029056K), 0.0159253 secs] [Times: user=0.13 sys=0.00, real=0.02 secs] 
2020-09-29T18:09:56.143+0200: 70.450: [GC (Allocation Failure) 2020-09-29T18:09:56.143+0200: 70.451: [ParNew: 589080K->62565K(613440K), 0.0213775 secs] 604412K->77897K(2029056K), 0.0281888 secs] [Times: user=0.25 sys=0.00, real=0.03 secs] 
2020-09-29T18:09:56.221+0200: 70.529: [GC (Allocation Failure) 2020-09-29T18:09:56.221+0200: 70.529: [ParNew: 607909K->45588K(613440K), 0.0179837 secs] 623241K->60920K(2029056K), 0.0180675 secs] [Times: user=0.13 sys=0.01, real=0.02 secs] 
2020-09-29T18:09:56.289+0200: 70.597: [GC (Allocation Failure) 2020-09-29T18:09:56.289+0200: 70.597: [ParNew: 590932K->61739K(613440K), 0.0201367 secs] 606264K->77071K(2029056K), 0.0202113 secs] [Times: user=0.13 sys=0.00, real=0.02 secs] 
2020-09-29T18:09:56.357+0200: 70.665: [GC (Allocation Failure) 2020-09-29T18:09:56.357+0200: 70.665: [ParNew: 607083K->42276K(613440K), 0.0192225 secs] 622415K->57608K(2029056K), 0.0192939 secs] [Times: user=0.13 sys=0.00, real=0.02 secs] 
2020-09-29T18:09:56.428+0200: 70.736: [GC (Allocation Failure) 2020-09-29T18:09:56.428+0200: 70.736: [ParNew: 587447K->43003K(613440K), 0.0175832 secs] 602779K->58335K(2029056K), 0.0176735 secs] [Times: user=0.13 sys=0.00, real=0.02 secs] 
2020-09-29T18:09:56.492+0200: 70.801: [GC (Allocation Failure) 2020-09-29T18:09:56.493+0200: 70.801: [ParNew: 588347K->38269K(613440K), 0.0169930 secs] 603679K->53601K(2029056K), 0.0170617 secs] [Times: user=0.13 sys=0.00, real=0.02 secs] 
2020-09-29T18:09:56.564+0200: 70.872: [GC (Allocation Failure) 2020-09-29T18:09:56.564+0200: 70.872: [ParNew: 583613K->63927K(613440K), 0.0220457 secs] 598945K->79259K(2029056K), 0.0221083 secs] [Times: user=0.23 sys=0.00, real=0.02 secs] 
2020-09-29T18:09:56.636+0200: 70.944: [GC (Allocation Failure) 2020-09-29T18:09:56.636+0200: 70.944: [ParNew: 609271K->47736K(613440K), 0.0158294 secs] 624603K->63068K(2029056K), 0.0158889 secs] [Times: user=0.11 sys=0.00, real=0.02 secs] 
2020-09-29T18:09:56.703+0200: 71.011: [GC (Allocation Failure) 2020-09-29T18:09:56.703+0200: 71.011: [ParNew: 593080K->45020K(613440K), 0.0204681 secs] 608412K->60352K(2029056K), 0.0205262 secs] [Times: user=0.25 sys=0.00, real=0.02 secs] 
2020-09-29T18:09:56.771+0200: 71.080: [GC (Allocation Failure) 2020-09-29T18:09:56.771+0200: 71.080: [ParNew: 590364K->39785K(613440K), 0.0151642 secs] 605696K->55117K(2029056K), 0.0152290 secs] [Times: user=0.13 sys=0.00, real=0.02 secs] 
2020-09-29T18:09:56.834+0200: 71.142: [GC (Allocation Failure) 2020-09-29T18:09:56.834+0200: 71.142: [ParNew: 585129K->31302K(613440K), 0.0135598 secs] 600461K->46634K(2029056K), 0.0136157 secs] [Times: user=0.00 sys=0.00, real=0.01 secs] 
2020-09-29T18:09:56.897+0200: 71.205: [GC (Allocation Failure) 2020-09-29T18:09:56.897+0200: 71.205: [ParNew: 576646K->28210K(613440K), 0.0122416 secs] 591978K->43541K(2029056K), 0.0122968 secs] [Times: user=0.00 sys=0.00, real=0.01 secs] 
2020-09-29T18:09:56.962+0200: 71.270: [GC (Allocation Failure) 2020-09-29T18:09:56.962+0200: 71.270: [ParNew: 573554K->46821K(613440K), 0.0164863 secs] 588885K->62153K(2029056K), 0.0165451 secs] [Times: user=0.13 sys=0.00, real=0.02 secs] 
2020-09-29T18:09:57.028+0200: 71.336: [GC (Allocation Failure) 2020-09-29T18:09:57.028+0200: 71.336: [ParNew: 592165K->39187K(613440K), 0.0168592 secs] 607497K->54519K(2029056K), 0.0169394 secs] [Times: user=0.13 sys=0.00, real=0.02 secs] 
2020-09-29T18:09:57.092+0200: 71.400: [GC (Allocation Failure) 2020-09-29T18:09:57.092+0200: 71.400: [ParNew: 584531K->58877K(613440K), 0.0206585 secs] 599863K->74209K(2029056K), 0.0207197 secs] [Times: user=0.13 sys=0.00, real=0.02 secs] 
2020-09-29T18:09:57.163+0200: 71.472: [GC (Allocation Failure) 2020-09-29T18:09:57.163+0200: 71.472: [ParNew: 604221K->45770K(613440K), 0.0145525 secs] 619553K->61101K(2029056K), 0.0146102 secs] [Times: user=0.13 sys=0.00, real=0.01 secs] 
2020-09-29T18:09:57.232+0200: 71.541: [GC (Allocation Failure) 2020-09-29T18:09:57.232+0200: 71.541: [ParNew: 591114K->29581K(613440K), 0.0147382 secs] 606445K->44913K(2029056K), 0.0148168 secs] [Times: user=0.13 sys=0.00, real=0.01 secs] 
2020-09-29T18:09:57.308+0200: 71.616: [GC (Allocation Failure) 2020-09-29T18:09:57.308+0200: 71.616: [ParNew: 574925K->47142K(613440K), 0.0182572 secs] 590257K->62473K(2029056K), 0.0183153 secs] [Times: user=0.13 sys=0.00, real=0.02 secs] 
2020-09-29T18:09:57.373+0200: 71.681: [GC (Allocation Failure) 2020-09-29T18:09:57.373+0200: 71.681: [ParNew: 592486K->40002K(613440K), 0.0169007 secs] 607817K->55334K(2029056K), 0.0169691 secs] [Times: user=0.13 sys=0.00, real=0.02 secs] 
2020-09-29T18:09:57.441+0200: 71.749: [GC (Allocation Failure) 2020-09-29T18:09:57.441+0200: 71.749: [ParNew: 585346K->41530K(613440K), 0.0169993 secs] 600678K->56862K(2029056K), 0.0170646 secs] [Times: user=0.25 sys=0.00, real=0.02 secs] 
2020-09-29T18:09:57.508+0200: 71.816: [GC (Allocation Failure) 2020-09-29T18:09:57.508+0200: 71.816: [ParNew: 586874K->41881K(613440K), 0.0161188 secs] 602206K->57213K(2029056K), 0.0161943 secs] [Times: user=0.13 sys=0.00, real=0.02 secs] 
2020-09-29T18:09:57.579+0200: 71.888: [GC (Allocation Failure) 2020-09-29T18:09:57.579+0200: 71.888: [ParNew: 587225K->59810K(613440K), 0.0228654 secs] 602557K->75142K(2029056K), 0.0229374 secs] [Times: user=0.22 sys=0.00, real=0.02 secs] 
2020-09-29T18:09:57.651+0200: 71.959: [GC (Allocation Failure) 2020-09-29T18:09:57.651+0200: 71.959: [ParNew: 605154K->47291K(613440K), 0.0155792 secs] 620486K->62623K(2029056K), 0.0156513 secs] [Times: user=0.13 sys=0.00, real=0.01 secs] 
2020-09-29T18:09:57.717+0200: 72.025: [GC (Allocation Failure) 2020-09-29T18:09:57.717+0200: 72.025: [ParNew: 592635K->46564K(613440K), 0.0196367 secs] 607967K->61896K(2029056K), 0.0197160 secs] [Times: user=0.13 sys=0.00, real=0.02 secs] 
2020-09-29T18:09:57.786+0200: 72.094: [GC (Allocation Failure) 2020-09-29T18:09:57.786+0200: 72.094: [ParNew: 591908K->37424K(613440K), 0.0148927 secs] 607240K->52755K(2029056K), 0.0149620 secs] [Times: user=0.01 sys=0.00, real=0.02 secs] 
2020-09-29T18:09:57.848+0200: 72.156: [GC (Allocation Failure) 2020-09-29T18:09:57.848+0200: 72.156: [ParNew: 582768K->52319K(613440K), 0.0187147 secs] 598099K->67651K(2029056K), 0.0187712 secs] [Times: user=0.13 sys=0.00, real=0.02 secs] 
2020-09-29T18:09:57.914+0200: 72.222: [GC (Allocation Failure) 2020-09-29T18:09:57.914+0200: 72.222: [ParNew: 597663K->40912K(613440K), 0.0174996 secs] 612995K->56244K(2029056K), 0.0175604 secs] [Times: user=0.13 sys=0.00, real=0.02 secs] 
2020-09-29T18:09:57.980+0200: 72.288: [GC (Allocation Failure) 2020-09-29T18:09:57.980+0200: 72.288: [ParNew: 586256K->64516K(613440K), 0.0222218 secs] 601588K->79848K(2029056K), 0.0222907 secs] [Times: user=0.13 sys=0.00, real=0.02 secs] 
2020-09-29T18:09:58.051+0200: 72.359: [GC (Allocation Failure) 2020-09-29T18:09:58.051+0200: 72.359: [ParNew: 609860K->45739K(613440K), 0.0178535 secs] 625192K->61071K(2029056K), 0.0179150 secs] [Times: user=0.13 sys=0.00, real=0.02 secs] 
2020-09-29T18:09:58.116+0200: 72.424: [GC (Allocation Failure) 2020-09-29T18:09:58.116+0200: 72.424: [ParNew: 591083K->68096K(613440K), 0.0209021 secs] 606415K->83427K(2029056K), 0.0209953 secs] [Times: user=0.13 sys=0.00, real=0.02 secs] 
2020-09-29T18:09:58.184+0200: 72.493: [GC (Allocation Failure) 2020-09-29T18:09:58.185+0200: 72.493: [ParNew: 613440K->52204K(613440K), 0.0196207 secs] 628771K->67536K(2029056K), 0.0196933 secs] [Times: user=0.13 sys=0.00, real=0.02 secs] 
2020-09-29T18:09:58.254+0200: 72.563: [GC (Allocation Failure) 2020-09-29T18:09:58.254+0200: 72.563: [ParNew: 597548K->48861K(613440K), 0.0202665 secs] 612880K->64193K(2029056K), 0.0203357 secs] [Times: user=0.13 sys=0.00, real=0.02 secs] 
2020-09-29T18:09:58.323+0200: 72.631: [GC (Allocation Failure) 2020-09-29T18:09:58.323+0200: 72.632: [ParNew: 594205K->47401K(613440K), 0.0191519 secs] 609537K->62733K(2029056K), 0.0192168 secs] [Times: user=0.13 sys=0.00, real=0.02 secs] 
2020-09-29T18:09:58.391+0200: 72.699: [GC (Allocation Failure) 2020-09-29T18:09:58.391+0200: 72.699: [ParNew: 592745K->45928K(613440K), 0.0171302 secs] 608077K->61260K(2029056K), 0.0171984 secs] [Times: user=0.13 sys=0.00, real=0.02 secs] 
2020-09-29T18:09:58.457+0200: 72.766: [GC (Allocation Failure) 2020-09-29T18:09:58.458+0200: 72.766: [ParNew: 591272K->47777K(613440K), 0.0178249 secs] 606604K->63109K(2029056K), 0.0179026 secs] [Times: user=0.13 sys=0.00, real=0.02 secs] 
2020-09-29T18:09:58.522+0200: 72.830: [GC (Allocation Failure) 2020-09-29T18:09:58.522+0200: 72.830: [ParNew: 593121K->42386K(613440K), 0.0161054 secs] 608453K->57718K(2029056K), 0.0162062 secs] [Times: user=0.13 sys=0.00, real=0.02 secs] 
2020-09-29T18:09:58.591+0200: 72.899: [GC (Allocation Failure) 2020-09-29T18:09:58.591+0200: 72.899: [ParNew: 587730K->36684K(613440K), 0.0170387 secs] 603062K->52016K(2029056K), 0.0171009 secs] [Times: user=0.11 sys=0.00, real=0.02 secs] 
2020-09-29T18:09:58.657+0200: 72.965: [GC (Allocation Failure) 2020-09-29T18:09:58.657+0200: 72.965: [ParNew: 582028K->38894K(613440K), 0.0157745 secs] 597360K->54226K(2029056K), 0.0158679 secs] [Times: user=0.13 sys=0.00, real=0.02 secs] 
2020-09-29T18:09:58.724+0200: 73.032: [GC (Allocation Failure) 2020-09-29T18:09:58.724+0200: 73.032: [ParNew: 584238K->34533K(613440K), 0.0140361 secs] 599570K->49865K(2029056K), 0.0140928 secs] [Times: user=0.00 sys=0.00, real=0.01 secs] 
2020-09-29T18:09:58.785+0200: 73.093: [GC (Allocation Failure) 2020-09-29T18:09:58.785+0200: 73.093: [ParNew: 579877K->50410K(613440K), 0.0177959 secs] 595209K->65742K(2029056K), 0.0178511 secs] [Times: user=0.13 sys=0.00, real=0.02 secs] 
2020-09-29T18:09:58.850+0200: 73.158: [GC (Allocation Failure) 2020-09-29T18:09:58.850+0200: 73.158: [ParNew: 595754K->36454K(613440K), 0.0173671 secs] 611086K->51786K(2029056K), 0.0174434 secs] [Times: user=0.13 sys=0.00, real=0.02 secs] 
2020-09-29T18:09:58.916+0200: 73.224: [GC (Allocation Failure) 2020-09-29T18:09:58.916+0200: 73.224: [ParNew: 581798K->40771K(613440K), 0.0164814 secs] 597130K->56103K(2029056K), 0.0165433 secs] [Times: user=0.13 sys=0.00, real=0.02 secs] 
2020-09-29T18:09:58.980+0200: 73.288: [GC (Allocation Failure) 2020-09-29T18:09:58.980+0200: 73.288: [ParNew: 586115K->37506K(613440K), 0.0163749 secs] 601447K->52838K(2029056K), 0.0164291 secs] [Times: user=0.13 sys=0.00, real=0.02 secs] 
2020-09-29T18:09:59.048+0200: 73.356: [GC (Allocation Failure) 2020-09-29T18:09:59.048+0200: 73.356: [ParNew: 581835K->30084K(613440K), 0.0154484 secs] 597167K->45416K(2029056K), 0.0155061 secs] [Times: user=0.13 sys=0.00, real=0.02 secs] 
2020-09-29T18:09:59.110+0200: 73.419: [GC (Allocation Failure) 2020-09-29T18:09:59.110+0200: 73.419: [ParNew: 575428K->52360K(613440K), 0.0179252 secs] 590760K->67692K(2029056K), 0.0179833 secs] [Times: user=0.13 sys=0.00, real=0.02 secs] 
2020-09-29T18:09:59.176+0200: 73.484: [GC (Allocation Failure) 2020-09-29T18:09:59.176+0200: 73.484: [ParNew: 597704K->38433K(613440K), 0.0171802 secs] 613036K->53765K(2029056K), 0.0172426 secs] [Times: user=0.13 sys=0.00, real=0.02 secs] 
2020-09-29T18:09:59.245+0200: 73.553: [GC (Allocation Failure) 2020-09-29T18:09:59.245+0200: 73.553: [ParNew: 583777K->41317K(613440K), 0.0162802 secs] 599109K->56649K(2029056K), 0.0163451 secs] [Times: user=0.13 sys=0.00, real=0.02 secs] 
2020-09-29T18:09:59.310+0200: 73.618: [GC (Allocation Failure) 2020-09-29T18:09:59.310+0200: 73.618: [ParNew: 586661K->39672K(613440K), 0.0138460 secs] 601993K->55004K(2029056K), 0.0139003 secs] [Times: user=0.13 sys=0.00, real=0.01 secs] 
2020-09-29T18:09:59.374+0200: 73.682: [GC (Allocation Failure) 2020-09-29T18:09:59.374+0200: 73.683: [ParNew: 585016K->59319K(613440K), 0.0249746 secs] 600348K->74651K(2029056K), 0.0250379 secs] [Times: user=0.25 sys=0.00, real=0.02 secs] 
2020-09-29T18:09:59.446+0200: 73.754: [GC (Allocation Failure) 2020-09-29T18:09:59.446+0200: 73.754: [ParNew: 604663K->57640K(613440K), 0.0187957 secs] 619995K->72972K(2029056K), 0.0188570 secs] [Times: user=0.13 sys=0.00, real=0.02 secs] 
2020-09-29T18:09:59.514+0200: 73.822: [GC (Allocation Failure) 2020-09-29T18:09:59.514+0200: 73.822: [ParNew: 602984K->46951K(613440K), 0.0182701 secs] 618316K->62282K(2029056K), 0.0183337 secs] [Times: user=0.13 sys=0.00, real=0.02 secs] 
2020-09-29T18:09:59.582+0200: 73.890: [GC (Allocation Failure) 2020-09-29T18:09:59.582+0200: 73.890: [ParNew: 592295K->68096K(613440K), 0.0227232 secs] 607626K->83427K(2029056K), 0.0227879 secs] [Times: user=0.13 sys=0.00, real=0.02 secs] 
2020-09-29T18:09:59.654+0200: 73.962: [GC (Allocation Failure) 2020-09-29T18:09:59.654+0200: 73.962: [ParNew: 613440K->60781K(613440K), 0.0228535 secs] 628771K->76113K(2029056K), 0.0229323 secs] [Times: user=0.25 sys=0.00, real=0.02 secs] 
2020-09-29T18:09:59.724+0200: 74.033: [GC (Allocation Failure) 2020-09-29T18:09:59.724+0200: 74.033: [ParNew: 606125K->45223K(613440K), 0.0095698 secs] 621457K->60555K(2029056K), 0.0096312 secs] [Times: user=0.00 sys=0.00, real=0.01 secs] 
2020-09-29T18:09:59.784+0200: 74.092: [GC (Allocation Failure) 2020-09-29T18:09:59.784+0200: 74.092: [ParNew: 590126K->18754K(613440K), 0.0093237 secs] 605458K->34086K(2029056K), 0.0093845 secs] [Times: user=0.13 sys=0.00, real=0.01 secs] 
2020-09-29T18:09:59.840+0200: 74.148: [GC (Allocation Failure) 2020-09-29T18:09:59.840+0200: 74.148: [ParNew: 564098K->40466K(613440K), 0.0182433 secs] 579430K->55798K(2029056K), 0.0183068 secs] [Times: user=0.13 sys=0.00, real=0.02 secs] 
2020-09-29T18:09:59.912+0200: 74.220: [GC (Allocation Failure) 2020-09-29T18:09:59.912+0200: 74.221: [ParNew: 585810K->57629K(613440K), 0.0239495 secs] 601142K->72961K(2029056K), 0.0240145 secs] [Times: user=0.13 sys=0.00, real=0.02 secs] 
2020-09-29T18:09:59.983+0200: 74.291: [GC (Allocation Failure) 2020-09-29T18:09:59.983+0200: 74.291: [ParNew: 602973K->51845K(613440K), 0.0184318 secs] 618305K->67177K(2029056K), 0.0185123 secs] [Times: user=0.11 sys=0.00, real=0.02 secs] 
2020-09-29T18:10:00.054+0200: 74.362: [GC (Allocation Failure) 2020-09-29T18:10:00.054+0200: 74.362: [ParNew: 597189K->45517K(613440K), 0.0177571 secs] 612521K->60849K(2029056K), 0.0178231 secs] [Times: user=0.13 sys=0.00, real=0.02 secs] 
2020-09-29T18:10:00.120+0200: 74.428: [GC (Allocation Failure) 2020-09-29T18:10:00.120+0200: 74.428: [ParNew: 590861K->64260K(613440K), 0.0217642 secs] 606193K->79592K(2029056K), 0.0218221 secs] [Times: user=0.13 sys=0.00, real=0.02 secs] 
2020-09-29T18:10:00.190+0200: 74.498: [GC (Allocation Failure) 2020-09-29T18:10:00.190+0200: 74.498: [ParNew: 609604K->43814K(613440K), 0.0157617 secs] 624936K->59145K(2029056K), 0.0158260 secs] [Times: user=0.13 sys=0.00, real=0.01 secs] 
2020-09-29T18:10:00.264+0200: 74.572: [GC (Allocation Failure) 2020-09-29T18:10:00.264+0200: 74.572: [ParNew: 589158K->37636K(613440K), 0.0149141 secs] 604489K->52968K(2029056K), 0.0149747 secs] [Times: user=0.13 sys=0.00, real=0.02 secs] 
2020-09-29T18:10:00.328+0200: 74.636: [GC (Allocation Failure) 2020-09-29T18:10:00.328+0200: 74.636: [ParNew: 582980K->56640K(613440K), 0.0199656 secs] 598312K->71972K(2029056K), 0.0200504 secs] [Times: user=0.13 sys=0.00, real=0.02 secs] 
2020-09-29T18:10:00.396+0200: 74.704: [GC (Allocation Failure) 2020-09-29T18:10:00.396+0200: 74.704: [ParNew: 601984K->40919K(613440K), 0.0139094 secs] 617316K->56251K(2029056K), 0.0139637 secs] [Times: user=0.00 sys=0.00, real=0.01 secs] 
2020-09-29T18:10:00.459+0200: 74.767: [GC (Allocation Failure) 2020-09-29T18:10:00.459+0200: 74.767: [ParNew: 586263K->41967K(613440K), 0.0171567 secs] 601595K->57299K(2029056K), 0.0172274 secs] [Times: user=0.13 sys=0.00, real=0.02 secs] 
2020-09-29T18:10:00.524+0200: 74.832: [GC (Allocation Failure) 2020-09-29T18:10:00.524+0200: 74.832: [ParNew: 587311K->62543K(613440K), 0.0225914 secs] 602643K->77875K(2029056K), 0.0226502 secs] [Times: user=0.13 sys=0.00, real=0.02 secs] 
2020-09-29T18:10:00.599+0200: 74.906: [GC (Allocation Failure) 2020-09-29T18:10:00.599+0200: 74.906: [ParNew: 607887K->42438K(613440K), 0.0092904 secs] 623219K->57770K(2029056K), 0.0093478 secs] [Times: user=0.00 sys=0.00, real=0.01 secs] 
2020-09-29T18:10:00.664+0200: 74.971: [GC (Allocation Failure) 2020-09-29T18:10:00.664+0200: 74.971: [ParNew: 587782K->31405K(613440K), 0.0157563 secs] 603114K->46737K(2029056K), 0.0158185 secs] [Times: user=0.13 sys=0.00, real=0.02 secs] 
2020-09-29T18:10:00.732+0200: 75.039: [GC (Allocation Failure) 2020-09-29T18:10:00.732+0200: 75.039: [ParNew: 576749K->41908K(613440K), 0.0216084 secs] 592081K->57240K(2029056K), 0.0216751 secs] [Times: user=0.13 sys=0.00, real=0.02 secs] 
2020-09-29T18:10:00.804+0200: 75.112: [GC (Allocation Failure) 2020-09-29T18:10:00.804+0200: 75.112: [ParNew: 587252K->41698K(613440K), 0.0208956 secs] 602584K->57030K(2029056K), 0.0209924 secs] [Times: user=0.13 sys=0.00, real=0.02 secs] 
2020-09-29T18:10:00.877+0200: 75.184: [GC (Allocation Failure) 2020-09-29T18:10:00.877+0200: 75.184: [ParNew: 587042K->35205K(613440K), 0.0110952 secs] 602374K->50536K(2029056K), 0.0111596 secs] [Times: user=0.13 sys=0.00, real=0.01 secs] 
2020-09-29T18:10:00.940+0200: 75.247: [GC (Allocation Failure) 2020-09-29T18:10:00.940+0200: 75.247: [ParNew: 580549K->36070K(613440K), 0.0170268 secs] 595880K->51402K(2029056K), 0.0170839 secs] [Times: user=0.13 sys=0.00, real=0.02 secs] 
2020-09-29T18:10:01.005+0200: 75.312: [GC (Allocation Failure) 2020-09-29T18:10:01.005+0200: 75.312: [ParNew: 581414K->52539K(613440K), 0.0212464 secs] 596746K->67871K(2029056K), 0.0213043 secs] [Times: user=0.13 sys=0.00, real=0.02 secs] 
2020-09-29T18:10:01.074+0200: 75.381: [GC (Allocation Failure) 2020-09-29T18:10:01.074+0200: 75.381: [ParNew: 597883K->43644K(613440K), 0.0157023 secs] 613215K->58976K(2029056K), 0.0157657 secs] [Times: user=0.13 sys=0.00, real=0.02 secs] 
2020-09-29T18:10:01.145+0200: 75.453: [GC (Allocation Failure) 2020-09-29T18:10:01.145+0200: 75.453: [ParNew: 588988K->58130K(613440K), 0.0199327 secs] 604320K->73462K(2029056K), 0.0199901 secs] [Times: user=0.14 sys=0.01, real=0.02 secs] 
2020-09-29T18:10:01.214+0200: 75.522: [GC (Allocation Failure) 2020-09-29T18:10:01.214+0200: 75.522: [ParNew: 603474K->64215K(613440K), 0.0241526 secs] 618806K->79547K(2029056K), 0.0242186 secs] [Times: user=0.11 sys=0.00, real=0.02 secs] 
2020-09-29T18:10:01.288+0200: 75.596: [GC (Allocation Failure) 2020-09-29T18:10:01.288+0200: 75.596: [ParNew: 609559K->53402K(613440K), 0.0184081 secs] 624891K->68734K(2029056K), 0.0184666 secs] [Times: user=0.13 sys=0.00, real=0.02 secs] 
2020-09-29T18:10:01.356+0200: 75.663: [GC (Allocation Failure) 2020-09-29T18:10:01.356+0200: 75.663: [ParNew: 598746K->43003K(613440K), 0.0174235 secs] 614078K->58335K(2029056K), 0.0174798 secs] [Times: user=0.13 sys=0.00, real=0.02 secs] 
2020-09-29T18:10:01.423+0200: 75.731: [GC (Allocation Failure) 2020-09-29T18:10:01.423+0200: 75.731: [ParNew: 588347K->40406K(613440K), 0.0173401 secs] 603679K->55738K(2029056K), 0.0174210 secs] [Times: user=0.13 sys=0.00, real=0.02 secs] 
2020-09-29T18:10:01.488+0200: 75.796: [GC (Allocation Failure) 2020-09-29T18:10:01.488+0200: 75.796: [ParNew: 585750K->42086K(613440K), 0.0157707 secs] 601082K->57418K(2029056K), 0.0158294 secs] [Times: user=0.13 sys=0.00, real=0.02 secs] 
2020-09-29T18:10:01.553+0200: 75.860: [GC (Allocation Failure) 2020-09-29T18:10:01.553+0200: 75.860: [ParNew: 587430K->60355K(613440K), 0.0223282 secs] 602762K->75687K(2029056K), 0.0224108 secs] [Times: user=0.13 sys=0.00, real=0.02 secs] 
2020-09-29T18:10:01.624+0200: 75.931: [GC (Allocation Failure) 2020-09-29T18:10:01.624+0200: 75.931: [ParNew: 605699K->51549K(613440K), 0.0203362 secs] 621031K->66881K(2029056K), 0.0204107 secs] [Times: user=0.13 sys=0.00, real=0.02 secs] 
2020-09-29T18:10:01.695+0200: 76.002: [GC (Allocation Failure) 2020-09-29T18:10:01.695+0200: 76.002: [ParNew: 596893K->39186K(613440K), 0.0143781 secs] 612225K->54518K(2029056K), 0.0144397 secs] [Times: user=0.13 sys=0.00, real=0.01 secs] 
2020-09-29T18:10:01.756+0200: 76.063: [GC (Allocation Failure) 2020-09-29T18:10:01.756+0200: 76.063: [ParNew: 584530K->43395K(613440K), 0.0181554 secs] 599862K->58727K(2029056K), 0.0182239 secs] [Times: user=0.13 sys=0.00, real=0.02 secs] 
2020-09-29T18:10:01.827+0200: 76.134: [GC (Allocation Failure) 2020-09-29T18:10:01.827+0200: 76.134: [ParNew: 588739K->45133K(613440K), 0.0165492 secs] 604071K->60465K(2029056K), 0.0166068 secs] [Times: user=0.13 sys=0.00, real=0.02 secs] 
2020-09-29T18:10:01.893+0200: 76.201: [GC (Allocation Failure) 2020-09-29T18:10:01.893+0200: 76.201: [ParNew: 590477K->38291K(613440K), 0.0170991 secs] 605809K->53623K(2029056K), 0.0171542 secs] [Times: user=0.14 sys=0.00, real=0.02 secs] 
2020-09-29T18:10:01.957+0200: 76.265: [GC (Allocation Failure) 2020-09-29T18:10:01.957+0200: 76.265: [ParNew: 583635K->39819K(613440K), 0.0141147 secs] 598967K->55151K(2029056K), 0.0141731 secs] [Times: user=0.03 sys=0.00, real=0.01 secs] 
2020-09-29T18:10:02.020+0200: 76.328: [GC (Allocation Failure) 2020-09-29T18:10:02.020+0200: 76.328: [ParNew: 585163K->54205K(613440K), 0.0194286 secs] 600495K->69537K(2029056K), 0.0194889 secs] [Times: user=0.25 sys=0.00, real=0.02 secs] 
2020-09-29T18:10:02.088+0200: 76.395: [GC (Allocation Failure) 2020-09-29T18:10:02.088+0200: 76.395: [ParNew: 599549K->68096K(613440K), 0.0232326 secs] 614881K->83427K(2029056K), 0.0232941 secs] [Times: user=0.13 sys=0.00, real=0.02 secs] 
2020-09-29T18:10:02.159+0200: 76.467: [GC (Allocation Failure) 2020-09-29T18:10:02.159+0200: 76.467: [ParNew: 613440K->56874K(613440K), 0.0182948 secs] 628771K->72206K(2029056K), 0.0183572 secs] [Times: user=0.23 sys=0.00, real=0.02 secs] 
2020-09-29T18:10:02.231+0200: 76.538: [GC (Allocation Failure) 2020-09-29T18:10:02.231+0200: 76.538: [ParNew: 602218K->35122K(613440K), 0.0136773 secs] 617550K->50454K(2029056K), 0.0138628 secs] [Times: user=0.13 sys=0.00, real=0.01 secs] 
2020-09-29T18:10:02.294+0200: 76.601: [GC (Allocation Failure) 2020-09-29T18:10:02.294+0200: 76.601: [ParNew: 580466K->52865K(613440K), 0.0209379 secs] 595798K->68197K(2029056K), 0.0210003 secs] [Times: user=0.13 sys=0.00, real=0.02 secs] 
2020-09-29T18:10:02.362+0200: 76.669: [GC (Allocation Failure) 2020-09-29T18:10:02.362+0200: 76.669: [ParNew: 598209K->68096K(613440K), 0.0249657 secs] 613541K->83768K(2029056K), 0.0250467 secs] [Times: user=0.25 sys=0.00, real=0.03 secs] 
2020-09-29T18:10:02.433+0200: 76.741: [GC (Allocation Failure) 2020-09-29T18:10:02.433+0200: 76.741: [ParNew: 613440K->56248K(613440K), 0.0190180 secs] 629112K->71921K(2029056K), 0.0190721 secs] [Times: user=0.11 sys=0.00, real=0.02 secs] 
2020-09-29T18:10:02.502+0200: 76.810: [GC (Allocation Failure) 2020-09-29T18:10:02.502+0200: 76.810: [ParNew: 601592K->49016K(613440K), 0.0185566 secs] 617265K->64688K(2029056K), 0.0186138 secs] [Times: user=0.16 sys=0.05, real=0.02 secs] 
2020-09-29T18:10:02.570+0200: 76.877: [GC (Allocation Failure) 2020-09-29T18:10:02.570+0200: 76.877: [ParNew: 594360K->39881K(613440K), 0.0211340 secs] 610032K->55553K(2029056K), 0.0212115 secs] [Times: user=0.11 sys=0.00, real=0.02 secs] 
2020-09-29T18:10:02.643+0200: 76.950: [GC (Allocation Failure) 2020-09-29T18:10:02.643+0200: 76.950: [ParNew: 585225K->42499K(613440K), 0.0168470 secs] 600897K->58172K(2029056K), 0.0169178 secs] [Times: user=0.13 sys=0.00, real=0.02 secs] 
2020-09-29T18:10:02.711+0200: 77.019: [GC (Allocation Failure) 2020-09-29T18:10:02.711+0200: 77.019: [ParNew: 587843K->40721K(613440K), 0.0145846 secs] 603516K->56394K(2029056K), 0.0146395 secs] [Times: user=0.13 sys=0.00, real=0.02 secs] 
2020-09-29T18:10:02.783+0200: 77.091: [GC (Allocation Failure) 2020-09-29T18:10:02.783+0200: 77.091: [ParNew: 586065K->36813K(613440K), 0.0150014 secs] 601738K->52486K(2029056K), 0.0150701 secs] [Times: user=0.13 sys=0.00, real=0.02 secs] 
2020-09-29T18:10:02.846+0200: 77.153: [GC (Allocation Failure) 2020-09-29T18:10:02.846+0200: 77.153: [ParNew: 582157K->53763K(613440K), 0.0198473 secs] 597830K->69435K(2029056K), 0.0199018 secs] [Times: user=0.25 sys=0.00, real=0.02 secs] 
2020-09-29T18:10:02.913+0200: 77.220: [GC (Allocation Failure) 2020-09-29T18:10:02.913+0200: 77.220: [ParNew: 599107K->41388K(613440K), 0.0187851 secs] 614779K->57061K(2029056K), 0.0188608 secs] [Times: user=0.13 sys=0.00, real=0.02 secs] 
2020-09-29T18:10:02.982+0200: 77.290: [GC (Allocation Failure) 2020-09-29T18:10:02.991+0200: 77.298: [ParNew: 586732K->45501K(613440K), 0.0169568 secs] 602405K->61174K(2029056K), 0.0252101 secs] [Times: user=0.13 sys=0.00, real=0.03 secs] 
2020-09-29T18:10:03.058+0200: 77.366: [GC (Allocation Failure) 2020-09-29T18:10:03.058+0200: 77.366: [ParNew: 590845K->68096K(613440K), 0.0232714 secs] 606518K->83768K(2029056K), 0.0233296 secs] [Times: user=0.13 sys=0.00, real=0.02 secs] 
2020-09-29T18:10:03.129+0200: 77.436: [GC (Allocation Failure) 2020-09-29T18:10:03.129+0200: 77.436: [ParNew: 613440K->51281K(613440K), 0.0158015 secs] 629112K->66954K(2029056K), 0.0158629 secs] [Times: user=0.08 sys=0.00, real=0.02 secs] 
2020-09-29T18:10:03.193+0200: 77.500: [GC (Allocation Failure) 2020-09-29T18:10:03.193+0200: 77.500: [ParNew: 596625K->47928K(613440K), 0.0208262 secs] 612298K->63601K(2029056K), 0.0210160 secs] [Times: user=0.13 sys=0.00, real=0.02 secs] 
2020-09-29T18:10:03.264+0200: 77.571: [GC (Allocation Failure) 2020-09-29T18:10:03.264+0200: 77.571: [ParNew: 593272K->40899K(613440K), 0.0125430 secs] 608945K->56572K(2029056K), 0.0126150 secs] [Times: user=0.13 sys=0.00, real=0.01 secs] 
2020-09-29T18:10:03.325+0200: 77.632: [GC (Allocation Failure) 2020-09-29T18:10:03.325+0200: 77.632: [ParNew: 586243K->39213K(613440K), 0.0176626 secs] 601916K->54886K(2029056K), 0.0177189 secs] [Times: user=0.13 sys=0.00, real=0.02 secs] 
2020-09-29T18:10:03.393+0200: 77.701: [GC (Allocation Failure) 2020-09-29T18:10:03.393+0200: 77.701: [ParNew: 584557K->35517K(613440K), 0.0109148 secs] 600230K->51190K(2029056K), 0.0109713 secs] [Times: user=0.13 sys=0.00, real=0.01 secs] 
2020-09-29T18:10:03.462+0200: 77.770: [GC (Allocation Failure) 2020-09-29T18:10:03.462+0200: 77.770: [ParNew: 580861K->56446K(613440K), 0.0215343 secs] 596534K->72119K(2029056K), 0.0215975 secs] [Times: user=0.13 sys=0.00, real=0.02 secs] 
2020-09-29T18:10:03.534+0200: 77.842: [GC (Allocation Failure) 2020-09-29T18:10:03.534+0200: 77.842: [ParNew: 601790K->36668K(613440K), 0.0100663 secs] 617463K->52341K(2029056K), 0.0101198 secs] [Times: user=0.13 sys=0.00, real=0.01 secs] 
2020-09-29T18:10:03.601+0200: 77.908: [GC (Allocation Failure) 2020-09-29T18:10:03.601+0200: 77.908: [ParNew: 582012K->38653K(613440K), 0.0160473 secs] 597685K->54325K(2029056K), 0.0161085 secs] [Times: user=0.13 sys=0.00, real=0.02 secs] 
2020-09-29T18:10:03.672+0200: 77.979: [GC (Allocation Failure) 2020-09-29T18:10:03.672+0200: 77.979: [ParNew: 583997K->46763K(613440K), 0.0201769 secs] 599669K->62436K(2029056K), 0.0202542 secs] [Times: user=0.25 sys=0.00, real=0.02 secs] 
2020-09-29T18:10:03.744+0200: 78.051: [GC (Allocation Failure) 2020-09-29T18:10:03.744+0200: 78.052: [ParNew: 592107K->44439K(613440K), 0.0192143 secs] 607780K->60112K(2029056K), 0.0192840 secs] [Times: user=0.13 sys=0.00, real=0.02 secs] 
2020-09-29T18:10:03.813+0200: 78.120: [GC (Allocation Failure) 2020-09-29T18:10:03.813+0200: 78.120: [ParNew: 589783K->35938K(613440K), 0.0129707 secs] 605456K->51610K(2029056K), 0.0130292 secs] [Times: user=0.13 sys=0.00, real=0.01 secs] 
2020-09-29T18:10:03.879+0200: 78.186: [GC (Allocation Failure) 2020-09-29T18:10:03.879+0200: 78.186: [ParNew: 581282K->20645K(613440K), 0.0114120 secs] 596954K->36318K(2029056K), 0.0114692 secs] [Times: user=0.13 sys=0.00, real=0.01 secs] 
2020-09-29T18:10:03.943+0200: 78.250: [GC (Allocation Failure) 2020-09-29T18:10:03.943+0200: 78.250: [ParNew: 565989K->50188K(613440K), 0.0204831 secs] 581662K->65861K(2029056K), 0.0205381 secs] [Times: user=0.13 sys=0.00, real=0.02 secs] 
2020-09-29T18:10:04.013+0200: 78.321: [GC (Allocation Failure) 2020-09-29T18:10:04.014+0200: 78.321: [ParNew: 595532K->41059K(613440K), 0.0149755 secs] 611205K->56732K(2029056K), 0.0150548 secs] [Times: user=0.13 sys=0.00, real=0.02 secs] 
2020-09-29T18:10:04.082+0200: 78.389: [GC (Allocation Failure) 2020-09-29T18:10:04.082+0200: 78.389: [ParNew: 586403K->58991K(613440K), 0.0198075 secs] 602076K->74663K(2029056K), 0.0198641 secs] [Times: user=0.25 sys=0.00, real=0.02 secs] 
2020-09-29T18:10:04.150+0200: 78.458: [GC (Allocation Failure) 2020-09-29T18:10:04.150+0200: 78.458: [ParNew: 604335K->42641K(613440K), 0.0137666 secs] 620007K->58314K(2029056K), 0.0138218 secs] [Times: user=0.13 sys=0.00, real=0.01 secs] 
2020-09-29T18:10:04.214+0200: 78.521: [GC (Allocation Failure) 2020-09-29T18:10:04.214+0200: 78.521: [ParNew: 587985K->55184K(613440K), 0.0282824 secs] 603658K->70856K(2029056K), 0.0283520 secs] [Times: user=0.23 sys=0.00, real=0.03 secs] 
2020-09-29T18:10:04.292+0200: 78.599: [GC (Allocation Failure) 2020-09-29T18:10:04.292+0200: 78.599: [ParNew: 600528K->52057K(613440K), 0.0185671 secs] 616200K->67730K(2029056K), 0.0186354 secs] [Times: user=0.13 sys=0.00, real=0.02 secs] 
2020-09-29T18:10:04.360+0200: 78.667: [GC (Allocation Failure) 2020-09-29T18:10:04.360+0200: 78.667: [ParNew: 597401K->68096K(613440K), 0.0214927 secs] 613074K->84042K(2029056K), 0.0215487 secs] [Times: user=0.25 sys=0.00, real=0.02 secs] 
2020-09-29T18:10:04.431+0200: 78.738: [GC (Allocation Failure) 2020-09-29T18:10:04.431+0200: 78.738: [ParNew: 613440K->51559K(613440K), 0.0166034 secs] 629386K->67506K(2029056K), 0.0166652 secs] [Times: user=0.13 sys=0.00, real=0.02 secs] 
2020-09-29T18:10:04.497+0200: 78.804: [GC (Allocation Failure) 2020-09-29T18:10:04.497+0200: 78.804: [ParNew: 596903K->46183K(613440K), 0.0157689 secs] 612850K->62129K(2029056K), 0.0158273 secs] [Times: user=0.13 sys=0.00, real=0.02 secs] 
2020-09-29T18:10:04.564+0200: 78.871: [GC (Allocation Failure) 2020-09-29T18:10:04.564+0200: 78.871: [ParNew: 591527K->49593K(613440K), 0.0215677 secs] 607473K->65539K(2029056K), 0.0216354 secs] [Times: user=0.25 sys=0.00, real=0.02 secs] 
2020-09-29T18:10:04.634+0200: 78.941: [GC (Allocation Failure) 2020-09-29T18:10:04.634+0200: 78.941: [ParNew: 594937K->39997K(613440K), 0.0143532 secs] 610883K->55944K(2029056K), 0.0144190 secs] [Times: user=0.13 sys=0.00, real=0.01 secs] 
2020-09-29T18:10:04.697+0200: 79.004: [GC (Allocation Failure) 2020-09-29T18:10:04.697+0200: 79.005: [ParNew: 585341K->46626K(613440K), 0.0188011 secs] 601288K->62573K(2029056K), 0.0188574 secs] [Times: user=0.11 sys=0.00, real=0.02 secs] 
2020-09-29T18:10:04.763+0200: 79.070: [GC (Allocation Failure) 2020-09-29T18:10:04.763+0200: 79.070: [ParNew: 591970K->55098K(613440K), 0.0234435 secs] 607917K->71045K(2029056K), 0.0235048 secs] [Times: user=0.22 sys=0.00, real=0.02 secs] 
2020-09-29T18:10:04.836+0200: 79.144: [GC (Allocation Failure) 2020-09-29T18:10:04.836+0200: 79.144: [ParNew: 600442K->46255K(613440K), 0.0164371 secs] 616389K->62202K(2029056K), 0.0165071 secs] [Times: user=0.13 sys=0.00, real=0.02 secs] 
2020-09-29T18:10:04.901+0200: 79.208: [GC (Allocation Failure) 2020-09-29T18:10:04.901+0200: 79.208: [ParNew: 591599K->40111K(613440K), 0.0140286 secs] 607546K->56057K(2029056K), 0.0140847 secs] [Times: user=0.13 sys=0.00, real=0.01 secs] 
2020-09-29T18:10:04.975+0200: 79.283: [GC (Allocation Failure) 2020-09-29T18:10:04.975+0200: 79.283: [ParNew: 585455K->54248K(613440K), 0.0194664 secs] 601401K->70195K(2029056K), 0.0195239 secs] [Times: user=0.13 sys=0.00, real=0.02 secs] 
2020-09-29T18:10:05.048+0200: 79.356: [GC (Allocation Failure) 2020-09-29T18:10:05.048+0200: 79.356: [ParNew: 599592K->38440K(613440K), 0.0147200 secs] 615539K->54387K(2029056K), 0.0148354 secs] [Times: user=0.13 sys=0.00, real=0.01 secs] 
2020-09-29T18:10:05.114+0200: 79.421: [GC (Allocation Failure) 2020-09-29T18:10:05.114+0200: 79.421: [ParNew: 583784K->52401K(613440K), 0.0221812 secs] 599731K->68348K(2029056K), 0.0222382 secs] [Times: user=0.13 sys=0.00, real=0.02 secs] 
2020-09-29T18:10:05.183+0200: 79.490: [GC (Allocation Failure) 2020-09-29T18:10:05.183+0200: 79.490: [ParNew: 597745K->45980K(613440K), 0.0155534 secs] 613692K->61926K(2029056K), 0.0156188 secs] [Times: user=0.13 sys=0.00, real=0.01 secs] 
2020-09-29T18:10:05.251+0200: 79.559: [GC (Allocation Failure) 2020-09-29T18:10:05.251+0200: 79.559: [ParNew: 591324K->36349K(613440K), 0.0165778 secs] 607270K->52295K(2029056K), 0.0166440 secs] [Times: user=0.11 sys=0.00, real=0.02 secs] 
2020-09-29T18:10:05.319+0200: 79.627: [GC (Allocation Failure) 2020-09-29T18:10:05.319+0200: 79.627: [ParNew: 581693K->30313K(613440K), 0.0136565 secs] 597639K->46260K(2029056K), 0.0137178 secs] [Times: user=0.11 sys=0.01, real=0.01 secs] 
2020-09-29T18:10:05.381+0200: 79.689: [GC (Allocation Failure) 2020-09-29T18:10:05.381+0200: 79.689: [ParNew: 575657K->49742K(613440K), 0.0186879 secs] 591604K->65689K(2029056K), 0.0187496 secs] [Times: user=0.13 sys=0.00, real=0.02 secs] 
2020-09-29T18:10:05.449+0200: 79.757: [GC (Allocation Failure) 2020-09-29T18:10:05.449+0200: 79.757: [ParNew: 595086K->62926K(613440K), 0.0225223 secs] 611033K->78873K(2029056K), 0.0225962 secs] [Times: user=0.13 sys=0.00, real=0.02 secs] 
2020-09-29T18:10:05.523+0200: 79.830: [GC (Allocation Failure) 2020-09-29T18:10:05.523+0200: 79.830: [ParNew: 608270K->40806K(613440K), 0.0096767 secs] 624217K->56753K(2029056K), 0.0097446 secs] [Times: user=0.00 sys=0.00, real=0.01 secs] 
2020-09-29T18:10:05.585+0200: 79.892: [GC (Allocation Failure) 2020-09-29T18:10:05.585+0200: 79.892: [ParNew: 586150K->26911K(613440K), 0.0173436 secs] 602097K->42857K(2029056K), 0.0174231 secs] [Times: user=0.11 sys=0.00, real=0.02 secs] 
2020-09-29T18:10:05.653+0200: 79.961: [GC (Allocation Failure) 2020-09-29T18:10:05.653+0200: 79.961: [ParNew: 572255K->46194K(613440K), 0.0188598 secs] 588201K->62141K(2029056K), 0.0189161 secs] [Times: user=0.13 sys=0.00, real=0.02 secs] 
2020-09-29T18:10:05.721+0200: 80.028: [GC (Allocation Failure) 2020-09-29T18:10:05.721+0200: 80.028: [ParNew: 591538K->38251K(613440K), 0.0176815 secs] 607485K->54198K(2029056K), 0.0177427 secs] [Times: user=0.14 sys=0.00, real=0.02 secs] 
2020-09-29T18:10:05.786+0200: 80.094: [GC (Allocation Failure) 2020-09-29T18:10:05.786+0200: 80.094: [ParNew: 583595K->36283K(613440K), 0.0106232 secs] 599542K->52230K(2029056K), 0.0106824 secs] [Times: user=0.00 sys=0.00, real=0.01 secs] 
2020-09-29T18:10:05.847+0200: 80.154: [GC (Allocation Failure) 2020-09-29T18:10:05.847+0200: 80.154: [ParNew: 581627K->47482K(613440K), 0.0207957 secs] 597574K->63428K(2029056K), 0.0208785 secs] [Times: user=0.25 sys=0.00, real=0.02 secs] 
2020-09-29T18:10:05.917+0200: 80.225: [GC (Allocation Failure) 2020-09-29T18:10:05.917+0200: 80.225: [ParNew: 592826K->40934K(613440K), 0.0151765 secs] 608772K->56880K(2029056K), 0.0152386 secs] [Times: user=0.13 sys=0.00, real=0.02 secs] 
2020-09-29T18:10:05.981+0200: 80.288: [GC (Allocation Failure) 2020-09-29T18:10:05.981+0200: 80.288: [ParNew: 586278K->31757K(613440K), 0.0151828 secs] 602224K->47703K(2029056K), 0.0152396 secs] [Times: user=0.13 sys=0.00, real=0.02 secs] 
2020-09-29T18:10:06.043+0200: 80.351: [GC (Allocation Failure) 2020-09-29T18:10:06.043+0200: 80.351: [ParNew: 577101K->53868K(613440K), 0.0182183 secs] 593047K->69815K(2029056K), 0.0182734 secs] [Times: user=0.13 sys=0.00, real=0.02 secs] 
2020-09-29T18:10:06.111+0200: 80.418: [GC (Allocation Failure) 2020-09-29T18:10:06.111+0200: 80.418: [ParNew: 599212K->37326K(613440K), 0.0111514 secs] 615159K->53272K(2029056K), 0.0112185 secs] [Times: user=0.13 sys=0.00, real=0.01 secs] 
2020-09-29T18:10:06.176+0200: 80.484: [GC (Allocation Failure) 2020-09-29T18:10:06.177+0200: 80.484: [ParNew: 582670K->34795K(613440K), 0.0171537 secs] 598616K->50742K(2029056K), 0.0172531 secs] [Times: user=0.14 sys=0.00, real=0.02 secs] 
2020-09-29T18:10:06.244+0200: 80.551: [GC (Allocation Failure) 2020-09-29T18:10:06.244+0200: 80.551: [ParNew: 580139K->32953K(613440K), 0.0141908 secs] 596086K->48900K(2029056K), 0.0142579 secs] [Times: user=0.13 sys=0.00, real=0.01 secs] 
2020-09-29T18:10:06.307+0200: 80.615: [GC (Allocation Failure) 2020-09-29T18:10:06.307+0200: 80.615: [ParNew: 578297K->55074K(613440K), 0.0196041 secs] 594244K->71020K(2029056K), 0.0196629 secs] [Times: user=0.13 sys=0.00, real=0.02 secs] 
2020-09-29T18:10:06.374+0200: 80.682: [GC (Allocation Failure) 2020-09-29T18:10:06.374+0200: 80.682: [ParNew: 600418K->37629K(613440K), 0.0122232 secs] 616364K->53576K(2029056K), 0.0122795 secs] [Times: user=0.13 sys=0.00, real=0.01 secs] 
2020-09-29T18:10:06.438+0200: 80.746: [GC (Allocation Failure) 2020-09-29T18:10:06.438+0200: 80.746: [ParNew: 582973K->51141K(613440K), 0.0216483 secs] 598920K->67088K(2029056K), 0.0217199 secs] [Times: user=0.25 sys=0.00, real=0.02 secs] 
2020-09-29T18:10:06.511+0200: 80.819: [GC (Allocation Failure) 2020-09-29T18:10:06.511+0200: 80.819: [ParNew: 596485K->43838K(613440K), 0.0165701 secs] 612432K->59785K(2029056K), 0.0166290 secs] [Times: user=0.13 sys=0.00, real=0.02 secs] 
2020-09-29T18:10:06.588+0200: 80.895: [GC (Allocation Failure) 2020-09-29T18:10:06.588+0200: 80.895: [ParNew: 589182K->33168K(613440K), 0.0170737 secs] 605129K->49115K(2029056K), 0.0171512 secs] [Times: user=0.11 sys=0.00, real=0.02 secs] 
2020-09-29T18:10:06.660+0200: 80.968: [GC (Allocation Failure) 2020-09-29T18:10:06.660+0200: 80.968: [ParNew: 578512K->56998K(613440K), 0.0188591 secs] 594459K->72945K(2029056K), 0.0189210 secs] [Times: user=0.14 sys=0.03, real=0.02 secs] 
2020-09-29T18:10:06.731+0200: 81.039: [GC (Allocation Failure) 2020-09-29T18:10:06.731+0200: 81.039: [ParNew: 602342K->45823K(613440K), 0.0193528 secs] 618289K->61770K(2029056K), 0.0194204 secs] [Times: user=0.13 sys=0.00, real=0.02 secs] 
2020-09-29T18:10:06.798+0200: 81.106: [GC (Allocation Failure) 2020-09-29T18:10:06.798+0200: 81.106: [ParNew: 591167K->44247K(613440K), 0.0176017 secs] 607114K->60194K(2029056K), 0.0176541 secs] [Times: user=0.13 sys=0.00, real=0.02 secs] 
2020-09-29T18:10:06.865+0200: 81.173: [GC (Allocation Failure) 2020-09-29T18:10:06.865+0200: 81.173: [ParNew: 589591K->37729K(613440K), 0.0176846 secs] 605538K->53675K(2029056K), 0.0177518 secs] [Times: user=0.13 sys=0.00, real=0.02 secs] 
2020-09-29T18:10:06.933+0200: 81.240: [GC (Allocation Failure) 2020-09-29T18:10:06.933+0200: 81.240: [ParNew: 583073K->36036K(613440K), 0.0160038 secs] 599019K->51983K(2029056K), 0.0160811 secs] [Times: user=0.13 sys=0.00, real=0.02 secs] 
2020-09-29T18:10:06.996+0200: 81.304: [GC (Allocation Failure) 2020-09-29T18:10:06.996+0200: 81.304: [ParNew: 581380K->55091K(613440K), 0.0210829 secs] 597327K->71037K(2029056K), 0.0211548 secs] [Times: user=0.11 sys=0.00, real=0.02 secs] 
2020-09-29T18:10:07.065+0200: 81.373: [GC (Allocation Failure) 2020-09-29T18:10:07.065+0200: 81.373: [ParNew: 600435K->42744K(613440K), 0.0197164 secs] 616381K->58691K(2029056K), 0.0197876 secs] [Times: user=0.25 sys=0.00, real=0.02 secs] 
2020-09-29T18:10:07.135+0200: 81.442: [GC (Allocation Failure) 2020-09-29T18:10:07.135+0200: 81.442: [ParNew: 588088K->68096K(613440K), 0.0242702 secs] 604035K->84042K(2029056K), 0.0243331 secs] [Times: user=0.13 sys=0.00, real=0.02 secs] 
2020-09-29T18:10:07.207+0200: 81.514: [GC (Allocation Failure) 2020-09-29T18:10:07.207+0200: 81.514: [ParNew: 613440K->57381K(613440K), 0.0203879 secs] 629386K->73328K(2029056K), 0.0204615 secs] [Times: user=0.23 sys=0.00, real=0.02 secs] 
2020-09-29T18:10:07.275+0200: 81.582: [GC (Allocation Failure) 2020-09-29T18:10:07.275+0200: 81.582: [ParNew: 602725K->49234K(613440K), 0.0171786 secs] 618672K->65181K(2029056K), 0.0172476 secs] [Times: user=0.13 sys=0.00, real=0.02 secs] 
2020-09-29T18:10:07.341+0200: 81.649: [GC (Allocation Failure) 2020-09-29T18:10:07.341+0200: 81.649: [ParNew: 594578K->59273K(613440K), 0.0208994 secs] 610525K->75220K(2029056K), 0.0209612 secs] [Times: user=0.13 sys=0.00, real=0.02 secs] 
2020-09-29T18:10:07.409+0200: 81.717: [GC (Allocation Failure) 2020-09-29T18:10:07.409+0200: 81.717: [ParNew: 604617K->44124K(613440K), 0.0147545 secs] 620564K->60071K(2029056K), 0.0148116 secs] [Times: user=0.11 sys=0.02, real=0.02 secs] 
2020-09-29T18:10:07.472+0200: 81.780: [GC (Allocation Failure) 2020-09-29T18:10:07.472+0200: 81.780: [ParNew: 589468K->42109K(613440K), 0.0193855 secs] 605415K->58055K(2029056K), 0.0194471 secs] [Times: user=0.25 sys=0.00, real=0.02 secs] 
2020-09-29T18:10:07.540+0200: 81.847: [GC (Allocation Failure) 2020-09-29T18:10:07.540+0200: 81.848: [ParNew: 587453K->48738K(613440K), 0.0201946 secs] 603399K->64685K(2029056K), 0.0202761 secs] [Times: user=0.13 sys=0.00, real=0.02 secs] 
2020-09-29T18:10:07.611+0200: 81.919: [GC (Allocation Failure) 2020-09-29T18:10:07.611+0200: 81.919: [ParNew: 594082K->44285K(613440K), 0.0234653 secs] 610029K->60231K(2029056K), 0.0235413 secs] [Times: user=0.23 sys=0.00, real=0.02 secs] 
2020-09-29T18:10:07.685+0200: 81.993: [GC (Allocation Failure) 2020-09-29T18:10:07.685+0200: 81.993: [ParNew: 589629K->40666K(613440K), 0.0208719 secs] 605575K->56613K(2029056K), 0.0209392 secs] [Times: user=0.13 sys=0.00, real=0.02 secs] 
2020-09-29T18:10:07.757+0200: 82.065: [GC (Allocation Failure) 2020-09-29T18:10:07.758+0200: 82.065: [ParNew: 586010K->36010K(613440K), 0.0178487 secs] 601957K->51956K(2029056K), 0.0179347 secs] [Times: user=0.13 sys=0.00, real=0.02 secs] 
2020-09-29T18:10:07.832+0200: 82.140: [GC (Allocation Failure) 2020-09-29T18:10:07.832+0200: 82.140: [ParNew: 581354K->53063K(613440K), 0.0255817 secs] 597300K->69010K(2029056K), 0.0256511 secs] [Times: user=0.25 sys=0.00, real=0.03 secs] 
2020-09-29T18:10:07.905+0200: 82.213: [GC (Allocation Failure) 2020-09-29T18:10:07.905+0200: 82.213: [ParNew: 598407K->68096K(613440K), 0.0310455 secs] 614354K->84327K(2029056K), 0.0311162 secs] [Times: user=0.25 sys=0.00, real=0.03 secs] 
2020-09-29T18:10:07.985+0200: 82.293: [GC (Allocation Failure) 2020-09-29T18:10:07.985+0200: 82.293: [ParNew: 613440K->54806K(613440K), 0.0239280 secs] 629671K->71037K(2029056K), 0.0239959 secs] [Times: user=0.25 sys=0.00, real=0.02 secs] 
2020-09-29T18:10:08.059+0200: 82.367: [GC (Allocation Failure) 2020-09-29T18:10:08.059+0200: 82.367: [ParNew: 600150K->37003K(613440K), 0.0152600 secs] 616381K->53234K(2029056K), 0.0153259 secs] [Times: user=0.13 sys=0.00, real=0.02 secs] 
2020-09-29T18:10:08.138+0200: 82.446: [GC (Allocation Failure) 2020-09-29T18:10:08.138+0200: 82.446: [ParNew: 582347K->53295K(613440K), 0.0274038 secs] 598578K->69527K(2029056K), 0.0274782 secs] [Times: user=0.25 sys=0.00, real=0.03 secs] 
2020-09-29T18:10:08.219+0200: 82.527: [GC (Allocation Failure) 2020-09-29T18:10:08.219+0200: 82.527: [ParNew: 598639K->44659K(613440K), 0.0211832 secs] 614871K->60890K(2029056K), 0.0212590 secs] [Times: user=0.24 sys=0.00, real=0.02 secs] 
2020-09-29T18:10:08.294+0200: 82.602: [GC (Allocation Failure) 2020-09-29T18:10:08.294+0200: 82.602: [ParNew: 590003K->61892K(613440K), 0.0257125 secs] 606234K->78124K(2029056K), 0.0257749 secs] [Times: user=0.25 sys=0.00, real=0.03 secs] 
2020-09-29T18:10:08.368+0200: 82.676: [GC (Allocation Failure) 2020-09-29T18:10:08.368+0200: 82.676: [ParNew: 607236K->56218K(613440K), 0.0249493 secs] 623468K->72450K(2029056K), 0.0250160 secs] [Times: user=0.13 sys=0.00, real=0.02 secs] 
2020-09-29T18:10:08.446+0200: 82.754: [GC (Allocation Failure) 2020-09-29T18:10:08.446+0200: 82.754: [ParNew: 601562K->42649K(613440K), 0.0150931 secs] 617794K->58880K(2029056K), 0.0151589 secs] [Times: user=0.13 sys=0.00, real=0.01 secs] 
2020-09-29T18:10:08.521+0200: 82.829: [GC (Allocation Failure) 2020-09-29T18:10:08.521+0200: 82.829: [ParNew: 587993K->53974K(613440K), 0.0295371 secs] 604224K->70205K(2029056K), 0.0296110 secs] [Times: user=0.13 sys=0.00, real=0.03 secs] 
2020-09-29T18:10:08.599+0200: 82.907: [GC (Allocation Failure) 2020-09-29T18:10:08.599+0200: 82.907: [ParNew: 599318K->45521K(613440K), 0.0218119 secs] 615549K->61752K(2029056K), 0.0218965 secs] [Times: user=0.13 sys=0.00, real=0.02 secs] 
2020-09-29T18:10:08.670+0200: 82.978: [GC (Allocation Failure) 2020-09-29T18:10:08.670+0200: 82.978: [ParNew: 590865K->41288K(613440K), 0.0207759 secs] 607096K->57519K(2029056K), 0.0208455 secs] [Times: user=0.13 sys=0.00, real=0.02 secs] 
2020-09-29T18:10:08.743+0200: 83.050: [GC (Allocation Failure) 2020-09-29T18:10:08.743+0200: 83.050: [ParNew: 586632K->33071K(613440K), 0.0136957 secs] 602863K->49303K(2029056K), 0.0137622 secs] [Times: user=0.13 sys=0.00, real=0.01 secs] 
2020-09-29T18:10:08.809+0200: 83.117: [GC (Allocation Failure) 2020-09-29T18:10:08.809+0200: 83.117: [ParNew: 578415K->28243K(613440K), 0.0180172 secs] 594647K->44474K(2029056K), 0.0180824 secs] [Times: user=0.11 sys=0.00, real=0.02 secs] 
2020-09-29T18:10:08.875+0200: 83.183: [GC (Allocation Failure) 2020-09-29T18:10:08.875+0200: 83.183: [ParNew: 573587K->42637K(613440K), 0.0223518 secs] 589818K->58869K(2029056K), 0.0224147 secs] [Times: user=0.25 sys=0.00, real=0.02 secs] 
2020-09-29T18:10:08.950+0200: 83.258: [GC (Allocation Failure) 2020-09-29T18:10:08.950+0200: 83.258: [ParNew: 587981K->50906K(613440K), 0.0241209 secs] 604213K->67137K(2029056K), 0.0242007 secs] [Times: user=0.24 sys=0.00, real=0.02 secs] 
2020-09-29T18:10:09.028+0200: 83.336: [GC (Allocation Failure) 2020-09-29T18:10:09.028+0200: 83.336: [ParNew: 596250K->38530K(613440K), 0.0210358 secs] 612481K->54761K(2029056K), 0.0211089 secs] [Times: user=0.13 sys=0.00, real=0.02 secs] 
2020-09-29T18:10:09.111+0200: 83.419: [GC (Allocation Failure) 2020-09-29T18:10:09.111+0200: 83.419: [ParNew: 583874K->32890K(613440K), 0.0200518 secs] 600105K->49121K(2029056K), 0.0201213 secs] [Times: user=0.25 sys=0.00, real=0.02 secs] 
2020-09-29T18:10:09.185+0200: 83.493: [GC (Allocation Failure) 2020-09-29T18:10:09.185+0200: 83.493: [ParNew: 578234K->30103K(613440K), 0.0187841 secs] 594465K->46334K(2029056K), 0.0188691 secs] [Times: user=0.13 sys=0.00, real=0.02 secs] 
2020-09-29T18:10:09.262+0200: 83.570: [GC (Allocation Failure) 2020-09-29T18:10:09.262+0200: 83.570: [ParNew: 575447K->46691K(613440K), 0.0260729 secs] 591678K->62922K(2029056K), 0.0261398 secs] [Times: user=0.25 sys=0.00, real=0.03 secs] 
2020-09-29T18:10:09.334+0200: 83.642: [GC (Allocation Failure) 2020-09-29T18:10:09.334+0200: 83.642: [ParNew: 592035K->49344K(613440K), 0.0236838 secs] 608266K->65575K(2029056K), 0.0237472 secs] [Times: user=0.13 sys=0.00, real=0.02 secs] 
2020-09-29T18:10:09.409+0200: 83.717: [GC (Allocation Failure) 2020-09-29T18:10:09.409+0200: 83.717: [ParNew: 594688K->39618K(613440K), 0.0237056 secs] 610919K->55849K(2029056K), 0.0237760 secs] [Times: user=0.25 sys=0.00, real=0.02 secs] 
2020-09-29T18:10:09.481+0200: 83.789: [GC (Allocation Failure) 2020-09-29T18:10:09.481+0200: 83.789: [ParNew: 584962K->36112K(613440K), 0.0152443 secs] 601193K->52344K(2029056K), 0.0153058 secs] [Times: user=0.13 sys=0.00, real=0.02 secs] 
2020-09-29T18:10:09.553+0200: 83.861: [GC (Allocation Failure) 2020-09-29T18:10:09.553+0200: 83.861: [ParNew: 581456K->35424K(613440K), 0.0216862 secs] 597688K->51655K(2029056K), 0.0217607 secs] [Times: user=0.13 sys=0.00, real=0.02 secs] 
2020-09-29T18:10:09.632+0200: 83.940: [GC (Allocation Failure) 2020-09-29T18:10:09.632+0200: 83.940: [ParNew: 580768K->30323K(613440K), 0.0123528 secs] 596999K->46554K(2029056K), 0.0124215 secs] [Times: user=0.00 sys=0.00, real=0.01 secs] 
2020-09-29T18:10:09.695+0200: 84.003: [GC (Allocation Failure) 2020-09-29T18:10:09.695+0200: 84.003: [ParNew: 575667K->46669K(613440K), 0.0268028 secs] 591898K->62900K(2029056K), 0.0268836 secs] [Times: user=0.13 sys=0.00, real=0.03 secs] 
2020-09-29T18:10:09.769+0200: 84.077: [GC (Allocation Failure) 2020-09-29T18:10:09.769+0200: 84.077: [ParNew: 592013K->61631K(613440K), 0.0268316 secs] 608244K->77862K(2029056K), 0.0269177 secs] [Times: user=0.13 sys=0.02, real=0.03 secs] 
2020-09-29T18:10:09.853+0200: 84.161: [GC (Allocation Failure) 2020-09-29T18:10:09.853+0200: 84.161: [ParNew: 606975K->61473K(613440K), 0.0279262 secs] 623206K->77704K(2029056K), 0.0280153 secs] [Times: user=0.22 sys=0.00, real=0.03 secs] 
2020-09-29T18:10:09.935+0200: 84.243: [GC (Allocation Failure) 2020-09-29T18:10:09.935+0200: 84.243: [ParNew: 606817K->39820K(613440K), 0.0182044 secs] 623048K->56051K(2029056K), 0.0182884 secs] [Times: user=0.13 sys=0.00, real=0.02 secs] 
2020-09-29T18:10:10.010+0200: 84.318: [GC (Allocation Failure) 2020-09-29T18:10:10.010+0200: 84.318: [ParNew: 585164K->41065K(613440K), 0.0233415 secs] 601395K->57297K(2029056K), 0.0234218 secs] [Times: user=0.13 sys=0.00, real=0.02 secs] 
2020-09-29T18:10:10.083+0200: 84.391: [GC (Allocation Failure) 2020-09-29T18:10:10.083+0200: 84.391: [ParNew: 586409K->50977K(613440K), 0.0227391 secs] 602641K->67209K(2029056K), 0.0228099 secs] [Times: user=0.13 sys=0.00, real=0.02 secs] 
2020-09-29T18:10:10.153+0200: 84.461: [GC (Allocation Failure) 2020-09-29T18:10:10.153+0200: 84.461: [ParNew: 596321K->33686K(613440K), 0.0148255 secs] 612553K->49917K(2029056K), 0.0148926 secs] [Times: user=0.13 sys=0.00, real=0.01 secs] 
2020-09-29T18:10:10.226+0200: 84.533: [GC (Allocation Failure) 2020-09-29T18:10:10.226+0200: 84.533: [ParNew: 579030K->50236K(613440K), 0.0293903 secs] 595261K->66467K(2029056K), 0.0294618 secs] [Times: user=0.22 sys=0.00, real=0.03 secs] 
2020-09-29T18:10:10.307+0200: 84.615: [GC (Allocation Failure) 2020-09-29T18:10:10.307+0200: 84.615: [ParNew: 595580K->39402K(613440K), 0.0191268 secs] 611811K->55634K(2029056K), 0.0191943 secs] [Times: user=0.13 sys=0.00, real=0.02 secs] 
2020-09-29T18:10:10.381+0200: 84.689: [GC (Allocation Failure) 2020-09-29T18:10:10.381+0200: 84.689: [ParNew: 584746K->30046K(613440K), 0.0182390 secs] 600978K->46277K(2029056K), 0.0183300 secs] [Times: user=0.13 sys=0.00, real=0.02 secs] 
2020-09-29T18:10:10.455+0200: 84.763: [GC (Allocation Failure) 2020-09-29T18:10:10.455+0200: 84.763: [ParNew: 575390K->26197K(613440K), 0.0174711 secs] 591621K->42428K(2029056K), 0.0175361 secs] [Times: user=0.11 sys=0.00, real=0.02 secs] 
2020-09-29T18:10:10.523+0200: 84.831: [GC (Allocation Failure) 2020-09-29T18:10:10.524+0200: 84.831: [ParNew: 571541K->22779K(613440K), 0.0166653 secs] 587772K->39010K(2029056K), 0.0167397 secs] [Times: user=0.11 sys=0.00, real=0.02 secs] 
2020-09-29T18:10:10.591+0200: 84.899: [GC (Allocation Failure) 2020-09-29T18:10:10.591+0200: 84.899: [ParNew: 568123K->44494K(613440K), 0.0216235 secs] 584354K->60725K(2029056K), 0.0217075 secs] [Times: user=0.11 sys=0.00, real=0.02 secs] 
2020-09-29T18:10:10.673+0200: 84.981: [GC (Allocation Failure) 2020-09-29T18:10:10.673+0200: 84.981: [ParNew: 589838K->44401K(613440K), 0.0208610 secs] 606069K->60633K(2029056K), 0.0209223 secs] [Times: user=0.23 sys=0.00, real=0.02 secs] 
2020-09-29T18:10:10.744+0200: 85.052: [GC (Allocation Failure) 2020-09-29T18:10:10.744+0200: 85.052: [ParNew: 589745K->33489K(613440K), 0.0189294 secs] 605977K->49720K(2029056K), 0.0190155 secs] [Times: user=0.13 sys=0.00, real=0.02 secs] 
2020-09-29T18:10:10.818+0200: 85.126: [GC (Allocation Failure) 2020-09-29T18:10:10.818+0200: 85.126: [ParNew: 578833K->31777K(613440K), 0.0176441 secs] 595064K->48008K(2029056K), 0.0177103 secs] [Times: user=0.13 sys=0.00, real=0.02 secs] 
2020-09-29T18:10:10.890+0200: 85.198: [GC (Allocation Failure) 2020-09-29T18:10:10.890+0200: 85.198: [ParNew: 577121K->27902K(613440K), 0.0180507 secs] 593352K->44133K(2029056K), 0.0181226 secs] [Times: user=0.13 sys=0.00, real=0.02 secs] 
2020-09-29T18:10:10.958+0200: 85.266: [GC (Allocation Failure) 2020-09-29T18:10:10.959+0200: 85.266: [ParNew: 573246K->45496K(613440K), 0.0247323 secs] 589477K->61727K(2029056K), 0.0248190 secs] [Times: user=0.13 sys=0.00, real=0.03 secs] 
2020-09-29T18:10:11.035+0200: 85.343: [GC (Allocation Failure) 2020-09-29T18:10:11.035+0200: 85.343: [ParNew: 590840K->38309K(613440K), 0.0233459 secs] 607071K->54540K(2029056K), 0.0234221 secs] [Times: user=0.22 sys=0.02, real=0.02 secs] 
2020-09-29T18:10:11.115+0200: 85.423: [GC (Allocation Failure) 2020-09-29T18:10:11.116+0200: 85.423: [ParNew: 583653K->35548K(613440K), 0.0220756 secs] 599884K->51779K(2029056K), 0.0221510 secs] [Times: user=0.13 sys=0.00, real=0.02 secs] 
2020-09-29T18:10:11.188+0200: 85.495: [GC (Allocation Failure) 2020-09-29T18:10:11.188+0200: 85.496: [ParNew: 580892K->34979K(613440K), 0.0216204 secs] 597123K->51210K(2029056K), 0.0216906 secs] [Times: user=0.25 sys=0.00, real=0.02 secs] 
2020-09-29T18:10:11.257+0200: 85.564: [GC (Allocation Failure) 2020-09-29T18:10:11.257+0200: 85.564: [ParNew: 580323K->31579K(613440K), 0.0124089 secs] 596554K->47810K(2029056K), 0.0124953 secs] [Times: user=0.00 sys=0.00, real=0.01 secs] 
2020-09-29T18:10:11.330+0200: 85.638: [GC (Allocation Failure) 2020-09-29T18:10:11.330+0200: 85.638: [ParNew: 576923K->34810K(613440K), 0.0196596 secs] 593154K->51041K(2029056K), 0.0197238 secs] [Times: user=0.25 sys=0.00, real=0.02 secs] 
2020-09-29T18:10:11.396+0200: 85.703: [GC (Allocation Failure) 2020-09-29T18:10:11.396+0200: 85.703: [ParNew: 580154K->41293K(613440K), 0.0191045 secs] 596385K->57525K(2029056K), 0.0191714 secs] [Times: user=0.13 sys=0.00, real=0.02 secs] 
2020-09-29T18:10:11.461+0200: 85.769: [GC (Allocation Failure) 2020-09-29T18:10:11.461+0200: 85.769: [ParNew: 586637K->45450K(613440K), 0.0242150 secs] 602869K->61681K(2029056K), 0.0242807 secs] [Times: user=0.13 sys=0.00, real=0.02 secs] 
2020-09-29T18:10:11.539+0200: 85.847: [GC (Allocation Failure) 2020-09-29T18:10:11.539+0200: 85.847: [ParNew: 590794K->31449K(613440K), 0.0161484 secs] 607025K->47680K(2029056K), 0.0162137 secs] [Times: user=0.13 sys=0.00, real=0.02 secs] 
2020-09-29T18:10:11.614+0200: 85.922: [GC (Allocation Failure) 2020-09-29T18:10:11.614+0200: 85.922: [ParNew: 576793K->42512K(613440K), 0.0240608 secs] 593024K->58743K(2029056K), 0.0241413 secs] [Times: user=0.11 sys=0.00, real=0.02 secs] 
2020-09-29T18:10:11.690+0200: 85.998: [GC (Allocation Failure) 2020-09-29T18:10:11.690+0200: 85.998: [ParNew: 587856K->50451K(613440K), 0.0213822 secs] 604087K->66683K(2029056K), 0.0214465 secs] [Times: user=0.25 sys=0.00, real=0.02 secs] 
2020-09-29T18:10:11.767+0200: 86.075: [GC (Allocation Failure) 2020-09-29T18:10:11.767+0200: 86.075: [ParNew: 595795K->36593K(613440K), 0.0191772 secs] 612027K->52824K(2029056K), 0.0192710 secs] [Times: user=0.23 sys=0.00, real=0.02 secs] 
2020-09-29T18:10:11.837+0200: 86.144: [GC (Allocation Failure) 2020-09-29T18:10:11.837+0200: 86.144: [ParNew: 581937K->28735K(613440K), 0.0166344 secs] 598168K->44966K(2029056K), 0.0167084 secs] [Times: user=0.13 sys=0.00, real=0.02 secs] 
2020-09-29T18:10:11.904+0200: 86.212: [GC (Allocation Failure) 2020-09-29T18:10:11.904+0200: 86.212: [ParNew: 574079K->25517K(613440K), 0.0163110 secs] 590310K->41748K(2029056K), 0.0163772 secs] [Times: user=0.13 sys=0.00, real=0.02 secs] 
2020-09-29T18:10:11.977+0200: 86.285: [GC (Allocation Failure) 2020-09-29T18:10:11.977+0200: 86.285: [ParNew: 570861K->42786K(613440K), 0.0223207 secs] 587092K->59017K(2029056K), 0.0223890 secs] [Times: user=0.13 sys=0.00, real=0.02 secs] 
2020-09-29T18:10:12.045+0200: 86.353: [GC (Allocation Failure) 2020-09-29T18:10:12.045+0200: 86.353: [ParNew: 588130K->37635K(613440K), 0.0206997 secs] 604361K->53866K(2029056K), 0.0207771 secs] [Times: user=0.11 sys=0.00, real=0.02 secs] 
2020-09-29T18:10:12.119+0200: 86.426: [GC (Allocation Failure) 2020-09-29T18:10:12.119+0200: 86.427: [ParNew: 582979K->35776K(613440K), 0.0197492 secs] 599210K->52007K(2029056K), 0.0198127 secs] [Times: user=0.13 sys=0.00, real=0.02 secs] 
2020-09-29T18:10:12.189+0200: 86.496: [GC (Allocation Failure) 2020-09-29T18:10:12.189+0200: 86.496: [ParNew: 581120K->34520K(613440K), 0.0188551 secs] 597351K->50751K(2029056K), 0.0189184 secs] [Times: user=0.14 sys=0.00, real=0.02 secs] 
2020-09-29T18:10:12.255+0200: 86.563: [GC (Allocation Failure) 2020-09-29T18:10:12.255+0200: 86.563: [ParNew: 579864K->57389K(613440K), 0.0255692 secs] 596095K->73620K(2029056K), 0.0256445 secs] [Times: user=0.13 sys=0.00, real=0.03 secs] 
2020-09-29T18:10:12.327+0200: 86.634: [GC (Allocation Failure) 2020-09-29T18:10:12.327+0200: 86.634: [ParNew: 602733K->35716K(613440K), 0.0106449 secs] 618964K->51947K(2029056K), 0.0107124 secs] [Times: user=0.13 sys=0.00, real=0.01 secs] 
2020-09-29T18:10:12.406+0200: 86.714: [GC (Allocation Failure) 2020-09-29T18:10:12.406+0200: 86.714: [ParNew: 581060K->39441K(613440K), 0.0239030 secs] 597291K->55672K(2029056K), 0.0239692 secs] [Times: user=0.25 sys=0.00, real=0.02 secs] 
2020-09-29T18:10:12.482+0200: 86.789: [GC (Allocation Failure) 2020-09-29T18:10:12.482+0200: 86.789: [ParNew: 584785K->52301K(613440K), 0.0236993 secs] 601016K->68532K(2029056K), 0.0237727 secs] [Times: user=0.25 sys=0.00, real=0.02 secs] 
2020-09-29T18:10:12.555+0200: 86.863: [GC (Allocation Failure) 2020-09-29T18:10:12.555+0200: 86.863: [ParNew: 597645K->36532K(613440K), 0.0142495 secs] 613876K->52763K(2029056K), 0.0143283 secs] [Times: user=0.13 sys=0.00, real=0.01 secs] 
2020-09-29T18:10:12.641+0200: 86.948: [GC (Allocation Failure) 2020-09-29T18:10:12.641+0200: 86.948: [ParNew: 581876K->39995K(613440K), 0.0242240 secs] 598107K->56226K(2029056K), 0.0243024 secs] [Times: user=0.25 sys=0.00, real=0.02 secs] 
2020-09-29T18:10:12.732+0200: 87.040: [GC (Allocation Failure) 2020-09-29T18:10:12.732+0200: 87.040: [ParNew: 585339K->21549K(613440K), 0.0061650 secs] 601570K->37780K(2029056K), 0.0062287 secs] [Times: user=0.00 sys=0.00, real=0.01 secs] 
2020-09-29T18:10:12.802+0200: 87.109: [GC (Allocation Failure) 2020-09-29T18:10:12.802+0200: 87.109: [ParNew: 566893K->29095K(613440K), 0.0212827 secs] 583124K->45326K(2029056K), 0.0213493 secs] [Times: user=0.13 sys=0.00, real=0.02 secs] 
2020-09-29T18:10:12.879+0200: 87.187: [GC (Allocation Failure) 2020-09-29T18:10:12.879+0200: 87.187: [ParNew: 574439K->41698K(613440K), 0.0203782 secs] 590670K->57929K(2029056K), 0.0204554 secs] [Times: user=0.17 sys=0.00, real=0.02 secs] 
2020-09-29T18:10:12.965+0200: 87.273: [GC (Allocation Failure) 2020-09-29T18:10:12.965+0200: 87.273: [ParNew: 587042K->30167K(613440K), 0.0196391 secs] 603273K->46398K(2029056K), 0.0197056 secs] [Times: user=0.13 sys=0.00, real=0.02 secs] 
2020-09-29T18:10:13.046+0200: 87.354: [GC (Allocation Failure) 2020-09-29T18:10:13.046+0200: 87.354: [ParNew: 575511K->35958K(613440K), 0.0193197 secs] 591742K->52189K(2029056K), 0.0193901 secs] [Times: user=0.13 sys=0.00, real=0.02 secs] 
2020-09-29T18:10:13.116+0200: 87.423: [GC (Allocation Failure) 2020-09-29T18:10:13.116+0200: 87.423: [ParNew: 581302K->27464K(613440K), 0.0171324 secs] 597533K->43695K(2029056K), 0.0171991 secs] [Times: user=0.13 sys=0.00, real=0.02 secs] 
2020-09-29T18:10:13.182+0200: 87.490: [GC (Allocation Failure) 2020-09-29T18:10:13.182+0200: 87.490: [ParNew: 572808K->32967K(613440K), 0.0188193 secs] 589039K->49198K(2029056K), 0.0188880 secs] [Times: user=0.13 sys=0.00, real=0.02 secs] 
2020-09-29T18:10:13.257+0200: 87.565: [GC (Allocation Failure) 2020-09-29T18:10:13.257+0200: 87.565: [ParNew: 578311K->34697K(613440K), 0.0239239 secs] 594542K->50928K(2029056K), 0.0239968 secs] [Times: user=0.13 sys=0.00, real=0.02 secs] 
2020-09-29T18:10:13.328+0200: 87.635: [GC (Allocation Failure) 2020-09-29T18:10:13.328+0200: 87.635: [ParNew: 580041K->47773K(613440K), 0.0222995 secs] 596272K->64004K(2029056K), 0.0223809 secs] [Times: user=0.25 sys=0.00, real=0.02 secs] 
2020-09-29T18:10:13.397+0200: 87.705: [GC (Allocation Failure) 2020-09-29T18:10:13.397+0200: 87.705: [ParNew: 593117K->30446K(613440K), 0.0140834 secs] 609348K->46677K(2029056K), 0.0141523 secs] [Times: user=0.13 sys=0.00, real=0.01 secs] 
2020-09-29T18:10:13.477+0200: 87.785: [GC (Allocation Failure) 2020-09-29T18:10:13.477+0200: 87.785: [ParNew: 575790K->13088K(613440K), 0.0137599 secs] 592021K->29319K(2029056K), 0.0138309 secs] [Times: user=0.13 sys=0.00, real=0.01 secs] 
2020-09-29T18:10:13.546+0200: 87.854: [GC (Allocation Failure) 2020-09-29T18:10:13.546+0200: 87.854: [ParNew: 558432K->25859K(613440K), 0.0187183 secs] 574663K->42090K(2029056K), 0.0187913 secs] [Times: user=0.13 sys=0.00, real=0.02 secs] 
2020-09-29T18:10:13.624+0200: 87.932: [GC (Allocation Failure) 2020-09-29T18:10:13.624+0200: 87.932: [ParNew: 571203K->31498K(613440K), 0.0180588 secs] 587434K->47729K(2029056K), 0.0181278 secs] [Times: user=0.13 sys=0.00, real=0.02 secs] 
2020-09-29T18:10:13.696+0200: 88.004: [GC (Allocation Failure) 2020-09-29T18:10:13.696+0200: 88.004: [ParNew: 576842K->23251K(613440K), 0.0179445 secs] 593073K->39482K(2029056K), 0.0180175 secs] [Times: user=0.13 sys=0.00, real=0.02 secs] 
2020-09-29T18:10:13.759+0200: 88.067: [GC (Allocation Failure) 2020-09-29T18:10:13.759+0200: 88.067: [ParNew: 568082K->21452K(613440K), 0.0148867 secs] 584313K->37683K(2029056K), 0.0149678 secs] [Times: user=0.13 sys=0.00, real=0.01 secs] 
2020-09-29T18:10:13.835+0200: 88.143: [GC (Allocation Failure) 2020-09-29T18:10:13.835+0200: 88.143: [ParNew: 566796K->31825K(613440K), 0.0210373 secs] 583027K->48056K(2029056K), 0.0211057 secs] [Times: user=0.13 sys=0.00, real=0.02 secs] 
2020-09-29T18:10:13.903+0200: 88.211: [GC (Allocation Failure) 2020-09-29T18:10:13.903+0200: 88.211: [ParNew: 577169K->40429K(613440K), 0.0200728 secs] 593400K->56661K(2029056K), 0.0201434 secs] [Times: user=0.13 sys=0.00, real=0.02 secs] 
2020-09-29T18:10:13.979+0200: 88.287: [GC (Allocation Failure) 2020-09-29T18:10:13.979+0200: 88.287: [ParNew: 585773K->27999K(613440K), 0.0195094 secs] 602005K->44230K(2029056K), 0.0195790 secs] [Times: user=0.13 sys=0.00, real=0.02 secs] 
2020-09-29T18:10:14.058+0200: 88.366: [GC (Allocation Failure) 2020-09-29T18:10:14.058+0200: 88.366: [ParNew: 573343K->24632K(613440K), 0.0197487 secs] 589574K->40863K(2029056K), 0.0198227 secs] [Times: user=0.13 sys=0.00, real=0.02 secs] 
2020-09-29T18:10:14.127+0200: 88.435: [GC (Allocation Failure) 2020-09-29T18:10:14.127+0200: 88.435: [ParNew: 569976K->21144K(613440K), 0.0093439 secs] 586207K->37375K(2029056K), 0.0094186 secs] [Times: user=0.11 sys=0.00, real=0.01 secs] 
2020-09-29T18:10:14.208+0200: 88.516: [GC (Allocation Failure) 2020-09-29T18:10:14.208+0200: 88.516: [ParNew: 566488K->35004K(613440K), 0.0241497 secs] 582719K->51235K(2029056K), 0.0242362 secs] [Times: user=0.13 sys=0.00, real=0.02 secs] 
2020-09-29T18:10:14.278+0200: 88.586: [GC (Allocation Failure) 2020-09-29T18:10:14.278+0200: 88.586: [ParNew: 580258K->25522K(613440K), 0.0145619 secs] 596489K->41753K(2029056K), 0.0146329 secs] [Times: user=0.13 sys=0.00, real=0.01 secs] 
2020-09-29T18:10:14.338+0200: 88.646: [GC (Allocation Failure) 2020-09-29T18:10:14.338+0200: 88.646: [ParNew: 570866K->13798K(613440K), 0.0129789 secs] 587097K->30029K(2029056K), 0.0130523 secs] [Times: user=0.13 sys=0.00, real=0.01 secs] 
2020-09-29T18:10:14.409+0200: 88.717: [GC (Allocation Failure) 2020-09-29T18:10:14.409+0200: 88.717: [ParNew: 559142K->12375K(613440K), 0.0102929 secs] 575373K->28607K(2029056K), 0.0103589 secs] [Times: user=0.11 sys=0.00, real=0.01 secs] 
2020-09-29T18:10:14.491+0200: 88.800: [GC (Allocation Failure) 2020-09-29T18:10:14.491+0200: 88.800: [ParNew: 557719K->10092K(613440K), 0.0093023 secs] 573951K->26324K(2029056K), 0.0093721 secs] [Times: user=0.00 sys=0.00, real=0.01 secs] 
2020-09-29T18:10:14.573+0200: 88.881: [GC (Allocation Failure) 2020-09-29T18:10:14.573+0200: 88.881: [ParNew: 555436K->7791K(613440K), 0.0079397 secs] 571668K->24022K(2029056K), 0.0080174 secs] [Times: user=0.00 sys=0.00, real=0.01 secs] 
2020-09-29T18:10:14.657+0200: 88.965: [GC (Allocation Failure) 2020-09-29T18:10:14.657+0200: 88.965: [ParNew: 551281K->3934K(613440K), 0.0066701 secs] 567512K->20165K(2029056K), 0.0067381 secs] [Times: user=0.13 sys=0.00, real=0.01 secs] 
2020-09-29T18:10:14.738+0200: 89.046: [GC (Allocation Failure) 2020-09-29T18:10:14.738+0200: 89.046: [ParNew: 549278K->13584K(613440K), 0.0148577 secs] 565509K->29815K(2029056K), 0.0149405 secs] [Times: user=0.13 sys=0.00, real=0.02 secs] 
2020-09-29T18:10:14.818+0200: 89.126: [GC (Allocation Failure) 2020-09-29T18:10:14.818+0200: 89.126: [ParNew: 558928K->10524K(613440K), 0.0097655 secs] 575159K->26755K(2029056K), 0.0098341 secs] [Times: user=0.00 sys=0.00, real=0.01 secs] 
2020-09-29T18:10:14.945+0200: 89.253: [GC (Allocation Failure) 2020-09-29T18:10:14.945+0200: 89.253: [ParNew: 555868K->5785K(613440K), 0.0082893 secs] 572099K->22016K(2029056K), 0.0083598 secs] [Times: user=0.00 sys=0.00, real=0.01 secs] 
2020-09-29T18:10:15.070+0200: 89.378: [GC (Allocation Failure) 2020-09-29T18:10:15.070+0200: 89.378: [ParNew: 551129K->5074K(613440K), 0.0071282 secs] 567360K->21305K(2029056K), 0.0071958 secs] [Times: user=0.00 sys=0.00, real=0.01 secs] 
2020-09-29T18:10:15.194+0200: 89.502: [GC (Allocation Failure) 2020-09-29T18:10:15.194+0200: 89.502: [ParNew: 549625K->157K(613440K), 0.0020785 secs] 565856K->16388K(2029056K), 0.0021525 secs] [Times: user=0.00 sys=0.00, real=0.00 secs] 
2020-09-29T18:10:15.313+0200: 89.621: [GC (Allocation Failure) 2020-09-29T18:10:15.313+0200: 89.621: [ParNew: 545501K->12315K(613440K), 0.0139649 secs] 561732K->28546K(2029056K), 0.0140389 secs] [Times: user=0.13 sys=0.00, real=0.01 secs] 
2020-09-29T18:10:15.444+0200: 89.752: [GC (Allocation Failure) 2020-09-29T18:10:15.444+0200: 89.752: [ParNew: 557659K->17386K(613440K), 0.0130469 secs] 573890K->33618K(2029056K), 0.0131141 secs] [Times: user=0.00 sys=0.02, real=0.01 secs] 
2020-09-29T18:10:15.575+0200: 89.882: [GC (Allocation Failure) 2020-09-29T18:10:15.575+0200: 89.882: [ParNew: 562730K->12299K(613440K), 0.0116285 secs] 578962K->28530K(2029056K), 0.0117231 secs] [Times: user=0.13 sys=0.00, real=0.01 secs] 
Heap
 par new generation   total 613440K, used 119446K [0x0000000080000000, 0x00000000a9990000, 0x00000000a9990000)
  eden space 545344K,  19% used [0x0000000080000000, 0x00000000868a2db8, 0x00000000a1490000)
  from space 68096K,  18% used [0x00000000a5710000, 0x00000000a6312d10, 0x00000000a9990000)
  to   space 68096K,   0% used [0x00000000a1490000, 0x00000000a1490000, 0x00000000a5710000)
 concurrent mark-sweep generation total 1415616K, used 16231K [0x00000000a9990000, 0x0000000100000000, 0x0000000100000000)
 Metaspace       used 2594K, capacity 4486K, committed 4864K, reserved 1056768K
  class space    used 285K, capacity 386K, committed 512K, reserved 1048576K
