Java HotSpot(TM) 64-Bit Server VM (25.261-b12) for windows-amd64 JRE (1.8.0_261-b12), built on Jun 18 2020 06:56:32 by "" with unknown MS VC++:1916
Memory: 4k page, physical 16659684k(9496680k free), swap 23213284k(9144628k free)
CommandLine flags: -XX:InitialHeapSize=2147483648 -XX:MaxHeapSize=2147483648 -XX:MaxNewSize=697933824 -XX:MaxTenuringThreshold=6 -XX:NewSize=697933824 -XX:OldPLABSize=16 -XX:OldSize=1395867648 -XX:+PrintGC -XX:+PrintGCDateStamps -XX:+PrintGCDetails -XX:+PrintGCTimeStamps -XX:+UseCompressedClassPointers -XX:+UseCompressedOops -XX:+UseConcMarkSweepGC -XX:-UseLargePagesIndividualAllocation -XX:+UseParNewGC 
2020-09-29T18:11:46.739+0200: 0.296: [GC (Allocation Failure) 2020-09-29T18:11:46.739+0200: 0.296: [ParNew: 545344K->30492K(613440K), 0.0484966 secs] 545344K->30492K(2029056K), 0.0487886 secs] [Times: user=0.36 sys=0.02, real=0.05 secs] 
2020-09-29T18:11:46.843+0200: 0.400: [GC (Allocation Failure) 2020-09-29T18:11:46.843+0200: 0.400: [ParNew: 575836K->33742K(613440K), 0.0191614 secs] 575836K->33742K(2029056K), 0.0192268 secs] [Times: user=0.13 sys=0.00, real=0.02 secs] 
2020-09-29T18:11:46.910+0200: 0.467: [GC (Allocation Failure) 2020-09-29T18:11:46.910+0200: 0.467: [ParNew: 579086K->39606K(613440K), 0.0136623 secs] 579086K->39606K(2029056K), 0.0137434 secs] [Times: user=0.13 sys=0.00, real=0.01 secs] 
2020-09-29T18:11:46.971+0200: 0.529: [GC (Allocation Failure) 2020-09-29T18:11:46.971+0200: 0.529: [ParNew: 584950K->51525K(613440K), 0.0187926 secs] 584950K->51525K(2029056K), 0.0188510 secs] [Times: user=0.25 sys=0.00, real=0.02 secs] 
2020-09-29T18:11:47.037+0200: 0.594: [GC (Allocation Failure) 2020-09-29T18:11:47.037+0200: 0.594: [ParNew: 596869K->40563K(613440K), 0.0136670 secs] 596869K->40956K(2029056K), 0.0137609 secs] [Times: user=0.02 sys=0.00, real=0.01 secs] 
2020-09-29T18:11:47.107+0200: 0.664: [GC (Allocation Failure) 2020-09-29T18:11:47.107+0200: 0.664: [ParNew: 585907K->38089K(613440K), 0.0157433 secs] 586300K->38482K(2029056K), 0.0158033 secs] [Times: user=0.13 sys=0.00, real=0.02 secs] 
2020-09-29T18:11:47.174+0200: 0.731: [GC (Allocation Failure) 2020-09-29T18:11:47.174+0200: 0.731: [ParNew: 583433K->49813K(613440K), 0.0215953 secs] 583826K->50205K(2029056K), 0.0216810 secs] [Times: user=0.25 sys=0.00, real=0.02 secs] 
2020-09-29T18:11:47.243+0200: 0.800: [GC (Allocation Failure) 2020-09-29T18:11:47.243+0200: 0.800: [ParNew: 595157K->49074K(613440K), 0.0203805 secs] 595549K->49466K(2029056K), 0.0204386 secs] [Times: user=0.13 sys=0.00, real=0.02 secs] 
2020-09-29T18:11:47.313+0200: 0.870: [GC (Allocation Failure) 2020-09-29T18:11:47.313+0200: 0.870: [ParNew: 593897K->37368K(613440K), 0.0137695 secs] 594290K->37761K(2029056K), 0.0138272 secs] [Times: user=0.13 sys=0.00, real=0.01 secs] 
2020-09-29T18:11:47.378+0200: 0.935: [GC (Allocation Failure) 2020-09-29T18:11:47.378+0200: 0.935: [ParNew: 582712K->55952K(613440K), 0.0181211 secs] 583105K->56344K(2029056K), 0.0182073 secs] [Times: user=0.25 sys=0.00, real=0.02 secs] 
2020-09-29T18:11:47.443+0200: 1.001: [GC (Allocation Failure) 2020-09-29T18:11:47.443+0200: 1.001: [ParNew: 601296K->39193K(613440K), 0.0163861 secs] 601688K->39585K(2029056K), 0.0164619 secs] [Times: user=0.13 sys=0.00, real=0.02 secs] 
2020-09-29T18:11:47.514+0200: 1.071: [GC (Allocation Failure) 2020-09-29T18:11:47.514+0200: 1.071: [ParNew: 584537K->40480K(613440K), 0.0165819 secs] 584929K->40872K(2029056K), 0.0166360 secs] [Times: user=0.13 sys=0.00, real=0.02 secs] 
2020-09-29T18:11:47.579+0200: 1.137: [GC (Allocation Failure) 2020-09-29T18:11:47.579+0200: 1.137: [ParNew: 585824K->33804K(613440K), 0.0167712 secs] 586216K->34196K(2029056K), 0.0168560 secs] [Times: user=0.11 sys=0.00, real=0.02 secs] 
2020-09-29T18:11:47.645+0200: 1.203: [GC (Allocation Failure) 2020-09-29T18:11:47.646+0200: 1.203: [ParNew: 579148K->33460K(613440K), 0.0151658 secs] 579540K->33852K(2029056K), 0.0152300 secs] [Times: user=0.13 sys=0.00, real=0.02 secs] 
2020-09-29T18:11:47.711+0200: 1.268: [GC (Allocation Failure) 2020-09-29T18:11:47.711+0200: 1.268: [ParNew: 578804K->62857K(613440K), 0.0255110 secs] 579196K->63249K(2029056K), 0.0256375 secs] [Times: user=0.13 sys=0.00, real=0.03 secs] 
2020-09-29T18:11:47.783+0200: 1.341: [GC (Allocation Failure) 2020-09-29T18:11:47.783+0200: 1.341: [ParNew: 608201K->50825K(613440K), 0.0188255 secs] 608593K->51218K(2029056K), 0.0188860 secs] [Times: user=0.25 sys=0.00, real=0.02 secs] 
2020-09-29T18:11:47.848+0200: 1.406: [GC (Allocation Failure) 2020-09-29T18:11:47.848+0200: 1.406: [ParNew: 596169K->44083K(613440K), 0.0172222 secs] 596562K->44475K(2029056K), 0.0172887 secs] [Times: user=0.13 sys=0.00, real=0.02 secs] 
2020-09-29T18:11:47.916+0200: 1.473: [GC (Allocation Failure) 2020-09-29T18:11:47.916+0200: 1.473: [ParNew: 589427K->39128K(613440K), 0.0169367 secs] 589819K->39520K(2029056K), 0.0169949 secs] [Times: user=0.13 sys=0.00, real=0.02 secs] 
2020-09-29T18:11:47.982+0200: 1.539: [GC (Allocation Failure) 2020-09-29T18:11:47.982+0200: 1.539: [ParNew: 584472K->63330K(613440K), 0.0212795 secs] 584864K->63722K(2029056K), 0.0213629 secs] [Times: user=0.13 sys=0.00, real=0.02 secs] 
2020-09-29T18:11:48.052+0200: 1.610: [GC (Allocation Failure) 2020-09-29T18:11:48.052+0200: 1.610: [ParNew: 608674K->46908K(613440K), 0.0197215 secs] 609066K->47301K(2029056K), 0.0197958 secs] [Times: user=0.13 sys=0.00, real=0.02 secs] 
2020-09-29T18:11:48.119+0200: 1.676: [GC (Allocation Failure) 2020-09-29T18:11:48.119+0200: 1.676: [ParNew: 592252K->41206K(613440K), 0.0142027 secs] 592645K->41598K(2029056K), 0.0142594 secs] [Times: user=0.13 sys=0.00, real=0.01 secs] 
2020-09-29T18:11:48.184+0200: 1.741: [GC (Allocation Failure) 2020-09-29T18:11:48.184+0200: 1.741: [ParNew: 586550K->42580K(613440K), 0.0180962 secs] 586942K->42972K(2029056K), 0.0181576 secs] [Times: user=0.13 sys=0.00, real=0.02 secs] 
2020-09-29T18:11:48.253+0200: 1.810: [GC (Allocation Failure) 2020-09-29T18:11:48.253+0200: 1.810: [ParNew: 587924K->47989K(613440K), 0.0181278 secs] 588316K->48381K(2029056K), 0.0181834 secs] [Times: user=0.25 sys=0.00, real=0.02 secs] 
2020-09-29T18:11:48.320+0200: 1.878: [GC (Allocation Failure) 2020-09-29T18:11:48.320+0200: 1.878: [ParNew: 593333K->40752K(613440K), 0.0168238 secs] 593725K->41144K(2029056K), 0.0168958 secs] [Times: user=0.13 sys=0.00, real=0.02 secs] 
2020-09-29T18:11:48.384+0200: 1.942: [GC (Allocation Failure) 2020-09-29T18:11:48.384+0200: 1.942: [ParNew: 586096K->29492K(613440K), 0.0084340 secs] 586488K->29884K(2029056K), 0.0084912 secs] [Times: user=0.00 sys=0.00, real=0.01 secs] 
2020-09-29T18:11:48.443+0200: 2.000: [GC (Allocation Failure) 2020-09-29T18:11:48.443+0200: 2.000: [ParNew: 574836K->43000K(613440K), 0.0190912 secs] 575228K->43392K(2029056K), 0.0191474 secs] [Times: user=0.13 sys=0.00, real=0.02 secs] 
2020-09-29T18:11:48.514+0200: 2.071: [GC (Allocation Failure) 2020-09-29T18:11:48.514+0200: 2.071: [ParNew: 588344K->30570K(613440K), 0.0127781 secs] 588736K->30962K(2029056K), 0.0128419 secs] [Times: user=0.13 sys=0.00, real=0.01 secs] 
2020-09-29T18:11:48.573+0200: 2.131: [GC (Allocation Failure) 2020-09-29T18:11:48.573+0200: 2.131: [ParNew: 575914K->54362K(613440K), 0.0214641 secs] 576306K->54755K(2029056K), 0.0215317 secs] [Times: user=0.11 sys=0.00, real=0.02 secs] 
2020-09-29T18:11:48.646+0200: 2.204: [GC (Allocation Failure) 2020-09-29T18:11:48.646+0200: 2.204: [ParNew: 599706K->63640K(613440K), 0.0215607 secs] 600099K->64033K(2029056K), 0.0216404 secs] [Times: user=0.13 sys=0.00, real=0.02 secs] 
2020-09-29T18:11:48.715+0200: 2.272: [GC (Allocation Failure) 2020-09-29T18:11:48.715+0200: 2.272: [ParNew: 608984K->54668K(613440K), 0.0202879 secs] 609377K->55061K(2029056K), 0.0203610 secs] [Times: user=0.13 sys=0.00, real=0.02 secs] 
2020-09-29T18:11:48.784+0200: 2.341: [GC (Allocation Failure) 2020-09-29T18:11:48.784+0200: 2.341: [ParNew: 600012K->41413K(613440K), 0.0128858 secs] 600405K->41805K(2029056K), 0.0129429 secs] [Times: user=0.13 sys=0.00, real=0.01 secs] 
2020-09-29T18:11:48.849+0200: 2.407: [GC (Allocation Failure) 2020-09-29T18:11:48.849+0200: 2.407: [ParNew: 586757K->45198K(613440K), 0.0198512 secs] 587149K->45591K(2029056K), 0.0199543 secs] [Times: user=0.13 sys=0.00, real=0.02 secs] 
2020-09-29T18:11:48.920+0200: 2.477: [GC (Allocation Failure) 2020-09-29T18:11:48.920+0200: 2.477: [ParNew: 590542K->46344K(613440K), 0.0188053 secs] 590935K->46736K(2029056K), 0.0188813 secs] [Times: user=0.13 sys=0.00, real=0.02 secs] 
2020-09-29T18:11:48.993+0200: 2.550: [GC (Allocation Failure) 2020-09-29T18:11:48.993+0200: 2.550: [ParNew: 591688K->42922K(613440K), 0.0159795 secs] 592080K->43315K(2029056K), 0.0160705 secs] [Times: user=0.13 sys=0.00, real=0.02 secs] 
2020-09-29T18:11:49.058+0200: 2.616: [GC (Allocation Failure) 2020-09-29T18:11:49.058+0200: 2.616: [ParNew: 588266K->40055K(613440K), 0.0148452 secs] 588659K->40447K(2029056K), 0.0149147 secs] [Times: user=0.13 sys=0.00, real=0.01 secs] 
2020-09-29T18:11:49.125+0200: 2.682: [GC (Allocation Failure) 2020-09-29T18:11:49.125+0200: 2.682: [ParNew: 585399K->31475K(613440K), 0.0152651 secs] 585791K->31867K(2029056K), 0.0153209 secs] [Times: user=0.13 sys=0.00, real=0.02 secs] 
2020-09-29T18:11:49.191+0200: 2.748: [GC (Allocation Failure) 2020-09-29T18:11:49.191+0200: 2.748: [ParNew: 576819K->55080K(613440K), 0.0196532 secs] 577211K->55472K(2029056K), 0.0197095 secs] [Times: user=0.25 sys=0.00, real=0.02 secs] 
2020-09-29T18:11:49.260+0200: 2.817: [GC (Allocation Failure) 2020-09-29T18:11:49.260+0200: 2.817: [ParNew: 600424K->41137K(613440K), 0.0127922 secs] 600816K->41529K(2029056K), 0.0128470 secs] [Times: user=0.13 sys=0.00, real=0.01 secs] 
2020-09-29T18:11:49.325+0200: 2.883: [GC (Allocation Failure) 2020-09-29T18:11:49.325+0200: 2.883: [ParNew: 586481K->53835K(613440K), 0.0222059 secs] 586873K->54227K(2029056K), 0.0222635 secs] [Times: user=0.13 sys=0.02, real=0.02 secs] 
2020-09-29T18:11:49.397+0200: 2.954: [GC (Allocation Failure) 2020-09-29T18:11:49.397+0200: 2.954: [ParNew: 599179K->68096K(613440K), 0.0227453 secs] 599571K->68725K(2029056K), 0.0228018 secs] [Times: user=0.13 sys=0.00, real=0.02 secs] 
2020-09-29T18:11:49.467+0200: 3.024: [GC (Allocation Failure) 2020-09-29T18:11:49.467+0200: 3.024: [ParNew: 613440K->51329K(613440K), 0.0213168 secs] 614069K->51959K(2029056K), 0.0213703 secs] [Times: user=0.13 sys=0.00, real=0.02 secs] 
2020-09-29T18:11:49.538+0200: 3.095: [GC (Allocation Failure) 2020-09-29T18:11:49.538+0200: 3.095: [ParNew: 596673K->50619K(613440K), 0.0170413 secs] 597303K->51248K(2029056K), 0.0171027 secs] [Times: user=0.13 sys=0.00, real=0.02 secs] 
2020-09-29T18:11:49.604+0200: 3.161: [GC (Allocation Failure) 2020-09-29T18:11:49.604+0200: 3.161: [ParNew: 595963K->34294K(613440K), 0.0153871 secs] 596592K->34923K(2029056K), 0.0154445 secs] [Times: user=0.13 sys=0.00, real=0.02 secs] 
2020-09-29T18:11:49.670+0200: 3.227: [GC (Allocation Failure) 2020-09-29T18:11:49.670+0200: 3.227: [ParNew: 579638K->55165K(613440K), 0.0187991 secs] 580267K->55795K(2029056K), 0.0188577 secs] [Times: user=0.13 sys=0.00, real=0.02 secs] 
2020-09-29T18:11:49.738+0200: 3.294: [GC (Allocation Failure) 2020-09-29T18:11:49.738+0200: 3.294: [ParNew: 600509K->39135K(613440K), 0.0133038 secs] 601139K->39764K(2029056K), 0.0133633 secs] [Times: user=0.13 sys=0.00, real=0.01 secs] 
2020-09-29T18:11:49.812+0200: 3.369: [GC (Allocation Failure) 2020-09-29T18:11:49.812+0200: 3.369: [ParNew: 584479K->38172K(613440K), 0.0179558 secs] 585108K->38801K(2029056K), 0.0180175 secs] [Times: user=0.13 sys=0.00, real=0.02 secs] 
2020-09-29T18:11:49.878+0200: 3.435: [GC (Allocation Failure) 2020-09-29T18:11:49.878+0200: 3.435: [ParNew: 583516K->59558K(613440K), 0.0226006 secs] 584145K->60188K(2029056K), 0.0226583 secs] [Times: user=0.23 sys=0.00, real=0.02 secs] 
2020-09-29T18:11:49.948+0200: 3.505: [GC (Allocation Failure) 2020-09-29T18:11:49.948+0200: 3.505: [ParNew: 604902K->68096K(613440K), 0.0215394 secs] 605532K->68725K(2029056K), 0.0215937 secs] [Times: user=0.13 sys=0.00, real=0.02 secs] 
2020-09-29T18:11:50.018+0200: 3.575: [GC (Allocation Failure) 2020-09-29T18:11:50.018+0200: 3.575: [ParNew: 612658K->41082K(613440K), 0.0090545 secs] 613288K->41712K(2029056K), 0.0091142 secs] [Times: user=0.13 sys=0.00, real=0.01 secs] 
2020-09-29T18:11:50.074+0200: 3.631: [GC (Allocation Failure) 2020-09-29T18:11:50.074+0200: 3.631: [ParNew: 586426K->60227K(613440K), 0.0243510 secs] 587056K->60857K(2029056K), 0.0244066 secs] [Times: user=0.23 sys=0.02, real=0.02 secs] 
2020-09-29T18:11:50.145+0200: 3.702: [GC (Allocation Failure) 2020-09-29T18:11:50.145+0200: 3.702: [ParNew: 605571K->50089K(613440K), 0.0178798 secs] 606201K->50719K(2029056K), 0.0179344 secs] [Times: user=0.13 sys=0.00, real=0.02 secs] 
2020-09-29T18:11:50.210+0200: 3.767: [GC (Allocation Failure) 2020-09-29T18:11:50.210+0200: 3.767: [ParNew: 595433K->42364K(613440K), 0.0168423 secs] 596063K->42994K(2029056K), 0.0169081 secs] [Times: user=0.13 sys=0.00, real=0.02 secs] 
2020-09-29T18:11:50.280+0200: 3.837: [GC (Allocation Failure) 2020-09-29T18:11:50.280+0200: 3.837: [ParNew: 587708K->37153K(613440K), 0.0177933 secs] 588338K->37782K(2029056K), 0.0178659 secs] [Times: user=0.13 sys=0.00, real=0.02 secs] 
2020-09-29T18:11:50.346+0200: 3.903: [GC (Allocation Failure) 2020-09-29T18:11:50.346+0200: 3.903: [ParNew: 582497K->40646K(613440K), 0.0159510 secs] 583126K->41275K(2029056K), 0.0160070 secs] [Times: user=0.13 sys=0.00, real=0.02 secs] 
2020-09-29T18:11:50.415+0200: 3.972: [GC (Allocation Failure) 2020-09-29T18:11:50.415+0200: 3.972: [ParNew: 585990K->63086K(613440K), 0.0217339 secs] 586619K->63716K(2029056K), 0.0217905 secs] [Times: user=0.13 sys=0.00, real=0.02 secs] 
2020-09-29T18:11:50.484+0200: 4.041: [GC (Allocation Failure) 2020-09-29T18:11:50.484+0200: 4.041: [ParNew: 608430K->44575K(613440K), 0.0154705 secs] 609060K->45205K(2029056K), 0.0155458 secs] [Times: user=0.13 sys=0.00, real=0.02 secs] 
2020-09-29T18:11:50.547+0200: 4.104: [GC (Allocation Failure) 2020-09-29T18:11:50.547+0200: 4.104: [ParNew: 589919K->31551K(613440K), 0.0132196 secs] 590549K->32181K(2029056K), 0.0132766 secs] [Times: user=0.13 sys=0.00, real=0.01 secs] 
2020-09-29T18:11:50.609+0200: 4.166: [GC (Allocation Failure) 2020-09-29T18:11:50.609+0200: 4.166: [ParNew: 576895K->47276K(613440K), 0.0181633 secs] 577525K->47906K(2029056K), 0.0182458 secs] [Times: user=0.13 sys=0.00, real=0.02 secs] 
2020-09-29T18:11:50.678+0200: 4.235: [GC (Allocation Failure) 2020-09-29T18:11:50.678+0200: 4.235: [ParNew: 592620K->64184K(613440K), 0.0224916 secs] 593250K->64814K(2029056K), 0.0225432 secs] [Times: user=0.13 sys=0.00, real=0.02 secs] 
2020-09-29T18:11:50.750+0200: 4.307: [GC (Allocation Failure) 2020-09-29T18:11:50.750+0200: 4.307: [ParNew: 609528K->66988K(613440K), 0.0218729 secs] 610158K->67617K(2029056K), 0.0219524 secs] [Times: user=0.25 sys=0.00, real=0.02 secs] 
2020-09-29T18:11:50.819+0200: 4.376: [GC (Allocation Failure) 2020-09-29T18:11:50.819+0200: 4.376: [ParNew: 612332K->51610K(613440K), 0.0166983 secs] 612961K->52239K(2029056K), 0.0167575 secs] [Times: user=0.13 sys=0.00, real=0.02 secs] 
2020-09-29T18:11:50.885+0200: 4.442: [GC (Allocation Failure) 2020-09-29T18:11:50.885+0200: 4.442: [ParNew: 596954K->50502K(613440K), 0.0211123 secs] 597583K->51131K(2029056K), 0.0211749 secs] [Times: user=0.13 sys=0.00, real=0.02 secs] 
2020-09-29T18:11:50.952+0200: 4.509: [GC (Allocation Failure) 2020-09-29T18:11:50.952+0200: 4.509: [ParNew: 595846K->44503K(613440K), 0.0146930 secs] 596475K->45132K(2029056K), 0.0147642 secs] [Times: user=0.13 sys=0.00, real=0.02 secs] 
2020-09-29T18:11:51.018+0200: 4.575: [GC (Allocation Failure) 2020-09-29T18:11:51.018+0200: 4.575: [ParNew: 589847K->39875K(613440K), 0.0140241 secs] 590476K->40504K(2029056K), 0.0140783 secs] [Times: user=0.13 sys=0.00, real=0.01 secs] 
2020-09-29T18:11:51.088+0200: 4.645: [GC (Allocation Failure) 2020-09-29T18:11:51.088+0200: 4.645: [ParNew: 585219K->56701K(613440K), 0.0237062 secs] 585848K->57330K(2029056K), 0.0237745 secs] [Times: user=0.13 sys=0.00, real=0.02 secs] 
2020-09-29T18:11:51.159+0200: 4.716: [GC (Allocation Failure) 2020-09-29T18:11:51.159+0200: 4.716: [ParNew: 602045K->40180K(613440K), 0.0122573 secs] 602674K->40810K(2029056K), 0.0123293 secs] [Times: user=0.13 sys=0.00, real=0.01 secs] 
2020-09-29T18:11:51.222+0200: 4.779: [GC (Allocation Failure) 2020-09-29T18:11:51.222+0200: 4.779: [ParNew: 585524K->39348K(613440K), 0.0170789 secs] 586154K->39977K(2029056K), 0.0171585 secs] [Times: user=0.25 sys=0.00, real=0.02 secs] 
2020-09-29T18:11:51.288+0200: 4.845: [GC (Allocation Failure) 2020-09-29T18:11:51.288+0200: 4.845: [ParNew: 584692K->52394K(613440K), 0.0168734 secs] 585321K->53024K(2029056K), 0.0169430 secs] [Times: user=0.13 sys=0.00, real=0.02 secs] 
2020-09-29T18:11:51.353+0200: 4.910: [GC (Allocation Failure) 2020-09-29T18:11:51.353+0200: 4.910: [ParNew: 597738K->35908K(613440K), 0.0155648 secs] 598368K->36537K(2029056K), 0.0156264 secs] [Times: user=0.13 sys=0.00, real=0.02 secs] 
2020-09-29T18:11:51.416+0200: 4.973: [GC (Allocation Failure) 2020-09-29T18:11:51.416+0200: 4.973: [ParNew: 581252K->51138K(613440K), 0.0186256 secs] 581881K->51768K(2029056K), 0.0186975 secs] [Times: user=0.13 sys=0.00, real=0.02 secs] 
2020-09-29T18:11:51.484+0200: 5.041: [GC (Allocation Failure) 2020-09-29T18:11:51.484+0200: 5.041: [ParNew: 596482K->42497K(613440K), 0.0184215 secs] 597112K->43126K(2029056K), 0.0184978 secs] [Times: user=0.13 sys=0.00, real=0.02 secs] 
2020-09-29T18:11:51.554+0200: 5.111: [GC (Allocation Failure) 2020-09-29T18:11:51.554+0200: 5.111: [ParNew: 587841K->35343K(613440K), 0.0117330 secs] 588470K->35973K(2029056K), 0.0118085 secs] [Times: user=0.00 sys=0.00, real=0.01 secs] 
2020-09-29T18:11:51.621+0200: 5.178: [GC (Allocation Failure) 2020-09-29T18:11:51.621+0200: 5.178: [ParNew: 580687K->35966K(613440K), 0.0175111 secs] 581317K->36595K(2029056K), 0.0175922 secs] [Times: user=0.13 sys=0.00, real=0.02 secs] 
2020-09-29T18:11:51.687+0200: 5.244: [GC (Allocation Failure) 2020-09-29T18:11:51.687+0200: 5.244: [ParNew: 581310K->45046K(613440K), 0.0159515 secs] 581939K->45676K(2029056K), 0.0160102 secs] [Times: user=0.13 sys=0.00, real=0.02 secs] 
2020-09-29T18:11:51.751+0200: 5.308: [GC (Allocation Failure) 2020-09-29T18:11:51.751+0200: 5.308: [ParNew: 590390K->31492K(613440K), 0.0161892 secs] 591020K->32121K(2029056K), 0.0162480 secs] [Times: user=0.13 sys=0.00, real=0.02 secs] 
2020-09-29T18:11:51.814+0200: 5.371: [GC (Allocation Failure) 2020-09-29T18:11:51.814+0200: 5.371: [ParNew: 576836K->33736K(613440K), 0.0134562 secs] 577465K->34366K(2029056K), 0.0135164 secs] [Times: user=0.13 sys=0.00, real=0.01 secs] 
2020-09-29T18:11:51.880+0200: 5.437: [GC (Allocation Failure) 2020-09-29T18:11:51.880+0200: 5.437: [ParNew: 579080K->27376K(613440K), 0.0127756 secs] 579710K->28005K(2029056K), 0.0128356 secs] [Times: user=0.00 sys=0.00, real=0.01 secs] 
2020-09-29T18:11:51.942+0200: 5.500: [GC (Allocation Failure) 2020-09-29T18:11:51.942+0200: 5.500: [ParNew: 572720K->44241K(613440K), 0.0183267 secs] 573349K->44870K(2029056K), 0.0183985 secs] [Times: user=0.13 sys=0.00, real=0.02 secs] 
2020-09-29T18:11:52.010+0200: 5.567: [GC (Allocation Failure) 2020-09-29T18:11:52.010+0200: 5.567: [ParNew: 589585K->61021K(613440K), 0.0214267 secs] 590214K->61650K(2029056K), 0.0215024 secs] [Times: user=0.13 sys=0.00, real=0.02 secs] 
2020-09-29T18:11:52.078+0200: 5.635: [GC (Allocation Failure) 2020-09-29T18:11:52.078+0200: 5.635: [ParNew: 606365K->57746K(613440K), 0.0208013 secs] 606994K->58376K(2029056K), 0.0208575 secs] [Times: user=0.25 sys=0.00, real=0.02 secs] 
2020-09-29T18:11:52.147+0200: 5.704: [GC (Allocation Failure) 2020-09-29T18:11:52.147+0200: 5.704: [ParNew: 603090K->52473K(613440K), 0.0190764 secs] 603720K->53103K(2029056K), 0.0264722 secs] [Times: user=0.13 sys=0.00, real=0.03 secs] 
2020-09-29T18:11:52.235+0200: 5.793: [GC (Allocation Failure) 2020-09-29T18:11:52.235+0200: 5.793: [ParNew: 597817K->44625K(613440K), 0.0199657 secs] 598447K->45254K(2029056K), 0.0200220 secs] [Times: user=0.25 sys=0.00, real=0.02 secs] 
2020-09-29T18:11:52.303+0200: 5.861: [GC (Allocation Failure) 2020-09-29T18:11:52.303+0200: 5.861: [ParNew: 589969K->41981K(613440K), 0.0133810 secs] 590598K->42611K(2029056K), 0.0134730 secs] [Times: user=0.00 sys=0.03, real=0.01 secs] 
2020-09-29T18:11:52.368+0200: 5.926: [GC (Allocation Failure) 2020-09-29T18:11:52.368+0200: 5.926: [ParNew: 587325K->23740K(613440K), 0.0118902 secs] 587955K->24369K(2029056K), 0.0119999 secs] [Times: user=0.13 sys=0.00, real=0.01 secs] 
2020-09-29T18:11:52.432+0200: 5.990: [GC (Allocation Failure) 2020-09-29T18:11:52.432+0200: 5.990: [ParNew: 569084K->41983K(613440K), 0.0167451 secs] 569713K->42612K(2029056K), 0.0168018 secs] [Times: user=0.13 sys=0.00, real=0.02 secs] 
2020-09-29T18:11:52.500+0200: 6.057: [GC (Allocation Failure) 2020-09-29T18:11:52.500+0200: 6.057: [ParNew: 587327K->31656K(613440K), 0.0105851 secs] 587956K->32286K(2029056K), 0.0106428 secs] [Times: user=0.13 sys=0.00, real=0.01 secs] 
2020-09-29T18:11:52.558+0200: 6.115: [GC (Allocation Failure) 2020-09-29T18:11:52.558+0200: 6.115: [ParNew: 577000K->51962K(613440K), 0.0211095 secs] 577630K->52592K(2029056K), 0.0211893 secs] [Times: user=0.13 sys=0.00, real=0.02 secs] 
2020-09-29T18:11:52.628+0200: 6.186: [GC (Allocation Failure) 2020-09-29T18:11:52.628+0200: 6.186: [ParNew: 597306K->55454K(613440K), 0.0214266 secs] 597936K->56083K(2029056K), 0.0214844 secs] [Times: user=0.11 sys=0.00, real=0.02 secs] 
2020-09-29T18:11:52.698+0200: 6.255: [GC (Allocation Failure) 2020-09-29T18:11:52.698+0200: 6.255: [ParNew: 600798K->45336K(613440K), 0.0191606 secs] 601427K->45965K(2029056K), 0.0192258 secs] [Times: user=0.13 sys=0.00, real=0.02 secs] 
2020-09-29T18:11:52.764+0200: 6.321: [GC (Allocation Failure) 2020-09-29T18:11:52.764+0200: 6.321: [ParNew: 590680K->45121K(613440K), 0.0185784 secs] 591309K->45751K(2029056K), 0.0186514 secs] [Times: user=0.13 sys=0.00, real=0.02 secs] 
2020-09-29T18:11:52.832+0200: 6.389: [GC (Allocation Failure) 2020-09-29T18:11:52.832+0200: 6.390: [ParNew: 590465K->43411K(613440K), 0.0176452 secs] 591095K->44040K(2029056K), 0.0176998 secs] [Times: user=0.13 sys=0.00, real=0.02 secs] 
2020-09-29T18:11:52.899+0200: 6.456: [GC (Allocation Failure) 2020-09-29T18:11:52.899+0200: 6.457: [ParNew: 588755K->35432K(613440K), 0.0177036 secs] 589384K->36061K(2029056K), 0.0177803 secs] [Times: user=0.13 sys=0.00, real=0.02 secs] 
2020-09-29T18:11:52.964+0200: 6.521: [GC (Allocation Failure) 2020-09-29T18:11:52.964+0200: 6.521: [ParNew: 580776K->34549K(613440K), 0.0168197 secs] 581405K->35179K(2029056K), 0.0168995 secs] [Times: user=0.13 sys=0.00, real=0.02 secs] 
2020-09-29T18:11:53.030+0200: 6.587: [GC (Allocation Failure) 2020-09-29T18:11:53.030+0200: 6.587: [ParNew: 579893K->60163K(613440K), 0.0203699 secs] 580523K->60792K(2029056K), 0.0204411 secs] [Times: user=0.13 sys=0.00, real=0.02 secs] 
2020-09-29T18:11:53.097+0200: 6.654: [GC (Allocation Failure) 2020-09-29T18:11:53.097+0200: 6.654: [ParNew: 605507K->41265K(613440K), 0.0185205 secs] 606136K->41894K(2029056K), 0.0186107 secs] [Times: user=0.22 sys=0.03, real=0.02 secs] 
2020-09-29T18:11:53.163+0200: 6.721: [GC (Allocation Failure) 2020-09-29T18:11:53.163+0200: 6.721: [ParNew: 586609K->41789K(613440K), 0.0176066 secs] 587238K->42418K(2029056K), 0.0176690 secs] [Times: user=0.13 sys=0.00, real=0.02 secs] 
2020-09-29T18:11:53.229+0200: 6.787: [GC (Allocation Failure) 2020-09-29T18:11:53.229+0200: 6.787: [ParNew: 587133K->39802K(613440K), 0.0173554 secs] 587762K->40431K(2029056K), 0.0174130 secs] [Times: user=0.13 sys=0.00, real=0.02 secs] 
2020-09-29T18:11:53.294+0200: 6.852: [GC (Allocation Failure) 2020-09-29T18:11:53.294+0200: 6.852: [ParNew: 585146K->40152K(613440K), 0.0163093 secs] 585775K->40782K(2029056K), 0.0163673 secs] [Times: user=0.13 sys=0.00, real=0.02 secs] 
2020-09-29T18:11:53.357+0200: 6.914: [GC (Allocation Failure) 2020-09-29T18:11:53.357+0200: 6.914: [ParNew: 585496K->63322K(613440K), 0.0206510 secs] 586126K->63952K(2029056K), 0.0207737 secs] [Times: user=0.13 sys=0.00, real=0.02 secs] 
2020-09-29T18:11:53.424+0200: 6.982: [GC (Allocation Failure) 2020-09-29T18:11:53.424+0200: 6.982: [ParNew: 608666K->45580K(613440K), 0.0198373 secs] 609296K->46209K(2029056K), 0.0198903 secs] [Times: user=0.23 sys=0.00, real=0.02 secs] 
2020-09-29T18:11:53.495+0200: 7.052: [GC (Allocation Failure) 2020-09-29T18:11:53.495+0200: 7.052: [ParNew: 590924K->42012K(613440K), 0.0142379 secs] 591553K->42641K(2029056K), 0.0143263 secs] [Times: user=0.11 sys=0.00, real=0.01 secs] 
2020-09-29T18:11:53.563+0200: 7.120: [GC (Allocation Failure) 2020-09-29T18:11:53.563+0200: 7.120: [ParNew: 587356K->43035K(613440K), 0.0182653 secs] 587985K->43664K(2029056K), 0.0183345 secs] [Times: user=0.13 sys=0.00, real=0.02 secs] 
2020-09-29T18:11:53.631+0200: 7.189: [GC (Allocation Failure) 2020-09-29T18:11:53.632+0200: 7.189: [ParNew: 588379K->54642K(613440K), 0.0186102 secs] 589008K->55272K(2029056K), 0.0186850 secs] [Times: user=0.13 sys=0.00, real=0.02 secs] 
2020-09-29T18:11:53.697+0200: 7.255: [GC (Allocation Failure) 2020-09-29T18:11:53.697+0200: 7.255: [ParNew: 599986K->57548K(613440K), 0.0213755 secs] 600616K->58177K(2029056K), 0.0214310 secs] [Times: user=0.13 sys=0.00, real=0.02 secs] 
2020-09-29T18:11:53.767+0200: 7.325: [GC (Allocation Failure) 2020-09-29T18:11:53.767+0200: 7.325: [ParNew: 602892K->68096K(613440K), 0.0215866 secs] 603521K->68798K(2029056K), 0.0216694 secs] [Times: user=0.25 sys=0.00, real=0.02 secs] 
2020-09-29T18:11:53.836+0200: 7.394: [GC (Allocation Failure) 2020-09-29T18:11:53.836+0200: 7.394: [ParNew: 613440K->32215K(613440K), 0.0143009 secs] 614142K->32918K(2029056K), 0.0143676 secs] [Times: user=0.13 sys=0.00, real=0.02 secs] 
2020-09-29T18:11:53.899+0200: 7.457: [GC (Allocation Failure) 2020-09-29T18:11:53.899+0200: 7.457: [ParNew: 577559K->53340K(613440K), 0.0193149 secs] 578262K->54042K(2029056K), 0.0193889 secs] [Times: user=0.13 sys=0.00, real=0.02 secs] 
2020-09-29T18:11:53.965+0200: 7.523: [GC (Allocation Failure) 2020-09-29T18:11:53.965+0200: 7.523: [ParNew: 598684K->37379K(613440K), 0.0149566 secs] 599386K->38082K(2029056K), 0.0150278 secs] [Times: user=0.13 sys=0.00, real=0.02 secs] 
2020-09-29T18:11:54.028+0200: 7.585: [GC (Allocation Failure) 2020-09-29T18:11:54.028+0200: 7.585: [ParNew: 582723K->24732K(613440K), 0.0126072 secs] 583426K->25434K(2029056K), 0.0126708 secs] [Times: user=0.13 sys=0.00, real=0.01 secs] 
2020-09-29T18:11:54.094+0200: 7.652: [GC (Allocation Failure) 2020-09-29T18:11:54.094+0200: 7.652: [ParNew: 570076K->21636K(613440K), 0.0126968 secs] 570778K->22338K(2029056K), 0.0127522 secs] [Times: user=0.13 sys=0.00, real=0.01 secs] 
2020-09-29T18:11:54.162+0200: 7.719: [GC (Allocation Failure) 2020-09-29T18:11:54.162+0200: 7.719: [ParNew: 566980K->32749K(613440K), 0.0167072 secs] 567682K->33451K(2029056K), 0.0167847 secs] [Times: user=0.13 sys=0.00, real=0.02 secs] 
2020-09-29T18:11:54.225+0200: 7.783: [GC (Allocation Failure) 2020-09-29T18:11:54.225+0200: 7.783: [ParNew: 578093K->30132K(613440K), 0.0144130 secs] 578795K->30834K(2029056K), 0.0144688 secs] [Times: user=0.13 sys=0.00, real=0.02 secs] 
2020-09-29T18:11:54.289+0200: 7.846: [GC (Allocation Failure) 2020-09-29T18:11:54.289+0200: 7.846: [ParNew: 575476K->30891K(613440K), 0.0126579 secs] 576178K->31593K(2029056K), 0.0127385 secs] [Times: user=0.13 sys=0.00, real=0.01 secs] 
2020-09-29T18:11:54.351+0200: 7.908: [GC (Allocation Failure) 2020-09-29T18:11:54.351+0200: 7.908: [ParNew: 576235K->24890K(613440K), 0.0123744 secs] 576937K->25592K(2029056K), 0.0124388 secs] [Times: user=0.00 sys=0.00, real=0.01 secs] 
2020-09-29T18:11:54.412+0200: 7.969: [GC (Allocation Failure) 2020-09-29T18:11:54.412+0200: 7.970: [ParNew: 570234K->58349K(613440K), 0.0222357 secs] 570936K->59051K(2029056K), 0.0222912 secs] [Times: user=0.13 sys=0.00, real=0.02 secs] 
2020-09-29T18:11:54.484+0200: 8.041: [GC (Allocation Failure) 2020-09-29T18:11:54.484+0200: 8.041: [ParNew: 603693K->68096K(613440K), 0.0228938 secs] 604395K->69203K(2029056K), 0.0229514 secs] [Times: user=0.25 sys=0.00, real=0.02 secs] 
2020-09-29T18:11:54.554+0200: 8.112: [GC (Allocation Failure) 2020-09-29T18:11:54.554+0200: 8.112: [ParNew: 613440K->45988K(613440K), 0.0156960 secs] 614547K->47095K(2029056K), 0.0157616 secs] [Times: user=0.13 sys=0.00, real=0.02 secs] 
2020-09-29T18:11:54.621+0200: 8.179: [GC (Allocation Failure) 2020-09-29T18:11:54.621+0200: 8.179: [ParNew: 591332K->50470K(613440K), 0.0212505 secs] 592439K->51578K(2029056K), 0.0213133 secs] [Times: user=0.11 sys=0.00, real=0.02 secs] 
2020-09-29T18:11:54.689+0200: 8.247: [GC (Allocation Failure) 2020-09-29T18:11:54.689+0200: 8.247: [ParNew: 595814K->46823K(613440K), 0.0136183 secs] 596922K->47930K(2029056K), 0.0136750 secs] [Times: user=0.11 sys=0.00, real=0.01 secs] 
2020-09-29T18:11:54.755+0200: 8.312: [GC (Allocation Failure) 2020-09-29T18:11:54.755+0200: 8.312: [ParNew: 592167K->41690K(613440K), 0.0181140 secs] 593274K->42798K(2029056K), 0.0181868 secs] [Times: user=0.13 sys=0.00, real=0.02 secs] 
2020-09-29T18:11:54.828+0200: 8.384: [GC (Allocation Failure) 2020-09-29T18:11:54.828+0200: 8.384: [ParNew: 587034K->50871K(613440K), 0.0213558 secs] 588142K->51978K(2029056K), 0.0214186 secs] [Times: user=0.22 sys=0.00, real=0.02 secs] 
2020-09-29T18:11:54.906+0200: 8.463: [GC (Allocation Failure) 2020-09-29T18:11:54.906+0200: 8.463: [ParNew: 596215K->40952K(613440K), 0.0189962 secs] 597322K->42060K(2029056K), 0.0190602 secs] [Times: user=0.11 sys=0.00, real=0.02 secs] 
2020-09-29T18:11:54.978+0200: 8.534: [GC (Allocation Failure) 2020-09-29T18:11:54.978+0200: 8.534: [ParNew: 586296K->36548K(613440K), 0.0163867 secs] 587404K->37656K(2029056K), 0.0164430 secs] [Times: user=0.13 sys=0.00, real=0.02 secs] 
2020-09-29T18:11:55.042+0200: 8.599: [GC (Allocation Failure) 2020-09-29T18:11:55.042+0200: 8.599: [ParNew: 581892K->38734K(613440K), 0.0153337 secs] 583000K->39841K(2029056K), 0.0153920 secs] [Times: user=0.13 sys=0.00, real=0.01 secs] 
2020-09-29T18:11:55.107+0200: 8.664: [GC (Allocation Failure) 2020-09-29T18:11:55.107+0200: 8.664: [ParNew: 584078K->55644K(613440K), 0.0206615 secs] 585185K->56752K(2029056K), 0.0207231 secs] [Times: user=0.11 sys=0.00, real=0.02 secs] 
2020-09-29T18:11:55.175+0200: 8.732: [GC (Allocation Failure) 2020-09-29T18:11:55.175+0200: 8.732: [ParNew: 600988K->43369K(613440K), 0.0199505 secs] 602096K->44476K(2029056K), 0.0200195 secs] [Times: user=0.25 sys=0.00, real=0.02 secs] 
2020-09-29T18:11:55.243+0200: 8.801: [GC (Allocation Failure) 2020-09-29T18:11:55.243+0200: 8.801: [ParNew: 588713K->63256K(613440K), 0.0212067 secs] 589820K->64363K(2029056K), 0.0212903 secs] [Times: user=0.11 sys=0.00, real=0.02 secs] 
2020-09-29T18:11:55.315+0200: 8.872: [GC (Allocation Failure) 2020-09-29T18:11:55.315+0200: 8.872: [ParNew: 608600K->49590K(613440K), 0.0179909 secs] 609707K->50698K(2029056K), 0.0180810 secs] [Times: user=0.25 sys=0.00, real=0.02 secs] 
2020-09-29T18:11:55.381+0200: 8.938: [GC (Allocation Failure) 2020-09-29T18:11:55.381+0200: 8.938: [ParNew: 594934K->39911K(613440K), 0.0171289 secs] 596042K->41019K(2029056K), 0.0171939 secs] [Times: user=0.13 sys=0.00, real=0.02 secs] 
2020-09-29T18:11:55.450+0200: 9.007: [GC (Allocation Failure) 2020-09-29T18:11:55.450+0200: 9.007: [ParNew: 585255K->42670K(613440K), 0.0178539 secs] 586363K->43778K(2029056K), 0.0179162 secs] [Times: user=0.13 sys=0.00, real=0.02 secs] 
2020-09-29T18:11:55.515+0200: 9.073: [GC (Allocation Failure) 2020-09-29T18:11:55.515+0200: 9.073: [ParNew: 588014K->36170K(613440K), 0.0168135 secs] 589122K->37278K(2029056K), 0.0168731 secs] [Times: user=0.13 sys=0.00, real=0.02 secs] 
2020-09-29T18:11:55.581+0200: 9.138: [GC (Allocation Failure) 2020-09-29T18:11:55.581+0200: 9.138: [ParNew: 581514K->58737K(613440K), 0.0224078 secs] 582622K->59845K(2029056K), 0.0224877 secs] [Times: user=0.20 sys=0.00, real=0.02 secs] 
2020-09-29T18:11:55.655+0200: 9.212: [GC (Allocation Failure) 2020-09-29T18:11:55.655+0200: 9.212: [ParNew: 604081K->43929K(613440K), 0.0205417 secs] 605189K->45037K(2029056K), 0.0206039 secs] [Times: user=0.13 sys=0.00, real=0.02 secs] 
2020-09-29T18:11:55.723+0200: 9.281: [GC (Allocation Failure) 2020-09-29T18:11:55.723+0200: 9.281: [ParNew: 589273K->37873K(613440K), 0.0126927 secs] 590381K->38981K(2029056K), 0.0127999 secs] [Times: user=0.00 sys=0.00, real=0.01 secs] 
2020-09-29T18:11:55.784+0200: 9.341: [GC (Allocation Failure) 2020-09-29T18:11:55.784+0200: 9.341: [ParNew: 583217K->40518K(613440K), 0.0181579 secs] 584325K->41626K(2029056K), 0.0182441 secs] [Times: user=0.25 sys=0.00, real=0.02 secs] 
2020-09-29T18:11:55.849+0200: 9.406: [GC (Allocation Failure) 2020-09-29T18:11:55.849+0200: 9.406: [ParNew: 585862K->55586K(613440K), 0.0222100 secs] 586970K->56694K(2029056K), 0.0222864 secs] [Times: user=0.13 sys=0.00, real=0.02 secs] 
2020-09-29T18:11:55.918+0200: 9.475: [GC (Allocation Failure) 2020-09-29T18:11:55.918+0200: 9.476: [ParNew: 600930K->50612K(613440K), 0.0203822 secs] 602038K->51720K(2029056K), 0.0204530 secs] [Times: user=0.13 sys=0.00, real=0.02 secs] 
2020-09-29T18:11:55.987+0200: 9.544: [GC (Allocation Failure) 2020-09-29T18:11:55.987+0200: 9.544: [ParNew: 595956K->47784K(613440K), 0.0200311 secs] 597064K->48892K(2029056K), 0.0200998 secs] [Times: user=0.25 sys=0.00, real=0.02 secs] 
2020-09-29T18:11:56.055+0200: 9.612: [GC (Allocation Failure) 2020-09-29T18:11:56.055+0200: 9.613: [ParNew: 593128K->47018K(613440K), 0.0148118 secs] 594236K->48125K(2029056K), 0.0148711 secs] [Times: user=0.13 sys=0.00, real=0.01 secs] 
2020-09-29T18:11:56.117+0200: 9.675: [GC (Allocation Failure) 2020-09-29T18:11:56.117+0200: 9.675: [ParNew: 592362K->36739K(613440K), 0.0145055 secs] 593469K->37847K(2029056K), 0.0145832 secs] [Times: user=0.13 sys=0.00, real=0.01 secs] 
2020-09-29T18:11:56.179+0200: 9.736: [GC (Allocation Failure) 2020-09-29T18:11:56.179+0200: 9.736: [ParNew: 582083K->29416K(613440K), 0.0128578 secs] 583191K->30523K(2029056K), 0.0129216 secs] [Times: user=0.13 sys=0.00, real=0.01 secs] 
2020-09-29T18:11:56.244+0200: 9.800: [GC (Allocation Failure) 2020-09-29T18:11:56.244+0200: 9.800: [ParNew: 574760K->45760K(613440K), 0.0173968 secs] 575867K->46867K(2029056K), 0.0174858 secs] [Times: user=0.13 sys=0.00, real=0.02 secs] 
2020-09-29T18:11:56.312+0200: 9.869: [GC (Allocation Failure) 2020-09-29T18:11:56.312+0200: 9.869: [ParNew: 591104K->57563K(613440K), 0.0223998 secs] 592211K->58671K(2029056K), 0.0224963 secs] [Times: user=0.25 sys=0.00, real=0.02 secs] 
2020-09-29T18:11:56.385+0200: 9.942: [GC (Allocation Failure) 2020-09-29T18:11:56.385+0200: 9.942: [ParNew: 602907K->68096K(613440K), 0.0217356 secs] 604015K->69203K(2029056K), 0.0217859 secs] [Times: user=0.13 sys=0.00, real=0.02 secs] 
2020-09-29T18:11:56.454+0200: 10.012: [GC (Allocation Failure) 2020-09-29T18:11:56.454+0200: 10.012: [ParNew: 613440K->51263K(613440K), 0.0205020 secs] 614547K->52371K(2029056K), 0.0205760 secs] [Times: user=0.25 sys=0.00, real=0.02 secs] 
2020-09-29T18:11:56.527+0200: 10.085: [GC (Allocation Failure) 2020-09-29T18:11:56.527+0200: 10.085: [ParNew: 596607K->47987K(613440K), 0.0158641 secs] 597715K->49094K(2029056K), 0.0159365 secs] [Times: user=0.13 sys=0.00, real=0.02 secs] 
2020-09-29T18:11:56.593+0200: 10.151: [GC (Allocation Failure) 2020-09-29T18:11:56.593+0200: 10.151: [ParNew: 593331K->34833K(613440K), 0.0139745 secs] 594438K->35940K(2029056K), 0.0140308 secs] [Times: user=0.11 sys=0.00, real=0.01 secs] 
2020-09-29T18:11:56.660+0200: 10.217: [GC (Allocation Failure) 2020-09-29T18:11:56.660+0200: 10.217: [ParNew: 580177K->51243K(613440K), 0.0192206 secs] 581284K->52351K(2029056K), 0.0192944 secs] [Times: user=0.23 sys=0.00, real=0.02 secs] 
2020-09-29T18:11:56.728+0200: 10.286: [GC (Allocation Failure) 2020-09-29T18:11:56.728+0200: 10.286: [ParNew: 596587K->38172K(613440K), 0.0176867 secs] 597695K->39280K(2029056K), 0.0177446 secs] [Times: user=0.13 sys=0.00, real=0.02 secs] 
2020-09-29T18:11:56.794+0200: 10.351: [GC (Allocation Failure) 2020-09-29T18:11:56.794+0200: 10.351: [ParNew: 583516K->37832K(613440K), 0.0170865 secs] 584624K->38940K(2029056K), 0.0171522 secs] [Times: user=0.13 sys=0.00, real=0.02 secs] 
2020-09-29T18:11:56.857+0200: 10.414: [GC (Allocation Failure) 2020-09-29T18:11:56.857+0200: 10.414: [ParNew: 583176K->36527K(613440K), 0.0149441 secs] 584284K->37635K(2029056K), 0.0150010 secs] [Times: user=0.13 sys=0.00, real=0.01 secs] 
2020-09-29T18:11:56.921+0200: 10.479: [GC (Allocation Failure) 2020-09-29T18:11:56.921+0200: 10.479: [ParNew: 581871K->55121K(613440K), 0.0190852 secs] 582979K->56229K(2029056K), 0.0191512 secs] [Times: user=0.13 sys=0.00, real=0.02 secs] 
2020-09-29T18:11:56.990+0200: 10.547: [GC (Allocation Failure) 2020-09-29T18:11:56.990+0200: 10.547: [ParNew: 600465K->66636K(613440K), 0.0261068 secs] 601573K->67744K(2029056K), 0.0261760 secs] [Times: user=0.13 sys=0.00, real=0.03 secs] 
2020-09-29T18:11:57.063+0200: 10.620: [GC (Allocation Failure) 2020-09-29T18:11:57.063+0200: 10.620: [ParNew: 611980K->59156K(613440K), 0.0177962 secs] 613088K->60264K(2029056K), 0.0178532 secs] [Times: user=0.13 sys=0.00, real=0.02 secs] 
2020-09-29T18:11:57.129+0200: 10.687: [GC (Allocation Failure) 2020-09-29T18:11:57.129+0200: 10.687: [ParNew: 604500K->50257K(613440K), 0.0166976 secs] 605608K->51364K(2029056K), 0.0167533 secs] [Times: user=0.13 sys=0.00, real=0.02 secs] 
2020-09-29T18:11:57.195+0200: 10.753: [GC (Allocation Failure) 2020-09-29T18:11:57.196+0200: 10.753: [ParNew: 595601K->40195K(613440K), 0.0160739 secs] 596708K->41303K(2029056K), 0.0161382 secs] [Times: user=0.13 sys=0.00, real=0.02 secs] 
2020-09-29T18:11:57.260+0200: 10.818: [GC (Allocation Failure) 2020-09-29T18:11:57.260+0200: 10.818: [ParNew: 585539K->36934K(613440K), 0.0164831 secs] 586647K->38042K(2029056K), 0.0165415 secs] [Times: user=0.13 sys=0.00, real=0.02 secs] 
2020-09-29T18:11:57.326+0200: 10.883: [GC (Allocation Failure) 2020-09-29T18:11:57.326+0200: 10.883: [ParNew: 582278K->35480K(613440K), 0.0157465 secs] 583386K->36588K(2029056K), 0.0158065 secs] [Times: user=0.13 sys=0.00, real=0.02 secs] 
2020-09-29T18:11:57.390+0200: 10.948: [GC (Allocation Failure) 2020-09-29T18:11:57.390+0200: 10.948: [ParNew: 580824K->57205K(613440K), 0.0202239 secs] 581932K->58313K(2029056K), 0.0202830 secs] [Times: user=0.13 sys=0.00, real=0.02 secs] 
2020-09-29T18:11:57.458+0200: 11.015: [GC (Allocation Failure) 2020-09-29T18:11:57.458+0200: 11.015: [ParNew: 602549K->45723K(613440K), 0.0195743 secs] 603657K->46831K(2029056K), 0.0196549 secs] [Times: user=0.13 sys=0.00, real=0.02 secs] 
2020-09-29T18:11:57.525+0200: 11.083: [GC (Allocation Failure) 2020-09-29T18:11:57.525+0200: 11.083: [ParNew: 591067K->48361K(613440K), 0.0187776 secs] 592175K->49469K(2029056K), 0.0188642 secs] [Times: user=0.13 sys=0.00, real=0.02 secs] 
2020-09-29T18:11:57.596+0200: 11.153: [GC (Allocation Failure) 2020-09-29T18:11:57.596+0200: 11.153: [ParNew: 593705K->43406K(613440K), 0.0199428 secs] 594813K->44513K(2029056K), 0.0200308 secs] [Times: user=0.25 sys=0.00, real=0.02 secs] 
2020-09-29T18:11:57.678+0200: 11.236: [GC (Allocation Failure) 2020-09-29T18:11:57.679+0200: 11.236: [ParNew: 588750K->43413K(613440K), 0.0205847 secs] 589857K->44520K(2029056K), 0.0206662 secs] [Times: user=0.13 sys=0.00, real=0.02 secs] 
2020-09-29T18:11:57.753+0200: 11.310: [GC (Allocation Failure) 2020-09-29T18:11:57.753+0200: 11.310: [ParNew: 588757K->30546K(613440K), 0.0108898 secs] 589864K->31654K(2029056K), 0.0109478 secs] [Times: user=0.13 sys=0.00, real=0.01 secs] 
2020-09-29T18:11:57.815+0200: 11.373: [GC (Allocation Failure) 2020-09-29T18:11:57.815+0200: 11.373: [ParNew: 575890K->48778K(613440K), 0.0213229 secs] 576998K->49885K(2029056K), 0.0213852 secs] [Times: user=0.23 sys=0.00, real=0.02 secs] 
2020-09-29T18:11:57.885+0200: 11.442: [GC (Allocation Failure) 2020-09-29T18:11:57.885+0200: 11.442: [ParNew: 594122K->60794K(613440K), 0.0206586 secs] 595229K->61901K(2029056K), 0.0207162 secs] [Times: user=0.13 sys=0.00, real=0.02 secs] 
2020-09-29T18:11:57.952+0200: 11.510: [GC (Allocation Failure) 2020-09-29T18:11:57.953+0200: 11.510: [ParNew: 606138K->38685K(613440K), 0.0140128 secs] 607245K->39793K(2029056K), 0.0140838 secs] [Times: user=0.13 sys=0.00, real=0.02 secs] 
2020-09-29T18:11:58.016+0200: 11.573: [GC (Allocation Failure) 2020-09-29T18:11:58.016+0200: 11.573: [ParNew: 584029K->61942K(613440K), 0.0232833 secs] 585137K->63050K(2029056K), 0.0233395 secs] [Times: user=0.25 sys=0.00, real=0.02 secs] 
2020-09-29T18:11:58.088+0200: 11.645: [GC (Allocation Failure) 2020-09-29T18:11:58.088+0200: 11.645: [ParNew: 607286K->46209K(613440K), 0.0117097 secs] 608394K->47317K(2029056K), 0.0117705 secs] [Times: user=0.13 sys=0.00, real=0.01 secs] 
2020-09-29T18:11:58.158+0200: 11.715: [GC (Allocation Failure) 2020-09-29T18:11:58.158+0200: 11.715: [ParNew: 591553K->68096K(613440K), 0.0275930 secs] 592661K->69916K(2029056K), 0.0276532 secs] [Times: user=0.25 sys=0.00, real=0.03 secs] 
2020-09-29T18:11:58.232+0200: 11.789: [GC (Allocation Failure) 2020-09-29T18:11:58.232+0200: 11.789: [ParNew: 613440K->49794K(613440K), 0.0167285 secs] 615260K->51615K(2029056K), 0.0167804 secs] [Times: user=0.13 sys=0.00, real=0.02 secs] 
2020-09-29T18:11:58.296+0200: 11.854: [GC (Allocation Failure) 2020-09-29T18:11:58.297+0200: 11.854: [ParNew: 595138K->50825K(613440K), 0.0203429 secs] 596959K->52646K(2029056K), 0.0204485 secs] [Times: user=0.25 sys=0.00, real=0.02 secs] 
2020-09-29T18:11:58.364+0200: 11.922: [GC (Allocation Failure) 2020-09-29T18:11:58.364+0200: 11.922: [ParNew: 596169K->66608K(613440K), 0.0203772 secs] 597990K->68429K(2029056K), 0.0204351 secs] [Times: user=0.13 sys=0.00, real=0.02 secs] 
2020-09-29T18:11:58.432+0200: 11.989: [GC (Allocation Failure) 2020-09-29T18:11:58.432+0200: 11.989: [ParNew: 611952K->53292K(613440K), 0.0190244 secs] 613773K->55113K(2029056K), 0.0190811 secs] [Times: user=0.13 sys=0.00, real=0.02 secs] 
2020-09-29T18:11:58.498+0200: 12.055: [GC (Allocation Failure) 2020-09-29T18:11:58.498+0200: 12.055: [ParNew: 598636K->40776K(613440K), 0.0187657 secs] 600457K->42597K(2029056K), 0.0188411 secs] [Times: user=0.13 sys=0.00, real=0.02 secs] 
2020-09-29T18:11:58.566+0200: 12.124: [GC (Allocation Failure) 2020-09-29T18:11:58.566+0200: 12.124: [ParNew: 586120K->40633K(613440K), 0.0182009 secs] 587941K->42454K(2029056K), 0.0182683 secs] [Times: user=0.17 sys=0.00, real=0.02 secs] 
2020-09-29T18:11:58.634+0200: 12.192: [GC (Allocation Failure) 2020-09-29T18:11:58.634+0200: 12.192: [ParNew: 585977K->36155K(613440K), 0.0108778 secs] 587798K->37976K(2029056K), 0.0109370 secs] [Times: user=0.13 sys=0.00, real=0.01 secs] 
2020-09-29T18:11:58.692+0200: 12.249: [GC (Allocation Failure) 2020-09-29T18:11:58.692+0200: 12.249: [ParNew: 581499K->36218K(613440K), 0.0154812 secs] 583320K->38039K(2029056K), 0.0155389 secs] [Times: user=0.13 sys=0.00, real=0.02 secs] 
2020-09-29T18:11:58.754+0200: 12.312: [GC (Allocation Failure) 2020-09-29T18:11:58.754+0200: 12.312: [ParNew: 581562K->44600K(613440K), 0.0209687 secs] 583383K->46421K(2029056K), 0.0210388 secs] [Times: user=0.13 sys=0.00, real=0.02 secs] 
2020-09-29T18:11:58.822+0200: 12.380: [GC (Allocation Failure) 2020-09-29T18:11:58.822+0200: 12.380: [ParNew: 589944K->42270K(613440K), 0.0196524 secs] 591765K->44090K(2029056K), 0.0197173 secs] [Times: user=0.13 sys=0.00, real=0.02 secs] 
2020-09-29T18:11:58.889+0200: 12.447: [GC (Allocation Failure) 2020-09-29T18:11:58.889+0200: 12.447: [ParNew: 587614K->38714K(613440K), 0.0133909 secs] 589434K->40535K(2029056K), 0.0134635 secs] [Times: user=0.13 sys=0.00, real=0.01 secs] 
2020-09-29T18:11:58.951+0200: 12.508: [GC (Allocation Failure) 2020-09-29T18:11:58.951+0200: 12.508: [ParNew: 584058K->54131K(613440K), 0.0229930 secs] 585879K->55952K(2029056K), 0.0230557 secs] [Times: user=0.25 sys=0.00, real=0.02 secs] 
2020-09-29T18:11:59.022+0200: 12.579: [GC (Allocation Failure) 2020-09-29T18:11:59.022+0200: 12.579: [ParNew: 599475K->44672K(613440K), 0.0162489 secs] 601296K->46493K(2029056K), 0.0163061 secs] [Times: user=0.13 sys=0.00, real=0.02 secs] 
2020-09-29T18:11:59.096+0200: 12.653: [GC (Allocation Failure) 2020-09-29T18:11:59.096+0200: 12.653: [ParNew: 590016K->38541K(613440K), 0.0160230 secs] 591837K->40362K(2029056K), 0.0160799 secs] [Times: user=0.13 sys=0.00, real=0.02 secs] 
2020-09-29T18:11:59.160+0200: 12.717: [GC (Allocation Failure) 2020-09-29T18:11:59.160+0200: 12.717: [ParNew: 583885K->33741K(613440K), 0.0156725 secs] 585706K->35562K(2029056K), 0.0157528 secs] [Times: user=0.13 sys=0.00, real=0.02 secs] 
2020-09-29T18:11:59.224+0200: 12.781: [GC (Allocation Failure) 2020-09-29T18:11:59.224+0200: 12.781: [ParNew: 579085K->57483K(613440K), 0.0244258 secs] 580906K->59304K(2029056K), 0.0245012 secs] [Times: user=0.13 sys=0.00, real=0.02 secs] 
2020-09-29T18:11:59.296+0200: 12.853: [GC (Allocation Failure) 2020-09-29T18:11:59.296+0200: 12.853: [ParNew: 602827K->56999K(613440K), 0.0187764 secs] 604648K->58819K(2029056K), 0.0188324 secs] [Times: user=0.13 sys=0.00, real=0.02 secs] 
2020-09-29T18:11:59.363+0200: 12.920: [GC (Allocation Failure) 2020-09-29T18:11:59.363+0200: 12.920: [ParNew: 602343K->45621K(613440K), 0.0176763 secs] 604163K->47442K(2029056K), 0.0177569 secs] [Times: user=0.25 sys=0.00, real=0.02 secs] 
2020-09-29T18:11:59.430+0200: 12.988: [GC (Allocation Failure) 2020-09-29T18:11:59.431+0200: 12.988: [ParNew: 590965K->67578K(613440K), 0.0222059 secs] 592786K->69399K(2029056K), 0.0222720 secs] [Times: user=0.13 sys=0.00, real=0.02 secs] 
2020-09-29T18:11:59.500+0200: 13.057: [GC (Allocation Failure) 2020-09-29T18:11:59.500+0200: 13.057: [ParNew: 612922K->50703K(613440K), 0.0211894 secs] 614743K->52524K(2029056K), 0.0212581 secs] [Times: user=0.25 sys=0.00, real=0.02 secs] 
2020-09-29T18:11:59.569+0200: 13.126: [GC (Allocation Failure) 2020-09-29T18:11:59.569+0200: 13.126: [ParNew: 596047K->66251K(613440K), 0.0225373 secs] 597868K->68072K(2029056K), 0.0226168 secs] [Times: user=0.11 sys=0.00, real=0.02 secs] 
2020-09-29T18:11:59.640+0200: 13.197: [GC (Allocation Failure) 2020-09-29T18:11:59.640+0200: 13.197: [ParNew: 611595K->47738K(613440K), 0.0208992 secs] 613416K->49559K(2029056K), 0.0209616 secs] [Times: user=0.25 sys=0.00, real=0.02 secs] 
2020-09-29T18:11:59.709+0200: 13.266: [GC (Allocation Failure) 2020-09-29T18:11:59.709+0200: 13.266: [ParNew: 593082K->47813K(613440K), 0.0185409 secs] 594903K->49634K(2029056K), 0.0185970 secs] [Times: user=0.13 sys=0.00, real=0.02 secs] 
2020-09-29T18:11:59.776+0200: 13.333: [GC (Allocation Failure) 2020-09-29T18:11:59.776+0200: 13.333: [ParNew: 593157K->36207K(613440K), 0.0127921 secs] 594978K->38028K(2029056K), 0.0128630 secs] [Times: user=0.13 sys=0.00, real=0.01 secs] 
2020-09-29T18:11:59.840+0200: 13.397: [GC (Allocation Failure) 2020-09-29T18:11:59.840+0200: 13.397: [ParNew: 581551K->20092K(613440K), 0.0123110 secs] 583372K->21913K(2029056K), 0.0123784 secs] [Times: user=0.13 sys=0.00, real=0.01 secs] 
2020-09-29T18:11:59.905+0200: 13.462: [GC (Allocation Failure) 2020-09-29T18:11:59.905+0200: 13.462: [ParNew: 565436K->46486K(613440K), 0.0235318 secs] 567257K->48307K(2029056K), 0.0236034 secs] [Times: user=0.23 sys=0.00, real=0.02 secs] 
2020-09-29T18:11:59.978+0200: 13.535: [GC (Allocation Failure) 2020-09-29T18:11:59.978+0200: 13.535: [ParNew: 591830K->40139K(613440K), 0.0145492 secs] 593651K->41960K(2029056K), 0.0146093 secs] [Times: user=0.13 sys=0.00, real=0.01 secs] 
2020-09-29T18:12:00.044+0200: 13.601: [GC (Allocation Failure) 2020-09-29T18:12:00.044+0200: 13.601: [ParNew: 585483K->32370K(613440K), 0.0142441 secs] 587304K->34190K(2029056K), 0.0143386 secs] [Times: user=0.13 sys=0.00, real=0.02 secs] 
2020-09-29T18:12:00.106+0200: 13.663: [GC (Allocation Failure) 2020-09-29T18:12:00.106+0200: 13.663: [ParNew: 577714K->33503K(613440K), 0.0122894 secs] 579534K->35323K(2029056K), 0.0123489 secs] [Times: user=0.13 sys=0.00, real=0.01 secs] 
2020-09-29T18:12:00.174+0200: 13.731: [GC (Allocation Failure) 2020-09-29T18:12:00.174+0200: 13.731: [ParNew: 578847K->49315K(613440K), 0.0174123 secs] 580667K->51136K(2029056K), 0.0174728 secs] [Times: user=0.13 sys=0.02, real=0.02 secs] 
2020-09-29T18:12:00.242+0200: 13.799: [GC (Allocation Failure) 2020-09-29T18:12:00.242+0200: 13.799: [ParNew: 594659K->38547K(613440K), 0.0117828 secs] 596480K->40368K(2029056K), 0.0118633 secs] [Times: user=0.00 sys=0.00, real=0.01 secs] 
2020-09-29T18:12:00.305+0200: 13.862: [GC (Allocation Failure) 2020-09-29T18:12:00.305+0200: 13.862: [ParNew: 583891K->33662K(613440K), 0.0236109 secs] 585712K->35483K(2029056K), 0.0236835 secs] [Times: user=0.13 sys=0.00, real=0.02 secs] 
2020-09-29T18:12:00.379+0200: 13.937: [GC (Allocation Failure) 2020-09-29T18:12:00.379+0200: 13.937: [ParNew: 579006K->53858K(613440K), 0.0290450 secs] 580827K->55679K(2029056K), 0.0291264 secs] [Times: user=0.14 sys=0.00, real=0.03 secs] 
2020-09-29T18:12:00.456+0200: 14.013: [GC (Allocation Failure) 2020-09-29T18:12:00.456+0200: 14.013: [ParNew: 599202K->44850K(613440K), 0.0280427 secs] 601023K->46670K(2029056K), 0.0281170 secs] [Times: user=0.25 sys=0.00, real=0.03 secs] 
2020-09-29T18:12:00.533+0200: 14.091: [GC (Allocation Failure) 2020-09-29T18:12:00.533+0200: 14.091: [ParNew: 590194K->42845K(613440K), 0.0186582 secs] 592014K->44665K(2029056K), 0.0187294 secs] [Times: user=0.23 sys=0.00, real=0.02 secs] 
2020-09-29T18:12:00.610+0200: 14.167: [GC (Allocation Failure) 2020-09-29T18:12:00.610+0200: 14.167: [ParNew: 588189K->32903K(613440K), 0.0190377 secs] 590009K->34724K(2029056K), 0.0191080 secs] [Times: user=0.11 sys=0.00, real=0.02 secs] 
2020-09-29T18:12:00.691+0200: 14.249: [GC (Allocation Failure) 2020-09-29T18:12:00.691+0200: 14.249: [ParNew: 578247K->55949K(613440K), 0.0316924 secs] 580068K->57770K(2029056K), 0.0317617 secs] [Times: user=0.28 sys=0.00, real=0.03 secs] 
2020-09-29T18:12:00.770+0200: 14.328: [GC (Allocation Failure) 2020-09-29T18:12:00.770+0200: 14.328: [ParNew: 601293K->45216K(613440K), 0.0225395 secs] 603114K->47037K(2029056K), 0.0226102 secs] [Times: user=0.13 sys=0.00, real=0.02 secs] 
2020-09-29T18:12:00.847+0200: 14.404: [GC (Allocation Failure) 2020-09-29T18:12:00.847+0200: 14.404: [ParNew: 590560K->57925K(613440K), 0.0313130 secs] 592381K->59746K(2029056K), 0.0313889 secs] [Times: user=0.23 sys=0.00, real=0.03 secs] 
2020-09-29T18:12:00.926+0200: 14.483: [GC (Allocation Failure) 2020-09-29T18:12:00.926+0200: 14.483: [ParNew: 603269K->52065K(613440K), 0.0289618 secs] 605090K->53886K(2029056K), 0.0290284 secs] [Times: user=0.13 sys=0.00, real=0.03 secs] 
2020-09-29T18:12:01.003+0200: 14.560: [GC (Allocation Failure) 2020-09-29T18:12:01.003+0200: 14.560: [ParNew: 597409K->43962K(613440K), 0.0216572 secs] 599230K->45783K(2029056K), 0.0217239 secs] [Times: user=0.25 sys=0.00, real=0.02 secs] 
2020-09-29T18:12:01.082+0200: 14.640: [GC (Allocation Failure) 2020-09-29T18:12:01.083+0200: 14.640: [ParNew: 589306K->45504K(613440K), 0.0263151 secs] 591127K->47325K(2029056K), 0.0263872 secs] [Times: user=0.14 sys=0.00, real=0.03 secs] 
2020-09-29T18:12:01.163+0200: 14.720: [GC (Allocation Failure) 2020-09-29T18:12:01.163+0200: 14.720: [ParNew: 590848K->48599K(613440K), 0.0260960 secs] 592669K->50419K(2029056K), 0.0261659 secs] [Times: user=0.13 sys=0.00, real=0.03 secs] 
2020-09-29T18:12:01.240+0200: 14.797: [GC (Allocation Failure) 2020-09-29T18:12:01.240+0200: 14.797: [ParNew: 593943K->68096K(613440K), 0.0325684 secs] 595763K->69916K(2029056K), 0.0326401 secs] [Times: user=0.25 sys=0.00, real=0.03 secs] 
2020-09-29T18:12:01.320+0200: 14.877: [GC (Allocation Failure) 2020-09-29T18:12:01.320+0200: 14.877: [ParNew: 613440K->47200K(613440K), 0.0247052 secs] 615260K->49021K(2029056K), 0.0247893 secs] [Times: user=0.13 sys=0.00, real=0.03 secs] 
2020-09-29T18:12:01.398+0200: 14.956: [GC (Allocation Failure) 2020-09-29T18:12:01.398+0200: 14.956: [ParNew: 592544K->42304K(613440K), 0.0238965 secs] 594365K->44125K(2029056K), 0.0239656 secs] [Times: user=0.13 sys=0.00, real=0.02 secs] 
2020-09-29T18:12:01.474+0200: 15.031: [GC (Allocation Failure) 2020-09-29T18:12:01.474+0200: 15.031: [ParNew: 587648K->38758K(613440K), 0.0225543 secs] 589469K->40579K(2029056K), 0.0226208 secs] [Times: user=0.13 sys=0.00, real=0.02 secs] 
2020-09-29T18:12:01.558+0200: 15.115: [GC (Allocation Failure) 2020-09-29T18:12:01.558+0200: 15.115: [ParNew: 584102K->58936K(613440K), 0.0292825 secs] 585923K->60757K(2029056K), 0.0293796 secs] [Times: user=0.25 sys=0.00, real=0.03 secs] 
2020-09-29T18:12:01.637+0200: 15.195: [GC (Allocation Failure) 2020-09-29T18:12:01.637+0200: 15.195: [ParNew: 604280K->62071K(613440K), 0.0301721 secs] 606101K->63892K(2029056K), 0.0302429 secs] [Times: user=0.22 sys=0.00, real=0.03 secs] 
2020-09-29T18:12:01.716+0200: 15.273: [GC (Allocation Failure) 2020-09-29T18:12:01.716+0200: 15.273: [ParNew: 607415K->68096K(613440K), 0.0353025 secs] 609236K->70858K(2029056K), 0.0353764 secs] [Times: user=0.25 sys=0.00, real=0.03 secs] 
2020-09-29T18:12:01.799+0200: 15.356: [GC (Allocation Failure) 2020-09-29T18:12:01.799+0200: 15.356: [ParNew: 613440K->61901K(613440K), 0.0267666 secs] 616202K->64664K(2029056K), 0.0268641 secs] [Times: user=0.25 sys=0.00, real=0.03 secs] 
2020-09-29T18:12:01.880+0200: 15.437: [GC (Allocation Failure) 2020-09-29T18:12:01.880+0200: 15.437: [ParNew: 606136K->33959K(613440K), 0.0086467 secs] 608899K->36721K(2029056K), 0.0087096 secs] [Times: user=0.00 sys=0.00, real=0.01 secs] 
2020-09-29T18:12:01.951+0200: 15.508: [GC (Allocation Failure) 2020-09-29T18:12:01.951+0200: 15.508: [ParNew: 579303K->39842K(613440K), 0.0220181 secs] 582065K->42604K(2029056K), 0.0220929 secs] [Times: user=0.25 sys=0.00, real=0.02 secs] 
2020-09-29T18:12:02.024+0200: 15.581: [GC (Allocation Failure) 2020-09-29T18:12:02.024+0200: 15.581: [ParNew: 585186K->41984K(613440K), 0.0222822 secs] 587948K->44747K(2029056K), 0.0223572 secs] [Times: user=0.13 sys=0.00, real=0.02 secs] 
2020-09-29T18:12:02.103+0200: 15.660: [GC (Allocation Failure) 2020-09-29T18:12:02.103+0200: 15.660: [ParNew: 587328K->29987K(613440K), 0.0204052 secs] 590091K->32749K(2029056K), 0.0204743 secs] [Times: user=0.13 sys=0.00, real=0.02 secs] 
2020-09-29T18:12:02.175+0200: 15.733: [GC (Allocation Failure) 2020-09-29T18:12:02.176+0200: 15.733: [ParNew: 575331K->51672K(613440K), 0.0267642 secs] 578093K->54434K(2029056K), 0.0268440 secs] [Times: user=0.13 sys=0.02, real=0.03 secs] 
2020-09-29T18:12:02.252+0200: 15.810: [GC (Allocation Failure) 2020-09-29T18:12:02.252+0200: 15.810: [ParNew: 597016K->46195K(613440K), 0.0263676 secs] 599778K->48957K(2029056K), 0.0264382 secs] [Times: user=0.23 sys=0.00, real=0.03 secs] 
2020-09-29T18:12:02.328+0200: 15.885: [GC (Allocation Failure) 2020-09-29T18:12:02.328+0200: 15.885: [ParNew: 591539K->68096K(613440K), 0.0319755 secs] 594301K->71213K(2029056K), 0.0320589 secs] [Times: user=0.25 sys=0.00, real=0.03 secs] 
2020-09-29T18:12:02.414+0200: 15.971: [GC (Allocation Failure) 2020-09-29T18:12:02.414+0200: 15.971: [ParNew: 613440K->67630K(613440K), 0.0310237 secs] 616557K->70747K(2029056K), 0.0310917 secs] [Times: user=0.25 sys=0.00, real=0.03 secs] 
2020-09-29T18:12:02.494+0200: 16.051: [GC (Allocation Failure) 2020-09-29T18:12:02.494+0200: 16.051: [ParNew: 612974K->53867K(613440K), 0.0310876 secs] 616091K->56985K(2029056K), 0.0311614 secs] [Times: user=0.25 sys=0.00, real=0.03 secs] 
2020-09-29T18:12:02.575+0200: 16.133: [GC (Allocation Failure) 2020-09-29T18:12:02.575+0200: 16.133: [ParNew: 599211K->43942K(613440K), 0.0135994 secs] 602329K->47060K(2029056K), 0.0136701 secs] [Times: user=0.11 sys=0.00, real=0.01 secs] 
2020-09-29T18:12:02.638+0200: 16.195: [GC (Allocation Failure) 2020-09-29T18:12:02.638+0200: 16.195: [ParNew: 589286K->48073K(613440K), 0.0266720 secs] 592404K->51191K(2029056K), 0.0267407 secs] [Times: user=0.25 sys=0.00, real=0.03 secs] 
2020-09-29T18:12:02.713+0200: 16.271: [GC (Allocation Failure) 2020-09-29T18:12:02.713+0200: 16.271: [ParNew: 593417K->58719K(613440K), 0.0261678 secs] 596535K->61837K(2029056K), 0.0262422 secs] [Times: user=0.25 sys=0.00, real=0.03 secs] 
2020-09-29T18:12:02.791+0200: 16.348: [GC (Allocation Failure) 2020-09-29T18:12:02.791+0200: 16.348: [ParNew: 604063K->68096K(613440K), 0.0325255 secs] 607181K->71213K(2029056K), 0.0325932 secs] [Times: user=0.25 sys=0.00, real=0.03 secs] 
2020-09-29T18:12:02.873+0200: 16.430: [GC (Allocation Failure) 2020-09-29T18:12:02.873+0200: 16.430: [ParNew: 613440K->51732K(613440K), 0.0249468 secs] 616557K->54849K(2029056K), 0.0250131 secs] [Times: user=0.25 sys=0.00, real=0.03 secs] 
2020-09-29T18:12:02.954+0200: 16.511: [GC (Allocation Failure) 2020-09-29T18:12:02.954+0200: 16.511: [ParNew: 597076K->41812K(613440K), 0.0241129 secs] 600193K->44929K(2029056K), 0.0241843 secs] [Times: user=0.25 sys=0.00, real=0.02 secs] 
2020-09-29T18:12:03.028+0200: 16.585: [GC (Allocation Failure) 2020-09-29T18:12:03.028+0200: 16.585: [ParNew: 587156K->29521K(613440K), 0.0148093 secs] 590273K->32638K(2029056K), 0.0148860 secs] [Times: user=0.13 sys=0.00, real=0.01 secs] 
2020-09-29T18:12:03.098+0200: 16.656: [GC (Allocation Failure) 2020-09-29T18:12:03.098+0200: 16.656: [ParNew: 574865K->46756K(613440K), 0.0270524 secs] 577982K->49874K(2029056K), 0.0271213 secs] [Times: user=0.13 sys=0.00, real=0.03 secs] 
2020-09-29T18:12:03.177+0200: 16.734: [GC (Allocation Failure) 2020-09-29T18:12:03.177+0200: 16.734: [ParNew: 592100K->60767K(613440K), 0.0273164 secs] 595218K->63885K(2029056K), 0.0273825 secs] [Times: user=0.13 sys=0.00, real=0.03 secs] 
2020-09-29T18:12:03.252+0200: 16.810: [GC (Allocation Failure) 2020-09-29T18:12:03.252+0200: 16.810: [ParNew: 606111K->47070K(613440K), 0.0248303 secs] 609229K->50188K(2029056K), 0.0248991 secs] [Times: user=0.25 sys=0.00, real=0.02 secs] 
2020-09-29T18:12:03.326+0200: 16.884: [GC (Allocation Failure) 2020-09-29T18:12:03.326+0200: 16.884: [ParNew: 592414K->34565K(613440K), 0.0165982 secs] 595532K->37683K(2029056K), 0.0166671 secs] [Times: user=0.13 sys=0.00, real=0.02 secs] 
2020-09-29T18:12:03.399+0200: 16.956: [GC (Allocation Failure) 2020-09-29T18:12:03.399+0200: 16.956: [ParNew: 579909K->50983K(613440K), 0.0293485 secs] 583027K->54100K(2029056K), 0.0294187 secs] [Times: user=0.25 sys=0.00, real=0.03 secs] 
2020-09-29T18:12:03.478+0200: 17.036: [GC (Allocation Failure) 2020-09-29T18:12:03.478+0200: 17.036: [ParNew: 596327K->37666K(613440K), 0.0221274 secs] 599444K->40783K(2029056K), 0.0221946 secs] [Times: user=0.13 sys=0.00, real=0.02 secs] 
2020-09-29T18:12:03.547+0200: 17.104: [GC (Allocation Failure) 2020-09-29T18:12:03.547+0200: 17.104: [ParNew: 583010K->61321K(613440K), 0.0279192 secs] 586127K->64438K(2029056K), 0.0280008 secs] [Times: user=0.23 sys=0.00, real=0.03 secs] 
2020-09-29T18:12:03.624+0200: 17.181: [GC (Allocation Failure) 2020-09-29T18:12:03.624+0200: 17.181: [ParNew: 606665K->43682K(613440K), 0.0267962 secs] 609782K->46800K(2029056K), 0.0268638 secs] [Times: user=0.23 sys=0.00, real=0.03 secs] 
2020-09-29T18:12:03.703+0200: 17.261: [GC (Allocation Failure) 2020-09-29T18:12:03.703+0200: 17.261: [ParNew: 589026K->68096K(613440K), 0.0318197 secs] 592144K->71213K(2029056K), 0.0319206 secs] [Times: user=0.25 sys=0.00, real=0.03 secs] 
2020-09-29T18:12:03.787+0200: 17.345: [GC (Allocation Failure) 2020-09-29T18:12:03.788+0200: 17.345: [ParNew: 613440K->56845K(613440K), 0.0257122 secs] 616557K->59962K(2029056K), 0.0258180 secs] [Times: user=0.13 sys=0.00, real=0.03 secs] 
2020-09-29T18:12:03.864+0200: 17.421: [GC (Allocation Failure) 2020-09-29T18:12:03.864+0200: 17.421: [ParNew: 602189K->53322K(613440K), 0.0315464 secs] 605306K->56440K(2029056K), 0.0316377 secs] [Times: user=0.25 sys=0.00, real=0.03 secs] 
2020-09-29T18:12:03.951+0200: 17.509: [GC (Allocation Failure) 2020-09-29T18:12:03.951+0200: 17.509: [ParNew: 598666K->50123K(613440K), 0.0227614 secs] 601784K->53240K(2029056K), 0.0228328 secs] [Times: user=0.25 sys=0.00, real=0.02 secs] 
2020-09-29T18:12:04.023+0200: 17.580: [GC (Allocation Failure) 2020-09-29T18:12:04.023+0200: 17.580: [ParNew: 595467K->63778K(613440K), 0.0294272 secs] 598584K->66896K(2029056K), 0.0294975 secs] [Times: user=0.25 sys=0.00, real=0.03 secs] 
2020-09-29T18:12:04.101+0200: 17.658: [GC (Allocation Failure) 2020-09-29T18:12:04.101+0200: 17.658: [ParNew: 609122K->46861K(613440K), 0.0210202 secs] 612240K->49979K(2029056K), 0.0210872 secs] [Times: user=0.13 sys=0.00, real=0.02 secs] 
2020-09-29T18:12:04.179+0200: 17.737: [GC (Allocation Failure) 2020-09-29T18:12:04.180+0200: 17.737: [ParNew: 592205K->34776K(613440K), 0.0193204 secs] 595323K->37894K(2029056K), 0.0193939 secs] [Times: user=0.13 sys=0.00, real=0.02 secs] 
2020-09-29T18:12:04.253+0200: 17.810: [GC (Allocation Failure) 2020-09-29T18:12:04.253+0200: 17.810: [ParNew: 580120K->49944K(613440K), 0.0261077 secs] 583238K->53062K(2029056K), 0.0261770 secs] [Times: user=0.25 sys=0.00, real=0.03 secs] 
2020-09-29T18:12:04.329+0200: 17.886: [GC (Allocation Failure) 2020-09-29T18:12:04.329+0200: 17.886: [ParNew: 595288K->41210K(613440K), 0.0171300 secs] 598406K->44327K(2029056K), 0.0172183 secs] [Times: user=0.13 sys=0.00, real=0.02 secs] 
2020-09-29T18:12:04.395+0200: 17.952: [GC (Allocation Failure) 2020-09-29T18:12:04.395+0200: 17.952: [ParNew: 586554K->36783K(613440K), 0.0246382 secs] 589671K->39900K(2029056K), 0.0247093 secs] [Times: user=0.13 sys=0.00, real=0.03 secs] 
2020-09-29T18:12:04.475+0200: 18.032: [GC (Allocation Failure) 2020-09-29T18:12:04.475+0200: 18.032: [ParNew: 582127K->31742K(613440K), 0.0141775 secs] 585244K->34859K(2029056K), 0.0142446 secs] [Times: user=0.13 sys=0.00, real=0.01 secs] 
2020-09-29T18:12:04.560+0200: 18.117: [GC (Allocation Failure) 2020-09-29T18:12:04.560+0200: 18.117: [ParNew: 577086K->47128K(613440K), 0.0286245 secs] 580203K->50246K(2029056K), 0.0286974 secs] [Times: user=0.25 sys=0.00, real=0.03 secs] 
2020-09-29T18:12:04.639+0200: 18.196: [GC (Allocation Failure) 2020-09-29T18:12:04.639+0200: 18.196: [ParNew: 592472K->41623K(613440K), 0.0187070 secs] 595590K->44741K(2029056K), 0.0187823 secs] [Times: user=0.13 sys=0.00, real=0.02 secs] 
2020-09-29T18:12:04.715+0200: 18.272: [GC (Allocation Failure) 2020-09-29T18:12:04.715+0200: 18.272: [ParNew: 586967K->56242K(613440K), 0.0267462 secs] 590085K->59359K(2029056K), 0.0268175 secs] [Times: user=0.25 sys=0.00, real=0.03 secs] 
2020-09-29T18:12:04.794+0200: 18.351: [GC (Allocation Failure) 2020-09-29T18:12:04.794+0200: 18.352: [ParNew: 601586K->40219K(613440K), 0.0247140 secs] 604703K->43336K(2029056K), 0.0247832 secs] [Times: user=0.25 sys=0.00, real=0.03 secs] 
2020-09-29T18:12:04.865+0200: 18.423: [GC (Allocation Failure) 2020-09-29T18:12:04.865+0200: 18.423: [ParNew: 585563K->64734K(613440K), 0.0311964 secs] 588680K->67852K(2029056K), 0.0312701 secs] [Times: user=0.25 sys=0.00, real=0.03 secs] 
2020-09-29T18:12:04.945+0200: 18.502: [GC (Allocation Failure) 2020-09-29T18:12:04.945+0200: 18.502: [ParNew: 610078K->51981K(613440K), 0.0217005 secs] 613196K->55099K(2029056K), 0.0217684 secs] [Times: user=0.13 sys=0.00, real=0.02 secs] 
2020-09-29T18:12:05.031+0200: 18.588: [GC (Allocation Failure) 2020-09-29T18:12:05.031+0200: 18.588: [ParNew: 597325K->42566K(613440K), 0.0221113 secs] 600443K->45684K(2029056K), 0.0221861 secs] [Times: user=0.25 sys=0.00, real=0.02 secs] 
2020-09-29T18:12:05.101+0200: 18.658: [GC (Allocation Failure) 2020-09-29T18:12:05.101+0200: 18.658: [ParNew: 587910K->57307K(613440K), 0.0282266 secs] 591028K->60425K(2029056K), 0.0282954 secs] [Times: user=0.13 sys=0.00, real=0.03 secs] 
2020-09-29T18:12:05.179+0200: 18.736: [GC (Allocation Failure) 2020-09-29T18:12:05.179+0200: 18.736: [ParNew: 602651K->42166K(613440K), 0.0263812 secs] 605769K->45283K(2029056K), 0.0264502 secs] [Times: user=0.13 sys=0.00, real=0.03 secs] 
2020-09-29T18:12:05.255+0200: 18.813: [GC (Allocation Failure) 2020-09-29T18:12:05.255+0200: 18.813: [ParNew: 587510K->38563K(613440K), 0.0182650 secs] 590627K->41681K(2029056K), 0.0183332 secs] [Times: user=0.13 sys=0.00, real=0.02 secs] 
2020-09-29T18:12:05.328+0200: 18.885: [GC (Allocation Failure) 2020-09-29T18:12:05.328+0200: 18.885: [ParNew: 583907K->39264K(613440K), 0.0264206 secs] 587025K->42382K(2029056K), 0.0264979 secs] [Times: user=0.25 sys=0.00, real=0.03 secs] 
2020-09-29T18:12:05.408+0200: 18.965: [GC (Allocation Failure) 2020-09-29T18:12:05.408+0200: 18.965: [ParNew: 584608K->48992K(613440K), 0.0276225 secs] 587726K->52110K(2029056K), 0.0276984 secs] [Times: user=0.23 sys=0.00, real=0.03 secs] 
2020-09-29T18:12:05.494+0200: 19.051: [GC (Allocation Failure) 2020-09-29T18:12:05.494+0200: 19.051: [ParNew: 594336K->58847K(613440K), 0.0326418 secs] 597454K->61965K(2029056K), 0.0327322 secs] [Times: user=0.25 sys=0.00, real=0.03 secs] 
2020-09-29T18:12:05.580+0200: 19.137: [GC (Allocation Failure) 2020-09-29T18:12:05.580+0200: 19.137: [ParNew: 604191K->41911K(613440K), 0.0258301 secs] 607309K->45029K(2029056K), 0.0259078 secs] [Times: user=0.22 sys=0.00, real=0.03 secs] 
2020-09-29T18:12:05.662+0200: 19.219: [GC (Allocation Failure) 2020-09-29T18:12:05.662+0200: 19.219: [ParNew: 587255K->56325K(613440K), 0.0320440 secs] 590373K->59443K(2029056K), 0.0321945 secs] [Times: user=0.23 sys=0.00, real=0.03 secs] 
2020-09-29T18:12:05.752+0200: 19.308: [GC (Allocation Failure) 2020-09-29T18:12:05.752+0200: 19.308: [ParNew: 601669K->44751K(613440K), 0.0292072 secs] 604787K->47869K(2029056K), 0.0292893 secs] [Times: user=0.25 sys=0.00, real=0.03 secs] 
2020-09-29T18:12:05.839+0200: 19.396: [GC (Allocation Failure) 2020-09-29T18:12:05.839+0200: 19.396: [ParNew: 590095K->57403K(613440K), 0.0349003 secs] 593213K->60521K(2029056K), 0.0349765 secs] [Times: user=0.19 sys=0.00, real=0.04 secs] 
2020-09-29T18:12:05.930+0200: 19.487: [GC (Allocation Failure) 2020-09-29T18:12:05.930+0200: 19.487: [ParNew: 602747K->44572K(613440K), 0.0295972 secs] 605865K->47689K(2029056K), 0.0296885 secs] [Times: user=0.22 sys=0.00, real=0.03 secs] 
2020-09-29T18:12:06.017+0200: 19.574: [GC (Allocation Failure) 2020-09-29T18:12:06.017+0200: 19.574: [ParNew: 589916K->38821K(613440K), 0.0264911 secs] 593033K->41938K(2029056K), 0.0265749 secs] [Times: user=0.25 sys=0.00, real=0.03 secs] 
2020-09-29T18:12:06.104+0200: 19.661: [GC (Allocation Failure) 2020-09-29T18:12:06.104+0200: 19.661: [ParNew: 584165K->61358K(613440K), 0.0336341 secs] 587282K->64475K(2029056K), 0.0337085 secs] [Times: user=0.25 sys=0.00, real=0.03 secs] 
2020-09-29T18:12:06.186+0200: 19.743: [GC (Allocation Failure) 2020-09-29T18:12:06.186+0200: 19.743: [ParNew: 606702K->49377K(613440K), 0.0324444 secs] 609819K->52495K(2029056K), 0.0325216 secs] [Times: user=0.25 sys=0.00, real=0.03 secs] 
2020-09-29T18:12:06.274+0200: 19.831: [GC (Allocation Failure) 2020-09-29T18:12:06.274+0200: 19.831: [ParNew: 594721K->40529K(613440K), 0.0130571 secs] 597839K->43646K(2029056K), 0.0131303 secs] [Times: user=0.13 sys=0.00, real=0.01 secs] 
2020-09-29T18:12:06.353+0200: 19.910: [GC (Allocation Failure) 2020-09-29T18:12:06.353+0200: 19.910: [ParNew: 585873K->41721K(613440K), 0.0296863 secs] 588990K->44839K(2029056K), 0.0297614 secs] [Times: user=0.25 sys=0.00, real=0.03 secs] 
2020-09-29T18:12:06.441+0200: 19.998: [GC (Allocation Failure) 2020-09-29T18:12:06.441+0200: 19.998: [ParNew: 587065K->60669K(613440K), 0.0358955 secs] 590183K->63786K(2029056K), 0.0359712 secs] [Times: user=0.38 sys=0.00, real=0.04 secs] 
2020-09-29T18:12:06.527+0200: 20.084: [GC (Allocation Failure) 2020-09-29T18:12:06.527+0200: 20.084: [ParNew: 606013K->68096K(613440K), 0.0351443 secs] 609130K->71300K(2029056K), 0.0352185 secs] [Times: user=0.25 sys=0.00, real=0.04 secs] 
2020-09-29T18:12:06.618+0200: 20.175: [GC (Allocation Failure) 2020-09-29T18:12:06.618+0200: 20.175: [ParNew: 613440K->47063K(613440K), 0.0259175 secs] 616644K->50268K(2029056K), 0.0259924 secs] [Times: user=0.13 sys=0.00, real=0.03 secs] 
2020-09-29T18:12:06.707+0200: 20.264: [GC (Allocation Failure) 2020-09-29T18:12:06.707+0200: 20.264: [ParNew: 592407K->62588K(613440K), 0.0332953 secs] 595612K->65793K(2029056K), 0.0333828 secs] [Times: user=0.33 sys=0.00, real=0.03 secs] 
2020-09-29T18:12:06.796+0200: 20.353: [GC (Allocation Failure) 2020-09-29T18:12:06.796+0200: 20.353: [ParNew: 607932K->48547K(613440K), 0.0319876 secs] 611137K->51752K(2029056K), 0.0320622 secs] [Times: user=0.25 sys=0.00, real=0.03 secs] 
2020-09-29T18:12:06.881+0200: 20.438: [GC (Allocation Failure) 2020-09-29T18:12:06.881+0200: 20.438: [ParNew: 593891K->50291K(613440K), 0.0312550 secs] 597096K->53496K(2029056K), 0.0313290 secs] [Times: user=0.25 sys=0.00, real=0.03 secs] 
2020-09-29T18:12:06.965+0200: 20.522: [GC (Allocation Failure) 2020-09-29T18:12:06.965+0200: 20.522: [ParNew: 595635K->47965K(613440K), 0.0294207 secs] 598840K->51170K(2029056K), 0.0295127 secs] [Times: user=0.25 sys=0.00, real=0.03 secs] 
2020-09-29T18:12:07.048+0200: 20.605: [GC (Allocation Failure) 2020-09-29T18:12:07.049+0200: 20.605: [ParNew: 593309K->47230K(613440K), 0.0299301 secs] 596514K->50435K(2029056K), 0.0300187 secs] [Times: user=0.25 sys=0.00, real=0.03 secs] 
2020-09-29T18:12:07.133+0200: 20.690: [GC (Allocation Failure) 2020-09-29T18:12:07.133+0200: 20.690: [ParNew: 592574K->42714K(613440K), 0.0290685 secs] 595779K->45918K(2029056K), 0.0368236 secs] [Times: user=0.25 sys=0.00, real=0.04 secs] 
2020-09-29T18:12:07.232+0200: 20.789: [GC (Allocation Failure) 2020-09-29T18:12:07.232+0200: 20.789: [ParNew: 588058K->42749K(613440K), 0.0271313 secs] 591262K->45954K(2029056K), 0.0272114 secs] [Times: user=0.25 sys=0.00, real=0.03 secs] 
2020-09-29T18:12:07.316+0200: 20.873: [GC (Allocation Failure) 2020-09-29T18:12:07.316+0200: 20.873: [ParNew: 588093K->37341K(613440K), 0.0257785 secs] 591298K->40546K(2029056K), 0.0258533 secs] [Times: user=0.25 sys=0.00, real=0.03 secs] 
2020-09-29T18:12:07.396+0200: 20.953: [GC (Allocation Failure) 2020-09-29T18:12:07.396+0200: 20.953: [ParNew: 582685K->35189K(613440K), 0.0233628 secs] 585890K->38394K(2029056K), 0.0234396 secs] [Times: user=0.13 sys=0.00, real=0.02 secs] 
2020-09-29T18:12:07.475+0200: 21.032: [GC (Allocation Failure) 2020-09-29T18:12:07.475+0200: 21.032: [ParNew: 580533K->56617K(613440K), 0.0312253 secs] 583738K->59822K(2029056K), 0.0313197 secs] [Times: user=0.25 sys=0.00, real=0.03 secs] 
2020-09-29T18:12:07.559+0200: 21.116: [GC (Allocation Failure) 2020-09-29T18:12:07.559+0200: 21.116: [ParNew: 601961K->65222K(613440K), 0.0386166 secs] 605166K->68427K(2029056K), 0.0387191 secs] [Times: user=0.26 sys=0.00, real=0.04 secs] 
2020-09-29T18:12:07.647+0200: 21.204: [GC (Allocation Failure) 2020-09-29T18:12:07.647+0200: 21.204: [ParNew: 610566K->47758K(613440K), 0.0211274 secs] 613771K->50963K(2029056K), 0.0212074 secs] [Times: user=0.11 sys=0.00, real=0.02 secs] 
2020-09-29T18:12:07.736+0200: 21.293: [GC (Allocation Failure) 2020-09-29T18:12:07.736+0200: 21.293: [ParNew: 593102K->43646K(613440K), 0.0269927 secs] 596307K->46851K(2029056K), 0.0270852 secs] [Times: user=0.25 sys=0.00, real=0.03 secs] 
2020-09-29T18:12:07.820+0200: 21.378: [GC (Allocation Failure) 2020-09-29T18:12:07.820+0200: 21.378: [ParNew: 588990K->61232K(613440K), 0.0349369 secs] 592195K->64437K(2029056K), 0.0350149 secs] [Times: user=0.25 sys=0.00, real=0.04 secs] 
2020-09-29T18:12:07.906+0200: 21.463: [GC (Allocation Failure) 2020-09-29T18:12:07.906+0200: 21.463: [ParNew: 606576K->52250K(613440K), 0.0247989 secs] 609781K->55455K(2029056K), 0.0248722 secs] [Times: user=0.25 sys=0.00, real=0.03 secs] 
2020-09-29T18:12:07.992+0200: 21.549: [GC (Allocation Failure) 2020-09-29T18:12:07.992+0200: 21.549: [ParNew: 597594K->46351K(613440K), 0.0252336 secs] 600799K->49556K(2029056K), 0.0253200 secs] [Times: user=0.13 sys=0.00, real=0.02 secs] 
2020-09-29T18:12:08.071+0200: 21.629: [GC (Allocation Failure) 2020-09-29T18:12:08.071+0200: 21.629: [ParNew: 591695K->33542K(613440K), 0.0216925 secs] 594900K->36747K(2029056K), 0.0217701 secs] [Times: user=0.13 sys=0.00, real=0.02 secs] 
2020-09-29T18:12:08.145+0200: 21.703: [GC (Allocation Failure) 2020-09-29T18:12:08.145+0200: 21.703: [ParNew: 578886K->43371K(613440K), 0.0270076 secs] 582091K->46576K(2029056K), 0.0270820 secs] [Times: user=0.13 sys=0.00, real=0.03 secs] 
2020-09-29T18:12:08.227+0200: 21.785: [GC (Allocation Failure) 2020-09-29T18:12:08.227+0200: 21.785: [ParNew: 588715K->61087K(613440K), 0.0344421 secs] 591920K->64292K(2029056K), 0.0345219 secs] [Times: user=0.25 sys=0.00, real=0.04 secs] 
2020-09-29T18:12:08.313+0200: 21.870: [GC (Allocation Failure) 2020-09-29T18:12:08.313+0200: 21.870: [ParNew: 606431K->38190K(613440K), 0.0178531 secs] 609636K->41395K(2029056K), 0.0179341 secs] [Times: user=0.13 sys=0.00, real=0.02 secs] 
2020-09-29T18:12:08.393+0200: 21.950: [GC (Allocation Failure) 2020-09-29T18:12:08.393+0200: 21.950: [ParNew: 583534K->18518K(613440K), 0.0138626 secs] 586739K->21723K(2029056K), 0.0139515 secs] [Times: user=0.11 sys=0.01, real=0.01 secs] 
2020-09-29T18:12:08.471+0200: 22.028: [GC (Allocation Failure) 2020-09-29T18:12:08.471+0200: 22.028: [ParNew: 563862K->46231K(613440K), 0.0298092 secs] 567067K->49436K(2029056K), 0.0298852 secs] [Times: user=0.25 sys=0.00, real=0.03 secs] 
2020-09-29T18:12:08.556+0200: 22.114: [GC (Allocation Failure) 2020-09-29T18:12:08.556+0200: 22.114: [ParNew: 591575K->57097K(613440K), 0.0291028 secs] 594780K->60302K(2029056K), 0.0292150 secs] [Times: user=0.25 sys=0.00, real=0.03 secs] 
2020-09-29T18:12:08.650+0200: 22.207: [GC (Allocation Failure) 2020-09-29T18:12:08.650+0200: 22.207: [ParNew: 602441K->47145K(613440K), 0.0289096 secs] 605646K->50349K(2029056K), 0.0290025 secs] [Times: user=0.25 sys=0.00, real=0.03 secs] 
2020-09-29T18:12:08.727+0200: 22.284: [GC (Allocation Failure) 2020-09-29T18:12:08.727+0200: 22.284: [ParNew: 592489K->42830K(613440K), 0.0257861 secs] 595693K->46035K(2029056K), 0.0258702 secs] [Times: user=0.13 sys=0.00, real=0.03 secs] 
2020-09-29T18:12:08.806+0200: 22.364: [GC (Allocation Failure) 2020-09-29T18:12:08.807+0200: 22.364: [ParNew: 588174K->39387K(613440K), 0.0233312 secs] 591379K->42592K(2029056K), 0.0234190 secs] [Times: user=0.13 sys=0.00, real=0.02 secs] 
2020-09-29T18:12:08.878+0200: 22.435: [GC (Allocation Failure) 2020-09-29T18:12:08.878+0200: 22.435: [ParNew: 584731K->56019K(613440K), 0.0302020 secs] 587936K->59224K(2029056K), 0.0302741 secs] [Times: user=0.25 sys=0.00, real=0.03 secs] 
2020-09-29T18:12:08.957+0200: 22.515: [GC (Allocation Failure) 2020-09-29T18:12:08.957+0200: 22.515: [ParNew: 601363K->39681K(613440K), 0.0206565 secs] 604568K->42886K(2029056K), 0.0207285 secs] [Times: user=0.13 sys=0.00, real=0.02 secs] 
2020-09-29T18:12:09.048+0200: 22.606: [GC (Allocation Failure) 2020-09-29T18:12:09.048+0200: 22.606: [ParNew: 585025K->40057K(613440K), 0.0294970 secs] 588230K->43262K(2029056K), 0.0295734 secs] [Times: user=0.25 sys=0.00, real=0.03 secs] 
2020-09-29T18:12:09.126+0200: 22.684: [GC (Allocation Failure) 2020-09-29T18:12:09.126+0200: 22.684: [ParNew: 585401K->41079K(613440K), 0.0267538 secs] 588606K->44284K(2029056K), 0.0268521 secs] [Times: user=0.25 sys=0.00, real=0.03 secs] 
2020-09-29T18:12:09.206+0200: 22.764: [GC (Allocation Failure) 2020-09-29T18:12:09.206+0200: 22.764: [ParNew: 586423K->38398K(613440K), 0.0271212 secs] 589628K->41603K(2029056K), 0.0272017 secs] [Times: user=0.16 sys=0.00, real=0.03 secs] 
2020-09-29T18:12:09.289+0200: 22.847: [GC (Allocation Failure) 2020-09-29T18:12:09.289+0200: 22.847: [ParNew: 583742K->61989K(613440K), 0.0333761 secs] 586947K->65194K(2029056K), 0.0334623 secs] [Times: user=0.25 sys=0.00, real=0.03 secs] 
2020-09-29T18:12:09.375+0200: 22.933: [GC (Allocation Failure) 2020-09-29T18:12:09.376+0200: 22.933: [ParNew: 607333K->40107K(613440K), 0.0248360 secs] 610538K->43312K(2029056K), 0.0249514 secs] [Times: user=0.25 sys=0.00, real=0.03 secs] 
2020-09-29T18:12:09.459+0200: 23.017: [GC (Allocation Failure) 2020-09-29T18:12:09.459+0200: 23.017: [ParNew: 585451K->35313K(613440K), 0.0216554 secs] 588656K->38518K(2029056K), 0.0217456 secs] [Times: user=0.13 sys=0.00, real=0.02 secs] 
2020-09-29T18:12:09.540+0200: 23.097: [GC (Allocation Failure) 2020-09-29T18:12:09.540+0200: 23.097: [ParNew: 580657K->30787K(613440K), 0.0219145 secs] 583862K->33992K(2029056K), 0.0220120 secs] [Times: user=0.13 sys=0.00, real=0.02 secs] 
2020-09-29T18:12:09.637+0200: 23.194: [GC (Allocation Failure) 2020-09-29T18:12:09.637+0200: 23.194: [ParNew: 576131K->30980K(613440K), 0.0207051 secs] 579336K->34185K(2029056K), 0.0207870 secs] [Times: user=0.11 sys=0.00, real=0.02 secs] 
2020-09-29T18:12:09.706+0200: 23.263: [GC (Allocation Failure) 2020-09-29T18:12:09.706+0200: 23.263: [ParNew: 576324K->21436K(613440K), 0.0189944 secs] 579529K->24641K(2029056K), 0.0190678 secs] [Times: user=0.25 sys=0.00, real=0.02 secs] 
2020-09-29T18:12:09.787+0200: 23.344: [GC (Allocation Failure) 2020-09-29T18:12:09.787+0200: 23.344: [ParNew: 566780K->37122K(613440K), 0.0246449 secs] 569985K->40327K(2029056K), 0.0247210 secs] [Times: user=0.13 sys=0.00, real=0.02 secs] 
2020-09-29T18:12:09.868+0200: 23.425: [GC (Allocation Failure) 2020-09-29T18:12:09.868+0200: 23.425: [ParNew: 582466K->29046K(613440K), 0.0224044 secs] 585671K->32251K(2029056K), 0.0299928 secs] [Times: user=0.13 sys=0.00, real=0.03 secs] 
2020-09-29T18:12:09.949+0200: 23.506: [GC (Allocation Failure) 2020-09-29T18:12:09.949+0200: 23.506: [ParNew: 574390K->51231K(613440K), 0.0286684 secs] 577595K->54436K(2029056K), 0.0287575 secs] [Times: user=0.25 sys=0.00, real=0.03 secs] 
2020-09-29T18:12:10.025+0200: 23.582: [GC (Allocation Failure) 2020-09-29T18:12:10.025+0200: 23.582: [ParNew: 596575K->38734K(613440K), 0.0264675 secs] 599780K->41939K(2029056K), 0.0265430 secs] [Times: user=0.14 sys=0.00, real=0.03 secs] 
2020-09-29T18:12:10.107+0200: 23.664: [GC (Allocation Failure) 2020-09-29T18:12:10.107+0200: 23.664: [ParNew: 584078K->61227K(613440K), 0.0343617 secs] 587283K->64432K(2029056K), 0.0344594 secs] [Times: user=0.25 sys=0.00, real=0.03 secs] 
2020-09-29T18:12:10.189+0200: 23.746: [GC (Allocation Failure) 2020-09-29T18:12:10.189+0200: 23.746: [ParNew: 606571K->48584K(613440K), 0.0325393 secs] 609776K->51789K(2029056K), 0.0326352 secs] [Times: user=0.25 sys=0.00, real=0.03 secs] 
2020-09-29T18:12:10.285+0200: 23.842: [GC (Allocation Failure) 2020-09-29T18:12:10.285+0200: 23.842: [ParNew: 593928K->44586K(613440K), 0.0240701 secs] 597133K->47791K(2029056K), 0.0241489 secs] [Times: user=0.25 sys=0.00, real=0.02 secs] 
2020-09-29T18:12:10.364+0200: 23.921: [GC (Allocation Failure) 2020-09-29T18:12:10.364+0200: 23.921: [ParNew: 589930K->63665K(613440K), 0.0240510 secs] 593135K->66870K(2029056K), 0.0241457 secs] [Times: user=0.13 sys=0.00, real=0.02 secs] 
2020-09-29T18:12:10.439+0200: 23.995: [GC (Allocation Failure) 2020-09-29T18:12:10.439+0200: 23.995: [ParNew: 609009K->52102K(613440K), 0.0179405 secs] 612214K->55307K(2029056K), 0.0180237 secs] [Times: user=0.13 sys=0.00, real=0.02 secs] 
2020-09-29T18:12:10.504+0200: 24.060: [GC (Allocation Failure) 2020-09-29T18:12:10.504+0200: 24.060: [ParNew: 597446K->45172K(613440K), 0.0165155 secs] 600651K->48377K(2029056K), 0.0165766 secs] [Times: user=0.13 sys=0.00, real=0.02 secs] 
2020-09-29T18:12:10.568+0200: 24.124: [GC (Allocation Failure) 2020-09-29T18:12:10.568+0200: 24.124: [ParNew: 590516K->36688K(613440K), 0.0154439 secs] 593721K->39893K(2029056K), 0.0155644 secs] [Times: user=0.13 sys=0.00, real=0.01 secs] 
2020-09-29T18:12:10.631+0200: 24.188: [GC (Allocation Failure) 2020-09-29T18:12:10.631+0200: 24.188: [ParNew: 582032K->34742K(613440K), 0.0126308 secs] 585237K->37947K(2029056K), 0.0126980 secs] [Times: user=0.00 sys=0.00, real=0.01 secs] 
2020-09-29T18:12:10.693+0200: 24.250: [GC (Allocation Failure) 2020-09-29T18:12:10.693+0200: 24.250: [ParNew: 580086K->51161K(613440K), 0.0178611 secs] 583291K->54366K(2029056K), 0.0179172 secs] [Times: user=0.13 sys=0.00, real=0.02 secs] 
2020-09-29T18:12:10.758+0200: 24.315: [GC (Allocation Failure) 2020-09-29T18:12:10.758+0200: 24.315: [ParNew: 596505K->63153K(613440K), 0.0212750 secs] 599710K->66358K(2029056K), 0.0213461 secs] [Times: user=0.13 sys=0.00, real=0.02 secs] 
2020-09-29T18:12:10.828+0200: 24.384: [GC (Allocation Failure) 2020-09-29T18:12:10.828+0200: 24.384: [ParNew: 608497K->52478K(613440K), 0.0151830 secs] 611702K->55682K(2029056K), 0.0152380 secs] [Times: user=0.13 sys=0.00, real=0.01 secs] 
2020-09-29T18:12:10.893+0200: 24.450: [GC (Allocation Failure) 2020-09-29T18:12:10.893+0200: 24.450: [ParNew: 597822K->48357K(613440K), 0.0207667 secs] 601026K->51562K(2029056K), 0.0208631 secs] [Times: user=0.25 sys=0.00, real=0.02 secs] 
2020-09-29T18:12:10.961+0200: 24.518: [GC (Allocation Failure) 2020-09-29T18:12:10.961+0200: 24.518: [ParNew: 593701K->39801K(613440K), 0.0151861 secs] 596906K->43006K(2029056K), 0.0152513 secs] [Times: user=0.13 sys=0.00, real=0.02 secs] 
2020-09-29T18:12:11.024+0200: 24.581: [GC (Allocation Failure) 2020-09-29T18:12:11.024+0200: 24.581: [ParNew: 585145K->36982K(613440K), 0.0138138 secs] 588350K->40187K(2029056K), 0.0138701 secs] [Times: user=0.13 sys=0.00, real=0.01 secs] 
2020-09-29T18:12:11.088+0200: 24.644: [GC (Allocation Failure) 2020-09-29T18:12:11.088+0200: 24.644: [ParNew: 582326K->68096K(613440K), 0.0237124 secs] 585531K->71300K(2029056K), 0.0237757 secs] [Times: user=0.13 sys=0.00, real=0.02 secs] 
2020-09-29T18:12:11.158+0200: 24.715: [GC (Allocation Failure) 2020-09-29T18:12:11.158+0200: 24.715: [ParNew: 613440K->68096K(613440K), 0.0299762 secs] 616644K->75464K(2029056K), 0.0300351 secs] [Times: user=0.25 sys=0.00, real=0.03 secs] 
2020-09-29T18:12:11.235+0200: 24.792: [GC (Allocation Failure) 2020-09-29T18:12:11.235+0200: 24.792: [ParNew: 613440K->56674K(613440K), 0.0172660 secs] 620808K->64042K(2029056K), 0.0249380 secs] [Times: user=0.13 sys=0.00, real=0.03 secs] 
2020-09-29T18:12:11.308+0200: 24.865: [GC (Allocation Failure) 2020-09-29T18:12:11.308+0200: 24.865: [ParNew: 602018K->48435K(613440K), 0.0170368 secs] 609386K->55803K(2029056K), 0.0170914 secs] [Times: user=0.13 sys=0.00, real=0.02 secs] 
2020-09-29T18:12:11.372+0200: 24.929: [GC (Allocation Failure) 2020-09-29T18:12:11.372+0200: 24.929: [ParNew: 593779K->38299K(613440K), 0.0151942 secs] 601147K->45667K(2029056K), 0.0152606 secs] [Times: user=0.13 sys=0.00, real=0.02 secs] 
2020-09-29T18:12:11.436+0200: 24.993: [GC (Allocation Failure) 2020-09-29T18:12:11.436+0200: 24.993: [ParNew: 583643K->59530K(613440K), 0.0202852 secs] 591011K->66898K(2029056K), 0.0203466 secs] [Times: user=0.13 sys=0.00, real=0.02 secs] 
2020-09-29T18:12:11.503+0200: 25.060: [GC (Allocation Failure) 2020-09-29T18:12:11.503+0200: 25.060: [ParNew: 603844K->20604K(613440K), 0.0049118 secs] 611212K->27972K(2029056K), 0.0049683 secs] [Times: user=0.13 sys=0.00, real=0.00 secs] 
2020-09-29T18:12:11.554+0200: 25.111: [GC (Allocation Failure) 2020-09-29T18:12:11.554+0200: 25.111: [ParNew: 565948K->37123K(613440K), 0.0185349 secs] 573316K->44491K(2029056K), 0.0186194 secs] [Times: user=0.13 sys=0.00, real=0.02 secs] 
2020-09-29T18:12:11.622+0200: 25.179: [GC (Allocation Failure) 2020-09-29T18:12:11.622+0200: 25.179: [ParNew: 582467K->25740K(613440K), 0.0106650 secs] 589835K->33108K(2029056K), 0.0107330 secs] [Times: user=0.11 sys=0.00, real=0.01 secs] 
2020-09-29T18:12:11.682+0200: 25.239: [GC (Allocation Failure) 2020-09-29T18:12:11.682+0200: 25.239: [ParNew: 571084K->47850K(613440K), 0.0199309 secs] 578452K->55218K(2029056K), 0.0199948 secs] [Times: user=0.13 sys=0.00, real=0.02 secs] 
2020-09-29T18:12:11.750+0200: 25.308: [GC (Allocation Failure) 2020-09-29T18:12:11.750+0200: 25.308: [ParNew: 593194K->68096K(613440K), 0.0203263 secs] 600562K->75464K(2029056K), 0.0204064 secs] [Times: user=0.25 sys=0.00, real=0.02 secs] 
2020-09-29T18:12:11.817+0200: 25.375: [GC (Allocation Failure) 2020-09-29T18:12:11.817+0200: 25.375: [ParNew: 613440K->50757K(613440K), 0.0188608 secs] 620808K->58125K(2029056K), 0.0189238 secs] [Times: user=0.13 sys=0.00, real=0.02 secs] 
2020-09-29T18:12:11.883+0200: 25.440: [GC (Allocation Failure) 2020-09-29T18:12:11.883+0200: 25.440: [ParNew: 596101K->42105K(613440K), 0.0189880 secs] 603469K->49473K(2029056K), 0.0190448 secs] [Times: user=0.13 sys=0.00, real=0.02 secs] 
2020-09-29T18:12:11.949+0200: 25.506: [GC (Allocation Failure) 2020-09-29T18:12:11.949+0200: 25.506: [ParNew: 587449K->39569K(613440K), 0.0168242 secs] 594817K->46937K(2029056K), 0.0168765 secs] [Times: user=0.13 sys=0.00, real=0.02 secs] 
2020-09-29T18:12:12.017+0200: 25.574: [GC (Allocation Failure) 2020-09-29T18:12:12.017+0200: 25.574: [ParNew: 584913K->40430K(613440K), 0.0156320 secs] 592281K->47799K(2029056K), 0.0157000 secs] [Times: user=0.13 sys=0.00, real=0.02 secs] 
2020-09-29T18:12:12.084+0200: 25.641: [GC (Allocation Failure) 2020-09-29T18:12:12.084+0200: 25.641: [ParNew: 585774K->34560K(613440K), 0.0164153 secs] 593143K->41928K(2029056K), 0.0164782 secs] [Times: user=0.13 sys=0.00, real=0.02 secs] 
2020-09-29T18:12:12.151+0200: 25.709: [GC (Allocation Failure) 2020-09-29T18:12:12.151+0200: 25.709: [ParNew: 579904K->54352K(613440K), 0.0211731 secs] 587272K->61720K(2029056K), 0.0212497 secs] [Times: user=0.13 sys=0.00, real=0.02 secs] 
2020-09-29T18:12:12.221+0200: 25.778: [GC (Allocation Failure) 2020-09-29T18:12:12.221+0200: 25.778: [ParNew: 599696K->42459K(613440K), 0.0129371 secs] 607064K->49827K(2029056K), 0.0130017 secs] [Times: user=0.13 sys=0.00, real=0.01 secs] 
2020-09-29T18:12:12.285+0200: 25.842: [GC (Allocation Failure) 2020-09-29T18:12:12.285+0200: 25.842: [ParNew: 587803K->46952K(613440K), 0.0199347 secs] 595171K->54320K(2029056K), 0.0199981 secs] [Times: user=0.25 sys=0.00, real=0.02 secs] 
2020-09-29T18:12:12.359+0200: 25.917: [GC (Allocation Failure) 2020-09-29T18:12:12.360+0200: 25.917: [ParNew: 592296K->58902K(613440K), 0.0184918 secs] 599664K->66270K(2029056K), 0.0185583 secs] [Times: user=0.13 sys=0.00, real=0.02 secs] 
2020-09-29T18:12:12.425+0200: 25.982: [GC (Allocation Failure) 2020-09-29T18:12:12.425+0200: 25.982: [ParNew: 604246K->43962K(613440K), 0.0175281 secs] 611614K->51330K(2029056K), 0.0176123 secs] [Times: user=0.25 sys=0.00, real=0.02 secs] 
2020-09-29T18:12:12.490+0200: 26.047: [GC (Allocation Failure) 2020-09-29T18:12:12.490+0200: 26.047: [ParNew: 589306K->34980K(613440K), 0.0176499 secs] 596674K->42348K(2029056K), 0.0177225 secs] [Times: user=0.13 sys=0.00, real=0.02 secs] 
2020-09-29T18:12:12.555+0200: 26.112: [GC (Allocation Failure) 2020-09-29T18:12:12.555+0200: 26.112: [ParNew: 580324K->38664K(613440K), 0.0153226 secs] 587692K->46032K(2029056K), 0.0153945 secs] [Times: user=0.13 sys=0.00, real=0.01 secs] 
2020-09-29T18:12:12.624+0200: 26.181: [GC (Allocation Failure) 2020-09-29T18:12:12.624+0200: 26.181: [ParNew: 584008K->58174K(613440K), 0.0203478 secs] 591376K->65542K(2029056K), 0.0204131 secs] [Times: user=0.13 sys=0.00, real=0.02 secs] 
2020-09-29T18:12:12.693+0200: 26.250: [GC (Allocation Failure) 2020-09-29T18:12:12.693+0200: 26.250: [ParNew: 603518K->46540K(613440K), 0.0136972 secs] 610886K->53909K(2029056K), 0.0137526 secs] [Times: user=0.00 sys=0.00, real=0.01 secs] 
2020-09-29T18:12:12.754+0200: 26.312: [GC (Allocation Failure) 2020-09-29T18:12:12.754+0200: 26.312: [ParNew: 591884K->20196K(613440K), 0.0084310 secs] 599253K->27564K(2029056K), 0.0085118 secs] [Times: user=0.00 sys=0.00, real=0.01 secs] 
2020-09-29T18:12:12.832+0200: 26.389: [GC (Allocation Failure) 2020-09-29T18:12:12.832+0200: 26.389: [ParNew: 565540K->38253K(613440K), 0.0169399 secs] 572908K->45621K(2029056K), 0.0169960 secs] [Times: user=0.13 sys=0.00, real=0.02 secs] 
2020-09-29T18:12:12.897+0200: 26.455: [GC (Allocation Failure) 2020-09-29T18:12:12.897+0200: 26.455: [ParNew: 583597K->50277K(613440K), 0.0175722 secs] 590965K->57645K(2029056K), 0.0176327 secs] [Times: user=0.13 sys=0.00, real=0.02 secs] 
2020-09-29T18:12:12.962+0200: 26.520: [GC (Allocation Failure) 2020-09-29T18:12:12.962+0200: 26.520: [ParNew: 595621K->34424K(613440K), 0.0165280 secs] 602989K->41793K(2029056K), 0.0165965 secs] [Times: user=0.13 sys=0.00, real=0.02 secs] 
2020-09-29T18:12:13.028+0200: 26.585: [GC (Allocation Failure) 2020-09-29T18:12:13.028+0200: 26.585: [ParNew: 579768K->58372K(613440K), 0.0208344 secs] 587137K->65740K(2029056K), 0.0208907 secs] [Times: user=0.13 sys=0.00, real=0.02 secs] 
2020-09-29T18:12:13.097+0200: 26.654: [GC (Allocation Failure) 2020-09-29T18:12:13.097+0200: 26.654: [ParNew: 603716K->63414K(613440K), 0.0201059 secs] 611084K->70782K(2029056K), 0.0201629 secs] [Times: user=0.25 sys=0.00, real=0.02 secs] 
2020-09-29T18:12:13.165+0200: 26.722: [GC (Allocation Failure) 2020-09-29T18:12:13.165+0200: 26.722: [ParNew: 608758K->44398K(613440K), 0.0207918 secs] 616126K->51766K(2029056K), 0.0208758 secs] [Times: user=0.13 sys=0.00, real=0.02 secs] 
2020-09-29T18:12:13.240+0200: 26.798: [GC (Allocation Failure) 2020-09-29T18:12:13.240+0200: 26.798: [ParNew: 589742K->42643K(613440K), 0.0197832 secs] 597110K->50012K(2029056K), 0.0198401 secs] [Times: user=0.13 sys=0.00, real=0.02 secs] 
2020-09-29T18:12:13.315+0200: 26.872: [GC (Allocation Failure) 2020-09-29T18:12:13.315+0200: 26.872: [ParNew: 587987K->66551K(613440K), 0.0243641 secs] 595356K->73919K(2029056K), 0.0244371 secs] [Times: user=0.25 sys=0.00, real=0.02 secs] 
2020-09-29T18:12:13.390+0200: 26.947: [GC (Allocation Failure) 2020-09-29T18:12:13.390+0200: 26.947: [ParNew: 611895K->56795K(613440K), 0.0223243 secs] 619263K->64163K(2029056K), 0.0223858 secs] [Times: user=0.25 sys=0.00, real=0.02 secs] 
2020-09-29T18:12:13.459+0200: 27.016: [GC (Allocation Failure) 2020-09-29T18:12:13.459+0200: 27.016: [ParNew: 602139K->46086K(613440K), 0.0168055 secs] 609507K->53454K(2029056K), 0.0168709 secs] [Times: user=0.13 sys=0.00, real=0.02 secs] 
2020-09-29T18:12:13.526+0200: 27.083: [GC (Allocation Failure) 2020-09-29T18:12:13.526+0200: 27.083: [ParNew: 591430K->68096K(613440K), 0.0208267 secs] 598798K->75464K(2029056K), 0.0208828 secs] [Times: user=0.13 sys=0.00, real=0.02 secs] 
2020-09-29T18:12:13.595+0200: 27.153: [GC (Allocation Failure) 2020-09-29T18:12:13.595+0200: 27.153: [ParNew: 613440K->39107K(613440K), 0.0093159 secs] 620808K->46475K(2029056K), 0.0093753 secs] [Times: user=0.11 sys=0.00, real=0.01 secs] 
2020-09-29T18:12:13.663+0200: 27.221: [GC (Allocation Failure) 2020-09-29T18:12:13.663+0200: 27.221: [ParNew: 584451K->44907K(613440K), 0.0179820 secs] 591819K->52276K(2029056K), 0.0180383 secs] [Times: user=0.13 sys=0.00, real=0.02 secs] 
2020-09-29T18:12:13.731+0200: 27.289: [GC (Allocation Failure) 2020-09-29T18:12:13.731+0200: 27.289: [ParNew: 590251K->53226K(613440K), 0.0173550 secs] 597620K->60594K(2029056K), 0.0174121 secs] [Times: user=0.13 sys=0.00, real=0.02 secs] 
2020-09-29T18:12:13.802+0200: 27.359: [GC (Allocation Failure) 2020-09-29T18:12:13.802+0200: 27.359: [ParNew: 598570K->40493K(613440K), 0.0161751 secs] 605938K->47861K(2029056K), 0.0162415 secs] [Times: user=0.13 sys=0.00, real=0.02 secs] 
2020-09-29T18:12:13.866+0200: 27.424: [GC (Allocation Failure) 2020-09-29T18:12:13.866+0200: 27.424: [ParNew: 585837K->39265K(613440K), 0.0153814 secs] 593205K->46633K(2029056K), 0.0154495 secs] [Times: user=0.13 sys=0.00, real=0.02 secs] 
2020-09-29T18:12:13.932+0200: 27.489: [GC (Allocation Failure) 2020-09-29T18:12:13.932+0200: 27.489: [ParNew: 584609K->59887K(613440K), 0.0250113 secs] 591977K->67255K(2029056K), 0.0250881 secs] [Times: user=0.25 sys=0.00, real=0.03 secs] 
2020-09-29T18:12:14.005+0200: 27.563: [GC (Allocation Failure) 2020-09-29T18:12:14.005+0200: 27.563: [ParNew: 605231K->56206K(613440K), 0.0204919 secs] 612599K->63574K(2029056K), 0.0205875 secs] [Times: user=0.13 sys=0.00, real=0.02 secs] 
2020-09-29T18:12:14.073+0200: 27.630: [GC (Allocation Failure) 2020-09-29T18:12:14.073+0200: 27.630: [ParNew: 601550K->43028K(613440K), 0.0133519 secs] 608918K->50396K(2029056K), 0.0134450 secs] [Times: user=0.13 sys=0.00, real=0.01 secs] 
2020-09-29T18:12:14.137+0200: 27.695: [GC (Allocation Failure) 2020-09-29T18:12:14.137+0200: 27.695: [ParNew: 588372K->42089K(613440K), 0.0171461 secs] 595740K->49457K(2029056K), 0.0172047 secs] [Times: user=0.13 sys=0.00, real=0.02 secs] 
2020-09-29T18:12:14.204+0200: 27.762: [GC (Allocation Failure) 2020-09-29T18:12:14.204+0200: 27.762: [ParNew: 587433K->62695K(613440K), 0.0225202 secs] 594801K->70063K(2029056K), 0.0225872 secs] [Times: user=0.25 sys=0.00, real=0.02 secs] 
2020-09-29T18:12:14.274+0200: 27.831: [GC (Allocation Failure) 2020-09-29T18:12:14.274+0200: 27.831: [ParNew: 608039K->44353K(613440K), 0.0154569 secs] 615407K->51721K(2029056K), 0.0155468 secs] [Times: user=0.13 sys=0.00, real=0.02 secs] 
2020-09-29T18:12:14.337+0200: 27.895: [GC (Allocation Failure) 2020-09-29T18:12:14.337+0200: 27.895: [ParNew: 589697K->40751K(613440K), 0.0158504 secs] 597065K->48119K(2029056K), 0.0159127 secs] [Times: user=0.11 sys=0.00, real=0.02 secs] 
2020-09-29T18:12:14.405+0200: 27.963: [GC (Allocation Failure) 2020-09-29T18:12:14.405+0200: 27.963: [ParNew: 586095K->58272K(613440K), 0.0200894 secs] 593463K->65640K(2029056K), 0.0201617 secs] [Times: user=0.13 sys=0.00, real=0.02 secs] 
2020-09-29T18:12:14.476+0200: 28.033: [GC (Allocation Failure) 2020-09-29T18:12:14.476+0200: 28.034: [ParNew: 603616K->47140K(613440K), 0.0194939 secs] 610984K->54509K(2029056K), 0.0195649 secs] [Times: user=0.13 sys=0.00, real=0.02 secs] 
2020-09-29T18:12:14.544+0200: 28.102: [GC (Allocation Failure) 2020-09-29T18:12:14.544+0200: 28.102: [ParNew: 592484K->47789K(613440K), 0.0180029 secs] 599853K->55157K(2029056K), 0.0180701 secs] [Times: user=0.13 sys=0.00, real=0.02 secs] 
2020-09-29T18:12:14.613+0200: 28.170: [GC (Allocation Failure) 2020-09-29T18:12:14.613+0200: 28.170: [ParNew: 593133K->68096K(613440K), 0.0238113 secs] 600501K->75972K(2029056K), 0.0238761 secs] [Times: user=0.25 sys=0.00, real=0.02 secs] 
2020-09-29T18:12:14.685+0200: 28.242: [GC (Allocation Failure) 2020-09-29T18:12:14.685+0200: 28.242: [ParNew: 613440K->50306K(613440K), 0.0181455 secs] 621316K->58183K(2029056K), 0.0182066 secs] [Times: user=0.13 sys=0.00, real=0.02 secs] 
2020-09-29T18:12:14.750+0200: 28.307: [GC (Allocation Failure) 2020-09-29T18:12:14.750+0200: 28.307: [ParNew: 595650K->43373K(613440K), 0.0167011 secs] 603527K->51250K(2029056K), 0.0167674 secs] [Times: user=0.13 sys=0.00, real=0.02 secs] 
2020-09-29T18:12:14.814+0200: 28.371: [GC (Allocation Failure) 2020-09-29T18:12:14.814+0200: 28.371: [ParNew: 588717K->58677K(613440K), 0.0206888 secs] 596594K->66554K(2029056K), 0.0207608 secs] [Times: user=0.25 sys=0.00, real=0.02 secs] 
2020-09-29T18:12:14.882+0200: 28.439: [GC (Allocation Failure) 2020-09-29T18:12:14.882+0200: 28.439: [ParNew: 604021K->45972K(613440K), 0.0148325 secs] 611898K->53849K(2029056K), 0.0148912 secs] [Times: user=0.13 sys=0.00, real=0.02 secs] 
2020-09-29T18:12:14.944+0200: 28.502: [GC (Allocation Failure) 2020-09-29T18:12:14.945+0200: 28.502: [ParNew: 591316K->29376K(613440K), 0.0135194 secs] 599193K->37253K(2029056K), 0.0135838 secs] [Times: user=0.13 sys=0.00, real=0.01 secs] 
2020-09-29T18:12:15.006+0200: 28.563: [GC (Allocation Failure) 2020-09-29T18:12:15.006+0200: 28.563: [ParNew: 574720K->49734K(613440K), 0.0184736 secs] 582597K->57611K(2029056K), 0.0185292 secs] [Times: user=0.13 sys=0.00, real=0.02 secs] 
2020-09-29T18:12:15.074+0200: 28.631: [GC (Allocation Failure) 2020-09-29T18:12:15.074+0200: 28.631: [ParNew: 595078K->39332K(613440K), 0.0176718 secs] 602955K->47209K(2029056K), 0.0177371 secs] [Times: user=0.13 sys=0.00, real=0.02 secs] 
2020-09-29T18:12:15.141+0200: 28.698: [GC (Allocation Failure) 2020-09-29T18:12:15.141+0200: 28.698: [ParNew: 584676K->68096K(613440K), 0.0221200 secs] 592553K->75987K(2029056K), 0.0221848 secs] [Times: user=0.25 sys=0.00, real=0.02 secs] 
2020-09-29T18:12:15.209+0200: 28.766: [GC (Allocation Failure) 2020-09-29T18:12:15.209+0200: 28.767: [ParNew: 613440K->48292K(613440K), 0.0150926 secs] 621331K->56183K(2029056K), 0.0151534 secs] [Times: user=0.13 sys=0.00, real=0.02 secs] 
2020-09-29T18:12:15.276+0200: 28.833: [GC (Allocation Failure) 2020-09-29T18:12:15.276+0200: 28.834: [ParNew: 593636K->36645K(613440K), 0.0163452 secs] 601527K->44536K(2029056K), 0.0164036 secs] [Times: user=0.11 sys=0.00, real=0.02 secs] 
2020-09-29T18:12:15.344+0200: 28.900: [GC (Allocation Failure) 2020-09-29T18:12:15.344+0200: 28.900: [ParNew: 581989K->32148K(613440K), 0.0149562 secs] 589880K->40039K(2029056K), 0.0150105 secs] [Times: user=0.13 sys=0.00, real=0.01 secs] 
2020-09-29T18:12:15.410+0200: 28.967: [GC (Allocation Failure) 2020-09-29T18:12:15.410+0200: 28.967: [ParNew: 577492K->54590K(613440K), 0.0184283 secs] 585383K->62481K(2029056K), 0.0184980 secs] [Times: user=0.25 sys=0.00, real=0.02 secs] 
2020-09-29T18:12:15.480+0200: 29.036: [GC (Allocation Failure) 2020-09-29T18:12:15.480+0200: 29.036: [ParNew: 599934K->64063K(613440K), 0.0237564 secs] 607825K->71954K(2029056K), 0.0238124 secs] [Times: user=0.13 sys=0.00, real=0.02 secs] 
2020-09-29T18:12:15.551+0200: 29.108: [GC (Allocation Failure) 2020-09-29T18:12:15.551+0200: 29.108: [ParNew: 609407K->54015K(613440K), 0.0230374 secs] 617298K->61906K(2029056K), 0.0231142 secs] [Times: user=0.25 sys=0.00, real=0.02 secs] 
2020-09-29T18:12:15.625+0200: 29.182: [GC (Allocation Failure) 2020-09-29T18:12:15.625+0200: 29.182: [ParNew: 599359K->66749K(613440K), 0.0231960 secs] 607250K->74641K(2029056K), 0.0232730 secs] [Times: user=0.24 sys=0.00, real=0.02 secs] 
2020-09-29T18:12:15.695+0200: 29.252: [GC (Allocation Failure) 2020-09-29T18:12:15.695+0200: 29.252: [ParNew: 612093K->52528K(613440K), 0.0161410 secs] 619985K->60419K(2029056K), 0.0161968 secs] [Times: user=0.13 sys=0.00, real=0.02 secs] 
2020-09-29T18:12:15.759+0200: 29.316: [GC (Allocation Failure) 2020-09-29T18:12:15.759+0200: 29.316: [ParNew: 597872K->48195K(613440K), 0.0204877 secs] 605763K->56086K(2029056K), 0.0205969 secs] [Times: user=0.13 sys=0.00, real=0.02 secs] 
2020-09-29T18:12:15.827+0200: 29.384: [GC (Allocation Failure) 2020-09-29T18:12:15.827+0200: 29.384: [ParNew: 593539K->46139K(613440K), 0.0192995 secs] 601430K->54031K(2029056K), 0.0193540 secs] [Times: user=0.13 sys=0.00, real=0.02 secs] 
2020-09-29T18:12:15.895+0200: 29.452: [GC (Allocation Failure) 2020-09-29T18:12:15.895+0200: 29.452: [ParNew: 591483K->46012K(613440K), 0.0190439 secs] 599375K->53904K(2029056K), 0.0190967 secs] [Times: user=0.25 sys=0.00, real=0.02 secs] 
2020-09-29T18:12:15.961+0200: 29.518: [GC (Allocation Failure) 2020-09-29T18:12:15.961+0200: 29.518: [ParNew: 591356K->45572K(613440K), 0.0176832 secs] 599248K->53463K(2029056K), 0.0177515 secs] [Times: user=0.13 sys=0.00, real=0.02 secs] 
2020-09-29T18:12:16.028+0200: 29.584: [GC (Allocation Failure) 2020-09-29T18:12:16.028+0200: 29.584: [ParNew: 590916K->39324K(613440K), 0.0125279 secs] 598807K->47215K(2029056K), 0.0125836 secs] [Times: user=0.13 sys=0.00, real=0.01 secs] 
2020-09-29T18:12:16.091+0200: 29.648: [GC (Allocation Failure) 2020-09-29T18:12:16.091+0200: 29.648: [ParNew: 584668K->20845K(613440K), 0.0092462 secs] 592559K->28736K(2029056K), 0.0093187 secs] [Times: user=0.13 sys=0.00, real=0.01 secs] 
2020-09-29T18:12:16.148+0200: 29.705: [GC (Allocation Failure) 2020-09-29T18:12:16.148+0200: 29.705: [ParNew: 566189K->31431K(613440K), 0.0142079 secs] 574080K->39323K(2029056K), 0.0142601 secs] [Times: user=0.13 sys=0.00, real=0.01 secs] 
2020-09-29T18:12:16.212+0200: 29.769: [GC (Allocation Failure) 2020-09-29T18:12:16.212+0200: 29.769: [ParNew: 576775K->41295K(613440K), 0.0179194 secs] 584667K->49186K(2029056K), 0.0179737 secs] [Times: user=0.13 sys=0.00, real=0.02 secs] 
2020-09-29T18:12:16.280+0200: 29.837: [GC (Allocation Failure) 2020-09-29T18:12:16.280+0200: 29.837: [ParNew: 586639K->66352K(613440K), 0.0228521 secs] 594530K->74244K(2029056K), 0.0229171 secs] [Times: user=0.25 sys=0.00, real=0.02 secs] 
2020-09-29T18:12:16.351+0200: 29.908: [GC (Allocation Failure) 2020-09-29T18:12:16.351+0200: 29.908: [ParNew: 611696K->53508K(613440K), 0.0219641 secs] 619588K->61399K(2029056K), 0.0220363 secs] [Times: user=0.13 sys=0.00, real=0.02 secs] 
2020-09-29T18:12:16.421+0200: 29.978: [GC (Allocation Failure) 2020-09-29T18:12:16.421+0200: 29.978: [ParNew: 598852K->55548K(613440K), 0.0222855 secs] 606743K->63440K(2029056K), 0.0223479 secs] [Times: user=0.25 sys=0.00, real=0.02 secs] 
2020-09-29T18:12:16.492+0200: 30.049: [GC (Allocation Failure) 2020-09-29T18:12:16.492+0200: 30.049: [ParNew: 600892K->48718K(613440K), 0.0165589 secs] 608784K->56610K(2029056K), 0.0166342 secs] [Times: user=0.11 sys=0.00, real=0.02 secs] 
2020-09-29T18:12:16.557+0200: 30.114: [GC (Allocation Failure) 2020-09-29T18:12:16.557+0200: 30.114: [ParNew: 594062K->68096K(613440K), 0.0255737 secs] 601954K->75987K(2029056K), 0.0256622 secs] [Times: user=0.25 sys=0.00, real=0.03 secs] 
2020-09-29T18:12:16.632+0200: 30.189: [GC (Allocation Failure) 2020-09-29T18:12:16.632+0200: 30.189: [ParNew: 613440K->48769K(613440K), 0.0222161 secs] 621331K->56660K(2029056K), 0.0222777 secs] [Times: user=0.11 sys=0.00, real=0.02 secs] 
2020-09-29T18:12:16.706+0200: 30.263: [GC (Allocation Failure) 2020-09-29T18:12:16.706+0200: 30.263: [ParNew: 594113K->44602K(613440K), 0.0192172 secs] 602004K->52494K(2029056K), 0.0192899 secs] [Times: user=0.25 sys=0.00, real=0.02 secs] 
2020-09-29T18:12:16.775+0200: 30.332: [GC (Allocation Failure) 2020-09-29T18:12:16.775+0200: 30.332: [ParNew: 589946K->42337K(613440K), 0.0184277 secs] 597838K->50228K(2029056K), 0.0184995 secs] [Times: user=0.13 sys=0.00, real=0.02 secs] 
2020-09-29T18:12:16.843+0200: 30.400: [GC (Allocation Failure) 2020-09-29T18:12:16.843+0200: 30.400: [ParNew: 587681K->41509K(613440K), 0.0173719 secs] 595572K->49401K(2029056K), 0.0174283 secs] [Times: user=0.13 sys=0.00, real=0.02 secs] 
2020-09-29T18:12:16.909+0200: 30.466: [GC (Allocation Failure) 2020-09-29T18:12:16.909+0200: 30.466: [ParNew: 586853K->36079K(613440K), 0.0117812 secs] 594745K->43970K(2029056K), 0.0118520 secs] [Times: user=0.13 sys=0.00, real=0.01 secs] 
2020-09-29T18:12:16.971+0200: 30.528: [GC (Allocation Failure) 2020-09-29T18:12:16.971+0200: 30.528: [ParNew: 581423K->49502K(613440K), 0.0213284 secs] 589314K->57393K(2029056K), 0.0213899 secs] [Times: user=0.25 sys=0.00, real=0.02 secs] 
2020-09-29T18:12:17.045+0200: 30.603: [GC (Allocation Failure) 2020-09-29T18:12:17.046+0200: 30.603: [ParNew: 594846K->68096K(613440K), 0.0207172 secs] 602737K->75987K(2029056K), 0.0207796 secs] [Times: user=0.13 sys=0.00, real=0.02 secs] 
2020-09-29T18:12:17.114+0200: 30.671: [GC (Allocation Failure) 2020-09-29T18:12:17.114+0200: 30.671: [ParNew: 613440K->45295K(613440K), 0.0159358 secs] 621331K->53186K(2029056K), 0.0159950 secs] [Times: user=0.02 sys=0.00, real=0.02 secs] 
2020-09-29T18:12:17.183+0200: 30.740: [GC (Allocation Failure) 2020-09-29T18:12:17.183+0200: 30.740: [ParNew: 590639K->36240K(613440K), 0.0141681 secs] 598530K->44131K(2029056K), 0.0142313 secs] [Times: user=0.13 sys=0.00, real=0.01 secs] 
2020-09-29T18:12:17.244+0200: 30.801: [GC (Allocation Failure) 2020-09-29T18:12:17.244+0200: 30.801: [ParNew: 581584K->51122K(613440K), 0.0190445 secs] 589475K->59013K(2029056K), 0.0191387 secs] [Times: user=0.13 sys=0.00, real=0.02 secs] 
2020-09-29T18:12:17.311+0200: 30.868: [GC (Allocation Failure) 2020-09-29T18:12:17.311+0200: 30.868: [ParNew: 596466K->45412K(613440K), 0.0176983 secs] 604357K->53303K(2029056K), 0.0177556 secs] [Times: user=0.13 sys=0.00, real=0.02 secs] 
2020-09-29T18:12:17.379+0200: 30.936: [GC (Allocation Failure) 2020-09-29T18:12:17.379+0200: 30.936: [ParNew: 590756K->44816K(613440K), 0.0177814 secs] 598647K->52707K(2029056K), 0.0178594 secs] [Times: user=0.25 sys=0.00, real=0.02 secs] 
2020-09-29T18:12:17.444+0200: 31.001: [GC (Allocation Failure) 2020-09-29T18:12:17.444+0200: 31.001: [ParNew: 590160K->68037K(613440K), 0.0214621 secs] 598051K->75928K(2029056K), 0.0215307 secs] [Times: user=0.13 sys=0.00, real=0.02 secs] 
2020-09-29T18:12:17.515+0200: 31.072: [GC (Allocation Failure) 2020-09-29T18:12:17.515+0200: 31.072: [ParNew: 613381K->47245K(613440K), 0.0165362 secs] 621272K->55137K(2029056K), 0.0165951 secs] [Times: user=0.13 sys=0.00, real=0.02 secs] 
2020-09-29T18:12:17.583+0200: 31.140: [GC (Allocation Failure) 2020-09-29T18:12:17.583+0200: 31.140: [ParNew: 592589K->48815K(613440K), 0.0173999 secs] 600481K->56706K(2029056K), 0.0174689 secs] [Times: user=0.11 sys=0.00, real=0.02 secs] 
2020-09-29T18:12:17.661+0200: 31.218: [GC (Allocation Failure) 2020-09-29T18:12:17.661+0200: 31.218: [ParNew: 594159K->55655K(613440K), 0.0198173 secs] 602050K->63546K(2029056K), 0.0198767 secs] [Times: user=0.13 sys=0.00, real=0.02 secs] 
2020-09-29T18:12:17.728+0200: 31.286: [GC (Allocation Failure) 2020-09-29T18:12:17.728+0200: 31.286: [ParNew: 600999K->67721K(613440K), 0.0195311 secs] 608890K->75612K(2029056K), 0.0195864 secs] [Times: user=0.13 sys=0.00, real=0.02 secs] 
2020-09-29T18:12:17.795+0200: 31.353: [GC (Allocation Failure) 2020-09-29T18:12:17.796+0200: 31.353: [ParNew: 613065K->48137K(613440K), 0.0194424 secs] 620956K->56028K(2029056K), 0.0195127 secs] [Times: user=0.13 sys=0.00, real=0.02 secs] 
2020-09-29T18:12:17.864+0200: 31.421: [GC (Allocation Failure) 2020-09-29T18:12:17.864+0200: 31.421: [ParNew: 593481K->67853K(613440K), 0.0233287 secs] 601372K->75745K(2029056K), 0.0233918 secs] [Times: user=0.13 sys=0.00, real=0.02 secs] 
2020-09-29T18:12:17.935+0200: 31.493: [GC (Allocation Failure) 2020-09-29T18:12:17.935+0200: 31.493: [ParNew: 613197K->51057K(613440K), 0.0180372 secs] 621089K->58948K(2029056K), 0.0180983 secs] [Times: user=0.13 sys=0.00, real=0.02 secs] 
2020-09-29T18:12:18.000+0200: 31.557: [GC (Allocation Failure) 2020-09-29T18:12:18.000+0200: 31.557: [ParNew: 596401K->42365K(613440K), 0.0176166 secs] 604292K->50257K(2029056K), 0.0176768 secs] [Times: user=0.13 sys=0.00, real=0.02 secs] 
2020-09-29T18:12:18.066+0200: 31.623: [GC (Allocation Failure) 2020-09-29T18:12:18.066+0200: 31.623: [ParNew: 587709K->36020K(613440K), 0.0161785 secs] 595601K->43911K(2029056K), 0.0162532 secs] [Times: user=0.13 sys=0.00, real=0.02 secs] 
2020-09-29T18:12:18.131+0200: 31.688: [GC (Allocation Failure) 2020-09-29T18:12:18.131+0200: 31.688: [ParNew: 581364K->58157K(613440K), 0.0201800 secs] 589255K->66048K(2029056K), 0.0202354 secs] [Times: user=0.13 sys=0.00, real=0.02 secs] 
2020-09-29T18:12:18.198+0200: 31.755: [GC (Allocation Failure) 2020-09-29T18:12:18.198+0200: 31.755: [ParNew: 603501K->43432K(613440K), 0.0193125 secs] 611392K->51324K(2029056K), 0.0193686 secs] [Times: user=0.13 sys=0.00, real=0.02 secs] 
2020-09-29T18:12:18.266+0200: 31.823: [GC (Allocation Failure) 2020-09-29T18:12:18.266+0200: 31.823: [ParNew: 588776K->42408K(613440K), 0.0184732 secs] 596668K->50300K(2029056K), 0.0185321 secs] [Times: user=0.13 sys=0.00, real=0.02 secs] 
2020-09-29T18:12:18.334+0200: 31.891: [GC (Allocation Failure) 2020-09-29T18:12:18.334+0200: 31.891: [ParNew: 587752K->40772K(613440K), 0.0169177 secs] 595644K->48663K(2029056K), 0.0169936 secs] [Times: user=0.13 sys=0.00, real=0.02 secs] 
2020-09-29T18:12:18.403+0200: 31.960: [GC (Allocation Failure) 2020-09-29T18:12:18.403+0200: 31.960: [ParNew: 586116K->37603K(613440K), 0.0149088 secs] 594007K->45494K(2029056K), 0.0149705 secs] [Times: user=0.13 sys=0.00, real=0.01 secs] 
2020-09-29T18:12:18.464+0200: 32.022: [GC (Allocation Failure) 2020-09-29T18:12:18.464+0200: 32.022: [ParNew: 582947K->56879K(613440K), 0.0190385 secs] 590838K->64771K(2029056K), 0.0190938 secs] [Times: user=0.11 sys=0.00, real=0.02 secs] 
2020-09-29T18:12:18.536+0200: 32.093: [GC (Allocation Failure) 2020-09-29T18:12:18.536+0200: 32.093: [ParNew: 602223K->44884K(613440K), 0.0187615 secs] 610115K->52776K(2029056K), 0.0188260 secs] [Times: user=0.13 sys=0.00, real=0.02 secs] 
2020-09-29T18:12:18.607+0200: 32.164: [GC (Allocation Failure) 2020-09-29T18:12:18.607+0200: 32.164: [ParNew: 590228K->68096K(613440K), 0.0243710 secs] 598120K->76134K(2029056K), 0.0244433 secs] [Times: user=0.25 sys=0.00, real=0.02 secs] 
2020-09-29T18:12:18.679+0200: 32.237: [GC (Allocation Failure) 2020-09-29T18:12:18.679+0200: 32.237: [ParNew: 613440K->55423K(613440K), 0.0178827 secs] 621478K->63461K(2029056K), 0.0179443 secs] [Times: user=0.13 sys=0.00, real=0.02 secs] 
2020-09-29T18:12:18.744+0200: 32.301: [GC (Allocation Failure) 2020-09-29T18:12:18.744+0200: 32.301: [ParNew: 600767K->44583K(613440K), 0.0174412 secs] 608805K->52622K(2029056K), 0.0175096 secs] [Times: user=0.13 sys=0.00, real=0.02 secs] 
2020-09-29T18:12:18.810+0200: 32.367: [GC (Allocation Failure) 2020-09-29T18:12:18.810+0200: 32.367: [ParNew: 589927K->67981K(613440K), 0.0229143 secs] 597966K->76019K(2029056K), 0.0229997 secs] [Times: user=0.25 sys=0.00, real=0.02 secs] 
2020-09-29T18:12:18.883+0200: 32.440: [GC (Allocation Failure) 2020-09-29T18:12:18.883+0200: 32.440: [ParNew: 613325K->48991K(613440K), 0.0165489 secs] 621363K->57029K(2029056K), 0.0166150 secs] [Times: user=0.13 sys=0.00, real=0.02 secs] 
2020-09-29T18:12:18.951+0200: 32.508: [GC (Allocation Failure) 2020-09-29T18:12:18.951+0200: 32.508: [ParNew: 594335K->41506K(613440K), 0.0181276 secs] 602373K->49545K(2029056K), 0.0181894 secs] [Times: user=0.11 sys=0.00, real=0.02 secs] 
2020-09-29T18:12:19.019+0200: 32.577: [GC (Allocation Failure) 2020-09-29T18:12:19.019+0200: 32.577: [ParNew: 586850K->49428K(613440K), 0.0199693 secs] 594889K->57466K(2029056K), 0.0200337 secs] [Times: user=0.25 sys=0.00, real=0.02 secs] 
2020-09-29T18:12:19.086+0200: 32.643: [GC (Allocation Failure) 2020-09-29T18:12:19.086+0200: 32.643: [ParNew: 594772K->42146K(613440K), 0.0186233 secs] 602810K->50184K(2029056K), 0.0186911 secs] [Times: user=0.13 sys=0.00, real=0.02 secs] 
2020-09-29T18:12:19.152+0200: 32.709: [GC (Allocation Failure) 2020-09-29T18:12:19.152+0200: 32.709: [ParNew: 587490K->36264K(613440K), 0.0110832 secs] 595528K->44302K(2029056K), 0.0111530 secs] [Times: user=0.13 sys=0.00, real=0.01 secs] 
2020-09-29T18:12:19.218+0200: 32.776: [GC (Allocation Failure) 2020-09-29T18:12:19.218+0200: 32.776: [ParNew: 581608K->34530K(613440K), 0.0163729 secs] 589646K->42568K(2029056K), 0.0164383 secs] [Times: user=0.13 sys=0.00, real=0.02 secs] 
2020-09-29T18:12:19.291+0200: 32.848: [GC (Allocation Failure) 2020-09-29T18:12:19.291+0200: 32.848: [ParNew: 579874K->53945K(613440K), 0.0209248 secs] 587912K->61984K(2029056K), 0.0209778 secs] [Times: user=0.13 sys=0.00, real=0.02 secs] 
2020-09-29T18:12:19.360+0200: 32.917: [GC (Allocation Failure) 2020-09-29T18:12:19.360+0200: 32.917: [ParNew: 599289K->45729K(613440K), 0.0200096 secs] 607328K->53767K(2029056K), 0.0200817 secs] [Times: user=0.19 sys=0.03, real=0.02 secs] 
2020-09-29T18:12:19.427+0200: 32.984: [GC (Allocation Failure) 2020-09-29T18:12:19.427+0200: 32.984: [ParNew: 591073K->42345K(613440K), 0.0128699 secs] 599111K->50383K(2029056K), 0.0129338 secs] [Times: user=0.00 sys=0.00, real=0.01 secs] 
2020-09-29T18:12:19.491+0200: 33.048: [GC (Allocation Failure) 2020-09-29T18:12:19.491+0200: 33.049: [ParNew: 587689K->43330K(613440K), 0.0183466 secs] 595727K->51368K(2029056K), 0.0184096 secs] [Times: user=0.13 sys=0.00, real=0.02 secs] 
2020-09-29T18:12:19.557+0200: 33.115: [GC (Allocation Failure) 2020-09-29T18:12:19.557+0200: 33.115: [ParNew: 588674K->38563K(613440K), 0.0170487 secs] 596712K->46602K(2029056K), 0.0171215 secs] [Times: user=0.13 sys=0.00, real=0.02 secs] 
2020-09-29T18:12:19.625+0200: 33.182: [GC (Allocation Failure) 2020-09-29T18:12:19.625+0200: 33.182: [ParNew: 583907K->63449K(613440K), 0.0218312 secs] 591946K->71488K(2029056K), 0.0219144 secs] [Times: user=0.25 sys=0.00, real=0.02 secs] 
2020-09-29T18:12:19.694+0200: 33.252: [GC (Allocation Failure) 2020-09-29T18:12:19.694+0200: 33.252: [ParNew: 608793K->41790K(613440K), 0.0149986 secs] 616832K->49829K(2029056K), 0.0150569 secs] [Times: user=0.13 sys=0.00, real=0.02 secs] 
2020-09-29T18:12:19.757+0200: 33.315: [GC (Allocation Failure) 2020-09-29T18:12:19.757+0200: 33.315: [ParNew: 587134K->56231K(613440K), 0.0184675 secs] 595173K->64270K(2029056K), 0.0185429 secs] [Times: user=0.13 sys=0.00, real=0.02 secs] 
2020-09-29T18:12:19.827+0200: 33.384: [GC (Allocation Failure) 2020-09-29T18:12:19.827+0200: 33.384: [ParNew: 601575K->43354K(613440K), 0.0184691 secs] 609614K->51392K(2029056K), 0.0185309 secs] [Times: user=0.13 sys=0.00, real=0.02 secs] 
2020-09-29T18:12:19.896+0200: 33.453: [GC (Allocation Failure) 2020-09-29T18:12:19.896+0200: 33.453: [ParNew: 588698K->42126K(613440K), 0.0182912 secs] 596736K->50164K(2029056K), 0.0183532 secs] [Times: user=0.13 sys=0.00, real=0.02 secs] 
2020-09-29T18:12:19.961+0200: 33.518: [GC (Allocation Failure) 2020-09-29T18:12:19.961+0200: 33.518: [ParNew: 587470K->68096K(613440K), 0.0266074 secs] 595508K->76700K(2029056K), 0.0266634 secs] [Times: user=0.13 sys=0.00, real=0.03 secs] 
2020-09-29T18:12:20.034+0200: 33.591: [GC (Allocation Failure) 2020-09-29T18:12:20.034+0200: 33.591: [ParNew: 613440K->49486K(613440K), 0.0094837 secs] 622044K->58091K(2029056K), 0.0095401 secs] [Times: user=0.13 sys=0.00, real=0.01 secs] 
2020-09-29T18:12:20.100+0200: 33.657: [GC (Allocation Failure) 2020-09-29T18:12:20.100+0200: 33.657: [ParNew: 594830K->40353K(613440K), 0.0139106 secs] 603435K->48957K(2029056K), 0.0140120 secs] [Times: user=0.02 sys=0.00, real=0.01 secs] 
2020-09-29T18:12:20.166+0200: 33.724: [GC (Allocation Failure) 2020-09-29T18:12:20.166+0200: 33.724: [ParNew: 585697K->41427K(613440K), 0.0197018 secs] 594301K->50031K(2029056K), 0.0197775 secs] [Times: user=0.13 sys=0.00, real=0.02 secs] 
2020-09-29T18:12:20.233+0200: 33.790: [GC (Allocation Failure) 2020-09-29T18:12:20.233+0200: 33.790: [ParNew: 586771K->56258K(613440K), 0.0185781 secs] 595375K->64862K(2029056K), 0.0186376 secs] [Times: user=0.13 sys=0.00, real=0.02 secs] 
2020-09-29T18:12:20.299+0200: 33.856: [GC (Allocation Failure) 2020-09-29T18:12:20.299+0200: 33.856: [ParNew: 601602K->34522K(613440K), 0.0120945 secs] 610206K->43127K(2029056K), 0.0121515 secs] [Times: user=0.13 sys=0.00, real=0.01 secs] 
2020-09-29T18:12:20.361+0200: 33.919: [GC (Allocation Failure) 2020-09-29T18:12:20.361+0200: 33.919: [ParNew: 579866K->21584K(613440K), 0.0097873 secs] 588471K->30189K(2029056K), 0.0098604 secs] [Times: user=0.13 sys=0.00, real=0.01 secs] 
2020-09-29T18:12:20.432+0200: 33.989: [GC (Allocation Failure) 2020-09-29T18:12:20.432+0200: 33.989: [ParNew: 566928K->31147K(613440K), 0.0152699 secs] 575533K->39752K(2029056K), 0.0153280 secs] [Times: user=0.13 sys=0.00, real=0.02 secs] 
2020-09-29T18:12:20.497+0200: 34.054: [GC (Allocation Failure) 2020-09-29T18:12:20.497+0200: 34.054: [ParNew: 576491K->45311K(613440K), 0.0196688 secs] 585096K->53915K(2029056K), 0.0197330 secs] [Times: user=0.13 sys=0.00, real=0.02 secs] 
2020-09-29T18:12:20.565+0200: 34.122: [GC (Allocation Failure) 2020-09-29T18:12:20.565+0200: 34.122: [ParNew: 590655K->41047K(613440K), 0.0155785 secs] 599259K->49652K(2029056K), 0.0156707 secs] [Times: user=0.09 sys=0.00, real=0.02 secs] 
2020-09-29T18:12:20.629+0200: 34.186: [GC (Allocation Failure) 2020-09-29T18:12:20.629+0200: 34.186: [ParNew: 586391K->40930K(613440K), 0.0192282 secs] 594996K->49534K(2029056K), 0.0193064 secs] [Times: user=0.13 sys=0.00, real=0.02 secs] 
2020-09-29T18:12:20.696+0200: 34.253: [GC (Allocation Failure) 2020-09-29T18:12:20.696+0200: 34.253: [ParNew: 586274K->36707K(613440K), 0.0111736 secs] 594878K->45311K(2029056K), 0.0112302 secs] [Times: user=0.13 sys=0.00, real=0.01 secs] 
2020-09-29T18:12:20.770+0200: 34.327: [GC (Allocation Failure) 2020-09-29T18:12:20.770+0200: 34.327: [ParNew: 582051K->31443K(613440K), 0.0153954 secs] 590655K->40048K(2029056K), 0.0232896 secs] [Times: user=0.00 sys=0.00, real=0.02 secs] 
2020-09-29T18:12:20.857+0200: 34.413: [GC (Allocation Failure) 2020-09-29T18:12:20.857+0200: 34.413: [ParNew: 576787K->45787K(613440K), 0.0200729 secs] 585392K->54391K(2029056K), 0.0201297 secs] [Times: user=0.13 sys=0.00, real=0.02 secs] 
2020-09-29T18:12:20.924+0200: 34.481: [GC (Allocation Failure) 2020-09-29T18:12:20.924+0200: 34.481: [ParNew: 591131K->44235K(613440K), 0.0187823 secs] 599735K->52839K(2029056K), 0.0188703 secs] [Times: user=0.14 sys=0.00, real=0.02 secs] 
2020-09-29T18:12:20.990+0200: 34.546: [GC (Allocation Failure) 2020-09-29T18:12:20.990+0200: 34.546: [ParNew: 589579K->46664K(613440K), 0.0173342 secs] 598183K->55268K(2029056K), 0.0174060 secs] [Times: user=0.13 sys=0.00, real=0.02 secs] 
2020-09-29T18:12:21.054+0200: 34.611: [GC (Allocation Failure) 2020-09-29T18:12:21.054+0200: 34.611: [ParNew: 592008K->36041K(613440K), 0.0101602 secs] 600612K->44645K(2029056K), 0.0102176 secs] [Times: user=0.00 sys=0.00, real=0.01 secs] 
2020-09-29T18:12:21.123+0200: 34.680: [GC (Allocation Failure) 2020-09-29T18:12:21.123+0200: 34.680: [ParNew: 581385K->33529K(613440K), 0.0154672 secs] 589989K->42134K(2029056K), 0.0155290 secs] [Times: user=0.13 sys=0.00, real=0.02 secs] 
2020-09-29T18:12:21.193+0200: 34.750: [GC (Allocation Failure) 2020-09-29T18:12:21.193+0200: 34.750: [ParNew: 578873K->46554K(613440K), 0.0197507 secs] 587478K->55158K(2029056K), 0.0198096 secs] [Times: user=0.13 sys=0.00, real=0.02 secs] 
2020-09-29T18:12:21.260+0200: 34.816: [GC (Allocation Failure) 2020-09-29T18:12:21.260+0200: 34.816: [ParNew: 591898K->68096K(613440K), 0.0246279 secs] 600502K->77489K(2029056K), 0.0246901 secs] [Times: user=0.13 sys=0.00, real=0.02 secs] 
2020-09-29T18:12:21.331+0200: 34.888: [GC (Allocation Failure) 2020-09-29T18:12:21.331+0200: 34.888: [ParNew: 613440K->45247K(613440K), 0.0136436 secs] 622833K->54640K(2029056K), 0.0136972 secs] [Times: user=0.13 sys=0.00, real=0.01 secs] 
2020-09-29T18:12:21.398+0200: 34.955: [GC (Allocation Failure) 2020-09-29T18:12:21.399+0200: 34.955: [ParNew: 590591K->23804K(613440K), 0.0129168 secs] 599984K->33197K(2029056K), 0.0129995 secs] [Times: user=0.13 sys=0.00, real=0.01 secs] 
2020-09-29T18:12:21.463+0200: 35.019: [GC (Allocation Failure) 2020-09-29T18:12:21.463+0200: 35.019: [ParNew: 569148K->61660K(613440K), 0.0221597 secs] 578541K->71053K(2029056K), 0.0222279 secs] [Times: user=0.13 sys=0.00, real=0.02 secs] 
2020-09-29T18:12:21.533+0200: 35.090: [GC (Allocation Failure) 2020-09-29T18:12:21.533+0200: 35.090: [ParNew: 607004K->45833K(613440K), 0.0166537 secs] 616397K->55226K(2029056K), 0.0167260 secs] [Times: user=0.13 sys=0.00, real=0.02 secs] 
2020-09-29T18:12:21.599+0200: 35.156: [GC (Allocation Failure) 2020-09-29T18:12:21.599+0200: 35.156: [ParNew: 591177K->36450K(613440K), 0.0173127 secs] 600570K->45843K(2029056K), 0.0173663 secs] [Times: user=0.11 sys=0.00, real=0.02 secs] 
2020-09-29T18:12:21.667+0200: 35.224: [GC (Allocation Failure) 2020-09-29T18:12:21.667+0200: 35.224: [ParNew: 581794K->27234K(613440K), 0.0095292 secs] 591187K->36627K(2029056K), 0.0095872 secs] [Times: user=0.13 sys=0.00, real=0.01 secs] 
2020-09-29T18:12:21.730+0200: 35.287: [GC (Allocation Failure) 2020-09-29T18:12:21.730+0200: 35.287: [ParNew: 572578K->41963K(613440K), 0.0184284 secs] 581971K->51357K(2029056K), 0.0184883 secs] [Times: user=0.13 sys=0.00, real=0.02 secs] 
2020-09-29T18:12:21.798+0200: 35.354: [GC (Allocation Failure) 2020-09-29T18:12:21.798+0200: 35.354: [ParNew: 587307K->53002K(613440K), 0.0182801 secs] 596701K->62395K(2029056K), 0.0183365 secs] [Times: user=0.13 sys=0.00, real=0.02 secs] 
2020-09-29T18:12:21.869+0200: 35.425: [GC (Allocation Failure) 2020-09-29T18:12:21.869+0200: 35.425: [ParNew: 598346K->58944K(613440K), 0.0214408 secs] 607739K->68337K(2029056K), 0.0215357 secs] [Times: user=0.13 sys=0.00, real=0.02 secs] 
2020-09-29T18:12:21.937+0200: 35.493: [GC (Allocation Failure) 2020-09-29T18:12:21.937+0200: 35.493: [ParNew: 604288K->49118K(613440K), 0.0147947 secs] 613681K->58511K(2029056K), 0.0148516 secs] [Times: user=0.13 sys=0.00, real=0.01 secs] 
2020-09-29T18:12:22.002+0200: 35.559: [GC (Allocation Failure) 2020-09-29T18:12:22.002+0200: 35.559: [ParNew: 594462K->41376K(613440K), 0.0149826 secs] 603855K->50769K(2029056K), 0.0150654 secs] [Times: user=0.13 sys=0.00, real=0.02 secs] 
2020-09-29T18:12:22.070+0200: 35.627: [GC (Allocation Failure) 2020-09-29T18:12:22.070+0200: 35.627: [ParNew: 586720K->32223K(613440K), 0.0129743 secs] 596113K->41617K(2029056K), 0.0130429 secs] [Times: user=0.13 sys=0.00, real=0.01 secs] 
2020-09-29T18:12:22.130+0200: 35.686: [GC (Allocation Failure) 2020-09-29T18:12:22.130+0200: 35.686: [ParNew: 577567K->26947K(613440K), 0.0131535 secs] 586961K->36340K(2029056K), 0.0132144 secs] [Times: user=0.00 sys=0.00, real=0.01 secs] 
2020-09-29T18:12:22.191+0200: 35.748: [GC (Allocation Failure) 2020-09-29T18:12:22.191+0200: 35.748: [ParNew: 572291K->44833K(613440K), 0.0171009 secs] 581684K->54226K(2029056K), 0.0171568 secs] [Times: user=0.25 sys=0.00, real=0.02 secs] 
2020-09-29T18:12:22.265+0200: 35.821: [GC (Allocation Failure) 2020-09-29T18:12:22.265+0200: 35.821: [ParNew: 590177K->35984K(613440K), 0.0163541 secs] 599570K->45377K(2029056K), 0.0164352 secs] [Times: user=0.13 sys=0.00, real=0.02 secs] 
2020-09-29T18:12:22.328+0200: 35.885: [GC (Allocation Failure) 2020-09-29T18:12:22.328+0200: 35.885: [ParNew: 581328K->56773K(613440K), 0.0209023 secs] 590721K->66166K(2029056K), 0.0209900 secs] [Times: user=0.25 sys=0.00, real=0.02 secs] 
2020-09-29T18:12:22.397+0200: 35.953: [GC (Allocation Failure) 2020-09-29T18:12:22.397+0200: 35.954: [ParNew: 602117K->45118K(613440K), 0.0139619 secs] 611510K->54511K(2029056K), 0.0140158 secs] [Times: user=0.13 sys=0.00, real=0.01 secs] 
2020-09-29T18:12:22.461+0200: 36.018: [GC (Allocation Failure) 2020-09-29T18:12:22.461+0200: 36.018: [ParNew: 590462K->33725K(613440K), 0.0131948 secs] 599855K->43118K(2029056K), 0.0132512 secs] [Times: user=0.13 sys=0.00, real=0.01 secs] 
2020-09-29T18:12:22.525+0200: 36.082: [GC (Allocation Failure) 2020-09-29T18:12:22.525+0200: 36.082: [ParNew: 579069K->47214K(613440K), 0.0197147 secs] 588462K->56607K(2029056K), 0.0197830 secs] [Times: user=0.13 sys=0.00, real=0.02 secs] 
2020-09-29T18:12:22.593+0200: 36.150: [GC (Allocation Failure) 2020-09-29T18:12:22.593+0200: 36.150: [ParNew: 592558K->55962K(613440K), 0.0199592 secs] 601951K->65355K(2029056K), 0.0200226 secs] [Times: user=0.11 sys=0.00, real=0.02 secs] 
2020-09-29T18:12:22.668+0200: 36.225: [GC (Allocation Failure) 2020-09-29T18:12:22.668+0200: 36.225: [ParNew: 601306K->65748K(613440K), 0.0252683 secs] 610699K->75141K(2029056K), 0.0253274 secs] [Times: user=0.25 sys=0.00, real=0.03 secs] 
2020-09-29T18:12:22.741+0200: 36.298: [GC (Allocation Failure) 2020-09-29T18:12:22.741+0200: 36.298: [ParNew: 611092K->55437K(613440K), 0.0235892 secs] 620485K->64830K(2029056K), 0.0236690 secs] [Times: user=0.13 sys=0.00, real=0.02 secs] 
2020-09-29T18:12:22.814+0200: 36.371: [GC (Allocation Failure) 2020-09-29T18:12:22.814+0200: 36.371: [ParNew: 600781K->51915K(613440K), 0.0187234 secs] 610174K->61308K(2029056K), 0.0188083 secs] [Times: user=0.23 sys=0.00, real=0.02 secs] 
2020-09-29T18:12:22.884+0200: 36.441: [GC (Allocation Failure) 2020-09-29T18:12:22.884+0200: 36.441: [ParNew: 597259K->50518K(613440K), 0.0225172 secs] 606652K->59911K(2029056K), 0.0226025 secs] [Times: user=0.13 sys=0.00, real=0.02 secs] 
2020-09-29T18:12:22.956+0200: 36.513: [GC (Allocation Failure) 2020-09-29T18:12:22.956+0200: 36.513: [ParNew: 595862K->43042K(613440K), 0.0205141 secs] 605255K->52435K(2029056K), 0.0205860 secs] [Times: user=0.23 sys=0.00, real=0.02 secs] 
2020-09-29T18:12:23.030+0200: 36.587: [GC (Allocation Failure) 2020-09-29T18:12:23.030+0200: 36.587: [ParNew: 588386K->42999K(613440K), 0.0190128 secs] 597779K->52392K(2029056K), 0.0190840 secs] [Times: user=0.13 sys=0.00, real=0.02 secs] 
2020-09-29T18:12:23.097+0200: 36.654: [GC (Allocation Failure) 2020-09-29T18:12:23.097+0200: 36.654: [ParNew: 588343K->68096K(613440K), 0.0234872 secs] 597736K->77489K(2029056K), 0.0235522 secs] [Times: user=0.25 sys=0.00, real=0.02 secs] 
2020-09-29T18:12:23.168+0200: 36.725: [GC (Allocation Failure) 2020-09-29T18:12:23.168+0200: 36.725: [ParNew: 613440K->62968K(613440K), 0.0233148 secs] 622833K->72361K(2029056K), 0.0233917 secs] [Times: user=0.13 sys=0.00, real=0.02 secs] 
2020-09-29T18:12:23.241+0200: 36.797: [GC (Allocation Failure) 2020-09-29T18:12:23.241+0200: 36.797: [ParNew: 608312K->47080K(613440K), 0.0171884 secs] 617705K->56473K(2029056K), 0.0172447 secs] [Times: user=0.13 sys=0.00, real=0.02 secs] 
2020-09-29T18:12:23.307+0200: 36.864: [GC (Allocation Failure) 2020-09-29T18:12:23.307+0200: 36.864: [ParNew: 592424K->41358K(613440K), 0.0165499 secs] 601817K->50751K(2029056K), 0.0166093 secs] [Times: user=0.13 sys=0.00, real=0.02 secs] 
2020-09-29T18:12:23.376+0200: 36.933: [GC (Allocation Failure) 2020-09-29T18:12:23.376+0200: 36.933: [ParNew: 586702K->31671K(613440K), 0.0108752 secs] 596095K->41065K(2029056K), 0.0109647 secs] [Times: user=0.13 sys=0.00, real=0.01 secs] 
2020-09-29T18:12:23.443+0200: 36.999: [GC (Allocation Failure) 2020-09-29T18:12:23.443+0200: 36.999: [ParNew: 577015K->44822K(613440K), 0.0200150 secs] 586409K->54215K(2029056K), 0.0200758 secs] [Times: user=0.13 sys=0.00, real=0.02 secs] 
2020-09-29T18:12:23.510+0200: 37.066: [GC (Allocation Failure) 2020-09-29T18:12:23.516+0200: 37.073: [ParNew: 590166K->60589K(613440K), 0.0200890 secs] 599559K->69983K(2029056K), 0.0264487 secs] [Times: user=0.25 sys=0.00, real=0.03 secs] 
2020-09-29T18:12:23.585+0200: 37.142: [GC (Allocation Failure) 2020-09-29T18:12:23.585+0200: 37.142: [ParNew: 605933K->43053K(613440K), 0.0138085 secs] 615327K->52446K(2029056K), 0.0138786 secs] [Times: user=0.11 sys=0.00, real=0.01 secs] 
2020-09-29T18:12:23.649+0200: 37.206: [GC (Allocation Failure) 2020-09-29T18:12:23.649+0200: 37.207: [ParNew: 588397K->41091K(613440K), 0.0186225 secs] 597790K->50484K(2029056K), 0.0186821 secs] [Times: user=0.13 sys=0.00, real=0.02 secs] 
2020-09-29T18:12:23.721+0200: 37.278: [GC (Allocation Failure) 2020-09-29T18:12:23.721+0200: 37.278: [ParNew: 586435K->37110K(613440K), 0.0176398 secs] 595828K->46503K(2029056K), 0.0177191 secs] [Times: user=0.14 sys=0.05, real=0.02 secs] 
2020-09-29T18:12:23.788+0200: 37.345: [GC (Allocation Failure) 2020-09-29T18:12:23.788+0200: 37.345: [ParNew: 582454K->37655K(613440K), 0.0173065 secs] 591847K->47048K(2029056K), 0.0173612 secs] [Times: user=0.13 sys=0.00, real=0.02 secs] 
2020-09-29T18:12:23.854+0200: 37.411: [GC (Allocation Failure) 2020-09-29T18:12:23.854+0200: 37.411: [ParNew: 582999K->36186K(613440K), 0.0160148 secs] 592392K->45579K(2029056K), 0.0160760 secs] [Times: user=0.13 sys=0.00, real=0.02 secs] 
2020-09-29T18:12:23.923+0200: 37.480: [GC (Allocation Failure) 2020-09-29T18:12:23.923+0200: 37.480: [ParNew: 581530K->58584K(613440K), 0.0205685 secs] 590923K->67977K(2029056K), 0.0206250 secs] [Times: user=0.25 sys=0.00, real=0.02 secs] 
2020-09-29T18:12:23.990+0200: 37.547: [GC (Allocation Failure) 2020-09-29T18:12:23.990+0200: 37.547: [ParNew: 603928K->42566K(613440K), 0.0138712 secs] 613321K->51959K(2029056K), 0.0139252 secs] [Times: user=0.00 sys=0.00, real=0.01 secs] 
2020-09-29T18:12:24.053+0200: 37.611: [GC (Allocation Failure) 2020-09-29T18:12:24.054+0200: 37.611: [ParNew: 587910K->39184K(613440K), 0.0184667 secs] 597303K->48577K(2029056K), 0.0185706 secs] [Times: user=0.13 sys=0.00, real=0.02 secs] 
2020-09-29T18:12:24.120+0200: 37.677: [GC (Allocation Failure) 2020-09-29T18:12:24.120+0200: 37.677: [ParNew: 584528K->37625K(613440K), 0.0168806 secs] 593921K->47019K(2029056K), 0.0169367 secs] [Times: user=0.13 sys=0.00, real=0.02 secs] 
2020-09-29T18:12:24.191+0200: 37.748: [GC (Allocation Failure) 2020-09-29T18:12:24.191+0200: 37.748: [ParNew: 582969K->39308K(613440K), 0.0149479 secs] 592363K->48702K(2029056K), 0.0150331 secs] [Times: user=0.13 sys=0.00, real=0.02 secs] 
2020-09-29T18:12:24.254+0200: 37.811: [GC (Allocation Failure) 2020-09-29T18:12:24.254+0200: 37.811: [ParNew: 584652K->56949K(613440K), 0.0203434 secs] 594046K->66342K(2029056K), 0.0204006 secs] [Times: user=0.25 sys=0.00, real=0.02 secs] 
2020-09-29T18:12:24.326+0200: 37.883: [GC (Allocation Failure) 2020-09-29T18:12:24.326+0200: 37.883: [ParNew: 602293K->33609K(613440K), 0.0134395 secs] 611686K->43002K(2029056K), 0.0134955 secs] [Times: user=0.13 sys=0.00, real=0.01 secs] 
2020-09-29T18:12:24.387+0200: 37.944: [GC (Allocation Failure) 2020-09-29T18:12:24.387+0200: 37.944: [ParNew: 578953K->55562K(613440K), 0.0171838 secs] 588346K->64955K(2029056K), 0.0172914 secs] [Times: user=0.13 sys=0.00, real=0.02 secs] 
2020-09-29T18:12:24.454+0200: 38.011: [GC (Allocation Failure) 2020-09-29T18:12:24.454+0200: 38.011: [ParNew: 600906K->40419K(613440K), 0.0220558 secs] 610299K->49812K(2029056K), 0.0221174 secs] [Times: user=0.25 sys=0.00, real=0.02 secs] 
2020-09-29T18:12:24.531+0200: 38.088: [GC (Allocation Failure) 2020-09-29T18:12:24.531+0200: 38.088: [ParNew: 585763K->37681K(613440K), 0.0207714 secs] 595156K->47074K(2029056K), 0.0208374 secs] [Times: user=0.25 sys=0.00, real=0.02 secs] 
2020-09-29T18:12:24.603+0200: 38.160: [GC (Allocation Failure) 2020-09-29T18:12:24.603+0200: 38.160: [ParNew: 583025K->63589K(613440K), 0.0328818 secs] 592418K->72982K(2029056K), 0.0329571 secs] [Times: user=0.25 sys=0.00, real=0.03 secs] 
2020-09-29T18:12:24.685+0200: 38.242: [GC (Allocation Failure) 2020-09-29T18:12:24.685+0200: 38.242: [ParNew: 608933K->59727K(613440K), 0.0248190 secs] 618326K->69120K(2029056K), 0.0248941 secs] [Times: user=0.25 sys=0.00, real=0.03 secs] 
2020-09-29T18:12:24.759+0200: 38.316: [GC (Allocation Failure) 2020-09-29T18:12:24.759+0200: 38.316: [ParNew: 605071K->48552K(613440K), 0.0228664 secs] 614464K->57945K(2029056K), 0.0229450 secs] [Times: user=0.13 sys=0.00, real=0.02 secs] 
2020-09-29T18:12:24.830+0200: 38.387: [GC (Allocation Failure) 2020-09-29T18:12:24.830+0200: 38.387: [ParNew: 593896K->43672K(613440K), 0.0235220 secs] 603289K->53065K(2029056K), 0.0236080 secs] [Times: user=0.25 sys=0.00, real=0.02 secs] 
2020-09-29T18:12:24.910+0200: 38.467: [GC (Allocation Failure) 2020-09-29T18:12:24.910+0200: 38.467: [ParNew: 589016K->35493K(613440K), 0.0150184 secs] 598409K->44886K(2029056K), 0.0150853 secs] [Times: user=0.13 sys=0.00, real=0.01 secs] 
2020-09-29T18:12:24.981+0200: 38.538: [GC (Allocation Failure) 2020-09-29T18:12:24.981+0200: 38.538: [ParNew: 580837K->47731K(613440K), 0.0278581 secs] 590230K->57124K(2029056K), 0.0279281 secs] [Times: user=0.25 sys=0.00, real=0.03 secs] 
2020-09-29T18:12:25.059+0200: 38.616: [GC (Allocation Failure) 2020-09-29T18:12:25.059+0200: 38.616: [ParNew: 593075K->41509K(613440K), 0.0197136 secs] 602468K->50902K(2029056K), 0.0197823 secs] [Times: user=0.13 sys=0.00, real=0.02 secs] 
2020-09-29T18:12:25.127+0200: 38.684: [GC (Allocation Failure) 2020-09-29T18:12:25.127+0200: 38.684: [ParNew: 586853K->60210K(613440K), 0.0249180 secs] 596246K->69603K(2029056K), 0.0249840 secs] [Times: user=0.25 sys=0.00, real=0.02 secs] 
2020-09-29T18:12:25.201+0200: 38.758: [GC (Allocation Failure) 2020-09-29T18:12:25.201+0200: 38.758: [ParNew: 605554K->41184K(613440K), 0.0166233 secs] 614947K->50577K(2029056K), 0.0166915 secs] [Times: user=0.13 sys=0.00, real=0.02 secs] 
2020-09-29T18:12:25.268+0200: 38.825: [GC (Allocation Failure) 2020-09-29T18:12:25.268+0200: 38.825: [ParNew: 586528K->53941K(613440K), 0.0299623 secs] 595921K->63334K(2029056K), 0.0300484 secs] [Times: user=0.25 sys=0.00, real=0.03 secs] 
2020-09-29T18:12:25.345+0200: 38.902: [GC (Allocation Failure) 2020-09-29T18:12:25.345+0200: 38.902: [ParNew: 599285K->43947K(613440K), 0.0222301 secs] 608678K->53341K(2029056K), 0.0222929 secs] [Times: user=0.25 sys=0.00, real=0.02 secs] 
2020-09-29T18:12:25.417+0200: 38.974: [GC (Allocation Failure) 2020-09-29T18:12:25.417+0200: 38.974: [ParNew: 589291K->41131K(613440K), 0.0203083 secs] 598685K->50524K(2029056K), 0.0203739 secs] [Times: user=0.13 sys=0.00, real=0.02 secs] 
2020-09-29T18:12:25.494+0200: 39.051: [GC (Allocation Failure) 2020-09-29T18:12:25.494+0200: 39.051: [ParNew: 586475K->60978K(613440K), 0.0269837 secs] 595868K->70371K(2029056K), 0.0270600 secs] [Times: user=0.25 sys=0.00, real=0.03 secs] 
2020-09-29T18:12:25.571+0200: 39.128: [GC (Allocation Failure) 2020-09-29T18:12:25.571+0200: 39.128: [ParNew: 606322K->45865K(613440K), 0.0191353 secs] 615715K->55258K(2029056K), 0.0192065 secs] [Times: user=0.13 sys=0.00, real=0.02 secs] 
2020-09-29T18:12:25.643+0200: 39.200: [GC (Allocation Failure) 2020-09-29T18:12:25.643+0200: 39.200: [ParNew: 591209K->61361K(613440K), 0.0318592 secs] 600602K->70754K(2029056K), 0.0319389 secs] [Times: user=0.23 sys=0.00, real=0.03 secs] 
2020-09-29T18:12:25.723+0200: 39.280: [GC (Allocation Failure) 2020-09-29T18:12:25.723+0200: 39.280: [ParNew: 606705K->42550K(613440K), 0.0171198 secs] 616098K->51943K(2029056K), 0.0171855 secs] [Times: user=0.13 sys=0.00, real=0.02 secs] 
2020-09-29T18:12:25.798+0200: 39.355: [GC (Allocation Failure) 2020-09-29T18:12:25.798+0200: 39.355: [ParNew: 587894K->25644K(613440K), 0.0143856 secs] 597287K->35037K(2029056K), 0.0144539 secs] [Times: user=0.13 sys=0.00, real=0.01 secs] 
2020-09-29T18:12:25.862+0200: 39.419: [GC (Allocation Failure) 2020-09-29T18:12:25.862+0200: 39.419: [ParNew: 570988K->42557K(613440K), 0.0216848 secs] 580381K->51950K(2029056K), 0.0217502 secs] [Times: user=0.25 sys=0.00, real=0.02 secs] 
2020-09-29T18:12:25.933+0200: 39.490: [GC (Allocation Failure) 2020-09-29T18:12:25.933+0200: 39.490: [ParNew: 587901K->31660K(613440K), 0.0196118 secs] 597294K->41053K(2029056K), 0.0196840 secs] [Times: user=0.13 sys=0.00, real=0.02 secs] 
2020-09-29T18:12:26.008+0200: 39.565: [GC (Allocation Failure) 2020-09-29T18:12:26.008+0200: 39.565: [ParNew: 577004K->53004K(613440K), 0.0238867 secs] 586397K->62397K(2029056K), 0.0239511 secs] [Times: user=0.13 sys=0.00, real=0.02 secs] 
2020-09-29T18:12:26.082+0200: 39.640: [GC (Allocation Failure) 2020-09-29T18:12:26.082+0200: 39.640: [ParNew: 598348K->42725K(613440K), 0.0225780 secs] 607741K->52119K(2029056K), 0.0226426 secs] [Times: user=0.13 sys=0.02, real=0.02 secs] 
2020-09-29T18:12:26.160+0200: 39.717: [GC (Allocation Failure) 2020-09-29T18:12:26.160+0200: 39.717: [ParNew: 588069K->43123K(613440K), 0.0214317 secs] 597463K->52516K(2029056K), 0.0215136 secs] [Times: user=0.25 sys=0.00, real=0.02 secs] 
2020-09-29T18:12:26.239+0200: 39.796: [GC (Allocation Failure) 2020-09-29T18:12:26.245+0200: 39.802: [ParNew: 588467K->65287K(613440K), 0.0276860 secs] 597860K->74680K(2029056K), 0.0334208 secs] [Times: user=0.25 sys=0.00, real=0.03 secs] 
2020-09-29T18:12:26.320+0200: 39.878: [GC (Allocation Failure) 2020-09-29T18:12:26.320+0200: 39.878: [ParNew: 610631K->48401K(613440K), 0.0263900 secs] 620024K->57794K(2029056K), 0.0264693 secs] [Times: user=0.13 sys=0.00, real=0.03 secs] 
2020-09-29T18:12:26.401+0200: 39.958: [GC (Allocation Failure) 2020-09-29T18:12:26.401+0200: 39.958: [ParNew: 593745K->45261K(613440K), 0.0207483 secs] 603138K->54654K(2029056K), 0.0208152 secs] [Times: user=0.13 sys=0.00, real=0.02 secs] 
2020-09-29T18:12:26.469+0200: 40.027: [GC (Allocation Failure) 2020-09-29T18:12:26.469+0200: 40.027: [ParNew: 590605K->37225K(613440K), 0.0189063 secs] 599998K->46618K(2029056K), 0.0189689 secs] [Times: user=0.13 sys=0.00, real=0.02 secs] 
2020-09-29T18:12:26.549+0200: 40.106: [GC (Allocation Failure) 2020-09-29T18:12:26.549+0200: 40.106: [ParNew: 582569K->51860K(613440K), 0.0232736 secs] 591962K->61253K(2029056K), 0.0233811 secs] [Times: user=0.25 sys=0.00, real=0.02 secs] 
2020-09-29T18:12:26.623+0200: 40.180: [GC (Allocation Failure) 2020-09-29T18:12:26.623+0200: 40.181: [ParNew: 597204K->68096K(613440K), 0.0302287 secs] 606597K->77489K(2029056K), 0.0303197 secs] [Times: user=0.25 sys=0.00, real=0.03 secs] 
2020-09-29T18:12:26.703+0200: 40.261: [GC (Allocation Failure) 2020-09-29T18:12:26.703+0200: 40.261: [ParNew: 613440K->45691K(613440K), 0.0141197 secs] 622833K->55084K(2029056K), 0.0141925 secs] [Times: user=0.13 sys=0.00, real=0.01 secs] 
2020-09-29T18:12:26.770+0200: 40.328: [GC (Allocation Failure) 2020-09-29T18:12:26.770+0200: 40.328: [ParNew: 591035K->37624K(613440K), 0.0208688 secs] 600428K->47017K(2029056K), 0.0209610 secs] [Times: user=0.13 sys=0.00, real=0.02 secs] 
2020-09-29T18:12:26.843+0200: 40.400: [GC (Allocation Failure) 2020-09-29T18:12:26.843+0200: 40.400: [ParNew: 582968K->48993K(613440K), 0.0213628 secs] 592361K->58386K(2029056K), 0.0214275 secs] [Times: user=0.25 sys=0.00, real=0.02 secs] 
2020-09-29T18:12:26.918+0200: 40.476: [GC (Allocation Failure) 2020-09-29T18:12:26.918+0200: 40.476: [ParNew: 594337K->39816K(613440K), 0.0187372 secs] 603730K->49210K(2029056K), 0.0188013 secs] [Times: user=0.13 sys=0.00, real=0.02 secs] 
2020-09-29T18:12:26.990+0200: 40.547: [GC (Allocation Failure) 2020-09-29T18:12:26.990+0200: 40.547: [ParNew: 585160K->48062K(613440K), 0.0251089 secs] 594554K->57455K(2029056K), 0.0251758 secs] [Times: user=0.13 sys=0.00, real=0.03 secs] 
2020-09-29T18:12:27.068+0200: 40.626: [GC (Allocation Failure) 2020-09-29T18:12:27.068+0200: 40.626: [ParNew: 593406K->40093K(613440K), 0.0180720 secs] 602799K->49486K(2029056K), 0.0181564 secs] [Times: user=0.13 sys=0.00, real=0.02 secs] 
2020-09-29T18:12:27.136+0200: 40.694: [GC (Allocation Failure) 2020-09-29T18:12:27.136+0200: 40.694: [ParNew: 585437K->54659K(613440K), 0.0303803 secs] 594830K->64052K(2029056K), 0.0304461 secs] [Times: user=0.25 sys=0.00, real=0.03 secs] 
2020-09-29T18:12:27.220+0200: 40.777: [GC (Allocation Failure) 2020-09-29T18:12:27.220+0200: 40.777: [ParNew: 600003K->47505K(613440K), 0.0236979 secs] 609396K->56898K(2029056K), 0.0237824 secs] [Times: user=0.23 sys=0.00, real=0.02 secs] 
2020-09-29T18:12:27.296+0200: 40.854: [GC (Allocation Failure) 2020-09-29T18:12:27.296+0200: 40.854: [ParNew: 592849K->45722K(613440K), 0.0232432 secs] 602242K->55115K(2029056K), 0.0233213 secs] [Times: user=0.23 sys=0.00, real=0.02 secs] 
2020-09-29T18:12:27.373+0200: 40.930: [GC (Allocation Failure) 2020-09-29T18:12:27.373+0200: 40.930: [ParNew: 591066K->62893K(613440K), 0.0269536 secs] 600459K->72286K(2029056K), 0.0270245 secs] [Times: user=0.25 sys=0.00, real=0.03 secs] 
2020-09-29T18:12:27.450+0200: 41.007: [GC (Allocation Failure) 2020-09-29T18:12:27.450+0200: 41.007: [ParNew: 608237K->45277K(613440K), 0.0204292 secs] 617630K->54670K(2029056K), 0.0204940 secs] [Times: user=0.13 sys=0.00, real=0.02 secs] 
2020-09-29T18:12:27.524+0200: 41.081: [GC (Allocation Failure) 2020-09-29T18:12:27.525+0200: 41.082: [ParNew: 590621K->60412K(613440K), 0.0270942 secs] 600014K->69805K(2029056K), 0.0271698 secs] [Times: user=0.13 sys=0.00, real=0.03 secs] 
2020-09-29T18:12:27.605+0200: 41.162: [GC (Allocation Failure) 2020-09-29T18:12:27.605+0200: 41.162: [ParNew: 605756K->68096K(613440K), 0.0311950 secs] 615149K->77489K(2029056K), 0.0398541 secs] [Times: user=0.25 sys=0.00, real=0.04 secs] 
2020-09-29T18:12:27.695+0200: 41.252: [GC (Allocation Failure) 2020-09-29T18:12:27.695+0200: 41.252: [ParNew: 613440K->45554K(613440K), 0.0084843 secs] 622833K->54947K(2029056K), 0.0085493 secs] [Times: user=0.00 sys=0.00, real=0.01 secs] 
2020-09-29T18:12:27.758+0200: 41.315: [GC (Allocation Failure) 2020-09-29T18:12:27.758+0200: 41.315: [ParNew: 590898K->21666K(613440K), 0.0146167 secs] 600291K->31059K(2029056K), 0.0147055 secs] [Times: user=0.13 sys=0.00, real=0.02 secs] 
2020-09-29T18:12:27.828+0200: 41.385: [GC (Allocation Failure) 2020-09-29T18:12:27.828+0200: 41.385: [ParNew: 567010K->39404K(613440K), 0.0221010 secs] 576403K->48797K(2029056K), 0.0221683 secs] [Times: user=0.23 sys=0.00, real=0.02 secs] 
2020-09-29T18:12:27.899+0200: 41.456: [GC (Allocation Failure) 2020-09-29T18:12:27.899+0200: 41.456: [ParNew: 584748K->51806K(613440K), 0.0258790 secs] 594141K->61200K(2029056K), 0.0259587 secs] [Times: user=0.13 sys=0.00, real=0.03 secs] 
2020-09-29T18:12:27.976+0200: 41.533: [GC (Allocation Failure) 2020-09-29T18:12:27.976+0200: 41.533: [ParNew: 597150K->47212K(613440K), 0.0179473 secs] 606544K->56605K(2029056K), 0.0180089 secs] [Times: user=0.13 sys=0.00, real=0.02 secs] 
2020-09-29T18:12:28.046+0200: 41.603: [GC (Allocation Failure) 2020-09-29T18:12:28.046+0200: 41.603: [ParNew: 592556K->42993K(613440K), 0.0248782 secs] 601949K->52386K(2029056K), 0.0249660 secs] [Times: user=0.25 sys=0.00, real=0.03 secs] 
2020-09-29T18:12:28.126+0200: 41.683: [GC (Allocation Failure) 2020-09-29T18:12:28.126+0200: 41.683: [ParNew: 588337K->62527K(613440K), 0.0242515 secs] 597730K->71920K(2029056K), 0.0243173 secs] [Times: user=0.25 sys=0.00, real=0.02 secs] 
2020-09-29T18:12:28.201+0200: 41.758: [GC (Allocation Failure) 2020-09-29T18:12:28.201+0200: 41.758: [ParNew: 607871K->48640K(613440K), 0.0232053 secs] 617264K->58033K(2029056K), 0.0232742 secs] [Times: user=0.25 sys=0.00, real=0.02 secs] 
2020-09-29T18:12:28.270+0200: 41.827: [GC (Allocation Failure) 2020-09-29T18:12:28.270+0200: 41.827: [ParNew: 593984K->38232K(613440K), 0.0220198 secs] 603377K->47625K(2029056K), 0.0220988 secs] [Times: user=0.13 sys=0.00, real=0.02 secs] 
2020-09-29T18:12:28.339+0200: 41.896: [GC (Allocation Failure) 2020-09-29T18:12:28.339+0200: 41.896: [ParNew: 583576K->39945K(613440K), 0.0202252 secs] 592969K->49338K(2029056K), 0.0203043 secs] [Times: user=0.13 sys=0.00, real=0.02 secs] 
2020-09-29T18:12:28.410+0200: 41.967: [GC (Allocation Failure) 2020-09-29T18:12:28.410+0200: 41.967: [ParNew: 585289K->33709K(613440K), 0.0195468 secs] 594682K->43102K(2029056K), 0.0196111 secs] [Times: user=0.25 sys=0.00, real=0.02 secs] 
2020-09-29T18:12:28.479+0200: 42.036: [GC (Allocation Failure) 2020-09-29T18:12:28.479+0200: 42.036: [ParNew: 579053K->54852K(613440K), 0.0250360 secs] 588446K->64245K(2029056K), 0.0251002 secs] [Times: user=0.13 sys=0.00, real=0.02 secs] 
2020-09-29T18:12:28.557+0200: 42.114: [GC (Allocation Failure) 2020-09-29T18:12:28.557+0200: 42.114: [ParNew: 600196K->42489K(613440K), 0.0243022 secs] 609589K->51882K(2029056K), 0.0243882 secs] [Times: user=0.13 sys=0.00, real=0.02 secs] 
2020-09-29T18:12:28.635+0200: 42.192: [GC (Allocation Failure) 2020-09-29T18:12:28.635+0200: 42.192: [ParNew: 587833K->45231K(613440K), 0.0235336 secs] 597226K->54624K(2029056K), 0.0236042 secs] [Times: user=0.13 sys=0.00, real=0.02 secs] 
2020-09-29T18:12:28.708+0200: 42.265: [GC (Allocation Failure) 2020-09-29T18:12:28.708+0200: 42.265: [ParNew: 590575K->39735K(613440K), 0.0223505 secs] 599968K->49128K(2029056K), 0.0224166 secs] [Times: user=0.13 sys=0.00, real=0.02 secs] 
2020-09-29T18:12:28.779+0200: 42.336: [GC (Allocation Failure) 2020-09-29T18:12:28.779+0200: 42.336: [ParNew: 585079K->40618K(613440K), 0.0208633 secs] 594472K->50011K(2029056K), 0.0209349 secs] [Times: user=0.13 sys=0.00, real=0.02 secs] 
2020-09-29T18:12:28.852+0200: 42.409: [GC (Allocation Failure) 2020-09-29T18:12:28.852+0200: 42.409: [ParNew: 585962K->36309K(613440K), 0.0200585 secs] 595355K->45702K(2029056K), 0.0201436 secs] [Times: user=0.13 sys=0.00, real=0.02 secs] 
2020-09-29T18:12:28.923+0200: 42.481: [GC (Allocation Failure) 2020-09-29T18:12:28.924+0200: 42.481: [ParNew: 581653K->33938K(613440K), 0.0185347 secs] 591046K->43331K(2029056K), 0.0186080 secs] [Times: user=0.25 sys=0.00, real=0.02 secs] 
2020-09-29T18:12:28.992+0200: 42.549: [GC (Allocation Failure) 2020-09-29T18:12:28.992+0200: 42.549: [ParNew: 579282K->55300K(613440K), 0.0249988 secs] 588675K->64693K(2029056K), 0.0250680 secs] [Times: user=0.13 sys=0.00, real=0.03 secs] 
2020-09-29T18:12:29.072+0200: 42.629: [GC (Allocation Failure) 2020-09-29T18:12:29.072+0200: 42.630: [ParNew: 600644K->38130K(613440K), 0.0238456 secs] 610037K->47524K(2029056K), 0.0239360 secs] [Times: user=0.13 sys=0.00, real=0.02 secs] 
2020-09-29T18:12:29.144+0200: 42.701: [GC (Allocation Failure) 2020-09-29T18:12:29.144+0200: 42.701: [ParNew: 583474K->65412K(613440K), 0.0290001 secs] 592868K->74805K(2029056K), 0.0290638 secs] [Times: user=0.25 sys=0.00, real=0.03 secs] 
2020-09-29T18:12:29.221+0200: 42.778: [GC (Allocation Failure) 2020-09-29T18:12:29.221+0200: 42.778: [ParNew: 610756K->52737K(613440K), 0.0278115 secs] 620149K->62131K(2029056K), 0.0278836 secs] [Times: user=0.25 sys=0.00, real=0.03 secs] 
2020-09-29T18:12:29.296+0200: 42.853: [GC (Allocation Failure) 2020-09-29T18:12:29.296+0200: 42.853: [ParNew: 598081K->52789K(613440K), 0.0270725 secs] 607475K->62182K(2029056K), 0.0271351 secs] [Times: user=0.25 sys=0.00, real=0.03 secs] 
2020-09-29T18:12:29.371+0200: 42.928: [GC (Allocation Failure) 2020-09-29T18:12:29.371+0200: 42.928: [ParNew: 598133K->43840K(613440K), 0.0185383 secs] 607526K->53233K(2029056K), 0.0186272 secs] [Times: user=0.13 sys=0.00, real=0.02 secs] 
2020-09-29T18:12:29.439+0200: 42.996: [GC (Allocation Failure) 2020-09-29T18:12:29.439+0200: 42.997: [ParNew: 589184K->44508K(613440K), 0.0234004 secs] 598577K->53901K(2029056K), 0.0234635 secs] [Times: user=0.25 sys=0.00, real=0.02 secs] 
2020-09-29T18:12:29.510+0200: 43.067: [GC (Allocation Failure) 2020-09-29T18:12:29.510+0200: 43.067: [ParNew: 589852K->41761K(613440K), 0.0242753 secs] 599245K->51154K(2029056K), 0.0243501 secs] [Times: user=0.13 sys=0.00, real=0.03 secs] 
2020-09-29T18:12:29.586+0200: 43.143: [GC (Allocation Failure) 2020-09-29T18:12:29.586+0200: 43.143: [ParNew: 587105K->34350K(613440K), 0.0162571 secs] 596498K->43744K(2029056K), 0.0163453 secs] [Times: user=0.13 sys=0.00, real=0.02 secs] 
2020-09-29T18:12:29.671+0200: 43.228: [GC (Allocation Failure) 2020-09-29T18:12:29.671+0200: 43.228: [ParNew: 579694K->19900K(613440K), 0.0154392 secs] 589088K->29293K(2029056K), 0.0155127 secs] [Times: user=0.13 sys=0.00, real=0.02 secs] 
2020-09-29T18:12:29.740+0200: 43.297: [GC (Allocation Failure) 2020-09-29T18:12:29.740+0200: 43.297: [ParNew: 565244K->47130K(613440K), 0.0292025 secs] 574637K->56523K(2029056K), 0.0292773 secs] [Times: user=0.13 sys=0.00, real=0.03 secs] 
2020-09-29T18:12:29.822+0200: 43.379: [GC (Allocation Failure) 2020-09-29T18:12:29.822+0200: 43.379: [ParNew: 592474K->39841K(613440K), 0.0188645 secs] 601867K->49234K(2029056K), 0.0189472 secs] [Times: user=0.13 sys=0.00, real=0.02 secs] 
2020-09-29T18:12:29.897+0200: 43.454: [GC (Allocation Failure) 2020-09-29T18:12:29.897+0200: 43.454: [ParNew: 585185K->53671K(613440K), 0.0275136 secs] 594578K->63064K(2029056K), 0.0275894 secs] [Times: user=0.13 sys=0.00, real=0.03 secs] 
2020-09-29T18:12:29.980+0200: 43.537: [GC (Allocation Failure) 2020-09-29T18:12:29.980+0200: 43.537: [ParNew: 599015K->43954K(613440K), 0.0245387 secs] 608408K->53347K(2029056K), 0.0246068 secs] [Times: user=0.13 sys=0.00, real=0.02 secs] 
2020-09-29T18:12:30.057+0200: 43.614: [GC (Allocation Failure) 2020-09-29T18:12:30.057+0200: 43.614: [ParNew: 589298K->46967K(613440K), 0.0238762 secs] 598691K->56360K(2029056K), 0.0239459 secs] [Times: user=0.13 sys=0.00, real=0.02 secs] 
2020-09-29T18:12:30.130+0200: 43.687: [GC (Allocation Failure) 2020-09-29T18:12:30.130+0200: 43.687: [ParNew: 592311K->42197K(613440K), 0.0230894 secs] 601704K->51591K(2029056K), 0.0231716 secs] [Times: user=0.13 sys=0.00, real=0.02 secs] 
2020-09-29T18:12:30.209+0200: 43.766: [GC (Allocation Failure) 2020-09-29T18:12:30.209+0200: 43.766: [ParNew: 587541K->58447K(613440K), 0.0290585 secs] 596935K->67840K(2029056K), 0.0291410 secs] [Times: user=0.13 sys=0.00, real=0.03 secs] 
2020-09-29T18:12:30.289+0200: 43.846: [GC (Allocation Failure) 2020-09-29T18:12:30.289+0200: 43.846: [ParNew: 603791K->39687K(613440K), 0.0205531 secs] 613184K->49080K(2029056K), 0.0206399 secs] [Times: user=0.13 sys=0.00, real=0.02 secs] 
2020-09-29T18:12:30.360+0200: 43.917: [GC (Allocation Failure) 2020-09-29T18:12:30.360+0200: 43.917: [ParNew: 585031K->60263K(613440K), 0.0262660 secs] 594424K->69656K(2029056K), 0.0336726 secs] [Times: user=0.23 sys=0.00, real=0.03 secs] 
2020-09-29T18:12:30.454+0200: 44.012: [GC (Allocation Failure) 2020-09-29T18:12:30.454+0200: 44.012: [ParNew: 605607K->44375K(613440K), 0.0258171 secs] 615000K->53768K(2029056K), 0.0258884 secs] [Times: user=0.25 sys=0.00, real=0.03 secs] 
2020-09-29T18:12:30.529+0200: 44.087: [GC (Allocation Failure) 2020-09-29T18:12:30.529+0200: 44.087: [ParNew: 589719K->35002K(613440K), 0.0166010 secs] 599112K->44395K(2029056K), 0.0166695 secs] [Times: user=0.13 sys=0.00, real=0.02 secs] 
2020-09-29T18:12:30.595+0200: 44.153: [GC (Allocation Failure) 2020-09-29T18:12:30.595+0200: 44.153: [ParNew: 580346K->46845K(613440K), 0.0303592 secs] 589739K->56238K(2029056K), 0.0304444 secs] [Times: user=0.25 sys=0.00, real=0.03 secs] 
2020-09-29T18:12:30.675+0200: 44.232: [GC (Allocation Failure) 2020-09-29T18:12:30.675+0200: 44.232: [ParNew: 592189K->65186K(613440K), 0.0284861 secs] 601582K->74579K(2029056K), 0.0285702 secs] [Times: user=0.25 sys=0.00, real=0.03 secs] 
2020-09-29T18:12:30.753+0200: 44.311: [GC (Allocation Failure) 2020-09-29T18:12:30.753+0200: 44.311: [ParNew: 610530K->43565K(613440K), 0.0272653 secs] 619923K->52958K(2029056K), 0.0273495 secs] [Times: user=0.22 sys=0.00, real=0.03 secs] 
2020-09-29T18:12:30.836+0200: 44.393: [GC (Allocation Failure) 2020-09-29T18:12:30.836+0200: 44.393: [ParNew: 588909K->68096K(613440K), 0.0346149 secs] 598302K->78225K(2029056K), 0.0347052 secs] [Times: user=0.25 sys=0.00, real=0.03 secs] 
2020-09-29T18:12:30.920+0200: 44.478: [GC (Allocation Failure) 2020-09-29T18:12:30.920+0200: 44.478: [ParNew: 613440K->57782K(613440K), 0.0253510 secs] 623569K->67912K(2029056K), 0.0254360 secs] [Times: user=0.25 sys=0.00, real=0.03 secs] 
2020-09-29T18:12:30.995+0200: 44.553: [GC (Allocation Failure) 2020-09-29T18:12:30.995+0200: 44.553: [ParNew: 603126K->47675K(613440K), 0.0242776 secs] 613256K->57804K(2029056K), 0.0243457 secs] [Times: user=0.17 sys=0.03, real=0.03 secs] 
2020-09-29T18:12:31.069+0200: 44.626: [GC (Allocation Failure) 2020-09-29T18:12:31.069+0200: 44.626: [ParNew: 593019K->41179K(613440K), 0.0210947 secs] 603148K->51309K(2029056K), 0.0211638 secs] [Times: user=0.13 sys=0.00, real=0.02 secs] 
2020-09-29T18:12:31.140+0200: 44.697: [GC (Allocation Failure) 2020-09-29T18:12:31.140+0200: 44.697: [ParNew: 586523K->60474K(613440K), 0.0284359 secs] 596653K->70604K(2029056K), 0.0285218 secs] [Times: user=0.25 sys=0.00, real=0.03 secs] 
2020-09-29T18:12:31.216+0200: 44.773: [GC (Allocation Failure) 2020-09-29T18:12:31.216+0200: 44.773: [ParNew: 605818K->43473K(613440K), 0.0198425 secs] 615948K->53603K(2029056K), 0.0199185 secs] [Times: user=0.13 sys=0.00, real=0.02 secs] 
2020-09-29T18:12:31.298+0200: 44.855: [GC (Allocation Failure) 2020-09-29T18:12:31.298+0200: 44.855: [ParNew: 588817K->41001K(613440K), 0.0188227 secs] 598947K->51131K(2029056K), 0.0188885 secs] [Times: user=0.14 sys=0.00, real=0.02 secs] 
2020-09-29T18:12:31.368+0200: 44.926: [GC (Allocation Failure) 2020-09-29T18:12:31.368+0200: 44.926: [ParNew: 586345K->42978K(613440K), 0.0259558 secs] 596475K->53107K(2029056K), 0.0260296 secs] [Times: user=0.13 sys=0.00, real=0.03 secs] 
2020-09-29T18:12:31.441+0200: 44.998: [GC (Allocation Failure) 2020-09-29T18:12:31.441+0200: 44.999: [ParNew: 588322K->54356K(613440K), 0.0240377 secs] 598451K->64485K(2029056K), 0.0241105 secs] [Times: user=0.25 sys=0.00, real=0.02 secs] 
2020-09-29T18:12:31.515+0200: 45.072: [GC (Allocation Failure) 2020-09-29T18:12:31.515+0200: 45.072: [ParNew: 599700K->40254K(613440K), 0.0234625 secs] 609829K->50384K(2029056K), 0.0235557 secs] [Times: user=0.25 sys=0.00, real=0.02 secs] 
2020-09-29T18:12:31.589+0200: 45.146: [GC (Allocation Failure) 2020-09-29T18:12:31.589+0200: 45.147: [ParNew: 585598K->35179K(613440K), 0.0142890 secs] 595728K->45309K(2029056K), 0.0143579 secs] [Times: user=0.11 sys=0.00, real=0.01 secs] 
2020-09-29T18:12:31.663+0200: 45.220: [GC (Allocation Failure) 2020-09-29T18:12:31.663+0200: 45.220: [ParNew: 580523K->35826K(613440K), 0.0212408 secs] 590653K->45956K(2029056K), 0.0213120 secs] [Times: user=0.13 sys=0.00, real=0.02 secs] 
2020-09-29T18:12:31.743+0200: 45.300: [GC (Allocation Failure) 2020-09-29T18:12:31.750+0200: 45.306: [ParNew: 581170K->49377K(613440K), 0.0281669 secs] 591300K->59507K(2029056K), 0.0345286 secs] [Times: user=0.25 sys=0.00, real=0.03 secs] 
2020-09-29T18:12:31.826+0200: 45.384: [GC (Allocation Failure) 2020-09-29T18:12:31.826+0200: 45.384: [ParNew: 594721K->59733K(613440K), 0.0267864 secs] 604851K->69863K(2029056K), 0.0268531 secs] [Times: user=0.25 sys=0.00, real=0.03 secs] 
2020-09-29T18:12:31.907+0200: 45.464: [GC (Allocation Failure) 2020-09-29T18:12:31.907+0200: 45.464: [ParNew: 605077K->42607K(613440K), 0.0261546 secs] 615207K->52737K(2029056K), 0.0262241 secs] [Times: user=0.25 sys=0.00, real=0.03 secs] 
2020-09-29T18:12:31.987+0200: 45.544: [GC (Allocation Failure) 2020-09-29T18:12:31.987+0200: 45.544: [ParNew: 587951K->39102K(613440K), 0.0187140 secs] 598081K->49231K(2029056K), 0.0187944 secs] [Times: user=0.23 sys=0.00, real=0.02 secs] 
2020-09-29T18:12:32.065+0200: 45.622: [GC (Allocation Failure) 2020-09-29T18:12:32.065+0200: 45.622: [ParNew: 584446K->39692K(613440K), 0.0230775 secs] 594575K->49822K(2029056K), 0.0231608 secs] [Times: user=0.23 sys=0.00, real=0.02 secs] 
2020-09-29T18:12:32.141+0200: 45.699: [GC (Allocation Failure) 2020-09-29T18:12:32.142+0200: 45.699: [ParNew: 585036K->57003K(613440K), 0.0300106 secs] 595166K->67133K(2029056K), 0.0300844 secs] [Times: user=0.25 sys=0.00, real=0.03 secs] 
2020-09-29T18:12:32.221+0200: 45.778: [GC (Allocation Failure) 2020-09-29T18:12:32.221+0200: 45.778: [ParNew: 602347K->51702K(613440K), 0.0215439 secs] 612477K->61832K(2029056K), 0.0216110 secs] [Times: user=0.25 sys=0.00, real=0.02 secs] 
2020-09-29T18:12:32.293+0200: 45.851: [GC (Allocation Failure) 2020-09-29T18:12:32.294+0200: 45.851: [ParNew: 597046K->43782K(613440K), 0.0193147 secs] 607176K->53911K(2029056K), 0.0194034 secs] [Times: user=0.13 sys=0.00, real=0.02 secs] 
2020-09-29T18:12:32.372+0200: 45.929: [GC (Allocation Failure) 2020-09-29T18:12:32.372+0200: 45.929: [ParNew: 589126K->57018K(613440K), 0.0275575 secs] 599255K->67148K(2029056K), 0.0276213 secs] [Times: user=0.25 sys=0.00, real=0.03 secs] 
2020-09-29T18:12:32.451+0200: 46.008: [GC (Allocation Failure) 2020-09-29T18:12:32.451+0200: 46.008: [ParNew: 602362K->43622K(613440K), 0.0274552 secs] 612492K->53752K(2029056K), 0.0275327 secs] [Times: user=0.25 sys=0.00, real=0.03 secs] 
2020-09-29T18:12:32.527+0200: 46.085: [GC (Allocation Failure) 2020-09-29T18:12:32.527+0200: 46.085: [ParNew: 588966K->44764K(613440K), 0.0256163 secs] 599096K->54894K(2029056K), 0.0256861 secs] [Times: user=0.25 sys=0.00, real=0.03 secs] 
2020-09-29T18:12:32.609+0200: 46.166: [GC (Allocation Failure) 2020-09-29T18:12:32.609+0200: 46.166: [ParNew: 590108K->37787K(613440K), 0.0188117 secs] 600238K->47916K(2029056K), 0.0188972 secs] [Times: user=0.11 sys=0.00, real=0.02 secs] 
2020-09-29T18:12:32.674+0200: 46.232: [GC (Allocation Failure) 2020-09-29T18:12:32.675+0200: 46.232: [ParNew: 583131K->50378K(613440K), 0.0295947 secs] 593260K->60507K(2029056K), 0.0296725 secs] [Times: user=0.25 sys=0.00, real=0.03 secs] 
2020-09-29T18:12:32.757+0200: 46.315: [GC (Allocation Failure) 2020-09-29T18:12:32.757+0200: 46.315: [ParNew: 595722K->42596K(613440K), 0.0210469 secs] 605851K->52726K(2029056K), 0.0211322 secs] [Times: user=0.13 sys=0.00, real=0.02 secs] 
2020-09-29T18:12:32.842+0200: 46.399: [GC (Allocation Failure) 2020-09-29T18:12:32.842+0200: 46.400: [ParNew: 587940K->59566K(613440K), 0.0294069 secs] 598070K->69696K(2029056K), 0.0294979 secs] [Times: user=0.25 sys=0.00, real=0.03 secs] 
2020-09-29T18:12:32.921+0200: 46.479: [GC (Allocation Failure) 2020-09-29T18:12:32.921+0200: 46.479: [ParNew: 604910K->46868K(613440K), 0.0269106 secs] 615040K->56998K(2029056K), 0.0269735 secs] [Times: user=0.25 sys=0.00, real=0.03 secs] 
2020-09-29T18:12:33.002+0200: 46.560: [GC (Allocation Failure) 2020-09-29T18:12:33.002+0200: 46.560: [ParNew: 592212K->47781K(613440K), 0.0251938 secs] 602342K->57911K(2029056K), 0.0252631 secs] [Times: user=0.25 sys=0.00, real=0.02 secs] 
2020-09-29T18:12:33.077+0200: 46.635: [GC (Allocation Failure) 2020-09-29T18:12:33.077+0200: 46.635: [ParNew: 593125K->43514K(613440K), 0.0248043 secs] 603255K->53644K(2029056K), 0.0249212 secs] [Times: user=0.22 sys=0.00, real=0.03 secs] 
2020-09-29T18:12:33.153+0200: 46.710: [GC (Allocation Failure) 2020-09-29T18:12:33.153+0200: 46.710: [ParNew: 588858K->41150K(613440K), 0.0232308 secs] 598988K->51279K(2029056K), 0.0232984 secs] [Times: user=0.25 sys=0.00, real=0.02 secs] 
2020-09-29T18:12:33.223+0200: 46.780: [GC (Allocation Failure) 2020-09-29T18:12:33.223+0200: 46.780: [ParNew: 586494K->63723K(613440K), 0.0303923 secs] 596623K->73853K(2029056K), 0.0304600 secs] [Times: user=0.13 sys=0.00, real=0.03 secs] 
2020-09-29T18:12:33.306+0200: 46.863: [GC (Allocation Failure) 2020-09-29T18:12:33.306+0200: 46.863: [ParNew: 609067K->68096K(613440K), 0.0303994 secs] 619197K->78299K(2029056K), 0.0304661 secs] [Times: user=0.25 sys=0.00, real=0.03 secs] 
2020-09-29T18:12:33.385+0200: 46.943: [GC (Allocation Failure) 2020-09-29T18:12:33.385+0200: 46.943: [ParNew: 613440K->44719K(613440K), 0.0215442 secs] 623643K->54923K(2029056K), 0.0216146 secs] [Times: user=0.13 sys=0.00, real=0.02 secs] 
2020-09-29T18:12:33.462+0200: 47.020: [GC (Allocation Failure) 2020-09-29T18:12:33.462+0200: 47.020: [ParNew: 590063K->64607K(613440K), 0.0348838 secs] 600267K->74811K(2029056K), 0.0349525 secs] [Times: user=0.25 sys=0.00, real=0.04 secs] 
2020-09-29T18:12:33.544+0200: 47.102: [GC (Allocation Failure) 2020-09-29T18:12:33.544+0200: 47.102: [ParNew: 609951K->44871K(613440K), 0.0198832 secs] 620155K->55075K(2029056K), 0.0199725 secs] [Times: user=0.13 sys=0.00, real=0.02 secs] 
2020-09-29T18:12:33.625+0200: 47.183: [GC (Allocation Failure) 2020-09-29T18:12:33.625+0200: 47.183: [ParNew: 590215K->45731K(613440K), 0.0243811 secs] 600419K->55934K(2029056K), 0.0244642 secs] [Times: user=0.25 sys=0.00, real=0.03 secs] 
2020-09-29T18:12:33.700+0200: 47.258: [GC (Allocation Failure) 2020-09-29T18:12:33.700+0200: 47.258: [ParNew: 591075K->32842K(613440K), 0.0147283 secs] 601278K->43046K(2029056K), 0.0147978 secs] [Times: user=0.13 sys=0.00, real=0.01 secs] 
2020-09-29T18:12:33.771+0200: 47.328: [GC (Allocation Failure) 2020-09-29T18:12:33.771+0200: 47.328: [ParNew: 578186K->49917K(613440K), 0.0272180 secs] 588390K->60121K(2029056K), 0.0272860 secs] [Times: user=0.13 sys=0.00, real=0.03 secs] 
2020-09-29T18:12:33.853+0200: 47.410: [GC (Allocation Failure) 2020-09-29T18:12:33.853+0200: 47.410: [ParNew: 595261K->65246K(613440K), 0.0274248 secs] 605465K->75450K(2029056K), 0.0274938 secs] [Times: user=0.25 sys=0.00, real=0.03 secs] 
2020-09-29T18:12:33.935+0200: 47.492: [GC (Allocation Failure) 2020-09-29T18:12:33.935+0200: 47.492: [ParNew: 610590K->48258K(613440K), 0.0262194 secs] 620794K->58462K(2029056K), 0.0263013 secs] [Times: user=0.25 sys=0.00, real=0.03 secs] 
2020-09-29T18:12:34.021+0200: 47.578: [GC (Allocation Failure) 2020-09-29T18:12:34.021+0200: 47.578: [ParNew: 593602K->49363K(613440K), 0.0267208 secs] 603806K->59567K(2029056K), 0.0268054 secs] [Times: user=0.13 sys=0.00, real=0.03 secs] 
2020-09-29T18:12:34.100+0200: 47.657: [GC (Allocation Failure) 2020-09-29T18:12:34.100+0200: 47.657: [ParNew: 594707K->36756K(613440K), 0.0143975 secs] 604911K->46960K(2029056K), 0.0144660 secs] [Times: user=0.13 sys=0.00, real=0.01 secs] 
2020-09-29T18:12:34.170+0200: 47.727: [GC (Allocation Failure) 2020-09-29T18:12:34.170+0200: 47.727: [ParNew: 582100K->34702K(613440K), 0.0213320 secs] 592304K->44906K(2029056K), 0.0214053 secs] [Times: user=0.25 sys=0.00, real=0.02 secs] 
2020-09-29T18:12:34.250+0200: 47.807: [GC (Allocation Failure) 2020-09-29T18:12:34.250+0200: 47.807: [ParNew: 580046K->67144K(613440K), 0.0343578 secs] 590250K->77348K(2029056K), 0.0344493 secs] [Times: user=0.25 sys=0.00, real=0.03 secs] 
2020-09-29T18:12:34.332+0200: 47.889: [GC (Allocation Failure) 2020-09-29T18:12:34.332+0200: 47.889: [ParNew: 612488K->68096K(613440K), 0.0334464 secs] 622692K->78687K(2029056K), 0.0335138 secs] [Times: user=0.27 sys=0.00, real=0.03 secs] 
2020-09-29T18:12:34.420+0200: 47.977: [GC (Allocation Failure) 2020-09-29T18:12:34.420+0200: 47.977: [ParNew: 613440K->46100K(613440K), 0.0175322 secs] 624031K->56692K(2029056K), 0.0176014 secs] [Times: user=0.13 sys=0.00, real=0.02 secs] 
2020-09-29T18:12:34.497+0200: 48.054: [GC (Allocation Failure) 2020-09-29T18:12:34.497+0200: 48.054: [ParNew: 591444K->41125K(613440K), 0.0172859 secs] 602036K->51716K(2029056K), 0.0173666 secs] [Times: user=0.13 sys=0.00, real=0.02 secs] 
2020-09-29T18:12:34.568+0200: 48.125: [GC (Allocation Failure) 2020-09-29T18:12:34.568+0200: 48.125: [ParNew: 586469K->60116K(613440K), 0.0214129 secs] 597060K->70707K(2029056K), 0.0214862 secs] [Times: user=0.13 sys=0.00, real=0.02 secs] 
2020-09-29T18:12:34.638+0200: 48.195: [GC (Allocation Failure) 2020-09-29T18:12:34.638+0200: 48.195: [ParNew: 605460K->44590K(613440K), 0.0147376 secs] 616051K->55181K(2029056K), 0.0147946 secs] [Times: user=0.11 sys=0.00, real=0.02 secs] 
2020-09-29T18:12:34.703+0200: 48.260: [GC (Allocation Failure) 2020-09-29T18:12:34.703+0200: 48.260: [ParNew: 589934K->43453K(613440K), 0.0183314 secs] 600525K->54044K(2029056K), 0.0184082 secs] [Times: user=0.13 sys=0.00, real=0.02 secs] 
2020-09-29T18:12:34.772+0200: 48.329: [GC (Allocation Failure) 2020-09-29T18:12:34.772+0200: 48.329: [ParNew: 588797K->58201K(613440K), 0.0184820 secs] 599388K->68792K(2029056K), 0.0185663 secs] [Times: user=0.13 sys=0.00, real=0.02 secs] 
2020-09-29T18:12:34.839+0200: 48.396: [GC (Allocation Failure) 2020-09-29T18:12:34.839+0200: 48.396: [ParNew: 603545K->48268K(613440K), 0.0169708 secs] 614136K->58859K(2029056K), 0.0170277 secs] [Times: user=0.13 sys=0.00, real=0.02 secs] 
2020-09-29T18:12:34.904+0200: 48.461: [GC (Allocation Failure) 2020-09-29T18:12:34.904+0200: 48.461: [ParNew: 593612K->60388K(613440K), 0.0221974 secs] 604203K->70979K(2029056K), 0.0222531 secs] [Times: user=0.13 sys=0.00, real=0.02 secs] 
2020-09-29T18:12:34.977+0200: 48.534: [GC (Allocation Failure) 2020-09-29T18:12:34.977+0200: 48.534: [ParNew: 605732K->50984K(613440K), 0.0212789 secs] 616323K->61576K(2029056K), 0.0213597 secs] [Times: user=0.13 sys=0.00, real=0.02 secs] 
2020-09-29T18:12:35.045+0200: 48.602: [GC (Allocation Failure) 2020-09-29T18:12:35.045+0200: 48.602: [ParNew: 596328K->41803K(613440K), 0.0146571 secs] 606920K->52394K(2029056K), 0.0147210 secs] [Times: user=0.13 sys=0.00, real=0.01 secs] 
2020-09-29T18:12:35.107+0200: 48.664: [GC (Allocation Failure) 2020-09-29T18:12:35.107+0200: 48.664: [ParNew: 587147K->30829K(613440K), 0.0140041 secs] 597738K->41420K(2029056K), 0.0140809 secs] [Times: user=0.13 sys=0.00, real=0.01 secs] 
2020-09-29T18:12:35.176+0200: 48.733: [GC (Allocation Failure) 2020-09-29T18:12:35.176+0200: 48.733: [ParNew: 576173K->46701K(613440K), 0.0187079 secs] 586764K->57293K(2029056K), 0.0187622 secs] [Times: user=0.17 sys=0.00, real=0.02 secs] 
2020-09-29T18:12:35.242+0200: 48.799: [GC (Allocation Failure) 2020-09-29T18:12:35.242+0200: 48.799: [ParNew: 592045K->62742K(613440K), 0.0223023 secs] 602637K->73333K(2029056K), 0.0223718 secs] [Times: user=0.13 sys=0.00, real=0.02 secs] 
2020-09-29T18:12:35.317+0200: 48.874: [GC (Allocation Failure) 2020-09-29T18:12:35.317+0200: 48.874: [ParNew: 608086K->40421K(613440K), 0.0107005 secs] 618677K->51012K(2029056K), 0.0107934 secs] [Times: user=0.00 sys=0.00, real=0.01 secs] 
2020-09-29T18:12:35.379+0200: 48.936: [GC (Allocation Failure) 2020-09-29T18:12:35.379+0200: 48.936: [ParNew: 585765K->35058K(613440K), 0.0150428 secs] 596356K->45649K(2029056K), 0.0151176 secs] [Times: user=0.13 sys=0.00, real=0.02 secs] 
2020-09-29T18:12:35.443+0200: 49.000: [GC (Allocation Failure) 2020-09-29T18:12:35.443+0200: 49.000: [ParNew: 580402K->40651K(613440K), 0.0150521 secs] 590993K->51242K(2029056K), 0.0151331 secs] [Times: user=0.13 sys=0.00, real=0.01 secs] 
2020-09-29T18:12:35.505+0200: 49.062: [GC (Allocation Failure) 2020-09-29T18:12:35.505+0200: 49.062: [ParNew: 585995K->34345K(613440K), 0.0139235 secs] 596586K->44937K(2029056K), 0.0139810 secs] [Times: user=0.00 sys=0.00, real=0.01 secs] 
2020-09-29T18:12:35.569+0200: 49.126: [GC (Allocation Failure) 2020-09-29T18:12:35.569+0200: 49.126: [ParNew: 579689K->50221K(613440K), 0.0208188 secs] 590281K->60812K(2029056K), 0.0208922 secs] [Times: user=0.11 sys=0.00, real=0.02 secs] 
2020-09-29T18:12:35.641+0200: 49.198: [GC (Allocation Failure) 2020-09-29T18:12:35.641+0200: 49.198: [ParNew: 595565K->35884K(613440K), 0.0136521 secs] 606156K->46476K(2029056K), 0.0137083 secs] [Times: user=0.13 sys=0.00, real=0.01 secs] 
2020-09-29T18:12:35.702+0200: 49.259: [GC (Allocation Failure) 2020-09-29T18:12:35.702+0200: 49.259: [ParNew: 581228K->36142K(613440K), 0.0169059 secs] 591820K->46733K(2029056K), 0.0169670 secs] [Times: user=0.13 sys=0.00, real=0.02 secs] 
2020-09-29T18:12:35.769+0200: 49.326: [GC (Allocation Failure) 2020-09-29T18:12:35.769+0200: 49.326: [ParNew: 581486K->53156K(613440K), 0.0218363 secs] 592077K->63747K(2029056K), 0.0219012 secs] [Times: user=0.25 sys=0.00, real=0.02 secs] 
2020-09-29T18:12:35.840+0200: 49.397: [GC (Allocation Failure) 2020-09-29T18:12:35.840+0200: 49.397: [ParNew: 598500K->42636K(613440K), 0.0145887 secs] 609091K->53227K(2029056K), 0.0146545 secs] [Times: user=0.13 sys=0.00, real=0.01 secs] 
2020-09-29T18:12:35.902+0200: 49.459: [GC (Allocation Failure) 2020-09-29T18:12:35.902+0200: 49.459: [ParNew: 587980K->42569K(613440K), 0.0197386 secs] 598571K->53160K(2029056K), 0.0198018 secs] [Times: user=0.13 sys=0.00, real=0.02 secs] 
2020-09-29T18:12:35.970+0200: 49.527: [GC (Allocation Failure) 2020-09-29T18:12:35.970+0200: 49.527: [ParNew: 587913K->46408K(613440K), 0.0186412 secs] 598504K->56999K(2029056K), 0.0187121 secs] [Times: user=0.13 sys=0.00, real=0.02 secs] 
2020-09-29T18:12:36.035+0200: 49.593: [GC (Allocation Failure) 2020-09-29T18:12:36.035+0200: 49.593: [ParNew: 591752K->68096K(613440K), 0.0230905 secs] 602343K->78687K(2029056K), 0.0231522 secs] [Times: user=0.19 sys=0.00, real=0.02 secs] 
2020-09-29T18:12:36.106+0200: 49.663: [GC (Allocation Failure) 2020-09-29T18:12:36.106+0200: 49.663: [ParNew: 613440K->51014K(613440K), 0.0226580 secs] 624031K->61605K(2029056K), 0.0227307 secs] [Times: user=0.13 sys=0.00, real=0.02 secs] 
2020-09-29T18:12:36.177+0200: 49.734: [GC (Allocation Failure) 2020-09-29T18:12:36.177+0200: 49.734: [ParNew: 596358K->48427K(613440K), 0.0165431 secs] 606949K->59018K(2029056K), 0.0165985 secs] [Times: user=0.13 sys=0.00, real=0.02 secs] 
2020-09-29T18:12:36.241+0200: 49.798: [GC (Allocation Failure) 2020-09-29T18:12:36.241+0200: 49.798: [ParNew: 593771K->30036K(613440K), 0.0146123 secs] 604362K->40627K(2029056K), 0.0146674 secs] [Times: user=0.13 sys=0.00, real=0.02 secs] 
2020-09-29T18:12:36.308+0200: 49.865: [GC (Allocation Failure) 2020-09-29T18:12:36.308+0200: 49.865: [ParNew: 575380K->50922K(613440K), 0.0199293 secs] 585971K->61513K(2029056K), 0.0200027 secs] [Times: user=0.13 sys=0.00, real=0.02 secs] 
2020-09-29T18:12:36.376+0200: 49.933: [GC (Allocation Failure) 2020-09-29T18:12:36.376+0200: 49.933: [ParNew: 596266K->64638K(613440K), 0.0189176 secs] 606857K->75229K(2029056K), 0.0189745 secs] [Times: user=0.13 sys=0.02, real=0.02 secs] 
2020-09-29T18:12:36.445+0200: 50.002: [GC (Allocation Failure) 2020-09-29T18:12:36.445+0200: 50.002: [ParNew: 609982K->47959K(613440K), 0.0183060 secs] 620573K->58550K(2029056K), 0.0183645 secs] [Times: user=0.13 sys=0.00, real=0.02 secs] 
2020-09-29T18:12:36.511+0200: 50.068: [GC (Allocation Failure) 2020-09-29T18:12:36.511+0200: 50.068: [ParNew: 593303K->64063K(613440K), 0.0229384 secs] 603894K->74654K(2029056K), 0.0230010 secs] [Times: user=0.13 sys=0.00, real=0.02 secs] 
2020-09-29T18:12:36.583+0200: 50.140: [GC (Allocation Failure) 2020-09-29T18:12:36.583+0200: 50.140: [ParNew: 609407K->49267K(613440K), 0.0172211 secs] 619998K->59858K(2029056K), 0.0172765 secs] [Times: user=0.13 sys=0.00, real=0.02 secs] 
2020-09-29T18:12:36.656+0200: 50.213: [GC (Allocation Failure) 2020-09-29T18:12:36.656+0200: 50.213: [ParNew: 594611K->66475K(613440K), 0.0219026 secs] 605202K->77066K(2029056K), 0.0219896 secs] [Times: user=0.25 sys=0.00, real=0.02 secs] 
2020-09-29T18:12:36.727+0200: 50.284: [GC (Allocation Failure) 2020-09-29T18:12:36.727+0200: 50.284: [ParNew: 611819K->44973K(613440K), 0.0168506 secs] 622410K->55565K(2029056K), 0.0169108 secs] [Times: user=0.13 sys=0.00, real=0.02 secs] 
2020-09-29T18:12:36.793+0200: 50.350: [GC (Allocation Failure) 2020-09-29T18:12:36.793+0200: 50.350: [ParNew: 590317K->40621K(613440K), 0.0143892 secs] 600909K->51212K(2029056K), 0.0144583 secs] [Times: user=0.13 sys=0.00, real=0.02 secs] 
2020-09-29T18:12:36.860+0200: 50.417: [GC (Allocation Failure) 2020-09-29T18:12:36.860+0200: 50.417: [ParNew: 585965K->55072K(613440K), 0.0188642 secs] 596556K->65663K(2029056K), 0.0189223 secs] [Times: user=0.13 sys=0.00, real=0.02 secs] 
2020-09-29T18:12:36.927+0200: 50.484: [GC (Allocation Failure) 2020-09-29T18:12:36.927+0200: 50.484: [ParNew: 600416K->59559K(613440K), 0.0190359 secs] 611007K->70150K(2029056K), 0.0190938 secs] [Times: user=0.13 sys=0.00, real=0.02 secs] 
2020-09-29T18:12:36.993+0200: 50.550: [GC (Allocation Failure) 2020-09-29T18:12:36.993+0200: 50.550: [ParNew: 604903K->22869K(613440K), 0.0130219 secs] 615494K->33460K(2029056K), 0.0130779 secs] [Times: user=0.13 sys=0.00, real=0.01 secs] 
2020-09-29T18:12:37.052+0200: 50.609: [GC (Allocation Failure) 2020-09-29T18:12:37.052+0200: 50.609: [ParNew: 568213K->41156K(613440K), 0.0155817 secs] 578804K->51747K(2029056K), 0.0156416 secs] [Times: user=0.13 sys=0.00, real=0.01 secs] 
2020-09-29T18:12:37.117+0200: 50.675: [GC (Allocation Failure) 2020-09-29T18:12:37.117+0200: 50.675: [ParNew: 586500K->35227K(613440K), 0.0153590 secs] 597091K->45818K(2029056K), 0.0154164 secs] [Times: user=0.13 sys=0.00, real=0.02 secs] 
2020-09-29T18:12:37.180+0200: 50.737: [GC (Allocation Failure) 2020-09-29T18:12:37.180+0200: 50.737: [ParNew: 580571K->31677K(613440K), 0.0138624 secs] 591162K->42269K(2029056K), 0.0139226 secs] [Times: user=0.13 sys=0.00, real=0.01 secs] 
2020-09-29T18:12:37.242+0200: 50.799: [GC (Allocation Failure) 2020-09-29T18:12:37.242+0200: 50.799: [ParNew: 577021K->49722K(613440K), 0.0178736 secs] 587613K->60313K(2029056K), 0.0179488 secs] [Times: user=0.13 sys=0.00, real=0.02 secs] 
2020-09-29T18:12:37.315+0200: 50.872: [GC (Allocation Failure) 2020-09-29T18:12:37.315+0200: 50.872: [ParNew: 595066K->63502K(613440K), 0.0237833 secs] 605657K->74094K(2029056K), 0.0238611 secs] [Times: user=0.25 sys=0.00, real=0.02 secs] 
2020-09-29T18:12:37.394+0200: 50.951: [GC (Allocation Failure) 2020-09-29T18:12:37.394+0200: 50.951: [ParNew: 608846K->49703K(613440K), 0.0186174 secs] 619438K->60294K(2029056K), 0.0187044 secs] [Times: user=0.23 sys=0.01, real=0.02 secs] 
2020-09-29T18:12:37.467+0200: 51.024: [GC (Allocation Failure) 2020-09-29T18:12:37.467+0200: 51.024: [ParNew: 595047K->32082K(613440K), 0.0112779 secs] 605638K->42673K(2029056K), 0.0113450 secs] [Times: user=0.13 sys=0.00, real=0.01 secs] 
2020-09-29T18:12:37.534+0200: 51.091: [GC (Allocation Failure) 2020-09-29T18:12:37.534+0200: 51.091: [ParNew: 577426K->33113K(613440K), 0.0141444 secs] 588017K->43704K(2029056K), 0.0142014 secs] [Times: user=0.13 sys=0.00, real=0.01 secs] 
2020-09-29T18:12:37.600+0200: 51.157: [GC (Allocation Failure) 2020-09-29T18:12:37.600+0200: 51.157: [ParNew: 578457K->42054K(613440K), 0.0144385 secs] 589048K->52645K(2029056K), 0.0145113 secs] [Times: user=0.13 sys=0.00, real=0.02 secs] 
2020-09-29T18:12:37.663+0200: 51.220: [GC (Allocation Failure) 2020-09-29T18:12:37.663+0200: 51.220: [ParNew: 587398K->66528K(613440K), 0.0243901 secs] 597989K->77119K(2029056K), 0.0244515 secs] [Times: user=0.13 sys=0.00, real=0.02 secs] 
2020-09-29T18:12:37.735+0200: 51.292: [GC (Allocation Failure) 2020-09-29T18:12:37.735+0200: 51.292: [ParNew: 611872K->54232K(613440K), 0.0173361 secs] 622463K->64823K(2029056K), 0.0173906 secs] [Times: user=0.13 sys=0.00, real=0.02 secs] 
2020-09-29T18:12:37.804+0200: 51.361: [GC (Allocation Failure) 2020-09-29T18:12:37.804+0200: 51.361: [ParNew: 599576K->44726K(613440K), 0.0178140 secs] 610167K->55317K(2029056K), 0.0178687 secs] [Times: user=0.13 sys=0.00, real=0.02 secs] 
2020-09-29T18:12:37.868+0200: 51.426: [GC (Allocation Failure) 2020-09-29T18:12:37.868+0200: 51.426: [ParNew: 590070K->67185K(613440K), 0.0225352 secs] 600661K->77777K(2029056K), 0.0226048 secs] [Times: user=0.13 sys=0.00, real=0.02 secs] 
2020-09-29T18:12:37.938+0200: 51.495: [GC (Allocation Failure) 2020-09-29T18:12:37.938+0200: 51.495: [ParNew: 612529K->48033K(613440K), 0.0166823 secs] 623121K->58624K(2029056K), 0.0167438 secs] [Times: user=0.13 sys=0.00, real=0.02 secs] 
2020-09-29T18:12:38.007+0200: 51.564: [GC (Allocation Failure) 2020-09-29T18:12:38.007+0200: 51.564: [ParNew: 593377K->67275K(613440K), 0.0200710 secs] 603968K->77866K(2029056K), 0.0201414 secs] [Times: user=0.13 sys=0.00, real=0.02 secs] 
2020-09-29T18:12:38.075+0200: 51.632: [GC (Allocation Failure) 2020-09-29T18:12:38.075+0200: 51.632: [ParNew: 612619K->44682K(613440K), 0.0141435 secs] 623210K->55273K(2029056K), 0.0142151 secs] [Times: user=0.13 sys=0.00, real=0.01 secs] 
2020-09-29T18:12:38.139+0200: 51.696: [GC (Allocation Failure) 2020-09-29T18:12:38.139+0200: 51.696: [ParNew: 590026K->31523K(613440K), 0.0123506 secs] 600617K->42114K(2029056K), 0.0124409 secs] [Times: user=0.13 sys=0.00, real=0.01 secs] 
2020-09-29T18:12:38.201+0200: 51.758: [GC (Allocation Failure) 2020-09-29T18:12:38.201+0200: 51.758: [ParNew: 576867K->50748K(613440K), 0.0184007 secs] 587458K->61339K(2029056K), 0.0184551 secs] [Times: user=0.13 sys=0.00, real=0.02 secs] 
2020-09-29T18:12:38.269+0200: 51.827: [GC (Allocation Failure) 2020-09-29T18:12:38.269+0200: 51.827: [ParNew: 596092K->38059K(613440K), 0.0184552 secs] 606683K->48650K(2029056K), 0.0185503 secs] [Times: user=0.16 sys=0.00, real=0.02 secs] 
2020-09-29T18:12:38.339+0200: 51.896: [GC (Allocation Failure) 2020-09-29T18:12:38.339+0200: 51.896: [ParNew: 583403K->40539K(613440K), 0.0166672 secs] 593994K->51130K(2029056K), 0.0167291 secs] [Times: user=0.13 sys=0.00, real=0.02 secs] 
2020-09-29T18:12:38.409+0200: 51.966: [GC (Allocation Failure) 2020-09-29T18:12:38.409+0200: 51.966: [ParNew: 585883K->60967K(613440K), 0.0215466 secs] 596474K->71558K(2029056K), 0.0216170 secs] [Times: user=0.25 sys=0.00, real=0.02 secs] 
2020-09-29T18:12:38.478+0200: 52.035: [GC (Allocation Failure) 2020-09-29T18:12:38.478+0200: 52.035: [ParNew: 606311K->38937K(613440K), 0.0094264 secs] 616902K->49528K(2029056K), 0.0094831 secs] [Times: user=0.00 sys=0.00, real=0.01 secs] 
2020-09-29T18:12:38.541+0200: 52.098: [GC (Allocation Failure) 2020-09-29T18:12:38.541+0200: 52.098: [ParNew: 584281K->42254K(613440K), 0.0197377 secs] 594872K->52845K(2029056K), 0.0198163 secs] [Times: user=0.13 sys=0.00, real=0.02 secs] 
2020-09-29T18:12:38.610+0200: 52.167: [GC (Allocation Failure) 2020-09-29T18:12:38.610+0200: 52.167: [ParNew: 587598K->35711K(613440K), 0.0138482 secs] 598189K->46302K(2029056K), 0.0139153 secs] [Times: user=0.09 sys=0.00, real=0.01 secs] 
2020-09-29T18:12:38.676+0200: 52.233: [GC (Allocation Failure) 2020-09-29T18:12:38.676+0200: 52.233: [ParNew: 581055K->37739K(613440K), 0.0165916 secs] 591646K->48330K(2029056K), 0.0166524 secs] [Times: user=0.13 sys=0.00, real=0.02 secs] 
2020-09-29T18:12:38.739+0200: 52.297: [GC (Allocation Failure) 2020-09-29T18:12:38.739+0200: 52.297: [ParNew: 583083K->47575K(613440K), 0.0145881 secs] 593674K->58166K(2029056K), 0.0146846 secs] [Times: user=0.13 sys=0.00, real=0.01 secs] 
2020-09-29T18:12:38.809+0200: 52.366: [GC (Allocation Failure) 2020-09-29T18:12:38.809+0200: 52.366: [ParNew: 592919K->37906K(613440K), 0.0162134 secs] 603510K->48497K(2029056K), 0.0162674 secs] [Times: user=0.11 sys=0.00, real=0.02 secs] 
2020-09-29T18:12:38.877+0200: 52.435: [GC (Allocation Failure) 2020-09-29T18:12:38.877+0200: 52.435: [ParNew: 583250K->30003K(613440K), 0.0156488 secs] 593841K->40594K(2029056K), 0.0157190 secs] [Times: user=0.13 sys=0.00, real=0.02 secs] 
2020-09-29T18:12:38.941+0200: 52.498: [GC (Allocation Failure) 2020-09-29T18:12:38.941+0200: 52.498: [ParNew: 575347K->31445K(613440K), 0.0134810 secs] 585938K->42036K(2029056K), 0.0135381 secs] [Times: user=0.13 sys=0.00, real=0.01 secs] 
2020-09-29T18:12:39.001+0200: 52.558: [GC (Allocation Failure) 2020-09-29T18:12:39.001+0200: 52.558: [ParNew: 576789K->29689K(613440K), 0.0124065 secs] 587380K->40280K(2029056K), 0.0124640 secs] [Times: user=0.13 sys=0.00, real=0.01 secs] 
2020-09-29T18:12:39.064+0200: 52.622: [GC (Allocation Failure) 2020-09-29T18:12:39.064+0200: 52.622: [ParNew: 575033K->60930K(613440K), 0.0226062 secs] 585624K->71521K(2029056K), 0.0226690 secs] [Times: user=0.25 sys=0.00, real=0.02 secs] 
2020-09-29T18:12:39.135+0200: 52.692: [GC (Allocation Failure) 2020-09-29T18:12:39.135+0200: 52.692: [ParNew: 606274K->45178K(613440K), 0.0166819 secs] 616865K->55769K(2029056K), 0.0167404 secs] [Times: user=0.13 sys=0.00, real=0.02 secs] 
2020-09-29T18:12:39.200+0200: 52.757: [GC (Allocation Failure) 2020-09-29T18:12:39.200+0200: 52.757: [ParNew: 590522K->32335K(613440K), 0.0091921 secs] 601113K->42926K(2029056K), 0.0092660 secs] [Times: user=0.13 sys=0.00, real=0.01 secs] 
2020-09-29T18:12:39.262+0200: 52.819: [GC (Allocation Failure) 2020-09-29T18:12:39.262+0200: 52.819: [ParNew: 577679K->17030K(613440K), 0.0098468 secs] 588270K->27621K(2029056K), 0.0099112 secs] [Times: user=0.13 sys=0.00, real=0.01 secs] 
2020-09-29T18:12:39.329+0200: 52.886: [GC (Allocation Failure) 2020-09-29T18:12:39.329+0200: 52.886: [ParNew: 562374K->45885K(613440K), 0.0184634 secs] 572965K->56476K(2029056K), 0.0185357 secs] [Times: user=0.13 sys=0.00, real=0.02 secs] 
2020-09-29T18:12:39.402+0200: 52.959: [GC (Allocation Failure) 2020-09-29T18:12:39.402+0200: 52.959: [ParNew: 591229K->55698K(613440K), 0.0183520 secs] 601820K->66290K(2029056K), 0.0184414 secs] [Times: user=0.13 sys=0.00, real=0.02 secs] 
2020-09-29T18:12:39.470+0200: 53.028: [GC (Allocation Failure) 2020-09-29T18:12:39.470+0200: 53.028: [ParNew: 601042K->40343K(613440K), 0.0186449 secs] 611634K->50934K(2029056K), 0.0187150 secs] [Times: user=0.25 sys=0.00, real=0.02 secs] 
2020-09-29T18:12:39.535+0200: 53.093: [GC (Allocation Failure) 2020-09-29T18:12:39.535+0200: 53.093: [ParNew: 585687K->68096K(613440K), 0.0223583 secs] 596278K->78687K(2029056K), 0.0224181 secs] [Times: user=0.23 sys=0.02, real=0.02 secs] 
2020-09-29T18:12:39.607+0200: 53.164: [GC (Allocation Failure) 2020-09-29T18:12:39.607+0200: 53.164: [ParNew: 613440K->49078K(613440K), 0.0172609 secs] 624031K->59669K(2029056K), 0.0173185 secs] [Times: user=0.13 sys=0.00, real=0.02 secs] 
2020-09-29T18:12:39.676+0200: 53.234: [GC (Allocation Failure) 2020-09-29T18:12:39.676+0200: 53.234: [ParNew: 594422K->64358K(613440K), 0.0210430 secs] 605013K->74950K(2029056K), 0.0211002 secs] [Times: user=0.13 sys=0.00, real=0.02 secs] 
2020-09-29T18:12:39.747+0200: 53.304: [GC (Allocation Failure) 2020-09-29T18:12:39.747+0200: 53.304: [ParNew: 609702K->58765K(613440K), 0.0210496 secs] 620294K->69356K(2029056K), 0.0211283 secs] [Times: user=0.13 sys=0.00, real=0.02 secs] 
2020-09-29T18:12:39.816+0200: 53.374: [GC (Allocation Failure) 2020-09-29T18:12:39.816+0200: 53.374: [ParNew: 604109K->68096K(613440K), 0.0257681 secs] 614700K->80329K(2029056K), 0.0258213 secs] [Times: user=0.25 sys=0.00, real=0.03 secs] 
2020-09-29T18:12:39.889+0200: 53.446: [GC (Allocation Failure) 2020-09-29T18:12:39.889+0200: 53.446: [ParNew: 613440K->60302K(613440K), 0.0195099 secs] 625673K->72535K(2029056K), 0.0196121 secs] [Times: user=0.13 sys=0.00, real=0.02 secs] 
2020-09-29T18:12:39.955+0200: 53.513: [GC (Allocation Failure) 2020-09-29T18:12:39.955+0200: 53.513: [ParNew: 605646K->49496K(613440K), 0.0186376 secs] 617879K->61729K(2029056K), 0.0187026 secs] [Times: user=0.25 sys=0.00, real=0.02 secs] 
2020-09-29T18:12:40.020+0200: 53.578: [GC (Allocation Failure) 2020-09-29T18:12:40.020+0200: 53.578: [ParNew: 594840K->37676K(613440K), 0.0116760 secs] 607073K->49910K(2029056K), 0.0117366 secs] [Times: user=0.00 sys=0.00, real=0.01 secs] 
2020-09-29T18:12:40.081+0200: 53.638: [GC (Allocation Failure) 2020-09-29T18:12:40.081+0200: 53.638: [ParNew: 583020K->24718K(613440K), 0.0107615 secs] 595254K->36951K(2029056K), 0.0108187 secs] [Times: user=0.13 sys=0.00, real=0.01 secs] 
2020-09-29T18:12:40.143+0200: 53.700: [GC (Allocation Failure) 2020-09-29T18:12:40.143+0200: 53.700: [ParNew: 570062K->34987K(613440K), 0.0155794 secs] 582295K->47220K(2029056K), 0.0156515 secs] [Times: user=0.13 sys=0.00, real=0.02 secs] 
2020-09-29T18:12:40.208+0200: 53.765: [GC (Allocation Failure) 2020-09-29T18:12:40.208+0200: 53.765: [ParNew: 580331K->49420K(613440K), 0.0209623 secs] 592564K->61653K(2029056K), 0.0210364 secs] [Times: user=0.13 sys=0.00, real=0.02 secs] 
2020-09-29T18:12:40.276+0200: 53.833: [GC (Allocation Failure) 2020-09-29T18:12:40.276+0200: 53.833: [ParNew: 594764K->39288K(613440K), 0.0090559 secs] 606997K->51522K(2029056K), 0.0091120 secs] [Times: user=0.00 sys=0.00, real=0.01 secs] 
2020-09-29T18:12:40.341+0200: 53.898: [GC (Allocation Failure) 2020-09-29T18:12:40.341+0200: 53.898: [ParNew: 584632K->26486K(613440K), 0.0129849 secs] 596866K->38720K(2029056K), 0.0130403 secs] [Times: user=0.13 sys=0.00, real=0.01 secs] 
2020-09-29T18:12:40.400+0200: 53.958: [GC (Allocation Failure) 2020-09-29T18:12:40.400+0200: 53.958: [ParNew: 571830K->41193K(613440K), 0.0179092 secs] 584064K->53427K(2029056K), 0.0179730 secs] [Times: user=0.13 sys=0.00, real=0.02 secs] 
2020-09-29T18:12:40.467+0200: 54.024: [GC (Allocation Failure) 2020-09-29T18:12:40.467+0200: 54.024: [ParNew: 586537K->49072K(613440K), 0.0177148 secs] 598771K->61305K(2029056K), 0.0177906 secs] [Times: user=0.13 sys=0.00, real=0.02 secs] 
2020-09-29T18:12:40.533+0200: 54.090: [GC (Allocation Failure) 2020-09-29T18:12:40.533+0200: 54.090: [ParNew: 594416K->60494K(613440K), 0.0208804 secs] 606649K->72728K(2029056K), 0.0209555 secs] [Times: user=0.25 sys=0.00, real=0.02 secs] 
2020-09-29T18:12:40.605+0200: 54.162: [GC (Allocation Failure) 2020-09-29T18:12:40.605+0200: 54.162: [ParNew: 605838K->65953K(613440K), 0.0219092 secs] 618072K->78186K(2029056K), 0.0219676 secs] [Times: user=0.11 sys=0.00, real=0.02 secs] 
2020-09-29T18:12:40.675+0200: 54.232: [GC (Allocation Failure) 2020-09-29T18:12:40.675+0200: 54.232: [ParNew: 611297K->40546K(613440K), 0.0147581 secs] 623530K->52780K(2029056K), 0.0148148 secs] [Times: user=0.13 sys=0.00, real=0.02 secs] 
2020-09-29T18:12:40.739+0200: 54.296: [GC (Allocation Failure) 2020-09-29T18:12:40.739+0200: 54.296: [ParNew: 585890K->61712K(613440K), 0.0197072 secs] 598124K->73945K(2029056K), 0.0197757 secs] [Times: user=0.13 sys=0.00, real=0.02 secs] 
2020-09-29T18:12:40.806+0200: 54.363: [GC (Allocation Failure) 2020-09-29T18:12:40.806+0200: 54.363: [ParNew: 607056K->65467K(613440K), 0.0236172 secs] 619289K->77700K(2029056K), 0.0236749 secs] [Times: user=0.13 sys=0.00, real=0.02 secs] 
2020-09-29T18:12:40.878+0200: 54.435: [GC (Allocation Failure) 2020-09-29T18:12:40.878+0200: 54.435: [ParNew: 610811K->47622K(613440K), 0.0177973 secs] 623044K->59855K(2029056K), 0.0178669 secs] [Times: user=0.25 sys=0.00, real=0.02 secs] 
2020-09-29T18:12:40.944+0200: 54.501: [GC (Allocation Failure) 2020-09-29T18:12:40.944+0200: 54.501: [ParNew: 592966K->40906K(613440K), 0.0173260 secs] 605199K->53140K(2029056K), 0.0173889 secs] [Times: user=0.13 sys=0.00, real=0.02 secs] 
2020-09-29T18:12:41.008+0200: 54.565: [GC (Allocation Failure) 2020-09-29T18:12:41.008+0200: 54.565: [ParNew: 586250K->37445K(613440K), 0.0154703 secs] 598484K->49678K(2029056K), 0.0155277 secs] [Times: user=0.13 sys=0.00, real=0.02 secs] 
2020-09-29T18:12:41.082+0200: 54.639: [GC (Allocation Failure) 2020-09-29T18:12:41.082+0200: 54.639: [ParNew: 582789K->55531K(613440K), 0.0207044 secs] 595022K->67765K(2029056K), 0.0207690 secs] [Times: user=0.24 sys=0.01, real=0.02 secs] 
2020-09-29T18:12:41.150+0200: 54.707: [GC (Allocation Failure) 2020-09-29T18:12:41.150+0200: 54.707: [ParNew: 600875K->37843K(613440K), 0.0128960 secs] 613109K->50076K(2029056K), 0.0129481 secs] [Times: user=0.13 sys=0.00, real=0.01 secs] 
2020-09-29T18:12:41.219+0200: 54.776: [GC (Allocation Failure) 2020-09-29T18:12:41.219+0200: 54.776: [ParNew: 583187K->18620K(613440K), 0.0071391 secs] 595420K->30853K(2029056K), 0.0071977 secs] [Times: user=0.13 sys=0.00, real=0.01 secs] 
2020-09-29T18:12:41.278+0200: 54.834: [GC (Allocation Failure) 2020-09-29T18:12:41.284+0200: 54.841: [ParNew: 563964K->24001K(613440K), 0.0110654 secs] 576197K->36234K(2029056K), 0.0176992 secs] [Times: user=0.13 sys=0.00, real=0.02 secs] 
2020-09-29T18:12:41.343+0200: 54.900: [GC (Allocation Failure) 2020-09-29T18:12:41.343+0200: 54.900: [ParNew: 569345K->51417K(613440K), 0.0214063 secs] 581578K->63651K(2029056K), 0.0214780 secs] [Times: user=0.25 sys=0.00, real=0.02 secs] 
2020-09-29T18:12:41.413+0200: 54.971: [GC (Allocation Failure) 2020-09-29T18:12:41.413+0200: 54.971: [ParNew: 596761K->38950K(613440K), 0.0156881 secs] 608995K->51183K(2029056K), 0.0157426 secs] [Times: user=0.13 sys=0.00, real=0.02 secs] 
2020-09-29T18:12:41.487+0200: 55.044: [GC (Allocation Failure) 2020-09-29T18:12:41.487+0200: 55.044: [ParNew: 584294K->62471K(613440K), 0.0251483 secs] 596527K->74704K(2029056K), 0.0252291 secs] [Times: user=0.25 sys=0.00, real=0.03 secs] 
2020-09-29T18:12:41.559+0200: 55.116: [GC (Allocation Failure) 2020-09-29T18:12:41.559+0200: 55.116: [ParNew: 607815K->59202K(613440K), 0.0192907 secs] 620048K->71436K(2029056K), 0.0193650 secs] [Times: user=0.13 sys=0.00, real=0.02 secs] 
2020-09-29T18:12:41.628+0200: 55.185: [GC (Allocation Failure) 2020-09-29T18:12:41.628+0200: 55.185: [ParNew: 604546K->38209K(613440K), 0.0139040 secs] 616780K->50442K(2029056K), 0.0139586 secs] [Times: user=0.11 sys=0.00, real=0.01 secs] 
2020-09-29T18:12:41.693+0200: 55.250: [GC (Allocation Failure) 2020-09-29T18:12:41.693+0200: 55.250: [ParNew: 583553K->35142K(613440K), 0.0126347 secs] 595786K->47376K(2029056K), 0.0126950 secs] [Times: user=0.00 sys=0.00, real=0.01 secs] 
2020-09-29T18:12:41.752+0200: 55.310: [GC (Allocation Failure) 2020-09-29T18:12:41.753+0200: 55.310: [ParNew: 580486K->48351K(613440K), 0.0169183 secs] 592720K->60584K(2029056K), 0.0169985 secs] [Times: user=0.13 sys=0.00, real=0.02 secs] 
2020-09-29T18:12:41.819+0200: 55.376: [GC (Allocation Failure) 2020-09-29T18:12:41.819+0200: 55.376: [ParNew: 593695K->37273K(613440K), 0.0161742 secs] 605928K->49506K(2029056K), 0.0162284 secs] [Times: user=0.13 sys=0.00, real=0.02 secs] 
2020-09-29T18:12:41.885+0200: 55.442: [GC (Allocation Failure) 2020-09-29T18:12:41.885+0200: 55.442: [ParNew: 582617K->61142K(613440K), 0.0198048 secs] 594850K->73375K(2029056K), 0.0198598 secs] [Times: user=0.13 sys=0.00, real=0.02 secs] 
2020-09-29T18:12:41.951+0200: 55.509: [GC (Allocation Failure) 2020-09-29T18:12:41.951+0200: 55.509: [ParNew: 606486K->46742K(613440K), 0.0141614 secs] 618719K->58975K(2029056K), 0.0142204 secs] [Times: user=0.13 sys=0.00, real=0.02 secs] 
2020-09-29T18:12:42.017+0200: 55.574: [GC (Allocation Failure) 2020-09-29T18:12:42.017+0200: 55.574: [ParNew: 592086K->61372K(613440K), 0.0235796 secs] 604319K->73605K(2029056K), 0.0236499 secs] [Times: user=0.25 sys=0.00, real=0.02 secs] 
2020-09-29T18:12:42.091+0200: 55.648: [GC (Allocation Failure) 2020-09-29T18:12:42.091+0200: 55.648: [ParNew: 606716K->48444K(613440K), 0.0229293 secs] 618949K->60678K(2029056K), 0.0230142 secs] [Times: user=0.23 sys=0.00, real=0.02 secs] 
2020-09-29T18:12:42.164+0200: 55.721: [GC (Allocation Failure) 2020-09-29T18:12:42.164+0200: 55.721: [ParNew: 593788K->67176K(613440K), 0.0244528 secs] 606022K->79410K(2029056K), 0.0245481 secs] [Times: user=0.13 sys=0.00, real=0.02 secs] 
2020-09-29T18:12:42.237+0200: 55.795: [GC (Allocation Failure) 2020-09-29T18:12:42.237+0200: 55.795: [ParNew: 612520K->54959K(613440K), 0.0208838 secs] 624754K->67192K(2029056K), 0.0209394 secs] [Times: user=0.24 sys=0.02, real=0.02 secs] 
2020-09-29T18:12:42.307+0200: 55.864: [GC (Allocation Failure) 2020-09-29T18:12:42.307+0200: 55.864: [ParNew: 600303K->46323K(613440K), 0.0149921 secs] 612536K->58557K(2029056K), 0.0150538 secs] [Times: user=0.13 sys=0.00, real=0.02 secs] 
2020-09-29T18:12:42.373+0200: 55.930: [GC (Allocation Failure) 2020-09-29T18:12:42.373+0200: 55.930: [ParNew: 591667K->43127K(613440K), 0.0207640 secs] 603901K->55360K(2029056K), 0.0208349 secs] [Times: user=0.13 sys=0.00, real=0.02 secs] 
2020-09-29T18:12:42.441+0200: 55.998: [GC (Allocation Failure) 2020-09-29T18:12:42.441+0200: 55.998: [ParNew: 588471K->39830K(613440K), 0.0135611 secs] 600704K->52063K(2029056K), 0.0136633 secs] [Times: user=0.13 sys=0.00, real=0.01 secs] 
2020-09-29T18:12:42.502+0200: 56.060: [GC (Allocation Failure) 2020-09-29T18:12:42.502+0200: 56.060: [ParNew: 585174K->53217K(613440K), 0.0231083 secs] 597407K->65451K(2029056K), 0.0231770 secs] [Times: user=0.23 sys=0.00, real=0.02 secs] 
2020-09-29T18:12:42.574+0200: 56.132: [GC (Allocation Failure) 2020-09-29T18:12:42.574+0200: 56.132: [ParNew: 598561K->45949K(613440K), 0.0198549 secs] 610795K->58183K(2029056K), 0.0199470 secs] [Times: user=0.11 sys=0.00, real=0.02 secs] 
2020-09-29T18:12:42.646+0200: 56.204: [GC (Allocation Failure) 2020-09-29T18:12:42.651+0200: 56.208: [ParNew: 591293K->38272K(613440K), 0.0173774 secs] 603527K->50505K(2029056K), 0.0219306 secs] [Times: user=0.13 sys=0.00, real=0.02 secs] 
2020-09-29T18:12:42.714+0200: 56.272: [GC (Allocation Failure) 2020-09-29T18:12:42.714+0200: 56.272: [ParNew: 583616K->40652K(613440K), 0.0159105 secs] 595849K->52886K(2029056K), 0.0159824 secs] [Times: user=0.13 sys=0.00, real=0.02 secs] 
2020-09-29T18:12:42.780+0200: 56.337: [GC (Allocation Failure) 2020-09-29T18:12:42.780+0200: 56.337: [ParNew: 585996K->35577K(613440K), 0.0155296 secs] 598230K->47810K(2029056K), 0.0155866 secs] [Times: user=0.13 sys=0.00, real=0.02 secs] 
2020-09-29T18:12:42.852+0200: 56.409: [GC (Allocation Failure) 2020-09-29T18:12:42.852+0200: 56.409: [ParNew: 580921K->34994K(613440K), 0.0146748 secs] 593154K->47227K(2029056K), 0.0147271 secs] [Times: user=0.13 sys=0.00, real=0.02 secs] 
2020-09-29T18:12:42.915+0200: 56.472: [GC (Allocation Failure) 2020-09-29T18:12:42.915+0200: 56.472: [ParNew: 580338K->55941K(613440K), 0.0194336 secs] 592571K->68174K(2029056K), 0.0195151 secs] [Times: user=0.13 sys=0.00, real=0.02 secs] 
2020-09-29T18:12:42.985+0200: 56.542: [GC (Allocation Failure) 2020-09-29T18:12:42.985+0200: 56.542: [ParNew: 601285K->45315K(613440K), 0.0185392 secs] 613518K->57549K(2029056K), 0.0185948 secs] [Times: user=0.13 sys=0.00, real=0.02 secs] 
2020-09-29T18:12:43.051+0200: 56.608: [GC (Allocation Failure) 2020-09-29T18:12:43.051+0200: 56.608: [ParNew: 590659K->43776K(613440K), 0.0180405 secs] 602893K->56010K(2029056K), 0.0180967 secs] [Times: user=0.25 sys=0.00, real=0.02 secs] 
2020-09-29T18:12:43.120+0200: 56.677: [GC (Allocation Failure) 2020-09-29T18:12:43.120+0200: 56.677: [ParNew: 589120K->42381K(613440K), 0.0175354 secs] 601354K->54614K(2029056K), 0.0175906 secs] [Times: user=0.13 sys=0.00, real=0.02 secs] 
2020-09-29T18:12:43.188+0200: 56.745: [GC (Allocation Failure) 2020-09-29T18:12:43.188+0200: 56.745: [ParNew: 587725K->62220K(613440K), 0.0223766 secs] 599958K->74453K(2029056K), 0.0224444 secs] [Times: user=0.25 sys=0.00, real=0.02 secs] 
2020-09-29T18:12:43.258+0200: 56.815: [GC (Allocation Failure) 2020-09-29T18:12:43.258+0200: 56.815: [ParNew: 607564K->46779K(613440K), 0.0161246 secs] 619797K->59013K(2029056K), 0.0161788 secs] [Times: user=0.13 sys=0.00, real=0.02 secs] 
2020-09-29T18:12:43.323+0200: 56.880: [GC (Allocation Failure) 2020-09-29T18:12:43.323+0200: 56.880: [ParNew: 592123K->48258K(613440K), 0.0195944 secs] 604357K->60492K(2029056K), 0.0196621 secs] [Times: user=0.13 sys=0.00, real=0.02 secs] 
2020-09-29T18:12:43.393+0200: 56.950: [GC (Allocation Failure) 2020-09-29T18:12:43.393+0200: 56.950: [ParNew: 593602K->40678K(613440K), 0.0135489 secs] 605836K->52911K(2029056K), 0.0136462 secs] [Times: user=0.13 sys=0.00, real=0.01 secs] 
2020-09-29T18:12:43.461+0200: 57.018: [GC (Allocation Failure) 2020-09-29T18:12:43.461+0200: 57.018: [ParNew: 586022K->22867K(613440K), 0.0110495 secs] 598255K->35101K(2029056K), 0.0111203 secs] [Times: user=0.00 sys=0.00, real=0.01 secs] 
2020-09-29T18:12:43.519+0200: 57.076: [GC (Allocation Failure) 2020-09-29T18:12:43.519+0200: 57.076: [ParNew: 568211K->47867K(613440K), 0.0213188 secs] 580445K->60100K(2029056K), 0.0213724 secs] [Times: user=0.25 sys=0.00, real=0.02 secs] 
2020-09-29T18:12:43.589+0200: 57.146: [GC (Allocation Failure) 2020-09-29T18:12:43.589+0200: 57.146: [ParNew: 593211K->39584K(613440K), 0.0166779 secs] 605444K->51818K(2029056K), 0.0167408 secs] [Times: user=0.13 sys=0.00, real=0.02 secs] 
2020-09-29T18:12:43.657+0200: 57.214: [GC (Allocation Failure) 2020-09-29T18:12:43.657+0200: 57.214: [ParNew: 584928K->59075K(613440K), 0.0200135 secs] 597162K->71308K(2029056K), 0.0201052 secs] [Times: user=0.23 sys=0.00, real=0.02 secs] 
2020-09-29T18:12:43.727+0200: 57.284: [GC (Allocation Failure) 2020-09-29T18:12:43.727+0200: 57.284: [ParNew: 604419K->44015K(613440K), 0.0130540 secs] 616652K->56249K(2029056K), 0.0131097 secs] [Times: user=0.13 sys=0.00, real=0.01 secs] 
2020-09-29T18:12:43.793+0200: 57.350: [GC (Allocation Failure) 2020-09-29T18:12:43.793+0200: 57.350: [ParNew: 589359K->40221K(613440K), 0.0184003 secs] 601593K->52455K(2029056K), 0.0184699 secs] [Times: user=0.13 sys=0.00, real=0.02 secs] 
2020-09-29T18:12:43.859+0200: 57.416: [GC (Allocation Failure) 2020-09-29T18:12:43.859+0200: 57.416: [ParNew: 585565K->43652K(613440K), 0.0171236 secs] 597799K->55885K(2029056K), 0.0171945 secs] [Times: user=0.13 sys=0.00, real=0.02 secs] 
2020-09-29T18:12:43.923+0200: 57.480: [GC (Allocation Failure) 2020-09-29T18:12:43.923+0200: 57.480: [ParNew: 588996K->38970K(613440K), 0.0166897 secs] 601229K->51204K(2029056K), 0.0167446 secs] [Times: user=0.13 sys=0.00, real=0.02 secs] 
2020-09-29T18:12:43.992+0200: 57.549: [GC (Allocation Failure) 2020-09-29T18:12:43.992+0200: 57.549: [ParNew: 584314K->66389K(613440K), 0.0210966 secs] 596548K->78622K(2029056K), 0.0284393 secs] [Times: user=0.13 sys=0.00, real=0.03 secs] 
2020-09-29T18:12:44.072+0200: 57.629: [GC (Allocation Failure) 2020-09-29T18:12:44.072+0200: 57.629: [ParNew: 611733K->55483K(613440K), 0.0219567 secs] 623966K->67716K(2029056K), 0.0220206 secs] [Times: user=0.13 sys=0.00, real=0.02 secs] 
2020-09-29T18:12:44.141+0200: 57.698: [GC (Allocation Failure) 2020-09-29T18:12:44.141+0200: 57.698: [ParNew: 600827K->38004K(613440K), 0.0149920 secs] 613060K->50237K(2029056K), 0.0150621 secs] [Times: user=0.13 sys=0.00, real=0.01 secs] 
2020-09-29T18:12:44.202+0200: 57.759: [GC (Allocation Failure) 2020-09-29T18:12:44.202+0200: 57.759: [ParNew: 583348K->66968K(613440K), 0.0242157 secs] 595581K->79202K(2029056K), 0.0242862 secs] [Times: user=0.25 sys=0.00, real=0.02 secs] 
2020-09-29T18:12:44.273+0200: 57.830: [GC (Allocation Failure) 2020-09-29T18:12:44.273+0200: 57.830: [ParNew: 612312K->51672K(613440K), 0.0185031 secs] 624546K->63905K(2029056K), 0.0185663 secs] [Times: user=0.13 sys=0.00, real=0.02 secs] 
2020-09-29T18:12:44.339+0200: 57.896: [GC (Allocation Failure) 2020-09-29T18:12:44.339+0200: 57.896: [ParNew: 597016K->46209K(613440K), 0.0160237 secs] 609249K->58442K(2029056K), 0.0160921 secs] [Times: user=0.13 sys=0.00, real=0.02 secs] 
2020-09-29T18:12:44.404+0200: 57.961: [GC (Allocation Failure) 2020-09-29T18:12:44.404+0200: 57.961: [ParNew: 591553K->39133K(613440K), 0.0185651 secs] 603786K->51367K(2029056K), 0.0186232 secs] [Times: user=0.11 sys=0.00, real=0.02 secs] 
2020-09-29T18:12:44.471+0200: 58.028: [GC (Allocation Failure) 2020-09-29T18:12:44.471+0200: 58.028: [ParNew: 584477K->31920K(613440K), 0.0141757 secs] 596711K->44153K(2029056K), 0.0142364 secs] [Times: user=0.13 sys=0.00, real=0.01 secs] 
2020-09-29T18:12:44.534+0200: 58.091: [GC (Allocation Failure) 2020-09-29T18:12:44.534+0200: 58.091: [ParNew: 577264K->49821K(613440K), 0.0184968 secs] 589497K->62055K(2029056K), 0.0185563 secs] [Times: user=0.25 sys=0.00, real=0.02 secs] 
2020-09-29T18:12:44.601+0200: 58.158: [GC (Allocation Failure) 2020-09-29T18:12:44.601+0200: 58.158: [ParNew: 595165K->40396K(613440K), 0.0180331 secs] 607399K->52629K(2029056K), 0.0180907 secs] [Times: user=0.13 sys=0.00, real=0.02 secs] 
2020-09-29T18:12:44.670+0200: 58.227: [GC (Allocation Failure) 2020-09-29T18:12:44.670+0200: 58.227: [ParNew: 585740K->63260K(613440K), 0.0226754 secs] 597973K->75494K(2029056K), 0.0227641 secs] [Times: user=0.25 sys=0.00, real=0.02 secs] 
2020-09-29T18:12:44.740+0200: 58.297: [GC (Allocation Failure) 2020-09-29T18:12:44.740+0200: 58.297: [ParNew: 608604K->54851K(613440K), 0.0218168 secs] 620838K->67084K(2029056K), 0.0218744 secs] [Times: user=0.13 sys=0.00, real=0.02 secs] 
2020-09-29T18:12:44.810+0200: 58.367: [GC (Allocation Failure) 2020-09-29T18:12:44.810+0200: 58.367: [ParNew: 600195K->44570K(613440K), 0.0166008 secs] 612428K->56804K(2029056K), 0.0166690 secs] [Times: user=0.13 sys=0.00, real=0.02 secs] 
2020-09-29T18:12:44.874+0200: 58.431: [GC (Allocation Failure) 2020-09-29T18:12:44.874+0200: 58.431: [ParNew: 589914K->41739K(613440K), 0.0148855 secs] 602148K->53973K(2029056K), 0.0149415 secs] [Times: user=0.13 sys=0.00, real=0.01 secs] 
2020-09-29T18:12:44.937+0200: 58.494: [GC (Allocation Failure) 2020-09-29T18:12:44.937+0200: 58.494: [ParNew: 587083K->55685K(613440K), 0.0195658 secs] 599317K->67919K(2029056K), 0.0196236 secs] [Times: user=0.13 sys=0.00, real=0.02 secs] 
2020-09-29T18:12:45.004+0200: 58.561: [GC (Allocation Failure) 2020-09-29T18:12:45.004+0200: 58.561: [ParNew: 601029K->68096K(613440K), 0.0242359 secs] 613263K->81405K(2029056K), 0.0242909 secs] [Times: user=0.25 sys=0.00, real=0.02 secs] 
2020-09-29T18:12:45.075+0200: 58.632: [GC (Allocation Failure) 2020-09-29T18:12:45.075+0200: 58.632: [ParNew: 613440K->44500K(613440K), 0.0115297 secs] 626749K->57810K(2029056K), 0.0115854 secs] [Times: user=0.13 sys=0.00, real=0.01 secs] 
2020-09-29T18:12:45.138+0200: 58.695: [GC (Allocation Failure) 2020-09-29T18:12:45.138+0200: 58.695: [ParNew: 589844K->41235K(613440K), 0.0175416 secs] 603154K->54544K(2029056K), 0.0175966 secs] [Times: user=0.13 sys=0.00, real=0.02 secs] 
2020-09-29T18:12:45.209+0200: 58.766: [GC (Allocation Failure) 2020-09-29T18:12:45.209+0200: 58.766: [ParNew: 586579K->58184K(613440K), 0.0215496 secs] 599888K->71493K(2029056K), 0.0216051 secs] [Times: user=0.13 sys=0.00, real=0.02 secs] 
2020-09-29T18:12:45.279+0200: 58.836: [GC (Allocation Failure) 2020-09-29T18:12:45.279+0200: 58.836: [ParNew: 603528K->64308K(613440K), 0.0209597 secs] 616837K->77618K(2029056K), 0.0210271 secs] [Times: user=0.13 sys=0.00, real=0.02 secs] 
2020-09-29T18:12:45.350+0200: 58.907: [GC (Allocation Failure) 2020-09-29T18:12:45.350+0200: 58.907: [ParNew: 609652K->48739K(613440K), 0.0201503 secs] 622962K->62048K(2029056K), 0.0202089 secs] [Times: user=0.13 sys=0.00, real=0.02 secs] 
2020-09-29T18:12:45.418+0200: 58.975: [GC (Allocation Failure) 2020-09-29T18:12:45.418+0200: 58.975: [ParNew: 594083K->47877K(613440K), 0.0200681 secs] 607392K->61186K(2029056K), 0.0201277 secs] [Times: user=0.13 sys=0.00, real=0.02 secs] 
2020-09-29T18:12:45.490+0200: 59.047: [GC (Allocation Failure) 2020-09-29T18:12:45.490+0200: 59.047: [ParNew: 593221K->38175K(613440K), 0.0140506 secs] 606530K->51484K(2029056K), 0.0141044 secs] [Times: user=0.00 sys=0.00, real=0.01 secs] 
2020-09-29T18:12:45.555+0200: 59.112: [GC (Allocation Failure) 2020-09-29T18:12:45.555+0200: 59.112: [ParNew: 583519K->58487K(613440K), 0.0186704 secs] 596828K->71797K(2029056K), 0.0187385 secs] [Times: user=0.13 sys=0.00, real=0.02 secs] 
2020-09-29T18:12:45.623+0200: 59.180: [GC (Allocation Failure) 2020-09-29T18:12:45.623+0200: 59.180: [ParNew: 603831K->40581K(613440K), 0.0188838 secs] 617141K->53891K(2029056K), 0.0189438 secs] [Times: user=0.11 sys=0.00, real=0.02 secs] 
2020-09-29T18:12:45.694+0200: 59.251: [GC (Allocation Failure) 2020-09-29T18:12:45.694+0200: 59.251: [ParNew: 585925K->63828K(613440K), 0.0223226 secs] 599235K->77138K(2029056K), 0.0223923 secs] [Times: user=0.13 sys=0.00, real=0.02 secs] 
2020-09-29T18:12:45.763+0200: 59.320: [GC (Allocation Failure) 2020-09-29T18:12:45.763+0200: 59.320: [ParNew: 609172K->65174K(613440K), 0.0218787 secs] 622482K->78484K(2029056K), 0.0219685 secs] [Times: user=0.13 sys=0.00, real=0.02 secs] 
2020-09-29T18:12:45.834+0200: 59.391: [GC (Allocation Failure) 2020-09-29T18:12:45.834+0200: 59.391: [ParNew: 610518K->43147K(613440K), 0.0170082 secs] 623828K->56456K(2029056K), 0.0170841 secs] [Times: user=0.13 sys=0.00, real=0.02 secs] 
2020-09-29T18:12:45.898+0200: 59.455: [GC (Allocation Failure) 2020-09-29T18:12:45.898+0200: 59.455: [ParNew: 588491K->63323K(613440K), 0.0194692 secs] 601800K->76632K(2029056K), 0.0195523 secs] [Times: user=0.13 sys=0.00, real=0.02 secs] 
2020-09-29T18:12:45.966+0200: 59.523: [GC (Allocation Failure) 2020-09-29T18:12:45.966+0200: 59.523: [ParNew: 608667K->45717K(613440K), 0.0191716 secs] 621976K->59027K(2029056K), 0.0192622 secs] [Times: user=0.13 sys=0.00, real=0.02 secs] 
2020-09-29T18:12:46.032+0200: 59.589: [GC (Allocation Failure) 2020-09-29T18:12:46.032+0200: 59.589: [ParNew: 591061K->42941K(613440K), 0.0179156 secs] 604371K->56250K(2029056K), 0.0179829 secs] [Times: user=0.13 sys=0.00, real=0.02 secs] 
2020-09-29T18:12:46.100+0200: 59.657: [GC (Allocation Failure) 2020-09-29T18:12:46.100+0200: 59.657: [ParNew: 588285K->40711K(613440K), 0.0148448 secs] 601594K->54020K(2029056K), 0.0149241 secs] [Times: user=0.11 sys=0.00, real=0.02 secs] 
2020-09-29T18:12:46.164+0200: 59.721: [GC (Allocation Failure) 2020-09-29T18:12:46.164+0200: 59.722: [ParNew: 586055K->51555K(613440K), 0.0228202 secs] 599364K->64864K(2029056K), 0.0228899 secs] [Times: user=0.13 sys=0.00, real=0.02 secs] 
2020-09-29T18:12:46.235+0200: 59.792: [GC (Allocation Failure) 2020-09-29T18:12:46.235+0200: 59.792: [ParNew: 596899K->39392K(613440K), 0.0171807 secs] 610208K->52702K(2029056K), 0.0172546 secs] [Times: user=0.13 sys=0.00, real=0.02 secs] 
2020-09-29T18:12:46.299+0200: 59.857: [GC (Allocation Failure) 2020-09-29T18:12:46.300+0200: 59.857: [ParNew: 584736K->58687K(613440K), 0.0202547 secs] 598046K->71996K(2029056K), 0.0203278 secs] [Times: user=0.25 sys=0.00, real=0.02 secs] 
2020-09-29T18:12:46.368+0200: 59.925: [GC (Allocation Failure) 2020-09-29T18:12:46.368+0200: 59.925: [ParNew: 604031K->44918K(613440K), 0.0199967 secs] 617340K->58228K(2029056K), 0.0200732 secs] [Times: user=0.13 sys=0.00, real=0.02 secs] 
2020-09-29T18:12:46.435+0200: 59.992: [GC (Allocation Failure) 2020-09-29T18:12:46.435+0200: 59.992: [ParNew: 590262K->48000K(613440K), 0.0195129 secs] 603572K->61310K(2029056K), 0.0195900 secs] [Times: user=0.13 sys=0.00, real=0.02 secs] 
2020-09-29T18:12:46.503+0200: 60.060: [GC (Allocation Failure) 2020-09-29T18:12:46.503+0200: 60.060: [ParNew: 593344K->48618K(613440K), 0.0189755 secs] 606654K->61927K(2029056K), 0.0190611 secs] [Times: user=0.23 sys=0.00, real=0.02 secs] 
2020-09-29T18:12:46.570+0200: 60.127: [GC (Allocation Failure) 2020-09-29T18:12:46.570+0200: 60.127: [ParNew: 593962K->32315K(613440K), 0.0120661 secs] 607271K->45625K(2029056K), 0.0121338 secs] [Times: user=0.00 sys=0.00, real=0.01 secs] 
2020-09-29T18:12:46.631+0200: 60.188: [GC (Allocation Failure) 2020-09-29T18:12:46.631+0200: 60.188: [ParNew: 577659K->49969K(613440K), 0.0218405 secs] 590969K->63279K(2029056K), 0.0219088 secs] [Times: user=0.13 sys=0.00, real=0.02 secs] 
2020-09-29T18:12:46.702+0200: 60.259: [GC (Allocation Failure) 2020-09-29T18:12:46.702+0200: 60.259: [ParNew: 595313K->63616K(613440K), 0.0196947 secs] 608623K->76925K(2029056K), 0.0197505 secs] [Times: user=0.13 sys=0.00, real=0.02 secs] 
2020-09-29T18:12:46.772+0200: 60.329: [GC (Allocation Failure) 2020-09-29T18:12:46.772+0200: 60.329: [ParNew: 608960K->46652K(613440K), 0.0198803 secs] 622269K->59961K(2029056K), 0.0199380 secs] [Times: user=0.13 sys=0.00, real=0.02 secs] 
2020-09-29T18:12:46.840+0200: 60.397: [GC (Allocation Failure) 2020-09-29T18:12:46.840+0200: 60.397: [ParNew: 591996K->39069K(613440K), 0.0151373 secs] 605305K->52378K(2029056K), 0.0152127 secs] [Times: user=0.13 sys=0.00, real=0.02 secs] 
2020-09-29T18:12:46.905+0200: 60.463: [GC (Allocation Failure) 2020-09-29T18:12:46.905+0200: 60.463: [ParNew: 584413K->23221K(613440K), 0.0123238 secs] 597722K->36530K(2029056K), 0.0123819 secs] [Times: user=0.13 sys=0.00, real=0.01 secs] 
2020-09-29T18:12:46.965+0200: 60.523: [GC (Allocation Failure) 2020-09-29T18:12:46.965+0200: 60.523: [ParNew: 568565K->50005K(613440K), 0.0211477 secs] 581874K->63314K(2029056K), 0.0212277 secs] [Times: user=0.13 sys=0.00, real=0.02 secs] 
2020-09-29T18:12:47.036+0200: 60.593: [GC (Allocation Failure) 2020-09-29T18:12:47.036+0200: 60.593: [ParNew: 595349K->38561K(613440K), 0.0162921 secs] 608658K->51871K(2029056K), 0.0163613 secs] [Times: user=0.13 sys=0.00, real=0.02 secs] 
2020-09-29T18:12:47.099+0200: 60.656: [GC (Allocation Failure) 2020-09-29T18:12:47.099+0200: 60.656: [ParNew: 583905K->61773K(613440K), 0.0202105 secs] 597215K->75082K(2029056K), 0.0202810 secs] [Times: user=0.13 sys=0.00, real=0.02 secs] 
2020-09-29T18:12:47.165+0200: 60.723: [GC (Allocation Failure) 2020-09-29T18:12:47.165+0200: 60.723: [ParNew: 607117K->42150K(613440K), 0.0140698 secs] 620426K->55459K(2029056K), 0.0141414 secs] [Times: user=0.13 sys=0.00, real=0.02 secs] 
2020-09-29T18:12:47.227+0200: 60.784: [GC (Allocation Failure) 2020-09-29T18:12:47.227+0200: 60.784: [ParNew: 587494K->24737K(613440K), 0.0137034 secs] 600803K->38046K(2029056K), 0.0137854 secs] [Times: user=0.13 sys=0.00, real=0.01 secs] 
2020-09-29T18:12:47.295+0200: 60.852: [GC (Allocation Failure) 2020-09-29T18:12:47.295+0200: 60.852: [ParNew: 570081K->26870K(613440K), 0.0113069 secs] 583390K->40179K(2029056K), 0.0113648 secs] [Times: user=0.13 sys=0.00, real=0.01 secs] 
2020-09-29T18:12:47.356+0200: 60.914: [GC (Allocation Failure) 2020-09-29T18:12:47.357+0200: 60.914: [ParNew: 572214K->39850K(613440K), 0.0182537 secs] 585523K->53160K(2029056K), 0.0183229 secs] [Times: user=0.11 sys=0.00, real=0.02 secs] 
2020-09-29T18:12:47.429+0200: 60.986: [GC (Allocation Failure) 2020-09-29T18:12:47.429+0200: 60.986: [ParNew: 585194K->46134K(613440K), 0.0187279 secs] 598504K->59443K(2029056K), 0.0187870 secs] [Times: user=0.13 sys=0.00, real=0.02 secs] 
2020-09-29T18:12:47.497+0200: 61.055: [GC (Allocation Failure) 2020-09-29T18:12:47.497+0200: 61.055: [ParNew: 591478K->61565K(613440K), 0.0219935 secs] 604787K->74874K(2029056K), 0.0220907 secs] [Times: user=0.13 sys=0.00, real=0.02 secs] 
2020-09-29T18:12:47.571+0200: 61.128: [GC (Allocation Failure) 2020-09-29T18:12:47.571+0200: 61.128: [ParNew: 606909K->45058K(613440K), 0.0184354 secs] 620218K->58367K(2029056K), 0.0185267 secs] [Times: user=0.11 sys=0.00, real=0.02 secs] 
2020-09-29T18:12:47.639+0200: 61.196: [GC (Allocation Failure) 2020-09-29T18:12:47.639+0200: 61.196: [ParNew: 590402K->43603K(613440K), 0.0168421 secs] 603711K->56913K(2029056K), 0.0169003 secs] [Times: user=0.13 sys=0.00, real=0.02 secs] 
2020-09-29T18:12:47.705+0200: 61.263: [GC (Allocation Failure) 2020-09-29T18:12:47.705+0200: 61.263: [ParNew: 588947K->38814K(613440K), 0.0148951 secs] 602257K->52123K(2029056K), 0.0149649 secs] [Times: user=0.13 sys=0.00, real=0.02 secs] 
2020-09-29T18:12:47.769+0200: 61.327: [GC (Allocation Failure) 2020-09-29T18:12:47.769+0200: 61.327: [ParNew: 584158K->30093K(613440K), 0.0089641 secs] 597467K->43402K(2029056K), 0.0090372 secs] [Times: user=0.00 sys=0.00, real=0.01 secs] 
2020-09-29T18:12:47.830+0200: 61.387: [GC (Allocation Failure) 2020-09-29T18:12:47.830+0200: 61.387: [ParNew: 575437K->32966K(613440K), 0.0140914 secs] 588746K->46276K(2029056K), 0.0141670 secs] [Times: user=0.13 sys=0.00, real=0.01 secs] 
2020-09-29T18:12:47.895+0200: 61.452: [GC (Allocation Failure) 2020-09-29T18:12:47.895+0200: 61.452: [ParNew: 577385K->22768K(613440K), 0.0067828 secs] 590694K->36077K(2029056K), 0.0068425 secs] [Times: user=0.00 sys=0.00, real=0.01 secs] 
2020-09-29T18:12:47.956+0200: 61.513: [GC (Allocation Failure) 2020-09-29T18:12:47.956+0200: 61.513: [ParNew: 568112K->35752K(613440K), 0.0163246 secs] 581421K->49062K(2029056K), 0.0163938 secs] [Times: user=0.13 sys=0.00, real=0.02 secs] 
2020-09-29T18:12:48.023+0200: 61.580: [GC (Allocation Failure) 2020-09-29T18:12:48.023+0200: 61.580: [ParNew: 581096K->46241K(613440K), 0.0156615 secs] 594406K->59550K(2029056K), 0.0157229 secs] [Times: user=0.13 sys=0.00, real=0.02 secs] 
2020-09-29T18:12:48.088+0200: 61.645: [GC (Allocation Failure) 2020-09-29T18:12:48.088+0200: 61.646: [ParNew: 591585K->56356K(613440K), 0.0213381 secs] 604894K->69666K(2029056K), 0.0213925 secs] [Times: user=0.13 sys=0.00, real=0.02 secs] 
2020-09-29T18:12:48.157+0200: 61.715: [GC (Allocation Failure) 2020-09-29T18:12:48.157+0200: 61.715: [ParNew: 601700K->67441K(613440K), 0.0203569 secs] 615010K->80750K(2029056K), 0.0204279 secs] [Times: user=0.25 sys=0.00, real=0.02 secs] 
2020-09-29T18:12:48.225+0200: 61.783: [GC (Allocation Failure) 2020-09-29T18:12:48.226+0200: 61.783: [ParNew: 612785K->51638K(613440K), 0.0192913 secs] 626094K->64947K(2029056K), 0.0193944 secs] [Times: user=0.13 sys=0.00, real=0.02 secs] 
2020-09-29T18:12:48.292+0200: 61.850: [GC (Allocation Failure) 2020-09-29T18:12:48.292+0200: 61.850: [ParNew: 596982K->41293K(613440K), 0.0184785 secs] 610291K->54602K(2029056K), 0.0185481 secs] [Times: user=0.13 sys=0.00, real=0.02 secs] 
2020-09-29T18:12:48.359+0200: 61.916: [GC (Allocation Failure) 2020-09-29T18:12:48.359+0200: 61.916: [ParNew: 586637K->68096K(613440K), 0.0222627 secs] 599946K->81405K(2029056K), 0.0223283 secs] [Times: user=0.25 sys=0.00, real=0.02 secs] 
2020-09-29T18:12:48.429+0200: 61.986: [GC (Allocation Failure) 2020-09-29T18:12:48.429+0200: 61.986: [ParNew: 613440K->47393K(613440K), 0.0104769 secs] 626749K->60703K(2029056K), 0.0105300 secs] [Times: user=0.00 sys=0.00, real=0.01 secs] 
2020-09-29T18:12:48.496+0200: 62.053: [GC (Allocation Failure) 2020-09-29T18:12:48.496+0200: 62.053: [ParNew: 592737K->34931K(613440K), 0.0148862 secs] 606047K->48240K(2029056K), 0.0149497 secs] [Times: user=0.13 sys=0.00, real=0.01 secs] 
2020-09-29T18:12:48.562+0200: 62.119: [GC (Allocation Failure) 2020-09-29T18:12:48.562+0200: 62.119: [ParNew: 580275K->39574K(613440K), 0.0184282 secs] 593584K->52884K(2029056K), 0.0184984 secs] [Times: user=0.11 sys=0.00, real=0.02 secs] 
2020-09-29T18:12:48.635+0200: 62.192: [GC (Allocation Failure) 2020-09-29T18:12:48.635+0200: 62.192: [ParNew: 584918K->30973K(613440K), 0.0170788 secs] 598228K->44282K(2029056K), 0.0171690 secs] [Times: user=0.13 sys=0.00, real=0.02 secs] 
2020-09-29T18:12:48.712+0200: 62.270: [GC (Allocation Failure) 2020-09-29T18:12:48.712+0200: 62.270: [ParNew: 576317K->25226K(613440K), 0.0161504 secs] 589626K->38536K(2029056K), 0.0162176 secs] [Times: user=0.13 sys=0.00, real=0.02 secs] 
2020-09-29T18:12:48.777+0200: 62.335: [GC (Allocation Failure) 2020-09-29T18:12:48.777+0200: 62.335: [ParNew: 570570K->41319K(613440K), 0.0202452 secs] 583880K->54629K(2029056K), 0.0203141 secs] [Times: user=0.13 sys=0.00, real=0.02 secs] 
2020-09-29T18:12:48.858+0200: 62.415: [GC (Allocation Failure) 2020-09-29T18:12:48.858+0200: 62.415: [ParNew: 586663K->55833K(613440K), 0.0286780 secs] 599973K->69142K(2029056K), 0.0287484 secs] [Times: user=0.25 sys=0.00, real=0.03 secs] 
2020-09-29T18:12:48.938+0200: 62.495: [GC (Allocation Failure) 2020-09-29T18:12:48.938+0200: 62.495: [ParNew: 601177K->63789K(613440K), 0.0281522 secs] 614486K->77098K(2029056K), 0.0282211 secs] [Times: user=0.25 sys=0.00, real=0.03 secs] 
2020-09-29T18:12:49.015+0200: 62.573: [GC (Allocation Failure) 2020-09-29T18:12:49.015+0200: 62.573: [ParNew: 609133K->41305K(613440K), 0.0192280 secs] 622442K->54614K(2029056K), 0.0193096 secs] [Times: user=0.14 sys=0.01, real=0.02 secs] 
2020-09-29T18:12:49.093+0200: 62.651: [GC (Allocation Failure) 2020-09-29T18:12:49.093+0200: 62.651: [ParNew: 586649K->26091K(613440K), 0.0188608 secs] 599958K->39400K(2029056K), 0.0189485 secs] [Times: user=0.13 sys=0.00, real=0.02 secs] 
2020-09-29T18:12:49.159+0200: 62.716: [GC (Allocation Failure) 2020-09-29T18:12:49.159+0200: 62.716: [ParNew: 571435K->45821K(613440K), 0.0241894 secs] 584744K->59131K(2029056K), 0.0242607 secs] [Times: user=0.25 sys=0.00, real=0.02 secs] 
2020-09-29T18:12:49.231+0200: 62.789: [GC (Allocation Failure) 2020-09-29T18:12:49.232+0200: 62.789: [ParNew: 591165K->38133K(613440K), 0.0214246 secs] 604475K->51442K(2029056K), 0.0215028 secs] [Times: user=0.13 sys=0.00, real=0.02 secs] 
2020-09-29T18:12:49.310+0200: 62.867: [GC (Allocation Failure) 2020-09-29T18:12:49.310+0200: 62.867: [ParNew: 583477K->44442K(613440K), 0.0231374 secs] 596786K->57752K(2029056K), 0.0232086 secs] [Times: user=0.23 sys=0.00, real=0.02 secs] 
2020-09-29T18:12:49.386+0200: 62.943: [GC (Allocation Failure) 2020-09-29T18:12:49.386+0200: 62.943: [ParNew: 589786K->56753K(613440K), 0.0277835 secs] 603096K->70062K(2029056K), 0.0278563 secs] [Times: user=0.25 sys=0.00, real=0.03 secs] 
2020-09-29T18:12:49.462+0200: 63.018: [GC (Allocation Failure) 2020-09-29T18:12:49.462+0200: 63.018: [ParNew: 602097K->63973K(613440K), 0.0290418 secs] 615406K->77282K(2029056K), 0.0291066 secs] [Times: user=0.23 sys=0.00, real=0.03 secs] 
2020-09-29T18:12:49.544+0200: 63.101: [GC (Allocation Failure) 2020-09-29T18:12:49.544+0200: 63.101: [ParNew: 609317K->30341K(613440K), 0.0179116 secs] 622626K->43651K(2029056K), 0.0179874 secs] [Times: user=0.13 sys=0.00, real=0.02 secs] 
2020-09-29T18:12:49.628+0200: 63.184: [GC (Allocation Failure) 2020-09-29T18:12:49.628+0200: 63.184: [ParNew: 575685K->62691K(613440K), 0.0330507 secs] 588995K->76000K(2029056K), 0.0331213 secs] [Times: user=0.33 sys=0.03, real=0.03 secs] 
2020-09-29T18:12:49.712+0200: 63.269: [GC (Allocation Failure) 2020-09-29T18:12:49.712+0200: 63.269: [ParNew: 608035K->47788K(613440K), 0.0232520 secs] 621344K->61097K(2029056K), 0.0233257 secs] [Times: user=0.13 sys=0.00, real=0.02 secs] 
2020-09-29T18:12:49.786+0200: 63.343: [GC (Allocation Failure) 2020-09-29T18:12:49.786+0200: 63.343: [ParNew: 593132K->42049K(613440K), 0.0205588 secs] 606441K->55358K(2029056K), 0.0206307 secs] [Times: user=0.13 sys=0.00, real=0.02 secs] 
2020-09-29T18:12:49.863+0200: 63.421: [GC (Allocation Failure) 2020-09-29T18:12:49.863+0200: 63.421: [ParNew: 587393K->32804K(613440K), 0.0198712 secs] 600702K->46113K(2029056K), 0.0199417 secs] [Times: user=0.13 sys=0.00, real=0.02 secs] 
2020-09-29T18:12:49.935+0200: 63.492: [GC (Allocation Failure) 2020-09-29T18:12:49.935+0200: 63.492: [ParNew: 578148K->55437K(613440K), 0.0322750 secs] 591457K->68746K(2029056K), 0.0323421 secs] [Times: user=0.25 sys=0.00, real=0.03 secs] 
2020-09-29T18:12:50.015+0200: 63.572: [GC (Allocation Failure) 2020-09-29T18:12:50.015+0200: 63.573: [ParNew: 600781K->49690K(613440K), 0.0247284 secs] 614090K->63000K(2029056K), 0.0247965 secs] [Times: user=0.25 sys=0.00, real=0.02 secs] 
2020-09-29T18:12:50.089+0200: 63.646: [GC (Allocation Failure) 2020-09-29T18:12:50.089+0200: 63.646: [ParNew: 595034K->44770K(613440K), 0.0228912 secs] 608344K->58080K(2029056K), 0.0229620 secs] [Times: user=0.13 sys=0.00, real=0.02 secs] 
2020-09-29T18:12:50.165+0200: 63.722: [GC (Allocation Failure) 2020-09-29T18:12:50.165+0200: 63.722: [ParNew: 590114K->37347K(613440K), 0.0219559 secs] 603424K->50656K(2029056K), 0.0220253 secs] [Times: user=0.13 sys=0.00, real=0.02 secs] 
2020-09-29T18:12:50.246+0200: 63.804: [GC (Allocation Failure) 2020-09-29T18:12:50.246+0200: 63.804: [ParNew: 582691K->34454K(613440K), 0.0204839 secs] 596000K->47763K(2029056K), 0.0205553 secs] [Times: user=0.13 sys=0.00, real=0.02 secs] 
2020-09-29T18:12:50.318+0200: 63.875: [GC (Allocation Failure) 2020-09-29T18:12:50.318+0200: 63.876: [ParNew: 579798K->57253K(613440K), 0.0259739 secs] 593107K->70562K(2029056K), 0.0260572 secs] [Times: user=0.13 sys=0.00, real=0.03 secs] 
2020-09-29T18:12:50.398+0200: 63.955: [GC (Allocation Failure) 2020-09-29T18:12:50.398+0200: 63.955: [ParNew: 602597K->44982K(613440K), 0.0252470 secs] 615906K->58291K(2029056K), 0.0253191 secs] [Times: user=0.13 sys=0.00, real=0.03 secs] 
2020-09-29T18:12:50.475+0200: 64.033: [GC (Allocation Failure) 2020-09-29T18:12:50.475+0200: 64.033: [ParNew: 590326K->44090K(613440K), 0.0251411 secs] 603635K->57400K(2029056K), 0.0252094 secs] [Times: user=0.13 sys=0.00, real=0.03 secs] 
2020-09-29T18:12:50.551+0200: 64.108: [GC (Allocation Failure) 2020-09-29T18:12:50.551+0200: 64.108: [ParNew: 589434K->67545K(613440K), 0.0315916 secs] 602744K->80855K(2029056K), 0.0316746 secs] [Times: user=0.14 sys=0.00, real=0.03 secs] 
2020-09-29T18:12:50.635+0200: 64.192: [GC (Allocation Failure) 2020-09-29T18:12:50.635+0200: 64.192: [ParNew: 612889K->50969K(613440K), 0.0228649 secs] 626199K->64279K(2029056K), 0.0229442 secs] [Times: user=0.13 sys=0.00, real=0.02 secs] 
2020-09-29T18:12:50.717+0200: 64.274: [GC (Allocation Failure) 2020-09-29T18:12:50.717+0200: 64.274: [ParNew: 596313K->40526K(613440K), 0.0225474 secs] 609623K->53835K(2029056K), 0.0226175 secs] [Times: user=0.25 sys=0.00, real=0.02 secs] 
2020-09-29T18:12:50.792+0200: 64.349: [GC (Allocation Failure) 2020-09-29T18:12:50.792+0200: 64.349: [ParNew: 585870K->60263K(613440K), 0.0291846 secs] 599179K->73573K(2029056K), 0.0292634 secs] [Times: user=0.25 sys=0.00, real=0.03 secs] 
2020-09-29T18:12:50.871+0200: 64.429: [GC (Allocation Failure) 2020-09-29T18:12:50.871+0200: 64.429: [ParNew: 605607K->47476K(613440K), 0.0281538 secs] 618917K->60786K(2029056K), 0.0282269 secs] [Times: user=0.25 sys=0.00, real=0.03 secs] 
2020-09-29T18:12:50.949+0200: 64.506: [GC (Allocation Failure) 2020-09-29T18:12:50.949+0200: 64.506: [ParNew: 592820K->40903K(613440K), 0.0202768 secs] 606130K->54212K(2029056K), 0.0203447 secs] [Times: user=0.13 sys=0.00, real=0.02 secs] 
2020-09-29T18:12:51.026+0200: 64.583: [GC (Allocation Failure) 2020-09-29T18:12:51.026+0200: 64.583: [ParNew: 586247K->26163K(613440K), 0.0167499 secs] 599556K->39472K(2029056K), 0.0168178 secs] [Times: user=0.13 sys=0.00, real=0.02 secs] 
2020-09-29T18:12:51.090+0200: 64.647: [GC (Allocation Failure) 2020-09-29T18:12:51.090+0200: 64.647: [ParNew: 571507K->45756K(613440K), 0.0245256 secs] 584816K->59066K(2029056K), 0.0246124 secs] [Times: user=0.25 sys=0.00, real=0.03 secs] 
2020-09-29T18:12:51.161+0200: 64.719: [GC (Allocation Failure) 2020-09-29T18:12:51.162+0200: 64.719: [ParNew: 591100K->36359K(613440K), 0.0230128 secs] 604410K->49668K(2029056K), 0.0230891 secs] [Times: user=0.13 sys=0.00, real=0.02 secs] 
2020-09-29T18:12:51.234+0200: 64.791: [GC (Allocation Failure) 2020-09-29T18:12:51.234+0200: 64.791: [ParNew: 581703K->61578K(613440K), 0.0288679 secs] 595012K->74887K(2029056K), 0.0289402 secs] [Times: user=0.25 sys=0.00, real=0.03 secs] 
2020-09-29T18:12:51.311+0200: 64.868: [GC (Allocation Failure) 2020-09-29T18:12:51.311+0200: 64.868: [ParNew: 606922K->45256K(613440K), 0.0273448 secs] 620231K->58565K(2029056K), 0.0274114 secs] [Times: user=0.25 sys=0.00, real=0.03 secs] 
2020-09-29T18:12:51.388+0200: 64.946: [GC (Allocation Failure) 2020-09-29T18:12:51.388+0200: 64.946: [ParNew: 590600K->44793K(613440K), 0.0256520 secs] 603909K->58103K(2029056K), 0.0257210 secs] [Times: user=0.25 sys=0.00, real=0.03 secs] 
2020-09-29T18:12:51.475+0200: 65.032: [GC (Allocation Failure) 2020-09-29T18:12:51.475+0200: 65.032: [ParNew: 590137K->43427K(613440K), 0.0258157 secs] 603447K->56736K(2029056K), 0.0258919 secs] [Times: user=0.13 sys=0.00, real=0.03 secs] 
2020-09-29T18:12:51.553+0200: 65.110: [GC (Allocation Failure) 2020-09-29T18:12:51.553+0200: 65.110: [ParNew: 588771K->68096K(613440K), 0.0314214 secs] 602080K->81405K(2029056K), 0.0314992 secs] [Times: user=0.25 sys=0.00, real=0.03 secs] 
2020-09-29T18:12:51.635+0200: 65.192: [GC (Allocation Failure) 2020-09-29T18:12:51.635+0200: 65.192: [ParNew: 613440K->54874K(613440K), 0.0250750 secs] 626749K->68183K(2029056K), 0.0251443 secs] [Times: user=0.11 sys=0.00, real=0.03 secs] 
2020-09-29T18:12:51.716+0200: 65.273: [GC (Allocation Failure) 2020-09-29T18:12:51.716+0200: 65.273: [ParNew: 600218K->47526K(613440K), 0.0231314 secs] 613527K->60835K(2029056K), 0.0232358 secs] [Times: user=0.24 sys=0.00, real=0.02 secs] 
2020-09-29T18:12:51.793+0200: 65.351: [GC (Allocation Failure) 2020-09-29T18:12:51.793+0200: 65.351: [ParNew: 592870K->51820K(613440K), 0.0284079 secs] 606179K->65129K(2029056K), 0.0285003 secs] [Times: user=0.25 sys=0.00, real=0.03 secs] 
2020-09-29T18:12:51.884+0200: 65.441: [GC (Allocation Failure) 2020-09-29T18:12:51.884+0200: 65.441: [ParNew: 597164K->36066K(613440K), 0.0212346 secs] 610473K->49375K(2029056K), 0.0213100 secs] [Times: user=0.13 sys=0.00, real=0.02 secs] 
2020-09-29T18:12:51.958+0200: 65.516: [GC (Allocation Failure) 2020-09-29T18:12:51.958+0200: 65.516: [ParNew: 581410K->31270K(613440K), 0.0194825 secs] 594719K->44579K(2029056K), 0.0195540 secs] [Times: user=0.13 sys=0.00, real=0.02 secs] 
2020-09-29T18:12:52.028+0200: 65.586: [GC (Allocation Failure) 2020-09-29T18:12:52.028+0200: 65.586: [ParNew: 576614K->52222K(613440K), 0.0231571 secs] 589923K->65531K(2029056K), 0.0232237 secs] [Times: user=0.25 sys=0.00, real=0.02 secs] 
2020-09-29T18:12:52.104+0200: 65.661: [GC (Allocation Failure) 2020-09-29T18:12:52.104+0200: 65.661: [ParNew: 597566K->36671K(613440K), 0.0156428 secs] 610875K->49981K(2029056K), 0.0157094 secs] [Times: user=0.13 sys=0.00, real=0.02 secs] 
2020-09-29T18:12:52.176+0200: 65.733: [GC (Allocation Failure) 2020-09-29T18:12:52.176+0200: 65.733: [ParNew: 582015K->33015K(613440K), 0.0228069 secs] 595325K->46325K(2029056K), 0.0303364 secs] [Times: user=0.13 sys=0.00, real=0.03 secs] 
2020-09-29T18:12:52.261+0200: 65.818: [GC (Allocation Failure) 2020-09-29T18:12:52.261+0200: 65.818: [ParNew: 578359K->53082K(613440K), 0.0285980 secs] 591669K->66392K(2029056K), 0.0286849 secs] [Times: user=0.25 sys=0.00, real=0.03 secs] 
2020-09-29T18:12:52.341+0200: 65.897: [GC (Allocation Failure) 2020-09-29T18:12:52.341+0200: 65.897: [ParNew: 598426K->43412K(613440K), 0.0279598 secs] 611736K->56721K(2029056K), 0.0280562 secs] [Times: user=0.25 sys=0.00, real=0.03 secs] 
2020-09-29T18:12:52.417+0200: 65.974: [GC (Allocation Failure) 2020-09-29T18:12:52.417+0200: 65.974: [ParNew: 588756K->44631K(613440K), 0.0269351 secs] 602065K->57941K(2029056K), 0.0270090 secs] [Times: user=0.25 sys=0.00, real=0.03 secs] 
2020-09-29T18:12:52.493+0200: 66.050: [GC (Allocation Failure) 2020-09-29T18:12:52.493+0200: 66.050: [ParNew: 589975K->42575K(613440K), 0.0258638 secs] 603285K->55885K(2029056K), 0.0259461 secs] [Times: user=0.13 sys=0.00, real=0.03 secs] 
2020-09-29T18:12:52.573+0200: 66.130: [GC (Allocation Failure) 2020-09-29T18:12:52.573+0200: 66.130: [ParNew: 587919K->53002K(613440K), 0.0270626 secs] 601229K->66311K(2029056K), 0.0271551 secs] [Times: user=0.25 sys=0.00, real=0.03 secs] 
2020-09-29T18:12:52.651+0200: 66.208: [GC (Allocation Failure) 2020-09-29T18:12:52.651+0200: 66.208: [ParNew: 598346K->44584K(613440K), 0.0241995 secs] 611655K->57893K(2029056K), 0.0242787 secs] [Times: user=0.13 sys=0.00, real=0.03 secs] 
2020-09-29T18:12:52.727+0200: 66.283: [GC (Allocation Failure) 2020-09-29T18:12:52.727+0200: 66.283: [ParNew: 589928K->31140K(613440K), 0.0148949 secs] 603237K->44449K(2029056K), 0.0149822 secs] [Times: user=0.13 sys=0.00, real=0.02 secs] 
2020-09-29T18:12:52.799+0200: 66.355: [GC (Allocation Failure) 2020-09-29T18:12:52.799+0200: 66.355: [ParNew: 576484K->49100K(613440K), 0.0282298 secs] 589793K->62409K(2029056K), 0.0283026 secs] [Times: user=0.25 sys=0.00, real=0.03 secs] 
2020-09-29T18:12:52.875+0200: 66.431: [GC (Allocation Failure) 2020-09-29T18:12:52.875+0200: 66.431: [ParNew: 594444K->66191K(613440K), 0.0272139 secs] 607753K->79500K(2029056K), 0.0272878 secs] [Times: user=0.25 sys=0.00, real=0.03 secs] 
2020-09-29T18:12:52.953+0200: 66.510: [GC (Allocation Failure) 2020-09-29T18:12:52.953+0200: 66.510: [ParNew: 611535K->45700K(613440K), 0.0269632 secs] 624844K->59010K(2029056K), 0.0270342 secs] [Times: user=0.25 sys=0.00, real=0.03 secs] 
2020-09-29T18:12:53.034+0200: 66.590: [GC (Allocation Failure) 2020-09-29T18:12:53.034+0200: 66.590: [ParNew: 591044K->38595K(613440K), 0.0175172 secs] 604354K->51905K(2029056K), 0.0175900 secs] [Times: user=0.13 sys=0.00, real=0.02 secs] 
2020-09-29T18:12:53.103+0200: 66.660: [GC (Allocation Failure) 2020-09-29T18:12:53.103+0200: 66.660: [ParNew: 583939K->37902K(613440K), 0.0243544 secs] 597249K->51211K(2029056K), 0.0244242 secs] [Times: user=0.13 sys=0.00, real=0.02 secs] 
2020-09-29T18:12:53.179+0200: 66.736: [GC (Allocation Failure) 2020-09-29T18:12:53.179+0200: 66.736: [ParNew: 583246K->55589K(613440K), 0.0304219 secs] 596555K->68899K(2029056K), 0.0304926 secs] [Times: user=0.25 sys=0.00, real=0.03 secs] 
2020-09-29T18:12:53.259+0200: 66.815: [GC (Allocation Failure) 2020-09-29T18:12:53.259+0200: 66.815: [ParNew: 600933K->49799K(613440K), 0.0222786 secs] 614243K->63108K(2029056K), 0.0223597 secs] [Times: user=0.13 sys=0.00, real=0.02 secs] 
2020-09-29T18:12:53.335+0200: 66.892: [GC (Allocation Failure) 2020-09-29T18:12:53.335+0200: 66.892: [ParNew: 595143K->42543K(613440K), 0.0209219 secs] 608452K->55852K(2029056K), 0.0209925 secs] [Times: user=0.13 sys=0.00, real=0.02 secs] 
2020-09-29T18:12:53.403+0200: 66.959: [GC (Allocation Failure) 2020-09-29T18:12:53.403+0200: 66.959: [ParNew: 587887K->32118K(613440K), 0.0186473 secs] 601196K->45428K(2029056K), 0.0187206 secs] [Times: user=0.13 sys=0.00, real=0.02 secs] 
2020-09-29T18:12:53.477+0200: 67.033: [GC (Allocation Failure) 2020-09-29T18:12:53.477+0200: 67.033: [ParNew: 577462K->26189K(613440K), 0.0161487 secs] 590772K->39499K(2029056K), 0.0162184 secs] [Times: user=0.13 sys=0.00, real=0.02 secs] 
2020-09-29T18:12:53.544+0200: 67.100: [GC (Allocation Failure) 2020-09-29T18:12:53.544+0200: 67.100: [ParNew: 571533K->38599K(613440K), 0.0211247 secs] 584843K->51908K(2029056K), 0.0283201 secs] [Times: user=0.13 sys=0.00, real=0.03 secs] 
2020-09-29T18:12:53.631+0200: 67.188: [GC (Allocation Failure) 2020-09-29T18:12:53.631+0200: 67.188: [ParNew: 583943K->29240K(613440K), 0.0225675 secs] 597252K->42549K(2029056K), 0.0226417 secs] [Times: user=0.13 sys=0.00, real=0.02 secs] 
2020-09-29T18:12:53.710+0200: 67.267: [GC (Allocation Failure) 2020-09-29T18:12:53.711+0200: 67.267: [ParNew: 574584K->29890K(613440K), 0.0215238 secs] 587893K->43199K(2029056K), 0.0216104 secs] [Times: user=0.13 sys=0.00, real=0.02 secs] 
2020-09-29T18:12:53.792+0200: 67.349: [GC (Allocation Failure) 2020-09-29T18:12:53.792+0200: 67.349: [ParNew: 575234K->24857K(613440K), 0.0208849 secs] 588543K->38166K(2029056K), 0.0209561 secs] [Times: user=0.09 sys=0.00, real=0.02 secs] 
2020-09-29T18:12:53.877+0200: 67.434: [GC (Allocation Failure) 2020-09-29T18:12:53.877+0200: 67.434: [ParNew: 570201K->40079K(613440K), 0.0282881 secs] 583510K->53388K(2029056K), 0.0283716 secs] [Times: user=0.24 sys=0.00, real=0.03 secs] 
2020-09-29T18:12:53.959+0200: 67.516: [GC (Allocation Failure) 2020-09-29T18:12:53.959+0200: 67.516: [ParNew: 585423K->63504K(613440K), 0.0346659 secs] 598732K->76813K(2029056K), 0.0347421 secs] [Times: user=0.25 sys=0.00, real=0.03 secs] 
2020-09-29T18:12:54.048+0200: 67.605: [GC (Allocation Failure) 2020-09-29T18:12:54.048+0200: 67.605: [ParNew: 608848K->45433K(613440K), 0.0251137 secs] 622157K->58742K(2029056K), 0.0251867 secs] [Times: user=0.23 sys=0.00, real=0.02 secs] 
2020-09-29T18:12:54.144+0200: 67.701: [GC (Allocation Failure) 2020-09-29T18:12:54.144+0200: 67.701: [ParNew: 590777K->28021K(613440K), 0.0216011 secs] 604086K->41331K(2029056K), 0.0216771 secs] [Times: user=0.25 sys=0.00, real=0.02 secs] 
2020-09-29T18:12:54.215+0200: 67.772: [GC (Allocation Failure) 2020-09-29T18:12:54.215+0200: 67.772: [ParNew: 573365K->25830K(613440K), 0.0212760 secs] 586675K->39139K(2029056K), 0.0213510 secs] [Times: user=0.13 sys=0.00, real=0.02 secs] 
2020-09-29T18:12:54.292+0200: 67.849: [GC (Allocation Failure) 2020-09-29T18:12:54.292+0200: 67.849: [ParNew: 571174K->44925K(613440K), 0.0272961 secs] 584483K->58235K(2029056K), 0.0273753 secs] [Times: user=0.25 sys=0.00, real=0.03 secs] 
2020-09-29T18:12:54.383+0200: 67.940: [GC (Allocation Failure) 2020-09-29T18:12:54.383+0200: 67.940: [ParNew: 590269K->59818K(613440K), 0.0348988 secs] 603579K->73128K(2029056K), 0.0349819 secs] [Times: user=0.25 sys=0.00, real=0.04 secs] 
2020-09-29T18:12:54.465+0200: 68.022: [GC (Allocation Failure) 2020-09-29T18:12:54.465+0200: 68.022: [ParNew: 605162K->68096K(613440K), 0.0348560 secs] 618472K->81435K(2029056K), 0.0349305 secs] [Times: user=0.25 sys=0.00, real=0.04 secs] 
2020-09-29T18:12:54.547+0200: 68.104: [GC (Allocation Failure) 2020-09-29T18:12:54.547+0200: 68.104: [ParNew: 613440K->47983K(613440K), 0.0315715 secs] 626779K->61323K(2029056K), 0.0316676 secs] [Times: user=0.25 sys=0.00, real=0.03 secs] 
2020-09-29T18:12:54.630+0200: 68.187: [GC (Allocation Failure) 2020-09-29T18:12:54.630+0200: 68.187: [ParNew: 593327K->47011K(613440K), 0.0297073 secs] 606667K->60351K(2029056K), 0.0297837 secs] [Times: user=0.13 sys=0.00, real=0.03 secs] 
2020-09-29T18:12:54.713+0200: 68.270: [GC (Allocation Failure) 2020-09-29T18:12:54.714+0200: 68.270: [ParNew: 592355K->43374K(613440K), 0.0293442 secs] 605695K->56714K(2029056K), 0.0294209 secs] [Times: user=0.25 sys=0.00, real=0.03 secs] 
2020-09-29T18:12:54.793+0200: 68.350: [GC (Allocation Failure) 2020-09-29T18:12:54.793+0200: 68.350: [ParNew: 588718K->42322K(613440K), 0.0271163 secs] 602058K->55662K(2029056K), 0.0272100 secs] [Times: user=0.25 sys=0.00, real=0.03 secs] 
2020-09-29T18:12:54.877+0200: 68.434: [GC (Allocation Failure) 2020-09-29T18:12:54.877+0200: 68.434: [ParNew: 587666K->35763K(613440K), 0.0166823 secs] 601006K->49103K(2029056K), 0.0167601 secs] [Times: user=0.09 sys=0.00, real=0.02 secs] 
2020-09-29T18:12:54.961+0200: 68.518: [GC (Allocation Failure) 2020-09-29T18:12:54.961+0200: 68.518: [ParNew: 581107K->32026K(613440K), 0.0225026 secs] 594447K->45366K(2029056K), 0.0225827 secs] [Times: user=0.13 sys=0.00, real=0.02 secs] 
2020-09-29T18:12:55.036+0200: 68.593: [GC (Allocation Failure) 2020-09-29T18:12:55.036+0200: 68.593: [ParNew: 577370K->60939K(613440K), 0.0381542 secs] 590710K->74279K(2029056K), 0.0382294 secs] [Times: user=0.25 sys=0.00, real=0.04 secs] 
2020-09-29T18:12:55.122+0200: 68.679: [GC (Allocation Failure) 2020-09-29T18:12:55.122+0200: 68.679: [ParNew: 606283K->50087K(613440K), 0.0284267 secs] 619623K->63427K(2029056K), 0.0285068 secs] [Times: user=0.25 sys=0.00, real=0.03 secs] 
2020-09-29T18:12:55.204+0200: 68.760: [GC (Allocation Failure) 2020-09-29T18:12:55.204+0200: 68.760: [ParNew: 595431K->45003K(613440K), 0.0274488 secs] 608771K->58343K(2029056K), 0.0275270 secs] [Times: user=0.25 sys=0.00, real=0.03 secs] 
2020-09-29T18:12:55.285+0200: 68.842: [GC (Allocation Failure) 2020-09-29T18:12:55.285+0200: 68.842: [ParNew: 590347K->41049K(613440K), 0.0264740 secs] 603687K->54389K(2029056K), 0.0265492 secs] [Times: user=0.25 sys=0.00, real=0.03 secs] 
2020-09-29T18:12:55.361+0200: 68.918: [GC (Allocation Failure) 2020-09-29T18:12:55.362+0200: 68.918: [ParNew: 586393K->38244K(613440K), 0.0246025 secs] 599733K->51584K(2029056K), 0.0246825 secs] [Times: user=0.25 sys=0.00, real=0.02 secs] 
2020-09-29T18:12:55.441+0200: 68.998: [GC (Allocation Failure) 2020-09-29T18:12:55.441+0200: 68.998: [ParNew: 583588K->56835K(613440K), 0.0331109 secs] 596928K->70174K(2029056K), 0.0331860 secs] [Times: user=0.36 sys=0.00, real=0.03 secs] 
2020-09-29T18:12:55.527+0200: 69.084: [GC (Allocation Failure) 2020-09-29T18:12:55.527+0200: 69.084: [ParNew: 602179K->47436K(613440K), 0.0308149 secs] 615518K->60776K(2029056K), 0.0309027 secs] [Times: user=0.25 sys=0.00, real=0.03 secs] 
2020-09-29T18:12:55.616+0200: 69.173: [GC (Allocation Failure) 2020-09-29T18:12:55.616+0200: 69.173: [ParNew: 592780K->40261K(613440K), 0.0223859 secs] 606120K->53601K(2029056K), 0.0224740 secs] [Times: user=0.11 sys=0.00, real=0.02 secs] 
2020-09-29T18:12:55.692+0200: 69.249: [GC (Allocation Failure) 2020-09-29T18:12:55.692+0200: 69.249: [ParNew: 585605K->59096K(613440K), 0.0350744 secs] 598945K->72436K(2029056K), 0.0351589 secs] [Times: user=0.25 sys=0.00, real=0.04 secs] 
2020-09-29T18:12:55.779+0200: 69.336: [GC (Allocation Failure) 2020-09-29T18:12:55.779+0200: 69.336: [ParNew: 604440K->47028K(613440K), 0.0251080 secs] 617780K->60367K(2029056K), 0.0252004 secs] [Times: user=0.25 sys=0.00, real=0.02 secs] 
2020-09-29T18:12:55.871+0200: 69.428: [GC (Allocation Failure) 2020-09-29T18:12:55.871+0200: 69.428: [ParNew: 592372K->60429K(613440K), 0.0347383 secs] 605711K->73769K(2029056K), 0.0348355 secs] [Times: user=0.23 sys=0.00, real=0.03 secs] 
2020-09-29T18:12:55.959+0200: 69.516: [GC (Allocation Failure) 2020-09-29T18:12:55.959+0200: 69.516: [ParNew: 605773K->46321K(613440K), 0.0221935 secs] 619113K->59661K(2029056K), 0.0222687 secs] [Times: user=0.13 sys=0.00, real=0.02 secs] 
2020-09-29T18:12:56.037+0200: 69.594: [GC (Allocation Failure) 2020-09-29T18:12:56.037+0200: 69.594: [ParNew: 591665K->40756K(613440K), 0.0309166 secs] 605005K->54096K(2029056K), 0.0309967 secs] [Times: user=0.25 sys=0.00, real=0.03 secs] 
2020-09-29T18:12:56.120+0200: 69.677: [GC (Allocation Failure) 2020-09-29T18:12:56.120+0200: 69.677: [ParNew: 586100K->42335K(613440K), 0.0294034 secs] 599440K->55675K(2029056K), 0.0294779 secs] [Times: user=0.25 sys=0.00, real=0.03 secs] 
2020-09-29T18:12:56.208+0200: 69.765: [GC (Allocation Failure) 2020-09-29T18:12:56.208+0200: 69.766: [ParNew: 587679K->68096K(613440K), 0.0366864 secs] 601019K->81435K(2029056K), 0.0367594 secs] [Times: user=0.25 sys=0.00, real=0.04 secs] 
2020-09-29T18:12:56.300+0200: 69.858: [GC (Allocation Failure) 2020-09-29T18:12:56.300+0200: 69.858: [ParNew: 613440K->64528K(613440K), 0.0356551 secs] 626779K->77868K(2029056K), 0.0357296 secs] [Times: user=0.27 sys=0.00, real=0.04 secs] 
2020-09-29T18:12:56.385+0200: 69.942: [GC (Allocation Failure) 2020-09-29T18:12:56.385+0200: 69.942: [ParNew: 609872K->46423K(613440K), 0.0246949 secs] 623212K->59763K(2029056K), 0.0247705 secs] [Times: user=0.13 sys=0.00, real=0.02 secs] 
2020-09-29T18:12:56.464+0200: 70.021: [GC (Allocation Failure) 2020-09-29T18:12:56.464+0200: 70.021: [ParNew: 591767K->65462K(613440K), 0.0326064 secs] 605107K->78802K(2029056K), 0.0326805 secs] [Times: user=0.25 sys=0.00, real=0.03 secs] 
2020-09-29T18:12:56.544+0200: 70.102: [GC (Allocation Failure) 2020-09-29T18:12:56.544+0200: 70.102: [ParNew: 610806K->45813K(613440K), 0.0224517 secs] 624146K->59153K(2029056K), 0.0225380 secs] [Times: user=0.25 sys=0.00, real=0.02 secs] 
2020-09-29T18:12:56.630+0200: 70.187: [GC (Allocation Failure) 2020-09-29T18:12:56.630+0200: 70.187: [ParNew: 591157K->36128K(613440K), 0.0209181 secs] 604497K->49468K(2029056K), 0.0209980 secs] [Times: user=0.13 sys=0.00, real=0.02 secs] 
2020-09-29T18:12:56.714+0200: 70.271: [GC (Allocation Failure) 2020-09-29T18:12:56.714+0200: 70.271: [ParNew: 581472K->46482K(613440K), 0.0282725 secs] 594812K->59821K(2029056K), 0.0283449 secs] [Times: user=0.25 sys=0.00, real=0.03 secs] 
2020-09-29T18:12:56.795+0200: 70.353: [GC (Allocation Failure) 2020-09-29T18:12:56.795+0200: 70.353: [ParNew: 591826K->38051K(613440K), 0.0268153 secs] 605165K->51391K(2029056K), 0.0268851 secs] [Times: user=0.25 sys=0.00, real=0.03 secs] 
2020-09-29T18:12:56.884+0200: 70.441: [GC (Allocation Failure) 2020-09-29T18:12:56.884+0200: 70.441: [ParNew: 583395K->35290K(613440K), 0.0260852 secs] 596735K->48629K(2029056K), 0.0261654 secs] [Times: user=0.13 sys=0.00, real=0.03 secs] 
2020-09-29T18:12:56.967+0200: 70.524: [GC (Allocation Failure) 2020-09-29T18:12:56.967+0200: 70.524: [ParNew: 580634K->36174K(613440K), 0.0224187 secs] 593973K->49514K(2029056K), 0.0224974 secs] [Times: user=0.25 sys=0.00, real=0.02 secs] 
2020-09-29T18:12:57.044+0200: 70.601: [GC (Allocation Failure) 2020-09-29T18:12:57.044+0200: 70.601: [ParNew: 581518K->50326K(613440K), 0.0302455 secs] 594858K->63666K(2029056K), 0.0303251 secs] [Times: user=0.25 sys=0.00, real=0.03 secs] 
2020-09-29T18:12:57.127+0200: 70.684: [GC (Allocation Failure) 2020-09-29T18:12:57.127+0200: 70.684: [ParNew: 595670K->36571K(613440K), 0.0166040 secs] 609010K->49911K(2029056K), 0.0166849 secs] [Times: user=0.13 sys=0.00, real=0.02 secs] 
2020-09-29T18:12:57.212+0200: 70.769: [GC (Allocation Failure) 2020-09-29T18:12:57.212+0200: 70.769: [ParNew: 581915K->33073K(613440K), 0.0256928 secs] 595255K->46413K(2029056K), 0.0257707 secs] [Times: user=0.13 sys=0.00, real=0.03 secs] 
2020-09-29T18:12:57.301+0200: 70.858: [GC (Allocation Failure) 2020-09-29T18:12:57.301+0200: 70.858: [ParNew: 578417K->28733K(613440K), 0.0226204 secs] 591757K->42072K(2029056K), 0.0226940 secs] [Times: user=0.13 sys=0.00, real=0.02 secs] 
2020-09-29T18:12:57.387+0200: 70.945: [GC (Allocation Failure) 2020-09-29T18:12:57.388+0200: 70.945: [ParNew: 574077K->51697K(613440K), 0.0292864 secs] 587416K->65037K(2029056K), 0.0293799 secs] [Times: user=0.25 sys=0.00, real=0.03 secs] 
2020-09-29T18:12:57.475+0200: 71.033: [GC (Allocation Failure) 2020-09-29T18:12:57.475+0200: 71.033: [ParNew: 597041K->39708K(613440K), 0.0278313 secs] 610381K->53048K(2029056K), 0.0279122 secs] [Times: user=0.13 sys=0.00, real=0.03 secs] 
2020-09-29T18:12:57.560+0200: 71.117: [GC (Allocation Failure) 2020-09-29T18:12:57.560+0200: 71.117: [ParNew: 585052K->40284K(613440K), 0.0195032 secs] 598392K->53624K(2029056K), 0.0195974 secs] [Times: user=0.11 sys=0.00, real=0.02 secs] 
2020-09-29T18:12:57.642+0200: 71.199: [GC (Allocation Failure) 2020-09-29T18:12:57.644+0200: 71.201: [ParNew: 585628K->51567K(613440K), 0.0358275 secs] 598968K->64907K(2029056K), 0.0372325 secs] [Times: user=0.34 sys=0.03, real=0.04 secs] 
2020-09-29T18:12:57.732+0200: 71.289: [GC (Allocation Failure) 2020-09-29T18:12:57.732+0200: 71.289: [ParNew: 596911K->41590K(613440K), 0.0259060 secs] 610251K->54930K(2029056K), 0.0259855 secs] [Times: user=0.25 sys=0.00, real=0.03 secs] 
2020-09-29T18:12:57.809+0200: 71.366: [GC (Allocation Failure) 2020-09-29T18:12:57.809+0200: 71.366: [ParNew: 586934K->37338K(613440K), 0.0244339 secs] 600274K->50678K(2029056K), 0.0245095 secs] [Times: user=0.25 sys=0.00, real=0.03 secs] 
2020-09-29T18:12:57.887+0200: 71.444: [GC (Allocation Failure) 2020-09-29T18:12:57.887+0200: 71.444: [ParNew: 582682K->36557K(613440K), 0.0199776 secs] 596022K->49897K(2029056K), 0.0200514 secs] [Times: user=0.13 sys=0.00, real=0.02 secs] 
2020-09-29T18:12:57.966+0200: 71.524: [GC (Allocation Failure) 2020-09-29T18:12:57.966+0200: 71.524: [ParNew: 581901K->50773K(613440K), 0.0297885 secs] 595241K->64113K(2029056K), 0.0298787 secs] [Times: user=0.25 sys=0.00, real=0.03 secs] 
2020-09-29T18:12:58.054+0200: 71.611: [GC (Allocation Failure) 2020-09-29T18:12:58.054+0200: 71.612: [ParNew: 596117K->41858K(613440K), 0.0273950 secs] 609457K->55198K(2029056K), 0.0274704 secs] [Times: user=0.13 sys=0.00, real=0.03 secs] 
2020-09-29T18:12:58.139+0200: 71.696: [GC (Allocation Failure) 2020-09-29T18:12:58.139+0200: 71.696: [ParNew: 587202K->37345K(613440K), 0.0256351 secs] 600542K->50685K(2029056K), 0.0257247 secs] [Times: user=0.25 sys=0.00, real=0.03 secs] 
2020-09-29T18:12:58.212+0200: 71.769: [GC (Allocation Failure) 2020-09-29T18:12:58.212+0200: 71.769: [ParNew: 582689K->32980K(613440K), 0.0237715 secs] 596029K->46320K(2029056K), 0.0238469 secs] [Times: user=0.13 sys=0.00, real=0.02 secs] 
2020-09-29T18:12:58.295+0200: 71.852: [GC (Allocation Failure) 2020-09-29T18:12:58.295+0200: 71.852: [ParNew: 578324K->53079K(613440K), 0.0320515 secs] 591664K->66419K(2029056K), 0.0321470 secs] [Times: user=0.25 sys=0.00, real=0.03 secs] 
2020-09-29T18:12:58.378+0200: 71.935: [GC (Allocation Failure) 2020-09-29T18:12:58.378+0200: 71.935: [ParNew: 598423K->40546K(613440K), 0.0193762 secs] 611763K->53885K(2029056K), 0.0194699 secs] [Times: user=0.25 sys=0.00, real=0.02 secs] 
2020-09-29T18:12:58.464+0200: 72.022: [GC (Allocation Failure) 2020-09-29T18:12:58.464+0200: 72.022: [ParNew: 585890K->53701K(613440K), 0.0366481 secs] 599229K->67041K(2029056K), 0.0367263 secs] [Times: user=0.25 sys=0.00, real=0.04 secs] 
2020-09-29T18:12:58.555+0200: 72.112: [GC (Allocation Failure) 2020-09-29T18:12:58.555+0200: 72.112: [ParNew: 599045K->68096K(613440K), 0.0368825 secs] 612385K->81735K(2029056K), 0.0369751 secs] [Times: user=0.25 sys=0.00, real=0.04 secs] 
2020-09-29T18:12:58.643+0200: 72.200: [GC (Allocation Failure) 2020-09-29T18:12:58.643+0200: 72.200: [ParNew: 613440K->53900K(613440K), 0.0219791 secs] 627079K->67539K(2029056K), 0.0220401 secs] [Times: user=0.23 sys=0.00, real=0.02 secs] 
2020-09-29T18:12:58.716+0200: 72.273: [GC (Allocation Failure) 2020-09-29T18:12:58.716+0200: 72.273: [ParNew: 599244K->49941K(613440K), 0.0216182 secs] 612883K->63580K(2029056K), 0.0216728 secs] [Times: user=0.13 sys=0.00, real=0.02 secs] 
2020-09-29T18:12:58.785+0200: 72.342: [GC (Allocation Failure) 2020-09-29T18:12:58.785+0200: 72.342: [ParNew: 595285K->39286K(613440K), 0.0112496 secs] 608924K->52925K(2029056K), 0.0113251 secs] [Times: user=0.13 sys=0.00, real=0.01 secs] 
2020-09-29T18:12:58.844+0200: 72.401: [GC (Allocation Failure) 2020-09-29T18:12:58.844+0200: 72.401: [ParNew: 584630K->33334K(613440K), 0.0148944 secs] 598269K->46973K(2029056K), 0.0149539 secs] [Times: user=0.13 sys=0.00, real=0.01 secs] 
2020-09-29T18:12:58.906+0200: 72.463: [GC (Allocation Failure) 2020-09-29T18:12:58.906+0200: 72.463: [ParNew: 578678K->44744K(613440K), 0.0192830 secs] 592317K->58384K(2029056K), 0.0193852 secs] [Times: user=0.13 sys=0.00, real=0.02 secs] 
2020-09-29T18:12:58.978+0200: 72.535: [GC (Allocation Failure) 2020-09-29T18:12:58.978+0200: 72.535: [ParNew: 590088K->40373K(613440K), 0.0176660 secs] 603728K->54013K(2029056K), 0.0177186 secs] [Times: user=0.13 sys=0.00, real=0.02 secs] 
2020-09-29T18:12:59.044+0200: 72.601: [GC (Allocation Failure) 2020-09-29T18:12:59.044+0200: 72.601: [ParNew: 585717K->33152K(613440K), 0.0108323 secs] 599357K->46791K(2029056K), 0.0109134 secs] [Times: user=0.13 sys=0.00, real=0.01 secs] 
2020-09-29T18:12:59.103+0200: 72.660: [GC (Allocation Failure) 2020-09-29T18:12:59.103+0200: 72.660: [ParNew: 578496K->32347K(613440K), 0.0160244 secs] 592135K->45986K(2029056K), 0.0160802 secs] [Times: user=0.13 sys=0.00, real=0.02 secs] 
2020-09-29T18:12:59.166+0200: 72.723: [GC (Allocation Failure) 2020-09-29T18:12:59.166+0200: 72.723: [ParNew: 577691K->52077K(613440K), 0.0188341 secs] 591330K->65717K(2029056K), 0.0188946 secs] [Times: user=0.13 sys=0.00, real=0.02 secs] 
2020-09-29T18:12:59.234+0200: 72.791: [GC (Allocation Failure) 2020-09-29T18:12:59.234+0200: 72.791: [ParNew: 597421K->44779K(613440K), 0.0189794 secs] 611061K->58419K(2029056K), 0.0190549 secs] [Times: user=0.13 sys=0.00, real=0.02 secs] 
2020-09-29T18:12:59.301+0200: 72.858: [GC (Allocation Failure) 2020-09-29T18:12:59.301+0200: 72.858: [ParNew: 590123K->44517K(613440K), 0.0182723 secs] 603763K->58156K(2029056K), 0.0183360 secs] [Times: user=0.13 sys=0.00, real=0.02 secs] 
2020-09-29T18:12:59.367+0200: 72.924: [GC (Allocation Failure) 2020-09-29T18:12:59.367+0200: 72.924: [ParNew: 589861K->36240K(613440K), 0.0111500 secs] 603500K->49879K(2029056K), 0.0112067 secs] [Times: user=0.00 sys=0.00, real=0.01 secs] 
2020-09-29T18:12:59.424+0200: 72.981: [GC (Allocation Failure) 2020-09-29T18:12:59.424+0200: 72.981: [ParNew: 581584K->49523K(613440K), 0.0235044 secs] 595223K->63162K(2029056K), 0.0236000 secs] [Times: user=0.25 sys=0.00, real=0.02 secs] 
2020-09-29T18:12:59.495+0200: 73.052: [GC (Allocation Failure) 2020-09-29T18:12:59.495+0200: 73.052: [ParNew: 594867K->44673K(613440K), 0.0160196 secs] 608506K->58312K(2029056K), 0.0160941 secs] [Times: user=0.13 sys=0.00, real=0.02 secs] 
2020-09-29T18:12:59.562+0200: 73.120: [GC (Allocation Failure) 2020-09-29T18:12:59.562+0200: 73.120: [ParNew: 590017K->34306K(613440K), 0.0155760 secs] 603656K->47945K(2029056K), 0.0156461 secs] [Times: user=0.11 sys=0.00, real=0.02 secs] 
2020-09-29T18:12:59.629+0200: 73.186: [GC (Allocation Failure) 2020-09-29T18:12:59.629+0200: 73.186: [ParNew: 579650K->34138K(613440K), 0.0159661 secs] 593289K->47778K(2029056K), 0.0160528 secs] [Times: user=0.11 sys=0.00, real=0.02 secs] 
2020-09-29T18:12:59.695+0200: 73.252: [GC (Allocation Failure) 2020-09-29T18:12:59.695+0200: 73.252: [ParNew: 579482K->52679K(613440K), 0.0191492 secs] 593122K->66318K(2029056K), 0.0192286 secs] [Times: user=0.13 sys=0.00, real=0.02 secs] 
2020-09-29T18:12:59.763+0200: 73.320: [GC (Allocation Failure) 2020-09-29T18:12:59.763+0200: 73.320: [ParNew: 598023K->34950K(613440K), 0.0126169 secs] 611662K->48589K(2029056K), 0.0126979 secs] [Times: user=0.13 sys=0.00, real=0.01 secs] 
2020-09-29T18:12:59.823+0200: 73.380: [GC (Allocation Failure) 2020-09-29T18:12:59.823+0200: 73.380: [ParNew: 580294K->47352K(613440K), 0.0212139 secs] 593933K->60991K(2029056K), 0.0212864 secs] [Times: user=0.13 sys=0.00, real=0.02 secs] 
2020-09-29T18:12:59.892+0200: 73.449: [GC (Allocation Failure) 2020-09-29T18:12:59.892+0200: 73.449: [ParNew: 592696K->60276K(613440K), 0.0221038 secs] 606335K->73916K(2029056K), 0.0221630 secs] [Times: user=0.23 sys=0.00, real=0.02 secs] 
2020-09-29T18:12:59.961+0200: 73.518: [GC (Allocation Failure) 2020-09-29T18:12:59.961+0200: 73.518: [ParNew: 605620K->41563K(613440K), 0.0152341 secs] 619260K->55202K(2029056K), 0.0152964 secs] [Times: user=0.13 sys=0.00, real=0.02 secs] 
2020-09-29T18:13:00.025+0200: 73.582: [GC (Allocation Failure) 2020-09-29T18:13:00.025+0200: 73.582: [ParNew: 586907K->36189K(613440K), 0.0156662 secs] 600546K->49829K(2029056K), 0.0157321 secs] [Times: user=0.13 sys=0.00, real=0.02 secs] 
2020-09-29T18:13:00.091+0200: 73.648: [GC (Allocation Failure) 2020-09-29T18:13:00.091+0200: 73.648: [ParNew: 581533K->53191K(613440K), 0.0212124 secs] 595173K->66830K(2029056K), 0.0212739 secs] [Times: user=0.11 sys=0.00, real=0.02 secs] 
2020-09-29T18:13:00.161+0200: 73.718: [GC (Allocation Failure) 2020-09-29T18:13:00.161+0200: 73.718: [ParNew: 598535K->39411K(613440K), 0.0180339 secs] 612174K->53050K(2029056K), 0.0180981 secs] [Times: user=0.13 sys=0.00, real=0.02 secs] 
2020-09-29T18:13:00.226+0200: 73.783: [GC (Allocation Failure) 2020-09-29T18:13:00.226+0200: 73.783: [ParNew: 584755K->40733K(613440K), 0.0166731 secs] 598394K->54373K(2029056K), 0.0167344 secs] [Times: user=0.13 sys=0.00, real=0.02 secs] 
2020-09-29T18:13:00.291+0200: 73.848: [GC (Allocation Failure) 2020-09-29T18:13:00.291+0200: 73.848: [ParNew: 586077K->60000K(613440K), 0.0217703 secs] 599717K->73639K(2029056K), 0.0218471 secs] [Times: user=0.13 sys=0.00, real=0.02 secs] 
2020-09-29T18:13:00.360+0200: 73.917: [GC (Allocation Failure) 2020-09-29T18:13:00.360+0200: 73.917: [ParNew: 605344K->54171K(613440K), 0.0208864 secs] 618983K->67810K(2029056K), 0.0220558 secs] [Times: user=0.25 sys=0.00, real=0.02 secs] 
2020-09-29T18:13:00.429+0200: 73.986: [GC (Allocation Failure) 2020-09-29T18:13:00.429+0200: 73.986: [ParNew: 599515K->54162K(613440K), 0.0202448 secs] 613154K->67802K(2029056K), 0.0203013 secs] [Times: user=0.13 sys=0.00, real=0.02 secs] 
2020-09-29T18:13:00.498+0200: 74.055: [GC (Allocation Failure) 2020-09-29T18:13:00.498+0200: 74.055: [ParNew: 599506K->68096K(613440K), 0.0260109 secs] 613146K->83585K(2029056K), 0.0260676 secs] [Times: user=0.25 sys=0.00, real=0.03 secs] 
2020-09-29T18:13:00.570+0200: 74.128: [GC (Allocation Failure) 2020-09-29T18:13:00.570+0200: 74.128: [ParNew: 613440K->45401K(613440K), 0.0122883 secs] 628929K->60890K(2029056K), 0.0123646 secs] [Times: user=0.13 sys=0.00, real=0.01 secs] 
2020-09-29T18:13:00.631+0200: 74.188: [GC (Allocation Failure) 2020-09-29T18:13:00.631+0200: 74.188: [ParNew: 590745K->57833K(613440K), 0.0226496 secs] 606234K->73323K(2029056K), 0.0227034 secs] [Times: user=0.13 sys=0.00, real=0.02 secs] 
2020-09-29T18:13:00.703+0200: 74.260: [GC (Allocation Failure) 2020-09-29T18:13:00.703+0200: 74.260: [ParNew: 603177K->63334K(613440K), 0.0208558 secs] 618667K->78823K(2029056K), 0.0209225 secs] [Times: user=0.25 sys=0.00, real=0.02 secs] 
2020-09-29T18:13:00.774+0200: 74.332: [GC (Allocation Failure) 2020-09-29T18:13:00.774+0200: 74.332: [ParNew: 608678K->44396K(613440K), 0.0151755 secs] 624167K->59886K(2029056K), 0.0152317 secs] [Times: user=0.13 sys=0.00, real=0.02 secs] 
2020-09-29T18:13:00.842+0200: 74.399: [GC (Allocation Failure) 2020-09-29T18:13:00.842+0200: 74.399: [ParNew: 589740K->63610K(613440K), 0.0201823 secs] 605230K->79100K(2029056K), 0.0202523 secs] [Times: user=0.13 sys=0.00, real=0.02 secs] 
2020-09-29T18:13:00.911+0200: 74.469: [GC (Allocation Failure) 2020-09-29T18:13:00.911+0200: 74.469: [ParNew: 608954K->44999K(613440K), 0.0138903 secs] 624444K->60488K(2029056K), 0.0139529 secs] [Times: user=0.00 sys=0.00, real=0.01 secs] 
2020-09-29T18:13:00.974+0200: 74.531: [GC (Allocation Failure) 2020-09-29T18:13:00.974+0200: 74.531: [ParNew: 590343K->42385K(613440K), 0.0182486 secs] 605832K->57875K(2029056K), 0.0183066 secs] [Times: user=0.13 sys=0.00, real=0.02 secs] 
2020-09-29T18:13:01.039+0200: 74.597: [GC (Allocation Failure) 2020-09-29T18:13:01.040+0200: 74.597: [ParNew: 587729K->38562K(613440K), 0.0115535 secs] 603219K->54052K(2029056K), 0.0116179 secs] [Times: user=0.13 sys=0.00, real=0.01 secs] 
2020-09-29T18:13:01.099+0200: 74.656: [GC (Allocation Failure) 2020-09-29T18:13:01.099+0200: 74.656: [ParNew: 583906K->49174K(613440K), 0.0226524 secs] 599396K->64663K(2029056K), 0.0227067 secs] [Times: user=0.13 sys=0.00, real=0.02 secs] 
2020-09-29T18:13:01.171+0200: 74.729: [GC (Allocation Failure) 2020-09-29T18:13:01.171+0200: 74.729: [ParNew: 594518K->65214K(613440K), 0.0206836 secs] 610007K->80704K(2029056K), 0.0207466 secs] [Times: user=0.25 sys=0.00, real=0.02 secs] 
2020-09-29T18:13:01.238+0200: 74.796: [GC (Allocation Failure) 2020-09-29T18:13:01.239+0200: 74.796: [ParNew: 610558K->51895K(613440K), 0.0188158 secs] 626048K->67385K(2029056K), 0.0188787 secs] [Times: user=0.13 sys=0.02, real=0.02 secs] 
2020-09-29T18:13:01.306+0200: 74.863: [GC (Allocation Failure) 2020-09-29T18:13:01.306+0200: 74.863: [ParNew: 597239K->50532K(613440K), 0.0183439 secs] 612729K->66021K(2029056K), 0.0184104 secs] [Times: user=0.13 sys=0.00, real=0.02 secs] 
2020-09-29T18:13:01.372+0200: 74.929: [GC (Allocation Failure) 2020-09-29T18:13:01.372+0200: 74.929: [ParNew: 595876K->38218K(613440K), 0.0111809 secs] 611365K->53708K(2029056K), 0.0112358 secs] [Times: user=0.13 sys=0.00, real=0.01 secs] 
2020-09-29T18:13:01.430+0200: 74.988: [GC (Allocation Failure) 2020-09-29T18:13:01.430+0200: 74.988: [ParNew: 583562K->22775K(613440K), 0.0100563 secs] 599052K->38264K(2029056K), 0.0101111 secs] [Times: user=0.00 sys=0.00, real=0.01 secs] 
2020-09-29T18:13:01.494+0200: 75.051: [GC (Allocation Failure) 2020-09-29T18:13:01.494+0200: 75.051: [ParNew: 568119K->53155K(613440K), 0.0208603 secs] 583608K->68644K(2029056K), 0.0209431 secs] [Times: user=0.13 sys=0.00, real=0.02 secs] 
2020-09-29T18:13:01.562+0200: 75.120: [GC (Allocation Failure) 2020-09-29T18:13:01.562+0200: 75.120: [ParNew: 598499K->38393K(613440K), 0.0147015 secs] 613988K->53882K(2029056K), 0.0147947 secs] [Times: user=0.13 sys=0.00, real=0.01 secs] 
2020-09-29T18:13:01.627+0200: 75.185: [GC (Allocation Failure) 2020-09-29T18:13:01.627+0200: 75.185: [ParNew: 583737K->53066K(613440K), 0.0197656 secs] 599226K->68555K(2029056K), 0.0198280 secs] [Times: user=0.23 sys=0.00, real=0.02 secs] 
2020-09-29T18:13:01.698+0200: 75.255: [GC (Allocation Failure) 2020-09-29T18:13:01.698+0200: 75.255: [ParNew: 598410K->38128K(613440K), 0.0127143 secs] 613899K->53617K(2029056K), 0.0127681 secs] [Times: user=0.13 sys=0.00, real=0.01 secs] 
2020-09-29T18:13:01.764+0200: 75.321: [GC (Allocation Failure) 2020-09-29T18:13:01.764+0200: 75.321: [ParNew: 583472K->37117K(613440K), 0.0171007 secs] 598961K->52606K(2029056K), 0.0171683 secs] [Times: user=0.13 sys=0.00, real=0.02 secs] 
2020-09-29T18:13:01.832+0200: 75.389: [GC (Allocation Failure) 2020-09-29T18:13:01.832+0200: 75.389: [ParNew: 582461K->56693K(613440K), 0.0217962 secs] 597950K->72182K(2029056K), 0.0218557 secs] [Times: user=0.13 sys=0.00, real=0.02 secs] 
2020-09-29T18:13:01.903+0200: 75.460: [GC (Allocation Failure) 2020-09-29T18:13:01.903+0200: 75.460: [ParNew: 602037K->47308K(613440K), 0.0159484 secs] 617526K->62798K(2029056K), 0.0160054 secs] [Times: user=0.13 sys=0.00, real=0.02 secs] 
2020-09-29T18:13:01.968+0200: 75.526: [GC (Allocation Failure) 2020-09-29T18:13:01.968+0200: 75.526: [ParNew: 592652K->41358K(613440K), 0.0157242 secs] 608142K->56848K(2029056K), 0.0157829 secs] [Times: user=0.13 sys=0.00, real=0.02 secs] 
2020-09-29T18:13:02.035+0200: 75.592: [GC (Allocation Failure) 2020-09-29T18:13:02.035+0200: 75.592: [ParNew: 586702K->36088K(613440K), 0.0137270 secs] 602192K->51578K(2029056K), 0.0137972 secs] [Times: user=0.13 sys=0.00, real=0.01 secs] 
2020-09-29T18:13:02.100+0200: 75.658: [GC (Allocation Failure) 2020-09-29T18:13:02.100+0200: 75.658: [ParNew: 581432K->29512K(613440K), 0.0143267 secs] 596922K->45002K(2029056K), 0.0143846 secs] [Times: user=0.13 sys=0.00, real=0.02 secs] 
2020-09-29T18:13:02.162+0200: 75.720: [GC (Allocation Failure) 2020-09-29T18:13:02.163+0200: 75.720: [ParNew: 574856K->67293K(613440K), 0.0236159 secs] 590346K->82783K(2029056K), 0.0236925 secs] [Times: user=0.13 sys=0.00, real=0.02 secs] 
2020-09-29T18:13:02.233+0200: 75.790: [GC (Allocation Failure) 2020-09-29T18:13:02.233+0200: 75.790: [ParNew: 612637K->42927K(613440K), 0.0111010 secs] 628127K->58417K(2029056K), 0.0111578 secs] [Times: user=0.13 sys=0.00, real=0.01 secs] 
2020-09-29T18:13:02.290+0200: 75.847: [GC (Allocation Failure) 2020-09-29T18:13:02.290+0200: 75.847: [ParNew: 588271K->19387K(613440K), 0.0078151 secs] 603761K->34877K(2029056K), 0.0078717 secs] [Times: user=0.00 sys=0.00, real=0.01 secs] 
2020-09-29T18:13:02.349+0200: 75.907: [GC (Allocation Failure) 2020-09-29T18:13:02.349+0200: 75.907: [ParNew: 564731K->41013K(613440K), 0.0175021 secs] 580221K->56503K(2029056K), 0.0175571 secs] [Times: user=0.13 sys=0.00, real=0.02 secs] 
2020-09-29T18:13:02.415+0200: 75.972: [GC (Allocation Failure) 2020-09-29T18:13:02.415+0200: 75.972: [ParNew: 586357K->54903K(613440K), 0.0221614 secs] 601847K->70393K(2029056K), 0.0222337 secs] [Times: user=0.13 sys=0.00, real=0.02 secs] 
2020-09-29T18:13:02.486+0200: 76.043: [GC (Allocation Failure) 2020-09-29T18:13:02.486+0200: 76.043: [ParNew: 600247K->40783K(613440K), 0.0118114 secs] 615737K->56273K(2029056K), 0.0118850 secs] [Times: user=0.13 sys=0.00, real=0.01 secs] 
2020-09-29T18:13:02.556+0200: 76.114: [GC (Allocation Failure) 2020-09-29T18:13:02.556+0200: 76.114: [ParNew: 586127K->20874K(613440K), 0.0094517 secs] 601617K->36364K(2029056K), 0.0095228 secs] [Times: user=0.00 sys=0.00, real=0.01 secs] 
2020-09-29T18:13:02.620+0200: 76.177: [GC (Allocation Failure) 2020-09-29T18:13:02.620+0200: 76.178: [ParNew: 566218K->45103K(613440K), 0.0214494 secs] 581708K->60592K(2029056K), 0.0215191 secs] [Times: user=0.13 sys=0.00, real=0.02 secs] 
2020-09-29T18:13:02.688+0200: 76.245: [GC (Allocation Failure) 2020-09-29T18:13:02.688+0200: 76.246: [ParNew: 590447K->59455K(613440K), 0.0183593 secs] 605936K->74944K(2029056K), 0.0184258 secs] [Times: user=0.14 sys=0.00, real=0.02 secs] 
2020-09-29T18:13:02.756+0200: 76.314: [GC (Allocation Failure) 2020-09-29T18:13:02.756+0200: 76.314: [ParNew: 604799K->46418K(613440K), 0.0177303 secs] 620288K->61908K(2029056K), 0.0178020 secs] [Times: user=0.13 sys=0.00, real=0.02 secs] 
2020-09-29T18:13:02.823+0200: 76.380: [GC (Allocation Failure) 2020-09-29T18:13:02.823+0200: 76.380: [ParNew: 591762K->43817K(613440K), 0.0179754 secs] 607252K->59306K(2029056K), 0.0180322 secs] [Times: user=0.13 sys=0.00, real=0.02 secs] 
2020-09-29T18:13:02.888+0200: 76.446: [GC (Allocation Failure) 2020-09-29T18:13:02.888+0200: 76.446: [ParNew: 589161K->43414K(613440K), 0.0171787 secs] 604650K->58903K(2029056K), 0.0172432 secs] [Times: user=0.13 sys=0.00, real=0.02 secs] 
2020-09-29T18:13:02.958+0200: 76.515: [GC (Allocation Failure) 2020-09-29T18:13:02.958+0200: 76.515: [ParNew: 588758K->38949K(613440K), 0.0162689 secs] 604247K->54439K(2029056K), 0.0163587 secs] [Times: user=0.13 sys=0.00, real=0.02 secs] 
2020-09-29T18:13:03.030+0200: 76.587: [GC (Allocation Failure) 2020-09-29T18:13:03.030+0200: 76.587: [ParNew: 584293K->52466K(613440K), 0.0208757 secs] 599783K->67955K(2029056K), 0.0209504 secs] [Times: user=0.13 sys=0.01, real=0.02 secs] 
2020-09-29T18:13:03.103+0200: 76.659: [GC (Allocation Failure) 2020-09-29T18:13:03.103+0200: 76.660: [ParNew: 597810K->41576K(613440K), 0.0129330 secs] 613299K->57066K(2029056K), 0.0129942 secs] [Times: user=0.13 sys=0.00, real=0.01 secs] 
2020-09-29T18:13:03.164+0200: 76.721: [GC (Allocation Failure) 2020-09-29T18:13:03.164+0200: 76.722: [ParNew: 586920K->40598K(613440K), 0.0163971 secs] 602410K->56088K(2029056K), 0.0164781 secs] [Times: user=0.13 sys=0.00, real=0.02 secs] 
2020-09-29T18:13:03.232+0200: 76.790: [GC (Allocation Failure) 2020-09-29T18:13:03.232+0200: 76.790: [ParNew: 585942K->47405K(613440K), 0.0155476 secs] 601432K->62894K(2029056K), 0.0156196 secs] [Times: user=0.13 sys=0.00, real=0.02 secs] 
2020-09-29T18:13:03.299+0200: 76.856: [GC (Allocation Failure) 2020-09-29T18:13:03.299+0200: 76.856: [ParNew: 592749K->50592K(613440K), 0.0198681 secs] 608238K->66082K(2029056K), 0.0199377 secs] [Times: user=0.25 sys=0.00, real=0.02 secs] 
2020-09-29T18:13:03.366+0200: 76.924: [GC (Allocation Failure) 2020-09-29T18:13:03.366+0200: 76.924: [ParNew: 595936K->68096K(613440K), 0.0244095 secs] 611426K->83585K(2029056K), 0.0244753 secs] [Times: user=0.13 sys=0.00, real=0.03 secs] 
2020-09-29T18:13:03.437+0200: 76.995: [GC (Allocation Failure) 2020-09-29T18:13:03.437+0200: 76.995: [ParNew: 612777K->46548K(613440K), 0.0116563 secs] 628266K->62038K(2029056K), 0.0117129 secs] [Times: user=0.13 sys=0.00, real=0.01 secs] 
2020-09-29T18:13:03.495+0200: 77.053: [GC (Allocation Failure) 2020-09-29T18:13:03.496+0200: 77.053: [ParNew: 591892K->37011K(613440K), 0.0149917 secs] 607382K->52501K(2029056K), 0.0150864 secs] [Times: user=0.13 sys=0.00, real=0.02 secs] 
2020-09-29T18:13:03.558+0200: 77.115: [GC (Allocation Failure) 2020-09-29T18:13:03.558+0200: 77.115: [ParNew: 582355K->29467K(613440K), 0.0133137 secs] 597845K->44957K(2029056K), 0.0133949 secs] [Times: user=0.13 sys=0.00, real=0.01 secs] 
2020-09-29T18:13:03.631+0200: 77.188: [GC (Allocation Failure) 2020-09-29T18:13:03.631+0200: 77.188: [ParNew: 574811K->48734K(613440K), 0.0190317 secs] 590301K->64224K(2029056K), 0.0190907 secs] [Times: user=0.13 sys=0.00, real=0.02 secs] 
2020-09-29T18:13:03.698+0200: 77.256: [GC (Allocation Failure) 2020-09-29T18:13:03.698+0200: 77.256: [ParNew: 594078K->41309K(613440K), 0.0176020 secs] 609568K->56799K(2029056K), 0.0176596 secs] [Times: user=0.13 sys=0.00, real=0.02 secs] 
2020-09-29T18:13:03.766+0200: 77.323: [GC (Allocation Failure) 2020-09-29T18:13:03.766+0200: 77.323: [ParNew: 586653K->37775K(613440K), 0.0170742 secs] 602143K->53265K(2029056K), 0.0171565 secs] [Times: user=0.13 sys=0.00, real=0.02 secs] 
2020-09-29T18:13:03.830+0200: 77.387: [GC (Allocation Failure) 2020-09-29T18:13:03.830+0200: 77.387: [ParNew: 583119K->68096K(613440K), 0.0255453 secs] 598609K->83585K(2029056K), 0.0256004 secs] [Times: user=0.25 sys=0.00, real=0.03 secs] 
2020-09-29T18:13:03.902+0200: 77.459: [GC (Allocation Failure) 2020-09-29T18:13:03.902+0200: 77.459: [ParNew: 613440K->51093K(613440K), 0.0140090 secs] 628929K->66583K(2029056K), 0.0140811 secs] [Times: user=0.13 sys=0.00, real=0.01 secs] 
2020-09-29T18:13:03.969+0200: 77.526: [GC (Allocation Failure) 2020-09-29T18:13:03.969+0200: 77.526: [ParNew: 596437K->28128K(613440K), 0.0135944 secs] 611927K->43618K(2029056K), 0.0136874 secs] [Times: user=0.13 sys=0.00, real=0.01 secs] 
2020-09-29T18:13:04.030+0200: 77.587: [GC (Allocation Failure) 2020-09-29T18:13:04.030+0200: 77.587: [ParNew: 573472K->26509K(613440K), 0.0126793 secs] 588962K->41999K(2029056K), 0.0127364 secs] [Times: user=0.13 sys=0.00, real=0.01 secs] 
2020-09-29T18:13:04.090+0200: 77.647: [GC (Allocation Failure) 2020-09-29T18:13:04.090+0200: 77.647: [ParNew: 571853K->44178K(613440K), 0.0166226 secs] 587343K->59667K(2029056K), 0.0166902 secs] [Times: user=0.13 sys=0.00, real=0.02 secs] 
2020-09-29T18:13:04.153+0200: 77.710: [GC (Allocation Failure) 2020-09-29T18:13:04.153+0200: 77.710: [ParNew: 589522K->32493K(613440K), 0.0087474 secs] 605011K->47982K(2029056K), 0.0088019 secs] [Times: user=0.13 sys=0.00, real=0.01 secs] 
2020-09-29T18:13:04.208+0200: 77.766: [GC (Allocation Failure) 2020-09-29T18:13:04.208+0200: 77.766: [ParNew: 577837K->31423K(613440K), 0.0159803 secs] 593326K->46913K(2029056K), 0.0160445 secs] [Times: user=0.11 sys=0.00, real=0.02 secs] 
2020-09-29T18:13:04.272+0200: 77.829: [GC (Allocation Failure) 2020-09-29T18:13:04.272+0200: 77.829: [ParNew: 576767K->43663K(613440K), 0.0196080 secs] 592257K->59153K(2029056K), 0.0196631 secs] [Times: user=0.13 sys=0.00, real=0.02 secs] 
2020-09-29T18:13:04.351+0200: 77.908: [GC (Allocation Failure) 2020-09-29T18:13:04.351+0200: 77.908: [ParNew: 589007K->51380K(613440K), 0.0182621 secs] 604497K->66869K(2029056K), 0.0183169 secs] [Times: user=0.13 sys=0.00, real=0.02 secs] 
2020-09-29T18:13:04.416+0200: 77.973: [GC (Allocation Failure) 2020-09-29T18:13:04.416+0200: 77.973: [ParNew: 596724K->40858K(613440K), 0.0121246 secs] 612213K->56348K(2029056K), 0.0121837 secs] [Times: user=0.13 sys=0.00, real=0.01 secs] 
2020-09-29T18:13:04.484+0200: 78.042: [GC (Allocation Failure) 2020-09-29T18:13:04.484+0200: 78.042: [ParNew: 586202K->39702K(613440K), 0.0198426 secs] 601692K->55191K(2029056K), 0.0199319 secs] [Times: user=0.22 sys=0.00, real=0.02 secs] 
2020-09-29T18:13:04.555+0200: 78.113: [GC (Allocation Failure) 2020-09-29T18:13:04.555+0200: 78.113: [ParNew: 585046K->48504K(613440K), 0.0168276 secs] 600535K->63993K(2029056K), 0.0169166 secs] [Times: user=0.13 sys=0.00, real=0.02 secs] 
2020-09-29T18:13:04.621+0200: 78.179: [GC (Allocation Failure) 2020-09-29T18:13:04.621+0200: 78.179: [ParNew: 593848K->31094K(613440K), 0.0106440 secs] 609337K->46584K(2029056K), 0.0107042 secs] [Times: user=0.13 sys=0.00, real=0.01 secs] 
2020-09-29T18:13:04.684+0200: 78.241: [GC (Allocation Failure) 2020-09-29T18:13:04.684+0200: 78.241: [ParNew: 576438K->43174K(613440K), 0.0194656 secs] 591928K->58664K(2029056K), 0.0195299 secs] [Times: user=0.13 sys=0.00, real=0.02 secs] 
2020-09-29T18:13:04.752+0200: 78.310: [GC (Allocation Failure) 2020-09-29T18:13:04.752+0200: 78.310: [ParNew: 588518K->60633K(613440K), 0.0194966 secs] 604008K->76122K(2029056K), 0.0195806 secs] [Times: user=0.25 sys=0.00, real=0.02 secs] 
2020-09-29T18:13:04.818+0200: 78.376: [GC (Allocation Failure) 2020-09-29T18:13:04.818+0200: 78.376: [ParNew: 605977K->28388K(613440K), 0.0113687 secs] 621466K->43878K(2029056K), 0.0114364 secs] [Times: user=0.00 sys=0.00, real=0.01 secs] 
2020-09-29T18:13:04.882+0200: 78.440: [GC (Allocation Failure) 2020-09-29T18:13:04.882+0200: 78.440: [ParNew: 573732K->59576K(613440K), 0.0229439 secs] 589222K->75066K(2029056K), 0.0230040 secs] [Times: user=0.13 sys=0.00, real=0.02 secs] 
2020-09-29T18:13:04.952+0200: 78.509: [GC (Allocation Failure) 2020-09-29T18:13:04.952+0200: 78.509: [ParNew: 604920K->51993K(613440K), 0.0166261 secs] 620410K->67483K(2029056K), 0.0166803 secs] [Times: user=0.13 sys=0.00, real=0.02 secs] 
2020-09-29T18:13:05.018+0200: 78.575: [GC (Allocation Failure) 2020-09-29T18:13:05.018+0200: 78.575: [ParNew: 597337K->40278K(613440K), 0.0162410 secs] 612827K->55767K(2029056K), 0.0163002 secs] [Times: user=0.13 sys=0.00, real=0.02 secs] 
2020-09-29T18:13:05.083+0200: 78.640: [GC (Allocation Failure) 2020-09-29T18:13:05.083+0200: 78.640: [ParNew: 585622K->62136K(613440K), 0.0205711 secs] 601111K->77626K(2029056K), 0.0206277 secs] [Times: user=0.13 sys=0.00, real=0.02 secs] 
2020-09-29T18:13:05.150+0200: 78.708: [GC (Allocation Failure) 2020-09-29T18:13:05.150+0200: 78.708: [ParNew: 607480K->46331K(613440K), 0.0147458 secs] 622970K->61821K(2029056K), 0.0148092 secs] [Times: user=0.13 sys=0.00, real=0.01 secs] 
2020-09-29T18:13:05.212+0200: 78.770: [GC (Allocation Failure) 2020-09-29T18:13:05.212+0200: 78.770: [ParNew: 591675K->45779K(613440K), 0.0186180 secs] 607165K->61269K(2029056K), 0.0186735 secs] [Times: user=0.13 sys=0.00, real=0.02 secs] 
2020-09-29T18:13:05.280+0200: 78.838: [GC (Allocation Failure) 2020-09-29T18:13:05.280+0200: 78.838: [ParNew: 591123K->58974K(613440K), 0.0177014 secs] 606613K->74463K(2029056K), 0.0177691 secs] [Times: user=0.13 sys=0.00, real=0.02 secs] 
2020-09-29T18:13:05.348+0200: 78.905: [GC (Allocation Failure) 2020-09-29T18:13:05.348+0200: 78.905: [ParNew: 604318K->26510K(613440K), 0.0109457 secs] 619807K->42000K(2029056K), 0.0110050 secs] [Times: user=0.00 sys=0.00, real=0.01 secs] 
2020-09-29T18:13:05.411+0200: 78.968: [GC (Allocation Failure) 2020-09-29T18:13:05.411+0200: 78.968: [ParNew: 571854K->38676K(613440K), 0.0161834 secs] 587344K->54166K(2029056K), 0.0162476 secs] [Times: user=0.13 sys=0.00, real=0.02 secs] 
2020-09-29T18:13:05.476+0200: 79.033: [GC (Allocation Failure) 2020-09-29T18:13:05.476+0200: 79.033: [ParNew: 584020K->68096K(613440K), 0.0255825 secs] 599510K->83869K(2029056K), 0.0256338 secs] [Times: user=0.13 sys=0.00, real=0.02 secs] 
2020-09-29T18:13:05.550+0200: 79.107: [GC (Allocation Failure) 2020-09-29T18:13:05.550+0200: 79.107: [ParNew: 613440K->47777K(613440K), 0.0145576 secs] 629213K->63551K(2029056K), 0.0146203 secs] [Times: user=0.13 sys=0.00, real=0.01 secs] 
2020-09-29T18:13:05.613+0200: 79.171: [GC (Allocation Failure) 2020-09-29T18:13:05.613+0200: 79.171: [ParNew: 593121K->44385K(613440K), 0.0195047 secs] 608895K->60159K(2029056K), 0.0195727 secs] [Times: user=0.17 sys=0.02, real=0.02 secs] 
2020-09-29T18:13:05.683+0200: 79.239: [GC (Allocation Failure) 2020-09-29T18:13:05.683+0200: 79.239: [ParNew: 589729K->42026K(613440K), 0.0177744 secs] 605503K->57799K(2029056K), 0.0178419 secs] [Times: user=0.13 sys=0.00, real=0.02 secs] 
2020-09-29T18:13:05.748+0200: 79.305: [GC (Allocation Failure) 2020-09-29T18:13:05.748+0200: 79.305: [ParNew: 587370K->34384K(613440K), 0.0116965 secs] 603143K->50158K(2029056K), 0.0117503 secs] [Times: user=0.13 sys=0.00, real=0.01 secs] 
2020-09-29T18:13:05.811+0200: 79.367: [GC (Allocation Failure) 2020-09-29T18:13:05.811+0200: 79.367: [ParNew: 579728K->51979K(613440K), 0.0214794 secs] 595502K->67753K(2029056K), 0.0284650 secs] [Times: user=0.13 sys=0.00, real=0.03 secs] 
2020-09-29T18:13:05.890+0200: 79.447: [GC (Allocation Failure) 2020-09-29T18:13:05.890+0200: 79.447: [ParNew: 597323K->39194K(613440K), 0.0166599 secs] 613097K->54968K(2029056K), 0.0167329 secs] [Times: user=0.13 sys=0.00, real=0.02 secs] 
2020-09-29T18:13:05.954+0200: 79.511: [GC (Allocation Failure) 2020-09-29T18:13:05.954+0200: 79.511: [ParNew: 584538K->56085K(613440K), 0.0205967 secs] 600312K->71859K(2029056K), 0.0206568 secs] [Times: user=0.25 sys=0.00, real=0.02 secs] 
2020-09-29T18:13:06.023+0200: 79.580: [GC (Allocation Failure) 2020-09-29T18:13:06.023+0200: 79.580: [ParNew: 601429K->44032K(613440K), 0.0156943 secs] 617203K->59806K(2029056K), 0.0157615 secs] [Times: user=0.13 sys=0.00, real=0.02 secs] 
2020-09-29T18:13:06.092+0200: 79.649: [GC (Allocation Failure) 2020-09-29T18:13:06.092+0200: 79.649: [ParNew: 589376K->36837K(613440K), 0.0138375 secs] 605150K->52611K(2029056K), 0.0138950 secs] [Times: user=0.11 sys=0.00, real=0.01 secs] 
2020-09-29T18:13:06.160+0200: 79.717: [GC (Allocation Failure) 2020-09-29T18:13:06.160+0200: 79.717: [ParNew: 582181K->38792K(613440K), 0.0154345 secs] 597955K->54565K(2029056K), 0.0155023 secs] [Times: user=0.11 sys=0.00, real=0.02 secs] 
2020-09-29T18:13:06.227+0200: 79.784: [GC (Allocation Failure) 2020-09-29T18:13:06.227+0200: 79.784: [ParNew: 584136K->45413K(613440K), 0.0171839 secs] 599909K->61187K(2029056K), 0.0172394 secs] [Times: user=0.13 sys=0.00, real=0.02 secs] 
2020-09-29T18:13:06.294+0200: 79.851: [GC (Allocation Failure) 2020-09-29T18:13:06.294+0200: 79.851: [ParNew: 590757K->50138K(613440K), 0.0178647 secs] 606531K->65911K(2029056K), 0.0179195 secs] [Times: user=0.13 sys=0.00, real=0.02 secs] 
2020-09-29T18:13:06.361+0200: 79.918: [GC (Allocation Failure) 2020-09-29T18:13:06.361+0200: 79.918: [ParNew: 595482K->33159K(613440K), 0.0165917 secs] 611255K->48933K(2029056K), 0.0166485 secs] [Times: user=0.11 sys=0.00, real=0.02 secs] 
2020-09-29T18:13:06.429+0200: 79.986: [GC (Allocation Failure) 2020-09-29T18:13:06.429+0200: 79.986: [ParNew: 578503K->36508K(613440K), 0.0144191 secs] 594277K->52282K(2029056K), 0.0144738 secs] [Times: user=0.13 sys=0.00, real=0.02 secs] 
2020-09-29T18:13:06.495+0200: 80.052: [GC (Allocation Failure) 2020-09-29T18:13:06.495+0200: 80.052: [ParNew: 581852K->58621K(613440K), 0.0186491 secs] 597626K->74395K(2029056K), 0.0187333 secs] [Times: user=0.13 sys=0.00, real=0.02 secs] 
2020-09-29T18:13:06.569+0200: 80.126: [GC (Allocation Failure) 2020-09-29T18:13:06.569+0200: 80.126: [ParNew: 603965K->58073K(613440K), 0.0213966 secs] 619739K->73847K(2029056K), 0.0214681 secs] [Times: user=0.11 sys=0.00, real=0.02 secs] 
2020-09-29T18:13:06.643+0200: 80.200: [GC (Allocation Failure) 2020-09-29T18:13:06.643+0200: 80.200: [ParNew: 603417K->43491K(613440K), 0.0183744 secs] 619191K->59264K(2029056K), 0.0184479 secs] [Times: user=0.25 sys=0.00, real=0.02 secs] 
2020-09-29T18:13:06.712+0200: 80.269: [GC (Allocation Failure) 2020-09-29T18:13:06.712+0200: 80.269: [ParNew: 588835K->42320K(613440K), 0.0169495 secs] 604608K->58094K(2029056K), 0.0170086 secs] [Times: user=0.13 sys=0.00, real=0.02 secs] 
2020-09-29T18:13:06.776+0200: 80.333: [GC (Allocation Failure) 2020-09-29T18:13:06.776+0200: 80.333: [ParNew: 587664K->66209K(613440K), 0.0210014 secs] 603438K->81982K(2029056K), 0.0210581 secs] [Times: user=0.13 sys=0.00, real=0.02 secs] 
2020-09-29T18:13:06.844+0200: 80.401: [GC (Allocation Failure) 2020-09-29T18:13:06.844+0200: 80.401: [ParNew: 611553K->52948K(613440K), 0.0212415 secs] 627326K->68722K(2029056K), 0.0212992 secs] [Times: user=0.25 sys=0.00, real=0.02 secs] 
2020-09-29T18:13:06.913+0200: 80.470: [GC (Allocation Failure) 2020-09-29T18:13:06.913+0200: 80.470: [ParNew: 598292K->46163K(613440K), 0.0140224 secs] 614066K->61937K(2029056K), 0.0140761 secs] [Times: user=0.13 sys=0.00, real=0.01 secs] 
2020-09-29T18:13:06.981+0200: 80.538: [GC (Allocation Failure) 2020-09-29T18:13:06.981+0200: 80.538: [ParNew: 591507K->44610K(613440K), 0.0205914 secs] 607281K->60384K(2029056K), 0.0206737 secs] [Times: user=0.13 sys=0.00, real=0.02 secs] 
2020-09-29T18:13:07.053+0200: 80.610: [GC (Allocation Failure) 2020-09-29T18:13:07.053+0200: 80.610: [ParNew: 589954K->43673K(613440K), 0.0203350 secs] 605728K->59447K(2029056K), 0.0204009 secs] [Times: user=0.13 sys=0.00, real=0.02 secs] 
2020-09-29T18:13:07.124+0200: 80.681: [GC (Allocation Failure) 2020-09-29T18:13:07.124+0200: 80.681: [ParNew: 589017K->42435K(613440K), 0.0192204 secs] 604791K->58209K(2029056K), 0.0193068 secs] [Times: user=0.13 sys=0.00, real=0.02 secs] 
2020-09-29T18:13:07.194+0200: 80.751: [GC (Allocation Failure) 2020-09-29T18:13:07.197+0200: 80.754: [ParNew: 587779K->68096K(613440K), 0.0227396 secs] 603553K->83869K(2029056K), 0.0255884 secs] [Times: user=0.13 sys=0.00, real=0.03 secs] 
2020-09-29T18:13:07.267+0200: 80.824: [GC (Allocation Failure) 2020-09-29T18:13:07.267+0200: 80.824: [ParNew: 613440K->51509K(613440K), 0.0173866 secs] 629213K->67283K(2029056K), 0.0174521 secs] [Times: user=0.13 sys=0.00, real=0.02 secs] 
2020-09-29T18:13:07.332+0200: 80.890: [GC (Allocation Failure) 2020-09-29T18:13:07.332+0200: 80.890: [ParNew: 596853K->42434K(613440K), 0.0169786 secs] 612627K->58208K(2029056K), 0.0170427 secs] [Times: user=0.14 sys=0.00, real=0.02 secs] 
2020-09-29T18:13:07.396+0200: 80.953: [GC (Allocation Failure) 2020-09-29T18:13:07.396+0200: 80.953: [ParNew: 587778K->67723K(613440K), 0.0251503 secs] 603552K->83497K(2029056K), 0.0252438 secs] [Times: user=0.13 sys=0.00, real=0.03 secs] 
2020-09-29T18:13:07.468+0200: 81.025: [GC (Allocation Failure) 2020-09-29T18:13:07.468+0200: 81.025: [ParNew: 613067K->68096K(613440K), 0.0246169 secs] 628841K->84145K(2029056K), 0.0246732 secs] [Times: user=0.25 sys=0.00, real=0.03 secs] 
2020-09-29T18:13:07.540+0200: 81.097: [GC (Allocation Failure) 2020-09-29T18:13:07.540+0200: 81.097: [ParNew: 613440K->54903K(613440K), 0.0188117 secs] 629489K->70953K(2029056K), 0.0188788 secs] [Times: user=0.13 sys=0.00, real=0.02 secs] 
2020-09-29T18:13:07.610+0200: 81.167: [GC (Allocation Failure) 2020-09-29T18:13:07.610+0200: 81.167: [ParNew: 600247K->44977K(613440K), 0.0194225 secs] 616297K->61027K(2029056K), 0.0194846 secs] [Times: user=0.11 sys=0.00, real=0.02 secs] 
2020-09-29T18:13:07.677+0200: 81.234: [GC (Allocation Failure) 2020-09-29T18:13:07.677+0200: 81.234: [ParNew: 590321K->41924K(613440K), 0.0173816 secs] 606371K->57973K(2029056K), 0.0174545 secs] [Times: user=0.13 sys=0.00, real=0.02 secs] 
2020-09-29T18:13:07.741+0200: 81.298: [GC (Allocation Failure) 2020-09-29T18:13:07.741+0200: 81.298: [ParNew: 587268K->36302K(613440K), 0.0171343 secs] 603317K->52352K(2029056K), 0.0172043 secs] [Times: user=0.13 sys=0.00, real=0.02 secs] 
2020-09-29T18:13:07.807+0200: 81.364: [GC (Allocation Failure) 2020-09-29T18:13:07.807+0200: 81.364: [ParNew: 581646K->61101K(613440K), 0.0210781 secs] 597696K->77150K(2029056K), 0.0211331 secs] [Times: user=0.13 sys=0.00, real=0.02 secs] 
2020-09-29T18:13:07.876+0200: 81.433: [GC (Allocation Failure) 2020-09-29T18:13:07.876+0200: 81.433: [ParNew: 606445K->45552K(613440K), 0.0156231 secs] 622494K->61602K(2029056K), 0.0157052 secs] [Times: user=0.13 sys=0.00, real=0.02 secs] 
2020-09-29T18:13:07.938+0200: 81.495: [GC (Allocation Failure) 2020-09-29T18:13:07.938+0200: 81.495: [ParNew: 590896K->21906K(613440K), 0.0083505 secs] 606946K->37955K(2029056K), 0.0084057 secs] [Times: user=0.13 sys=0.00, real=0.01 secs] 
2020-09-29T18:13:07.995+0200: 81.552: [GC (Allocation Failure) 2020-09-29T18:13:07.995+0200: 81.552: [ParNew: 567250K->40523K(613440K), 0.0174891 secs] 583299K->56573K(2029056K), 0.0175459 secs] [Times: user=0.13 sys=0.00, real=0.02 secs] 
2020-09-29T18:13:08.061+0200: 81.619: [GC (Allocation Failure) 2020-09-29T18:13:08.061+0200: 81.619: [ParNew: 585867K->31316K(613440K), 0.0117885 secs] 601917K->47366K(2029056K), 0.0118470 secs] [Times: user=0.13 sys=0.00, real=0.01 secs] 
2020-09-29T18:13:08.123+0200: 81.681: [GC (Allocation Failure) 2020-09-29T18:13:08.123+0200: 81.681: [ParNew: 576660K->27281K(613440K), 0.0106056 secs] 592710K->43331K(2029056K), 0.0106780 secs] [Times: user=0.13 sys=0.00, real=0.01 secs] 
2020-09-29T18:13:08.187+0200: 81.744: [GC (Allocation Failure) 2020-09-29T18:13:08.187+0200: 81.745: [ParNew: 572625K->29646K(613440K), 0.0148223 secs] 588675K->45696K(2029056K), 0.0148833 secs] [Times: user=0.13 sys=0.00, real=0.01 secs] 
2020-09-29T18:13:08.251+0200: 81.808: [GC (Allocation Failure) 2020-09-29T18:13:08.251+0200: 81.808: [ParNew: 574990K->41489K(613440K), 0.0182135 secs] 591040K->57538K(2029056K), 0.0182670 secs] [Times: user=0.13 sys=0.00, real=0.02 secs] 
2020-09-29T18:13:08.316+0200: 81.873: [GC (Allocation Failure) 2020-09-29T18:13:08.316+0200: 81.873: [ParNew: 586833K->40629K(613440K), 0.0173458 secs] 602882K->56679K(2029056K), 0.0174156 secs] [Times: user=0.25 sys=0.00, real=0.02 secs] 
2020-09-29T18:13:08.382+0200: 81.939: [GC (Allocation Failure) 2020-09-29T18:13:08.382+0200: 81.939: [ParNew: 585973K->66630K(613440K), 0.0223097 secs] 602023K->82680K(2029056K), 0.0223820 secs] [Times: user=0.13 sys=0.00, real=0.02 secs] 
2020-09-29T18:13:08.451+0200: 82.009: [GC (Allocation Failure) 2020-09-29T18:13:08.451+0200: 82.009: [ParNew: 611974K->49909K(613440K), 0.0162239 secs] 628024K->65958K(2029056K), 0.0162855 secs] [Times: user=0.13 sys=0.00, real=0.02 secs] 
2020-09-29T18:13:08.516+0200: 82.073: [GC (Allocation Failure) 2020-09-29T18:13:08.516+0200: 82.073: [ParNew: 595253K->47513K(613440K), 0.0209847 secs] 611302K->63563K(2029056K), 0.0210600 secs] [Times: user=0.25 sys=0.00, real=0.02 secs] 
2020-09-29T18:13:08.586+0200: 82.143: [GC (Allocation Failure) 2020-09-29T18:13:08.586+0200: 82.143: [ParNew: 592857K->64529K(613440K), 0.0226850 secs] 608907K->80579K(2029056K), 0.0227429 secs] [Times: user=0.11 sys=0.00, real=0.02 secs] 
2020-09-29T18:13:08.658+0200: 82.215: [GC (Allocation Failure) 2020-09-29T18:13:08.658+0200: 82.215: [ParNew: 609873K->49219K(613440K), 0.0209725 secs] 625923K->65269K(2029056K), 0.0210338 secs] [Times: user=0.25 sys=0.00, real=0.02 secs] 
2020-09-29T18:13:08.725+0200: 82.282: [GC (Allocation Failure) 2020-09-29T18:13:08.725+0200: 82.282: [ParNew: 594563K->41429K(613440K), 0.0137973 secs] 610613K->57478K(2029056K), 0.0138619 secs] [Times: user=0.13 sys=0.00, real=0.01 secs] 
2020-09-29T18:13:08.786+0200: 82.344: [GC (Allocation Failure) 2020-09-29T18:13:08.786+0200: 82.344: [ParNew: 586773K->42657K(613440K), 0.0183711 secs] 602822K->58707K(2029056K), 0.0184256 secs] [Times: user=0.13 sys=0.00, real=0.02 secs] 
2020-09-29T18:13:08.855+0200: 82.412: [GC (Allocation Failure) 2020-09-29T18:13:08.855+0200: 82.412: [ParNew: 588001K->32016K(613440K), 0.0124099 secs] 604051K->48065K(2029056K), 0.0124959 secs] [Times: user=0.13 sys=0.00, real=0.01 secs] 
2020-09-29T18:13:08.914+0200: 82.471: [GC (Allocation Failure) 2020-09-29T18:13:08.914+0200: 82.471: [ParNew: 577360K->47110K(613440K), 0.0161491 secs] 593409K->63159K(2029056K), 0.0162079 secs] [Times: user=0.13 sys=0.00, real=0.02 secs] 
2020-09-29T18:13:08.981+0200: 82.538: [GC (Allocation Failure) 2020-09-29T18:13:08.981+0200: 82.538: [ParNew: 592454K->33820K(613440K), 0.0154540 secs] 608503K->49870K(2029056K), 0.0155104 secs] [Times: user=0.13 sys=0.00, real=0.02 secs] 
2020-09-29T18:13:09.047+0200: 82.604: [GC (Allocation Failure) 2020-09-29T18:13:09.047+0200: 82.604: [ParNew: 579164K->60268K(613440K), 0.0257197 secs] 595214K->76317K(2029056K), 0.0257800 secs] [Times: user=0.25 sys=0.00, real=0.03 secs] 
2020-09-29T18:13:09.119+0200: 82.677: [GC (Allocation Failure) 2020-09-29T18:13:09.120+0200: 82.677: [ParNew: 605612K->50346K(613440K), 0.0133829 secs] 621661K->66395K(2029056K), 0.0134453 secs] [Times: user=0.13 sys=0.00, real=0.01 secs] 
2020-09-29T18:13:09.181+0200: 82.738: [GC (Allocation Failure) 2020-09-29T18:13:09.181+0200: 82.738: [ParNew: 595690K->46028K(613440K), 0.0193314 secs] 611739K->62078K(2029056K), 0.0193909 secs] [Times: user=0.13 sys=0.00, real=0.02 secs] 
2020-09-29T18:13:09.247+0200: 82.804: [GC (Allocation Failure) 2020-09-29T18:13:09.247+0200: 82.804: [ParNew: 591372K->48290K(613440K), 0.0183539 secs] 607422K->64339K(2029056K), 0.0184336 secs] [Times: user=0.13 sys=0.00, real=0.02 secs] 
2020-09-29T18:13:09.317+0200: 82.874: [GC (Allocation Failure) 2020-09-29T18:13:09.317+0200: 82.874: [ParNew: 593634K->36915K(613440K), 0.0144184 secs] 609683K->52964K(2029056K), 0.0144961 secs] [Times: user=0.00 sys=0.00, real=0.01 secs] 
2020-09-29T18:13:09.386+0200: 82.943: [GC (Allocation Failure) 2020-09-29T18:13:09.386+0200: 82.943: [ParNew: 582259K->51080K(613440K), 0.0242896 secs] 598308K->67130K(2029056K), 0.0243678 secs] [Times: user=0.13 sys=0.00, real=0.02 secs] 
2020-09-29T18:13:09.461+0200: 83.018: [GC (Allocation Failure) 2020-09-29T18:13:09.461+0200: 83.019: [ParNew: 596424K->33824K(613440K), 0.0109488 secs] 612474K->49873K(2029056K), 0.0110078 secs] [Times: user=0.00 sys=0.00, real=0.01 secs] 
2020-09-29T18:13:09.524+0200: 83.081: [GC (Allocation Failure) 2020-09-29T18:13:09.524+0200: 83.081: [ParNew: 579168K->48528K(613440K), 0.0183192 secs] 595217K->64578K(2029056K), 0.0183914 secs] [Times: user=0.13 sys=0.00, real=0.02 secs] 
2020-09-29T18:13:09.595+0200: 83.152: [GC (Allocation Failure) 2020-09-29T18:13:09.595+0200: 83.152: [ParNew: 593872K->32071K(613440K), 0.0135039 secs] 609922K->48120K(2029056K), 0.0135615 secs] [Times: user=0.11 sys=0.00, real=0.01 secs] 
2020-09-29T18:13:09.659+0200: 83.216: [GC (Allocation Failure) 2020-09-29T18:13:09.659+0200: 83.216: [ParNew: 577415K->44417K(613440K), 0.0189776 secs] 593464K->60467K(2029056K), 0.0190689 secs] [Times: user=0.24 sys=0.00, real=0.02 secs] 
2020-09-29T18:13:09.725+0200: 83.282: [GC (Allocation Failure) 2020-09-29T18:13:09.725+0200: 83.282: [ParNew: 589761K->30129K(613440K), 0.0090386 secs] 605811K->46178K(2029056K), 0.0090949 secs] [Times: user=0.00 sys=0.00, real=0.01 secs] 
2020-09-29T18:13:09.781+0200: 83.338: [GC (Allocation Failure) 2020-09-29T18:13:09.781+0200: 83.338: [ParNew: 575473K->13123K(613440K), 0.0101675 secs] 591522K->29172K(2029056K), 0.0102260 secs] [Times: user=0.13 sys=0.00, real=0.01 secs] 
2020-09-29T18:13:09.850+0200: 83.407: [GC (Allocation Failure) 2020-09-29T18:13:09.850+0200: 83.407: [ParNew: 558467K->38892K(613440K), 0.0182778 secs] 574516K->54941K(2029056K), 0.0183334 secs] [Times: user=0.13 sys=0.00, real=0.02 secs] 
2020-09-29T18:13:09.917+0200: 83.473: [GC (Allocation Failure) 2020-09-29T18:13:09.924+0200: 83.480: [ParNew: 584236K->33799K(613440K), 0.0107630 secs] 600285K->49848K(2029056K), 0.0176845 secs] [Times: user=0.13 sys=0.00, real=0.02 secs] 
2020-09-29T18:13:09.987+0200: 83.544: [GC (Allocation Failure) 2020-09-29T18:13:09.987+0200: 83.544: [ParNew: 579143K->26484K(613440K), 0.0117345 secs] 595192K->42534K(2029056K), 0.0117930 secs] [Times: user=0.13 sys=0.00, real=0.01 secs] 
2020-09-29T18:13:10.047+0200: 83.605: [GC (Allocation Failure) 2020-09-29T18:13:10.047+0200: 83.605: [ParNew: 571828K->34664K(613440K), 0.0160320 secs] 587878K->50714K(2029056K), 0.0160904 secs] [Times: user=0.13 sys=0.00, real=0.02 secs] 
2020-09-29T18:13:10.116+0200: 83.674: [GC (Allocation Failure) 2020-09-29T18:13:10.116+0200: 83.674: [ParNew: 580008K->50731K(613440K), 0.0204328 secs] 596058K->66781K(2029056K), 0.0204962 secs] [Times: user=0.13 sys=0.00, real=0.02 secs] 
2020-09-29T18:13:10.183+0200: 83.741: [GC (Allocation Failure) 2020-09-29T18:13:10.183+0200: 83.741: [ParNew: 596075K->46031K(613440K), 0.0193057 secs] 612125K->62081K(2029056K), 0.0193677 secs] [Times: user=0.13 sys=0.00, real=0.02 secs] 
2020-09-29T18:13:10.250+0200: 83.808: [GC (Allocation Failure) 2020-09-29T18:13:10.250+0200: 83.808: [ParNew: 591375K->39263K(613440K), 0.0129735 secs] 607425K->55313K(2029056K), 0.0130336 secs] [Times: user=0.13 sys=0.00, real=0.01 secs] 
2020-09-29T18:13:10.313+0200: 83.870: [GC (Allocation Failure) 2020-09-29T18:13:10.313+0200: 83.870: [ParNew: 584607K->38803K(613440K), 0.0172045 secs] 600657K->54853K(2029056K), 0.0172997 secs] [Times: user=0.13 sys=0.00, real=0.02 secs] 
2020-09-29T18:13:10.377+0200: 83.935: [GC (Allocation Failure) 2020-09-29T18:13:10.377+0200: 83.935: [ParNew: 584147K->51727K(613440K), 0.0162929 secs] 600197K->67777K(2029056K), 0.0163476 secs] [Times: user=0.13 sys=0.00, real=0.02 secs] 
2020-09-29T18:13:10.441+0200: 83.999: [GC (Allocation Failure) 2020-09-29T18:13:10.441+0200: 83.999: [ParNew: 597071K->37423K(613440K), 0.0160001 secs] 613121K->53473K(2029056K), 0.0160607 secs] [Times: user=0.14 sys=0.02, real=0.02 secs] 
2020-09-29T18:13:10.506+0200: 84.063: [GC (Allocation Failure) 2020-09-29T18:13:10.506+0200: 84.063: [ParNew: 582767K->68096K(613440K), 0.0249371 secs] 598817K->84177K(2029056K), 0.0250026 secs] [Times: user=0.13 sys=0.00, real=0.02 secs] 
2020-09-29T18:13:10.579+0200: 84.137: [GC (Allocation Failure) 2020-09-29T18:13:10.579+0200: 84.137: [ParNew: 613440K->50773K(613440K), 0.0204307 secs] 629521K->66855K(2029056K), 0.0205039 secs] [Times: user=0.22 sys=0.00, real=0.02 secs] 
2020-09-29T18:13:10.653+0200: 84.210: [GC (Allocation Failure) 2020-09-29T18:13:10.653+0200: 84.210: [ParNew: 596117K->40565K(613440K), 0.0145215 secs] 612199K->56647K(2029056K), 0.0145912 secs] [Times: user=0.11 sys=0.00, real=0.01 secs] 
2020-09-29T18:13:10.723+0200: 84.280: [GC (Allocation Failure) 2020-09-29T18:13:10.723+0200: 84.280: [ParNew: 585909K->38569K(613440K), 0.0174731 secs] 601991K->54651K(2029056K), 0.0175277 secs] [Times: user=0.24 sys=0.00, real=0.02 secs] 
2020-09-29T18:13:10.789+0200: 84.346: [GC (Allocation Failure) 2020-09-29T18:13:10.789+0200: 84.346: [ParNew: 583913K->32183K(613440K), 0.0116725 secs] 599995K->48265K(2029056K), 0.0117296 secs] [Times: user=0.00 sys=0.00, real=0.01 secs] 
2020-09-29T18:13:10.851+0200: 84.408: [GC (Allocation Failure) 2020-09-29T18:13:10.851+0200: 84.408: [ParNew: 577527K->34128K(613440K), 0.0166288 secs] 593609K->50210K(2029056K), 0.0166816 secs] [Times: user=0.11 sys=0.00, real=0.02 secs] 
2020-09-29T18:13:10.914+0200: 84.471: [GC (Allocation Failure) 2020-09-29T18:13:10.914+0200: 84.471: [ParNew: 579472K->46801K(613440K), 0.0158856 secs] 595554K->62883K(2029056K), 0.0159502 secs] [Times: user=0.13 sys=0.00, real=0.02 secs] 
2020-09-29T18:13:10.976+0200: 84.533: [GC (Allocation Failure) 2020-09-29T18:13:10.976+0200: 84.533: [ParNew: 592145K->33773K(613440K), 0.0154888 secs] 608227K->49854K(2029056K), 0.0155409 secs] [Times: user=0.13 sys=0.00, real=0.02 secs] 
2020-09-29T18:13:11.043+0200: 84.600: [GC (Allocation Failure) 2020-09-29T18:13:11.043+0200: 84.600: [ParNew: 579117K->48317K(613440K), 0.0202853 secs] 595198K->64399K(2029056K), 0.0203651 secs] [Times: user=0.13 sys=0.00, real=0.02 secs] 
2020-09-29T18:13:11.113+0200: 84.669: [GC (Allocation Failure) 2020-09-29T18:13:11.113+0200: 84.670: [ParNew: 593661K->55562K(613440K), 0.0194996 secs] 609743K->71644K(2029056K), 0.0195686 secs] [Times: user=0.25 sys=0.00, real=0.02 secs] 
2020-09-29T18:13:11.178+0200: 84.735: [GC (Allocation Failure) 2020-09-29T18:13:11.178+0200: 84.735: [ParNew: 600906K->41956K(613440K), 0.0185427 secs] 616988K->58038K(2029056K), 0.0186121 secs] [Times: user=0.13 sys=0.00, real=0.02 secs] 
2020-09-29T18:13:11.248+0200: 84.804: [GC (Allocation Failure) 2020-09-29T18:13:11.248+0200: 84.804: [ParNew: 587300K->35202K(613440K), 0.0131308 secs] 603382K->51283K(2029056K), 0.0131883 secs] [Times: user=0.13 sys=0.00, real=0.01 secs] 
2020-09-29T18:13:11.310+0200: 84.867: [GC (Allocation Failure) 2020-09-29T18:13:11.310+0200: 84.867: [ParNew: 580546K->35660K(613440K), 0.0168230 secs] 596627K->51742K(2029056K), 0.0168952 secs] [Times: user=0.13 sys=0.00, real=0.02 secs] 
2020-09-29T18:13:11.373+0200: 84.930: [GC (Allocation Failure) 2020-09-29T18:13:11.373+0200: 84.930: [ParNew: 581004K->30089K(613440K), 0.0095112 secs] 597086K->46171K(2029056K), 0.0095675 secs] [Times: user=0.13 sys=0.00, real=0.01 secs] 
2020-09-29T18:13:11.428+0200: 84.985: [GC (Allocation Failure) 2020-09-29T18:13:11.428+0200: 84.985: [ParNew: 575433K->15298K(613440K), 0.0086843 secs] 591515K->31380K(2029056K), 0.0087421 secs] [Times: user=0.00 sys=0.00, real=0.01 secs] 
2020-09-29T18:13:11.488+0200: 85.045: [GC (Allocation Failure) 2020-09-29T18:13:11.488+0200: 85.045: [ParNew: 560642K->30027K(613440K), 0.0133571 secs] 576724K->46109K(2029056K), 0.0134125 secs] [Times: user=0.13 sys=0.00, real=0.01 secs] 
2020-09-29T18:13:11.558+0200: 85.115: [GC (Allocation Failure) 2020-09-29T18:13:11.558+0200: 85.115: [ParNew: 575371K->45961K(613440K), 0.0188194 secs] 591453K->62043K(2029056K), 0.0188909 secs] [Times: user=0.13 sys=0.00, real=0.02 secs] 
2020-09-29T18:13:11.626+0200: 85.183: [GC (Allocation Failure) 2020-09-29T18:13:11.626+0200: 85.183: [ParNew: 591305K->50294K(613440K), 0.0186876 secs] 607387K->66376K(2029056K), 0.0187583 secs] [Times: user=0.23 sys=0.00, real=0.02 secs] 
2020-09-29T18:13:11.692+0200: 85.249: [GC (Allocation Failure) 2020-09-29T18:13:11.693+0200: 85.249: [ParNew: 595638K->37811K(613440K), 0.0171069 secs] 611720K->53893K(2029056K), 0.0171679 secs] [Times: user=0.13 sys=0.00, real=0.02 secs] 
2020-09-29T18:13:11.758+0200: 85.315: [GC (Allocation Failure) 2020-09-29T18:13:11.758+0200: 85.315: [ParNew: 583155K->31882K(613440K), 0.0105255 secs] 599237K->47964K(2029056K), 0.0105810 secs] [Times: user=0.00 sys=0.00, real=0.01 secs] 
2020-09-29T18:13:11.821+0200: 85.378: [GC (Allocation Failure) 2020-09-29T18:13:11.821+0200: 85.378: [ParNew: 577226K->30454K(613440K), 0.0148722 secs] 593308K->46536K(2029056K), 0.0149277 secs] [Times: user=0.13 sys=0.00, real=0.01 secs] 
2020-09-29T18:13:11.884+0200: 85.441: [GC (Allocation Failure) 2020-09-29T18:13:11.884+0200: 85.441: [ParNew: 575798K->43268K(613440K), 0.0197418 secs] 591880K->59350K(2029056K), 0.0198310 secs] [Times: user=0.13 sys=0.00, real=0.02 secs] 
2020-09-29T18:13:11.954+0200: 85.511: [GC (Allocation Failure) 2020-09-29T18:13:11.954+0200: 85.511: [ParNew: 588612K->57906K(613440K), 0.0190204 secs] 604694K->73988K(2029056K), 0.0190745 secs] [Times: user=0.13 sys=0.00, real=0.02 secs] 
2020-09-29T18:13:12.021+0200: 85.578: [GC (Allocation Failure) 2020-09-29T18:13:12.021+0200: 85.578: [ParNew: 603250K->33554K(613440K), 0.0122177 secs] 619332K->49636K(2029056K), 0.0122781 secs] [Times: user=0.00 sys=0.00, real=0.01 secs] 
2020-09-29T18:13:12.080+0200: 85.637: [GC (Allocation Failure) 2020-09-29T18:13:12.080+0200: 85.637: [ParNew: 578898K->37110K(613440K), 0.0176174 secs] 594980K->53191K(2029056K), 0.0176720 secs] [Times: user=0.13 sys=0.00, real=0.02 secs] 
2020-09-29T18:13:12.145+0200: 85.702: [GC (Allocation Failure) 2020-09-29T18:13:12.145+0200: 85.702: [ParNew: 582454K->45684K(613440K), 0.0158293 secs] 598535K->61766K(2029056K), 0.0159011 secs] [Times: user=0.01 sys=0.00, real=0.02 secs] 
2020-09-29T18:13:12.206+0200: 85.763: [GC (Allocation Failure) 2020-09-29T18:13:12.206+0200: 85.763: [ParNew: 591028K->57207K(613440K), 0.0201317 secs] 607110K->73289K(2029056K), 0.0202103 secs] [Times: user=0.25 sys=0.00, real=0.02 secs] 
2020-09-29T18:13:12.275+0200: 85.832: [GC (Allocation Failure) 2020-09-29T18:13:12.275+0200: 85.832: [ParNew: 602551K->36673K(613440K), 0.0076962 secs] 618633K->52755K(2029056K), 0.0077547 secs] [Times: user=0.00 sys=0.00, real=0.01 secs] 
2020-09-29T18:13:12.345+0200: 85.902: [GC (Allocation Failure) 2020-09-29T18:13:12.345+0200: 85.902: [ParNew: 582017K->24430K(613440K), 0.0124683 secs] 598099K->40512K(2029056K), 0.0125229 secs] [Times: user=0.13 sys=0.00, real=0.01 secs] 
2020-09-29T18:13:12.408+0200: 85.965: [GC (Allocation Failure) 2020-09-29T18:13:12.408+0200: 85.965: [ParNew: 569774K->20485K(613440K), 0.0112284 secs] 585856K->36567K(2029056K), 0.0112825 secs] [Times: user=0.13 sys=0.00, real=0.01 secs] 
2020-09-29T18:13:12.475+0200: 86.032: [GC (Allocation Failure) 2020-09-29T18:13:12.475+0200: 86.032: [ParNew: 565829K->16432K(613440K), 0.0105616 secs] 581911K->32514K(2029056K), 0.0106195 secs] [Times: user=0.00 sys=0.00, real=0.01 secs] 
2020-09-29T18:13:12.539+0200: 86.096: [GC (Allocation Failure) 2020-09-29T18:13:12.539+0200: 86.096: [ParNew: 561776K->28619K(613440K), 0.0151689 secs] 577858K->44701K(2029056K), 0.0152234 secs] [Times: user=0.13 sys=0.00, real=0.01 secs] 
2020-09-29T18:13:12.603+0200: 86.160: [GC (Allocation Failure) 2020-09-29T18:13:12.603+0200: 86.160: [ParNew: 573963K->39016K(613440K), 0.0156009 secs] 590045K->55098K(2029056K), 0.0156750 secs] [Times: user=0.13 sys=0.00, real=0.02 secs] 
2020-09-29T18:13:12.670+0200: 86.227: [GC (Allocation Failure) 2020-09-29T18:13:12.670+0200: 86.227: [ParNew: 584360K->26694K(613440K), 0.0145871 secs] 600442K->42776K(2029056K), 0.0146457 secs] [Times: user=0.13 sys=0.00, real=0.01 secs] 
2020-09-29T18:13:12.729+0200: 86.286: [GC (Allocation Failure) 2020-09-29T18:13:12.730+0200: 86.286: [ParNew: 572038K->43723K(613440K), 0.0191611 secs] 588120K->59805K(2029056K), 0.0192434 secs] [Times: user=0.13 sys=0.00, real=0.02 secs] 
2020-09-29T18:13:12.800+0200: 86.357: [GC (Allocation Failure) 2020-09-29T18:13:12.800+0200: 86.357: [ParNew: 589067K->36283K(613440K), 0.0160838 secs] 605149K->52365K(2029056K), 0.0161517 secs] [Times: user=0.11 sys=0.05, real=0.02 secs] 
2020-09-29T18:13:12.874+0200: 86.431: [GC (Allocation Failure) 2020-09-29T18:13:12.874+0200: 86.431: [ParNew: 581627K->41369K(613440K), 0.0228075 secs] 597709K->57451K(2029056K), 0.0228742 secs] [Times: user=0.25 sys=0.00, real=0.02 secs] 
2020-09-29T18:13:12.946+0200: 86.503: [GC (Allocation Failure) 2020-09-29T18:13:12.946+0200: 86.503: [ParNew: 586713K->27591K(613440K), 0.0153445 secs] 602795K->43672K(2029056K), 0.0154105 secs] [Times: user=0.13 sys=0.00, real=0.01 secs] 
2020-09-29T18:13:13.017+0200: 86.574: [GC (Allocation Failure) 2020-09-29T18:13:13.017+0200: 86.574: [ParNew: 572935K->38791K(613440K), 0.0212855 secs] 589016K->54873K(2029056K), 0.0213530 secs] [Times: user=0.25 sys=0.00, real=0.02 secs] 
2020-09-29T18:13:13.086+0200: 86.643: [GC (Allocation Failure) 2020-09-29T18:13:13.086+0200: 86.643: [ParNew: 584135K->24401K(613440K), 0.0123703 secs] 600217K->40482K(2029056K), 0.0124361 secs] [Times: user=0.00 sys=0.00, real=0.01 secs] 
2020-09-29T18:13:13.158+0200: 86.715: [GC (Allocation Failure) 2020-09-29T18:13:13.158+0200: 86.715: [ParNew: 569745K->29750K(613440K), 0.0205624 secs] 585826K->45832K(2029056K), 0.0206288 secs] [Times: user=0.25 sys=0.00, real=0.02 secs] 
2020-09-29T18:13:13.226+0200: 86.783: [GC (Allocation Failure) 2020-09-29T18:13:13.226+0200: 86.783: [ParNew: 575094K->28905K(613440K), 0.0175268 secs] 591176K->44987K(2029056K), 0.0175903 secs] [Times: user=0.13 sys=0.00, real=0.02 secs] 
2020-09-29T18:13:13.299+0200: 86.856: [GC (Allocation Failure) 2020-09-29T18:13:13.299+0200: 86.856: [ParNew: 574249K->25693K(613440K), 0.0166484 secs] 590331K->41775K(2029056K), 0.0167129 secs] [Times: user=0.13 sys=0.00, real=0.02 secs] 
2020-09-29T18:13:13.369+0200: 86.926: [GC (Allocation Failure) 2020-09-29T18:13:13.369+0200: 86.926: [ParNew: 571037K->22417K(613440K), 0.0079697 secs] 587119K->38499K(2029056K), 0.0080415 secs] [Times: user=0.00 sys=0.00, real=0.01 secs] 
2020-09-29T18:13:13.440+0200: 86.997: [GC (Allocation Failure) 2020-09-29T18:13:13.440+0200: 86.997: [ParNew: 567761K->19391K(613440K), 0.0156560 secs] 583843K->35473K(2029056K), 0.0157202 secs] [Times: user=0.13 sys=0.00, real=0.02 secs] 
2020-09-29T18:13:13.501+0200: 87.058: [GC (Allocation Failure) 2020-09-29T18:13:13.501+0200: 87.058: [ParNew: 564735K->17034K(613440K), 0.0122338 secs] 580817K->33115K(2029056K), 0.0122978 secs] [Times: user=0.13 sys=0.00, real=0.01 secs] 
2020-09-29T18:13:13.563+0200: 87.120: [GC (Allocation Failure) 2020-09-29T18:13:13.563+0200: 87.120: [ParNew: 562378K->13939K(613440K), 0.0115987 secs] 578459K->30021K(2029056K), 0.0116744 secs] [Times: user=0.13 sys=0.00, real=0.01 secs] 
2020-09-29T18:13:13.642+0200: 87.199: [GC (Allocation Failure) 2020-09-29T18:13:13.642+0200: 87.199: [ParNew: 559283K->10954K(613440K), 0.0119907 secs] 575365K->27035K(2029056K), 0.0120569 secs] [Times: user=0.13 sys=0.00, real=0.01 secs] 
2020-09-29T18:13:13.714+0200: 87.271: [GC (Allocation Failure) 2020-09-29T18:13:13.714+0200: 87.271: [ParNew: 556298K->26995K(613440K), 0.0172845 secs] 572379K->43077K(2029056K), 0.0173477 secs] [Times: user=0.13 sys=0.00, real=0.02 secs] 
2020-09-29T18:13:13.783+0200: 87.340: [GC (Allocation Failure) 2020-09-29T18:13:13.783+0200: 87.340: [ParNew: 572339K->16443K(613440K), 0.0068604 secs] 588421K->32524K(2029056K), 0.0069300 secs] [Times: user=0.11 sys=0.00, real=0.01 secs] 
2020-09-29T18:13:13.862+0200: 87.419: [GC (Allocation Failure) 2020-09-29T18:13:13.862+0200: 87.419: [ParNew: 561787K->19832K(613440K), 0.0138373 secs] 577868K->35914K(2029056K), 0.0139022 secs] [Times: user=0.13 sys=0.00, real=0.01 secs] 
2020-09-29T18:13:13.923+0200: 87.480: [GC (Allocation Failure) 2020-09-29T18:13:13.923+0200: 87.480: [ParNew: 565176K->34935K(613440K), 0.0204979 secs] 581258K->51016K(2029056K), 0.0205569 secs] [Times: user=0.25 sys=0.00, real=0.02 secs] 
2020-09-29T18:13:13.994+0200: 87.551: [GC (Allocation Failure) 2020-09-29T18:13:13.994+0200: 87.551: [ParNew: 580279K->24077K(613440K), 0.0132445 secs] 596360K->40158K(2029056K), 0.0206800 secs] [Times: user=0.13 sys=0.00, real=0.02 secs] 
2020-09-29T18:13:14.064+0200: 87.621: [GC (Allocation Failure) 2020-09-29T18:13:14.064+0200: 87.621: [ParNew: 569421K->32544K(613440K), 0.0188765 secs] 585502K->48626K(2029056K), 0.0189446 secs] [Times: user=0.14 sys=0.00, real=0.02 secs] 
2020-09-29T18:13:14.136+0200: 87.693: [GC (Allocation Failure) 2020-09-29T18:13:14.136+0200: 87.693: [ParNew: 577888K->21685K(613440K), 0.0100331 secs] 593970K->37767K(2029056K), 0.0101011 secs] [Times: user=0.13 sys=0.00, real=0.01 secs] 
2020-09-29T18:13:14.201+0200: 87.758: [GC (Allocation Failure) 2020-09-29T18:13:14.201+0200: 87.758: [ParNew: 567029K->24641K(613440K), 0.0164040 secs] 583111K->40722K(2029056K), 0.0164689 secs] [Times: user=0.13 sys=0.00, real=0.02 secs] 
2020-09-29T18:13:14.279+0200: 87.836: [GC (Allocation Failure) 2020-09-29T18:13:14.279+0200: 87.836: [ParNew: 569985K->30624K(613440K), 0.0163847 secs] 586066K->46706K(2029056K), 0.0164534 secs] [Times: user=0.13 sys=0.00, real=0.02 secs] 
2020-09-29T18:13:14.339+0200: 87.897: [GC (Allocation Failure) 2020-09-29T18:13:14.339+0200: 87.897: [ParNew: 575968K->21973K(613440K), 0.0136775 secs] 592050K->38055K(2029056K), 0.0137416 secs] [Times: user=0.13 sys=0.00, real=0.02 secs] 
2020-09-29T18:13:14.408+0200: 87.964: [GC (Allocation Failure) 2020-09-29T18:13:14.408+0200: 87.965: [ParNew: 567317K->28546K(613440K), 0.0202051 secs] 583399K->44627K(2029056K), 0.0202697 secs] [Times: user=0.25 sys=0.00, real=0.02 secs] 
2020-09-29T18:13:14.479+0200: 88.036: [GC (Allocation Failure) 2020-09-29T18:13:14.479+0200: 88.036: [ParNew: 573890K->21629K(613440K), 0.0100816 secs] 589971K->37711K(2029056K), 0.0101463 secs] [Times: user=0.13 sys=0.00, real=0.01 secs] 
2020-09-29T18:13:14.562+0200: 88.119: [GC (Allocation Failure) 2020-09-29T18:13:14.562+0200: 88.119: [ParNew: 566973K->23229K(613440K), 0.0164322 secs] 583055K->39310K(2029056K), 0.0165058 secs] [Times: user=0.13 sys=0.00, real=0.02 secs] 
2020-09-29T18:13:14.638+0200: 88.195: [GC (Allocation Failure) 2020-09-29T18:13:14.638+0200: 88.195: [ParNew: 568573K->45224K(613440K), 0.0231654 secs] 584654K->61306K(2029056K), 0.0232289 secs] [Times: user=0.25 sys=0.00, real=0.02 secs] 
2020-09-29T18:13:14.704+0200: 88.261: [GC (Allocation Failure) 2020-09-29T18:13:14.705+0200: 88.261: [ParNew: 590568K->27963K(613440K), 0.0153877 secs] 606650K->44045K(2029056K), 0.0154606 secs] [Times: user=0.13 sys=0.00, real=0.02 secs] 
2020-09-29T18:13:14.763+0200: 88.320: [GC (Allocation Failure) 2020-09-29T18:13:14.763+0200: 88.320: [ParNew: 573307K->16804K(613440K), 0.0122922 secs] 589389K->32885K(2029056K), 0.0123633 secs] [Times: user=0.13 sys=0.00, real=0.01 secs] 
2020-09-29T18:13:14.820+0200: 88.376: [GC (Allocation Failure) 2020-09-29T18:13:14.820+0200: 88.376: [ParNew: 562148K->35647K(613440K), 0.0196426 secs] 578229K->51729K(2029056K), 0.0197078 secs] [Times: user=0.13 sys=0.00, real=0.02 secs] 
2020-09-29T18:13:14.891+0200: 88.447: [GC (Allocation Failure) 2020-09-29T18:13:14.891+0200: 88.448: [ParNew: 580991K->41459K(613440K), 0.0188074 secs] 597073K->57541K(2029056K), 0.0188921 secs] [Times: user=0.13 sys=0.00, real=0.02 secs] 
2020-09-29T18:13:14.961+0200: 88.518: [GC (Allocation Failure) 2020-09-29T18:13:14.961+0200: 88.518: [ParNew: 586803K->31829K(613440K), 0.0179385 secs] 602885K->47911K(2029056K), 0.0180029 secs] [Times: user=0.13 sys=0.00, real=0.02 secs] 
2020-09-29T18:13:15.028+0200: 88.585: [GC (Allocation Failure) 2020-09-29T18:13:15.028+0200: 88.585: [ParNew: 577173K->38254K(613440K), 0.0185158 secs] 593255K->54336K(2029056K), 0.0185819 secs] [Times: user=0.13 sys=0.00, real=0.02 secs] 
2020-09-29T18:13:15.101+0200: 88.658: [GC (Allocation Failure) 2020-09-29T18:13:15.101+0200: 88.658: [ParNew: 583598K->26592K(613440K), 0.0169203 secs] 599680K->42674K(2029056K), 0.0169830 secs] [Times: user=0.13 sys=0.00, real=0.02 secs] 
2020-09-29T18:13:15.176+0200: 88.733: [GC (Allocation Failure) 2020-09-29T18:13:15.176+0200: 88.733: [ParNew: 571936K->18468K(613440K), 0.0160352 secs] 588018K->34550K(2029056K), 0.0161015 secs] [Times: user=0.25 sys=0.00, real=0.02 secs] 
2020-09-29T18:13:15.250+0200: 88.807: [GC (Allocation Failure) 2020-09-29T18:13:15.250+0200: 88.807: [ParNew: 563812K->18121K(613440K), 0.0149254 secs] 579894K->34203K(2029056K), 0.0149927 secs] [Times: user=0.13 sys=0.00, real=0.02 secs] 
2020-09-29T18:13:15.323+0200: 88.880: [GC (Allocation Failure) 2020-09-29T18:13:15.323+0200: 88.880: [ParNew: 563465K->16882K(613440K), 0.0141302 secs] 579547K->32964K(2029056K), 0.0141971 secs] [Times: user=0.13 sys=0.00, real=0.02 secs] 
2020-09-29T18:13:15.433+0200: 88.990: [GC (Allocation Failure) 2020-09-29T18:13:15.433+0200: 88.990: [ParNew: 562226K->17676K(613440K), 0.0152475 secs] 578308K->33757K(2029056K), 0.0153111 secs] [Times: user=0.13 sys=0.00, real=0.01 secs] 
2020-09-29T18:13:15.556+0200: 89.113: [GC (Allocation Failure) 2020-09-29T18:13:15.556+0200: 89.113: [ParNew: 563020K->13101K(613440K), 0.0127864 secs] 579101K->29182K(2029056K), 0.0128603 secs] [Times: user=0.13 sys=0.00, real=0.01 secs] 
2020-09-29T18:13:15.682+0200: 89.239: [GC (Allocation Failure) 2020-09-29T18:13:15.682+0200: 89.239: [ParNew: 558445K->11879K(613440K), 0.0118352 secs] 574526K->27960K(2029056K), 0.0118997 secs] [Times: user=0.13 sys=0.00, real=0.01 secs] 
2020-09-29T18:13:15.802+0200: 89.359: [GC (Allocation Failure) 2020-09-29T18:13:15.802+0200: 89.359: [ParNew: 557223K->10340K(613440K), 0.0103488 secs] 573304K->26422K(2029056K), 0.0104130 secs] [Times: user=0.00 sys=0.00, real=0.01 secs] 
Heap
 par new generation   total 613440K, used 81675K [0x0000000080000000, 0x00000000a9990000, 0x00000000a9990000)
  eden space 545344K,  13% used [0x0000000080000000, 0x00000000845a9d20, 0x00000000a1490000)
  from space 68096K,  15% used [0x00000000a5710000, 0x00000000a6129110, 0x00000000a9990000)
  to   space 68096K,   0% used [0x00000000a1490000, 0x00000000a1490000, 0x00000000a5710000)
 concurrent mark-sweep generation total 1415616K, used 16081K [0x00000000a9990000, 0x0000000100000000, 0x0000000100000000)
 Metaspace       used 2594K, capacity 4486K, committed 4864K, reserved 1056768K
  class space    used 285K, capacity 386K, committed 512K, reserved 1048576K
