Java HotSpot(TM) 64-Bit Server VM (25.261-b12) for windows-amd64 JRE (1.8.0_261-b12), built on Jun 18 2020 06:56:32 by "" with unknown MS VC++:1916
Memory: 4k page, physical 16659684k(9509300k free), swap 23213284k(9280100k free)
CommandLine flags: -XX:InitialHeapSize=2147483648 -XX:MaxHeapSize=2147483648 -XX:MaxNewSize=697933824 -XX:MaxTenuringThreshold=6 -XX:NewSize=697933824 -XX:OldPLABSize=16 -XX:OldSize=1395867648 -XX:+PrintGC -XX:+PrintGCDateStamps -XX:+PrintGCDetails -XX:+PrintGCTimeStamps -XX:+UseCompressedClassPointers -XX:+UseCompressedOops -XX:+UseConcMarkSweepGC -XX:-UseLargePagesIndividualAllocation -XX:+UseParNewGC 
2020-09-29T18:31:19.254+0200: 0.279: [GC (Allocation Failure) 2020-09-29T18:31:19.254+0200: 0.279: [ParNew: 545344K->39977K(613440K), 0.0348668 secs] 545344K->39977K(2029056K), 0.0349941 secs] [Times: user=0.22 sys=0.03, real=0.04 secs] 
2020-09-29T18:31:19.350+0200: 0.374: [GC (Allocation Failure) 2020-09-29T18:31:19.350+0200: 0.375: [ParNew: 585321K->31948K(613440K), 0.0429921 secs] 585321K->32341K(2029056K), 0.0431043 secs] [Times: user=0.22 sys=0.03, real=0.04 secs] 
2020-09-29T18:31:19.448+0200: 0.473: [GC (Allocation Failure) 2020-09-29T18:31:19.448+0200: 0.473: [ParNew: 577292K->34241K(613440K), 0.0171147 secs] 577685K->34634K(2029056K), 0.0171764 secs] [Times: user=0.13 sys=0.00, real=0.02 secs] 
2020-09-29T18:31:19.513+0200: 0.537: [GC (Allocation Failure) 2020-09-29T18:31:19.513+0200: 0.538: [ParNew: 579585K->56570K(613440K), 0.0219202 secs] 579978K->56962K(2029056K), 0.0219830 secs] [Times: user=0.13 sys=0.00, real=0.02 secs] 
2020-09-29T18:31:19.585+0200: 0.610: [GC (Allocation Failure) 2020-09-29T18:31:19.585+0200: 0.610: [ParNew: 601914K->47684K(613440K), 0.0197452 secs] 602306K->48077K(2029056K), 0.0198268 secs] [Times: user=0.13 sys=0.00, real=0.02 secs] 
2020-09-29T18:31:19.658+0200: 0.683: [GC (Allocation Failure) 2020-09-29T18:31:19.658+0200: 0.683: [ParNew: 593028K->46438K(613440K), 0.0206688 secs] 593421K->46830K(2029056K), 0.0207495 secs] [Times: user=0.20 sys=0.01, real=0.02 secs] 
2020-09-29T18:31:19.727+0200: 0.752: [GC (Allocation Failure) 2020-09-29T18:31:19.727+0200: 0.752: [ParNew: 591782K->33887K(613440K), 0.0125790 secs] 592174K->34280K(2029056K), 0.0126409 secs] [Times: user=0.13 sys=0.00, real=0.01 secs] 
2020-09-29T18:31:19.788+0200: 0.814: [GC (Allocation Failure) 2020-09-29T18:31:19.788+0200: 0.814: [ParNew: 579231K->50682K(613440K), 0.0161438 secs] 579624K->51075K(2029056K), 0.0162029 secs] [Times: user=0.13 sys=0.00, real=0.02 secs] 
2020-09-29T18:31:19.852+0200: 0.877: [GC (Allocation Failure) 2020-09-29T18:31:19.852+0200: 0.877: [ParNew: 596026K->51425K(613440K), 0.0221518 secs] 596419K->51817K(2029056K), 0.0222391 secs] [Times: user=0.13 sys=0.00, real=0.02 secs] 
2020-09-29T18:31:19.923+0200: 0.948: [GC (Allocation Failure) 2020-09-29T18:31:19.923+0200: 0.949: [ParNew: 596769K->30760K(613440K), 0.0080136 secs] 597161K->31152K(2029056K), 0.0080726 secs] [Times: user=0.13 sys=0.00, real=0.01 secs] 
2020-09-29T18:31:19.990+0200: 1.015: [GC (Allocation Failure) 2020-09-29T18:31:19.990+0200: 1.015: [ParNew: 576104K->38216K(613440K), 0.0178784 secs] 576496K->38608K(2029056K), 0.0179375 secs] [Times: user=0.13 sys=0.00, real=0.02 secs] 
2020-09-29T18:31:20.057+0200: 1.083: [GC (Allocation Failure) 2020-09-29T18:31:20.057+0200: 1.083: [ParNew: 583560K->53205K(613440K), 0.0176421 secs] 583952K->53598K(2029056K), 0.0177018 secs] [Times: user=0.13 sys=0.00, real=0.02 secs] 
2020-09-29T18:31:20.124+0200: 1.149: [GC (Allocation Failure) 2020-09-29T18:31:20.124+0200: 1.149: [ParNew: 598549K->39147K(613440K), 0.0173569 secs] 598942K->39539K(2029056K), 0.0174164 secs] [Times: user=0.13 sys=0.00, real=0.02 secs] 
2020-09-29T18:31:20.188+0200: 1.213: [GC (Allocation Failure) 2020-09-29T18:31:20.188+0200: 1.213: [ParNew: 584491K->30634K(613440K), 0.0162312 secs] 584883K->31027K(2029056K), 0.0163023 secs] [Times: user=0.13 sys=0.00, real=0.02 secs] 
2020-09-29T18:31:20.252+0200: 1.277: [GC (Allocation Failure) 2020-09-29T18:31:20.252+0200: 1.277: [ParNew: 575978K->55983K(613440K), 0.0197205 secs] 576371K->56376K(2029056K), 0.0198180 secs] [Times: user=0.25 sys=0.00, real=0.02 secs] 
2020-09-29T18:31:20.321+0200: 1.346: [GC (Allocation Failure) 2020-09-29T18:31:20.321+0200: 1.346: [ParNew: 601327K->41943K(613440K), 0.0197534 secs] 601720K->42335K(2029056K), 0.0198209 secs] [Times: user=0.13 sys=0.00, real=0.02 secs] 
2020-09-29T18:31:20.388+0200: 1.413: [GC (Allocation Failure) 2020-09-29T18:31:20.388+0200: 1.413: [ParNew: 587287K->61621K(613440K), 0.0204323 secs] 587679K->62014K(2029056K), 0.0204914 secs] [Times: user=0.11 sys=0.00, real=0.02 secs] 
2020-09-29T18:31:20.458+0200: 1.483: [GC (Allocation Failure) 2020-09-29T18:31:20.458+0200: 1.483: [ParNew: 606965K->47113K(613440K), 0.0182084 secs] 607358K->47506K(2029056K), 0.0182871 secs] [Times: user=0.13 sys=0.00, real=0.02 secs] 
2020-09-29T18:31:20.524+0200: 1.549: [GC (Allocation Failure) 2020-09-29T18:31:20.524+0200: 1.549: [ParNew: 592457K->32866K(613440K), 0.0115855 secs] 592850K->33259K(2029056K), 0.0116457 secs] [Times: user=0.13 sys=0.00, real=0.01 secs] 
2020-09-29T18:31:20.591+0200: 1.617: [GC (Allocation Failure) 2020-09-29T18:31:20.591+0200: 1.617: [ParNew: 578210K->40543K(613440K), 0.0175514 secs] 578603K->40935K(2029056K), 0.0176214 secs] [Times: user=0.13 sys=0.00, real=0.02 secs] 
2020-09-29T18:31:20.659+0200: 1.684: [GC (Allocation Failure) 2020-09-29T18:31:20.659+0200: 1.684: [ParNew: 585887K->37571K(613440K), 0.0155063 secs] 586279K->37963K(2029056K), 0.0155690 secs] [Times: user=0.13 sys=0.00, real=0.02 secs] 
2020-09-29T18:31:20.724+0200: 1.750: [GC (Allocation Failure) 2020-09-29T18:31:20.724+0200: 1.750: [ParNew: 582915K->32729K(613440K), 0.0152357 secs] 583307K->33121K(2029056K), 0.0153136 secs] [Times: user=0.13 sys=0.00, real=0.02 secs] 
2020-09-29T18:31:20.796+0200: 1.821: [GC (Allocation Failure) 2020-09-29T18:31:20.796+0200: 1.821: [ParNew: 578073K->55957K(613440K), 0.0198583 secs] 578465K->56349K(2029056K), 0.0199168 secs] [Times: user=0.13 sys=0.00, real=0.02 secs] 
2020-09-29T18:31:20.866+0200: 1.890: [GC (Allocation Failure) 2020-09-29T18:31:20.866+0200: 1.890: [ParNew: 601301K->40221K(613440K), 0.0135362 secs] 601693K->40613K(2029056K), 0.0135915 secs] [Times: user=0.00 sys=0.00, real=0.01 secs] 
2020-09-29T18:31:20.930+0200: 1.955: [GC (Allocation Failure) 2020-09-29T18:31:20.930+0200: 1.955: [ParNew: 585565K->32452K(613440K), 0.0133410 secs] 585957K->32844K(2029056K), 0.0134334 secs] [Times: user=0.13 sys=0.00, real=0.01 secs] 
2020-09-29T18:31:20.992+0200: 2.016: [GC (Allocation Failure) 2020-09-29T18:31:20.992+0200: 2.016: [ParNew: 577796K->40395K(613440K), 0.0171200 secs] 578188K->40787K(2029056K), 0.0172011 secs] [Times: user=0.13 sys=0.00, real=0.02 secs] 
2020-09-29T18:31:21.063+0200: 2.088: [GC (Allocation Failure) 2020-09-29T18:31:21.063+0200: 2.088: [ParNew: 585739K->57544K(613440K), 0.0219863 secs] 586131K->57936K(2029056K), 0.0220574 secs] [Times: user=0.25 sys=0.00, real=0.02 secs] 
2020-09-29T18:31:21.135+0200: 2.159: [GC (Allocation Failure) 2020-09-29T18:31:21.135+0200: 2.159: [ParNew: 602888K->47374K(613440K), 0.0177529 secs] 603280K->47766K(2029056K), 0.0178150 secs] [Times: user=0.13 sys=0.00, real=0.02 secs] 
2020-09-29T18:31:21.203+0200: 2.227: [GC (Allocation Failure) 2020-09-29T18:31:21.203+0200: 2.227: [ParNew: 592718K->65579K(613440K), 0.0209524 secs] 593110K->65971K(2029056K), 0.0210078 secs] [Times: user=0.25 sys=0.00, real=0.02 secs] 
2020-09-29T18:31:21.270+0200: 2.294: [GC (Allocation Failure) 2020-09-29T18:31:21.270+0200: 2.295: [ParNew: 610923K->47039K(613440K), 0.0147344 secs] 611315K->47431K(2029056K), 0.0147915 secs] [Times: user=0.13 sys=0.00, real=0.02 secs] 
2020-09-29T18:31:21.333+0200: 2.358: [GC (Allocation Failure) 2020-09-29T18:31:21.333+0200: 2.358: [ParNew: 592383K->27384K(613440K), 0.0138656 secs] 592775K->27776K(2029056K), 0.0139359 secs] [Times: user=0.00 sys=0.00, real=0.01 secs] 
2020-09-29T18:31:21.395+0200: 2.419: [GC (Allocation Failure) 2020-09-29T18:31:21.395+0200: 2.419: [ParNew: 572728K->45832K(613440K), 0.0176700 secs] 573120K->46225K(2029056K), 0.0178168 secs] [Times: user=0.25 sys=0.00, real=0.02 secs] 
2020-09-29T18:31:21.462+0200: 2.487: [GC (Allocation Failure) 2020-09-29T18:31:21.462+0200: 2.487: [ParNew: 591176K->35205K(613440K), 0.0168112 secs] 591569K->35597K(2029056K), 0.0168885 secs] [Times: user=0.11 sys=0.00, real=0.02 secs] 
2020-09-29T18:31:21.527+0200: 2.551: [GC (Allocation Failure) 2020-09-29T18:31:21.527+0200: 2.551: [ParNew: 580549K->32132K(613440K), 0.0146155 secs] 580941K->32524K(2029056K), 0.0146801 secs] [Times: user=0.13 sys=0.00, real=0.02 secs] 
2020-09-29T18:31:21.593+0200: 2.617: [GC (Allocation Failure) 2020-09-29T18:31:21.593+0200: 2.617: [ParNew: 577476K->49062K(613440K), 0.0206603 secs] 577868K->49454K(2029056K), 0.0207229 secs] [Times: user=0.11 sys=0.00, real=0.02 secs] 
2020-09-29T18:31:21.664+0200: 2.688: [GC (Allocation Failure) 2020-09-29T18:31:21.664+0200: 2.688: [ParNew: 594406K->37622K(613440K), 0.0182607 secs] 594798K->38014K(2029056K), 0.0183214 secs] [Times: user=0.13 sys=0.00, real=0.02 secs] 
2020-09-29T18:31:21.732+0200: 2.756: [GC (Allocation Failure) 2020-09-29T18:31:21.732+0200: 2.756: [ParNew: 582966K->63189K(613440K), 0.0225416 secs] 583358K->63581K(2029056K), 0.0226229 secs] [Times: user=0.14 sys=0.00, real=0.02 secs] 
2020-09-29T18:31:21.803+0200: 2.827: [GC (Allocation Failure) 2020-09-29T18:31:21.803+0200: 2.827: [ParNew: 608533K->49665K(613440K), 0.0160797 secs] 608925K->50058K(2029056K), 0.0161409 secs] [Times: user=0.13 sys=0.00, real=0.02 secs] 
2020-09-29T18:31:21.870+0200: 2.894: [GC (Allocation Failure) 2020-09-29T18:31:21.870+0200: 2.894: [ParNew: 595009K->65687K(613440K), 0.0218558 secs] 595402K->66079K(2029056K), 0.0219167 secs] [Times: user=0.13 sys=0.00, real=0.02 secs] 
2020-09-29T18:31:21.939+0200: 2.963: [GC (Allocation Failure) 2020-09-29T18:31:21.939+0200: 2.963: [ParNew: 611031K->44569K(613440K), 0.0152741 secs] 611423K->44962K(2029056K), 0.0153300 secs] [Times: user=0.13 sys=0.00, real=0.02 secs] 
2020-09-29T18:31:22.004+0200: 3.029: [GC (Allocation Failure) 2020-09-29T18:31:22.004+0200: 3.029: [ParNew: 589913K->42598K(613440K), 0.0146312 secs] 590306K->42990K(2029056K), 0.0147101 secs] [Times: user=0.13 sys=0.00, real=0.02 secs] 
2020-09-29T18:31:22.069+0200: 3.093: [GC (Allocation Failure) 2020-09-29T18:31:22.069+0200: 3.093: [ParNew: 587942K->57666K(613440K), 0.0254789 secs] 588334K->58058K(2029056K), 0.0255364 secs] [Times: user=0.13 sys=0.00, real=0.03 secs] 
2020-09-29T18:31:22.142+0200: 3.166: [GC (Allocation Failure) 2020-09-29T18:31:22.142+0200: 3.166: [ParNew: 603010K->48462K(613440K), 0.0219315 secs] 603402K->48855K(2029056K), 0.0220061 secs] [Times: user=0.24 sys=0.00, real=0.02 secs] 
2020-09-29T18:31:22.212+0200: 3.237: [GC (Allocation Failure) 2020-09-29T18:31:22.218+0200: 3.242: [ParNew: 593806K->68096K(613440K), 0.0232583 secs] 594199K->68488K(2029056K), 0.0285098 secs] [Times: user=0.25 sys=0.00, real=0.03 secs] 
2020-09-29T18:31:22.288+0200: 3.312: [GC (Allocation Failure) 2020-09-29T18:31:22.288+0200: 3.312: [ParNew: 613440K->54860K(613440K), 0.0234638 secs] 613832K->55252K(2029056K), 0.0235364 secs] [Times: user=0.13 sys=0.00, real=0.02 secs] 
2020-09-29T18:31:22.358+0200: 3.382: [GC (Allocation Failure) 2020-09-29T18:31:22.358+0200: 3.382: [ParNew: 600204K->49412K(613440K), 0.0173764 secs] 600596K->49804K(2029056K), 0.0174447 secs] [Times: user=0.13 sys=0.00, real=0.02 secs] 
2020-09-29T18:31:22.426+0200: 3.450: [GC (Allocation Failure) 2020-09-29T18:31:22.426+0200: 3.450: [ParNew: 594756K->66273K(613440K), 0.0260904 secs] 595148K->66665K(2029056K), 0.0261586 secs] [Times: user=0.23 sys=0.00, real=0.03 secs] 
2020-09-29T18:31:22.504+0200: 3.529: [GC (Allocation Failure) 2020-09-29T18:31:22.504+0200: 3.529: [ParNew: 611617K->42670K(613440K), 0.0164167 secs] 612009K->43063K(2029056K), 0.0164864 secs] [Times: user=0.25 sys=0.00, real=0.02 secs] 
2020-09-29T18:31:22.573+0200: 3.597: [GC (Allocation Failure) 2020-09-29T18:31:22.573+0200: 3.597: [ParNew: 588014K->29915K(613440K), 0.0162116 secs] 588407K->30307K(2029056K), 0.0162724 secs] [Times: user=0.11 sys=0.00, real=0.02 secs] 
2020-09-29T18:31:22.639+0200: 3.663: [GC (Allocation Failure) 2020-09-29T18:31:22.639+0200: 3.663: [ParNew: 575259K->53943K(613440K), 0.0211910 secs] 575651K->54336K(2029056K), 0.0212738 secs] [Times: user=0.13 sys=0.00, real=0.02 secs] 
2020-09-29T18:31:22.709+0200: 3.733: [GC (Allocation Failure) 2020-09-29T18:31:22.709+0200: 3.733: [ParNew: 599287K->38509K(613440K), 0.0124375 secs] 599680K->38901K(2029056K), 0.0125093 secs] [Times: user=0.00 sys=0.00, real=0.01 secs] 
2020-09-29T18:31:22.775+0200: 3.800: [GC (Allocation Failure) 2020-09-29T18:31:22.775+0200: 3.800: [ParNew: 583853K->35009K(613440K), 0.0175057 secs] 584245K->35402K(2029056K), 0.0175634 secs] [Times: user=0.13 sys=0.00, real=0.02 secs] 
2020-09-29T18:31:22.842+0200: 3.867: [GC (Allocation Failure) 2020-09-29T18:31:22.842+0200: 3.867: [ParNew: 580353K->55027K(613440K), 0.0213518 secs] 580746K->55419K(2029056K), 0.0214155 secs] [Times: user=0.14 sys=0.03, real=0.02 secs] 
2020-09-29T18:31:22.915+0200: 3.939: [GC (Allocation Failure) 2020-09-29T18:31:22.915+0200: 3.939: [ParNew: 600371K->56072K(613440K), 0.0207998 secs] 600763K->56464K(2029056K), 0.0208628 secs] [Times: user=0.13 sys=0.00, real=0.02 secs] 
2020-09-29T18:31:22.984+0200: 4.008: [GC (Allocation Failure) 2020-09-29T18:31:22.984+0200: 4.008: [ParNew: 601416K->44251K(613440K), 0.0145511 secs] 601808K->44643K(2029056K), 0.0146042 secs] [Times: user=0.13 sys=0.00, real=0.01 secs] 
2020-09-29T18:31:23.048+0200: 4.073: [GC (Allocation Failure) 2020-09-29T18:31:23.048+0200: 4.073: [ParNew: 589595K->37045K(613440K), 0.0138086 secs] 589987K->37438K(2029056K), 0.0138632 secs] [Times: user=0.13 sys=0.00, real=0.01 secs] 
2020-09-29T18:31:23.112+0200: 4.136: [GC (Allocation Failure) 2020-09-29T18:31:23.112+0200: 4.136: [ParNew: 582389K->28625K(613440K), 0.0120710 secs] 582782K->29018K(2029056K), 0.0121286 secs] [Times: user=0.13 sys=0.00, real=0.01 secs] 
2020-09-29T18:31:23.174+0200: 4.198: [GC (Allocation Failure) 2020-09-29T18:31:23.174+0200: 4.198: [ParNew: 573969K->44994K(613440K), 0.0185224 secs] 574362K->45386K(2029056K), 0.0185809 secs] [Times: user=0.23 sys=0.00, real=0.02 secs] 
2020-09-29T18:31:23.243+0200: 4.268: [GC (Allocation Failure) 2020-09-29T18:31:23.243+0200: 4.268: [ParNew: 590338K->64921K(613440K), 0.0240448 secs] 590730K->65314K(2029056K), 0.0241208 secs] [Times: user=0.13 sys=0.00, real=0.02 secs] 
2020-09-29T18:31:23.317+0200: 4.341: [GC (Allocation Failure) 2020-09-29T18:31:23.317+0200: 4.341: [ParNew: 610265K->48119K(613440K), 0.0166743 secs] 610658K->48511K(2029056K), 0.0167393 secs] [Times: user=0.13 sys=0.00, real=0.02 secs] 
2020-09-29T18:31:23.387+0200: 4.411: [GC (Allocation Failure) 2020-09-29T18:31:23.387+0200: 4.411: [ParNew: 593463K->39722K(613440K), 0.0169174 secs] 593855K->40114K(2029056K), 0.0169844 secs] [Times: user=0.13 sys=0.00, real=0.02 secs] 
2020-09-29T18:31:23.455+0200: 4.479: [GC (Allocation Failure) 2020-09-29T18:31:23.455+0200: 4.479: [ParNew: 585066K->35824K(613440K), 0.0159436 secs] 585458K->36217K(2029056K), 0.0160021 secs] [Times: user=0.13 sys=0.00, real=0.02 secs] 
2020-09-29T18:31:23.523+0200: 4.547: [GC (Allocation Failure) 2020-09-29T18:31:23.523+0200: 4.547: [ParNew: 581168K->54155K(613440K), 0.0195115 secs] 581561K->54548K(2029056K), 0.0195914 secs] [Times: user=0.13 sys=0.00, real=0.02 secs] 
2020-09-29T18:31:23.591+0200: 4.615: [GC (Allocation Failure) 2020-09-29T18:31:23.591+0200: 4.615: [ParNew: 599499K->34278K(613440K), 0.0136647 secs] 599892K->34670K(2029056K), 0.0137339 secs] [Times: user=0.13 sys=0.00, real=0.01 secs] 
2020-09-29T18:31:23.657+0200: 4.681: [GC (Allocation Failure) 2020-09-29T18:31:23.657+0200: 4.681: [ParNew: 579622K->35979K(613440K), 0.0162488 secs] 580014K->36372K(2029056K), 0.0163080 secs] [Times: user=0.13 sys=0.00, real=0.02 secs] 
2020-09-29T18:31:23.726+0200: 4.750: [GC (Allocation Failure) 2020-09-29T18:31:23.726+0200: 4.750: [ParNew: 581323K->54104K(613440K), 0.0200594 secs] 581716K->54497K(2029056K), 0.0201200 secs] [Times: user=0.13 sys=0.00, real=0.02 secs] 
2020-09-29T18:31:23.793+0200: 4.817: [GC (Allocation Failure) 2020-09-29T18:31:23.793+0200: 4.817: [ParNew: 599448K->39701K(613440K), 0.0140356 secs] 599841K->40094K(2029056K), 0.0141100 secs] [Times: user=0.13 sys=0.00, real=0.01 secs] 
2020-09-29T18:31:23.861+0200: 4.885: [GC (Allocation Failure) 2020-09-29T18:31:23.861+0200: 4.885: [ParNew: 585045K->54842K(613440K), 0.0195137 secs] 585438K->55234K(2029056K), 0.0195748 secs] [Times: user=0.25 sys=0.00, real=0.02 secs] 
2020-09-29T18:31:23.929+0200: 4.953: [GC (Allocation Failure) 2020-09-29T18:31:23.929+0200: 4.953: [ParNew: 600186K->68096K(613440K), 0.0288993 secs] 600578K->68488K(2029056K), 0.0289597 secs] [Times: user=0.13 sys=0.00, real=0.03 secs] 
2020-09-29T18:31:24.006+0200: 5.030: [GC (Allocation Failure) 2020-09-29T18:31:24.006+0200: 5.030: [ParNew: 613440K->58407K(613440K), 0.0238595 secs] 613832K->58800K(2029056K), 0.0239234 secs] [Times: user=0.13 sys=0.00, real=0.02 secs] 
2020-09-29T18:31:24.078+0200: 5.102: [GC (Allocation Failure) 2020-09-29T18:31:24.078+0200: 5.102: [ParNew: 603751K->60336K(613440K), 0.0227589 secs] 604144K->60729K(2029056K), 0.0228230 secs] [Times: user=0.25 sys=0.00, real=0.02 secs] 
2020-09-29T18:31:24.150+0200: 5.175: [GC (Allocation Failure) 2020-09-29T18:31:24.150+0200: 5.175: [ParNew: 605680K->46613K(613440K), 0.0183237 secs] 606073K->47006K(2029056K), 0.0184016 secs] [Times: user=0.13 sys=0.00, real=0.02 secs] 
2020-09-29T18:31:24.220+0200: 5.244: [GC (Allocation Failure) 2020-09-29T18:31:24.220+0200: 5.244: [ParNew: 591957K->42049K(613440K), 0.0165490 secs] 592350K->42442K(2029056K), 0.0166076 secs] [Times: user=0.13 sys=0.00, real=0.02 secs] 
2020-09-29T18:31:24.284+0200: 5.308: [GC (Allocation Failure) 2020-09-29T18:31:24.284+0200: 5.308: [ParNew: 587393K->32415K(613440K), 0.0158083 secs] 587786K->32807K(2029056K), 0.0158639 secs] [Times: user=0.13 sys=0.00, real=0.02 secs] 
2020-09-29T18:31:24.348+0200: 5.372: [GC (Allocation Failure) 2020-09-29T18:31:24.348+0200: 5.372: [ParNew: 577759K->55692K(613440K), 0.0203290 secs] 578151K->56084K(2029056K), 0.0203897 secs] [Times: user=0.25 sys=0.00, real=0.02 secs] 
2020-09-29T18:31:24.417+0200: 5.442: [GC (Allocation Failure) 2020-09-29T18:31:24.417+0200: 5.442: [ParNew: 601036K->63282K(613440K), 0.0245359 secs] 601428K->63674K(2029056K), 0.0246130 secs] [Times: user=0.23 sys=0.00, real=0.02 secs] 
2020-09-29T18:31:24.491+0200: 5.516: [GC (Allocation Failure) 2020-09-29T18:31:24.491+0200: 5.516: [ParNew: 608626K->25166K(613440K), 0.0135721 secs] 609018K->25558K(2029056K), 0.0136281 secs] [Times: user=0.13 sys=0.00, real=0.01 secs] 
2020-09-29T18:31:24.559+0200: 5.583: [GC (Allocation Failure) 2020-09-29T18:31:24.559+0200: 5.583: [ParNew: 570510K->44572K(613440K), 0.0176677 secs] 570902K->44964K(2029056K), 0.0177287 secs] [Times: user=0.13 sys=0.00, real=0.02 secs] 
2020-09-29T18:31:24.634+0200: 5.658: [GC (Allocation Failure) 2020-09-29T18:31:24.634+0200: 5.658: [ParNew: 589916K->45503K(613440K), 0.0176187 secs] 590308K->45895K(2029056K), 0.0177009 secs] [Times: user=0.13 sys=0.00, real=0.02 secs] 
2020-09-29T18:31:24.698+0200: 5.723: [GC (Allocation Failure) 2020-09-29T18:31:24.698+0200: 5.723: [ParNew: 590847K->27546K(613440K), 0.0095671 secs] 591239K->27939K(2029056K), 0.0096236 secs] [Times: user=0.13 sys=0.00, real=0.01 secs] 
2020-09-29T18:31:24.756+0200: 5.781: [GC (Allocation Failure) 2020-09-29T18:31:24.756+0200: 5.781: [ParNew: 572890K->41808K(613440K), 0.0180287 secs] 573283K->42201K(2029056K), 0.0181085 secs] [Times: user=0.13 sys=0.00, real=0.02 secs] 
2020-09-29T18:31:24.829+0200: 5.854: [GC (Allocation Failure) 2020-09-29T18:31:24.829+0200: 5.854: [ParNew: 587152K->54374K(613440K), 0.0239081 secs] 587545K->54767K(2029056K), 0.0239822 secs] [Times: user=0.25 sys=0.00, real=0.02 secs] 
2020-09-29T18:31:24.900+0200: 5.925: [GC (Allocation Failure) 2020-09-29T18:31:24.900+0200: 5.925: [ParNew: 599718K->46906K(613440K), 0.0170124 secs] 600111K->47299K(2029056K), 0.0170688 secs] [Times: user=0.13 sys=0.00, real=0.02 secs] 
2020-09-29T18:31:24.971+0200: 5.995: [GC (Allocation Failure) 2020-09-29T18:31:24.971+0200: 5.995: [ParNew: 592250K->63979K(613440K), 0.0216095 secs] 592643K->64371K(2029056K), 0.0217464 secs] [Times: user=0.23 sys=0.00, real=0.02 secs] 
2020-09-29T18:31:25.040+0200: 6.065: [GC (Allocation Failure) 2020-09-29T18:31:25.040+0200: 6.065: [ParNew: 609323K->44748K(613440K), 0.0171393 secs] 609715K->45141K(2029056K), 0.0172142 secs] [Times: user=0.13 sys=0.00, real=0.02 secs] 
2020-09-29T18:31:25.108+0200: 6.133: [GC (Allocation Failure) 2020-09-29T18:31:25.108+0200: 6.133: [ParNew: 590092K->64069K(613440K), 0.0216841 secs] 590485K->64462K(2029056K), 0.0217503 secs] [Times: user=0.25 sys=0.00, real=0.02 secs] 
2020-09-29T18:31:25.181+0200: 6.205: [GC (Allocation Failure) 2020-09-29T18:31:25.181+0200: 6.205: [ParNew: 609413K->68096K(613440K), 0.0260105 secs] 609806K->68488K(2029056K), 0.0260951 secs] [Times: user=0.13 sys=0.00, real=0.03 secs] 
2020-09-29T18:31:25.257+0200: 6.281: [GC (Allocation Failure) 2020-09-29T18:31:25.257+0200: 6.281: [ParNew: 613440K->56733K(613440K), 0.0209287 secs] 613832K->57126K(2029056K), 0.0210234 secs] [Times: user=0.13 sys=0.00, real=0.02 secs] 
2020-09-29T18:31:25.325+0200: 6.349: [GC (Allocation Failure) 2020-09-29T18:31:25.325+0200: 6.349: [ParNew: 602077K->40411K(613440K), 0.0115968 secs] 602470K->40803K(2029056K), 0.0116523 secs] [Times: user=0.13 sys=0.00, real=0.01 secs] 
2020-09-29T18:31:25.385+0200: 6.410: [GC (Allocation Failure) 2020-09-29T18:31:25.385+0200: 6.410: [ParNew: 585755K->21945K(613440K), 0.0106108 secs] 586147K->22337K(2029056K), 0.0106834 secs] [Times: user=0.13 sys=0.00, real=0.01 secs] 
2020-09-29T18:31:25.455+0200: 6.479: [GC (Allocation Failure) 2020-09-29T18:31:25.455+0200: 6.479: [ParNew: 567289K->50747K(613440K), 0.0208279 secs] 567681K->51139K(2029056K), 0.0208949 secs] [Times: user=0.24 sys=0.00, real=0.02 secs] 
2020-09-29T18:31:25.525+0200: 6.550: [GC (Allocation Failure) 2020-09-29T18:31:25.525+0200: 6.550: [ParNew: 596091K->33022K(613440K), 0.0150541 secs] 596483K->33415K(2029056K), 0.0151119 secs] [Times: user=0.13 sys=0.00, real=0.01 secs] 
2020-09-29T18:31:25.592+0200: 6.616: [GC (Allocation Failure) 2020-09-29T18:31:25.592+0200: 6.616: [ParNew: 578366K->49945K(613440K), 0.0210198 secs] 578759K->50337K(2029056K), 0.0210773 secs] [Times: user=0.11 sys=0.00, real=0.02 secs] 
2020-09-29T18:31:25.666+0200: 6.691: [GC (Allocation Failure) 2020-09-29T18:31:25.666+0200: 6.691: [ParNew: 595289K->63712K(613440K), 0.0240343 secs] 595681K->64104K(2029056K), 0.0241020 secs] [Times: user=0.13 sys=0.00, real=0.02 secs] 
2020-09-29T18:31:25.737+0200: 6.761: [GC (Allocation Failure) 2020-09-29T18:31:25.737+0200: 6.761: [ParNew: 609056K->52103K(613440K), 0.0183696 secs] 609448K->52495K(2029056K), 0.0184261 secs] [Times: user=0.25 sys=0.00, real=0.02 secs] 
2020-09-29T18:31:25.807+0200: 6.832: [GC (Allocation Failure) 2020-09-29T18:31:25.807+0200: 6.832: [ParNew: 597447K->68096K(613440K), 0.0226980 secs] 597839K->68956K(2029056K), 0.0227532 secs] [Times: user=0.13 sys=0.00, real=0.02 secs] 
2020-09-29T18:31:25.878+0200: 6.902: [GC (Allocation Failure) 2020-09-29T18:31:25.878+0200: 6.902: [ParNew: 613440K->52965K(613440K), 0.0218294 secs] 614300K->53826K(2029056K), 0.0218895 secs] [Times: user=0.25 sys=0.00, real=0.02 secs] 
2020-09-29T18:31:25.947+0200: 6.972: [GC (Allocation Failure) 2020-09-29T18:31:25.947+0200: 6.972: [ParNew: 598309K->45407K(613440K), 0.0159720 secs] 599170K->46267K(2029056K), 0.0160445 secs] [Times: user=0.13 sys=0.00, real=0.02 secs] 
2020-09-29T18:31:26.014+0200: 7.038: [GC (Allocation Failure) 2020-09-29T18:31:26.014+0200: 7.038: [ParNew: 590751K->42369K(613440K), 0.0138926 secs] 591611K->43229K(2029056K), 0.0139491 secs] [Times: user=0.13 sys=0.00, real=0.01 secs] 
2020-09-29T18:31:26.077+0200: 7.101: [GC (Allocation Failure) 2020-09-29T18:31:26.077+0200: 7.101: [ParNew: 587713K->40907K(613440K), 0.0187546 secs] 588573K->41768K(2029056K), 0.0188202 secs] [Times: user=0.13 sys=0.00, real=0.02 secs] 
2020-09-29T18:31:26.145+0200: 7.169: [GC (Allocation Failure) 2020-09-29T18:31:26.145+0200: 7.169: [ParNew: 586251K->57233K(613440K), 0.0191126 secs] 587112K->58093K(2029056K), 0.0191797 secs] [Times: user=0.13 sys=0.00, real=0.02 secs] 
2020-09-29T18:31:26.212+0200: 7.236: [GC (Allocation Failure) 2020-09-29T18:31:26.212+0200: 7.236: [ParNew: 602577K->39596K(613440K), 0.0174325 secs] 603437K->40457K(2029056K), 0.0174899 secs] [Times: user=0.13 sys=0.00, real=0.02 secs] 
2020-09-29T18:31:26.276+0200: 7.301: [GC (Allocation Failure) 2020-09-29T18:31:26.276+0200: 7.301: [ParNew: 584940K->31784K(613440K), 0.0091554 secs] 585801K->32644K(2029056K), 0.0092196 secs] [Times: user=0.00 sys=0.00, real=0.01 secs] 
2020-09-29T18:31:26.340+0200: 7.365: [GC (Allocation Failure) 2020-09-29T18:31:26.340+0200: 7.365: [ParNew: 577128K->28465K(613440K), 0.0139988 secs] 577988K->29326K(2029056K), 0.0140958 secs] [Times: user=0.13 sys=0.00, real=0.01 secs] 
2020-09-29T18:31:26.403+0200: 7.428: [GC (Allocation Failure) 2020-09-29T18:31:26.404+0200: 7.428: [ParNew: 573809K->40928K(613440K), 0.0186301 secs] 574670K->41788K(2029056K), 0.0187071 secs] [Times: user=0.13 sys=0.00, real=0.02 secs] 
2020-09-29T18:31:26.472+0200: 7.497: [GC (Allocation Failure) 2020-09-29T18:31:26.472+0200: 7.497: [ParNew: 586272K->51502K(613440K), 0.0173342 secs] 587132K->52363K(2029056K), 0.0174011 secs] [Times: user=0.25 sys=0.00, real=0.02 secs] 
2020-09-29T18:31:26.539+0200: 7.564: [GC (Allocation Failure) 2020-09-29T18:31:26.540+0200: 7.564: [ParNew: 596846K->33487K(613440K), 0.0116484 secs] 597707K->34348K(2029056K), 0.0117356 secs] [Times: user=0.00 sys=0.00, real=0.01 secs] 
2020-09-29T18:31:26.602+0200: 7.627: [GC (Allocation Failure) 2020-09-29T18:31:26.602+0200: 7.627: [ParNew: 578831K->44069K(613440K), 0.0211784 secs] 579692K->44929K(2029056K), 0.0212382 secs] [Times: user=0.13 sys=0.00, real=0.02 secs] 
2020-09-29T18:31:26.674+0200: 7.698: [GC (Allocation Failure) 2020-09-29T18:31:26.674+0200: 7.698: [ParNew: 589413K->64467K(613440K), 0.0206982 secs] 590273K->65327K(2029056K), 0.0207751 secs] [Times: user=0.25 sys=0.00, real=0.02 secs] 
2020-09-29T18:31:26.745+0200: 7.770: [GC (Allocation Failure) 2020-09-29T18:31:26.746+0200: 7.770: [ParNew: 609811K->27479K(613440K), 0.0131206 secs] 610671K->28340K(2029056K), 0.0132001 secs] [Times: user=0.13 sys=0.00, real=0.01 secs] 
2020-09-29T18:31:26.810+0200: 7.834: [GC (Allocation Failure) 2020-09-29T18:31:26.810+0200: 7.834: [ParNew: 572823K->29648K(613440K), 0.0129503 secs] 573684K->30509K(2029056K), 0.0130139 secs] [Times: user=0.13 sys=0.00, real=0.01 secs] 
2020-09-29T18:31:26.879+0200: 7.904: [GC (Allocation Failure) 2020-09-29T18:31:26.879+0200: 7.904: [ParNew: 574992K->45982K(613440K), 0.0177867 secs] 575853K->46842K(2029056K), 0.0178482 secs] [Times: user=0.25 sys=0.00, real=0.02 secs] 
2020-09-29T18:31:26.945+0200: 7.970: [GC (Allocation Failure) 2020-09-29T18:31:26.945+0200: 7.970: [ParNew: 591326K->37752K(613440K), 0.0165414 secs] 592186K->38612K(2029056K), 0.0166036 secs] [Times: user=0.13 sys=0.00, real=0.02 secs] 
2020-09-29T18:31:27.010+0200: 8.034: [GC (Allocation Failure) 2020-09-29T18:31:27.010+0200: 8.034: [ParNew: 583096K->63465K(613440K), 0.0217001 secs] 583956K->64325K(2029056K), 0.0217629 secs] [Times: user=0.13 sys=0.00, real=0.02 secs] 
2020-09-29T18:31:27.079+0200: 8.103: [GC (Allocation Failure) 2020-09-29T18:31:27.079+0200: 8.103: [ParNew: 608809K->49840K(613440K), 0.0156761 secs] 609669K->50700K(2029056K), 0.0157411 secs] [Times: user=0.13 sys=0.00, real=0.02 secs] 
2020-09-29T18:31:27.142+0200: 8.167: [GC (Allocation Failure) 2020-09-29T18:31:27.142+0200: 8.167: [ParNew: 595184K->28545K(613440K), 0.0142445 secs] 596044K->29405K(2029056K), 0.0143014 secs] [Times: user=0.13 sys=0.00, real=0.02 secs] 
2020-09-29T18:31:27.203+0200: 8.228: [GC (Allocation Failure) 2020-09-29T18:31:27.203+0200: 8.228: [ParNew: 573889K->52499K(613440K), 0.0187887 secs] 574749K->53359K(2029056K), 0.0188629 secs] [Times: user=0.13 sys=0.00, real=0.02 secs] 
2020-09-29T18:31:27.272+0200: 8.296: [GC (Allocation Failure) 2020-09-29T18:31:27.272+0200: 8.296: [ParNew: 597843K->41900K(613440K), 0.0165706 secs] 598703K->42761K(2029056K), 0.0166303 secs] [Times: user=0.13 sys=0.00, real=0.02 secs] 
2020-09-29T18:31:27.342+0200: 8.367: [GC (Allocation Failure) 2020-09-29T18:31:27.342+0200: 8.367: [ParNew: 587244K->41406K(613440K), 0.0202090 secs] 588105K->42266K(2029056K), 0.0202878 secs] [Times: user=0.11 sys=0.00, real=0.02 secs] 
2020-09-29T18:31:27.416+0200: 8.441: [GC (Allocation Failure) 2020-09-29T18:31:27.417+0200: 8.441: [ParNew: 586750K->33214K(613440K), 0.0192886 secs] 587610K->34075K(2029056K), 0.0193525 secs] [Times: user=0.11 sys=0.00, real=0.02 secs] 
2020-09-29T18:31:27.486+0200: 8.510: [GC (Allocation Failure) 2020-09-29T18:31:27.486+0200: 8.510: [ParNew: 578558K->54669K(613440K), 0.0192081 secs] 579419K->55530K(2029056K), 0.0192846 secs] [Times: user=0.25 sys=0.00, real=0.02 secs] 
2020-09-29T18:31:27.556+0200: 8.581: [GC (Allocation Failure) 2020-09-29T18:31:27.556+0200: 8.581: [ParNew: 600013K->42012K(613440K), 0.0186494 secs] 600874K->42873K(2029056K), 0.0187386 secs] [Times: user=0.13 sys=0.00, real=0.02 secs] 
2020-09-29T18:31:27.626+0200: 8.650: [GC (Allocation Failure) 2020-09-29T18:31:27.626+0200: 8.650: [ParNew: 587356K->42021K(613440K), 0.0191349 secs] 588217K->42881K(2029056K), 0.0192015 secs] [Times: user=0.23 sys=0.00, real=0.02 secs] 
2020-09-29T18:31:27.697+0200: 8.721: [GC (Allocation Failure) 2020-09-29T18:31:27.697+0200: 8.721: [ParNew: 587365K->34017K(613440K), 0.0110296 secs] 588225K->34877K(2029056K), 0.0110920 secs] [Times: user=0.00 sys=0.00, real=0.01 secs] 
2020-09-29T18:31:27.758+0200: 8.782: [GC (Allocation Failure) 2020-09-29T18:31:27.758+0200: 8.782: [ParNew: 579361K->31710K(613440K), 0.0171374 secs] 580221K->32570K(2029056K), 0.0171985 secs] [Times: user=0.13 sys=0.00, real=0.02 secs] 
2020-09-29T18:31:27.823+0200: 8.847: [GC (Allocation Failure) 2020-09-29T18:31:27.823+0200: 8.847: [ParNew: 577054K->41500K(613440K), 0.0153228 secs] 577914K->42361K(2029056K), 0.0153809 secs] [Times: user=0.13 sys=0.00, real=0.02 secs] 
2020-09-29T18:31:27.885+0200: 8.909: [GC (Allocation Failure) 2020-09-29T18:31:27.885+0200: 8.909: [ParNew: 586844K->52849K(613440K), 0.0189576 secs] 587705K->53710K(2029056K), 0.0190182 secs] [Times: user=0.13 sys=0.00, real=0.02 secs] 
2020-09-29T18:31:27.952+0200: 8.976: [GC (Allocation Failure) 2020-09-29T18:31:27.952+0200: 8.976: [ParNew: 598193K->43902K(613440K), 0.0173220 secs] 599054K->44762K(2029056K), 0.0173808 secs] [Times: user=0.13 sys=0.00, real=0.02 secs] 
2020-09-29T18:31:28.017+0200: 9.041: [GC (Allocation Failure) 2020-09-29T18:31:28.017+0200: 9.041: [ParNew: 589246K->43611K(613440K), 0.0182914 secs] 590106K->44471K(2029056K), 0.0183614 secs] [Times: user=0.11 sys=0.00, real=0.02 secs] 
2020-09-29T18:31:28.086+0200: 9.110: [GC (Allocation Failure) 2020-09-29T18:31:28.086+0200: 9.110: [ParNew: 588955K->42096K(613440K), 0.0174483 secs] 589815K->42957K(2029056K), 0.0175058 secs] [Times: user=0.13 sys=0.00, real=0.02 secs] 
2020-09-29T18:31:28.160+0200: 9.185: [GC (Allocation Failure) 2020-09-29T18:31:28.160+0200: 9.185: [ParNew: 587440K->60904K(613440K), 0.0220547 secs] 588301K->61764K(2029056K), 0.0221443 secs] [Times: user=0.23 sys=0.00, real=0.02 secs] 
2020-09-29T18:31:28.231+0200: 9.256: [GC (Allocation Failure) 2020-09-29T18:31:28.231+0200: 9.256: [ParNew: 606248K->46684K(613440K), 0.0150183 secs] 607108K->47544K(2029056K), 0.0150766 secs] [Times: user=0.13 sys=0.00, real=0.02 secs] 
2020-09-29T18:31:28.295+0200: 9.319: [GC (Allocation Failure) 2020-09-29T18:31:28.295+0200: 9.319: [ParNew: 592028K->42330K(613440K), 0.0198974 secs] 592888K->43190K(2029056K), 0.0199641 secs] [Times: user=0.13 sys=0.00, real=0.02 secs] 
2020-09-29T18:31:28.362+0200: 9.387: [GC (Allocation Failure) 2020-09-29T18:31:28.362+0200: 9.387: [ParNew: 587674K->37505K(613440K), 0.0128939 secs] 588534K->38365K(2029056K), 0.0129507 secs] [Times: user=0.13 sys=0.00, real=0.01 secs] 
2020-09-29T18:31:28.426+0200: 9.451: [GC (Allocation Failure) 2020-09-29T18:31:28.426+0200: 9.451: [ParNew: 582849K->36309K(613440K), 0.0190839 secs] 583709K->37169K(2029056K), 0.0191533 secs] [Times: user=0.22 sys=0.00, real=0.02 secs] 
2020-09-29T18:31:28.503+0200: 9.528: [GC (Allocation Failure) 2020-09-29T18:31:28.503+0200: 9.528: [ParNew: 581653K->42343K(613440K), 0.0162372 secs] 582513K->43203K(2029056K), 0.0163074 secs] [Times: user=0.13 sys=0.00, real=0.02 secs] 
2020-09-29T18:31:28.570+0200: 9.594: [GC (Allocation Failure) 2020-09-29T18:31:28.570+0200: 9.594: [ParNew: 587687K->51144K(613440K), 0.0226520 secs] 588547K->52004K(2029056K), 0.0227262 secs] [Times: user=0.11 sys=0.00, real=0.02 secs] 
2020-09-29T18:31:28.643+0200: 9.668: [GC (Allocation Failure) 2020-09-29T18:31:28.643+0200: 9.668: [ParNew: 596488K->68096K(613440K), 0.0273613 secs] 597348K->69975K(2029056K), 0.0274194 secs] [Times: user=0.23 sys=0.00, real=0.03 secs] 
2020-09-29T18:31:28.717+0200: 9.742: [GC (Allocation Failure) 2020-09-29T18:31:28.717+0200: 9.742: [ParNew: 613440K->49398K(613440K), 0.0145918 secs] 615319K->51278K(2029056K), 0.0146717 secs] [Times: user=0.13 sys=0.00, real=0.02 secs] 
2020-09-29T18:31:28.784+0200: 9.808: [GC (Allocation Failure) 2020-09-29T18:31:28.784+0200: 9.808: [ParNew: 594742K->47682K(613440K), 0.0185766 secs] 596622K->49561K(2029056K), 0.0186343 secs] [Times: user=0.25 sys=0.00, real=0.02 secs] 
2020-09-29T18:31:28.850+0200: 9.875: [GC (Allocation Failure) 2020-09-29T18:31:28.850+0200: 9.875: [ParNew: 593026K->64166K(613440K), 0.0232569 secs] 594905K->66046K(2029056K), 0.0233465 secs] [Times: user=0.13 sys=0.00, real=0.02 secs] 
2020-09-29T18:31:28.923+0200: 9.947: [GC (Allocation Failure) 2020-09-29T18:31:28.923+0200: 9.947: [ParNew: 609510K->56950K(613440K), 0.0223425 secs] 611390K->58830K(2029056K), 0.0223959 secs] [Times: user=0.25 sys=0.00, real=0.02 secs] 
2020-09-29T18:31:28.994+0200: 10.018: [GC (Allocation Failure) 2020-09-29T18:31:28.994+0200: 10.018: [ParNew: 602294K->48501K(613440K), 0.0167406 secs] 604174K->50381K(2029056K), 0.0168197 secs] [Times: user=0.13 sys=0.00, real=0.02 secs] 
2020-09-29T18:31:29.061+0200: 10.086: [GC (Allocation Failure) 2020-09-29T18:31:29.061+0200: 10.086: [ParNew: 593845K->40375K(613440K), 0.0170874 secs] 595725K->42255K(2029056K), 0.0171473 secs] [Times: user=0.13 sys=0.00, real=0.02 secs] 
2020-09-29T18:31:29.125+0200: 10.150: [GC (Allocation Failure) 2020-09-29T18:31:29.125+0200: 10.150: [ParNew: 585719K->58624K(613440K), 0.0207201 secs] 587599K->60504K(2029056K), 0.0207890 secs] [Times: user=0.25 sys=0.00, real=0.02 secs] 
2020-09-29T18:31:29.194+0200: 10.219: [GC (Allocation Failure) 2020-09-29T18:31:29.194+0200: 10.219: [ParNew: 603968K->46916K(613440K), 0.0206460 secs] 605848K->48796K(2029056K), 0.0207378 secs] [Times: user=0.13 sys=0.00, real=0.02 secs] 
2020-09-29T18:31:29.263+0200: 10.287: [GC (Allocation Failure) 2020-09-29T18:31:29.263+0200: 10.287: [ParNew: 592260K->68096K(613440K), 0.0248500 secs] 594140K->71126K(2029056K), 0.0249032 secs] [Times: user=0.25 sys=0.00, real=0.03 secs] 
2020-09-29T18:31:29.336+0200: 10.361: [GC (Allocation Failure) 2020-09-29T18:31:29.336+0200: 10.361: [ParNew: 613440K->50052K(613440K), 0.0127713 secs] 616470K->53082K(2029056K), 0.0128467 secs] [Times: user=0.13 sys=0.00, real=0.01 secs] 
2020-09-29T18:31:29.408+0200: 10.433: [GC (Allocation Failure) 2020-09-29T18:31:29.408+0200: 10.433: [ParNew: 595396K->35639K(613440K), 0.0208872 secs] 598426K->38669K(2029056K), 0.0209510 secs] [Times: user=0.22 sys=0.00, real=0.02 secs] 
2020-09-29T18:31:29.486+0200: 10.511: [GC (Allocation Failure) 2020-09-29T18:31:29.486+0200: 10.511: [ParNew: 580983K->45455K(613440K), 0.0173662 secs] 584013K->48486K(2029056K), 0.0174342 secs] [Times: user=0.13 sys=0.00, real=0.02 secs] 
2020-09-29T18:31:29.550+0200: 10.575: [GC (Allocation Failure) 2020-09-29T18:31:29.550+0200: 10.575: [ParNew: 590799K->36786K(613440K), 0.0145308 secs] 593830K->39816K(2029056K), 0.0145929 secs] [Times: user=0.13 sys=0.00, real=0.02 secs] 
2020-09-29T18:31:29.619+0200: 10.643: [GC (Allocation Failure) 2020-09-29T18:31:29.619+0200: 10.643: [ParNew: 582130K->54042K(613440K), 0.0201768 secs] 585160K->57072K(2029056K), 0.0202441 secs] [Times: user=0.13 sys=0.00, real=0.02 secs] 
2020-09-29T18:31:29.686+0200: 10.710: [GC (Allocation Failure) 2020-09-29T18:31:29.686+0200: 10.710: [ParNew: 599386K->68096K(613440K), 0.0243246 secs] 602416K->71126K(2029056K), 0.0243932 secs] [Times: user=0.25 sys=0.00, real=0.02 secs] 
2020-09-29T18:31:29.759+0200: 10.784: [GC (Allocation Failure) 2020-09-29T18:31:29.759+0200: 10.784: [ParNew: 613440K->54193K(613440K), 0.0181598 secs] 616470K->57224K(2029056K), 0.0182402 secs] [Times: user=0.13 sys=0.00, real=0.02 secs] 
2020-09-29T18:31:29.827+0200: 10.852: [GC (Allocation Failure) 2020-09-29T18:31:29.827+0200: 10.852: [ParNew: 599537K->40353K(613440K), 0.0116938 secs] 602568K->43383K(2029056K), 0.0117496 secs] [Times: user=0.13 sys=0.00, real=0.01 secs] 
2020-09-29T18:31:29.889+0200: 10.914: [GC (Allocation Failure) 2020-09-29T18:31:29.889+0200: 10.914: [ParNew: 585697K->50382K(613440K), 0.0229530 secs] 588727K->53412K(2029056K), 0.0230384 secs] [Times: user=0.25 sys=0.00, real=0.02 secs] 
2020-09-29T18:31:29.963+0200: 10.987: [GC (Allocation Failure) 2020-09-29T18:31:29.963+0200: 10.987: [ParNew: 595726K->43888K(613440K), 0.0163711 secs] 598756K->46918K(2029056K), 0.0164263 secs] [Times: user=0.13 sys=0.00, real=0.02 secs] 
2020-09-29T18:31:30.029+0200: 11.053: [GC (Allocation Failure) 2020-09-29T18:31:30.029+0200: 11.053: [ParNew: 589232K->59372K(613440K), 0.0214043 secs] 592262K->62402K(2029056K), 0.0214626 secs] [Times: user=0.13 sys=0.00, real=0.02 secs] 
2020-09-29T18:31:30.097+0200: 11.122: [GC (Allocation Failure) 2020-09-29T18:31:30.097+0200: 11.122: [ParNew: 604716K->41850K(613440K), 0.0104963 secs] 607746K->44880K(2029056K), 0.0105576 secs] [Times: user=0.08 sys=0.00, real=0.01 secs] 
2020-09-29T18:31:30.164+0200: 11.188: [GC (Allocation Failure) 2020-09-29T18:31:30.164+0200: 11.188: [ParNew: 587194K->43879K(613440K), 0.0198690 secs] 590224K->46909K(2029056K), 0.0199300 secs] [Times: user=0.13 sys=0.00, real=0.02 secs] 
2020-09-29T18:31:30.232+0200: 11.256: [GC (Allocation Failure) 2020-09-29T18:31:30.232+0200: 11.256: [ParNew: 589223K->34199K(613440K), 0.0130620 secs] 592253K->37230K(2029056K), 0.0131224 secs] [Times: user=0.13 sys=0.00, real=0.01 secs] 
2020-09-29T18:31:30.296+0200: 11.321: [GC (Allocation Failure) 2020-09-29T18:31:30.296+0200: 11.321: [ParNew: 579543K->24844K(613440K), 0.0134298 secs] 582574K->27874K(2029056K), 0.0134830 secs] [Times: user=0.13 sys=0.00, real=0.01 secs] 
2020-09-29T18:31:30.357+0200: 11.382: [GC (Allocation Failure) 2020-09-29T18:31:30.357+0200: 11.382: [ParNew: 570188K->61030K(613440K), 0.0227808 secs] 573218K->64060K(2029056K), 0.0228396 secs] [Times: user=0.25 sys=0.00, real=0.02 secs] 
2020-09-29T18:31:30.429+0200: 11.454: [GC (Allocation Failure) 2020-09-29T18:31:30.429+0200: 11.454: [ParNew: 606374K->68096K(613440K), 0.0238691 secs] 609404K->71189K(2029056K), 0.0239346 secs] [Times: user=0.13 sys=0.00, real=0.02 secs] 
2020-09-29T18:31:30.505+0200: 11.530: [GC (Allocation Failure) 2020-09-29T18:31:30.505+0200: 11.530: [ParNew: 613440K->68096K(613440K), 0.0247948 secs] 616533K->71282K(2029056K), 0.0248727 secs] [Times: user=0.11 sys=0.00, real=0.02 secs] 
2020-09-29T18:31:30.583+0200: 11.607: [GC (Allocation Failure) 2020-09-29T18:31:30.583+0200: 11.607: [ParNew: 613440K->66180K(613440K), 0.0240726 secs] 616626K->69367K(2029056K), 0.0241548 secs] [Times: user=0.11 sys=0.00, real=0.02 secs] 
2020-09-29T18:31:30.660+0200: 11.684: [GC (Allocation Failure) 2020-09-29T18:31:30.660+0200: 11.684: [ParNew: 611524K->68096K(613440K), 0.0281921 secs] 614711K->72448K(2029056K), 0.0282506 secs] [Times: user=0.24 sys=0.00, real=0.03 secs] 
2020-09-29T18:31:30.734+0200: 11.759: [GC (Allocation Failure) 2020-09-29T18:31:30.734+0200: 11.759: [ParNew: 613440K->61065K(613440K), 0.0196543 secs] 617792K->65418K(2029056K), 0.0197076 secs] [Times: user=0.13 sys=0.00, real=0.02 secs] 
2020-09-29T18:31:30.803+0200: 11.828: [GC (Allocation Failure) 2020-09-29T18:31:30.803+0200: 11.828: [ParNew: 606409K->49246K(613440K), 0.0203109 secs] 610762K->53599K(2029056K), 0.0203761 secs] [Times: user=0.11 sys=0.00, real=0.02 secs] 
2020-09-29T18:31:30.871+0200: 11.896: [GC (Allocation Failure) 2020-09-29T18:31:30.871+0200: 11.896: [ParNew: 594590K->39858K(613440K), 0.0116001 secs] 598943K->44211K(2029056K), 0.0116676 secs] [Times: user=0.13 sys=0.00, real=0.01 secs] 
2020-09-29T18:31:30.929+0200: 11.954: [GC (Allocation Failure) 2020-09-29T18:31:30.929+0200: 11.954: [ParNew: 585202K->36333K(613440K), 0.0168905 secs] 589555K->40686K(2029056K), 0.0169447 secs] [Times: user=0.11 sys=0.00, real=0.02 secs] 
2020-09-29T18:31:30.996+0200: 12.021: [GC (Allocation Failure) 2020-09-29T18:31:30.996+0200: 12.021: [ParNew: 581677K->45333K(613440K), 0.0158311 secs] 586030K->49686K(2029056K), 0.0158905 secs] [Times: user=0.13 sys=0.00, real=0.01 secs] 
2020-09-29T18:31:31.060+0200: 12.085: [GC (Allocation Failure) 2020-09-29T18:31:31.060+0200: 12.085: [ParNew: 590677K->50024K(613440K), 0.0203948 secs] 595030K->54377K(2029056K), 0.0204533 secs] [Times: user=0.13 sys=0.00, real=0.02 secs] 
2020-09-29T18:31:31.128+0200: 12.153: [GC (Allocation Failure) 2020-09-29T18:31:31.128+0200: 12.153: [ParNew: 595368K->63755K(613440K), 0.0186135 secs] 599721K->68107K(2029056K), 0.0186769 secs] [Times: user=0.25 sys=0.00, real=0.02 secs] 
2020-09-29T18:31:31.195+0200: 12.220: [GC (Allocation Failure) 2020-09-29T18:31:31.195+0200: 12.220: [ParNew: 609099K->45815K(613440K), 0.0187646 secs] 613451K->50168K(2029056K), 0.0188197 secs] [Times: user=0.13 sys=0.00, real=0.02 secs] 
2020-09-29T18:31:31.263+0200: 12.288: [GC (Allocation Failure) 2020-09-29T18:31:31.263+0200: 12.288: [ParNew: 591159K->31007K(613440K), 0.0105707 secs] 595512K->35360K(2029056K), 0.0106308 secs] [Times: user=0.13 sys=0.00, real=0.01 secs] 
2020-09-29T18:31:31.323+0200: 12.348: [GC (Allocation Failure) 2020-09-29T18:31:31.323+0200: 12.348: [ParNew: 576351K->48663K(613440K), 0.0208660 secs] 580704K->53016K(2029056K), 0.0209392 secs] [Times: user=0.13 sys=0.00, real=0.02 secs] 
2020-09-29T18:31:31.391+0200: 12.416: [GC (Allocation Failure) 2020-09-29T18:31:31.391+0200: 12.416: [ParNew: 594007K->37491K(613440K), 0.0145072 secs] 598360K->41844K(2029056K), 0.0145706 secs] [Times: user=0.13 sys=0.00, real=0.01 secs] 
2020-09-29T18:31:31.458+0200: 12.483: [GC (Allocation Failure) 2020-09-29T18:31:31.458+0200: 12.483: [ParNew: 582835K->33209K(613440K), 0.0129373 secs] 587188K->37562K(2029056K), 0.0129924 secs] [Times: user=0.00 sys=0.00, real=0.01 secs] 
2020-09-29T18:31:31.519+0200: 12.544: [GC (Allocation Failure) 2020-09-29T18:31:31.519+0200: 12.544: [ParNew: 578553K->49197K(613440K), 0.0171506 secs] 582906K->53550K(2029056K), 0.0172127 secs] [Times: user=0.23 sys=0.00, real=0.02 secs] 
2020-09-29T18:31:31.589+0200: 12.614: [GC (Allocation Failure) 2020-09-29T18:31:31.589+0200: 12.615: [ParNew: 594541K->38336K(613440K), 0.0156227 secs] 598894K->42688K(2029056K), 0.0156856 secs] [Times: user=0.13 sys=0.00, real=0.02 secs] 
2020-09-29T18:31:31.659+0200: 12.684: [GC (Allocation Failure) 2020-09-29T18:31:31.659+0200: 12.684: [ParNew: 583680K->37314K(613440K), 0.0166565 secs] 588032K->41667K(2029056K), 0.0167218 secs] [Times: user=0.13 sys=0.00, real=0.02 secs] 
2020-09-29T18:31:31.724+0200: 12.749: [GC (Allocation Failure) 2020-09-29T18:31:31.724+0200: 12.749: [ParNew: 582658K->56107K(613440K), 0.0206932 secs] 587011K->60460K(2029056K), 0.0207590 secs] [Times: user=0.13 sys=0.00, real=0.02 secs] 
2020-09-29T18:31:31.791+0200: 12.817: [GC (Allocation Failure) 2020-09-29T18:31:31.791+0200: 12.817: [ParNew: 601451K->48432K(613440K), 0.0198006 secs] 605804K->52785K(2029056K), 0.0198589 secs] [Times: user=0.13 sys=0.00, real=0.02 secs] 
2020-09-29T18:31:31.858+0200: 12.884: [GC (Allocation Failure) 2020-09-29T18:31:31.858+0200: 12.884: [ParNew: 593776K->42405K(613440K), 0.0131655 secs] 598129K->46758K(2029056K), 0.0132337 secs] [Times: user=0.13 sys=0.00, real=0.01 secs] 
2020-09-29T18:31:31.926+0200: 12.951: [GC (Allocation Failure) 2020-09-29T18:31:31.926+0200: 12.952: [ParNew: 587749K->36976K(613440K), 0.0173949 secs] 592102K->41328K(2029056K), 0.0174937 secs] [Times: user=0.13 sys=0.00, real=0.02 secs] 
2020-09-29T18:31:31.992+0200: 13.017: [GC (Allocation Failure) 2020-09-29T18:31:31.992+0200: 13.017: [ParNew: 582320K->57347K(613440K), 0.0221196 secs] 586672K->61700K(2029056K), 0.0221767 secs] [Times: user=0.13 sys=0.00, real=0.02 secs] 
2020-09-29T18:31:32.062+0200: 13.087: [GC (Allocation Failure) 2020-09-29T18:31:32.062+0200: 13.087: [ParNew: 602691K->64003K(613440K), 0.0215457 secs] 607044K->68356K(2029056K), 0.0216038 secs] [Times: user=0.25 sys=0.00, real=0.02 secs] 
2020-09-29T18:31:32.130+0200: 13.155: [GC (Allocation Failure) 2020-09-29T18:31:32.130+0200: 13.156: [ParNew: 609347K->48810K(613440K), 0.0153430 secs] 613700K->53163K(2029056K), 0.0153985 secs] [Times: user=0.13 sys=0.00, real=0.02 secs] 
2020-09-29T18:31:32.193+0200: 13.218: [GC (Allocation Failure) 2020-09-29T18:31:32.193+0200: 13.218: [ParNew: 594154K->45153K(613440K), 0.0192664 secs] 598507K->49506K(2029056K), 0.0193257 secs] [Times: user=0.13 sys=0.00, real=0.02 secs] 
2020-09-29T18:31:32.258+0200: 13.283: [GC (Allocation Failure) 2020-09-29T18:31:32.258+0200: 13.283: [ParNew: 590497K->39970K(613440K), 0.0125039 secs] 594850K->44323K(2029056K), 0.0125588 secs] [Times: user=0.13 sys=0.00, real=0.01 secs] 
2020-09-29T18:31:32.325+0200: 13.350: [GC (Allocation Failure) 2020-09-29T18:31:32.325+0200: 13.350: [ParNew: 585314K->37672K(613440K), 0.0166738 secs] 589667K->42025K(2029056K), 0.0167369 secs] [Times: user=0.13 sys=0.00, real=0.02 secs] 
2020-09-29T18:31:32.396+0200: 13.421: [GC (Allocation Failure) 2020-09-29T18:31:32.396+0200: 13.421: [ParNew: 583016K->50623K(613440K), 0.0170407 secs] 587369K->54976K(2029056K), 0.0171123 secs] [Times: user=0.13 sys=0.00, real=0.02 secs] 
2020-09-29T18:31:32.463+0200: 13.488: [GC (Allocation Failure) 2020-09-29T18:31:32.463+0200: 13.488: [ParNew: 595967K->36738K(613440K), 0.0179673 secs] 600320K->41091K(2029056K), 0.0180369 secs] [Times: user=0.13 sys=0.00, real=0.02 secs] 
2020-09-29T18:31:32.529+0200: 13.554: [GC (Allocation Failure) 2020-09-29T18:31:32.529+0200: 13.554: [ParNew: 582082K->40227K(613440K), 0.0157722 secs] 586435K->44580K(2029056K), 0.0158396 secs] [Times: user=0.13 sys=0.00, real=0.02 secs] 
2020-09-29T18:31:32.597+0200: 13.622: [GC (Allocation Failure) 2020-09-29T18:31:32.597+0200: 13.622: [ParNew: 585571K->56224K(613440K), 0.0208560 secs] 589924K->60577K(2029056K), 0.0209175 secs] [Times: user=0.23 sys=0.00, real=0.02 secs] 
2020-09-29T18:31:32.668+0200: 13.693: [GC (Allocation Failure) 2020-09-29T18:31:32.668+0200: 13.693: [ParNew: 601568K->45727K(613440K), 0.0199173 secs] 605921K->50080K(2029056K), 0.0199847 secs] [Times: user=0.13 sys=0.00, real=0.02 secs] 
2020-09-29T18:31:32.736+0200: 13.762: [GC (Allocation Failure) 2020-09-29T18:31:32.737+0200: 13.762: [ParNew: 591071K->68096K(613440K), 0.0248256 secs] 595424K->73224K(2029056K), 0.0249029 secs] [Times: user=0.25 sys=0.00, real=0.02 secs] 
2020-09-29T18:31:32.808+0200: 13.833: [GC (Allocation Failure) 2020-09-29T18:31:32.808+0200: 13.833: [ParNew: 613440K->59731K(613440K), 0.0234389 secs] 618568K->64859K(2029056K), 0.0234984 secs] [Times: user=0.25 sys=0.00, real=0.02 secs] 
2020-09-29T18:31:32.878+0200: 13.903: [GC (Allocation Failure) 2020-09-29T18:31:32.878+0200: 13.903: [ParNew: 605075K->50803K(613440K), 0.0174564 secs] 610203K->55932K(2029056K), 0.0175126 secs] [Times: user=0.23 sys=0.02, real=0.02 secs] 
2020-09-29T18:31:32.942+0200: 13.968: [GC (Allocation Failure) 2020-09-29T18:31:32.943+0200: 13.968: [ParNew: 596147K->44626K(613440K), 0.0166993 secs] 601276K->49754K(2029056K), 0.0167726 secs] [Times: user=0.13 sys=0.00, real=0.02 secs] 
2020-09-29T18:31:33.014+0200: 14.039: [GC (Allocation Failure) 2020-09-29T18:31:33.014+0200: 14.039: [ParNew: 589970K->59923K(613440K), 0.0204866 secs] 595098K->65052K(2029056K), 0.0205519 secs] [Times: user=0.13 sys=0.00, real=0.02 secs] 
2020-09-29T18:31:33.085+0200: 14.110: [GC (Allocation Failure) 2020-09-29T18:31:33.085+0200: 14.110: [ParNew: 605267K->49297K(613440K), 0.0205502 secs] 610396K->54425K(2029056K), 0.0206202 secs] [Times: user=0.13 sys=0.00, real=0.02 secs] 
2020-09-29T18:31:33.153+0200: 14.178: [GC (Allocation Failure) 2020-09-29T18:31:33.153+0200: 14.178: [ParNew: 594641K->41386K(613440K), 0.0135491 secs] 599769K->46514K(2029056K), 0.0136086 secs] [Times: user=0.13 sys=0.00, real=0.01 secs] 
2020-09-29T18:31:33.215+0200: 14.240: [GC (Allocation Failure) 2020-09-29T18:31:33.215+0200: 14.240: [ParNew: 586730K->59766K(613440K), 0.0236708 secs] 591858K->64894K(2029056K), 0.0237529 secs] [Times: user=0.13 sys=0.00, real=0.02 secs] 
2020-09-29T18:31:33.287+0200: 14.312: [GC (Allocation Failure) 2020-09-29T18:31:33.287+0200: 14.312: [ParNew: 605110K->68096K(613440K), 0.0243077 secs] 610238K->73555K(2029056K), 0.0243654 secs] [Times: user=0.13 sys=0.00, real=0.02 secs] 
2020-09-29T18:31:33.358+0200: 14.383: [GC (Allocation Failure) 2020-09-29T18:31:33.358+0200: 14.383: [ParNew: 613440K->55915K(613440K), 0.0185639 secs] 618899K->61375K(2029056K), 0.0186273 secs] [Times: user=0.13 sys=0.00, real=0.02 secs] 
2020-09-29T18:31:33.424+0200: 14.449: [GC (Allocation Failure) 2020-09-29T18:31:33.424+0200: 14.449: [ParNew: 601259K->44018K(613440K), 0.0196073 secs] 606719K->49477K(2029056K), 0.0197019 secs] [Times: user=0.23 sys=0.00, real=0.02 secs] 
2020-09-29T18:31:33.494+0200: 14.519: [GC (Allocation Failure) 2020-09-29T18:31:33.494+0200: 14.519: [ParNew: 589362K->40615K(613440K), 0.0153263 secs] 594821K->46074K(2029056K), 0.0153884 secs] [Times: user=0.13 sys=0.00, real=0.02 secs] 
2020-09-29T18:31:33.560+0200: 14.585: [GC (Allocation Failure) 2020-09-29T18:31:33.560+0200: 14.585: [ParNew: 585959K->57296K(613440K), 0.0217904 secs] 591418K->62755K(2029056K), 0.0218651 secs] [Times: user=0.24 sys=0.00, real=0.02 secs] 
2020-09-29T18:31:33.632+0200: 14.657: [GC (Allocation Failure) 2020-09-29T18:31:33.632+0200: 14.657: [ParNew: 602640K->43947K(613440K), 0.0165011 secs] 608099K->49406K(2029056K), 0.0165651 secs] [Times: user=0.13 sys=0.00, real=0.02 secs] 
2020-09-29T18:31:33.696+0200: 14.721: [GC (Allocation Failure) 2020-09-29T18:31:33.696+0200: 14.721: [ParNew: 589291K->58995K(613440K), 0.0191740 secs] 594750K->64454K(2029056K), 0.0192288 secs] [Times: user=0.13 sys=0.00, real=0.02 secs] 
2020-09-29T18:31:33.764+0200: 14.789: [GC (Allocation Failure) 2020-09-29T18:31:33.764+0200: 14.789: [ParNew: 604339K->44437K(613440K), 0.0193322 secs] 609798K->49896K(2029056K), 0.0193991 secs] [Times: user=0.13 sys=0.00, real=0.02 secs] 
2020-09-29T18:31:33.830+0200: 14.855: [GC (Allocation Failure) 2020-09-29T18:31:33.830+0200: 14.855: [ParNew: 589781K->45356K(613440K), 0.0173957 secs] 595240K->50815K(2029056K), 0.0174664 secs] [Times: user=0.13 sys=0.00, real=0.02 secs] 
2020-09-29T18:31:33.899+0200: 14.924: [GC (Allocation Failure) 2020-09-29T18:31:33.899+0200: 14.924: [ParNew: 590700K->42766K(613440K), 0.0171072 secs] 596159K->48225K(2029056K), 0.0171663 secs] [Times: user=0.13 sys=0.00, real=0.02 secs] 
2020-09-29T18:31:33.963+0200: 14.988: [GC (Allocation Failure) 2020-09-29T18:31:33.963+0200: 14.988: [ParNew: 588110K->65564K(613440K), 0.0216349 secs] 593569K->71023K(2029056K), 0.0216962 secs] [Times: user=0.13 sys=0.00, real=0.02 secs] 
2020-09-29T18:31:34.032+0200: 15.057: [GC (Allocation Failure) 2020-09-29T18:31:34.032+0200: 15.057: [ParNew: 610908K->50659K(613440K), 0.0219195 secs] 616367K->56118K(2029056K), 0.0219751 secs] [Times: user=0.25 sys=0.00, real=0.02 secs] 
2020-09-29T18:31:34.101+0200: 15.126: [GC (Allocation Failure) 2020-09-29T18:31:34.101+0200: 15.126: [ParNew: 596003K->45900K(613440K), 0.0154868 secs] 601462K->51359K(2029056K), 0.0155443 secs] [Times: user=0.13 sys=0.00, real=0.02 secs] 
2020-09-29T18:31:34.165+0200: 15.190: [GC (Allocation Failure) 2020-09-29T18:31:34.165+0200: 15.190: [ParNew: 591244K->61662K(613440K), 0.0210229 secs] 596703K->67121K(2029056K), 0.0210914 secs] [Times: user=0.13 sys=0.00, real=0.02 secs] 
2020-09-29T18:31:34.235+0200: 15.260: [GC (Allocation Failure) 2020-09-29T18:31:34.235+0200: 15.260: [ParNew: 607006K->42133K(613440K), 0.0189792 secs] 612465K->47592K(2029056K), 0.0190543 secs] [Times: user=0.25 sys=0.00, real=0.02 secs] 
2020-09-29T18:31:34.302+0200: 15.327: [GC (Allocation Failure) 2020-09-29T18:31:34.302+0200: 15.327: [ParNew: 587477K->42811K(613440K), 0.0184842 secs] 592936K->48270K(2029056K), 0.0185418 secs] [Times: user=0.13 sys=0.00, real=0.02 secs] 
2020-09-29T18:31:34.371+0200: 15.396: [GC (Allocation Failure) 2020-09-29T18:31:34.371+0200: 15.396: [ParNew: 588155K->38920K(613440K), 0.0186810 secs] 593614K->44379K(2029056K), 0.0187365 secs] [Times: user=0.13 sys=0.00, real=0.02 secs] 
2020-09-29T18:31:34.441+0200: 15.466: [GC (Allocation Failure) 2020-09-29T18:31:34.441+0200: 15.466: [ParNew: 584264K->41504K(613440K), 0.0181117 secs] 589723K->46963K(2029056K), 0.0181720 secs] [Times: user=0.25 sys=0.00, real=0.02 secs] 
2020-09-29T18:31:34.509+0200: 15.534: [GC (Allocation Failure) 2020-09-29T18:31:34.509+0200: 15.534: [ParNew: 586848K->64791K(613440K), 0.0227383 secs] 592307K->70250K(2029056K), 0.0228077 secs] [Times: user=0.11 sys=0.00, real=0.02 secs] 
2020-09-29T18:31:34.579+0200: 15.604: [GC (Allocation Failure) 2020-09-29T18:31:34.579+0200: 15.604: [ParNew: 610135K->52389K(613440K), 0.0214663 secs] 615594K->57848K(2029056K), 0.0215473 secs] [Times: user=0.25 sys=0.00, real=0.02 secs] 
2020-09-29T18:31:34.651+0200: 15.676: [GC (Allocation Failure) 2020-09-29T18:31:34.651+0200: 15.676: [ParNew: 597733K->44585K(613440K), 0.0157266 secs] 603192K->50044K(2029056K), 0.0158040 secs] [Times: user=0.13 sys=0.00, real=0.02 secs] 
2020-09-29T18:31:34.715+0200: 15.740: [GC (Allocation Failure) 2020-09-29T18:31:34.715+0200: 15.740: [ParNew: 589929K->47109K(613440K), 0.0197441 secs] 595388K->52568K(2029056K), 0.0197993 secs] [Times: user=0.13 sys=0.00, real=0.02 secs] 
2020-09-29T18:31:34.782+0200: 15.807: [GC (Allocation Failure) 2020-09-29T18:31:34.782+0200: 15.807: [ParNew: 592453K->44501K(613440K), 0.0143364 secs] 597912K->49960K(2029056K), 0.0144119 secs] [Times: user=0.13 sys=0.00, real=0.01 secs] 
2020-09-29T18:31:34.846+0200: 15.871: [GC (Allocation Failure) 2020-09-29T18:31:34.846+0200: 15.871: [ParNew: 589845K->38192K(613440K), 0.0180705 secs] 595304K->43651K(2029056K), 0.0181290 secs] [Times: user=0.24 sys=0.00, real=0.02 secs] 
2020-09-29T18:31:34.917+0200: 15.942: [GC (Allocation Failure) 2020-09-29T18:31:34.917+0200: 15.942: [ParNew: 583536K->34018K(613440K), 0.0119681 secs] 588995K->39477K(2029056K), 0.0120611 secs] [Times: user=0.13 sys=0.00, real=0.01 secs] 
2020-09-29T18:31:34.979+0200: 16.004: [GC (Allocation Failure) 2020-09-29T18:31:34.979+0200: 16.004: [ParNew: 579362K->54646K(613440K), 0.0227965 secs] 584821K->60105K(2029056K), 0.0228808 secs] [Times: user=0.13 sys=0.00, real=0.02 secs] 
2020-09-29T18:31:35.050+0200: 16.075: [GC (Allocation Failure) 2020-09-29T18:31:35.050+0200: 16.075: [ParNew: 599990K->43459K(613440K), 0.0156569 secs] 605449K->48918K(2029056K), 0.0157128 secs] [Times: user=0.13 sys=0.00, real=0.02 secs] 
2020-09-29T18:31:35.116+0200: 16.141: [GC (Allocation Failure) 2020-09-29T18:31:35.116+0200: 16.141: [ParNew: 588803K->56405K(613440K), 0.0202531 secs] 594262K->61864K(2029056K), 0.0203227 secs] [Times: user=0.13 sys=0.00, real=0.02 secs] 
2020-09-29T18:31:35.183+0200: 16.208: [GC (Allocation Failure) 2020-09-29T18:31:35.183+0200: 16.208: [ParNew: 601749K->42420K(613440K), 0.0161209 secs] 607208K->47879K(2029056K), 0.0161821 secs] [Times: user=0.13 sys=0.00, real=0.02 secs] 
2020-09-29T18:31:35.248+0200: 16.273: [GC (Allocation Failure) 2020-09-29T18:31:35.248+0200: 16.273: [ParNew: 587764K->23085K(613440K), 0.0143678 secs] 593223K->28544K(2029056K), 0.0144535 secs] [Times: user=0.13 sys=0.00, real=0.02 secs] 
2020-09-29T18:31:35.313+0200: 16.338: [GC (Allocation Failure) 2020-09-29T18:31:35.313+0200: 16.338: [ParNew: 568429K->43745K(613440K), 0.0184548 secs] 573888K->49204K(2029056K), 0.0185230 secs] [Times: user=0.13 sys=0.00, real=0.02 secs] 
2020-09-29T18:31:35.383+0200: 16.408: [GC (Allocation Failure) 2020-09-29T18:31:35.383+0200: 16.408: [ParNew: 589089K->34715K(613440K), 0.0175919 secs] 594548K->40174K(2029056K), 0.0176870 secs] [Times: user=0.13 sys=0.00, real=0.02 secs] 
2020-09-29T18:31:35.454+0200: 16.479: [GC (Allocation Failure) 2020-09-29T18:31:35.454+0200: 16.479: [ParNew: 580059K->33059K(613440K), 0.0134365 secs] 585518K->38518K(2029056K), 0.0135076 secs] [Times: user=0.13 sys=0.00, real=0.01 secs] 
2020-09-29T18:31:35.522+0200: 16.547: [GC (Allocation Failure) 2020-09-29T18:31:35.522+0200: 16.548: [ParNew: 578403K->32408K(613440K), 0.0132811 secs] 583862K->37867K(2029056K), 0.0133534 secs] [Times: user=0.13 sys=0.00, real=0.01 secs] 
2020-09-29T18:31:35.586+0200: 16.611: [GC (Allocation Failure) 2020-09-29T18:31:35.586+0200: 16.612: [ParNew: 577752K->41658K(613440K), 0.0192368 secs] 583211K->47117K(2029056K), 0.0193176 secs] [Times: user=0.11 sys=0.00, real=0.02 secs] 
2020-09-29T18:31:35.657+0200: 16.682: [GC (Allocation Failure) 2020-09-29T18:31:35.657+0200: 16.682: [ParNew: 587002K->47805K(613440K), 0.0186390 secs] 592461K->53264K(2029056K), 0.0186974 secs] [Times: user=0.23 sys=0.00, real=0.02 secs] 
2020-09-29T18:31:35.726+0200: 16.751: [GC (Allocation Failure) 2020-09-29T18:31:35.727+0200: 16.752: [ParNew: 593149K->36188K(613440K), 0.0215234 secs] 598608K->41647K(2029056K), 0.0224194 secs] [Times: user=0.13 sys=0.00, real=0.02 secs] 
2020-09-29T18:31:35.805+0200: 16.830: [GC (Allocation Failure) 2020-09-29T18:31:35.805+0200: 16.830: [ParNew: 581532K->34079K(613440K), 0.0184495 secs] 586991K->39538K(2029056K), 0.0185186 secs] [Times: user=0.13 sys=0.00, real=0.02 secs] 
2020-09-29T18:31:35.883+0200: 16.908: [GC (Allocation Failure) 2020-09-29T18:31:35.883+0200: 16.908: [ParNew: 579423K->53094K(613440K), 0.0242750 secs] 584882K->58553K(2029056K), 0.0243495 secs] [Times: user=0.13 sys=0.00, real=0.03 secs] 
2020-09-29T18:31:35.956+0200: 16.981: [GC (Allocation Failure) 2020-09-29T18:31:35.956+0200: 16.981: [ParNew: 598438K->39313K(613440K), 0.0230585 secs] 603897K->44772K(2029056K), 0.0231443 secs] [Times: user=0.25 sys=0.00, real=0.02 secs] 
2020-09-29T18:31:36.035+0200: 17.060: [GC (Allocation Failure) 2020-09-29T18:31:36.035+0200: 17.060: [ParNew: 584657K->41474K(613440K), 0.0226793 secs] 590116K->46933K(2029056K), 0.0227504 secs] [Times: user=0.11 sys=0.00, real=0.02 secs] 
2020-09-29T18:31:36.116+0200: 17.141: [GC (Allocation Failure) 2020-09-29T18:31:36.116+0200: 17.141: [ParNew: 586818K->32833K(613440K), 0.0150420 secs] 592277K->38292K(2029056K), 0.0151062 secs] [Times: user=0.13 sys=0.00, real=0.02 secs] 
2020-09-29T18:31:36.188+0200: 17.214: [GC (Allocation Failure) 2020-09-29T18:31:36.189+0200: 17.214: [ParNew: 578177K->45988K(613440K), 0.0272046 secs] 583636K->51447K(2029056K), 0.0272812 secs] [Times: user=0.25 sys=0.00, real=0.03 secs] 
2020-09-29T18:31:36.264+0200: 17.289: [GC (Allocation Failure) 2020-09-29T18:31:36.264+0200: 17.289: [ParNew: 591332K->38700K(613440K), 0.0190022 secs] 596791K->44160K(2029056K), 0.0190697 secs] [Times: user=0.13 sys=0.00, real=0.02 secs] 
2020-09-29T18:31:36.334+0200: 17.358: [GC (Allocation Failure) 2020-09-29T18:31:36.334+0200: 17.359: [ParNew: 584044K->52394K(613440K), 0.0249401 secs] 589504K->57853K(2029056K), 0.0250175 secs] [Times: user=0.13 sys=0.00, real=0.02 secs] 
2020-09-29T18:31:36.412+0200: 17.437: [GC (Allocation Failure) 2020-09-29T18:31:36.412+0200: 17.437: [ParNew: 597738K->38654K(613440K), 0.0182198 secs] 603197K->44113K(2029056K), 0.0182984 secs] [Times: user=0.11 sys=0.00, real=0.02 secs] 
2020-09-29T18:31:36.488+0200: 17.513: [GC (Allocation Failure) 2020-09-29T18:31:36.488+0200: 17.513: [ParNew: 583998K->40052K(613440K), 0.0224940 secs] 589457K->45511K(2029056K), 0.0225650 secs] [Times: user=0.13 sys=0.00, real=0.02 secs] 
2020-09-29T18:31:36.561+0200: 17.585: [GC (Allocation Failure) 2020-09-29T18:31:36.561+0200: 17.585: [ParNew: 585396K->48367K(613440K), 0.0232323 secs] 590855K->53826K(2029056K), 0.0233090 secs] [Times: user=0.22 sys=0.00, real=0.02 secs] 
2020-09-29T18:31:36.635+0200: 17.660: [GC (Allocation Failure) 2020-09-29T18:31:36.635+0200: 17.660: [ParNew: 593711K->33680K(613440K), 0.0201775 secs] 599170K->39139K(2029056K), 0.0202655 secs] [Times: user=0.13 sys=0.00, real=0.02 secs] 
2020-09-29T18:31:36.707+0200: 17.732: [GC (Allocation Failure) 2020-09-29T18:31:36.707+0200: 17.732: [ParNew: 579024K->55320K(613440K), 0.0258269 secs] 584483K->60779K(2029056K), 0.0258968 secs] [Times: user=0.14 sys=0.00, real=0.03 secs] 
2020-09-29T18:31:36.782+0200: 17.807: [GC (Allocation Failure) 2020-09-29T18:31:36.783+0200: 17.807: [ParNew: 600664K->40261K(613440K), 0.0181588 secs] 606123K->45720K(2029056K), 0.0182442 secs] [Times: user=0.13 sys=0.00, real=0.02 secs] 
2020-09-29T18:31:36.855+0200: 17.879: [GC (Allocation Failure) 2020-09-29T18:31:36.855+0200: 17.879: [ParNew: 585605K->54776K(613440K), 0.0306867 secs] 591064K->60236K(2029056K), 0.0307601 secs] [Times: user=0.25 sys=0.00, real=0.03 secs] 
2020-09-29T18:31:36.934+0200: 17.959: [GC (Allocation Failure) 2020-09-29T18:31:36.934+0200: 17.959: [ParNew: 600120K->44658K(613440K), 0.0150506 secs] 605580K->50117K(2029056K), 0.0151143 secs] [Times: user=0.13 sys=0.00, real=0.01 secs] 
2020-09-29T18:31:37.015+0200: 18.040: [GC (Allocation Failure) 2020-09-29T18:31:37.015+0200: 18.040: [ParNew: 590002K->45365K(613440K), 0.0224466 secs] 595461K->50824K(2029056K), 0.0225296 secs] [Times: user=0.25 sys=0.00, real=0.02 secs] 
2020-09-29T18:31:37.088+0200: 18.113: [GC (Allocation Failure) 2020-09-29T18:31:37.088+0200: 18.113: [ParNew: 590709K->46871K(613440K), 0.0227455 secs] 596168K->52330K(2029056K), 0.0228096 secs] [Times: user=0.13 sys=0.00, real=0.02 secs] 
2020-09-29T18:31:37.160+0200: 18.184: [GC (Allocation Failure) 2020-09-29T18:31:37.160+0200: 18.184: [ParNew: 592215K->36941K(613440K), 0.0195397 secs] 597674K->42400K(2029056K), 0.0196109 secs] [Times: user=0.23 sys=0.00, real=0.02 secs] 
2020-09-29T18:31:37.240+0200: 18.265: [GC (Allocation Failure) 2020-09-29T18:31:37.240+0200: 18.265: [ParNew: 582285K->54546K(613440K), 0.0253990 secs] 587744K->60005K(2029056K), 0.0254714 secs] [Times: user=0.13 sys=0.00, real=0.03 secs] 
2020-09-29T18:31:37.313+0200: 18.337: [GC (Allocation Failure) 2020-09-29T18:31:37.313+0200: 18.337: [ParNew: 599890K->42177K(613440K), 0.0236788 secs] 605349K->47636K(2029056K), 0.0237467 secs] [Times: user=0.25 sys=0.00, real=0.02 secs] 
2020-09-29T18:31:37.384+0200: 18.408: [GC (Allocation Failure) 2020-09-29T18:31:37.384+0200: 18.408: [ParNew: 587521K->66752K(613440K), 0.0296667 secs] 592980K->72211K(2029056K), 0.0297588 secs] [Times: user=0.25 sys=0.00, real=0.03 secs] 
2020-09-29T18:31:37.464+0200: 18.488: [GC (Allocation Failure) 2020-09-29T18:31:37.464+0200: 18.488: [ParNew: 612096K->44160K(613440K), 0.0141107 secs] 617555K->49619K(2029056K), 0.0141775 secs] [Times: user=0.13 sys=0.00, real=0.01 secs] 
2020-09-29T18:31:37.526+0200: 18.551: [GC (Allocation Failure) 2020-09-29T18:31:37.526+0200: 18.551: [ParNew: 589504K->35337K(613440K), 0.0195832 secs] 594963K->40796K(2029056K), 0.0196506 secs] [Times: user=0.13 sys=0.00, real=0.02 secs] 
2020-09-29T18:31:37.600+0200: 18.625: [GC (Allocation Failure) 2020-09-29T18:31:37.600+0200: 18.625: [ParNew: 580681K->48182K(613440K), 0.0261332 secs] 586140K->53641K(2029056K), 0.0261992 secs] [Times: user=0.13 sys=0.00, real=0.03 secs] 
2020-09-29T18:31:37.678+0200: 18.703: [GC (Allocation Failure) 2020-09-29T18:31:37.678+0200: 18.703: [ParNew: 593526K->42782K(613440K), 0.0192563 secs] 598985K->48241K(2029056K), 0.0193364 secs] [Times: user=0.13 sys=0.00, real=0.02 secs] 
2020-09-29T18:31:37.753+0200: 18.777: [GC (Allocation Failure) 2020-09-29T18:31:37.753+0200: 18.777: [ParNew: 588126K->38282K(613440K), 0.0185596 secs] 593585K->43741K(2029056K), 0.0186487 secs] [Times: user=0.23 sys=0.00, real=0.02 secs] 
2020-09-29T18:31:37.822+0200: 18.847: [GC (Allocation Failure) 2020-09-29T18:31:37.822+0200: 18.847: [ParNew: 583626K->41049K(613440K), 0.0232884 secs] 589085K->46508K(2029056K), 0.0233558 secs] [Times: user=0.13 sys=0.00, real=0.02 secs] 
2020-09-29T18:31:37.898+0200: 18.923: [GC (Allocation Failure) 2020-09-29T18:31:37.898+0200: 18.923: [ParNew: 586393K->54775K(613440K), 0.0224543 secs] 591852K->60234K(2029056K), 0.0225635 secs] [Times: user=0.13 sys=0.00, real=0.02 secs] 
2020-09-29T18:31:37.972+0200: 18.997: [GC (Allocation Failure) 2020-09-29T18:31:37.972+0200: 18.997: [ParNew: 600119K->56591K(613440K), 0.0237761 secs] 605578K->62050K(2029056K), 0.0238658 secs] [Times: user=0.14 sys=0.00, real=0.02 secs] 
2020-09-29T18:31:38.048+0200: 19.072: [GC (Allocation Failure) 2020-09-29T18:31:38.048+0200: 19.073: [ParNew: 601935K->23436K(613440K), 0.0144463 secs] 607394K->28895K(2029056K), 0.0145136 secs] [Times: user=0.13 sys=0.00, real=0.01 secs] 
2020-09-29T18:31:38.116+0200: 19.140: [GC (Allocation Failure) 2020-09-29T18:31:38.116+0200: 19.140: [ParNew: 568780K->40506K(613440K), 0.0206764 secs] 574239K->45965K(2029056K), 0.0207404 secs] [Times: user=0.13 sys=0.00, real=0.02 secs] 
2020-09-29T18:31:38.183+0200: 19.207: [GC (Allocation Failure) 2020-09-29T18:31:38.183+0200: 19.207: [ParNew: 585850K->27291K(613440K), 0.0189465 secs] 591309K->32750K(2029056K), 0.0190149 secs] [Times: user=0.13 sys=0.00, real=0.02 secs] 
2020-09-29T18:31:38.253+0200: 19.278: [GC (Allocation Failure) 2020-09-29T18:31:38.253+0200: 19.278: [ParNew: 572635K->30701K(613440K), 0.0152469 secs] 578094K->36160K(2029056K), 0.0153235 secs] [Times: user=0.13 sys=0.00, real=0.01 secs] 
2020-09-29T18:31:38.321+0200: 19.346: [GC (Allocation Failure) 2020-09-29T18:31:38.321+0200: 19.346: [ParNew: 576045K->25752K(613440K), 0.0149249 secs] 581504K->31211K(2029056K), 0.0149914 secs] [Times: user=0.13 sys=0.00, real=0.01 secs] 
2020-09-29T18:31:38.392+0200: 19.416: [GC (Allocation Failure) 2020-09-29T18:31:38.392+0200: 19.416: [ParNew: 571096K->39689K(613440K), 0.0214742 secs] 576555K->45148K(2029056K), 0.0215559 secs] [Times: user=0.25 sys=0.00, real=0.02 secs] 
2020-09-29T18:31:38.465+0200: 19.489: [GC (Allocation Failure) 2020-09-29T18:31:38.465+0200: 19.489: [ParNew: 585033K->58982K(613440K), 0.0281064 secs] 590492K->64441K(2029056K), 0.0281893 secs] [Times: user=0.25 sys=0.00, real=0.03 secs] 
2020-09-29T18:31:38.540+0200: 19.565: [GC (Allocation Failure) 2020-09-29T18:31:38.540+0200: 19.565: [ParNew: 604326K->41882K(613440K), 0.0207987 secs] 609785K->47341K(2029056K), 0.0208837 secs] [Times: user=0.13 sys=0.00, real=0.02 secs] 
2020-09-29T18:31:38.611+0200: 19.635: [GC (Allocation Failure) 2020-09-29T18:31:38.611+0200: 19.635: [ParNew: 587226K->55908K(613440K), 0.0267056 secs] 592685K->61367K(2029056K), 0.0267857 secs] [Times: user=0.23 sys=0.00, real=0.03 secs] 
2020-09-29T18:31:38.688+0200: 19.713: [GC (Allocation Failure) 2020-09-29T18:31:38.688+0200: 19.713: [ParNew: 601252K->44222K(613440K), 0.0167757 secs] 606711K->49681K(2029056K), 0.0168418 secs] [Times: user=0.13 sys=0.00, real=0.02 secs] 
2020-09-29T18:31:38.765+0200: 19.790: [GC (Allocation Failure) 2020-09-29T18:31:38.765+0200: 19.790: [ParNew: 589566K->27540K(613440K), 0.0162213 secs] 595025K->32999K(2029056K), 0.0163030 secs] [Times: user=0.11 sys=0.00, real=0.02 secs] 
2020-09-29T18:31:38.831+0200: 19.856: [GC (Allocation Failure) 2020-09-29T18:31:38.831+0200: 19.856: [ParNew: 572884K->46316K(613440K), 0.0221321 secs] 578343K->51775K(2029056K), 0.0221976 secs] [Times: user=0.25 sys=0.00, real=0.02 secs] 
2020-09-29T18:31:38.903+0200: 19.927: [GC (Allocation Failure) 2020-09-29T18:31:38.903+0200: 19.928: [ParNew: 591660K->58731K(613440K), 0.0293322 secs] 597119K->64190K(2029056K), 0.0293976 secs] [Times: user=0.25 sys=0.00, real=0.03 secs] 
2020-09-29T18:31:38.982+0200: 20.007: [GC (Allocation Failure) 2020-09-29T18:31:38.982+0200: 20.007: [ParNew: 604075K->68096K(613440K), 0.0368694 secs] 609534K->75954K(2029056K), 0.0369314 secs] [Times: user=0.23 sys=0.00, real=0.04 secs] 
2020-09-29T18:31:39.069+0200: 20.094: [GC (Allocation Failure) 2020-09-29T18:31:39.069+0200: 20.094: [ParNew: 613440K->63483K(613440K), 0.0271252 secs] 621298K->71341K(2029056K), 0.0272184 secs] [Times: user=0.13 sys=0.00, real=0.03 secs] 
2020-09-29T18:31:39.149+0200: 20.174: [GC (Allocation Failure) 2020-09-29T18:31:39.149+0200: 20.174: [ParNew: 608827K->43902K(613440K), 0.0172994 secs] 616685K->51761K(2029056K), 0.0173688 secs] [Times: user=0.13 sys=0.00, real=0.02 secs] 
2020-09-29T18:31:39.218+0200: 20.242: [GC (Allocation Failure) 2020-09-29T18:31:39.218+0200: 20.242: [ParNew: 589246K->23757K(613440K), 0.0169823 secs] 597105K->31615K(2029056K), 0.0170493 secs] [Times: user=0.13 sys=0.00, real=0.02 secs] 
2020-09-29T18:31:39.292+0200: 20.316: [GC (Allocation Failure) 2020-09-29T18:31:39.292+0200: 20.316: [ParNew: 569101K->28374K(613440K), 0.0138341 secs] 576959K->36232K(2029056K), 0.0138976 secs] [Times: user=0.13 sys=0.00, real=0.01 secs] 
2020-09-29T18:31:39.361+0200: 20.386: [GC (Allocation Failure) 2020-09-29T18:31:39.361+0200: 20.386: [ParNew: 573718K->36514K(613440K), 0.0203785 secs] 581576K->44372K(2029056K), 0.0204620 secs] [Times: user=0.25 sys=0.00, real=0.02 secs] 
2020-09-29T18:31:39.431+0200: 20.456: [GC (Allocation Failure) 2020-09-29T18:31:39.431+0200: 20.456: [ParNew: 581858K->53466K(613440K), 0.0278071 secs] 589716K->61324K(2029056K), 0.0278838 secs] [Times: user=0.23 sys=0.00, real=0.03 secs] 
2020-09-29T18:31:39.517+0200: 20.541: [GC (Allocation Failure) 2020-09-29T18:31:39.517+0200: 20.541: [ParNew: 598810K->43191K(613440K), 0.0182536 secs] 606668K->51049K(2029056K), 0.0183196 secs] [Times: user=0.13 sys=0.00, real=0.02 secs] 
2020-09-29T18:31:39.587+0200: 20.612: [GC (Allocation Failure) 2020-09-29T18:31:39.587+0200: 20.612: [ParNew: 588535K->63136K(613440K), 0.0322527 secs] 596393K->70994K(2029056K), 0.0323318 secs] [Times: user=0.23 sys=0.00, real=0.03 secs] 
2020-09-29T18:31:39.670+0200: 20.695: [GC (Allocation Failure) 2020-09-29T18:31:39.670+0200: 20.695: [ParNew: 608480K->42805K(613440K), 0.0172513 secs] 616338K->50664K(2029056K), 0.0173321 secs] [Times: user=0.13 sys=0.00, real=0.02 secs] 
2020-09-29T18:31:39.739+0200: 20.764: [GC (Allocation Failure) 2020-09-29T18:31:39.739+0200: 20.764: [ParNew: 588149K->39801K(613440K), 0.0228526 secs] 596008K->47660K(2029056K), 0.0229188 secs] [Times: user=0.13 sys=0.00, real=0.02 secs] 
2020-09-29T18:31:39.814+0200: 20.839: [GC (Allocation Failure) 2020-09-29T18:31:39.814+0200: 20.839: [ParNew: 585145K->36366K(613440K), 0.0210769 secs] 593004K->44224K(2029056K), 0.0211580 secs] [Times: user=0.24 sys=0.00, real=0.02 secs] 
2020-09-29T18:31:39.887+0200: 20.911: [GC (Allocation Failure) 2020-09-29T18:31:39.887+0200: 20.912: [ParNew: 581710K->36066K(613440K), 0.0195914 secs] 589568K->43924K(2029056K), 0.0196617 secs] [Times: user=0.13 sys=0.00, real=0.02 secs] 
2020-09-29T18:31:39.958+0200: 20.982: [GC (Allocation Failure) 2020-09-29T18:31:39.958+0200: 20.982: [ParNew: 581410K->33652K(613440K), 0.0189908 secs] 589268K->41510K(2029056K), 0.0190619 secs] [Times: user=0.13 sys=0.00, real=0.02 secs] 
2020-09-29T18:31:40.034+0200: 21.059: [GC (Allocation Failure) 2020-09-29T18:31:40.034+0200: 21.059: [ParNew: 578996K->49734K(613440K), 0.0266844 secs] 586854K->57592K(2029056K), 0.0267497 secs] [Times: user=0.25 sys=0.00, real=0.03 secs] 
2020-09-29T18:31:40.109+0200: 21.134: [GC (Allocation Failure) 2020-09-29T18:31:40.109+0200: 21.134: [ParNew: 595078K->59618K(613440K), 0.0247643 secs] 602936K->67476K(2029056K), 0.0248336 secs] [Times: user=0.25 sys=0.00, real=0.03 secs] 
2020-09-29T18:31:40.188+0200: 21.212: [GC (Allocation Failure) 2020-09-29T18:31:40.188+0200: 21.212: [ParNew: 604962K->28749K(613440K), 0.0144405 secs] 612820K->36608K(2029056K), 0.0145088 secs] [Times: user=0.13 sys=0.00, real=0.01 secs] 
2020-09-29T18:31:40.261+0200: 21.286: [GC (Allocation Failure) 2020-09-29T18:31:40.261+0200: 21.286: [ParNew: 574093K->41106K(613440K), 0.0224052 secs] 581952K->48964K(2029056K), 0.0224836 secs] [Times: user=0.13 sys=0.00, real=0.02 secs] 
2020-09-29T18:31:40.335+0200: 21.360: [GC (Allocation Failure) 2020-09-29T18:31:40.335+0200: 21.360: [ParNew: 586450K->61224K(613440K), 0.0291772 secs] 594308K->69082K(2029056K), 0.0292735 secs] [Times: user=0.25 sys=0.00, real=0.03 secs] 
2020-09-29T18:31:40.413+0200: 21.437: [GC (Allocation Failure) 2020-09-29T18:31:40.413+0200: 21.437: [ParNew: 606568K->68096K(613440K), 0.0294001 secs] 614426K->76056K(2029056K), 0.0294766 secs] [Times: user=0.24 sys=0.00, real=0.03 secs] 
2020-09-29T18:31:40.494+0200: 21.519: [GC (Allocation Failure) 2020-09-29T18:31:40.494+0200: 21.519: [ParNew: 613440K->54634K(613440K), 0.0260557 secs] 621400K->62594K(2029056K), 0.0261323 secs] [Times: user=0.25 sys=0.00, real=0.03 secs] 
2020-09-29T18:31:40.570+0200: 21.594: [GC (Allocation Failure) 2020-09-29T18:31:40.570+0200: 21.594: [ParNew: 599978K->43468K(613440K), 0.0173571 secs] 607938K->51428K(2029056K), 0.0174262 secs] [Times: user=0.13 sys=0.00, real=0.02 secs] 
2020-09-29T18:31:40.644+0200: 21.669: [GC (Allocation Failure) 2020-09-29T18:31:40.645+0200: 21.669: [ParNew: 588812K->56674K(613440K), 0.0306738 secs] 596772K->64634K(2029056K), 0.0307608 secs] [Times: user=0.14 sys=0.00, real=0.03 secs] 
2020-09-29T18:31:40.724+0200: 21.749: [GC (Allocation Failure) 2020-09-29T18:31:40.724+0200: 21.749: [ParNew: 602018K->52389K(613440K), 0.0224217 secs] 609978K->60350K(2029056K), 0.0225001 secs] [Times: user=0.13 sys=0.00, real=0.02 secs] 
2020-09-29T18:31:40.807+0200: 21.831: [GC (Allocation Failure) 2020-09-29T18:31:40.807+0200: 21.831: [ParNew: 597733K->37074K(613440K), 0.0122013 secs] 605694K->45035K(2029056K), 0.0122721 secs] [Times: user=0.13 sys=0.00, real=0.01 secs] 
2020-09-29T18:31:40.875+0200: 21.899: [GC (Allocation Failure) 2020-09-29T18:31:40.875+0200: 21.899: [ParNew: 582418K->14701K(613440K), 0.0138249 secs] 590379K->22662K(2029056K), 0.0138959 secs] [Times: user=0.13 sys=0.00, real=0.01 secs] 
2020-09-29T18:31:40.948+0200: 21.973: [GC (Allocation Failure) 2020-09-29T18:31:40.948+0200: 21.973: [ParNew: 560045K->30135K(613440K), 0.0182435 secs] 568006K->38095K(2029056K), 0.0183157 secs] [Times: user=0.13 sys=0.00, real=0.02 secs] 
2020-09-29T18:31:41.018+0200: 22.043: [GC (Allocation Failure) 2020-09-29T18:31:41.018+0200: 22.043: [ParNew: 575479K->39199K(613440K), 0.0258342 secs] 583439K->47159K(2029056K), 0.0259042 secs] [Times: user=0.25 sys=0.00, real=0.03 secs] 
2020-09-29T18:31:41.096+0200: 22.121: [GC (Allocation Failure) 2020-09-29T18:31:41.096+0200: 22.121: [ParNew: 584543K->34345K(613440K), 0.0163426 secs] 592503K->42305K(2029056K), 0.0164084 secs] [Times: user=0.13 sys=0.00, real=0.02 secs] 
2020-09-29T18:31:41.164+0200: 22.189: [GC (Allocation Failure) 2020-09-29T18:31:41.165+0200: 22.189: [ParNew: 579689K->20122K(613440K), 0.0135859 secs] 587649K->28082K(2029056K), 0.0136625 secs] [Times: user=0.13 sys=0.00, real=0.01 secs] 
2020-09-29T18:31:41.229+0200: 22.254: [GC (Allocation Failure) 2020-09-29T18:31:41.229+0200: 22.254: [ParNew: 565466K->52282K(613440K), 0.0288027 secs] 573426K->60243K(2029056K), 0.0288684 secs] [Times: user=0.25 sys=0.00, real=0.03 secs] 
2020-09-29T18:31:41.306+0200: 22.330: [GC (Allocation Failure) 2020-09-29T18:31:41.306+0200: 22.330: [ParNew: 597626K->63991K(613440K), 0.0276358 secs] 605587K->71951K(2029056K), 0.0277073 secs] [Times: user=0.25 sys=0.00, real=0.03 secs] 
2020-09-29T18:31:41.383+0200: 22.408: [GC (Allocation Failure) 2020-09-29T18:31:41.384+0200: 22.408: [ParNew: 609335K->44851K(613440K), 0.0276318 secs] 617295K->52812K(2029056K), 0.0277272 secs] [Times: user=0.25 sys=0.00, real=0.03 secs] 
2020-09-29T18:31:41.463+0200: 22.488: [GC (Allocation Failure) 2020-09-29T18:31:41.463+0200: 22.488: [ParNew: 590195K->46661K(613440K), 0.0260630 secs] 598156K->54621K(2029056K), 0.0261533 secs] [Times: user=0.25 sys=0.00, real=0.03 secs] 
2020-09-29T18:31:41.539+0200: 22.564: [GC (Allocation Failure) 2020-09-29T18:31:41.539+0200: 22.564: [ParNew: 592005K->44477K(613440K), 0.0233775 secs] 599965K->52437K(2029056K), 0.0234443 secs] [Times: user=0.13 sys=0.00, real=0.02 secs] 
2020-09-29T18:31:41.626+0200: 22.650: [GC (Allocation Failure) 2020-09-29T18:31:41.626+0200: 22.650: [ParNew: 589821K->32248K(613440K), 0.0154771 secs] 597781K->40209K(2029056K), 0.0155501 secs] [Times: user=0.11 sys=0.00, real=0.02 secs] 
2020-09-29T18:31:41.709+0200: 22.734: [GC (Allocation Failure) 2020-09-29T18:31:41.709+0200: 22.734: [ParNew: 577592K->48636K(613440K), 0.0290886 secs] 585553K->56596K(2029056K), 0.0291724 secs] [Times: user=0.13 sys=0.00, real=0.03 secs] 
2020-09-29T18:31:41.791+0200: 22.816: [GC (Allocation Failure) 2020-09-29T18:31:41.791+0200: 22.816: [ParNew: 593980K->38739K(613440K), 0.0188756 secs] 601940K->46699K(2029056K), 0.0189599 secs] [Times: user=0.13 sys=0.00, real=0.02 secs] 
2020-09-29T18:31:41.866+0200: 22.891: [GC (Allocation Failure) 2020-09-29T18:31:41.866+0200: 22.891: [ParNew: 584083K->68096K(613440K), 0.0359169 secs] 592043K->76056K(2029056K), 0.0360018 secs] [Times: user=0.22 sys=0.00, real=0.04 secs] 
2020-09-29T18:31:41.952+0200: 22.977: [GC (Allocation Failure) 2020-09-29T18:31:41.952+0200: 22.977: [ParNew: 613440K->48175K(613440K), 0.0263717 secs] 621400K->56135K(2029056K), 0.0264395 secs] [Times: user=0.25 sys=0.00, real=0.03 secs] 
2020-09-29T18:31:42.030+0200: 23.055: [GC (Allocation Failure) 2020-09-29T18:31:42.030+0200: 23.055: [ParNew: 593519K->44100K(613440K), 0.0243503 secs] 601479K->52060K(2029056K), 0.0244183 secs] [Times: user=0.25 sys=0.00, real=0.02 secs] 
2020-09-29T18:31:42.113+0200: 23.138: [GC (Allocation Failure) 2020-09-29T18:31:42.113+0200: 23.138: [ParNew: 589444K->38569K(613440K), 0.0250499 secs] 597404K->46530K(2029056K), 0.0251348 secs] [Times: user=0.25 sys=0.00, real=0.03 secs] 
2020-09-29T18:31:42.196+0200: 23.221: [GC (Allocation Failure) 2020-09-29T18:31:42.196+0200: 23.221: [ParNew: 583913K->39805K(613440K), 0.0230500 secs] 591874K->47765K(2029056K), 0.0231236 secs] [Times: user=0.13 sys=0.00, real=0.02 secs] 
2020-09-29T18:31:42.275+0200: 23.300: [GC (Allocation Failure) 2020-09-29T18:31:42.275+0200: 23.300: [ParNew: 585149K->62340K(613440K), 0.0363210 secs] 593109K->70300K(2029056K), 0.0364135 secs] [Times: user=0.25 sys=0.00, real=0.04 secs] 
2020-09-29T18:31:42.361+0200: 23.386: [GC (Allocation Failure) 2020-09-29T18:31:42.361+0200: 23.386: [ParNew: 607684K->52133K(613440K), 0.0215364 secs] 615644K->60093K(2029056K), 0.0216093 secs] [Times: user=0.25 sys=0.00, real=0.02 secs] 
2020-09-29T18:31:42.436+0200: 23.461: [GC (Allocation Failure) 2020-09-29T18:31:42.436+0200: 23.461: [ParNew: 597477K->46330K(613440K), 0.0292017 secs] 605437K->54290K(2029056K), 0.0292721 secs] [Times: user=0.23 sys=0.00, real=0.03 secs] 
2020-09-29T18:31:42.520+0200: 23.545: [GC (Allocation Failure) 2020-09-29T18:31:42.520+0200: 23.545: [ParNew: 591674K->36593K(613440K), 0.0214433 secs] 599634K->44554K(2029056K), 0.0215193 secs] [Times: user=0.13 sys=0.00, real=0.02 secs] 
2020-09-29T18:31:42.592+0200: 23.617: [GC (Allocation Failure) 2020-09-29T18:31:42.592+0200: 23.617: [ParNew: 581937K->54249K(613440K), 0.0258092 secs] 589898K->62209K(2029056K), 0.0258763 secs] [Times: user=0.24 sys=0.00, real=0.03 secs] 
2020-09-29T18:31:42.677+0200: 23.702: [GC (Allocation Failure) 2020-09-29T18:31:42.677+0200: 23.702: [ParNew: 599593K->38864K(613440K), 0.0229371 secs] 607553K->46824K(2029056K), 0.0230171 secs] [Times: user=0.13 sys=0.00, real=0.02 secs] 
2020-09-29T18:31:42.748+0200: 23.773: [GC (Allocation Failure) 2020-09-29T18:31:42.748+0200: 23.773: [ParNew: 584208K->61306K(613440K), 0.0290331 secs] 592168K->69266K(2029056K), 0.0291142 secs] [Times: user=0.25 sys=0.00, real=0.03 secs] 
2020-09-29T18:31:42.824+0200: 23.849: [GC (Allocation Failure) 2020-09-29T18:31:42.824+0200: 23.849: [ParNew: 606650K->44502K(613440K), 0.0266619 secs] 614610K->52463K(2029056K), 0.0267292 secs] [Times: user=0.25 sys=0.00, real=0.03 secs] 
2020-09-29T18:31:42.905+0200: 23.930: [GC (Allocation Failure) 2020-09-29T18:31:42.905+0200: 23.930: [ParNew: 589846K->36824K(613440K), 0.0097305 secs] 597807K->44784K(2029056K), 0.0097998 secs] [Times: user=0.13 sys=0.00, real=0.01 secs] 
2020-09-29T18:31:42.976+0200: 24.001: [GC (Allocation Failure) 2020-09-29T18:31:42.976+0200: 24.001: [ParNew: 582168K->38037K(613440K), 0.0249446 secs] 590128K->45997K(2029056K), 0.0250217 secs] [Times: user=0.13 sys=0.00, real=0.02 secs] 
2020-09-29T18:31:43.058+0200: 24.083: [GC (Allocation Failure) 2020-09-29T18:31:43.058+0200: 24.083: [ParNew: 583381K->54728K(613440K), 0.0317855 secs] 591341K->62688K(2029056K), 0.0318897 secs] [Times: user=0.25 sys=0.00, real=0.03 secs] 
2020-09-29T18:31:43.137+0200: 24.162: [GC (Allocation Failure) 2020-09-29T18:31:43.137+0200: 24.162: [ParNew: 600072K->46126K(613440K), 0.0222757 secs] 608032K->54086K(2029056K), 0.0223577 secs] [Times: user=0.13 sys=0.00, real=0.02 secs] 
2020-09-29T18:31:43.209+0200: 24.234: [GC (Allocation Failure) 2020-09-29T18:31:43.209+0200: 24.234: [ParNew: 591470K->45795K(613440K), 0.0278495 secs] 599430K->53755K(2029056K), 0.0279581 secs] [Times: user=0.13 sys=0.00, real=0.03 secs] 
2020-09-29T18:31:43.291+0200: 24.316: [GC (Allocation Failure) 2020-09-29T18:31:43.291+0200: 24.316: [ParNew: 591139K->39507K(613440K), 0.0190031 secs] 599099K->47467K(2029056K), 0.0190706 secs] [Times: user=0.13 sys=0.00, real=0.02 secs] 
2020-09-29T18:31:43.367+0200: 24.392: [GC (Allocation Failure) 2020-09-29T18:31:43.367+0200: 24.392: [ParNew: 584851K->37555K(613440K), 0.0258186 secs] 592811K->45515K(2029056K), 0.0258917 secs] [Times: user=0.13 sys=0.00, real=0.03 secs] 
2020-09-29T18:31:43.446+0200: 24.471: [GC (Allocation Failure) 2020-09-29T18:31:43.446+0200: 24.471: [ParNew: 582899K->30735K(613440K), 0.0158547 secs] 590859K->38695K(2029056K), 0.0159304 secs] [Times: user=0.13 sys=0.00, real=0.02 secs] 
2020-09-29T18:31:43.516+0200: 24.541: [GC (Allocation Failure) 2020-09-29T18:31:43.516+0200: 24.541: [ParNew: 576079K->35260K(613440K), 0.0212439 secs] 584039K->43220K(2029056K), 0.0213119 secs] [Times: user=0.25 sys=0.00, real=0.02 secs] 
2020-09-29T18:31:43.588+0200: 24.613: [GC (Allocation Failure) 2020-09-29T18:31:43.588+0200: 24.613: [ParNew: 580604K->27675K(613440K), 0.0189989 secs] 588564K->35636K(2029056K), 0.0190758 secs] [Times: user=0.13 sys=0.00, real=0.02 secs] 
2020-09-29T18:31:43.656+0200: 24.681: [GC (Allocation Failure) 2020-09-29T18:31:43.656+0200: 24.681: [ParNew: 573019K->59464K(613440K), 0.0320671 secs] 580980K->67424K(2029056K), 0.0321463 secs] [Times: user=0.25 sys=0.00, real=0.03 secs] 
2020-09-29T18:31:43.737+0200: 24.762: [GC (Allocation Failure) 2020-09-29T18:31:43.737+0200: 24.762: [ParNew: 604808K->46027K(613440K), 0.0242896 secs] 612768K->53987K(2029056K), 0.0243587 secs] [Times: user=0.25 sys=0.00, real=0.02 secs] 
2020-09-29T18:31:43.817+0200: 24.842: [GC (Allocation Failure) 2020-09-29T18:31:43.817+0200: 24.842: [ParNew: 591371K->36798K(613440K), 0.0232362 secs] 599331K->44758K(2029056K), 0.0233153 secs] [Times: user=0.13 sys=0.00, real=0.02 secs] 
2020-09-29T18:31:43.891+0200: 24.916: [GC (Allocation Failure) 2020-09-29T18:31:43.891+0200: 24.916: [ParNew: 582142K->59789K(613440K), 0.0281082 secs] 590102K->67749K(2029056K), 0.0281815 secs] [Times: user=0.25 sys=0.00, real=0.03 secs] 
2020-09-29T18:31:43.975+0200: 25.000: [GC (Allocation Failure) 2020-09-29T18:31:43.975+0200: 25.000: [ParNew: 605133K->45205K(613440K), 0.0209896 secs] 613093K->53165K(2029056K), 0.0210587 secs] [Times: user=0.13 sys=0.00, real=0.02 secs] 
2020-09-29T18:31:44.054+0200: 25.079: [GC (Allocation Failure) 2020-09-29T18:31:44.054+0200: 25.079: [ParNew: 590549K->45800K(613440K), 0.0279881 secs] 598509K->53760K(2029056K), 0.0280604 secs] [Times: user=0.13 sys=0.00, real=0.03 secs] 
2020-09-29T18:31:44.129+0200: 25.153: [GC (Allocation Failure) 2020-09-29T18:31:44.129+0200: 25.154: [ParNew: 591144K->61484K(613440K), 0.0327807 secs] 599104K->69445K(2029056K), 0.0328629 secs] [Times: user=0.25 sys=0.00, real=0.03 secs] 
2020-09-29T18:31:44.212+0200: 25.237: [GC (Allocation Failure) 2020-09-29T18:31:44.212+0200: 25.237: [ParNew: 606828K->43731K(613440K), 0.0157245 secs] 614789K->51691K(2029056K), 0.0157953 secs] [Times: user=0.13 sys=0.00, real=0.02 secs] 
2020-09-29T18:31:44.300+0200: 25.325: [GC (Allocation Failure) 2020-09-29T18:31:44.300+0200: 25.325: [ParNew: 589075K->34649K(613440K), 0.0208259 secs] 597035K->42609K(2029056K), 0.0208923 secs] [Times: user=0.25 sys=0.00, real=0.02 secs] 
2020-09-29T18:31:44.368+0200: 25.393: [GC (Allocation Failure) 2020-09-29T18:31:44.368+0200: 25.393: [ParNew: 579993K->47923K(613440K), 0.0276968 secs] 587953K->55883K(2029056K), 0.0277897 secs] [Times: user=0.25 sys=0.00, real=0.03 secs] 
2020-09-29T18:31:44.445+0200: 25.470: [GC (Allocation Failure) 2020-09-29T18:31:44.445+0200: 25.470: [ParNew: 593267K->42185K(613440K), 0.0255370 secs] 601227K->50146K(2029056K), 0.0256063 secs] [Times: user=0.13 sys=0.00, real=0.03 secs] 
2020-09-29T18:31:44.525+0200: 25.550: [GC (Allocation Failure) 2020-09-29T18:31:44.525+0200: 25.550: [ParNew: 587529K->42565K(613440K), 0.0252037 secs] 595490K->50525K(2029056K), 0.0252784 secs] [Times: user=0.13 sys=0.00, real=0.02 secs] 
2020-09-29T18:31:44.609+0200: 25.634: [GC (Allocation Failure) 2020-09-29T18:31:44.609+0200: 25.634: [ParNew: 587909K->43137K(613440K), 0.0262434 secs] 595869K->51097K(2029056K), 0.0263189 secs] [Times: user=0.24 sys=0.00, real=0.03 secs] 
2020-09-29T18:31:44.687+0200: 25.712: [GC (Allocation Failure) 2020-09-29T18:31:44.687+0200: 25.712: [ParNew: 588481K->67545K(613440K), 0.0322157 secs] 596441K->75505K(2029056K), 0.0322883 secs] [Times: user=0.25 sys=0.00, real=0.03 secs] 
2020-09-29T18:31:44.768+0200: 25.793: [GC (Allocation Failure) 2020-09-29T18:31:44.768+0200: 25.793: [ParNew: 612889K->48061K(613440K), 0.0307330 secs] 620849K->56021K(2029056K), 0.0308161 secs] [Times: user=0.23 sys=0.00, real=0.03 secs] 
2020-09-29T18:31:44.847+0200: 25.872: [GC (Allocation Failure) 2020-09-29T18:31:44.847+0200: 25.872: [ParNew: 593405K->50106K(613440K), 0.0289509 secs] 601365K->58067K(2029056K), 0.0290359 secs] [Times: user=0.16 sys=0.00, real=0.03 secs] 
2020-09-29T18:31:44.934+0200: 25.959: [GC (Allocation Failure) 2020-09-29T18:31:44.934+0200: 25.959: [ParNew: 595450K->38903K(613440K), 0.0196912 secs] 603411K->46863K(2029056K), 0.0197654 secs] [Times: user=0.13 sys=0.00, real=0.02 secs] 
2020-09-29T18:31:45.014+0200: 26.039: [GC (Allocation Failure) 2020-09-29T18:31:45.014+0200: 26.039: [ParNew: 584247K->56247K(613440K), 0.0265518 secs] 592207K->64207K(2029056K), 0.0266198 secs] [Times: user=0.23 sys=0.00, real=0.03 secs] 
2020-09-29T18:31:45.097+0200: 26.122: [GC (Allocation Failure) 2020-09-29T18:31:45.097+0200: 26.122: [ParNew: 601591K->42999K(613440K), 0.0257755 secs] 609551K->50959K(2029056K), 0.0258470 secs] [Times: user=0.16 sys=0.01, real=0.03 secs] 
2020-09-29T18:31:45.173+0200: 26.198: [GC (Allocation Failure) 2020-09-29T18:31:45.173+0200: 26.198: [ParNew: 588343K->40726K(613440K), 0.0251592 secs] 596303K->48686K(2029056K), 0.0252334 secs] [Times: user=0.25 sys=0.00, real=0.02 secs] 
2020-09-29T18:31:45.246+0200: 26.271: [GC (Allocation Failure) 2020-09-29T18:31:45.246+0200: 26.271: [ParNew: 586070K->36810K(613440K), 0.0232432 secs] 594030K->44770K(2029056K), 0.0233150 secs] [Times: user=0.13 sys=0.00, real=0.02 secs] 
2020-09-29T18:31:45.317+0200: 26.342: [GC (Allocation Failure) 2020-09-29T18:31:45.317+0200: 26.342: [ParNew: 582154K->57525K(613440K), 0.0281332 secs] 590114K->65486K(2029056K), 0.0282061 secs] [Times: user=0.13 sys=0.00, real=0.03 secs] 
2020-09-29T18:31:45.401+0200: 26.426: [GC (Allocation Failure) 2020-09-29T18:31:45.401+0200: 26.426: [ParNew: 602869K->59720K(613440K), 0.0280021 secs] 610830K->67681K(2029056K), 0.0280877 secs] [Times: user=0.22 sys=0.00, real=0.03 secs] 
2020-09-29T18:31:45.487+0200: 26.511: [GC (Allocation Failure) 2020-09-29T18:31:45.487+0200: 26.511: [ParNew: 605064K->44671K(613440K), 0.0255851 secs] 613025K->52631K(2029056K), 0.0256626 secs] [Times: user=0.25 sys=0.00, real=0.03 secs] 
2020-09-29T18:31:45.560+0200: 26.585: [GC (Allocation Failure) 2020-09-29T18:31:45.560+0200: 26.585: [ParNew: 590015K->34800K(613440K), 0.0239525 secs] 597975K->42760K(2029056K), 0.0240413 secs] [Times: user=0.23 sys=0.00, real=0.02 secs] 
2020-09-29T18:31:45.646+0200: 26.671: [GC (Allocation Failure) 2020-09-29T18:31:45.646+0200: 26.671: [ParNew: 580144K->33242K(613440K), 0.0225480 secs] 588104K->41202K(2029056K), 0.0226231 secs] [Times: user=0.11 sys=0.00, real=0.02 secs] 
2020-09-29T18:31:45.727+0200: 26.752: [GC (Allocation Failure) 2020-09-29T18:31:45.727+0200: 26.752: [ParNew: 578586K->31423K(613440K), 0.0214327 secs] 586546K->39383K(2029056K), 0.0215223 secs] [Times: user=0.13 sys=0.00, real=0.02 secs] 
2020-09-29T18:31:45.802+0200: 26.827: [GC (Allocation Failure) 2020-09-29T18:31:45.802+0200: 26.827: [ParNew: 576767K->30799K(613440K), 0.0133305 secs] 584727K->38759K(2029056K), 0.0134060 secs] [Times: user=0.00 sys=0.00, real=0.01 secs] 
2020-09-29T18:31:45.867+0200: 26.892: [GC (Allocation Failure) 2020-09-29T18:31:45.867+0200: 26.892: [ParNew: 576143K->48173K(613440K), 0.0179947 secs] 584103K->56133K(2029056K), 0.0180535 secs] [Times: user=0.13 sys=0.00, real=0.02 secs] 
2020-09-29T18:31:45.937+0200: 26.962: [GC (Allocation Failure) 2020-09-29T18:31:45.937+0200: 26.962: [ParNew: 593517K->36092K(613440K), 0.0110764 secs] 601477K->44053K(2029056K), 0.0111341 secs] [Times: user=0.13 sys=0.00, real=0.01 secs] 
2020-09-29T18:31:46.001+0200: 27.026: [GC (Allocation Failure) 2020-09-29T18:31:46.001+0200: 27.026: [ParNew: 581436K->56692K(613440K), 0.0211491 secs] 589397K->64652K(2029056K), 0.0212269 secs] [Times: user=0.25 sys=0.00, real=0.02 secs] 
2020-09-29T18:31:46.071+0200: 27.096: [GC (Allocation Failure) 2020-09-29T18:31:46.071+0200: 27.096: [ParNew: 602036K->68096K(613440K), 0.0206743 secs] 609996K->76056K(2029056K), 0.0207367 secs] [Times: user=0.13 sys=0.00, real=0.02 secs] 
2020-09-29T18:31:46.142+0200: 27.167: [GC (Allocation Failure) 2020-09-29T18:31:46.142+0200: 27.167: [ParNew: 613440K->42848K(613440K), 0.0152238 secs] 621400K->50808K(2029056K), 0.0152783 secs] [Times: user=0.13 sys=0.00, real=0.02 secs] 
2020-09-29T18:31:46.207+0200: 27.232: [GC (Allocation Failure) 2020-09-29T18:31:46.207+0200: 27.232: [ParNew: 588192K->57497K(613440K), 0.0201629 secs] 596152K->65457K(2029056K), 0.0202220 secs] [Times: user=0.13 sys=0.00, real=0.02 secs] 
2020-09-29T18:31:46.276+0200: 27.301: [GC (Allocation Failure) 2020-09-29T18:31:46.276+0200: 27.301: [ParNew: 602841K->41173K(613440K), 0.0201633 secs] 610801K->49134K(2029056K), 0.0202182 secs] [Times: user=0.13 sys=0.00, real=0.02 secs] 
2020-09-29T18:31:46.344+0200: 27.369: [GC (Allocation Failure) 2020-09-29T18:31:46.344+0200: 27.369: [ParNew: 586517K->68096K(613440K), 0.0232411 secs] 594478K->76638K(2029056K), 0.0232969 secs] [Times: user=0.23 sys=0.02, real=0.02 secs] 
2020-09-29T18:31:46.415+0200: 27.440: [GC (Allocation Failure) 2020-09-29T18:31:46.415+0200: 27.440: [ParNew: 613440K->68096K(613440K), 0.0339449 secs] 621982K->79699K(2029056K), 0.0340050 secs] [Times: user=0.23 sys=0.00, real=0.03 secs] 
2020-09-29T18:31:46.497+0200: 27.522: [GC (Allocation Failure) 2020-09-29T18:31:46.498+0200: 27.522: [ParNew: 613440K->66246K(613440K), 0.0224773 secs] 625043K->77850K(2029056K), 0.0225708 secs] [Times: user=0.25 sys=0.00, real=0.02 secs] 
2020-09-29T18:31:46.567+0200: 27.592: [GC (Allocation Failure) 2020-09-29T18:31:46.567+0200: 27.592: [ParNew: 611590K->42833K(613440K), 0.0115149 secs] 623194K->54437K(2029056K), 0.0115765 secs] [Times: user=0.00 sys=0.00, real=0.01 secs] 
2020-09-29T18:31:46.635+0200: 27.660: [GC (Allocation Failure) 2020-09-29T18:31:46.635+0200: 27.660: [ParNew: 588177K->50083K(613440K), 0.0222620 secs] 599781K->61687K(2029056K), 0.0223350 secs] [Times: user=0.13 sys=0.00, real=0.02 secs] 
2020-09-29T18:31:46.705+0200: 27.730: [GC (Allocation Failure) 2020-09-29T18:31:46.705+0200: 27.730: [ParNew: 595427K->62512K(613440K), 0.0201451 secs] 607031K->74116K(2029056K), 0.0202145 secs] [Times: user=0.25 sys=0.00, real=0.02 secs] 
2020-09-29T18:31:46.772+0200: 27.797: [GC (Allocation Failure) 2020-09-29T18:31:46.772+0200: 27.797: [ParNew: 607856K->65393K(613440K), 0.0232517 secs] 619460K->76997K(2029056K), 0.0233209 secs] [Times: user=0.13 sys=0.00, real=0.02 secs] 
2020-09-29T18:31:46.842+0200: 27.867: [GC (Allocation Failure) 2020-09-29T18:31:46.842+0200: 27.867: [ParNew: 610737K->47099K(613440K), 0.0172199 secs] 622341K->58703K(2029056K), 0.0173022 secs] [Times: user=0.13 sys=0.00, real=0.02 secs] 
2020-09-29T18:31:46.908+0200: 27.933: [GC (Allocation Failure) 2020-09-29T18:31:46.908+0200: 27.933: [ParNew: 592443K->65243K(613440K), 0.0222288 secs] 604047K->76847K(2029056K), 0.0222967 secs] [Times: user=0.25 sys=0.00, real=0.02 secs] 
2020-09-29T18:31:46.976+0200: 28.001: [GC (Allocation Failure) 2020-09-29T18:31:46.977+0200: 28.001: [ParNew: 610587K->49367K(613440K), 0.0206451 secs] 622191K->60971K(2029056K), 0.0207287 secs] [Times: user=0.13 sys=0.00, real=0.02 secs] 
2020-09-29T18:31:47.046+0200: 28.071: [GC (Allocation Failure) 2020-09-29T18:31:47.046+0200: 28.071: [ParNew: 594711K->38084K(613440K), 0.0086222 secs] 606315K->49688K(2029056K), 0.0086811 secs] [Times: user=0.13 sys=0.00, real=0.01 secs] 
2020-09-29T18:31:47.109+0200: 28.134: [GC (Allocation Failure) 2020-09-29T18:31:47.109+0200: 28.134: [ParNew: 583428K->43227K(613440K), 0.0193525 secs] 595032K->54831K(2029056K), 0.0194078 secs] [Times: user=0.13 sys=0.00, real=0.02 secs] 
2020-09-29T18:31:47.176+0200: 28.201: [GC (Allocation Failure) 2020-09-29T18:31:47.176+0200: 28.201: [ParNew: 588571K->59818K(613440K), 0.0180571 secs] 600175K->71422K(2029056K), 0.0181233 secs] [Times: user=0.13 sys=0.00, real=0.02 secs] 
2020-09-29T18:31:47.244+0200: 28.269: [GC (Allocation Failure) 2020-09-29T18:31:47.244+0200: 28.269: [ParNew: 605162K->62571K(613440K), 0.0225015 secs] 616766K->74175K(2029056K), 0.0225601 secs] [Times: user=0.13 sys=0.00, real=0.02 secs] 
2020-09-29T18:31:47.317+0200: 28.342: [GC (Allocation Failure) 2020-09-29T18:31:47.317+0200: 28.342: [ParNew: 607915K->49242K(613440K), 0.0170451 secs] 619519K->60845K(2029056K), 0.0171134 secs] [Times: user=0.13 sys=0.00, real=0.02 secs] 
2020-09-29T18:31:47.385+0200: 28.410: [GC (Allocation Failure) 2020-09-29T18:31:47.385+0200: 28.410: [ParNew: 594586K->41853K(613440K), 0.0163479 secs] 606189K->53457K(2029056K), 0.0164189 secs] [Times: user=0.13 sys=0.00, real=0.02 secs] 
2020-09-29T18:31:47.451+0200: 28.476: [GC (Allocation Failure) 2020-09-29T18:31:47.451+0200: 28.476: [ParNew: 587197K->38290K(613440K), 0.0155279 secs] 598801K->49894K(2029056K), 0.0155945 secs] [Times: user=0.13 sys=0.00, real=0.02 secs] 
2020-09-29T18:31:47.518+0200: 28.543: [GC (Allocation Failure) 2020-09-29T18:31:47.518+0200: 28.543: [ParNew: 583634K->29904K(613440K), 0.0152620 secs] 595238K->41508K(2029056K), 0.0153313 secs] [Times: user=0.13 sys=0.00, real=0.02 secs] 
2020-09-29T18:31:47.585+0200: 28.610: [GC (Allocation Failure) 2020-09-29T18:31:47.585+0200: 28.610: [ParNew: 575248K->49691K(613440K), 0.0202409 secs] 586852K->61295K(2029056K), 0.0203261 secs] [Times: user=0.11 sys=0.00, real=0.02 secs] 
2020-09-29T18:31:47.656+0200: 28.681: [GC (Allocation Failure) 2020-09-29T18:31:47.656+0200: 28.681: [ParNew: 595035K->36176K(613440K), 0.0120774 secs] 606639K->47780K(2029056K), 0.0121356 secs] [Times: user=0.13 sys=0.00, real=0.01 secs] 
2020-09-29T18:31:47.718+0200: 28.743: [GC (Allocation Failure) 2020-09-29T18:31:47.718+0200: 28.743: [ParNew: 581520K->41855K(613440K), 0.0165908 secs] 593124K->53458K(2029056K), 0.0166731 secs] [Times: user=0.13 sys=0.00, real=0.02 secs] 
2020-09-29T18:31:47.785+0200: 28.810: [GC (Allocation Failure) 2020-09-29T18:31:47.785+0200: 28.810: [ParNew: 587199K->35897K(613440K), 0.0154599 secs] 598802K->47501K(2029056K), 0.0155173 secs] [Times: user=0.25 sys=0.00, real=0.02 secs] 
2020-09-29T18:31:47.851+0200: 28.876: [GC (Allocation Failure) 2020-09-29T18:31:47.851+0200: 28.876: [ParNew: 581241K->33449K(613440K), 0.0155573 secs] 592845K->45053K(2029056K), 0.0156287 secs] [Times: user=0.13 sys=0.00, real=0.01 secs] 
2020-09-29T18:31:47.915+0200: 28.940: [GC (Allocation Failure) 2020-09-29T18:31:47.915+0200: 28.940: [ParNew: 578793K->32583K(613440K), 0.0151714 secs] 590397K->44187K(2029056K), 0.0152272 secs] [Times: user=0.13 sys=0.00, real=0.02 secs] 
2020-09-29T18:31:47.980+0200: 29.005: [GC (Allocation Failure) 2020-09-29T18:31:47.980+0200: 29.005: [ParNew: 577927K->57296K(613440K), 0.0238690 secs] 589531K->68900K(2029056K), 0.0239437 secs] [Times: user=0.25 sys=0.00, real=0.02 secs] 
2020-09-29T18:31:48.053+0200: 29.078: [GC (Allocation Failure) 2020-09-29T18:31:48.053+0200: 29.078: [ParNew: 602640K->44385K(613440K), 0.0126570 secs] 614244K->55989K(2029056K), 0.0127161 secs] [Times: user=0.00 sys=0.00, real=0.01 secs] 
2020-09-29T18:31:48.118+0200: 29.143: [GC (Allocation Failure) 2020-09-29T18:31:48.118+0200: 29.143: [ParNew: 589729K->51329K(613440K), 0.0215719 secs] 601333K->62933K(2029056K), 0.0216290 secs] [Times: user=0.13 sys=0.00, real=0.02 secs] 
2020-09-29T18:31:48.187+0200: 29.211: [GC (Allocation Failure) 2020-09-29T18:31:48.187+0200: 29.212: [ParNew: 596673K->35487K(613440K), 0.0163788 secs] 608277K->47091K(2029056K), 0.0164345 secs] [Times: user=0.13 sys=0.00, real=0.02 secs] 
2020-09-29T18:31:48.251+0200: 29.276: [GC (Allocation Failure) 2020-09-29T18:31:48.251+0200: 29.276: [ParNew: 580831K->32065K(613440K), 0.0145601 secs] 592435K->43669K(2029056K), 0.0146215 secs] [Times: user=0.13 sys=0.00, real=0.01 secs] 
2020-09-29T18:31:48.312+0200: 29.337: [GC (Allocation Failure) 2020-09-29T18:31:48.312+0200: 29.337: [ParNew: 577409K->53196K(613440K), 0.0178601 secs] 589013K->64800K(2029056K), 0.0179155 secs] [Times: user=0.13 sys=0.00, real=0.02 secs] 
2020-09-29T18:31:48.379+0200: 29.404: [GC (Allocation Failure) 2020-09-29T18:31:48.379+0200: 29.404: [ParNew: 598540K->41098K(613440K), 0.0159568 secs] 610144K->52701K(2029056K), 0.0160294 secs] [Times: user=0.13 sys=0.00, real=0.02 secs] 
2020-09-29T18:31:48.445+0200: 29.470: [GC (Allocation Failure) 2020-09-29T18:31:48.445+0200: 29.470: [ParNew: 586442K->35756K(613440K), 0.0164968 secs] 598045K->47360K(2029056K), 0.0165594 secs] [Times: user=0.13 sys=0.00, real=0.02 secs] 
2020-09-29T18:31:48.516+0200: 29.541: [GC (Allocation Failure) 2020-09-29T18:31:48.516+0200: 29.541: [ParNew: 581100K->34590K(613440K), 0.0148767 secs] 592704K->46194K(2029056K), 0.0149342 secs] [Times: user=0.13 sys=0.00, real=0.01 secs] 
2020-09-29T18:31:48.586+0200: 29.611: [GC (Allocation Failure) 2020-09-29T18:31:48.586+0200: 29.611: [ParNew: 579934K->51753K(613440K), 0.0211129 secs] 591538K->63356K(2029056K), 0.0211720 secs] [Times: user=0.11 sys=0.00, real=0.02 secs] 
2020-09-29T18:31:48.656+0200: 29.681: [GC (Allocation Failure) 2020-09-29T18:31:48.656+0200: 29.681: [ParNew: 597097K->43375K(613440K), 0.0195892 secs] 608700K->54978K(2029056K), 0.0196637 secs] [Times: user=0.25 sys=0.00, real=0.02 secs] 
2020-09-29T18:31:48.724+0200: 29.749: [GC (Allocation Failure) 2020-09-29T18:31:48.724+0200: 29.749: [ParNew: 588719K->68096K(613440K), 0.0244039 secs] 600322K->79699K(2029056K), 0.0244767 secs] [Times: user=0.13 sys=0.00, real=0.03 secs] 
2020-09-29T18:31:48.798+0200: 29.823: [GC (Allocation Failure) 2020-09-29T18:31:48.798+0200: 29.823: [ParNew: 613440K->53388K(613440K), 0.0177919 secs] 625043K->64992K(2029056K), 0.0178586 secs] [Times: user=0.13 sys=0.00, real=0.02 secs] 
2020-09-29T18:31:48.863+0200: 29.888: [GC (Allocation Failure) 2020-09-29T18:31:48.864+0200: 29.888: [ParNew: 598732K->45066K(613440K), 0.0172397 secs] 610336K->56670K(2029056K), 0.0173284 secs] [Times: user=0.13 sys=0.02, real=0.02 secs] 
2020-09-29T18:31:48.930+0200: 29.955: [GC (Allocation Failure) 2020-09-29T18:31:48.930+0200: 29.955: [ParNew: 590410K->32999K(613440K), 0.0099888 secs] 602014K->44603K(2029056K), 0.0100600 secs] [Times: user=0.00 sys=0.00, real=0.01 secs] 
2020-09-29T18:31:48.987+0200: 30.012: [GC (Allocation Failure) 2020-09-29T18:31:48.987+0200: 30.012: [ParNew: 578343K->34195K(613440K), 0.0146505 secs] 589947K->45799K(2029056K), 0.0147166 secs] [Times: user=0.11 sys=0.02, real=0.02 secs] 
2020-09-29T18:31:49.051+0200: 30.076: [GC (Allocation Failure) 2020-09-29T18:31:49.052+0200: 30.076: [ParNew: 579539K->43602K(613440K), 0.0208255 secs] 591143K->55205K(2029056K), 0.0209181 secs] [Times: user=0.13 sys=0.00, real=0.02 secs] 
2020-09-29T18:31:49.119+0200: 30.144: [GC (Allocation Failure) 2020-09-29T18:31:49.119+0200: 30.144: [ParNew: 588946K->39988K(613440K), 0.0143810 secs] 600549K->51592K(2029056K), 0.0144370 secs] [Times: user=0.13 sys=0.00, real=0.01 secs] 
2020-09-29T18:31:49.194+0200: 30.219: [GC (Allocation Failure) 2020-09-29T18:31:49.194+0200: 30.219: [ParNew: 585332K->38294K(613440K), 0.0181861 secs] 596936K->49898K(2029056K), 0.0182612 secs] [Times: user=0.13 sys=0.00, real=0.02 secs] 
2020-09-29T18:31:49.260+0200: 30.285: [GC (Allocation Failure) 2020-09-29T18:31:49.260+0200: 30.285: [ParNew: 583638K->53097K(613440K), 0.0172269 secs] 595242K->64701K(2029056K), 0.0172828 secs] [Times: user=0.13 sys=0.00, real=0.02 secs] 
2020-09-29T18:31:49.328+0200: 30.353: [GC (Allocation Failure) 2020-09-29T18:31:49.328+0200: 30.353: [ParNew: 598441K->61251K(613440K), 0.0219096 secs] 610045K->72855K(2029056K), 0.0219645 secs] [Times: user=0.25 sys=0.00, real=0.02 secs] 
2020-09-29T18:31:49.397+0200: 30.422: [GC (Allocation Failure) 2020-09-29T18:31:49.397+0200: 30.422: [ParNew: 606595K->68096K(613440K), 0.0252203 secs] 618199K->79699K(2029056K), 0.0252793 secs] [Times: user=0.11 sys=0.00, real=0.03 secs] 
2020-09-29T18:31:49.472+0200: 30.497: [GC (Allocation Failure) 2020-09-29T18:31:49.472+0200: 30.497: [ParNew: 613440K->68096K(613440K), 0.0272051 secs] 625043K->81983K(2029056K), 0.0272616 secs] [Times: user=0.25 sys=0.00, real=0.03 secs] 
2020-09-29T18:31:49.548+0200: 30.573: [GC (Allocation Failure) 2020-09-29T18:31:49.548+0200: 30.573: [ParNew: 613440K->58667K(613440K), 0.0192916 secs] 627327K->72555K(2029056K), 0.0193748 secs] [Times: user=0.25 sys=0.00, real=0.02 secs] 
2020-09-29T18:31:49.621+0200: 30.646: [GC (Allocation Failure) 2020-09-29T18:31:49.621+0200: 30.646: [ParNew: 604011K->51692K(613440K), 0.0195907 secs] 617899K->65580K(2029056K), 0.0196726 secs] [Times: user=0.13 sys=0.00, real=0.02 secs] 
2020-09-29T18:31:49.689+0200: 30.714: [GC (Allocation Failure) 2020-09-29T18:31:49.689+0200: 30.714: [ParNew: 597036K->47011K(613440K), 0.0182536 secs] 610924K->60899K(2029056K), 0.0183135 secs] [Times: user=0.13 sys=0.00, real=0.02 secs] 
2020-09-29T18:31:49.757+0200: 30.782: [GC (Allocation Failure) 2020-09-29T18:31:49.757+0200: 30.782: [ParNew: 592355K->43596K(613440K), 0.0178832 secs] 606243K->57484K(2029056K), 0.0179642 secs] [Times: user=0.13 sys=0.00, real=0.02 secs] 
2020-09-29T18:31:49.822+0200: 30.847: [GC (Allocation Failure) 2020-09-29T18:31:49.822+0200: 30.847: [ParNew: 588940K->45344K(613440K), 0.0175419 secs] 602828K->59232K(2029056K), 0.0175993 secs] [Times: user=0.13 sys=0.00, real=0.02 secs] 
2020-09-29T18:31:49.887+0200: 30.912: [GC (Allocation Failure) 2020-09-29T18:31:49.887+0200: 30.912: [ParNew: 590688K->30616K(613440K), 0.0107059 secs] 604576K->44504K(2029056K), 0.0107836 secs] [Times: user=0.13 sys=0.00, real=0.01 secs] 
2020-09-29T18:31:49.950+0200: 30.975: [GC (Allocation Failure) 2020-09-29T18:31:49.950+0200: 30.975: [ParNew: 575960K->48259K(613440K), 0.0203524 secs] 589848K->62147K(2029056K), 0.0204182 secs] [Times: user=0.13 sys=0.00, real=0.02 secs] 
2020-09-29T18:31:50.023+0200: 31.048: [GC (Allocation Failure) 2020-09-29T18:31:50.024+0200: 31.048: [ParNew: 593603K->58423K(613440K), 0.0249786 secs] 607491K->72311K(2029056K), 0.0250770 secs] [Times: user=0.11 sys=0.00, real=0.03 secs] 
2020-09-29T18:31:50.103+0200: 31.128: [GC (Allocation Failure) 2020-09-29T18:31:50.103+0200: 31.128: [ParNew: 603767K->45919K(613440K), 0.0200213 secs] 617655K->59807K(2029056K), 0.0200797 secs] [Times: user=0.13 sys=0.00, real=0.02 secs] 
2020-09-29T18:31:50.174+0200: 31.199: [GC (Allocation Failure) 2020-09-29T18:31:50.174+0200: 31.199: [ParNew: 591263K->46527K(613440K), 0.0185402 secs] 605151K->60414K(2029056K), 0.0185962 secs] [Times: user=0.24 sys=0.00, real=0.02 secs] 
2020-09-29T18:31:50.242+0200: 31.267: [GC (Allocation Failure) 2020-09-29T18:31:50.242+0200: 31.267: [ParNew: 591871K->65105K(613440K), 0.0213347 secs] 605758K->78992K(2029056K), 0.0213953 secs] [Times: user=0.13 sys=0.00, real=0.02 secs] 
2020-09-29T18:31:50.311+0200: 31.336: [GC (Allocation Failure) 2020-09-29T18:31:50.311+0200: 31.336: [ParNew: 610449K->51384K(613440K), 0.0214805 secs] 624336K->65271K(2029056K), 0.0215530 secs] [Times: user=0.25 sys=0.00, real=0.02 secs] 
2020-09-29T18:31:50.381+0200: 31.406: [GC (Allocation Failure) 2020-09-29T18:31:50.381+0200: 31.406: [ParNew: 596728K->47308K(613440K), 0.0152319 secs] 610615K->61196K(2029056K), 0.0152999 secs] [Times: user=0.13 sys=0.00, real=0.01 secs] 
2020-09-29T18:31:50.451+0200: 31.476: [GC (Allocation Failure) 2020-09-29T18:31:50.451+0200: 31.476: [ParNew: 592652K->21799K(613440K), 0.0086355 secs] 606540K->35687K(2029056K), 0.0087049 secs] [Times: user=0.13 sys=0.00, real=0.01 secs] 
2020-09-29T18:31:50.512+0200: 31.537: [GC (Allocation Failure) 2020-09-29T18:31:50.512+0200: 31.537: [ParNew: 567143K->23041K(613440K), 0.0125925 secs] 581031K->36929K(2029056K), 0.0126727 secs] [Times: user=0.13 sys=0.00, real=0.01 secs] 
2020-09-29T18:31:50.572+0200: 31.597: [GC (Allocation Failure) 2020-09-29T18:31:50.572+0200: 31.597: [ParNew: 568385K->40617K(613440K), 0.0186452 secs] 582273K->54505K(2029056K), 0.0187119 secs] [Times: user=0.11 sys=0.00, real=0.02 secs] 
2020-09-29T18:31:50.644+0200: 31.669: [GC (Allocation Failure) 2020-09-29T18:31:50.644+0200: 31.669: [ParNew: 585961K->30353K(613440K), 0.0097732 secs] 599849K->44241K(2029056K), 0.0098328 secs] [Times: user=0.11 sys=0.00, real=0.01 secs] 
2020-09-29T18:31:50.709+0200: 31.734: [GC (Allocation Failure) 2020-09-29T18:31:50.709+0200: 31.734: [ParNew: 575697K->33467K(613440K), 0.0163655 secs] 589585K->47355K(2029056K), 0.0164273 secs] [Times: user=0.13 sys=0.00, real=0.02 secs] 
2020-09-29T18:31:50.779+0200: 31.804: [GC (Allocation Failure) 2020-09-29T18:31:50.779+0200: 31.804: [ParNew: 578811K->26792K(613440K), 0.0125161 secs] 592699K->40680K(2029056K), 0.0125865 secs] [Times: user=0.13 sys=0.00, real=0.01 secs] 
2020-09-29T18:31:50.843+0200: 31.868: [GC (Allocation Failure) 2020-09-29T18:31:50.843+0200: 31.868: [ParNew: 572136K->63881K(613440K), 0.0233107 secs] 586024K->77769K(2029056K), 0.0234044 secs] [Times: user=0.25 sys=0.00, real=0.02 secs] 
2020-09-29T18:31:50.916+0200: 31.940: [GC (Allocation Failure) 2020-09-29T18:31:50.916+0200: 31.941: [ParNew: 609225K->48458K(613440K), 0.0168468 secs] 623113K->62346K(2029056K), 0.0169434 secs] [Times: user=0.13 sys=0.00, real=0.02 secs] 
2020-09-29T18:31:50.981+0200: 32.006: [GC (Allocation Failure) 2020-09-29T18:31:50.981+0200: 32.006: [ParNew: 593802K->38222K(613440K), 0.0163563 secs] 607690K->52110K(2029056K), 0.0164308 secs] [Times: user=0.13 sys=0.00, real=0.02 secs] 
2020-09-29T18:31:51.054+0200: 32.079: [GC (Allocation Failure) 2020-09-29T18:31:51.054+0200: 32.079: [ParNew: 583566K->58062K(613440K), 0.0209010 secs] 597454K->71949K(2029056K), 0.0209573 secs] [Times: user=0.13 sys=0.00, real=0.02 secs] 
2020-09-29T18:31:51.122+0200: 32.147: [GC (Allocation Failure) 2020-09-29T18:31:51.122+0200: 32.147: [ParNew: 603406K->41331K(613440K), 0.0203577 secs] 617293K->55219K(2029056K), 0.0204126 secs] [Times: user=0.13 sys=0.00, real=0.02 secs] 
2020-09-29T18:31:51.192+0200: 32.217: [GC (Allocation Failure) 2020-09-29T18:31:51.192+0200: 32.217: [ParNew: 586675K->47898K(613440K), 0.0195344 secs] 600563K->61786K(2029056K), 0.0195927 secs] [Times: user=0.13 sys=0.00, real=0.02 secs] 
2020-09-29T18:31:51.261+0200: 32.286: [GC (Allocation Failure) 2020-09-29T18:31:51.261+0200: 32.286: [ParNew: 593242K->68096K(613440K), 0.0233447 secs] 607130K->82450K(2029056K), 0.0233991 secs] [Times: user=0.13 sys=0.00, real=0.02 secs] 
2020-09-29T18:31:51.331+0200: 32.356: [GC (Allocation Failure) 2020-09-29T18:31:51.331+0200: 32.356: [ParNew: 613440K->53354K(613440K), 0.0178428 secs] 627794K->67709K(2029056K), 0.0179167 secs] [Times: user=0.25 sys=0.00, real=0.02 secs] 
2020-09-29T18:31:51.398+0200: 32.423: [GC (Allocation Failure) 2020-09-29T18:31:51.398+0200: 32.423: [ParNew: 598698K->65098K(613440K), 0.0258525 secs] 613053K->79453K(2029056K), 0.0259136 secs] [Times: user=0.11 sys=0.00, real=0.03 secs] 
2020-09-29T18:31:51.474+0200: 32.499: [GC (Allocation Failure) 2020-09-29T18:31:51.474+0200: 32.499: [ParNew: 610442K->49655K(613440K), 0.0215271 secs] 624797K->64010K(2029056K), 0.0216176 secs] [Times: user=0.13 sys=0.00, real=0.02 secs] 
2020-09-29T18:31:51.546+0200: 32.571: [GC (Allocation Failure) 2020-09-29T18:31:51.546+0200: 32.571: [ParNew: 594999K->49612K(613440K), 0.0206231 secs] 609354K->63967K(2029056K), 0.0207088 secs] [Times: user=0.25 sys=0.00, real=0.02 secs] 
2020-09-29T18:31:51.619+0200: 32.644: [GC (Allocation Failure) 2020-09-29T18:31:51.619+0200: 32.644: [ParNew: 594956K->48304K(613440K), 0.0197510 secs] 609311K->62658K(2029056K), 0.0198326 secs] [Times: user=0.13 sys=0.00, real=0.02 secs] 
2020-09-29T18:31:51.688+0200: 32.713: [GC (Allocation Failure) 2020-09-29T18:31:51.688+0200: 32.713: [ParNew: 593648K->47049K(613440K), 0.0186343 secs] 608002K->61403K(2029056K), 0.0186902 secs] [Times: user=0.25 sys=0.00, real=0.02 secs] 
2020-09-29T18:31:51.756+0200: 32.781: [GC (Allocation Failure) 2020-09-29T18:31:51.756+0200: 32.781: [ParNew: 592393K->42700K(613440K), 0.0179439 secs] 606747K->57054K(2029056K), 0.0180171 secs] [Times: user=0.13 sys=0.00, real=0.02 secs] 
2020-09-29T18:31:51.822+0200: 32.847: [GC (Allocation Failure) 2020-09-29T18:31:51.822+0200: 32.847: [ParNew: 588044K->36224K(613440K), 0.0171169 secs] 602398K->50579K(2029056K), 0.0171716 secs] [Times: user=0.13 sys=0.00, real=0.02 secs] 
2020-09-29T18:31:51.886+0200: 32.911: [GC (Allocation Failure) 2020-09-29T18:31:51.886+0200: 32.911: [ParNew: 581568K->32395K(613440K), 0.0166215 secs] 595923K->46749K(2029056K), 0.0166939 secs] [Times: user=0.13 sys=0.00, real=0.02 secs] 
2020-09-29T18:31:51.950+0200: 32.975: [GC (Allocation Failure) 2020-09-29T18:31:51.950+0200: 32.975: [ParNew: 577739K->56897K(613440K), 0.0205291 secs] 592093K->71251K(2029056K), 0.0205988 secs] [Times: user=0.13 sys=0.00, real=0.02 secs] 
2020-09-29T18:31:52.021+0200: 33.046: [GC (Allocation Failure) 2020-09-29T18:31:52.021+0200: 33.046: [ParNew: 602241K->68096K(613440K), 0.0243951 secs] 616595K->82450K(2029056K), 0.0244702 secs] [Times: user=0.13 sys=0.00, real=0.02 secs] 
2020-09-29T18:31:52.092+0200: 33.117: [GC (Allocation Failure) 2020-09-29T18:31:52.092+0200: 33.117: [ParNew: 613440K->55380K(613440K), 0.0189897 secs] 627794K->69735K(2029056K), 0.0190449 secs] [Times: user=0.13 sys=0.00, real=0.02 secs] 
2020-09-29T18:31:52.163+0200: 33.188: [GC (Allocation Failure) 2020-09-29T18:31:52.163+0200: 33.188: [ParNew: 600724K->45733K(613440K), 0.0188823 secs] 615079K->60087K(2029056K), 0.0189367 secs] [Times: user=0.13 sys=0.00, real=0.02 secs] 
2020-09-29T18:31:52.231+0200: 33.256: [GC (Allocation Failure) 2020-09-29T18:31:52.231+0200: 33.256: [ParNew: 591077K->45377K(613440K), 0.0172575 secs] 605431K->59732K(2029056K), 0.0173252 secs] [Times: user=0.13 sys=0.00, real=0.02 secs] 
2020-09-29T18:31:52.296+0200: 33.321: [GC (Allocation Failure) 2020-09-29T18:31:52.296+0200: 33.321: [ParNew: 590721K->63961K(613440K), 0.0206549 secs] 605076K->78316K(2029056K), 0.0207094 secs] [Times: user=0.25 sys=0.00, real=0.02 secs] 
2020-09-29T18:31:52.366+0200: 33.391: [GC (Allocation Failure) 2020-09-29T18:31:52.366+0200: 33.391: [ParNew: 609305K->46969K(613440K), 0.0214946 secs] 623660K->61324K(2029056K), 0.0215622 secs] [Times: user=0.13 sys=0.00, real=0.02 secs] 
2020-09-29T18:31:52.439+0200: 33.464: [GC (Allocation Failure) 2020-09-29T18:31:52.439+0200: 33.464: [ParNew: 592313K->50012K(613440K), 0.0214134 secs] 606668K->64366K(2029056K), 0.0214772 secs] [Times: user=0.25 sys=0.00, real=0.02 secs] 
2020-09-29T18:31:52.511+0200: 33.536: [GC (Allocation Failure) 2020-09-29T18:31:52.511+0200: 33.536: [ParNew: 595356K->41613K(613440K), 0.0121331 secs] 609710K->55967K(2029056K), 0.0121890 secs] [Times: user=0.13 sys=0.00, real=0.01 secs] 
2020-09-29T18:31:52.580+0200: 33.605: [GC (Allocation Failure) 2020-09-29T18:31:52.580+0200: 33.605: [ParNew: 586957K->37929K(613440K), 0.0203354 secs] 601311K->52283K(2029056K), 0.0204029 secs] [Times: user=0.22 sys=0.00, real=0.02 secs] 
2020-09-29T18:31:52.655+0200: 33.680: [GC (Allocation Failure) 2020-09-29T18:31:52.655+0200: 33.680: [ParNew: 583273K->54420K(613440K), 0.0185564 secs] 597627K->68774K(2029056K), 0.0186214 secs] [Times: user=0.11 sys=0.00, real=0.02 secs] 
2020-09-29T18:31:52.723+0200: 33.748: [GC (Allocation Failure) 2020-09-29T18:31:52.723+0200: 33.748: [ParNew: 599764K->42835K(613440K), 0.0177446 secs] 614118K->57190K(2029056K), 0.0178378 secs] [Times: user=0.13 sys=0.00, real=0.02 secs] 
2020-09-29T18:31:52.788+0200: 33.813: [GC (Allocation Failure) 2020-09-29T18:31:52.788+0200: 33.813: [ParNew: 588179K->60296K(613440K), 0.0211071 secs] 602534K->74651K(2029056K), 0.0211709 secs] [Times: user=0.13 sys=0.00, real=0.02 secs] 
2020-09-29T18:31:52.859+0200: 33.885: [GC (Allocation Failure) 2020-09-29T18:31:52.859+0200: 33.885: [ParNew: 605640K->40507K(613440K), 0.0179733 secs] 619995K->54862K(2029056K), 0.0180482 secs] [Times: user=0.11 sys=0.00, real=0.02 secs] 
2020-09-29T18:31:52.925+0200: 33.950: [GC (Allocation Failure) 2020-09-29T18:31:52.925+0200: 33.950: [ParNew: 585851K->59674K(613440K), 0.0193573 secs] 600206K->74029K(2029056K), 0.0194361 secs] [Times: user=0.25 sys=0.00, real=0.02 secs] 
2020-09-29T18:31:52.994+0200: 34.019: [GC (Allocation Failure) 2020-09-29T18:31:52.994+0200: 34.019: [ParNew: 605018K->43141K(613440K), 0.0136269 secs] 619373K->57496K(2029056K), 0.0136851 secs] [Times: user=0.13 sys=0.00, real=0.01 secs] 
2020-09-29T18:31:53.055+0200: 34.081: [GC (Allocation Failure) 2020-09-29T18:31:53.055+0200: 34.081: [ParNew: 588485K->41600K(613440K), 0.0172959 secs] 602840K->55954K(2029056K), 0.0173549 secs] [Times: user=0.13 sys=0.00, real=0.02 secs] 
2020-09-29T18:31:53.122+0200: 34.147: [GC (Allocation Failure) 2020-09-29T18:31:53.122+0200: 34.147: [ParNew: 586944K->43342K(613440K), 0.0179140 secs] 601298K->57696K(2029056K), 0.0179700 secs] [Times: user=0.13 sys=0.00, real=0.02 secs] 
2020-09-29T18:31:53.188+0200: 34.212: [GC (Allocation Failure) 2020-09-29T18:31:53.188+0200: 34.212: [ParNew: 588686K->39103K(613440K), 0.0158680 secs] 603040K->53457K(2029056K), 0.0159653 secs] [Times: user=0.13 sys=0.00, real=0.02 secs] 
2020-09-29T18:31:53.251+0200: 34.277: [GC (Allocation Failure) 2020-09-29T18:31:53.251+0200: 34.277: [ParNew: 584447K->35496K(613440K), 0.0158016 secs] 598801K->49851K(2029056K), 0.0158692 secs] [Times: user=0.13 sys=0.00, real=0.02 secs] 
2020-09-29T18:31:53.319+0200: 34.344: [GC (Allocation Failure) 2020-09-29T18:31:53.319+0200: 34.344: [ParNew: 580840K->54599K(613440K), 0.0228098 secs] 595195K->68954K(2029056K), 0.0228718 secs] [Times: user=0.13 sys=0.00, real=0.02 secs] 
2020-09-29T18:31:53.394+0200: 34.418: [GC (Allocation Failure) 2020-09-29T18:31:53.394+0200: 34.418: [ParNew: 599943K->68096K(613440K), 0.0254648 secs] 614298K->83027K(2029056K), 0.0255400 secs] [Times: user=0.23 sys=0.00, real=0.02 secs] 
2020-09-29T18:31:53.472+0200: 34.496: [GC (Allocation Failure) 2020-09-29T18:31:53.472+0200: 34.496: [ParNew: 613440K->52802K(613440K), 0.0209444 secs] 628371K->67733K(2029056K), 0.0210615 secs] [Times: user=0.25 sys=0.00, real=0.02 secs] 
2020-09-29T18:31:53.543+0200: 34.567: [GC (Allocation Failure) 2020-09-29T18:31:53.543+0200: 34.567: [ParNew: 598146K->34841K(613440K), 0.0101004 secs] 613077K->49773K(2029056K), 0.0101702 secs] [Times: user=0.13 sys=0.00, real=0.01 secs] 
2020-09-29T18:31:53.604+0200: 34.629: [GC (Allocation Failure) 2020-09-29T18:31:53.604+0200: 34.629: [ParNew: 580185K->47489K(613440K), 0.0217956 secs] 595117K->62420K(2029056K), 0.0218565 secs] [Times: user=0.11 sys=0.00, real=0.02 secs] 
2020-09-29T18:31:53.674+0200: 34.699: [GC (Allocation Failure) 2020-09-29T18:31:53.674+0200: 34.699: [ParNew: 592833K->65449K(613440K), 0.0201513 secs] 607764K->80381K(2029056K), 0.0202153 secs] [Times: user=0.25 sys=0.00, real=0.02 secs] 
2020-09-29T18:31:53.743+0200: 34.768: [GC (Allocation Failure) 2020-09-29T18:31:53.743+0200: 34.768: [ParNew: 610793K->27237K(613440K), 0.0142358 secs] 625725K->42168K(2029056K), 0.0142914 secs] [Times: user=0.13 sys=0.00, real=0.01 secs] 
2020-09-29T18:31:53.809+0200: 34.833: [GC (Allocation Failure) 2020-09-29T18:31:53.809+0200: 34.833: [ParNew: 572581K->30076K(613440K), 0.0131953 secs] 587512K->45008K(2029056K), 0.0132548 secs] [Times: user=0.13 sys=0.00, real=0.01 secs] 
2020-09-29T18:31:53.869+0200: 34.894: [GC (Allocation Failure) 2020-09-29T18:31:53.869+0200: 34.894: [ParNew: 575420K->46609K(613440K), 0.0178210 secs] 590352K->61541K(2029056K), 0.0178996 secs] [Times: user=0.13 sys=0.00, real=0.02 secs] 
2020-09-29T18:31:53.934+0200: 34.959: [GC (Allocation Failure) 2020-09-29T18:31:53.934+0200: 34.959: [ParNew: 591953K->61525K(613440K), 0.0221243 secs] 606885K->76456K(2029056K), 0.0221775 secs] [Times: user=0.13 sys=0.00, real=0.02 secs] 
2020-09-29T18:31:54.004+0200: 35.028: [GC (Allocation Failure) 2020-09-29T18:31:54.004+0200: 35.028: [ParNew: 606869K->42910K(613440K), 0.0103617 secs] 621800K->57841K(2029056K), 0.0104171 secs] [Times: user=0.13 sys=0.00, real=0.01 secs] 
2020-09-29T18:31:54.061+0200: 35.086: [GC (Allocation Failure) 2020-09-29T18:31:54.062+0200: 35.086: [ParNew: 588254K->32115K(613440K), 0.0155569 secs] 603185K->47047K(2029056K), 0.0156491 secs] [Times: user=0.13 sys=0.00, real=0.02 secs] 
2020-09-29T18:31:54.128+0200: 35.152: [GC (Allocation Failure) 2020-09-29T18:31:54.128+0200: 35.153: [ParNew: 577459K->27544K(613440K), 0.0144270 secs] 592391K->42475K(2029056K), 0.0144895 secs] [Times: user=0.11 sys=0.02, real=0.01 secs] 
2020-09-29T18:31:54.193+0200: 35.217: [GC (Allocation Failure) 2020-09-29T18:31:54.193+0200: 35.217: [ParNew: 572888K->47835K(613440K), 0.0187267 secs] 587819K->62766K(2029056K), 0.0187847 secs] [Times: user=0.13 sys=0.00, real=0.02 secs] 
2020-09-29T18:31:54.259+0200: 35.284: [GC (Allocation Failure) 2020-09-29T18:31:54.259+0200: 35.284: [ParNew: 593179K->64664K(613440K), 0.0216911 secs] 608110K->79595K(2029056K), 0.0217517 secs] [Times: user=0.13 sys=0.00, real=0.02 secs] 
2020-09-29T18:31:54.330+0200: 35.355: [GC (Allocation Failure) 2020-09-29T18:31:54.330+0200: 35.355: [ParNew: 610008K->44634K(613440K), 0.0166077 secs] 624939K->59565K(2029056K), 0.0166793 secs] [Times: user=0.13 sys=0.00, real=0.02 secs] 
2020-09-29T18:31:54.395+0200: 35.419: [GC (Allocation Failure) 2020-09-29T18:31:54.395+0200: 35.419: [ParNew: 589978K->38131K(613440K), 0.0164350 secs] 604909K->53063K(2029056K), 0.0164975 secs] [Times: user=0.24 sys=0.02, real=0.02 secs] 
2020-09-29T18:31:54.460+0200: 35.485: [GC (Allocation Failure) 2020-09-29T18:31:54.460+0200: 35.485: [ParNew: 583475K->34057K(613440K), 0.0160159 secs] 598407K->48989K(2029056K), 0.0160940 secs] [Times: user=0.13 sys=0.00, real=0.02 secs] 
2020-09-29T18:31:54.526+0200: 35.550: [GC (Allocation Failure) 2020-09-29T18:31:54.526+0200: 35.550: [ParNew: 579401K->67651K(613440K), 0.0243632 secs] 594333K->82582K(2029056K), 0.0244389 secs] [Times: user=0.13 sys=0.00, real=0.02 secs] 
2020-09-29T18:31:54.598+0200: 35.623: [GC (Allocation Failure) 2020-09-29T18:31:54.598+0200: 35.623: [ParNew: 612995K->53592K(613440K), 0.0190564 secs] 627926K->68523K(2029056K), 0.0191380 secs] [Times: user=0.25 sys=0.00, real=0.02 secs] 
2020-09-29T18:31:54.671+0200: 35.695: [GC (Allocation Failure) 2020-09-29T18:31:54.671+0200: 35.695: [ParNew: 598936K->40580K(613440K), 0.0191619 secs] 613867K->55512K(2029056K), 0.0192300 secs] [Times: user=0.13 sys=0.00, real=0.02 secs] 
2020-09-29T18:31:54.740+0200: 35.765: [GC (Allocation Failure) 2020-09-29T18:31:54.740+0200: 35.765: [ParNew: 585924K->40091K(613440K), 0.0176198 secs] 600856K->55023K(2029056K), 0.0176786 secs] [Times: user=0.13 sys=0.00, real=0.02 secs] 
2020-09-29T18:31:54.806+0200: 35.831: [GC (Allocation Failure) 2020-09-29T18:31:54.806+0200: 35.831: [ParNew: 585435K->36770K(613440K), 0.0165825 secs] 600367K->51701K(2029056K), 0.0166382 secs] [Times: user=0.13 sys=0.00, real=0.02 secs] 
2020-09-29T18:31:54.870+0200: 35.894: [GC (Allocation Failure) 2020-09-29T18:31:54.870+0200: 35.894: [ParNew: 582114K->59943K(613440K), 0.0204596 secs] 597045K->74875K(2029056K), 0.0205276 secs] [Times: user=0.11 sys=0.00, real=0.02 secs] 
2020-09-29T18:31:54.943+0200: 35.968: [GC (Allocation Failure) 2020-09-29T18:31:54.943+0200: 35.968: [ParNew: 605287K->41217K(613440K), 0.0123006 secs] 620219K->56148K(2029056K), 0.0123500 secs] [Times: user=0.00 sys=0.00, real=0.01 secs] 
2020-09-29T18:31:55.011+0200: 36.035: [GC (Allocation Failure) 2020-09-29T18:31:55.011+0200: 36.035: [ParNew: 586561K->39219K(613440K), 0.0180091 secs] 601492K->54150K(2029056K), 0.0180696 secs] [Times: user=0.13 sys=0.00, real=0.02 secs] 
2020-09-29T18:31:55.076+0200: 36.101: [GC (Allocation Failure) 2020-09-29T18:31:55.076+0200: 36.101: [ParNew: 584563K->38275K(613440K), 0.0171306 secs] 599494K->53206K(2029056K), 0.0171875 secs] [Times: user=0.13 sys=0.00, real=0.02 secs] 
2020-09-29T18:31:55.143+0200: 36.167: [GC (Allocation Failure) 2020-09-29T18:31:55.143+0200: 36.167: [ParNew: 583619K->33371K(613440K), 0.0167414 secs] 598550K->48302K(2029056K), 0.0167974 secs] [Times: user=0.13 sys=0.00, real=0.02 secs] 
2020-09-29T18:31:55.206+0200: 36.230: [GC (Allocation Failure) 2020-09-29T18:31:55.206+0200: 36.230: [ParNew: 578715K->36313K(613440K), 0.0138875 secs] 593646K->51245K(2029056K), 0.0139838 secs] [Times: user=0.11 sys=0.00, real=0.01 secs] 
2020-09-29T18:31:55.267+0200: 36.291: [GC (Allocation Failure) 2020-09-29T18:31:55.267+0200: 36.291: [ParNew: 581657K->53854K(613440K), 0.0234076 secs] 596589K->68785K(2029056K), 0.0234642 secs] [Times: user=0.25 sys=0.00, real=0.02 secs] 
2020-09-29T18:31:55.339+0200: 36.363: [GC (Allocation Failure) 2020-09-29T18:31:55.339+0200: 36.363: [ParNew: 599198K->45560K(613440K), 0.0172399 secs] 614129K->60492K(2029056K), 0.0172953 secs] [Times: user=0.13 sys=0.00, real=0.02 secs] 
2020-09-29T18:31:55.406+0200: 36.431: [GC (Allocation Failure) 2020-09-29T18:31:55.406+0200: 36.431: [ParNew: 590904K->39556K(613440K), 0.0182016 secs] 605836K->54488K(2029056K), 0.0182696 secs] [Times: user=0.11 sys=0.00, real=0.02 secs] 
2020-09-29T18:31:55.478+0200: 36.502: [GC (Allocation Failure) 2020-09-29T18:31:55.478+0200: 36.502: [ParNew: 584900K->58925K(613440K), 0.0208066 secs] 599832K->73856K(2029056K), 0.0208603 secs] [Times: user=0.13 sys=0.00, real=0.02 secs] 
2020-09-29T18:31:55.547+0200: 36.572: [GC (Allocation Failure) 2020-09-29T18:31:55.548+0200: 36.572: [ParNew: 604269K->43915K(613440K), 0.0192094 secs] 619200K->58847K(2029056K), 0.0192735 secs] [Times: user=0.14 sys=0.11, real=0.02 secs] 
2020-09-29T18:31:55.618+0200: 36.642: [GC (Allocation Failure) 2020-09-29T18:31:55.618+0200: 36.642: [ParNew: 589259K->38425K(613440K), 0.0130455 secs] 604191K->53356K(2029056K), 0.0131149 secs] [Times: user=0.13 sys=0.00, real=0.01 secs] 
2020-09-29T18:31:55.684+0200: 36.708: [GC (Allocation Failure) 2020-09-29T18:31:55.684+0200: 36.708: [ParNew: 583769K->35660K(613440K), 0.0175963 secs] 598700K->50592K(2029056K), 0.0176663 secs] [Times: user=0.13 sys=0.00, real=0.02 secs] 
2020-09-29T18:31:55.750+0200: 36.775: [GC (Allocation Failure) 2020-09-29T18:31:55.750+0200: 36.775: [ParNew: 581004K->35800K(613440K), 0.0158086 secs] 595936K->50732K(2029056K), 0.0158713 secs] [Times: user=0.13 sys=0.00, real=0.02 secs] 
2020-09-29T18:31:55.819+0200: 36.844: [GC (Allocation Failure) 2020-09-29T18:31:55.819+0200: 36.844: [ParNew: 581144K->57431K(613440K), 0.0209511 secs] 596076K->72363K(2029056K), 0.0210125 secs] [Times: user=0.13 sys=0.00, real=0.02 secs] 
2020-09-29T18:31:55.889+0200: 36.913: [GC (Allocation Failure) 2020-09-29T18:31:55.889+0200: 36.913: [ParNew: 602775K->56847K(613440K), 0.0200415 secs] 617707K->71778K(2029056K), 0.0201112 secs] [Times: user=0.13 sys=0.00, real=0.02 secs] 
2020-09-29T18:31:55.956+0200: 36.980: [GC (Allocation Failure) 2020-09-29T18:31:55.956+0200: 36.980: [ParNew: 602191K->37753K(613440K), 0.0132779 secs] 617122K->52685K(2029056K), 0.0133348 secs] [Times: user=0.13 sys=0.00, real=0.01 secs] 
2020-09-29T18:31:56.021+0200: 37.046: [GC (Allocation Failure) 2020-09-29T18:31:56.021+0200: 37.046: [ParNew: 583097K->30705K(613440K), 0.0126657 secs] 598029K->45636K(2029056K), 0.0127299 secs] [Times: user=0.00 sys=0.00, real=0.01 secs] 
2020-09-29T18:31:56.080+0200: 37.105: [GC (Allocation Failure) 2020-09-29T18:31:56.080+0200: 37.105: [ParNew: 576049K->53834K(613440K), 0.0221485 secs] 590980K->68766K(2029056K), 0.0222398 secs] [Times: user=0.25 sys=0.00, real=0.02 secs] 
2020-09-29T18:31:56.150+0200: 37.175: [GC (Allocation Failure) 2020-09-29T18:31:56.150+0200: 37.175: [ParNew: 599178K->68096K(613440K), 0.0215652 secs] 614110K->83027K(2029056K), 0.0216242 secs] [Times: user=0.13 sys=0.00, real=0.02 secs] 
2020-09-29T18:31:56.221+0200: 37.245: [GC (Allocation Failure) 2020-09-29T18:31:56.221+0200: 37.245: [ParNew: 613440K->68096K(613440K), 0.0271343 secs] 628371K->84672K(2029056K), 0.0271920 secs] [Times: user=0.25 sys=0.00, real=0.03 secs] 
2020-09-29T18:31:56.295+0200: 37.320: [GC (Allocation Failure) 2020-09-29T18:31:56.295+0200: 37.320: [ParNew: 613440K->56055K(613440K), 0.0211116 secs] 630016K->72631K(2029056K), 0.0211804 secs] [Times: user=0.14 sys=0.00, real=0.02 secs] 
2020-09-29T18:31:56.364+0200: 37.389: [GC (Allocation Failure) 2020-09-29T18:31:56.364+0200: 37.389: [ParNew: 601399K->48572K(613440K), 0.0196576 secs] 617975K->65148K(2029056K), 0.0197405 secs] [Times: user=0.13 sys=0.00, real=0.02 secs] 
2020-09-29T18:31:56.435+0200: 37.459: [GC (Allocation Failure) 2020-09-29T18:31:56.435+0200: 37.459: [ParNew: 593916K->68096K(613440K), 0.0248105 secs] 610492K->84890K(2029056K), 0.0248713 secs] [Times: user=0.25 sys=0.00, real=0.03 secs] 
2020-09-29T18:31:56.509+0200: 37.534: [GC (Allocation Failure) 2020-09-29T18:31:56.509+0200: 37.534: [ParNew: 613440K->53721K(613440K), 0.0178846 secs] 630234K->70515K(2029056K), 0.0179510 secs] [Times: user=0.13 sys=0.00, real=0.02 secs] 
2020-09-29T18:31:56.576+0200: 37.600: [GC (Allocation Failure) 2020-09-29T18:31:56.576+0200: 37.600: [ParNew: 599065K->38324K(613440K), 0.0196134 secs] 615859K->55119K(2029056K), 0.0196844 secs] [Times: user=0.11 sys=0.00, real=0.02 secs] 
2020-09-29T18:31:56.645+0200: 37.670: [GC (Allocation Failure) 2020-09-29T18:31:56.645+0200: 37.670: [ParNew: 583668K->63348K(613440K), 0.0215157 secs] 600463K->80143K(2029056K), 0.0215773 secs] [Times: user=0.13 sys=0.00, real=0.02 secs] 
2020-09-29T18:31:56.713+0200: 37.738: [GC (Allocation Failure) 2020-09-29T18:31:56.713+0200: 37.738: [ParNew: 608692K->42760K(613440K), 0.0150855 secs] 625487K->59554K(2029056K), 0.0151549 secs] [Times: user=0.13 sys=0.00, real=0.01 secs] 
2020-09-29T18:31:56.779+0200: 37.804: [GC (Allocation Failure) 2020-09-29T18:31:56.779+0200: 37.804: [ParNew: 588104K->62895K(613440K), 0.0196675 secs] 604898K->79690K(2029056K), 0.0197412 secs] [Times: user=0.13 sys=0.00, real=0.02 secs] 
2020-09-29T18:31:56.849+0200: 37.873: [GC (Allocation Failure) 2020-09-29T18:31:56.849+0200: 37.873: [ParNew: 608239K->31495K(613440K), 0.0143733 secs] 625034K->48290K(2029056K), 0.0144308 secs] [Times: user=0.00 sys=0.00, real=0.01 secs] 
2020-09-29T18:31:56.914+0200: 37.939: [GC (Allocation Failure) 2020-09-29T18:31:56.914+0200: 37.939: [ParNew: 576839K->48656K(613440K), 0.0191394 secs] 593634K->65450K(2029056K), 0.0192123 secs] [Times: user=0.13 sys=0.00, real=0.02 secs] 
2020-09-29T18:31:56.980+0200: 38.004: [GC (Allocation Failure) 2020-09-29T18:31:56.980+0200: 38.004: [ParNew: 594000K->39659K(613440K), 0.0164073 secs] 610794K->56454K(2029056K), 0.0164745 secs] [Times: user=0.13 sys=0.00, real=0.02 secs] 
2020-09-29T18:31:57.052+0200: 38.077: [GC (Allocation Failure) 2020-09-29T18:31:57.052+0200: 38.077: [ParNew: 585003K->39055K(613440K), 0.0149919 secs] 601798K->55850K(2029056K), 0.0150466 secs] [Times: user=0.13 sys=0.00, real=0.01 secs] 
2020-09-29T18:31:57.114+0200: 38.139: [GC (Allocation Failure) 2020-09-29T18:31:57.114+0200: 38.139: [ParNew: 584399K->60118K(613440K), 0.0204012 secs] 601194K->76913K(2029056K), 0.0204744 secs] [Times: user=0.13 sys=0.00, real=0.02 secs] 
2020-09-29T18:31:57.183+0200: 38.208: [GC (Allocation Failure) 2020-09-29T18:31:57.183+0200: 38.208: [ParNew: 605462K->37398K(613440K), 0.0144403 secs] 622257K->54193K(2029056K), 0.0145123 secs] [Times: user=0.13 sys=0.00, real=0.01 secs] 
2020-09-29T18:31:57.247+0200: 38.271: [GC (Allocation Failure) 2020-09-29T18:31:57.247+0200: 38.271: [ParNew: 582742K->39613K(613440K), 0.0178463 secs] 599537K->56408K(2029056K), 0.0179033 secs] [Times: user=0.13 sys=0.00, real=0.02 secs] 
2020-09-29T18:31:57.315+0200: 38.340: [GC (Allocation Failure) 2020-09-29T18:31:57.315+0200: 38.340: [ParNew: 584957K->33138K(613440K), 0.0100214 secs] 601752K->49932K(2029056K), 0.0100782 secs] [Times: user=0.13 sys=0.00, real=0.01 secs] 
2020-09-29T18:31:57.375+0200: 38.399: [GC (Allocation Failure) 2020-09-29T18:31:57.375+0200: 38.399: [ParNew: 578482K->28966K(613440K), 0.0158418 secs] 595276K->45760K(2029056K), 0.0159408 secs] [Times: user=0.13 sys=0.00, real=0.02 secs] 
2020-09-29T18:31:57.448+0200: 38.473: [GC (Allocation Failure) 2020-09-29T18:31:57.448+0200: 38.473: [ParNew: 574310K->42457K(613440K), 0.0198953 secs] 591104K->59252K(2029056K), 0.0199517 secs] [Times: user=0.13 sys=0.00, real=0.02 secs] 
2020-09-29T18:31:57.517+0200: 38.541: [GC (Allocation Failure) 2020-09-29T18:31:57.517+0200: 38.542: [ParNew: 587801K->57177K(613440K), 0.0187077 secs] 604596K->73971K(2029056K), 0.0187667 secs] [Times: user=0.25 sys=0.00, real=0.02 secs] 
2020-09-29T18:31:57.585+0200: 38.610: [GC (Allocation Failure) 2020-09-29T18:31:57.586+0200: 38.610: [ParNew: 602521K->30834K(613440K), 0.0115427 secs] 619315K->47629K(2029056K), 0.0116205 secs] [Times: user=0.00 sys=0.00, real=0.01 secs] 
2020-09-29T18:31:57.648+0200: 38.672: [GC (Allocation Failure) 2020-09-29T18:31:57.648+0200: 38.672: [ParNew: 576178K->53745K(613440K), 0.0212568 secs] 592973K->70539K(2029056K), 0.0213163 secs] [Times: user=0.13 sys=0.00, real=0.02 secs] 
2020-09-29T18:31:57.718+0200: 38.742: [GC (Allocation Failure) 2020-09-29T18:31:57.718+0200: 38.742: [ParNew: 599089K->42960K(613440K), 0.0160577 secs] 615883K->59755K(2029056K), 0.0161109 secs] [Times: user=0.13 sys=0.00, real=0.02 secs] 
2020-09-29T18:31:57.780+0200: 38.805: [GC (Allocation Failure) 2020-09-29T18:31:57.780+0200: 38.805: [ParNew: 588304K->40808K(613440K), 0.0145501 secs] 605099K->57602K(2029056K), 0.0146093 secs] [Times: user=0.13 sys=0.00, real=0.02 secs] 
2020-09-29T18:31:57.841+0200: 38.866: [GC (Allocation Failure) 2020-09-29T18:31:57.841+0200: 38.866: [ParNew: 586152K->40917K(613440K), 0.0188490 secs] 602946K->57711K(2029056K), 0.0189027 secs] [Times: user=0.13 sys=0.00, real=0.02 secs] 
2020-09-29T18:31:57.907+0200: 38.931: [GC (Allocation Failure) 2020-09-29T18:31:57.907+0200: 38.931: [ParNew: 586261K->56209K(613440K), 0.0185400 secs] 603055K->73003K(2029056K), 0.0186007 secs] [Times: user=0.13 sys=0.00, real=0.02 secs] 
2020-09-29T18:31:57.975+0200: 39.000: [GC (Allocation Failure) 2020-09-29T18:31:57.975+0200: 39.000: [ParNew: 601553K->66952K(613440K), 0.0237249 secs] 618347K->83747K(2029056K), 0.0237910 secs] [Times: user=0.13 sys=0.00, real=0.02 secs] 
2020-09-29T18:31:58.046+0200: 39.071: [GC (Allocation Failure) 2020-09-29T18:31:58.046+0200: 39.071: [ParNew: 612296K->50885K(613440K), 0.0222201 secs] 629091K->67679K(2029056K), 0.0222768 secs] [Times: user=0.25 sys=0.00, real=0.02 secs] 
2020-09-29T18:31:58.116+0200: 39.140: [GC (Allocation Failure) 2020-09-29T18:31:58.116+0200: 39.140: [ParNew: 596229K->52016K(613440K), 0.0212812 secs] 613023K->68811K(2029056K), 0.0213439 secs] [Times: user=0.13 sys=0.00, real=0.02 secs] 
2020-09-29T18:31:58.191+0200: 39.215: [GC (Allocation Failure) 2020-09-29T18:31:58.191+0200: 39.215: [ParNew: 597360K->48139K(613440K), 0.0206250 secs] 614155K->64933K(2029056K), 0.0206938 secs] [Times: user=0.25 sys=0.00, real=0.02 secs] 
2020-09-29T18:31:58.261+0200: 39.285: [GC (Allocation Failure) 2020-09-29T18:31:58.261+0200: 39.285: [ParNew: 593483K->45825K(613440K), 0.0159426 secs] 610277K->62620K(2029056K), 0.0160073 secs] [Times: user=0.13 sys=0.00, real=0.02 secs] 
2020-09-29T18:31:58.323+0200: 39.348: [GC (Allocation Failure) 2020-09-29T18:31:58.323+0200: 39.348: [ParNew: 591169K->45444K(613440K), 0.0197126 secs] 607964K->62238K(2029056K), 0.0197746 secs] [Times: user=0.13 sys=0.00, real=0.02 secs] 
2020-09-29T18:31:58.393+0200: 39.417: [GC (Allocation Failure) 2020-09-29T18:31:58.393+0200: 39.417: [ParNew: 590788K->42168K(613440K), 0.0140531 secs] 607582K->58963K(2029056K), 0.0141208 secs] [Times: user=0.13 sys=0.00, real=0.01 secs] 
2020-09-29T18:31:58.465+0200: 39.489: [GC (Allocation Failure) 2020-09-29T18:31:58.465+0200: 39.490: [ParNew: 587512K->34378K(613440K), 0.0141826 secs] 604307K->51173K(2029056K), 0.0142553 secs] [Times: user=0.13 sys=0.00, real=0.01 secs] 
2020-09-29T18:31:58.529+0200: 39.553: [GC (Allocation Failure) 2020-09-29T18:31:58.529+0200: 39.553: [ParNew: 579722K->59556K(613440K), 0.0226717 secs] 596517K->76351K(2029056K), 0.0227334 secs] [Times: user=0.14 sys=0.00, real=0.02 secs] 
2020-09-29T18:31:58.602+0200: 39.626: [GC (Allocation Failure) 2020-09-29T18:31:58.602+0200: 39.626: [ParNew: 604900K->68096K(613440K), 0.0225079 secs] 621695K->84924K(2029056K), 0.0225845 secs] [Times: user=0.13 sys=0.00, real=0.02 secs] 
2020-09-29T18:31:58.672+0200: 39.696: [GC (Allocation Failure) 2020-09-29T18:31:58.672+0200: 39.696: [ParNew: 613440K->44614K(613440K), 0.0164242 secs] 630268K->61443K(2029056K), 0.0164792 secs] [Times: user=0.13 sys=0.00, real=0.02 secs] 
2020-09-29T18:31:58.739+0200: 39.763: [GC (Allocation Failure) 2020-09-29T18:31:58.739+0200: 39.763: [ParNew: 589958K->37370K(613440K), 0.0150902 secs] 606787K->54198K(2029056K), 0.0151456 secs] [Times: user=0.00 sys=0.00, real=0.01 secs] 
2020-09-29T18:31:58.806+0200: 39.830: [GC (Allocation Failure) 2020-09-29T18:31:58.806+0200: 39.830: [ParNew: 582714K->32499K(613440K), 0.0145565 secs] 599542K->49327K(2029056K), 0.0146130 secs] [Times: user=0.13 sys=0.00, real=0.01 secs] 
2020-09-29T18:31:58.868+0200: 39.893: [GC (Allocation Failure) 2020-09-29T18:31:58.868+0200: 39.893: [ParNew: 577843K->52287K(613440K), 0.0183317 secs] 594671K->69115K(2029056K), 0.0183899 secs] [Times: user=0.13 sys=0.00, real=0.02 secs] 
2020-09-29T18:31:58.934+0200: 39.959: [GC (Allocation Failure) 2020-09-29T18:31:58.934+0200: 39.959: [ParNew: 597631K->51082K(613440K), 0.0187064 secs] 614459K->67910K(2029056K), 0.0187687 secs] [Times: user=0.13 sys=0.00, real=0.02 secs] 
2020-09-29T18:31:59.002+0200: 40.026: [GC (Allocation Failure) 2020-09-29T18:31:59.002+0200: 40.026: [ParNew: 596426K->68096K(613440K), 0.0225350 secs] 613254K->84924K(2029056K), 0.0225960 secs] [Times: user=0.25 sys=0.00, real=0.02 secs] 
2020-09-29T18:31:59.074+0200: 40.099: [GC (Allocation Failure) 2020-09-29T18:31:59.074+0200: 40.099: [ParNew: 613440K->50798K(613440K), 0.0177792 secs] 630268K->67627K(2029056K), 0.0178532 secs] [Times: user=0.13 sys=0.00, real=0.02 secs] 
2020-09-29T18:31:59.144+0200: 40.168: [GC (Allocation Failure) 2020-09-29T18:31:59.144+0200: 40.168: [ParNew: 596142K->45913K(613440K), 0.0171034 secs] 612971K->62741K(2029056K), 0.0171689 secs] [Times: user=0.24 sys=0.00, real=0.02 secs] 
2020-09-29T18:31:59.215+0200: 40.239: [GC (Allocation Failure) 2020-09-29T18:31:59.215+0200: 40.239: [ParNew: 591257K->31720K(613440K), 0.0150147 secs] 608085K->48548K(2029056K), 0.0150753 secs] [Times: user=0.13 sys=0.00, real=0.02 secs] 
2020-09-29T18:31:59.278+0200: 40.302: [GC (Allocation Failure) 2020-09-29T18:31:59.278+0200: 40.302: [ParNew: 577064K->51423K(613440K), 0.0184296 secs] 593892K->68251K(2029056K), 0.0184907 secs] [Times: user=0.13 sys=0.00, real=0.02 secs] 
2020-09-29T18:31:59.346+0200: 40.371: [GC (Allocation Failure) 2020-09-29T18:31:59.346+0200: 40.371: [ParNew: 596767K->42152K(613440K), 0.0186224 secs] 613595K->58980K(2029056K), 0.0186864 secs] [Times: user=0.25 sys=0.00, real=0.02 secs] 
2020-09-29T18:31:59.414+0200: 40.439: [GC (Allocation Failure) 2020-09-29T18:31:59.414+0200: 40.439: [ParNew: 587496K->50620K(613440K), 0.0231076 secs] 604324K->67448K(2029056K), 0.0231859 secs] [Times: user=0.11 sys=0.00, real=0.02 secs] 
2020-09-29T18:31:59.490+0200: 40.515: [GC (Allocation Failure) 2020-09-29T18:31:59.490+0200: 40.515: [ParNew: 595964K->43307K(613440K), 0.0169099 secs] 612792K->60135K(2029056K), 0.0169651 secs] [Times: user=0.13 sys=0.00, real=0.02 secs] 
2020-09-29T18:31:59.557+0200: 40.581: [GC (Allocation Failure) 2020-09-29T18:31:59.557+0200: 40.581: [ParNew: 588651K->63528K(613440K), 0.0217428 secs] 605479K->80356K(2029056K), 0.0218371 secs] [Times: user=0.13 sys=0.00, real=0.02 secs] 
2020-09-29T18:31:59.627+0200: 40.652: [GC (Allocation Failure) 2020-09-29T18:31:59.627+0200: 40.652: [ParNew: 608872K->45466K(613440K), 0.0157894 secs] 625700K->62294K(2029056K), 0.0158521 secs] [Times: user=0.13 sys=0.00, real=0.02 secs] 
2020-09-29T18:31:59.691+0200: 40.716: [GC (Allocation Failure) 2020-09-29T18:31:59.691+0200: 40.716: [ParNew: 590810K->25530K(613440K), 0.0069860 secs] 607638K->42358K(2029056K), 0.0070407 secs] [Times: user=0.13 sys=0.00, real=0.01 secs] 
2020-09-29T18:31:59.750+0200: 40.774: [GC (Allocation Failure) 2020-09-29T18:31:59.750+0200: 40.774: [ParNew: 570874K->55341K(613440K), 0.0238078 secs] 587702K->72169K(2029056K), 0.0238981 secs] [Times: user=0.25 sys=0.00, real=0.02 secs] 
2020-09-29T18:31:59.821+0200: 40.846: [GC (Allocation Failure) 2020-09-29T18:31:59.821+0200: 40.846: [ParNew: 600685K->68096K(613440K), 0.0231088 secs] 617513K->84924K(2029056K), 0.0231625 secs] [Times: user=0.13 sys=0.00, real=0.02 secs] 
2020-09-29T18:31:59.891+0200: 40.916: [GC (Allocation Failure) 2020-09-29T18:31:59.891+0200: 40.916: [ParNew: 613440K->46634K(613440K), 0.0229483 secs] 630268K->63462K(2029056K), 0.0230171 secs] [Times: user=0.25 sys=0.00, real=0.02 secs] 
2020-09-29T18:31:59.969+0200: 40.994: [GC (Allocation Failure) 2020-09-29T18:31:59.970+0200: 40.994: [ParNew: 591978K->43626K(613440K), 0.0218177 secs] 608806K->60454K(2029056K), 0.0218936 secs] [Times: user=0.25 sys=0.00, real=0.02 secs] 
2020-09-29T18:32:00.044+0200: 41.069: [GC (Allocation Failure) 2020-09-29T18:32:00.044+0200: 41.069: [ParNew: 588970K->35132K(613440K), 0.0216320 secs] 605798K->51960K(2029056K), 0.0217013 secs] [Times: user=0.13 sys=0.00, real=0.02 secs] 
2020-09-29T18:32:00.121+0200: 41.146: [GC (Allocation Failure) 2020-09-29T18:32:00.121+0200: 41.146: [ParNew: 580476K->55535K(613440K), 0.0279034 secs] 597304K->72364K(2029056K), 0.0279878 secs] [Times: user=0.25 sys=0.00, real=0.03 secs] 
2020-09-29T18:32:00.197+0200: 41.222: [GC (Allocation Failure) 2020-09-29T18:32:00.197+0200: 41.222: [ParNew: 600879K->68096K(613440K), 0.0341442 secs] 617708K->85190K(2029056K), 0.0342125 secs] [Times: user=0.25 sys=0.00, real=0.03 secs] 
2020-09-29T18:32:00.279+0200: 41.304: [GC (Allocation Failure) 2020-09-29T18:32:00.279+0200: 41.304: [ParNew: 613440K->45139K(613440K), 0.0183668 secs] 630534K->62234K(2029056K), 0.0184363 secs] [Times: user=0.13 sys=0.00, real=0.02 secs] 
2020-09-29T18:32:00.359+0200: 41.384: [GC (Allocation Failure) 2020-09-29T18:32:00.359+0200: 41.384: [ParNew: 590483K->41906K(613440K), 0.0230454 secs] 607578K->59000K(2029056K), 0.0231163 secs] [Times: user=0.25 sys=0.00, real=0.02 secs] 
2020-09-29T18:32:00.436+0200: 41.461: [GC (Allocation Failure) 2020-09-29T18:32:00.436+0200: 41.461: [ParNew: 587250K->56466K(613440K), 0.0311189 secs] 604344K->73561K(2029056K), 0.0311922 secs] [Times: user=0.23 sys=0.00, real=0.03 secs] 
2020-09-29T18:32:00.518+0200: 41.542: [GC (Allocation Failure) 2020-09-29T18:32:00.518+0200: 41.542: [ParNew: 601810K->44579K(613440K), 0.0215586 secs] 618905K->61674K(2029056K), 0.0216351 secs] [Times: user=0.25 sys=0.00, real=0.02 secs] 
2020-09-29T18:32:00.593+0200: 41.618: [GC (Allocation Failure) 2020-09-29T18:32:00.593+0200: 41.618: [ParNew: 589923K->52998K(613440K), 0.0302919 secs] 607018K->70092K(2029056K), 0.0303624 secs] [Times: user=0.22 sys=0.00, real=0.03 secs] 
2020-09-29T18:32:00.675+0200: 41.700: [GC (Allocation Failure) 2020-09-29T18:32:00.675+0200: 41.700: [ParNew: 598342K->51038K(613440K), 0.0258955 secs] 615436K->68132K(2029056K), 0.0259717 secs] [Times: user=0.25 sys=0.00, real=0.03 secs] 
2020-09-29T18:32:00.748+0200: 41.772: [GC (Allocation Failure) 2020-09-29T18:32:00.748+0200: 41.772: [ParNew: 596382K->34456K(613440K), 0.0176181 secs] 613476K->51550K(2029056K), 0.0176906 secs] [Times: user=0.13 sys=0.00, real=0.02 secs] 
2020-09-29T18:32:00.817+0200: 41.842: [GC (Allocation Failure) 2020-09-29T18:32:00.817+0200: 41.842: [ParNew: 579800K->50810K(613440K), 0.0259658 secs] 596894K->67904K(2029056K), 0.0260315 secs] [Times: user=0.13 sys=0.00, real=0.03 secs] 
2020-09-29T18:32:00.895+0200: 41.919: [GC (Allocation Failure) 2020-09-29T18:32:00.895+0200: 41.919: [ParNew: 596154K->38788K(613440K), 0.0237913 secs] 613248K->55883K(2029056K), 0.0238742 secs] [Times: user=0.14 sys=0.00, real=0.02 secs] 
2020-09-29T18:32:00.968+0200: 41.993: [GC (Allocation Failure) 2020-09-29T18:32:00.968+0200: 41.993: [ParNew: 584132K->62588K(613440K), 0.0303534 secs] 601227K->79683K(2029056K), 0.0304411 secs] [Times: user=0.25 sys=0.00, real=0.03 secs] 
2020-09-29T18:32:01.048+0200: 42.073: [GC (Allocation Failure) 2020-09-29T18:32:01.048+0200: 42.073: [ParNew: 607932K->42150K(613440K), 0.0127443 secs] 625027K->59244K(2029056K), 0.0128135 secs] [Times: user=0.13 sys=0.00, real=0.01 secs] 
2020-09-29T18:32:01.109+0200: 42.134: [GC (Allocation Failure) 2020-09-29T18:32:01.110+0200: 42.134: [ParNew: 587494K->42381K(613440K), 0.0287339 secs] 604588K->59476K(2029056K), 0.0288088 secs] [Times: user=0.25 sys=0.00, real=0.03 secs] 
2020-09-29T18:32:01.188+0200: 42.213: [GC (Allocation Failure) 2020-09-29T18:32:01.188+0200: 42.213: [ParNew: 587725K->64105K(613440K), 0.0260466 secs] 604820K->81200K(2029056K), 0.0261131 secs] [Times: user=0.25 sys=0.00, real=0.03 secs] 
2020-09-29T18:32:01.273+0200: 42.298: [GC (Allocation Failure) 2020-09-29T18:32:01.273+0200: 42.298: [ParNew: 609449K->25690K(613440K), 0.0171019 secs] 626544K->42785K(2029056K), 0.0171694 secs] [Times: user=0.13 sys=0.00, real=0.02 secs] 
2020-09-29T18:32:01.352+0200: 42.376: [GC (Allocation Failure) 2020-09-29T18:32:01.352+0200: 42.376: [ParNew: 571034K->43433K(613440K), 0.0237634 secs] 588129K->60527K(2029056K), 0.0238294 secs] [Times: user=0.13 sys=0.00, real=0.02 secs] 
2020-09-29T18:32:01.434+0200: 42.459: [GC (Allocation Failure) 2020-09-29T18:32:01.434+0200: 42.459: [ParNew: 588777K->37786K(613440K), 0.0242661 secs] 605871K->54880K(2029056K), 0.0243504 secs] [Times: user=0.23 sys=0.00, real=0.03 secs] 
2020-09-29T18:32:01.516+0200: 42.540: [GC (Allocation Failure) 2020-09-29T18:32:01.516+0200: 42.540: [ParNew: 583130K->59173K(613440K), 0.0308284 secs] 600224K->76268K(2029056K), 0.0309302 secs] [Times: user=0.23 sys=0.00, real=0.03 secs] 
2020-09-29T18:32:01.599+0200: 42.624: [GC (Allocation Failure) 2020-09-29T18:32:01.599+0200: 42.624: [ParNew: 604517K->43378K(613440K), 0.0206520 secs] 621612K->60473K(2029056K), 0.0207226 secs] [Times: user=0.13 sys=0.00, real=0.02 secs] 
2020-09-29T18:32:01.679+0200: 42.704: [GC (Allocation Failure) 2020-09-29T18:32:01.679+0200: 42.704: [ParNew: 588722K->43414K(613440K), 0.0265903 secs] 605817K->60508K(2029056K), 0.0266567 secs] [Times: user=0.13 sys=0.00, real=0.03 secs] 
2020-09-29T18:32:01.758+0200: 42.783: [GC (Allocation Failure) 2020-09-29T18:32:01.758+0200: 42.783: [ParNew: 588758K->39744K(613440K), 0.0270212 secs] 605852K->56839K(2029056K), 0.0344192 secs] [Times: user=0.13 sys=0.00, real=0.04 secs] 
2020-09-29T18:32:01.855+0200: 42.880: [GC (Allocation Failure) 2020-09-29T18:32:01.855+0200: 42.880: [ParNew: 585088K->49645K(613440K), 0.0270389 secs] 602183K->66740K(2029056K), 0.0271062 secs] [Times: user=0.25 sys=0.00, real=0.03 secs] 
2020-09-29T18:32:01.932+0200: 42.957: [GC (Allocation Failure) 2020-09-29T18:32:01.932+0200: 42.957: [ParNew: 594989K->68096K(613440K), 0.0323433 secs] 612084K->85190K(2029056K), 0.0324219 secs] [Times: user=0.25 sys=0.00, real=0.03 secs] 
2020-09-29T18:32:02.014+0200: 43.039: [GC (Allocation Failure) 2020-09-29T18:32:02.014+0200: 43.039: [ParNew: 613440K->44306K(613440K), 0.0152754 secs] 630534K->61401K(2029056K), 0.0153436 secs] [Times: user=0.13 sys=0.00, real=0.02 secs] 
2020-09-29T18:32:02.088+0200: 43.113: [GC (Allocation Failure) 2020-09-29T18:32:02.088+0200: 43.113: [ParNew: 589650K->35845K(613440K), 0.0218863 secs] 606745K->52939K(2029056K), 0.0219542 secs] [Times: user=0.13 sys=0.00, real=0.02 secs] 
2020-09-29T18:32:02.165+0200: 43.190: [GC (Allocation Failure) 2020-09-29T18:32:02.165+0200: 43.190: [ParNew: 581189K->40361K(613440K), 0.0216440 secs] 598283K->57456K(2029056K), 0.0217179 secs] [Times: user=0.13 sys=0.00, real=0.02 secs] 
2020-09-29T18:32:02.238+0200: 43.263: [GC (Allocation Failure) 2020-09-29T18:32:02.238+0200: 43.263: [ParNew: 585705K->53172K(613440K), 0.0266422 secs] 602800K->70267K(2029056K), 0.0267244 secs] [Times: user=0.09 sys=0.00, real=0.03 secs] 
2020-09-29T18:32:02.316+0200: 43.340: [GC (Allocation Failure) 2020-09-29T18:32:02.316+0200: 43.341: [ParNew: 598516K->66524K(613440K), 0.0336893 secs] 615611K->83619K(2029056K), 0.0337634 secs] [Times: user=0.38 sys=0.00, real=0.03 secs] 
2020-09-29T18:32:02.398+0200: 43.423: [GC (Allocation Failure) 2020-09-29T18:32:02.398+0200: 43.423: [ParNew: 611868K->50198K(613440K), 0.0253596 secs] 628963K->67293K(2029056K), 0.0254386 secs] [Times: user=0.13 sys=0.00, real=0.03 secs] 
2020-09-29T18:32:02.477+0200: 43.501: [GC (Allocation Failure) 2020-09-29T18:32:02.477+0200: 43.502: [ParNew: 595542K->41819K(613440K), 0.0256954 secs] 612637K->58913K(2029056K), 0.0257725 secs] [Times: user=0.13 sys=0.00, real=0.03 secs] 
2020-09-29T18:32:02.551+0200: 43.576: [GC (Allocation Failure) 2020-09-29T18:32:02.551+0200: 43.576: [ParNew: 587163K->28611K(613440K), 0.0156484 secs] 604257K->45706K(2029056K), 0.0157246 secs] [Times: user=0.11 sys=0.00, real=0.02 secs] 
2020-09-29T18:32:02.627+0200: 43.652: [GC (Allocation Failure) 2020-09-29T18:32:02.627+0200: 43.652: [ParNew: 573955K->50057K(613440K), 0.0286571 secs] 591050K->67151K(2029056K), 0.0287383 secs] [Times: user=0.25 sys=0.00, real=0.03 secs] 
2020-09-29T18:32:02.707+0200: 43.732: [GC (Allocation Failure) 2020-09-29T18:32:02.707+0200: 43.732: [ParNew: 595401K->41419K(613440K), 0.0192478 secs] 612495K->58513K(2029056K), 0.0193166 secs] [Times: user=0.25 sys=0.00, real=0.02 secs] 
2020-09-29T18:32:02.785+0200: 43.810: [GC (Allocation Failure) 2020-09-29T18:32:02.785+0200: 43.810: [ParNew: 586763K->57216K(613440K), 0.0345420 secs] 603857K->74311K(2029056K), 0.0346068 secs] [Times: user=0.38 sys=0.00, real=0.03 secs] 
2020-09-29T18:32:02.866+0200: 43.891: [GC (Allocation Failure) 2020-09-29T18:32:02.866+0200: 43.891: [ParNew: 602560K->51647K(613440K), 0.0261327 secs] 619655K->68741K(2029056K), 0.0261982 secs] [Times: user=0.13 sys=0.00, real=0.03 secs] 
2020-09-29T18:32:02.945+0200: 43.970: [GC (Allocation Failure) 2020-09-29T18:32:02.945+0200: 43.970: [ParNew: 596991K->44747K(613440K), 0.0256560 secs] 614085K->61842K(2029056K), 0.0257255 secs] [Times: user=0.13 sys=0.00, real=0.03 secs] 
2020-09-29T18:32:03.021+0200: 44.046: [GC (Allocation Failure) 2020-09-29T18:32:03.021+0200: 44.046: [ParNew: 590091K->37957K(613440K), 0.0150318 secs] 607186K->55051K(2029056K), 0.0151017 secs] [Times: user=0.13 sys=0.00, real=0.02 secs] 
2020-09-29T18:32:03.105+0200: 44.130: [GC (Allocation Failure) 2020-09-29T18:32:03.105+0200: 44.130: [ParNew: 583301K->51531K(613440K), 0.0304727 secs] 600395K->68626K(2029056K), 0.0305445 secs] [Times: user=0.25 sys=0.00, real=0.03 secs] 
2020-09-29T18:32:03.189+0200: 44.214: [GC (Allocation Failure) 2020-09-29T18:32:03.189+0200: 44.214: [ParNew: 596875K->68096K(613440K), 0.0296031 secs] 613970K->85190K(2029056K), 0.0296784 secs] [Times: user=0.25 sys=0.00, real=0.03 secs] 
2020-09-29T18:32:03.273+0200: 44.298: [GC (Allocation Failure) 2020-09-29T18:32:03.273+0200: 44.298: [ParNew: 613440K->50261K(613440K), 0.0210847 secs] 630534K->67356K(2029056K), 0.0211597 secs] [Times: user=0.13 sys=0.00, real=0.02 secs] 
2020-09-29T18:32:03.347+0200: 44.372: [GC (Allocation Failure) 2020-09-29T18:32:03.347+0200: 44.372: [ParNew: 595605K->45716K(613440K), 0.0283122 secs] 612700K->62811K(2029056K), 0.0283873 secs] [Times: user=0.25 sys=0.00, real=0.03 secs] 
2020-09-29T18:32:03.428+0200: 44.452: [GC (Allocation Failure) 2020-09-29T18:32:03.428+0200: 44.453: [ParNew: 591060K->39448K(613440K), 0.0224482 secs] 608155K->56543K(2029056K), 0.0225396 secs] [Times: user=0.11 sys=0.00, real=0.02 secs] 
2020-09-29T18:32:03.501+0200: 44.526: [GC (Allocation Failure) 2020-09-29T18:32:03.501+0200: 44.526: [ParNew: 584792K->58169K(613440K), 0.0257924 secs] 601887K->75263K(2029056K), 0.0258829 secs] [Times: user=0.25 sys=0.00, real=0.03 secs] 
2020-09-29T18:32:03.583+0200: 44.608: [GC (Allocation Failure) 2020-09-29T18:32:03.583+0200: 44.608: [ParNew: 603513K->43002K(613440K), 0.0271382 secs] 620607K->60096K(2029056K), 0.0272392 secs] [Times: user=0.11 sys=0.00, real=0.03 secs] 
2020-09-29T18:32:03.660+0200: 44.685: [GC (Allocation Failure) 2020-09-29T18:32:03.660+0200: 44.685: [ParNew: 588346K->45900K(613440K), 0.0254802 secs] 605440K->62995K(2029056K), 0.0255777 secs] [Times: user=0.20 sys=0.00, real=0.03 secs] 
2020-09-29T18:32:03.733+0200: 44.758: [GC (Allocation Failure) 2020-09-29T18:32:03.733+0200: 44.758: [ParNew: 591244K->36989K(613440K), 0.0224995 secs] 608339K->54084K(2029056K), 0.0225701 secs] [Times: user=0.25 sys=0.00, real=0.02 secs] 
2020-09-29T18:32:03.817+0200: 44.842: [GC (Allocation Failure) 2020-09-29T18:32:03.817+0200: 44.842: [ParNew: 582333K->52422K(613440K), 0.0300333 secs] 599428K->69516K(2029056K), 0.0301180 secs] [Times: user=0.11 sys=0.00, real=0.03 secs] 
2020-09-29T18:32:03.898+0200: 44.923: [GC (Allocation Failure) 2020-09-29T18:32:03.898+0200: 44.923: [ParNew: 597766K->45291K(613440K), 0.0269738 secs] 614860K->62386K(2029056K), 0.0270488 secs] [Times: user=0.13 sys=0.00, real=0.03 secs] 
2020-09-29T18:32:03.977+0200: 45.002: [GC (Allocation Failure) 2020-09-29T18:32:03.977+0200: 45.002: [ParNew: 590635K->68096K(613440K), 0.0339677 secs] 607730K->85808K(2029056K), 0.0340330 secs] [Times: user=0.25 sys=0.00, real=0.03 secs] 
2020-09-29T18:32:04.060+0200: 45.085: [GC (Allocation Failure) 2020-09-29T18:32:04.060+0200: 45.085: [ParNew: 613440K->66770K(613440K), 0.0323789 secs] 631152K->84482K(2029056K), 0.0324623 secs] [Times: user=0.25 sys=0.00, real=0.03 secs] 
2020-09-29T18:32:04.143+0200: 45.168: [GC (Allocation Failure) 2020-09-29T18:32:04.143+0200: 45.168: [ParNew: 612114K->68096K(613440K), 0.0337289 secs] 629826K->85930K(2029056K), 0.0338188 secs] [Times: user=0.34 sys=0.01, real=0.03 secs] 
2020-09-29T18:32:04.227+0200: 45.252: [GC (Allocation Failure) 2020-09-29T18:32:04.227+0200: 45.252: [ParNew: 613440K->43740K(613440K), 0.0230676 secs] 631274K->61574K(2029056K), 0.0231356 secs] [Times: user=0.13 sys=0.00, real=0.02 secs] 
2020-09-29T18:32:04.302+0200: 45.327: [GC (Allocation Failure) 2020-09-29T18:32:04.302+0200: 45.327: [ParNew: 589084K->41981K(613440K), 0.0202195 secs] 606918K->59816K(2029056K), 0.0202897 secs] [Times: user=0.13 sys=0.00, real=0.02 secs] 
2020-09-29T18:32:04.375+0200: 45.400: [GC (Allocation Failure) 2020-09-29T18:32:04.375+0200: 45.400: [ParNew: 587325K->58540K(613440K), 0.0256608 secs] 605160K->76374K(2029056K), 0.0257478 secs] [Times: user=0.25 sys=0.00, real=0.03 secs] 
2020-09-29T18:32:04.460+0200: 45.485: [GC (Allocation Failure) 2020-09-29T18:32:04.460+0200: 45.485: [ParNew: 603884K->43686K(613440K), 0.0266076 secs] 621718K->61520K(2029056K), 0.0266813 secs] [Times: user=0.13 sys=0.00, real=0.03 secs] 
2020-09-29T18:32:04.538+0200: 45.563: [GC (Allocation Failure) 2020-09-29T18:32:04.538+0200: 45.563: [ParNew: 589030K->33749K(613440K), 0.0102704 secs] 606864K->51583K(2029056K), 0.0103413 secs] [Times: user=0.00 sys=0.00, real=0.01 secs] 
2020-09-29T18:32:04.601+0200: 45.626: [GC (Allocation Failure) 2020-09-29T18:32:04.601+0200: 45.626: [ParNew: 579093K->64359K(613440K), 0.0408391 secs] 596927K->82193K(2029056K), 0.0409184 secs] [Times: user=0.22 sys=0.00, real=0.04 secs] 
2020-09-29T18:32:04.690+0200: 45.715: [GC (Allocation Failure) 2020-09-29T18:32:04.690+0200: 45.715: [ParNew: 609703K->52911K(613440K), 0.0298497 secs] 627537K->70745K(2029056K), 0.0299198 secs] [Times: user=0.25 sys=0.00, real=0.03 secs] 
2020-09-29T18:32:04.776+0200: 45.801: [GC (Allocation Failure) 2020-09-29T18:32:04.776+0200: 45.801: [ParNew: 598255K->53282K(613440K), 0.0284123 secs] 616089K->71116K(2029056K), 0.0284912 secs] [Times: user=0.25 sys=0.00, real=0.03 secs] 
2020-09-29T18:32:04.859+0200: 45.884: [GC (Allocation Failure) 2020-09-29T18:32:04.859+0200: 45.884: [ParNew: 598626K->45517K(613440K), 0.0190958 secs] 616460K->63351K(2029056K), 0.0191702 secs] [Times: user=0.13 sys=0.00, real=0.02 secs] 
2020-09-29T18:32:04.936+0200: 45.961: [GC (Allocation Failure) 2020-09-29T18:32:04.936+0200: 45.961: [ParNew: 590861K->33811K(613440K), 0.0220912 secs] 608695K->51645K(2029056K), 0.0221743 secs] [Times: user=0.25 sys=0.00, real=0.02 secs] 
2020-09-29T18:32:05.012+0200: 46.037: [GC (Allocation Failure) 2020-09-29T18:32:05.012+0200: 46.037: [ParNew: 579155K->49044K(613440K), 0.0290643 secs] 596989K->66878K(2029056K), 0.0291433 secs] [Times: user=0.25 sys=0.00, real=0.03 secs] 
2020-09-29T18:32:05.089+0200: 46.114: [GC (Allocation Failure) 2020-09-29T18:32:05.089+0200: 46.114: [ParNew: 594388K->62515K(613440K), 0.0358751 secs] 612222K->80349K(2029056K), 0.0359588 secs] [Times: user=0.25 sys=0.00, real=0.04 secs] 
2020-09-29T18:32:05.180+0200: 46.205: [GC (Allocation Failure) 2020-09-29T18:32:05.180+0200: 46.205: [ParNew: 607859K->51790K(613440K), 0.0255504 secs] 625693K->69624K(2029056K), 0.0256310 secs] [Times: user=0.13 sys=0.00, real=0.03 secs] 
2020-09-29T18:32:05.266+0200: 46.291: [GC (Allocation Failure) 2020-09-29T18:32:05.266+0200: 46.291: [ParNew: 597134K->48545K(613440K), 0.0328698 secs] 614968K->66379K(2029056K), 0.0329484 secs] [Times: user=0.25 sys=0.00, real=0.03 secs] 
2020-09-29T18:32:05.351+0200: 46.376: [GC (Allocation Failure) 2020-09-29T18:32:05.351+0200: 46.376: [ParNew: 593889K->38834K(613440K), 0.0218781 secs] 611723K->56668K(2029056K), 0.0219708 secs] [Times: user=0.13 sys=0.00, real=0.02 secs] 
2020-09-29T18:32:05.430+0200: 46.456: [GC (Allocation Failure) 2020-09-29T18:32:05.431+0200: 46.456: [ParNew: 584178K->52592K(613440K), 0.0314497 secs] 602012K->70427K(2029056K), 0.0315592 secs] [Times: user=0.24 sys=0.00, real=0.03 secs] 
2020-09-29T18:32:05.517+0200: 46.542: [GC (Allocation Failure) 2020-09-29T18:32:05.517+0200: 46.542: [ParNew: 597936K->66479K(613440K), 0.0374307 secs] 615771K->84313K(2029056K), 0.0375086 secs] [Times: user=0.38 sys=0.00, real=0.04 secs] 
2020-09-29T18:32:05.608+0200: 46.633: [GC (Allocation Failure) 2020-09-29T18:32:05.608+0200: 46.633: [ParNew: 611823K->54098K(613440K), 0.0301212 secs] 629657K->71932K(2029056K), 0.0301974 secs] [Times: user=0.23 sys=0.00, real=0.03 secs] 
2020-09-29T18:32:05.687+0200: 46.712: [GC (Allocation Failure) 2020-09-29T18:32:05.687+0200: 46.712: [ParNew: 599442K->44337K(613440K), 0.0274947 secs] 617276K->62171K(2029056K), 0.0275807 secs] [Times: user=0.23 sys=0.00, real=0.03 secs] 
2020-09-29T18:32:05.771+0200: 46.796: [GC (Allocation Failure) 2020-09-29T18:32:05.771+0200: 46.796: [ParNew: 589681K->38247K(613440K), 0.0261656 secs] 607515K->56081K(2029056K), 0.0262399 secs] [Times: user=0.13 sys=0.00, real=0.03 secs] 
2020-09-29T18:32:05.858+0200: 46.883: [GC (Allocation Failure) 2020-09-29T18:32:05.858+0200: 46.883: [ParNew: 583591K->34904K(613440K), 0.0255830 secs] 601425K->52738K(2029056K), 0.0256624 secs] [Times: user=0.23 sys=0.00, real=0.03 secs] 
2020-09-29T18:32:05.949+0200: 46.974: [GC (Allocation Failure) 2020-09-29T18:32:05.949+0200: 46.974: [ParNew: 580248K->35154K(613440K), 0.0222677 secs] 598082K->52988K(2029056K), 0.0223882 secs] [Times: user=0.13 sys=0.00, real=0.02 secs] 
2020-09-29T18:32:06.033+0200: 47.058: [GC (Allocation Failure) 2020-09-29T18:32:06.033+0200: 47.058: [ParNew: 580498K->54647K(613440K), 0.0294268 secs] 598332K->72481K(2029056K), 0.0295155 secs] [Times: user=0.25 sys=0.00, real=0.03 secs] 
2020-09-29T18:32:06.114+0200: 47.139: [GC (Allocation Failure) 2020-09-29T18:32:06.114+0200: 47.139: [ParNew: 599991K->40924K(613440K), 0.0292219 secs] 617825K->58758K(2029056K), 0.0292984 secs] [Times: user=0.13 sys=0.00, real=0.03 secs] 
2020-09-29T18:32:06.204+0200: 47.229: [GC (Allocation Failure) 2020-09-29T18:32:06.204+0200: 47.229: [ParNew: 586268K->38503K(613440K), 0.0269101 secs] 604102K->56337K(2029056K), 0.0269846 secs] [Times: user=0.25 sys=0.00, real=0.03 secs] 
2020-09-29T18:32:06.297+0200: 47.323: [GC (Allocation Failure) 2020-09-29T18:32:06.297+0200: 47.323: [ParNew: 583847K->62914K(613440K), 0.0366054 secs] 601681K->80748K(2029056K), 0.0366908 secs] [Times: user=0.36 sys=0.00, real=0.04 secs] 
2020-09-29T18:32:06.388+0200: 47.413: [GC (Allocation Failure) 2020-09-29T18:32:06.388+0200: 47.413: [ParNew: 608258K->59523K(613440K), 0.0342540 secs] 626092K->77357K(2029056K), 0.0343417 secs] [Times: user=0.25 sys=0.00, real=0.03 secs] 
2020-09-29T18:32:06.477+0200: 47.502: [GC (Allocation Failure) 2020-09-29T18:32:06.477+0200: 47.502: [ParNew: 604867K->54016K(613440K), 0.0333702 secs] 622701K->71850K(2029056K), 0.0334803 secs] [Times: user=0.25 sys=0.00, real=0.03 secs] 
2020-09-29T18:32:06.562+0200: 47.587: [GC (Allocation Failure) 2020-09-29T18:32:06.562+0200: 47.587: [ParNew: 599360K->48676K(613440K), 0.0317560 secs] 617194K->66510K(2029056K), 0.0318682 secs] [Times: user=0.25 sys=0.00, real=0.03 secs] 
2020-09-29T18:32:06.647+0200: 47.672: [GC (Allocation Failure) 2020-09-29T18:32:06.647+0200: 47.672: [ParNew: 594020K->39375K(613440K), 0.0222023 secs] 611854K->57210K(2029056K), 0.0222792 secs] [Times: user=0.11 sys=0.00, real=0.02 secs] 
2020-09-29T18:32:06.728+0200: 47.753: [GC (Allocation Failure) 2020-09-29T18:32:06.728+0200: 47.753: [ParNew: 584719K->37974K(613440K), 0.0305148 secs] 602554K->55808K(2029056K), 0.0305892 secs] [Times: user=0.23 sys=0.00, real=0.03 secs] 
2020-09-29T18:32:06.817+0200: 47.842: [GC (Allocation Failure) 2020-09-29T18:32:06.817+0200: 47.842: [ParNew: 583318K->34782K(613440K), 0.0160083 secs] 601152K->52616K(2029056K), 0.0160831 secs] [Times: user=0.13 sys=0.00, real=0.02 secs] 
2020-09-29T18:32:06.908+0200: 47.933: [GC (Allocation Failure) 2020-09-29T18:32:06.908+0200: 47.933: [ParNew: 580126K->16680K(613440K), 0.0138328 secs] 597960K->34514K(2029056K), 0.0139173 secs] [Times: user=0.13 sys=0.00, real=0.01 secs] 
2020-09-29T18:32:06.980+0200: 48.005: [GC (Allocation Failure) 2020-09-29T18:32:06.980+0200: 48.005: [ParNew: 562024K->57315K(613440K), 0.0394084 secs] 579858K->75149K(2029056K), 0.0394823 secs] [Times: user=0.25 sys=0.00, real=0.04 secs] 
2020-09-29T18:32:07.068+0200: 48.094: [GC (Allocation Failure) 2020-09-29T18:32:07.069+0200: 48.094: [ParNew: 602659K->40890K(613440K), 0.0202337 secs] 620493K->58725K(2029056K), 0.0203101 secs] [Times: user=0.13 sys=0.00, real=0.02 secs] 
2020-09-29T18:32:07.146+0200: 48.171: [GC (Allocation Failure) 2020-09-29T18:32:07.146+0200: 48.171: [ParNew: 586234K->40588K(613440K), 0.0278617 secs] 604069K->58422K(2029056K), 0.0279389 secs] [Times: user=0.13 sys=0.00, real=0.03 secs] 
2020-09-29T18:32:07.230+0200: 48.255: [GC (Allocation Failure) 2020-09-29T18:32:07.230+0200: 48.255: [ParNew: 585932K->56588K(613440K), 0.0352258 secs] 603766K->74422K(2029056K), 0.0353035 secs] [Times: user=0.25 sys=0.00, real=0.04 secs] 
2020-09-29T18:32:07.319+0200: 48.344: [GC (Allocation Failure) 2020-09-29T18:32:07.319+0200: 48.344: [ParNew: 601932K->46765K(613440K), 0.0261669 secs] 619766K->64599K(2029056K), 0.0262472 secs] [Times: user=0.13 sys=0.00, real=0.03 secs] 
2020-09-29T18:32:07.402+0200: 48.428: [GC (Allocation Failure) 2020-09-29T18:32:07.403+0200: 48.428: [ParNew: 592109K->34129K(613440K), 0.0258748 secs] 609943K->51964K(2029056K), 0.0259722 secs] [Times: user=0.22 sys=0.00, real=0.03 secs] 
2020-09-29T18:32:07.481+0200: 48.506: [GC (Allocation Failure) 2020-09-29T18:32:07.481+0200: 48.506: [ParNew: 579473K->57600K(613440K), 0.0309692 secs] 597308K->75434K(2029056K), 0.0310531 secs] [Times: user=0.25 sys=0.00, real=0.03 secs] 
2020-09-29T18:32:07.563+0200: 48.588: [GC (Allocation Failure) 2020-09-29T18:32:07.563+0200: 48.588: [ParNew: 602944K->29855K(613440K), 0.0122903 secs] 620778K->47689K(2029056K), 0.0123711 secs] [Times: user=0.13 sys=0.00, real=0.01 secs] 
2020-09-29T18:32:07.636+0200: 48.661: [GC (Allocation Failure) 2020-09-29T18:32:07.636+0200: 48.661: [ParNew: 575199K->39126K(613440K), 0.0277375 secs] 593033K->56961K(2029056K), 0.0278229 secs] [Times: user=0.25 sys=0.00, real=0.03 secs] 
2020-09-29T18:32:07.719+0200: 48.745: [GC (Allocation Failure) 2020-09-29T18:32:07.719+0200: 48.745: [ParNew: 584470K->50706K(613440K), 0.0259840 secs] 602305K->68540K(2029056K), 0.0260796 secs] [Times: user=0.25 sys=0.00, real=0.03 secs] 
2020-09-29T18:32:07.805+0200: 48.830: [GC (Allocation Failure) 2020-09-29T18:32:07.805+0200: 48.830: [ParNew: 596050K->37836K(613440K), 0.0260953 secs] 613884K->55670K(2029056K), 0.0261841 secs] [Times: user=0.13 sys=0.00, real=0.03 secs] 
2020-09-29T18:32:07.878+0200: 48.903: [GC (Allocation Failure) 2020-09-29T18:32:07.878+0200: 48.903: [ParNew: 583180K->41093K(613440K), 0.0245695 secs] 601014K->58927K(2029056K), 0.0246434 secs] [Times: user=0.22 sys=0.03, real=0.03 secs] 
2020-09-29T18:32:07.961+0200: 48.986: [GC (Allocation Failure) 2020-09-29T18:32:07.961+0200: 48.986: [ParNew: 586437K->34461K(613440K), 0.0233448 secs] 604271K->52295K(2029056K), 0.0234444 secs] [Times: user=0.13 sys=0.00, real=0.02 secs] 
2020-09-29T18:32:08.040+0200: 49.065: [GC (Allocation Failure) 2020-09-29T18:32:08.040+0200: 49.065: [ParNew: 579805K->52994K(613440K), 0.0295382 secs] 597639K->70828K(2029056K), 0.0296136 secs] [Times: user=0.25 sys=0.00, real=0.03 secs] 
2020-09-29T18:32:08.126+0200: 49.151: [GC (Allocation Failure) 2020-09-29T18:32:08.126+0200: 49.151: [ParNew: 598338K->44588K(613440K), 0.0290788 secs] 616172K->62422K(2029056K), 0.0291722 secs] [Times: user=0.25 sys=0.00, real=0.03 secs] 
2020-09-29T18:32:08.208+0200: 49.234: [GC (Allocation Failure) 2020-09-29T18:32:08.208+0200: 49.234: [ParNew: 589932K->45462K(613440K), 0.0281706 secs] 607766K->63296K(2029056K), 0.0282446 secs] [Times: user=0.13 sys=0.00, real=0.03 secs] 
2020-09-29T18:32:08.292+0200: 49.317: [GC (Allocation Failure) 2020-09-29T18:32:08.292+0200: 49.317: [ParNew: 590806K->40401K(613440K), 0.0282650 secs] 608640K->58235K(2029056K), 0.0283681 secs] [Times: user=0.25 sys=0.00, real=0.03 secs] 
2020-09-29T18:32:08.383+0200: 49.408: [GC (Allocation Failure) 2020-09-29T18:32:08.383+0200: 49.408: [ParNew: 585745K->39904K(613440K), 0.0258807 secs] 603579K->57738K(2029056K), 0.0259681 secs] [Times: user=0.13 sys=0.00, real=0.03 secs] 
2020-09-29T18:32:08.460+0200: 49.485: [GC (Allocation Failure) 2020-09-29T18:32:08.460+0200: 49.485: [ParNew: 585248K->60900K(613440K), 0.0334448 secs] 603082K->78734K(2029056K), 0.0335244 secs] [Times: user=0.25 sys=0.00, real=0.03 secs] 
2020-09-29T18:32:08.544+0200: 49.569: [GC (Allocation Failure) 2020-09-29T18:32:08.544+0200: 49.569: [ParNew: 606244K->68096K(613440K), 0.0410878 secs] 624078K->87376K(2029056K), 0.0411648 secs] [Times: user=0.38 sys=0.00, real=0.04 secs] 
2020-09-29T18:32:08.638+0200: 49.663: [GC (Allocation Failure) 2020-09-29T18:32:08.638+0200: 49.663: [ParNew: 613440K->48900K(613440K), 0.0230999 secs] 632720K->68180K(2029056K), 0.0231920 secs] [Times: user=0.23 sys=0.00, real=0.02 secs] 
2020-09-29T18:32:08.718+0200: 49.743: [GC (Allocation Failure) 2020-09-29T18:32:08.718+0200: 49.743: [ParNew: 594244K->46147K(613440K), 0.0303861 secs] 613524K->65427K(2029056K), 0.0304670 secs] [Times: user=0.25 sys=0.00, real=0.03 secs] 
2020-09-29T18:32:08.807+0200: 49.831: [GC (Allocation Failure) 2020-09-29T18:32:08.807+0200: 49.831: [ParNew: 591491K->34632K(613440K), 0.0181026 secs] 610771K->53913K(2029056K), 0.0181786 secs] [Times: user=0.13 sys=0.00, real=0.02 secs] 
2020-09-29T18:32:08.883+0200: 49.908: [GC (Allocation Failure) 2020-09-29T18:32:08.883+0200: 49.908: [ParNew: 579976K->27910K(613440K), 0.0175939 secs] 599257K->47191K(2029056K), 0.0176720 secs] [Times: user=0.13 sys=0.00, real=0.02 secs] 
2020-09-29T18:32:08.951+0200: 49.975: [GC (Allocation Failure) 2020-09-29T18:32:08.951+0200: 49.975: [ParNew: 573254K->32343K(613440K), 0.0247726 secs] 592535K->51623K(2029056K), 0.0248601 secs] [Times: user=0.25 sys=0.00, real=0.03 secs] 
2020-09-29T18:32:09.026+0200: 50.051: [GC (Allocation Failure) 2020-09-29T18:32:09.026+0200: 50.051: [ParNew: 577687K->42605K(613440K), 0.0321187 secs] 596967K->61885K(2029056K), 0.0321939 secs] [Times: user=0.25 sys=0.00, real=0.03 secs] 
2020-09-29T18:32:09.113+0200: 50.138: [GC (Allocation Failure) 2020-09-29T18:32:09.113+0200: 50.138: [ParNew: 587949K->42396K(613440K), 0.0312191 secs] 607229K->61676K(2029056K), 0.0312964 secs] [Times: user=0.25 sys=0.02, real=0.03 secs] 
2020-09-29T18:32:09.194+0200: 50.219: [GC (Allocation Failure) 2020-09-29T18:32:09.194+0200: 50.219: [ParNew: 587740K->68096K(613440K), 0.0378488 secs] 607020K->87376K(2029056K), 0.0379250 secs] [Times: user=0.25 sys=0.00, real=0.04 secs] 
2020-09-29T18:32:09.280+0200: 50.305: [GC (Allocation Failure) 2020-09-29T18:32:09.280+0200: 50.305: [ParNew: 613440K->49755K(613440K), 0.0268319 secs] 632720K->69035K(2029056K), 0.0269158 secs] [Times: user=0.25 sys=0.00, real=0.03 secs] 
2020-09-29T18:32:09.368+0200: 50.392: [GC (Allocation Failure) 2020-09-29T18:32:09.368+0200: 50.392: [ParNew: 595099K->68096K(613440K), 0.0360218 secs] 614379K->87376K(2029056K), 0.0361192 secs] [Times: user=0.25 sys=0.00, real=0.04 secs] 
2020-09-29T18:32:09.457+0200: 50.482: [GC (Allocation Failure) 2020-09-29T18:32:09.457+0200: 50.482: [ParNew: 613440K->48702K(613440K), 0.0342136 secs] 632720K->67982K(2029056K), 0.0343038 secs] [Times: user=0.38 sys=0.00, real=0.04 secs] 
2020-09-29T18:32:09.547+0200: 50.571: [GC (Allocation Failure) 2020-09-29T18:32:09.547+0200: 50.572: [ParNew: 594046K->40347K(613440K), 0.0246381 secs] 613326K->59627K(2029056K), 0.0247383 secs] [Times: user=0.25 sys=0.00, real=0.03 secs] 
2020-09-29T18:32:09.626+0200: 50.650: [GC (Allocation Failure) 2020-09-29T18:32:09.626+0200: 50.650: [ParNew: 585691K->63009K(613440K), 0.0394670 secs] 604971K->82289K(2029056K), 0.0395509 secs] [Times: user=0.36 sys=0.00, real=0.04 secs] 
2020-09-29T18:32:09.716+0200: 50.741: [GC (Allocation Failure) 2020-09-29T18:32:09.716+0200: 50.741: [ParNew: 608353K->55588K(613440K), 0.0284014 secs] 627633K->74868K(2029056K), 0.0284822 secs] [Times: user=0.25 sys=0.00, real=0.03 secs] 
2020-09-29T18:32:09.798+0200: 50.823: [GC (Allocation Failure) 2020-09-29T18:32:09.798+0200: 50.823: [ParNew: 600932K->42862K(613440K), 0.0264992 secs] 620212K->62142K(2029056K), 0.0265741 secs] [Times: user=0.25 sys=0.00, real=0.03 secs] 
2020-09-29T18:32:09.881+0200: 50.905: [GC (Allocation Failure) 2020-09-29T18:32:09.881+0200: 50.905: [ParNew: 588206K->67377K(613440K), 0.0366165 secs] 607486K->86658K(2029056K), 0.0366904 secs] [Times: user=0.25 sys=0.00, real=0.04 secs] 
2020-09-29T18:32:09.969+0200: 50.994: [GC (Allocation Failure) 2020-09-29T18:32:09.969+0200: 50.994: [ParNew: 612721K->50487K(613440K), 0.0218047 secs] 632002K->69767K(2029056K), 0.0218567 secs] [Times: user=0.25 sys=0.00, real=0.02 secs] 
2020-09-29T18:32:10.041+0200: 51.065: [GC (Allocation Failure) 2020-09-29T18:32:10.041+0200: 51.065: [ParNew: 595831K->43823K(613440K), 0.0147099 secs] 615111K->63103K(2029056K), 0.0147655 secs] [Times: user=0.13 sys=0.00, real=0.02 secs] 
2020-09-29T18:32:10.104+0200: 51.129: [GC (Allocation Failure) 2020-09-29T18:32:10.104+0200: 51.129: [ParNew: 589167K->42060K(613440K), 0.0192336 secs] 608447K->61340K(2029056K), 0.0192913 secs] [Times: user=0.13 sys=0.00, real=0.02 secs] 
2020-09-29T18:32:10.173+0200: 51.197: [GC (Allocation Failure) 2020-09-29T18:32:10.173+0200: 51.197: [ParNew: 587404K->34213K(613440K), 0.0133258 secs] 606684K->53493K(2029056K), 0.0133815 secs] [Times: user=0.13 sys=0.00, real=0.01 secs] 
2020-09-29T18:32:10.235+0200: 51.259: [GC (Allocation Failure) 2020-09-29T18:32:10.235+0200: 51.259: [ParNew: 579557K->49645K(613440K), 0.0224413 secs] 598837K->68925K(2029056K), 0.0225160 secs] [Times: user=0.25 sys=0.00, real=0.02 secs] 
2020-09-29T18:32:10.305+0200: 51.329: [GC (Allocation Failure) 2020-09-29T18:32:10.305+0200: 51.329: [ParNew: 594989K->68096K(613440K), 0.0220534 secs] 614269K->87549K(2029056K), 0.0221160 secs] [Times: user=0.13 sys=0.00, real=0.02 secs] 
2020-09-29T18:32:10.376+0200: 51.401: [GC (Allocation Failure) 2020-09-29T18:32:10.376+0200: 51.401: [ParNew: 613440K->40777K(613440K), 0.0210480 secs] 632893K->60230K(2029056K), 0.0211121 secs] [Times: user=0.22 sys=0.00, real=0.02 secs] 
2020-09-29T18:32:10.452+0200: 51.476: [GC (Allocation Failure) 2020-09-29T18:32:10.452+0200: 51.476: [ParNew: 586121K->35486K(613440K), 0.0149603 secs] 605574K->54940K(2029056K), 0.0150207 secs] [Times: user=0.13 sys=0.00, real=0.02 secs] 
2020-09-29T18:32:10.517+0200: 51.541: [GC (Allocation Failure) 2020-09-29T18:32:10.517+0200: 51.541: [ParNew: 580830K->48832K(613440K), 0.0209541 secs] 600284K->68285K(2029056K), 0.0210191 secs] [Times: user=0.23 sys=0.00, real=0.02 secs] 
2020-09-29T18:32:10.586+0200: 51.611: [GC (Allocation Failure) 2020-09-29T18:32:10.586+0200: 51.611: [ParNew: 594176K->62460K(613440K), 0.0221459 secs] 613629K->81914K(2029056K), 0.0222036 secs] [Times: user=0.11 sys=0.00, real=0.02 secs] 
2020-09-29T18:32:10.657+0200: 51.681: [GC (Allocation Failure) 2020-09-29T18:32:10.657+0200: 51.681: [ParNew: 607804K->49755K(613440K), 0.0140939 secs] 627258K->69208K(2029056K), 0.0141530 secs] [Times: user=0.13 sys=0.00, real=0.01 secs] 
2020-09-29T18:32:10.724+0200: 51.749: [GC (Allocation Failure) 2020-09-29T18:32:10.724+0200: 51.749: [ParNew: 595099K->43224K(613440K), 0.0145522 secs] 614552K->62677K(2029056K), 0.0146082 secs] [Times: user=0.13 sys=0.00, real=0.02 secs] 
2020-09-29T18:32:10.787+0200: 51.811: [GC (Allocation Failure) 2020-09-29T18:32:10.787+0200: 51.811: [ParNew: 588568K->45874K(613440K), 0.0197858 secs] 608021K->65328K(2029056K), 0.0198789 secs] [Times: user=0.13 sys=0.00, real=0.02 secs] 
2020-09-29T18:32:10.858+0200: 51.882: [GC (Allocation Failure) 2020-09-29T18:32:10.858+0200: 51.882: [ParNew: 591218K->57589K(613440K), 0.0192462 secs] 610672K->77043K(2029056K), 0.0193314 secs] [Times: user=0.13 sys=0.00, real=0.02 secs] 
2020-09-29T18:32:10.927+0200: 51.951: [GC (Allocation Failure) 2020-09-29T18:32:10.927+0200: 51.951: [ParNew: 602933K->38847K(613440K), 0.0183249 secs] 622387K->58300K(2029056K), 0.0184316 secs] [Times: user=0.13 sys=0.00, real=0.02 secs] 
2020-09-29T18:32:10.993+0200: 52.018: [GC (Allocation Failure) 2020-09-29T18:32:10.993+0200: 52.018: [ParNew: 584191K->37622K(613440K), 0.0173357 secs] 603644K->57076K(2029056K), 0.0174376 secs] [Times: user=0.13 sys=0.00, real=0.02 secs] 
2020-09-29T18:32:11.058+0200: 52.082: [GC (Allocation Failure) 2020-09-29T18:32:11.058+0200: 52.082: [ParNew: 582966K->29049K(613440K), 0.0103655 secs] 602420K->48503K(2029056K), 0.0104693 secs] [Times: user=0.13 sys=0.00, real=0.01 secs] 
2020-09-29T18:32:11.122+0200: 52.147: [GC (Allocation Failure) 2020-09-29T18:32:11.122+0200: 52.147: [ParNew: 574393K->26595K(613440K), 0.0154396 secs] 593847K->46049K(2029056K), 0.0155129 secs] [Times: user=0.13 sys=0.00, real=0.02 secs] 
2020-09-29T18:32:11.185+0200: 52.209: [GC (Allocation Failure) 2020-09-29T18:32:11.185+0200: 52.209: [ParNew: 571939K->46811K(613440K), 0.0176949 secs] 591393K->66265K(2029056K), 0.0177497 secs] [Times: user=0.13 sys=0.00, real=0.02 secs] 
2020-09-29T18:32:11.251+0200: 52.276: [GC (Allocation Failure) 2020-09-29T18:32:11.251+0200: 52.276: [ParNew: 592155K->39869K(613440K), 0.0176003 secs] 611609K->59323K(2029056K), 0.0176584 secs] [Times: user=0.13 sys=0.00, real=0.02 secs] 
2020-09-29T18:32:11.317+0200: 52.341: [GC (Allocation Failure) 2020-09-29T18:32:11.317+0200: 52.341: [ParNew: 585213K->38020K(613440K), 0.0171002 secs] 604667K->57474K(2029056K), 0.0171555 secs] [Times: user=0.24 sys=0.00, real=0.02 secs] 
2020-09-29T18:32:11.386+0200: 52.410: [GC (Allocation Failure) 2020-09-29T18:32:11.386+0200: 52.410: [ParNew: 583364K->34447K(613440K), 0.0160222 secs] 602818K->53901K(2029056K), 0.0160844 secs] [Times: user=0.13 sys=0.00, real=0.02 secs] 
2020-09-29T18:32:11.453+0200: 52.477: [GC (Allocation Failure) 2020-09-29T18:32:11.453+0200: 52.477: [ParNew: 579791K->32726K(613440K), 0.0156850 secs] 599245K->52179K(2029056K), 0.0157408 secs] [Times: user=0.13 sys=0.00, real=0.02 secs] 
2020-09-29T18:32:11.518+0200: 52.542: [GC (Allocation Failure) 2020-09-29T18:32:11.518+0200: 52.542: [ParNew: 578070K->36565K(613440K), 0.0144979 secs] 597523K->56019K(2029056K), 0.0145816 secs] [Times: user=0.13 sys=0.00, real=0.02 secs] 
2020-09-29T18:32:11.587+0200: 52.611: [GC (Allocation Failure) 2020-09-29T18:32:11.587+0200: 52.611: [ParNew: 581909K->49216K(613440K), 0.0199138 secs] 601363K->68670K(2029056K), 0.0199694 secs] [Times: user=0.11 sys=0.00, real=0.02 secs] 
2020-09-29T18:32:11.657+0200: 52.682: [GC (Allocation Failure) 2020-09-29T18:32:11.657+0200: 52.682: [ParNew: 594560K->65975K(613440K), 0.0235279 secs] 614014K->85428K(2029056K), 0.0236024 secs] [Times: user=0.25 sys=0.00, real=0.02 secs] 
2020-09-29T18:32:11.729+0200: 52.753: [GC (Allocation Failure) 2020-09-29T18:32:11.729+0200: 52.753: [ParNew: 611319K->54201K(613440K), 0.0178466 secs] 630772K->73655K(2029056K), 0.0179092 secs] [Times: user=0.13 sys=0.00, real=0.02 secs] 
2020-09-29T18:32:11.795+0200: 52.819: [GC (Allocation Failure) 2020-09-29T18:32:11.795+0200: 52.819: [ParNew: 599545K->47319K(613440K), 0.0175209 secs] 618999K->66773K(2029056K), 0.0175867 secs] [Times: user=0.13 sys=0.00, real=0.02 secs] 
2020-09-29T18:32:11.860+0200: 52.884: [GC (Allocation Failure) 2020-09-29T18:32:11.860+0200: 52.884: [ParNew: 592663K->61448K(613440K), 0.0218325 secs] 612117K->80902K(2029056K), 0.0218945 secs] [Times: user=0.25 sys=0.00, real=0.02 secs] 
2020-09-29T18:32:11.931+0200: 52.956: [GC (Allocation Failure) 2020-09-29T18:32:11.931+0200: 52.956: [ParNew: 606792K->48765K(613440K), 0.0196934 secs] 626246K->68219K(2029056K), 0.0197520 secs] [Times: user=0.13 sys=0.00, real=0.02 secs] 
2020-09-29T18:32:12.000+0200: 53.024: [GC (Allocation Failure) 2020-09-29T18:32:12.000+0200: 53.024: [ParNew: 594109K->38889K(613440K), 0.0140777 secs] 613563K->58342K(2029056K), 0.0141336 secs] [Times: user=0.13 sys=0.00, real=0.01 secs] 
2020-09-29T18:32:12.061+0200: 53.085: [GC (Allocation Failure) 2020-09-29T18:32:12.061+0200: 53.085: [ParNew: 584233K->35498K(613440K), 0.0130219 secs] 603686K->54952K(2029056K), 0.0130869 secs] [Times: user=0.13 sys=0.00, real=0.01 secs] 
2020-09-29T18:32:12.121+0200: 53.145: [GC (Allocation Failure) 2020-09-29T18:32:12.121+0200: 53.145: [ParNew: 580842K->34599K(613440K), 0.0172040 secs] 600296K->54053K(2029056K), 0.0172600 secs] [Times: user=0.13 sys=0.00, real=0.02 secs] 
2020-09-29T18:32:12.185+0200: 53.209: [GC (Allocation Failure) 2020-09-29T18:32:12.185+0200: 53.209: [ParNew: 579943K->28828K(613440K), 0.0108463 secs] 599397K->48282K(2029056K), 0.0109015 secs] [Times: user=0.13 sys=0.00, real=0.01 secs] 
2020-09-29T18:32:12.246+0200: 53.271: [GC (Allocation Failure) 2020-09-29T18:32:12.246+0200: 53.271: [ParNew: 574172K->28074K(613440K), 0.0148709 secs] 593626K->47528K(2029056K), 0.0149262 secs] [Times: user=0.13 sys=0.00, real=0.01 secs] 
2020-09-29T18:32:12.310+0200: 53.334: [GC (Allocation Failure) 2020-09-29T18:32:12.310+0200: 53.334: [ParNew: 573418K->34732K(613440K), 0.0134248 secs] 592872K->54186K(2029056K), 0.0134818 secs] [Times: user=0.13 sys=0.00, real=0.01 secs] 
2020-09-29T18:32:12.377+0200: 53.401: [GC (Allocation Failure) 2020-09-29T18:32:12.377+0200: 53.401: [ParNew: 580076K->24580K(613440K), 0.0127093 secs] 599530K->44034K(2029056K), 0.0127667 secs] [Times: user=0.13 sys=0.00, real=0.01 secs] 
2020-09-29T18:32:12.444+0200: 53.468: [GC (Allocation Failure) 2020-09-29T18:32:12.444+0200: 53.468: [ParNew: 569924K->50667K(613440K), 0.0221513 secs] 589378K->70121K(2029056K), 0.0222237 secs] [Times: user=0.13 sys=0.00, real=0.02 secs] 
2020-09-29T18:32:12.517+0200: 53.541: [GC (Allocation Failure) 2020-09-29T18:32:12.517+0200: 53.541: [ParNew: 596011K->68096K(613440K), 0.0228175 secs] 615465K->87549K(2029056K), 0.0228734 secs] [Times: user=0.23 sys=0.00, real=0.02 secs] 
2020-09-29T18:32:12.588+0200: 53.612: [GC (Allocation Failure) 2020-09-29T18:32:12.588+0200: 53.612: [ParNew: 613440K->52880K(613440K), 0.0202442 secs] 632893K->72334K(2029056K), 0.0203175 secs] [Times: user=0.13 sys=0.00, real=0.02 secs] 
2020-09-29T18:32:12.661+0200: 53.685: [GC (Allocation Failure) 2020-09-29T18:32:12.661+0200: 53.685: [ParNew: 598224K->52505K(613440K), 0.0206215 secs] 617678K->71959K(2029056K), 0.0206773 secs] [Times: user=0.13 sys=0.00, real=0.02 secs] 
2020-09-29T18:32:12.728+0200: 53.752: [GC (Allocation Failure) 2020-09-29T18:32:12.729+0200: 53.753: [ParNew: 597849K->41948K(613440K), 0.0141619 secs] 617303K->61402K(2029056K), 0.0148459 secs] [Times: user=0.13 sys=0.00, real=0.02 secs] 
2020-09-29T18:32:12.798+0200: 53.822: [GC (Allocation Failure) 2020-09-29T18:32:12.798+0200: 53.822: [ParNew: 587292K->42745K(613440K), 0.0186853 secs] 606746K->62199K(2029056K), 0.0187432 secs] [Times: user=0.14 sys=0.00, real=0.02 secs] 
2020-09-29T18:32:12.866+0200: 53.890: [GC (Allocation Failure) 2020-09-29T18:32:12.866+0200: 53.890: [ParNew: 588089K->38813K(613440K), 0.0119972 secs] 607543K->58267K(2029056K), 0.0120853 secs] [Times: user=0.00 sys=0.00, real=0.01 secs] 
2020-09-29T18:32:12.927+0200: 53.952: [GC (Allocation Failure) 2020-09-29T18:32:12.927+0200: 53.952: [ParNew: 584157K->35371K(613440K), 0.0174171 secs] 603611K->54824K(2029056K), 0.0174713 secs] [Times: user=0.13 sys=0.00, real=0.02 secs] 
2020-09-29T18:32:12.994+0200: 54.019: [GC (Allocation Failure) 2020-09-29T18:32:12.994+0200: 54.019: [ParNew: 580715K->28173K(613440K), 0.0161656 secs] 600168K->47626K(2029056K), 0.0162242 secs] [Times: user=0.13 sys=0.00, real=0.02 secs] 
2020-09-29T18:32:13.062+0200: 54.087: [GC (Allocation Failure) 2020-09-29T18:32:13.062+0200: 54.087: [ParNew: 573517K->28325K(613440K), 0.0133148 secs] 592970K->47778K(2029056K), 0.0133773 secs] [Times: user=0.13 sys=0.00, real=0.01 secs] 
2020-09-29T18:32:13.123+0200: 54.147: [GC (Allocation Failure) 2020-09-29T18:32:13.123+0200: 54.147: [ParNew: 573669K->46334K(613440K), 0.0163341 secs] 593122K->65788K(2029056K), 0.0164388 secs] [Times: user=0.13 sys=0.00, real=0.02 secs] 
2020-09-29T18:32:13.189+0200: 54.214: [GC (Allocation Failure) 2020-09-29T18:32:13.189+0200: 54.214: [ParNew: 591678K->34141K(613440K), 0.0154152 secs] 611132K->53595K(2029056K), 0.0154698 secs] [Times: user=0.13 sys=0.00, real=0.02 secs] 
2020-09-29T18:32:13.254+0200: 54.278: [GC (Allocation Failure) 2020-09-29T18:32:13.254+0200: 54.278: [ParNew: 579485K->34285K(613440K), 0.0146925 secs] 598939K->53739K(2029056K), 0.0147472 secs] [Times: user=0.13 sys=0.00, real=0.02 secs] 
2020-09-29T18:32:13.322+0200: 54.346: [GC (Allocation Failure) 2020-09-29T18:32:13.322+0200: 54.346: [ParNew: 579629K->31893K(613440K), 0.0152672 secs] 599083K->51347K(2029056K), 0.0153237 secs] [Times: user=0.13 sys=0.00, real=0.01 secs] 
2020-09-29T18:32:13.388+0200: 54.412: [GC (Allocation Failure) 2020-09-29T18:32:13.388+0200: 54.412: [ParNew: 577237K->58173K(613440K), 0.0244760 secs] 596691K->77627K(2029056K), 0.0245546 secs] [Times: user=0.25 sys=0.00, real=0.03 secs] 
2020-09-29T18:32:13.462+0200: 54.487: [GC (Allocation Failure) 2020-09-29T18:32:13.462+0200: 54.487: [ParNew: 603517K->57553K(613440K), 0.0190580 secs] 622971K->77007K(2029056K), 0.0191205 secs] [Times: user=0.13 sys=0.00, real=0.02 secs] 
2020-09-29T18:32:13.531+0200: 54.556: [GC (Allocation Failure) 2020-09-29T18:32:13.531+0200: 54.556: [ParNew: 602897K->42286K(613440K), 0.0119962 secs] 622351K->61739K(2029056K), 0.0120557 secs] [Times: user=0.13 sys=0.00, real=0.01 secs] 
2020-09-29T18:32:13.597+0200: 54.622: [GC (Allocation Failure) 2020-09-29T18:32:13.597+0200: 54.622: [ParNew: 587630K->39379K(613440K), 0.0185729 secs] 607083K->58832K(2029056K), 0.0186318 secs] [Times: user=0.22 sys=0.00, real=0.02 secs] 
2020-09-29T18:32:13.664+0200: 54.688: [GC (Allocation Failure) 2020-09-29T18:32:13.664+0200: 54.688: [ParNew: 584723K->55448K(613440K), 0.0209172 secs] 604176K->74901K(2029056K), 0.0209727 secs] [Times: user=0.13 sys=0.00, real=0.02 secs] 
2020-09-29T18:32:13.732+0200: 54.757: [GC (Allocation Failure) 2020-09-29T18:32:13.732+0200: 54.757: [ParNew: 600792K->48193K(613440K), 0.0150912 secs] 620245K->67647K(2029056K), 0.0151533 secs] [Times: user=0.13 sys=0.00, real=0.02 secs] 
2020-09-29T18:32:13.797+0200: 54.821: [GC (Allocation Failure) 2020-09-29T18:32:13.797+0200: 54.821: [ParNew: 593537K->35671K(613440K), 0.0147082 secs] 612991K->55125K(2029056K), 0.0147664 secs] [Times: user=0.13 sys=0.00, real=0.02 secs] 
2020-09-29T18:32:13.863+0200: 54.888: [GC (Allocation Failure) 2020-09-29T18:32:13.863+0200: 54.888: [ParNew: 581015K->65711K(613440K), 0.0242921 secs] 600469K->85164K(2029056K), 0.0243541 secs] [Times: user=0.20 sys=0.02, real=0.03 secs] 
2020-09-29T18:32:13.934+0200: 54.959: [GC (Allocation Failure) 2020-09-29T18:32:13.934+0200: 54.959: [ParNew: 611055K->52538K(613440K), 0.0194785 secs] 630508K->71992K(2029056K), 0.0195386 secs] [Times: user=0.11 sys=0.00, real=0.02 secs] 
2020-09-29T18:32:14.001+0200: 55.025: [GC (Allocation Failure) 2020-09-29T18:32:14.001+0200: 55.025: [ParNew: 597882K->43710K(613440K), 0.0156424 secs] 617336K->63164K(2029056K), 0.0156970 secs] [Times: user=0.13 sys=0.00, real=0.02 secs] 
2020-09-29T18:32:14.067+0200: 55.092: [GC (Allocation Failure) 2020-09-29T18:32:14.067+0200: 55.092: [ParNew: 589054K->39761K(613440K), 0.0152242 secs] 608508K->59215K(2029056K), 0.0152994 secs] [Times: user=0.00 sys=0.00, real=0.02 secs] 
2020-09-29T18:32:14.133+0200: 55.157: [GC (Allocation Failure) 2020-09-29T18:32:14.133+0200: 55.157: [ParNew: 585105K->35157K(613440K), 0.0143289 secs] 604559K->54610K(2029056K), 0.0143856 secs] [Times: user=0.13 sys=0.00, real=0.01 secs] 
2020-09-29T18:32:14.206+0200: 55.230: [GC (Allocation Failure) 2020-09-29T18:32:14.206+0200: 55.230: [ParNew: 580501K->52405K(613440K), 0.0197685 secs] 599954K->71859K(2029056K), 0.0198326 secs] [Times: user=0.25 sys=0.00, real=0.02 secs] 
2020-09-29T18:32:14.273+0200: 55.297: [GC (Allocation Failure) 2020-09-29T18:32:14.273+0200: 55.297: [ParNew: 597749K->68096K(613440K), 0.0239376 secs] 617203K->87549K(2029056K), 0.0239927 secs] [Times: user=0.13 sys=0.00, real=0.02 secs] 
2020-09-29T18:32:14.344+0200: 55.369: [GC (Allocation Failure) 2020-09-29T18:32:14.344+0200: 55.369: [ParNew: 613440K->56380K(613440K), 0.0186116 secs] 632893K->75834K(2029056K), 0.0186692 secs] [Times: user=0.13 sys=0.00, real=0.02 secs] 
2020-09-29T18:32:14.414+0200: 55.438: [GC (Allocation Failure) 2020-09-29T18:32:14.414+0200: 55.438: [ParNew: 601724K->45209K(613440K), 0.0203262 secs] 621178K->64662K(2029056K), 0.0203955 secs] [Times: user=0.11 sys=0.00, real=0.02 secs] 
2020-09-29T18:32:14.487+0200: 55.512: [GC (Allocation Failure) 2020-09-29T18:32:14.488+0200: 55.512: [ParNew: 590553K->36729K(613440K), 0.0167793 secs] 610006K->56182K(2029056K), 0.0168449 secs] [Times: user=0.13 sys=0.00, real=0.02 secs] 
2020-09-29T18:32:14.552+0200: 55.577: [GC (Allocation Failure) 2020-09-29T18:32:14.552+0200: 55.577: [ParNew: 582073K->55532K(613440K), 0.0229702 secs] 601526K->74985K(2029056K), 0.0230515 secs] [Times: user=0.13 sys=0.00, real=0.02 secs] 
2020-09-29T18:32:14.626+0200: 55.651: [GC (Allocation Failure) 2020-09-29T18:32:14.627+0200: 55.651: [ParNew: 600876K->47418K(613440K), 0.0203087 secs] 620329K->66872K(2029056K), 0.0203946 secs] [Times: user=0.23 sys=0.00, real=0.02 secs] 
2020-09-29T18:32:14.696+0200: 55.721: [GC (Allocation Failure) 2020-09-29T18:32:14.696+0200: 55.721: [ParNew: 592762K->42868K(613440K), 0.0198944 secs] 612216K->62322K(2029056K), 0.0199564 secs] [Times: user=0.11 sys=0.00, real=0.02 secs] 
2020-09-29T18:32:14.764+0200: 55.788: [GC (Allocation Failure) 2020-09-29T18:32:14.764+0200: 55.788: [ParNew: 588212K->44464K(613440K), 0.0169106 secs] 607666K->63918K(2029056K), 0.0169809 secs] [Times: user=0.13 sys=0.00, real=0.02 secs] 
2020-09-29T18:32:14.833+0200: 55.858: [GC (Allocation Failure) 2020-09-29T18:32:14.833+0200: 55.858: [ParNew: 589808K->60783K(613440K), 0.0239297 secs] 609262K->80237K(2029056K), 0.0239884 secs] [Times: user=0.11 sys=0.00, real=0.02 secs] 
2020-09-29T18:32:14.908+0200: 55.933: [GC (Allocation Failure) 2020-09-29T18:32:14.908+0200: 55.933: [ParNew: 606127K->50553K(613440K), 0.0231878 secs] 625581K->70007K(2029056K), 0.0232450 secs] [Times: user=0.24 sys=0.00, real=0.02 secs] 
2020-09-29T18:32:14.979+0200: 56.004: [GC (Allocation Failure) 2020-09-29T18:32:14.979+0200: 56.004: [ParNew: 595897K->50054K(613440K), 0.0200500 secs] 615351K->69508K(2029056K), 0.0201049 secs] [Times: user=0.13 sys=0.00, real=0.02 secs] 
2020-09-29T18:32:15.049+0200: 56.073: [GC (Allocation Failure) 2020-09-29T18:32:15.049+0200: 56.073: [ParNew: 595398K->42127K(613440K), 0.0148997 secs] 614852K->61581K(2029056K), 0.0149561 secs] [Times: user=0.13 sys=0.00, real=0.01 secs] 
2020-09-29T18:32:15.118+0200: 56.143: [GC (Allocation Failure) 2020-09-29T18:32:15.118+0200: 56.143: [ParNew: 587471K->33004K(613440K), 0.0147677 secs] 606925K->52457K(2029056K), 0.0148447 secs] [Times: user=0.13 sys=0.00, real=0.01 secs] 
2020-09-29T18:32:15.180+0200: 56.205: [GC (Allocation Failure) 2020-09-29T18:32:15.181+0200: 56.205: [ParNew: 578348K->30734K(613440K), 0.0119942 secs] 597801K->50188K(2029056K), 0.0120560 secs] [Times: user=0.13 sys=0.00, real=0.01 secs] 
2020-09-29T18:32:15.242+0200: 56.266: [GC (Allocation Failure) 2020-09-29T18:32:15.242+0200: 56.266: [ParNew: 576078K->47012K(613440K), 0.0175213 secs] 595532K->66466K(2029056K), 0.0175823 secs] [Times: user=0.13 sys=0.00, real=0.02 secs] 
2020-09-29T18:32:15.311+0200: 56.335: [GC (Allocation Failure) 2020-09-29T18:32:15.311+0200: 56.335: [ParNew: 592356K->35599K(613440K), 0.0176892 secs] 611810K->55053K(2029056K), 0.0177689 secs] [Times: user=0.13 sys=0.00, real=0.02 secs] 
2020-09-29T18:32:15.380+0200: 56.405: [GC (Allocation Failure) 2020-09-29T18:32:15.380+0200: 56.405: [ParNew: 580943K->39430K(613440K), 0.0194680 secs] 600397K->58884K(2029056K), 0.0195519 secs] [Times: user=0.13 sys=0.00, real=0.02 secs] 
2020-09-29T18:32:15.456+0200: 56.480: [GC (Allocation Failure) 2020-09-29T18:32:15.460+0200: 56.484: [ParNew: 584774K->34894K(613440K), 0.0175204 secs] 604228K->54348K(2029056K), 0.0215641 secs] [Times: user=0.13 sys=0.00, real=0.02 secs] 
2020-09-29T18:32:15.532+0200: 56.557: [GC (Allocation Failure) 2020-09-29T18:32:15.532+0200: 56.557: [ParNew: 580238K->58119K(613440K), 0.0259342 secs] 599692K->77573K(2029056K), 0.0260034 secs] [Times: user=0.25 sys=0.00, real=0.03 secs] 
2020-09-29T18:32:15.606+0200: 56.631: [GC (Allocation Failure) 2020-09-29T18:32:15.606+0200: 56.631: [ParNew: 603463K->45841K(613440K), 0.0180296 secs] 622917K->65295K(2029056K), 0.0180878 secs] [Times: user=0.13 sys=0.00, real=0.02 secs] 
2020-09-29T18:32:15.673+0200: 56.697: [GC (Allocation Failure) 2020-09-29T18:32:15.673+0200: 56.697: [ParNew: 591185K->45706K(613440K), 0.0170637 secs] 610639K->65160K(2029056K), 0.0171213 secs] [Times: user=0.13 sys=0.00, real=0.02 secs] 
2020-09-29T18:32:15.740+0200: 56.764: [GC (Allocation Failure) 2020-09-29T18:32:15.740+0200: 56.764: [ParNew: 591050K->66174K(613440K), 0.0214520 secs] 610504K->85627K(2029056K), 0.0215092 secs] [Times: user=0.13 sys=0.00, real=0.02 secs] 
2020-09-29T18:32:15.809+0200: 56.833: [GC (Allocation Failure) 2020-09-29T18:32:15.809+0200: 56.833: [ParNew: 611518K->42819K(613440K), 0.0154385 secs] 630971K->62273K(2029056K), 0.0154927 secs] [Times: user=0.13 sys=0.00, real=0.01 secs] 
2020-09-29T18:32:15.872+0200: 56.897: [GC (Allocation Failure) 2020-09-29T18:32:15.872+0200: 56.897: [ParNew: 588163K->29206K(613440K), 0.0087046 secs] 607617K->48660K(2029056K), 0.0087729 secs] [Times: user=0.13 sys=0.00, real=0.01 secs] 
2020-09-29T18:32:15.931+0200: 56.955: [GC (Allocation Failure) 2020-09-29T18:32:15.931+0200: 56.955: [ParNew: 574550K->25042K(613440K), 0.0147088 secs] 594004K->44495K(2029056K), 0.0147650 secs] [Times: user=0.13 sys=0.00, real=0.01 secs] 
2020-09-29T18:32:15.996+0200: 57.021: [GC (Allocation Failure) 2020-09-29T18:32:15.996+0200: 57.021: [ParNew: 570386K->44041K(613440K), 0.0179412 secs] 589839K->63495K(2029056K), 0.0179972 secs] [Times: user=0.13 sys=0.00, real=0.02 secs] 
2020-09-29T18:32:16.062+0200: 57.086: [GC (Allocation Failure) 2020-09-29T18:32:16.062+0200: 57.086: [ParNew: 589385K->49870K(613440K), 0.0168056 secs] 608839K->69324K(2029056K), 0.0168895 secs] [Times: user=0.13 sys=0.00, real=0.02 secs] 
2020-09-29T18:32:16.129+0200: 57.154: [GC (Allocation Failure) 2020-09-29T18:32:16.129+0200: 57.154: [ParNew: 595214K->60641K(613440K), 0.0218099 secs] 614668K->80094K(2029056K), 0.0218868 secs] [Times: user=0.25 sys=0.00, real=0.02 secs] 
2020-09-29T18:32:16.200+0200: 57.224: [GC (Allocation Failure) 2020-09-29T18:32:16.200+0200: 57.224: [ParNew: 605985K->68096K(613440K), 0.0207265 secs] 625438K->87565K(2029056K), 0.0208022 secs] [Times: user=0.13 sys=0.00, real=0.02 secs] 
2020-09-29T18:32:16.267+0200: 57.292: [GC (Allocation Failure) 2020-09-29T18:32:16.267+0200: 57.292: [ParNew: 613440K->46753K(613440K), 0.0197088 secs] 632909K->66222K(2029056K), 0.0197666 secs] [Times: user=0.25 sys=0.00, real=0.02 secs] 
2020-09-29T18:32:16.335+0200: 57.360: [GC (Allocation Failure) 2020-09-29T18:32:16.335+0200: 57.360: [ParNew: 592097K->48119K(613440K), 0.0195949 secs] 611566K->67589K(2029056K), 0.0196604 secs] [Times: user=0.13 sys=0.00, real=0.02 secs] 
2020-09-29T18:32:16.404+0200: 57.429: [GC (Allocation Failure) 2020-09-29T18:32:16.404+0200: 57.429: [ParNew: 593463K->55606K(613440K), 0.0243085 secs] 612933K->75076K(2029056K), 0.0243902 secs] [Times: user=0.22 sys=0.00, real=0.02 secs] 
2020-09-29T18:32:16.476+0200: 57.501: [GC (Allocation Failure) 2020-09-29T18:32:16.476+0200: 57.501: [ParNew: 600950K->35179K(613440K), 0.0126193 secs] 620420K->54649K(2029056K), 0.0127118 secs] [Times: user=0.11 sys=0.02, real=0.01 secs] 
2020-09-29T18:32:16.543+0200: 57.568: [GC (Allocation Failure) 2020-09-29T18:32:16.543+0200: 57.568: [ParNew: 580523K->36447K(613440K), 0.0165388 secs] 599993K->55916K(2029056K), 0.0166172 secs] [Times: user=0.13 sys=0.00, real=0.02 secs] 
2020-09-29T18:32:16.610+0200: 57.635: [GC (Allocation Failure) 2020-09-29T18:32:16.610+0200: 57.635: [ParNew: 581791K->31206K(613440K), 0.0147252 secs] 601260K->50675K(2029056K), 0.0147810 secs] [Times: user=0.11 sys=0.00, real=0.02 secs] 
2020-09-29T18:32:16.676+0200: 57.701: [GC (Allocation Failure) 2020-09-29T18:32:16.676+0200: 57.701: [ParNew: 576550K->52904K(613440K), 0.0184875 secs] 596019K->72373K(2029056K), 0.0185539 secs] [Times: user=0.13 sys=0.00, real=0.02 secs] 
2020-09-29T18:32:16.742+0200: 57.766: [GC (Allocation Failure) 2020-09-29T18:32:16.742+0200: 57.767: [ParNew: 598248K->32848K(613440K), 0.0110862 secs] 617717K->52318K(2029056K), 0.0111477 secs] [Times: user=0.00 sys=0.00, real=0.01 secs] 
2020-09-29T18:32:16.807+0200: 57.831: [GC (Allocation Failure) 2020-09-29T18:32:16.807+0200: 57.831: [ParNew: 578192K->36589K(613440K), 0.0158052 secs] 597662K->56059K(2029056K), 0.0231001 secs] [Times: user=0.13 sys=0.00, real=0.02 secs] 
2020-09-29T18:32:16.876+0200: 57.901: [GC (Allocation Failure) 2020-09-29T18:32:16.876+0200: 57.901: [ParNew: 581933K->29888K(613440K), 0.0149224 secs] 601403K->49357K(2029056K), 0.0149806 secs] [Times: user=0.13 sys=0.00, real=0.02 secs] 
2020-09-29T18:32:16.939+0200: 57.964: [GC (Allocation Failure) 2020-09-29T18:32:16.940+0200: 57.964: [ParNew: 575232K->28167K(613440K), 0.0142876 secs] 594701K->47637K(2029056K), 0.0143477 secs] [Times: user=0.13 sys=0.00, real=0.02 secs] 
2020-09-29T18:32:17.002+0200: 58.027: [GC (Allocation Failure) 2020-09-29T18:32:17.002+0200: 58.027: [ParNew: 573511K->28993K(613440K), 0.0144385 secs] 592981K->48462K(2029056K), 0.0145152 secs] [Times: user=0.13 sys=0.00, real=0.01 secs] 
2020-09-29T18:32:17.067+0200: 58.092: [GC (Allocation Failure) 2020-09-29T18:32:17.067+0200: 58.092: [ParNew: 574337K->50069K(613440K), 0.0182298 secs] 593806K->69539K(2029056K), 0.0183357 secs] [Times: user=0.13 sys=0.00, real=0.02 secs] 
2020-09-29T18:32:17.132+0200: 58.157: [GC (Allocation Failure) 2020-09-29T18:32:17.132+0200: 58.157: [ParNew: 595413K->33516K(613440K), 0.0120496 secs] 614883K->52985K(2029056K), 0.0121064 secs] [Times: user=0.00 sys=0.00, real=0.01 secs] 
2020-09-29T18:32:17.198+0200: 58.223: [GC (Allocation Failure) 2020-09-29T18:32:17.198+0200: 58.223: [ParNew: 578860K->33599K(613440K), 0.0156519 secs] 598329K->53069K(2029056K), 0.0157249 secs] [Times: user=0.13 sys=0.00, real=0.02 secs] 
2020-09-29T18:32:17.268+0200: 58.293: [GC (Allocation Failure) 2020-09-29T18:32:17.268+0200: 58.293: [ParNew: 578943K->48838K(613440K), 0.0207468 secs] 598413K->68307K(2029056K), 0.0208430 secs] [Times: user=0.25 sys=0.00, real=0.02 secs] 
2020-09-29T18:32:17.336+0200: 58.361: [GC (Allocation Failure) 2020-09-29T18:32:17.337+0200: 58.361: [ParNew: 594182K->44064K(613440K), 0.0140537 secs] 613651K->63533K(2029056K), 0.0141605 secs] [Times: user=0.13 sys=0.00, real=0.02 secs] 
2020-09-29T18:32:17.402+0200: 58.427: [GC (Allocation Failure) 2020-09-29T18:32:17.402+0200: 58.427: [ParNew: 589408K->51496K(613440K), 0.0226384 secs] 608877K->70966K(2029056K), 0.0227378 secs] [Times: user=0.11 sys=0.00, real=0.02 secs] 
2020-09-29T18:32:17.475+0200: 58.500: [GC (Allocation Failure) 2020-09-29T18:32:17.475+0200: 58.500: [ParNew: 596840K->50889K(613440K), 0.0188825 secs] 616310K->70358K(2029056K), 0.0189639 secs] [Times: user=0.13 sys=0.00, real=0.02 secs] 
2020-09-29T18:32:17.540+0200: 58.565: [GC (Allocation Failure) 2020-09-29T18:32:17.540+0200: 58.565: [ParNew: 596233K->40115K(613440K), 0.0114059 secs] 615702K->59585K(2029056K), 0.0114634 secs] [Times: user=0.13 sys=0.00, real=0.01 secs] 
2020-09-29T18:32:17.603+0200: 58.628: [GC (Allocation Failure) 2020-09-29T18:32:17.603+0200: 58.628: [ParNew: 585459K->35533K(613440K), 0.0177404 secs] 604929K->55003K(2029056K), 0.0177970 secs] [Times: user=0.11 sys=0.00, real=0.02 secs] 
2020-09-29T18:32:17.670+0200: 58.695: [GC (Allocation Failure) 2020-09-29T18:32:17.670+0200: 58.695: [ParNew: 580877K->28561K(613440K), 0.0086182 secs] 600347K->48031K(2029056K), 0.0086758 secs] [Times: user=0.13 sys=0.00, real=0.01 secs] 
2020-09-29T18:32:17.725+0200: 58.750: [GC (Allocation Failure) 2020-09-29T18:32:17.725+0200: 58.750: [ParNew: 573905K->27564K(613440K), 0.0152276 secs] 593375K->47033K(2029056K), 0.0152831 secs] [Times: user=0.13 sys=0.00, real=0.02 secs] 
2020-09-29T18:32:17.792+0200: 58.817: [GC (Allocation Failure) 2020-09-29T18:32:17.792+0200: 58.817: [ParNew: 572908K->25209K(613440K), 0.0119409 secs] 592377K->44679K(2029056K), 0.0120009 secs] [Times: user=0.09 sys=0.00, real=0.01 secs] 
2020-09-29T18:32:17.850+0200: 58.875: [GC (Allocation Failure) 2020-09-29T18:32:17.851+0200: 58.875: [ParNew: 570553K->24228K(613440K), 0.0101196 secs] 590023K->43697K(2029056K), 0.0102000 secs] [Times: user=0.00 sys=0.00, real=0.01 secs] 
2020-09-29T18:32:17.912+0200: 58.937: [GC (Allocation Failure) 2020-09-29T18:32:17.912+0200: 58.937: [ParNew: 569572K->49173K(613440K), 0.0199305 secs] 589041K->68643K(2029056K), 0.0199873 secs] [Times: user=0.13 sys=0.00, real=0.02 secs] 
2020-09-29T18:32:17.980+0200: 59.005: [GC (Allocation Failure) 2020-09-29T18:32:17.980+0200: 59.005: [ParNew: 594517K->61828K(613440K), 0.0187294 secs] 613987K->81297K(2029056K), 0.0187864 secs] [Times: user=0.13 sys=0.00, real=0.02 secs] 
2020-09-29T18:32:18.046+0200: 59.071: [GC (Allocation Failure) 2020-09-29T18:32:18.046+0200: 59.071: [ParNew: 607172K->49523K(613440K), 0.0183320 secs] 626641K->68992K(2029056K), 0.0183898 secs] [Times: user=0.13 sys=0.00, real=0.02 secs] 
2020-09-29T18:32:18.114+0200: 59.139: [GC (Allocation Failure) 2020-09-29T18:32:18.114+0200: 59.139: [ParNew: 594867K->37941K(613440K), 0.0178691 secs] 614336K->57410K(2029056K), 0.0179296 secs] [Times: user=0.13 sys=0.00, real=0.02 secs] 
2020-09-29T18:32:18.180+0200: 59.205: [GC (Allocation Failure) 2020-09-29T18:32:18.181+0200: 59.206: [ParNew: 583285K->63306K(613440K), 0.0228351 secs] 602754K->82776K(2029056K), 0.0238115 secs] [Times: user=0.13 sys=0.00, real=0.02 secs] 
2020-09-29T18:32:18.251+0200: 59.276: [GC (Allocation Failure) 2020-09-29T18:32:18.251+0200: 59.276: [ParNew: 608650K->43708K(613440K), 0.0088931 secs] 628120K->63178K(2029056K), 0.0089479 secs] [Times: user=0.13 sys=0.00, real=0.01 secs] 
2020-09-29T18:32:18.313+0200: 59.338: [GC (Allocation Failure) 2020-09-29T18:32:18.313+0200: 59.338: [ParNew: 589052K->46074K(613440K), 0.0210181 secs] 608522K->65544K(2029056K), 0.0210975 secs] [Times: user=0.25 sys=0.00, real=0.02 secs] 
2020-09-29T18:32:18.382+0200: 59.407: [GC (Allocation Failure) 2020-09-29T18:32:18.382+0200: 59.407: [ParNew: 591418K->62558K(613440K), 0.0196512 secs] 610888K->82028K(2029056K), 0.0197332 secs] [Times: user=0.13 sys=0.00, real=0.02 secs] 
2020-09-29T18:32:18.455+0200: 59.480: [GC (Allocation Failure) 2020-09-29T18:32:18.455+0200: 59.480: [ParNew: 607902K->47002K(613440K), 0.0190900 secs] 627372K->66472K(2029056K), 0.0191803 secs] [Times: user=0.25 sys=0.00, real=0.02 secs] 
2020-09-29T18:32:18.527+0200: 59.552: [GC (Allocation Failure) 2020-09-29T18:32:18.527+0200: 59.552: [ParNew: 592346K->43257K(613440K), 0.0194195 secs] 611816K->62727K(2029056K), 0.0195142 secs] [Times: user=0.13 sys=0.00, real=0.02 secs] 
2020-09-29T18:32:18.600+0200: 59.625: [GC (Allocation Failure) 2020-09-29T18:32:18.600+0200: 59.625: [ParNew: 588601K->39601K(613440K), 0.0193258 secs] 608071K->59071K(2029056K), 0.0193935 secs] [Times: user=0.13 sys=0.00, real=0.02 secs] 
2020-09-29T18:32:18.677+0200: 59.702: [GC (Allocation Failure) 2020-09-29T18:32:18.677+0200: 59.702: [ParNew: 584945K->61924K(613440K), 0.0249793 secs] 604415K->81394K(2029056K), 0.0250779 secs] [Times: user=0.13 sys=0.00, real=0.02 secs] 
2020-09-29T18:32:18.756+0200: 59.781: [GC (Allocation Failure) 2020-09-29T18:32:18.756+0200: 59.781: [ParNew: 607268K->49224K(613440K), 0.0175885 secs] 626738K->68694K(2029056K), 0.0176882 secs] [Times: user=0.13 sys=0.00, real=0.02 secs] 
2020-09-29T18:32:18.830+0200: 59.855: [GC (Allocation Failure) 2020-09-29T18:32:18.830+0200: 59.855: [ParNew: 594568K->45886K(613440K), 0.0211922 secs] 614038K->65355K(2029056K), 0.0212961 secs] [Times: user=0.22 sys=0.00, real=0.02 secs] 
2020-09-29T18:32:18.904+0200: 59.929: [GC (Allocation Failure) 2020-09-29T18:32:18.904+0200: 59.930: [ParNew: 591230K->39017K(613440K), 0.0204008 secs] 610699K->58487K(2029056K), 0.0204861 secs] [Times: user=0.13 sys=0.00, real=0.02 secs] 
2020-09-29T18:32:18.976+0200: 60.001: [GC (Allocation Failure) 2020-09-29T18:32:18.976+0200: 60.001: [ParNew: 584361K->68096K(613440K), 0.0239117 secs] 603831K->87565K(2029056K), 0.0240036 secs] [Times: user=0.13 sys=0.00, real=0.02 secs] 
2020-09-29T18:32:19.050+0200: 60.075: [GC (Allocation Failure) 2020-09-29T18:32:19.050+0200: 60.075: [ParNew: 613440K->62784K(613440K), 0.0242309 secs] 632909K->82254K(2029056K), 0.0242933 secs] [Times: user=0.23 sys=0.02, real=0.02 secs] 
2020-09-29T18:32:19.125+0200: 60.150: [GC (Allocation Failure) 2020-09-29T18:32:19.125+0200: 60.150: [ParNew: 608128K->53045K(613440K), 0.0253156 secs] 627598K->72515K(2029056K), 0.0254067 secs] [Times: user=0.23 sys=0.00, real=0.03 secs] 
2020-09-29T18:32:19.200+0200: 60.225: [GC (Allocation Failure) 2020-09-29T18:32:19.200+0200: 60.225: [ParNew: 598389K->65905K(613440K), 0.0234629 secs] 617859K->85375K(2029056K), 0.0235351 secs] [Times: user=0.23 sys=0.00, real=0.02 secs] 
2020-09-29T18:32:19.273+0200: 60.298: [GC (Allocation Failure) 2020-09-29T18:32:19.273+0200: 60.298: [ParNew: 611249K->51781K(613440K), 0.0255441 secs] 630719K->71251K(2029056K), 0.0256127 secs] [Times: user=0.11 sys=0.00, real=0.03 secs] 
2020-09-29T18:32:19.349+0200: 60.374: [GC (Allocation Failure) 2020-09-29T18:32:19.349+0200: 60.374: [ParNew: 597125K->44997K(613440K), 0.0198306 secs] 616595K->64466K(2029056K), 0.0199172 secs] [Times: user=0.13 sys=0.00, real=0.02 secs] 
2020-09-29T18:32:19.421+0200: 60.447: [GC (Allocation Failure) 2020-09-29T18:32:19.421+0200: 60.447: [ParNew: 590341K->63200K(613440K), 0.0239217 secs] 609810K->82670K(2029056K), 0.0239933 secs] [Times: user=0.23 sys=0.00, real=0.02 secs] 
2020-09-29T18:32:19.500+0200: 60.525: [GC (Allocation Failure) 2020-09-29T18:32:19.500+0200: 60.525: [ParNew: 608544K->47758K(613440K), 0.0195479 secs] 628014K->67228K(2029056K), 0.0196292 secs] [Times: user=0.13 sys=0.00, real=0.02 secs] 
2020-09-29T18:32:19.571+0200: 60.596: [GC (Allocation Failure) 2020-09-29T18:32:19.571+0200: 60.596: [ParNew: 593102K->51954K(613440K), 0.0186872 secs] 612572K->71424K(2029056K), 0.0187696 secs] [Times: user=0.11 sys=0.00, real=0.02 secs] 
2020-09-29T18:32:19.643+0200: 60.668: [GC (Allocation Failure) 2020-09-29T18:32:19.643+0200: 60.668: [ParNew: 597298K->39749K(613440K), 0.0166431 secs] 616768K->59218K(2029056K), 0.0167141 secs] [Times: user=0.11 sys=0.00, real=0.02 secs] 
2020-09-29T18:32:19.712+0200: 60.737: [GC (Allocation Failure) 2020-09-29T18:32:19.712+0200: 60.737: [ParNew: 585093K->36422K(613440K), 0.0157358 secs] 604562K->55892K(2029056K), 0.0157974 secs] [Times: user=0.13 sys=0.00, real=0.02 secs] 
2020-09-29T18:32:19.779+0200: 60.803: [GC (Allocation Failure) 2020-09-29T18:32:19.779+0200: 60.803: [ParNew: 581766K->30505K(613440K), 0.0154999 secs] 601236K->49975K(2029056K), 0.0155883 secs] [Times: user=0.13 sys=0.00, real=0.01 secs] 
2020-09-29T18:32:19.846+0200: 60.871: [GC (Allocation Failure) 2020-09-29T18:32:19.846+0200: 60.871: [ParNew: 575849K->54564K(613440K), 0.0241902 secs] 595319K->74034K(2029056K), 0.0242715 secs] [Times: user=0.24 sys=0.00, real=0.03 secs] 
2020-09-29T18:32:19.918+0200: 60.943: [GC (Allocation Failure) 2020-09-29T18:32:19.918+0200: 60.943: [ParNew: 599908K->56173K(613440K), 0.0185239 secs] 619378K->75642K(2029056K), 0.0185834 secs] [Times: user=0.13 sys=0.00, real=0.02 secs] 
2020-09-29T18:32:19.988+0200: 61.012: [GC (Allocation Failure) 2020-09-29T18:32:19.988+0200: 61.013: [ParNew: 601517K->45437K(613440K), 0.0190719 secs] 620986K->64907K(2029056K), 0.0191418 secs] [Times: user=0.23 sys=0.00, real=0.02 secs] 
2020-09-29T18:32:20.057+0200: 61.082: [GC (Allocation Failure) 2020-09-29T18:32:20.057+0200: 61.082: [ParNew: 590781K->38603K(613440K), 0.0205053 secs] 610251K->58073K(2029056K), 0.0205903 secs] [Times: user=0.13 sys=0.00, real=0.02 secs] 
2020-09-29T18:32:20.130+0200: 61.154: [GC (Allocation Failure) 2020-09-29T18:32:20.130+0200: 61.154: [ParNew: 583947K->40460K(613440K), 0.0173292 secs] 603417K->59930K(2029056K), 0.0173958 secs] [Times: user=0.13 sys=0.00, real=0.02 secs] 
2020-09-29T18:32:20.203+0200: 61.227: [GC (Allocation Failure) 2020-09-29T18:32:20.203+0200: 61.227: [ParNew: 585804K->33290K(613440K), 0.0160750 secs] 605274K->52760K(2029056K), 0.0161364 secs] [Times: user=0.13 sys=0.00, real=0.02 secs] 
2020-09-29T18:32:20.270+0200: 61.295: [GC (Allocation Failure) 2020-09-29T18:32:20.270+0200: 61.295: [ParNew: 578634K->53971K(613440K), 0.0197808 secs] 598104K->73440K(2029056K), 0.0198392 secs] [Times: user=0.24 sys=0.00, real=0.02 secs] 
2020-09-29T18:32:20.344+0200: 61.368: [GC (Allocation Failure) 2020-09-29T18:32:20.344+0200: 61.368: [ParNew: 599315K->36277K(613440K), 0.0111293 secs] 618784K->55746K(2029056K), 0.0111859 secs] [Times: user=0.13 sys=0.00, real=0.01 secs] 
2020-09-29T18:32:20.402+0200: 61.426: [GC (Allocation Failure) 2020-09-29T18:32:20.402+0200: 61.426: [ParNew: 581621K->23603K(613440K), 0.0118748 secs] 601090K->43073K(2029056K), 0.0119354 secs] [Times: user=0.13 sys=0.00, real=0.01 secs] 
2020-09-29T18:32:20.464+0200: 61.488: [GC (Allocation Failure) 2020-09-29T18:32:20.464+0200: 61.488: [ParNew: 568947K->54553K(613440K), 0.0226113 secs] 588417K->74022K(2029056K), 0.0226825 secs] [Times: user=0.13 sys=0.00, real=0.02 secs] 
2020-09-29T18:32:20.535+0200: 61.560: [GC (Allocation Failure) 2020-09-29T18:32:20.535+0200: 61.560: [ParNew: 599897K->43788K(613440K), 0.0154290 secs] 619366K->63257K(2029056K), 0.0154852 secs] [Times: user=0.03 sys=0.00, real=0.02 secs] 
2020-09-29T18:32:20.606+0200: 61.630: [GC (Allocation Failure) 2020-09-29T18:32:20.606+0200: 61.630: [ParNew: 589132K->58982K(613440K), 0.0220994 secs] 608601K->78451K(2029056K), 0.0221865 secs] [Times: user=0.11 sys=0.00, real=0.02 secs] 
2020-09-29T18:32:20.676+0200: 61.701: [GC (Allocation Failure) 2020-09-29T18:32:20.676+0200: 61.701: [ParNew: 604326K->46679K(613440K), 0.0199348 secs] 623795K->66148K(2029056K), 0.0199929 secs] [Times: user=0.13 sys=0.02, real=0.02 secs] 
2020-09-29T18:32:20.745+0200: 61.769: [GC (Allocation Failure) 2020-09-29T18:32:20.745+0200: 61.769: [ParNew: 592023K->68096K(613440K), 0.0247674 secs] 611492K->88247K(2029056K), 0.0248335 secs] [Times: user=0.13 sys=0.00, real=0.03 secs] 
2020-09-29T18:32:20.817+0200: 61.841: [GC (Allocation Failure) 2020-09-29T18:32:20.817+0200: 61.841: [ParNew: 613440K->60609K(613440K), 0.0190590 secs] 633591K->80760K(2029056K), 0.0191165 secs] [Times: user=0.25 sys=0.00, real=0.02 secs] 
2020-09-29T18:32:20.884+0200: 61.909: [GC (Allocation Failure) 2020-09-29T18:32:20.884+0200: 61.909: [ParNew: 605953K->54140K(613440K), 0.0187943 secs] 626104K->74291K(2029056K), 0.0188590 secs] [Times: user=0.13 sys=0.00, real=0.02 secs] 
2020-09-29T18:32:20.951+0200: 61.975: [GC (Allocation Failure) 2020-09-29T18:32:20.951+0200: 61.975: [ParNew: 599484K->37009K(613440K), 0.0165404 secs] 619635K->57160K(2029056K), 0.0166028 secs] [Times: user=0.13 sys=0.00, real=0.02 secs] 
2020-09-29T18:32:21.017+0200: 62.042: [GC (Allocation Failure) 2020-09-29T18:32:21.018+0200: 62.042: [ParNew: 582353K->42373K(613440K), 0.0174625 secs] 602504K->62525K(2029056K), 0.0175273 secs] [Times: user=0.13 sys=0.00, real=0.02 secs] 
2020-09-29T18:32:21.082+0200: 62.107: [GC (Allocation Failure) 2020-09-29T18:32:21.082+0200: 62.107: [ParNew: 587717K->64248K(613440K), 0.0217484 secs] 607869K->84400K(2029056K), 0.0218046 secs] [Times: user=0.22 sys=0.02, real=0.02 secs] 
2020-09-29T18:32:21.154+0200: 62.178: [GC (Allocation Failure) 2020-09-29T18:32:21.154+0200: 62.178: [ParNew: 609592K->49636K(613440K), 0.0210333 secs] 629744K->69788K(2029056K), 0.0211015 secs] [Times: user=0.13 sys=0.00, real=0.02 secs] 
2020-09-29T18:32:21.223+0200: 62.248: [GC (Allocation Failure) 2020-09-29T18:32:21.223+0200: 62.248: [ParNew: 594980K->49428K(613440K), 0.0197473 secs] 615132K->69580K(2029056K), 0.0198135 secs] [Times: user=0.25 sys=0.00, real=0.02 secs] 
2020-09-29T18:32:21.296+0200: 62.320: [GC (Allocation Failure) 2020-09-29T18:32:21.296+0200: 62.320: [ParNew: 594772K->68096K(613440K), 0.0268063 secs] 614924K->89528K(2029056K), 0.0268640 secs] [Times: user=0.25 sys=0.00, real=0.03 secs] 
2020-09-29T18:32:21.373+0200: 62.398: [GC (Allocation Failure) 2020-09-29T18:32:21.373+0200: 62.398: [ParNew: 613440K->51741K(613440K), 0.0145679 secs] 634872K->73174K(2029056K), 0.0146526 secs] [Times: user=0.13 sys=0.00, real=0.02 secs] 
2020-09-29T18:32:21.440+0200: 62.464: [GC (Allocation Failure) 2020-09-29T18:32:21.440+0200: 62.465: [ParNew: 597085K->45612K(613440K), 0.0224915 secs] 618518K->67044K(2029056K), 0.0226205 secs] [Times: user=0.22 sys=0.00, real=0.02 secs] 
2020-09-29T18:32:21.514+0200: 62.539: [GC (Allocation Failure) 2020-09-29T18:32:21.514+0200: 62.539: [ParNew: 590956K->64450K(613440K), 0.0233393 secs] 612388K->85883K(2029056K), 0.0234255 secs] [Times: user=0.25 sys=0.00, real=0.02 secs] 
2020-09-29T18:32:21.587+0200: 62.611: [GC (Allocation Failure) 2020-09-29T18:32:21.587+0200: 62.611: [ParNew: 609794K->43523K(613440K), 0.0167233 secs] 631227K->64956K(2029056K), 0.0167939 secs] [Times: user=0.13 sys=0.00, real=0.02 secs] 
2020-09-29T18:32:21.656+0200: 62.680: [GC (Allocation Failure) 2020-09-29T18:32:21.656+0200: 62.680: [ParNew: 588867K->41794K(613440K), 0.0169634 secs] 610300K->63226K(2029056K), 0.0170262 secs] [Times: user=0.11 sys=0.00, real=0.02 secs] 
2020-09-29T18:32:21.726+0200: 62.750: [GC (Allocation Failure) 2020-09-29T18:32:21.726+0200: 62.750: [ParNew: 587138K->59251K(613440K), 0.0192649 secs] 608570K->80684K(2029056K), 0.0193206 secs] [Times: user=0.13 sys=0.00, real=0.02 secs] 
2020-09-29T18:32:21.794+0200: 62.819: [GC (Allocation Failure) 2020-09-29T18:32:21.794+0200: 62.819: [ParNew: 604595K->39288K(613440K), 0.0133143 secs] 626028K->60720K(2029056K), 0.0133719 secs] [Times: user=0.13 sys=0.00, real=0.01 secs] 
2020-09-29T18:32:21.855+0200: 62.880: [GC (Allocation Failure) 2020-09-29T18:32:21.855+0200: 62.880: [ParNew: 584632K->25028K(613440K), 0.0123627 secs] 606064K->46460K(2029056K), 0.0124177 secs] [Times: user=0.13 sys=0.00, real=0.01 secs] 
2020-09-29T18:32:21.919+0200: 62.944: [GC (Allocation Failure) 2020-09-29T18:32:21.919+0200: 62.944: [ParNew: 570372K->39729K(613440K), 0.0176226 secs] 591804K->61162K(2029056K), 0.0176773 secs] [Times: user=0.13 sys=0.00, real=0.02 secs] 
2020-09-29T18:32:21.985+0200: 63.009: [GC (Allocation Failure) 2020-09-29T18:32:21.985+0200: 63.009: [ParNew: 585073K->68096K(613440K), 0.0272719 secs] 606506K->90358K(2029056K), 0.0273272 secs] [Times: user=0.25 sys=0.00, real=0.03 secs] 
2020-09-29T18:32:22.059+0200: 63.083: [GC (Allocation Failure) 2020-09-29T18:32:22.059+0200: 63.083: [ParNew: 613440K->52433K(613440K), 0.0164808 secs] 635702K->74695K(2029056K), 0.0165545 secs] [Times: user=0.13 sys=0.00, real=0.02 secs] 
2020-09-29T18:32:22.123+0200: 63.147: [GC (Allocation Failure) 2020-09-29T18:32:22.123+0200: 63.147: [ParNew: 597777K->49183K(613440K), 0.0208782 secs] 620039K->71445K(2029056K), 0.0210099 secs] [Times: user=0.13 sys=0.00, real=0.02 secs] 
2020-09-29T18:32:22.191+0200: 63.215: [GC (Allocation Failure) 2020-09-29T18:32:22.191+0200: 63.215: [ParNew: 594527K->39232K(613440K), 0.0139335 secs] 616789K->61495K(2029056K), 0.0139854 secs] [Times: user=0.13 sys=0.00, real=0.01 secs] 
2020-09-29T18:32:22.255+0200: 63.279: [GC (Allocation Failure) 2020-09-29T18:32:22.255+0200: 63.279: [ParNew: 584576K->54295K(613440K), 0.0196648 secs] 606839K->76558K(2029056K), 0.0277781 secs] [Times: user=0.13 sys=0.00, real=0.03 secs] 
2020-09-29T18:32:22.344+0200: 63.369: [GC (Allocation Failure) 2020-09-29T18:32:22.344+0200: 63.369: [ParNew: 599639K->43503K(613440K), 0.0189534 secs] 621902K->65766K(2029056K), 0.0190193 secs] [Times: user=0.13 sys=0.00, real=0.02 secs] 
2020-09-29T18:32:22.412+0200: 63.437: [GC (Allocation Failure) 2020-09-29T18:32:22.412+0200: 63.437: [ParNew: 588847K->44350K(613440K), 0.0228565 secs] 611110K->66613K(2029056K), 0.0229615 secs] [Times: user=0.11 sys=0.00, real=0.02 secs] 
2020-09-29T18:32:22.484+0200: 63.509: [GC (Allocation Failure) 2020-09-29T18:32:22.484+0200: 63.509: [ParNew: 589694K->67201K(613440K), 0.0219479 secs] 611957K->89464K(2029056K), 0.0220129 secs] [Times: user=0.25 sys=0.00, real=0.02 secs] 
2020-09-29T18:32:22.555+0200: 63.580: [GC (Allocation Failure) 2020-09-29T18:32:22.555+0200: 63.580: [ParNew: 612545K->48213K(613440K), 0.0172594 secs] 634808K->70476K(2029056K), 0.0173481 secs] [Times: user=0.13 sys=0.00, real=0.02 secs] 
2020-09-29T18:32:22.622+0200: 63.647: [GC (Allocation Failure) 2020-09-29T18:32:22.622+0200: 63.647: [ParNew: 593557K->41137K(613440K), 0.0155124 secs] 615820K->63399K(2029056K), 0.0156021 secs] [Times: user=0.13 sys=0.00, real=0.02 secs] 
2020-09-29T18:32:22.693+0200: 63.718: [GC (Allocation Failure) 2020-09-29T18:32:22.693+0200: 63.718: [ParNew: 586481K->57910K(613440K), 0.0193832 secs] 608743K->80172K(2029056K), 0.0194499 secs] [Times: user=0.13 sys=0.00, real=0.02 secs] 
2020-09-29T18:32:22.763+0200: 63.788: [GC (Allocation Failure) 2020-09-29T18:32:22.763+0200: 63.788: [ParNew: 603254K->37811K(613440K), 0.0137729 secs] 625516K->60073K(2029056K), 0.0138439 secs] [Times: user=0.13 sys=0.00, real=0.01 secs] 
2020-09-29T18:32:22.829+0200: 63.854: [GC (Allocation Failure) 2020-09-29T18:32:22.829+0200: 63.854: [ParNew: 583155K->37757K(613440K), 0.0183286 secs] 605417K->60020K(2029056K), 0.0183872 secs] [Times: user=0.13 sys=0.00, real=0.02 secs] 
2020-09-29T18:32:22.896+0200: 63.921: [GC (Allocation Failure) 2020-09-29T18:32:22.896+0200: 63.921: [ParNew: 583101K->50826K(613440K), 0.0178187 secs] 605364K->73088K(2029056K), 0.0178749 secs] [Times: user=0.13 sys=0.00, real=0.02 secs] 
2020-09-29T18:32:22.962+0200: 63.987: [GC (Allocation Failure) 2020-09-29T18:32:22.962+0200: 63.987: [ParNew: 596170K->66927K(613440K), 0.0217197 secs] 618432K->89189K(2029056K), 0.0217801 secs] [Times: user=0.13 sys=0.00, real=0.02 secs] 
2020-09-29T18:32:23.034+0200: 64.058: [GC (Allocation Failure) 2020-09-29T18:32:23.034+0200: 64.059: [ParNew: 612271K->47069K(613440K), 0.0156213 secs] 634533K->69332K(2029056K), 0.0156839 secs] [Times: user=0.13 sys=0.00, real=0.02 secs] 
2020-09-29T18:32:23.099+0200: 64.124: [GC (Allocation Failure) 2020-09-29T18:32:23.099+0200: 64.124: [ParNew: 592413K->46883K(613440K), 0.0202914 secs] 614676K->69145K(2029056K), 0.0203630 secs] [Times: user=0.13 sys=0.00, real=0.02 secs] 
2020-09-29T18:32:23.168+0200: 64.193: [GC (Allocation Failure) 2020-09-29T18:32:23.168+0200: 64.193: [ParNew: 591172K->35262K(613440K), 0.0156122 secs] 613435K->57525K(2029056K), 0.0156768 secs] [Times: user=0.13 sys=0.00, real=0.02 secs] 
2020-09-29T18:32:23.230+0200: 64.255: [GC (Allocation Failure) 2020-09-29T18:32:23.230+0200: 64.255: [ParNew: 580606K->55257K(613440K), 0.0178236 secs] 602869K->77519K(2029056K), 0.0178828 secs] [Times: user=0.13 sys=0.00, real=0.02 secs] 
2020-09-29T18:32:23.299+0200: 64.324: [GC (Allocation Failure) 2020-09-29T18:32:23.299+0200: 64.324: [ParNew: 600601K->39295K(613440K), 0.0175392 secs] 622863K->61557K(2029056K), 0.0176040 secs] [Times: user=0.13 sys=0.00, real=0.02 secs] 
2020-09-29T18:32:23.369+0200: 64.394: [GC (Allocation Failure) 2020-09-29T18:32:23.369+0200: 64.394: [ParNew: 584639K->39196K(613440K), 0.0174234 secs] 606901K->61459K(2029056K), 0.0174947 secs] [Times: user=0.13 sys=0.00, real=0.02 secs] 
2020-09-29T18:32:23.444+0200: 64.469: [GC (Allocation Failure) 2020-09-29T18:32:23.444+0200: 64.469: [ParNew: 584540K->37274K(613440K), 0.0167478 secs] 606803K->59537K(2029056K), 0.0168164 secs] [Times: user=0.13 sys=0.00, real=0.02 secs] 
2020-09-29T18:32:23.514+0200: 64.539: [GC (Allocation Failure) 2020-09-29T18:32:23.514+0200: 64.539: [ParNew: 582618K->63425K(613440K), 0.0211124 secs] 604881K->85688K(2029056K), 0.0212004 secs] [Times: user=0.13 sys=0.00, real=0.02 secs] 
2020-09-29T18:32:23.585+0200: 64.610: [GC (Allocation Failure) 2020-09-29T18:32:23.585+0200: 64.610: [ParNew: 608769K->61525K(613440K), 0.0223263 secs] 631032K->83787K(2029056K), 0.0223927 secs] [Times: user=0.11 sys=0.00, real=0.02 secs] 
2020-09-29T18:32:23.656+0200: 64.681: [GC (Allocation Failure) 2020-09-29T18:32:23.656+0200: 64.681: [ParNew: 606869K->46445K(613440K), 0.0194040 secs] 629131K->68708K(2029056K), 0.0194673 secs] [Times: user=0.13 sys=0.00, real=0.02 secs] 
2020-09-29T18:32:23.727+0200: 64.752: [GC (Allocation Failure) 2020-09-29T18:32:23.727+0200: 64.752: [ParNew: 591789K->41555K(613440K), 0.0191564 secs] 614052K->63818K(2029056K), 0.0192242 secs] [Times: user=0.13 sys=0.00, real=0.02 secs] 
2020-09-29T18:32:23.793+0200: 64.818: [GC (Allocation Failure) 2020-09-29T18:32:23.793+0200: 64.818: [ParNew: 586899K->33224K(613440K), 0.0121264 secs] 609162K->55486K(2029056K), 0.0121815 secs] [Times: user=0.13 sys=0.00, real=0.01 secs] 
2020-09-29T18:32:23.853+0200: 64.878: [GC (Allocation Failure) 2020-09-29T18:32:23.853+0200: 64.878: [ParNew: 578568K->22462K(613440K), 0.0098332 secs] 600830K->44724K(2029056K), 0.0098900 secs] [Times: user=0.00 sys=0.00, real=0.01 secs] 
2020-09-29T18:32:23.912+0200: 64.937: [GC (Allocation Failure) 2020-09-29T18:32:23.912+0200: 64.937: [ParNew: 567806K->52455K(613440K), 0.0206929 secs] 590068K->74717K(2029056K), 0.0207460 secs] [Times: user=0.13 sys=0.00, real=0.02 secs] 
2020-09-29T18:32:23.981+0200: 65.006: [GC (Allocation Failure) 2020-09-29T18:32:23.981+0200: 65.006: [ParNew: 597799K->63807K(613440K), 0.0201186 secs] 620061K->86070K(2029056K), 0.0201731 secs] [Times: user=0.13 sys=0.00, real=0.02 secs] 
2020-09-29T18:32:24.048+0200: 65.073: [GC (Allocation Failure) 2020-09-29T18:32:24.048+0200: 65.073: [ParNew: 609151K->42482K(613440K), 0.0139046 secs] 631414K->64744K(2029056K), 0.0139642 secs] [Times: user=0.13 sys=0.00, real=0.01 secs] 
2020-09-29T18:32:24.110+0200: 65.135: [GC (Allocation Failure) 2020-09-29T18:32:24.110+0200: 65.135: [ParNew: 587826K->57038K(613440K), 0.0241388 secs] 610088K->79301K(2029056K), 0.0242078 secs] [Times: user=0.25 sys=0.00, real=0.03 secs] 
2020-09-29T18:32:24.182+0200: 65.207: [GC (Allocation Failure) 2020-09-29T18:32:24.182+0200: 65.207: [ParNew: 602382K->49461K(613440K), 0.0181827 secs] 624645K->71724K(2029056K), 0.0182386 secs] [Times: user=0.13 sys=0.00, real=0.02 secs] 
2020-09-29T18:32:24.248+0200: 65.273: [GC (Allocation Failure) 2020-09-29T18:32:24.248+0200: 65.273: [ParNew: 594805K->42603K(613440K), 0.0175815 secs] 617068K->64865K(2029056K), 0.0176380 secs] [Times: user=0.13 sys=0.00, real=0.02 secs] 
2020-09-29T18:32:24.314+0200: 65.339: [GC (Allocation Failure) 2020-09-29T18:32:24.314+0200: 65.339: [ParNew: 587947K->60402K(613440K), 0.0229491 secs] 610209K->82664K(2029056K), 0.0230032 secs] [Times: user=0.25 sys=0.00, real=0.02 secs] 
2020-09-29T18:32:24.385+0200: 65.410: [GC (Allocation Failure) 2020-09-29T18:32:24.385+0200: 65.410: [ParNew: 605746K->46889K(613440K), 0.0160488 secs] 628008K->69152K(2029056K), 0.0161248 secs] [Times: user=0.13 sys=0.00, real=0.02 secs] 
2020-09-29T18:32:24.457+0200: 65.482: [GC (Allocation Failure) 2020-09-29T18:32:24.457+0200: 65.482: [ParNew: 592233K->36738K(613440K), 0.0164337 secs] 614496K->59000K(2029056K), 0.0165069 secs] [Times: user=0.13 sys=0.00, real=0.02 secs] 
2020-09-29T18:32:24.521+0200: 65.546: [GC (Allocation Failure) 2020-09-29T18:32:24.521+0200: 65.546: [ParNew: 582082K->57475K(613440K), 0.0203622 secs] 604344K->79737K(2029056K), 0.0204195 secs] [Times: user=0.13 sys=0.00, real=0.02 secs] 
2020-09-29T18:32:24.590+0200: 65.615: [GC (Allocation Failure) 2020-09-29T18:32:24.590+0200: 65.615: [ParNew: 602819K->41719K(613440K), 0.0152960 secs] 625081K->63982K(2029056K), 0.0153576 secs] [Times: user=0.13 sys=0.00, real=0.02 secs] 
2020-09-29T18:32:24.655+0200: 65.680: [GC (Allocation Failure) 2020-09-29T18:32:24.655+0200: 65.680: [ParNew: 587063K->41074K(613440K), 0.0190424 secs] 609326K->63336K(2029056K), 0.0191084 secs] [Times: user=0.13 sys=0.00, real=0.02 secs] 
2020-09-29T18:32:24.723+0200: 65.748: [GC (Allocation Failure) 2020-09-29T18:32:24.723+0200: 65.748: [ParNew: 586418K->39646K(613440K), 0.0174634 secs] 608680K->61909K(2029056K), 0.0175284 secs] [Times: user=0.13 sys=0.00, real=0.02 secs] 
2020-09-29T18:32:24.794+0200: 65.819: [GC (Allocation Failure) 2020-09-29T18:32:24.794+0200: 65.819: [ParNew: 584990K->41458K(613440K), 0.0154671 secs] 607253K->63720K(2029056K), 0.0155225 secs] [Times: user=0.13 sys=0.00, real=0.02 secs] 
2020-09-29T18:32:24.859+0200: 65.884: [GC (Allocation Failure) 2020-09-29T18:32:24.859+0200: 65.884: [ParNew: 586802K->36555K(613440K), 0.0157583 secs] 609064K->58817K(2029056K), 0.0158353 secs] [Times: user=0.13 sys=0.00, real=0.02 secs] 
2020-09-29T18:32:24.921+0200: 65.946: [GC (Allocation Failure) 2020-09-29T18:32:24.921+0200: 65.946: [ParNew: 581899K->57793K(613440K), 0.0203400 secs] 604161K->80056K(2029056K), 0.0203956 secs] [Times: user=0.13 sys=0.00, real=0.02 secs] 
2020-09-29T18:32:24.992+0200: 66.017: [GC (Allocation Failure) 2020-09-29T18:32:24.999+0200: 66.024: [ParNew: 603137K->68096K(613440K), 0.0450086 secs] 625400K->90358K(2029056K), 0.0514156 secs] [Times: user=0.38 sys=0.00, real=0.05 secs] 
2020-09-29T18:32:25.093+0200: 66.118: [GC (Allocation Failure) 2020-09-29T18:32:25.093+0200: 66.119: [ParNew: 613440K->57744K(613440K), 0.0192724 secs] 635702K->80006K(2029056K), 0.0193294 secs] [Times: user=0.13 sys=0.00, real=0.02 secs] 
2020-09-29T18:32:25.162+0200: 66.187: [GC (Allocation Failure) 2020-09-29T18:32:25.162+0200: 66.187: [ParNew: 603088K->46731K(613440K), 0.0179095 secs] 625350K->68993K(2029056K), 0.0179859 secs] [Times: user=0.13 sys=0.00, real=0.02 secs] 
2020-09-29T18:32:25.232+0200: 66.258: [GC (Allocation Failure) 2020-09-29T18:32:25.232+0200: 66.258: [ParNew: 592075K->40678K(613440K), 0.0184208 secs] 614337K->62940K(2029056K), 0.0185041 secs] [Times: user=0.13 sys=0.00, real=0.02 secs] 
2020-09-29T18:32:25.298+0200: 66.323: [GC (Allocation Failure) 2020-09-29T18:32:25.298+0200: 66.323: [ParNew: 586022K->41846K(613440K), 0.0176721 secs] 608284K->64108K(2029056K), 0.0177260 secs] [Times: user=0.13 sys=0.00, real=0.02 secs] 
2020-09-29T18:32:25.362+0200: 66.387: [GC (Allocation Failure) 2020-09-29T18:32:25.362+0200: 66.387: [ParNew: 587190K->33606K(613440K), 0.0168754 secs] 609452K->55869K(2029056K), 0.0169508 secs] [Times: user=0.25 sys=0.00, real=0.02 secs] 
2020-09-29T18:32:25.428+0200: 66.453: [GC (Allocation Failure) 2020-09-29T18:32:25.428+0200: 66.453: [ParNew: 578950K->56730K(613440K), 0.0233233 secs] 601213K->78992K(2029056K), 0.0234340 secs] [Times: user=0.11 sys=0.00, real=0.02 secs] 
2020-09-29T18:32:25.502+0200: 66.527: [GC (Allocation Failure) 2020-09-29T18:32:25.502+0200: 66.527: [ParNew: 602074K->44950K(613440K), 0.0190749 secs] 624336K->67212K(2029056K), 0.0191481 secs] [Times: user=0.25 sys=0.00, real=0.02 secs] 
2020-09-29T18:32:25.570+0200: 66.595: [GC (Allocation Failure) 2020-09-29T18:32:25.570+0200: 66.595: [ParNew: 590294K->68096K(613440K), 0.0248984 secs] 612556K->90992K(2029056K), 0.0249720 secs] [Times: user=0.13 sys=0.00, real=0.03 secs] 
2020-09-29T18:32:25.644+0200: 66.669: [GC (Allocation Failure) 2020-09-29T18:32:25.644+0200: 66.669: [ParNew: 613440K->46911K(613440K), 0.0150329 secs] 636336K->69807K(2029056K), 0.0151037 secs] [Times: user=0.09 sys=0.00, real=0.01 secs] 
2020-09-29T18:32:25.712+0200: 66.737: [GC (Allocation Failure) 2020-09-29T18:32:25.712+0200: 66.737: [ParNew: 592255K->37991K(613440K), 0.0175209 secs] 615151K->60888K(2029056K), 0.0175785 secs] [Times: user=0.13 sys=0.00, real=0.02 secs] 
2020-09-29T18:32:25.779+0200: 66.803: [GC (Allocation Failure) 2020-09-29T18:32:25.779+0200: 66.803: [ParNew: 583335K->48031K(613440K), 0.0157259 secs] 606232K->70928K(2029056K), 0.0157810 secs] [Times: user=0.13 sys=0.00, real=0.02 secs] 
2020-09-29T18:32:25.849+0200: 66.874: [GC (Allocation Failure) 2020-09-29T18:32:25.849+0200: 66.874: [ParNew: 593375K->39620K(613440K), 0.0167671 secs] 616272K->62517K(2029056K), 0.0168199 secs] [Times: user=0.11 sys=0.00, real=0.02 secs] 
2020-09-29T18:32:25.917+0200: 66.942: [GC (Allocation Failure) 2020-09-29T18:32:25.917+0200: 66.942: [ParNew: 584964K->32436K(613440K), 0.0153973 secs] 607861K->55333K(2029056K), 0.0154537 secs] [Times: user=0.11 sys=0.00, real=0.02 secs] 
2020-09-29T18:32:25.984+0200: 67.008: [GC (Allocation Failure) 2020-09-29T18:32:25.984+0200: 67.008: [ParNew: 577780K->52806K(613440K), 0.0197416 secs] 600677K->75703K(2029056K), 0.0198000 secs] [Times: user=0.13 sys=0.00, real=0.02 secs] 
2020-09-29T18:32:26.054+0200: 67.078: [GC (Allocation Failure) 2020-09-29T18:32:26.054+0200: 67.078: [ParNew: 598150K->36042K(613440K), 0.0137598 secs] 621047K->58939K(2029056K), 0.0138484 secs] [Times: user=0.13 sys=0.00, real=0.01 secs] 
2020-09-29T18:32:26.114+0200: 67.139: [GC (Allocation Failure) 2020-09-29T18:32:26.114+0200: 67.139: [ParNew: 581386K->37338K(613440K), 0.0177957 secs] 604283K->60235K(2029056K), 0.0178575 secs] [Times: user=0.13 sys=0.00, real=0.02 secs] 
2020-09-29T18:32:26.180+0200: 67.205: [GC (Allocation Failure) 2020-09-29T18:32:26.180+0200: 67.205: [ParNew: 582682K->54730K(613440K), 0.0218162 secs] 605579K->77627K(2029056K), 0.0218815 secs] [Times: user=0.13 sys=0.00, real=0.02 secs] 
2020-09-29T18:32:26.253+0200: 67.278: [GC (Allocation Failure) 2020-09-29T18:32:26.253+0200: 67.278: [ParNew: 600074K->40556K(613440K), 0.0107736 secs] 622971K->63453K(2029056K), 0.0108468 secs] [Times: user=0.13 sys=0.00, real=0.01 secs] 
2020-09-29T18:32:26.324+0200: 67.349: [GC (Allocation Failure) 2020-09-29T18:32:26.324+0200: 67.349: [ParNew: 585900K->31126K(613440K), 0.0165306 secs] 608797K->54023K(2029056K), 0.0166071 secs] [Times: user=0.13 sys=0.00, real=0.02 secs] 
2020-09-29T18:32:26.392+0200: 67.417: [GC (Allocation Failure) 2020-09-29T18:32:26.392+0200: 67.417: [ParNew: 576470K->46185K(613440K), 0.0204801 secs] 599367K->69082K(2029056K), 0.0205486 secs] [Times: user=0.25 sys=0.00, real=0.02 secs] 
2020-09-29T18:32:26.465+0200: 67.490: [GC (Allocation Failure) 2020-09-29T18:32:26.465+0200: 67.490: [ParNew: 591529K->61951K(613440K), 0.0201881 secs] 614426K->84847K(2029056K), 0.0202553 secs] [Times: user=0.13 sys=0.00, real=0.02 secs] 
2020-09-29T18:32:26.534+0200: 67.558: [GC (Allocation Failure) 2020-09-29T18:32:26.534+0200: 67.558: [ParNew: 607295K->50854K(613440K), 0.0179233 secs] 630191K->73750K(2029056K), 0.0179784 secs] [Times: user=0.13 sys=0.00, real=0.02 secs] 
2020-09-29T18:32:26.601+0200: 67.625: [GC (Allocation Failure) 2020-09-29T18:32:26.601+0200: 67.625: [ParNew: 596198K->42844K(613440K), 0.0189306 secs] 619094K->65741K(2029056K), 0.0189871 secs] [Times: user=0.11 sys=0.00, real=0.02 secs] 
2020-09-29T18:32:26.671+0200: 67.696: [GC (Allocation Failure) 2020-09-29T18:32:26.671+0200: 67.696: [ParNew: 588188K->38717K(613440K), 0.0167546 secs] 611085K->61613K(2029056K), 0.0168167 secs] [Times: user=0.13 sys=0.00, real=0.02 secs] 
2020-09-29T18:32:26.738+0200: 67.762: [GC (Allocation Failure) 2020-09-29T18:32:26.738+0200: 67.762: [ParNew: 584061K->35150K(613440K), 0.0156174 secs] 606957K->58047K(2029056K), 0.0156715 secs] [Times: user=0.13 sys=0.00, real=0.02 secs] 
2020-09-29T18:32:26.800+0200: 67.824: [GC (Allocation Failure) 2020-09-29T18:32:26.800+0200: 67.824: [ParNew: 580494K->57608K(613440K), 0.0194586 secs] 603391K->80504K(2029056K), 0.0195415 secs] [Times: user=0.25 sys=0.00, real=0.02 secs] 
2020-09-29T18:32:26.868+0200: 67.892: [GC (Allocation Failure) 2020-09-29T18:32:26.868+0200: 67.892: [ParNew: 602952K->66084K(613440K), 0.0236361 secs] 625848K->88981K(2029056K), 0.0236902 secs] [Times: user=0.13 sys=0.00, real=0.02 secs] 
2020-09-29T18:32:26.938+0200: 67.962: [GC (Allocation Failure) 2020-09-29T18:32:26.938+0200: 67.962: [ParNew: 611428K->53784K(613440K), 0.0185149 secs] 634325K->76681K(2029056K), 0.0185699 secs] [Times: user=0.13 sys=0.00, real=0.02 secs] 
2020-09-29T18:32:27.003+0200: 68.028: [GC (Allocation Failure) 2020-09-29T18:32:27.003+0200: 68.028: [ParNew: 599128K->38309K(613440K), 0.0094971 secs] 622025K->61205K(2029056K), 0.0095555 secs] [Times: user=0.13 sys=0.00, real=0.01 secs] 
2020-09-29T18:32:27.060+0200: 68.084: [GC (Allocation Failure) 2020-09-29T18:32:27.060+0200: 68.084: [ParNew: 583653K->31835K(613440K), 0.0153379 secs] 606549K->54731K(2029056K), 0.0154145 secs] [Times: user=0.13 sys=0.00, real=0.02 secs] 
2020-09-29T18:32:27.127+0200: 68.152: [GC (Allocation Failure) 2020-09-29T18:32:27.127+0200: 68.152: [ParNew: 577179K->28470K(613440K), 0.0136207 secs] 600075K->51367K(2029056K), 0.0136785 secs] [Times: user=0.13 sys=0.00, real=0.01 secs] 
2020-09-29T18:32:27.193+0200: 68.217: [GC (Allocation Failure) 2020-09-29T18:32:27.193+0200: 68.217: [ParNew: 573814K->26588K(613440K), 0.0142558 secs] 596711K->49485K(2029056K), 0.0143111 secs] [Times: user=0.00 sys=0.00, real=0.01 secs] 
2020-09-29T18:32:27.261+0200: 68.286: [GC (Allocation Failure) 2020-09-29T18:32:27.261+0200: 68.286: [ParNew: 571932K->43730K(613440K), 0.0185153 secs] 594829K->66627K(2029056K), 0.0185773 secs] [Times: user=0.13 sys=0.00, real=0.02 secs] 
2020-09-29T18:32:27.329+0200: 68.354: [GC (Allocation Failure) 2020-09-29T18:32:27.329+0200: 68.354: [ParNew: 589074K->60237K(613440K), 0.0242584 secs] 611971K->83134K(2029056K), 0.0243255 secs] [Times: user=0.19 sys=0.00, real=0.03 secs] 
2020-09-29T18:32:27.406+0200: 68.430: [GC (Allocation Failure) 2020-09-29T18:32:27.406+0200: 68.430: [ParNew: 605581K->50724K(613440K), 0.0218699 secs] 628478K->73620K(2029056K), 0.0219508 secs] [Times: user=0.22 sys=0.00, real=0.02 secs] 
2020-09-29T18:32:27.483+0200: 68.507: [GC (Allocation Failure) 2020-09-29T18:32:27.483+0200: 68.507: [ParNew: 596068K->50754K(613440K), 0.0220483 secs] 618964K->73650K(2029056K), 0.0221218 secs] [Times: user=0.25 sys=0.00, real=0.02 secs] 
2020-09-29T18:32:27.552+0200: 68.576: [GC (Allocation Failure) 2020-09-29T18:32:27.552+0200: 68.576: [ParNew: 596098K->50382K(613440K), 0.0201393 secs] 618994K->73279K(2029056K), 0.0202044 secs] [Times: user=0.13 sys=0.00, real=0.02 secs] 
2020-09-29T18:32:27.623+0200: 68.648: [GC (Allocation Failure) 2020-09-29T18:32:27.623+0200: 68.648: [ParNew: 595726K->47067K(613440K), 0.0213793 secs] 618623K->69964K(2029056K), 0.0214605 secs] [Times: user=0.23 sys=0.00, real=0.02 secs] 
2020-09-29T18:32:27.691+0200: 68.716: [GC (Allocation Failure) 2020-09-29T18:32:27.691+0200: 68.716: [ParNew: 592411K->48268K(613440K), 0.0184215 secs] 615308K->71165K(2029056K), 0.0184801 secs] [Times: user=0.22 sys=0.00, real=0.02 secs] 
2020-09-29T18:32:27.758+0200: 68.782: [GC (Allocation Failure) 2020-09-29T18:32:27.758+0200: 68.782: [ParNew: 593612K->39144K(613440K), 0.0118983 secs] 616509K->62041K(2029056K), 0.0119666 secs] [Times: user=0.13 sys=0.00, real=0.01 secs] 
2020-09-29T18:32:27.822+0200: 68.847: [GC (Allocation Failure) 2020-09-29T18:32:27.822+0200: 68.847: [ParNew: 584488K->20209K(613440K), 0.0123664 secs] 607385K->43105K(2029056K), 0.0124244 secs] [Times: user=0.13 sys=0.00, real=0.01 secs] 
2020-09-29T18:32:27.886+0200: 68.911: [GC (Allocation Failure) 2020-09-29T18:32:27.886+0200: 68.911: [ParNew: 565553K->33153K(613440K), 0.0166555 secs] 588449K->56049K(2029056K), 0.0167150 secs] [Times: user=0.13 sys=0.00, real=0.02 secs] 
2020-09-29T18:32:27.951+0200: 68.976: [GC (Allocation Failure) 2020-09-29T18:32:27.951+0200: 68.976: [ParNew: 578497K->68096K(613440K), 0.0255646 secs] 601393K->91182K(2029056K), 0.0256379 secs] [Times: user=0.25 sys=0.00, real=0.03 secs] 
2020-09-29T18:32:28.024+0200: 69.049: [GC (Allocation Failure) 2020-09-29T18:32:28.024+0200: 69.049: [ParNew: 613440K->68096K(613440K), 0.0252588 secs] 636526K->92235K(2029056K), 0.0253147 secs] [Times: user=0.13 sys=0.00, real=0.03 secs] 
2020-09-29T18:32:28.097+0200: 69.121: [GC (Allocation Failure) 2020-09-29T18:32:28.097+0200: 69.121: [ParNew: 613440K->61169K(613440K), 0.0189041 secs] 637579K->85308K(2029056K), 0.0189697 secs] [Times: user=0.25 sys=0.00, real=0.02 secs] 
2020-09-29T18:32:28.170+0200: 69.194: [GC (Allocation Failure) 2020-09-29T18:32:28.170+0200: 69.194: [ParNew: 606513K->54697K(613440K), 0.0187946 secs] 630652K->78836K(2029056K), 0.0188644 secs] [Times: user=0.13 sys=0.00, real=0.02 secs] 
2020-09-29T18:32:28.238+0200: 69.263: [GC (Allocation Failure) 2020-09-29T18:32:28.238+0200: 69.263: [ParNew: 600041K->38568K(613440K), 0.0171918 secs] 624180K->62708K(2029056K), 0.0172472 secs] [Times: user=0.25 sys=0.00, real=0.02 secs] 
2020-09-29T18:32:28.303+0200: 69.328: [GC (Allocation Failure) 2020-09-29T18:32:28.303+0200: 69.328: [ParNew: 583912K->38367K(613440K), 0.0158719 secs] 608052K->62506K(2029056K), 0.0159268 secs] [Times: user=0.13 sys=0.00, real=0.02 secs] 
2020-09-29T18:32:28.370+0200: 69.395: [GC (Allocation Failure) 2020-09-29T18:32:28.370+0200: 69.395: [ParNew: 583711K->59738K(613440K), 0.0218025 secs] 607850K->83877K(2029056K), 0.0218695 secs] [Times: user=0.13 sys=0.00, real=0.02 secs] 
2020-09-29T18:32:28.441+0200: 69.466: [GC (Allocation Failure) 2020-09-29T18:32:28.441+0200: 69.466: [ParNew: 605082K->42576K(613440K), 0.0174268 secs] 629221K->66716K(2029056K), 0.0174933 secs] [Times: user=0.16 sys=0.00, real=0.02 secs] 
2020-09-29T18:32:28.510+0200: 69.535: [GC (Allocation Failure) 2020-09-29T18:32:28.510+0200: 69.535: [ParNew: 587920K->55386K(613440K), 0.0199141 secs] 612060K->79525K(2029056K), 0.0200030 secs] [Times: user=0.13 sys=0.00, real=0.02 secs] 
2020-09-29T18:32:28.579+0200: 69.604: [GC (Allocation Failure) 2020-09-29T18:32:28.580+0200: 69.604: [ParNew: 600730K->43691K(613440K), 0.0189985 secs] 624869K->67830K(2029056K), 0.0190719 secs] [Times: user=0.14 sys=0.00, real=0.02 secs] 
2020-09-29T18:32:28.651+0200: 69.676: [GC (Allocation Failure) 2020-09-29T18:32:28.651+0200: 69.676: [ParNew: 589035K->67971K(613440K), 0.0241662 secs] 613174K->92110K(2029056K), 0.0242242 secs] [Times: user=0.13 sys=0.00, real=0.02 secs] 
2020-09-29T18:32:28.724+0200: 69.748: [GC (Allocation Failure) 2020-09-29T18:32:28.724+0200: 69.748: [ParNew: 613315K->60847K(613440K), 0.0180267 secs] 637454K->84987K(2029056K), 0.0180831 secs] [Times: user=0.13 sys=0.00, real=0.02 secs] 
2020-09-29T18:32:28.789+0200: 69.813: [GC (Allocation Failure) 2020-09-29T18:32:28.789+0200: 69.813: [ParNew: 606191K->30814K(613440K), 0.0108083 secs] 630331K->54953K(2029056K), 0.0108937 secs] [Times: user=0.00 sys=0.00, real=0.01 secs] 
2020-09-29T18:32:28.847+0200: 69.871: [GC (Allocation Failure) 2020-09-29T18:32:28.847+0200: 69.871: [ParNew: 576158K->38729K(613440K), 0.0159329 secs] 600297K->62868K(2029056K), 0.0159937 secs] [Times: user=0.13 sys=0.00, real=0.02 secs] 
2020-09-29T18:32:28.909+0200: 69.934: [GC (Allocation Failure) 2020-09-29T18:32:28.909+0200: 69.934: [ParNew: 584073K->42001K(613440K), 0.0152353 secs] 608212K->66140K(2029056K), 0.0152896 secs] [Times: user=0.13 sys=0.00, real=0.02 secs] 
2020-09-29T18:32:28.974+0200: 69.999: [GC (Allocation Failure) 2020-09-29T18:32:28.974+0200: 69.999: [ParNew: 587345K->31560K(613440K), 0.0134918 secs] 611484K->55699K(2029056K), 0.0135478 secs] [Times: user=0.00 sys=0.00, real=0.01 secs] 
2020-09-29T18:32:29.035+0200: 70.060: [GC (Allocation Failure) 2020-09-29T18:32:29.035+0200: 70.060: [ParNew: 576904K->49515K(613440K), 0.0184554 secs] 601043K->73654K(2029056K), 0.0185099 secs] [Times: user=0.25 sys=0.00, real=0.02 secs] 
2020-09-29T18:32:29.105+0200: 70.130: [GC (Allocation Failure) 2020-09-29T18:32:29.105+0200: 70.130: [ParNew: 594859K->44182K(613440K), 0.0174802 secs] 618998K->68321K(2029056K), 0.0175488 secs] [Times: user=0.13 sys=0.00, real=0.02 secs] 
2020-09-29T18:32:29.174+0200: 70.199: [GC (Allocation Failure) 2020-09-29T18:32:29.174+0200: 70.199: [ParNew: 589526K->60129K(613440K), 0.0219132 secs] 613665K->84268K(2029056K), 0.0219779 secs] [Times: user=0.25 sys=0.00, real=0.02 secs] 
2020-09-29T18:32:29.243+0200: 70.267: [GC (Allocation Failure) 2020-09-29T18:32:29.243+0200: 70.267: [ParNew: 605473K->51795K(613440K), 0.0210328 secs] 629612K->75934K(2029056K), 0.0211005 secs] [Times: user=0.13 sys=0.00, real=0.02 secs] 
2020-09-29T18:32:29.312+0200: 70.337: [GC (Allocation Failure) 2020-09-29T18:32:29.312+0200: 70.337: [ParNew: 597139K->42149K(613440K), 0.0156571 secs] 621278K->66288K(2029056K), 0.0157120 secs] [Times: user=0.13 sys=0.00, real=0.02 secs] 
2020-09-29T18:32:29.376+0200: 70.400: [GC (Allocation Failure) 2020-09-29T18:32:29.376+0200: 70.400: [ParNew: 587493K->61046K(613440K), 0.0195067 secs] 611632K->85186K(2029056K), 0.0195921 secs] [Times: user=0.25 sys=0.00, real=0.02 secs] 
2020-09-29T18:32:29.447+0200: 70.472: [GC (Allocation Failure) 2020-09-29T18:32:29.447+0200: 70.472: [ParNew: 606390K->43621K(613440K), 0.0138862 secs] 630530K->67760K(2029056K), 0.0139413 secs] [Times: user=0.13 sys=0.00, real=0.01 secs] 
2020-09-29T18:32:29.511+0200: 70.536: [GC (Allocation Failure) 2020-09-29T18:32:29.511+0200: 70.536: [ParNew: 588965K->54238K(613440K), 0.0238617 secs] 613104K->78377K(2029056K), 0.0239222 secs] [Times: user=0.13 sys=0.00, real=0.02 secs] 
2020-09-29T18:32:29.585+0200: 70.609: [GC (Allocation Failure) 2020-09-29T18:32:29.585+0200: 70.609: [ParNew: 599582K->47557K(613440K), 0.0187081 secs] 623721K->71696K(2029056K), 0.0187784 secs] [Times: user=0.13 sys=0.00, real=0.02 secs] 
2020-09-29T18:32:29.659+0200: 70.684: [GC (Allocation Failure) 2020-09-29T18:32:29.659+0200: 70.684: [ParNew: 592901K->38318K(613440K), 0.0129257 secs] 617040K->62457K(2029056K), 0.0129859 secs] [Times: user=0.13 sys=0.00, real=0.01 secs] 
2020-09-29T18:32:29.722+0200: 70.746: [GC (Allocation Failure) 2020-09-29T18:32:29.722+0200: 70.746: [ParNew: 583662K->35726K(613440K), 0.0168193 secs] 607801K->59865K(2029056K), 0.0168899 secs] [Times: user=0.14 sys=0.00, real=0.02 secs] 
2020-09-29T18:32:29.786+0200: 70.811: [GC (Allocation Failure) 2020-09-29T18:32:29.786+0200: 70.811: [ParNew: 581070K->48941K(613440K), 0.0171722 secs] 605209K->73080K(2029056K), 0.0172279 secs] [Times: user=0.13 sys=0.00, real=0.02 secs] 
2020-09-29T18:32:29.854+0200: 70.878: [GC (Allocation Failure) 2020-09-29T18:32:29.854+0200: 70.878: [ParNew: 594285K->39087K(613440K), 0.0146670 secs] 618424K->63226K(2029056K), 0.0147270 secs] [Times: user=0.13 sys=0.00, real=0.01 secs] 
2020-09-29T18:32:29.917+0200: 70.941: [GC (Allocation Failure) 2020-09-29T18:32:29.917+0200: 70.941: [ParNew: 584431K->28519K(613440K), 0.0138506 secs] 608570K->52658K(2029056K), 0.0139066 secs] [Times: user=0.13 sys=0.00, real=0.01 secs] 
2020-09-29T18:32:29.979+0200: 71.004: [GC (Allocation Failure) 2020-09-29T18:32:29.979+0200: 71.004: [ParNew: 573863K->30969K(613440K), 0.0124085 secs] 598002K->55108K(2029056K), 0.0124606 secs] [Times: user=0.13 sys=0.00, real=0.01 secs] 
2020-09-29T18:32:30.043+0200: 71.068: [GC (Allocation Failure) 2020-09-29T18:32:30.043+0200: 71.068: [ParNew: 576313K->29084K(613440K), 0.0124499 secs] 600452K->53223K(2029056K), 0.0125045 secs] [Times: user=0.13 sys=0.00, real=0.01 secs] 
2020-09-29T18:32:30.103+0200: 71.128: [GC (Allocation Failure) 2020-09-29T18:32:30.103+0200: 71.128: [ParNew: 574428K->43019K(613440K), 0.0184488 secs] 598567K->67158K(2029056K), 0.0185052 secs] [Times: user=0.13 sys=0.00, real=0.02 secs] 
2020-09-29T18:32:30.169+0200: 71.193: [GC (Allocation Failure) 2020-09-29T18:32:30.169+0200: 71.193: [ParNew: 588363K->60858K(613440K), 0.0218858 secs] 612502K->84997K(2029056K), 0.0219448 secs] [Times: user=0.13 sys=0.00, real=0.02 secs] 
2020-09-29T18:32:30.240+0200: 71.265: [GC (Allocation Failure) 2020-09-29T18:32:30.240+0200: 71.265: [ParNew: 606202K->68096K(613440K), 0.0220694 secs] 630341K->92272K(2029056K), 0.0221472 secs] [Times: user=0.13 sys=0.00, real=0.02 secs] 
2020-09-29T18:32:30.310+0200: 71.335: [GC (Allocation Failure) 2020-09-29T18:32:30.310+0200: 71.335: [ParNew: 613440K->50752K(613440K), 0.0214520 secs] 637616K->74928K(2029056K), 0.0215213 secs] [Times: user=0.13 sys=0.00, real=0.02 secs] 
2020-09-29T18:32:30.381+0200: 71.406: [GC (Allocation Failure) 2020-09-29T18:32:30.381+0200: 71.406: [ParNew: 596096K->40051K(613440K), 0.0162201 secs] 620272K->64227K(2029056K), 0.0163095 secs] [Times: user=0.13 sys=0.00, real=0.02 secs] 
2020-09-29T18:32:30.450+0200: 71.475: [GC (Allocation Failure) 2020-09-29T18:32:30.450+0200: 71.475: [ParNew: 585395K->43949K(613440K), 0.0184139 secs] 609571K->68125K(2029056K), 0.0184688 secs] [Times: user=0.13 sys=0.00, real=0.02 secs] 
2020-09-29T18:32:30.519+0200: 71.544: [GC (Allocation Failure) 2020-09-29T18:32:30.519+0200: 71.544: [ParNew: 589293K->35568K(613440K), 0.0105622 secs] 613469K->59744K(2029056K), 0.0106225 secs] [Times: user=0.13 sys=0.00, real=0.01 secs] 
2020-09-29T18:32:30.581+0200: 71.606: [GC (Allocation Failure) 2020-09-29T18:32:30.582+0200: 71.606: [ParNew: 580912K->51169K(613440K), 0.0217907 secs] 605088K->75346K(2029056K), 0.0218888 secs] [Times: user=0.22 sys=0.03, real=0.02 secs] 
2020-09-29T18:32:30.654+0200: 71.679: [GC (Allocation Failure) 2020-09-29T18:32:30.654+0200: 71.679: [ParNew: 596513K->61917K(613440K), 0.0219361 secs] 620690K->86093K(2029056K), 0.0220164 secs] [Times: user=0.13 sys=0.00, real=0.02 secs] 
2020-09-29T18:32:30.723+0200: 71.748: [GC (Allocation Failure) 2020-09-29T18:32:30.723+0200: 71.748: [ParNew: 607261K->48403K(613440K), 0.0203362 secs] 631437K->72579K(2029056K), 0.0203935 secs] [Times: user=0.13 sys=0.00, real=0.02 secs] 
2020-09-29T18:32:30.791+0200: 71.815: [GC (Allocation Failure) 2020-09-29T18:32:30.791+0200: 71.815: [ParNew: 593747K->44763K(613440K), 0.0200062 secs] 617923K->68940K(2029056K), 0.0200615 secs] [Times: user=0.13 sys=0.00, real=0.02 secs] 
2020-09-29T18:32:30.858+0200: 71.883: [GC (Allocation Failure) 2020-09-29T18:32:30.858+0200: 71.883: [ParNew: 590107K->45988K(613440K), 0.0196054 secs] 614284K->70165K(2029056K), 0.0196627 secs] [Times: user=0.13 sys=0.00, real=0.02 secs] 
2020-09-29T18:32:30.927+0200: 71.951: [GC (Allocation Failure) 2020-09-29T18:32:30.927+0200: 71.951: [ParNew: 591332K->43119K(613440K), 0.0198336 secs] 615509K->67295K(2029056K), 0.0199028 secs] [Times: user=0.13 sys=0.00, real=0.02 secs] 
2020-09-29T18:32:30.997+0200: 72.022: [GC (Allocation Failure) 2020-09-29T18:32:30.997+0200: 72.022: [ParNew: 588463K->68096K(613440K), 0.0241004 secs] 612639K->92272K(2029056K), 0.0241638 secs] [Times: user=0.25 sys=0.00, real=0.02 secs] 
2020-09-29T18:32:31.072+0200: 72.097: [GC (Allocation Failure) 2020-09-29T18:32:31.072+0200: 72.097: [ParNew: 613440K->68096K(613440K), 0.0305705 secs] 637616K->94639K(2029056K), 0.0306325 secs] [Times: user=0.25 sys=0.00, real=0.03 secs] 
2020-09-29T18:32:31.152+0200: 72.177: [GC (Allocation Failure) 2020-09-29T18:32:31.152+0200: 72.177: [ParNew: 613440K->57636K(613440K), 0.0176507 secs] 639983K->84179K(2029056K), 0.0177128 secs] [Times: user=0.13 sys=0.00, real=0.02 secs] 
2020-09-29T18:32:31.219+0200: 72.244: [GC (Allocation Failure) 2020-09-29T18:32:31.219+0200: 72.244: [ParNew: 602980K->41746K(613440K), 0.0160556 secs] 629523K->68290K(2029056K), 0.0161118 secs] [Times: user=0.13 sys=0.00, real=0.02 secs] 
2020-09-29T18:32:31.286+0200: 72.311: [GC (Allocation Failure) 2020-09-29T18:32:31.286+0200: 72.311: [ParNew: 587090K->57861K(613440K), 0.0205597 secs] 613634K->84405K(2029056K), 0.0206274 secs] [Times: user=0.13 sys=0.00, real=0.02 secs] 
2020-09-29T18:32:31.354+0200: 72.379: [GC (Allocation Failure) 2020-09-29T18:32:31.354+0200: 72.379: [ParNew: 603205K->41910K(613440K), 0.0195950 secs] 629749K->68454K(2029056K), 0.0196627 secs] [Times: user=0.13 sys=0.00, real=0.02 secs] 
2020-09-29T18:32:31.426+0200: 72.451: [GC (Allocation Failure) 2020-09-29T18:32:31.426+0200: 72.451: [ParNew: 587254K->40021K(613440K), 0.0165517 secs] 613798K->66565K(2029056K), 0.0166211 secs] [Times: user=0.24 sys=0.00, real=0.02 secs] 
2020-09-29T18:32:31.494+0200: 72.519: [GC (Allocation Failure) 2020-09-29T18:32:31.494+0200: 72.519: [ParNew: 585365K->37823K(613440K), 0.0171240 secs] 611909K->64367K(2029056K), 0.0172037 secs] [Times: user=0.13 sys=0.00, real=0.02 secs] 
2020-09-29T18:32:31.561+0200: 72.585: [GC (Allocation Failure) 2020-09-29T18:32:31.561+0200: 72.585: [ParNew: 583167K->55275K(613440K), 0.0215332 secs] 609711K->81818K(2029056K), 0.0216092 secs] [Times: user=0.11 sys=0.00, real=0.02 secs] 
2020-09-29T18:32:31.635+0200: 72.660: [GC (Allocation Failure) 2020-09-29T18:32:31.635+0200: 72.660: [ParNew: 600619K->40100K(613440K), 0.0169836 secs] 627162K->66644K(2029056K), 0.0170593 secs] [Times: user=0.13 sys=0.00, real=0.02 secs] 
2020-09-29T18:32:31.702+0200: 72.727: [GC (Allocation Failure) 2020-09-29T18:32:31.702+0200: 72.727: [ParNew: 585444K->55743K(613440K), 0.0185541 secs] 611988K->82287K(2029056K), 0.0186110 secs] [Times: user=0.13 sys=0.00, real=0.02 secs] 
2020-09-29T18:32:31.768+0200: 72.793: [GC (Allocation Failure) 2020-09-29T18:32:31.768+0200: 72.793: [ParNew: 601087K->43981K(613440K), 0.0174724 secs] 627631K->70525K(2029056K), 0.0175573 secs] [Times: user=0.14 sys=0.00, real=0.02 secs] 
2020-09-29T18:32:31.833+0200: 72.858: [GC (Allocation Failure) 2020-09-29T18:32:31.833+0200: 72.858: [ParNew: 589325K->65284K(613440K), 0.0229294 secs] 615869K->91828K(2029056K), 0.0229929 secs] [Times: user=0.13 sys=0.00, real=0.02 secs] 
2020-09-29T18:32:31.905+0200: 72.929: [GC (Allocation Failure) 2020-09-29T18:32:31.905+0200: 72.929: [ParNew: 610628K->54107K(613440K), 0.0215332 secs] 637172K->80651K(2029056K), 0.0216032 secs] [Times: user=0.25 sys=0.00, real=0.02 secs] 
2020-09-29T18:32:31.973+0200: 72.998: [GC (Allocation Failure) 2020-09-29T18:32:31.973+0200: 72.998: [ParNew: 599451K->43560K(613440K), 0.0162031 secs] 625995K->70104K(2029056K), 0.0162609 secs] [Times: user=0.13 sys=0.00, real=0.02 secs] 
2020-09-29T18:32:32.036+0200: 73.061: [GC (Allocation Failure) 2020-09-29T18:32:32.036+0200: 73.061: [ParNew: 588904K->66112K(613440K), 0.0209392 secs] 615448K->92656K(2029056K), 0.0210161 secs] [Times: user=0.13 sys=0.00, real=0.02 secs] 
2020-09-29T18:32:32.104+0200: 73.129: [GC (Allocation Failure) 2020-09-29T18:32:32.104+0200: 73.129: [ParNew: 611456K->50546K(613440K), 0.0198135 secs] 638000K->77090K(2029056K), 0.0198764 secs] [Times: user=0.13 sys=0.00, real=0.02 secs] 
2020-09-29T18:32:32.171+0200: 73.195: [GC (Allocation Failure) 2020-09-29T18:32:32.171+0200: 73.195: [ParNew: 595890K->45739K(613440K), 0.0192162 secs] 622434K->72283K(2029056K), 0.0192826 secs] [Times: user=0.13 sys=0.00, real=0.02 secs] 
2020-09-29T18:32:32.237+0200: 73.262: [GC (Allocation Failure) 2020-09-29T18:32:32.237+0200: 73.262: [ParNew: 591083K->42699K(613440K), 0.0184858 secs] 617627K->69243K(2029056K), 0.0185451 secs] [Times: user=0.25 sys=0.00, real=0.02 secs] 
2020-09-29T18:32:32.302+0200: 73.326: [GC (Allocation Failure) 2020-09-29T18:32:32.302+0200: 73.326: [ParNew: 588043K->68096K(613440K), 0.0219270 secs] 614587K->94639K(2029056K), 0.0219851 secs] [Times: user=0.13 sys=0.00, real=0.02 secs] 
2020-09-29T18:32:32.374+0200: 73.398: [GC (Allocation Failure) 2020-09-29T18:32:32.374+0200: 73.398: [ParNew: 613440K->51023K(613440K), 0.0175735 secs] 639983K->77566K(2029056K), 0.0176439 secs] [Times: user=0.13 sys=0.00, real=0.02 secs] 
2020-09-29T18:32:32.441+0200: 73.466: [GC (Allocation Failure) 2020-09-29T18:32:32.441+0200: 73.466: [ParNew: 596367K->68096K(613440K), 0.0228844 secs] 622910K->94639K(2029056K), 0.0229522 secs] [Times: user=0.23 sys=0.01, real=0.02 secs] 
2020-09-29T18:32:32.513+0200: 73.538: [GC (Allocation Failure) 2020-09-29T18:32:32.513+0200: 73.538: [ParNew: 613440K->47363K(613440K), 0.0144340 secs] 639983K->73907K(2029056K), 0.0144914 secs] [Times: user=0.13 sys=0.00, real=0.01 secs] 
2020-09-29T18:32:32.577+0200: 73.602: [GC (Allocation Failure) 2020-09-29T18:32:32.577+0200: 73.602: [ParNew: 592707K->35444K(613440K), 0.0139740 secs] 619251K->61988K(2029056K), 0.0140356 secs] [Times: user=0.11 sys=0.00, real=0.01 secs] 
2020-09-29T18:32:32.639+0200: 73.664: [GC (Allocation Failure) 2020-09-29T18:32:32.639+0200: 73.664: [ParNew: 580788K->48800K(613440K), 0.0199338 secs] 607332K->75344K(2029056K), 0.0200059 secs] [Times: user=0.13 sys=0.00, real=0.02 secs] 
2020-09-29T18:32:32.708+0200: 73.732: [GC (Allocation Failure) 2020-09-29T18:32:32.708+0200: 73.732: [ParNew: 594144K->39507K(613440K), 0.0166047 secs] 620688K->66051K(2029056K), 0.0166751 secs] [Times: user=0.13 sys=0.00, real=0.02 secs] 
2020-09-29T18:32:32.771+0200: 73.796: [GC (Allocation Failure) 2020-09-29T18:32:32.771+0200: 73.796: [ParNew: 584851K->38525K(613440K), 0.0142106 secs] 611395K->65069K(2029056K), 0.0142718 secs] [Times: user=0.00 sys=0.00, real=0.01 secs] 
2020-09-29T18:32:32.837+0200: 73.862: [GC (Allocation Failure) 2020-09-29T18:32:32.837+0200: 73.862: [ParNew: 583869K->31646K(613440K), 0.0146248 secs] 610413K->58190K(2029056K), 0.0146891 secs] [Times: user=0.13 sys=0.00, real=0.02 secs] 
2020-09-29T18:32:32.901+0200: 73.926: [GC (Allocation Failure) 2020-09-29T18:32:32.901+0200: 73.926: [ParNew: 576990K->62634K(613440K), 0.0246978 secs] 603534K->89177K(2029056K), 0.0247812 secs] [Times: user=0.16 sys=0.03, real=0.03 secs] 
2020-09-29T18:32:32.972+0200: 73.997: [GC (Allocation Failure) 2020-09-29T18:32:32.972+0200: 73.997: [ParNew: 607978K->46519K(613440K), 0.0115780 secs] 634521K->73062K(2029056K), 0.0116330 secs] [Times: user=0.06 sys=0.02, real=0.01 secs] 
2020-09-29T18:32:33.033+0200: 74.057: [GC (Allocation Failure) 2020-09-29T18:32:33.033+0200: 74.057: [ParNew: 591863K->49895K(613440K), 0.0221633 secs] 618406K->76439K(2029056K), 0.0222361 secs] [Times: user=0.25 sys=0.00, real=0.02 secs] 
2020-09-29T18:32:33.104+0200: 74.129: [GC (Allocation Failure) 2020-09-29T18:32:33.104+0200: 74.129: [ParNew: 595239K->39338K(613440K), 0.0159449 secs] 621783K->65882K(2029056K), 0.0160003 secs] [Times: user=0.13 sys=0.00, real=0.02 secs] 
2020-09-29T18:32:33.167+0200: 74.192: [GC (Allocation Failure) 2020-09-29T18:32:33.167+0200: 74.192: [ParNew: 584682K->54614K(613440K), 0.0197574 secs] 611226K->81158K(2029056K), 0.0269035 secs] [Times: user=0.13 sys=0.00, real=0.03 secs] 
2020-09-29T18:32:33.259+0200: 74.284: [GC (Allocation Failure) 2020-09-29T18:32:33.259+0200: 74.284: [ParNew: 599958K->45525K(613440K), 0.0186717 secs] 626502K->72069K(2029056K), 0.0187256 secs] [Times: user=0.13 sys=0.00, real=0.02 secs] 
2020-09-29T18:32:33.326+0200: 74.351: [GC (Allocation Failure) 2020-09-29T18:32:33.326+0200: 74.351: [ParNew: 590869K->37946K(613440K), 0.0112049 secs] 617413K->64490K(2029056K), 0.0112732 secs] [Times: user=0.13 sys=0.00, real=0.01 secs] 
2020-09-29T18:32:33.390+0200: 74.415: [GC (Allocation Failure) 2020-09-29T18:32:33.390+0200: 74.415: [ParNew: 583290K->34697K(613440K), 0.0166636 secs] 609834K->61241K(2029056K), 0.0167543 secs] [Times: user=0.13 sys=0.00, real=0.02 secs] 
2020-09-29T18:32:33.461+0200: 74.486: [GC (Allocation Failure) 2020-09-29T18:32:33.461+0200: 74.486: [ParNew: 580041K->53721K(613440K), 0.0213482 secs] 606585K->80264K(2029056K), 0.0214144 secs] [Times: user=0.13 sys=0.00, real=0.02 secs] 
2020-09-29T18:32:33.531+0200: 74.556: [GC (Allocation Failure) 2020-09-29T18:32:33.531+0200: 74.556: [ParNew: 599065K->68096K(613440K), 0.0257964 secs] 625608K->95056K(2029056K), 0.0258635 secs] [Times: user=0.25 sys=0.00, real=0.03 secs] 
2020-09-29T18:32:33.605+0200: 74.630: [GC (Allocation Failure) 2020-09-29T18:32:33.605+0200: 74.630: [ParNew: 613440K->51642K(613440K), 0.0147626 secs] 640400K->78603K(2029056K), 0.0148215 secs] [Times: user=0.11 sys=0.00, real=0.01 secs] 
2020-09-29T18:32:33.669+0200: 74.694: [GC (Allocation Failure) 2020-09-29T18:32:33.669+0200: 74.694: [ParNew: 596986K->25023K(613440K), 0.0126881 secs] 623947K->51984K(2029056K), 0.0127455 secs] [Times: user=0.13 sys=0.00, real=0.01 secs] 
2020-09-29T18:32:33.734+0200: 74.759: [GC (Allocation Failure) 2020-09-29T18:32:33.734+0200: 74.759: [ParNew: 570367K->42330K(613440K), 0.0177497 secs] 597328K->69291K(2029056K), 0.0178160 secs] [Times: user=0.11 sys=0.00, real=0.02 secs] 
2020-09-29T18:32:33.801+0200: 74.826: [GC (Allocation Failure) 2020-09-29T18:32:33.801+0200: 74.826: [ParNew: 587674K->58109K(613440K), 0.0207324 secs] 614635K->85070K(2029056K), 0.0207932 secs] [Times: user=0.13 sys=0.00, real=0.02 secs] 
2020-09-29T18:32:33.870+0200: 74.895: [GC (Allocation Failure) 2020-09-29T18:32:33.870+0200: 74.895: [ParNew: 603453K->46958K(613440K), 0.0193164 secs] 630414K->73919K(2029056K), 0.0193702 secs] [Times: user=0.13 sys=0.00, real=0.02 secs] 
2020-09-29T18:32:33.938+0200: 74.963: [GC (Allocation Failure) 2020-09-29T18:32:33.938+0200: 74.963: [ParNew: 592302K->43264K(613440K), 0.0143278 secs] 619263K->70225K(2029056K), 0.0143941 secs] [Times: user=0.13 sys=0.00, real=0.02 secs] 
2020-09-29T18:32:34.009+0200: 75.034: [GC (Allocation Failure) 2020-09-29T18:32:34.009+0200: 75.034: [ParNew: 588608K->39932K(613440K), 0.0190179 secs] 615569K->66893K(2029056K), 0.0190913 secs] [Times: user=0.13 sys=0.00, real=0.02 secs] 
2020-09-29T18:32:34.076+0200: 75.101: [GC (Allocation Failure) 2020-09-29T18:32:34.076+0200: 75.101: [ParNew: 585276K->50812K(613440K), 0.0256736 secs] 612237K->77773K(2029056K), 0.0257584 secs] [Times: user=0.25 sys=0.00, real=0.03 secs] 
2020-09-29T18:32:34.153+0200: 75.177: [GC (Allocation Failure) 2020-09-29T18:32:34.153+0200: 75.177: [ParNew: 596156K->39080K(613440K), 0.0226763 secs] 623117K->66041K(2029056K), 0.0227453 secs] [Times: user=0.13 sys=0.00, real=0.02 secs] 
2020-09-29T18:32:34.238+0200: 75.263: [GC (Allocation Failure) 2020-09-29T18:32:34.238+0200: 75.263: [ParNew: 584424K->34696K(613440K), 0.0233022 secs] 611385K->61657K(2029056K), 0.0233763 secs] [Times: user=0.20 sys=0.00, real=0.02 secs] 
2020-09-29T18:32:34.314+0200: 75.339: [GC (Allocation Failure) 2020-09-29T18:32:34.314+0200: 75.339: [ParNew: 580040K->31387K(613440K), 0.0223308 secs] 607001K->58348K(2029056K), 0.0223980 secs] [Times: user=0.25 sys=0.00, real=0.02 secs] 
2020-09-29T18:32:34.385+0200: 75.410: [GC (Allocation Failure) 2020-09-29T18:32:34.385+0200: 75.410: [ParNew: 576731K->53917K(613440K), 0.0275760 secs] 603692K->80878K(2029056K), 0.0276562 secs] [Times: user=0.25 sys=0.00, real=0.03 secs] 
2020-09-29T18:32:34.467+0200: 75.492: [GC (Allocation Failure) 2020-09-29T18:32:34.467+0200: 75.492: [ParNew: 599261K->35210K(613440K), 0.0171362 secs] 626222K->62171K(2029056K), 0.0172162 secs] [Times: user=0.11 sys=0.00, real=0.02 secs] 
2020-09-29T18:32:34.542+0200: 75.567: [GC (Allocation Failure) 2020-09-29T18:32:34.542+0200: 75.567: [ParNew: 580554K->50212K(613440K), 0.0311605 secs] 607515K->77173K(2029056K), 0.0312671 secs] [Times: user=0.25 sys=0.00, real=0.03 secs] 
2020-09-29T18:32:34.626+0200: 75.651: [GC (Allocation Failure) 2020-09-29T18:32:34.627+0200: 75.651: [ParNew: 595556K->35990K(613440K), 0.0258321 secs] 622517K->62951K(2029056K), 0.0259157 secs] [Times: user=0.22 sys=0.00, real=0.03 secs] 
2020-09-29T18:32:34.702+0200: 75.727: [GC (Allocation Failure) 2020-09-29T18:32:34.702+0200: 75.727: [ParNew: 581334K->37801K(613440K), 0.0211941 secs] 608295K->64762K(2029056K), 0.0212642 secs] [Times: user=0.25 sys=0.00, real=0.02 secs] 
2020-09-29T18:32:34.780+0200: 75.805: [GC (Allocation Failure) 2020-09-29T18:32:34.780+0200: 75.805: [ParNew: 583145K->55344K(613440K), 0.0270199 secs] 610106K->82305K(2029056K), 0.0271185 secs] [Times: user=0.25 sys=0.00, real=0.03 secs] 
2020-09-29T18:32:34.866+0200: 75.891: [GC (Allocation Failure) 2020-09-29T18:32:34.866+0200: 75.891: [ParNew: 600688K->60740K(613440K), 0.0272933 secs] 627649K->87701K(2029056K), 0.0273615 secs] [Times: user=0.13 sys=0.00, real=0.03 secs] 
2020-09-29T18:32:34.945+0200: 75.970: [GC (Allocation Failure) 2020-09-29T18:32:34.945+0200: 75.970: [ParNew: 606084K->48378K(613440K), 0.0248567 secs] 633045K->75339K(2029056K), 0.0249347 secs] [Times: user=0.13 sys=0.00, real=0.03 secs] 
2020-09-29T18:32:35.030+0200: 76.055: [GC (Allocation Failure) 2020-09-29T18:32:35.030+0200: 76.055: [ParNew: 593722K->35856K(613440K), 0.0165541 secs] 620683K->62817K(2029056K), 0.0166275 secs] [Times: user=0.13 sys=0.00, real=0.02 secs] 
2020-09-29T18:32:35.106+0200: 76.131: [GC (Allocation Failure) 2020-09-29T18:32:35.106+0200: 76.131: [ParNew: 581200K->53823K(613440K), 0.0312995 secs] 608161K->80784K(2029056K), 0.0313814 secs] [Times: user=0.25 sys=0.00, real=0.03 secs] 
2020-09-29T18:32:35.186+0200: 76.211: [GC (Allocation Failure) 2020-09-29T18:32:35.186+0200: 76.211: [ParNew: 599167K->68096K(613440K), 0.0295901 secs] 626128K->95056K(2029056K), 0.0296545 secs] [Times: user=0.25 sys=0.00, real=0.03 secs] 
2020-09-29T18:32:35.267+0200: 76.292: [GC (Allocation Failure) 2020-09-29T18:32:35.267+0200: 76.292: [ParNew: 613440K->46183K(613440K), 0.0218452 secs] 640400K->73143K(2029056K), 0.0219133 secs] [Times: user=0.25 sys=0.00, real=0.02 secs] 
2020-09-29T18:32:35.340+0200: 76.365: [GC (Allocation Failure) 2020-09-29T18:32:35.340+0200: 76.365: [ParNew: 591527K->45950K(613440K), 0.0299443 secs] 618487K->72911K(2029056K), 0.0300179 secs] [Times: user=0.23 sys=0.00, real=0.03 secs] 
2020-09-29T18:32:35.420+0200: 76.445: [GC (Allocation Failure) 2020-09-29T18:32:35.420+0200: 76.445: [ParNew: 591294K->38240K(613440K), 0.0216226 secs] 618255K->65201K(2029056K), 0.0216930 secs] [Times: user=0.22 sys=0.00, real=0.02 secs] 
2020-09-29T18:32:35.499+0200: 76.524: [GC (Allocation Failure) 2020-09-29T18:32:35.499+0200: 76.524: [ParNew: 583584K->52021K(613440K), 0.0259922 secs] 610545K->78982K(2029056K), 0.0260659 secs] [Times: user=0.25 sys=0.00, real=0.03 secs] 
2020-09-29T18:32:35.572+0200: 76.597: [GC (Allocation Failure) 2020-09-29T18:32:35.573+0200: 76.597: [ParNew: 597365K->65417K(613440K), 0.0321939 secs] 624326K->92378K(2029056K), 0.0322982 secs] [Times: user=0.25 sys=0.00, real=0.03 secs] 
2020-09-29T18:32:35.653+0200: 76.678: [GC (Allocation Failure) 2020-09-29T18:32:35.653+0200: 76.678: [ParNew: 610761K->65093K(613440K), 0.0308942 secs] 637722K->92053K(2029056K), 0.0309906 secs] [Times: user=0.25 sys=0.00, real=0.03 secs] 
2020-09-29T18:32:35.737+0200: 76.762: [GC (Allocation Failure) 2020-09-29T18:32:35.737+0200: 76.762: [ParNew: 610437K->50161K(613440K), 0.0223156 secs] 637397K->77122K(2029056K), 0.0223946 secs] [Times: user=0.25 sys=0.00, real=0.02 secs] 
2020-09-29T18:32:35.819+0200: 76.844: [GC (Allocation Failure) 2020-09-29T18:32:35.819+0200: 76.844: [ParNew: 595505K->48914K(613440K), 0.0292915 secs] 622466K->75875K(2029056K), 0.0293629 secs] [Times: user=0.25 sys=0.00, real=0.03 secs] 
2020-09-29T18:32:35.899+0200: 76.924: [GC (Allocation Failure) 2020-09-29T18:32:35.899+0200: 76.924: [ParNew: 594258K->55038K(613440K), 0.0280391 secs] 621219K->81999K(2029056K), 0.0282523 secs] [Times: user=0.25 sys=0.00, real=0.03 secs] 
2020-09-29T18:32:35.979+0200: 77.003: [GC (Allocation Failure) 2020-09-29T18:32:35.979+0200: 77.003: [ParNew: 600382K->44768K(613440K), 0.0266899 secs] 627343K->71729K(2029056K), 0.0267766 secs] [Times: user=0.25 sys=0.00, real=0.03 secs] 
2020-09-29T18:32:36.056+0200: 77.081: [GC (Allocation Failure) 2020-09-29T18:32:36.056+0200: 77.081: [ParNew: 590112K->42337K(613440K), 0.0254875 secs] 617073K->69298K(2029056K), 0.0255555 secs] [Times: user=0.13 sys=0.00, real=0.03 secs] 
2020-09-29T18:32:36.141+0200: 77.166: [GC (Allocation Failure) 2020-09-29T18:32:36.141+0200: 77.166: [ParNew: 587681K->43634K(613440K), 0.0229247 secs] 614642K->70595K(2029056K), 0.0230026 secs] [Times: user=0.25 sys=0.00, real=0.02 secs] 
2020-09-29T18:32:36.218+0200: 77.243: [GC (Allocation Failure) 2020-09-29T18:32:36.219+0200: 77.243: [ParNew: 588978K->64392K(613440K), 0.0302195 secs] 615939K->91353K(2029056K), 0.0303124 secs] [Times: user=0.25 sys=0.00, real=0.03 secs] 
2020-09-29T18:32:36.301+0200: 77.325: [GC (Allocation Failure) 2020-09-29T18:32:36.301+0200: 77.326: [ParNew: 609736K->46348K(613440K), 0.0283050 secs] 636697K->73309K(2029056K), 0.0284013 secs] [Times: user=0.13 sys=0.00, real=0.03 secs] 
2020-09-29T18:32:36.378+0200: 77.403: [GC (Allocation Failure) 2020-09-29T18:32:36.378+0200: 77.403: [ParNew: 591692K->46721K(613440K), 0.0276898 secs] 618653K->73681K(2029056K), 0.0278509 secs] [Times: user=0.25 sys=0.00, real=0.03 secs] 
2020-09-29T18:32:36.458+0200: 77.483: [GC (Allocation Failure) 2020-09-29T18:32:36.458+0200: 77.483: [ParNew: 592065K->68096K(613440K), 0.0342427 secs] 619025K->95056K(2029056K), 0.0343268 secs] [Times: user=0.25 sys=0.00, real=0.04 secs] 
2020-09-29T18:32:36.542+0200: 77.567: [GC (Allocation Failure) 2020-09-29T18:32:36.542+0200: 77.567: [ParNew: 613440K->58763K(613440K), 0.0259574 secs] 640400K->85724K(2029056K), 0.0260501 secs] [Times: user=0.25 sys=0.00, real=0.03 secs] 
2020-09-29T18:32:36.623+0200: 77.648: [GC (Allocation Failure) 2020-09-29T18:32:36.623+0200: 77.648: [ParNew: 604107K->46701K(613440K), 0.0262391 secs] 631068K->73662K(2029056K), 0.0263203 secs] [Times: user=0.23 sys=0.00, real=0.03 secs] 
2020-09-29T18:32:36.705+0200: 77.729: [GC (Allocation Failure) 2020-09-29T18:32:36.705+0200: 77.729: [ParNew: 592045K->37817K(613440K), 0.0160408 secs] 619006K->64778K(2029056K), 0.0161354 secs] [Times: user=0.11 sys=0.00, real=0.02 secs] 
2020-09-29T18:32:36.784+0200: 77.809: [GC (Allocation Failure) 2020-09-29T18:32:36.784+0200: 77.809: [ParNew: 583161K->39805K(613440K), 0.0228442 secs] 610122K->66766K(2029056K), 0.0229120 secs] [Times: user=0.25 sys=0.00, real=0.02 secs] 
2020-09-29T18:32:36.858+0200: 77.883: [GC (Allocation Failure) 2020-09-29T18:32:36.858+0200: 77.883: [ParNew: 585149K->43820K(613440K), 0.0240547 secs] 612110K->70780K(2029056K), 0.0241434 secs] [Times: user=0.22 sys=0.00, real=0.02 secs] 
2020-09-29T18:32:36.944+0200: 77.968: [GC (Allocation Failure) 2020-09-29T18:32:36.944+0200: 77.969: [ParNew: 589164K->54075K(613440K), 0.0286889 secs] 616124K->81036K(2029056K), 0.0287638 secs] [Times: user=0.14 sys=0.00, real=0.03 secs] 
2020-09-29T18:32:37.027+0200: 78.052: [GC (Allocation Failure) 2020-09-29T18:32:37.027+0200: 78.052: [ParNew: 599419K->38629K(613440K), 0.0196837 secs] 626380K->65590K(2029056K), 0.0197560 secs] [Times: user=0.13 sys=0.00, real=0.02 secs] 
2020-09-29T18:32:37.107+0200: 78.132: [GC (Allocation Failure) 2020-09-29T18:32:37.107+0200: 78.132: [ParNew: 583973K->40201K(613440K), 0.0250943 secs] 610934K->67162K(2029056K), 0.0251771 secs] [Times: user=0.25 sys=0.00, real=0.02 secs] 
2020-09-29T18:32:37.185+0200: 78.209: [GC (Allocation Failure) 2020-09-29T18:32:37.185+0200: 78.209: [ParNew: 585545K->53913K(613440K), 0.0247335 secs] 612506K->80873K(2029056K), 0.0248205 secs] [Times: user=0.25 sys=0.00, real=0.02 secs] 
2020-09-29T18:32:37.262+0200: 78.287: [GC (Allocation Failure) 2020-09-29T18:32:37.266+0200: 78.290: [ParNew: 599257K->58886K(613440K), 0.0294024 secs] 626217K->85847K(2029056K), 0.0323260 secs] [Times: user=0.25 sys=0.00, real=0.03 secs] 
2020-09-29T18:32:37.345+0200: 78.369: [GC (Allocation Failure) 2020-09-29T18:32:37.345+0200: 78.369: [ParNew: 604230K->45819K(613440K), 0.0213942 secs] 631191K->72780K(2029056K), 0.0214611 secs] [Times: user=0.25 sys=0.00, real=0.02 secs] 
2020-09-29T18:32:37.431+0200: 78.455: [GC (Allocation Failure) 2020-09-29T18:32:37.431+0200: 78.455: [ParNew: 591163K->54339K(613440K), 0.0306499 secs] 618124K->81300K(2029056K), 0.0307195 secs] [Times: user=0.24 sys=0.00, real=0.03 secs] 
2020-09-29T18:32:37.523+0200: 78.547: [GC (Allocation Failure) 2020-09-29T18:32:37.523+0200: 78.547: [ParNew: 599683K->38869K(613440K), 0.0210816 secs] 626644K->65830K(2029056K), 0.0211616 secs] [Times: user=0.13 sys=0.00, real=0.02 secs] 
2020-09-29T18:32:37.599+0200: 78.623: [GC (Allocation Failure) 2020-09-29T18:32:37.599+0200: 78.623: [ParNew: 584213K->55420K(613440K), 0.0276109 secs] 611174K->82381K(2029056K), 0.0276800 secs] [Times: user=0.11 sys=0.00, real=0.03 secs] 
2020-09-29T18:32:37.678+0200: 78.703: [GC (Allocation Failure) 2020-09-29T18:32:37.679+0200: 78.703: [ParNew: 600764K->64123K(613440K), 0.0323129 secs] 627725K->91084K(2029056K), 0.0324072 secs] [Times: user=0.25 sys=0.00, real=0.03 secs] 
2020-09-29T18:32:37.759+0200: 78.783: [GC (Allocation Failure) 2020-09-29T18:32:37.759+0200: 78.783: [ParNew: 609467K->48958K(613440K), 0.0245940 secs] 636428K->75919K(2029056K), 0.0246909 secs] [Times: user=0.13 sys=0.00, real=0.02 secs] 
2020-09-29T18:32:37.833+0200: 78.858: [GC (Allocation Failure) 2020-09-29T18:32:37.834+0200: 78.858: [ParNew: 594302K->42220K(613440K), 0.0234360 secs] 621263K->69180K(2029056K), 0.0235314 secs] [Times: user=0.13 sys=0.00, real=0.02 secs] 
2020-09-29T18:32:37.910+0200: 78.934: [GC (Allocation Failure) 2020-09-29T18:32:37.910+0200: 78.934: [ParNew: 587564K->36405K(613440K), 0.0223341 secs] 614524K->63366K(2029056K), 0.0224030 secs] [Times: user=0.25 sys=0.00, real=0.02 secs] 
2020-09-29T18:32:37.986+0200: 79.010: [GC (Allocation Failure) 2020-09-29T18:32:37.986+0200: 79.010: [ParNew: 581749K->35217K(613440K), 0.0200250 secs] 608710K->62178K(2029056K), 0.0201037 secs] [Times: user=0.25 sys=0.00, real=0.02 secs] 
2020-09-29T18:32:38.068+0200: 79.093: [GC (Allocation Failure) 2020-09-29T18:32:38.068+0200: 79.093: [ParNew: 580561K->56001K(613440K), 0.0330952 secs] 607522K->82962K(2029056K), 0.0331689 secs] [Times: user=0.25 sys=0.00, real=0.03 secs] 
2020-09-29T18:32:38.152+0200: 79.176: [GC (Allocation Failure) 2020-09-29T18:32:38.152+0200: 79.176: [ParNew: 601345K->43617K(613440K), 0.0168325 secs] 628306K->70577K(2029056K), 0.0169007 secs] [Times: user=0.13 sys=0.00, real=0.02 secs] 
2020-09-29T18:32:38.225+0200: 79.249: [GC (Allocation Failure) 2020-09-29T18:32:38.225+0200: 79.249: [ParNew: 588961K->42963K(613440K), 0.0233671 secs] 615921K->69924K(2029056K), 0.0234384 secs] [Times: user=0.13 sys=0.00, real=0.02 secs] 
2020-09-29T18:32:38.297+0200: 79.322: [GC (Allocation Failure) 2020-09-29T18:32:38.297+0200: 79.322: [ParNew: 588307K->60465K(613440K), 0.0287786 secs] 615268K->87426K(2029056K), 0.0288487 secs] [Times: user=0.25 sys=0.00, real=0.03 secs] 
2020-09-29T18:32:38.379+0200: 79.403: [GC (Allocation Failure) 2020-09-29T18:32:38.379+0200: 79.403: [ParNew: 605809K->47466K(613440K), 0.0281267 secs] 632770K->74427K(2029056K), 0.0282220 secs] [Times: user=0.24 sys=0.01, real=0.03 secs] 
2020-09-29T18:32:38.463+0200: 79.488: [GC (Allocation Failure) 2020-09-29T18:32:38.463+0200: 79.488: [ParNew: 592810K->47609K(613440K), 0.0292524 secs] 619771K->74569K(2029056K), 0.0293359 secs] [Times: user=0.25 sys=0.00, real=0.03 secs] 
2020-09-29T18:32:38.544+0200: 79.568: [GC (Allocation Failure) 2020-09-29T18:32:38.544+0200: 79.568: [ParNew: 592953K->44393K(613440K), 0.0274866 secs] 619913K->71354K(2029056K), 0.0275998 secs] [Times: user=0.25 sys=0.00, real=0.03 secs] 
2020-09-29T18:32:38.622+0200: 79.646: [GC (Allocation Failure) 2020-09-29T18:32:38.622+0200: 79.646: [ParNew: 589737K->33062K(613440K), 0.0187840 secs] 616698K->60023K(2029056K), 0.0270347 secs] [Times: user=0.11 sys=0.00, real=0.03 secs] 
2020-09-29T18:32:38.707+0200: 79.732: [GC (Allocation Failure) 2020-09-29T18:32:38.707+0200: 79.732: [ParNew: 578406K->34994K(613440K), 0.0244489 secs] 605367K->61955K(2029056K), 0.0245161 secs] [Times: user=0.14 sys=0.00, real=0.03 secs] 
2020-09-29T18:32:38.784+0200: 79.809: [GC (Allocation Failure) 2020-09-29T18:32:38.784+0200: 79.809: [ParNew: 580338K->33540K(613440K), 0.0215104 secs] 607299K->60501K(2029056K), 0.0215824 secs] [Times: user=0.25 sys=0.00, real=0.02 secs] 
2020-09-29T18:32:38.865+0200: 79.890: [GC (Allocation Failure) 2020-09-29T18:32:38.865+0200: 79.890: [ParNew: 578884K->31813K(613440K), 0.0214281 secs] 605845K->58774K(2029056K), 0.0215159 secs] [Times: user=0.13 sys=0.00, real=0.02 secs] 
2020-09-29T18:32:38.941+0200: 79.966: [GC (Allocation Failure) 2020-09-29T18:32:38.941+0200: 79.966: [ParNew: 577157K->32301K(613440K), 0.0196153 secs] 604118K->59262K(2029056K), 0.0197066 secs] [Times: user=0.25 sys=0.00, real=0.02 secs] 
2020-09-29T18:32:39.013+0200: 80.038: [GC (Allocation Failure) 2020-09-29T18:32:39.013+0200: 80.038: [ParNew: 577645K->28436K(613440K), 0.0177500 secs] 604606K->55397K(2029056K), 0.0178190 secs] [Times: user=0.13 sys=0.00, real=0.02 secs] 
2020-09-29T18:32:39.086+0200: 80.111: [GC (Allocation Failure) 2020-09-29T18:32:39.086+0200: 80.111: [ParNew: 573780K->44216K(613440K), 0.0282021 secs] 600741K->71177K(2029056K), 0.0282824 secs] [Times: user=0.25 sys=0.00, real=0.03 secs] 
2020-09-29T18:32:39.164+0200: 80.189: [GC (Allocation Failure) 2020-09-29T18:32:39.164+0200: 80.189: [ParNew: 589560K->39258K(613440K), 0.0254061 secs] 616521K->66219K(2029056K), 0.0254789 secs] [Times: user=0.13 sys=0.00, real=0.03 secs] 
2020-09-29T18:32:39.242+0200: 80.266: [GC (Allocation Failure) 2020-09-29T18:32:39.242+0200: 80.266: [ParNew: 584602K->57869K(613440K), 0.0334476 secs] 611563K->84830K(2029056K), 0.0335481 secs] [Times: user=0.25 sys=0.00, real=0.03 secs] 
2020-09-29T18:32:39.328+0200: 80.352: [GC (Allocation Failure) 2020-09-29T18:32:39.328+0200: 80.352: [ParNew: 603213K->67094K(613440K), 0.0340082 secs] 630174K->94055K(2029056K), 0.0340884 secs] [Times: user=0.23 sys=0.00, real=0.03 secs] 
2020-09-29T18:32:39.412+0200: 80.436: [GC (Allocation Failure) 2020-09-29T18:32:39.412+0200: 80.436: [ParNew: 612438K->28660K(613440K), 0.0224061 secs] 639399K->55621K(2029056K), 0.0224952 secs] [Times: user=0.11 sys=0.00, real=0.02 secs] 
2020-09-29T18:32:39.491+0200: 80.516: [GC (Allocation Failure) 2020-09-29T18:32:39.491+0200: 80.516: [ParNew: 574004K->50026K(613440K), 0.0297566 secs] 600965K->76986K(2029056K), 0.0298416 secs] [Times: user=0.25 sys=0.00, real=0.03 secs] 
2020-09-29T18:32:39.580+0200: 80.604: [GC (Allocation Failure) 2020-09-29T18:32:39.580+0200: 80.604: [ParNew: 595370K->39151K(613440K), 0.0271170 secs] 622330K->66112K(2029056K), 0.0271989 secs] [Times: user=0.25 sys=0.00, real=0.03 secs] 
2020-09-29T18:32:39.663+0200: 80.687: [GC (Allocation Failure) 2020-09-29T18:32:39.663+0200: 80.687: [ParNew: 584495K->59836K(613440K), 0.0352797 secs] 611456K->86797K(2029056K), 0.0353752 secs] [Times: user=0.25 sys=0.00, real=0.03 secs] 
2020-09-29T18:32:39.752+0200: 80.777: [GC (Allocation Failure) 2020-09-29T18:32:39.752+0200: 80.777: [ParNew: 605180K->45150K(613440K), 0.0263408 secs] 632141K->72111K(2029056K), 0.0264314 secs] [Times: user=0.25 sys=0.00, real=0.03 secs] 
2020-09-29T18:32:39.831+0200: 80.855: [GC (Allocation Failure) 2020-09-29T18:32:39.831+0200: 80.855: [ParNew: 590494K->61884K(613440K), 0.0348878 secs] 617455K->88845K(2029056K), 0.0349605 secs] [Times: user=0.38 sys=0.00, real=0.03 secs] 
2020-09-29T18:32:39.914+0200: 80.938: [GC (Allocation Failure) 2020-09-29T18:32:39.914+0200: 80.938: [ParNew: 607228K->43190K(613440K), 0.0242618 secs] 634189K->70151K(2029056K), 0.0243507 secs] [Times: user=0.13 sys=0.00, real=0.02 secs] 
2020-09-29T18:32:40.001+0200: 81.025: [GC (Allocation Failure) 2020-09-29T18:32:40.001+0200: 81.025: [ParNew: 588534K->42685K(613440K), 0.0307972 secs] 615495K->69645K(2029056K), 0.0308804 secs] [Times: user=0.25 sys=0.00, real=0.03 secs] 
2020-09-29T18:32:40.080+0200: 81.104: [GC (Allocation Failure) 2020-09-29T18:32:40.080+0200: 81.104: [ParNew: 588029K->61756K(613440K), 0.0307040 secs] 614989K->88717K(2029056K), 0.0307849 secs] [Times: user=0.25 sys=0.00, real=0.03 secs] 
2020-09-29T18:32:40.160+0200: 81.184: [GC (Allocation Failure) 2020-09-29T18:32:40.160+0200: 81.184: [ParNew: 607100K->65003K(613440K), 0.0376492 secs] 634061K->91964K(2029056K), 0.0377247 secs] [Times: user=0.38 sys=0.00, real=0.04 secs] 
2020-09-29T18:32:40.246+0200: 81.271: [GC (Allocation Failure) 2020-09-29T18:32:40.246+0200: 81.271: [ParNew: 610347K->51552K(613440K), 0.0282938 secs] 637308K->78513K(2029056K), 0.0283719 secs] [Times: user=0.25 sys=0.00, real=0.03 secs] 
2020-09-29T18:32:40.322+0200: 81.346: [GC (Allocation Failure) 2020-09-29T18:32:40.322+0200: 81.346: [ParNew: 596896K->42440K(613440K), 0.0273942 secs] 623857K->69400K(2029056K), 0.0274826 secs] [Times: user=0.25 sys=0.00, real=0.03 secs] 
2020-09-29T18:32:40.407+0200: 81.432: [GC (Allocation Failure) 2020-09-29T18:32:40.407+0200: 81.432: [ParNew: 587784K->38963K(613440K), 0.0264865 secs] 614744K->65924K(2029056K), 0.0265682 secs] [Times: user=0.22 sys=0.00, real=0.03 secs] 
2020-09-29T18:32:40.492+0200: 81.516: [GC (Allocation Failure) 2020-09-29T18:32:40.492+0200: 81.516: [ParNew: 584307K->59645K(613440K), 0.0310777 secs] 611268K->86606K(2029056K), 0.0311688 secs] [Times: user=0.25 sys=0.00, real=0.03 secs] 
2020-09-29T18:32:40.579+0200: 81.603: [GC (Allocation Failure) 2020-09-29T18:32:40.579+0200: 81.603: [ParNew: 604989K->39597K(613440K), 0.0228463 secs] 631950K->66558K(2029056K), 0.0229278 secs] [Times: user=0.25 sys=0.00, real=0.02 secs] 
2020-09-29T18:32:40.664+0200: 81.688: [GC (Allocation Failure) 2020-09-29T18:32:40.664+0200: 81.688: [ParNew: 584941K->24734K(613440K), 0.0196739 secs] 611902K->51695K(2029056K), 0.0197512 secs] [Times: user=0.13 sys=0.00, real=0.02 secs] 
2020-09-29T18:32:40.736+0200: 81.760: [GC (Allocation Failure) 2020-09-29T18:32:40.736+0200: 81.760: [ParNew: 570078K->36729K(613440K), 0.0268310 secs] 597039K->63690K(2029056K), 0.0269304 secs] [Times: user=0.25 sys=0.00, real=0.03 secs] 
2020-09-29T18:32:40.818+0200: 81.842: [GC (Allocation Failure) 2020-09-29T18:32:40.818+0200: 81.842: [ParNew: 582073K->54986K(613440K), 0.0351043 secs] 609034K->81947K(2029056K), 0.0351802 secs] [Times: user=0.25 sys=0.00, real=0.03 secs] 
2020-09-29T18:32:40.901+0200: 81.925: [GC (Allocation Failure) 2020-09-29T18:32:40.901+0200: 81.925: [ParNew: 600330K->66933K(613440K), 0.0334607 secs] 627291K->93894K(2029056K), 0.0335353 secs] [Times: user=0.25 sys=0.00, real=0.03 secs] 
2020-09-29T18:32:40.990+0200: 82.014: [GC (Allocation Failure) 2020-09-29T18:32:40.990+0200: 82.014: [ParNew: 612277K->50964K(613440K), 0.0347882 secs] 639238K->77924K(2029056K), 0.0348620 secs] [Times: user=0.25 sys=0.00, real=0.04 secs] 
2020-09-29T18:32:41.074+0200: 82.098: [GC (Allocation Failure) 2020-09-29T18:32:41.074+0200: 82.098: [ParNew: 596308K->42462K(613440K), 0.0142768 secs] 623268K->69422K(2029056K), 0.0143520 secs] [Times: user=0.13 sys=0.00, real=0.01 secs] 
2020-09-29T18:32:41.146+0200: 82.170: [GC (Allocation Failure) 2020-09-29T18:32:41.146+0200: 82.170: [ParNew: 587806K->43412K(613440K), 0.0310510 secs] 614766K->70373K(2029056K), 0.0311268 secs] [Times: user=0.25 sys=0.00, real=0.03 secs] 
2020-09-29T18:32:41.227+0200: 82.251: [GC (Allocation Failure) 2020-09-29T18:32:41.227+0200: 82.251: [ParNew: 588756K->56661K(613440K), 0.0299084 secs] 615717K->83622K(2029056K), 0.0300040 secs] [Times: user=0.25 sys=0.00, real=0.03 secs] 
2020-09-29T18:32:41.309+0200: 82.333: [GC (Allocation Failure) 2020-09-29T18:32:41.309+0200: 82.334: [ParNew: 602005K->39684K(613440K), 0.0202231 secs] 628966K->66645K(2029056K), 0.0202975 secs] [Times: user=0.13 sys=0.00, real=0.02 secs] 
2020-09-29T18:32:41.387+0200: 82.412: [GC (Allocation Failure) 2020-09-29T18:32:41.387+0200: 82.412: [ParNew: 585028K->35079K(613440K), 0.0270150 secs] 611989K->62040K(2029056K), 0.0271021 secs] [Times: user=0.25 sys=0.00, real=0.03 secs] 
2020-09-29T18:32:41.472+0200: 82.497: [GC (Allocation Failure) 2020-09-29T18:32:41.472+0200: 82.497: [ParNew: 580423K->52388K(613440K), 0.0360395 secs] 607384K->79349K(2029056K), 0.0361215 secs] [Times: user=0.38 sys=0.00, real=0.04 secs] 
2020-09-29T18:32:41.559+0200: 82.584: [GC (Allocation Failure) 2020-09-29T18:32:41.559+0200: 82.584: [ParNew: 597732K->41898K(613440K), 0.0224430 secs] 624693K->68859K(2029056K), 0.0225235 secs] [Times: user=0.14 sys=0.05, real=0.02 secs] 
2020-09-29T18:32:41.640+0200: 82.665: [GC (Allocation Failure) 2020-09-29T18:32:41.640+0200: 82.665: [ParNew: 587242K->41867K(613440K), 0.0306501 secs] 614203K->68827K(2029056K), 0.0307382 secs] [Times: user=0.25 sys=0.00, real=0.03 secs] 
2020-09-29T18:32:41.733+0200: 82.758: [GC (Allocation Failure) 2020-09-29T18:32:41.733+0200: 82.758: [ParNew: 587211K->39026K(613440K), 0.0282422 secs] 614171K->65987K(2029056K), 0.0283135 secs] [Times: user=0.25 sys=0.00, real=0.03 secs] 
2020-09-29T18:32:41.822+0200: 82.847: [GC (Allocation Failure) 2020-09-29T18:32:41.822+0200: 82.847: [ParNew: 584370K->67400K(613440K), 0.0362302 secs] 611331K->94361K(2029056K), 0.0363289 secs] [Times: user=0.25 sys=0.00, real=0.04 secs] 
2020-09-29T18:32:41.908+0200: 82.933: [GC (Allocation Failure) 2020-09-29T18:32:41.908+0200: 82.933: [ParNew: 612744K->57432K(613440K), 0.0354734 secs] 639705K->84393K(2029056K), 0.0355688 secs] [Times: user=0.38 sys=0.00, real=0.04 secs] 
2020-09-29T18:32:41.991+0200: 83.016: [GC (Allocation Failure) 2020-09-29T18:32:41.991+0200: 83.016: [ParNew: 602776K->45607K(613440K), 0.0258145 secs] 629737K->72568K(2029056K), 0.0258968 secs] [Times: user=0.13 sys=0.00, real=0.03 secs] 
2020-09-29T18:32:42.076+0200: 83.101: [GC (Allocation Failure) 2020-09-29T18:32:42.076+0200: 83.101: [ParNew: 590951K->38002K(613440K), 0.0240840 secs] 617912K->64963K(2029056K), 0.0241570 secs] [Times: user=0.25 sys=0.00, real=0.02 secs] 
2020-09-29T18:32:42.164+0200: 83.189: [GC (Allocation Failure) 2020-09-29T18:32:42.164+0200: 83.189: [ParNew: 583346K->57009K(613440K), 0.0326454 secs] 610307K->83970K(2029056K), 0.0327193 secs] [Times: user=0.25 sys=0.00, real=0.03 secs] 
2020-09-29T18:32:42.250+0200: 83.275: [GC (Allocation Failure) 2020-09-29T18:32:42.250+0200: 83.275: [ParNew: 602353K->40986K(613440K), 0.0220831 secs] 629314K->67947K(2029056K), 0.0221677 secs] [Times: user=0.25 sys=0.00, real=0.02 secs] 
2020-09-29T18:32:42.330+0200: 83.355: [GC (Allocation Failure) 2020-09-29T18:32:42.330+0200: 83.355: [ParNew: 586330K->36195K(613440K), 0.0197602 secs] 613291K->63156K(2029056K), 0.0198379 secs] [Times: user=0.25 sys=0.00, real=0.02 secs] 
2020-09-29T18:32:42.419+0200: 83.445: [GC (Allocation Failure) 2020-09-29T18:32:42.419+0200: 83.445: [ParNew: 581539K->24721K(613440K), 0.0194327 secs] 608500K->51682K(2029056K), 0.0195269 secs] [Times: user=0.11 sys=0.00, real=0.02 secs] 
2020-09-29T18:32:42.501+0200: 83.526: [GC (Allocation Failure) 2020-09-29T18:32:42.501+0200: 83.526: [ParNew: 570065K->50741K(613440K), 0.0353781 secs] 597026K->77702K(2029056K), 0.0354583 secs] [Times: user=0.36 sys=0.00, real=0.04 secs] 
2020-09-29T18:32:42.587+0200: 83.613: [GC (Allocation Failure) 2020-09-29T18:32:42.588+0200: 83.613: [ParNew: 596085K->68096K(613440K), 0.0352529 secs] 623046K->95056K(2029056K), 0.0353376 secs] [Times: user=0.25 sys=0.00, real=0.04 secs] 
2020-09-29T18:32:42.675+0200: 83.700: [GC (Allocation Failure) 2020-09-29T18:32:42.675+0200: 83.700: [ParNew: 613440K->49158K(613440K), 0.0242705 secs] 640400K->76119K(2029056K), 0.0243607 secs] [Times: user=0.25 sys=0.00, real=0.02 secs] 
2020-09-29T18:32:42.754+0200: 83.780: [GC (Allocation Failure) 2020-09-29T18:32:42.754+0200: 83.780: [ParNew: 594502K->65948K(613440K), 0.0399624 secs] 621463K->92908K(2029056K), 0.0400588 secs] [Times: user=0.25 sys=0.00, real=0.04 secs] 
2020-09-29T18:32:42.842+0200: 83.868: [GC (Allocation Failure) 2020-09-29T18:32:42.842+0200: 83.868: [ParNew: 611292K->57591K(613440K), 0.0315831 secs] 638252K->84552K(2029056K), 0.0316752 secs] [Times: user=0.25 sys=0.00, real=0.03 secs] 
2020-09-29T18:32:42.928+0200: 83.953: [GC (Allocation Failure) 2020-09-29T18:32:42.928+0200: 83.953: [ParNew: 602935K->41559K(613440K), 0.0201019 secs] 629896K->68520K(2029056K), 0.0201731 secs] [Times: user=0.13 sys=0.00, real=0.02 secs] 
2020-09-29T18:32:43.004+0200: 84.029: [GC (Allocation Failure) 2020-09-29T18:32:43.004+0200: 84.029: [ParNew: 586903K->40957K(613440K), 0.0285966 secs] 613864K->67917K(2029056K), 0.0286738 secs] [Times: user=0.13 sys=0.00, real=0.03 secs] 
2020-09-29T18:32:43.100+0200: 84.125: [GC (Allocation Failure) 2020-09-29T18:32:43.100+0200: 84.125: [ParNew: 586301K->56583K(613440K), 0.0358078 secs] 613261K->83544K(2029056K), 0.0358805 secs] [Times: user=0.25 sys=0.00, real=0.04 secs] 
2020-09-29T18:32:43.185+0200: 84.210: [GC (Allocation Failure) 2020-09-29T18:32:43.185+0200: 84.210: [ParNew: 601927K->68096K(613440K), 0.0355893 secs] 628888K->95107K(2029056K), 0.0356660 secs] [Times: user=0.25 sys=0.00, real=0.04 secs] 
2020-09-29T18:32:43.268+0200: 84.293: [GC (Allocation Failure) 2020-09-29T18:32:43.268+0200: 84.293: [ParNew: 613440K->54513K(613440K), 0.0333699 secs] 640451K->81525K(2029056K), 0.0334435 secs] [Times: user=0.38 sys=0.00, real=0.03 secs] 
2020-09-29T18:32:43.358+0200: 84.383: [GC (Allocation Failure) 2020-09-29T18:32:43.358+0200: 84.383: [ParNew: 599857K->47696K(613440K), 0.0272323 secs] 626869K->74708K(2029056K), 0.0273279 secs] [Times: user=0.22 sys=0.00, real=0.03 secs] 
2020-09-29T18:32:43.443+0200: 84.468: [GC (Allocation Failure) 2020-09-29T18:32:43.443+0200: 84.468: [ParNew: 593040K->29837K(613440K), 0.0223070 secs] 620052K->56849K(2029056K), 0.0223972 secs] [Times: user=0.13 sys=0.00, real=0.02 secs] 
2020-09-29T18:32:43.525+0200: 84.550: [GC (Allocation Failure) 2020-09-29T18:32:43.525+0200: 84.550: [ParNew: 575181K->30256K(613440K), 0.0224836 secs] 602193K->57268K(2029056K), 0.0225576 secs] [Times: user=0.13 sys=0.00, real=0.02 secs] 
2020-09-29T18:32:43.611+0200: 84.636: [GC (Allocation Failure) 2020-09-29T18:32:43.611+0200: 84.636: [ParNew: 575600K->50955K(613440K), 0.0295326 secs] 602612K->77967K(2029056K), 0.0296165 secs] [Times: user=0.23 sys=0.00, real=0.03 secs] 
2020-09-29T18:32:43.699+0200: 84.724: [GC (Allocation Failure) 2020-09-29T18:32:43.699+0200: 84.724: [ParNew: 596299K->40691K(613440K), 0.0290242 secs] 623311K->67702K(2029056K), 0.0291173 secs] [Times: user=0.25 sys=0.00, real=0.03 secs] 
2020-09-29T18:32:43.779+0200: 84.804: [GC (Allocation Failure) 2020-09-29T18:32:43.779+0200: 84.804: [ParNew: 586035K->36485K(613440K), 0.0198163 secs] 613046K->63497K(2029056K), 0.0198908 secs] [Times: user=0.13 sys=0.00, real=0.02 secs] 
2020-09-29T18:32:43.855+0200: 84.880: [GC (Allocation Failure) 2020-09-29T18:32:43.855+0200: 84.880: [ParNew: 581829K->19052K(613440K), 0.0173690 secs] 608841K->46064K(2029056K), 0.0174518 secs] [Times: user=0.13 sys=0.00, real=0.02 secs] 
2020-09-29T18:32:43.941+0200: 84.966: [GC (Allocation Failure) 2020-09-29T18:32:43.941+0200: 84.966: [ParNew: 564396K->35589K(613440K), 0.0256773 secs] 591408K->62601K(2029056K), 0.0257514 secs] [Times: user=0.25 sys=0.00, real=0.03 secs] 
2020-09-29T18:32:44.027+0200: 85.052: [GC (Allocation Failure) 2020-09-29T18:32:44.027+0200: 85.052: [ParNew: 580933K->29682K(613440K), 0.0246212 secs] 607945K->56694K(2029056K), 0.0246954 secs] [Times: user=0.25 sys=0.00, real=0.02 secs] 
2020-09-29T18:32:44.104+0200: 85.129: [GC (Allocation Failure) 2020-09-29T18:32:44.104+0200: 85.129: [ParNew: 575026K->28969K(613440K), 0.0155471 secs] 602038K->55981K(2029056K), 0.0156053 secs] [Times: user=0.13 sys=0.00, real=0.01 secs] 
2020-09-29T18:32:44.167+0200: 85.192: [GC (Allocation Failure) 2020-09-29T18:32:44.167+0200: 85.192: [ParNew: 574313K->49540K(613440K), 0.0186539 secs] 601325K->76552K(2029056K), 0.0187099 secs] [Times: user=0.13 sys=0.00, real=0.02 secs] 
2020-09-29T18:32:44.232+0200: 85.257: [GC (Allocation Failure) 2020-09-29T18:32:44.232+0200: 85.257: [ParNew: 594884K->35781K(613440K), 0.0130062 secs] 621896K->62793K(2029056K), 0.0130614 secs] [Times: user=0.13 sys=0.00, real=0.01 secs] 
2020-09-29T18:32:44.291+0200: 85.316: [GC (Allocation Failure) 2020-09-29T18:32:44.291+0200: 85.316: [ParNew: 581125K->19884K(613440K), 0.0096280 secs] 608137K->46896K(2029056K), 0.0096816 secs] [Times: user=0.13 sys=0.00, real=0.01 secs] 
2020-09-29T18:32:44.348+0200: 85.374: [GC (Allocation Failure) 2020-09-29T18:32:44.348+0200: 85.374: [ParNew: 565228K->27280K(613440K), 0.0142541 secs] 592240K->54292K(2029056K), 0.0143093 secs] [Times: user=0.00 sys=0.00, real=0.01 secs] 
2020-09-29T18:32:44.417+0200: 85.442: [GC (Allocation Failure) 2020-09-29T18:32:44.417+0200: 85.442: [ParNew: 572624K->49682K(613440K), 0.0221612 secs] 599636K->76694K(2029056K), 0.0222307 secs] [Times: user=0.11 sys=0.00, real=0.02 secs] 
2020-09-29T18:32:44.489+0200: 85.514: [GC (Allocation Failure) 2020-09-29T18:32:44.489+0200: 85.514: [ParNew: 595026K->33730K(613440K), 0.0132483 secs] 622038K->60742K(2029056K), 0.0133042 secs] [Times: user=0.00 sys=0.00, real=0.01 secs] 
2020-09-29T18:32:44.552+0200: 85.578: [GC (Allocation Failure) 2020-09-29T18:32:44.552+0200: 85.578: [ParNew: 579074K->26579K(613440K), 0.0119172 secs] 606086K->53591K(2029056K), 0.0119787 secs] [Times: user=0.00 sys=0.00, real=0.01 secs] 
2020-09-29T18:32:44.615+0200: 85.640: [GC (Allocation Failure) 2020-09-29T18:32:44.615+0200: 85.640: [ParNew: 571923K->40154K(613440K), 0.0160295 secs] 598935K->67166K(2029056K), 0.0160976 secs] [Times: user=0.13 sys=0.00, real=0.02 secs] 
2020-09-29T18:32:44.679+0200: 85.704: [GC (Allocation Failure) 2020-09-29T18:32:44.679+0200: 85.704: [ParNew: 585498K->32177K(613440K), 0.0150844 secs] 612510K->59189K(2029056K), 0.0151392 secs] [Times: user=0.13 sys=0.00, real=0.02 secs] 
2020-09-29T18:32:44.742+0200: 85.767: [GC (Allocation Failure) 2020-09-29T18:32:44.742+0200: 85.767: [ParNew: 577521K->35231K(613440K), 0.0143522 secs] 604533K->62243K(2029056K), 0.0144059 secs] [Times: user=0.13 sys=0.00, real=0.01 secs] 
2020-09-29T18:32:44.803+0200: 85.828: [GC (Allocation Failure) 2020-09-29T18:32:44.803+0200: 85.828: [ParNew: 580575K->31981K(613440K), 0.0127343 secs] 607587K->58993K(2029056K), 0.0128425 secs] [Times: user=0.00 sys=0.00, real=0.01 secs] 
2020-09-29T18:32:44.867+0200: 85.892: [GC (Allocation Failure) 2020-09-29T18:32:44.867+0200: 85.893: [ParNew: 577325K->27143K(613440K), 0.0128316 secs] 604337K->54155K(2029056K), 0.0128866 secs] [Times: user=0.13 sys=0.00, real=0.01 secs] 
2020-09-29T18:32:44.931+0200: 85.956: [GC (Allocation Failure) 2020-09-29T18:32:44.931+0200: 85.956: [ParNew: 572487K->44156K(613440K), 0.0174216 secs] 599499K->71167K(2029056K), 0.0174747 secs] [Times: user=0.13 sys=0.00, real=0.02 secs] 
2020-09-29T18:32:44.999+0200: 86.025: [GC (Allocation Failure) 2020-09-29T18:32:45.000+0200: 86.025: [ParNew: 589500K->33984K(613440K), 0.0161056 secs] 616511K->60996K(2029056K), 0.0161749 secs] [Times: user=0.13 sys=0.00, real=0.02 secs] 
2020-09-29T18:32:45.064+0200: 86.089: [GC (Allocation Failure) 2020-09-29T18:32:45.064+0200: 86.089: [ParNew: 579328K->58996K(613440K), 0.0212002 secs] 606340K->86008K(2029056K), 0.0212897 secs] [Times: user=0.25 sys=0.00, real=0.02 secs] 
2020-09-29T18:32:45.135+0200: 86.160: [GC (Allocation Failure) 2020-09-29T18:32:45.135+0200: 86.160: [ParNew: 604340K->45626K(613440K), 0.0146485 secs] 631352K->72638K(2029056K), 0.0147311 secs] [Times: user=0.13 sys=0.00, real=0.02 secs] 
2020-09-29T18:32:45.199+0200: 86.224: [GC (Allocation Failure) 2020-09-29T18:32:45.199+0200: 86.224: [ParNew: 590970K->43248K(613440K), 0.0145521 secs] 617982K->70259K(2029056K), 0.0146071 secs] [Times: user=0.13 sys=0.00, real=0.02 secs] 
2020-09-29T18:32:45.265+0200: 86.290: [GC (Allocation Failure) 2020-09-29T18:32:45.265+0200: 86.290: [ParNew: 588592K->28565K(613440K), 0.0154722 secs] 615603K->55577K(2029056K), 0.0155432 secs] [Times: user=0.13 sys=0.00, real=0.02 secs] 
2020-09-29T18:32:45.327+0200: 86.352: [GC (Allocation Failure) 2020-09-29T18:32:45.327+0200: 86.352: [ParNew: 573909K->27151K(613440K), 0.0133424 secs] 600921K->54163K(2029056K), 0.0133977 secs] [Times: user=0.13 sys=0.00, real=0.01 secs] 
2020-09-29T18:32:45.394+0200: 86.419: [GC (Allocation Failure) 2020-09-29T18:32:45.394+0200: 86.419: [ParNew: 572495K->23818K(613440K), 0.0126174 secs] 599507K->50829K(2029056K), 0.0126935 secs] [Times: user=0.13 sys=0.00, real=0.01 secs] 
2020-09-29T18:32:45.457+0200: 86.482: [GC (Allocation Failure) 2020-09-29T18:32:45.457+0200: 86.482: [ParNew: 569162K->22186K(613440K), 0.0129921 secs] 596173K->49198K(2029056K), 0.0130504 secs] [Times: user=0.00 sys=0.00, real=0.01 secs] 
2020-09-29T18:32:45.524+0200: 86.549: [GC (Allocation Failure) 2020-09-29T18:32:45.524+0200: 86.549: [ParNew: 567530K->21664K(613440K), 0.0110544 secs] 594542K->48676K(2029056K), 0.0111078 secs] [Times: user=0.00 sys=0.02, real=0.01 secs] 
2020-09-29T18:32:45.594+0200: 86.619: [GC (Allocation Failure) 2020-09-29T18:32:45.594+0200: 86.619: [ParNew: 567008K->18866K(613440K), 0.0093805 secs] 594020K->45878K(2029056K), 0.0094390 secs] [Times: user=0.13 sys=0.00, real=0.01 secs] 
2020-09-29T18:32:45.659+0200: 86.684: [GC (Allocation Failure) 2020-09-29T18:32:45.659+0200: 86.684: [ParNew: 564210K->15439K(613440K), 0.0085289 secs] 591222K->42451K(2029056K), 0.0085880 secs] [Times: user=0.13 sys=0.00, real=0.01 secs] 
2020-09-29T18:32:45.715+0200: 86.740: [GC (Allocation Failure) 2020-09-29T18:32:45.715+0200: 86.740: [ParNew: 560783K->28532K(613440K), 0.0136753 secs] 587795K->55544K(2029056K), 0.0137334 secs] [Times: user=0.13 sys=0.00, real=0.01 secs] 
2020-09-29T18:32:45.782+0200: 86.807: [GC (Allocation Failure) 2020-09-29T18:32:45.782+0200: 86.807: [ParNew: 573876K->38231K(613440K), 0.0196716 secs] 600888K->65243K(2029056K), 0.0197263 secs] [Times: user=0.25 sys=0.00, real=0.02 secs] 
2020-09-29T18:32:45.849+0200: 86.874: [GC (Allocation Failure) 2020-09-29T18:32:45.849+0200: 86.874: [ParNew: 583575K->54425K(613440K), 0.0195083 secs] 610587K->81437K(2029056K), 0.0195836 secs] [Times: user=0.13 sys=0.00, real=0.02 secs] 
2020-09-29T18:32:45.913+0200: 86.938: [GC (Allocation Failure) 2020-09-29T18:32:45.913+0200: 86.938: [ParNew: 599769K->32849K(613440K), 0.0127059 secs] 626781K->59860K(2029056K), 0.0127751 secs] [Times: user=0.00 sys=0.00, real=0.01 secs] 
2020-09-29T18:32:45.970+0200: 86.996: [GC (Allocation Failure) 2020-09-29T18:32:45.970+0200: 86.996: [ParNew: 578193K->20338K(613440K), 0.0107311 secs] 605204K->47350K(2029056K), 0.0107879 secs] [Times: user=0.13 sys=0.00, real=0.01 secs] 
2020-09-29T18:32:46.034+0200: 87.060: [GC (Allocation Failure) 2020-09-29T18:32:46.034+0200: 87.060: [ParNew: 565682K->16954K(613440K), 0.0116775 secs] 592694K->43966K(2029056K), 0.0117346 secs] [Times: user=0.03 sys=0.00, real=0.01 secs] 
2020-09-29T18:32:46.096+0200: 87.122: [GC (Allocation Failure) 2020-09-29T18:32:46.096+0200: 87.122: [ParNew: 562298K->13926K(613440K), 0.0112899 secs] 589310K->40937K(2029056K), 0.0113446 secs] [Times: user=0.13 sys=0.00, real=0.01 secs] 
2020-09-29T18:32:46.152+0200: 87.177: [GC (Allocation Failure) 2020-09-29T18:32:46.152+0200: 87.177: [ParNew: 559270K->28954K(613440K), 0.0150373 secs] 586281K->55966K(2029056K), 0.0151110 secs] [Times: user=0.13 sys=0.00, real=0.02 secs] 
2020-09-29T18:32:46.213+0200: 87.238: [GC (Allocation Failure) 2020-09-29T18:32:46.213+0200: 87.238: [ParNew: 574298K->39135K(613440K), 0.0149136 secs] 601310K->66147K(2029056K), 0.0149687 secs] [Times: user=0.13 sys=0.00, real=0.01 secs] 
2020-09-29T18:32:46.275+0200: 87.300: [GC (Allocation Failure) 2020-09-29T18:32:46.275+0200: 87.300: [ParNew: 584479K->15592K(613440K), 0.0063575 secs] 611491K->42604K(2029056K), 0.0064134 secs] [Times: user=0.00 sys=0.00, real=0.01 secs] 
2020-09-29T18:32:46.343+0200: 87.368: [GC (Allocation Failure) 2020-09-29T18:32:46.343+0200: 87.368: [ParNew: 560936K->20317K(613440K), 0.0119718 secs] 587948K->47329K(2029056K), 0.0120298 secs] [Times: user=0.13 sys=0.00, real=0.01 secs] 
2020-09-29T18:32:46.411+0200: 87.436: [GC (Allocation Failure) 2020-09-29T18:32:46.411+0200: 87.436: [ParNew: 565661K->25583K(613440K), 0.0129342 secs] 592673K->52595K(2029056K), 0.0129938 secs] [Times: user=0.00 sys=0.00, real=0.01 secs] 
2020-09-29T18:32:46.471+0200: 87.497: [GC (Allocation Failure) 2020-09-29T18:32:46.471+0200: 87.497: [ParNew: 570927K->18725K(613440K), 0.0106225 secs] 597939K->45737K(2029056K), 0.0106973 secs] [Times: user=0.13 sys=0.00, real=0.01 secs] 
2020-09-29T18:32:46.538+0200: 87.563: [GC (Allocation Failure) 2020-09-29T18:32:46.538+0200: 87.563: [ParNew: 564069K->14873K(613440K), 0.0092140 secs] 591081K->41884K(2029056K), 0.0092678 secs] [Times: user=0.00 sys=0.00, real=0.01 secs] 
2020-09-29T18:32:46.598+0200: 87.623: [GC (Allocation Failure) 2020-09-29T18:32:46.598+0200: 87.623: [ParNew: 560217K->32117K(613440K), 0.0166566 secs] 587228K->59129K(2029056K), 0.0167193 secs] [Times: user=0.11 sys=0.00, real=0.02 secs] 
2020-09-29T18:32:46.658+0200: 87.684: [GC (Allocation Failure) 2020-09-29T18:32:46.658+0200: 87.684: [ParNew: 577461K->25094K(613440K), 0.0073082 secs] 604473K->52106K(2029056K), 0.0073645 secs] [Times: user=0.13 sys=0.00, real=0.01 secs] 
2020-09-29T18:32:46.713+0200: 87.738: [GC (Allocation Failure) 2020-09-29T18:32:46.713+0200: 87.738: [ParNew: 570438K->39793K(613440K), 0.0194394 secs] 597450K->66805K(2029056K), 0.0194988 secs] [Times: user=0.13 sys=0.00, real=0.02 secs] 
2020-09-29T18:32:46.778+0200: 87.803: [GC (Allocation Failure) 2020-09-29T18:32:46.778+0200: 87.803: [ParNew: 585137K->26482K(613440K), 0.0071995 secs] 612149K->53494K(2029056K), 0.0072592 secs] [Times: user=0.11 sys=0.00, real=0.01 secs] 
2020-09-29T18:32:46.833+0200: 87.857: [GC (Allocation Failure) 2020-09-29T18:32:46.833+0200: 87.857: [ParNew: 571826K->23888K(613440K), 0.0124714 secs] 598838K->50900K(2029056K), 0.0125306 secs] [Times: user=0.00 sys=0.00, real=0.01 secs] 
2020-09-29T18:32:46.892+0200: 87.916: [GC (Allocation Failure) 2020-09-29T18:32:46.892+0200: 87.916: [ParNew: 569232K->14442K(613440K), 0.0113583 secs] 596244K->41454K(2029056K), 0.0114210 secs] [Times: user=0.13 sys=0.00, real=0.01 secs] 
2020-09-29T18:32:46.947+0200: 87.971: [GC (Allocation Failure) 2020-09-29T18:32:46.947+0200: 87.971: [ParNew: 559786K->12103K(613440K), 0.0097154 secs] 586798K->39115K(2029056K), 0.0097731 secs] [Times: user=0.00 sys=0.00, real=0.01 secs] 
2020-09-29T18:32:47.008+0200: 88.033: [GC (Allocation Failure) 2020-09-29T18:32:47.008+0200: 88.033: [ParNew: 557447K->42689K(613440K), 0.0196785 secs] 584459K->69701K(2029056K), 0.0197709 secs] [Times: user=0.13 sys=0.00, real=0.02 secs] 
2020-09-29T18:32:47.072+0200: 88.096: [GC (Allocation Failure) 2020-09-29T18:32:47.072+0200: 88.096: [ParNew: 588033K->33247K(613440K), 0.0128405 secs] 615045K->60259K(2029056K), 0.0128967 secs] [Times: user=0.13 sys=0.00, real=0.01 secs] 
2020-09-29T18:32:47.134+0200: 88.159: [GC (Allocation Failure) 2020-09-29T18:32:47.135+0200: 88.159: [ParNew: 578591K->26986K(613440K), 0.0130475 secs] 605603K->53998K(2029056K), 0.0131085 secs] [Times: user=0.13 sys=0.00, real=0.01 secs] 
2020-09-29T18:32:47.205+0200: 88.229: [GC (Allocation Failure) 2020-09-29T18:32:47.205+0200: 88.229: [ParNew: 572330K->39457K(613440K), 0.0189723 secs] 599342K->66468K(2029056K), 0.0190540 secs] [Times: user=0.23 sys=0.00, real=0.02 secs] 
2020-09-29T18:32:47.273+0200: 88.297: [GC (Allocation Failure) 2020-09-29T18:32:47.273+0200: 88.297: [ParNew: 584801K->29904K(613440K), 0.0111120 secs] 611812K->56916K(2029056K), 0.0111682 secs] [Times: user=0.00 sys=0.00, real=0.01 secs] 
2020-09-29T18:32:47.328+0200: 88.352: [GC (Allocation Failure) 2020-09-29T18:32:47.328+0200: 88.353: [ParNew: 575248K->16968K(613440K), 0.0089741 secs] 602260K->43980K(2029056K), 0.0090632 secs] [Times: user=0.13 sys=0.00, real=0.01 secs] 
2020-09-29T18:32:47.399+0200: 88.424: [GC (Allocation Failure) 2020-09-29T18:32:47.399+0200: 88.424: [ParNew: 562312K->28106K(613440K), 0.0188430 secs] 589324K->55118K(2029056K), 0.0189151 secs] [Times: user=0.11 sys=0.00, real=0.02 secs] 
2020-09-29T18:32:47.465+0200: 88.490: [GC (Allocation Failure) 2020-09-29T18:32:47.465+0200: 88.490: [ParNew: 573450K->19020K(613440K), 0.0090921 secs] 600462K->46032K(2029056K), 0.0091538 secs] [Times: user=0.11 sys=0.00, real=0.01 secs] 
2020-09-29T18:32:47.526+0200: 88.551: [GC (Allocation Failure) 2020-09-29T18:32:47.526+0200: 88.551: [ParNew: 564364K->27330K(613440K), 0.0125743 secs] 591376K->54342K(2029056K), 0.0126292 secs] [Times: user=0.13 sys=0.00, real=0.01 secs] 
2020-09-29T18:32:47.592+0200: 88.616: [GC (Allocation Failure) 2020-09-29T18:32:47.592+0200: 88.616: [ParNew: 572674K->28081K(613440K), 0.0146939 secs] 599686K->55092K(2029056K), 0.0147549 secs] [Times: user=0.11 sys=0.00, real=0.02 secs] 
2020-09-29T18:32:47.660+0200: 88.685: [GC (Allocation Failure) 2020-09-29T18:32:47.660+0200: 88.685: [ParNew: 573425K->36365K(613440K), 0.0185247 secs] 600436K->63376K(2029056K), 0.0186031 secs] [Times: user=0.25 sys=0.00, real=0.02 secs] 
2020-09-29T18:32:47.731+0200: 88.756: [GC (Allocation Failure) 2020-09-29T18:32:47.731+0200: 88.756: [ParNew: 581709K->50327K(613440K), 0.0177026 secs] 608720K->77339K(2029056K), 0.0177739 secs] [Times: user=0.13 sys=0.00, real=0.02 secs] 
2020-09-29T18:32:47.804+0200: 88.829: [GC (Allocation Failure) 2020-09-29T18:32:47.804+0200: 88.829: [ParNew: 595671K->33264K(613440K), 0.0187954 secs] 622683K->60276K(2029056K), 0.0188793 secs] [Times: user=0.11 sys=0.00, real=0.02 secs] 
2020-09-29T18:32:47.879+0200: 88.904: [GC (Allocation Failure) 2020-09-29T18:32:47.879+0200: 88.904: [ParNew: 578608K->28278K(613440K), 0.0170416 secs] 605620K->55290K(2029056K), 0.0171086 secs] [Times: user=0.13 sys=0.00, real=0.02 secs] 
2020-09-29T18:32:47.948+0200: 88.973: [GC (Allocation Failure) 2020-09-29T18:32:47.948+0200: 88.973: [ParNew: 573622K->28074K(613440K), 0.0156882 secs] 600634K->55085K(2029056K), 0.0157547 secs] [Times: user=0.13 sys=0.00, real=0.02 secs] 
2020-09-29T18:32:48.012+0200: 89.037: [GC (Allocation Failure) 2020-09-29T18:32:48.012+0200: 89.037: [ParNew: 573418K->25390K(613440K), 0.0087860 secs] 600429K->52402K(2029056K), 0.0088436 secs] [Times: user=0.13 sys=0.00, real=0.01 secs] 
2020-09-29T18:32:48.086+0200: 89.111: [GC (Allocation Failure) 2020-09-29T18:32:48.086+0200: 89.111: [ParNew: 570734K->26645K(613440K), 0.0132126 secs] 597746K->53657K(2029056K), 0.0132996 secs] [Times: user=0.13 sys=0.00, real=0.01 secs] 
2020-09-29T18:32:48.157+0200: 89.182: [GC (Allocation Failure) 2020-09-29T18:32:48.157+0200: 89.182: [ParNew: 571989K->33887K(613440K), 0.0134597 secs] 599001K->60899K(2029056K), 0.0135168 secs] [Times: user=0.13 sys=0.00, real=0.01 secs] 
2020-09-29T18:32:48.217+0200: 89.242: [GC (Allocation Failure) 2020-09-29T18:32:48.217+0200: 89.242: [ParNew: 579231K->6169K(613440K), 0.0051387 secs] 606243K->33181K(2029056K), 0.0051987 secs] [Times: user=0.00 sys=0.00, real=0.00 secs] 
2020-09-29T18:32:48.266+0200: 89.291: [GC (Allocation Failure) 2020-09-29T18:32:48.266+0200: 89.292: [ParNew: 551513K->565K(613440K), 0.0014224 secs] 578525K->27577K(2029056K), 0.0014749 secs] [Times: user=0.00 sys=0.00, real=0.00 secs] 
2020-09-29T18:32:48.315+0200: 89.340: [GC (Allocation Failure) 2020-09-29T18:32:48.315+0200: 89.340: [ParNew: 545909K->11501K(613440K), 0.0105479 secs] 572921K->38513K(2029056K), 0.0106307 secs] [Times: user=0.13 sys=0.00, real=0.01 secs] 
2020-09-29T18:32:48.381+0200: 89.405: [GC (Allocation Failure) 2020-09-29T18:32:48.381+0200: 89.405: [ParNew: 556845K->25463K(613440K), 0.0164515 secs] 583857K->52475K(2029056K), 0.0165336 secs] [Times: user=0.11 sys=0.00, real=0.02 secs] 
2020-09-29T18:32:48.452+0200: 89.477: [GC (Allocation Failure) 2020-09-29T18:32:48.452+0200: 89.477: [ParNew: 570807K->36969K(613440K), 0.0151929 secs] 597819K->63981K(2029056K), 0.0152671 secs] [Times: user=0.13 sys=0.00, real=0.02 secs] 
2020-09-29T18:32:48.514+0200: 89.538: [GC (Allocation Failure) 2020-09-29T18:32:48.514+0200: 89.538: [ParNew: 582313K->27141K(613440K), 0.0130079 secs] 609325K->54153K(2029056K), 0.0130669 secs] [Times: user=0.13 sys=0.00, real=0.01 secs] 
2020-09-29T18:32:48.577+0200: 89.601: [GC (Allocation Failure) 2020-09-29T18:32:48.577+0200: 89.602: [ParNew: 572485K->26833K(613440K), 0.0128532 secs] 599497K->53845K(2029056K), 0.0129371 secs] [Times: user=0.13 sys=0.00, real=0.01 secs] 
2020-09-29T18:32:48.642+0200: 89.666: [GC (Allocation Failure) 2020-09-29T18:32:48.642+0200: 89.667: [ParNew: 572177K->18919K(613440K), 0.0119322 secs] 599189K->45931K(2029056K), 0.0119931 secs] [Times: user=0.13 sys=0.00, real=0.01 secs] 
2020-09-29T18:32:48.703+0200: 89.727: [GC (Allocation Failure) 2020-09-29T18:32:48.703+0200: 89.727: [ParNew: 564263K->17671K(613440K), 0.0112211 secs] 591275K->44683K(2029056K), 0.0112813 secs] [Times: user=0.13 sys=0.00, real=0.01 secs] 
2020-09-29T18:32:48.780+0200: 89.804: [GC (Allocation Failure) 2020-09-29T18:32:48.780+0200: 89.804: [ParNew: 563015K->14254K(613440K), 0.0113064 secs] 590027K->41266K(2029056K), 0.0113614 secs] [Times: user=0.13 sys=0.00, real=0.01 secs] 
2020-09-29T18:32:48.880+0200: 89.904: [GC (Allocation Failure) 2020-09-29T18:32:48.880+0200: 89.904: [ParNew: 559598K->13460K(613440K), 0.0104132 secs] 586610K->40472K(2029056K), 0.0105016 secs] [Times: user=0.00 sys=0.00, real=0.01 secs] 
Heap
 par new generation   total 613440K, used 86653K [0x0000000080000000, 0x00000000a9990000, 0x00000000a9990000)
  eden space 545344K,  13% used [0x0000000080000000, 0x000000008477a560, 0x00000000a1490000)
  from space 68096K,  19% used [0x00000000a5710000, 0x00000000a6435150, 0x00000000a9990000)
  to   space 68096K,   0% used [0x00000000a1490000, 0x00000000a1490000, 0x00000000a5710000)
 concurrent mark-sweep generation total 1415616K, used 27011K [0x00000000a9990000, 0x0000000100000000, 0x0000000100000000)
 Metaspace       used 2594K, capacity 4486K, committed 4864K, reserved 1056768K
  class space    used 285K, capacity 386K, committed 512K, reserved 1048576K
