Java HotSpot(TM) 64-Bit Server VM (25.261-b12) for windows-amd64 JRE (1.8.0_261-b12), built on Jun 18 2020 06:56:32 by "" with unknown MS VC++:1916
Memory: 4k page, physical 16659684k(9589712k free), swap 23213284k(9184008k free)
CommandLine flags: -XX:InitialHeapSize=2147483648 -XX:MaxHeapSize=2147483648 -XX:MaxNewSize=697933824 -XX:MaxTenuringThreshold=6 -XX:NewSize=697933824 -XX:OldPLABSize=16 -XX:OldSize=1395867648 -XX:+PrintGC -XX:+PrintGCDateStamps -XX:+PrintGCDetails -XX:+PrintGCTimeStamps -XX:+UseCompressedClassPointers -XX:+UseCompressedOops -XX:+UseConcMarkSweepGC -XX:-UseLargePagesIndividualAllocation -XX:+UseParNewGC 
2020-09-29T18:16:18.785+0200: 0.344: [GC (Allocation Failure) 2020-09-29T18:16:18.785+0200: 0.344: [ParNew: 545344K->50925K(613440K), 0.0540607 secs] 545344K->50925K(2029056K), 0.0542380 secs] [Times: user=0.33 sys=0.06, real=0.05 secs] 
2020-09-29T18:16:18.894+0200: 0.454: [GC (Allocation Failure) 2020-09-29T18:16:18.894+0200: 0.454: [ParNew: 596269K->56993K(613440K), 0.0443140 secs] 596269K->57385K(2029056K), 0.0443997 secs] [Times: user=0.28 sys=0.02, real=0.04 secs] 
2020-09-29T18:16:18.988+0200: 0.548: [GC (Allocation Failure) 2020-09-29T18:16:18.988+0200: 0.548: [ParNew: 602337K->48313K(613440K), 0.0269506 secs] 602729K->48705K(2029056K), 0.0270391 secs] [Times: user=0.19 sys=0.00, real=0.03 secs] 
2020-09-29T18:16:19.069+0200: 0.628: [GC (Allocation Failure) 2020-09-29T18:16:19.069+0200: 0.628: [ParNew: 593657K->34830K(613440K), 0.0158947 secs] 594049K->35223K(2029056K), 0.0159686 secs] [Times: user=0.13 sys=0.00, real=0.02 secs] 
2020-09-29T18:16:19.153+0200: 0.713: [GC (Allocation Failure) 2020-09-29T18:16:19.153+0200: 0.713: [ParNew: 580174K->28918K(613440K), 0.0233226 secs] 580567K->29311K(2029056K), 0.0233971 secs] [Times: user=0.13 sys=0.00, real=0.02 secs] 
2020-09-29T18:16:19.237+0200: 0.797: [GC (Allocation Failure) 2020-09-29T18:16:19.237+0200: 0.797: [ParNew: 574262K->43747K(613440K), 0.0294515 secs] 574655K->44139K(2029056K), 0.0295411 secs] [Times: user=0.25 sys=0.00, real=0.03 secs] 
2020-09-29T18:16:19.329+0200: 0.888: [GC (Allocation Failure) 2020-09-29T18:16:19.329+0200: 0.888: [ParNew: 589091K->59527K(613440K), 0.0306592 secs] 589483K->59920K(2029056K), 0.0307382 secs] [Times: user=0.22 sys=0.00, real=0.03 secs] 
2020-09-29T18:16:19.419+0200: 0.979: [GC (Allocation Failure) 2020-09-29T18:16:19.419+0200: 0.979: [ParNew: 604871K->28057K(613440K), 0.0175415 secs] 605264K->28450K(2029056K), 0.0176154 secs] [Times: user=0.13 sys=0.00, real=0.02 secs] 
2020-09-29T18:16:19.498+0200: 1.058: [GC (Allocation Failure) 2020-09-29T18:16:19.498+0200: 1.058: [ParNew: 573401K->55641K(613440K), 0.0357303 secs] 573794K->56033K(2029056K), 0.0358191 secs] [Times: user=0.25 sys=0.00, real=0.04 secs] 
2020-09-29T18:16:19.586+0200: 1.146: [GC (Allocation Failure) 2020-09-29T18:16:19.586+0200: 1.146: [ParNew: 600985K->37433K(613440K), 0.0279213 secs] 601377K->37825K(2029056K), 0.0279933 secs] [Times: user=0.22 sys=0.00, real=0.03 secs] 
2020-09-29T18:16:19.672+0200: 1.232: [GC (Allocation Failure) 2020-09-29T18:16:19.672+0200: 1.232: [ParNew: 582777K->32351K(613440K), 0.0250760 secs] 583169K->32744K(2029056K), 0.0251486 secs] [Times: user=0.23 sys=0.01, real=0.03 secs] 
2020-09-29T18:16:19.754+0200: 1.314: [GC (Allocation Failure) 2020-09-29T18:16:19.754+0200: 1.314: [ParNew: 577695K->54528K(613440K), 0.0312178 secs] 578088K->54921K(2029056K), 0.0313085 secs] [Times: user=0.25 sys=0.00, real=0.03 secs] 
2020-09-29T18:16:19.842+0200: 1.402: [GC (Allocation Failure) 2020-09-29T18:16:19.842+0200: 1.402: [ParNew: 599872K->68096K(613440K), 0.0390604 secs] 600265K->68488K(2029056K), 0.0391409 secs] [Times: user=0.38 sys=0.00, real=0.04 secs] 
2020-09-29T18:16:19.931+0200: 1.491: [GC (Allocation Failure) 2020-09-29T18:16:19.931+0200: 1.491: [ParNew: 613440K->51739K(613440K), 0.0191492 secs] 613832K->52132K(2029056K), 0.0192075 secs] [Times: user=0.13 sys=0.00, real=0.02 secs] 
2020-09-29T18:16:19.997+0200: 1.557: [GC (Allocation Failure) 2020-09-29T18:16:19.998+0200: 1.557: [ParNew: 597083K->48266K(613440K), 0.0171353 secs] 597476K->48658K(2029056K), 0.0172428 secs] [Times: user=0.13 sys=0.00, real=0.02 secs] 
2020-09-29T18:16:20.062+0200: 1.621: [GC (Allocation Failure) 2020-09-29T18:16:20.062+0200: 1.621: [ParNew: 593610K->43815K(613440K), 0.0158824 secs] 594002K->44207K(2029056K), 0.0159394 secs] [Times: user=0.13 sys=0.00, real=0.02 secs] 
2020-09-29T18:16:20.124+0200: 1.684: [GC (Allocation Failure) 2020-09-29T18:16:20.124+0200: 1.684: [ParNew: 589159K->37246K(613440K), 0.0149302 secs] 589551K->37639K(2029056K), 0.0150203 secs] [Times: user=0.13 sys=0.00, real=0.01 secs] 
2020-09-29T18:16:20.190+0200: 1.749: [GC (Allocation Failure) 2020-09-29T18:16:20.190+0200: 1.749: [ParNew: 582590K->28205K(613440K), 0.0151988 secs] 582983K->28597K(2029056K), 0.0152544 secs] [Times: user=0.13 sys=0.00, real=0.01 secs] 
2020-09-29T18:16:20.254+0200: 1.814: [GC (Allocation Failure) 2020-09-29T18:16:20.254+0200: 1.814: [ParNew: 573549K->49699K(613440K), 0.0189412 secs] 573941K->50091K(2029056K), 0.0190118 secs] [Times: user=0.13 sys=0.02, real=0.02 secs] 
2020-09-29T18:16:20.321+0200: 1.881: [GC (Allocation Failure) 2020-09-29T18:16:20.321+0200: 1.881: [ParNew: 595043K->38394K(613440K), 0.0179581 secs] 595435K->38787K(2029056K), 0.0180304 secs] [Times: user=0.13 sys=0.00, real=0.02 secs] 
2020-09-29T18:16:20.386+0200: 1.946: [GC (Allocation Failure) 2020-09-29T18:16:20.386+0200: 1.946: [ParNew: 583738K->62669K(613440K), 0.0233568 secs] 584131K->63062K(2029056K), 0.0234179 secs] [Times: user=0.13 sys=0.00, real=0.02 secs] 
2020-09-29T18:16:20.457+0200: 2.017: [GC (Allocation Failure) 2020-09-29T18:16:20.457+0200: 2.017: [ParNew: 608013K->40515K(613440K), 0.0171261 secs] 608406K->40907K(2029056K), 0.0171799 secs] [Times: user=0.19 sys=0.01, real=0.02 secs] 
2020-09-29T18:16:20.521+0200: 2.081: [GC (Allocation Failure) 2020-09-29T18:16:20.521+0200: 2.081: [ParNew: 585859K->35214K(613440K), 0.0145214 secs] 586251K->35606K(2029056K), 0.0145769 secs] [Times: user=0.13 sys=0.00, real=0.02 secs] 
2020-09-29T18:16:20.584+0200: 2.143: [GC (Allocation Failure) 2020-09-29T18:16:20.584+0200: 2.143: [ParNew: 580558K->64866K(613440K), 0.0252428 secs] 580950K->65259K(2029056K), 0.0252993 secs] [Times: user=0.11 sys=0.00, real=0.02 secs] 
2020-09-29T18:16:20.659+0200: 2.218: [GC (Allocation Failure) 2020-09-29T18:16:20.659+0200: 2.218: [ParNew: 610210K->55068K(613440K), 0.0201972 secs] 610603K->55461K(2029056K), 0.0202837 secs] [Times: user=0.23 sys=0.00, real=0.02 secs] 
2020-09-29T18:16:20.727+0200: 2.286: [GC (Allocation Failure) 2020-09-29T18:16:20.727+0200: 2.286: [ParNew: 600412K->68096K(613440K), 0.0232263 secs] 600805K->68825K(2029056K), 0.0232808 secs] [Times: user=0.13 sys=0.00, real=0.02 secs] 
2020-09-29T18:16:20.797+0200: 2.357: [GC (Allocation Failure) 2020-09-29T18:16:20.797+0200: 2.357: [ParNew: 613440K->53960K(613440K), 0.0215631 secs] 614169K->54689K(2029056K), 0.0216248 secs] [Times: user=0.25 sys=0.00, real=0.02 secs] 
2020-09-29T18:16:20.866+0200: 2.426: [GC (Allocation Failure) 2020-09-29T18:16:20.866+0200: 2.426: [ParNew: 599304K->44012K(613440K), 0.0101289 secs] 600033K->44741K(2029056K), 0.0101827 secs] [Times: user=0.00 sys=0.00, real=0.01 secs] 
2020-09-29T18:16:20.927+0200: 2.487: [GC (Allocation Failure) 2020-09-29T18:16:20.927+0200: 2.487: [ParNew: 589356K->46591K(613440K), 0.0210695 secs] 590085K->47320K(2029056K), 0.0211373 secs] [Times: user=0.13 sys=0.00, real=0.02 secs] 
2020-09-29T18:16:20.995+0200: 2.554: [GC (Allocation Failure) 2020-09-29T18:16:20.995+0200: 2.554: [ParNew: 591935K->33865K(613440K), 0.0145597 secs] 592664K->34595K(2029056K), 0.0146462 secs] [Times: user=0.13 sys=0.00, real=0.01 secs] 
2020-09-29T18:16:21.056+0200: 2.615: [GC (Allocation Failure) 2020-09-29T18:16:21.056+0200: 2.615: [ParNew: 579209K->29095K(613440K), 0.0128180 secs] 579939K->29824K(2029056K), 0.0128891 secs] [Times: user=0.13 sys=0.00, real=0.01 secs] 
2020-09-29T18:16:21.120+0200: 2.679: [GC (Allocation Failure) 2020-09-29T18:16:21.120+0200: 2.679: [ParNew: 574439K->41684K(613440K), 0.0174260 secs] 575168K->42413K(2029056K), 0.0262378 secs] [Times: user=0.13 sys=0.00, real=0.03 secs] 
2020-09-29T18:16:21.213+0200: 2.772: [GC (Allocation Failure) 2020-09-29T18:16:21.213+0200: 2.772: [ParNew: 587028K->57021K(613440K), 0.0218267 secs] 587757K->57750K(2029056K), 0.0218859 secs] [Times: user=0.13 sys=0.00, real=0.02 secs] 
2020-09-29T18:16:21.283+0200: 2.843: [GC (Allocation Failure) 2020-09-29T18:16:21.283+0200: 2.843: [ParNew: 602365K->68096K(613440K), 0.0216690 secs] 603094K->68918K(2029056K), 0.0217274 secs] [Times: user=0.25 sys=0.00, real=0.02 secs] 
2020-09-29T18:16:21.354+0200: 2.913: [GC (Allocation Failure) 2020-09-29T18:16:21.354+0200: 2.913: [ParNew: 613440K->45802K(613440K), 0.0208870 secs] 614262K->46624K(2029056K), 0.0209539 secs] [Times: user=0.13 sys=0.00, real=0.02 secs] 
2020-09-29T18:16:21.422+0200: 2.982: [GC (Allocation Failure) 2020-09-29T18:16:21.422+0200: 2.982: [ParNew: 591146K->68096K(613440K), 0.0266964 secs] 591968K->69118K(2029056K), 0.0267677 secs] [Times: user=0.24 sys=0.00, real=0.03 secs] 
2020-09-29T18:16:21.499+0200: 3.059: [GC (Allocation Failure) 2020-09-29T18:16:21.499+0200: 3.059: [ParNew: 613440K->61233K(613440K), 0.0241720 secs] 614462K->62255K(2029056K), 0.0242525 secs] [Times: user=0.25 sys=0.00, real=0.02 secs] 
2020-09-29T18:16:21.572+0200: 3.132: [GC (Allocation Failure) 2020-09-29T18:16:21.572+0200: 3.132: [ParNew: 606577K->53333K(613440K), 0.0183797 secs] 607599K->54355K(2029056K), 0.0184438 secs] [Times: user=0.13 sys=0.00, real=0.02 secs] 
2020-09-29T18:16:21.640+0200: 3.200: [GC (Allocation Failure) 2020-09-29T18:16:21.640+0200: 3.200: [ParNew: 598677K->38791K(613440K), 0.0114711 secs] 599699K->39813K(2029056K), 0.0115309 secs] [Times: user=0.11 sys=0.00, real=0.01 secs] 
2020-09-29T18:16:21.699+0200: 3.259: [GC (Allocation Failure) 2020-09-29T18:16:21.699+0200: 3.259: [ParNew: 584135K->37840K(613440K), 0.0164346 secs] 585157K->38863K(2029056K), 0.0165000 secs] [Times: user=0.13 sys=0.00, real=0.02 secs] 
2020-09-29T18:16:21.768+0200: 3.328: [GC (Allocation Failure) 2020-09-29T18:16:21.768+0200: 3.328: [ParNew: 583184K->48438K(613440K), 0.0174159 secs] 584207K->49460K(2029056K), 0.0174894 secs] [Times: user=0.25 sys=0.00, real=0.02 secs] 
2020-09-29T18:16:21.837+0200: 3.397: [GC (Allocation Failure) 2020-09-29T18:16:21.837+0200: 3.397: [ParNew: 593782K->32340K(613440K), 0.0157986 secs] 594804K->33362K(2029056K), 0.0158678 secs] [Times: user=0.13 sys=0.00, real=0.02 secs] 
2020-09-29T18:16:21.903+0200: 3.463: [GC (Allocation Failure) 2020-09-29T18:16:21.903+0200: 3.463: [ParNew: 577684K->53327K(613440K), 0.0208032 secs] 578706K->54350K(2029056K), 0.0208661 secs] [Times: user=0.13 sys=0.00, real=0.02 secs] 
2020-09-29T18:16:21.970+0200: 3.529: [GC (Allocation Failure) 2020-09-29T18:16:21.970+0200: 3.529: [ParNew: 598671K->37617K(613440K), 0.0137713 secs] 599694K->38639K(2029056K), 0.0138564 secs] [Times: user=0.13 sys=0.00, real=0.01 secs] 
2020-09-29T18:16:22.030+0200: 3.590: [GC (Allocation Failure) 2020-09-29T18:16:22.031+0200: 3.590: [ParNew: 582961K->38269K(613440K), 0.0165617 secs] 583983K->39291K(2029056K), 0.0166465 secs] [Times: user=0.13 sys=0.00, real=0.02 secs] 
2020-09-29T18:16:22.098+0200: 3.657: [GC (Allocation Failure) 2020-09-29T18:16:22.098+0200: 3.657: [ParNew: 583613K->52448K(613440K), 0.0166662 secs] 584635K->53470K(2029056K), 0.0167364 secs] [Times: user=0.25 sys=0.00, real=0.02 secs] 
2020-09-29T18:16:22.162+0200: 3.721: [GC (Allocation Failure) 2020-09-29T18:16:22.162+0200: 3.721: [ParNew: 597792K->53871K(613440K), 0.0209968 secs] 598814K->54893K(2029056K), 0.0210640 secs] [Times: user=0.13 sys=0.00, real=0.02 secs] 
2020-09-29T18:16:22.230+0200: 3.790: [GC (Allocation Failure) 2020-09-29T18:16:22.230+0200: 3.790: [ParNew: 599215K->68096K(613440K), 0.0257667 secs] 600237K->69365K(2029056K), 0.0258287 secs] [Times: user=0.25 sys=0.00, real=0.03 secs] 
2020-09-29T18:16:22.303+0200: 3.862: [GC (Allocation Failure) 2020-09-29T18:16:22.303+0200: 3.862: [ParNew: 613440K->50935K(613440K), 0.0137616 secs] 614709K->52205K(2029056K), 0.0138220 secs] [Times: user=0.00 sys=0.00, real=0.01 secs] 
2020-09-29T18:16:22.367+0200: 3.927: [GC (Allocation Failure) 2020-09-29T18:16:22.367+0200: 3.927: [ParNew: 596279K->30080K(613440K), 0.0141182 secs] 597549K->31349K(2029056K), 0.0141871 secs] [Times: user=0.13 sys=0.00, real=0.01 secs] 
2020-09-29T18:16:22.428+0200: 3.987: [GC (Allocation Failure) 2020-09-29T18:16:22.428+0200: 3.987: [ParNew: 575424K->28264K(613440K), 0.0130653 secs] 576693K->29533K(2029056K), 0.0131614 secs] [Times: user=0.00 sys=0.00, real=0.01 secs] 
2020-09-29T18:16:22.489+0200: 4.049: [GC (Allocation Failure) 2020-09-29T18:16:22.489+0200: 4.049: [ParNew: 573608K->46988K(613440K), 0.0187001 secs] 574877K->48258K(2029056K), 0.0187605 secs] [Times: user=0.13 sys=0.00, real=0.02 secs] 
2020-09-29T18:16:22.559+0200: 4.118: [GC (Allocation Failure) 2020-09-29T18:16:22.559+0200: 4.118: [ParNew: 592332K->36289K(613440K), 0.0175648 secs] 593602K->37558K(2029056K), 0.0176538 secs] [Times: user=0.13 sys=0.00, real=0.02 secs] 
2020-09-29T18:16:22.627+0200: 4.186: [GC (Allocation Failure) 2020-09-29T18:16:22.627+0200: 4.186: [ParNew: 581633K->59405K(613440K), 0.0253038 secs] 582902K->60674K(2029056K), 0.0254042 secs] [Times: user=0.19 sys=0.00, real=0.02 secs] 
2020-09-29T18:16:22.699+0200: 4.258: [GC (Allocation Failure) 2020-09-29T18:16:22.699+0200: 4.258: [ParNew: 604749K->44904K(613440K), 0.0142463 secs] 606018K->46174K(2029056K), 0.0143027 secs] [Times: user=0.13 sys=0.00, real=0.01 secs] 
2020-09-29T18:16:22.764+0200: 4.323: [GC (Allocation Failure) 2020-09-29T18:16:22.764+0200: 4.323: [ParNew: 590248K->34464K(613440K), 0.0143948 secs] 591518K->35734K(2029056K), 0.0144720 secs] [Times: user=0.13 sys=0.00, real=0.01 secs] 
2020-09-29T18:16:22.826+0200: 4.385: [GC (Allocation Failure) 2020-09-29T18:16:22.826+0200: 4.385: [ParNew: 579808K->24502K(613440K), 0.0121427 secs] 581078K->25772K(2029056K), 0.0121984 secs] [Times: user=0.13 sys=0.00, real=0.01 secs] 
2020-09-29T18:16:22.885+0200: 4.445: [GC (Allocation Failure) 2020-09-29T18:16:22.885+0200: 4.445: [ParNew: 569846K->40322K(613440K), 0.0174761 secs] 571116K->41591K(2029056K), 0.0175308 secs] [Times: user=0.13 sys=0.00, real=0.02 secs] 
2020-09-29T18:16:22.952+0200: 4.511: [GC (Allocation Failure) 2020-09-29T18:16:22.952+0200: 4.511: [ParNew: 585666K->57420K(613440K), 0.0210871 secs] 586935K->58689K(2029056K), 0.0211444 secs] [Times: user=0.13 sys=0.00, real=0.02 secs] 
2020-09-29T18:16:23.020+0200: 4.579: [GC (Allocation Failure) 2020-09-29T18:16:23.020+0200: 4.579: [ParNew: 602764K->35634K(613440K), 0.0146132 secs] 604033K->36904K(2029056K), 0.0146737 secs] [Times: user=0.13 sys=0.00, real=0.02 secs] 
2020-09-29T18:16:23.082+0200: 4.641: [GC (Allocation Failure) 2020-09-29T18:16:23.082+0200: 4.641: [ParNew: 580978K->62253K(613440K), 0.0185231 secs] 582248K->63522K(2029056K), 0.0185776 secs] [Times: user=0.25 sys=0.00, real=0.02 secs] 
2020-09-29T18:16:23.149+0200: 4.708: [GC (Allocation Failure) 2020-09-29T18:16:23.149+0200: 4.708: [ParNew: 607597K->61229K(613440K), 0.0233676 secs] 608866K->62499K(2029056K), 0.0234374 secs] [Times: user=0.13 sys=0.00, real=0.02 secs] 
2020-09-29T18:16:23.220+0200: 4.779: [GC (Allocation Failure) 2020-09-29T18:16:23.220+0200: 4.779: [ParNew: 606573K->50737K(613440K), 0.0174532 secs] 607843K->52006K(2029056K), 0.0175081 secs] [Times: user=0.13 sys=0.00, real=0.02 secs] 
2020-09-29T18:16:23.285+0200: 4.844: [GC (Allocation Failure) 2020-09-29T18:16:23.285+0200: 4.844: [ParNew: 596081K->39005K(613440K), 0.0174244 secs] 597350K->40275K(2029056K), 0.0174817 secs] [Times: user=0.25 sys=0.00, real=0.02 secs] 
2020-09-29T18:16:23.349+0200: 4.909: [GC (Allocation Failure) 2020-09-29T18:16:23.349+0200: 4.909: [ParNew: 584349K->57587K(613440K), 0.0194471 secs] 585619K->58856K(2029056K), 0.0195090 secs] [Times: user=0.13 sys=0.00, real=0.02 secs] 
2020-09-29T18:16:23.416+0200: 4.975: [GC (Allocation Failure) 2020-09-29T18:16:23.416+0200: 4.975: [ParNew: 602931K->37970K(613440K), 0.0158200 secs] 604200K->39240K(2029056K), 0.0158802 secs] [Times: user=0.11 sys=0.00, real=0.02 secs] 
2020-09-29T18:16:23.483+0200: 5.043: [GC (Allocation Failure) 2020-09-29T18:16:23.483+0200: 5.043: [ParNew: 583314K->55453K(613440K), 0.0186439 secs] 584584K->56723K(2029056K), 0.0187043 secs] [Times: user=0.11 sys=0.00, real=0.02 secs] 
2020-09-29T18:16:23.553+0200: 5.112: [GC (Allocation Failure) 2020-09-29T18:16:23.553+0200: 5.112: [ParNew: 600797K->38962K(613440K), 0.0184422 secs] 602067K->40231K(2029056K), 0.0185273 secs] [Times: user=0.13 sys=0.00, real=0.02 secs] 
2020-09-29T18:16:23.620+0200: 5.179: [GC (Allocation Failure) 2020-09-29T18:16:23.620+0200: 5.179: [ParNew: 584306K->66048K(613440K), 0.0233340 secs] 585575K->67318K(2029056K), 0.0233949 secs] [Times: user=0.11 sys=0.00, real=0.02 secs] 
2020-09-29T18:16:23.692+0200: 5.251: [GC (Allocation Failure) 2020-09-29T18:16:23.692+0200: 5.251: [ParNew: 611392K->49586K(613440K), 0.0203858 secs] 612662K->50856K(2029056K), 0.0204381 secs] [Times: user=0.13 sys=0.00, real=0.02 secs] 
2020-09-29T18:16:23.760+0200: 5.320: [GC (Allocation Failure) 2020-09-29T18:16:23.760+0200: 5.320: [ParNew: 594930K->42575K(613440K), 0.0145514 secs] 596200K->43845K(2029056K), 0.0146173 secs] [Times: user=0.13 sys=0.00, real=0.02 secs] 
2020-09-29T18:16:23.834+0200: 5.393: [GC (Allocation Failure) 2020-09-29T18:16:23.834+0200: 5.393: [ParNew: 587919K->35835K(613440K), 0.0149565 secs] 589189K->37105K(2029056K), 0.0150309 secs] [Times: user=0.13 sys=0.00, real=0.01 secs] 
2020-09-29T18:16:23.897+0200: 5.457: [GC (Allocation Failure) 2020-09-29T18:16:23.897+0200: 5.457: [ParNew: 581179K->53645K(613440K), 0.0194400 secs] 582449K->54915K(2029056K), 0.0194972 secs] [Times: user=0.13 sys=0.00, real=0.02 secs] 
2020-09-29T18:16:23.965+0200: 5.524: [GC (Allocation Failure) 2020-09-29T18:16:23.965+0200: 5.524: [ParNew: 598989K->43358K(613440K), 0.0186208 secs] 600259K->44628K(2029056K), 0.0187096 secs] [Times: user=0.13 sys=0.00, real=0.02 secs] 
2020-09-29T18:16:24.032+0200: 5.591: [GC (Allocation Failure) 2020-09-29T18:16:24.032+0200: 5.591: [ParNew: 588702K->42042K(613440K), 0.0179153 secs] 589972K->43312K(2029056K), 0.0179964 secs] [Times: user=0.13 sys=0.00, real=0.02 secs] 
2020-09-29T18:16:24.097+0200: 5.657: [GC (Allocation Failure) 2020-09-29T18:16:24.097+0200: 5.657: [ParNew: 587386K->61031K(613440K), 0.0225121 secs] 588656K->62300K(2029056K), 0.0225690 secs] [Times: user=0.25 sys=0.00, real=0.02 secs] 
2020-09-29T18:16:24.167+0200: 5.727: [GC (Allocation Failure) 2020-09-29T18:16:24.167+0200: 5.727: [ParNew: 606375K->49932K(613440K), 0.0214974 secs] 607644K->51202K(2029056K), 0.0215533 secs] [Times: user=0.13 sys=0.00, real=0.02 secs] 
2020-09-29T18:16:24.236+0200: 5.796: [GC (Allocation Failure) 2020-09-29T18:16:24.236+0200: 5.796: [ParNew: 595276K->49759K(613440K), 0.0212016 secs] 596546K->51028K(2029056K), 0.0212698 secs] [Times: user=0.25 sys=0.00, real=0.02 secs] 
2020-09-29T18:16:24.310+0200: 5.869: [GC (Allocation Failure) 2020-09-29T18:16:24.310+0200: 5.869: [ParNew: 595103K->41953K(613440K), 0.0165258 secs] 596372K->43222K(2029056K), 0.0165937 secs] [Times: user=0.13 sys=0.00, real=0.02 secs] 
2020-09-29T18:16:24.382+0200: 5.941: [GC (Allocation Failure) 2020-09-29T18:16:24.382+0200: 5.941: [ParNew: 587297K->57566K(613440K), 0.0213355 secs] 588566K->58835K(2029056K), 0.0214068 secs] [Times: user=0.13 sys=0.00, real=0.02 secs] 
2020-09-29T18:16:24.454+0200: 6.014: [GC (Allocation Failure) 2020-09-29T18:16:24.454+0200: 6.014: [ParNew: 602910K->42296K(613440K), 0.0194216 secs] 604179K->43566K(2029056K), 0.0194769 secs] [Times: user=0.25 sys=0.00, real=0.02 secs] 
2020-09-29T18:16:24.521+0200: 6.081: [GC (Allocation Failure) 2020-09-29T18:16:24.521+0200: 6.081: [ParNew: 587640K->45840K(613440K), 0.0178771 secs] 588910K->47110K(2029056K), 0.0179350 secs] [Times: user=0.13 sys=0.00, real=0.02 secs] 
2020-09-29T18:16:24.592+0200: 6.151: [GC (Allocation Failure) 2020-09-29T18:16:24.592+0200: 6.151: [ParNew: 591184K->63480K(613440K), 0.0233638 secs] 592454K->64749K(2029056K), 0.0234219 secs] [Times: user=0.22 sys=0.02, real=0.02 secs] 
2020-09-29T18:16:24.665+0200: 6.224: [GC (Allocation Failure) 2020-09-29T18:16:24.665+0200: 6.224: [ParNew: 608824K->68096K(613440K), 0.0251909 secs] 610093K->69470K(2029056K), 0.0252517 secs] [Times: user=0.11 sys=0.00, real=0.03 secs] 
2020-09-29T18:16:24.737+0200: 6.296: [GC (Allocation Failure) 2020-09-29T18:16:24.737+0200: 6.296: [ParNew: 613440K->53376K(613440K), 0.0221100 secs] 614814K->54751K(2029056K), 0.0221667 secs] [Times: user=0.23 sys=0.02, real=0.02 secs] 
2020-09-29T18:16:24.807+0200: 6.366: [GC (Allocation Failure) 2020-09-29T18:16:24.807+0200: 6.366: [ParNew: 598720K->45943K(613440K), 0.0211168 secs] 600095K->47317K(2029056K), 0.0212092 secs] [Times: user=0.13 sys=0.00, real=0.02 secs] 
2020-09-29T18:16:24.876+0200: 6.436: [GC (Allocation Failure) 2020-09-29T18:16:24.876+0200: 6.436: [ParNew: 591287K->44856K(613440K), 0.0198768 secs] 592661K->46231K(2029056K), 0.0199462 secs] [Times: user=0.25 sys=0.00, real=0.02 secs] 
2020-09-29T18:16:24.947+0200: 6.507: [GC (Allocation Failure) 2020-09-29T18:16:24.947+0200: 6.507: [ParNew: 590200K->48176K(613440K), 0.0186972 secs] 591575K->49550K(2029056K), 0.0187619 secs] [Times: user=0.13 sys=0.00, real=0.02 secs] 
2020-09-29T18:16:25.016+0200: 6.576: [GC (Allocation Failure) 2020-09-29T18:16:25.016+0200: 6.576: [ParNew: 593520K->68096K(613440K), 0.0235117 secs] 594894K->70048K(2029056K), 0.0235691 secs] [Times: user=0.25 sys=0.00, real=0.02 secs] 
2020-09-29T18:16:25.088+0200: 6.647: [GC (Allocation Failure) 2020-09-29T18:16:25.088+0200: 6.647: [ParNew: 613440K->52561K(613440K), 0.0169517 secs] 615392K->54514K(2029056K), 0.0170061 secs] [Times: user=0.13 sys=0.00, real=0.02 secs] 
2020-09-29T18:16:25.153+0200: 6.713: [GC (Allocation Failure) 2020-09-29T18:16:25.153+0200: 6.713: [ParNew: 597905K->26847K(613440K), 0.0108751 secs] 599858K->28800K(2029056K), 0.0109302 secs] [Times: user=0.13 sys=0.00, real=0.01 secs] 
2020-09-29T18:16:25.213+0200: 6.772: [GC (Allocation Failure) 2020-09-29T18:16:25.213+0200: 6.772: [ParNew: 572191K->34680K(613440K), 0.0154595 secs] 574144K->36633K(2029056K), 0.0155203 secs] [Times: user=0.13 sys=0.00, real=0.02 secs] 
2020-09-29T18:16:25.280+0200: 6.840: [GC (Allocation Failure) 2020-09-29T18:16:25.280+0200: 6.840: [ParNew: 580024K->46883K(613440K), 0.0198567 secs] 581977K->48836K(2029056K), 0.0199361 secs] [Times: user=0.13 sys=0.00, real=0.02 secs] 
2020-09-29T18:16:25.351+0200: 6.911: [GC (Allocation Failure) 2020-09-29T18:16:25.351+0200: 6.911: [ParNew: 592227K->67772K(613440K), 0.0235091 secs] 594180K->69725K(2029056K), 0.0235881 secs] [Times: user=0.13 sys=0.00, real=0.02 secs] 
2020-09-29T18:16:25.422+0200: 6.982: [GC (Allocation Failure) 2020-09-29T18:16:25.422+0200: 6.982: [ParNew: 613116K->50509K(613440K), 0.0185141 secs] 615069K->52461K(2029056K), 0.0185783 secs] [Times: user=0.13 sys=0.00, real=0.02 secs] 
2020-09-29T18:16:25.489+0200: 7.048: [GC (Allocation Failure) 2020-09-29T18:16:25.489+0200: 7.048: [ParNew: 595853K->68096K(613440K), 0.0219607 secs] 597805K->70048K(2029056K), 0.0220282 secs] [Times: user=0.13 sys=0.00, real=0.02 secs] 
2020-09-29T18:16:25.558+0200: 7.118: [GC (Allocation Failure) 2020-09-29T18:16:25.558+0200: 7.118: [ParNew: 613440K->41810K(613440K), 0.0125883 secs] 615392K->43763K(2029056K), 0.0126617 secs] [Times: user=0.11 sys=0.00, real=0.01 secs] 
2020-09-29T18:16:25.624+0200: 7.184: [GC (Allocation Failure) 2020-09-29T18:16:25.624+0200: 7.184: [ParNew: 587154K->42459K(613440K), 0.0163364 secs] 589107K->44412K(2029056K), 0.0163968 secs] [Times: user=0.13 sys=0.00, real=0.02 secs] 
2020-09-29T18:16:25.688+0200: 7.248: [GC (Allocation Failure) 2020-09-29T18:16:25.688+0200: 7.248: [ParNew: 587803K->46087K(613440K), 0.0157271 secs] 589756K->48040K(2029056K), 0.0157842 secs] [Times: user=0.13 sys=0.00, real=0.02 secs] 
2020-09-29T18:16:25.752+0200: 7.312: [GC (Allocation Failure) 2020-09-29T18:16:25.752+0200: 7.312: [ParNew: 591431K->33834K(613440K), 0.0148922 secs] 593384K->35787K(2029056K), 0.0149480 secs] [Times: user=0.13 sys=0.00, real=0.01 secs] 
2020-09-29T18:16:25.817+0200: 7.376: [GC (Allocation Failure) 2020-09-29T18:16:25.817+0200: 7.376: [ParNew: 579178K->48261K(613440K), 0.0188674 secs] 581131K->50214K(2029056K), 0.0189416 secs] [Times: user=0.13 sys=0.00, real=0.02 secs] 
2020-09-29T18:16:25.886+0200: 7.446: [GC (Allocation Failure) 2020-09-29T18:16:25.886+0200: 7.446: [ParNew: 593605K->38664K(613440K), 0.0125907 secs] 595558K->40616K(2029056K), 0.0126468 secs] [Times: user=0.13 sys=0.00, real=0.01 secs] 
2020-09-29T18:16:25.949+0200: 7.509: [GC (Allocation Failure) 2020-09-29T18:16:25.949+0200: 7.509: [ParNew: 584008K->37178K(613440K), 0.0173793 secs] 585960K->39131K(2029056K), 0.0174593 secs] [Times: user=0.13 sys=0.00, real=0.02 secs] 
2020-09-29T18:16:26.015+0200: 7.575: [GC (Allocation Failure) 2020-09-29T18:16:26.015+0200: 7.575: [ParNew: 582522K->68096K(613440K), 0.0278232 secs] 584475K->71892K(2029056K), 0.0278783 secs] [Times: user=0.25 sys=0.00, real=0.03 secs] 
2020-09-29T18:16:26.091+0200: 7.650: [GC (Allocation Failure) 2020-09-29T18:16:26.091+0200: 7.650: [ParNew: 613440K->50590K(613440K), 0.0163156 secs] 617236K->54387K(2029056K), 0.0163748 secs] [Times: user=0.13 sys=0.00, real=0.02 secs] 
2020-09-29T18:16:26.156+0200: 7.715: [GC (Allocation Failure) 2020-09-29T18:16:26.156+0200: 7.715: [ParNew: 595934K->49776K(613440K), 0.0216255 secs] 599731K->53573K(2029056K), 0.0217183 secs] [Times: user=0.25 sys=0.00, real=0.02 secs] 
2020-09-29T18:16:26.225+0200: 7.784: [GC (Allocation Failure) 2020-09-29T18:16:26.225+0200: 7.784: [ParNew: 595120K->68096K(613440K), 0.0211749 secs] 598917K->71892K(2029056K), 0.0212405 secs] [Times: user=0.13 sys=0.00, real=0.02 secs] 
2020-09-29T18:16:26.293+0200: 7.852: [GC (Allocation Failure) 2020-09-29T18:16:26.293+0200: 7.852: [ParNew: 613440K->30239K(613440K), 0.0161536 secs] 617236K->34036K(2029056K), 0.0162131 secs] [Times: user=0.13 sys=0.00, real=0.02 secs] 
2020-09-29T18:16:26.358+0200: 7.918: [GC (Allocation Failure) 2020-09-29T18:16:26.358+0200: 7.918: [ParNew: 575583K->53608K(613440K), 0.0192639 secs] 579380K->57405K(2029056K), 0.0193339 secs] [Times: user=0.13 sys=0.00, real=0.02 secs] 
2020-09-29T18:16:26.424+0200: 7.983: [GC (Allocation Failure) 2020-09-29T18:16:26.424+0200: 7.983: [ParNew: 598952K->35878K(613440K), 0.0132106 secs] 602749K->39675K(2029056K), 0.0132658 secs] [Times: user=0.13 sys=0.00, real=0.01 secs] 
2020-09-29T18:16:26.486+0200: 8.046: [GC (Allocation Failure) 2020-09-29T18:16:26.486+0200: 8.046: [ParNew: 581222K->37388K(613440K), 0.0169000 secs] 585019K->41185K(2029056K), 0.0169564 secs] [Times: user=0.13 sys=0.00, real=0.02 secs] 
2020-09-29T18:16:26.553+0200: 8.112: [GC (Allocation Failure) 2020-09-29T18:16:26.553+0200: 8.112: [ParNew: 582732K->48348K(613440K), 0.0170645 secs] 586529K->52145K(2029056K), 0.0171712 secs] [Times: user=0.13 sys=0.00, real=0.02 secs] 
2020-09-29T18:16:26.621+0200: 8.180: [GC (Allocation Failure) 2020-09-29T18:16:26.621+0200: 8.180: [ParNew: 593692K->56194K(613440K), 0.0238571 secs] 597489K->59991K(2029056K), 0.0239230 secs] [Times: user=0.13 sys=0.00, real=0.02 secs] 
2020-09-29T18:16:26.693+0200: 8.253: [GC (Allocation Failure) 2020-09-29T18:16:26.693+0200: 8.253: [ParNew: 601538K->46252K(613440K), 0.0202126 secs] 605335K->50049K(2029056K), 0.0202728 secs] [Times: user=0.13 sys=0.00, real=0.02 secs] 
2020-09-29T18:16:26.760+0200: 8.320: [GC (Allocation Failure) 2020-09-29T18:16:26.760+0200: 8.320: [ParNew: 591596K->41791K(613440K), 0.0132801 secs] 595393K->45588K(2029056K), 0.0133439 secs] [Times: user=0.13 sys=0.00, real=0.01 secs] 
2020-09-29T18:16:26.821+0200: 8.381: [GC (Allocation Failure) 2020-09-29T18:16:26.821+0200: 8.381: [ParNew: 587135K->37565K(613440K), 0.0181047 secs] 590932K->41362K(2029056K), 0.0181599 secs] [Times: user=0.13 sys=0.00, real=0.02 secs] 
2020-09-29T18:16:26.890+0200: 8.450: [GC (Allocation Failure) 2020-09-29T18:16:26.890+0200: 8.450: [ParNew: 582909K->39507K(613440K), 0.0171023 secs] 586706K->43304K(2029056K), 0.0171592 secs] [Times: user=0.13 sys=0.00, real=0.02 secs] 
2020-09-29T18:16:26.957+0200: 8.517: [GC (Allocation Failure) 2020-09-29T18:16:26.957+0200: 8.517: [ParNew: 584851K->61836K(613440K), 0.0216123 secs] 588648K->65633K(2029056K), 0.0216730 secs] [Times: user=0.25 sys=0.00, real=0.02 secs] 
2020-09-29T18:16:27.026+0200: 8.586: [GC (Allocation Failure) 2020-09-29T18:16:27.026+0200: 8.586: [ParNew: 607180K->37200K(613440K), 0.0103655 secs] 610977K->40997K(2029056K), 0.0104206 secs] [Times: user=0.13 sys=0.00, real=0.01 secs] 
2020-09-29T18:16:27.095+0200: 8.655: [GC (Allocation Failure) 2020-09-29T18:16:27.095+0200: 8.655: [ParNew: 582544K->43298K(613440K), 0.0200086 secs] 586341K->47095K(2029056K), 0.0200679 secs] [Times: user=0.25 sys=0.00, real=0.02 secs] 
2020-09-29T18:16:27.161+0200: 8.721: [GC (Allocation Failure) 2020-09-29T18:16:27.161+0200: 8.721: [ParNew: 588642K->58416K(613440K), 0.0182603 secs] 592439K->62213K(2029056K), 0.0183173 secs] [Times: user=0.13 sys=0.00, real=0.02 secs] 
2020-09-29T18:16:27.231+0200: 8.790: [GC (Allocation Failure) 2020-09-29T18:16:27.231+0200: 8.790: [ParNew: 603760K->60617K(613440K), 0.0259011 secs] 607557K->64414K(2029056K), 0.0259666 secs] [Times: user=0.23 sys=0.00, real=0.03 secs] 
2020-09-29T18:16:27.309+0200: 8.869: [GC (Allocation Failure) 2020-09-29T18:16:27.309+0200: 8.869: [ParNew: 605961K->68096K(613440K), 0.0234662 secs] 609758K->72272K(2029056K), 0.0235426 secs] [Times: user=0.25 sys=0.00, real=0.02 secs] 
2020-09-29T18:16:27.381+0200: 8.941: [GC (Allocation Failure) 2020-09-29T18:16:27.381+0200: 8.941: [ParNew: 613440K->42724K(613440K), 0.0111774 secs] 617616K->46900K(2029056K), 0.0112325 secs] [Times: user=0.00 sys=0.00, real=0.01 secs] 
2020-09-29T18:16:27.445+0200: 9.005: [GC (Allocation Failure) 2020-09-29T18:16:27.445+0200: 9.005: [ParNew: 588068K->36607K(613440K), 0.0154459 secs] 592244K->40784K(2029056K), 0.0155037 secs] [Times: user=0.13 sys=0.00, real=0.02 secs] 
2020-09-29T18:16:27.508+0200: 9.068: [GC (Allocation Failure) 2020-09-29T18:16:27.508+0200: 9.068: [ParNew: 581951K->44159K(613440K), 0.0150681 secs] 586128K->48335K(2029056K), 0.0151431 secs] [Times: user=0.13 sys=0.00, real=0.02 secs] 
2020-09-29T18:16:27.572+0200: 9.132: [GC (Allocation Failure) 2020-09-29T18:16:27.572+0200: 9.132: [ParNew: 589503K->48624K(613440K), 0.0214507 secs] 593679K->52800K(2029056K), 0.0215176 secs] [Times: user=0.13 sys=0.00, real=0.02 secs] 
2020-09-29T18:16:27.648+0200: 9.208: [GC (Allocation Failure) 2020-09-29T18:16:27.648+0200: 9.208: [ParNew: 593968K->63727K(613440K), 0.0243747 secs] 598144K->67903K(2029056K), 0.0244444 secs] [Times: user=0.13 sys=0.00, real=0.02 secs] 
2020-09-29T18:16:27.721+0200: 9.281: [GC (Allocation Failure) 2020-09-29T18:16:27.721+0200: 9.281: [ParNew: 609071K->53854K(613440K), 0.0187714 secs] 613247K->58030K(2029056K), 0.0188363 secs] [Times: user=0.25 sys=0.00, real=0.02 secs] 
2020-09-29T18:16:27.788+0200: 9.347: [GC (Allocation Failure) 2020-09-29T18:16:27.788+0200: 9.348: [ParNew: 599198K->68096K(613440K), 0.0238817 secs] 603374K->72412K(2029056K), 0.0239395 secs] [Times: user=0.13 sys=0.00, real=0.02 secs] 
2020-09-29T18:16:27.859+0200: 9.419: [GC (Allocation Failure) 2020-09-29T18:16:27.859+0200: 9.419: [ParNew: 613440K->44417K(613440K), 0.0100983 secs] 617756K->48733K(2029056K), 0.0101628 secs] [Times: user=0.13 sys=0.00, real=0.01 secs] 
2020-09-29T18:16:27.922+0200: 9.482: [GC (Allocation Failure) 2020-09-29T18:16:27.922+0200: 9.482: [ParNew: 589761K->36037K(613440K), 0.0163409 secs] 594077K->40353K(2029056K), 0.0164383 secs] [Times: user=0.13 sys=0.00, real=0.02 secs] 
2020-09-29T18:16:27.992+0200: 9.551: [GC (Allocation Failure) 2020-09-29T18:16:27.992+0200: 9.552: [ParNew: 581381K->38250K(613440K), 0.0144920 secs] 585697K->42566K(2029056K), 0.0145875 secs] [Times: user=0.13 sys=0.00, real=0.01 secs] 
2020-09-29T18:16:28.056+0200: 9.615: [GC (Allocation Failure) 2020-09-29T18:16:28.056+0200: 9.615: [ParNew: 583594K->51616K(613440K), 0.0201300 secs] 587910K->55932K(2029056K), 0.0201911 secs] [Times: user=0.13 sys=0.00, real=0.02 secs] 
2020-09-29T18:16:28.124+0200: 9.684: [GC (Allocation Failure) 2020-09-29T18:16:28.124+0200: 9.684: [ParNew: 596960K->38603K(613440K), 0.0134322 secs] 601276K->42919K(2029056K), 0.0134924 secs] [Times: user=0.13 sys=0.00, real=0.01 secs] 
2020-09-29T18:16:28.189+0200: 9.749: [GC (Allocation Failure) 2020-09-29T18:16:28.189+0200: 9.749: [ParNew: 583947K->22469K(613440K), 0.0124536 secs] 588263K->26785K(2029056K), 0.0125121 secs] [Times: user=0.13 sys=0.00, real=0.01 secs] 
2020-09-29T18:16:28.250+0200: 9.810: [GC (Allocation Failure) 2020-09-29T18:16:28.250+0200: 9.810: [ParNew: 567813K->49137K(613440K), 0.0216402 secs] 572129K->53453K(2029056K), 0.0216966 secs] [Times: user=0.25 sys=0.00, real=0.02 secs] 
2020-09-29T18:16:28.320+0200: 9.880: [GC (Allocation Failure) 2020-09-29T18:16:28.320+0200: 9.880: [ParNew: 594481K->68096K(613440K), 0.0216989 secs] 598797K->72412K(2029056K), 0.0217643 secs] [Times: user=0.13 sys=0.00, real=0.02 secs] 
2020-09-29T18:16:28.389+0200: 9.949: [GC (Allocation Failure) 2020-09-29T18:16:28.389+0200: 9.949: [ParNew: 613440K->29185K(613440K), 0.0149398 secs] 617756K->33501K(2029056K), 0.0149954 secs] [Times: user=0.13 sys=0.00, real=0.02 secs] 
2020-09-29T18:16:28.451+0200: 10.011: [GC (Allocation Failure) 2020-09-29T18:16:28.451+0200: 10.011: [ParNew: 574529K->68096K(613440K), 0.0246241 secs] 578845K->72413K(2029056K), 0.0246981 secs] [Times: user=0.25 sys=0.00, real=0.03 secs] 
2020-09-29T18:16:28.523+0200: 10.083: [GC (Allocation Failure) 2020-09-29T18:16:28.523+0200: 10.083: [ParNew: 613440K->54218K(613440K), 0.0187670 secs] 617757K->58535K(2029056K), 0.0188214 secs] [Times: user=0.13 sys=0.00, real=0.02 secs] 
2020-09-29T18:16:28.592+0200: 10.152: [GC (Allocation Failure) 2020-09-29T18:16:28.592+0200: 10.152: [ParNew: 599562K->45244K(613440K), 0.0177791 secs] 603879K->49562K(2029056K), 0.0178443 secs] [Times: user=0.13 sys=0.00, real=0.02 secs] 
2020-09-29T18:16:28.665+0200: 10.225: [GC (Allocation Failure) 2020-09-29T18:16:28.665+0200: 10.225: [ParNew: 590588K->39729K(613440K), 0.0181710 secs] 594906K->44046K(2029056K), 0.0182474 secs] [Times: user=0.13 sys=0.00, real=0.02 secs] 
2020-09-29T18:16:28.734+0200: 10.293: [GC (Allocation Failure) 2020-09-29T18:16:28.734+0200: 10.293: [ParNew: 585073K->66348K(613440K), 0.0227921 secs] 589390K->70666K(2029056K), 0.0228611 secs] [Times: user=0.25 sys=0.00, real=0.02 secs] 
2020-09-29T18:16:28.808+0200: 10.368: [GC (Allocation Failure) 2020-09-29T18:16:28.808+0200: 10.368: [ParNew: 611692K->49093K(613440K), 0.0173630 secs] 616010K->53410K(2029056K), 0.0174345 secs] [Times: user=0.13 sys=0.00, real=0.02 secs] 
2020-09-29T18:16:28.878+0200: 10.438: [GC (Allocation Failure) 2020-09-29T18:16:28.878+0200: 10.438: [ParNew: 594437K->46700K(613440K), 0.0221710 secs] 598754K->51017K(2029056K), 0.0222334 secs] [Times: user=0.23 sys=0.00, real=0.02 secs] 
2020-09-29T18:16:28.953+0200: 10.512: [GC (Allocation Failure) 2020-09-29T18:16:28.953+0200: 10.512: [ParNew: 592044K->45003K(613440K), 0.0147095 secs] 596361K->49321K(2029056K), 0.0147708 secs] [Times: user=0.13 sys=0.00, real=0.01 secs] 
2020-09-29T18:16:29.021+0200: 10.580: [GC (Allocation Failure) 2020-09-29T18:16:29.021+0200: 10.580: [ParNew: 590347K->42060K(613440K), 0.0198955 secs] 594665K->46377K(2029056K), 0.0199702 secs] [Times: user=0.13 sys=0.00, real=0.02 secs] 
2020-09-29T18:16:29.092+0200: 10.651: [GC (Allocation Failure) 2020-09-29T18:16:29.092+0200: 10.651: [ParNew: 587404K->41829K(613440K), 0.0138038 secs] 591721K->46146K(2029056K), 0.0138584 secs] [Times: user=0.13 sys=0.00, real=0.01 secs] 
2020-09-29T18:16:29.169+0200: 10.729: [GC (Allocation Failure) 2020-09-29T18:16:29.169+0200: 10.729: [ParNew: 587173K->36268K(613440K), 0.0131894 secs] 591490K->40586K(2029056K), 0.0132581 secs] [Times: user=0.13 sys=0.00, real=0.01 secs] 
2020-09-29T18:16:29.234+0200: 10.793: [GC (Allocation Failure) 2020-09-29T18:16:29.234+0200: 10.793: [ParNew: 581612K->37396K(613440K), 0.0176582 secs] 585930K->41714K(2029056K), 0.0177134 secs] [Times: user=0.13 sys=0.00, real=0.02 secs] 
2020-09-29T18:16:29.301+0200: 10.861: [GC (Allocation Failure) 2020-09-29T18:16:29.301+0200: 10.861: [ParNew: 582740K->25803K(613440K), 0.0125798 secs] 587058K->30120K(2029056K), 0.0126577 secs] [Times: user=0.00 sys=0.00, real=0.01 secs] 
2020-09-29T18:16:29.362+0200: 10.922: [GC (Allocation Failure) 2020-09-29T18:16:29.362+0200: 10.922: [ParNew: 571147K->44804K(613440K), 0.0205920 secs] 575464K->49122K(2029056K), 0.0206790 secs] [Times: user=0.25 sys=0.00, real=0.02 secs] 
2020-09-29T18:16:29.432+0200: 10.992: [GC (Allocation Failure) 2020-09-29T18:16:29.432+0200: 10.992: [ParNew: 590148K->36070K(613440K), 0.0159037 secs] 594466K->40388K(2029056K), 0.0159608 secs] [Times: user=0.13 sys=0.00, real=0.02 secs] 
2020-09-29T18:16:29.495+0200: 11.055: [GC (Allocation Failure) 2020-09-29T18:16:29.495+0200: 11.055: [ParNew: 581414K->51931K(613440K), 0.0192181 secs] 585732K->56248K(2029056K), 0.0192852 secs] [Times: user=0.13 sys=0.00, real=0.02 secs] 
2020-09-29T18:16:29.563+0200: 11.122: [GC (Allocation Failure) 2020-09-29T18:16:29.563+0200: 11.122: [ParNew: 597275K->33762K(613440K), 0.0133284 secs] 601592K->38079K(2029056K), 0.0133879 secs] [Times: user=0.11 sys=0.00, real=0.01 secs] 
2020-09-29T18:16:29.638+0200: 11.198: [GC (Allocation Failure) 2020-09-29T18:16:29.638+0200: 11.198: [ParNew: 579106K->51636K(613440K), 0.0224217 secs] 583423K->55953K(2029056K), 0.0224846 secs] [Times: user=0.13 sys=0.00, real=0.02 secs] 
2020-09-29T18:16:29.708+0200: 11.267: [GC (Allocation Failure) 2020-09-29T18:16:29.708+0200: 11.268: [ParNew: 596980K->32927K(613440K), 0.0109662 secs] 601297K->37245K(2029056K), 0.0110281 secs] [Times: user=0.00 sys=0.00, real=0.01 secs] 
2020-09-29T18:16:29.775+0200: 11.335: [GC (Allocation Failure) 2020-09-29T18:16:29.775+0200: 11.335: [ParNew: 578271K->33962K(613440K), 0.0166323 secs] 582589K->38279K(2029056K), 0.0166979 secs] [Times: user=0.13 sys=0.00, real=0.02 secs] 
2020-09-29T18:16:29.841+0200: 11.401: [GC (Allocation Failure) 2020-09-29T18:16:29.841+0200: 11.401: [ParNew: 579306K->28800K(613440K), 0.0137398 secs] 583623K->33117K(2029056K), 0.0137973 secs] [Times: user=0.13 sys=0.00, real=0.01 secs] 
2020-09-29T18:16:29.905+0200: 11.465: [GC (Allocation Failure) 2020-09-29T18:16:29.905+0200: 11.465: [ParNew: 574144K->50254K(613440K), 0.0179153 secs] 578461K->54572K(2029056K), 0.0179918 secs] [Times: user=0.13 sys=0.00, real=0.02 secs] 
2020-09-29T18:16:29.969+0200: 11.529: [GC (Allocation Failure) 2020-09-29T18:16:29.969+0200: 11.529: [ParNew: 595598K->39457K(613440K), 0.0178402 secs] 599916K->43774K(2029056K), 0.0178976 secs] [Times: user=0.13 sys=0.00, real=0.02 secs] 
2020-09-29T18:16:30.035+0200: 11.595: [GC (Allocation Failure) 2020-09-29T18:16:30.035+0200: 11.595: [ParNew: 584801K->40371K(613440K), 0.0170826 secs] 589118K->44689K(2029056K), 0.0171562 secs] [Times: user=0.25 sys=0.00, real=0.02 secs] 
2020-09-29T18:16:30.100+0200: 11.660: [GC (Allocation Failure) 2020-09-29T18:16:30.100+0200: 11.660: [ParNew: 585715K->37539K(613440K), 0.0160864 secs] 590033K->41857K(2029056K), 0.0161483 secs] [Times: user=0.13 sys=0.00, real=0.02 secs] 
2020-09-29T18:16:30.169+0200: 11.729: [GC (Allocation Failure) 2020-09-29T18:16:30.169+0200: 11.729: [ParNew: 582883K->32527K(613440K), 0.0162249 secs] 587201K->36845K(2029056K), 0.0162966 secs] [Times: user=0.13 sys=0.00, real=0.02 secs] 
2020-09-29T18:16:30.234+0200: 11.794: [GC (Allocation Failure) 2020-09-29T18:16:30.234+0200: 11.794: [ParNew: 577871K->29942K(613440K), 0.0185521 secs] 582189K->34260K(2029056K), 0.0186307 secs] [Times: user=0.11 sys=0.00, real=0.02 secs] 
2020-09-29T18:16:30.310+0200: 11.870: [GC (Allocation Failure) 2020-09-29T18:16:30.310+0200: 11.870: [ParNew: 575286K->68096K(613440K), 0.0275651 secs] 579604K->72421K(2029056K), 0.0276577 secs] [Times: user=0.23 sys=0.00, real=0.03 secs] 
2020-09-29T18:16:30.388+0200: 11.948: [GC (Allocation Failure) 2020-09-29T18:16:30.388+0200: 11.948: [ParNew: 613440K->42810K(613440K), 0.0142330 secs] 617765K->47136K(2029056K), 0.0142944 secs] [Times: user=0.13 sys=0.00, real=0.01 secs] 
2020-09-29T18:16:30.451+0200: 12.011: [GC (Allocation Failure) 2020-09-29T18:16:30.451+0200: 12.011: [ParNew: 588154K->33511K(613440K), 0.0171030 secs] 592480K->37837K(2029056K), 0.0171704 secs] [Times: user=0.13 sys=0.00, real=0.02 secs] 
2020-09-29T18:16:30.519+0200: 12.079: [GC (Allocation Failure) 2020-09-29T18:16:30.519+0200: 12.079: [ParNew: 578855K->53688K(613440K), 0.0217472 secs] 583181K->58014K(2029056K), 0.0218035 secs] [Times: user=0.25 sys=0.00, real=0.02 secs] 
2020-09-29T18:16:30.589+0200: 12.149: [GC (Allocation Failure) 2020-09-29T18:16:30.589+0200: 12.149: [ParNew: 599032K->44999K(613440K), 0.0155583 secs] 603358K->49325K(2029056K), 0.0156179 secs] [Times: user=0.13 sys=0.00, real=0.02 secs] 
2020-09-29T18:16:30.660+0200: 12.220: [GC (Allocation Failure) 2020-09-29T18:16:30.660+0200: 12.220: [ParNew: 590343K->63893K(613440K), 0.0204602 secs] 594669K->68219K(2029056K), 0.0205223 secs] [Times: user=0.25 sys=0.00, real=0.02 secs] 
2020-09-29T18:16:30.730+0200: 12.289: [GC (Allocation Failure) 2020-09-29T18:16:30.730+0200: 12.289: [ParNew: 609237K->47212K(613440K), 0.0194245 secs] 613563K->51538K(2029056K), 0.0194812 secs] [Times: user=0.13 sys=0.00, real=0.02 secs] 
2020-09-29T18:16:30.798+0200: 12.358: [GC (Allocation Failure) 2020-09-29T18:16:30.798+0200: 12.358: [ParNew: 592556K->37919K(613440K), 0.0136173 secs] 596882K->42245K(2029056K), 0.0136721 secs] [Times: user=0.13 sys=0.00, real=0.01 secs] 
2020-09-29T18:16:30.864+0200: 12.424: [GC (Allocation Failure) 2020-09-29T18:16:30.865+0200: 12.424: [ParNew: 583263K->24785K(613440K), 0.0125236 secs] 587589K->29111K(2029056K), 0.0125841 secs] [Times: user=0.00 sys=0.00, real=0.01 secs] 
2020-09-29T18:16:30.931+0200: 12.491: [GC (Allocation Failure) 2020-09-29T18:16:30.931+0200: 12.491: [ParNew: 570129K->49905K(613440K), 0.0220598 secs] 574455K->54231K(2029056K), 0.0221500 secs] [Times: user=0.13 sys=0.00, real=0.02 secs] 
2020-09-29T18:16:31.000+0200: 12.560: [GC (Allocation Failure) 2020-09-29T18:16:31.000+0200: 12.560: [ParNew: 595249K->41670K(613440K), 0.0155876 secs] 599575K->45996K(2029056K), 0.0156666 secs] [Times: user=0.13 sys=0.00, real=0.02 secs] 
2020-09-29T18:16:31.067+0200: 12.626: [GC (Allocation Failure) 2020-09-29T18:16:31.067+0200: 12.626: [ParNew: 587014K->60070K(613440K), 0.0202236 secs] 591340K->64396K(2029056K), 0.0202897 secs] [Times: user=0.13 sys=0.00, real=0.02 secs] 
2020-09-29T18:16:31.137+0200: 12.697: [GC (Allocation Failure) 2020-09-29T18:16:31.137+0200: 12.697: [ParNew: 605414K->37124K(613440K), 0.0150729 secs] 609740K->41450K(2029056K), 0.0151357 secs] [Times: user=0.13 sys=0.00, real=0.01 secs] 
2020-09-29T18:16:31.201+0200: 12.760: [GC (Allocation Failure) 2020-09-29T18:16:31.201+0200: 12.760: [ParNew: 582468K->37219K(613440K), 0.0187394 secs] 586794K->41545K(2029056K), 0.0187975 secs] [Times: user=0.13 sys=0.00, real=0.02 secs] 
2020-09-29T18:16:31.266+0200: 12.826: [GC (Allocation Failure) 2020-09-29T18:16:31.266+0200: 12.826: [ParNew: 582563K->44916K(613440K), 0.0170152 secs] 586889K->49242K(2029056K), 0.0170887 secs] [Times: user=0.13 sys=0.00, real=0.02 secs] 
2020-09-29T18:16:31.331+0200: 12.891: [GC (Allocation Failure) 2020-09-29T18:16:31.331+0200: 12.891: [ParNew: 590260K->59171K(613440K), 0.0215334 secs] 594586K->63497K(2029056K), 0.0215994 secs] [Times: user=0.24 sys=0.00, real=0.02 secs] 
2020-09-29T18:16:31.402+0200: 12.961: [GC (Allocation Failure) 2020-09-29T18:16:31.402+0200: 12.961: [ParNew: 604515K->42265K(613440K), 0.0144651 secs] 608841K->46591K(2029056K), 0.0145189 secs] [Times: user=0.13 sys=0.00, real=0.01 secs] 
2020-09-29T18:16:31.466+0200: 13.026: [GC (Allocation Failure) 2020-09-29T18:16:31.466+0200: 13.026: [ParNew: 587609K->58706K(613440K), 0.0200358 secs] 591935K->63032K(2029056K), 0.0200923 secs] [Times: user=0.13 sys=0.00, real=0.02 secs] 
2020-09-29T18:16:31.533+0200: 13.093: [GC (Allocation Failure) 2020-09-29T18:16:31.533+0200: 13.093: [ParNew: 604050K->45193K(613440K), 0.0199879 secs] 608376K->49519K(2029056K), 0.0200454 secs] [Times: user=0.25 sys=0.00, real=0.02 secs] 
2020-09-29T18:16:31.601+0200: 13.161: [GC (Allocation Failure) 2020-09-29T18:16:31.602+0200: 13.161: [ParNew: 590537K->46654K(613440K), 0.0197315 secs] 594863K->50980K(2029056K), 0.0197954 secs] [Times: user=0.13 sys=0.00, real=0.02 secs] 
2020-09-29T18:16:31.672+0200: 13.232: [GC (Allocation Failure) 2020-09-29T18:16:31.672+0200: 13.232: [ParNew: 591998K->68096K(613440K), 0.0233803 secs] 596324K->72421K(2029056K), 0.0234354 secs] [Times: user=0.25 sys=0.00, real=0.02 secs] 
2020-09-29T18:16:31.743+0200: 13.302: [GC (Allocation Failure) 2020-09-29T18:16:31.743+0200: 13.302: [ParNew: 613440K->51625K(613440K), 0.0230850 secs] 617765K->55951K(2029056K), 0.0231698 secs] [Times: user=0.13 sys=0.00, real=0.02 secs] 
2020-09-29T18:16:31.814+0200: 13.374: [GC (Allocation Failure) 2020-09-29T18:16:31.814+0200: 13.374: [ParNew: 596969K->43673K(613440K), 0.0184999 secs] 601295K->47999K(2029056K), 0.0185711 secs] [Times: user=0.13 sys=0.00, real=0.02 secs] 
2020-09-29T18:16:31.879+0200: 13.439: [GC (Allocation Failure) 2020-09-29T18:16:31.879+0200: 13.439: [ParNew: 589017K->65954K(613440K), 0.0213545 secs] 593343K->70280K(2029056K), 0.0214152 secs] [Times: user=0.25 sys=0.00, real=0.02 secs] 
2020-09-29T18:16:31.947+0200: 13.507: [GC (Allocation Failure) 2020-09-29T18:16:31.947+0200: 13.507: [ParNew: 611298K->21795K(613440K), 0.0069745 secs] 615624K->26121K(2029056K), 0.0070322 secs] [Times: user=0.00 sys=0.00, real=0.01 secs] 
2020-09-29T18:16:32.010+0200: 13.570: [GC (Allocation Failure) 2020-09-29T18:16:32.011+0200: 13.570: [ParNew: 567139K->37487K(613440K), 0.0182174 secs] 571465K->41813K(2029056K), 0.0183123 secs] [Times: user=0.13 sys=0.00, real=0.02 secs] 
2020-09-29T18:16:32.075+0200: 13.635: [GC (Allocation Failure) 2020-09-29T18:16:32.075+0200: 13.635: [ParNew: 582831K->47994K(613440K), 0.0170934 secs] 587157K->52320K(2029056K), 0.0171526 secs] [Times: user=0.13 sys=0.00, real=0.02 secs] 
2020-09-29T18:16:32.139+0200: 13.699: [GC (Allocation Failure) 2020-09-29T18:16:32.139+0200: 13.699: [ParNew: 593338K->35273K(613440K), 0.0158633 secs] 597664K->39599K(2029056K), 0.0159231 secs] [Times: user=0.13 sys=0.00, real=0.02 secs] 
2020-09-29T18:16:32.205+0200: 13.765: [GC (Allocation Failure) 2020-09-29T18:16:32.205+0200: 13.765: [ParNew: 580617K->34129K(613440K), 0.0151519 secs] 584943K->38455K(2029056K), 0.0152077 secs] [Times: user=0.13 sys=0.00, real=0.02 secs] 
2020-09-29T18:16:32.277+0200: 13.837: [GC (Allocation Failure) 2020-09-29T18:16:32.277+0200: 13.837: [ParNew: 579473K->32680K(613440K), 0.0145288 secs] 583799K->37006K(2029056K), 0.0146033 secs] [Times: user=0.13 sys=0.00, real=0.02 secs] 
2020-09-29T18:16:32.341+0200: 13.901: [GC (Allocation Failure) 2020-09-29T18:16:32.341+0200: 13.901: [ParNew: 578024K->30612K(613440K), 0.0134767 secs] 582350K->34938K(2029056K), 0.0135470 secs] [Times: user=0.13 sys=0.00, real=0.01 secs] 
2020-09-29T18:16:32.402+0200: 13.962: [GC (Allocation Failure) 2020-09-29T18:16:32.402+0200: 13.962: [ParNew: 575956K->24957K(613440K), 0.0135329 secs] 580282K->29283K(2029056K), 0.0135895 secs] [Times: user=0.13 sys=0.00, real=0.01 secs] 
2020-09-29T18:16:32.464+0200: 14.024: [GC (Allocation Failure) 2020-09-29T18:16:32.464+0200: 14.024: [ParNew: 570301K->40048K(613440K), 0.0175974 secs] 574627K->44374K(2029056K), 0.0176526 secs] [Times: user=0.13 sys=0.00, real=0.02 secs] 
2020-09-29T18:16:32.533+0200: 14.093: [GC (Allocation Failure) 2020-09-29T18:16:32.534+0200: 14.093: [ParNew: 585392K->35070K(613440K), 0.0157341 secs] 589718K->39396K(2029056K), 0.0157939 secs] [Times: user=0.13 sys=0.00, real=0.02 secs] 
2020-09-29T18:16:32.601+0200: 14.160: [GC (Allocation Failure) 2020-09-29T18:16:32.601+0200: 14.160: [ParNew: 580414K->68096K(613440K), 0.0282372 secs] 584740K->72421K(2029056K), 0.0283257 secs] [Times: user=0.11 sys=0.00, real=0.03 secs] 
2020-09-29T18:16:32.676+0200: 14.236: [GC (Allocation Failure) 2020-09-29T18:16:32.676+0200: 14.236: [ParNew: 613440K->56005K(613440K), 0.0205311 secs] 617765K->60331K(2029056K), 0.0206085 secs] [Times: user=0.13 sys=0.00, real=0.02 secs] 
2020-09-29T18:16:32.746+0200: 14.306: [GC (Allocation Failure) 2020-09-29T18:16:32.746+0200: 14.306: [ParNew: 601349K->45957K(613440K), 0.0196207 secs] 605675K->50283K(2029056K), 0.0196972 secs] [Times: user=0.13 sys=0.00, real=0.02 secs] 
2020-09-29T18:16:32.815+0200: 14.375: [GC (Allocation Failure) 2020-09-29T18:16:32.815+0200: 14.375: [ParNew: 591301K->41744K(613440K), 0.0201186 secs] 595627K->46070K(2029056K), 0.0201801 secs] [Times: user=0.25 sys=0.00, real=0.02 secs] 
2020-09-29T18:16:32.883+0200: 14.443: [GC (Allocation Failure) 2020-09-29T18:16:32.883+0200: 14.443: [ParNew: 587088K->68096K(613440K), 0.0234759 secs] 591414K->72421K(2029056K), 0.0235311 secs] [Times: user=0.13 sys=0.00, real=0.02 secs] 
2020-09-29T18:16:32.953+0200: 14.513: [GC (Allocation Failure) 2020-09-29T18:16:32.953+0200: 14.513: [ParNew: 613440K->54696K(613440K), 0.0176563 secs] 617765K->59022K(2029056K), 0.0177199 secs] [Times: user=0.13 sys=0.00, real=0.02 secs] 
2020-09-29T18:16:33.019+0200: 14.578: [GC (Allocation Failure) 2020-09-29T18:16:33.019+0200: 14.578: [ParNew: 600040K->24878K(613440K), 0.0121279 secs] 604366K->29204K(2029056K), 0.0121846 secs] [Times: user=0.13 sys=0.00, real=0.01 secs] 
2020-09-29T18:16:33.078+0200: 14.638: [GC (Allocation Failure) 2020-09-29T18:16:33.078+0200: 14.638: [ParNew: 570222K->40016K(613440K), 0.0140902 secs] 574548K->44342K(2029056K), 0.0141521 secs] [Times: user=0.13 sys=0.00, real=0.01 secs] 
2020-09-29T18:16:33.139+0200: 14.699: [GC (Allocation Failure) 2020-09-29T18:16:33.139+0200: 14.699: [ParNew: 585360K->45700K(613440K), 0.0189814 secs] 589686K->50026K(2029056K), 0.0190425 secs] [Times: user=0.13 sys=0.00, real=0.02 secs] 
2020-09-29T18:16:33.205+0200: 14.765: [GC (Allocation Failure) 2020-09-29T18:16:33.205+0200: 14.765: [ParNew: 591044K->50170K(613440K), 0.0172654 secs] 595370K->54496K(2029056K), 0.0173241 secs] [Times: user=0.13 sys=0.00, real=0.02 secs] 
2020-09-29T18:16:33.269+0200: 14.829: [GC (Allocation Failure) 2020-09-29T18:16:33.269+0200: 14.829: [ParNew: 595514K->39710K(613440K), 0.0164868 secs] 599840K->44036K(2029056K), 0.0165425 secs] [Times: user=0.13 sys=0.00, real=0.02 secs] 
2020-09-29T18:16:33.335+0200: 14.895: [GC (Allocation Failure) 2020-09-29T18:16:33.335+0200: 14.895: [ParNew: 585054K->30678K(613440K), 0.0097714 secs] 589380K->35004K(2029056K), 0.0098284 secs] [Times: user=0.00 sys=0.00, real=0.01 secs] 
2020-09-29T18:16:33.398+0200: 14.958: [GC (Allocation Failure) 2020-09-29T18:16:33.398+0200: 14.958: [ParNew: 576022K->26131K(613440K), 0.0136828 secs] 580348K->30457K(2029056K), 0.0137422 secs] [Times: user=0.13 sys=0.00, real=0.01 secs] 
2020-09-29T18:16:33.461+0200: 15.021: [GC (Allocation Failure) 2020-09-29T18:16:33.461+0200: 15.021: [ParNew: 571475K->54413K(613440K), 0.0235749 secs] 575801K->58739K(2029056K), 0.0236339 secs] [Times: user=0.13 sys=0.00, real=0.02 secs] 
2020-09-29T18:16:33.533+0200: 15.093: [GC (Allocation Failure) 2020-09-29T18:16:33.533+0200: 15.093: [ParNew: 599757K->48568K(613440K), 0.0176098 secs] 604083K->52894K(2029056K), 0.0176812 secs] [Times: user=0.13 sys=0.00, real=0.02 secs] 
2020-09-29T18:16:33.606+0200: 15.166: [GC (Allocation Failure) 2020-09-29T18:16:33.606+0200: 15.166: [ParNew: 593912K->42040K(613440K), 0.0174247 secs] 598238K->46366K(2029056K), 0.0174911 secs] [Times: user=0.13 sys=0.00, real=0.02 secs] 
2020-09-29T18:16:33.677+0200: 15.237: [GC (Allocation Failure) 2020-09-29T18:16:33.677+0200: 15.237: [ParNew: 587384K->39448K(613440K), 0.0172933 secs] 591710K->43774K(2029056K), 0.0173619 secs] [Times: user=0.13 sys=0.00, real=0.02 secs] 
2020-09-29T18:16:33.745+0200: 15.305: [GC (Allocation Failure) 2020-09-29T18:16:33.745+0200: 15.305: [ParNew: 584792K->38727K(613440K), 0.0154469 secs] 589118K->43053K(2029056K), 0.0155222 secs] [Times: user=0.13 sys=0.00, real=0.02 secs] 
2020-09-29T18:16:33.808+0200: 15.368: [GC (Allocation Failure) 2020-09-29T18:16:33.808+0200: 15.368: [ParNew: 584071K->57759K(613440K), 0.0213505 secs] 588397K->62085K(2029056K), 0.0214143 secs] [Times: user=0.13 sys=0.00, real=0.02 secs] 
2020-09-29T18:16:33.879+0200: 15.438: [GC (Allocation Failure) 2020-09-29T18:16:33.879+0200: 15.438: [ParNew: 603103K->68096K(613440K), 0.0265805 secs] 607429K->73510K(2029056K), 0.0266609 secs] [Times: user=0.25 sys=0.00, real=0.03 secs] 
2020-09-29T18:16:33.956+0200: 15.516: [GC (Allocation Failure) 2020-09-29T18:16:33.956+0200: 15.516: [ParNew: 613440K->59076K(613440K), 0.0205603 secs] 618854K->64490K(2029056K), 0.0206311 secs] [Times: user=0.25 sys=0.00, real=0.02 secs] 
2020-09-29T18:16:34.029+0200: 15.589: [GC (Allocation Failure) 2020-09-29T18:16:34.029+0200: 15.589: [ParNew: 604420K->45722K(613440K), 0.0238433 secs] 609834K->51136K(2029056K), 0.0239101 secs] [Times: user=0.25 sys=0.00, real=0.02 secs] 
2020-09-29T18:16:34.110+0200: 15.670: [GC (Allocation Failure) 2020-09-29T18:16:34.110+0200: 15.670: [ParNew: 591066K->43666K(613440K), 0.0241100 secs] 596480K->49080K(2029056K), 0.0241902 secs] [Times: user=0.25 sys=0.00, real=0.02 secs] 
2020-09-29T18:16:34.184+0200: 15.744: [GC (Allocation Failure) 2020-09-29T18:16:34.184+0200: 15.744: [ParNew: 589010K->34999K(613440K), 0.0152639 secs] 594424K->40413K(2029056K), 0.0153315 secs] [Times: user=0.13 sys=0.00, real=0.01 secs] 
2020-09-29T18:16:34.255+0200: 15.815: [GC (Allocation Failure) 2020-09-29T18:16:34.255+0200: 15.815: [ParNew: 580343K->34873K(613440K), 0.0217593 secs] 585757K->40287K(2029056K), 0.0218377 secs] [Times: user=0.13 sys=0.00, real=0.02 secs] 
2020-09-29T18:16:34.331+0200: 15.890: [GC (Allocation Failure) 2020-09-29T18:16:34.331+0200: 15.890: [ParNew: 580217K->53097K(613440K), 0.0265706 secs] 585631K->58511K(2029056K), 0.0266516 secs] [Times: user=0.25 sys=0.00, real=0.03 secs] 
2020-09-29T18:16:34.407+0200: 15.967: [GC (Allocation Failure) 2020-09-29T18:16:34.407+0200: 15.967: [ParNew: 598441K->45340K(613440K), 0.0193720 secs] 603855K->50754K(2029056K), 0.0194425 secs] [Times: user=0.25 sys=0.00, real=0.02 secs] 
2020-09-29T18:16:34.475+0200: 16.035: [GC (Allocation Failure) 2020-09-29T18:16:34.475+0200: 16.035: [ParNew: 590684K->40259K(613440K), 0.0186442 secs] 596098K->45673K(2029056K), 0.0187075 secs] [Times: user=0.13 sys=0.00, real=0.02 secs] 
2020-09-29T18:16:34.544+0200: 16.103: [GC (Allocation Failure) 2020-09-29T18:16:34.544+0200: 16.103: [ParNew: 585603K->58249K(613440K), 0.0302904 secs] 591017K->63663K(2029056K), 0.0303772 secs] [Times: user=0.25 sys=0.00, real=0.03 secs] 
2020-09-29T18:16:34.623+0200: 16.183: [GC (Allocation Failure) 2020-09-29T18:16:34.623+0200: 16.183: [ParNew: 603593K->68096K(613440K), 0.0304527 secs] 609007K->73510K(2029056K), 0.0305221 secs] [Times: user=0.23 sys=0.00, real=0.03 secs] 
2020-09-29T18:16:34.705+0200: 16.264: [GC (Allocation Failure) 2020-09-29T18:16:34.705+0200: 16.264: [ParNew: 613440K->52060K(613440K), 0.0286491 secs] 618854K->57474K(2029056K), 0.0287134 secs] [Times: user=0.25 sys=0.00, real=0.03 secs] 
2020-09-29T18:16:34.784+0200: 16.344: [GC (Allocation Failure) 2020-09-29T18:16:34.784+0200: 16.344: [ParNew: 597404K->55335K(613440K), 0.0288224 secs] 602818K->60749K(2029056K), 0.0289010 secs] [Times: user=0.23 sys=0.00, real=0.03 secs] 
2020-09-29T18:16:34.860+0200: 16.420: [GC (Allocation Failure) 2020-09-29T18:16:34.861+0200: 16.420: [ParNew: 600679K->50785K(613440K), 0.0284962 secs] 606093K->56199K(2029056K), 0.0285721 secs] [Times: user=0.25 sys=0.00, real=0.03 secs] 
2020-09-29T18:16:34.938+0200: 16.498: [GC (Allocation Failure) 2020-09-29T18:16:34.938+0200: 16.498: [ParNew: 596129K->54379K(613440K), 0.0265211 secs] 601543K->59793K(2029056K), 0.0266140 secs] [Times: user=0.25 sys=0.00, real=0.03 secs] 
2020-09-29T18:16:35.011+0200: 16.571: [GC (Allocation Failure) 2020-09-29T18:16:35.011+0200: 16.571: [ParNew: 599723K->43242K(613440K), 0.0192540 secs] 605137K->48656K(2029056K), 0.0193180 secs] [Times: user=0.13 sys=0.00, real=0.02 secs] 
2020-09-29T18:16:35.091+0200: 16.651: [GC (Allocation Failure) 2020-09-29T18:16:35.091+0200: 16.651: [ParNew: 588586K->44248K(613440K), 0.0247481 secs] 594000K->49662K(2029056K), 0.0248133 secs] [Times: user=0.25 sys=0.00, real=0.02 secs] 
2020-09-29T18:16:35.168+0200: 16.728: [GC (Allocation Failure) 2020-09-29T18:16:35.168+0200: 16.728: [ParNew: 589592K->66300K(613440K), 0.0307319 secs] 595006K->71714K(2029056K), 0.0308104 secs] [Times: user=0.25 sys=0.00, real=0.03 secs] 
2020-09-29T18:16:35.245+0200: 16.805: [GC (Allocation Failure) 2020-09-29T18:16:35.246+0200: 16.805: [ParNew: 611644K->43091K(613440K), 0.0161601 secs] 617058K->48505K(2029056K), 0.0162329 secs] [Times: user=0.13 sys=0.00, real=0.02 secs] 
2020-09-29T18:16:35.315+0200: 16.875: [GC (Allocation Failure) 2020-09-29T18:16:35.315+0200: 16.875: [ParNew: 588435K->40942K(613440K), 0.0221446 secs] 593849K->46356K(2029056K), 0.0222114 secs] [Times: user=0.22 sys=0.00, real=0.02 secs] 
2020-09-29T18:16:35.389+0200: 16.949: [GC (Allocation Failure) 2020-09-29T18:16:35.389+0200: 16.949: [ParNew: 586286K->55917K(613440K), 0.0273567 secs] 591700K->61331K(2029056K), 0.0274452 secs] [Times: user=0.25 sys=0.00, real=0.03 secs] 
2020-09-29T18:16:35.463+0200: 17.023: [GC (Allocation Failure) 2020-09-29T18:16:35.463+0200: 17.023: [ParNew: 601261K->37162K(613440K), 0.0105831 secs] 606675K->42576K(2029056K), 0.0106606 secs] [Times: user=0.13 sys=0.00, real=0.01 secs] 
2020-09-29T18:16:35.533+0200: 17.093: [GC (Allocation Failure) 2020-09-29T18:16:35.533+0200: 17.093: [ParNew: 582506K->29804K(613440K), 0.0180268 secs] 587920K->35218K(2029056K), 0.0180901 secs] [Times: user=0.25 sys=0.00, real=0.02 secs] 
2020-09-29T18:16:35.606+0200: 17.166: [GC (Allocation Failure) 2020-09-29T18:16:35.606+0200: 17.166: [ParNew: 575148K->58161K(613440K), 0.0321482 secs] 580562K->63575K(2029056K), 0.0322159 secs] [Times: user=0.24 sys=0.00, real=0.03 secs] 
2020-09-29T18:16:35.686+0200: 17.246: [GC (Allocation Failure) 2020-09-29T18:16:35.686+0200: 17.246: [ParNew: 603505K->40084K(613440K), 0.0172715 secs] 608919K->45498K(2029056K), 0.0173544 secs] [Times: user=0.13 sys=0.00, real=0.02 secs] 
2020-09-29T18:16:35.758+0200: 17.318: [GC (Allocation Failure) 2020-09-29T18:16:35.758+0200: 17.318: [ParNew: 585428K->57020K(613440K), 0.0281462 secs] 590842K->62434K(2029056K), 0.0282351 secs] [Times: user=0.25 sys=0.00, real=0.03 secs] 
2020-09-29T18:16:35.839+0200: 17.399: [GC (Allocation Failure) 2020-09-29T18:16:35.839+0200: 17.399: [ParNew: 602364K->48023K(613440K), 0.0214298 secs] 607778K->53437K(2029056K), 0.0214956 secs] [Times: user=0.13 sys=0.00, real=0.02 secs] 
2020-09-29T18:16:35.908+0200: 17.468: [GC (Allocation Failure) 2020-09-29T18:16:35.908+0200: 17.468: [ParNew: 593367K->36075K(613440K), 0.0211807 secs] 598781K->41489K(2029056K), 0.0212630 secs] [Times: user=0.22 sys=0.00, real=0.02 secs] 
2020-09-29T18:16:35.979+0200: 17.539: [GC (Allocation Failure) 2020-09-29T18:16:35.979+0200: 17.539: [ParNew: 581419K->58630K(613440K), 0.0266081 secs] 586833K->64044K(2029056K), 0.0266771 secs] [Times: user=0.25 sys=0.00, real=0.03 secs] 
2020-09-29T18:16:36.057+0200: 17.616: [GC (Allocation Failure) 2020-09-29T18:16:36.057+0200: 17.616: [ParNew: 603974K->65724K(613440K), 0.0267114 secs] 609388K->71138K(2029056K), 0.0267825 secs] [Times: user=0.25 sys=0.00, real=0.03 secs] 
2020-09-29T18:16:36.131+0200: 17.691: [GC (Allocation Failure) 2020-09-29T18:16:36.131+0200: 17.691: [ParNew: 611068K->52450K(613440K), 0.0251278 secs] 616482K->57864K(2029056K), 0.0251966 secs] [Times: user=0.13 sys=0.00, real=0.02 secs] 
2020-09-29T18:16:36.204+0200: 17.764: [GC (Allocation Failure) 2020-09-29T18:16:36.204+0200: 17.764: [ParNew: 597794K->55985K(613440K), 0.0303699 secs] 603208K->61399K(2029056K), 0.0304344 secs] [Times: user=0.23 sys=0.00, real=0.03 secs] 
2020-09-29T18:16:36.289+0200: 17.849: [GC (Allocation Failure) 2020-09-29T18:16:36.289+0200: 17.849: [ParNew: 601329K->34215K(613440K), 0.0158365 secs] 606743K->39630K(2029056K), 0.0159023 secs] [Times: user=0.13 sys=0.00, real=0.02 secs] 
2020-09-29T18:16:36.359+0200: 17.919: [GC (Allocation Failure) 2020-09-29T18:16:36.359+0200: 17.919: [ParNew: 579559K->34086K(613440K), 0.0239743 secs] 584974K->39500K(2029056K), 0.0240393 secs] [Times: user=0.25 sys=0.00, real=0.02 secs] 
2020-09-29T18:16:36.430+0200: 17.990: [GC (Allocation Failure) 2020-09-29T18:16:36.430+0200: 17.990: [ParNew: 579430K->56791K(613440K), 0.0269241 secs] 584844K->62205K(2029056K), 0.0269949 secs] [Times: user=0.13 sys=0.00, real=0.03 secs] 
2020-09-29T18:16:36.506+0200: 18.065: [GC (Allocation Failure) 2020-09-29T18:16:36.506+0200: 18.065: [ParNew: 602135K->40045K(613440K), 0.0179405 secs] 607549K->45459K(2029056K), 0.0180032 secs] [Times: user=0.13 sys=0.00, real=0.02 secs] 
2020-09-29T18:16:36.589+0200: 18.149: [GC (Allocation Failure) 2020-09-29T18:16:36.589+0200: 18.149: [ParNew: 585389K->38145K(613440K), 0.0170143 secs] 590803K->43559K(2029056K), 0.0170810 secs] [Times: user=0.13 sys=0.00, real=0.02 secs] 
2020-09-29T18:16:36.664+0200: 18.224: [GC (Allocation Failure) 2020-09-29T18:16:36.664+0200: 18.224: [ParNew: 583489K->40361K(613440K), 0.0238024 secs] 588903K->45775K(2029056K), 0.0238679 secs] [Times: user=0.13 sys=0.00, real=0.02 secs] 
2020-09-29T18:16:36.736+0200: 18.295: [GC (Allocation Failure) 2020-09-29T18:16:36.736+0200: 18.296: [ParNew: 585705K->56799K(613440K), 0.0288470 secs] 591119K->62214K(2029056K), 0.0289212 secs] [Times: user=0.25 sys=0.00, real=0.03 secs] 
2020-09-29T18:16:36.814+0200: 18.374: [GC (Allocation Failure) 2020-09-29T18:16:36.814+0200: 18.374: [ParNew: 602143K->68096K(613440K), 0.0282369 secs] 607558K->73510K(2029056K), 0.0283056 secs] [Times: user=0.25 sys=0.00, real=0.03 secs] 
2020-09-29T18:16:36.893+0200: 18.453: [GC (Allocation Failure) 2020-09-29T18:16:36.893+0200: 18.453: [ParNew: 613440K->39040K(613440K), 0.0125538 secs] 618854K->44454K(2029056K), 0.0126185 secs] [Times: user=0.13 sys=0.00, real=0.01 secs] 
2020-09-29T18:16:36.961+0200: 18.521: [GC (Allocation Failure) 2020-09-29T18:16:36.961+0200: 18.521: [ParNew: 584384K->32761K(613440K), 0.0172041 secs] 589798K->38175K(2029056K), 0.0172698 secs] [Times: user=0.13 sys=0.00, real=0.02 secs] 
2020-09-29T18:16:37.025+0200: 18.585: [GC (Allocation Failure) 2020-09-29T18:16:37.026+0200: 18.585: [ParNew: 578105K->25167K(613440K), 0.0149266 secs] 583519K->30582K(2029056K), 0.0149939 secs] [Times: user=0.13 sys=0.00, real=0.02 secs] 
2020-09-29T18:16:37.097+0200: 18.657: [GC (Allocation Failure) 2020-09-29T18:16:37.098+0200: 18.657: [ParNew: 570511K->56689K(613440K), 0.0302971 secs] 575926K->62103K(2029056K), 0.0303672 secs] [Times: user=0.14 sys=0.00, real=0.03 secs] 
2020-09-29T18:16:37.175+0200: 18.734: [GC (Allocation Failure) 2020-09-29T18:16:37.175+0200: 18.734: [ParNew: 602033K->47996K(613440K), 0.0214951 secs] 607447K->53411K(2029056K), 0.0215595 secs] [Times: user=0.25 sys=0.00, real=0.02 secs] 
2020-09-29T18:16:37.249+0200: 18.809: [GC (Allocation Failure) 2020-09-29T18:16:37.249+0200: 18.809: [ParNew: 593340K->63508K(613440K), 0.0276379 secs] 598755K->68922K(2029056K), 0.0277188 secs] [Times: user=0.25 sys=0.00, real=0.03 secs] 
2020-09-29T18:16:37.326+0200: 18.885: [GC (Allocation Failure) 2020-09-29T18:16:37.326+0200: 18.886: [ParNew: 608852K->49103K(613440K), 0.0272520 secs] 614266K->54517K(2029056K), 0.0273131 secs] [Times: user=0.25 sys=0.00, real=0.03 secs] 
2020-09-29T18:16:37.403+0200: 18.963: [GC (Allocation Failure) 2020-09-29T18:16:37.403+0200: 18.963: [ParNew: 594447K->48975K(613440K), 0.0269131 secs] 599861K->54389K(2029056K), 0.0269952 secs] [Times: user=0.25 sys=0.00, real=0.03 secs] 
2020-09-29T18:16:37.478+0200: 19.038: [GC (Allocation Failure) 2020-09-29T18:16:37.478+0200: 19.038: [ParNew: 594319K->42677K(613440K), 0.0168021 secs] 599733K->48091K(2029056K), 0.0168696 secs] [Times: user=0.13 sys=0.00, real=0.02 secs] 
2020-09-29T18:16:37.551+0200: 19.111: [GC (Allocation Failure) 2020-09-29T18:16:37.551+0200: 19.111: [ParNew: 588021K->43017K(613440K), 0.0240759 secs] 593435K->48431K(2029056K), 0.0241603 secs] [Times: user=0.13 sys=0.00, real=0.02 secs] 
2020-09-29T18:16:37.624+0200: 19.184: [GC (Allocation Failure) 2020-09-29T18:16:37.625+0200: 19.184: [ParNew: 588361K->65030K(613440K), 0.0313658 secs] 593775K->70444K(2029056K), 0.0314522 secs] [Times: user=0.23 sys=0.00, real=0.03 secs] 
2020-09-29T18:16:37.705+0200: 19.265: [GC (Allocation Failure) 2020-09-29T18:16:37.705+0200: 19.265: [ParNew: 610374K->52562K(613440K), 0.0287227 secs] 615788K->57976K(2029056K), 0.0287969 secs] [Times: user=0.25 sys=0.00, real=0.03 secs] 
2020-09-29T18:16:37.785+0200: 19.345: [GC (Allocation Failure) 2020-09-29T18:16:37.785+0200: 19.345: [ParNew: 597906K->45999K(613440K), 0.0129267 secs] 603320K->51413K(2029056K), 0.0129912 secs] [Times: user=0.08 sys=0.00, real=0.01 secs] 
2020-09-29T18:16:37.857+0200: 19.417: [GC (Allocation Failure) 2020-09-29T18:16:37.857+0200: 19.417: [ParNew: 591343K->34037K(613440K), 0.0200322 secs] 596757K->39451K(2029056K), 0.0200981 secs] [Times: user=0.13 sys=0.00, real=0.02 secs] 
2020-09-29T18:16:37.928+0200: 19.488: [GC (Allocation Failure) 2020-09-29T18:16:37.928+0200: 19.488: [ParNew: 579381K->41434K(613440K), 0.0195986 secs] 584795K->46848K(2029056K), 0.0196641 secs] [Times: user=0.13 sys=0.00, real=0.02 secs] 
2020-09-29T18:16:38.001+0200: 19.561: [GC (Allocation Failure) 2020-09-29T18:16:38.001+0200: 19.561: [ParNew: 586778K->28004K(613440K), 0.0192518 secs] 592192K->33418K(2029056K), 0.0193206 secs] [Times: user=0.25 sys=0.00, real=0.02 secs] 
2020-09-29T18:16:38.072+0200: 19.632: [GC (Allocation Failure) 2020-09-29T18:16:38.072+0200: 19.632: [ParNew: 573348K->49664K(613440K), 0.0234803 secs] 578762K->55078K(2029056K), 0.0235414 secs] [Times: user=0.13 sys=0.00, real=0.02 secs] 
2020-09-29T18:16:38.147+0200: 19.707: [GC (Allocation Failure) 2020-09-29T18:16:38.147+0200: 19.707: [ParNew: 595008K->39432K(613440K), 0.0206151 secs] 600422K->44846K(2029056K), 0.0206968 secs] [Times: user=0.13 sys=0.00, real=0.02 secs] 
2020-09-29T18:16:38.220+0200: 19.780: [GC (Allocation Failure) 2020-09-29T18:16:38.220+0200: 19.780: [ParNew: 584776K->34218K(613440K), 0.0198602 secs] 590190K->39633K(2029056K), 0.0199281 secs] [Times: user=0.25 sys=0.00, real=0.02 secs] 
2020-09-29T18:16:38.288+0200: 19.848: [GC (Allocation Failure) 2020-09-29T18:16:38.288+0200: 19.848: [ParNew: 579562K->31066K(613440K), 0.0193892 secs] 584977K->36480K(2029056K), 0.0194510 secs] [Times: user=0.13 sys=0.00, real=0.02 secs] 
2020-09-29T18:16:38.361+0200: 19.921: [GC (Allocation Failure) 2020-09-29T18:16:38.361+0200: 19.921: [ParNew: 576410K->49411K(613440K), 0.0232398 secs] 581824K->54825K(2029056K), 0.0233332 secs] [Times: user=0.25 sys=0.00, real=0.02 secs] 
2020-09-29T18:16:38.434+0200: 19.993: [GC (Allocation Failure) 2020-09-29T18:16:38.434+0200: 19.993: [ParNew: 594755K->36896K(613440K), 0.0217458 secs] 600169K->42310K(2029056K), 0.0218084 secs] [Times: user=0.13 sys=0.00, real=0.02 secs] 
2020-09-29T18:16:38.510+0200: 20.069: [GC (Allocation Failure) 2020-09-29T18:16:38.510+0200: 20.069: [ParNew: 582240K->59802K(613440K), 0.0275274 secs] 587654K->65217K(2029056K), 0.0275960 secs] [Times: user=0.25 sys=0.00, real=0.03 secs] 
2020-09-29T18:16:38.587+0200: 20.147: [GC (Allocation Failure) 2020-09-29T18:16:38.587+0200: 20.147: [ParNew: 605146K->44312K(613440K), 0.0202544 secs] 610561K->49727K(2029056K), 0.0203317 secs] [Times: user=0.13 sys=0.00, real=0.02 secs] 
2020-09-29T18:16:38.658+0200: 20.218: [GC (Allocation Failure) 2020-09-29T18:16:38.658+0200: 20.218: [ParNew: 589656K->28328K(613440K), 0.0176476 secs] 595071K->33742K(2029056K), 0.0177227 secs] [Times: user=0.14 sys=0.01, real=0.02 secs] 
2020-09-29T18:16:38.727+0200: 20.287: [GC (Allocation Failure) 2020-09-29T18:16:38.727+0200: 20.287: [ParNew: 573672K->49970K(613440K), 0.0240458 secs] 579086K->55384K(2029056K), 0.0241103 secs] [Times: user=0.13 sys=0.00, real=0.02 secs] 
2020-09-29T18:16:38.801+0200: 20.361: [GC (Allocation Failure) 2020-09-29T18:16:38.801+0200: 20.361: [ParNew: 595314K->35340K(613440K), 0.0168457 secs] 600728K->40754K(2029056K), 0.0169098 secs] [Times: user=0.13 sys=0.00, real=0.02 secs] 
2020-09-29T18:16:38.873+0200: 20.433: [GC (Allocation Failure) 2020-09-29T18:16:38.873+0200: 20.433: [ParNew: 580684K->35075K(613440K), 0.0222004 secs] 586098K->40489K(2029056K), 0.0222633 secs] [Times: user=0.25 sys=0.00, real=0.02 secs] 
2020-09-29T18:16:38.946+0200: 20.506: [GC (Allocation Failure) 2020-09-29T18:16:38.946+0200: 20.506: [ParNew: 580419K->57159K(613440K), 0.0282055 secs] 585833K->62574K(2029056K), 0.0282903 secs] [Times: user=0.25 sys=0.00, real=0.03 secs] 
2020-09-29T18:16:39.024+0200: 20.584: [GC (Allocation Failure) 2020-09-29T18:16:39.025+0200: 20.584: [ParNew: 602503K->48458K(613440K), 0.0222037 secs] 607918K->53872K(2029056K), 0.0222820 secs] [Times: user=0.13 sys=0.00, real=0.02 secs] 
2020-09-29T18:16:39.104+0200: 20.664: [GC (Allocation Failure) 2020-09-29T18:16:39.104+0200: 20.664: [ParNew: 593802K->47408K(613440K), 0.0287237 secs] 599216K->52822K(2029056K), 0.0287943 secs] [Times: user=0.25 sys=0.00, real=0.03 secs] 
2020-09-29T18:16:39.182+0200: 20.742: [GC (Allocation Failure) 2020-09-29T18:16:39.182+0200: 20.742: [ParNew: 592752K->41144K(613440K), 0.0180474 secs] 598166K->46558K(2029056K), 0.0181154 secs] [Times: user=0.13 sys=0.00, real=0.02 secs] 
2020-09-29T18:16:39.250+0200: 20.810: [GC (Allocation Failure) 2020-09-29T18:16:39.250+0200: 20.810: [ParNew: 586488K->37472K(613440K), 0.0262428 secs] 591902K->42886K(2029056K), 0.0263116 secs] [Times: user=0.25 sys=0.00, real=0.03 secs] 
2020-09-29T18:16:39.330+0200: 20.890: [GC (Allocation Failure) 2020-09-29T18:16:39.330+0200: 20.890: [ParNew: 582816K->33641K(613440K), 0.0149267 secs] 588230K->39055K(2029056K), 0.0149983 secs] [Times: user=0.13 sys=0.00, real=0.02 secs] 
2020-09-29T18:16:39.406+0200: 20.966: [GC (Allocation Failure) 2020-09-29T18:16:39.406+0200: 20.966: [ParNew: 578985K->34624K(613440K), 0.0223073 secs] 584399K->40039K(2029056K), 0.0223980 secs] [Times: user=0.23 sys=0.00, real=0.02 secs] 
2020-09-29T18:16:39.487+0200: 21.047: [GC (Allocation Failure) 2020-09-29T18:16:39.487+0200: 21.047: [ParNew: 579968K->47894K(613440K), 0.0291767 secs] 585383K->53308K(2029056K), 0.0292514 secs] [Times: user=0.25 sys=0.00, real=0.03 secs] 
2020-09-29T18:16:39.568+0200: 21.128: [GC (Allocation Failure) 2020-09-29T18:16:39.568+0200: 21.128: [ParNew: 593238K->62947K(613440K), 0.0288782 secs] 598652K->68361K(2029056K), 0.0289750 secs] [Times: user=0.13 sys=0.00, real=0.03 secs] 
2020-09-29T18:16:39.649+0200: 21.209: [GC (Allocation Failure) 2020-09-29T18:16:39.649+0200: 21.209: [ParNew: 608291K->63981K(613440K), 0.0294828 secs] 613705K->69395K(2029056K), 0.0295525 secs] [Times: user=0.23 sys=0.00, real=0.03 secs] 
2020-09-29T18:16:39.725+0200: 21.285: [GC (Allocation Failure) 2020-09-29T18:16:39.725+0200: 21.285: [ParNew: 609325K->31108K(613440K), 0.0166895 secs] 614739K->36522K(2029056K), 0.0167612 secs] [Times: user=0.13 sys=0.00, real=0.02 secs] 
2020-09-29T18:16:39.804+0200: 21.364: [GC (Allocation Failure) 2020-09-29T18:16:39.804+0200: 21.364: [ParNew: 576452K->43491K(613440K), 0.0236278 secs] 581866K->48906K(2029056K), 0.0237086 secs] [Times: user=0.13 sys=0.00, real=0.02 secs] 
2020-09-29T18:16:39.883+0200: 21.443: [GC (Allocation Failure) 2020-09-29T18:16:39.883+0200: 21.443: [ParNew: 588835K->54022K(613440K), 0.0282256 secs] 594250K->59436K(2029056K), 0.0282951 secs] [Times: user=0.23 sys=0.00, real=0.03 secs] 
2020-09-29T18:16:39.962+0200: 21.522: [GC (Allocation Failure) 2020-09-29T18:16:39.962+0200: 21.522: [ParNew: 599366K->42438K(613440K), 0.0219567 secs] 604780K->47852K(2029056K), 0.0220232 secs] [Times: user=0.13 sys=0.00, real=0.02 secs] 
2020-09-29T18:16:40.030+0200: 21.590: [GC (Allocation Failure) 2020-09-29T18:16:40.030+0200: 21.590: [ParNew: 587782K->37841K(613440K), 0.0181824 secs] 593196K->43255K(2029056K), 0.0182502 secs] [Times: user=0.13 sys=0.00, real=0.02 secs] 
2020-09-29T18:16:40.105+0200: 21.665: [GC (Allocation Failure) 2020-09-29T18:16:40.105+0200: 21.665: [ParNew: 583185K->53833K(613440K), 0.0258838 secs] 588599K->59247K(2029056K), 0.0259534 secs] [Times: user=0.25 sys=0.00, real=0.03 secs] 
2020-09-29T18:16:40.193+0200: 21.753: [GC (Allocation Failure) 2020-09-29T18:16:40.193+0200: 21.753: [ParNew: 599177K->55342K(613440K), 0.0259782 secs] 604591K->60756K(2029056K), 0.0260467 secs] [Times: user=0.13 sys=0.00, real=0.03 secs] 
2020-09-29T18:16:40.266+0200: 21.826: [GC (Allocation Failure) 2020-09-29T18:16:40.266+0200: 21.827: [ParNew: 600686K->65879K(613440K), 0.0319623 secs] 606100K->71293K(2029056K), 0.0320567 secs] [Times: user=0.25 sys=0.00, real=0.03 secs] 
2020-09-29T18:16:40.346+0200: 21.906: [GC (Allocation Failure) 2020-09-29T18:16:40.346+0200: 21.906: [ParNew: 611223K->43340K(613440K), 0.0162560 secs] 616637K->48754K(2029056K), 0.0163311 secs] [Times: user=0.13 sys=0.00, real=0.02 secs] 
2020-09-29T18:16:40.419+0200: 21.979: [GC (Allocation Failure) 2020-09-29T18:16:40.419+0200: 21.979: [ParNew: 588684K->33585K(613440K), 0.0205314 secs] 594098K->38999K(2029056K), 0.0205981 secs] [Times: user=0.13 sys=0.00, real=0.02 secs] 
2020-09-29T18:16:40.494+0200: 22.054: [GC (Allocation Failure) 2020-09-29T18:16:40.494+0200: 22.054: [ParNew: 578929K->25839K(613440K), 0.0177942 secs] 584343K->31253K(2029056K), 0.0178636 secs] [Times: user=0.13 sys=0.00, real=0.02 secs] 
2020-09-29T18:16:40.560+0200: 22.120: [GC (Allocation Failure) 2020-09-29T18:16:40.560+0200: 22.120: [ParNew: 571183K->39808K(613440K), 0.0276803 secs] 576597K->45223K(2029056K), 0.0277500 secs] [Times: user=0.22 sys=0.00, real=0.03 secs] 
2020-09-29T18:16:40.638+0200: 22.198: [GC (Allocation Failure) 2020-09-29T18:16:40.638+0200: 22.198: [ParNew: 585152K->63889K(613440K), 0.0313032 secs] 590567K->69303K(2029056K), 0.0313838 secs] [Times: user=0.25 sys=0.00, real=0.03 secs] 
2020-09-29T18:16:40.720+0200: 22.280: [GC (Allocation Failure) 2020-09-29T18:16:40.720+0200: 22.280: [ParNew: 609233K->43567K(613440K), 0.0212117 secs] 614647K->48981K(2029056K), 0.0212868 secs] [Times: user=0.25 sys=0.00, real=0.02 secs] 
2020-09-29T18:16:40.803+0200: 22.363: [GC (Allocation Failure) 2020-09-29T18:16:40.803+0200: 22.363: [ParNew: 588911K->62465K(613440K), 0.0295275 secs] 594325K->67879K(2029056K), 0.0296007 secs] [Times: user=0.25 sys=0.00, real=0.03 secs] 
2020-09-29T18:16:40.880+0200: 22.440: [GC (Allocation Failure) 2020-09-29T18:16:40.880+0200: 22.440: [ParNew: 607809K->40883K(613440K), 0.0195813 secs] 613223K->46297K(2029056K), 0.0196872 secs] [Times: user=0.13 sys=0.00, real=0.02 secs] 
2020-09-29T18:16:40.949+0200: 22.509: [GC (Allocation Failure) 2020-09-29T18:16:40.949+0200: 22.509: [ParNew: 586227K->42289K(613440K), 0.0251986 secs] 591641K->47703K(2029056K), 0.0252809 secs] [Times: user=0.25 sys=0.00, real=0.03 secs] 
2020-09-29T18:16:41.030+0200: 22.590: [GC (Allocation Failure) 2020-09-29T18:16:41.030+0200: 22.590: [ParNew: 587633K->50998K(613440K), 0.0249459 secs] 593047K->56412K(2029056K), 0.0250130 secs] [Times: user=0.25 sys=0.00, real=0.03 secs] 
2020-09-29T18:16:41.112+0200: 22.672: [GC (Allocation Failure) 2020-09-29T18:16:41.112+0200: 22.672: [ParNew: 596342K->61847K(613440K), 0.0323733 secs] 601756K->67262K(2029056K), 0.0324426 secs] [Times: user=0.25 sys=0.00, real=0.03 secs] 
2020-09-29T18:16:41.191+0200: 22.752: [GC (Allocation Failure) 2020-09-29T18:16:41.191+0200: 22.752: [ParNew: 607191K->51591K(613440K), 0.0314602 secs] 612606K->57005K(2029056K), 0.0315464 secs] [Times: user=0.25 sys=0.00, real=0.03 secs] 
2020-09-29T18:16:41.273+0200: 22.833: [GC (Allocation Failure) 2020-09-29T18:16:41.273+0200: 22.833: [ParNew: 596935K->44871K(613440K), 0.0228300 secs] 602349K->50285K(2029056K), 0.0228986 secs] [Times: user=0.13 sys=0.00, real=0.02 secs] 
2020-09-29T18:16:41.348+0200: 22.908: [GC (Allocation Failure) 2020-09-29T18:16:41.348+0200: 22.908: [ParNew: 590215K->63719K(613440K), 0.0294200 secs] 595629K->69133K(2029056K), 0.0295064 secs] [Times: user=0.13 sys=0.00, real=0.03 secs] 
2020-09-29T18:16:41.427+0200: 22.987: [GC (Allocation Failure) 2020-09-29T18:16:41.427+0200: 22.987: [ParNew: 609063K->68096K(613440K), 0.0364423 secs] 614477K->75170K(2029056K), 0.0365193 secs] [Times: user=0.25 sys=0.00, real=0.04 secs] 
2020-09-29T18:16:41.510+0200: 23.070: [GC (Allocation Failure) 2020-09-29T18:16:41.510+0200: 23.070: [ParNew: 613440K->58554K(613440K), 0.0267158 secs] 620514K->65629K(2029056K), 0.0267867 secs] [Times: user=0.25 sys=0.00, real=0.03 secs] 
2020-09-29T18:16:41.589+0200: 23.149: [GC (Allocation Failure) 2020-09-29T18:16:41.589+0200: 23.149: [ParNew: 603898K->48574K(613440K), 0.0286284 secs] 610973K->55649K(2029056K), 0.0360650 secs] [Times: user=0.22 sys=0.00, real=0.04 secs] 
2020-09-29T18:16:41.676+0200: 23.236: [GC (Allocation Failure) 2020-09-29T18:16:41.676+0200: 23.236: [ParNew: 593918K->46769K(613440K), 0.0239989 secs] 600993K->53844K(2029056K), 0.0240694 secs] [Times: user=0.13 sys=0.00, real=0.02 secs] 
2020-09-29T18:16:41.750+0200: 23.310: [GC (Allocation Failure) 2020-09-29T18:16:41.750+0200: 23.310: [ParNew: 592113K->39906K(613440K), 0.0240487 secs] 599188K->46981K(2029056K), 0.0241379 secs] [Times: user=0.25 sys=0.00, real=0.02 secs] 
2020-09-29T18:16:41.829+0200: 23.389: [GC (Allocation Failure) 2020-09-29T18:16:41.829+0200: 23.389: [ParNew: 585250K->62198K(613440K), 0.0312626 secs] 592325K->69273K(2029056K), 0.0313448 secs] [Times: user=0.25 sys=0.00, real=0.03 secs] 
2020-09-29T18:16:41.910+0200: 23.470: [GC (Allocation Failure) 2020-09-29T18:16:41.910+0200: 23.470: [ParNew: 607542K->47004K(613440K), 0.0295465 secs] 614617K->54079K(2029056K), 0.0296365 secs] [Times: user=0.25 sys=0.00, real=0.03 secs] 
2020-09-29T18:16:41.992+0200: 23.552: [GC (Allocation Failure) 2020-09-29T18:16:41.992+0200: 23.552: [ParNew: 592348K->41956K(613440K), 0.0205905 secs] 599423K->49031K(2029056K), 0.0206597 secs] [Times: user=0.13 sys=0.00, real=0.02 secs] 
2020-09-29T18:16:42.066+0200: 23.626: [GC (Allocation Failure) 2020-09-29T18:16:42.066+0200: 23.626: [ParNew: 587300K->42336K(613440K), 0.0258606 secs] 594375K->49411K(2029056K), 0.0259370 secs] [Times: user=0.25 sys=0.00, real=0.03 secs] 
2020-09-29T18:16:42.143+0200: 23.703: [GC (Allocation Failure) 2020-09-29T18:16:42.143+0200: 23.703: [ParNew: 587680K->40270K(613440K), 0.0246328 secs] 594755K->47345K(2029056K), 0.0247039 secs] [Times: user=0.25 sys=0.00, real=0.03 secs] 
2020-09-29T18:16:42.216+0200: 23.776: [GC (Allocation Failure) 2020-09-29T18:16:42.216+0200: 23.776: [ParNew: 585614K->38711K(613440K), 0.0243216 secs] 592689K->45786K(2029056K), 0.0243878 secs] [Times: user=0.22 sys=0.00, real=0.02 secs] 
2020-09-29T18:16:42.291+0200: 23.851: [GC (Allocation Failure) 2020-09-29T18:16:42.291+0200: 23.851: [ParNew: 584055K->40014K(613440K), 0.0224403 secs] 591130K->47088K(2029056K), 0.0225102 secs] [Times: user=0.13 sys=0.00, real=0.02 secs] 
2020-09-29T18:16:42.367+0200: 23.927: [GC (Allocation Failure) 2020-09-29T18:16:42.367+0200: 23.927: [ParNew: 585358K->57234K(613440K), 0.0285796 secs] 592432K->64309K(2029056K), 0.0286752 secs] [Times: user=0.25 sys=0.00, real=0.03 secs] 
2020-09-29T18:16:42.450+0200: 24.010: [GC (Allocation Failure) 2020-09-29T18:16:42.450+0200: 24.010: [ParNew: 602578K->48832K(613440K), 0.0280936 secs] 609653K->55907K(2029056K), 0.0281607 secs] [Times: user=0.25 sys=0.00, real=0.03 secs] 
2020-09-29T18:16:42.528+0200: 24.088: [GC (Allocation Failure) 2020-09-29T18:16:42.528+0200: 24.088: [ParNew: 594176K->68096K(613440K), 0.0356966 secs] 601251K->76580K(2029056K), 0.0357672 secs] [Times: user=0.25 sys=0.00, real=0.03 secs] 
2020-09-29T18:16:42.612+0200: 24.172: [GC (Allocation Failure) 2020-09-29T18:16:42.612+0200: 24.172: [ParNew: 613440K->53478K(613440K), 0.0263396 secs] 621924K->61962K(2029056K), 0.0264084 secs] [Times: user=0.25 sys=0.00, real=0.03 secs] 
2020-09-29T18:16:42.692+0200: 24.252: [GC (Allocation Failure) 2020-09-29T18:16:42.692+0200: 24.252: [ParNew: 598822K->39724K(613440K), 0.0165947 secs] 607306K->48208K(2029056K), 0.0166667 secs] [Times: user=0.13 sys=0.00, real=0.02 secs] 
2020-09-29T18:16:42.770+0200: 24.330: [GC (Allocation Failure) 2020-09-29T18:16:42.770+0200: 24.330: [ParNew: 585068K->36270K(613440K), 0.0242819 secs] 593552K->44754K(2029056K), 0.0243521 secs] [Times: user=0.13 sys=0.00, real=0.02 secs] 
2020-09-29T18:16:42.853+0200: 24.413: [GC (Allocation Failure) 2020-09-29T18:16:42.853+0200: 24.413: [ParNew: 581614K->31479K(613440K), 0.0213437 secs] 590098K->39963K(2029056K), 0.0214127 secs] [Times: user=0.13 sys=0.00, real=0.02 secs] 
2020-09-29T18:16:42.927+0200: 24.487: [GC (Allocation Failure) 2020-09-29T18:16:42.927+0200: 24.487: [ParNew: 576823K->52480K(613440K), 0.0268768 secs] 585307K->60964K(2029056K), 0.0269546 secs] [Times: user=0.13 sys=0.00, real=0.03 secs] 
2020-09-29T18:16:43.005+0200: 24.565: [GC (Allocation Failure) 2020-09-29T18:16:43.005+0200: 24.565: [ParNew: 597824K->42979K(613440K), 0.0261378 secs] 606308K->51464K(2029056K), 0.0262083 secs] [Times: user=0.13 sys=0.00, real=0.03 secs] 
2020-09-29T18:16:43.082+0200: 24.642: [GC (Allocation Failure) 2020-09-29T18:16:43.082+0200: 24.642: [ParNew: 588323K->68096K(613440K), 0.0321983 secs] 596808K->76580K(2029056K), 0.0322811 secs] [Times: user=0.25 sys=0.00, real=0.03 secs] 
2020-09-29T18:16:43.164+0200: 24.724: [GC (Allocation Failure) 2020-09-29T18:16:43.164+0200: 24.724: [ParNew: 613440K->47361K(613440K), 0.0247364 secs] 621924K->55845K(2029056K), 0.0248042 secs] [Times: user=0.13 sys=0.00, real=0.02 secs] 
2020-09-29T18:16:43.247+0200: 24.807: [GC (Allocation Failure) 2020-09-29T18:16:43.247+0200: 24.807: [ParNew: 592705K->37157K(613440K), 0.0235313 secs] 601189K->45641K(2029056K), 0.0236032 secs] [Times: user=0.25 sys=0.00, real=0.02 secs] 
2020-09-29T18:16:43.320+0200: 24.881: [GC (Allocation Failure) 2020-09-29T18:16:43.320+0200: 24.881: [ParNew: 582501K->36122K(613440K), 0.0224976 secs] 590985K->44606K(2029056K), 0.0225677 secs] [Times: user=0.13 sys=0.00, real=0.02 secs] 
2020-09-29T18:16:43.408+0200: 24.969: [GC (Allocation Failure) 2020-09-29T18:16:43.408+0200: 24.969: [ParNew: 581466K->56612K(613440K), 0.0289537 secs] 589950K->65097K(2029056K), 0.0290295 secs] [Times: user=0.24 sys=0.00, real=0.03 secs] 
2020-09-29T18:16:43.488+0200: 25.048: [GC (Allocation Failure) 2020-09-29T18:16:43.488+0200: 25.048: [ParNew: 601956K->68096K(613440K), 0.0348677 secs] 610441K->76926K(2029056K), 0.0349466 secs] [Times: user=0.38 sys=0.00, real=0.04 secs] 
2020-09-29T18:16:43.571+0200: 25.131: [GC (Allocation Failure) 2020-09-29T18:16:43.571+0200: 25.131: [ParNew: 613440K->43101K(613440K), 0.0185165 secs] 622270K->51931K(2029056K), 0.0185835 secs] [Times: user=0.11 sys=0.00, real=0.02 secs] 
2020-09-29T18:16:43.647+0200: 25.207: [GC (Allocation Failure) 2020-09-29T18:16:43.647+0200: 25.207: [ParNew: 588445K->23309K(613440K), 0.0184213 secs] 597275K->32139K(2029056K), 0.0184981 secs] [Times: user=0.13 sys=0.00, real=0.02 secs] 
2020-09-29T18:16:43.730+0200: 25.290: [GC (Allocation Failure) 2020-09-29T18:16:43.730+0200: 25.290: [ParNew: 568653K->59030K(613440K), 0.0306574 secs] 577483K->67860K(2029056K), 0.0307254 secs] [Times: user=0.25 sys=0.00, real=0.03 secs] 
2020-09-29T18:16:43.811+0200: 25.372: [GC (Allocation Failure) 2020-09-29T18:16:43.811+0200: 25.372: [ParNew: 604374K->66362K(613440K), 0.0296951 secs] 613204K->75192K(2029056K), 0.0297684 secs] [Times: user=0.25 sys=0.00, real=0.03 secs] 
2020-09-29T18:16:43.895+0200: 25.455: [GC (Allocation Failure) 2020-09-29T18:16:43.895+0200: 25.455: [ParNew: 611706K->44696K(613440K), 0.0288914 secs] 620536K->53526K(2029056K), 0.0289850 secs] [Times: user=0.13 sys=0.00, real=0.03 secs] 
2020-09-29T18:16:43.972+0200: 25.533: [GC (Allocation Failure) 2020-09-29T18:16:43.972+0200: 25.533: [ParNew: 590040K->40488K(613440K), 0.0204084 secs] 598870K->49318K(2029056K), 0.0204793 secs] [Times: user=0.14 sys=0.00, real=0.02 secs] 
2020-09-29T18:16:44.052+0200: 25.612: [GC (Allocation Failure) 2020-09-29T18:16:44.052+0200: 25.613: [ParNew: 585832K->37143K(613440K), 0.0183292 secs] 594662K->45973K(2029056K), 0.0183841 secs] [Times: user=0.13 sys=0.00, real=0.02 secs] 
2020-09-29T18:16:44.119+0200: 25.679: [GC (Allocation Failure) 2020-09-29T18:16:44.119+0200: 25.679: [ParNew: 582487K->29162K(613440K), 0.0117508 secs] 591317K->37992K(2029056K), 0.0118061 secs] [Times: user=0.13 sys=0.00, real=0.01 secs] 
2020-09-29T18:16:44.179+0200: 25.740: [GC (Allocation Failure) 2020-09-29T18:16:44.179+0200: 25.740: [ParNew: 574506K->42548K(613440K), 0.0204699 secs] 583336K->51378K(2029056K), 0.0205298 secs] [Times: user=0.13 sys=0.00, real=0.02 secs] 
2020-09-29T18:16:44.249+0200: 25.809: [GC (Allocation Failure) 2020-09-29T18:16:44.249+0200: 25.809: [ParNew: 587892K->32745K(613440K), 0.0156325 secs] 596722K->41575K(2029056K), 0.0156911 secs] [Times: user=0.13 sys=0.00, real=0.02 secs] 
2020-09-29T18:16:44.320+0200: 25.880: [GC (Allocation Failure) 2020-09-29T18:16:44.320+0200: 25.880: [ParNew: 578089K->52258K(613440K), 0.0179127 secs] 586919K->61088K(2029056K), 0.0179801 secs] [Times: user=0.13 sys=0.00, real=0.02 secs] 
2020-09-29T18:16:44.386+0200: 25.946: [GC (Allocation Failure) 2020-09-29T18:16:44.386+0200: 25.946: [ParNew: 597602K->41163K(613440K), 0.0177356 secs] 606432K->49993K(2029056K), 0.0178066 secs] [Times: user=0.13 sys=0.00, real=0.02 secs] 
2020-09-29T18:16:44.450+0200: 26.010: [GC (Allocation Failure) 2020-09-29T18:16:44.450+0200: 26.010: [ParNew: 586507K->38177K(613440K), 0.0175277 secs] 595337K->47008K(2029056K), 0.0175835 secs] [Times: user=0.13 sys=0.00, real=0.02 secs] 
2020-09-29T18:16:44.515+0200: 26.075: [GC (Allocation Failure) 2020-09-29T18:16:44.515+0200: 26.075: [ParNew: 583521K->37524K(613440K), 0.0169064 secs] 592352K->46354K(2029056K), 0.0169670 secs] [Times: user=0.13 sys=0.00, real=0.02 secs] 
2020-09-29T18:16:44.580+0200: 26.141: [GC (Allocation Failure) 2020-09-29T18:16:44.580+0200: 26.141: [ParNew: 582868K->54759K(613440K), 0.0222201 secs] 591698K->63589K(2029056K), 0.0222801 secs] [Times: user=0.22 sys=0.00, real=0.02 secs] 
2020-09-29T18:16:44.652+0200: 26.212: [GC (Allocation Failure) 2020-09-29T18:16:44.652+0200: 26.212: [ParNew: 600103K->46135K(613440K), 0.0200357 secs] 608933K->54966K(2029056K), 0.0201247 secs] [Times: user=0.13 sys=0.00, real=0.02 secs] 
2020-09-29T18:16:44.719+0200: 26.279: [GC (Allocation Failure) 2020-09-29T18:16:44.719+0200: 26.279: [ParNew: 591479K->45929K(613440K), 0.0194646 secs] 600310K->54759K(2029056K), 0.0195182 secs] [Times: user=0.13 sys=0.00, real=0.02 secs] 
2020-09-29T18:16:44.788+0200: 26.348: [GC (Allocation Failure) 2020-09-29T18:16:44.788+0200: 26.348: [ParNew: 591273K->37503K(613440K), 0.0132050 secs] 600103K->46333K(2029056K), 0.0132625 secs] [Times: user=0.13 sys=0.00, real=0.01 secs] 
2020-09-29T18:16:44.860+0200: 26.420: [GC (Allocation Failure) 2020-09-29T18:16:44.860+0200: 26.420: [ParNew: 582847K->34878K(613440K), 0.0175045 secs] 591677K->43709K(2029056K), 0.0175721 secs] [Times: user=0.13 sys=0.00, real=0.02 secs] 
2020-09-29T18:16:44.925+0200: 26.485: [GC (Allocation Failure) 2020-09-29T18:16:44.925+0200: 26.485: [ParNew: 580222K->30563K(613440K), 0.0090693 secs] 589053K->39393K(2029056K), 0.0091248 secs] [Times: user=0.13 sys=0.00, real=0.01 secs] 
2020-09-29T18:16:45.004+0200: 26.564: [GC (Allocation Failure) 2020-09-29T18:16:45.004+0200: 26.564: [ParNew: 575907K->48791K(613440K), 0.0197974 secs] 584737K->57622K(2029056K), 0.0198734 secs] [Times: user=0.13 sys=0.00, real=0.02 secs] 
2020-09-29T18:16:45.072+0200: 26.632: [GC (Allocation Failure) 2020-09-29T18:16:45.072+0200: 26.632: [ParNew: 594135K->60301K(613440K), 0.0195369 secs] 602966K->69131K(2029056K), 0.0195932 secs] [Times: user=0.13 sys=0.00, real=0.02 secs] 
2020-09-29T18:16:45.139+0200: 26.699: [GC (Allocation Failure) 2020-09-29T18:16:45.139+0200: 26.699: [ParNew: 605645K->44160K(613440K), 0.0191190 secs] 614475K->52990K(2029056K), 0.0191906 secs] [Times: user=0.13 sys=0.00, real=0.02 secs] 
2020-09-29T18:16:45.204+0200: 26.765: [GC (Allocation Failure) 2020-09-29T18:16:45.204+0200: 26.765: [ParNew: 589504K->34004K(613440K), 0.0133351 secs] 598334K->42835K(2029056K), 0.0134029 secs] [Times: user=0.13 sys=0.00, real=0.01 secs] 
2020-09-29T18:16:45.264+0200: 26.825: [GC (Allocation Failure) 2020-09-29T18:16:45.264+0200: 26.825: [ParNew: 579348K->56899K(613440K), 0.0224937 secs] 588179K->65729K(2029056K), 0.0225536 secs] [Times: user=0.25 sys=0.00, real=0.02 secs] 
2020-09-29T18:16:45.335+0200: 26.896: [GC (Allocation Failure) 2020-09-29T18:16:45.335+0200: 26.896: [ParNew: 602243K->68096K(613440K), 0.0223320 secs] 611073K->76970K(2029056K), 0.0223916 secs] [Times: user=0.13 sys=0.00, real=0.02 secs] 
2020-09-29T18:16:45.406+0200: 26.966: [GC (Allocation Failure) 2020-09-29T18:16:45.406+0200: 26.966: [ParNew: 613440K->43186K(613440K), 0.0165297 secs] 622314K->52061K(2029056K), 0.0165965 secs] [Times: user=0.13 sys=0.00, real=0.02 secs] 
2020-09-29T18:16:45.469+0200: 27.029: [GC (Allocation Failure) 2020-09-29T18:16:45.469+0200: 27.029: [ParNew: 588530K->63246K(613440K), 0.0197088 secs] 597405K->72120K(2029056K), 0.0197633 secs] [Times: user=0.25 sys=0.00, real=0.02 secs] 
2020-09-29T18:16:45.538+0200: 27.098: [GC (Allocation Failure) 2020-09-29T18:16:45.538+0200: 27.098: [ParNew: 608590K->39498K(613440K), 0.0129556 secs] 617464K->48373K(2029056K), 0.0130124 secs] [Times: user=0.13 sys=0.00, real=0.01 secs] 
2020-09-29T18:16:45.600+0200: 27.160: [GC (Allocation Failure) 2020-09-29T18:16:45.600+0200: 27.160: [ParNew: 584842K->40873K(613440K), 0.0187672 secs] 593717K->49748K(2029056K), 0.0188320 secs] [Times: user=0.13 sys=0.00, real=0.02 secs] 
2020-09-29T18:16:45.666+0200: 27.226: [GC (Allocation Failure) 2020-09-29T18:16:45.666+0200: 27.226: [ParNew: 586217K->31297K(613440K), 0.0122129 secs] 595092K->40172K(2029056K), 0.0122693 secs] [Times: user=0.13 sys=0.00, real=0.01 secs] 
2020-09-29T18:16:45.729+0200: 27.288: [GC (Allocation Failure) 2020-09-29T18:16:45.729+0200: 27.288: [ParNew: 576641K->49487K(613440K), 0.0221162 secs] 585516K->58361K(2029056K), 0.0221971 secs] [Times: user=0.13 sys=0.00, real=0.02 secs] 
2020-09-29T18:16:45.798+0200: 27.357: [GC (Allocation Failure) 2020-09-29T18:16:45.798+0200: 27.357: [ParNew: 594831K->68096K(613440K), 0.0262840 secs] 603705K->77313K(2029056K), 0.0263384 secs] [Times: user=0.25 sys=0.00, real=0.03 secs] 
2020-09-29T18:16:45.872+0200: 27.431: [GC (Allocation Failure) 2020-09-29T18:16:45.872+0200: 27.432: [ParNew: 613440K->51035K(613440K), 0.0151381 secs] 622657K->60252K(2029056K), 0.0151938 secs] [Times: user=0.13 sys=0.00, real=0.02 secs] 
2020-09-29T18:16:45.935+0200: 27.494: [GC (Allocation Failure) 2020-09-29T18:16:45.935+0200: 27.495: [ParNew: 596379K->50180K(613440K), 0.0190582 secs] 605596K->59397K(2029056K), 0.0191150 secs] [Times: user=0.13 sys=0.00, real=0.02 secs] 
2020-09-29T18:16:46.002+0200: 27.562: [GC (Allocation Failure) 2020-09-29T18:16:46.002+0200: 27.562: [ParNew: 595524K->36686K(613440K), 0.0119166 secs] 604741K->45903K(2029056K), 0.0119726 secs] [Times: user=0.13 sys=0.00, real=0.01 secs] 
2020-09-29T18:16:46.063+0200: 27.622: [GC (Allocation Failure) 2020-09-29T18:16:46.063+0200: 27.622: [ParNew: 582030K->38153K(613440K), 0.0173648 secs] 591247K->47370K(2029056K), 0.0174579 secs] [Times: user=0.13 sys=0.00, real=0.02 secs] 
2020-09-29T18:16:46.127+0200: 27.687: [GC (Allocation Failure) 2020-09-29T18:16:46.127+0200: 27.687: [ParNew: 583497K->51585K(613440K), 0.0161094 secs] 592714K->60802K(2029056K), 0.0161651 secs] [Times: user=0.13 sys=0.00, real=0.02 secs] 
2020-09-29T18:16:46.195+0200: 27.754: [GC (Allocation Failure) 2020-09-29T18:16:46.195+0200: 27.754: [ParNew: 596929K->54122K(613440K), 0.0206672 secs] 606146K->63339K(2029056K), 0.0207214 secs] [Times: user=0.13 sys=0.00, real=0.02 secs] 
2020-09-29T18:16:46.265+0200: 27.824: [GC (Allocation Failure) 2020-09-29T18:16:46.265+0200: 27.824: [ParNew: 599466K->41350K(613440K), 0.0159828 secs] 608683K->50567K(2029056K), 0.0160439 secs] [Times: user=0.13 sys=0.00, real=0.02 secs] 
2020-09-29T18:16:46.331+0200: 27.890: [GC (Allocation Failure) 2020-09-29T18:16:46.331+0200: 27.890: [ParNew: 586694K->61222K(613440K), 0.0205477 secs] 595911K->70439K(2029056K), 0.0206142 secs] [Times: user=0.25 sys=0.00, real=0.02 secs] 
2020-09-29T18:16:46.399+0200: 27.958: [GC (Allocation Failure) 2020-09-29T18:16:46.399+0200: 27.958: [ParNew: 606566K->39971K(613440K), 0.0174793 secs] 615783K->49188K(2029056K), 0.0175409 secs] [Times: user=0.11 sys=0.00, real=0.02 secs] 
2020-09-29T18:16:46.463+0200: 28.022: [GC (Allocation Failure) 2020-09-29T18:16:46.463+0200: 28.022: [ParNew: 585315K->53578K(613440K), 0.0184601 secs] 594532K->62795K(2029056K), 0.0185233 secs] [Times: user=0.13 sys=0.00, real=0.02 secs] 
2020-09-29T18:16:46.529+0200: 28.088: [GC (Allocation Failure) 2020-09-29T18:16:46.529+0200: 28.089: [ParNew: 598922K->39321K(613440K), 0.0175162 secs] 608139K->48538K(2029056K), 0.0175838 secs] [Times: user=0.13 sys=0.00, real=0.02 secs] 
2020-09-29T18:16:46.597+0200: 28.156: [GC (Allocation Failure) 2020-09-29T18:16:46.597+0200: 28.156: [ParNew: 584665K->34464K(613440K), 0.0159688 secs] 593882K->43681K(2029056K), 0.0160267 secs] [Times: user=0.11 sys=0.00, real=0.02 secs] 
2020-09-29T18:16:46.662+0200: 28.222: [GC (Allocation Failure) 2020-09-29T18:16:46.662+0200: 28.222: [ParNew: 579808K->55399K(613440K), 0.0189155 secs] 589025K->64616K(2029056K), 0.0189800 secs] [Times: user=0.13 sys=0.00, real=0.02 secs] 
2020-09-29T18:16:46.730+0200: 28.289: [GC (Allocation Failure) 2020-09-29T18:16:46.730+0200: 28.289: [ParNew: 600743K->45607K(613440K), 0.0190424 secs] 609960K->54824K(2029056K), 0.0191060 secs] [Times: user=0.13 sys=0.00, real=0.02 secs] 
2020-09-29T18:16:46.797+0200: 28.356: [GC (Allocation Failure) 2020-09-29T18:16:46.797+0200: 28.356: [ParNew: 590951K->44408K(613440K), 0.0182942 secs] 600168K->53625K(2029056K), 0.0183531 secs] [Times: user=0.13 sys=0.00, real=0.02 secs] 
2020-09-29T18:16:46.864+0200: 28.424: [GC (Allocation Failure) 2020-09-29T18:16:46.864+0200: 28.424: [ParNew: 589752K->39139K(613440K), 0.0181382 secs] 598969K->48356K(2029056K), 0.0182071 secs] [Times: user=0.13 sys=0.00, real=0.02 secs] 
2020-09-29T18:16:46.930+0200: 28.490: [GC (Allocation Failure) 2020-09-29T18:16:46.930+0200: 28.490: [ParNew: 584483K->60157K(613440K), 0.0215944 secs] 593700K->69374K(2029056K), 0.0216546 secs] [Times: user=0.13 sys=0.00, real=0.02 secs] 
2020-09-29T18:16:46.998+0200: 28.558: [GC (Allocation Failure) 2020-09-29T18:16:46.998+0200: 28.558: [ParNew: 605501K->65331K(613440K), 0.0215544 secs] 614718K->74548K(2029056K), 0.0216299 secs] [Times: user=0.11 sys=0.02, real=0.02 secs] 
2020-09-29T18:16:47.074+0200: 28.634: [GC (Allocation Failure) 2020-09-29T18:16:47.074+0200: 28.634: [ParNew: 610675K->48592K(613440K), 0.0193774 secs] 619892K->57810K(2029056K), 0.0194476 secs] [Times: user=0.13 sys=0.00, real=0.02 secs] 
2020-09-29T18:16:47.143+0200: 28.703: [GC (Allocation Failure) 2020-09-29T18:16:47.143+0200: 28.703: [ParNew: 593936K->43963K(613440K), 0.0196151 secs] 603154K->53180K(2029056K), 0.0196729 secs] [Times: user=0.22 sys=0.00, real=0.02 secs] 
2020-09-29T18:16:47.212+0200: 28.772: [GC (Allocation Failure) 2020-09-29T18:16:47.212+0200: 28.772: [ParNew: 589307K->36907K(613440K), 0.0124281 secs] 598524K->46124K(2029056K), 0.0124890 secs] [Times: user=0.13 sys=0.00, real=0.01 secs] 
2020-09-29T18:16:47.277+0200: 28.837: [GC (Allocation Failure) 2020-09-29T18:16:47.277+0200: 28.837: [ParNew: 582251K->51927K(613440K), 0.0229540 secs] 591468K->61144K(2029056K), 0.0230229 secs] [Times: user=0.13 sys=0.00, real=0.02 secs] 
2020-09-29T18:16:47.348+0200: 28.908: [GC (Allocation Failure) 2020-09-29T18:16:47.348+0200: 28.908: [ParNew: 597271K->38380K(613440K), 0.0121316 secs] 606488K->47597K(2029056K), 0.0121875 secs] [Times: user=0.00 sys=0.00, real=0.01 secs] 
2020-09-29T18:16:47.409+0200: 28.969: [GC (Allocation Failure) 2020-09-29T18:16:47.409+0200: 28.969: [ParNew: 583724K->34001K(613440K), 0.0161358 secs] 592941K->43218K(2029056K), 0.0162221 secs] [Times: user=0.13 sys=0.00, real=0.02 secs] 
2020-09-29T18:16:47.476+0200: 29.036: [GC (Allocation Failure) 2020-09-29T18:16:47.476+0200: 29.036: [ParNew: 579345K->51821K(613440K), 0.0203931 secs] 588562K->61038K(2029056K), 0.0204508 secs] [Times: user=0.13 sys=0.00, real=0.02 secs] 
2020-09-29T18:16:47.544+0200: 29.104: [GC (Allocation Failure) 2020-09-29T18:16:47.544+0200: 29.104: [ParNew: 597165K->44731K(613440K), 0.0196351 secs] 606382K->53949K(2029056K), 0.0197114 secs] [Times: user=0.13 sys=0.00, real=0.02 secs] 
2020-09-29T18:16:47.616+0200: 29.176: [GC (Allocation Failure) 2020-09-29T18:16:47.616+0200: 29.176: [ParNew: 590075K->39138K(613440K), 0.0144665 secs] 599293K->48355K(2029056K), 0.0145531 secs] [Times: user=0.13 sys=0.00, real=0.02 secs] 
2020-09-29T18:16:47.684+0200: 29.244: [GC (Allocation Failure) 2020-09-29T18:16:47.684+0200: 29.244: [ParNew: 584482K->40573K(613440K), 0.0180495 secs] 593699K->49791K(2029056K), 0.0181489 secs] [Times: user=0.13 sys=0.00, real=0.02 secs] 
2020-09-29T18:16:47.752+0200: 29.312: [GC (Allocation Failure) 2020-09-29T18:16:47.752+0200: 29.312: [ParNew: 585917K->54237K(613440K), 0.0187784 secs] 595135K->63454K(2029056K), 0.0188536 secs] [Times: user=0.25 sys=0.00, real=0.02 secs] 
2020-09-29T18:16:47.818+0200: 29.378: [GC (Allocation Failure) 2020-09-29T18:16:47.818+0200: 29.378: [ParNew: 599581K->63483K(613440K), 0.0221759 secs] 608798K->72700K(2029056K), 0.0222293 secs] [Times: user=0.13 sys=0.00, real=0.02 secs] 
2020-09-29T18:16:47.889+0200: 29.449: [GC (Allocation Failure) 2020-09-29T18:16:47.889+0200: 29.449: [ParNew: 608827K->51248K(613440K), 0.0166450 secs] 618044K->60465K(2029056K), 0.0167177 secs] [Times: user=0.13 sys=0.00, real=0.02 secs] 
2020-09-29T18:16:47.953+0200: 29.513: [GC (Allocation Failure) 2020-09-29T18:16:47.953+0200: 29.513: [ParNew: 596592K->66902K(613440K), 0.0263795 secs] 605809K->76119K(2029056K), 0.0264598 secs] [Times: user=0.25 sys=0.00, real=0.03 secs] 
2020-09-29T18:16:48.031+0200: 29.591: [GC (Allocation Failure) 2020-09-29T18:16:48.031+0200: 29.591: [ParNew: 612246K->63662K(613440K), 0.0225942 secs] 621463K->72880K(2029056K), 0.0226868 secs] [Times: user=0.24 sys=0.00, real=0.02 secs] 
2020-09-29T18:16:48.104+0200: 29.664: [GC (Allocation Failure) 2020-09-29T18:16:48.104+0200: 29.664: [ParNew: 609006K->53493K(613440K), 0.0223753 secs] 618224K->62710K(2029056K), 0.0224619 secs] [Times: user=0.13 sys=0.00, real=0.02 secs] 
2020-09-29T18:16:48.176+0200: 29.736: [GC (Allocation Failure) 2020-09-29T18:16:48.176+0200: 29.736: [ParNew: 598837K->50019K(613440K), 0.0215117 secs] 608054K->59236K(2029056K), 0.0215798 secs] [Times: user=0.13 sys=0.00, real=0.02 secs] 
2020-09-29T18:16:48.245+0200: 29.805: [GC (Allocation Failure) 2020-09-29T18:16:48.245+0200: 29.805: [ParNew: 595363K->46980K(613440K), 0.0183255 secs] 604580K->56198K(2029056K), 0.0183850 secs] [Times: user=0.13 sys=0.00, real=0.02 secs] 
2020-09-29T18:16:48.311+0200: 29.871: [GC (Allocation Failure) 2020-09-29T18:16:48.311+0200: 29.871: [ParNew: 592324K->44660K(613440K), 0.0175353 secs] 601542K->53878K(2029056K), 0.0175960 secs] [Times: user=0.13 sys=0.00, real=0.02 secs] 
2020-09-29T18:16:48.378+0200: 29.938: [GC (Allocation Failure) 2020-09-29T18:16:48.378+0200: 29.938: [ParNew: 590004K->38960K(613440K), 0.0176077 secs] 599222K->48178K(2029056K), 0.0176688 secs] [Times: user=0.25 sys=0.00, real=0.02 secs] 
2020-09-29T18:16:48.443+0200: 30.003: [GC (Allocation Failure) 2020-09-29T18:16:48.443+0200: 30.003: [ParNew: 584304K->35062K(613440K), 0.0168179 secs] 593522K->44279K(2029056K), 0.0168772 secs] [Times: user=0.13 sys=0.00, real=0.02 secs] 
2020-09-29T18:16:48.511+0200: 30.071: [GC (Allocation Failure) 2020-09-29T18:16:48.511+0200: 30.071: [ParNew: 580406K->33527K(613440K), 0.0154397 secs] 589623K->42745K(2029056K), 0.0154974 secs] [Times: user=0.13 sys=0.00, real=0.02 secs] 
2020-09-29T18:16:48.576+0200: 30.136: [GC (Allocation Failure) 2020-09-29T18:16:48.576+0200: 30.136: [ParNew: 578871K->45823K(613440K), 0.0219137 secs] 588089K->55040K(2029056K), 0.0219773 secs] [Times: user=0.20 sys=0.00, real=0.02 secs] 
2020-09-29T18:16:48.653+0200: 30.213: [GC (Allocation Failure) 2020-09-29T18:16:48.653+0200: 30.213: [ParNew: 591167K->37609K(613440K), 0.0145245 secs] 600384K->46827K(2029056K), 0.0145836 secs] [Times: user=0.13 sys=0.00, real=0.01 secs] 
2020-09-29T18:16:48.717+0200: 30.277: [GC (Allocation Failure) 2020-09-29T18:16:48.717+0200: 30.277: [ParNew: 582953K->37589K(613440K), 0.0176134 secs] 592171K->46806K(2029056K), 0.0176832 secs] [Times: user=0.13 sys=0.00, real=0.02 secs] 
2020-09-29T18:16:48.787+0200: 30.347: [GC (Allocation Failure) 2020-09-29T18:16:48.787+0200: 30.347: [ParNew: 582933K->33280K(613440K), 0.0098501 secs] 592150K->42497K(2029056K), 0.0099051 secs] [Times: user=0.00 sys=0.00, real=0.01 secs] 
2020-09-29T18:16:48.852+0200: 30.412: [GC (Allocation Failure) 2020-09-29T18:16:48.852+0200: 30.412: [ParNew: 578624K->37573K(613440K), 0.0156242 secs] 587841K->46791K(2029056K), 0.0157193 secs] [Times: user=0.13 sys=0.00, real=0.02 secs] 
2020-09-29T18:16:48.918+0200: 30.478: [GC (Allocation Failure) 2020-09-29T18:16:48.918+0200: 30.478: [ParNew: 582917K->43059K(613440K), 0.0147082 secs] 592135K->52276K(2029056K), 0.0147658 secs] [Times: user=0.13 sys=0.00, real=0.01 secs] 
2020-09-29T18:16:48.986+0200: 30.546: [GC (Allocation Failure) 2020-09-29T18:16:48.986+0200: 30.546: [ParNew: 588403K->31039K(613440K), 0.0148151 secs] 597620K->40256K(2029056K), 0.0148728 secs] [Times: user=0.13 sys=0.00, real=0.01 secs] 
2020-09-29T18:16:49.049+0200: 30.609: [GC (Allocation Failure) 2020-09-29T18:16:49.049+0200: 30.609: [ParNew: 576383K->62488K(613440K), 0.0235038 secs] 585600K->71706K(2029056K), 0.0235699 secs] [Times: user=0.25 sys=0.00, real=0.02 secs] 
2020-09-29T18:16:49.120+0200: 30.680: [GC (Allocation Failure) 2020-09-29T18:16:49.120+0200: 30.680: [ParNew: 607832K->39940K(613440K), 0.0135397 secs] 617050K->49157K(2029056K), 0.0135925 secs] [Times: user=0.13 sys=0.00, real=0.01 secs] 
2020-09-29T18:16:49.183+0200: 30.743: [GC (Allocation Failure) 2020-09-29T18:16:49.183+0200: 30.743: [ParNew: 585284K->24647K(613440K), 0.0111932 secs] 594501K->33864K(2029056K), 0.0112487 secs] [Times: user=0.13 sys=0.00, real=0.01 secs] 
2020-09-29T18:16:49.243+0200: 30.803: [GC (Allocation Failure) 2020-09-29T18:16:49.243+0200: 30.803: [ParNew: 569991K->57896K(613440K), 0.0214731 secs] 579208K->67113K(2029056K), 0.0215491 secs] [Times: user=0.13 sys=0.00, real=0.02 secs] 
2020-09-29T18:16:49.312+0200: 30.872: [GC (Allocation Failure) 2020-09-29T18:16:49.312+0200: 30.872: [ParNew: 603240K->38680K(613440K), 0.0150499 secs] 612457K->47897K(2029056K), 0.0151215 secs] [Times: user=0.13 sys=0.00, real=0.01 secs] 
2020-09-29T18:16:49.379+0200: 30.939: [GC (Allocation Failure) 2020-09-29T18:16:49.379+0200: 30.939: [ParNew: 584024K->55745K(613440K), 0.0191502 secs] 593241K->64962K(2029056K), 0.0192026 secs] [Times: user=0.13 sys=0.00, real=0.02 secs] 
2020-09-29T18:16:49.446+0200: 31.006: [GC (Allocation Failure) 2020-09-29T18:16:49.447+0200: 31.007: [ParNew: 601089K->35431K(613440K), 0.0141153 secs] 610306K->44648K(2029056K), 0.0144303 secs] [Times: user=0.13 sys=0.00, real=0.01 secs] 
2020-09-29T18:16:49.520+0200: 31.080: [GC (Allocation Failure) 2020-09-29T18:16:49.520+0200: 31.080: [ParNew: 580775K->37541K(613440K), 0.0176639 secs] 589992K->46758K(2029056K), 0.0177303 secs] [Times: user=0.13 sys=0.00, real=0.02 secs] 
2020-09-29T18:16:49.586+0200: 31.146: [GC (Allocation Failure) 2020-09-29T18:16:49.586+0200: 31.146: [ParNew: 582885K->56783K(613440K), 0.0222949 secs] 592102K->66000K(2029056K), 0.0223532 secs] [Times: user=0.13 sys=0.00, real=0.02 secs] 
2020-09-29T18:16:49.660+0200: 31.220: [GC (Allocation Failure) 2020-09-29T18:16:49.660+0200: 31.220: [ParNew: 602127K->68096K(613440K), 0.0225356 secs] 611344K->77313K(2029056K), 0.0226015 secs] [Times: user=0.25 sys=0.00, real=0.02 secs] 
2020-09-29T18:16:49.729+0200: 31.289: [GC (Allocation Failure) 2020-09-29T18:16:49.729+0200: 31.289: [ParNew: 613440K->55646K(613440K), 0.0210561 secs] 622657K->64864K(2029056K), 0.0211181 secs] [Times: user=0.13 sys=0.00, real=0.02 secs] 
2020-09-29T18:16:49.799+0200: 31.359: [GC (Allocation Failure) 2020-09-29T18:16:49.799+0200: 31.359: [ParNew: 600990K->41852K(613440K), 0.0150167 secs] 610208K->51069K(2029056K), 0.0151264 secs] [Times: user=0.13 sys=0.00, real=0.01 secs] 
2020-09-29T18:16:49.867+0200: 31.427: [GC (Allocation Failure) 2020-09-29T18:16:49.867+0200: 31.427: [ParNew: 587196K->59512K(613440K), 0.0211697 secs] 596413K->68729K(2029056K), 0.0212510 secs] [Times: user=0.13 sys=0.00, real=0.02 secs] 
2020-09-29T18:16:49.936+0200: 31.497: [GC (Allocation Failure) 2020-09-29T18:16:49.937+0200: 31.497: [ParNew: 604856K->43136K(613440K), 0.0199234 secs] 614073K->52353K(2029056K), 0.0200102 secs] [Times: user=0.11 sys=0.01, real=0.02 secs] 
2020-09-29T18:16:50.008+0200: 31.568: [GC (Allocation Failure) 2020-09-29T18:16:50.008+0200: 31.568: [ParNew: 588480K->37570K(613440K), 0.0185547 secs] 597697K->46787K(2029056K), 0.0186160 secs] [Times: user=0.13 sys=0.00, real=0.02 secs] 
2020-09-29T18:16:50.074+0200: 31.634: [GC (Allocation Failure) 2020-09-29T18:16:50.074+0200: 31.634: [ParNew: 582914K->66097K(613440K), 0.0220999 secs] 592131K->75314K(2029056K), 0.0221610 secs] [Times: user=0.13 sys=0.00, real=0.02 secs] 
2020-09-29T18:16:50.146+0200: 31.706: [GC (Allocation Failure) 2020-09-29T18:16:50.146+0200: 31.706: [ParNew: 611441K->53070K(613440K), 0.0214856 secs] 620658K->62287K(2029056K), 0.0215713 secs] [Times: user=0.13 sys=0.00, real=0.02 secs] 
2020-09-29T18:16:50.217+0200: 31.777: [GC (Allocation Failure) 2020-09-29T18:16:50.217+0200: 31.777: [ParNew: 598414K->42435K(613440K), 0.0156331 secs] 607631K->51652K(2029056K), 0.0157005 secs] [Times: user=0.13 sys=0.00, real=0.02 secs] 
2020-09-29T18:16:50.282+0200: 31.842: [GC (Allocation Failure) 2020-09-29T18:16:50.282+0200: 31.842: [ParNew: 587779K->44977K(613440K), 0.0196649 secs] 596996K->54194K(2029056K), 0.0197522 secs] [Times: user=0.25 sys=0.00, real=0.02 secs] 
2020-09-29T18:16:50.349+0200: 31.909: [GC (Allocation Failure) 2020-09-29T18:16:50.349+0200: 31.909: [ParNew: 590321K->40262K(613440K), 0.0193623 secs] 599538K->49479K(2029056K), 0.0194167 secs] [Times: user=0.13 sys=0.00, real=0.02 secs] 
2020-09-29T18:16:50.415+0200: 31.975: [GC (Allocation Failure) 2020-09-29T18:16:50.415+0200: 31.975: [ParNew: 585606K->43078K(613440K), 0.0168894 secs] 594823K->52295K(2029056K), 0.0169649 secs] [Times: user=0.13 sys=0.00, real=0.02 secs] 
2020-09-29T18:16:50.480+0200: 32.040: [GC (Allocation Failure) 2020-09-29T18:16:50.480+0200: 32.040: [ParNew: 588422K->62491K(613440K), 0.0218398 secs] 597639K->71708K(2029056K), 0.0219050 secs] [Times: user=0.13 sys=0.00, real=0.02 secs] 
2020-09-29T18:16:50.549+0200: 32.110: [GC (Allocation Failure) 2020-09-29T18:16:50.549+0200: 32.110: [ParNew: 607835K->50193K(613440K), 0.0163540 secs] 617052K->59410K(2029056K), 0.0164149 secs] [Times: user=0.13 sys=0.00, real=0.02 secs] 
2020-09-29T18:16:50.617+0200: 32.177: [GC (Allocation Failure) 2020-09-29T18:16:50.617+0200: 32.177: [ParNew: 595537K->36786K(613440K), 0.0162837 secs] 604754K->46003K(2029056K), 0.0163389 secs] [Times: user=0.11 sys=0.00, real=0.02 secs] 
2020-09-29T18:16:50.680+0200: 32.240: [GC (Allocation Failure) 2020-09-29T18:16:50.680+0200: 32.240: [ParNew: 582130K->32840K(613440K), 0.0130572 secs] 591347K->42057K(2029056K), 0.0131109 secs] [Times: user=0.13 sys=0.00, real=0.01 secs] 
2020-09-29T18:16:50.741+0200: 32.301: [GC (Allocation Failure) 2020-09-29T18:16:50.741+0200: 32.301: [ParNew: 578184K->30414K(613440K), 0.0129559 secs] 587401K->39631K(2029056K), 0.0130732 secs] [Times: user=0.13 sys=0.00, real=0.01 secs] 
2020-09-29T18:16:50.806+0200: 32.366: [GC (Allocation Failure) 2020-09-29T18:16:50.806+0200: 32.366: [ParNew: 575758K->64048K(613440K), 0.0232044 secs] 584975K->73265K(2029056K), 0.0232573 secs] [Times: user=0.13 sys=0.00, real=0.02 secs] 
2020-09-29T18:16:50.877+0200: 32.437: [GC (Allocation Failure) 2020-09-29T18:16:50.877+0200: 32.437: [ParNew: 609392K->48219K(613440K), 0.0174734 secs] 618609K->57436K(2029056K), 0.0175313 secs] [Times: user=0.13 sys=0.00, real=0.02 secs] 
2020-09-29T18:16:50.942+0200: 32.502: [GC (Allocation Failure) 2020-09-29T18:16:50.942+0200: 32.502: [ParNew: 593563K->68096K(613440K), 0.0219227 secs] 602780K->77313K(2029056K), 0.0219906 secs] [Times: user=0.13 sys=0.00, real=0.02 secs] 
2020-09-29T18:16:51.012+0200: 32.572: [GC (Allocation Failure) 2020-09-29T18:16:51.012+0200: 32.572: [ParNew: 613440K->46330K(613440K), 0.0155745 secs] 622657K->55547K(2029056K), 0.0156348 secs] [Times: user=0.13 sys=0.00, real=0.01 secs] 
2020-09-29T18:16:51.076+0200: 32.636: [GC (Allocation Failure) 2020-09-29T18:16:51.076+0200: 32.637: [ParNew: 591674K->42041K(613440K), 0.0146306 secs] 600891K->51258K(2029056K), 0.0147184 secs] [Times: user=0.13 sys=0.00, real=0.02 secs] 
2020-09-29T18:16:51.140+0200: 32.700: [GC (Allocation Failure) 2020-09-29T18:16:51.140+0200: 32.700: [ParNew: 587385K->68096K(613440K), 0.0244149 secs] 596602K->77313K(2029056K), 0.0319902 secs] [Times: user=0.25 sys=0.00, real=0.03 secs] 
2020-09-29T18:16:51.236+0200: 32.797: [GC (Allocation Failure) 2020-09-29T18:16:51.236+0200: 32.797: [ParNew: 613440K->52150K(613440K), 0.0178340 secs] 622657K->61368K(2029056K), 0.0178910 secs] [Times: user=0.23 sys=0.00, real=0.02 secs] 
2020-09-29T18:16:51.302+0200: 32.862: [GC (Allocation Failure) 2020-09-29T18:16:51.302+0200: 32.862: [ParNew: 597494K->68096K(613440K), 0.0229315 secs] 606712K->77313K(2029056K), 0.0229924 secs] [Times: user=0.13 sys=0.00, real=0.02 secs] 
2020-09-29T18:16:51.374+0200: 32.934: [GC (Allocation Failure) 2020-09-29T18:16:51.374+0200: 32.934: [ParNew: 613440K->49274K(613440K), 0.0179002 secs] 622657K->58492K(2029056K), 0.0179676 secs] [Times: user=0.13 sys=0.00, real=0.02 secs] 
2020-09-29T18:16:51.439+0200: 32.999: [GC (Allocation Failure) 2020-09-29T18:16:51.439+0200: 32.999: [ParNew: 594618K->42431K(613440K), 0.0170403 secs] 603836K->51648K(2029056K), 0.0171018 secs] [Times: user=0.13 sys=0.00, real=0.02 secs] 
2020-09-29T18:16:51.505+0200: 33.065: [GC (Allocation Failure) 2020-09-29T18:16:51.505+0200: 33.065: [ParNew: 587775K->59693K(613440K), 0.0219118 secs] 596992K->68910K(2029056K), 0.0219789 secs] [Times: user=0.13 sys=0.00, real=0.02 secs] 
2020-09-29T18:16:51.575+0200: 33.135: [GC (Allocation Failure) 2020-09-29T18:16:51.575+0200: 33.135: [ParNew: 605037K->46284K(613440K), 0.0223242 secs] 614254K->55501K(2029056K), 0.0223987 secs] [Times: user=0.13 sys=0.02, real=0.02 secs] 
2020-09-29T18:16:51.646+0200: 33.206: [GC (Allocation Failure) 2020-09-29T18:16:51.646+0200: 33.206: [ParNew: 591628K->38729K(613440K), 0.0088859 secs] 600845K->47947K(2029056K), 0.0089501 secs] [Times: user=0.00 sys=0.00, real=0.01 secs] 
2020-09-29T18:16:51.707+0200: 33.267: [GC (Allocation Failure) 2020-09-29T18:16:51.707+0200: 33.267: [ParNew: 584073K->42453K(613440K), 0.0186788 secs] 593291K->51670K(2029056K), 0.0187342 secs] [Times: user=0.13 sys=0.00, real=0.02 secs] 
2020-09-29T18:16:51.775+0200: 33.335: [GC (Allocation Failure) 2020-09-29T18:16:51.775+0200: 33.335: [ParNew: 587797K->54365K(613440K), 0.0181623 secs] 597014K->63583K(2029056K), 0.0182178 secs] [Times: user=0.13 sys=0.00, real=0.02 secs] 
2020-09-29T18:16:51.839+0200: 33.400: [GC (Allocation Failure) 2020-09-29T18:16:51.839+0200: 33.400: [ParNew: 599709K->40703K(613440K), 0.0178794 secs] 608927K->49921K(2029056K), 0.0179342 secs] [Times: user=0.13 sys=0.00, real=0.02 secs] 
2020-09-29T18:16:51.907+0200: 33.467: [GC (Allocation Failure) 2020-09-29T18:16:51.907+0200: 33.467: [ParNew: 586047K->39156K(613440K), 0.0175590 secs] 595265K->48373K(2029056K), 0.0176237 secs] [Times: user=0.13 sys=0.00, real=0.02 secs] 
2020-09-29T18:16:51.972+0200: 33.532: [GC (Allocation Failure) 2020-09-29T18:16:51.972+0200: 33.532: [ParNew: 584500K->38406K(613440K), 0.0163398 secs] 593717K->47623K(2029056K), 0.0164054 secs] [Times: user=0.13 sys=0.00, real=0.02 secs] 
2020-09-29T18:16:52.035+0200: 33.595: [GC (Allocation Failure) 2020-09-29T18:16:52.035+0200: 33.595: [ParNew: 583750K->59560K(613440K), 0.0210470 secs] 592967K->68777K(2029056K), 0.0211247 secs] [Times: user=0.11 sys=0.00, real=0.02 secs] 
2020-09-29T18:16:52.107+0200: 33.667: [GC (Allocation Failure) 2020-09-29T18:16:52.107+0200: 33.667: [ParNew: 604904K->43761K(613440K), 0.0167615 secs] 614121K->52978K(2029056K), 0.0168237 secs] [Times: user=0.13 sys=0.00, real=0.02 secs] 
2020-09-29T18:16:52.175+0200: 33.734: [GC (Allocation Failure) 2020-09-29T18:16:52.175+0200: 33.734: [ParNew: 589105K->61618K(613440K), 0.0212761 secs] 598322K->70835K(2029056K), 0.0213549 secs] [Times: user=0.25 sys=0.00, real=0.02 secs] 
2020-09-29T18:16:52.248+0200: 33.807: [GC (Allocation Failure) 2020-09-29T18:16:52.248+0200: 33.807: [ParNew: 606962K->44728K(613440K), 0.0198538 secs] 616179K->53945K(2029056K), 0.0199414 secs] [Times: user=0.13 sys=0.00, real=0.02 secs] 
2020-09-29T18:16:52.317+0200: 33.877: [GC (Allocation Failure) 2020-09-29T18:16:52.317+0200: 33.877: [ParNew: 590072K->67800K(613440K), 0.0222633 secs] 599289K->77017K(2029056K), 0.0223504 secs] [Times: user=0.13 sys=0.00, real=0.02 secs] 
2020-09-29T18:16:52.388+0200: 33.947: [GC (Allocation Failure) 2020-09-29T18:16:52.388+0200: 33.947: [ParNew: 613144K->45124K(613440K), 0.0160958 secs] 622361K->54341K(2029056K), 0.0161526 secs] [Times: user=0.13 sys=0.00, real=0.02 secs] 
2020-09-29T18:16:52.451+0200: 34.011: [GC (Allocation Failure) 2020-09-29T18:16:52.451+0200: 34.011: [ParNew: 590468K->39248K(613440K), 0.0145525 secs] 599685K->48465K(2029056K), 0.0146073 secs] [Times: user=0.13 sys=0.00, real=0.02 secs] 
2020-09-29T18:16:52.527+0200: 34.087: [GC (Allocation Failure) 2020-09-29T18:16:52.527+0200: 34.087: [ParNew: 584592K->52540K(613440K), 0.0193149 secs] 593809K->61757K(2029056K), 0.0193755 secs] [Times: user=0.13 sys=0.00, real=0.02 secs] 
2020-09-29T18:16:52.598+0200: 34.158: [GC (Allocation Failure) 2020-09-29T18:16:52.598+0200: 34.158: [ParNew: 597884K->65988K(613440K), 0.0241234 secs] 607101K->75205K(2029056K), 0.0241982 secs] [Times: user=0.13 sys=0.00, real=0.02 secs] 
2020-09-29T18:16:52.671+0200: 34.231: [GC (Allocation Failure) 2020-09-29T18:16:52.671+0200: 34.231: [ParNew: 611332K->53763K(613440K), 0.0165140 secs] 620549K->62980K(2029056K), 0.0165723 secs] [Times: user=0.13 sys=0.00, real=0.02 secs] 
2020-09-29T18:16:52.736+0200: 34.296: [GC (Allocation Failure) 2020-09-29T18:16:52.736+0200: 34.296: [ParNew: 599107K->51247K(613440K), 0.0223927 secs] 608324K->60464K(2029056K), 0.0224543 secs] [Times: user=0.25 sys=0.00, real=0.02 secs] 
2020-09-29T18:16:52.806+0200: 34.366: [GC (Allocation Failure) 2020-09-29T18:16:52.806+0200: 34.366: [ParNew: 596591K->68096K(613440K), 0.0222262 secs] 605808K->77501K(2029056K), 0.0222881 secs] [Times: user=0.13 sys=0.00, real=0.02 secs] 
2020-09-29T18:16:52.876+0200: 34.436: [GC (Allocation Failure) 2020-09-29T18:16:52.876+0200: 34.436: [ParNew: 613440K->50844K(613440K), 0.0214800 secs] 622845K->60250K(2029056K), 0.0215434 secs] [Times: user=0.25 sys=0.00, real=0.02 secs] 
2020-09-29T18:16:52.947+0200: 34.506: [GC (Allocation Failure) 2020-09-29T18:16:52.947+0200: 34.506: [ParNew: 596188K->47056K(613440K), 0.0205355 secs] 605594K->56462K(2029056K), 0.0206350 secs] [Times: user=0.13 sys=0.00, real=0.02 secs] 
2020-09-29T18:16:53.018+0200: 34.577: [GC (Allocation Failure) 2020-09-29T18:16:53.018+0200: 34.577: [ParNew: 592400K->47964K(613440K), 0.0214221 secs] 601806K->57370K(2029056K), 0.0214867 secs] [Times: user=0.22 sys=0.00, real=0.02 secs] 
2020-09-29T18:16:53.090+0200: 34.649: [GC (Allocation Failure) 2020-09-29T18:16:53.090+0200: 34.649: [ParNew: 593308K->45130K(613440K), 0.0198799 secs] 602714K->54536K(2029056K), 0.0199427 secs] [Times: user=0.13 sys=0.00, real=0.02 secs] 
2020-09-29T18:16:53.159+0200: 34.719: [GC (Allocation Failure) 2020-09-29T18:16:53.159+0200: 34.719: [ParNew: 590474K->68096K(613440K), 0.0246256 secs] 599880K->77501K(2029056K), 0.0247023 secs] [Times: user=0.25 sys=0.00, real=0.03 secs] 
2020-09-29T18:16:53.233+0200: 34.793: [GC (Allocation Failure) 2020-09-29T18:16:53.234+0200: 34.793: [ParNew: 613440K->52002K(613440K), 0.0217069 secs] 622845K->61408K(2029056K), 0.0217802 secs] [Times: user=0.25 sys=0.00, real=0.02 secs] 
2020-09-29T18:16:53.302+0200: 34.862: [GC (Allocation Failure) 2020-09-29T18:16:53.302+0200: 34.862: [ParNew: 597346K->48598K(613440K), 0.0208904 secs] 606752K->58004K(2029056K), 0.0209521 secs] [Times: user=0.13 sys=0.00, real=0.02 secs] 
2020-09-29T18:16:53.374+0200: 34.933: [GC (Allocation Failure) 2020-09-29T18:16:53.374+0200: 34.934: [ParNew: 593942K->41089K(613440K), 0.0143448 secs] 603348K->50495K(2029056K), 0.0144045 secs] [Times: user=0.13 sys=0.00, real=0.01 secs] 
2020-09-29T18:16:53.440+0200: 35.000: [GC (Allocation Failure) 2020-09-29T18:16:53.440+0200: 35.000: [ParNew: 586433K->57477K(613440K), 0.0198113 secs] 595839K->66883K(2029056K), 0.0198681 secs] [Times: user=0.25 sys=0.00, real=0.02 secs] 
2020-09-29T18:16:53.507+0200: 35.066: [GC (Allocation Failure) 2020-09-29T18:16:53.507+0200: 35.067: [ParNew: 602821K->46552K(613440K), 0.0192446 secs] 612227K->55958K(2029056K), 0.0193157 secs] [Times: user=0.13 sys=0.00, real=0.02 secs] 
2020-09-29T18:16:53.576+0200: 35.136: [GC (Allocation Failure) 2020-09-29T18:16:53.576+0200: 35.136: [ParNew: 591896K->67897K(613440K), 0.0244984 secs] 601302K->77303K(2029056K), 0.0245582 secs] [Times: user=0.23 sys=0.00, real=0.03 secs] 
2020-09-29T18:16:53.650+0200: 35.210: [GC (Allocation Failure) 2020-09-29T18:16:53.650+0200: 35.210: [ParNew: 613241K->56806K(613440K), 0.0195363 secs] 622647K->66212K(2029056K), 0.0196031 secs] [Times: user=0.13 sys=0.00, real=0.02 secs] 
2020-09-29T18:16:53.718+0200: 35.277: [GC (Allocation Failure) 2020-09-29T18:16:53.718+0200: 35.277: [ParNew: 602150K->46778K(613440K), 0.0170171 secs] 611556K->56184K(2029056K), 0.0170741 secs] [Times: user=0.13 sys=0.00, real=0.02 secs] 
2020-09-29T18:16:53.785+0200: 35.345: [GC (Allocation Failure) 2020-09-29T18:16:53.785+0200: 35.345: [ParNew: 592122K->41609K(613440K), 0.0164473 secs] 601528K->51015K(2029056K), 0.0165066 secs] [Times: user=0.20 sys=0.02, real=0.02 secs] 
2020-09-29T18:16:53.849+0200: 35.409: [GC (Allocation Failure) 2020-09-29T18:16:53.849+0200: 35.409: [ParNew: 586953K->37922K(613440K), 0.0163335 secs] 596359K->47328K(2029056K), 0.0163883 secs] [Times: user=0.13 sys=0.00, real=0.02 secs] 
2020-09-29T18:16:53.914+0200: 35.474: [GC (Allocation Failure) 2020-09-29T18:16:53.914+0200: 35.474: [ParNew: 583266K->33844K(613440K), 0.0156388 secs] 592672K->43250K(2029056K), 0.0157125 secs] [Times: user=0.13 sys=0.00, real=0.02 secs] 
2020-09-29T18:16:53.977+0200: 35.537: [GC (Allocation Failure) 2020-09-29T18:16:53.977+0200: 35.537: [ParNew: 579188K->54060K(613440K), 0.0196509 secs] 588594K->63466K(2029056K), 0.0197073 secs] [Times: user=0.13 sys=0.00, real=0.02 secs] 
2020-09-29T18:16:54.043+0200: 35.603: [GC (Allocation Failure) 2020-09-29T18:16:54.044+0200: 35.603: [ParNew: 599404K->40264K(613440K), 0.0128974 secs] 608810K->49670K(2029056K), 0.0129731 secs] [Times: user=0.13 sys=0.00, real=0.01 secs] 
2020-09-29T18:16:54.113+0200: 35.673: [GC (Allocation Failure) 2020-09-29T18:16:54.113+0200: 35.673: [ParNew: 585608K->35992K(613440K), 0.0184728 secs] 595014K->45398K(2029056K), 0.0185294 secs] [Times: user=0.25 sys=0.00, real=0.02 secs] 
2020-09-29T18:16:54.184+0200: 35.744: [GC (Allocation Failure) 2020-09-29T18:16:54.184+0200: 35.744: [ParNew: 581336K->38087K(613440K), 0.0167466 secs] 590742K->47492K(2029056K), 0.0168119 secs] [Times: user=0.13 sys=0.00, real=0.02 secs] 
2020-09-29T18:16:54.248+0200: 35.808: [GC (Allocation Failure) 2020-09-29T18:16:54.248+0200: 35.808: [ParNew: 583431K->59707K(613440K), 0.0208340 secs] 592836K->69113K(2029056K), 0.0209104 secs] [Times: user=0.13 sys=0.00, real=0.02 secs] 
2020-09-29T18:16:54.318+0200: 35.878: [GC (Allocation Failure) 2020-09-29T18:16:54.318+0200: 35.878: [ParNew: 605051K->46669K(613440K), 0.0158694 secs] 614457K->56075K(2029056K), 0.0159396 secs] [Times: user=0.13 sys=0.00, real=0.02 secs] 
2020-09-29T18:16:54.384+0200: 35.944: [GC (Allocation Failure) 2020-09-29T18:16:54.384+0200: 35.944: [ParNew: 592013K->46363K(613440K), 0.0201959 secs] 601419K->55769K(2029056K), 0.0202551 secs] [Times: user=0.13 sys=0.00, real=0.02 secs] 
2020-09-29T18:16:54.451+0200: 36.011: [GC (Allocation Failure) 2020-09-29T18:16:54.452+0200: 36.011: [ParNew: 591707K->42700K(613440K), 0.0142215 secs] 601113K->52105K(2029056K), 0.0143033 secs] [Times: user=0.13 sys=0.00, real=0.02 secs] 
2020-09-29T18:16:54.513+0200: 36.073: [GC (Allocation Failure) 2020-09-29T18:16:54.513+0200: 36.073: [ParNew: 588044K->54391K(613440K), 0.0235120 secs] 597449K->63797K(2029056K), 0.0235686 secs] [Times: user=0.25 sys=0.00, real=0.02 secs] 
2020-09-29T18:16:54.584+0200: 36.144: [GC (Allocation Failure) 2020-09-29T18:16:54.584+0200: 36.144: [ParNew: 599735K->68096K(613440K), 0.0222525 secs] 609141K->77892K(2029056K), 0.0223120 secs] [Times: user=0.13 sys=0.00, real=0.02 secs] 
2020-09-29T18:16:54.655+0200: 36.214: [GC (Allocation Failure) 2020-09-29T18:16:54.655+0200: 36.214: [ParNew: 613440K->53065K(613440K), 0.0217216 secs] 623236K->62862K(2029056K), 0.0217917 secs] [Times: user=0.25 sys=0.00, real=0.02 secs] 
2020-09-29T18:16:54.725+0200: 36.285: [GC (Allocation Failure) 2020-09-29T18:16:54.725+0200: 36.285: [ParNew: 598409K->54144K(613440K), 0.0224331 secs] 608206K->63940K(2029056K), 0.0224909 secs] [Times: user=0.13 sys=0.00, real=0.02 secs] 
2020-09-29T18:16:54.795+0200: 36.355: [GC (Allocation Failure) 2020-09-29T18:16:54.795+0200: 36.355: [ParNew: 599488K->43540K(613440K), 0.0160417 secs] 609284K->53337K(2029056K), 0.0160992 secs] [Times: user=0.13 sys=0.00, real=0.02 secs] 
2020-09-29T18:16:54.858+0200: 36.418: [GC (Allocation Failure) 2020-09-29T18:16:54.858+0200: 36.418: [ParNew: 588884K->23617K(613440K), 0.0140757 secs] 598681K->33413K(2029056K), 0.0141323 secs] [Times: user=0.13 sys=0.00, real=0.01 secs] 
2020-09-29T18:16:54.921+0200: 36.481: [GC (Allocation Failure) 2020-09-29T18:16:54.921+0200: 36.481: [ParNew: 568961K->47351K(613440K), 0.0168026 secs] 578757K->57148K(2029056K), 0.0168732 secs] [Times: user=0.13 sys=0.00, real=0.02 secs] 
2020-09-29T18:16:54.991+0200: 36.551: [GC (Allocation Failure) 2020-09-29T18:16:54.991+0200: 36.551: [ParNew: 592695K->38689K(613440K), 0.0164270 secs] 602492K->48486K(2029056K), 0.0164938 secs] [Times: user=0.13 sys=0.00, real=0.02 secs] 
2020-09-29T18:16:55.056+0200: 36.616: [GC (Allocation Failure) 2020-09-29T18:16:55.056+0200: 36.616: [ParNew: 584033K->57198K(613440K), 0.0203458 secs] 593830K->66994K(2029056K), 0.0204059 secs] [Times: user=0.13 sys=0.00, real=0.02 secs] 
2020-09-29T18:16:55.123+0200: 36.683: [GC (Allocation Failure) 2020-09-29T18:16:55.123+0200: 36.683: [ParNew: 602542K->42434K(613440K), 0.0148653 secs] 612338K->52230K(2029056K), 0.0149211 secs] [Times: user=0.13 sys=0.00, real=0.02 secs] 
2020-09-29T18:16:55.191+0200: 36.751: [GC (Allocation Failure) 2020-09-29T18:16:55.191+0200: 36.751: [ParNew: 587778K->41932K(613440K), 0.0203606 secs] 597574K->51728K(2029056K), 0.0204167 secs] [Times: user=0.25 sys=0.00, real=0.02 secs] 
2020-09-29T18:16:55.258+0200: 36.818: [GC (Allocation Failure) 2020-09-29T18:16:55.263+0200: 36.823: [ParNew: 587276K->68096K(613440K), 0.0242447 secs] 597072K->77892K(2029056K), 0.0292531 secs] [Times: user=0.25 sys=0.00, real=0.03 secs] 
2020-09-29T18:16:55.337+0200: 36.897: [GC (Allocation Failure) 2020-09-29T18:16:55.338+0200: 36.897: [ParNew: 613440K->44540K(613440K), 0.0122876 secs] 623236K->54337K(2029056K), 0.0123753 secs] [Times: user=0.13 sys=0.00, real=0.01 secs] 
2020-09-29T18:16:55.405+0200: 36.965: [GC (Allocation Failure) 2020-09-29T18:16:55.406+0200: 36.965: [ParNew: 589884K->39757K(613440K), 0.0172461 secs] 599681K->49553K(2029056K), 0.0173090 secs] [Times: user=0.13 sys=0.00, real=0.02 secs] 
2020-09-29T18:16:55.471+0200: 37.031: [GC (Allocation Failure) 2020-09-29T18:16:55.471+0200: 37.031: [ParNew: 585101K->34258K(613440K), 0.0176532 secs] 594897K->44055K(2029056K), 0.0177061 secs] [Times: user=0.19 sys=0.02, real=0.02 secs] 
2020-09-29T18:16:55.544+0200: 37.104: [GC (Allocation Failure) 2020-09-29T18:16:55.544+0200: 37.104: [ParNew: 579602K->59316K(613440K), 0.0211640 secs] 589399K->69112K(2029056K), 0.0212508 secs] [Times: user=0.13 sys=0.00, real=0.02 secs] 
2020-09-29T18:16:55.619+0200: 37.179: [GC (Allocation Failure) 2020-09-29T18:16:55.619+0200: 37.179: [ParNew: 604660K->66466K(613440K), 0.0207607 secs] 614456K->76263K(2029056K), 0.0208212 secs] [Times: user=0.13 sys=0.00, real=0.02 secs] 
2020-09-29T18:16:55.688+0200: 37.248: [GC (Allocation Failure) 2020-09-29T18:16:55.688+0200: 37.248: [ParNew: 611810K->25434K(613440K), 0.0082978 secs] 621607K->35231K(2029056K), 0.0083516 secs] [Times: user=0.13 sys=0.00, real=0.01 secs] 
2020-09-29T18:16:55.744+0200: 37.304: [GC (Allocation Failure) 2020-09-29T18:16:55.744+0200: 37.304: [ParNew: 570778K->25259K(613440K), 0.0145688 secs] 580575K->35055K(2029056K), 0.0146305 secs] [Times: user=0.13 sys=0.00, real=0.02 secs] 
2020-09-29T18:16:55.818+0200: 37.378: [GC (Allocation Failure) 2020-09-29T18:16:55.818+0200: 37.378: [ParNew: 570603K->38865K(613440K), 0.0185744 secs] 580399K->48662K(2029056K), 0.0186363 secs] [Times: user=0.13 sys=0.00, real=0.02 secs] 
2020-09-29T18:16:55.886+0200: 37.446: [GC (Allocation Failure) 2020-09-29T18:16:55.886+0200: 37.446: [ParNew: 584209K->53144K(613440K), 0.0181725 secs] 594006K->62940K(2029056K), 0.0182262 secs] [Times: user=0.13 sys=0.00, real=0.02 secs] 
2020-09-29T18:16:55.952+0200: 37.512: [GC (Allocation Failure) 2020-09-29T18:16:55.952+0200: 37.512: [ParNew: 598488K->40474K(613440K), 0.0159204 secs] 608284K->50270K(2029056K), 0.0159755 secs] [Times: user=0.13 sys=0.00, real=0.02 secs] 
2020-09-29T18:16:56.017+0200: 37.577: [GC (Allocation Failure) 2020-09-29T18:16:56.017+0200: 37.577: [ParNew: 585818K->38447K(613440K), 0.0151390 secs] 595614K->48244K(2029056K), 0.0152047 secs] [Times: user=0.13 sys=0.00, real=0.02 secs] 
2020-09-29T18:16:56.084+0200: 37.644: [GC (Allocation Failure) 2020-09-29T18:16:56.084+0200: 37.644: [ParNew: 583791K->36464K(613440K), 0.0149636 secs] 593588K->46261K(2029056K), 0.0150235 secs] [Times: user=0.13 sys=0.00, real=0.01 secs] 
2020-09-29T18:16:56.145+0200: 37.705: [GC (Allocation Failure) 2020-09-29T18:16:56.145+0200: 37.705: [ParNew: 581808K->55645K(613440K), 0.0202749 secs] 591605K->65441K(2029056K), 0.0203417 secs] [Times: user=0.13 sys=0.00, real=0.02 secs] 
2020-09-29T18:16:56.212+0200: 37.772: [GC (Allocation Failure) 2020-09-29T18:16:56.212+0200: 37.772: [ParNew: 600989K->40725K(613440K), 0.0137043 secs] 610785K->50522K(2029056K), 0.0137785 secs] [Times: user=0.13 sys=0.00, real=0.01 secs] 
2020-09-29T18:16:56.274+0200: 37.834: [GC (Allocation Failure) 2020-09-29T18:16:56.274+0200: 37.834: [ParNew: 586069K->54179K(613440K), 0.0232089 secs] 595866K->63975K(2029056K), 0.0232687 secs] [Times: user=0.13 sys=0.00, real=0.02 secs] 
2020-09-29T18:16:56.346+0200: 37.906: [GC (Allocation Failure) 2020-09-29T18:16:56.346+0200: 37.906: [ParNew: 599523K->68096K(613440K), 0.0226633 secs] 609319K->78191K(2029056K), 0.0227200 secs] [Times: user=0.25 sys=0.00, real=0.02 secs] 
2020-09-29T18:16:56.416+0200: 37.976: [GC (Allocation Failure) 2020-09-29T18:16:56.416+0200: 37.976: [ParNew: 613440K->45609K(613440K), 0.0123909 secs] 623535K->55704K(2029056K), 0.0124541 secs] [Times: user=0.13 sys=0.00, real=0.01 secs] 
2020-09-29T18:16:56.476+0200: 38.036: [GC (Allocation Failure) 2020-09-29T18:16:56.476+0200: 38.036: [ParNew: 590953K->32066K(613440K), 0.0170912 secs] 601048K->42161K(2029056K), 0.0171465 secs] [Times: user=0.13 sys=0.00, real=0.02 secs] 
2020-09-29T18:16:56.540+0200: 38.100: [GC (Allocation Failure) 2020-09-29T18:16:56.540+0200: 38.100: [ParNew: 577410K->32779K(613440K), 0.0146071 secs] 587505K->42875K(2029056K), 0.0146720 secs] [Times: user=0.13 sys=0.00, real=0.01 secs] 
2020-09-29T18:16:56.613+0200: 38.173: [GC (Allocation Failure) 2020-09-29T18:16:56.620+0200: 38.180: [ParNew: 578123K->29198K(613440K), 0.0176366 secs] 588219K->39294K(2029056K), 0.0241098 secs] [Times: user=0.11 sys=0.00, real=0.02 secs] 
2020-09-29T18:16:56.691+0200: 38.251: [GC (Allocation Failure) 2020-09-29T18:16:56.691+0200: 38.251: [ParNew: 574542K->28501K(613440K), 0.0149991 secs] 584638K->38596K(2029056K), 0.0150610 secs] [Times: user=0.13 sys=0.00, real=0.02 secs] 
2020-09-29T18:16:56.761+0200: 38.321: [GC (Allocation Failure) 2020-09-29T18:16:56.761+0200: 38.321: [ParNew: 573845K->48843K(613440K), 0.0167766 secs] 583940K->58939K(2029056K), 0.0168630 secs] [Times: user=0.13 sys=0.00, real=0.02 secs] 
2020-09-29T18:16:56.826+0200: 38.386: [GC (Allocation Failure) 2020-09-29T18:16:56.826+0200: 38.386: [ParNew: 594187K->35165K(613440K), 0.0178129 secs] 604283K->45261K(2029056K), 0.0178696 secs] [Times: user=0.13 sys=0.00, real=0.02 secs] 
2020-09-29T18:16:56.892+0200: 38.452: [GC (Allocation Failure) 2020-09-29T18:16:56.892+0200: 38.452: [ParNew: 580509K->34269K(613440K), 0.0169832 secs] 590605K->44364K(2029056K), 0.0170392 secs] [Times: user=0.13 sys=0.00, real=0.02 secs] 
2020-09-29T18:16:56.961+0200: 38.521: [GC (Allocation Failure) 2020-09-29T18:16:56.961+0200: 38.521: [ParNew: 579613K->58527K(613440K), 0.0206400 secs] 589708K->68622K(2029056K), 0.0207111 secs] [Times: user=0.13 sys=0.00, real=0.02 secs] 
2020-09-29T18:16:57.028+0200: 38.588: [GC (Allocation Failure) 2020-09-29T18:16:57.029+0200: 38.588: [ParNew: 603871K->44154K(613440K), 0.0139055 secs] 613966K->54249K(2029056K), 0.0139701 secs] [Times: user=0.13 sys=0.00, real=0.01 secs] 
2020-09-29T18:16:57.094+0200: 38.654: [GC (Allocation Failure) 2020-09-29T18:16:57.094+0200: 38.654: [ParNew: 589498K->36939K(613440K), 0.0140949 secs] 599593K->47035K(2029056K), 0.0141550 secs] [Times: user=0.13 sys=0.00, real=0.01 secs] 
2020-09-29T18:16:57.161+0200: 38.721: [GC (Allocation Failure) 2020-09-29T18:16:57.161+0200: 38.721: [ParNew: 582283K->40917K(613440K), 0.0186406 secs] 592379K->51013K(2029056K), 0.0187177 secs] [Times: user=0.13 sys=0.00, real=0.02 secs] 
2020-09-29T18:16:57.231+0200: 38.791: [GC (Allocation Failure) 2020-09-29T18:16:57.231+0200: 38.791: [ParNew: 586261K->54278K(613440K), 0.0177651 secs] 596357K->64374K(2029056K), 0.0178174 secs] [Times: user=0.13 sys=0.00, real=0.02 secs] 
2020-09-29T18:16:57.299+0200: 38.859: [GC (Allocation Failure) 2020-09-29T18:16:57.299+0200: 38.859: [ParNew: 599622K->37913K(613440K), 0.0184401 secs] 609718K->48009K(2029056K), 0.0185018 secs] [Times: user=0.23 sys=0.00, real=0.02 secs] 
2020-09-29T18:16:57.368+0200: 38.928: [GC (Allocation Failure) 2020-09-29T18:16:57.368+0200: 38.928: [ParNew: 583257K->40282K(613440K), 0.0170737 secs] 593353K->50377K(2029056K), 0.0171639 secs] [Times: user=0.13 sys=0.00, real=0.02 secs] 
2020-09-29T18:16:57.432+0200: 38.992: [GC (Allocation Failure) 2020-09-29T18:16:57.432+0200: 38.992: [ParNew: 585626K->36398K(613440K), 0.0161770 secs] 595721K->46494K(2029056K), 0.0162691 secs] [Times: user=0.13 sys=0.00, real=0.02 secs] 
2020-09-29T18:16:57.502+0200: 39.062: [GC (Allocation Failure) 2020-09-29T18:16:57.502+0200: 39.062: [ParNew: 581742K->54326K(613440K), 0.0200298 secs] 591838K->64422K(2029056K), 0.0201083 secs] [Times: user=0.22 sys=0.00, real=0.02 secs] 
2020-09-29T18:16:57.573+0200: 39.133: [GC (Allocation Failure) 2020-09-29T18:16:57.573+0200: 39.133: [ParNew: 599670K->30483K(613440K), 0.0136292 secs] 609766K->40579K(2029056K), 0.0136887 secs] [Times: user=0.11 sys=0.00, real=0.01 secs] 
2020-09-29T18:16:57.636+0200: 39.196: [GC (Allocation Failure) 2020-09-29T18:16:57.636+0200: 39.196: [ParNew: 575827K->54743K(613440K), 0.0239913 secs] 585923K->64839K(2029056K), 0.0240735 secs] [Times: user=0.13 sys=0.00, real=0.02 secs] 
2020-09-29T18:16:57.707+0200: 39.267: [GC (Allocation Failure) 2020-09-29T18:16:57.708+0200: 39.267: [ParNew: 600087K->65711K(613440K), 0.0226729 secs] 610183K->75806K(2029056K), 0.0227376 secs] [Times: user=0.14 sys=0.00, real=0.02 secs] 
2020-09-29T18:16:57.777+0200: 39.337: [GC (Allocation Failure) 2020-09-29T18:16:57.777+0200: 39.337: [ParNew: 611055K->46930K(613440K), 0.0161270 secs] 621150K->57025K(2029056K), 0.0161853 secs] [Times: user=0.13 sys=0.00, real=0.02 secs] 
2020-09-29T18:16:57.849+0200: 39.409: [GC (Allocation Failure) 2020-09-29T18:16:57.849+0200: 39.409: [ParNew: 592274K->42455K(613440K), 0.0160028 secs] 602369K->52551K(2029056K), 0.0160603 secs] [Times: user=0.13 sys=0.00, real=0.02 secs] 
2020-09-29T18:16:57.918+0200: 39.478: [GC (Allocation Failure) 2020-09-29T18:16:57.918+0200: 39.478: [ParNew: 587799K->53829K(613440K), 0.0201027 secs] 597895K->63925K(2029056K), 0.0201589 secs] [Times: user=0.13 sys=0.00, real=0.02 secs] 
2020-09-29T18:16:57.986+0200: 39.546: [GC (Allocation Failure) 2020-09-29T18:16:57.986+0200: 39.546: [ParNew: 599173K->64166K(613440K), 0.0193485 secs] 609269K->74261K(2029056K), 0.0194029 secs] [Times: user=0.25 sys=0.00, real=0.02 secs] 
2020-09-29T18:16:58.055+0200: 39.614: [GC (Allocation Failure) 2020-09-29T18:16:58.055+0200: 39.615: [ParNew: 609510K->27074K(613440K), 0.0135168 secs] 619605K->37169K(2029056K), 0.0135723 secs] [Times: user=0.13 sys=0.00, real=0.01 secs] 
2020-09-29T18:16:58.134+0200: 39.693: [GC (Allocation Failure) 2020-09-29T18:16:58.134+0200: 39.693: [ParNew: 572418K->47279K(613440K), 0.0224159 secs] 582513K->57375K(2029056K), 0.0225163 secs] [Times: user=0.13 sys=0.00, real=0.02 secs] 
2020-09-29T18:16:58.209+0200: 39.769: [GC (Allocation Failure) 2020-09-29T18:16:58.209+0200: 39.769: [ParNew: 592623K->59253K(613440K), 0.0275294 secs] 602719K->69348K(2029056K), 0.0276247 secs] [Times: user=0.13 sys=0.00, real=0.03 secs] 
2020-09-29T18:16:58.284+0200: 39.844: [GC (Allocation Failure) 2020-09-29T18:16:58.284+0200: 39.844: [ParNew: 604597K->49133K(613440K), 0.0200073 secs] 614692K->59229K(2029056K), 0.0200732 secs] [Times: user=0.25 sys=0.00, real=0.02 secs] 
2020-09-29T18:16:58.362+0200: 39.922: [GC (Allocation Failure) 2020-09-29T18:16:58.362+0200: 39.922: [ParNew: 594477K->65958K(613440K), 0.0334897 secs] 604573K->76053K(2029056K), 0.0335614 secs] [Times: user=0.38 sys=0.00, real=0.03 secs] 
2020-09-29T18:16:58.445+0200: 40.005: [GC (Allocation Failure) 2020-09-29T18:16:58.445+0200: 40.005: [ParNew: 611302K->68096K(613440K), 0.0328392 secs] 621397K->79051K(2029056K), 0.0329062 secs] [Times: user=0.25 sys=0.00, real=0.03 secs] 
2020-09-29T18:16:58.528+0200: 40.088: [GC (Allocation Failure) 2020-09-29T18:16:58.528+0200: 40.088: [ParNew: 613440K->58797K(613440K), 0.0310069 secs] 624395K->69752K(2029056K), 0.0310728 secs] [Times: user=0.25 sys=0.00, real=0.03 secs] 
2020-09-29T18:16:58.612+0200: 40.172: [GC (Allocation Failure) 2020-09-29T18:16:58.612+0200: 40.172: [ParNew: 604141K->48457K(613440K), 0.0147128 secs] 615096K->59413K(2029056K), 0.0147956 secs] [Times: user=0.11 sys=0.00, real=0.02 secs] 
2020-09-29T18:16:58.691+0200: 40.250: [GC (Allocation Failure) 2020-09-29T18:16:58.691+0200: 40.250: [ParNew: 593801K->38056K(613440K), 0.0202722 secs] 604757K->49012K(2029056K), 0.0203413 secs] [Times: user=0.25 sys=0.00, real=0.02 secs] 
2020-09-29T18:16:58.759+0200: 40.319: [GC (Allocation Failure) 2020-09-29T18:16:58.759+0200: 40.319: [ParNew: 583400K->27974K(613440K), 0.0195670 secs] 594356K->38930K(2029056K), 0.0196453 secs] [Times: user=0.13 sys=0.00, real=0.02 secs] 
2020-09-29T18:16:58.833+0200: 40.393: [GC (Allocation Failure) 2020-09-29T18:16:58.833+0200: 40.393: [ParNew: 573318K->28596K(613440K), 0.0188456 secs] 584274K->39552K(2029056K), 0.0189331 secs] [Times: user=0.13 sys=0.00, real=0.02 secs] 
2020-09-29T18:16:58.904+0200: 40.464: [GC (Allocation Failure) 2020-09-29T18:16:58.904+0200: 40.464: [ParNew: 573940K->47311K(613440K), 0.0237113 secs] 584896K->58266K(2029056K), 0.0237930 secs] [Times: user=0.25 sys=0.00, real=0.02 secs] 
2020-09-29T18:16:58.984+0200: 40.543: [GC (Allocation Failure) 2020-09-29T18:16:58.984+0200: 40.543: [ParNew: 592655K->62626K(613440K), 0.0298499 secs] 603610K->73582K(2029056K), 0.0299466 secs] [Times: user=0.25 sys=0.00, real=0.03 secs] 
2020-09-29T18:16:59.061+0200: 40.621: [GC (Allocation Failure) 2020-09-29T18:16:59.061+0200: 40.621: [ParNew: 607970K->51846K(613440K), 0.0288196 secs] 618926K->62802K(2029056K), 0.0288879 secs] [Times: user=0.25 sys=0.00, real=0.03 secs] 
2020-09-29T18:16:59.139+0200: 40.699: [GC (Allocation Failure) 2020-09-29T18:16:59.139+0200: 40.699: [ParNew: 597190K->54874K(613440K), 0.0273491 secs] 608146K->65829K(2029056K), 0.0274209 secs] [Times: user=0.25 sys=0.00, real=0.03 secs] 
2020-09-29T18:16:59.215+0200: 40.775: [GC (Allocation Failure) 2020-09-29T18:16:59.215+0200: 40.775: [ParNew: 600218K->47346K(613440K), 0.0212747 secs] 611173K->58301K(2029056K), 0.0213420 secs] [Times: user=0.13 sys=0.00, real=0.02 secs] 
2020-09-29T18:16:59.296+0200: 40.856: [GC (Allocation Failure) 2020-09-29T18:16:59.296+0200: 40.856: [ParNew: 592690K->44040K(613440K), 0.0188566 secs] 603645K->54996K(2029056K), 0.0189229 secs] [Times: user=0.13 sys=0.00, real=0.02 secs] 
2020-09-29T18:16:59.369+0200: 40.929: [GC (Allocation Failure) 2020-09-29T18:16:59.369+0200: 40.929: [ParNew: 589384K->31127K(613440K), 0.0187971 secs] 600340K->42083K(2029056K), 0.0188715 secs] [Times: user=0.13 sys=0.00, real=0.02 secs] 
2020-09-29T18:16:59.438+0200: 40.998: [GC (Allocation Failure) 2020-09-29T18:16:59.438+0200: 40.998: [ParNew: 576471K->39984K(613440K), 0.0245593 secs] 587427K->50940K(2029056K), 0.0246288 secs] [Times: user=0.25 sys=0.00, real=0.03 secs] 
2020-09-29T18:16:59.511+0200: 41.071: [GC (Allocation Failure) 2020-09-29T18:16:59.511+0200: 41.071: [ParNew: 585328K->38330K(613440K), 0.0224137 secs] 596284K->49286K(2029056K), 0.0224897 secs] [Times: user=0.13 sys=0.00, real=0.02 secs] 
2020-09-29T18:16:59.596+0200: 41.155: [GC (Allocation Failure) 2020-09-29T18:16:59.596+0200: 41.155: [ParNew: 583674K->62364K(613440K), 0.0292356 secs] 594630K->73320K(2029056K), 0.0293192 secs] [Times: user=0.22 sys=0.02, real=0.03 secs] 
2020-09-29T18:16:59.675+0200: 41.235: [GC (Allocation Failure) 2020-09-29T18:16:59.675+0200: 41.235: [ParNew: 607708K->46824K(613440K), 0.0225079 secs] 618664K->57780K(2029056K), 0.0225864 secs] [Times: user=0.17 sys=0.01, real=0.02 secs] 
2020-09-29T18:16:59.746+0200: 41.306: [GC (Allocation Failure) 2020-09-29T18:16:59.746+0200: 41.306: [ParNew: 592168K->41675K(613440K), 0.0192422 secs] 603124K->52631K(2029056K), 0.0193053 secs] [Times: user=0.13 sys=0.00, real=0.02 secs] 
2020-09-29T18:16:59.818+0200: 41.378: [GC (Allocation Failure) 2020-09-29T18:16:59.818+0200: 41.378: [ParNew: 587019K->29853K(613440K), 0.0180472 secs] 597975K->40809K(2029056K), 0.0181302 secs] [Times: user=0.13 sys=0.00, real=0.02 secs] 
2020-09-29T18:16:59.889+0200: 41.449: [GC (Allocation Failure) 2020-09-29T18:16:59.889+0200: 41.449: [ParNew: 575197K->28028K(613440K), 0.0158624 secs] 586153K->38984K(2029056K), 0.0159406 secs] [Times: user=0.13 sys=0.00, real=0.02 secs] 
2020-09-29T18:16:59.963+0200: 41.523: [GC (Allocation Failure) 2020-09-29T18:16:59.963+0200: 41.523: [ParNew: 573372K->41638K(613440K), 0.0222304 secs] 584328K->52594K(2029056K), 0.0222957 secs] [Times: user=0.13 sys=0.00, real=0.02 secs] 
2020-09-29T18:17:00.037+0200: 41.597: [GC (Allocation Failure) 2020-09-29T18:17:00.037+0200: 41.597: [ParNew: 586982K->57992K(613440K), 0.0298627 secs] 597938K->68947K(2029056K), 0.0299448 secs] [Times: user=0.23 sys=0.00, real=0.03 secs] 
2020-09-29T18:17:00.114+0200: 41.674: [GC (Allocation Failure) 2020-09-29T18:17:00.114+0200: 41.674: [ParNew: 603336K->50282K(613440K), 0.0264938 secs] 614291K->61238K(2029056K), 0.0265561 secs] [Times: user=0.13 sys=0.00, real=0.03 secs] 
2020-09-29T18:17:00.188+0200: 41.748: [GC (Allocation Failure) 2020-09-29T18:17:00.188+0200: 41.748: [ParNew: 595626K->41994K(613440K), 0.0190975 secs] 606582K->52950K(2029056K), 0.0191605 secs] [Times: user=0.13 sys=0.00, real=0.02 secs] 
2020-09-29T18:17:00.263+0200: 41.823: [GC (Allocation Failure) 2020-09-29T18:17:00.263+0200: 41.823: [ParNew: 587338K->43924K(613440K), 0.0237031 secs] 598294K->54880K(2029056K), 0.0237684 secs] [Times: user=0.25 sys=0.00, real=0.02 secs] 
2020-09-29T18:17:00.337+0200: 41.897: [GC (Allocation Failure) 2020-09-29T18:17:00.337+0200: 41.897: [ParNew: 589268K->36976K(613440K), 0.0157912 secs] 600224K->47932K(2029056K), 0.0158578 secs] [Times: user=0.13 sys=0.00, real=0.02 secs] 
2020-09-29T18:17:00.405+0200: 41.965: [GC (Allocation Failure) 2020-09-29T18:17:00.405+0200: 41.965: [ParNew: 582320K->32766K(613440K), 0.0217768 secs] 593276K->43722K(2029056K), 0.0218445 secs] [Times: user=0.25 sys=0.00, real=0.02 secs] 
2020-09-29T18:17:00.473+0200: 42.033: [GC (Allocation Failure) 2020-09-29T18:17:00.473+0200: 42.033: [ParNew: 578110K->30050K(613440K), 0.0190022 secs] 589066K->41006K(2029056K), 0.0190678 secs] [Times: user=0.13 sys=0.00, real=0.02 secs] 
2020-09-29T18:17:00.542+0200: 42.101: [GC (Allocation Failure) 2020-09-29T18:17:00.542+0200: 42.101: [ParNew: 575394K->53790K(613440K), 0.0251930 secs] 586350K->64746K(2029056K), 0.0252800 secs] [Times: user=0.25 sys=0.00, real=0.02 secs] 
2020-09-29T18:17:00.615+0200: 42.175: [GC (Allocation Failure) 2020-09-29T18:17:00.615+0200: 42.175: [ParNew: 599134K->65045K(613440K), 0.0327323 secs] 610090K->76001K(2029056K), 0.0328006 secs] [Times: user=0.22 sys=0.00, real=0.03 secs] 
2020-09-29T18:17:00.695+0200: 42.255: [GC (Allocation Failure) 2020-09-29T18:17:00.695+0200: 42.255: [ParNew: 610389K->52493K(613440K), 0.0237913 secs] 621345K->63448K(2029056K), 0.0238582 secs] [Times: user=0.13 sys=0.00, real=0.02 secs] 
2020-09-29T18:17:00.771+0200: 42.330: [GC (Allocation Failure) 2020-09-29T18:17:00.771+0200: 42.331: [ParNew: 597837K->46196K(613440K), 0.0215861 secs] 608792K->57151K(2029056K), 0.0216614 secs] [Times: user=0.13 sys=0.00, real=0.02 secs] 
2020-09-29T18:17:00.842+0200: 42.402: [GC (Allocation Failure) 2020-09-29T18:17:00.842+0200: 42.402: [ParNew: 591540K->37993K(613440K), 0.0197338 secs] 602495K->48949K(2029056K), 0.0198012 secs] [Times: user=0.13 sys=0.00, real=0.02 secs] 
2020-09-29T18:17:00.909+0200: 42.469: [GC (Allocation Failure) 2020-09-29T18:17:00.909+0200: 42.469: [ParNew: 583337K->32692K(613440K), 0.0207423 secs] 594293K->43648K(2029056K), 0.0208067 secs] [Times: user=0.25 sys=0.00, real=0.02 secs] 
2020-09-29T18:17:00.987+0200: 42.547: [GC (Allocation Failure) 2020-09-29T18:17:00.987+0200: 42.547: [ParNew: 578036K->55437K(613440K), 0.0263605 secs] 588992K->66393K(2029056K), 0.0264261 secs] [Times: user=0.25 sys=0.00, real=0.03 secs] 
2020-09-29T18:17:01.062+0200: 42.622: [GC (Allocation Failure) 2020-09-29T18:17:01.062+0200: 42.622: [ParNew: 600781K->44129K(613440K), 0.0255110 secs] 611737K->55085K(2029056K), 0.0255978 secs] [Times: user=0.23 sys=0.00, real=0.02 secs] 
2020-09-29T18:17:01.143+0200: 42.703: [GC (Allocation Failure) 2020-09-29T18:17:01.143+0200: 42.703: [ParNew: 589473K->45735K(613440K), 0.0248405 secs] 600429K->56691K(2029056K), 0.0249024 secs] [Times: user=0.25 sys=0.00, real=0.03 secs] 
2020-09-29T18:17:01.220+0200: 42.780: [GC (Allocation Failure) 2020-09-29T18:17:01.220+0200: 42.780: [ParNew: 591079K->68096K(613440K), 0.0306166 secs] 602035K->79546K(2029056K), 0.0306823 secs] [Times: user=0.23 sys=0.00, real=0.03 secs] 
2020-09-29T18:17:01.303+0200: 42.863: [GC (Allocation Failure) 2020-09-29T18:17:01.303+0200: 42.863: [ParNew: 613440K->52157K(613440K), 0.0222526 secs] 624890K->63608K(2029056K), 0.0223367 secs] [Times: user=0.13 sys=0.00, real=0.02 secs] 
2020-09-29T18:17:01.378+0200: 42.938: [GC (Allocation Failure) 2020-09-29T18:17:01.378+0200: 42.938: [ParNew: 597501K->43579K(613440K), 0.0224985 secs] 608952K->55029K(2029056K), 0.0225689 secs] [Times: user=0.25 sys=0.00, real=0.02 secs] 
2020-09-29T18:17:01.452+0200: 43.012: [GC (Allocation Failure) 2020-09-29T18:17:01.452+0200: 43.012: [ParNew: 588923K->64163K(613440K), 0.0278931 secs] 600373K->75613K(2029056K), 0.0279601 secs] [Times: user=0.25 sys=0.00, real=0.03 secs] 
2020-09-29T18:17:01.527+0200: 43.087: [GC (Allocation Failure) 2020-09-29T18:17:01.527+0200: 43.087: [ParNew: 609507K->49997K(613440K), 0.0275592 secs] 620957K->61448K(2029056K), 0.0276260 secs] [Times: user=0.25 sys=0.00, real=0.03 secs] 
2020-09-29T18:17:01.604+0200: 43.164: [GC (Allocation Failure) 2020-09-29T18:17:01.604+0200: 43.164: [ParNew: 595341K->41303K(613440K), 0.0200807 secs] 606792K->52753K(2029056K), 0.0201457 secs] [Times: user=0.13 sys=0.00, real=0.02 secs] 
2020-09-29T18:17:01.673+0200: 43.233: [GC (Allocation Failure) 2020-09-29T18:17:01.673+0200: 43.233: [ParNew: 586647K->65396K(613440K), 0.0310423 secs] 598097K->76846K(2029056K), 0.0311139 secs] [Times: user=0.23 sys=0.00, real=0.03 secs] 
2020-09-29T18:17:01.751+0200: 43.311: [GC (Allocation Failure) 2020-09-29T18:17:01.751+0200: 43.311: [ParNew: 610740K->51383K(613440K), 0.0303803 secs] 622190K->62833K(2029056K), 0.0304639 secs] [Times: user=0.25 sys=0.00, real=0.03 secs] 
2020-09-29T18:17:01.830+0200: 43.390: [GC (Allocation Failure) 2020-09-29T18:17:01.830+0200: 43.390: [ParNew: 596727K->57501K(613440K), 0.0298579 secs] 608177K->68951K(2029056K), 0.0299322 secs] [Times: user=0.25 sys=0.00, real=0.03 secs] 
2020-09-29T18:17:01.908+0200: 43.468: [GC (Allocation Failure) 2020-09-29T18:17:01.908+0200: 43.468: [ParNew: 602845K->59625K(613440K), 0.0291835 secs] 614295K->71075K(2029056K), 0.0292663 secs] [Times: user=0.25 sys=0.00, real=0.03 secs] 
2020-09-29T18:17:01.987+0200: 43.546: [GC (Allocation Failure) 2020-09-29T18:17:01.987+0200: 43.546: [ParNew: 604969K->50097K(613440K), 0.0289849 secs] 616419K->61547K(2029056K), 0.0290566 secs] [Times: user=0.25 sys=0.00, real=0.03 secs] 
2020-09-29T18:17:02.064+0200: 43.624: [GC (Allocation Failure) 2020-09-29T18:17:02.064+0200: 43.624: [ParNew: 595441K->52203K(613440K), 0.0275688 secs] 606891K->63653K(2029056K), 0.0276343 secs] [Times: user=0.25 sys=0.00, real=0.03 secs] 
2020-09-29T18:17:02.140+0200: 43.700: [GC (Allocation Failure) 2020-09-29T18:17:02.140+0200: 43.700: [ParNew: 597547K->41480K(613440K), 0.0212243 secs] 608997K->52930K(2029056K), 0.0212932 secs] [Times: user=0.24 sys=0.00, real=0.02 secs] 
2020-09-29T18:17:02.209+0200: 43.769: [GC (Allocation Failure) 2020-09-29T18:17:02.209+0200: 43.769: [ParNew: 586824K->61404K(613440K), 0.0243622 secs] 598274K->72854K(2029056K), 0.0244545 secs] [Times: user=0.13 sys=0.00, real=0.02 secs] 
2020-09-29T18:17:02.281+0200: 43.841: [GC (Allocation Failure) 2020-09-29T18:17:02.281+0200: 43.841: [ParNew: 606748K->42877K(613440K), 0.0254884 secs] 618198K->54327K(2029056K), 0.0255517 secs] [Times: user=0.25 sys=0.00, real=0.03 secs] 
2020-09-29T18:17:02.355+0200: 43.915: [GC (Allocation Failure) 2020-09-29T18:17:02.355+0200: 43.915: [ParNew: 588221K->44922K(613440K), 0.0236460 secs] 599671K->56372K(2029056K), 0.0237327 secs] [Times: user=0.14 sys=0.06, real=0.02 secs] 
2020-09-29T18:17:02.428+0200: 43.988: [GC (Allocation Failure) 2020-09-29T18:17:02.428+0200: 43.988: [ParNew: 590266K->41994K(613440K), 0.0226572 secs] 601716K->53444K(2029056K), 0.0227222 secs] [Times: user=0.13 sys=0.00, real=0.02 secs] 
2020-09-29T18:17:02.504+0200: 44.064: [GC (Allocation Failure) 2020-09-29T18:17:02.504+0200: 44.064: [ParNew: 587338K->62990K(613440K), 0.0290243 secs] 598788K->74440K(2029056K), 0.0290919 secs] [Times: user=0.13 sys=0.00, real=0.03 secs] 
2020-09-29T18:17:02.581+0200: 44.141: [GC (Allocation Failure) 2020-09-29T18:17:02.581+0200: 44.141: [ParNew: 608334K->54166K(613440K), 0.0207223 secs] 619784K->65616K(2029056K), 0.0207909 secs] [Times: user=0.23 sys=0.00, real=0.02 secs] 
2020-09-29T18:17:02.662+0200: 44.222: [GC (Allocation Failure) 2020-09-29T18:17:02.662+0200: 44.222: [ParNew: 599510K->50190K(613440K), 0.0273992 secs] 610960K->61640K(2029056K), 0.0274683 secs] [Times: user=0.13 sys=0.00, real=0.03 secs] 
2020-09-29T18:17:02.737+0200: 44.297: [GC (Allocation Failure) 2020-09-29T18:17:02.737+0200: 44.297: [ParNew: 595534K->39935K(613440K), 0.0179833 secs] 606984K->51385K(2029056K), 0.0180460 secs] [Times: user=0.25 sys=0.00, real=0.02 secs] 
2020-09-29T18:17:02.808+0200: 44.368: [GC (Allocation Failure) 2020-09-29T18:17:02.808+0200: 44.368: [ParNew: 585279K->59539K(613440K), 0.0235703 secs] 596729K->70989K(2029056K), 0.0236361 secs] [Times: user=0.13 sys=0.00, real=0.02 secs] 
2020-09-29T18:17:02.885+0200: 44.445: [GC (Allocation Failure) 2020-09-29T18:17:02.885+0200: 44.445: [ParNew: 604883K->38189K(613440K), 0.0241394 secs] 616333K->49639K(2029056K), 0.0242050 secs] [Times: user=0.13 sys=0.00, real=0.02 secs] 
2020-09-29T18:17:02.959+0200: 44.519: [GC (Allocation Failure) 2020-09-29T18:17:02.959+0200: 44.519: [ParNew: 583533K->39010K(613440K), 0.0223457 secs] 594983K->50460K(2029056K), 0.0224210 secs] [Times: user=0.13 sys=0.00, real=0.02 secs] 
2020-09-29T18:17:03.031+0200: 44.591: [GC (Allocation Failure) 2020-09-29T18:17:03.031+0200: 44.591: [ParNew: 584354K->37771K(613440K), 0.0216936 secs] 595804K->49221K(2029056K), 0.0217596 secs] [Times: user=0.25 sys=0.00, real=0.02 secs] 
2020-09-29T18:17:03.107+0200: 44.667: [GC (Allocation Failure) 2020-09-29T18:17:03.107+0200: 44.667: [ParNew: 583115K->37914K(613440K), 0.0189595 secs] 594565K->49364K(2029056K), 0.0190240 secs] [Times: user=0.13 sys=0.00, real=0.02 secs] 
2020-09-29T18:17:03.185+0200: 44.745: [GC (Allocation Failure) 2020-09-29T18:17:03.185+0200: 44.745: [ParNew: 583258K->35514K(613440K), 0.0202854 secs] 594708K->46964K(2029056K), 0.0203531 secs] [Times: user=0.13 sys=0.00, real=0.02 secs] 
2020-09-29T18:17:03.258+0200: 44.818: [GC (Allocation Failure) 2020-09-29T18:17:03.258+0200: 44.818: [ParNew: 580858K->32047K(613440K), 0.0203719 secs] 592308K->43497K(2029056K), 0.0204445 secs] [Times: user=0.13 sys=0.00, real=0.02 secs] 
2020-09-29T18:17:03.337+0200: 44.897: [GC (Allocation Failure) 2020-09-29T18:17:03.337+0200: 44.897: [ParNew: 577391K->55217K(613440K), 0.0274525 secs] 588841K->66668K(2029056K), 0.0275507 secs] [Times: user=0.25 sys=0.00, real=0.03 secs] 
2020-09-29T18:17:03.414+0200: 44.974: [GC (Allocation Failure) 2020-09-29T18:17:03.414+0200: 44.974: [ParNew: 600561K->42351K(613440K), 0.0255625 secs] 612012K->53801K(2029056K), 0.0256480 secs] [Times: user=0.13 sys=0.00, real=0.03 secs] 
2020-09-29T18:17:03.495+0200: 45.055: [GC (Allocation Failure) 2020-09-29T18:17:03.495+0200: 45.055: [ParNew: 587695K->66368K(613440K), 0.0335483 secs] 599145K->77818K(2029056K), 0.0336219 secs] [Times: user=0.25 sys=0.00, real=0.03 secs] 
2020-09-29T18:17:03.578+0200: 45.138: [GC (Allocation Failure) 2020-09-29T18:17:03.578+0200: 45.138: [ParNew: 611712K->39525K(613440K), 0.0168118 secs] 623162K->50975K(2029056K), 0.0169019 secs] [Times: user=0.11 sys=0.00, real=0.02 secs] 
2020-09-29T18:17:03.651+0200: 45.211: [GC (Allocation Failure) 2020-09-29T18:17:03.651+0200: 45.211: [ParNew: 584869K->50143K(613440K), 0.0280624 secs] 596319K->61593K(2029056K), 0.0281367 secs] [Times: user=0.25 sys=0.00, real=0.03 secs] 
2020-09-29T18:17:03.730+0200: 45.290: [GC (Allocation Failure) 2020-09-29T18:17:03.730+0200: 45.290: [ParNew: 595487K->37553K(613440K), 0.0201569 secs] 606937K->49003K(2029056K), 0.0202241 secs] [Times: user=0.13 sys=0.00, real=0.02 secs] 
2020-09-29T18:17:03.804+0200: 45.364: [GC (Allocation Failure) 2020-09-29T18:17:03.804+0200: 45.364: [ParNew: 582897K->51974K(613440K), 0.0264731 secs] 594347K->63424K(2029056K), 0.0265394 secs] [Times: user=0.13 sys=0.00, real=0.03 secs] 
2020-09-29T18:17:03.883+0200: 45.444: [GC (Allocation Failure) 2020-09-29T18:17:03.884+0200: 45.444: [ParNew: 597318K->67682K(613440K), 0.0338742 secs] 608768K->79132K(2029056K), 0.0339621 secs] [Times: user=0.25 sys=0.00, real=0.03 secs] 
2020-09-29T18:17:03.966+0200: 45.526: [GC (Allocation Failure) 2020-09-29T18:17:03.966+0200: 45.526: [ParNew: 613026K->65980K(613440K), 0.0318067 secs] 624476K->77430K(2029056K), 0.0318834 secs] [Times: user=0.25 sys=0.00, real=0.03 secs] 
2020-09-29T18:17:04.048+0200: 45.608: [GC (Allocation Failure) 2020-09-29T18:17:04.048+0200: 45.608: [ParNew: 611324K->50028K(613440K), 0.0139003 secs] 622774K->61478K(2029056K), 0.0139701 secs] [Times: user=0.13 sys=0.00, real=0.01 secs] 
2020-09-29T18:17:04.123+0200: 45.683: [GC (Allocation Failure) 2020-09-29T18:17:04.123+0200: 45.683: [ParNew: 595372K->32888K(613440K), 0.0238516 secs] 606822K->44338K(2029056K), 0.0239218 secs] [Times: user=0.25 sys=0.00, real=0.02 secs] 
2020-09-29T18:17:04.198+0200: 45.758: [GC (Allocation Failure) 2020-09-29T18:17:04.198+0200: 45.758: [ParNew: 578232K->50665K(613440K), 0.0298456 secs] 589682K->62115K(2029056K), 0.0299220 secs] [Times: user=0.25 sys=0.00, real=0.03 secs] 
2020-09-29T18:17:04.275+0200: 45.835: [GC (Allocation Failure) 2020-09-29T18:17:04.275+0200: 45.835: [ParNew: 596009K->39310K(613440K), 0.0192834 secs] 607459K->50760K(2029056K), 0.0193517 secs] [Times: user=0.13 sys=0.00, real=0.02 secs] 
2020-09-29T18:17:04.345+0200: 45.905: [GC (Allocation Failure) 2020-09-29T18:17:04.345+0200: 45.905: [ParNew: 584654K->37576K(613440K), 0.0183302 secs] 596104K->49026K(2029056K), 0.0183974 secs] [Times: user=0.13 sys=0.00, real=0.02 secs] 
2020-09-29T18:17:04.425+0200: 45.985: [GC (Allocation Failure) 2020-09-29T18:17:04.425+0200: 45.985: [ParNew: 582920K->27540K(613440K), 0.0167473 secs] 594370K->38990K(2029056K), 0.0168157 secs] [Times: user=0.13 sys=0.00, real=0.02 secs] 
2020-09-29T18:17:04.498+0200: 46.058: [GC (Allocation Failure) 2020-09-29T18:17:04.498+0200: 46.058: [ParNew: 572884K->48114K(613440K), 0.0299946 secs] 584334K->59564K(2029056K), 0.0300628 secs] [Times: user=0.25 sys=0.00, real=0.03 secs] 
2020-09-29T18:17:04.580+0200: 46.140: [GC (Allocation Failure) 2020-09-29T18:17:04.580+0200: 46.140: [ParNew: 593458K->42973K(613440K), 0.0207345 secs] 604908K->54423K(2029056K), 0.0208239 secs] [Times: user=0.25 sys=0.00, real=0.02 secs] 
2020-09-29T18:17:04.659+0200: 46.219: [GC (Allocation Failure) 2020-09-29T18:17:04.659+0200: 46.219: [ParNew: 588317K->35212K(613440K), 0.0213459 secs] 599767K->46662K(2029056K), 0.0214194 secs] [Times: user=0.24 sys=0.00, real=0.02 secs] 
2020-09-29T18:17:04.735+0200: 46.295: [GC (Allocation Failure) 2020-09-29T18:17:04.735+0200: 46.295: [ParNew: 580556K->35798K(613440K), 0.0198560 secs] 592006K->47248K(2029056K), 0.0199255 secs] [Times: user=0.25 sys=0.00, real=0.02 secs] 
2020-09-29T18:17:04.807+0200: 46.367: [GC (Allocation Failure) 2020-09-29T18:17:04.807+0200: 46.367: [ParNew: 581142K->52565K(613440K), 0.0251764 secs] 592592K->64015K(2029056K), 0.0329413 secs] [Times: user=0.25 sys=0.00, real=0.03 secs] 
2020-09-29T18:17:04.897+0200: 46.457: [GC (Allocation Failure) 2020-09-29T18:17:04.897+0200: 46.457: [ParNew: 597909K->31880K(613440K), 0.0153800 secs] 609359K->43330K(2029056K), 0.0154486 secs] [Times: user=0.13 sys=0.00, real=0.01 secs] 
2020-09-29T18:17:04.972+0200: 46.533: [GC (Allocation Failure) 2020-09-29T18:17:04.972+0200: 46.533: [ParNew: 577224K->48647K(613440K), 0.0303938 secs] 588674K->60098K(2029056K), 0.0304683 secs] [Times: user=0.20 sys=0.00, real=0.03 secs] 
2020-09-29T18:17:05.050+0200: 46.610: [GC (Allocation Failure) 2020-09-29T18:17:05.050+0200: 46.610: [ParNew: 593991K->41714K(613440K), 0.0211398 secs] 605442K->53164K(2029056K), 0.0212112 secs] [Times: user=0.25 sys=0.00, real=0.02 secs] 
2020-09-29T18:17:05.138+0200: 46.698: [GC (Allocation Failure) 2020-09-29T18:17:05.138+0200: 46.698: [ParNew: 587058K->33373K(613440K), 0.0209576 secs] 598508K->44823K(2029056K), 0.0210286 secs] [Times: user=0.13 sys=0.00, real=0.02 secs] 
2020-09-29T18:17:05.208+0200: 46.768: [GC (Allocation Failure) 2020-09-29T18:17:05.208+0200: 46.768: [ParNew: 578717K->30914K(613440K), 0.0193376 secs] 590167K->42365K(2029056K), 0.0194145 secs] [Times: user=0.13 sys=0.00, real=0.02 secs] 
2020-09-29T18:17:05.280+0200: 46.840: [GC (Allocation Failure) 2020-09-29T18:17:05.280+0200: 46.840: [ParNew: 576258K->51649K(613440K), 0.0254012 secs] 587709K->63099K(2029056K), 0.0254687 secs] [Times: user=0.25 sys=0.00, real=0.03 secs] 
2020-09-29T18:17:05.354+0200: 46.914: [GC (Allocation Failure) 2020-09-29T18:17:05.354+0200: 46.914: [ParNew: 596993K->41920K(613440K), 0.0249150 secs] 608443K->53370K(2029056K), 0.0249961 secs] [Times: user=0.25 sys=0.00, real=0.02 secs] 
2020-09-29T18:17:05.427+0200: 46.988: [GC (Allocation Failure) 2020-09-29T18:17:05.428+0200: 46.988: [ParNew: 587264K->64349K(613440K), 0.0310884 secs] 598714K->75799K(2029056K), 0.0311634 secs] [Times: user=0.25 sys=0.00, real=0.03 secs] 
2020-09-29T18:17:05.507+0200: 47.067: [GC (Allocation Failure) 2020-09-29T18:17:05.507+0200: 47.067: [ParNew: 609693K->53914K(613440K), 0.0294029 secs] 621143K->65364K(2029056K), 0.0294699 secs] [Times: user=0.25 sys=0.00, real=0.03 secs] 
2020-09-29T18:17:05.587+0200: 47.147: [GC (Allocation Failure) 2020-09-29T18:17:05.587+0200: 47.147: [ParNew: 599258K->44586K(613440K), 0.0221094 secs] 610708K->56036K(2029056K), 0.0221986 secs] [Times: user=0.11 sys=0.00, real=0.02 secs] 
2020-09-29T18:17:05.660+0200: 47.221: [GC (Allocation Failure) 2020-09-29T18:17:05.660+0200: 47.221: [ParNew: 589930K->31297K(613440K), 0.0115524 secs] 601380K->42747K(2029056K), 0.0116246 secs] [Times: user=0.00 sys=0.00, real=0.01 secs] 
2020-09-29T18:17:05.731+0200: 47.291: [GC (Allocation Failure) 2020-09-29T18:17:05.731+0200: 47.291: [ParNew: 576641K->43665K(613440K), 0.0238979 secs] 588091K->55115K(2029056K), 0.0239703 secs] [Times: user=0.25 sys=0.00, real=0.02 secs] 
2020-09-29T18:17:05.811+0200: 47.372: [GC (Allocation Failure) 2020-09-29T18:17:05.811+0200: 47.372: [ParNew: 589009K->54401K(613440K), 0.0315851 secs] 600459K->65851K(2029056K), 0.0316718 secs] [Times: user=0.25 sys=0.00, real=0.03 secs] 
2020-09-29T18:17:05.891+0200: 47.452: [GC (Allocation Failure) 2020-09-29T18:17:05.891+0200: 47.452: [ParNew: 599745K->39754K(613440K), 0.0144929 secs] 611195K->51204K(2029056K), 0.0145637 secs] [Times: user=0.13 sys=0.00, real=0.01 secs] 
2020-09-29T18:17:05.961+0200: 47.521: [GC (Allocation Failure) 2020-09-29T18:17:05.961+0200: 47.521: [ParNew: 585098K->52886K(613440K), 0.0295481 secs] 596548K->64336K(2029056K), 0.0296194 secs] [Times: user=0.25 sys=0.00, real=0.03 secs] 
2020-09-29T18:17:06.042+0200: 47.602: [GC (Allocation Failure) 2020-09-29T18:17:06.042+0200: 47.602: [ParNew: 598230K->66527K(613440K), 0.0290123 secs] 609680K->77978K(2029056K), 0.0290834 secs] [Times: user=0.25 sys=0.00, real=0.03 secs] 
2020-09-29T18:17:06.119+0200: 47.680: [GC (Allocation Failure) 2020-09-29T18:17:06.119+0200: 47.680: [ParNew: 611871K->49134K(613440K), 0.0289323 secs] 623322K->60584K(2029056K), 0.0290104 secs] [Times: user=0.25 sys=0.00, real=0.03 secs] 
2020-09-29T18:17:06.199+0200: 47.759: [GC (Allocation Failure) 2020-09-29T18:17:06.199+0200: 47.760: [ParNew: 594478K->40953K(613440K), 0.0271275 secs] 605928K->52403K(2029056K), 0.0344809 secs] [Times: user=0.25 sys=0.00, real=0.04 secs] 
2020-09-29T18:17:06.289+0200: 47.848: [GC (Allocation Failure) 2020-09-29T18:17:06.289+0200: 47.848: [ParNew: 586297K->43823K(613440K), 0.0254739 secs] 597747K->55273K(2029056K), 0.0255452 secs] [Times: user=0.13 sys=0.00, real=0.03 secs] 
2020-09-29T18:17:06.369+0200: 47.928: [GC (Allocation Failure) 2020-09-29T18:17:06.369+0200: 47.928: [ParNew: 589167K->65050K(613440K), 0.0319242 secs] 600617K->76500K(2029056K), 0.0320051 secs] [Times: user=0.25 sys=0.00, real=0.03 secs] 
2020-09-29T18:17:06.448+0200: 48.007: [GC (Allocation Failure) 2020-09-29T18:17:06.448+0200: 48.007: [ParNew: 610394K->68096K(613440K), 0.0397258 secs] 621844K->82564K(2029056K), 0.0397971 secs] [Times: user=0.25 sys=0.00, real=0.04 secs] 
2020-09-29T18:17:06.536+0200: 48.095: [GC (Allocation Failure) 2020-09-29T18:17:06.536+0200: 48.095: [ParNew: 613440K->61884K(613440K), 0.0292826 secs] 627908K->76353K(2029056K), 0.0293657 secs] [Times: user=0.13 sys=0.00, real=0.03 secs] 
2020-09-29T18:17:06.617+0200: 48.176: [GC (Allocation Failure) 2020-09-29T18:17:06.617+0200: 48.176: [ParNew: 607228K->50301K(613440K), 0.0305681 secs] 621697K->64770K(2029056K), 0.0306373 secs] [Times: user=0.22 sys=0.00, real=0.03 secs] 
2020-09-29T18:17:06.698+0200: 48.257: [GC (Allocation Failure) 2020-09-29T18:17:06.698+0200: 48.257: [ParNew: 595645K->50174K(613440K), 0.0281601 secs] 610114K->64643K(2029056K), 0.0282344 secs] [Times: user=0.25 sys=0.00, real=0.03 secs] 
2020-09-29T18:17:06.779+0200: 48.339: [GC (Allocation Failure) 2020-09-29T18:17:06.779+0200: 48.339: [ParNew: 595518K->49074K(613440K), 0.0262926 secs] 609987K->63543K(2029056K), 0.0263628 secs] [Times: user=0.25 sys=0.00, real=0.03 secs] 
2020-09-29T18:17:06.857+0200: 48.416: [GC (Allocation Failure) 2020-09-29T18:17:06.857+0200: 48.416: [ParNew: 594418K->43862K(613440K), 0.0263315 secs] 608887K->58331K(2029056K), 0.0264215 secs] [Times: user=0.25 sys=0.00, real=0.03 secs] 
2020-09-29T18:17:06.935+0200: 48.495: [GC (Allocation Failure) 2020-09-29T18:17:06.935+0200: 48.495: [ParNew: 589206K->41444K(613440K), 0.0261089 secs] 603675K->55912K(2029056K), 0.0261765 secs] [Times: user=0.25 sys=0.00, real=0.03 secs] 
2020-09-29T18:17:07.015+0200: 48.574: [GC (Allocation Failure) 2020-09-29T18:17:07.015+0200: 48.574: [ParNew: 586788K->35015K(613440K), 0.0161439 secs] 601256K->49484K(2029056K), 0.0162155 secs] [Times: user=0.13 sys=0.00, real=0.02 secs] 
2020-09-29T18:17:07.084+0200: 48.643: [GC (Allocation Failure) 2020-09-29T18:17:07.084+0200: 48.643: [ParNew: 580359K->53854K(613440K), 0.0318946 secs] 594828K->68323K(2029056K), 0.0319635 secs] [Times: user=0.22 sys=0.00, real=0.03 secs] 
2020-09-29T18:17:07.172+0200: 48.731: [GC (Allocation Failure) 2020-09-29T18:17:07.172+0200: 48.731: [ParNew: 599198K->68096K(613440K), 0.0382501 secs] 613667K->83046K(2029056K), 0.0383178 secs] [Times: user=0.34 sys=0.00, real=0.04 secs] 
2020-09-29T18:17:07.260+0200: 48.820: [GC (Allocation Failure) 2020-09-29T18:17:07.260+0200: 48.820: [ParNew: 613440K->52552K(613440K), 0.0217164 secs] 628390K->67503K(2029056K), 0.0217867 secs] [Times: user=0.13 sys=0.00, real=0.02 secs] 
2020-09-29T18:17:07.345+0200: 48.904: [GC (Allocation Failure) 2020-09-29T18:17:07.345+0200: 48.904: [ParNew: 597896K->48379K(613440K), 0.0274770 secs] 612847K->63329K(2029056K), 0.0275708 secs] [Times: user=0.25 sys=0.00, real=0.03 secs] 
2020-09-29T18:17:07.423+0200: 48.982: [GC (Allocation Failure) 2020-09-29T18:17:07.423+0200: 48.982: [ParNew: 593723K->38465K(613440K), 0.0198248 secs] 608673K->53416K(2029056K), 0.0199205 secs] [Times: user=0.16 sys=0.00, real=0.02 secs] 
2020-09-29T18:17:07.494+0200: 49.053: [GC (Allocation Failure) 2020-09-29T18:17:07.494+0200: 49.053: [ParNew: 583809K->39851K(613440K), 0.0253757 secs] 598760K->54802K(2029056K), 0.0254398 secs] [Times: user=0.13 sys=0.00, real=0.03 secs] 
2020-09-29T18:17:07.576+0200: 49.136: [GC (Allocation Failure) 2020-09-29T18:17:07.576+0200: 49.136: [ParNew: 585195K->60229K(613440K), 0.0326261 secs] 600146K->75180K(2029056K), 0.0327451 secs] [Times: user=0.25 sys=0.00, real=0.04 secs] 
2020-09-29T18:17:07.669+0200: 49.229: [GC (Allocation Failure) 2020-09-29T18:17:07.669+0200: 49.229: [ParNew: 605573K->44539K(613440K), 0.0159788 secs] 620524K->59489K(2029056K), 0.0160475 secs] [Times: user=0.11 sys=0.00, real=0.02 secs] 
2020-09-29T18:17:07.741+0200: 49.301: [GC (Allocation Failure) 2020-09-29T18:17:07.742+0200: 49.301: [ParNew: 589883K->49028K(613440K), 0.0299658 secs] 604833K->63979K(2029056K), 0.0300652 secs] [Times: user=0.25 sys=0.00, real=0.03 secs] 
2020-09-29T18:17:07.825+0200: 49.385: [GC (Allocation Failure) 2020-09-29T18:17:07.825+0200: 49.385: [ParNew: 594372K->67696K(613440K), 0.0292839 secs] 609323K->82647K(2029056K), 0.0293692 secs] [Times: user=0.25 sys=0.00, real=0.03 secs] 
2020-09-29T18:17:07.905+0200: 49.464: [GC (Allocation Failure) 2020-09-29T18:17:07.905+0200: 49.464: [ParNew: 613040K->44635K(613440K), 0.0281523 secs] 627991K->59586K(2029056K), 0.0282236 secs] [Times: user=0.25 sys=0.00, real=0.03 secs] 
2020-09-29T18:17:07.984+0200: 49.544: [GC (Allocation Failure) 2020-09-29T18:17:07.984+0200: 49.544: [ParNew: 589979K->43905K(613440K), 0.0275244 secs] 604930K->58855K(2029056K), 0.0276127 secs] [Times: user=0.25 sys=0.00, real=0.03 secs] 
2020-09-29T18:17:08.060+0200: 49.620: [GC (Allocation Failure) 2020-09-29T18:17:08.060+0200: 49.620: [ParNew: 589249K->42407K(613440K), 0.0257163 secs] 604199K->57358K(2029056K), 0.0257939 secs] [Times: user=0.25 sys=0.00, real=0.03 secs] 
2020-09-29T18:17:08.141+0200: 49.701: [GC (Allocation Failure) 2020-09-29T18:17:08.141+0200: 49.701: [ParNew: 587751K->68096K(613440K), 0.0320349 secs] 602702K->83046K(2029056K), 0.0321018 secs] [Times: user=0.25 sys=0.00, real=0.03 secs] 
2020-09-29T18:17:08.222+0200: 49.782: [GC (Allocation Failure) 2020-09-29T18:17:08.222+0200: 49.782: [ParNew: 613440K->49981K(613440K), 0.0165941 secs] 628390K->64931K(2029056K), 0.0166512 secs] [Times: user=0.11 sys=0.00, real=0.02 secs] 
2020-09-29T18:17:08.293+0200: 49.853: [GC (Allocation Failure) 2020-09-29T18:17:08.293+0200: 49.853: [ParNew: 595325K->45409K(613440K), 0.0221656 secs] 610275K->60360K(2029056K), 0.0222248 secs] [Times: user=0.13 sys=0.00, real=0.02 secs] 
2020-09-29T18:17:08.364+0200: 49.923: [GC (Allocation Failure) 2020-09-29T18:17:08.364+0200: 49.924: [ParNew: 590753K->68096K(613440K), 0.0276307 secs] 605704K->83046K(2029056K), 0.0276985 secs] [Times: user=0.11 sys=0.00, real=0.03 secs] 
2020-09-29T18:17:08.440+0200: 50.000: [GC (Allocation Failure) 2020-09-29T18:17:08.440+0200: 50.000: [ParNew: 613440K->52862K(613440K), 0.0140260 secs] 628390K->67812K(2029056K), 0.0141210 secs] [Times: user=0.13 sys=0.00, real=0.01 secs] 
2020-09-29T18:17:08.506+0200: 50.066: [GC (Allocation Failure) 2020-09-29T18:17:08.506+0200: 50.066: [ParNew: 596536K->23046K(613440K), 0.0076300 secs] 611487K->37996K(2029056K), 0.0076885 secs] [Times: user=0.00 sys=0.00, real=0.01 secs] 
2020-09-29T18:17:08.561+0200: 50.121: [GC (Allocation Failure) 2020-09-29T18:17:08.561+0200: 50.121: [ParNew: 568390K->35062K(613440K), 0.0172027 secs] 583340K->50013K(2029056K), 0.0172911 secs] [Times: user=0.13 sys=0.00, real=0.02 secs] 
2020-09-29T18:17:08.630+0200: 50.190: [GC (Allocation Failure) 2020-09-29T18:17:08.630+0200: 50.190: [ParNew: 580406K->45826K(613440K), 0.0164812 secs] 595357K->60776K(2029056K), 0.0165456 secs] [Times: user=0.13 sys=0.00, real=0.02 secs] 
2020-09-29T18:17:08.698+0200: 50.258: [GC (Allocation Failure) 2020-09-29T18:17:08.698+0200: 50.258: [ParNew: 591170K->32978K(613440K), 0.0168429 secs] 606120K->47928K(2029056K), 0.0168986 secs] [Times: user=0.13 sys=0.00, real=0.02 secs] 
2020-09-29T18:17:08.765+0200: 50.324: [GC (Allocation Failure) 2020-09-29T18:17:08.765+0200: 50.325: [ParNew: 578322K->59186K(613440K), 0.0214376 secs] 593272K->74137K(2029056K), 0.0215248 secs] [Times: user=0.25 sys=0.00, real=0.02 secs] 
2020-09-29T18:17:08.834+0200: 50.394: [GC (Allocation Failure) 2020-09-29T18:17:08.834+0200: 50.394: [ParNew: 604530K->48234K(613440K), 0.0208021 secs] 619481K->63184K(2029056K), 0.0208790 secs] [Times: user=0.13 sys=0.00, real=0.02 secs] 
2020-09-29T18:17:08.903+0200: 50.463: [GC (Allocation Failure) 2020-09-29T18:17:08.903+0200: 50.463: [ParNew: 593578K->47117K(613440K), 0.0203772 secs] 608528K->62068K(2029056K), 0.0204549 secs] [Times: user=0.13 sys=0.00, real=0.02 secs] 
2020-09-29T18:17:08.978+0200: 50.538: [GC (Allocation Failure) 2020-09-29T18:17:08.978+0200: 50.538: [ParNew: 592461K->40392K(613440K), 0.0133941 secs] 607412K->55343K(2029056K), 0.0134534 secs] [Times: user=0.13 sys=0.00, real=0.01 secs] 
2020-09-29T18:17:09.042+0200: 50.602: [GC (Allocation Failure) 2020-09-29T18:17:09.042+0200: 50.602: [ParNew: 585736K->24122K(613440K), 0.0122426 secs] 600687K->39073K(2029056K), 0.0123009 secs] [Times: user=0.13 sys=0.00, real=0.01 secs] 
2020-09-29T18:17:09.105+0200: 50.665: [GC (Allocation Failure) 2020-09-29T18:17:09.105+0200: 50.665: [ParNew: 569466K->34565K(613440K), 0.0170129 secs] 584417K->49516K(2029056K), 0.0170772 secs] [Times: user=0.13 sys=0.00, real=0.02 secs] 
2020-09-29T18:17:09.172+0200: 50.732: [GC (Allocation Failure) 2020-09-29T18:17:09.172+0200: 50.732: [ParNew: 579909K->50129K(613440K), 0.0167350 secs] 594860K->65079K(2029056K), 0.0168156 secs] [Times: user=0.13 sys=0.00, real=0.02 secs] 
2020-09-29T18:17:09.237+0200: 50.797: [GC (Allocation Failure) 2020-09-29T18:17:09.237+0200: 50.797: [ParNew: 595473K->54746K(613440K), 0.0223658 secs] 610423K->69697K(2029056K), 0.0224291 secs] [Times: user=0.25 sys=0.00, real=0.02 secs] 
2020-09-29T18:17:09.306+0200: 50.866: [GC (Allocation Failure) 2020-09-29T18:17:09.306+0200: 50.866: [ParNew: 600090K->39954K(613440K), 0.0156178 secs] 615041K->54905K(2029056K), 0.0156927 secs] [Times: user=0.13 sys=0.00, real=0.02 secs] 
2020-09-29T18:17:09.369+0200: 50.929: [GC (Allocation Failure) 2020-09-29T18:17:09.369+0200: 50.929: [ParNew: 585298K->60835K(613440K), 0.0245793 secs] 600249K->75786K(2029056K), 0.0246505 secs] [Times: user=0.13 sys=0.00, real=0.03 secs] 
2020-09-29T18:17:09.440+0200: 51.000: [GC (Allocation Failure) 2020-09-29T18:17:09.440+0200: 51.000: [ParNew: 606179K->55434K(613440K), 0.0182930 secs] 621130K->70384K(2029056K), 0.0183702 secs] [Times: user=0.25 sys=0.00, real=0.02 secs] 
2020-09-29T18:17:09.506+0200: 51.066: [GC (Allocation Failure) 2020-09-29T18:17:09.506+0200: 51.066: [ParNew: 600778K->53334K(613440K), 0.0162623 secs] 615728K->68284K(2029056K), 0.0163182 secs] [Times: user=0.13 sys=0.00, real=0.02 secs] 
2020-09-29T18:17:09.572+0200: 51.132: [GC (Allocation Failure) 2020-09-29T18:17:09.572+0200: 51.132: [ParNew: 598678K->32377K(613440K), 0.0171247 secs] 613628K->47327K(2029056K), 0.0171931 secs] [Times: user=0.11 sys=0.00, real=0.02 secs] 
2020-09-29T18:17:09.641+0200: 51.201: [GC (Allocation Failure) 2020-09-29T18:17:09.641+0200: 51.201: [ParNew: 577721K->53957K(613440K), 0.0220285 secs] 592671K->68907K(2029056K), 0.0221141 secs] [Times: user=0.23 sys=0.00, real=0.02 secs] 
2020-09-29T18:17:09.716+0200: 51.276: [GC (Allocation Failure) 2020-09-29T18:17:09.716+0200: 51.276: [ParNew: 599301K->46839K(613440K), 0.0200144 secs] 614251K->61789K(2029056K), 0.0200872 secs] [Times: user=0.13 sys=0.00, real=0.02 secs] 
2020-09-29T18:17:09.785+0200: 51.345: [GC (Allocation Failure) 2020-09-29T18:17:09.785+0200: 51.345: [ParNew: 592183K->40218K(613440K), 0.0143181 secs] 607133K->55169K(2029056K), 0.0143733 secs] [Times: user=0.13 sys=0.00, real=0.01 secs] 
2020-09-29T18:17:09.848+0200: 51.408: [GC (Allocation Failure) 2020-09-29T18:17:09.848+0200: 51.408: [ParNew: 585562K->19944K(613440K), 0.0113076 secs] 600513K->34895K(2029056K), 0.0113617 secs] [Times: user=0.00 sys=0.00, real=0.01 secs] 
2020-09-29T18:17:09.906+0200: 51.466: [GC (Allocation Failure) 2020-09-29T18:17:09.906+0200: 51.466: [ParNew: 565288K->45591K(613440K), 0.0227375 secs] 580239K->60542K(2029056K), 0.0227964 secs] [Times: user=0.25 sys=0.00, real=0.02 secs] 
2020-09-29T18:17:09.976+0200: 51.536: [GC (Allocation Failure) 2020-09-29T18:17:09.976+0200: 51.536: [ParNew: 590935K->67898K(613440K), 0.0202443 secs] 605886K->82848K(2029056K), 0.0202981 secs] [Times: user=0.13 sys=0.00, real=0.02 secs] 
2020-09-29T18:17:10.047+0200: 51.607: [GC (Allocation Failure) 2020-09-29T18:17:10.047+0200: 51.607: [ParNew: 613242K->50506K(613440K), 0.0197637 secs] 628192K->65457K(2029056K), 0.0198558 secs] [Times: user=0.25 sys=0.00, real=0.02 secs] 
2020-09-29T18:17:10.117+0200: 51.677: [GC (Allocation Failure) 2020-09-29T18:17:10.117+0200: 51.677: [ParNew: 595850K->58710K(613440K), 0.0191319 secs] 610801K->73661K(2029056K), 0.0192272 secs] [Times: user=0.13 sys=0.00, real=0.02 secs] 
2020-09-29T18:17:10.184+0200: 51.744: [GC (Allocation Failure) 2020-09-29T18:17:10.184+0200: 51.744: [ParNew: 604054K->45749K(613440K), 0.0187759 secs] 619005K->60700K(2029056K), 0.0188331 secs] [Times: user=0.13 sys=0.00, real=0.02 secs] 
2020-09-29T18:17:10.250+0200: 51.810: [GC (Allocation Failure) 2020-09-29T18:17:10.250+0200: 51.810: [ParNew: 591093K->43516K(613440K), 0.0184356 secs] 606044K->58467K(2029056K), 0.0185185 secs] [Times: user=0.13 sys=0.00, real=0.02 secs] 
2020-09-29T18:17:10.319+0200: 51.879: [GC (Allocation Failure) 2020-09-29T18:17:10.319+0200: 51.879: [ParNew: 588860K->68096K(613440K), 0.0215010 secs] 603811K->83046K(2029056K), 0.0215983 secs] [Times: user=0.13 sys=0.00, real=0.03 secs] 
2020-09-29T18:17:10.396+0200: 51.956: [GC (Allocation Failure) 2020-09-29T18:17:10.396+0200: 51.956: [ParNew: 613440K->46864K(613440K), 0.0168455 secs] 628390K->61814K(2029056K), 0.0168986 secs] [Times: user=0.13 sys=0.00, real=0.02 secs] 
2020-09-29T18:17:10.462+0200: 52.022: [GC (Allocation Failure) 2020-09-29T18:17:10.462+0200: 52.022: [ParNew: 592208K->45782K(613440K), 0.0217016 secs] 607158K->60732K(2029056K), 0.0217701 secs] [Times: user=0.13 sys=0.00, real=0.02 secs] 
2020-09-29T18:17:10.533+0200: 52.093: [GC (Allocation Failure) 2020-09-29T18:17:10.533+0200: 52.093: [ParNew: 591126K->36276K(613440K), 0.0148189 secs] 606076K->51226K(2029056K), 0.0148767 secs] [Times: user=0.13 sys=0.00, real=0.02 secs] 
2020-09-29T18:17:10.600+0200: 52.160: [GC (Allocation Failure) 2020-09-29T18:17:10.600+0200: 52.160: [ParNew: 581620K->51685K(613440K), 0.0187264 secs] 596570K->66636K(2029056K), 0.0187852 secs] [Times: user=0.13 sys=0.00, real=0.02 secs] 
2020-09-29T18:17:10.668+0200: 52.229: [GC (Allocation Failure) 2020-09-29T18:17:10.668+0200: 52.229: [ParNew: 597029K->40600K(613440K), 0.0175610 secs] 611980K->55550K(2029056K), 0.0176179 secs] [Times: user=0.13 sys=0.00, real=0.02 secs] 
2020-09-29T18:17:10.733+0200: 52.293: [GC (Allocation Failure) 2020-09-29T18:17:10.733+0200: 52.293: [ParNew: 585944K->36429K(613440K), 0.0173008 secs] 600894K->51380K(2029056K), 0.0173635 secs] [Times: user=0.13 sys=0.00, real=0.02 secs] 
2020-09-29T18:17:10.797+0200: 52.357: [GC (Allocation Failure) 2020-09-29T18:17:10.797+0200: 52.357: [ParNew: 581773K->39596K(613440K), 0.0149339 secs] 596724K->54547K(2029056K), 0.0150074 secs] [Times: user=0.13 sys=0.00, real=0.02 secs] 
2020-09-29T18:17:10.861+0200: 52.421: [GC (Allocation Failure) 2020-09-29T18:17:10.861+0200: 52.421: [ParNew: 584940K->34690K(613440K), 0.0138283 secs] 599891K->49641K(2029056K), 0.0139035 secs] [Times: user=0.13 sys=0.00, real=0.01 secs] 
2020-09-29T18:17:10.926+0200: 52.486: [GC (Allocation Failure) 2020-09-29T18:17:10.926+0200: 52.486: [ParNew: 580034K->30831K(613440K), 0.0147358 secs] 594985K->45782K(2029056K), 0.0147948 secs] [Times: user=0.00 sys=0.00, real=0.01 secs] 
2020-09-29T18:17:10.989+0200: 52.549: [GC (Allocation Failure) 2020-09-29T18:17:10.989+0200: 52.549: [ParNew: 576175K->65825K(613440K), 0.0245257 secs] 591126K->80775K(2029056K), 0.0246078 secs] [Times: user=0.13 sys=0.00, real=0.02 secs] 
2020-09-29T18:17:11.063+0200: 52.623: [GC (Allocation Failure) 2020-09-29T18:17:11.063+0200: 52.623: [ParNew: 611169K->44597K(613440K), 0.0158005 secs] 626119K->59547K(2029056K), 0.0158597 secs] [Times: user=0.11 sys=0.00, real=0.02 secs] 
2020-09-29T18:17:11.129+0200: 52.689: [GC (Allocation Failure) 2020-09-29T18:17:11.129+0200: 52.689: [ParNew: 589941K->56654K(613440K), 0.0226281 secs] 604891K->71605K(2029056K), 0.0226921 secs] [Times: user=0.13 sys=0.00, real=0.02 secs] 
2020-09-29T18:17:11.198+0200: 52.758: [GC (Allocation Failure) 2020-09-29T18:17:11.198+0200: 52.758: [ParNew: 601998K->47820K(613440K), 0.0173881 secs] 616949K->62770K(2029056K), 0.0174485 secs] [Times: user=0.13 sys=0.00, real=0.02 secs] 
2020-09-29T18:17:11.262+0200: 52.822: [GC (Allocation Failure) 2020-09-29T18:17:11.262+0200: 52.822: [ParNew: 593164K->68096K(613440K), 0.0214514 secs] 608114K->83046K(2029056K), 0.0215232 secs] [Times: user=0.13 sys=0.00, real=0.02 secs] 
2020-09-29T18:17:11.332+0200: 52.892: [GC (Allocation Failure) 2020-09-29T18:17:11.332+0200: 52.892: [ParNew: 613440K->50596K(613440K), 0.0208373 secs] 628390K->65546K(2029056K), 0.0209300 secs] [Times: user=0.13 sys=0.00, real=0.02 secs] 
2020-09-29T18:17:11.400+0200: 52.960: [GC (Allocation Failure) 2020-09-29T18:17:11.400+0200: 52.960: [ParNew: 595940K->39378K(613440K), 0.0146387 secs] 610890K->54328K(2029056K), 0.0146945 secs] [Times: user=0.13 sys=0.00, real=0.01 secs] 
2020-09-29T18:17:11.467+0200: 53.027: [GC (Allocation Failure) 2020-09-29T18:17:11.467+0200: 53.027: [ParNew: 584722K->39673K(613440K), 0.0185282 secs] 599672K->54624K(2029056K), 0.0185826 secs] [Times: user=0.13 sys=0.00, real=0.02 secs] 
2020-09-29T18:17:11.535+0200: 53.095: [GC (Allocation Failure) 2020-09-29T18:17:11.535+0200: 53.095: [ParNew: 585017K->58814K(613440K), 0.0228063 secs] 599968K->73765K(2029056K), 0.0228701 secs] [Times: user=0.25 sys=0.00, real=0.02 secs] 
2020-09-29T18:17:11.607+0200: 53.168: [GC (Allocation Failure) 2020-09-29T18:17:11.607+0200: 53.168: [ParNew: 604158K->51894K(613440K), 0.0166546 secs] 619109K->66845K(2029056K), 0.0167289 secs] [Times: user=0.13 sys=0.00, real=0.02 secs] 
2020-09-29T18:17:11.675+0200: 53.235: [GC (Allocation Failure) 2020-09-29T18:17:11.675+0200: 53.235: [ParNew: 597238K->25859K(613440K), 0.0108566 secs] 612189K->40810K(2029056K), 0.0109123 secs] [Times: user=0.13 sys=0.00, real=0.01 secs] 
2020-09-29T18:17:11.736+0200: 53.296: [GC (Allocation Failure) 2020-09-29T18:17:11.736+0200: 53.296: [ParNew: 571203K->40044K(613440K), 0.0151117 secs] 586154K->54995K(2029056K), 0.0151771 secs] [Times: user=0.13 sys=0.00, real=0.01 secs] 
2020-09-29T18:17:11.801+0200: 53.361: [GC (Allocation Failure) 2020-09-29T18:17:11.801+0200: 53.361: [ParNew: 585388K->63396K(613440K), 0.0251320 secs] 600339K->78347K(2029056K), 0.0252197 secs] [Times: user=0.13 sys=0.00, real=0.02 secs] 
2020-09-29T18:17:11.874+0200: 53.434: [GC (Allocation Failure) 2020-09-29T18:17:11.874+0200: 53.434: [ParNew: 608740K->41811K(613440K), 0.0147232 secs] 623691K->56762K(2029056K), 0.0147981 secs] [Times: user=0.13 sys=0.00, real=0.01 secs] 
2020-09-29T18:17:11.939+0200: 53.499: [GC (Allocation Failure) 2020-09-29T18:17:11.939+0200: 53.499: [ParNew: 587155K->44311K(613440K), 0.0179353 secs] 602106K->59262K(2029056K), 0.0179881 secs] [Times: user=0.14 sys=0.00, real=0.02 secs] 
2020-09-29T18:17:12.007+0200: 53.568: [GC (Allocation Failure) 2020-09-29T18:17:12.007+0200: 53.568: [ParNew: 589655K->51120K(613440K), 0.0183831 secs] 604606K->66071K(2029056K), 0.0184663 secs] [Times: user=0.13 sys=0.00, real=0.02 secs] 
2020-09-29T18:17:12.074+0200: 53.635: [GC (Allocation Failure) 2020-09-29T18:17:12.075+0200: 53.635: [ParNew: 596464K->37521K(613440K), 0.0164954 secs] 611415K->52472K(2029056K), 0.0165874 secs] [Times: user=0.13 sys=0.00, real=0.02 secs] 
2020-09-29T18:17:12.142+0200: 53.702: [GC (Allocation Failure) 2020-09-29T18:17:12.142+0200: 53.702: [ParNew: 582865K->31958K(613440K), 0.0161040 secs] 597816K->46909K(2029056K), 0.0161799 secs] [Times: user=0.13 sys=0.00, real=0.02 secs] 
2020-09-29T18:17:12.206+0200: 53.766: [GC (Allocation Failure) 2020-09-29T18:17:12.206+0200: 53.766: [ParNew: 577302K->55873K(613440K), 0.0196127 secs] 592253K->70823K(2029056K), 0.0196757 secs] [Times: user=0.25 sys=0.00, real=0.02 secs] 
2020-09-29T18:17:12.275+0200: 53.835: [GC (Allocation Failure) 2020-09-29T18:17:12.275+0200: 53.835: [ParNew: 601217K->43064K(613440K), 0.0190133 secs] 616167K->58015K(2029056K), 0.0190681 secs] [Times: user=0.13 sys=0.00, real=0.02 secs] 
2020-09-29T18:17:12.342+0200: 53.902: [GC (Allocation Failure) 2020-09-29T18:17:12.342+0200: 53.902: [ParNew: 588408K->43084K(613440K), 0.0203420 secs] 603359K->58034K(2029056K), 0.0204203 secs] [Times: user=0.13 sys=0.00, real=0.02 secs] 
2020-09-29T18:17:12.410+0200: 53.971: [GC (Allocation Failure) 2020-09-29T18:17:12.410+0200: 53.971: [ParNew: 588428K->66266K(613440K), 0.0242800 secs] 603378K->81217K(2029056K), 0.0243436 secs] [Times: user=0.13 sys=0.00, real=0.02 secs] 
2020-09-29T18:17:12.481+0200: 54.042: [GC (Allocation Failure) 2020-09-29T18:17:12.481+0200: 54.042: [ParNew: 611610K->45051K(613440K), 0.0114565 secs] 626561K->60002K(2029056K), 0.0115440 secs] [Times: user=0.13 sys=0.00, real=0.01 secs] 
2020-09-29T18:17:12.545+0200: 54.105: [GC (Allocation Failure) 2020-09-29T18:17:12.545+0200: 54.105: [ParNew: 590395K->34056K(613440K), 0.0160114 secs] 605346K->49007K(2029056K), 0.0160700 secs] [Times: user=0.13 sys=0.00, real=0.02 secs] 
2020-09-29T18:17:12.610+0200: 54.170: [GC (Allocation Failure) 2020-09-29T18:17:12.610+0200: 54.170: [ParNew: 579400K->49247K(613440K), 0.0201186 secs] 594351K->64198K(2029056K), 0.0201826 secs] [Times: user=0.25 sys=0.00, real=0.02 secs] 
2020-09-29T18:17:12.678+0200: 54.238: [GC (Allocation Failure) 2020-09-29T18:17:12.678+0200: 54.238: [ParNew: 594591K->63272K(613440K), 0.0192432 secs] 609542K->78222K(2029056K), 0.0193051 secs] [Times: user=0.13 sys=0.00, real=0.02 secs] 
2020-09-29T18:17:12.747+0200: 54.307: [GC (Allocation Failure) 2020-09-29T18:17:12.747+0200: 54.307: [ParNew: 608616K->49000K(613440K), 0.0172419 secs] 623566K->63951K(2029056K), 0.0172984 secs] [Times: user=0.13 sys=0.00, real=0.02 secs] 
2020-09-29T18:17:12.813+0200: 54.373: [GC (Allocation Failure) 2020-09-29T18:17:12.813+0200: 54.373: [ParNew: 594344K->40402K(613440K), 0.0176771 secs] 609295K->55353K(2029056K), 0.0177332 secs] [Times: user=0.13 sys=0.00, real=0.02 secs] 
2020-09-29T18:17:12.879+0200: 54.439: [GC (Allocation Failure) 2020-09-29T18:17:12.879+0200: 54.439: [ParNew: 585746K->32272K(613440K), 0.0104640 secs] 600697K->47223K(2029056K), 0.0105265 secs] [Times: user=0.00 sys=0.00, real=0.01 secs] 
2020-09-29T18:17:12.939+0200: 54.499: [GC (Allocation Failure) 2020-09-29T18:17:12.939+0200: 54.499: [ParNew: 577616K->31805K(613440K), 0.0168680 secs] 592567K->46755K(2029056K), 0.0169312 secs] [Times: user=0.13 sys=0.00, real=0.02 secs] 
2020-09-29T18:17:13.010+0200: 54.570: [GC (Allocation Failure) 2020-09-29T18:17:13.010+0200: 54.570: [ParNew: 577149K->65615K(613440K), 0.0269675 secs] 592099K->80566K(2029056K), 0.0270287 secs] [Times: user=0.25 sys=0.00, real=0.03 secs] 
2020-09-29T18:17:13.088+0200: 54.647: [GC (Allocation Failure) 2020-09-29T18:17:13.088+0200: 54.647: [ParNew: 610959K->41430K(613440K), 0.0153634 secs] 625910K->56381K(2029056K), 0.0154717 secs] [Times: user=0.13 sys=0.00, real=0.01 secs] 
2020-09-29T18:17:13.157+0200: 54.717: [GC (Allocation Failure) 2020-09-29T18:17:13.157+0200: 54.717: [ParNew: 586774K->45465K(613440K), 0.0166983 secs] 601725K->60416K(2029056K), 0.0167655 secs] [Times: user=0.13 sys=0.00, real=0.02 secs] 
2020-09-29T18:17:13.221+0200: 54.781: [GC (Allocation Failure) 2020-09-29T18:17:13.221+0200: 54.781: [ParNew: 590809K->34810K(613440K), 0.0153673 secs] 605760K->49761K(2029056K), 0.0154238 secs] [Times: user=0.13 sys=0.00, real=0.02 secs] 
2020-09-29T18:17:13.285+0200: 54.844: [GC (Allocation Failure) 2020-09-29T18:17:13.285+0200: 54.844: [ParNew: 580154K->57484K(613440K), 0.0201144 secs] 595105K->72435K(2029056K), 0.0201837 secs] [Times: user=0.25 sys=0.00, real=0.02 secs] 
2020-09-29T18:17:13.355+0200: 54.914: [GC (Allocation Failure) 2020-09-29T18:17:13.355+0200: 54.914: [ParNew: 602828K->35150K(613440K), 0.0076172 secs] 617779K->50101K(2029056K), 0.0076732 secs] [Times: user=0.00 sys=0.00, real=0.01 secs] 
2020-09-29T18:17:13.418+0200: 54.977: [GC (Allocation Failure) 2020-09-29T18:17:13.418+0200: 54.977: [ParNew: 580494K->38018K(613440K), 0.0175266 secs] 595445K->52969K(2029056K), 0.0176076 secs] [Times: user=0.13 sys=0.00, real=0.02 secs] 
2020-09-29T18:17:13.483+0200: 55.042: [GC (Allocation Failure) 2020-09-29T18:17:13.483+0200: 55.042: [ParNew: 583362K->46430K(613440K), 0.0171283 secs] 598313K->61381K(2029056K), 0.0171846 secs] [Times: user=0.13 sys=0.00, real=0.02 secs] 
2020-09-29T18:17:13.547+0200: 55.106: [GC (Allocation Failure) 2020-09-29T18:17:13.547+0200: 55.106: [ParNew: 591774K->34458K(613440K), 0.0165051 secs] 606725K->49409K(2029056K), 0.0165695 secs] [Times: user=0.13 sys=0.00, real=0.02 secs] 
2020-09-29T18:17:13.614+0200: 55.173: [GC (Allocation Failure) 2020-09-29T18:17:13.614+0200: 55.173: [ParNew: 579802K->57542K(613440K), 0.0213425 secs] 594753K->72493K(2029056K), 0.0214119 secs] [Times: user=0.13 sys=0.00, real=0.02 secs] 
2020-09-29T18:17:13.681+0200: 55.241: [GC (Allocation Failure) 2020-09-29T18:17:13.681+0200: 55.241: [ParNew: 602886K->62947K(613440K), 0.0188703 secs] 617837K->77898K(2029056K), 0.0189261 secs] [Times: user=0.13 sys=0.00, real=0.02 secs] 
2020-09-29T18:17:13.750+0200: 55.309: [GC (Allocation Failure) 2020-09-29T18:17:13.750+0200: 55.309: [ParNew: 608291K->39316K(613440K), 0.0195547 secs] 623242K->54267K(2029056K), 0.0196300 secs] [Times: user=0.13 sys=0.00, real=0.02 secs] 
2020-09-29T18:17:13.817+0200: 55.376: [GC (Allocation Failure) 2020-09-29T18:17:13.817+0200: 55.376: [ParNew: 584660K->68096K(613440K), 0.0234101 secs] 599611K->83046K(2029056K), 0.0234654 secs] [Times: user=0.13 sys=0.00, real=0.02 secs] 
2020-09-29T18:17:13.887+0200: 55.446: [GC (Allocation Failure) 2020-09-29T18:17:13.887+0200: 55.446: [ParNew: 613440K->53828K(613440K), 0.0166466 secs] 628390K->68778K(2029056K), 0.0167018 secs] [Times: user=0.13 sys=0.00, real=0.02 secs] 
2020-09-29T18:17:13.955+0200: 55.515: [GC (Allocation Failure) 2020-09-29T18:17:13.955+0200: 55.515: [ParNew: 599172K->43696K(613440K), 0.0169669 secs] 614122K->58647K(2029056K), 0.0170214 secs] [Times: user=0.13 sys=0.00, real=0.02 secs] 
2020-09-29T18:17:14.026+0200: 55.586: [GC (Allocation Failure) 2020-09-29T18:17:14.026+0200: 55.586: [ParNew: 589040K->38083K(613440K), 0.0160064 secs] 603991K->53034K(2029056K), 0.0160615 secs] [Times: user=0.11 sys=0.00, real=0.02 secs] 
2020-09-29T18:17:14.089+0200: 55.648: [GC (Allocation Failure) 2020-09-29T18:17:14.089+0200: 55.648: [ParNew: 583427K->57030K(613440K), 0.0199790 secs] 598378K->71981K(2029056K), 0.0200350 secs] [Times: user=0.13 sys=0.00, real=0.02 secs] 
2020-09-29T18:17:14.159+0200: 55.719: [GC (Allocation Failure) 2020-09-29T18:17:14.159+0200: 55.719: [ParNew: 602374K->43759K(613440K), 0.0200963 secs] 617325K->58710K(2029056K), 0.0201599 secs] [Times: user=0.25 sys=0.00, real=0.02 secs] 
2020-09-29T18:17:14.227+0200: 55.787: [GC (Allocation Failure) 2020-09-29T18:17:14.227+0200: 55.787: [ParNew: 589103K->36528K(613440K), 0.0136463 secs] 604054K->51479K(2029056K), 0.0137153 secs] [Times: user=0.13 sys=0.00, real=0.01 secs] 
2020-09-29T18:17:14.289+0200: 55.848: [GC (Allocation Failure) 2020-09-29T18:17:14.289+0200: 55.848: [ParNew: 581872K->39899K(613440K), 0.0171666 secs] 596823K->54850K(2029056K), 0.0172607 secs] [Times: user=0.13 sys=0.00, real=0.02 secs] 
2020-09-29T18:17:14.355+0200: 55.915: [GC (Allocation Failure) 2020-09-29T18:17:14.355+0200: 55.915: [ParNew: 585243K->50452K(613440K), 0.0170533 secs] 600194K->65402K(2029056K), 0.0171107 secs] [Times: user=0.13 sys=0.00, real=0.02 secs] 
2020-09-29T18:17:14.421+0200: 55.981: [GC (Allocation Failure) 2020-09-29T18:17:14.421+0200: 55.981: [ParNew: 595796K->52787K(613440K), 0.0217426 secs] 610746K->67737K(2029056K), 0.0218413 secs] [Times: user=0.25 sys=0.00, real=0.03 secs] 
2020-09-29T18:17:14.497+0200: 56.056: [GC (Allocation Failure) 2020-09-29T18:17:14.497+0200: 56.056: [ParNew: 598131K->39953K(613440K), 0.0141577 secs] 613081K->54904K(2029056K), 0.0142396 secs] [Times: user=0.13 sys=0.00, real=0.01 secs] 
2020-09-29T18:17:14.563+0200: 56.123: [GC (Allocation Failure) 2020-09-29T18:17:14.564+0200: 56.123: [ParNew: 585297K->50967K(613440K), 0.0217524 secs] 600248K->65918K(2029056K), 0.0218422 secs] [Times: user=0.23 sys=0.00, real=0.02 secs] 
2020-09-29T18:17:14.636+0200: 56.196: [GC (Allocation Failure) 2020-09-29T18:17:14.636+0200: 56.196: [ParNew: 596311K->57011K(613440K), 0.0195159 secs] 611262K->71962K(2029056K), 0.0195765 secs] [Times: user=0.13 sys=0.00, real=0.02 secs] 
2020-09-29T18:17:14.705+0200: 56.264: [GC (Allocation Failure) 2020-09-29T18:17:14.705+0200: 56.264: [ParNew: 602355K->34916K(613440K), 0.0106210 secs] 617306K->49867K(2029056K), 0.0106774 secs] [Times: user=0.13 sys=0.00, real=0.01 secs] 
2020-09-29T18:17:14.764+0200: 56.323: [GC (Allocation Failure) 2020-09-29T18:17:14.764+0200: 56.323: [ParNew: 580260K->34774K(613440K), 0.0167254 secs] 595211K->49724K(2029056K), 0.0168087 secs] [Times: user=0.13 sys=0.00, real=0.02 secs] 
2020-09-29T18:17:14.830+0200: 56.389: [GC (Allocation Failure) 2020-09-29T18:17:14.830+0200: 56.389: [ParNew: 580118K->46685K(613440K), 0.0155880 secs] 595068K->61636K(2029056K), 0.0156583 secs] [Times: user=0.11 sys=0.00, real=0.02 secs] 
2020-09-29T18:17:14.899+0200: 56.458: [GC (Allocation Failure) 2020-09-29T18:17:14.899+0200: 56.458: [ParNew: 592029K->33054K(613440K), 0.0144670 secs] 606980K->48004K(2029056K), 0.0145278 secs] [Times: user=0.13 sys=0.00, real=0.01 secs] 
2020-09-29T18:17:14.963+0200: 56.522: [GC (Allocation Failure) 2020-09-29T18:17:14.963+0200: 56.522: [ParNew: 578398K->25324K(613440K), 0.0130884 secs] 593348K->40274K(2029056K), 0.0131554 secs] [Times: user=0.13 sys=0.00, real=0.01 secs] 
2020-09-29T18:17:15.024+0200: 56.584: [GC (Allocation Failure) 2020-09-29T18:17:15.024+0200: 56.584: [ParNew: 570668K->65561K(613440K), 0.0234662 secs] 585618K->80512K(2029056K), 0.0235304 secs] [Times: user=0.13 sys=0.00, real=0.02 secs] 
2020-09-29T18:17:15.094+0200: 56.654: [GC (Allocation Failure) 2020-09-29T18:17:15.094+0200: 56.654: [ParNew: 610905K->68096K(613440K), 0.0225432 secs] 625856K->83587K(2029056K), 0.0225991 secs] [Times: user=0.25 sys=0.00, real=0.02 secs] 
2020-09-29T18:17:15.165+0200: 56.724: [GC (Allocation Failure) 2020-09-29T18:17:15.165+0200: 56.724: [ParNew: 613440K->46572K(613440K), 0.0163954 secs] 628931K->62064K(2029056K), 0.0164953 secs] [Times: user=0.13 sys=0.00, real=0.02 secs] 
2020-09-29T18:17:15.231+0200: 56.790: [GC (Allocation Failure) 2020-09-29T18:17:15.231+0200: 56.790: [ParNew: 591916K->61164K(613440K), 0.0203396 secs] 607408K->76655K(2029056K), 0.0203987 secs] [Times: user=0.13 sys=0.00, real=0.02 secs] 
2020-09-29T18:17:15.301+0200: 56.861: [GC (Allocation Failure) 2020-09-29T18:17:15.301+0200: 56.861: [ParNew: 606508K->40891K(613440K), 0.0161130 secs] 621999K->56383K(2029056K), 0.0161797 secs] [Times: user=0.25 sys=0.00, real=0.02 secs] 
2020-09-29T18:17:15.365+0200: 56.924: [GC (Allocation Failure) 2020-09-29T18:17:15.365+0200: 56.924: [ParNew: 586235K->36828K(613440K), 0.0131434 secs] 601727K->52320K(2029056K), 0.0132151 secs] [Times: user=0.00 sys=0.00, real=0.01 secs] 
2020-09-29T18:17:15.425+0200: 56.985: [GC (Allocation Failure) 2020-09-29T18:17:15.425+0200: 56.985: [ParNew: 582172K->46191K(613440K), 0.0187671 secs] 597664K->61683K(2029056K), 0.0188573 secs] [Times: user=0.25 sys=0.00, real=0.02 secs] 
2020-09-29T18:17:15.492+0200: 57.052: [GC (Allocation Failure) 2020-09-29T18:17:15.492+0200: 57.052: [ParNew: 591535K->56175K(613440K), 0.0222758 secs] 607027K->71667K(2029056K), 0.0223689 secs] [Times: user=0.13 sys=0.00, real=0.02 secs] 
2020-09-29T18:17:15.565+0200: 57.124: [GC (Allocation Failure) 2020-09-29T18:17:15.565+0200: 57.124: [ParNew: 601519K->43350K(613440K), 0.0170214 secs] 617011K->58842K(2029056K), 0.0170806 secs] [Times: user=0.11 sys=0.00, real=0.02 secs] 
2020-09-29T18:17:15.641+0200: 57.201: [GC (Allocation Failure) 2020-09-29T18:17:15.641+0200: 57.201: [ParNew: 588694K->40012K(613440K), 0.0158942 secs] 604186K->55504K(2029056K), 0.0159528 secs] [Times: user=0.13 sys=0.00, real=0.02 secs] 
2020-09-29T18:17:15.707+0200: 57.266: [GC (Allocation Failure) 2020-09-29T18:17:15.707+0200: 57.266: [ParNew: 585356K->57018K(613440K), 0.0207154 secs] 600848K->72510K(2029056K), 0.0207772 secs] [Times: user=0.25 sys=0.00, real=0.02 secs] 
2020-09-29T18:17:15.777+0200: 57.336: [GC (Allocation Failure) 2020-09-29T18:17:15.777+0200: 57.336: [ParNew: 602362K->48033K(613440K), 0.0199841 secs] 617854K->63525K(2029056K), 0.0271611 secs] [Times: user=0.13 sys=0.00, real=0.03 secs] 
2020-09-29T18:17:15.862+0200: 57.421: [GC (Allocation Failure) 2020-09-29T18:17:15.862+0200: 57.421: [ParNew: 593377K->47188K(613440K), 0.0191108 secs] 608869K->62680K(2029056K), 0.0191702 secs] [Times: user=0.25 sys=0.00, real=0.02 secs] 
2020-09-29T18:17:15.929+0200: 57.488: [GC (Allocation Failure) 2020-09-29T18:17:15.929+0200: 57.488: [ParNew: 592532K->44952K(613440K), 0.0191073 secs] 608024K->60444K(2029056K), 0.0191795 secs] [Times: user=0.13 sys=0.00, real=0.02 secs] 
2020-09-29T18:17:15.996+0200: 57.555: [GC (Allocation Failure) 2020-09-29T18:17:15.996+0200: 57.556: [ParNew: 590296K->41204K(613440K), 0.0185587 secs] 605788K->56696K(2029056K), 0.0186196 secs] [Times: user=0.13 sys=0.00, real=0.02 secs] 
2020-09-29T18:17:16.064+0200: 57.623: [GC (Allocation Failure) 2020-09-29T18:17:16.064+0200: 57.623: [ParNew: 586548K->66587K(613440K), 0.0222351 secs] 602040K->82078K(2029056K), 0.0222964 secs] [Times: user=0.25 sys=0.00, real=0.02 secs] 
2020-09-29T18:17:16.133+0200: 57.692: [GC (Allocation Failure) 2020-09-29T18:17:16.133+0200: 57.692: [ParNew: 611931K->49551K(613440K), 0.0169458 secs] 627422K->65042K(2029056K), 0.0170037 secs] [Times: user=0.13 sys=0.00, real=0.02 secs] 
2020-09-29T18:17:16.200+0200: 57.760: [GC (Allocation Failure) 2020-09-29T18:17:16.200+0200: 57.760: [ParNew: 594895K->65368K(613440K), 0.0206771 secs] 610386K->80860K(2029056K), 0.0207369 secs] [Times: user=0.13 sys=0.00, real=0.02 secs] 
2020-09-29T18:17:16.269+0200: 57.829: [GC (Allocation Failure) 2020-09-29T18:17:16.269+0200: 57.829: [ParNew: 610712K->48505K(613440K), 0.0209357 secs] 626204K->63997K(2029056K), 0.0209909 secs] [Times: user=0.25 sys=0.00, real=0.02 secs] 
2020-09-29T18:17:16.341+0200: 57.901: [GC (Allocation Failure) 2020-09-29T18:17:16.341+0200: 57.901: [ParNew: 593849K->52367K(613440K), 0.0194167 secs] 609341K->67858K(2029056K), 0.0194753 secs] [Times: user=0.13 sys=0.00, real=0.02 secs] 
2020-09-29T18:17:16.408+0200: 57.968: [GC (Allocation Failure) 2020-09-29T18:17:16.408+0200: 57.968: [ParNew: 597711K->45197K(613440K), 0.0193302 secs] 613202K->60689K(2029056K), 0.0193913 secs] [Times: user=0.20 sys=0.00, real=0.02 secs] 
2020-09-29T18:17:16.479+0200: 58.038: [GC (Allocation Failure) 2020-09-29T18:17:16.479+0200: 58.038: [ParNew: 590541K->34156K(613440K), 0.0130768 secs] 606033K->49647K(2029056K), 0.0131525 secs] [Times: user=0.13 sys=0.00, real=0.01 secs] 
2020-09-29T18:17:16.541+0200: 58.101: [GC (Allocation Failure) 2020-09-29T18:17:16.541+0200: 58.101: [ParNew: 579500K->38345K(613440K), 0.0167157 secs] 594991K->53837K(2029056K), 0.0167731 secs] [Times: user=0.13 sys=0.00, real=0.02 secs] 
2020-09-29T18:17:16.607+0200: 58.167: [GC (Allocation Failure) 2020-09-29T18:17:16.607+0200: 58.167: [ParNew: 583689K->55269K(613440K), 0.0216986 secs] 599181K->70761K(2029056K), 0.0217626 secs] [Times: user=0.13 sys=0.00, real=0.02 secs] 
2020-09-29T18:17:16.680+0200: 58.240: [GC (Allocation Failure) 2020-09-29T18:17:16.680+0200: 58.240: [ParNew: 600613K->40040K(613440K), 0.0151224 secs] 616105K->55532K(2029056K), 0.0151807 secs] [Times: user=0.13 sys=0.00, real=0.01 secs] 
2020-09-29T18:17:16.746+0200: 58.306: [GC (Allocation Failure) 2020-09-29T18:17:16.746+0200: 58.306: [ParNew: 585384K->31945K(613440K), 0.0131176 secs] 600876K->47436K(2029056K), 0.0131748 secs] [Times: user=0.13 sys=0.00, real=0.01 secs] 
2020-09-29T18:17:16.812+0200: 58.371: [GC (Allocation Failure) 2020-09-29T18:17:16.812+0200: 58.371: [ParNew: 577289K->50287K(613440K), 0.0223870 secs] 592780K->65779K(2029056K), 0.0224423 secs] [Times: user=0.25 sys=0.00, real=0.02 secs] 
2020-09-29T18:17:16.886+0200: 58.445: [GC (Allocation Failure) 2020-09-29T18:17:16.886+0200: 58.445: [ParNew: 595631K->41037K(613440K), 0.0176479 secs] 611123K->56529K(2029056K), 0.0177032 secs] [Times: user=0.13 sys=0.00, real=0.02 secs] 
2020-09-29T18:17:16.950+0200: 58.510: [GC (Allocation Failure) 2020-09-29T18:17:16.951+0200: 58.510: [ParNew: 586381K->62391K(613440K), 0.0216990 secs] 601873K->77883K(2029056K), 0.0217613 secs] [Times: user=0.13 sys=0.00, real=0.02 secs] 
2020-09-29T18:17:17.020+0200: 58.580: [GC (Allocation Failure) 2020-09-29T18:17:17.020+0200: 58.580: [ParNew: 607735K->50010K(613440K), 0.0216389 secs] 623227K->65501K(2029056K), 0.0217075 secs] [Times: user=0.13 sys=0.00, real=0.02 secs] 
2020-09-29T18:17:17.092+0200: 58.651: [GC (Allocation Failure) 2020-09-29T18:17:17.092+0200: 58.651: [ParNew: 595354K->43743K(613440K), 0.0142228 secs] 610845K->59235K(2029056K), 0.0142764 secs] [Times: user=0.13 sys=0.00, real=0.01 secs] 
2020-09-29T18:17:17.166+0200: 58.726: [GC (Allocation Failure) 2020-09-29T18:17:17.166+0200: 58.726: [ParNew: 589087K->58136K(613440K), 0.0244383 secs] 604579K->73628K(2029056K), 0.0244971 secs] [Times: user=0.13 sys=0.00, real=0.03 secs] 
2020-09-29T18:17:17.237+0200: 58.797: [GC (Allocation Failure) 2020-09-29T18:17:17.237+0200: 58.797: [ParNew: 603480K->46848K(613440K), 0.0128693 secs] 618972K->62340K(2029056K), 0.0129287 secs] [Times: user=0.13 sys=0.00, real=0.01 secs] 
2020-09-29T18:17:17.300+0200: 58.860: [GC (Allocation Failure) 2020-09-29T18:17:17.300+0200: 58.860: [ParNew: 592192K->33049K(613440K), 0.0131121 secs] 607684K->48541K(2029056K), 0.0131697 secs] [Times: user=0.13 sys=0.00, real=0.01 secs] 
2020-09-29T18:17:17.361+0200: 58.920: [GC (Allocation Failure) 2020-09-29T18:17:17.361+0200: 58.920: [ParNew: 578393K->34938K(613440K), 0.0172572 secs] 593885K->50430K(2029056K), 0.0173316 secs] [Times: user=0.13 sys=0.00, real=0.02 secs] 
2020-09-29T18:17:17.430+0200: 58.990: [GC (Allocation Failure) 2020-09-29T18:17:17.430+0200: 58.990: [ParNew: 580282K->34177K(613440K), 0.0162580 secs] 595774K->49668K(2029056K), 0.0163173 secs] [Times: user=0.13 sys=0.00, real=0.02 secs] 
2020-09-29T18:17:17.497+0200: 59.057: [GC (Allocation Failure) 2020-09-29T18:17:17.498+0200: 59.057: [ParNew: 579521K->31091K(613440K), 0.0169495 secs] 595012K->46582K(2029056K), 0.0170201 secs] [Times: user=0.13 sys=0.00, real=0.02 secs] 
2020-09-29T18:17:17.565+0200: 59.125: [GC (Allocation Failure) 2020-09-29T18:17:17.565+0200: 59.125: [ParNew: 576435K->49408K(613440K), 0.0210034 secs] 591926K->64900K(2029056K), 0.0211433 secs] [Times: user=0.25 sys=0.00, real=0.02 secs] 
2020-09-29T18:17:17.635+0200: 59.195: [GC (Allocation Failure) 2020-09-29T18:17:17.635+0200: 59.195: [ParNew: 594752K->37546K(613440K), 0.0133525 secs] 610244K->53038K(2029056K), 0.0134162 secs] [Times: user=0.13 sys=0.00, real=0.01 secs] 
2020-09-29T18:17:17.698+0200: 59.258: [GC (Allocation Failure) 2020-09-29T18:17:17.698+0200: 59.258: [ParNew: 582890K->35763K(613440K), 0.0173757 secs] 598382K->51254K(2029056K), 0.0174319 secs] [Times: user=0.13 sys=0.00, real=0.02 secs] 
2020-09-29T18:17:17.763+0200: 59.323: [GC (Allocation Failure) 2020-09-29T18:17:17.763+0200: 59.323: [ParNew: 581107K->34021K(613440K), 0.0150322 secs] 596598K->49513K(2029056K), 0.0151062 secs] [Times: user=0.13 sys=0.00, real=0.02 secs] 
2020-09-29T18:17:17.827+0200: 59.387: [GC (Allocation Failure) 2020-09-29T18:17:17.827+0200: 59.387: [ParNew: 579365K->33464K(613440K), 0.0149064 secs] 594857K->48956K(2029056K), 0.0149721 secs] [Times: user=0.13 sys=0.00, real=0.02 secs] 
2020-09-29T18:17:17.892+0200: 59.451: [GC (Allocation Failure) 2020-09-29T18:17:17.892+0200: 59.451: [ParNew: 578808K->53639K(613440K), 0.0191471 secs] 594300K->69131K(2029056K), 0.0192075 secs] [Times: user=0.25 sys=0.00, real=0.02 secs] 
2020-09-29T18:17:17.957+0200: 59.517: [GC (Allocation Failure) 2020-09-29T18:17:17.957+0200: 59.517: [ParNew: 598983K->66293K(613440K), 0.0237017 secs] 614475K->81785K(2029056K), 0.0237662 secs] [Times: user=0.25 sys=0.00, real=0.02 secs] 
2020-09-29T18:17:18.029+0200: 59.589: [GC (Allocation Failure) 2020-09-29T18:17:18.029+0200: 59.589: [ParNew: 611637K->52940K(613440K), 0.0241542 secs] 627129K->68432K(2029056K), 0.0242191 secs] [Times: user=0.25 sys=0.00, real=0.02 secs] 
2020-09-29T18:17:18.100+0200: 59.660: [GC (Allocation Failure) 2020-09-29T18:17:18.100+0200: 59.660: [ParNew: 598284K->54425K(613440K), 0.0177520 secs] 613776K->69916K(2029056K), 0.0178112 secs] [Times: user=0.13 sys=0.00, real=0.02 secs] 
2020-09-29T18:17:18.164+0200: 59.724: [GC (Allocation Failure) 2020-09-29T18:17:18.164+0200: 59.724: [ParNew: 599769K->47919K(613440K), 0.0161342 secs] 615260K->63410K(2029056K), 0.0161899 secs] [Times: user=0.13 sys=0.00, real=0.02 secs] 
2020-09-29T18:17:18.227+0200: 59.787: [GC (Allocation Failure) 2020-09-29T18:17:18.227+0200: 59.787: [ParNew: 593263K->52469K(613440K), 0.0200653 secs] 608754K->67960K(2029056K), 0.0201233 secs] [Times: user=0.13 sys=0.00, real=0.02 secs] 
2020-09-29T18:17:18.309+0200: 59.869: [GC (Allocation Failure) 2020-09-29T18:17:18.309+0200: 59.869: [ParNew: 597813K->63180K(613440K), 0.0199586 secs] 613304K->78672K(2029056K), 0.0200226 secs] [Times: user=0.13 sys=0.00, real=0.02 secs] 
2020-09-29T18:17:18.380+0200: 59.940: [GC (Allocation Failure) 2020-09-29T18:17:18.380+0200: 59.940: [ParNew: 608524K->27815K(613440K), 0.0136770 secs] 624016K->43307K(2029056K), 0.0137316 secs] [Times: user=0.00 sys=0.00, real=0.01 secs] 
2020-09-29T18:17:18.445+0200: 60.005: [GC (Allocation Failure) 2020-09-29T18:17:18.445+0200: 60.005: [ParNew: 573159K->26931K(613440K), 0.0127781 secs] 588651K->42423K(2029056K), 0.0128486 secs] [Times: user=0.11 sys=0.00, real=0.01 secs] 
2020-09-29T18:17:18.506+0200: 60.066: [GC (Allocation Failure) 2020-09-29T18:17:18.506+0200: 60.066: [ParNew: 572275K->43841K(613440K), 0.0169698 secs] 587767K->59332K(2029056K), 0.0170387 secs] [Times: user=0.13 sys=0.00, real=0.02 secs] 
2020-09-29T18:17:18.572+0200: 60.132: [GC (Allocation Failure) 2020-09-29T18:17:18.572+0200: 60.132: [ParNew: 589185K->27636K(613440K), 0.0086056 secs] 604676K->43128K(2029056K), 0.0086743 secs] [Times: user=0.00 sys=0.00, real=0.01 secs] 
2020-09-29T18:17:18.633+0200: 60.193: [GC (Allocation Failure) 2020-09-29T18:17:18.633+0200: 60.193: [ParNew: 572980K->53637K(613440K), 0.0240974 secs] 588472K->69128K(2029056K), 0.0241559 secs] [Times: user=0.13 sys=0.00, real=0.02 secs] 
2020-09-29T18:17:18.708+0200: 60.268: [GC (Allocation Failure) 2020-09-29T18:17:18.708+0200: 60.268: [ParNew: 598981K->66997K(613440K), 0.0245435 secs] 614472K->82489K(2029056K), 0.0246130 secs] [Times: user=0.13 sys=0.00, real=0.02 secs] 
2020-09-29T18:17:18.783+0200: 60.343: [GC (Allocation Failure) 2020-09-29T18:17:18.783+0200: 60.343: [ParNew: 612341K->42984K(613440K), 0.0112895 secs] 627833K->58476K(2029056K), 0.0113495 secs] [Times: user=0.13 sys=0.00, real=0.01 secs] 
2020-09-29T18:17:18.846+0200: 60.406: [GC (Allocation Failure) 2020-09-29T18:17:18.846+0200: 60.406: [ParNew: 588328K->48894K(613440K), 0.0218388 secs] 603820K->64386K(2029056K), 0.0219183 secs] [Times: user=0.25 sys=0.00, real=0.02 secs] 
2020-09-29T18:17:18.918+0200: 60.478: [GC (Allocation Failure) 2020-09-29T18:17:18.918+0200: 60.478: [ParNew: 594238K->59988K(613440K), 0.0203767 secs] 609730K->75480K(2029056K), 0.0204378 secs] [Times: user=0.13 sys=0.00, real=0.02 secs] 
2020-09-29T18:17:18.985+0200: 60.545: [GC (Allocation Failure) 2020-09-29T18:17:18.985+0200: 60.545: [ParNew: 605332K->47811K(613440K), 0.0187366 secs] 620824K->63303K(2029056K), 0.0188014 secs] [Times: user=0.13 sys=0.00, real=0.02 secs] 
2020-09-29T18:17:19.053+0200: 60.613: [GC (Allocation Failure) 2020-09-29T18:17:19.053+0200: 60.613: [ParNew: 593155K->38169K(613440K), 0.0124572 secs] 608647K->53661K(2029056K), 0.0125135 secs] [Times: user=0.00 sys=0.00, real=0.01 secs] 
2020-09-29T18:17:19.115+0200: 60.674: [GC (Allocation Failure) 2020-09-29T18:17:19.115+0200: 60.675: [ParNew: 583513K->50378K(613440K), 0.0217579 secs] 599005K->65870K(2029056K), 0.0218223 secs] [Times: user=0.13 sys=0.00, real=0.02 secs] 
2020-09-29T18:17:19.184+0200: 60.744: [GC (Allocation Failure) 2020-09-29T18:17:19.184+0200: 60.744: [ParNew: 595722K->67315K(613440K), 0.0218011 secs] 611214K->82807K(2029056K), 0.0218680 secs] [Times: user=0.13 sys=0.00, real=0.02 secs] 
2020-09-29T18:17:19.253+0200: 60.812: [GC (Allocation Failure) 2020-09-29T18:17:19.253+0200: 60.812: [ParNew: 612659K->43327K(613440K), 0.0168142 secs] 628151K->58819K(2029056K), 0.0168709 secs] [Times: user=0.13 sys=0.00, real=0.02 secs] 
2020-09-29T18:17:19.315+0200: 60.875: [GC (Allocation Failure) 2020-09-29T18:17:19.315+0200: 60.875: [ParNew: 588671K->40803K(613440K), 0.0135789 secs] 604163K->56295K(2029056K), 0.0136378 secs] [Times: user=0.13 sys=0.00, real=0.01 secs] 
2020-09-29T18:17:19.379+0200: 60.938: [GC (Allocation Failure) 2020-09-29T18:17:19.379+0200: 60.938: [ParNew: 586147K->30306K(613440K), 0.0137623 secs] 601639K->45798K(2029056K), 0.0138217 secs] [Times: user=0.11 sys=0.00, real=0.01 secs] 
2020-09-29T18:17:19.442+0200: 61.001: [GC (Allocation Failure) 2020-09-29T18:17:19.442+0200: 61.001: [ParNew: 575650K->39695K(613440K), 0.0169227 secs] 591142K->55186K(2029056K), 0.0169863 secs] [Times: user=0.13 sys=0.00, real=0.02 secs] 
2020-09-29T18:17:19.508+0200: 61.067: [GC (Allocation Failure) 2020-09-29T18:17:19.508+0200: 61.067: [ParNew: 585039K->46503K(613440K), 0.0155545 secs] 600530K->61995K(2029056K), 0.0156177 secs] [Times: user=0.13 sys=0.00, real=0.02 secs] 
2020-09-29T18:17:19.572+0200: 61.131: [GC (Allocation Failure) 2020-09-29T18:17:19.572+0200: 61.131: [ParNew: 591847K->58316K(613440K), 0.0222903 secs] 607339K->73808K(2029056K), 0.0223884 secs] [Times: user=0.13 sys=0.00, real=0.02 secs] 
2020-09-29T18:17:19.646+0200: 61.205: [GC (Allocation Failure) 2020-09-29T18:17:19.646+0200: 61.206: [ParNew: 603660K->48471K(613440K), 0.0203414 secs] 619152K->63962K(2029056K), 0.0204117 secs] [Times: user=0.13 sys=0.00, real=0.02 secs] 
2020-09-29T18:17:19.714+0200: 61.274: [GC (Allocation Failure) 2020-09-29T18:17:19.714+0200: 61.274: [ParNew: 593815K->38458K(613440K), 0.0128045 secs] 609306K->53950K(2029056K), 0.0128606 secs] [Times: user=0.13 sys=0.00, real=0.01 secs] 
2020-09-29T18:17:19.777+0200: 61.337: [GC (Allocation Failure) 2020-09-29T18:17:19.777+0200: 61.337: [ParNew: 583802K->42045K(613440K), 0.0175186 secs] 599294K->57536K(2029056K), 0.0175873 secs] [Times: user=0.13 sys=0.00, real=0.02 secs] 
2020-09-29T18:17:19.842+0200: 61.402: [GC (Allocation Failure) 2020-09-29T18:17:19.842+0200: 61.402: [ParNew: 587389K->39039K(613440K), 0.0170845 secs] 602880K->54531K(2029056K), 0.0171397 secs] [Times: user=0.13 sys=0.00, real=0.02 secs] 
2020-09-29T18:17:19.908+0200: 61.468: [GC (Allocation Failure) 2020-09-29T18:17:19.908+0200: 61.468: [ParNew: 584383K->39320K(613440K), 0.0167925 secs] 599875K->54811K(2029056K), 0.0168728 secs] [Times: user=0.13 sys=0.00, real=0.02 secs] 
2020-09-29T18:17:19.974+0200: 61.534: [GC (Allocation Failure) 2020-09-29T18:17:19.974+0200: 61.534: [ParNew: 584664K->34833K(613440K), 0.0169178 secs] 600155K->50325K(2029056K), 0.0169969 secs] [Times: user=0.13 sys=0.00, real=0.02 secs] 
2020-09-29T18:17:20.038+0200: 61.597: [GC (Allocation Failure) 2020-09-29T18:17:20.038+0200: 61.597: [ParNew: 580177K->37123K(613440K), 0.0158558 secs] 595669K->52614K(2029056K), 0.0159186 secs] [Times: user=0.13 sys=0.00, real=0.02 secs] 
2020-09-29T18:17:20.107+0200: 61.666: [GC (Allocation Failure) 2020-09-29T18:17:20.107+0200: 61.666: [ParNew: 582467K->35425K(613440K), 0.0147680 secs] 597958K->50917K(2029056K), 0.0148455 secs] [Times: user=0.13 sys=0.00, real=0.01 secs] 
2020-09-29T18:17:20.168+0200: 61.728: [GC (Allocation Failure) 2020-09-29T18:17:20.169+0200: 61.728: [ParNew: 580769K->56510K(613440K), 0.0243906 secs] 596261K->72002K(2029056K), 0.0244778 secs] [Times: user=0.25 sys=0.00, real=0.03 secs] 
2020-09-29T18:17:20.241+0200: 61.801: [GC (Allocation Failure) 2020-09-29T18:17:20.241+0200: 61.801: [ParNew: 601854K->59094K(613440K), 0.0195668 secs] 617346K->74586K(2029056K), 0.0196227 secs] [Times: user=0.13 sys=0.00, real=0.02 secs] 
2020-09-29T18:17:20.317+0200: 61.876: [GC (Allocation Failure) 2020-09-29T18:17:20.317+0200: 61.876: [ParNew: 604438K->49380K(613440K), 0.0177467 secs] 619930K->64871K(2029056K), 0.0178384 secs] [Times: user=0.13 sys=0.00, real=0.02 secs] 
2020-09-29T18:17:20.386+0200: 61.945: [GC (Allocation Failure) 2020-09-29T18:17:20.386+0200: 61.945: [ParNew: 594724K->35626K(613440K), 0.0113677 secs] 610215K->51118K(2029056K), 0.0114238 secs] [Times: user=0.13 sys=0.00, real=0.01 secs] 
2020-09-29T18:17:20.448+0200: 62.007: [GC (Allocation Failure) 2020-09-29T18:17:20.448+0200: 62.007: [ParNew: 580970K->34686K(613440K), 0.0177317 secs] 596462K->50178K(2029056K), 0.0177852 secs] [Times: user=0.13 sys=0.00, real=0.02 secs] 
2020-09-29T18:17:20.513+0200: 62.072: [GC (Allocation Failure) 2020-09-29T18:17:20.513+0200: 62.073: [ParNew: 580030K->57178K(613440K), 0.0217003 secs] 595522K->72670K(2029056K), 0.0217782 secs] [Times: user=0.13 sys=0.00, real=0.02 secs] 
2020-09-29T18:17:20.586+0200: 62.145: [GC (Allocation Failure) 2020-09-29T18:17:20.586+0200: 62.145: [ParNew: 602522K->46071K(613440K), 0.0212940 secs] 618014K->61563K(2029056K), 0.0213799 secs] [Times: user=0.13 sys=0.00, real=0.02 secs] 
2020-09-29T18:17:20.661+0200: 62.221: [GC (Allocation Failure) 2020-09-29T18:17:20.661+0200: 62.221: [ParNew: 591415K->48579K(613440K), 0.0207790 secs] 606907K->64071K(2029056K), 0.0208564 secs] [Times: user=0.13 sys=0.00, real=0.02 secs] 
2020-09-29T18:17:20.732+0200: 62.292: [GC (Allocation Failure) 2020-09-29T18:17:20.732+0200: 62.292: [ParNew: 593923K->41308K(613440K), 0.0193627 secs] 609415K->56800K(2029056K), 0.0194370 secs] [Times: user=0.13 sys=0.00, real=0.02 secs] 
2020-09-29T18:17:20.802+0200: 62.361: [GC (Allocation Failure) 2020-09-29T18:17:20.802+0200: 62.361: [ParNew: 586652K->40602K(613440K), 0.0172300 secs] 602144K->56094K(2029056K), 0.0172869 secs] [Times: user=0.13 sys=0.00, real=0.02 secs] 
2020-09-29T18:17:20.866+0200: 62.426: [GC (Allocation Failure) 2020-09-29T18:17:20.866+0200: 62.426: [ParNew: 585946K->62260K(613440K), 0.0211774 secs] 601438K->77751K(2029056K), 0.0212420 secs] [Times: user=0.13 sys=0.00, real=0.02 secs] 
2020-09-29T18:17:20.934+0200: 62.494: [GC (Allocation Failure) 2020-09-29T18:17:20.934+0200: 62.494: [ParNew: 607604K->43045K(613440K), 0.0155699 secs] 623095K->58537K(2029056K), 0.0156299 secs] [Times: user=0.13 sys=0.00, real=0.02 secs] 
2020-09-29T18:17:20.999+0200: 62.559: [GC (Allocation Failure) 2020-09-29T18:17:20.999+0200: 62.559: [ParNew: 588389K->24334K(613440K), 0.0130775 secs] 603881K->39826K(2029056K), 0.0131574 secs] [Times: user=0.13 sys=0.00, real=0.01 secs] 
2020-09-29T18:17:21.060+0200: 62.620: [GC (Allocation Failure) 2020-09-29T18:17:21.060+0200: 62.620: [ParNew: 569678K->46995K(613440K), 0.0169565 secs] 585170K->62487K(2029056K), 0.0170105 secs] [Times: user=0.13 sys=0.00, real=0.02 secs] 
2020-09-29T18:17:21.127+0200: 62.686: [GC (Allocation Failure) 2020-09-29T18:17:21.127+0200: 62.686: [ParNew: 592339K->37491K(613440K), 0.0168224 secs] 607831K->52983K(2029056K), 0.0168933 secs] [Times: user=0.13 sys=0.00, real=0.02 secs] 
2020-09-29T18:17:21.193+0200: 62.752: [GC (Allocation Failure) 2020-09-29T18:17:21.193+0200: 62.752: [ParNew: 582835K->60619K(613440K), 0.0224306 secs] 598327K->76110K(2029056K), 0.0224949 secs] [Times: user=0.13 sys=0.00, real=0.02 secs] 
2020-09-29T18:17:21.262+0200: 62.822: [GC (Allocation Failure) 2020-09-29T18:17:21.266+0200: 62.825: [ParNew: 605963K->48922K(613440K), 0.0349918 secs] 621454K->64414K(2029056K), 0.0380960 secs] [Times: user=0.25 sys=0.00, real=0.04 secs] 
2020-09-29T18:17:21.352+0200: 62.912: [GC (Allocation Failure) 2020-09-29T18:17:21.352+0200: 62.912: [ParNew: 594266K->54282K(613440K), 0.0200044 secs] 609758K->69774K(2029056K), 0.0200664 secs] [Times: user=0.13 sys=0.00, real=0.02 secs] 
2020-09-29T18:17:21.420+0200: 62.980: [GC (Allocation Failure) 2020-09-29T18:17:21.420+0200: 62.980: [ParNew: 599626K->49879K(613440K), 0.0200379 secs] 615118K->65371K(2029056K), 0.0201070 secs] [Times: user=0.13 sys=0.00, real=0.02 secs] 
2020-09-29T18:17:21.488+0200: 63.048: [GC (Allocation Failure) 2020-09-29T18:17:21.488+0200: 63.048: [ParNew: 595223K->44078K(613440K), 0.0127571 secs] 610715K->59569K(2029056K), 0.0128105 secs] [Times: user=0.13 sys=0.00, real=0.01 secs] 
2020-09-29T18:17:21.555+0200: 63.115: [GC (Allocation Failure) 2020-09-29T18:17:21.555+0200: 63.115: [ParNew: 589422K->40623K(613440K), 0.0186107 secs] 604913K->56114K(2029056K), 0.0186771 secs] [Times: user=0.13 sys=0.00, real=0.02 secs] 
2020-09-29T18:17:21.631+0200: 63.190: [GC (Allocation Failure) 2020-09-29T18:17:21.631+0200: 63.190: [ParNew: 585967K->54262K(613440K), 0.0179166 secs] 601458K->69754K(2029056K), 0.0179917 secs] [Times: user=0.13 sys=0.00, real=0.02 secs] 
2020-09-29T18:17:21.699+0200: 63.258: [GC (Allocation Failure) 2020-09-29T18:17:21.699+0200: 63.258: [ParNew: 599606K->41073K(613440K), 0.0163283 secs] 615098K->56565K(2029056K), 0.0163866 secs] [Times: user=0.13 sys=0.00, real=0.02 secs] 
2020-09-29T18:17:21.763+0200: 63.323: [GC (Allocation Failure) 2020-09-29T18:17:21.763+0200: 63.323: [ParNew: 586417K->35399K(613440K), 0.0161785 secs] 601909K->50891K(2029056K), 0.0162600 secs] [Times: user=0.13 sys=0.00, real=0.02 secs] 
2020-09-29T18:17:21.828+0200: 63.388: [GC (Allocation Failure) 2020-09-29T18:17:21.828+0200: 63.388: [ParNew: 580743K->54859K(613440K), 0.0183001 secs] 596235K->70351K(2029056K), 0.0183758 secs] [Times: user=0.13 sys=0.00, real=0.02 secs] 
2020-09-29T18:17:21.896+0200: 63.455: [GC (Allocation Failure) 2020-09-29T18:17:21.896+0200: 63.455: [ParNew: 600203K->36271K(613440K), 0.0133337 secs] 615695K->51763K(2029056K), 0.0133941 secs] [Times: user=0.00 sys=0.00, real=0.01 secs] 
2020-09-29T18:17:21.960+0200: 63.519: [GC (Allocation Failure) 2020-09-29T18:17:21.960+0200: 63.519: [ParNew: 581615K->48083K(613440K), 0.0216845 secs] 597107K->63574K(2029056K), 0.0217733 secs] [Times: user=0.13 sys=0.00, real=0.02 secs] 
2020-09-29T18:17:22.030+0200: 63.590: [GC (Allocation Failure) 2020-09-29T18:17:22.030+0200: 63.590: [ParNew: 593427K->39499K(613440K), 0.0155030 secs] 608918K->54991K(2029056K), 0.0155711 secs] [Times: user=0.13 sys=0.00, real=0.02 secs] 
2020-09-29T18:17:22.102+0200: 63.662: [GC (Allocation Failure) 2020-09-29T18:17:22.102+0200: 63.662: [ParNew: 584843K->31227K(613440K), 0.0149359 secs] 600335K->46719K(2029056K), 0.0150249 secs] [Times: user=0.13 sys=0.00, real=0.02 secs] 
2020-09-29T18:17:22.170+0200: 63.730: [GC (Allocation Failure) 2020-09-29T18:17:22.170+0200: 63.730: [ParNew: 576571K->52239K(613440K), 0.0201837 secs] 592063K->67730K(2029056K), 0.0202427 secs] [Times: user=0.13 sys=0.00, real=0.02 secs] 
2020-09-29T18:17:22.237+0200: 63.797: [GC (Allocation Failure) 2020-09-29T18:17:22.237+0200: 63.797: [ParNew: 597583K->38435K(613440K), 0.0137607 secs] 613074K->53927K(2029056K), 0.0138162 secs] [Times: user=0.13 sys=0.00, real=0.01 secs] 
2020-09-29T18:17:22.297+0200: 63.857: [GC (Allocation Failure) 2020-09-29T18:17:22.297+0200: 63.857: [ParNew: 583779K->37534K(613440K), 0.0222365 secs] 599271K->53026K(2029056K), 0.0223107 secs] [Times: user=0.25 sys=0.00, real=0.02 secs] 
2020-09-29T18:17:22.373+0200: 63.933: [GC (Allocation Failure) 2020-09-29T18:17:22.373+0200: 63.933: [ParNew: 582878K->55684K(613440K), 0.0273597 secs] 598370K->71176K(2029056K), 0.0274320 secs] [Times: user=0.25 sys=0.00, real=0.03 secs] 
2020-09-29T18:17:22.453+0200: 64.013: [GC (Allocation Failure) 2020-09-29T18:17:22.453+0200: 64.013: [ParNew: 601028K->40433K(613440K), 0.0204460 secs] 616520K->55924K(2029056K), 0.0205111 secs] [Times: user=0.25 sys=0.00, real=0.02 secs] 
2020-09-29T18:17:22.525+0200: 64.085: [GC (Allocation Failure) 2020-09-29T18:17:22.525+0200: 64.085: [ParNew: 585777K->61864K(613440K), 0.0324710 secs] 601268K->77356K(2029056K), 0.0325502 secs] [Times: user=0.25 sys=0.00, real=0.03 secs] 
2020-09-29T18:17:22.607+0200: 64.167: [GC (Allocation Failure) 2020-09-29T18:17:22.607+0200: 64.167: [ParNew: 607208K->55709K(613440K), 0.0256254 secs] 622700K->71201K(2029056K), 0.0327105 secs] [Times: user=0.23 sys=0.00, real=0.03 secs] 
2020-09-29T18:17:22.694+0200: 64.254: [GC (Allocation Failure) 2020-09-29T18:17:22.694+0200: 64.254: [ParNew: 601053K->68096K(613440K), 0.0313439 secs] 616545K->84014K(2029056K), 0.0314046 secs] [Times: user=0.25 sys=0.00, real=0.03 secs] 
2020-09-29T18:17:22.773+0200: 64.333: [GC (Allocation Failure) 2020-09-29T18:17:22.773+0200: 64.333: [ParNew: 613440K->56820K(613440K), 0.0234449 secs] 629358K->72739K(2029056K), 0.0235256 secs] [Times: user=0.13 sys=0.00, real=0.02 secs] 
2020-09-29T18:17:22.843+0200: 64.403: [GC (Allocation Failure) 2020-09-29T18:17:22.843+0200: 64.403: [ParNew: 602164K->46906K(613440K), 0.0221379 secs] 618083K->62825K(2029056K), 0.0222047 secs] [Times: user=0.25 sys=0.00, real=0.02 secs] 
2020-09-29T18:17:22.912+0200: 64.472: [GC (Allocation Failure) 2020-09-29T18:17:22.912+0200: 64.472: [ParNew: 592250K->34239K(613440K), 0.0219848 secs] 608169K->50158K(2029056K), 0.0220502 secs] [Times: user=0.13 sys=0.00, real=0.02 secs] 
2020-09-29T18:17:22.986+0200: 64.546: [GC (Allocation Failure) 2020-09-29T18:17:22.986+0200: 64.546: [ParNew: 579583K->33569K(613440K), 0.0197979 secs] 595502K->49487K(2029056K), 0.0198627 secs] [Times: user=0.25 sys=0.00, real=0.02 secs] 
2020-09-29T18:17:23.057+0200: 64.617: [GC (Allocation Failure) 2020-09-29T18:17:23.057+0200: 64.617: [ParNew: 578913K->55540K(613440K), 0.0248041 secs] 594831K->71459K(2029056K), 0.0248670 secs] [Times: user=0.13 sys=0.00, real=0.03 secs] 
2020-09-29T18:17:23.131+0200: 64.691: [GC (Allocation Failure) 2020-09-29T18:17:23.131+0200: 64.691: [ParNew: 600884K->40897K(613440K), 0.0242327 secs] 616803K->56816K(2029056K), 0.0243063 secs] [Times: user=0.13 sys=0.00, real=0.02 secs] 
2020-09-29T18:17:23.209+0200: 64.769: [GC (Allocation Failure) 2020-09-29T18:17:23.209+0200: 64.769: [ParNew: 586241K->39206K(613440K), 0.0239445 secs] 602160K->55125K(2029056K), 0.0240288 secs] [Times: user=0.13 sys=0.00, real=0.02 secs] 
2020-09-29T18:17:23.282+0200: 64.841: [GC (Allocation Failure) 2020-09-29T18:17:23.282+0200: 64.841: [ParNew: 584550K->35853K(613440K), 0.0139504 secs] 600469K->51772K(2029056K), 0.0140169 secs] [Times: user=0.13 sys=0.00, real=0.01 secs] 
2020-09-29T18:17:23.348+0200: 64.908: [GC (Allocation Failure) 2020-09-29T18:17:23.348+0200: 64.908: [ParNew: 581197K->35483K(613440K), 0.0210249 secs] 597116K->51402K(2029056K), 0.0210880 secs] [Times: user=0.13 sys=0.00, real=0.02 secs] 
2020-09-29T18:17:23.424+0200: 64.984: [GC (Allocation Failure) 2020-09-29T18:17:23.424+0200: 64.984: [ParNew: 580827K->44068K(613440K), 0.0210207 secs] 596746K->59987K(2029056K), 0.0210898 secs] [Times: user=0.25 sys=0.00, real=0.02 secs] 
2020-09-29T18:17:23.495+0200: 65.055: [GC (Allocation Failure) 2020-09-29T18:17:23.495+0200: 65.055: [ParNew: 589412K->35006K(613440K), 0.0199416 secs] 605331K->50925K(2029056K), 0.0200116 secs] [Times: user=0.13 sys=0.00, real=0.02 secs] 
2020-09-29T18:17:23.563+0200: 65.123: [GC (Allocation Failure) 2020-09-29T18:17:23.563+0200: 65.123: [ParNew: 580350K->33652K(613440K), 0.0180580 secs] 596269K->49571K(2029056K), 0.0181245 secs] [Times: user=0.13 sys=0.00, real=0.02 secs] 
2020-09-29T18:17:23.632+0200: 65.191: [GC (Allocation Failure) 2020-09-29T18:17:23.632+0200: 65.191: [ParNew: 578996K->27931K(613440K), 0.0180453 secs] 594915K->43850K(2029056K), 0.0181166 secs] [Times: user=0.11 sys=0.00, real=0.02 secs] 
2020-09-29T18:17:23.699+0200: 65.259: [GC (Allocation Failure) 2020-09-29T18:17:23.699+0200: 65.259: [ParNew: 573275K->50146K(613440K), 0.0228039 secs] 589194K->66065K(2029056K), 0.0228811 secs] [Times: user=0.13 sys=0.00, real=0.02 secs] 
2020-09-29T18:17:23.773+0200: 65.333: [GC (Allocation Failure) 2020-09-29T18:17:23.773+0200: 65.333: [ParNew: 595490K->37975K(613440K), 0.0215210 secs] 611409K->53894K(2029056K), 0.0215880 secs] [Times: user=0.13 sys=0.00, real=0.02 secs] 
2020-09-29T18:17:23.848+0200: 65.408: [GC (Allocation Failure) 2020-09-29T18:17:23.848+0200: 65.408: [ParNew: 583319K->38075K(613440K), 0.0200086 secs] 599238K->53993K(2029056K), 0.0200714 secs] [Times: user=0.13 sys=0.00, real=0.02 secs] 
2020-09-29T18:17:23.919+0200: 65.478: [GC (Allocation Failure) 2020-09-29T18:17:23.919+0200: 65.479: [ParNew: 583419K->34874K(613440K), 0.0185781 secs] 599337K->50793K(2029056K), 0.0186398 secs] [Times: user=0.13 sys=0.00, real=0.02 secs] 
2020-09-29T18:17:23.992+0200: 65.552: [GC (Allocation Failure) 2020-09-29T18:17:23.992+0200: 65.552: [ParNew: 580218K->31670K(613440K), 0.0166846 secs] 596137K->47588K(2029056K), 0.0167486 secs] [Times: user=0.13 sys=0.00, real=0.02 secs] 
2020-09-29T18:17:24.058+0200: 65.618: [GC (Allocation Failure) 2020-09-29T18:17:24.058+0200: 65.618: [ParNew: 577014K->50085K(613440K), 0.0217934 secs] 592932K->66003K(2029056K), 0.0218619 secs] [Times: user=0.13 sys=0.00, real=0.02 secs] 
2020-09-29T18:17:24.131+0200: 65.691: [GC (Allocation Failure) 2020-09-29T18:17:24.131+0200: 65.691: [ParNew: 595429K->60535K(613440K), 0.0283739 secs] 611347K->76454K(2029056K), 0.0284461 secs] [Times: user=0.13 sys=0.00, real=0.03 secs] 
2020-09-29T18:17:24.208+0200: 65.768: [GC (Allocation Failure) 2020-09-29T18:17:24.208+0200: 65.768: [ParNew: 605879K->40999K(613440K), 0.0218773 secs] 621798K->56918K(2029056K), 0.0219440 secs] [Times: user=0.13 sys=0.00, real=0.02 secs] 
2020-09-29T18:17:24.276+0200: 65.836: [GC (Allocation Failure) 2020-09-29T18:17:24.276+0200: 65.836: [ParNew: 586343K->35419K(613440K), 0.0185445 secs] 602262K->51338K(2029056K), 0.0186100 secs] [Times: user=0.13 sys=0.00, real=0.02 secs] 
2020-09-29T18:17:24.354+0200: 65.914: [GC (Allocation Failure) 2020-09-29T18:17:24.354+0200: 65.914: [ParNew: 580763K->28647K(613440K), 0.0193771 secs] 596682K->44566K(2029056K), 0.0194443 secs] [Times: user=0.13 sys=0.00, real=0.02 secs] 
2020-09-29T18:17:24.427+0200: 65.987: [GC (Allocation Failure) 2020-09-29T18:17:24.427+0200: 65.987: [ParNew: 573991K->45561K(613440K), 0.0236713 secs] 589910K->61480K(2029056K), 0.0237408 secs] [Times: user=0.13 sys=0.00, real=0.02 secs] 
2020-09-29T18:17:24.497+0200: 66.057: [GC (Allocation Failure) 2020-09-29T18:17:24.498+0200: 66.057: [ParNew: 590905K->58478K(613440K), 0.0271829 secs] 606824K->74396K(2029056K), 0.0272660 secs] [Times: user=0.25 sys=0.00, real=0.03 secs] 
2020-09-29T18:17:24.574+0200: 66.134: [GC (Allocation Failure) 2020-09-29T18:17:24.574+0200: 66.134: [ParNew: 603822K->68096K(613440K), 0.0287638 secs] 619740K->84014K(2029056K), 0.0288574 secs] [Times: user=0.22 sys=0.00, real=0.03 secs] 
2020-09-29T18:17:24.653+0200: 66.213: [GC (Allocation Failure) 2020-09-29T18:17:24.653+0200: 66.213: [ParNew: 613440K->23938K(613440K), 0.0145270 secs] 629358K->39857K(2029056K), 0.0145944 secs] [Times: user=0.13 sys=0.00, real=0.01 secs] 
2020-09-29T18:17:24.731+0200: 66.291: [GC (Allocation Failure) 2020-09-29T18:17:24.731+0200: 66.291: [ParNew: 569282K->26485K(613440K), 0.0187294 secs] 585201K->42404K(2029056K), 0.0187957 secs] [Times: user=0.13 sys=0.00, real=0.02 secs] 
2020-09-29T18:17:24.809+0200: 66.369: [GC (Allocation Failure) 2020-09-29T18:17:24.809+0200: 66.369: [ParNew: 571829K->42662K(613440K), 0.0235341 secs] 587748K->58581K(2029056K), 0.0236005 secs] [Times: user=0.25 sys=0.00, real=0.02 secs] 
2020-09-29T18:17:24.881+0200: 66.441: [GC (Allocation Failure) 2020-09-29T18:17:24.881+0200: 66.441: [ParNew: 588006K->38124K(613440K), 0.0222303 secs] 603925K->54043K(2029056K), 0.0222982 secs] [Times: user=0.13 sys=0.00, real=0.02 secs] 
2020-09-29T18:17:24.959+0200: 66.519: [GC (Allocation Failure) 2020-09-29T18:17:24.959+0200: 66.519: [ParNew: 583468K->34228K(613440K), 0.0220545 secs] 599387K->50147K(2029056K), 0.0221178 secs] [Times: user=0.13 sys=0.00, real=0.02 secs] 
2020-09-29T18:17:25.031+0200: 66.591: [GC (Allocation Failure) 2020-09-29T18:17:25.031+0200: 66.591: [ParNew: 579572K->61874K(613440K), 0.0257869 secs] 595491K->77793K(2029056K), 0.0258505 secs] [Times: user=0.25 sys=0.00, real=0.03 secs] 
2020-09-29T18:17:25.108+0200: 66.668: [GC (Allocation Failure) 2020-09-29T18:17:25.108+0200: 66.668: [ParNew: 607218K->47376K(613440K), 0.0259170 secs] 623137K->63294K(2029056K), 0.0259846 secs] [Times: user=0.25 sys=0.00, real=0.03 secs] 
2020-09-29T18:17:25.181+0200: 66.741: [GC (Allocation Failure) 2020-09-29T18:17:25.181+0200: 66.741: [ParNew: 592720K->68096K(613440K), 0.0326835 secs] 608638K->85464K(2029056K), 0.0327535 secs] [Times: user=0.25 sys=0.00, real=0.03 secs] 
2020-09-29T18:17:25.261+0200: 66.821: [GC (Allocation Failure) 2020-09-29T18:17:25.261+0200: 66.821: [ParNew: 613440K->68096K(613440K), 0.0314517 secs] 630808K->85511K(2029056K), 0.0315333 secs] [Times: user=0.25 sys=0.00, real=0.03 secs] 
2020-09-29T18:17:25.342+0200: 66.902: [GC (Allocation Failure) 2020-09-29T18:17:25.342+0200: 66.902: [ParNew: 613440K->58574K(613440K), 0.0296769 secs] 630855K->75990K(2029056K), 0.0297521 secs] [Times: user=0.25 sys=0.00, real=0.03 secs] 
2020-09-29T18:17:25.421+0200: 66.981: [GC (Allocation Failure) 2020-09-29T18:17:25.421+0200: 66.981: [ParNew: 603918K->51106K(613440K), 0.0231289 secs] 621334K->68521K(2029056K), 0.0232018 secs] [Times: user=0.25 sys=0.00, real=0.02 secs] 
2020-09-29T18:17:25.499+0200: 67.059: [GC (Allocation Failure) 2020-09-29T18:17:25.499+0200: 67.059: [ParNew: 596450K->43187K(613440K), 0.0227270 secs] 613865K->60603K(2029056K), 0.0228014 secs] [Times: user=0.25 sys=0.00, real=0.02 secs] 
2020-09-29T18:17:25.573+0200: 67.133: [GC (Allocation Failure) 2020-09-29T18:17:25.573+0200: 67.133: [ParNew: 588531K->41459K(613440K), 0.0209339 secs] 605947K->58875K(2029056K), 0.0210141 secs] [Times: user=0.13 sys=0.00, real=0.02 secs] 
2020-09-29T18:17:25.648+0200: 67.208: [GC (Allocation Failure) 2020-09-29T18:17:25.648+0200: 67.208: [ParNew: 586803K->61105K(613440K), 0.0278052 secs] 604219K->78520K(2029056K), 0.0278718 secs] [Times: user=0.25 sys=0.00, real=0.03 secs] 
2020-09-29T18:17:25.725+0200: 67.285: [GC (Allocation Failure) 2020-09-29T18:17:25.725+0200: 67.285: [ParNew: 606449K->42071K(613440K), 0.0107456 secs] 623864K->59487K(2029056K), 0.0108194 secs] [Times: user=0.00 sys=0.00, real=0.01 secs] 
2020-09-29T18:17:25.796+0200: 67.356: [GC (Allocation Failure) 2020-09-29T18:17:25.796+0200: 67.356: [ParNew: 587415K->42842K(613440K), 0.0250955 secs] 604831K->60257K(2029056K), 0.0251651 secs] [Times: user=0.25 sys=0.00, real=0.03 secs] 
2020-09-29T18:17:25.871+0200: 67.431: [GC (Allocation Failure) 2020-09-29T18:17:25.871+0200: 67.431: [ParNew: 588186K->56036K(613440K), 0.0231620 secs] 605601K->73452K(2029056K), 0.0232262 secs] [Times: user=0.13 sys=0.00, real=0.02 secs] 
2020-09-29T18:17:25.942+0200: 67.502: [GC (Allocation Failure) 2020-09-29T18:17:25.942+0200: 67.502: [ParNew: 601380K->40778K(613440K), 0.0225568 secs] 618796K->58193K(2029056K), 0.0226211 secs] [Times: user=0.13 sys=0.00, real=0.02 secs] 
2020-09-29T18:17:26.015+0200: 67.575: [GC (Allocation Failure) 2020-09-29T18:17:26.015+0200: 67.575: [ParNew: 586122K->33079K(613440K), 0.0128361 secs] 603537K->50494K(2029056K), 0.0129066 secs] [Times: user=0.13 sys=0.00, real=0.01 secs] 
2020-09-29T18:17:26.086+0200: 67.646: [GC (Allocation Failure) 2020-09-29T18:17:26.086+0200: 67.646: [ParNew: 578423K->27949K(613440K), 0.0203996 secs] 595838K->45365K(2029056K), 0.0204662 secs] [Times: user=0.13 sys=0.00, real=0.02 secs] 
2020-09-29T18:17:26.159+0200: 67.719: [GC (Allocation Failure) 2020-09-29T18:17:26.159+0200: 67.719: [ParNew: 573293K->29356K(613440K), 0.0178664 secs] 590709K->46772K(2029056K), 0.0179583 secs] [Times: user=0.22 sys=0.00, real=0.02 secs] 
2020-09-29T18:17:26.235+0200: 67.795: [GC (Allocation Failure) 2020-09-29T18:17:26.235+0200: 67.795: [ParNew: 574700K->49921K(613440K), 0.0244570 secs] 592116K->67336K(2029056K), 0.0245373 secs] [Times: user=0.24 sys=0.00, real=0.03 secs] 
2020-09-29T18:17:26.312+0200: 67.872: [GC (Allocation Failure) 2020-09-29T18:17:26.312+0200: 67.872: [ParNew: 595145K->35891K(613440K), 0.0244233 secs] 612560K->53307K(2029056K), 0.0245010 secs] [Times: user=0.25 sys=0.00, real=0.02 secs] 
2020-09-29T18:17:26.387+0200: 67.947: [GC (Allocation Failure) 2020-09-29T18:17:26.387+0200: 67.947: [ParNew: 581235K->38642K(613440K), 0.0220821 secs] 598651K->56057K(2029056K), 0.0221556 secs] [Times: user=0.13 sys=0.00, real=0.02 secs] 
2020-09-29T18:17:26.462+0200: 68.022: [GC (Allocation Failure) 2020-09-29T18:17:26.462+0200: 68.022: [ParNew: 583986K->59233K(613440K), 0.0267587 secs] 601401K->76649K(2029056K), 0.0268248 secs] [Times: user=0.25 sys=0.00, real=0.03 secs] 
2020-09-29T18:17:26.539+0200: 68.099: [GC (Allocation Failure) 2020-09-29T18:17:26.539+0200: 68.099: [ParNew: 604577K->42970K(613440K), 0.0202144 secs] 621993K->60385K(2029056K), 0.0202809 secs] [Times: user=0.13 sys=0.00, real=0.02 secs] 
2020-09-29T18:17:26.612+0200: 68.172: [GC (Allocation Failure) 2020-09-29T18:17:26.612+0200: 68.172: [ParNew: 588314K->41005K(613440K), 0.0193938 secs] 605729K->58420K(2029056K), 0.0194644 secs] [Times: user=0.23 sys=0.00, real=0.02 secs] 
2020-09-29T18:17:26.685+0200: 68.245: [GC (Allocation Failure) 2020-09-29T18:17:26.685+0200: 68.245: [ParNew: 586349K->34632K(613440K), 0.0158212 secs] 603764K->52047K(2029056K), 0.0158891 secs] [Times: user=0.13 sys=0.00, real=0.02 secs] 
2020-09-29T18:17:26.750+0200: 68.310: [GC (Allocation Failure) 2020-09-29T18:17:26.750+0200: 68.310: [ParNew: 579976K->52994K(613440K), 0.0302058 secs] 597391K->70410K(2029056K), 0.0302890 secs] [Times: user=0.25 sys=0.00, real=0.03 secs] 
2020-09-29T18:17:26.829+0200: 68.389: [GC (Allocation Failure) 2020-09-29T18:17:26.829+0200: 68.389: [ParNew: 598338K->46591K(613440K), 0.0225452 secs] 615754K->64007K(2029056K), 0.0226118 secs] [Times: user=0.25 sys=0.00, real=0.02 secs] 
2020-09-29T18:17:26.901+0200: 68.461: [GC (Allocation Failure) 2020-09-29T18:17:26.901+0200: 68.461: [ParNew: 591935K->67979K(613440K), 0.0283577 secs] 609351K->85395K(2029056K), 0.0284289 secs] [Times: user=0.25 sys=0.00, real=0.03 secs] 
2020-09-29T18:17:26.978+0200: 68.538: [GC (Allocation Failure) 2020-09-29T18:17:26.978+0200: 68.538: [ParNew: 613323K->40999K(613440K), 0.0124413 secs] 630739K->58414K(2029056K), 0.0125091 secs] [Times: user=0.13 sys=0.00, real=0.01 secs] 
2020-09-29T18:17:27.045+0200: 68.605: [GC (Allocation Failure) 2020-09-29T18:17:27.045+0200: 68.605: [ParNew: 586343K->33211K(613440K), 0.0201695 secs] 603758K->50627K(2029056K), 0.0202352 secs] [Times: user=0.13 sys=0.00, real=0.02 secs] 
2020-09-29T18:17:27.126+0200: 68.686: [GC (Allocation Failure) 2020-09-29T18:17:27.126+0200: 68.686: [ParNew: 578555K->43018K(613440K), 0.0200842 secs] 595971K->60434K(2029056K), 0.0201510 secs] [Times: user=0.25 sys=0.00, real=0.02 secs] 
2020-09-29T18:17:27.198+0200: 68.758: [GC (Allocation Failure) 2020-09-29T18:17:27.198+0200: 68.758: [ParNew: 588362K->55896K(613440K), 0.0243165 secs] 605778K->73311K(2029056K), 0.0243921 secs] [Times: user=0.25 sys=0.00, real=0.03 secs] 
2020-09-29T18:17:27.278+0200: 68.837: [GC (Allocation Failure) 2020-09-29T18:17:27.278+0200: 68.837: [ParNew: 601240K->66906K(613440K), 0.0334645 secs] 618655K->84321K(2029056K), 0.0335521 secs] [Times: user=0.24 sys=0.00, real=0.03 secs] 
2020-09-29T18:17:27.363+0200: 68.923: [GC (Allocation Failure) 2020-09-29T18:17:27.363+0200: 68.923: [ParNew: 612250K->44270K(613440K), 0.0169878 secs] 629665K->61685K(2029056K), 0.0170628 secs] [Times: user=0.25 sys=0.00, real=0.02 secs] 
2020-09-29T18:17:27.436+0200: 68.996: [GC (Allocation Failure) 2020-09-29T18:17:27.436+0200: 68.996: [ParNew: 589614K->38010K(613440K), 0.0224996 secs] 607029K->55425K(2029056K), 0.0225831 secs] [Times: user=0.25 sys=0.00, real=0.02 secs] 
2020-09-29T18:17:27.508+0200: 69.067: [GC (Allocation Failure) 2020-09-29T18:17:27.508+0200: 69.067: [ParNew: 583354K->41426K(613440K), 0.0228256 secs] 600769K->58842K(2029056K), 0.0229022 secs] [Times: user=0.13 sys=0.00, real=0.02 secs] 
2020-09-29T18:17:27.583+0200: 69.142: [GC (Allocation Failure) 2020-09-29T18:17:27.583+0200: 69.142: [ParNew: 586770K->36707K(613440K), 0.0185321 secs] 604186K->54122K(2029056K), 0.0186293 secs] [Times: user=0.13 sys=0.00, real=0.02 secs] 
2020-09-29T18:17:27.660+0200: 69.220: [GC (Allocation Failure) 2020-09-29T18:17:27.660+0200: 69.220: [ParNew: 582051K->52247K(613440K), 0.0281610 secs] 599466K->69663K(2029056K), 0.0282408 secs] [Times: user=0.23 sys=0.00, real=0.03 secs] 
2020-09-29T18:17:27.737+0200: 69.297: [GC (Allocation Failure) 2020-09-29T18:17:27.737+0200: 69.297: [ParNew: 597591K->43502K(613440K), 0.0257349 secs] 615007K->60917K(2029056K), 0.0258024 secs] [Times: user=0.25 sys=0.00, real=0.03 secs] 
2020-09-29T18:17:27.814+0200: 69.374: [GC (Allocation Failure) 2020-09-29T18:17:27.814+0200: 69.374: [ParNew: 588846K->67923K(613440K), 0.0324605 secs] 606261K->85339K(2029056K), 0.0325363 secs] [Times: user=0.25 sys=0.00, real=0.03 secs] 
2020-09-29T18:17:27.899+0200: 69.459: [GC (Allocation Failure) 2020-09-29T18:17:27.899+0200: 69.459: [ParNew: 613267K->44268K(613440K), 0.0142408 secs] 630683K->61684K(2029056K), 0.0143117 secs] [Times: user=0.13 sys=0.00, real=0.01 secs] 
2020-09-29T18:17:27.979+0200: 69.538: [GC (Allocation Failure) 2020-09-29T18:17:27.979+0200: 69.538: [ParNew: 589612K->37352K(613440K), 0.0219228 secs] 607028K->54767K(2029056K), 0.0219884 secs] [Times: user=0.13 sys=0.00, real=0.02 secs] 
2020-09-29T18:17:28.051+0200: 69.610: [GC (Allocation Failure) 2020-09-29T18:17:28.051+0200: 69.610: [ParNew: 582696K->40998K(613440K), 0.0210122 secs] 600111K->58414K(2029056K), 0.0210962 secs] [Times: user=0.25 sys=0.00, real=0.02 secs] 
2020-09-29T18:17:28.127+0200: 69.687: [GC (Allocation Failure) 2020-09-29T18:17:28.127+0200: 69.687: [ParNew: 586342K->49077K(613440K), 0.0283614 secs] 603758K->66493K(2029056K), 0.0284462 secs] [Times: user=0.22 sys=0.00, real=0.03 secs] 
2020-09-29T18:17:28.207+0200: 69.767: [GC (Allocation Failure) 2020-09-29T18:17:28.207+0200: 69.767: [ParNew: 594421K->60371K(613440K), 0.0265174 secs] 611837K->77787K(2029056K), 0.0265802 secs] [Times: user=0.25 sys=0.00, real=0.03 secs] 
2020-09-29T18:17:28.285+0200: 69.845: [GC (Allocation Failure) 2020-09-29T18:17:28.285+0200: 69.845: [ParNew: 605715K->37379K(613440K), 0.0169978 secs] 623131K->54794K(2029056K), 0.0170709 secs] [Times: user=0.25 sys=0.00, real=0.02 secs] 
2020-09-29T18:17:28.367+0200: 69.927: [GC (Allocation Failure) 2020-09-29T18:17:28.367+0200: 69.927: [ParNew: 582723K->24165K(613440K), 0.0157101 secs] 600138K->41581K(2029056K), 0.0157759 secs] [Times: user=0.13 sys=0.00, real=0.02 secs] 
2020-09-29T18:17:28.446+0200: 70.006: [GC (Allocation Failure) 2020-09-29T18:17:28.446+0200: 70.006: [ParNew: 569509K->43901K(613440K), 0.0256203 secs] 586925K->61317K(2029056K), 0.0256929 secs] [Times: user=0.13 sys=0.00, real=0.03 secs] 
2020-09-29T18:17:28.521+0200: 70.081: [GC (Allocation Failure) 2020-09-29T18:17:28.521+0200: 70.081: [ParNew: 589245K->55391K(613440K), 0.0303634 secs] 606661K->72807K(2029056K), 0.0304311 secs] [Times: user=0.13 sys=0.00, real=0.03 secs] 
2020-09-29T18:17:28.600+0200: 70.160: [GC (Allocation Failure) 2020-09-29T18:17:28.600+0200: 70.160: [ParNew: 600735K->42041K(613440K), 0.0231844 secs] 618151K->59457K(2029056K), 0.0232717 secs] [Times: user=0.13 sys=0.00, real=0.02 secs] 
2020-09-29T18:17:28.675+0200: 70.235: [GC (Allocation Failure) 2020-09-29T18:17:28.675+0200: 70.235: [ParNew: 587385K->66203K(613440K), 0.0281855 secs] 604801K->83618K(2029056K), 0.0282747 secs] [Times: user=0.25 sys=0.00, real=0.03 secs] 
2020-09-29T18:17:28.753+0200: 70.313: [GC (Allocation Failure) 2020-09-29T18:17:28.753+0200: 70.313: [ParNew: 611547K->45752K(613440K), 0.0267181 secs] 628962K->63167K(2029056K), 0.0268068 secs] [Times: user=0.25 sys=0.00, real=0.03 secs] 
2020-09-29T18:17:28.830+0200: 70.390: [GC (Allocation Failure) 2020-09-29T18:17:28.830+0200: 70.390: [ParNew: 591096K->32200K(613440K), 0.0148874 secs] 608511K->49615K(2029056K), 0.0149523 secs] [Times: user=0.13 sys=0.00, real=0.02 secs] 
2020-09-29T18:17:28.893+0200: 70.453: [GC (Allocation Failure) 2020-09-29T18:17:28.893+0200: 70.453: [ParNew: 577544K->34743K(613440K), 0.0209153 secs] 594959K->52158K(2029056K), 0.0209868 secs] [Times: user=0.25 sys=0.00, real=0.02 secs] 
2020-09-29T18:17:28.973+0200: 70.532: [GC (Allocation Failure) 2020-09-29T18:17:28.973+0200: 70.533: [ParNew: 580087K->47463K(613440K), 0.0282294 secs] 597502K->64879K(2029056K), 0.0282959 secs] [Times: user=0.13 sys=0.00, real=0.03 secs] 
2020-09-29T18:17:29.051+0200: 70.611: [GC (Allocation Failure) 2020-09-29T18:17:29.051+0200: 70.611: [ParNew: 592807K->34673K(613440K), 0.0222395 secs] 610223K->52088K(2029056K), 0.0223102 secs] [Times: user=0.14 sys=0.00, real=0.02 secs] 
2020-09-29T18:17:29.130+0200: 70.690: [GC (Allocation Failure) 2020-09-29T18:17:29.130+0200: 70.690: [ParNew: 580017K->56885K(613440K), 0.0254201 secs] 597432K->74301K(2029056K), 0.0254836 secs] [Times: user=0.13 sys=0.00, real=0.03 secs] 
2020-09-29T18:17:29.213+0200: 70.773: [GC (Allocation Failure) 2020-09-29T18:17:29.213+0200: 70.773: [ParNew: 602229K->42119K(613440K), 0.0245453 secs] 619645K->59534K(2029056K), 0.0246145 secs] [Times: user=0.13 sys=0.00, real=0.02 secs] 
2020-09-29T18:17:29.289+0200: 70.848: [GC (Allocation Failure) 2020-09-29T18:17:29.289+0200: 70.849: [ParNew: 587463K->52788K(613440K), 0.0249702 secs] 604878K->70204K(2029056K), 0.0250362 secs] [Times: user=0.13 sys=0.00, real=0.02 secs] 
2020-09-29T18:17:29.363+0200: 70.923: [GC (Allocation Failure) 2020-09-29T18:17:29.363+0200: 70.923: [ParNew: 598132K->42425K(613440K), 0.0212698 secs] 615548K->59840K(2029056K), 0.0213471 secs] [Times: user=0.19 sys=0.00, real=0.02 secs] 
2020-09-29T18:17:29.442+0200: 71.001: [GC (Allocation Failure) 2020-09-29T18:17:29.442+0200: 71.001: [ParNew: 587769K->32888K(613440K), 0.0228054 secs] 605184K->50304K(2029056K), 0.0249477 secs] [Times: user=0.13 sys=0.00, real=0.03 secs] 
2020-09-29T18:17:29.519+0200: 71.079: [GC (Allocation Failure) 2020-09-29T18:17:29.519+0200: 71.079: [ParNew: 578232K->68096K(613440K), 0.0369018 secs] 595648K->85687K(2029056K), 0.0369720 secs] [Times: user=0.36 sys=0.00, real=0.04 secs] 
2020-09-29T18:17:29.607+0200: 71.167: [GC (Allocation Failure) 2020-09-29T18:17:29.607+0200: 71.167: [ParNew: 613440K->56616K(613440K), 0.0285143 secs] 631031K->74208K(2029056K), 0.0286125 secs] [Times: user=0.25 sys=0.00, real=0.03 secs] 
2020-09-29T18:17:29.690+0200: 71.249: [GC (Allocation Failure) 2020-09-29T18:17:29.690+0200: 71.249: [ParNew: 601960K->46151K(613440K), 0.0272475 secs] 619552K->63743K(2029056K), 0.0273356 secs] [Times: user=0.25 sys=0.00, real=0.03 secs] 
2020-09-29T18:17:29.764+0200: 71.324: [GC (Allocation Failure) 2020-09-29T18:17:29.764+0200: 71.324: [ParNew: 591495K->46163K(613440K), 0.0258767 secs] 609087K->63754K(2029056K), 0.0259564 secs] [Times: user=0.25 sys=0.00, real=0.03 secs] 
2020-09-29T18:17:29.845+0200: 71.404: [GC (Allocation Failure) 2020-09-29T18:17:29.845+0200: 71.404: [ParNew: 591507K->42692K(613440K), 0.0247023 secs] 609098K->60284K(2029056K), 0.0247806 secs] [Times: user=0.25 sys=0.00, real=0.02 secs] 
2020-09-29T18:17:29.917+0200: 71.477: [GC (Allocation Failure) 2020-09-29T18:17:29.917+0200: 71.477: [ParNew: 588036K->43236K(613440K), 0.0222108 secs] 605628K->60827K(2029056K), 0.0222968 secs] [Times: user=0.13 sys=0.00, real=0.02 secs] 
2020-09-29T18:17:29.996+0200: 71.556: [GC (Allocation Failure) 2020-09-29T18:17:29.996+0200: 71.556: [ParNew: 588580K->39611K(613440K), 0.0219689 secs] 606171K->57202K(2029056K), 0.0220381 secs] [Times: user=0.13 sys=0.00, real=0.02 secs] 
2020-09-29T18:17:30.074+0200: 71.633: [GC (Allocation Failure) 2020-09-29T18:17:30.074+0200: 71.633: [ParNew: 584955K->56912K(613440K), 0.0303888 secs] 602546K->74504K(2029056K), 0.0304754 secs] [Times: user=0.23 sys=0.00, real=0.03 secs] 
2020-09-29T18:17:30.156+0200: 71.715: [GC (Allocation Failure) 2020-09-29T18:17:30.156+0200: 71.715: [ParNew: 602256K->47130K(613440K), 0.0277548 secs] 619848K->64722K(2029056K), 0.0278374 secs] [Times: user=0.24 sys=0.00, real=0.03 secs] 
2020-09-29T18:17:30.236+0200: 71.796: [GC (Allocation Failure) 2020-09-29T18:17:30.236+0200: 71.796: [ParNew: 592474K->45615K(613440K), 0.0269649 secs] 610066K->63207K(2029056K), 0.0270393 secs] [Times: user=0.25 sys=0.00, real=0.03 secs] 
2020-09-29T18:17:30.314+0200: 71.874: [GC (Allocation Failure) 2020-09-29T18:17:30.314+0200: 71.874: [ParNew: 590959K->39633K(613440K), 0.0266646 secs] 608551K->57224K(2029056K), 0.0267447 secs] [Times: user=0.22 sys=0.00, real=0.03 secs] 
2020-09-29T18:17:30.392+0200: 71.952: [GC (Allocation Failure) 2020-09-29T18:17:30.392+0200: 71.952: [ParNew: 584977K->68096K(613440K), 0.0307172 secs] 602568K->85687K(2029056K), 0.0307923 secs] [Times: user=0.25 sys=0.00, real=0.03 secs] 
2020-09-29T18:17:30.473+0200: 72.033: [GC (Allocation Failure) 2020-09-29T18:17:30.473+0200: 72.033: [ParNew: 613440K->52628K(613440K), 0.0295767 secs] 631031K->70219K(2029056K), 0.0296433 secs] [Times: user=0.13 sys=0.00, real=0.03 secs] 
2020-09-29T18:17:30.551+0200: 72.110: [GC (Allocation Failure) 2020-09-29T18:17:30.551+0200: 72.110: [ParNew: 597972K->48139K(613440K), 0.0288296 secs] 615563K->65730K(2029056K), 0.0289296 secs] [Times: user=0.25 sys=0.00, real=0.03 secs] 
2020-09-29T18:17:30.631+0200: 72.190: [GC (Allocation Failure) 2020-09-29T18:17:30.631+0200: 72.190: [ParNew: 593483K->48076K(613440K), 0.0268458 secs] 611074K->65667K(2029056K), 0.0269509 secs] [Times: user=0.13 sys=0.00, real=0.03 secs] 
2020-09-29T18:17:30.707+0200: 72.267: [GC (Allocation Failure) 2020-09-29T18:17:30.707+0200: 72.267: [ParNew: 593420K->46764K(613440K), 0.0258311 secs] 611011K->64356K(2029056K), 0.0259274 secs] [Times: user=0.22 sys=0.00, real=0.03 secs] 
2020-09-29T18:17:30.787+0200: 72.347: [GC (Allocation Failure) 2020-09-29T18:17:30.787+0200: 72.347: [ParNew: 592108K->44217K(613440K), 0.0253118 secs] 609700K->61808K(2029056K), 0.0253867 secs] [Times: user=0.13 sys=0.00, real=0.03 secs] 
2020-09-29T18:17:30.864+0200: 72.424: [GC (Allocation Failure) 2020-09-29T18:17:30.864+0200: 72.424: [ParNew: 589561K->67821K(613440K), 0.0306931 secs] 607152K->85412K(2029056K), 0.0307683 secs] [Times: user=0.13 sys=0.00, real=0.03 secs] 
2020-09-29T18:17:30.943+0200: 72.503: [GC (Allocation Failure) 2020-09-29T18:17:30.943+0200: 72.503: [ParNew: 613165K->50894K(613440K), 0.0302025 secs] 630756K->68485K(2029056K), 0.0302926 secs] [Times: user=0.25 sys=0.00, real=0.03 secs] 
2020-09-29T18:17:31.023+0200: 72.583: [GC (Allocation Failure) 2020-09-29T18:17:31.023+0200: 72.583: [ParNew: 596238K->52741K(613440K), 0.0292583 secs] 613829K->70332K(2029056K), 0.0293440 secs] [Times: user=0.25 sys=0.00, real=0.03 secs] 
2020-09-29T18:17:31.100+0200: 72.660: [GC (Allocation Failure) 2020-09-29T18:17:31.100+0200: 72.660: [ParNew: 598085K->48172K(613440K), 0.0294402 secs] 615676K->65764K(2029056K), 0.0295083 secs] [Times: user=0.22 sys=0.03, real=0.03 secs] 
2020-09-29T18:17:31.181+0200: 72.741: [GC (Allocation Failure) 2020-09-29T18:17:31.181+0200: 72.741: [ParNew: 593516K->40340K(613440K), 0.0209319 secs] 611108K->57931K(2029056K), 0.0210121 secs] [Times: user=0.13 sys=0.00, real=0.02 secs] 
2020-09-29T18:17:31.258+0200: 72.817: [GC (Allocation Failure) 2020-09-29T18:17:31.258+0200: 72.818: [ParNew: 585684K->57590K(613440K), 0.0267698 secs] 603275K->75181K(2029056K), 0.0268376 secs] [Times: user=0.13 sys=0.00, real=0.03 secs] 
2020-09-29T18:17:31.334+0200: 72.894: [GC (Allocation Failure) 2020-09-29T18:17:31.334+0200: 72.894: [ParNew: 602934K->35624K(613440K), 0.0148566 secs] 620525K->53215K(2029056K), 0.0149233 secs] [Times: user=0.13 sys=0.00, real=0.01 secs] 
2020-09-29T18:17:31.409+0200: 72.969: [GC (Allocation Failure) 2020-09-29T18:17:31.410+0200: 72.969: [ParNew: 580968K->34585K(613440K), 0.0243358 secs] 598559K->52177K(2029056K), 0.0244148 secs] [Times: user=0.25 sys=0.00, real=0.03 secs] 
2020-09-29T18:17:31.481+0200: 73.041: [GC (Allocation Failure) 2020-09-29T18:17:31.481+0200: 73.041: [ParNew: 579929K->51977K(613440K), 0.0300504 secs] 597521K->69569K(2029056K), 0.0301440 secs] [Times: user=0.25 sys=0.00, real=0.03 secs] 
2020-09-29T18:17:31.559+0200: 73.119: [GC (Allocation Failure) 2020-09-29T18:17:31.559+0200: 73.119: [ParNew: 597321K->45154K(613440K), 0.0183473 secs] 614913K->62745K(2029056K), 0.0184314 secs] [Times: user=0.13 sys=0.00, real=0.02 secs] 
2020-09-29T18:17:31.635+0200: 73.195: [GC (Allocation Failure) 2020-09-29T18:17:31.635+0200: 73.195: [ParNew: 590498K->41273K(613440K), 0.0276612 secs] 608089K->58864K(2029056K), 0.0277447 secs] [Times: user=0.25 sys=0.00, real=0.03 secs] 
2020-09-29T18:17:31.714+0200: 73.274: [GC (Allocation Failure) 2020-09-29T18:17:31.714+0200: 73.274: [ParNew: 586617K->64625K(613440K), 0.0329865 secs] 604208K->82216K(2029056K), 0.0330552 secs] [Times: user=0.25 sys=0.00, real=0.03 secs] 
2020-09-29T18:17:31.797+0200: 73.357: [GC (Allocation Failure) 2020-09-29T18:17:31.797+0200: 73.357: [ParNew: 609969K->51450K(613440K), 0.0250197 secs] 627560K->69042K(2029056K), 0.0251006 secs] [Times: user=0.25 sys=0.00, real=0.03 secs] 
2020-09-29T18:17:31.874+0200: 73.434: [GC (Allocation Failure) 2020-09-29T18:17:31.874+0200: 73.434: [ParNew: 596794K->67883K(613440K), 0.0310642 secs] 614386K->85475K(2029056K), 0.0311304 secs] [Times: user=0.25 sys=0.00, real=0.03 secs] 
2020-09-29T18:17:31.952+0200: 73.512: [GC (Allocation Failure) 2020-09-29T18:17:31.952+0200: 73.512: [ParNew: 613227K->43593K(613440K), 0.0208118 secs] 630819K->61185K(2029056K), 0.0208926 secs] [Times: user=0.25 sys=0.00, real=0.02 secs] 
2020-09-29T18:17:32.029+0200: 73.589: [GC (Allocation Failure) 2020-09-29T18:17:32.029+0200: 73.589: [ParNew: 588937K->60275K(613440K), 0.0300536 secs] 606529K->77866K(2029056K), 0.0301326 secs] [Times: user=0.23 sys=0.00, real=0.03 secs] 
2020-09-29T18:17:32.108+0200: 73.668: [GC (Allocation Failure) 2020-09-29T18:17:32.108+0200: 73.668: [ParNew: 605619K->47315K(613440K), 0.0273236 secs] 623210K->64907K(2029056K), 0.0273977 secs] [Times: user=0.25 sys=0.00, real=0.03 secs] 
2020-09-29T18:17:32.187+0200: 73.747: [GC (Allocation Failure) 2020-09-29T18:17:32.190+0200: 73.750: [ParNew: 592659K->46908K(613440K), 0.0270115 secs] 610251K->64500K(2029056K), 0.0299449 secs] [Times: user=0.25 sys=0.00, real=0.03 secs] 
2020-09-29T18:17:32.267+0200: 73.827: [GC (Allocation Failure) 2020-09-29T18:17:32.267+0200: 73.827: [ParNew: 592252K->34484K(613440K), 0.0172727 secs] 609844K->52075K(2029056K), 0.0173426 secs] [Times: user=0.13 sys=0.00, real=0.02 secs] 
2020-09-29T18:17:32.334+0200: 73.894: [GC (Allocation Failure) 2020-09-29T18:17:32.334+0200: 73.894: [ParNew: 579828K->53210K(613440K), 0.0224444 secs] 597419K->70801K(2029056K), 0.0225435 secs] [Times: user=0.13 sys=0.00, real=0.02 secs] 
2020-09-29T18:17:32.404+0200: 73.964: [GC (Allocation Failure) 2020-09-29T18:17:32.404+0200: 73.964: [ParNew: 598554K->68096K(613440K), 0.0213569 secs] 616145K->85687K(2029056K), 0.0214150 secs] [Times: user=0.13 sys=0.00, real=0.02 secs] 
2020-09-29T18:17:32.472+0200: 74.033: [GC (Allocation Failure) 2020-09-29T18:17:32.473+0200: 74.033: [ParNew: 613440K->50389K(613440K), 0.0214139 secs] 631031K->67981K(2029056K), 0.0214799 secs] [Times: user=0.13 sys=0.01, real=0.02 secs] 
2020-09-29T18:17:32.540+0200: 74.100: [GC (Allocation Failure) 2020-09-29T18:17:32.540+0200: 74.100: [ParNew: 595733K->48807K(613440K), 0.0200957 secs] 613325K->66399K(2029056K), 0.0202032 secs] [Times: user=0.13 sys=0.00, real=0.02 secs] 
2020-09-29T18:17:32.612+0200: 74.172: [GC (Allocation Failure) 2020-09-29T18:17:32.612+0200: 74.172: [ParNew: 594151K->46765K(613440K), 0.0192094 secs] 611743K->64357K(2029056K), 0.0192770 secs] [Times: user=0.23 sys=0.00, real=0.02 secs] 
2020-09-29T18:17:32.680+0200: 74.240: [GC (Allocation Failure) 2020-09-29T18:17:32.680+0200: 74.240: [ParNew: 592109K->38930K(613440K), 0.0186427 secs] 609701K->56521K(2029056K), 0.0187184 secs] [Times: user=0.13 sys=0.00, real=0.02 secs] 
2020-09-29T18:17:32.746+0200: 74.306: [GC (Allocation Failure) 2020-09-29T18:17:32.746+0200: 74.306: [ParNew: 584274K->41657K(613440K), 0.0175537 secs] 601865K->59248K(2029056K), 0.0176195 secs] [Times: user=0.13 sys=0.00, real=0.02 secs] 
2020-09-29T18:17:32.811+0200: 74.371: [GC (Allocation Failure) 2020-09-29T18:17:32.811+0200: 74.371: [ParNew: 587001K->62486K(613440K), 0.0216184 secs] 604592K->80077K(2029056K), 0.0216761 secs] [Times: user=0.25 sys=0.00, real=0.02 secs] 
2020-09-29T18:17:32.879+0200: 74.439: [GC (Allocation Failure) 2020-09-29T18:17:32.879+0200: 74.440: [ParNew: 607830K->41238K(613440K), 0.0153509 secs] 625421K->58830K(2029056K), 0.0154201 secs] [Times: user=0.13 sys=0.00, real=0.02 secs] 
2020-09-29T18:17:32.941+0200: 74.501: [GC (Allocation Failure) 2020-09-29T18:17:32.941+0200: 74.501: [ParNew: 586582K->62266K(613440K), 0.0200578 secs] 604174K->79857K(2029056K), 0.0201520 secs] [Times: user=0.25 sys=0.00, real=0.02 secs] 
2020-09-29T18:17:33.008+0200: 74.568: [GC (Allocation Failure) 2020-09-29T18:17:33.008+0200: 74.568: [ParNew: 607610K->68096K(613440K), 0.0249495 secs] 625201K->86459K(2029056K), 0.0250070 secs] [Times: user=0.13 sys=0.00, real=0.03 secs] 
2020-09-29T18:17:33.081+0200: 74.641: [GC (Allocation Failure) 2020-09-29T18:17:33.081+0200: 74.641: [ParNew: 613440K->53006K(613440K), 0.0198153 secs] 631803K->71369K(2029056K), 0.0198715 secs] [Times: user=0.25 sys=0.00, real=0.02 secs] 
2020-09-29T18:17:33.150+0200: 74.710: [GC (Allocation Failure) 2020-09-29T18:17:33.150+0200: 74.710: [ParNew: 598350K->40017K(613440K), 0.0115681 secs] 616713K->58380K(2029056K), 0.0116229 secs] [Times: user=0.13 sys=0.00, real=0.01 secs] 
2020-09-29T18:17:33.213+0200: 74.773: [GC (Allocation Failure) 2020-09-29T18:17:33.213+0200: 74.773: [ParNew: 585361K->51855K(613440K), 0.0216954 secs] 603724K->70218K(2029056K), 0.0217648 secs] [Times: user=0.13 sys=0.00, real=0.02 secs] 
2020-09-29T18:17:33.286+0200: 74.846: [GC (Allocation Failure) 2020-09-29T18:17:33.286+0200: 74.846: [ParNew: 597199K->68096K(613440K), 0.0211899 secs] 615562K->86459K(2029056K), 0.0212560 secs] [Times: user=0.13 sys=0.00, real=0.02 secs] 
2020-09-29T18:17:33.355+0200: 74.915: [GC (Allocation Failure) 2020-09-29T18:17:33.355+0200: 74.915: [ParNew: 613440K->24967K(613440K), 0.0153111 secs] 631803K->43330K(2029056K), 0.0153860 secs] [Times: user=0.13 sys=0.00, real=0.02 secs] 
2020-09-29T18:17:33.418+0200: 74.978: [GC (Allocation Failure) 2020-09-29T18:17:33.418+0200: 74.978: [ParNew: 570311K->51236K(613440K), 0.0181285 secs] 588674K->69600K(2029056K), 0.0181896 secs] [Times: user=0.13 sys=0.00, real=0.02 secs] 
2020-09-29T18:17:33.486+0200: 75.046: [GC (Allocation Failure) 2020-09-29T18:17:33.486+0200: 75.046: [ParNew: 596580K->33416K(613440K), 0.0127415 secs] 614944K->51780K(2029056K), 0.0128085 secs] [Times: user=0.13 sys=0.00, real=0.01 secs] 
2020-09-29T18:17:33.546+0200: 75.106: [GC (Allocation Failure) 2020-09-29T18:17:33.546+0200: 75.107: [ParNew: 578760K->47242K(613440K), 0.0212586 secs] 597124K->65606K(2029056K), 0.0213392 secs] [Times: user=0.25 sys=0.00, real=0.02 secs] 
2020-09-29T18:17:33.621+0200: 75.181: [GC (Allocation Failure) 2020-09-29T18:17:33.621+0200: 75.181: [ParNew: 592586K->39186K(613440K), 0.0164012 secs] 610950K->57549K(2029056K), 0.0164773 secs] [Times: user=0.13 sys=0.00, real=0.02 secs] 
2020-09-29T18:17:33.685+0200: 75.245: [GC (Allocation Failure) 2020-09-29T18:17:33.685+0200: 75.245: [ParNew: 584530K->54863K(613440K), 0.0211629 secs] 602893K->73226K(2029056K), 0.0212278 secs] [Times: user=0.13 sys=0.00, real=0.02 secs] 
2020-09-29T18:17:33.753+0200: 75.313: [GC (Allocation Failure) 2020-09-29T18:17:33.753+0200: 75.313: [ParNew: 600207K->68096K(613440K), 0.0247224 secs] 618570K->86459K(2029056K), 0.0247881 secs] [Times: user=0.24 sys=0.00, real=0.03 secs] 
2020-09-29T18:17:33.825+0200: 75.385: [GC (Allocation Failure) 2020-09-29T18:17:33.825+0200: 75.385: [ParNew: 613440K->60081K(613440K), 0.0235728 secs] 631803K->78444K(2029056K), 0.0236363 secs] [Times: user=0.24 sys=0.00, real=0.02 secs] 
2020-09-29T18:17:33.895+0200: 75.455: [GC (Allocation Failure) 2020-09-29T18:17:33.895+0200: 75.455: [ParNew: 605425K->50846K(613440K), 0.0182713 secs] 623788K->69210K(2029056K), 0.0183384 secs] [Times: user=0.13 sys=0.00, real=0.02 secs] 
2020-09-29T18:17:33.960+0200: 75.520: [GC (Allocation Failure) 2020-09-29T18:17:33.960+0200: 75.520: [ParNew: 596190K->68096K(613440K), 0.0228402 secs] 614554K->86734K(2029056K), 0.0228929 secs] [Times: user=0.13 sys=0.00, real=0.02 secs] 
2020-09-29T18:17:34.031+0200: 75.591: [GC (Allocation Failure) 2020-09-29T18:17:34.031+0200: 75.591: [ParNew: 613440K->51997K(613440K), 0.0219665 secs] 632078K->70635K(2029056K), 0.0220702 secs] [Times: user=0.25 sys=0.00, real=0.02 secs] 
2020-09-29T18:17:34.101+0200: 75.661: [GC (Allocation Failure) 2020-09-29T18:17:34.101+0200: 75.661: [ParNew: 597341K->48121K(613440K), 0.0222799 secs] 615979K->66759K(2029056K), 0.0223411 secs] [Times: user=0.13 sys=0.00, real=0.02 secs] 
2020-09-29T18:17:34.173+0200: 75.733: [GC (Allocation Failure) 2020-09-29T18:17:34.173+0200: 75.733: [ParNew: 593465K->47760K(613440K), 0.0220233 secs] 612103K->66398K(2029056K), 0.0220919 secs] [Times: user=0.24 sys=0.00, real=0.02 secs] 
2020-09-29T18:17:34.243+0200: 75.803: [GC (Allocation Failure) 2020-09-29T18:17:34.243+0200: 75.803: [ParNew: 593104K->44873K(613440K), 0.0203838 secs] 611742K->63511K(2029056K), 0.0204371 secs] [Times: user=0.13 sys=0.00, real=0.02 secs] 
2020-09-29T18:17:34.312+0200: 75.872: [GC (Allocation Failure) 2020-09-29T18:17:34.312+0200: 75.872: [ParNew: 590217K->44233K(613440K), 0.0205245 secs] 608855K->62872K(2029056K), 0.0205929 secs] [Times: user=0.25 sys=0.00, real=0.02 secs] 
2020-09-29T18:17:34.380+0200: 75.940: [GC (Allocation Failure) 2020-09-29T18:17:34.380+0200: 75.940: [ParNew: 589577K->68096K(613440K), 0.0254658 secs] 608216K->87390K(2029056K), 0.0255432 secs] [Times: user=0.13 sys=0.00, real=0.02 secs] 
2020-09-29T18:17:34.452+0200: 76.012: [GC (Allocation Failure) 2020-09-29T18:17:34.452+0200: 76.013: [ParNew: 613440K->44805K(613440K), 0.0114148 secs] 632734K->64099K(2029056K), 0.0114703 secs] [Times: user=0.13 sys=0.00, real=0.01 secs] 
2020-09-29T18:17:34.515+0200: 76.075: [GC (Allocation Failure) 2020-09-29T18:17:34.515+0200: 76.075: [ParNew: 590149K->49640K(613440K), 0.0216319 secs] 609443K->68934K(2029056K), 0.0216873 secs] [Times: user=0.25 sys=0.00, real=0.02 secs] 
2020-09-29T18:17:34.585+0200: 76.145: [GC (Allocation Failure) 2020-09-29T18:17:34.585+0200: 76.145: [ParNew: 594984K->64790K(613440K), 0.0209424 secs] 614278K->84084K(2029056K), 0.0210013 secs] [Times: user=0.13 sys=0.00, real=0.02 secs] 
2020-09-29T18:17:34.660+0200: 76.220: [GC (Allocation Failure) 2020-09-29T18:17:34.660+0200: 76.220: [ParNew: 610134K->49558K(613440K), 0.0209394 secs] 629428K->68853K(2029056K), 0.0210049 secs] [Times: user=0.24 sys=0.00, real=0.02 secs] 
2020-09-29T18:17:34.728+0200: 76.288: [GC (Allocation Failure) 2020-09-29T18:17:34.728+0200: 76.288: [ParNew: 594902K->51370K(613440K), 0.0196054 secs] 614197K->70664K(2029056K), 0.0196616 secs] [Times: user=0.13 sys=0.00, real=0.02 secs] 
2020-09-29T18:17:34.799+0200: 76.359: [GC (Allocation Failure) 2020-09-29T18:17:34.799+0200: 76.359: [ParNew: 596714K->47883K(613440K), 0.0194852 secs] 616008K->67177K(2029056K), 0.0195437 secs] [Times: user=0.25 sys=0.00, real=0.02 secs] 
2020-09-29T18:17:34.867+0200: 76.427: [GC (Allocation Failure) 2020-09-29T18:17:34.867+0200: 76.427: [ParNew: 593227K->46836K(613440K), 0.0191287 secs] 612521K->66130K(2029056K), 0.0191995 secs] [Times: user=0.13 sys=0.00, real=0.02 secs] 
2020-09-29T18:17:34.934+0200: 76.494: [GC (Allocation Failure) 2020-09-29T18:17:34.937+0200: 76.497: [ParNew: 592180K->36266K(613440K), 0.0224603 secs] 611474K->55560K(2029056K), 0.0257761 secs] [Times: user=0.25 sys=0.00, real=0.03 secs] 
2020-09-29T18:17:35.011+0200: 76.571: [GC (Allocation Failure) 2020-09-29T18:17:35.011+0200: 76.571: [ParNew: 581610K->52158K(613440K), 0.0237562 secs] 600904K->71452K(2029056K), 0.0238385 secs] [Times: user=0.13 sys=0.00, real=0.02 secs] 
2020-09-29T18:17:35.085+0200: 76.646: [GC (Allocation Failure) 2020-09-29T18:17:35.085+0200: 76.646: [ParNew: 597502K->65121K(613440K), 0.0232465 secs] 616796K->84416K(2029056K), 0.0233111 secs] [Times: user=0.13 sys=0.00, real=0.02 secs] 
2020-09-29T18:17:35.161+0200: 76.721: [GC (Allocation Failure) 2020-09-29T18:17:35.161+0200: 76.721: [ParNew: 610465K->45217K(613440K), 0.0170888 secs] 629760K->64512K(2029056K), 0.0171659 secs] [Times: user=0.13 sys=0.00, real=0.02 secs] 
2020-09-29T18:17:35.226+0200: 76.787: [GC (Allocation Failure) 2020-09-29T18:17:35.226+0200: 76.787: [ParNew: 590561K->43536K(613440K), 0.0188699 secs] 609856K->62830K(2029056K), 0.0189324 secs] [Times: user=0.13 sys=0.00, real=0.02 secs] 
2020-09-29T18:17:35.294+0200: 76.854: [GC (Allocation Failure) 2020-09-29T18:17:35.294+0200: 76.854: [ParNew: 588880K->42464K(613440K), 0.0186165 secs] 608174K->61758K(2029056K), 0.0186786 secs] [Times: user=0.13 sys=0.00, real=0.02 secs] 
2020-09-29T18:17:35.362+0200: 76.922: [GC (Allocation Failure) 2020-09-29T18:17:35.362+0200: 76.922: [ParNew: 587808K->41032K(613440K), 0.0189076 secs] 607102K->60326K(2029056K), 0.0189704 secs] [Times: user=0.25 sys=0.00, real=0.02 secs] 
2020-09-29T18:17:35.429+0200: 76.990: [GC (Allocation Failure) 2020-09-29T18:17:35.430+0200: 76.990: [ParNew: 586376K->40074K(613440K), 0.0184528 secs] 605670K->59369K(2029056K), 0.0185365 secs] [Times: user=0.13 sys=0.00, real=0.02 secs] 
2020-09-29T18:17:35.497+0200: 77.057: [GC (Allocation Failure) 2020-09-29T18:17:35.497+0200: 77.057: [ParNew: 585418K->38056K(613440K), 0.0171255 secs] 604713K->57351K(2029056K), 0.0172018 secs] [Times: user=0.13 sys=0.00, real=0.02 secs] 
2020-09-29T18:17:35.565+0200: 77.126: [GC (Allocation Failure) 2020-09-29T18:17:35.565+0200: 77.126: [ParNew: 583400K->34557K(613440K), 0.0154422 secs] 602695K->53852K(2029056K), 0.0155280 secs] [Times: user=0.13 sys=0.00, real=0.02 secs] 
2020-09-29T18:17:35.630+0200: 77.190: [GC (Allocation Failure) 2020-09-29T18:17:35.630+0200: 77.190: [ParNew: 579901K->57960K(613440K), 0.0254019 secs] 599196K->77254K(2029056K), 0.0254622 secs] [Times: user=0.13 sys=0.00, real=0.02 secs] 
2020-09-29T18:17:35.703+0200: 77.263: [GC (Allocation Failure) 2020-09-29T18:17:35.703+0200: 77.263: [ParNew: 603304K->68096K(613440K), 0.0259274 secs] 622598K->87457K(2029056K), 0.0260003 secs] [Times: user=0.25 sys=0.00, real=0.03 secs] 
2020-09-29T18:17:35.776+0200: 77.336: [GC (Allocation Failure) 2020-09-29T18:17:35.776+0200: 77.336: [ParNew: 613440K->47847K(613440K), 0.0142177 secs] 632801K->67209K(2029056K), 0.0143100 secs] [Times: user=0.13 sys=0.00, real=0.01 secs] 
2020-09-29T18:17:35.836+0200: 77.396: [GC (Allocation Failure) 2020-09-29T18:17:35.836+0200: 77.396: [ParNew: 593191K->63033K(613440K), 0.0233163 secs] 612553K->82395K(2029056K), 0.0233759 secs] [Times: user=0.13 sys=0.00, real=0.02 secs] 
2020-09-29T18:17:35.907+0200: 77.467: [GC (Allocation Failure) 2020-09-29T18:17:35.907+0200: 77.467: [ParNew: 608377K->47249K(613440K), 0.0175900 secs] 627739K->66611K(2029056K), 0.0176459 secs] [Times: user=0.13 sys=0.00, real=0.02 secs] 
2020-09-29T18:17:35.972+0200: 77.532: [GC (Allocation Failure) 2020-09-29T18:17:35.972+0200: 77.532: [ParNew: 592593K->65623K(613440K), 0.0213253 secs] 611955K->84984K(2029056K), 0.0213854 secs] [Times: user=0.25 sys=0.00, real=0.02 secs] 
2020-09-29T18:17:36.041+0200: 77.602: [GC (Allocation Failure) 2020-09-29T18:17:36.041+0200: 77.602: [ParNew: 610967K->43114K(613440K), 0.0157946 secs] 630328K->62476K(2029056K), 0.0158504 secs] [Times: user=0.13 sys=0.00, real=0.02 secs] 
2020-09-29T18:17:36.108+0200: 77.668: [GC (Allocation Failure) 2020-09-29T18:17:36.108+0200: 77.668: [ParNew: 588458K->61241K(613440K), 0.0208880 secs] 607820K->80603K(2029056K), 0.0209423 secs] [Times: user=0.14 sys=0.00, real=0.02 secs] 
2020-09-29T18:17:36.178+0200: 77.738: [GC (Allocation Failure) 2020-09-29T18:17:36.178+0200: 77.738: [ParNew: 606585K->42606K(613440K), 0.0142134 secs] 625947K->61968K(2029056K), 0.0143405 secs] [Times: user=0.13 sys=0.00, real=0.01 secs] 
2020-09-29T18:17:36.243+0200: 77.803: [GC (Allocation Failure) 2020-09-29T18:17:36.243+0200: 77.803: [ParNew: 587950K->40963K(613440K), 0.0185780 secs] 607312K->60325K(2029056K), 0.0186485 secs] [Times: user=0.13 sys=0.00, real=0.02 secs] 
2020-09-29T18:17:36.311+0200: 77.871: [GC (Allocation Failure) 2020-09-29T18:17:36.311+0200: 77.871: [ParNew: 586307K->37745K(613440K), 0.0165963 secs] 605669K->57107K(2029056K), 0.0169948 secs] [Times: user=0.13 sys=0.00, real=0.02 secs] 
2020-09-29T18:17:36.377+0200: 77.938: [GC (Allocation Failure) 2020-09-29T18:17:36.377+0200: 77.938: [ParNew: 583089K->30410K(613440K), 0.0097062 secs] 602451K->49771K(2029056K), 0.0097763 secs] [Times: user=0.13 sys=0.00, real=0.01 secs] 
2020-09-29T18:17:36.435+0200: 77.995: [GC (Allocation Failure) 2020-09-29T18:17:36.435+0200: 77.995: [ParNew: 575754K->41770K(613440K), 0.0207714 secs] 595115K->61132K(2029056K), 0.0208498 secs] [Times: user=0.13 sys=0.00, real=0.02 secs] 
2020-09-29T18:17:36.504+0200: 78.064: [GC (Allocation Failure) 2020-09-29T18:17:36.504+0200: 78.064: [ParNew: 587114K->40426K(613440K), 0.0135284 secs] 606476K->59788K(2029056K), 0.0135907 secs] [Times: user=0.00 sys=0.00, real=0.01 secs] 
2020-09-29T18:17:36.567+0200: 78.127: [GC (Allocation Failure) 2020-09-29T18:17:36.567+0200: 78.127: [ParNew: 585770K->30974K(613440K), 0.0144235 secs] 605132K->50336K(2029056K), 0.0145218 secs] [Times: user=0.00 sys=0.00, real=0.01 secs] 
2020-09-29T18:17:36.638+0200: 78.198: [GC (Allocation Failure) 2020-09-29T18:17:36.638+0200: 78.198: [ParNew: 576318K->44117K(613440K), 0.0170973 secs] 595680K->63479K(2029056K), 0.0171509 secs] [Times: user=0.13 sys=0.00, real=0.02 secs] 
2020-09-29T18:17:36.705+0200: 78.265: [GC (Allocation Failure) 2020-09-29T18:17:36.705+0200: 78.265: [ParNew: 589461K->38758K(613440K), 0.0126582 secs] 608823K->58120K(2029056K), 0.0127438 secs] [Times: user=0.13 sys=0.00, real=0.01 secs] 
2020-09-29T18:17:36.764+0200: 78.324: [GC (Allocation Failure) 2020-09-29T18:17:36.764+0200: 78.324: [ParNew: 584102K->49332K(613440K), 0.0215614 secs] 603464K->68694K(2029056K), 0.0216541 secs] [Times: user=0.25 sys=0.00, real=0.02 secs] 
2020-09-29T18:17:36.833+0200: 78.393: [GC (Allocation Failure) 2020-09-29T18:17:36.833+0200: 78.393: [ParNew: 594676K->41139K(613440K), 0.0144215 secs] 614038K->60501K(2029056K), 0.0144757 secs] [Times: user=0.00 sys=0.00, real=0.01 secs] 
2020-09-29T18:17:36.897+0200: 78.458: [GC (Allocation Failure) 2020-09-29T18:17:36.897+0200: 78.458: [ParNew: 586483K->56970K(613440K), 0.0193138 secs] 605845K->76332K(2029056K), 0.0193780 secs] [Times: user=0.13 sys=0.00, real=0.02 secs] 
2020-09-29T18:17:36.964+0200: 78.524: [GC (Allocation Failure) 2020-09-29T18:17:36.964+0200: 78.524: [ParNew: 602314K->37993K(613440K), 0.0129447 secs] 621676K->57355K(2029056K), 0.0130010 secs] [Times: user=0.13 sys=0.00, real=0.01 secs] 
2020-09-29T18:17:37.030+0200: 78.590: [GC (Allocation Failure) 2020-09-29T18:17:37.030+0200: 78.590: [ParNew: 583337K->38874K(613440K), 0.0179519 secs] 602699K->58236K(2029056K), 0.0180101 secs] [Times: user=0.13 sys=0.00, real=0.02 secs] 
2020-09-29T18:17:37.094+0200: 78.655: [GC (Allocation Failure) 2020-09-29T18:17:37.094+0200: 78.655: [ParNew: 584218K->51561K(613440K), 0.0172079 secs] 603580K->70923K(2029056K), 0.0172644 secs] [Times: user=0.13 sys=0.00, real=0.02 secs] 
2020-09-29T18:17:37.159+0200: 78.719: [GC (Allocation Failure) 2020-09-29T18:17:37.159+0200: 78.719: [ParNew: 596905K->58987K(613440K), 0.0222385 secs] 616267K->78349K(2029056K), 0.0222957 secs] [Times: user=0.25 sys=0.00, real=0.02 secs] 
2020-09-29T18:17:37.230+0200: 78.790: [GC (Allocation Failure) 2020-09-29T18:17:37.230+0200: 78.790: [ParNew: 604331K->49050K(613440K), 0.0223026 secs] 623693K->68412K(2029056K), 0.0223727 secs] [Times: user=0.13 sys=0.00, real=0.02 secs] 
2020-09-29T18:17:37.301+0200: 78.861: [GC (Allocation Failure) 2020-09-29T18:17:37.302+0200: 78.861: [ParNew: 594394K->50798K(613440K), 0.0197857 secs] 613756K->70160K(2029056K), 0.0198645 secs] [Times: user=0.13 sys=0.02, real=0.02 secs] 
2020-09-29T18:17:37.375+0200: 78.934: [GC (Allocation Failure) 2020-09-29T18:17:37.375+0200: 78.934: [ParNew: 596142K->68096K(613440K), 0.0256606 secs] 615504K->88796K(2029056K), 0.0257136 secs] [Times: user=0.25 sys=0.00, real=0.03 secs] 
2020-09-29T18:17:37.448+0200: 79.007: [GC (Allocation Failure) 2020-09-29T18:17:37.448+0200: 79.007: [ParNew: 613440K->49364K(613440K), 0.0198962 secs] 634140K->70064K(2029056K), 0.0199573 secs] [Times: user=0.13 sys=0.00, real=0.02 secs] 
2020-09-29T18:17:37.514+0200: 79.073: [GC (Allocation Failure) 2020-09-29T18:17:37.514+0200: 79.073: [ParNew: 594708K->40588K(613440K), 0.0109490 secs] 615408K->61288K(2029056K), 0.0110120 secs] [Times: user=0.13 sys=0.00, real=0.01 secs] 
2020-09-29T18:17:37.575+0200: 79.135: [GC (Allocation Failure) 2020-09-29T18:17:37.576+0200: 79.135: [ParNew: 585932K->31200K(613440K), 0.0163684 secs] 606632K->51901K(2029056K), 0.0164399 secs] [Times: user=0.13 sys=0.00, real=0.02 secs] 
2020-09-29T18:17:37.644+0200: 79.204: [GC (Allocation Failure) 2020-09-29T18:17:37.644+0200: 79.204: [ParNew: 576544K->28808K(613440K), 0.0151334 secs] 597245K->49509K(2029056K), 0.0224126 secs] [Times: user=0.13 sys=0.00, real=0.02 secs] 
2020-09-29T18:17:37.717+0200: 79.276: [GC (Allocation Failure) 2020-09-29T18:17:37.717+0200: 79.276: [ParNew: 574152K->31639K(613440K), 0.0144276 secs] 594853K->52339K(2029056K), 0.0145023 secs] [Times: user=0.13 sys=0.00, real=0.01 secs] 
2020-09-29T18:17:37.782+0200: 79.341: [GC (Allocation Failure) 2020-09-29T18:17:37.782+0200: 79.341: [ParNew: 576983K->49305K(613440K), 0.0185580 secs] 597683K->70006K(2029056K), 0.0186155 secs] [Times: user=0.13 sys=0.00, real=0.02 secs] 
2020-09-29T18:17:37.848+0200: 79.407: [GC (Allocation Failure) 2020-09-29T18:17:37.848+0200: 79.407: [ParNew: 594649K->32739K(613440K), 0.0112629 secs] 615350K->53439K(2029056K), 0.0113213 secs] [Times: user=0.13 sys=0.00, real=0.01 secs] 
2020-09-29T18:17:37.911+0200: 79.471: [GC (Allocation Failure) 2020-09-29T18:17:37.911+0200: 79.471: [ParNew: 578083K->18244K(613440K), 0.0111852 secs] 598783K->38944K(2029056K), 0.0112474 secs] [Times: user=0.00 sys=0.00, real=0.01 secs] 
2020-09-29T18:17:37.973+0200: 79.533: [GC (Allocation Failure) 2020-09-29T18:17:37.973+0200: 79.533: [ParNew: 563588K->33648K(613440K), 0.0153955 secs] 584288K->54348K(2029056K), 0.0154649 secs] [Times: user=0.14 sys=0.02, real=0.02 secs] 
2020-09-29T18:17:38.039+0200: 79.599: [GC (Allocation Failure) 2020-09-29T18:17:38.039+0200: 79.599: [ParNew: 578992K->46066K(613440K), 0.0203609 secs] 599692K->66766K(2029056K), 0.0204266 secs] [Times: user=0.13 sys=0.00, real=0.02 secs] 
2020-09-29T18:17:38.107+0200: 79.666: [GC (Allocation Failure) 2020-09-29T18:17:38.107+0200: 79.666: [ParNew: 591410K->33214K(613440K), 0.0063062 secs] 612110K->53914K(2029056K), 0.0063898 secs] [Times: user=0.00 sys=0.00, real=0.01 secs] 
2020-09-29T18:17:38.173+0200: 79.733: [GC (Allocation Failure) 2020-09-29T18:17:38.174+0200: 79.733: [ParNew: 578558K->38437K(613440K), 0.0183622 secs] 599258K->59137K(2029056K), 0.0184416 secs] [Times: user=0.13 sys=0.00, real=0.02 secs] 
2020-09-29T18:17:38.239+0200: 79.798: [GC (Allocation Failure) 2020-09-29T18:17:38.239+0200: 79.798: [ParNew: 583781K->31474K(613440K), 0.0092715 secs] 604481K->52174K(2029056K), 0.0093284 secs] [Times: user=0.00 sys=0.00, real=0.01 secs] 
2020-09-29T18:17:38.301+0200: 79.861: [GC (Allocation Failure) 2020-09-29T18:17:38.301+0200: 79.861: [ParNew: 576818K->28431K(613440K), 0.0150246 secs] 597518K->49131K(2029056K), 0.0150795 secs] [Times: user=0.13 sys=0.00, real=0.01 secs] 
2020-09-29T18:17:38.366+0200: 79.925: [GC (Allocation Failure) 2020-09-29T18:17:38.366+0200: 79.925: [ParNew: 573775K->43236K(613440K), 0.0196022 secs] 594475K->63937K(2029056K), 0.0196868 secs] [Times: user=0.13 sys=0.00, real=0.02 secs] 
2020-09-29T18:17:38.433+0200: 79.992: [GC (Allocation Failure) 2020-09-29T18:17:38.433+0200: 79.992: [ParNew: 588580K->60863K(613440K), 0.0192804 secs] 609281K->81563K(2029056K), 0.0193419 secs] [Times: user=0.13 sys=0.00, real=0.02 secs] 
2020-09-29T18:17:38.503+0200: 80.062: [GC (Allocation Failure) 2020-09-29T18:17:38.503+0200: 80.062: [ParNew: 606207K->46966K(613440K), 0.0167032 secs] 626907K->67667K(2029056K), 0.0167724 secs] [Times: user=0.13 sys=0.00, real=0.02 secs] 
2020-09-29T18:17:38.570+0200: 80.130: [GC (Allocation Failure) 2020-09-29T18:17:38.570+0200: 80.130: [ParNew: 592310K->29431K(613440K), 0.0122009 secs] 613011K->50131K(2029056K), 0.0122768 secs] [Times: user=0.02 sys=0.00, real=0.01 secs] 
2020-09-29T18:17:38.636+0200: 80.196: [GC (Allocation Failure) 2020-09-29T18:17:38.636+0200: 80.196: [ParNew: 574775K->63537K(613440K), 0.0257800 secs] 595475K->84238K(2029056K), 0.0258500 secs] [Times: user=0.25 sys=0.00, real=0.03 secs] 
2020-09-29T18:17:38.710+0200: 80.269: [GC (Allocation Failure) 2020-09-29T18:17:38.710+0200: 80.269: [ParNew: 608881K->45081K(613440K), 0.0147657 secs] 629582K->65781K(2029056K), 0.0148490 secs] [Times: user=0.13 sys=0.00, real=0.01 secs] 
2020-09-29T18:17:38.782+0200: 80.341: [GC (Allocation Failure) 2020-09-29T18:17:38.782+0200: 80.341: [ParNew: 590425K->42927K(613440K), 0.0186851 secs] 611125K->63627K(2029056K), 0.0187423 secs] [Times: user=0.13 sys=0.00, real=0.02 secs] 
2020-09-29T18:17:38.847+0200: 80.407: [GC (Allocation Failure) 2020-09-29T18:17:38.847+0200: 80.407: [ParNew: 588271K->40705K(613440K), 0.0174950 secs] 608971K->61405K(2029056K), 0.0175538 secs] [Times: user=0.25 sys=0.00, real=0.02 secs] 
2020-09-29T18:17:38.914+0200: 80.474: [GC (Allocation Failure) 2020-09-29T18:17:38.914+0200: 80.474: [ParNew: 586049K->42810K(613440K), 0.0169036 secs] 606749K->63510K(2029056K), 0.0169612 secs] [Times: user=0.13 sys=0.00, real=0.02 secs] 
2020-09-29T18:17:38.980+0200: 80.539: [GC (Allocation Failure) 2020-09-29T18:17:38.980+0200: 80.539: [ParNew: 588154K->63516K(613440K), 0.0225557 secs] 608854K->84216K(2029056K), 0.0226226 secs] [Times: user=0.13 sys=0.00, real=0.02 secs] 
2020-09-29T18:17:39.052+0200: 80.612: [GC (Allocation Failure) 2020-09-29T18:17:39.052+0200: 80.612: [ParNew: 608860K->48312K(613440K), 0.0164707 secs] 629560K->69013K(2029056K), 0.0165270 secs] [Times: user=0.13 sys=0.00, real=0.02 secs] 
2020-09-29T18:17:39.115+0200: 80.675: [GC (Allocation Failure) 2020-09-29T18:17:39.115+0200: 80.675: [ParNew: 593656K->47633K(613440K), 0.0197308 secs] 614357K->68334K(2029056K), 0.0198047 secs] [Times: user=0.13 sys=0.00, real=0.02 secs] 
2020-09-29T18:17:39.186+0200: 80.745: [GC (Allocation Failure) 2020-09-29T18:17:39.186+0200: 80.745: [ParNew: 592977K->61489K(613440K), 0.0191843 secs] 613678K->82190K(2029056K), 0.0192402 secs] [Times: user=0.13 sys=0.00, real=0.02 secs] 
2020-09-29T18:17:39.254+0200: 80.814: [GC (Allocation Failure) 2020-09-29T18:17:39.254+0200: 80.814: [ParNew: 606833K->47137K(613440K), 0.0180715 secs] 627534K->67837K(2029056K), 0.0181289 secs] [Times: user=0.25 sys=0.00, real=0.02 secs] 
2020-09-29T18:17:39.324+0200: 80.884: [GC (Allocation Failure) 2020-09-29T18:17:39.324+0200: 80.884: [ParNew: 592481K->62205K(613440K), 0.0245695 secs] 613181K->82905K(2029056K), 0.0246492 secs] [Times: user=0.25 sys=0.00, real=0.03 secs] 
2020-09-29T18:17:39.397+0200: 80.957: [GC (Allocation Failure) 2020-09-29T18:17:39.397+0200: 80.957: [ParNew: 607549K->45141K(613440K), 0.0151050 secs] 628249K->65842K(2029056K), 0.0151608 secs] [Times: user=0.13 sys=0.00, real=0.01 secs] 
2020-09-29T18:17:39.461+0200: 81.021: [GC (Allocation Failure) 2020-09-29T18:17:39.461+0200: 81.021: [ParNew: 590485K->59307K(613440K), 0.0204761 secs] 611186K->80007K(2029056K), 0.0205318 secs] [Times: user=0.13 sys=0.00, real=0.02 secs] 
2020-09-29T18:17:39.530+0200: 81.090: [GC (Allocation Failure) 2020-09-29T18:17:39.530+0200: 81.090: [ParNew: 604651K->46761K(613440K), 0.0201383 secs] 625351K->67461K(2029056K), 0.0201985 secs] [Times: user=0.13 sys=0.00, real=0.02 secs] 
2020-09-29T18:17:39.599+0200: 81.159: [GC (Allocation Failure) 2020-09-29T18:17:39.599+0200: 81.159: [ParNew: 592105K->44076K(613440K), 0.0153585 secs] 612805K->64776K(2029056K), 0.0154207 secs] [Times: user=0.13 sys=0.00, real=0.02 secs] 
2020-09-29T18:17:39.664+0200: 81.224: [GC (Allocation Failure) 2020-09-29T18:17:39.664+0200: 81.224: [ParNew: 589420K->21894K(613440K), 0.0134047 secs] 610120K->42595K(2029056K), 0.0134598 secs] [Times: user=0.13 sys=0.00, real=0.01 secs] 
2020-09-29T18:17:39.724+0200: 81.284: [GC (Allocation Failure) 2020-09-29T18:17:39.724+0200: 81.284: [ParNew: 567238K->22366K(613440K), 0.0119012 secs] 587939K->43067K(2029056K), 0.0119584 secs] [Times: user=0.00 sys=0.00, real=0.01 secs] 
2020-09-29T18:17:39.790+0200: 81.350: [GC (Allocation Failure) 2020-09-29T18:17:39.790+0200: 81.350: [ParNew: 567710K->54609K(613440K), 0.0215211 secs] 588411K->75309K(2029056K), 0.0215816 secs] [Times: user=0.13 sys=0.00, real=0.02 secs] 
2020-09-29T18:17:39.858+0200: 81.418: [GC (Allocation Failure) 2020-09-29T18:17:39.858+0200: 81.418: [ParNew: 599953K->39580K(613440K), 0.0146526 secs] 620653K->60280K(2029056K), 0.0147091 secs] [Times: user=0.13 sys=0.00, real=0.01 secs] 
2020-09-29T18:17:39.922+0200: 81.481: [GC (Allocation Failure) 2020-09-29T18:17:39.922+0200: 81.481: [ParNew: 584924K->31667K(613440K), 0.0151202 secs] 605624K->52367K(2029056K), 0.0151801 secs] [Times: user=0.13 sys=0.00, real=0.02 secs] 
2020-09-29T18:17:39.991+0200: 81.550: [GC (Allocation Failure) 2020-09-29T18:17:39.991+0200: 81.550: [ParNew: 577011K->52783K(613440K), 0.0188344 secs] 597711K->73483K(2029056K), 0.0188977 secs] [Times: user=0.13 sys=0.00, real=0.02 secs] 
2020-09-29T18:17:40.059+0200: 81.618: [GC (Allocation Failure) 2020-09-29T18:17:40.059+0200: 81.618: [ParNew: 598127K->36820K(613440K), 0.0183482 secs] 618827K->57520K(2029056K), 0.0184084 secs] [Times: user=0.13 sys=0.00, real=0.02 secs] 
2020-09-29T18:17:40.127+0200: 81.687: [GC (Allocation Failure) 2020-09-29T18:17:40.127+0200: 81.687: [ParNew: 582164K->39224K(613440K), 0.0163839 secs] 602864K->59925K(2029056K), 0.0164367 secs] [Times: user=0.13 sys=0.00, real=0.02 secs] 
2020-09-29T18:17:40.193+0200: 81.753: [GC (Allocation Failure) 2020-09-29T18:17:40.193+0200: 81.753: [ParNew: 584568K->37576K(613440K), 0.0155453 secs] 605269K->58277K(2029056K), 0.0156060 secs] [Times: user=0.13 sys=0.00, real=0.02 secs] 
2020-09-29T18:17:40.259+0200: 81.819: [GC (Allocation Failure) 2020-09-29T18:17:40.259+0200: 81.819: [ParNew: 582920K->37016K(613440K), 0.0156639 secs] 603621K->57716K(2029056K), 0.0157410 secs] [Times: user=0.13 sys=0.00, real=0.02 secs] 
2020-09-29T18:17:40.324+0200: 81.884: [GC (Allocation Failure) 2020-09-29T18:17:40.324+0200: 81.884: [ParNew: 582360K->34024K(613440K), 0.0136725 secs] 603060K->54724K(2029056K), 0.0137355 secs] [Times: user=0.13 sys=0.00, real=0.01 secs] 
2020-09-29T18:17:40.389+0200: 81.949: [GC (Allocation Failure) 2020-09-29T18:17:40.389+0200: 81.949: [ParNew: 579368K->65418K(613440K), 0.0242528 secs] 600068K->86118K(2029056K), 0.0312917 secs] [Times: user=0.25 sys=0.00, real=0.03 secs] 
2020-09-29T18:17:40.467+0200: 82.027: [GC (Allocation Failure) 2020-09-29T18:17:40.467+0200: 82.027: [ParNew: 610762K->55622K(613440K), 0.0182367 secs] 631462K->76323K(2029056K), 0.0182970 secs] [Times: user=0.13 sys=0.00, real=0.02 secs] 
2020-09-29T18:17:40.534+0200: 82.094: [GC (Allocation Failure) 2020-09-29T18:17:40.534+0200: 82.094: [ParNew: 600966K->37191K(613440K), 0.0122325 secs] 621667K->57892K(2029056K), 0.0122863 secs] [Times: user=0.13 sys=0.00, real=0.01 secs] 
2020-09-29T18:17:40.599+0200: 82.159: [GC (Allocation Failure) 2020-09-29T18:17:40.599+0200: 82.159: [ParNew: 582535K->37675K(613440K), 0.0183244 secs] 603236K->58376K(2029056K), 0.0183792 secs] [Times: user=0.11 sys=0.00, real=0.02 secs] 
2020-09-29T18:17:40.667+0200: 82.227: [GC (Allocation Failure) 2020-09-29T18:17:40.667+0200: 82.227: [ParNew: 583019K->51284K(613440K), 0.0167998 secs] 603720K->71985K(2029056K), 0.0168868 secs] [Times: user=0.13 sys=0.00, real=0.02 secs] 
2020-09-29T18:17:40.737+0200: 82.296: [GC (Allocation Failure) 2020-09-29T18:17:40.737+0200: 82.296: [ParNew: 596628K->40010K(613440K), 0.0150585 secs] 617329K->60711K(2029056K), 0.0151571 secs] [Times: user=0.13 sys=0.00, real=0.02 secs] 
2020-09-29T18:17:40.805+0200: 82.365: [GC (Allocation Failure) 2020-09-29T18:17:40.805+0200: 82.365: [ParNew: 585354K->40323K(613440K), 0.0168629 secs] 606055K->61023K(2029056K), 0.0169250 secs] [Times: user=0.13 sys=0.00, real=0.02 secs] 
2020-09-29T18:17:40.878+0200: 82.438: [GC (Allocation Failure) 2020-09-29T18:17:40.878+0200: 82.438: [ParNew: 585667K->47732K(613440K), 0.0238501 secs] 606367K->68432K(2029056K), 0.0239432 secs] [Times: user=0.25 sys=0.00, real=0.02 secs] 
2020-09-29T18:17:40.953+0200: 82.512: [GC (Allocation Failure) 2020-09-29T18:17:40.953+0200: 82.512: [ParNew: 593076K->41985K(613440K), 0.0130396 secs] 613776K->62685K(2029056K), 0.0131011 secs] [Times: user=0.13 sys=0.00, real=0.01 secs] 
2020-09-29T18:17:41.013+0200: 82.572: [GC (Allocation Failure) 2020-09-29T18:17:41.013+0200: 82.572: [ParNew: 587329K->54282K(613440K), 0.0229589 secs] 608029K->74983K(2029056K), 0.0230483 secs] [Times: user=0.13 sys=0.00, real=0.02 secs] 
2020-09-29T18:17:41.083+0200: 82.643: [GC (Allocation Failure) 2020-09-29T18:17:41.083+0200: 82.643: [ParNew: 599626K->68096K(613440K), 0.0290333 secs] 620327K->90156K(2029056K), 0.0290917 secs] [Times: user=0.13 sys=0.00, real=0.03 secs] 
2020-09-29T18:17:41.159+0200: 82.719: [GC (Allocation Failure) 2020-09-29T18:17:41.159+0200: 82.719: [ParNew: 613440K->46599K(613440K), 0.0091349 secs] 635500K->68660K(2029056K), 0.0091915 secs] [Times: user=0.11 sys=0.00, real=0.01 secs] 
2020-09-29T18:17:41.221+0200: 82.780: [GC (Allocation Failure) 2020-09-29T18:17:41.221+0200: 82.780: [ParNew: 591943K->59377K(613440K), 0.0247994 secs] 614004K->81437K(2029056K), 0.0248820 secs] [Times: user=0.25 sys=0.00, real=0.02 secs] 
2020-09-29T18:17:41.292+0200: 82.852: [GC (Allocation Failure) 2020-09-29T18:17:41.292+0200: 82.852: [ParNew: 604721K->48727K(613440K), 0.0193494 secs] 626781K->70788K(2029056K), 0.0194276 secs] [Times: user=0.13 sys=0.00, real=0.02 secs] 
2020-09-29T18:17:41.360+0200: 82.919: [GC (Allocation Failure) 2020-09-29T18:17:41.360+0200: 82.919: [ParNew: 594071K->41683K(613440K), 0.0174751 secs] 616132K->63744K(2029056K), 0.0175389 secs] [Times: user=0.13 sys=0.00, real=0.02 secs] 
2020-09-29T18:17:41.427+0200: 82.986: [GC (Allocation Failure) 2020-09-29T18:17:41.427+0200: 82.987: [ParNew: 587027K->39928K(613440K), 0.0173980 secs] 609088K->61988K(2029056K), 0.0174549 secs] [Times: user=0.13 sys=0.00, real=0.02 secs] 
2020-09-29T18:17:41.495+0200: 83.055: [GC (Allocation Failure) 2020-09-29T18:17:41.495+0200: 83.055: [ParNew: 585272K->41324K(613440K), 0.0161257 secs] 607332K->63385K(2029056K), 0.0161812 secs] [Times: user=0.13 sys=0.00, real=0.02 secs] 
2020-09-29T18:17:41.563+0200: 83.123: [GC (Allocation Failure) 2020-09-29T18:17:41.563+0200: 83.123: [ParNew: 586668K->33876K(613440K), 0.0168451 secs] 608729K->55936K(2029056K), 0.0169195 secs] [Times: user=0.11 sys=0.00, real=0.02 secs] 
2020-09-29T18:17:41.632+0200: 83.192: [GC (Allocation Failure) 2020-09-29T18:17:41.632+0200: 83.192: [ParNew: 579220K->57182K(613440K), 0.0216302 secs] 601280K->79242K(2029056K), 0.0217077 secs] [Times: user=0.13 sys=0.00, real=0.02 secs] 
2020-09-29T18:17:41.702+0200: 83.261: [GC (Allocation Failure) 2020-09-29T18:17:41.702+0200: 83.261: [ParNew: 602526K->42636K(613440K), 0.0182544 secs] 624586K->64697K(2029056K), 0.0183147 secs] [Times: user=0.13 sys=0.00, real=0.02 secs] 
2020-09-29T18:17:41.770+0200: 83.330: [GC (Allocation Failure) 2020-09-29T18:17:41.770+0200: 83.330: [ParNew: 587980K->66727K(613440K), 0.0234138 secs] 610041K->88788K(2029056K), 0.0237577 secs] [Times: user=0.13 sys=0.00, real=0.02 secs] 
2020-09-29T18:17:41.842+0200: 83.402: [GC (Allocation Failure) 2020-09-29T18:17:41.842+0200: 83.402: [ParNew: 612071K->47927K(613440K), 0.0105754 secs] 634132K->69988K(2029056K), 0.0106392 secs] [Times: user=0.13 sys=0.00, real=0.01 secs] 
2020-09-29T18:17:41.909+0200: 83.468: [GC (Allocation Failure) 2020-09-29T18:17:41.909+0200: 83.468: [ParNew: 593271K->32000K(613440K), 0.0161271 secs] 615332K->54061K(2029056K), 0.0161928 secs] [Times: user=0.13 sys=0.00, real=0.02 secs] 
2020-09-29T18:17:41.971+0200: 83.531: [GC (Allocation Failure) 2020-09-29T18:17:41.971+0200: 83.531: [ParNew: 577344K->29845K(613440K), 0.0141257 secs] 599405K->51906K(2029056K), 0.0141809 secs] [Times: user=0.13 sys=0.00, real=0.01 secs] 
2020-09-29T18:17:42.032+0200: 83.592: [GC (Allocation Failure) 2020-09-29T18:17:42.032+0200: 83.592: [ParNew: 575189K->27703K(613440K), 0.0131514 secs] 597250K->49764K(2029056K), 0.0132142 secs] [Times: user=0.13 sys=0.00, real=0.01 secs] 
2020-09-29T18:17:42.099+0200: 83.659: [GC (Allocation Failure) 2020-09-29T18:17:42.099+0200: 83.659: [ParNew: 573047K->26590K(613440K), 0.0113979 secs] 595108K->48651K(2029056K), 0.0114566 secs] [Times: user=0.00 sys=0.00, real=0.01 secs] 
2020-09-29T18:17:42.161+0200: 83.721: [GC (Allocation Failure) 2020-09-29T18:17:42.161+0200: 83.721: [ParNew: 571934K->43028K(613440K), 0.0172840 secs] 593995K->65089K(2029056K), 0.0173414 secs] [Times: user=0.13 sys=0.00, real=0.02 secs] 
2020-09-29T18:17:42.229+0200: 83.789: [GC (Allocation Failure) 2020-09-29T18:17:42.229+0200: 83.789: [ParNew: 588372K->58220K(613440K), 0.0211964 secs] 610433K->80281K(2029056K), 0.0212704 secs] [Times: user=0.13 sys=0.00, real=0.02 secs] 
2020-09-29T18:17:42.302+0200: 83.862: [GC (Allocation Failure) 2020-09-29T18:17:42.302+0200: 83.862: [ParNew: 603564K->45856K(613440K), 0.0220901 secs] 625625K->67917K(2029056K), 0.0221630 secs] [Times: user=0.13 sys=0.00, real=0.02 secs] 
2020-09-29T18:17:42.377+0200: 83.937: [GC (Allocation Failure) 2020-09-29T18:17:42.377+0200: 83.937: [ParNew: 591200K->39695K(613440K), 0.0129639 secs] 613261K->61756K(2029056K), 0.0130280 secs] [Times: user=0.13 sys=0.00, real=0.01 secs] 
2020-09-29T18:17:42.438+0200: 83.998: [GC (Allocation Failure) 2020-09-29T18:17:42.438+0200: 83.998: [ParNew: 585039K->40046K(613440K), 0.0177457 secs] 607100K->62107K(2029056K), 0.0178027 secs] [Times: user=0.13 sys=0.00, real=0.02 secs] 
2020-09-29T18:17:42.503+0200: 84.063: [GC (Allocation Failure) 2020-09-29T18:17:42.503+0200: 84.063: [ParNew: 585390K->31131K(613440K), 0.0110950 secs] 607451K->53192K(2029056K), 0.0111540 secs] [Times: user=0.13 sys=0.00, real=0.01 secs] 
2020-09-29T18:17:42.564+0200: 84.124: [GC (Allocation Failure) 2020-09-29T18:17:42.564+0200: 84.125: [ParNew: 576475K->50679K(613440K), 0.0224932 secs] 598536K->72740K(2029056K), 0.0225520 secs] [Times: user=0.23 sys=0.00, real=0.02 secs] 
2020-09-29T18:17:42.636+0200: 84.196: [GC (Allocation Failure) 2020-09-29T18:17:42.636+0200: 84.196: [ParNew: 596023K->33866K(613440K), 0.0094940 secs] 618084K->55927K(2029056K), 0.0095543 secs] [Times: user=0.13 sys=0.00, real=0.01 secs] 
2020-09-29T18:17:42.695+0200: 84.255: [GC (Allocation Failure) 2020-09-29T18:17:42.695+0200: 84.255: [ParNew: 579210K->30676K(613440K), 0.0138312 secs] 601271K->52737K(2029056K), 0.0138862 secs] [Times: user=0.13 sys=0.00, real=0.01 secs] 
2020-09-29T18:17:42.757+0200: 84.317: [GC (Allocation Failure) 2020-09-29T18:17:42.757+0200: 84.317: [ParNew: 576020K->26129K(613440K), 0.0133336 secs] 598081K->48190K(2029056K), 0.0134178 secs] [Times: user=0.13 sys=0.00, real=0.01 secs] 
2020-09-29T18:17:42.818+0200: 84.379: [GC (Allocation Failure) 2020-09-29T18:17:42.819+0200: 84.379: [ParNew: 571473K->24193K(613440K), 0.0126098 secs] 593534K->46254K(2029056K), 0.0126724 secs] [Times: user=0.00 sys=0.00, real=0.01 secs] 
2020-09-29T18:17:42.877+0200: 84.438: [GC (Allocation Failure) 2020-09-29T18:17:42.877+0200: 84.438: [ParNew: 569537K->42863K(613440K), 0.0157467 secs] 591598K->64923K(2029056K), 0.0158240 secs] [Times: user=0.13 sys=0.00, real=0.02 secs] 
2020-09-29T18:17:42.945+0200: 84.505: [GC (Allocation Failure) 2020-09-29T18:17:42.945+0200: 84.505: [ParNew: 588207K->30445K(613440K), 0.0163197 secs] 610267K->52506K(2029056K), 0.0163896 secs] [Times: user=0.13 sys=0.00, real=0.02 secs] 
2020-09-29T18:17:43.010+0200: 84.570: [GC (Allocation Failure) 2020-09-29T18:17:43.010+0200: 84.571: [ParNew: 575789K->35415K(613440K), 0.0145982 secs] 597850K->57476K(2029056K), 0.0146600 secs] [Times: user=0.13 sys=0.00, real=0.02 secs] 
2020-09-29T18:17:43.079+0200: 84.639: [GC (Allocation Failure) 2020-09-29T18:17:43.079+0200: 84.639: [ParNew: 580759K->50456K(613440K), 0.0189758 secs] 602820K->72517K(2029056K), 0.0190349 secs] [Times: user=0.13 sys=0.00, real=0.02 secs] 
2020-09-29T18:17:43.144+0200: 84.705: [GC (Allocation Failure) 2020-09-29T18:17:43.144+0200: 84.705: [ParNew: 595800K->36610K(613440K), 0.0124991 secs] 617861K->58670K(2029056K), 0.0194102 secs] [Times: user=0.11 sys=0.00, real=0.02 secs] 
2020-09-29T18:17:43.244+0200: 84.803: [GC (Allocation Failure) 2020-09-29T18:17:43.244+0200: 84.803: [ParNew: 581954K->35875K(613440K), 0.0178490 secs] 604014K->57936K(2029056K), 0.0179360 secs] [Times: user=0.13 sys=0.00, real=0.02 secs] 
2020-09-29T18:17:43.309+0200: 84.868: [GC (Allocation Failure) 2020-09-29T18:17:43.309+0200: 84.868: [ParNew: 581219K->30716K(613440K), 0.0117276 secs] 603280K->52777K(2029056K), 0.0117965 secs] [Times: user=0.13 sys=0.00, real=0.01 secs] 
2020-09-29T18:17:43.371+0200: 84.930: [GC (Allocation Failure) 2020-09-29T18:17:43.371+0200: 84.930: [ParNew: 576060K->38816K(613440K), 0.0163715 secs] 598121K->60877K(2029056K), 0.0164406 secs] [Times: user=0.13 sys=0.00, real=0.02 secs] 
2020-09-29T18:17:43.436+0200: 84.996: [GC (Allocation Failure) 2020-09-29T18:17:43.436+0200: 84.996: [ParNew: 584160K->48160K(613440K), 0.0241644 secs] 606221K->70221K(2029056K), 0.0242161 secs] [Times: user=0.23 sys=0.00, real=0.02 secs] 
2020-09-29T18:17:43.507+0200: 85.066: [GC (Allocation Failure) 2020-09-29T18:17:43.507+0200: 85.066: [ParNew: 593504K->43393K(613440K), 0.0163631 secs] 615565K->65454K(2029056K), 0.0164204 secs] [Times: user=0.13 sys=0.00, real=0.02 secs] 
2020-09-29T18:17:43.572+0200: 85.132: [GC (Allocation Failure) 2020-09-29T18:17:43.572+0200: 85.132: [ParNew: 588737K->31059K(613440K), 0.0163063 secs] 610798K->53120K(2029056K), 0.0163759 secs] [Times: user=0.11 sys=0.00, real=0.02 secs] 
2020-09-29T18:17:43.636+0200: 85.195: [GC (Allocation Failure) 2020-09-29T18:17:43.636+0200: 85.195: [ParNew: 576403K->52862K(613440K), 0.0199340 secs] 598464K->74923K(2029056K), 0.0199946 secs] [Times: user=0.13 sys=0.00, real=0.02 secs] 
2020-09-29T18:17:43.702+0200: 85.262: [GC (Allocation Failure) 2020-09-29T18:17:43.702+0200: 85.262: [ParNew: 598206K->37865K(613440K), 0.0137444 secs] 620267K->59926K(2029056K), 0.0138119 secs] [Times: user=0.13 sys=0.00, real=0.01 secs] 
2020-09-29T18:17:43.768+0200: 85.327: [GC (Allocation Failure) 2020-09-29T18:17:43.768+0200: 85.327: [ParNew: 583209K->20534K(613440K), 0.0122529 secs] 605270K->42595K(2029056K), 0.0123115 secs] [Times: user=0.13 sys=0.00, real=0.01 secs] 
2020-09-29T18:17:43.836+0200: 85.396: [GC (Allocation Failure) 2020-09-29T18:17:43.837+0200: 85.396: [ParNew: 565878K->34184K(613440K), 0.0176161 secs] 587939K->56245K(2029056K), 0.0176776 secs] [Times: user=0.13 sys=0.00, real=0.02 secs] 
2020-09-29T18:17:43.899+0200: 85.459: [GC (Allocation Failure) 2020-09-29T18:17:43.899+0200: 85.459: [ParNew: 579528K->32353K(613440K), 0.0160511 secs] 601589K->54413K(2029056K), 0.0161180 secs] [Times: user=0.13 sys=0.00, real=0.02 secs] 
2020-09-29T18:17:43.961+0200: 85.520: [GC (Allocation Failure) 2020-09-29T18:17:43.961+0200: 85.520: [ParNew: 577697K->31078K(613440K), 0.0149067 secs] 599757K->53139K(2029056K), 0.0149629 secs] [Times: user=0.13 sys=0.00, real=0.02 secs] 
2020-09-29T18:17:44.023+0200: 85.583: [GC (Allocation Failure) 2020-09-29T18:17:44.023+0200: 85.583: [ParNew: 576422K->25313K(613440K), 0.0152403 secs] 598483K->47374K(2029056K), 0.0153115 secs] [Times: user=0.13 sys=0.00, real=0.02 secs] 
2020-09-29T18:17:44.083+0200: 85.643: [GC (Allocation Failure) 2020-09-29T18:17:44.083+0200: 85.643: [ParNew: 570657K->25925K(613440K), 0.0135714 secs] 592718K->47986K(2029056K), 0.0136273 secs] [Times: user=0.00 sys=0.00, real=0.01 secs] 
2020-09-29T18:17:44.150+0200: 85.709: [GC (Allocation Failure) 2020-09-29T18:17:44.150+0200: 85.709: [ParNew: 571269K->40274K(613440K), 0.0190847 secs] 593330K->62334K(2029056K), 0.0191446 secs] [Times: user=0.13 sys=0.00, real=0.02 secs] 
2020-09-29T18:17:44.213+0200: 85.773: [GC (Allocation Failure) 2020-09-29T18:17:44.213+0200: 85.773: [ParNew: 585618K->32796K(613440K), 0.0121646 secs] 607678K->54857K(2029056K), 0.0122198 secs] [Times: user=0.13 sys=0.00, real=0.01 secs] 
2020-09-29T18:17:44.269+0200: 85.828: [GC (Allocation Failure) 2020-09-29T18:17:44.269+0200: 85.828: [ParNew: 578140K->13577K(613440K), 0.0055199 secs] 600201K->35637K(2029056K), 0.0056019 secs] [Times: user=0.11 sys=0.00, real=0.00 secs] 
2020-09-29T18:17:44.324+0200: 85.883: [GC (Allocation Failure) 2020-09-29T18:17:44.324+0200: 85.883: [ParNew: 558921K->16287K(613440K), 0.0105638 secs] 580981K->38347K(2029056K), 0.0106197 secs] [Times: user=0.13 sys=0.00, real=0.01 secs] 
2020-09-29T18:17:44.389+0200: 85.949: [GC (Allocation Failure) 2020-09-29T18:17:44.389+0200: 85.949: [ParNew: 561631K->28789K(613440K), 0.0153428 secs] 583691K->50850K(2029056K), 0.0153961 secs] [Times: user=0.13 sys=0.00, real=0.02 secs] 
2020-09-29T18:17:44.449+0200: 86.009: [GC (Allocation Failure) 2020-09-29T18:17:44.449+0200: 86.009: [ParNew: 574133K->41601K(613440K), 0.0151961 secs] 596194K->63662K(2029056K), 0.0152688 secs] [Times: user=0.13 sys=0.00, real=0.02 secs] 
2020-09-29T18:17:44.512+0200: 86.072: [GC (Allocation Failure) 2020-09-29T18:17:44.514+0200: 86.073: [ParNew: 586945K->29549K(613440K), 0.0151794 secs] 609006K->51610K(2029056K), 0.0162599 secs] [Times: user=0.13 sys=0.00, real=0.02 secs] 
2020-09-29T18:17:44.576+0200: 86.137: [GC (Allocation Failure) 2020-09-29T18:17:44.576+0200: 86.137: [ParNew: 574893K->32857K(613440K), 0.0136075 secs] 596954K->54917K(2029056K), 0.0136773 secs] [Times: user=0.11 sys=0.00, real=0.01 secs] 
2020-09-29T18:17:44.647+0200: 86.207: [GC (Allocation Failure) 2020-09-29T18:17:44.647+0200: 86.207: [ParNew: 578201K->24161K(613440K), 0.0124623 secs] 600261K->46221K(2029056K), 0.0125164 secs] [Times: user=0.00 sys=0.00, real=0.01 secs] 
2020-09-29T18:17:44.705+0200: 86.266: [GC (Allocation Failure) 2020-09-29T18:17:44.705+0200: 86.266: [ParNew: 568097K->4304K(613440K), 0.0046289 secs] 590158K->26365K(2029056K), 0.0046836 secs] [Times: user=0.13 sys=0.00, real=0.01 secs] 
2020-09-29T18:17:44.758+0200: 86.318: [GC (Allocation Failure) 2020-09-29T18:17:44.758+0200: 86.318: [ParNew: 549648K->13980K(613440K), 0.0095704 secs] 571709K->36040K(2029056K), 0.0096246 secs] [Times: user=0.00 sys=0.00, real=0.01 secs] 
2020-09-29T18:17:44.815+0200: 86.376: [GC (Allocation Failure) 2020-09-29T18:17:44.815+0200: 86.376: [ParNew: 559324K->28932K(613440K), 0.0146565 secs] 581384K->50993K(2029056K), 0.0147485 secs] [Times: user=0.13 sys=0.00, real=0.01 secs] 
2020-09-29T18:17:44.878+0200: 86.438: [GC (Allocation Failure) 2020-09-29T18:17:44.878+0200: 86.438: [ParNew: 574276K->37608K(613440K), 0.0210282 secs] 596337K->59669K(2029056K), 0.0210883 secs] [Times: user=0.25 sys=0.00, real=0.02 secs] 
2020-09-29T18:17:44.947+0200: 86.507: [GC (Allocation Failure) 2020-09-29T18:17:44.947+0200: 86.507: [ParNew: 582952K->37462K(613440K), 0.0140442 secs] 605013K->59523K(2029056K), 0.0141203 secs] [Times: user=0.13 sys=0.00, real=0.01 secs] 
2020-09-29T18:17:45.014+0200: 86.574: [GC (Allocation Failure) 2020-09-29T18:17:45.014+0200: 86.574: [ParNew: 582806K->17847K(613440K), 0.0060075 secs] 604867K->39907K(2029056K), 0.0060647 secs] [Times: user=0.00 sys=0.00, real=0.01 secs] 
2020-09-29T18:17:45.069+0200: 86.630: [GC (Allocation Failure) 2020-09-29T18:17:45.069+0200: 86.630: [ParNew: 563191K->32938K(613440K), 0.0173781 secs] 585251K->54999K(2029056K), 0.0174335 secs] [Times: user=0.13 sys=0.00, real=0.02 secs] 
2020-09-29T18:17:45.131+0200: 86.692: [GC (Allocation Failure) 2020-09-29T18:17:45.131+0200: 86.692: [ParNew: 576451K->5095K(613440K), 0.0013719 secs] 598512K->27156K(2029056K), 0.0014223 secs] [Times: user=0.00 sys=0.00, real=0.00 secs] 
2020-09-29T18:17:45.182+0200: 86.742: [GC (Allocation Failure) 2020-09-29T18:17:45.182+0200: 86.742: [ParNew: 550439K->16050K(613440K), 0.0084358 secs] 572500K->38111K(2029056K), 0.0085282 secs] [Times: user=0.00 sys=0.00, real=0.01 secs] 
2020-09-29T18:17:45.255+0200: 86.815: [GC (Allocation Failure) 2020-09-29T18:17:45.255+0200: 86.815: [ParNew: 561394K->41460K(613440K), 0.0207045 secs] 583455K->63520K(2029056K), 0.0207599 secs] [Times: user=0.13 sys=0.00, real=0.02 secs] 
2020-09-29T18:17:45.322+0200: 86.882: [GC (Allocation Failure) 2020-09-29T18:17:45.322+0200: 86.882: [ParNew: 586804K->31323K(613440K), 0.0136532 secs] 608864K->53383K(2029056K), 0.0137350 secs] [Times: user=0.13 sys=0.00, real=0.01 secs] 
2020-09-29T18:17:45.386+0200: 86.946: [GC (Allocation Failure) 2020-09-29T18:17:45.386+0200: 86.946: [ParNew: 576667K->22846K(613440K), 0.0056716 secs] 598727K->44907K(2029056K), 0.0057274 secs] [Times: user=0.00 sys=0.00, real=0.01 secs] 
2020-09-29T18:17:45.437+0200: 86.998: [GC (Allocation Failure) 2020-09-29T18:17:45.437+0200: 86.998: [ParNew: 568190K->36978K(613440K), 0.0183977 secs] 590251K->59039K(2029056K), 0.0184699 secs] [Times: user=0.13 sys=0.00, real=0.02 secs] 
2020-09-29T18:17:45.506+0200: 87.066: [GC (Allocation Failure) 2020-09-29T18:17:45.506+0200: 87.066: [ParNew: 582322K->46832K(613440K), 0.0175235 secs] 604383K->68892K(2029056K), 0.0176070 secs] [Times: user=0.13 sys=0.00, real=0.02 secs] 
2020-09-29T18:17:45.572+0200: 87.132: [GC (Allocation Failure) 2020-09-29T18:17:45.572+0200: 87.132: [ParNew: 592176K->34225K(613440K), 0.0100389 secs] 614236K->56285K(2029056K), 0.0101061 secs] [Times: user=0.13 sys=0.00, real=0.01 secs] 
2020-09-29T18:17:45.628+0200: 87.188: [GC (Allocation Failure) 2020-09-29T18:17:45.628+0200: 87.188: [ParNew: 579569K->15437K(613440K), 0.0104273 secs] 601629K->37498K(2029056K), 0.0105013 secs] [Times: user=0.13 sys=0.00, real=0.01 secs] 
2020-09-29T18:17:45.686+0200: 87.247: [GC (Allocation Failure) 2020-09-29T18:17:45.686+0200: 87.247: [ParNew: 560781K->26502K(613440K), 0.0151616 secs] 582842K->48563K(2029056K), 0.0152279 secs] [Times: user=0.13 sys=0.00, real=0.01 secs] 
2020-09-29T18:17:45.755+0200: 87.315: [GC (Allocation Failure) 2020-09-29T18:17:45.755+0200: 87.315: [ParNew: 571846K->41349K(613440K), 0.0200137 secs] 593907K->63410K(2029056K), 0.0201006 secs] [Times: user=0.13 sys=0.00, real=0.02 secs] 
2020-09-29T18:17:45.821+0200: 87.381: [GC (Allocation Failure) 2020-09-29T18:17:45.821+0200: 87.381: [ParNew: 586693K->37656K(613440K), 0.0136714 secs] 608754K->59716K(2029056K), 0.0137271 secs] [Times: user=0.13 sys=0.00, real=0.01 secs] 
2020-09-29T18:17:45.881+0200: 87.440: [GC (Allocation Failure) 2020-09-29T18:17:45.881+0200: 87.440: [ParNew: 583000K->33095K(613440K), 0.0136523 secs] 605060K->55156K(2029056K), 0.0137405 secs] [Times: user=0.00 sys=0.00, real=0.01 secs] 
2020-09-29T18:17:45.943+0200: 87.502: [GC (Allocation Failure) 2020-09-29T18:17:45.943+0200: 87.502: [ParNew: 578439K->4434K(613440K), 0.0045826 secs] 600500K->26495K(2029056K), 0.0046366 secs] [Times: user=0.00 sys=0.00, real=0.00 secs] 
2020-09-29T18:17:45.995+0200: 87.555: [GC (Allocation Failure) 2020-09-29T18:17:45.995+0200: 87.555: [ParNew: 549778K->28812K(613440K), 0.0160337 secs] 571839K->50873K(2029056K), 0.0160881 secs] [Times: user=0.13 sys=0.00, real=0.02 secs] 
2020-09-29T18:17:46.056+0200: 87.615: [GC (Allocation Failure) 2020-09-29T18:17:46.056+0200: 87.615: [ParNew: 574156K->23052K(613440K), 0.0088032 secs] 596217K->45113K(2029056K), 0.0088594 secs] [Times: user=0.00 sys=0.00, real=0.01 secs] 
2020-09-29T18:17:46.123+0200: 87.682: [GC (Allocation Failure) 2020-09-29T18:17:46.123+0200: 87.682: [ParNew: 568396K->43248K(613440K), 0.0203220 secs] 590457K->65308K(2029056K), 0.0203875 secs] [Times: user=0.13 sys=0.00, real=0.02 secs] 
2020-09-29T18:17:46.188+0200: 87.747: [GC (Allocation Failure) 2020-09-29T18:17:46.188+0200: 87.747: [ParNew: 588592K->26190K(613440K), 0.0069989 secs] 610652K->48250K(2029056K), 0.0070688 secs] [Times: user=0.13 sys=0.00, real=0.01 secs] 
2020-09-29T18:17:46.241+0200: 87.800: [GC (Allocation Failure) 2020-09-29T18:17:46.241+0200: 87.800: [ParNew: 571534K->12439K(613440K), 0.0067299 secs] 593594K->34500K(2029056K), 0.0067895 secs] [Times: user=0.00 sys=0.00, real=0.01 secs] 
2020-09-29T18:17:46.294+0200: 87.853: [GC (Allocation Failure) 2020-09-29T18:17:46.294+0200: 87.853: [ParNew: 556490K->2639K(613440K), 0.0046467 secs] 578551K->24700K(2029056K), 0.0047044 secs] [Times: user=0.00 sys=0.00, real=0.00 secs] 
2020-09-29T18:17:46.349+0200: 87.908: [GC (Allocation Failure) 2020-09-29T18:17:46.349+0200: 87.908: [ParNew: 547983K->12941K(613440K), 0.0115215 secs] 570044K->35001K(2029056K), 0.0115929 secs] [Times: user=0.00 sys=0.00, real=0.01 secs] 
2020-09-29T18:17:46.406+0200: 87.966: [GC (Allocation Failure) 2020-09-29T18:17:46.406+0200: 87.966: [ParNew: 558285K->18225K(613440K), 0.0101006 secs] 580345K->40286K(2029056K), 0.0101547 secs] [Times: user=0.13 sys=0.00, real=0.01 secs] 
2020-09-29T18:17:46.474+0200: 88.033: [GC (Allocation Failure) 2020-09-29T18:17:46.474+0200: 88.033: [ParNew: 563569K->12116K(613440K), 0.0106279 secs] 585630K->34176K(2029056K), 0.0106930 secs] [Times: user=0.00 sys=0.00, real=0.01 secs] 
2020-09-29T18:17:46.547+0200: 88.107: [GC (Allocation Failure) 2020-09-29T18:17:46.547+0200: 88.107: [ParNew: 557460K->9087K(613440K), 0.0093530 secs] 579520K->31148K(2029056K), 0.0094170 secs] [Times: user=0.13 sys=0.00, real=0.01 secs] 
2020-09-29T18:17:46.613+0200: 88.173: [GC (Allocation Failure) 2020-09-29T18:17:46.613+0200: 88.173: [ParNew: 554431K->6076K(613440K), 0.0078015 secs] 576492K->28137K(2029056K), 0.0078658 secs] [Times: user=0.11 sys=0.00, real=0.01 secs] 
2020-09-29T18:17:46.689+0200: 88.248: [GC (Allocation Failure) 2020-09-29T18:17:46.689+0200: 88.248: [ParNew: 551420K->18367K(613440K), 0.0154043 secs] 573481K->40427K(2029056K), 0.0154840 secs] [Times: user=0.13 sys=0.00, real=0.02 secs] 
2020-09-29T18:17:46.760+0200: 88.320: [GC (Allocation Failure) 2020-09-29T18:17:46.760+0200: 88.320: [ParNew: 563711K->24352K(613440K), 0.0140332 secs] 585771K->46413K(2029056K), 0.0141012 secs] [Times: user=0.13 sys=0.00, real=0.01 secs] 
2020-09-29T18:17:46.830+0200: 88.390: [GC (Allocation Failure) 2020-09-29T18:17:46.830+0200: 88.390: [ParNew: 569696K->17288K(613440K), 0.0128131 secs] 591757K->39349K(2029056K), 0.0128872 secs] [Times: user=0.13 sys=0.00, real=0.01 secs] 
2020-09-29T18:17:46.898+0200: 88.458: [GC (Allocation Failure) 2020-09-29T18:17:46.898+0200: 88.458: [ParNew: 562632K->10450K(613440K), 0.0115895 secs] 584693K->32511K(2029056K), 0.0116556 secs] [Times: user=0.00 sys=0.00, real=0.01 secs] 
2020-09-29T18:17:46.970+0200: 88.529: [GC (Allocation Failure) 2020-09-29T18:17:46.970+0200: 88.529: [ParNew: 555794K->9888K(613440K), 0.0102847 secs] 577855K->31949K(2029056K), 0.0103509 secs] [Times: user=0.13 sys=0.00, real=0.01 secs] 
2020-09-29T18:17:47.080+0200: 88.640: [GC (Allocation Failure) 2020-09-29T18:17:47.080+0200: 88.640: [ParNew: 555232K->8177K(613440K), 0.0087538 secs] 577293K->30237K(2029056K), 0.0088197 secs] [Times: user=0.13 sys=0.00, real=0.01 secs] 
2020-09-29T18:17:47.200+0200: 88.760: [GC (Allocation Failure) 2020-09-29T18:17:47.200+0200: 88.760: [ParNew: 553521K->6486K(613440K), 0.0077035 secs] 575581K->28547K(2029056K), 0.0077672 secs] [Times: user=0.13 sys=0.00, real=0.01 secs] 
2020-09-29T18:17:47.315+0200: 88.875: [GC (Allocation Failure) 2020-09-29T18:17:47.315+0200: 88.875: [ParNew: 551830K->3986K(613440K), 0.0061446 secs] 573891K->26047K(2029056K), 0.0062128 secs] [Times: user=0.13 sys=0.00, real=0.01 secs] 
2020-09-29T18:17:47.429+0200: 88.989: [GC (Allocation Failure) 2020-09-29T18:17:47.429+0200: 88.989: [ParNew: 549330K->70K(613440K), 0.0020352 secs] 571391K->22131K(2029056K), 0.0020947 secs] [Times: user=0.00 sys=0.00, real=0.00 secs] 
Heap
 par new generation   total 613440K, used 52061K [0x0000000080000000, 0x00000000a9990000, 0x00000000a9990000)
  eden space 545344K,   9% used [0x0000000080000000, 0x00000000832c5ce8, 0x00000000a1490000)
  from space 68096K,   0% used [0x00000000a5710000, 0x00000000a5721a48, 0x00000000a9990000)
  to   space 68096K,   0% used [0x00000000a1490000, 0x00000000a1490000, 0x00000000a5710000)
 concurrent mark-sweep generation total 1415616K, used 22060K [0x00000000a9990000, 0x0000000100000000, 0x0000000100000000)
 Metaspace       used 2594K, capacity 4486K, committed 4864K, reserved 1056768K
  class space    used 285K, capacity 386K, committed 512K, reserved 1048576K
