Java HotSpot(TM) 64-Bit Server VM (25.261-b12) for windows-amd64 JRE (1.8.0_261-b12), built on Jun 18 2020 06:56:32 by "" with unknown MS VC++:1916
Memory: 4k page, physical 16659684k(9537556k free), swap 23213284k(9190832k free)
CommandLine flags: -XX:InitialHeapSize=2147483648 -XX:MaxHeapSize=2147483648 -XX:MaxNewSize=697933824 -XX:MaxTenuringThreshold=6 -XX:NewSize=697933824 -XX:OldPLABSize=16 -XX:OldSize=1395867648 -XX:+PrintGC -XX:+PrintGCDateStamps -XX:+PrintGCDetails -XX:+PrintGCTimeStamps -XX:+UseCompressedClassPointers -XX:+UseCompressedOops -XX:+UseConcMarkSweepGC -XX:-UseLargePagesIndividualAllocation -XX:+UseParNewGC 
2020-09-29T18:05:44.449+0200: 0.253: [GC (Allocation Failure) 2020-09-29T18:05:44.449+0200: 0.253: [ParNew: 545344K->59278K(613440K), 0.0440158 secs] 545344K->59278K(2029056K), 0.0441653 secs] [Times: user=0.36 sys=0.02, real=0.05 secs] 
2020-09-29T18:05:44.541+0200: 0.344: [GC (Allocation Failure) 2020-09-29T18:05:44.541+0200: 0.344: [ParNew: 604622K->55083K(613440K), 0.0197271 secs] 604622K->55475K(2029056K), 0.0197965 secs] [Times: user=0.09 sys=0.03, real=0.02 secs] 
2020-09-29T18:05:44.612+0200: 0.415: [GC (Allocation Failure) 2020-09-29T18:05:44.612+0200: 0.415: [ParNew: 600427K->65945K(613440K), 0.0258326 secs] 600819K->66338K(2029056K), 0.0258868 secs] [Times: user=0.23 sys=0.00, real=0.03 secs] 
2020-09-29T18:05:44.685+0200: 0.489: [GC (Allocation Failure) 2020-09-29T18:05:44.685+0200: 0.489: [ParNew: 611289K->42419K(613440K), 0.0140540 secs] 611682K->42811K(2029056K), 0.0141124 secs] [Times: user=0.13 sys=0.00, real=0.01 secs] 
2020-09-29T18:05:44.747+0200: 0.551: [GC (Allocation Failure) 2020-09-29T18:05:44.747+0200: 0.551: [ParNew: 587763K->43724K(613440K), 0.0166832 secs] 588155K->44116K(2029056K), 0.0167395 secs] [Times: user=0.13 sys=0.00, real=0.02 secs] 
2020-09-29T18:05:44.816+0200: 0.619: [GC (Allocation Failure) 2020-09-29T18:05:44.816+0200: 0.619: [ParNew: 589068K->49157K(613440K), 0.0169608 secs] 589460K->49549K(2029056K), 0.0170166 secs] [Times: user=0.25 sys=0.00, real=0.02 secs] 
2020-09-29T18:05:44.882+0200: 0.685: [GC (Allocation Failure) 2020-09-29T18:05:44.882+0200: 0.685: [ParNew: 594501K->37859K(613440K), 0.0156049 secs] 594893K->38251K(2029056K), 0.0156607 secs] [Times: user=0.13 sys=0.00, real=0.02 secs] 
2020-09-29T18:05:44.949+0200: 0.752: [GC (Allocation Failure) 2020-09-29T18:05:44.949+0200: 0.752: [ParNew: 583203K->60587K(613440K), 0.0214963 secs] 583595K->60980K(2029056K), 0.0215662 secs] [Times: user=0.13 sys=0.00, real=0.02 secs] 
2020-09-29T18:05:45.019+0200: 0.823: [GC (Allocation Failure) 2020-09-29T18:05:45.019+0200: 0.823: [ParNew: 605931K->44340K(613440K), 0.0149964 secs] 606324K->44732K(2029056K), 0.0150512 secs] [Times: user=0.13 sys=0.00, real=0.01 secs] 
2020-09-29T18:05:45.092+0200: 0.895: [GC (Allocation Failure) 2020-09-29T18:05:45.092+0200: 0.895: [ParNew: 589684K->43855K(613440K), 0.0191721 secs] 590076K->44248K(2029056K), 0.0192355 secs] [Times: user=0.13 sys=0.00, real=0.02 secs] 
2020-09-29T18:05:45.162+0200: 0.965: [GC (Allocation Failure) 2020-09-29T18:05:45.162+0200: 0.965: [ParNew: 589199K->54126K(613440K), 0.0191007 secs] 589592K->54518K(2029056K), 0.0192146 secs] [Times: user=0.13 sys=0.00, real=0.02 secs] 
2020-09-29T18:05:45.231+0200: 1.035: [GC (Allocation Failure) 2020-09-29T18:05:45.231+0200: 1.035: [ParNew: 599470K->68096K(613440K), 0.0233002 secs] 599862K->68488K(2029056K), 0.0233648 secs] [Times: user=0.13 sys=0.00, real=0.02 secs] 
2020-09-29T18:05:45.305+0200: 1.108: [GC (Allocation Failure) 2020-09-29T18:05:45.305+0200: 1.108: [ParNew: 613440K->46265K(613440K), 0.0190048 secs] 613832K->46657K(2029056K), 0.0190599 secs] [Times: user=0.13 sys=0.00, real=0.02 secs] 
2020-09-29T18:05:45.374+0200: 1.177: [GC (Allocation Failure) 2020-09-29T18:05:45.374+0200: 1.177: [ParNew: 591609K->68096K(613440K), 0.0213861 secs] 592001K->68488K(2029056K), 0.0214615 secs] [Times: user=0.13 sys=0.00, real=0.02 secs] 
2020-09-29T18:05:45.442+0200: 1.245: [GC (Allocation Failure) 2020-09-29T18:05:45.442+0200: 1.245: [ParNew: 613440K->48741K(613440K), 0.0207505 secs] 613832K->49133K(2029056K), 0.0208752 secs] [Times: user=0.25 sys=0.00, real=0.02 secs] 
2020-09-29T18:05:45.511+0200: 1.314: [GC (Allocation Failure) 2020-09-29T18:05:45.511+0200: 1.314: [ParNew: 594085K->44366K(613440K), 0.0162520 secs] 594477K->44758K(2029056K), 0.0163093 secs] [Times: user=0.13 sys=0.00, real=0.02 secs] 
2020-09-29T18:05:45.577+0200: 1.381: [GC (Allocation Failure) 2020-09-29T18:05:45.577+0200: 1.381: [ParNew: 589710K->29578K(613440K), 0.0138827 secs] 590102K->29971K(2029056K), 0.0139788 secs] [Times: user=0.13 sys=0.00, real=0.01 secs] 
2020-09-29T18:05:45.645+0200: 1.448: [GC (Allocation Failure) 2020-09-29T18:05:45.645+0200: 1.448: [ParNew: 574922K->50262K(613440K), 0.0185406 secs] 575315K->50655K(2029056K), 0.0186330 secs] [Times: user=0.25 sys=0.00, real=0.02 secs] 
2020-09-29T18:05:45.713+0200: 1.517: [GC (Allocation Failure) 2020-09-29T18:05:45.713+0200: 1.517: [ParNew: 595606K->36058K(613440K), 0.0118920 secs] 595999K->36451K(2029056K), 0.0119488 secs] [Times: user=0.13 sys=0.00, real=0.01 secs] 
2020-09-29T18:05:45.781+0200: 1.584: [GC (Allocation Failure) 2020-09-29T18:05:45.781+0200: 1.584: [ParNew: 581402K->34037K(613440K), 0.0157742 secs] 581795K->34430K(2029056K), 0.0158321 secs] [Times: user=0.13 sys=0.00, real=0.02 secs] 
2020-09-29T18:05:45.846+0200: 1.650: [GC (Allocation Failure) 2020-09-29T18:05:45.846+0200: 1.650: [ParNew: 579381K->40875K(613440K), 0.0157434 secs] 579774K->41268K(2029056K), 0.0157985 secs] [Times: user=0.11 sys=0.00, real=0.02 secs] 
2020-09-29T18:05:45.909+0200: 1.713: [GC (Allocation Failure) 2020-09-29T18:05:45.909+0200: 1.713: [ParNew: 586219K->32902K(613440K), 0.0132435 secs] 586612K->33294K(2029056K), 0.0133048 secs] [Times: user=0.13 sys=0.00, real=0.01 secs] 
2020-09-29T18:05:45.971+0200: 1.775: [GC (Allocation Failure) 2020-09-29T18:05:45.971+0200: 1.775: [ParNew: 578246K->68096K(613440K), 0.0242808 secs] 578638K->68488K(2029056K), 0.0243525 secs] [Times: user=0.25 sys=0.00, real=0.03 secs] 
2020-09-29T18:05:46.043+0200: 1.846: [GC (Allocation Failure) 2020-09-29T18:05:46.043+0200: 1.846: [ParNew: 613440K->68096K(613440K), 0.0238143 secs] 613832K->69222K(2029056K), 0.0238683 secs] [Times: user=0.13 sys=0.00, real=0.02 secs] 
2020-09-29T18:05:46.117+0200: 1.921: [GC (Allocation Failure) 2020-09-29T18:05:46.117+0200: 1.921: [ParNew: 613440K->43106K(613440K), 0.0118471 secs] 614566K->44232K(2029056K), 0.0119051 secs] [Times: user=0.00 sys=0.00, real=0.01 secs] 
2020-09-29T18:05:46.179+0200: 1.982: [GC (Allocation Failure) 2020-09-29T18:05:46.179+0200: 1.982: [ParNew: 588450K->57429K(613440K), 0.0223808 secs] 589576K->58555K(2029056K), 0.0224878 secs] [Times: user=0.13 sys=0.00, real=0.02 secs] 
2020-09-29T18:05:46.253+0200: 2.056: [GC (Allocation Failure) 2020-09-29T18:05:46.253+0200: 2.056: [ParNew: 602773K->41804K(613440K), 0.0162173 secs] 603899K->42930K(2029056K), 0.0162860 secs] [Times: user=0.13 sys=0.00, real=0.02 secs] 
2020-09-29T18:05:46.317+0200: 2.121: [GC (Allocation Failure) 2020-09-29T18:05:46.317+0200: 2.121: [ParNew: 587148K->56019K(613440K), 0.0198900 secs] 588274K->57146K(2029056K), 0.0199663 secs] [Times: user=0.20 sys=0.00, real=0.02 secs] 
2020-09-29T18:05:46.386+0200: 2.189: [GC (Allocation Failure) 2020-09-29T18:05:46.386+0200: 2.189: [ParNew: 601363K->45408K(613440K), 0.0190336 secs] 602490K->46534K(2029056K), 0.0190961 secs] [Times: user=0.13 sys=0.00, real=0.02 secs] 
2020-09-29T18:05:46.452+0200: 2.255: [GC (Allocation Failure) 2020-09-29T18:05:46.452+0200: 2.255: [ParNew: 590752K->46966K(613440K), 0.0189546 secs] 591878K->48093K(2029056K), 0.0190214 secs] [Times: user=0.13 sys=0.00, real=0.02 secs] 
2020-09-29T18:05:46.518+0200: 2.322: [GC (Allocation Failure) 2020-09-29T18:05:46.518+0200: 2.322: [ParNew: 592310K->42809K(613440K), 0.0187698 secs] 593437K->43935K(2029056K), 0.0188308 secs] [Times: user=0.25 sys=0.00, real=0.02 secs] 
2020-09-29T18:05:46.585+0200: 2.388: [GC (Allocation Failure) 2020-09-29T18:05:46.585+0200: 2.388: [ParNew: 588153K->42110K(613440K), 0.0172004 secs] 589279K->43237K(2029056K), 0.0173476 secs] [Times: user=0.13 sys=0.00, real=0.02 secs] 
2020-09-29T18:05:46.654+0200: 2.457: [GC (Allocation Failure) 2020-09-29T18:05:46.654+0200: 2.457: [ParNew: 587454K->43068K(613440K), 0.0180387 secs] 588581K->44194K(2029056K), 0.0181128 secs] [Times: user=0.11 sys=0.00, real=0.02 secs] 
2020-09-29T18:05:46.719+0200: 2.523: [GC (Allocation Failure) 2020-09-29T18:05:46.719+0200: 2.523: [ParNew: 588412K->41845K(613440K), 0.0161474 secs] 589538K->42971K(2029056K), 0.0162170 secs] [Times: user=0.11 sys=0.00, real=0.02 secs] 
2020-09-29T18:05:46.786+0200: 2.589: [GC (Allocation Failure) 2020-09-29T18:05:46.786+0200: 2.590: [ParNew: 587189K->36674K(613440K), 0.0162301 secs] 588315K->37801K(2029056K), 0.0162876 secs] [Times: user=0.13 sys=0.00, real=0.02 secs] 
2020-09-29T18:05:46.850+0200: 2.654: [GC (Allocation Failure) 2020-09-29T18:05:46.850+0200: 2.654: [ParNew: 582018K->56606K(613440K), 0.0205547 secs] 583145K->57732K(2029056K), 0.0206174 secs] [Times: user=0.13 sys=0.00, real=0.02 secs] 
2020-09-29T18:05:46.918+0200: 2.721: [GC (Allocation Failure) 2020-09-29T18:05:46.918+0200: 2.721: [ParNew: 601950K->46359K(613440K), 0.0141397 secs] 603076K->47485K(2029056K), 0.0141943 secs] [Times: user=0.13 sys=0.00, real=0.01 secs] 
2020-09-29T18:05:46.982+0200: 2.785: [GC (Allocation Failure) 2020-09-29T18:05:46.982+0200: 2.785: [ParNew: 591703K->25028K(613440K), 0.0125335 secs] 592829K->26155K(2029056K), 0.0126071 secs] [Times: user=0.13 sys=0.00, real=0.01 secs] 
2020-09-29T18:05:47.053+0200: 2.856: [GC (Allocation Failure) 2020-09-29T18:05:47.053+0200: 2.856: [ParNew: 570372K->49248K(613440K), 0.0174060 secs] 571499K->50374K(2029056K), 0.0174658 secs] [Times: user=0.13 sys=0.00, real=0.02 secs] 
2020-09-29T18:05:47.119+0200: 2.922: [GC (Allocation Failure) 2020-09-29T18:05:47.119+0200: 2.922: [ParNew: 594592K->41687K(613440K), 0.0165762 secs] 595718K->42813K(2029056K), 0.0166289 secs] [Times: user=0.13 sys=0.00, real=0.02 secs] 
2020-09-29T18:05:47.184+0200: 2.987: [GC (Allocation Failure) 2020-09-29T18:05:47.184+0200: 2.987: [ParNew: 587031K->36463K(613440K), 0.0189864 secs] 588157K->37589K(2029056K), 0.0190452 secs] [Times: user=0.11 sys=0.00, real=0.02 secs] 
2020-09-29T18:05:47.258+0200: 3.061: [GC (Allocation Failure) 2020-09-29T18:05:47.258+0200: 3.061: [ParNew: 581807K->36779K(613440K), 0.0156213 secs] 582933K->37906K(2029056K), 0.0156840 secs] [Times: user=0.13 sys=0.00, real=0.02 secs] 
2020-09-29T18:05:47.324+0200: 3.127: [GC (Allocation Failure) 2020-09-29T18:05:47.324+0200: 3.127: [ParNew: 582123K->31286K(613440K), 0.0154142 secs] 583250K->32413K(2029056K), 0.0154855 secs] [Times: user=0.13 sys=0.00, real=0.02 secs] 
2020-09-29T18:05:47.388+0200: 3.191: [GC (Allocation Failure) 2020-09-29T18:05:47.388+0200: 3.191: [ParNew: 576630K->49323K(613440K), 0.0184023 secs] 577757K->50450K(2029056K), 0.0184602 secs] [Times: user=0.13 sys=0.00, real=0.02 secs] 
2020-09-29T18:05:47.454+0200: 3.258: [GC (Allocation Failure) 2020-09-29T18:05:47.454+0200: 3.258: [ParNew: 594667K->40347K(613440K), 0.0177904 secs] 595794K->41473K(2029056K), 0.0178452 secs] [Times: user=0.13 sys=0.00, real=0.02 secs] 
2020-09-29T18:05:47.520+0200: 3.323: [GC (Allocation Failure) 2020-09-29T18:05:47.520+0200: 3.323: [ParNew: 585691K->64119K(613440K), 0.0218949 secs] 586817K->65246K(2029056K), 0.0219668 secs] [Times: user=0.25 sys=0.00, real=0.02 secs] 
2020-09-29T18:05:47.590+0200: 3.393: [GC (Allocation Failure) 2020-09-29T18:05:47.590+0200: 3.393: [ParNew: 609463K->48435K(613440K), 0.0170905 secs] 610590K->49561K(2029056K), 0.0171554 secs] [Times: user=0.11 sys=0.00, real=0.02 secs] 
2020-09-29T18:05:47.657+0200: 3.461: [GC (Allocation Failure) 2020-09-29T18:05:47.657+0200: 3.461: [ParNew: 593779K->39176K(613440K), 0.0147058 secs] 594905K->40302K(2029056K), 0.0147639 secs] [Times: user=0.13 sys=0.00, real=0.01 secs] 
2020-09-29T18:05:47.719+0200: 3.522: [GC (Allocation Failure) 2020-09-29T18:05:47.719+0200: 3.522: [ParNew: 584520K->28382K(613440K), 0.0135026 secs] 585646K->29508K(2029056K), 0.0135655 secs] [Times: user=0.13 sys=0.00, real=0.01 secs] 
2020-09-29T18:05:47.784+0200: 3.587: [GC (Allocation Failure) 2020-09-29T18:05:47.784+0200: 3.587: [ParNew: 573726K->46405K(613440K), 0.0176192 secs] 574852K->47531K(2029056K), 0.0178027 secs] [Times: user=0.13 sys=0.00, real=0.02 secs] 
2020-09-29T18:05:47.856+0200: 3.660: [GC (Allocation Failure) 2020-09-29T18:05:47.856+0200: 3.660: [ParNew: 591749K->41132K(613440K), 0.0176856 secs] 592875K->42259K(2029056K), 0.0177545 secs] [Times: user=0.13 sys=0.00, real=0.02 secs] 
2020-09-29T18:05:47.924+0200: 3.728: [GC (Allocation Failure) 2020-09-29T18:05:47.924+0200: 3.728: [ParNew: 586476K->38410K(613440K), 0.0169687 secs] 587603K->39536K(2029056K), 0.0170226 secs] [Times: user=0.13 sys=0.00, real=0.02 secs] 
2020-09-29T18:05:47.991+0200: 3.795: [GC (Allocation Failure) 2020-09-29T18:05:47.991+0200: 3.795: [ParNew: 583754K->62752K(613440K), 0.0224246 secs] 584880K->63879K(2029056K), 0.0225113 secs] [Times: user=0.13 sys=0.00, real=0.02 secs] 
2020-09-29T18:05:48.062+0200: 3.866: [GC (Allocation Failure) 2020-09-29T18:05:48.062+0200: 3.866: [ParNew: 608096K->53454K(613440K), 0.0209929 secs] 609223K->54580K(2029056K), 0.0210866 secs] [Times: user=0.25 sys=0.00, real=0.02 secs] 
2020-09-29T18:05:48.131+0200: 3.935: [GC (Allocation Failure) 2020-09-29T18:05:48.131+0200: 3.935: [ParNew: 598798K->43474K(613440K), 0.0146668 secs] 599924K->44600K(2029056K), 0.0147238 secs] [Times: user=0.13 sys=0.00, real=0.01 secs] 
2020-09-29T18:05:48.199+0200: 4.002: [GC (Allocation Failure) 2020-09-29T18:05:48.199+0200: 4.002: [ParNew: 588818K->36912K(613440K), 0.0164036 secs] 589944K->38039K(2029056K), 0.0164842 secs] [Times: user=0.11 sys=0.00, real=0.02 secs] 
2020-09-29T18:05:48.268+0200: 4.072: [GC (Allocation Failure) 2020-09-29T18:05:48.268+0200: 4.072: [ParNew: 582256K->46287K(613440K), 0.0188512 secs] 583383K->47413K(2029056K), 0.0189196 secs] [Times: user=0.25 sys=0.00, real=0.02 secs] 
2020-09-29T18:05:48.339+0200: 4.142: [GC (Allocation Failure) 2020-09-29T18:05:48.339+0200: 4.142: [ParNew: 591631K->39434K(613440K), 0.0191238 secs] 592757K->40560K(2029056K), 0.0191874 secs] [Times: user=0.13 sys=0.00, real=0.02 secs] 
2020-09-29T18:05:48.410+0200: 4.213: [GC (Allocation Failure) 2020-09-29T18:05:48.410+0200: 4.213: [ParNew: 584778K->49456K(613440K), 0.0224295 secs] 585904K->50582K(2029056K), 0.0225025 secs] [Times: user=0.22 sys=0.00, real=0.02 secs] 
2020-09-29T18:05:48.488+0200: 4.291: [GC (Allocation Failure) 2020-09-29T18:05:48.488+0200: 4.291: [ParNew: 594800K->62872K(613440K), 0.0224510 secs] 595926K->63999K(2029056K), 0.0225098 secs] [Times: user=0.25 sys=0.00, real=0.02 secs] 
2020-09-29T18:05:48.557+0200: 4.360: [GC (Allocation Failure) 2020-09-29T18:05:48.557+0200: 4.360: [ParNew: 608216K->39241K(613440K), 0.0083557 secs] 609343K->40368K(2029056K), 0.0084291 secs] [Times: user=0.00 sys=0.00, real=0.01 secs] 
2020-09-29T18:05:48.619+0200: 4.422: [GC (Allocation Failure) 2020-09-29T18:05:48.619+0200: 4.422: [ParNew: 584585K->13795K(613440K), 0.0067581 secs] 585712K->14922K(2029056K), 0.0068169 secs] [Times: user=0.00 sys=0.00, real=0.01 secs] 
2020-09-29T18:05:48.675+0200: 4.479: [GC (Allocation Failure) 2020-09-29T18:05:48.675+0200: 4.479: [ParNew: 559139K->34880K(613440K), 0.0153089 secs] 560266K->36006K(2029056K), 0.0153639 secs] [Times: user=0.13 sys=0.00, real=0.02 secs] 
2020-09-29T18:05:48.740+0200: 4.543: [GC (Allocation Failure) 2020-09-29T18:05:48.740+0200: 4.543: [ParNew: 580224K->44101K(613440K), 0.0151343 secs] 581350K->45227K(2029056K), 0.0151915 secs] [Times: user=0.13 sys=0.00, real=0.02 secs] 
2020-09-29T18:05:48.803+0200: 4.606: [GC (Allocation Failure) 2020-09-29T18:05:48.803+0200: 4.606: [ParNew: 589445K->50241K(613440K), 0.0197508 secs] 590571K->51367K(2029056K), 0.0198117 secs] [Times: user=0.13 sys=0.00, real=0.02 secs] 
2020-09-29T18:05:48.872+0200: 4.675: [GC (Allocation Failure) 2020-09-29T18:05:48.872+0200: 4.675: [ParNew: 595585K->42668K(613440K), 0.0141828 secs] 596711K->43794K(2029056K), 0.0142404 secs] [Times: user=0.13 sys=0.00, real=0.01 secs] 
2020-09-29T18:05:48.936+0200: 4.739: [GC (Allocation Failure) 2020-09-29T18:05:48.936+0200: 4.739: [ParNew: 588012K->41046K(613440K), 0.0177122 secs] 589138K->42172K(2029056K), 0.0177683 secs] [Times: user=0.13 sys=0.00, real=0.02 secs] 
2020-09-29T18:05:49.003+0200: 4.806: [GC (Allocation Failure) 2020-09-29T18:05:49.003+0200: 4.806: [ParNew: 586390K->43414K(613440K), 0.0179428 secs] 587516K->44541K(2029056K), 0.0180133 secs] [Times: user=0.25 sys=0.00, real=0.02 secs] 
2020-09-29T18:05:49.069+0200: 4.873: [GC (Allocation Failure) 2020-09-29T18:05:49.069+0200: 4.873: [ParNew: 588758K->39554K(613440K), 0.0167529 secs] 589885K->40681K(2029056K), 0.0168104 secs] [Times: user=0.13 sys=0.00, real=0.02 secs] 
2020-09-29T18:05:49.133+0200: 4.937: [GC (Allocation Failure) 2020-09-29T18:05:49.133+0200: 4.937: [ParNew: 584898K->61060K(613440K), 0.0199317 secs] 586025K->62187K(2029056K), 0.0268587 secs] [Times: user=0.13 sys=0.00, real=0.03 secs] 
2020-09-29T18:05:49.228+0200: 5.032: [GC (Allocation Failure) 2020-09-29T18:05:49.228+0200: 5.032: [ParNew: 606404K->47184K(613440K), 0.0203621 secs] 607531K->48311K(2029056K), 0.0204196 secs] [Times: user=0.13 sys=0.00, real=0.02 secs] 
2020-09-29T18:05:49.296+0200: 5.100: [GC (Allocation Failure) 2020-09-29T18:05:49.296+0200: 5.100: [ParNew: 592528K->46692K(613440K), 0.0196357 secs] 593655K->47819K(2029056K), 0.0197009 secs] [Times: user=0.13 sys=0.00, real=0.02 secs] 
2020-09-29T18:05:49.365+0200: 5.169: [GC (Allocation Failure) 2020-09-29T18:05:49.365+0200: 5.169: [ParNew: 592036K->49468K(613440K), 0.0184722 secs] 593163K->50595K(2029056K), 0.0185430 secs] [Times: user=0.13 sys=0.00, real=0.02 secs] 
2020-09-29T18:05:49.432+0200: 5.235: [GC (Allocation Failure) 2020-09-29T18:05:49.432+0200: 5.235: [ParNew: 594812K->46337K(613440K), 0.0176291 secs] 595939K->47463K(2029056K), 0.0176865 secs] [Times: user=0.13 sys=0.00, real=0.02 secs] 
2020-09-29T18:05:49.497+0200: 5.301: [GC (Allocation Failure) 2020-09-29T18:05:49.497+0200: 5.301: [ParNew: 591681K->67061K(613440K), 0.0227688 secs] 592807K->68188K(2029056K), 0.0228362 secs] [Times: user=0.25 sys=0.00, real=0.02 secs] 
2020-09-29T18:05:49.568+0200: 5.372: [GC (Allocation Failure) 2020-09-29T18:05:49.568+0200: 5.372: [ParNew: 612405K->68096K(613440K), 0.0230676 secs] 613532K->69482K(2029056K), 0.0231257 secs] [Times: user=0.11 sys=0.00, real=0.02 secs] 
2020-09-29T18:05:49.642+0200: 5.446: [GC (Allocation Failure) 2020-09-29T18:05:49.642+0200: 5.446: [ParNew: 613440K->68096K(613440K), 0.0280018 secs] 614826K->72044K(2029056K), 0.0280567 secs] [Times: user=0.23 sys=0.00, real=0.03 secs] 
2020-09-29T18:05:49.717+0200: 5.521: [GC (Allocation Failure) 2020-09-29T18:05:49.717+0200: 5.521: [ParNew: 613440K->57872K(613440K), 0.0136771 secs] 617388K->61821K(2029056K), 0.0137331 secs] [Times: user=0.13 sys=0.00, real=0.01 secs] 
2020-09-29T18:05:49.782+0200: 5.586: [GC (Allocation Failure) 2020-09-29T18:05:49.782+0200: 5.586: [ParNew: 603216K->49729K(613440K), 0.0214446 secs] 607165K->53678K(2029056K), 0.0215277 secs] [Times: user=0.25 sys=0.00, real=0.02 secs] 
2020-09-29T18:05:49.852+0200: 5.656: [GC (Allocation Failure) 2020-09-29T18:05:49.852+0200: 5.656: [ParNew: 595073K->39659K(613440K), 0.0144284 secs] 599022K->43608K(2029056K), 0.0144866 secs] [Times: user=0.13 sys=0.00, real=0.02 secs] 
2020-09-29T18:05:49.918+0200: 5.721: [GC (Allocation Failure) 2020-09-29T18:05:49.918+0200: 5.722: [ParNew: 585003K->41180K(613440K), 0.0189916 secs] 588952K->45128K(2029056K), 0.0190482 secs] [Times: user=0.13 sys=0.00, real=0.02 secs] 
2020-09-29T18:05:49.985+0200: 5.789: [GC (Allocation Failure) 2020-09-29T18:05:49.986+0200: 5.789: [ParNew: 586524K->57547K(613440K), 0.0183344 secs] 590472K->61496K(2029056K), 0.0184145 secs] [Times: user=0.13 sys=0.00, real=0.02 secs] 
2020-09-29T18:05:50.053+0200: 5.857: [GC (Allocation Failure) 2020-09-29T18:05:50.053+0200: 5.857: [ParNew: 602891K->26735K(613440K), 0.0104425 secs] 606840K->30684K(2029056K), 0.0105331 secs] [Times: user=0.00 sys=0.00, real=0.01 secs] 
2020-09-29T18:05:50.114+0200: 5.917: [GC (Allocation Failure) 2020-09-29T18:05:50.114+0200: 5.917: [ParNew: 572079K->36263K(613440K), 0.0173989 secs] 576028K->40211K(2029056K), 0.0174589 secs] [Times: user=0.13 sys=0.00, real=0.02 secs] 
2020-09-29T18:05:50.184+0200: 5.987: [GC (Allocation Failure) 2020-09-29T18:05:50.184+0200: 5.987: [ParNew: 581607K->29779K(613440K), 0.0174713 secs] 585555K->33727K(2029056K), 0.0175326 secs] [Times: user=0.11 sys=0.00, real=0.02 secs] 
2020-09-29T18:05:50.256+0200: 6.060: [GC (Allocation Failure) 2020-09-29T18:05:50.256+0200: 6.060: [ParNew: 575123K->29254K(613440K), 0.0137625 secs] 579071K->33203K(2029056K), 0.0138383 secs] [Times: user=0.13 sys=0.00, real=0.01 secs] 
2020-09-29T18:05:50.323+0200: 6.126: [GC (Allocation Failure) 2020-09-29T18:05:50.323+0200: 6.126: [ParNew: 574598K->29342K(613440K), 0.0119938 secs] 578547K->33291K(2029056K), 0.0120682 secs] [Times: user=0.13 sys=0.00, real=0.01 secs] 
2020-09-29T18:05:50.391+0200: 6.195: [GC (Allocation Failure) 2020-09-29T18:05:50.391+0200: 6.195: [ParNew: 574686K->44436K(613440K), 0.0162805 secs] 578635K->48384K(2029056K), 0.0163364 secs] [Times: user=0.13 sys=0.00, real=0.02 secs] 
2020-09-29T18:05:50.457+0200: 6.261: [GC (Allocation Failure) 2020-09-29T18:05:50.457+0200: 6.261: [ParNew: 589780K->66981K(613440K), 0.0260415 secs] 593728K->70929K(2029056K), 0.0261003 secs] [Times: user=0.20 sys=0.02, real=0.03 secs] 
2020-09-29T18:05:50.531+0200: 6.335: [GC (Allocation Failure) 2020-09-29T18:05:50.531+0200: 6.335: [ParNew: 612325K->49517K(613440K), 0.0195891 secs] 616273K->53466K(2029056K), 0.0196568 secs] [Times: user=0.11 sys=0.00, real=0.02 secs] 
2020-09-29T18:05:50.604+0200: 6.407: [GC (Allocation Failure) 2020-09-29T18:05:50.604+0200: 6.407: [ParNew: 594861K->52633K(613440K), 0.0206072 secs] 598810K->56582K(2029056K), 0.0206750 secs] [Times: user=0.13 sys=0.00, real=0.02 secs] 
2020-09-29T18:05:50.677+0200: 6.481: [GC (Allocation Failure) 2020-09-29T18:05:50.677+0200: 6.481: [ParNew: 597977K->45365K(613440K), 0.0206808 secs] 601926K->49314K(2029056K), 0.0207545 secs] [Times: user=0.13 sys=0.00, real=0.02 secs] 
2020-09-29T18:05:50.747+0200: 6.551: [GC (Allocation Failure) 2020-09-29T18:05:50.747+0200: 6.551: [ParNew: 590709K->42707K(613440K), 0.0186294 secs] 594658K->46655K(2029056K), 0.0187035 secs] [Times: user=0.13 sys=0.00, real=0.02 secs] 
2020-09-29T18:05:50.814+0200: 6.617: [GC (Allocation Failure) 2020-09-29T18:05:50.814+0200: 6.617: [ParNew: 588051K->42341K(613440K), 0.0175262 secs] 591999K->46289K(2029056K), 0.0175835 secs] [Times: user=0.13 sys=0.00, real=0.02 secs] 
2020-09-29T18:05:50.880+0200: 6.684: [GC (Allocation Failure) 2020-09-29T18:05:50.880+0200: 6.684: [ParNew: 587685K->41568K(613440K), 0.0170180 secs] 591633K->45516K(2029056K), 0.0170754 secs] [Times: user=0.13 sys=0.00, real=0.02 secs] 
2020-09-29T18:05:50.944+0200: 6.748: [GC (Allocation Failure) 2020-09-29T18:05:50.944+0200: 6.748: [ParNew: 586912K->40311K(613440K), 0.0163970 secs] 590860K->44259K(2029056K), 0.0164567 secs] [Times: user=0.13 sys=0.00, real=0.02 secs] 
2020-09-29T18:05:51.008+0200: 6.812: [GC (Allocation Failure) 2020-09-29T18:05:51.008+0200: 6.812: [ParNew: 585655K->39905K(613440K), 0.0152901 secs] 589603K->43854K(2029056K), 0.0153530 secs] [Times: user=0.13 sys=0.00, real=0.02 secs] 
2020-09-29T18:05:51.074+0200: 6.878: [GC (Allocation Failure) 2020-09-29T18:05:51.074+0200: 6.878: [ParNew: 585249K->57863K(613440K), 0.0207000 secs] 589198K->61812K(2029056K), 0.0207553 secs] [Times: user=0.13 sys=0.00, real=0.02 secs] 
2020-09-29T18:05:51.143+0200: 6.946: [GC (Allocation Failure) 2020-09-29T18:05:51.143+0200: 6.946: [ParNew: 603207K->45001K(613440K), 0.0198349 secs] 607156K->48950K(2029056K), 0.0198978 secs] [Times: user=0.25 sys=0.00, real=0.02 secs] 
2020-09-29T18:05:51.213+0200: 7.017: [GC (Allocation Failure) 2020-09-29T18:05:51.213+0200: 7.017: [ParNew: 590345K->44686K(613440K), 0.0221545 secs] 594294K->48635K(2029056K), 0.0222333 secs] [Times: user=0.11 sys=0.00, real=0.02 secs] 
2020-09-29T18:05:51.286+0200: 7.090: [GC (Allocation Failure) 2020-09-29T18:05:51.286+0200: 7.090: [ParNew: 590030K->44443K(613440K), 0.0180731 secs] 593979K->48391K(2029056K), 0.0181334 secs] [Times: user=0.13 sys=0.00, real=0.02 secs] 
2020-09-29T18:05:51.353+0200: 7.156: [GC (Allocation Failure) 2020-09-29T18:05:51.353+0200: 7.156: [ParNew: 589787K->68096K(613440K), 0.0227115 secs] 593735K->72044K(2029056K), 0.0227926 secs] [Times: user=0.13 sys=0.00, real=0.02 secs] 
2020-09-29T18:05:51.423+0200: 7.227: [GC (Allocation Failure) 2020-09-29T18:05:51.423+0200: 7.227: [ParNew: 613440K->51641K(613440K), 0.0175588 secs] 617388K->55590K(2029056K), 0.0176291 secs] [Times: user=0.13 sys=0.00, real=0.02 secs] 
2020-09-29T18:05:51.489+0200: 7.293: [GC (Allocation Failure) 2020-09-29T18:05:51.489+0200: 7.293: [ParNew: 596985K->66771K(613440K), 0.0229898 secs] 600934K->70720K(2029056K), 0.0230593 secs] [Times: user=0.13 sys=0.00, real=0.02 secs] 
2020-09-29T18:05:51.561+0200: 7.364: [GC (Allocation Failure) 2020-09-29T18:05:51.561+0200: 7.364: [ParNew: 612115K->42070K(613440K), 0.0146465 secs] 616064K->46019K(2029056K), 0.0147213 secs] [Times: user=0.13 sys=0.00, real=0.01 secs] 
2020-09-29T18:05:51.628+0200: 7.432: [GC (Allocation Failure) 2020-09-29T18:05:51.628+0200: 7.432: [ParNew: 587414K->44249K(613440K), 0.0190752 secs] 591363K->48198K(2029056K), 0.0191459 secs] [Times: user=0.23 sys=0.00, real=0.02 secs] 
2020-09-29T18:05:51.697+0200: 7.500: [GC (Allocation Failure) 2020-09-29T18:05:51.697+0200: 7.500: [ParNew: 589593K->37190K(613440K), 0.0126160 secs] 593542K->41139K(2029056K), 0.0126696 secs] [Times: user=0.13 sys=0.00, real=0.01 secs] 
2020-09-29T18:05:51.758+0200: 7.562: [GC (Allocation Failure) 2020-09-29T18:05:51.758+0200: 7.562: [ParNew: 582534K->52633K(613440K), 0.0223474 secs] 586483K->56582K(2029056K), 0.0224188 secs] [Times: user=0.13 sys=0.00, real=0.02 secs] 
2020-09-29T18:05:51.828+0200: 7.632: [GC (Allocation Failure) 2020-09-29T18:05:51.829+0200: 7.632: [ParNew: 597977K->40691K(613440K), 0.0104952 secs] 601926K->44639K(2029056K), 0.0105702 secs] [Times: user=0.13 sys=0.00, real=0.01 secs] 
2020-09-29T18:05:51.890+0200: 7.693: [GC (Allocation Failure) 2020-09-29T18:05:51.890+0200: 7.693: [ParNew: 586035K->29804K(613440K), 0.0147657 secs] 589983K->33753K(2029056K), 0.0148229 secs] [Times: user=0.13 sys=0.00, real=0.01 secs] 
2020-09-29T18:05:51.955+0200: 7.758: [GC (Allocation Failure) 2020-09-29T18:05:51.955+0200: 7.758: [ParNew: 575148K->44916K(613440K), 0.0193147 secs] 579097K->48865K(2029056K), 0.0193867 secs] [Times: user=0.25 sys=0.00, real=0.02 secs] 
2020-09-29T18:05:52.025+0200: 7.828: [GC (Allocation Failure) 2020-09-29T18:05:52.025+0200: 7.828: [ParNew: 590260K->66285K(613440K), 0.0237672 secs] 594209K->70234K(2029056K), 0.0238459 secs] [Times: user=0.13 sys=0.00, real=0.02 secs] 
2020-09-29T18:05:52.096+0200: 7.900: [GC (Allocation Failure) 2020-09-29T18:05:52.096+0200: 7.900: [ParNew: 611629K->45072K(613440K), 0.0102683 secs] 615578K->49021K(2029056K), 0.0103641 secs] [Times: user=0.13 sys=0.00, real=0.01 secs] 
2020-09-29T18:05:52.154+0200: 7.957: [GC (Allocation Failure) 2020-09-29T18:05:52.154+0200: 7.957: [ParNew: 590416K->65088K(613440K), 0.0256896 secs] 594365K->69037K(2029056K), 0.0257726 secs] [Times: user=0.25 sys=0.00, real=0.02 secs] 
2020-09-29T18:05:52.229+0200: 8.033: [GC (Allocation Failure) 2020-09-29T18:05:52.229+0200: 8.033: [ParNew: 610432K->54941K(613440K), 0.0201028 secs] 614381K->58890K(2029056K), 0.0202016 secs] [Times: user=0.11 sys=0.00, real=0.02 secs] 
2020-09-29T18:05:52.297+0200: 8.101: [GC (Allocation Failure) 2020-09-29T18:05:52.297+0200: 8.101: [ParNew: 600285K->68096K(613440K), 0.0246113 secs] 604234K->73250K(2029056K), 0.0246663 secs] [Times: user=0.25 sys=0.00, real=0.03 secs] 
2020-09-29T18:05:52.369+0200: 8.172: [GC (Allocation Failure) 2020-09-29T18:05:52.369+0200: 8.173: [ParNew: 613440K->49471K(613440K), 0.0115771 secs] 618594K->54626K(2029056K), 0.0116342 secs] [Times: user=0.13 sys=0.00, real=0.01 secs] 
2020-09-29T18:05:52.432+0200: 8.235: [GC (Allocation Failure) 2020-09-29T18:05:52.432+0200: 8.235: [ParNew: 594815K->21917K(613440K), 0.0119849 secs] 599970K->27072K(2029056K), 0.0120428 secs] [Times: user=0.13 sys=0.00, real=0.01 secs] 
2020-09-29T18:05:52.494+0200: 8.297: [GC (Allocation Failure) 2020-09-29T18:05:52.494+0200: 8.297: [ParNew: 567261K->40901K(613440K), 0.0157648 secs] 572416K->46056K(2029056K), 0.0158287 secs] [Times: user=0.13 sys=0.00, real=0.02 secs] 
2020-09-29T18:05:52.562+0200: 8.366: [GC (Allocation Failure) 2020-09-29T18:05:52.562+0200: 8.366: [ParNew: 586245K->47670K(613440K), 0.0220110 secs] 591400K->52824K(2029056K), 0.0220995 secs] [Times: user=0.22 sys=0.00, real=0.02 secs] 
2020-09-29T18:05:52.634+0200: 8.438: [GC (Allocation Failure) 2020-09-29T18:05:52.634+0200: 8.438: [ParNew: 593014K->43365K(613440K), 0.0184672 secs] 598168K->48520K(2029056K), 0.0185374 secs] [Times: user=0.13 sys=0.00, real=0.02 secs] 
2020-09-29T18:05:52.700+0200: 8.503: [GC (Allocation Failure) 2020-09-29T18:05:52.700+0200: 8.503: [ParNew: 588709K->45526K(613440K), 0.0165437 secs] 593864K->50681K(2029056K), 0.0166127 secs] [Times: user=0.13 sys=0.00, real=0.02 secs] 
2020-09-29T18:05:52.764+0200: 8.568: [GC (Allocation Failure) 2020-09-29T18:05:52.764+0200: 8.568: [ParNew: 590870K->42287K(613440K), 0.0154901 secs] 596025K->47442K(2029056K), 0.0155462 secs] [Times: user=0.13 sys=0.00, real=0.02 secs] 
2020-09-29T18:05:52.832+0200: 8.636: [GC (Allocation Failure) 2020-09-29T18:05:52.832+0200: 8.636: [ParNew: 587631K->36617K(613440K), 0.0149084 secs] 592786K->41772K(2029056K), 0.0149639 secs] [Times: user=0.13 sys=0.00, real=0.01 secs] 
2020-09-29T18:05:52.896+0200: 8.700: [GC (Allocation Failure) 2020-09-29T18:05:52.896+0200: 8.700: [ParNew: 581961K->35421K(613440K), 0.0142872 secs] 587116K->40576K(2029056K), 0.0143523 secs] [Times: user=0.00 sys=0.00, real=0.01 secs] 
2020-09-29T18:05:52.959+0200: 8.762: [GC (Allocation Failure) 2020-09-29T18:05:52.959+0200: 8.762: [ParNew: 580765K->31352K(613440K), 0.0127073 secs] 585920K->36507K(2029056K), 0.0127748 secs] [Times: user=0.00 sys=0.00, real=0.01 secs] 
2020-09-29T18:05:53.023+0200: 8.826: [GC (Allocation Failure) 2020-09-29T18:05:53.023+0200: 8.826: [ParNew: 576696K->47885K(613440K), 0.0180393 secs] 581851K->53040K(2029056K), 0.0180946 secs] [Times: user=0.13 sys=0.00, real=0.02 secs] 
2020-09-29T18:05:53.097+0200: 8.900: [GC (Allocation Failure) 2020-09-29T18:05:53.097+0200: 8.900: [ParNew: 593229K->36211K(613440K), 0.0127657 secs] 598384K->41366K(2029056K), 0.0128372 secs] [Times: user=0.13 sys=0.00, real=0.01 secs] 
2020-09-29T18:05:53.164+0200: 8.967: [GC (Allocation Failure) 2020-09-29T18:05:53.164+0200: 8.967: [ParNew: 581555K->36126K(613440K), 0.0167689 secs] 586710K->41280K(2029056K), 0.0168267 secs] [Times: user=0.13 sys=0.00, real=0.02 secs] 
2020-09-29T18:05:53.232+0200: 9.036: [GC (Allocation Failure) 2020-09-29T18:05:53.232+0200: 9.036: [ParNew: 581470K->38677K(613440K), 0.0153682 secs] 586624K->43831K(2029056K), 0.0154222 secs] [Times: user=0.11 sys=0.00, real=0.02 secs] 
2020-09-29T18:05:53.298+0200: 9.101: [GC (Allocation Failure) 2020-09-29T18:05:53.298+0200: 9.101: [ParNew: 584021K->35995K(613440K), 0.0159521 secs] 589175K->41150K(2029056K), 0.0160101 secs] [Times: user=0.13 sys=0.00, real=0.02 secs] 
2020-09-29T18:05:53.361+0200: 9.165: [GC (Allocation Failure) 2020-09-29T18:05:53.361+0200: 9.165: [ParNew: 581339K->55479K(613440K), 0.0192991 secs] 586494K->60634K(2029056K), 0.0193694 secs] [Times: user=0.25 sys=0.00, real=0.02 secs] 
2020-09-29T18:05:53.428+0200: 9.232: [GC (Allocation Failure) 2020-09-29T18:05:53.428+0200: 9.232: [ParNew: 600823K->44751K(613440K), 0.0178291 secs] 605978K->49906K(2029056K), 0.0178834 secs] [Times: user=0.13 sys=0.00, real=0.02 secs] 
2020-09-29T18:05:53.493+0200: 9.297: [GC (Allocation Failure) 2020-09-29T18:05:53.493+0200: 9.297: [ParNew: 590095K->35199K(613440K), 0.0116601 secs] 595250K->40354K(2029056K), 0.0117154 secs] [Times: user=0.13 sys=0.00, real=0.01 secs] 
2020-09-29T18:05:53.556+0200: 9.359: [GC (Allocation Failure) 2020-09-29T18:05:53.556+0200: 9.359: [ParNew: 580543K->51731K(613440K), 0.0230981 secs] 585698K->56885K(2029056K), 0.0231914 secs] [Times: user=0.13 sys=0.00, real=0.02 secs] 
2020-09-29T18:05:53.632+0200: 9.436: [GC (Allocation Failure) 2020-09-29T18:05:53.632+0200: 9.436: [ParNew: 597075K->44323K(613440K), 0.0176015 secs] 602229K->49478K(2029056K), 0.0176796 secs] [Times: user=0.13 sys=0.00, real=0.02 secs] 
2020-09-29T18:05:53.700+0200: 9.503: [GC (Allocation Failure) 2020-09-29T18:05:53.700+0200: 9.503: [ParNew: 589667K->38971K(613440K), 0.0153134 secs] 594822K->44126K(2029056K), 0.0153742 secs] [Times: user=0.13 sys=0.00, real=0.01 secs] 
2020-09-29T18:05:53.762+0200: 9.565: [GC (Allocation Failure) 2020-09-29T18:05:53.762+0200: 9.565: [ParNew: 584315K->30125K(613440K), 0.0149791 secs] 589470K->35280K(2029056K), 0.0150440 secs] [Times: user=0.13 sys=0.00, real=0.01 secs] 
2020-09-29T18:05:53.827+0200: 9.631: [GC (Allocation Failure) 2020-09-29T18:05:53.827+0200: 9.631: [ParNew: 575469K->55106K(613440K), 0.0243069 secs] 580624K->60261K(2029056K), 0.0243791 secs] [Times: user=0.25 sys=0.00, real=0.03 secs] 
2020-09-29T18:05:53.902+0200: 9.705: [GC (Allocation Failure) 2020-09-29T18:05:53.902+0200: 9.705: [ParNew: 600450K->68096K(613440K), 0.0292790 secs] 605605K->73525K(2029056K), 0.0293524 secs] [Times: user=0.23 sys=0.00, real=0.03 secs] 
2020-09-29T18:05:53.981+0200: 9.785: [GC (Allocation Failure) 2020-09-29T18:05:53.981+0200: 9.785: [ParNew: 613440K->49824K(613440K), 0.0182452 secs] 618869K->55254K(2029056K), 0.0183037 secs] [Times: user=0.13 sys=0.00, real=0.02 secs] 
2020-09-29T18:05:54.052+0200: 9.856: [GC (Allocation Failure) 2020-09-29T18:05:54.052+0200: 9.856: [ParNew: 595168K->45899K(613440K), 0.0170566 secs] 600598K->51328K(2029056K), 0.0171297 secs] [Times: user=0.13 sys=0.00, real=0.02 secs] 
2020-09-29T18:05:54.121+0200: 9.925: [GC (Allocation Failure) 2020-09-29T18:05:54.121+0200: 9.925: [ParNew: 591243K->67056K(613440K), 0.0211104 secs] 596672K->72486K(2029056K), 0.0212003 secs] [Times: user=0.13 sys=0.00, real=0.02 secs] 
2020-09-29T18:05:54.192+0200: 9.996: [GC (Allocation Failure) 2020-09-29T18:05:54.192+0200: 9.996: [ParNew: 612400K->46054K(613440K), 0.0204925 secs] 617830K->51483K(2029056K), 0.0205839 secs] [Times: user=0.11 sys=0.00, real=0.02 secs] 
2020-09-29T18:05:54.263+0200: 10.067: [GC (Allocation Failure) 2020-09-29T18:05:54.263+0200: 10.067: [ParNew: 591398K->68096K(613440K), 0.0249743 secs] 596827K->73525K(2029056K), 0.0250585 secs] [Times: user=0.25 sys=0.00, real=0.03 secs] 
2020-09-29T18:05:54.335+0200: 10.138: [GC (Allocation Failure) 2020-09-29T18:05:54.335+0200: 10.139: [ParNew: 613440K->59277K(613440K), 0.0194553 secs] 618869K->64707K(2029056K), 0.0195118 secs] [Times: user=0.13 sys=0.00, real=0.02 secs] 
2020-09-29T18:05:54.402+0200: 10.205: [GC (Allocation Failure) 2020-09-29T18:05:54.402+0200: 10.205: [ParNew: 604621K->68096K(613440K), 0.0234836 secs] 610051K->73960K(2029056K), 0.0235394 secs] [Times: user=0.13 sys=0.00, real=0.02 secs] 
2020-09-29T18:05:54.473+0200: 10.276: [GC (Allocation Failure) 2020-09-29T18:05:54.473+0200: 10.276: [ParNew: 613440K->55435K(613440K), 0.0227795 secs] 619304K->61300K(2029056K), 0.0228482 secs] [Times: user=0.25 sys=0.00, real=0.02 secs] 
2020-09-29T18:05:54.542+0200: 10.346: [GC (Allocation Failure) 2020-09-29T18:05:54.542+0200: 10.346: [ParNew: 600779K->49174K(613440K), 0.0165091 secs] 606644K->55038K(2029056K), 0.0165641 secs] [Times: user=0.13 sys=0.00, real=0.02 secs] 
2020-09-29T18:05:54.611+0200: 10.414: [GC (Allocation Failure) 2020-09-29T18:05:54.611+0200: 10.414: [ParNew: 594518K->42848K(613440K), 0.0154325 secs] 600382K->48713K(2029056K), 0.0154896 secs] [Times: user=0.13 sys=0.00, real=0.01 secs] 
2020-09-29T18:05:54.680+0200: 10.484: [GC (Allocation Failure) 2020-09-29T18:05:54.680+0200: 10.484: [ParNew: 588192K->36619K(613440K), 0.0148884 secs] 594057K->42484K(2029056K), 0.0149505 secs] [Times: user=0.13 sys=0.00, real=0.01 secs] 
2020-09-29T18:05:54.743+0200: 10.546: [GC (Allocation Failure) 2020-09-29T18:05:54.743+0200: 10.546: [ParNew: 581963K->57030K(613440K), 0.0193328 secs] 587828K->62895K(2029056K), 0.0193902 secs] [Times: user=0.13 sys=0.00, real=0.02 secs] 
2020-09-29T18:05:54.814+0200: 10.617: [GC (Allocation Failure) 2020-09-29T18:05:54.814+0200: 10.617: [ParNew: 602374K->45018K(613440K), 0.0192205 secs] 608239K->50882K(2029056K), 0.0192920 secs] [Times: user=0.25 sys=0.00, real=0.02 secs] 
2020-09-29T18:05:54.881+0200: 10.685: [GC (Allocation Failure) 2020-09-29T18:05:54.881+0200: 10.685: [ParNew: 590362K->42224K(613440K), 0.0194897 secs] 596226K->48089K(2029056K), 0.0195486 secs] [Times: user=0.11 sys=0.00, real=0.02 secs] 
2020-09-29T18:05:54.948+0200: 10.752: [GC (Allocation Failure) 2020-09-29T18:05:54.948+0200: 10.752: [ParNew: 587568K->43530K(613440K), 0.0172238 secs] 593433K->49394K(2029056K), 0.0172822 secs] [Times: user=0.13 sys=0.00, real=0.02 secs] 
2020-09-29T18:05:55.017+0200: 10.820: [GC (Allocation Failure) 2020-09-29T18:05:55.017+0200: 10.820: [ParNew: 588874K->36799K(613440K), 0.0173830 secs] 594738K->42664K(2029056K), 0.0174459 secs] [Times: user=0.13 sys=0.00, real=0.02 secs] 
2020-09-29T18:05:55.086+0200: 10.889: [GC (Allocation Failure) 2020-09-29T18:05:55.086+0200: 10.889: [ParNew: 582143K->59584K(613440K), 0.0214668 secs] 588008K->65448K(2029056K), 0.0215555 secs] [Times: user=0.13 sys=0.00, real=0.02 secs] 
2020-09-29T18:05:55.155+0200: 10.959: [GC (Allocation Failure) 2020-09-29T18:05:55.155+0200: 10.959: [ParNew: 604459K->38844K(613440K), 0.0078668 secs] 610324K->44709K(2029056K), 0.0079274 secs] [Times: user=0.13 sys=0.00, real=0.01 secs] 
2020-09-29T18:05:55.214+0200: 11.017: [GC (Allocation Failure) 2020-09-29T18:05:55.214+0200: 11.017: [ParNew: 584188K->43355K(613440K), 0.0201806 secs] 590053K->49220K(2029056K), 0.0202776 secs] [Times: user=0.13 sys=0.00, real=0.02 secs] 
2020-09-29T18:05:55.288+0200: 11.091: [GC (Allocation Failure) 2020-09-29T18:05:55.288+0200: 11.091: [ParNew: 588699K->47506K(613440K), 0.0174010 secs] 594564K->53370K(2029056K), 0.0174640 secs] [Times: user=0.13 sys=0.00, real=0.02 secs] 
2020-09-29T18:05:55.351+0200: 11.155: [GC (Allocation Failure) 2020-09-29T18:05:55.351+0200: 11.155: [ParNew: 592850K->31067K(613440K), 0.0102995 secs] 598714K->36931K(2029056K), 0.0103551 secs] [Times: user=0.00 sys=0.00, real=0.01 secs] 
2020-09-29T18:05:55.414+0200: 11.218: [GC (Allocation Failure) 2020-09-29T18:05:55.414+0200: 11.218: [ParNew: 576411K->44689K(613440K), 0.0207236 secs] 582275K->50554K(2029056K), 0.0207949 secs] [Times: user=0.13 sys=0.00, real=0.02 secs] 
2020-09-29T18:05:55.482+0200: 11.285: [GC (Allocation Failure) 2020-09-29T18:05:55.482+0200: 11.285: [ParNew: 590033K->41786K(613440K), 0.0134574 secs] 595898K->47651K(2029056K), 0.0135261 secs] [Times: user=0.13 sys=0.00, real=0.01 secs] 
2020-09-29T18:05:55.542+0200: 11.346: [GC (Allocation Failure) 2020-09-29T18:05:55.542+0200: 11.346: [ParNew: 587130K->37049K(613440K), 0.0129682 secs] 592995K->42914K(2029056K), 0.0130243 secs] [Times: user=0.13 sys=0.00, real=0.01 secs] 
2020-09-29T18:05:55.607+0200: 11.410: [GC (Allocation Failure) 2020-09-29T18:05:55.607+0200: 11.410: [ParNew: 582393K->26717K(613440K), 0.0125148 secs] 588258K->32582K(2029056K), 0.0125794 secs] [Times: user=0.11 sys=0.00, real=0.01 secs] 
2020-09-29T18:05:55.669+0200: 11.473: [GC (Allocation Failure) 2020-09-29T18:05:55.669+0200: 11.473: [ParNew: 572061K->43692K(613440K), 0.0176423 secs] 577926K->49557K(2029056K), 0.0177144 secs] [Times: user=0.13 sys=0.00, real=0.02 secs] 
2020-09-29T18:05:55.734+0200: 11.537: [GC (Allocation Failure) 2020-09-29T18:05:55.734+0200: 11.537: [ParNew: 589036K->48358K(613440K), 0.0165846 secs] 594901K->54222K(2029056K), 0.0166353 secs] [Times: user=0.13 sys=0.00, real=0.02 secs] 
2020-09-29T18:05:55.799+0200: 11.603: [GC (Allocation Failure) 2020-09-29T18:05:55.799+0200: 11.603: [ParNew: 593702K->62309K(613440K), 0.0209835 secs] 599566K->68173K(2029056K), 0.0210611 secs] [Times: user=0.25 sys=0.00, real=0.02 secs] 
2020-09-29T18:05:55.867+0200: 11.671: [GC (Allocation Failure) 2020-09-29T18:05:55.867+0200: 11.671: [ParNew: 607653K->40985K(613440K), 0.0147981 secs] 613517K->46850K(2029056K), 0.0148718 secs] [Times: user=0.13 sys=0.00, real=0.01 secs] 
2020-09-29T18:05:55.929+0200: 11.733: [GC (Allocation Failure) 2020-09-29T18:05:55.929+0200: 11.733: [ParNew: 586329K->40721K(613440K), 0.0189429 secs] 592194K->46586K(2029056K), 0.0190124 secs] [Times: user=0.13 sys=0.00, real=0.02 secs] 
2020-09-29T18:05:55.996+0200: 11.799: [GC (Allocation Failure) 2020-09-29T18:05:55.996+0200: 11.799: [ParNew: 586065K->35825K(613440K), 0.0123106 secs] 591930K->41690K(2029056K), 0.0123654 secs] [Times: user=0.13 sys=0.00, real=0.01 secs] 
2020-09-29T18:05:56.056+0200: 11.859: [GC (Allocation Failure) 2020-09-29T18:05:56.056+0200: 11.859: [ParNew: 581169K->34546K(613440K), 0.0162122 secs] 587034K->40410K(2029056K), 0.0162823 secs] [Times: user=0.13 sys=0.00, real=0.02 secs] 
2020-09-29T18:05:56.119+0200: 11.923: [GC (Allocation Failure) 2020-09-29T18:05:56.119+0200: 11.923: [ParNew: 579890K->29819K(613440K), 0.0096892 secs] 585754K->35684K(2029056K), 0.0097446 secs] [Times: user=0.00 sys=0.00, real=0.01 secs] 
2020-09-29T18:05:56.181+0200: 11.985: [GC (Allocation Failure) 2020-09-29T18:05:56.181+0200: 11.985: [ParNew: 575163K->46264K(613440K), 0.0240917 secs] 581028K->52129K(2029056K), 0.0241527 secs] [Times: user=0.11 sys=0.00, real=0.02 secs] 
2020-09-29T18:05:56.254+0200: 12.058: [GC (Allocation Failure) 2020-09-29T18:05:56.255+0200: 12.058: [ParNew: 591608K->28441K(613440K), 0.0077858 secs] 597473K->34306K(2029056K), 0.0078554 secs] [Times: user=0.02 sys=0.00, real=0.01 secs] 
2020-09-29T18:05:56.312+0200: 12.116: [GC (Allocation Failure) 2020-09-29T18:05:56.312+0200: 12.116: [ParNew: 573785K->38553K(613440K), 0.0174937 secs] 579650K->44418K(2029056K), 0.0175567 secs] [Times: user=0.13 sys=0.00, real=0.02 secs] 
2020-09-29T18:05:56.378+0200: 12.181: [GC (Allocation Failure) 2020-09-29T18:05:56.378+0200: 12.181: [ParNew: 583897K->68096K(613440K), 0.0271863 secs] 589762K->74669K(2029056K), 0.0272415 secs] [Times: user=0.25 sys=0.00, real=0.03 secs] 
2020-09-29T18:05:56.452+0200: 12.255: [GC (Allocation Failure) 2020-09-29T18:05:56.452+0200: 12.255: [ParNew: 613440K->54221K(613440K), 0.0160830 secs] 620013K->60794K(2029056K), 0.0161524 secs] [Times: user=0.13 sys=0.00, real=0.02 secs] 
2020-09-29T18:05:56.516+0200: 12.320: [GC (Allocation Failure) 2020-09-29T18:05:56.516+0200: 12.320: [ParNew: 599565K->52607K(613440K), 0.0206773 secs] 606138K->59180K(2029056K), 0.0207410 secs] [Times: user=0.25 sys=0.00, real=0.02 secs] 
2020-09-29T18:05:56.586+0200: 12.389: [GC (Allocation Failure) 2020-09-29T18:05:56.586+0200: 12.389: [ParNew: 597951K->48484K(613440K), 0.0154998 secs] 604524K->55058K(2029056K), 0.0155613 secs] [Times: user=0.13 sys=0.00, real=0.02 secs] 
2020-09-29T18:05:56.654+0200: 12.458: [GC (Allocation Failure) 2020-09-29T18:05:56.654+0200: 12.458: [ParNew: 593828K->40546K(613440K), 0.0176773 secs] 600402K->47119K(2029056K), 0.0177377 secs] [Times: user=0.13 sys=0.00, real=0.02 secs] 
2020-09-29T18:05:56.723+0200: 12.527: [GC (Allocation Failure) 2020-09-29T18:05:56.723+0200: 12.527: [ParNew: 585890K->53638K(613440K), 0.0186063 secs] 592463K->60211K(2029056K), 0.0186637 secs] [Times: user=0.13 sys=0.00, real=0.02 secs] 
2020-09-29T18:05:56.789+0200: 12.593: [GC (Allocation Failure) 2020-09-29T18:05:56.789+0200: 12.593: [ParNew: 598982K->36290K(613440K), 0.0128549 secs] 605555K->42863K(2029056K), 0.0129148 secs] [Times: user=0.11 sys=0.00, real=0.01 secs] 
2020-09-29T18:05:56.849+0200: 12.653: [GC (Allocation Failure) 2020-09-29T18:05:56.849+0200: 12.653: [ParNew: 581634K->35089K(613440K), 0.0162589 secs] 588207K->41662K(2029056K), 0.0163185 secs] [Times: user=0.13 sys=0.00, real=0.02 secs] 
2020-09-29T18:05:56.916+0200: 12.719: [GC (Allocation Failure) 2020-09-29T18:05:56.916+0200: 12.719: [ParNew: 580433K->48715K(613440K), 0.0209939 secs] 587006K->55288K(2029056K), 0.0210641 secs] [Times: user=0.13 sys=0.00, real=0.02 secs] 
2020-09-29T18:05:56.984+0200: 12.787: [GC (Allocation Failure) 2020-09-29T18:05:56.984+0200: 12.787: [ParNew: 594059K->58363K(613440K), 0.0201080 secs] 600632K->64936K(2029056K), 0.0202055 secs] [Times: user=0.13 sys=0.00, real=0.02 secs] 
2020-09-29T18:05:57.051+0200: 12.855: [GC (Allocation Failure) 2020-09-29T18:05:57.051+0200: 12.855: [ParNew: 603707K->68096K(613440K), 0.0242169 secs] 610280K->75366K(2029056K), 0.0242722 secs] [Times: user=0.25 sys=0.00, real=0.02 secs] 
2020-09-29T18:05:57.123+0200: 12.927: [GC (Allocation Failure) 2020-09-29T18:05:57.123+0200: 12.927: [ParNew: 613440K->52506K(613440K), 0.0181378 secs] 620710K->59777K(2029056K), 0.0181920 secs] [Times: user=0.13 sys=0.00, real=0.02 secs] 
2020-09-29T18:05:57.190+0200: 12.993: [GC (Allocation Failure) 2020-09-29T18:05:57.190+0200: 12.993: [ParNew: 597850K->40795K(613440K), 0.0187473 secs] 605121K->48065K(2029056K), 0.0188088 secs] [Times: user=0.22 sys=0.00, real=0.02 secs] 
2020-09-29T18:05:57.259+0200: 13.063: [GC (Allocation Failure) 2020-09-29T18:05:57.259+0200: 13.063: [ParNew: 586139K->36864K(613440K), 0.0157170 secs] 593409K->44134K(2029056K), 0.0157711 secs] [Times: user=0.13 sys=0.00, real=0.02 secs] 
2020-09-29T18:05:57.323+0200: 13.127: [GC (Allocation Failure) 2020-09-29T18:05:57.325+0200: 13.128: [ParNew: 582208K->34621K(613440K), 0.0143049 secs] 589478K->41892K(2029056K), 0.0157756 secs] [Times: user=0.13 sys=0.00, real=0.02 secs] 
2020-09-29T18:05:57.386+0200: 13.190: [GC (Allocation Failure) 2020-09-29T18:05:57.386+0200: 13.190: [ParNew: 579965K->34925K(613440K), 0.0135119 secs] 587236K->42195K(2029056K), 0.0135673 secs] [Times: user=0.13 sys=0.00, real=0.01 secs] 
2020-09-29T18:05:57.447+0200: 13.250: [GC (Allocation Failure) 2020-09-29T18:05:57.447+0200: 13.250: [ParNew: 580269K->61002K(613440K), 0.0229219 secs] 587539K->68272K(2029056K), 0.0229763 secs] [Times: user=0.13 sys=0.00, real=0.02 secs] 
2020-09-29T18:05:57.518+0200: 13.322: [GC (Allocation Failure) 2020-09-29T18:05:57.518+0200: 13.322: [ParNew: 606346K->68096K(613440K), 0.0234493 secs] 613616K->75673K(2029056K), 0.0235100 secs] [Times: user=0.25 sys=0.00, real=0.02 secs] 
2020-09-29T18:05:57.590+0200: 13.394: [GC (Allocation Failure) 2020-09-29T18:05:57.590+0200: 13.394: [ParNew: 613440K->68096K(613440K), 0.0243211 secs] 621017K->75673K(2029056K), 0.0243767 secs] [Times: user=0.22 sys=0.00, real=0.02 secs] 
2020-09-29T18:05:57.663+0200: 13.467: [GC (Allocation Failure) 2020-09-29T18:05:57.663+0200: 13.467: [ParNew: 613440K->42806K(613440K), 0.0105003 secs] 621017K->50383K(2029056K), 0.0105570 secs] [Times: user=0.00 sys=0.00, real=0.01 secs] 
2020-09-29T18:05:57.727+0200: 13.531: [GC (Allocation Failure) 2020-09-29T18:05:57.727+0200: 13.531: [ParNew: 588150K->37941K(613440K), 0.0145596 secs] 595727K->45518K(2029056K), 0.0146292 secs] [Times: user=0.13 sys=0.00, real=0.02 secs] 
2020-09-29T18:05:57.792+0200: 13.595: [GC (Allocation Failure) 2020-09-29T18:05:57.792+0200: 13.595: [ParNew: 583285K->46660K(613440K), 0.0195905 secs] 590862K->54237K(2029056K), 0.0196895 secs] [Times: user=0.13 sys=0.00, real=0.02 secs] 
2020-09-29T18:05:57.860+0200: 13.664: [GC (Allocation Failure) 2020-09-29T18:05:57.860+0200: 13.664: [ParNew: 592004K->65651K(613440K), 0.0196532 secs] 599581K->73228K(2029056K), 0.0197189 secs] [Times: user=0.25 sys=0.00, real=0.02 secs] 
2020-09-29T18:05:57.928+0200: 13.732: [GC (Allocation Failure) 2020-09-29T18:05:57.928+0200: 13.732: [ParNew: 610995K->50845K(613440K), 0.0179909 secs] 618572K->58422K(2029056K), 0.0180455 secs] [Times: user=0.13 sys=0.00, real=0.02 secs] 
2020-09-29T18:05:57.996+0200: 13.800: [GC (Allocation Failure) 2020-09-29T18:05:57.996+0200: 13.800: [ParNew: 596189K->46310K(613440K), 0.0186953 secs] 603766K->53887K(2029056K), 0.0187493 secs] [Times: user=0.13 sys=0.00, real=0.02 secs] 
2020-09-29T18:05:58.061+0200: 13.865: [GC (Allocation Failure) 2020-09-29T18:05:58.061+0200: 13.865: [ParNew: 591654K->32688K(613440K), 0.0112679 secs] 599231K->40265K(2029056K), 0.0113258 secs] [Times: user=0.13 sys=0.00, real=0.01 secs] 
2020-09-29T18:05:58.123+0200: 13.926: [GC (Allocation Failure) 2020-09-29T18:05:58.123+0200: 13.926: [ParNew: 578032K->36622K(613440K), 0.0164544 secs] 585609K->44199K(2029056K), 0.0165157 secs] [Times: user=0.13 sys=0.00, real=0.02 secs] 
2020-09-29T18:05:58.190+0200: 13.993: [GC (Allocation Failure) 2020-09-29T18:05:58.190+0200: 13.993: [ParNew: 581966K->41783K(613440K), 0.0192469 secs] 589543K->49360K(2029056K), 0.0193182 secs] [Times: user=0.22 sys=0.00, real=0.02 secs] 
2020-09-29T18:05:58.261+0200: 14.065: [GC (Allocation Failure) 2020-09-29T18:05:58.261+0200: 14.065: [ParNew: 587127K->59077K(613440K), 0.0204669 secs] 594704K->66654K(2029056K), 0.0205379 secs] [Times: user=0.13 sys=0.00, real=0.02 secs] 
2020-09-29T18:05:58.328+0200: 14.132: [GC (Allocation Failure) 2020-09-29T18:05:58.328+0200: 14.132: [ParNew: 604421K->68096K(613440K), 0.0256597 secs] 611998K->77468K(2029056K), 0.0257125 secs] [Times: user=0.23 sys=0.02, real=0.03 secs] 
2020-09-29T18:05:58.403+0200: 14.206: [GC (Allocation Failure) 2020-09-29T18:05:58.403+0200: 14.206: [ParNew: 613440K->57018K(613440K), 0.0183641 secs] 622812K->66390K(2029056K), 0.0184313 secs] [Times: user=0.13 sys=0.00, real=0.02 secs] 
2020-09-29T18:05:58.472+0200: 14.276: [GC (Allocation Failure) 2020-09-29T18:05:58.472+0200: 14.276: [ParNew: 602362K->50291K(613440K), 0.0180800 secs] 611734K->59664K(2029056K), 0.0181395 secs] [Times: user=0.20 sys=0.05, real=0.02 secs] 
2020-09-29T18:05:58.538+0200: 14.342: [GC (Allocation Failure) 2020-09-29T18:05:58.538+0200: 14.342: [ParNew: 595635K->44990K(613440K), 0.0168549 secs] 605008K->54363K(2029056K), 0.0169085 secs] [Times: user=0.13 sys=0.00, real=0.02 secs] 
2020-09-29T18:05:58.607+0200: 14.410: [GC (Allocation Failure) 2020-09-29T18:05:58.607+0200: 14.410: [ParNew: 590334K->43114K(613440K), 0.0188416 secs] 599707K->52487K(2029056K), 0.0188999 secs] [Times: user=0.11 sys=0.00, real=0.02 secs] 
2020-09-29T18:05:58.673+0200: 14.477: [GC (Allocation Failure) 2020-09-29T18:05:58.673+0200: 14.477: [ParNew: 588458K->38808K(613440K), 0.0166658 secs] 597831K->48181K(2029056K), 0.0241245 secs] [Times: user=0.13 sys=0.00, real=0.02 secs] 
2020-09-29T18:05:58.751+0200: 14.554: [GC (Allocation Failure) 2020-09-29T18:05:58.751+0200: 14.555: [ParNew: 584152K->40562K(613440K), 0.0162086 secs] 593525K->49934K(2029056K), 0.0162882 secs] [Times: user=0.13 sys=0.00, real=0.02 secs] 
2020-09-29T18:05:58.821+0200: 14.625: [GC (Allocation Failure) 2020-09-29T18:05:58.822+0200: 14.625: [ParNew: 585906K->60005K(613440K), 0.0218750 secs] 595278K->69378K(2029056K), 0.0219552 secs] [Times: user=0.13 sys=0.00, real=0.02 secs] 
2020-09-29T18:05:58.893+0200: 14.696: [GC (Allocation Failure) 2020-09-29T18:05:58.893+0200: 14.696: [ParNew: 605349K->68096K(613440K), 0.0249256 secs] 614722K->78718K(2029056K), 0.0249782 secs] [Times: user=0.25 sys=0.00, real=0.03 secs] 
2020-09-29T18:05:58.965+0200: 14.768: [GC (Allocation Failure) 2020-09-29T18:05:58.965+0200: 14.768: [ParNew: 613440K->50778K(613440K), 0.0141054 secs] 624062K->61401K(2029056K), 0.0141680 secs] [Times: user=0.13 sys=0.00, real=0.01 secs] 
2020-09-29T18:05:59.030+0200: 14.833: [GC (Allocation Failure) 2020-09-29T18:05:59.030+0200: 14.833: [ParNew: 596122K->48931K(613440K), 0.0174657 secs] 606745K->59553K(2029056K), 0.0175287 secs] [Times: user=0.13 sys=0.00, real=0.02 secs] 
2020-09-29T18:05:59.095+0200: 14.898: [GC (Allocation Failure) 2020-09-29T18:05:59.095+0200: 14.898: [ParNew: 594275K->41032K(613440K), 0.0176446 secs] 604897K->51655K(2029056K), 0.0177160 secs] [Times: user=0.13 sys=0.00, real=0.02 secs] 
2020-09-29T18:05:59.163+0200: 14.966: [GC (Allocation Failure) 2020-09-29T18:05:59.163+0200: 14.966: [ParNew: 586376K->39412K(613440K), 0.0160526 secs] 596999K->50035K(2029056K), 0.0161092 secs] [Times: user=0.13 sys=0.00, real=0.02 secs] 
2020-09-29T18:05:59.239+0200: 15.042: [GC (Allocation Failure) 2020-09-29T18:05:59.239+0200: 15.042: [ParNew: 584756K->37119K(613440K), 0.0157864 secs] 595379K->47742K(2029056K), 0.0158437 secs] [Times: user=0.13 sys=0.00, real=0.02 secs] 
2020-09-29T18:05:59.302+0200: 15.105: [GC (Allocation Failure) 2020-09-29T18:05:59.302+0200: 15.105: [ParNew: 582463K->36694K(613440K), 0.0136648 secs] 593086K->47317K(2029056K), 0.0137580 secs] [Times: user=0.00 sys=0.00, real=0.01 secs] 
2020-09-29T18:05:59.368+0200: 15.171: [GC (Allocation Failure) 2020-09-29T18:05:59.368+0200: 15.171: [ParNew: 582038K->33237K(613440K), 0.0128650 secs] 592661K->43860K(2029056K), 0.0129206 secs] [Times: user=0.13 sys=0.00, real=0.01 secs] 
2020-09-29T18:05:59.428+0200: 15.231: [GC (Allocation Failure) 2020-09-29T18:05:59.428+0200: 15.231: [ParNew: 578581K->54490K(613440K), 0.0230764 secs] 589204K->65113K(2029056K), 0.0231344 secs] [Times: user=0.13 sys=0.00, real=0.02 secs] 
2020-09-29T18:05:59.500+0200: 15.303: [GC (Allocation Failure) 2020-09-29T18:05:59.500+0200: 15.303: [ParNew: 599834K->68096K(613440K), 0.0238890 secs] 610457K->78850K(2029056K), 0.0239599 secs] [Times: user=0.22 sys=0.00, real=0.02 secs] 
2020-09-29T18:05:59.571+0200: 15.374: [GC (Allocation Failure) 2020-09-29T18:05:59.571+0200: 15.374: [ParNew: 613440K->60823K(613440K), 0.0225787 secs] 624194K->71578K(2029056K), 0.0226687 secs] [Times: user=0.13 sys=0.00, real=0.02 secs] 
2020-09-29T18:05:59.643+0200: 15.446: [GC (Allocation Failure) 2020-09-29T18:05:59.643+0200: 15.446: [ParNew: 606167K->50017K(613440K), 0.0170246 secs] 616922K->60772K(2029056K), 0.0170881 secs] [Times: user=0.11 sys=0.00, real=0.02 secs] 
2020-09-29T18:05:59.711+0200: 15.514: [GC (Allocation Failure) 2020-09-29T18:05:59.711+0200: 15.514: [ParNew: 595361K->35750K(613440K), 0.0168121 secs] 606116K->46504K(2029056K), 0.0168717 secs] [Times: user=0.13 sys=0.00, real=0.02 secs] 
2020-09-29T18:05:59.777+0200: 15.580: [GC (Allocation Failure) 2020-09-29T18:05:59.777+0200: 15.580: [ParNew: 581094K->36012K(613440K), 0.0151908 secs] 591848K->46766K(2029056K), 0.0152425 secs] [Times: user=0.13 sys=0.00, real=0.02 secs] 
2020-09-29T18:05:59.845+0200: 15.648: [GC (Allocation Failure) 2020-09-29T18:05:59.845+0200: 15.648: [ParNew: 581356K->30472K(613440K), 0.0139096 secs] 592110K->41226K(2029056K), 0.0139637 secs] [Times: user=0.13 sys=0.00, real=0.01 secs] 
2020-09-29T18:05:59.909+0200: 15.713: [GC (Allocation Failure) 2020-09-29T18:05:59.909+0200: 15.713: [ParNew: 575816K->53826K(613440K), 0.0186268 secs] 586570K->64581K(2029056K), 0.0186872 secs] [Times: user=0.25 sys=0.00, real=0.02 secs] 
2020-09-29T18:05:59.976+0200: 15.779: [GC (Allocation Failure) 2020-09-29T18:05:59.976+0200: 15.779: [ParNew: 599170K->66838K(613440K), 0.0225954 secs] 609925K->77593K(2029056K), 0.0226755 secs] [Times: user=0.13 sys=0.00, real=0.02 secs] 
2020-09-29T18:06:00.052+0200: 15.855: [GC (Allocation Failure) 2020-09-29T18:06:00.052+0200: 15.855: [ParNew: 612182K->64185K(613440K), 0.0287639 secs] 622937K->74940K(2029056K), 0.0288303 secs] [Times: user=0.13 sys=0.00, real=0.03 secs] 
2020-09-29T18:06:00.128+0200: 15.931: [GC (Allocation Failure) 2020-09-29T18:06:00.128+0200: 15.931: [ParNew: 609529K->54543K(613440K), 0.0281227 secs] 620284K->65297K(2029056K), 0.0281876 secs] [Times: user=0.25 sys=0.00, real=0.03 secs] 
2020-09-29T18:06:00.209+0200: 16.012: [GC (Allocation Failure) 2020-09-29T18:06:00.209+0200: 16.012: [ParNew: 599887K->55338K(613440K), 0.0281959 secs] 610641K->66093K(2029056K), 0.0282721 secs] [Times: user=0.13 sys=0.00, real=0.03 secs] 
2020-09-29T18:06:00.286+0200: 16.089: [GC (Allocation Failure) 2020-09-29T18:06:00.286+0200: 16.089: [ParNew: 600682K->55110K(613440K), 0.0261527 secs] 611437K->65864K(2029056K), 0.0262265 secs] [Times: user=0.13 sys=0.00, real=0.03 secs] 
2020-09-29T18:06:00.359+0200: 16.162: [GC (Allocation Failure) 2020-09-29T18:06:00.359+0200: 16.162: [ParNew: 600454K->46000K(613440K), 0.0180669 secs] 611208K->56755K(2029056K), 0.0181380 secs] [Times: user=0.13 sys=0.00, real=0.02 secs] 
2020-09-29T18:06:00.431+0200: 16.235: [GC (Allocation Failure) 2020-09-29T18:06:00.431+0200: 16.235: [ParNew: 591344K->44269K(613440K), 0.0250112 secs] 602099K->55024K(2029056K), 0.0250802 secs] [Times: user=0.13 sys=0.00, real=0.03 secs] 
2020-09-29T18:06:00.513+0200: 16.316: [GC (Allocation Failure) 2020-09-29T18:06:00.513+0200: 16.316: [ParNew: 589613K->35171K(613440K), 0.0182273 secs] 600368K->45926K(2029056K), 0.0183012 secs] [Times: user=0.13 sys=0.00, real=0.02 secs] 
2020-09-29T18:06:00.595+0200: 16.398: [GC (Allocation Failure) 2020-09-29T18:06:00.595+0200: 16.398: [ParNew: 580515K->64811K(613440K), 0.0297690 secs] 591270K->75565K(2029056K), 0.0298436 secs] [Times: user=0.23 sys=0.00, real=0.03 secs] 
2020-09-29T18:06:00.677+0200: 16.480: [GC (Allocation Failure) 2020-09-29T18:06:00.677+0200: 16.480: [ParNew: 610155K->50527K(613440K), 0.0218259 secs] 620909K->61282K(2029056K), 0.0219004 secs] [Times: user=0.14 sys=0.00, real=0.02 secs] 
2020-09-29T18:06:00.746+0200: 16.550: [GC (Allocation Failure) 2020-09-29T18:06:00.746+0200: 16.550: [ParNew: 595871K->67671K(613440K), 0.0271056 secs] 606626K->78425K(2029056K), 0.0271984 secs] [Times: user=0.25 sys=0.00, real=0.03 secs] 
2020-09-29T18:06:00.821+0200: 16.625: [GC (Allocation Failure) 2020-09-29T18:06:00.821+0200: 16.625: [ParNew: 613015K->54703K(613440K), 0.0268667 secs] 623769K->65458K(2029056K), 0.0269308 secs] [Times: user=0.25 sys=0.00, real=0.03 secs] 
2020-09-29T18:06:00.898+0200: 16.701: [GC (Allocation Failure) 2020-09-29T18:06:00.898+0200: 16.702: [ParNew: 600047K->44306K(613440K), 0.0171610 secs] 610802K->55061K(2029056K), 0.0172273 secs] [Times: user=0.13 sys=0.00, real=0.02 secs] 
2020-09-29T18:06:00.968+0200: 16.771: [GC (Allocation Failure) 2020-09-29T18:06:00.968+0200: 16.771: [ParNew: 589650K->40774K(613440K), 0.0251538 secs] 600405K->51528K(2029056K), 0.0252353 secs] [Times: user=0.23 sys=0.00, real=0.03 secs] 
2020-09-29T18:06:01.045+0200: 16.848: [GC (Allocation Failure) 2020-09-29T18:06:01.045+0200: 16.848: [ParNew: 586118K->39276K(613440K), 0.0225523 secs] 596872K->50030K(2029056K), 0.0226190 secs] [Times: user=0.25 sys=0.00, real=0.02 secs] 
2020-09-29T18:06:01.120+0200: 16.923: [GC (Allocation Failure) 2020-09-29T18:06:01.120+0200: 16.923: [ParNew: 584620K->65268K(613440K), 0.0291314 secs] 595374K->76023K(2029056K), 0.0292088 secs] [Times: user=0.25 sys=0.00, real=0.03 secs] 
2020-09-29T18:06:01.200+0200: 17.004: [GC (Allocation Failure) 2020-09-29T18:06:01.200+0200: 17.004: [ParNew: 610612K->68096K(613440K), 0.0301242 secs] 621367K->78850K(2029056K), 0.0302061 secs] [Times: user=0.24 sys=0.00, real=0.03 secs] 
2020-09-29T18:06:01.281+0200: 17.085: [GC (Allocation Failure) 2020-09-29T18:06:01.281+0200: 17.085: [ParNew: 613440K->54038K(613440K), 0.0269606 secs] 624194K->64793K(2029056K), 0.0270267 secs] [Times: user=0.25 sys=0.00, real=0.03 secs] 
2020-09-29T18:06:01.355+0200: 17.159: [GC (Allocation Failure) 2020-09-29T18:06:01.355+0200: 17.159: [ParNew: 599382K->46673K(613440K), 0.0181628 secs] 610137K->57428K(2029056K), 0.0182424 secs] [Times: user=0.13 sys=0.00, real=0.02 secs] 
2020-09-29T18:06:01.432+0200: 17.236: [GC (Allocation Failure) 2020-09-29T18:06:01.432+0200: 17.236: [ParNew: 592017K->46116K(613440K), 0.0255786 secs] 602772K->56870K(2029056K), 0.0256472 secs] [Times: user=0.25 sys=0.00, real=0.03 secs] 
2020-09-29T18:06:01.509+0200: 17.313: [GC (Allocation Failure) 2020-09-29T18:06:01.509+0200: 17.313: [ParNew: 591460K->50975K(613440K), 0.0251370 secs] 602214K->61730K(2029056K), 0.0252279 secs] [Times: user=0.13 sys=0.00, real=0.02 secs] 
2020-09-29T18:06:01.589+0200: 17.393: [GC (Allocation Failure) 2020-09-29T18:06:01.589+0200: 17.393: [ParNew: 596319K->68096K(613440K), 0.0313707 secs] 607074K->78850K(2029056K), 0.0314357 secs] [Times: user=0.23 sys=0.00, real=0.03 secs] 
2020-09-29T18:06:01.674+0200: 17.478: [GC (Allocation Failure) 2020-09-29T18:06:01.674+0200: 17.478: [ParNew: 613440K->52765K(613440K), 0.0225767 secs] 624194K->63520K(2029056K), 0.0226801 secs] [Times: user=0.24 sys=0.00, real=0.02 secs] 
2020-09-29T18:06:01.749+0200: 17.552: [GC (Allocation Failure) 2020-09-29T18:06:01.749+0200: 17.552: [ParNew: 598109K->43750K(613440K), 0.0219508 secs] 608864K->54505K(2029056K), 0.0220170 secs] [Times: user=0.25 sys=0.00, real=0.02 secs] 
2020-09-29T18:06:01.827+0200: 17.631: [GC (Allocation Failure) 2020-09-29T18:06:01.827+0200: 17.631: [ParNew: 589094K->39871K(613440K), 0.0218068 secs] 599849K->50626K(2029056K), 0.0218745 secs] [Times: user=0.25 sys=0.00, real=0.02 secs] 
2020-09-29T18:06:01.902+0200: 17.706: [GC (Allocation Failure) 2020-09-29T18:06:01.902+0200: 17.706: [ParNew: 585215K->40950K(613440K), 0.0197695 secs] 595970K->51705K(2029056K), 0.0198364 secs] [Times: user=0.13 sys=0.00, real=0.02 secs] 
2020-09-29T18:06:01.976+0200: 17.779: [GC (Allocation Failure) 2020-09-29T18:06:01.976+0200: 17.779: [ParNew: 586294K->34594K(613440K), 0.0186821 secs] 597049K->45348K(2029056K), 0.0187506 secs] [Times: user=0.13 sys=0.00, real=0.02 secs] 
2020-09-29T18:06:02.052+0200: 17.856: [GC (Allocation Failure) 2020-09-29T18:06:02.052+0200: 17.856: [ParNew: 579938K->55700K(613440K), 0.0244403 secs] 590692K->66454K(2029056K), 0.0245071 secs] [Times: user=0.13 sys=0.00, real=0.02 secs] 
2020-09-29T18:06:02.130+0200: 17.934: [GC (Allocation Failure) 2020-09-29T18:06:02.130+0200: 17.934: [ParNew: 601044K->48730K(613440K), 0.0246111 secs] 611798K->59485K(2029056K), 0.0246774 secs] [Times: user=0.13 sys=0.00, real=0.02 secs] 
2020-09-29T18:06:02.205+0200: 18.009: [GC (Allocation Failure) 2020-09-29T18:06:02.205+0200: 18.009: [ParNew: 594074K->65846K(613440K), 0.0299018 secs] 604829K->76601K(2029056K), 0.0299745 secs] [Times: user=0.23 sys=0.00, real=0.03 secs] 
2020-09-29T18:06:02.285+0200: 18.088: [GC (Allocation Failure) 2020-09-29T18:06:02.285+0200: 18.088: [ParNew: 611190K->55975K(613440K), 0.0282594 secs] 621945K->66730K(2029056K), 0.0283292 secs] [Times: user=0.25 sys=0.00, real=0.03 secs] 
2020-09-29T18:06:02.361+0200: 18.165: [GC (Allocation Failure) 2020-09-29T18:06:02.361+0200: 18.165: [ParNew: 601319K->45131K(613440K), 0.0207082 secs] 612074K->55886K(2029056K), 0.0207728 secs] [Times: user=0.25 sys=0.00, real=0.02 secs] 
2020-09-29T18:06:02.435+0200: 18.239: [GC (Allocation Failure) 2020-09-29T18:06:02.435+0200: 18.239: [ParNew: 590475K->42753K(613440K), 0.0195632 secs] 601230K->53507K(2029056K), 0.0196343 secs] [Times: user=0.13 sys=0.00, real=0.02 secs] 
2020-09-29T18:06:02.508+0200: 18.312: [GC (Allocation Failure) 2020-09-29T18:06:02.508+0200: 18.312: [ParNew: 588097K->36380K(613440K), 0.0181668 secs] 598851K->47134K(2029056K), 0.0182346 secs] [Times: user=0.13 sys=0.00, real=0.02 secs] 
2020-09-29T18:06:02.585+0200: 18.389: [GC (Allocation Failure) 2020-09-29T18:06:02.585+0200: 18.389: [ParNew: 581724K->31072K(613440K), 0.0191608 secs] 592478K->41826K(2029056K), 0.0192269 secs] [Times: user=0.13 sys=0.00, real=0.02 secs] 
2020-09-29T18:06:02.666+0200: 18.469: [GC (Allocation Failure) 2020-09-29T18:06:02.666+0200: 18.469: [ParNew: 576416K->54224K(613440K), 0.0248029 secs] 587170K->64979K(2029056K), 0.0248705 secs] [Times: user=0.13 sys=0.00, real=0.02 secs] 
2020-09-29T18:06:02.741+0200: 18.545: [GC (Allocation Failure) 2020-09-29T18:06:02.741+0200: 18.545: [ParNew: 599568K->68096K(613440K), 0.0295811 secs] 610323K->79534K(2029056K), 0.0372207 secs] [Times: user=0.25 sys=0.00, real=0.04 secs] 
2020-09-29T18:06:02.826+0200: 18.630: [GC (Allocation Failure) 2020-09-29T18:06:02.826+0200: 18.631: [ParNew: 613440K->53364K(613440K), 0.0229760 secs] 624878K->64803K(2029056K), 0.0230522 secs] [Times: user=0.25 sys=0.00, real=0.02 secs] 
2020-09-29T18:06:02.899+0200: 18.703: [GC (Allocation Failure) 2020-09-29T18:06:02.899+0200: 18.703: [ParNew: 598708K->68096K(613440K), 0.0284632 secs] 610147K->79534K(2029056K), 0.0285497 secs] [Times: user=0.25 sys=0.00, real=0.03 secs] 
2020-09-29T18:06:02.975+0200: 18.779: [GC (Allocation Failure) 2020-09-29T18:06:02.975+0200: 18.779: [ParNew: 613440K->48251K(613440K), 0.0277845 secs] 624878K->59690K(2029056K), 0.0278505 secs] [Times: user=0.13 sys=0.00, real=0.03 secs] 
2020-09-29T18:06:03.050+0200: 18.854: [GC (Allocation Failure) 2020-09-29T18:06:03.050+0200: 18.854: [ParNew: 593595K->42376K(613440K), 0.0188451 secs] 605034K->53815K(2029056K), 0.0189154 secs] [Times: user=0.25 sys=0.00, real=0.02 secs] 
2020-09-29T18:06:03.117+0200: 18.921: [GC (Allocation Failure) 2020-09-29T18:06:03.117+0200: 18.921: [ParNew: 587720K->60595K(613440K), 0.0240158 secs] 599159K->72034K(2029056K), 0.0241585 secs] [Times: user=0.13 sys=0.00, real=0.02 secs] 
2020-09-29T18:06:03.195+0200: 19.000: [GC (Allocation Failure) 2020-09-29T18:06:03.195+0200: 19.000: [ParNew: 605939K->38086K(613440K), 0.0201081 secs] 617378K->49525K(2029056K), 0.0201758 secs] [Times: user=0.09 sys=0.00, real=0.02 secs] 
2020-09-29T18:06:03.275+0200: 19.079: [GC (Allocation Failure) 2020-09-29T18:06:03.275+0200: 19.079: [ParNew: 583430K->39816K(613440K), 0.0221446 secs] 594869K->51255K(2029056K), 0.0222098 secs] [Times: user=0.13 sys=0.00, real=0.02 secs] 
2020-09-29T18:06:03.352+0200: 19.157: [GC (Allocation Failure) 2020-09-29T18:06:03.352+0200: 19.157: [ParNew: 585160K->53588K(613440K), 0.0212530 secs] 596599K->65027K(2029056K), 0.0213183 secs] [Times: user=0.13 sys=0.00, real=0.02 secs] 
2020-09-29T18:06:03.426+0200: 19.230: [GC (Allocation Failure) 2020-09-29T18:06:03.426+0200: 19.230: [ParNew: 598932K->38289K(613440K), 0.0209585 secs] 610371K->49728K(2029056K), 0.0210265 secs] [Times: user=0.13 sys=0.00, real=0.02 secs] 
2020-09-29T18:06:03.498+0200: 19.302: [GC (Allocation Failure) 2020-09-29T18:06:03.498+0200: 19.302: [ParNew: 583633K->33531K(613440K), 0.0180253 secs] 595072K->44970K(2029056K), 0.0180919 secs] [Times: user=0.13 sys=0.00, real=0.02 secs] 
2020-09-29T18:06:03.564+0200: 19.368: [GC (Allocation Failure) 2020-09-29T18:06:03.564+0200: 19.368: [ParNew: 578875K->52727K(613440K), 0.0247458 secs] 590314K->64166K(2029056K), 0.0248293 secs] [Times: user=0.25 sys=0.00, real=0.03 secs] 
2020-09-29T18:06:03.642+0200: 19.447: [GC (Allocation Failure) 2020-09-29T18:06:03.642+0200: 19.447: [ParNew: 598071K->43069K(613440K), 0.0150720 secs] 609510K->54508K(2029056K), 0.0151418 secs] [Times: user=0.13 sys=0.00, real=0.02 secs] 
2020-09-29T18:06:03.717+0200: 19.521: [GC (Allocation Failure) 2020-09-29T18:06:03.717+0200: 19.521: [ParNew: 588413K->34407K(613440K), 0.0224376 secs] 599852K->45846K(2029056K), 0.0225159 secs] [Times: user=0.25 sys=0.00, real=0.02 secs] 
2020-09-29T18:06:03.789+0200: 19.593: [GC (Allocation Failure) 2020-09-29T18:06:03.789+0200: 19.593: [ParNew: 579751K->34285K(613440K), 0.0190704 secs] 591190K->45724K(2029056K), 0.0191477 secs] [Times: user=0.13 sys=0.00, real=0.02 secs] 
2020-09-29T18:06:03.858+0200: 19.662: [GC (Allocation Failure) 2020-09-29T18:06:03.858+0200: 19.662: [ParNew: 579629K->57119K(613440K), 0.0258832 secs] 591068K->68558K(2029056K), 0.0259697 secs] [Times: user=0.25 sys=0.00, real=0.03 secs] 
2020-09-29T18:06:03.935+0200: 19.739: [GC (Allocation Failure) 2020-09-29T18:06:03.935+0200: 19.739: [ParNew: 602463K->64201K(613440K), 0.0258454 secs] 613902K->75640K(2029056K), 0.0259294 secs] [Times: user=0.23 sys=0.00, real=0.03 secs] 
2020-09-29T18:06:04.012+0200: 19.817: [GC (Allocation Failure) 2020-09-29T18:06:04.013+0200: 19.817: [ParNew: 609545K->67396K(613440K), 0.0312320 secs] 620984K->78835K(2029056K), 0.0313056 secs] [Times: user=0.25 sys=0.00, real=0.03 secs] 
2020-09-29T18:06:04.090+0200: 19.895: [GC (Allocation Failure) 2020-09-29T18:06:04.090+0200: 19.895: [ParNew: 612740K->56578K(613440K), 0.0224455 secs] 624179K->68017K(2029056K), 0.0225097 secs] [Times: user=0.13 sys=0.00, real=0.02 secs] 
2020-09-29T18:06:04.163+0200: 19.967: [GC (Allocation Failure) 2020-09-29T18:06:04.163+0200: 19.967: [ParNew: 601922K->68096K(613440K), 0.0299823 secs] 613361K->79741K(2029056K), 0.0300603 secs] [Times: user=0.25 sys=0.00, real=0.03 secs] 
2020-09-29T18:06:04.244+0200: 20.047: [GC (Allocation Failure) 2020-09-29T18:06:04.244+0200: 20.047: [ParNew: 613440K->51148K(613440K), 0.0290268 secs] 625085K->62794K(2029056K), 0.0290982 secs] [Times: user=0.25 sys=0.00, real=0.03 secs] 
2020-09-29T18:06:04.322+0200: 20.125: [GC (Allocation Failure) 2020-09-29T18:06:04.322+0200: 20.125: [ParNew: 596492K->54932K(613440K), 0.0282636 secs] 608138K->66577K(2029056K), 0.0283355 secs] [Times: user=0.25 sys=0.00, real=0.03 secs] 
2020-09-29T18:06:04.399+0200: 20.202: [GC (Allocation Failure) 2020-09-29T18:06:04.399+0200: 20.202: [ParNew: 600276K->68096K(613440K), 0.0373225 secs] 611921K->82000K(2029056K), 0.0376477 secs] [Times: user=0.22 sys=0.00, real=0.04 secs] 
2020-09-29T18:06:04.486+0200: 20.289: [GC (Allocation Failure) 2020-09-29T18:06:04.486+0200: 20.290: [ParNew: 613440K->59218K(613440K), 0.0259738 secs] 627344K->73122K(2029056K), 0.0260399 secs] [Times: user=0.23 sys=0.00, real=0.03 secs] 
2020-09-29T18:06:04.564+0200: 20.367: [GC (Allocation Failure) 2020-09-29T18:06:04.564+0200: 20.367: [ParNew: 604562K->42017K(613440K), 0.0190621 secs] 618466K->55922K(2029056K), 0.0191477 secs] [Times: user=0.22 sys=0.00, real=0.02 secs] 
2020-09-29T18:06:04.640+0200: 20.443: [GC (Allocation Failure) 2020-09-29T18:06:04.640+0200: 20.443: [ParNew: 587361K->44980K(613440K), 0.0241273 secs] 601266K->58885K(2029056K), 0.0242168 secs] [Times: user=0.22 sys=0.00, real=0.02 secs] 
2020-09-29T18:06:04.715+0200: 20.519: [GC (Allocation Failure) 2020-09-29T18:06:04.715+0200: 20.519: [ParNew: 590324K->63872K(613440K), 0.0289808 secs] 604229K->77777K(2029056K), 0.0290655 secs] [Times: user=0.25 sys=0.00, real=0.03 secs] 
2020-09-29T18:06:04.798+0200: 20.601: [GC (Allocation Failure) 2020-09-29T18:06:04.798+0200: 20.601: [ParNew: 609216K->49915K(613440K), 0.0216108 secs] 623121K->63819K(2029056K), 0.0216809 secs] [Times: user=0.25 sys=0.00, real=0.02 secs] 
2020-09-29T18:06:04.868+0200: 20.671: [GC (Allocation Failure) 2020-09-29T18:06:04.868+0200: 20.671: [ParNew: 595259K->41832K(613440K), 0.0199558 secs] 609163K->55737K(2029056K), 0.0200208 secs] [Times: user=0.13 sys=0.00, real=0.02 secs] 
2020-09-29T18:06:04.935+0200: 20.738: [GC (Allocation Failure) 2020-09-29T18:06:04.935+0200: 20.738: [ParNew: 587176K->61248K(613440K), 0.0267389 secs] 601081K->75153K(2029056K), 0.0268134 secs] [Times: user=0.25 sys=0.00, real=0.03 secs] 
2020-09-29T18:06:05.012+0200: 20.816: [GC (Allocation Failure) 2020-09-29T18:06:05.012+0200: 20.816: [ParNew: 606592K->40907K(613440K), 0.0205526 secs] 620497K->54812K(2029056K), 0.0206220 secs] [Times: user=0.13 sys=0.00, real=0.02 secs] 
2020-09-29T18:06:05.095+0200: 20.898: [GC (Allocation Failure) 2020-09-29T18:06:05.095+0200: 20.898: [ParNew: 586251K->55271K(613440K), 0.0262617 secs] 600156K->69176K(2029056K), 0.0263455 secs] [Times: user=0.25 sys=0.00, real=0.03 secs] 
2020-09-29T18:06:05.174+0200: 20.977: [GC (Allocation Failure) 2020-09-29T18:06:05.174+0200: 20.977: [ParNew: 600615K->40685K(613440K), 0.0252679 secs] 614520K->54589K(2029056K), 0.0253627 secs] [Times: user=0.25 sys=0.00, real=0.02 secs] 
2020-09-29T18:06:05.255+0200: 21.058: [GC (Allocation Failure) 2020-09-29T18:06:05.255+0200: 21.058: [ParNew: 586029K->66672K(613440K), 0.0317552 secs] 599933K->80577K(2029056K), 0.0318266 secs] [Times: user=0.24 sys=0.00, real=0.03 secs] 
2020-09-29T18:06:05.340+0200: 21.143: [GC (Allocation Failure) 2020-09-29T18:06:05.340+0200: 21.143: [ParNew: 612016K->65601K(613440K), 0.0310981 secs] 625921K->79506K(2029056K), 0.0311827 secs] [Times: user=0.25 sys=0.00, real=0.03 secs] 
2020-09-29T18:06:05.420+0200: 21.223: [GC (Allocation Failure) 2020-09-29T18:06:05.420+0200: 21.223: [ParNew: 610945K->50462K(613440K), 0.0235625 secs] 624850K->64366K(2029056K), 0.0236338 secs] [Times: user=0.25 sys=0.00, real=0.02 secs] 
2020-09-29T18:06:05.499+0200: 21.302: [GC (Allocation Failure) 2020-09-29T18:06:05.499+0200: 21.302: [ParNew: 595806K->48213K(613440K), 0.0297526 secs] 609710K->62118K(2029056K), 0.0298498 secs] [Times: user=0.25 sys=0.00, real=0.04 secs] 
2020-09-29T18:06:05.589+0200: 21.393: [GC (Allocation Failure) 2020-09-29T18:06:05.589+0200: 21.393: [ParNew: 593557K->47777K(613440K), 0.0194315 secs] 607462K->61682K(2029056K), 0.0195070 secs] [Times: user=0.13 sys=0.00, real=0.02 secs] 
2020-09-29T18:06:05.663+0200: 21.467: [GC (Allocation Failure) 2020-09-29T18:06:05.663+0200: 21.467: [ParNew: 593121K->43986K(613440K), 0.0268409 secs] 607026K->57891K(2029056K), 0.0269142 secs] [Times: user=0.13 sys=0.00, real=0.03 secs] 
2020-09-29T18:06:05.740+0200: 21.544: [GC (Allocation Failure) 2020-09-29T18:06:05.740+0200: 21.544: [ParNew: 589330K->43734K(613440K), 0.0256601 secs] 603235K->57639K(2029056K), 0.0257338 secs] [Times: user=0.13 sys=0.00, real=0.03 secs] 
2020-09-29T18:06:05.815+0200: 21.619: [GC (Allocation Failure) 2020-09-29T18:06:05.815+0200: 21.619: [ParNew: 589078K->39232K(613440K), 0.0246812 secs] 602983K->53137K(2029056K), 0.0247507 secs] [Times: user=0.25 sys=0.00, real=0.02 secs] 
2020-09-29T18:06:05.890+0200: 21.694: [GC (Allocation Failure) 2020-09-29T18:06:05.890+0200: 21.694: [ParNew: 584576K->64047K(613440K), 0.0297473 secs] 598481K->77952K(2029056K), 0.0298259 secs] [Times: user=0.25 sys=0.00, real=0.03 secs] 
2020-09-29T18:06:05.973+0200: 21.777: [GC (Allocation Failure) 2020-09-29T18:06:05.973+0200: 21.777: [ParNew: 609391K->48753K(613440K), 0.0225307 secs] 623296K->62658K(2029056K), 0.0226229 secs] [Times: user=0.13 sys=0.00, real=0.02 secs] 
2020-09-29T18:06:06.047+0200: 21.851: [GC (Allocation Failure) 2020-09-29T18:06:06.047+0200: 21.851: [ParNew: 594097K->43942K(613440K), 0.0211698 secs] 608002K->57847K(2029056K), 0.0212440 secs] [Times: user=0.25 sys=0.00, real=0.02 secs] 
2020-09-29T18:06:06.123+0200: 21.927: [GC (Allocation Failure) 2020-09-29T18:06:06.123+0200: 21.927: [ParNew: 589286K->53016K(613440K), 0.0280067 secs] 603191K->66921K(2029056K), 0.0280778 secs] [Times: user=0.25 sys=0.00, real=0.03 secs] 
2020-09-29T18:06:06.201+0200: 22.004: [GC (Allocation Failure) 2020-09-29T18:06:06.201+0200: 22.004: [ParNew: 598360K->60391K(613440K), 0.0293280 secs] 612265K->74296K(2029056K), 0.0294080 secs] [Times: user=0.23 sys=0.00, real=0.03 secs] 
2020-09-29T18:06:06.280+0200: 22.084: [GC (Allocation Failure) 2020-09-29T18:06:06.280+0200: 22.084: [ParNew: 605735K->45987K(613440K), 0.0258511 secs] 619640K->59892K(2029056K), 0.0259216 secs] [Times: user=0.25 sys=0.00, real=0.03 secs] 
2020-09-29T18:06:06.363+0200: 22.167: [GC (Allocation Failure) 2020-09-29T18:06:06.363+0200: 22.167: [ParNew: 591331K->35914K(613440K), 0.0163149 secs] 605236K->49818K(2029056K), 0.0163840 secs] [Times: user=0.14 sys=0.00, real=0.02 secs] 
2020-09-29T18:06:06.434+0200: 22.238: [GC (Allocation Failure) 2020-09-29T18:06:06.434+0200: 22.238: [ParNew: 581258K->37456K(613440K), 0.0207361 secs] 595162K->51361K(2029056K), 0.0208159 secs] [Times: user=0.13 sys=0.00, real=0.02 secs] 
2020-09-29T18:06:06.512+0200: 22.316: [GC (Allocation Failure) 2020-09-29T18:06:06.512+0200: 22.316: [ParNew: 582800K->49984K(613440K), 0.0285650 secs] 596705K->63889K(2029056K), 0.0286298 secs] [Times: user=0.19 sys=0.00, real=0.03 secs] 
2020-09-29T18:06:06.593+0200: 22.396: [GC (Allocation Failure) 2020-09-29T18:06:06.593+0200: 22.396: [ParNew: 595328K->39781K(613440K), 0.0223543 secs] 609233K->53686K(2029056K), 0.0224380 secs] [Times: user=0.22 sys=0.00, real=0.02 secs] 
2020-09-29T18:06:06.670+0200: 22.474: [GC (Allocation Failure) 2020-09-29T18:06:06.670+0200: 22.474: [ParNew: 585125K->37645K(613440K), 0.0163400 secs] 599030K->51549K(2029056K), 0.0164239 secs] [Times: user=0.13 sys=0.00, real=0.02 secs] 
2020-09-29T18:06:06.743+0200: 22.546: [GC (Allocation Failure) 2020-09-29T18:06:06.743+0200: 22.546: [ParNew: 582989K->45670K(613440K), 0.0253384 secs] 596893K->59574K(2029056K), 0.0254095 secs] [Times: user=0.13 sys=0.00, real=0.02 secs] 
2020-09-29T18:06:06.818+0200: 22.621: [GC (Allocation Failure) 2020-09-29T18:06:06.818+0200: 22.621: [ParNew: 591014K->59465K(613440K), 0.0304774 secs] 604918K->73370K(2029056K), 0.0305643 secs] [Times: user=0.13 sys=0.00, real=0.03 secs] 
2020-09-29T18:06:06.900+0200: 22.703: [GC (Allocation Failure) 2020-09-29T18:06:06.900+0200: 22.703: [ParNew: 604809K->46576K(613440K), 0.0225372 secs] 618714K->60481K(2029056K), 0.0226271 secs] [Times: user=0.13 sys=0.00, real=0.02 secs] 
2020-09-29T18:06:06.977+0200: 22.780: [GC (Allocation Failure) 2020-09-29T18:06:06.977+0200: 22.780: [ParNew: 591920K->37976K(613440K), 0.0199752 secs] 605825K->51880K(2029056K), 0.0200446 secs] [Times: user=0.13 sys=0.00, real=0.02 secs] 
2020-09-29T18:06:07.058+0200: 22.861: [GC (Allocation Failure) 2020-09-29T18:06:07.058+0200: 22.861: [ParNew: 583320K->52887K(613440K), 0.0287015 secs] 597224K->66792K(2029056K), 0.0287955 secs] [Times: user=0.23 sys=0.00, real=0.03 secs] 
2020-09-29T18:06:07.138+0200: 22.941: [GC (Allocation Failure) 2020-09-29T18:06:07.138+0200: 22.941: [ParNew: 598231K->40453K(613440K), 0.0264068 secs] 612136K->54358K(2029056K), 0.0264785 secs] [Times: user=0.25 sys=0.00, real=0.03 secs] 
2020-09-29T18:06:07.215+0200: 23.019: [GC (Allocation Failure) 2020-09-29T18:06:07.215+0200: 23.019: [ParNew: 585797K->64501K(613440K), 0.0328913 secs] 599702K->78406K(2029056K), 0.0329920 secs] [Times: user=0.24 sys=0.00, real=0.03 secs] 
2020-09-29T18:06:07.297+0200: 23.101: [GC (Allocation Failure) 2020-09-29T18:06:07.297+0200: 23.101: [ParNew: 609845K->52323K(613440K), 0.0242300 secs] 623750K->66227K(2029056K), 0.0243003 secs] [Times: user=0.25 sys=0.00, real=0.03 secs] 
2020-09-29T18:06:07.371+0200: 23.175: [GC (Allocation Failure) 2020-09-29T18:06:07.371+0200: 23.175: [ParNew: 597667K->68096K(613440K), 0.0294512 secs] 611571K->82301K(2029056K), 0.0295229 secs] [Times: user=0.25 sys=0.00, real=0.03 secs] 
2020-09-29T18:06:07.453+0200: 23.257: [GC (Allocation Failure) 2020-09-29T18:06:07.453+0200: 23.257: [ParNew: 613440K->49069K(613440K), 0.0202293 secs] 627645K->63274K(2029056K), 0.0203119 secs] [Times: user=0.25 sys=0.00, real=0.02 secs] 
2020-09-29T18:06:07.529+0200: 23.333: [GC (Allocation Failure) 2020-09-29T18:06:07.529+0200: 23.333: [ParNew: 594413K->41863K(613440K), 0.0213261 secs] 608618K->56068K(2029056K), 0.0213945 secs] [Times: user=0.11 sys=0.00, real=0.02 secs] 
2020-09-29T18:06:07.600+0200: 23.404: [GC (Allocation Failure) 2020-09-29T18:06:07.600+0200: 23.404: [ParNew: 587207K->46789K(613440K), 0.0286080 secs] 601412K->60994K(2029056K), 0.0286860 secs] [Times: user=0.11 sys=0.00, real=0.03 secs] 
2020-09-29T18:06:07.684+0200: 23.488: [GC (Allocation Failure) 2020-09-29T18:06:07.684+0200: 23.488: [ParNew: 592133K->41370K(613440K), 0.0260809 secs] 606338K->55575K(2029056K), 0.0261576 secs] [Times: user=0.25 sys=0.00, real=0.03 secs] 
2020-09-29T18:06:07.758+0200: 23.562: [GC (Allocation Failure) 2020-09-29T18:06:07.758+0200: 23.562: [ParNew: 586714K->32859K(613440K), 0.0144231 secs] 600919K->47064K(2029056K), 0.0145066 secs] [Times: user=0.13 sys=0.00, real=0.02 secs] 
2020-09-29T18:06:07.820+0200: 23.624: [GC (Allocation Failure) 2020-09-29T18:06:07.820+0200: 23.624: [ParNew: 578203K->34330K(613440K), 0.0234403 secs] 592408K->48535K(2029056K), 0.0235116 secs] [Times: user=0.13 sys=0.00, real=0.02 secs] 
2020-09-29T18:06:07.901+0200: 23.704: [GC (Allocation Failure) 2020-09-29T18:06:07.901+0200: 23.704: [ParNew: 579674K->32650K(613440K), 0.0210964 secs] 593879K->46855K(2029056K), 0.0211869 secs] [Times: user=0.13 sys=0.00, real=0.02 secs] 
2020-09-29T18:06:07.973+0200: 23.777: [GC (Allocation Failure) 2020-09-29T18:06:07.973+0200: 23.777: [ParNew: 577994K->53605K(613440K), 0.0274587 secs] 592199K->67811K(2029056K), 0.0275358 secs] [Times: user=0.13 sys=0.00, real=0.03 secs] 
2020-09-29T18:06:08.057+0200: 23.861: [GC (Allocation Failure) 2020-09-29T18:06:08.057+0200: 23.861: [ParNew: 598949K->68096K(613440K), 0.0338581 secs] 613155K->83052K(2029056K), 0.0339287 secs] [Times: user=0.25 sys=0.00, real=0.03 secs] 
2020-09-29T18:06:08.140+0200: 23.944: [GC (Allocation Failure) 2020-09-29T18:06:08.140+0200: 23.944: [ParNew: 613440K->51928K(613440K), 0.0246525 secs] 628396K->66885K(2029056K), 0.0247211 secs] [Times: user=0.25 sys=0.00, real=0.02 secs] 
2020-09-29T18:06:08.222+0200: 24.025: [GC (Allocation Failure) 2020-09-29T18:06:08.222+0200: 24.025: [ParNew: 597272K->68096K(613440K), 0.0317889 secs] 612229K->83052K(2029056K), 0.0318826 secs] [Times: user=0.25 sys=0.00, real=0.03 secs] 
2020-09-29T18:06:08.305+0200: 24.109: [GC (Allocation Failure) 2020-09-29T18:06:08.305+0200: 24.109: [ParNew: 613440K->46353K(613440K), 0.0219851 secs] 628396K->61309K(2029056K), 0.0220557 secs] [Times: user=0.13 sys=0.00, real=0.02 secs] 
2020-09-29T18:06:08.386+0200: 24.189: [GC (Allocation Failure) 2020-09-29T18:06:08.386+0200: 24.189: [ParNew: 591697K->42983K(613440K), 0.0217773 secs] 606653K->57940K(2029056K), 0.0218569 secs] [Times: user=0.13 sys=0.00, real=0.02 secs] 
2020-09-29T18:06:08.460+0200: 24.264: [GC (Allocation Failure) 2020-09-29T18:06:08.461+0200: 24.264: [ParNew: 588327K->34106K(613440K), 0.0206101 secs] 603284K->49062K(2029056K), 0.0206837 secs] [Times: user=0.13 sys=0.00, real=0.02 secs] 
2020-09-29T18:06:08.528+0200: 24.331: [GC (Allocation Failure) 2020-09-29T18:06:08.528+0200: 24.331: [ParNew: 579450K->26638K(613440K), 0.0120180 secs] 594406K->41594K(2029056K), 0.0120846 secs] [Times: user=0.13 sys=0.00, real=0.01 secs] 
2020-09-29T18:06:08.601+0200: 24.404: [GC (Allocation Failure) 2020-09-29T18:06:08.601+0200: 24.404: [ParNew: 571982K->38323K(613440K), 0.0260200 secs] 586938K->53280K(2029056K), 0.0261085 secs] [Times: user=0.13 sys=0.00, real=0.03 secs] 
2020-09-29T18:06:08.679+0200: 24.482: [GC (Allocation Failure) 2020-09-29T18:06:08.679+0200: 24.482: [ParNew: 583667K->56726K(613440K), 0.0307194 secs] 598624K->71683K(2029056K), 0.0307944 secs] [Times: user=0.25 sys=0.00, real=0.03 secs] 
2020-09-29T18:06:08.759+0200: 24.562: [GC (Allocation Failure) 2020-09-29T18:06:08.759+0200: 24.562: [ParNew: 602070K->68096K(613440K), 0.0297908 secs] 617027K->83324K(2029056K), 0.0298747 secs] [Times: user=0.25 sys=0.00, real=0.03 secs] 
2020-09-29T18:06:08.840+0200: 24.643: [GC (Allocation Failure) 2020-09-29T18:06:08.840+0200: 24.643: [ParNew: 613440K->45792K(613440K), 0.0212576 secs] 628668K->61021K(2029056K), 0.0213264 secs] [Times: user=0.13 sys=0.00, real=0.02 secs] 
2020-09-29T18:06:08.916+0200: 24.719: [GC (Allocation Failure) 2020-09-29T18:06:08.916+0200: 24.719: [ParNew: 591136K->62848K(613440K), 0.0290331 secs] 606365K->78077K(2029056K), 0.0291006 secs] [Times: user=0.25 sys=0.00, real=0.03 secs] 
2020-09-29T18:06:08.998+0200: 24.801: [GC (Allocation Failure) 2020-09-29T18:06:08.998+0200: 24.801: [ParNew: 608192K->64108K(613440K), 0.0287992 secs] 623421K->79337K(2029056K), 0.0288888 secs] [Times: user=0.23 sys=0.00, real=0.03 secs] 
2020-09-29T18:06:09.074+0200: 24.877: [GC (Allocation Failure) 2020-09-29T18:06:09.074+0200: 24.877: [ParNew: 609452K->45099K(613440K), 0.0264372 secs] 624681K->60328K(2029056K), 0.0265096 secs] [Times: user=0.25 sys=0.00, real=0.03 secs] 
2020-09-29T18:06:09.154+0200: 24.958: [GC (Allocation Failure) 2020-09-29T18:06:09.154+0200: 24.958: [ParNew: 590443K->68096K(613440K), 0.0322346 secs] 605672K->83547K(2029056K), 0.0323128 secs] [Times: user=0.25 sys=0.00, real=0.03 secs] 
2020-09-29T18:06:09.237+0200: 25.041: [GC (Allocation Failure) 2020-09-29T18:06:09.237+0200: 25.041: [ParNew: 613440K->55583K(613440K), 0.0240423 secs] 628891K->71035K(2029056K), 0.0241115 secs] [Times: user=0.25 sys=0.00, real=0.02 secs] 
2020-09-29T18:06:09.316+0200: 25.119: [GC (Allocation Failure) 2020-09-29T18:06:09.316+0200: 25.120: [ParNew: 600927K->49557K(613440K), 0.0230291 secs] 616379K->65008K(2029056K), 0.0230982 secs] [Times: user=0.25 sys=0.00, real=0.02 secs] 
2020-09-29T18:06:09.391+0200: 25.194: [GC (Allocation Failure) 2020-09-29T18:06:09.391+0200: 25.194: [ParNew: 594901K->38193K(613440K), 0.0214000 secs] 610352K->53644K(2029056K), 0.0214711 secs] [Times: user=0.25 sys=0.00, real=0.02 secs] 
2020-09-29T18:06:09.464+0200: 25.267: [GC (Allocation Failure) 2020-09-29T18:06:09.464+0200: 25.268: [ParNew: 583537K->58488K(613440K), 0.0274590 secs] 598988K->73940K(2029056K), 0.0275477 secs] [Times: user=0.25 sys=0.00, real=0.03 secs] 
2020-09-29T18:06:09.548+0200: 25.351: [GC (Allocation Failure) 2020-09-29T18:06:09.548+0200: 25.351: [ParNew: 603832K->63332K(613440K), 0.0291861 secs] 619284K->78783K(2029056K), 0.0292802 secs] [Times: user=0.23 sys=0.00, real=0.03 secs] 
2020-09-29T18:06:09.629+0200: 25.433: [GC (Allocation Failure) 2020-09-29T18:06:09.629+0200: 25.433: [ParNew: 608676K->44699K(613440K), 0.0271637 secs] 624127K->60150K(2029056K), 0.0272485 secs] [Times: user=0.23 sys=0.00, real=0.03 secs] 
2020-09-29T18:06:09.708+0200: 25.512: [GC (Allocation Failure) 2020-09-29T18:06:09.708+0200: 25.512: [ParNew: 590043K->42582K(613440K), 0.0250689 secs] 605494K->58033K(2029056K), 0.0251492 secs] [Times: user=0.13 sys=0.00, real=0.03 secs] 
2020-09-29T18:06:09.784+0200: 25.588: [GC (Allocation Failure) 2020-09-29T18:06:09.784+0200: 25.588: [ParNew: 587926K->34855K(613440K), 0.0155564 secs] 603377K->50307K(2029056K), 0.0156273 secs] [Times: user=0.13 sys=0.00, real=0.02 secs] 
2020-09-29T18:06:09.852+0200: 25.655: [GC (Allocation Failure) 2020-09-29T18:06:09.852+0200: 25.655: [ParNew: 580199K->50390K(613440K), 0.0292347 secs] 595651K->65841K(2029056K), 0.0293063 secs] [Times: user=0.25 sys=0.00, real=0.03 secs] 
2020-09-29T18:06:09.929+0200: 25.732: [GC (Allocation Failure) 2020-09-29T18:06:09.929+0200: 25.732: [ParNew: 595734K->41475K(613440K), 0.0200472 secs] 611185K->56926K(2029056K), 0.0201154 secs] [Times: user=0.13 sys=0.00, real=0.02 secs] 
2020-09-29T18:06:10.006+0200: 25.809: [GC (Allocation Failure) 2020-09-29T18:06:10.006+0200: 25.809: [ParNew: 586819K->57019K(613440K), 0.0279596 secs] 602270K->72470K(2029056K), 0.0280462 secs] [Times: user=0.08 sys=0.00, real=0.03 secs] 
2020-09-29T18:06:10.086+0200: 25.890: [GC (Allocation Failure) 2020-09-29T18:06:10.086+0200: 25.890: [ParNew: 602363K->47302K(613440K), 0.0189908 secs] 617814K->62754K(2029056K), 0.0190449 secs] [Times: user=0.13 sys=0.00, real=0.02 secs] 
2020-09-29T18:06:10.157+0200: 25.960: [GC (Allocation Failure) 2020-09-29T18:06:10.157+0200: 25.960: [ParNew: 592646K->38177K(613440K), 0.0136456 secs] 608098K->53629K(2029056K), 0.0137018 secs] [Times: user=0.13 sys=0.00, real=0.01 secs] 
2020-09-29T18:06:10.225+0200: 26.028: [GC (Allocation Failure) 2020-09-29T18:06:10.225+0200: 26.028: [ParNew: 583521K->56650K(613440K), 0.0199919 secs] 598973K->72101K(2029056K), 0.0200676 secs] [Times: user=0.13 sys=0.00, real=0.02 secs] 
2020-09-29T18:06:10.297+0200: 26.100: [GC (Allocation Failure) 2020-09-29T18:06:10.297+0200: 26.100: [ParNew: 601994K->42065K(613440K), 0.0177147 secs] 617445K->57516K(2029056K), 0.0177815 secs] [Times: user=0.13 sys=0.00, real=0.02 secs] 
2020-09-29T18:06:10.363+0200: 26.167: [GC (Allocation Failure) 2020-09-29T18:06:10.363+0200: 26.167: [ParNew: 587409K->37075K(613440K), 0.0168953 secs] 602860K->52526K(2029056K), 0.0169614 secs] [Times: user=0.25 sys=0.00, real=0.02 secs] 
2020-09-29T18:06:10.429+0200: 26.232: [GC (Allocation Failure) 2020-09-29T18:06:10.429+0200: 26.232: [ParNew: 582419K->32747K(613440K), 0.0103332 secs] 597870K->48198K(2029056K), 0.0103877 secs] [Times: user=0.00 sys=0.00, real=0.01 secs] 
2020-09-29T18:06:10.494+0200: 26.298: [GC (Allocation Failure) 2020-09-29T18:06:10.494+0200: 26.298: [ParNew: 578091K->30394K(613440K), 0.0154131 secs] 593542K->45845K(2029056K), 0.0154699 secs] [Times: user=0.13 sys=0.00, real=0.02 secs] 
2020-09-29T18:06:10.562+0200: 26.365: [GC (Allocation Failure) 2020-09-29T18:06:10.562+0200: 26.365: [ParNew: 575738K->35277K(613440K), 0.0139390 secs] 591189K->50728K(2029056K), 0.0140002 secs] [Times: user=0.13 sys=0.00, real=0.01 secs] 
2020-09-29T18:06:10.628+0200: 26.431: [GC (Allocation Failure) 2020-09-29T18:06:10.628+0200: 26.431: [ParNew: 580621K->50495K(613440K), 0.0191272 secs] 596072K->65946K(2029056K), 0.0191870 secs] [Times: user=0.23 sys=0.00, real=0.02 secs] 
2020-09-29T18:06:10.694+0200: 26.497: [GC (Allocation Failure) 2020-09-29T18:06:10.694+0200: 26.497: [ParNew: 595839K->42258K(613440K), 0.0170910 secs] 611290K->57710K(2029056K), 0.0171559 secs] [Times: user=0.13 sys=0.00, real=0.02 secs] 
2020-09-29T18:06:10.763+0200: 26.566: [GC (Allocation Failure) 2020-09-29T18:06:10.763+0200: 26.566: [ParNew: 587602K->39446K(613440K), 0.0123943 secs] 603054K->54897K(2029056K), 0.0124688 secs] [Times: user=0.13 sys=0.00, real=0.01 secs] 
2020-09-29T18:06:10.823+0200: 26.627: [GC (Allocation Failure) 2020-09-29T18:06:10.823+0200: 26.627: [ParNew: 584790K->53428K(613440K), 0.0219383 secs] 600241K->68879K(2029056K), 0.0220152 secs] [Times: user=0.13 sys=0.00, real=0.02 secs] 
2020-09-29T18:06:10.894+0200: 26.697: [GC (Allocation Failure) 2020-09-29T18:06:10.894+0200: 26.697: [ParNew: 598772K->42937K(613440K), 0.0159703 secs] 614223K->58388K(2029056K), 0.0160415 secs] [Times: user=0.13 sys=0.00, real=0.02 secs] 
2020-09-29T18:06:10.959+0200: 26.763: [GC (Allocation Failure) 2020-09-29T18:06:10.960+0200: 26.763: [ParNew: 588281K->40975K(613440K), 0.0140958 secs] 603732K->56426K(2029056K), 0.0217481 secs] [Times: user=0.00 sys=0.02, real=0.02 secs] 
2020-09-29T18:06:11.032+0200: 26.836: [GC (Allocation Failure) 2020-09-29T18:06:11.032+0200: 26.836: [ParNew: 586319K->52945K(613440K), 0.0185234 secs] 601770K->68396K(2029056K), 0.0186030 secs] [Times: user=0.13 sys=0.00, real=0.02 secs] 
2020-09-29T18:06:11.102+0200: 26.906: [GC (Allocation Failure) 2020-09-29T18:06:11.102+0200: 26.906: [ParNew: 598289K->35406K(613440K), 0.0122036 secs] 613740K->50857K(2029056K), 0.0122707 secs] [Times: user=0.13 sys=0.00, real=0.01 secs] 
2020-09-29T18:06:11.169+0200: 26.973: [GC (Allocation Failure) 2020-09-29T18:06:11.169+0200: 26.973: [ParNew: 580750K->20450K(613440K), 0.0117041 secs] 596201K->35902K(2029056K), 0.0117892 secs] [Times: user=0.13 sys=0.00, real=0.01 secs] 
2020-09-29T18:06:11.233+0200: 27.037: [GC (Allocation Failure) 2020-09-29T18:06:11.233+0200: 27.037: [ParNew: 565794K->51100K(613440K), 0.0208773 secs] 581246K->66552K(2029056K), 0.0209809 secs] [Times: user=0.25 sys=0.00, real=0.02 secs] 
2020-09-29T18:06:11.303+0200: 27.107: [GC (Allocation Failure) 2020-09-29T18:06:11.303+0200: 27.108: [ParNew: 596444K->41406K(613440K), 0.0148651 secs] 611896K->56857K(2029056K), 0.0149166 secs] [Times: user=0.13 sys=0.00, real=0.02 secs] 
2020-09-29T18:06:11.367+0200: 27.171: [GC (Allocation Failure) 2020-09-29T18:06:11.367+0200: 27.171: [ParNew: 586750K->57554K(613440K), 0.0184944 secs] 602201K->73006K(2029056K), 0.0185696 secs] [Times: user=0.13 sys=0.00, real=0.02 secs] 
2020-09-29T18:06:11.433+0200: 27.237: [GC (Allocation Failure) 2020-09-29T18:06:11.433+0200: 27.237: [ParNew: 602898K->44712K(613440K), 0.0178962 secs] 618350K->60163K(2029056K), 0.0179580 secs] [Times: user=0.13 sys=0.00, real=0.02 secs] 
2020-09-29T18:06:11.497+0200: 27.301: [GC (Allocation Failure) 2020-09-29T18:06:11.497+0200: 27.301: [ParNew: 590056K->34063K(613440K), 0.0109545 secs] 605507K->49514K(2029056K), 0.0110161 secs] [Times: user=0.13 sys=0.00, real=0.01 secs] 
2020-09-29T18:06:11.554+0200: 27.358: [GC (Allocation Failure) 2020-09-29T18:06:11.554+0200: 27.359: [ParNew: 579407K->17265K(613440K), 0.0106582 secs] 594858K->32716K(2029056K), 0.0107155 secs] [Times: user=0.00 sys=0.00, real=0.01 secs] 
2020-09-29T18:06:11.618+0200: 27.422: [GC (Allocation Failure) 2020-09-29T18:06:11.618+0200: 27.422: [ParNew: 562609K->46666K(613440K), 0.0214230 secs] 578060K->62118K(2029056K), 0.0214797 secs] [Times: user=0.11 sys=0.00, real=0.02 secs] 
2020-09-29T18:06:11.687+0200: 27.491: [GC (Allocation Failure) 2020-09-29T18:06:11.687+0200: 27.492: [ParNew: 592010K->36230K(613440K), 0.0137852 secs] 607462K->51681K(2029056K), 0.0138403 secs] [Times: user=0.13 sys=0.00, real=0.01 secs] 
2020-09-29T18:06:11.748+0200: 27.552: [GC (Allocation Failure) 2020-09-29T18:06:11.748+0200: 27.552: [ParNew: 581574K->27946K(613440K), 0.0120279 secs] 597025K->43397K(2029056K), 0.0120881 secs] [Times: user=0.13 sys=0.00, real=0.01 secs] 
2020-09-29T18:06:11.808+0200: 27.613: [GC (Allocation Failure) 2020-09-29T18:06:11.808+0200: 27.613: [ParNew: 573290K->43072K(613440K), 0.0156523 secs] 588741K->58524K(2029056K), 0.0157100 secs] [Times: user=0.11 sys=0.00, real=0.02 secs] 
2020-09-29T18:06:11.872+0200: 27.676: [GC (Allocation Failure) 2020-09-29T18:06:11.872+0200: 27.676: [ParNew: 588416K->55140K(613440K), 0.0188530 secs] 603868K->70591K(2029056K), 0.0189285 secs] [Times: user=0.13 sys=0.00, real=0.02 secs] 
2020-09-29T18:06:11.938+0200: 27.742: [GC (Allocation Failure) 2020-09-29T18:06:11.938+0200: 27.742: [ParNew: 600484K->60808K(613440K), 0.0198867 secs] 615935K->76260K(2029056K), 0.0199425 secs] [Times: user=0.25 sys=0.00, real=0.02 secs] 
2020-09-29T18:06:12.008+0200: 27.812: [GC (Allocation Failure) 2020-09-29T18:06:12.008+0200: 27.812: [ParNew: 606152K->47446K(613440K), 0.0176288 secs] 621604K->62897K(2029056K), 0.0176953 secs] [Times: user=0.13 sys=0.00, real=0.02 secs] 
2020-09-29T18:06:12.075+0200: 27.879: [GC (Allocation Failure) 2020-09-29T18:06:12.075+0200: 27.879: [ParNew: 592790K->35187K(613440K), 0.0121525 secs] 608241K->50638K(2029056K), 0.0122100 secs] [Times: user=0.13 sys=0.00, real=0.01 secs] 
2020-09-29T18:06:12.135+0200: 27.939: [GC (Allocation Failure) 2020-09-29T18:06:12.135+0200: 27.940: [ParNew: 580531K->48371K(613440K), 0.0212231 secs] 595982K->63823K(2029056K), 0.0212792 secs] [Times: user=0.13 sys=0.00, real=0.02 secs] 
2020-09-29T18:06:12.206+0200: 28.010: [GC (Allocation Failure) 2020-09-29T18:06:12.206+0200: 28.010: [ParNew: 593715K->32449K(613440K), 0.0171814 secs] 609167K->47900K(2029056K), 0.0172599 secs] [Times: user=0.22 sys=0.00, real=0.02 secs] 
2020-09-29T18:06:12.273+0200: 28.077: [GC (Allocation Failure) 2020-09-29T18:06:12.273+0200: 28.077: [ParNew: 577793K->32875K(613440K), 0.0126255 secs] 593244K->48326K(2029056K), 0.0126816 secs] [Times: user=0.13 sys=0.00, real=0.01 secs] 
2020-09-29T18:06:12.339+0200: 28.143: [GC (Allocation Failure) 2020-09-29T18:06:12.339+0200: 28.143: [ParNew: 578219K->62914K(613440K), 0.0228691 secs] 593670K->78365K(2029056K), 0.0229336 secs] [Times: user=0.13 sys=0.00, real=0.02 secs] 
2020-09-29T18:06:12.412+0200: 28.215: [GC (Allocation Failure) 2020-09-29T18:06:12.412+0200: 28.215: [ParNew: 608258K->68096K(613440K), 0.0221815 secs] 623709K->83651K(2029056K), 0.0222509 secs] [Times: user=0.13 sys=0.00, real=0.02 secs] 
2020-09-29T18:06:12.482+0200: 28.285: [GC (Allocation Failure) 2020-09-29T18:06:12.482+0200: 28.285: [ParNew: 613440K->48239K(613440K), 0.0168901 secs] 628995K->63795K(2029056K), 0.0169599 secs] [Times: user=0.13 sys=0.00, real=0.02 secs] 
2020-09-29T18:06:12.549+0200: 28.352: [GC (Allocation Failure) 2020-09-29T18:06:12.549+0200: 28.352: [ParNew: 593583K->40888K(613440K), 0.0203917 secs] 609139K->56443K(2029056K), 0.0204748 secs] [Times: user=0.22 sys=0.00, real=0.02 secs] 
2020-09-29T18:06:12.623+0200: 28.427: [GC (Allocation Failure) 2020-09-29T18:06:12.623+0200: 28.427: [ParNew: 586232K->29889K(613440K), 0.0177236 secs] 601787K->45444K(2029056K), 0.0177885 secs] [Times: user=0.09 sys=0.00, real=0.02 secs] 
2020-09-29T18:06:12.699+0200: 28.503: [GC (Allocation Failure) 2020-09-29T18:06:12.699+0200: 28.503: [ParNew: 575233K->67745K(613440K), 0.0237892 secs] 590788K->83300K(2029056K), 0.0238643 secs] [Times: user=0.13 sys=0.00, real=0.02 secs] 
2020-09-29T18:06:12.771+0200: 28.574: [GC (Allocation Failure) 2020-09-29T18:06:12.771+0200: 28.574: [ParNew: 613089K->48088K(613440K), 0.0199132 secs] 628644K->63643K(2029056K), 0.0199837 secs] [Times: user=0.13 sys=0.00, real=0.02 secs] 
2020-09-29T18:06:12.838+0200: 28.641: [GC (Allocation Failure) 2020-09-29T18:06:12.838+0200: 28.641: [ParNew: 593432K->46250K(613440K), 0.0176530 secs] 608987K->61805K(2029056K), 0.0177154 secs] [Times: user=0.13 sys=0.00, real=0.02 secs] 
2020-09-29T18:06:12.905+0200: 28.708: [GC (Allocation Failure) 2020-09-29T18:06:12.905+0200: 28.708: [ParNew: 591594K->36492K(613440K), 0.0118834 secs] 607149K->52047K(2029056K), 0.0119390 secs] [Times: user=0.13 sys=0.00, real=0.01 secs] 
2020-09-29T18:06:12.966+0200: 28.770: [GC (Allocation Failure) 2020-09-29T18:06:12.966+0200: 28.770: [ParNew: 581836K->47801K(613440K), 0.0211248 secs] 597391K->63356K(2029056K), 0.0211853 secs] [Times: user=0.13 sys=0.00, real=0.02 secs] 
2020-09-29T18:06:13.037+0200: 28.840: [GC (Allocation Failure) 2020-09-29T18:06:13.037+0200: 28.840: [ParNew: 593145K->42902K(613440K), 0.0149712 secs] 608700K->58458K(2029056K), 0.0150368 secs] [Times: user=0.13 sys=0.00, real=0.02 secs] 
2020-09-29T18:06:13.105+0200: 28.909: [GC (Allocation Failure) 2020-09-29T18:06:13.105+0200: 28.909: [ParNew: 588246K->57868K(613440K), 0.0199609 secs] 603802K->73424K(2029056K), 0.0200273 secs] [Times: user=0.13 sys=0.00, real=0.02 secs] 
2020-09-29T18:06:13.175+0200: 28.978: [GC (Allocation Failure) 2020-09-29T18:06:13.175+0200: 28.978: [ParNew: 603212K->44997K(613440K), 0.0194415 secs] 618768K->60552K(2029056K), 0.0195193 secs] [Times: user=0.25 sys=0.00, real=0.02 secs] 
2020-09-29T18:06:13.246+0200: 29.049: [GC (Allocation Failure) 2020-09-29T18:06:13.246+0200: 29.049: [ParNew: 590341K->48515K(613440K), 0.0197405 secs] 605896K->64071K(2029056K), 0.0198532 secs] [Times: user=0.13 sys=0.00, real=0.02 secs] 
2020-09-29T18:06:13.317+0200: 29.120: [GC (Allocation Failure) 2020-09-29T18:06:13.317+0200: 29.120: [ParNew: 593859K->44718K(613440K), 0.0175939 secs] 609415K->60273K(2029056K), 0.0176522 secs] [Times: user=0.25 sys=0.00, real=0.02 secs] 
2020-09-29T18:06:13.384+0200: 29.187: [GC (Allocation Failure) 2020-09-29T18:06:13.384+0200: 29.187: [ParNew: 590062K->40816K(613440K), 0.0174211 secs] 605617K->56371K(2029056K), 0.0174792 secs] [Times: user=0.13 sys=0.00, real=0.02 secs] 
2020-09-29T18:06:13.455+0200: 29.258: [GC (Allocation Failure) 2020-09-29T18:06:13.455+0200: 29.258: [ParNew: 586160K->38022K(613440K), 0.0162152 secs] 601715K->53578K(2029056K), 0.0162823 secs] [Times: user=0.13 sys=0.00, real=0.02 secs] 
2020-09-29T18:06:13.520+0200: 29.324: [GC (Allocation Failure) 2020-09-29T18:06:13.520+0200: 29.324: [ParNew: 583366K->61869K(613440K), 0.0204775 secs] 598922K->77424K(2029056K), 0.0205318 secs] [Times: user=0.20 sys=0.00, real=0.02 secs] 
2020-09-29T18:06:13.590+0200: 29.393: [GC (Allocation Failure) 2020-09-29T18:06:13.590+0200: 29.393: [ParNew: 607213K->64063K(613440K), 0.0224855 secs] 622768K->79619K(2029056K), 0.0225429 secs] [Times: user=0.11 sys=0.00, real=0.02 secs] 
2020-09-29T18:06:13.662+0200: 29.465: [GC (Allocation Failure) 2020-09-29T18:06:13.662+0200: 29.465: [ParNew: 609407K->51631K(613440K), 0.0193932 secs] 624963K->67187K(2029056K), 0.0194674 secs] [Times: user=0.13 sys=0.00, real=0.02 secs] 
2020-09-29T18:06:13.728+0200: 29.531: [GC (Allocation Failure) 2020-09-29T18:06:13.728+0200: 29.531: [ParNew: 596975K->39101K(613440K), 0.0131544 secs] 612531K->54657K(2029056K), 0.0133297 secs] [Times: user=0.13 sys=0.00, real=0.01 secs] 
2020-09-29T18:06:13.791+0200: 29.595: [GC (Allocation Failure) 2020-09-29T18:06:13.791+0200: 29.595: [ParNew: 584445K->41073K(613440K), 0.0173638 secs] 600001K->56628K(2029056K), 0.0174187 secs] [Times: user=0.13 sys=0.00, real=0.02 secs] 
2020-09-29T18:06:13.856+0200: 29.659: [GC (Allocation Failure) 2020-09-29T18:06:13.856+0200: 29.659: [ParNew: 586417K->34237K(613440K), 0.0158672 secs] 601972K->49793K(2029056K), 0.0159222 secs] [Times: user=0.13 sys=0.00, real=0.02 secs] 
2020-09-29T18:06:13.918+0200: 29.722: [GC (Allocation Failure) 2020-09-29T18:06:13.918+0200: 29.722: [ParNew: 579581K->57342K(613440K), 0.0196738 secs] 595137K->72898K(2029056K), 0.0197395 secs] [Times: user=0.13 sys=0.00, real=0.02 secs] 
2020-09-29T18:06:13.986+0200: 29.789: [GC (Allocation Failure) 2020-09-29T18:06:13.986+0200: 29.789: [ParNew: 602686K->68096K(613440K), 0.0261440 secs] 618242K->85111K(2029056K), 0.0261972 secs] [Times: user=0.23 sys=0.00, real=0.03 secs] 
2020-09-29T18:06:14.060+0200: 29.863: [GC (Allocation Failure) 2020-09-29T18:06:14.060+0200: 29.863: [ParNew: 613440K->52782K(613440K), 0.0191360 secs] 630455K->69798K(2029056K), 0.0192009 secs] [Times: user=0.13 sys=0.00, real=0.02 secs] 
2020-09-29T18:06:14.127+0200: 29.930: [GC (Allocation Failure) 2020-09-29T18:06:14.127+0200: 29.930: [ParNew: 598126K->45403K(613440K), 0.0187549 secs] 615142K->62419K(2029056K), 0.0188482 secs] [Times: user=0.13 sys=0.00, real=0.02 secs] 
2020-09-29T18:06:14.194+0200: 29.998: [GC (Allocation Failure) 2020-09-29T18:06:14.194+0200: 29.998: [ParNew: 590747K->45648K(613440K), 0.0220937 secs] 607763K->62664K(2029056K), 0.0221626 secs] [Times: user=0.11 sys=0.00, real=0.02 secs] 
2020-09-29T18:06:14.272+0200: 30.075: [GC (Allocation Failure) 2020-09-29T18:06:14.272+0200: 30.075: [ParNew: 590992K->41177K(613440K), 0.0179752 secs] 608008K->58193K(2029056K), 0.0180328 secs] [Times: user=0.13 sys=0.00, real=0.02 secs] 
2020-09-29T18:06:14.339+0200: 30.142: [GC (Allocation Failure) 2020-09-29T18:06:14.339+0200: 30.142: [ParNew: 586521K->60775K(613440K), 0.0221378 secs] 603537K->77791K(2029056K), 0.0222145 secs] [Times: user=0.13 sys=0.00, real=0.02 secs] 
2020-09-29T18:06:14.411+0200: 30.214: [GC (Allocation Failure) 2020-09-29T18:06:14.411+0200: 30.214: [ParNew: 606119K->44878K(613440K), 0.0152894 secs] 623135K->61893K(2029056K), 0.0153487 secs] [Times: user=0.00 sys=0.00, real=0.02 secs] 
2020-09-29T18:06:14.479+0200: 30.282: [GC (Allocation Failure) 2020-09-29T18:06:14.479+0200: 30.282: [ParNew: 590222K->60901K(613440K), 0.0202926 secs] 607237K->77917K(2029056K), 0.0203540 secs] [Times: user=0.13 sys=0.00, real=0.02 secs] 
2020-09-29T18:06:14.549+0200: 30.352: [GC (Allocation Failure) 2020-09-29T18:06:14.549+0200: 30.352: [ParNew: 606245K->68096K(613440K), 0.0253717 secs] 623261K->85765K(2029056K), 0.0254384 secs] [Times: user=0.25 sys=0.00, real=0.02 secs] 
2020-09-29T18:06:14.623+0200: 30.426: [GC (Allocation Failure) 2020-09-29T18:06:14.623+0200: 30.426: [ParNew: 613440K->61695K(613440K), 0.0194508 secs] 631109K->79364K(2029056K), 0.0195094 secs] [Times: user=0.13 sys=0.00, real=0.02 secs] 
2020-09-29T18:06:14.694+0200: 30.497: [GC (Allocation Failure) 2020-09-29T18:06:14.694+0200: 30.497: [ParNew: 607039K->51691K(613440K), 0.0182834 secs] 624708K->69360K(2029056K), 0.0183505 secs] [Times: user=0.13 sys=0.00, real=0.02 secs] 
2020-09-29T18:06:14.760+0200: 30.563: [GC (Allocation Failure) 2020-09-29T18:06:14.760+0200: 30.563: [ParNew: 597035K->68096K(613440K), 0.0230540 secs] 614704K->86219K(2029056K), 0.0231249 secs] [Times: user=0.13 sys=0.00, real=0.02 secs] 
2020-09-29T18:06:14.831+0200: 30.634: [GC (Allocation Failure) 2020-09-29T18:06:14.831+0200: 30.634: [ParNew: 613440K->49159K(613440K), 0.0169779 secs] 631563K->67282K(2029056K), 0.0170453 secs] [Times: user=0.13 sys=0.00, real=0.02 secs] 
2020-09-29T18:06:14.896+0200: 30.699: [GC (Allocation Failure) 2020-09-29T18:06:14.896+0200: 30.699: [ParNew: 594503K->38611K(613440K), 0.0165103 secs] 612626K->56734K(2029056K), 0.0165661 secs] [Times: user=0.13 sys=0.00, real=0.02 secs] 
2020-09-29T18:06:14.960+0200: 30.763: [GC (Allocation Failure) 2020-09-29T18:06:14.960+0200: 30.763: [ParNew: 583955K->61115K(613440K), 0.0251471 secs] 602078K->79238K(2029056K), 0.0252101 secs] [Times: user=0.13 sys=0.00, real=0.02 secs] 
2020-09-29T18:06:15.035+0200: 30.838: [GC (Allocation Failure) 2020-09-29T18:06:15.035+0200: 30.838: [ParNew: 606459K->56760K(613440K), 0.0204222 secs] 624582K->74884K(2029056K), 0.0204768 secs] [Times: user=0.24 sys=0.00, real=0.02 secs] 
2020-09-29T18:06:15.106+0200: 30.909: [GC (Allocation Failure) 2020-09-29T18:06:15.106+0200: 30.909: [ParNew: 602104K->49420K(613440K), 0.0186810 secs] 620228K->67543K(2029056K), 0.0187398 secs] [Times: user=0.13 sys=0.00, real=0.02 secs] 
2020-09-29T18:06:15.175+0200: 30.978: [GC (Allocation Failure) 2020-09-29T18:06:15.175+0200: 30.979: [ParNew: 594764K->39162K(613440K), 0.0128313 secs] 612887K->57285K(2029056K), 0.0128921 secs] [Times: user=0.13 sys=0.00, real=0.01 secs] 
2020-09-29T18:06:15.241+0200: 31.045: [GC (Allocation Failure) 2020-09-29T18:06:15.241+0200: 31.045: [ParNew: 584506K->52160K(613440K), 0.0219316 secs] 602629K->70284K(2029056K), 0.0219852 secs] [Times: user=0.13 sys=0.00, real=0.02 secs] 
2020-09-29T18:06:15.311+0200: 31.114: [GC (Allocation Failure) 2020-09-29T18:06:15.311+0200: 31.114: [ParNew: 597504K->68096K(613440K), 0.0211943 secs] 615628K->86219K(2029056K), 0.0212588 secs] [Times: user=0.13 sys=0.00, real=0.02 secs] 
2020-09-29T18:06:15.382+0200: 31.185: [GC (Allocation Failure) 2020-09-29T18:06:15.382+0200: 31.185: [ParNew: 613440K->52390K(613440K), 0.0204676 secs] 631563K->70513K(2029056K), 0.0205350 secs] [Times: user=0.13 sys=0.00, real=0.02 secs] 
2020-09-29T18:06:15.449+0200: 31.253: [GC (Allocation Failure) 2020-09-29T18:06:15.449+0200: 31.253: [ParNew: 597734K->46770K(613440K), 0.0195419 secs] 615857K->64893K(2029056K), 0.0195982 secs] [Times: user=0.13 sys=0.00, real=0.02 secs] 
2020-09-29T18:06:15.517+0200: 31.320: [GC (Allocation Failure) 2020-09-29T18:06:15.517+0200: 31.320: [ParNew: 592114K->42611K(613440K), 0.0185797 secs] 610237K->60735K(2029056K), 0.0186395 secs] [Times: user=0.13 sys=0.00, real=0.02 secs] 
2020-09-29T18:06:15.585+0200: 31.388: [GC (Allocation Failure) 2020-09-29T18:06:15.585+0200: 31.388: [ParNew: 587955K->42273K(613440K), 0.0194799 secs] 606079K->60397K(2029056K), 0.0195894 secs] [Times: user=0.13 sys=0.00, real=0.02 secs] 
2020-09-29T18:06:15.656+0200: 31.460: [GC (Allocation Failure) 2020-09-29T18:06:15.656+0200: 31.460: [ParNew: 587617K->66640K(613440K), 0.0230916 secs] 605741K->84763K(2029056K), 0.0231562 secs] [Times: user=0.25 sys=0.00, real=0.02 secs] 
2020-09-29T18:06:15.729+0200: 31.533: [GC (Allocation Failure) 2020-09-29T18:06:15.729+0200: 31.533: [ParNew: 611984K->58915K(613440K), 0.0227842 secs] 630107K->77038K(2029056K), 0.0228401 secs] [Times: user=0.13 sys=0.00, real=0.02 secs] 
2020-09-29T18:06:15.800+0200: 31.603: [GC (Allocation Failure) 2020-09-29T18:06:15.800+0200: 31.603: [ParNew: 604259K->53810K(613440K), 0.0213527 secs] 622382K->71933K(2029056K), 0.0214140 secs] [Times: user=0.25 sys=0.00, real=0.02 secs] 
2020-09-29T18:06:15.870+0200: 31.674: [GC (Allocation Failure) 2020-09-29T18:06:15.870+0200: 31.674: [ParNew: 599154K->47546K(613440K), 0.0097047 secs] 617277K->65669K(2029056K), 0.0097584 secs] [Times: user=0.13 sys=0.00, real=0.01 secs] 
2020-09-29T18:06:15.929+0200: 31.732: [GC (Allocation Failure) 2020-09-29T18:06:15.929+0200: 31.732: [ParNew: 592890K->34706K(613440K), 0.0148477 secs] 611013K->52829K(2029056K), 0.0149139 secs] [Times: user=0.13 sys=0.00, real=0.02 secs] 
2020-09-29T18:06:15.994+0200: 31.798: [GC (Allocation Failure) 2020-09-29T18:06:15.994+0200: 31.798: [ParNew: 580050K->47150K(613440K), 0.0205022 secs] 598173K->65274K(2029056K), 0.0205570 secs] [Times: user=0.13 sys=0.00, real=0.02 secs] 
2020-09-29T18:06:16.069+0200: 31.872: [GC (Allocation Failure) 2020-09-29T18:06:16.069+0200: 31.872: [ParNew: 592494K->51608K(613440K), 0.0201052 secs] 610618K->69731K(2029056K), 0.0201600 secs] [Times: user=0.13 sys=0.00, real=0.02 secs] 
2020-09-29T18:06:16.141+0200: 31.944: [GC (Allocation Failure) 2020-09-29T18:06:16.141+0200: 31.944: [ParNew: 596952K->44480K(613440K), 0.0183331 secs] 615075K->62604K(2029056K), 0.0184042 secs] [Times: user=0.13 sys=0.00, real=0.02 secs] 
2020-09-29T18:06:16.212+0200: 32.015: [GC (Allocation Failure) 2020-09-29T18:06:16.212+0200: 32.015: [ParNew: 589824K->43439K(613440K), 0.0210141 secs] 607948K->61562K(2029056K), 0.0211073 secs] [Times: user=0.13 sys=0.00, real=0.02 secs] 
2020-09-29T18:06:16.282+0200: 32.085: [GC (Allocation Failure) 2020-09-29T18:06:16.282+0200: 32.085: [ParNew: 588783K->35766K(613440K), 0.0118805 secs] 606906K->53889K(2029056K), 0.0119694 secs] [Times: user=0.13 sys=0.00, real=0.01 secs] 
2020-09-29T18:06:16.354+0200: 32.157: [GC (Allocation Failure) 2020-09-29T18:06:16.354+0200: 32.157: [ParNew: 581110K->35837K(613440K), 0.0158905 secs] 599233K->53960K(2029056K), 0.0159463 secs] [Times: user=0.13 sys=0.00, real=0.02 secs] 
2020-09-29T18:06:16.419+0200: 32.222: [GC (Allocation Failure) 2020-09-29T18:06:16.419+0200: 32.222: [ParNew: 581181K->26571K(613440K), 0.0074608 secs] 599304K->44694K(2029056K), 0.0075132 secs] [Times: user=0.00 sys=0.00, real=0.01 secs] 
2020-09-29T18:06:16.480+0200: 32.284: [GC (Allocation Failure) 2020-09-29T18:06:16.480+0200: 32.284: [ParNew: 571915K->43555K(613440K), 0.0187087 secs] 590038K->61678K(2029056K), 0.0187649 secs] [Times: user=0.13 sys=0.00, real=0.02 secs] 
2020-09-29T18:06:16.550+0200: 32.353: [GC (Allocation Failure) 2020-09-29T18:06:16.550+0200: 32.353: [ParNew: 588899K->54016K(613440K), 0.0190519 secs] 607022K->72139K(2029056K), 0.0191381 secs] [Times: user=0.25 sys=0.00, real=0.02 secs] 
2020-09-29T18:06:16.619+0200: 32.422: [GC (Allocation Failure) 2020-09-29T18:06:16.619+0200: 32.422: [ParNew: 599360K->39418K(613440K), 0.0178942 secs] 617483K->57542K(2029056K), 0.0179630 secs] [Times: user=0.11 sys=0.00, real=0.02 secs] 
2020-09-29T18:06:16.684+0200: 32.487: [GC (Allocation Failure) 2020-09-29T18:06:16.684+0200: 32.487: [ParNew: 584762K->39240K(613440K), 0.0159318 secs] 602886K->57363K(2029056K), 0.0160010 secs] [Times: user=0.13 sys=0.00, real=0.02 secs] 
2020-09-29T18:06:16.747+0200: 32.550: [GC (Allocation Failure) 2020-09-29T18:06:16.747+0200: 32.551: [ParNew: 584584K->30704K(613440K), 0.0155266 secs] 602707K->48828K(2029056K), 0.0155970 secs] [Times: user=0.13 sys=0.00, real=0.02 secs] 
2020-09-29T18:06:16.811+0200: 32.614: [GC (Allocation Failure) 2020-09-29T18:06:16.811+0200: 32.614: [ParNew: 576048K->32199K(613440K), 0.0153883 secs] 594172K->50322K(2029056K), 0.0154455 secs] [Times: user=0.13 sys=0.00, real=0.01 secs] 
2020-09-29T18:06:16.878+0200: 32.681: [GC (Allocation Failure) 2020-09-29T18:06:16.878+0200: 32.681: [ParNew: 577543K->54453K(613440K), 0.0190271 secs] 595666K->72577K(2029056K), 0.0190811 secs] [Times: user=0.25 sys=0.00, real=0.02 secs] 
2020-09-29T18:06:16.945+0200: 32.748: [GC (Allocation Failure) 2020-09-29T18:06:16.945+0200: 32.748: [ParNew: 599797K->39884K(613440K), 0.0122070 secs] 617921K->58007K(2029056K), 0.0122607 secs] [Times: user=0.00 sys=0.00, real=0.01 secs] 
2020-09-29T18:06:17.008+0200: 32.811: [GC (Allocation Failure) 2020-09-29T18:06:17.008+0200: 32.811: [ParNew: 585228K->51998K(613440K), 0.0229465 secs] 603351K->70121K(2029056K), 0.0230126 secs] [Times: user=0.13 sys=0.00, real=0.02 secs] 
2020-09-29T18:06:17.078+0200: 32.882: [GC (Allocation Failure) 2020-09-29T18:06:17.078+0200: 32.882: [ParNew: 597342K->44903K(613440K), 0.0164965 secs] 615465K->63027K(2029056K), 0.0165504 secs] [Times: user=0.13 sys=0.00, real=0.02 secs] 
2020-09-29T18:06:17.145+0200: 32.948: [GC (Allocation Failure) 2020-09-29T18:06:17.145+0200: 32.948: [ParNew: 590247K->38973K(613440K), 0.0162298 secs] 608371K->57096K(2029056K), 0.0162856 secs] [Times: user=0.25 sys=0.00, real=0.02 secs] 
2020-09-29T18:06:17.213+0200: 33.017: [GC (Allocation Failure) 2020-09-29T18:06:17.213+0200: 33.017: [ParNew: 584317K->60198K(613440K), 0.0236264 secs] 602440K->78322K(2029056K), 0.0236925 secs] [Times: user=0.13 sys=0.00, real=0.02 secs] 
2020-09-29T18:06:17.287+0200: 33.090: [GC (Allocation Failure) 2020-09-29T18:06:17.287+0200: 33.090: [ParNew: 605542K->42224K(613440K), 0.0148168 secs] 623666K->60347K(2029056K), 0.0148832 secs] [Times: user=0.00 sys=0.00, real=0.01 secs] 
2020-09-29T18:06:17.351+0200: 33.155: [GC (Allocation Failure) 2020-09-29T18:06:17.351+0200: 33.155: [ParNew: 587568K->29099K(613440K), 0.0135490 secs] 605691K->47223K(2029056K), 0.0136280 secs] [Times: user=0.13 sys=0.00, real=0.01 secs] 
2020-09-29T18:06:17.415+0200: 33.218: [GC (Allocation Failure) 2020-09-29T18:06:17.415+0200: 33.218: [ParNew: 574443K->43985K(613440K), 0.0181619 secs] 592567K->62109K(2029056K), 0.0182228 secs] [Times: user=0.13 sys=0.00, real=0.02 secs] 
2020-09-29T18:06:17.482+0200: 33.286: [GC (Allocation Failure) 2020-09-29T18:06:17.482+0200: 33.286: [ParNew: 589329K->61878K(613440K), 0.0221337 secs] 607453K->80001K(2029056K), 0.0221909 secs] [Times: user=0.13 sys=0.00, real=0.02 secs] 
2020-09-29T18:06:17.554+0200: 33.358: [GC (Allocation Failure) 2020-09-29T18:06:17.555+0200: 33.358: [ParNew: 607222K->44677K(613440K), 0.0162435 secs] 625345K->62800K(2029056K), 0.0163193 secs] [Times: user=0.13 sys=0.00, real=0.02 secs] 
2020-09-29T18:06:17.621+0200: 33.424: [GC (Allocation Failure) 2020-09-29T18:06:17.621+0200: 33.424: [ParNew: 590021K->63771K(613440K), 0.0201751 secs] 608144K->81895K(2029056K), 0.0202348 secs] [Times: user=0.13 sys=0.00, real=0.02 secs] 
2020-09-29T18:06:17.694+0200: 33.497: [GC (Allocation Failure) 2020-09-29T18:06:17.694+0200: 33.497: [ParNew: 609115K->68096K(613440K), 0.0242235 secs] 627239K->86247K(2029056K), 0.0242877 secs] [Times: user=0.13 sys=0.00, real=0.02 secs] 
2020-09-29T18:06:17.765+0200: 33.569: [GC (Allocation Failure) 2020-09-29T18:06:17.765+0200: 33.569: [ParNew: 613440K->46801K(613440K), 0.0130880 secs] 631591K->64953K(2029056K), 0.0131616 secs] [Times: user=0.13 sys=0.00, real=0.01 secs] 
2020-09-29T18:06:17.825+0200: 33.629: [GC (Allocation Failure) 2020-09-29T18:06:17.825+0200: 33.629: [ParNew: 592145K->47103K(613440K), 0.0176245 secs] 610297K->65254K(2029056K), 0.0176882 secs] [Times: user=0.13 sys=0.00, real=0.02 secs] 
2020-09-29T18:06:17.892+0200: 33.695: [GC (Allocation Failure) 2020-09-29T18:06:17.892+0200: 33.695: [ParNew: 592447K->62388K(613440K), 0.0224598 secs] 610598K->80539K(2029056K), 0.0225176 secs] [Times: user=0.25 sys=0.00, real=0.02 secs] 
2020-09-29T18:06:17.962+0200: 33.765: [GC (Allocation Failure) 2020-09-29T18:06:17.962+0200: 33.765: [ParNew: 607732K->45668K(613440K), 0.0163233 secs] 625883K->63819K(2029056K), 0.0163851 secs] [Times: user=0.13 sys=0.00, real=0.02 secs] 
2020-09-29T18:06:18.027+0200: 33.831: [GC (Allocation Failure) 2020-09-29T18:06:18.027+0200: 33.831: [ParNew: 591012K->59644K(613440K), 0.0219192 secs] 609163K->77796K(2029056K), 0.0219920 secs] [Times: user=0.09 sys=0.00, real=0.02 secs] 
2020-09-29T18:06:18.096+0200: 33.900: [GC (Allocation Failure) 2020-09-29T18:06:18.096+0200: 33.900: [ParNew: 604988K->49042K(613440K), 0.0210333 secs] 623140K->67193K(2029056K), 0.0211007 secs] [Times: user=0.25 sys=0.00, real=0.02 secs] 
2020-09-29T18:06:18.166+0200: 33.970: [GC (Allocation Failure) 2020-09-29T18:06:18.166+0200: 33.970: [ParNew: 594386K->47921K(613440K), 0.0194839 secs] 612537K->66072K(2029056K), 0.0195413 secs] [Times: user=0.13 sys=0.00, real=0.02 secs] 
2020-09-29T18:06:18.238+0200: 34.042: [GC (Allocation Failure) 2020-09-29T18:06:18.238+0200: 34.042: [ParNew: 593265K->42059K(613440K), 0.0137726 secs] 611416K->60210K(2029056K), 0.0138270 secs] [Times: user=0.13 sys=0.00, real=0.01 secs] 
2020-09-29T18:06:18.299+0200: 34.103: [GC (Allocation Failure) 2020-09-29T18:06:18.299+0200: 34.103: [ParNew: 587403K->42742K(613440K), 0.0189486 secs] 605554K->60894K(2029056K), 0.0190285 secs] [Times: user=0.25 sys=0.00, real=0.02 secs] 
2020-09-29T18:06:18.369+0200: 34.173: [GC (Allocation Failure) 2020-09-29T18:06:18.369+0200: 34.173: [ParNew: 588086K->61268K(613440K), 0.0241790 secs] 606238K->79419K(2029056K), 0.0242393 secs] [Times: user=0.11 sys=0.00, real=0.02 secs] 
2020-09-29T18:06:18.445+0200: 34.249: [GC (Allocation Failure) 2020-09-29T18:06:18.445+0200: 34.249: [ParNew: 606612K->68096K(613440K), 0.0298432 secs] 624763K->86743K(2029056K), 0.0299134 secs] [Times: user=0.23 sys=0.00, real=0.03 secs] 
2020-09-29T18:06:18.525+0200: 34.329: [GC (Allocation Failure) 2020-09-29T18:06:18.525+0200: 34.329: [ParNew: 613440K->62949K(613440K), 0.0248992 secs] 632087K->81597K(2029056K), 0.0249830 secs] [Times: user=0.13 sys=0.00, real=0.02 secs] 
2020-09-29T18:06:18.601+0200: 34.405: [GC (Allocation Failure) 2020-09-29T18:06:18.601+0200: 34.405: [ParNew: 608293K->47264K(613440K), 0.0165977 secs] 626941K->65911K(2029056K), 0.0166664 secs] [Times: user=0.13 sys=0.00, real=0.02 secs] 
2020-09-29T18:06:18.665+0200: 34.469: [GC (Allocation Failure) 2020-09-29T18:06:18.665+0200: 34.469: [ParNew: 592608K->38857K(613440K), 0.0150296 secs] 611255K->57505K(2029056K), 0.0151058 secs] [Times: user=0.13 sys=0.00, real=0.02 secs] 
2020-09-29T18:06:18.728+0200: 34.532: [GC (Allocation Failure) 2020-09-29T18:06:18.728+0200: 34.532: [ParNew: 584201K->33184K(613440K), 0.0136495 secs] 602849K->51832K(2029056K), 0.0137033 secs] [Times: user=0.13 sys=0.00, real=0.01 secs] 
2020-09-29T18:06:18.792+0200: 34.596: [GC (Allocation Failure) 2020-09-29T18:06:18.792+0200: 34.596: [ParNew: 578528K->48916K(613440K), 0.0167975 secs] 597176K->67564K(2029056K), 0.0168543 secs] [Times: user=0.13 sys=0.00, real=0.02 secs] 
2020-09-29T18:06:18.858+0200: 34.662: [GC (Allocation Failure) 2020-09-29T18:06:18.859+0200: 34.663: [ParNew: 594260K->63863K(613440K), 0.0222788 secs] 612908K->82511K(2029056K), 0.0223409 secs] [Times: user=0.25 sys=0.00, real=0.02 secs] 
2020-09-29T18:06:18.930+0200: 34.734: [GC (Allocation Failure) 2020-09-29T18:06:18.930+0200: 34.734: [ParNew: 609207K->59067K(613440K), 0.0213578 secs] 627855K->77715K(2029056K), 0.0214465 secs] [Times: user=0.13 sys=0.00, real=0.02 secs] 
2020-09-29T18:06:19.001+0200: 34.805: [GC (Allocation Failure) 2020-09-29T18:06:19.001+0200: 34.805: [ParNew: 604411K->51053K(613440K), 0.0216411 secs] 623059K->69700K(2029056K), 0.0217141 secs] [Times: user=0.25 sys=0.00, real=0.02 secs] 
2020-09-29T18:06:19.073+0200: 34.877: [GC (Allocation Failure) 2020-09-29T18:06:19.073+0200: 34.877: [ParNew: 596397K->45385K(613440K), 0.0211841 secs] 615044K->64032K(2029056K), 0.0212918 secs] [Times: user=0.13 sys=0.00, real=0.02 secs] 
2020-09-29T18:06:19.140+0200: 34.944: [GC (Allocation Failure) 2020-09-29T18:06:19.140+0200: 34.944: [ParNew: 590729K->41389K(613440K), 0.0144230 secs] 609376K->60037K(2029056K), 0.0144794 secs] [Times: user=0.13 sys=0.00, real=0.01 secs] 
2020-09-29T18:06:19.212+0200: 35.016: [GC (Allocation Failure) 2020-09-29T18:06:19.212+0200: 35.016: [ParNew: 586733K->43641K(613440K), 0.0223905 secs] 605381K->62289K(2029056K), 0.0224853 secs] [Times: user=0.13 sys=0.00, real=0.02 secs] 
2020-09-29T18:06:19.287+0200: 35.091: [GC (Allocation Failure) 2020-09-29T18:06:19.287+0200: 35.091: [ParNew: 588985K->45895K(613440K), 0.0181494 secs] 607633K->64543K(2029056K), 0.0182066 secs] [Times: user=0.13 sys=0.00, real=0.02 secs] 
2020-09-29T18:06:19.353+0200: 35.157: [GC (Allocation Failure) 2020-09-29T18:06:19.353+0200: 35.157: [ParNew: 591239K->42689K(613440K), 0.0180092 secs] 609887K->61337K(2029056K), 0.0180712 secs] [Times: user=0.13 sys=0.00, real=0.02 secs] 
2020-09-29T18:06:19.417+0200: 35.221: [GC (Allocation Failure) 2020-09-29T18:06:19.417+0200: 35.221: [ParNew: 588033K->33626K(613440K), 0.0114996 secs] 606681K->52274K(2029056K), 0.0115724 secs] [Times: user=0.13 sys=0.00, real=0.01 secs] 
2020-09-29T18:06:19.479+0200: 35.283: [GC (Allocation Failure) 2020-09-29T18:06:19.479+0200: 35.283: [ParNew: 578970K->36637K(613440K), 0.0156463 secs] 597618K->55285K(2029056K), 0.0157336 secs] [Times: user=0.13 sys=0.00, real=0.02 secs] 
2020-09-29T18:06:19.545+0200: 35.349: [GC (Allocation Failure) 2020-09-29T18:06:19.545+0200: 35.349: [ParNew: 581981K->28971K(613440K), 0.0134801 secs] 600629K->47618K(2029056K), 0.0135362 secs] [Times: user=0.13 sys=0.00, real=0.01 secs] 
2020-09-29T18:06:19.608+0200: 35.412: [GC (Allocation Failure) 2020-09-29T18:06:19.608+0200: 35.412: [ParNew: 574315K->52740K(613440K), 0.0180358 secs] 592962K->71387K(2029056K), 0.0180939 secs] [Times: user=0.13 sys=0.00, real=0.02 secs] 
2020-09-29T18:06:19.676+0200: 35.480: [GC (Allocation Failure) 2020-09-29T18:06:19.676+0200: 35.480: [ParNew: 598084K->39738K(613440K), 0.0173168 secs] 616731K->58386K(2029056K), 0.0173823 secs] [Times: user=0.13 sys=0.00, real=0.02 secs] 
2020-09-29T18:06:19.739+0200: 35.543: [GC (Allocation Failure) 2020-09-29T18:06:19.739+0200: 35.543: [ParNew: 585082K->66924K(613440K), 0.0212454 secs] 603730K->85572K(2029056K), 0.0213248 secs] [Times: user=0.13 sys=0.00, real=0.02 secs] 
2020-09-29T18:06:19.810+0200: 35.614: [GC (Allocation Failure) 2020-09-29T18:06:19.810+0200: 35.614: [ParNew: 612268K->43727K(613440K), 0.0148796 secs] 630916K->62375K(2029056K), 0.0149501 secs] [Times: user=0.13 sys=0.00, real=0.02 secs] 
2020-09-29T18:06:19.880+0200: 35.684: [GC (Allocation Failure) 2020-09-29T18:06:19.880+0200: 35.684: [ParNew: 589071K->58054K(613440K), 0.0198555 secs] 607719K->76702K(2029056K), 0.0199138 secs] [Times: user=0.13 sys=0.00, real=0.02 secs] 
2020-09-29T18:06:19.950+0200: 35.754: [GC (Allocation Failure) 2020-09-29T18:06:19.950+0200: 35.754: [ParNew: 603398K->46296K(613440K), 0.0196722 secs] 622046K->64944K(2029056K), 0.0197262 secs] [Times: user=0.13 sys=0.00, real=0.02 secs] 
2020-09-29T18:06:20.018+0200: 35.822: [GC (Allocation Failure) 2020-09-29T18:06:20.018+0200: 35.822: [ParNew: 591640K->68096K(613440K), 0.0247323 secs] 610288K->87488K(2029056K), 0.0247886 secs] [Times: user=0.23 sys=0.00, real=0.03 secs] 
2020-09-29T18:06:20.090+0200: 35.894: [GC (Allocation Failure) 2020-09-29T18:06:20.090+0200: 35.894: [ParNew: 613440K->53233K(613440K), 0.0232587 secs] 632832K->72626K(2029056K), 0.0233259 secs] [Times: user=0.13 sys=0.00, real=0.02 secs] 
2020-09-29T18:06:20.161+0200: 35.965: [GC (Allocation Failure) 2020-09-29T18:06:20.161+0200: 35.965: [ParNew: 598577K->52159K(613440K), 0.0177441 secs] 617970K->71552K(2029056K), 0.0178202 secs] [Times: user=0.13 sys=0.00, real=0.02 secs] 
2020-09-29T18:06:20.230+0200: 36.034: [GC (Allocation Failure) 2020-09-29T18:06:20.230+0200: 36.034: [ParNew: 597503K->44236K(613440K), 0.0176431 secs] 616896K->63628K(2029056K), 0.0177410 secs] [Times: user=0.13 sys=0.00, real=0.02 secs] 
2020-09-29T18:06:20.296+0200: 36.100: [GC (Allocation Failure) 2020-09-29T18:06:20.296+0200: 36.100: [ParNew: 589580K->42801K(613440K), 0.0164469 secs] 608972K->62193K(2029056K), 0.0165169 secs] [Times: user=0.13 sys=0.00, real=0.02 secs] 
2020-09-29T18:06:20.361+0200: 36.165: [GC (Allocation Failure) 2020-09-29T18:06:20.361+0200: 36.165: [ParNew: 588145K->41000K(613440K), 0.0159370 secs] 607537K->60392K(2029056K), 0.0159923 secs] [Times: user=0.13 sys=0.00, real=0.02 secs] 
2020-09-29T18:06:20.424+0200: 36.228: [GC (Allocation Failure) 2020-09-29T18:06:20.424+0200: 36.228: [ParNew: 586344K->59059K(613440K), 0.0206747 secs] 605736K->78451K(2029056K), 0.0207369 secs] [Times: user=0.25 sys=0.00, real=0.02 secs] 
2020-09-29T18:06:20.493+0200: 36.297: [GC (Allocation Failure) 2020-09-29T18:06:20.493+0200: 36.297: [ParNew: 604403K->45072K(613440K), 0.0200143 secs] 623795K->64464K(2029056K), 0.0200760 secs] [Times: user=0.13 sys=0.00, real=0.02 secs] 
2020-09-29T18:06:20.565+0200: 36.369: [GC (Allocation Failure) 2020-09-29T18:06:20.565+0200: 36.369: [ParNew: 590416K->47608K(613440K), 0.0197200 secs] 609808K->67000K(2029056K), 0.0198192 secs] [Times: user=0.25 sys=0.00, real=0.02 secs] 
2020-09-29T18:06:20.633+0200: 36.437: [GC (Allocation Failure) 2020-09-29T18:06:20.633+0200: 36.437: [ParNew: 592952K->45617K(613440K), 0.0184088 secs] 612344K->65009K(2029056K), 0.0184673 secs] [Times: user=0.13 sys=0.00, real=0.02 secs] 
2020-09-29T18:06:20.701+0200: 36.505: [GC (Allocation Failure) 2020-09-29T18:06:20.701+0200: 36.505: [ParNew: 590961K->67933K(613440K), 0.0226941 secs] 610353K->87325K(2029056K), 0.0227516 secs] [Times: user=0.25 sys=0.00, real=0.02 secs] 
2020-09-29T18:06:20.771+0200: 36.575: [GC (Allocation Failure) 2020-09-29T18:06:20.771+0200: 36.575: [ParNew: 613277K->60226K(613440K), 0.0218936 secs] 632669K->79618K(2029056K), 0.0219656 secs] [Times: user=0.13 sys=0.00, real=0.02 secs] 
2020-09-29T18:06:20.840+0200: 36.645: [GC (Allocation Failure) 2020-09-29T18:06:20.840+0200: 36.645: [ParNew: 605570K->57004K(613440K), 0.0224379 secs] 624962K->76396K(2029056K), 0.0225083 secs] [Times: user=0.13 sys=0.00, real=0.02 secs] 
2020-09-29T18:06:20.911+0200: 36.715: [GC (Allocation Failure) 2020-09-29T18:06:20.911+0200: 36.715: [ParNew: 602348K->54293K(613440K), 0.0210929 secs] 621740K->73686K(2029056K), 0.0211641 secs] [Times: user=0.13 sys=0.00, real=0.02 secs] 
2020-09-29T18:06:20.978+0200: 36.782: [GC (Allocation Failure) 2020-09-29T18:06:20.978+0200: 36.782: [ParNew: 599637K->42163K(613440K), 0.0076856 secs] 619030K->61555K(2029056K), 0.0077397 secs] [Times: user=0.00 sys=0.00, real=0.01 secs] 
2020-09-29T18:06:21.033+0200: 36.837: [GC (Allocation Failure) 2020-09-29T18:06:21.033+0200: 36.837: [ParNew: 587507K->32479K(613440K), 0.0126765 secs] 606899K->51871K(2029056K), 0.0127321 secs] [Times: user=0.13 sys=0.00, real=0.01 secs] 
2020-09-29T18:06:21.094+0200: 36.898: [GC (Allocation Failure) 2020-09-29T18:06:21.094+0200: 36.898: [ParNew: 577823K->68096K(613440K), 0.0273438 secs] 597215K->87488K(2029056K), 0.0274056 secs] [Times: user=0.25 sys=0.00, real=0.03 secs] 
2020-09-29T18:06:21.169+0200: 36.973: [GC (Allocation Failure) 2020-09-29T18:06:21.169+0200: 36.973: [ParNew: 613440K->48894K(613440K), 0.0162881 secs] 632832K->68286K(2029056K), 0.0163525 secs] [Times: user=0.13 sys=0.00, real=0.02 secs] 
2020-09-29T18:06:21.238+0200: 37.042: [GC (Allocation Failure) 2020-09-29T18:06:21.238+0200: 37.042: [ParNew: 594238K->65829K(613440K), 0.0208511 secs] 613630K->85221K(2029056K), 0.0209092 secs] [Times: user=0.25 sys=0.00, real=0.02 secs] 
2020-09-29T18:06:21.309+0200: 37.113: [GC (Allocation Failure) 2020-09-29T18:06:21.309+0200: 37.113: [ParNew: 611173K->44842K(613440K), 0.0200829 secs] 630565K->64234K(2029056K), 0.0201409 secs] [Times: user=0.13 sys=0.00, real=0.02 secs] 
2020-09-29T18:06:21.379+0200: 37.184: [GC (Allocation Failure) 2020-09-29T18:06:21.379+0200: 37.184: [ParNew: 590186K->41788K(613440K), 0.0150626 secs] 609578K->61180K(2029056K), 0.0151548 secs] [Times: user=0.01 sys=0.00, real=0.02 secs] 
2020-09-29T18:06:21.450+0200: 37.254: [GC (Allocation Failure) 2020-09-29T18:06:21.450+0200: 37.254: [ParNew: 587132K->43588K(613440K), 0.0190546 secs] 606524K->62980K(2029056K), 0.0191167 secs] [Times: user=0.13 sys=0.00, real=0.02 secs] 
2020-09-29T18:06:21.517+0200: 37.321: [GC (Allocation Failure) 2020-09-29T18:06:21.517+0200: 37.321: [ParNew: 588932K->34885K(613440K), 0.0130179 secs] 608324K->54277K(2029056K), 0.0130744 secs] [Times: user=0.13 sys=0.00, real=0.01 secs] 
2020-09-29T18:06:21.590+0200: 37.394: [GC (Allocation Failure) 2020-09-29T18:06:21.590+0200: 37.394: [ParNew: 580229K->41973K(613440K), 0.0186277 secs] 599621K->61365K(2029056K), 0.0186974 secs] [Times: user=0.11 sys=0.00, real=0.02 secs] 
2020-09-29T18:06:21.659+0200: 37.463: [GC (Allocation Failure) 2020-09-29T18:06:21.659+0200: 37.463: [ParNew: 587317K->56145K(613440K), 0.0212235 secs] 606709K->75537K(2029056K), 0.0212906 secs] [Times: user=0.25 sys=0.00, real=0.02 secs] 
2020-09-29T18:06:21.728+0200: 37.532: [GC (Allocation Failure) 2020-09-29T18:06:21.728+0200: 37.532: [ParNew: 601489K->48503K(613440K), 0.0147517 secs] 620881K->67896K(2029056K), 0.0148073 secs] [Times: user=0.13 sys=0.00, real=0.02 secs] 
2020-09-29T18:06:21.793+0200: 37.597: [GC (Allocation Failure) 2020-09-29T18:06:21.793+0200: 37.598: [ParNew: 593847K->42814K(613440K), 0.0199882 secs] 613240K->62206K(2029056K), 0.0200694 secs] [Times: user=0.13 sys=0.00, real=0.02 secs] 
2020-09-29T18:06:21.861+0200: 37.665: [GC (Allocation Failure) 2020-09-29T18:06:21.861+0200: 37.665: [ParNew: 588158K->62371K(613440K), 0.0194989 secs] 607550K->81763K(2029056K), 0.0195647 secs] [Times: user=0.25 sys=0.00, real=0.02 secs] 
2020-09-29T18:06:21.929+0200: 37.732: [GC (Allocation Failure) 2020-09-29T18:06:21.929+0200: 37.732: [ParNew: 607715K->62080K(613440K), 0.0230610 secs] 627107K->81472K(2029056K), 0.0231165 secs] [Times: user=0.13 sys=0.00, real=0.02 secs] 
2020-09-29T18:06:22.001+0200: 37.804: [GC (Allocation Failure) 2020-09-29T18:06:22.001+0200: 37.804: [ParNew: 607424K->48784K(613440K), 0.0174210 secs] 626816K->68176K(2029056K), 0.0174902 secs] [Times: user=0.13 sys=0.00, real=0.02 secs] 
2020-09-29T18:06:22.077+0200: 37.880: [GC (Allocation Failure) 2020-09-29T18:06:22.077+0200: 37.880: [ParNew: 594128K->68096K(613440K), 0.0245083 secs] 613520K->87488K(2029056K), 0.0245969 secs] [Times: user=0.25 sys=0.00, real=0.02 secs] 
2020-09-29T18:06:22.154+0200: 37.957: [GC (Allocation Failure) 2020-09-29T18:06:22.154+0200: 37.957: [ParNew: 613440K->46325K(613440K), 0.0175425 secs] 632832K->65717K(2029056K), 0.0176244 secs] [Times: user=0.13 sys=0.00, real=0.02 secs] 
2020-09-29T18:06:22.234+0200: 38.038: [GC (Allocation Failure) 2020-09-29T18:06:22.234+0200: 38.038: [ParNew: 591669K->30215K(613440K), 0.0127128 secs] 611061K->49607K(2029056K), 0.0127809 secs] [Times: user=0.13 sys=0.00, real=0.01 secs] 
2020-09-29T18:06:22.299+0200: 38.103: [GC (Allocation Failure) 2020-09-29T18:06:22.299+0200: 38.103: [ParNew: 575559K->43177K(613440K), 0.0297160 secs] 594951K->62569K(2029056K), 0.0297916 secs] [Times: user=0.22 sys=0.00, real=0.03 secs] 
2020-09-29T18:06:22.381+0200: 38.185: [GC (Allocation Failure) 2020-09-29T18:06:22.381+0200: 38.185: [ParNew: 588521K->35852K(613440K), 0.0193059 secs] 607913K->55244K(2029056K), 0.0193910 secs] [Times: user=0.13 sys=0.00, real=0.02 secs] 
2020-09-29T18:06:22.453+0200: 38.257: [GC (Allocation Failure) 2020-09-29T18:06:22.453+0200: 38.257: [ParNew: 581196K->32910K(613440K), 0.0164244 secs] 600588K->52303K(2029056K), 0.0164950 secs] [Times: user=0.13 sys=0.00, real=0.02 secs] 
2020-09-29T18:06:22.517+0200: 38.321: [GC (Allocation Failure) 2020-09-29T18:06:22.517+0200: 38.321: [ParNew: 578254K->46113K(613440K), 0.0227735 secs] 597647K->65505K(2029056K), 0.0228467 secs] [Times: user=0.25 sys=0.00, real=0.02 secs] 
2020-09-29T18:06:22.598+0200: 38.402: [GC (Allocation Failure) 2020-09-29T18:06:22.598+0200: 38.402: [ParNew: 591457K->64481K(613440K), 0.0313734 secs] 610849K->83873K(2029056K), 0.0314551 secs] [Times: user=0.25 sys=0.00, real=0.03 secs] 
2020-09-29T18:06:22.683+0200: 38.487: [GC (Allocation Failure) 2020-09-29T18:06:22.683+0200: 38.487: [ParNew: 609825K->52353K(613440K), 0.0291903 secs] 629217K->71745K(2029056K), 0.0292562 secs] [Times: user=0.25 sys=0.00, real=0.03 secs] 
2020-09-29T18:06:22.760+0200: 38.564: [GC (Allocation Failure) 2020-09-29T18:06:22.760+0200: 38.564: [ParNew: 597697K->51156K(613440K), 0.0283129 secs] 617089K->70548K(2029056K), 0.0283923 secs] [Times: user=0.25 sys=0.00, real=0.03 secs] 
2020-09-29T18:06:22.837+0200: 38.640: [GC (Allocation Failure) 2020-09-29T18:06:22.837+0200: 38.640: [ParNew: 596500K->44680K(613440K), 0.0206834 secs] 615892K->64072K(2029056K), 0.0207576 secs] [Times: user=0.13 sys=0.00, real=0.02 secs] 
2020-09-29T18:06:22.910+0200: 38.714: [GC (Allocation Failure) 2020-09-29T18:06:22.910+0200: 38.714: [ParNew: 590024K->25784K(613440K), 0.0177963 secs] 609416K->45176K(2029056K), 0.0178818 secs] [Times: user=0.25 sys=0.00, real=0.02 secs] 
2020-09-29T18:06:22.986+0200: 38.790: [GC (Allocation Failure) 2020-09-29T18:06:22.986+0200: 38.790: [ParNew: 571128K->48375K(613440K), 0.0237713 secs] 590520K->67767K(2029056K), 0.0238440 secs] [Times: user=0.25 sys=0.00, real=0.02 secs] 
2020-09-29T18:06:23.062+0200: 38.866: [GC (Allocation Failure) 2020-09-29T18:06:23.062+0200: 38.866: [ParNew: 593719K->60880K(613440K), 0.0310952 secs] 613111K->80273K(2029056K), 0.0311711 secs] [Times: user=0.25 sys=0.00, real=0.03 secs] 
2020-09-29T18:06:23.145+0200: 38.949: [GC (Allocation Failure) 2020-09-29T18:06:23.145+0200: 38.949: [ParNew: 606224K->54656K(613440K), 0.0295180 secs] 625617K->74048K(2029056K), 0.0295857 secs] [Times: user=0.13 sys=0.00, real=0.03 secs] 
2020-09-29T18:06:23.228+0200: 39.032: [GC (Allocation Failure) 2020-09-29T18:06:23.228+0200: 39.032: [ParNew: 600000K->46241K(613440K), 0.0193405 secs] 619392K->65634K(2029056K), 0.0194163 secs] [Times: user=0.13 sys=0.00, real=0.02 secs] 
2020-09-29T18:06:23.301+0200: 39.106: [GC (Allocation Failure) 2020-09-29T18:06:23.302+0200: 39.106: [ParNew: 591585K->46247K(613440K), 0.0268811 secs] 610978K->65639K(2029056K), 0.0269823 secs] [Times: user=0.13 sys=0.00, real=0.03 secs] 
2020-09-29T18:06:23.377+0200: 39.181: [GC (Allocation Failure) 2020-09-29T18:06:23.377+0200: 39.181: [ParNew: 591591K->38027K(613440K), 0.0196609 secs] 610983K->57420K(2029056K), 0.0197396 secs] [Times: user=0.25 sys=0.00, real=0.02 secs] 
2020-09-29T18:06:23.452+0200: 39.256: [GC (Allocation Failure) 2020-09-29T18:06:23.452+0200: 39.256: [ParNew: 583371K->49536K(613440K), 0.0248607 secs] 602764K->68928K(2029056K), 0.0249324 secs] [Times: user=0.23 sys=0.00, real=0.03 secs] 
2020-09-29T18:06:23.525+0200: 39.329: [GC (Allocation Failure) 2020-09-29T18:06:23.525+0200: 39.329: [ParNew: 594880K->35646K(613440K), 0.0239633 secs] 614272K->55038K(2029056K), 0.0240717 secs] [Times: user=0.13 sys=0.00, real=0.02 secs] 
2020-09-29T18:06:23.603+0200: 39.407: [GC (Allocation Failure) 2020-09-29T18:06:23.603+0200: 39.407: [ParNew: 580990K->26945K(613440K), 0.0132271 secs] 600382K->46337K(2029056K), 0.0132991 secs] [Times: user=0.11 sys=0.00, real=0.01 secs] 
2020-09-29T18:06:23.672+0200: 39.476: [GC (Allocation Failure) 2020-09-29T18:06:23.672+0200: 39.476: [ParNew: 572289K->41207K(613440K), 0.0263526 secs] 591681K->60599K(2029056K), 0.0264213 secs] [Times: user=0.25 sys=0.00, real=0.03 secs] 
2020-09-29T18:06:23.749+0200: 39.553: [GC (Allocation Failure) 2020-09-29T18:06:23.749+0200: 39.553: [ParNew: 586551K->54641K(613440K), 0.0264483 secs] 605943K->74033K(2029056K), 0.0265476 secs] [Times: user=0.25 sys=0.00, real=0.03 secs] 
2020-09-29T18:06:23.827+0200: 39.631: [GC (Allocation Failure) 2020-09-29T18:06:23.827+0200: 39.631: [ParNew: 599985K->68096K(613440K), 0.0323189 secs] 619377K->88107K(2029056K), 0.0323931 secs] [Times: user=0.25 sys=0.00, real=0.03 secs] 
2020-09-29T18:06:23.909+0200: 39.713: [GC (Allocation Failure) 2020-09-29T18:06:23.909+0200: 39.713: [ParNew: 613440K->52470K(613440K), 0.0226515 secs] 633451K->72481K(2029056K), 0.0227288 secs] [Times: user=0.25 sys=0.00, real=0.02 secs] 
2020-09-29T18:06:23.984+0200: 39.788: [GC (Allocation Failure) 2020-09-29T18:06:23.984+0200: 39.788: [ParNew: 597814K->44122K(613440K), 0.0228800 secs] 617825K->64133K(2029056K), 0.0229479 secs] [Times: user=0.25 sys=0.00, real=0.02 secs] 
2020-09-29T18:06:24.061+0200: 39.865: [GC (Allocation Failure) 2020-09-29T18:06:24.061+0200: 39.865: [ParNew: 589466K->67066K(613440K), 0.0297573 secs] 609477K->87078K(2029056K), 0.0298249 secs] [Times: user=0.25 sys=0.00, real=0.03 secs] 
2020-09-29T18:06:24.147+0200: 39.951: [GC (Allocation Failure) 2020-09-29T18:06:24.147+0200: 39.952: [ParNew: 612410K->59287K(613440K), 0.0294870 secs] 632422K->79298K(2029056K), 0.0295556 secs] [Times: user=0.25 sys=0.00, real=0.03 secs] 
2020-09-29T18:06:24.233+0200: 40.037: [GC (Allocation Failure) 2020-09-29T18:06:24.233+0200: 40.037: [ParNew: 604631K->41903K(613440K), 0.0215182 secs] 624642K->61914K(2029056K), 0.0216021 secs] [Times: user=0.25 sys=0.00, real=0.02 secs] 
2020-09-29T18:06:24.315+0200: 40.119: [GC (Allocation Failure) 2020-09-29T18:06:24.315+0200: 40.119: [ParNew: 587247K->40078K(613440K), 0.0174313 secs] 607258K->60089K(2029056K), 0.0175137 secs] [Times: user=0.25 sys=0.00, real=0.02 secs] 
2020-09-29T18:06:24.381+0200: 40.185: [GC (Allocation Failure) 2020-09-29T18:06:24.381+0200: 40.185: [ParNew: 585422K->33943K(613440K), 0.0164438 secs] 605433K->53955K(2029056K), 0.0165147 secs] [Times: user=0.13 sys=0.00, real=0.02 secs] 
2020-09-29T18:06:24.453+0200: 40.257: [GC (Allocation Failure) 2020-09-29T18:06:24.453+0200: 40.258: [ParNew: 579287K->46860K(613440K), 0.0242563 secs] 599299K->66871K(2029056K), 0.0243258 secs] [Times: user=0.25 sys=0.00, real=0.02 secs] 
2020-09-29T18:06:24.528+0200: 40.332: [GC (Allocation Failure) 2020-09-29T18:06:24.528+0200: 40.332: [ParNew: 592204K->38658K(613440K), 0.0235239 secs] 612215K->58669K(2029056K), 0.0235974 secs] [Times: user=0.25 sys=0.00, real=0.02 secs] 
2020-09-29T18:06:24.609+0200: 40.413: [GC (Allocation Failure) 2020-09-29T18:06:24.609+0200: 40.413: [ParNew: 584002K->39553K(613440K), 0.0247317 secs] 604013K->59564K(2029056K), 0.0248028 secs] [Times: user=0.22 sys=0.00, real=0.03 secs] 
2020-09-29T18:06:24.684+0200: 40.488: [GC (Allocation Failure) 2020-09-29T18:06:24.684+0200: 40.488: [ParNew: 584897K->66901K(613440K), 0.0353836 secs] 604908K->86912K(2029056K), 0.0354711 secs] [Times: user=0.25 sys=0.00, real=0.04 secs] 
2020-09-29T18:06:24.766+0200: 40.570: [GC (Allocation Failure) 2020-09-29T18:06:24.766+0200: 40.570: [ParNew: 612245K->57367K(613440K), 0.0274011 secs] 632256K->77378K(2029056K), 0.0274880 secs] [Times: user=0.25 sys=0.00, real=0.03 secs] 
2020-09-29T18:06:24.842+0200: 40.646: [GC (Allocation Failure) 2020-09-29T18:06:24.842+0200: 40.646: [ParNew: 602711K->44514K(613440K), 0.0182305 secs] 622722K->64525K(2029056K), 0.0182984 secs] [Times: user=0.13 sys=0.00, real=0.02 secs] 
2020-09-29T18:06:24.916+0200: 40.720: [GC (Allocation Failure) 2020-09-29T18:06:24.916+0200: 40.720: [ParNew: 589858K->24301K(613440K), 0.0174877 secs] 609869K->44313K(2029056K), 0.0175545 secs] [Times: user=0.13 sys=0.00, real=0.02 secs] 
2020-09-29T18:06:24.993+0200: 40.797: [GC (Allocation Failure) 2020-09-29T18:06:24.993+0200: 40.797: [ParNew: 569645K->45548K(613440K), 0.0239759 secs] 589657K->65559K(2029056K), 0.0240478 secs] [Times: user=0.13 sys=0.00, real=0.02 secs] 
2020-09-29T18:06:25.068+0200: 40.872: [GC (Allocation Failure) 2020-09-29T18:06:25.068+0200: 40.872: [ParNew: 590892K->60470K(613440K), 0.0311015 secs] 610903K->80482K(2029056K), 0.0311696 secs] [Times: user=0.25 sys=0.00, real=0.03 secs] 
2020-09-29T18:06:25.147+0200: 40.951: [GC (Allocation Failure) 2020-09-29T18:06:25.147+0200: 40.951: [ParNew: 605814K->56321K(613440K), 0.0288640 secs] 625826K->76332K(2029056K), 0.0289481 secs] [Times: user=0.25 sys=0.00, real=0.03 secs] 
2020-09-29T18:06:25.231+0200: 41.035: [GC (Allocation Failure) 2020-09-29T18:06:25.231+0200: 41.035: [ParNew: 601665K->45220K(613440K), 0.0203938 secs] 621676K->65232K(2029056K), 0.0204719 secs] [Times: user=0.11 sys=0.00, real=0.02 secs] 
2020-09-29T18:06:25.313+0200: 41.117: [GC (Allocation Failure) 2020-09-29T18:06:25.313+0200: 41.117: [ParNew: 590564K->41478K(613440K), 0.0270031 secs] 610576K->61489K(2029056K), 0.0270959 secs] [Times: user=0.23 sys=0.00, real=0.03 secs] 
2020-09-29T18:06:25.389+0200: 41.193: [GC (Allocation Failure) 2020-09-29T18:06:25.389+0200: 41.193: [ParNew: 586822K->38365K(613440K), 0.0242174 secs] 606833K->58376K(2029056K), 0.0242858 secs] [Times: user=0.25 sys=0.00, real=0.02 secs] 
2020-09-29T18:06:25.471+0200: 41.275: [GC (Allocation Failure) 2020-09-29T18:06:25.471+0200: 41.275: [ParNew: 583709K->37252K(613440K), 0.0238288 secs] 603720K->57264K(2029056K), 0.0238963 secs] [Times: user=0.25 sys=0.00, real=0.02 secs] 
2020-09-29T18:06:25.549+0200: 41.353: [GC (Allocation Failure) 2020-09-29T18:06:25.549+0200: 41.353: [ParNew: 582596K->33842K(613440K), 0.0145857 secs] 602608K->53853K(2029056K), 0.0146713 secs] [Times: user=0.13 sys=0.00, real=0.01 secs] 
2020-09-29T18:06:25.629+0200: 41.433: [GC (Allocation Failure) 2020-09-29T18:06:25.629+0200: 41.433: [ParNew: 579186K->47968K(613440K), 0.0284341 secs] 599197K->67979K(2029056K), 0.0285207 secs] [Times: user=0.13 sys=0.00, real=0.03 secs] 
2020-09-29T18:06:25.713+0200: 41.517: [GC (Allocation Failure) 2020-09-29T18:06:25.713+0200: 41.517: [ParNew: 593312K->65521K(613440K), 0.0279689 secs] 613323K->85533K(2029056K), 0.0280336 secs] [Times: user=0.25 sys=0.00, real=0.03 secs] 
2020-09-29T18:06:25.797+0200: 41.601: [GC (Allocation Failure) 2020-09-29T18:06:25.797+0200: 41.601: [ParNew: 610865K->47660K(613440K), 0.0263604 secs] 630877K->67671K(2029056K), 0.0264301 secs] [Times: user=0.25 sys=0.00, real=0.03 secs] 
2020-09-29T18:06:25.871+0200: 41.675: [GC (Allocation Failure) 2020-09-29T18:06:25.871+0200: 41.675: [ParNew: 593004K->68096K(613440K), 0.0338654 secs] 613015K->88693K(2029056K), 0.0339305 secs] [Times: user=0.25 sys=0.00, real=0.03 secs] 
2020-09-29T18:06:25.953+0200: 41.757: [GC (Allocation Failure) 2020-09-29T18:06:25.953+0200: 41.757: [ParNew: 613440K->57233K(613440K), 0.0250370 secs] 634037K->77831K(2029056K), 0.0251171 secs] [Times: user=0.25 sys=0.00, real=0.02 secs] 
2020-09-29T18:06:26.027+0200: 41.831: [GC (Allocation Failure) 2020-09-29T18:06:26.027+0200: 41.831: [ParNew: 602577K->35363K(613440K), 0.0166768 secs] 623175K->55960K(2029056K), 0.0167632 secs] [Times: user=0.13 sys=0.00, real=0.02 secs] 
2020-09-29T18:06:26.108+0200: 41.912: [GC (Allocation Failure) 2020-09-29T18:06:26.108+0200: 41.912: [ParNew: 580707K->54491K(613440K), 0.0290958 secs] 601304K->75088K(2029056K), 0.0291669 secs] [Times: user=0.25 sys=0.00, real=0.03 secs] 
2020-09-29T18:06:26.186+0200: 41.990: [GC (Allocation Failure) 2020-09-29T18:06:26.186+0200: 41.990: [ParNew: 599835K->58448K(613440K), 0.0297430 secs] 620432K->79046K(2029056K), 0.0298127 secs] [Times: user=0.22 sys=0.00, real=0.03 secs] 
2020-09-29T18:06:26.270+0200: 42.074: [GC (Allocation Failure) 2020-09-29T18:06:26.270+0200: 42.074: [ParNew: 603792K->44659K(613440K), 0.0270468 secs] 624390K->65257K(2029056K), 0.0271175 secs] [Times: user=0.13 sys=0.00, real=0.03 secs] 
2020-09-29T18:06:26.346+0200: 42.150: [GC (Allocation Failure) 2020-09-29T18:06:26.346+0200: 42.150: [ParNew: 590003K->38413K(613440K), 0.0171670 secs] 610601K->59011K(2029056K), 0.0172430 secs] [Times: user=0.13 sys=0.00, real=0.02 secs] 
2020-09-29T18:06:26.424+0200: 42.228: [GC (Allocation Failure) 2020-09-29T18:06:26.424+0200: 42.228: [ParNew: 583757K->40466K(613440K), 0.0246167 secs] 604355K->61064K(2029056K), 0.0246879 secs] [Times: user=0.25 sys=0.00, real=0.02 secs] 
2020-09-29T18:06:26.507+0200: 42.311: [GC (Allocation Failure) 2020-09-29T18:06:26.507+0200: 42.311: [ParNew: 585810K->54725K(613440K), 0.0247439 secs] 606408K->75322K(2029056K), 0.0248171 secs] [Times: user=0.13 sys=0.00, real=0.03 secs] 
2020-09-29T18:06:26.588+0200: 42.391: [GC (Allocation Failure) 2020-09-29T18:06:26.588+0200: 42.391: [ParNew: 600069K->32141K(613440K), 0.0151349 secs] 620666K->52739K(2029056K), 0.0152052 secs] [Times: user=0.13 sys=0.00, real=0.01 secs] 
2020-09-29T18:06:26.662+0200: 42.466: [GC (Allocation Failure) 2020-09-29T18:06:26.662+0200: 42.466: [ParNew: 577485K->35005K(613440K), 0.0212201 secs] 598083K->55602K(2029056K), 0.0213008 secs] [Times: user=0.13 sys=0.00, real=0.02 secs] 
2020-09-29T18:06:26.735+0200: 42.539: [GC (Allocation Failure) 2020-09-29T18:06:26.735+0200: 42.539: [ParNew: 580349K->48148K(613440K), 0.0284383 secs] 600946K->68745K(2029056K), 0.0285119 secs] [Times: user=0.25 sys=0.00, real=0.03 secs] 
2020-09-29T18:06:26.813+0200: 42.617: [GC (Allocation Failure) 2020-09-29T18:06:26.813+0200: 42.617: [ParNew: 593492K->62301K(613440K), 0.0265905 secs] 614089K->82898K(2029056K), 0.0266787 secs] [Times: user=0.25 sys=0.00, real=0.03 secs] 
2020-09-29T18:06:26.887+0200: 42.691: [GC (Allocation Failure) 2020-09-29T18:06:26.887+0200: 42.691: [ParNew: 607645K->43008K(613440K), 0.0269962 secs] 628242K->63605K(2029056K), 0.0270732 secs] [Times: user=0.25 sys=0.00, real=0.03 secs] 
2020-09-29T18:06:26.964+0200: 42.767: [GC (Allocation Failure) 2020-09-29T18:06:26.964+0200: 42.767: [ParNew: 588352K->47377K(613440K), 0.0250993 secs] 608949K->67975K(2029056K), 0.0251708 secs] [Times: user=0.25 sys=0.00, real=0.03 secs] 
2020-09-29T18:06:27.038+0200: 42.842: [GC (Allocation Failure) 2020-09-29T18:06:27.038+0200: 42.842: [ParNew: 592721K->44026K(613440K), 0.0241776 secs] 613319K->64624K(2029056K), 0.0242482 secs] [Times: user=0.11 sys=0.00, real=0.02 secs] 
2020-09-29T18:06:27.116+0200: 42.920: [GC (Allocation Failure) 2020-09-29T18:06:27.117+0200: 42.920: [ParNew: 589370K->62181K(613440K), 0.0313297 secs] 609968K->82779K(2029056K), 0.0314123 secs] [Times: user=0.23 sys=0.00, real=0.03 secs] 
2020-09-29T18:06:27.204+0200: 43.008: [GC (Allocation Failure) 2020-09-29T18:06:27.204+0200: 43.008: [ParNew: 607525K->52309K(613440K), 0.0241232 secs] 628123K->72906K(2029056K), 0.0242215 secs] [Times: user=0.23 sys=0.00, real=0.02 secs] 
2020-09-29T18:06:27.285+0200: 43.089: [GC (Allocation Failure) 2020-09-29T18:06:27.285+0200: 43.089: [ParNew: 597653K->46797K(613440K), 0.0318596 secs] 618250K->67395K(2029056K), 0.0319373 secs] [Times: user=0.38 sys=0.00, real=0.03 secs] 
2020-09-29T18:06:27.366+0200: 43.170: [GC (Allocation Failure) 2020-09-29T18:06:27.366+0200: 43.170: [ParNew: 592141K->66478K(613440K), 0.0384569 secs] 612739K->87076K(2029056K), 0.0385423 secs] [Times: user=0.25 sys=0.00, real=0.04 secs] 
2020-09-29T18:06:27.456+0200: 43.260: [GC (Allocation Failure) 2020-09-29T18:06:27.456+0200: 43.260: [ParNew: 611822K->66174K(613440K), 0.0379431 secs] 632420K->86772K(2029056K), 0.0380210 secs] [Times: user=0.38 sys=0.00, real=0.04 secs] 
2020-09-29T18:06:27.541+0200: 43.345: [GC (Allocation Failure) 2020-09-29T18:06:27.541+0200: 43.345: [ParNew: 611518K->53913K(613440K), 0.0288451 secs] 632116K->74510K(2029056K), 0.0289312 secs] [Times: user=0.23 sys=0.00, real=0.03 secs] 
2020-09-29T18:06:27.621+0200: 43.425: [GC (Allocation Failure) 2020-09-29T18:06:27.621+0200: 43.425: [ParNew: 599257K->68096K(613440K), 0.0369010 secs] 619854K->88995K(2029056K), 0.0369766 secs] [Times: user=0.25 sys=0.00, real=0.04 secs] 
2020-09-29T18:06:27.716+0200: 43.520: [GC (Allocation Failure) 2020-09-29T18:06:27.716+0200: 43.520: [ParNew: 613440K->60220K(613440K), 0.0343850 secs] 634339K->81120K(2029056K), 0.0344723 secs] [Times: user=0.25 sys=0.00, real=0.03 secs] 
2020-09-29T18:06:27.803+0200: 43.607: [GC (Allocation Failure) 2020-09-29T18:06:27.803+0200: 43.607: [ParNew: 605564K->47378K(613440K), 0.0259823 secs] 626464K->68278K(2029056K), 0.0260647 secs] [Times: user=0.13 sys=0.00, real=0.03 secs] 
2020-09-29T18:06:27.879+0200: 43.683: [GC (Allocation Failure) 2020-09-29T18:06:27.879+0200: 43.683: [ParNew: 592722K->36681K(613440K), 0.0240914 secs] 613622K->57581K(2029056K), 0.0241671 secs] [Times: user=0.25 sys=0.00, real=0.02 secs] 
2020-09-29T18:06:27.961+0200: 43.765: [GC (Allocation Failure) 2020-09-29T18:06:27.961+0200: 43.765: [ParNew: 582025K->54742K(613440K), 0.0298718 secs] 602925K->75642K(2029056K), 0.0299589 secs] [Times: user=0.25 sys=0.00, real=0.03 secs] 
2020-09-29T18:06:28.044+0200: 43.848: [GC (Allocation Failure) 2020-09-29T18:06:28.044+0200: 43.848: [ParNew: 600086K->40108K(613440K), 0.0274131 secs] 620986K->61008K(2029056K), 0.0274897 secs] [Times: user=0.25 sys=0.00, real=0.03 secs] 
2020-09-29T18:06:28.125+0200: 43.928: [GC (Allocation Failure) 2020-09-29T18:06:28.125+0200: 43.928: [ParNew: 585452K->64634K(613440K), 0.0335256 secs] 606352K->85534K(2029056K), 0.0336005 secs] [Times: user=0.23 sys=0.00, real=0.03 secs] 
2020-09-29T18:06:28.211+0200: 44.015: [GC (Allocation Failure) 2020-09-29T18:06:28.211+0200: 44.015: [ParNew: 609978K->68051K(613440K), 0.0336915 secs] 630878K->88951K(2029056K), 0.0337659 secs] [Times: user=0.23 sys=0.00, real=0.03 secs] 
2020-09-29T18:06:28.304+0200: 44.108: [GC (Allocation Failure) 2020-09-29T18:06:28.304+0200: 44.108: [ParNew: 613395K->50149K(613440K), 0.0318194 secs] 634295K->71049K(2029056K), 0.0319114 secs] [Times: user=0.25 sys=0.00, real=0.03 secs] 
2020-09-29T18:06:28.387+0200: 44.191: [GC (Allocation Failure) 2020-09-29T18:06:28.387+0200: 44.191: [ParNew: 595493K->39430K(613440K), 0.0241990 secs] 616393K->60330K(2029056K), 0.0243001 secs] [Times: user=0.25 sys=0.00, real=0.02 secs] 
2020-09-29T18:06:28.464+0200: 44.268: [GC (Allocation Failure) 2020-09-29T18:06:28.464+0200: 44.268: [ParNew: 584774K->24550K(613440K), 0.0189963 secs] 605674K->45450K(2029056K), 0.0190704 secs] [Times: user=0.13 sys=0.00, real=0.02 secs] 
2020-09-29T18:06:28.534+0200: 44.338: [GC (Allocation Failure) 2020-09-29T18:06:28.534+0200: 44.338: [ParNew: 569894K->21016K(613440K), 0.0161575 secs] 590794K->41915K(2029056K), 0.0162518 secs] [Times: user=0.13 sys=0.00, real=0.02 secs] 
2020-09-29T18:06:28.601+0200: 44.405: [GC (Allocation Failure) 2020-09-29T18:06:28.601+0200: 44.405: [ParNew: 566360K->31615K(613440K), 0.0235662 secs] 587259K->52515K(2029056K), 0.0236433 secs] [Times: user=0.13 sys=0.00, real=0.02 secs] 
2020-09-29T18:06:28.686+0200: 44.490: [GC (Allocation Failure) 2020-09-29T18:06:28.686+0200: 44.490: [ParNew: 576959K->44997K(613440K), 0.0311226 secs] 597859K->65897K(2029056K), 0.0312005 secs] [Times: user=0.25 sys=0.00, real=0.03 secs] 
2020-09-29T18:06:28.767+0200: 44.571: [GC (Allocation Failure) 2020-09-29T18:06:28.767+0200: 44.571: [ParNew: 590341K->43146K(613440K), 0.0277423 secs] 611241K->64046K(2029056K), 0.0278316 secs] [Times: user=0.25 sys=0.00, real=0.03 secs] 
2020-09-29T18:06:28.854+0200: 44.658: [GC (Allocation Failure) 2020-09-29T18:06:28.854+0200: 44.658: [ParNew: 588490K->42231K(613440K), 0.0280248 secs] 609390K->63131K(2029056K), 0.0280994 secs] [Times: user=0.25 sys=0.00, real=0.03 secs] 
2020-09-29T18:06:28.935+0200: 44.739: [GC (Allocation Failure) 2020-09-29T18:06:28.935+0200: 44.739: [ParNew: 587575K->67274K(613440K), 0.0356882 secs] 608475K->88174K(2029056K), 0.0357637 secs] [Times: user=0.25 sys=0.00, real=0.04 secs] 
2020-09-29T18:06:29.019+0200: 44.823: [GC (Allocation Failure) 2020-09-29T18:06:29.019+0200: 44.823: [ParNew: 612618K->46242K(613440K), 0.0252755 secs] 633518K->67142K(2029056K), 0.0253509 secs] [Times: user=0.13 sys=0.00, real=0.03 secs] 
2020-09-29T18:06:29.102+0200: 44.906: [GC (Allocation Failure) 2020-09-29T18:06:29.102+0200: 44.906: [ParNew: 591586K->40522K(613440K), 0.0225171 secs] 612486K->61422K(2029056K), 0.0225922 secs] [Times: user=0.13 sys=0.00, real=0.02 secs] 
2020-09-29T18:06:29.182+0200: 44.986: [GC (Allocation Failure) 2020-09-29T18:06:29.183+0200: 44.986: [ParNew: 585866K->57684K(613440K), 0.0346381 secs] 606766K->78584K(2029056K), 0.0347482 secs] [Times: user=0.22 sys=0.00, real=0.04 secs] 
2020-09-29T18:06:29.268+0200: 45.072: [GC (Allocation Failure) 2020-09-29T18:06:29.268+0200: 45.072: [ParNew: 603028K->68096K(613440K), 0.0392823 secs] 623928K->89799K(2029056K), 0.0393607 secs] [Times: user=0.38 sys=0.00, real=0.04 secs] 
2020-09-29T18:06:29.354+0200: 45.158: [GC (Allocation Failure) 2020-09-29T18:06:29.355+0200: 45.158: [ParNew: 613440K->45642K(613440K), 0.0202215 secs] 635143K->67345K(2029056K), 0.0203028 secs] [Times: user=0.13 sys=0.00, real=0.02 secs] 
2020-09-29T18:06:29.425+0200: 45.229: [GC (Allocation Failure) 2020-09-29T18:06:29.425+0200: 45.229: [ParNew: 590986K->62813K(613440K), 0.0363182 secs] 612689K->84517K(2029056K), 0.0363909 secs] [Times: user=0.38 sys=0.00, real=0.04 secs] 
2020-09-29T18:06:29.509+0200: 45.313: [GC (Allocation Failure) 2020-09-29T18:06:29.509+0200: 45.313: [ParNew: 608157K->39737K(613440K), 0.0158697 secs] 629861K->61441K(2029056K), 0.0159465 secs] [Times: user=0.13 sys=0.00, real=0.02 secs] 
2020-09-29T18:06:29.597+0200: 45.401: [GC (Allocation Failure) 2020-09-29T18:06:29.597+0200: 45.401: [ParNew: 585081K->35477K(613440K), 0.0266728 secs] 606785K->57181K(2029056K), 0.0267613 secs] [Times: user=0.14 sys=0.01, real=0.03 secs] 
2020-09-29T18:06:29.679+0200: 45.483: [GC (Allocation Failure) 2020-09-29T18:06:29.679+0200: 45.483: [ParNew: 580821K->54872K(613440K), 0.0330783 secs] 602525K->76575K(2029056K), 0.0331581 secs] [Times: user=0.25 sys=0.00, real=0.03 secs] 
2020-09-29T18:06:29.769+0200: 45.573: [GC (Allocation Failure) 2020-09-29T18:06:29.769+0200: 45.573: [ParNew: 600216K->48779K(613440K), 0.0326311 secs] 621919K->70482K(2029056K), 0.0327103 secs] [Times: user=0.36 sys=0.00, real=0.03 secs] 
2020-09-29T18:06:29.856+0200: 45.660: [GC (Allocation Failure) 2020-09-29T18:06:29.856+0200: 45.660: [ParNew: 594123K->51233K(613440K), 0.0312928 secs] 615826K->72937K(2029056K), 0.0313723 secs] [Times: user=0.25 sys=0.00, real=0.03 secs] 
2020-09-29T18:06:29.940+0200: 45.744: [GC (Allocation Failure) 2020-09-29T18:06:29.940+0200: 45.744: [ParNew: 596577K->41476K(613440K), 0.0210418 secs] 618281K->63180K(2029056K), 0.0211130 secs] [Times: user=0.25 sys=0.00, real=0.02 secs] 
2020-09-29T18:06:30.018+0200: 45.822: [GC (Allocation Failure) 2020-09-29T18:06:30.018+0200: 45.822: [ParNew: 586820K->58411K(613440K), 0.0371209 secs] 608524K->80115K(2029056K), 0.0371956 secs] [Times: user=0.38 sys=0.00, real=0.04 secs] 
2020-09-29T18:06:30.106+0200: 45.910: [GC (Allocation Failure) 2020-09-29T18:06:30.106+0200: 45.910: [ParNew: 603755K->50482K(613440K), 0.0259113 secs] 625459K->72185K(2029056K), 0.0259896 secs] [Times: user=0.25 sys=0.00, real=0.03 secs] 
2020-09-29T18:06:30.191+0200: 45.995: [GC (Allocation Failure) 2020-09-29T18:06:30.191+0200: 45.995: [ParNew: 595826K->36611K(613440K), 0.0343080 secs] 617529K->58315K(2029056K), 0.0343835 secs] [Times: user=0.28 sys=0.02, real=0.04 secs] 
2020-09-29T18:06:30.280+0200: 46.083: [GC (Allocation Failure) 2020-09-29T18:06:30.280+0200: 46.083: [ParNew: 581955K->39660K(613440K), 0.0216635 secs] 603659K->61364K(2029056K), 0.0217466 secs] [Times: user=0.25 sys=0.00, real=0.02 secs] 
2020-09-29T18:06:30.358+0200: 46.162: [GC (Allocation Failure) 2020-09-29T18:06:30.358+0200: 46.162: [ParNew: 585004K->56721K(613440K), 0.0376976 secs] 606708K->78425K(2029056K), 0.0377765 secs] [Times: user=0.38 sys=0.00, real=0.04 secs] 
2020-09-29T18:06:30.450+0200: 46.253: [GC (Allocation Failure) 2020-09-29T18:06:30.450+0200: 46.253: [ParNew: 602065K->50728K(613440K), 0.0293822 secs] 623769K->72431K(2029056K), 0.0294570 secs] [Times: user=0.25 sys=0.00, real=0.03 secs] 
2020-09-29T18:06:30.531+0200: 46.335: [GC (Allocation Failure) 2020-09-29T18:06:30.531+0200: 46.335: [ParNew: 596072K->68096K(613440K), 0.0371335 secs] 617775K->90234K(2029056K), 0.0372096 secs] [Times: user=0.38 sys=0.00, real=0.04 secs] 
2020-09-29T18:06:30.622+0200: 46.426: [GC (Allocation Failure) 2020-09-29T18:06:30.622+0200: 46.426: [ParNew: 613440K->45621K(613440K), 0.0165724 secs] 635578K->67759K(2029056K), 0.0166499 secs] [Times: user=0.13 sys=0.00, real=0.02 secs] 
2020-09-29T18:06:30.704+0200: 46.508: [GC (Allocation Failure) 2020-09-29T18:06:30.704+0200: 46.508: [ParNew: 590965K->35285K(613440K), 0.0259538 secs] 613103K->57423K(2029056K), 0.0260328 secs] [Times: user=0.25 sys=0.00, real=0.03 secs] 
2020-09-29T18:06:30.785+0200: 46.588: [GC (Allocation Failure) 2020-09-29T18:06:30.785+0200: 46.588: [ParNew: 580629K->26809K(613440K), 0.0166176 secs] 602767K->48947K(2029056K), 0.0166910 secs] [Times: user=0.13 sys=0.00, real=0.02 secs] 
2020-09-29T18:06:30.854+0200: 46.657: [GC (Allocation Failure) 2020-09-29T18:06:30.854+0200: 46.657: [ParNew: 572153K->60787K(613440K), 0.0383768 secs] 594291K->82925K(2029056K), 0.0384458 secs] [Times: user=0.25 sys=0.00, real=0.04 secs] 
2020-09-29T18:06:30.941+0200: 46.745: [GC (Allocation Failure) 2020-09-29T18:06:30.942+0200: 46.745: [ParNew: 606131K->43473K(613440K), 0.0214025 secs] 628269K->65612K(2029056K), 0.0215010 secs] [Times: user=0.13 sys=0.01, real=0.02 secs] 
2020-09-29T18:06:31.034+0200: 46.838: [GC (Allocation Failure) 2020-09-29T18:06:31.034+0200: 46.838: [ParNew: 588817K->40246K(613440K), 0.0284020 secs] 610956K->62384K(2029056K), 0.0285240 secs] [Times: user=0.25 sys=0.00, real=0.03 secs] 
2020-09-29T18:06:31.120+0200: 46.924: [GC (Allocation Failure) 2020-09-29T18:06:31.120+0200: 46.924: [ParNew: 585590K->60073K(613440K), 0.0370417 secs] 607728K->82212K(2029056K), 0.0371438 secs] [Times: user=0.23 sys=0.00, real=0.04 secs] 
2020-09-29T18:06:31.215+0200: 47.019: [GC (Allocation Failure) 2020-09-29T18:06:31.215+0200: 47.019: [ParNew: 605417K->51808K(613440K), 0.0293351 secs] 627556K->73946K(2029056K), 0.0294267 secs] [Times: user=0.23 sys=0.00, real=0.03 secs] 
2020-09-29T18:06:31.303+0200: 47.106: [GC (Allocation Failure) 2020-09-29T18:06:31.303+0200: 47.106: [ParNew: 597152K->68096K(613440K), 0.0339623 secs] 619290K->90234K(2029056K), 0.0340409 secs] [Times: user=0.25 sys=0.00, real=0.03 secs] 
2020-09-29T18:06:31.386+0200: 47.190: [GC (Allocation Failure) 2020-09-29T18:06:31.386+0200: 47.190: [ParNew: 613440K->46882K(613440K), 0.0240736 secs] 635578K->69020K(2029056K), 0.0241484 secs] [Times: user=0.13 sys=0.00, real=0.02 secs] 
2020-09-29T18:06:31.464+0200: 47.268: [GC (Allocation Failure) 2020-09-29T18:06:31.467+0200: 47.270: [ParNew: 592226K->46305K(613440K), 0.0317072 secs] 614364K->68443K(2029056K), 0.0339370 secs] [Times: user=0.25 sys=0.00, real=0.03 secs] 
2020-09-29T18:06:31.551+0200: 47.355: [GC (Allocation Failure) 2020-09-29T18:06:31.551+0200: 47.355: [ParNew: 591649K->65885K(613440K), 0.0325454 secs] 613787K->88023K(2029056K), 0.0326429 secs] [Times: user=0.25 sys=0.00, real=0.03 secs] 
2020-09-29T18:06:31.634+0200: 47.438: [GC (Allocation Failure) 2020-09-29T18:06:31.634+0200: 47.438: [ParNew: 611229K->68096K(613440K), 0.0379076 secs] 633367K->90234K(2029056K), 0.0379816 secs] [Times: user=0.25 sys=0.00, real=0.04 secs] 
2020-09-29T18:06:31.722+0200: 47.526: [GC (Allocation Failure) 2020-09-29T18:06:31.722+0200: 47.526: [ParNew: 613440K->43137K(613440K), 0.0206410 secs] 635578K->65276K(2029056K), 0.0207155 secs] [Times: user=0.25 sys=0.00, real=0.02 secs] 
2020-09-29T18:06:31.797+0200: 47.601: [GC (Allocation Failure) 2020-09-29T18:06:31.797+0200: 47.601: [ParNew: 588481K->21809K(613440K), 0.0185393 secs] 610620K->43947K(2029056K), 0.0186139 secs] [Times: user=0.13 sys=0.00, real=0.02 secs] 
2020-09-29T18:06:31.888+0200: 47.692: [GC (Allocation Failure) 2020-09-29T18:06:31.888+0200: 47.692: [ParNew: 567153K->39652K(613440K), 0.0247074 secs] 589291K->61790K(2029056K), 0.0247807 secs] [Times: user=0.25 sys=0.00, real=0.02 secs] 
2020-09-29T18:06:31.969+0200: 47.773: [GC (Allocation Failure) 2020-09-29T18:06:31.969+0200: 47.773: [ParNew: 584996K->57939K(613440K), 0.0319666 secs] 607134K->80077K(2029056K), 0.0320428 secs] [Times: user=0.25 sys=0.00, real=0.03 secs] 
2020-09-29T18:06:32.057+0200: 47.861: [GC (Allocation Failure) 2020-09-29T18:06:32.057+0200: 47.861: [ParNew: 603283K->46127K(613440K), 0.0324770 secs] 625421K->68265K(2029056K), 0.0325532 secs] [Times: user=0.23 sys=0.00, real=0.03 secs] 
2020-09-29T18:06:32.137+0200: 47.941: [GC (Allocation Failure) 2020-09-29T18:06:32.137+0200: 47.942: [ParNew: 591471K->41979K(613440K), 0.0228206 secs] 613609K->64117K(2029056K), 0.0229068 secs] [Times: user=0.25 sys=0.00, real=0.02 secs] 
2020-09-29T18:06:32.228+0200: 48.032: [GC (Allocation Failure) 2020-09-29T18:06:32.228+0200: 48.032: [ParNew: 587323K->39130K(613440K), 0.0141141 secs] 609461K->61268K(2029056K), 0.0141693 secs] [Times: user=0.13 sys=0.00, real=0.01 secs] 
2020-09-29T18:06:32.292+0200: 48.096: [GC (Allocation Failure) 2020-09-29T18:06:32.292+0200: 48.096: [ParNew: 584474K->42937K(613440K), 0.0179744 secs] 606612K->65075K(2029056K), 0.0180398 secs] [Times: user=0.13 sys=0.00, real=0.02 secs] 
2020-09-29T18:06:32.357+0200: 48.161: [GC (Allocation Failure) 2020-09-29T18:06:32.357+0200: 48.161: [ParNew: 588281K->54041K(613440K), 0.0170453 secs] 610419K->76179K(2029056K), 0.0171405 secs] [Times: user=0.13 sys=0.00, real=0.02 secs] 
2020-09-29T18:06:32.422+0200: 48.226: [GC (Allocation Failure) 2020-09-29T18:06:32.422+0200: 48.226: [ParNew: 599385K->42024K(613440K), 0.0169033 secs] 621523K->64162K(2029056K), 0.0169744 secs] [Times: user=0.11 sys=0.00, real=0.02 secs] 
2020-09-29T18:06:32.498+0200: 48.303: [GC (Allocation Failure) 2020-09-29T18:06:32.498+0200: 48.303: [ParNew: 587368K->50903K(613440K), 0.0180543 secs] 609506K->73042K(2029056K), 0.0181220 secs] [Times: user=0.13 sys=0.00, real=0.02 secs] 
2020-09-29T18:06:32.570+0200: 48.374: [GC (Allocation Failure) 2020-09-29T18:06:32.570+0200: 48.374: [ParNew: 596247K->56155K(613440K), 0.0228151 secs] 618386K->78293K(2029056K), 0.0229057 secs] [Times: user=0.13 sys=0.00, real=0.02 secs] 
2020-09-29T18:06:32.646+0200: 48.450: [GC (Allocation Failure) 2020-09-29T18:06:32.646+0200: 48.450: [ParNew: 601499K->34217K(613440K), 0.0156709 secs] 623637K->56356K(2029056K), 0.0157379 secs] [Times: user=0.13 sys=0.00, real=0.02 secs] 
2020-09-29T18:06:32.708+0200: 48.513: [GC (Allocation Failure) 2020-09-29T18:06:32.708+0200: 48.513: [ParNew: 579561K->33326K(613440K), 0.0119707 secs] 601700K->55464K(2029056K), 0.0120288 secs] [Times: user=0.00 sys=0.00, real=0.01 secs] 
2020-09-29T18:06:32.772+0200: 48.576: [GC (Allocation Failure) 2020-09-29T18:06:32.772+0200: 48.576: [ParNew: 578670K->47128K(613440K), 0.0172112 secs] 600808K->69267K(2029056K), 0.0172808 secs] [Times: user=0.13 sys=0.00, real=0.02 secs] 
2020-09-29T18:06:32.841+0200: 48.645: [GC (Allocation Failure) 2020-09-29T18:06:32.841+0200: 48.645: [ParNew: 592472K->34438K(613440K), 0.0155751 secs] 614611K->56576K(2029056K), 0.0156326 secs] [Times: user=0.13 sys=0.00, real=0.02 secs] 
2020-09-29T18:06:32.904+0200: 48.708: [GC (Allocation Failure) 2020-09-29T18:06:32.904+0200: 48.708: [ParNew: 579782K->32129K(613440K), 0.0145606 secs] 601920K->54267K(2029056K), 0.0146138 secs] [Times: user=0.13 sys=0.00, real=0.01 secs] 
2020-09-29T18:06:32.968+0200: 48.772: [GC (Allocation Failure) 2020-09-29T18:06:32.968+0200: 48.772: [ParNew: 577473K->40517K(613440K), 0.0152885 secs] 599611K->62656K(2029056K), 0.0153458 secs] [Times: user=0.11 sys=0.00, real=0.02 secs] 
2020-09-29T18:06:33.035+0200: 48.839: [GC (Allocation Failure) 2020-09-29T18:06:33.035+0200: 48.839: [ParNew: 585861K->31056K(613440K), 0.0127233 secs] 608000K->53194K(2029056K), 0.0127814 secs] [Times: user=0.13 sys=0.00, real=0.01 secs] 
2020-09-29T18:06:33.097+0200: 48.901: [GC (Allocation Failure) 2020-09-29T18:06:33.097+0200: 48.901: [ParNew: 576400K->50383K(613440K), 0.0231793 secs] 598538K->72521K(2029056K), 0.0232455 secs] [Times: user=0.25 sys=0.00, real=0.02 secs] 
2020-09-29T18:06:33.168+0200: 48.973: [GC (Allocation Failure) 2020-09-29T18:06:33.168+0200: 48.973: [ParNew: 595727K->67465K(613440K), 0.0204888 secs] 617865K->89604K(2029056K), 0.0205649 secs] [Times: user=0.13 sys=0.00, real=0.02 secs] 
2020-09-29T18:06:33.247+0200: 49.051: [GC (Allocation Failure) 2020-09-29T18:06:33.247+0200: 49.051: [ParNew: 612809K->50077K(613440K), 0.0201946 secs] 634948K->72215K(2029056K), 0.0202570 secs] [Times: user=0.13 sys=0.00, real=0.02 secs] 
2020-09-29T18:06:33.317+0200: 49.121: [GC (Allocation Failure) 2020-09-29T18:06:33.317+0200: 49.121: [ParNew: 595421K->40970K(613440K), 0.0144039 secs] 617559K->63108K(2029056K), 0.0144662 secs] [Times: user=0.00 sys=0.00, real=0.01 secs] 
2020-09-29T18:06:33.380+0200: 49.184: [GC (Allocation Failure) 2020-09-29T18:06:33.380+0200: 49.184: [ParNew: 586314K->62361K(613440K), 0.0238954 secs] 608452K->84499K(2029056K), 0.0239773 secs] [Times: user=0.13 sys=0.00, real=0.02 secs] 
2020-09-29T18:06:33.452+0200: 49.256: [GC (Allocation Failure) 2020-09-29T18:06:33.452+0200: 49.256: [ParNew: 607705K->48239K(613440K), 0.0178490 secs] 629843K->70377K(2029056K), 0.0179040 secs] [Times: user=0.13 sys=0.00, real=0.02 secs] 
2020-09-29T18:06:33.520+0200: 49.324: [GC (Allocation Failure) 2020-09-29T18:06:33.520+0200: 49.324: [ParNew: 593583K->64676K(613440K), 0.0221866 secs] 615721K->86815K(2029056K), 0.0222455 secs] [Times: user=0.11 sys=0.00, real=0.02 secs] 
2020-09-29T18:06:33.592+0200: 49.396: [GC (Allocation Failure) 2020-09-29T18:06:33.592+0200: 49.396: [ParNew: 610020K->43305K(613440K), 0.0156255 secs] 632159K->65443K(2029056K), 0.0156919 secs] [Times: user=0.13 sys=0.00, real=0.02 secs] 
2020-09-29T18:06:33.659+0200: 49.463: [GC (Allocation Failure) 2020-09-29T18:06:33.659+0200: 49.463: [ParNew: 588649K->35937K(613440K), 0.0151175 secs] 610787K->58075K(2029056K), 0.0151764 secs] [Times: user=0.11 sys=0.00, real=0.02 secs] 
2020-09-29T18:06:33.724+0200: 49.528: [GC (Allocation Failure) 2020-09-29T18:06:33.724+0200: 49.529: [ParNew: 581281K->33134K(613440K), 0.0128491 secs] 603419K->55272K(2029056K), 0.0129163 secs] [Times: user=0.00 sys=0.00, real=0.01 secs] 
2020-09-29T18:06:33.784+0200: 49.589: [GC (Allocation Failure) 2020-09-29T18:06:33.784+0200: 49.589: [ParNew: 578478K->45974K(613440K), 0.0185303 secs] 600616K->68113K(2029056K), 0.0185923 secs] [Times: user=0.14 sys=0.00, real=0.02 secs] 
2020-09-29T18:06:33.850+0200: 49.655: [GC (Allocation Failure) 2020-09-29T18:06:33.850+0200: 49.655: [ParNew: 591318K->53175K(613440K), 0.0169537 secs] 613457K->75313K(2029056K), 0.0170073 secs] [Times: user=0.13 sys=0.00, real=0.02 secs] 
2020-09-29T18:06:33.918+0200: 49.722: [GC (Allocation Failure) 2020-09-29T18:06:33.918+0200: 49.722: [ParNew: 598519K->38559K(613440K), 0.0168536 secs] 620657K->60697K(2029056K), 0.0169211 secs] [Times: user=0.13 sys=0.00, real=0.02 secs] 
2020-09-29T18:06:33.982+0200: 49.787: [GC (Allocation Failure) 2020-09-29T18:06:33.982+0200: 49.787: [ParNew: 583903K->34107K(613440K), 0.0148630 secs] 606041K->56246K(2029056K), 0.0149178 secs] [Times: user=0.13 sys=0.00, real=0.01 secs] 
2020-09-29T18:06:34.047+0200: 49.851: [GC (Allocation Failure) 2020-09-29T18:06:34.047+0200: 49.851: [ParNew: 579451K->68096K(613440K), 0.0251112 secs] 601590K->90260K(2029056K), 0.0251655 secs] [Times: user=0.25 sys=0.00, real=0.03 secs] 
2020-09-29T18:06:34.120+0200: 49.924: [GC (Allocation Failure) 2020-09-29T18:06:34.120+0200: 49.924: [ParNew: 613440K->57874K(613440K), 0.0205103 secs] 635604K->80039K(2029056K), 0.0205822 secs] [Times: user=0.13 sys=0.00, real=0.02 secs] 
2020-09-29T18:06:34.189+0200: 49.993: [GC (Allocation Failure) 2020-09-29T18:06:34.189+0200: 49.993: [ParNew: 603218K->49484K(613440K), 0.0220139 secs] 625383K->71649K(2029056K), 0.0220829 secs] [Times: user=0.22 sys=0.00, real=0.02 secs] 
2020-09-29T18:06:34.260+0200: 50.064: [GC (Allocation Failure) 2020-09-29T18:06:34.260+0200: 50.064: [ParNew: 594828K->47442K(613440K), 0.0182960 secs] 616993K->69607K(2029056K), 0.0183511 secs] [Times: user=0.13 sys=0.00, real=0.02 secs] 
2020-09-29T18:06:34.329+0200: 50.133: [GC (Allocation Failure) 2020-09-29T18:06:34.329+0200: 50.133: [ParNew: 592786K->40547K(613440K), 0.0182058 secs] 614951K->62712K(2029056K), 0.0182786 secs] [Times: user=0.13 sys=0.00, real=0.02 secs] 
2020-09-29T18:06:34.395+0200: 50.198: [GC (Allocation Failure) 2020-09-29T18:06:34.395+0200: 50.198: [ParNew: 585891K->67414K(613440K), 0.0217784 secs] 608056K->89579K(2029056K), 0.0218768 secs] [Times: user=0.25 sys=0.00, real=0.02 secs] 
2020-09-29T18:06:34.465+0200: 50.269: [GC (Allocation Failure) 2020-09-29T18:06:34.465+0200: 50.269: [ParNew: 612758K->41084K(613440K), 0.0099514 secs] 634923K->63249K(2029056K), 0.0100110 secs] [Times: user=0.13 sys=0.00, real=0.01 secs] 
2020-09-29T18:06:34.530+0200: 50.334: [GC (Allocation Failure) 2020-09-29T18:06:34.530+0200: 50.334: [ParNew: 586428K->30817K(613440K), 0.0152519 secs] 608593K->52982K(2029056K), 0.0153061 secs] [Times: user=0.13 sys=0.00, real=0.02 secs] 
2020-09-29T18:06:34.593+0200: 50.397: [GC (Allocation Failure) 2020-09-29T18:06:34.593+0200: 50.397: [ParNew: 576161K->48772K(613440K), 0.0194837 secs] 598326K->70937K(2029056K), 0.0195468 secs] [Times: user=0.11 sys=0.00, real=0.02 secs] 
2020-09-29T18:06:34.662+0200: 50.466: [GC (Allocation Failure) 2020-09-29T18:06:34.662+0200: 50.466: [ParNew: 594116K->43575K(613440K), 0.0195036 secs] 616281K->65740K(2029056K), 0.0195924 secs] [Times: user=0.13 sys=0.00, real=0.02 secs] 
2020-09-29T18:06:34.728+0200: 50.533: [GC (Allocation Failure) 2020-09-29T18:06:34.728+0200: 50.533: [ParNew: 588919K->39374K(613440K), 0.0180663 secs] 611084K->61539K(2029056K), 0.0181325 secs] [Times: user=0.13 sys=0.00, real=0.02 secs] 
2020-09-29T18:06:34.794+0200: 50.598: [GC (Allocation Failure) 2020-09-29T18:06:34.794+0200: 50.598: [ParNew: 584718K->41614K(613440K), 0.0164490 secs] 606883K->63779K(2029056K), 0.0165111 secs] [Times: user=0.13 sys=0.00, real=0.02 secs] 
2020-09-29T18:06:34.860+0200: 50.664: [GC (Allocation Failure) 2020-09-29T18:06:34.860+0200: 50.664: [ParNew: 586958K->60834K(613440K), 0.0212525 secs] 609123K->82998K(2029056K), 0.0213596 secs] [Times: user=0.25 sys=0.00, real=0.02 secs] 
2020-09-29T18:06:34.928+0200: 50.732: [GC (Allocation Failure) 2020-09-29T18:06:34.928+0200: 50.732: [ParNew: 606178K->45225K(613440K), 0.0156752 secs] 628342K->67390K(2029056K), 0.0157311 secs] [Times: user=0.13 sys=0.00, real=0.02 secs] 
2020-09-29T18:06:34.992+0200: 50.796: [GC (Allocation Failure) 2020-09-29T18:06:34.992+0200: 50.796: [ParNew: 590569K->59839K(613440K), 0.0205852 secs] 612734K->82004K(2029056K), 0.0206415 secs] [Times: user=0.13 sys=0.00, real=0.02 secs] 
2020-09-29T18:06:35.060+0200: 50.864: [GC (Allocation Failure) 2020-09-29T18:06:35.060+0200: 50.864: [ParNew: 605183K->44698K(613440K), 0.0198448 secs] 627348K->66862K(2029056K), 0.0199141 secs] [Times: user=0.13 sys=0.00, real=0.02 secs] 
2020-09-29T18:06:35.132+0200: 50.936: [GC (Allocation Failure) 2020-09-29T18:06:35.132+0200: 50.936: [ParNew: 590042K->42579K(613440K), 0.0203766 secs] 612206K->64744K(2029056K), 0.0204552 secs] [Times: user=0.13 sys=0.00, real=0.02 secs] 
2020-09-29T18:06:35.204+0200: 51.007: [GC (Allocation Failure) 2020-09-29T18:06:35.204+0200: 51.007: [ParNew: 587923K->54494K(613440K), 0.0216131 secs] 610088K->76659K(2029056K), 0.0216746 secs] [Times: user=0.24 sys=0.00, real=0.02 secs] 
2020-09-29T18:06:35.279+0200: 51.082: [GC (Allocation Failure) 2020-09-29T18:06:35.279+0200: 51.082: [ParNew: 599838K->38822K(613440K), 0.0125060 secs] 622003K->60987K(2029056K), 0.0125627 secs] [Times: user=0.13 sys=0.00, real=0.01 secs] 
2020-09-29T18:06:35.350+0200: 51.153: [GC (Allocation Failure) 2020-09-29T18:06:35.350+0200: 51.153: [ParNew: 584166K->22900K(613440K), 0.0116492 secs] 606331K->45065K(2029056K), 0.0117041 secs] [Times: user=0.00 sys=0.00, real=0.01 secs] 
2020-09-29T18:06:35.418+0200: 51.221: [GC (Allocation Failure) 2020-09-29T18:06:35.418+0200: 51.221: [ParNew: 568244K->33697K(613440K), 0.0164767 secs] 590409K->55862K(2029056K), 0.0165433 secs] [Times: user=0.13 sys=0.00, real=0.02 secs] 
2020-09-29T18:06:35.483+0200: 51.286: [GC (Allocation Failure) 2020-09-29T18:06:35.483+0200: 51.286: [ParNew: 579041K->53232K(613440K), 0.0212054 secs] 601206K->75397K(2029056K), 0.0212866 secs] [Times: user=0.13 sys=0.00, real=0.02 secs] 
2020-09-29T18:06:35.551+0200: 51.355: [GC (Allocation Failure) 2020-09-29T18:06:35.554+0200: 51.357: [ParNew: 598576K->54731K(613440K), 0.0201384 secs] 620741K->76896K(2029056K), 0.0226991 secs] [Times: user=0.13 sys=0.00, real=0.02 secs] 
2020-09-29T18:06:35.624+0200: 51.428: [GC (Allocation Failure) 2020-09-29T18:06:35.624+0200: 51.428: [ParNew: 600075K->41553K(613440K), 0.0154750 secs] 622240K->63718K(2029056K), 0.0155330 secs] [Times: user=0.11 sys=0.00, real=0.02 secs] 
2020-09-29T18:06:35.692+0200: 51.495: [GC (Allocation Failure) 2020-09-29T18:06:35.692+0200: 51.495: [ParNew: 586897K->23863K(613440K), 0.0128340 secs] 609062K->46028K(2029056K), 0.0128952 secs] [Times: user=0.00 sys=0.00, real=0.01 secs] 
2020-09-29T18:06:35.751+0200: 51.555: [GC (Allocation Failure) 2020-09-29T18:06:35.751+0200: 51.555: [ParNew: 569207K->40766K(613440K), 0.0164683 secs] 591372K->62931K(2029056K), 0.0165366 secs] [Times: user=0.13 sys=0.00, real=0.02 secs] 
2020-09-29T18:06:35.816+0200: 51.619: [GC (Allocation Failure) 2020-09-29T18:06:35.816+0200: 51.619: [ParNew: 586110K->53504K(613440K), 0.0212865 secs] 608275K->75669K(2029056K), 0.0213751 secs] [Times: user=0.25 sys=0.00, real=0.02 secs] 
2020-09-29T18:06:35.884+0200: 51.688: [GC (Allocation Failure) 2020-09-29T18:06:35.884+0200: 51.688: [ParNew: 598848K->66558K(613440K), 0.0203026 secs] 621013K->88723K(2029056K), 0.0203567 secs] [Times: user=0.13 sys=0.00, real=0.02 secs] 
2020-09-29T18:06:35.956+0200: 51.759: [GC (Allocation Failure) 2020-09-29T18:06:35.956+0200: 51.759: [ParNew: 611902K->45719K(613440K), 0.0153922 secs] 634067K->67884K(2029056K), 0.0154495 secs] [Times: user=0.11 sys=0.02, real=0.01 secs] 
2020-09-29T18:06:36.020+0200: 51.824: [GC (Allocation Failure) 2020-09-29T18:06:36.020+0200: 51.824: [ParNew: 591063K->26869K(613440K), 0.0136603 secs] 613228K->49034K(2029056K), 0.0137311 secs] [Times: user=0.11 sys=0.01, real=0.01 secs] 
2020-09-29T18:06:36.085+0200: 51.889: [GC (Allocation Failure) 2020-09-29T18:06:36.085+0200: 51.889: [ParNew: 572213K->28085K(613440K), 0.0113416 secs] 594378K->50250K(2029056K), 0.0113985 secs] [Times: user=0.00 sys=0.00, real=0.01 secs] 
2020-09-29T18:06:36.145+0200: 51.949: [GC (Allocation Failure) 2020-09-29T18:06:36.145+0200: 51.949: [ParNew: 573429K->43739K(613440K), 0.0182789 secs] 595594K->65904K(2029056K), 0.0183769 secs] [Times: user=0.23 sys=0.00, real=0.02 secs] 
2020-09-29T18:06:36.218+0200: 52.021: [GC (Allocation Failure) 2020-09-29T18:06:36.218+0200: 52.021: [ParNew: 589083K->33205K(613440K), 0.0158930 secs] 611248K->55370K(2029056K), 0.0159538 secs] [Times: user=0.13 sys=0.00, real=0.02 secs] 
2020-09-29T18:06:36.283+0200: 52.086: [GC (Allocation Failure) 2020-09-29T18:06:36.283+0200: 52.086: [ParNew: 578549K->35259K(613440K), 0.0139119 secs] 600714K->57424K(2029056K), 0.0139751 secs] [Times: user=0.13 sys=0.00, real=0.01 secs] 
2020-09-29T18:06:36.348+0200: 52.151: [GC (Allocation Failure) 2020-09-29T18:06:36.348+0200: 52.151: [ParNew: 580603K->54091K(613440K), 0.0194890 secs] 602768K->76256K(2029056K), 0.0195459 secs] [Times: user=0.25 sys=0.00, real=0.02 secs] 
2020-09-29T18:06:36.415+0200: 52.219: [GC (Allocation Failure) 2020-09-29T18:06:36.415+0200: 52.219: [ParNew: 599435K->68096K(613440K), 0.0239962 secs] 621600K->90260K(2029056K), 0.0240932 secs] [Times: user=0.13 sys=0.00, real=0.03 secs] 
2020-09-29T18:06:36.487+0200: 52.290: [GC (Allocation Failure) 2020-09-29T18:06:36.487+0200: 52.290: [ParNew: 613440K->61438K(613440K), 0.0236499 secs] 635604K->83603K(2029056K), 0.0237299 secs] [Times: user=0.25 sys=0.00, real=0.02 secs] 
2020-09-29T18:06:36.558+0200: 52.362: [GC (Allocation Failure) 2020-09-29T18:06:36.558+0200: 52.362: [ParNew: 606782K->49307K(613440K), 0.0129207 secs] 628947K->71471K(2029056K), 0.0129840 secs] [Times: user=0.13 sys=0.00, real=0.01 secs] 
2020-09-29T18:06:36.627+0200: 52.431: [GC (Allocation Failure) 2020-09-29T18:06:36.627+0200: 52.431: [ParNew: 594651K->37430K(613440K), 0.0182459 secs] 616815K->59594K(2029056K), 0.0183276 secs] [Times: user=0.11 sys=0.00, real=0.02 secs] 
2020-09-29T18:06:36.694+0200: 52.498: [GC (Allocation Failure) 2020-09-29T18:06:36.694+0200: 52.498: [ParNew: 582774K->55224K(613440K), 0.0208704 secs] 604938K->77389K(2029056K), 0.0209454 secs] [Times: user=0.09 sys=0.00, real=0.02 secs] 
2020-09-29T18:06:36.763+0200: 52.567: [GC (Allocation Failure) 2020-09-29T18:06:36.763+0200: 52.567: [ParNew: 600568K->44337K(613440K), 0.0147957 secs] 622733K->66502K(2029056K), 0.0148916 secs] [Times: user=0.13 sys=0.00, real=0.02 secs] 
2020-09-29T18:06:36.826+0200: 52.629: [GC (Allocation Failure) 2020-09-29T18:06:36.826+0200: 52.629: [ParNew: 589681K->43491K(613440K), 0.0191899 secs] 611846K->65655K(2029056K), 0.0192601 secs] [Times: user=0.13 sys=0.00, real=0.02 secs] 
2020-09-29T18:06:36.893+0200: 52.696: [GC (Allocation Failure) 2020-09-29T18:06:36.893+0200: 52.696: [ParNew: 588835K->37107K(613440K), 0.0127488 secs] 610999K->59272K(2029056K), 0.0198236 secs] [Times: user=0.13 sys=0.00, real=0.02 secs] 
2020-09-29T18:06:36.987+0200: 52.791: [GC (Allocation Failure) 2020-09-29T18:06:36.987+0200: 52.791: [ParNew: 582451K->33209K(613440K), 0.0120428 secs] 604616K->55374K(2029056K), 0.0120970 secs] [Times: user=0.13 sys=0.00, real=0.01 secs] 
2020-09-29T18:06:37.049+0200: 52.852: [GC (Allocation Failure) 2020-09-29T18:06:37.049+0200: 52.852: [ParNew: 578553K->37017K(613440K), 0.0170845 secs] 600718K->59182K(2029056K), 0.0171380 secs] [Times: user=0.13 sys=0.00, real=0.02 secs] 
2020-09-29T18:06:37.116+0200: 52.919: [GC (Allocation Failure) 2020-09-29T18:06:37.116+0200: 52.919: [ParNew: 582361K->30876K(613440K), 0.0097907 secs] 604526K->53040K(2029056K), 0.0098447 secs] [Times: user=0.00 sys=0.00, real=0.01 secs] 
2020-09-29T18:06:37.176+0200: 52.979: [GC (Allocation Failure) 2020-09-29T18:06:37.176+0200: 52.979: [ParNew: 576220K->30036K(613440K), 0.0150140 secs] 598384K->52201K(2029056K), 0.0150764 secs] [Times: user=0.13 sys=0.00, real=0.01 secs] 
2020-09-29T18:06:37.245+0200: 53.048: [GC (Allocation Failure) 2020-09-29T18:06:37.245+0200: 53.048: [ParNew: 575380K->28021K(613440K), 0.0142051 secs] 597545K->50186K(2029056K), 0.0142613 secs] [Times: user=0.13 sys=0.00, real=0.01 secs] 
2020-09-29T18:06:37.310+0200: 53.113: [GC (Allocation Failure) 2020-09-29T18:06:37.310+0200: 53.113: [ParNew: 573365K->27236K(613440K), 0.0126124 secs] 595530K->49401K(2029056K), 0.0127058 secs] [Times: user=0.13 sys=0.00, real=0.01 secs] 
2020-09-29T18:06:37.373+0200: 53.176: [GC (Allocation Failure) 2020-09-29T18:06:37.373+0200: 53.176: [ParNew: 572580K->48945K(613440K), 0.0221573 secs] 594745K->71110K(2029056K), 0.0222309 secs] [Times: user=0.13 sys=0.00, real=0.02 secs] 
2020-09-29T18:06:37.442+0200: 53.245: [GC (Allocation Failure) 2020-09-29T18:06:37.442+0200: 53.245: [ParNew: 594289K->43729K(613440K), 0.0094509 secs] 616454K->65894K(2029056K), 0.0095032 secs] [Times: user=0.13 sys=0.00, real=0.01 secs] 
2020-09-29T18:06:37.515+0200: 53.318: [GC (Allocation Failure) 2020-09-29T18:06:37.515+0200: 53.318: [ParNew: 589073K->45050K(613440K), 0.0202764 secs] 611238K->67215K(2029056K), 0.0203452 secs] [Times: user=0.13 sys=0.00, real=0.02 secs] 
2020-09-29T18:06:37.584+0200: 53.387: [GC (Allocation Failure) 2020-09-29T18:06:37.584+0200: 53.387: [ParNew: 590394K->35009K(613440K), 0.0152059 secs] 612559K->57174K(2029056K), 0.0152676 secs] [Times: user=0.13 sys=0.00, real=0.01 secs] 
2020-09-29T18:06:37.651+0200: 53.455: [GC (Allocation Failure) 2020-09-29T18:06:37.651+0200: 53.455: [ParNew: 580353K->32795K(613440K), 0.0130662 secs] 602518K->54960K(2029056K), 0.0131315 secs] [Times: user=0.13 sys=0.00, real=0.01 secs] 
2020-09-29T18:06:37.712+0200: 53.515: [GC (Allocation Failure) 2020-09-29T18:06:37.712+0200: 53.515: [ParNew: 578139K->28344K(613440K), 0.0116591 secs] 600304K->50509K(2029056K), 0.0117127 secs] [Times: user=0.01 sys=0.00, real=0.01 secs] 
2020-09-29T18:06:37.773+0200: 53.576: [GC (Allocation Failure) 2020-09-29T18:06:37.773+0200: 53.576: [ParNew: 573688K->44532K(613440K), 0.0157064 secs] 595853K->66697K(2029056K), 0.0157620 secs] [Times: user=0.13 sys=0.00, real=0.02 secs] 
2020-09-29T18:06:37.840+0200: 53.643: [GC (Allocation Failure) 2020-09-29T18:06:37.840+0200: 53.643: [ParNew: 589876K->32230K(613440K), 0.0101388 secs] 612041K->54395K(2029056K), 0.0101947 secs] [Times: user=0.13 sys=0.00, real=0.01 secs] 
2020-09-29T18:06:37.899+0200: 53.702: [GC (Allocation Failure) 2020-09-29T18:06:37.899+0200: 53.702: [ParNew: 577574K->44367K(613440K), 0.0199478 secs] 599739K->66532K(2029056K), 0.0200317 secs] [Times: user=0.13 sys=0.00, real=0.02 secs] 
2020-09-29T18:06:37.966+0200: 53.770: [GC (Allocation Failure) 2020-09-29T18:06:37.966+0200: 53.770: [ParNew: 589711K->60532K(613440K), 0.0202438 secs] 611876K->82697K(2029056K), 0.0203032 secs] [Times: user=0.13 sys=0.00, real=0.02 secs] 
2020-09-29T18:06:38.035+0200: 53.838: [GC (Allocation Failure) 2020-09-29T18:06:38.035+0200: 53.838: [ParNew: 605876K->36966K(613440K), 0.0125844 secs] 628041K->59131K(2029056K), 0.0126399 secs] [Times: user=0.13 sys=0.00, real=0.01 secs] 
2020-09-29T18:06:38.095+0200: 53.898: [GC (Allocation Failure) 2020-09-29T18:06:38.095+0200: 53.898: [ParNew: 582310K->24750K(613440K), 0.0118153 secs] 604475K->46914K(2029056K), 0.0118731 secs] [Times: user=0.13 sys=0.00, real=0.01 secs] 
2020-09-29T18:06:38.159+0200: 53.963: [GC (Allocation Failure) 2020-09-29T18:06:38.159+0200: 53.963: [ParNew: 570094K->41218K(613440K), 0.0193614 secs] 592258K->63383K(2029056K), 0.0194427 secs] [Times: user=0.25 sys=0.00, real=0.02 secs] 
2020-09-29T18:06:38.234+0200: 54.038: [GC (Allocation Failure) 2020-09-29T18:06:38.234+0200: 54.038: [ParNew: 586562K->45842K(613440K), 0.0213304 secs] 608727K->68007K(2029056K), 0.0214222 secs] [Times: user=0.24 sys=0.00, real=0.02 secs] 
2020-09-29T18:06:38.306+0200: 54.109: [GC (Allocation Failure) 2020-09-29T18:06:38.306+0200: 54.109: [ParNew: 591186K->57428K(613440K), 0.0199139 secs] 613351K->79593K(2029056K), 0.0199769 secs] [Times: user=0.13 sys=0.00, real=0.02 secs] 
2020-09-29T18:06:38.373+0200: 54.177: [GC (Allocation Failure) 2020-09-29T18:06:38.373+0200: 54.177: [ParNew: 602772K->43239K(613440K), 0.0190727 secs] 624937K->65404K(2029056K), 0.0191454 secs] [Times: user=0.13 sys=0.00, real=0.02 secs] 
2020-09-29T18:06:38.444+0200: 54.248: [GC (Allocation Failure) 2020-09-29T18:06:38.444+0200: 54.248: [ParNew: 588583K->44231K(613440K), 0.0188312 secs] 610748K->66396K(2029056K), 0.0189054 secs] [Times: user=0.13 sys=0.00, real=0.02 secs] 
2020-09-29T18:06:38.512+0200: 54.315: [GC (Allocation Failure) 2020-09-29T18:06:38.512+0200: 54.315: [ParNew: 589575K->43132K(613440K), 0.0178259 secs] 611740K->65297K(2029056K), 0.0178874 secs] [Times: user=0.13 sys=0.00, real=0.02 secs] 
2020-09-29T18:06:38.578+0200: 54.381: [GC (Allocation Failure) 2020-09-29T18:06:38.578+0200: 54.381: [ParNew: 588476K->45310K(613440K), 0.0184870 secs] 610641K->67475K(2029056K), 0.0185585 secs] [Times: user=0.11 sys=0.00, real=0.02 secs] 
2020-09-29T18:06:38.649+0200: 54.452: [GC (Allocation Failure) 2020-09-29T18:06:38.649+0200: 54.452: [ParNew: 590654K->62849K(613440K), 0.0229183 secs] 612819K->85014K(2029056K), 0.0229747 secs] [Times: user=0.13 sys=0.00, real=0.02 secs] 
2020-09-29T18:06:38.721+0200: 54.525: [GC (Allocation Failure) 2020-09-29T18:06:38.721+0200: 54.525: [ParNew: 608193K->51334K(613440K), 0.0208707 secs] 630358K->73498K(2029056K), 0.0209322 secs] [Times: user=0.25 sys=0.00, real=0.02 secs] 
2020-09-29T18:06:38.790+0200: 54.594: [GC (Allocation Failure) 2020-09-29T18:06:38.790+0200: 54.594: [ParNew: 596678K->68096K(613440K), 0.0231120 secs] 618842K->90287K(2029056K), 0.0231708 secs] [Times: user=0.11 sys=0.00, real=0.02 secs] 
2020-09-29T18:06:38.863+0200: 54.667: [GC (Allocation Failure) 2020-09-29T18:06:38.863+0200: 54.667: [ParNew: 613440K->52640K(613440K), 0.0199241 secs] 635631K->74831K(2029056K), 0.0199934 secs] [Times: user=0.16 sys=0.00, real=0.02 secs] 
2020-09-29T18:06:38.933+0200: 54.737: [GC (Allocation Failure) 2020-09-29T18:06:38.933+0200: 54.737: [ParNew: 597984K->49933K(613440K), 0.0192064 secs] 620175K->72125K(2029056K), 0.0192698 secs] [Times: user=0.13 sys=0.00, real=0.02 secs] 
2020-09-29T18:06:39.001+0200: 54.805: [GC (Allocation Failure) 2020-09-29T18:06:39.001+0200: 54.805: [ParNew: 595277K->68096K(613440K), 0.0249391 secs] 617469K->91459K(2029056K), 0.0249936 secs] [Times: user=0.25 sys=0.00, real=0.03 secs] 
2020-09-29T18:06:39.074+0200: 54.878: [GC (Allocation Failure) 2020-09-29T18:06:39.074+0200: 54.878: [ParNew: 613440K->53852K(613440K), 0.0181688 secs] 636803K->77216K(2029056K), 0.0182561 secs] [Times: user=0.13 sys=0.00, real=0.02 secs] 
2020-09-29T18:06:39.139+0200: 54.943: [GC (Allocation Failure) 2020-09-29T18:06:39.139+0200: 54.943: [ParNew: 599196K->41198K(613440K), 0.0184058 secs] 622560K->64562K(2029056K), 0.0184755 secs] [Times: user=0.13 sys=0.00, real=0.02 secs] 
2020-09-29T18:06:39.207+0200: 55.011: [GC (Allocation Failure) 2020-09-29T18:06:39.207+0200: 55.011: [ParNew: 586542K->42519K(613440K), 0.0198327 secs] 609906K->65883K(2029056K), 0.0198989 secs] [Times: user=0.23 sys=0.00, real=0.02 secs] 
2020-09-29T18:06:39.281+0200: 55.085: [GC (Allocation Failure) 2020-09-29T18:06:39.282+0200: 55.085: [ParNew: 587863K->41640K(613440K), 0.0178641 secs] 611227K->65004K(2029056K), 0.0179303 secs] [Times: user=0.11 sys=0.00, real=0.02 secs] 
2020-09-29T18:06:39.351+0200: 55.155: [GC (Allocation Failure) 2020-09-29T18:06:39.351+0200: 55.155: [ParNew: 586984K->39442K(613440K), 0.0145853 secs] 610348K->62806K(2029056K), 0.0146431 secs] [Times: user=0.13 sys=0.00, real=0.01 secs] 
2020-09-29T18:06:39.414+0200: 55.218: [GC (Allocation Failure) 2020-09-29T18:06:39.414+0200: 55.218: [ParNew: 584786K->34170K(613440K), 0.0139610 secs] 608150K->57534K(2029056K), 0.0140183 secs] [Times: user=0.13 sys=0.00, real=0.01 secs] 
2020-09-29T18:06:39.476+0200: 55.279: [GC (Allocation Failure) 2020-09-29T18:06:39.476+0200: 55.280: [ParNew: 579514K->55642K(613440K), 0.0238752 secs] 602878K->79006K(2029056K), 0.0239449 secs] [Times: user=0.13 sys=0.00, real=0.02 secs] 
2020-09-29T18:06:39.549+0200: 55.353: [GC (Allocation Failure) 2020-09-29T18:06:39.549+0200: 55.353: [ParNew: 600986K->45669K(613440K), 0.0177007 secs] 624350K->69033K(2029056K), 0.0177871 secs] [Times: user=0.25 sys=0.00, real=0.02 secs] 
2020-09-29T18:06:39.617+0200: 55.421: [GC (Allocation Failure) 2020-09-29T18:06:39.617+0200: 55.421: [ParNew: 591013K->62104K(613440K), 0.0227587 secs] 614377K->85468K(2029056K), 0.0299769 secs] [Times: user=0.13 sys=0.00, real=0.03 secs] 
2020-09-29T18:06:39.694+0200: 55.497: [GC (Allocation Failure) 2020-09-29T18:06:39.694+0200: 55.498: [ParNew: 607448K->42486K(613440K), 0.0096067 secs] 630812K->65850K(2029056K), 0.0096652 secs] [Times: user=0.00 sys=0.00, real=0.01 secs] 
2020-09-29T18:06:39.753+0200: 55.557: [GC (Allocation Failure) 2020-09-29T18:06:39.753+0200: 55.557: [ParNew: 587830K->31132K(613440K), 0.0144257 secs] 611194K->54496K(2029056K), 0.0145097 secs] [Times: user=0.13 sys=0.00, real=0.01 secs] 
2020-09-29T18:06:39.816+0200: 55.620: [GC (Allocation Failure) 2020-09-29T18:06:39.816+0200: 55.620: [ParNew: 576476K->45557K(613440K), 0.0193138 secs] 599840K->68921K(2029056K), 0.0193883 secs] [Times: user=0.25 sys=0.00, real=0.02 secs] 
2020-09-29T18:06:39.883+0200: 55.687: [GC (Allocation Failure) 2020-09-29T18:06:39.883+0200: 55.687: [ParNew: 590901K->65888K(613440K), 0.0229183 secs] 614265K->89252K(2029056K), 0.0229776 secs] [Times: user=0.13 sys=0.00, real=0.02 secs] 
2020-09-29T18:06:39.954+0200: 55.757: [GC (Allocation Failure) 2020-09-29T18:06:39.954+0200: 55.757: [ParNew: 611232K->52221K(613440K), 0.0213242 secs] 634596K->75585K(2029056K), 0.0214022 secs] [Times: user=0.25 sys=0.00, real=0.02 secs] 
2020-09-29T18:06:40.024+0200: 55.827: [GC (Allocation Failure) 2020-09-29T18:06:40.024+0200: 55.827: [ParNew: 597565K->47833K(613440K), 0.0162792 secs] 620929K->71197K(2029056K), 0.0163924 secs] [Times: user=0.13 sys=0.00, real=0.02 secs] 
2020-09-29T18:06:40.091+0200: 55.895: [GC (Allocation Failure) 2020-09-29T18:06:40.091+0200: 55.895: [ParNew: 593177K->41797K(613440K), 0.0148161 secs] 616541K->65160K(2029056K), 0.0148773 secs] [Times: user=0.13 sys=0.00, real=0.01 secs] 
2020-09-29T18:06:40.157+0200: 55.961: [GC (Allocation Failure) 2020-09-29T18:06:40.157+0200: 55.961: [ParNew: 587141K->55919K(613440K), 0.0202443 secs] 610504K->79283K(2029056K), 0.0203248 secs] [Times: user=0.25 sys=0.00, real=0.02 secs] 
2020-09-29T18:06:40.228+0200: 56.032: [GC (Allocation Failure) 2020-09-29T18:06:40.228+0200: 56.032: [ParNew: 601263K->37083K(613440K), 0.0133104 secs] 624627K->60447K(2029056K), 0.0133779 secs] [Times: user=0.13 sys=0.00, real=0.01 secs] 
2020-09-29T18:06:40.289+0200: 56.093: [GC (Allocation Failure) 2020-09-29T18:06:40.289+0200: 56.093: [ParNew: 582427K->56368K(613440K), 0.0178441 secs] 605791K->79732K(2029056K), 0.0179024 secs] [Times: user=0.13 sys=0.00, real=0.02 secs] 
2020-09-29T18:06:40.360+0200: 56.163: [GC (Allocation Failure) 2020-09-29T18:06:40.360+0200: 56.163: [ParNew: 601712K->44668K(613440K), 0.0180918 secs] 625076K->68032K(2029056K), 0.0181627 secs] [Times: user=0.13 sys=0.00, real=0.02 secs] 
2020-09-29T18:06:40.424+0200: 56.228: [GC (Allocation Failure) 2020-09-29T18:06:40.424+0200: 56.228: [ParNew: 590012K->37077K(613440K), 0.0105251 secs] 613376K->60441K(2029056K), 0.0105824 secs] [Times: user=0.13 sys=0.00, real=0.01 secs] 
2020-09-29T18:06:40.486+0200: 56.290: [GC (Allocation Failure) 2020-09-29T18:06:40.486+0200: 56.290: [ParNew: 582421K->23371K(613440K), 0.0114590 secs] 605785K->46735K(2029056K), 0.0115168 secs] [Times: user=0.13 sys=0.00, real=0.01 secs] 
2020-09-29T18:06:40.545+0200: 56.349: [GC (Allocation Failure) 2020-09-29T18:06:40.545+0200: 56.349: [ParNew: 568715K->45585K(613440K), 0.0195117 secs] 592079K->68949K(2029056K), 0.0195680 secs] [Times: user=0.13 sys=0.00, real=0.02 secs] 
2020-09-29T18:06:40.615+0200: 56.419: [GC (Allocation Failure) 2020-09-29T18:06:40.615+0200: 56.419: [ParNew: 590929K->30796K(613440K), 0.0149670 secs] 614293K->54160K(2029056K), 0.0150250 secs] [Times: user=0.11 sys=0.00, real=0.02 secs] 
2020-09-29T18:06:40.682+0200: 56.486: [GC (Allocation Failure) 2020-09-29T18:06:40.682+0200: 56.486: [ParNew: 576140K->50634K(613440K), 0.0185562 secs] 599504K->73998K(2029056K), 0.0186152 secs] [Times: user=0.13 sys=0.00, real=0.02 secs] 
2020-09-29T18:06:40.747+0200: 56.551: [GC (Allocation Failure) 2020-09-29T18:06:40.747+0200: 56.551: [ParNew: 595978K->38405K(613440K), 0.0173493 secs] 619342K->61769K(2029056K), 0.0174116 secs] [Times: user=0.13 sys=0.00, real=0.02 secs] 
2020-09-29T18:06:40.813+0200: 56.616: [GC (Allocation Failure) 2020-09-29T18:06:40.813+0200: 56.617: [ParNew: 583749K->36556K(613440K), 0.0167196 secs] 607113K->59920K(2029056K), 0.0167726 secs] [Times: user=0.13 sys=0.00, real=0.02 secs] 
2020-09-29T18:06:40.876+0200: 56.680: [GC (Allocation Failure) 2020-09-29T18:06:40.876+0200: 56.680: [ParNew: 581900K->34166K(613440K), 0.0095235 secs] 605264K->57530K(2029056K), 0.0095799 secs] [Times: user=0.13 sys=0.00, real=0.01 secs] 
2020-09-29T18:06:40.946+0200: 56.749: [GC (Allocation Failure) 2020-09-29T18:06:40.946+0200: 56.750: [ParNew: 579510K->45662K(613440K), 0.0201511 secs] 602874K->69026K(2029056K), 0.0202598 secs] [Times: user=0.13 sys=0.00, real=0.02 secs] 
2020-09-29T18:06:41.015+0200: 56.819: [GC (Allocation Failure) 2020-09-29T18:06:41.015+0200: 56.819: [ParNew: 591006K->62093K(613440K), 0.0199448 secs] 614370K->85457K(2029056K), 0.0200024 secs] [Times: user=0.13 sys=0.00, real=0.02 secs] 
2020-09-29T18:06:41.086+0200: 56.890: [GC (Allocation Failure) 2020-09-29T18:06:41.086+0200: 56.890: [ParNew: 607437K->46469K(613440K), 0.0195256 secs] 630801K->69833K(2029056K), 0.0196020 secs] [Times: user=0.11 sys=0.00, real=0.02 secs] 
2020-09-29T18:06:41.154+0200: 56.958: [GC (Allocation Failure) 2020-09-29T18:06:41.155+0200: 56.958: [ParNew: 591813K->48856K(613440K), 0.0171542 secs] 615177K->72220K(2029056K), 0.0172207 secs] [Times: user=0.13 sys=0.00, real=0.02 secs] 
2020-09-29T18:06:41.223+0200: 57.027: [GC (Allocation Failure) 2020-09-29T18:06:41.223+0200: 57.027: [ParNew: 594200K->43765K(613440K), 0.0179753 secs] 617564K->67129K(2029056K), 0.0180459 secs] [Times: user=0.13 sys=0.00, real=0.02 secs] 
2020-09-29T18:06:41.298+0200: 57.101: [GC (Allocation Failure) 2020-09-29T18:06:41.298+0200: 57.102: [ParNew: 589109K->42584K(613440K), 0.0158514 secs] 612473K->65948K(2029056K), 0.0159207 secs] [Times: user=0.13 sys=0.00, real=0.01 secs] 
2020-09-29T18:06:41.361+0200: 57.165: [GC (Allocation Failure) 2020-09-29T18:06:41.361+0200: 57.165: [ParNew: 587928K->38187K(613440K), 0.0143597 secs] 611292K->61551K(2029056K), 0.0144224 secs] [Times: user=0.13 sys=0.00, real=0.01 secs] 
2020-09-29T18:06:41.422+0200: 57.226: [GC (Allocation Failure) 2020-09-29T18:06:41.422+0200: 57.226: [ParNew: 583531K->34952K(613440K), 0.0124889 secs] 606895K->58316K(2029056K), 0.0125589 secs] [Times: user=0.13 sys=0.00, real=0.01 secs] 
2020-09-29T18:06:41.482+0200: 57.285: [GC (Allocation Failure) 2020-09-29T18:06:41.482+0200: 57.285: [ParNew: 580296K->27462K(613440K), 0.0138241 secs] 603660K->50826K(2029056K), 0.0138804 secs] [Times: user=0.13 sys=0.00, real=0.01 secs] 
2020-09-29T18:06:41.547+0200: 57.351: [GC (Allocation Failure) 2020-09-29T18:06:41.547+0200: 57.351: [ParNew: 572806K->44356K(613440K), 0.0173803 secs] 596170K->67720K(2029056K), 0.0174689 secs] [Times: user=0.13 sys=0.00, real=0.02 secs] 
2020-09-29T18:06:41.614+0200: 57.418: [GC (Allocation Failure) 2020-09-29T18:06:41.614+0200: 57.418: [ParNew: 589700K->63691K(613440K), 0.0216571 secs] 613064K->87055K(2029056K), 0.0217130 secs] [Times: user=0.13 sys=0.00, real=0.02 secs] 
2020-09-29T18:06:41.685+0200: 57.489: [GC (Allocation Failure) 2020-09-29T18:06:41.685+0200: 57.489: [ParNew: 609035K->49099K(613440K), 0.0209843 secs] 632399K->72463K(2029056K), 0.0210503 secs] [Times: user=0.13 sys=0.00, real=0.02 secs] 
2020-09-29T18:06:41.753+0200: 57.557: [GC (Allocation Failure) 2020-09-29T18:06:41.753+0200: 57.557: [ParNew: 594443K->42673K(613440K), 0.0149261 secs] 617807K->66037K(2029056K), 0.0149855 secs] [Times: user=0.13 sys=0.00, real=0.01 secs] 
2020-09-29T18:06:41.815+0200: 57.619: [GC (Allocation Failure) 2020-09-29T18:06:41.815+0200: 57.619: [ParNew: 588017K->56226K(613440K), 0.0192673 secs] 611381K->79590K(2029056K), 0.0193315 secs] [Times: user=0.25 sys=0.00, real=0.02 secs] 
2020-09-29T18:06:41.881+0200: 57.685: [GC (Allocation Failure) 2020-09-29T18:06:41.881+0200: 57.685: [ParNew: 601570K->44733K(613440K), 0.0175592 secs] 624934K->68097K(2029056K), 0.0176110 secs] [Times: user=0.13 sys=0.00, real=0.02 secs] 
2020-09-29T18:06:41.947+0200: 57.751: [GC (Allocation Failure) 2020-09-29T18:06:41.947+0200: 57.751: [ParNew: 590077K->66659K(613440K), 0.0227266 secs] 613441K->90023K(2029056K), 0.0227810 secs] [Times: user=0.13 sys=0.00, real=0.02 secs] 
2020-09-29T18:06:42.018+0200: 57.822: [GC (Allocation Failure) 2020-09-29T18:06:42.018+0200: 57.822: [ParNew: 612003K->42165K(613440K), 0.0111820 secs] 635367K->65529K(2029056K), 0.0112533 secs] [Times: user=0.13 sys=0.00, real=0.01 secs] 
2020-09-29T18:06:42.078+0200: 57.882: [GC (Allocation Failure) 2020-09-29T18:06:42.078+0200: 57.882: [ParNew: 587509K->41054K(613440K), 0.0154497 secs] 610873K->64418K(2029056K), 0.0155060 secs] [Times: user=0.13 sys=0.00, real=0.02 secs] 
2020-09-29T18:06:42.142+0200: 57.946: [GC (Allocation Failure) 2020-09-29T18:06:42.142+0200: 57.946: [ParNew: 586398K->54979K(613440K), 0.0192978 secs] 609762K->78343K(2029056K), 0.0193672 secs] [Times: user=0.25 sys=0.00, real=0.02 secs] 
2020-09-29T18:06:42.214+0200: 58.018: [GC (Allocation Failure) 2020-09-29T18:06:42.214+0200: 58.018: [ParNew: 600323K->40599K(613440K), 0.0140419 secs] 623687K->63963K(2029056K), 0.0141105 secs] [Times: user=0.11 sys=0.00, real=0.02 secs] 
2020-09-29T18:06:42.276+0200: 58.080: [GC (Allocation Failure) 2020-09-29T18:06:42.276+0200: 58.080: [ParNew: 585943K->57639K(613440K), 0.0229753 secs] 609307K->81003K(2029056K), 0.0230337 secs] [Times: user=0.13 sys=0.00, real=0.02 secs] 
2020-09-29T18:06:42.347+0200: 58.151: [GC (Allocation Failure) 2020-09-29T18:06:42.347+0200: 58.151: [ParNew: 602983K->45163K(613440K), 0.0172807 secs] 626347K->68527K(2029056K), 0.0173442 secs] [Times: user=0.25 sys=0.00, real=0.02 secs] 
2020-09-29T18:06:42.412+0200: 58.216: [GC (Allocation Failure) 2020-09-29T18:06:42.412+0200: 58.216: [ParNew: 590507K->38323K(613440K), 0.0161242 secs] 613871K->61687K(2029056K), 0.0161812 secs] [Times: user=0.13 sys=0.00, real=0.02 secs] 
2020-09-29T18:06:42.476+0200: 58.280: [GC (Allocation Failure) 2020-09-29T18:06:42.476+0200: 58.280: [ParNew: 583667K->61084K(613440K), 0.0203066 secs] 607031K->84448K(2029056K), 0.0204061 secs] [Times: user=0.13 sys=0.00, real=0.02 secs] 
2020-09-29T18:06:42.545+0200: 58.349: [GC (Allocation Failure) 2020-09-29T18:06:42.545+0200: 58.349: [ParNew: 606428K->45794K(613440K), 0.0190526 secs] 629792K->69158K(2029056K), 0.0191268 secs] [Times: user=0.13 sys=0.00, real=0.02 secs] 
2020-09-29T18:06:42.613+0200: 58.417: [GC (Allocation Failure) 2020-09-29T18:06:42.613+0200: 58.417: [ParNew: 591138K->44107K(613440K), 0.0185879 secs] 614502K->67471K(2029056K), 0.0186475 secs] [Times: user=0.25 sys=0.00, real=0.02 secs] 
2020-09-29T18:06:42.679+0200: 58.483: [GC (Allocation Failure) 2020-09-29T18:06:42.679+0200: 58.483: [ParNew: 588441K->44942K(613440K), 0.0162561 secs] 611805K->68305K(2029056K), 0.0163122 secs] [Times: user=0.13 sys=0.00, real=0.02 secs] 
2020-09-29T18:06:42.743+0200: 58.547: [GC (Allocation Failure) 2020-09-29T18:06:42.743+0200: 58.547: [ParNew: 590286K->63356K(613440K), 0.0196808 secs] 613649K->86720K(2029056K), 0.0197564 secs] [Times: user=0.13 sys=0.00, real=0.02 secs] 
2020-09-29T18:06:42.810+0200: 58.614: [GC (Allocation Failure) 2020-09-29T18:06:42.810+0200: 58.614: [ParNew: 608700K->40149K(613440K), 0.0129745 secs] 632064K->63513K(2029056K), 0.0130383 secs] [Times: user=0.13 sys=0.00, real=0.01 secs] 
2020-09-29T18:06:42.874+0200: 58.678: [GC (Allocation Failure) 2020-09-29T18:06:42.874+0200: 58.678: [ParNew: 585493K->42376K(613440K), 0.0179227 secs] 608857K->65740K(2029056K), 0.0179817 secs] [Times: user=0.13 sys=0.00, real=0.02 secs] 
2020-09-29T18:06:42.940+0200: 58.744: [GC (Allocation Failure) 2020-09-29T18:06:42.940+0200: 58.744: [ParNew: 587720K->37757K(613440K), 0.0120003 secs] 611084K->61121K(2029056K), 0.0120591 secs] [Times: user=0.13 sys=0.00, real=0.01 secs] 
2020-09-29T18:06:43.008+0200: 58.812: [GC (Allocation Failure) 2020-09-29T18:06:43.008+0200: 58.812: [ParNew: 583101K->35304K(613440K), 0.0175526 secs] 606465K->58668K(2029056K), 0.0176096 secs] [Times: user=0.13 sys=0.00, real=0.02 secs] 
2020-09-29T18:06:43.073+0200: 58.877: [GC (Allocation Failure) 2020-09-29T18:06:43.073+0200: 58.877: [ParNew: 580648K->34167K(613440K), 0.0160410 secs] 604012K->57531K(2029056K), 0.0160976 secs] [Times: user=0.13 sys=0.00, real=0.02 secs] 
2020-09-29T18:06:43.137+0200: 58.941: [GC (Allocation Failure) 2020-09-29T18:06:43.137+0200: 58.941: [ParNew: 579511K->33337K(613440K), 0.0161662 secs] 602875K->56701K(2029056K), 0.0162536 secs] [Times: user=0.13 sys=0.00, real=0.02 secs] 
2020-09-29T18:06:43.202+0200: 59.006: [GC (Allocation Failure) 2020-09-29T18:06:43.202+0200: 59.006: [ParNew: 578681K->56906K(613440K), 0.0240545 secs] 602045K->80270K(2029056K), 0.0241552 secs] [Times: user=0.23 sys=0.00, real=0.02 secs] 
2020-09-29T18:06:43.275+0200: 59.079: [GC (Allocation Failure) 2020-09-29T18:06:43.275+0200: 59.079: [ParNew: 602250K->41594K(613440K), 0.0188446 secs] 625614K->64958K(2029056K), 0.0189024 secs] [Times: user=0.13 sys=0.00, real=0.02 secs] 
2020-09-29T18:06:43.341+0200: 59.145: [GC (Allocation Failure) 2020-09-29T18:06:43.341+0200: 59.145: [ParNew: 586938K->43013K(613440K), 0.0169527 secs] 610302K->66377K(2029056K), 0.0170082 secs] [Times: user=0.13 sys=0.00, real=0.02 secs] 
2020-09-29T18:06:43.406+0200: 59.210: [GC (Allocation Failure) 2020-09-29T18:06:43.406+0200: 59.210: [ParNew: 588357K->36340K(613440K), 0.0170270 secs] 611721K->59704K(2029056K), 0.0171098 secs] [Times: user=0.13 sys=0.00, real=0.02 secs] 
2020-09-29T18:06:43.474+0200: 59.278: [GC (Allocation Failure) 2020-09-29T18:06:43.474+0200: 59.278: [ParNew: 581684K->32329K(613440K), 0.0094503 secs] 605048K->55693K(2029056K), 0.0095075 secs] [Times: user=0.00 sys=0.00, real=0.01 secs] 
2020-09-29T18:06:43.536+0200: 59.340: [GC (Allocation Failure) 2020-09-29T18:06:43.536+0200: 59.340: [ParNew: 577673K->35092K(613440K), 0.0140562 secs] 601037K->58456K(2029056K), 0.0141487 secs] [Times: user=0.00 sys=0.00, real=0.01 secs] 
2020-09-29T18:06:43.603+0200: 59.407: [GC (Allocation Failure) 2020-09-29T18:06:43.604+0200: 59.407: [ParNew: 580436K->35690K(613440K), 0.0143776 secs] 603800K->59054K(2029056K), 0.0144485 secs] [Times: user=0.11 sys=0.00, real=0.02 secs] 
2020-09-29T18:06:43.676+0200: 59.480: [GC (Allocation Failure) 2020-09-29T18:06:43.676+0200: 59.480: [ParNew: 581034K->52377K(613440K), 0.0192978 secs] 604398K->75741K(2029056K), 0.0193580 secs] [Times: user=0.13 sys=0.00, real=0.02 secs] 
2020-09-29T18:06:43.744+0200: 59.548: [GC (Allocation Failure) 2020-09-29T18:06:43.744+0200: 59.548: [ParNew: 597721K->38439K(613440K), 0.0174256 secs] 621085K->61803K(2029056K), 0.0174879 secs] [Times: user=0.13 sys=0.00, real=0.02 secs] 
2020-09-29T18:06:43.815+0200: 59.619: [GC (Allocation Failure) 2020-09-29T18:06:43.815+0200: 59.619: [ParNew: 583783K->62829K(613440K), 0.0228390 secs] 607147K->86193K(2029056K), 0.0229298 secs] [Times: user=0.22 sys=0.01, real=0.02 secs] 
2020-09-29T18:06:43.889+0200: 59.692: [GC (Allocation Failure) 2020-09-29T18:06:43.889+0200: 59.692: [ParNew: 608173K->49962K(613440K), 0.0221919 secs] 631537K->73326K(2029056K), 0.0222603 secs] [Times: user=0.25 sys=0.00, real=0.02 secs] 
2020-09-29T18:06:43.962+0200: 59.766: [GC (Allocation Failure) 2020-09-29T18:06:43.962+0200: 59.766: [ParNew: 595306K->42933K(613440K), 0.0164385 secs] 618670K->66297K(2029056K), 0.0165019 secs] [Times: user=0.13 sys=0.00, real=0.02 secs] 
2020-09-29T18:06:44.028+0200: 59.831: [GC (Allocation Failure) 2020-09-29T18:06:44.028+0200: 59.831: [ParNew: 588277K->61055K(613440K), 0.0190593 secs] 611641K->84419K(2029056K), 0.0191148 secs] [Times: user=0.13 sys=0.00, real=0.02 secs] 
2020-09-29T18:06:44.094+0200: 59.898: [GC (Allocation Failure) 2020-09-29T18:06:44.094+0200: 59.898: [ParNew: 606399K->38732K(613440K), 0.0124380 secs] 629763K->62096K(2029056K), 0.0124939 secs] [Times: user=0.13 sys=0.00, real=0.01 secs] 
2020-09-29T18:06:44.157+0200: 59.960: [GC (Allocation Failure) 2020-09-29T18:06:44.157+0200: 59.960: [ParNew: 584076K->36115K(613440K), 0.0118217 secs] 607440K->59479K(2029056K), 0.0118921 secs] [Times: user=0.13 sys=0.00, real=0.01 secs] 
2020-09-29T18:06:44.225+0200: 60.029: [GC (Allocation Failure) 2020-09-29T18:06:44.225+0200: 60.029: [ParNew: 581459K->35440K(613440K), 0.0175003 secs] 604823K->58804K(2029056K), 0.0175756 secs] [Times: user=0.13 sys=0.00, real=0.02 secs] 
2020-09-29T18:06:44.293+0200: 60.097: [GC (Allocation Failure) 2020-09-29T18:06:44.293+0200: 60.097: [ParNew: 580784K->53530K(613440K), 0.0212672 secs] 604148K->76894K(2029056K), 0.0213210 secs] [Times: user=0.13 sys=0.00, real=0.02 secs] 
2020-09-29T18:06:44.363+0200: 60.167: [GC (Allocation Failure) 2020-09-29T18:06:44.363+0200: 60.167: [ParNew: 598874K->47972K(613440K), 0.0146823 secs] 622238K->71336K(2029056K), 0.0147397 secs] [Times: user=0.13 sys=0.00, real=0.02 secs] 
2020-09-29T18:06:44.429+0200: 60.233: [GC (Allocation Failure) 2020-09-29T18:06:44.429+0200: 60.233: [ParNew: 593316K->43240K(613440K), 0.0149183 secs] 616680K->66604K(2029056K), 0.0149890 secs] [Times: user=0.13 sys=0.00, real=0.02 secs] 
2020-09-29T18:06:44.495+0200: 60.299: [GC (Allocation Failure) 2020-09-29T18:06:44.495+0200: 60.299: [ParNew: 588584K->47963K(613440K), 0.0187157 secs] 611948K->71327K(2029056K), 0.0187828 secs] [Times: user=0.13 sys=0.00, real=0.02 secs] 
2020-09-29T18:06:44.562+0200: 60.365: [GC (Allocation Failure) 2020-09-29T18:06:44.562+0200: 60.365: [ParNew: 593307K->56930K(613440K), 0.0252252 secs] 616671K->80294K(2029056K), 0.0253138 secs] [Times: user=0.22 sys=0.00, real=0.02 secs] 
2020-09-29T18:06:44.635+0200: 60.439: [GC (Allocation Failure) 2020-09-29T18:06:44.635+0200: 60.439: [ParNew: 602274K->53675K(613440K), 0.0180432 secs] 625638K->77039K(2029056K), 0.0181018 secs] [Times: user=0.11 sys=0.00, real=0.02 secs] 
2020-09-29T18:06:44.704+0200: 60.508: [GC (Allocation Failure) 2020-09-29T18:06:44.704+0200: 60.508: [ParNew: 599019K->43468K(613440K), 0.0166648 secs] 622383K->66832K(2029056K), 0.0167272 secs] [Times: user=0.13 sys=0.00, real=0.02 secs] 
2020-09-29T18:06:44.771+0200: 60.574: [GC (Allocation Failure) 2020-09-29T18:06:44.771+0200: 60.574: [ParNew: 588812K->41182K(613440K), 0.0162693 secs] 612176K->64546K(2029056K), 0.0163364 secs] [Times: user=0.13 sys=0.00, real=0.02 secs] 
2020-09-29T18:06:44.836+0200: 60.640: [GC (Allocation Failure) 2020-09-29T18:06:44.836+0200: 60.640: [ParNew: 586526K->38512K(613440K), 0.0162813 secs] 609890K->61876K(2029056K), 0.0163483 secs] [Times: user=0.13 sys=0.00, real=0.02 secs] 
2020-09-29T18:06:44.900+0200: 60.704: [GC (Allocation Failure) 2020-09-29T18:06:44.900+0200: 60.704: [ParNew: 583856K->36797K(613440K), 0.0153922 secs] 607220K->60161K(2029056K), 0.0154539 secs] [Times: user=0.13 sys=0.00, real=0.01 secs] 
2020-09-29T18:06:44.963+0200: 60.767: [GC (Allocation Failure) 2020-09-29T18:06:44.963+0200: 60.767: [ParNew: 582141K->54697K(613440K), 0.0194968 secs] 605505K->78061K(2029056K), 0.0195549 secs] [Times: user=0.13 sys=0.00, real=0.02 secs] 
2020-09-29T18:06:45.030+0200: 60.834: [GC (Allocation Failure) 2020-09-29T18:06:45.030+0200: 60.834: [ParNew: 600041K->42702K(613440K), 0.0139569 secs] 623405K->66066K(2029056K), 0.0140451 secs] [Times: user=0.13 sys=0.00, real=0.01 secs] 
2020-09-29T18:06:45.101+0200: 60.905: [GC (Allocation Failure) 2020-09-29T18:06:45.101+0200: 60.905: [ParNew: 588046K->40863K(613440K), 0.0178765 secs] 611410K->64227K(2029056K), 0.0179301 secs] [Times: user=0.13 sys=0.00, real=0.02 secs] 
2020-09-29T18:06:45.166+0200: 60.970: [GC (Allocation Failure) 2020-09-29T18:06:45.166+0200: 60.970: [ParNew: 586207K->53794K(613440K), 0.0172181 secs] 609571K->77158K(2029056K), 0.0172853 secs] [Times: user=0.13 sys=0.00, real=0.02 secs] 
2020-09-29T18:06:45.235+0200: 61.039: [GC (Allocation Failure) 2020-09-29T18:06:45.235+0200: 61.039: [ParNew: 599138K->43174K(613440K), 0.0155146 secs] 622502K->66538K(2029056K), 0.0155708 secs] [Times: user=0.13 sys=0.00, real=0.02 secs] 
2020-09-29T18:06:45.301+0200: 61.105: [GC (Allocation Failure) 2020-09-29T18:06:45.301+0200: 61.105: [ParNew: 588518K->35290K(613440K), 0.0154613 secs] 611882K->58654K(2029056K), 0.0155186 secs] [Times: user=0.13 sys=0.00, real=0.02 secs] 
2020-09-29T18:06:45.368+0200: 61.172: [GC (Allocation Failure) 2020-09-29T18:06:45.368+0200: 61.172: [ParNew: 580634K->54971K(613440K), 0.0203734 secs] 603998K->78335K(2029056K), 0.0204380 secs] [Times: user=0.13 sys=0.00, real=0.02 secs] 
2020-09-29T18:06:45.435+0200: 61.239: [GC (Allocation Failure) 2020-09-29T18:06:45.435+0200: 61.239: [ParNew: 600315K->47333K(613440K), 0.0191141 secs] 623679K->70697K(2029056K), 0.0191924 secs] [Times: user=0.13 sys=0.00, real=0.02 secs] 
2020-09-29T18:06:45.505+0200: 61.309: [GC (Allocation Failure) 2020-09-29T18:06:45.505+0200: 61.309: [ParNew: 592677K->35399K(613440K), 0.0121141 secs] 616041K->58763K(2029056K), 0.0121847 secs] [Times: user=0.00 sys=0.00, real=0.01 secs] 
2020-09-29T18:06:45.564+0200: 61.368: [GC (Allocation Failure) 2020-09-29T18:06:45.564+0200: 61.368: [ParNew: 580743K->56035K(613440K), 0.0211167 secs] 604107K->79399K(2029056K), 0.0212050 secs] [Times: user=0.25 sys=0.00, real=0.02 secs] 
2020-09-29T18:06:45.638+0200: 61.442: [GC (Allocation Failure) 2020-09-29T18:06:45.638+0200: 61.442: [ParNew: 601379K->39286K(613440K), 0.0175330 secs] 624743K->62650K(2029056K), 0.0175901 secs] [Times: user=0.11 sys=0.00, real=0.02 secs] 
2020-09-29T18:06:45.708+0200: 61.512: [GC (Allocation Failure) 2020-09-29T18:06:45.708+0200: 61.512: [ParNew: 584630K->32611K(613440K), 0.0154487 secs] 607994K->55975K(2029056K), 0.0155078 secs] [Times: user=0.13 sys=0.00, real=0.02 secs] 
2020-09-29T18:06:45.770+0200: 61.574: [GC (Allocation Failure) 2020-09-29T18:06:45.770+0200: 61.574: [ParNew: 577955K->32962K(613440K), 0.0136047 secs] 601319K->56326K(2029056K), 0.0136661 secs] [Times: user=0.00 sys=0.00, real=0.01 secs] 
2020-09-29T18:06:45.834+0200: 61.638: [GC (Allocation Failure) 2020-09-29T18:06:45.834+0200: 61.638: [ParNew: 578306K->63350K(613440K), 0.0228633 secs] 601670K->86714K(2029056K), 0.0229263 secs] [Times: user=0.13 sys=0.00, real=0.02 secs] 
2020-09-29T18:06:45.905+0200: 61.709: [GC (Allocation Failure) 2020-09-29T18:06:45.905+0200: 61.709: [ParNew: 608694K->52224K(613440K), 0.0169334 secs] 632058K->75588K(2029056K), 0.0169993 secs] [Times: user=0.13 sys=0.00, real=0.02 secs] 
2020-09-29T18:06:45.969+0200: 61.773: [GC (Allocation Failure) 2020-09-29T18:06:45.969+0200: 61.773: [ParNew: 597568K->40066K(613440K), 0.0162110 secs] 620932K->63430K(2029056K), 0.0162865 secs] [Times: user=0.13 sys=0.00, real=0.02 secs] 
2020-09-29T18:06:46.033+0200: 61.837: [GC (Allocation Failure) 2020-09-29T18:06:46.033+0200: 61.837: [ParNew: 585410K->63409K(613440K), 0.0212168 secs] 608774K->86773K(2029056K), 0.0212744 secs] [Times: user=0.25 sys=0.00, real=0.02 secs] 
2020-09-29T18:06:46.101+0200: 61.905: [GC (Allocation Failure) 2020-09-29T18:06:46.101+0200: 61.905: [ParNew: 608753K->45981K(613440K), 0.0136868 secs] 632117K->69345K(2029056K), 0.0137414 secs] [Times: user=0.13 sys=0.00, real=0.01 secs] 
2020-09-29T18:06:46.166+0200: 61.970: [GC (Allocation Failure) 2020-09-29T18:06:46.166+0200: 61.970: [ParNew: 591325K->59220K(613440K), 0.0242732 secs] 614689K->82584K(2029056K), 0.0243683 secs] [Times: user=0.13 sys=0.00, real=0.02 secs] 
2020-09-29T18:06:46.240+0200: 62.044: [GC (Allocation Failure) 2020-09-29T18:06:46.240+0200: 62.044: [ParNew: 604564K->44711K(613440K), 0.0128807 secs] 627928K->68075K(2029056K), 0.0129388 secs] [Times: user=0.00 sys=0.00, real=0.01 secs] 
2020-09-29T18:06:46.307+0200: 62.111: [GC (Allocation Failure) 2020-09-29T18:06:46.307+0200: 62.111: [ParNew: 590055K->24859K(613440K), 0.0167169 secs] 613419K->48223K(2029056K), 0.0167829 secs] [Times: user=0.13 sys=0.00, real=0.02 secs] 
2020-09-29T18:06:46.382+0200: 62.186: [GC (Allocation Failure) 2020-09-29T18:06:46.382+0200: 62.186: [ParNew: 570203K->40612K(613440K), 0.0214359 secs] 593567K->63976K(2029056K), 0.0215016 secs] [Times: user=0.13 sys=0.00, real=0.02 secs] 
2020-09-29T18:06:46.452+0200: 62.256: [GC (Allocation Failure) 2020-09-29T18:06:46.452+0200: 62.256: [ParNew: 585956K->59175K(613440K), 0.0267824 secs] 609320K->82539K(2029056K), 0.0268559 secs] [Times: user=0.25 sys=0.00, real=0.03 secs] 
2020-09-29T18:06:46.527+0200: 62.331: [GC (Allocation Failure) 2020-09-29T18:06:46.527+0200: 62.331: [ParNew: 604519K->43191K(613440K), 0.0192624 secs] 627883K->66555K(2029056K), 0.0193228 secs] [Times: user=0.13 sys=0.00, real=0.02 secs] 
2020-09-29T18:06:46.608+0200: 62.412: [GC (Allocation Failure) 2020-09-29T18:06:46.608+0200: 62.412: [ParNew: 588535K->44800K(613440K), 0.0236589 secs] 611899K->68164K(2029056K), 0.0237328 secs] [Times: user=0.25 sys=0.00, real=0.02 secs] 
2020-09-29T18:06:46.682+0200: 62.486: [GC (Allocation Failure) 2020-09-29T18:06:46.682+0200: 62.486: [ParNew: 588791K->36763K(613440K), 0.0230146 secs] 612155K->60127K(2029056K), 0.0230786 secs] [Times: user=0.13 sys=0.00, real=0.02 secs] 
2020-09-29T18:06:46.752+0200: 62.556: [GC (Allocation Failure) 2020-09-29T18:06:46.752+0200: 62.556: [ParNew: 582107K->60242K(613440K), 0.0264950 secs] 605471K->83606K(2029056K), 0.0265776 secs] [Times: user=0.25 sys=0.00, real=0.03 secs] 
2020-09-29T18:06:46.829+0200: 62.633: [GC (Allocation Failure) 2020-09-29T18:06:46.829+0200: 62.633: [ParNew: 605586K->44034K(613440K), 0.0263176 secs] 628950K->67398K(2029056K), 0.0263882 secs] [Times: user=0.25 sys=0.00, real=0.03 secs] 
2020-09-29T18:06:46.903+0200: 62.707: [GC (Allocation Failure) 2020-09-29T18:06:46.903+0200: 62.707: [ParNew: 589378K->42417K(613440K), 0.0251099 secs] 612742K->65781K(2029056K), 0.0251895 secs] [Times: user=0.25 sys=0.00, real=0.02 secs] 
2020-09-29T18:06:46.980+0200: 62.784: [GC (Allocation Failure) 2020-09-29T18:06:46.980+0200: 62.784: [ParNew: 587761K->40658K(613440K), 0.0243260 secs] 611125K->64022K(2029056K), 0.0244166 secs] [Times: user=0.25 sys=0.00, real=0.02 secs] 
2020-09-29T18:06:47.053+0200: 62.857: [GC (Allocation Failure) 2020-09-29T18:06:47.053+0200: 62.857: [ParNew: 586002K->36885K(613440K), 0.0149867 secs] 609366K->60249K(2029056K), 0.0150517 secs] [Times: user=0.13 sys=0.00, real=0.02 secs] 
2020-09-29T18:06:47.132+0200: 62.936: [GC (Allocation Failure) 2020-09-29T18:06:47.132+0200: 62.936: [ParNew: 582229K->21903K(613440K), 0.0143275 secs] 605593K->45266K(2029056K), 0.0143949 secs] [Times: user=0.13 sys=0.00, real=0.02 secs] 
2020-09-29T18:06:47.205+0200: 63.009: [GC (Allocation Failure) 2020-09-29T18:06:47.205+0200: 63.009: [ParNew: 567247K->39892K(613440K), 0.0232408 secs] 590610K->63256K(2029056K), 0.0233186 secs] [Times: user=0.23 sys=0.00, real=0.02 secs] 
2020-09-29T18:06:47.282+0200: 63.086: [GC (Allocation Failure) 2020-09-29T18:06:47.282+0200: 63.086: [ParNew: 585236K->52119K(613440K), 0.0262343 secs] 608600K->75483K(2029056K), 0.0263209 secs] [Times: user=0.25 sys=0.00, real=0.03 secs] 
2020-09-29T18:06:47.357+0200: 63.161: [GC (Allocation Failure) 2020-09-29T18:06:47.357+0200: 63.161: [ParNew: 597463K->59567K(613440K), 0.0248410 secs] 620827K->82931K(2029056K), 0.0249205 secs] [Times: user=0.25 sys=0.00, real=0.02 secs] 
2020-09-29T18:06:47.436+0200: 63.240: [GC (Allocation Failure) 2020-09-29T18:06:47.436+0200: 63.240: [ParNew: 604911K->43473K(613440K), 0.0246529 secs] 628275K->66836K(2029056K), 0.0247467 secs] [Times: user=0.25 sys=0.00, real=0.02 secs] 
2020-09-29T18:06:47.512+0200: 63.316: [GC (Allocation Failure) 2020-09-29T18:06:47.512+0200: 63.316: [ParNew: 588817K->49638K(613440K), 0.0226098 secs] 612180K->73002K(2029056K), 0.0227116 secs] [Times: user=0.13 sys=0.00, real=0.02 secs] 
2020-09-29T18:06:47.587+0200: 63.391: [GC (Allocation Failure) 2020-09-29T18:06:47.587+0200: 63.391: [ParNew: 594982K->68096K(613440K), 0.0280272 secs] 618346K->91459K(2029056K), 0.0281078 secs] [Times: user=0.25 sys=0.00, real=0.03 secs] 
2020-09-29T18:06:47.668+0200: 63.472: [GC (Allocation Failure) 2020-09-29T18:06:47.668+0200: 63.472: [ParNew: 613440K->47464K(613440K), 0.0195358 secs] 636803K->70828K(2029056K), 0.0196046 secs] [Times: user=0.13 sys=0.00, real=0.02 secs] 
2020-09-29T18:06:47.737+0200: 63.541: [GC (Allocation Failure) 2020-09-29T18:06:47.738+0200: 63.542: [ParNew: 592808K->40002K(613440K), 0.0195710 secs] 616172K->63366K(2029056K), 0.0196419 secs] [Times: user=0.25 sys=0.00, real=0.02 secs] 
2020-09-29T18:06:47.809+0200: 63.613: [GC (Allocation Failure) 2020-09-29T18:06:47.810+0200: 63.614: [ParNew: 585346K->33629K(613440K), 0.0185707 secs] 608710K->56993K(2029056K), 0.0186426 secs] [Times: user=0.13 sys=0.00, real=0.02 secs] 
2020-09-29T18:06:47.877+0200: 63.681: [GC (Allocation Failure) 2020-09-29T18:06:47.877+0200: 63.681: [ParNew: 578973K->29102K(613440K), 0.0156528 secs] 602337K->52466K(2029056K), 0.0157197 secs] [Times: user=0.13 sys=0.00, real=0.02 secs] 
2020-09-29T18:06:47.943+0200: 63.747: [GC (Allocation Failure) 2020-09-29T18:06:47.943+0200: 63.747: [ParNew: 574446K->55896K(613440K), 0.0272445 secs] 597810K->79259K(2029056K), 0.0273150 secs] [Times: user=0.13 sys=0.00, real=0.03 secs] 
2020-09-29T18:06:48.021+0200: 63.825: [GC (Allocation Failure) 2020-09-29T18:06:48.021+0200: 63.825: [ParNew: 601240K->68096K(613440K), 0.0265473 secs] 624603K->91459K(2029056K), 0.0266157 secs] [Times: user=0.13 sys=0.00, real=0.03 secs] 
2020-09-29T18:06:48.095+0200: 63.899: [GC (Allocation Failure) 2020-09-29T18:06:48.095+0200: 63.899: [ParNew: 613440K->39602K(613440K), 0.0113817 secs] 636803K->62966K(2029056K), 0.0114469 secs] [Times: user=0.13 sys=0.00, real=0.01 secs] 
2020-09-29T18:06:48.159+0200: 63.963: [GC (Allocation Failure) 2020-09-29T18:06:48.159+0200: 63.963: [ParNew: 584946K->30837K(613440K), 0.0184381 secs] 608310K->54201K(2029056K), 0.0185100 secs] [Times: user=0.25 sys=0.00, real=0.02 secs] 
2020-09-29T18:06:48.241+0200: 64.045: [GC (Allocation Failure) 2020-09-29T18:06:48.241+0200: 64.045: [ParNew: 576181K->42920K(613440K), 0.0236387 secs] 599545K->66284K(2029056K), 0.0237027 secs] [Times: user=0.13 sys=0.00, real=0.02 secs] 
2020-09-29T18:06:48.312+0200: 64.116: [GC (Allocation Failure) 2020-09-29T18:06:48.312+0200: 64.116: [ParNew: 588264K->36519K(613440K), 0.0208237 secs] 611628K->59882K(2029056K), 0.0208923 secs] [Times: user=0.25 sys=0.00, real=0.02 secs] 
2020-09-29T18:06:48.387+0200: 64.191: [GC (Allocation Failure) 2020-09-29T18:06:48.387+0200: 64.191: [ParNew: 581863K->33982K(613440K), 0.0210370 secs] 605226K->57346K(2029056K), 0.0211088 secs] [Times: user=0.13 sys=0.00, real=0.02 secs] 
2020-09-29T18:06:48.459+0200: 64.263: [GC (Allocation Failure) 2020-09-29T18:06:48.459+0200: 64.263: [ParNew: 579326K->33018K(613440K), 0.0195095 secs] 602690K->56382K(2029056K), 0.0195764 secs] [Times: user=0.13 sys=0.00, real=0.02 secs] 
2020-09-29T18:06:48.533+0200: 64.337: [GC (Allocation Failure) 2020-09-29T18:06:48.533+0200: 64.337: [ParNew: 578362K->68096K(613440K), 0.0317891 secs] 601726K->91466K(2029056K), 0.0318790 secs] [Times: user=0.25 sys=0.00, real=0.03 secs] 
2020-09-29T18:06:48.616+0200: 64.420: [GC (Allocation Failure) 2020-09-29T18:06:48.616+0200: 64.420: [ParNew: 613440K->50441K(613440K), 0.0264049 secs] 636810K->73812K(2029056K), 0.0264774 secs] [Times: user=0.11 sys=0.00, real=0.03 secs] 
2020-09-29T18:06:48.696+0200: 64.500: [GC (Allocation Failure) 2020-09-29T18:06:48.696+0200: 64.500: [ParNew: 595785K->51742K(613440K), 0.0226732 secs] 619156K->75112K(2029056K), 0.0227455 secs] [Times: user=0.13 sys=0.00, real=0.02 secs] 
2020-09-29T18:06:48.771+0200: 64.575: [GC (Allocation Failure) 2020-09-29T18:06:48.771+0200: 64.575: [ParNew: 597086K->68096K(613440K), 0.0291207 secs] 620456K->91874K(2029056K), 0.0291856 secs] [Times: user=0.13 sys=0.00, real=0.03 secs] 
2020-09-29T18:06:48.849+0200: 64.653: [GC (Allocation Failure) 2020-09-29T18:06:48.849+0200: 64.654: [ParNew: 613440K->46839K(613440K), 0.0217041 secs] 637218K->70617K(2029056K), 0.0217691 secs] [Times: user=0.13 sys=0.00, real=0.02 secs] 
2020-09-29T18:06:48.921+0200: 64.725: [GC (Allocation Failure) 2020-09-29T18:06:48.921+0200: 64.725: [ParNew: 592183K->68096K(613440K), 0.0279517 secs] 615961K->91874K(2029056K), 0.0280244 secs] [Times: user=0.25 sys=0.00, real=0.03 secs] 
2020-09-29T18:06:48.996+0200: 64.801: [GC (Allocation Failure) 2020-09-29T18:06:48.997+0200: 64.801: [ParNew: 613440K->45819K(613440K), 0.0198390 secs] 637218K->69597K(2029056K), 0.0199136 secs] [Times: user=0.13 sys=0.00, real=0.02 secs] 
2020-09-29T18:06:49.070+0200: 64.874: [GC (Allocation Failure) 2020-09-29T18:06:49.070+0200: 64.874: [ParNew: 591163K->45568K(613440K), 0.0257911 secs] 614941K->69347K(2029056K), 0.0258571 secs] [Times: user=0.13 sys=0.00, real=0.03 secs] 
2020-09-29T18:06:49.147+0200: 64.951: [GC (Allocation Failure) 2020-09-29T18:06:49.147+0200: 64.951: [ParNew: 590912K->40816K(613440K), 0.0170330 secs] 614691K->64595K(2029056K), 0.0170973 secs] [Times: user=0.13 sys=0.00, real=0.02 secs] 
2020-09-29T18:06:49.223+0200: 65.027: [GC (Allocation Failure) 2020-09-29T18:06:49.223+0200: 65.027: [ParNew: 586160K->49524K(613440K), 0.0244388 secs] 609939K->73302K(2029056K), 0.0245226 secs] [Times: user=0.13 sys=0.00, real=0.02 secs] 
2020-09-29T18:06:49.298+0200: 65.102: [GC (Allocation Failure) 2020-09-29T18:06:49.298+0200: 65.102: [ParNew: 594868K->33248K(613440K), 0.0162486 secs] 618646K->57027K(2029056K), 0.0163144 secs] [Times: user=0.11 sys=0.00, real=0.02 secs] 
2020-09-29T18:06:49.367+0200: 65.171: [GC (Allocation Failure) 2020-09-29T18:06:49.367+0200: 65.171: [ParNew: 578592K->48518K(613440K), 0.0269501 secs] 602371K->72296K(2029056K), 0.0270297 secs] [Times: user=0.13 sys=0.00, real=0.03 secs] 
2020-09-29T18:06:49.445+0200: 65.249: [GC (Allocation Failure) 2020-09-29T18:06:49.445+0200: 65.249: [ParNew: 593862K->63949K(613440K), 0.0257413 secs] 617640K->87728K(2029056K), 0.0258101 secs] [Times: user=0.13 sys=0.00, real=0.03 secs] 
2020-09-29T18:06:49.518+0200: 65.323: [GC (Allocation Failure) 2020-09-29T18:06:49.519+0200: 65.323: [ParNew: 609293K->42887K(613440K), 0.0163765 secs] 633072K->66666K(2029056K), 0.0164516 secs] [Times: user=0.25 sys=0.00, real=0.02 secs] 
2020-09-29T18:06:49.593+0200: 65.397: [GC (Allocation Failure) 2020-09-29T18:06:49.593+0200: 65.397: [ParNew: 588231K->55921K(613440K), 0.0308339 secs] 612010K->79700K(2029056K), 0.0309182 secs] [Times: user=0.23 sys=0.00, real=0.03 secs] 
2020-09-29T18:06:49.673+0200: 65.477: [GC (Allocation Failure) 2020-09-29T18:06:49.673+0200: 65.477: [ParNew: 601265K->49554K(613440K), 0.0223217 secs] 625044K->73332K(2029056K), 0.0223968 secs] [Times: user=0.22 sys=0.02, real=0.02 secs] 
2020-09-29T18:06:49.749+0200: 65.553: [GC (Allocation Failure) 2020-09-29T18:06:49.749+0200: 65.553: [ParNew: 594898K->45073K(613440K), 0.0217671 secs] 618676K->68851K(2029056K), 0.0218362 secs] [Times: user=0.25 sys=0.00, real=0.02 secs] 
2020-09-29T18:06:49.826+0200: 65.630: [GC (Allocation Failure) 2020-09-29T18:06:49.826+0200: 65.630: [ParNew: 590417K->36891K(613440K), 0.0158674 secs] 614195K->60670K(2029056K), 0.0159338 secs] [Times: user=0.09 sys=0.00, real=0.02 secs] 
2020-09-29T18:06:49.892+0200: 65.695: [GC (Allocation Failure) 2020-09-29T18:06:49.892+0200: 65.695: [ParNew: 582235K->35795K(613440K), 0.0192122 secs] 606014K->59574K(2029056K), 0.0192795 secs] [Times: user=0.25 sys=0.00, real=0.02 secs] 
2020-09-29T18:06:49.965+0200: 65.769: [GC (Allocation Failure) 2020-09-29T18:06:49.965+0200: 65.769: [ParNew: 581139K->49341K(613440K), 0.0254800 secs] 604918K->73119K(2029056K), 0.0255469 secs] [Times: user=0.25 sys=0.00, real=0.03 secs] 
2020-09-29T18:06:50.038+0200: 65.841: [GC (Allocation Failure) 2020-09-29T18:06:50.038+0200: 65.841: [ParNew: 594685K->46990K(613440K), 0.0249722 secs] 618463K->70769K(2029056K), 0.0250375 secs] [Times: user=0.13 sys=0.00, real=0.02 secs] 
2020-09-29T18:06:50.112+0200: 65.916: [GC (Allocation Failure) 2020-09-29T18:06:50.112+0200: 65.916: [ParNew: 592334K->45400K(613440K), 0.0249830 secs] 616113K->69178K(2029056K), 0.0250480 secs] [Times: user=0.25 sys=0.00, real=0.03 secs] 
2020-09-29T18:06:50.189+0200: 65.992: [GC (Allocation Failure) 2020-09-29T18:06:50.189+0200: 65.993: [ParNew: 590744K->68096K(613440K), 0.0325194 secs] 614522K->91874K(2029056K), 0.0326051 secs] [Times: user=0.22 sys=0.00, real=0.03 secs] 
2020-09-29T18:06:50.272+0200: 66.075: [GC (Allocation Failure) 2020-09-29T18:06:50.272+0200: 66.075: [ParNew: 613440K->53983K(613440K), 0.0224810 secs] 637218K->77762K(2029056K), 0.0225482 secs] [Times: user=0.13 sys=0.00, real=0.02 secs] 
2020-09-29T18:06:50.341+0200: 66.144: [GC (Allocation Failure) 2020-09-29T18:06:50.341+0200: 66.144: [ParNew: 599327K->45389K(613440K), 0.0212939 secs] 623106K->69168K(2029056K), 0.0213585 secs] [Times: user=0.13 sys=0.00, real=0.02 secs] 
2020-09-29T18:06:50.415+0200: 66.218: [GC (Allocation Failure) 2020-09-29T18:06:50.415+0200: 66.218: [ParNew: 590733K->62741K(613440K), 0.0277903 secs] 614512K->86519K(2029056K), 0.0278654 secs] [Times: user=0.14 sys=0.00, real=0.03 secs] 
2020-09-29T18:06:50.490+0200: 66.293: [GC (Allocation Failure) 2020-09-29T18:06:50.490+0200: 66.293: [ParNew: 608085K->39704K(613440K), 0.0197672 secs] 631863K->63482K(2029056K), 0.0198314 secs] [Times: user=0.13 sys=0.00, real=0.02 secs] 
2020-09-29T18:06:50.557+0200: 66.360: [GC (Allocation Failure) 2020-09-29T18:06:50.557+0200: 66.360: [ParNew: 585048K->64249K(613440K), 0.0253513 secs] 608826K->88027K(2029056K), 0.0254767 secs] [Times: user=0.14 sys=0.00, real=0.03 secs] 
2020-09-29T18:06:50.640+0200: 66.443: [GC (Allocation Failure) 2020-09-29T18:06:50.640+0200: 66.443: [ParNew: 609593K->67747K(613440K), 0.0312308 secs] 633371K->91526K(2029056K), 0.0312951 secs] [Times: user=0.25 sys=0.00, real=0.03 secs] 
2020-09-29T18:06:50.723+0200: 66.527: [GC (Allocation Failure) 2020-09-29T18:06:50.723+0200: 66.527: [ParNew: 613091K->49381K(613440K), 0.0248091 secs] 636870K->73160K(2029056K), 0.0248914 secs] [Times: user=0.13 sys=0.00, real=0.02 secs] 
2020-09-29T18:06:50.798+0200: 66.601: [GC (Allocation Failure) 2020-09-29T18:06:50.798+0200: 66.601: [ParNew: 594725K->44864K(613440K), 0.0219113 secs] 618504K->68642K(2029056K), 0.0219751 secs] [Times: user=0.25 sys=0.00, real=0.02 secs] 
2020-09-29T18:06:50.872+0200: 66.675: [GC (Allocation Failure) 2020-09-29T18:06:50.872+0200: 66.675: [ParNew: 590208K->41468K(613440K), 0.0216032 secs] 613986K->65246K(2029056K), 0.0216705 secs] [Times: user=0.13 sys=0.00, real=0.02 secs] 
2020-09-29T18:06:50.945+0200: 66.748: [GC (Allocation Failure) 2020-09-29T18:06:50.945+0200: 66.748: [ParNew: 586812K->64307K(613440K), 0.0270798 secs] 610590K->88086K(2029056K), 0.0271567 secs] [Times: user=0.13 sys=0.00, real=0.03 secs] 
2020-09-29T18:06:51.026+0200: 66.830: [GC (Allocation Failure) 2020-09-29T18:06:51.026+0200: 66.830: [ParNew: 609651K->49020K(613440K), 0.0261167 secs] 633430K->72799K(2029056K), 0.0261956 secs] [Times: user=0.25 sys=0.00, real=0.03 secs] 
2020-09-29T18:06:51.106+0200: 66.909: [GC (Allocation Failure) 2020-09-29T18:06:51.106+0200: 66.909: [ParNew: 594364K->37796K(613440K), 0.0183857 secs] 618143K->61575K(2029056K), 0.0184782 secs] [Times: user=0.13 sys=0.00, real=0.02 secs] 
2020-09-29T18:06:51.180+0200: 66.983: [GC (Allocation Failure) 2020-09-29T18:06:51.180+0200: 66.983: [ParNew: 583140K->30964K(613440K), 0.0185023 secs] 606919K->54743K(2029056K), 0.0185804 secs] [Times: user=0.08 sys=0.00, real=0.02 secs] 
2020-09-29T18:06:51.255+0200: 67.058: [GC (Allocation Failure) 2020-09-29T18:06:51.255+0200: 67.058: [ParNew: 576308K->47265K(613440K), 0.0219679 secs] 600087K->71043K(2029056K), 0.0220575 secs] [Times: user=0.13 sys=0.00, real=0.02 secs] 
2020-09-29T18:06:51.333+0200: 67.136: [GC (Allocation Failure) 2020-09-29T18:06:51.333+0200: 67.136: [ParNew: 592609K->36717K(613440K), 0.0223629 secs] 616387K->60496K(2029056K), 0.0224414 secs] [Times: user=0.13 sys=0.00, real=0.02 secs] 
2020-09-29T18:06:51.410+0200: 67.214: [GC (Allocation Failure) 2020-09-29T18:06:51.410+0200: 67.214: [ParNew: 582061K->37424K(613440K), 0.0230227 secs] 605840K->61203K(2029056K), 0.0230994 secs] [Times: user=0.13 sys=0.02, real=0.02 secs] 
2020-09-29T18:06:51.488+0200: 67.291: [GC (Allocation Failure) 2020-09-29T18:06:51.488+0200: 67.291: [ParNew: 582768K->37347K(613440K), 0.0219418 secs] 606547K->61126K(2029056K), 0.0220195 secs] [Times: user=0.25 sys=0.00, real=0.02 secs] 
2020-09-29T18:06:51.559+0200: 67.363: [GC (Allocation Failure) 2020-09-29T18:06:51.559+0200: 67.363: [ParNew: 582691K->58251K(613440K), 0.0281353 secs] 606470K->82029K(2029056K), 0.0282451 secs] [Times: user=0.25 sys=0.00, real=0.03 secs] 
2020-09-29T18:06:51.641+0200: 67.444: [GC (Allocation Failure) 2020-09-29T18:06:51.641+0200: 67.444: [ParNew: 603595K->59260K(613440K), 0.0313218 secs] 627373K->83038K(2029056K), 0.0313928 secs] [Times: user=0.22 sys=0.00, real=0.03 secs] 
2020-09-29T18:06:51.720+0200: 67.523: [GC (Allocation Failure) 2020-09-29T18:06:51.720+0200: 67.523: [ParNew: 604604K->47283K(613440K), 0.0274599 secs] 628382K->71061K(2029056K), 0.0275438 secs] [Times: user=0.25 sys=0.00, real=0.03 secs] 
2020-09-29T18:06:51.798+0200: 67.602: [GC (Allocation Failure) 2020-09-29T18:06:51.798+0200: 67.602: [ParNew: 592627K->47120K(613440K), 0.0258296 secs] 616405K->70899K(2029056K), 0.0259000 secs] [Times: user=0.25 sys=0.00, real=0.03 secs] 
2020-09-29T18:06:51.882+0200: 67.685: [GC (Allocation Failure) 2020-09-29T18:06:51.882+0200: 67.685: [ParNew: 592464K->44908K(613440K), 0.0256622 secs] 616243K->68686K(2029056K), 0.0257426 secs] [Times: user=0.13 sys=0.00, real=0.03 secs] 
2020-09-29T18:06:51.957+0200: 67.761: [GC (Allocation Failure) 2020-09-29T18:06:51.961+0200: 67.764: [ParNew: 590252K->42569K(613440K), 0.0250194 secs] 614030K->66348K(2029056K), 0.0283453 secs] [Times: user=0.13 sys=0.00, real=0.03 secs] 
2020-09-29T18:06:52.041+0200: 67.844: [GC (Allocation Failure) 2020-09-29T18:06:52.041+0200: 67.844: [ParNew: 587913K->41327K(613440K), 0.0221741 secs] 611692K->65105K(2029056K), 0.0222425 secs] [Times: user=0.13 sys=0.00, real=0.02 secs] 
2020-09-29T18:06:52.121+0200: 67.925: [GC (Allocation Failure) 2020-09-29T18:06:52.121+0200: 67.925: [ParNew: 586671K->38938K(613440K), 0.0215249 secs] 610449K->62717K(2029056K), 0.0215923 secs] [Times: user=0.13 sys=0.00, real=0.02 secs] 
2020-09-29T18:06:52.198+0200: 68.002: [GC (Allocation Failure) 2020-09-29T18:06:52.198+0200: 68.002: [ParNew: 584282K->41827K(613440K), 0.0235432 secs] 608061K->65605K(2029056K), 0.0236253 secs] [Times: user=0.09 sys=0.00, real=0.02 secs] 
2020-09-29T18:06:52.273+0200: 68.076: [GC (Allocation Failure) 2020-09-29T18:06:52.273+0200: 68.076: [ParNew: 587171K->54538K(613440K), 0.0269916 secs] 610949K->78316K(2029056K), 0.0270649 secs] [Times: user=0.13 sys=0.00, real=0.03 secs] 
2020-09-29T18:06:52.353+0200: 68.156: [GC (Allocation Failure) 2020-09-29T18:06:52.353+0200: 68.156: [ParNew: 599882K->39417K(613440K), 0.0188015 secs] 623660K->63196K(2029056K), 0.0188826 secs] [Times: user=0.13 sys=0.00, real=0.02 secs] 
2020-09-29T18:06:52.430+0200: 68.233: [GC (Allocation Failure) 2020-09-29T18:06:52.430+0200: 68.233: [ParNew: 584761K->55572K(613440K), 0.0311770 secs] 608540K->79350K(2029056K), 0.0312549 secs] [Times: user=0.25 sys=0.00, real=0.03 secs] 
2020-09-29T18:06:52.513+0200: 68.317: [GC (Allocation Failure) 2020-09-29T18:06:52.513+0200: 68.317: [ParNew: 600916K->43552K(613440K), 0.0244877 secs] 624694K->67330K(2029056K), 0.0245779 secs] [Times: user=0.25 sys=0.00, real=0.03 secs] 
2020-09-29T18:06:52.589+0200: 68.393: [GC (Allocation Failure) 2020-09-29T18:06:52.589+0200: 68.393: [ParNew: 588896K->41048K(613440K), 0.0247957 secs] 612674K->64827K(2029056K), 0.0248710 secs] [Times: user=0.22 sys=0.00, real=0.03 secs] 
2020-09-29T18:06:52.671+0200: 68.475: [GC (Allocation Failure) 2020-09-29T18:06:52.672+0200: 68.475: [ParNew: 586392K->36989K(613440K), 0.0214034 secs] 610171K->60767K(2029056K), 0.0214956 secs] [Times: user=0.25 sys=0.00, real=0.02 secs] 
2020-09-29T18:06:52.754+0200: 68.558: [GC (Allocation Failure) 2020-09-29T18:06:52.754+0200: 68.558: [ParNew: 582333K->58557K(613440K), 0.0282552 secs] 606111K->82336K(2029056K), 0.0283344 secs] [Times: user=0.14 sys=0.00, real=0.03 secs] 
2020-09-29T18:06:52.835+0200: 68.639: [GC (Allocation Failure) 2020-09-29T18:06:52.835+0200: 68.639: [ParNew: 603901K->42383K(613440K), 0.0202052 secs] 627680K->66162K(2029056K), 0.0202748 secs] [Times: user=0.13 sys=0.00, real=0.02 secs] 
2020-09-29T18:06:52.916+0200: 68.719: [GC (Allocation Failure) 2020-09-29T18:06:52.916+0200: 68.719: [ParNew: 587727K->24052K(613440K), 0.0173837 secs] 611506K->47831K(2029056K), 0.0174633 secs] [Times: user=0.13 sys=0.00, real=0.02 secs] 
2020-09-29T18:06:52.992+0200: 68.796: [GC (Allocation Failure) 2020-09-29T18:06:52.992+0200: 68.796: [ParNew: 569396K->25379K(613440K), 0.0143250 secs] 593175K->49158K(2029056K), 0.0143945 secs] [Times: user=0.13 sys=0.00, real=0.01 secs] 
2020-09-29T18:06:53.062+0200: 68.865: [GC (Allocation Failure) 2020-09-29T18:06:53.062+0200: 68.865: [ParNew: 570723K->20719K(613440K), 0.0151829 secs] 594502K->44497K(2029056K), 0.0152491 secs] [Times: user=0.13 sys=0.00, real=0.01 secs] 
2020-09-29T18:06:53.130+0200: 68.933: [GC (Allocation Failure) 2020-09-29T18:06:53.130+0200: 68.933: [ParNew: 566063K->47343K(613440K), 0.0288064 secs] 589841K->71121K(2029056K), 0.0288991 secs] [Times: user=0.13 sys=0.00, real=0.03 secs] 
2020-09-29T18:06:53.214+0200: 69.018: [GC (Allocation Failure) 2020-09-29T18:06:53.214+0200: 69.018: [ParNew: 592687K->59048K(613440K), 0.0290173 secs] 616465K->82827K(2029056K), 0.0290988 secs] [Times: user=0.25 sys=0.00, real=0.03 secs] 
2020-09-29T18:06:53.294+0200: 69.097: [GC (Allocation Failure) 2020-09-29T18:06:53.294+0200: 69.097: [ParNew: 604392K->46154K(613440K), 0.0266302 secs] 628171K->69933K(2029056K), 0.0267239 secs] [Times: user=0.25 sys=0.00, real=0.03 secs] 
2020-09-29T18:06:53.385+0200: 69.189: [GC (Allocation Failure) 2020-09-29T18:06:53.385+0200: 69.189: [ParNew: 591498K->38740K(613440K), 0.0192600 secs] 615277K->62518K(2029056K), 0.0193284 secs] [Times: user=0.13 sys=0.00, real=0.02 secs] 
2020-09-29T18:06:53.455+0200: 69.259: [GC (Allocation Failure) 2020-09-29T18:06:53.455+0200: 69.259: [ParNew: 584084K->20659K(613440K), 0.0160998 secs] 607862K->44438K(2029056K), 0.0161700 secs] [Times: user=0.13 sys=0.00, real=0.02 secs] 
2020-09-29T18:06:53.520+0200: 69.323: [GC (Allocation Failure) 2020-09-29T18:06:53.520+0200: 69.323: [ParNew: 566003K->51399K(613440K), 0.0297918 secs] 589782K->75177K(2029056K), 0.0298596 secs] [Times: user=0.13 sys=0.00, real=0.03 secs] 
2020-09-29T18:06:53.599+0200: 69.403: [GC (Allocation Failure) 2020-09-29T18:06:53.599+0200: 69.403: [ParNew: 596743K->41496K(613440K), 0.0216985 secs] 620521K->65274K(2029056K), 0.0217751 secs] [Times: user=0.13 sys=0.00, real=0.02 secs] 
2020-09-29T18:06:53.682+0200: 69.486: [GC (Allocation Failure) 2020-09-29T18:06:53.682+0200: 69.486: [ParNew: 586840K->60398K(613440K), 0.0274980 secs] 610618K->84176K(2029056K), 0.0275747 secs] [Times: user=0.25 sys=0.00, real=0.03 secs] 
2020-09-29T18:06:53.760+0200: 69.564: [GC (Allocation Failure) 2020-09-29T18:06:53.760+0200: 69.564: [ParNew: 605742K->39227K(613440K), 0.0165842 secs] 629520K->63005K(2029056K), 0.0166709 secs] [Times: user=0.13 sys=0.00, real=0.02 secs] 
2020-09-29T18:06:53.830+0200: 69.633: [GC (Allocation Failure) 2020-09-29T18:06:53.830+0200: 69.633: [ParNew: 584571K->22740K(613440K), 0.0168627 secs] 608349K->46518K(2029056K), 0.0169427 secs] [Times: user=0.11 sys=0.00, real=0.02 secs] 
2020-09-29T18:06:53.903+0200: 69.707: [GC (Allocation Failure) 2020-09-29T18:06:53.903+0200: 69.707: [ParNew: 568084K->35204K(613440K), 0.0232956 secs] 591862K->58983K(2029056K), 0.0233653 secs] [Times: user=0.13 sys=0.00, real=0.02 secs] 
2020-09-29T18:06:53.974+0200: 69.777: [GC (Allocation Failure) 2020-09-29T18:06:53.974+0200: 69.777: [ParNew: 580548K->52927K(613440K), 0.0277956 secs] 604327K->76706K(2029056K), 0.0278672 secs] [Times: user=0.13 sys=0.00, real=0.03 secs] 
2020-09-29T18:06:54.051+0200: 69.855: [GC (Allocation Failure) 2020-09-29T18:06:54.051+0200: 69.855: [ParNew: 598271K->66248K(613440K), 0.0288947 secs] 622050K->90027K(2029056K), 0.0289664 secs] [Times: user=0.23 sys=0.00, real=0.03 secs] 
2020-09-29T18:06:54.130+0200: 69.934: [GC (Allocation Failure) 2020-09-29T18:06:54.130+0200: 69.934: [ParNew: 611592K->53384K(613440K), 0.0271050 secs] 635371K->77163K(2029056K), 0.0271763 secs] [Times: user=0.13 sys=0.00, real=0.03 secs] 
2020-09-29T18:06:54.213+0200: 70.016: [GC (Allocation Failure) 2020-09-29T18:06:54.213+0200: 70.016: [ParNew: 598728K->39062K(613440K), 0.0199093 secs] 622507K->62841K(2029056K), 0.0199894 secs] [Times: user=0.11 sys=0.00, real=0.02 secs] 
2020-09-29T18:06:54.291+0200: 70.094: [GC (Allocation Failure) 2020-09-29T18:06:54.291+0200: 70.094: [ParNew: 584406K->21999K(613440K), 0.0149497 secs] 608185K->45777K(2029056K), 0.0150192 secs] [Times: user=0.13 sys=0.00, real=0.02 secs] 
2020-09-29T18:06:54.364+0200: 70.168: [GC (Allocation Failure) 2020-09-29T18:06:54.364+0200: 70.168: [ParNew: 567343K->35008K(613440K), 0.0222743 secs] 591121K->58786K(2029056K), 0.0223451 secs] [Times: user=0.13 sys=0.00, real=0.02 secs] 
2020-09-29T18:06:54.440+0200: 70.243: [GC (Allocation Failure) 2020-09-29T18:06:54.440+0200: 70.243: [ParNew: 580352K->48074K(613440K), 0.0290522 secs] 604130K->71852K(2029056K), 0.0291211 secs] [Times: user=0.25 sys=0.00, real=0.03 secs] 
2020-09-29T18:06:54.516+0200: 70.319: [GC (Allocation Failure) 2020-09-29T18:06:54.516+0200: 70.319: [ParNew: 593418K->50562K(613440K), 0.0268857 secs] 617196K->74341K(2029056K), 0.0269538 secs] [Times: user=0.25 sys=0.00, real=0.03 secs] 
2020-09-29T18:06:54.595+0200: 70.398: [GC (Allocation Failure) 2020-09-29T18:06:54.595+0200: 70.398: [ParNew: 595906K->44676K(613440K), 0.0195391 secs] 619685K->68455K(2029056K), 0.0196102 secs] [Times: user=0.23 sys=0.00, real=0.02 secs] 
2020-09-29T18:06:54.668+0200: 70.471: [GC (Allocation Failure) 2020-09-29T18:06:54.668+0200: 70.471: [ParNew: 590020K->27940K(613440K), 0.0185656 secs] 613799K->51719K(2029056K), 0.0259041 secs] [Times: user=0.13 sys=0.00, real=0.03 secs] 
2020-09-29T18:06:54.747+0200: 70.550: [GC (Allocation Failure) 2020-09-29T18:06:54.747+0200: 70.550: [ParNew: 573284K->42349K(613440K), 0.0231786 secs] 597063K->66127K(2029056K), 0.0232669 secs] [Times: user=0.13 sys=0.00, real=0.02 secs] 
2020-09-29T18:06:54.827+0200: 70.630: [GC (Allocation Failure) 2020-09-29T18:06:54.827+0200: 70.630: [ParNew: 587693K->34334K(613440K), 0.0216511 secs] 611471K->58112K(2029056K), 0.0217365 secs] [Times: user=0.13 sys=0.00, real=0.02 secs] 
2020-09-29T18:06:54.901+0200: 70.705: [GC (Allocation Failure) 2020-09-29T18:06:54.901+0200: 70.705: [ParNew: 579678K->57763K(613440K), 0.0284908 secs] 603456K->81542K(2029056K), 0.0285824 secs] [Times: user=0.25 sys=0.00, real=0.03 secs] 
2020-09-29T18:06:54.978+0200: 70.781: [GC (Allocation Failure) 2020-09-29T18:06:54.978+0200: 70.781: [ParNew: 603107K->68096K(613440K), 0.0335533 secs] 626886K->92365K(2029056K), 0.0336187 secs] [Times: user=0.25 sys=0.00, real=0.03 secs] 
2020-09-29T18:06:55.059+0200: 70.863: [GC (Allocation Failure) 2020-09-29T18:06:55.060+0200: 70.863: [ParNew: 613440K->46915K(613440K), 0.0166307 secs] 637709K->71185K(2029056K), 0.0167020 secs] [Times: user=0.13 sys=0.00, real=0.02 secs] 
2020-09-29T18:06:55.134+0200: 70.937: [GC (Allocation Failure) 2020-09-29T18:06:55.134+0200: 70.937: [ParNew: 592259K->24481K(613440K), 0.0158834 secs] 616529K->48751K(2029056K), 0.0159784 secs] [Times: user=0.11 sys=0.00, real=0.01 secs] 
2020-09-29T18:06:55.202+0200: 71.005: [GC (Allocation Failure) 2020-09-29T18:06:55.202+0200: 71.005: [ParNew: 569825K->40950K(613440K), 0.0230538 secs] 594095K->65220K(2029056K), 0.0231228 secs] [Times: user=0.22 sys=0.00, real=0.02 secs] 
2020-09-29T18:06:55.275+0200: 71.078: [GC (Allocation Failure) 2020-09-29T18:06:55.275+0200: 71.078: [ParNew: 586294K->48459K(613440K), 0.0228435 secs] 610564K->72729K(2029056K), 0.0229114 secs] [Times: user=0.13 sys=0.00, real=0.02 secs] 
2020-09-29T18:06:55.344+0200: 71.147: [GC (Allocation Failure) 2020-09-29T18:06:55.344+0200: 71.147: [ParNew: 593803K->38994K(613440K), 0.0196139 secs] 618073K->63263K(2029056K), 0.0196797 secs] [Times: user=0.14 sys=0.02, real=0.02 secs] 
2020-09-29T18:06:55.419+0200: 71.222: [GC (Allocation Failure) 2020-09-29T18:06:55.419+0200: 71.222: [ParNew: 584338K->36117K(613440K), 0.0184395 secs] 608607K->60387K(2029056K), 0.0185052 secs] [Times: user=0.13 sys=0.00, real=0.02 secs] 
2020-09-29T18:06:55.504+0200: 71.308: [GC (Allocation Failure) 2020-09-29T18:06:55.504+0200: 71.308: [ParNew: 581461K->44827K(613440K), 0.0250080 secs] 605731K->69097K(2029056K), 0.0250871 secs] [Times: user=0.25 sys=0.00, real=0.03 secs] 
2020-09-29T18:06:55.588+0200: 71.392: [GC (Allocation Failure) 2020-09-29T18:06:55.588+0200: 71.392: [ParNew: 590171K->49919K(613440K), 0.0262248 secs] 614441K->74189K(2029056K), 0.0263066 secs] [Times: user=0.22 sys=0.00, real=0.03 secs] 
2020-09-29T18:06:55.665+0200: 71.469: [GC (Allocation Failure) 2020-09-29T18:06:55.665+0200: 71.469: [ParNew: 595263K->63533K(613440K), 0.0308014 secs] 619533K->87803K(2029056K), 0.0308744 secs] [Times: user=0.23 sys=0.00, real=0.03 secs] 
2020-09-29T18:06:55.744+0200: 71.548: [GC (Allocation Failure) 2020-09-29T18:06:55.744+0200: 71.548: [ParNew: 608877K->40063K(613440K), 0.0136208 secs] 633147K->64333K(2029056K), 0.0136917 secs] [Times: user=0.13 sys=0.00, real=0.01 secs] 
2020-09-29T18:06:55.819+0200: 71.623: [GC (Allocation Failure) 2020-09-29T18:06:55.819+0200: 71.623: [ParNew: 585407K->44267K(613440K), 0.0281253 secs] 609677K->68537K(2029056K), 0.0281928 secs] [Times: user=0.13 sys=0.00, real=0.03 secs] 
2020-09-29T18:06:55.896+0200: 71.699: [GC (Allocation Failure) 2020-09-29T18:06:55.896+0200: 71.699: [ParNew: 589611K->63865K(613440K), 0.0260400 secs] 613881K->88135K(2029056K), 0.0261222 secs] [Times: user=0.13 sys=0.00, real=0.03 secs] 
2020-09-29T18:06:55.972+0200: 71.775: [GC (Allocation Failure) 2020-09-29T18:06:55.972+0200: 71.775: [ParNew: 609209K->46485K(613440K), 0.0258308 secs] 633479K->70755K(2029056K), 0.0259012 secs] [Times: user=0.23 sys=0.00, real=0.03 secs] 
2020-09-29T18:06:56.049+0200: 71.852: [GC (Allocation Failure) 2020-09-29T18:06:56.049+0200: 71.853: [ParNew: 591829K->39929K(613440K), 0.0246057 secs] 616099K->64199K(2029056K), 0.0246748 secs] [Times: user=0.25 sys=0.00, real=0.02 secs] 
2020-09-29T18:06:56.126+0200: 71.930: [GC (Allocation Failure) 2020-09-29T18:06:56.126+0200: 71.930: [ParNew: 585273K->35453K(613440K), 0.0245901 secs] 609543K->59723K(2029056K), 0.0246822 secs] [Times: user=0.25 sys=0.00, real=0.03 secs] 
2020-09-29T18:06:56.203+0200: 72.007: [GC (Allocation Failure) 2020-09-29T18:06:56.203+0200: 72.007: [ParNew: 580797K->67480K(613440K), 0.0391563 secs] 605067K->91750K(2029056K), 0.0392588 secs] [Times: user=0.34 sys=0.00, real=0.04 secs] 
2020-09-29T18:06:56.294+0200: 72.097: [GC (Allocation Failure) 2020-09-29T18:06:56.294+0200: 72.097: [ParNew: 612824K->57822K(613440K), 0.0275186 secs] 637094K->82092K(2029056K), 0.0275944 secs] [Times: user=0.25 sys=0.00, real=0.03 secs] 
2020-09-29T18:06:56.376+0200: 72.180: [GC (Allocation Failure) 2020-09-29T18:06:56.376+0200: 72.180: [ParNew: 603166K->52528K(613440K), 0.0195546 secs] 627436K->76798K(2029056K), 0.0196408 secs] [Times: user=0.25 sys=0.00, real=0.02 secs] 
2020-09-29T18:06:56.448+0200: 72.252: [GC (Allocation Failure) 2020-09-29T18:06:56.448+0200: 72.252: [ParNew: 597872K->41780K(613440K), 0.0196054 secs] 622142K->66050K(2029056K), 0.0196752 secs] [Times: user=0.13 sys=0.00, real=0.02 secs] 
2020-09-29T18:06:56.515+0200: 72.319: [GC (Allocation Failure) 2020-09-29T18:06:56.515+0200: 72.319: [ParNew: 587124K->42106K(613440K), 0.0169308 secs] 611394K->66375K(2029056K), 0.0169905 secs] [Times: user=0.13 sys=0.00, real=0.02 secs] 
2020-09-29T18:06:56.582+0200: 72.386: [GC (Allocation Failure) 2020-09-29T18:06:56.582+0200: 72.386: [ParNew: 587450K->62751K(613440K), 0.0238972 secs] 611719K->87021K(2029056K), 0.0239679 secs] [Times: user=0.16 sys=0.00, real=0.02 secs] 
2020-09-29T18:06:56.655+0200: 72.459: [GC (Allocation Failure) 2020-09-29T18:06:56.655+0200: 72.459: [ParNew: 608095K->49174K(613440K), 0.0181756 secs] 632365K->73444K(2029056K), 0.0182627 secs] [Times: user=0.13 sys=0.00, real=0.02 secs] 
2020-09-29T18:06:56.722+0200: 72.526: [GC (Allocation Failure) 2020-09-29T18:06:56.722+0200: 72.526: [ParNew: 594518K->25558K(613440K), 0.0094287 secs] 618788K->49828K(2029056K), 0.0094862 secs] [Times: user=0.13 sys=0.00, real=0.01 secs] 
2020-09-29T18:06:56.782+0200: 72.585: [GC (Allocation Failure) 2020-09-29T18:06:56.782+0200: 72.585: [ParNew: 570902K->45672K(613440K), 0.0187223 secs] 595172K->69942K(2029056K), 0.0187781 secs] [Times: user=0.13 sys=0.00, real=0.02 secs] 
2020-09-29T18:06:56.850+0200: 72.654: [GC (Allocation Failure) 2020-09-29T18:06:56.850+0200: 72.654: [ParNew: 591016K->56880K(613440K), 0.0183597 secs] 615286K->81150K(2029056K), 0.0184195 secs] [Times: user=0.13 sys=0.00, real=0.02 secs] 
2020-09-29T18:06:56.917+0200: 72.721: [GC (Allocation Failure) 2020-09-29T18:06:56.917+0200: 72.721: [ParNew: 602224K->41924K(613440K), 0.0173727 secs] 626494K->66193K(2029056K), 0.0174511 secs] [Times: user=0.13 sys=0.00, real=0.02 secs] 
2020-09-29T18:06:56.981+0200: 72.785: [GC (Allocation Failure) 2020-09-29T18:06:56.981+0200: 72.785: [ParNew: 587268K->67533K(613440K), 0.0225240 secs] 611537K->91803K(2029056K), 0.0225996 secs] [Times: user=0.13 sys=0.00, real=0.02 secs] 
2020-09-29T18:06:57.053+0200: 72.856: [GC (Allocation Failure) 2020-09-29T18:06:57.053+0200: 72.856: [ParNew: 612877K->40045K(613440K), 0.0105845 secs] 637147K->64315K(2029056K), 0.0106385 secs] [Times: user=0.00 sys=0.00, real=0.01 secs] 
2020-09-29T18:06:57.115+0200: 72.918: [GC (Allocation Failure) 2020-09-29T18:06:57.115+0200: 72.918: [ParNew: 585389K->47039K(613440K), 0.0202534 secs] 609659K->71309K(2029056K), 0.0203132 secs] [Times: user=0.13 sys=0.00, real=0.02 secs] 
2020-09-29T18:06:57.183+0200: 72.986: [GC (Allocation Failure) 2020-09-29T18:06:57.183+0200: 72.986: [ParNew: 592383K->32142K(613440K), 0.0085030 secs] 616653K->56412K(2029056K), 0.0085629 secs] [Times: user=0.00 sys=0.00, real=0.01 secs] 
2020-09-29T18:06:57.251+0200: 73.054: [GC (Allocation Failure) 2020-09-29T18:06:57.251+0200: 73.054: [ParNew: 577486K->26264K(613440K), 0.0129767 secs] 601756K->50534K(2029056K), 0.0130505 secs] [Times: user=0.13 sys=0.00, real=0.01 secs] 
2020-09-29T18:06:57.318+0200: 73.122: [GC (Allocation Failure) 2020-09-29T18:06:57.318+0200: 73.122: [ParNew: 571608K->39171K(613440K), 0.0180848 secs] 595878K->63440K(2029056K), 0.0181742 secs] [Times: user=0.13 sys=0.00, real=0.02 secs] 
2020-09-29T18:06:57.388+0200: 73.191: [GC (Allocation Failure) 2020-09-29T18:06:57.388+0200: 73.191: [ParNew: 584515K->29926K(613440K), 0.0114748 secs] 608784K->54195K(2029056K), 0.0115339 secs] [Times: user=0.13 sys=0.00, real=0.01 secs] 
2020-09-29T18:06:57.455+0200: 73.259: [GC (Allocation Failure) 2020-09-29T18:06:57.455+0200: 73.259: [ParNew: 575270K->52831K(613440K), 0.0206298 secs] 599539K->77101K(2029056K), 0.0207044 secs] [Times: user=0.25 sys=0.00, real=0.02 secs] 
2020-09-29T18:06:57.525+0200: 73.328: [GC (Allocation Failure) 2020-09-29T18:06:57.525+0200: 73.328: [ParNew: 598175K->67000K(613440K), 0.0249684 secs] 622445K->91270K(2029056K), 0.0250305 secs] [Times: user=0.13 sys=0.00, real=0.02 secs] 
2020-09-29T18:06:57.600+0200: 73.403: [GC (Allocation Failure) 2020-09-29T18:06:57.600+0200: 73.403: [ParNew: 612344K->48039K(613440K), 0.0156402 secs] 636614K->72309K(2029056K), 0.0157019 secs] [Times: user=0.11 sys=0.00, real=0.02 secs] 
2020-09-29T18:06:57.663+0200: 73.467: [GC (Allocation Failure) 2020-09-29T18:06:57.663+0200: 73.467: [ParNew: 593383K->47263K(613440K), 0.0194668 secs] 617653K->71533K(2029056K), 0.0195237 secs] [Times: user=0.13 sys=0.00, real=0.02 secs] 
2020-09-29T18:06:57.733+0200: 73.536: [GC (Allocation Failure) 2020-09-29T18:06:57.733+0200: 73.536: [ParNew: 592607K->40871K(613440K), 0.0180222 secs] 616877K->65141K(2029056K), 0.0181133 secs] [Times: user=0.13 sys=0.00, real=0.02 secs] 
2020-09-29T18:06:57.800+0200: 73.604: [GC (Allocation Failure) 2020-09-29T18:06:57.800+0200: 73.604: [ParNew: 586215K->39044K(613440K), 0.0166332 secs] 610485K->63314K(2029056K), 0.0166989 secs] [Times: user=0.23 sys=0.00, real=0.02 secs] 
2020-09-29T18:06:57.868+0200: 73.671: [GC (Allocation Failure) 2020-09-29T18:06:57.868+0200: 73.671: [ParNew: 584388K->34416K(613440K), 0.0095044 secs] 608658K->58686K(2029056K), 0.0095709 secs] [Times: user=0.00 sys=0.00, real=0.01 secs] 
2020-09-29T18:06:57.924+0200: 73.728: [GC (Allocation Failure) 2020-09-29T18:06:57.924+0200: 73.728: [ParNew: 579760K->31859K(613440K), 0.0160212 secs] 604030K->56129K(2029056K), 0.0160742 secs] [Times: user=0.13 sys=0.00, real=0.02 secs] 
2020-09-29T18:06:57.995+0200: 73.798: [GC (Allocation Failure) 2020-09-29T18:06:57.995+0200: 73.799: [ParNew: 577203K->43757K(613440K), 0.0145931 secs] 601473K->68027K(2029056K), 0.0146505 secs] [Times: user=0.13 sys=0.00, real=0.02 secs] 
2020-09-29T18:06:58.058+0200: 73.862: [GC (Allocation Failure) 2020-09-29T18:06:58.058+0200: 73.862: [ParNew: 589101K->28820K(613440K), 0.0148683 secs] 613371K->53090K(2029056K), 0.0149617 secs] [Times: user=0.13 sys=0.00, real=0.01 secs] 
2020-09-29T18:06:58.120+0200: 73.923: [GC (Allocation Failure) 2020-09-29T18:06:58.120+0200: 73.923: [ParNew: 574164K->53090K(613440K), 0.0231470 secs] 598434K->77360K(2029056K), 0.0232181 secs] [Times: user=0.13 sys=0.00, real=0.02 secs] 
2020-09-29T18:06:58.194+0200: 73.997: [GC (Allocation Failure) 2020-09-29T18:06:58.194+0200: 73.997: [ParNew: 598434K->68096K(613440K), 0.0286439 secs] 622704K->92641K(2029056K), 0.0287164 secs] [Times: user=0.11 sys=0.00, real=0.03 secs] 
2020-09-29T18:06:58.271+0200: 74.075: [GC (Allocation Failure) 2020-09-29T18:06:58.271+0200: 74.075: [ParNew: 613440K->54177K(613440K), 0.0170984 secs] 637985K->78723K(2029056K), 0.0171606 secs] [Times: user=0.13 sys=0.00, real=0.02 secs] 
2020-09-29T18:06:58.337+0200: 74.140: [GC (Allocation Failure) 2020-09-29T18:06:58.337+0200: 74.140: [ParNew: 599521K->48075K(613440K), 0.0156386 secs] 624067K->72620K(2029056K), 0.0156939 secs] [Times: user=0.13 sys=0.00, real=0.02 secs] 
2020-09-29T18:06:58.402+0200: 74.206: [GC (Allocation Failure) 2020-09-29T18:06:58.402+0200: 74.206: [ParNew: 593419K->37061K(613440K), 0.0153438 secs] 617964K->61606K(2029056K), 0.0154040 secs] [Times: user=0.13 sys=0.00, real=0.02 secs] 
2020-09-29T18:06:58.467+0200: 74.270: [GC (Allocation Failure) 2020-09-29T18:06:58.467+0200: 74.270: [ParNew: 582405K->49050K(613440K), 0.0187322 secs] 606950K->73595K(2029056K), 0.0187926 secs] [Times: user=0.13 sys=0.00, real=0.02 secs] 
2020-09-29T18:06:58.534+0200: 74.338: [GC (Allocation Failure) 2020-09-29T18:06:58.534+0200: 74.338: [ParNew: 594394K->41473K(613440K), 0.0124510 secs] 618939K->66018K(2029056K), 0.0125538 secs] [Times: user=0.13 sys=0.00, real=0.01 secs] 
2020-09-29T18:06:58.597+0200: 74.400: [GC (Allocation Failure) 2020-09-29T18:06:58.597+0200: 74.400: [ParNew: 586817K->58788K(613440K), 0.0248608 secs] 611362K->83333K(2029056K), 0.0249242 secs] [Times: user=0.22 sys=0.00, real=0.03 secs] 
2020-09-29T18:06:58.670+0200: 74.474: [GC (Allocation Failure) 2020-09-29T18:06:58.670+0200: 74.474: [ParNew: 604132K->34567K(613440K), 0.0113272 secs] 628677K->59112K(2029056K), 0.0113837 secs] [Times: user=0.13 sys=0.00, real=0.01 secs] 
2020-09-29T18:06:58.737+0200: 74.541: [GC (Allocation Failure) 2020-09-29T18:06:58.737+0200: 74.541: [ParNew: 579911K->35233K(613440K), 0.0144530 secs] 604456K->59778K(2029056K), 0.0145058 secs] [Times: user=0.13 sys=0.00, real=0.01 secs] 
2020-09-29T18:06:58.799+0200: 74.603: [GC (Allocation Failure) 2020-09-29T18:06:58.799+0200: 74.603: [ParNew: 580577K->61308K(613440K), 0.0235335 secs] 605122K->85853K(2029056K), 0.0236146 secs] [Times: user=0.25 sys=0.00, real=0.02 secs] 
2020-09-29T18:06:58.876+0200: 74.680: [GC (Allocation Failure) 2020-09-29T18:06:58.876+0200: 74.680: [ParNew: 606652K->43183K(613440K), 0.0133191 secs] 631197K->67728K(2029056K), 0.0133839 secs] [Times: user=0.13 sys=0.00, real=0.01 secs] 
2020-09-29T18:06:58.938+0200: 74.742: [GC (Allocation Failure) 2020-09-29T18:06:58.938+0200: 74.742: [ParNew: 588527K->40602K(613440K), 0.0180499 secs] 613072K->65147K(2029056K), 0.0181118 secs] [Times: user=0.11 sys=0.00, real=0.02 secs] 
2020-09-29T18:06:59.009+0200: 74.813: [GC (Allocation Failure) 2020-09-29T18:06:59.009+0200: 74.813: [ParNew: 585946K->54956K(613440K), 0.0222818 secs] 610491K->79501K(2029056K), 0.0223574 secs] [Times: user=0.13 sys=0.00, real=0.02 secs] 
2020-09-29T18:06:59.080+0200: 74.884: [GC (Allocation Failure) 2020-09-29T18:06:59.080+0200: 74.884: [ParNew: 600300K->68087K(613440K), 0.0240445 secs] 624845K->92633K(2029056K), 0.0241099 secs] [Times: user=0.22 sys=0.00, real=0.02 secs] 
2020-09-29T18:06:59.153+0200: 74.956: [GC (Allocation Failure) 2020-09-29T18:06:59.153+0200: 74.956: [ParNew: 613431K->40247K(613440K), 0.0137677 secs] 637977K->64792K(2029056K), 0.0138294 secs] [Times: user=0.13 sys=0.00, real=0.01 secs] 
2020-09-29T18:06:59.222+0200: 75.026: [GC (Allocation Failure) 2020-09-29T18:06:59.222+0200: 75.026: [ParNew: 585591K->59402K(613440K), 0.0201337 secs] 610136K->83948K(2029056K), 0.0201957 secs] [Times: user=0.24 sys=0.00, real=0.02 secs] 
2020-09-29T18:06:59.290+0200: 75.093: [GC (Allocation Failure) 2020-09-29T18:06:59.290+0200: 75.093: [ParNew: 604746K->45530K(613440K), 0.0175956 secs] 629292K->70075K(2029056K), 0.0176536 secs] [Times: user=0.13 sys=0.00, real=0.02 secs] 
2020-09-29T18:06:59.355+0200: 75.158: [GC (Allocation Failure) 2020-09-29T18:06:59.355+0200: 75.159: [ParNew: 590874K->55256K(613440K), 0.0164761 secs] 615419K->79802K(2029056K), 0.0165342 secs] [Times: user=0.13 sys=0.00, real=0.02 secs] 
2020-09-29T18:06:59.422+0200: 75.225: [GC (Allocation Failure) 2020-09-29T18:06:59.422+0200: 75.225: [ParNew: 600600K->44313K(613440K), 0.0169913 secs] 625146K->68858K(2029056K), 0.0170632 secs] [Times: user=0.13 sys=0.00, real=0.02 secs] 
2020-09-29T18:06:59.491+0200: 75.294: [GC (Allocation Failure) 2020-09-29T18:06:59.491+0200: 75.294: [ParNew: 589657K->38419K(613440K), 0.0159012 secs] 614202K->62964K(2029056K), 0.0159746 secs] [Times: user=0.13 sys=0.00, real=0.02 secs] 
2020-09-29T18:06:59.566+0200: 75.370: [GC (Allocation Failure) 2020-09-29T18:06:59.566+0200: 75.370: [ParNew: 583763K->57900K(613440K), 0.0216875 secs] 608308K->82446K(2029056K), 0.0217710 secs] [Times: user=0.25 sys=0.00, real=0.02 secs] 
2020-09-29T18:06:59.636+0200: 75.440: [GC (Allocation Failure) 2020-09-29T18:06:59.636+0200: 75.440: [ParNew: 603244K->42461K(613440K), 0.0153754 secs] 627790K->67006K(2029056K), 0.0154380 secs] [Times: user=0.13 sys=0.00, real=0.02 secs] 
2020-09-29T18:06:59.698+0200: 75.502: [GC (Allocation Failure) 2020-09-29T18:06:59.698+0200: 75.502: [ParNew: 587805K->39142K(613440K), 0.0194960 secs] 612350K->63688K(2029056K), 0.0195590 secs] [Times: user=0.13 sys=0.00, real=0.02 secs] 
2020-09-29T18:06:59.768+0200: 75.572: [GC (Allocation Failure) 2020-09-29T18:06:59.769+0200: 75.572: [ParNew: 584486K->53376K(613440K), 0.0207632 secs] 609032K->77921K(2029056K), 0.0208335 secs] [Times: user=0.20 sys=0.00, real=0.02 secs] 
2020-09-29T18:06:59.838+0200: 75.642: [GC (Allocation Failure) 2020-09-29T18:06:59.838+0200: 75.642: [ParNew: 598720K->63921K(613440K), 0.0224435 secs] 623265K->88466K(2029056K), 0.0225001 secs] [Times: user=0.13 sys=0.00, real=0.02 secs] 
2020-09-29T18:06:59.908+0200: 75.712: [GC (Allocation Failure) 2020-09-29T18:06:59.908+0200: 75.712: [ParNew: 609265K->56167K(613440K), 0.0216856 secs] 633810K->80712K(2029056K), 0.0217615 secs] [Times: user=0.25 sys=0.00, real=0.02 secs] 
2020-09-29T18:06:59.980+0200: 75.784: [GC (Allocation Failure) 2020-09-29T18:06:59.980+0200: 75.784: [ParNew: 601511K->47966K(613440K), 0.0154794 secs] 626056K->72511K(2029056K), 0.0155353 secs] [Times: user=0.13 sys=0.00, real=0.01 secs] 
2020-09-29T18:07:00.045+0200: 75.849: [GC (Allocation Failure) 2020-09-29T18:07:00.045+0200: 75.849: [ParNew: 593310K->47814K(613440K), 0.0204623 secs] 617855K->72359K(2029056K), 0.0205364 secs] [Times: user=0.13 sys=0.00, real=0.02 secs] 
2020-09-29T18:07:00.114+0200: 75.917: [GC (Allocation Failure) 2020-09-29T18:07:00.114+0200: 75.917: [ParNew: 593158K->68096K(613440K), 0.0285542 secs] 617703K->92720K(2029056K), 0.0371778 secs] [Times: user=0.13 sys=0.00, real=0.04 secs] 
2020-09-29T18:07:00.199+0200: 76.003: [GC (Allocation Failure) 2020-09-29T18:07:00.199+0200: 76.003: [ParNew: 613440K->61971K(613440K), 0.0220962 secs] 638064K->86595K(2029056K), 0.0221687 secs] [Times: user=0.11 sys=0.00, real=0.02 secs] 
2020-09-29T18:07:00.271+0200: 76.075: [GC (Allocation Failure) 2020-09-29T18:07:00.272+0200: 76.075: [ParNew: 607315K->49040K(613440K), 0.0186059 secs] 631939K->73665K(2029056K), 0.0186703 secs] [Times: user=0.13 sys=0.00, real=0.02 secs] 
2020-09-29T18:07:00.339+0200: 76.143: [GC (Allocation Failure) 2020-09-29T18:07:00.339+0200: 76.143: [ParNew: 594384K->35869K(613440K), 0.0133737 secs] 619009K->60494K(2029056K), 0.0134259 secs] [Times: user=0.13 sys=0.00, real=0.01 secs] 
2020-09-29T18:07:00.400+0200: 76.204: [GC (Allocation Failure) 2020-09-29T18:07:00.400+0200: 76.204: [ParNew: 581213K->54448K(613440K), 0.0230203 secs] 605838K->79072K(2029056K), 0.0230907 secs] [Times: user=0.13 sys=0.00, real=0.02 secs] 
2020-09-29T18:07:00.471+0200: 76.275: [GC (Allocation Failure) 2020-09-29T18:07:00.471+0200: 76.275: [ParNew: 599792K->68096K(613440K), 0.0218024 secs] 624416K->93008K(2029056K), 0.0218938 secs] [Times: user=0.25 sys=0.00, real=0.02 secs] 
2020-09-29T18:07:00.543+0200: 76.347: [GC (Allocation Failure) 2020-09-29T18:07:00.543+0200: 76.347: [ParNew: 613440K->52089K(613440K), 0.0210074 secs] 638352K->77001K(2029056K), 0.0211006 secs] [Times: user=0.13 sys=0.00, real=0.02 secs] 
2020-09-29T18:07:00.615+0200: 76.419: [GC (Allocation Failure) 2020-09-29T18:07:00.615+0200: 76.419: [ParNew: 597433K->52200K(613440K), 0.0207045 secs] 622345K->77112K(2029056K), 0.0207825 secs] [Times: user=0.13 sys=0.00, real=0.02 secs] 
2020-09-29T18:07:00.686+0200: 76.490: [GC (Allocation Failure) 2020-09-29T18:07:00.686+0200: 76.490: [ParNew: 597544K->54948K(613440K), 0.0215618 secs] 622456K->79860K(2029056K), 0.0216244 secs] [Times: user=0.13 sys=0.00, real=0.02 secs] 
2020-09-29T18:07:00.757+0200: 76.561: [GC (Allocation Failure) 2020-09-29T18:07:00.757+0200: 76.561: [ParNew: 600292K->49014K(613440K), 0.0194977 secs] 625204K->73926K(2029056K), 0.0195663 secs] [Times: user=0.13 sys=0.00, real=0.02 secs] 
2020-09-29T18:07:00.825+0200: 76.629: [GC (Allocation Failure) 2020-09-29T18:07:00.825+0200: 76.629: [ParNew: 594358K->45310K(613440K), 0.0187264 secs] 619270K->70222K(2029056K), 0.0187978 secs] [Times: user=0.13 sys=0.00, real=0.02 secs] 
2020-09-29T18:07:00.891+0200: 76.695: [GC (Allocation Failure) 2020-09-29T18:07:00.891+0200: 76.695: [ParNew: 590654K->68096K(613440K), 0.0230896 secs] 615566K->93008K(2029056K), 0.0231492 secs] [Times: user=0.25 sys=0.00, real=0.02 secs] 
2020-09-29T18:07:00.961+0200: 76.765: [GC (Allocation Failure) 2020-09-29T18:07:00.961+0200: 76.765: [ParNew: 613440K->51043K(613440K), 0.0172887 secs] 638352K->75955K(2029056K), 0.0173500 secs] [Times: user=0.13 sys=0.00, real=0.02 secs] 
2020-09-29T18:07:01.025+0200: 76.829: [GC (Allocation Failure) 2020-09-29T18:07:01.025+0200: 76.829: [ParNew: 596387K->67629K(613440K), 0.0215568 secs] 621299K->92541K(2029056K), 0.0216157 secs] [Times: user=0.13 sys=0.00, real=0.02 secs] 
2020-09-29T18:07:01.094+0200: 76.898: [GC (Allocation Failure) 2020-09-29T18:07:01.094+0200: 76.898: [ParNew: 612973K->52920K(613440K), 0.0208912 secs] 637885K->77832K(2029056K), 0.0209585 secs] [Times: user=0.25 sys=0.00, real=0.02 secs] 
2020-09-29T18:07:01.163+0200: 76.967: [GC (Allocation Failure) 2020-09-29T18:07:01.163+0200: 76.967: [ParNew: 598264K->53565K(613440K), 0.0207906 secs] 623176K->78477K(2029056K), 0.0208816 secs] [Times: user=0.13 sys=0.00, real=0.02 secs] 
2020-09-29T18:07:01.238+0200: 77.042: [GC (Allocation Failure) 2020-09-29T18:07:01.238+0200: 77.042: [ParNew: 598909K->43737K(613440K), 0.0151562 secs] 623821K->68649K(2029056K), 0.0152181 secs] [Times: user=0.11 sys=0.00, real=0.02 secs] 
2020-09-29T18:07:01.305+0200: 77.109: [GC (Allocation Failure) 2020-09-29T18:07:01.305+0200: 77.109: [ParNew: 589081K->47194K(613440K), 0.0187747 secs] 613993K->72106K(2029056K), 0.0188349 secs] [Times: user=0.13 sys=0.00, real=0.02 secs] 
2020-09-29T18:07:01.373+0200: 77.176: [GC (Allocation Failure) 2020-09-29T18:07:01.373+0200: 77.176: [ParNew: 592538K->44121K(613440K), 0.0172457 secs] 617450K->69033K(2029056K), 0.0173123 secs] [Times: user=0.13 sys=0.00, real=0.02 secs] 
2020-09-29T18:07:01.441+0200: 77.245: [GC (Allocation Failure) 2020-09-29T18:07:01.441+0200: 77.245: [ParNew: 589465K->43911K(613440K), 0.0174157 secs] 614377K->68823K(2029056K), 0.0174736 secs] [Times: user=0.25 sys=0.00, real=0.02 secs] 
2020-09-29T18:07:01.508+0200: 77.312: [GC (Allocation Failure) 2020-09-29T18:07:01.508+0200: 77.312: [ParNew: 589255K->31895K(613440K), 0.0113959 secs] 614167K->56807K(2029056K), 0.0114592 secs] [Times: user=0.00 sys=0.00, real=0.01 secs] 
2020-09-29T18:07:01.567+0200: 77.371: [GC (Allocation Failure) 2020-09-29T18:07:01.567+0200: 77.371: [ParNew: 577239K->28502K(613440K), 0.0162249 secs] 602151K->53414K(2029056K), 0.0162813 secs] [Times: user=0.11 sys=0.00, real=0.02 secs] 
2020-09-29T18:07:01.637+0200: 77.441: [GC (Allocation Failure) 2020-09-29T18:07:01.637+0200: 77.441: [ParNew: 573846K->48040K(613440K), 0.0187797 secs] 598758K->72952K(2029056K), 0.0188725 secs] [Times: user=0.13 sys=0.00, real=0.02 secs] 
2020-09-29T18:07:01.711+0200: 77.515: [GC (Allocation Failure) 2020-09-29T18:07:01.711+0200: 77.515: [ParNew: 593384K->37431K(613440K), 0.0140544 secs] 618296K->62343K(2029056K), 0.0141254 secs] [Times: user=0.13 sys=0.00, real=0.02 secs] 
2020-09-29T18:07:01.784+0200: 77.588: [GC (Allocation Failure) 2020-09-29T18:07:01.784+0200: 77.588: [ParNew: 582775K->43615K(613440K), 0.0199306 secs] 607687K->68527K(2029056K), 0.0200317 secs] [Times: user=0.24 sys=0.00, real=0.02 secs] 
2020-09-29T18:07:01.855+0200: 77.658: [GC (Allocation Failure) 2020-09-29T18:07:01.855+0200: 77.658: [ParNew: 588959K->29433K(613440K), 0.0108622 secs] 613871K->54345K(2029056K), 0.0109234 secs] [Times: user=0.13 sys=0.00, real=0.01 secs] 
2020-09-29T18:07:01.918+0200: 77.722: [GC (Allocation Failure) 2020-09-29T18:07:01.918+0200: 77.722: [ParNew: 574777K->35019K(613440K), 0.0152553 secs] 599689K->59931K(2029056K), 0.0153153 secs] [Times: user=0.13 sys=0.00, real=0.02 secs] 
2020-09-29T18:07:01.981+0200: 77.785: [GC (Allocation Failure) 2020-09-29T18:07:01.981+0200: 77.785: [ParNew: 580363K->28307K(613440K), 0.0122509 secs] 605275K->53219K(2029056K), 0.0123039 secs] [Times: user=0.13 sys=0.00, real=0.01 secs] 
2020-09-29T18:07:02.052+0200: 77.856: [GC (Allocation Failure) 2020-09-29T18:07:02.052+0200: 77.856: [ParNew: 573651K->63043K(613440K), 0.0229917 secs] 598563K->87955K(2029056K), 0.0230670 secs] [Times: user=0.13 sys=0.00, real=0.02 secs] 
2020-09-29T18:07:02.124+0200: 77.928: [GC (Allocation Failure) 2020-09-29T18:07:02.124+0200: 77.928: [ParNew: 608387K->68096K(613440K), 0.0229162 secs] 633299K->93202K(2029056K), 0.0229736 secs] [Times: user=0.25 sys=0.00, real=0.02 secs] 
2020-09-29T18:07:02.196+0200: 78.000: [GC (Allocation Failure) 2020-09-29T18:07:02.196+0200: 78.000: [ParNew: 613440K->68096K(613440K), 0.0272640 secs] 638546K->93366K(2029056K), 0.0273451 secs] [Times: user=0.23 sys=0.00, real=0.03 secs] 
2020-09-29T18:07:02.273+0200: 78.077: [GC (Allocation Failure) 2020-09-29T18:07:02.273+0200: 78.077: [ParNew: 613440K->63015K(613440K), 0.0217708 secs] 638710K->88285K(2029056K), 0.0218571 secs] [Times: user=0.13 sys=0.00, real=0.02 secs] 
2020-09-29T18:07:02.343+0200: 78.147: [GC (Allocation Failure) 2020-09-29T18:07:02.343+0200: 78.147: [ParNew: 608359K->55678K(613440K), 0.0212261 secs] 633629K->80948K(2029056K), 0.0212802 secs] [Times: user=0.25 sys=0.00, real=0.02 secs] 
2020-09-29T18:07:02.414+0200: 78.218: [GC (Allocation Failure) 2020-09-29T18:07:02.414+0200: 78.218: [ParNew: 601022K->50944K(613440K), 0.0200728 secs] 626292K->76214K(2029056K), 0.0201296 secs] [Times: user=0.13 sys=0.00, real=0.02 secs] 
2020-09-29T18:07:02.482+0200: 78.286: [GC (Allocation Failure) 2020-09-29T18:07:02.482+0200: 78.286: [ParNew: 596288K->48456K(613440K), 0.0203434 secs] 621558K->73726K(2029056K), 0.0203984 secs] [Times: user=0.13 sys=0.00, real=0.02 secs] 
2020-09-29T18:07:02.549+0200: 78.353: [GC (Allocation Failure) 2020-09-29T18:07:02.549+0200: 78.353: [ParNew: 593800K->48884K(613440K), 0.0186405 secs] 619070K->74154K(2029056K), 0.0187455 secs] [Times: user=0.25 sys=0.00, real=0.02 secs] 
2020-09-29T18:07:02.618+0200: 78.422: [GC (Allocation Failure) 2020-09-29T18:07:02.618+0200: 78.422: [ParNew: 594228K->39156K(613440K), 0.0128877 secs] 619498K->64426K(2029056K), 0.0129437 secs] [Times: user=0.11 sys=0.00, real=0.01 secs] 
2020-09-29T18:07:02.683+0200: 78.487: [GC (Allocation Failure) 2020-09-29T18:07:02.683+0200: 78.487: [ParNew: 584500K->37731K(613440K), 0.0175562 secs] 609770K->63001K(2029056K), 0.0176327 secs] [Times: user=0.13 sys=0.00, real=0.02 secs] 
2020-09-29T18:07:02.748+0200: 78.552: [GC (Allocation Failure) 2020-09-29T18:07:02.748+0200: 78.552: [ParNew: 583075K->51956K(613440K), 0.0161874 secs] 608345K->77226K(2029056K), 0.0162496 secs] [Times: user=0.13 sys=0.00, real=0.02 secs] 
2020-09-29T18:07:02.813+0200: 78.617: [GC (Allocation Failure) 2020-09-29T18:07:02.813+0200: 78.617: [ParNew: 597300K->55994K(613440K), 0.0205645 secs] 622570K->81264K(2029056K), 0.0206281 secs] [Times: user=0.25 sys=0.00, real=0.02 secs] 
2020-09-29T18:07:02.880+0200: 78.684: [GC (Allocation Failure) 2020-09-29T18:07:02.880+0200: 78.684: [ParNew: 601338K->42508K(613440K), 0.0141825 secs] 626608K->67778K(2029056K), 0.0142363 secs] [Times: user=0.00 sys=0.00, real=0.01 secs] 
2020-09-29T18:07:02.942+0200: 78.746: [GC (Allocation Failure) 2020-09-29T18:07:02.942+0200: 78.746: [ParNew: 587852K->55706K(613440K), 0.0192898 secs] 613122K->80977K(2029056K), 0.0193451 secs] [Times: user=0.13 sys=0.00, real=0.02 secs] 
2020-09-29T18:07:03.010+0200: 78.814: [GC (Allocation Failure) 2020-09-29T18:07:03.010+0200: 78.814: [ParNew: 601050K->46418K(613440K), 0.0184997 secs] 626321K->71688K(2029056K), 0.0185541 secs] [Times: user=0.13 sys=0.00, real=0.02 secs] 
2020-09-29T18:07:03.075+0200: 78.879: [GC (Allocation Failure) 2020-09-29T18:07:03.075+0200: 78.879: [ParNew: 591762K->38990K(613440K), 0.0175354 secs] 617032K->64261K(2029056K), 0.0175934 secs] [Times: user=0.13 sys=0.00, real=0.02 secs] 
2020-09-29T18:07:03.139+0200: 78.943: [GC (Allocation Failure) 2020-09-29T18:07:03.139+0200: 78.943: [ParNew: 584334K->41269K(613440K), 0.0160553 secs] 609605K->66539K(2029056K), 0.0161093 secs] [Times: user=0.13 sys=0.00, real=0.02 secs] 
2020-09-29T18:07:03.209+0200: 79.013: [GC (Allocation Failure) 2020-09-29T18:07:03.209+0200: 79.013: [ParNew: 586613K->56450K(613440K), 0.0244662 secs] 611883K->81720K(2029056K), 0.0245471 secs] [Times: user=0.13 sys=0.00, real=0.02 secs] 
2020-09-29T18:07:03.285+0200: 79.089: [GC (Allocation Failure) 2020-09-29T18:07:03.285+0200: 79.089: [ParNew: 601794K->46904K(613440K), 0.0206636 secs] 627064K->72174K(2029056K), 0.0207249 secs] [Times: user=0.23 sys=0.01, real=0.02 secs] 
2020-09-29T18:07:03.354+0200: 79.158: [GC (Allocation Failure) 2020-09-29T18:07:03.354+0200: 79.158: [ParNew: 592248K->42604K(613440K), 0.0143474 secs] 617518K->67874K(2029056K), 0.0144094 secs] [Times: user=0.13 sys=0.00, real=0.01 secs] 
2020-09-29T18:07:03.416+0200: 79.220: [GC (Allocation Failure) 2020-09-29T18:07:03.416+0200: 79.220: [ParNew: 587948K->44475K(613440K), 0.0189052 secs] 613218K->69745K(2029056K), 0.0189979 secs] [Times: user=0.13 sys=0.00, real=0.02 secs] 
2020-09-29T18:07:03.482+0200: 79.286: [GC (Allocation Failure) 2020-09-29T18:07:03.482+0200: 79.286: [ParNew: 589819K->40737K(613440K), 0.0169840 secs] 615089K->66007K(2029056K), 0.0170397 secs] [Times: user=0.13 sys=0.00, real=0.02 secs] 
2020-09-29T18:07:03.549+0200: 79.353: [GC (Allocation Failure) 2020-09-29T18:07:03.549+0200: 79.353: [ParNew: 586081K->42629K(613440K), 0.0169977 secs] 611351K->67899K(2029056K), 0.0170678 secs] [Times: user=0.13 sys=0.00, real=0.02 secs] 
2020-09-29T18:07:03.618+0200: 79.422: [GC (Allocation Failure) 2020-09-29T18:07:03.618+0200: 79.422: [ParNew: 587973K->41657K(613440K), 0.0158784 secs] 613243K->66927K(2029056K), 0.0159523 secs] [Times: user=0.13 sys=0.00, real=0.02 secs] 
2020-09-29T18:07:03.685+0200: 79.489: [GC (Allocation Failure) 2020-09-29T18:07:03.685+0200: 79.489: [ParNew: 587001K->57955K(613440K), 0.0208926 secs] 612271K->83226K(2029056K), 0.0209587 secs] [Times: user=0.13 sys=0.00, real=0.02 secs] 
2020-09-29T18:07:03.753+0200: 79.557: [GC (Allocation Failure) 2020-09-29T18:07:03.753+0200: 79.557: [ParNew: 603299K->44651K(613440K), 0.0141307 secs] 628570K->69922K(2029056K), 0.0141999 secs] [Times: user=0.13 sys=0.00, real=0.01 secs] 
2020-09-29T18:07:03.815+0200: 79.619: [GC (Allocation Failure) 2020-09-29T18:07:03.815+0200: 79.619: [ParNew: 589995K->60767K(613440K), 0.0242001 secs] 615266K->86037K(2029056K), 0.0242711 secs] [Times: user=0.25 sys=0.00, real=0.02 secs] 
2020-09-29T18:07:03.886+0200: 79.690: [GC (Allocation Failure) 2020-09-29T18:07:03.886+0200: 79.690: [ParNew: 606111K->45954K(613440K), 0.0122754 secs] 631381K->71224K(2029056K), 0.0123326 secs] [Times: user=0.13 sys=0.00, real=0.01 secs] 
2020-09-29T18:07:03.948+0200: 79.752: [GC (Allocation Failure) 2020-09-29T18:07:03.948+0200: 79.752: [ParNew: 591298K->43108K(613440K), 0.0175190 secs] 616568K->68378K(2029056K), 0.0175867 secs] [Times: user=0.13 sys=0.00, real=0.02 secs] 
2020-09-29T18:07:04.015+0200: 79.819: [GC (Allocation Failure) 2020-09-29T18:07:04.015+0200: 79.819: [ParNew: 588452K->60854K(613440K), 0.0214011 secs] 613722K->86125K(2029056K), 0.0214595 secs] [Times: user=0.25 sys=0.00, real=0.02 secs] 
2020-09-29T18:07:04.085+0200: 79.889: [GC (Allocation Failure) 2020-09-29T18:07:04.085+0200: 79.889: [ParNew: 606198K->62037K(613440K), 0.0214339 secs] 631469K->87307K(2029056K), 0.0214922 secs] [Times: user=0.13 sys=0.00, real=0.02 secs] 
2020-09-29T18:07:04.152+0200: 79.956: [GC (Allocation Failure) 2020-09-29T18:07:04.152+0200: 79.956: [ParNew: 607381K->51127K(613440K), 0.0209055 secs] 632651K->76397K(2029056K), 0.0209744 secs] [Times: user=0.13 sys=0.00, real=0.02 secs] 
2020-09-29T18:07:04.225+0200: 80.029: [GC (Allocation Failure) 2020-09-29T18:07:04.227+0200: 80.030: [ParNew: 596471K->54377K(613440K), 0.0210966 secs] 621741K->79647K(2029056K), 0.0222258 secs] [Times: user=0.11 sys=0.00, real=0.02 secs] 
2020-09-29T18:07:04.298+0200: 80.102: [GC (Allocation Failure) 2020-09-29T18:07:04.298+0200: 80.102: [ParNew: 599721K->68096K(613440K), 0.0249796 secs] 624991K->94457K(2029056K), 0.0250320 secs] [Times: user=0.25 sys=0.00, real=0.02 secs] 
2020-09-29T18:07:04.370+0200: 80.174: [GC (Allocation Failure) 2020-09-29T18:07:04.370+0200: 80.174: [ParNew: 613440K->50003K(613440K), 0.0127394 secs] 639801K->76364K(2029056K), 0.0128044 secs] [Times: user=0.13 sys=0.00, real=0.01 secs] 
2020-09-29T18:07:04.433+0200: 80.237: [GC (Allocation Failure) 2020-09-29T18:07:04.433+0200: 80.237: [ParNew: 595347K->38264K(613440K), 0.0182321 secs] 621708K->64626K(2029056K), 0.0183044 secs] [Times: user=0.11 sys=0.00, real=0.02 secs] 
2020-09-29T18:07:04.501+0200: 80.305: [GC (Allocation Failure) 2020-09-29T18:07:04.501+0200: 80.305: [ParNew: 583608K->55543K(613440K), 0.0220707 secs] 609970K->81905K(2029056K), 0.0221532 secs] [Times: user=0.25 sys=0.00, real=0.02 secs] 
2020-09-29T18:07:04.570+0200: 80.374: [GC (Allocation Failure) 2020-09-29T18:07:04.570+0200: 80.374: [ParNew: 600887K->47443K(613440K), 0.0148198 secs] 627249K->73804K(2029056K), 0.0148888 secs] [Times: user=0.13 sys=0.00, real=0.02 secs] 
2020-09-29T18:07:04.640+0200: 80.443: [GC (Allocation Failure) 2020-09-29T18:07:04.640+0200: 80.443: [ParNew: 592787K->50794K(613440K), 0.0227343 secs] 619148K->77156K(2029056K), 0.0227992 secs] [Times: user=0.20 sys=0.00, real=0.02 secs] 
2020-09-29T18:07:04.712+0200: 80.515: [GC (Allocation Failure) 2020-09-29T18:07:04.712+0200: 80.515: [ParNew: 596138K->40961K(613440K), 0.0151381 secs] 622500K->67322K(2029056K), 0.0152358 secs] [Times: user=0.13 sys=0.00, real=0.02 secs] 
2020-09-29T18:07:04.780+0200: 80.583: [GC (Allocation Failure) 2020-09-29T18:07:04.780+0200: 80.583: [ParNew: 586305K->38918K(613440K), 0.0192514 secs] 612666K->65280K(2029056K), 0.0193163 secs] [Times: user=0.13 sys=0.00, real=0.02 secs] 
2020-09-29T18:07:04.848+0200: 80.651: [GC (Allocation Failure) 2020-09-29T18:07:04.848+0200: 80.651: [ParNew: 584262K->30173K(613440K), 0.0113267 secs] 610624K->56534K(2029056K), 0.0113945 secs] [Times: user=0.00 sys=0.00, real=0.01 secs] 
2020-09-29T18:07:04.908+0200: 80.712: [GC (Allocation Failure) 2020-09-29T18:07:04.908+0200: 80.712: [ParNew: 575517K->33886K(613440K), 0.0157038 secs] 601878K->60247K(2029056K), 0.0157561 secs] [Times: user=0.11 sys=0.00, real=0.02 secs] 
2020-09-29T18:07:04.972+0200: 80.776: [GC (Allocation Failure) 2020-09-29T18:07:04.972+0200: 80.776: [ParNew: 579230K->46085K(613440K), 0.0184282 secs] 605591K->72446K(2029056K), 0.0184985 secs] [Times: user=0.23 sys=0.00, real=0.02 secs] 
2020-09-29T18:07:05.041+0200: 80.845: [GC (Allocation Failure) 2020-09-29T18:07:05.041+0200: 80.845: [ParNew: 591429K->52495K(613440K), 0.0188278 secs] 617790K->78857K(2029056K), 0.0188974 secs] [Times: user=0.13 sys=0.00, real=0.02 secs] 
2020-09-29T18:07:05.110+0200: 80.914: [GC (Allocation Failure) 2020-09-29T18:07:05.110+0200: 80.914: [ParNew: 597839K->45455K(613440K), 0.0174325 secs] 624201K->71816K(2029056K), 0.0174893 secs] [Times: user=0.13 sys=0.00, real=0.02 secs] 
2020-09-29T18:07:05.176+0200: 80.979: [GC (Allocation Failure) 2020-09-29T18:07:05.176+0200: 80.979: [ParNew: 590799K->68096K(613440K), 0.0225598 secs] 617160K->94457K(2029056K), 0.0226417 secs] [Times: user=0.13 sys=0.00, real=0.02 secs] 
2020-09-29T18:07:05.253+0200: 81.056: [GC (Allocation Failure) 2020-09-29T18:07:05.253+0200: 81.057: [ParNew: 613440K->48070K(613440K), 0.0175978 secs] 639801K->74431K(2029056K), 0.0176729 secs] [Times: user=0.22 sys=0.00, real=0.02 secs] 
2020-09-29T18:07:05.328+0200: 81.131: [GC (Allocation Failure) 2020-09-29T18:07:05.328+0200: 81.131: [ParNew: 593414K->68096K(613440K), 0.0231654 secs] 619775K->94457K(2029056K), 0.0232355 secs] [Times: user=0.23 sys=0.00, real=0.02 secs] 
2020-09-29T18:07:05.403+0200: 81.206: [GC (Allocation Failure) 2020-09-29T18:07:05.403+0200: 81.206: [ParNew: 613440K->62061K(613440K), 0.0218385 secs] 639801K->88422K(2029056K), 0.0218997 secs] [Times: user=0.13 sys=0.00, real=0.02 secs] 
2020-09-29T18:07:05.474+0200: 81.277: [GC (Allocation Failure) 2020-09-29T18:07:05.474+0200: 81.277: [ParNew: 607405K->43460K(613440K), 0.0147757 secs] 633766K->69821K(2029056K), 0.0148367 secs] [Times: user=0.02 sys=0.00, real=0.02 secs] 
2020-09-29T18:07:05.540+0200: 81.344: [GC (Allocation Failure) 2020-09-29T18:07:05.540+0200: 81.344: [ParNew: 588804K->45446K(613440K), 0.0191157 secs] 615165K->71807K(2029056K), 0.0191820 secs] [Times: user=0.13 sys=0.00, real=0.02 secs] 
2020-09-29T18:07:05.611+0200: 81.415: [GC (Allocation Failure) 2020-09-29T18:07:05.611+0200: 81.415: [ParNew: 590790K->41712K(613440K), 0.0116311 secs] 617151K->68074K(2029056K), 0.0117033 secs] [Times: user=0.13 sys=0.00, real=0.01 secs] 
2020-09-29T18:07:05.677+0200: 81.481: [GC (Allocation Failure) 2020-09-29T18:07:05.677+0200: 81.481: [ParNew: 587056K->37918K(613440K), 0.0170341 secs] 613418K->64279K(2029056K), 0.0170892 secs] [Times: user=0.13 sys=0.00, real=0.02 secs] 
2020-09-29T18:07:05.744+0200: 81.548: [GC (Allocation Failure) 2020-09-29T18:07:05.744+0200: 81.548: [ParNew: 583262K->44993K(613440K), 0.0170468 secs] 609623K->71354K(2029056K), 0.0171394 secs] [Times: user=0.13 sys=0.00, real=0.02 secs] 
2020-09-29T18:07:05.810+0200: 81.613: [GC (Allocation Failure) 2020-09-29T18:07:05.810+0200: 81.613: [ParNew: 590337K->37506K(613440K), 0.0154580 secs] 616698K->63867K(2029056K), 0.0155191 secs] [Times: user=0.13 sys=0.00, real=0.02 secs] 
2020-09-29T18:07:05.880+0200: 81.684: [GC (Allocation Failure) 2020-09-29T18:07:05.880+0200: 81.684: [ParNew: 582850K->57031K(613440K), 0.0194986 secs] 609211K->83393K(2029056K), 0.0195588 secs] [Times: user=0.13 sys=0.00, real=0.02 secs] 
2020-09-29T18:07:05.947+0200: 81.751: [GC (Allocation Failure) 2020-09-29T18:07:05.947+0200: 81.751: [ParNew: 602375K->45293K(613440K), 0.0180678 secs] 628737K->71654K(2029056K), 0.0181249 secs] [Times: user=0.13 sys=0.00, real=0.02 secs] 
2020-09-29T18:07:06.012+0200: 81.815: [GC (Allocation Failure) 2020-09-29T18:07:06.012+0200: 81.815: [ParNew: 590637K->68096K(613440K), 0.0230221 secs] 616998K->94979K(2029056K), 0.0230767 secs] [Times: user=0.13 sys=0.00, real=0.02 secs] 
2020-09-29T18:07:06.082+0200: 81.886: [GC (Allocation Failure) 2020-09-29T18:07:06.082+0200: 81.886: [ParNew: 613440K->45494K(613440K), 0.0174331 secs] 640323K->72378K(2029056K), 0.0174979 secs] [Times: user=0.25 sys=0.00, real=0.02 secs] 
2020-09-29T18:07:06.147+0200: 81.951: [GC (Allocation Failure) 2020-09-29T18:07:06.147+0200: 81.951: [ParNew: 590838K->41362K(613440K), 0.0157976 secs] 617722K->68246K(2029056K), 0.0158548 secs] [Times: user=0.13 sys=0.00, real=0.02 secs] 
2020-09-29T18:07:06.215+0200: 82.019: [GC (Allocation Failure) 2020-09-29T18:07:06.215+0200: 82.019: [ParNew: 586706K->37784K(613440K), 0.0168951 secs] 613590K->64668K(2029056K), 0.0169788 secs] [Times: user=0.13 sys=0.00, real=0.02 secs] 
2020-09-29T18:07:06.284+0200: 82.088: [GC (Allocation Failure) 2020-09-29T18:07:06.284+0200: 82.088: [ParNew: 583128K->53843K(613440K), 0.0197260 secs] 610012K->80727K(2029056K), 0.0197861 secs] [Times: user=0.25 sys=0.00, real=0.02 secs] 
2020-09-29T18:07:06.352+0200: 82.155: [GC (Allocation Failure) 2020-09-29T18:07:06.352+0200: 82.155: [ParNew: 599187K->68096K(613440K), 0.0251500 secs] 626071K->94979K(2029056K), 0.0252059 secs] [Times: user=0.13 sys=0.00, real=0.03 secs] 
2020-09-29T18:07:06.424+0200: 82.228: [GC (Allocation Failure) 2020-09-29T18:07:06.424+0200: 82.228: [ParNew: 613440K->56601K(613440K), 0.0174412 secs] 640323K->83484K(2029056K), 0.0174969 secs] [Times: user=0.25 sys=0.00, real=0.02 secs] 
2020-09-29T18:07:06.492+0200: 82.296: [GC (Allocation Failure) 2020-09-29T18:07:06.492+0200: 82.296: [ParNew: 601945K->43073K(613440K), 0.0171138 secs] 628828K->69957K(2029056K), 0.0172033 secs] [Times: user=0.13 sys=0.00, real=0.02 secs] 
2020-09-29T18:07:06.559+0200: 82.363: [GC (Allocation Failure) 2020-09-29T18:07:06.559+0200: 82.363: [ParNew: 588417K->66156K(613440K), 0.0209549 secs] 615301K->93040K(2029056K), 0.0210379 secs] [Times: user=0.13 sys=0.00, real=0.02 secs] 
2020-09-29T18:07:06.630+0200: 82.434: [GC (Allocation Failure) 2020-09-29T18:07:06.630+0200: 82.434: [ParNew: 611500K->46169K(613440K), 0.0151834 secs] 638384K->73052K(2029056K), 0.0152473 secs] [Times: user=0.13 sys=0.00, real=0.02 secs] 
2020-09-29T18:07:06.697+0200: 82.501: [GC (Allocation Failure) 2020-09-29T18:07:06.697+0200: 82.501: [ParNew: 591513K->43633K(613440K), 0.0151133 secs] 618396K->70517K(2029056K), 0.0151741 secs] [Times: user=0.13 sys=0.00, real=0.01 secs] 
2020-09-29T18:07:06.762+0200: 82.566: [GC (Allocation Failure) 2020-09-29T18:07:06.762+0200: 82.566: [ParNew: 588977K->31742K(613440K), 0.0136697 secs] 615861K->58626K(2029056K), 0.0137562 secs] [Times: user=0.13 sys=0.00, real=0.01 secs] 
2020-09-29T18:07:06.823+0200: 82.627: [GC (Allocation Failure) 2020-09-29T18:07:06.823+0200: 82.627: [ParNew: 577086K->41218K(613440K), 0.0176149 secs] 603970K->68102K(2029056K), 0.0176737 secs] [Times: user=0.13 sys=0.00, real=0.02 secs] 
2020-09-29T18:07:06.890+0200: 82.694: [GC (Allocation Failure) 2020-09-29T18:07:06.890+0200: 82.694: [ParNew: 586562K->38277K(613440K), 0.0168212 secs] 613446K->65161K(2029056K), 0.0168776 secs] [Times: user=0.13 sys=0.00, real=0.02 secs] 
2020-09-29T18:07:06.962+0200: 82.766: [GC (Allocation Failure) 2020-09-29T18:07:06.962+0200: 82.766: [ParNew: 583621K->65832K(613440K), 0.0222700 secs] 610505K->92716K(2029056K), 0.0223413 secs] [Times: user=0.13 sys=0.00, real=0.02 secs] 
2020-09-29T18:07:07.038+0200: 82.842: [GC (Allocation Failure) 2020-09-29T18:07:07.038+0200: 82.842: [ParNew: 611176K->44918K(613440K), 0.0178072 secs] 638060K->71802K(2029056K), 0.0178898 secs] [Times: user=0.13 sys=0.00, real=0.02 secs] 
2020-09-29T18:07:07.105+0200: 82.909: [GC (Allocation Failure) 2020-09-29T18:07:07.105+0200: 82.909: [ParNew: 590262K->62283K(613440K), 0.0206956 secs] 617146K->89167K(2029056K), 0.0207801 secs] [Times: user=0.13 sys=0.00, real=0.02 secs] 
2020-09-29T18:07:07.180+0200: 82.984: [GC (Allocation Failure) 2020-09-29T18:07:07.180+0200: 82.984: [ParNew: 607627K->62900K(613440K), 0.0253435 secs] 634511K->89784K(2029056K), 0.0254195 secs] [Times: user=0.11 sys=0.00, real=0.03 secs] 
2020-09-29T18:07:07.257+0200: 83.061: [GC (Allocation Failure) 2020-09-29T18:07:07.257+0200: 83.061: [ParNew: 608244K->46183K(613440K), 0.0183613 secs] 635128K->73066K(2029056K), 0.0184229 secs] [Times: user=0.13 sys=0.00, real=0.02 secs] 
2020-09-29T18:07:07.322+0200: 83.126: [GC (Allocation Failure) 2020-09-29T18:07:07.322+0200: 83.126: [ParNew: 591527K->45846K(613440K), 0.0163465 secs] 618410K->72730K(2029056K), 0.0164036 secs] [Times: user=0.13 sys=0.00, real=0.02 secs] 
2020-09-29T18:07:07.390+0200: 83.194: [GC (Allocation Failure) 2020-09-29T18:07:07.391+0200: 83.194: [ParNew: 591190K->31755K(613440K), 0.0107966 secs] 618074K->58639K(2029056K), 0.0108581 secs] [Times: user=0.13 sys=0.00, real=0.01 secs] 
2020-09-29T18:07:07.451+0200: 83.254: [GC (Allocation Failure) 2020-09-29T18:07:07.451+0200: 83.255: [ParNew: 577099K->45599K(613440K), 0.0197622 secs] 603983K->72483K(2029056K), 0.0198265 secs] [Times: user=0.13 sys=0.00, real=0.02 secs] 
2020-09-29T18:07:07.519+0200: 83.323: [GC (Allocation Failure) 2020-09-29T18:07:07.519+0200: 83.323: [ParNew: 590943K->61623K(613440K), 0.0200192 secs] 617827K->88507K(2029056K), 0.0200754 secs] [Times: user=0.25 sys=0.00, real=0.02 secs] 
2020-09-29T18:07:07.587+0200: 83.391: [GC (Allocation Failure) 2020-09-29T18:07:07.587+0200: 83.391: [ParNew: 606967K->45959K(613440K), 0.0196838 secs] 633851K->72843K(2029056K), 0.0197440 secs] [Times: user=0.13 sys=0.00, real=0.02 secs] 
2020-09-29T18:07:07.656+0200: 83.460: [GC (Allocation Failure) 2020-09-29T18:07:07.656+0200: 83.460: [ParNew: 591303K->40810K(613440K), 0.0122377 secs] 618187K->67694K(2029056K), 0.0122991 secs] [Times: user=0.13 sys=0.00, real=0.01 secs] 
2020-09-29T18:07:07.718+0200: 83.522: [GC (Allocation Failure) 2020-09-29T18:07:07.718+0200: 83.522: [ParNew: 586154K->34565K(613440K), 0.0136339 secs] 613038K->61449K(2029056K), 0.0137175 secs] [Times: user=0.13 sys=0.00, real=0.01 secs] 
2020-09-29T18:07:07.779+0200: 83.583: [GC (Allocation Failure) 2020-09-29T18:07:07.779+0200: 83.583: [ParNew: 579909K->17693K(613440K), 0.0097803 secs] 606793K->44577K(2029056K), 0.0098370 secs] [Times: user=0.13 sys=0.00, real=0.01 secs] 
2020-09-29T18:07:07.839+0200: 83.643: [GC (Allocation Failure) 2020-09-29T18:07:07.839+0200: 83.643: [ParNew: 563037K->33355K(613440K), 0.0154808 secs] 589921K->60239K(2029056K), 0.0155386 secs] [Times: user=0.13 sys=0.00, real=0.02 secs] 
2020-09-29T18:07:07.901+0200: 83.705: [GC (Allocation Failure) 2020-09-29T18:07:07.901+0200: 83.705: [ParNew: 578699K->30208K(613440K), 0.0143741 secs] 605583K->57092K(2029056K), 0.0144301 secs] [Times: user=0.13 sys=0.00, real=0.01 secs] 
2020-09-29T18:07:07.966+0200: 83.770: [GC (Allocation Failure) 2020-09-29T18:07:07.966+0200: 83.770: [ParNew: 575552K->22858K(613440K), 0.0070778 secs] 602436K->49741K(2029056K), 0.0071390 secs] [Times: user=0.13 sys=0.00, real=0.01 secs] 
2020-09-29T18:07:08.023+0200: 83.827: [GC (Allocation Failure) 2020-09-29T18:07:08.023+0200: 83.827: [ParNew: 568202K->27250K(613440K), 0.0131670 secs] 595085K->54133K(2029056K), 0.0132220 secs] [Times: user=0.13 sys=0.00, real=0.01 secs] 
2020-09-29T18:07:08.087+0200: 83.891: [GC (Allocation Failure) 2020-09-29T18:07:08.087+0200: 83.891: [ParNew: 572594K->21423K(613440K), 0.0112773 secs] 599477K->48306K(2029056K), 0.0113301 secs] [Times: user=0.13 sys=0.00, real=0.01 secs] 
2020-09-29T18:07:08.153+0200: 83.957: [GC (Allocation Failure) 2020-09-29T18:07:08.153+0200: 83.957: [ParNew: 566767K->42119K(613440K), 0.0171623 secs] 593650K->69003K(2029056K), 0.0172257 secs] [Times: user=0.13 sys=0.00, real=0.02 secs] 
2020-09-29T18:07:08.222+0200: 84.026: [GC (Allocation Failure) 2020-09-29T18:07:08.222+0200: 84.026: [ParNew: 587463K->33908K(613440K), 0.0167133 secs] 614347K->60792K(2029056K), 0.0167942 secs] [Times: user=0.14 sys=0.00, real=0.02 secs] 
2020-09-29T18:07:08.287+0200: 84.091: [GC (Allocation Failure) 2020-09-29T18:07:08.287+0200: 84.091: [ParNew: 579252K->32571K(613440K), 0.0147640 secs] 606136K->59454K(2029056K), 0.0148197 secs] [Times: user=0.13 sys=0.00, real=0.02 secs] 
2020-09-29T18:07:08.350+0200: 84.154: [GC (Allocation Failure) 2020-09-29T18:07:08.350+0200: 84.154: [ParNew: 577915K->54559K(613440K), 0.0204707 secs] 604798K->81442K(2029056K), 0.0205628 secs] [Times: user=0.13 sys=0.00, real=0.02 secs] 
2020-09-29T18:07:08.418+0200: 84.221: [GC (Allocation Failure) 2020-09-29T18:07:08.418+0200: 84.221: [ParNew: 599903K->33762K(613440K), 0.0084652 secs] 626786K->60646K(2029056K), 0.0085371 secs] [Times: user=0.00 sys=0.00, real=0.01 secs] 
2020-09-29T18:07:08.483+0200: 84.287: [GC (Allocation Failure) 2020-09-29T18:07:08.483+0200: 84.287: [ParNew: 579106K->37922K(613440K), 0.0187240 secs] 605990K->64805K(2029056K), 0.0187807 secs] [Times: user=0.13 sys=0.00, real=0.02 secs] 
2020-09-29T18:07:08.548+0200: 84.351: [GC (Allocation Failure) 2020-09-29T18:07:08.548+0200: 84.351: [ParNew: 583266K->53304K(613440K), 0.0179898 secs] 610149K->80188K(2029056K), 0.0180754 secs] [Times: user=0.13 sys=0.00, real=0.02 secs] 
2020-09-29T18:07:08.614+0200: 84.417: [GC (Allocation Failure) 2020-09-29T18:07:08.614+0200: 84.417: [ParNew: 598648K->45083K(613440K), 0.0182587 secs] 625532K->71966K(2029056K), 0.0183268 secs] [Times: user=0.13 sys=0.00, real=0.02 secs] 
2020-09-29T18:07:08.679+0200: 84.482: [GC (Allocation Failure) 2020-09-29T18:07:08.679+0200: 84.483: [ParNew: 590427K->37299K(613440K), 0.0154479 secs] 617310K->64183K(2029056K), 0.0155041 secs] [Times: user=0.13 sys=0.00, real=0.02 secs] 
2020-09-29T18:07:08.743+0200: 84.547: [GC (Allocation Failure) 2020-09-29T18:07:08.743+0200: 84.547: [ParNew: 582643K->33266K(613440K), 0.0162098 secs] 609527K->60149K(2029056K), 0.0162801 secs] [Times: user=0.13 sys=0.00, real=0.02 secs] 
2020-09-29T18:07:08.812+0200: 84.615: [GC (Allocation Failure) 2020-09-29T18:07:08.812+0200: 84.615: [ParNew: 578610K->31538K(613440K), 0.0150053 secs] 605493K->58421K(2029056K), 0.0150630 secs] [Times: user=0.13 sys=0.00, real=0.01 secs] 
2020-09-29T18:07:08.877+0200: 84.680: [GC (Allocation Failure) 2020-09-29T18:07:08.877+0200: 84.680: [ParNew: 576882K->54791K(613440K), 0.0193479 secs] 603765K->81675K(2029056K), 0.0194035 secs] [Times: user=0.25 sys=0.00, real=0.02 secs] 
2020-09-29T18:07:08.943+0200: 84.746: [GC (Allocation Failure) 2020-09-29T18:07:08.943+0200: 84.746: [ParNew: 600135K->36691K(613440K), 0.0157960 secs] 627019K->63575K(2029056K), 0.0158550 secs] [Times: user=0.13 sys=0.00, real=0.02 secs] 
2020-09-29T18:07:09.006+0200: 84.809: [GC (Allocation Failure) 2020-09-29T18:07:09.006+0200: 84.809: [ParNew: 580110K->27580K(613440K), 0.0113706 secs] 606994K->54464K(2029056K), 0.0114263 secs] [Times: user=0.00 sys=0.00, real=0.01 secs] 
2020-09-29T18:07:09.063+0200: 84.867: [GC (Allocation Failure) 2020-09-29T18:07:09.063+0200: 84.867: [ParNew: 572924K->51308K(613440K), 0.0203999 secs] 599808K->78192K(2029056K), 0.0204686 secs] [Times: user=0.25 sys=0.00, real=0.02 secs] 
2020-09-29T18:07:09.130+0200: 84.934: [GC (Allocation Failure) 2020-09-29T18:07:09.130+0200: 84.934: [ParNew: 596652K->32960K(613440K), 0.0090092 secs] 623536K->59844K(2029056K), 0.0090646 secs] [Times: user=0.00 sys=0.00, real=0.01 secs] 
2020-09-29T18:07:09.188+0200: 84.992: [GC (Allocation Failure) 2020-09-29T18:07:09.188+0200: 84.992: [ParNew: 578304K->43332K(613440K), 0.0245109 secs] 605188K->70216K(2029056K), 0.0245782 secs] [Times: user=0.19 sys=0.00, real=0.03 secs] 
2020-09-29T18:07:09.261+0200: 85.065: [GC (Allocation Failure) 2020-09-29T18:07:09.261+0200: 85.065: [ParNew: 588676K->30363K(613440K), 0.0149148 secs] 615560K->57247K(2029056K), 0.0149960 secs] [Times: user=0.13 sys=0.00, real=0.02 secs] 
2020-09-29T18:07:09.325+0200: 85.129: [GC (Allocation Failure) 2020-09-29T18:07:09.325+0200: 85.129: [ParNew: 575707K->48579K(613440K), 0.0184379 secs] 602591K->75463K(2029056K), 0.0185190 secs] [Times: user=0.13 sys=0.00, real=0.02 secs] 
2020-09-29T18:07:09.390+0200: 85.193: [GC (Allocation Failure) 2020-09-29T18:07:09.390+0200: 85.193: [ParNew: 593923K->60621K(613440K), 0.0221698 secs] 620807K->87505K(2029056K), 0.0222431 secs] [Times: user=0.25 sys=0.00, real=0.02 secs] 
2020-09-29T18:07:09.459+0200: 85.263: [GC (Allocation Failure) 2020-09-29T18:07:09.459+0200: 85.263: [ParNew: 605965K->53021K(613440K), 0.0215486 secs] 632849K->79905K(2029056K), 0.0216023 secs] [Times: user=0.13 sys=0.00, real=0.02 secs] 
2020-09-29T18:07:09.527+0200: 85.331: [GC (Allocation Failure) 2020-09-29T18:07:09.527+0200: 85.331: [ParNew: 598365K->44780K(613440K), 0.0157463 secs] 625249K->71663K(2029056K), 0.0158027 secs] [Times: user=0.13 sys=0.00, real=0.02 secs] 
2020-09-29T18:07:09.594+0200: 85.398: [GC (Allocation Failure) 2020-09-29T18:07:09.594+0200: 85.398: [ParNew: 590124K->33769K(613440K), 0.0097971 secs] 617007K->60652K(2029056K), 0.0098653 secs] [Times: user=0.11 sys=0.00, real=0.01 secs] 
2020-09-29T18:07:09.660+0200: 85.464: [GC (Allocation Failure) 2020-09-29T18:07:09.660+0200: 85.464: [ParNew: 579113K->26943K(613440K), 0.0140266 secs] 605996K->53827K(2029056K), 0.0153223 secs] [Times: user=0.05 sys=0.00, real=0.02 secs] 
2020-09-29T18:07:09.722+0200: 85.525: [GC (Allocation Failure) 2020-09-29T18:07:09.722+0200: 85.525: [ParNew: 572287K->20710K(613440K), 0.0116528 secs] 599171K->47593K(2029056K), 0.0117086 secs] [Times: user=0.13 sys=0.00, real=0.01 secs] 
2020-09-29T18:07:09.789+0200: 85.592: [GC (Allocation Failure) 2020-09-29T18:07:09.789+0200: 85.592: [ParNew: 566054K->19804K(613440K), 0.0111865 secs] 592937K->46688K(2029056K), 0.0112436 secs] [Times: user=0.00 sys=0.00, real=0.01 secs] 
2020-09-29T18:07:09.858+0200: 85.662: [GC (Allocation Failure) 2020-09-29T18:07:09.858+0200: 85.662: [ParNew: 565148K->18235K(613440K), 0.0095763 secs] 592032K->45119K(2029056K), 0.0096366 secs] [Times: user=0.13 sys=0.00, real=0.01 secs] 
2020-09-29T18:07:09.918+0200: 85.722: [GC (Allocation Failure) 2020-09-29T18:07:09.918+0200: 85.722: [ParNew: 563579K->29447K(613440K), 0.0154619 secs] 590463K->56330K(2029056K), 0.0155159 secs] [Times: user=0.13 sys=0.00, real=0.02 secs] 
2020-09-29T18:07:09.979+0200: 85.783: [GC (Allocation Failure) 2020-09-29T18:07:09.979+0200: 85.783: [ParNew: 574791K->40034K(613440K), 0.0143669 secs] 601674K->66917K(2029056K), 0.0144233 secs] [Times: user=0.13 sys=0.00, real=0.01 secs] 
2020-09-29T18:07:10.040+0200: 85.843: [GC (Allocation Failure) 2020-09-29T18:07:10.040+0200: 85.843: [ParNew: 585378K->27511K(613440K), 0.0142024 secs] 612261K->54395K(2029056K), 0.0142986 secs] [Times: user=0.11 sys=0.00, real=0.01 secs] 
2020-09-29T18:07:10.103+0200: 85.907: [GC (Allocation Failure) 2020-09-29T18:07:10.103+0200: 85.907: [ParNew: 572855K->46354K(613440K), 0.0185065 secs] 599739K->73238K(2029056K), 0.0185747 secs] [Times: user=0.13 sys=0.00, real=0.02 secs] 
2020-09-29T18:07:10.167+0200: 85.971: [GC (Allocation Failure) 2020-09-29T18:07:10.167+0200: 85.971: [ParNew: 591698K->32640K(613440K), 0.0107786 secs] 618582K->59524K(2029056K), 0.0108542 secs] [Times: user=0.13 sys=0.00, real=0.01 secs] 
2020-09-29T18:07:10.233+0200: 86.037: [GC (Allocation Failure) 2020-09-29T18:07:10.233+0200: 86.037: [ParNew: 577984K->18104K(613440K), 0.0113310 secs] 604868K->44988K(2029056K), 0.0114024 secs] [Times: user=0.13 sys=0.00, real=0.01 secs] 
2020-09-29T18:07:10.295+0200: 86.099: [GC (Allocation Failure) 2020-09-29T18:07:10.295+0200: 86.099: [ParNew: 563448K->28724K(613440K), 0.0140385 secs] 590332K->55608K(2029056K), 0.0141208 secs] [Times: user=0.13 sys=0.00, real=0.01 secs] 
2020-09-29T18:07:10.362+0200: 86.166: [GC (Allocation Failure) 2020-09-29T18:07:10.362+0200: 86.166: [ParNew: 574068K->36707K(613440K), 0.0153562 secs] 600952K->63591K(2029056K), 0.0154146 secs] [Times: user=0.11 sys=0.02, real=0.02 secs] 
2020-09-29T18:07:10.430+0200: 86.234: [GC (Allocation Failure) 2020-09-29T18:07:10.430+0200: 86.234: [ParNew: 582051K->47791K(613440K), 0.0207046 secs] 608935K->74674K(2029056K), 0.0207915 secs] [Times: user=0.13 sys=0.00, real=0.02 secs] 
2020-09-29T18:07:10.498+0200: 86.302: [GC (Allocation Failure) 2020-09-29T18:07:10.498+0200: 86.302: [ParNew: 593135K->36936K(613440K), 0.0128862 secs] 620018K->63820K(2029056K), 0.0129441 secs] [Times: user=0.13 sys=0.00, real=0.01 secs] 
2020-09-29T18:07:10.559+0200: 86.362: [GC (Allocation Failure) 2020-09-29T18:07:10.559+0200: 86.362: [ParNew: 582280K->21657K(613440K), 0.0110014 secs] 609164K->48541K(2029056K), 0.0110810 secs] [Times: user=0.13 sys=0.00, real=0.01 secs] 
2020-09-29T18:07:10.625+0200: 86.429: [GC (Allocation Failure) 2020-09-29T18:07:10.625+0200: 86.429: [ParNew: 567001K->41473K(613440K), 0.0184652 secs] 593885K->68357K(2029056K), 0.0185566 secs] [Times: user=0.11 sys=0.00, real=0.02 secs] 
2020-09-29T18:07:10.689+0200: 86.493: [GC (Allocation Failure) 2020-09-29T18:07:10.690+0200: 86.493: [ParNew: 586817K->52849K(613440K), 0.0211538 secs] 613701K->79733K(2029056K), 0.0212143 secs] [Times: user=0.25 sys=0.00, real=0.02 secs] 
2020-09-29T18:07:10.758+0200: 86.561: [GC (Allocation Failure) 2020-09-29T18:07:10.758+0200: 86.561: [ParNew: 598193K->41459K(613440K), 0.0156889 secs] 625077K->68342K(2029056K), 0.0157611 secs] [Times: user=0.13 sys=0.00, real=0.02 secs] 
2020-09-29T18:07:10.824+0200: 86.628: [GC (Allocation Failure) 2020-09-29T18:07:10.824+0200: 86.628: [ParNew: 586803K->57101K(613440K), 0.0203721 secs] 613686K->83985K(2029056K), 0.0204411 secs] [Times: user=0.13 sys=0.00, real=0.02 secs] 
2020-09-29T18:07:10.891+0200: 86.695: [GC (Allocation Failure) 2020-09-29T18:07:10.891+0200: 86.695: [ParNew: 602445K->43384K(613440K), 0.0140343 secs] 629329K->70268K(2029056K), 0.0140892 secs] [Times: user=0.13 sys=0.00, real=0.01 secs] 
2020-09-29T18:07:10.952+0200: 86.755: [GC (Allocation Failure) 2020-09-29T18:07:10.952+0200: 86.755: [ParNew: 588728K->22352K(613440K), 0.0128501 secs] 615612K->49236K(2029056K), 0.0129051 secs] [Times: user=0.13 sys=0.00, real=0.01 secs] 
2020-09-29T18:07:11.009+0200: 86.812: [GC (Allocation Failure) 2020-09-29T18:07:11.009+0200: 86.812: [ParNew: 567696K->37745K(613440K), 0.0172678 secs] 594580K->64629K(2029056K), 0.0173367 secs] [Times: user=0.13 sys=0.00, real=0.02 secs] 
2020-09-29T18:07:11.072+0200: 86.875: [GC (Allocation Failure) 2020-09-29T18:07:11.072+0200: 86.875: [ParNew: 583089K->31928K(613440K), 0.0098454 secs] 609973K->58812K(2029056K), 0.0099034 secs] [Times: user=0.00 sys=0.00, real=0.01 secs] 
2020-09-29T18:07:11.129+0200: 86.932: [GC (Allocation Failure) 2020-09-29T18:07:11.129+0200: 86.932: [ParNew: 577272K->37421K(613440K), 0.0162280 secs] 604156K->64304K(2029056K), 0.0163017 secs] [Times: user=0.25 sys=0.00, real=0.02 secs] 
2020-09-29T18:07:11.194+0200: 86.998: [GC (Allocation Failure) 2020-09-29T18:07:11.194+0200: 86.998: [ParNew: 582765K->41186K(613440K), 0.0195033 secs] 609648K->68070K(2029056K), 0.0195660 secs] [Times: user=0.11 sys=0.00, real=0.02 secs] 
2020-09-29T18:07:11.261+0200: 87.064: [GC (Allocation Failure) 2020-09-29T18:07:11.261+0200: 87.064: [ParNew: 586530K->24367K(613440K), 0.0082548 secs] 613414K->51251K(2029056K), 0.0083108 secs] [Times: user=0.00 sys=0.00, real=0.01 secs] 
2020-09-29T18:07:11.316+0200: 87.120: [GC (Allocation Failure) 2020-09-29T18:07:11.316+0200: 87.120: [ParNew: 569711K->13666K(613440K), 0.0066712 secs] 596595K->40549K(2029056K), 0.0067250 secs] [Times: user=0.03 sys=0.00, real=0.01 secs] 
2020-09-29T18:07:11.372+0200: 87.176: [GC (Allocation Failure) 2020-09-29T18:07:11.372+0200: 87.176: [ParNew: 559010K->22302K(613440K), 0.0130638 secs] 585893K->49186K(2029056K), 0.0131332 secs] [Times: user=0.13 sys=0.00, real=0.01 secs] 
2020-09-29T18:07:11.432+0200: 87.235: [GC (Allocation Failure) 2020-09-29T18:07:11.432+0200: 87.235: [ParNew: 567646K->28741K(613440K), 0.0123733 secs] 594530K->55624K(2029056K), 0.0124243 secs] [Times: user=0.13 sys=0.00, real=0.01 secs] 
2020-09-29T18:07:11.496+0200: 87.300: [GC (Allocation Failure) 2020-09-29T18:07:11.496+0200: 87.300: [ParNew: 574085K->22698K(613440K), 0.0101167 secs] 600968K->49581K(2029056K), 0.0102074 secs] [Times: user=0.13 sys=0.00, real=0.01 secs] 
2020-09-29T18:07:11.552+0200: 87.356: [GC (Allocation Failure) 2020-09-29T18:07:11.552+0200: 87.356: [ParNew: 568042K->36086K(613440K), 0.0157886 secs] 594925K->62970K(2029056K), 0.0158659 secs] [Times: user=0.13 sys=0.00, real=0.02 secs] 
2020-09-29T18:07:11.620+0200: 87.423: [GC (Allocation Failure) 2020-09-29T18:07:11.620+0200: 87.423: [ParNew: 581430K->40581K(613440K), 0.0159831 secs] 608314K->67465K(2029056K), 0.0160512 secs] [Times: user=0.13 sys=0.00, real=0.02 secs] 
2020-09-29T18:07:11.682+0200: 87.485: [GC (Allocation Failure) 2020-09-29T18:07:11.682+0200: 87.485: [ParNew: 585925K->28891K(613440K), 0.0142194 secs] 612809K->55775K(2029056K), 0.0142756 secs] [Times: user=0.13 sys=0.00, real=0.01 secs] 
2020-09-29T18:07:11.748+0200: 87.552: [GC (Allocation Failure) 2020-09-29T18:07:11.748+0200: 87.552: [ParNew: 574235K->29081K(613440K), 0.0137072 secs] 601119K->55965K(2029056K), 0.0138017 secs] [Times: user=0.13 sys=0.00, real=0.01 secs] 
2020-09-29T18:07:11.809+0200: 87.613: [GC (Allocation Failure) 2020-09-29T18:07:11.809+0200: 87.613: [ParNew: 574425K->27749K(613440K), 0.0132371 secs] 601309K->54633K(2029056K), 0.0133000 secs] [Times: user=0.13 sys=0.00, real=0.01 secs] 
2020-09-29T18:07:11.873+0200: 87.677: [GC (Allocation Failure) 2020-09-29T18:07:11.873+0200: 87.677: [ParNew: 573093K->41845K(613440K), 0.0182891 secs] 599977K->68729K(2029056K), 0.0183576 secs] [Times: user=0.13 sys=0.00, real=0.02 secs] 
2020-09-29T18:07:11.937+0200: 87.741: [GC (Allocation Failure) 2020-09-29T18:07:11.937+0200: 87.741: [ParNew: 587189K->38126K(613440K), 0.0175666 secs] 614073K->65010K(2029056K), 0.0176239 secs] [Times: user=0.13 sys=0.00, real=0.02 secs] 
2020-09-29T18:07:12.003+0200: 87.806: [GC (Allocation Failure) 2020-09-29T18:07:12.003+0200: 87.806: [ParNew: 583117K->3569K(613440K), 0.0044835 secs] 610000K->30452K(2029056K), 0.0045363 secs] [Times: user=0.13 sys=0.00, real=0.00 secs] 
2020-09-29T18:07:12.063+0200: 87.867: [GC (Allocation Failure) 2020-09-29T18:07:12.063+0200: 87.867: [ParNew: 548913K->28502K(613440K), 0.0159873 secs] 575796K->55386K(2029056K), 0.0160866 secs] [Times: user=0.11 sys=0.00, real=0.02 secs] 
2020-09-29T18:07:12.123+0200: 87.926: [GC (Allocation Failure) 2020-09-29T18:07:12.123+0200: 87.926: [ParNew: 573846K->38684K(613440K), 0.0148527 secs] 600730K->65568K(2029056K), 0.0149083 secs] [Times: user=0.13 sys=0.00, real=0.02 secs] 
2020-09-29T18:07:12.185+0200: 87.988: [GC (Allocation Failure) 2020-09-29T18:07:12.185+0200: 87.988: [ParNew: 584028K->25808K(613440K), 0.0148829 secs] 610912K->52692K(2029056K), 0.0149477 secs] [Times: user=0.11 sys=0.00, real=0.01 secs] 
2020-09-29T18:07:12.250+0200: 88.053: [GC (Allocation Failure) 2020-09-29T18:07:12.250+0200: 88.053: [ParNew: 571152K->35060K(613440K), 0.0174519 secs] 598036K->61944K(2029056K), 0.0175125 secs] [Times: user=0.13 sys=0.00, real=0.02 secs] 
2020-09-29T18:07:12.313+0200: 88.116: [GC (Allocation Failure) 2020-09-29T18:07:12.313+0200: 88.116: [ParNew: 580404K->49423K(613440K), 0.0167887 secs] 607288K->76307K(2029056K), 0.0168640 secs] [Times: user=0.13 sys=0.00, real=0.02 secs] 
2020-09-29T18:07:12.373+0200: 88.177: [GC (Allocation Failure) 2020-09-29T18:07:12.373+0200: 88.177: [ParNew: 594767K->21241K(613440K), 0.0095099 secs] 621651K->48125K(2029056K), 0.0095646 secs] [Times: user=0.13 sys=0.00, real=0.01 secs] 
2020-09-29T18:07:12.432+0200: 88.235: [GC (Allocation Failure) 2020-09-29T18:07:12.432+0200: 88.235: [ParNew: 566585K->32265K(613440K), 0.0159910 secs] 593469K->59149K(2029056K), 0.0160572 secs] [Times: user=0.13 sys=0.00, real=0.02 secs] 
2020-09-29T18:07:12.495+0200: 88.298: [GC (Allocation Failure) 2020-09-29T18:07:12.495+0200: 88.298: [ParNew: 577609K->20522K(613440K), 0.0094206 secs] 604493K->47406K(2029056K), 0.0094749 secs] [Times: user=0.00 sys=0.00, real=0.01 secs] 
2020-09-29T18:07:12.551+0200: 88.355: [GC (Allocation Failure) 2020-09-29T18:07:12.551+0200: 88.355: [ParNew: 565866K->27179K(613440K), 0.0144150 secs] 592750K->54062K(2029056K), 0.0144843 secs] [Times: user=0.13 sys=0.00, real=0.01 secs] 
2020-09-29T18:07:12.639+0200: 88.442: [GC (Allocation Failure) 2020-09-29T18:07:12.639+0200: 88.442: [ParNew: 572523K->17783K(613440K), 0.0062442 secs] 599406K->44667K(2029056K), 0.0062987 secs] [Times: user=0.13 sys=0.00, real=0.01 secs] 
2020-09-29T18:07:12.732+0200: 88.535: [GC (Allocation Failure) 2020-09-29T18:07:12.732+0200: 88.535: [ParNew: 561902K->637K(613440K), 0.0015810 secs] 588786K->27521K(2029056K), 0.0016294 secs] [Times: user=0.00 sys=0.00, real=0.00 secs] 
2020-09-29T18:07:12.819+0200: 88.623: [GC (Allocation Failure) 2020-09-29T18:07:12.819+0200: 88.623: [ParNew: 545981K->12317K(613440K), 0.0101340 secs] 572865K->39200K(2029056K), 0.0102172 secs] [Times: user=0.00 sys=0.00, real=0.01 secs] 
2020-09-29T18:07:12.921+0200: 88.725: [GC (Allocation Failure) 2020-09-29T18:07:12.921+0200: 88.725: [ParNew: 557661K->17737K(613440K), 0.0094480 secs] 584544K->44620K(2029056K), 0.0095034 secs] [Times: user=0.13 sys=0.00, real=0.01 secs] 
2020-09-29T18:07:13.020+0200: 88.824: [GC (Allocation Failure) 2020-09-29T18:07:13.020+0200: 88.824: [ParNew: 563081K->12322K(613440K), 0.0084833 secs] 589964K->39205K(2029056K), 0.0085377 secs] [Times: user=0.00 sys=0.00, real=0.01 secs] 
2020-09-29T18:07:13.113+0200: 88.916: [GC (Allocation Failure) 2020-09-29T18:07:13.113+0200: 88.916: [ParNew: 557666K->8308K(613440K), 0.0075207 secs] 584549K->35191K(2029056K), 0.0075758 secs] [Times: user=0.13 sys=0.00, real=0.01 secs] 
2020-09-29T18:07:13.207+0200: 89.011: [GC (Allocation Failure) 2020-09-29T18:07:13.207+0200: 89.011: [ParNew: 553652K->7429K(613440K), 0.0071422 secs] 580535K->34312K(2029056K), 0.0072027 secs] [Times: user=0.00 sys=0.02, real=0.01 secs] 
2020-09-29T18:07:13.304+0200: 89.108: [GC (Allocation Failure) 2020-09-29T18:07:13.304+0200: 89.108: [ParNew: 552773K->5945K(613440K), 0.0060046 secs] 579656K->32829K(2029056K), 0.0060602 secs] [Times: user=0.00 sys=0.00, real=0.01 secs] 
2020-09-29T18:07:13.396+0200: 89.200: [GC (Allocation Failure) 2020-09-29T18:07:13.396+0200: 89.200: [ParNew: 551289K->3470K(613440K), 0.0046152 secs] 578173K->30354K(2029056K), 0.0046830 secs] [Times: user=0.00 sys=0.00, real=0.01 secs] 
Heap
 par new generation   total 613440K, used 35885K [0x0000000080000000, 0x00000000a9990000, 0x00000000a9990000)
  eden space 545344K,   5% used [0x0000000080000000, 0x0000000081fa7be0, 0x00000000a1490000)
  from space 68096K,   5% used [0x00000000a5710000, 0x00000000a5a73b88, 0x00000000a9990000)
  to   space 68096K,   0% used [0x00000000a1490000, 0x00000000a1490000, 0x00000000a5710000)
 concurrent mark-sweep generation total 1415616K, used 26883K [0x00000000a9990000, 0x0000000100000000, 0x0000000100000000)
 Metaspace       used 2594K, capacity 4486K, committed 4864K, reserved 1056768K
  class space    used 285K, capacity 386K, committed 512K, reserved 1048576K
