Java HotSpot(TM) 64-Bit Server VM (25.261-b12) for windows-amd64 JRE (1.8.0_261-b12), built on Jun 18 2020 06:56:32 by "" with unknown MS VC++:1916
Memory: 4k page, physical 16659684k(9456860k free), swap 23213284k(9168056k free)
CommandLine flags: -XX:InitialHeapSize=2147483648 -XX:MaxHeapSize=2147483648 -XX:MaxNewSize=697933824 -XX:MaxTenuringThreshold=6 -XX:NewSize=697933824 -XX:OldPLABSize=16 -XX:OldSize=1395867648 -XX:+PrintGC -XX:+PrintGCDateStamps -XX:+PrintGCDetails -XX:+PrintGCTimeStamps -XX:+UseCompressedClassPointers -XX:+UseCompressedOops -XX:+UseConcMarkSweepGC -XX:-UseLargePagesIndividualAllocation -XX:+UseParNewGC 
2020-09-29T18:29:47.855+0200: 0.248: [GC (Allocation Failure) 2020-09-29T18:29:47.855+0200: 0.248: [ParNew: 545344K->39988K(613440K), 0.0360566 secs] 545344K->39988K(2029056K), 0.0362040 secs] [Times: user=0.20 sys=0.01, real=0.04 secs] 
2020-09-29T18:29:47.950+0200: 0.343: [GC (Allocation Failure) 2020-09-29T18:29:47.950+0200: 0.343: [ParNew: 585332K->31954K(613440K), 0.0479239 secs] 585332K->32347K(2029056K), 0.0480698 secs] [Times: user=0.31 sys=0.06, real=0.05 secs] 
2020-09-29T18:29:48.058+0200: 0.451: [GC (Allocation Failure) 2020-09-29T18:29:48.058+0200: 0.451: [ParNew: 577298K->52727K(613440K), 0.0231887 secs] 577691K->53120K(2029056K), 0.0232504 secs] [Times: user=0.13 sys=0.00, real=0.02 secs] 
2020-09-29T18:29:48.129+0200: 0.522: [GC (Allocation Failure) 2020-09-29T18:29:48.129+0200: 0.522: [ParNew: 598071K->62871K(613440K), 0.0232093 secs] 598464K->63263K(2029056K), 0.0232942 secs] [Times: user=0.23 sys=0.00, real=0.02 secs] 
2020-09-29T18:29:48.201+0200: 0.594: [GC (Allocation Failure) 2020-09-29T18:29:48.201+0200: 0.594: [ParNew: 608215K->47737K(613440K), 0.0201663 secs] 608607K->48129K(2029056K), 0.0202248 secs] [Times: user=0.13 sys=0.00, real=0.02 secs] 
2020-09-29T18:29:48.273+0200: 0.665: [GC (Allocation Failure) 2020-09-29T18:29:48.273+0200: 0.665: [ParNew: 593081K->44884K(613440K), 0.0141826 secs] 593473K->45276K(2029056K), 0.0142379 secs] [Times: user=0.13 sys=0.00, real=0.01 secs] 
2020-09-29T18:29:48.338+0200: 0.730: [GC (Allocation Failure) 2020-09-29T18:29:48.338+0200: 0.730: [ParNew: 590228K->36523K(613440K), 0.0143319 secs] 590620K->36915K(2029056K), 0.0144210 secs] [Times: user=0.13 sys=0.00, real=0.01 secs] 
2020-09-29T18:29:48.406+0200: 0.799: [GC (Allocation Failure) 2020-09-29T18:29:48.406+0200: 0.799: [ParNew: 581867K->55077K(613440K), 0.0282728 secs] 582259K->55470K(2029056K), 0.0283437 secs] [Times: user=0.22 sys=0.00, real=0.03 secs] 
2020-09-29T18:29:48.485+0200: 0.877: [GC (Allocation Failure) 2020-09-29T18:29:48.485+0200: 0.877: [ParNew: 600421K->47064K(613440K), 0.0175634 secs] 600814K->47456K(2029056K), 0.0176245 secs] [Times: user=0.13 sys=0.00, real=0.02 secs] 
2020-09-29T18:29:48.555+0200: 0.948: [GC (Allocation Failure) 2020-09-29T18:29:48.555+0200: 0.948: [ParNew: 592408K->35977K(613440K), 0.0112184 secs] 592800K->36369K(2029056K), 0.0112804 secs] [Times: user=0.13 sys=0.00, real=0.01 secs] 
2020-09-29T18:29:48.617+0200: 1.010: [GC (Allocation Failure) 2020-09-29T18:29:48.617+0200: 1.010: [ParNew: 581321K->47954K(613440K), 0.0214277 secs] 581713K->48347K(2029056K), 0.0215220 secs] [Times: user=0.11 sys=0.00, real=0.02 secs] 
2020-09-29T18:29:48.689+0200: 1.082: [GC (Allocation Failure) 2020-09-29T18:29:48.689+0200: 1.082: [ParNew: 593298K->40254K(613440K), 0.0143052 secs] 593691K->40647K(2029056K), 0.0143660 secs] [Times: user=0.13 sys=0.00, real=0.02 secs] 
2020-09-29T18:29:48.754+0200: 1.147: [GC (Allocation Failure) 2020-09-29T18:29:48.754+0200: 1.147: [ParNew: 585598K->31782K(613440K), 0.0137161 secs] 585991K->32175K(2029056K), 0.0137823 secs] [Times: user=0.08 sys=0.00, real=0.01 secs] 
2020-09-29T18:29:48.816+0200: 1.209: [GC (Allocation Failure) 2020-09-29T18:29:48.816+0200: 1.209: [ParNew: 577126K->45535K(613440K), 0.0179528 secs] 577519K->45928K(2029056K), 0.0180334 secs] [Times: user=0.17 sys=0.01, real=0.02 secs] 
2020-09-29T18:29:48.884+0200: 1.277: [GC (Allocation Failure) 2020-09-29T18:29:48.884+0200: 1.277: [ParNew: 590879K->37744K(613440K), 0.0168323 secs] 591272K->38136K(2029056K), 0.0169257 secs] [Times: user=0.13 sys=0.00, real=0.02 secs] 
2020-09-29T18:29:48.952+0200: 1.345: [GC (Allocation Failure) 2020-09-29T18:29:48.952+0200: 1.345: [ParNew: 583088K->59924K(613440K), 0.0214899 secs] 583480K->60316K(2029056K), 0.0215659 secs] [Times: user=0.23 sys=0.00, real=0.02 secs] 
2020-09-29T18:29:49.023+0200: 1.416: [GC (Allocation Failure) 2020-09-29T18:29:49.024+0200: 1.416: [ParNew: 605268K->41640K(613440K), 0.0149119 secs] 605660K->42033K(2029056K), 0.0149892 secs] [Times: user=0.13 sys=0.00, real=0.02 secs] 
2020-09-29T18:29:49.091+0200: 1.483: [GC (Allocation Failure) 2020-09-29T18:29:49.091+0200: 1.483: [ParNew: 586984K->36777K(613440K), 0.0141115 secs] 587377K->37170K(2029056K), 0.0141882 secs] [Times: user=0.13 sys=0.00, real=0.01 secs] 
2020-09-29T18:29:49.156+0200: 1.549: [GC (Allocation Failure) 2020-09-29T18:29:49.156+0200: 1.549: [ParNew: 582121K->20127K(613440K), 0.0112281 secs] 582514K->20519K(2029056K), 0.0112975 secs] [Times: user=0.13 sys=0.00, real=0.01 secs] 
2020-09-29T18:29:49.218+0200: 1.610: [GC (Allocation Failure) 2020-09-29T18:29:49.218+0200: 1.611: [ParNew: 565471K->47936K(613440K), 0.0231672 secs] 565863K->48329K(2029056K), 0.0232324 secs] [Times: user=0.25 sys=0.00, real=0.02 secs] 
2020-09-29T18:29:49.291+0200: 1.684: [GC (Allocation Failure) 2020-09-29T18:29:49.291+0200: 1.684: [ParNew: 593280K->39539K(613440K), 0.0150781 secs] 593673K->39931K(2029056K), 0.0151502 secs] [Times: user=0.13 sys=0.00, real=0.02 secs] 
2020-09-29T18:29:49.357+0200: 1.750: [GC (Allocation Failure) 2020-09-29T18:29:49.357+0200: 1.750: [ParNew: 584883K->53839K(613440K), 0.0205971 secs] 585275K->54231K(2029056K), 0.0206788 secs] [Times: user=0.13 sys=0.00, real=0.02 secs] 
2020-09-29T18:29:49.432+0200: 1.825: [GC (Allocation Failure) 2020-09-29T18:29:49.432+0200: 1.825: [ParNew: 599183K->47550K(613440K), 0.0221850 secs] 599575K->47942K(2029056K), 0.0223003 secs] [Times: user=0.11 sys=0.00, real=0.02 secs] 
2020-09-29T18:29:49.509+0200: 1.902: [GC (Allocation Failure) 2020-09-29T18:29:49.509+0200: 1.902: [ParNew: 592894K->42356K(613440K), 0.0190925 secs] 593286K->42748K(2029056K), 0.0191841 secs] [Times: user=0.13 sys=0.00, real=0.02 secs] 
2020-09-29T18:29:49.585+0200: 1.978: [GC (Allocation Failure) 2020-09-29T18:29:49.585+0200: 1.978: [ParNew: 587700K->41089K(613440K), 0.0183608 secs] 588092K->41481K(2029056K), 0.0184428 secs] [Times: user=0.13 sys=0.00, real=0.02 secs] 
2020-09-29T18:29:49.656+0200: 2.049: [GC (Allocation Failure) 2020-09-29T18:29:49.656+0200: 2.049: [ParNew: 586433K->65400K(613440K), 0.0235635 secs] 586825K->65792K(2029056K), 0.0236567 secs] [Times: user=0.25 sys=0.00, real=0.02 secs] 
2020-09-29T18:29:49.729+0200: 2.122: [GC (Allocation Failure) 2020-09-29T18:29:49.729+0200: 2.122: [ParNew: 610744K->68096K(613440K), 0.0280291 secs] 611136K->69792K(2029056K), 0.0280909 secs] [Times: user=0.25 sys=0.00, real=0.03 secs] 
2020-09-29T18:29:49.806+0200: 2.199: [GC (Allocation Failure) 2020-09-29T18:29:49.806+0200: 2.199: [ParNew: 613440K->50804K(613440K), 0.0150039 secs] 615136K->52501K(2029056K), 0.0150729 secs] [Times: user=0.13 sys=0.00, real=0.02 secs] 
2020-09-29T18:29:49.873+0200: 2.266: [GC (Allocation Failure) 2020-09-29T18:29:49.873+0200: 2.266: [ParNew: 596148K->28226K(613440K), 0.0140652 secs] 597845K->29922K(2029056K), 0.0141265 secs] [Times: user=0.11 sys=0.00, real=0.01 secs] 
2020-09-29T18:29:49.936+0200: 2.329: [GC (Allocation Failure) 2020-09-29T18:29:49.936+0200: 2.329: [ParNew: 573570K->61394K(613440K), 0.0235815 secs] 575266K->63090K(2029056K), 0.0236489 secs] [Times: user=0.25 sys=0.00, real=0.02 secs] 
2020-09-29T18:29:50.006+0200: 2.399: [GC (Allocation Failure) 2020-09-29T18:29:50.006+0200: 2.399: [ParNew: 605868K->40172K(613440K), 0.0110164 secs] 607564K->41868K(2029056K), 0.0110725 secs] [Times: user=0.00 sys=0.00, real=0.01 secs] 
2020-09-29T18:29:50.067+0200: 2.460: [GC (Allocation Failure) 2020-09-29T18:29:50.067+0200: 2.460: [ParNew: 585516K->36007K(613440K), 0.0138890 secs] 587212K->37703K(2029056K), 0.0140003 secs] [Times: user=0.00 sys=0.00, real=0.01 secs] 
2020-09-29T18:29:50.136+0200: 2.528: [GC (Allocation Failure) 2020-09-29T18:29:50.136+0200: 2.528: [ParNew: 581351K->42253K(613440K), 0.0202395 secs] 583047K->43949K(2029056K), 0.0203075 secs] [Times: user=0.13 sys=0.00, real=0.02 secs] 
2020-09-29T18:29:50.206+0200: 2.599: [GC (Allocation Failure) 2020-09-29T18:29:50.206+0200: 2.599: [ParNew: 587597K->60292K(613440K), 0.0193278 secs] 589293K->61988K(2029056K), 0.0193835 secs] [Times: user=0.25 sys=0.00, real=0.02 secs] 
2020-09-29T18:29:50.273+0200: 2.666: [GC (Allocation Failure) 2020-09-29T18:29:50.273+0200: 2.666: [ParNew: 605636K->50088K(613440K), 0.0175385 secs] 607332K->51784K(2029056K), 0.0176182 secs] [Times: user=0.13 sys=0.00, real=0.02 secs] 
2020-09-29T18:29:50.341+0200: 2.734: [GC (Allocation Failure) 2020-09-29T18:29:50.341+0200: 2.734: [ParNew: 595432K->62741K(613440K), 0.0222914 secs] 597128K->64437K(2029056K), 0.0223672 secs] [Times: user=0.13 sys=0.00, real=0.02 secs] 
2020-09-29T18:29:50.412+0200: 2.804: [GC (Allocation Failure) 2020-09-29T18:29:50.412+0200: 2.805: [ParNew: 608085K->50201K(613440K), 0.0225135 secs] 609781K->51898K(2029056K), 0.0225760 secs] [Times: user=0.11 sys=0.00, real=0.02 secs] 
2020-09-29T18:29:50.490+0200: 2.883: [GC (Allocation Failure) 2020-09-29T18:29:50.490+0200: 2.883: [ParNew: 595545K->36736K(613440K), 0.0120768 secs] 597242K->38432K(2029056K), 0.0121330 secs] [Times: user=0.00 sys=0.00, real=0.01 secs] 
2020-09-29T18:29:50.561+0200: 2.954: [GC (Allocation Failure) 2020-09-29T18:29:50.561+0200: 2.954: [ParNew: 582080K->28722K(613440K), 0.0155285 secs] 583776K->30419K(2029056K), 0.0156054 secs] [Times: user=0.13 sys=0.00, real=0.01 secs] 
2020-09-29T18:29:50.625+0200: 3.018: [GC (Allocation Failure) 2020-09-29T18:29:50.625+0200: 3.018: [ParNew: 574066K->62926K(613440K), 0.0248187 secs] 575763K->64623K(2029056K), 0.0249066 secs] [Times: user=0.25 sys=0.00, real=0.03 secs] 
2020-09-29T18:29:50.698+0200: 3.091: [GC (Allocation Failure) 2020-09-29T18:29:50.698+0200: 3.091: [ParNew: 608270K->51295K(613440K), 0.0192239 secs] 609967K->52991K(2029056K), 0.0193030 secs] [Times: user=0.13 sys=0.00, real=0.02 secs] 
2020-09-29T18:29:50.766+0200: 3.158: [GC (Allocation Failure) 2020-09-29T18:29:50.766+0200: 3.158: [ParNew: 596639K->43543K(613440K), 0.0179094 secs] 598335K->45240K(2029056K), 0.0180007 secs] [Times: user=0.13 sys=0.00, real=0.02 secs] 
2020-09-29T18:29:50.831+0200: 3.224: [GC (Allocation Failure) 2020-09-29T18:29:50.831+0200: 3.224: [ParNew: 588887K->38312K(613440K), 0.0180130 secs] 590584K->40008K(2029056K), 0.0181048 secs] [Times: user=0.25 sys=0.00, real=0.02 secs] 
2020-09-29T18:29:50.897+0200: 3.290: [GC (Allocation Failure) 2020-09-29T18:29:50.897+0200: 3.290: [ParNew: 583656K->66518K(613440K), 0.0216995 secs] 585352K->68214K(2029056K), 0.0217571 secs] [Times: user=0.13 sys=0.00, real=0.02 secs] 
2020-09-29T18:29:50.966+0200: 3.359: [GC (Allocation Failure) 2020-09-29T18:29:50.966+0200: 3.359: [ParNew: 611862K->60344K(613440K), 0.0210401 secs] 613558K->62040K(2029056K), 0.0211098 secs] [Times: user=0.13 sys=0.00, real=0.02 secs] 
2020-09-29T18:29:51.034+0200: 3.427: [GC (Allocation Failure) 2020-09-29T18:29:51.034+0200: 3.427: [ParNew: 605688K->42439K(613440K), 0.0145008 secs] 607384K->44135K(2029056K), 0.0145554 secs] [Times: user=0.13 sys=0.00, real=0.02 secs] 
2020-09-29T18:29:51.101+0200: 3.493: [GC (Allocation Failure) 2020-09-29T18:29:51.101+0200: 3.494: [ParNew: 587783K->42557K(613440K), 0.0197554 secs] 589479K->44254K(2029056K), 0.0198371 secs] [Times: user=0.13 sys=0.00, real=0.02 secs] 
2020-09-29T18:29:51.168+0200: 3.561: [GC (Allocation Failure) 2020-09-29T18:29:51.168+0200: 3.561: [ParNew: 587901K->68096K(613440K), 0.0234705 secs] 589598K->69792K(2029056K), 0.0235502 secs] [Times: user=0.25 sys=0.00, real=0.02 secs] 
2020-09-29T18:29:51.240+0200: 3.633: [GC (Allocation Failure) 2020-09-29T18:29:51.240+0200: 3.633: [ParNew: 613440K->45260K(613440K), 0.0114098 secs] 615136K->46957K(2029056K), 0.0114688 secs] [Times: user=0.00 sys=0.00, real=0.01 secs] 
2020-09-29T18:29:51.301+0200: 3.694: [GC (Allocation Failure) 2020-09-29T18:29:51.301+0200: 3.694: [ParNew: 590604K->47768K(613440K), 0.0219357 secs] 592301K->49464K(2029056K), 0.0220250 secs] [Times: user=0.13 sys=0.00, real=0.02 secs] 
2020-09-29T18:29:51.370+0200: 3.763: [GC (Allocation Failure) 2020-09-29T18:29:51.370+0200: 3.763: [ParNew: 593112K->44610K(613440K), 0.0161502 secs] 594808K->46306K(2029056K), 0.0162121 secs] [Times: user=0.13 sys=0.00, real=0.02 secs] 
2020-09-29T18:29:51.440+0200: 3.833: [GC (Allocation Failure) 2020-09-29T18:29:51.441+0200: 3.833: [ParNew: 589954K->42520K(613440K), 0.0209120 secs] 591650K->44216K(2029056K), 0.0209789 secs] [Times: user=0.25 sys=0.00, real=0.02 secs] 
2020-09-29T18:29:51.510+0200: 3.902: [GC (Allocation Failure) 2020-09-29T18:29:51.510+0200: 3.902: [ParNew: 587864K->60003K(613440K), 0.0192349 secs] 589560K->61699K(2029056K), 0.0193139 secs] [Times: user=0.13 sys=0.00, real=0.02 secs] 
2020-09-29T18:29:51.577+0200: 3.970: [GC (Allocation Failure) 2020-09-29T18:29:51.577+0200: 3.970: [ParNew: 605347K->40127K(613440K), 0.0141021 secs] 607043K->41823K(2029056K), 0.0141831 secs] [Times: user=0.11 sys=0.00, real=0.01 secs] 
2020-09-29T18:29:51.646+0200: 4.039: [GC (Allocation Failure) 2020-09-29T18:29:51.646+0200: 4.039: [ParNew: 585471K->52271K(613440K), 0.0239664 secs] 587167K->53967K(2029056K), 0.0240281 secs] [Times: user=0.13 sys=0.00, real=0.02 secs] 
2020-09-29T18:29:51.719+0200: 4.112: [GC (Allocation Failure) 2020-09-29T18:29:51.719+0200: 4.112: [ParNew: 597615K->45610K(613440K), 0.0163851 secs] 599311K->47307K(2029056K), 0.0164601 secs] [Times: user=0.13 sys=0.00, real=0.02 secs] 
2020-09-29T18:29:51.819+0200: 4.212: [GC (Allocation Failure) 2020-09-29T18:29:51.819+0200: 4.212: [ParNew: 590954K->62866K(613440K), 0.0295372 secs] 592651K->64562K(2029056K), 0.0296276 secs] [Times: user=0.23 sys=0.02, real=0.03 secs] 
2020-09-29T18:29:51.897+0200: 4.290: [GC (Allocation Failure) 2020-09-29T18:29:51.897+0200: 4.290: [ParNew: 608210K->50332K(613440K), 0.0223124 secs] 609906K->52028K(2029056K), 0.0223752 secs] [Times: user=0.13 sys=0.00, real=0.02 secs] 
2020-09-29T18:29:51.966+0200: 4.359: [GC (Allocation Failure) 2020-09-29T18:29:51.966+0200: 4.359: [ParNew: 595676K->68096K(613440K), 0.0271910 secs] 597372K->72689K(2029056K), 0.0272444 secs] [Times: user=0.25 sys=0.00, real=0.03 secs] 
2020-09-29T18:29:52.040+0200: 4.432: [GC (Allocation Failure) 2020-09-29T18:29:52.040+0200: 4.433: [ParNew: 613440K->48793K(613440K), 0.0151753 secs] 618033K->53387K(2029056K), 0.0152448 secs] [Times: user=0.13 sys=0.00, real=0.02 secs] 
2020-09-29T18:29:52.109+0200: 4.501: [GC (Allocation Failure) 2020-09-29T18:29:52.109+0200: 4.501: [ParNew: 594137K->50974K(613440K), 0.0194289 secs] 598731K->55567K(2029056K), 0.0194894 secs] [Times: user=0.13 sys=0.00, real=0.02 secs] 
2020-09-29T18:29:52.175+0200: 4.568: [GC (Allocation Failure) 2020-09-29T18:29:52.175+0200: 4.568: [ParNew: 596318K->39937K(613440K), 0.0190861 secs] 600911K->44530K(2029056K), 0.0191466 secs] [Times: user=0.22 sys=0.00, real=0.02 secs] 
2020-09-29T18:29:52.241+0200: 4.634: [GC (Allocation Failure) 2020-09-29T18:29:52.241+0200: 4.634: [ParNew: 585281K->66655K(613440K), 0.0228562 secs] 589874K->71249K(2029056K), 0.0229232 secs] [Times: user=0.13 sys=0.00, real=0.02 secs] 
2020-09-29T18:29:52.311+0200: 4.704: [GC (Allocation Failure) 2020-09-29T18:29:52.311+0200: 4.704: [ParNew: 611999K->52278K(613440K), 0.0171055 secs] 616593K->56872K(2029056K), 0.0171651 secs] [Times: user=0.13 sys=0.00, real=0.02 secs] 
2020-09-29T18:29:52.380+0200: 4.773: [GC (Allocation Failure) 2020-09-29T18:29:52.380+0200: 4.773: [ParNew: 597622K->47101K(613440K), 0.0167129 secs] 602216K->51694K(2029056K), 0.0167829 secs] [Times: user=0.13 sys=0.00, real=0.02 secs] 
2020-09-29T18:29:52.450+0200: 4.843: [GC (Allocation Failure) 2020-09-29T18:29:52.450+0200: 4.843: [ParNew: 592445K->33949K(613440K), 0.0155457 secs] 597038K->38543K(2029056K), 0.0156021 secs] [Times: user=0.13 sys=0.00, real=0.02 secs] 
2020-09-29T18:29:52.517+0200: 4.910: [GC (Allocation Failure) 2020-09-29T18:29:52.517+0200: 4.910: [ParNew: 579293K->33488K(613440K), 0.0141448 secs] 583887K->38082K(2029056K), 0.0142045 secs] [Times: user=0.13 sys=0.00, real=0.01 secs] 
2020-09-29T18:29:52.588+0200: 4.981: [GC (Allocation Failure) 2020-09-29T18:29:52.588+0200: 4.981: [ParNew: 578832K->28029K(613440K), 0.0145628 secs] 583426K->32623K(2029056K), 0.0146355 secs] [Times: user=0.11 sys=0.00, real=0.01 secs] 
2020-09-29T18:29:52.652+0200: 5.045: [GC (Allocation Failure) 2020-09-29T18:29:52.652+0200: 5.045: [ParNew: 573373K->50191K(613440K), 0.0178462 secs] 577967K->54784K(2029056K), 0.0179077 secs] [Times: user=0.13 sys=0.00, real=0.02 secs] 
2020-09-29T18:29:52.718+0200: 5.111: [GC (Allocation Failure) 2020-09-29T18:29:52.718+0200: 5.111: [ParNew: 595535K->36270K(613440K), 0.0167970 secs] 600128K->40864K(2029056K), 0.0168523 secs] [Times: user=0.13 sys=0.00, real=0.02 secs] 
2020-09-29T18:29:52.783+0200: 5.175: [GC (Allocation Failure) 2020-09-29T18:29:52.783+0200: 5.175: [ParNew: 581614K->38265K(613440K), 0.0164851 secs] 586208K->42858K(2029056K), 0.0165573 secs] [Times: user=0.13 sys=0.00, real=0.02 secs] 
2020-09-29T18:29:52.847+0200: 5.239: [GC (Allocation Failure) 2020-09-29T18:29:52.847+0200: 5.240: [ParNew: 583609K->31424K(613440K), 0.0102414 secs] 588202K->36018K(2029056K), 0.0103078 secs] [Times: user=0.13 sys=0.00, real=0.01 secs] 
2020-09-29T18:29:52.911+0200: 5.304: [GC (Allocation Failure) 2020-09-29T18:29:52.911+0200: 5.304: [ParNew: 576768K->30715K(613440K), 0.0142251 secs] 581362K->35309K(2029056K), 0.0142856 secs] [Times: user=0.00 sys=0.00, real=0.01 secs] 
2020-09-29T18:29:52.978+0200: 5.371: [GC (Allocation Failure) 2020-09-29T18:29:52.978+0200: 5.371: [ParNew: 576059K->42012K(613440K), 0.0204554 secs] 580653K->46605K(2029056K), 0.0205313 secs] [Times: user=0.13 sys=0.00, real=0.02 secs] 
2020-09-29T18:29:53.045+0200: 5.438: [GC (Allocation Failure) 2020-09-29T18:29:53.045+0200: 5.438: [ParNew: 587356K->44245K(613440K), 0.0189296 secs] 591949K->48838K(2029056K), 0.0189980 secs] [Times: user=0.13 sys=0.00, real=0.02 secs] 
2020-09-29T18:29:53.112+0200: 5.505: [GC (Allocation Failure) 2020-09-29T18:29:53.112+0200: 5.505: [ParNew: 589589K->45529K(613440K), 0.0180676 secs] 594182K->50123K(2029056K), 0.0181422 secs] [Times: user=0.25 sys=0.00, real=0.02 secs] 
2020-09-29T18:29:53.177+0200: 5.570: [GC (Allocation Failure) 2020-09-29T18:29:53.177+0200: 5.570: [ParNew: 590873K->44410K(613440K), 0.0168260 secs] 595467K->49003K(2029056K), 0.0169209 secs] [Times: user=0.13 sys=0.00, real=0.02 secs] 
2020-09-29T18:29:53.244+0200: 5.637: [GC (Allocation Failure) 2020-09-29T18:29:53.244+0200: 5.637: [ParNew: 589754K->42501K(613440K), 0.0162218 secs] 594347K->47095K(2029056K), 0.0162776 secs] [Times: user=0.13 sys=0.00, real=0.02 secs] 
2020-09-29T18:29:53.307+0200: 5.700: [GC (Allocation Failure) 2020-09-29T18:29:53.307+0200: 5.700: [ParNew: 587845K->63326K(613440K), 0.0217657 secs] 592439K->67919K(2029056K), 0.0218470 secs] [Times: user=0.13 sys=0.00, real=0.02 secs] 
2020-09-29T18:29:53.376+0200: 5.769: [GC (Allocation Failure) 2020-09-29T18:29:53.376+0200: 5.769: [ParNew: 608670K->38901K(613440K), 0.0109089 secs] 613263K->43494K(2029056K), 0.0109630 secs] [Times: user=0.11 sys=0.00, real=0.01 secs] 
2020-09-29T18:29:53.440+0200: 5.833: [GC (Allocation Failure) 2020-09-29T18:29:53.440+0200: 5.833: [ParNew: 584245K->44433K(613440K), 0.0212682 secs] 588838K->49026K(2029056K), 0.0213347 secs] [Times: user=0.25 sys=0.00, real=0.02 secs] 
2020-09-29T18:29:53.512+0200: 5.905: [GC (Allocation Failure) 2020-09-29T18:29:53.512+0200: 5.905: [ParNew: 589777K->58400K(613440K), 0.0191313 secs] 594370K->62993K(2029056K), 0.0192196 secs] [Times: user=0.13 sys=0.00, real=0.02 secs] 
2020-09-29T18:29:53.581+0200: 5.974: [GC (Allocation Failure) 2020-09-29T18:29:53.581+0200: 5.974: [ParNew: 603744K->45484K(613440K), 0.0179715 secs] 608337K->50078K(2029056K), 0.0180308 secs] [Times: user=0.25 sys=0.00, real=0.02 secs] 
2020-09-29T18:29:53.654+0200: 6.047: [GC (Allocation Failure) 2020-09-29T18:29:53.654+0200: 6.047: [ParNew: 590828K->43659K(613440K), 0.0188498 secs] 595422K->48253K(2029056K), 0.0189719 secs] [Times: user=0.13 sys=0.00, real=0.02 secs] 
2020-09-29T18:29:53.724+0200: 6.117: [GC (Allocation Failure) 2020-09-29T18:29:53.724+0200: 6.117: [ParNew: 589003K->68096K(613440K), 0.0231209 secs] 593597K->72689K(2029056K), 0.0231836 secs] [Times: user=0.13 sys=0.00, real=0.02 secs] 
2020-09-29T18:29:53.795+0200: 6.188: [GC (Allocation Failure) 2020-09-29T18:29:53.795+0200: 6.188: [ParNew: 613440K->46006K(613440K), 0.0159693 secs] 618033K->50599K(2029056K), 0.0160252 secs] [Times: user=0.13 sys=0.00, real=0.02 secs] 
2020-09-29T18:29:53.863+0200: 6.256: [GC (Allocation Failure) 2020-09-29T18:29:53.863+0200: 6.256: [ParNew: 591350K->39080K(613440K), 0.0165214 secs] 595943K->43674K(2029056K), 0.0166056 secs] [Times: user=0.24 sys=0.00, real=0.02 secs] 
2020-09-29T18:29:53.929+0200: 6.322: [GC (Allocation Failure) 2020-09-29T18:29:53.929+0200: 6.322: [ParNew: 584424K->29843K(613440K), 0.0103012 secs] 589018K->34436K(2029056K), 0.0103699 secs] [Times: user=0.00 sys=0.00, real=0.01 secs] 
2020-09-29T18:29:53.988+0200: 6.381: [GC (Allocation Failure) 2020-09-29T18:29:53.988+0200: 6.382: [ParNew: 575187K->55606K(613440K), 0.0242024 secs] 579780K->60200K(2029056K), 0.0242716 secs] [Times: user=0.14 sys=0.00, real=0.03 secs] 
2020-09-29T18:29:54.060+0200: 6.453: [GC (Allocation Failure) 2020-09-29T18:29:54.060+0200: 6.453: [ParNew: 600950K->46997K(613440K), 0.0190323 secs] 605544K->51590K(2029056K), 0.0190938 secs] [Times: user=0.13 sys=0.00, real=0.02 secs] 
2020-09-29T18:29:54.126+0200: 6.520: [GC (Allocation Failure) 2020-09-29T18:29:54.126+0200: 6.520: [ParNew: 592341K->45059K(613440K), 0.0188891 secs] 596934K->49653K(2029056K), 0.0189528 secs] [Times: user=0.25 sys=0.00, real=0.02 secs] 
2020-09-29T18:29:54.194+0200: 6.587: [GC (Allocation Failure) 2020-09-29T18:29:54.194+0200: 6.587: [ParNew: 590403K->44363K(613440K), 0.0176614 secs] 594997K->48957K(2029056K), 0.0177228 secs] [Times: user=0.13 sys=0.00, real=0.02 secs] 
2020-09-29T18:29:54.259+0200: 6.652: [GC (Allocation Failure) 2020-09-29T18:29:54.259+0200: 6.652: [ParNew: 589707K->39038K(613440K), 0.0169737 secs] 594301K->43631K(2029056K), 0.0170306 secs] [Times: user=0.13 sys=0.00, real=0.02 secs] 
2020-09-29T18:29:54.324+0200: 6.717: [GC (Allocation Failure) 2020-09-29T18:29:54.324+0200: 6.717: [ParNew: 584382K->59556K(613440K), 0.0204503 secs] 588975K->64149K(2029056K), 0.0205377 secs] [Times: user=0.13 sys=0.00, real=0.02 secs] 
2020-09-29T18:29:54.391+0200: 6.784: [GC (Allocation Failure) 2020-09-29T18:29:54.391+0200: 6.784: [ParNew: 604900K->44911K(613440K), 0.0196561 secs] 609493K->49504K(2029056K), 0.0197417 secs] [Times: user=0.22 sys=0.00, real=0.02 secs] 
2020-09-29T18:29:54.465+0200: 6.858: [GC (Allocation Failure) 2020-09-29T18:29:54.465+0200: 6.858: [ParNew: 590255K->39767K(613440K), 0.0189675 secs] 594848K->44361K(2029056K), 0.0190283 secs] [Times: user=0.13 sys=0.00, real=0.02 secs] 
2020-09-29T18:29:54.532+0200: 6.925: [GC (Allocation Failure) 2020-09-29T18:29:54.532+0200: 6.925: [ParNew: 585111K->41346K(613440K), 0.0167635 secs] 589705K->45940K(2029056K), 0.0168204 secs] [Times: user=0.13 sys=0.00, real=0.02 secs] 
2020-09-29T18:29:54.599+0200: 6.993: [GC (Allocation Failure) 2020-09-29T18:29:54.599+0200: 6.993: [ParNew: 586690K->64713K(613440K), 0.0246559 secs] 591284K->69306K(2029056K), 0.0247175 secs] [Times: user=0.11 sys=0.00, real=0.03 secs] 
2020-09-29T18:29:54.677+0200: 7.071: [GC (Allocation Failure) 2020-09-29T18:29:54.677+0200: 7.071: [ParNew: 610057K->47507K(613440K), 0.0217307 secs] 614650K->52100K(2029056K), 0.0218125 secs] [Times: user=0.13 sys=0.00, real=0.02 secs] 
2020-09-29T18:29:54.754+0200: 7.147: [GC (Allocation Failure) 2020-09-29T18:29:54.754+0200: 7.147: [ParNew: 592851K->46518K(613440K), 0.0205438 secs] 597444K->51111K(2029056K), 0.0206150 secs] [Times: user=0.13 sys=0.00, real=0.02 secs] 
2020-09-29T18:29:54.827+0200: 7.220: [GC (Allocation Failure) 2020-09-29T18:29:54.827+0200: 7.220: [ParNew: 591862K->68096K(613440K), 0.0254601 secs] 596455K->73641K(2029056K), 0.0255245 secs] [Times: user=0.25 sys=0.00, real=0.03 secs] 
2020-09-29T18:29:54.900+0200: 7.293: [GC (Allocation Failure) 2020-09-29T18:29:54.900+0200: 7.293: [ParNew: 613440K->54209K(613440K), 0.0182919 secs] 618985K->59754K(2029056K), 0.0183501 secs] [Times: user=0.13 sys=0.00, real=0.02 secs] 
2020-09-29T18:29:54.970+0200: 7.363: [GC (Allocation Failure) 2020-09-29T18:29:54.970+0200: 7.363: [ParNew: 599553K->42333K(613440K), 0.0183836 secs] 605098K->47878K(2029056K), 0.0184436 secs] [Times: user=0.13 sys=0.00, real=0.02 secs] 
2020-09-29T18:29:55.035+0200: 7.429: [GC (Allocation Failure) 2020-09-29T18:29:55.035+0200: 7.429: [ParNew: 587677K->39370K(613440K), 0.0163636 secs] 593222K->44915K(2029056K), 0.0164226 secs] [Times: user=0.14 sys=0.00, real=0.02 secs] 
2020-09-29T18:29:55.102+0200: 7.495: [GC (Allocation Failure) 2020-09-29T18:29:55.102+0200: 7.495: [ParNew: 584714K->33111K(613440K), 0.0156454 secs] 590259K->38656K(2029056K), 0.0156987 secs] [Times: user=0.13 sys=0.00, real=0.02 secs] 
2020-09-29T18:29:55.167+0200: 7.561: [GC (Allocation Failure) 2020-09-29T18:29:55.167+0200: 7.561: [ParNew: 578455K->30357K(613440K), 0.0152519 secs] 584000K->35903K(2029056K), 0.0153141 secs] [Times: user=0.13 sys=0.00, real=0.02 secs] 
2020-09-29T18:29:55.229+0200: 7.622: [GC (Allocation Failure) 2020-09-29T18:29:55.229+0200: 7.622: [ParNew: 575701K->55030K(613440K), 0.0183700 secs] 581247K->60576K(2029056K), 0.0184531 secs] [Times: user=0.13 sys=0.00, real=0.02 secs] 
2020-09-29T18:29:55.295+0200: 7.688: [GC (Allocation Failure) 2020-09-29T18:29:55.295+0200: 7.688: [ParNew: 600374K->40898K(613440K), 0.0171940 secs] 605920K->46443K(2029056K), 0.0172494 secs] [Times: user=0.13 sys=0.00, real=0.02 secs] 
2020-09-29T18:29:55.365+0200: 7.758: [GC (Allocation Failure) 2020-09-29T18:29:55.365+0200: 7.758: [ParNew: 586242K->41332K(613440K), 0.0174350 secs] 591787K->46877K(2029056K), 0.0174978 secs] [Times: user=0.13 sys=0.00, real=0.02 secs] 
2020-09-29T18:29:55.432+0200: 7.826: [GC (Allocation Failure) 2020-09-29T18:29:55.432+0200: 7.826: [ParNew: 586676K->61097K(613440K), 0.0247557 secs] 592221K->66642K(2029056K), 0.0248295 secs] [Times: user=0.25 sys=0.00, real=0.03 secs] 
2020-09-29T18:29:55.509+0200: 7.902: [GC (Allocation Failure) 2020-09-29T18:29:55.509+0200: 7.902: [ParNew: 606441K->45451K(613440K), 0.0168003 secs] 611986K->50996K(2029056K), 0.0168641 secs] [Times: user=0.13 sys=0.00, real=0.02 secs] 
2020-09-29T18:29:55.573+0200: 7.967: [GC (Allocation Failure) 2020-09-29T18:29:55.573+0200: 7.967: [ParNew: 590795K->60094K(613440K), 0.0216566 secs] 596340K->65639K(2029056K), 0.0217527 secs] [Times: user=0.13 sys=0.00, real=0.02 secs] 
2020-09-29T18:29:55.644+0200: 8.037: [GC (Allocation Failure) 2020-09-29T18:29:55.644+0200: 8.037: [ParNew: 605438K->34271K(613440K), 0.0138568 secs] 610983K->39816K(2029056K), 0.0139308 secs] [Times: user=0.11 sys=0.00, real=0.01 secs] 
2020-09-29T18:29:55.707+0200: 8.100: [GC (Allocation Failure) 2020-09-29T18:29:55.707+0200: 8.100: [ParNew: 579615K->53176K(613440K), 0.0166812 secs] 585160K->58721K(2029056K), 0.0167371 secs] [Times: user=0.13 sys=0.00, real=0.02 secs] 
2020-09-29T18:29:55.777+0200: 8.170: [GC (Allocation Failure) 2020-09-29T18:29:55.777+0200: 8.170: [ParNew: 598520K->39313K(613440K), 0.0161888 secs] 604065K->44858K(2029056K), 0.0162425 secs] [Times: user=0.13 sys=0.00, real=0.02 secs] 
2020-09-29T18:29:55.841+0200: 8.234: [GC (Allocation Failure) 2020-09-29T18:29:55.841+0200: 8.234: [ParNew: 584657K->54778K(613440K), 0.0208085 secs] 590202K->60323K(2029056K), 0.0208770 secs] [Times: user=0.13 sys=0.00, real=0.02 secs] 
2020-09-29T18:29:55.912+0200: 8.305: [GC (Allocation Failure) 2020-09-29T18:29:55.912+0200: 8.305: [ParNew: 600122K->45831K(613440K), 0.0222721 secs] 605667K->51376K(2029056K), 0.0223573 secs] [Times: user=0.13 sys=0.00, real=0.02 secs] 
2020-09-29T18:29:55.985+0200: 8.379: [GC (Allocation Failure) 2020-09-29T18:29:55.986+0200: 8.379: [ParNew: 591175K->42342K(613440K), 0.0155006 secs] 596720K->47887K(2029056K), 0.0155670 secs] [Times: user=0.11 sys=0.00, real=0.02 secs] 
2020-09-29T18:29:56.051+0200: 8.444: [GC (Allocation Failure) 2020-09-29T18:29:56.051+0200: 8.444: [ParNew: 587686K->22101K(613440K), 0.0140384 secs] 593231K->27646K(2029056K), 0.0140954 secs] [Times: user=0.00 sys=0.00, real=0.01 secs] 
2020-09-29T18:29:56.115+0200: 8.508: [GC (Allocation Failure) 2020-09-29T18:29:56.115+0200: 8.508: [ParNew: 567445K->23340K(613440K), 0.0113450 secs] 572990K->28885K(2029056K), 0.0114038 secs] [Times: user=0.00 sys=0.00, real=0.01 secs] 
2020-09-29T18:29:56.177+0200: 8.571: [GC (Allocation Failure) 2020-09-29T18:29:56.177+0200: 8.571: [ParNew: 568684K->43467K(613440K), 0.0158434 secs] 574229K->49012K(2029056K), 0.0159331 secs] [Times: user=0.13 sys=0.00, real=0.02 secs] 
2020-09-29T18:29:56.241+0200: 8.634: [GC (Allocation Failure) 2020-09-29T18:29:56.241+0200: 8.634: [ParNew: 588811K->32550K(613440K), 0.0150324 secs] 594356K->38095K(2029056K), 0.0150891 secs] [Times: user=0.13 sys=0.00, real=0.02 secs] 
2020-09-29T18:29:56.304+0200: 8.697: [GC (Allocation Failure) 2020-09-29T18:29:56.304+0200: 8.697: [ParNew: 577894K->31337K(613440K), 0.0151404 secs] 583439K->36882K(2029056K), 0.0152014 secs] [Times: user=0.13 sys=0.00, real=0.02 secs] 
2020-09-29T18:29:56.369+0200: 8.762: [GC (Allocation Failure) 2020-09-29T18:29:56.369+0200: 8.762: [ParNew: 576681K->53980K(613440K), 0.0187364 secs] 582226K->59525K(2029056K), 0.0187964 secs] [Times: user=0.13 sys=0.00, real=0.02 secs] 
2020-09-29T18:29:56.437+0200: 8.831: [GC (Allocation Failure) 2020-09-29T18:29:56.437+0200: 8.831: [ParNew: 599324K->44227K(613440K), 0.0186606 secs] 604869K->49772K(2029056K), 0.0187179 secs] [Times: user=0.13 sys=0.00, real=0.02 secs] 
2020-09-29T18:29:56.506+0200: 8.899: [GC (Allocation Failure) 2020-09-29T18:29:56.506+0200: 8.899: [ParNew: 589571K->43147K(613440K), 0.0182277 secs] 595116K->48692K(2029056K), 0.0182867 secs] [Times: user=0.13 sys=0.00, real=0.02 secs] 
2020-09-29T18:29:56.574+0200: 8.967: [GC (Allocation Failure) 2020-09-29T18:29:56.574+0200: 8.967: [ParNew: 588491K->66448K(613440K), 0.0235605 secs] 594036K->71993K(2029056K), 0.0236508 secs] [Times: user=0.13 sys=0.00, real=0.02 secs] 
2020-09-29T18:29:56.647+0200: 9.040: [GC (Allocation Failure) 2020-09-29T18:29:56.647+0200: 9.040: [ParNew: 611792K->55247K(613440K), 0.0222729 secs] 617337K->60792K(2029056K), 0.0223443 secs] [Times: user=0.13 sys=0.00, real=0.02 secs] 
2020-09-29T18:29:56.721+0200: 9.114: [GC (Allocation Failure) 2020-09-29T18:29:56.721+0200: 9.114: [ParNew: 600591K->56658K(613440K), 0.0227702 secs] 606136K->62203K(2029056K), 0.0228325 secs] [Times: user=0.24 sys=0.00, real=0.02 secs] 
2020-09-29T18:29:56.791+0200: 9.184: [GC (Allocation Failure) 2020-09-29T18:29:56.791+0200: 9.184: [ParNew: 602002K->43675K(613440K), 0.0159036 secs] 607547K->49220K(2029056K), 0.0159661 secs] [Times: user=0.13 sys=0.00, real=0.02 secs] 
2020-09-29T18:29:56.856+0200: 9.249: [GC (Allocation Failure) 2020-09-29T18:29:56.856+0200: 9.249: [ParNew: 589019K->37187K(613440K), 0.0149125 secs] 594564K->42732K(2029056K), 0.0149699 secs] [Times: user=0.13 sys=0.00, real=0.02 secs] 
2020-09-29T18:29:56.923+0200: 9.317: [GC (Allocation Failure) 2020-09-29T18:29:56.923+0200: 9.317: [ParNew: 582531K->52867K(613440K), 0.0187490 secs] 588076K->58412K(2029056K), 0.0188253 secs] [Times: user=0.25 sys=0.00, real=0.02 secs] 
2020-09-29T18:29:56.991+0200: 9.384: [GC (Allocation Failure) 2020-09-29T18:29:56.991+0200: 9.384: [ParNew: 598211K->42885K(613440K), 0.0178122 secs] 603756K->48430K(2029056K), 0.0178807 secs] [Times: user=0.13 sys=0.00, real=0.02 secs] 
2020-09-29T18:29:57.058+0200: 9.451: [GC (Allocation Failure) 2020-09-29T18:29:57.058+0200: 9.451: [ParNew: 588229K->33893K(613440K), 0.0106619 secs] 593774K->39438K(2029056K), 0.0107331 secs] [Times: user=0.13 sys=0.00, real=0.01 secs] 
2020-09-29T18:29:57.121+0200: 9.515: [GC (Allocation Failure) 2020-09-29T18:29:57.121+0200: 9.515: [ParNew: 579237K->32278K(613440K), 0.0146846 secs] 584782K->37823K(2029056K), 0.0147428 secs] [Times: user=0.13 sys=0.00, real=0.01 secs] 
2020-09-29T18:29:57.185+0200: 9.578: [GC (Allocation Failure) 2020-09-29T18:29:57.185+0200: 9.578: [ParNew: 577622K->64249K(613440K), 0.0245216 secs] 583167K->69794K(2029056K), 0.0245983 secs] [Times: user=0.24 sys=0.00, real=0.02 secs] 
2020-09-29T18:29:57.256+0200: 9.650: [GC (Allocation Failure) 2020-09-29T18:29:57.256+0200: 9.650: [ParNew: 609593K->49985K(613440K), 0.0186490 secs] 615138K->55530K(2029056K), 0.0187181 secs] [Times: user=0.13 sys=0.00, real=0.02 secs] 
2020-09-29T18:29:57.327+0200: 9.720: [GC (Allocation Failure) 2020-09-29T18:29:57.328+0200: 9.720: [ParNew: 595329K->41230K(613440K), 0.0186612 secs] 600874K->46775K(2029056K), 0.0187244 secs] [Times: user=0.13 sys=0.00, real=0.02 secs] 
2020-09-29T18:29:57.395+0200: 9.788: [GC (Allocation Failure) 2020-09-29T18:29:57.395+0200: 9.788: [ParNew: 586574K->26858K(613440K), 0.0068781 secs] 592119K->32403K(2029056K), 0.0069469 secs] [Times: user=0.00 sys=0.00, real=0.01 secs] 
2020-09-29T18:29:57.461+0200: 9.854: [GC (Allocation Failure) 2020-09-29T18:29:57.461+0200: 9.854: [ParNew: 572202K->22146K(613440K), 0.0107886 secs] 577747K->27691K(2029056K), 0.0108485 secs] [Times: user=0.00 sys=0.00, real=0.01 secs] 
2020-09-29T18:29:57.519+0200: 9.912: [GC (Allocation Failure) 2020-09-29T18:29:57.519+0200: 9.912: [ParNew: 567490K->47281K(613440K), 0.0198652 secs] 573035K->52826K(2029056K), 0.0199315 secs] [Times: user=0.19 sys=0.00, real=0.02 secs] 
2020-09-29T18:29:57.590+0200: 9.983: [GC (Allocation Failure) 2020-09-29T18:29:57.591+0200: 9.984: [ParNew: 592625K->58260K(613440K), 0.0194181 secs] 598170K->63805K(2029056K), 0.0199192 secs] [Times: user=0.13 sys=0.00, real=0.02 secs] 
2020-09-29T18:29:57.662+0200: 10.055: [GC (Allocation Failure) 2020-09-29T18:29:57.662+0200: 10.055: [ParNew: 603604K->45988K(613440K), 0.0186503 secs] 609149K->51533K(2029056K), 0.0187258 secs] [Times: user=0.13 sys=0.00, real=0.02 secs] 
2020-09-29T18:29:57.729+0200: 10.122: [GC (Allocation Failure) 2020-09-29T18:29:57.729+0200: 10.122: [ParNew: 591332K->46391K(613440K), 0.0181467 secs] 596877K->51936K(2029056K), 0.0182143 secs] [Times: user=0.13 sys=0.00, real=0.02 secs] 
2020-09-29T18:29:57.795+0200: 10.188: [GC (Allocation Failure) 2020-09-29T18:29:57.795+0200: 10.188: [ParNew: 591735K->45024K(613440K), 0.0174933 secs] 597280K->50569K(2029056K), 0.0175543 secs] [Times: user=0.13 sys=0.00, real=0.02 secs] 
2020-09-29T18:29:57.862+0200: 10.255: [GC (Allocation Failure) 2020-09-29T18:29:57.862+0200: 10.255: [ParNew: 590368K->67617K(613440K), 0.0227081 secs] 595913K->73162K(2029056K), 0.0227738 secs] [Times: user=0.25 sys=0.00, real=0.02 secs] 
2020-09-29T18:29:57.932+0200: 10.325: [GC (Allocation Failure) 2020-09-29T18:29:57.932+0200: 10.325: [ParNew: 612961K->50382K(613440K), 0.0159222 secs] 618506K->55927K(2029056K), 0.0159825 secs] [Times: user=0.13 sys=0.00, real=0.02 secs] 
2020-09-29T18:29:57.997+0200: 10.390: [GC (Allocation Failure) 2020-09-29T18:29:57.997+0200: 10.390: [ParNew: 595726K->39604K(613440K), 0.0152591 secs] 601271K->45149K(2029056K), 0.0153356 secs] [Times: user=0.13 sys=0.00, real=0.02 secs] 
2020-09-29T18:29:58.059+0200: 10.452: [GC (Allocation Failure) 2020-09-29T18:29:58.059+0200: 10.452: [ParNew: 584948K->32468K(613440K), 0.0129945 secs] 590493K->38013K(2029056K), 0.0130529 secs] [Times: user=0.13 sys=0.00, real=0.01 secs] 
2020-09-29T18:29:58.124+0200: 10.517: [GC (Allocation Failure) 2020-09-29T18:29:58.124+0200: 10.517: [ParNew: 577812K->50024K(613440K), 0.0186768 secs] 583357K->55569K(2029056K), 0.0187390 secs] [Times: user=0.13 sys=0.00, real=0.02 secs] 
2020-09-29T18:29:58.194+0200: 10.587: [GC (Allocation Failure) 2020-09-29T18:29:58.194+0200: 10.587: [ParNew: 595368K->35127K(613440K), 0.0113438 secs] 600913K->40672K(2029056K), 0.0113993 secs] [Times: user=0.00 sys=0.00, real=0.01 secs] 
2020-09-29T18:29:58.257+0200: 10.650: [GC (Allocation Failure) 2020-09-29T18:29:58.257+0200: 10.650: [ParNew: 580471K->47136K(613440K), 0.0222190 secs] 586016K->52681K(2029056K), 0.0223144 secs] [Times: user=0.13 sys=0.00, real=0.02 secs] 
2020-09-29T18:29:58.329+0200: 10.722: [GC (Allocation Failure) 2020-09-29T18:29:58.329+0200: 10.722: [ParNew: 592480K->66037K(613440K), 0.0223134 secs] 598025K->71582K(2029056K), 0.0223782 secs] [Times: user=0.25 sys=0.00, real=0.02 secs] 
2020-09-29T18:29:58.400+0200: 10.793: [GC (Allocation Failure) 2020-09-29T18:29:58.400+0200: 10.793: [ParNew: 611381K->51441K(613440K), 0.0212526 secs] 616926K->56986K(2029056K), 0.0213443 secs] [Times: user=0.13 sys=0.00, real=0.02 secs] 
2020-09-29T18:29:58.475+0200: 10.868: [GC (Allocation Failure) 2020-09-29T18:29:58.475+0200: 10.868: [ParNew: 596785K->33274K(613440K), 0.0070558 secs] 602330K->38819K(2029056K), 0.0071146 secs] [Times: user=0.00 sys=0.00, real=0.01 secs] 
2020-09-29T18:29:58.534+0200: 10.927: [GC (Allocation Failure) 2020-09-29T18:29:58.534+0200: 10.927: [ParNew: 578618K->38084K(613440K), 0.0180648 secs] 584163K->43629K(2029056K), 0.0181475 secs] [Times: user=0.25 sys=0.00, real=0.02 secs] 
2020-09-29T18:29:58.602+0200: 10.995: [GC (Allocation Failure) 2020-09-29T18:29:58.602+0200: 10.995: [ParNew: 583428K->58190K(613440K), 0.0228483 secs] 588973K->63735K(2029056K), 0.0229266 secs] [Times: user=0.13 sys=0.00, real=0.02 secs] 
2020-09-29T18:29:58.674+0200: 11.067: [GC (Allocation Failure) 2020-09-29T18:29:58.674+0200: 11.067: [ParNew: 603534K->68096K(613440K), 0.0222463 secs] 609079K->73649K(2029056K), 0.0223209 secs] [Times: user=0.25 sys=0.00, real=0.02 secs] 
2020-09-29T18:29:58.743+0200: 11.136: [GC (Allocation Failure) 2020-09-29T18:29:58.743+0200: 11.136: [ParNew: 613440K->50738K(613440K), 0.0213388 secs] 618993K->56292K(2029056K), 0.0213949 secs] [Times: user=0.13 sys=0.00, real=0.02 secs] 
2020-09-29T18:29:58.815+0200: 11.208: [GC (Allocation Failure) 2020-09-29T18:29:58.815+0200: 11.208: [ParNew: 596082K->45309K(613440K), 0.0209743 secs] 601636K->50863K(2029056K), 0.0210336 secs] [Times: user=0.25 sys=0.00, real=0.02 secs] 
2020-09-29T18:29:58.884+0200: 11.277: [GC (Allocation Failure) 2020-09-29T18:29:58.884+0200: 11.277: [ParNew: 590653K->37969K(613440K), 0.0081994 secs] 596207K->43522K(2029056K), 0.0082558 secs] [Times: user=0.00 sys=0.00, real=0.01 secs] 
2020-09-29T18:29:58.949+0200: 11.342: [GC (Allocation Failure) 2020-09-29T18:29:58.949+0200: 11.342: [ParNew: 583313K->56001K(613440K), 0.0238839 secs] 588866K->61555K(2029056K), 0.0255856 secs] [Times: user=0.25 sys=0.00, real=0.03 secs] 
2020-09-29T18:29:59.022+0200: 11.415: [GC (Allocation Failure) 2020-09-29T18:29:59.022+0200: 11.415: [ParNew: 601345K->46760K(613440K), 0.0236757 secs] 606899K->52314K(2029056K), 0.0237507 secs] [Times: user=0.13 sys=0.00, real=0.02 secs] 
2020-09-29T18:29:59.094+0200: 11.487: [GC (Allocation Failure) 2020-09-29T18:29:59.094+0200: 11.487: [ParNew: 592104K->40572K(613440K), 0.0231823 secs] 597658K->46126K(2029056K), 0.0232488 secs] [Times: user=0.25 sys=0.00, real=0.02 secs] 
2020-09-29T18:29:59.170+0200: 11.563: [GC (Allocation Failure) 2020-09-29T18:29:59.170+0200: 11.563: [ParNew: 585916K->39349K(613440K), 0.0214871 secs] 591470K->44903K(2029056K), 0.0215546 secs] [Times: user=0.25 sys=0.00, real=0.02 secs] 
2020-09-29T18:29:59.242+0200: 11.635: [GC (Allocation Failure) 2020-09-29T18:29:59.242+0200: 11.635: [ParNew: 584693K->34770K(613440K), 0.0204339 secs] 590247K->40324K(2029056K), 0.0204995 secs] [Times: user=0.13 sys=0.00, real=0.02 secs] 
2020-09-29T18:29:59.319+0200: 11.712: [GC (Allocation Failure) 2020-09-29T18:29:59.319+0200: 11.712: [ParNew: 580114K->58438K(613440K), 0.0261298 secs] 585668K->63991K(2029056K), 0.0261935 secs] [Times: user=0.13 sys=0.00, real=0.03 secs] 
2020-09-29T18:29:59.394+0200: 11.787: [GC (Allocation Failure) 2020-09-29T18:29:59.394+0200: 11.787: [ParNew: 603782K->62421K(613440K), 0.0250711 secs] 609335K->67975K(2029056K), 0.0251591 secs] [Times: user=0.20 sys=0.01, real=0.03 secs] 
2020-09-29T18:29:59.473+0200: 11.866: [GC (Allocation Failure) 2020-09-29T18:29:59.473+0200: 11.866: [ParNew: 607765K->68096K(613440K), 0.0321591 secs] 613319K->74385K(2029056K), 0.0322294 secs] [Times: user=0.25 sys=0.00, real=0.03 secs] 
2020-09-29T18:29:59.552+0200: 11.945: [GC (Allocation Failure) 2020-09-29T18:29:59.552+0200: 11.945: [ParNew: 613440K->45272K(613440K), 0.0150764 secs] 619729K->51562K(2029056K), 0.0151436 secs] [Times: user=0.13 sys=0.00, real=0.01 secs] 
2020-09-29T18:29:59.628+0200: 12.021: [GC (Allocation Failure) 2020-09-29T18:29:59.628+0200: 12.021: [ParNew: 590616K->60813K(613440K), 0.0288002 secs] 596906K->67102K(2029056K), 0.0288830 secs] [Times: user=0.25 sys=0.00, real=0.03 secs] 
2020-09-29T18:29:59.705+0200: 12.097: [GC (Allocation Failure) 2020-09-29T18:29:59.705+0200: 12.098: [ParNew: 606157K->39758K(613440K), 0.0221118 secs] 612446K->46047K(2029056K), 0.0221862 secs] [Times: user=0.25 sys=0.00, real=0.02 secs] 
2020-09-29T18:29:59.781+0200: 12.174: [GC (Allocation Failure) 2020-09-29T18:29:59.781+0200: 12.174: [ParNew: 585102K->67722K(613440K), 0.0325889 secs] 591391K->74011K(2029056K), 0.0326525 secs] [Times: user=0.25 sys=0.00, real=0.03 secs] 
2020-09-29T18:29:59.863+0200: 12.256: [GC (Allocation Failure) 2020-09-29T18:29:59.863+0200: 12.256: [ParNew: 613066K->58716K(613440K), 0.0251386 secs] 619355K->65006K(2029056K), 0.0252025 secs] [Times: user=0.14 sys=0.00, real=0.03 secs] 
2020-09-29T18:29:59.940+0200: 12.333: [GC (Allocation Failure) 2020-09-29T18:29:59.940+0200: 12.333: [ParNew: 604060K->40679K(613440K), 0.0172925 secs] 610350K->46969K(2029056K), 0.0173560 secs] [Times: user=0.13 sys=0.00, real=0.02 secs] 
2020-09-29T18:30:00.013+0200: 12.406: [GC (Allocation Failure) 2020-09-29T18:30:00.013+0200: 12.406: [ParNew: 586023K->23007K(613440K), 0.0169765 secs] 592313K->29297K(2029056K), 0.0170501 secs] [Times: user=0.13 sys=0.00, real=0.02 secs] 
2020-09-29T18:30:00.079+0200: 12.472: [GC (Allocation Failure) 2020-09-29T18:30:00.079+0200: 12.472: [ParNew: 568351K->23624K(613440K), 0.0140459 secs] 574641K->29914K(2029056K), 0.0141100 secs] [Times: user=0.13 sys=0.00, real=0.01 secs] 
2020-09-29T18:30:00.164+0200: 12.557: [GC (Allocation Failure) 2020-09-29T18:30:00.164+0200: 12.557: [ParNew: 568968K->53740K(613440K), 0.0262661 secs] 575258K->60029K(2029056K), 0.0263304 secs] [Times: user=0.13 sys=0.00, real=0.03 secs] 
2020-09-29T18:30:00.239+0200: 12.632: [GC (Allocation Failure) 2020-09-29T18:30:00.240+0200: 12.633: [ParNew: 599084K->63658K(613440K), 0.0252719 secs] 605373K->69947K(2029056K), 0.0253647 secs] [Times: user=0.13 sys=0.00, real=0.03 secs] 
2020-09-29T18:30:00.315+0200: 12.708: [GC (Allocation Failure) 2020-09-29T18:30:00.315+0200: 12.708: [ParNew: 609002K->68096K(613440K), 0.0320070 secs] 615291K->75095K(2029056K), 0.0320823 secs] [Times: user=0.23 sys=0.00, real=0.03 secs] 
2020-09-29T18:30:00.396+0200: 12.789: [GC (Allocation Failure) 2020-09-29T18:30:00.396+0200: 12.789: [ParNew: 613440K->50741K(613440K), 0.0151933 secs] 620439K->57741K(2029056K), 0.0152809 secs] [Times: user=0.11 sys=0.00, real=0.02 secs] 
2020-09-29T18:30:00.471+0200: 12.864: [GC (Allocation Failure) 2020-09-29T18:30:00.471+0200: 12.864: [ParNew: 596085K->24499K(613440K), 0.0147837 secs] 603085K->31499K(2029056K), 0.0148533 secs] [Times: user=0.13 sys=0.00, real=0.02 secs] 
2020-09-29T18:30:00.542+0200: 12.935: [GC (Allocation Failure) 2020-09-29T18:30:00.542+0200: 12.935: [ParNew: 569843K->35908K(613440K), 0.0204899 secs] 576843K->42908K(2029056K), 0.0205633 secs] [Times: user=0.13 sys=0.00, real=0.02 secs] 
2020-09-29T18:30:00.614+0200: 13.007: [GC (Allocation Failure) 2020-09-29T18:30:00.614+0200: 13.007: [ParNew: 581252K->58045K(613440K), 0.0299756 secs] 588252K->65044K(2029056K), 0.0300503 secs] [Times: user=0.11 sys=0.00, real=0.03 secs] 
2020-09-29T18:30:00.692+0200: 13.085: [GC (Allocation Failure) 2020-09-29T18:30:00.692+0200: 13.085: [ParNew: 603389K->48340K(613440K), 0.0257874 secs] 610388K->55339K(2029056K), 0.0258582 secs] [Times: user=0.13 sys=0.00, real=0.03 secs] 
2020-09-29T18:30:00.767+0200: 13.160: [GC (Allocation Failure) 2020-09-29T18:30:00.767+0200: 13.160: [ParNew: 593684K->46482K(613440K), 0.0258755 secs] 600683K->53482K(2029056K), 0.0259722 secs] [Times: user=0.25 sys=0.00, real=0.03 secs] 
2020-09-29T18:30:00.841+0200: 13.234: [GC (Allocation Failure) 2020-09-29T18:30:00.841+0200: 13.234: [ParNew: 591826K->46612K(613440K), 0.0248664 secs] 598826K->53611K(2029056K), 0.0249349 secs] [Times: user=0.23 sys=0.00, real=0.02 secs] 
2020-09-29T18:30:00.918+0200: 13.311: [GC (Allocation Failure) 2020-09-29T18:30:00.918+0200: 13.311: [ParNew: 591956K->45190K(613440K), 0.0234208 secs] 598955K->52190K(2029056K), 0.0234864 secs] [Times: user=0.13 sys=0.00, real=0.02 secs] 
2020-09-29T18:30:00.994+0200: 13.387: [GC (Allocation Failure) 2020-09-29T18:30:00.994+0200: 13.387: [ParNew: 590534K->40400K(613440K), 0.0226435 secs] 597534K->47400K(2029056K), 0.0227080 secs] [Times: user=0.13 sys=0.00, real=0.02 secs] 
2020-09-29T18:30:01.069+0200: 13.462: [GC (Allocation Failure) 2020-09-29T18:30:01.069+0200: 13.462: [ParNew: 585744K->36421K(613440K), 0.0203864 secs] 592744K->43420K(2029056K), 0.0204496 secs] [Times: user=0.13 sys=0.00, real=0.02 secs] 
2020-09-29T18:30:01.140+0200: 13.533: [GC (Allocation Failure) 2020-09-29T18:30:01.140+0200: 13.533: [ParNew: 581765K->58353K(613440K), 0.0254156 secs] 588764K->65352K(2029056K), 0.0254947 secs] [Times: user=0.25 sys=0.00, real=0.02 secs] 
2020-09-29T18:30:01.218+0200: 13.611: [GC (Allocation Failure) 2020-09-29T18:30:01.218+0200: 13.611: [ParNew: 603697K->43367K(613440K), 0.0188326 secs] 610696K->50366K(2029056K), 0.0189111 secs] [Times: user=0.13 sys=0.00, real=0.02 secs] 
2020-09-29T18:30:01.287+0200: 13.680: [GC (Allocation Failure) 2020-09-29T18:30:01.287+0200: 13.680: [ParNew: 588711K->41696K(613440K), 0.0235172 secs] 595710K->48696K(2029056K), 0.0235907 secs] [Times: user=0.13 sys=0.00, real=0.02 secs] 
2020-09-29T18:30:01.368+0200: 13.761: [GC (Allocation Failure) 2020-09-29T18:30:01.368+0200: 13.761: [ParNew: 587040K->41070K(613440K), 0.0226260 secs] 594040K->48070K(2029056K), 0.0227174 secs] [Times: user=0.13 sys=0.00, real=0.02 secs] 
2020-09-29T18:30:01.448+0200: 13.841: [GC (Allocation Failure) 2020-09-29T18:30:01.448+0200: 13.841: [ParNew: 586414K->41203K(613440K), 0.0215427 secs] 593414K->48203K(2029056K), 0.0216315 secs] [Times: user=0.13 sys=0.00, real=0.02 secs] 
2020-09-29T18:30:01.523+0200: 13.916: [GC (Allocation Failure) 2020-09-29T18:30:01.523+0200: 13.916: [ParNew: 586547K->38642K(613440K), 0.0199502 secs] 593547K->45641K(2029056K), 0.0200166 secs] [Times: user=0.13 sys=0.00, real=0.02 secs] 
2020-09-29T18:30:01.600+0200: 13.993: [GC (Allocation Failure) 2020-09-29T18:30:01.600+0200: 13.993: [ParNew: 583986K->33772K(613440K), 0.0191787 secs] 590985K->40771K(2029056K), 0.0192460 secs] [Times: user=0.13 sys=0.00, real=0.02 secs] 
2020-09-29T18:30:01.668+0200: 14.061: [GC (Allocation Failure) 2020-09-29T18:30:01.668+0200: 14.061: [ParNew: 579116K->68096K(613440K), 0.0313996 secs] 586115K->75111K(2029056K), 0.0314836 secs] [Times: user=0.25 sys=0.00, real=0.03 secs] 
2020-09-29T18:30:01.747+0200: 14.140: [GC (Allocation Failure) 2020-09-29T18:30:01.747+0200: 14.140: [ParNew: 613440K->55239K(613440K), 0.0243729 secs] 620455K->62254K(2029056K), 0.0244517 secs] [Times: user=0.25 sys=0.00, real=0.02 secs] 
2020-09-29T18:30:01.820+0200: 14.213: [GC (Allocation Failure) 2020-09-29T18:30:01.820+0200: 14.213: [ParNew: 600583K->48508K(613440K), 0.0225532 secs] 607598K->55524K(2029056K), 0.0226167 secs] [Times: user=0.13 sys=0.00, real=0.02 secs] 
2020-09-29T18:30:01.892+0200: 14.285: [GC (Allocation Failure) 2020-09-29T18:30:01.893+0200: 14.285: [ParNew: 593852K->41069K(613440K), 0.0221190 secs] 600868K->48084K(2029056K), 0.0222047 secs] [Times: user=0.22 sys=0.00, real=0.02 secs] 
2020-09-29T18:30:01.968+0200: 14.361: [GC (Allocation Failure) 2020-09-29T18:30:01.968+0200: 14.361: [ParNew: 586413K->63611K(613440K), 0.0273096 secs] 593428K->70626K(2029056K), 0.0273800 secs] [Times: user=0.25 sys=0.00, real=0.03 secs] 
2020-09-29T18:30:02.045+0200: 14.438: [GC (Allocation Failure) 2020-09-29T18:30:02.045+0200: 14.438: [ParNew: 608955K->46810K(613440K), 0.0262801 secs] 615970K->53825K(2029056K), 0.0263498 secs] [Times: user=0.25 sys=0.00, real=0.03 secs] 
2020-09-29T18:30:02.127+0200: 14.520: [GC (Allocation Failure) 2020-09-29T18:30:02.127+0200: 14.520: [ParNew: 592154K->45462K(613440K), 0.0266922 secs] 599169K->52478K(2029056K), 0.0267580 secs] [Times: user=0.25 sys=0.00, real=0.03 secs] 
2020-09-29T18:30:02.201+0200: 14.594: [GC (Allocation Failure) 2020-09-29T18:30:02.201+0200: 14.594: [ParNew: 590806K->43165K(613440K), 0.0170426 secs] 597822K->50180K(2029056K), 0.0171131 secs] [Times: user=0.13 sys=0.00, real=0.02 secs] 
2020-09-29T18:30:02.269+0200: 14.662: [GC (Allocation Failure) 2020-09-29T18:30:02.269+0200: 14.662: [ParNew: 588509K->37197K(613440K), 0.0179333 secs] 595524K->44212K(2029056K), 0.0179984 secs] [Times: user=0.25 sys=0.00, real=0.02 secs] 
2020-09-29T18:30:02.347+0200: 14.740: [GC (Allocation Failure) 2020-09-29T18:30:02.348+0200: 14.741: [ParNew: 582541K->27120K(613440K), 0.0175325 secs] 589556K->34135K(2029056K), 0.0176133 secs] [Times: user=0.13 sys=0.02, real=0.02 secs] 
2020-09-29T18:30:02.424+0200: 14.817: [GC (Allocation Failure) 2020-09-29T18:30:02.424+0200: 14.817: [ParNew: 572464K->39025K(613440K), 0.0244704 secs] 579479K->46040K(2029056K), 0.0245410 secs] [Times: user=0.22 sys=0.00, real=0.02 secs] 
2020-09-29T18:30:02.501+0200: 14.894: [GC (Allocation Failure) 2020-09-29T18:30:02.501+0200: 14.894: [ParNew: 584369K->56821K(613440K), 0.0273869 secs] 591384K->63836K(2029056K), 0.0274642 secs] [Times: user=0.25 sys=0.00, real=0.03 secs] 
2020-09-29T18:30:02.578+0200: 14.971: [GC (Allocation Failure) 2020-09-29T18:30:02.578+0200: 14.971: [ParNew: 602165K->46713K(613440K), 0.0192941 secs] 609180K->53728K(2029056K), 0.0193779 secs] [Times: user=0.25 sys=0.00, real=0.02 secs] 
2020-09-29T18:30:02.650+0200: 15.043: [GC (Allocation Failure) 2020-09-29T18:30:02.650+0200: 15.043: [ParNew: 592057K->40022K(613440K), 0.0185069 secs] 599072K->47037K(2029056K), 0.0185895 secs] [Times: user=0.13 sys=0.00, real=0.02 secs] 
2020-09-29T18:30:02.729+0200: 15.122: [GC (Allocation Failure) 2020-09-29T18:30:02.729+0200: 15.122: [ParNew: 585366K->56982K(613440K), 0.0288247 secs] 592381K->63998K(2029056K), 0.0289016 secs] [Times: user=0.25 sys=0.00, real=0.03 secs] 
2020-09-29T18:30:02.809+0200: 15.202: [GC (Allocation Failure) 2020-09-29T18:30:02.809+0200: 15.202: [ParNew: 602326K->68096K(613440K), 0.0295843 secs] 609342K->75510K(2029056K), 0.0296566 secs] [Times: user=0.25 sys=0.00, real=0.03 secs] 
2020-09-29T18:30:02.885+0200: 15.278: [GC (Allocation Failure) 2020-09-29T18:30:02.885+0200: 15.278: [ParNew: 613440K->51934K(613440K), 0.0203904 secs] 620854K->59349K(2029056K), 0.0204604 secs] [Times: user=0.13 sys=0.00, real=0.02 secs] 
2020-09-29T18:30:02.964+0200: 15.357: [GC (Allocation Failure) 2020-09-29T18:30:02.964+0200: 15.357: [ParNew: 597278K->49098K(613440K), 0.0271707 secs] 604693K->56512K(2029056K), 0.0272570 secs] [Times: user=0.25 sys=0.00, real=0.03 secs] 
2020-09-29T18:30:03.047+0200: 15.440: [GC (Allocation Failure) 2020-09-29T18:30:03.047+0200: 15.440: [ParNew: 594442K->68096K(613440K), 0.0344515 secs] 601856K->75899K(2029056K), 0.0358137 secs] [Times: user=0.23 sys=0.00, real=0.04 secs] 
2020-09-29T18:30:03.132+0200: 15.525: [GC (Allocation Failure) 2020-09-29T18:30:03.132+0200: 15.525: [ParNew: 613440K->60282K(613440K), 0.0259277 secs] 621243K->68086K(2029056K), 0.0260010 secs] [Times: user=0.13 sys=0.00, real=0.03 secs] 
2020-09-29T18:30:03.213+0200: 15.606: [GC (Allocation Failure) 2020-09-29T18:30:03.213+0200: 15.606: [ParNew: 605626K->47952K(613440K), 0.0265610 secs] 613430K->55755K(2029056K), 0.0266542 secs] [Times: user=0.25 sys=0.00, real=0.03 secs] 
2020-09-29T18:30:03.290+0200: 15.683: [GC (Allocation Failure) 2020-09-29T18:30:03.290+0200: 15.683: [ParNew: 593296K->47571K(613440K), 0.0241978 secs] 601099K->55374K(2029056K), 0.0242662 secs] [Times: user=0.13 sys=0.00, real=0.02 secs] 
2020-09-29T18:30:03.365+0200: 15.758: [GC (Allocation Failure) 2020-09-29T18:30:03.365+0200: 15.758: [ParNew: 592915K->68096K(613440K), 0.0334887 secs] 600718K->75972K(2029056K), 0.0335780 secs] [Times: user=0.22 sys=0.00, real=0.03 secs] 
2020-09-29T18:30:03.454+0200: 15.847: [GC (Allocation Failure) 2020-09-29T18:30:03.454+0200: 15.847: [ParNew: 613440K->44337K(613440K), 0.0163821 secs] 621316K->52214K(2029056K), 0.0164791 secs] [Times: user=0.13 sys=0.00, real=0.02 secs] 
2020-09-29T18:30:03.530+0200: 15.923: [GC (Allocation Failure) 2020-09-29T18:30:03.530+0200: 15.923: [ParNew: 589681K->37184K(613440K), 0.0239514 secs] 597558K->45061K(2029056K), 0.0240292 secs] [Times: user=0.20 sys=0.00, real=0.02 secs] 
2020-09-29T18:30:03.613+0200: 16.006: [GC (Allocation Failure) 2020-09-29T18:30:03.613+0200: 16.006: [ParNew: 582528K->56181K(613440K), 0.0296409 secs] 590405K->64058K(2029056K), 0.0297406 secs] [Times: user=0.22 sys=0.00, real=0.03 secs] 
2020-09-29T18:30:03.694+0200: 16.087: [GC (Allocation Failure) 2020-09-29T18:30:03.694+0200: 16.087: [ParNew: 601525K->68096K(613440K), 0.0337029 secs] 609402K->77561K(2029056K), 0.0337700 secs] [Times: user=0.25 sys=0.00, real=0.03 secs] 
2020-09-29T18:30:03.777+0200: 16.170: [GC (Allocation Failure) 2020-09-29T18:30:03.777+0200: 16.170: [ParNew: 613440K->60623K(613440K), 0.0259706 secs] 622905K->70089K(2029056K), 0.0260524 secs] [Times: user=0.25 sys=0.00, real=0.03 secs] 
2020-09-29T18:30:03.855+0200: 16.248: [GC (Allocation Failure) 2020-09-29T18:30:03.855+0200: 16.248: [ParNew: 605967K->52405K(613440K), 0.0252994 secs] 615433K->61870K(2029056K), 0.0253809 secs] [Times: user=0.23 sys=0.00, real=0.03 secs] 
2020-09-29T18:30:03.931+0200: 16.324: [GC (Allocation Failure) 2020-09-29T18:30:03.931+0200: 16.324: [ParNew: 597749K->39924K(613440K), 0.0258696 secs] 607214K->49389K(2029056K), 0.0259395 secs] [Times: user=0.11 sys=0.00, real=0.03 secs] 
2020-09-29T18:30:04.015+0200: 16.407: [GC (Allocation Failure) 2020-09-29T18:30:04.015+0200: 16.407: [ParNew: 585268K->33317K(613440K), 0.0184351 secs] 594733K->42783K(2029056K), 0.0185190 secs] [Times: user=0.09 sys=0.00, real=0.02 secs] 
2020-09-29T18:30:04.095+0200: 16.487: [GC (Allocation Failure) 2020-09-29T18:30:04.095+0200: 16.487: [ParNew: 578661K->36627K(613440K), 0.0235726 secs] 588127K->46092K(2029056K), 0.0236488 secs] [Times: user=0.24 sys=0.00, real=0.02 secs] 
2020-09-29T18:30:04.174+0200: 16.566: [GC (Allocation Failure) 2020-09-29T18:30:04.174+0200: 16.566: [ParNew: 581971K->47894K(613440K), 0.0234703 secs] 591436K->57360K(2029056K), 0.0235606 secs] [Times: user=0.23 sys=0.00, real=0.02 secs] 
2020-09-29T18:30:04.258+0200: 16.650: [GC (Allocation Failure) 2020-09-29T18:30:04.258+0200: 16.650: [ParNew: 593238K->35811K(613440K), 0.0237412 secs] 602704K->45276K(2029056K), 0.0238192 secs] [Times: user=0.11 sys=0.00, real=0.02 secs] 
2020-09-29T18:30:04.340+0200: 16.733: [GC (Allocation Failure) 2020-09-29T18:30:04.340+0200: 16.733: [ParNew: 581155K->55801K(613440K), 0.0279287 secs] 590620K->65266K(2029056K), 0.0280017 secs] [Times: user=0.25 sys=0.00, real=0.03 secs] 
2020-09-29T18:30:04.424+0200: 16.817: [GC (Allocation Failure) 2020-09-29T18:30:04.424+0200: 16.817: [ParNew: 601145K->37632K(613440K), 0.0216517 secs] 610610K->47098K(2029056K), 0.0217591 secs] [Times: user=0.19 sys=0.00, real=0.02 secs] 
2020-09-29T18:30:04.500+0200: 16.893: [GC (Allocation Failure) 2020-09-29T18:30:04.500+0200: 16.893: [ParNew: 582976K->35904K(613440K), 0.0247792 secs] 592442K->45369K(2029056K), 0.0248650 secs] [Times: user=0.22 sys=0.00, real=0.03 secs] 
2020-09-29T18:30:04.589+0200: 16.982: [GC (Allocation Failure) 2020-09-29T18:30:04.589+0200: 16.982: [ParNew: 581248K->52083K(613440K), 0.0299546 secs] 590713K->61549K(2029056K), 0.0300631 secs] [Times: user=0.25 sys=0.00, real=0.03 secs] 
2020-09-29T18:30:04.670+0200: 17.063: [GC (Allocation Failure) 2020-09-29T18:30:04.670+0200: 17.063: [ParNew: 597427K->68096K(613440K), 0.0367861 secs] 606893K->78847K(2029056K), 0.0368660 secs] [Times: user=0.25 sys=0.00, real=0.04 secs] 
2020-09-29T18:30:04.755+0200: 17.148: [GC (Allocation Failure) 2020-09-29T18:30:04.755+0200: 17.148: [ParNew: 613440K->55314K(613440K), 0.0275814 secs] 624191K->66066K(2029056K), 0.0276972 secs] [Times: user=0.13 sys=0.00, real=0.03 secs] 
2020-09-29T18:30:04.833+0200: 17.226: [GC (Allocation Failure) 2020-09-29T18:30:04.833+0200: 17.226: [ParNew: 600658K->45824K(613440K), 0.0258111 secs] 611410K->56575K(2029056K), 0.0258810 secs] [Times: user=0.09 sys=0.00, real=0.03 secs] 
2020-09-29T18:30:04.908+0200: 17.301: [GC (Allocation Failure) 2020-09-29T18:30:04.908+0200: 17.301: [ParNew: 591168K->35859K(613440K), 0.0166230 secs] 601919K->46610K(2029056K), 0.0166935 secs] [Times: user=0.13 sys=0.00, real=0.02 secs] 
2020-09-29T18:30:04.982+0200: 17.375: [GC (Allocation Failure) 2020-09-29T18:30:04.982+0200: 17.375: [ParNew: 581203K->36079K(613440K), 0.0237497 secs] 591954K->46830K(2029056K), 0.0238190 secs] [Times: user=0.24 sys=0.00, real=0.02 secs] 
2020-09-29T18:30:05.058+0200: 17.451: [GC (Allocation Failure) 2020-09-29T18:30:05.058+0200: 17.451: [ParNew: 580419K->42724K(613440K), 0.0230159 secs] 591170K->53475K(2029056K), 0.0231039 secs] [Times: user=0.11 sys=0.00, real=0.02 secs] 
2020-09-29T18:30:05.137+0200: 17.530: [GC (Allocation Failure) 2020-09-29T18:30:05.137+0200: 17.530: [ParNew: 588068K->54494K(613440K), 0.0281789 secs] 598819K->65245K(2029056K), 0.0282554 secs] [Times: user=0.25 sys=0.00, real=0.03 secs] 
2020-09-29T18:30:05.219+0200: 17.612: [GC (Allocation Failure) 2020-09-29T18:30:05.219+0200: 17.612: [ParNew: 599838K->43216K(613440K), 0.0258953 secs] 610589K->53967K(2029056K), 0.0259872 secs] [Times: user=0.24 sys=0.00, real=0.03 secs] 
2020-09-29T18:30:05.303+0200: 17.696: [GC (Allocation Failure) 2020-09-29T18:30:05.303+0200: 17.696: [ParNew: 588560K->34542K(613440K), 0.0159129 secs] 599311K->45293K(2029056K), 0.0159808 secs] [Times: user=0.13 sys=0.00, real=0.02 secs] 
2020-09-29T18:30:05.374+0200: 17.767: [GC (Allocation Failure) 2020-09-29T18:30:05.374+0200: 17.767: [ParNew: 579886K->38137K(613440K), 0.0226751 secs] 590637K->48888K(2029056K), 0.0227444 secs] [Times: user=0.25 sys=0.00, real=0.02 secs] 
2020-09-29T18:30:05.453+0200: 17.846: [GC (Allocation Failure) 2020-09-29T18:30:05.453+0200: 17.846: [ParNew: 583481K->53762K(613440K), 0.0296327 secs] 594232K->64513K(2029056K), 0.0297247 secs] [Times: user=0.25 sys=0.00, real=0.03 secs] 
2020-09-29T18:30:05.536+0200: 17.929: [GC (Allocation Failure) 2020-09-29T18:30:05.536+0200: 17.929: [ParNew: 599106K->44819K(613440K), 0.0206758 secs] 609857K->55570K(2029056K), 0.0207447 secs] [Times: user=0.13 sys=0.00, real=0.02 secs] 
2020-09-29T18:30:05.619+0200: 18.012: [GC (Allocation Failure) 2020-09-29T18:30:05.619+0200: 18.012: [ParNew: 590163K->63469K(613440K), 0.0365189 secs] 600914K->74220K(2029056K), 0.0365905 secs] [Times: user=0.24 sys=0.00, real=0.04 secs] 
2020-09-29T18:30:05.703+0200: 18.096: [GC (Allocation Failure) 2020-09-29T18:30:05.703+0200: 18.096: [ParNew: 608813K->54829K(613440K), 0.0272032 secs] 619564K->65580K(2029056K), 0.0272697 secs] [Times: user=0.25 sys=0.00, real=0.03 secs] 
2020-09-29T18:30:05.785+0200: 18.178: [GC (Allocation Failure) 2020-09-29T18:30:05.785+0200: 18.178: [ParNew: 600173K->41103K(613440K), 0.0189096 secs] 610924K->51854K(2029056K), 0.0189756 secs] [Times: user=0.23 sys=0.02, real=0.02 secs] 
2020-09-29T18:30:05.862+0200: 18.255: [GC (Allocation Failure) 2020-09-29T18:30:05.862+0200: 18.255: [ParNew: 586447K->42076K(613440K), 0.0242630 secs] 597198K->52827K(2029056K), 0.0243332 secs] [Times: user=0.25 sys=0.00, real=0.02 secs] 
2020-09-29T18:30:05.944+0200: 18.337: [GC (Allocation Failure) 2020-09-29T18:30:05.944+0200: 18.337: [ParNew: 587420K->51872K(613440K), 0.0248623 secs] 598171K->62624K(2029056K), 0.0249413 secs] [Times: user=0.13 sys=0.00, real=0.03 secs] 
2020-09-29T18:30:06.028+0200: 18.421: [GC (Allocation Failure) 2020-09-29T18:30:06.028+0200: 18.421: [ParNew: 597216K->40603K(613440K), 0.0247754 secs] 607968K->51354K(2029056K), 0.0248657 secs] [Times: user=0.25 sys=0.00, real=0.02 secs] 
2020-09-29T18:30:06.107+0200: 18.500: [GC (Allocation Failure) 2020-09-29T18:30:06.107+0200: 18.500: [ParNew: 585947K->39913K(613440K), 0.0239877 secs] 596698K->50664K(2029056K), 0.0240748 secs] [Times: user=0.24 sys=0.00, real=0.02 secs] 
2020-09-29T18:30:06.186+0200: 18.579: [GC (Allocation Failure) 2020-09-29T18:30:06.186+0200: 18.579: [ParNew: 585257K->36294K(613440K), 0.0233507 secs] 596008K->47045K(2029056K), 0.0234557 secs] [Times: user=0.25 sys=0.00, real=0.02 secs] 
2020-09-29T18:30:06.258+0200: 18.651: [GC (Allocation Failure) 2020-09-29T18:30:06.258+0200: 18.651: [ParNew: 581638K->59391K(613440K), 0.0282145 secs] 592389K->70142K(2029056K), 0.0282855 secs] [Times: user=0.23 sys=0.00, real=0.03 secs] 
2020-09-29T18:30:06.334+0200: 18.727: [GC (Allocation Failure) 2020-09-29T18:30:06.334+0200: 18.727: [ParNew: 604735K->47225K(613440K), 0.0282036 secs] 615486K->57976K(2029056K), 0.0282705 secs] [Times: user=0.13 sys=0.00, real=0.03 secs] 
2020-09-29T18:30:06.414+0200: 18.807: [GC (Allocation Failure) 2020-09-29T18:30:06.414+0200: 18.807: [ParNew: 592569K->61141K(613440K), 0.0303528 secs] 603320K->71892K(2029056K), 0.0304426 secs] [Times: user=0.22 sys=0.00, real=0.03 secs] 
2020-09-29T18:30:06.496+0200: 18.889: [GC (Allocation Failure) 2020-09-29T18:30:06.496+0200: 18.889: [ParNew: 606485K->50810K(613440K), 0.0261686 secs] 617236K->61561K(2029056K), 0.0262532 secs] [Times: user=0.25 sys=0.00, real=0.03 secs] 
2020-09-29T18:30:06.575+0200: 18.969: [GC (Allocation Failure) 2020-09-29T18:30:06.576+0200: 18.969: [ParNew: 596154K->68096K(613440K), 0.0350769 secs] 606905K->78847K(2029056K), 0.0351876 secs] [Times: user=0.22 sys=0.00, real=0.04 secs] 
2020-09-29T18:30:06.663+0200: 19.056: [GC (Allocation Failure) 2020-09-29T18:30:06.663+0200: 19.056: [ParNew: 613440K->58344K(613440K), 0.0320947 secs] 624191K->69095K(2029056K), 0.0321634 secs] [Times: user=0.22 sys=0.00, real=0.03 secs] 
2020-09-29T18:30:06.746+0200: 19.139: [GC (Allocation Failure) 2020-09-29T18:30:06.746+0200: 19.139: [ParNew: 603688K->48798K(613440K), 0.0241184 secs] 614439K->59549K(2029056K), 0.0242041 secs] [Times: user=0.25 sys=0.00, real=0.02 secs] 
2020-09-29T18:30:06.825+0200: 19.218: [GC (Allocation Failure) 2020-09-29T18:30:06.825+0200: 19.218: [ParNew: 594142K->42233K(613440K), 0.0210802 secs] 604893K->52984K(2029056K), 0.0211648 secs] [Times: user=0.13 sys=0.00, real=0.02 secs] 
2020-09-29T18:30:06.906+0200: 19.299: [GC (Allocation Failure) 2020-09-29T18:30:06.906+0200: 19.299: [ParNew: 587577K->36134K(613440K), 0.0217695 secs] 598328K->46885K(2029056K), 0.0218574 secs] [Times: user=0.23 sys=0.00, real=0.02 secs] 
2020-09-29T18:30:06.991+0200: 19.384: [GC (Allocation Failure) 2020-09-29T18:30:06.991+0200: 19.384: [ParNew: 581478K->32036K(613440K), 0.0197897 secs] 592229K->42787K(2029056K), 0.0198896 secs] [Times: user=0.11 sys=0.00, real=0.02 secs] 
2020-09-29T18:30:07.071+0200: 19.464: [GC (Allocation Failure) 2020-09-29T18:30:07.071+0200: 19.464: [ParNew: 577380K->45594K(613440K), 0.0290397 secs] 588131K->56345K(2029056K), 0.0291115 secs] [Times: user=0.22 sys=0.00, real=0.03 secs] 
2020-09-29T18:30:07.150+0200: 19.543: [GC (Allocation Failure) 2020-09-29T18:30:07.150+0200: 19.543: [ParNew: 590938K->40918K(613440K), 0.0258343 secs] 601689K->51669K(2029056K), 0.0259215 secs] [Times: user=0.25 sys=0.00, real=0.03 secs] 
2020-09-29T18:30:07.228+0200: 19.621: [GC (Allocation Failure) 2020-09-29T18:30:07.228+0200: 19.621: [ParNew: 586262K->41372K(613440K), 0.0234306 secs] 597013K->52123K(2029056K), 0.0235080 secs] [Times: user=0.13 sys=0.00, real=0.02 secs] 
2020-09-29T18:30:07.312+0200: 19.705: [GC (Allocation Failure) 2020-09-29T18:30:07.312+0200: 19.705: [ParNew: 586716K->35943K(613440K), 0.0225581 secs] 597467K->46694K(2029056K), 0.0226340 secs] [Times: user=0.25 sys=0.00, real=0.02 secs] 
2020-09-29T18:30:07.387+0200: 19.781: [GC (Allocation Failure) 2020-09-29T18:30:07.388+0200: 19.781: [ParNew: 581287K->57468K(613440K), 0.0274677 secs] 592038K->68219K(2029056K), 0.0275719 secs] [Times: user=0.25 sys=0.00, real=0.03 secs] 
2020-09-29T18:30:07.475+0200: 19.869: [GC (Allocation Failure) 2020-09-29T18:30:07.475+0200: 19.869: [ParNew: 602812K->38170K(613440K), 0.0203139 secs] 613563K->48921K(2029056K), 0.0204358 secs] [Times: user=0.11 sys=0.00, real=0.02 secs] 
2020-09-29T18:30:07.556+0200: 19.950: [GC (Allocation Failure) 2020-09-29T18:30:07.557+0200: 19.950: [ParNew: 583514K->44118K(613440K), 0.0286286 secs] 594265K->54869K(2029056K), 0.0287814 secs] [Times: user=0.20 sys=0.00, real=0.03 secs] 
2020-09-29T18:30:07.640+0200: 20.033: [GC (Allocation Failure) 2020-09-29T18:30:07.640+0200: 20.033: [ParNew: 589462K->50964K(613440K), 0.0256795 secs] 600213K->61716K(2029056K), 0.0257681 secs] [Times: user=0.22 sys=0.00, real=0.03 secs] 
2020-09-29T18:30:07.718+0200: 20.112: [GC (Allocation Failure) 2020-09-29T18:30:07.719+0200: 20.112: [ParNew: 596308K->37906K(613440K), 0.0220903 secs] 607060K->48657K(2029056K), 0.0221819 secs] [Times: user=0.25 sys=0.00, real=0.02 secs] 
2020-09-29T18:30:07.796+0200: 20.189: [GC (Allocation Failure) 2020-09-29T18:30:07.796+0200: 20.189: [ParNew: 583250K->39382K(613440K), 0.0215041 secs] 594001K->50133K(2029056K), 0.0215772 secs] [Times: user=0.25 sys=0.00, real=0.02 secs] 
2020-09-29T18:30:07.874+0200: 20.267: [GC (Allocation Failure) 2020-09-29T18:30:07.874+0200: 20.267: [ParNew: 584726K->54808K(613440K), 0.0269593 secs] 595477K->65559K(2029056K), 0.0270315 secs] [Times: user=0.25 sys=0.00, real=0.03 secs] 
2020-09-29T18:30:07.952+0200: 20.346: [GC (Allocation Failure) 2020-09-29T18:30:07.952+0200: 20.346: [ParNew: 600152K->54208K(613440K), 0.0261437 secs] 610903K->64959K(2029056K), 0.0262315 secs] [Times: user=0.22 sys=0.00, real=0.03 secs] 
2020-09-29T18:30:08.037+0200: 20.430: [GC (Allocation Failure) 2020-09-29T18:30:08.037+0200: 20.430: [ParNew: 599552K->43468K(613440K), 0.0260196 secs] 610303K->54220K(2029056K), 0.0260851 secs] [Times: user=0.11 sys=0.00, real=0.03 secs] 
2020-09-29T18:30:08.116+0200: 20.509: [GC (Allocation Failure) 2020-09-29T18:30:08.116+0200: 20.509: [ParNew: 588812K->59013K(613440K), 0.0320307 secs] 599564K->69764K(2029056K), 0.0321039 secs] [Times: user=0.25 sys=0.00, real=0.03 secs] 
2020-09-29T18:30:08.197+0200: 20.590: [GC (Allocation Failure) 2020-09-29T18:30:08.197+0200: 20.590: [ParNew: 604357K->46744K(613440K), 0.0236665 secs] 615108K->57495K(2029056K), 0.0237362 secs] [Times: user=0.13 sys=0.00, real=0.02 secs] 
2020-09-29T18:30:08.273+0200: 20.666: [GC (Allocation Failure) 2020-09-29T18:30:08.273+0200: 20.666: [ParNew: 592088K->43842K(613440K), 0.0206859 secs] 602839K->54593K(2029056K), 0.0207579 secs] [Times: user=0.13 sys=0.00, real=0.02 secs] 
2020-09-29T18:30:08.351+0200: 20.744: [GC (Allocation Failure) 2020-09-29T18:30:08.351+0200: 20.744: [ParNew: 589186K->38146K(613440K), 0.0205784 secs] 599937K->48897K(2029056K), 0.0206663 secs] [Times: user=0.13 sys=0.00, real=0.02 secs] 
2020-09-29T18:30:08.422+0200: 20.815: [GC (Allocation Failure) 2020-09-29T18:30:08.422+0200: 20.815: [ParNew: 583490K->55860K(613440K), 0.0304330 secs] 594241K->66611K(2029056K), 0.0305043 secs] [Times: user=0.23 sys=0.00, real=0.03 secs] 
2020-09-29T18:30:08.505+0200: 20.898: [GC (Allocation Failure) 2020-09-29T18:30:08.505+0200: 20.898: [ParNew: 601204K->39969K(613440K), 0.0193129 secs] 611955K->50720K(2029056K), 0.0194066 secs] [Times: user=0.13 sys=0.00, real=0.02 secs] 
2020-09-29T18:30:08.581+0200: 20.974: [GC (Allocation Failure) 2020-09-29T18:30:08.581+0200: 20.974: [ParNew: 585313K->42732K(613440K), 0.0261357 secs] 596064K->53483K(2029056K), 0.0262139 secs] [Times: user=0.22 sys=0.00, real=0.03 secs] 
2020-09-29T18:30:08.664+0200: 21.057: [GC (Allocation Failure) 2020-09-29T18:30:08.664+0200: 21.057: [ParNew: 588076K->52994K(613440K), 0.0239445 secs] 598827K->63745K(2029056K), 0.0240282 secs] [Times: user=0.13 sys=0.00, real=0.02 secs] 
2020-09-29T18:30:08.737+0200: 21.130: [GC (Allocation Failure) 2020-09-29T18:30:08.737+0200: 21.130: [ParNew: 598338K->40524K(613440K), 0.0225942 secs] 609089K->51275K(2029056K), 0.0226780 secs] [Times: user=0.25 sys=0.00, real=0.02 secs] 
2020-09-29T18:30:08.806+0200: 21.200: [GC (Allocation Failure) 2020-09-29T18:30:08.806+0200: 21.200: [ParNew: 585868K->26318K(613440K), 0.0193702 secs] 596619K->37070K(2029056K), 0.0194440 secs] [Times: user=0.13 sys=0.00, real=0.02 secs] 
2020-09-29T18:30:08.888+0200: 21.281: [GC (Allocation Failure) 2020-09-29T18:30:08.888+0200: 21.281: [ParNew: 571662K->65773K(613440K), 0.0326068 secs] 582414K->76524K(2029056K), 0.0326765 secs] [Times: user=0.25 sys=0.00, real=0.03 secs] 
2020-09-29T18:30:08.968+0200: 21.361: [GC (Allocation Failure) 2020-09-29T18:30:08.968+0200: 21.361: [ParNew: 611117K->49339K(613440K), 0.0238647 secs] 621868K->60090K(2029056K), 0.0239354 secs] [Times: user=0.25 sys=0.00, real=0.02 secs] 
2020-09-29T18:30:09.047+0200: 21.440: [GC (Allocation Failure) 2020-09-29T18:30:09.047+0200: 21.440: [ParNew: 594683K->37698K(613440K), 0.0176944 secs] 605434K->48449K(2029056K), 0.0177499 secs] [Times: user=0.13 sys=0.00, real=0.02 secs] 
2020-09-29T18:30:09.112+0200: 21.505: [GC (Allocation Failure) 2020-09-29T18:30:09.112+0200: 21.505: [ParNew: 583042K->34753K(613440K), 0.0166508 secs] 593793K->45504K(2029056K), 0.0167054 secs] [Times: user=0.13 sys=0.00, real=0.02 secs] 
2020-09-29T18:30:09.178+0200: 21.571: [GC (Allocation Failure) 2020-09-29T18:30:09.178+0200: 21.571: [ParNew: 580097K->56673K(613440K), 0.0204785 secs] 590848K->67425K(2029056K), 0.0205347 secs] [Times: user=0.13 sys=0.00, real=0.02 secs] 
2020-09-29T18:30:09.245+0200: 21.638: [GC (Allocation Failure) 2020-09-29T18:30:09.245+0200: 21.638: [ParNew: 602017K->41965K(613440K), 0.0142597 secs] 612769K->52716K(2029056K), 0.0143164 secs] [Times: user=0.13 sys=0.00, real=0.01 secs] 
2020-09-29T18:30:09.308+0200: 21.701: [GC (Allocation Failure) 2020-09-29T18:30:09.308+0200: 21.701: [ParNew: 587309K->40580K(613440K), 0.0187044 secs] 598060K->51331K(2029056K), 0.0187746 secs] [Times: user=0.13 sys=0.00, real=0.02 secs] 
2020-09-29T18:30:09.381+0200: 21.774: [GC (Allocation Failure) 2020-09-29T18:30:09.381+0200: 21.774: [ParNew: 585924K->57387K(613440K), 0.0176316 secs] 596675K->68138K(2029056K), 0.0176910 secs] [Times: user=0.13 sys=0.00, real=0.02 secs] 
2020-09-29T18:30:09.451+0200: 21.845: [GC (Allocation Failure) 2020-09-29T18:30:09.451+0200: 21.845: [ParNew: 602731K->24629K(613440K), 0.0120776 secs] 613482K->35380K(2029056K), 0.0121464 secs] [Times: user=0.13 sys=0.00, real=0.01 secs] 
2020-09-29T18:30:09.512+0200: 21.905: [GC (Allocation Failure) 2020-09-29T18:30:09.512+0200: 21.905: [ParNew: 569973K->37159K(613440K), 0.0159949 secs] 580724K->47910K(2029056K), 0.0160626 secs] [Times: user=0.13 sys=0.00, real=0.02 secs] 
2020-09-29T18:30:09.583+0200: 21.976: [GC (Allocation Failure) 2020-09-29T18:30:09.583+0200: 21.976: [ParNew: 582503K->28940K(613440K), 0.0104544 secs] 593254K->39691K(2029056K), 0.0105195 secs] [Times: user=0.00 sys=0.00, real=0.01 secs] 
2020-09-29T18:30:09.651+0200: 22.044: [GC (Allocation Failure) 2020-09-29T18:30:09.651+0200: 22.044: [ParNew: 574284K->46657K(613440K), 0.0209872 secs] 585035K->57408K(2029056K), 0.0210458 secs] [Times: user=0.13 sys=0.00, real=0.02 secs] 
2020-09-29T18:30:09.719+0200: 22.112: [GC (Allocation Failure) 2020-09-29T18:30:09.719+0200: 22.112: [ParNew: 592001K->59697K(613440K), 0.0198800 secs] 602752K->70448K(2029056K), 0.0199596 secs] [Times: user=0.25 sys=0.00, real=0.02 secs] 
2020-09-29T18:30:09.787+0200: 22.180: [GC (Allocation Failure) 2020-09-29T18:30:09.787+0200: 22.180: [ParNew: 605041K->38044K(613440K), 0.0124067 secs] 615792K->48796K(2029056K), 0.0124950 secs] [Times: user=0.00 sys=0.00, real=0.01 secs] 
2020-09-29T18:30:09.849+0200: 22.243: [GC (Allocation Failure) 2020-09-29T18:30:09.849+0200: 22.243: [ParNew: 583388K->29304K(613440K), 0.0133118 secs] 594140K->40055K(2029056K), 0.0133679 secs] [Times: user=0.00 sys=0.00, real=0.01 secs] 
2020-09-29T18:30:09.912+0200: 22.305: [GC (Allocation Failure) 2020-09-29T18:30:09.912+0200: 22.305: [ParNew: 574648K->51181K(613440K), 0.0227896 secs] 585399K->61932K(2029056K), 0.0228767 secs] [Times: user=0.13 sys=0.00, real=0.02 secs] 
2020-09-29T18:30:09.983+0200: 22.377: [GC (Allocation Failure) 2020-09-29T18:30:09.983+0200: 22.377: [ParNew: 596525K->68096K(613440K), 0.0204364 secs] 607276K->78847K(2029056K), 0.0205105 secs] [Times: user=0.25 sys=0.00, real=0.02 secs] 
2020-09-29T18:30:10.054+0200: 22.448: [GC (Allocation Failure) 2020-09-29T18:30:10.054+0200: 22.448: [ParNew: 613440K->66239K(613440K), 0.0255507 secs] 624191K->76990K(2029056K), 0.0256205 secs] [Times: user=0.11 sys=0.00, real=0.03 secs] 
2020-09-29T18:30:10.134+0200: 22.527: [GC (Allocation Failure) 2020-09-29T18:30:10.134+0200: 22.527: [ParNew: 611583K->51980K(613440K), 0.0199247 secs] 622334K->62731K(2029056K), 0.0199859 secs] [Times: user=0.13 sys=0.00, real=0.02 secs] 
2020-09-29T18:30:10.205+0200: 22.598: [GC (Allocation Failure) 2020-09-29T18:30:10.205+0200: 22.598: [ParNew: 597324K->36161K(613440K), 0.0133022 secs] 608075K->46912K(2029056K), 0.0133652 secs] [Times: user=0.11 sys=0.00, real=0.01 secs] 
2020-09-29T18:30:10.274+0200: 22.667: [GC (Allocation Failure) 2020-09-29T18:30:10.274+0200: 22.667: [ParNew: 581505K->36424K(613440K), 0.0184412 secs] 592256K->47176K(2029056K), 0.0184969 secs] [Times: user=0.13 sys=0.00, real=0.02 secs] 
2020-09-29T18:30:10.340+0200: 22.733: [GC (Allocation Failure) 2020-09-29T18:30:10.340+0200: 22.733: [ParNew: 581768K->59346K(613440K), 0.0215794 secs] 592520K->70097K(2029056K), 0.0216349 secs] [Times: user=0.13 sys=0.00, real=0.02 secs] 
2020-09-29T18:30:10.412+0200: 22.805: [GC (Allocation Failure) 2020-09-29T18:30:10.412+0200: 22.805: [ParNew: 604690K->68096K(613440K), 0.0264062 secs] 615441K->78869K(2029056K), 0.0265082 secs] [Times: user=0.11 sys=0.00, real=0.03 secs] 
2020-09-29T18:30:10.490+0200: 22.883: [GC (Allocation Failure) 2020-09-29T18:30:10.490+0200: 22.883: [ParNew: 613440K->42753K(613440K), 0.0163888 secs] 624213K->53527K(2029056K), 0.0164464 secs] [Times: user=0.13 sys=0.00, real=0.02 secs] 
2020-09-29T18:30:10.558+0200: 22.951: [GC (Allocation Failure) 2020-09-29T18:30:10.558+0200: 22.951: [ParNew: 588097K->68096K(613440K), 0.0205321 secs] 598871K->78869K(2029056K), 0.0206018 secs] [Times: user=0.13 sys=0.00, real=0.02 secs] 
2020-09-29T18:30:10.627+0200: 23.021: [GC (Allocation Failure) 2020-09-29T18:30:10.627+0200: 23.021: [ParNew: 613440K->47069K(613440K), 0.0196760 secs] 624213K->57842K(2029056K), 0.0197393 secs] [Times: user=0.25 sys=0.00, real=0.02 secs] 
2020-09-29T18:30:10.696+0200: 23.090: [GC (Allocation Failure) 2020-09-29T18:30:10.696+0200: 23.090: [ParNew: 592413K->33089K(613440K), 0.0137426 secs] 603186K->43863K(2029056K), 0.0137976 secs] [Times: user=0.13 sys=0.00, real=0.01 secs] 
2020-09-29T18:30:10.756+0200: 23.149: [GC (Allocation Failure) 2020-09-29T18:30:10.756+0200: 23.149: [ParNew: 578433K->48563K(613440K), 0.0220652 secs] 589207K->59336K(2029056K), 0.0221345 secs] [Times: user=0.13 sys=0.00, real=0.02 secs] 
2020-09-29T18:30:10.825+0200: 23.218: [GC (Allocation Failure) 2020-09-29T18:30:10.825+0200: 23.218: [ParNew: 593907K->68096K(613440K), 0.0210804 secs] 604680K->78869K(2029056K), 0.0211687 secs] [Times: user=0.13 sys=0.00, real=0.02 secs] 
2020-09-29T18:30:10.892+0200: 23.285: [GC (Allocation Failure) 2020-09-29T18:30:10.892+0200: 23.285: [ParNew: 613440K->32521K(613440K), 0.0138371 secs] 624213K->43295K(2029056K), 0.0138891 secs] [Times: user=0.13 sys=0.00, real=0.01 secs] 
2020-09-29T18:30:10.963+0200: 23.356: [GC (Allocation Failure) 2020-09-29T18:30:10.963+0200: 23.356: [ParNew: 577865K->51570K(613440K), 0.0189572 secs] 588639K->62344K(2029056K), 0.0190267 secs] [Times: user=0.13 sys=0.00, real=0.02 secs] 
2020-09-29T18:30:11.029+0200: 23.422: [GC (Allocation Failure) 2020-09-29T18:30:11.029+0200: 23.422: [ParNew: 596914K->38866K(613440K), 0.0128673 secs] 607688K->49639K(2029056K), 0.0129272 secs] [Times: user=0.13 sys=0.00, real=0.01 secs] 
2020-09-29T18:30:11.093+0200: 23.487: [GC (Allocation Failure) 2020-09-29T18:30:11.093+0200: 23.487: [ParNew: 584210K->37068K(613440K), 0.0182123 secs] 594983K->47842K(2029056K), 0.0182823 secs] [Times: user=0.13 sys=0.00, real=0.02 secs] 
2020-09-29T18:30:11.159+0200: 23.553: [GC (Allocation Failure) 2020-09-29T18:30:11.159+0200: 23.553: [ParNew: 582412K->68096K(613440K), 0.0271749 secs] 593186K->79505K(2029056K), 0.0272321 secs] [Times: user=0.25 sys=0.00, real=0.03 secs] 
2020-09-29T18:30:11.233+0200: 23.626: [GC (Allocation Failure) 2020-09-29T18:30:11.233+0200: 23.626: [ParNew: 613440K->49014K(613440K), 0.0096813 secs] 624849K->60424K(2029056K), 0.0097376 secs] [Times: user=0.13 sys=0.00, real=0.01 secs] 
2020-09-29T18:30:11.305+0200: 23.697: [GC (Allocation Failure) 2020-09-29T18:30:11.305+0200: 23.697: [ParNew: 594358K->35001K(613440K), 0.0130293 secs] 605768K->46411K(2029056K), 0.0131149 secs] [Times: user=0.13 sys=0.00, real=0.01 secs] 
2020-09-29T18:30:11.368+0200: 23.760: [GC (Allocation Failure) 2020-09-29T18:30:11.368+0200: 23.760: [ParNew: 580345K->38255K(613440K), 0.0171330 secs] 591755K->49665K(2029056K), 0.0171894 secs] [Times: user=0.13 sys=0.00, real=0.02 secs] 
2020-09-29T18:30:11.438+0200: 23.830: [GC (Allocation Failure) 2020-09-29T18:30:11.438+0200: 23.830: [ParNew: 583599K->52225K(613440K), 0.0175379 secs] 595009K->63635K(2029056K), 0.0175958 secs] [Times: user=0.13 sys=0.00, real=0.02 secs] 
2020-09-29T18:30:11.509+0200: 23.901: [GC (Allocation Failure) 2020-09-29T18:30:11.509+0200: 23.901: [ParNew: 597569K->63674K(613440K), 0.0232795 secs] 608979K->75084K(2029056K), 0.0233686 secs] [Times: user=0.13 sys=0.00, real=0.02 secs] 
2020-09-29T18:30:11.583+0200: 23.975: [GC (Allocation Failure) 2020-09-29T18:30:11.583+0200: 23.975: [ParNew: 609018K->66201K(613440K), 0.0256303 secs] 620428K->77610K(2029056K), 0.0256953 secs] [Times: user=0.11 sys=0.00, real=0.03 secs] 
2020-09-29T18:30:11.661+0200: 24.053: [GC (Allocation Failure) 2020-09-29T18:30:11.661+0200: 24.053: [ParNew: 611545K->48600K(613440K), 0.0232622 secs] 622954K->60010K(2029056K), 0.0233457 secs] [Times: user=0.13 sys=0.00, real=0.02 secs] 
2020-09-29T18:30:11.740+0200: 24.132: [GC (Allocation Failure) 2020-09-29T18:30:11.740+0200: 24.132: [ParNew: 593944K->41006K(613440K), 0.0140348 secs] 605354K->52415K(2029056K), 0.0140906 secs] [Times: user=0.00 sys=0.00, real=0.01 secs] 
2020-09-29T18:30:11.806+0200: 24.199: [GC (Allocation Failure) 2020-09-29T18:30:11.806+0200: 24.199: [ParNew: 586350K->57308K(613440K), 0.0197657 secs] 597759K->68718K(2029056K), 0.0198419 secs] [Times: user=0.13 sys=0.00, real=0.02 secs] 
2020-09-29T18:30:11.873+0200: 24.266: [GC (Allocation Failure) 2020-09-29T18:30:11.873+0200: 24.266: [ParNew: 602652K->34423K(613440K), 0.0126037 secs] 614062K->45833K(2029056K), 0.0126606 secs] [Times: user=0.13 sys=0.00, real=0.01 secs] 
2020-09-29T18:30:11.933+0200: 24.325: [GC (Allocation Failure) 2020-09-29T18:30:11.933+0200: 24.325: [ParNew: 579767K->31713K(613440K), 0.0109112 secs] 591177K->43123K(2029056K), 0.0109720 secs] [Times: user=0.13 sys=0.00, real=0.01 secs] 
2020-09-29T18:30:12.004+0200: 24.396: [GC (Allocation Failure) 2020-09-29T18:30:12.004+0200: 24.396: [ParNew: 577057K->38729K(613440K), 0.0159249 secs] 588467K->50138K(2029056K), 0.0159919 secs] [Times: user=0.13 sys=0.00, real=0.02 secs] 
2020-09-29T18:30:12.067+0200: 24.459: [GC (Allocation Failure) 2020-09-29T18:30:12.067+0200: 24.460: [ParNew: 584073K->36962K(613440K), 0.0150254 secs] 595482K->48372K(2029056K), 0.0150791 secs] [Times: user=0.13 sys=0.00, real=0.02 secs] 
2020-09-29T18:30:12.131+0200: 24.523: [GC (Allocation Failure) 2020-09-29T18:30:12.131+0200: 24.523: [ParNew: 582306K->49988K(613440K), 0.0188965 secs] 593716K->61398K(2029056K), 0.0189825 secs] [Times: user=0.13 sys=0.00, real=0.02 secs] 
2020-09-29T18:30:12.196+0200: 24.589: [GC (Allocation Failure) 2020-09-29T18:30:12.196+0200: 24.589: [ParNew: 595332K->40186K(613440K), 0.0166946 secs] 606742K->51596K(2029056K), 0.0167850 secs] [Times: user=0.13 sys=0.00, real=0.02 secs] 
2020-09-29T18:30:12.260+0200: 24.652: [GC (Allocation Failure) 2020-09-29T18:30:12.260+0200: 24.652: [ParNew: 585530K->62055K(613440K), 0.0218525 secs] 596940K->73465K(2029056K), 0.0219063 secs] [Times: user=0.13 sys=0.00, real=0.02 secs] 
2020-09-29T18:30:12.329+0200: 24.722: [GC (Allocation Failure) 2020-09-29T18:30:12.329+0200: 24.722: [ParNew: 607399K->56809K(613440K), 0.0224802 secs] 618809K->68218K(2029056K), 0.0225618 secs] [Times: user=0.25 sys=0.00, real=0.02 secs] 
2020-09-29T18:30:12.400+0200: 24.792: [GC (Allocation Failure) 2020-09-29T18:30:12.400+0200: 24.792: [ParNew: 602153K->68096K(613440K), 0.0277294 secs] 613562K->79505K(2029056K), 0.0277981 secs] [Times: user=0.22 sys=0.00, real=0.03 secs] 
2020-09-29T18:30:12.478+0200: 24.871: [GC (Allocation Failure) 2020-09-29T18:30:12.478+0200: 24.871: [ParNew: 613440K->51705K(613440K), 0.0204286 secs] 624849K->63115K(2029056K), 0.0204861 secs] [Times: user=0.13 sys=0.00, real=0.02 secs] 
2020-09-29T18:30:12.546+0200: 24.939: [GC (Allocation Failure) 2020-09-29T18:30:12.546+0200: 24.939: [ParNew: 597049K->39618K(613440K), 0.0139155 secs] 608459K->51028K(2029056K), 0.0139890 secs] [Times: user=0.13 sys=0.00, real=0.01 secs] 
2020-09-29T18:30:12.615+0200: 25.007: [GC (Allocation Failure) 2020-09-29T18:30:12.615+0200: 25.007: [ParNew: 584962K->36121K(613440K), 0.0135003 secs] 596372K->47531K(2029056K), 0.0135606 secs] [Times: user=0.00 sys=0.00, real=0.01 secs] 
2020-09-29T18:30:12.678+0200: 25.071: [GC (Allocation Failure) 2020-09-29T18:30:12.678+0200: 25.071: [ParNew: 581465K->48297K(613440K), 0.0177246 secs] 592875K->59707K(2029056K), 0.0177852 secs] [Times: user=0.13 sys=0.00, real=0.02 secs] 
2020-09-29T18:30:12.747+0200: 25.139: [GC (Allocation Failure) 2020-09-29T18:30:12.747+0200: 25.139: [ParNew: 593641K->62542K(613440K), 0.0212278 secs] 605051K->73952K(2029056K), 0.0213027 secs] [Times: user=0.13 sys=0.00, real=0.02 secs] 
2020-09-29T18:30:12.816+0200: 25.209: [GC (Allocation Failure) 2020-09-29T18:30:12.816+0200: 25.209: [ParNew: 607886K->68096K(613440K), 0.0253985 secs] 619296K->79505K(2029056K), 0.0254679 secs] [Times: user=0.23 sys=0.00, real=0.03 secs] 
2020-09-29T18:30:12.889+0200: 25.282: [GC (Allocation Failure) 2020-09-29T18:30:12.889+0200: 25.282: [ParNew: 613440K->55557K(613440K), 0.0201947 secs] 624849K->66967K(2029056K), 0.0202613 secs] [Times: user=0.13 sys=0.00, real=0.02 secs] 
2020-09-29T18:30:12.961+0200: 25.353: [GC (Allocation Failure) 2020-09-29T18:30:12.961+0200: 25.353: [ParNew: 600901K->44766K(613440K), 0.0207665 secs] 612311K->56176K(2029056K), 0.0208479 secs] [Times: user=0.13 sys=0.00, real=0.02 secs] 
2020-09-29T18:30:13.031+0200: 25.424: [GC (Allocation Failure) 2020-09-29T18:30:13.031+0200: 25.424: [ParNew: 590110K->47995K(613440K), 0.0190369 secs] 601520K->59404K(2029056K), 0.0191135 secs] [Times: user=0.13 sys=0.00, real=0.02 secs] 
2020-09-29T18:30:13.104+0200: 25.497: [GC (Allocation Failure) 2020-09-29T18:30:13.104+0200: 25.497: [ParNew: 593339K->41952K(613440K), 0.0177902 secs] 604748K->53362K(2029056K), 0.0178794 secs] [Times: user=0.13 sys=0.00, real=0.02 secs] 
2020-09-29T18:30:13.174+0200: 25.567: [GC (Allocation Failure) 2020-09-29T18:30:13.174+0200: 25.567: [ParNew: 587296K->34155K(613440K), 0.0170388 secs] 598706K->45565K(2029056K), 0.0170960 secs] [Times: user=0.13 sys=0.00, real=0.02 secs] 
2020-09-29T18:30:13.239+0200: 25.632: [GC (Allocation Failure) 2020-09-29T18:30:13.239+0200: 25.632: [ParNew: 579499K->35007K(613440K), 0.0153077 secs] 590909K->46417K(2029056K), 0.0153631 secs] [Times: user=0.00 sys=0.00, real=0.02 secs] 
2020-09-29T18:30:13.303+0200: 25.696: [GC (Allocation Failure) 2020-09-29T18:30:13.303+0200: 25.696: [ParNew: 580351K->32396K(613440K), 0.0134035 secs] 591761K->43806K(2029056K), 0.0134648 secs] [Times: user=0.02 sys=0.00, real=0.01 secs] 
2020-09-29T18:30:13.366+0200: 25.758: [GC (Allocation Failure) 2020-09-29T18:30:13.366+0200: 25.758: [ParNew: 577740K->48720K(613440K), 0.0178602 secs] 589150K->60130K(2029056K), 0.0179369 secs] [Times: user=0.13 sys=0.00, real=0.02 secs] 
2020-09-29T18:30:13.434+0200: 25.826: [GC (Allocation Failure) 2020-09-29T18:30:13.434+0200: 25.826: [ParNew: 594064K->39465K(613440K), 0.0186569 secs] 605474K->50875K(2029056K), 0.0187148 secs] [Times: user=0.11 sys=0.00, real=0.02 secs] 
2020-09-29T18:30:13.503+0200: 25.896: [GC (Allocation Failure) 2020-09-29T18:30:13.503+0200: 25.896: [ParNew: 584809K->38626K(613440K), 0.0158138 secs] 596219K->50036K(2029056K), 0.0158757 secs] [Times: user=0.13 sys=0.00, real=0.02 secs] 
2020-09-29T18:30:13.568+0200: 25.961: [GC (Allocation Failure) 2020-09-29T18:30:13.568+0200: 25.961: [ParNew: 583970K->59983K(613440K), 0.0223755 secs] 595380K->71393K(2029056K), 0.0224485 secs] [Times: user=0.13 sys=0.00, real=0.02 secs] 
2020-09-29T18:30:13.641+0200: 26.033: [GC (Allocation Failure) 2020-09-29T18:30:13.641+0200: 26.034: [ParNew: 605327K->42907K(613440K), 0.0130250 secs] 616737K->54317K(2029056K), 0.0130989 secs] [Times: user=0.13 sys=0.00, real=0.01 secs] 
2020-09-29T18:30:13.702+0200: 26.095: [GC (Allocation Failure) 2020-09-29T18:30:13.702+0200: 26.095: [ParNew: 588251K->24269K(613440K), 0.0131327 secs] 599661K->35678K(2029056K), 0.0131901 secs] [Times: user=0.13 sys=0.00, real=0.01 secs] 
2020-09-29T18:30:13.762+0200: 26.155: [GC (Allocation Failure) 2020-09-29T18:30:13.762+0200: 26.155: [ParNew: 569613K->46013K(613440K), 0.0157452 secs] 581022K->57423K(2029056K), 0.0158085 secs] [Times: user=0.13 sys=0.00, real=0.02 secs] 
2020-09-29T18:30:13.829+0200: 26.222: [GC (Allocation Failure) 2020-09-29T18:30:13.829+0200: 26.222: [ParNew: 591357K->29768K(613440K), 0.0121939 secs] 602767K->41178K(2029056K), 0.0122499 secs] [Times: user=0.13 sys=0.00, real=0.01 secs] 
2020-09-29T18:30:13.896+0200: 26.289: [GC (Allocation Failure) 2020-09-29T18:30:13.896+0200: 26.289: [ParNew: 575112K->33051K(613440K), 0.0146698 secs] 586522K->44461K(2029056K), 0.0147231 secs] [Times: user=0.13 sys=0.00, real=0.02 secs] 
2020-09-29T18:30:13.961+0200: 26.354: [GC (Allocation Failure) 2020-09-29T18:30:13.961+0200: 26.354: [ParNew: 578395K->44285K(613440K), 0.0213913 secs] 589805K->55695K(2029056K), 0.0214706 secs] [Times: user=0.13 sys=0.00, real=0.02 secs] 
2020-09-29T18:30:14.031+0200: 26.423: [GC (Allocation Failure) 2020-09-29T18:30:14.031+0200: 26.423: [ParNew: 589629K->40720K(613440K), 0.0144531 secs] 601039K->52130K(2029056K), 0.0145228 secs] [Times: user=0.13 sys=0.00, real=0.01 secs] 
2020-09-29T18:30:14.096+0200: 26.489: [GC (Allocation Failure) 2020-09-29T18:30:14.096+0200: 26.489: [ParNew: 586064K->30000K(613440K), 0.0133197 secs] 597474K->41410K(2029056K), 0.0133959 secs] [Times: user=0.13 sys=0.00, real=0.01 secs] 
2020-09-29T18:30:14.168+0200: 26.561: [GC (Allocation Failure) 2020-09-29T18:30:14.168+0200: 26.561: [ParNew: 575344K->25394K(613440K), 0.0112506 secs] 586754K->36804K(2029056K), 0.0113071 secs] [Times: user=0.13 sys=0.00, real=0.01 secs] 
2020-09-29T18:30:14.229+0200: 26.622: [GC (Allocation Failure) 2020-09-29T18:30:14.229+0200: 26.622: [ParNew: 570738K->38462K(613440K), 0.0161762 secs] 582148K->49872K(2029056K), 0.0162462 secs] [Times: user=0.13 sys=0.00, real=0.02 secs] 
2020-09-29T18:30:14.293+0200: 26.686: [GC (Allocation Failure) 2020-09-29T18:30:14.293+0200: 26.686: [ParNew: 583806K->47968K(613440K), 0.0210635 secs] 595216K->59377K(2029056K), 0.0211239 secs] [Times: user=0.13 sys=0.00, real=0.02 secs] 
2020-09-29T18:30:14.362+0200: 26.755: [GC (Allocation Failure) 2020-09-29T18:30:14.362+0200: 26.755: [ParNew: 593312K->47875K(613440K), 0.0196316 secs] 604721K->59285K(2029056K), 0.0196999 secs] [Times: user=0.22 sys=0.02, real=0.02 secs] 
2020-09-29T18:30:14.434+0200: 26.826: [GC (Allocation Failure) 2020-09-29T18:30:14.434+0200: 26.826: [ParNew: 593219K->68096K(613440K), 0.0264207 secs] 604629K->80188K(2029056K), 0.0264876 secs] [Times: user=0.25 sys=0.00, real=0.03 secs] 
2020-09-29T18:30:14.509+0200: 26.901: [GC (Allocation Failure) 2020-09-29T18:30:14.509+0200: 26.901: [ParNew: 613440K->54209K(613440K), 0.0190689 secs] 625532K->66302K(2029056K), 0.0191611 secs] [Times: user=0.13 sys=0.00, real=0.02 secs] 
2020-09-29T18:30:14.578+0200: 26.971: [GC (Allocation Failure) 2020-09-29T18:30:14.578+0200: 26.971: [ParNew: 599553K->62630K(613440K), 0.0264877 secs] 611646K->74723K(2029056K), 0.0265458 secs] [Times: user=0.22 sys=0.00, real=0.03 secs] 
2020-09-29T18:30:14.656+0200: 27.048: [GC (Allocation Failure) 2020-09-29T18:30:14.656+0200: 27.048: [ParNew: 607974K->46665K(613440K), 0.0170126 secs] 620067K->58758K(2029056K), 0.0170803 secs] [Times: user=0.13 sys=0.00, real=0.02 secs] 
2020-09-29T18:30:14.723+0200: 27.115: [GC (Allocation Failure) 2020-09-29T18:30:14.723+0200: 27.115: [ParNew: 592009K->39975K(613440K), 0.0167057 secs] 604102K->52068K(2029056K), 0.0167593 secs] [Times: user=0.25 sys=0.00, real=0.02 secs] 
2020-09-29T18:30:14.787+0200: 27.179: [GC (Allocation Failure) 2020-09-29T18:30:14.787+0200: 27.179: [ParNew: 585319K->35737K(613440K), 0.0157264 secs] 597412K->47830K(2029056K), 0.0157820 secs] [Times: user=0.13 sys=0.00, real=0.02 secs] 
2020-09-29T18:30:14.850+0200: 27.242: [GC (Allocation Failure) 2020-09-29T18:30:14.850+0200: 27.242: [ParNew: 581081K->52471K(613440K), 0.0192225 secs] 593174K->64564K(2029056K), 0.0192796 secs] [Times: user=0.13 sys=0.00, real=0.02 secs] 
2020-09-29T18:30:14.917+0200: 27.310: [GC (Allocation Failure) 2020-09-29T18:30:14.917+0200: 27.310: [ParNew: 597815K->33685K(613440K), 0.0131380 secs] 609908K->45778K(2029056K), 0.0131953 secs] [Times: user=0.13 sys=0.00, real=0.01 secs] 
2020-09-29T18:30:14.980+0200: 27.373: [GC (Allocation Failure) 2020-09-29T18:30:14.980+0200: 27.373: [ParNew: 579029K->39169K(613440K), 0.0160604 secs] 591122K->51262K(2029056K), 0.0161152 secs] [Times: user=0.13 sys=0.00, real=0.02 secs] 
2020-09-29T18:30:15.046+0200: 27.439: [GC (Allocation Failure) 2020-09-29T18:30:15.046+0200: 27.439: [ParNew: 584513K->46768K(613440K), 0.0160846 secs] 596606K->58861K(2029056K), 0.0161412 secs] [Times: user=0.13 sys=0.00, real=0.02 secs] 
2020-09-29T18:30:15.112+0200: 27.505: [GC (Allocation Failure) 2020-09-29T18:30:15.112+0200: 27.505: [ParNew: 592112K->58786K(613440K), 0.0205096 secs] 604205K->70879K(2029056K), 0.0205714 secs] [Times: user=0.25 sys=0.00, real=0.02 secs] 
2020-09-29T18:30:15.182+0200: 27.575: [GC (Allocation Failure) 2020-09-29T18:30:15.182+0200: 27.575: [ParNew: 604130K->45354K(613440K), 0.0199599 secs] 616223K->57447K(2029056K), 0.0200201 secs] [Times: user=0.13 sys=0.00, real=0.02 secs] 
2020-09-29T18:30:15.253+0200: 27.646: [GC (Allocation Failure) 2020-09-29T18:30:15.253+0200: 27.646: [ParNew: 590698K->45423K(613440K), 0.0197148 secs] 602791K->57516K(2029056K), 0.0197840 secs] [Times: user=0.25 sys=0.00, real=0.02 secs] 
2020-09-29T18:30:15.320+0200: 27.712: [GC (Allocation Failure) 2020-09-29T18:30:15.320+0200: 27.712: [ParNew: 590767K->44981K(613440K), 0.0187836 secs] 602860K->57074K(2029056K), 0.0188566 secs] [Times: user=0.13 sys=0.00, real=0.02 secs] 
2020-09-29T18:30:15.385+0200: 27.778: [GC (Allocation Failure) 2020-09-29T18:30:15.385+0200: 27.778: [ParNew: 590325K->41569K(613440K), 0.0183032 secs] 602418K->53662K(2029056K), 0.0183777 secs] [Times: user=0.13 sys=0.00, real=0.02 secs] 
2020-09-29T18:30:15.457+0200: 27.850: [GC (Allocation Failure) 2020-09-29T18:30:15.457+0200: 27.850: [ParNew: 586913K->36180K(613440K), 0.0176633 secs] 599006K->48273K(2029056K), 0.0177316 secs] [Times: user=0.25 sys=0.00, real=0.02 secs] 
2020-09-29T18:30:15.526+0200: 27.918: [GC (Allocation Failure) 2020-09-29T18:30:15.526+0200: 27.918: [ParNew: 581524K->61684K(613440K), 0.0213919 secs] 593617K->73777K(2029056K), 0.0214582 secs] [Times: user=0.13 sys=0.00, real=0.02 secs] 
2020-09-29T18:30:15.597+0200: 27.990: [GC (Allocation Failure) 2020-09-29T18:30:15.597+0200: 27.990: [ParNew: 607028K->61993K(613440K), 0.0205438 secs] 619121K->74085K(2029056K), 0.0206026 secs] [Times: user=0.25 sys=0.00, real=0.02 secs] 
2020-09-29T18:30:15.667+0200: 28.059: [GC (Allocation Failure) 2020-09-29T18:30:15.667+0200: 28.059: [ParNew: 607337K->51805K(613440K), 0.0208917 secs] 619429K->63898K(2029056K), 0.0209604 secs] [Times: user=0.13 sys=0.00, real=0.02 secs] 
2020-09-29T18:30:15.736+0200: 28.129: [GC (Allocation Failure) 2020-09-29T18:30:15.736+0200: 28.129: [ParNew: 597149K->48480K(613440K), 0.0191395 secs] 609242K->60573K(2029056K), 0.0191968 secs] [Times: user=0.25 sys=0.00, real=0.02 secs] 
2020-09-29T18:30:15.805+0200: 28.197: [GC (Allocation Failure) 2020-09-29T18:30:15.805+0200: 28.197: [ParNew: 593824K->68096K(613440K), 0.0243503 secs] 605917K->80894K(2029056K), 0.0244066 secs] [Times: user=0.13 sys=0.00, real=0.02 secs] 
2020-09-29T18:30:15.878+0200: 28.271: [GC (Allocation Failure) 2020-09-29T18:30:15.879+0200: 28.271: [ParNew: 613440K->64494K(613440K), 0.0235600 secs] 626238K->77292K(2029056K), 0.0236428 secs] [Times: user=0.25 sys=0.00, real=0.02 secs] 
2020-09-29T18:30:15.953+0200: 28.346: [GC (Allocation Failure) 2020-09-29T18:30:15.953+0200: 28.346: [ParNew: 609838K->55663K(613440K), 0.0205315 secs] 622636K->68462K(2029056K), 0.0206202 secs] [Times: user=0.11 sys=0.00, real=0.02 secs] 
2020-09-29T18:30:16.025+0200: 28.417: [GC (Allocation Failure) 2020-09-29T18:30:16.025+0200: 28.417: [ParNew: 601007K->53190K(613440K), 0.0247151 secs] 613806K->65989K(2029056K), 0.0248006 secs] [Times: user=0.13 sys=0.00, real=0.02 secs] 
2020-09-29T18:30:16.099+0200: 28.492: [GC (Allocation Failure) 2020-09-29T18:30:16.099+0200: 28.492: [ParNew: 598534K->65325K(613440K), 0.0240335 secs] 611333K->78123K(2029056K), 0.0241207 secs] [Times: user=0.13 sys=0.00, real=0.02 secs] 
2020-09-29T18:30:16.174+0200: 28.567: [GC (Allocation Failure) 2020-09-29T18:30:16.174+0200: 28.567: [ParNew: 610669K->54968K(613440K), 0.0208279 secs] 623467K->67766K(2029056K), 0.0208886 secs] [Times: user=0.25 sys=0.00, real=0.02 secs] 
2020-09-29T18:30:16.247+0200: 28.640: [GC (Allocation Failure) 2020-09-29T18:30:16.247+0200: 28.640: [ParNew: 600312K->46618K(613440K), 0.0157141 secs] 613110K->59417K(2029056K), 0.0157747 secs] [Times: user=0.13 sys=0.00, real=0.02 secs] 
2020-09-29T18:30:16.312+0200: 28.704: [GC (Allocation Failure) 2020-09-29T18:30:16.312+0200: 28.704: [ParNew: 591962K->41375K(613440K), 0.0149352 secs] 604761K->54173K(2029056K), 0.0150000 secs] [Times: user=0.13 sys=0.00, real=0.01 secs] 
2020-09-29T18:30:16.374+0200: 28.766: [GC (Allocation Failure) 2020-09-29T18:30:16.374+0200: 28.766: [ParNew: 586719K->32815K(613440K), 0.0128237 secs] 599517K->45613K(2029056K), 0.0128782 secs] [Times: user=0.11 sys=0.00, real=0.01 secs] 
2020-09-29T18:30:16.438+0200: 28.831: [GC (Allocation Failure) 2020-09-29T18:30:16.438+0200: 28.831: [ParNew: 578159K->50688K(613440K), 0.0239485 secs] 590957K->63487K(2029056K), 0.0240224 secs] [Times: user=0.25 sys=0.00, real=0.02 secs] 
2020-09-29T18:30:16.511+0200: 28.904: [GC (Allocation Failure) 2020-09-29T18:30:16.511+0200: 28.904: [ParNew: 596032K->68096K(613440K), 0.0222745 secs] 608831K->80894K(2029056K), 0.0223329 secs] [Times: user=0.13 sys=0.00, real=0.02 secs] 
2020-09-29T18:30:16.582+0200: 28.975: [GC (Allocation Failure) 2020-09-29T18:30:16.582+0200: 28.975: [ParNew: 613440K->68096K(613440K), 0.0254613 secs] 626238K->80894K(2029056K), 0.0255423 secs] [Times: user=0.22 sys=0.00, real=0.03 secs] 
2020-09-29T18:30:16.658+0200: 29.051: [GC (Allocation Failure) 2020-09-29T18:30:16.658+0200: 29.051: [ParNew: 613440K->50747K(613440K), 0.0212717 secs] 626238K->63546K(2029056K), 0.0213327 secs] [Times: user=0.25 sys=0.00, real=0.02 secs] 
2020-09-29T18:30:16.728+0200: 29.121: [GC (Allocation Failure) 2020-09-29T18:30:16.734+0200: 29.126: [ParNew: 596091K->41008K(613440K), 0.0158448 secs] 608890K->53806K(2029056K), 0.0215895 secs] [Times: user=0.13 sys=0.00, real=0.02 secs] 
2020-09-29T18:30:16.804+0200: 29.197: [GC (Allocation Failure) 2020-09-29T18:30:16.804+0200: 29.197: [ParNew: 586352K->66571K(613440K), 0.0252095 secs] 599150K->79369K(2029056K), 0.0252709 secs] [Times: user=0.13 sys=0.00, real=0.03 secs] 
2020-09-29T18:30:16.880+0200: 29.272: [GC (Allocation Failure) 2020-09-29T18:30:16.880+0200: 29.272: [ParNew: 611915K->55448K(613440K), 0.0196512 secs] 624713K->68246K(2029056K), 0.0197106 secs] [Times: user=0.13 sys=0.00, real=0.02 secs] 
2020-09-29T18:30:16.950+0200: 29.343: [GC (Allocation Failure) 2020-09-29T18:30:16.950+0200: 29.343: [ParNew: 600792K->37216K(613440K), 0.0113953 secs] 613590K->50015K(2029056K), 0.0114556 secs] [Times: user=0.13 sys=0.00, real=0.01 secs] 
2020-09-29T18:30:17.010+0200: 29.403: [GC (Allocation Failure) 2020-09-29T18:30:17.010+0200: 29.403: [ParNew: 582560K->39149K(613440K), 0.0163110 secs] 595359K->51947K(2029056K), 0.0163700 secs] [Times: user=0.13 sys=0.00, real=0.02 secs] 
2020-09-29T18:30:17.074+0200: 29.467: [GC (Allocation Failure) 2020-09-29T18:30:17.074+0200: 29.467: [ParNew: 584493K->50003K(613440K), 0.0160217 secs] 597291K->62801K(2029056K), 0.0160833 secs] [Times: user=0.13 sys=0.00, real=0.02 secs] 
2020-09-29T18:30:17.142+0200: 29.534: [GC (Allocation Failure) 2020-09-29T18:30:17.142+0200: 29.534: [ParNew: 595347K->50234K(613440K), 0.0213459 secs] 608145K->63033K(2029056K), 0.0214122 secs] [Times: user=0.25 sys=0.00, real=0.02 secs] 
2020-09-29T18:30:17.210+0200: 29.602: [GC (Allocation Failure) 2020-09-29T18:30:17.210+0200: 29.602: [ParNew: 595578K->68090K(613440K), 0.0199098 secs] 608377K->80888K(2029056K), 0.0199661 secs] [Times: user=0.13 sys=0.00, real=0.02 secs] 
2020-09-29T18:30:17.278+0200: 29.671: [GC (Allocation Failure) 2020-09-29T18:30:17.278+0200: 29.671: [ParNew: 613434K->49474K(613440K), 0.0201836 secs] 626232K->62273K(2029056K), 0.0202584 secs] [Times: user=0.13 sys=0.00, real=0.02 secs] 
2020-09-29T18:30:17.346+0200: 29.738: [GC (Allocation Failure) 2020-09-29T18:30:17.346+0200: 29.738: [ParNew: 594818K->44021K(613440K), 0.0133753 secs] 607617K->56819K(2029056K), 0.0134294 secs] [Times: user=0.13 sys=0.00, real=0.01 secs] 
2020-09-29T18:30:17.409+0200: 29.801: [GC (Allocation Failure) 2020-09-29T18:30:17.409+0200: 29.801: [ParNew: 589365K->33428K(613440K), 0.0155467 secs] 602163K->46227K(2029056K), 0.0156094 secs] [Times: user=0.11 sys=0.00, real=0.02 secs] 
2020-09-29T18:30:17.490+0200: 29.883: [GC (Allocation Failure) 2020-09-29T18:30:17.490+0200: 29.883: [ParNew: 578772K->38315K(613440K), 0.0162751 secs] 591571K->51114K(2029056K), 0.0163318 secs] [Times: user=0.13 sys=0.00, real=0.02 secs] 
2020-09-29T18:30:17.554+0200: 29.947: [GC (Allocation Failure) 2020-09-29T18:30:17.554+0200: 29.947: [ParNew: 583659K->50697K(613440K), 0.0216637 secs] 596458K->63495K(2029056K), 0.0217542 secs] [Times: user=0.13 sys=0.00, real=0.02 secs] 
2020-09-29T18:30:17.627+0200: 30.019: [GC (Allocation Failure) 2020-09-29T18:30:17.627+0200: 30.019: [ParNew: 596041K->68096K(613440K), 0.0276673 secs] 608839K->81280K(2029056K), 0.0277254 secs] [Times: user=0.22 sys=0.00, real=0.03 secs] 
2020-09-29T18:30:17.701+0200: 30.094: [GC (Allocation Failure) 2020-09-29T18:30:17.701+0200: 30.094: [ParNew: 613440K->51022K(613440K), 0.0150831 secs] 626624K->64207K(2029056K), 0.0151379 secs] [Times: user=0.13 sys=0.00, real=0.02 secs] 
2020-09-29T18:30:17.769+0200: 30.161: [GC (Allocation Failure) 2020-09-29T18:30:17.769+0200: 30.161: [ParNew: 596366K->47468K(613440K), 0.0201814 secs] 609551K->60652K(2029056K), 0.0202365 secs] [Times: user=0.25 sys=0.00, real=0.02 secs] 
2020-09-29T18:30:17.836+0200: 30.229: [GC (Allocation Failure) 2020-09-29T18:30:17.836+0200: 30.229: [ParNew: 592812K->41928K(613440K), 0.0187964 secs] 605996K->55112K(2029056K), 0.0188553 secs] [Times: user=0.13 sys=0.00, real=0.02 secs] 
2020-09-29T18:30:17.903+0200: 30.296: [GC (Allocation Failure) 2020-09-29T18:30:17.903+0200: 30.296: [ParNew: 587272K->38098K(613440K), 0.0133311 secs] 600456K->51282K(2029056K), 0.0133891 secs] [Times: user=0.13 sys=0.00, real=0.01 secs] 
2020-09-29T18:30:17.965+0200: 30.358: [GC (Allocation Failure) 2020-09-29T18:30:17.965+0200: 30.358: [ParNew: 583442K->38072K(613440K), 0.0171662 secs] 596626K->51257K(2029056K), 0.0172334 secs] [Times: user=0.13 sys=0.00, real=0.02 secs] 
2020-09-29T18:30:18.033+0200: 30.426: [GC (Allocation Failure) 2020-09-29T18:30:18.033+0200: 30.426: [ParNew: 583416K->46616K(613440K), 0.0166155 secs] 596601K->59800K(2029056K), 0.0166683 secs] [Times: user=0.13 sys=0.00, real=0.02 secs] 
2020-09-29T18:30:18.096+0200: 30.489: [GC (Allocation Failure) 2020-09-29T18:30:18.096+0200: 30.489: [ParNew: 590513K->35186K(613440K), 0.0150819 secs] 603698K->48371K(2029056K), 0.0151360 secs] [Times: user=0.13 sys=0.00, real=0.02 secs] 
2020-09-29T18:30:18.159+0200: 30.552: [GC (Allocation Failure) 2020-09-29T18:30:18.159+0200: 30.552: [ParNew: 580530K->52092K(613440K), 0.0186980 secs] 593715K->65276K(2029056K), 0.0187624 secs] [Times: user=0.25 sys=0.00, real=0.02 secs] 
2020-09-29T18:30:18.225+0200: 30.618: [GC (Allocation Failure) 2020-09-29T18:30:18.225+0200: 30.618: [ParNew: 597436K->64943K(613440K), 0.0228421 secs] 610620K->78127K(2029056K), 0.0228960 secs] [Times: user=0.13 sys=0.00, real=0.02 secs] 
2020-09-29T18:30:18.296+0200: 30.689: [GC (Allocation Failure) 2020-09-29T18:30:18.296+0200: 30.689: [ParNew: 610287K->68096K(613440K), 0.0219024 secs] 623471K->81444K(2029056K), 0.0219747 secs] [Times: user=0.25 sys=0.00, real=0.02 secs] 
2020-09-29T18:30:18.368+0200: 30.761: [GC (Allocation Failure) 2020-09-29T18:30:18.368+0200: 30.761: [ParNew: 613440K->49798K(613440K), 0.0172860 secs] 626788K->63146K(2029056K), 0.0173518 secs] [Times: user=0.13 sys=0.00, real=0.02 secs] 
2020-09-29T18:30:18.442+0200: 30.834: [GC (Allocation Failure) 2020-09-29T18:30:18.442+0200: 30.834: [ParNew: 595142K->39395K(613440K), 0.0165716 secs] 608490K->52744K(2029056K), 0.0166386 secs] [Times: user=0.13 sys=0.00, real=0.02 secs] 
2020-09-29T18:30:18.512+0200: 30.905: [GC (Allocation Failure) 2020-09-29T18:30:18.512+0200: 30.905: [ParNew: 584739K->35176K(613440K), 0.0153742 secs] 598088K->48524K(2029056K), 0.0154355 secs] [Times: user=0.13 sys=0.00, real=0.01 secs] 
2020-09-29T18:30:18.578+0200: 30.970: [GC (Allocation Failure) 2020-09-29T18:30:18.578+0200: 30.970: [ParNew: 580520K->52142K(613440K), 0.0218956 secs] 593868K->65490K(2029056K), 0.0219870 secs] [Times: user=0.22 sys=0.00, real=0.02 secs] 
2020-09-29T18:30:18.650+0200: 31.043: [GC (Allocation Failure) 2020-09-29T18:30:18.650+0200: 31.043: [ParNew: 597486K->44201K(613440K), 0.0202069 secs] 610834K->57550K(2029056K), 0.0202684 secs] [Times: user=0.13 sys=0.00, real=0.02 secs] 
2020-09-29T18:30:18.718+0200: 31.111: [GC (Allocation Failure) 2020-09-29T18:30:18.718+0200: 31.111: [ParNew: 589545K->44820K(613440K), 0.0181952 secs] 602894K->58169K(2029056K), 0.0182672 secs] [Times: user=0.13 sys=0.00, real=0.02 secs] 
2020-09-29T18:30:18.784+0200: 31.177: [GC (Allocation Failure) 2020-09-29T18:30:18.784+0200: 31.177: [ParNew: 590164K->36146K(613440K), 0.0100214 secs] 603513K->49495K(2029056K), 0.0100831 secs] [Times: user=0.13 sys=0.00, real=0.01 secs] 
2020-09-29T18:30:18.841+0200: 31.234: [GC (Allocation Failure) 2020-09-29T18:30:18.841+0200: 31.234: [ParNew: 581490K->32005K(613440K), 0.0139810 secs] 594839K->45354K(2029056K), 0.0140418 secs] [Times: user=0.13 sys=0.00, real=0.01 secs] 
2020-09-29T18:30:18.904+0200: 31.297: [GC (Allocation Failure) 2020-09-29T18:30:18.904+0200: 31.297: [ParNew: 577349K->39287K(613440K), 0.0151009 secs] 590698K->52636K(2029056K), 0.0151584 secs] [Times: user=0.13 sys=0.00, real=0.01 secs] 
2020-09-29T18:30:18.970+0200: 31.363: [GC (Allocation Failure) 2020-09-29T18:30:18.970+0200: 31.363: [ParNew: 584631K->31936K(613440K), 0.0131483 secs] 597980K->45284K(2029056K), 0.0132053 secs] [Times: user=0.13 sys=0.00, real=0.01 secs] 
2020-09-29T18:30:19.031+0200: 31.424: [GC (Allocation Failure) 2020-09-29T18:30:19.031+0200: 31.424: [ParNew: 577280K->22174K(613440K), 0.0110348 secs] 590628K->35523K(2029056K), 0.0110973 secs] [Times: user=0.13 sys=0.00, real=0.01 secs] 
2020-09-29T18:30:19.094+0200: 31.487: [GC (Allocation Failure) 2020-09-29T18:30:19.094+0200: 31.487: [ParNew: 567518K->47859K(613440K), 0.0221263 secs] 580867K->61208K(2029056K), 0.0222283 secs] [Times: user=0.25 sys=0.00, real=0.02 secs] 
2020-09-29T18:30:19.164+0200: 31.557: [GC (Allocation Failure) 2020-09-29T18:30:19.164+0200: 31.557: [ParNew: 593203K->68096K(613440K), 0.0208540 secs] 606552K->81444K(2029056K), 0.0209177 secs] [Times: user=0.13 sys=0.00, real=0.02 secs] 
2020-09-29T18:30:19.240+0200: 31.633: [GC (Allocation Failure) 2020-09-29T18:30:19.240+0200: 31.633: [ParNew: 613440K->45046K(613440K), 0.0169764 secs] 626788K->58395K(2029056K), 0.0170400 secs] [Times: user=0.13 sys=0.00, real=0.02 secs] 
2020-09-29T18:30:19.307+0200: 31.700: [GC (Allocation Failure) 2020-09-29T18:30:19.307+0200: 31.700: [ParNew: 590390K->43520K(613440K), 0.0225198 secs] 603739K->56869K(2029056K), 0.0226092 secs] [Times: user=0.13 sys=0.00, real=0.02 secs] 
2020-09-29T18:30:19.381+0200: 31.774: [GC (Allocation Failure) 2020-09-29T18:30:19.381+0200: 31.774: [ParNew: 588864K->64505K(613440K), 0.0234632 secs] 602213K->77854K(2029056K), 0.0235226 secs] [Times: user=0.13 sys=0.00, real=0.02 secs] 
2020-09-29T18:30:19.457+0200: 31.849: [GC (Allocation Failure) 2020-09-29T18:30:19.465+0200: 31.857: [ParNew: 609849K->57817K(613440K), 0.0185396 secs] 623198K->71166K(2029056K), 0.0268214 secs] [Times: user=0.13 sys=0.00, real=0.03 secs] 
2020-09-29T18:30:19.533+0200: 31.926: [GC (Allocation Failure) 2020-09-29T18:30:19.533+0200: 31.926: [ParNew: 603161K->47517K(613440K), 0.0178427 secs] 616510K->60866K(2029056K), 0.0178999 secs] [Times: user=0.13 sys=0.00, real=0.02 secs] 
2020-09-29T18:30:19.599+0200: 31.992: [GC (Allocation Failure) 2020-09-29T18:30:19.600+0200: 31.992: [ParNew: 592861K->42457K(613440K), 0.0179376 secs] 606210K->55806K(2029056K), 0.0180060 secs] [Times: user=0.13 sys=0.00, real=0.02 secs] 
2020-09-29T18:30:19.668+0200: 32.061: [GC (Allocation Failure) 2020-09-29T18:30:19.668+0200: 32.061: [ParNew: 587801K->58122K(613440K), 0.0232140 secs] 601150K->71470K(2029056K), 0.0232729 secs] [Times: user=0.13 sys=0.00, real=0.02 secs] 
2020-09-29T18:30:19.740+0200: 32.133: [GC (Allocation Failure) 2020-09-29T18:30:19.740+0200: 32.133: [ParNew: 603466K->48798K(613440K), 0.0195902 secs] 616814K->62146K(2029056K), 0.0196565 secs] [Times: user=0.13 sys=0.00, real=0.02 secs] 
2020-09-29T18:30:19.808+0200: 32.201: [GC (Allocation Failure) 2020-09-29T18:30:19.808+0200: 32.201: [ParNew: 594142K->49356K(613440K), 0.0188976 secs] 607490K->62705K(2029056K), 0.0189535 secs] [Times: user=0.13 sys=0.00, real=0.02 secs] 
2020-09-29T18:30:19.875+0200: 32.268: [GC (Allocation Failure) 2020-09-29T18:30:19.875+0200: 32.268: [ParNew: 594700K->39928K(613440K), 0.0138887 secs] 608049K->53277K(2029056K), 0.0139428 secs] [Times: user=0.13 sys=0.00, real=0.01 secs] 
2020-09-29T18:30:19.941+0200: 32.334: [GC (Allocation Failure) 2020-09-29T18:30:19.941+0200: 32.334: [ParNew: 585272K->42810K(613440K), 0.0178434 secs] 598621K->56158K(2029056K), 0.0179056 secs] [Times: user=0.25 sys=0.00, real=0.02 secs] 
2020-09-29T18:30:20.010+0200: 32.403: [GC (Allocation Failure) 2020-09-29T18:30:20.010+0200: 32.403: [ParNew: 588154K->50558K(613440K), 0.0172309 secs] 601502K->63907K(2029056K), 0.0172919 secs] [Times: user=0.13 sys=0.00, real=0.02 secs] 
2020-09-29T18:30:20.076+0200: 32.469: [GC (Allocation Failure) 2020-09-29T18:30:20.076+0200: 32.469: [ParNew: 595902K->39722K(613440K), 0.0159857 secs] 609251K->53071K(2029056K), 0.0160420 secs] [Times: user=0.13 sys=0.00, real=0.02 secs] 
2020-09-29T18:30:20.142+0200: 32.535: [GC (Allocation Failure) 2020-09-29T18:30:20.142+0200: 32.535: [ParNew: 585066K->34149K(613440K), 0.0155296 secs] 598415K->47498K(2029056K), 0.0155900 secs] [Times: user=0.13 sys=0.00, real=0.02 secs] 
2020-09-29T18:30:20.207+0200: 32.600: [GC (Allocation Failure) 2020-09-29T18:30:20.207+0200: 32.600: [ParNew: 579493K->55796K(613440K), 0.0203821 secs] 592842K->69145K(2029056K), 0.0204359 secs] [Times: user=0.25 sys=0.00, real=0.02 secs] 
2020-09-29T18:30:20.276+0200: 32.669: [GC (Allocation Failure) 2020-09-29T18:30:20.276+0200: 32.669: [ParNew: 601140K->64585K(613440K), 0.0201321 secs] 614489K->77934K(2029056K), 0.0202223 secs] [Times: user=0.13 sys=0.00, real=0.02 secs] 
2020-09-29T18:30:20.344+0200: 32.737: [GC (Allocation Failure) 2020-09-29T18:30:20.344+0200: 32.737: [ParNew: 609929K->64254K(613440K), 0.0240337 secs] 623278K->77603K(2029056K), 0.0240890 secs] [Times: user=0.25 sys=0.00, real=0.02 secs] 
2020-09-29T18:30:20.417+0200: 32.810: [GC (Allocation Failure) 2020-09-29T18:30:20.417+0200: 32.810: [ParNew: 609598K->68096K(613440K), 0.0267162 secs] 622947K->81898K(2029056K), 0.0267978 secs] [Times: user=0.24 sys=0.00, real=0.03 secs] 
2020-09-29T18:30:20.494+0200: 32.887: [GC (Allocation Failure) 2020-09-29T18:30:20.494+0200: 32.887: [ParNew: 613440K->51982K(613440K), 0.0174965 secs] 627242K->65784K(2029056K), 0.0175668 secs] [Times: user=0.13 sys=0.00, real=0.02 secs] 
2020-09-29T18:30:20.563+0200: 32.956: [GC (Allocation Failure) 2020-09-29T18:30:20.563+0200: 32.956: [ParNew: 597326K->67873K(613440K), 0.0216777 secs] 611128K->81675K(2029056K), 0.0217498 secs] [Times: user=0.23 sys=0.00, real=0.02 secs] 
2020-09-29T18:30:20.634+0200: 33.027: [GC (Allocation Failure) 2020-09-29T18:30:20.634+0200: 33.027: [ParNew: 613217K->52852K(613440K), 0.0228571 secs] 627019K->66654K(2029056K), 0.0229260 secs] [Times: user=0.13 sys=0.00, real=0.02 secs] 
2020-09-29T18:30:20.705+0200: 33.098: [GC (Allocation Failure) 2020-09-29T18:30:20.705+0200: 33.098: [ParNew: 598196K->53468K(613440K), 0.0220759 secs] 611998K->67270K(2029056K), 0.0221351 secs] [Times: user=0.24 sys=0.00, real=0.02 secs] 
2020-09-29T18:30:20.776+0200: 33.169: [GC (Allocation Failure) 2020-09-29T18:30:20.776+0200: 33.169: [ParNew: 598812K->39009K(613440K), 0.0086706 secs] 612614K->52811K(2029056K), 0.0087286 secs] [Times: user=0.00 sys=0.00, real=0.01 secs] 
2020-09-29T18:30:20.834+0200: 33.227: [GC (Allocation Failure) 2020-09-29T18:30:20.834+0200: 33.227: [ParNew: 584353K->56281K(613440K), 0.0230539 secs] 598155K->70084K(2029056K), 0.0231164 secs] [Times: user=0.13 sys=0.00, real=0.02 secs] 
2020-09-29T18:30:20.904+0200: 33.297: [GC (Allocation Failure) 2020-09-29T18:30:20.904+0200: 33.297: [ParNew: 601625K->45756K(613440K), 0.0182211 secs] 615428K->59558K(2029056K), 0.0182849 secs] [Times: user=0.11 sys=0.00, real=0.02 secs] 
2020-09-29T18:30:20.971+0200: 33.365: [GC (Allocation Failure) 2020-09-29T18:30:20.971+0200: 33.365: [ParNew: 591100K->31830K(613440K), 0.0114187 secs] 604902K->45632K(2029056K), 0.0114781 secs] [Times: user=0.13 sys=0.00, real=0.01 secs] 
2020-09-29T18:30:21.033+0200: 33.426: [GC (Allocation Failure) 2020-09-29T18:30:21.033+0200: 33.426: [ParNew: 577174K->48812K(613440K), 0.0216997 secs] 590976K->62614K(2029056K), 0.0217589 secs] [Times: user=0.23 sys=0.00, real=0.02 secs] 
2020-09-29T18:30:21.101+0200: 33.494: [GC (Allocation Failure) 2020-09-29T18:30:21.101+0200: 33.494: [ParNew: 594156K->39952K(613440K), 0.0137673 secs] 607958K->53754K(2029056K), 0.0138224 secs] [Times: user=0.13 sys=0.00, real=0.01 secs] 
2020-09-29T18:30:21.167+0200: 33.560: [GC (Allocation Failure) 2020-09-29T18:30:21.167+0200: 33.560: [ParNew: 585296K->47017K(613440K), 0.0194391 secs] 599098K->60819K(2029056K), 0.0194936 secs] [Times: user=0.13 sys=0.00, real=0.02 secs] 
2020-09-29T18:30:21.235+0200: 33.628: [GC (Allocation Failure) 2020-09-29T18:30:21.235+0200: 33.628: [ParNew: 592361K->55873K(613440K), 0.0169719 secs] 606163K->69676K(2029056K), 0.0170411 secs] [Times: user=0.13 sys=0.00, real=0.02 secs] 
2020-09-29T18:30:21.301+0200: 33.694: [GC (Allocation Failure) 2020-09-29T18:30:21.301+0200: 33.694: [ParNew: 601217K->60363K(613440K), 0.0217677 secs] 615020K->74165K(2029056K), 0.0218228 secs] [Times: user=0.13 sys=0.00, real=0.02 secs] 
2020-09-29T18:30:21.373+0200: 33.766: [GC (Allocation Failure) 2020-09-29T18:30:21.373+0200: 33.766: [ParNew: 605707K->34698K(613440K), 0.0109854 secs] 619509K->48500K(2029056K), 0.0110613 secs] [Times: user=0.13 sys=0.00, real=0.01 secs] 
2020-09-29T18:30:21.440+0200: 33.833: [GC (Allocation Failure) 2020-09-29T18:30:21.440+0200: 33.833: [ParNew: 580042K->42035K(613440K), 0.0221427 secs] 593844K->55837K(2029056K), 0.0222369 secs] [Times: user=0.23 sys=0.00, real=0.02 secs] 
2020-09-29T18:30:21.512+0200: 33.905: [GC (Allocation Failure) 2020-09-29T18:30:21.512+0200: 33.905: [ParNew: 587379K->63732K(613440K), 0.0235808 secs] 601181K->77534K(2029056K), 0.0236721 secs] [Times: user=0.13 sys=0.00, real=0.02 secs] 
2020-09-29T18:30:21.584+0200: 33.977: [GC (Allocation Failure) 2020-09-29T18:30:21.584+0200: 33.977: [ParNew: 609076K->44982K(613440K), 0.0128424 secs] 622878K->58784K(2029056K), 0.0129080 secs] [Times: user=0.00 sys=0.00, real=0.01 secs] 
2020-09-29T18:30:21.647+0200: 34.040: [GC (Allocation Failure) 2020-09-29T18:30:21.647+0200: 34.040: [ParNew: 590326K->39623K(613440K), 0.0185517 secs] 604128K->53425K(2029056K), 0.0186153 secs] [Times: user=0.13 sys=0.00, real=0.02 secs] 
2020-09-29T18:30:21.713+0200: 34.106: [GC (Allocation Failure) 2020-09-29T18:30:21.713+0200: 34.106: [ParNew: 584967K->33910K(613440K), 0.0156936 secs] 598769K->47712K(2029056K), 0.0157472 secs] [Times: user=0.13 sys=0.00, real=0.02 secs] 
2020-09-29T18:30:21.779+0200: 34.172: [GC (Allocation Failure) 2020-09-29T18:30:21.779+0200: 34.172: [ParNew: 579254K->55622K(613440K), 0.0201858 secs] 593056K->69424K(2029056K), 0.0202454 secs] [Times: user=0.13 sys=0.00, real=0.02 secs] 
2020-09-29T18:30:21.846+0200: 34.240: [GC (Allocation Failure) 2020-09-29T18:30:21.847+0200: 34.240: [ParNew: 600966K->45867K(613440K), 0.0193527 secs] 614768K->59669K(2029056K), 0.0194391 secs] [Times: user=0.25 sys=0.00, real=0.02 secs] 
2020-09-29T18:30:21.914+0200: 34.307: [GC (Allocation Failure) 2020-09-29T18:30:21.914+0200: 34.308: [ParNew: 591211K->47088K(613440K), 0.0187389 secs] 605013K->60890K(2029056K), 0.0188004 secs] [Times: user=0.13 sys=0.00, real=0.02 secs] 
2020-09-29T18:30:21.980+0200: 34.373: [GC (Allocation Failure) 2020-09-29T18:30:21.980+0200: 34.373: [ParNew: 592432K->45953K(613440K), 0.0186376 secs] 606234K->59755K(2029056K), 0.0187026 secs] [Times: user=0.13 sys=0.00, real=0.02 secs] 
2020-09-29T18:30:22.048+0200: 34.441: [GC (Allocation Failure) 2020-09-29T18:30:22.048+0200: 34.441: [ParNew: 591297K->42327K(613440K), 0.0165826 secs] 605099K->56129K(2029056K), 0.0166430 secs] [Times: user=0.13 sys=0.00, real=0.02 secs] 
2020-09-29T18:30:22.114+0200: 34.507: [GC (Allocation Failure) 2020-09-29T18:30:22.114+0200: 34.507: [ParNew: 587671K->61285K(613440K), 0.0220671 secs] 601473K->75087K(2029056K), 0.0221408 secs] [Times: user=0.13 sys=0.00, real=0.02 secs] 
2020-09-29T18:30:22.184+0200: 34.577: [GC (Allocation Failure) 2020-09-29T18:30:22.184+0200: 34.577: [ParNew: 606629K->48088K(613440K), 0.0168554 secs] 620431K->61890K(2029056K), 0.0169991 secs] [Times: user=0.13 sys=0.00, real=0.02 secs] 
2020-09-29T18:30:22.253+0200: 34.646: [GC (Allocation Failure) 2020-09-29T18:30:22.253+0200: 34.646: [ParNew: 593432K->43340K(613440K), 0.0152250 secs] 607234K->57142K(2029056K), 0.0152841 secs] [Times: user=0.13 sys=0.00, real=0.01 secs] 
2020-09-29T18:30:22.318+0200: 34.711: [GC (Allocation Failure) 2020-09-29T18:30:22.318+0200: 34.711: [ParNew: 588684K->53880K(613440K), 0.0195602 secs] 602486K->67682K(2029056K), 0.0196202 secs] [Times: user=0.13 sys=0.00, real=0.02 secs] 
2020-09-29T18:30:22.388+0200: 34.781: [GC (Allocation Failure) 2020-09-29T18:30:22.388+0200: 34.781: [ParNew: 599224K->40673K(613440K), 0.0159606 secs] 613026K->54475K(2029056K), 0.0160342 secs] [Times: user=0.13 sys=0.00, real=0.02 secs] 
2020-09-29T18:30:22.463+0200: 34.856: [GC (Allocation Failure) 2020-09-29T18:30:22.463+0200: 34.856: [ParNew: 586017K->38913K(613440K), 0.0192260 secs] 599819K->52715K(2029056K), 0.0193173 secs] [Times: user=0.13 sys=0.00, real=0.02 secs] 
2020-09-29T18:30:22.535+0200: 34.928: [GC (Allocation Failure) 2020-09-29T18:30:22.535+0200: 34.928: [ParNew: 584257K->32531K(613440K), 0.0176036 secs] 598059K->46333K(2029056K), 0.0176768 secs] [Times: user=0.23 sys=0.00, real=0.02 secs] 
2020-09-29T18:30:22.601+0200: 34.994: [GC (Allocation Failure) 2020-09-29T18:30:22.601+0200: 34.994: [ParNew: 577875K->34909K(613440K), 0.0179909 secs] 591677K->48711K(2029056K), 0.0180495 secs] [Times: user=0.11 sys=0.00, real=0.02 secs] 
2020-09-29T18:30:22.672+0200: 35.065: [GC (Allocation Failure) 2020-09-29T18:30:22.672+0200: 35.065: [ParNew: 580253K->58382K(613440K), 0.0207243 secs] 594055K->72184K(2029056K), 0.0207898 secs] [Times: user=0.25 sys=0.00, real=0.02 secs] 
2020-09-29T18:30:22.741+0200: 35.134: [GC (Allocation Failure) 2020-09-29T18:30:22.741+0200: 35.134: [ParNew: 603726K->43337K(613440K), 0.0193502 secs] 617528K->57139K(2029056K), 0.0194273 secs] [Times: user=0.13 sys=0.00, real=0.02 secs] 
2020-09-29T18:30:22.810+0200: 35.203: [GC (Allocation Failure) 2020-09-29T18:30:22.810+0200: 35.204: [ParNew: 588681K->37856K(613440K), 0.0129632 secs] 602483K->51658K(2029056K), 0.0130249 secs] [Times: user=0.13 sys=0.00, real=0.01 secs] 
2020-09-29T18:30:22.876+0200: 35.269: [GC (Allocation Failure) 2020-09-29T18:30:22.876+0200: 35.269: [ParNew: 583200K->24495K(613440K), 0.0113021 secs] 597002K->38297K(2029056K), 0.0113697 secs] [Times: user=0.13 sys=0.00, real=0.01 secs] 
2020-09-29T18:30:22.940+0200: 35.333: [GC (Allocation Failure) 2020-09-29T18:30:22.940+0200: 35.333: [ParNew: 569839K->35863K(613440K), 0.0170837 secs] 583641K->49665K(2029056K), 0.0171420 secs] [Times: user=0.13 sys=0.00, real=0.02 secs] 
2020-09-29T18:30:23.004+0200: 35.397: [GC (Allocation Failure) 2020-09-29T18:30:23.004+0200: 35.397: [ParNew: 581207K->49776K(613440K), 0.0154656 secs] 595009K->63578K(2029056K), 0.0155264 secs] [Times: user=0.01 sys=0.00, real=0.02 secs] 
2020-09-29T18:30:23.068+0200: 35.461: [GC (Allocation Failure) 2020-09-29T18:30:23.068+0200: 35.461: [ParNew: 595120K->36334K(613440K), 0.0161876 secs] 608922K->50136K(2029056K), 0.0162704 secs] [Times: user=0.13 sys=0.00, real=0.02 secs] 
2020-09-29T18:30:23.131+0200: 35.524: [GC (Allocation Failure) 2020-09-29T18:30:23.131+0200: 35.524: [ParNew: 581678K->68096K(613440K), 0.0255385 secs] 595480K->82191K(2029056K), 0.0256084 secs] [Times: user=0.13 sys=0.00, real=0.03 secs] 
2020-09-29T18:30:23.205+0200: 35.598: [GC (Allocation Failure) 2020-09-29T18:30:23.205+0200: 35.598: [ParNew: 613440K->68096K(613440K), 0.0357716 secs] 627535K->83382K(2029056K), 0.0358439 secs] [Times: user=0.38 sys=0.00, real=0.04 secs] 
2020-09-29T18:30:23.288+0200: 35.681: [GC (Allocation Failure) 2020-09-29T18:30:23.288+0200: 35.681: [ParNew: 613440K->51351K(613440K), 0.0186858 secs] 628726K->66638K(2029056K), 0.0187560 secs] [Times: user=0.13 sys=0.00, real=0.02 secs] 
2020-09-29T18:30:23.364+0200: 35.757: [GC (Allocation Failure) 2020-09-29T18:30:23.364+0200: 35.757: [ParNew: 596695K->47843K(613440K), 0.0252784 secs] 611982K->63129K(2029056K), 0.0253733 secs] [Times: user=0.13 sys=0.00, real=0.02 secs] 
2020-09-29T18:30:23.444+0200: 35.837: [GC (Allocation Failure) 2020-09-29T18:30:23.444+0200: 35.837: [ParNew: 593187K->38096K(613440K), 0.0236321 secs] 608473K->53383K(2029056K), 0.0237021 secs] [Times: user=0.13 sys=0.00, real=0.02 secs] 
2020-09-29T18:30:23.527+0200: 35.920: [GC (Allocation Failure) 2020-09-29T18:30:23.527+0200: 35.920: [ParNew: 583440K->64477K(613440K), 0.0309219 secs] 598727K->79763K(2029056K), 0.0380420 secs] [Times: user=0.25 sys=0.00, real=0.04 secs] 
2020-09-29T18:30:23.624+0200: 36.017: [GC (Allocation Failure) 2020-09-29T18:30:23.624+0200: 36.017: [ParNew: 609821K->44626K(613440K), 0.0219156 secs] 625107K->59913K(2029056K), 0.0220045 secs] [Times: user=0.25 sys=0.00, real=0.02 secs] 
2020-09-29T18:30:23.702+0200: 36.095: [GC (Allocation Failure) 2020-09-29T18:30:23.702+0200: 36.095: [ParNew: 589970K->58832K(613440K), 0.0285021 secs] 605257K->74118K(2029056K), 0.0285790 secs] [Times: user=0.25 sys=0.00, real=0.03 secs] 
2020-09-29T18:30:23.778+0200: 36.172: [GC (Allocation Failure) 2020-09-29T18:30:23.778+0200: 36.172: [ParNew: 604176K->45656K(613440K), 0.0262147 secs] 619462K->60943K(2029056K), 0.0262818 secs] [Times: user=0.25 sys=0.00, real=0.03 secs] 
2020-09-29T18:30:23.862+0200: 36.255: [GC (Allocation Failure) 2020-09-29T18:30:23.862+0200: 36.255: [ParNew: 591000K->44722K(613440K), 0.0255293 secs] 606287K->60008K(2029056K), 0.0256057 secs] [Times: user=0.25 sys=0.00, real=0.03 secs] 
2020-09-29T18:30:23.940+0200: 36.333: [GC (Allocation Failure) 2020-09-29T18:30:23.940+0200: 36.333: [ParNew: 590066K->43215K(613440K), 0.0264381 secs] 605352K->58502K(2029056K), 0.0265127 secs] [Times: user=0.25 sys=0.00, real=0.03 secs] 
2020-09-29T18:30:24.016+0200: 36.409: [GC (Allocation Failure) 2020-09-29T18:30:24.016+0200: 36.409: [ParNew: 588559K->44587K(613440K), 0.0234352 secs] 603846K->59874K(2029056K), 0.0235083 secs] [Times: user=0.25 sys=0.00, real=0.02 secs] 
2020-09-29T18:30:24.097+0200: 36.490: [GC (Allocation Failure) 2020-09-29T18:30:24.097+0200: 36.490: [ParNew: 589931K->38283K(613440K), 0.0239989 secs] 605218K->53570K(2029056K), 0.0241059 secs] [Times: user=0.24 sys=0.00, real=0.02 secs] 
2020-09-29T18:30:24.172+0200: 36.565: [GC (Allocation Failure) 2020-09-29T18:30:24.172+0200: 36.566: [ParNew: 583627K->36752K(613440K), 0.0210263 secs] 598914K->52039K(2029056K), 0.0210998 secs] [Times: user=0.23 sys=0.00, real=0.02 secs] 
2020-09-29T18:30:24.263+0200: 36.656: [GC (Allocation Failure) 2020-09-29T18:30:24.263+0200: 36.657: [ParNew: 582096K->31110K(613440K), 0.0222647 secs] 597383K->46397K(2029056K), 0.0223436 secs] [Times: user=0.14 sys=0.00, real=0.02 secs] 
2020-09-29T18:30:24.335+0200: 36.729: [GC (Allocation Failure) 2020-09-29T18:30:24.335+0200: 36.729: [ParNew: 576454K->54463K(613440K), 0.0267315 secs] 591741K->69750K(2029056K), 0.0268269 secs] [Times: user=0.13 sys=0.00, real=0.03 secs] 
2020-09-29T18:30:24.416+0200: 36.809: [GC (Allocation Failure) 2020-09-29T18:30:24.416+0200: 36.809: [ParNew: 599807K->63061K(613440K), 0.0280037 secs] 615094K->78348K(2029056K), 0.0280866 secs] [Times: user=0.23 sys=0.00, real=0.03 secs] 
2020-09-29T18:30:24.499+0200: 36.892: [GC (Allocation Failure) 2020-09-29T18:30:24.499+0200: 36.892: [ParNew: 608405K->45764K(613440K), 0.0261645 secs] 623692K->61050K(2029056K), 0.0262324 secs] [Times: user=0.25 sys=0.00, real=0.03 secs] 
2020-09-29T18:30:24.576+0200: 36.969: [GC (Allocation Failure) 2020-09-29T18:30:24.576+0200: 36.969: [ParNew: 591108K->52699K(613440K), 0.0266140 secs] 606394K->67986K(2029056K), 0.0266835 secs] [Times: user=0.22 sys=0.00, real=0.03 secs] 
2020-09-29T18:30:24.660+0200: 37.053: [GC (Allocation Failure) 2020-09-29T18:30:24.660+0200: 37.053: [ParNew: 598043K->36477K(613440K), 0.0240443 secs] 613330K->51764K(2029056K), 0.0241216 secs] [Times: user=0.25 sys=0.00, real=0.02 secs] 
2020-09-29T18:30:24.741+0200: 37.134: [GC (Allocation Failure) 2020-09-29T18:30:24.741+0200: 37.134: [ParNew: 581821K->36200K(613440K), 0.0215111 secs] 597108K->51486K(2029056K), 0.0215811 secs] [Times: user=0.11 sys=0.00, real=0.02 secs] 
2020-09-29T18:30:24.814+0200: 37.208: [GC (Allocation Failure) 2020-09-29T18:30:24.814+0200: 37.208: [ParNew: 581544K->57890K(613440K), 0.0337302 secs] 596830K->73177K(2029056K), 0.0338119 secs] [Times: user=0.38 sys=0.00, real=0.03 secs] 
2020-09-29T18:30:24.897+0200: 37.291: [GC (Allocation Failure) 2020-09-29T18:30:24.898+0200: 37.291: [ParNew: 603234K->53491K(613440K), 0.0252711 secs] 618521K->68778K(2029056K), 0.0321469 secs] [Times: user=0.13 sys=0.00, real=0.03 secs] 
2020-09-29T18:30:24.986+0200: 37.379: [GC (Allocation Failure) 2020-09-29T18:30:24.986+0200: 37.379: [ParNew: 598835K->45451K(613440K), 0.0261152 secs] 614122K->60737K(2029056K), 0.0261864 secs] [Times: user=0.25 sys=0.00, real=0.03 secs] 
2020-09-29T18:30:25.063+0200: 37.456: [GC (Allocation Failure) 2020-09-29T18:30:25.063+0200: 37.457: [ParNew: 590795K->40265K(613440K), 0.0159783 secs] 606081K->55552K(2029056K), 0.0160565 secs] [Times: user=0.13 sys=0.00, real=0.02 secs] 
2020-09-29T18:30:25.138+0200: 37.531: [GC (Allocation Failure) 2020-09-29T18:30:25.138+0200: 37.531: [ParNew: 585609K->32316K(613440K), 0.0230033 secs] 600896K->47603K(2029056K), 0.0230721 secs] [Times: user=0.25 sys=0.00, real=0.02 secs] 
2020-09-29T18:30:25.216+0200: 37.609: [GC (Allocation Failure) 2020-09-29T18:30:25.216+0200: 37.609: [ParNew: 577660K->31308K(613440K), 0.0207954 secs] 592947K->46595K(2029056K), 0.0208697 secs] [Times: user=0.13 sys=0.00, real=0.02 secs] 
2020-09-29T18:30:25.300+0200: 37.693: [GC (Allocation Failure) 2020-09-29T18:30:25.300+0200: 37.693: [ParNew: 576652K->27749K(613440K), 0.0216653 secs] 591939K->43036K(2029056K), 0.0217535 secs] [Times: user=0.25 sys=0.00, real=0.02 secs] 
2020-09-29T18:30:25.371+0200: 37.764: [GC (Allocation Failure) 2020-09-29T18:30:25.371+0200: 37.764: [ParNew: 573093K->27834K(613440K), 0.0189502 secs] 588380K->43121K(2029056K), 0.0190258 secs] [Times: user=0.13 sys=0.00, real=0.02 secs] 
2020-09-29T18:30:25.446+0200: 37.840: [GC (Allocation Failure) 2020-09-29T18:30:25.446+0200: 37.840: [ParNew: 573178K->49315K(613440K), 0.0237838 secs] 588465K->64601K(2029056K), 0.0238580 secs] [Times: user=0.13 sys=0.00, real=0.02 secs] 
2020-09-29T18:30:25.518+0200: 37.912: [GC (Allocation Failure) 2020-09-29T18:30:25.518+0200: 37.912: [ParNew: 594659K->35852K(613440K), 0.0220312 secs] 609945K->51139K(2029056K), 0.0220971 secs] [Times: user=0.25 sys=0.00, real=0.02 secs] 
2020-09-29T18:30:25.602+0200: 37.995: [GC (Allocation Failure) 2020-09-29T18:30:25.602+0200: 37.995: [ParNew: 581196K->34459K(613440K), 0.0224856 secs] 596483K->49745K(2029056K), 0.0225535 secs] [Times: user=0.11 sys=0.00, real=0.02 secs] 
2020-09-29T18:30:25.676+0200: 38.069: [GC (Allocation Failure) 2020-09-29T18:30:25.676+0200: 38.069: [ParNew: 579803K->56996K(613440K), 0.0340401 secs] 595089K->72283K(2029056K), 0.0341250 secs] [Times: user=0.25 sys=0.00, real=0.03 secs] 
2020-09-29T18:30:25.760+0200: 38.153: [GC (Allocation Failure) 2020-09-29T18:30:25.760+0200: 38.153: [ParNew: 602340K->53337K(613440K), 0.0264046 secs] 617627K->68623K(2029056K), 0.0264939 secs] [Times: user=0.25 sys=0.00, real=0.03 secs] 
2020-09-29T18:30:25.835+0200: 38.229: [GC (Allocation Failure) 2020-09-29T18:30:25.835+0200: 38.229: [ParNew: 598681K->43141K(613440K), 0.0259420 secs] 613967K->58428K(2029056K), 0.0260117 secs] [Times: user=0.13 sys=0.00, real=0.03 secs] 
2020-09-29T18:30:25.921+0200: 38.315: [GC (Allocation Failure) 2020-09-29T18:30:25.921+0200: 38.315: [ParNew: 588485K->42090K(613440K), 0.0247484 secs] 603772K->57377K(2029056K), 0.0248160 secs] [Times: user=0.25 sys=0.00, real=0.03 secs] 
2020-09-29T18:30:25.996+0200: 38.390: [GC (Allocation Failure) 2020-09-29T18:30:25.996+0200: 38.390: [ParNew: 587434K->35522K(613440K), 0.0146814 secs] 602721K->50809K(2029056K), 0.0147507 secs] [Times: user=0.13 sys=0.00, real=0.01 secs] 
2020-09-29T18:30:26.081+0200: 38.475: [GC (Allocation Failure) 2020-09-29T18:30:26.081+0200: 38.475: [ParNew: 580866K->34056K(613440K), 0.0213017 secs] 596153K->49343K(2029056K), 0.0213824 secs] [Times: user=0.14 sys=0.00, real=0.02 secs] 
2020-09-29T18:30:26.156+0200: 38.549: [GC (Allocation Failure) 2020-09-29T18:30:26.156+0200: 38.549: [ParNew: 579400K->47148K(613440K), 0.0281170 secs] 594687K->62434K(2029056K), 0.0282141 secs] [Times: user=0.25 sys=0.00, real=0.03 secs] 
2020-09-29T18:30:26.235+0200: 38.628: [GC (Allocation Failure) 2020-09-29T18:30:26.235+0200: 38.628: [ParNew: 592492K->39827K(613440K), 0.0204573 secs] 607778K->55113K(2029056K), 0.0205247 secs] [Times: user=0.25 sys=0.00, real=0.02 secs] 
2020-09-29T18:30:26.309+0200: 38.703: [GC (Allocation Failure) 2020-09-29T18:30:26.309+0200: 38.703: [ParNew: 585171K->41728K(613440K), 0.0254966 secs] 600457K->57015K(2029056K), 0.0255703 secs] [Times: user=0.25 sys=0.00, real=0.03 secs] 
2020-09-29T18:30:26.384+0200: 38.777: [GC (Allocation Failure) 2020-09-29T18:30:26.384+0200: 38.777: [ParNew: 587072K->43695K(613440K), 0.0243014 secs] 602359K->58982K(2029056K), 0.0243913 secs] [Times: user=0.13 sys=0.00, real=0.02 secs] 
2020-09-29T18:30:26.464+0200: 38.857: [GC (Allocation Failure) 2020-09-29T18:30:26.464+0200: 38.857: [ParNew: 589039K->37242K(613440K), 0.0235457 secs] 604326K->52529K(2029056K), 0.0236171 secs] [Times: user=0.13 sys=0.00, real=0.02 secs] 
2020-09-29T18:30:26.542+0200: 38.935: [GC (Allocation Failure) 2020-09-29T18:30:26.542+0200: 38.935: [ParNew: 582586K->61372K(613440K), 0.0300843 secs] 597873K->76658K(2029056K), 0.0301639 secs] [Times: user=0.25 sys=0.00, real=0.03 secs] 
2020-09-29T18:30:26.627+0200: 39.020: [GC (Allocation Failure) 2020-09-29T18:30:26.627+0200: 39.020: [ParNew: 606716K->47909K(613440K), 0.0228250 secs] 622002K->63195K(2029056K), 0.0228951 secs] [Times: user=0.25 sys=0.00, real=0.02 secs] 
2020-09-29T18:30:26.702+0200: 39.095: [GC (Allocation Failure) 2020-09-29T18:30:26.702+0200: 39.095: [ParNew: 593253K->42157K(613440K), 0.0202824 secs] 608539K->57443K(2029056K), 0.0203504 secs] [Times: user=0.13 sys=0.00, real=0.02 secs] 
2020-09-29T18:30:26.782+0200: 39.175: [GC (Allocation Failure) 2020-09-29T18:30:26.782+0200: 39.175: [ParNew: 587501K->61742K(613440K), 0.0349170 secs] 602787K->77029K(2029056K), 0.0349912 secs] [Times: user=0.38 sys=0.00, real=0.03 secs] 
2020-09-29T18:30:26.864+0200: 39.258: [GC (Allocation Failure) 2020-09-29T18:30:26.864+0200: 39.258: [ParNew: 607086K->59747K(613440K), 0.0268473 secs] 622373K->75034K(2029056K), 0.0269143 secs] [Times: user=0.13 sys=0.00, real=0.03 secs] 
2020-09-29T18:30:26.940+0200: 39.333: [GC (Allocation Failure) 2020-09-29T18:30:26.940+0200: 39.333: [ParNew: 605091K->49893K(613440K), 0.0254991 secs] 620378K->65179K(2029056K), 0.0255637 secs] [Times: user=0.25 sys=0.00, real=0.02 secs] 
2020-09-29T18:30:27.015+0200: 39.409: [GC (Allocation Failure) 2020-09-29T18:30:27.015+0200: 39.409: [ParNew: 595237K->41962K(613440K), 0.0252972 secs] 610523K->57249K(2029056K), 0.0253692 secs] [Times: user=0.25 sys=0.00, real=0.03 secs] 
2020-09-29T18:30:27.089+0200: 39.483: [GC (Allocation Failure) 2020-09-29T18:30:27.090+0200: 39.483: [ParNew: 587306K->41226K(613440K), 0.0238169 secs] 602593K->56513K(2029056K), 0.0239070 secs] [Times: user=0.25 sys=0.00, real=0.02 secs] 
2020-09-29T18:30:27.167+0200: 39.561: [GC (Allocation Failure) 2020-09-29T18:30:27.167+0200: 39.561: [ParNew: 586570K->65873K(613440K), 0.0286646 secs] 601857K->81159K(2029056K), 0.0287331 secs] [Times: user=0.25 sys=0.00, real=0.03 secs] 
2020-09-29T18:30:27.244+0200: 39.638: [GC (Allocation Failure) 2020-09-29T18:30:27.244+0200: 39.638: [ParNew: 611217K->67084K(613440K), 0.0297688 secs] 626503K->82371K(2029056K), 0.0298445 secs] [Times: user=0.25 sys=0.00, real=0.03 secs] 
2020-09-29T18:30:27.328+0200: 39.721: [GC (Allocation Failure) 2020-09-29T18:30:27.328+0200: 39.721: [ParNew: 612428K->42527K(613440K), 0.0212337 secs] 627715K->57814K(2029056K), 0.0213236 secs] [Times: user=0.23 sys=0.00, real=0.02 secs] 
2020-09-29T18:30:27.405+0200: 39.798: [GC (Allocation Failure) 2020-09-29T18:30:27.405+0200: 39.798: [ParNew: 587871K->43002K(613440K), 0.0261171 secs] 603158K->58288K(2029056K), 0.0261940 secs] [Times: user=0.25 sys=0.00, real=0.03 secs] 
2020-09-29T18:30:27.482+0200: 39.876: [GC (Allocation Failure) 2020-09-29T18:30:27.482+0200: 39.876: [ParNew: 588346K->47552K(613440K), 0.0260812 secs] 603632K->62838K(2029056K), 0.0261541 secs] [Times: user=0.25 sys=0.00, real=0.03 secs] 
2020-09-29T18:30:27.558+0200: 39.952: [GC (Allocation Failure) 2020-09-29T18:30:27.558+0200: 39.952: [ParNew: 592896K->40470K(613440K), 0.0233741 secs] 608182K->55757K(2029056K), 0.0234642 secs] [Times: user=0.25 sys=0.00, real=0.02 secs] 
2020-09-29T18:30:27.638+0200: 40.031: [GC (Allocation Failure) 2020-09-29T18:30:27.638+0200: 40.031: [ParNew: 585814K->37256K(613440K), 0.0239022 secs] 601101K->52543K(2029056K), 0.0310654 secs] [Times: user=0.24 sys=0.00, real=0.03 secs] 
2020-09-29T18:30:27.724+0200: 40.116: [GC (Allocation Failure) 2020-09-29T18:30:27.724+0200: 40.116: [ParNew: 582600K->60689K(613440K), 0.0289159 secs] 597887K->75976K(2029056K), 0.0289992 secs] [Times: user=0.13 sys=0.00, real=0.03 secs] 
2020-09-29T18:30:27.807+0200: 40.199: [GC (Allocation Failure) 2020-09-29T18:30:27.807+0200: 40.199: [ParNew: 606033K->47451K(613440K), 0.0279548 secs] 621320K->62738K(2029056K), 0.0280284 secs] [Times: user=0.25 sys=0.00, real=0.03 secs] 
2020-09-29T18:30:27.887+0200: 40.280: [GC (Allocation Failure) 2020-09-29T18:30:27.887+0200: 40.280: [ParNew: 592795K->46705K(613440K), 0.0277720 secs] 608082K->61992K(2029056K), 0.0278437 secs] [Times: user=0.25 sys=0.00, real=0.03 secs] 
2020-09-29T18:30:27.965+0200: 40.357: [GC (Allocation Failure) 2020-09-29T18:30:27.965+0200: 40.357: [ParNew: 592049K->39111K(613440K), 0.0186308 secs] 607336K->54397K(2029056K), 0.0187048 secs] [Times: user=0.13 sys=0.00, real=0.02 secs] 
2020-09-29T18:30:28.041+0200: 40.433: [GC (Allocation Failure) 2020-09-29T18:30:28.041+0200: 40.433: [ParNew: 584455K->23121K(613440K), 0.0167582 secs] 599741K->38407K(2029056K), 0.0168279 secs] [Times: user=0.13 sys=0.00, real=0.02 secs] 
2020-09-29T18:30:28.110+0200: 40.502: [GC (Allocation Failure) 2020-09-29T18:30:28.110+0200: 40.502: [ParNew: 568465K->52289K(613440K), 0.0310742 secs] 583751K->67575K(2029056K), 0.0311525 secs] [Times: user=0.25 sys=0.00, real=0.03 secs] 
2020-09-29T18:30:28.191+0200: 40.584: [GC (Allocation Failure) 2020-09-29T18:30:28.191+0200: 40.584: [ParNew: 597633K->68096K(613440K), 0.0346269 secs] 612919K->83382K(2029056K), 0.0346979 secs] [Times: user=0.34 sys=0.03, real=0.04 secs] 
2020-09-29T18:30:28.276+0200: 40.668: [GC (Allocation Failure) 2020-09-29T18:30:28.276+0200: 40.668: [ParNew: 613440K->46889K(613440K), 0.0261759 secs] 628726K->62175K(2029056K), 0.0262558 secs] [Times: user=0.22 sys=0.00, real=0.03 secs] 
2020-09-29T18:30:28.359+0200: 40.752: [GC (Allocation Failure) 2020-09-29T18:30:28.359+0200: 40.752: [ParNew: 592233K->36952K(613440K), 0.0216283 secs] 607519K->52238K(2029056K), 0.0217084 secs] [Times: user=0.25 sys=0.00, real=0.02 secs] 
2020-09-29T18:30:28.453+0200: 40.846: [GC (Allocation Failure) 2020-09-29T18:30:28.453+0200: 40.846: [ParNew: 582296K->49685K(613440K), 0.0302896 secs] 597582K->64972K(2029056K), 0.0303697 secs] [Times: user=0.25 sys=0.00, real=0.03 secs] 
2020-09-29T18:30:28.540+0200: 40.933: [GC (Allocation Failure) 2020-09-29T18:30:28.540+0200: 40.933: [ParNew: 595029K->66672K(613440K), 0.0378469 secs] 610316K->81958K(2029056K), 0.0379272 secs] [Times: user=0.25 sys=0.00, real=0.04 secs] 
2020-09-29T18:30:28.634+0200: 41.026: [GC (Allocation Failure) 2020-09-29T18:30:28.634+0200: 41.026: [ParNew: 612016K->50052K(613440K), 0.0285799 secs] 627302K->65339K(2029056K), 0.0286580 secs] [Times: user=0.25 sys=0.00, real=0.03 secs] 
2020-09-29T18:30:28.716+0200: 41.109: [GC (Allocation Failure) 2020-09-29T18:30:28.717+0200: 41.109: [ParNew: 595396K->68096K(613440K), 0.0360123 secs] 610683K->83382K(2029056K), 0.0361129 secs] [Times: user=0.25 sys=0.00, real=0.04 secs] 
2020-09-29T18:30:28.801+0200: 41.193: [GC (Allocation Failure) 2020-09-29T18:30:28.801+0200: 41.193: [ParNew: 613440K->61256K(613440K), 0.0359732 secs] 628726K->76543K(2029056K), 0.0360518 secs] [Times: user=0.38 sys=0.00, real=0.04 secs] 
2020-09-29T18:30:28.885+0200: 41.278: [GC (Allocation Failure) 2020-09-29T18:30:28.885+0200: 41.278: [ParNew: 606600K->53991K(613440K), 0.0332162 secs] 621887K->69278K(2029056K), 0.0332898 secs] [Times: user=0.25 sys=0.00, real=0.03 secs] 
2020-09-29T18:30:28.970+0200: 41.362: [GC (Allocation Failure) 2020-09-29T18:30:28.970+0200: 41.362: [ParNew: 599335K->50165K(613440K), 0.0326027 secs] 614622K->65452K(2029056K), 0.0326829 secs] [Times: user=0.25 sys=0.00, real=0.03 secs] 
2020-09-29T18:30:29.062+0200: 41.454: [GC (Allocation Failure) 2020-09-29T18:30:29.062+0200: 41.454: [ParNew: 595509K->41474K(613440K), 0.0219821 secs] 610796K->56761K(2029056K), 0.0220636 secs] [Times: user=0.25 sys=0.00, real=0.02 secs] 
2020-09-29T18:30:29.146+0200: 41.539: [GC (Allocation Failure) 2020-09-29T18:30:29.146+0200: 41.539: [ParNew: 586818K->60350K(613440K), 0.0388265 secs] 602105K->75637K(2029056K), 0.0389138 secs] [Times: user=0.25 sys=0.00, real=0.04 secs] 
2020-09-29T18:30:29.237+0200: 41.629: [GC (Allocation Failure) 2020-09-29T18:30:29.237+0200: 41.629: [ParNew: 605694K->54806K(613440K), 0.0289931 secs] 620981K->70093K(2029056K), 0.0290690 secs] [Times: user=0.25 sys=0.00, real=0.03 secs] 
2020-09-29T18:30:29.320+0200: 41.713: [GC (Allocation Failure) 2020-09-29T18:30:29.320+0200: 41.713: [ParNew: 600150K->37254K(613440K), 0.0208082 secs] 615437K->52541K(2029056K), 0.0208885 secs] [Times: user=0.13 sys=0.00, real=0.02 secs] 
2020-09-29T18:30:29.403+0200: 41.796: [GC (Allocation Failure) 2020-09-29T18:30:29.403+0200: 41.796: [ParNew: 582598K->35694K(613440K), 0.0285046 secs] 597885K->50981K(2029056K), 0.0285863 secs] [Times: user=0.22 sys=0.00, real=0.03 secs] 
2020-09-29T18:30:29.492+0200: 41.885: [GC (Allocation Failure) 2020-09-29T18:30:29.492+0200: 41.885: [ParNew: 581038K->40583K(613440K), 0.0254191 secs] 596325K->55869K(2029056K), 0.0254949 secs] [Times: user=0.13 sys=0.00, real=0.03 secs] 
2020-09-29T18:30:29.582+0200: 41.974: [GC (Allocation Failure) 2020-09-29T18:30:29.582+0200: 41.974: [ParNew: 585927K->33724K(613440K), 0.0241522 secs] 601213K->49011K(2029056K), 0.0242506 secs] [Times: user=0.25 sys=0.00, real=0.02 secs] 
2020-09-29T18:30:29.666+0200: 42.059: [GC (Allocation Failure) 2020-09-29T18:30:29.666+0200: 42.059: [ParNew: 579068K->56371K(613440K), 0.0319224 secs] 594355K->71658K(2029056K), 0.0320034 secs] [Times: user=0.25 sys=0.00, real=0.03 secs] 
2020-09-29T18:30:29.750+0200: 42.143: [GC (Allocation Failure) 2020-09-29T18:30:29.751+0200: 42.143: [ParNew: 601715K->44680K(613440K), 0.0291117 secs] 617002K->59967K(2029056K), 0.0292108 secs] [Times: user=0.25 sys=0.00, real=0.03 secs] 
2020-09-29T18:30:29.835+0200: 42.227: [GC (Allocation Failure) 2020-09-29T18:30:29.835+0200: 42.227: [ParNew: 590024K->42717K(613440K), 0.0276251 secs] 605311K->58004K(2029056K), 0.0277053 secs] [Times: user=0.13 sys=0.00, real=0.03 secs] 
2020-09-29T18:30:29.920+0200: 42.313: [GC (Allocation Failure) 2020-09-29T18:30:29.920+0200: 42.313: [ParNew: 588061K->40929K(613440K), 0.0276172 secs] 603348K->56215K(2029056K), 0.0277052 secs] [Times: user=0.25 sys=0.00, real=0.03 secs] 
2020-09-29T18:30:30.002+0200: 42.395: [GC (Allocation Failure) 2020-09-29T18:30:30.002+0200: 42.395: [ParNew: 586273K->39134K(613440K), 0.0259687 secs] 601559K->54421K(2029056K), 0.0260436 secs] [Times: user=0.25 sys=0.00, real=0.03 secs] 
2020-09-29T18:30:30.091+0200: 42.483: [GC (Allocation Failure) 2020-09-29T18:30:30.091+0200: 42.483: [ParNew: 584478K->35420K(613440K), 0.0275843 secs] 599765K->50707K(2029056K), 0.0276847 secs] [Times: user=0.25 sys=0.00, real=0.03 secs] 
2020-09-29T18:30:30.171+0200: 42.564: [GC (Allocation Failure) 2020-09-29T18:30:30.171+0200: 42.564: [ParNew: 580764K->62054K(613440K), 0.0327615 secs] 596051K->77341K(2029056K), 0.0328567 secs] [Times: user=0.25 sys=0.00, real=0.03 secs] 
2020-09-29T18:30:30.262+0200: 42.654: [GC (Allocation Failure) 2020-09-29T18:30:30.262+0200: 42.654: [ParNew: 607398K->40223K(613440K), 0.0253649 secs] 622685K->55509K(2029056K), 0.0254426 secs] [Times: user=0.25 sys=0.00, real=0.02 secs] 
2020-09-29T18:30:30.338+0200: 42.730: [GC (Allocation Failure) 2020-09-29T18:30:30.338+0200: 42.730: [ParNew: 585567K->33188K(613440K), 0.0216721 secs] 600853K->48474K(2029056K), 0.0217439 secs] [Times: user=0.13 sys=0.00, real=0.02 secs] 
2020-09-29T18:30:30.418+0200: 42.811: [GC (Allocation Failure) 2020-09-29T18:30:30.418+0200: 42.811: [ParNew: 578532K->31148K(613440K), 0.0196774 secs] 593818K->46435K(2029056K), 0.0197562 secs] [Times: user=0.11 sys=0.00, real=0.02 secs] 
2020-09-29T18:30:30.490+0200: 42.883: [GC (Allocation Failure) 2020-09-29T18:30:30.490+0200: 42.883: [ParNew: 576492K->55593K(613440K), 0.0363033 secs] 591779K->70879K(2029056K), 0.0363767 secs] [Times: user=0.25 sys=0.00, real=0.04 secs] 
2020-09-29T18:30:30.580+0200: 42.973: [GC (Allocation Failure) 2020-09-29T18:30:30.580+0200: 42.973: [ParNew: 600937K->43160K(613440K), 0.0240279 secs] 616223K->58447K(2029056K), 0.0241215 secs] [Times: user=0.22 sys=0.00, real=0.02 secs] 
2020-09-29T18:30:30.673+0200: 43.066: [GC (Allocation Failure) 2020-09-29T18:30:30.673+0200: 43.066: [ParNew: 588504K->59732K(613440K), 0.0315713 secs] 603791K->75019K(2029056K), 0.0316650 secs] [Times: user=0.23 sys=0.00, real=0.03 secs] 
2020-09-29T18:30:30.762+0200: 43.155: [GC (Allocation Failure) 2020-09-29T18:30:30.762+0200: 43.155: [ParNew: 605076K->46542K(613440K), 0.0319364 secs] 620363K->61829K(2029056K), 0.0320494 secs] [Times: user=0.25 sys=0.00, real=0.03 secs] 
2020-09-29T18:30:30.851+0200: 43.244: [GC (Allocation Failure) 2020-09-29T18:30:30.851+0200: 43.244: [ParNew: 591886K->48990K(613440K), 0.0295699 secs] 607173K->64276K(2029056K), 0.0296449 secs] [Times: user=0.25 sys=0.00, real=0.03 secs] 
2020-09-29T18:30:30.932+0200: 43.325: [GC (Allocation Failure) 2020-09-29T18:30:30.932+0200: 43.325: [ParNew: 594334K->41653K(613440K), 0.0184954 secs] 609620K->56939K(2029056K), 0.0185763 secs] [Times: user=0.13 sys=0.00, real=0.02 secs] 
2020-09-29T18:30:31.016+0200: 43.410: [GC (Allocation Failure) 2020-09-29T18:30:31.016+0200: 43.410: [ParNew: 586997K->22434K(613440K), 0.0193149 secs] 602283K->37721K(2029056K), 0.0193949 secs] [Times: user=0.13 sys=0.01, real=0.02 secs] 
2020-09-29T18:30:31.092+0200: 43.485: [GC (Allocation Failure) 2020-09-29T18:30:31.092+0200: 43.485: [ParNew: 567778K->35950K(613440K), 0.0255311 secs] 583065K->51236K(2029056K), 0.0256171 secs] [Times: user=0.25 sys=0.00, real=0.03 secs] 
2020-09-29T18:30:31.177+0200: 43.570: [GC (Allocation Failure) 2020-09-29T18:30:31.177+0200: 43.570: [ParNew: 581294K->48380K(613440K), 0.0343579 secs] 596580K->63666K(2029056K), 0.0344588 secs] [Times: user=0.23 sys=0.00, real=0.03 secs] 
2020-09-29T18:30:31.264+0200: 43.657: [GC (Allocation Failure) 2020-09-29T18:30:31.264+0200: 43.657: [ParNew: 593724K->62884K(613440K), 0.0307512 secs] 609010K->78171K(2029056K), 0.0308247 secs] [Times: user=0.25 sys=0.00, real=0.03 secs] 
2020-09-29T18:30:31.351+0200: 43.744: [GC (Allocation Failure) 2020-09-29T18:30:31.351+0200: 43.744: [ParNew: 608228K->38959K(613440K), 0.0237865 secs] 623515K->54246K(2029056K), 0.0238693 secs] [Times: user=0.13 sys=0.00, real=0.02 secs] 
2020-09-29T18:30:31.427+0200: 43.821: [GC (Allocation Failure) 2020-09-29T18:30:31.427+0200: 43.821: [ParNew: 584303K->38664K(613440K), 0.0307552 secs] 599590K->53950K(2029056K), 0.0308320 secs] [Times: user=0.25 sys=0.00, real=0.03 secs] 
2020-09-29T18:30:31.512+0200: 43.905: [GC (Allocation Failure) 2020-09-29T18:30:31.512+0200: 43.905: [ParNew: 584008K->48382K(613440K), 0.0294434 secs] 599294K->63668K(2029056K), 0.0295318 secs] [Times: user=0.20 sys=0.00, real=0.03 secs] 
2020-09-29T18:30:31.597+0200: 43.990: [GC (Allocation Failure) 2020-09-29T18:30:31.597+0200: 43.990: [ParNew: 593726K->50263K(613440K), 0.0282206 secs] 609012K->65550K(2029056K), 0.0282933 secs] [Times: user=0.22 sys=0.00, real=0.03 secs] 
2020-09-29T18:30:31.683+0200: 44.077: [GC (Allocation Failure) 2020-09-29T18:30:31.683+0200: 44.077: [ParNew: 595607K->58404K(613440K), 0.0345953 secs] 610894K->73691K(2029056K), 0.0346706 secs] [Times: user=0.25 sys=0.00, real=0.03 secs] 
2020-09-29T18:30:31.769+0200: 44.162: [GC (Allocation Failure) 2020-09-29T18:30:31.769+0200: 44.162: [ParNew: 603748K->59477K(613440K), 0.0327795 secs] 619035K->74764K(2029056K), 0.0328697 secs] [Times: user=0.38 sys=0.00, real=0.03 secs] 
2020-09-29T18:30:31.857+0200: 44.250: [GC (Allocation Failure) 2020-09-29T18:30:31.857+0200: 44.250: [ParNew: 604821K->41726K(613440K), 0.0236529 secs] 620108K->57013K(2029056K), 0.0237424 secs] [Times: user=0.25 sys=0.00, real=0.02 secs] 
2020-09-29T18:30:31.939+0200: 44.333: [GC (Allocation Failure) 2020-09-29T18:30:31.940+0200: 44.333: [ParNew: 587070K->35198K(613440K), 0.0208998 secs] 602357K->50485K(2029056K), 0.0209825 secs] [Times: user=0.23 sys=0.00, real=0.02 secs] 
2020-09-29T18:30:32.033+0200: 44.426: [GC (Allocation Failure) 2020-09-29T18:30:32.033+0200: 44.426: [ParNew: 580542K->47140K(613440K), 0.0283422 secs] 595829K->62427K(2029056K), 0.0284148 secs] [Times: user=0.23 sys=0.00, real=0.03 secs] 
2020-09-29T18:30:32.121+0200: 44.514: [GC (Allocation Failure) 2020-09-29T18:30:32.121+0200: 44.514: [ParNew: 592484K->37182K(613440K), 0.0191440 secs] 607771K->52468K(2029056K), 0.0192186 secs] [Times: user=0.13 sys=0.00, real=0.02 secs] 
2020-09-29T18:30:32.199+0200: 44.592: [GC (Allocation Failure) 2020-09-29T18:30:32.199+0200: 44.592: [ParNew: 582526K->34539K(613440K), 0.0264949 secs] 597812K->49826K(2029056K), 0.0265755 secs] [Times: user=0.25 sys=0.00, real=0.03 secs] 
2020-09-29T18:30:32.274+0200: 44.667: [GC (Allocation Failure) 2020-09-29T18:30:32.274+0200: 44.667: [ParNew: 579883K->53982K(613440K), 0.0328706 secs] 595170K->69269K(2029056K), 0.0329465 secs] [Times: user=0.25 sys=0.00, real=0.03 secs] 
2020-09-29T18:30:32.363+0200: 44.756: [GC (Allocation Failure) 2020-09-29T18:30:32.363+0200: 44.756: [ParNew: 599326K->40015K(613440K), 0.0222799 secs] 614613K->55302K(2029056K), 0.0223628 secs] [Times: user=0.25 sys=0.00, real=0.02 secs] 
2020-09-29T18:30:32.443+0200: 44.836: [GC (Allocation Failure) 2020-09-29T18:30:32.443+0200: 44.836: [ParNew: 585359K->55424K(613440K), 0.0311357 secs] 600646K->70711K(2029056K), 0.0312174 secs] [Times: user=0.25 sys=0.00, real=0.03 secs] 
2020-09-29T18:30:32.527+0200: 44.920: [GC (Allocation Failure) 2020-09-29T18:30:32.527+0200: 44.920: [ParNew: 600768K->45284K(613440K), 0.0299077 secs] 616055K->60570K(2029056K), 0.0300023 secs] [Times: user=0.23 sys=0.00, real=0.03 secs] 
2020-09-29T18:30:32.609+0200: 45.002: [GC (Allocation Failure) 2020-09-29T18:30:32.609+0200: 45.002: [ParNew: 590628K->68096K(613440K), 0.0357044 secs] 605914K->83382K(2029056K), 0.0357793 secs] [Times: user=0.25 sys=0.00, real=0.04 secs] 
2020-09-29T18:30:32.701+0200: 45.094: [GC (Allocation Failure) 2020-09-29T18:30:32.701+0200: 45.094: [ParNew: 613440K->54527K(613440K), 0.0343638 secs] 628726K->69813K(2029056K), 0.0344561 secs] [Times: user=0.25 sys=0.00, real=0.03 secs] 
2020-09-29T18:30:32.790+0200: 45.184: [GC (Allocation Failure) 2020-09-29T18:30:32.790+0200: 45.184: [ParNew: 599871K->55331K(613440K), 0.0337054 secs] 615157K->70618K(2029056K), 0.0337964 secs] [Times: user=0.25 sys=0.00, real=0.03 secs] 
2020-09-29T18:30:32.877+0200: 45.270: [GC (Allocation Failure) 2020-09-29T18:30:32.877+0200: 45.270: [ParNew: 600675K->54060K(613440K), 0.0319295 secs] 615962K->69347K(2029056K), 0.0320042 secs] [Times: user=0.25 sys=0.00, real=0.03 secs] 
2020-09-29T18:30:32.964+0200: 45.358: [GC (Allocation Failure) 2020-09-29T18:30:32.964+0200: 45.358: [ParNew: 599404K->42877K(613440K), 0.0248562 secs] 614691K->58164K(2029056K), 0.0249370 secs] [Times: user=0.25 sys=0.00, real=0.03 secs] 
2020-09-29T18:30:33.050+0200: 45.444: [GC (Allocation Failure) 2020-09-29T18:30:33.050+0200: 45.444: [ParNew: 588221K->44610K(613440K), 0.0302730 secs] 603508K->59897K(2029056K), 0.0303539 secs] [Times: user=0.22 sys=0.00, real=0.03 secs] 
2020-09-29T18:30:33.132+0200: 45.524: [GC (Allocation Failure) 2020-09-29T18:30:33.132+0200: 45.524: [ParNew: 589954K->55241K(613440K), 0.0310255 secs] 605241K->70528K(2029056K), 0.0310986 secs] [Times: user=0.25 sys=0.00, real=0.03 secs] 
2020-09-29T18:30:33.211+0200: 45.604: [GC (Allocation Failure) 2020-09-29T18:30:33.211+0200: 45.604: [ParNew: 600585K->40441K(613440K), 0.0121263 secs] 615872K->55728K(2029056K), 0.0121822 secs] [Times: user=0.00 sys=0.02, real=0.01 secs] 
2020-09-29T18:30:33.283+0200: 45.676: [GC (Allocation Failure) 2020-09-29T18:30:33.283+0200: 45.676: [ParNew: 585785K->35071K(613440K), 0.0177309 secs] 601072K->50358K(2029056K), 0.0177872 secs] [Times: user=0.11 sys=0.00, real=0.02 secs] 
2020-09-29T18:30:33.352+0200: 45.744: [GC (Allocation Failure) 2020-09-29T18:30:33.352+0200: 45.744: [ParNew: 580415K->43840K(613440K), 0.0214551 secs] 595702K->59127K(2029056K), 0.0215155 secs] [Times: user=0.11 sys=0.00, real=0.02 secs] 
2020-09-29T18:30:33.428+0200: 45.820: [GC (Allocation Failure) 2020-09-29T18:30:33.428+0200: 45.820: [ParNew: 589184K->41055K(613440K), 0.0219532 secs] 604471K->56342K(2029056K), 0.0220314 secs] [Times: user=0.11 sys=0.00, real=0.02 secs] 
2020-09-29T18:30:33.504+0200: 45.896: [GC (Allocation Failure) 2020-09-29T18:30:33.504+0200: 45.896: [ParNew: 586399K->32956K(613440K), 0.0159611 secs] 601686K->48242K(2029056K), 0.0160456 secs] [Times: user=0.08 sys=0.03, real=0.02 secs] 
2020-09-29T18:30:33.573+0200: 45.965: [GC (Allocation Failure) 2020-09-29T18:30:33.573+0200: 45.965: [ParNew: 578300K->33843K(613440K), 0.0158039 secs] 593586K->49130K(2029056K), 0.0158671 secs] [Times: user=0.11 sys=0.00, real=0.02 secs] 
2020-09-29T18:30:33.651+0200: 46.044: [GC (Allocation Failure) 2020-09-29T18:30:33.652+0200: 46.044: [ParNew: 579187K->27300K(613440K), 0.0117146 secs] 594474K->42587K(2029056K), 0.0117824 secs] [Times: user=0.13 sys=0.00, real=0.01 secs] 
2020-09-29T18:30:33.711+0200: 46.104: [GC (Allocation Failure) 2020-09-29T18:30:33.711+0200: 46.104: [ParNew: 572644K->44155K(613440K), 0.0161901 secs] 587931K->59442K(2029056K), 0.0162660 secs] [Times: user=0.13 sys=0.00, real=0.02 secs] 
2020-09-29T18:30:33.776+0200: 46.169: [GC (Allocation Failure) 2020-09-29T18:30:33.776+0200: 46.169: [ParNew: 589499K->32967K(613440K), 0.0163328 secs] 604786K->48254K(2029056K), 0.0164033 secs] [Times: user=0.13 sys=0.00, real=0.02 secs] 
2020-09-29T18:30:33.842+0200: 46.235: [GC (Allocation Failure) 2020-09-29T18:30:33.842+0200: 46.235: [ParNew: 578311K->32062K(613440K), 0.0153601 secs] 593598K->47349K(2029056K), 0.0154319 secs] [Times: user=0.13 sys=0.00, real=0.02 secs] 
2020-09-29T18:30:33.903+0200: 46.296: [GC (Allocation Failure) 2020-09-29T18:30:33.904+0200: 46.296: [ParNew: 577406K->54297K(613440K), 0.0181193 secs] 592693K->69584K(2029056K), 0.0181799 secs] [Times: user=0.13 sys=0.00, real=0.02 secs] 
2020-09-29T18:30:33.972+0200: 46.364: [GC (Allocation Failure) 2020-09-29T18:30:33.972+0200: 46.364: [ParNew: 599641K->66670K(613440K), 0.0233546 secs] 614928K->81957K(2029056K), 0.0234220 secs] [Times: user=0.25 sys=0.00, real=0.02 secs] 
2020-09-29T18:30:34.043+0200: 46.436: [GC (Allocation Failure) 2020-09-29T18:30:34.043+0200: 46.436: [ParNew: 612014K->53766K(613440K), 0.0175810 secs] 627301K->69052K(2029056K), 0.0176536 secs] [Times: user=0.13 sys=0.00, real=0.02 secs] 
2020-09-29T18:30:34.108+0200: 46.500: [GC (Allocation Failure) 2020-09-29T18:30:34.108+0200: 46.500: [ParNew: 599110K->43207K(613440K), 0.0153089 secs] 614396K->58494K(2029056K), 0.0153652 secs] [Times: user=0.13 sys=0.00, real=0.01 secs] 
2020-09-29T18:30:34.172+0200: 46.565: [GC (Allocation Failure) 2020-09-29T18:30:34.172+0200: 46.565: [ParNew: 588551K->36026K(613440K), 0.0134128 secs] 603838K->51313K(2029056K), 0.0134711 secs] [Times: user=0.13 sys=0.00, real=0.01 secs] 
2020-09-29T18:30:34.234+0200: 46.626: [GC (Allocation Failure) 2020-09-29T18:30:34.234+0200: 46.626: [ParNew: 581370K->56277K(613440K), 0.0245088 secs] 596657K->71564K(2029056K), 0.0245747 secs] [Times: user=0.25 sys=0.00, real=0.03 secs] 
2020-09-29T18:30:34.306+0200: 46.698: [GC (Allocation Failure) 2020-09-29T18:30:34.306+0200: 46.698: [ParNew: 601621K->51442K(613440K), 0.0172655 secs] 616908K->66728K(2029056K), 0.0173192 secs] [Times: user=0.13 sys=0.00, real=0.02 secs] 
2020-09-29T18:30:34.376+0200: 46.769: [GC (Allocation Failure) 2020-09-29T18:30:34.376+0200: 46.769: [ParNew: 596786K->43458K(613440K), 0.0171474 secs] 612072K->58745K(2029056K), 0.0172064 secs] [Times: user=0.13 sys=0.00, real=0.02 secs] 
2020-09-29T18:30:34.445+0200: 46.838: [GC (Allocation Failure) 2020-09-29T18:30:34.445+0200: 46.838: [ParNew: 588802K->63376K(613440K), 0.0224861 secs] 604089K->78662K(2029056K), 0.0225449 secs] [Times: user=0.13 sys=0.00, real=0.02 secs] 
2020-09-29T18:30:34.515+0200: 46.908: [GC (Allocation Failure) 2020-09-29T18:30:34.515+0200: 46.908: [ParNew: 608720K->45010K(613440K), 0.0147410 secs] 624006K->60297K(2029056K), 0.0148004 secs] [Times: user=0.13 sys=0.00, real=0.01 secs] 
2020-09-29T18:30:34.585+0200: 46.977: [GC (Allocation Failure) 2020-09-29T18:30:34.585+0200: 46.977: [ParNew: 590354K->23382K(613440K), 0.0086110 secs] 605641K->38668K(2029056K), 0.0086749 secs] [Times: user=0.00 sys=0.00, real=0.01 secs] 
2020-09-29T18:30:34.648+0200: 47.041: [GC (Allocation Failure) 2020-09-29T18:30:34.648+0200: 47.041: [ParNew: 568726K->41233K(613440K), 0.0194407 secs] 584012K->56520K(2029056K), 0.0194954 secs] [Times: user=0.13 sys=0.00, real=0.02 secs] 
2020-09-29T18:30:34.715+0200: 47.108: [GC (Allocation Failure) 2020-09-29T18:30:34.715+0200: 47.108: [ParNew: 586577K->46910K(613440K), 0.0169140 secs] 601864K->62197K(2029056K), 0.0169700 secs] [Times: user=0.13 sys=0.00, real=0.02 secs] 
2020-09-29T18:30:34.781+0200: 47.174: [GC (Allocation Failure) 2020-09-29T18:30:34.781+0200: 47.174: [ParNew: 592254K->37093K(613440K), 0.0168119 secs] 607541K->52380K(2029056K), 0.0168826 secs] [Times: user=0.13 sys=0.00, real=0.02 secs] 
2020-09-29T18:30:34.850+0200: 47.243: [GC (Allocation Failure) 2020-09-29T18:30:34.850+0200: 47.243: [ParNew: 582437K->36032K(613440K), 0.0141124 secs] 597724K->51319K(2029056K), 0.0141675 secs] [Times: user=0.13 sys=0.00, real=0.02 secs] 
2020-09-29T18:30:34.915+0200: 47.308: [GC (Allocation Failure) 2020-09-29T18:30:34.915+0200: 47.308: [ParNew: 581376K->53810K(613440K), 0.0184136 secs] 596663K->69097K(2029056K), 0.0184750 secs] [Times: user=0.13 sys=0.00, real=0.02 secs] 
2020-09-29T18:30:34.983+0200: 47.375: [GC (Allocation Failure) 2020-09-29T18:30:34.983+0200: 47.375: [ParNew: 599154K->37892K(613440K), 0.0126423 secs] 614441K->53178K(2029056K), 0.0127092 secs] [Times: user=0.13 sys=0.00, real=0.01 secs] 
2020-09-29T18:30:35.045+0200: 47.438: [GC (Allocation Failure) 2020-09-29T18:30:35.045+0200: 47.438: [ParNew: 583236K->49761K(613440K), 0.0215891 secs] 598522K->65048K(2029056K), 0.0216545 secs] [Times: user=0.25 sys=0.00, real=0.02 secs] 
2020-09-29T18:30:35.120+0200: 47.513: [GC (Allocation Failure) 2020-09-29T18:30:35.120+0200: 47.513: [ParNew: 595105K->42067K(613440K), 0.0166521 secs] 610392K->57354K(2029056K), 0.0167168 secs] [Times: user=0.13 sys=0.00, real=0.02 secs] 
2020-09-29T18:30:35.185+0200: 47.577: [GC (Allocation Failure) 2020-09-29T18:30:35.185+0200: 47.577: [ParNew: 587411K->64047K(613440K), 0.0206575 secs] 602698K->79333K(2029056K), 0.0207190 secs] [Times: user=0.13 sys=0.00, real=0.02 secs] 
2020-09-29T18:30:35.257+0200: 47.649: [GC (Allocation Failure) 2020-09-29T18:30:35.257+0200: 47.649: [ParNew: 609391K->49253K(613440K), 0.0171967 secs] 624677K->64539K(2029056K), 0.0172908 secs] [Times: user=0.13 sys=0.00, real=0.02 secs] 
2020-09-29T18:30:35.329+0200: 47.721: [GC (Allocation Failure) 2020-09-29T18:30:35.329+0200: 47.721: [ParNew: 594597K->38499K(613440K), 0.0141393 secs] 609883K->53786K(2029056K), 0.0141973 secs] [Times: user=0.13 sys=0.00, real=0.01 secs] 
2020-09-29T18:30:35.396+0200: 47.789: [GC (Allocation Failure) 2020-09-29T18:30:35.396+0200: 47.789: [ParNew: 583843K->29726K(613440K), 0.0135903 secs] 599130K->45012K(2029056K), 0.0136727 secs] [Times: user=0.00 sys=0.00, real=0.01 secs] 
2020-09-29T18:30:35.466+0200: 47.859: [GC (Allocation Failure) 2020-09-29T18:30:35.466+0200: 47.859: [ParNew: 575070K->47787K(613440K), 0.0187387 secs] 590356K->63074K(2029056K), 0.0187996 secs] [Times: user=0.13 sys=0.00, real=0.02 secs] 
2020-09-29T18:30:35.535+0200: 47.928: [GC (Allocation Failure) 2020-09-29T18:30:35.535+0200: 47.928: [ParNew: 593131K->42420K(613440K), 0.0180406 secs] 608418K->57707K(2029056K), 0.0180970 secs] [Times: user=0.25 sys=0.00, real=0.02 secs] 
2020-09-29T18:30:35.602+0200: 47.994: [GC (Allocation Failure) 2020-09-29T18:30:35.602+0200: 47.994: [ParNew: 587764K->36235K(613440K), 0.0117142 secs] 603051K->51521K(2029056K), 0.0117788 secs] [Times: user=0.00 sys=0.02, real=0.01 secs] 
2020-09-29T18:30:35.669+0200: 48.061: [GC (Allocation Failure) 2020-09-29T18:30:35.669+0200: 48.061: [ParNew: 581579K->36693K(613440K), 0.0166303 secs] 596865K->51980K(2029056K), 0.0166882 secs] [Times: user=0.13 sys=0.00, real=0.02 secs] 
2020-09-29T18:30:35.735+0200: 48.128: [GC (Allocation Failure) 2020-09-29T18:30:35.735+0200: 48.128: [ParNew: 582037K->44493K(613440K), 0.0158171 secs] 597324K->59779K(2029056K), 0.0158711 secs] [Times: user=0.13 sys=0.00, real=0.02 secs] 
2020-09-29T18:30:35.801+0200: 48.194: [GC (Allocation Failure) 2020-09-29T18:30:35.801+0200: 48.194: [ParNew: 589837K->36058K(613440K), 0.0155086 secs] 605123K->51345K(2029056K), 0.0155662 secs] [Times: user=0.14 sys=0.02, real=0.02 secs] 
2020-09-29T18:30:35.863+0200: 48.257: [GC (Allocation Failure) 2020-09-29T18:30:35.863+0200: 48.257: [ParNew: 581402K->58535K(613440K), 0.0201819 secs] 596689K->73821K(2029056K), 0.0202631 secs] [Times: user=0.13 sys=0.02, real=0.02 secs] 
2020-09-29T18:30:35.936+0200: 48.329: [GC (Allocation Failure) 2020-09-29T18:30:35.936+0200: 48.329: [ParNew: 603879K->41183K(613440K), 0.0139205 secs] 619165K->56469K(2029056K), 0.0139744 secs] [Times: user=0.13 sys=0.00, real=0.01 secs] 
2020-09-29T18:30:36.003+0200: 48.396: [GC (Allocation Failure) 2020-09-29T18:30:36.003+0200: 48.396: [ParNew: 586527K->38252K(613440K), 0.0191883 secs] 601813K->53539K(2029056K), 0.0192650 secs] [Times: user=0.23 sys=0.02, real=0.02 secs] 
2020-09-29T18:30:36.070+0200: 48.463: [GC (Allocation Failure) 2020-09-29T18:30:36.070+0200: 48.463: [ParNew: 583596K->37879K(613440K), 0.0112809 secs] 598883K->53166K(2029056K), 0.0113735 secs] [Times: user=0.00 sys=0.00, real=0.01 secs] 
2020-09-29T18:30:36.130+0200: 48.522: [GC (Allocation Failure) 2020-09-29T18:30:36.130+0200: 48.522: [ParNew: 583223K->57540K(613440K), 0.0224547 secs] 598510K->72827K(2029056K), 0.0225105 secs] [Times: user=0.13 sys=0.00, real=0.02 secs] 
2020-09-29T18:30:36.199+0200: 48.592: [GC (Allocation Failure) 2020-09-29T18:30:36.199+0200: 48.592: [ParNew: 602884K->68096K(613440K), 0.0213188 secs] 618171K->83745K(2029056K), 0.0213708 secs] [Times: user=0.13 sys=0.00, real=0.02 secs] 
2020-09-29T18:30:36.270+0200: 48.663: [GC (Allocation Failure) 2020-09-29T18:30:36.270+0200: 48.663: [ParNew: 613440K->34206K(613440K), 0.0118091 secs] 629089K->49855K(2029056K), 0.0118642 secs] [Times: user=0.00 sys=0.00, real=0.01 secs] 
2020-09-29T18:30:36.334+0200: 48.726: [GC (Allocation Failure) 2020-09-29T18:30:36.334+0200: 48.726: [ParNew: 579550K->47488K(613440K), 0.0205209 secs] 595199K->63138K(2029056K), 0.0206091 secs] [Times: user=0.13 sys=0.00, real=0.02 secs] 
2020-09-29T18:30:36.402+0200: 48.795: [GC (Allocation Failure) 2020-09-29T18:30:36.402+0200: 48.795: [ParNew: 592832K->34600K(613440K), 0.0155556 secs] 608482K->50249K(2029056K), 0.0156254 secs] [Times: user=0.11 sys=0.00, real=0.02 secs] 
2020-09-29T18:30:36.473+0200: 48.866: [GC (Allocation Failure) 2020-09-29T18:30:36.473+0200: 48.866: [ParNew: 579944K->51993K(613440K), 0.0232444 secs] 595593K->67642K(2029056K), 0.0233031 secs] [Times: user=0.23 sys=0.00, real=0.02 secs] 
2020-09-29T18:30:36.543+0200: 48.936: [GC (Allocation Failure) 2020-09-29T18:30:36.543+0200: 48.936: [ParNew: 597337K->68096K(613440K), 0.0223669 secs] 612986K->83768K(2029056K), 0.0224209 secs] [Times: user=0.13 sys=0.00, real=0.02 secs] 
2020-09-29T18:30:36.616+0200: 49.008: [GC (Allocation Failure) 2020-09-29T18:30:36.616+0200: 49.009: [ParNew: 613440K->55200K(613440K), 0.0222571 secs] 629112K->70873K(2029056K), 0.0223161 secs] [Times: user=0.13 sys=0.00, real=0.02 secs] 
2020-09-29T18:30:36.687+0200: 49.079: [GC (Allocation Failure) 2020-09-29T18:30:36.687+0200: 49.079: [ParNew: 600544K->44108K(613440K), 0.0159187 secs] 616217K->59781K(2029056K), 0.0159759 secs] [Times: user=0.13 sys=0.00, real=0.02 secs] 
2020-09-29T18:30:36.750+0200: 49.143: [GC (Allocation Failure) 2020-09-29T18:30:36.750+0200: 49.143: [ParNew: 589452K->65986K(613440K), 0.0188953 secs] 605125K->81659K(2029056K), 0.0189486 secs] [Times: user=0.13 sys=0.00, real=0.02 secs] 
2020-09-29T18:30:36.816+0200: 49.208: [GC (Allocation Failure) 2020-09-29T18:30:36.816+0200: 49.208: [ParNew: 611330K->28726K(613440K), 0.0132139 secs] 627003K->44399K(2029056K), 0.0132693 secs] [Times: user=0.13 sys=0.00, real=0.01 secs] 
2020-09-29T18:30:36.880+0200: 49.273: [GC (Allocation Failure) 2020-09-29T18:30:36.880+0200: 49.273: [ParNew: 574070K->54940K(613440K), 0.0236258 secs] 589743K->70613K(2029056K), 0.0236807 secs] [Times: user=0.13 sys=0.00, real=0.02 secs] 
2020-09-29T18:30:36.951+0200: 49.344: [GC (Allocation Failure) 2020-09-29T18:30:36.951+0200: 49.344: [ParNew: 600284K->43502K(613440K), 0.0118532 secs] 615957K->59175K(2029056K), 0.0119107 secs] [Times: user=0.13 sys=0.00, real=0.01 secs] 
2020-09-29T18:30:37.011+0200: 49.403: [GC (Allocation Failure) 2020-09-29T18:30:37.011+0200: 49.403: [ParNew: 588846K->38753K(613440K), 0.0183699 secs] 604519K->54426K(2029056K), 0.0184288 secs] [Times: user=0.13 sys=0.00, real=0.02 secs] 
2020-09-29T18:30:37.077+0200: 49.470: [GC (Allocation Failure) 2020-09-29T18:30:37.077+0200: 49.470: [ParNew: 584097K->33335K(613440K), 0.0158086 secs] 599770K->49008K(2029056K), 0.0158659 secs] [Times: user=0.13 sys=0.00, real=0.02 secs] 
2020-09-29T18:30:37.143+0200: 49.536: [GC (Allocation Failure) 2020-09-29T18:30:37.143+0200: 49.536: [ParNew: 578679K->33661K(613440K), 0.0159117 secs] 594352K->49334K(2029056K), 0.0159674 secs] [Times: user=0.13 sys=0.00, real=0.02 secs] 
2020-09-29T18:30:37.208+0200: 49.600: [GC (Allocation Failure) 2020-09-29T18:30:37.208+0200: 49.600: [ParNew: 579005K->31892K(613440K), 0.0150287 secs] 594678K->47565K(2029056K), 0.0150962 secs] [Times: user=0.00 sys=0.00, real=0.02 secs] 
2020-09-29T18:30:37.281+0200: 49.673: [GC (Allocation Failure) 2020-09-29T18:30:37.281+0200: 49.673: [ParNew: 577236K->56416K(613440K), 0.0248071 secs] 592909K->72089K(2029056K), 0.0248759 secs] [Times: user=0.25 sys=0.00, real=0.03 secs] 
2020-09-29T18:30:37.354+0200: 49.746: [GC (Allocation Failure) 2020-09-29T18:30:37.354+0200: 49.746: [ParNew: 601760K->46540K(613440K), 0.0133689 secs] 617433K->62213K(2029056K), 0.0134273 secs] [Times: user=0.13 sys=0.00, real=0.01 secs] 
2020-09-29T18:30:37.418+0200: 49.810: [GC (Allocation Failure) 2020-09-29T18:30:37.418+0200: 49.811: [ParNew: 591884K->25098K(613440K), 0.0149532 secs] 607557K->40771K(2029056K), 0.0150572 secs] [Times: user=0.11 sys=0.00, real=0.02 secs] 
2020-09-29T18:30:37.482+0200: 49.875: [GC (Allocation Failure) 2020-09-29T18:30:37.482+0200: 49.875: [ParNew: 570442K->41998K(613440K), 0.0175316 secs] 586115K->57671K(2029056K), 0.0175942 secs] [Times: user=0.13 sys=0.00, real=0.02 secs] 
2020-09-29T18:30:37.554+0200: 49.947: [GC (Allocation Failure) 2020-09-29T18:30:37.554+0200: 49.947: [ParNew: 587342K->55454K(613440K), 0.0230139 secs] 603015K->71127K(2029056K), 0.0231004 secs] [Times: user=0.13 sys=0.00, real=0.02 secs] 
2020-09-29T18:30:37.629+0200: 50.022: [GC (Allocation Failure) 2020-09-29T18:30:37.629+0200: 50.022: [ParNew: 600798K->68096K(613440K), 0.0293493 secs] 616471K->84819K(2029056K), 0.0294117 secs] [Times: user=0.23 sys=0.00, real=0.03 secs] 
2020-09-29T18:30:37.712+0200: 50.105: [GC (Allocation Failure) 2020-09-29T18:30:37.712+0200: 50.105: [ParNew: 613440K->55626K(613440K), 0.0207296 secs] 630163K->72350K(2029056K), 0.0208018 secs] [Times: user=0.13 sys=0.00, real=0.02 secs] 
2020-09-29T18:30:37.781+0200: 50.173: [GC (Allocation Failure) 2020-09-29T18:30:37.781+0200: 50.173: [ParNew: 600970K->68096K(613440K), 0.0255810 secs] 617694K->85884K(2029056K), 0.0256384 secs] [Times: user=0.25 sys=0.00, real=0.03 secs] 
2020-09-29T18:30:37.853+0200: 50.246: [GC (Allocation Failure) 2020-09-29T18:30:37.853+0200: 50.246: [ParNew: 613440K->65537K(613440K), 0.0238735 secs] 631228K->83326K(2029056K), 0.0239353 secs] [Times: user=0.13 sys=0.00, real=0.02 secs] 
2020-09-29T18:30:37.924+0200: 50.317: [GC (Allocation Failure) 2020-09-29T18:30:37.924+0200: 50.317: [ParNew: 610881K->59867K(613440K), 0.0233680 secs] 628670K->77656K(2029056K), 0.0234421 secs] [Times: user=0.25 sys=0.00, real=0.02 secs] 
2020-09-29T18:30:37.995+0200: 50.388: [GC (Allocation Failure) 2020-09-29T18:30:37.995+0200: 50.388: [ParNew: 605211K->47730K(613440K), 0.0169795 secs] 623000K->65519K(2029056K), 0.0170347 secs] [Times: user=0.13 sys=0.00, real=0.02 secs] 
2020-09-29T18:30:38.059+0200: 50.452: [GC (Allocation Failure) 2020-09-29T18:30:38.059+0200: 50.452: [ParNew: 593074K->42767K(613440K), 0.0166351 secs] 610863K->60556K(2029056K), 0.0167013 secs] [Times: user=0.13 sys=0.00, real=0.02 secs] 
2020-09-29T18:30:38.125+0200: 50.518: [GC (Allocation Failure) 2020-09-29T18:30:38.125+0200: 50.518: [ParNew: 588111K->61179K(613440K), 0.0204114 secs] 605900K->78968K(2029056K), 0.0204670 secs] [Times: user=0.25 sys=0.00, real=0.02 secs] 
2020-09-29T18:30:38.194+0200: 50.587: [GC (Allocation Failure) 2020-09-29T18:30:38.194+0200: 50.587: [ParNew: 606523K->42728K(613440K), 0.0138530 secs] 624312K->60517K(2029056K), 0.0139082 secs] [Times: user=0.11 sys=0.00, real=0.01 secs] 
2020-09-29T18:30:38.258+0200: 50.650: [GC (Allocation Failure) 2020-09-29T18:30:38.258+0200: 50.650: [ParNew: 588072K->36341K(613440K), 0.0142576 secs] 605861K->54130K(2029056K), 0.0143149 secs] [Times: user=0.13 sys=0.00, real=0.01 secs] 
2020-09-29T18:30:38.319+0200: 50.711: [GC (Allocation Failure) 2020-09-29T18:30:38.319+0200: 50.711: [ParNew: 581685K->53179K(613440K), 0.0221248 secs] 599474K->70968K(2029056K), 0.0222009 secs] [Times: user=0.13 sys=0.00, real=0.02 secs] 
2020-09-29T18:30:38.389+0200: 50.782: [GC (Allocation Failure) 2020-09-29T18:30:38.389+0200: 50.782: [ParNew: 598523K->68096K(613440K), 0.0223009 secs] 616312K->85884K(2029056K), 0.0223866 secs] [Times: user=0.25 sys=0.00, real=0.02 secs] 
2020-09-29T18:30:38.463+0200: 50.856: [GC (Allocation Failure) 2020-09-29T18:30:38.463+0200: 50.856: [ParNew: 613440K->51691K(613440K), 0.0164804 secs] 631228K->69479K(2029056K), 0.0165424 secs] [Times: user=0.13 sys=0.00, real=0.02 secs] 
2020-09-29T18:30:38.527+0200: 50.920: [GC (Allocation Failure) 2020-09-29T18:30:38.527+0200: 50.920: [ParNew: 597035K->45423K(613440K), 0.0217176 secs] 614823K->63212K(2029056K), 0.0217802 secs] [Times: user=0.13 sys=0.00, real=0.02 secs] 
2020-09-29T18:30:38.598+0200: 50.991: [GC (Allocation Failure) 2020-09-29T18:30:38.598+0200: 50.991: [ParNew: 590767K->41781K(613440K), 0.0148752 secs] 608556K->59570K(2029056K), 0.0149344 secs] [Times: user=0.00 sys=0.00, real=0.01 secs] 
2020-09-29T18:30:38.662+0200: 51.055: [GC (Allocation Failure) 2020-09-29T18:30:38.662+0200: 51.055: [ParNew: 587125K->39595K(613440K), 0.0191176 secs] 604914K->57383K(2029056K), 0.0191764 secs] [Times: user=0.13 sys=0.00, real=0.02 secs] 
2020-09-29T18:30:38.728+0200: 51.121: [GC (Allocation Failure) 2020-09-29T18:30:38.728+0200: 51.121: [ParNew: 584939K->39097K(613440K), 0.0173051 secs] 602727K->56885K(2029056K), 0.0173598 secs] [Times: user=0.13 sys=0.00, real=0.02 secs] 
2020-09-29T18:30:38.795+0200: 51.188: [GC (Allocation Failure) 2020-09-29T18:30:38.795+0200: 51.188: [ParNew: 584441K->38357K(613440K), 0.0172568 secs] 602229K->56145K(2029056K), 0.0173128 secs] [Times: user=0.13 sys=0.00, real=0.02 secs] 
2020-09-29T18:30:38.862+0200: 51.255: [GC (Allocation Failure) 2020-09-29T18:30:38.862+0200: 51.255: [ParNew: 583701K->34188K(613440K), 0.0112961 secs] 601489K->51976K(2029056K), 0.0113529 secs] [Times: user=0.13 sys=0.00, real=0.01 secs] 
2020-09-29T18:30:38.924+0200: 51.317: [GC (Allocation Failure) 2020-09-29T18:30:38.924+0200: 51.317: [ParNew: 579532K->31647K(613440K), 0.0157647 secs] 597320K->49436K(2029056K), 0.0158300 secs] [Times: user=0.13 sys=0.00, real=0.02 secs] 
2020-09-29T18:30:38.986+0200: 51.379: [GC (Allocation Failure) 2020-09-29T18:30:38.987+0200: 51.379: [ParNew: 576991K->22876K(613440K), 0.0096669 secs] 594780K->40664K(2029056K), 0.0097284 secs] [Times: user=0.13 sys=0.00, real=0.01 secs] 
2020-09-29T18:30:39.047+0200: 51.440: [GC (Allocation Failure) 2020-09-29T18:30:39.047+0200: 51.440: [ParNew: 568220K->44606K(613440K), 0.0182408 secs] 586008K->62394K(2029056K), 0.0183156 secs] [Times: user=0.13 sys=0.00, real=0.02 secs] 
2020-09-29T18:30:39.113+0200: 51.505: [GC (Allocation Failure) 2020-09-29T18:30:39.113+0200: 51.505: [ParNew: 589950K->52140K(613440K), 0.0177962 secs] 607738K->69928K(2029056K), 0.0178521 secs] [Times: user=0.25 sys=0.00, real=0.02 secs] 
2020-09-29T18:30:39.179+0200: 51.572: [GC (Allocation Failure) 2020-09-29T18:30:39.179+0200: 51.572: [ParNew: 597484K->37112K(613440K), 0.0120179 secs] 615272K->54900K(2029056K), 0.0120779 secs] [Times: user=0.00 sys=0.00, real=0.01 secs] 
2020-09-29T18:30:39.238+0200: 51.630: [GC (Allocation Failure) 2020-09-29T18:30:39.238+0200: 51.630: [ParNew: 582456K->36465K(613440K), 0.0157704 secs] 600244K->54253K(2029056K), 0.0158235 secs] [Times: user=0.13 sys=0.00, real=0.02 secs] 
2020-09-29T18:30:39.302+0200: 51.695: [GC (Allocation Failure) 2020-09-29T18:30:39.302+0200: 51.695: [ParNew: 581809K->48424K(613440K), 0.0208370 secs] 599597K->66213K(2029056K), 0.0209050 secs] [Times: user=0.13 sys=0.00, real=0.02 secs] 
2020-09-29T18:30:39.373+0200: 51.765: [GC (Allocation Failure) 2020-09-29T18:30:39.373+0200: 51.765: [ParNew: 593768K->62257K(613440K), 0.0199166 secs] 611557K->80045K(2029056K), 0.0199856 secs] [Times: user=0.13 sys=0.00, real=0.02 secs] 
2020-09-29T18:30:39.446+0200: 51.838: [GC (Allocation Failure) 2020-09-29T18:30:39.446+0200: 51.838: [ParNew: 607601K->68096K(613440K), 0.0248163 secs] 625389K->86304K(2029056K), 0.0248836 secs] [Times: user=0.13 sys=0.00, real=0.02 secs] 
2020-09-29T18:30:39.519+0200: 51.912: [GC (Allocation Failure) 2020-09-29T18:30:39.519+0200: 51.912: [ParNew: 613440K->56940K(613440K), 0.0193014 secs] 631648K->75149K(2029056K), 0.0193633 secs] [Times: user=0.25 sys=0.00, real=0.02 secs] 
2020-09-29T18:30:39.587+0200: 51.980: [GC (Allocation Failure) 2020-09-29T18:30:39.587+0200: 51.980: [ParNew: 602284K->68096K(613440K), 0.0237498 secs] 620493K->86304K(2029056K), 0.0238146 secs] [Times: user=0.13 sys=0.00, real=0.02 secs] 
2020-09-29T18:30:39.660+0200: 52.053: [GC (Allocation Failure) 2020-09-29T18:30:39.660+0200: 52.053: [ParNew: 613440K->50986K(613440K), 0.0185134 secs] 631648K->69194K(2029056K), 0.0185840 secs] [Times: user=0.25 sys=0.00, real=0.02 secs] 
2020-09-29T18:30:39.728+0200: 52.120: [GC (Allocation Failure) 2020-09-29T18:30:39.728+0200: 52.120: [ParNew: 596330K->41749K(613440K), 0.0165850 secs] 614538K->59957K(2029056K), 0.0166572 secs] [Times: user=0.13 sys=0.00, real=0.02 secs] 
2020-09-29T18:30:39.791+0200: 52.184: [GC (Allocation Failure) 2020-09-29T18:30:39.791+0200: 52.184: [ParNew: 587093K->59383K(613440K), 0.0204344 secs] 605301K->77591K(2029056K), 0.0205067 secs] [Times: user=0.13 sys=0.00, real=0.02 secs] 
2020-09-29T18:30:39.861+0200: 52.253: [GC (Allocation Failure) 2020-09-29T18:30:39.861+0200: 52.253: [ParNew: 604727K->42388K(613440K), 0.0197091 secs] 622935K->60596K(2029056K), 0.0197760 secs] [Times: user=0.25 sys=0.00, real=0.02 secs] 
2020-09-29T18:30:39.928+0200: 52.321: [GC (Allocation Failure) 2020-09-29T18:30:39.928+0200: 52.321: [ParNew: 587732K->46413K(613440K), 0.0190376 secs] 605940K->64621K(2029056K), 0.0256235 secs] [Times: user=0.13 sys=0.00, real=0.03 secs] 
2020-09-29T18:30:40.012+0200: 52.404: [GC (Allocation Failure) 2020-09-29T18:30:40.012+0200: 52.404: [ParNew: 591757K->43897K(613440K), 0.0196946 secs] 609965K->62105K(2029056K), 0.0197502 secs] [Times: user=0.11 sys=0.00, real=0.02 secs] 
2020-09-29T18:30:40.085+0200: 52.478: [GC (Allocation Failure) 2020-09-29T18:30:40.085+0200: 52.478: [ParNew: 589241K->66542K(613440K), 0.0241432 secs] 607449K->84750K(2029056K), 0.0242195 secs] [Times: user=0.13 sys=0.00, real=0.02 secs] 
2020-09-29T18:30:40.156+0200: 52.549: [GC (Allocation Failure) 2020-09-29T18:30:40.156+0200: 52.549: [ParNew: 611886K->43647K(613440K), 0.0113342 secs] 630094K->61855K(2029056K), 0.0113976 secs] [Times: user=0.11 sys=0.00, real=0.01 secs] 
2020-09-29T18:30:40.228+0200: 52.621: [GC (Allocation Failure) 2020-09-29T18:30:40.228+0200: 52.621: [ParNew: 588991K->20634K(613440K), 0.0096450 secs] 607199K->38842K(2029056K), 0.0096989 secs] [Times: user=0.00 sys=0.00, real=0.01 secs] 
2020-09-29T18:30:40.288+0200: 52.681: [GC (Allocation Failure) 2020-09-29T18:30:40.288+0200: 52.681: [ParNew: 565978K->29076K(613440K), 0.0130551 secs] 584186K->47284K(2029056K), 0.0131217 secs] [Times: user=0.13 sys=0.00, real=0.01 secs] 
2020-09-29T18:30:40.348+0200: 52.741: [GC (Allocation Failure) 2020-09-29T18:30:40.348+0200: 52.741: [ParNew: 574420K->41924K(613440K), 0.0189203 secs] 592628K->60132K(2029056K), 0.0190083 secs] [Times: user=0.13 sys=0.00, real=0.02 secs] 
2020-09-29T18:30:40.416+0200: 52.809: [GC (Allocation Failure) 2020-09-29T18:30:40.416+0200: 52.809: [ParNew: 587268K->55819K(613440K), 0.0238323 secs] 605476K->74027K(2029056K), 0.0239327 secs] [Times: user=0.11 sys=0.00, real=0.02 secs] 
2020-09-29T18:30:40.498+0200: 52.891: [GC (Allocation Failure) 2020-09-29T18:30:40.498+0200: 52.891: [ParNew: 601163K->41525K(613440K), 0.0181835 secs] 619371K->59733K(2029056K), 0.0183067 secs] [Times: user=0.13 sys=0.00, real=0.02 secs] 
2020-09-29T18:30:40.564+0200: 52.957: [GC (Allocation Failure) 2020-09-29T18:30:40.564+0200: 52.957: [ParNew: 586869K->64496K(613440K), 0.0258767 secs] 605077K->82705K(2029056K), 0.0259547 secs] [Times: user=0.22 sys=0.00, real=0.03 secs] 
2020-09-29T18:30:40.640+0200: 53.033: [GC (Allocation Failure) 2020-09-29T18:30:40.640+0200: 53.033: [ParNew: 609840K->54117K(613440K), 0.0223256 secs] 628049K->72325K(2029056K), 0.0223818 secs] [Times: user=0.24 sys=0.00, real=0.02 secs] 
2020-09-29T18:30:40.710+0200: 53.103: [GC (Allocation Failure) 2020-09-29T18:30:40.710+0200: 53.103: [ParNew: 599461K->41728K(613440K), 0.0087144 secs] 617669K->59936K(2029056K), 0.0087753 secs] [Times: user=0.00 sys=0.00, real=0.01 secs] 
2020-09-29T18:30:40.771+0200: 53.163: [GC (Allocation Failure) 2020-09-29T18:30:40.771+0200: 53.163: [ParNew: 587072K->61039K(613440K), 0.0243002 secs] 605280K->79247K(2029056K), 0.0243713 secs] [Times: user=0.13 sys=0.00, real=0.02 secs] 
2020-09-29T18:30:40.842+0200: 53.235: [GC (Allocation Failure) 2020-09-29T18:30:40.842+0200: 53.235: [ParNew: 606383K->45839K(613440K), 0.0183312 secs] 624591K->64048K(2029056K), 0.0183929 secs] [Times: user=0.13 sys=0.00, real=0.02 secs] 
2020-09-29T18:30:40.909+0200: 53.302: [GC (Allocation Failure) 2020-09-29T18:30:40.909+0200: 53.302: [ParNew: 591183K->44022K(613440K), 0.0188047 secs] 609392K->62230K(2029056K), 0.0188647 secs] [Times: user=0.25 sys=0.00, real=0.02 secs] 
2020-09-29T18:30:40.975+0200: 53.368: [GC (Allocation Failure) 2020-09-29T18:30:40.975+0200: 53.368: [ParNew: 589366K->38181K(613440K), 0.0161238 secs] 607574K->56389K(2029056K), 0.0161808 secs] [Times: user=0.13 sys=0.00, real=0.02 secs] 
2020-09-29T18:30:41.043+0200: 53.436: [GC (Allocation Failure) 2020-09-29T18:30:41.043+0200: 53.436: [ParNew: 583525K->61149K(613440K), 0.0205993 secs] 601733K->79358K(2029056K), 0.0206752 secs] [Times: user=0.13 sys=0.00, real=0.02 secs] 
2020-09-29T18:30:41.114+0200: 53.507: [GC (Allocation Failure) 2020-09-29T18:30:41.114+0200: 53.507: [ParNew: 606493K->41602K(613440K), 0.0141852 secs] 624702K->59810K(2029056K), 0.0142389 secs] [Times: user=0.00 sys=0.00, real=0.01 secs] 
2020-09-29T18:30:41.182+0200: 53.575: [GC (Allocation Failure) 2020-09-29T18:30:41.182+0200: 53.575: [ParNew: 586946K->40287K(613440K), 0.0191110 secs] 605154K->58495K(2029056K), 0.0191677 secs] [Times: user=0.13 sys=0.00, real=0.02 secs] 
2020-09-29T18:30:41.250+0200: 53.643: [GC (Allocation Failure) 2020-09-29T18:30:41.250+0200: 53.643: [ParNew: 585631K->61047K(613440K), 0.0235850 secs] 603839K->79255K(2029056K), 0.0236439 secs] [Times: user=0.25 sys=0.00, real=0.02 secs] 
2020-09-29T18:30:41.323+0200: 53.715: [GC (Allocation Failure) 2020-09-29T18:30:41.323+0200: 53.716: [ParNew: 606391K->62901K(613440K), 0.0226288 secs] 624599K->81109K(2029056K), 0.0230474 secs] [Times: user=0.13 sys=0.00, real=0.02 secs] 
2020-09-29T18:30:41.392+0200: 53.785: [GC (Allocation Failure) 2020-09-29T18:30:41.392+0200: 53.785: [ParNew: 608245K->44642K(613440K), 0.0168382 secs] 626453K->62850K(2029056K), 0.0169205 secs] [Times: user=0.13 sys=0.00, real=0.02 secs] 
2020-09-29T18:30:41.460+0200: 53.853: [GC (Allocation Failure) 2020-09-29T18:30:41.460+0200: 53.853: [ParNew: 589986K->36209K(613440K), 0.0166736 secs] 608194K->54417K(2029056K), 0.0167489 secs] [Times: user=0.11 sys=0.00, real=0.02 secs] 
2020-09-29T18:30:41.527+0200: 53.920: [GC (Allocation Failure) 2020-09-29T18:30:41.527+0200: 53.920: [ParNew: 581553K->55459K(613440K), 0.0191107 secs] 599761K->73668K(2029056K), 0.0191689 secs] [Times: user=0.13 sys=0.00, real=0.02 secs] 
2020-09-29T18:30:41.598+0200: 53.991: [GC (Allocation Failure) 2020-09-29T18:30:41.598+0200: 53.991: [ParNew: 600803K->42428K(613440K), 0.0130483 secs] 619012K->60636K(2029056K), 0.0131042 secs] [Times: user=0.00 sys=0.00, real=0.01 secs] 
2020-09-29T18:30:41.662+0200: 54.055: [GC (Allocation Failure) 2020-09-29T18:30:41.662+0200: 54.055: [ParNew: 587772K->37430K(613440K), 0.0175410 secs] 605980K->55638K(2029056K), 0.0176067 secs] [Times: user=0.13 sys=0.00, real=0.02 secs] 
2020-09-29T18:30:41.727+0200: 54.120: [GC (Allocation Failure) 2020-09-29T18:30:41.727+0200: 54.120: [ParNew: 582774K->39014K(613440K), 0.0162762 secs] 600982K->57222K(2029056K), 0.0163308 secs] [Times: user=0.13 sys=0.00, real=0.02 secs] 
2020-09-29T18:30:41.793+0200: 54.186: [GC (Allocation Failure) 2020-09-29T18:30:41.793+0200: 54.186: [ParNew: 584358K->39297K(613440K), 0.0169622 secs] 602566K->57505K(2029056K), 0.0170287 secs] [Times: user=0.13 sys=0.00, real=0.02 secs] 
2020-09-29T18:30:41.858+0200: 54.251: [GC (Allocation Failure) 2020-09-29T18:30:41.858+0200: 54.251: [ParNew: 584641K->34068K(613440K), 0.0160112 secs] 602849K->52276K(2029056K), 0.0160723 secs] [Times: user=0.13 sys=0.00, real=0.02 secs] 
2020-09-29T18:30:41.922+0200: 54.315: [GC (Allocation Failure) 2020-09-29T18:30:41.922+0200: 54.315: [ParNew: 579412K->62692K(613440K), 0.0253354 secs] 597620K->80900K(2029056K), 0.0253940 secs] [Times: user=0.25 sys=0.00, real=0.03 secs] 
2020-09-29T18:30:41.994+0200: 54.387: [GC (Allocation Failure) 2020-09-29T18:30:41.994+0200: 54.387: [ParNew: 608036K->45581K(613440K), 0.0146113 secs] 626244K->63789K(2029056K), 0.0146733 secs] [Times: user=0.11 sys=0.00, real=0.02 secs] 
2020-09-29T18:30:42.056+0200: 54.449: [GC (Allocation Failure) 2020-09-29T18:30:42.056+0200: 54.449: [ParNew: 590925K->46851K(613440K), 0.0176153 secs] 609133K->65060K(2029056K), 0.0176708 secs] [Times: user=0.13 sys=0.00, real=0.02 secs] 
2020-09-29T18:30:42.123+0200: 54.515: [GC (Allocation Failure) 2020-09-29T18:30:42.123+0200: 54.515: [ParNew: 592195K->39053K(613440K), 0.0166662 secs] 610404K->57261K(2029056K), 0.0167377 secs] [Times: user=0.13 sys=0.00, real=0.02 secs] 
2020-09-29T18:30:42.194+0200: 54.586: [GC (Allocation Failure) 2020-09-29T18:30:42.194+0200: 54.586: [ParNew: 584397K->36971K(613440K), 0.0170294 secs] 602605K->55179K(2029056K), 0.0170973 secs] [Times: user=0.11 sys=0.00, real=0.02 secs] 
2020-09-29T18:30:42.262+0200: 54.655: [GC (Allocation Failure) 2020-09-29T18:30:42.262+0200: 54.655: [ParNew: 582315K->62676K(613440K), 0.0206456 secs] 600523K->80884K(2029056K), 0.0206992 secs] [Times: user=0.13 sys=0.00, real=0.02 secs] 
2020-09-29T18:30:42.330+0200: 54.723: [GC (Allocation Failure) 2020-09-29T18:30:42.330+0200: 54.723: [ParNew: 608020K->66231K(613440K), 0.0207619 secs] 626228K->84439K(2029056K), 0.0208233 secs] [Times: user=0.25 sys=0.00, real=0.02 secs] 
2020-09-29T18:30:42.398+0200: 54.790: [GC (Allocation Failure) 2020-09-29T18:30:42.398+0200: 54.790: [ParNew: 611575K->22734K(613440K), 0.0074497 secs] 629783K->40943K(2029056K), 0.0075223 secs] [Times: user=0.00 sys=0.00, real=0.01 secs] 
2020-09-29T18:30:42.465+0200: 54.858: [GC (Allocation Failure) 2020-09-29T18:30:42.465+0200: 54.858: [ParNew: 568078K->33581K(613440K), 0.0172680 secs] 586287K->51789K(2029056K), 0.0173283 secs] [Times: user=0.13 sys=0.00, real=0.02 secs] 
2020-09-29T18:30:42.531+0200: 54.924: [GC (Allocation Failure) 2020-09-29T18:30:42.531+0200: 54.924: [ParNew: 578925K->46701K(613440K), 0.0172672 secs] 597133K->64909K(2029056K), 0.0173497 secs] [Times: user=0.13 sys=0.00, real=0.02 secs] 
2020-09-29T18:30:42.597+0200: 54.990: [GC (Allocation Failure) 2020-09-29T18:30:42.597+0200: 54.990: [ParNew: 592045K->59281K(613440K), 0.0199369 secs] 610253K->77490K(2029056K), 0.0199982 secs] [Times: user=0.23 sys=0.00, real=0.02 secs] 
2020-09-29T18:30:42.669+0200: 55.062: [GC (Allocation Failure) 2020-09-29T18:30:42.669+0200: 55.062: [ParNew: 604625K->44118K(613440K), 0.0190308 secs] 622834K->62326K(2029056K), 0.0267907 secs] [Times: user=0.13 sys=0.00, real=0.03 secs] 
2020-09-29T18:30:42.751+0200: 55.144: [GC (Allocation Failure) 2020-09-29T18:30:42.751+0200: 55.144: [ParNew: 589462K->68096K(613440K), 0.0236920 secs] 607670K->86923K(2029056K), 0.0237627 secs] [Times: user=0.25 sys=0.00, real=0.02 secs] 
2020-09-29T18:30:42.822+0200: 55.215: [GC (Allocation Failure) 2020-09-29T18:30:42.822+0200: 55.215: [ParNew: 613440K->43986K(613440K), 0.0118408 secs] 632267K->62813K(2029056K), 0.0119386 secs] [Times: user=0.13 sys=0.00, real=0.01 secs] 
2020-09-29T18:30:42.881+0200: 55.274: [GC (Allocation Failure) 2020-09-29T18:30:42.881+0200: 55.274: [ParNew: 589330K->40505K(613440K), 0.0167355 secs] 608157K->59332K(2029056K), 0.0167913 secs] [Times: user=0.13 sys=0.00, real=0.02 secs] 
2020-09-29T18:30:42.948+0200: 55.341: [GC (Allocation Failure) 2020-09-29T18:30:42.948+0200: 55.341: [ParNew: 585849K->31989K(613440K), 0.0155288 secs] 604676K->50816K(2029056K), 0.0155865 secs] [Times: user=0.13 sys=0.00, real=0.02 secs] 
2020-09-29T18:30:43.012+0200: 55.404: [GC (Allocation Failure) 2020-09-29T18:30:43.012+0200: 55.405: [ParNew: 577333K->32377K(613440K), 0.0142061 secs] 596160K->51204K(2029056K), 0.0143152 secs] [Times: user=0.13 sys=0.00, real=0.01 secs] 
2020-09-29T18:30:43.074+0200: 55.467: [GC (Allocation Failure) 2020-09-29T18:30:43.074+0200: 55.467: [ParNew: 577721K->29338K(613440K), 0.0139466 secs] 596548K->48165K(2029056K), 0.0140039 secs] [Times: user=0.13 sys=0.00, real=0.01 secs] 
2020-09-29T18:30:43.137+0200: 55.530: [GC (Allocation Failure) 2020-09-29T18:30:43.137+0200: 55.530: [ParNew: 574682K->53333K(613440K), 0.0172422 secs] 593509K->72160K(2029056K), 0.0173208 secs] [Times: user=0.13 sys=0.00, real=0.02 secs] 
2020-09-29T18:30:43.203+0200: 55.596: [GC (Allocation Failure) 2020-09-29T18:30:43.203+0200: 55.596: [ParNew: 598677K->34217K(613440K), 0.0123190 secs] 617504K->53045K(2029056K), 0.0123749 secs] [Times: user=0.13 sys=0.00, real=0.01 secs] 
2020-09-29T18:30:43.268+0200: 55.661: [GC (Allocation Failure) 2020-09-29T18:30:43.268+0200: 55.661: [ParNew: 579561K->48512K(613440K), 0.0224534 secs] 598389K->67339K(2029056K), 0.0225364 secs] [Times: user=0.23 sys=0.00, real=0.02 secs] 
2020-09-29T18:30:43.340+0200: 55.733: [GC (Allocation Failure) 2020-09-29T18:30:43.340+0200: 55.733: [ParNew: 593856K->65464K(613440K), 0.0243805 secs] 612683K->84291K(2029056K), 0.0244562 secs] [Times: user=0.23 sys=0.00, real=0.03 secs] 
2020-09-29T18:30:43.416+0200: 55.809: [GC (Allocation Failure) 2020-09-29T18:30:43.416+0200: 55.809: [ParNew: 610808K->41078K(613440K), 0.0175635 secs] 629635K->59906K(2029056K), 0.0176312 secs] [Times: user=0.11 sys=0.00, real=0.02 secs] 
2020-09-29T18:30:43.491+0200: 55.884: [GC (Allocation Failure) 2020-09-29T18:30:43.491+0200: 55.884: [ParNew: 586422K->43569K(613440K), 0.0203359 secs] 605250K->62397K(2029056K), 0.0204064 secs] [Times: user=0.13 sys=0.00, real=0.02 secs] 
2020-09-29T18:30:43.560+0200: 55.953: [GC (Allocation Failure) 2020-09-29T18:30:43.560+0200: 55.953: [ParNew: 588913K->55181K(613440K), 0.0186517 secs] 607741K->74008K(2029056K), 0.0187271 secs] [Times: user=0.13 sys=0.00, real=0.02 secs] 
2020-09-29T18:30:43.628+0200: 56.021: [GC (Allocation Failure) 2020-09-29T18:30:43.628+0200: 56.021: [ParNew: 600525K->37629K(613440K), 0.0163996 secs] 619352K->56457K(2029056K), 0.0164673 secs] [Times: user=0.25 sys=0.00, real=0.02 secs] 
2020-09-29T18:30:43.698+0200: 56.091: [GC (Allocation Failure) 2020-09-29T18:30:43.698+0200: 56.091: [ParNew: 582973K->29565K(613440K), 0.0079569 secs] 601801K->48392K(2029056K), 0.0080152 secs] [Times: user=0.00 sys=0.00, real=0.01 secs] 
2020-09-29T18:30:43.754+0200: 56.147: [GC (Allocation Failure) 2020-09-29T18:30:43.754+0200: 56.147: [ParNew: 574909K->42602K(613440K), 0.0190546 secs] 593736K->61429K(2029056K), 0.0191120 secs] [Times: user=0.13 sys=0.00, real=0.02 secs] 
2020-09-29T18:30:43.821+0200: 56.214: [GC (Allocation Failure) 2020-09-29T18:30:43.821+0200: 56.214: [ParNew: 587946K->55918K(613440K), 0.0180388 secs] 606773K->74745K(2029056K), 0.0180946 secs] [Times: user=0.13 sys=0.00, real=0.02 secs] 
2020-09-29T18:30:43.889+0200: 56.282: [GC (Allocation Failure) 2020-09-29T18:30:43.889+0200: 56.282: [ParNew: 601262K->40646K(613440K), 0.0178219 secs] 620089K->59473K(2029056K), 0.0178974 secs] [Times: user=0.13 sys=0.00, real=0.02 secs] 
2020-09-29T18:30:43.955+0200: 56.348: [GC (Allocation Failure) 2020-09-29T18:30:43.955+0200: 56.348: [ParNew: 585990K->35168K(613440K), 0.0155289 secs] 604817K->53995K(2029056K), 0.0156036 secs] [Times: user=0.13 sys=0.00, real=0.02 secs] 
2020-09-29T18:30:44.019+0200: 56.412: [GC (Allocation Failure) 2020-09-29T18:30:44.019+0200: 56.412: [ParNew: 580512K->58095K(613440K), 0.0199841 secs] 599339K->76922K(2029056K), 0.0200424 secs] [Times: user=0.22 sys=0.00, real=0.02 secs] 
2020-09-29T18:30:44.088+0200: 56.481: [GC (Allocation Failure) 2020-09-29T18:30:44.088+0200: 56.481: [ParNew: 603439K->46574K(613440K), 0.0199195 secs] 622266K->65402K(2029056K), 0.0199834 secs] [Times: user=0.13 sys=0.00, real=0.02 secs] 
2020-09-29T18:30:44.156+0200: 56.549: [GC (Allocation Failure) 2020-09-29T18:30:44.156+0200: 56.549: [ParNew: 591918K->47313K(613440K), 0.0194014 secs] 610746K->66140K(2029056K), 0.0194718 secs] [Times: user=0.13 sys=0.00, real=0.02 secs] 
2020-09-29T18:30:44.227+0200: 56.620: [GC (Allocation Failure) 2020-09-29T18:30:44.227+0200: 56.620: [ParNew: 592657K->38940K(613440K), 0.0127570 secs] 611484K->57767K(2029056K), 0.0128110 secs] [Times: user=0.13 sys=0.00, real=0.01 secs] 
2020-09-29T18:30:44.292+0200: 56.685: [GC (Allocation Failure) 2020-09-29T18:30:44.292+0200: 56.685: [ParNew: 584284K->40637K(613440K), 0.0176969 secs] 603111K->59464K(2029056K), 0.0177589 secs] [Times: user=0.13 sys=0.00, real=0.02 secs] 
2020-09-29T18:30:44.363+0200: 56.756: [GC (Allocation Failure) 2020-09-29T18:30:44.363+0200: 56.756: [ParNew: 585981K->54558K(613440K), 0.0170567 secs] 604808K->73386K(2029056K), 0.0171112 secs] [Times: user=0.25 sys=0.00, real=0.02 secs] 
2020-09-29T18:30:44.431+0200: 56.825: [GC (Allocation Failure) 2020-09-29T18:30:44.431+0200: 56.825: [ParNew: 599902K->57940K(613440K), 0.0242567 secs] 618730K->76767K(2029056K), 0.0243440 secs] [Times: user=0.13 sys=0.00, real=0.03 secs] 
2020-09-29T18:30:44.508+0200: 56.901: [GC (Allocation Failure) 2020-09-29T18:30:44.508+0200: 56.901: [ParNew: 603284K->56074K(613440K), 0.0206939 secs] 622111K->74901K(2029056K), 0.0207520 secs] [Times: user=0.13 sys=0.00, real=0.02 secs] 
2020-09-29T18:30:44.577+0200: 56.970: [GC (Allocation Failure) 2020-09-29T18:30:44.577+0200: 56.970: [ParNew: 601418K->66813K(613440K), 0.0241056 secs] 620245K->85641K(2029056K), 0.0242038 secs] [Times: user=0.22 sys=0.00, real=0.03 secs] 
2020-09-29T18:30:44.653+0200: 57.046: [GC (Allocation Failure) 2020-09-29T18:30:44.653+0200: 57.046: [ParNew: 612157K->53698K(613440K), 0.0202590 secs] 630985K->72525K(2029056K), 0.0203236 secs] [Times: user=0.13 sys=0.00, real=0.02 secs] 
2020-09-29T18:30:44.722+0200: 57.115: [GC (Allocation Failure) 2020-09-29T18:30:44.722+0200: 57.115: [ParNew: 599042K->44382K(613440K), 0.0187470 secs] 617869K->63210K(2029056K), 0.0188028 secs] [Times: user=0.25 sys=0.00, real=0.02 secs] 
2020-09-29T18:30:44.788+0200: 57.181: [GC (Allocation Failure) 2020-09-29T18:30:44.788+0200: 57.181: [ParNew: 589726K->37818K(613440K), 0.0186720 secs] 608554K->56646K(2029056K), 0.0187401 secs] [Times: user=0.13 sys=0.00, real=0.02 secs] 
2020-09-29T18:30:44.855+0200: 57.248: [GC (Allocation Failure) 2020-09-29T18:30:44.855+0200: 57.248: [ParNew: 583162K->40712K(613440K), 0.0167100 secs] 601990K->59539K(2029056K), 0.0167874 secs] [Times: user=0.13 sys=0.00, real=0.02 secs] 
2020-09-29T18:30:44.920+0200: 57.313: [GC (Allocation Failure) 2020-09-29T18:30:44.920+0200: 57.313: [ParNew: 586056K->63061K(613440K), 0.0215318 secs] 604883K->81888K(2029056K), 0.0216068 secs] [Times: user=0.13 sys=0.00, real=0.02 secs] 
2020-09-29T18:30:44.989+0200: 57.382: [GC (Allocation Failure) 2020-09-29T18:30:44.989+0200: 57.382: [ParNew: 608405K->46755K(613440K), 0.0201442 secs] 627232K->65583K(2029056K), 0.0202143 secs] [Times: user=0.13 sys=0.00, real=0.02 secs] 
2020-09-29T18:30:45.057+0200: 57.450: [GC (Allocation Failure) 2020-09-29T18:30:45.057+0200: 57.450: [ParNew: 592099K->48650K(613440K), 0.0194411 secs] 610927K->67477K(2029056K), 0.0195141 secs] [Times: user=0.13 sys=0.00, real=0.02 secs] 
2020-09-29T18:30:45.130+0200: 57.523: [GC (Allocation Failure) 2020-09-29T18:30:45.130+0200: 57.523: [ParNew: 593994K->42488K(613440K), 0.0118547 secs] 612821K->61315K(2029056K), 0.0119246 secs] [Times: user=0.00 sys=0.00, real=0.01 secs] 
2020-09-29T18:30:45.193+0200: 57.586: [GC (Allocation Failure) 2020-09-29T18:30:45.193+0200: 57.587: [ParNew: 587832K->47053K(613440K), 0.0193263 secs] 606659K->65880K(2029056K), 0.0193868 secs] [Times: user=0.13 sys=0.00, real=0.02 secs] 
2020-09-29T18:30:45.260+0200: 57.653: [GC (Allocation Failure) 2020-09-29T18:30:45.260+0200: 57.653: [ParNew: 592397K->30976K(613440K), 0.0104124 secs] 611224K->49804K(2029056K), 0.0104676 secs] [Times: user=0.13 sys=0.00, real=0.01 secs] 
2020-09-29T18:30:45.317+0200: 57.710: [GC (Allocation Failure) 2020-09-29T18:30:45.317+0200: 57.710: [ParNew: 576320K->40442K(613440K), 0.0190270 secs] 595148K->59269K(2029056K), 0.0190894 secs] [Times: user=0.13 sys=0.00, real=0.02 secs] 
2020-09-29T18:30:45.384+0200: 57.777: [GC (Allocation Failure) 2020-09-29T18:30:45.384+0200: 57.778: [ParNew: 585786K->38046K(613440K), 0.0176860 secs] 604613K->56873K(2029056K), 0.0177519 secs] [Times: user=0.13 sys=0.00, real=0.02 secs] 
2020-09-29T18:30:45.452+0200: 57.845: [GC (Allocation Failure) 2020-09-29T18:30:45.452+0200: 57.845: [ParNew: 583390K->40985K(613440K), 0.0166457 secs] 602217K->59813K(2029056K), 0.0167098 secs] [Times: user=0.13 sys=0.00, real=0.02 secs] 
2020-09-29T18:30:45.519+0200: 57.913: [GC (Allocation Failure) 2020-09-29T18:30:45.519+0200: 57.913: [ParNew: 586329K->62529K(613440K), 0.0213787 secs] 605157K->81357K(2029056K), 0.0214474 secs] [Times: user=0.14 sys=0.00, real=0.02 secs] 
2020-09-29T18:30:45.591+0200: 57.984: [GC (Allocation Failure) 2020-09-29T18:30:45.591+0200: 57.984: [ParNew: 607873K->46971K(613440K), 0.0203298 secs] 626701K->65798K(2029056K), 0.0204005 secs] [Times: user=0.13 sys=0.00, real=0.02 secs] 
2020-09-29T18:30:45.663+0200: 58.056: [GC (Allocation Failure) 2020-09-29T18:30:45.663+0200: 58.056: [ParNew: 592315K->47768K(613440K), 0.0201595 secs] 611142K->66596K(2029056K), 0.0202193 secs] [Times: user=0.13 sys=0.00, real=0.02 secs] 
2020-09-29T18:30:45.734+0200: 58.127: [GC (Allocation Failure) 2020-09-29T18:30:45.734+0200: 58.127: [ParNew: 593112K->45117K(613440K), 0.0138552 secs] 611940K->63944K(2029056K), 0.0139232 secs] [Times: user=0.13 sys=0.00, real=0.01 secs] 
2020-09-29T18:30:45.797+0200: 58.190: [GC (Allocation Failure) 2020-09-29T18:30:45.797+0200: 58.190: [ParNew: 590461K->42093K(613440K), 0.0189496 secs] 609288K->60921K(2029056K), 0.0190051 secs] [Times: user=0.13 sys=0.00, real=0.02 secs] 
2020-09-29T18:30:45.863+0200: 58.256: [GC (Allocation Failure) 2020-09-29T18:30:45.863+0200: 58.256: [ParNew: 587437K->63911K(613440K), 0.0225348 secs] 606265K->82738K(2029056K), 0.0225937 secs] [Times: user=0.25 sys=0.00, real=0.02 secs] 
2020-09-29T18:30:45.934+0200: 58.327: [GC (Allocation Failure) 2020-09-29T18:30:45.934+0200: 58.327: [ParNew: 609255K->51160K(613440K), 0.0221869 secs] 628082K->69987K(2029056K), 0.0222432 secs] [Times: user=0.13 sys=0.00, real=0.02 secs] 
2020-09-29T18:30:46.004+0200: 58.397: [GC (Allocation Failure) 2020-09-29T18:30:46.004+0200: 58.397: [ParNew: 596504K->51771K(613440K), 0.0217292 secs] 615331K->70599K(2029056K), 0.0218181 secs] [Times: user=0.13 sys=0.00, real=0.02 secs] 
2020-09-29T18:30:46.073+0200: 58.466: [GC (Allocation Failure) 2020-09-29T18:30:46.073+0200: 58.466: [ParNew: 597115K->45870K(613440K), 0.0142617 secs] 615943K->64697K(2029056K), 0.0143171 secs] [Times: user=0.13 sys=0.00, real=0.01 secs] 
2020-09-29T18:30:46.148+0200: 58.542: [GC (Allocation Failure) 2020-09-29T18:30:46.148+0200: 58.542: [ParNew: 591214K->42662K(613440K), 0.0205822 secs] 610041K->61489K(2029056K), 0.0206567 secs] [Times: user=0.13 sys=0.00, real=0.02 secs] 
2020-09-29T18:30:46.216+0200: 58.609: [GC (Allocation Failure) 2020-09-29T18:30:46.216+0200: 58.609: [ParNew: 588006K->68096K(613440K), 0.0240732 secs] 606833K->87204K(2029056K), 0.0241261 secs] [Times: user=0.25 sys=0.00, real=0.02 secs] 
2020-09-29T18:30:46.286+0200: 58.680: [GC (Allocation Failure) 2020-09-29T18:30:46.286+0200: 58.680: [ParNew: 613440K->68096K(613440K), 0.0233146 secs] 632548K->87204K(2029056K), 0.0233703 secs] [Times: user=0.13 sys=0.00, real=0.02 secs] 
2020-09-29T18:30:46.357+0200: 58.750: [GC (Allocation Failure) 2020-09-29T18:30:46.357+0200: 58.750: [ParNew: 613440K->48060K(613440K), 0.0181459 secs] 632548K->67168K(2029056K), 0.0181982 secs] [Times: user=0.13 sys=0.00, real=0.02 secs] 
2020-09-29T18:30:46.423+0200: 58.817: [GC (Allocation Failure) 2020-09-29T18:30:46.424+0200: 58.817: [ParNew: 593404K->45297K(613440K), 0.0187298 secs] 612512K->64405K(2029056K), 0.0188058 secs] [Times: user=0.23 sys=0.00, real=0.02 secs] 
2020-09-29T18:30:46.502+0200: 58.895: [GC (Allocation Failure) 2020-09-29T18:30:46.502+0200: 58.895: [ParNew: 590641K->58905K(613440K), 0.0214380 secs] 609749K->78013K(2029056K), 0.0215097 secs] [Times: user=0.25 sys=0.00, real=0.02 secs] 
2020-09-29T18:30:46.571+0200: 58.964: [GC (Allocation Failure) 2020-09-29T18:30:46.571+0200: 58.964: [ParNew: 604249K->57631K(613440K), 0.0209309 secs] 623357K->76739K(2029056K), 0.0210449 secs] [Times: user=0.11 sys=0.00, real=0.02 secs] 
2020-09-29T18:30:46.643+0200: 59.036: [GC (Allocation Failure) 2020-09-29T18:30:46.643+0200: 59.036: [ParNew: 602975K->47293K(613440K), 0.0188105 secs] 622083K->66402K(2029056K), 0.0188882 secs] [Times: user=0.23 sys=0.00, real=0.02 secs] 
2020-09-29T18:30:46.713+0200: 59.106: [GC (Allocation Failure) 2020-09-29T18:30:46.713+0200: 59.106: [ParNew: 592637K->38480K(613440K), 0.0120214 secs] 611746K->57588K(2029056K), 0.0120762 secs] [Times: user=0.13 sys=0.00, real=0.01 secs] 
2020-09-29T18:30:46.778+0200: 59.171: [GC (Allocation Failure) 2020-09-29T18:30:46.778+0200: 59.171: [ParNew: 583824K->39852K(613440K), 0.0182111 secs] 602932K->58960K(2029056K), 0.0182670 secs] [Times: user=0.13 sys=0.00, real=0.02 secs] 
2020-09-29T18:30:46.844+0200: 59.237: [GC (Allocation Failure) 2020-09-29T18:30:46.844+0200: 59.237: [ParNew: 585196K->33541K(613440K), 0.0111979 secs] 604304K->52649K(2029056K), 0.0112533 secs] [Times: user=0.13 sys=0.00, real=0.01 secs] 
2020-09-29T18:30:46.907+0200: 59.301: [GC (Allocation Failure) 2020-09-29T18:30:46.907+0200: 59.301: [ParNew: 578885K->39544K(613440K), 0.0165741 secs] 597993K->58652K(2029056K), 0.0166286 secs] [Times: user=0.13 sys=0.00, real=0.02 secs] 
2020-09-29T18:30:46.971+0200: 59.364: [GC (Allocation Failure) 2020-09-29T18:30:46.971+0200: 59.364: [ParNew: 584888K->43132K(613440K), 0.0170350 secs] 603996K->62241K(2029056K), 0.0171085 secs] [Times: user=0.13 sys=0.00, real=0.02 secs] 
2020-09-29T18:30:47.036+0200: 59.429: [GC (Allocation Failure) 2020-09-29T18:30:47.036+0200: 59.429: [ParNew: 588476K->31543K(613440K), 0.0152504 secs] 607585K->50651K(2029056K), 0.0153303 secs] [Times: user=0.13 sys=0.00, real=0.02 secs] 
2020-09-29T18:30:47.107+0200: 59.500: [GC (Allocation Failure) 2020-09-29T18:30:47.107+0200: 59.500: [ParNew: 576887K->60063K(613440K), 0.0245841 secs] 595995K->79172K(2029056K), 0.0246422 secs] [Times: user=0.25 sys=0.00, real=0.02 secs] 
2020-09-29T18:30:47.179+0200: 59.572: [GC (Allocation Failure) 2020-09-29T18:30:47.179+0200: 59.572: [ParNew: 605407K->41616K(613440K), 0.0131847 secs] 624516K->60725K(2029056K), 0.0132440 secs] [Times: user=0.13 sys=0.00, real=0.01 secs] 
2020-09-29T18:30:47.241+0200: 59.634: [GC (Allocation Failure) 2020-09-29T18:30:47.241+0200: 59.634: [ParNew: 586960K->62040K(613440K), 0.0270184 secs] 606069K->81149K(2029056K), 0.0270841 secs] [Times: user=0.13 sys=0.00, real=0.03 secs] 
2020-09-29T18:30:47.315+0200: 59.708: [GC (Allocation Failure) 2020-09-29T18:30:47.315+0200: 59.708: [ParNew: 607384K->55483K(613440K), 0.0275854 secs] 626493K->74591K(2029056K), 0.0276654 secs] [Times: user=0.25 sys=0.00, real=0.03 secs] 
2020-09-29T18:30:47.392+0200: 59.785: [GC (Allocation Failure) 2020-09-29T18:30:47.392+0200: 59.785: [ParNew: 600827K->51093K(613440K), 0.0266711 secs] 619935K->70202K(2029056K), 0.0267584 secs] [Times: user=0.25 sys=0.00, real=0.03 secs] 
2020-09-29T18:30:47.473+0200: 59.866: [GC (Allocation Failure) 2020-09-29T18:30:47.473+0200: 59.866: [ParNew: 596437K->49406K(613440K), 0.0271600 secs] 615546K->68514K(2029056K), 0.0272380 secs] [Times: user=0.13 sys=0.00, real=0.03 secs] 
2020-09-29T18:30:47.547+0200: 59.941: [GC (Allocation Failure) 2020-09-29T18:30:47.547+0200: 59.941: [ParNew: 594750K->45695K(613440K), 0.0244628 secs] 613858K->64803K(2029056K), 0.0245363 secs] [Times: user=0.25 sys=0.00, real=0.03 secs] 
2020-09-29T18:30:47.623+0200: 60.017: [GC (Allocation Failure) 2020-09-29T18:30:47.624+0200: 60.017: [ParNew: 591039K->42870K(613440K), 0.0246086 secs] 610147K->61979K(2029056K), 0.0246971 secs] [Times: user=0.23 sys=0.00, real=0.03 secs] 
2020-09-29T18:30:47.699+0200: 60.092: [GC (Allocation Failure) 2020-09-29T18:30:47.699+0200: 60.092: [ParNew: 588214K->42595K(613440K), 0.0239939 secs] 607323K->61703K(2029056K), 0.0240750 secs] [Times: user=0.23 sys=0.00, real=0.02 secs] 
2020-09-29T18:30:47.772+0200: 60.165: [GC (Allocation Failure) 2020-09-29T18:30:47.772+0200: 60.165: [ParNew: 587939K->32513K(613440K), 0.0127624 secs] 607047K->51621K(2029056K), 0.0128281 secs] [Times: user=0.00 sys=0.00, real=0.01 secs] 
2020-09-29T18:30:47.841+0200: 60.234: [GC (Allocation Failure) 2020-09-29T18:30:47.841+0200: 60.234: [ParNew: 577857K->48400K(613440K), 0.0256582 secs] 596965K->67508K(2029056K), 0.0257401 secs] [Times: user=0.20 sys=0.02, real=0.03 secs] 
2020-09-29T18:30:47.921+0200: 60.314: [GC (Allocation Failure) 2020-09-29T18:30:47.921+0200: 60.314: [ParNew: 593744K->60240K(613440K), 0.0260113 secs] 612852K->79348K(2029056K), 0.0260941 secs] [Times: user=0.25 sys=0.00, real=0.03 secs] 
2020-09-29T18:30:47.997+0200: 60.390: [GC (Allocation Failure) 2020-09-29T18:30:47.997+0200: 60.390: [ParNew: 605584K->46463K(613440K), 0.0230482 secs] 624692K->65571K(2029056K), 0.0231396 secs] [Times: user=0.25 sys=0.00, real=0.02 secs] 
2020-09-29T18:30:48.075+0200: 60.468: [GC (Allocation Failure) 2020-09-29T18:30:48.075+0200: 60.468: [ParNew: 591807K->44722K(613440K), 0.0239330 secs] 610915K->63830K(2029056K), 0.0240052 secs] [Times: user=0.25 sys=0.00, real=0.02 secs] 
2020-09-29T18:30:48.151+0200: 60.544: [GC (Allocation Failure) 2020-09-29T18:30:48.151+0200: 60.544: [ParNew: 590066K->68096K(613440K), 0.0292201 secs] 609174K->87657K(2029056K), 0.0292872 secs] [Times: user=0.25 sys=0.00, real=0.03 secs] 
2020-09-29T18:30:48.231+0200: 60.624: [GC (Allocation Failure) 2020-09-29T18:30:48.231+0200: 60.624: [ParNew: 613440K->68096K(613440K), 0.0276994 secs] 633001K->87665K(2029056K), 0.0277644 secs] [Times: user=0.25 sys=0.00, real=0.03 secs] 
2020-09-29T18:30:48.310+0200: 60.703: [GC (Allocation Failure) 2020-09-29T18:30:48.310+0200: 60.703: [ParNew: 613440K->51583K(613440K), 0.0283999 secs] 633009K->71152K(2029056K), 0.0284785 secs] [Times: user=0.25 sys=0.00, real=0.03 secs] 
2020-09-29T18:30:48.388+0200: 60.780: [GC (Allocation Failure) 2020-09-29T18:30:48.388+0200: 60.780: [ParNew: 596927K->40109K(613440K), 0.0118689 secs] 616496K->59678K(2029056K), 0.0119359 secs] [Times: user=0.13 sys=0.00, real=0.01 secs] 
2020-09-29T18:30:48.461+0200: 60.854: [GC (Allocation Failure) 2020-09-29T18:30:48.461+0200: 60.854: [ParNew: 585453K->34024K(613440K), 0.0159179 secs] 605022K->53593K(2029056K), 0.0160130 secs] [Times: user=0.13 sys=0.00, real=0.02 secs] 
2020-09-29T18:30:48.535+0200: 60.927: [GC (Allocation Failure) 2020-09-29T18:30:48.535+0200: 60.927: [ParNew: 579368K->41100K(613440K), 0.0228716 secs] 598937K->60669K(2029056K), 0.0229580 secs] [Times: user=0.25 sys=0.00, real=0.02 secs] 
2020-09-29T18:30:48.612+0200: 61.004: [GC (Allocation Failure) 2020-09-29T18:30:48.612+0200: 61.004: [ParNew: 586444K->49020K(613440K), 0.0224314 secs] 606013K->68590K(2029056K), 0.0225198 secs] [Times: user=0.24 sys=0.00, real=0.02 secs] 
2020-09-29T18:30:48.685+0200: 61.077: [GC (Allocation Failure) 2020-09-29T18:30:48.685+0200: 61.077: [ParNew: 594364K->62670K(613440K), 0.0274360 secs] 613934K->82239K(2029056K), 0.0275040 secs] [Times: user=0.25 sys=0.00, real=0.03 secs] 
2020-09-29T18:30:48.766+0200: 61.158: [GC (Allocation Failure) 2020-09-29T18:30:48.766+0200: 61.158: [ParNew: 608014K->47233K(613440K), 0.0191999 secs] 627583K->66802K(2029056K), 0.0192886 secs] [Times: user=0.13 sys=0.00, real=0.02 secs] 
2020-09-29T18:30:48.841+0200: 61.233: [GC (Allocation Failure) 2020-09-29T18:30:48.841+0200: 61.233: [ParNew: 592577K->46571K(613440K), 0.0248796 secs] 612146K->66140K(2029056K), 0.0249440 secs] [Times: user=0.25 sys=0.00, real=0.02 secs] 
2020-09-29T18:30:48.920+0200: 61.312: [GC (Allocation Failure) 2020-09-29T18:30:48.920+0200: 61.312: [ParNew: 591915K->42642K(613440K), 0.0164468 secs] 611484K->62211K(2029056K), 0.0165093 secs] [Times: user=0.13 sys=0.00, real=0.02 secs] 
2020-09-29T18:30:48.991+0200: 61.384: [GC (Allocation Failure) 2020-09-29T18:30:48.991+0200: 61.384: [ParNew: 587986K->54788K(613440K), 0.0294871 secs] 607555K->74357K(2029056K), 0.0295597 secs] [Times: user=0.25 sys=0.00, real=0.03 secs] 
2020-09-29T18:30:49.069+0200: 61.461: [GC (Allocation Failure) 2020-09-29T18:30:49.069+0200: 61.461: [ParNew: 600132K->68096K(613440K), 0.0292052 secs] 619701K->87992K(2029056K), 0.0292766 secs] [Times: user=0.13 sys=0.00, real=0.03 secs] 
2020-09-29T18:30:49.146+0200: 61.538: [GC (Allocation Failure) 2020-09-29T18:30:49.146+0200: 61.538: [ParNew: 613440K->41740K(613440K), 0.0119402 secs] 633336K->61636K(2029056K), 0.0120060 secs] [Times: user=0.00 sys=0.00, real=0.01 secs] 
2020-09-29T18:30:49.216+0200: 61.608: [GC (Allocation Failure) 2020-09-29T18:30:49.216+0200: 61.608: [ParNew: 587084K->33186K(613440K), 0.0171668 secs] 606980K->53082K(2029056K), 0.0172307 secs] [Times: user=0.13 sys=0.00, real=0.02 secs] 
2020-09-29T18:30:49.287+0200: 61.680: [GC (Allocation Failure) 2020-09-29T18:30:49.287+0200: 61.680: [ParNew: 578530K->40441K(613440K), 0.0244727 secs] 598426K->60337K(2029056K), 0.0245372 secs] [Times: user=0.13 sys=0.00, real=0.03 secs] 
2020-09-29T18:30:49.365+0200: 61.757: [GC (Allocation Failure) 2020-09-29T18:30:49.365+0200: 61.757: [ParNew: 585785K->38619K(613440K), 0.0243145 secs] 605681K->58516K(2029056K), 0.0244017 secs] [Times: user=0.13 sys=0.00, real=0.02 secs] 
2020-09-29T18:30:49.443+0200: 61.836: [GC (Allocation Failure) 2020-09-29T18:30:49.443+0200: 61.836: [ParNew: 583963K->42529K(613440K), 0.0220666 secs] 603860K->62425K(2029056K), 0.0221666 secs] [Times: user=0.13 sys=0.00, real=0.02 secs] 
2020-09-29T18:30:49.521+0200: 61.914: [GC (Allocation Failure) 2020-09-29T18:30:49.521+0200: 61.914: [ParNew: 587873K->41122K(613440K), 0.0197119 secs] 607769K->61018K(2029056K), 0.0198111 secs] [Times: user=0.13 sys=0.00, real=0.02 secs] 
2020-09-29T18:30:49.594+0200: 61.987: [GC (Allocation Failure) 2020-09-29T18:30:49.594+0200: 61.987: [ParNew: 586466K->39095K(613440K), 0.0183229 secs] 606362K->58991K(2029056K), 0.0183887 secs] [Times: user=0.13 sys=0.00, real=0.02 secs] 
2020-09-29T18:30:49.660+0200: 62.053: [GC (Allocation Failure) 2020-09-29T18:30:49.660+0200: 62.053: [ParNew: 584439K->54970K(613440K), 0.0262012 secs] 604335K->74866K(2029056K), 0.0262666 secs] [Times: user=0.17 sys=0.02, real=0.03 secs] 
2020-09-29T18:30:49.739+0200: 62.132: [GC (Allocation Failure) 2020-09-29T18:30:49.739+0200: 62.132: [ParNew: 600314K->43937K(613440K), 0.0167502 secs] 620210K->63833K(2029056K), 0.0168177 secs] [Times: user=0.13 sys=0.00, real=0.02 secs] 
2020-09-29T18:30:49.817+0200: 62.210: [GC (Allocation Failure) 2020-09-29T18:30:49.817+0200: 62.210: [ParNew: 589281K->33937K(613440K), 0.0166999 secs] 609177K->53833K(2029056K), 0.0167610 secs] [Times: user=0.13 sys=0.00, real=0.02 secs] 
2020-09-29T18:30:49.887+0200: 62.280: [GC (Allocation Failure) 2020-09-29T18:30:49.888+0200: 62.281: [ParNew: 579281K->56611K(613440K), 0.0296990 secs] 599177K->76507K(2029056K), 0.0297899 secs] [Times: user=0.25 sys=0.00, real=0.03 secs] 
2020-09-29T18:30:49.967+0200: 62.360: [GC (Allocation Failure) 2020-09-29T18:30:49.967+0200: 62.360: [ParNew: 601955K->39536K(613440K), 0.0133871 secs] 621851K->59432K(2029056K), 0.0134567 secs] [Times: user=0.13 sys=0.00, real=0.01 secs] 
2020-09-29T18:30:50.036+0200: 62.429: [GC (Allocation Failure) 2020-09-29T18:30:50.036+0200: 62.429: [ParNew: 584880K->50494K(613440K), 0.0278275 secs] 604776K->70390K(2029056K), 0.0279060 secs] [Times: user=0.13 sys=0.00, real=0.03 secs] 
2020-09-29T18:30:50.112+0200: 62.505: [GC (Allocation Failure) 2020-09-29T18:30:50.112+0200: 62.505: [ParNew: 595838K->63827K(613440K), 0.0263258 secs] 615734K->83723K(2029056K), 0.0263919 secs] [Times: user=0.25 sys=0.00, real=0.03 secs] 
2020-09-29T18:30:50.187+0200: 62.580: [GC (Allocation Failure) 2020-09-29T18:30:50.187+0200: 62.580: [ParNew: 609171K->45775K(613440K), 0.0247557 secs] 629067K->65671K(2029056K), 0.0248233 secs] [Times: user=0.25 sys=0.00, real=0.02 secs] 
2020-09-29T18:30:50.265+0200: 62.658: [GC (Allocation Failure) 2020-09-29T18:30:50.265+0200: 62.658: [ParNew: 591119K->46254K(613440K), 0.0239030 secs] 611015K->66151K(2029056K), 0.0239747 secs] [Times: user=0.25 sys=0.00, real=0.02 secs] 
2020-09-29T18:30:50.344+0200: 62.737: [GC (Allocation Failure) 2020-09-29T18:30:50.344+0200: 62.737: [ParNew: 591598K->68096K(613440K), 0.0296117 secs] 611495K->88474K(2029056K), 0.0296782 secs] [Times: user=0.25 sys=0.00, real=0.03 secs] 
2020-09-29T18:30:50.424+0200: 62.817: [GC (Allocation Failure) 2020-09-29T18:30:50.424+0200: 62.817: [ParNew: 613440K->50922K(613440K), 0.0223559 secs] 633818K->71300K(2029056K), 0.0224435 secs] [Times: user=0.23 sys=0.00, real=0.02 secs] 
2020-09-29T18:30:50.501+0200: 62.894: [GC (Allocation Failure) 2020-09-29T18:30:50.501+0200: 62.894: [ParNew: 596266K->23521K(613440K), 0.0144786 secs] 616644K->43899K(2029056K), 0.0145426 secs] [Times: user=0.13 sys=0.00, real=0.01 secs] 
2020-09-29T18:30:50.577+0200: 62.970: [GC (Allocation Failure) 2020-09-29T18:30:50.577+0200: 62.970: [ParNew: 568865K->36629K(613440K), 0.0191306 secs] 589243K->57007K(2029056K), 0.0192381 secs] [Times: user=0.11 sys=0.00, real=0.02 secs] 
2020-09-29T18:30:50.650+0200: 63.043: [GC (Allocation Failure) 2020-09-29T18:30:50.650+0200: 63.043: [ParNew: 581973K->43156K(613440K), 0.0245596 secs] 602351K->63535K(2029056K), 0.0246415 secs] [Times: user=0.13 sys=0.00, real=0.02 secs] 
2020-09-29T18:30:50.724+0200: 63.117: [GC (Allocation Failure) 2020-09-29T18:30:50.724+0200: 63.117: [ParNew: 588500K->38580K(613440K), 0.0152764 secs] 608879K->58958K(2029056K), 0.0153432 secs] [Times: user=0.13 sys=0.00, real=0.02 secs] 
2020-09-29T18:30:50.793+0200: 63.186: [GC (Allocation Failure) 2020-09-29T18:30:50.793+0200: 63.186: [ParNew: 583924K->58434K(613440K), 0.0293230 secs] 604302K->78812K(2029056K), 0.0293931 secs] [Times: user=0.25 sys=0.00, real=0.03 secs] 
2020-09-29T18:30:50.872+0200: 63.264: [GC (Allocation Failure) 2020-09-29T18:30:50.872+0200: 63.264: [ParNew: 603778K->44455K(613440K), 0.0214571 secs] 624156K->64833K(2029056K), 0.0215256 secs] [Times: user=0.13 sys=0.00, real=0.02 secs] 
2020-09-29T18:30:50.940+0200: 63.333: [GC (Allocation Failure) 2020-09-29T18:30:50.940+0200: 63.334: [ParNew: 589799K->38360K(613440K), 0.0201997 secs] 610177K->58738K(2029056K), 0.0202797 secs] [Times: user=0.25 sys=0.00, real=0.02 secs] 
2020-09-29T18:30:51.012+0200: 63.405: [GC (Allocation Failure) 2020-09-29T18:30:51.012+0200: 63.405: [ParNew: 583704K->57770K(613440K), 0.0255943 secs] 604082K->78148K(2029056K), 0.0256852 secs] [Times: user=0.25 sys=0.00, real=0.03 secs] 
2020-09-29T18:30:51.086+0200: 63.479: [GC (Allocation Failure) 2020-09-29T18:30:51.086+0200: 63.479: [ParNew: 603114K->45392K(613440K), 0.0251802 secs] 623492K->65771K(2029056K), 0.0252554 secs] [Times: user=0.13 sys=0.00, real=0.03 secs] 
2020-09-29T18:30:51.158+0200: 63.551: [GC (Allocation Failure) 2020-09-29T18:30:51.158+0200: 63.551: [ParNew: 590736K->47830K(613440K), 0.0239469 secs] 611115K->68208K(2029056K), 0.0240115 secs] [Times: user=0.25 sys=0.00, real=0.02 secs] 
2020-09-29T18:30:51.230+0200: 63.623: [GC (Allocation Failure) 2020-09-29T18:30:51.230+0200: 63.623: [ParNew: 593174K->44176K(613440K), 0.0220915 secs] 613552K->64554K(2029056K), 0.0221573 secs] [Times: user=0.13 sys=0.00, real=0.02 secs] 
2020-09-29T18:30:51.304+0200: 63.697: [GC (Allocation Failure) 2020-09-29T18:30:51.304+0200: 63.697: [ParNew: 589520K->40647K(613440K), 0.0226515 secs] 609898K->61025K(2029056K), 0.0227289 secs] [Times: user=0.13 sys=0.00, real=0.02 secs] 
2020-09-29T18:30:51.375+0200: 63.768: [GC (Allocation Failure) 2020-09-29T18:30:51.375+0200: 63.768: [ParNew: 585991K->41770K(613440K), 0.0217407 secs] 606369K->62148K(2029056K), 0.0218114 secs] [Times: user=0.25 sys=0.00, real=0.02 secs] 
2020-09-29T18:30:51.454+0200: 63.847: [GC (Allocation Failure) 2020-09-29T18:30:51.454+0200: 63.847: [ParNew: 587114K->37376K(613440K), 0.0204587 secs] 607492K->57754K(2029056K), 0.0205286 secs] [Times: user=0.25 sys=0.00, real=0.02 secs] 
2020-09-29T18:30:51.524+0200: 63.917: [GC (Allocation Failure) 2020-09-29T18:30:51.524+0200: 63.918: [ParNew: 582720K->36045K(613440K), 0.0192481 secs] 603098K->56423K(2029056K), 0.0193162 secs] [Times: user=0.13 sys=0.00, real=0.02 secs] 
2020-09-29T18:30:51.593+0200: 63.986: [GC (Allocation Failure) 2020-09-29T18:30:51.593+0200: 63.986: [ParNew: 581389K->33718K(613440K), 0.0184300 secs] 601767K->54096K(2029056K), 0.0185043 secs] [Times: user=0.13 sys=0.00, real=0.02 secs] 
2020-09-29T18:30:51.668+0200: 64.061: [GC (Allocation Failure) 2020-09-29T18:30:51.668+0200: 64.061: [ParNew: 579062K->52830K(613440K), 0.0254145 secs] 599440K->73208K(2029056K), 0.0255031 secs] [Times: user=0.23 sys=0.00, real=0.03 secs] 
2020-09-29T18:30:51.747+0200: 64.140: [GC (Allocation Failure) 2020-09-29T18:30:51.747+0200: 64.140: [ParNew: 598174K->68096K(613440K), 0.0305966 secs] 618552K->88612K(2029056K), 0.0306892 secs] [Times: user=0.25 sys=0.00, real=0.03 secs] 
2020-09-29T18:30:51.828+0200: 64.222: [GC (Allocation Failure) 2020-09-29T18:30:51.828+0200: 64.222: [ParNew: 613440K->67724K(613440K), 0.0294035 secs] 633956K->88241K(2029056K), 0.0294794 secs] [Times: user=0.25 sys=0.00, real=0.03 secs] 
2020-09-29T18:30:51.909+0200: 64.302: [GC (Allocation Failure) 2020-09-29T18:30:51.909+0200: 64.302: [ParNew: 613068K->51929K(613440K), 0.0225618 secs] 633585K->72445K(2029056K), 0.0226262 secs] [Times: user=0.25 sys=0.00, real=0.02 secs] 
2020-09-29T18:30:51.983+0200: 64.377: [GC (Allocation Failure) 2020-09-29T18:30:51.983+0200: 64.377: [ParNew: 597273K->52050K(613440K), 0.0274043 secs] 617789K->72567K(2029056K), 0.0274762 secs] [Times: user=0.25 sys=0.00, real=0.03 secs] 
2020-09-29T18:30:52.061+0200: 64.455: [GC (Allocation Failure) 2020-09-29T18:30:52.061+0200: 64.455: [ParNew: 597394K->49379K(613440K), 0.0201088 secs] 617911K->69896K(2029056K), 0.0201797 secs] [Times: user=0.14 sys=0.00, real=0.02 secs] 
2020-09-29T18:30:52.129+0200: 64.523: [GC (Allocation Failure) 2020-09-29T18:30:52.129+0200: 64.523: [ParNew: 594723K->45828K(613440K), 0.0260849 secs] 615240K->66344K(2029056K), 0.0261631 secs] [Times: user=0.13 sys=0.00, real=0.03 secs] 
2020-09-29T18:30:52.206+0200: 64.599: [GC (Allocation Failure) 2020-09-29T18:30:52.206+0200: 64.599: [ParNew: 591172K->55343K(613440K), 0.0259314 secs] 611688K->75860K(2029056K), 0.0260331 secs] [Times: user=0.25 sys=0.00, real=0.03 secs] 
2020-09-29T18:30:52.292+0200: 64.685: [GC (Allocation Failure) 2020-09-29T18:30:52.292+0200: 64.685: [ParNew: 600687K->44948K(613440K), 0.0247691 secs] 621204K->65465K(2029056K), 0.0248443 secs] [Times: user=0.13 sys=0.00, real=0.02 secs] 
2020-09-29T18:30:52.366+0200: 64.758: [GC (Allocation Failure) 2020-09-29T18:30:52.366+0200: 64.758: [ParNew: 590292K->44014K(613440K), 0.0245805 secs] 610809K->64530K(2029056K), 0.0246739 secs] [Times: user=0.13 sys=0.00, real=0.02 secs] 
2020-09-29T18:30:52.452+0200: 64.844: [GC (Allocation Failure) 2020-09-29T18:30:52.452+0200: 64.844: [ParNew: 589358K->67603K(613440K), 0.0307098 secs] 609874K->88120K(2029056K), 0.0307834 secs] [Times: user=0.25 sys=0.00, real=0.03 secs] 
2020-09-29T18:30:52.533+0200: 64.925: [GC (Allocation Failure) 2020-09-29T18:30:52.533+0200: 64.925: [ParNew: 612947K->46053K(613440K), 0.0233627 secs] 633464K->66570K(2029056K), 0.0234315 secs] [Times: user=0.25 sys=0.00, real=0.02 secs] 
2020-09-29T18:30:52.618+0200: 65.010: [GC (Allocation Failure) 2020-09-29T18:30:52.618+0200: 65.010: [ParNew: 591397K->38008K(613440K), 0.0226078 secs] 611914K->58525K(2029056K), 0.0226871 secs] [Times: user=0.13 sys=0.00, real=0.02 secs] 
2020-09-29T18:30:52.695+0200: 65.087: [GC (Allocation Failure) 2020-09-29T18:30:52.695+0200: 65.087: [ParNew: 583352K->56919K(613440K), 0.0281805 secs] 603869K->77436K(2029056K), 0.0282701 secs] [Times: user=0.14 sys=0.00, real=0.03 secs] 
2020-09-29T18:30:52.775+0200: 65.168: [GC (Allocation Failure) 2020-09-29T18:30:52.775+0200: 65.168: [ParNew: 602263K->35822K(613440K), 0.0193753 secs] 622780K->56338K(2029056K), 0.0194508 secs] [Times: user=0.13 sys=0.00, real=0.02 secs] 
2020-09-29T18:30:52.849+0200: 65.243: [GC (Allocation Failure) 2020-09-29T18:30:52.850+0200: 65.243: [ParNew: 581166K->47329K(613440K), 0.0285777 secs] 601682K->67845K(2029056K), 0.0286548 secs] [Times: user=0.11 sys=0.00, real=0.03 secs] 
2020-09-29T18:30:52.933+0200: 65.326: [GC (Allocation Failure) 2020-09-29T18:30:52.933+0200: 65.327: [ParNew: 592673K->64807K(613440K), 0.0310259 secs] 613189K->85324K(2029056K), 0.0311166 secs] [Times: user=0.25 sys=0.00, real=0.03 secs] 
2020-09-29T18:30:53.016+0200: 65.409: [GC (Allocation Failure) 2020-09-29T18:30:53.016+0200: 65.409: [ParNew: 610151K->48911K(613440K), 0.0229813 secs] 630668K->69428K(2029056K), 0.0230566 secs] [Times: user=0.25 sys=0.00, real=0.02 secs] 
2020-09-29T18:30:53.093+0200: 65.487: [GC (Allocation Failure) 2020-09-29T18:30:53.094+0200: 65.487: [ParNew: 594255K->47864K(613440K), 0.0280737 secs] 614772K->68381K(2029056K), 0.0281574 secs] [Times: user=0.25 sys=0.00, real=0.03 secs] 
2020-09-29T18:30:53.169+0200: 65.563: [GC (Allocation Failure) 2020-09-29T18:30:53.169+0200: 65.563: [ParNew: 593208K->63780K(613440K), 0.0273275 secs] 613725K->84297K(2029056K), 0.0274036 secs] [Times: user=0.25 sys=0.00, real=0.03 secs] 
2020-09-29T18:30:53.247+0200: 65.640: [GC (Allocation Failure) 2020-09-29T18:30:53.247+0200: 65.640: [ParNew: 609124K->46303K(613440K), 0.0270679 secs] 629641K->66820K(2029056K), 0.0271494 secs] [Times: user=0.25 sys=0.00, real=0.03 secs] 
2020-09-29T18:30:53.328+0200: 65.721: [GC (Allocation Failure) 2020-09-29T18:30:53.328+0200: 65.722: [ParNew: 591647K->46393K(613440K), 0.0257305 secs] 612164K->66910K(2029056K), 0.0258200 secs] [Times: user=0.25 sys=0.00, real=0.03 secs] 
2020-09-29T18:30:53.410+0200: 65.803: [GC (Allocation Failure) 2020-09-29T18:30:53.410+0200: 65.803: [ParNew: 591737K->46224K(613440K), 0.0266362 secs] 612254K->66740K(2029056K), 0.0267062 secs] [Times: user=0.20 sys=0.00, real=0.03 secs] 
2020-09-29T18:30:53.494+0200: 65.887: [GC (Allocation Failure) 2020-09-29T18:30:53.494+0200: 65.887: [ParNew: 591568K->42801K(613440K), 0.0239877 secs] 612084K->63318K(2029056K), 0.0240613 secs] [Times: user=0.13 sys=0.00, real=0.02 secs] 
2020-09-29T18:30:53.568+0200: 65.961: [GC (Allocation Failure) 2020-09-29T18:30:53.568+0200: 65.961: [ParNew: 588145K->39521K(613440K), 0.0231580 secs] 608662K->60038K(2029056K), 0.0232654 secs] [Times: user=0.13 sys=0.00, real=0.02 secs] 
2020-09-29T18:30:53.651+0200: 66.045: [GC (Allocation Failure) 2020-09-29T18:30:53.651+0200: 66.045: [ParNew: 584865K->36764K(613440K), 0.0222223 secs] 605382K->57281K(2029056K), 0.0223023 secs] [Times: user=0.13 sys=0.00, real=0.02 secs] 
2020-09-29T18:30:53.724+0200: 66.117: [GC (Allocation Failure) 2020-09-29T18:30:53.724+0200: 66.117: [ParNew: 582108K->55964K(613440K), 0.0265667 secs] 602625K->76481K(2029056K), 0.0266382 secs] [Times: user=0.13 sys=0.00, real=0.03 secs] 
2020-09-29T18:30:53.800+0200: 66.193: [GC (Allocation Failure) 2020-09-29T18:30:53.800+0200: 66.193: [ParNew: 601308K->68096K(613440K), 0.0329939 secs] 621825K->88612K(2029056K), 0.0330660 secs] [Times: user=0.38 sys=0.00, real=0.03 secs] 
2020-09-29T18:30:53.882+0200: 66.276: [GC (Allocation Failure) 2020-09-29T18:30:53.882+0200: 66.276: [ParNew: 613440K->49870K(613440K), 0.0251198 secs] 633956K->70387K(2029056K), 0.0251887 secs] [Times: user=0.13 sys=0.00, real=0.03 secs] 
2020-09-29T18:30:53.962+0200: 66.355: [GC (Allocation Failure) 2020-09-29T18:30:53.962+0200: 66.355: [ParNew: 595214K->67381K(613440K), 0.0303824 secs] 615731K->87898K(2029056K), 0.0304655 secs] [Times: user=0.25 sys=0.00, real=0.03 secs] 
2020-09-29T18:30:54.042+0200: 66.435: [GC (Allocation Failure) 2020-09-29T18:30:54.042+0200: 66.435: [ParNew: 612725K->46315K(613440K), 0.0221759 secs] 633242K->66831K(2029056K), 0.0222423 secs] [Times: user=0.13 sys=0.00, real=0.02 secs] 
2020-09-29T18:30:54.126+0200: 66.520: [GC (Allocation Failure) 2020-09-29T18:30:54.126+0200: 66.520: [ParNew: 591659K->64873K(613440K), 0.0294130 secs] 612175K->85390K(2029056K), 0.0294827 secs] [Times: user=0.25 sys=0.00, real=0.03 secs] 
2020-09-29T18:30:54.206+0200: 66.599: [GC (Allocation Failure) 2020-09-29T18:30:54.206+0200: 66.599: [ParNew: 610217K->68096K(613440K), 0.0288341 secs] 630734K->88619K(2029056K), 0.0289091 secs] [Times: user=0.25 sys=0.00, real=0.03 secs] 
2020-09-29T18:30:54.285+0200: 66.679: [GC (Allocation Failure) 2020-09-29T18:30:54.285+0200: 66.679: [ParNew: 613440K->29270K(613440K), 0.0192852 secs] 633963K->49793K(2029056K), 0.0193611 secs] [Times: user=0.17 sys=0.00, real=0.02 secs] 
2020-09-29T18:30:54.360+0200: 66.753: [GC (Allocation Failure) 2020-09-29T18:30:54.360+0200: 66.753: [ParNew: 574614K->30969K(613440K), 0.0165740 secs] 595137K->51492K(2029056K), 0.0166433 secs] [Times: user=0.13 sys=0.00, real=0.02 secs] 
2020-09-29T18:30:54.438+0200: 66.832: [GC (Allocation Failure) 2020-09-29T18:30:54.438+0200: 66.832: [ParNew: 576313K->46103K(613440K), 0.0254320 secs] 596836K->66626K(2029056K), 0.0255054 secs] [Times: user=0.25 sys=0.00, real=0.03 secs] 
2020-09-29T18:30:54.520+0200: 66.913: [GC (Allocation Failure) 2020-09-29T18:30:54.520+0200: 66.913: [ParNew: 591447K->37586K(613440K), 0.0226529 secs] 611970K->58109K(2029056K), 0.0227256 secs] [Times: user=0.13 sys=0.00, real=0.02 secs] 
2020-09-29T18:30:54.602+0200: 66.995: [GC (Allocation Failure) 2020-09-29T18:30:54.602+0200: 66.995: [ParNew: 582930K->33400K(613440K), 0.0134926 secs] 603453K->53923K(2029056K), 0.0135631 secs] [Times: user=0.13 sys=0.00, real=0.01 secs] 
2020-09-29T18:30:54.681+0200: 67.074: [GC (Allocation Failure) 2020-09-29T18:30:54.681+0200: 67.074: [ParNew: 578744K->48242K(613440K), 0.0288131 secs] 599267K->68765K(2029056K), 0.0289234 secs] [Times: user=0.25 sys=0.00, real=0.03 secs] 
2020-09-29T18:30:54.770+0200: 67.163: [GC (Allocation Failure) 2020-09-29T18:30:54.770+0200: 67.163: [ParNew: 593586K->32446K(613440K), 0.0209173 secs] 614109K->52969K(2029056K), 0.0209908 secs] [Times: user=0.11 sys=0.00, real=0.02 secs] 
2020-09-29T18:30:54.851+0200: 67.244: [GC (Allocation Failure) 2020-09-29T18:30:54.851+0200: 67.244: [ParNew: 577790K->52444K(613440K), 0.0258069 secs] 598313K->72967K(2029056K), 0.0260830 secs] [Times: user=0.11 sys=0.00, real=0.03 secs] 
2020-09-29T18:30:54.939+0200: 67.332: [GC (Allocation Failure) 2020-09-29T18:30:54.939+0200: 67.332: [ParNew: 597788K->38430K(613440K), 0.0236413 secs] 618311K->58953K(2029056K), 0.0309026 secs] [Times: user=0.25 sys=0.00, real=0.03 secs] 
2020-09-29T18:30:55.017+0200: 67.410: [GC (Allocation Failure) 2020-09-29T18:30:55.017+0200: 67.410: [ParNew: 583774K->36926K(613440K), 0.0236216 secs] 604297K->57449K(2029056K), 0.0236873 secs] [Times: user=0.23 sys=0.00, real=0.02 secs] 
2020-09-29T18:30:55.099+0200: 67.492: [GC (Allocation Failure) 2020-09-29T18:30:55.099+0200: 67.492: [ParNew: 582270K->59125K(613440K), 0.0295153 secs] 602793K->79648K(2029056K), 0.0296005 secs] [Times: user=0.23 sys=0.00, real=0.03 secs] 
2020-09-29T18:30:55.180+0200: 67.573: [GC (Allocation Failure) 2020-09-29T18:30:55.180+0200: 67.573: [ParNew: 604469K->56137K(613440K), 0.0290439 secs] 624992K->76660K(2029056K), 0.0291403 secs] [Times: user=0.25 sys=0.00, real=0.03 secs] 
2020-09-29T18:30:55.260+0200: 67.653: [GC (Allocation Failure) 2020-09-29T18:30:55.260+0200: 67.653: [ParNew: 601481K->40771K(613440K), 0.0176438 secs] 622004K->61294K(2029056K), 0.0177261 secs] [Times: user=0.13 sys=0.00, real=0.02 secs] 
2020-09-29T18:30:55.331+0200: 67.724: [GC (Allocation Failure) 2020-09-29T18:30:55.331+0200: 67.724: [ParNew: 586115K->39936K(613440K), 0.0262257 secs] 606638K->60459K(2029056K), 0.0263118 secs] [Times: user=0.22 sys=0.00, real=0.03 secs] 
2020-09-29T18:30:55.415+0200: 67.808: [GC (Allocation Failure) 2020-09-29T18:30:55.415+0200: 67.808: [ParNew: 585280K->49510K(613440K), 0.0234859 secs] 605803K->70033K(2029056K), 0.0235566 secs] [Times: user=0.11 sys=0.00, real=0.02 secs] 
2020-09-29T18:30:55.497+0200: 67.891: [GC (Allocation Failure) 2020-09-29T18:30:55.497+0200: 67.891: [ParNew: 594854K->59790K(613440K), 0.0297998 secs] 615377K->80313K(2029056K), 0.0298760 secs] [Times: user=0.25 sys=0.00, real=0.03 secs] 
2020-09-29T18:30:55.580+0200: 67.973: [GC (Allocation Failure) 2020-09-29T18:30:55.580+0200: 67.973: [ParNew: 605134K->60593K(613440K), 0.0293504 secs] 625657K->81116K(2029056K), 0.0294640 secs] [Times: user=0.25 sys=0.00, real=0.03 secs] 
2020-09-29T18:30:55.669+0200: 68.062: [GC (Allocation Failure) 2020-09-29T18:30:55.669+0200: 68.062: [ParNew: 605937K->64280K(613440K), 0.0312439 secs] 626460K->84803K(2029056K), 0.0313311 secs] [Times: user=0.22 sys=0.00, real=0.03 secs] 
2020-09-29T18:30:55.760+0200: 68.153: [GC (Allocation Failure) 2020-09-29T18:30:55.760+0200: 68.153: [ParNew: 609624K->44462K(613440K), 0.0204269 secs] 630147K->64985K(2029056K), 0.0205113 secs] [Times: user=0.13 sys=0.00, real=0.02 secs] 
2020-09-29T18:30:55.846+0200: 68.239: [GC (Allocation Failure) 2020-09-29T18:30:55.846+0200: 68.239: [ParNew: 589806K->43932K(613440K), 0.0271841 secs] 610329K->64455K(2029056K), 0.0272911 secs] [Times: user=0.23 sys=0.00, real=0.03 secs] 
2020-09-29T18:30:55.930+0200: 68.324: [GC (Allocation Failure) 2020-09-29T18:30:55.930+0200: 68.324: [ParNew: 589276K->39064K(613440K), 0.0240098 secs] 609799K->59587K(2029056K), 0.0240810 secs] [Times: user=0.13 sys=0.00, real=0.02 secs] 
2020-09-29T18:30:56.008+0200: 68.402: [GC (Allocation Failure) 2020-09-29T18:30:56.008+0200: 68.402: [ParNew: 584408K->60863K(613440K), 0.0305148 secs] 604931K->81386K(2029056K), 0.0305916 secs] [Times: user=0.25 sys=0.00, real=0.03 secs] 
2020-09-29T18:30:56.092+0200: 68.485: [GC (Allocation Failure) 2020-09-29T18:30:56.092+0200: 68.485: [ParNew: 606207K->47518K(613440K), 0.0218427 secs] 626730K->68041K(2029056K), 0.0219377 secs] [Times: user=0.22 sys=0.00, real=0.02 secs] 
2020-09-29T18:30:56.189+0200: 68.582: [GC (Allocation Failure) 2020-09-29T18:30:56.189+0200: 68.582: [ParNew: 592862K->49963K(613440K), 0.0298669 secs] 613385K->70486K(2029056K), 0.0299901 secs] [Times: user=0.22 sys=0.00, real=0.03 secs] 
2020-09-29T18:30:56.294+0200: 68.686: [GC (Allocation Failure) 2020-09-29T18:30:56.294+0200: 68.686: [ParNew: 595307K->41195K(613440K), 0.0264917 secs] 615830K->61718K(2029056K), 0.0266510 secs] [Times: user=0.24 sys=0.00, real=0.03 secs] 
2020-09-29T18:30:56.386+0200: 68.779: [GC (Allocation Failure) 2020-09-29T18:30:56.386+0200: 68.779: [ParNew: 586539K->64415K(613440K), 0.0368192 secs] 607062K->84938K(2029056K), 0.0369118 secs] [Times: user=0.20 sys=0.00, real=0.04 secs] 
2020-09-29T18:30:56.479+0200: 68.872: [GC (Allocation Failure) 2020-09-29T18:30:56.479+0200: 68.872: [ParNew: 609759K->51257K(613440K), 0.0307390 secs] 630282K->71780K(2029056K), 0.0308565 secs] [Times: user=0.25 sys=0.00, real=0.03 secs] 
2020-09-29T18:30:56.571+0200: 68.964: [GC (Allocation Failure) 2020-09-29T18:30:56.571+0200: 68.964: [ParNew: 596601K->48979K(613440K), 0.0232797 secs] 617124K->69502K(2029056K), 0.0233711 secs] [Times: user=0.13 sys=0.00, real=0.02 secs] 
2020-09-29T18:30:56.659+0200: 69.052: [GC (Allocation Failure) 2020-09-29T18:30:56.659+0200: 69.052: [ParNew: 594323K->28773K(613440K), 0.0202549 secs] 614846K->49296K(2029056K), 0.0203615 secs] [Times: user=0.25 sys=0.00, real=0.02 secs] 
2020-09-29T18:30:56.741+0200: 69.134: [GC (Allocation Failure) 2020-09-29T18:30:56.741+0200: 69.134: [ParNew: 574117K->25855K(613440K), 0.0202674 secs] 594640K->46378K(2029056K), 0.0203804 secs] [Times: user=0.13 sys=0.00, real=0.02 secs] 
2020-09-29T18:30:56.831+0200: 69.224: [GC (Allocation Failure) 2020-09-29T18:30:56.831+0200: 69.224: [ParNew: 571199K->44189K(613440K), 0.0255847 secs] 591722K->64712K(2029056K), 0.0256920 secs] [Times: user=0.20 sys=0.01, real=0.02 secs] 
2020-09-29T18:30:56.914+0200: 69.306: [GC (Allocation Failure) 2020-09-29T18:30:56.914+0200: 69.306: [ParNew: 589533K->57578K(613440K), 0.0373659 secs] 610056K->78101K(2029056K), 0.0374822 secs] [Times: user=0.17 sys=0.00, real=0.04 secs] 
2020-09-29T18:30:57.006+0200: 69.399: [GC (Allocation Failure) 2020-09-29T18:30:57.006+0200: 69.399: [ParNew: 602922K->48483K(613440K), 0.0301069 secs] 623445K->69006K(2029056K), 0.0302049 secs] [Times: user=0.25 sys=0.00, real=0.03 secs] 
2020-09-29T18:30:57.086+0200: 69.479: [GC (Allocation Failure) 2020-09-29T18:30:57.086+0200: 69.479: [ParNew: 593827K->57067K(613440K), 0.0307225 secs] 614350K->77590K(2029056K), 0.0307973 secs] [Times: user=0.22 sys=0.00, real=0.03 secs] 
2020-09-29T18:30:57.175+0200: 69.568: [GC (Allocation Failure) 2020-09-29T18:30:57.175+0200: 69.568: [ParNew: 602411K->44301K(613440K), 0.0282237 secs] 622934K->64824K(2029056K), 0.0283213 secs] [Times: user=0.25 sys=0.00, real=0.03 secs] 
2020-09-29T18:30:57.254+0200: 69.647: [GC (Allocation Failure) 2020-09-29T18:30:57.254+0200: 69.647: [ParNew: 589645K->44551K(613440K), 0.0240581 secs] 610168K->65074K(2029056K), 0.0241343 secs] [Times: user=0.25 sys=0.00, real=0.02 secs] 
2020-09-29T18:30:57.329+0200: 69.722: [GC (Allocation Failure) 2020-09-29T18:30:57.329+0200: 69.722: [ParNew: 589895K->39162K(613440K), 0.0181918 secs] 610418K->59685K(2029056K), 0.0182525 secs] [Times: user=0.13 sys=0.00, real=0.02 secs] 
2020-09-29T18:30:57.397+0200: 69.789: [GC (Allocation Failure) 2020-09-29T18:30:57.397+0200: 69.789: [ParNew: 584506K->40998K(613440K), 0.0145811 secs] 605029K->61521K(2029056K), 0.0146471 secs] [Times: user=0.13 sys=0.00, real=0.01 secs] 
2020-09-29T18:30:57.466+0200: 69.859: [GC (Allocation Failure) 2020-09-29T18:30:57.466+0200: 69.859: [ParNew: 586342K->53600K(613440K), 0.0264319 secs] 606865K->74123K(2029056K), 0.0265225 secs] [Times: user=0.23 sys=0.00, real=0.03 secs] 
2020-09-29T18:30:57.549+0200: 69.942: [GC (Allocation Failure) 2020-09-29T18:30:57.549+0200: 69.942: [ParNew: 598944K->45646K(613440K), 0.0194396 secs] 619467K->66169K(2029056K), 0.0195261 secs] [Times: user=0.25 sys=0.00, real=0.02 secs] 
2020-09-29T18:30:57.621+0200: 70.014: [GC (Allocation Failure) 2020-09-29T18:30:57.621+0200: 70.014: [ParNew: 590990K->42618K(613440K), 0.0226900 secs] 611513K->63141K(2029056K), 0.0227987 secs] [Times: user=0.11 sys=0.00, real=0.02 secs] 
2020-09-29T18:30:57.701+0200: 70.094: [GC (Allocation Failure) 2020-09-29T18:30:57.701+0200: 70.094: [ParNew: 587962K->43189K(613440K), 0.0193507 secs] 608485K->63712K(2029056K), 0.0194449 secs] [Times: user=0.13 sys=0.00, real=0.02 secs] 
2020-09-29T18:30:57.775+0200: 70.167: [GC (Allocation Failure) 2020-09-29T18:30:57.775+0200: 70.167: [ParNew: 588533K->37363K(613440K), 0.0203851 secs] 609056K->57886K(2029056K), 0.0204785 secs] [Times: user=0.11 sys=0.00, real=0.02 secs] 
2020-09-29T18:30:57.851+0200: 70.244: [GC (Allocation Failure) 2020-09-29T18:30:57.851+0200: 70.244: [ParNew: 582707K->58177K(613440K), 0.0221854 secs] 603230K->78700K(2029056K), 0.0222602 secs] [Times: user=0.13 sys=0.00, real=0.02 secs] 
2020-09-29T18:30:57.925+0200: 70.318: [GC (Allocation Failure) 2020-09-29T18:30:57.925+0200: 70.318: [ParNew: 603521K->43920K(613440K), 0.0243827 secs] 624044K->64443K(2029056K), 0.0244816 secs] [Times: user=0.24 sys=0.00, real=0.02 secs] 
2020-09-29T18:30:58.000+0200: 70.393: [GC (Allocation Failure) 2020-09-29T18:30:58.000+0200: 70.394: [ParNew: 589264K->58949K(613440K), 0.0258600 secs] 609787K->79472K(2029056K), 0.0259490 secs] [Times: user=0.20 sys=0.00, real=0.03 secs] 
2020-09-29T18:30:58.081+0200: 70.475: [GC (Allocation Failure) 2020-09-29T18:30:58.081+0200: 70.475: [ParNew: 604293K->41159K(613440K), 0.0150686 secs] 624816K->61682K(2029056K), 0.0151455 secs] [Times: user=0.00 sys=0.02, real=0.02 secs] 
2020-09-29T18:30:58.152+0200: 70.545: [GC (Allocation Failure) 2020-09-29T18:30:58.152+0200: 70.545: [ParNew: 586503K->36226K(613440K), 0.0226473 secs] 607026K->56749K(2029056K), 0.0227149 secs] [Times: user=0.11 sys=0.00, real=0.02 secs] 
2020-09-29T18:30:58.224+0200: 70.617: [GC (Allocation Failure) 2020-09-29T18:30:58.224+0200: 70.617: [ParNew: 581570K->57887K(613440K), 0.0225473 secs] 602093K->78410K(2029056K), 0.0226224 secs] [Times: user=0.13 sys=0.00, real=0.02 secs] 
2020-09-29T18:30:58.301+0200: 70.694: [GC (Allocation Failure) 2020-09-29T18:30:58.301+0200: 70.694: [ParNew: 603231K->41541K(613440K), 0.0115848 secs] 623754K->62064K(2029056K), 0.0116511 secs] [Times: user=0.00 sys=0.00, real=0.01 secs] 
2020-09-29T18:30:58.369+0200: 70.762: [GC (Allocation Failure) 2020-09-29T18:30:58.369+0200: 70.762: [ParNew: 586885K->44451K(613440K), 0.0201345 secs] 607408K->64974K(2029056K), 0.0202433 secs] [Times: user=0.13 sys=0.00, real=0.02 secs] 
2020-09-29T18:30:58.443+0200: 70.836: [GC (Allocation Failure) 2020-09-29T18:30:58.443+0200: 70.836: [ParNew: 589795K->58888K(613440K), 0.0230140 secs] 610318K->79411K(2029056K), 0.0230958 secs] [Times: user=0.13 sys=0.00, real=0.02 secs] 
2020-09-29T18:30:58.517+0200: 70.910: [GC (Allocation Failure) 2020-09-29T18:30:58.517+0200: 70.910: [ParNew: 604232K->45199K(613440K), 0.0195335 secs] 624755K->65722K(2029056K), 0.0196071 secs] [Times: user=0.25 sys=0.00, real=0.02 secs] 
2020-09-29T18:30:58.588+0200: 70.981: [GC (Allocation Failure) 2020-09-29T18:30:58.588+0200: 70.981: [ParNew: 590543K->36747K(613440K), 0.0141559 secs] 611066K->57270K(2029056K), 0.0142318 secs] [Times: user=0.11 sys=0.00, real=0.01 secs] 
2020-09-29T18:30:58.663+0200: 71.056: [GC (Allocation Failure) 2020-09-29T18:30:58.663+0200: 71.056: [ParNew: 582091K->55114K(613440K), 0.0259783 secs] 602614K->75637K(2029056K), 0.0260763 secs] [Times: user=0.13 sys=0.00, real=0.03 secs] 
2020-09-29T18:30:58.743+0200: 71.136: [GC (Allocation Failure) 2020-09-29T18:30:58.743+0200: 71.136: [ParNew: 600458K->68096K(613440K), 0.0249543 secs] 620981K->88619K(2029056K), 0.0250356 secs] [Times: user=0.13 sys=0.00, real=0.02 secs] 
2020-09-29T18:30:58.819+0200: 71.212: [GC (Allocation Failure) 2020-09-29T18:30:58.819+0200: 71.212: [ParNew: 613440K->53673K(613440K), 0.0234825 secs] 633963K->74196K(2029056K), 0.0235577 secs] [Times: user=0.13 sys=0.00, real=0.02 secs] 
2020-09-29T18:30:58.891+0200: 71.284: [GC (Allocation Failure) 2020-09-29T18:30:58.891+0200: 71.284: [ParNew: 599017K->43493K(613440K), 0.0144169 secs] 619540K->64016K(2029056K), 0.0144869 secs] [Times: user=0.13 sys=0.00, real=0.01 secs] 
2020-09-29T18:30:58.952+0200: 71.346: [GC (Allocation Failure) 2020-09-29T18:30:58.952+0200: 71.346: [ParNew: 588837K->40926K(613440K), 0.0185764 secs] 609360K->61449K(2029056K), 0.0186533 secs] [Times: user=0.13 sys=0.00, real=0.02 secs] 
2020-09-29T18:30:59.027+0200: 71.421: [GC (Allocation Failure) 2020-09-29T18:30:59.027+0200: 71.421: [ParNew: 586270K->38714K(613440K), 0.0189066 secs] 606793K->59237K(2029056K), 0.0190097 secs] [Times: user=0.13 sys=0.00, real=0.02 secs] 
2020-09-29T18:30:59.099+0200: 71.493: [GC (Allocation Failure) 2020-09-29T18:30:59.099+0200: 71.493: [ParNew: 584058K->35376K(613440K), 0.0178565 secs] 604581K->55899K(2029056K), 0.0179317 secs] [Times: user=0.13 sys=0.00, real=0.02 secs] 
2020-09-29T18:30:59.167+0200: 71.560: [GC (Allocation Failure) 2020-09-29T18:30:59.167+0200: 71.560: [ParNew: 580720K->37428K(613440K), 0.0156091 secs] 601243K->57951K(2029056K), 0.0156817 secs] [Times: user=0.13 sys=0.00, real=0.02 secs] 
2020-09-29T18:30:59.246+0200: 71.639: [GC (Allocation Failure) 2020-09-29T18:30:59.246+0200: 71.639: [ParNew: 582772K->61264K(613440K), 0.0238169 secs] 603295K->81787K(2029056K), 0.0239099 secs] [Times: user=0.22 sys=0.00, real=0.02 secs] 
2020-09-29T18:30:59.323+0200: 71.716: [GC (Allocation Failure) 2020-09-29T18:30:59.323+0200: 71.716: [ParNew: 606608K->49362K(613440K), 0.0209405 secs] 627131K->69885K(2029056K), 0.0210207 secs] [Times: user=0.13 sys=0.00, real=0.02 secs] 
2020-09-29T18:30:59.393+0200: 71.786: [GC (Allocation Failure) 2020-09-29T18:30:59.393+0200: 71.786: [ParNew: 594706K->44518K(613440K), 0.0198539 secs] 615229K->65041K(2029056K), 0.0199386 secs] [Times: user=0.25 sys=0.00, real=0.02 secs] 
2020-09-29T18:30:59.465+0200: 71.858: [GC (Allocation Failure) 2020-09-29T18:30:59.465+0200: 71.858: [ParNew: 589862K->46987K(613440K), 0.0184118 secs] 610385K->67510K(2029056K), 0.0184748 secs] [Times: user=0.13 sys=0.00, real=0.02 secs] 
2020-09-29T18:30:59.535+0200: 71.928: [GC (Allocation Failure) 2020-09-29T18:30:59.535+0200: 71.928: [ParNew: 592331K->66656K(613440K), 0.0242210 secs] 612854K->87179K(2029056K), 0.0243223 secs] [Times: user=0.25 sys=0.00, real=0.02 secs] 
2020-09-29T18:30:59.617+0200: 72.010: [GC (Allocation Failure) 2020-09-29T18:30:59.617+0200: 72.010: [ParNew: 612000K->58988K(613440K), 0.0261544 secs] 632523K->79511K(2029056K), 0.0262497 secs] [Times: user=0.13 sys=0.00, real=0.03 secs] 
2020-09-29T18:30:59.695+0200: 72.088: [GC (Allocation Failure) 2020-09-29T18:30:59.695+0200: 72.088: [ParNew: 604332K->56814K(613440K), 0.0249473 secs] 624855K->77337K(2029056K), 0.0250178 secs] [Times: user=0.11 sys=0.00, real=0.03 secs] 
2020-09-29T18:30:59.779+0200: 72.172: [GC (Allocation Failure) 2020-09-29T18:30:59.779+0200: 72.172: [ParNew: 602158K->56037K(613440K), 0.0242101 secs] 622681K->76560K(2029056K), 0.0243155 secs] [Times: user=0.25 sys=0.00, real=0.02 secs] 
2020-09-29T18:30:59.858+0200: 72.251: [GC (Allocation Failure) 2020-09-29T18:30:59.858+0200: 72.251: [ParNew: 601381K->54402K(613440K), 0.0224494 secs] 621904K->74925K(2029056K), 0.0225306 secs] [Times: user=0.25 sys=0.00, real=0.02 secs] 
2020-09-29T18:30:59.928+0200: 72.321: [GC (Allocation Failure) 2020-09-29T18:30:59.928+0200: 72.321: [ParNew: 599746K->47110K(613440K), 0.0204730 secs] 620269K->67633K(2029056K), 0.0205425 secs] [Times: user=0.13 sys=0.00, real=0.02 secs] 
2020-09-29T18:30:59.998+0200: 72.391: [GC (Allocation Failure) 2020-09-29T18:30:59.998+0200: 72.391: [ParNew: 592454K->40876K(613440K), 0.0163085 secs] 612977K->61399K(2029056K), 0.0163912 secs] [Times: user=0.11 sys=0.00, real=0.02 secs] 
2020-09-29T18:31:00.074+0200: 72.468: [GC (Allocation Failure) 2020-09-29T18:31:00.074+0200: 72.468: [ParNew: 586220K->25844K(613440K), 0.0164252 secs] 606743K->46367K(2029056K), 0.0164898 secs] [Times: user=0.11 sys=0.00, real=0.02 secs] 
2020-09-29T18:31:00.147+0200: 72.540: [GC (Allocation Failure) 2020-09-29T18:31:00.147+0200: 72.540: [ParNew: 571188K->56315K(613440K), 0.0248395 secs] 591711K->76838K(2029056K), 0.0249295 secs] [Times: user=0.11 sys=0.00, real=0.02 secs] 
2020-09-29T18:31:00.226+0200: 72.619: [GC (Allocation Failure) 2020-09-29T18:31:00.226+0200: 72.619: [ParNew: 601659K->43297K(613440K), 0.0192682 secs] 622182K->63820K(2029056K), 0.0193762 secs] [Times: user=0.13 sys=0.00, real=0.02 secs] 
2020-09-29T18:31:00.296+0200: 72.689: [GC (Allocation Failure) 2020-09-29T18:31:00.296+0200: 72.689: [ParNew: 588641K->37812K(613440K), 0.0212266 secs] 609164K->58335K(2029056K), 0.0212981 secs] [Times: user=0.23 sys=0.00, real=0.02 secs] 
2020-09-29T18:31:00.368+0200: 72.761: [GC (Allocation Failure) 2020-09-29T18:31:00.368+0200: 72.761: [ParNew: 583156K->57462K(613440K), 0.0206231 secs] 603679K->77985K(2029056K), 0.0206977 secs] [Times: user=0.13 sys=0.00, real=0.02 secs] 
2020-09-29T18:31:00.441+0200: 72.834: [GC (Allocation Failure) 2020-09-29T18:31:00.441+0200: 72.834: [ParNew: 602806K->51256K(613440K), 0.0227742 secs] 623329K->71779K(2029056K), 0.0228782 secs] [Times: user=0.20 sys=0.00, real=0.02 secs] 
2020-09-29T18:31:00.520+0200: 72.914: [GC (Allocation Failure) 2020-09-29T18:31:00.520+0200: 72.914: [ParNew: 596600K->68096K(613440K), 0.0288876 secs] 617123K->89175K(2029056K), 0.0289549 secs] [Times: user=0.11 sys=0.00, real=0.03 secs] 
2020-09-29T18:31:00.602+0200: 72.995: [GC (Allocation Failure) 2020-09-29T18:31:00.602+0200: 72.995: [ParNew: 613440K->47489K(613440K), 0.0143292 secs] 634519K->68568K(2029056K), 0.0144159 secs] [Times: user=0.13 sys=0.00, real=0.02 secs] 
2020-09-29T18:31:00.676+0200: 73.068: [GC (Allocation Failure) 2020-09-29T18:31:00.676+0200: 73.068: [ParNew: 592833K->36928K(613440K), 0.0223491 secs] 613912K->58007K(2029056K), 0.0224683 secs] [Times: user=0.25 sys=0.00, real=0.02 secs] 
2020-09-29T18:31:00.756+0200: 73.149: [GC (Allocation Failure) 2020-09-29T18:31:00.756+0200: 73.149: [ParNew: 582272K->58014K(613440K), 0.0281355 secs] 603351K->79093K(2029056K), 0.0282656 secs] [Times: user=0.13 sys=0.00, real=0.03 secs] 
2020-09-29T18:31:00.845+0200: 73.238: [GC (Allocation Failure) 2020-09-29T18:31:00.845+0200: 73.238: [ParNew: 603358K->52688K(613440K), 0.0251415 secs] 624437K->73767K(2029056K), 0.0252324 secs] [Times: user=0.25 sys=0.00, real=0.03 secs] 
2020-09-29T18:31:00.929+0200: 73.321: [GC (Allocation Failure) 2020-09-29T18:31:00.929+0200: 73.321: [ParNew: 598032K->68096K(613440K), 0.0268589 secs] 619111K->89175K(2029056K), 0.0269766 secs] [Times: user=0.11 sys=0.00, real=0.03 secs] 
2020-09-29T18:31:01.012+0200: 73.405: [GC (Allocation Failure) 2020-09-29T18:31:01.012+0200: 73.405: [ParNew: 613440K->54762K(613440K), 0.0269723 secs] 634519K->75841K(2029056K), 0.0270720 secs] [Times: user=0.19 sys=0.00, real=0.03 secs] 
2020-09-29T18:31:01.098+0200: 73.491: [GC (Allocation Failure) 2020-09-29T18:31:01.098+0200: 73.491: [ParNew: 600106K->38255K(613440K), 0.0201154 secs] 621185K->59335K(2029056K), 0.0201964 secs] [Times: user=0.13 sys=0.00, real=0.02 secs] 
2020-09-29T18:31:01.168+0200: 73.560: [GC (Allocation Failure) 2020-09-29T18:31:01.168+0200: 73.560: [ParNew: 583599K->23192K(613440K), 0.0121049 secs] 604679K->44271K(2029056K), 0.0121870 secs] [Times: user=0.13 sys=0.00, real=0.01 secs] 
2020-09-29T18:31:01.227+0200: 73.620: [GC (Allocation Failure) 2020-09-29T18:31:01.228+0200: 73.620: [ParNew: 568536K->36724K(613440K), 0.0159656 secs] 589615K->57803K(2029056K), 0.0160455 secs] [Times: user=0.13 sys=0.00, real=0.02 secs] 
2020-09-29T18:31:01.307+0200: 73.699: [GC (Allocation Failure) 2020-09-29T18:31:01.307+0200: 73.699: [ParNew: 582068K->68096K(613440K), 0.0284496 secs] 603147K->89545K(2029056K), 0.0285172 secs] [Times: user=0.23 sys=0.00, real=0.03 secs] 
2020-09-29T18:31:01.384+0200: 73.777: [GC (Allocation Failure) 2020-09-29T18:31:01.384+0200: 73.777: [ParNew: 613440K->48830K(613440K), 0.0159932 secs] 634889K->70279K(2029056K), 0.0160857 secs] [Times: user=0.13 sys=0.00, real=0.02 secs] 
2020-09-29T18:31:01.458+0200: 73.850: [GC (Allocation Failure) 2020-09-29T18:31:01.458+0200: 73.850: [ParNew: 594174K->40140K(613440K), 0.0191067 secs] 615623K->61590K(2029056K), 0.0192104 secs] [Times: user=0.13 sys=0.00, real=0.02 secs] 
2020-09-29T18:31:01.552+0200: 73.944: [GC (Allocation Failure) 2020-09-29T18:31:01.552+0200: 73.944: [ParNew: 585484K->55973K(613440K), 0.0267162 secs] 606934K->77423K(2029056K), 0.0268115 secs] [Times: user=0.13 sys=0.00, real=0.03 secs] 
2020-09-29T18:31:01.629+0200: 74.022: [GC (Allocation Failure) 2020-09-29T18:31:01.629+0200: 74.022: [ParNew: 601317K->51027K(613440K), 0.0189900 secs] 622767K->72476K(2029056K), 0.0190722 secs] [Times: user=0.25 sys=0.00, real=0.02 secs] 
2020-09-29T18:31:01.699+0200: 74.092: [GC (Allocation Failure) 2020-09-29T18:31:01.699+0200: 74.092: [ParNew: 596371K->68081K(613440K), 0.0273282 secs] 617820K->89531K(2029056K), 0.0274084 secs] [Times: user=0.23 sys=0.00, real=0.03 secs] 
2020-09-29T18:31:01.775+0200: 74.168: [GC (Allocation Failure) 2020-09-29T18:31:01.775+0200: 74.168: [ParNew: 613425K->50663K(613440K), 0.0178008 secs] 634875K->72113K(2029056K), 0.0178669 secs] [Times: user=0.11 sys=0.00, real=0.02 secs] 
2020-09-29T18:31:01.848+0200: 74.241: [GC (Allocation Failure) 2020-09-29T18:31:01.848+0200: 74.241: [ParNew: 596007K->65168K(613440K), 0.0248336 secs] 617457K->86617K(2029056K), 0.0249357 secs] [Times: user=0.13 sys=0.00, real=0.02 secs] 
2020-09-29T18:31:01.922+0200: 74.316: [GC (Allocation Failure) 2020-09-29T18:31:01.922+0200: 74.316: [ParNew: 610512K->44258K(613440K), 0.0172779 secs] 631961K->65708K(2029056K), 0.0173436 secs] [Times: user=0.13 sys=0.00, real=0.02 secs] 
2020-09-29T18:31:01.988+0200: 74.381: [GC (Allocation Failure) 2020-09-29T18:31:01.988+0200: 74.382: [ParNew: 589602K->37988K(613440K), 0.0169073 secs] 611052K->59437K(2029056K), 0.0169919 secs] [Times: user=0.22 sys=0.00, real=0.02 secs] 
2020-09-29T18:31:02.061+0200: 74.455: [GC (Allocation Failure) 2020-09-29T18:31:02.061+0200: 74.455: [ParNew: 583332K->51043K(613440K), 0.0196506 secs] 604781K->72492K(2029056K), 0.0197202 secs] [Times: user=0.13 sys=0.00, real=0.02 secs] 
2020-09-29T18:31:02.139+0200: 74.533: [GC (Allocation Failure) 2020-09-29T18:31:02.139+0200: 74.533: [ParNew: 596387K->65931K(613440K), 0.0243863 secs] 617836K->87380K(2029056K), 0.0244844 secs] [Times: user=0.25 sys=0.00, real=0.03 secs] 
2020-09-29T18:31:02.220+0200: 74.613: [GC (Allocation Failure) 2020-09-29T18:31:02.220+0200: 74.613: [ParNew: 611275K->53734K(613440K), 0.0200744 secs] 632724K->75184K(2029056K), 0.0201831 secs] [Times: user=0.22 sys=0.00, real=0.02 secs] 
2020-09-29T18:31:02.313+0200: 74.706: [GC (Allocation Failure) 2020-09-29T18:31:02.313+0200: 74.706: [ParNew: 599078K->46103K(613440K), 0.0195726 secs] 620528K->67552K(2029056K), 0.0196723 secs] [Times: user=0.25 sys=0.00, real=0.02 secs] 
2020-09-29T18:31:02.395+0200: 74.788: [GC (Allocation Failure) 2020-09-29T18:31:02.395+0200: 74.788: [ParNew: 591447K->33951K(613440K), 0.0197502 secs] 612896K->55401K(2029056K), 0.0198464 secs] [Times: user=0.13 sys=0.00, real=0.02 secs] 
2020-09-29T18:31:02.474+0200: 74.867: [GC (Allocation Failure) 2020-09-29T18:31:02.474+0200: 74.867: [ParNew: 579295K->25514K(613440K), 0.0122995 secs] 600745K->46963K(2029056K), 0.0123819 secs] [Times: user=0.00 sys=0.00, real=0.01 secs] 
2020-09-29T18:31:02.553+0200: 74.947: [GC (Allocation Failure) 2020-09-29T18:31:02.553+0200: 74.947: [ParNew: 570858K->24324K(613440K), 0.0168210 secs] 592307K->45773K(2029056K), 0.0169341 secs] [Times: user=0.11 sys=0.00, real=0.02 secs] 
2020-09-29T18:31:02.635+0200: 75.028: [GC (Allocation Failure) 2020-09-29T18:31:02.635+0200: 75.028: [ParNew: 569668K->25054K(613440K), 0.0134519 secs] 591117K->46503K(2029056K), 0.0135536 secs] [Times: user=0.13 sys=0.00, real=0.01 secs] 
2020-09-29T18:31:02.710+0200: 75.103: [GC (Allocation Failure) 2020-09-29T18:31:02.710+0200: 75.103: [ParNew: 570398K->48080K(613440K), 0.0230641 secs] 591847K->69530K(2029056K), 0.0231489 secs] [Times: user=0.13 sys=0.00, real=0.02 secs] 
2020-09-29T18:31:02.785+0200: 75.178: [GC (Allocation Failure) 2020-09-29T18:31:02.785+0200: 75.178: [ParNew: 593424K->40384K(613440K), 0.0149899 secs] 614874K->61833K(2029056K), 0.0150563 secs] [Times: user=0.13 sys=0.00, real=0.01 secs] 
2020-09-29T18:31:02.852+0200: 75.245: [GC (Allocation Failure) 2020-09-29T18:31:02.852+0200: 75.245: [ParNew: 585728K->34784K(613440K), 0.0130604 secs] 607177K->56233K(2029056K), 0.0131306 secs] [Times: user=0.11 sys=0.00, real=0.01 secs] 
2020-09-29T18:31:02.919+0200: 75.312: [GC (Allocation Failure) 2020-09-29T18:31:02.919+0200: 75.312: [ParNew: 580128K->28072K(613440K), 0.0119734 secs] 601577K->49522K(2029056K), 0.0120310 secs] [Times: user=0.11 sys=0.00, real=0.01 secs] 
2020-09-29T18:31:02.982+0200: 75.375: [GC (Allocation Failure) 2020-09-29T18:31:02.982+0200: 75.375: [ParNew: 573416K->57993K(613440K), 0.0231367 secs] 594866K->79442K(2029056K), 0.0232475 secs] [Times: user=0.25 sys=0.00, real=0.02 secs] 
2020-09-29T18:31:03.056+0200: 75.450: [GC (Allocation Failure) 2020-09-29T18:31:03.057+0200: 75.450: [ParNew: 603337K->46141K(613440K), 0.0199343 secs] 624786K->67590K(2029056K), 0.0200121 secs] [Times: user=0.13 sys=0.00, real=0.02 secs] 
2020-09-29T18:31:03.129+0200: 75.523: [GC (Allocation Failure) 2020-09-29T18:31:03.129+0200: 75.523: [ParNew: 591485K->66071K(613440K), 0.0228615 secs] 612934K->87520K(2029056K), 0.0229455 secs] [Times: user=0.13 sys=0.00, real=0.02 secs] 
2020-09-29T18:31:03.208+0200: 75.601: [GC (Allocation Failure) 2020-09-29T18:31:03.208+0200: 75.601: [ParNew: 611415K->45341K(613440K), 0.0160130 secs] 632864K->66790K(2029056K), 0.0160911 secs] [Times: user=0.13 sys=0.00, real=0.02 secs] 
2020-09-29T18:31:03.280+0200: 75.673: [GC (Allocation Failure) 2020-09-29T18:31:03.280+0200: 75.673: [ParNew: 590685K->44280K(613440K), 0.0224719 secs] 612134K->65730K(2029056K), 0.0225611 secs] [Times: user=0.25 sys=0.00, real=0.02 secs] 
2020-09-29T18:31:03.356+0200: 75.750: [GC (Allocation Failure) 2020-09-29T18:31:03.356+0200: 75.750: [ParNew: 589624K->61626K(613440K), 0.0225743 secs] 611074K->83075K(2029056K), 0.0226513 secs] [Times: user=0.23 sys=0.00, real=0.02 secs] 
2020-09-29T18:31:03.434+0200: 75.827: [GC (Allocation Failure) 2020-09-29T18:31:03.434+0200: 75.828: [ParNew: 606970K->27012K(613440K), 0.0155321 secs] 628419K->48462K(2029056K), 0.0156006 secs] [Times: user=0.13 sys=0.00, real=0.02 secs] 
2020-09-29T18:31:03.515+0200: 75.908: [GC (Allocation Failure) 2020-09-29T18:31:03.515+0200: 75.908: [ParNew: 572356K->62366K(613440K), 0.0280472 secs] 593806K->83816K(2029056K), 0.0281588 secs] [Times: user=0.25 sys=0.00, real=0.03 secs] 
2020-09-29T18:31:03.592+0200: 75.985: [GC (Allocation Failure) 2020-09-29T18:31:03.592+0200: 75.985: [ParNew: 607710K->68096K(613440K), 0.0260620 secs] 629160K->89545K(2029056K), 0.0261210 secs] [Times: user=0.19 sys=0.00, real=0.03 secs] 
2020-09-29T18:31:03.668+0200: 76.061: [GC (Allocation Failure) 2020-09-29T18:31:03.668+0200: 76.061: [ParNew: 613440K->47730K(613440K), 0.0177132 secs] 634889K->69180K(2029056K), 0.0177766 secs] [Times: user=0.13 sys=0.00, real=0.02 secs] 
2020-09-29T18:31:03.738+0200: 76.131: [GC (Allocation Failure) 2020-09-29T18:31:03.738+0200: 76.131: [ParNew: 593074K->48133K(613440K), 0.0210356 secs] 614524K->69582K(2029056K), 0.0211117 secs] [Times: user=0.25 sys=0.00, real=0.02 secs] 
2020-09-29T18:31:03.811+0200: 76.204: [GC (Allocation Failure) 2020-09-29T18:31:03.811+0200: 76.204: [ParNew: 593477K->57310K(613440K), 0.0231929 secs] 614926K->78759K(2029056K), 0.0232915 secs] [Times: user=0.23 sys=0.00, real=0.02 secs] 
2020-09-29T18:31:03.890+0200: 76.283: [GC (Allocation Failure) 2020-09-29T18:31:03.890+0200: 76.283: [ParNew: 602654K->43226K(613440K), 0.0149156 secs] 624103K->64676K(2029056K), 0.0149851 secs] [Times: user=0.13 sys=0.00, real=0.01 secs] 
2020-09-29T18:31:03.956+0200: 76.349: [GC (Allocation Failure) 2020-09-29T18:31:03.956+0200: 76.350: [ParNew: 588570K->63950K(613440K), 0.0273826 secs] 610020K->85399K(2029056K), 0.0274713 secs] [Times: user=0.23 sys=0.00, real=0.03 secs] 
2020-09-29T18:31:04.038+0200: 76.432: [GC (Allocation Failure) 2020-09-29T18:31:04.038+0200: 76.432: [ParNew: 609294K->38980K(613440K), 0.0155642 secs] 630743K->60429K(2029056K), 0.0156513 secs] [Times: user=0.13 sys=0.00, real=0.02 secs] 
2020-09-29T18:31:04.106+0200: 76.500: [GC (Allocation Failure) 2020-09-29T18:31:04.106+0200: 76.500: [ParNew: 584324K->54502K(613440K), 0.0262701 secs] 605773K->75952K(2029056K), 0.0263591 secs] [Times: user=0.22 sys=0.02, real=0.03 secs] 
2020-09-29T18:31:04.194+0200: 76.587: [GC (Allocation Failure) 2020-09-29T18:31:04.194+0200: 76.587: [ParNew: 599846K->46847K(613440K), 0.0181887 secs] 621296K->68296K(2029056K), 0.0182751 secs] [Times: user=0.13 sys=0.00, real=0.02 secs] 
2020-09-29T18:31:04.263+0200: 76.657: [GC (Allocation Failure) 2020-09-29T18:31:04.263+0200: 76.657: [ParNew: 592191K->35666K(613440K), 0.0180263 secs] 613640K->57115K(2029056K), 0.0181036 secs] [Times: user=0.13 sys=0.00, real=0.02 secs] 
2020-09-29T18:31:04.334+0200: 76.727: [GC (Allocation Failure) 2020-09-29T18:31:04.334+0200: 76.727: [ParNew: 581010K->58197K(613440K), 0.0194736 secs] 602459K->79647K(2029056K), 0.0195388 secs] [Times: user=0.11 sys=0.00, real=0.02 secs] 
2020-09-29T18:31:04.416+0200: 76.809: [GC (Allocation Failure) 2020-09-29T18:31:04.416+0200: 76.809: [ParNew: 603541K->59132K(613440K), 0.0238699 secs] 624991K->80582K(2029056K), 0.0239524 secs] [Times: user=0.11 sys=0.00, real=0.02 secs] 
2020-09-29T18:31:04.491+0200: 76.884: [GC (Allocation Failure) 2020-09-29T18:31:04.497+0200: 76.890: [ParNew: 604476K->57853K(613440K), 0.0252456 secs] 625926K->79302K(2029056K), 0.0309767 secs] [Times: user=0.23 sys=0.00, real=0.03 secs] 
2020-09-29T18:31:04.577+0200: 76.970: [GC (Allocation Failure) 2020-09-29T18:31:04.577+0200: 76.970: [ParNew: 603197K->65294K(613440K), 0.0252470 secs] 624646K->86743K(2029056K), 0.0253399 secs] [Times: user=0.24 sys=0.00, real=0.03 secs] 
2020-09-29T18:31:04.653+0200: 77.046: [GC (Allocation Failure) 2020-09-29T18:31:04.653+0200: 77.046: [ParNew: 610638K->47684K(613440K), 0.0179841 secs] 632087K->69133K(2029056K), 0.0180721 secs] [Times: user=0.11 sys=0.00, real=0.02 secs] 
2020-09-29T18:31:04.722+0200: 77.115: [GC (Allocation Failure) 2020-09-29T18:31:04.722+0200: 77.115: [ParNew: 593028K->39076K(613440K), 0.0194544 secs] 614477K->60525K(2029056K), 0.0195300 secs] [Times: user=0.22 sys=0.00, real=0.02 secs] 
2020-09-29T18:31:04.793+0200: 77.186: [GC (Allocation Failure) 2020-09-29T18:31:04.793+0200: 77.186: [ParNew: 584420K->56511K(613440K), 0.0209636 secs] 605869K->77961K(2029056K), 0.0210338 secs] [Times: user=0.13 sys=0.00, real=0.02 secs] 
2020-09-29T18:31:04.869+0200: 77.263: [GC (Allocation Failure) 2020-09-29T18:31:04.869+0200: 77.263: [ParNew: 601855K->49890K(613440K), 0.0210316 secs] 623305K->71340K(2029056K), 0.0211393 secs] [Times: user=0.09 sys=0.00, real=0.02 secs] 
2020-09-29T18:31:04.947+0200: 77.340: [GC (Allocation Failure) 2020-09-29T18:31:04.947+0200: 77.340: [ParNew: 595234K->43052K(613440K), 0.0196975 secs] 616684K->64502K(2029056K), 0.0197626 secs] [Times: user=0.13 sys=0.00, real=0.02 secs] 
2020-09-29T18:31:05.015+0200: 77.409: [GC (Allocation Failure) 2020-09-29T18:31:05.015+0200: 77.409: [ParNew: 588396K->42273K(613440K), 0.0183307 secs] 609846K->63723K(2029056K), 0.0183926 secs] [Times: user=0.11 sys=0.00, real=0.02 secs] 
2020-09-29T18:31:05.088+0200: 77.481: [GC (Allocation Failure) 2020-09-29T18:31:05.088+0200: 77.481: [ParNew: 587617K->38165K(613440K), 0.0185751 secs] 609067K->59614K(2029056K), 0.0186473 secs] [Times: user=0.13 sys=0.00, real=0.02 secs] 
2020-09-29T18:31:05.163+0200: 77.556: [GC (Allocation Failure) 2020-09-29T18:31:05.163+0200: 77.556: [ParNew: 583509K->61165K(613440K), 0.0208105 secs] 604958K->82614K(2029056K), 0.0209047 secs] [Times: user=0.13 sys=0.00, real=0.02 secs] 
2020-09-29T18:31:05.231+0200: 77.624: [GC (Allocation Failure) 2020-09-29T18:31:05.231+0200: 77.624: [ParNew: 606509K->50045K(613440K), 0.0200716 secs] 627958K->71495K(2029056K), 0.0201339 secs] [Times: user=0.13 sys=0.00, real=0.02 secs] 
2020-09-29T18:31:05.299+0200: 77.693: [GC (Allocation Failure) 2020-09-29T18:31:05.299+0200: 77.693: [ParNew: 595389K->44528K(613440K), 0.0155342 secs] 616839K->65978K(2029056K), 0.0156117 secs] [Times: user=0.13 sys=0.00, real=0.02 secs] 
2020-09-29T18:31:05.364+0200: 77.757: [GC (Allocation Failure) 2020-09-29T18:31:05.364+0200: 77.757: [ParNew: 589872K->42742K(613440K), 0.0192687 secs] 611322K->64191K(2029056K), 0.0193581 secs] [Times: user=0.13 sys=0.00, real=0.02 secs] 
2020-09-29T18:31:05.435+0200: 77.829: [GC (Allocation Failure) 2020-09-29T18:31:05.435+0200: 77.829: [ParNew: 588086K->61632K(613440K), 0.0279152 secs] 609535K->83082K(2029056K), 0.0280119 secs] [Times: user=0.24 sys=0.00, real=0.03 secs] 
2020-09-29T18:31:05.514+0200: 77.908: [GC (Allocation Failure) 2020-09-29T18:31:05.514+0200: 77.908: [ParNew: 606976K->49973K(613440K), 0.0194006 secs] 628426K->71423K(2029056K), 0.0194643 secs] [Times: user=0.11 sys=0.00, real=0.02 secs] 
2020-09-29T18:31:05.588+0200: 77.981: [GC (Allocation Failure) 2020-09-29T18:31:05.588+0200: 77.981: [ParNew: 595317K->57515K(613440K), 0.0284327 secs] 616767K->78965K(2029056K), 0.0285195 secs] [Times: user=0.22 sys=0.00, real=0.03 secs] 
2020-09-29T18:31:05.673+0200: 78.066: [GC (Allocation Failure) 2020-09-29T18:31:05.673+0200: 78.066: [ParNew: 602859K->44913K(613440K), 0.0202943 secs] 624309K->66363K(2029056K), 0.0203808 secs] [Times: user=0.22 sys=0.00, real=0.02 secs] 
2020-09-29T18:31:05.755+0200: 78.148: [GC (Allocation Failure) 2020-09-29T18:31:05.755+0200: 78.148: [ParNew: 590257K->55339K(613440K), 0.0293346 secs] 611707K->76789K(2029056K), 0.0294125 secs] [Times: user=0.11 sys=0.00, real=0.03 secs] 
2020-09-29T18:31:05.846+0200: 78.239: [GC (Allocation Failure) 2020-09-29T18:31:05.846+0200: 78.239: [ParNew: 600683K->37608K(613440K), 0.0157975 secs] 622133K->59057K(2029056K), 0.0160028 secs] [Times: user=0.11 sys=0.00, real=0.02 secs] 
2020-09-29T18:31:05.923+0200: 78.316: [GC (Allocation Failure) 2020-09-29T18:31:05.923+0200: 78.316: [ParNew: 582952K->54343K(613440K), 0.0283699 secs] 604401K->75793K(2029056K), 0.0284548 secs] [Times: user=0.22 sys=0.00, real=0.03 secs] 
2020-09-29T18:31:06.014+0200: 78.407: [GC (Allocation Failure) 2020-09-29T18:31:06.014+0200: 78.407: [ParNew: 599687K->47842K(613440K), 0.0227510 secs] 621137K->69291K(2029056K), 0.0228723 secs] [Times: user=0.22 sys=0.00, real=0.02 secs] 
2020-09-29T18:31:06.103+0200: 78.496: [GC (Allocation Failure) 2020-09-29T18:31:06.103+0200: 78.496: [ParNew: 593186K->39031K(613440K), 0.0217369 secs] 614635K->60480K(2029056K), 0.0218507 secs] [Times: user=0.13 sys=0.00, real=0.02 secs] 
2020-09-29T18:31:06.189+0200: 78.583: [GC (Allocation Failure) 2020-09-29T18:31:06.190+0200: 78.583: [ParNew: 584375K->57669K(613440K), 0.0269423 secs] 605824K->79119K(2029056K), 0.0270651 secs] [Times: user=0.22 sys=0.00, real=0.03 secs] 
2020-09-29T18:31:06.270+0200: 78.664: [GC (Allocation Failure) 2020-09-29T18:31:06.271+0200: 78.664: [ParNew: 603013K->46339K(613440K), 0.0215004 secs] 624463K->67788K(2029056K), 0.0215815 secs] [Times: user=0.13 sys=0.00, real=0.02 secs] 
2020-09-29T18:31:06.345+0200: 78.739: [GC (Allocation Failure) 2020-09-29T18:31:06.345+0200: 78.739: [ParNew: 591683K->59389K(613440K), 0.0256444 secs] 613132K->80838K(2029056K), 0.0257300 secs] [Times: user=0.20 sys=0.00, real=0.03 secs] 
2020-09-29T18:31:06.430+0200: 78.824: [GC (Allocation Failure) 2020-09-29T18:31:06.430+0200: 78.824: [ParNew: 604733K->40614K(613440K), 0.0268449 secs] 626182K->62064K(2029056K), 0.0269361 secs] [Times: user=0.24 sys=0.00, real=0.03 secs] 
2020-09-29T18:31:06.512+0200: 78.905: [GC (Allocation Failure) 2020-09-29T18:31:06.512+0200: 78.905: [ParNew: 584696K->12031K(613440K), 0.0050247 secs] 606146K->33480K(2029056K), 0.0050877 secs] [Times: user=0.00 sys=0.00, real=0.00 secs] 
2020-09-29T18:31:06.573+0200: 78.966: [GC (Allocation Failure) 2020-09-29T18:31:06.573+0200: 78.966: [ParNew: 557375K->32851K(613440K), 0.0182775 secs] 578824K->54300K(2029056K), 0.0183707 secs] [Times: user=0.13 sys=0.00, real=0.02 secs] 
2020-09-29T18:31:06.642+0200: 79.035: [GC (Allocation Failure) 2020-09-29T18:31:06.643+0200: 79.035: [ParNew: 578195K->48356K(613440K), 0.0213231 secs] 599644K->69805K(2029056K), 0.0214099 secs] [Times: user=0.23 sys=0.00, real=0.02 secs] 
2020-09-29T18:31:06.716+0200: 79.108: [GC (Allocation Failure) 2020-09-29T18:31:06.716+0200: 79.108: [ParNew: 593700K->40199K(613440K), 0.0205139 secs] 615149K->61649K(2029056K), 0.0205954 secs] [Times: user=0.13 sys=0.00, real=0.02 secs] 
2020-09-29T18:31:06.786+0200: 79.180: [GC (Allocation Failure) 2020-09-29T18:31:06.786+0200: 79.180: [ParNew: 585543K->38499K(613440K), 0.0139907 secs] 606993K->59949K(2029056K), 0.0140754 secs] [Times: user=0.00 sys=0.00, real=0.01 secs] 
2020-09-29T18:31:06.857+0200: 79.250: [GC (Allocation Failure) 2020-09-29T18:31:06.857+0200: 79.250: [ParNew: 583843K->35685K(613440K), 0.0197634 secs] 605293K->57135K(2029056K), 0.0198309 secs] [Times: user=0.13 sys=0.00, real=0.02 secs] 
2020-09-29T18:31:06.937+0200: 79.330: [GC (Allocation Failure) 2020-09-29T18:31:06.937+0200: 79.330: [ParNew: 581029K->52683K(613440K), 0.0237204 secs] 602479K->74132K(2029056K), 0.0237844 secs] [Times: user=0.25 sys=0.00, real=0.02 secs] 
2020-09-29T18:31:07.012+0200: 79.405: [GC (Allocation Failure) 2020-09-29T18:31:07.012+0200: 79.405: [ParNew: 598027K->61801K(613440K), 0.0223972 secs] 619476K->83250K(2029056K), 0.0224821 secs] [Times: user=0.13 sys=0.00, real=0.02 secs] 
2020-09-29T18:31:07.085+0200: 79.478: [GC (Allocation Failure) 2020-09-29T18:31:07.085+0200: 79.478: [ParNew: 607145K->46468K(613440K), 0.0244796 secs] 628594K->67918K(2029056K), 0.0245598 secs] [Times: user=0.13 sys=0.00, real=0.02 secs] 
2020-09-29T18:31:07.162+0200: 79.555: [GC (Allocation Failure) 2020-09-29T18:31:07.162+0200: 79.555: [ParNew: 591812K->46286K(613440K), 0.0189666 secs] 613262K->67736K(2029056K), 0.0190402 secs] [Times: user=0.13 sys=0.00, real=0.02 secs] 
2020-09-29T18:31:07.231+0200: 79.623: [GC (Allocation Failure) 2020-09-29T18:31:07.231+0200: 79.623: [ParNew: 591630K->44093K(613440K), 0.0194276 secs] 613080K->65542K(2029056K), 0.0194975 secs] [Times: user=0.13 sys=0.00, real=0.02 secs] 
2020-09-29T18:31:07.300+0200: 79.693: [GC (Allocation Failure) 2020-09-29T18:31:07.300+0200: 79.693: [ParNew: 589437K->35107K(613440K), 0.0105512 secs] 610886K->56556K(2029056K), 0.0106218 secs] [Times: user=0.13 sys=0.00, real=0.01 secs] 
2020-09-29T18:31:07.358+0200: 79.751: [GC (Allocation Failure) 2020-09-29T18:31:07.358+0200: 79.751: [ParNew: 580451K->36336K(613440K), 0.0154439 secs] 601900K->57786K(2029056K), 0.0155883 secs] [Times: user=0.13 sys=0.00, real=0.02 secs] 
2020-09-29T18:31:07.438+0200: 79.830: [GC (Allocation Failure) 2020-09-29T18:31:07.438+0200: 79.830: [ParNew: 581680K->41302K(613440K), 0.0211249 secs] 603130K->62751K(2029056K), 0.0211988 secs] [Times: user=0.22 sys=0.00, real=0.02 secs] 
2020-09-29T18:31:07.516+0200: 79.909: [GC (Allocation Failure) 2020-09-29T18:31:07.516+0200: 79.909: [ParNew: 586646K->31490K(613440K), 0.0179076 secs] 608095K->52939K(2029056K), 0.0180022 secs] [Times: user=0.13 sys=0.00, real=0.02 secs] 
2020-09-29T18:31:07.594+0200: 79.986: [GC (Allocation Failure) 2020-09-29T18:31:07.594+0200: 79.986: [ParNew: 576834K->50556K(613440K), 0.0231265 secs] 598283K->72006K(2029056K), 0.0231991 secs] [Times: user=0.23 sys=0.00, real=0.02 secs] 
2020-09-29T18:31:07.672+0200: 80.065: [GC (Allocation Failure) 2020-09-29T18:31:07.672+0200: 80.065: [ParNew: 595900K->43427K(613440K), 0.0189397 secs] 617350K->64877K(2029056K), 0.0190265 secs] [Times: user=0.13 sys=0.00, real=0.02 secs] 
2020-09-29T18:31:07.743+0200: 80.135: [GC (Allocation Failure) 2020-09-29T18:31:07.743+0200: 80.135: [ParNew: 588771K->42412K(613440K), 0.0183182 secs] 610221K->63862K(2029056K), 0.0183859 secs] [Times: user=0.13 sys=0.00, real=0.02 secs] 
2020-09-29T18:31:07.810+0200: 80.202: [GC (Allocation Failure) 2020-09-29T18:31:07.810+0200: 80.202: [ParNew: 587756K->33531K(613440K), 0.0105443 secs] 609206K->54980K(2029056K), 0.0106046 secs] [Times: user=0.13 sys=0.00, real=0.01 secs] 
2020-09-29T18:31:07.868+0200: 80.261: [GC (Allocation Failure) 2020-09-29T18:31:07.868+0200: 80.261: [ParNew: 578875K->25543K(613440K), 0.0140107 secs] 600324K->46993K(2029056K), 0.0140671 secs] [Times: user=0.13 sys=0.00, real=0.01 secs] 
2020-09-29T18:31:07.936+0200: 80.329: [GC (Allocation Failure) 2020-09-29T18:31:07.936+0200: 80.329: [ParNew: 570887K->20096K(613440K), 0.0071063 secs] 592337K->41546K(2029056K), 0.0071701 secs] [Times: user=0.13 sys=0.00, real=0.01 secs] 
2020-09-29T18:31:07.992+0200: 80.384: [GC (Allocation Failure) 2020-09-29T18:31:07.992+0200: 80.384: [ParNew: 565440K->32378K(613440K), 0.0163361 secs] 586890K->53827K(2029056K), 0.0163950 secs] [Times: user=0.13 sys=0.00, real=0.02 secs] 
2020-09-29T18:31:08.056+0200: 80.449: [GC (Allocation Failure) 2020-09-29T18:31:08.056+0200: 80.449: [ParNew: 577722K->46265K(613440K), 0.0204907 secs] 599171K->67715K(2029056K), 0.0205536 secs] [Times: user=0.13 sys=0.00, real=0.02 secs] 
2020-09-29T18:31:08.124+0200: 80.516: [GC (Allocation Failure) 2020-09-29T18:31:08.124+0200: 80.516: [ParNew: 591609K->45715K(613440K), 0.0135120 secs] 613059K->67164K(2029056K), 0.0135666 secs] [Times: user=0.13 sys=0.00, real=0.01 secs] 
2020-09-29T18:31:08.188+0200: 80.581: [GC (Allocation Failure) 2020-09-29T18:31:08.188+0200: 80.581: [ParNew: 591059K->41780K(613440K), 0.0183265 secs] 612508K->63230K(2029056K), 0.0183909 secs] [Times: user=0.13 sys=0.00, real=0.02 secs] 
2020-09-29T18:31:08.257+0200: 80.650: [GC (Allocation Failure) 2020-09-29T18:31:08.257+0200: 80.650: [ParNew: 587124K->38574K(613440K), 0.0181721 secs] 608574K->60023K(2029056K), 0.0182276 secs] [Times: user=0.13 sys=0.00, real=0.02 secs] 
2020-09-29T18:31:08.323+0200: 80.715: [GC (Allocation Failure) 2020-09-29T18:31:08.323+0200: 80.715: [ParNew: 583918K->63693K(613440K), 0.0231275 secs] 605367K->85142K(2029056K), 0.0232193 secs] [Times: user=0.13 sys=0.00, real=0.02 secs] 
2020-09-29T18:31:08.392+0200: 80.785: [GC (Allocation Failure) 2020-09-29T18:31:08.392+0200: 80.785: [ParNew: 609037K->54680K(613440K), 0.0214500 secs] 630486K->76130K(2029056K), 0.0215149 secs] [Times: user=0.25 sys=0.00, real=0.02 secs] 
2020-09-29T18:31:08.466+0200: 80.858: [GC (Allocation Failure) 2020-09-29T18:31:08.466+0200: 80.858: [ParNew: 600024K->45738K(613440K), 0.0156606 secs] 621474K->67187K(2029056K), 0.0157629 secs] [Times: user=0.13 sys=0.00, real=0.01 secs] 
2020-09-29T18:31:08.537+0200: 80.930: [GC (Allocation Failure) 2020-09-29T18:31:08.538+0200: 80.930: [ParNew: 591082K->44946K(613440K), 0.0194258 secs] 612531K->66395K(2029056K), 0.0194968 secs] [Times: user=0.13 sys=0.00, real=0.02 secs] 
2020-09-29T18:31:08.607+0200: 80.999: [GC (Allocation Failure) 2020-09-29T18:31:08.607+0200: 80.999: [ParNew: 590290K->43764K(613440K), 0.0135238 secs] 611739K->65213K(2029056K), 0.0135796 secs] [Times: user=0.13 sys=0.00, real=0.01 secs] 
2020-09-29T18:31:08.674+0200: 81.066: [GC (Allocation Failure) 2020-09-29T18:31:08.674+0200: 81.066: [ParNew: 589108K->39244K(613440K), 0.0182281 secs] 610557K->60694K(2029056K), 0.0182826 secs] [Times: user=0.25 sys=0.00, real=0.02 secs] 
2020-09-29T18:31:08.741+0200: 81.134: [GC (Allocation Failure) 2020-09-29T18:31:08.741+0200: 81.134: [ParNew: 584588K->29986K(613440K), 0.0120696 secs] 606038K->51436K(2029056K), 0.0121244 secs] [Times: user=0.00 sys=0.00, real=0.01 secs] 
2020-09-29T18:31:08.802+0200: 81.195: [GC (Allocation Failure) 2020-09-29T18:31:08.802+0200: 81.195: [ParNew: 575330K->36707K(613440K), 0.0167762 secs] 596780K->58157K(2029056K), 0.0168475 secs] [Times: user=0.13 sys=0.00, real=0.02 secs] 
2020-09-29T18:31:08.865+0200: 81.258: [GC (Allocation Failure) 2020-09-29T18:31:08.865+0200: 81.258: [ParNew: 582051K->47074K(613440K), 0.0164955 secs] 603501K->68523K(2029056K), 0.0165516 secs] [Times: user=0.13 sys=0.00, real=0.02 secs] 
2020-09-29T18:31:08.931+0200: 81.323: [GC (Allocation Failure) 2020-09-29T18:31:08.931+0200: 81.323: [ParNew: 592418K->63171K(613440K), 0.0260435 secs] 613867K->84620K(2029056K), 0.0261090 secs] [Times: user=0.11 sys=0.00, real=0.03 secs] 
2020-09-29T18:31:09.005+0200: 81.398: [GC (Allocation Failure) 2020-09-29T18:31:09.005+0200: 81.398: [ParNew: 608515K->68096K(613440K), 0.0253050 secs] 629964K->90734K(2029056K), 0.0253608 secs] [Times: user=0.13 sys=0.00, real=0.02 secs] 
2020-09-29T18:31:09.078+0200: 81.470: [GC (Allocation Failure) 2020-09-29T18:31:09.078+0200: 81.470: [ParNew: 612081K->47143K(613440K), 0.0062227 secs] 634719K->69782K(2029056K), 0.0062792 secs] [Times: user=0.13 sys=0.00, real=0.01 secs] 
2020-09-29T18:31:09.131+0200: 81.523: [GC (Allocation Failure) 2020-09-29T18:31:09.131+0200: 81.523: [ParNew: 592487K->36342K(613440K), 0.0170939 secs] 615126K->58981K(2029056K), 0.0171647 secs] [Times: user=0.13 sys=0.00, real=0.02 secs] 
2020-09-29T18:31:09.195+0200: 81.588: [GC (Allocation Failure) 2020-09-29T18:31:09.196+0200: 81.588: [ParNew: 581686K->33413K(613440K), 0.0091593 secs] 604325K->56051K(2029056K), 0.0092216 secs] [Times: user=0.00 sys=0.00, real=0.01 secs] 
2020-09-29T18:31:09.257+0200: 81.649: [GC (Allocation Failure) 2020-09-29T18:31:09.257+0200: 81.649: [ParNew: 578757K->50689K(613440K), 0.0203320 secs] 601395K->73328K(2029056K), 0.0204105 secs] [Times: user=0.13 sys=0.00, real=0.02 secs] 
2020-09-29T18:31:09.325+0200: 81.717: [GC (Allocation Failure) 2020-09-29T18:31:09.325+0200: 81.717: [ParNew: 596033K->37844K(613440K), 0.0134426 secs] 618672K->60482K(2029056K), 0.0134968 secs] [Times: user=0.13 sys=0.00, real=0.01 secs] 
2020-09-29T18:31:09.396+0200: 81.788: [GC (Allocation Failure) 2020-09-29T18:31:09.396+0200: 81.788: [ParNew: 583188K->48251K(613440K), 0.0194415 secs] 605826K->70889K(2029056K), 0.0195243 secs] [Times: user=0.13 sys=0.00, real=0.02 secs] 
2020-09-29T18:31:09.466+0200: 81.858: [GC (Allocation Failure) 2020-09-29T18:31:09.466+0200: 81.858: [ParNew: 593595K->35934K(613440K), 0.0132013 secs] 616233K->58573K(2029056K), 0.0132611 secs] [Times: user=0.13 sys=0.00, real=0.01 secs] 
2020-09-29T18:31:09.530+0200: 81.922: [GC (Allocation Failure) 2020-09-29T18:31:09.530+0200: 81.922: [ParNew: 581278K->19302K(613440K), 0.0099942 secs] 603917K->41940K(2029056K), 0.0100582 secs] [Times: user=0.13 sys=0.00, real=0.01 secs] 
2020-09-29T18:31:09.590+0200: 81.982: [GC (Allocation Failure) 2020-09-29T18:31:09.590+0200: 81.982: [ParNew: 564646K->49163K(613440K), 0.0206239 secs] 587284K->71801K(2029056K), 0.0206839 secs] [Times: user=0.13 sys=0.00, real=0.02 secs] 
2020-09-29T18:31:09.662+0200: 82.055: [GC (Allocation Failure) 2020-09-29T18:31:09.662+0200: 82.055: [ParNew: 594507K->36652K(613440K), 0.0131730 secs] 617145K->59290K(2029056K), 0.0132326 secs] [Times: user=0.00 sys=0.00, real=0.01 secs] 
2020-09-29T18:31:09.722+0200: 82.115: [GC (Allocation Failure) 2020-09-29T18:31:09.722+0200: 82.115: [ParNew: 581996K->49220K(613440K), 0.0186083 secs] 604634K->71858K(2029056K), 0.0186641 secs] [Times: user=0.23 sys=0.00, real=0.02 secs] 
2020-09-29T18:31:09.792+0200: 82.185: [GC (Allocation Failure) 2020-09-29T18:31:09.792+0200: 82.185: [ParNew: 594564K->37173K(613440K), 0.0135579 secs] 617202K->59811K(2029056K), 0.0136129 secs] [Times: user=0.13 sys=0.00, real=0.01 secs] 
2020-09-29T18:31:09.861+0200: 82.254: [GC (Allocation Failure) 2020-09-29T18:31:09.861+0200: 82.254: [ParNew: 582517K->34663K(613440K), 0.0161101 secs] 605155K->57301K(2029056K), 0.0161760 secs] [Times: user=0.13 sys=0.00, real=0.02 secs] 
2020-09-29T18:31:09.926+0200: 82.318: [GC (Allocation Failure) 2020-09-29T18:31:09.926+0200: 82.318: [ParNew: 580007K->29183K(613440K), 0.0089414 secs] 602645K->51821K(2029056K), 0.0090112 secs] [Times: user=0.13 sys=0.00, real=0.01 secs] 
2020-09-29T18:31:09.984+0200: 82.377: [GC (Allocation Failure) 2020-09-29T18:31:09.984+0200: 82.377: [ParNew: 574527K->46824K(613440K), 0.0193461 secs] 597165K->69462K(2029056K), 0.0194049 secs] [Times: user=0.13 sys=0.00, real=0.02 secs] 
2020-09-29T18:31:10.054+0200: 82.447: [GC (Allocation Failure) 2020-09-29T18:31:10.054+0200: 82.447: [ParNew: 592168K->34696K(613440K), 0.0139500 secs] 614806K->57335K(2029056K), 0.0140032 secs] [Times: user=0.13 sys=0.00, real=0.01 secs] 
2020-09-29T18:31:10.127+0200: 82.520: [GC (Allocation Failure) 2020-09-29T18:31:10.127+0200: 82.520: [ParNew: 580040K->51255K(613440K), 0.0201266 secs] 602679K->73893K(2029056K), 0.0202004 secs] [Times: user=0.23 sys=0.00, real=0.02 secs] 
2020-09-29T18:31:10.196+0200: 82.588: [GC (Allocation Failure) 2020-09-29T18:31:10.196+0200: 82.588: [ParNew: 596599K->43367K(613440K), 0.0215394 secs] 619237K->66005K(2029056K), 0.0216042 secs] [Times: user=0.11 sys=0.00, real=0.02 secs] 
2020-09-29T18:31:10.265+0200: 82.658: [GC (Allocation Failure) 2020-09-29T18:31:10.265+0200: 82.658: [ParNew: 588711K->61412K(613440K), 0.0235224 secs] 611349K->84050K(2029056K), 0.0235820 secs] [Times: user=0.22 sys=0.00, real=0.02 secs] 
2020-09-29T18:31:10.337+0200: 82.730: [GC (Allocation Failure) 2020-09-29T18:31:10.337+0200: 82.730: [ParNew: 606756K->54122K(613440K), 0.0213722 secs] 629394K->76760K(2029056K), 0.0214387 secs] [Times: user=0.13 sys=0.00, real=0.02 secs] 
2020-09-29T18:31:10.410+0200: 82.803: [GC (Allocation Failure) 2020-09-29T18:31:10.410+0200: 82.803: [ParNew: 599466K->40598K(613440K), 0.0204606 secs] 622104K->63237K(2029056K), 0.0205428 secs] [Times: user=0.20 sys=0.00, real=0.02 secs] 
2020-09-29T18:31:10.483+0200: 82.876: [GC (Allocation Failure) 2020-09-29T18:31:10.483+0200: 82.876: [ParNew: 585942K->61865K(613440K), 0.0212348 secs] 608581K->84504K(2029056K), 0.0213004 secs] [Times: user=0.13 sys=0.00, real=0.02 secs] 
2020-09-29T18:31:10.553+0200: 82.946: [GC (Allocation Failure) 2020-09-29T18:31:10.553+0200: 82.946: [ParNew: 607209K->41824K(613440K), 0.0150997 secs] 629848K->64462K(2029056K), 0.0151771 secs] [Times: user=0.13 sys=0.00, real=0.02 secs] 
2020-09-29T18:31:10.619+0200: 83.011: [GC (Allocation Failure) 2020-09-29T18:31:10.619+0200: 83.011: [ParNew: 587168K->40417K(613440K), 0.0194677 secs] 609806K->63055K(2029056K), 0.0195302 secs] [Times: user=0.11 sys=0.00, real=0.02 secs] 
2020-09-29T18:31:10.689+0200: 83.081: [GC (Allocation Failure) 2020-09-29T18:31:10.689+0200: 83.081: [ParNew: 585761K->34598K(613440K), 0.0105457 secs] 608399K->57236K(2029056K), 0.0106032 secs] [Times: user=0.13 sys=0.00, real=0.01 secs] 
2020-09-29T18:31:10.753+0200: 83.145: [GC (Allocation Failure) 2020-09-29T18:31:10.753+0200: 83.145: [ParNew: 579942K->17049K(613440K), 0.0099869 secs] 602580K->39688K(2029056K), 0.0100769 secs] [Times: user=0.13 sys=0.00, real=0.01 secs] 
2020-09-29T18:31:10.823+0200: 83.216: [GC (Allocation Failure) 2020-09-29T18:31:10.823+0200: 83.216: [ParNew: 562393K->47284K(613440K), 0.0216970 secs] 585032K->69922K(2029056K), 0.0217645 secs] [Times: user=0.13 sys=0.00, real=0.02 secs] 
2020-09-29T18:31:10.892+0200: 83.285: [GC (Allocation Failure) 2020-09-29T18:31:10.892+0200: 83.285: [ParNew: 592628K->62331K(613440K), 0.0192899 secs] 615266K->84969K(2029056K), 0.0193465 secs] [Times: user=0.25 sys=0.00, real=0.02 secs] 
2020-09-29T18:31:10.963+0200: 83.355: [GC (Allocation Failure) 2020-09-29T18:31:10.963+0200: 83.355: [ParNew: 607675K->25186K(613440K), 0.0116255 secs] 630313K->47824K(2029056K), 0.0116830 secs] [Times: user=0.13 sys=0.00, real=0.01 secs] 
2020-09-29T18:31:11.025+0200: 83.418: [GC (Allocation Failure) 2020-09-29T18:31:11.025+0200: 83.418: [ParNew: 570530K->53288K(613440K), 0.0211782 secs] 593168K->75926K(2029056K), 0.0212321 secs] [Times: user=0.13 sys=0.00, real=0.02 secs] 
2020-09-29T18:31:11.097+0200: 83.490: [GC (Allocation Failure) 2020-09-29T18:31:11.097+0200: 83.490: [ParNew: 598632K->67840K(613440K), 0.0211768 secs] 621270K->90478K(2029056K), 0.0212355 secs] [Times: user=0.25 sys=0.00, real=0.02 secs] 
2020-09-29T18:31:11.168+0200: 83.561: [GC (Allocation Failure) 2020-09-29T18:31:11.168+0200: 83.561: [ParNew: 613184K->49815K(613440K), 0.0201386 secs] 635822K->72453K(2029056K), 0.0202069 secs] [Times: user=0.13 sys=0.00, real=0.02 secs] 
2020-09-29T18:31:11.236+0200: 83.628: [GC (Allocation Failure) 2020-09-29T18:31:11.236+0200: 83.628: [ParNew: 595159K->46704K(613440K), 0.0190026 secs] 617797K->69343K(2029056K), 0.0190570 secs] [Times: user=0.25 sys=0.00, real=0.02 secs] 
2020-09-29T18:31:11.303+0200: 83.695: [GC (Allocation Failure) 2020-09-29T18:31:11.303+0200: 83.695: [ParNew: 592048K->45540K(613440K), 0.0183373 secs] 614687K->68179K(2029056K), 0.0183958 secs] [Times: user=0.13 sys=0.00, real=0.02 secs] 
2020-09-29T18:31:11.369+0200: 83.761: [GC (Allocation Failure) 2020-09-29T18:31:11.369+0200: 83.761: [ParNew: 590884K->45015K(613440K), 0.0174764 secs] 613523K->67654K(2029056K), 0.0175339 secs] [Times: user=0.13 sys=0.00, real=0.02 secs] 
2020-09-29T18:31:11.438+0200: 83.831: [GC (Allocation Failure) 2020-09-29T18:31:11.438+0200: 83.831: [ParNew: 590359K->43443K(613440K), 0.0193466 secs] 612998K->66082K(2029056K), 0.0194069 secs] [Times: user=0.11 sys=0.00, real=0.02 secs] 
2020-09-29T18:31:11.509+0200: 83.902: [GC (Allocation Failure) 2020-09-29T18:31:11.509+0200: 83.902: [ParNew: 588787K->65012K(613440K), 0.0208872 secs] 611426K->87650K(2029056K), 0.0209463 secs] [Times: user=0.13 sys=0.00, real=0.02 secs] 
2020-09-29T18:31:11.580+0200: 83.973: [GC (Allocation Failure) 2020-09-29T18:31:11.580+0200: 83.973: [ParNew: 610356K->39775K(613440K), 0.0159812 secs] 632994K->62413K(2029056K), 0.0160748 secs] [Times: user=0.13 sys=0.00, real=0.02 secs] 
2020-09-29T18:31:11.647+0200: 84.040: [GC (Allocation Failure) 2020-09-29T18:31:11.647+0200: 84.040: [ParNew: 585119K->54149K(613440K), 0.0227092 secs] 607757K->76787K(2029056K), 0.0228099 secs] [Times: user=0.13 sys=0.00, real=0.02 secs] 
2020-09-29T18:31:11.721+0200: 84.113: [GC (Allocation Failure) 2020-09-29T18:31:11.721+0200: 84.113: [ParNew: 599493K->45118K(613440K), 0.0207272 secs] 622131K->67756K(2029056K), 0.0207858 secs] [Times: user=0.24 sys=0.00, real=0.02 secs] 
2020-09-29T18:31:11.799+0200: 84.191: [GC (Allocation Failure) 2020-09-29T18:31:11.799+0200: 84.191: [ParNew: 590462K->45777K(613440K), 0.0175613 secs] 613100K->68415K(2029056K), 0.0176160 secs] [Times: user=0.13 sys=0.00, real=0.02 secs] 
2020-09-29T18:31:11.863+0200: 84.256: [GC (Allocation Failure) 2020-09-29T18:31:11.863+0200: 84.256: [ParNew: 591121K->39900K(613440K), 0.0184652 secs] 613759K->62538K(2029056K), 0.0185444 secs] [Times: user=0.22 sys=0.00, real=0.02 secs] 
2020-09-29T18:31:11.930+0200: 84.323: [GC (Allocation Failure) 2020-09-29T18:31:11.930+0200: 84.323: [ParNew: 585244K->44703K(613440K), 0.0162630 secs] 607882K->67341K(2029056K), 0.0163677 secs] [Times: user=0.13 sys=0.00, real=0.02 secs] 
2020-09-29T18:31:11.994+0200: 84.387: [GC (Allocation Failure) 2020-09-29T18:31:11.994+0200: 84.387: [ParNew: 590047K->38346K(613440K), 0.0148917 secs] 612685K->60984K(2029056K), 0.0149531 secs] [Times: user=0.13 sys=0.00, real=0.02 secs] 
2020-09-29T18:31:12.058+0200: 84.451: [GC (Allocation Failure) 2020-09-29T18:31:12.058+0200: 84.451: [ParNew: 583690K->56547K(613440K), 0.0190430 secs] 606328K->79186K(2029056K), 0.0191045 secs] [Times: user=0.13 sys=0.00, real=0.02 secs] 
2020-09-29T18:31:12.126+0200: 84.518: [GC (Allocation Failure) 2020-09-29T18:31:12.126+0200: 84.518: [ParNew: 601891K->48414K(613440K), 0.0187363 secs] 624530K->71052K(2029056K), 0.0188002 secs] [Times: user=0.13 sys=0.00, real=0.02 secs] 
2020-09-29T18:31:12.193+0200: 84.586: [GC (Allocation Failure) 2020-09-29T18:31:12.193+0200: 84.586: [ParNew: 593758K->43281K(613440K), 0.0192177 secs] 616396K->65919K(2029056K), 0.0192720 secs] [Times: user=0.13 sys=0.00, real=0.02 secs] 
2020-09-29T18:31:12.260+0200: 84.653: [GC (Allocation Failure) 2020-09-29T18:31:12.260+0200: 84.653: [ParNew: 588625K->46609K(613440K), 0.0173506 secs] 611263K->69247K(2029056K), 0.0174072 secs] [Times: user=0.13 sys=0.00, real=0.02 secs] 
2020-09-29T18:31:12.324+0200: 84.717: [GC (Allocation Failure) 2020-09-29T18:31:12.324+0200: 84.717: [ParNew: 591953K->42984K(613440K), 0.0168808 secs] 614591K->65622K(2029056K), 0.0169392 secs] [Times: user=0.13 sys=0.00, real=0.02 secs] 
2020-09-29T18:31:12.392+0200: 84.785: [GC (Allocation Failure) 2020-09-29T18:31:12.392+0200: 84.785: [ParNew: 588328K->32218K(613440K), 0.0112311 secs] 610966K->54856K(2029056K), 0.0113174 secs] [Times: user=0.13 sys=0.00, real=0.01 secs] 
2020-09-29T18:31:12.460+0200: 84.852: [GC (Allocation Failure) 2020-09-29T18:31:12.460+0200: 84.852: [ParNew: 577562K->48407K(613440K), 0.0220371 secs] 600200K->71045K(2029056K), 0.0221232 secs] [Times: user=0.13 sys=0.00, real=0.02 secs] 
2020-09-29T18:31:12.533+0200: 84.925: [GC (Allocation Failure) 2020-09-29T18:31:12.533+0200: 84.925: [ParNew: 593751K->67381K(613440K), 0.0209670 secs] 616389K->90020K(2029056K), 0.0210328 secs] [Times: user=0.25 sys=0.00, real=0.02 secs] 
2020-09-29T18:31:12.605+0200: 84.997: [GC (Allocation Failure) 2020-09-29T18:31:12.605+0200: 84.997: [ParNew: 612725K->65913K(613440K), 0.0225808 secs] 635364K->88551K(2029056K), 0.0226416 secs] [Times: user=0.11 sys=0.00, real=0.02 secs] 
2020-09-29T18:31:12.675+0200: 85.068: [GC (Allocation Failure) 2020-09-29T18:31:12.678+0200: 85.070: [ParNew: 611257K->46069K(613440K), 0.0335210 secs] 633895K->68707K(2029056K), 0.0359151 secs] [Times: user=0.25 sys=0.00, real=0.04 secs] 
2020-09-29T18:31:12.760+0200: 85.153: [GC (Allocation Failure) 2020-09-29T18:31:12.760+0200: 85.153: [ParNew: 591413K->40417K(613440K), 0.0135086 secs] 614051K->63055K(2029056K), 0.0135796 secs] [Times: user=0.13 sys=0.00, real=0.01 secs] 
2020-09-29T18:31:12.822+0200: 85.215: [GC (Allocation Failure) 2020-09-29T18:31:12.823+0200: 85.215: [ParNew: 585761K->56591K(613440K), 0.0228562 secs] 608399K->79229K(2029056K), 0.0229276 secs] [Times: user=0.13 sys=0.00, real=0.02 secs] 
2020-09-29T18:31:12.893+0200: 85.286: [GC (Allocation Failure) 2020-09-29T18:31:12.893+0200: 85.286: [ParNew: 601935K->46719K(613440K), 0.0173390 secs] 624573K->69357K(2029056K), 0.0174010 secs] [Times: user=0.13 sys=0.00, real=0.02 secs] 
2020-09-29T18:31:12.957+0200: 85.349: [GC (Allocation Failure) 2020-09-29T18:31:12.957+0200: 85.349: [ParNew: 592063K->38269K(613440K), 0.0103034 secs] 614701K->60907K(2029056K), 0.0103610 secs] [Times: user=0.11 sys=0.00, real=0.01 secs] 
2020-09-29T18:31:13.031+0200: 85.424: [GC (Allocation Failure) 2020-09-29T18:31:13.031+0200: 85.424: [ParNew: 583613K->38213K(613440K), 0.0170238 secs] 606251K->60851K(2029056K), 0.0170854 secs] [Times: user=0.13 sys=0.00, real=0.02 secs] 
2020-09-29T18:31:13.100+0200: 85.493: [GC (Allocation Failure) 2020-09-29T18:31:13.100+0200: 85.493: [ParNew: 583557K->27402K(613440K), 0.0086372 secs] 606195K->50041K(2029056K), 0.0086952 secs] [Times: user=0.00 sys=0.00, real=0.01 secs] 
2020-09-29T18:31:13.174+0200: 85.566: [GC (Allocation Failure) 2020-09-29T18:31:13.174+0200: 85.566: [ParNew: 572746K->30185K(613440K), 0.0147131 secs] 595385K->52823K(2029056K), 0.0148002 secs] [Times: user=0.13 sys=0.00, real=0.01 secs] 
2020-09-29T18:31:13.237+0200: 85.629: [GC (Allocation Failure) 2020-09-29T18:31:13.237+0200: 85.629: [ParNew: 575529K->22813K(613440K), 0.0129550 secs] 598167K->45451K(2029056K), 0.0130508 secs] [Times: user=0.13 sys=0.00, real=0.01 secs] 
2020-09-29T18:31:13.307+0200: 85.699: [GC (Allocation Failure) 2020-09-29T18:31:13.307+0200: 85.699: [ParNew: 568157K->57341K(613440K), 0.0228614 secs] 590795K->79980K(2029056K), 0.0229166 secs] [Times: user=0.13 sys=0.00, real=0.02 secs] 
2020-09-29T18:31:13.376+0200: 85.769: [GC (Allocation Failure) 2020-09-29T18:31:13.376+0200: 85.769: [ParNew: 602685K->45964K(613440K), 0.0163024 secs] 625324K->68603K(2029056K), 0.0163698 secs] [Times: user=0.13 sys=0.00, real=0.02 secs] 
2020-09-29T18:31:13.448+0200: 85.840: [GC (Allocation Failure) 2020-09-29T18:31:13.448+0200: 85.840: [ParNew: 591308K->38187K(613440K), 0.0167290 secs] 613947K->60825K(2029056K), 0.0167947 secs] [Times: user=0.13 sys=0.00, real=0.02 secs] 
2020-09-29T18:31:13.512+0200: 85.905: [GC (Allocation Failure) 2020-09-29T18:31:13.512+0200: 85.905: [ParNew: 583531K->37544K(613440K), 0.0157721 secs] 606169K->60182K(2029056K), 0.0158439 secs] [Times: user=0.13 sys=0.00, real=0.02 secs] 
2020-09-29T18:31:13.576+0200: 85.969: [GC (Allocation Failure) 2020-09-29T18:31:13.576+0200: 85.969: [ParNew: 582888K->22839K(613440K), 0.0099568 secs] 605526K->45477K(2029056K), 0.0100267 secs] [Times: user=0.11 sys=0.00, real=0.01 secs] 
2020-09-29T18:31:13.639+0200: 86.031: [GC (Allocation Failure) 2020-09-29T18:31:13.639+0200: 86.031: [ParNew: 568183K->42644K(613440K), 0.0188912 secs] 590821K->65282K(2029056K), 0.0189497 secs] [Times: user=0.13 sys=0.00, real=0.02 secs] 
2020-09-29T18:31:13.704+0200: 86.097: [GC (Allocation Failure) 2020-09-29T18:31:13.704+0200: 86.097: [ParNew: 587988K->53647K(613440K), 0.0176659 secs] 610626K->76285K(2029056K), 0.0177585 secs] [Times: user=0.13 sys=0.00, real=0.02 secs] 
2020-09-29T18:31:13.774+0200: 86.166: [GC (Allocation Failure) 2020-09-29T18:31:13.774+0200: 86.167: [ParNew: 598991K->29810K(613440K), 0.0098224 secs] 621629K->52448K(2029056K), 0.0098778 secs] [Times: user=0.00 sys=0.00, real=0.01 secs] 
2020-09-29T18:31:13.829+0200: 86.222: [GC (Allocation Failure) 2020-09-29T18:31:13.829+0200: 86.222: [ParNew: 575154K->18227K(613440K), 0.0086871 secs] 597792K->40865K(2029056K), 0.0087356 secs] [Times: user=0.13 sys=0.00, real=0.01 secs] 
2020-09-29T18:31:13.892+0200: 86.285: [GC (Allocation Failure) 2020-09-29T18:31:13.892+0200: 86.285: [ParNew: 563571K->28234K(613440K), 0.0138120 secs] 586209K->50872K(2029056K), 0.0138668 secs] [Times: user=0.11 sys=0.00, real=0.01 secs] 
2020-09-29T18:31:13.953+0200: 86.346: [GC (Allocation Failure) 2020-09-29T18:31:13.953+0200: 86.346: [ParNew: 573578K->37697K(613440K), 0.0187265 secs] 596216K->60336K(2029056K), 0.0187994 secs] [Times: user=0.13 sys=0.00, real=0.02 secs] 
2020-09-29T18:31:14.019+0200: 86.411: [GC (Allocation Failure) 2020-09-29T18:31:14.019+0200: 86.411: [ParNew: 583041K->55601K(613440K), 0.0177126 secs] 605680K->78239K(2029056K), 0.0250778 secs] [Times: user=0.25 sys=0.00, real=0.02 secs] 
2020-09-29T18:31:14.093+0200: 86.486: [GC (Allocation Failure) 2020-09-29T18:31:14.093+0200: 86.486: [ParNew: 600945K->41852K(613440K), 0.0165180 secs] 623583K->64490K(2029056K), 0.0165737 secs] [Times: user=0.13 sys=0.00, real=0.02 secs] 
2020-09-29T18:31:14.161+0200: 86.553: [GC (Allocation Failure) 2020-09-29T18:31:14.161+0200: 86.553: [ParNew: 587196K->28425K(613440K), 0.0110345 secs] 609834K->51063K(2029056K), 0.0110904 secs] [Times: user=0.00 sys=0.00, real=0.01 secs] 
2020-09-29T18:31:14.217+0200: 86.610: [GC (Allocation Failure) 2020-09-29T18:31:14.217+0200: 86.610: [ParNew: 573769K->50418K(613440K), 0.0206157 secs] 596407K->73057K(2029056K), 0.0206862 secs] [Times: user=0.13 sys=0.00, real=0.02 secs] 
2020-09-29T18:31:14.285+0200: 86.677: [GC (Allocation Failure) 2020-09-29T18:31:14.285+0200: 86.677: [ParNew: 595762K->39071K(613440K), 0.0148533 secs] 618401K->61710K(2029056K), 0.0149138 secs] [Times: user=0.13 sys=0.00, real=0.01 secs] 
2020-09-29T18:31:14.345+0200: 86.738: [GC (Allocation Failure) 2020-09-29T18:31:14.345+0200: 86.738: [ParNew: 584415K->29476K(613440K), 0.0146315 secs] 607054K->52114K(2029056K), 0.0146880 secs] [Times: user=0.13 sys=0.00, real=0.01 secs] 
2020-09-29T18:31:14.408+0200: 86.801: [GC (Allocation Failure) 2020-09-29T18:31:14.408+0200: 86.801: [ParNew: 574820K->25111K(613440K), 0.0168451 secs] 597458K->47749K(2029056K), 0.0169376 secs] [Times: user=0.11 sys=0.00, real=0.02 secs] 
2020-09-29T18:31:14.481+0200: 86.874: [GC (Allocation Failure) 2020-09-29T18:31:14.481+0200: 86.874: [ParNew: 570455K->20914K(613440K), 0.0143413 secs] 593093K->43552K(2029056K), 0.0144288 secs] [Times: user=0.13 sys=0.00, real=0.01 secs] 
2020-09-29T18:31:14.557+0200: 86.950: [GC (Allocation Failure) 2020-09-29T18:31:14.557+0200: 86.950: [ParNew: 566258K->38536K(613440K), 0.0159907 secs] 588896K->61174K(2029056K), 0.0160678 secs] [Times: user=0.13 sys=0.00, real=0.02 secs] 
2020-09-29T18:31:14.628+0200: 87.021: [GC (Allocation Failure) 2020-09-29T18:31:14.628+0200: 87.021: [ParNew: 583880K->24917K(613440K), 0.0118654 secs] 606518K->47556K(2029056K), 0.0119384 secs] [Times: user=0.11 sys=0.00, real=0.01 secs] 
2020-09-29T18:31:14.693+0200: 87.086: [GC (Allocation Failure) 2020-09-29T18:31:14.693+0200: 87.086: [ParNew: 570261K->44847K(613440K), 0.0197202 secs] 592900K->67485K(2029056K), 0.0197921 secs] [Times: user=0.13 sys=0.00, real=0.02 secs] 
2020-09-29T18:31:14.761+0200: 87.154: [GC (Allocation Failure) 2020-09-29T18:31:14.761+0200: 87.154: [ParNew: 590191K->37309K(613440K), 0.0139200 secs] 612829K->59948K(2029056K), 0.0139811 secs] [Times: user=0.13 sys=0.00, real=0.01 secs] 
2020-09-29T18:31:14.826+0200: 87.219: [GC (Allocation Failure) 2020-09-29T18:31:14.826+0200: 87.219: [ParNew: 582653K->53023K(613440K), 0.0187345 secs] 605292K->75661K(2029056K), 0.0187932 secs] [Times: user=0.13 sys=0.00, real=0.02 secs] 
2020-09-29T18:31:14.897+0200: 87.290: [GC (Allocation Failure) 2020-09-29T18:31:14.897+0200: 87.290: [ParNew: 598367K->36627K(613440K), 0.0115921 secs] 621005K->59265K(2029056K), 0.0116746 secs] [Times: user=0.00 sys=0.00, real=0.01 secs] 
2020-09-29T18:31:14.956+0200: 87.349: [GC (Allocation Failure) 2020-09-29T18:31:14.956+0200: 87.349: [ParNew: 581971K->34456K(613440K), 0.0166111 secs] 604609K->57094K(2029056K), 0.0166653 secs] [Times: user=0.13 sys=0.00, real=0.02 secs] 
2020-09-29T18:31:15.022+0200: 87.415: [GC (Allocation Failure) 2020-09-29T18:31:15.022+0200: 87.415: [ParNew: 579800K->25366K(613440K), 0.0105542 secs] 602438K->48004K(2029056K), 0.0106088 secs] [Times: user=0.00 sys=0.00, real=0.01 secs] 
2020-09-29T18:31:15.077+0200: 87.470: [GC (Allocation Failure) 2020-09-29T18:31:15.077+0200: 87.470: [ParNew: 570710K->25332K(613440K), 0.0145825 secs] 593348K->47970K(2029056K), 0.0146535 secs] [Times: user=0.13 sys=0.00, real=0.02 secs] 
2020-09-29T18:31:15.138+0200: 87.531: [GC (Allocation Failure) 2020-09-29T18:31:15.138+0200: 87.531: [ParNew: 570676K->40695K(613440K), 0.0185237 secs] 593314K->63333K(2029056K), 0.0185809 secs] [Times: user=0.13 sys=0.00, real=0.02 secs] 
2020-09-29T18:31:15.205+0200: 87.598: [GC (Allocation Failure) 2020-09-29T18:31:15.205+0200: 87.598: [ParNew: 586039K->34453K(613440K), 0.0131963 secs] 608677K->57091K(2029056K), 0.0132689 secs] [Times: user=0.13 sys=0.00, real=0.01 secs] 
2020-09-29T18:31:15.271+0200: 87.664: [GC (Allocation Failure) 2020-09-29T18:31:15.271+0200: 87.664: [ParNew: 579797K->49221K(613440K), 0.0228303 secs] 602435K->71860K(2029056K), 0.0229247 secs] [Times: user=0.13 sys=0.00, real=0.02 secs] 
2020-09-29T18:31:15.340+0200: 87.733: [GC (Allocation Failure) 2020-09-29T18:31:15.340+0200: 87.733: [ParNew: 594565K->61068K(613440K), 0.0232662 secs] 617204K->83706K(2029056K), 0.0233201 secs] [Times: user=0.11 sys=0.00, real=0.02 secs] 
2020-09-29T18:31:15.410+0200: 87.803: [GC (Allocation Failure) 2020-09-29T18:31:15.410+0200: 87.803: [ParNew: 606412K->42183K(613440K), 0.0207658 secs] 629050K->64821K(2029056K), 0.0208428 secs] [Times: user=0.11 sys=0.00, real=0.02 secs] 
2020-09-29T18:31:15.480+0200: 87.873: [GC (Allocation Failure) 2020-09-29T18:31:15.480+0200: 87.873: [ParNew: 587527K->32457K(613440K), 0.0163658 secs] 610165K->55096K(2029056K), 0.0164206 secs] [Times: user=0.13 sys=0.00, real=0.02 secs] 
2020-09-29T18:31:15.543+0200: 87.936: [GC (Allocation Failure) 2020-09-29T18:31:15.543+0200: 87.936: [ParNew: 577801K->32476K(613440K), 0.0153906 secs] 600440K->55115K(2029056K), 0.0154684 secs] [Times: user=0.13 sys=0.00, real=0.02 secs] 
2020-09-29T18:31:15.608+0200: 88.001: [GC (Allocation Failure) 2020-09-29T18:31:15.608+0200: 88.001: [ParNew: 577820K->30352K(613440K), 0.0145483 secs] 600459K->52991K(2029056K), 0.0146045 secs] [Times: user=0.13 sys=0.00, real=0.01 secs] 
2020-09-29T18:31:15.679+0200: 88.072: [GC (Allocation Failure) 2020-09-29T18:31:15.679+0200: 88.072: [ParNew: 575696K->29053K(613440K), 0.0135143 secs] 598335K->51691K(2029056K), 0.0135694 secs] [Times: user=0.13 sys=0.00, real=0.01 secs] 
2020-09-29T18:31:15.744+0200: 88.137: [GC (Allocation Failure) 2020-09-29T18:31:15.744+0200: 88.137: [ParNew: 574397K->47797K(613440K), 0.0206510 secs] 597035K->70436K(2029056K), 0.0207478 secs] [Times: user=0.13 sys=0.00, real=0.02 secs] 
2020-09-29T18:31:15.820+0200: 88.214: [GC (Allocation Failure) 2020-09-29T18:31:15.820+0200: 88.214: [ParNew: 593141K->31352K(613440K), 0.0138591 secs] 615780K->53990K(2029056K), 0.0139170 secs] [Times: user=0.13 sys=0.00, real=0.01 secs] 
2020-09-29T18:31:15.885+0200: 88.278: [GC (Allocation Failure) 2020-09-29T18:31:15.885+0200: 88.278: [ParNew: 576696K->33742K(613440K), 0.0161505 secs] 599334K->56380K(2029056K), 0.0162113 secs] [Times: user=0.13 sys=0.00, real=0.02 secs] 
2020-09-29T18:31:15.950+0200: 88.344: [GC (Allocation Failure) 2020-09-29T18:31:15.950+0200: 88.344: [ParNew: 579086K->29921K(613440K), 0.0098428 secs] 601724K->52559K(2029056K), 0.0098996 secs] [Times: user=0.13 sys=0.00, real=0.01 secs] 
2020-09-29T18:31:16.010+0200: 88.403: [GC (Allocation Failure) 2020-09-29T18:31:16.010+0200: 88.403: [ParNew: 575265K->13656K(613440K), 0.0094638 secs] 597903K->36294K(2029056K), 0.0095234 secs] [Times: user=0.02 sys=0.02, real=0.01 secs] 
2020-09-29T18:31:16.065+0200: 88.458: [GC (Allocation Failure) 2020-09-29T18:31:16.065+0200: 88.459: [ParNew: 559000K->13237K(613440K), 0.0081411 secs] 581638K->35875K(2029056K), 0.0082004 secs] [Times: user=0.09 sys=0.00, real=0.01 secs] 
2020-09-29T18:31:16.128+0200: 88.522: [GC (Allocation Failure) 2020-09-29T18:31:16.128+0200: 88.522: [ParNew: 558581K->28273K(613440K), 0.0133455 secs] 581219K->50911K(2029056K), 0.0134131 secs] [Times: user=0.13 sys=0.00, real=0.01 secs] 
2020-09-29T18:31:16.188+0200: 88.581: [GC (Allocation Failure) 2020-09-29T18:31:16.188+0200: 88.581: [ParNew: 572302K->18543K(613440K), 0.0054923 secs] 594940K->41181K(2029056K), 0.0055459 secs] [Times: user=0.13 sys=0.00, real=0.01 secs] 
2020-09-29T18:31:16.242+0200: 88.635: [GC (Allocation Failure) 2020-09-29T18:31:16.243+0200: 88.635: [ParNew: 563887K->33318K(613440K), 0.0172399 secs] 586525K->55956K(2029056K), 0.0173010 secs] [Times: user=0.13 sys=0.00, real=0.02 secs] 
2020-09-29T18:31:16.305+0200: 88.697: [GC (Allocation Failure) 2020-09-29T18:31:16.305+0200: 88.697: [ParNew: 578662K->22380K(613440K), 0.0118080 secs] 601300K->45018K(2029056K), 0.0118622 secs] [Times: user=0.00 sys=0.00, real=0.01 secs] 
2020-09-29T18:31:16.366+0200: 88.759: [GC (Allocation Failure) 2020-09-29T18:31:16.366+0200: 88.759: [ParNew: 567724K->51516K(613440K), 0.0206808 secs] 590362K->74155K(2029056K), 0.0207396 secs] [Times: user=0.13 sys=0.00, real=0.02 secs] 
2020-09-29T18:31:16.434+0200: 88.826: [GC (Allocation Failure) 2020-09-29T18:31:16.434+0200: 88.826: [ParNew: 596860K->36500K(613440K), 0.0144679 secs] 619499K->59138K(2029056K), 0.0145501 secs] [Times: user=0.13 sys=0.00, real=0.01 secs] 
2020-09-29T18:31:16.496+0200: 88.889: [GC (Allocation Failure) 2020-09-29T18:31:16.496+0200: 88.889: [ParNew: 581844K->28236K(613440K), 0.0128228 secs] 604482K->50874K(2029056K), 0.0129202 secs] [Times: user=0.13 sys=0.00, real=0.01 secs] 
2020-09-29T18:31:16.557+0200: 88.950: [GC (Allocation Failure) 2020-09-29T18:31:16.557+0200: 88.950: [ParNew: 573580K->38130K(613440K), 0.0210363 secs] 596218K->60769K(2029056K), 0.0210941 secs] [Times: user=0.11 sys=0.00, real=0.02 secs] 
2020-09-29T18:31:16.624+0200: 89.016: [GC (Allocation Failure) 2020-09-29T18:31:16.624+0200: 89.016: [ParNew: 583474K->34563K(613440K), 0.0124150 secs] 606113K->57201K(2029056K), 0.0124859 secs] [Times: user=0.09 sys=0.00, real=0.01 secs] 
2020-09-29T18:31:16.682+0200: 89.074: [GC (Allocation Failure) 2020-09-29T18:31:16.682+0200: 89.074: [ParNew: 579907K->5367K(613440K), 0.0043769 secs] 602545K->28006K(2029056K), 0.0044284 secs] [Times: user=0.00 sys=0.00, real=0.00 secs] 
2020-09-29T18:31:16.735+0200: 89.127: [GC (Allocation Failure) 2020-09-29T18:31:16.735+0200: 89.127: [ParNew: 550711K->29762K(613440K), 0.0157103 secs] 573350K->52400K(2029056K), 0.0158194 secs] [Times: user=0.13 sys=0.00, real=0.02 secs] 
2020-09-29T18:31:16.796+0200: 89.189: [GC (Allocation Failure) 2020-09-29T18:31:16.796+0200: 89.189: [ParNew: 575106K->23306K(613440K), 0.0083369 secs] 597744K->45945K(2029056K), 0.0083956 secs] [Times: user=0.13 sys=0.00, real=0.01 secs] 
2020-09-29T18:31:16.860+0200: 89.252: [GC (Allocation Failure) 2020-09-29T18:31:16.860+0200: 89.252: [ParNew: 568650K->13381K(613440K), 0.0077924 secs] 591289K->36019K(2029056K), 0.0078484 secs] [Times: user=0.13 sys=0.00, real=0.01 secs] 
2020-09-29T18:31:16.932+0200: 89.325: [GC (Allocation Failure) 2020-09-29T18:31:16.932+0200: 89.325: [ParNew: 558725K->27099K(613440K), 0.0135839 secs] 581363K->49737K(2029056K), 0.0136656 secs] [Times: user=0.13 sys=0.00, real=0.01 secs] 
2020-09-29T18:31:16.995+0200: 89.388: [GC (Allocation Failure) 2020-09-29T18:31:16.995+0200: 89.388: [ParNew: 572443K->30643K(613440K), 0.0141869 secs] 595081K->53281K(2029056K), 0.0142585 secs] [Times: user=0.13 sys=0.00, real=0.02 secs] 
2020-09-29T18:31:17.053+0200: 89.446: [GC (Allocation Failure) 2020-09-29T18:31:17.053+0200: 89.446: [ParNew: 575987K->24654K(613440K), 0.0104361 secs] 598625K->47292K(2029056K), 0.0104894 secs] [Times: user=0.00 sys=0.00, real=0.01 secs] 
2020-09-29T18:31:17.111+0200: 89.504: [GC (Allocation Failure) 2020-09-29T18:31:17.111+0200: 89.504: [ParNew: 569998K->39976K(613440K), 0.0164899 secs] 592636K->62614K(2029056K), 0.0165598 secs] [Times: user=0.13 sys=0.00, real=0.02 secs] 
2020-09-29T18:31:17.176+0200: 89.569: [GC (Allocation Failure) 2020-09-29T18:31:17.176+0200: 89.569: [ParNew: 585320K->25512K(613440K), 0.0104647 secs] 607958K->48150K(2029056K), 0.0105210 secs] [Times: user=0.13 sys=0.00, real=0.01 secs] 
2020-09-29T18:31:17.233+0200: 89.626: [GC (Allocation Failure) 2020-09-29T18:31:17.233+0200: 89.626: [ParNew: 570856K->35709K(613440K), 0.0151356 secs] 593494K->58347K(2029056K), 0.0151887 secs] [Times: user=0.13 sys=0.00, real=0.01 secs] 
2020-09-29T18:31:17.301+0200: 89.693: [GC (Allocation Failure) 2020-09-29T18:31:17.301+0200: 89.693: [ParNew: 581053K->40013K(613440K), 0.0146361 secs] 603691K->62651K(2029056K), 0.0147044 secs] [Times: user=0.13 sys=0.00, real=0.01 secs] 
2020-09-29T18:31:17.367+0200: 89.760: [GC (Allocation Failure) 2020-09-29T18:31:17.367+0200: 89.760: [ParNew: 585357K->30737K(613440K), 0.0132310 secs] 607995K->53376K(2029056K), 0.0132918 secs] [Times: user=0.13 sys=0.00, real=0.01 secs] 
2020-09-29T18:31:17.434+0200: 89.826: [GC (Allocation Failure) 2020-09-29T18:31:17.434+0200: 89.826: [ParNew: 576081K->32319K(613440K), 0.0146198 secs] 598720K->54957K(2029056K), 0.0146938 secs] [Times: user=0.11 sys=0.00, real=0.01 secs] 
2020-09-29T18:31:17.494+0200: 89.887: [GC (Allocation Failure) 2020-09-29T18:31:17.494+0200: 89.887: [ParNew: 577663K->26643K(613440K), 0.0116700 secs] 600301K->49281K(2029056K), 0.0117574 secs] [Times: user=0.13 sys=0.00, real=0.01 secs] 
2020-09-29T18:31:17.556+0200: 89.949: [GC (Allocation Failure) 2020-09-29T18:31:17.556+0200: 89.949: [ParNew: 571987K->18457K(613440K), 0.0106843 secs] 594625K->41096K(2029056K), 0.0107771 secs] [Times: user=0.00 sys=0.00, real=0.01 secs] 
2020-09-29T18:31:17.623+0200: 90.015: [GC (Allocation Failure) 2020-09-29T18:31:17.623+0200: 90.015: [ParNew: 563801K->13951K(613440K), 0.0119126 secs] 586440K->36589K(2029056K), 0.0120115 secs] [Times: user=0.13 sys=0.00, real=0.01 secs] 
2020-09-29T18:31:17.682+0200: 90.075: [GC (Allocation Failure) 2020-09-29T18:31:17.682+0200: 90.075: [ParNew: 559295K->13475K(613440K), 0.0094787 secs] 581933K->36113K(2029056K), 0.0095317 secs] [Times: user=0.13 sys=0.00, real=0.01 secs] 
2020-09-29T18:31:17.740+0200: 90.132: [GC (Allocation Failure) 2020-09-29T18:31:17.740+0200: 90.132: [ParNew: 558819K->28303K(613440K), 0.0140861 secs] 581457K->50941K(2029056K), 0.0141558 secs] [Times: user=0.00 sys=0.00, real=0.01 secs] 
2020-09-29T18:31:17.801+0200: 90.194: [GC (Allocation Failure) 2020-09-29T18:31:17.801+0200: 90.194: [ParNew: 573647K->35654K(613440K), 0.0135496 secs] 596285K->58292K(2029056K), 0.0136065 secs] [Times: user=0.13 sys=0.00, real=0.01 secs] 
2020-09-29T18:31:17.860+0200: 90.252: [GC (Allocation Failure) 2020-09-29T18:31:17.860+0200: 90.252: [ParNew: 580998K->27192K(613440K), 0.0126968 secs] 603636K->49830K(2029056K), 0.0127516 secs] [Times: user=0.13 sys=0.00, real=0.01 secs] 
2020-09-29T18:31:17.918+0200: 90.311: [GC (Allocation Failure) 2020-09-29T18:31:17.918+0200: 90.311: [ParNew: 572536K->18099K(613440K), 0.0120724 secs] 595174K->40737K(2029056K), 0.0121273 secs] [Times: user=0.13 sys=0.00, real=0.01 secs] 
2020-09-29T18:31:17.977+0200: 90.370: [GC (Allocation Failure) 2020-09-29T18:31:17.977+0200: 90.370: [ParNew: 563443K->17535K(613440K), 0.0116974 secs] 586081K->40173K(2029056K), 0.0117527 secs] [Times: user=0.13 sys=0.00, real=0.01 secs] 
2020-09-29T18:31:18.040+0200: 90.433: [GC (Allocation Failure) 2020-09-29T18:31:18.040+0200: 90.433: [ParNew: 562879K->16243K(613440K), 0.0116521 secs] 585517K->38882K(2029056K), 0.0117132 secs] [Times: user=0.13 sys=0.00, real=0.01 secs] 
2020-09-29T18:31:18.103+0200: 90.496: [GC (Allocation Failure) 2020-09-29T18:31:18.103+0200: 90.496: [ParNew: 561587K->14769K(613440K), 0.0117430 secs] 584226K->37407K(2029056K), 0.0118039 secs] [Times: user=0.13 sys=0.00, real=0.01 secs] 
2020-09-29T18:31:18.186+0200: 90.579: [GC (Allocation Failure) 2020-09-29T18:31:18.186+0200: 90.579: [ParNew: 560113K->11297K(613440K), 0.0098629 secs] 582751K->33935K(2029056K), 0.0099278 secs] [Times: user=0.13 sys=0.00, real=0.01 secs] 
2020-09-29T18:31:18.290+0200: 90.682: [GC (Allocation Failure) 2020-09-29T18:31:18.290+0200: 90.682: [ParNew: 556641K->9782K(613440K), 0.0077218 secs] 579279K->32420K(2029056K), 0.0078313 secs] [Times: user=0.00 sys=0.00, real=0.01 secs] 
2020-09-29T18:31:18.387+0200: 90.780: [GC (Allocation Failure) 2020-09-29T18:31:18.387+0200: 90.780: [ParNew: 555126K->8152K(613440K), 0.0069397 secs] 577764K->30790K(2029056K), 0.0069963 secs] [Times: user=0.00 sys=0.00, real=0.01 secs] 
2020-09-29T18:31:18.486+0200: 90.879: [GC (Allocation Failure) 2020-09-29T18:31:18.486+0200: 90.879: [ParNew: 553496K->6587K(613440K), 0.0062692 secs] 576134K->29225K(2029056K), 0.0063241 secs] [Times: user=0.13 sys=0.00, real=0.01 secs] 
2020-09-29T18:31:18.579+0200: 90.972: [GC (Allocation Failure) 2020-09-29T18:31:18.579+0200: 90.972: [ParNew: 551931K->3812K(613440K), 0.0052579 secs] 574569K->26451K(2029056K), 0.0053143 secs] [Times: user=0.11 sys=0.00, real=0.01 secs] 
2020-09-29T18:31:18.679+0200: 91.071: [GC (Allocation Failure) 2020-09-29T18:31:18.679+0200: 91.071: [ParNew: 549156K->87K(613440K), 0.0015118 secs] 571795K->22725K(2029056K), 0.0015642 secs] [Times: user=0.00 sys=0.00, real=0.00 secs] 
Heap
 par new generation   total 613440K, used 66121K [0x0000000080000000, 0x00000000a9990000, 0x00000000a9990000)
  eden space 545344K,  12% used [0x0000000080000000, 0x000000008407c938, 0x00000000a1490000)
  from space 68096K,   0% used [0x00000000a5710000, 0x00000000a5725e18, 0x00000000a9990000)
  to   space 68096K,   0% used [0x00000000a1490000, 0x00000000a1490000, 0x00000000a5710000)
 concurrent mark-sweep generation total 1415616K, used 22638K [0x00000000a9990000, 0x0000000100000000, 0x0000000100000000)
 Metaspace       used 2594K, capacity 4486K, committed 4864K, reserved 1056768K
  class space    used 285K, capacity 386K, committed 512K, reserved 1048576K
