Java HotSpot(TM) 64-Bit Server VM (25.261-b12) for windows-amd64 JRE (1.8.0_261-b12), built on Jun 18 2020 06:56:32 by "" with unknown MS VC++:1916
Memory: 4k page, physical 16659684k(9554756k free), swap 23213284k(9186968k free)
CommandLine flags: -XX:InitialHeapSize=2147483648 -XX:MaxHeapSize=2147483648 -XX:MaxNewSize=697933824 -XX:MaxTenuringThreshold=6 -XX:NewSize=697933824 -XX:OldPLABSize=16 -XX:OldSize=1395867648 -XX:+PrintGC -XX:+PrintGCDateStamps -XX:+PrintGCDetails -XX:+PrintGCTimeStamps -XX:+UseCompressedClassPointers -XX:+UseCompressedOops -XX:+UseConcMarkSweepGC -XX:-UseLargePagesIndividualAllocation -XX:+UseParNewGC 
2020-09-29T18:25:17.513+0200: 0.244: [GC (Allocation Failure) 2020-09-29T18:25:17.513+0200: 0.245: [ParNew: 545344K->16565K(613440K), 0.0409398 secs] 545344K->16565K(2029056K), 0.0411270 secs] [Times: user=0.22 sys=0.02, real=0.04 secs] 
2020-09-29T18:25:17.624+0200: 0.356: [GC (Allocation Failure) 2020-09-29T18:25:17.624+0200: 0.356: [ParNew: 561909K->45345K(613440K), 0.0272151 secs] 561909K->45345K(2029056K), 0.0272726 secs] [Times: user=0.20 sys=0.05, real=0.03 secs] 
2020-09-29T18:25:17.698+0200: 0.430: [GC (Allocation Failure) 2020-09-29T18:25:17.698+0200: 0.430: [ParNew: 590689K->58991K(613440K), 0.0247859 secs] 590689K->59383K(2029056K), 0.0248519 secs] [Times: user=0.13 sys=0.02, real=0.03 secs] 
2020-09-29T18:25:17.770+0200: 0.502: [GC (Allocation Failure) 2020-09-29T18:25:17.770+0200: 0.502: [ParNew: 604335K->46546K(613440K), 0.0179697 secs] 604727K->46939K(2029056K), 0.0180267 secs] [Times: user=0.13 sys=0.00, real=0.02 secs] 
2020-09-29T18:25:17.839+0200: 0.571: [GC (Allocation Failure) 2020-09-29T18:25:17.839+0200: 0.571: [ParNew: 591890K->45113K(613440K), 0.0178997 secs] 592283K->45505K(2029056K), 0.0179551 secs] [Times: user=0.13 sys=0.00, real=0.02 secs] 
2020-09-29T18:25:17.903+0200: 0.636: [GC (Allocation Failure) 2020-09-29T18:25:17.903+0200: 0.636: [ParNew: 590457K->67742K(613440K), 0.0227244 secs] 590849K->68134K(2029056K), 0.0228059 secs] [Times: user=0.13 sys=0.00, real=0.02 secs] 
2020-09-29T18:25:17.975+0200: 0.707: [GC (Allocation Failure) 2020-09-29T18:25:17.975+0200: 0.707: [ParNew: 613086K->43079K(613440K), 0.0105487 secs] 613478K->43471K(2029056K), 0.0106208 secs] [Times: user=0.00 sys=0.00, real=0.01 secs] 
2020-09-29T18:25:18.039+0200: 0.771: [GC (Allocation Failure) 2020-09-29T18:25:18.039+0200: 0.771: [ParNew: 588423K->32004K(613440K), 0.0166932 secs] 588815K->32397K(2029056K), 0.0167565 secs] [Times: user=0.13 sys=0.00, real=0.02 secs] 
2020-09-29T18:25:18.104+0200: 0.836: [GC (Allocation Failure) 2020-09-29T18:25:18.104+0200: 0.836: [ParNew: 577348K->27236K(613440K), 0.0139124 secs] 577741K->27629K(2029056K), 0.0139675 secs] [Times: user=0.13 sys=0.00, real=0.01 secs] 
2020-09-29T18:25:18.166+0200: 0.898: [GC (Allocation Failure) 2020-09-29T18:25:18.166+0200: 0.898: [ParNew: 572580K->49244K(613440K), 0.0188560 secs] 572973K->49637K(2029056K), 0.0189150 secs] [Times: user=0.13 sys=0.00, real=0.02 secs] 
2020-09-29T18:25:18.232+0200: 0.964: [GC (Allocation Failure) 2020-09-29T18:25:18.232+0200: 0.964: [ParNew: 594588K->33085K(613440K), 0.0107732 secs] 594981K->33478K(2029056K), 0.0108258 secs] [Times: user=0.13 sys=0.00, real=0.01 secs] 
2020-09-29T18:25:18.293+0200: 1.025: [GC (Allocation Failure) 2020-09-29T18:25:18.293+0200: 1.025: [ParNew: 578429K->34077K(613440K), 0.0166797 secs] 578822K->34469K(2029056K), 0.0167361 secs] [Times: user=0.13 sys=0.00, real=0.02 secs] 
2020-09-29T18:25:18.356+0200: 1.088: [GC (Allocation Failure) 2020-09-29T18:25:18.356+0200: 1.088: [ParNew: 579421K->42690K(613440K), 0.0149896 secs] 579813K->43083K(2029056K), 0.0150465 secs] [Times: user=0.13 sys=0.00, real=0.02 secs] 
2020-09-29T18:25:18.422+0200: 1.154: [GC (Allocation Failure) 2020-09-29T18:25:18.422+0200: 1.154: [ParNew: 588034K->55355K(613440K), 0.0204741 secs] 588427K->55748K(2029056K), 0.0205382 secs] [Times: user=0.25 sys=0.00, real=0.02 secs] 
2020-09-29T18:25:18.491+0200: 1.223: [GC (Allocation Failure) 2020-09-29T18:25:18.491+0200: 1.223: [ParNew: 600699K->44553K(613440K), 0.0192506 secs] 601092K->44945K(2029056K), 0.0193509 secs] [Times: user=0.13 sys=0.00, real=0.02 secs] 
2020-09-29T18:25:18.559+0200: 1.291: [GC (Allocation Failure) 2020-09-29T18:25:18.559+0200: 1.291: [ParNew: 589897K->44187K(613440K), 0.0199416 secs] 590289K->44579K(2029056K), 0.0199982 secs] [Times: user=0.13 sys=0.00, real=0.02 secs] 
2020-09-29T18:25:18.628+0200: 1.360: [GC (Allocation Failure) 2020-09-29T18:25:18.628+0200: 1.360: [ParNew: 589531K->35004K(613440K), 0.0119635 secs] 589923K->35397K(2029056K), 0.0120239 secs] [Times: user=0.13 sys=0.00, real=0.01 secs] 
2020-09-29T18:25:18.688+0200: 1.420: [GC (Allocation Failure) 2020-09-29T18:25:18.688+0200: 1.420: [ParNew: 580348K->37961K(613440K), 0.0167136 secs] 580741K->38354K(2029056K), 0.0167690 secs] [Times: user=0.13 sys=0.00, real=0.02 secs] 
2020-09-29T18:25:18.752+0200: 1.484: [GC (Allocation Failure) 2020-09-29T18:25:18.752+0200: 1.484: [ParNew: 583305K->47602K(613440K), 0.0165131 secs] 583698K->47994K(2029056K), 0.0166035 secs] [Times: user=0.13 sys=0.00, real=0.02 secs] 
2020-09-29T18:25:18.817+0200: 1.549: [GC (Allocation Failure) 2020-09-29T18:25:18.817+0200: 1.549: [ParNew: 592946K->59106K(613440K), 0.0210359 secs] 593338K->59498K(2029056K), 0.0210916 secs] [Times: user=0.13 sys=0.00, real=0.02 secs] 
2020-09-29T18:25:18.892+0200: 1.625: [GC (Allocation Failure) 2020-09-29T18:25:18.892+0200: 1.625: [ParNew: 604450K->40570K(613440K), 0.0145376 secs] 604842K->40963K(2029056K), 0.0146077 secs] [Times: user=0.13 sys=0.00, real=0.02 secs] 
2020-09-29T18:25:18.954+0200: 1.686: [GC (Allocation Failure) 2020-09-29T18:25:18.954+0200: 1.686: [ParNew: 585914K->57329K(613440K), 0.0231174 secs] 586307K->57721K(2029056K), 0.0232088 secs] [Times: user=0.24 sys=0.00, real=0.02 secs] 
2020-09-29T18:25:19.024+0200: 1.756: [GC (Allocation Failure) 2020-09-29T18:25:19.024+0200: 1.756: [ParNew: 602673K->68096K(613440K), 0.0223673 secs] 603065K->68636K(2029056K), 0.0224245 secs] [Times: user=0.13 sys=0.00, real=0.02 secs] 
2020-09-29T18:25:19.096+0200: 1.828: [GC (Allocation Failure) 2020-09-29T18:25:19.096+0200: 1.828: [ParNew: 613440K->52979K(613440K), 0.0210912 secs] 613980K->53519K(2029056K), 0.0289456 secs] [Times: user=0.25 sys=0.00, real=0.03 secs] 
2020-09-29T18:25:19.178+0200: 1.910: [GC (Allocation Failure) 2020-09-29T18:25:19.178+0200: 1.910: [ParNew: 598323K->52803K(613440K), 0.0211515 secs] 598863K->53344K(2029056K), 0.0212580 secs] [Times: user=0.13 sys=0.00, real=0.02 secs] 
2020-09-29T18:25:19.246+0200: 1.978: [GC (Allocation Failure) 2020-09-29T18:25:19.246+0200: 1.978: [ParNew: 598147K->52382K(613440K), 0.0191582 secs] 598688K->52923K(2029056K), 0.0192134 secs] [Times: user=0.13 sys=0.00, real=0.02 secs] 
2020-09-29T18:25:19.312+0200: 2.044: [GC (Allocation Failure) 2020-09-29T18:25:19.312+0200: 2.044: [ParNew: 597726K->45746K(613440K), 0.0188878 secs] 598267K->46286K(2029056K), 0.0189424 secs] [Times: user=0.13 sys=0.00, real=0.02 secs] 
2020-09-29T18:25:19.380+0200: 2.112: [GC (Allocation Failure) 2020-09-29T18:25:19.380+0200: 2.112: [ParNew: 591090K->43335K(613440K), 0.0177311 secs] 591630K->43876K(2029056K), 0.0177922 secs] [Times: user=0.13 sys=0.00, real=0.02 secs] 
2020-09-29T18:25:19.449+0200: 2.181: [GC (Allocation Failure) 2020-09-29T18:25:19.449+0200: 2.181: [ParNew: 588679K->40528K(613440K), 0.0172201 secs] 589220K->41069K(2029056K), 0.0172766 secs] [Times: user=0.13 sys=0.00, real=0.02 secs] 
2020-09-29T18:25:19.516+0200: 2.249: [GC (Allocation Failure) 2020-09-29T18:25:19.516+0200: 2.249: [ParNew: 585872K->37293K(613440K), 0.0179283 secs] 586413K->37834K(2029056K), 0.0179857 secs] [Times: user=0.13 sys=0.00, real=0.02 secs] 
2020-09-29T18:25:19.582+0200: 2.314: [GC (Allocation Failure) 2020-09-29T18:25:19.582+0200: 2.314: [ParNew: 582637K->62449K(613440K), 0.0233140 secs] 583178K->62990K(2029056K), 0.0233798 secs] [Times: user=0.25 sys=0.00, real=0.02 secs] 
2020-09-29T18:25:19.656+0200: 2.388: [GC (Allocation Failure) 2020-09-29T18:25:19.656+0200: 2.388: [ParNew: 607793K->52713K(613440K), 0.0222462 secs] 608334K->53254K(2029056K), 0.0223573 secs] [Times: user=0.25 sys=0.00, real=0.02 secs] 
2020-09-29T18:25:19.726+0200: 2.458: [GC (Allocation Failure) 2020-09-29T18:25:19.726+0200: 2.458: [ParNew: 598057K->46440K(613440K), 0.0150182 secs] 598598K->46981K(2029056K), 0.0150744 secs] [Times: user=0.13 sys=0.00, real=0.01 secs] 
2020-09-29T18:25:19.789+0200: 2.521: [GC (Allocation Failure) 2020-09-29T18:25:19.789+0200: 2.521: [ParNew: 591784K->43789K(613440K), 0.0145265 secs] 592325K->44329K(2029056K), 0.0145832 secs] [Times: user=0.13 sys=0.00, real=0.01 secs] 
2020-09-29T18:25:19.850+0200: 2.582: [GC (Allocation Failure) 2020-09-29T18:25:19.850+0200: 2.583: [ParNew: 589133K->47637K(613440K), 0.0191850 secs] 589673K->48178K(2029056K), 0.0192480 secs] [Times: user=0.13 sys=0.00, real=0.02 secs] 
2020-09-29T18:25:19.917+0200: 2.649: [GC (Allocation Failure) 2020-09-29T18:25:19.917+0200: 2.649: [ParNew: 592981K->62320K(613440K), 0.0233833 secs] 593522K->62861K(2029056K), 0.0234538 secs] [Times: user=0.13 sys=0.00, real=0.02 secs] 
2020-09-29T18:25:19.991+0200: 2.724: [GC (Allocation Failure) 2020-09-29T18:25:19.991+0200: 2.724: [ParNew: 607664K->43379K(613440K), 0.0157498 secs] 608205K->43920K(2029056K), 0.0158334 secs] [Times: user=0.13 sys=0.00, real=0.02 secs] 
2020-09-29T18:25:20.070+0200: 2.802: [GC (Allocation Failure) 2020-09-29T18:25:20.070+0200: 2.802: [ParNew: 588723K->39682K(613440K), 0.0180270 secs] 589264K->40222K(2029056K), 0.0180880 secs] [Times: user=0.13 sys=0.00, real=0.02 secs] 
2020-09-29T18:25:20.139+0200: 2.871: [GC (Allocation Failure) 2020-09-29T18:25:20.139+0200: 2.871: [ParNew: 585026K->32472K(613440K), 0.0144730 secs] 585566K->33013K(2029056K), 0.0145337 secs] [Times: user=0.13 sys=0.00, real=0.01 secs] 
2020-09-29T18:25:20.200+0200: 2.932: [GC (Allocation Failure) 2020-09-29T18:25:20.200+0200: 2.932: [ParNew: 577816K->55279K(613440K), 0.0231771 secs] 578357K->55820K(2029056K), 0.0232467 secs] [Times: user=0.25 sys=0.00, real=0.02 secs] 
2020-09-29T18:25:20.271+0200: 3.003: [GC (Allocation Failure) 2020-09-29T18:25:20.271+0200: 3.003: [ParNew: 600623K->52198K(613440K), 0.0184171 secs] 601164K->52739K(2029056K), 0.0184776 secs] [Times: user=0.13 sys=0.00, real=0.02 secs] 
2020-09-29T18:25:20.336+0200: 3.068: [GC (Allocation Failure) 2020-09-29T18:25:20.336+0200: 3.068: [ParNew: 597542K->43292K(613440K), 0.0166340 secs] 598083K->43833K(2029056K), 0.0167082 secs] [Times: user=0.13 sys=0.00, real=0.02 secs] 
2020-09-29T18:25:20.404+0200: 3.137: [GC (Allocation Failure) 2020-09-29T18:25:20.405+0200: 3.137: [ParNew: 588636K->39990K(613440K), 0.0155033 secs] 589177K->40531K(2029056K), 0.0155768 secs] [Times: user=0.13 sys=0.00, real=0.02 secs] 
2020-09-29T18:25:20.470+0200: 3.202: [GC (Allocation Failure) 2020-09-29T18:25:20.470+0200: 3.202: [ParNew: 585334K->57900K(613440K), 0.0198772 secs] 585875K->58441K(2029056K), 0.0201831 secs] [Times: user=0.25 sys=0.00, real=0.02 secs] 
2020-09-29T18:25:20.537+0200: 3.269: [GC (Allocation Failure) 2020-09-29T18:25:20.537+0200: 3.269: [ParNew: 603244K->39564K(613440K), 0.0127084 secs] 603785K->40104K(2029056K), 0.0127696 secs] [Times: user=0.00 sys=0.00, real=0.01 secs] 
2020-09-29T18:25:20.601+0200: 3.334: [GC (Allocation Failure) 2020-09-29T18:25:20.601+0200: 3.334: [ParNew: 584908K->38014K(613440K), 0.0181805 secs] 585448K->38555K(2029056K), 0.0182384 secs] [Times: user=0.13 sys=0.00, real=0.02 secs] 
2020-09-29T18:25:20.667+0200: 3.400: [GC (Allocation Failure) 2020-09-29T18:25:20.667+0200: 3.400: [ParNew: 583358K->58825K(613440K), 0.0232332 secs] 583899K->59365K(2029056K), 0.0232955 secs] [Times: user=0.13 sys=0.00, real=0.02 secs] 
2020-09-29T18:25:20.737+0200: 3.470: [GC (Allocation Failure) 2020-09-29T18:25:20.737+0200: 3.470: [ParNew: 604169K->54806K(613440K), 0.0210872 secs] 604709K->55347K(2029056K), 0.0211571 secs] [Times: user=0.25 sys=0.00, real=0.02 secs] 
2020-09-29T18:25:20.807+0200: 3.539: [GC (Allocation Failure) 2020-09-29T18:25:20.807+0200: 3.539: [ParNew: 600150K->46294K(613440K), 0.0154516 secs] 600691K->46834K(2029056K), 0.0155072 secs] [Times: user=0.13 sys=0.00, real=0.02 secs] 
2020-09-29T18:25:20.870+0200: 3.602: [GC (Allocation Failure) 2020-09-29T18:25:20.870+0200: 3.602: [ParNew: 591638K->45943K(613440K), 0.0198401 secs] 592178K->46484K(2029056K), 0.0199141 secs] [Times: user=0.13 sys=0.00, real=0.02 secs] 
2020-09-29T18:25:20.938+0200: 3.670: [GC (Allocation Failure) 2020-09-29T18:25:20.938+0200: 3.670: [ParNew: 591287K->35262K(613440K), 0.0079955 secs] 591828K->35803K(2029056K), 0.0080652 secs] [Times: user=0.13 sys=0.00, real=0.01 secs] 
2020-09-29T18:25:21.002+0200: 3.734: [GC (Allocation Failure) 2020-09-29T18:25:21.002+0200: 3.734: [ParNew: 580606K->27233K(613440K), 0.0121907 secs] 581147K->27774K(2029056K), 0.0123193 secs] [Times: user=0.13 sys=0.00, real=0.01 secs] 
2020-09-29T18:25:21.062+0200: 3.794: [GC (Allocation Failure) 2020-09-29T18:25:21.062+0200: 3.794: [ParNew: 572577K->33174K(613440K), 0.0161622 secs] 573118K->33715K(2029056K), 0.0162561 secs] [Times: user=0.13 sys=0.00, real=0.02 secs] 
2020-09-29T18:25:21.126+0200: 3.858: [GC (Allocation Failure) 2020-09-29T18:25:21.126+0200: 3.858: [ParNew: 578518K->31899K(613440K), 0.0149923 secs] 579059K->32440K(2029056K), 0.0150489 secs] [Times: user=0.13 sys=0.00, real=0.02 secs] 
2020-09-29T18:25:21.187+0200: 3.920: [GC (Allocation Failure) 2020-09-29T18:25:21.187+0200: 3.920: [ParNew: 577243K->58308K(613440K), 0.0201649 secs] 577784K->58849K(2029056K), 0.0202272 secs] [Times: user=0.25 sys=0.00, real=0.02 secs] 
2020-09-29T18:25:21.254+0200: 3.987: [GC (Allocation Failure) 2020-09-29T18:25:21.254+0200: 3.987: [ParNew: 603652K->44098K(613440K), 0.0194520 secs] 604193K->44639K(2029056K), 0.0195158 secs] [Times: user=0.13 sys=0.00, real=0.02 secs] 
2020-09-29T18:25:21.321+0200: 4.054: [GC (Allocation Failure) 2020-09-29T18:25:21.321+0200: 4.054: [ParNew: 589442K->37524K(613440K), 0.0121906 secs] 589983K->38064K(2029056K), 0.0122514 secs] [Times: user=0.13 sys=0.00, real=0.01 secs] 
2020-09-29T18:25:21.380+0200: 4.113: [GC (Allocation Failure) 2020-09-29T18:25:21.380+0200: 4.113: [ParNew: 582868K->53437K(613440K), 0.0210454 secs] 583408K->53978K(2029056K), 0.0211149 secs] [Times: user=0.13 sys=0.00, real=0.02 secs] 
2020-09-29T18:25:21.449+0200: 4.182: [GC (Allocation Failure) 2020-09-29T18:25:21.449+0200: 4.182: [ParNew: 598781K->67656K(613440K), 0.0204902 secs] 599322K->68196K(2029056K), 0.0205835 secs] [Times: user=0.13 sys=0.00, real=0.02 secs] 
2020-09-29T18:25:21.517+0200: 4.250: [GC (Allocation Failure) 2020-09-29T18:25:21.517+0200: 4.250: [ParNew: 613000K->68096K(613440K), 0.0243838 secs] 613540K->68722K(2029056K), 0.0244557 secs] [Times: user=0.25 sys=0.00, real=0.03 secs] 
2020-09-29T18:25:21.590+0200: 4.322: [GC (Allocation Failure) 2020-09-29T18:25:21.590+0200: 4.322: [ParNew: 611829K->36737K(613440K), 0.0153108 secs] 612455K->37363K(2029056K), 0.0153714 secs] [Times: user=0.11 sys=0.00, real=0.02 secs] 
2020-09-29T18:25:21.654+0200: 4.387: [GC (Allocation Failure) 2020-09-29T18:25:21.654+0200: 4.387: [ParNew: 582081K->44400K(613440K), 0.0163999 secs] 582707K->45026K(2029056K), 0.0164595 secs] [Times: user=0.13 sys=0.00, real=0.02 secs] 
2020-09-29T18:25:21.725+0200: 4.457: [GC (Allocation Failure) 2020-09-29T18:25:21.725+0200: 4.457: [ParNew: 589744K->48552K(613440K), 0.0173440 secs] 590370K->49178K(2029056K), 0.0173976 secs] [Times: user=0.13 sys=0.00, real=0.02 secs] 
2020-09-29T18:25:21.793+0200: 4.525: [GC (Allocation Failure) 2020-09-29T18:25:21.793+0200: 4.525: [ParNew: 593896K->61177K(613440K), 0.0206974 secs] 594522K->61803K(2029056K), 0.0207790 secs] [Times: user=0.13 sys=0.00, real=0.02 secs] 
2020-09-29T18:25:21.862+0200: 4.595: [GC (Allocation Failure) 2020-09-29T18:25:21.862+0200: 4.595: [ParNew: 606521K->45997K(613440K), 0.0155715 secs] 607147K->46624K(2029056K), 0.0156461 secs] [Times: user=0.11 sys=0.00, real=0.02 secs] 
2020-09-29T18:25:21.925+0200: 4.657: [GC (Allocation Failure) 2020-09-29T18:25:21.925+0200: 4.657: [ParNew: 591341K->40648K(613440K), 0.0149597 secs] 591968K->41274K(2029056K), 0.0150201 secs] [Times: user=0.13 sys=0.00, real=0.02 secs] 
2020-09-29T18:25:21.993+0200: 4.725: [GC (Allocation Failure) 2020-09-29T18:25:21.993+0200: 4.725: [ParNew: 585992K->44086K(613440K), 0.0185914 secs] 586618K->44712K(2029056K), 0.0186486 secs] [Times: user=0.13 sys=0.00, real=0.02 secs] 
2020-09-29T18:25:22.058+0200: 4.791: [GC (Allocation Failure) 2020-09-29T18:25:22.058+0200: 4.791: [ParNew: 589430K->58994K(613440K), 0.0232982 secs] 590056K->59620K(2029056K), 0.0234256 secs] [Times: user=0.13 sys=0.02, real=0.02 secs] 
2020-09-29T18:25:22.129+0200: 4.862: [GC (Allocation Failure) 2020-09-29T18:25:22.129+0200: 4.862: [ParNew: 604338K->50331K(613440K), 0.0180534 secs] 604964K->50958K(2029056K), 0.0181100 secs] [Times: user=0.13 sys=0.00, real=0.02 secs] 
2020-09-29T18:25:22.196+0200: 4.928: [GC (Allocation Failure) 2020-09-29T18:25:22.196+0200: 4.928: [ParNew: 595675K->41174K(613440K), 0.0168888 secs] 596302K->41800K(2029056K), 0.0169525 secs] [Times: user=0.13 sys=0.00, real=0.02 secs] 
2020-09-29T18:25:22.266+0200: 4.997: [GC (Allocation Failure) 2020-09-29T18:25:22.266+0200: 4.997: [ParNew: 586518K->63354K(613440K), 0.0201603 secs] 587144K->63980K(2029056K), 0.0202228 secs] [Times: user=0.25 sys=0.00, real=0.02 secs] 
2020-09-29T18:25:22.334+0200: 5.066: [GC (Allocation Failure) 2020-09-29T18:25:22.334+0200: 5.066: [ParNew: 608698K->64461K(613440K), 0.0206289 secs] 609324K->65087K(2029056K), 0.0206963 secs] [Times: user=0.11 sys=0.00, real=0.02 secs] 
2020-09-29T18:25:22.403+0200: 5.135: [GC (Allocation Failure) 2020-09-29T18:25:22.403+0200: 5.135: [ParNew: 609805K->30571K(613440K), 0.0122376 secs] 610431K->31197K(2029056K), 0.0122974 secs] [Times: user=0.13 sys=0.00, real=0.01 secs] 
2020-09-29T18:25:22.462+0200: 5.194: [GC (Allocation Failure) 2020-09-29T18:25:22.462+0200: 5.194: [ParNew: 575915K->24036K(613440K), 0.0125188 secs] 576541K->24663K(2029056K), 0.0125777 secs] [Times: user=0.13 sys=0.00, real=0.01 secs] 
2020-09-29T18:25:22.521+0200: 5.253: [GC (Allocation Failure) 2020-09-29T18:25:22.521+0200: 5.253: [ParNew: 569380K->44434K(613440K), 0.0166554 secs] 570007K->45061K(2029056K), 0.0167130 secs] [Times: user=0.13 sys=0.00, real=0.02 secs] 
2020-09-29T18:25:22.586+0200: 5.318: [GC (Allocation Failure) 2020-09-29T18:25:22.586+0200: 5.318: [ParNew: 589778K->44135K(613440K), 0.0172038 secs] 590405K->44761K(2029056K), 0.0172728 secs] [Times: user=0.11 sys=0.00, real=0.02 secs] 
2020-09-29T18:25:22.660+0200: 5.392: [GC (Allocation Failure) 2020-09-29T18:25:22.661+0200: 5.392: [ParNew: 589479K->30629K(613440K), 0.0111638 secs] 590105K->31255K(2029056K), 0.0112370 secs] [Times: user=0.00 sys=0.02, real=0.01 secs] 
2020-09-29T18:25:22.723+0200: 5.455: [GC (Allocation Failure) 2020-09-29T18:25:22.723+0200: 5.455: [ParNew: 575973K->44158K(613440K), 0.0199303 secs] 576599K->44784K(2029056K), 0.0200029 secs] [Times: user=0.25 sys=0.00, real=0.02 secs] 
2020-09-29T18:25:22.791+0200: 5.522: [GC (Allocation Failure) 2020-09-29T18:25:22.791+0200: 5.522: [ParNew: 589502K->36827K(613440K), 0.0127958 secs] 590128K->37453K(2029056K), 0.0128532 secs] [Times: user=0.13 sys=0.00, real=0.01 secs] 
2020-09-29T18:25:22.850+0200: 5.582: [GC (Allocation Failure) 2020-09-29T18:25:22.850+0200: 5.582: [ParNew: 582171K->61517K(613440K), 0.0235953 secs] 582797K->62143K(2029056K), 0.0236681 secs] [Times: user=0.13 sys=0.00, real=0.02 secs] 
2020-09-29T18:25:22.920+0200: 5.652: [GC (Allocation Failure) 2020-09-29T18:25:22.920+0200: 5.652: [ParNew: 606861K->36056K(613440K), 0.0066075 secs] 607487K->36683K(2029056K), 0.0066624 secs] [Times: user=0.13 sys=0.00, real=0.01 secs] 
2020-09-29T18:25:22.976+0200: 5.707: [GC (Allocation Failure) 2020-09-29T18:25:22.976+0200: 5.707: [ParNew: 581400K->36539K(613440K), 0.0168459 secs] 582027K->37165K(2029056K), 0.0169115 secs] [Times: user=0.13 sys=0.00, real=0.02 secs] 
2020-09-29T18:25:23.040+0200: 5.772: [GC (Allocation Failure) 2020-09-29T18:25:23.040+0200: 5.772: [ParNew: 581883K->49393K(613440K), 0.0204675 secs] 582509K->50019K(2029056K), 0.0205227 secs] [Times: user=0.13 sys=0.00, real=0.02 secs] 
2020-09-29T18:25:23.108+0200: 5.840: [GC (Allocation Failure) 2020-09-29T18:25:23.109+0200: 5.840: [ParNew: 594737K->62422K(613440K), 0.0212080 secs] 595363K->63049K(2029056K), 0.0213314 secs] [Times: user=0.25 sys=0.00, real=0.02 secs] 
2020-09-29T18:25:23.176+0200: 5.908: [GC (Allocation Failure) 2020-09-29T18:25:23.176+0200: 5.908: [ParNew: 607766K->38319K(613440K), 0.0134325 secs] 608393K->38945K(2029056K), 0.0135214 secs] [Times: user=0.13 sys=0.00, real=0.01 secs] 
2020-09-29T18:25:23.237+0200: 5.968: [GC (Allocation Failure) 2020-09-29T18:25:23.237+0200: 5.968: [ParNew: 583663K->37472K(613440K), 0.0167033 secs] 584289K->38098K(2029056K), 0.0167721 secs] [Times: user=0.13 sys=0.00, real=0.02 secs] 
2020-09-29T18:25:23.301+0200: 6.033: [GC (Allocation Failure) 2020-09-29T18:25:23.301+0200: 6.033: [ParNew: 581990K->42671K(613440K), 0.0160596 secs] 582616K->43297K(2029056K), 0.0161195 secs] [Times: user=0.25 sys=0.00, real=0.02 secs] 
2020-09-29T18:25:23.367+0200: 6.099: [GC (Allocation Failure) 2020-09-29T18:25:23.367+0200: 6.099: [ParNew: 588015K->33784K(613440K), 0.0149476 secs] 588641K->34410K(2029056K), 0.0150314 secs] [Times: user=0.13 sys=0.00, real=0.01 secs] 
2020-09-29T18:25:23.430+0200: 6.161: [GC (Allocation Failure) 2020-09-29T18:25:23.430+0200: 6.161: [ParNew: 579128K->54066K(613440K), 0.0187434 secs] 579754K->54692K(2029056K), 0.0188073 secs] [Times: user=0.13 sys=0.00, real=0.02 secs] 
2020-09-29T18:25:23.496+0200: 6.228: [GC (Allocation Failure) 2020-09-29T18:25:23.496+0200: 6.228: [ParNew: 599410K->38586K(613440K), 0.0120264 secs] 600036K->39212K(2029056K), 0.0120807 secs] [Times: user=0.13 sys=0.00, real=0.01 secs] 
2020-09-29T18:25:23.562+0200: 6.294: [GC (Allocation Failure) 2020-09-29T18:25:23.562+0200: 6.294: [ParNew: 583930K->40271K(613440K), 0.0181980 secs] 584556K->40898K(2029056K), 0.0182776 secs] [Times: user=0.13 sys=0.00, real=0.02 secs] 
2020-09-29T18:25:23.630+0200: 6.362: [GC (Allocation Failure) 2020-09-29T18:25:23.630+0200: 6.362: [ParNew: 585615K->55485K(613440K), 0.0231967 secs] 586242K->56111K(2029056K), 0.0232572 secs] [Times: user=0.11 sys=0.00, real=0.02 secs] 
2020-09-29T18:25:23.702+0200: 6.434: [GC (Allocation Failure) 2020-09-29T18:25:23.702+0200: 6.434: [ParNew: 600829K->50074K(613440K), 0.0166607 secs] 601455K->50700K(2029056K), 0.0167179 secs] [Times: user=0.13 sys=0.00, real=0.02 secs] 
2020-09-29T18:25:23.766+0200: 6.497: [GC (Allocation Failure) 2020-09-29T18:25:23.766+0200: 6.497: [ParNew: 595418K->47292K(613440K), 0.0210861 secs] 596044K->47918K(2029056K), 0.0211690 secs] [Times: user=0.25 sys=0.00, real=0.02 secs] 
2020-09-29T18:25:23.833+0200: 6.565: [GC (Allocation Failure) 2020-09-29T18:25:23.833+0200: 6.565: [ParNew: 592636K->68096K(613440K), 0.0200588 secs] 593262K->68722K(2029056K), 0.0201185 secs] [Times: user=0.13 sys=0.00, real=0.02 secs] 
2020-09-29T18:25:23.900+0200: 6.632: [GC (Allocation Failure) 2020-09-29T18:25:23.900+0200: 6.632: [ParNew: 613440K->32918K(613440K), 0.0137867 secs] 614066K->33544K(2029056K), 0.0138756 secs] [Times: user=0.13 sys=0.00, real=0.01 secs] 
2020-09-29T18:25:23.965+0200: 6.697: [GC (Allocation Failure) 2020-09-29T18:25:23.965+0200: 6.697: [ParNew: 578262K->54004K(613440K), 0.0188763 secs] 578888K->54630K(2029056K), 0.0189440 secs] [Times: user=0.13 sys=0.00, real=0.02 secs] 
2020-09-29T18:25:24.033+0200: 6.764: [GC (Allocation Failure) 2020-09-29T18:25:24.033+0200: 6.764: [ParNew: 599348K->42053K(613440K), 0.0192883 secs] 599974K->42679K(2029056K), 0.0193697 secs] [Times: user=0.25 sys=0.00, real=0.02 secs] 
2020-09-29T18:25:24.099+0200: 6.831: [GC (Allocation Failure) 2020-09-29T18:25:24.099+0200: 6.831: [ParNew: 587397K->39697K(613440K), 0.0187124 secs] 588023K->40324K(2029056K), 0.0187833 secs] [Times: user=0.13 sys=0.00, real=0.02 secs] 
2020-09-29T18:25:24.166+0200: 6.898: [GC (Allocation Failure) 2020-09-29T18:25:24.166+0200: 6.898: [ParNew: 585041K->39853K(613440K), 0.0169059 secs] 585668K->40479K(2029056K), 0.0169808 secs] [Times: user=0.13 sys=0.00, real=0.02 secs] 
2020-09-29T18:25:24.229+0200: 6.961: [GC (Allocation Failure) 2020-09-29T18:25:24.229+0200: 6.961: [ParNew: 585197K->39580K(613440K), 0.0152823 secs] 585823K->40206K(2029056K), 0.0153431 secs] [Times: user=0.13 sys=0.00, real=0.02 secs] 
2020-09-29T18:25:24.293+0200: 7.025: [GC (Allocation Failure) 2020-09-29T18:25:24.293+0200: 7.025: [ParNew: 584924K->59014K(613440K), 0.0206499 secs] 585550K->59640K(2029056K), 0.0207089 secs] [Times: user=0.13 sys=0.00, real=0.02 secs] 
2020-09-29T18:25:24.361+0200: 7.093: [GC (Allocation Failure) 2020-09-29T18:25:24.361+0200: 7.093: [ParNew: 604358K->43263K(613440K), 0.0137536 secs] 604984K->43889K(2029056K), 0.0138077 secs] [Times: user=0.13 sys=0.00, real=0.01 secs] 
2020-09-29T18:25:24.433+0200: 7.165: [GC (Allocation Failure) 2020-09-29T18:25:24.433+0200: 7.165: [ParNew: 588607K->41324K(613440K), 0.0183740 secs] 589233K->41950K(2029056K), 0.0184467 secs] [Times: user=0.13 sys=0.00, real=0.02 secs] 
2020-09-29T18:25:24.499+0200: 7.231: [GC (Allocation Failure) 2020-09-29T18:25:24.499+0200: 7.231: [ParNew: 586668K->57554K(613440K), 0.0181904 secs] 587294K->58181K(2029056K), 0.0182452 secs] [Times: user=0.13 sys=0.00, real=0.02 secs] 
2020-09-29T18:25:24.569+0200: 7.301: [GC (Allocation Failure) 2020-09-29T18:25:24.573+0200: 7.304: [ParNew: 602898K->43211K(613440K), 0.0169077 secs] 603525K->43837K(2029056K), 0.0206045 secs] [Times: user=0.13 sys=0.00, real=0.02 secs] 
2020-09-29T18:25:24.638+0200: 7.370: [GC (Allocation Failure) 2020-09-29T18:25:24.638+0200: 7.370: [ParNew: 588555K->33560K(613440K), 0.0148434 secs] 589181K->34187K(2029056K), 0.0149172 secs] [Times: user=0.13 sys=0.00, real=0.02 secs] 
2020-09-29T18:25:24.704+0200: 7.436: [GC (Allocation Failure) 2020-09-29T18:25:24.704+0200: 7.436: [ParNew: 578904K->57415K(613440K), 0.0203108 secs] 579531K->58041K(2029056K), 0.0203677 secs] [Times: user=0.25 sys=0.00, real=0.02 secs] 
2020-09-29T18:25:24.774+0200: 7.506: [GC (Allocation Failure) 2020-09-29T18:25:24.774+0200: 7.506: [ParNew: 602759K->68096K(613440K), 0.0246019 secs] 603385K->68722K(2029056K), 0.0246874 secs] [Times: user=0.13 sys=0.00, real=0.03 secs] 
2020-09-29T18:25:24.847+0200: 7.579: [GC (Allocation Failure) 2020-09-29T18:25:24.847+0200: 7.579: [ParNew: 613440K->68096K(613440K), 0.0233406 secs] 614066K->68722K(2029056K), 0.0234089 secs] [Times: user=0.25 sys=0.00, real=0.02 secs] 
2020-09-29T18:25:24.917+0200: 7.649: [GC (Allocation Failure) 2020-09-29T18:25:24.917+0200: 7.649: [ParNew: 613440K->54677K(613440K), 0.0229539 secs] 614066K->55303K(2029056K), 0.0230224 secs] [Times: user=0.13 sys=0.00, real=0.02 secs] 
2020-09-29T18:25:24.987+0200: 7.719: [GC (Allocation Failure) 2020-09-29T18:25:24.987+0200: 7.719: [ParNew: 600021K->55056K(613440K), 0.0224640 secs] 600647K->55682K(2029056K), 0.0225187 secs] [Times: user=0.25 sys=0.00, real=0.02 secs] 
2020-09-29T18:25:25.061+0200: 7.792: [GC (Allocation Failure) 2020-09-29T18:25:25.061+0200: 7.792: [ParNew: 600400K->48737K(613440K), 0.0182246 secs] 601026K->49363K(2029056K), 0.0182786 secs] [Times: user=0.11 sys=0.00, real=0.02 secs] 
2020-09-29T18:25:25.127+0200: 7.859: [GC (Allocation Failure) 2020-09-29T18:25:25.127+0200: 7.859: [ParNew: 594081K->66294K(613440K), 0.0205743 secs] 594707K->66921K(2029056K), 0.0206351 secs] [Times: user=0.24 sys=0.01, real=0.02 secs] 
2020-09-29T18:25:25.196+0200: 7.928: [GC (Allocation Failure) 2020-09-29T18:25:25.196+0200: 7.928: [ParNew: 611638K->49602K(613440K), 0.0210190 secs] 612265K->50228K(2029056K), 0.0210912 secs] [Times: user=0.13 sys=0.00, real=0.02 secs] 
2020-09-29T18:25:25.265+0200: 7.997: [GC (Allocation Failure) 2020-09-29T18:25:25.265+0200: 7.997: [ParNew: 594946K->42146K(613440K), 0.0143905 secs] 595572K->42772K(2029056K), 0.0144607 secs] [Times: user=0.13 sys=0.00, real=0.01 secs] 
2020-09-29T18:25:25.329+0200: 8.061: [GC (Allocation Failure) 2020-09-29T18:25:25.329+0200: 8.061: [ParNew: 587490K->26072K(613440K), 0.0084903 secs] 588116K->26699K(2029056K), 0.0085439 secs] [Times: user=0.13 sys=0.00, real=0.01 secs] 
2020-09-29T18:25:25.388+0200: 8.120: [GC (Allocation Failure) 2020-09-29T18:25:25.388+0200: 8.120: [ParNew: 571416K->40593K(613440K), 0.0189308 secs] 572043K->41219K(2029056K), 0.0190052 secs] [Times: user=0.13 sys=0.00, real=0.02 secs] 
2020-09-29T18:25:25.455+0200: 8.187: [GC (Allocation Failure) 2020-09-29T18:25:25.455+0200: 8.187: [ParNew: 585937K->56925K(613440K), 0.0174568 secs] 586563K->57551K(2029056K), 0.0175254 secs] [Times: user=0.13 sys=0.00, real=0.02 secs] 
2020-09-29T18:25:25.522+0200: 8.254: [GC (Allocation Failure) 2020-09-29T18:25:25.522+0200: 8.254: [ParNew: 602269K->37847K(613440K), 0.0177903 secs] 602895K->38473K(2029056K), 0.0178425 secs] [Times: user=0.13 sys=0.00, real=0.02 secs] 
2020-09-29T18:25:25.591+0200: 8.323: [GC (Allocation Failure) 2020-09-29T18:25:25.591+0200: 8.323: [ParNew: 583191K->61003K(613440K), 0.0227414 secs] 583817K->61629K(2029056K), 0.0228155 secs] [Times: user=0.23 sys=0.00, real=0.02 secs] 
2020-09-29T18:25:25.663+0200: 8.395: [GC (Allocation Failure) 2020-09-29T18:25:25.663+0200: 8.395: [ParNew: 606347K->44614K(613440K), 0.0126677 secs] 606973K->45240K(2029056K), 0.0127513 secs] [Times: user=0.00 sys=0.00, real=0.01 secs] 
2020-09-29T18:25:25.737+0200: 8.469: [GC (Allocation Failure) 2020-09-29T18:25:25.737+0200: 8.469: [ParNew: 589958K->31776K(613440K), 0.0173589 secs] 590584K->32402K(2029056K), 0.0174246 secs] [Times: user=0.11 sys=0.00, real=0.02 secs] 
2020-09-29T18:25:25.808+0200: 8.539: [GC (Allocation Failure) 2020-09-29T18:25:25.808+0200: 8.539: [ParNew: 577120K->64721K(613440K), 0.0256425 secs] 577746K->65348K(2029056K), 0.0257120 secs] [Times: user=0.25 sys=0.00, real=0.02 secs] 
2020-09-29T18:25:25.880+0200: 8.612: [GC (Allocation Failure) 2020-09-29T18:25:25.881+0200: 8.612: [ParNew: 610065K->48151K(613440K), 0.0189724 secs] 610692K->48777K(2029056K), 0.0190515 secs] [Times: user=0.13 sys=0.00, real=0.02 secs] 
2020-09-29T18:25:25.946+0200: 8.678: [GC (Allocation Failure) 2020-09-29T18:25:25.946+0200: 8.678: [ParNew: 593495K->68096K(613440K), 0.0231263 secs] 594121K->69224K(2029056K), 0.0232067 secs] [Times: user=0.13 sys=0.00, real=0.02 secs] 
2020-09-29T18:25:26.017+0200: 8.749: [GC (Allocation Failure) 2020-09-29T18:25:26.017+0200: 8.749: [ParNew: 613440K->46570K(613440K), 0.0153666 secs] 614568K->47699K(2029056K), 0.0154645 secs] [Times: user=0.13 sys=0.00, real=0.02 secs] 
2020-09-29T18:25:26.078+0200: 8.810: [GC (Allocation Failure) 2020-09-29T18:25:26.078+0200: 8.810: [ParNew: 591914K->37483K(613440K), 0.0151925 secs] 593043K->38611K(2029056K), 0.0152686 secs] [Times: user=0.13 sys=0.00, real=0.01 secs] 
2020-09-29T18:25:26.144+0200: 8.876: [GC (Allocation Failure) 2020-09-29T18:25:26.144+0200: 8.876: [ParNew: 582827K->29911K(613440K), 0.0141319 secs] 583955K->31040K(2029056K), 0.0141925 secs] [Times: user=0.13 sys=0.00, real=0.01 secs] 
2020-09-29T18:25:26.208+0200: 8.940: [GC (Allocation Failure) 2020-09-29T18:25:26.208+0200: 8.940: [ParNew: 575255K->52943K(613440K), 0.0189433 secs] 576384K->54071K(2029056K), 0.0190183 secs] [Times: user=0.13 sys=0.00, real=0.02 secs] 
2020-09-29T18:25:26.275+0200: 9.007: [GC (Allocation Failure) 2020-09-29T18:25:26.275+0200: 9.007: [ParNew: 598287K->42640K(613440K), 0.0170433 secs] 599415K->43769K(2029056K), 0.0171007 secs] [Times: user=0.13 sys=0.00, real=0.02 secs] 
2020-09-29T18:25:26.341+0200: 9.073: [GC (Allocation Failure) 2020-09-29T18:25:26.341+0200: 9.073: [ParNew: 587984K->41780K(613440K), 0.0169016 secs] 589113K->42908K(2029056K), 0.0169726 secs] [Times: user=0.13 sys=0.00, real=0.02 secs] 
2020-09-29T18:25:26.405+0200: 9.137: [GC (Allocation Failure) 2020-09-29T18:25:26.405+0200: 9.137: [ParNew: 587124K->30510K(613440K), 0.0087090 secs] 588252K->31638K(2029056K), 0.0087655 secs] [Times: user=0.13 sys=0.00, real=0.01 secs] 
2020-09-29T18:25:26.463+0200: 9.195: [GC (Allocation Failure) 2020-09-29T18:25:26.463+0200: 9.195: [ParNew: 575854K->28811K(613440K), 0.0148828 secs] 576982K->29940K(2029056K), 0.0149421 secs] [Times: user=0.13 sys=0.00, real=0.01 secs] 
2020-09-29T18:25:26.524+0200: 9.256: [GC (Allocation Failure) 2020-09-29T18:25:26.524+0200: 9.256: [ParNew: 574155K->45549K(613440K), 0.0188147 secs] 575284K->46678K(2029056K), 0.0188749 secs] [Times: user=0.13 sys=0.00, real=0.02 secs] 
2020-09-29T18:25:26.593+0200: 9.325: [GC (Allocation Failure) 2020-09-29T18:25:26.593+0200: 9.325: [ParNew: 590893K->57305K(613440K), 0.0193282 secs] 592022K->58434K(2029056K), 0.0193864 secs] [Times: user=0.11 sys=0.00, real=0.02 secs] 
2020-09-29T18:25:26.662+0200: 9.393: [GC (Allocation Failure) 2020-09-29T18:25:26.662+0200: 9.393: [ParNew: 602649K->43432K(613440K), 0.0180631 secs] 603778K->44561K(2029056K), 0.0181222 secs] [Times: user=0.13 sys=0.00, real=0.02 secs] 
2020-09-29T18:25:26.727+0200: 9.459: [GC (Allocation Failure) 2020-09-29T18:25:26.727+0200: 9.459: [ParNew: 588776K->63754K(613440K), 0.0213777 secs] 589905K->64882K(2029056K), 0.0214333 secs] [Times: user=0.13 sys=0.00, real=0.02 secs] 
2020-09-29T18:25:26.796+0200: 9.528: [GC (Allocation Failure) 2020-09-29T18:25:26.796+0200: 9.528: [ParNew: 609098K->68096K(613440K), 0.0275285 secs] 610226K->72374K(2029056K), 0.0275837 secs] [Times: user=0.25 sys=0.00, real=0.03 secs] 
2020-09-29T18:25:26.870+0200: 9.602: [GC (Allocation Failure) 2020-09-29T18:25:26.871+0200: 9.602: [ParNew: 613440K->62615K(613440K), 0.0199588 secs] 617718K->66893K(2029056K), 0.0200203 secs] [Times: user=0.13 sys=0.00, real=0.02 secs] 
2020-09-29T18:25:26.938+0200: 9.670: [GC (Allocation Failure) 2020-09-29T18:25:26.938+0200: 9.670: [ParNew: 607959K->45281K(613440K), 0.0139843 secs] 612237K->49559K(2029056K), 0.0140415 secs] [Times: user=0.13 sys=0.00, real=0.01 secs] 
2020-09-29T18:25:27.003+0200: 9.735: [GC (Allocation Failure) 2020-09-29T18:25:27.003+0200: 9.735: [ParNew: 590625K->47079K(613440K), 0.0213250 secs] 594903K->51357K(2029056K), 0.0213883 secs] [Times: user=0.22 sys=0.00, real=0.02 secs] 
2020-09-29T18:25:27.071+0200: 9.803: [GC (Allocation Failure) 2020-09-29T18:25:27.072+0200: 9.803: [ParNew: 592423K->42582K(613440K), 0.0179543 secs] 596701K->46860K(2029056K), 0.0180260 secs] [Times: user=0.13 sys=0.00, real=0.02 secs] 
2020-09-29T18:25:27.138+0200: 9.870: [GC (Allocation Failure) 2020-09-29T18:25:27.138+0200: 9.870: [ParNew: 587926K->67792K(613440K), 0.0233816 secs] 592204K->72070K(2029056K), 0.0234649 secs] [Times: user=0.25 sys=0.00, real=0.02 secs] 
2020-09-29T18:25:27.210+0200: 9.942: [GC (Allocation Failure) 2020-09-29T18:25:27.210+0200: 9.942: [ParNew: 613136K->51523K(613440K), 0.0171998 secs] 617414K->55802K(2029056K), 0.0172690 secs] [Times: user=0.13 sys=0.00, real=0.02 secs] 
2020-09-29T18:25:27.278+0200: 10.010: [GC (Allocation Failure) 2020-09-29T18:25:27.278+0200: 10.010: [ParNew: 596867K->63430K(613440K), 0.0229753 secs] 601146K->67708K(2029056K), 0.0230602 secs] [Times: user=0.13 sys=0.00, real=0.02 secs] 
2020-09-29T18:25:27.351+0200: 10.083: [GC (Allocation Failure) 2020-09-29T18:25:27.351+0200: 10.083: [ParNew: 608774K->46884K(613440K), 0.0176136 secs] 613052K->51162K(2029056K), 0.0176957 secs] [Times: user=0.13 sys=0.00, real=0.02 secs] 
2020-09-29T18:25:27.418+0200: 10.150: [GC (Allocation Failure) 2020-09-29T18:25:27.418+0200: 10.150: [ParNew: 592228K->63136K(613440K), 0.0202242 secs] 596506K->67414K(2029056K), 0.0202840 secs] [Times: user=0.13 sys=0.00, real=0.02 secs] 
2020-09-29T18:25:27.485+0200: 10.217: [GC (Allocation Failure) 2020-09-29T18:25:27.485+0200: 10.217: [ParNew: 608480K->47223K(613440K), 0.0197059 secs] 612758K->51501K(2029056K), 0.0197693 secs] [Times: user=0.25 sys=0.00, real=0.02 secs] 
2020-09-29T18:25:27.553+0200: 10.285: [GC (Allocation Failure) 2020-09-29T18:25:27.554+0200: 10.285: [ParNew: 592567K->44964K(613440K), 0.0186975 secs] 596845K->49242K(2029056K), 0.0187865 secs] [Times: user=0.13 sys=0.00, real=0.02 secs] 
2020-09-29T18:25:27.621+0200: 10.353: [GC (Allocation Failure) 2020-09-29T18:25:27.621+0200: 10.353: [ParNew: 590308K->42510K(613440K), 0.0194138 secs] 594586K->46788K(2029056K), 0.0194834 secs] [Times: user=0.11 sys=0.00, real=0.02 secs] 
2020-09-29T18:25:27.688+0200: 10.420: [GC (Allocation Failure) 2020-09-29T18:25:27.688+0200: 10.420: [ParNew: 587854K->65799K(613440K), 0.0227098 secs] 592132K->70077K(2029056K), 0.0227801 secs] [Times: user=0.22 sys=0.00, real=0.02 secs] 
2020-09-29T18:25:27.757+0200: 10.489: [GC (Allocation Failure) 2020-09-29T18:25:27.757+0200: 10.489: [ParNew: 611143K->53854K(613440K), 0.0210801 secs] 615421K->58132K(2029056K), 0.0211528 secs] [Times: user=0.13 sys=0.00, real=0.02 secs] 
2020-09-29T18:25:27.827+0200: 10.559: [GC (Allocation Failure) 2020-09-29T18:25:27.827+0200: 10.559: [ParNew: 599198K->47158K(613440K), 0.0157818 secs] 603476K->51436K(2029056K), 0.0158534 secs] [Times: user=0.13 sys=0.00, real=0.02 secs] 
2020-09-29T18:25:27.891+0200: 10.623: [GC (Allocation Failure) 2020-09-29T18:25:27.892+0200: 10.623: [ParNew: 592502K->46616K(613440K), 0.0200037 secs] 596780K->50895K(2029056K), 0.0200721 secs] [Times: user=0.25 sys=0.00, real=0.02 secs] 
2020-09-29T18:25:27.963+0200: 10.695: [GC (Allocation Failure) 2020-09-29T18:25:27.963+0200: 10.695: [ParNew: 591960K->44002K(613440K), 0.0166589 secs] 596239K->48280K(2029056K), 0.0167419 secs] [Times: user=0.13 sys=0.00, real=0.02 secs] 
2020-09-29T18:25:28.030+0200: 10.762: [GC (Allocation Failure) 2020-09-29T18:25:28.030+0200: 10.762: [ParNew: 589346K->44220K(613440K), 0.0217808 secs] 593624K->48498K(2029056K), 0.0218696 secs] [Times: user=0.13 sys=0.00, real=0.02 secs] 
2020-09-29T18:25:28.100+0200: 10.832: [GC (Allocation Failure) 2020-09-29T18:25:28.100+0200: 10.832: [ParNew: 589564K->56588K(613440K), 0.0187029 secs] 593842K->60866K(2029056K), 0.0187954 secs] [Times: user=0.13 sys=0.00, real=0.02 secs] 
2020-09-29T18:25:28.167+0200: 10.899: [GC (Allocation Failure) 2020-09-29T18:25:28.167+0200: 10.899: [ParNew: 601932K->43230K(613440K), 0.0179768 secs] 606210K->47508K(2029056K), 0.0180396 secs] [Times: user=0.13 sys=0.00, real=0.02 secs] 
2020-09-29T18:25:28.236+0200: 10.968: [GC (Allocation Failure) 2020-09-29T18:25:28.236+0200: 10.968: [ParNew: 588574K->34031K(613440K), 0.0163540 secs] 592852K->38309K(2029056K), 0.0164092 secs] [Times: user=0.13 sys=0.00, real=0.02 secs] 
2020-09-29T18:25:28.300+0200: 11.032: [GC (Allocation Failure) 2020-09-29T18:25:28.300+0200: 11.032: [ParNew: 579375K->57769K(613440K), 0.0206850 secs] 583653K->62047K(2029056K), 0.0207589 secs] [Times: user=0.23 sys=0.00, real=0.02 secs] 
2020-09-29T18:25:28.371+0200: 11.103: [GC (Allocation Failure) 2020-09-29T18:25:28.371+0200: 11.103: [ParNew: 603113K->44486K(613440K), 0.0187315 secs] 607391K->48764K(2029056K), 0.0188034 secs] [Times: user=0.13 sys=0.00, real=0.02 secs] 
2020-09-29T18:25:28.442+0200: 11.174: [GC (Allocation Failure) 2020-09-29T18:25:28.442+0200: 11.174: [ParNew: 589830K->47526K(613440K), 0.0192133 secs] 594108K->51804K(2029056K), 0.0192699 secs] [Times: user=0.13 sys=0.00, real=0.02 secs] 
2020-09-29T18:25:28.508+0200: 11.239: [GC (Allocation Failure) 2020-09-29T18:25:28.508+0200: 11.239: [ParNew: 592870K->39158K(613440K), 0.0122729 secs] 597148K->43436K(2029056K), 0.0123389 secs] [Times: user=0.11 sys=0.00, real=0.01 secs] 
2020-09-29T18:25:28.575+0200: 11.307: [GC (Allocation Failure) 2020-09-29T18:25:28.575+0200: 11.307: [ParNew: 584502K->37691K(613440K), 0.0180863 secs] 588780K->41969K(2029056K), 0.0181566 secs] [Times: user=0.13 sys=0.00, real=0.02 secs] 
2020-09-29T18:25:28.641+0200: 11.373: [GC (Allocation Failure) 2020-09-29T18:25:28.641+0200: 11.373: [ParNew: 583035K->35267K(613440K), 0.0165502 secs] 587313K->39545K(2029056K), 0.0166217 secs] [Times: user=0.11 sys=0.00, real=0.02 secs] 
2020-09-29T18:25:28.705+0200: 11.437: [GC (Allocation Failure) 2020-09-29T18:25:28.705+0200: 11.437: [ParNew: 580611K->33533K(613440K), 0.0148577 secs] 584889K->37811K(2029056K), 0.0149145 secs] [Times: user=0.13 sys=0.00, real=0.02 secs] 
2020-09-29T18:25:28.768+0200: 11.500: [GC (Allocation Failure) 2020-09-29T18:25:28.768+0200: 11.500: [ParNew: 578877K->57295K(613440K), 0.0192151 secs] 583155K->61573K(2029056K), 0.0192822 secs] [Times: user=0.25 sys=0.00, real=0.02 secs] 
2020-09-29T18:25:28.836+0200: 11.568: [GC (Allocation Failure) 2020-09-29T18:25:28.836+0200: 11.568: [ParNew: 602639K->45268K(613440K), 0.0184643 secs] 606917K->49546K(2029056K), 0.0185271 secs] [Times: user=0.13 sys=0.00, real=0.02 secs] 
2020-09-29T18:25:28.904+0200: 11.635: [GC (Allocation Failure) 2020-09-29T18:25:28.904+0200: 11.636: [ParNew: 590612K->36436K(613440K), 0.0134274 secs] 594890K->40714K(2029056K), 0.0134848 secs] [Times: user=0.13 sys=0.00, real=0.01 secs] 
2020-09-29T18:25:28.964+0200: 11.696: [GC (Allocation Failure) 2020-09-29T18:25:28.964+0200: 11.696: [ParNew: 581780K->39790K(613440K), 0.0166470 secs] 586058K->44068K(2029056K), 0.0167244 secs] [Times: user=0.13 sys=0.00, real=0.02 secs] 
2020-09-29T18:25:29.030+0200: 11.762: [GC (Allocation Failure) 2020-09-29T18:25:29.030+0200: 11.762: [ParNew: 585134K->48344K(613440K), 0.0177322 secs] 589412K->52622K(2029056K), 0.0178114 secs] [Times: user=0.13 sys=0.00, real=0.02 secs] 
2020-09-29T18:25:29.095+0200: 11.827: [GC (Allocation Failure) 2020-09-29T18:25:29.095+0200: 11.827: [ParNew: 593688K->39557K(613440K), 0.0151808 secs] 597966K->43835K(2029056K), 0.0152353 secs] [Times: user=0.13 sys=0.00, real=0.01 secs] 
2020-09-29T18:25:29.158+0200: 11.890: [GC (Allocation Failure) 2020-09-29T18:25:29.158+0200: 11.890: [ParNew: 584901K->32622K(613440K), 0.0167901 secs] 589179K->36900K(2029056K), 0.0168488 secs] [Times: user=0.11 sys=0.00, real=0.02 secs] 
2020-09-29T18:25:29.227+0200: 11.959: [GC (Allocation Failure) 2020-09-29T18:25:29.227+0200: 11.959: [ParNew: 577966K->54074K(613440K), 0.0189613 secs] 582244K->58352K(2029056K), 0.0190134 secs] [Times: user=0.13 sys=0.00, real=0.02 secs] 
2020-09-29T18:25:29.293+0200: 12.025: [GC (Allocation Failure) 2020-09-29T18:25:29.293+0200: 12.025: [ParNew: 599418K->68096K(613440K), 0.0234957 secs] 603696K->72374K(2029056K), 0.0235527 secs] [Times: user=0.25 sys=0.00, real=0.02 secs] 
2020-09-29T18:25:29.363+0200: 12.095: [GC (Allocation Failure) 2020-09-29T18:25:29.363+0200: 12.095: [ParNew: 613440K->58094K(613440K), 0.0182722 secs] 617718K->62372K(2029056K), 0.0183388 secs] [Times: user=0.25 sys=0.00, real=0.02 secs] 
2020-09-29T18:25:29.429+0200: 12.160: [GC (Allocation Failure) 2020-09-29T18:25:29.429+0200: 12.160: [ParNew: 603438K->53084K(613440K), 0.0161922 secs] 607716K->57362K(2029056K), 0.0162612 secs] [Times: user=0.13 sys=0.00, real=0.02 secs] 
2020-09-29T18:25:29.494+0200: 12.226: [GC (Allocation Failure) 2020-09-29T18:25:29.494+0200: 12.226: [ParNew: 598428K->53700K(613440K), 0.0216494 secs] 602706K->57978K(2029056K), 0.0217174 secs] [Times: user=0.13 sys=0.00, real=0.02 secs] 
2020-09-29T18:25:29.565+0200: 12.296: [GC (Allocation Failure) 2020-09-29T18:25:29.565+0200: 12.296: [ParNew: 599044K->43690K(613440K), 0.0145893 secs] 603322K->47968K(2029056K), 0.0146737 secs] [Times: user=0.11 sys=0.00, real=0.01 secs] 
2020-09-29T18:25:29.627+0200: 12.359: [GC (Allocation Failure) 2020-09-29T18:25:29.627+0200: 12.359: [ParNew: 589034K->35524K(613440K), 0.0151975 secs] 593312K->39802K(2029056K), 0.0152631 secs] [Times: user=0.11 sys=0.00, real=0.02 secs] 
2020-09-29T18:25:29.693+0200: 12.425: [GC (Allocation Failure) 2020-09-29T18:25:29.693+0200: 12.425: [ParNew: 580868K->32941K(613440K), 0.0136714 secs] 585146K->37219K(2029056K), 0.0137257 secs] [Times: user=0.00 sys=0.00, real=0.01 secs] 
2020-09-29T18:25:29.756+0200: 12.488: [GC (Allocation Failure) 2020-09-29T18:25:29.756+0200: 12.488: [ParNew: 578285K->23188K(613440K), 0.0064713 secs] 582563K->27466K(2029056K), 0.0065357 secs] [Times: user=0.00 sys=0.00, real=0.01 secs] 
2020-09-29T18:25:29.813+0200: 12.545: [GC (Allocation Failure) 2020-09-29T18:25:29.813+0200: 12.545: [ParNew: 568532K->49510K(613440K), 0.0218010 secs] 572810K->53788K(2029056K), 0.0218575 secs] [Times: user=0.25 sys=0.00, real=0.02 secs] 
2020-09-29T18:25:29.882+0200: 12.613: [GC (Allocation Failure) 2020-09-29T18:25:29.882+0200: 12.614: [ParNew: 594854K->42548K(613440K), 0.0154321 secs] 599132K->46826K(2029056K), 0.0154860 secs] [Times: user=0.13 sys=0.00, real=0.02 secs] 
2020-09-29T18:25:29.946+0200: 12.678: [GC (Allocation Failure) 2020-09-29T18:25:29.946+0200: 12.678: [ParNew: 587892K->35734K(613440K), 0.0153764 secs] 592170K->40012K(2029056K), 0.0154399 secs] [Times: user=0.13 sys=0.00, real=0.02 secs] 
2020-09-29T18:25:30.013+0200: 12.745: [GC (Allocation Failure) 2020-09-29T18:25:30.013+0200: 12.745: [ParNew: 581078K->36547K(613440K), 0.0136193 secs] 585356K->40825K(2029056K), 0.0137017 secs] [Times: user=0.13 sys=0.00, real=0.01 secs] 
2020-09-29T18:25:30.078+0200: 12.810: [GC (Allocation Failure) 2020-09-29T18:25:30.078+0200: 12.810: [ParNew: 581891K->30554K(613440K), 0.0148189 secs] 586169K->34833K(2029056K), 0.0148756 secs] [Times: user=0.13 sys=0.00, real=0.01 secs] 
2020-09-29T18:25:30.142+0200: 12.874: [GC (Allocation Failure) 2020-09-29T18:25:30.142+0200: 12.874: [ParNew: 575898K->54340K(613440K), 0.0177886 secs] 580177K->58618K(2029056K), 0.0178448 secs] [Times: user=0.13 sys=0.00, real=0.02 secs] 
2020-09-29T18:25:30.208+0200: 12.940: [GC (Allocation Failure) 2020-09-29T18:25:30.208+0200: 12.940: [ParNew: 599684K->38986K(613440K), 0.0179879 secs] 603962K->43264K(2029056K), 0.0180491 secs] [Times: user=0.13 sys=0.00, real=0.02 secs] 
2020-09-29T18:25:30.275+0200: 13.007: [GC (Allocation Failure) 2020-09-29T18:25:30.275+0200: 13.007: [ParNew: 584330K->39253K(613440K), 0.0158481 secs] 588608K->43531K(2029056K), 0.0159290 secs] [Times: user=0.13 sys=0.00, real=0.02 secs] 
2020-09-29T18:25:30.342+0200: 13.074: [GC (Allocation Failure) 2020-09-29T18:25:30.342+0200: 13.074: [ParNew: 584597K->36655K(613440K), 0.0138533 secs] 588875K->40933K(2029056K), 0.0139509 secs] [Times: user=0.13 sys=0.00, real=0.01 secs] 
2020-09-29T18:25:30.404+0200: 13.136: [GC (Allocation Failure) 2020-09-29T18:25:30.404+0200: 13.136: [ParNew: 581999K->54346K(613440K), 0.0181497 secs] 586277K->58625K(2029056K), 0.0182314 secs] [Times: user=0.13 sys=0.00, real=0.02 secs] 
2020-09-29T18:25:30.473+0200: 13.205: [GC (Allocation Failure) 2020-09-29T18:25:30.473+0200: 13.205: [ParNew: 599690K->36429K(613440K), 0.0109127 secs] 603969K->40707K(2029056K), 0.0109684 secs] [Times: user=0.11 sys=0.00, real=0.01 secs] 
2020-09-29T18:25:30.530+0200: 13.262: [GC (Allocation Failure) 2020-09-29T18:25:30.530+0200: 13.262: [ParNew: 581773K->32456K(613440K), 0.0161510 secs] 586051K->36734K(2029056K), 0.0162065 secs] [Times: user=0.13 sys=0.00, real=0.02 secs] 
2020-09-29T18:25:30.602+0200: 13.334: [GC (Allocation Failure) 2020-09-29T18:25:30.602+0200: 13.334: [ParNew: 577800K->50842K(613440K), 0.0198122 secs] 582078K->55120K(2029056K), 0.0198695 secs] [Times: user=0.13 sys=0.00, real=0.02 secs] 
2020-09-29T18:25:30.675+0200: 13.407: [GC (Allocation Failure) 2020-09-29T18:25:30.675+0200: 13.407: [ParNew: 596186K->40440K(613440K), 0.0151144 secs] 600464K->44718K(2029056K), 0.0151697 secs] [Times: user=0.13 sys=0.00, real=0.02 secs] 
2020-09-29T18:25:30.738+0200: 13.470: [GC (Allocation Failure) 2020-09-29T18:25:30.738+0200: 13.470: [ParNew: 585784K->57450K(613440K), 0.0183567 secs] 590062K->61728K(2029056K), 0.0184110 secs] [Times: user=0.17 sys=0.00, real=0.02 secs] 
2020-09-29T18:25:30.807+0200: 13.539: [GC (Allocation Failure) 2020-09-29T18:25:30.807+0200: 13.539: [ParNew: 602794K->42204K(613440K), 0.0184009 secs] 607072K->46482K(2029056K), 0.0184633 secs] [Times: user=0.13 sys=0.00, real=0.02 secs] 
2020-09-29T18:25:30.875+0200: 13.607: [GC (Allocation Failure) 2020-09-29T18:25:30.875+0200: 13.607: [ParNew: 587548K->32141K(613440K), 0.0097843 secs] 591826K->36419K(2029056K), 0.0098401 secs] [Times: user=0.13 sys=0.00, real=0.01 secs] 
2020-09-29T18:25:30.932+0200: 13.664: [GC (Allocation Failure) 2020-09-29T18:25:30.932+0200: 13.664: [ParNew: 577485K->46704K(613440K), 0.0199253 secs] 581763K->50982K(2029056K), 0.0199860 secs] [Times: user=0.13 sys=0.00, real=0.02 secs] 
2020-09-29T18:25:30.998+0200: 13.730: [GC (Allocation Failure) 2020-09-29T18:25:30.998+0200: 13.730: [ParNew: 592048K->60109K(613440K), 0.0184971 secs] 596326K->64388K(2029056K), 0.0185735 secs] [Times: user=0.13 sys=0.00, real=0.02 secs] 
2020-09-29T18:25:31.064+0200: 13.796: [GC (Allocation Failure) 2020-09-29T18:25:31.064+0200: 13.796: [ParNew: 605453K->48336K(613440K), 0.0176844 secs] 609732K->52614K(2029056K), 0.0177486 secs] [Times: user=0.13 sys=0.00, real=0.02 secs] 
2020-09-29T18:25:31.128+0200: 13.860: [GC (Allocation Failure) 2020-09-29T18:25:31.128+0200: 13.860: [ParNew: 593680K->37527K(613440K), 0.0169849 secs] 597958K->41805K(2029056K), 0.0170436 secs] [Times: user=0.25 sys=0.00, real=0.02 secs] 
2020-09-29T18:25:31.195+0200: 13.927: [GC (Allocation Failure) 2020-09-29T18:25:31.195+0200: 13.927: [ParNew: 582871K->36282K(613440K), 0.0107774 secs] 587149K->40560K(2029056K), 0.0108331 secs] [Times: user=0.00 sys=0.00, real=0.01 secs] 
2020-09-29T18:25:31.263+0200: 13.994: [GC (Allocation Failure) 2020-09-29T18:25:31.263+0200: 13.995: [ParNew: 581626K->36353K(613440K), 0.0183982 secs] 585904K->40631K(2029056K), 0.0184585 secs] [Times: user=0.11 sys=0.00, real=0.02 secs] 
2020-09-29T18:25:31.329+0200: 14.061: [GC (Allocation Failure) 2020-09-29T18:25:31.329+0200: 14.061: [ParNew: 581697K->30014K(613440K), 0.0139207 secs] 585975K->34292K(2029056K), 0.0139772 secs] [Times: user=0.13 sys=0.00, real=0.01 secs] 
2020-09-29T18:25:31.392+0200: 14.124: [GC (Allocation Failure) 2020-09-29T18:25:31.392+0200: 14.124: [ParNew: 575358K->50806K(613440K), 0.0191367 secs] 579636K->55084K(2029056K), 0.0192050 secs] [Times: user=0.25 sys=0.00, real=0.02 secs] 
2020-09-29T18:25:31.458+0200: 14.190: [GC (Allocation Failure) 2020-09-29T18:25:31.458+0200: 14.190: [ParNew: 596150K->44093K(613440K), 0.0188791 secs] 600428K->48371K(2029056K), 0.0189345 secs] [Times: user=0.13 sys=0.00, real=0.02 secs] 
2020-09-29T18:25:31.528+0200: 14.260: [GC (Allocation Failure) 2020-09-29T18:25:31.528+0200: 14.260: [ParNew: 589437K->41957K(613440K), 0.0178947 secs] 593715K->46235K(2029056K), 0.0179487 secs] [Times: user=0.13 sys=0.00, real=0.02 secs] 
2020-09-29T18:25:31.595+0200: 14.327: [GC (Allocation Failure) 2020-09-29T18:25:31.595+0200: 14.327: [ParNew: 587301K->39580K(613440K), 0.0174402 secs] 591579K->43858K(2029056K), 0.0175129 secs] [Times: user=0.11 sys=0.00, real=0.02 secs] 
2020-09-29T18:25:31.668+0200: 14.400: [GC (Allocation Failure) 2020-09-29T18:25:31.668+0200: 14.400: [ParNew: 584924K->61776K(613440K), 0.0200608 secs] 589202K->66054K(2029056K), 0.0201298 secs] [Times: user=0.13 sys=0.00, real=0.02 secs] 
2020-09-29T18:25:31.739+0200: 14.471: [GC (Allocation Failure) 2020-09-29T18:25:31.739+0200: 14.471: [ParNew: 607120K->48173K(613440K), 0.0196938 secs] 611398K->52451K(2029056K), 0.0197495 secs] [Times: user=0.13 sys=0.00, real=0.02 secs] 
2020-09-29T18:25:31.811+0200: 14.543: [GC (Allocation Failure) 2020-09-29T18:25:31.811+0200: 14.543: [ParNew: 593517K->48177K(613440K), 0.0191020 secs] 597795K->52455K(2029056K), 0.0191600 secs] [Times: user=0.13 sys=0.00, real=0.02 secs] 
2020-09-29T18:25:31.877+0200: 14.609: [GC (Allocation Failure) 2020-09-29T18:25:31.877+0200: 14.609: [ParNew: 593521K->43523K(613440K), 0.0188841 secs] 597799K->47801K(2029056K), 0.0189462 secs] [Times: user=0.25 sys=0.00, real=0.02 secs] 
2020-09-29T18:25:31.944+0200: 14.676: [GC (Allocation Failure) 2020-09-29T18:25:31.944+0200: 14.676: [ParNew: 588867K->40294K(613440K), 0.0128985 secs] 593145K->44572K(2029056K), 0.0129544 secs] [Times: user=0.00 sys=0.00, real=0.01 secs] 
2020-09-29T18:25:32.006+0200: 14.738: [GC (Allocation Failure) 2020-09-29T18:25:32.006+0200: 14.738: [ParNew: 585638K->53181K(613440K), 0.0228132 secs] 589916K->57459K(2029056K), 0.0228820 secs] [Times: user=0.13 sys=0.00, real=0.02 secs] 
2020-09-29T18:25:32.076+0200: 14.808: [GC (Allocation Failure) 2020-09-29T18:25:32.076+0200: 14.808: [ParNew: 598525K->47952K(613440K), 0.0166833 secs] 602803K->52230K(2029056K), 0.0167382 secs] [Times: user=0.13 sys=0.00, real=0.02 secs] 
2020-09-29T18:25:32.139+0200: 14.871: [GC (Allocation Failure) 2020-09-29T18:25:32.139+0200: 14.871: [ParNew: 593296K->41256K(613440K), 0.0165667 secs] 597574K->45534K(2029056K), 0.0166366 secs] [Times: user=0.13 sys=0.00, real=0.02 secs] 
2020-09-29T18:25:32.203+0200: 14.935: [GC (Allocation Failure) 2020-09-29T18:25:32.203+0200: 14.935: [ParNew: 586600K->58104K(613440K), 0.0217060 secs] 590878K->62382K(2029056K), 0.0217872 secs] [Times: user=0.25 sys=0.00, real=0.02 secs] 
2020-09-29T18:25:32.272+0200: 15.004: [GC (Allocation Failure) 2020-09-29T18:25:32.272+0200: 15.004: [ParNew: 603448K->44573K(613440K), 0.0139708 secs] 607726K->48851K(2029056K), 0.0140264 secs] [Times: user=0.13 sys=0.00, real=0.01 secs] 
2020-09-29T18:25:32.339+0200: 15.071: [GC (Allocation Failure) 2020-09-29T18:25:32.339+0200: 15.071: [ParNew: 589917K->42775K(613440K), 0.0188897 secs] 594195K->47053K(2029056K), 0.0189613 secs] [Times: user=0.13 sys=0.00, real=0.02 secs] 
2020-09-29T18:25:32.406+0200: 15.138: [GC (Allocation Failure) 2020-09-29T18:25:32.406+0200: 15.138: [ParNew: 588119K->57487K(613440K), 0.0183523 secs] 592397K->61765K(2029056K), 0.0184109 secs] [Times: user=0.13 sys=0.00, real=0.02 secs] 
2020-09-29T18:25:32.473+0200: 15.205: [GC (Allocation Failure) 2020-09-29T18:25:32.473+0200: 15.205: [ParNew: 602831K->43882K(613440K), 0.0166713 secs] 607109K->48160K(2029056K), 0.0167300 secs] [Times: user=0.17 sys=0.00, real=0.02 secs] 
2020-09-29T18:25:32.542+0200: 15.274: [GC (Allocation Failure) 2020-09-29T18:25:32.542+0200: 15.274: [ParNew: 589226K->59674K(613440K), 0.0209850 secs] 593504K->63952K(2029056K), 0.0210519 secs] [Times: user=0.13 sys=0.00, real=0.02 secs] 
2020-09-29T18:25:32.614+0200: 15.346: [GC (Allocation Failure) 2020-09-29T18:25:32.614+0200: 15.346: [ParNew: 605018K->63419K(613440K), 0.0203569 secs] 609296K->67697K(2029056K), 0.0204226 secs] [Times: user=0.13 sys=0.00, real=0.02 secs] 
2020-09-29T18:25:32.685+0200: 15.417: [GC (Allocation Failure) 2020-09-29T18:25:32.685+0200: 15.417: [ParNew: 608763K->51674K(613440K), 0.0199251 secs] 613041K->55952K(2029056K), 0.0200030 secs] [Times: user=0.13 sys=0.00, real=0.02 secs] 
2020-09-29T18:25:32.754+0200: 15.486: [GC (Allocation Failure) 2020-09-29T18:25:32.754+0200: 15.486: [ParNew: 597018K->42278K(613440K), 0.0140185 secs] 601296K->46556K(2029056K), 0.0140773 secs] [Times: user=0.13 sys=0.00, real=0.01 secs] 
2020-09-29T18:25:32.820+0200: 15.552: [GC (Allocation Failure) 2020-09-29T18:25:32.820+0200: 15.552: [ParNew: 587622K->39976K(613440K), 0.0175602 secs] 591900K->44254K(2029056K), 0.0176148 secs] [Times: user=0.13 sys=0.00, real=0.02 secs] 
2020-09-29T18:25:32.886+0200: 15.618: [GC (Allocation Failure) 2020-09-29T18:25:32.886+0200: 15.618: [ParNew: 585320K->38152K(613440K), 0.0163996 secs] 589598K->42430K(2029056K), 0.0164543 secs] [Times: user=0.13 sys=0.00, real=0.02 secs] 
2020-09-29T18:25:32.950+0200: 15.682: [GC (Allocation Failure) 2020-09-29T18:25:32.950+0200: 15.682: [ParNew: 583496K->39688K(613440K), 0.0165372 secs] 587774K->43966K(2029056K), 0.0166083 secs] [Times: user=0.13 sys=0.00, real=0.02 secs] 
2020-09-29T18:25:33.017+0200: 15.749: [GC (Allocation Failure) 2020-09-29T18:25:33.017+0200: 15.749: [ParNew: 585032K->58272K(613440K), 0.0207922 secs] 589310K->62550K(2029056K), 0.0208477 secs] [Times: user=0.25 sys=0.00, real=0.02 secs] 
2020-09-29T18:25:33.085+0200: 15.817: [GC (Allocation Failure) 2020-09-29T18:25:33.085+0200: 15.817: [ParNew: 603616K->64838K(613440K), 0.0209315 secs] 607894K->69116K(2029056K), 0.0209955 secs] [Times: user=0.11 sys=0.00, real=0.02 secs] 
2020-09-29T18:25:33.157+0200: 15.889: [GC (Allocation Failure) 2020-09-29T18:25:33.157+0200: 15.889: [ParNew: 610182K->44443K(613440K), 0.0180040 secs] 614460K->48721K(2029056K), 0.0180736 secs] [Times: user=0.11 sys=0.00, real=0.02 secs] 
2020-09-29T18:25:33.225+0200: 15.958: [GC (Allocation Failure) 2020-09-29T18:25:33.226+0200: 15.958: [ParNew: 589787K->41991K(613440K), 0.0208790 secs] 594065K->46269K(2029056K), 0.0209557 secs] [Times: user=0.13 sys=0.00, real=0.02 secs] 
2020-09-29T18:25:33.297+0200: 16.029: [GC (Allocation Failure) 2020-09-29T18:25:33.297+0200: 16.029: [ParNew: 587335K->59579K(613440K), 0.0179700 secs] 591613K->63857K(2029056K), 0.0180286 secs] [Times: user=0.13 sys=0.00, real=0.02 secs] 
2020-09-29T18:25:33.366+0200: 16.098: [GC (Allocation Failure) 2020-09-29T18:25:33.366+0200: 16.098: [ParNew: 604923K->63263K(613440K), 0.0226699 secs] 609201K->67541K(2029056K), 0.0227579 secs] [Times: user=0.13 sys=0.00, real=0.02 secs] 
2020-09-29T18:25:33.438+0200: 16.171: [GC (Allocation Failure) 2020-09-29T18:25:33.438+0200: 16.171: [ParNew: 608607K->68096K(613440K), 0.0222753 secs] 612885K->72388K(2029056K), 0.0223298 secs] [Times: user=0.25 sys=0.00, real=0.02 secs] 
2020-09-29T18:25:33.508+0200: 16.240: [GC (Allocation Failure) 2020-09-29T18:25:33.508+0200: 16.240: [ParNew: 613440K->54026K(613440K), 0.0216785 secs] 617732K->58319K(2029056K), 0.0217421 secs] [Times: user=0.13 sys=0.00, real=0.02 secs] 
2020-09-29T18:25:33.578+0200: 16.310: [GC (Allocation Failure) 2020-09-29T18:25:33.578+0200: 16.310: [ParNew: 599370K->50192K(613440K), 0.0221665 secs] 603663K->54485K(2029056K), 0.0222223 secs] [Times: user=0.22 sys=0.00, real=0.02 secs] 
2020-09-29T18:25:33.652+0200: 16.384: [GC (Allocation Failure) 2020-09-29T18:25:33.652+0200: 16.384: [ParNew: 595536K->42747K(613440K), 0.0160950 secs] 599829K->47040K(2029056K), 0.0161542 secs] [Times: user=0.13 sys=0.00, real=0.02 secs] 
2020-09-29T18:25:33.720+0200: 16.452: [GC (Allocation Failure) 2020-09-29T18:25:33.720+0200: 16.452: [ParNew: 588091K->64059K(613440K), 0.0204169 secs] 592384K->68352K(2029056K), 0.0204784 secs] [Times: user=0.20 sys=0.00, real=0.02 secs] 
2020-09-29T18:25:33.789+0200: 16.521: [GC (Allocation Failure) 2020-09-29T18:25:33.789+0200: 16.521: [ParNew: 609403K->47378K(613440K), 0.0187776 secs] 613696K->51671K(2029056K), 0.0188345 secs] [Times: user=0.13 sys=0.00, real=0.02 secs] 
2020-09-29T18:25:33.855+0200: 16.587: [GC (Allocation Failure) 2020-09-29T18:25:33.855+0200: 16.587: [ParNew: 592722K->37859K(613440K), 0.0122260 secs] 597015K->42152K(2029056K), 0.0122953 secs] [Times: user=0.13 sys=0.00, real=0.01 secs] 
2020-09-29T18:25:33.920+0200: 16.652: [GC (Allocation Failure) 2020-09-29T18:25:33.920+0200: 16.652: [ParNew: 583203K->52171K(613440K), 0.0219688 secs] 587496K->56464K(2029056K), 0.0220249 secs] [Times: user=0.16 sys=0.00, real=0.02 secs] 
2020-09-29T18:25:33.989+0200: 16.721: [GC (Allocation Failure) 2020-09-29T18:25:33.989+0200: 16.721: [ParNew: 597515K->33627K(613440K), 0.0098079 secs] 601808K->37920K(2029056K), 0.0098635 secs] [Times: user=0.00 sys=0.00, real=0.01 secs] 
2020-09-29T18:25:34.046+0200: 16.778: [GC (Allocation Failure) 2020-09-29T18:25:34.046+0200: 16.778: [ParNew: 578971K->48519K(613440K), 0.0198024 secs] 583264K->52812K(2029056K), 0.0198599 secs] [Times: user=0.13 sys=0.00, real=0.02 secs] 
2020-09-29T18:25:34.113+0200: 16.845: [GC (Allocation Failure) 2020-09-29T18:25:34.113+0200: 16.845: [ParNew: 593863K->37877K(613440K), 0.0131342 secs] 598156K->42169K(2029056K), 0.0159505 secs] [Times: user=0.09 sys=0.00, real=0.02 secs] 
2020-09-29T18:25:34.182+0200: 16.914: [GC (Allocation Failure) 2020-09-29T18:25:34.182+0200: 16.914: [ParNew: 583221K->50772K(613440K), 0.0181891 secs] 587513K->55065K(2029056K), 0.0182404 secs] [Times: user=0.13 sys=0.00, real=0.02 secs] 
2020-09-29T18:25:34.247+0200: 16.980: [GC (Allocation Failure) 2020-09-29T18:25:34.247+0200: 16.980: [ParNew: 596116K->40472K(613440K), 0.0185816 secs] 600409K->44765K(2029056K), 0.0186871 secs] [Times: user=0.13 sys=0.00, real=0.02 secs] 
2020-09-29T18:25:34.312+0200: 17.045: [GC (Allocation Failure) 2020-09-29T18:25:34.312+0200: 17.045: [ParNew: 585816K->37651K(613440K), 0.0169913 secs] 590109K->41944K(2029056K), 0.0170431 secs] [Times: user=0.13 sys=0.00, real=0.02 secs] 
2020-09-29T18:25:34.379+0200: 17.111: [GC (Allocation Failure) 2020-09-29T18:25:34.379+0200: 17.111: [ParNew: 582995K->57783K(613440K), 0.0200271 secs] 587288K->62076K(2029056K), 0.0200864 secs] [Times: user=0.13 sys=0.00, real=0.02 secs] 
2020-09-29T18:25:34.450+0200: 17.183: [GC (Allocation Failure) 2020-09-29T18:25:34.450+0200: 17.183: [ParNew: 603127K->47796K(613440K), 0.0217751 secs] 607420K->52089K(2029056K), 0.0218536 secs] [Times: user=0.13 sys=0.00, real=0.02 secs] 
2020-09-29T18:25:34.519+0200: 17.252: [GC (Allocation Failure) 2020-09-29T18:25:34.519+0200: 17.252: [ParNew: 593140K->37259K(613440K), 0.0083155 secs] 597433K->41552K(2029056K), 0.0084042 secs] [Times: user=0.13 sys=0.00, real=0.01 secs] 
2020-09-29T18:25:34.578+0200: 17.310: [GC (Allocation Failure) 2020-09-29T18:25:34.578+0200: 17.310: [ParNew: 582603K->36581K(613440K), 0.0186452 secs] 586896K->40874K(2029056K), 0.0187139 secs] [Times: user=0.11 sys=0.00, real=0.02 secs] 
2020-09-29T18:25:34.645+0200: 17.377: [GC (Allocation Failure) 2020-09-29T18:25:34.645+0200: 17.377: [ParNew: 581925K->52936K(613440K), 0.0213216 secs] 586218K->57229K(2029056K), 0.0213995 secs] [Times: user=0.14 sys=0.00, real=0.02 secs] 
2020-09-29T18:25:34.713+0200: 17.446: [GC (Allocation Failure) 2020-09-29T18:25:34.713+0200: 17.446: [ParNew: 598280K->44537K(613440K), 0.0202668 secs] 602573K->48830K(2029056K), 0.0203461 secs] [Times: user=0.13 sys=0.00, real=0.02 secs] 
2020-09-29T18:25:34.782+0200: 17.514: [GC (Allocation Failure) 2020-09-29T18:25:34.782+0200: 17.514: [ParNew: 589881K->48056K(613440K), 0.0193021 secs] 594174K->52349K(2029056K), 0.0193608 secs] [Times: user=0.23 sys=0.00, real=0.02 secs] 
2020-09-29T18:25:34.850+0200: 17.583: [GC (Allocation Failure) 2020-09-29T18:25:34.850+0200: 17.583: [ParNew: 593400K->68096K(613440K), 0.0233436 secs] 597693K->72962K(2029056K), 0.0234013 secs] [Times: user=0.13 sys=0.00, real=0.02 secs] 
2020-09-29T18:25:34.923+0200: 17.655: [GC (Allocation Failure) 2020-09-29T18:25:34.923+0200: 17.655: [ParNew: 613440K->53187K(613440K), 0.0172114 secs] 618306K->58054K(2029056K), 0.0172769 secs] [Times: user=0.13 sys=0.00, real=0.02 secs] 
2020-09-29T18:25:34.988+0200: 17.720: [GC (Allocation Failure) 2020-09-29T18:25:34.988+0200: 17.720: [ParNew: 598531K->37009K(613440K), 0.0104246 secs] 603398K->41876K(2029056K), 0.0104779 secs] [Times: user=0.13 sys=0.00, real=0.01 secs] 
2020-09-29T18:25:35.052+0200: 17.785: [GC (Allocation Failure) 2020-09-29T18:25:35.052+0200: 17.785: [ParNew: 582353K->52852K(613440K), 0.0204545 secs] 587220K->57719K(2029056K), 0.0205302 secs] [Times: user=0.13 sys=0.00, real=0.02 secs] 
2020-09-29T18:25:35.122+0200: 17.854: [GC (Allocation Failure) 2020-09-29T18:25:35.122+0200: 17.854: [ParNew: 598196K->35882K(613440K), 0.0145928 secs] 603063K->40749K(2029056K), 0.0146532 secs] [Times: user=0.13 sys=0.00, real=0.01 secs] 
2020-09-29T18:25:35.187+0200: 17.920: [GC (Allocation Failure) 2020-09-29T18:25:35.187+0200: 17.920: [ParNew: 581226K->54229K(613440K), 0.0182632 secs] 586093K->59096K(2029056K), 0.0183217 secs] [Times: user=0.13 sys=0.00, real=0.02 secs] 
2020-09-29T18:25:35.255+0200: 17.988: [GC (Allocation Failure) 2020-09-29T18:25:35.255+0200: 17.988: [ParNew: 599573K->51654K(613440K), 0.0189797 secs] 604440K->56521K(2029056K), 0.0190334 secs] [Times: user=0.13 sys=0.00, real=0.02 secs] 
2020-09-29T18:25:35.321+0200: 18.053: [GC (Allocation Failure) 2020-09-29T18:25:35.321+0200: 18.053: [ParNew: 596998K->44232K(613440K), 0.0174098 secs] 601865K->49099K(2029056K), 0.0174725 secs] [Times: user=0.13 sys=0.00, real=0.02 secs] 
2020-09-29T18:25:35.387+0200: 18.120: [GC (Allocation Failure) 2020-09-29T18:25:35.387+0200: 18.120: [ParNew: 589576K->38496K(613440K), 0.0181387 secs] 594443K->43363K(2029056K), 0.0182397 secs] [Times: user=0.13 sys=0.00, real=0.02 secs] 
2020-09-29T18:25:35.455+0200: 18.188: [GC (Allocation Failure) 2020-09-29T18:25:35.455+0200: 18.188: [ParNew: 583840K->39107K(613440K), 0.0159986 secs] 588707K->43974K(2029056K), 0.0160704 secs] [Times: user=0.13 sys=0.00, real=0.02 secs] 
2020-09-29T18:25:35.521+0200: 18.254: [GC (Allocation Failure) 2020-09-29T18:25:35.521+0200: 18.254: [ParNew: 584451K->62956K(613440K), 0.0208150 secs] 589318K->67822K(2029056K), 0.0208777 secs] [Times: user=0.13 sys=0.00, real=0.02 secs] 
2020-09-29T18:25:35.590+0200: 18.323: [GC (Allocation Failure) 2020-09-29T18:25:35.590+0200: 18.323: [ParNew: 608300K->60450K(613440K), 0.0214137 secs] 613166K->65317K(2029056K), 0.0214820 secs] [Times: user=0.11 sys=0.00, real=0.02 secs] 
2020-09-29T18:25:35.660+0200: 18.393: [GC (Allocation Failure) 2020-09-29T18:25:35.660+0200: 18.393: [ParNew: 605794K->47651K(613440K), 0.0195077 secs] 610661K->52518K(2029056K), 0.0196085 secs] [Times: user=0.13 sys=0.00, real=0.02 secs] 
2020-09-29T18:25:35.727+0200: 18.459: [GC (Allocation Failure) 2020-09-29T18:25:35.727+0200: 18.459: [ParNew: 592995K->45218K(613440K), 0.0182932 secs] 597862K->50085K(2029056K), 0.0183675 secs] [Times: user=0.13 sys=0.00, real=0.02 secs] 
2020-09-29T18:25:35.792+0200: 18.525: [GC (Allocation Failure) 2020-09-29T18:25:35.792+0200: 18.525: [ParNew: 590562K->43293K(613440K), 0.0185030 secs] 595429K->48160K(2029056K), 0.0185606 secs] [Times: user=0.13 sys=0.00, real=0.02 secs] 
2020-09-29T18:25:35.857+0200: 18.590: [GC (Allocation Failure) 2020-09-29T18:25:35.857+0200: 18.590: [ParNew: 588637K->41353K(613440K), 0.0175061 secs] 593504K->46220K(2029056K), 0.0175644 secs] [Times: user=0.13 sys=0.00, real=0.02 secs] 
2020-09-29T18:25:35.924+0200: 18.656: [GC (Allocation Failure) 2020-09-29T18:25:35.924+0200: 18.657: [ParNew: 586697K->68096K(613440K), 0.0217655 secs] 591564K->72962K(2029056K), 0.0218322 secs] [Times: user=0.25 sys=0.00, real=0.02 secs] 
2020-09-29T18:25:35.994+0200: 18.726: [GC (Allocation Failure) 2020-09-29T18:25:35.994+0200: 18.727: [ParNew: 613440K->54632K(613440K), 0.0213053 secs] 618306K->59499K(2029056K), 0.0213691 secs] [Times: user=0.13 sys=0.00, real=0.02 secs] 
2020-09-29T18:25:36.062+0200: 18.795: [GC (Allocation Failure) 2020-09-29T18:25:36.062+0200: 18.795: [ParNew: 599976K->45720K(613440K), 0.0150801 secs] 604843K->50587K(2029056K), 0.0151374 secs] [Times: user=0.13 sys=0.00, real=0.02 secs] 
2020-09-29T18:25:36.128+0200: 18.860: [GC (Allocation Failure) 2020-09-29T18:25:36.128+0200: 18.860: [ParNew: 591064K->35795K(613440K), 0.0146425 secs] 595931K->40662K(2029056K), 0.0147011 secs] [Times: user=0.13 sys=0.00, real=0.01 secs] 
2020-09-29T18:25:36.193+0200: 18.926: [GC (Allocation Failure) 2020-09-29T18:25:36.193+0200: 18.926: [ParNew: 581139K->32964K(613440K), 0.0157647 secs] 586006K->37831K(2029056K), 0.0158277 secs] [Times: user=0.13 sys=0.00, real=0.02 secs] 
2020-09-29T18:25:36.262+0200: 18.995: [GC (Allocation Failure) 2020-09-29T18:25:36.262+0200: 18.995: [ParNew: 578308K->29355K(613440K), 0.0128395 secs] 583175K->34222K(2029056K), 0.0129073 secs] [Times: user=0.13 sys=0.00, real=0.01 secs] 
2020-09-29T18:25:36.331+0200: 19.064: [GC (Allocation Failure) 2020-09-29T18:25:36.331+0200: 19.064: [ParNew: 574699K->58823K(613440K), 0.0232659 secs] 579566K->63690K(2029056K), 0.0233435 secs] [Times: user=0.23 sys=0.00, real=0.02 secs] 
2020-09-29T18:25:36.403+0200: 19.136: [GC (Allocation Failure) 2020-09-29T18:25:36.403+0200: 19.136: [ParNew: 604167K->43610K(613440K), 0.0167313 secs] 609034K->48477K(2029056K), 0.0167961 secs] [Times: user=0.13 sys=0.00, real=0.02 secs] 
2020-09-29T18:25:36.470+0200: 19.203: [GC (Allocation Failure) 2020-09-29T18:25:36.470+0200: 19.203: [ParNew: 588954K->65792K(613440K), 0.0206742 secs] 593821K->70659K(2029056K), 0.0207561 secs] [Times: user=0.25 sys=0.00, real=0.02 secs] 
2020-09-29T18:25:36.538+0200: 19.271: [GC (Allocation Failure) 2020-09-29T18:25:36.538+0200: 19.271: [ParNew: 611136K->45579K(613440K), 0.0196375 secs] 616003K->50446K(2029056K), 0.0196927 secs] [Times: user=0.13 sys=0.00, real=0.02 secs] 
2020-09-29T18:25:36.611+0200: 19.344: [GC (Allocation Failure) 2020-09-29T18:25:36.611+0200: 19.344: [ParNew: 590923K->47813K(613440K), 0.0186404 secs] 595790K->52680K(2029056K), 0.0187055 secs] [Times: user=0.25 sys=0.00, real=0.02 secs] 
2020-09-29T18:25:36.678+0200: 19.411: [GC (Allocation Failure) 2020-09-29T18:25:36.678+0200: 19.411: [ParNew: 593157K->39431K(613440K), 0.0125972 secs] 598024K->44298K(2029056K), 0.0126543 secs] [Times: user=0.00 sys=0.00, real=0.01 secs] 
2020-09-29T18:25:36.740+0200: 19.472: [GC (Allocation Failure) 2020-09-29T18:25:36.740+0200: 19.472: [ParNew: 584775K->20350K(613440K), 0.0119849 secs] 589642K->25217K(2029056K), 0.0120572 secs] [Times: user=0.00 sys=0.00, real=0.01 secs] 
2020-09-29T18:25:36.804+0200: 19.537: [GC (Allocation Failure) 2020-09-29T18:25:36.804+0200: 19.537: [ParNew: 565694K->36642K(613440K), 0.0156124 secs] 570561K->41509K(2029056K), 0.0156870 secs] [Times: user=0.13 sys=0.00, real=0.02 secs] 
2020-09-29T18:25:36.874+0200: 19.606: [GC (Allocation Failure) 2020-09-29T18:25:36.874+0200: 19.606: [ParNew: 581986K->44428K(613440K), 0.0150913 secs] 586853K->49295K(2029056K), 0.0151487 secs] [Times: user=0.13 sys=0.00, real=0.01 secs] 
2020-09-29T18:25:36.935+0200: 19.668: [GC (Allocation Failure) 2020-09-29T18:25:36.935+0200: 19.668: [ParNew: 589772K->47156K(613440K), 0.0182606 secs] 594639K->52022K(2029056K), 0.0183154 secs] [Times: user=0.13 sys=0.00, real=0.02 secs] 
2020-09-29T18:25:37.002+0200: 19.734: [GC (Allocation Failure) 2020-09-29T18:25:37.002+0200: 19.734: [ParNew: 592500K->53023K(613440K), 0.0180859 secs] 597366K->57890K(2029056K), 0.0181409 secs] [Times: user=0.25 sys=0.00, real=0.02 secs] 
2020-09-29T18:25:37.067+0200: 19.799: [GC (Allocation Failure) 2020-09-29T18:25:37.067+0200: 19.799: [ParNew: 598367K->41850K(613440K), 0.0172727 secs] 603234K->46717K(2029056K), 0.0173383 secs] [Times: user=0.13 sys=0.00, real=0.02 secs] 
2020-09-29T18:25:37.134+0200: 19.867: [GC (Allocation Failure) 2020-09-29T18:25:37.134+0200: 19.867: [ParNew: 587194K->36905K(613440K), 0.0170601 secs] 592061K->41772K(2029056K), 0.0171275 secs] [Times: user=0.13 sys=0.00, real=0.02 secs] 
2020-09-29T18:25:37.202+0200: 19.934: [GC (Allocation Failure) 2020-09-29T18:25:37.202+0200: 19.934: [ParNew: 582249K->61466K(613440K), 0.0200157 secs] 587116K->66333K(2029056K), 0.0200708 secs] [Times: user=0.13 sys=0.00, real=0.02 secs] 
2020-09-29T18:25:37.273+0200: 20.005: [GC (Allocation Failure) 2020-09-29T18:25:37.273+0200: 20.005: [ParNew: 606810K->50478K(613440K), 0.0203474 secs] 611677K->55345K(2029056K), 0.0204264 secs] [Times: user=0.13 sys=0.00, real=0.02 secs] 
2020-09-29T18:25:37.345+0200: 20.077: [GC (Allocation Failure) 2020-09-29T18:25:37.345+0200: 20.078: [ParNew: 595822K->40665K(613440K), 0.0205370 secs] 600689K->45532K(2029056K), 0.0206067 secs] [Times: user=0.25 sys=0.00, real=0.02 secs] 
2020-09-29T18:25:37.422+0200: 20.155: [GC (Allocation Failure) 2020-09-29T18:25:37.423+0200: 20.155: [ParNew: 586009K->56703K(613440K), 0.0264801 secs] 590876K->61570K(2029056K), 0.0265749 secs] [Times: user=0.25 sys=0.00, real=0.03 secs] 
2020-09-29T18:25:37.502+0200: 20.234: [GC (Allocation Failure) 2020-09-29T18:25:37.502+0200: 20.234: [ParNew: 602047K->39573K(613440K), 0.0237589 secs] 606914K->44440K(2029056K), 0.0238289 secs] [Times: user=0.25 sys=0.00, real=0.02 secs] 
2020-09-29T18:25:37.578+0200: 20.311: [GC (Allocation Failure) 2020-09-29T18:25:37.578+0200: 20.311: [ParNew: 584917K->29947K(613440K), 0.0177082 secs] 589784K->34814K(2029056K), 0.0177976 secs] [Times: user=0.11 sys=0.00, real=0.02 secs] 
2020-09-29T18:25:37.657+0200: 20.390: [GC (Allocation Failure) 2020-09-29T18:25:37.657+0200: 20.390: [ParNew: 575291K->34299K(613440K), 0.0224350 secs] 580158K->39166K(2029056K), 0.0225057 secs] [Times: user=0.25 sys=0.00, real=0.02 secs] 
2020-09-29T18:25:37.730+0200: 20.463: [GC (Allocation Failure) 2020-09-29T18:25:37.730+0200: 20.463: [ParNew: 579643K->25292K(613440K), 0.0147316 secs] 584510K->30159K(2029056K), 0.0148102 secs] [Times: user=0.09 sys=0.00, real=0.01 secs] 
2020-09-29T18:25:37.793+0200: 20.525: [GC (Allocation Failure) 2020-09-29T18:25:37.793+0200: 20.525: [ParNew: 570636K->25726K(613440K), 0.0190019 secs] 575503K->30593K(2029056K), 0.0190721 secs] [Times: user=0.13 sys=0.00, real=0.02 secs] 
2020-09-29T18:25:37.871+0200: 20.604: [GC (Allocation Failure) 2020-09-29T18:25:37.871+0200: 20.604: [ParNew: 571070K->41361K(613440K), 0.0249780 secs] 575937K->46228K(2029056K), 0.0250462 secs] [Times: user=0.25 sys=0.00, real=0.02 secs] 
2020-09-29T18:25:37.946+0200: 20.678: [GC (Allocation Failure) 2020-09-29T18:25:37.946+0200: 20.678: [ParNew: 586705K->61856K(613440K), 0.0309494 secs] 591572K->66723K(2029056K), 0.0310577 secs] [Times: user=0.25 sys=0.00, real=0.03 secs] 
2020-09-29T18:25:38.025+0200: 20.757: [GC (Allocation Failure) 2020-09-29T18:25:38.025+0200: 20.757: [ParNew: 607200K->57735K(613440K), 0.0292396 secs] 612067K->62602K(2029056K), 0.0293146 secs] [Times: user=0.25 sys=0.00, real=0.03 secs] 
2020-09-29T18:25:38.105+0200: 20.838: [GC (Allocation Failure) 2020-09-29T18:25:38.105+0200: 20.838: [ParNew: 603079K->52570K(613440K), 0.0287933 secs] 607946K->57436K(2029056K), 0.0288593 secs] [Times: user=0.25 sys=0.00, real=0.03 secs] 
2020-09-29T18:25:38.190+0200: 20.923: [GC (Allocation Failure) 2020-09-29T18:25:38.190+0200: 20.923: [ParNew: 597914K->43521K(613440K), 0.0212761 secs] 602780K->48388K(2029056K), 0.0213546 secs] [Times: user=0.25 sys=0.00, real=0.02 secs] 
2020-09-29T18:25:38.270+0200: 21.002: [GC (Allocation Failure) 2020-09-29T18:25:38.270+0200: 21.002: [ParNew: 588865K->25589K(613440K), 0.0178694 secs] 593732K->30456K(2029056K), 0.0179402 secs] [Times: user=0.13 sys=0.00, real=0.02 secs] 
2020-09-29T18:25:38.337+0200: 21.070: [GC (Allocation Failure) 2020-09-29T18:25:38.337+0200: 21.070: [ParNew: 570933K->24260K(613440K), 0.0087346 secs] 575800K->29127K(2029056K), 0.0088030 secs] [Times: user=0.00 sys=0.00, real=0.01 secs] 
2020-09-29T18:25:38.409+0200: 21.140: [GC (Allocation Failure) 2020-09-29T18:25:38.409+0200: 21.140: [ParNew: 569604K->50043K(613440K), 0.0311483 secs] 574471K->54910K(2029056K), 0.0312401 secs] [Times: user=0.25 sys=0.00, real=0.03 secs] 
2020-09-29T18:25:38.487+0200: 21.220: [GC (Allocation Failure) 2020-09-29T18:25:38.487+0200: 21.220: [ParNew: 595387K->64093K(613440K), 0.0320698 secs] 600254K->68960K(2029056K), 0.0321564 secs] [Times: user=0.22 sys=0.00, real=0.03 secs] 
2020-09-29T18:25:38.569+0200: 21.302: [GC (Allocation Failure) 2020-09-29T18:25:38.569+0200: 21.302: [ParNew: 609437K->55923K(613440K), 0.0303442 secs] 614304K->60789K(2029056K), 0.0304173 secs] [Times: user=0.25 sys=0.00, real=0.03 secs] 
2020-09-29T18:25:38.650+0200: 21.383: [GC (Allocation Failure) 2020-09-29T18:25:38.650+0200: 21.383: [ParNew: 601267K->44157K(613440K), 0.0212929 secs] 606133K->49024K(2029056K), 0.0213802 secs] [Times: user=0.13 sys=0.00, real=0.02 secs] 
2020-09-29T18:25:38.722+0200: 21.455: [GC (Allocation Failure) 2020-09-29T18:25:38.722+0200: 21.455: [ParNew: 589501K->61597K(613440K), 0.0287556 secs] 594368K->66464K(2029056K), 0.0288323 secs] [Times: user=0.25 sys=0.00, real=0.03 secs] 
2020-09-29T18:25:38.803+0200: 21.536: [GC (Allocation Failure) 2020-09-29T18:25:38.803+0200: 21.536: [ParNew: 606941K->68096K(613440K), 0.0339876 secs] 611808K->73064K(2029056K), 0.0340587 secs] [Times: user=0.25 sys=0.00, real=0.03 secs] 
2020-09-29T18:25:38.887+0200: 21.619: [GC (Allocation Failure) 2020-09-29T18:25:38.887+0200: 21.619: [ParNew: 613440K->68096K(613440K), 0.0319261 secs] 618408K->73068K(2029056K), 0.0320020 secs] [Times: user=0.25 sys=0.00, real=0.03 secs] 
2020-09-29T18:25:38.968+0200: 21.701: [GC (Allocation Failure) 2020-09-29T18:25:38.968+0200: 21.701: [ParNew: 613440K->48630K(613440K), 0.0232554 secs] 618412K->53602K(2029056K), 0.0233246 secs] [Times: user=0.23 sys=0.00, real=0.02 secs] 
2020-09-29T18:25:39.044+0200: 21.776: [GC (Allocation Failure) 2020-09-29T18:25:39.044+0200: 21.776: [ParNew: 593974K->42592K(613440K), 0.0220324 secs] 598946K->47564K(2029056K), 0.0221060 secs] [Times: user=0.13 sys=0.00, real=0.02 secs] 
2020-09-29T18:25:39.128+0200: 21.860: [GC (Allocation Failure) 2020-09-29T18:25:39.128+0200: 21.860: [ParNew: 587936K->36685K(613440K), 0.0222305 secs] 592908K->41658K(2029056K), 0.0223399 secs] [Times: user=0.13 sys=0.00, real=0.02 secs] 
2020-09-29T18:25:39.202+0200: 21.934: [GC (Allocation Failure) 2020-09-29T18:25:39.202+0200: 21.934: [ParNew: 582029K->54239K(613440K), 0.0268266 secs] 587002K->59211K(2029056K), 0.0269181 secs] [Times: user=0.25 sys=0.00, real=0.03 secs] 
2020-09-29T18:25:39.283+0200: 22.015: [GC (Allocation Failure) 2020-09-29T18:25:39.283+0200: 22.015: [ParNew: 599583K->43052K(613440K), 0.0264760 secs] 604555K->48025K(2029056K), 0.0265607 secs] [Times: user=0.23 sys=0.00, real=0.03 secs] 
2020-09-29T18:25:39.360+0200: 22.092: [GC (Allocation Failure) 2020-09-29T18:25:39.360+0200: 22.092: [ParNew: 588396K->68096K(613440K), 0.0321168 secs] 593369K->73252K(2029056K), 0.0322174 secs] [Times: user=0.25 sys=0.00, real=0.03 secs] 
2020-09-29T18:25:39.441+0200: 22.173: [GC (Allocation Failure) 2020-09-29T18:25:39.441+0200: 22.173: [ParNew: 613440K->42879K(613440K), 0.0224852 secs] 618596K->48035K(2029056K), 0.0225747 secs] [Times: user=0.25 sys=0.00, real=0.02 secs] 
2020-09-29T18:25:39.510+0200: 22.243: [GC (Allocation Failure) 2020-09-29T18:25:39.510+0200: 22.243: [ParNew: 588223K->39002K(613440K), 0.0217266 secs] 593379K->44159K(2029056K), 0.0218056 secs] [Times: user=0.13 sys=0.00, real=0.02 secs] 
2020-09-29T18:25:39.585+0200: 22.318: [GC (Allocation Failure) 2020-09-29T18:25:39.585+0200: 22.318: [ParNew: 584346K->38174K(613440K), 0.0178252 secs] 589503K->43331K(2029056K), 0.0178923 secs] [Times: user=0.13 sys=0.00, real=0.02 secs] 
2020-09-29T18:25:39.660+0200: 22.393: [GC (Allocation Failure) 2020-09-29T18:25:39.660+0200: 22.393: [ParNew: 583518K->50678K(613440K), 0.0256806 secs] 588675K->55835K(2029056K), 0.0257904 secs] [Times: user=0.13 sys=0.00, real=0.03 secs] 
2020-09-29T18:25:39.736+0200: 22.469: [GC (Allocation Failure) 2020-09-29T18:25:39.736+0200: 22.469: [ParNew: 596022K->64424K(613440K), 0.0305722 secs] 601179K->69580K(2029056K), 0.0306418 secs] [Times: user=0.22 sys=0.00, real=0.03 secs] 
2020-09-29T18:25:39.819+0200: 22.552: [GC (Allocation Failure) 2020-09-29T18:25:39.819+0200: 22.552: [ParNew: 609768K->44137K(613440K), 0.0210886 secs] 614924K->49294K(2029056K), 0.0211718 secs] [Times: user=0.13 sys=0.00, real=0.02 secs] 
2020-09-29T18:25:39.892+0200: 22.624: [GC (Allocation Failure) 2020-09-29T18:25:39.892+0200: 22.624: [ParNew: 589481K->38611K(613440K), 0.0191364 secs] 594638K->43768K(2029056K), 0.0192174 secs] [Times: user=0.25 sys=0.00, real=0.02 secs] 
2020-09-29T18:25:39.967+0200: 22.699: [GC (Allocation Failure) 2020-09-29T18:25:39.967+0200: 22.699: [ParNew: 583955K->52680K(613440K), 0.0271520 secs] 589112K->57836K(2029056K), 0.0272285 secs] [Times: user=0.22 sys=0.00, real=0.03 secs] 
2020-09-29T18:25:40.048+0200: 22.781: [GC (Allocation Failure) 2020-09-29T18:25:40.048+0200: 22.781: [ParNew: 598024K->44764K(613440K), 0.0261047 secs] 603180K->49920K(2029056K), 0.0261743 secs] [Times: user=0.25 sys=0.00, real=0.03 secs] 
2020-09-29T18:25:40.122+0200: 22.854: [GC (Allocation Failure) 2020-09-29T18:25:40.122+0200: 22.854: [ParNew: 590108K->46164K(613440K), 0.0251633 secs] 595264K->51321K(2029056K), 0.0252592 secs] [Times: user=0.25 sys=0.00, real=0.03 secs] 
2020-09-29T18:25:40.201+0200: 22.933: [GC (Allocation Failure) 2020-09-29T18:25:40.201+0200: 22.933: [ParNew: 591508K->41133K(613440K), 0.0252562 secs] 596665K->46290K(2029056K), 0.0253238 secs] [Times: user=0.23 sys=0.00, real=0.03 secs] 
2020-09-29T18:25:40.274+0200: 23.006: [GC (Allocation Failure) 2020-09-29T18:25:40.274+0200: 23.006: [ParNew: 586477K->41223K(613440K), 0.0233985 secs] 591634K->46380K(2029056K), 0.0234680 secs] [Times: user=0.13 sys=0.00, real=0.02 secs] 
2020-09-29T18:25:40.344+0200: 23.077: [GC (Allocation Failure) 2020-09-29T18:25:40.344+0200: 23.077: [ParNew: 586567K->33422K(613440K), 0.0229313 secs] 591724K->38579K(2029056K), 0.0230237 secs] [Times: user=0.25 sys=0.00, real=0.02 secs] 
2020-09-29T18:25:40.416+0200: 23.149: [GC (Allocation Failure) 2020-09-29T18:25:40.416+0200: 23.149: [ParNew: 578766K->56830K(613440K), 0.0276551 secs] 583923K->61987K(2029056K), 0.0277331 secs] [Times: user=0.25 sys=0.00, real=0.03 secs] 
2020-09-29T18:25:40.495+0200: 23.228: [GC (Allocation Failure) 2020-09-29T18:25:40.495+0200: 23.228: [ParNew: 602174K->40745K(613440K), 0.0179936 secs] 607331K->45901K(2029056K), 0.0180624 secs] [Times: user=0.13 sys=0.00, real=0.02 secs] 
2020-09-29T18:25:40.574+0200: 23.307: [GC (Allocation Failure) 2020-09-29T18:25:40.574+0200: 23.307: [ParNew: 586089K->45463K(613440K), 0.0298964 secs] 591245K->50620K(2029056K), 0.0299634 secs] [Times: user=0.20 sys=0.00, real=0.03 secs] 
2020-09-29T18:25:40.655+0200: 23.388: [GC (Allocation Failure) 2020-09-29T18:25:40.655+0200: 23.388: [ParNew: 590807K->55434K(613440K), 0.0259169 secs] 595964K->60591K(2029056K), 0.0259989 secs] [Times: user=0.23 sys=0.00, real=0.03 secs] 
2020-09-29T18:25:40.729+0200: 23.462: [GC (Allocation Failure) 2020-09-29T18:25:40.729+0200: 23.462: [ParNew: 600778K->64855K(613440K), 0.0317149 secs] 605935K->70011K(2029056K), 0.0317866 secs] [Times: user=0.22 sys=0.00, real=0.03 secs] 
2020-09-29T18:25:40.809+0200: 23.541: [GC (Allocation Failure) 2020-09-29T18:25:40.809+0200: 23.541: [ParNew: 610199K->58024K(613440K), 0.0305027 secs] 615355K->63180K(2029056K), 0.0305730 secs] [Times: user=0.25 sys=0.00, real=0.03 secs] 
2020-09-29T18:25:40.888+0200: 23.621: [GC (Allocation Failure) 2020-09-29T18:25:40.888+0200: 23.621: [ParNew: 603368K->46954K(613440K), 0.0200063 secs] 608524K->52111K(2029056K), 0.0200892 secs] [Times: user=0.13 sys=0.00, real=0.02 secs] 
2020-09-29T18:25:40.958+0200: 23.690: [GC (Allocation Failure) 2020-09-29T18:25:40.959+0200: 23.691: [ParNew: 592298K->30179K(613440K), 0.0202403 secs] 597455K->35335K(2029056K), 0.0213823 secs] [Times: user=0.13 sys=0.00, real=0.02 secs] 
2020-09-29T18:25:41.040+0200: 23.773: [GC (Allocation Failure) 2020-09-29T18:25:41.040+0200: 23.773: [ParNew: 575523K->51338K(613440K), 0.0254947 secs] 580679K->56495K(2029056K), 0.0255741 secs] [Times: user=0.13 sys=0.00, real=0.03 secs] 
2020-09-29T18:25:41.121+0200: 23.854: [GC (Allocation Failure) 2020-09-29T18:25:41.121+0200: 23.854: [ParNew: 596682K->39014K(613440K), 0.0249356 secs] 601839K->44171K(2029056K), 0.0250094 secs] [Times: user=0.25 sys=0.00, real=0.02 secs] 
2020-09-29T18:25:41.198+0200: 23.930: [GC (Allocation Failure) 2020-09-29T18:25:41.198+0200: 23.930: [ParNew: 584358K->68096K(613440K), 0.0303350 secs] 589515K->73252K(2029056K), 0.0304114 secs] [Times: user=0.25 sys=0.00, real=0.03 secs] 
2020-09-29T18:25:41.284+0200: 24.017: [GC (Allocation Failure) 2020-09-29T18:25:41.284+0200: 24.017: [ParNew: 613440K->48563K(613440K), 0.0218664 secs] 618596K->53720K(2029056K), 0.0219484 secs] [Times: user=0.13 sys=0.02, real=0.02 secs] 
2020-09-29T18:25:41.363+0200: 24.096: [GC (Allocation Failure) 2020-09-29T18:25:41.363+0200: 24.096: [ParNew: 593907K->35234K(613440K), 0.0226852 secs] 599064K->40391K(2029056K), 0.0227647 secs] [Times: user=0.13 sys=0.00, real=0.02 secs] 
2020-09-29T18:25:41.442+0200: 24.175: [GC (Allocation Failure) 2020-09-29T18:25:41.442+0200: 24.175: [ParNew: 580578K->57152K(613440K), 0.0272154 secs] 585735K->62309K(2029056K), 0.0272937 secs] [Times: user=0.13 sys=0.00, real=0.03 secs] 
2020-09-29T18:25:41.518+0200: 24.251: [GC (Allocation Failure) 2020-09-29T18:25:41.518+0200: 24.251: [ParNew: 602496K->43944K(613440K), 0.0261157 secs] 607653K->49101K(2029056K), 0.0261832 secs] [Times: user=0.25 sys=0.00, real=0.03 secs] 
2020-09-29T18:25:41.597+0200: 24.330: [GC (Allocation Failure) 2020-09-29T18:25:41.597+0200: 24.330: [ParNew: 589288K->45418K(613440K), 0.0240625 secs] 594445K->50575K(2029056K), 0.0241311 secs] [Times: user=0.20 sys=0.00, real=0.02 secs] 
2020-09-29T18:25:41.676+0200: 24.409: [GC (Allocation Failure) 2020-09-29T18:25:41.676+0200: 24.409: [ParNew: 590762K->41405K(613440K), 0.0251664 secs] 595919K->46562K(2029056K), 0.0252368 secs] [Times: user=0.13 sys=0.00, real=0.02 secs] 
2020-09-29T18:25:41.754+0200: 24.487: [GC (Allocation Failure) 2020-09-29T18:25:41.754+0200: 24.487: [ParNew: 586749K->37722K(613440K), 0.0227915 secs] 591906K->42878K(2029056K), 0.0228642 secs] [Times: user=0.13 sys=0.00, real=0.02 secs] 
2020-09-29T18:25:41.829+0200: 24.562: [GC (Allocation Failure) 2020-09-29T18:25:41.829+0200: 24.562: [ParNew: 583066K->35468K(613440K), 0.0210271 secs] 588222K->40624K(2029056K), 0.0210958 secs] [Times: user=0.23 sys=0.02, real=0.02 secs] 
2020-09-29T18:25:41.898+0200: 24.630: [GC (Allocation Failure) 2020-09-29T18:25:41.898+0200: 24.630: [ParNew: 580812K->33181K(613440K), 0.0174265 secs] 585968K->38338K(2029056K), 0.0174939 secs] [Times: user=0.13 sys=0.00, real=0.02 secs] 
2020-09-29T18:25:41.966+0200: 24.698: [GC (Allocation Failure) 2020-09-29T18:25:41.966+0200: 24.698: [ParNew: 578525K->50649K(613440K), 0.0236937 secs] 583682K->55806K(2029056K), 0.0237663 secs] [Times: user=0.25 sys=0.00, real=0.02 secs] 
2020-09-29T18:25:42.041+0200: 24.774: [GC (Allocation Failure) 2020-09-29T18:25:42.041+0200: 24.774: [ParNew: 595993K->36429K(613440K), 0.0220636 secs] 601150K->41586K(2029056K), 0.0221290 secs] [Times: user=0.13 sys=0.00, real=0.02 secs] 
2020-09-29T18:25:42.128+0200: 24.860: [GC (Allocation Failure) 2020-09-29T18:25:42.128+0200: 24.860: [ParNew: 581773K->62221K(613440K), 0.0299924 secs] 586930K->67377K(2029056K), 0.0300601 secs] [Times: user=0.25 sys=0.00, real=0.03 secs] 
2020-09-29T18:25:42.213+0200: 24.946: [GC (Allocation Failure) 2020-09-29T18:25:42.213+0200: 24.946: [ParNew: 607565K->57977K(613440K), 0.0282425 secs] 612721K->63134K(2029056K), 0.0283145 secs] [Times: user=0.25 sys=0.00, real=0.03 secs] 
2020-09-29T18:25:42.293+0200: 25.026: [GC (Allocation Failure) 2020-09-29T18:25:42.293+0200: 25.026: [ParNew: 603321K->41248K(613440K), 0.0203268 secs] 608478K->46405K(2029056K), 0.0216473 secs] [Times: user=0.13 sys=0.00, real=0.02 secs] 
2020-09-29T18:25:42.369+0200: 25.102: [GC (Allocation Failure) 2020-09-29T18:25:42.369+0200: 25.102: [ParNew: 586592K->38734K(613440K), 0.0176682 secs] 591749K->43891K(2029056K), 0.0177403 secs] [Times: user=0.13 sys=0.00, real=0.02 secs] 
2020-09-29T18:25:42.440+0200: 25.173: [GC (Allocation Failure) 2020-09-29T18:25:42.440+0200: 25.173: [ParNew: 584078K->56184K(613440K), 0.0223448 secs] 589235K->61341K(2029056K), 0.0224116 secs] [Times: user=0.25 sys=0.00, real=0.02 secs] 
2020-09-29T18:25:42.513+0200: 25.246: [GC (Allocation Failure) 2020-09-29T18:25:42.513+0200: 25.246: [ParNew: 601528K->42610K(613440K), 0.0222715 secs] 606685K->47766K(2029056K), 0.0223343 secs] [Times: user=0.25 sys=0.00, real=0.02 secs] 
2020-09-29T18:25:42.585+0200: 25.317: [GC (Allocation Failure) 2020-09-29T18:25:42.585+0200: 25.317: [ParNew: 587954K->38790K(613440K), 0.0224088 secs] 593110K->43946K(2029056K), 0.0224763 secs] [Times: user=0.11 sys=0.00, real=0.02 secs] 
2020-09-29T18:25:42.656+0200: 25.388: [GC (Allocation Failure) 2020-09-29T18:25:42.656+0200: 25.388: [ParNew: 584134K->33602K(613440K), 0.0131224 secs] 589290K->38759K(2029056K), 0.0131912 secs] [Times: user=0.09 sys=0.00, real=0.01 secs] 
2020-09-29T18:25:42.726+0200: 25.459: [GC (Allocation Failure) 2020-09-29T18:25:42.726+0200: 25.459: [ParNew: 578946K->37909K(613440K), 0.0172484 secs] 584103K->43066K(2029056K), 0.0173101 secs] [Times: user=0.13 sys=0.00, real=0.02 secs] 
2020-09-29T18:25:42.805+0200: 25.538: [GC (Allocation Failure) 2020-09-29T18:25:42.805+0200: 25.538: [ParNew: 583253K->31877K(613440K), 0.0167384 secs] 588410K->37034K(2029056K), 0.0168017 secs] [Times: user=0.13 sys=0.00, real=0.02 secs] 
2020-09-29T18:25:42.874+0200: 25.606: [GC (Allocation Failure) 2020-09-29T18:25:42.874+0200: 25.607: [ParNew: 577221K->50566K(613440K), 0.0236794 secs] 582378K->55722K(2029056K), 0.0237413 secs] [Times: user=0.25 sys=0.00, real=0.02 secs] 
2020-09-29T18:25:42.951+0200: 25.683: [GC (Allocation Failure) 2020-09-29T18:25:42.951+0200: 25.683: [ParNew: 595910K->59198K(613440K), 0.0234416 secs] 601066K->64354K(2029056K), 0.0235057 secs] [Times: user=0.25 sys=0.00, real=0.02 secs] 
2020-09-29T18:25:43.023+0200: 25.755: [GC (Allocation Failure) 2020-09-29T18:25:43.023+0200: 25.755: [ParNew: 604542K->25082K(613440K), 0.0148724 secs] 609698K->30238K(2029056K), 0.0149366 secs] [Times: user=0.13 sys=0.00, real=0.02 secs] 
2020-09-29T18:25:43.088+0200: 25.820: [GC (Allocation Failure) 2020-09-29T18:25:43.088+0200: 25.820: [ParNew: 570426K->22565K(613440K), 0.0121397 secs] 575582K->27722K(2029056K), 0.0122041 secs] [Times: user=0.13 sys=0.00, real=0.01 secs] 
2020-09-29T18:25:43.152+0200: 25.885: [GC (Allocation Failure) 2020-09-29T18:25:43.152+0200: 25.885: [ParNew: 567909K->68096K(613440K), 0.0312007 secs] 573066K->73252K(2029056K), 0.0312722 secs] [Times: user=0.25 sys=0.00, real=0.03 secs] 
2020-09-29T18:25:43.230+0200: 25.963: [GC (Allocation Failure) 2020-09-29T18:25:43.230+0200: 25.963: [ParNew: 613440K->41964K(613440K), 0.0169323 secs] 618596K->47121K(2029056K), 0.0170068 secs] [Times: user=0.13 sys=0.00, real=0.02 secs] 
2020-09-29T18:25:43.303+0200: 26.035: [GC (Allocation Failure) 2020-09-29T18:25:43.303+0200: 26.035: [ParNew: 587308K->27073K(613440K), 0.0139353 secs] 592465K->32230K(2029056K), 0.0140007 secs] [Times: user=0.00 sys=0.03, real=0.01 secs] 
2020-09-29T18:25:43.387+0200: 26.120: [GC (Allocation Failure) 2020-09-29T18:25:43.387+0200: 26.120: [ParNew: 572417K->40585K(613440K), 0.0215143 secs] 577574K->45742K(2029056K), 0.0215826 secs] [Times: user=0.13 sys=0.00, real=0.02 secs] 
2020-09-29T18:25:43.462+0200: 26.195: [GC (Allocation Failure) 2020-09-29T18:25:43.462+0200: 26.195: [ParNew: 585929K->51096K(613440K), 0.0198839 secs] 591086K->56252K(2029056K), 0.0199556 secs] [Times: user=0.13 sys=0.00, real=0.02 secs] 
2020-09-29T18:25:43.536+0200: 26.268: [GC (Allocation Failure) 2020-09-29T18:25:43.536+0200: 26.268: [ParNew: 596440K->37226K(613440K), 0.0199305 secs] 601596K->42383K(2029056K), 0.0199950 secs] [Times: user=0.13 sys=0.00, real=0.02 secs] 
2020-09-29T18:25:43.607+0200: 26.340: [GC (Allocation Failure) 2020-09-29T18:25:43.607+0200: 26.340: [ParNew: 582570K->60764K(613440K), 0.0261487 secs] 587727K->65921K(2029056K), 0.0262286 secs] [Times: user=0.25 sys=0.00, real=0.03 secs] 
2020-09-29T18:25:43.686+0200: 26.419: [GC (Allocation Failure) 2020-09-29T18:25:43.686+0200: 26.419: [ParNew: 606108K->44686K(613440K), 0.0201189 secs] 611265K->49843K(2029056K), 0.0201811 secs] [Times: user=0.09 sys=0.00, real=0.02 secs] 
2020-09-29T18:25:43.760+0200: 26.493: [GC (Allocation Failure) 2020-09-29T18:25:43.760+0200: 26.493: [ParNew: 590030K->26844K(613440K), 0.0147227 secs] 595187K->32000K(2029056K), 0.0147901 secs] [Times: user=0.13 sys=0.00, real=0.02 secs] 
2020-09-29T18:25:43.824+0200: 26.557: [GC (Allocation Failure) 2020-09-29T18:25:43.824+0200: 26.557: [ParNew: 572188K->39925K(613440K), 0.0233146 secs] 577344K->45082K(2029056K), 0.0233787 secs] [Times: user=0.11 sys=0.00, real=0.02 secs] 
2020-09-29T18:25:43.900+0200: 26.633: [GC (Allocation Failure) 2020-09-29T18:25:43.900+0200: 26.633: [ParNew: 585269K->36034K(613440K), 0.0196510 secs] 590426K->41191K(2029056K), 0.0197145 secs] [Times: user=0.13 sys=0.00, real=0.02 secs] 
2020-09-29T18:25:43.972+0200: 26.704: [GC (Allocation Failure) 2020-09-29T18:25:43.972+0200: 26.704: [ParNew: 581378K->37980K(613440K), 0.0181090 secs] 586535K->43137K(2029056K), 0.0181716 secs] [Times: user=0.25 sys=0.00, real=0.02 secs] 
2020-09-29T18:25:44.042+0200: 26.774: [GC (Allocation Failure) 2020-09-29T18:25:44.042+0200: 26.774: [ParNew: 583324K->36163K(613440K), 0.0177425 secs] 588481K->41320K(2029056K), 0.0178043 secs] [Times: user=0.13 sys=0.00, real=0.02 secs] 
2020-09-29T18:25:44.114+0200: 26.846: [GC (Allocation Failure) 2020-09-29T18:25:44.114+0200: 26.846: [ParNew: 581507K->32314K(613440K), 0.0172793 secs] 586664K->37470K(2029056K), 0.0173415 secs] [Times: user=0.13 sys=0.00, real=0.02 secs] 
2020-09-29T18:25:44.182+0200: 26.915: [GC (Allocation Failure) 2020-09-29T18:25:44.182+0200: 26.915: [ParNew: 577658K->52580K(613440K), 0.0229581 secs] 582814K->57737K(2029056K), 0.0230202 secs] [Times: user=0.13 sys=0.00, real=0.02 secs] 
2020-09-29T18:25:44.256+0200: 26.989: [GC (Allocation Failure) 2020-09-29T18:25:44.256+0200: 26.989: [ParNew: 597924K->36968K(613440K), 0.0142461 secs] 603081K->42125K(2029056K), 0.0143083 secs] [Times: user=0.09 sys=0.00, real=0.01 secs] 
2020-09-29T18:25:44.323+0200: 27.055: [GC (Allocation Failure) 2020-09-29T18:25:44.323+0200: 27.055: [ParNew: 582312K->67057K(613440K), 0.0331328 secs] 587469K->72214K(2029056K), 0.0332095 secs] [Times: user=0.25 sys=0.00, real=0.03 secs] 
2020-09-29T18:25:44.403+0200: 27.135: [GC (Allocation Failure) 2020-09-29T18:25:44.403+0200: 27.136: [ParNew: 612401K->46546K(613440K), 0.0185249 secs] 617558K->51703K(2029056K), 0.0185889 secs] [Times: user=0.09 sys=0.00, real=0.02 secs] 
2020-09-29T18:25:44.473+0200: 27.205: [GC (Allocation Failure) 2020-09-29T18:25:44.473+0200: 27.205: [ParNew: 591890K->37915K(613440K), 0.0185399 secs] 597047K->43072K(2029056K), 0.0186119 secs] [Times: user=0.13 sys=0.00, real=0.02 secs] 
2020-09-29T18:25:44.541+0200: 27.274: [GC (Allocation Failure) 2020-09-29T18:25:44.541+0200: 27.274: [ParNew: 583259K->58753K(613440K), 0.0301475 secs] 588416K->63910K(2029056K), 0.0302447 secs] [Times: user=0.25 sys=0.00, real=0.03 secs] 
2020-09-29T18:25:44.624+0200: 27.356: [GC (Allocation Failure) 2020-09-29T18:25:44.624+0200: 27.357: [ParNew: 604097K->53617K(613440K), 0.0237044 secs] 609254K->58773K(2029056K), 0.0237914 secs] [Times: user=0.24 sys=0.00, real=0.02 secs] 
2020-09-29T18:25:44.696+0200: 27.429: [GC (Allocation Failure) 2020-09-29T18:25:44.696+0200: 27.429: [ParNew: 598961K->68096K(613440K), 0.0288280 secs] 604117K->73795K(2029056K), 0.0288886 secs] [Times: user=0.25 sys=0.00, real=0.03 secs] 
2020-09-29T18:25:44.775+0200: 27.508: [GC (Allocation Failure) 2020-09-29T18:25:44.775+0200: 27.508: [ParNew: 613440K->46236K(613440K), 0.0159235 secs] 619139K->51936K(2029056K), 0.0160190 secs] [Times: user=0.13 sys=0.00, real=0.02 secs] 
2020-09-29T18:25:44.842+0200: 27.575: [GC (Allocation Failure) 2020-09-29T18:25:44.842+0200: 27.575: [ParNew: 591580K->35328K(613440K), 0.0210853 secs] 597280K->41028K(2029056K), 0.0211472 secs] [Times: user=0.13 sys=0.00, real=0.02 secs] 
2020-09-29T18:25:44.912+0200: 27.644: [GC (Allocation Failure) 2020-09-29T18:25:44.912+0200: 27.644: [ParNew: 580672K->41316K(613440K), 0.0195172 secs] 586372K->47016K(2029056K), 0.0195795 secs] [Times: user=0.13 sys=0.00, real=0.02 secs] 
2020-09-29T18:25:44.983+0200: 27.715: [GC (Allocation Failure) 2020-09-29T18:25:44.983+0200: 27.715: [ParNew: 586660K->34040K(613440K), 0.0167539 secs] 592360K->39740K(2029056K), 0.0168221 secs] [Times: user=0.13 sys=0.00, real=0.02 secs] 
2020-09-29T18:25:45.048+0200: 27.780: [GC (Allocation Failure) 2020-09-29T18:25:45.048+0200: 27.780: [ParNew: 579384K->68096K(613440K), 0.0300795 secs] 585084K->73883K(2029056K), 0.0301474 secs] [Times: user=0.25 sys=0.00, real=0.03 secs] 
2020-09-29T18:25:45.127+0200: 27.859: [GC (Allocation Failure) 2020-09-29T18:25:45.127+0200: 27.859: [ParNew: 613440K->55605K(613440K), 0.0227775 secs] 619227K->61392K(2029056K), 0.0228406 secs] [Times: user=0.25 sys=0.00, real=0.02 secs] 
2020-09-29T18:25:45.198+0200: 27.930: [GC (Allocation Failure) 2020-09-29T18:25:45.198+0200: 27.930: [ParNew: 600949K->46739K(613440K), 0.0210895 secs] 606736K->52526K(2029056K), 0.0211606 secs] [Times: user=0.13 sys=0.00, real=0.02 secs] 
2020-09-29T18:25:45.269+0200: 28.001: [GC (Allocation Failure) 2020-09-29T18:25:45.269+0200: 28.001: [ParNew: 592083K->33393K(613440K), 0.0129064 secs] 597870K->39180K(2029056K), 0.0129794 secs] [Times: user=0.13 sys=0.00, real=0.01 secs] 
2020-09-29T18:25:45.339+0200: 28.071: [GC (Allocation Failure) 2020-09-29T18:25:45.339+0200: 28.071: [ParNew: 578737K->32692K(613440K), 0.0190320 secs] 584524K->38479K(2029056K), 0.0190960 secs] [Times: user=0.13 sys=0.00, real=0.02 secs] 
2020-09-29T18:25:45.408+0200: 28.140: [GC (Allocation Failure) 2020-09-29T18:25:45.408+0200: 28.140: [ParNew: 578036K->48899K(613440K), 0.0242849 secs] 583823K->54686K(2029056K), 0.0243515 secs] [Times: user=0.25 sys=0.00, real=0.02 secs] 
2020-09-29T18:25:45.481+0200: 28.213: [GC (Allocation Failure) 2020-09-29T18:25:45.481+0200: 28.213: [ParNew: 594243K->36018K(613440K), 0.0169171 secs] 600030K->41805K(2029056K), 0.0169865 secs] [Times: user=0.13 sys=0.00, real=0.02 secs] 
2020-09-29T18:25:45.553+0200: 28.285: [GC (Allocation Failure) 2020-09-29T18:25:45.553+0200: 28.285: [ParNew: 581362K->52690K(613440K), 0.0218987 secs] 587149K->58477K(2029056K), 0.0219688 secs] [Times: user=0.13 sys=0.00, real=0.02 secs] 
2020-09-29T18:25:45.631+0200: 28.364: [GC (Allocation Failure) 2020-09-29T18:25:45.631+0200: 28.364: [ParNew: 598034K->58843K(613440K), 0.0288685 secs] 603821K->64630K(2029056K), 0.0289319 secs] [Times: user=0.11 sys=0.00, real=0.03 secs] 
2020-09-29T18:25:45.708+0200: 28.441: [GC (Allocation Failure) 2020-09-29T18:25:45.708+0200: 28.441: [ParNew: 604187K->46213K(613440K), 0.0123893 secs] 609974K->52000K(2029056K), 0.0124550 secs] [Times: user=0.00 sys=0.00, real=0.01 secs] 
2020-09-29T18:25:45.779+0200: 28.512: [GC (Allocation Failure) 2020-09-29T18:25:45.779+0200: 28.512: [ParNew: 591557K->18312K(613440K), 0.0129125 secs] 597344K->24099K(2029056K), 0.0129791 secs] [Times: user=0.13 sys=0.00, real=0.01 secs] 
2020-09-29T18:25:45.843+0200: 28.575: [GC (Allocation Failure) 2020-09-29T18:25:45.843+0200: 28.575: [ParNew: 563656K->51009K(613440K), 0.0254896 secs] 569443K->56796K(2029056K), 0.0255577 secs] [Times: user=0.25 sys=0.00, real=0.03 secs] 
2020-09-29T18:25:45.914+0200: 28.647: [GC (Allocation Failure) 2020-09-29T18:25:45.914+0200: 28.647: [ParNew: 596353K->63878K(613440K), 0.0237377 secs] 602140K->69665K(2029056K), 0.0237989 secs] [Times: user=0.13 sys=0.00, real=0.02 secs] 
2020-09-29T18:25:45.991+0200: 28.723: [GC (Allocation Failure) 2020-09-29T18:25:45.991+0200: 28.723: [ParNew: 609222K->48829K(613440K), 0.0221043 secs] 615009K->54616K(2029056K), 0.0221694 secs] [Times: user=0.13 sys=0.00, real=0.02 secs] 
2020-09-29T18:25:46.062+0200: 28.794: [GC (Allocation Failure) 2020-09-29T18:25:46.062+0200: 28.794: [ParNew: 594173K->40792K(613440K), 0.0206534 secs] 599960K->46579K(2029056K), 0.0207132 secs] [Times: user=0.25 sys=0.00, real=0.02 secs] 
2020-09-29T18:25:46.135+0200: 28.867: [GC (Allocation Failure) 2020-09-29T18:25:46.135+0200: 28.867: [ParNew: 586136K->38489K(613440K), 0.0208205 secs] 591923K->44276K(2029056K), 0.0208915 secs] [Times: user=0.13 sys=0.00, real=0.02 secs] 
2020-09-29T18:25:46.203+0200: 28.935: [GC (Allocation Failure) 2020-09-29T18:25:46.203+0200: 28.935: [ParNew: 583833K->31952K(613440K), 0.0122480 secs] 589620K->37739K(2029056K), 0.0123117 secs] [Times: user=0.13 sys=0.00, real=0.01 secs] 
2020-09-29T18:25:46.268+0200: 29.000: [GC (Allocation Failure) 2020-09-29T18:25:46.268+0200: 29.000: [ParNew: 577296K->31619K(613440K), 0.0185330 secs] 583083K->37406K(2029056K), 0.0186013 secs] [Times: user=0.25 sys=0.00, real=0.02 secs] 
2020-09-29T18:25:46.343+0200: 29.075: [GC (Allocation Failure) 2020-09-29T18:25:46.343+0200: 29.075: [ParNew: 576963K->46797K(613440K), 0.0241308 secs] 582750K->52584K(2029056K), 0.0241917 secs] [Times: user=0.25 sys=0.00, real=0.02 secs] 
2020-09-29T18:25:46.414+0200: 29.147: [GC (Allocation Failure) 2020-09-29T18:25:46.414+0200: 29.147: [ParNew: 592141K->68096K(613440K), 0.0296788 secs] 597928K->73883K(2029056K), 0.0297441 secs] [Times: user=0.25 sys=0.00, real=0.03 secs] 
2020-09-29T18:25:46.491+0200: 29.223: [GC (Allocation Failure) 2020-09-29T18:25:46.491+0200: 29.223: [ParNew: 613440K->50596K(613440K), 0.0221630 secs] 619227K->56383K(2029056K), 0.0222257 secs] [Times: user=0.13 sys=0.00, real=0.02 secs] 
2020-09-29T18:25:46.560+0200: 29.292: [GC (Allocation Failure) 2020-09-29T18:25:46.560+0200: 29.292: [ParNew: 595940K->36761K(613440K), 0.0157056 secs] 601727K->42548K(2029056K), 0.0157978 secs] [Times: user=0.13 sys=0.00, real=0.02 secs] 
2020-09-29T18:25:46.632+0200: 29.364: [GC (Allocation Failure) 2020-09-29T18:25:46.632+0200: 29.364: [ParNew: 582105K->44221K(613440K), 0.0223405 secs] 587892K->50008K(2029056K), 0.0224057 secs] [Times: user=0.11 sys=0.00, real=0.02 secs] 
2020-09-29T18:25:46.702+0200: 29.434: [GC (Allocation Failure) 2020-09-29T18:25:46.702+0200: 29.434: [ParNew: 589565K->54750K(613440K), 0.0264100 secs] 595352K->60537K(2029056K), 0.0264837 secs] [Times: user=0.25 sys=0.00, real=0.03 secs] 
2020-09-29T18:25:46.777+0200: 29.509: [GC (Allocation Failure) 2020-09-29T18:25:46.777+0200: 29.509: [ParNew: 600094K->52466K(613440K), 0.0261963 secs] 605881K->58253K(2029056K), 0.0262631 secs] [Times: user=0.25 sys=0.00, real=0.03 secs] 
2020-09-29T18:25:46.855+0200: 29.588: [GC (Allocation Failure) 2020-09-29T18:25:46.855+0200: 29.588: [ParNew: 597810K->68096K(613440K), 0.0326963 secs] 603597K->75457K(2029056K), 0.0327592 secs] [Times: user=0.25 sys=0.00, real=0.03 secs] 
2020-09-29T18:25:46.936+0200: 29.669: [GC (Allocation Failure) 2020-09-29T18:25:46.936+0200: 29.669: [ParNew: 613440K->57842K(613440K), 0.0248012 secs] 620801K->65204K(2029056K), 0.0248775 secs] [Times: user=0.25 sys=0.00, real=0.02 secs] 
2020-09-29T18:25:47.008+0200: 29.740: [GC (Allocation Failure) 2020-09-29T18:25:47.008+0200: 29.740: [ParNew: 603186K->41591K(613440K), 0.0171528 secs] 610548K->48953K(2029056K), 0.0172172 secs] [Times: user=0.13 sys=0.00, real=0.02 secs] 
2020-09-29T18:25:47.076+0200: 29.808: [GC (Allocation Failure) 2020-09-29T18:25:47.076+0200: 29.808: [ParNew: 586935K->23475K(613440K), 0.0157844 secs] 594297K->30837K(2029056K), 0.0158463 secs] [Times: user=0.13 sys=0.00, real=0.02 secs] 
2020-09-29T18:25:47.145+0200: 29.877: [GC (Allocation Failure) 2020-09-29T18:25:47.145+0200: 29.877: [ParNew: 568819K->45810K(613440K), 0.0205759 secs] 576181K->53172K(2029056K), 0.0206424 secs] [Times: user=0.13 sys=0.00, real=0.02 secs] 
2020-09-29T18:25:47.213+0200: 29.946: [GC (Allocation Failure) 2020-09-29T18:25:47.213+0200: 29.946: [ParNew: 591154K->34488K(613440K), 0.0211637 secs] 598516K->41849K(2029056K), 0.0212405 secs] [Times: user=0.13 sys=0.00, real=0.02 secs] 
2020-09-29T18:25:47.283+0200: 30.015: [GC (Allocation Failure) 2020-09-29T18:25:47.283+0200: 30.015: [ParNew: 579832K->57686K(613440K), 0.0260029 secs] 587193K->65048K(2029056K), 0.0260841 secs] [Times: user=0.23 sys=0.00, real=0.03 secs] 
2020-09-29T18:25:47.360+0200: 30.092: [GC (Allocation Failure) 2020-09-29T18:25:47.360+0200: 30.092: [ParNew: 603030K->47312K(613440K), 0.0159759 secs] 610392K->54674K(2029056K), 0.0160485 secs] [Times: user=0.13 sys=0.00, real=0.02 secs] 
2020-09-29T18:25:47.429+0200: 30.161: [GC (Allocation Failure) 2020-09-29T18:25:47.429+0200: 30.161: [ParNew: 592656K->43329K(613440K), 0.0194087 secs] 600018K->50691K(2029056K), 0.0194792 secs] [Times: user=0.13 sys=0.00, real=0.02 secs] 
2020-09-29T18:25:47.496+0200: 30.228: [GC (Allocation Failure) 2020-09-29T18:25:47.496+0200: 30.228: [ParNew: 588673K->41998K(613440K), 0.0138065 secs] 596035K->49359K(2029056K), 0.0138637 secs] [Times: user=0.13 sys=0.00, real=0.01 secs] 
2020-09-29T18:25:47.563+0200: 30.295: [GC (Allocation Failure) 2020-09-29T18:25:47.563+0200: 30.295: [ParNew: 587342K->56005K(613440K), 0.0236525 secs] 594703K->63367K(2029056K), 0.0237441 secs] [Times: user=0.25 sys=0.00, real=0.02 secs] 
2020-09-29T18:25:47.635+0200: 30.368: [GC (Allocation Failure) 2020-09-29T18:25:47.635+0200: 30.368: [ParNew: 601349K->68096K(613440K), 0.0229372 secs] 608711K->75968K(2029056K), 0.0230023 secs] [Times: user=0.13 sys=0.00, real=0.02 secs] 
2020-09-29T18:25:47.707+0200: 30.440: [GC (Allocation Failure) 2020-09-29T18:25:47.707+0200: 30.440: [ParNew: 613440K->43025K(613440K), 0.0106311 secs] 621312K->50898K(2029056K), 0.0106892 secs] [Times: user=0.11 sys=0.00, real=0.01 secs] 
2020-09-29T18:25:47.770+0200: 30.502: [GC (Allocation Failure) 2020-09-29T18:25:47.770+0200: 30.502: [ParNew: 588369K->50191K(613440K), 0.0223555 secs] 596242K->58064K(2029056K), 0.0224104 secs] [Times: user=0.13 sys=0.00, real=0.02 secs] 
2020-09-29T18:25:47.840+0200: 30.572: [GC (Allocation Failure) 2020-09-29T18:25:47.840+0200: 30.572: [ParNew: 595535K->64676K(613440K), 0.0203394 secs] 603408K->72548K(2029056K), 0.0204132 secs] [Times: user=0.13 sys=0.00, real=0.02 secs] 
2020-09-29T18:25:47.911+0200: 30.643: [GC (Allocation Failure) 2020-09-29T18:25:47.911+0200: 30.643: [ParNew: 610020K->49578K(613440K), 0.0213684 secs] 617892K->57451K(2029056K), 0.0214356 secs] [Times: user=0.13 sys=0.00, real=0.02 secs] 
2020-09-29T18:25:47.982+0200: 30.714: [GC (Allocation Failure) 2020-09-29T18:25:47.982+0200: 30.714: [ParNew: 594922K->41893K(613440K), 0.0142746 secs] 602795K->49766K(2029056K), 0.0143471 secs] [Times: user=0.13 sys=0.00, real=0.01 secs] 
2020-09-29T18:25:48.052+0200: 30.785: [GC (Allocation Failure) 2020-09-29T18:25:48.052+0200: 30.785: [ParNew: 587237K->37674K(613440K), 0.0186682 secs] 595110K->45547K(2029056K), 0.0187481 secs] [Times: user=0.13 sys=0.00, real=0.02 secs] 
2020-09-29T18:25:48.118+0200: 30.850: [GC (Allocation Failure) 2020-09-29T18:25:48.118+0200: 30.850: [ParNew: 583018K->61019K(613440K), 0.0222086 secs] 590891K->68892K(2029056K), 0.0222857 secs] [Times: user=0.08 sys=0.00, real=0.02 secs] 
2020-09-29T18:25:48.189+0200: 30.922: [GC (Allocation Failure) 2020-09-29T18:25:48.189+0200: 30.922: [ParNew: 606363K->49955K(613440K), 0.0162382 secs] 614236K->57828K(2029056K), 0.0163062 secs] [Times: user=0.13 sys=0.00, real=0.02 secs] 
2020-09-29T18:25:48.254+0200: 30.987: [GC (Allocation Failure) 2020-09-29T18:25:48.255+0200: 30.987: [ParNew: 595299K->45358K(613440K), 0.0157069 secs] 603172K->53231K(2029056K), 0.0157760 secs] [Times: user=0.13 sys=0.00, real=0.02 secs] 
2020-09-29T18:25:48.320+0200: 31.052: [GC (Allocation Failure) 2020-09-29T18:25:48.320+0200: 31.052: [ParNew: 590702K->58518K(613440K), 0.0205295 secs] 598575K->66391K(2029056K), 0.0206185 secs] [Times: user=0.13 sys=0.00, real=0.02 secs] 
2020-09-29T18:25:48.390+0200: 31.122: [GC (Allocation Failure) 2020-09-29T18:25:48.390+0200: 31.122: [ParNew: 603862K->52125K(613440K), 0.0199864 secs] 611735K->59998K(2029056K), 0.0200439 secs] [Times: user=0.11 sys=0.00, real=0.02 secs] 
2020-09-29T18:25:48.461+0200: 31.194: [GC (Allocation Failure) 2020-09-29T18:25:48.461+0200: 31.194: [ParNew: 597469K->38941K(613440K), 0.0130900 secs] 605342K->46814K(2029056K), 0.0131635 secs] [Times: user=0.13 sys=0.00, real=0.01 secs] 
2020-09-29T18:25:48.522+0200: 31.254: [GC (Allocation Failure) 2020-09-29T18:25:48.522+0200: 31.254: [ParNew: 584285K->41442K(613440K), 0.0170766 secs] 592158K->49315K(2029056K), 0.0171408 secs] [Times: user=0.13 sys=0.00, real=0.02 secs] 
2020-09-29T18:25:48.589+0200: 31.321: [GC (Allocation Failure) 2020-09-29T18:25:48.589+0200: 31.321: [ParNew: 586786K->51701K(613440K), 0.0181423 secs] 594659K->59574K(2029056K), 0.0182241 secs] [Times: user=0.11 sys=0.00, real=0.02 secs] 
2020-09-29T18:25:48.658+0200: 31.391: [GC (Allocation Failure) 2020-09-29T18:25:48.658+0200: 31.391: [ParNew: 597045K->62252K(613440K), 0.0208672 secs] 604918K->70125K(2029056K), 0.0209319 secs] [Times: user=0.25 sys=0.00, real=0.02 secs] 
2020-09-29T18:25:48.730+0200: 31.463: [GC (Allocation Failure) 2020-09-29T18:25:48.730+0200: 31.463: [ParNew: 607596K->42367K(613440K), 0.0150125 secs] 615469K->50240K(2029056K), 0.0150821 secs] [Times: user=0.13 sys=0.00, real=0.01 secs] 
2020-09-29T18:25:48.794+0200: 31.526: [GC (Allocation Failure) 2020-09-29T18:25:48.794+0200: 31.526: [ParNew: 587711K->36061K(613440K), 0.0141744 secs] 595584K->43934K(2029056K), 0.0142308 secs] [Times: user=0.13 sys=0.00, real=0.01 secs] 
2020-09-29T18:25:48.857+0200: 31.590: [GC (Allocation Failure) 2020-09-29T18:25:48.857+0200: 31.590: [ParNew: 581405K->55417K(613440K), 0.0183751 secs] 589278K->63289K(2029056K), 0.0184496 secs] [Times: user=0.13 sys=0.00, real=0.02 secs] 
2020-09-29T18:25:48.926+0200: 31.658: [GC (Allocation Failure) 2020-09-29T18:25:48.926+0200: 31.658: [ParNew: 600761K->42705K(613440K), 0.0182646 secs] 608633K->50578K(2029056K), 0.0183214 secs] [Times: user=0.13 sys=0.00, real=0.02 secs] 
2020-09-29T18:25:48.991+0200: 31.723: [GC (Allocation Failure) 2020-09-29T18:25:48.991+0200: 31.723: [ParNew: 588049K->42789K(613440K), 0.0167840 secs] 595922K->50662K(2029056K), 0.0168395 secs] [Times: user=0.13 sys=0.00, real=0.02 secs] 
2020-09-29T18:25:49.055+0200: 31.787: [GC (Allocation Failure) 2020-09-29T18:25:49.055+0200: 31.787: [ParNew: 588133K->64982K(613440K), 0.0213836 secs] 596006K->72855K(2029056K), 0.0214489 secs] [Times: user=0.13 sys=0.00, real=0.02 secs] 
2020-09-29T18:25:49.123+0200: 31.856: [GC (Allocation Failure) 2020-09-29T18:25:49.124+0200: 31.856: [ParNew: 610326K->50836K(613440K), 0.0204184 secs] 618199K->58709K(2029056K), 0.0292781 secs] [Times: user=0.13 sys=0.00, real=0.03 secs] 
2020-09-29T18:25:49.219+0200: 31.951: [GC (Allocation Failure) 2020-09-29T18:25:49.219+0200: 31.951: [ParNew: 596180K->42035K(613440K), 0.0152348 secs] 604053K->49908K(2029056K), 0.0153104 secs] [Times: user=0.13 sys=0.00, real=0.01 secs] 
2020-09-29T18:25:49.281+0200: 32.013: [GC (Allocation Failure) 2020-09-29T18:25:49.281+0200: 32.013: [ParNew: 587379K->66176K(613440K), 0.0239643 secs] 595252K->74048K(2029056K), 0.0240610 secs] [Times: user=0.25 sys=0.00, real=0.02 secs] 
2020-09-29T18:25:49.353+0200: 32.085: [GC (Allocation Failure) 2020-09-29T18:25:49.353+0200: 32.085: [ParNew: 611520K->52959K(613440K), 0.0191700 secs] 619392K->60832K(2029056K), 0.0192659 secs] [Times: user=0.13 sys=0.00, real=0.02 secs] 
2020-09-29T18:25:49.421+0200: 32.153: [GC (Allocation Failure) 2020-09-29T18:25:49.421+0200: 32.153: [ParNew: 598303K->41929K(613440K), 0.0180044 secs] 606176K->49802K(2029056K), 0.0180591 secs] [Times: user=0.13 sys=0.00, real=0.02 secs] 
2020-09-29T18:25:49.485+0200: 32.218: [GC (Allocation Failure) 2020-09-29T18:25:49.485+0200: 32.218: [ParNew: 587273K->35347K(613440K), 0.0121391 secs] 595146K->43220K(2029056K), 0.0122108 secs] [Times: user=0.13 sys=0.00, real=0.01 secs] 
2020-09-29T18:25:49.551+0200: 32.283: [GC (Allocation Failure) 2020-09-29T18:25:49.551+0200: 32.283: [ParNew: 580691K->48316K(613440K), 0.0226095 secs] 588564K->56189K(2029056K), 0.0226815 secs] [Times: user=0.13 sys=0.00, real=0.02 secs] 
2020-09-29T18:25:49.624+0200: 32.356: [GC (Allocation Failure) 2020-09-29T18:25:49.624+0200: 32.356: [ParNew: 593660K->65163K(613440K), 0.0209495 secs] 601533K->73036K(2029056K), 0.0210136 secs] [Times: user=0.13 sys=0.00, real=0.02 secs] 
2020-09-29T18:25:49.695+0200: 32.427: [GC (Allocation Failure) 2020-09-29T18:25:49.695+0200: 32.427: [ParNew: 610507K->41179K(613440K), 0.0142001 secs] 618380K->49052K(2029056K), 0.0142676 secs] [Times: user=0.13 sys=0.00, real=0.01 secs] 
2020-09-29T18:25:49.759+0200: 32.491: [GC (Allocation Failure) 2020-09-29T18:25:49.759+0200: 32.491: [ParNew: 586523K->59027K(613440K), 0.0238856 secs] 594396K->66900K(2029056K), 0.0239699 secs] [Times: user=0.13 sys=0.00, real=0.02 secs] 
2020-09-29T18:25:49.831+0200: 32.563: [GC (Allocation Failure) 2020-09-29T18:25:49.831+0200: 32.563: [ParNew: 604371K->39017K(613440K), 0.0136509 secs] 612244K->46890K(2029056K), 0.0137099 secs] [Times: user=0.13 sys=0.00, real=0.01 secs] 
2020-09-29T18:25:49.892+0200: 32.624: [GC (Allocation Failure) 2020-09-29T18:25:49.892+0200: 32.625: [ParNew: 584361K->41781K(613440K), 0.0172134 secs] 592234K->49654K(2029056K), 0.0172787 secs] [Times: user=0.13 sys=0.00, real=0.02 secs] 
2020-09-29T18:25:49.957+0200: 32.689: [GC (Allocation Failure) 2020-09-29T18:25:49.957+0200: 32.689: [ParNew: 587125K->33754K(613440K), 0.0171581 secs] 594998K->41627K(2029056K), 0.0172144 secs] [Times: user=0.13 sys=0.00, real=0.02 secs] 
2020-09-29T18:25:50.022+0200: 32.754: [GC (Allocation Failure) 2020-09-29T18:25:50.022+0200: 32.754: [ParNew: 579098K->59822K(613440K), 0.0209623 secs] 586971K->67695K(2029056K), 0.0210590 secs] [Times: user=0.13 sys=0.00, real=0.02 secs] 
2020-09-29T18:25:50.090+0200: 32.823: [GC (Allocation Failure) 2020-09-29T18:25:50.090+0200: 32.823: [ParNew: 605166K->68096K(613440K), 0.0245047 secs] 613039K->76954K(2029056K), 0.0245598 secs] [Times: user=0.25 sys=0.00, real=0.03 secs] 
2020-09-29T18:25:50.161+0200: 32.894: [GC (Allocation Failure) 2020-09-29T18:25:50.161+0200: 32.894: [ParNew: 613440K->55297K(613440K), 0.0180158 secs] 622298K->64156K(2029056K), 0.0180721 secs] [Times: user=0.13 sys=0.00, real=0.02 secs] 
2020-09-29T18:25:50.229+0200: 32.961: [GC (Allocation Failure) 2020-09-29T18:25:50.229+0200: 32.961: [ParNew: 600641K->45612K(613440K), 0.0173394 secs] 609500K->54470K(2029056K), 0.0173942 secs] [Times: user=0.13 sys=0.00, real=0.02 secs] 
2020-09-29T18:25:50.294+0200: 33.027: [GC (Allocation Failure) 2020-09-29T18:25:50.294+0200: 33.027: [ParNew: 590956K->38687K(613440K), 0.0180604 secs] 599814K->47546K(2029056K), 0.0181277 secs] [Times: user=0.13 sys=0.00, real=0.02 secs] 
2020-09-29T18:25:50.360+0200: 33.092: [GC (Allocation Failure) 2020-09-29T18:25:50.360+0200: 33.092: [ParNew: 584031K->65441K(613440K), 0.0207317 secs] 592890K->74299K(2029056K), 0.0208055 secs] [Times: user=0.25 sys=0.00, real=0.02 secs] 
2020-09-29T18:25:50.430+0200: 33.163: [GC (Allocation Failure) 2020-09-29T18:25:50.430+0200: 33.163: [ParNew: 610785K->41068K(613440K), 0.0141844 secs] 619643K->49927K(2029056K), 0.0142464 secs] [Times: user=0.13 sys=0.00, real=0.01 secs] 
2020-09-29T18:25:50.495+0200: 33.228: [GC (Allocation Failure) 2020-09-29T18:25:50.495+0200: 33.228: [ParNew: 586412K->58103K(613440K), 0.0194345 secs] 595271K->66961K(2029056K), 0.0265348 secs] [Times: user=0.13 sys=0.00, real=0.03 secs] 
2020-09-29T18:25:50.585+0200: 33.318: [GC (Allocation Failure) 2020-09-29T18:25:50.585+0200: 33.318: [ParNew: 603447K->54986K(613440K), 0.0196328 secs] 612305K->63845K(2029056K), 0.0196913 secs] [Times: user=0.13 sys=0.00, real=0.02 secs] 
2020-09-29T18:25:50.656+0200: 33.389: [GC (Allocation Failure) 2020-09-29T18:25:50.656+0200: 33.389: [ParNew: 600330K->37657K(613440K), 0.0130386 secs] 609189K->46516K(2029056K), 0.0130955 secs] [Times: user=0.13 sys=0.00, real=0.01 secs] 
2020-09-29T18:25:50.717+0200: 33.449: [GC (Allocation Failure) 2020-09-29T18:25:50.717+0200: 33.449: [ParNew: 583001K->35572K(613440K), 0.0172689 secs] 591860K->44431K(2029056K), 0.0173249 secs] [Times: user=0.13 sys=0.00, real=0.02 secs] 
2020-09-29T18:25:50.783+0200: 33.515: [GC (Allocation Failure) 2020-09-29T18:25:50.783+0200: 33.515: [ParNew: 580916K->36455K(613440K), 0.0161417 secs] 589775K->45314K(2029056K), 0.0161968 secs] [Times: user=0.13 sys=0.00, real=0.02 secs] 
2020-09-29T18:25:50.848+0200: 33.581: [GC (Allocation Failure) 2020-09-29T18:25:50.848+0200: 33.581: [ParNew: 581799K->57597K(613440K), 0.0208238 secs] 590658K->66456K(2029056K), 0.0208968 secs] [Times: user=0.13 sys=0.00, real=0.02 secs] 
2020-09-29T18:25:50.916+0200: 33.648: [GC (Allocation Failure) 2020-09-29T18:25:50.916+0200: 33.648: [ParNew: 602941K->46681K(613440K), 0.0138907 secs] 611800K->55540K(2029056K), 0.0139453 secs] [Times: user=0.13 sys=0.00, real=0.01 secs] 
2020-09-29T18:25:50.980+0200: 33.712: [GC (Allocation Failure) 2020-09-29T18:25:50.980+0200: 33.712: [ParNew: 592025K->20620K(613440K), 0.0089504 secs] 600884K->29479K(2029056K), 0.0090083 secs] [Times: user=0.13 sys=0.00, real=0.01 secs] 
2020-09-29T18:25:51.039+0200: 33.772: [GC (Allocation Failure) 2020-09-29T18:25:51.039+0200: 33.772: [ParNew: 565964K->37720K(613440K), 0.0181572 secs] 574823K->46578K(2029056K), 0.0182125 secs] [Times: user=0.13 sys=0.00, real=0.02 secs] 
2020-09-29T18:25:51.103+0200: 33.836: [GC (Allocation Failure) 2020-09-29T18:25:51.103+0200: 33.836: [ParNew: 583064K->52585K(613440K), 0.0165447 secs] 591922K->61444K(2029056K), 0.0166138 secs] [Times: user=0.13 sys=0.00, real=0.02 secs] 
2020-09-29T18:25:51.167+0200: 33.900: [GC (Allocation Failure) 2020-09-29T18:25:51.167+0200: 33.900: [ParNew: 597929K->57324K(613440K), 0.0202127 secs] 606788K->66183K(2029056K), 0.0202672 secs] [Times: user=0.13 sys=0.00, real=0.02 secs] 
2020-09-29T18:25:51.236+0200: 33.969: [GC (Allocation Failure) 2020-09-29T18:25:51.236+0200: 33.969: [ParNew: 602668K->39407K(613440K), 0.0151112 secs] 611527K->48265K(2029056K), 0.0151806 secs] [Times: user=0.13 sys=0.00, real=0.01 secs] 
2020-09-29T18:25:51.300+0200: 34.032: [GC (Allocation Failure) 2020-09-29T18:25:51.300+0200: 34.033: [ParNew: 584751K->34848K(613440K), 0.0143775 secs] 593609K->43707K(2029056K), 0.0144671 secs] [Times: user=0.13 sys=0.00, real=0.01 secs] 
2020-09-29T18:25:51.363+0200: 34.096: [GC (Allocation Failure) 2020-09-29T18:25:51.363+0200: 34.096: [ParNew: 580192K->30811K(613440K), 0.0129431 secs] 589051K->39670K(2029056K), 0.0130121 secs] [Times: user=0.13 sys=0.00, real=0.01 secs] 
2020-09-29T18:25:51.424+0200: 34.156: [GC (Allocation Failure) 2020-09-29T18:25:51.424+0200: 34.156: [ParNew: 576155K->48576K(613440K), 0.0181092 secs] 585014K->57435K(2029056K), 0.0181806 secs] [Times: user=0.23 sys=0.00, real=0.02 secs] 
2020-09-29T18:25:51.493+0200: 34.226: [GC (Allocation Failure) 2020-09-29T18:25:51.493+0200: 34.226: [ParNew: 593920K->38880K(613440K), 0.0163340 secs] 602779K->47739K(2029056K), 0.0163909 secs] [Times: user=0.13 sys=0.00, real=0.02 secs] 
2020-09-29T18:25:51.557+0200: 34.290: [GC (Allocation Failure) 2020-09-29T18:25:51.557+0200: 34.290: [ParNew: 584224K->58984K(613440K), 0.0216530 secs] 593083K->67843K(2029056K), 0.0217460 secs] [Times: user=0.13 sys=0.00, real=0.02 secs] 
2020-09-29T18:25:51.627+0200: 34.360: [GC (Allocation Failure) 2020-09-29T18:25:51.627+0200: 34.360: [ParNew: 604328K->49964K(613440K), 0.0168011 secs] 613187K->58823K(2029056K), 0.0168593 secs] [Times: user=0.11 sys=0.00, real=0.02 secs] 
2020-09-29T18:25:51.692+0200: 34.424: [GC (Allocation Failure) 2020-09-29T18:25:51.692+0200: 34.424: [ParNew: 595308K->46937K(613440K), 0.0207156 secs] 604167K->55796K(2029056K), 0.0207806 secs] [Times: user=0.13 sys=0.00, real=0.02 secs] 
2020-09-29T18:25:51.761+0200: 34.493: [GC (Allocation Failure) 2020-09-29T18:25:51.761+0200: 34.493: [ParNew: 592281K->50557K(613440K), 0.0197748 secs] 601140K->59416K(2029056K), 0.0198497 secs] [Times: user=0.13 sys=0.00, real=0.02 secs] 
2020-09-29T18:25:51.829+0200: 34.562: [GC (Allocation Failure) 2020-09-29T18:25:51.829+0200: 34.562: [ParNew: 594234K->37736K(613440K), 0.0128836 secs] 603093K->46595K(2029056K), 0.0129443 secs] [Times: user=0.13 sys=0.00, real=0.01 secs] 
2020-09-29T18:25:51.891+0200: 34.623: [GC (Allocation Failure) 2020-09-29T18:25:51.891+0200: 34.624: [ParNew: 583080K->22799K(613440K), 0.0105565 secs] 591939K->31657K(2029056K), 0.0106210 secs] [Times: user=0.13 sys=0.00, real=0.01 secs] 
2020-09-29T18:25:51.955+0200: 34.687: [GC (Allocation Failure) 2020-09-29T18:25:51.955+0200: 34.687: [ParNew: 568143K->34535K(613440K), 0.0148945 secs] 577001K->43394K(2029056K), 0.0149518 secs] [Times: user=0.13 sys=0.00, real=0.02 secs] 
2020-09-29T18:25:52.017+0200: 34.749: [GC (Allocation Failure) 2020-09-29T18:25:52.017+0200: 34.749: [ParNew: 579879K->49390K(613440K), 0.0209210 secs] 588738K->58249K(2029056K), 0.0209844 secs] [Times: user=0.25 sys=0.00, real=0.02 secs] 
2020-09-29T18:25:52.084+0200: 34.817: [GC (Allocation Failure) 2020-09-29T18:25:52.084+0200: 34.817: [ParNew: 594734K->51381K(613440K), 0.0194200 secs] 603593K->60240K(2029056K), 0.0194713 secs] [Times: user=0.13 sys=0.00, real=0.02 secs] 
2020-09-29T18:25:52.153+0200: 34.885: [GC (Allocation Failure) 2020-09-29T18:25:52.153+0200: 34.885: [ParNew: 596725K->41252K(613440K), 0.0141554 secs] 605584K->50111K(2029056K), 0.0142110 secs] [Times: user=0.13 sys=0.00, real=0.01 secs] 
2020-09-29T18:25:52.216+0200: 34.949: [GC (Allocation Failure) 2020-09-29T18:25:52.216+0200: 34.949: [ParNew: 586596K->42248K(613440K), 0.0181172 secs] 595455K->51107K(2029056K), 0.0181980 secs] [Times: user=0.13 sys=0.00, real=0.02 secs] 
2020-09-29T18:25:52.286+0200: 35.018: [GC (Allocation Failure) 2020-09-29T18:25:52.286+0200: 35.018: [ParNew: 587592K->46046K(613440K), 0.0177269 secs] 596451K->54905K(2029056K), 0.0178129 secs] [Times: user=0.13 sys=0.00, real=0.02 secs] 
2020-09-29T18:25:52.354+0200: 35.086: [GC (Allocation Failure) 2020-09-29T18:25:52.354+0200: 35.086: [ParNew: 591390K->36798K(613440K), 0.0171771 secs] 600249K->45656K(2029056K), 0.0172517 secs] [Times: user=0.13 sys=0.00, real=0.02 secs] 
2020-09-29T18:25:52.419+0200: 35.152: [GC (Allocation Failure) 2020-09-29T18:25:52.419+0200: 35.152: [ParNew: 582142K->38510K(613440K), 0.0157699 secs] 591000K->47369K(2029056K), 0.0158332 secs] [Times: user=0.13 sys=0.00, real=0.02 secs] 
2020-09-29T18:25:52.481+0200: 35.214: [GC (Allocation Failure) 2020-09-29T18:25:52.482+0200: 35.214: [ParNew: 583854K->35750K(613440K), 0.0140603 secs] 592713K->44609K(2029056K), 0.0141358 secs] [Times: user=0.13 sys=0.00, real=0.02 secs] 
2020-09-29T18:25:52.545+0200: 35.277: [GC (Allocation Failure) 2020-09-29T18:25:52.545+0200: 35.278: [ParNew: 581094K->32774K(613440K), 0.0134677 secs] 589953K->41633K(2029056K), 0.0135233 secs] [Times: user=0.13 sys=0.00, real=0.01 secs] 
2020-09-29T18:25:52.617+0200: 35.349: [GC (Allocation Failure) 2020-09-29T18:25:52.617+0200: 35.349: [ParNew: 578118K->27129K(613440K), 0.0133667 secs] 586977K->35988K(2029056K), 0.0134429 secs] [Times: user=0.13 sys=0.00, real=0.01 secs] 
2020-09-29T18:25:52.679+0200: 35.411: [GC (Allocation Failure) 2020-09-29T18:25:52.679+0200: 35.411: [ParNew: 572473K->44638K(613440K), 0.0160418 secs] 581332K->53496K(2029056K), 0.0161002 secs] [Times: user=0.13 sys=0.00, real=0.02 secs] 
2020-09-29T18:25:52.752+0200: 35.485: [GC (Allocation Failure) 2020-09-29T18:25:52.752+0200: 35.485: [ParNew: 589982K->58726K(613440K), 0.0213988 secs] 598840K->67585K(2029056K), 0.0214840 secs] [Times: user=0.25 sys=0.00, real=0.02 secs] 
2020-09-29T18:25:52.822+0200: 35.555: [GC (Allocation Failure) 2020-09-29T18:25:52.822+0200: 35.555: [ParNew: 604070K->38624K(613440K), 0.0095935 secs] 612929K->47483K(2029056K), 0.0096490 secs] [Times: user=0.13 sys=0.00, real=0.01 secs] 
2020-09-29T18:25:52.886+0200: 35.619: [GC (Allocation Failure) 2020-09-29T18:25:52.886+0200: 35.619: [ParNew: 583968K->44719K(613440K), 0.0208246 secs] 592827K->53577K(2029056K), 0.0208810 secs] [Times: user=0.13 sys=0.00, real=0.02 secs] 
2020-09-29T18:25:52.953+0200: 35.686: [GC (Allocation Failure) 2020-09-29T18:25:52.953+0200: 35.686: [ParNew: 590063K->61308K(613440K), 0.0189124 secs] 598921K->70167K(2029056K), 0.0189671 secs] [Times: user=0.13 sys=0.00, real=0.02 secs] 
2020-09-29T18:25:53.020+0200: 35.752: [GC (Allocation Failure) 2020-09-29T18:25:53.020+0200: 35.752: [ParNew: 606652K->49214K(613440K), 0.0179631 secs] 615511K->58073K(2029056K), 0.0180300 secs] [Times: user=0.13 sys=0.00, real=0.02 secs] 
2020-09-29T18:25:53.086+0200: 35.818: [GC (Allocation Failure) 2020-09-29T18:25:53.086+0200: 35.818: [ParNew: 594558K->59837K(613440K), 0.0218036 secs] 603417K->68696K(2029056K), 0.0219152 secs] [Times: user=0.13 sys=0.00, real=0.02 secs] 
2020-09-29T18:25:53.158+0200: 35.890: [GC (Allocation Failure) 2020-09-29T18:25:53.158+0200: 35.890: [ParNew: 605181K->47249K(613440K), 0.0165156 secs] 614040K->56108K(2029056K), 0.0165854 secs] [Times: user=0.13 sys=0.00, real=0.02 secs] 
2020-09-29T18:25:53.227+0200: 35.959: [GC (Allocation Failure) 2020-09-29T18:25:53.227+0200: 35.959: [ParNew: 592593K->68096K(613440K), 0.0250317 secs] 601452K->76958K(2029056K), 0.0318154 secs] [Times: user=0.13 sys=0.00, real=0.03 secs] 
2020-09-29T18:25:53.306+0200: 36.038: [GC (Allocation Failure) 2020-09-29T18:25:53.306+0200: 36.038: [ParNew: 613440K->62665K(613440K), 0.0194250 secs] 622302K->71528K(2029056K), 0.0194825 secs] [Times: user=0.13 sys=0.00, real=0.02 secs] 
2020-09-29T18:25:53.372+0200: 36.105: [GC (Allocation Failure) 2020-09-29T18:25:53.372+0200: 36.105: [ParNew: 608009K->52447K(613440K), 0.0182458 secs] 616872K->61310K(2029056K), 0.0183083 secs] [Times: user=0.13 sys=0.00, real=0.02 secs] 
2020-09-29T18:25:53.440+0200: 36.172: [GC (Allocation Failure) 2020-09-29T18:25:53.440+0200: 36.172: [ParNew: 597791K->41885K(613440K), 0.0128949 secs] 606654K->50748K(2029056K), 0.0129497 secs] [Times: user=0.13 sys=0.00, real=0.01 secs] 
2020-09-29T18:25:53.499+0200: 36.232: [GC (Allocation Failure) 2020-09-29T18:25:53.499+0200: 36.232: [ParNew: 587229K->38576K(613440K), 0.0175328 secs] 596092K->47438K(2029056K), 0.0176100 secs] [Times: user=0.13 sys=0.00, real=0.02 secs] 
2020-09-29T18:25:53.565+0200: 36.298: [GC (Allocation Failure) 2020-09-29T18:25:53.565+0200: 36.298: [ParNew: 583920K->51829K(613440K), 0.0165850 secs] 592782K->60692K(2029056K), 0.0166771 secs] [Times: user=0.24 sys=0.00, real=0.02 secs] 
2020-09-29T18:25:53.630+0200: 36.363: [GC (Allocation Failure) 2020-09-29T18:25:53.630+0200: 36.363: [ParNew: 597173K->32723K(613440K), 0.0111590 secs] 606036K->41585K(2029056K), 0.0112147 secs] [Times: user=0.00 sys=0.00, real=0.01 secs] 
2020-09-29T18:25:53.691+0200: 36.423: [GC (Allocation Failure) 2020-09-29T18:25:53.691+0200: 36.423: [ParNew: 578067K->31581K(613440K), 0.0152771 secs] 586929K->40443K(2029056K), 0.0153313 secs] [Times: user=0.13 sys=0.00, real=0.02 secs] 
2020-09-29T18:25:53.755+0200: 36.488: [GC (Allocation Failure) 2020-09-29T18:25:53.755+0200: 36.488: [ParNew: 576925K->48513K(613440K), 0.0216493 secs] 585787K->57376K(2029056K), 0.0217503 secs] [Times: user=0.13 sys=0.00, real=0.02 secs] 
2020-09-29T18:25:53.828+0200: 36.560: [GC (Allocation Failure) 2020-09-29T18:25:53.828+0200: 36.560: [ParNew: 593857K->56934K(613440K), 0.0211634 secs] 602720K->65797K(2029056K), 0.0212718 secs] [Times: user=0.25 sys=0.00, real=0.02 secs] 
2020-09-29T18:25:53.899+0200: 36.631: [GC (Allocation Failure) 2020-09-29T18:25:53.899+0200: 36.631: [ParNew: 602278K->45600K(613440K), 0.0199801 secs] 611141K->54463K(2029056K), 0.0200656 secs] [Times: user=0.13 sys=0.00, real=0.02 secs] 
2020-09-29T18:25:53.973+0200: 36.705: [GC (Allocation Failure) 2020-09-29T18:25:53.973+0200: 36.705: [ParNew: 590944K->40433K(613440K), 0.0134892 secs] 599807K->49296K(2029056K), 0.0135711 secs] [Times: user=0.00 sys=0.00, real=0.01 secs] 
2020-09-29T18:25:54.033+0200: 36.765: [GC (Allocation Failure) 2020-09-29T18:25:54.033+0200: 36.765: [ParNew: 585777K->38193K(613440K), 0.0173748 secs] 594640K->47056K(2029056K), 0.0174365 secs] [Times: user=0.13 sys=0.00, real=0.02 secs] 
2020-09-29T18:25:54.097+0200: 36.830: [GC (Allocation Failure) 2020-09-29T18:25:54.097+0200: 36.830: [ParNew: 583537K->56544K(613440K), 0.0215525 secs] 592400K->65407K(2029056K), 0.0216217 secs] [Times: user=0.25 sys=0.00, real=0.02 secs] 
2020-09-29T18:25:54.166+0200: 36.898: [GC (Allocation Failure) 2020-09-29T18:25:54.166+0200: 36.898: [ParNew: 601888K->44136K(613440K), 0.0145754 secs] 610751K->52999K(2029056K), 0.0146316 secs] [Times: user=0.13 sys=0.00, real=0.01 secs] 
2020-09-29T18:25:54.232+0200: 36.965: [GC (Allocation Failure) 2020-09-29T18:25:54.232+0200: 36.965: [ParNew: 589480K->44434K(613440K), 0.0195430 secs] 598343K->53297K(2029056K), 0.0196378 secs] [Times: user=0.13 sys=0.00, real=0.02 secs] 
2020-09-29T18:25:54.300+0200: 37.032: [GC (Allocation Failure) 2020-09-29T18:25:54.300+0200: 37.032: [ParNew: 589778K->61940K(613440K), 0.0197658 secs] 598641K->70802K(2029056K), 0.0198239 secs] [Times: user=0.25 sys=0.00, real=0.02 secs] 
2020-09-29T18:25:54.368+0200: 37.100: [GC (Allocation Failure) 2020-09-29T18:25:54.368+0200: 37.100: [ParNew: 607284K->38286K(613440K), 0.0124098 secs] 616146K->47149K(2029056K), 0.0124762 secs] [Times: user=0.13 sys=0.00, real=0.01 secs] 
2020-09-29T18:25:54.429+0200: 37.162: [GC (Allocation Failure) 2020-09-29T18:25:54.429+0200: 37.162: [ParNew: 583630K->40135K(613440K), 0.0172031 secs] 592493K->48998K(2029056K), 0.0172765 secs] [Times: user=0.13 sys=0.00, real=0.02 secs] 
2020-09-29T18:25:54.493+0200: 37.225: [GC (Allocation Failure) 2020-09-29T18:25:54.493+0200: 37.225: [ParNew: 585479K->56194K(613440K), 0.0214557 secs] 594342K->65057K(2029056K), 0.0215324 secs] [Times: user=0.11 sys=0.00, real=0.02 secs] 
2020-09-29T18:25:54.562+0200: 37.294: [GC (Allocation Failure) 2020-09-29T18:25:54.562+0200: 37.294: [ParNew: 601538K->68096K(613440K), 0.0226986 secs] 610401K->76958K(2029056K), 0.0227743 secs] [Times: user=0.22 sys=0.00, real=0.02 secs] 
2020-09-29T18:25:54.632+0200: 37.365: [GC (Allocation Failure) 2020-09-29T18:25:54.632+0200: 37.365: [ParNew: 613440K->30270K(613440K), 0.0138179 secs] 622302K->39132K(2029056K), 0.0138761 secs] [Times: user=0.13 sys=0.00, real=0.01 secs] 
2020-09-29T18:25:54.693+0200: 37.425: [GC (Allocation Failure) 2020-09-29T18:25:54.693+0200: 37.425: [ParNew: 575614K->47764K(613440K), 0.0203865 secs] 584476K->56626K(2029056K), 0.0204747 secs] [Times: user=0.11 sys=0.00, real=0.02 secs] 
2020-09-29T18:25:54.761+0200: 37.494: [GC (Allocation Failure) 2020-09-29T18:25:54.761+0200: 37.494: [ParNew: 593108K->44607K(613440K), 0.0184926 secs] 601970K->53470K(2029056K), 0.0185802 secs] [Times: user=0.13 sys=0.00, real=0.02 secs] 
2020-09-29T18:25:54.828+0200: 37.561: [GC (Allocation Failure) 2020-09-29T18:25:54.828+0200: 37.561: [ParNew: 589951K->68096K(613440K), 0.0223535 secs] 598814K->77039K(2029056K), 0.0224188 secs] [Times: user=0.25 sys=0.00, real=0.02 secs] 
2020-09-29T18:25:54.899+0200: 37.631: [GC (Allocation Failure) 2020-09-29T18:25:54.899+0200: 37.631: [ParNew: 613440K->53910K(613440K), 0.0211761 secs] 622383K->62854K(2029056K), 0.0212318 secs] [Times: user=0.13 sys=0.00, real=0.02 secs] 
2020-09-29T18:25:54.967+0200: 37.699: [GC (Allocation Failure) 2020-09-29T18:25:54.967+0200: 37.699: [ParNew: 599254K->42983K(613440K), 0.0084179 secs] 608198K->51926K(2029056K), 0.0084772 secs] [Times: user=0.13 sys=0.00, real=0.01 secs] 
2020-09-29T18:25:55.021+0200: 37.753: [GC (Allocation Failure) 2020-09-29T18:25:55.021+0200: 37.753: [ParNew: 588327K->45101K(613440K), 0.0193327 secs] 597270K->54045K(2029056K), 0.0193899 secs] [Times: user=0.13 sys=0.00, real=0.02 secs] 
2020-09-29T18:25:55.087+0200: 37.820: [GC (Allocation Failure) 2020-09-29T18:25:55.087+0200: 37.820: [ParNew: 590445K->59105K(613440K), 0.0182887 secs] 599389K->68049K(2029056K), 0.0183447 secs] [Times: user=0.13 sys=0.00, real=0.02 secs] 
2020-09-29T18:25:55.153+0200: 37.886: [GC (Allocation Failure) 2020-09-29T18:25:55.154+0200: 37.886: [ParNew: 604449K->47269K(613440K), 0.0167031 secs] 613393K->56213K(2029056K), 0.0167835 secs] [Times: user=0.13 sys=0.00, real=0.02 secs] 
2020-09-29T18:25:55.220+0200: 37.952: [GC (Allocation Failure) 2020-09-29T18:25:55.220+0200: 37.952: [ParNew: 592613K->54316K(613440K), 0.0172983 secs] 601557K->63259K(2029056K), 0.0173825 secs] [Times: user=0.13 sys=0.00, real=0.02 secs] 
2020-09-29T18:25:55.287+0200: 38.019: [GC (Allocation Failure) 2020-09-29T18:25:55.287+0200: 38.019: [ParNew: 599660K->41903K(613440K), 0.0172373 secs] 608603K->50847K(2029056K), 0.0173113 secs] [Times: user=0.13 sys=0.00, real=0.02 secs] 
2020-09-29T18:25:55.357+0200: 38.090: [GC (Allocation Failure) 2020-09-29T18:25:55.357+0200: 38.090: [ParNew: 587247K->35402K(613440K), 0.0175102 secs] 596191K->44346K(2029056K), 0.0175944 secs] [Times: user=0.13 sys=0.00, real=0.02 secs] 
2020-09-29T18:25:55.424+0200: 38.156: [GC (Allocation Failure) 2020-09-29T18:25:55.424+0200: 38.156: [ParNew: 580746K->30895K(613440K), 0.0085336 secs] 589690K->39839K(2029056K), 0.0085883 secs] [Times: user=0.13 sys=0.00, real=0.01 secs] 
2020-09-29T18:25:55.479+0200: 38.211: [GC (Allocation Failure) 2020-09-29T18:25:55.479+0200: 38.211: [ParNew: 576239K->31915K(613440K), 0.0147388 secs] 585183K->40858K(2029056K), 0.0147959 secs] [Times: user=0.13 sys=0.00, real=0.01 secs] 
2020-09-29T18:25:55.551+0200: 38.283: [GC (Allocation Failure) 2020-09-29T18:25:55.551+0200: 38.283: [ParNew: 577259K->41930K(613440K), 0.0184706 secs] 586202K->50874K(2029056K), 0.0185308 secs] [Times: user=0.13 sys=0.00, real=0.02 secs] 
2020-09-29T18:25:55.618+0200: 38.350: [GC (Allocation Failure) 2020-09-29T18:25:55.618+0200: 38.350: [ParNew: 587274K->68096K(613440K), 0.0234376 secs] 596218K->77039K(2029056K), 0.0234977 secs] [Times: user=0.13 sys=0.00, real=0.02 secs] 
2020-09-29T18:25:55.691+0200: 38.423: [GC (Allocation Failure) 2020-09-29T18:25:55.691+0200: 38.423: [ParNew: 613440K->53730K(613440K), 0.0226282 secs] 622383K->62674K(2029056K), 0.0226917 secs] [Times: user=0.25 sys=0.00, real=0.02 secs] 
2020-09-29T18:25:55.762+0200: 38.494: [GC (Allocation Failure) 2020-09-29T18:25:55.762+0200: 38.494: [ParNew: 599074K->57415K(613440K), 0.0223487 secs] 608018K->66359K(2029056K), 0.0224306 secs] [Times: user=0.13 sys=0.00, real=0.02 secs] 
2020-09-29T18:25:55.831+0200: 38.564: [GC (Allocation Failure) 2020-09-29T18:25:55.831+0200: 38.564: [ParNew: 602759K->51245K(613440K), 0.0215545 secs] 611703K->60189K(2029056K), 0.0216257 secs] [Times: user=0.25 sys=0.00, real=0.02 secs] 
2020-09-29T18:25:55.900+0200: 38.632: [GC (Allocation Failure) 2020-09-29T18:25:55.900+0200: 38.632: [ParNew: 596589K->44754K(613440K), 0.0145413 secs] 605533K->53698K(2029056K), 0.0145996 secs] [Times: user=0.13 sys=0.00, real=0.01 secs] 
2020-09-29T18:25:55.961+0200: 38.694: [GC (Allocation Failure) 2020-09-29T18:25:55.961+0200: 38.694: [ParNew: 590098K->28334K(613440K), 0.0142316 secs] 599042K->37278K(2029056K), 0.0142886 secs] [Times: user=0.13 sys=0.00, real=0.01 secs] 
2020-09-29T18:25:56.023+0200: 38.755: [GC (Allocation Failure) 2020-09-29T18:25:56.023+0200: 38.755: [ParNew: 573678K->48563K(613440K), 0.0189893 secs] 582622K->57506K(2029056K), 0.0190596 secs] [Times: user=0.13 sys=0.00, real=0.02 secs] 
2020-09-29T18:25:56.090+0200: 38.822: [GC (Allocation Failure) 2020-09-29T18:25:56.090+0200: 38.822: [ParNew: 593907K->41238K(613440K), 0.0181781 secs] 602850K->50182K(2029056K), 0.0182388 secs] [Times: user=0.13 sys=0.00, real=0.02 secs] 
2020-09-29T18:25:56.157+0200: 38.890: [GC (Allocation Failure) 2020-09-29T18:25:56.157+0200: 38.890: [ParNew: 586582K->39356K(613440K), 0.0186394 secs] 595526K->48300K(2029056K), 0.0186950 secs] [Times: user=0.24 sys=0.00, real=0.02 secs] 
2020-09-29T18:25:56.225+0200: 38.957: [GC (Allocation Failure) 2020-09-29T18:25:56.225+0200: 38.957: [ParNew: 584700K->37374K(613440K), 0.0174082 secs] 593644K->46318K(2029056K), 0.0174700 secs] [Times: user=0.13 sys=0.00, real=0.02 secs] 
2020-09-29T18:25:56.297+0200: 39.029: [GC (Allocation Failure) 2020-09-29T18:25:56.297+0200: 39.029: [ParNew: 582718K->32638K(613440K), 0.0096871 secs] 591662K->41582K(2029056K), 0.0097438 secs] [Times: user=0.13 sys=0.00, real=0.01 secs] 
2020-09-29T18:25:56.359+0200: 39.091: [GC (Allocation Failure) 2020-09-29T18:25:56.359+0200: 39.091: [ParNew: 577982K->44395K(613440K), 0.0204190 secs] 586926K->53339K(2029056K), 0.0204947 secs] [Times: user=0.25 sys=0.00, real=0.02 secs] 
2020-09-29T18:25:56.429+0200: 39.162: [GC (Allocation Failure) 2020-09-29T18:25:56.429+0200: 39.162: [ParNew: 589739K->36735K(613440K), 0.0132239 secs] 598683K->45679K(2029056K), 0.0132784 secs] [Times: user=0.13 sys=0.00, real=0.01 secs] 
2020-09-29T18:25:56.493+0200: 39.226: [GC (Allocation Failure) 2020-09-29T18:25:56.493+0200: 39.226: [ParNew: 582079K->53082K(613440K), 0.0183401 secs] 591023K->62025K(2029056K), 0.0183956 secs] [Times: user=0.13 sys=0.00, real=0.02 secs] 
2020-09-29T18:25:56.560+0200: 39.293: [GC (Allocation Failure) 2020-09-29T18:25:56.560+0200: 39.293: [ParNew: 598426K->39197K(613440K), 0.0174110 secs] 607369K->48141K(2029056K), 0.0174823 secs] [Times: user=0.13 sys=0.00, real=0.02 secs] 
2020-09-29T18:25:56.632+0200: 39.364: [GC (Allocation Failure) 2020-09-29T18:25:56.632+0200: 39.364: [ParNew: 584541K->63931K(613440K), 0.0222458 secs] 593485K->72875K(2029056K), 0.0223102 secs] [Times: user=0.13 sys=0.00, real=0.02 secs] 
2020-09-29T18:25:56.703+0200: 39.435: [GC (Allocation Failure) 2020-09-29T18:25:56.703+0200: 39.435: [ParNew: 609275K->47709K(613440K), 0.0164803 secs] 618219K->56653K(2029056K), 0.0165466 secs] [Times: user=0.13 sys=0.00, real=0.02 secs] 
2020-09-29T18:25:56.768+0200: 39.500: [GC (Allocation Failure) 2020-09-29T18:25:56.768+0200: 39.500: [ParNew: 593053K->40877K(613440K), 0.0154438 secs] 601997K->49821K(2029056K), 0.0154985 secs] [Times: user=0.13 sys=0.00, real=0.02 secs] 
2020-09-29T18:25:56.834+0200: 39.567: [GC (Allocation Failure) 2020-09-29T18:25:56.834+0200: 39.567: [ParNew: 586221K->28726K(613440K), 0.0086679 secs] 595165K->37670K(2029056K), 0.0087245 secs] [Times: user=0.00 sys=0.00, real=0.01 secs] 
2020-09-29T18:25:56.890+0200: 39.622: [GC (Allocation Failure) 2020-09-29T18:25:56.890+0200: 39.622: [ParNew: 574070K->28508K(613440K), 0.0145982 secs] 583014K->37452K(2029056K), 0.0146553 secs] [Times: user=0.13 sys=0.00, real=0.01 secs] 
2020-09-29T18:25:56.951+0200: 39.683: [GC (Allocation Failure) 2020-09-29T18:25:56.951+0200: 39.683: [ParNew: 573852K->35941K(613440K), 0.0141599 secs] 582796K->44885K(2029056K), 0.0142244 secs] [Times: user=0.13 sys=0.00, real=0.01 secs] 
2020-09-29T18:25:57.011+0200: 39.744: [GC (Allocation Failure) 2020-09-29T18:25:57.011+0200: 39.744: [ParNew: 581285K->24144K(613440K), 0.0107758 secs] 590229K->33087K(2029056K), 0.0108331 secs] [Times: user=0.13 sys=0.00, real=0.01 secs] 
2020-09-29T18:25:57.069+0200: 39.801: [GC (Allocation Failure) 2020-09-29T18:25:57.069+0200: 39.802: [ParNew: 569488K->51815K(613440K), 0.0210619 secs] 578431K->60759K(2029056K), 0.0211307 secs] [Times: user=0.13 sys=0.00, real=0.02 secs] 
2020-09-29T18:25:57.137+0200: 39.870: [GC (Allocation Failure) 2020-09-29T18:25:57.137+0200: 39.870: [ParNew: 597159K->64236K(613440K), 0.0205760 secs] 606103K->73180K(2029056K), 0.0206524 secs] [Times: user=0.13 sys=0.00, real=0.02 secs] 
2020-09-29T18:25:57.207+0200: 39.939: [GC (Allocation Failure) 2020-09-29T18:25:57.207+0200: 39.939: [ParNew: 609580K->40878K(613440K), 0.0142105 secs] 618524K->49822K(2029056K), 0.0142692 secs] [Times: user=0.00 sys=0.00, real=0.01 secs] 
2020-09-29T18:25:57.270+0200: 40.003: [GC (Allocation Failure) 2020-09-29T18:25:57.270+0200: 40.003: [ParNew: 586222K->42471K(613440K), 0.0189332 secs] 595166K->51415K(2029056K), 0.0190076 secs] [Times: user=0.09 sys=0.00, real=0.02 secs] 
2020-09-29T18:25:57.337+0200: 40.070: [GC (Allocation Failure) 2020-09-29T18:25:57.337+0200: 40.070: [ParNew: 587815K->39105K(613440K), 0.0174103 secs] 596759K->48049K(2029056K), 0.0245330 secs] [Times: user=0.13 sys=0.00, real=0.03 secs] 
2020-09-29T18:25:57.424+0200: 40.157: [GC (Allocation Failure) 2020-09-29T18:25:57.424+0200: 40.157: [ParNew: 584449K->39055K(613440K), 0.0164277 secs] 593393K->47999K(2029056K), 0.0164885 secs] [Times: user=0.13 sys=0.00, real=0.02 secs] 
2020-09-29T18:25:57.489+0200: 40.221: [GC (Allocation Failure) 2020-09-29T18:25:57.489+0200: 40.221: [ParNew: 584399K->37725K(613440K), 0.0220345 secs] 593343K->46669K(2029056K), 0.0221137 secs] [Times: user=0.13 sys=0.00, real=0.02 secs] 
2020-09-29T18:25:57.569+0200: 40.301: [GC (Allocation Failure) 2020-09-29T18:25:57.569+0200: 40.301: [ParNew: 583069K->36077K(613440K), 0.0213336 secs] 592013K->45021K(2029056K), 0.0214104 secs] [Times: user=0.13 sys=0.00, real=0.02 secs] 
2020-09-29T18:25:57.649+0200: 40.381: [GC (Allocation Failure) 2020-09-29T18:25:57.649+0200: 40.381: [ParNew: 581421K->34369K(613440K), 0.0195087 secs] 590365K->43313K(2029056K), 0.0195810 secs] [Times: user=0.13 sys=0.00, real=0.02 secs] 
2020-09-29T18:25:57.721+0200: 40.453: [GC (Allocation Failure) 2020-09-29T18:25:57.721+0200: 40.453: [ParNew: 579713K->55444K(613440K), 0.0275317 secs] 588657K->64388K(2029056K), 0.0276049 secs] [Times: user=0.25 sys=0.00, real=0.03 secs] 
2020-09-29T18:25:57.803+0200: 40.536: [GC (Allocation Failure) 2020-09-29T18:25:57.803+0200: 40.536: [ParNew: 600788K->44037K(613440K), 0.0262894 secs] 609732K->52981K(2029056K), 0.0263692 secs] [Times: user=0.13 sys=0.00, real=0.03 secs] 
2020-09-29T18:25:57.882+0200: 40.614: [GC (Allocation Failure) 2020-09-29T18:25:57.882+0200: 40.614: [ParNew: 589381K->46001K(613440K), 0.0272886 secs] 598325K->54945K(2029056K), 0.0273716 secs] [Times: user=0.13 sys=0.00, real=0.03 secs] 
2020-09-29T18:25:57.959+0200: 40.692: [GC (Allocation Failure) 2020-09-29T18:25:57.959+0200: 40.692: [ParNew: 591345K->42154K(613440K), 0.0244657 secs] 600289K->51098K(2029056K), 0.0245445 secs] [Times: user=0.13 sys=0.00, real=0.02 secs] 
2020-09-29T18:25:58.040+0200: 40.773: [GC (Allocation Failure) 2020-09-29T18:25:58.040+0200: 40.773: [ParNew: 587498K->39733K(613440K), 0.0232125 secs] 596442K->48677K(2029056K), 0.0232841 secs] [Times: user=0.13 sys=0.00, real=0.02 secs] 
2020-09-29T18:25:58.120+0200: 40.853: [GC (Allocation Failure) 2020-09-29T18:25:58.120+0200: 40.853: [ParNew: 585077K->64669K(613440K), 0.0315924 secs] 594021K->73613K(2029056K), 0.0316626 secs] [Times: user=0.25 sys=0.00, real=0.03 secs] 
2020-09-29T18:25:58.199+0200: 40.932: [GC (Allocation Failure) 2020-09-29T18:25:58.199+0200: 40.932: [ParNew: 610013K->53289K(613440K), 0.0301002 secs] 618957K->62233K(2029056K), 0.0301690 secs] [Times: user=0.25 sys=0.00, real=0.03 secs] 
2020-09-29T18:25:58.279+0200: 41.012: [GC (Allocation Failure) 2020-09-29T18:25:58.279+0200: 41.012: [ParNew: 598633K->52091K(613440K), 0.0293053 secs] 607577K->61035K(2029056K), 0.0293771 secs] [Times: user=0.25 sys=0.00, real=0.03 secs] 
2020-09-29T18:25:58.360+0200: 41.093: [GC (Allocation Failure) 2020-09-29T18:25:58.361+0200: 41.093: [ParNew: 597435K->49541K(613440K), 0.0279427 secs] 606379K->58485K(2029056K), 0.0280363 secs] [Times: user=0.25 sys=0.00, real=0.03 secs] 
2020-09-29T18:25:58.439+0200: 41.171: [GC (Allocation Failure) 2020-09-29T18:25:58.439+0200: 41.171: [ParNew: 594885K->68096K(613440K), 0.0354849 secs] 603829K->78384K(2029056K), 0.0355598 secs] [Times: user=0.38 sys=0.00, real=0.04 secs] 
2020-09-29T18:25:58.521+0200: 41.254: [GC (Allocation Failure) 2020-09-29T18:25:58.521+0200: 41.254: [ParNew: 613440K->59848K(613440K), 0.0253709 secs] 623728K->70136K(2029056K), 0.0254500 secs] [Times: user=0.13 sys=0.00, real=0.03 secs] 
2020-09-29T18:25:58.601+0200: 41.334: [GC (Allocation Failure) 2020-09-29T18:25:58.601+0200: 41.334: [ParNew: 605192K->39943K(613440K), 0.0175576 secs] 615480K->50232K(2029056K), 0.0176297 secs] [Times: user=0.13 sys=0.00, real=0.02 secs] 
2020-09-29T18:25:58.667+0200: 41.399: [GC (Allocation Failure) 2020-09-29T18:25:58.667+0200: 41.399: [ParNew: 585287K->59166K(613440K), 0.0315871 secs] 595576K->69454K(2029056K), 0.0391275 secs] [Times: user=0.25 sys=0.00, real=0.04 secs] 
2020-09-29T18:25:58.756+0200: 41.487: [GC (Allocation Failure) 2020-09-29T18:25:58.756+0200: 41.487: [ParNew: 604510K->47601K(613440K), 0.0238630 secs] 614798K->57889K(2029056K), 0.0239699 secs] [Times: user=0.13 sys=0.00, real=0.02 secs] 
2020-09-29T18:25:58.841+0200: 41.572: [GC (Allocation Failure) 2020-09-29T18:25:58.841+0200: 41.572: [ParNew: 592945K->41727K(613440K), 0.0225548 secs] 603233K->52015K(2029056K), 0.0226250 secs] [Times: user=0.13 sys=0.00, real=0.02 secs] 
2020-09-29T18:25:58.922+0200: 41.654: [GC (Allocation Failure) 2020-09-29T18:25:58.922+0200: 41.654: [ParNew: 587071K->34654K(613440K), 0.0232707 secs] 597359K->44942K(2029056K), 0.0233398 secs] [Times: user=0.22 sys=0.00, real=0.02 secs] 
2020-09-29T18:25:58.997+0200: 41.729: [GC (Allocation Failure) 2020-09-29T18:25:58.997+0200: 41.729: [ParNew: 579998K->57434K(613440K), 0.0263274 secs] 590286K->67722K(2029056K), 0.0264077 secs] [Times: user=0.25 sys=0.00, real=0.03 secs] 
2020-09-29T18:25:59.074+0200: 41.806: [GC (Allocation Failure) 2020-09-29T18:25:59.074+0200: 41.806: [ParNew: 602778K->40844K(613440K), 0.0189309 secs] 613066K->51132K(2029056K), 0.0190119 secs] [Times: user=0.13 sys=0.00, real=0.02 secs] 
2020-09-29T18:25:59.160+0200: 41.891: [GC (Allocation Failure) 2020-09-29T18:25:59.160+0200: 41.891: [ParNew: 586188K->55080K(613440K), 0.0337701 secs] 596476K->65368K(2029056K), 0.0338558 secs] [Times: user=0.36 sys=0.00, real=0.03 secs] 
2020-09-29T18:25:59.244+0200: 41.976: [GC (Allocation Failure) 2020-09-29T18:25:59.244+0200: 41.976: [ParNew: 600424K->50057K(613440K), 0.0235936 secs] 610712K->60345K(2029056K), 0.0236731 secs] [Times: user=0.13 sys=0.00, real=0.02 secs] 
2020-09-29T18:25:59.329+0200: 42.061: [GC (Allocation Failure) 2020-09-29T18:25:59.329+0200: 42.061: [ParNew: 595401K->41709K(613440K), 0.0239069 secs] 605689K->51997K(2029056K), 0.0239811 secs] [Times: user=0.24 sys=0.00, real=0.02 secs] 
2020-09-29T18:25:59.421+0200: 42.153: [GC (Allocation Failure) 2020-09-29T18:25:59.421+0200: 42.153: [ParNew: 587053K->39575K(613440K), 0.0236045 secs] 597341K->49863K(2029056K), 0.0236960 secs] [Times: user=0.25 sys=0.00, real=0.02 secs] 
2020-09-29T18:25:59.503+0200: 42.235: [GC (Allocation Failure) 2020-09-29T18:25:59.503+0200: 42.235: [ParNew: 584919K->36803K(613440K), 0.0228331 secs] 595207K->47091K(2029056K), 0.0229190 secs] [Times: user=0.24 sys=0.00, real=0.02 secs] 
2020-09-29T18:25:59.580+0200: 42.311: [GC (Allocation Failure) 2020-09-29T18:25:59.580+0200: 42.311: [ParNew: 582147K->35591K(613440K), 0.0192228 secs] 592435K->45879K(2029056K), 0.0193350 secs] [Times: user=0.25 sys=0.00, real=0.02 secs] 
2020-09-29T18:25:59.656+0200: 42.388: [GC (Allocation Failure) 2020-09-29T18:25:59.656+0200: 42.388: [ParNew: 580935K->54845K(613440K), 0.0328546 secs] 591223K->65133K(2029056K), 0.0329295 secs] [Times: user=0.25 sys=0.00, real=0.03 secs] 
2020-09-29T18:25:59.740+0200: 42.472: [GC (Allocation Failure) 2020-09-29T18:25:59.740+0200: 42.472: [ParNew: 600189K->39659K(613440K), 0.0172145 secs] 610477K->49947K(2029056K), 0.0172823 secs] [Times: user=0.13 sys=0.00, real=0.02 secs] 
2020-09-29T18:25:59.813+0200: 42.545: [GC (Allocation Failure) 2020-09-29T18:25:59.813+0200: 42.545: [ParNew: 585003K->42283K(613440K), 0.0223163 secs] 595291K->52571K(2029056K), 0.0223840 secs] [Times: user=0.25 sys=0.00, real=0.02 secs] 
2020-09-29T18:25:59.887+0200: 42.618: [GC (Allocation Failure) 2020-09-29T18:25:59.887+0200: 42.618: [ParNew: 587627K->32593K(613440K), 0.0216058 secs] 597915K->42881K(2029056K), 0.0216953 secs] [Times: user=0.13 sys=0.00, real=0.02 secs] 
2020-09-29T18:25:59.959+0200: 42.690: [GC (Allocation Failure) 2020-09-29T18:25:59.959+0200: 42.690: [ParNew: 577937K->54057K(613440K), 0.0273530 secs] 588225K->64345K(2029056K), 0.0274523 secs] [Times: user=0.13 sys=0.00, real=0.03 secs] 
2020-09-29T18:26:00.034+0200: 42.766: [GC (Allocation Failure) 2020-09-29T18:26:00.034+0200: 42.766: [ParNew: 599401K->43889K(613440K), 0.0252188 secs] 609689K->54177K(2029056K), 0.0252883 secs] [Times: user=0.25 sys=0.00, real=0.03 secs] 
2020-09-29T18:26:00.113+0200: 42.845: [GC (Allocation Failure) 2020-09-29T18:26:00.113+0200: 42.845: [ParNew: 589233K->44496K(613440K), 0.0229871 secs] 599521K->54784K(2029056K), 0.0230625 secs] [Times: user=0.22 sys=0.01, real=0.02 secs] 
2020-09-29T18:26:00.188+0200: 42.919: [GC (Allocation Failure) 2020-09-29T18:26:00.188+0200: 42.919: [ParNew: 589840K->42962K(613440K), 0.0209617 secs] 600128K->53250K(2029056K), 0.0210301 secs] [Times: user=0.25 sys=0.00, real=0.02 secs] 
2020-09-29T18:26:00.268+0200: 43.000: [GC (Allocation Failure) 2020-09-29T18:26:00.268+0200: 43.000: [ParNew: 588306K->58569K(613440K), 0.0282542 secs] 598594K->68857K(2029056K), 0.0283544 secs] [Times: user=0.23 sys=0.00, real=0.03 secs] 
2020-09-29T18:26:00.354+0200: 43.086: [GC (Allocation Failure) 2020-09-29T18:26:00.354+0200: 43.086: [ParNew: 603913K->66451K(613440K), 0.0303965 secs] 614201K->76740K(2029056K), 0.0304871 secs] [Times: user=0.22 sys=0.00, real=0.03 secs] 
2020-09-29T18:26:00.439+0200: 43.171: [GC (Allocation Failure) 2020-09-29T18:26:00.439+0200: 43.171: [ParNew: 611795K->55535K(613440K), 0.0276660 secs] 622084K->65823K(2029056K), 0.0277657 secs] [Times: user=0.22 sys=0.00, real=0.03 secs] 
2020-09-29T18:26:00.518+0200: 43.250: [GC (Allocation Failure) 2020-09-29T18:26:00.518+0200: 43.250: [ParNew: 600879K->42925K(613440K), 0.0266936 secs] 611167K->53213K(2029056K), 0.0267995 secs] [Times: user=0.25 sys=0.00, real=0.03 secs] 
2020-09-29T18:26:00.599+0200: 43.331: [GC (Allocation Failure) 2020-09-29T18:26:00.599+0200: 43.331: [ParNew: 588269K->57986K(613440K), 0.0268481 secs] 598557K->68274K(2029056K), 0.0269251 secs] [Times: user=0.11 sys=0.00, real=0.03 secs] 
2020-09-29T18:26:00.678+0200: 43.410: [GC (Allocation Failure) 2020-09-29T18:26:00.678+0200: 43.410: [ParNew: 603330K->45552K(613440K), 0.0232271 secs] 613618K->55840K(2029056K), 0.0232937 secs] [Times: user=0.13 sys=0.00, real=0.02 secs] 
2020-09-29T18:26:00.750+0200: 43.482: [GC (Allocation Failure) 2020-09-29T18:26:00.750+0200: 43.482: [ParNew: 590896K->62214K(613440K), 0.0290965 secs] 601184K->72502K(2029056K), 0.0291806 secs] [Times: user=0.25 sys=0.00, real=0.03 secs] 
2020-09-29T18:26:00.833+0200: 43.565: [GC (Allocation Failure) 2020-09-29T18:26:00.833+0200: 43.565: [ParNew: 607558K->44112K(613440K), 0.0219964 secs] 617846K->54400K(2029056K), 0.0220757 secs] [Times: user=0.13 sys=0.00, real=0.02 secs] 
2020-09-29T18:26:00.912+0200: 43.644: [GC (Allocation Failure) 2020-09-29T18:26:00.912+0200: 43.644: [ParNew: 589456K->38638K(613440K), 0.0193721 secs] 599744K->48926K(2029056K), 0.0194730 secs] [Times: user=0.13 sys=0.00, real=0.02 secs] 
2020-09-29T18:26:00.982+0200: 43.714: [GC (Allocation Failure) 2020-09-29T18:26:00.982+0200: 43.714: [ParNew: 583982K->34663K(613440K), 0.0166432 secs] 594270K->44952K(2029056K), 0.0167139 secs] [Times: user=0.13 sys=0.00, real=0.02 secs] 
2020-09-29T18:26:01.052+0200: 43.784: [GC (Allocation Failure) 2020-09-29T18:26:01.052+0200: 43.784: [ParNew: 580007K->47196K(613440K), 0.0233686 secs] 590296K->57484K(2029056K), 0.0234382 secs] [Times: user=0.13 sys=0.00, real=0.02 secs] 
2020-09-29T18:26:01.127+0200: 43.859: [GC (Allocation Failure) 2020-09-29T18:26:01.127+0200: 43.859: [ParNew: 592540K->65531K(613440K), 0.0302788 secs] 602828K->75819K(2029056K), 0.0303540 secs] [Times: user=0.23 sys=0.00, real=0.03 secs] 
2020-09-29T18:26:01.212+0200: 43.944: [GC (Allocation Failure) 2020-09-29T18:26:01.212+0200: 43.944: [ParNew: 610875K->44896K(613440K), 0.0220022 secs] 621163K->55184K(2029056K), 0.0220773 secs] [Times: user=0.13 sys=0.00, real=0.02 secs] 
2020-09-29T18:26:01.285+0200: 44.017: [GC (Allocation Failure) 2020-09-29T18:26:01.285+0200: 44.017: [ParNew: 590240K->35899K(613440K), 0.0198328 secs] 600528K->46187K(2029056K), 0.0199039 secs] [Times: user=0.25 sys=0.00, real=0.02 secs] 
2020-09-29T18:26:01.361+0200: 44.093: [GC (Allocation Failure) 2020-09-29T18:26:01.361+0200: 44.093: [ParNew: 581243K->51420K(613440K), 0.0266065 secs] 591531K->61708K(2029056K), 0.0266831 secs] [Times: user=0.25 sys=0.00, real=0.03 secs] 
2020-09-29T18:26:01.444+0200: 44.176: [GC (Allocation Failure) 2020-09-29T18:26:01.444+0200: 44.176: [ParNew: 596764K->42576K(613440K), 0.0262452 secs] 607052K->52864K(2029056K), 0.0263128 secs] [Times: user=0.13 sys=0.00, real=0.03 secs] 
2020-09-29T18:26:01.519+0200: 44.251: [GC (Allocation Failure) 2020-09-29T18:26:01.519+0200: 44.251: [ParNew: 587920K->39962K(613440K), 0.0250979 secs] 598208K->50250K(2029056K), 0.0251680 secs] [Times: user=0.25 sys=0.00, real=0.02 secs] 
2020-09-29T18:26:01.597+0200: 44.329: [GC (Allocation Failure) 2020-09-29T18:26:01.597+0200: 44.329: [ParNew: 585306K->43876K(613440K), 0.0233605 secs] 595594K->54164K(2029056K), 0.0234298 secs] [Times: user=0.25 sys=0.00, real=0.02 secs] 
2020-09-29T18:26:01.674+0200: 44.406: [GC (Allocation Failure) 2020-09-29T18:26:01.674+0200: 44.406: [ParNew: 589220K->66383K(613440K), 0.0303629 secs] 599508K->76671K(2029056K), 0.0304294 secs] [Times: user=0.25 sys=0.00, real=0.03 secs] 
2020-09-29T18:26:01.756+0200: 44.488: [GC (Allocation Failure) 2020-09-29T18:26:01.756+0200: 44.488: [ParNew: 611727K->68096K(613440K), 0.0301225 secs] 622015K->78384K(2029056K), 0.0302069 secs] [Times: user=0.25 sys=0.00, real=0.03 secs] 
2020-09-29T18:26:01.835+0200: 44.567: [GC (Allocation Failure) 2020-09-29T18:26:01.835+0200: 44.567: [ParNew: 613440K->50887K(613440K), 0.0277862 secs] 623728K->61175K(2029056K), 0.0278540 secs] [Times: user=0.13 sys=0.00, real=0.03 secs] 
2020-09-29T18:26:01.912+0200: 44.644: [GC (Allocation Failure) 2020-09-29T18:26:01.912+0200: 44.645: [ParNew: 596231K->50963K(613440K), 0.0267035 secs] 606519K->61251K(2029056K), 0.0267718 secs] [Times: user=0.13 sys=0.00, real=0.03 secs] 
2020-09-29T18:26:01.990+0200: 44.722: [GC (Allocation Failure) 2020-09-29T18:26:01.990+0200: 44.722: [ParNew: 596307K->43631K(613440K), 0.0189387 secs] 606595K->53919K(2029056K), 0.0190083 secs] [Times: user=0.13 sys=0.00, real=0.02 secs] 
2020-09-29T18:26:02.059+0200: 44.791: [GC (Allocation Failure) 2020-09-29T18:26:02.059+0200: 44.791: [ParNew: 588975K->41588K(613440K), 0.0256786 secs] 599263K->51876K(2029056K), 0.0257472 secs] [Times: user=0.25 sys=0.00, real=0.03 secs] 
2020-09-29T18:26:02.136+0200: 44.868: [GC (Allocation Failure) 2020-09-29T18:26:02.136+0200: 44.868: [ParNew: 586932K->33873K(613440K), 0.0185243 secs] 597220K->44161K(2029056K), 0.0185918 secs] [Times: user=0.13 sys=0.00, real=0.02 secs] 
2020-09-29T18:26:02.213+0200: 44.945: [GC (Allocation Failure) 2020-09-29T18:26:02.213+0200: 44.945: [ParNew: 579217K->50906K(613440K), 0.0310928 secs] 589505K->61194K(2029056K), 0.0311637 secs] [Times: user=0.25 sys=0.00, real=0.03 secs] 
2020-09-29T18:26:02.306+0200: 45.038: [GC (Allocation Failure) 2020-09-29T18:26:02.306+0200: 45.038: [ParNew: 596250K->43855K(613440K), 0.0223056 secs] 606538K->54144K(2029056K), 0.0223730 secs] [Times: user=0.13 sys=0.00, real=0.02 secs] 
2020-09-29T18:26:02.384+0200: 45.116: [GC (Allocation Failure) 2020-09-29T18:26:02.384+0200: 45.116: [ParNew: 589199K->39374K(613440K), 0.0214893 secs] 599488K->49662K(2029056K), 0.0215830 secs] [Times: user=0.13 sys=0.00, real=0.02 secs] 
2020-09-29T18:26:02.458+0200: 45.190: [GC (Allocation Failure) 2020-09-29T18:26:02.458+0200: 45.190: [ParNew: 584718K->34260K(613440K), 0.0220923 secs] 595006K->44548K(2029056K), 0.0221673 secs] [Times: user=0.13 sys=0.00, real=0.02 secs] 
2020-09-29T18:26:02.535+0200: 45.267: [GC (Allocation Failure) 2020-09-29T18:26:02.535+0200: 45.267: [ParNew: 579604K->55751K(613440K), 0.0317159 secs] 589892K->66039K(2029056K), 0.0317992 secs] [Times: user=0.25 sys=0.00, real=0.03 secs] 
2020-09-29T18:26:02.621+0200: 45.353: [GC (Allocation Failure) 2020-09-29T18:26:02.621+0200: 45.353: [ParNew: 601095K->43632K(613440K), 0.0296899 secs] 611383K->53920K(2029056K), 0.0297682 secs] [Times: user=0.23 sys=0.00, real=0.03 secs] 
2020-09-29T18:26:02.704+0200: 45.436: [GC (Allocation Failure) 2020-09-29T18:26:02.704+0200: 45.436: [ParNew: 588976K->41085K(613440K), 0.0290019 secs] 599264K->51373K(2029056K), 0.0290851 secs] [Times: user=0.25 sys=0.00, real=0.03 secs] 
2020-09-29T18:26:02.794+0200: 45.526: [GC (Allocation Failure) 2020-09-29T18:26:02.794+0200: 45.526: [ParNew: 586429K->37232K(613440K), 0.0193496 secs] 596717K->47520K(2029056K), 0.0194238 secs] [Times: user=0.13 sys=0.00, real=0.02 secs] 
2020-09-29T18:26:02.884+0200: 45.616: [GC (Allocation Failure) 2020-09-29T18:26:02.884+0200: 45.616: [ParNew: 582576K->32762K(613440K), 0.0260527 secs] 592864K->43050K(2029056K), 0.0261291 secs] [Times: user=0.13 sys=0.00, real=0.03 secs] 
2020-09-29T18:26:02.958+0200: 45.690: [GC (Allocation Failure) 2020-09-29T18:26:02.958+0200: 45.690: [ParNew: 578106K->30142K(613440K), 0.0230058 secs] 588394K->40430K(2029056K), 0.0230954 secs] [Times: user=0.13 sys=0.00, real=0.02 secs] 
2020-09-29T18:26:03.028+0200: 45.761: [GC (Allocation Failure) 2020-09-29T18:26:03.028+0200: 45.761: [ParNew: 575486K->55844K(613440K), 0.0304363 secs] 585774K->66132K(2029056K), 0.0305119 secs] [Times: user=0.25 sys=0.00, real=0.03 secs] 
2020-09-29T18:26:03.110+0200: 45.842: [GC (Allocation Failure) 2020-09-29T18:26:03.110+0200: 45.842: [ParNew: 601188K->44263K(613440K), 0.0288910 secs] 611476K->54551K(2029056K), 0.0289770 secs] [Times: user=0.25 sys=0.00, real=0.03 secs] 
2020-09-29T18:26:03.192+0200: 45.924: [GC (Allocation Failure) 2020-09-29T18:26:03.192+0200: 45.924: [ParNew: 589607K->42891K(613440K), 0.0271446 secs] 599895K->53179K(2029056K), 0.0272167 secs] [Times: user=0.13 sys=0.00, real=0.03 secs] 
2020-09-29T18:26:03.274+0200: 46.006: [GC (Allocation Failure) 2020-09-29T18:26:03.274+0200: 46.006: [ParNew: 588235K->41584K(613440K), 0.0279124 secs] 598523K->51872K(2029056K), 0.0279994 secs] [Times: user=0.13 sys=0.02, real=0.03 secs] 
2020-09-29T18:26:03.352+0200: 46.084: [GC (Allocation Failure) 2020-09-29T18:26:03.352+0200: 46.084: [ParNew: 586928K->36771K(613440K), 0.0264813 secs] 597216K->47059K(2029056K), 0.0265617 secs] [Times: user=0.13 sys=0.00, real=0.03 secs] 
2020-09-29T18:26:03.439+0200: 46.171: [GC (Allocation Failure) 2020-09-29T18:26:03.439+0200: 46.171: [ParNew: 582115K->36170K(613440K), 0.0246611 secs] 592403K->46458K(2029056K), 0.0247557 secs] [Times: user=0.23 sys=0.00, real=0.03 secs] 
2020-09-29T18:26:03.528+0200: 46.260: [GC (Allocation Failure) 2020-09-29T18:26:03.528+0200: 46.260: [ParNew: 581514K->31065K(613440K), 0.0216325 secs] 591802K->41353K(2029056K), 0.0217067 secs] [Times: user=0.13 sys=0.00, real=0.02 secs] 
2020-09-29T18:26:03.611+0200: 46.343: [GC (Allocation Failure) 2020-09-29T18:26:03.611+0200: 46.344: [ParNew: 576409K->28408K(613440K), 0.0189402 secs] 586697K->38696K(2029056K), 0.0190127 secs] [Times: user=0.22 sys=0.00, real=0.02 secs] 
2020-09-29T18:26:03.693+0200: 46.425: [GC (Allocation Failure) 2020-09-29T18:26:03.693+0200: 46.425: [ParNew: 573752K->45711K(613440K), 0.0261293 secs] 584040K->55999K(2029056K), 0.0261998 secs] [Times: user=0.13 sys=0.00, real=0.03 secs] 
2020-09-29T18:26:03.772+0200: 46.504: [GC (Allocation Failure) 2020-09-29T18:26:03.772+0200: 46.504: [ParNew: 591055K->35469K(613440K), 0.0252613 secs] 601343K->45757K(2029056K), 0.0253333 secs] [Times: user=0.13 sys=0.00, real=0.02 secs] 
2020-09-29T18:26:03.852+0200: 46.584: [GC (Allocation Failure) 2020-09-29T18:26:03.852+0200: 46.585: [ParNew: 580813K->37489K(613440K), 0.0221834 secs] 591101K->47777K(2029056K), 0.0222574 secs] [Times: user=0.13 sys=0.00, real=0.02 secs] 
2020-09-29T18:26:03.930+0200: 46.662: [GC (Allocation Failure) 2020-09-29T18:26:03.930+0200: 46.662: [ParNew: 582833K->53650K(613440K), 0.0314763 secs] 593121K->63938K(2029056K), 0.0315606 secs] [Times: user=0.25 sys=0.00, real=0.03 secs] 
2020-09-29T18:26:04.013+0200: 46.745: [GC (Allocation Failure) 2020-09-29T18:26:04.013+0200: 46.745: [ParNew: 598994K->68096K(613440K), 0.0386280 secs] 609282K->78543K(2029056K), 0.0387005 secs] [Times: user=0.38 sys=0.00, real=0.04 secs] 
2020-09-29T18:26:04.100+0200: 46.832: [GC (Allocation Failure) 2020-09-29T18:26:04.100+0200: 46.832: [ParNew: 613440K->55123K(613440K), 0.0301945 secs] 623887K->65570K(2029056K), 0.0302700 secs] [Times: user=0.25 sys=0.00, real=0.03 secs] 
2020-09-29T18:26:04.178+0200: 46.910: [GC (Allocation Failure) 2020-09-29T18:26:04.178+0200: 46.910: [ParNew: 600467K->47073K(613440K), 0.0276879 secs] 610914K->57521K(2029056K), 0.0277805 secs] [Times: user=0.13 sys=0.00, real=0.03 secs] 
2020-09-29T18:26:04.264+0200: 46.996: [GC (Allocation Failure) 2020-09-29T18:26:04.264+0200: 46.996: [ParNew: 592417K->39674K(613440K), 0.0276657 secs] 602865K->50122K(2029056K), 0.0277618 secs] [Times: user=0.25 sys=0.00, real=0.03 secs] 
2020-09-29T18:26:04.354+0200: 47.086: [GC (Allocation Failure) 2020-09-29T18:26:04.354+0200: 47.086: [ParNew: 585018K->32332K(613440K), 0.0159544 secs] 595466K->42780K(2029056K), 0.0160292 secs] [Times: user=0.13 sys=0.00, real=0.02 secs] 
2020-09-29T18:26:04.426+0200: 47.158: [GC (Allocation Failure) 2020-09-29T18:26:04.426+0200: 47.158: [ParNew: 577676K->44275K(613440K), 0.0314496 secs] 588124K->54722K(2029056K), 0.0315258 secs] [Times: user=0.13 sys=0.00, real=0.03 secs] 
2020-09-29T18:26:04.515+0200: 47.248: [GC (Allocation Failure) 2020-09-29T18:26:04.515+0200: 47.248: [ParNew: 589619K->57741K(613440K), 0.0303989 secs] 600066K->68188K(2029056K), 0.0304794 secs] [Times: user=0.23 sys=0.00, real=0.03 secs] 
2020-09-29T18:26:04.605+0200: 47.337: [GC (Allocation Failure) 2020-09-29T18:26:04.605+0200: 47.337: [ParNew: 603085K->40421K(613440K), 0.0222100 secs] 613532K->50869K(2029056K), 0.0222851 secs] [Times: user=0.11 sys=0.00, real=0.02 secs] 
2020-09-29T18:26:04.686+0200: 47.418: [GC (Allocation Failure) 2020-09-29T18:26:04.686+0200: 47.418: [ParNew: 585765K->38949K(613440K), 0.0269588 secs] 596213K->49397K(2029056K), 0.0270334 secs] [Times: user=0.25 sys=0.00, real=0.03 secs] 
2020-09-29T18:26:04.770+0200: 47.502: [GC (Allocation Failure) 2020-09-29T18:26:04.770+0200: 47.502: [ParNew: 584293K->34388K(613440K), 0.0166298 secs] 594741K->44835K(2029056K), 0.0167116 secs] [Times: user=0.13 sys=0.00, real=0.02 secs] 
2020-09-29T18:26:04.850+0200: 47.583: [GC (Allocation Failure) 2020-09-29T18:26:04.850+0200: 47.583: [ParNew: 579732K->53452K(613440K), 0.0351060 secs] 590179K->63900K(2029056K), 0.0351871 secs] [Times: user=0.25 sys=0.00, real=0.04 secs] 
2020-09-29T18:26:04.938+0200: 47.670: [GC (Allocation Failure) 2020-09-29T18:26:04.938+0200: 47.670: [ParNew: 598796K->64730K(613440K), 0.0337690 secs] 609244K->75178K(2029056K), 0.0338462 secs] [Times: user=0.25 sys=0.00, real=0.03 secs] 
2020-09-29T18:26:05.024+0200: 47.756: [GC (Allocation Failure) 2020-09-29T18:26:05.024+0200: 47.756: [ParNew: 610074K->52494K(613440K), 0.0308359 secs] 620522K->62942K(2029056K), 0.0309147 secs] [Times: user=0.25 sys=0.00, real=0.03 secs] 
2020-09-29T18:26:05.104+0200: 47.837: [GC (Allocation Failure) 2020-09-29T18:26:05.104+0200: 47.837: [ParNew: 597838K->42756K(613440K), 0.0295166 secs] 608286K->53204K(2029056K), 0.0296103 secs] [Times: user=0.25 sys=0.00, real=0.03 secs] 
2020-09-29T18:26:05.193+0200: 47.925: [GC (Allocation Failure) 2020-09-29T18:26:05.193+0200: 47.925: [ParNew: 588100K->67568K(613440K), 0.0363875 secs] 598548K->78016K(2029056K), 0.0364926 secs] [Times: user=0.25 sys=0.00, real=0.04 secs] 
2020-09-29T18:26:05.279+0200: 48.011: [GC (Allocation Failure) 2020-09-29T18:26:05.279+0200: 48.011: [ParNew: 612912K->48209K(613440K), 0.0292534 secs] 623360K->58657K(2029056K), 0.0293298 secs] [Times: user=0.23 sys=0.00, real=0.03 secs] 
2020-09-29T18:26:05.365+0200: 48.097: [GC (Allocation Failure) 2020-09-29T18:26:05.365+0200: 48.098: [ParNew: 593553K->39480K(613440K), 0.0263736 secs] 604001K->49927K(2029056K), 0.0264678 secs] [Times: user=0.13 sys=0.00, real=0.03 secs] 
2020-09-29T18:26:05.444+0200: 48.176: [GC (Allocation Failure) 2020-09-29T18:26:05.444+0200: 48.176: [ParNew: 584824K->60354K(613440K), 0.0344218 secs] 595271K->70802K(2029056K), 0.0345188 secs] [Times: user=0.23 sys=0.00, real=0.03 secs] 
2020-09-29T18:26:05.529+0200: 48.261: [GC (Allocation Failure) 2020-09-29T18:26:05.530+0200: 48.262: [ParNew: 605698K->42852K(613440K), 0.0213990 secs] 616146K->53300K(2029056K), 0.0223403 secs] [Times: user=0.22 sys=0.00, real=0.02 secs] 
2020-09-29T18:26:05.603+0200: 48.336: [GC (Allocation Failure) 2020-09-29T18:26:05.603+0200: 48.336: [ParNew: 588196K->40666K(613440K), 0.0296409 secs] 598644K->51114K(2029056K), 0.0297270 secs] [Times: user=0.25 sys=0.00, real=0.03 secs] 
2020-09-29T18:26:05.685+0200: 48.417: [GC (Allocation Failure) 2020-09-29T18:26:05.685+0200: 48.417: [ParNew: 586010K->38576K(613440K), 0.0265873 secs] 596458K->49024K(2029056K), 0.0266748 secs] [Times: user=0.25 sys=0.00, real=0.03 secs] 
2020-09-29T18:26:05.769+0200: 48.502: [GC (Allocation Failure) 2020-09-29T18:26:05.769+0200: 48.502: [ParNew: 583920K->61567K(613440K), 0.0333552 secs] 594368K->72015K(2029056K), 0.0334365 secs] [Times: user=0.38 sys=0.00, real=0.03 secs] 
2020-09-29T18:26:05.854+0200: 48.587: [GC (Allocation Failure) 2020-09-29T18:26:05.854+0200: 48.587: [ParNew: 606911K->45020K(613440K), 0.0322722 secs] 617359K->55468K(2029056K), 0.0323564 secs] [Times: user=0.25 sys=0.00, real=0.03 secs] 
2020-09-29T18:26:05.938+0200: 48.671: [GC (Allocation Failure) 2020-09-29T18:26:05.938+0200: 48.671: [ParNew: 590364K->47137K(613440K), 0.0299169 secs] 600812K->57585K(2029056K), 0.0299909 secs] [Times: user=0.25 sys=0.00, real=0.03 secs] 
2020-09-29T18:26:06.020+0200: 48.752: [GC (Allocation Failure) 2020-09-29T18:26:06.020+0200: 48.752: [ParNew: 592481K->68096K(613440K), 0.0395419 secs] 602929K->79652K(2029056K), 0.0396142 secs] [Times: user=0.25 sys=0.00, real=0.04 secs] 
2020-09-29T18:26:06.108+0200: 48.840: [GC (Allocation Failure) 2020-09-29T18:26:06.108+0200: 48.840: [ParNew: 613440K->47172K(613440K), 0.0189936 secs] 624996K->58728K(2029056K), 0.0190945 secs] [Times: user=0.13 sys=0.00, real=0.02 secs] 
2020-09-29T18:26:06.191+0200: 48.923: [GC (Allocation Failure) 2020-09-29T18:26:06.191+0200: 48.923: [ParNew: 592516K->60002K(613440K), 0.0352422 secs] 604072K->71558K(2029056K), 0.0353160 secs] [Times: user=0.38 sys=0.00, real=0.04 secs] 
2020-09-29T18:26:06.276+0200: 49.008: [GC (Allocation Failure) 2020-09-29T18:26:06.276+0200: 49.008: [ParNew: 605346K->38118K(613440K), 0.0178909 secs] 616902K->49674K(2029056K), 0.0179723 secs] [Times: user=0.13 sys=0.00, real=0.02 secs] 
2020-09-29T18:26:06.356+0200: 49.088: [GC (Allocation Failure) 2020-09-29T18:26:06.356+0200: 49.088: [ParNew: 583462K->38401K(613440K), 0.0232677 secs] 595018K->49957K(2029056K), 0.0233419 secs] [Times: user=0.24 sys=0.00, real=0.02 secs] 
2020-09-29T18:26:06.442+0200: 49.175: [GC (Allocation Failure) 2020-09-29T18:26:06.442+0200: 49.175: [ParNew: 583745K->47751K(613440K), 0.0302884 secs] 595301K->59307K(2029056K), 0.0303706 secs] [Times: user=0.14 sys=0.00, real=0.03 secs] 
2020-09-29T18:26:06.526+0200: 49.258: [GC (Allocation Failure) 2020-09-29T18:26:06.526+0200: 49.258: [ParNew: 593095K->50627K(613440K), 0.0298649 secs] 604651K->62183K(2029056K), 0.0299414 secs] [Times: user=0.23 sys=0.00, real=0.03 secs] 
2020-09-29T18:26:06.607+0200: 49.339: [GC (Allocation Failure) 2020-09-29T18:26:06.607+0200: 49.339: [ParNew: 595971K->68096K(613440K), 0.0357264 secs] 607527K->79652K(2029056K), 0.0357990 secs] [Times: user=0.25 sys=0.00, real=0.04 secs] 
2020-09-29T18:26:06.699+0200: 49.431: [GC (Allocation Failure) 2020-09-29T18:26:06.699+0200: 49.431: [ParNew: 613440K->46554K(613440K), 0.0279762 secs] 624996K->58110K(2029056K), 0.0280518 secs] [Times: user=0.25 sys=0.00, real=0.03 secs] 
2020-09-29T18:26:06.776+0200: 49.509: [GC (Allocation Failure) 2020-09-29T18:26:06.776+0200: 49.509: [ParNew: 591898K->67635K(613440K), 0.0341594 secs] 603454K->79191K(2029056K), 0.0342406 secs] [Times: user=0.25 sys=0.00, real=0.04 secs] 
2020-09-29T18:26:06.861+0200: 49.594: [GC (Allocation Failure) 2020-09-29T18:26:06.861+0200: 49.594: [ParNew: 612979K->61298K(613440K), 0.0329838 secs] 624535K->72854K(2029056K), 0.0330810 secs] [Times: user=0.25 sys=0.00, real=0.03 secs] 
2020-09-29T18:26:06.944+0200: 49.676: [GC (Allocation Failure) 2020-09-29T18:26:06.944+0200: 49.676: [ParNew: 606642K->41543K(613440K), 0.0213600 secs] 618198K->53099K(2029056K), 0.0214379 secs] [Times: user=0.13 sys=0.00, real=0.02 secs] 
2020-09-29T18:26:07.025+0200: 49.758: [GC (Allocation Failure) 2020-09-29T18:26:07.025+0200: 49.758: [ParNew: 586887K->42516K(613440K), 0.0284932 secs] 598443K->54072K(2029056K), 0.0285692 secs] [Times: user=0.25 sys=0.00, real=0.03 secs] 
2020-09-29T18:26:07.113+0200: 49.846: [GC (Allocation Failure) 2020-09-29T18:26:07.113+0200: 49.846: [ParNew: 587860K->40754K(613440K), 0.0276162 secs] 599416K->52310K(2029056K), 0.0276885 secs] [Times: user=0.20 sys=0.00, real=0.03 secs] 
2020-09-29T18:26:07.192+0200: 49.925: [GC (Allocation Failure) 2020-09-29T18:26:07.192+0200: 49.925: [ParNew: 586098K->64265K(613440K), 0.0342198 secs] 597654K->75821K(2029056K), 0.0343029 secs] [Times: user=0.25 sys=0.00, real=0.04 secs] 
2020-09-29T18:26:07.281+0200: 50.014: [GC (Allocation Failure) 2020-09-29T18:26:07.282+0200: 50.014: [ParNew: 609609K->41769K(613440K), 0.0267329 secs] 621165K->53325K(2029056K), 0.0268332 secs] [Times: user=0.25 sys=0.00, real=0.03 secs] 
2020-09-29T18:26:07.361+0200: 50.094: [GC (Allocation Failure) 2020-09-29T18:26:07.361+0200: 50.094: [ParNew: 587113K->34696K(613440K), 0.0249594 secs] 598669K->46252K(2029056K), 0.0250369 secs] [Times: user=0.25 sys=0.00, real=0.02 secs] 
2020-09-29T18:26:07.443+0200: 50.176: [GC (Allocation Failure) 2020-09-29T18:26:07.443+0200: 50.176: [ParNew: 580040K->55360K(613440K), 0.0302344 secs] 591596K->66916K(2029056K), 0.0303128 secs] [Times: user=0.25 sys=0.00, real=0.03 secs] 
2020-09-29T18:26:07.529+0200: 50.261: [GC (Allocation Failure) 2020-09-29T18:26:07.529+0200: 50.261: [ParNew: 600704K->42077K(613440K), 0.0170209 secs] 612260K->53633K(2029056K), 0.0170758 secs] [Times: user=0.13 sys=0.00, real=0.02 secs] 
2020-09-29T18:26:07.596+0200: 50.329: [GC (Allocation Failure) 2020-09-29T18:26:07.596+0200: 50.329: [ParNew: 587421K->42439K(613440K), 0.0173056 secs] 598977K->53995K(2029056K), 0.0173628 secs] [Times: user=0.13 sys=0.00, real=0.02 secs] 
2020-09-29T18:26:07.664+0200: 50.397: [GC (Allocation Failure) 2020-09-29T18:26:07.664+0200: 50.397: [ParNew: 587783K->40731K(613440K), 0.0175874 secs] 599339K->52287K(2029056K), 0.0176474 secs] [Times: user=0.13 sys=0.00, real=0.02 secs] 
2020-09-29T18:26:07.733+0200: 50.465: [GC (Allocation Failure) 2020-09-29T18:26:07.733+0200: 50.465: [ParNew: 586075K->35784K(613440K), 0.0163414 secs] 597631K->47340K(2029056K), 0.0163956 secs] [Times: user=0.13 sys=0.00, real=0.02 secs] 
2020-09-29T18:26:07.803+0200: 50.535: [GC (Allocation Failure) 2020-09-29T18:26:07.803+0200: 50.535: [ParNew: 581128K->37158K(613440K), 0.0152106 secs] 592684K->48714K(2029056K), 0.0152689 secs] [Times: user=0.13 sys=0.00, real=0.02 secs] 
2020-09-29T18:26:07.867+0200: 50.599: [GC (Allocation Failure) 2020-09-29T18:26:07.867+0200: 50.599: [ParNew: 582502K->58371K(613440K), 0.0202739 secs] 594058K->69927K(2029056K), 0.0203380 secs] [Times: user=0.13 sys=0.00, real=0.02 secs] 
2020-09-29T18:26:07.934+0200: 50.667: [GC (Allocation Failure) 2020-09-29T18:26:07.934+0200: 50.667: [ParNew: 603715K->45183K(613440K), 0.0192825 secs] 615271K->56739K(2029056K), 0.0193382 secs] [Times: user=0.13 sys=0.00, real=0.02 secs] 
2020-09-29T18:26:08.007+0200: 50.739: [GC (Allocation Failure) 2020-09-29T18:26:08.007+0200: 50.739: [ParNew: 590527K->38930K(613440K), 0.0134547 secs] 602083K->50486K(2029056K), 0.0135100 secs] [Times: user=0.13 sys=0.00, real=0.01 secs] 
2020-09-29T18:26:08.071+0200: 50.804: [GC (Allocation Failure) 2020-09-29T18:26:08.071+0200: 50.804: [ParNew: 584274K->40639K(613440K), 0.0181990 secs] 595830K->52195K(2029056K), 0.0182609 secs] [Times: user=0.13 sys=0.00, real=0.02 secs] 
2020-09-29T18:26:08.141+0200: 50.874: [GC (Allocation Failure) 2020-09-29T18:26:08.141+0200: 50.874: [ParNew: 585983K->56549K(613440K), 0.0179503 secs] 597539K->68106K(2029056K), 0.0180051 secs] [Times: user=0.13 sys=0.00, real=0.02 secs] 
2020-09-29T18:26:08.206+0200: 50.939: [GC (Allocation Failure) 2020-09-29T18:26:08.206+0200: 50.939: [ParNew: 601893K->59492K(613440K), 0.0220976 secs] 613450K->71048K(2029056K), 0.0221619 secs] [Times: user=0.25 sys=0.00, real=0.02 secs] 
2020-09-29T18:26:08.275+0200: 51.008: [GC (Allocation Failure) 2020-09-29T18:26:08.275+0200: 51.008: [ParNew: 604836K->68096K(613440K), 0.0211389 secs] 616392K->79652K(2029056K), 0.0211897 secs] [Times: user=0.13 sys=0.00, real=0.02 secs] 
2020-09-29T18:26:08.344+0200: 51.076: [GC (Allocation Failure) 2020-09-29T18:26:08.344+0200: 51.076: [ParNew: 613440K->41531K(613440K), 0.0155423 secs] 624996K->53087K(2029056K), 0.0155974 secs] [Times: user=0.13 sys=0.00, real=0.01 secs] 
2020-09-29T18:26:08.406+0200: 51.138: [GC (Allocation Failure) 2020-09-29T18:26:08.406+0200: 51.138: [ParNew: 586875K->36544K(613440K), 0.0121110 secs] 598431K->48100K(2029056K), 0.0121689 secs] [Times: user=0.13 sys=0.00, real=0.01 secs] 
2020-09-29T18:26:08.467+0200: 51.199: [GC (Allocation Failure) 2020-09-29T18:26:08.467+0200: 51.199: [ParNew: 581888K->40810K(613440K), 0.0173390 secs] 593444K->52366K(2029056K), 0.0174007 secs] [Times: user=0.13 sys=0.00, real=0.02 secs] 
2020-09-29T18:26:08.536+0200: 51.269: [GC (Allocation Failure) 2020-09-29T18:26:08.537+0200: 51.269: [ParNew: 586154K->51878K(613440K), 0.0168602 secs] 597710K->63434K(2029056K), 0.0169215 secs] [Times: user=0.09 sys=0.00, real=0.02 secs] 
2020-09-29T18:26:08.602+0200: 51.335: [GC (Allocation Failure) 2020-09-29T18:26:08.602+0200: 51.335: [ParNew: 597222K->54958K(613440K), 0.0216727 secs] 608778K->66514K(2029056K), 0.0217301 secs] [Times: user=0.13 sys=0.00, real=0.02 secs] 
2020-09-29T18:26:08.672+0200: 51.405: [GC (Allocation Failure) 2020-09-29T18:26:08.672+0200: 51.405: [ParNew: 600302K->47044K(613440K), 0.0153663 secs] 611858K->58600K(2029056K), 0.0154273 secs] [Times: user=0.13 sys=0.00, real=0.02 secs] 
2020-09-29T18:26:08.736+0200: 51.468: [GC (Allocation Failure) 2020-09-29T18:26:08.736+0200: 51.469: [ParNew: 592388K->43964K(613440K), 0.0205908 secs] 603944K->55520K(2029056K), 0.0206576 secs] [Times: user=0.25 sys=0.00, real=0.02 secs] 
2020-09-29T18:26:08.804+0200: 51.537: [GC (Allocation Failure) 2020-09-29T18:26:08.804+0200: 51.537: [ParNew: 589308K->68096K(613440K), 0.0246732 secs] 600864K->79667K(2029056K), 0.0247380 secs] [Times: user=0.13 sys=0.00, real=0.03 secs] 
2020-09-29T18:26:08.879+0200: 51.610: [GC (Allocation Failure) 2020-09-29T18:26:08.879+0200: 51.610: [ParNew: 613440K->56224K(613440K), 0.0192030 secs] 625011K->67796K(2029056K), 0.0192657 secs] [Times: user=0.25 sys=0.00, real=0.02 secs] 
2020-09-29T18:26:08.948+0200: 51.680: [GC (Allocation Failure) 2020-09-29T18:26:08.948+0200: 51.680: [ParNew: 601568K->68096K(613440K), 0.0242737 secs] 613140K->80054K(2029056K), 0.0243321 secs] [Times: user=0.13 sys=0.00, real=0.03 secs] 
2020-09-29T18:26:09.022+0200: 51.753: [GC (Allocation Failure) 2020-09-29T18:26:09.022+0200: 51.753: [ParNew: 613440K->50886K(613440K), 0.0183255 secs] 625398K->62844K(2029056K), 0.0183988 secs] [Times: user=0.13 sys=0.00, real=0.02 secs] 
2020-09-29T18:26:09.088+0200: 51.820: [GC (Allocation Failure) 2020-09-29T18:26:09.088+0200: 51.820: [ParNew: 596230K->44068K(613440K), 0.0169271 secs] 608188K->56026K(2029056K), 0.0169965 secs] [Times: user=0.11 sys=0.00, real=0.02 secs] 
2020-09-29T18:26:09.153+0200: 51.885: [GC (Allocation Failure) 2020-09-29T18:26:09.153+0200: 51.885: [ParNew: 589412K->62761K(613440K), 0.0255097 secs] 601370K->74719K(2029056K), 0.0255827 secs] [Times: user=0.23 sys=0.00, real=0.03 secs] 
2020-09-29T18:26:09.227+0200: 51.959: [GC (Allocation Failure) 2020-09-29T18:26:09.227+0200: 51.959: [ParNew: 608105K->52293K(613440K), 0.0151211 secs] 620063K->64251K(2029056K), 0.0151870 secs] [Times: user=0.13 sys=0.00, real=0.02 secs] 
2020-09-29T18:26:09.291+0200: 52.023: [GC (Allocation Failure) 2020-09-29T18:26:09.291+0200: 52.023: [ParNew: 597637K->44812K(613440K), 0.0191081 secs] 609595K->56770K(2029056K), 0.0191849 secs] [Times: user=0.13 sys=0.00, real=0.02 secs] 
2020-09-29T18:26:09.361+0200: 52.093: [GC (Allocation Failure) 2020-09-29T18:26:09.361+0200: 52.093: [ParNew: 590156K->47099K(613440K), 0.0198879 secs] 602114K->59057K(2029056K), 0.0199632 secs] [Times: user=0.23 sys=0.00, real=0.02 secs] 
2020-09-29T18:26:09.435+0200: 52.167: [GC (Allocation Failure) 2020-09-29T18:26:09.435+0200: 52.167: [ParNew: 592443K->39188K(613440K), 0.0192739 secs] 604401K->51147K(2029056K), 0.0193584 secs] [Times: user=0.13 sys=0.00, real=0.02 secs] 
2020-09-29T18:26:09.507+0200: 52.238: [GC (Allocation Failure) 2020-09-29T18:26:09.507+0200: 52.238: [ParNew: 584532K->42048K(613440K), 0.0177583 secs] 596491K->54006K(2029056K), 0.0178223 secs] [Times: user=0.13 sys=0.00, real=0.02 secs] 
2020-09-29T18:26:09.574+0200: 52.306: [GC (Allocation Failure) 2020-09-29T18:26:09.574+0200: 52.306: [ParNew: 587392K->33462K(613440K), 0.0171244 secs] 599350K->45420K(2029056K), 0.0171915 secs] [Times: user=0.11 sys=0.00, real=0.02 secs] 
2020-09-29T18:26:09.642+0200: 52.374: [GC (Allocation Failure) 2020-09-29T18:26:09.642+0200: 52.374: [ParNew: 578806K->56167K(613440K), 0.0202097 secs] 590764K->68126K(2029056K), 0.0202682 secs] [Times: user=0.25 sys=0.00, real=0.02 secs] 
2020-09-29T18:26:09.709+0200: 52.441: [GC (Allocation Failure) 2020-09-29T18:26:09.709+0200: 52.441: [ParNew: 601511K->46061K(613440K), 0.0188677 secs] 613470K->58019K(2029056K), 0.0189243 secs] [Times: user=0.13 sys=0.00, real=0.02 secs] 
2020-09-29T18:26:09.777+0200: 52.509: [GC (Allocation Failure) 2020-09-29T18:26:09.777+0200: 52.509: [ParNew: 591405K->68096K(613440K), 0.0245057 secs] 603363K->80116K(2029056K), 0.0245725 secs] [Times: user=0.25 sys=0.00, real=0.03 secs] 
2020-09-29T18:26:09.849+0200: 52.581: [GC (Allocation Failure) 2020-09-29T18:26:09.849+0200: 52.581: [ParNew: 613440K->49729K(613440K), 0.0173028 secs] 625460K->61750K(2029056K), 0.0173582 secs] [Times: user=0.13 sys=0.00, real=0.02 secs] 
2020-09-29T18:26:09.915+0200: 52.647: [GC (Allocation Failure) 2020-09-29T18:26:09.915+0200: 52.647: [ParNew: 595073K->43123K(613440K), 0.0164190 secs] 607094K->55144K(2029056K), 0.0164802 secs] [Times: user=0.13 sys=0.00, real=0.02 secs] 
2020-09-29T18:26:09.981+0200: 52.712: [GC (Allocation Failure) 2020-09-29T18:26:09.981+0200: 52.712: [ParNew: 588467K->40361K(613440K), 0.0159303 secs] 600488K->52381K(2029056K), 0.0160023 secs] [Times: user=0.13 sys=0.00, real=0.02 secs] 
2020-09-29T18:26:10.047+0200: 52.779: [GC (Allocation Failure) 2020-09-29T18:26:10.047+0200: 52.779: [ParNew: 585705K->65114K(613440K), 0.0260640 secs] 597725K->77135K(2029056K), 0.0261260 secs] [Times: user=0.25 sys=0.00, real=0.03 secs] 
2020-09-29T18:26:10.120+0200: 52.851: [GC (Allocation Failure) 2020-09-29T18:26:10.120+0200: 52.852: [ParNew: 610458K->58086K(613440K), 0.0201977 secs] 622479K->70107K(2029056K), 0.0202527 secs] [Times: user=0.13 sys=0.00, real=0.02 secs] 
2020-09-29T18:26:10.192+0200: 52.924: [GC (Allocation Failure) 2020-09-29T18:26:10.192+0200: 52.924: [ParNew: 603430K->52997K(613440K), 0.0198223 secs] 615451K->65018K(2029056K), 0.0198774 secs] [Times: user=0.23 sys=0.00, real=0.02 secs] 
2020-09-29T18:26:10.263+0200: 52.994: [GC (Allocation Failure) 2020-09-29T18:26:10.263+0200: 52.994: [ParNew: 598341K->42137K(613440K), 0.0136481 secs] 610362K->54157K(2029056K), 0.0137046 secs] [Times: user=0.13 sys=0.00, real=0.01 secs] 
2020-09-29T18:26:10.326+0200: 53.057: [GC (Allocation Failure) 2020-09-29T18:26:10.326+0200: 53.058: [ParNew: 587481K->41271K(613440K), 0.0187860 secs] 599501K->53291K(2029056K), 0.0188586 secs] [Times: user=0.13 sys=0.00, real=0.02 secs] 
2020-09-29T18:26:10.394+0200: 53.126: [GC (Allocation Failure) 2020-09-29T18:26:10.394+0200: 53.126: [ParNew: 586615K->31827K(613440K), 0.0122269 secs] 598635K->43847K(2029056K), 0.0122854 secs] [Times: user=0.13 sys=0.00, real=0.01 secs] 
2020-09-29T18:26:10.455+0200: 53.187: [GC (Allocation Failure) 2020-09-29T18:26:10.455+0200: 53.187: [ParNew: 577171K->21874K(613440K), 0.0090842 secs] 589191K->33894K(2029056K), 0.0091403 secs] [Times: user=0.13 sys=0.00, real=0.01 secs] 
2020-09-29T18:26:10.517+0200: 53.249: [GC (Allocation Failure) 2020-09-29T18:26:10.517+0200: 53.249: [ParNew: 567218K->45458K(613440K), 0.0214283 secs] 579238K->57479K(2029056K), 0.0214880 secs] [Times: user=0.25 sys=0.00, real=0.02 secs] 
2020-09-29T18:26:10.589+0200: 53.321: [GC (Allocation Failure) 2020-09-29T18:26:10.589+0200: 53.321: [ParNew: 590802K->38250K(613440K), 0.0152799 secs] 602823K->50270K(2029056K), 0.0153527 secs] [Times: user=0.13 sys=0.00, real=0.02 secs] 
2020-09-29T18:26:10.653+0200: 53.385: [GC (Allocation Failure) 2020-09-29T18:26:10.653+0200: 53.385: [ParNew: 583594K->57147K(613440K), 0.0188895 secs] 595614K->69167K(2029056K), 0.0189627 secs] [Times: user=0.13 sys=0.00, real=0.02 secs] 
2020-09-29T18:26:10.719+0200: 53.451: [GC (Allocation Failure) 2020-09-29T18:26:10.719+0200: 53.451: [ParNew: 602491K->41555K(613440K), 0.0130903 secs] 614511K->53575K(2029056K), 0.0131477 secs] [Times: user=0.13 sys=0.00, real=0.01 secs] 
2020-09-29T18:26:10.784+0200: 53.516: [GC (Allocation Failure) 2020-09-29T18:26:10.784+0200: 53.516: [ParNew: 586899K->35894K(613440K), 0.0192019 secs] 598919K->47914K(2029056K), 0.0192580 secs] [Times: user=0.25 sys=0.00, real=0.02 secs] 
2020-09-29T18:26:10.852+0200: 53.584: [GC (Allocation Failure) 2020-09-29T18:26:10.852+0200: 53.584: [ParNew: 581238K->36629K(613440K), 0.0155245 secs] 593258K->48650K(2029056K), 0.0155871 secs] [Times: user=0.13 sys=0.00, real=0.02 secs] 
2020-09-29T18:26:10.918+0200: 53.650: [GC (Allocation Failure) 2020-09-29T18:26:10.918+0200: 53.650: [ParNew: 581973K->54687K(613440K), 0.0225009 secs] 593994K->66707K(2029056K), 0.0225915 secs] [Times: user=0.13 sys=0.00, real=0.02 secs] 
2020-09-29T18:26:10.991+0200: 53.722: [GC (Allocation Failure) 2020-09-29T18:26:10.999+0200: 53.731: [ParNew: 600031K->41057K(613440K), 0.0168326 secs] 612051K->53077K(2029056K), 0.0253888 secs] [Times: user=0.11 sys=0.00, real=0.03 secs] 
2020-09-29T18:26:11.066+0200: 53.798: [GC (Allocation Failure) 2020-09-29T18:26:11.066+0200: 53.798: [ParNew: 586401K->40441K(613440K), 0.0190892 secs] 598421K->52462K(2029056K), 0.0191462 secs] [Times: user=0.25 sys=0.00, real=0.02 secs] 
2020-09-29T18:26:11.134+0200: 53.866: [GC (Allocation Failure) 2020-09-29T18:26:11.134+0200: 53.866: [ParNew: 585785K->59842K(613440K), 0.0179329 secs] 597806K->71862K(2029056K), 0.0180091 secs] [Times: user=0.13 sys=0.00, real=0.02 secs] 
2020-09-29T18:26:11.200+0200: 53.932: [GC (Allocation Failure) 2020-09-29T18:26:11.200+0200: 53.932: [ParNew: 605186K->24143K(613440K), 0.0110244 secs] 617206K->36163K(2029056K), 0.0110800 secs] [Times: user=0.13 sys=0.00, real=0.01 secs] 
2020-09-29T18:26:11.262+0200: 53.994: [GC (Allocation Failure) 2020-09-29T18:26:11.262+0200: 53.994: [ParNew: 569487K->56000K(613440K), 0.0215901 secs] 581507K->68021K(2029056K), 0.0216724 secs] [Times: user=0.13 sys=0.00, real=0.02 secs] 
2020-09-29T18:26:11.331+0200: 54.064: [GC (Allocation Failure) 2020-09-29T18:26:11.331+0200: 54.064: [ParNew: 601344K->41440K(613440K), 0.0165044 secs] 613365K->53460K(2029056K), 0.0165633 secs] [Times: user=0.22 sys=0.02, real=0.02 secs] 
2020-09-29T18:26:11.398+0200: 54.130: [GC (Allocation Failure) 2020-09-29T18:26:11.398+0200: 54.130: [ParNew: 586784K->61678K(613440K), 0.0200800 secs] 598804K->73698K(2029056K), 0.0201500 secs] [Times: user=0.13 sys=0.00, real=0.02 secs] 
2020-09-29T18:26:11.466+0200: 54.198: [GC (Allocation Failure) 2020-09-29T18:26:11.466+0200: 54.198: [ParNew: 607022K->43130K(613440K), 0.0147819 secs] 619042K->55150K(2029056K), 0.0148511 secs] [Times: user=0.13 sys=0.00, real=0.01 secs] 
2020-09-29T18:26:11.529+0200: 54.262: [GC (Allocation Failure) 2020-09-29T18:26:11.529+0200: 54.262: [ParNew: 588474K->58801K(613440K), 0.0237841 secs] 600494K->70821K(2029056K), 0.0238638 secs] [Times: user=0.25 sys=0.00, real=0.02 secs] 
2020-09-29T18:26:11.603+0200: 54.335: [GC (Allocation Failure) 2020-09-29T18:26:11.603+0200: 54.335: [ParNew: 604145K->68096K(613440K), 0.0261496 secs] 616165K->80116K(2029056K), 0.0262241 secs] [Times: user=0.22 sys=0.00, real=0.03 secs] 
2020-09-29T18:26:11.677+0200: 54.409: [GC (Allocation Failure) 2020-09-29T18:26:11.677+0200: 54.409: [ParNew: 613440K->45893K(613440K), 0.0123669 secs] 625460K->57913K(2029056K), 0.0124245 secs] [Times: user=0.00 sys=0.00, real=0.01 secs] 
2020-09-29T18:26:11.736+0200: 54.468: [GC (Allocation Failure) 2020-09-29T18:26:11.736+0200: 54.468: [ParNew: 591237K->61874K(613440K), 0.0222924 secs] 603257K->73894K(2029056K), 0.0223616 secs] [Times: user=0.23 sys=0.00, real=0.02 secs] 
2020-09-29T18:26:11.806+0200: 54.538: [GC (Allocation Failure) 2020-09-29T18:26:11.806+0200: 54.538: [ParNew: 607218K->68096K(613440K), 0.0228053 secs] 619238K->80243K(2029056K), 0.0228680 secs] [Times: user=0.13 sys=0.00, real=0.02 secs] 
2020-09-29T18:26:11.877+0200: 54.609: [GC (Allocation Failure) 2020-09-29T18:26:11.877+0200: 54.609: [ParNew: 613440K->40449K(613440K), 0.0147375 secs] 625587K->52597K(2029056K), 0.0148004 secs] [Times: user=0.13 sys=0.00, real=0.01 secs] 
2020-09-29T18:26:11.939+0200: 54.672: [GC (Allocation Failure) 2020-09-29T18:26:11.940+0200: 54.672: [ParNew: 585793K->56441K(613440K), 0.0188991 secs] 597941K->68588K(2029056K), 0.0189818 secs] [Times: user=0.25 sys=0.00, real=0.02 secs] 
2020-09-29T18:26:12.006+0200: 54.738: [GC (Allocation Failure) 2020-09-29T18:26:12.006+0200: 54.738: [ParNew: 601785K->45980K(613440K), 0.0170167 secs] 613932K->58128K(2029056K), 0.0170765 secs] [Times: user=0.13 sys=0.00, real=0.02 secs] 
2020-09-29T18:26:12.073+0200: 54.805: [GC (Allocation Failure) 2020-09-29T18:26:12.073+0200: 54.805: [ParNew: 591324K->37021K(613440K), 0.0172326 secs] 603472K->49169K(2029056K), 0.0172874 secs] [Times: user=0.13 sys=0.00, real=0.02 secs] 
2020-09-29T18:26:12.137+0200: 54.869: [GC (Allocation Failure) 2020-09-29T18:26:12.137+0200: 54.869: [ParNew: 582365K->29598K(613440K), 0.0087197 secs] 594513K->41746K(2029056K), 0.0087872 secs] [Times: user=0.13 sys=0.00, real=0.01 secs] 
2020-09-29T18:26:12.198+0200: 54.930: [GC (Allocation Failure) 2020-09-29T18:26:12.198+0200: 54.930: [ParNew: 574942K->48504K(613440K), 0.0201862 secs] 587090K->60652K(2029056K), 0.0202428 secs] [Times: user=0.13 sys=0.00, real=0.02 secs] 
2020-09-29T18:26:12.265+0200: 54.997: [GC (Allocation Failure) 2020-09-29T18:26:12.265+0200: 54.997: [ParNew: 593848K->37875K(613440K), 0.0132153 secs] 605996K->50022K(2029056K), 0.0132698 secs] [Times: user=0.13 sys=0.00, real=0.01 secs] 
2020-09-29T18:26:12.327+0200: 55.060: [GC (Allocation Failure) 2020-09-29T18:26:12.327+0200: 55.060: [ParNew: 583219K->50845K(613440K), 0.0180237 secs] 595366K->62992K(2029056K), 0.0181110 secs] [Times: user=0.13 sys=0.00, real=0.02 secs] 
2020-09-29T18:26:12.393+0200: 55.126: [GC (Allocation Failure) 2020-09-29T18:26:12.393+0200: 55.126: [ParNew: 596189K->39369K(613440K), 0.0163774 secs] 608336K->51517K(2029056K), 0.0164412 secs] [Times: user=0.13 sys=0.00, real=0.02 secs] 
2020-09-29T18:26:12.465+0200: 55.197: [GC (Allocation Failure) 2020-09-29T18:26:12.465+0200: 55.197: [ParNew: 584713K->59502K(613440K), 0.0208033 secs] 596861K->71650K(2029056K), 0.0208691 secs] [Times: user=0.13 sys=0.00, real=0.02 secs] 
2020-09-29T18:26:12.535+0200: 55.267: [GC (Allocation Failure) 2020-09-29T18:26:12.535+0200: 55.267: [ParNew: 604846K->50256K(613440K), 0.0216066 secs] 616994K->62404K(2029056K), 0.0216648 secs] [Times: user=0.25 sys=0.00, real=0.02 secs] 
2020-09-29T18:26:12.605+0200: 55.337: [GC (Allocation Failure) 2020-09-29T18:26:12.605+0200: 55.337: [ParNew: 595600K->50515K(613440K), 0.0197426 secs] 607748K->62662K(2029056K), 0.0198021 secs] [Times: user=0.13 sys=0.00, real=0.02 secs] 
2020-09-29T18:26:12.678+0200: 55.410: [GC (Allocation Failure) 2020-09-29T18:26:12.678+0200: 55.410: [ParNew: 593939K->38000K(613440K), 0.0116653 secs] 606087K->50148K(2029056K), 0.0117246 secs] [Times: user=0.00 sys=0.00, real=0.01 secs] 
2020-09-29T18:26:12.736+0200: 55.469: [GC (Allocation Failure) 2020-09-29T18:26:12.736+0200: 55.469: [ParNew: 583344K->38497K(613440K), 0.0163381 secs] 595492K->50644K(2029056K), 0.0164088 secs] [Times: user=0.13 sys=0.00, real=0.02 secs] 
2020-09-29T18:26:12.803+0200: 55.535: [GC (Allocation Failure) 2020-09-29T18:26:12.803+0200: 55.535: [ParNew: 583841K->40827K(613440K), 0.0148244 secs] 595988K->52975K(2029056K), 0.0148775 secs] [Times: user=0.13 sys=0.00, real=0.02 secs] 
2020-09-29T18:26:12.869+0200: 55.602: [GC (Allocation Failure) 2020-09-29T18:26:12.869+0200: 55.602: [ParNew: 586171K->63674K(613440K), 0.0254541 secs] 598319K->75821K(2029056K), 0.0255280 secs] [Times: user=0.25 sys=0.00, real=0.03 secs] 
2020-09-29T18:26:12.942+0200: 55.675: [GC (Allocation Failure) 2020-09-29T18:26:12.942+0200: 55.675: [ParNew: 609018K->49118K(613440K), 0.0138113 secs] 621165K->61266K(2029056K), 0.0138690 secs] [Times: user=0.00 sys=0.00, real=0.01 secs] 
2020-09-29T18:26:13.006+0200: 55.738: [GC (Allocation Failure) 2020-09-29T18:26:13.006+0200: 55.738: [ParNew: 594462K->63266K(613440K), 0.0231712 secs] 606610K->75414K(2029056K), 0.0232395 secs] [Times: user=0.13 sys=0.00, real=0.02 secs] 
2020-09-29T18:26:13.076+0200: 55.808: [GC (Allocation Failure) 2020-09-29T18:26:13.076+0200: 55.809: [ParNew: 607693K->40077K(613440K), 0.0099455 secs] 619840K->52225K(2029056K), 0.0100031 secs] [Times: user=0.13 sys=0.00, real=0.01 secs] 
2020-09-29T18:26:13.133+0200: 55.865: [GC (Allocation Failure) 2020-09-29T18:26:13.133+0200: 55.865: [ParNew: 585421K->32592K(613440K), 0.0151247 secs] 597569K->44740K(2029056K), 0.0151853 secs] [Times: user=0.13 sys=0.00, real=0.02 secs] 
2020-09-29T18:26:13.204+0200: 55.936: [GC (Allocation Failure) 2020-09-29T18:26:13.204+0200: 55.936: [ParNew: 577936K->45364K(613440K), 0.0194630 secs] 590084K->57512K(2029056K), 0.0195401 secs] [Times: user=0.25 sys=0.00, real=0.02 secs] 
2020-09-29T18:26:13.272+0200: 56.005: [GC (Allocation Failure) 2020-09-29T18:26:13.272+0200: 56.005: [ParNew: 590708K->44583K(613440K), 0.0184058 secs] 602856K->56731K(2029056K), 0.0184671 secs] [Times: user=0.13 sys=0.00, real=0.02 secs] 
2020-09-29T18:26:13.337+0200: 56.069: [GC (Allocation Failure) 2020-09-29T18:26:13.337+0200: 56.069: [ParNew: 589927K->41962K(613440K), 0.0176894 secs] 602075K->54109K(2029056K), 0.0177519 secs] [Times: user=0.13 sys=0.00, real=0.02 secs] 
2020-09-29T18:26:13.407+0200: 56.140: [GC (Allocation Failure) 2020-09-29T18:26:13.407+0200: 56.140: [ParNew: 587306K->66003K(613440K), 0.0222109 secs] 599453K->78151K(2029056K), 0.0222774 secs] [Times: user=0.25 sys=0.00, real=0.02 secs] 
2020-09-29T18:26:13.479+0200: 56.211: [GC (Allocation Failure) 2020-09-29T18:26:13.479+0200: 56.211: [ParNew: 611347K->54173K(613440K), 0.0214602 secs] 623495K->66321K(2029056K), 0.0215164 secs] [Times: user=0.13 sys=0.00, real=0.02 secs] 
2020-09-29T18:26:13.548+0200: 56.281: [GC (Allocation Failure) 2020-09-29T18:26:13.548+0200: 56.281: [ParNew: 599517K->68096K(613440K), 0.0272226 secs] 611665K->82067K(2029056K), 0.0272801 secs] [Times: user=0.25 sys=0.00, real=0.03 secs] 
2020-09-29T18:26:13.625+0200: 56.357: [GC (Allocation Failure) 2020-09-29T18:26:13.625+0200: 56.357: [ParNew: 613440K->53960K(613440K), 0.0202279 secs] 627411K->67931K(2029056K), 0.0203124 secs] [Times: user=0.25 sys=0.00, real=0.02 secs] 
2020-09-29T18:26:13.692+0200: 56.425: [GC (Allocation Failure) 2020-09-29T18:26:13.692+0200: 56.425: [ParNew: 599304K->44084K(613440K), 0.0191294 secs] 613275K->58055K(2029056K), 0.0191833 secs] [Times: user=0.13 sys=0.00, real=0.02 secs] 
2020-09-29T18:26:13.759+0200: 56.491: [GC (Allocation Failure) 2020-09-29T18:26:13.759+0200: 56.491: [ParNew: 589428K->42557K(613440K), 0.0180042 secs] 603399K->56529K(2029056K), 0.0180685 secs] [Times: user=0.13 sys=0.00, real=0.02 secs] 
2020-09-29T18:26:13.824+0200: 56.557: [GC (Allocation Failure) 2020-09-29T18:26:13.825+0200: 56.557: [ParNew: 587901K->68096K(613440K), 0.0224572 secs] 601873K->82067K(2029056K), 0.0225491 secs] [Times: user=0.13 sys=0.00, real=0.02 secs] 
2020-09-29T18:26:13.895+0200: 56.628: [GC (Allocation Failure) 2020-09-29T18:26:13.895+0200: 56.628: [ParNew: 613440K->50717K(613440K), 0.0155778 secs] 627411K->64689K(2029056K), 0.0156716 secs] [Times: user=0.13 sys=0.00, real=0.02 secs] 
2020-09-29T18:26:13.961+0200: 56.694: [GC (Allocation Failure) 2020-09-29T18:26:13.961+0200: 56.694: [ParNew: 596061K->47829K(613440K), 0.0160860 secs] 610033K->61800K(2029056K), 0.0161665 secs] [Times: user=0.13 sys=0.00, real=0.02 secs] 
2020-09-29T18:26:14.026+0200: 56.759: [GC (Allocation Failure) 2020-09-29T18:26:14.026+0200: 56.759: [ParNew: 593173K->48599K(613440K), 0.0203555 secs] 607144K->62570K(2029056K), 0.0204157 secs] [Times: user=0.13 sys=0.00, real=0.02 secs] 
2020-09-29T18:26:14.095+0200: 56.827: [GC (Allocation Failure) 2020-09-29T18:26:14.095+0200: 56.827: [ParNew: 593943K->32615K(613440K), 0.0080668 secs] 607914K->46587K(2029056K), 0.0081211 secs] [Times: user=0.13 sys=0.00, real=0.01 secs] 
2020-09-29T18:26:14.152+0200: 56.884: [GC (Allocation Failure) 2020-09-29T18:26:14.152+0200: 56.884: [ParNew: 577959K->28023K(613440K), 0.0114477 secs] 591931K->41994K(2029056K), 0.0115220 secs] [Times: user=0.13 sys=0.00, real=0.01 secs] 
2020-09-29T18:26:14.216+0200: 56.948: [GC (Allocation Failure) 2020-09-29T18:26:14.216+0200: 56.948: [ParNew: 573367K->43052K(613440K), 0.0168141 secs] 587338K->57023K(2029056K), 0.0168690 secs] [Times: user=0.13 sys=0.00, real=0.02 secs] 
2020-09-29T18:26:14.279+0200: 57.011: [GC (Allocation Failure) 2020-09-29T18:26:14.279+0200: 57.011: [ParNew: 588396K->56004K(613440K), 0.0211899 secs] 602367K->69975K(2029056K), 0.0212701 secs] [Times: user=0.13 sys=0.00, real=0.02 secs] 
2020-09-29T18:26:14.348+0200: 57.081: [GC (Allocation Failure) 2020-09-29T18:26:14.348+0200: 57.081: [ParNew: 601348K->61466K(613440K), 0.0207948 secs] 615319K->75437K(2029056K), 0.0208636 secs] [Times: user=0.13 sys=0.00, real=0.02 secs] 
2020-09-29T18:26:14.416+0200: 57.149: [GC (Allocation Failure) 2020-09-29T18:26:14.416+0200: 57.149: [ParNew: 606810K->47172K(613440K), 0.0152228 secs] 620781K->61143K(2029056K), 0.0152921 secs] [Times: user=0.13 sys=0.00, real=0.02 secs] 
2020-09-29T18:26:14.481+0200: 57.213: [GC (Allocation Failure) 2020-09-29T18:26:14.481+0200: 57.213: [ParNew: 592516K->43352K(613440K), 0.0204371 secs] 606487K->57324K(2029056K), 0.0205024 secs] [Times: user=0.13 sys=0.00, real=0.02 secs] 
2020-09-29T18:26:14.551+0200: 57.283: [GC (Allocation Failure) 2020-09-29T18:26:14.551+0200: 57.283: [ParNew: 588696K->47297K(613440K), 0.0210870 secs] 602668K->61268K(2029056K), 0.0211681 secs] [Times: user=0.13 sys=0.00, real=0.02 secs] 
2020-09-29T18:26:14.622+0200: 57.355: [GC (Allocation Failure) 2020-09-29T18:26:14.623+0200: 57.355: [ParNew: 592641K->44900K(613440K), 0.0195960 secs] 606612K->58871K(2029056K), 0.0196694 secs] [Times: user=0.13 sys=0.00, real=0.02 secs] 
2020-09-29T18:26:14.694+0200: 57.427: [GC (Allocation Failure) 2020-09-29T18:26:14.694+0200: 57.427: [ParNew: 590244K->45177K(613440K), 0.0171686 secs] 604215K->59148K(2029056K), 0.0172281 secs] [Times: user=0.13 sys=0.00, real=0.02 secs] 
2020-09-29T18:26:14.760+0200: 57.492: [GC (Allocation Failure) 2020-09-29T18:26:14.760+0200: 57.492: [ParNew: 590521K->68096K(613440K), 0.0218143 secs] 604492K->82067K(2029056K), 0.0218819 secs] [Times: user=0.13 sys=0.00, real=0.02 secs] 
2020-09-29T18:26:14.832+0200: 57.564: [GC (Allocation Failure) 2020-09-29T18:26:14.832+0200: 57.564: [ParNew: 613440K->50177K(613440K), 0.0162060 secs] 627411K->64148K(2029056K), 0.0162683 secs] [Times: user=0.13 sys=0.00, real=0.02 secs] 
2020-09-29T18:26:14.897+0200: 57.630: [GC (Allocation Failure) 2020-09-29T18:26:14.897+0200: 57.630: [ParNew: 595521K->47617K(613440K), 0.0208514 secs] 609492K->61588K(2029056K), 0.0209067 secs] [Times: user=0.13 sys=0.00, real=0.02 secs] 
2020-09-29T18:26:14.967+0200: 57.699: [GC (Allocation Failure) 2020-09-29T18:26:14.967+0200: 57.699: [ParNew: 592961K->68096K(613440K), 0.0205825 secs] 606932K->82067K(2029056K), 0.0206600 secs] [Times: user=0.13 sys=0.00, real=0.02 secs] 
2020-09-29T18:26:15.037+0200: 57.769: [GC (Allocation Failure) 2020-09-29T18:26:15.037+0200: 57.769: [ParNew: 613440K->53992K(613440K), 0.0192027 secs] 627411K->67963K(2029056K), 0.0192672 secs] [Times: user=0.13 sys=0.00, real=0.02 secs] 
2020-09-29T18:26:15.107+0200: 57.840: [GC (Allocation Failure) 2020-09-29T18:26:15.107+0200: 57.840: [ParNew: 599336K->40022K(613440K), 0.0137338 secs] 613307K->53993K(2029056K), 0.0137876 secs] [Times: user=0.13 sys=0.00, real=0.01 secs] 
2020-09-29T18:26:15.167+0200: 57.900: [GC (Allocation Failure) 2020-09-29T18:26:15.167+0200: 57.900: [ParNew: 585366K->50992K(613440K), 0.0187711 secs] 599337K->64963K(2029056K), 0.0188259 secs] [Times: user=0.13 sys=0.00, real=0.02 secs] 
2020-09-29T18:26:15.234+0200: 57.967: [GC (Allocation Failure) 2020-09-29T18:26:15.234+0200: 57.967: [ParNew: 596336K->52729K(613440K), 0.0177008 secs] 610307K->66700K(2029056K), 0.0177556 secs] [Times: user=0.13 sys=0.00, real=0.02 secs] 
2020-09-29T18:26:15.300+0200: 58.033: [GC (Allocation Failure) 2020-09-29T18:26:15.300+0200: 58.033: [ParNew: 598073K->39637K(613440K), 0.0173414 secs] 612044K->53609K(2029056K), 0.0173953 secs] [Times: user=0.25 sys=0.00, real=0.02 secs] 
2020-09-29T18:26:15.364+0200: 58.097: [GC (Allocation Failure) 2020-09-29T18:26:15.364+0200: 58.097: [ParNew: 584981K->42125K(613440K), 0.0161536 secs] 598953K->56096K(2029056K), 0.0162184 secs] [Times: user=0.13 sys=0.00, real=0.02 secs] 
2020-09-29T18:26:15.428+0200: 58.160: [GC (Allocation Failure) 2020-09-29T18:26:15.428+0200: 58.160: [ParNew: 587469K->31502K(613440K), 0.0101289 secs] 601440K->45473K(2029056K), 0.0102017 secs] [Times: user=0.00 sys=0.00, real=0.01 secs] 
2020-09-29T18:26:15.488+0200: 58.220: [GC (Allocation Failure) 2020-09-29T18:26:15.488+0200: 58.220: [ParNew: 576846K->44388K(613440K), 0.0200407 secs] 590817K->58360K(2029056K), 0.0201054 secs] [Times: user=0.25 sys=0.00, real=0.02 secs] 
2020-09-29T18:26:15.556+0200: 58.289: [GC (Allocation Failure) 2020-09-29T18:26:15.556+0200: 58.289: [ParNew: 589732K->34942K(613440K), 0.0140751 secs] 603704K->48913K(2029056K), 0.0141502 secs] [Times: user=0.13 sys=0.00, real=0.01 secs] 
2020-09-29T18:26:15.626+0200: 58.358: [GC (Allocation Failure) 2020-09-29T18:26:15.626+0200: 58.358: [ParNew: 580286K->48690K(613440K), 0.0187634 secs] 594257K->62661K(2029056K), 0.0188204 secs] [Times: user=0.11 sys=0.00, real=0.02 secs] 
2020-09-29T18:26:15.692+0200: 58.425: [GC (Allocation Failure) 2020-09-29T18:26:15.692+0200: 58.425: [ParNew: 594034K->45706K(613440K), 0.0177686 secs] 608005K->59677K(2029056K), 0.0178245 secs] [Times: user=0.13 sys=0.00, real=0.02 secs] 
2020-09-29T18:26:15.765+0200: 58.497: [GC (Allocation Failure) 2020-09-29T18:26:15.765+0200: 58.497: [ParNew: 591050K->36869K(613440K), 0.0118433 secs] 605021K->50840K(2029056K), 0.0119167 secs] [Times: user=0.13 sys=0.00, real=0.01 secs] 
2020-09-29T18:26:15.830+0200: 58.563: [GC (Allocation Failure) 2020-09-29T18:26:15.830+0200: 58.563: [ParNew: 582213K->33319K(613440K), 0.0182286 secs] 596184K->47290K(2029056K), 0.0183054 secs] [Times: user=0.20 sys=0.00, real=0.02 secs] 
2020-09-29T18:26:15.901+0200: 58.632: [GC (Allocation Failure) 2020-09-29T18:26:15.901+0200: 58.632: [ParNew: 578663K->36724K(613440K), 0.0156246 secs] 592634K->50696K(2029056K), 0.0156879 secs] [Times: user=0.13 sys=0.00, real=0.01 secs] 
2020-09-29T18:26:15.969+0200: 58.701: [GC (Allocation Failure) 2020-09-29T18:26:15.969+0200: 58.701: [ParNew: 582068K->31122K(613440K), 0.0130970 secs] 596040K->45093K(2029056K), 0.0131534 secs] [Times: user=0.13 sys=0.00, real=0.01 secs] 
2020-09-29T18:26:16.034+0200: 58.765: [GC (Allocation Failure) 2020-09-29T18:26:16.034+0200: 58.765: [ParNew: 576466K->65792K(613440K), 0.0230415 secs] 590437K->79763K(2029056K), 0.0230991 secs] [Times: user=0.25 sys=0.00, real=0.02 secs] 
2020-09-29T18:26:16.105+0200: 58.836: [GC (Allocation Failure) 2020-09-29T18:26:16.105+0200: 58.836: [ParNew: 611136K->49420K(613440K), 0.0176310 secs] 625107K->63391K(2029056K), 0.0176919 secs] [Times: user=0.13 sys=0.00, real=0.02 secs] 
2020-09-29T18:26:16.169+0200: 58.900: [GC (Allocation Failure) 2020-09-29T18:26:16.169+0200: 58.900: [ParNew: 594764K->37801K(613440K), 0.0167209 secs] 608735K->51773K(2029056K), 0.0167828 secs] [Times: user=0.13 sys=0.00, real=0.02 secs] 
2020-09-29T18:26:16.234+0200: 58.965: [GC (Allocation Failure) 2020-09-29T18:26:16.234+0200: 58.965: [ParNew: 583145K->35410K(613440K), 0.0152552 secs] 597117K->49381K(2029056K), 0.0153147 secs] [Times: user=0.13 sys=0.00, real=0.02 secs] 
2020-09-29T18:26:16.302+0200: 59.034: [GC (Allocation Failure) 2020-09-29T18:26:16.302+0200: 59.034: [ParNew: 580754K->33285K(613440K), 0.0132002 secs] 594725K->47256K(2029056K), 0.0132784 secs] [Times: user=0.00 sys=0.00, real=0.01 secs] 
2020-09-29T18:26:16.365+0200: 59.098: [GC (Allocation Failure) 2020-09-29T18:26:16.365+0200: 59.098: [ParNew: 578629K->24922K(613440K), 0.0137532 secs] 592600K->38893K(2029056K), 0.0138147 secs] [Times: user=0.13 sys=0.00, real=0.01 secs] 
2020-09-29T18:26:16.429+0200: 59.161: [GC (Allocation Failure) 2020-09-29T18:26:16.429+0200: 59.161: [ParNew: 570266K->41112K(613440K), 0.0188869 secs] 584237K->55083K(2029056K), 0.0256449 secs] [Times: user=0.11 sys=0.00, real=0.03 secs] 
2020-09-29T18:26:16.502+0200: 59.234: [GC (Allocation Failure) 2020-09-29T18:26:16.502+0200: 59.234: [ParNew: 586456K->33545K(613440K), 0.0167594 secs] 600427K->47516K(2029056K), 0.0168177 secs] [Times: user=0.11 sys=0.01, real=0.02 secs] 
2020-09-29T18:26:16.567+0200: 59.300: [GC (Allocation Failure) 2020-09-29T18:26:16.568+0200: 59.300: [ParNew: 578889K->57672K(613440K), 0.0216657 secs] 592860K->71643K(2029056K), 0.0217592 secs] [Times: user=0.13 sys=0.00, real=0.02 secs] 
2020-09-29T18:26:16.638+0200: 59.370: [GC (Allocation Failure) 2020-09-29T18:26:16.638+0200: 59.370: [ParNew: 603016K->44671K(613440K), 0.0156989 secs] 616987K->58642K(2029056K), 0.0157539 secs] [Times: user=0.11 sys=0.00, real=0.02 secs] 
2020-09-29T18:26:16.702+0200: 59.434: [GC (Allocation Failure) 2020-09-29T18:26:16.702+0200: 59.434: [ParNew: 590015K->35539K(613440K), 0.0130504 secs] 603986K->49510K(2029056K), 0.0131504 secs] [Times: user=0.13 sys=0.00, real=0.01 secs] 
2020-09-29T18:26:16.763+0200: 59.496: [GC (Allocation Failure) 2020-09-29T18:26:16.763+0200: 59.496: [ParNew: 580883K->47125K(613440K), 0.0186427 secs] 594854K->61097K(2029056K), 0.0187045 secs] [Times: user=0.13 sys=0.00, real=0.02 secs] 
2020-09-29T18:26:16.830+0200: 59.562: [GC (Allocation Failure) 2020-09-29T18:26:16.830+0200: 59.562: [ParNew: 592469K->48211K(613440K), 0.0184643 secs] 606441K->62182K(2029056K), 0.0185263 secs] [Times: user=0.25 sys=0.00, real=0.02 secs] 
2020-09-29T18:26:16.901+0200: 59.634: [GC (Allocation Failure) 2020-09-29T18:26:16.901+0200: 59.634: [ParNew: 593555K->38975K(613440K), 0.0169441 secs] 607526K->52946K(2029056K), 0.0169996 secs] [Times: user=0.13 sys=0.00, real=0.02 secs] 
2020-09-29T18:26:16.969+0200: 59.701: [GC (Allocation Failure) 2020-09-29T18:26:16.969+0200: 59.701: [ParNew: 584319K->29899K(613440K), 0.0112082 secs] 598290K->43870K(2029056K), 0.0112657 secs] [Times: user=0.13 sys=0.00, real=0.01 secs] 
2020-09-29T18:26:17.028+0200: 59.760: [GC (Allocation Failure) 2020-09-29T18:26:17.028+0200: 59.760: [ParNew: 575243K->31557K(613440K), 0.0162096 secs] 589214K->45528K(2029056K), 0.0162698 secs] [Times: user=0.13 sys=0.00, real=0.02 secs] 
2020-09-29T18:26:17.092+0200: 59.825: [GC (Allocation Failure) 2020-09-29T18:26:17.092+0200: 59.825: [ParNew: 576901K->28469K(613440K), 0.0153710 secs] 590872K->42441K(2029056K), 0.0154278 secs] [Times: user=0.13 sys=0.00, real=0.02 secs] 
2020-09-29T18:26:17.155+0200: 59.888: [GC (Allocation Failure) 2020-09-29T18:26:17.155+0200: 59.888: [ParNew: 573813K->64434K(613440K), 0.0230035 secs] 587785K->78405K(2029056K), 0.0230615 secs] [Times: user=0.25 sys=0.00, real=0.02 secs] 
2020-09-29T18:26:17.226+0200: 59.958: [GC (Allocation Failure) 2020-09-29T18:26:17.226+0200: 59.958: [ParNew: 609778K->68096K(613440K), 0.0229572 secs] 623749K->82364K(2029056K), 0.0230178 secs] [Times: user=0.13 sys=0.00, real=0.02 secs] 
2020-09-29T18:26:17.296+0200: 60.029: [GC (Allocation Failure) 2020-09-29T18:26:17.297+0200: 60.029: [ParNew: 613440K->50257K(613440K), 0.0171328 secs] 627708K->64525K(2029056K), 0.0172065 secs] [Times: user=0.13 sys=0.00, real=0.02 secs] 
2020-09-29T18:26:17.365+0200: 60.097: [GC (Allocation Failure) 2020-09-29T18:26:17.365+0200: 60.097: [ParNew: 595601K->34258K(613440K), 0.0090466 secs] 609869K->48526K(2029056K), 0.0091066 secs] [Times: user=0.00 sys=0.00, real=0.01 secs] 
2020-09-29T18:26:17.426+0200: 60.158: [GC (Allocation Failure) 2020-09-29T18:26:17.426+0200: 60.158: [ParNew: 579602K->40963K(613440K), 0.0187597 secs] 593870K->55231K(2029056K), 0.0188466 secs] [Times: user=0.13 sys=0.00, real=0.02 secs] 
2020-09-29T18:26:17.492+0200: 60.224: [GC (Allocation Failure) 2020-09-29T18:26:17.492+0200: 60.224: [ParNew: 586307K->57900K(613440K), 0.0227482 secs] 600575K->72169K(2029056K), 0.0228675 secs] [Times: user=0.13 sys=0.00, real=0.02 secs] 
2020-09-29T18:26:17.562+0200: 60.294: [GC (Allocation Failure) 2020-09-29T18:26:17.562+0200: 60.294: [ParNew: 603244K->49219K(613440K), 0.0182750 secs] 617513K->63488K(2029056K), 0.0183315 secs] [Times: user=0.11 sys=0.00, real=0.02 secs] 
2020-09-29T18:26:17.630+0200: 60.363: [GC (Allocation Failure) 2020-09-29T18:26:17.630+0200: 60.363: [ParNew: 594563K->40721K(613440K), 0.0168271 secs] 608832K->54989K(2029056K), 0.0169031 secs] [Times: user=0.13 sys=0.00, real=0.02 secs] 
2020-09-29T18:26:17.696+0200: 60.428: [GC (Allocation Failure) 2020-09-29T18:26:17.696+0200: 60.428: [ParNew: 586065K->37479K(613440K), 0.0154012 secs] 600333K->51748K(2029056K), 0.0154589 secs] [Times: user=0.13 sys=0.00, real=0.01 secs] 
2020-09-29T18:26:17.762+0200: 60.495: [GC (Allocation Failure) 2020-09-29T18:26:17.762+0200: 60.495: [ParNew: 582823K->55232K(613440K), 0.0208464 secs] 597092K->69501K(2029056K), 0.0209408 secs] [Times: user=0.13 sys=0.00, real=0.02 secs] 
2020-09-29T18:26:17.831+0200: 60.563: [GC (Allocation Failure) 2020-09-29T18:26:17.831+0200: 60.563: [ParNew: 600576K->42405K(613440K), 0.0153426 secs] 614845K->56674K(2029056K), 0.0154022 secs] [Times: user=0.13 sys=0.00, real=0.01 secs] 
2020-09-29T18:26:17.895+0200: 60.627: [GC (Allocation Failure) 2020-09-29T18:26:17.895+0200: 60.627: [ParNew: 587749K->57195K(613440K), 0.0234617 secs] 602018K->71464K(2029056K), 0.0235266 secs] [Times: user=0.13 sys=0.00, real=0.02 secs] 
2020-09-29T18:26:17.965+0200: 60.697: [GC (Allocation Failure) 2020-09-29T18:26:17.965+0200: 60.697: [ParNew: 602539K->50843K(613440K), 0.0166981 secs] 616808K->65112K(2029056K), 0.0167617 secs] [Times: user=0.13 sys=0.00, real=0.02 secs] 
2020-09-29T18:26:18.029+0200: 60.761: [GC (Allocation Failure) 2020-09-29T18:26:18.029+0200: 60.761: [ParNew: 596187K->43195K(613440K), 0.0165619 secs] 610456K->57464K(2029056K), 0.0166280 secs] [Times: user=0.11 sys=0.00, real=0.02 secs] 
2020-09-29T18:26:18.096+0200: 60.828: [GC (Allocation Failure) 2020-09-29T18:26:18.096+0200: 60.828: [ParNew: 588539K->57776K(613440K), 0.0213709 secs] 602808K->72045K(2029056K), 0.0214503 secs] [Times: user=0.24 sys=0.00, real=0.02 secs] 
2020-09-29T18:26:18.164+0200: 60.896: [GC (Allocation Failure) 2020-09-29T18:26:18.164+0200: 60.896: [ParNew: 603120K->44899K(613440K), 0.0196728 secs] 617389K->59168K(2029056K), 0.0197750 secs] [Times: user=0.13 sys=0.00, real=0.02 secs] 
2020-09-29T18:26:18.230+0200: 60.962: [GC (Allocation Failure) 2020-09-29T18:26:18.230+0200: 60.962: [ParNew: 590243K->44730K(613440K), 0.0190112 secs] 604512K->58998K(2029056K), 0.0190867 secs] [Times: user=0.13 sys=0.00, real=0.02 secs] 
2020-09-29T18:26:18.296+0200: 61.028: [GC (Allocation Failure) 2020-09-29T18:26:18.296+0200: 61.028: [ParNew: 590074K->43389K(613440K), 0.0182909 secs] 604342K->57658K(2029056K), 0.0183882 secs] [Times: user=0.13 sys=0.00, real=0.02 secs] 
2020-09-29T18:26:18.366+0200: 61.098: [GC (Allocation Failure) 2020-09-29T18:26:18.366+0200: 61.098: [ParNew: 588733K->43575K(613440K), 0.0174711 secs] 603002K->57844K(2029056K), 0.0175650 secs] [Times: user=0.13 sys=0.00, real=0.02 secs] 
2020-09-29T18:26:18.434+0200: 61.166: [GC (Allocation Failure) 2020-09-29T18:26:18.434+0200: 61.166: [ParNew: 588919K->68096K(613440K), 0.0224379 secs] 603188K->82364K(2029056K), 0.0225286 secs] [Times: user=0.13 sys=0.00, real=0.02 secs] 
2020-09-29T18:26:18.505+0200: 61.237: [GC (Allocation Failure) 2020-09-29T18:26:18.505+0200: 61.237: [ParNew: 613440K->68096K(613440K), 0.0211678 secs] 627708K->82381K(2029056K), 0.0212385 secs] [Times: user=0.13 sys=0.00, real=0.02 secs] 
2020-09-29T18:26:18.577+0200: 61.309: [GC (Allocation Failure) 2020-09-29T18:26:18.577+0200: 61.309: [ParNew: 613440K->55256K(613440K), 0.0217132 secs] 627725K->69541K(2029056K), 0.0217838 secs] [Times: user=0.13 sys=0.00, real=0.02 secs] 
2020-09-29T18:26:18.647+0200: 61.379: [GC (Allocation Failure) 2020-09-29T18:26:18.647+0200: 61.379: [ParNew: 600600K->54860K(613440K), 0.0197255 secs] 614885K->69145K(2029056K), 0.0198163 secs] [Times: user=0.13 sys=0.00, real=0.02 secs] 
2020-09-29T18:26:18.715+0200: 61.447: [GC (Allocation Failure) 2020-09-29T18:26:18.715+0200: 61.447: [ParNew: 600204K->51897K(613440K), 0.0189158 secs] 614489K->66183K(2029056K), 0.0189694 secs] [Times: user=0.13 sys=0.00, real=0.02 secs] 
2020-09-29T18:26:18.782+0200: 61.514: [GC (Allocation Failure) 2020-09-29T18:26:18.782+0200: 61.514: [ParNew: 597241K->68096K(613440K), 0.0242258 secs] 611527K->83446K(2029056K), 0.0242807 secs] [Times: user=0.25 sys=0.00, real=0.02 secs] 
2020-09-29T18:26:18.856+0200: 61.588: [GC (Allocation Failure) 2020-09-29T18:26:18.856+0200: 61.588: [ParNew: 613440K->55758K(613440K), 0.0180133 secs] 628790K->71109K(2029056K), 0.0180803 secs] [Times: user=0.13 sys=0.00, real=0.02 secs] 
2020-09-29T18:26:18.922+0200: 61.654: [GC (Allocation Failure) 2020-09-29T18:26:18.922+0200: 61.654: [ParNew: 601102K->46620K(613440K), 0.0169858 secs] 616453K->61971K(2029056K), 0.0170500 secs] [Times: user=0.13 sys=0.00, real=0.02 secs] 
2020-09-29T18:26:18.987+0200: 61.719: [GC (Allocation Failure) 2020-09-29T18:26:18.987+0200: 61.719: [ParNew: 591964K->40062K(613440K), 0.0166540 secs] 607315K->55413K(2029056K), 0.0167254 secs] [Times: user=0.13 sys=0.00, real=0.02 secs] 
2020-09-29T18:26:19.051+0200: 61.783: [GC (Allocation Failure) 2020-09-29T18:26:19.051+0200: 61.783: [ParNew: 585406K->62460K(613440K), 0.0214694 secs] 600757K->77811K(2029056K), 0.0215521 secs] [Times: user=0.25 sys=0.00, real=0.02 secs] 
2020-09-29T18:26:19.120+0200: 61.852: [GC (Allocation Failure) 2020-09-29T18:26:19.120+0200: 61.852: [ParNew: 607804K->52577K(613440K), 0.0222795 secs] 623155K->67928K(2029056K), 0.0223501 secs] [Times: user=0.13 sys=0.00, real=0.02 secs] 
2020-09-29T18:26:19.194+0200: 61.926: [GC (Allocation Failure) 2020-09-29T18:26:19.194+0200: 61.926: [ParNew: 597921K->68096K(613440K), 0.0256798 secs] 613272K->84650K(2029056K), 0.0257362 secs] [Times: user=0.13 sys=0.00, real=0.03 secs] 
2020-09-29T18:26:19.266+0200: 61.998: [GC (Allocation Failure) 2020-09-29T18:26:19.266+0200: 61.998: [ParNew: 613440K->51705K(613440K), 0.0137805 secs] 629994K->68259K(2029056K), 0.0138418 secs] [Times: user=0.13 sys=0.00, real=0.01 secs] 
2020-09-29T18:26:19.331+0200: 62.063: [GC (Allocation Failure) 2020-09-29T18:26:19.331+0200: 62.063: [ParNew: 597049K->68096K(613440K), 0.0269644 secs] 613603K->84650K(2029056K), 0.0270217 secs] [Times: user=0.23 sys=0.01, real=0.03 secs] 
2020-09-29T18:26:19.406+0200: 62.138: [GC (Allocation Failure) 2020-09-29T18:26:19.406+0200: 62.138: [ParNew: 613440K->53865K(613440K), 0.0183334 secs] 629994K->70419K(2029056K), 0.0184211 secs] [Times: user=0.13 sys=0.00, real=0.02 secs] 
2020-09-29T18:26:19.472+0200: 62.204: [GC (Allocation Failure) 2020-09-29T18:26:19.472+0200: 62.204: [ParNew: 599209K->37117K(613440K), 0.0110886 secs] 615763K->53671K(2029056K), 0.0111415 secs] [Times: user=0.13 sys=0.00, real=0.01 secs] 
2020-09-29T18:26:19.535+0200: 62.267: [GC (Allocation Failure) 2020-09-29T18:26:19.535+0200: 62.267: [ParNew: 582461K->37258K(613440K), 0.0168026 secs] 599015K->53812K(2029056K), 0.0168755 secs] [Times: user=0.24 sys=0.00, real=0.02 secs] 
2020-09-29T18:26:19.600+0200: 62.332: [GC (Allocation Failure) 2020-09-29T18:26:19.600+0200: 62.332: [ParNew: 582602K->40615K(613440K), 0.0161691 secs] 599156K->57169K(2029056K), 0.0162274 secs] [Times: user=0.11 sys=0.00, real=0.02 secs] 
2020-09-29T18:26:19.665+0200: 62.397: [GC (Allocation Failure) 2020-09-29T18:26:19.665+0200: 62.397: [ParNew: 585959K->33004K(613440K), 0.0150181 secs] 602513K->49558K(2029056K), 0.0150780 secs] [Times: user=0.13 sys=0.00, real=0.02 secs] 
2020-09-29T18:26:19.728+0200: 62.460: [GC (Allocation Failure) 2020-09-29T18:26:19.728+0200: 62.460: [ParNew: 578348K->28657K(613440K), 0.0136318 secs] 594902K->45211K(2029056K), 0.0136857 secs] [Times: user=0.13 sys=0.00, real=0.01 secs] 
2020-09-29T18:26:19.787+0200: 62.519: [GC (Allocation Failure) 2020-09-29T18:26:19.787+0200: 62.519: [ParNew: 574001K->46879K(613440K), 0.0174805 secs] 590555K->63433K(2029056K), 0.0175362 secs] [Times: user=0.13 sys=0.00, real=0.02 secs] 
2020-09-29T18:26:19.854+0200: 62.586: [GC (Allocation Failure) 2020-09-29T18:26:19.854+0200: 62.586: [ParNew: 592223K->32465K(613440K), 0.0105124 secs] 608777K->49019K(2029056K), 0.0105710 secs] [Times: user=0.13 sys=0.00, real=0.01 secs] 
2020-09-29T18:26:19.915+0200: 62.647: [GC (Allocation Failure) 2020-09-29T18:26:19.915+0200: 62.647: [ParNew: 577809K->39872K(613440K), 0.0162323 secs] 594363K->56426K(2029056K), 0.0162903 secs] [Times: user=0.13 sys=0.00, real=0.02 secs] 
2020-09-29T18:26:19.978+0200: 62.710: [GC (Allocation Failure) 2020-09-29T18:26:19.978+0200: 62.710: [ParNew: 585216K->68096K(613440K), 0.0254379 secs] 601770K->84720K(2029056K), 0.0254964 secs] [Times: user=0.13 sys=0.00, real=0.03 secs] 
2020-09-29T18:26:20.051+0200: 62.783: [GC (Allocation Failure) 2020-09-29T18:26:20.051+0200: 62.783: [ParNew: 613440K->56051K(613440K), 0.0196685 secs] 630064K->72676K(2029056K), 0.0197461 secs] [Times: user=0.25 sys=0.00, real=0.02 secs] 
2020-09-29T18:26:20.119+0200: 62.851: [GC (Allocation Failure) 2020-09-29T18:26:20.119+0200: 62.851: [ParNew: 601395K->39710K(613440K), 0.0136048 secs] 618020K->56335K(2029056K), 0.0136753 secs] [Times: user=0.13 sys=0.00, real=0.01 secs] 
2020-09-29T18:26:20.182+0200: 62.914: [GC (Allocation Failure) 2020-09-29T18:26:20.182+0200: 62.914: [ParNew: 585054K->39679K(613440K), 0.0178750 secs] 601679K->56304K(2029056K), 0.0179303 secs] [Times: user=0.13 sys=0.00, real=0.02 secs] 
2020-09-29T18:26:20.250+0200: 62.982: [GC (Allocation Failure) 2020-09-29T18:26:20.250+0200: 62.982: [ParNew: 585023K->35911K(613440K), 0.0158297 secs] 601648K->52536K(2029056K), 0.0158867 secs] [Times: user=0.13 sys=0.00, real=0.02 secs] 
2020-09-29T18:26:20.313+0200: 63.045: [GC (Allocation Failure) 2020-09-29T18:26:20.313+0200: 63.045: [ParNew: 581255K->30285K(613440K), 0.0091062 secs] 597880K->46910K(2029056K), 0.0091629 secs] [Times: user=0.13 sys=0.00, real=0.01 secs] 
2020-09-29T18:26:20.369+0200: 63.101: [GC (Allocation Failure) 2020-09-29T18:26:20.369+0200: 63.101: [ParNew: 575629K->32231K(613440K), 0.0143431 secs] 592254K->48856K(2029056K), 0.0144073 secs] [Times: user=0.13 sys=0.00, real=0.01 secs] 
2020-09-29T18:26:20.435+0200: 63.167: [GC (Allocation Failure) 2020-09-29T18:26:20.435+0200: 63.167: [ParNew: 577575K->43348K(613440K), 0.0188518 secs] 594200K->59973K(2029056K), 0.0189079 secs] [Times: user=0.13 sys=0.00, real=0.02 secs] 
2020-09-29T18:26:20.507+0200: 63.239: [GC (Allocation Failure) 2020-09-29T18:26:20.507+0200: 63.239: [ParNew: 588692K->35731K(613440K), 0.0142145 secs] 605317K->52356K(2029056K), 0.0142685 secs] [Times: user=0.13 sys=0.00, real=0.01 secs] 
2020-09-29T18:26:20.569+0200: 63.301: [GC (Allocation Failure) 2020-09-29T18:26:20.569+0200: 63.301: [ParNew: 581075K->56523K(613440K), 0.0223525 secs] 597700K->73148K(2029056K), 0.0224424 secs] [Times: user=0.13 sys=0.00, real=0.02 secs] 
2020-09-29T18:26:20.643+0200: 63.375: [GC (Allocation Failure) 2020-09-29T18:26:20.643+0200: 63.375: [ParNew: 601867K->68096K(613440K), 0.0226989 secs] 618492K->84720K(2029056K), 0.0227769 secs] [Times: user=0.25 sys=0.00, real=0.02 secs] 
2020-09-29T18:26:20.714+0200: 63.446: [GC (Allocation Failure) 2020-09-29T18:26:20.714+0200: 63.446: [ParNew: 613440K->49472K(613440K), 0.0212321 secs] 630064K->66097K(2029056K), 0.0212885 secs] [Times: user=0.13 sys=0.00, real=0.02 secs] 
2020-09-29T18:26:20.782+0200: 63.514: [GC (Allocation Failure) 2020-09-29T18:26:20.782+0200: 63.514: [ParNew: 594816K->44336K(613440K), 0.0152900 secs] 611441K->60961K(2029056K), 0.0153442 secs] [Times: user=0.13 sys=0.00, real=0.01 secs] 
2020-09-29T18:26:20.849+0200: 63.581: [GC (Allocation Failure) 2020-09-29T18:26:20.849+0200: 63.581: [ParNew: 589680K->57430K(613440K), 0.0199515 secs] 606305K->74055K(2029056K), 0.0200161 secs] [Times: user=0.13 sys=0.00, real=0.02 secs] 
2020-09-29T18:26:20.916+0200: 63.648: [GC (Allocation Failure) 2020-09-29T18:26:20.916+0200: 63.648: [ParNew: 602774K->39062K(613440K), 0.0129069 secs] 619399K->55687K(2029056K), 0.0129614 secs] [Times: user=0.13 sys=0.00, real=0.01 secs] 
2020-09-29T18:26:20.976+0200: 63.708: [GC (Allocation Failure) 2020-09-29T18:26:20.976+0200: 63.708: [ParNew: 584406K->53159K(613440K), 0.0188301 secs] 601031K->69784K(2029056K), 0.0189020 secs] [Times: user=0.13 sys=0.00, real=0.02 secs] 
2020-09-29T18:26:21.042+0200: 63.774: [GC (Allocation Failure) 2020-09-29T18:26:21.042+0200: 63.774: [ParNew: 598503K->41966K(613440K), 0.0173502 secs] 615128K->58591K(2029056K), 0.0174050 secs] [Times: user=0.13 sys=0.00, real=0.02 secs] 
2020-09-29T18:26:21.108+0200: 63.840: [GC (Allocation Failure) 2020-09-29T18:26:21.108+0200: 63.840: [ParNew: 587310K->64647K(613440K), 0.0224854 secs] 603935K->81272K(2029056K), 0.0225455 secs] [Times: user=0.25 sys=0.00, real=0.02 secs] 
2020-09-29T18:26:21.178+0200: 63.910: [GC (Allocation Failure) 2020-09-29T18:26:21.178+0200: 63.910: [ParNew: 609991K->53545K(613440K), 0.0169395 secs] 626616K->70170K(2029056K), 0.0170038 secs] [Times: user=0.13 sys=0.00, real=0.02 secs] 
2020-09-29T18:26:21.244+0200: 63.976: [GC (Allocation Failure) 2020-09-29T18:26:21.244+0200: 63.977: [ParNew: 598889K->47040K(613440K), 0.0155435 secs] 615514K->63665K(2029056K), 0.0156154 secs] [Times: user=0.13 sys=0.00, real=0.02 secs] 
2020-09-29T18:26:21.312+0200: 64.044: [GC (Allocation Failure) 2020-09-29T18:26:21.312+0200: 64.044: [ParNew: 592384K->51436K(613440K), 0.0193281 secs] 609009K->68061K(2029056K), 0.0193919 secs] [Times: user=0.13 sys=0.00, real=0.02 secs] 
2020-09-29T18:26:21.379+0200: 64.112: [GC (Allocation Failure) 2020-09-29T18:26:21.379+0200: 64.112: [ParNew: 596780K->62070K(613440K), 0.0192331 secs] 613405K->78695K(2029056K), 0.0192931 secs] [Times: user=0.14 sys=0.00, real=0.02 secs] 
2020-09-29T18:26:21.446+0200: 64.178: [GC (Allocation Failure) 2020-09-29T18:26:21.446+0200: 64.178: [ParNew: 607414K->26963K(613440K), 0.0126622 secs] 624039K->43588K(2029056K), 0.0127198 secs] [Times: user=0.13 sys=0.00, real=0.01 secs] 
2020-09-29T18:26:21.505+0200: 64.238: [GC (Allocation Failure) 2020-09-29T18:26:21.506+0200: 64.238: [ParNew: 572307K->45833K(613440K), 0.0168144 secs] 588932K->62458K(2029056K), 0.0168935 secs] [Times: user=0.13 sys=0.00, real=0.02 secs] 
2020-09-29T18:26:21.577+0200: 64.309: [GC (Allocation Failure) 2020-09-29T18:26:21.577+0200: 64.309: [ParNew: 591177K->46988K(613440K), 0.0194130 secs] 607802K->63613K(2029056K), 0.0194818 secs] [Times: user=0.11 sys=0.00, real=0.02 secs] 
2020-09-29T18:26:21.649+0200: 64.381: [GC (Allocation Failure) 2020-09-29T18:26:21.649+0200: 64.381: [ParNew: 592332K->61906K(613440K), 0.0297015 secs] 608957K->78531K(2029056K), 0.0300525 secs] [Times: user=0.25 sys=0.00, real=0.03 secs] 
2020-09-29T18:26:21.734+0200: 64.466: [GC (Allocation Failure) 2020-09-29T18:26:21.734+0200: 64.466: [ParNew: 607250K->45477K(613440K), 0.0203781 secs] 623875K->62102K(2029056K), 0.0204477 secs] [Times: user=0.14 sys=0.00, real=0.02 secs] 
2020-09-29T18:26:21.816+0200: 64.548: [GC (Allocation Failure) 2020-09-29T18:26:21.816+0200: 64.548: [ParNew: 590821K->44530K(613440K), 0.0263377 secs] 607446K->61154K(2029056K), 0.0264177 secs] [Times: user=0.25 sys=0.00, real=0.03 secs] 
2020-09-29T18:26:21.895+0200: 64.627: [GC (Allocation Failure) 2020-09-29T18:26:21.895+0200: 64.627: [ParNew: 589874K->36330K(613440K), 0.0180122 secs] 606498K->52955K(2029056K), 0.0180761 secs] [Times: user=0.13 sys=0.00, real=0.02 secs] 
2020-09-29T18:26:21.962+0200: 64.694: [GC (Allocation Failure) 2020-09-29T18:26:21.962+0200: 64.694: [ParNew: 581674K->38275K(613440K), 0.0236528 secs] 598299K->54900K(2029056K), 0.0237195 secs] [Times: user=0.13 sys=0.00, real=0.02 secs] 
2020-09-29T18:26:22.044+0200: 64.776: [GC (Allocation Failure) 2020-09-29T18:26:22.044+0200: 64.776: [ParNew: 583619K->52550K(613440K), 0.0306520 secs] 600244K->69175K(2029056K), 0.0307243 secs] [Times: user=0.25 sys=0.00, real=0.03 secs] 
2020-09-29T18:26:22.123+0200: 64.855: [GC (Allocation Failure) 2020-09-29T18:26:22.123+0200: 64.855: [ParNew: 597894K->63354K(613440K), 0.0291413 secs] 614519K->79979K(2029056K), 0.0292209 secs] [Times: user=0.25 sys=0.00, real=0.03 secs] 
2020-09-29T18:26:22.203+0200: 64.935: [GC (Allocation Failure) 2020-09-29T18:26:22.203+0200: 64.935: [ParNew: 608698K->50834K(613440K), 0.0279073 secs] 625323K->67459K(2029056K), 0.0279786 secs] [Times: user=0.25 sys=0.00, real=0.03 secs] 
2020-09-29T18:26:22.280+0200: 65.012: [GC (Allocation Failure) 2020-09-29T18:26:22.280+0200: 65.012: [ParNew: 596178K->42600K(613440K), 0.0193002 secs] 612803K->59225K(2029056K), 0.0193719 secs] [Times: user=0.13 sys=0.00, real=0.02 secs] 
2020-09-29T18:26:22.354+0200: 65.086: [GC (Allocation Failure) 2020-09-29T18:26:22.354+0200: 65.086: [ParNew: 587944K->44447K(613440K), 0.0258076 secs] 604569K->61072K(2029056K), 0.0258766 secs] [Times: user=0.25 sys=0.00, real=0.03 secs] 
2020-09-29T18:26:22.436+0200: 65.168: [GC (Allocation Failure) 2020-09-29T18:26:22.436+0200: 65.168: [ParNew: 589791K->40796K(613440K), 0.0247139 secs] 606416K->57421K(2029056K), 0.0247811 secs] [Times: user=0.25 sys=0.00, real=0.02 secs] 
2020-09-29T18:26:22.517+0200: 65.249: [GC (Allocation Failure) 2020-09-29T18:26:22.517+0200: 65.249: [ParNew: 586140K->41273K(613440K), 0.0247887 secs] 602765K->57898K(2029056K), 0.0248588 secs] [Times: user=0.25 sys=0.00, real=0.03 secs] 
2020-09-29T18:26:22.595+0200: 65.327: [GC (Allocation Failure) 2020-09-29T18:26:22.595+0200: 65.327: [ParNew: 586617K->36157K(613440K), 0.0240289 secs] 603242K->52782K(2029056K), 0.0241151 secs] [Times: user=0.25 sys=0.00, real=0.02 secs] 
2020-09-29T18:26:22.684+0200: 65.416: [GC (Allocation Failure) 2020-09-29T18:26:22.684+0200: 65.416: [ParNew: 581501K->61341K(613440K), 0.0290170 secs] 598126K->77966K(2029056K), 0.0291222 secs] [Times: user=0.25 sys=0.00, real=0.03 secs] 
2020-09-29T18:26:22.768+0200: 65.500: [GC (Allocation Failure) 2020-09-29T18:26:22.768+0200: 65.500: [ParNew: 606685K->67357K(613440K), 0.0311342 secs] 623310K->83982K(2029056K), 0.0312216 secs] [Times: user=0.22 sys=0.00, real=0.03 secs] 
2020-09-29T18:26:22.850+0200: 65.582: [GC (Allocation Failure) 2020-09-29T18:26:22.850+0200: 65.582: [ParNew: 612701K->53249K(613440K), 0.0274374 secs] 629326K->69874K(2029056K), 0.0275087 secs] [Times: user=0.13 sys=0.00, real=0.03 secs] 
2020-09-29T18:26:22.937+0200: 65.669: [GC (Allocation Failure) 2020-09-29T18:26:22.937+0200: 65.669: [ParNew: 598593K->57064K(613440K), 0.0281493 secs] 615218K->73689K(2029056K), 0.0282193 secs] [Times: user=0.22 sys=0.00, real=0.03 secs] 
2020-09-29T18:26:23.018+0200: 65.750: [GC (Allocation Failure) 2020-09-29T18:26:23.018+0200: 65.750: [ParNew: 602408K->45830K(613440K), 0.0246528 secs] 619033K->62455K(2029056K), 0.0247412 secs] [Times: user=0.23 sys=0.02, real=0.03 secs] 
2020-09-29T18:26:23.106+0200: 65.838: [GC (Allocation Failure) 2020-09-29T18:26:23.106+0200: 65.838: [ParNew: 591174K->61346K(613440K), 0.0308761 secs] 607799K->77971K(2029056K), 0.0309749 secs] [Times: user=0.25 sys=0.00, real=0.03 secs] 
2020-09-29T18:26:23.192+0200: 65.924: [GC (Allocation Failure) 2020-09-29T18:26:23.192+0200: 65.924: [ParNew: 606690K->68096K(613440K), 0.0317398 secs] 623315K->84896K(2029056K), 0.0318300 secs] [Times: user=0.23 sys=0.00, real=0.03 secs] 
2020-09-29T18:26:23.277+0200: 66.010: [GC (Allocation Failure) 2020-09-29T18:26:23.277+0200: 66.010: [ParNew: 613440K->54531K(613440K), 0.0289306 secs] 630240K->71332K(2029056K), 0.0290115 secs] [Times: user=0.23 sys=0.00, real=0.03 secs] 
2020-09-29T18:26:23.364+0200: 66.096: [GC (Allocation Failure) 2020-09-29T18:26:23.364+0200: 66.096: [ParNew: 599875K->40191K(613440K), 0.0193918 secs] 616676K->56992K(2029056K), 0.0194812 secs] [Times: user=0.13 sys=0.00, real=0.02 secs] 
2020-09-29T18:26:23.435+0200: 66.168: [GC (Allocation Failure) 2020-09-29T18:26:23.435+0200: 66.168: [ParNew: 585535K->21172K(613440K), 0.0086681 secs] 602336K->37973K(2029056K), 0.0087570 secs] [Times: user=0.13 sys=0.00, real=0.01 secs] 
2020-09-29T18:26:23.500+0200: 66.232: [GC (Allocation Failure) 2020-09-29T18:26:23.500+0200: 66.232: [ParNew: 566516K->33469K(613440K), 0.0247059 secs] 583317K->50270K(2029056K), 0.0247910 secs] [Times: user=0.24 sys=0.00, real=0.02 secs] 
2020-09-29T18:26:23.577+0200: 66.309: [GC (Allocation Failure) 2020-09-29T18:26:23.577+0200: 66.309: [ParNew: 578323K->46989K(613440K), 0.0313929 secs] 595124K->63789K(2029056K), 0.0314851 secs] [Times: user=0.22 sys=0.00, real=0.03 secs] 
2020-09-29T18:26:23.660+0200: 66.392: [GC (Allocation Failure) 2020-09-29T18:26:23.660+0200: 66.392: [ParNew: 592333K->38198K(613440K), 0.0194681 secs] 609133K->54999K(2029056K), 0.0195684 secs] [Times: user=0.25 sys=0.00, real=0.02 secs] 
2020-09-29T18:26:23.737+0200: 66.469: [GC (Allocation Failure) 2020-09-29T18:26:23.737+0200: 66.469: [ParNew: 583542K->30251K(613440K), 0.0183874 secs] 600343K->47052K(2029056K), 0.0184796 secs] [Times: user=0.25 sys=0.00, real=0.02 secs] 
2020-09-29T18:26:23.814+0200: 66.546: [GC (Allocation Failure) 2020-09-29T18:26:23.814+0200: 66.546: [ParNew: 575595K->22999K(613440K), 0.0156977 secs] 592396K->39800K(2029056K), 0.0157987 secs] [Times: user=0.09 sys=0.00, real=0.02 secs] 
2020-09-29T18:26:23.889+0200: 66.621: [GC (Allocation Failure) 2020-09-29T18:26:23.889+0200: 66.621: [ParNew: 568343K->47561K(613440K), 0.0292415 secs] 585144K->64362K(2029056K), 0.0293256 secs] [Times: user=0.25 sys=0.00, real=0.03 secs] 
2020-09-29T18:26:23.977+0200: 66.709: [GC (Allocation Failure) 2020-09-29T18:26:23.977+0200: 66.709: [ParNew: 592905K->43141K(613440K), 0.0261660 secs] 609706K->59941K(2029056K), 0.0262497 secs] [Times: user=0.09 sys=0.00, real=0.03 secs] 
2020-09-29T18:26:24.065+0200: 66.798: [GC (Allocation Failure) 2020-09-29T18:26:24.065+0200: 66.798: [ParNew: 588485K->32367K(613440K), 0.0211684 secs] 605285K->49167K(2029056K), 0.0212430 secs] [Times: user=0.23 sys=0.00, real=0.02 secs] 
2020-09-29T18:26:24.142+0200: 66.875: [GC (Allocation Failure) 2020-09-29T18:26:24.142+0200: 66.875: [ParNew: 577711K->34520K(613440K), 0.0214054 secs] 594511K->51320K(2029056K), 0.0214749 secs] [Times: user=0.19 sys=0.00, real=0.02 secs] 
2020-09-29T18:26:24.224+0200: 66.957: [GC (Allocation Failure) 2020-09-29T18:26:24.224+0200: 66.957: [ParNew: 579864K->46145K(613440K), 0.0251358 secs] 596664K->62946K(2029056K), 0.0252224 secs] [Times: user=0.13 sys=0.00, real=0.03 secs] 
2020-09-29T18:26:24.301+0200: 67.033: [GC (Allocation Failure) 2020-09-29T18:26:24.301+0200: 67.033: [ParNew: 591489K->33767K(613440K), 0.0139672 secs] 608290K->50568K(2029056K), 0.0140430 secs] [Times: user=0.00 sys=0.00, real=0.01 secs] 
2020-09-29T18:26:24.376+0200: 67.109: [GC (Allocation Failure) 2020-09-29T18:26:24.376+0200: 67.109: [ParNew: 579111K->47698K(613440K), 0.0292281 secs] 595912K->64499K(2029056K), 0.0293100 secs] [Times: user=0.25 sys=0.00, real=0.03 secs] 
2020-09-29T18:26:24.457+0200: 67.189: [GC (Allocation Failure) 2020-09-29T18:26:24.457+0200: 67.189: [ParNew: 593042K->39339K(613440K), 0.0212613 secs] 609843K->56140K(2029056K), 0.0213383 secs] [Times: user=0.25 sys=0.00, real=0.02 secs] 
2020-09-29T18:26:24.535+0200: 67.268: [GC (Allocation Failure) 2020-09-29T18:26:24.535+0200: 67.268: [ParNew: 584683K->34540K(613440K), 0.0189872 secs] 601484K->51341K(2029056K), 0.0190621 secs] [Times: user=0.16 sys=0.02, real=0.02 secs] 
2020-09-29T18:26:24.607+0200: 67.339: [GC (Allocation Failure) 2020-09-29T18:26:24.607+0200: 67.339: [ParNew: 579884K->56163K(613440K), 0.0328969 secs] 596685K->72964K(2029056K), 0.0329816 secs] [Times: user=0.25 sys=0.00, real=0.04 secs] 
2020-09-29T18:26:24.697+0200: 67.429: [GC (Allocation Failure) 2020-09-29T18:26:24.697+0200: 67.429: [ParNew: 601507K->49222K(613440K), 0.0248309 secs] 618308K->66023K(2029056K), 0.0248998 secs] [Times: user=0.13 sys=0.00, real=0.02 secs] 
2020-09-29T18:26:24.782+0200: 67.513: [GC (Allocation Failure) 2020-09-29T18:26:24.782+0200: 67.513: [ParNew: 594566K->41197K(613440K), 0.0232590 secs] 611367K->57998K(2029056K), 0.0233257 secs] [Times: user=0.25 sys=0.00, real=0.02 secs] 
2020-09-29T18:26:24.854+0200: 67.586: [GC (Allocation Failure) 2020-09-29T18:26:24.854+0200: 67.586: [ParNew: 586541K->62751K(613440K), 0.0315384 secs] 603342K->79552K(2029056K), 0.0316215 secs] [Times: user=0.25 sys=0.00, real=0.03 secs] 
2020-09-29T18:26:24.932+0200: 67.664: [GC (Allocation Failure) 2020-09-29T18:26:24.932+0200: 67.664: [ParNew: 608095K->39898K(613440K), 0.0125936 secs] 624896K->56699K(2029056K), 0.0126633 secs] [Times: user=0.13 sys=0.00, real=0.01 secs] 
2020-09-29T18:26:24.994+0200: 67.726: [GC (Allocation Failure) 2020-09-29T18:26:24.994+0200: 67.726: [ParNew: 585242K->44289K(613440K), 0.0269792 secs] 602043K->61090K(2029056K), 0.0270483 secs] [Times: user=0.23 sys=0.00, real=0.03 secs] 
2020-09-29T18:26:25.070+0200: 67.802: [GC (Allocation Failure) 2020-09-29T18:26:25.070+0200: 67.802: [ParNew: 589633K->34386K(613440K), 0.0172303 secs] 606434K->51187K(2029056K), 0.0173013 secs] [Times: user=0.13 sys=0.00, real=0.02 secs] 
2020-09-29T18:26:25.144+0200: 67.876: [GC (Allocation Failure) 2020-09-29T18:26:25.144+0200: 67.876: [ParNew: 579730K->50912K(613440K), 0.0244207 secs] 596531K->67713K(2029056K), 0.0244895 secs] [Times: user=0.25 sys=0.00, real=0.02 secs] 
2020-09-29T18:26:25.220+0200: 67.952: [GC (Allocation Failure) 2020-09-29T18:26:25.220+0200: 67.952: [ParNew: 596256K->37780K(613440K), 0.0228727 secs] 613057K->54581K(2029056K), 0.0229400 secs] [Times: user=0.25 sys=0.00, real=0.02 secs] 
2020-09-29T18:26:25.297+0200: 68.029: [GC (Allocation Failure) 2020-09-29T18:26:25.297+0200: 68.029: [ParNew: 583124K->58562K(613440K), 0.0332633 secs] 599925K->75363K(2029056K), 0.0333301 secs] [Times: user=0.22 sys=0.00, real=0.03 secs] 
2020-09-29T18:26:25.379+0200: 68.111: [GC (Allocation Failure) 2020-09-29T18:26:25.379+0200: 68.111: [ParNew: 603906K->48130K(613440K), 0.0212439 secs] 620707K->64931K(2029056K), 0.0213179 secs] [Times: user=0.13 sys=0.00, real=0.02 secs] 
2020-09-29T18:26:25.448+0200: 68.180: [GC (Allocation Failure) 2020-09-29T18:26:25.448+0200: 68.180: [ParNew: 593474K->43938K(613440K), 0.0283715 secs] 610275K->60738K(2029056K), 0.0284426 secs] [Times: user=0.25 sys=0.00, real=0.03 secs] 
2020-09-29T18:26:25.525+0200: 68.257: [GC (Allocation Failure) 2020-09-29T18:26:25.525+0200: 68.257: [ParNew: 589282K->68096K(613440K), 0.0341329 secs] 606082K->85686K(2029056K), 0.0342014 secs] [Times: user=0.25 sys=0.00, real=0.03 secs] 
2020-09-29T18:26:25.612+0200: 68.344: [GC (Allocation Failure) 2020-09-29T18:26:25.612+0200: 68.344: [ParNew: 613440K->54850K(613440K), 0.0248384 secs] 631030K->72440K(2029056K), 0.0249057 secs] [Times: user=0.23 sys=0.00, real=0.03 secs] 
2020-09-29T18:26:25.694+0200: 68.427: [GC (Allocation Failure) 2020-09-29T18:26:25.694+0200: 68.427: [ParNew: 600194K->68096K(613440K), 0.0322960 secs] 617784K->86220K(2029056K), 0.0323695 secs] [Times: user=0.25 sys=0.00, real=0.03 secs] 
2020-09-29T18:26:25.775+0200: 68.508: [GC (Allocation Failure) 2020-09-29T18:26:25.775+0200: 68.508: [ParNew: 613440K->55678K(613440K), 0.0243684 secs] 631564K->73802K(2029056K), 0.0244412 secs] [Times: user=0.13 sys=0.00, real=0.02 secs] 
2020-09-29T18:26:25.850+0200: 68.583: [GC (Allocation Failure) 2020-09-29T18:26:25.850+0200: 68.583: [ParNew: 601022K->52347K(613440K), 0.0307141 secs] 619146K->70471K(2029056K), 0.0307865 secs] [Times: user=0.25 sys=0.00, real=0.03 secs] 
2020-09-29T18:26:25.929+0200: 68.661: [GC (Allocation Failure) 2020-09-29T18:26:25.929+0200: 68.661: [ParNew: 597691K->45025K(613440K), 0.0222433 secs] 615815K->63149K(2029056K), 0.0223118 secs] [Times: user=0.13 sys=0.00, real=0.02 secs] 
2020-09-29T18:26:26.003+0200: 68.736: [GC (Allocation Failure) 2020-09-29T18:26:26.003+0200: 68.736: [ParNew: 590369K->62973K(613440K), 0.0275249 secs] 608493K->81097K(2029056K), 0.0275946 secs] [Times: user=0.17 sys=0.00, real=0.03 secs] 
2020-09-29T18:26:26.083+0200: 68.815: [GC (Allocation Failure) 2020-09-29T18:26:26.083+0200: 68.815: [ParNew: 608317K->43436K(613440K), 0.0215478 secs] 626441K->61560K(2029056K), 0.0216171 secs] [Times: user=0.13 sys=0.00, real=0.02 secs] 
2020-09-29T18:26:26.159+0200: 68.890: [GC (Allocation Failure) 2020-09-29T18:26:26.159+0200: 68.891: [ParNew: 588780K->43040K(613440K), 0.0277439 secs] 606904K->61164K(2029056K), 0.0278149 secs] [Times: user=0.25 sys=0.00, real=0.03 secs] 
2020-09-29T18:26:26.234+0200: 68.966: [GC (Allocation Failure) 2020-09-29T18:26:26.234+0200: 68.966: [ParNew: 588384K->37073K(613440K), 0.0191035 secs] 606508K->55197K(2029056K), 0.0191714 secs] [Times: user=0.13 sys=0.00, real=0.02 secs] 
2020-09-29T18:26:26.310+0200: 69.042: [GC (Allocation Failure) 2020-09-29T18:26:26.310+0200: 69.042: [ParNew: 582417K->57975K(613440K), 0.0321509 secs] 600541K->76100K(2029056K), 0.0322379 secs] [Times: user=0.25 sys=0.00, real=0.03 secs] 
2020-09-29T18:26:26.391+0200: 69.123: [GC (Allocation Failure) 2020-09-29T18:26:26.391+0200: 69.123: [ParNew: 603319K->47198K(613440K), 0.0147455 secs] 621444K->65322K(2029056K), 0.0148134 secs] [Times: user=0.13 sys=0.00, real=0.01 secs] 
2020-09-29T18:26:26.476+0200: 69.208: [GC (Allocation Failure) 2020-09-29T18:26:26.476+0200: 69.208: [ParNew: 592542K->32132K(613440K), 0.0218218 secs] 610666K->50256K(2029056K), 0.0219125 secs] [Times: user=0.13 sys=0.00, real=0.02 secs] 
2020-09-29T18:26:26.547+0200: 69.279: [GC (Allocation Failure) 2020-09-29T18:26:26.547+0200: 69.279: [ParNew: 577476K->29572K(613440K), 0.0191812 secs] 595600K->47696K(2029056K), 0.0192651 secs] [Times: user=0.13 sys=0.00, real=0.02 secs] 
2020-09-29T18:26:26.617+0200: 69.349: [GC (Allocation Failure) 2020-09-29T18:26:26.617+0200: 69.349: [ParNew: 574916K->51935K(613440K), 0.0269215 secs] 593040K->70059K(2029056K), 0.0269915 secs] [Times: user=0.13 sys=0.00, real=0.03 secs] 
2020-09-29T18:26:26.693+0200: 69.425: [GC (Allocation Failure) 2020-09-29T18:26:26.693+0200: 69.425: [ParNew: 597279K->61901K(613440K), 0.0294814 secs] 615403K->80025K(2029056K), 0.0295575 secs] [Times: user=0.13 sys=0.00, real=0.03 secs] 
2020-09-29T18:26:26.787+0200: 69.520: [GC (Allocation Failure) 2020-09-29T18:26:26.787+0200: 69.520: [ParNew: 607245K->46623K(613440K), 0.0276312 secs] 625369K->64748K(2029056K), 0.0277167 secs] [Times: user=0.13 sys=0.00, real=0.03 secs] 
2020-09-29T18:26:26.874+0200: 69.607: [GC (Allocation Failure) 2020-09-29T18:26:26.874+0200: 69.607: [ParNew: 591967K->47324K(613440K), 0.0269554 secs] 610092K->65448K(2029056K), 0.0270408 secs] [Times: user=0.23 sys=0.00, real=0.03 secs] 
2020-09-29T18:26:26.965+0200: 69.698: [GC (Allocation Failure) 2020-09-29T18:26:26.965+0200: 69.698: [ParNew: 592668K->39693K(613440K), 0.0247039 secs] 610792K->57817K(2029056K), 0.0247847 secs] [Times: user=0.25 sys=0.00, real=0.03 secs] 
2020-09-29T18:26:27.042+0200: 69.775: [GC (Allocation Failure) 2020-09-29T18:26:27.042+0200: 69.775: [ParNew: 585037K->58430K(613440K), 0.0328726 secs] 603161K->76554K(2029056K), 0.0329663 secs] [Times: user=0.25 sys=0.00, real=0.03 secs] 
2020-09-29T18:26:27.129+0200: 69.862: [GC (Allocation Failure) 2020-09-29T18:26:27.129+0200: 69.862: [ParNew: 603774K->44537K(613440K), 0.0302017 secs] 621898K->62661K(2029056K), 0.0302798 secs] [Times: user=0.13 sys=0.00, real=0.03 secs] 
2020-09-29T18:26:27.211+0200: 69.944: [GC (Allocation Failure) 2020-09-29T18:26:27.211+0200: 69.944: [ParNew: 589881K->45917K(613440K), 0.0283944 secs] 608005K->64041K(2029056K), 0.0284810 secs] [Times: user=0.25 sys=0.00, real=0.03 secs] 
2020-09-29T18:26:27.310+0200: 70.042: [GC (Allocation Failure) 2020-09-29T18:26:27.311+0200: 70.042: [ParNew: 591261K->66101K(613440K), 0.0351657 secs] 609385K->84225K(2029056K), 0.0352740 secs] [Times: user=0.25 sys=0.00, real=0.04 secs] 
2020-09-29T18:26:27.402+0200: 70.134: [GC (Allocation Failure) 2020-09-29T18:26:27.402+0200: 70.134: [ParNew: 611445K->58534K(613440K), 0.0284829 secs] 629569K->76658K(2029056K), 0.0285659 secs] [Times: user=0.23 sys=0.00, real=0.03 secs] 
2020-09-29T18:26:27.484+0200: 70.216: [GC (Allocation Failure) 2020-09-29T18:26:27.484+0200: 70.216: [ParNew: 603878K->45348K(613440K), 0.0258612 secs] 622002K->63472K(2029056K), 0.0259573 secs] [Times: user=0.25 sys=0.00, real=0.03 secs] 
2020-09-29T18:26:27.562+0200: 70.295: [GC (Allocation Failure) 2020-09-29T18:26:27.562+0200: 70.295: [ParNew: 590692K->36046K(613440K), 0.0234334 secs] 608816K->54170K(2029056K), 0.0235321 secs] [Times: user=0.25 sys=0.00, real=0.02 secs] 
2020-09-29T18:26:27.637+0200: 70.369: [GC (Allocation Failure) 2020-09-29T18:26:27.637+0200: 70.369: [ParNew: 581390K->57397K(613440K), 0.0307891 secs] 599514K->75521K(2029056K), 0.0308840 secs] [Times: user=0.23 sys=0.00, real=0.03 secs] 
2020-09-29T18:26:27.728+0200: 70.461: [GC (Allocation Failure) 2020-09-29T18:26:27.728+0200: 70.461: [ParNew: 602741K->41461K(613440K), 0.0304321 secs] 620865K->59585K(2029056K), 0.0305118 secs] [Times: user=0.25 sys=0.00, real=0.03 secs] 
2020-09-29T18:26:27.819+0200: 70.551: [GC (Allocation Failure) 2020-09-29T18:26:27.819+0200: 70.551: [ParNew: 586805K->41344K(613440K), 0.0292498 secs] 604929K->59468K(2029056K), 0.0293598 secs] [Times: user=0.25 sys=0.00, real=0.03 secs] 
2020-09-29T18:26:27.909+0200: 70.642: [GC (Allocation Failure) 2020-09-29T18:26:27.909+0200: 70.642: [ParNew: 586688K->41149K(613440K), 0.0280346 secs] 604812K->59273K(2029056K), 0.0281105 secs] [Times: user=0.25 sys=0.00, real=0.03 secs] 
2020-09-29T18:26:27.998+0200: 70.731: [GC (Allocation Failure) 2020-09-29T18:26:27.998+0200: 70.731: [ParNew: 586493K->32343K(613440K), 0.0157979 secs] 604617K->50467K(2029056K), 0.0158716 secs] [Times: user=0.13 sys=0.00, real=0.02 secs] 
2020-09-29T18:26:28.076+0200: 70.809: [GC (Allocation Failure) 2020-09-29T18:26:28.076+0200: 70.809: [ParNew: 577687K->34367K(613440K), 0.0235866 secs] 595811K->52491K(2029056K), 0.0236617 secs] [Times: user=0.25 sys=0.00, real=0.02 secs] 
2020-09-29T18:26:28.155+0200: 70.888: [GC (Allocation Failure) 2020-09-29T18:26:28.155+0200: 70.888: [ParNew: 579711K->44415K(613440K), 0.0329879 secs] 597835K->62540K(2029056K), 0.0330620 secs] [Times: user=0.25 sys=0.00, real=0.03 secs] 
2020-09-29T18:26:28.238+0200: 70.970: [GC (Allocation Failure) 2020-09-29T18:26:28.238+0200: 70.970: [ParNew: 589759K->52097K(613440K), 0.0314279 secs] 607884K->70221K(2029056K), 0.0315078 secs] [Times: user=0.25 sys=0.00, real=0.03 secs] 
2020-09-29T18:26:28.317+0200: 71.050: [GC (Allocation Failure) 2020-09-29T18:26:28.317+0200: 71.050: [ParNew: 597441K->42971K(613440K), 0.0274095 secs] 615565K->61095K(2029056K), 0.0274883 secs] [Times: user=0.13 sys=0.00, real=0.03 secs] 
2020-09-29T18:26:28.397+0200: 71.130: [GC (Allocation Failure) 2020-09-29T18:26:28.397+0200: 71.130: [ParNew: 588315K->39952K(613440K), 0.0244963 secs] 606439K->58076K(2029056K), 0.0245821 secs] [Times: user=0.13 sys=0.00, real=0.02 secs] 
2020-09-29T18:26:28.482+0200: 71.214: [GC (Allocation Failure) 2020-09-29T18:26:28.482+0200: 71.214: [ParNew: 585296K->59041K(613440K), 0.0336260 secs] 603420K->77165K(2029056K), 0.0337021 secs] [Times: user=0.25 sys=0.00, real=0.03 secs] 
2020-09-29T18:26:28.564+0200: 71.296: [GC (Allocation Failure) 2020-09-29T18:26:28.564+0200: 71.296: [ParNew: 604385K->45261K(613440K), 0.0321967 secs] 622509K->63385K(2029056K), 0.0323031 secs] [Times: user=0.22 sys=0.00, real=0.03 secs] 
2020-09-29T18:26:28.649+0200: 71.382: [GC (Allocation Failure) 2020-09-29T18:26:28.649+0200: 71.382: [ParNew: 590605K->41441K(613440K), 0.0229803 secs] 608729K->59565K(2029056K), 0.0230613 secs] [Times: user=0.13 sys=0.00, real=0.02 secs] 
2020-09-29T18:26:28.744+0200: 71.476: [GC (Allocation Failure) 2020-09-29T18:26:28.744+0200: 71.477: [ParNew: 586785K->56150K(613440K), 0.0383453 secs] 604909K->74275K(2029056K), 0.0384461 secs] [Times: user=0.25 sys=0.00, real=0.04 secs] 
2020-09-29T18:26:28.833+0200: 71.566: [GC (Allocation Failure) 2020-09-29T18:26:28.833+0200: 71.566: [ParNew: 601494K->68096K(613440K), 0.0386236 secs] 619619K->86943K(2029056K), 0.0386920 secs] [Times: user=0.25 sys=0.00, real=0.04 secs] 
2020-09-29T18:26:28.919+0200: 71.651: [GC (Allocation Failure) 2020-09-29T18:26:28.919+0200: 71.651: [ParNew: 613440K->56639K(613440K), 0.0282492 secs] 632287K->75486K(2029056K), 0.0283244 secs] [Times: user=0.25 sys=0.00, real=0.03 secs] 
2020-09-29T18:26:28.997+0200: 71.729: [GC (Allocation Failure) 2020-09-29T18:26:28.997+0200: 71.729: [ParNew: 601983K->54684K(613440K), 0.0350013 secs] 620830K->73531K(2029056K), 0.0350767 secs] [Times: user=0.25 sys=0.00, real=0.04 secs] 
2020-09-29T18:26:29.080+0200: 71.812: [GC (Allocation Failure) 2020-09-29T18:26:29.080+0200: 71.812: [ParNew: 600028K->44904K(613440K), 0.0238751 secs] 618875K->63751K(2029056K), 0.0239516 secs] [Times: user=0.25 sys=0.00, real=0.02 secs] 
2020-09-29T18:26:29.162+0200: 71.894: [GC (Allocation Failure) 2020-09-29T18:26:29.162+0200: 71.894: [ParNew: 590248K->37639K(613440K), 0.0211112 secs] 609095K->56487K(2029056K), 0.0211874 secs] [Times: user=0.13 sys=0.00, real=0.02 secs] 
2020-09-29T18:26:29.242+0200: 71.974: [GC (Allocation Failure) 2020-09-29T18:26:29.242+0200: 71.974: [ParNew: 582983K->50949K(613440K), 0.0288984 secs] 601831K->69796K(2029056K), 0.0289746 secs] [Times: user=0.25 sys=0.00, real=0.03 secs] 
2020-09-29T18:26:29.333+0200: 72.065: [GC (Allocation Failure) 2020-09-29T18:26:29.333+0200: 72.065: [ParNew: 596293K->33997K(613440K), 0.0208046 secs] 615140K->52844K(2029056K), 0.0208930 secs] [Times: user=0.13 sys=0.00, real=0.02 secs] 
2020-09-29T18:26:29.422+0200: 72.154: [GC (Allocation Failure) 2020-09-29T18:26:29.422+0200: 72.154: [ParNew: 579341K->49374K(613440K), 0.0351490 secs] 598188K->68221K(2029056K), 0.0352241 secs] [Times: user=0.25 sys=0.00, real=0.04 secs] 
2020-09-29T18:26:29.506+0200: 72.238: [GC (Allocation Failure) 2020-09-29T18:26:29.506+0200: 72.238: [ParNew: 594718K->45425K(613440K), 0.0257071 secs] 613565K->64272K(2029056K), 0.0257834 secs] [Times: user=0.13 sys=0.00, real=0.03 secs] 
2020-09-29T18:26:29.592+0200: 72.324: [GC (Allocation Failure) 2020-09-29T18:26:29.592+0200: 72.324: [ParNew: 590769K->66418K(613440K), 0.0401501 secs] 609616K->85266K(2029056K), 0.0402260 secs] [Times: user=0.38 sys=0.00, real=0.04 secs] 
2020-09-29T18:26:29.682+0200: 72.414: [GC (Allocation Failure) 2020-09-29T18:26:29.682+0200: 72.414: [ParNew: 611762K->61117K(613440K), 0.0310231 secs] 630610K->79964K(2029056K), 0.0311169 secs] [Times: user=0.25 sys=0.00, real=0.03 secs] 
2020-09-29T18:26:29.762+0200: 72.495: [GC (Allocation Failure) 2020-09-29T18:26:29.762+0200: 72.495: [ParNew: 606461K->44934K(613440K), 0.0213429 secs] 625308K->63782K(2029056K), 0.0214336 secs] [Times: user=0.13 sys=0.00, real=0.02 secs] 
2020-09-29T18:26:29.852+0200: 72.584: [GC (Allocation Failure) 2020-09-29T18:26:29.852+0200: 72.584: [ParNew: 590278K->41284K(613440K), 0.0289877 secs] 609126K->60131K(2029056K), 0.0290627 secs] [Times: user=0.25 sys=0.00, real=0.03 secs] 
2020-09-29T18:26:29.934+0200: 72.666: [GC (Allocation Failure) 2020-09-29T18:26:29.934+0200: 72.666: [ParNew: 586628K->37194K(613440K), 0.0277013 secs] 605475K->56041K(2029056K), 0.0277772 secs] [Times: user=0.25 sys=0.00, real=0.03 secs] 
2020-09-29T18:26:30.018+0200: 72.750: [GC (Allocation Failure) 2020-09-29T18:26:30.018+0200: 72.750: [ParNew: 582538K->37363K(613440K), 0.0269351 secs] 601385K->56210K(2029056K), 0.0270104 secs] [Times: user=0.25 sys=0.00, real=0.03 secs] 
2020-09-29T18:26:30.100+0200: 72.833: [GC (Allocation Failure) 2020-09-29T18:26:30.100+0200: 72.833: [ParNew: 582707K->63619K(613440K), 0.0345623 secs] 601554K->82466K(2029056K), 0.0346416 secs] [Times: user=0.25 sys=0.00, real=0.04 secs] 
2020-09-29T18:26:30.184+0200: 72.916: [GC (Allocation Failure) 2020-09-29T18:26:30.184+0200: 72.916: [ParNew: 608963K->50037K(613440K), 0.0243019 secs] 627810K->68884K(2029056K), 0.0243723 secs] [Times: user=0.25 sys=0.00, real=0.02 secs] 
2020-09-29T18:26:30.264+0200: 72.996: [GC (Allocation Failure) 2020-09-29T18:26:30.264+0200: 72.996: [ParNew: 595381K->42365K(613440K), 0.0234982 secs] 614228K->61213K(2029056K), 0.0235726 secs] [Times: user=0.25 sys=0.00, real=0.02 secs] 
2020-09-29T18:26:30.338+0200: 73.070: [GC (Allocation Failure) 2020-09-29T18:26:30.338+0200: 73.070: [ParNew: 587709K->53062K(613440K), 0.0314667 secs] 606557K->71909K(2029056K), 0.0315603 secs] [Times: user=0.25 sys=0.00, real=0.03 secs] 
2020-09-29T18:26:30.424+0200: 73.156: [GC (Allocation Failure) 2020-09-29T18:26:30.424+0200: 73.156: [ParNew: 598406K->68096K(613440K), 0.0369794 secs] 617253K->86943K(2029056K), 0.0370541 secs] [Times: user=0.38 sys=0.00, real=0.04 secs] 
2020-09-29T18:26:30.513+0200: 73.245: [GC (Allocation Failure) 2020-09-29T18:26:30.513+0200: 73.245: [ParNew: 613440K->45926K(613440K), 0.0167879 secs] 632287K->64773K(2029056K), 0.0168684 secs] [Times: user=0.13 sys=0.00, real=0.02 secs] 
2020-09-29T18:26:30.589+0200: 73.321: [GC (Allocation Failure) 2020-09-29T18:26:30.589+0200: 73.321: [ParNew: 591270K->40042K(613440K), 0.0274274 secs] 610117K->58890K(2029056K), 0.0275153 secs] [Times: user=0.25 sys=0.00, real=0.03 secs] 
2020-09-29T18:26:30.671+0200: 73.403: [GC (Allocation Failure) 2020-09-29T18:26:30.671+0200: 73.403: [ParNew: 585386K->35259K(613440K), 0.0240542 secs] 604234K->54106K(2029056K), 0.0241269 secs] [Times: user=0.25 sys=0.00, real=0.02 secs] 
2020-09-29T18:26:30.757+0200: 73.488: [GC (Allocation Failure) 2020-09-29T18:26:30.757+0200: 73.488: [ParNew: 580603K->35528K(613440K), 0.0225017 secs] 599450K->54375K(2029056K), 0.0225794 secs] [Times: user=0.13 sys=0.00, real=0.02 secs] 
2020-09-29T18:26:30.836+0200: 73.568: [GC (Allocation Failure) 2020-09-29T18:26:30.836+0200: 73.568: [ParNew: 580872K->57608K(613440K), 0.0323539 secs] 599719K->76456K(2029056K), 0.0324275 secs] [Times: user=0.25 sys=0.00, real=0.03 secs] 
2020-09-29T18:26:30.923+0200: 73.655: [GC (Allocation Failure) 2020-09-29T18:26:30.923+0200: 73.655: [ParNew: 602952K->39325K(613440K), 0.0197606 secs] 621800K->58172K(2029056K), 0.0198455 secs] [Times: user=0.25 sys=0.00, real=0.02 secs] 
2020-09-29T18:26:31.003+0200: 73.735: [GC (Allocation Failure) 2020-09-29T18:26:31.003+0200: 73.735: [ParNew: 584669K->38136K(613440K), 0.0287559 secs] 603516K->56983K(2029056K), 0.0288332 secs] [Times: user=0.25 sys=0.00, real=0.03 secs] 
2020-09-29T18:26:31.082+0200: 73.814: [GC (Allocation Failure) 2020-09-29T18:26:31.082+0200: 73.814: [ParNew: 583480K->68096K(613440K), 0.0433653 secs] 602327K->87350K(2029056K), 0.0434391 secs] [Times: user=0.30 sys=0.00, real=0.04 secs] 
2020-09-29T18:26:31.176+0200: 73.907: [GC (Allocation Failure) 2020-09-29T18:26:31.176+0200: 73.907: [ParNew: 613440K->67180K(613440K), 0.0345748 secs] 632694K->86434K(2029056K), 0.0346802 secs] [Times: user=0.38 sys=0.00, real=0.03 secs] 
2020-09-29T18:26:31.259+0200: 73.991: [GC (Allocation Failure) 2020-09-29T18:26:31.259+0200: 73.991: [ParNew: 612524K->55713K(613440K), 0.0336833 secs] 631778K->74967K(2029056K), 0.0337812 secs] [Times: user=0.25 sys=0.00, real=0.03 secs] 
2020-09-29T18:26:31.356+0200: 74.087: [GC (Allocation Failure) 2020-09-29T18:26:31.356+0200: 74.087: [ParNew: 601057K->44187K(613440K), 0.0239525 secs] 620311K->63441K(2029056K), 0.0240368 secs] [Times: user=0.14 sys=0.00, real=0.02 secs] 
2020-09-29T18:26:31.440+0200: 74.171: [GC (Allocation Failure) 2020-09-29T18:26:31.440+0200: 74.171: [ParNew: 589531K->28175K(613440K), 0.0211836 secs] 608785K->47430K(2029056K), 0.0212798 secs] [Times: user=0.25 sys=0.00, real=0.02 secs] 
2020-09-29T18:26:31.520+0200: 74.252: [GC (Allocation Failure) 2020-09-29T18:26:31.520+0200: 74.252: [ParNew: 573519K->48484K(613440K), 0.0302209 secs] 592774K->67739K(2029056K), 0.0303033 secs] [Times: user=0.25 sys=0.00, real=0.03 secs] 
2020-09-29T18:26:31.604+0200: 74.336: [GC (Allocation Failure) 2020-09-29T18:26:31.604+0200: 74.336: [ParNew: 593828K->46725K(613440K), 0.0292019 secs] 613083K->65980K(2029056K), 0.0292907 secs] [Times: user=0.25 sys=0.00, real=0.03 secs] 
2020-09-29T18:26:31.692+0200: 74.424: [GC (Allocation Failure) 2020-09-29T18:26:31.692+0200: 74.424: [ParNew: 592069K->68096K(613440K), 0.0229097 secs] 611324K->87350K(2029056K), 0.0229642 secs] [Times: user=0.13 sys=0.00, real=0.02 secs] 
2020-09-29T18:26:31.763+0200: 74.494: [GC (Allocation Failure) 2020-09-29T18:26:31.763+0200: 74.494: [ParNew: 613440K->45141K(613440K), 0.0107795 secs] 632694K->64395K(2029056K), 0.0108764 secs] [Times: user=0.13 sys=0.00, real=0.01 secs] 
2020-09-29T18:26:31.827+0200: 74.559: [GC (Allocation Failure) 2020-09-29T18:26:31.827+0200: 74.559: [ParNew: 590485K->49952K(613440K), 0.0216640 secs] 609739K->69207K(2029056K), 0.0217333 secs] [Times: user=0.25 sys=0.00, real=0.02 secs] 
2020-09-29T18:26:31.897+0200: 74.629: [GC (Allocation Failure) 2020-09-29T18:26:31.897+0200: 74.629: [ParNew: 595296K->42117K(613440K), 0.0155527 secs] 614551K->61372K(2029056K), 0.0156164 secs] [Times: user=0.13 sys=0.00, real=0.02 secs] 
2020-09-29T18:26:31.961+0200: 74.692: [GC (Allocation Failure) 2020-09-29T18:26:31.961+0200: 74.692: [ParNew: 587461K->31808K(613440K), 0.0160823 secs] 606716K->51062K(2029056K), 0.0161398 secs] [Times: user=0.13 sys=0.00, real=0.02 secs] 
2020-09-29T18:26:32.023+0200: 74.755: [GC (Allocation Failure) 2020-09-29T18:26:32.023+0200: 74.755: [ParNew: 577152K->55644K(613440K), 0.0187747 secs] 596406K->74899K(2029056K), 0.0188430 secs] [Times: user=0.13 sys=0.00, real=0.02 secs] 
2020-09-29T18:26:32.091+0200: 74.822: [GC (Allocation Failure) 2020-09-29T18:26:32.091+0200: 74.823: [ParNew: 600988K->41340K(613440K), 0.0178943 secs] 620243K->60594K(2029056K), 0.0179535 secs] [Times: user=0.13 sys=0.00, real=0.02 secs] 
2020-09-29T18:26:32.156+0200: 74.888: [GC (Allocation Failure) 2020-09-29T18:26:32.156+0200: 74.888: [ParNew: 586684K->37467K(613440K), 0.0116816 secs] 605938K->56722K(2029056K), 0.0117380 secs] [Times: user=0.13 sys=0.00, real=0.01 secs] 
2020-09-29T18:26:32.220+0200: 74.952: [GC (Allocation Failure) 2020-09-29T18:26:32.220+0200: 74.952: [ParNew: 582811K->34997K(613440K), 0.0170520 secs] 602066K->54252K(2029056K), 0.0171074 secs] [Times: user=0.11 sys=0.00, real=0.02 secs] 
2020-09-29T18:26:32.284+0200: 75.016: [GC (Allocation Failure) 2020-09-29T18:26:32.284+0200: 75.016: [ParNew: 580341K->49376K(613440K), 0.0207777 secs] 599596K->68631K(2029056K), 0.0208477 secs] [Times: user=0.25 sys=0.00, real=0.02 secs] 
2020-09-29T18:26:32.352+0200: 75.084: [GC (Allocation Failure) 2020-09-29T18:26:32.352+0200: 75.084: [ParNew: 594720K->46168K(613440K), 0.0197319 secs] 613975K->65423K(2029056K), 0.0197998 secs] [Times: user=0.13 sys=0.00, real=0.02 secs] 
2020-09-29T18:26:32.420+0200: 75.152: [GC (Allocation Failure) 2020-09-29T18:26:32.420+0200: 75.152: [ParNew: 591512K->48393K(613440K), 0.0192230 secs] 610767K->67648K(2029056K), 0.0192794 secs] [Times: user=0.13 sys=0.00, real=0.02 secs] 
2020-09-29T18:26:32.486+0200: 75.218: [GC (Allocation Failure) 2020-09-29T18:26:32.486+0200: 75.218: [ParNew: 593737K->43315K(613440K), 0.0187949 secs] 612992K->62569K(2029056K), 0.0188696 secs] [Times: user=0.25 sys=0.00, real=0.02 secs] 
2020-09-29T18:26:32.552+0200: 75.283: [GC (Allocation Failure) 2020-09-29T18:26:32.552+0200: 75.283: [ParNew: 588659K->41558K(613440K), 0.0171770 secs] 607913K->60813K(2029056K), 0.0172693 secs] [Times: user=0.13 sys=0.00, real=0.02 secs] 
2020-09-29T18:26:32.618+0200: 75.350: [GC (Allocation Failure) 2020-09-29T18:26:32.618+0200: 75.350: [ParNew: 586902K->39942K(613440K), 0.0174138 secs] 606157K->59196K(2029056K), 0.0174745 secs] [Times: user=0.11 sys=0.00, real=0.02 secs] 
2020-09-29T18:26:32.684+0200: 75.416: [GC (Allocation Failure) 2020-09-29T18:26:32.684+0200: 75.416: [ParNew: 585286K->60754K(613440K), 0.0200175 secs] 604540K->80008K(2029056K), 0.0200862 secs] [Times: user=0.13 sys=0.00, real=0.02 secs] 
2020-09-29T18:26:32.751+0200: 75.483: [GC (Allocation Failure) 2020-09-29T18:26:32.751+0200: 75.483: [ParNew: 606098K->42526K(613440K), 0.0139804 secs] 625352K->61781K(2029056K), 0.0140409 secs] [Times: user=0.13 sys=0.00, real=0.01 secs] 
2020-09-29T18:26:32.816+0200: 75.547: [GC (Allocation Failure) 2020-09-29T18:26:32.816+0200: 75.547: [ParNew: 587870K->42171K(613440K), 0.0187842 secs] 607125K->61426K(2029056K), 0.0188729 secs] [Times: user=0.25 sys=0.00, real=0.02 secs] 
2020-09-29T18:26:32.884+0200: 75.616: [GC (Allocation Failure) 2020-09-29T18:26:32.884+0200: 75.616: [ParNew: 587515K->56229K(613440K), 0.0182886 secs] 606770K->75483K(2029056K), 0.0183594 secs] [Times: user=0.13 sys=0.00, real=0.02 secs] 
2020-09-29T18:26:32.952+0200: 75.684: [GC (Allocation Failure) 2020-09-29T18:26:32.952+0200: 75.684: [ParNew: 601573K->61493K(613440K), 0.0238419 secs] 620827K->80748K(2029056K), 0.0239318 secs] [Times: user=0.25 sys=0.00, real=0.02 secs] 
2020-09-29T18:26:33.027+0200: 75.759: [GC (Allocation Failure) 2020-09-29T18:26:33.027+0200: 75.759: [ParNew: 606837K->46565K(613440K), 0.0174079 secs] 626092K->65819K(2029056K), 0.0174900 secs] [Times: user=0.13 sys=0.00, real=0.02 secs] 
2020-09-29T18:26:33.102+0200: 75.834: [GC (Allocation Failure) 2020-09-29T18:26:33.102+0200: 75.834: [ParNew: 591909K->36414K(613440K), 0.0158488 secs] 611163K->55669K(2029056K), 0.0159037 secs] [Times: user=0.13 sys=0.00, real=0.02 secs] 
2020-09-29T18:26:33.167+0200: 75.899: [GC (Allocation Failure) 2020-09-29T18:26:33.167+0200: 75.899: [ParNew: 581758K->55036K(613440K), 0.0199927 secs] 601013K->74291K(2029056K), 0.0200677 secs] [Times: user=0.13 sys=0.00, real=0.02 secs] 
2020-09-29T18:26:33.235+0200: 75.967: [GC (Allocation Failure) 2020-09-29T18:26:33.235+0200: 75.967: [ParNew: 600380K->42785K(613440K), 0.0195172 secs] 619635K->62040K(2029056K), 0.0195751 secs] [Times: user=0.13 sys=0.00, real=0.02 secs] 
2020-09-29T18:26:33.303+0200: 76.035: [GC (Allocation Failure) 2020-09-29T18:26:33.303+0200: 76.035: [ParNew: 588129K->44620K(613440K), 0.0182133 secs] 607384K->63875K(2029056K), 0.0182744 secs] [Times: user=0.13 sys=0.00, real=0.02 secs] 
2020-09-29T18:26:33.372+0200: 76.104: [GC (Allocation Failure) 2020-09-29T18:26:33.372+0200: 76.104: [ParNew: 589964K->68096K(613440K), 0.0241270 secs] 609219K->87955K(2029056K), 0.0241821 secs] [Times: user=0.25 sys=0.00, real=0.02 secs] 
2020-09-29T18:26:33.445+0200: 76.176: [GC (Allocation Failure) 2020-09-29T18:26:33.445+0200: 76.176: [ParNew: 613440K->46130K(613440K), 0.0173040 secs] 633299K->65990K(2029056K), 0.0173580 secs] [Times: user=0.13 sys=0.00, real=0.02 secs] 
2020-09-29T18:26:33.509+0200: 76.241: [GC (Allocation Failure) 2020-09-29T18:26:33.509+0200: 76.241: [ParNew: 591474K->38768K(613440K), 0.0166859 secs] 611334K->58628K(2029056K), 0.0167529 secs] [Times: user=0.13 sys=0.00, real=0.02 secs] 
2020-09-29T18:26:33.573+0200: 76.305: [GC (Allocation Failure) 2020-09-29T18:26:33.573+0200: 76.305: [ParNew: 584112K->29250K(613440K), 0.0099597 secs] 603972K->49110K(2029056K), 0.0100340 secs] [Times: user=0.11 sys=0.00, real=0.01 secs] 
2020-09-29T18:26:33.644+0200: 76.376: [GC (Allocation Failure) 2020-09-29T18:26:33.644+0200: 76.376: [ParNew: 574594K->31263K(613440K), 0.0155025 secs] 594454K->51123K(2029056K), 0.0155592 secs] [Times: user=0.09 sys=0.00, real=0.02 secs] 
2020-09-29T18:26:33.706+0200: 76.438: [GC (Allocation Failure) 2020-09-29T18:26:33.706+0200: 76.438: [ParNew: 576607K->58154K(613440K), 0.0231533 secs] 596467K->78014K(2029056K), 0.0232164 secs] [Times: user=0.25 sys=0.00, real=0.02 secs] 
2020-09-29T18:26:33.777+0200: 76.509: [GC (Allocation Failure) 2020-09-29T18:26:33.777+0200: 76.509: [ParNew: 603498K->47774K(613440K), 0.0175574 secs] 623358K->67634K(2029056K), 0.0176104 secs] [Times: user=0.13 sys=0.00, real=0.02 secs] 
2020-09-29T18:26:33.842+0200: 76.573: [GC (Allocation Failure) 2020-09-29T18:26:33.842+0200: 76.573: [ParNew: 593118K->68096K(613440K), 0.0226068 secs] 612978K->87955K(2029056K), 0.0226949 secs] [Times: user=0.25 sys=0.00, real=0.02 secs] 
2020-09-29T18:26:33.911+0200: 76.643: [GC (Allocation Failure) 2020-09-29T18:26:33.911+0200: 76.643: [ParNew: 613440K->50136K(613440K), 0.0159996 secs] 633299K->69996K(2029056K), 0.0160567 secs] [Times: user=0.13 sys=0.00, real=0.02 secs] 
2020-09-29T18:26:33.975+0200: 76.707: [GC (Allocation Failure) 2020-09-29T18:26:33.975+0200: 76.707: [ParNew: 595480K->22437K(613440K), 0.0097560 secs] 615340K->42297K(2029056K), 0.0098127 secs] [Times: user=0.00 sys=0.00, real=0.01 secs] 
2020-09-29T18:26:34.032+0200: 76.764: [GC (Allocation Failure) 2020-09-29T18:26:34.032+0200: 76.764: [ParNew: 567781K->40343K(613440K), 0.0183126 secs] 587641K->60203K(2029056K), 0.0183849 secs] [Times: user=0.13 sys=0.00, real=0.02 secs] 
2020-09-29T18:26:34.100+0200: 76.832: [GC (Allocation Failure) 2020-09-29T18:26:34.100+0200: 76.832: [ParNew: 585687K->56224K(613440K), 0.0176425 secs] 605547K->76084K(2029056K), 0.0176998 secs] [Times: user=0.13 sys=0.00, real=0.02 secs] 
2020-09-29T18:26:34.167+0200: 76.899: [GC (Allocation Failure) 2020-09-29T18:26:34.167+0200: 76.899: [ParNew: 601568K->41051K(613440K), 0.0171869 secs] 621428K->60911K(2029056K), 0.0172423 secs] [Times: user=0.13 sys=0.00, real=0.02 secs] 
2020-09-29T18:26:34.233+0200: 76.965: [GC (Allocation Failure) 2020-09-29T18:26:34.234+0200: 76.965: [ParNew: 586395K->37458K(613440K), 0.0180212 secs] 606255K->57318K(2029056K), 0.0180861 secs] [Times: user=0.13 sys=0.00, real=0.02 secs] 
2020-09-29T18:26:34.301+0200: 77.033: [GC (Allocation Failure) 2020-09-29T18:26:34.301+0200: 77.033: [ParNew: 582802K->60193K(613440K), 0.0202585 secs] 602662K->80053K(2029056K), 0.0203415 secs] [Times: user=0.25 sys=0.00, real=0.02 secs] 
2020-09-29T18:26:34.369+0200: 77.101: [GC (Allocation Failure) 2020-09-29T18:26:34.369+0200: 77.101: [ParNew: 605537K->46650K(613440K), 0.0148046 secs] 625397K->66510K(2029056K), 0.0148615 secs] [Times: user=0.13 sys=0.00, real=0.02 secs] 
2020-09-29T18:26:34.434+0200: 77.165: [GC (Allocation Failure) 2020-09-29T18:26:34.434+0200: 77.165: [ParNew: 591994K->42301K(613440K), 0.0186975 secs] 611854K->62161K(2029056K), 0.0187667 secs] [Times: user=0.13 sys=0.00, real=0.02 secs] 
2020-09-29T18:26:34.502+0200: 77.234: [GC (Allocation Failure) 2020-09-29T18:26:34.502+0200: 77.234: [ParNew: 587645K->35222K(613440K), 0.0121056 secs] 607505K->55082K(2029056K), 0.0121611 secs] [Times: user=0.13 sys=0.00, real=0.01 secs] 
2020-09-29T18:26:34.560+0200: 77.292: [GC (Allocation Failure) 2020-09-29T18:26:34.560+0200: 77.292: [ParNew: 580566K->48235K(613440K), 0.0216568 secs] 600426K->68095K(2029056K), 0.0217507 secs] [Times: user=0.13 sys=0.00, real=0.02 secs] 
2020-09-29T18:26:34.631+0200: 77.363: [GC (Allocation Failure) 2020-09-29T18:26:34.631+0200: 77.363: [ParNew: 593579K->39490K(613440K), 0.0156785 secs] 613439K->59350K(2029056K), 0.0157408 secs] [Times: user=0.11 sys=0.00, real=0.01 secs] 
2020-09-29T18:26:34.694+0200: 77.426: [GC (Allocation Failure) 2020-09-29T18:26:34.694+0200: 77.426: [ParNew: 584834K->30898K(613440K), 0.0147255 secs] 604694K->50758K(2029056K), 0.0147806 secs] [Times: user=0.13 sys=0.00, real=0.02 secs] 
2020-09-29T18:26:34.756+0200: 77.488: [GC (Allocation Failure) 2020-09-29T18:26:34.756+0200: 77.488: [ParNew: 576242K->56832K(613440K), 0.0235238 secs] 596102K->76692K(2029056K), 0.0235888 secs] [Times: user=0.13 sys=0.00, real=0.02 secs] 
2020-09-29T18:26:34.827+0200: 77.559: [GC (Allocation Failure) 2020-09-29T18:26:34.827+0200: 77.559: [ParNew: 602176K->52953K(613440K), 0.0191310 secs] 622036K->72813K(2029056K), 0.0191993 secs] [Times: user=0.13 sys=0.00, real=0.02 secs] 
2020-09-29T18:26:34.900+0200: 77.632: [GC (Allocation Failure) 2020-09-29T18:26:34.900+0200: 77.632: [ParNew: 598297K->43423K(613440K), 0.0169706 secs] 618157K->63283K(2029056K), 0.0170282 secs] [Times: user=0.13 sys=0.00, real=0.02 secs] 
2020-09-29T18:26:34.965+0200: 77.697: [GC (Allocation Failure) 2020-09-29T18:26:34.965+0200: 77.697: [ParNew: 588767K->68096K(613440K), 0.0216478 secs] 608627K->87955K(2029056K), 0.0217154 secs] [Times: user=0.13 sys=0.00, real=0.02 secs] 
2020-09-29T18:26:35.034+0200: 77.766: [GC (Allocation Failure) 2020-09-29T18:26:35.034+0200: 77.766: [ParNew: 613440K->40533K(613440K), 0.0149524 secs] 633299K->60393K(2029056K), 0.0150078 secs] [Times: user=0.13 sys=0.00, real=0.02 secs] 
2020-09-29T18:26:35.096+0200: 77.828: [GC (Allocation Failure) 2020-09-29T18:26:35.096+0200: 77.828: [ParNew: 585877K->38895K(613440K), 0.0138913 secs] 605737K->58755K(2029056K), 0.0139525 secs] [Times: user=0.13 sys=0.00, real=0.01 secs] 
2020-09-29T18:26:35.157+0200: 77.889: [GC (Allocation Failure) 2020-09-29T18:26:35.157+0200: 77.889: [ParNew: 584239K->30519K(613440K), 0.0138127 secs] 604099K->50379K(2029056K), 0.0138669 secs] [Times: user=0.13 sys=0.00, real=0.01 secs] 
2020-09-29T18:26:35.223+0200: 77.955: [GC (Allocation Failure) 2020-09-29T18:26:35.223+0200: 77.955: [ParNew: 575863K->54074K(613440K), 0.0181846 secs] 595723K->73934K(2029056K), 0.0182398 secs] [Times: user=0.13 sys=0.00, real=0.02 secs] 
2020-09-29T18:26:35.288+0200: 78.020: [GC (Allocation Failure) 2020-09-29T18:26:35.288+0200: 78.020: [ParNew: 599418K->40545K(613440K), 0.0165653 secs] 619278K->60405K(2029056K), 0.0166203 secs] [Times: user=0.13 sys=0.00, real=0.02 secs] 
2020-09-29T18:26:35.353+0200: 78.085: [GC (Allocation Failure) 2020-09-29T18:26:35.353+0200: 78.086: [ParNew: 585889K->32296K(613440K), 0.0106971 secs] 605749K->52156K(2029056K), 0.0107532 secs] [Times: user=0.11 sys=0.00, real=0.01 secs] 
2020-09-29T18:26:35.414+0200: 78.146: [GC (Allocation Failure) 2020-09-29T18:26:35.414+0200: 78.146: [ParNew: 577640K->35534K(613440K), 0.0149393 secs] 597500K->55394K(2029056K), 0.0150030 secs] [Times: user=0.13 sys=0.00, real=0.01 secs] 
2020-09-29T18:26:35.478+0200: 78.210: [GC (Allocation Failure) 2020-09-29T18:26:35.478+0200: 78.210: [ParNew: 580878K->49220K(613440K), 0.0205753 secs] 600738K->69080K(2029056K), 0.0206543 secs] [Times: user=0.13 sys=0.00, real=0.02 secs] 
2020-09-29T18:26:35.546+0200: 78.278: [GC (Allocation Failure) 2020-09-29T18:26:35.546+0200: 78.278: [ParNew: 594564K->41523K(613440K), 0.0145050 secs] 614424K->61383K(2029056K), 0.0220973 secs] [Times: user=0.13 sys=0.00, real=0.02 secs] 
2020-09-29T18:26:35.623+0200: 78.355: [GC (Allocation Failure) 2020-09-29T18:26:35.623+0200: 78.355: [ParNew: 586867K->34649K(613440K), 0.0149652 secs] 606727K->54509K(2029056K), 0.0150229 secs] [Times: user=0.13 sys=0.00, real=0.02 secs] 
2020-09-29T18:26:35.685+0200: 78.417: [GC (Allocation Failure) 2020-09-29T18:26:35.685+0200: 78.417: [ParNew: 579993K->51713K(613440K), 0.0184595 secs] 599853K->71573K(2029056K), 0.0185217 secs] [Times: user=0.13 sys=0.00, real=0.02 secs] 
2020-09-29T18:26:35.754+0200: 78.486: [GC (Allocation Failure) 2020-09-29T18:26:35.754+0200: 78.486: [ParNew: 597057K->39774K(613440K), 0.0179226 secs] 616917K->59634K(2029056K), 0.0180176 secs] [Times: user=0.25 sys=0.00, real=0.02 secs] 
2020-09-29T18:26:35.824+0200: 78.556: [GC (Allocation Failure) 2020-09-29T18:26:35.824+0200: 78.556: [ParNew: 585118K->43523K(613440K), 0.0157367 secs] 604978K->63383K(2029056K), 0.0158186 secs] [Times: user=0.13 sys=0.00, real=0.02 secs] 
2020-09-29T18:26:35.887+0200: 78.619: [GC (Allocation Failure) 2020-09-29T18:26:35.887+0200: 78.619: [ParNew: 588867K->64684K(613440K), 0.0254325 secs] 608727K->84544K(2029056K), 0.0255014 secs] [Times: user=0.25 sys=0.00, real=0.03 secs] 
2020-09-29T18:26:35.960+0200: 78.692: [GC (Allocation Failure) 2020-09-29T18:26:35.960+0200: 78.692: [ParNew: 610028K->52442K(613440K), 0.0191436 secs] 629888K->72302K(2029056K), 0.0192018 secs] [Times: user=0.13 sys=0.00, real=0.02 secs] 
2020-09-29T18:26:36.030+0200: 78.762: [GC (Allocation Failure) 2020-09-29T18:26:36.030+0200: 78.762: [ParNew: 597786K->39641K(613440K), 0.0126970 secs] 617646K->59501K(2029056K), 0.0127549 secs] [Times: user=0.13 sys=0.00, real=0.01 secs] 
2020-09-29T18:26:36.095+0200: 78.827: [GC (Allocation Failure) 2020-09-29T18:26:36.095+0200: 78.827: [ParNew: 584985K->39947K(613440K), 0.0182207 secs] 604845K->59807K(2029056K), 0.0182781 secs] [Times: user=0.13 sys=0.00, real=0.02 secs] 
2020-09-29T18:26:36.165+0200: 78.897: [GC (Allocation Failure) 2020-09-29T18:26:36.165+0200: 78.897: [ParNew: 585291K->52327K(613440K), 0.0188724 secs] 605151K->72187K(2029056K), 0.0189358 secs] [Times: user=0.13 sys=0.00, real=0.02 secs] 
2020-09-29T18:26:36.235+0200: 78.967: [GC (Allocation Failure) 2020-09-29T18:26:36.235+0200: 78.967: [ParNew: 597671K->56387K(613440K), 0.0223170 secs] 617531K->76247K(2029056K), 0.0223852 secs] [Times: user=0.25 sys=0.00, real=0.02 secs] 
2020-09-29T18:26:36.305+0200: 79.038: [GC (Allocation Failure) 2020-09-29T18:26:36.305+0200: 79.038: [ParNew: 601731K->62944K(613440K), 0.0201243 secs] 621591K->82804K(2029056K), 0.0201814 secs] [Times: user=0.13 sys=0.00, real=0.02 secs] 
2020-09-29T18:26:36.374+0200: 79.107: [GC (Allocation Failure) 2020-09-29T18:26:36.374+0200: 79.107: [ParNew: 608288K->41095K(613440K), 0.0132381 secs] 628148K->60955K(2029056K), 0.0132955 secs] [Times: user=0.13 sys=0.00, real=0.01 secs] 
2020-09-29T18:26:36.439+0200: 79.171: [GC (Allocation Failure) 2020-09-29T18:26:36.439+0200: 79.171: [ParNew: 586439K->26215K(613440K), 0.0121278 secs] 606299K->46075K(2029056K), 0.0121847 secs] [Times: user=0.13 sys=0.00, real=0.01 secs] 
2020-09-29T18:26:36.504+0200: 79.236: [GC (Allocation Failure) 2020-09-29T18:26:36.504+0200: 79.236: [ParNew: 571559K->45961K(613440K), 0.0181472 secs] 591419K->65821K(2029056K), 0.0182045 secs] [Times: user=0.20 sys=0.02, real=0.02 secs] 
2020-09-29T18:26:36.571+0200: 79.303: [GC (Allocation Failure) 2020-09-29T18:26:36.571+0200: 79.303: [ParNew: 591305K->48244K(613440K), 0.0186299 secs] 611165K->68104K(2029056K), 0.0187104 secs] [Times: user=0.11 sys=0.00, real=0.02 secs] 
2020-09-29T18:26:36.639+0200: 79.371: [GC (Allocation Failure) 2020-09-29T18:26:36.639+0200: 79.371: [ParNew: 593588K->64426K(613440K), 0.0232990 secs] 613448K->84286K(2029056K), 0.0233722 secs] [Times: user=0.25 sys=0.00, real=0.02 secs] 
2020-09-29T18:26:36.710+0200: 79.442: [GC (Allocation Failure) 2020-09-29T18:26:36.710+0200: 79.442: [ParNew: 609770K->52633K(613440K), 0.0210683 secs] 629630K->72493K(2029056K), 0.0211499 secs] [Times: user=0.13 sys=0.00, real=0.02 secs] 
2020-09-29T18:26:36.779+0200: 79.511: [GC (Allocation Failure) 2020-09-29T18:26:36.779+0200: 79.511: [ParNew: 597977K->50754K(613440K), 0.0198606 secs] 617837K->70614K(2029056K), 0.0199750 secs] [Times: user=0.13 sys=0.00, real=0.02 secs] 
2020-09-29T18:26:36.849+0200: 79.581: [GC (Allocation Failure) 2020-09-29T18:26:36.849+0200: 79.581: [ParNew: 596098K->41598K(613440K), 0.0148005 secs] 615958K->61458K(2029056K), 0.0148940 secs] [Times: user=0.00 sys=0.00, real=0.01 secs] 
2020-09-29T18:26:36.911+0200: 79.643: [GC (Allocation Failure) 2020-09-29T18:26:36.911+0200: 79.643: [ParNew: 586942K->30606K(613440K), 0.0127499 secs] 606802K->50466K(2029056K), 0.0198936 secs] [Times: user=0.00 sys=0.00, real=0.02 secs] 
2020-09-29T18:26:36.982+0200: 79.714: [GC (Allocation Failure) 2020-09-29T18:26:36.982+0200: 79.714: [ParNew: 575950K->43685K(613440K), 0.0181775 secs] 595810K->63545K(2029056K), 0.0182314 secs] [Times: user=0.13 sys=0.00, real=0.02 secs] 
2020-09-29T18:26:37.047+0200: 79.779: [GC (Allocation Failure) 2020-09-29T18:26:37.047+0200: 79.779: [ParNew: 589029K->37842K(613440K), 0.0177068 secs] 608889K->57702K(2029056K), 0.0177662 secs] [Times: user=0.13 sys=0.00, real=0.02 secs] 
2020-09-29T18:26:37.112+0200: 79.844: [GC (Allocation Failure) 2020-09-29T18:26:37.112+0200: 79.844: [ParNew: 583186K->64095K(613440K), 0.0223139 secs] 603046K->83955K(2029056K), 0.0223697 secs] [Times: user=0.25 sys=0.00, real=0.02 secs] 
2020-09-29T18:26:37.182+0200: 79.914: [GC (Allocation Failure) 2020-09-29T18:26:37.182+0200: 79.914: [ParNew: 609439K->50492K(613440K), 0.0203000 secs] 629299K->70351K(2029056K), 0.0203648 secs] [Times: user=0.13 sys=0.00, real=0.02 secs] 
2020-09-29T18:26:37.252+0200: 79.984: [GC (Allocation Failure) 2020-09-29T18:26:37.252+0200: 79.984: [ParNew: 595836K->51254K(613440K), 0.0207835 secs] 615695K->71114K(2029056K), 0.0208461 secs] [Times: user=0.25 sys=0.00, real=0.02 secs] 
2020-09-29T18:26:37.319+0200: 80.052: [GC (Allocation Failure) 2020-09-29T18:26:37.319+0200: 80.052: [ParNew: 596598K->43752K(613440K), 0.0141280 secs] 616458K->63612K(2029056K), 0.0141879 secs] [Times: user=0.13 sys=0.00, real=0.02 secs] 
2020-09-29T18:26:37.380+0200: 80.113: [GC (Allocation Failure) 2020-09-29T18:26:37.380+0200: 80.113: [ParNew: 589096K->41697K(613440K), 0.0185790 secs] 608956K->61556K(2029056K), 0.0186477 secs] [Times: user=0.13 sys=0.00, real=0.02 secs] 
2020-09-29T18:26:37.446+0200: 80.179: [GC (Allocation Failure) 2020-09-29T18:26:37.446+0200: 80.179: [ParNew: 587041K->38938K(613440K), 0.0167768 secs] 606900K->58797K(2029056K), 0.0168482 secs] [Times: user=0.13 sys=0.00, real=0.02 secs] 
2020-09-29T18:26:37.511+0200: 80.243: [GC (Allocation Failure) 2020-09-29T18:26:37.511+0200: 80.243: [ParNew: 584282K->36835K(613440K), 0.0162970 secs] 604141K->56695K(2029056K), 0.0163623 secs] [Times: user=0.13 sys=0.00, real=0.02 secs] 
2020-09-29T18:26:37.576+0200: 80.309: [GC (Allocation Failure) 2020-09-29T18:26:37.576+0200: 80.309: [ParNew: 582179K->50122K(613440K), 0.0224933 secs] 602039K->69982K(2029056K), 0.0225762 secs] [Times: user=0.22 sys=0.00, real=0.02 secs] 
2020-09-29T18:26:37.648+0200: 80.380: [GC (Allocation Failure) 2020-09-29T18:26:37.648+0200: 80.380: [ParNew: 595466K->39634K(613440K), 0.0140966 secs] 615326K->59494K(2029056K), 0.0141564 secs] [Times: user=0.13 sys=0.00, real=0.01 secs] 
2020-09-29T18:26:37.710+0200: 80.442: [GC (Allocation Failure) 2020-09-29T18:26:37.710+0200: 80.442: [ParNew: 584978K->38967K(613440K), 0.0182984 secs] 604838K->58827K(2029056K), 0.0183622 secs] [Times: user=0.13 sys=0.00, real=0.02 secs] 
2020-09-29T18:26:37.781+0200: 80.514: [GC (Allocation Failure) 2020-09-29T18:26:37.782+0200: 80.514: [ParNew: 584311K->56969K(613440K), 0.0232066 secs] 604171K->76829K(2029056K), 0.0232716 secs] [Times: user=0.25 sys=0.00, real=0.02 secs] 
2020-09-29T18:26:37.852+0200: 80.584: [GC (Allocation Failure) 2020-09-29T18:26:37.852+0200: 80.584: [ParNew: 602313K->48087K(613440K), 0.0172534 secs] 622173K->67947K(2029056K), 0.0173090 secs] [Times: user=0.13 sys=0.00, real=0.02 secs] 
2020-09-29T18:26:37.917+0200: 80.649: [GC (Allocation Failure) 2020-09-29T18:26:37.917+0200: 80.649: [ParNew: 593431K->38409K(613440K), 0.0157803 secs] 613291K->58269K(2029056K), 0.0158438 secs] [Times: user=0.13 sys=0.00, real=0.02 secs] 
2020-09-29T18:26:37.981+0200: 80.714: [GC (Allocation Failure) 2020-09-29T18:26:37.981+0200: 80.714: [ParNew: 583753K->32739K(613440K), 0.0147785 secs] 603613K->52599K(2029056K), 0.0148410 secs] [Times: user=0.13 sys=0.00, real=0.02 secs] 
2020-09-29T18:26:38.043+0200: 80.775: [GC (Allocation Failure) 2020-09-29T18:26:38.043+0200: 80.775: [ParNew: 578083K->31374K(613440K), 0.0136589 secs] 597943K->51234K(2029056K), 0.0137406 secs] [Times: user=0.13 sys=0.00, real=0.01 secs] 
2020-09-29T18:26:38.110+0200: 80.842: [GC (Allocation Failure) 2020-09-29T18:26:38.110+0200: 80.842: [ParNew: 576718K->49989K(613440K), 0.0188946 secs] 596578K->69849K(2029056K), 0.0189546 secs] [Times: user=0.11 sys=0.00, real=0.02 secs] 
2020-09-29T18:26:38.176+0200: 80.908: [GC (Allocation Failure) 2020-09-29T18:26:38.176+0200: 80.908: [ParNew: 595333K->34543K(613440K), 0.0097904 secs] 615193K->54403K(2029056K), 0.0098456 secs] [Times: user=0.00 sys=0.00, real=0.01 secs] 
2020-09-29T18:26:38.239+0200: 80.971: [GC (Allocation Failure) 2020-09-29T18:26:38.239+0200: 80.971: [ParNew: 579887K->31098K(613440K), 0.0160972 secs] 599747K->50958K(2029056K), 0.0161564 secs] [Times: user=0.13 sys=0.00, real=0.02 secs] 
2020-09-29T18:26:38.303+0200: 81.034: [GC (Allocation Failure) 2020-09-29T18:26:38.303+0200: 81.034: [ParNew: 576442K->27387K(613440K), 0.0069983 secs] 596302K->47247K(2029056K), 0.0070656 secs] [Times: user=0.00 sys=0.00, real=0.01 secs] 
2020-09-29T18:26:38.356+0200: 81.088: [GC (Allocation Failure) 2020-09-29T18:26:38.356+0200: 81.088: [ParNew: 572731K->42499K(613440K), 0.0185377 secs] 592591K->62359K(2029056K), 0.0186468 secs] [Times: user=0.13 sys=0.00, real=0.02 secs] 
2020-09-29T18:26:38.424+0200: 81.156: [GC (Allocation Failure) 2020-09-29T18:26:38.424+0200: 81.156: [ParNew: 587843K->29437K(613440K), 0.0128488 secs] 607703K->49297K(2029056K), 0.0129217 secs] [Times: user=0.11 sys=0.00, real=0.01 secs] 
2020-09-29T18:26:38.484+0200: 81.216: [GC (Allocation Failure) 2020-09-29T18:26:38.484+0200: 81.216: [ParNew: 574781K->43503K(613440K), 0.0167743 secs] 594641K->63363K(2029056K), 0.0168347 secs] [Times: user=0.13 sys=0.00, real=0.02 secs] 
2020-09-29T18:26:38.548+0200: 81.279: [GC (Allocation Failure) 2020-09-29T18:26:38.548+0200: 81.279: [ParNew: 588847K->55650K(613440K), 0.0209048 secs] 608707K->75510K(2029056K), 0.0209785 secs] [Times: user=0.25 sys=0.00, real=0.02 secs] 
2020-09-29T18:26:38.617+0200: 81.349: [GC (Allocation Failure) 2020-09-29T18:26:38.617+0200: 81.349: [ParNew: 600994K->44791K(613440K), 0.0142731 secs] 620854K->64651K(2029056K), 0.0143490 secs] [Times: user=0.13 sys=0.00, real=0.01 secs] 
2020-09-29T18:26:38.681+0200: 81.413: [GC (Allocation Failure) 2020-09-29T18:26:38.681+0200: 81.413: [ParNew: 590135K->43893K(613440K), 0.0185301 secs] 609995K->63753K(2029056K), 0.0186210 secs] [Times: user=0.13 sys=0.00, real=0.02 secs] 
2020-09-29T18:26:38.748+0200: 81.480: [GC (Allocation Failure) 2020-09-29T18:26:38.748+0200: 81.480: [ParNew: 589237K->51780K(613440K), 0.0180145 secs] 609097K->71640K(2029056K), 0.0181170 secs] [Times: user=0.13 sys=0.00, real=0.02 secs] 
2020-09-29T18:26:38.816+0200: 81.548: [GC (Allocation Failure) 2020-09-29T18:26:38.816+0200: 81.548: [ParNew: 597124K->33732K(613440K), 0.0109603 secs] 616984K->53592K(2029056K), 0.0110143 secs] [Times: user=0.13 sys=0.00, real=0.01 secs] 
2020-09-29T18:26:38.877+0200: 81.609: [GC (Allocation Failure) 2020-09-29T18:26:38.877+0200: 81.609: [ParNew: 579076K->49908K(613440K), 0.0216388 secs] 598936K->69768K(2029056K), 0.0216936 secs] [Times: user=0.25 sys=0.00, real=0.02 secs] 
2020-09-29T18:26:38.946+0200: 81.678: [GC (Allocation Failure) 2020-09-29T18:26:38.946+0200: 81.678: [ParNew: 595252K->39645K(613440K), 0.0160870 secs] 615112K->59505K(2029056K), 0.0161590 secs] [Times: user=0.13 sys=0.00, real=0.02 secs] 
2020-09-29T18:26:39.009+0200: 81.741: [GC (Allocation Failure) 2020-09-29T18:26:39.009+0200: 81.741: [ParNew: 584989K->62852K(613440K), 0.0197157 secs] 604849K->82712K(2029056K), 0.0197717 secs] [Times: user=0.13 sys=0.00, real=0.02 secs] 
2020-09-29T18:26:39.080+0200: 81.812: [GC (Allocation Failure) 2020-09-29T18:26:39.080+0200: 81.812: [ParNew: 608196K->68096K(613440K), 0.0240377 secs] 628056K->87955K(2029056K), 0.0241158 secs] [Times: user=0.23 sys=0.00, real=0.02 secs] 
2020-09-29T18:26:39.152+0200: 81.884: [GC (Allocation Failure) 2020-09-29T18:26:39.152+0200: 81.884: [ParNew: 613440K->68096K(613440K), 0.0231336 secs] 633299K->88100K(2029056K), 0.0232039 secs] [Times: user=0.13 sys=0.00, real=0.02 secs] 
2020-09-29T18:26:39.223+0200: 81.955: [GC (Allocation Failure) 2020-09-29T18:26:39.223+0200: 81.955: [ParNew: 613440K->49643K(613440K), 0.0161475 secs] 633444K->69647K(2029056K), 0.0162069 secs] [Times: user=0.24 sys=0.00, real=0.02 secs] 
2020-09-29T18:26:39.293+0200: 82.024: [GC (Allocation Failure) 2020-09-29T18:26:39.293+0200: 82.024: [ParNew: 594987K->68096K(613440K), 0.0207197 secs] 614991K->88100K(2029056K), 0.0207736 secs] [Times: user=0.13 sys=0.00, real=0.02 secs] 
2020-09-29T18:26:39.361+0200: 82.093: [GC (Allocation Failure) 2020-09-29T18:26:39.361+0200: 82.093: [ParNew: 613440K->41125K(613440K), 0.0154916 secs] 633444K->61129K(2029056K), 0.0155594 secs] [Times: user=0.13 sys=0.00, real=0.02 secs] 
2020-09-29T18:26:39.425+0200: 82.157: [GC (Allocation Failure) 2020-09-29T18:26:39.425+0200: 82.157: [ParNew: 586469K->42872K(613440K), 0.0180666 secs] 606473K->62876K(2029056K), 0.0181369 secs] [Times: user=0.23 sys=0.00, real=0.02 secs] 
2020-09-29T18:26:39.500+0200: 82.232: [GC (Allocation Failure) 2020-09-29T18:26:39.500+0200: 82.232: [ParNew: 588216K->58154K(613440K), 0.0186258 secs] 608220K->78159K(2029056K), 0.0186861 secs] [Times: user=0.13 sys=0.00, real=0.02 secs] 
2020-09-29T18:26:39.565+0200: 82.297: [GC (Allocation Failure) 2020-09-29T18:26:39.565+0200: 82.297: [ParNew: 603498K->45316K(613440K), 0.0169711 secs] 623503K->65320K(2029056K), 0.0170412 secs] [Times: user=0.13 sys=0.00, real=0.02 secs] 
2020-09-29T18:26:39.634+0200: 82.365: [GC (Allocation Failure) 2020-09-29T18:26:39.634+0200: 82.366: [ParNew: 590660K->34335K(613440K), 0.0159047 secs] 610664K->54339K(2029056K), 0.0225768 secs] [Times: user=0.13 sys=0.00, real=0.02 secs] 
2020-09-29T18:26:39.707+0200: 82.439: [GC (Allocation Failure) 2020-09-29T18:26:39.707+0200: 82.439: [ParNew: 579679K->36128K(613440K), 0.0131939 secs] 599683K->56133K(2029056K), 0.0132504 secs] [Times: user=0.00 sys=0.00, real=0.01 secs] 
2020-09-29T18:26:39.767+0200: 82.499: [GC (Allocation Failure) 2020-09-29T18:26:39.767+0200: 82.499: [ParNew: 581472K->52005K(613440K), 0.0185403 secs] 601477K->72009K(2029056K), 0.0186114 secs] [Times: user=0.14 sys=0.00, real=0.02 secs] 
2020-09-29T18:26:39.834+0200: 82.567: [GC (Allocation Failure) 2020-09-29T18:26:39.835+0200: 82.567: [ParNew: 597349K->40750K(613440K), 0.0189638 secs] 617353K->60755K(2029056K), 0.0190528 secs] [Times: user=0.13 sys=0.00, real=0.02 secs] 
2020-09-29T18:26:39.902+0200: 82.634: [GC (Allocation Failure) 2020-09-29T18:26:39.902+0200: 82.634: [ParNew: 586094K->67171K(613440K), 0.0226210 secs] 606099K->87175K(2029056K), 0.0226763 secs] [Times: user=0.13 sys=0.00, real=0.02 secs] 
2020-09-29T18:26:39.973+0200: 82.705: [GC (Allocation Failure) 2020-09-29T18:26:39.973+0200: 82.705: [ParNew: 612515K->53035K(613440K), 0.0163976 secs] 632519K->73039K(2029056K), 0.0164519 secs] [Times: user=0.13 sys=0.00, real=0.02 secs] 
2020-09-29T18:26:40.037+0200: 82.770: [GC (Allocation Failure) 2020-09-29T18:26:40.038+0200: 82.770: [ParNew: 598379K->49906K(613440K), 0.0205077 secs] 618383K->69911K(2029056K), 0.0205899 secs] [Times: user=0.13 sys=0.00, real=0.02 secs] 
2020-09-29T18:26:40.106+0200: 82.838: [GC (Allocation Failure) 2020-09-29T18:26:40.106+0200: 82.838: [ParNew: 595250K->51883K(613440K), 0.0204744 secs] 615255K->71888K(2029056K), 0.0205791 secs] [Times: user=0.13 sys=0.00, real=0.02 secs] 
2020-09-29T18:26:40.173+0200: 82.906: [GC (Allocation Failure) 2020-09-29T18:26:40.173+0200: 82.906: [ParNew: 597227K->48007K(613440K), 0.0192738 secs] 617232K->68011K(2029056K), 0.0193291 secs] [Times: user=0.25 sys=0.00, real=0.02 secs] 
2020-09-29T18:26:40.245+0200: 82.977: [GC (Allocation Failure) 2020-09-29T18:26:40.245+0200: 82.977: [ParNew: 592048K->35627K(613440K), 0.0073210 secs] 612053K->55631K(2029056K), 0.0073836 secs] [Times: user=0.00 sys=0.00, real=0.01 secs] 
2020-09-29T18:26:40.304+0200: 83.036: [GC (Allocation Failure) 2020-09-29T18:26:40.304+0200: 83.036: [ParNew: 580971K->50792K(613440K), 0.0239153 secs] 600975K->70796K(2029056K), 0.0239939 secs] [Times: user=0.13 sys=0.00, real=0.02 secs] 
2020-09-29T18:26:40.380+0200: 83.112: [GC (Allocation Failure) 2020-09-29T18:26:40.380+0200: 83.112: [ParNew: 596136K->42802K(613440K), 0.0173521 secs] 616140K->62806K(2029056K), 0.0174172 secs] [Times: user=0.13 sys=0.00, real=0.02 secs] 
2020-09-29T18:26:40.451+0200: 83.183: [GC (Allocation Failure) 2020-09-29T18:26:40.451+0200: 83.183: [ParNew: 588146K->35400K(613440K), 0.0163546 secs] 608150K->55404K(2029056K), 0.0164140 secs] [Times: user=0.13 sys=0.00, real=0.02 secs] 
2020-09-29T18:26:40.514+0200: 83.246: [GC (Allocation Failure) 2020-09-29T18:26:40.514+0200: 83.246: [ParNew: 580744K->34291K(613440K), 0.0147986 secs] 600748K->54295K(2029056K), 0.0148617 secs] [Times: user=0.13 sys=0.00, real=0.02 secs] 
2020-09-29T18:26:40.576+0200: 83.308: [GC (Allocation Failure) 2020-09-29T18:26:40.576+0200: 83.308: [ParNew: 579635K->56873K(613440K), 0.0205909 secs] 599639K->76877K(2029056K), 0.0206635 secs] [Times: user=0.11 sys=0.00, real=0.02 secs] 
2020-09-29T18:26:40.650+0200: 83.382: [GC (Allocation Failure) 2020-09-29T18:26:40.650+0200: 83.382: [ParNew: 602217K->47352K(613440K), 0.0193402 secs] 622221K->67357K(2029056K), 0.0194190 secs] [Times: user=0.13 sys=0.00, real=0.02 secs] 
2020-09-29T18:26:40.717+0200: 83.449: [GC (Allocation Failure) 2020-09-29T18:26:40.717+0200: 83.449: [ParNew: 592696K->44106K(613440K), 0.0176280 secs] 612701K->64110K(2029056K), 0.0176855 secs] [Times: user=0.13 sys=0.00, real=0.02 secs] 
2020-09-29T18:26:40.784+0200: 83.516: [GC (Allocation Failure) 2020-09-29T18:26:40.784+0200: 83.516: [ParNew: 589450K->41746K(613440K), 0.0164076 secs] 609454K->61751K(2029056K), 0.0164639 secs] [Times: user=0.13 sys=0.00, real=0.02 secs] 
2020-09-29T18:26:40.851+0200: 83.583: [GC (Allocation Failure) 2020-09-29T18:26:40.851+0200: 83.583: [ParNew: 587090K->39859K(613440K), 0.0176010 secs] 607095K->59863K(2029056K), 0.0176627 secs] [Times: user=0.13 sys=0.00, real=0.02 secs] 
2020-09-29T18:26:40.919+0200: 83.651: [GC (Allocation Failure) 2020-09-29T18:26:40.919+0200: 83.651: [ParNew: 585203K->36125K(613440K), 0.0169487 secs] 605207K->56130K(2029056K), 0.0170033 secs] [Times: user=0.13 sys=0.00, real=0.02 secs] 
2020-09-29T18:26:40.982+0200: 83.714: [GC (Allocation Failure) 2020-09-29T18:26:40.982+0200: 83.714: [ParNew: 581469K->35965K(613440K), 0.0158287 secs] 601474K->55969K(2029056K), 0.0158864 secs] [Times: user=0.13 sys=0.00, real=0.02 secs] 
2020-09-29T18:26:41.046+0200: 83.778: [GC (Allocation Failure) 2020-09-29T18:26:41.046+0200: 83.778: [ParNew: 581309K->57200K(613440K), 0.0196459 secs] 601313K->77205K(2029056K), 0.0197015 secs] [Times: user=0.13 sys=0.00, real=0.02 secs] 
2020-09-29T18:26:41.113+0200: 83.846: [GC (Allocation Failure) 2020-09-29T18:26:41.113+0200: 83.846: [ParNew: 602544K->43672K(613440K), 0.0131409 secs] 622549K->63676K(2029056K), 0.0131955 secs] [Times: user=0.13 sys=0.00, real=0.01 secs] 
2020-09-29T18:26:41.173+0200: 83.905: [GC (Allocation Failure) 2020-09-29T18:26:41.173+0200: 83.905: [ParNew: 589016K->39128K(613440K), 0.0172525 secs] 609020K->59133K(2029056K), 0.0173100 secs] [Times: user=0.13 sys=0.00, real=0.02 secs] 
2020-09-29T18:26:41.240+0200: 83.973: [GC (Allocation Failure) 2020-09-29T18:26:41.240+0200: 83.973: [ParNew: 584472K->44622K(613440K), 0.0172324 secs] 604477K->64626K(2029056K), 0.0173108 secs] [Times: user=0.13 sys=0.00, real=0.02 secs] 
2020-09-29T18:26:41.307+0200: 84.039: [GC (Allocation Failure) 2020-09-29T18:26:41.307+0200: 84.039: [ParNew: 589966K->32568K(613440K), 0.0093941 secs] 609970K->52572K(2029056K), 0.0094526 secs] [Times: user=0.00 sys=0.00, real=0.01 secs] 
2020-09-29T18:26:41.368+0200: 84.101: [GC (Allocation Failure) 2020-09-29T18:26:41.368+0200: 84.101: [ParNew: 577912K->32591K(613440K), 0.0160441 secs] 597916K->52595K(2029056K), 0.0161291 secs] [Times: user=0.13 sys=0.00, real=0.02 secs] 
2020-09-29T18:26:41.434+0200: 84.166: [GC (Allocation Failure) 2020-09-29T18:26:41.434+0200: 84.166: [ParNew: 577935K->43514K(613440K), 0.0182587 secs] 597939K->63518K(2029056K), 0.0183146 secs] [Times: user=0.13 sys=0.00, real=0.02 secs] 
2020-09-29T18:26:41.501+0200: 84.234: [GC (Allocation Failure) 2020-09-29T18:26:41.501+0200: 84.234: [ParNew: 588858K->40669K(613440K), 0.0181444 secs] 608862K->60674K(2029056K), 0.0182073 secs] [Times: user=0.13 sys=0.00, real=0.02 secs] 
2020-09-29T18:26:41.566+0200: 84.299: [GC (Allocation Failure) 2020-09-29T18:26:41.566+0200: 84.299: [ParNew: 586013K->68096K(613440K), 0.0228602 secs] 606018K->88100K(2029056K), 0.0229540 secs] [Times: user=0.25 sys=0.00, real=0.02 secs] 
2020-09-29T18:26:41.638+0200: 84.370: [GC (Allocation Failure) 2020-09-29T18:26:41.638+0200: 84.370: [ParNew: 613440K->68096K(613440K), 0.0227472 secs] 633444K->88294K(2029056K), 0.0228089 secs] [Times: user=0.24 sys=0.00, real=0.02 secs] 
2020-09-29T18:26:41.711+0200: 84.444: [GC (Allocation Failure) 2020-09-29T18:26:41.712+0200: 84.444: [ParNew: 613440K->47209K(613440K), 0.0161929 secs] 633638K->67408K(2029056K), 0.0162625 secs] [Times: user=0.13 sys=0.00, real=0.02 secs] 
2020-09-29T18:26:41.775+0200: 84.507: [GC (Allocation Failure) 2020-09-29T18:26:41.775+0200: 84.507: [ParNew: 592553K->39028K(613440K), 0.0159481 secs] 612752K->59227K(2029056K), 0.0160406 secs] [Times: user=0.13 sys=0.00, real=0.02 secs] 
2020-09-29T18:26:41.837+0200: 84.569: [GC (Allocation Failure) 2020-09-29T18:26:41.837+0200: 84.569: [ParNew: 584372K->34651K(613440K), 0.0149627 secs] 604571K->54849K(2029056K), 0.0150249 secs] [Times: user=0.13 sys=0.00, real=0.02 secs] 
2020-09-29T18:26:41.899+0200: 84.632: [GC (Allocation Failure) 2020-09-29T18:26:41.899+0200: 84.632: [ParNew: 579995K->53547K(613440K), 0.0211243 secs] 600193K->73746K(2029056K), 0.0211829 secs] [Times: user=0.13 sys=0.00, real=0.02 secs] 
2020-09-29T18:26:41.970+0200: 84.702: [GC (Allocation Failure) 2020-09-29T18:26:41.970+0200: 84.702: [ParNew: 598891K->41721K(613440K), 0.0135647 secs] 619090K->61919K(2029056K), 0.0136523 secs] [Times: user=0.13 sys=0.00, real=0.01 secs] 
2020-09-29T18:26:42.031+0200: 84.763: [GC (Allocation Failure) 2020-09-29T18:26:42.031+0200: 84.763: [ParNew: 587065K->38600K(613440K), 0.0136147 secs] 607263K->58799K(2029056K), 0.0136703 secs] [Times: user=0.13 sys=0.00, real=0.01 secs] 
2020-09-29T18:26:42.095+0200: 84.827: [GC (Allocation Failure) 2020-09-29T18:26:42.095+0200: 84.827: [ParNew: 583944K->37706K(613440K), 0.0186959 secs] 604143K->57904K(2029056K), 0.0188202 secs] [Times: user=0.14 sys=0.00, real=0.02 secs] 
2020-09-29T18:26:42.160+0200: 84.893: [GC (Allocation Failure) 2020-09-29T18:26:42.160+0200: 84.893: [ParNew: 583050K->53509K(613440K), 0.0173447 secs] 603248K->73707K(2029056K), 0.0173985 secs] [Times: user=0.13 sys=0.00, real=0.02 secs] 
2020-09-29T18:26:42.225+0200: 84.957: [GC (Allocation Failure) 2020-09-29T18:26:42.225+0200: 84.957: [ParNew: 598853K->36912K(613440K), 0.0170869 secs] 619051K->57110K(2029056K), 0.0171658 secs] [Times: user=0.13 sys=0.00, real=0.02 secs] 
2020-09-29T18:26:42.287+0200: 85.019: [GC (Allocation Failure) 2020-09-29T18:26:42.287+0200: 85.019: [ParNew: 582256K->36263K(613440K), 0.0167065 secs] 602454K->56461K(2029056K), 0.0167990 secs] [Times: user=0.13 sys=0.00, real=0.02 secs] 
2020-09-29T18:26:42.352+0200: 85.085: [GC (Allocation Failure) 2020-09-29T18:26:42.352+0200: 85.085: [ParNew: 581607K->59254K(613440K), 0.0212108 secs] 601805K->79452K(2029056K), 0.0212708 secs] [Times: user=0.13 sys=0.00, real=0.02 secs] 
2020-09-29T18:26:42.421+0200: 85.154: [GC (Allocation Failure) 2020-09-29T18:26:42.421+0200: 85.154: [ParNew: 604598K->40804K(613440K), 0.0150903 secs] 624796K->61002K(2029056K), 0.0151485 secs] [Times: user=0.13 sys=0.00, real=0.02 secs] 
2020-09-29T18:26:42.487+0200: 85.219: [GC (Allocation Failure) 2020-09-29T18:26:42.487+0200: 85.219: [ParNew: 586148K->32175K(613440K), 0.0146232 secs] 606346K->52374K(2029056K), 0.0146783 secs] [Times: user=0.13 sys=0.00, real=0.01 secs] 
2020-09-29T18:26:42.548+0200: 85.280: [GC (Allocation Failure) 2020-09-29T18:26:42.548+0200: 85.280: [ParNew: 577519K->27874K(613440K), 0.0134330 secs] 597718K->48072K(2029056K), 0.0135264 secs] [Times: user=0.13 sys=0.00, real=0.01 secs] 
2020-09-29T18:26:42.612+0200: 85.344: [GC (Allocation Failure) 2020-09-29T18:26:42.612+0200: 85.344: [ParNew: 573218K->63321K(613440K), 0.0240966 secs] 593416K->83520K(2029056K), 0.0241768 secs] [Times: user=0.23 sys=0.00, real=0.02 secs] 
2020-09-29T18:26:42.684+0200: 85.416: [GC (Allocation Failure) 2020-09-29T18:26:42.684+0200: 85.416: [ParNew: 608665K->39500K(613440K), 0.0118092 secs] 628864K->59698K(2029056K), 0.0118639 secs] [Times: user=0.13 sys=0.00, real=0.01 secs] 
2020-09-29T18:26:42.745+0200: 85.478: [GC (Allocation Failure) 2020-09-29T18:26:42.745+0200: 85.478: [ParNew: 584844K->39023K(613440K), 0.0164682 secs] 605042K->59221K(2029056K), 0.0165441 secs] [Times: user=0.13 sys=0.00, real=0.02 secs] 
2020-09-29T18:26:42.808+0200: 85.540: [GC (Allocation Failure) 2020-09-29T18:26:42.808+0200: 85.540: [ParNew: 584367K->40007K(613440K), 0.0150459 secs] 604565K->60206K(2029056K), 0.0151002 secs] [Times: user=0.13 sys=0.00, real=0.01 secs] 
2020-09-29T18:26:42.870+0200: 85.602: [GC (Allocation Failure) 2020-09-29T18:26:42.870+0200: 85.603: [ParNew: 585351K->31373K(613440K), 0.0147955 secs] 605550K->51571K(2029056K), 0.0148561 secs] [Times: user=0.13 sys=0.00, real=0.02 secs] 
2020-09-29T18:26:42.938+0200: 85.670: [GC (Allocation Failure) 2020-09-29T18:26:42.938+0200: 85.670: [ParNew: 576717K->27801K(613440K), 0.0143162 secs] 596915K->48000K(2029056K), 0.0143808 secs] [Times: user=0.13 sys=0.00, real=0.01 secs] 
2020-09-29T18:26:43.004+0200: 85.737: [GC (Allocation Failure) 2020-09-29T18:26:43.004+0200: 85.737: [ParNew: 573145K->48156K(613440K), 0.0184458 secs] 593344K->68355K(2029056K), 0.0184988 secs] [Times: user=0.13 sys=0.00, real=0.02 secs] 
2020-09-29T18:26:43.072+0200: 85.804: [GC (Allocation Failure) 2020-09-29T18:26:43.072+0200: 85.804: [ParNew: 593500K->32403K(613440K), 0.0056361 secs] 613699K->52601K(2029056K), 0.0057057 secs] [Times: user=0.00 sys=0.00, real=0.00 secs] 
2020-09-29T18:26:43.139+0200: 85.871: [GC (Allocation Failure) 2020-09-29T18:26:43.139+0200: 85.871: [ParNew: 577747K->39339K(613440K), 0.0169398 secs] 597945K->59537K(2029056K), 0.0170120 secs] [Times: user=0.13 sys=0.00, real=0.02 secs] 
2020-09-29T18:26:43.206+0200: 85.939: [GC (Allocation Failure) 2020-09-29T18:26:43.206+0200: 85.939: [ParNew: 584683K->48401K(613440K), 0.0163936 secs] 604881K->68600K(2029056K), 0.0164598 secs] [Times: user=0.14 sys=0.00, real=0.02 secs] 
2020-09-29T18:26:43.269+0200: 86.002: [GC (Allocation Failure) 2020-09-29T18:26:43.269+0200: 86.002: [ParNew: 593745K->37183K(613440K), 0.0153781 secs] 613944K->57382K(2029056K), 0.0154414 secs] [Times: user=0.14 sys=0.00, real=0.02 secs] 
2020-09-29T18:26:43.338+0200: 86.070: [GC (Allocation Failure) 2020-09-29T18:26:43.338+0200: 86.070: [ParNew: 582527K->45389K(613440K), 0.0152455 secs] 602726K->65587K(2029056K), 0.0152978 secs] [Times: user=0.13 sys=0.00, real=0.01 secs] 
2020-09-29T18:26:43.403+0200: 86.135: [GC (Allocation Failure) 2020-09-29T18:26:43.403+0200: 86.135: [ParNew: 590733K->31688K(613440K), 0.0147595 secs] 610931K->51886K(2029056K), 0.0148193 secs] [Times: user=0.13 sys=0.00, real=0.01 secs] 
2020-09-29T18:26:43.470+0200: 86.203: [GC (Allocation Failure) 2020-09-29T18:26:43.470+0200: 86.203: [ParNew: 577032K->24936K(613440K), 0.0123433 secs] 597230K->45135K(2029056K), 0.0123989 secs] [Times: user=0.13 sys=0.00, real=0.01 secs] 
2020-09-29T18:26:43.535+0200: 86.268: [GC (Allocation Failure) 2020-09-29T18:26:43.535+0200: 86.268: [ParNew: 570280K->24777K(613440K), 0.0110547 secs] 590479K->44976K(2029056K), 0.0111310 secs] [Times: user=0.00 sys=0.00, real=0.01 secs] 
2020-09-29T18:26:43.609+0200: 86.341: [GC (Allocation Failure) 2020-09-29T18:26:43.609+0200: 86.341: [ParNew: 570121K->39016K(613440K), 0.0176867 secs] 590320K->59215K(2029056K), 0.0177583 secs] [Times: user=0.13 sys=0.00, real=0.02 secs] 
2020-09-29T18:26:43.674+0200: 86.407: [GC (Allocation Failure) 2020-09-29T18:26:43.675+0200: 86.407: [ParNew: 584360K->30621K(613440K), 0.0100334 secs] 604559K->50820K(2029056K), 0.0101174 secs] [Times: user=0.13 sys=0.00, real=0.01 secs] 
2020-09-29T18:26:43.730+0200: 86.463: [GC (Allocation Failure) 2020-09-29T18:26:43.730+0200: 86.463: [ParNew: 575965K->29182K(613440K), 0.0154662 secs] 596164K->49381K(2029056K), 0.0223999 secs] [Times: user=0.13 sys=0.00, real=0.02 secs] 
2020-09-29T18:26:43.798+0200: 86.531: [GC (Allocation Failure) 2020-09-29T18:26:43.798+0200: 86.531: [ParNew: 574526K->45891K(613440K), 0.0195292 secs] 594725K->66089K(2029056K), 0.0196066 secs] [Times: user=0.25 sys=0.00, real=0.02 secs] 
2020-09-29T18:26:43.866+0200: 86.598: [GC (Allocation Failure) 2020-09-29T18:26:43.866+0200: 86.598: [ParNew: 591235K->42839K(613440K), 0.0135452 secs] 611433K->63038K(2029056K), 0.0136184 secs] [Times: user=0.01 sys=0.00, real=0.01 secs] 
2020-09-29T18:26:43.925+0200: 86.657: [GC (Allocation Failure) 2020-09-29T18:26:43.925+0200: 86.657: [ParNew: 588183K->36502K(613440K), 0.0133193 secs] 608382K->56700K(2029056K), 0.0133934 secs] [Times: user=0.13 sys=0.00, real=0.01 secs] 
2020-09-29T18:26:43.991+0200: 86.724: [GC (Allocation Failure) 2020-09-29T18:26:43.991+0200: 86.724: [ParNew: 581846K->37199K(613440K), 0.0188973 secs] 602044K->57398K(2029056K), 0.0189777 secs] [Times: user=0.13 sys=0.00, real=0.02 secs] 
2020-09-29T18:26:44.057+0200: 86.789: [GC (Allocation Failure) 2020-09-29T18:26:44.057+0200: 86.789: [ParNew: 582543K->30894K(613440K), 0.0114866 secs] 602742K->51092K(2029056K), 0.0115403 secs] [Times: user=0.13 sys=0.00, real=0.01 secs] 
2020-09-29T18:26:44.116+0200: 86.849: [GC (Allocation Failure) 2020-09-29T18:26:44.116+0200: 86.849: [ParNew: 576238K->38944K(613440K), 0.0161031 secs] 596436K->59142K(2029056K), 0.0161587 secs] [Times: user=0.13 sys=0.00, real=0.02 secs] 
2020-09-29T18:26:44.185+0200: 86.917: [GC (Allocation Failure) 2020-09-29T18:26:44.185+0200: 86.917: [ParNew: 584288K->42286K(613440K), 0.0171248 secs] 604486K->62485K(2029056K), 0.0171868 secs] [Times: user=0.13 sys=0.00, real=0.02 secs] 
2020-09-29T18:26:44.261+0200: 86.993: [GC (Allocation Failure) 2020-09-29T18:26:44.261+0200: 86.993: [ParNew: 587630K->27573K(613440K), 0.0104665 secs] 607829K->47772K(2029056K), 0.0105394 secs] [Times: user=0.13 sys=0.00, real=0.01 secs] 
2020-09-29T18:26:44.321+0200: 87.052: [GC (Allocation Failure) 2020-09-29T18:26:44.321+0200: 87.052: [ParNew: 572917K->29794K(613440K), 0.0132723 secs] 593116K->49993K(2029056K), 0.0133286 secs] [Times: user=0.13 sys=0.00, real=0.01 secs] 
2020-09-29T18:26:44.384+0200: 87.115: [GC (Allocation Failure) 2020-09-29T18:26:44.384+0200: 87.115: [ParNew: 575138K->35859K(613440K), 0.0132330 secs] 595337K->56057K(2029056K), 0.0133424 secs] [Times: user=0.13 sys=0.00, real=0.01 secs] 
2020-09-29T18:26:44.450+0200: 87.182: [GC (Allocation Failure) 2020-09-29T18:26:44.450+0200: 87.182: [ParNew: 581203K->36075K(613440K), 0.0179127 secs] 601401K->56274K(2029056K), 0.0180047 secs] [Times: user=0.13 sys=0.00, real=0.02 secs] 
2020-09-29T18:26:44.513+0200: 87.245: [GC (Allocation Failure) 2020-09-29T18:26:44.513+0200: 87.245: [ParNew: 581419K->28191K(613440K), 0.0116791 secs] 601618K->48389K(2029056K), 0.0117354 secs] [Times: user=0.13 sys=0.00, real=0.01 secs] 
2020-09-29T18:26:44.569+0200: 87.301: [GC (Allocation Failure) 2020-09-29T18:26:44.569+0200: 87.301: [ParNew: 573535K->15353K(613440K), 0.0103367 secs] 593733K->35552K(2029056K), 0.0104280 secs] [Times: user=0.00 sys=0.00, real=0.01 secs] 
2020-09-29T18:26:44.626+0200: 87.358: [GC (Allocation Failure) 2020-09-29T18:26:44.626+0200: 87.358: [ParNew: 560697K->31291K(613440K), 0.0160828 secs] 580896K->51489K(2029056K), 0.0161536 secs] [Times: user=0.11 sys=0.00, real=0.02 secs] 
2020-09-29T18:26:44.688+0200: 87.420: [GC (Allocation Failure) 2020-09-29T18:26:44.689+0200: 87.420: [ParNew: 576635K->24668K(613440K), 0.0068765 secs] 596833K->44866K(2029056K), 0.0069591 secs] [Times: user=0.13 sys=0.00, real=0.01 secs] 
2020-09-29T18:26:44.746+0200: 87.478: [GC (Allocation Failure) 2020-09-29T18:26:44.746+0200: 87.478: [ParNew: 570012K->22929K(613440K), 0.0141522 secs] 590210K->43127K(2029056K), 0.0142092 secs] [Times: user=0.13 sys=0.00, real=0.01 secs] 
2020-09-29T18:26:44.810+0200: 87.541: [GC (Allocation Failure) 2020-09-29T18:26:44.810+0200: 87.541: [ParNew: 568273K->31779K(613440K), 0.0125761 secs] 588471K->51977K(2029056K), 0.0126826 secs] [Times: user=0.13 sys=0.00, real=0.01 secs] 
2020-09-29T18:26:44.868+0200: 87.599: [GC (Allocation Failure) 2020-09-29T18:26:44.868+0200: 87.599: [ParNew: 577123K->33964K(613440K), 0.0166552 secs] 597321K->54162K(2029056K), 0.0167104 secs] [Times: user=0.13 sys=0.00, real=0.02 secs] 
2020-09-29T18:26:44.930+0200: 87.662: [GC (Allocation Failure) 2020-09-29T18:26:44.930+0200: 87.662: [ParNew: 579308K->46474K(613440K), 0.0158101 secs] 599506K->66672K(2029056K), 0.0159030 secs] [Times: user=0.13 sys=0.00, real=0.02 secs] 
2020-09-29T18:26:44.992+0200: 87.723: [GC (Allocation Failure) 2020-09-29T18:26:44.992+0200: 87.723: [ParNew: 591818K->29533K(613440K), 0.0096244 secs] 612016K->49731K(2029056K), 0.0096952 secs] [Times: user=0.00 sys=0.00, real=0.01 secs] 
2020-09-29T18:26:45.051+0200: 87.783: [GC (Allocation Failure) 2020-09-29T18:26:45.051+0200: 87.783: [ParNew: 574877K->14402K(613440K), 0.0083787 secs] 595075K->34600K(2029056K), 0.0084728 secs] [Times: user=0.13 sys=0.00, real=0.01 secs] 
2020-09-29T18:26:45.111+0200: 87.843: [GC (Allocation Failure) 2020-09-29T18:26:45.111+0200: 87.843: [ParNew: 559746K->31095K(613440K), 0.0134681 secs] 579944K->51294K(2029056K), 0.0135513 secs] [Times: user=0.13 sys=0.00, real=0.01 secs] 
2020-09-29T18:26:45.175+0200: 87.907: [GC (Allocation Failure) 2020-09-29T18:26:45.175+0200: 87.907: [ParNew: 576439K->17480K(613440K), 0.0069591 secs] 596638K->37679K(2029056K), 0.0070232 secs] [Times: user=0.13 sys=0.00, real=0.01 secs] 
2020-09-29T18:26:45.237+0200: 87.969: [GC (Allocation Failure) 2020-09-29T18:26:45.237+0200: 87.969: [ParNew: 562824K->6808K(613440K), 0.0056236 secs] 583023K->27006K(2029056K), 0.0056868 secs] [Times: user=0.13 sys=0.00, real=0.01 secs] 
2020-09-29T18:26:45.289+0200: 88.021: [GC (Allocation Failure) 2020-09-29T18:26:45.289+0200: 88.021: [ParNew: 552152K->15381K(613440K), 0.0106083 secs] 572350K->35580K(2029056K), 0.0106618 secs] [Times: user=0.00 sys=0.00, real=0.01 secs] 
2020-09-29T18:26:45.354+0200: 88.086: [GC (Allocation Failure) 2020-09-29T18:26:45.354+0200: 88.086: [ParNew: 560725K->30636K(613440K), 0.0146491 secs] 580924K->50835K(2029056K), 0.0147223 secs] [Times: user=0.13 sys=0.00, real=0.01 secs] 
2020-09-29T18:26:45.418+0200: 88.151: [GC (Allocation Failure) 2020-09-29T18:26:45.418+0200: 88.151: [ParNew: 575980K->21692K(613440K), 0.0084160 secs] 596179K->41891K(2029056K), 0.0084725 secs] [Times: user=0.13 sys=0.00, real=0.01 secs] 
2020-09-29T18:26:45.474+0200: 88.207: [GC (Allocation Failure) 2020-09-29T18:26:45.474+0200: 88.207: [ParNew: 567036K->24872K(613440K), 0.0128555 secs] 587235K->45070K(2029056K), 0.0129269 secs] [Times: user=0.00 sys=0.00, real=0.01 secs] 
2020-09-29T18:26:45.539+0200: 88.271: [GC (Allocation Failure) 2020-09-29T18:26:45.539+0200: 88.271: [ParNew: 570216K->15559K(613440K), 0.0069463 secs] 590414K->35758K(2029056K), 0.0070018 secs] [Times: user=0.00 sys=0.00, real=0.01 secs] 
2020-09-29T18:26:45.631+0200: 88.363: [GC (Allocation Failure) 2020-09-29T18:26:45.631+0200: 88.363: [ParNew: 560903K->6214K(613440K), 0.0066166 secs] 581102K->26412K(2029056K), 0.0067446 secs] [Times: user=0.00 sys=0.00, real=0.01 secs] 
2020-09-29T18:26:45.719+0200: 88.451: [GC (Allocation Failure) 2020-09-29T18:26:45.719+0200: 88.451: [ParNew: 551558K->3661K(613440K), 0.0048180 secs] 571756K->23859K(2029056K), 0.0048712 secs] [Times: user=0.13 sys=0.00, real=0.00 secs] 
2020-09-29T18:26:45.811+0200: 88.543: [GC (Allocation Failure) 2020-09-29T18:26:45.811+0200: 88.543: [ParNew: 549005K->57K(613440K), 0.0020711 secs] 569203K->20256K(2029056K), 0.0021350 secs] [Times: user=0.00 sys=0.00, real=0.00 secs] 
2020-09-29T18:26:45.929+0200: 88.662: [GC (Allocation Failure) 2020-09-29T18:26:45.929+0200: 88.662: [ParNew: 545401K->12213K(613440K), 0.0146684 secs] 565600K->32412K(2029056K), 0.0147371 secs] [Times: user=0.13 sys=0.00, real=0.02 secs] 
2020-09-29T18:26:46.061+0200: 88.793: [GC (Allocation Failure) 2020-09-29T18:26:46.061+0200: 88.793: [ParNew: 557557K->17288K(613440K), 0.0131058 secs] 577756K->37487K(2029056K), 0.0131720 secs] [Times: user=0.13 sys=0.00, real=0.01 secs] 
2020-09-29T18:26:46.191+0200: 88.923: [GC (Allocation Failure) 2020-09-29T18:26:46.191+0200: 88.923: [ParNew: 562632K->12201K(613440K), 0.0116247 secs] 582831K->32399K(2029056K), 0.0116936 secs] [Times: user=0.13 sys=0.00, real=0.01 secs] 
2020-09-29T18:26:46.319+0200: 89.052: [GC (Allocation Failure) 2020-09-29T18:26:46.319+0200: 89.052: [ParNew: 557545K->8497K(613440K), 0.0104217 secs] 577743K->28696K(2029056K), 0.0104917 secs] [Times: user=0.00 sys=0.00, real=0.01 secs] 
Heap
 par new generation   total 613440K, used 86639K [0x0000000080000000, 0x00000000a9990000, 0x00000000a9990000)
  eden space 545344K,  14% used [0x0000000080000000, 0x0000000084c4f4b8, 0x00000000a1490000)
  from space 68096K,  12% used [0x00000000a5710000, 0x00000000a5f5c750, 0x00000000a9990000)
  to   space 68096K,   0% used [0x00000000a1490000, 0x00000000a1490000, 0x00000000a5710000)
 concurrent mark-sweep generation total 1415616K, used 20198K [0x00000000a9990000, 0x0000000100000000, 0x0000000100000000)
 Metaspace       used 2594K, capacity 4486K, committed 4864K, reserved 1056768K
  class space    used 285K, capacity 386K, committed 512K, reserved 1048576K
