Java HotSpot(TM) 64-Bit Server VM (25.261-b12) for windows-amd64 JRE (1.8.0_261-b12), built on Jun 18 2020 06:56:32 by "" with unknown MS VC++:1916
Memory: 4k page, physical 16659684k(9553884k free), swap 23213284k(9185180k free)
CommandLine flags: -XX:InitialHeapSize=2147483648 -XX:MaxHeapSize=2147483648 -XX:MaxNewSize=697933824 -XX:MaxTenuringThreshold=6 -XX:NewSize=697933824 -XX:OldPLABSize=16 -XX:OldSize=1395867648 -XX:+PrintGC -XX:+PrintGCDateStamps -XX:+PrintGCDetails -XX:+PrintGCTimeStamps -XX:+UseCompressedClassPointers -XX:+UseCompressedOops -XX:+UseConcMarkSweepGC -XX:-UseLargePagesIndividualAllocation -XX:+UseParNewGC 
2020-09-29T18:23:47.322+0200: 0.292: [GC (Allocation Failure) 2020-09-29T18:23:47.322+0200: 0.292: [ParNew: 545344K->30500K(613440K), 0.0342533 secs] 545344K->30500K(2029056K), 0.0344170 secs] [Times: user=0.17 sys=0.08, real=0.03 secs] 
2020-09-29T18:23:47.407+0200: 0.376: [GC (Allocation Failure) 2020-09-29T18:23:47.407+0200: 0.376: [ParNew: 575844K->33743K(613440K), 0.0228185 secs] 575844K->33743K(2029056K), 0.0228834 secs] [Times: user=0.20 sys=0.05, real=0.02 secs] 
2020-09-29T18:23:47.476+0200: 0.446: [GC (Allocation Failure) 2020-09-29T18:23:47.476+0200: 0.446: [ParNew: 579087K->48977K(613440K), 0.0275155 secs] 579087K->48977K(2029056K), 0.0275934 secs] [Times: user=0.24 sys=0.02, real=0.03 secs] 
2020-09-29T18:23:47.551+0200: 0.521: [GC (Allocation Failure) 2020-09-29T18:23:47.551+0200: 0.521: [ParNew: 594321K->43978K(613440K), 0.0261992 secs] 594321K->44371K(2029056K), 0.0262684 secs] [Times: user=0.13 sys=0.00, real=0.03 secs] 
2020-09-29T18:23:47.636+0200: 0.606: [GC (Allocation Failure) 2020-09-29T18:23:47.636+0200: 0.606: [ParNew: 589322K->62553K(613440K), 0.0332846 secs] 589715K->62945K(2029056K), 0.0333741 secs] [Times: user=0.20 sys=0.01, real=0.03 secs] 
2020-09-29T18:23:47.719+0200: 0.689: [GC (Allocation Failure) 2020-09-29T18:23:47.719+0200: 0.689: [ParNew: 607897K->46394K(613440K), 0.0221248 secs] 608289K->46786K(2029056K), 0.0222085 secs] [Times: user=0.23 sys=0.02, real=0.02 secs] 
2020-09-29T18:23:47.801+0200: 0.771: [GC (Allocation Failure) 2020-09-29T18:23:47.801+0200: 0.771: [ParNew: 591738K->45018K(613440K), 0.0289900 secs] 592130K->45410K(2029056K), 0.0290741 secs] [Times: user=0.13 sys=0.00, real=0.03 secs] 
2020-09-29T18:23:47.882+0200: 0.852: [GC (Allocation Failure) 2020-09-29T18:23:47.882+0200: 0.852: [ParNew: 590362K->58589K(613440K), 0.0275272 secs] 590754K->58981K(2029056K), 0.0276018 secs] [Times: user=0.13 sys=0.00, real=0.03 secs] 
2020-09-29T18:23:47.964+0200: 0.934: [GC (Allocation Failure) 2020-09-29T18:23:47.964+0200: 0.934: [ParNew: 603933K->68096K(613440K), 0.0342375 secs] 604325K->68687K(2029056K), 0.0343069 secs] [Times: user=0.25 sys=0.00, real=0.03 secs] 
2020-09-29T18:23:48.049+0200: 1.019: [GC (Allocation Failure) 2020-09-29T18:23:48.049+0200: 1.019: [ParNew: 613440K->68096K(613440K), 0.0445574 secs] 614031K->72016K(2029056K), 0.0446249 secs] [Times: user=0.34 sys=0.03, real=0.05 secs] 
2020-09-29T18:23:48.141+0200: 1.111: [GC (Allocation Failure) 2020-09-29T18:23:48.141+0200: 1.111: [ParNew: 613440K->56666K(613440K), 0.0250644 secs] 617360K->60587K(2029056K), 0.0251312 secs] [Times: user=0.25 sys=0.00, real=0.02 secs] 
2020-09-29T18:23:48.225+0200: 1.195: [GC (Allocation Failure) 2020-09-29T18:23:48.225+0200: 1.195: [ParNew: 602010K->47511K(613440K), 0.0234931 secs] 605931K->51432K(2029056K), 0.0235782 secs] [Times: user=0.13 sys=0.00, real=0.02 secs] 
2020-09-29T18:23:48.298+0200: 1.268: [GC (Allocation Failure) 2020-09-29T18:23:48.298+0200: 1.268: [ParNew: 592855K->34968K(613440K), 0.0207976 secs] 596776K->38889K(2029056K), 0.0208629 secs] [Times: user=0.25 sys=0.00, real=0.02 secs] 
2020-09-29T18:23:48.367+0200: 1.337: [GC (Allocation Failure) 2020-09-29T18:23:48.367+0200: 1.337: [ParNew: 580312K->53336K(613440K), 0.0270294 secs] 584233K->57257K(2029056K), 0.0271175 secs] [Times: user=0.13 sys=0.00, real=0.03 secs] 
2020-09-29T18:23:48.447+0200: 1.417: [GC (Allocation Failure) 2020-09-29T18:23:48.447+0200: 1.417: [ParNew: 598680K->68096K(613440K), 0.0350242 secs] 602601K->72016K(2029056K), 0.0351476 secs] [Times: user=0.22 sys=0.02, real=0.04 secs] 
2020-09-29T18:23:48.536+0200: 1.506: [GC (Allocation Failure) 2020-09-29T18:23:48.536+0200: 1.506: [ParNew: 613440K->54447K(613440K), 0.0241811 secs] 617360K->58368K(2029056K), 0.0242715 secs] [Times: user=0.13 sys=0.00, real=0.02 secs] 
2020-09-29T18:23:48.616+0200: 1.586: [GC (Allocation Failure) 2020-09-29T18:23:48.616+0200: 1.586: [ParNew: 599791K->51032K(613440K), 0.0329936 secs] 603712K->54953K(2029056K), 0.0330818 secs] [Times: user=0.25 sys=0.00, real=0.03 secs] 
2020-09-29T18:23:48.701+0200: 1.671: [GC (Allocation Failure) 2020-09-29T18:23:48.701+0200: 1.671: [ParNew: 596376K->41211K(613440K), 0.0247723 secs] 600297K->45132K(2029056K), 0.0248417 secs] [Times: user=0.25 sys=0.00, real=0.03 secs] 
2020-09-29T18:23:48.778+0200: 1.748: [GC (Allocation Failure) 2020-09-29T18:23:48.778+0200: 1.748: [ParNew: 586555K->64917K(613440K), 0.0289354 secs] 590476K->68837K(2029056K), 0.0290273 secs] [Times: user=0.25 sys=0.00, real=0.03 secs] 
2020-09-29T18:23:48.858+0200: 1.828: [GC (Allocation Failure) 2020-09-29T18:23:48.858+0200: 1.828: [ParNew: 610261K->45580K(613440K), 0.0197016 secs] 614181K->49501K(2029056K), 0.0197702 secs] [Times: user=0.13 sys=0.00, real=0.02 secs] 
2020-09-29T18:23:48.934+0200: 1.904: [GC (Allocation Failure) 2020-09-29T18:23:48.934+0200: 1.904: [ParNew: 590924K->41614K(613440K), 0.0284022 secs] 594845K->45534K(2029056K), 0.0284840 secs] [Times: user=0.25 sys=0.00, real=0.03 secs] 
2020-09-29T18:23:49.014+0200: 1.984: [GC (Allocation Failure) 2020-09-29T18:23:49.014+0200: 1.984: [ParNew: 586958K->56618K(613440K), 0.0259229 secs] 590878K->60539K(2029056K), 0.0260244 secs] [Times: user=0.25 sys=0.00, real=0.03 secs] 
2020-09-29T18:23:49.099+0200: 2.069: [GC (Allocation Failure) 2020-09-29T18:23:49.099+0200: 2.069: [ParNew: 601962K->41070K(613440K), 0.0266510 secs] 605883K->44991K(2029056K), 0.0267247 secs] [Times: user=0.13 sys=0.00, real=0.03 secs] 
2020-09-29T18:23:49.172+0200: 2.142: [GC (Allocation Failure) 2020-09-29T18:23:49.172+0200: 2.142: [ParNew: 586414K->34813K(613440K), 0.0143425 secs] 590335K->38734K(2029056K), 0.0144095 secs] [Times: user=0.13 sys=0.00, real=0.01 secs] 
2020-09-29T18:23:49.252+0200: 2.222: [GC (Allocation Failure) 2020-09-29T18:23:49.252+0200: 2.222: [ParNew: 580157K->45174K(613440K), 0.0290396 secs] 584078K->49095K(2029056K), 0.0291090 secs] [Times: user=0.25 sys=0.00, real=0.03 secs] 
2020-09-29T18:23:49.335+0200: 2.305: [GC (Allocation Failure) 2020-09-29T18:23:49.335+0200: 2.306: [ParNew: 590518K->35537K(613440K), 0.0191462 secs] 594439K->39458K(2029056K), 0.0192125 secs] [Times: user=0.13 sys=0.00, real=0.02 secs] 
2020-09-29T18:23:49.407+0200: 2.377: [GC (Allocation Failure) 2020-09-29T18:23:49.407+0200: 2.377: [ParNew: 580881K->50745K(613440K), 0.0245988 secs] 584802K->54666K(2029056K), 0.0246669 secs] [Times: user=0.25 sys=0.00, real=0.02 secs] 
2020-09-29T18:23:49.487+0200: 2.457: [GC (Allocation Failure) 2020-09-29T18:23:49.487+0200: 2.457: [ParNew: 596089K->61057K(613440K), 0.0327705 secs] 600010K->64978K(2029056K), 0.0328395 secs] [Times: user=0.25 sys=0.02, real=0.03 secs] 
2020-09-29T18:23:49.570+0200: 2.540: [GC (Allocation Failure) 2020-09-29T18:23:49.570+0200: 2.540: [ParNew: 606401K->44690K(613440K), 0.0235114 secs] 610322K->48611K(2029056K), 0.0235857 secs] [Times: user=0.11 sys=0.00, real=0.02 secs] 
2020-09-29T18:23:49.650+0200: 2.620: [GC (Allocation Failure) 2020-09-29T18:23:49.650+0200: 2.620: [ParNew: 590034K->63229K(613440K), 0.0289319 secs] 593955K->67150K(2029056K), 0.0290009 secs] [Times: user=0.25 sys=0.00, real=0.03 secs] 
2020-09-29T18:23:49.730+0200: 2.700: [GC (Allocation Failure) 2020-09-29T18:23:49.730+0200: 2.700: [ParNew: 608573K->65471K(613440K), 0.0291841 secs] 612494K->69392K(2029056K), 0.0292569 secs] [Times: user=0.25 sys=0.00, real=0.03 secs] 
2020-09-29T18:23:49.811+0200: 2.781: [GC (Allocation Failure) 2020-09-29T18:23:49.811+0200: 2.781: [ParNew: 610815K->50206K(613440K), 0.0289893 secs] 614736K->54127K(2029056K), 0.0291360 secs] [Times: user=0.25 sys=0.00, real=0.03 secs] 
2020-09-29T18:23:49.887+0200: 2.857: [GC (Allocation Failure) 2020-09-29T18:23:49.887+0200: 2.857: [ParNew: 595550K->44417K(613440K), 0.0256615 secs] 599471K->48338K(2029056K), 0.0257282 secs] [Times: user=0.25 sys=0.00, real=0.03 secs] 
2020-09-29T18:23:49.964+0200: 2.934: [GC (Allocation Failure) 2020-09-29T18:23:49.964+0200: 2.934: [ParNew: 589761K->41005K(613440K), 0.0258533 secs] 593682K->44926K(2029056K), 0.0259231 secs] [Times: user=0.25 sys=0.00, real=0.03 secs] 
2020-09-29T18:23:50.043+0200: 3.013: [GC (Allocation Failure) 2020-09-29T18:23:50.043+0200: 3.013: [ParNew: 586349K->41044K(613440K), 0.0258590 secs] 590270K->44965K(2029056K), 0.0259411 secs] [Times: user=0.24 sys=0.00, real=0.03 secs] 
2020-09-29T18:23:50.120+0200: 3.090: [GC (Allocation Failure) 2020-09-29T18:23:50.120+0200: 3.090: [ParNew: 586388K->35227K(613440K), 0.0243345 secs] 590309K->39148K(2029056K), 0.0244466 secs] [Times: user=0.13 sys=0.02, real=0.03 secs] 
2020-09-29T18:23:50.195+0200: 3.165: [GC (Allocation Failure) 2020-09-29T18:23:50.195+0200: 3.165: [ParNew: 580571K->59286K(613440K), 0.0301811 secs] 584492K->63207K(2029056K), 0.0302468 secs] [Times: user=0.25 sys=0.00, real=0.03 secs] 
2020-09-29T18:23:50.276+0200: 3.246: [GC (Allocation Failure) 2020-09-29T18:23:50.276+0200: 3.246: [ParNew: 604630K->41705K(613440K), 0.0271419 secs] 608551K->45626K(2029056K), 0.0272094 secs] [Times: user=0.25 sys=0.00, real=0.03 secs] 
2020-09-29T18:23:50.356+0200: 3.326: [GC (Allocation Failure) 2020-09-29T18:23:50.356+0200: 3.326: [ParNew: 587049K->44450K(613440K), 0.0270725 secs] 590970K->48370K(2029056K), 0.0271487 secs] [Times: user=0.25 sys=0.00, real=0.03 secs] 
2020-09-29T18:23:50.432+0200: 3.402: [GC (Allocation Failure) 2020-09-29T18:23:50.432+0200: 3.402: [ParNew: 589794K->68096K(613440K), 0.0336486 secs] 593714K->72016K(2029056K), 0.0337201 secs] [Times: user=0.25 sys=0.00, real=0.03 secs] 
2020-09-29T18:23:50.514+0200: 3.484: [GC (Allocation Failure) 2020-09-29T18:23:50.514+0200: 3.484: [ParNew: 613440K->48790K(613440K), 0.0258247 secs] 617360K->52710K(2029056K), 0.0258966 secs] [Times: user=0.25 sys=0.00, real=0.03 secs] 
2020-09-29T18:23:50.594+0200: 3.564: [GC (Allocation Failure) 2020-09-29T18:23:50.594+0200: 3.564: [ParNew: 594134K->43870K(613440K), 0.0231111 secs] 598054K->47791K(2029056K), 0.0231898 secs] [Times: user=0.25 sys=0.00, real=0.02 secs] 
2020-09-29T18:23:50.669+0200: 3.640: [GC (Allocation Failure) 2020-09-29T18:23:50.670+0200: 3.640: [ParNew: 589214K->30711K(613440K), 0.0099264 secs] 593135K->34632K(2029056K), 0.0099941 secs] [Times: user=0.13 sys=0.00, real=0.01 secs] 
2020-09-29T18:23:50.730+0200: 3.700: [GC (Allocation Failure) 2020-09-29T18:23:50.730+0200: 3.700: [ParNew: 576055K->44834K(613440K), 0.0204425 secs] 579976K->48754K(2029056K), 0.0205001 secs] [Times: user=0.13 sys=0.00, real=0.02 secs] 
2020-09-29T18:23:50.797+0200: 3.767: [GC (Allocation Failure) 2020-09-29T18:23:50.797+0200: 3.767: [ParNew: 590178K->59377K(613440K), 0.0185334 secs] 594098K->63297K(2029056K), 0.0186042 secs] [Times: user=0.13 sys=0.00, real=0.02 secs] 
2020-09-29T18:23:50.864+0200: 3.834: [GC (Allocation Failure) 2020-09-29T18:23:50.864+0200: 3.834: [ParNew: 604721K->23710K(613440K), 0.0125621 secs] 608641K->27630K(2029056K), 0.0126309 secs] [Times: user=0.00 sys=0.00, real=0.01 secs] 
2020-09-29T18:23:50.926+0200: 3.896: [GC (Allocation Failure) 2020-09-29T18:23:50.926+0200: 3.896: [ParNew: 569054K->40020K(613440K), 0.0156934 secs] 572974K->43941K(2029056K), 0.0157477 secs] [Times: user=0.13 sys=0.00, real=0.02 secs] 
2020-09-29T18:23:50.992+0200: 3.962: [GC (Allocation Failure) 2020-09-29T18:23:50.992+0200: 3.962: [ParNew: 585364K->31024K(613440K), 0.0157891 secs] 589285K->34944K(2029056K), 0.0158535 secs] [Times: user=0.13 sys=0.00, real=0.02 secs] 
2020-09-29T18:23:51.056+0200: 4.026: [GC (Allocation Failure) 2020-09-29T18:23:51.056+0200: 4.026: [ParNew: 576368K->51461K(613440K), 0.0206381 secs] 580288K->55382K(2029056K), 0.0207066 secs] [Times: user=0.13 sys=0.00, real=0.02 secs] 
2020-09-29T18:23:51.124+0200: 4.094: [GC (Allocation Failure) 2020-09-29T18:23:51.124+0200: 4.094: [ParNew: 596805K->42104K(613440K), 0.0187287 secs] 600726K->46025K(2029056K), 0.0187999 secs] [Times: user=0.13 sys=0.00, real=0.02 secs] 
2020-09-29T18:23:51.192+0200: 4.162: [GC (Allocation Failure) 2020-09-29T18:23:51.192+0200: 4.162: [ParNew: 587448K->44735K(613440K), 0.0185431 secs] 591369K->48656K(2029056K), 0.0186131 secs] [Times: user=0.13 sys=0.00, real=0.02 secs] 
2020-09-29T18:23:51.259+0200: 4.229: [GC (Allocation Failure) 2020-09-29T18:23:51.259+0200: 4.229: [ParNew: 590079K->66787K(613440K), 0.0235608 secs] 594000K->70708K(2029056K), 0.0236153 secs] [Times: user=0.13 sys=0.00, real=0.02 secs] 
2020-09-29T18:23:51.329+0200: 4.299: [GC (Allocation Failure) 2020-09-29T18:23:51.329+0200: 4.299: [ParNew: 612131K->50181K(613440K), 0.0231851 secs] 616052K->54102K(2029056K), 0.0232458 secs] [Times: user=0.25 sys=0.00, real=0.02 secs] 
2020-09-29T18:23:51.399+0200: 4.369: [GC (Allocation Failure) 2020-09-29T18:23:51.399+0200: 4.369: [ParNew: 595525K->55959K(613440K), 0.0224340 secs] 599446K->59880K(2029056K), 0.0225204 secs] [Times: user=0.13 sys=0.00, real=0.02 secs] 
2020-09-29T18:23:51.468+0200: 4.438: [GC (Allocation Failure) 2020-09-29T18:23:51.468+0200: 4.438: [ParNew: 601303K->43003K(613440K), 0.0177979 secs] 605224K->46923K(2029056K), 0.0178528 secs] [Times: user=0.13 sys=0.00, real=0.02 secs] 
2020-09-29T18:23:51.533+0200: 4.503: [GC (Allocation Failure) 2020-09-29T18:23:51.533+0200: 4.503: [ParNew: 588347K->36663K(613440K), 0.0156333 secs] 592267K->40584K(2029056K), 0.0157035 secs] [Times: user=0.11 sys=0.00, real=0.02 secs] 
2020-09-29T18:23:51.601+0200: 4.571: [GC (Allocation Failure) 2020-09-29T18:23:51.601+0200: 4.571: [ParNew: 582007K->55014K(613440K), 0.0196219 secs] 585928K->58935K(2029056K), 0.0196935 secs] [Times: user=0.13 sys=0.00, real=0.02 secs] 
2020-09-29T18:23:51.672+0200: 4.642: [GC (Allocation Failure) 2020-09-29T18:23:51.672+0200: 4.642: [ParNew: 600358K->45087K(613440K), 0.0186475 secs] 604279K->49008K(2029056K), 0.0187146 secs] [Times: user=0.13 sys=0.00, real=0.02 secs] 
2020-09-29T18:23:51.739+0200: 4.709: [GC (Allocation Failure) 2020-09-29T18:23:51.739+0200: 4.709: [ParNew: 590431K->37383K(613440K), 0.0184865 secs] 594352K->41304K(2029056K), 0.0185404 secs] [Times: user=0.13 sys=0.00, real=0.02 secs] 
2020-09-29T18:23:51.805+0200: 4.775: [GC (Allocation Failure) 2020-09-29T18:23:51.805+0200: 4.775: [ParNew: 582727K->64009K(613440K), 0.0217775 secs] 586648K->67929K(2029056K), 0.0218336 secs] [Times: user=0.13 sys=0.00, real=0.02 secs] 
2020-09-29T18:23:51.875+0200: 4.844: [GC (Allocation Failure) 2020-09-29T18:23:51.875+0200: 4.844: [ParNew: 609353K->47050K(613440K), 0.0159165 secs] 613273K->50970K(2029056K), 0.0159961 secs] [Times: user=0.13 sys=0.00, real=0.02 secs] 
2020-09-29T18:23:51.942+0200: 4.912: [GC (Allocation Failure) 2020-09-29T18:23:51.942+0200: 4.912: [ParNew: 592394K->21178K(613440K), 0.0093469 secs] 596314K->25098K(2029056K), 0.0094357 secs] [Times: user=0.00 sys=0.00, real=0.01 secs] 
2020-09-29T18:23:52.005+0200: 4.974: [GC (Allocation Failure) 2020-09-29T18:23:52.005+0200: 4.974: [ParNew: 566522K->42938K(613440K), 0.0197629 secs] 570442K->46859K(2029056K), 0.0198233 secs] [Times: user=0.13 sys=0.00, real=0.02 secs] 
2020-09-29T18:23:52.072+0200: 5.042: [GC (Allocation Failure) 2020-09-29T18:23:52.072+0200: 5.042: [ParNew: 588282K->33728K(613440K), 0.0129626 secs] 592203K->37649K(2029056K), 0.0130184 secs] [Times: user=0.13 sys=0.00, real=0.01 secs] 
2020-09-29T18:23:52.136+0200: 5.106: [GC (Allocation Failure) 2020-09-29T18:23:52.136+0200: 5.106: [ParNew: 579072K->47673K(613440K), 0.0178616 secs] 582993K->51594K(2029056K), 0.0179208 secs] [Times: user=0.13 sys=0.00, real=0.02 secs] 
2020-09-29T18:23:52.201+0200: 5.170: [GC (Allocation Failure) 2020-09-29T18:23:52.201+0200: 5.170: [ParNew: 593017K->28797K(613440K), 0.0115550 secs] 596938K->32718K(2029056K), 0.0116117 secs] [Times: user=0.13 sys=0.00, real=0.01 secs] 
2020-09-29T18:23:52.262+0200: 5.231: [GC (Allocation Failure) 2020-09-29T18:23:52.262+0200: 5.231: [ParNew: 574141K->48215K(613440K), 0.0204102 secs] 578062K->52136K(2029056K), 0.0204726 secs] [Times: user=0.13 sys=0.00, real=0.02 secs] 
2020-09-29T18:23:52.331+0200: 5.300: [GC (Allocation Failure) 2020-09-29T18:23:52.331+0200: 5.300: [ParNew: 593559K->35536K(613440K), 0.0138771 secs] 597480K->39457K(2029056K), 0.0139616 secs] [Times: user=0.11 sys=0.01, real=0.01 secs] 
2020-09-29T18:23:52.391+0200: 5.360: [GC (Allocation Failure) 2020-09-29T18:23:52.391+0200: 5.360: [ParNew: 580880K->50418K(613440K), 0.0189512 secs] 584801K->54339K(2029056K), 0.0190111 secs] [Times: user=0.13 sys=0.00, real=0.02 secs] 
2020-09-29T18:23:52.458+0200: 5.428: [GC (Allocation Failure) 2020-09-29T18:23:52.458+0200: 5.428: [ParNew: 595762K->40598K(613440K), 0.0177639 secs] 599683K->44519K(2029056K), 0.0178175 secs] [Times: user=0.13 sys=0.00, real=0.02 secs] 
2020-09-29T18:23:52.525+0200: 5.494: [GC (Allocation Failure) 2020-09-29T18:23:52.525+0200: 5.494: [ParNew: 585942K->31084K(613440K), 0.0103226 secs] 589863K->35005K(2029056K), 0.0103798 secs] [Times: user=0.00 sys=0.00, real=0.01 secs] 
2020-09-29T18:23:52.589+0200: 5.558: [GC (Allocation Failure) 2020-09-29T18:23:52.589+0200: 5.558: [ParNew: 576428K->36360K(613440K), 0.0196469 secs] 580349K->40281K(2029056K), 0.0197242 secs] [Times: user=0.11 sys=0.00, real=0.02 secs] 
2020-09-29T18:23:52.659+0200: 5.629: [GC (Allocation Failure) 2020-09-29T18:23:52.659+0200: 5.629: [ParNew: 581704K->45712K(613440K), 0.0207259 secs] 585625K->49633K(2029056K), 0.0208048 secs] [Times: user=0.25 sys=0.00, real=0.02 secs] 
2020-09-29T18:23:52.727+0200: 5.696: [GC (Allocation Failure) 2020-09-29T18:23:52.727+0200: 5.696: [ParNew: 591056K->50734K(613440K), 0.0204262 secs] 594977K->54654K(2029056K), 0.0204911 secs] [Times: user=0.13 sys=0.00, real=0.02 secs] 
2020-09-29T18:23:52.795+0200: 5.765: [GC (Allocation Failure) 2020-09-29T18:23:52.795+0200: 5.765: [ParNew: 596078K->35879K(613440K), 0.0137357 secs] 599998K->39800K(2029056K), 0.0137906 secs] [Times: user=0.13 sys=0.00, real=0.01 secs] 
2020-09-29T18:23:52.857+0200: 5.826: [GC (Allocation Failure) 2020-09-29T18:23:52.857+0200: 5.826: [ParNew: 581223K->38144K(613440K), 0.0193470 secs] 585144K->42065K(2029056K), 0.0194189 secs] [Times: user=0.13 sys=0.00, real=0.02 secs] 
2020-09-29T18:23:52.923+0200: 5.892: [GC (Allocation Failure) 2020-09-29T18:23:52.923+0200: 5.892: [ParNew: 583488K->57363K(613440K), 0.0221546 secs] 587409K->61283K(2029056K), 0.0222138 secs] [Times: user=0.25 sys=0.00, real=0.02 secs] 
2020-09-29T18:23:52.997+0200: 5.966: [GC (Allocation Failure) 2020-09-29T18:23:52.997+0200: 5.967: [ParNew: 602707K->65756K(613440K), 0.0218387 secs] 606627K->69677K(2029056K), 0.0218979 secs] [Times: user=0.13 sys=0.00, real=0.02 secs] 
2020-09-29T18:23:53.067+0200: 6.036: [GC (Allocation Failure) 2020-09-29T18:23:53.067+0200: 6.036: [ParNew: 611100K->46752K(613440K), 0.0155195 secs] 615021K->50673K(2029056K), 0.0155732 secs] [Times: user=0.14 sys=0.00, real=0.02 secs] 
2020-09-29T18:23:53.134+0200: 6.103: [GC (Allocation Failure) 2020-09-29T18:23:53.134+0200: 6.103: [ParNew: 592096K->20701K(613440K), 0.0073144 secs] 596017K->24622K(2029056K), 0.0140052 secs] [Times: user=0.00 sys=0.00, real=0.01 secs] 
2020-09-29T18:23:53.209+0200: 6.178: [GC (Allocation Failure) 2020-09-29T18:23:53.209+0200: 6.178: [ParNew: 566045K->49374K(613440K), 0.0226546 secs] 569966K->53295K(2029056K), 0.0227232 secs] [Times: user=0.13 sys=0.00, real=0.02 secs] 
2020-09-29T18:23:53.283+0200: 6.252: [GC (Allocation Failure) 2020-09-29T18:23:53.283+0200: 6.252: [ParNew: 594718K->67093K(613440K), 0.0229003 secs] 598639K->71013K(2029056K), 0.0229785 secs] [Times: user=0.25 sys=0.00, real=0.02 secs] 
2020-09-29T18:23:53.352+0200: 6.322: [GC (Allocation Failure) 2020-09-29T18:23:53.352+0200: 6.322: [ParNew: 612437K->41807K(613440K), 0.0151604 secs] 616357K->45727K(2029056K), 0.0152405 secs] [Times: user=0.13 sys=0.00, real=0.02 secs] 
2020-09-29T18:23:53.421+0200: 6.391: [GC (Allocation Failure) 2020-09-29T18:23:53.421+0200: 6.391: [ParNew: 587151K->60426K(613440K), 0.0199389 secs] 591071K->64347K(2029056K), 0.0200427 secs] [Times: user=0.13 sys=0.00, real=0.02 secs] 
2020-09-29T18:23:53.492+0200: 6.462: [GC (Allocation Failure) 2020-09-29T18:23:53.492+0200: 6.462: [ParNew: 605770K->43286K(613440K), 0.0202555 secs] 609691K->47207K(2029056K), 0.0203315 secs] [Times: user=0.13 sys=0.00, real=0.02 secs] 
2020-09-29T18:23:53.561+0200: 6.531: [GC (Allocation Failure) 2020-09-29T18:23:53.561+0200: 6.531: [ParNew: 588630K->39497K(613440K), 0.0198241 secs] 592551K->43418K(2029056K), 0.0198930 secs] [Times: user=0.13 sys=0.00, real=0.02 secs] 
2020-09-29T18:23:53.634+0200: 6.603: [GC (Allocation Failure) 2020-09-29T18:23:53.634+0200: 6.603: [ParNew: 584841K->64887K(613440K), 0.0276604 secs] 588762K->68808K(2029056K), 0.0277373 secs] [Times: user=0.23 sys=0.00, real=0.03 secs] 
2020-09-29T18:23:53.713+0200: 6.682: [GC (Allocation Failure) 2020-09-29T18:23:53.713+0200: 6.682: [ParNew: 610231K->68096K(613440K), 0.0250908 secs] 614152K->72016K(2029056K), 0.0251789 secs] [Times: user=0.13 sys=0.00, real=0.02 secs] 
2020-09-29T18:23:53.788+0200: 6.757: [GC (Allocation Failure) 2020-09-29T18:23:53.788+0200: 6.757: [ParNew: 613440K->45766K(613440K), 0.0189862 secs] 617360K->49687K(2029056K), 0.0190512 secs] [Times: user=0.13 sys=0.00, real=0.02 secs] 
2020-09-29T18:23:53.856+0200: 6.826: [GC (Allocation Failure) 2020-09-29T18:23:53.856+0200: 6.826: [ParNew: 590462K->34218K(613440K), 0.0098863 secs] 594383K->38139K(2029056K), 0.0099408 secs] [Times: user=0.13 sys=0.00, real=0.01 secs] 
2020-09-29T18:23:53.917+0200: 6.887: [GC (Allocation Failure) 2020-09-29T18:23:53.917+0200: 6.887: [ParNew: 579562K->46071K(613440K), 0.0212144 secs] 583483K->49991K(2029056K), 0.0212938 secs] [Times: user=0.13 sys=0.00, real=0.02 secs] 
2020-09-29T18:23:53.986+0200: 6.956: [GC (Allocation Failure) 2020-09-29T18:23:53.986+0200: 6.956: [ParNew: 591415K->32920K(613440K), 0.0145873 secs] 595335K->36841K(2029056K), 0.0146498 secs] [Times: user=0.13 sys=0.00, real=0.01 secs] 
2020-09-29T18:23:54.051+0200: 7.021: [GC (Allocation Failure) 2020-09-29T18:23:54.051+0200: 7.021: [ParNew: 578264K->49771K(613440K), 0.0176746 secs] 582185K->53692K(2029056K), 0.0177362 secs] [Times: user=0.25 sys=0.00, real=0.02 secs] 
2020-09-29T18:23:54.118+0200: 7.088: [GC (Allocation Failure) 2020-09-29T18:23:54.118+0200: 7.088: [ParNew: 595115K->62179K(613440K), 0.0239048 secs] 599036K->66100K(2029056K), 0.0239691 secs] [Times: user=0.13 sys=0.00, real=0.02 secs] 
2020-09-29T18:23:54.189+0200: 7.159: [GC (Allocation Failure) 2020-09-29T18:23:54.189+0200: 7.159: [ParNew: 607523K->51267K(613440K), 0.0210189 secs] 611444K->55187K(2029056K), 0.0210805 secs] [Times: user=0.25 sys=0.00, real=0.02 secs] 
2020-09-29T18:23:54.260+0200: 7.229: [GC (Allocation Failure) 2020-09-29T18:23:54.260+0200: 7.229: [ParNew: 596611K->43204K(613440K), 0.0150921 secs] 600531K->47124K(2029056K), 0.0151598 secs] [Times: user=0.13 sys=0.00, real=0.02 secs] 
2020-09-29T18:23:54.322+0200: 7.292: [GC (Allocation Failure) 2020-09-29T18:23:54.322+0200: 7.292: [ParNew: 588548K->45007K(613440K), 0.0187695 secs] 592468K->48928K(2029056K), 0.0188242 secs] [Times: user=0.13 sys=0.00, real=0.02 secs] 
2020-09-29T18:23:54.391+0200: 7.360: [GC (Allocation Failure) 2020-09-29T18:23:54.391+0200: 7.360: [ParNew: 590351K->34204K(613440K), 0.0148227 secs] 594272K->38125K(2029056K), 0.0148793 secs] [Times: user=0.13 sys=0.00, real=0.01 secs] 
2020-09-29T18:23:54.453+0200: 7.423: [GC (Allocation Failure) 2020-09-29T18:23:54.453+0200: 7.423: [ParNew: 579548K->51856K(613440K), 0.0186340 secs] 583469K->55777K(2029056K), 0.0186899 secs] [Times: user=0.13 sys=0.00, real=0.02 secs] 
2020-09-29T18:23:54.520+0200: 7.490: [GC (Allocation Failure) 2020-09-29T18:23:54.520+0200: 7.490: [ParNew: 597200K->46900K(613440K), 0.0177782 secs] 601121K->50821K(2029056K), 0.0178400 secs] [Times: user=0.13 sys=0.00, real=0.02 secs] 
2020-09-29T18:23:54.588+0200: 7.558: [GC (Allocation Failure) 2020-09-29T18:23:54.588+0200: 7.558: [ParNew: 592244K->40659K(613440K), 0.0175287 secs] 596165K->44580K(2029056K), 0.0176098 secs] [Times: user=0.13 sys=0.00, real=0.02 secs] 
2020-09-29T18:23:54.656+0200: 7.626: [GC (Allocation Failure) 2020-09-29T18:23:54.656+0200: 7.626: [ParNew: 586003K->62635K(613440K), 0.0269322 secs] 589924K->66556K(2029056K), 0.0269882 secs] [Times: user=0.25 sys=0.00, real=0.03 secs] 
2020-09-29T18:23:54.731+0200: 7.701: [GC (Allocation Failure) 2020-09-29T18:23:54.731+0200: 7.701: [ParNew: 607979K->57654K(613440K), 0.0200456 secs] 611900K->61574K(2029056K), 0.0200986 secs] [Times: user=0.13 sys=0.00, real=0.02 secs] 
2020-09-29T18:23:54.799+0200: 7.769: [GC (Allocation Failure) 2020-09-29T18:23:54.799+0200: 7.769: [ParNew: 602998K->51076K(613440K), 0.0194849 secs] 606918K->54997K(2029056K), 0.0195399 secs] [Times: user=0.25 sys=0.00, real=0.02 secs] 
2020-09-29T18:23:54.865+0200: 7.835: [GC (Allocation Failure) 2020-09-29T18:23:54.865+0200: 7.835: [ParNew: 596420K->36987K(613440K), 0.0121101 secs] 600341K->40908K(2029056K), 0.0121677 secs] [Times: user=0.00 sys=0.00, real=0.01 secs] 
2020-09-29T18:23:54.928+0200: 7.898: [GC (Allocation Failure) 2020-09-29T18:23:54.928+0200: 7.898: [ParNew: 582331K->34132K(613440K), 0.0171759 secs] 586252K->38053K(2029056K), 0.0172483 secs] [Times: user=0.13 sys=0.00, real=0.02 secs] 
2020-09-29T18:23:54.994+0200: 7.964: [GC (Allocation Failure) 2020-09-29T18:23:54.994+0200: 7.964: [ParNew: 579476K->53122K(613440K), 0.0205432 secs] 583397K->57043K(2029056K), 0.0206192 secs] [Times: user=0.13 sys=0.00, real=0.02 secs] 
2020-09-29T18:23:55.064+0200: 8.034: [GC (Allocation Failure) 2020-09-29T18:23:55.064+0200: 8.034: [ParNew: 598466K->55836K(613440K), 0.0200110 secs] 602387K->59757K(2029056K), 0.0200684 secs] [Times: user=0.25 sys=0.00, real=0.02 secs] 
2020-09-29T18:23:55.131+0200: 8.101: [GC (Allocation Failure) 2020-09-29T18:23:55.131+0200: 8.101: [ParNew: 601180K->45415K(613440K), 0.0194128 secs] 605101K->49336K(2029056K), 0.0194666 secs] [Times: user=0.11 sys=0.00, real=0.02 secs] 
2020-09-29T18:23:55.201+0200: 8.171: [GC (Allocation Failure) 2020-09-29T18:23:55.201+0200: 8.171: [ParNew: 590759K->68096K(613440K), 0.0241134 secs] 594680K->72016K(2029056K), 0.0241796 secs] [Times: user=0.25 sys=0.00, real=0.02 secs] 
2020-09-29T18:23:55.272+0200: 8.242: [GC (Allocation Failure) 2020-09-29T18:23:55.272+0200: 8.242: [ParNew: 613440K->68096K(613440K), 0.0237617 secs] 617360K->72016K(2029056K), 0.0238245 secs] [Times: user=0.13 sys=0.00, real=0.02 secs] 
2020-09-29T18:23:55.343+0200: 8.313: [GC (Allocation Failure) 2020-09-29T18:23:55.343+0200: 8.313: [ParNew: 613440K->47264K(613440K), 0.0172981 secs] 617360K->51185K(2029056K), 0.0173593 secs] [Times: user=0.13 sys=0.00, real=0.02 secs] 
2020-09-29T18:23:55.408+0200: 8.379: [GC (Allocation Failure) 2020-09-29T18:23:55.408+0200: 8.379: [ParNew: 592608K->43173K(613440K), 0.0168218 secs] 596529K->47094K(2029056K), 0.0168797 secs] [Times: user=0.09 sys=0.00, real=0.02 secs] 
2020-09-29T18:23:55.476+0200: 8.446: [GC (Allocation Failure) 2020-09-29T18:23:55.476+0200: 8.446: [ParNew: 588517K->60418K(613440K), 0.0221746 secs] 592438K->64339K(2029056K), 0.0222393 secs] [Times: user=0.13 sys=0.00, real=0.02 secs] 
2020-09-29T18:23:55.545+0200: 8.515: [GC (Allocation Failure) 2020-09-29T18:23:55.545+0200: 8.515: [ParNew: 605762K->46532K(613440K), 0.0151397 secs] 609683K->50453K(2029056K), 0.0151974 secs] [Times: user=0.13 sys=0.00, real=0.01 secs] 
2020-09-29T18:23:55.609+0200: 8.579: [GC (Allocation Failure) 2020-09-29T18:23:55.609+0200: 8.579: [ParNew: 591876K->42256K(613440K), 0.0207238 secs] 595797K->46177K(2029056K), 0.0208050 secs] [Times: user=0.23 sys=0.00, real=0.02 secs] 
2020-09-29T18:23:55.680+0200: 8.650: [GC (Allocation Failure) 2020-09-29T18:23:55.680+0200: 8.650: [ParNew: 587600K->38614K(613440K), 0.0176116 secs] 591521K->42535K(2029056K), 0.0176681 secs] [Times: user=0.13 sys=0.00, real=0.02 secs] 
2020-09-29T18:23:55.748+0200: 8.718: [GC (Allocation Failure) 2020-09-29T18:23:55.748+0200: 8.718: [ParNew: 583958K->32840K(613440K), 0.0107457 secs] 587879K->36761K(2029056K), 0.0108234 secs] [Times: user=0.13 sys=0.00, real=0.01 secs] 
2020-09-29T18:23:55.811+0200: 8.782: [GC (Allocation Failure) 2020-09-29T18:23:55.811+0200: 8.782: [ParNew: 578184K->30815K(613440K), 0.0164320 secs] 582105K->34735K(2029056K), 0.0164895 secs] [Times: user=0.13 sys=0.00, real=0.02 secs] 
2020-09-29T18:23:55.877+0200: 8.846: [GC (Allocation Failure) 2020-09-29T18:23:55.877+0200: 8.846: [ParNew: 576159K->48077K(613440K), 0.0204712 secs] 580079K->51997K(2029056K), 0.0205309 secs] [Times: user=0.25 sys=0.00, real=0.02 secs] 
2020-09-29T18:23:55.945+0200: 8.914: [GC (Allocation Failure) 2020-09-29T18:23:55.945+0200: 8.914: [ParNew: 593421K->68096K(613440K), 0.0238479 secs] 597341K->72016K(2029056K), 0.0239066 secs] [Times: user=0.13 sys=0.00, real=0.02 secs] 
2020-09-29T18:23:56.016+0200: 8.985: [GC (Allocation Failure) 2020-09-29T18:23:56.016+0200: 8.985: [ParNew: 613440K->53984K(613440K), 0.0183046 secs] 617360K->57905K(2029056K), 0.0183758 secs] [Times: user=0.13 sys=0.00, real=0.02 secs] 
2020-09-29T18:23:56.084+0200: 9.053: [GC (Allocation Failure) 2020-09-29T18:23:56.084+0200: 9.053: [ParNew: 599328K->42944K(613440K), 0.0175746 secs] 603249K->46865K(2029056K), 0.0176361 secs] [Times: user=0.13 sys=0.00, real=0.02 secs] 
2020-09-29T18:23:56.154+0200: 9.123: [GC (Allocation Failure) 2020-09-29T18:23:56.154+0200: 9.123: [ParNew: 588288K->36906K(613440K), 0.0168039 secs] 592209K->40827K(2029056K), 0.0168790 secs] [Times: user=0.13 sys=0.00, real=0.02 secs] 
2020-09-29T18:23:56.225+0200: 9.195: [GC (Allocation Failure) 2020-09-29T18:23:56.225+0200: 9.195: [ParNew: 582250K->30739K(613440K), 0.0102384 secs] 586171K->34660K(2029056K), 0.0102926 secs] [Times: user=0.00 sys=0.00, real=0.01 secs] 
2020-09-29T18:23:56.285+0200: 9.254: [GC (Allocation Failure) 2020-09-29T18:23:56.285+0200: 9.254: [ParNew: 576083K->30163K(613440K), 0.0157356 secs] 580004K->34084K(2029056K), 0.0158040 secs] [Times: user=0.13 sys=0.00, real=0.02 secs] 
2020-09-29T18:23:56.350+0200: 9.319: [GC (Allocation Failure) 2020-09-29T18:23:56.350+0200: 9.319: [ParNew: 575507K->45539K(613440K), 0.0189842 secs] 579428K->49460K(2029056K), 0.0190527 secs] [Times: user=0.13 sys=0.00, real=0.02 secs] 
2020-09-29T18:23:56.418+0200: 9.387: [GC (Allocation Failure) 2020-09-29T18:23:56.418+0200: 9.387: [ParNew: 590883K->41344K(613440K), 0.0126595 secs] 594804K->45265K(2029056K), 0.0127248 secs] [Times: user=0.13 sys=0.00, real=0.01 secs] 
2020-09-29T18:23:56.482+0200: 9.451: [GC (Allocation Failure) 2020-09-29T18:23:56.482+0200: 9.451: [ParNew: 586688K->38908K(613440K), 0.0186958 secs] 590609K->42829K(2029056K), 0.0187526 secs] [Times: user=0.13 sys=0.00, real=0.02 secs] 
2020-09-29T18:23:56.550+0200: 9.520: [GC (Allocation Failure) 2020-09-29T18:23:56.550+0200: 9.520: [ParNew: 584252K->58905K(613440K), 0.0244684 secs] 588173K->62826K(2029056K), 0.0245561 secs] [Times: user=0.25 sys=0.00, real=0.03 secs] 
2020-09-29T18:23:56.627+0200: 9.596: [GC (Allocation Failure) 2020-09-29T18:23:56.627+0200: 9.596: [ParNew: 604249K->68096K(613440K), 0.0257214 secs] 608170K->72235K(2029056K), 0.0258050 secs] [Times: user=0.24 sys=0.00, real=0.03 secs] 
2020-09-29T18:23:56.702+0200: 9.672: [GC (Allocation Failure) 2020-09-29T18:23:56.702+0200: 9.672: [ParNew: 613440K->50186K(613440K), 0.0235261 secs] 617579K->54326K(2029056K), 0.0235991 secs] [Times: user=0.25 sys=0.00, real=0.02 secs] 
2020-09-29T18:23:56.777+0200: 9.747: [GC (Allocation Failure) 2020-09-29T18:23:56.777+0200: 9.747: [ParNew: 595530K->49492K(613440K), 0.0178899 secs] 599670K->53631K(2029056K), 0.0179574 secs] [Times: user=0.13 sys=0.00, real=0.02 secs] 
2020-09-29T18:23:56.849+0200: 9.819: [GC (Allocation Failure) 2020-09-29T18:23:56.849+0200: 9.819: [ParNew: 594836K->36921K(613440K), 0.0148312 secs] 598975K->41061K(2029056K), 0.0148935 secs] [Times: user=0.13 sys=0.00, real=0.02 secs] 
2020-09-29T18:23:56.913+0200: 9.882: [GC (Allocation Failure) 2020-09-29T18:23:56.913+0200: 9.883: [ParNew: 582265K->27927K(613440K), 0.0134270 secs] 586405K->32067K(2029056K), 0.0134886 secs] [Times: user=0.01 sys=0.00, real=0.01 secs] 
2020-09-29T18:23:56.976+0200: 9.945: [GC (Allocation Failure) 2020-09-29T18:23:56.976+0200: 9.945: [ParNew: 573271K->45653K(613440K), 0.0202710 secs] 577411K->49792K(2029056K), 0.0203325 secs] [Times: user=0.13 sys=0.00, real=0.02 secs] 
2020-09-29T18:23:57.043+0200: 10.012: [GC (Allocation Failure) 2020-09-29T18:23:57.043+0200: 10.012: [ParNew: 590997K->41602K(613440K), 0.0180904 secs] 595136K->45742K(2029056K), 0.0181598 secs] [Times: user=0.13 sys=0.00, real=0.02 secs] 
2020-09-29T18:23:57.108+0200: 10.077: [GC (Allocation Failure) 2020-09-29T18:23:57.108+0200: 10.077: [ParNew: 586946K->61497K(613440K), 0.0219531 secs] 591086K->65636K(2029056K), 0.0220339 secs] [Times: user=0.25 sys=0.00, real=0.02 secs] 
2020-09-29T18:23:57.179+0200: 10.148: [GC (Allocation Failure) 2020-09-29T18:23:57.179+0200: 10.148: [ParNew: 606841K->42853K(613440K), 0.0172042 secs] 610980K->46993K(2029056K), 0.0172921 secs] [Times: user=0.13 sys=0.00, real=0.02 secs] 
2020-09-29T18:23:57.244+0200: 10.213: [GC (Allocation Failure) 2020-09-29T18:23:57.244+0200: 10.213: [ParNew: 588197K->59641K(613440K), 0.0192756 secs] 592337K->63780K(2029056K), 0.0193403 secs] [Times: user=0.13 sys=0.00, real=0.02 secs] 
2020-09-29T18:23:57.315+0200: 10.284: [GC (Allocation Failure) 2020-09-29T18:23:57.315+0200: 10.285: [ParNew: 604985K->41456K(613440K), 0.0136357 secs] 609124K->45596K(2029056K), 0.0145697 secs] [Times: user=0.11 sys=0.00, real=0.01 secs] 
2020-09-29T18:23:57.379+0200: 10.349: [GC (Allocation Failure) 2020-09-29T18:23:57.379+0200: 10.349: [ParNew: 586800K->36781K(613440K), 0.0183153 secs] 590940K->40920K(2029056K), 0.0183837 secs] [Times: user=0.25 sys=0.00, real=0.02 secs] 
2020-09-29T18:23:57.445+0200: 10.415: [GC (Allocation Failure) 2020-09-29T18:23:57.445+0200: 10.415: [ParNew: 582125K->45450K(613440K), 0.0175803 secs] 586264K->49590K(2029056K), 0.0176403 secs] [Times: user=0.13 sys=0.00, real=0.02 secs] 
2020-09-29T18:23:57.510+0200: 10.479: [GC (Allocation Failure) 2020-09-29T18:23:57.510+0200: 10.479: [ParNew: 590794K->38167K(613440K), 0.0162662 secs] 594934K->42307K(2029056K), 0.0163205 secs] [Times: user=0.13 sys=0.00, real=0.02 secs] 
2020-09-29T18:23:57.576+0200: 10.546: [GC (Allocation Failure) 2020-09-29T18:23:57.576+0200: 10.546: [ParNew: 583511K->37129K(613440K), 0.0168443 secs] 587651K->41269K(2029056K), 0.0169292 secs] [Times: user=0.11 sys=0.00, real=0.02 secs] 
2020-09-29T18:23:57.642+0200: 10.611: [GC (Allocation Failure) 2020-09-29T18:23:57.642+0200: 10.611: [ParNew: 582473K->31710K(613440K), 0.0164118 secs] 586613K->35850K(2029056K), 0.0164902 secs] [Times: user=0.13 sys=0.00, real=0.02 secs] 
2020-09-29T18:23:57.706+0200: 10.675: [GC (Allocation Failure) 2020-09-29T18:23:57.706+0200: 10.675: [ParNew: 577054K->53004K(613440K), 0.0195377 secs] 581194K->57144K(2029056K), 0.0196004 secs] [Times: user=0.25 sys=0.00, real=0.02 secs] 
2020-09-29T18:23:57.772+0200: 10.742: [GC (Allocation Failure) 2020-09-29T18:23:57.772+0200: 10.742: [ParNew: 598348K->68096K(613440K), 0.0231200 secs] 602488K->72235K(2029056K), 0.0232127 secs] [Times: user=0.13 sys=0.00, real=0.02 secs] 
2020-09-29T18:23:57.844+0200: 10.813: [GC (Allocation Failure) 2020-09-29T18:23:57.844+0200: 10.813: [ParNew: 613440K->54212K(613440K), 0.0172683 secs] 617579K->58352K(2029056K), 0.0173232 secs] [Times: user=0.13 sys=0.00, real=0.02 secs] 
2020-09-29T18:23:57.911+0200: 10.880: [GC (Allocation Failure) 2020-09-29T18:23:57.911+0200: 10.880: [ParNew: 599556K->50077K(613440K), 0.0210881 secs] 603696K->54217K(2029056K), 0.0211549 secs] [Times: user=0.13 sys=0.00, real=0.02 secs] 
2020-09-29T18:23:57.981+0200: 10.951: [GC (Allocation Failure) 2020-09-29T18:23:57.981+0200: 10.951: [ParNew: 595421K->42019K(613440K), 0.0175553 secs] 599561K->46158K(2029056K), 0.0176345 secs] [Times: user=0.13 sys=0.00, real=0.02 secs] 
2020-09-29T18:23:58.046+0200: 11.015: [GC (Allocation Failure) 2020-09-29T18:23:58.046+0200: 11.015: [ParNew: 587363K->55773K(613440K), 0.0203966 secs] 591502K->59913K(2029056K), 0.0204575 secs] [Times: user=0.13 sys=0.00, real=0.02 secs] 
2020-09-29T18:23:58.114+0200: 11.083: [GC (Allocation Failure) 2020-09-29T18:23:58.114+0200: 11.083: [ParNew: 601117K->40182K(613440K), 0.0203786 secs] 605257K->44322K(2029056K), 0.0204807 secs] [Times: user=0.13 sys=0.00, real=0.02 secs] 
2020-09-29T18:23:58.181+0200: 11.151: [GC (Allocation Failure) 2020-09-29T18:23:58.181+0200: 11.151: [ParNew: 585526K->68096K(613440K), 0.0286012 secs] 589666K->73541K(2029056K), 0.0286573 secs] [Times: user=0.25 sys=0.00, real=0.03 secs] 
2020-09-29T18:23:58.256+0200: 11.226: [GC (Allocation Failure) 2020-09-29T18:23:58.256+0200: 11.226: [ParNew: 613440K->57049K(613440K), 0.0163575 secs] 618885K->62495K(2029056K), 0.0164145 secs] [Times: user=0.13 sys=0.00, real=0.02 secs] 
2020-09-29T18:23:58.320+0200: 11.289: [GC (Allocation Failure) 2020-09-29T18:23:58.320+0200: 11.289: [ParNew: 602393K->54160K(613440K), 0.0214672 secs] 607839K->59605K(2029056K), 0.0215261 secs] [Times: user=0.13 sys=0.00, real=0.02 secs] 
2020-09-29T18:23:58.388+0200: 11.358: [GC (Allocation Failure) 2020-09-29T18:23:58.388+0200: 11.358: [ParNew: 599504K->43610K(613440K), 0.0157730 secs] 604949K->49056K(2029056K), 0.0158393 secs] [Times: user=0.13 sys=0.00, real=0.02 secs] 
2020-09-29T18:23:58.451+0200: 11.420: [GC (Allocation Failure) 2020-09-29T18:23:58.451+0200: 11.420: [ParNew: 588954K->32586K(613440K), 0.0157148 secs] 594400K->38032K(2029056K), 0.0157873 secs] [Times: user=0.13 sys=0.00, real=0.02 secs] 
2020-09-29T18:23:58.520+0200: 11.490: [GC (Allocation Failure) 2020-09-29T18:23:58.520+0200: 11.490: [ParNew: 577930K->57424K(613440K), 0.0241825 secs] 583376K->62869K(2029056K), 0.0242358 secs] [Times: user=0.13 sys=0.00, real=0.02 secs] 
2020-09-29T18:23:58.593+0200: 11.562: [GC (Allocation Failure) 2020-09-29T18:23:58.593+0200: 11.562: [ParNew: 602768K->49090K(613440K), 0.0200735 secs] 608213K->54535K(2029056K), 0.0201296 secs] [Times: user=0.11 sys=0.00, real=0.02 secs] 
2020-09-29T18:23:58.668+0200: 11.638: [GC (Allocation Failure) 2020-09-29T18:23:58.668+0200: 11.638: [ParNew: 594434K->68096K(613440K), 0.0255992 secs] 599879K->73619K(2029056K), 0.0256814 secs] [Times: user=0.25 sys=0.00, real=0.03 secs] 
2020-09-29T18:23:58.746+0200: 11.715: [GC (Allocation Failure) 2020-09-29T18:23:58.746+0200: 11.715: [ParNew: 613440K->52784K(613440K), 0.0241044 secs] 618963K->58307K(2029056K), 0.0241975 secs] [Times: user=0.25 sys=0.00, real=0.02 secs] 
2020-09-29T18:23:58.821+0200: 11.791: [GC (Allocation Failure) 2020-09-29T18:23:58.821+0200: 11.791: [ParNew: 598128K->40875K(613440K), 0.0166891 secs] 603651K->46398K(2029056K), 0.0167803 secs] [Times: user=0.13 sys=0.00, real=0.02 secs] 
2020-09-29T18:23:58.891+0200: 11.861: [GC (Allocation Failure) 2020-09-29T18:23:58.891+0200: 11.861: [ParNew: 586219K->40312K(613440K), 0.0155833 secs] 591742K->45835K(2029056K), 0.0156607 secs] [Times: user=0.11 sys=0.00, real=0.02 secs] 
2020-09-29T18:23:58.959+0200: 11.928: [GC (Allocation Failure) 2020-09-29T18:23:58.959+0200: 11.928: [ParNew: 585656K->44834K(613440K), 0.0207248 secs] 591179K->50357K(2029056K), 0.0207968 secs] [Times: user=0.13 sys=0.00, real=0.02 secs] 
2020-09-29T18:23:59.036+0200: 12.005: [GC (Allocation Failure) 2020-09-29T18:23:59.036+0200: 12.005: [ParNew: 590178K->49175K(613440K), 0.0211070 secs] 595701K->54699K(2029056K), 0.0211770 secs] [Times: user=0.11 sys=0.00, real=0.02 secs] 
2020-09-29T18:23:59.108+0200: 12.078: [GC (Allocation Failure) 2020-09-29T18:23:59.108+0200: 12.078: [ParNew: 594519K->39648K(613440K), 0.0171364 secs] 600043K->45171K(2029056K), 0.0171997 secs] [Times: user=0.13 sys=0.00, real=0.02 secs] 
2020-09-29T18:23:59.174+0200: 12.144: [GC (Allocation Failure) 2020-09-29T18:23:59.174+0200: 12.144: [ParNew: 584992K->39361K(613440K), 0.0162463 secs] 590515K->44884K(2029056K), 0.0163047 secs] [Times: user=0.13 sys=0.00, real=0.02 secs] 
2020-09-29T18:23:59.243+0200: 12.212: [GC (Allocation Failure) 2020-09-29T18:23:59.243+0200: 12.212: [ParNew: 584705K->34584K(613440K), 0.0156161 secs] 590228K->40107K(2029056K), 0.0156967 secs] [Times: user=0.13 sys=0.00, real=0.01 secs] 
2020-09-29T18:23:59.307+0200: 12.276: [GC (Allocation Failure) 2020-09-29T18:23:59.307+0200: 12.276: [ParNew: 579928K->65210K(613440K), 0.0250959 secs] 585451K->70733K(2029056K), 0.0251860 secs] [Times: user=0.13 sys=0.00, real=0.03 secs] 
2020-09-29T18:23:59.379+0200: 12.348: [GC (Allocation Failure) 2020-09-29T18:23:59.379+0200: 12.348: [ParNew: 610554K->68096K(613440K), 0.0242918 secs] 616077K->73997K(2029056K), 0.0243480 secs] [Times: user=0.25 sys=0.00, real=0.02 secs] 
2020-09-29T18:23:59.451+0200: 12.421: [GC (Allocation Failure) 2020-09-29T18:23:59.451+0200: 12.421: [ParNew: 613440K->55384K(613440K), 0.0195811 secs] 619341K->61286K(2029056K), 0.0196368 secs] [Times: user=0.13 sys=0.00, real=0.02 secs] 
2020-09-29T18:23:59.517+0200: 12.487: [GC (Allocation Failure) 2020-09-29T18:23:59.517+0200: 12.487: [ParNew: 600728K->42611K(613440K), 0.0190269 secs] 606630K->48513K(2029056K), 0.0190834 secs] [Times: user=0.25 sys=0.00, real=0.02 secs] 
2020-09-29T18:23:59.585+0200: 12.555: [GC (Allocation Failure) 2020-09-29T18:23:59.585+0200: 12.555: [ParNew: 587955K->64731K(613440K), 0.0236673 secs] 593857K->70632K(2029056K), 0.0237264 secs] [Times: user=0.11 sys=0.00, real=0.02 secs] 
2020-09-29T18:23:59.657+0200: 12.627: [GC (Allocation Failure) 2020-09-29T18:23:59.657+0200: 12.627: [ParNew: 610075K->44119K(613440K), 0.0171301 secs] 615976K->50020K(2029056K), 0.0171982 secs] [Times: user=0.13 sys=0.00, real=0.02 secs] 
2020-09-29T18:23:59.722+0200: 12.692: [GC (Allocation Failure) 2020-09-29T18:23:59.722+0200: 12.692: [ParNew: 589463K->39952K(613440K), 0.0156128 secs] 595364K->45853K(2029056K), 0.0156766 secs] [Times: user=0.13 sys=0.00, real=0.02 secs] 
2020-09-29T18:23:59.786+0200: 12.755: [GC (Allocation Failure) 2020-09-29T18:23:59.786+0200: 12.755: [ParNew: 585296K->56823K(613440K), 0.0205949 secs] 591197K->62724K(2029056K), 0.0206543 secs] [Times: user=0.13 sys=0.00, real=0.02 secs] 
2020-09-29T18:23:59.857+0200: 12.826: [GC (Allocation Failure) 2020-09-29T18:23:59.857+0200: 12.826: [ParNew: 602167K->41287K(613440K), 0.0150475 secs] 608068K->47188K(2029056K), 0.0151224 secs] [Times: user=0.13 sys=0.00, real=0.01 secs] 
2020-09-29T18:23:59.922+0200: 12.891: [GC (Allocation Failure) 2020-09-29T18:23:59.922+0200: 12.891: [ParNew: 586631K->41417K(613440K), 0.0190621 secs] 592532K->47319K(2029056K), 0.0191164 secs] [Times: user=0.13 sys=0.00, real=0.02 secs] 
2020-09-29T18:23:59.995+0200: 12.965: [GC (Allocation Failure) 2020-09-29T18:23:59.995+0200: 12.965: [ParNew: 586761K->40565K(613440K), 0.0184938 secs] 592663K->46466K(2029056K), 0.0185837 secs] [Times: user=0.13 sys=0.00, real=0.02 secs] 
2020-09-29T18:24:00.063+0200: 13.033: [GC (Allocation Failure) 2020-09-29T18:24:00.064+0200: 13.033: [ParNew: 585909K->39770K(613440K), 0.0171131 secs] 591810K->45671K(2029056K), 0.0172080 secs] [Times: user=0.13 sys=0.00, real=0.02 secs] 
2020-09-29T18:24:00.128+0200: 13.098: [GC (Allocation Failure) 2020-09-29T18:24:00.128+0200: 13.098: [ParNew: 585114K->36989K(613440K), 0.0171908 secs] 591015K->42890K(2029056K), 0.0172534 secs] [Times: user=0.25 sys=0.00, real=0.02 secs] 
2020-09-29T18:24:00.193+0200: 13.162: [GC (Allocation Failure) 2020-09-29T18:24:00.193+0200: 13.162: [ParNew: 582333K->35380K(613440K), 0.0160032 secs] 588234K->41282K(2029056K), 0.0160584 secs] [Times: user=0.13 sys=0.00, real=0.02 secs] 
2020-09-29T18:24:00.262+0200: 13.232: [GC (Allocation Failure) 2020-09-29T18:24:00.262+0200: 13.232: [ParNew: 580724K->32061K(613440K), 0.0149421 secs] 586626K->37962K(2029056K), 0.0150010 secs] [Times: user=0.13 sys=0.00, real=0.01 secs] 
2020-09-29T18:24:00.325+0200: 13.295: [GC (Allocation Failure) 2020-09-29T18:24:00.325+0200: 13.295: [ParNew: 577405K->58574K(613440K), 0.0246165 secs] 583306K->64476K(2029056K), 0.0246921 secs] [Times: user=0.23 sys=0.00, real=0.02 secs] 
2020-09-29T18:24:00.399+0200: 13.368: [GC (Allocation Failure) 2020-09-29T18:24:00.399+0200: 13.368: [ParNew: 603918K->47676K(613440K), 0.0186217 secs] 609820K->53577K(2029056K), 0.0186960 secs] [Times: user=0.13 sys=0.00, real=0.02 secs] 
2020-09-29T18:24:00.467+0200: 13.436: [GC (Allocation Failure) 2020-09-29T18:24:00.467+0200: 13.436: [ParNew: 593020K->68096K(613440K), 0.0230872 secs] 598921K->73997K(2029056K), 0.0231485 secs] [Times: user=0.20 sys=0.00, real=0.02 secs] 
2020-09-29T18:24:00.541+0200: 13.511: [GC (Allocation Failure) 2020-09-29T18:24:00.541+0200: 13.511: [ParNew: 613440K->44975K(613440K), 0.0105634 secs] 619341K->50876K(2029056K), 0.0106184 secs] [Times: user=0.13 sys=0.00, real=0.01 secs] 
2020-09-29T18:24:00.607+0200: 13.576: [GC (Allocation Failure) 2020-09-29T18:24:00.607+0200: 13.576: [ParNew: 590319K->33106K(613440K), 0.0165002 secs] 596220K->39007K(2029056K), 0.0165618 secs] [Times: user=0.13 sys=0.00, real=0.02 secs] 
2020-09-29T18:24:00.676+0200: 13.645: [GC (Allocation Failure) 2020-09-29T18:24:00.676+0200: 13.645: [ParNew: 578450K->42568K(613440K), 0.0164042 secs] 584351K->48470K(2029056K), 0.0164713 secs] [Times: user=0.13 sys=0.00, real=0.02 secs] 
2020-09-29T18:24:00.742+0200: 13.712: [GC (Allocation Failure) 2020-09-29T18:24:00.742+0200: 13.712: [ParNew: 587912K->30134K(613440K), 0.0119677 secs] 593814K->36036K(2029056K), 0.0120232 secs] [Times: user=0.00 sys=0.00, real=0.01 secs] 
2020-09-29T18:24:00.803+0200: 13.773: [GC (Allocation Failure) 2020-09-29T18:24:00.803+0200: 13.773: [ParNew: 575478K->40175K(613440K), 0.0183443 secs] 581380K->46077K(2029056K), 0.0184043 secs] [Times: user=0.13 sys=0.00, real=0.02 secs] 
2020-09-29T18:24:00.868+0200: 13.838: [GC (Allocation Failure) 2020-09-29T18:24:00.868+0200: 13.838: [ParNew: 585519K->49752K(613440K), 0.0171895 secs] 591421K->55654K(2029056K), 0.0172575 secs] [Times: user=0.13 sys=0.00, real=0.02 secs] 
2020-09-29T18:24:00.936+0200: 13.906: [GC (Allocation Failure) 2020-09-29T18:24:00.936+0200: 13.906: [ParNew: 595096K->61127K(613440K), 0.0228892 secs] 600998K->67029K(2029056K), 0.0229508 secs] [Times: user=0.25 sys=0.00, real=0.02 secs] 
2020-09-29T18:24:01.007+0200: 13.977: [GC (Allocation Failure) 2020-09-29T18:24:01.007+0200: 13.977: [ParNew: 606471K->48259K(613440K), 0.0212887 secs] 612373K->54161K(2029056K), 0.0213435 secs] [Times: user=0.13 sys=0.00, real=0.02 secs] 
2020-09-29T18:24:01.075+0200: 14.045: [GC (Allocation Failure) 2020-09-29T18:24:01.075+0200: 14.045: [ParNew: 593603K->43633K(613440K), 0.0082855 secs] 599505K->49534K(2029056K), 0.0083396 secs] [Times: user=0.13 sys=0.00, real=0.01 secs] 
2020-09-29T18:24:01.133+0200: 14.103: [GC (Allocation Failure) 2020-09-29T18:24:01.133+0200: 14.103: [ParNew: 588977K->27749K(613440K), 0.0140062 secs] 594878K->33650K(2029056K), 0.0140630 secs] [Times: user=0.13 sys=0.00, real=0.01 secs] 
2020-09-29T18:24:01.200+0200: 14.170: [GC (Allocation Failure) 2020-09-29T18:24:01.200+0200: 14.170: [ParNew: 573093K->40887K(613440K), 0.0204937 secs] 578994K->46788K(2029056K), 0.0205533 secs] [Times: user=0.13 sys=0.00, real=0.02 secs] 
2020-09-29T18:24:01.267+0200: 14.237: [GC (Allocation Failure) 2020-09-29T18:24:01.267+0200: 14.237: [ParNew: 586231K->33513K(613440K), 0.0123746 secs] 592132K->39415K(2029056K), 0.0124297 secs] [Times: user=0.13 sys=0.00, real=0.01 secs] 
2020-09-29T18:24:01.334+0200: 14.304: [GC (Allocation Failure) 2020-09-29T18:24:01.334+0200: 14.304: [ParNew: 578857K->25401K(613440K), 0.0123672 secs] 584759K->31302K(2029056K), 0.0124252 secs] [Times: user=0.00 sys=0.00, real=0.01 secs] 
2020-09-29T18:24:01.407+0200: 14.377: [GC (Allocation Failure) 2020-09-29T18:24:01.407+0200: 14.377: [ParNew: 570745K->46630K(613440K), 0.0210160 secs] 576646K->52531K(2029056K), 0.0210876 secs] [Times: user=0.25 sys=0.00, real=0.02 secs] 
2020-09-29T18:24:01.475+0200: 14.445: [GC (Allocation Failure) 2020-09-29T18:24:01.475+0200: 14.445: [ParNew: 591974K->65370K(613440K), 0.0214061 secs] 597875K->71271K(2029056K), 0.0214710 secs] [Times: user=0.13 sys=0.00, real=0.02 secs] 
2020-09-29T18:24:01.545+0200: 14.514: [GC (Allocation Failure) 2020-09-29T18:24:01.545+0200: 14.514: [ParNew: 610714K->45178K(613440K), 0.0203846 secs] 616615K->51079K(2029056K), 0.0204504 secs] [Times: user=0.13 sys=0.00, real=0.02 secs] 
2020-09-29T18:24:01.615+0200: 14.585: [GC (Allocation Failure) 2020-09-29T18:24:01.615+0200: 14.585: [ParNew: 590522K->47321K(613440K), 0.0200985 secs] 596423K->53222K(2029056K), 0.0201598 secs] [Times: user=0.13 sys=0.00, real=0.02 secs] 
2020-09-29T18:24:01.685+0200: 14.655: [GC (Allocation Failure) 2020-09-29T18:24:01.685+0200: 14.655: [ParNew: 592665K->39329K(613440K), 0.0137621 secs] 598566K->45231K(2029056K), 0.0138181 secs] [Times: user=0.13 sys=0.00, real=0.01 secs] 
2020-09-29T18:24:01.749+0200: 14.719: [GC (Allocation Failure) 2020-09-29T18:24:01.750+0200: 14.719: [ParNew: 584673K->55097K(613440K), 0.0237892 secs] 590575K->60998K(2029056K), 0.0238555 secs] [Times: user=0.25 sys=0.00, real=0.02 secs] 
2020-09-29T18:24:01.820+0200: 14.790: [GC (Allocation Failure) 2020-09-29T18:24:01.820+0200: 14.790: [ParNew: 600441K->68096K(613440K), 0.0230056 secs] 606342K->74169K(2029056K), 0.0230610 secs] [Times: user=0.13 sys=0.00, real=0.02 secs] 
2020-09-29T18:24:01.891+0200: 14.861: [GC (Allocation Failure) 2020-09-29T18:24:01.891+0200: 14.861: [ParNew: 613440K->44348K(613440K), 0.0156640 secs] 619513K->50422K(2029056K), 0.0157368 secs] [Times: user=0.13 sys=0.00, real=0.02 secs] 
2020-09-29T18:24:01.959+0200: 14.928: [GC (Allocation Failure) 2020-09-29T18:24:01.959+0200: 14.928: [ParNew: 589692K->63311K(613440K), 0.0211790 secs] 595766K->69384K(2029056K), 0.0212319 secs] [Times: user=0.13 sys=0.00, real=0.02 secs] 
2020-09-29T18:24:02.032+0200: 15.002: [GC (Allocation Failure) 2020-09-29T18:24:02.032+0200: 15.002: [ParNew: 608655K->50063K(613440K), 0.0206548 secs] 614728K->56136K(2029056K), 0.0207122 secs] [Times: user=0.25 sys=0.00, real=0.02 secs] 
2020-09-29T18:24:02.099+0200: 15.069: [GC (Allocation Failure) 2020-09-29T18:24:02.099+0200: 15.069: [ParNew: 595407K->43510K(613440K), 0.0199752 secs] 601480K->49583K(2029056K), 0.0200529 secs] [Times: user=0.13 sys=0.00, real=0.02 secs] 
2020-09-29T18:24:02.167+0200: 15.137: [GC (Allocation Failure) 2020-09-29T18:24:02.167+0200: 15.137: [ParNew: 588854K->41657K(613440K), 0.0196761 secs] 594927K->47730K(2029056K), 0.0197541 secs] [Times: user=0.13 sys=0.00, real=0.02 secs] 
2020-09-29T18:24:02.234+0200: 15.204: [GC (Allocation Failure) 2020-09-29T18:24:02.234+0200: 15.204: [ParNew: 587001K->36748K(613440K), 0.0123987 secs] 593074K->42821K(2029056K), 0.0124560 secs] [Times: user=0.13 sys=0.00, real=0.01 secs] 
2020-09-29T18:24:02.308+0200: 15.278: [GC (Allocation Failure) 2020-09-29T18:24:02.308+0200: 15.278: [ParNew: 582092K->34429K(613440K), 0.0170282 secs] 588165K->40502K(2029056K), 0.0170845 secs] [Times: user=0.13 sys=0.00, real=0.02 secs] 
2020-09-29T18:24:02.375+0200: 15.345: [GC (Allocation Failure) 2020-09-29T18:24:02.375+0200: 15.345: [ParNew: 579773K->34079K(613440K), 0.0156817 secs] 585846K->40152K(2029056K), 0.0157540 secs] [Times: user=0.13 sys=0.00, real=0.02 secs] 
2020-09-29T18:24:02.444+0200: 15.414: [GC (Allocation Failure) 2020-09-29T18:24:02.444+0200: 15.414: [ParNew: 579423K->52155K(613440K), 0.0211368 secs] 585496K->58229K(2029056K), 0.0211961 secs] [Times: user=0.13 sys=0.00, real=0.02 secs] 
2020-09-29T18:24:02.514+0200: 15.483: [GC (Allocation Failure) 2020-09-29T18:24:02.514+0200: 15.483: [ParNew: 597499K->42876K(613440K), 0.0192109 secs] 603573K->48950K(2029056K), 0.0192930 secs] [Times: user=0.13 sys=0.00, real=0.02 secs] 
2020-09-29T18:24:02.583+0200: 15.552: [GC (Allocation Failure) 2020-09-29T18:24:02.583+0200: 15.552: [ParNew: 588220K->42569K(613440K), 0.0187922 secs] 594294K->48642K(2029056K), 0.0188814 secs] [Times: user=0.13 sys=0.00, real=0.02 secs] 
2020-09-29T18:24:02.652+0200: 15.621: [GC (Allocation Failure) 2020-09-29T18:24:02.652+0200: 15.621: [ParNew: 587913K->67118K(613440K), 0.0239772 secs] 593986K->73191K(2029056K), 0.0240546 secs] [Times: user=0.25 sys=0.00, real=0.02 secs] 
2020-09-29T18:24:02.723+0200: 15.692: [GC (Allocation Failure) 2020-09-29T18:24:02.723+0200: 15.692: [ParNew: 612462K->51057K(613440K), 0.0174630 secs] 618535K->57131K(2029056K), 0.0175350 secs] [Times: user=0.13 sys=0.00, real=0.02 secs] 
2020-09-29T18:24:02.790+0200: 15.760: [GC (Allocation Failure) 2020-09-29T18:24:02.790+0200: 15.760: [ParNew: 596401K->38729K(613440K), 0.0168264 secs] 602475K->44802K(2029056K), 0.0168816 secs] [Times: user=0.13 sys=0.00, real=0.02 secs] 
2020-09-29T18:24:02.856+0200: 15.826: [GC (Allocation Failure) 2020-09-29T18:24:02.857+0200: 15.826: [ParNew: 584073K->60150K(613440K), 0.0226713 secs] 590146K->66223K(2029056K), 0.0227733 secs] [Times: user=0.25 sys=0.00, real=0.02 secs] 
2020-09-29T18:24:02.929+0200: 15.899: [GC (Allocation Failure) 2020-09-29T18:24:02.929+0200: 15.899: [ParNew: 605494K->49116K(613440K), 0.0222385 secs] 611567K->55189K(2029056K), 0.0223051 secs] [Times: user=0.13 sys=0.00, real=0.02 secs] 
2020-09-29T18:24:03.002+0200: 15.972: [GC (Allocation Failure) 2020-09-29T18:24:03.002+0200: 15.972: [ParNew: 594460K->68096K(613440K), 0.0268939 secs] 600533K->75055K(2029056K), 0.0269515 secs] [Times: user=0.25 sys=0.00, real=0.03 secs] 
2020-09-29T18:24:03.077+0200: 16.047: [GC (Allocation Failure) 2020-09-29T18:24:03.077+0200: 16.047: [ParNew: 613440K->58745K(613440K), 0.0185734 secs] 620399K->65705K(2029056K), 0.0186320 secs] [Times: user=0.13 sys=0.00, real=0.02 secs] 
2020-09-29T18:24:03.143+0200: 16.112: [GC (Allocation Failure) 2020-09-29T18:24:03.143+0200: 16.112: [ParNew: 604089K->52370K(613440K), 0.0178100 secs] 611049K->59330K(2029056K), 0.0178856 secs] [Times: user=0.13 sys=0.00, real=0.02 secs] 
2020-09-29T18:24:03.211+0200: 16.180: [GC (Allocation Failure) 2020-09-29T18:24:03.211+0200: 16.180: [ParNew: 597714K->36850K(613440K), 0.0119356 secs] 604674K->43810K(2029056K), 0.0120002 secs] [Times: user=0.00 sys=0.05, real=0.01 secs] 
2020-09-29T18:24:03.271+0200: 16.241: [GC (Allocation Failure) 2020-09-29T18:24:03.271+0200: 16.241: [ParNew: 582194K->47087K(613440K), 0.0221239 secs] 589154K->54047K(2029056K), 0.0222047 secs] [Times: user=0.13 sys=0.00, real=0.02 secs] 
2020-09-29T18:24:03.341+0200: 16.311: [GC (Allocation Failure) 2020-09-29T18:24:03.341+0200: 16.311: [ParNew: 592431K->37577K(613440K), 0.0157908 secs] 599391K->44537K(2029056K), 0.0158459 secs] [Times: user=0.13 sys=0.00, real=0.02 secs] 
2020-09-29T18:24:03.409+0200: 16.378: [GC (Allocation Failure) 2020-09-29T18:24:03.409+0200: 16.378: [ParNew: 582921K->57837K(613440K), 0.0204715 secs] 589881K->64797K(2029056K), 0.0205335 secs] [Times: user=0.25 sys=0.00, real=0.02 secs] 
2020-09-29T18:24:03.478+0200: 16.448: [GC (Allocation Failure) 2020-09-29T18:24:03.478+0200: 16.448: [ParNew: 603181K->62172K(613440K), 0.0206165 secs] 610141K->69132K(2029056K), 0.0206733 secs] [Times: user=0.08 sys=0.00, real=0.02 secs] 
2020-09-29T18:24:03.545+0200: 16.515: [GC (Allocation Failure) 2020-09-29T18:24:03.545+0200: 16.515: [ParNew: 607516K->31019K(613440K), 0.0129700 secs] 614476K->37978K(2029056K), 0.0130300 secs] [Times: user=0.13 sys=0.00, real=0.01 secs] 
2020-09-29T18:24:03.607+0200: 16.577: [GC (Allocation Failure) 2020-09-29T18:24:03.607+0200: 16.577: [ParNew: 576363K->48746K(613440K), 0.0197227 secs] 583322K->55706K(2029056K), 0.0197784 secs] [Times: user=0.11 sys=0.00, real=0.02 secs] 
2020-09-29T18:24:03.676+0200: 16.646: [GC (Allocation Failure) 2020-09-29T18:24:03.676+0200: 16.646: [ParNew: 594090K->34772K(613440K), 0.0180734 secs] 601050K->41732K(2029056K), 0.0181517 secs] [Times: user=0.13 sys=0.00, real=0.02 secs] 
2020-09-29T18:24:03.741+0200: 16.711: [GC (Allocation Failure) 2020-09-29T18:24:03.741+0200: 16.711: [ParNew: 580116K->62836K(613440K), 0.0211987 secs] 587076K->69796K(2029056K), 0.0212714 secs] [Times: user=0.13 sys=0.00, real=0.02 secs] 
2020-09-29T18:24:03.810+0200: 16.780: [GC (Allocation Failure) 2020-09-29T18:24:03.810+0200: 16.780: [ParNew: 608180K->45934K(613440K), 0.0150457 secs] 615140K->52894K(2029056K), 0.0151028 secs] [Times: user=0.13 sys=0.00, real=0.02 secs] 
2020-09-29T18:24:03.874+0200: 16.844: [GC (Allocation Failure) 2020-09-29T18:24:03.874+0200: 16.844: [ParNew: 591278K->25328K(613440K), 0.0139623 secs] 598238K->32288K(2029056K), 0.0140236 secs] [Times: user=0.13 sys=0.00, real=0.01 secs] 
2020-09-29T18:24:03.939+0200: 16.908: [GC (Allocation Failure) 2020-09-29T18:24:03.939+0200: 16.908: [ParNew: 570672K->62937K(613440K), 0.0242447 secs] 577632K->69897K(2029056K), 0.0243021 secs] [Times: user=0.25 sys=0.00, real=0.02 secs] 
2020-09-29T18:24:04.009+0200: 16.979: [GC (Allocation Failure) 2020-09-29T18:24:04.009+0200: 16.979: [ParNew: 608281K->46653K(613440K), 0.0168136 secs] 615241K->53612K(2029056K), 0.0168853 secs] [Times: user=0.13 sys=0.00, real=0.02 secs] 
2020-09-29T18:24:04.079+0200: 17.049: [GC (Allocation Failure) 2020-09-29T18:24:04.079+0200: 17.049: [ParNew: 591997K->60270K(613440K), 0.0230410 secs] 598956K->67230K(2029056K), 0.0231027 secs] [Times: user=0.23 sys=0.00, real=0.02 secs] 
2020-09-29T18:24:04.149+0200: 17.119: [GC (Allocation Failure) 2020-09-29T18:24:04.150+0200: 17.119: [ParNew: 605614K->49230K(613440K), 0.0223681 secs] 612574K->56190K(2029056K), 0.0224567 secs] [Times: user=0.13 sys=0.00, real=0.02 secs] 
2020-09-29T18:24:04.219+0200: 17.189: [GC (Allocation Failure) 2020-09-29T18:24:04.219+0200: 17.189: [ParNew: 594574K->44592K(613440K), 0.0152771 secs] 601534K->51552K(2029056K), 0.0153333 secs] [Times: user=0.13 sys=0.00, real=0.01 secs] 
2020-09-29T18:24:04.283+0200: 17.253: [GC (Allocation Failure) 2020-09-29T18:24:04.283+0200: 17.253: [ParNew: 589936K->45909K(613440K), 0.0198717 secs] 596896K->52869K(2029056K), 0.0199279 secs] [Times: user=0.25 sys=0.00, real=0.02 secs] 
2020-09-29T18:24:04.355+0200: 17.325: [GC (Allocation Failure) 2020-09-29T18:24:04.355+0200: 17.325: [ParNew: 591253K->55564K(613440K), 0.0193893 secs] 598213K->62524K(2029056K), 0.0194439 secs] [Times: user=0.13 sys=0.00, real=0.02 secs] 
2020-09-29T18:24:04.423+0200: 17.393: [GC (Allocation Failure) 2020-09-29T18:24:04.423+0200: 17.393: [ParNew: 600908K->44053K(613440K), 0.0185417 secs] 607868K->51013K(2029056K), 0.0186101 secs] [Times: user=0.13 sys=0.00, real=0.02 secs] 
2020-09-29T18:24:04.489+0200: 17.459: [GC (Allocation Failure) 2020-09-29T18:24:04.489+0200: 17.459: [ParNew: 589397K->65693K(613440K), 0.0231029 secs] 596357K->72653K(2029056K), 0.0231586 secs] [Times: user=0.13 sys=0.00, real=0.02 secs] 
2020-09-29T18:24:04.559+0200: 17.529: [GC (Allocation Failure) 2020-09-29T18:24:04.559+0200: 17.529: [ParNew: 611037K->46671K(613440K), 0.0165547 secs] 617997K->53631K(2029056K), 0.0166295 secs] [Times: user=0.13 sys=0.00, real=0.02 secs] 
2020-09-29T18:24:04.627+0200: 17.597: [GC (Allocation Failure) 2020-09-29T18:24:04.627+0200: 17.597: [ParNew: 592015K->37610K(613440K), 0.0165082 secs] 598975K->44569K(2029056K), 0.0165706 secs] [Times: user=0.11 sys=0.00, real=0.02 secs] 
2020-09-29T18:24:04.691+0200: 17.661: [GC (Allocation Failure) 2020-09-29T18:24:04.691+0200: 17.661: [ParNew: 582954K->32628K(613440K), 0.0142847 secs] 589913K->39587K(2029056K), 0.0143409 secs] [Times: user=0.13 sys=0.00, real=0.02 secs] 
2020-09-29T18:24:04.755+0200: 17.725: [GC (Allocation Failure) 2020-09-29T18:24:04.755+0200: 17.725: [ParNew: 577972K->53362K(613440K), 0.0195429 secs] 584931K->60322K(2029056K), 0.0196157 secs] [Times: user=0.13 sys=0.00, real=0.02 secs] 
2020-09-29T18:24:04.825+0200: 17.795: [GC (Allocation Failure) 2020-09-29T18:24:04.825+0200: 17.795: [ParNew: 598706K->41446K(613440K), 0.0259081 secs] 605666K->48406K(2029056K), 0.0259815 secs] [Times: user=0.25 sys=0.00, real=0.03 secs] 
2020-09-29T18:24:04.900+0200: 17.870: [GC (Allocation Failure) 2020-09-29T18:24:04.900+0200: 17.870: [ParNew: 586790K->66386K(613440K), 0.0315363 secs] 593750K->73346K(2029056K), 0.0316139 secs] [Times: user=0.25 sys=0.00, real=0.03 secs] 
2020-09-29T18:24:04.980+0200: 17.950: [GC (Allocation Failure) 2020-09-29T18:24:04.980+0200: 17.950: [ParNew: 611730K->49580K(613440K), 0.0232563 secs] 618690K->56540K(2029056K), 0.0233246 secs] [Times: user=0.24 sys=0.00, real=0.02 secs] 
2020-09-29T18:24:05.060+0200: 18.030: [GC (Allocation Failure) 2020-09-29T18:24:05.060+0200: 18.030: [ParNew: 594924K->44774K(613440K), 0.0298571 secs] 601884K->51734K(2029056K), 0.0299366 secs] [Times: user=0.25 sys=0.00, real=0.03 secs] 
2020-09-29T18:24:05.139+0200: 18.109: [GC (Allocation Failure) 2020-09-29T18:24:05.139+0200: 18.109: [ParNew: 590118K->40579K(613440K), 0.0219718 secs] 597078K->47539K(2029056K), 0.0220392 secs] [Times: user=0.25 sys=0.00, real=0.02 secs] 
2020-09-29T18:24:05.216+0200: 18.186: [GC (Allocation Failure) 2020-09-29T18:24:05.216+0200: 18.186: [ParNew: 585923K->53127K(613440K), 0.0280531 secs] 592883K->60087K(2029056K), 0.0281188 secs] [Times: user=0.25 sys=0.00, real=0.03 secs] 
2020-09-29T18:24:05.292+0200: 18.262: [GC (Allocation Failure) 2020-09-29T18:24:05.292+0200: 18.262: [ParNew: 598471K->39807K(613440K), 0.0175292 secs] 605431K->46766K(2029056K), 0.0175990 secs] [Times: user=0.13 sys=0.00, real=0.02 secs] 
2020-09-29T18:24:05.365+0200: 18.335: [GC (Allocation Failure) 2020-09-29T18:24:05.365+0200: 18.335: [ParNew: 585151K->35557K(613440K), 0.0248770 secs] 592110K->42517K(2029056K), 0.0249452 secs] [Times: user=0.13 sys=0.00, real=0.03 secs] 
2020-09-29T18:24:05.444+0200: 18.414: [GC (Allocation Failure) 2020-09-29T18:24:05.444+0200: 18.414: [ParNew: 580901K->22379K(613440K), 0.0069694 secs] 587861K->29338K(2029056K), 0.0070349 secs] [Times: user=0.00 sys=0.00, real=0.01 secs] 
2020-09-29T18:24:05.515+0200: 18.485: [GC (Allocation Failure) 2020-09-29T18:24:05.515+0200: 18.485: [ParNew: 567723K->33272K(613440K), 0.0216844 secs] 574682K->40232K(2029056K), 0.0217774 secs] [Times: user=0.25 sys=0.00, real=0.02 secs] 
2020-09-29T18:24:05.590+0200: 18.560: [GC (Allocation Failure) 2020-09-29T18:24:05.590+0200: 18.560: [ParNew: 578616K->67054K(613440K), 0.0370213 secs] 585576K->74013K(2029056K), 0.0370911 secs] [Times: user=0.22 sys=0.00, real=0.04 secs] 
2020-09-29T18:24:05.679+0200: 18.649: [GC (Allocation Failure) 2020-09-29T18:24:05.679+0200: 18.649: [ParNew: 612398K->52426K(613440K), 0.0282530 secs] 619357K->59386K(2029056K), 0.0283212 secs] [Times: user=0.25 sys=0.00, real=0.03 secs] 
2020-09-29T18:24:05.759+0200: 18.729: [GC (Allocation Failure) 2020-09-29T18:24:05.759+0200: 18.729: [ParNew: 597770K->68096K(613440K), 0.0345030 secs] 604730K->75770K(2029056K), 0.0345764 secs] [Times: user=0.25 sys=0.00, real=0.03 secs] 
2020-09-29T18:24:05.844+0200: 18.814: [GC (Allocation Failure) 2020-09-29T18:24:05.844+0200: 18.814: [ParNew: 613440K->68096K(613440K), 0.0337954 secs] 621114K->75770K(2029056K), 0.0338639 secs] [Times: user=0.25 sys=0.00, real=0.03 secs] 
2020-09-29T18:24:05.925+0200: 18.895: [GC (Allocation Failure) 2020-09-29T18:24:05.925+0200: 18.895: [ParNew: 613440K->44939K(613440K), 0.0174296 secs] 621114K->52614K(2029056K), 0.0174968 secs] [Times: user=0.20 sys=0.01, real=0.02 secs] 
2020-09-29T18:24:05.997+0200: 18.967: [GC (Allocation Failure) 2020-09-29T18:24:05.997+0200: 18.967: [ParNew: 590283K->19950K(613440K), 0.0151474 secs] 597958K->27625K(2029056K), 0.0152193 secs] [Times: user=0.13 sys=0.00, real=0.02 secs] 
2020-09-29T18:24:06.074+0200: 19.043: [GC (Allocation Failure) 2020-09-29T18:24:06.074+0200: 19.043: [ParNew: 565294K->31535K(613440K), 0.0219659 secs] 572969K->39209K(2029056K), 0.0220326 secs] [Times: user=0.13 sys=0.00, real=0.02 secs] 
2020-09-29T18:24:06.144+0200: 19.114: [GC (Allocation Failure) 2020-09-29T18:24:06.144+0200: 19.114: [ParNew: 576879K->32082K(613440K), 0.0213358 secs] 584553K->39757K(2029056K), 0.0214135 secs] [Times: user=0.22 sys=0.00, real=0.02 secs] 
2020-09-29T18:24:06.214+0200: 19.184: [GC (Allocation Failure) 2020-09-29T18:24:06.214+0200: 19.184: [ParNew: 577426K->47027K(613440K), 0.0258508 secs] 585101K->54701K(2029056K), 0.0259234 secs] [Times: user=0.25 sys=0.00, real=0.03 secs] 
2020-09-29T18:24:06.293+0200: 19.263: [GC (Allocation Failure) 2020-09-29T18:24:06.293+0200: 19.263: [ParNew: 592371K->61415K(613440K), 0.0314040 secs] 600045K->69090K(2029056K), 0.0314717 secs] [Times: user=0.25 sys=0.00, real=0.03 secs] 
2020-09-29T18:24:06.374+0200: 19.344: [GC (Allocation Failure) 2020-09-29T18:24:06.375+0200: 19.344: [ParNew: 606759K->50521K(613440K), 0.0300316 secs] 614434K->58195K(2029056K), 0.0301278 secs] [Times: user=0.25 sys=0.00, real=0.03 secs] 
2020-09-29T18:24:06.453+0200: 19.422: [GC (Allocation Failure) 2020-09-29T18:24:06.453+0200: 19.422: [ParNew: 595865K->49672K(613440K), 0.0289401 secs] 603539K->57347K(2029056K), 0.0290223 secs] [Times: user=0.25 sys=0.00, real=0.03 secs] 
2020-09-29T18:24:06.534+0200: 19.504: [GC (Allocation Failure) 2020-09-29T18:24:06.534+0200: 19.504: [ParNew: 595016K->47143K(613440K), 0.0275763 secs] 602691K->54817K(2029056K), 0.0276434 secs] [Times: user=0.25 sys=0.00, real=0.03 secs] 
2020-09-29T18:24:06.614+0200: 19.583: [GC (Allocation Failure) 2020-09-29T18:24:06.614+0200: 19.583: [ParNew: 592487K->45891K(613440K), 0.0267292 secs] 600161K->53565K(2029056K), 0.0268080 secs] [Times: user=0.13 sys=0.00, real=0.03 secs] 
2020-09-29T18:24:06.696+0200: 19.665: [GC (Allocation Failure) 2020-09-29T18:24:06.696+0200: 19.665: [ParNew: 591235K->37462K(613440K), 0.0170332 secs] 598909K->45136K(2029056K), 0.0171009 secs] [Times: user=0.13 sys=0.00, real=0.02 secs] 
2020-09-29T18:24:06.767+0200: 19.737: [GC (Allocation Failure) 2020-09-29T18:24:06.767+0200: 19.737: [ParNew: 582806K->50369K(613440K), 0.0308136 secs] 590480K->58043K(2029056K), 0.0308878 secs] [Times: user=0.25 sys=0.00, real=0.03 secs] 
2020-09-29T18:24:06.854+0200: 19.823: [GC (Allocation Failure) 2020-09-29T18:24:06.854+0200: 19.823: [ParNew: 595713K->68010K(613440K), 0.0297467 secs] 603387K->75685K(2029056K), 0.0298258 secs] [Times: user=0.25 sys=0.00, real=0.03 secs] 
2020-09-29T18:24:06.932+0200: 19.902: [GC (Allocation Failure) 2020-09-29T18:24:06.933+0200: 19.902: [ParNew: 613354K->50686K(613440K), 0.0285755 secs] 621029K->58361K(2029056K), 0.0286850 secs] [Times: user=0.25 sys=0.00, real=0.03 secs] 
2020-09-29T18:24:07.011+0200: 19.981: [GC (Allocation Failure) 2020-09-29T18:24:07.011+0200: 19.981: [ParNew: 596030K->47142K(613440K), 0.0259999 secs] 603705K->54816K(2029056K), 0.0260706 secs] [Times: user=0.25 sys=0.00, real=0.03 secs] 
2020-09-29T18:24:07.088+0200: 20.058: [GC (Allocation Failure) 2020-09-29T18:24:07.088+0200: 20.058: [ParNew: 592486K->44076K(613440K), 0.0241027 secs] 600160K->51751K(2029056K), 0.0241719 secs] [Times: user=0.13 sys=0.00, real=0.02 secs] 
2020-09-29T18:24:07.165+0200: 20.135: [GC (Allocation Failure) 2020-09-29T18:24:07.165+0200: 20.135: [ParNew: 589420K->36867K(613440K), 0.0243625 secs] 597095K->44542K(2029056K), 0.0244526 secs] [Times: user=0.13 sys=0.00, real=0.02 secs] 
2020-09-29T18:24:07.257+0200: 20.227: [GC (Allocation Failure) 2020-09-29T18:24:07.257+0200: 20.227: [ParNew: 582211K->58956K(613440K), 0.0298078 secs] 589886K->66630K(2029056K), 0.0299016 secs] [Times: user=0.25 sys=0.00, real=0.03 secs] 
2020-09-29T18:24:07.346+0200: 20.315: [GC (Allocation Failure) 2020-09-29T18:24:07.346+0200: 20.315: [ParNew: 604300K->46221K(613440K), 0.0275309 secs] 611974K->53896K(2029056K), 0.0276286 secs] [Times: user=0.24 sys=0.00, real=0.03 secs] 
2020-09-29T18:24:07.430+0200: 20.400: [GC (Allocation Failure) 2020-09-29T18:24:07.431+0200: 20.400: [ParNew: 591565K->62120K(613440K), 0.0294307 secs] 599240K->69795K(2029056K), 0.0295146 secs] [Times: user=0.22 sys=0.00, real=0.03 secs] 
2020-09-29T18:24:07.514+0200: 20.483: [GC (Allocation Failure) 2020-09-29T18:24:07.514+0200: 20.483: [ParNew: 607464K->46301K(613440K), 0.0276522 secs] 615139K->53976K(2029056K), 0.0277210 secs] [Times: user=0.22 sys=0.00, real=0.03 secs] 
2020-09-29T18:24:07.593+0200: 20.562: [GC (Allocation Failure) 2020-09-29T18:24:07.593+0200: 20.562: [ParNew: 591645K->51190K(613440K), 0.0275360 secs] 599320K->58865K(2029056K), 0.0276054 secs] [Times: user=0.22 sys=0.00, real=0.03 secs] 
2020-09-29T18:24:07.673+0200: 20.643: [GC (Allocation Failure) 2020-09-29T18:24:07.673+0200: 20.643: [ParNew: 596534K->36274K(613440K), 0.0150834 secs] 604209K->43949K(2029056K), 0.0151511 secs] [Times: user=0.13 sys=0.00, real=0.01 secs] 
2020-09-29T18:24:07.736+0200: 20.705: [GC (Allocation Failure) 2020-09-29T18:24:07.736+0200: 20.706: [ParNew: 581618K->30882K(613440K), 0.0222142 secs] 589293K->38556K(2029056K), 0.0223006 secs] [Times: user=0.25 sys=0.00, real=0.02 secs] 
2020-09-29T18:24:07.812+0200: 20.782: [GC (Allocation Failure) 2020-09-29T18:24:07.812+0200: 20.782: [ParNew: 576226K->45368K(613440K), 0.0287330 secs] 583900K->53043K(2029056K), 0.0288041 secs] [Times: user=0.25 sys=0.00, real=0.03 secs] 
2020-09-29T18:24:07.892+0200: 20.862: [GC (Allocation Failure) 2020-09-29T18:24:07.892+0200: 20.862: [ParNew: 590712K->60303K(613440K), 0.0282169 secs] 598387K->67977K(2029056K), 0.0282836 secs] [Times: user=0.25 sys=0.00, real=0.03 secs] 
2020-09-29T18:24:07.971+0200: 20.940: [GC (Allocation Failure) 2020-09-29T18:24:07.971+0200: 20.940: [ParNew: 605647K->41687K(613440K), 0.0261008 secs] 613321K->49362K(2029056K), 0.0261670 secs] [Times: user=0.25 sys=0.00, real=0.03 secs] 
2020-09-29T18:24:08.050+0200: 21.020: [GC (Allocation Failure) 2020-09-29T18:24:08.050+0200: 21.020: [ParNew: 587031K->65431K(613440K), 0.0335132 secs] 594706K->73105K(2029056K), 0.0335798 secs] [Times: user=0.38 sys=0.00, real=0.03 secs] 
2020-09-29T18:24:08.132+0200: 21.102: [GC (Allocation Failure) 2020-09-29T18:24:08.132+0200: 21.102: [ParNew: 610775K->51047K(613440K), 0.0246888 secs] 618449K->58722K(2029056K), 0.0334489 secs] [Times: user=0.13 sys=0.00, real=0.03 secs] 
2020-09-29T18:24:08.223+0200: 21.193: [GC (Allocation Failure) 2020-09-29T18:24:08.223+0200: 21.193: [ParNew: 596391K->67416K(613440K), 0.0318121 secs] 604066K->75090K(2029056K), 0.0319090 secs] [Times: user=0.13 sys=0.05, real=0.03 secs] 
2020-09-29T18:24:08.311+0200: 21.280: [GC (Allocation Failure) 2020-09-29T18:24:08.311+0200: 21.280: [ParNew: 612760K->66793K(613440K), 0.0325303 secs] 620434K->74468K(2029056K), 0.0326173 secs] [Times: user=0.22 sys=0.00, real=0.03 secs] 
2020-09-29T18:24:08.396+0200: 21.365: [GC (Allocation Failure) 2020-09-29T18:24:08.396+0200: 21.365: [ParNew: 612137K->52591K(613440K), 0.0291011 secs] 619812K->60266K(2029056K), 0.0291985 secs] [Times: user=0.13 sys=0.00, real=0.03 secs] 
2020-09-29T18:24:08.477+0200: 21.446: [GC (Allocation Failure) 2020-09-29T18:24:08.477+0200: 21.446: [ParNew: 597935K->68096K(613440K), 0.0370842 secs] 605610K->77025K(2029056K), 0.0371671 secs] [Times: user=0.25 sys=0.00, real=0.04 secs] 
2020-09-29T18:24:08.566+0200: 21.536: [GC (Allocation Failure) 2020-09-29T18:24:08.566+0200: 21.536: [ParNew: 613440K->68096K(613440K), 0.0367879 secs] 622369K->78230K(2029056K), 0.0368621 secs] [Times: user=0.33 sys=0.00, real=0.04 secs] 
2020-09-29T18:24:08.653+0200: 21.623: [GC (Allocation Failure) 2020-09-29T18:24:08.653+0200: 21.623: [ParNew: 613440K->52569K(613440K), 0.0270619 secs] 623574K->62703K(2029056K), 0.0271351 secs] [Times: user=0.25 sys=0.00, real=0.03 secs] 
2020-09-29T18:24:08.734+0200: 21.704: [GC (Allocation Failure) 2020-09-29T18:24:08.734+0200: 21.704: [ParNew: 597913K->43017K(613440K), 0.0258259 secs] 608047K->53151K(2029056K), 0.0259139 secs] [Times: user=0.24 sys=0.00, real=0.03 secs] 
2020-09-29T18:24:08.813+0200: 21.783: [GC (Allocation Failure) 2020-09-29T18:24:08.813+0200: 21.783: [ParNew: 588361K->31264K(613440K), 0.0148366 secs] 598495K->41398K(2029056K), 0.0149065 secs] [Times: user=0.13 sys=0.00, real=0.02 secs] 
2020-09-29T18:24:08.887+0200: 21.856: [GC (Allocation Failure) 2020-09-29T18:24:08.887+0200: 21.856: [ParNew: 576608K->31560K(613440K), 0.0231666 secs] 586742K->41694K(2029056K), 0.0232400 secs] [Times: user=0.13 sys=0.00, real=0.02 secs] 
2020-09-29T18:24:08.962+0200: 21.931: [GC (Allocation Failure) 2020-09-29T18:24:08.962+0200: 21.931: [ParNew: 576904K->48888K(613440K), 0.0287861 secs] 587038K->59022K(2029056K), 0.0288560 secs] [Times: user=0.25 sys=0.00, real=0.03 secs] 
2020-09-29T18:24:09.041+0200: 22.011: [GC (Allocation Failure) 2020-09-29T18:24:09.041+0200: 22.011: [ParNew: 594232K->68086K(613440K), 0.0331919 secs] 604366K->78220K(2029056K), 0.0332618 secs] [Times: user=0.25 sys=0.00, real=0.03 secs] 
2020-09-29T18:24:09.123+0200: 22.093: [GC (Allocation Failure) 2020-09-29T18:24:09.123+0200: 22.093: [ParNew: 613430K->46104K(613440K), 0.0254933 secs] 623564K->56238K(2029056K), 0.0255766 secs] [Times: user=0.25 sys=0.00, real=0.03 secs] 
2020-09-29T18:24:09.199+0200: 22.169: [GC (Allocation Failure) 2020-09-29T18:24:09.199+0200: 22.169: [ParNew: 591448K->68096K(613440K), 0.0308164 secs] 601582K->78230K(2029056K), 0.0309099 secs] [Times: user=0.25 sys=0.00, real=0.03 secs] 
2020-09-29T18:24:09.280+0200: 22.249: [GC (Allocation Failure) 2020-09-29T18:24:09.280+0200: 22.249: [ParNew: 613440K->49394K(613440K), 0.0294679 secs] 623574K->59528K(2029056K), 0.0295361 secs] [Times: user=0.25 sys=0.00, real=0.03 secs] 
2020-09-29T18:24:09.363+0200: 22.333: [GC (Allocation Failure) 2020-09-29T18:24:09.363+0200: 22.333: [ParNew: 594738K->42162K(613440K), 0.0198184 secs] 604872K->52297K(2029056K), 0.0198970 secs] [Times: user=0.25 sys=0.00, real=0.02 secs] 
2020-09-29T18:24:09.435+0200: 22.405: [GC (Allocation Failure) 2020-09-29T18:24:09.435+0200: 22.405: [ParNew: 587506K->59245K(613440K), 0.0335174 secs] 597641K->69379K(2029056K), 0.0335861 secs] [Times: user=0.25 sys=0.00, real=0.03 secs] 
2020-09-29T18:24:09.518+0200: 22.487: [GC (Allocation Failure) 2020-09-29T18:24:09.524+0200: 22.493: [ParNew: 604589K->40622K(613440K), 0.0165999 secs] 614723K->50756K(2029056K), 0.0225977 secs] [Times: user=0.13 sys=0.00, real=0.02 secs] 
2020-09-29T18:24:09.597+0200: 22.567: [GC (Allocation Failure) 2020-09-29T18:24:09.597+0200: 22.567: [ParNew: 585966K->52295K(613440K), 0.0341134 secs] 596100K->62429K(2029056K), 0.0341822 secs] [Times: user=0.33 sys=0.00, real=0.03 secs] 
2020-09-29T18:24:09.681+0200: 22.651: [GC (Allocation Failure) 2020-09-29T18:24:09.681+0200: 22.651: [ParNew: 597639K->35305K(613440K), 0.0115324 secs] 607773K->45439K(2029056K), 0.0116024 secs] [Times: user=0.13 sys=0.00, real=0.01 secs] 
2020-09-29T18:24:09.754+0200: 22.724: [GC (Allocation Failure) 2020-09-29T18:24:09.754+0200: 22.724: [ParNew: 580649K->28732K(613440K), 0.0183378 secs] 590783K->38866K(2029056K), 0.0184217 secs] [Times: user=0.25 sys=0.00, real=0.02 secs] 
2020-09-29T18:24:09.845+0200: 22.815: [GC (Allocation Failure) 2020-09-29T18:24:09.845+0200: 22.815: [ParNew: 574076K->40132K(613440K), 0.0300894 secs] 584210K->50266K(2029056K), 0.0301671 secs] [Times: user=0.23 sys=0.00, real=0.03 secs] 
2020-09-29T18:24:09.932+0200: 22.902: [GC (Allocation Failure) 2020-09-29T18:24:09.932+0200: 22.902: [ParNew: 585476K->53858K(613440K), 0.0287083 secs] 595610K->63992K(2029056K), 0.0287853 secs] [Times: user=0.25 sys=0.00, real=0.03 secs] 
2020-09-29T18:24:10.010+0200: 22.980: [GC (Allocation Failure) 2020-09-29T18:24:10.011+0200: 22.980: [ParNew: 599202K->41497K(613440K), 0.0280903 secs] 609336K->51631K(2029056K), 0.0281738 secs] [Times: user=0.25 sys=0.00, real=0.03 secs] 
2020-09-29T18:24:10.091+0200: 23.060: [GC (Allocation Failure) 2020-09-29T18:24:10.091+0200: 23.061: [ParNew: 586841K->57053K(613440K), 0.0324510 secs] 596975K->67187K(2029056K), 0.0325417 secs] [Times: user=0.25 sys=0.00, real=0.03 secs] 
2020-09-29T18:24:10.182+0200: 23.152: [GC (Allocation Failure) 2020-09-29T18:24:10.182+0200: 23.152: [ParNew: 602397K->56393K(613440K), 0.0322155 secs] 612531K->66527K(2029056K), 0.0322895 secs] [Times: user=0.25 sys=0.00, real=0.03 secs] 
2020-09-29T18:24:10.275+0200: 23.245: [GC (Allocation Failure) 2020-09-29T18:24:10.276+0200: 23.245: [ParNew: 601737K->39374K(613440K), 0.0228239 secs] 611871K->49508K(2029056K), 0.0229082 secs] [Times: user=0.13 sys=0.00, real=0.02 secs] 
2020-09-29T18:24:10.364+0200: 23.334: [GC (Allocation Failure) 2020-09-29T18:24:10.364+0200: 23.334: [ParNew: 584718K->34649K(613440K), 0.0201845 secs] 594852K->44783K(2029056K), 0.0202833 secs] [Times: user=0.13 sys=0.00, real=0.02 secs] 
2020-09-29T18:24:10.445+0200: 23.415: [GC (Allocation Failure) 2020-09-29T18:24:10.445+0200: 23.415: [ParNew: 579993K->45442K(613440K), 0.0301015 secs] 590127K->55576K(2029056K), 0.0301791 secs] [Times: user=0.25 sys=0.00, real=0.03 secs] 
2020-09-29T18:24:10.527+0200: 23.497: [GC (Allocation Failure) 2020-09-29T18:24:10.527+0200: 23.497: [ParNew: 590786K->47360K(613440K), 0.0283715 secs] 600920K->57494K(2029056K), 0.0284526 secs] [Times: user=0.25 sys=0.00, real=0.03 secs] 
2020-09-29T18:24:10.616+0200: 23.586: [GC (Allocation Failure) 2020-09-29T18:24:10.616+0200: 23.586: [ParNew: 592704K->37128K(613440K), 0.0270723 secs] 602838K->47262K(2029056K), 0.0271495 secs] [Times: user=0.13 sys=0.00, real=0.03 secs] 
2020-09-29T18:24:10.704+0200: 23.674: [GC (Allocation Failure) 2020-09-29T18:24:10.704+0200: 23.674: [ParNew: 582472K->60477K(613440K), 0.0426163 secs] 592606K->70611K(2029056K), 0.0427034 secs] [Times: user=0.38 sys=0.00, real=0.04 secs] 
2020-09-29T18:24:10.796+0200: 23.766: [GC (Allocation Failure) 2020-09-29T18:24:10.796+0200: 23.766: [ParNew: 605821K->49669K(613440K), 0.0245921 secs] 615955K->59803K(2029056K), 0.0246694 secs] [Times: user=0.25 sys=0.00, real=0.03 secs] 
2020-09-29T18:24:10.881+0200: 23.850: [GC (Allocation Failure) 2020-09-29T18:24:10.888+0200: 23.858: [ParNew: 595013K->49483K(613440K), 0.0458274 secs] 605147K->59617K(2029056K), 0.0531176 secs] [Times: user=0.38 sys=0.00, real=0.05 secs] 
2020-09-29T18:24:10.981+0200: 23.951: [GC (Allocation Failure) 2020-09-29T18:24:10.981+0200: 23.951: [ParNew: 594827K->58085K(613440K), 0.0320636 secs] 604961K->68219K(2029056K), 0.0321390 secs] [Times: user=0.25 sys=0.00, real=0.03 secs] 
2020-09-29T18:24:11.061+0200: 24.031: [GC (Allocation Failure) 2020-09-29T18:24:11.061+0200: 24.031: [ParNew: 603429K->68096K(613440K), 0.0380454 secs] 613563K->78863K(2029056K), 0.0381206 secs] [Times: user=0.38 sys=0.00, real=0.04 secs] 
2020-09-29T18:24:11.150+0200: 24.120: [GC (Allocation Failure) 2020-09-29T18:24:11.150+0200: 24.120: [ParNew: 613440K->50725K(613440K), 0.0290171 secs] 624207K->61493K(2029056K), 0.0290901 secs] [Times: user=0.25 sys=0.00, real=0.03 secs] 
2020-09-29T18:24:11.236+0200: 24.206: [GC (Allocation Failure) 2020-09-29T18:24:11.236+0200: 24.206: [ParNew: 596069K->68096K(613440K), 0.0357535 secs] 606837K->78863K(2029056K), 0.0358434 secs] [Times: user=0.36 sys=0.00, real=0.04 secs] 
2020-09-29T18:24:11.324+0200: 24.294: [GC (Allocation Failure) 2020-09-29T18:24:11.324+0200: 24.294: [ParNew: 613440K->45197K(613440K), 0.0278023 secs] 624207K->55965K(2029056K), 0.0278765 secs] [Times: user=0.25 sys=0.00, real=0.03 secs] 
2020-09-29T18:24:11.400+0200: 24.370: [GC (Allocation Failure) 2020-09-29T18:24:11.400+0200: 24.370: [ParNew: 590541K->39794K(613440K), 0.0228923 secs] 601309K->50561K(2029056K), 0.0229722 secs] [Times: user=0.13 sys=0.00, real=0.02 secs] 
2020-09-29T18:24:11.481+0200: 24.451: [GC (Allocation Failure) 2020-09-29T18:24:11.481+0200: 24.451: [ParNew: 585138K->39752K(613440K), 0.0302022 secs] 595905K->50520K(2029056K), 0.0302774 secs] [Times: user=0.25 sys=0.00, real=0.03 secs] 
2020-09-29T18:24:11.562+0200: 24.532: [GC (Allocation Failure) 2020-09-29T18:24:11.562+0200: 24.532: [ParNew: 585096K->54904K(613440K), 0.0301925 secs] 595864K->65672K(2029056K), 0.0302703 secs] [Times: user=0.22 sys=0.00, real=0.03 secs] 
2020-09-29T18:24:11.646+0200: 24.616: [GC (Allocation Failure) 2020-09-29T18:24:11.646+0200: 24.616: [ParNew: 600248K->40975K(613440K), 0.0275154 secs] 611016K->51743K(2029056K), 0.0276027 secs] [Times: user=0.13 sys=0.00, real=0.03 secs] 
2020-09-29T18:24:11.739+0200: 24.709: [GC (Allocation Failure) 2020-09-29T18:24:11.739+0200: 24.709: [ParNew: 586319K->46960K(613440K), 0.0275385 secs] 597087K->57728K(2029056K), 0.0276300 secs] [Times: user=0.13 sys=0.00, real=0.03 secs] 
2020-09-29T18:24:11.822+0200: 24.792: [GC (Allocation Failure) 2020-09-29T18:24:11.822+0200: 24.792: [ParNew: 592304K->58878K(613440K), 0.0345464 secs] 603072K->69646K(2029056K), 0.0346218 secs] [Times: user=0.25 sys=0.00, real=0.04 secs] 
2020-09-29T18:24:11.907+0200: 24.877: [GC (Allocation Failure) 2020-09-29T18:24:11.908+0200: 24.877: [ParNew: 604222K->44067K(613440K), 0.0329628 secs] 614990K->54835K(2029056K), 0.0330571 secs] [Times: user=0.23 sys=0.00, real=0.03 secs] 
2020-09-29T18:24:11.990+0200: 24.960: [GC (Allocation Failure) 2020-09-29T18:24:11.990+0200: 24.960: [ParNew: 589411K->40361K(613440K), 0.0228226 secs] 600179K->51129K(2029056K), 0.0229011 secs] [Times: user=0.13 sys=0.00, real=0.02 secs] 
2020-09-29T18:24:12.067+0200: 25.037: [GC (Allocation Failure) 2020-09-29T18:24:12.067+0200: 25.037: [ParNew: 585705K->40036K(613440K), 0.0299420 secs] 596473K->50804K(2029056K), 0.0300154 secs] [Times: user=0.13 sys=0.00, real=0.03 secs] 
2020-09-29T18:24:12.155+0200: 25.125: [GC (Allocation Failure) 2020-09-29T18:24:12.155+0200: 25.125: [ParNew: 585380K->54723K(613440K), 0.0307628 secs] 596148K->65491K(2029056K), 0.0308410 secs] [Times: user=0.25 sys=0.00, real=0.03 secs] 
2020-09-29T18:24:12.233+0200: 25.203: [GC (Allocation Failure) 2020-09-29T18:24:12.234+0200: 25.203: [ParNew: 600067K->32780K(613440K), 0.0179549 secs] 610835K->43548K(2029056K), 0.0253077 secs] [Times: user=0.13 sys=0.00, real=0.03 secs] 
2020-09-29T18:24:12.313+0200: 25.283: [GC (Allocation Failure) 2020-09-29T18:24:12.313+0200: 25.283: [ParNew: 578124K->51066K(613440K), 0.0350997 secs] 588892K->61834K(2029056K), 0.0351725 secs] [Times: user=0.38 sys=0.00, real=0.04 secs] 
2020-09-29T18:24:12.399+0200: 25.369: [GC (Allocation Failure) 2020-09-29T18:24:12.399+0200: 25.369: [ParNew: 596410K->38512K(613440K), 0.0256568 secs] 607178K->49280K(2029056K), 0.0257383 secs] [Times: user=0.13 sys=0.00, real=0.03 secs] 
2020-09-29T18:24:12.479+0200: 25.449: [GC (Allocation Failure) 2020-09-29T18:24:12.479+0200: 25.449: [ParNew: 583856K->61913K(613440K), 0.0414379 secs] 594624K->72681K(2029056K), 0.0415293 secs] [Times: user=0.36 sys=0.00, real=0.04 secs] 
2020-09-29T18:24:12.578+0200: 25.548: [GC (Allocation Failure) 2020-09-29T18:24:12.578+0200: 25.548: [ParNew: 607257K->37556K(613440K), 0.0124182 secs] 618025K->48324K(2029056K), 0.0124937 secs] [Times: user=0.11 sys=0.00, real=0.01 secs] 
2020-09-29T18:24:12.650+0200: 25.620: [GC (Allocation Failure) 2020-09-29T18:24:12.650+0200: 25.620: [ParNew: 582900K->43178K(613440K), 0.0301869 secs] 593668K->53945K(2029056K), 0.0302750 secs] [Times: user=0.25 sys=0.00, real=0.03 secs] 
2020-09-29T18:24:12.734+0200: 25.704: [GC (Allocation Failure) 2020-09-29T18:24:12.734+0200: 25.704: [ParNew: 588522K->46906K(613440K), 0.0271649 secs] 599289K->57674K(2029056K), 0.0272367 secs] [Times: user=0.25 sys=0.00, real=0.03 secs] 
2020-09-29T18:24:12.814+0200: 25.784: [GC (Allocation Failure) 2020-09-29T18:24:12.814+0200: 25.784: [ParNew: 592250K->37365K(613440K), 0.0253425 secs] 603018K->48133K(2029056K), 0.0254188 secs] [Times: user=0.25 sys=0.00, real=0.03 secs] 
2020-09-29T18:24:12.895+0200: 25.865: [GC (Allocation Failure) 2020-09-29T18:24:12.895+0200: 25.865: [ParNew: 582709K->58476K(613440K), 0.0341048 secs] 593477K->69243K(2029056K), 0.0342101 secs] [Times: user=0.25 sys=0.00, real=0.04 secs] 
2020-09-29T18:24:12.982+0200: 25.952: [GC (Allocation Failure) 2020-09-29T18:24:12.983+0200: 25.953: [ParNew: 603820K->43263K(613440K), 0.0239122 secs] 614587K->54031K(2029056K), 0.0240077 secs] [Times: user=0.25 sys=0.00, real=0.02 secs] 
2020-09-29T18:24:13.070+0200: 26.040: [GC (Allocation Failure) 2020-09-29T18:24:13.070+0200: 26.040: [ParNew: 588607K->50763K(613440K), 0.0321080 secs] 599375K->61531K(2029056K), 0.0321976 secs] [Times: user=0.25 sys=0.00, real=0.03 secs] 
2020-09-29T18:24:13.160+0200: 26.130: [GC (Allocation Failure) 2020-09-29T18:24:13.160+0200: 26.130: [ParNew: 596107K->36257K(613440K), 0.0213979 secs] 606875K->47025K(2029056K), 0.0214724 secs] [Times: user=0.25 sys=0.00, real=0.02 secs] 
2020-09-29T18:24:13.248+0200: 26.218: [GC (Allocation Failure) 2020-09-29T18:24:13.248+0200: 26.218: [ParNew: 581601K->52017K(613440K), 0.0287181 secs] 592369K->62784K(2029056K), 0.0287974 secs] [Times: user=0.25 sys=0.00, real=0.03 secs] 
2020-09-29T18:24:13.335+0200: 26.305: [GC (Allocation Failure) 2020-09-29T18:24:13.335+0200: 26.305: [ParNew: 597361K->64938K(613440K), 0.0379037 secs] 608128K->75706K(2029056K), 0.0379792 secs] [Times: user=0.25 sys=0.00, real=0.04 secs] 
2020-09-29T18:24:13.421+0200: 26.391: [GC (Allocation Failure) 2020-09-29T18:24:13.421+0200: 26.391: [ParNew: 610282K->68096K(613440K), 0.0363569 secs] 621050K->78863K(2029056K), 0.0364413 secs] [Times: user=0.38 sys=0.00, real=0.04 secs] 
2020-09-29T18:24:13.519+0200: 26.489: [GC (Allocation Failure) 2020-09-29T18:24:13.519+0200: 26.489: [ParNew: 613440K->51673K(613440K), 0.0271861 secs] 624207K->62441K(2029056K), 0.0272675 secs] [Times: user=0.25 sys=0.00, real=0.03 secs] 
2020-09-29T18:24:13.602+0200: 26.572: [GC (Allocation Failure) 2020-09-29T18:24:13.602+0200: 26.572: [ParNew: 597017K->43556K(613440K), 0.0274099 secs] 607785K->54324K(2029056K), 0.0274921 secs] [Times: user=0.25 sys=0.00, real=0.03 secs] 
2020-09-29T18:24:13.681+0200: 26.651: [GC (Allocation Failure) 2020-09-29T18:24:13.681+0200: 26.651: [ParNew: 588900K->31576K(613440K), 0.0225301 secs] 599668K->42343K(2029056K), 0.0226054 secs] [Times: user=0.13 sys=0.00, real=0.02 secs] 
2020-09-29T18:24:13.752+0200: 26.722: [GC (Allocation Failure) 2020-09-29T18:24:13.752+0200: 26.722: [ParNew: 576920K->50740K(613440K), 0.0291637 secs] 587687K->61507K(2029056K), 0.0292548 secs] [Times: user=0.25 sys=0.00, real=0.03 secs] 
2020-09-29T18:24:13.844+0200: 26.814: [GC (Allocation Failure) 2020-09-29T18:24:13.844+0200: 26.814: [ParNew: 596084K->64073K(613440K), 0.0359526 secs] 606851K->74841K(2029056K), 0.0360276 secs] [Times: user=0.38 sys=0.00, real=0.04 secs] 
2020-09-29T18:24:13.929+0200: 26.899: [GC (Allocation Failure) 2020-09-29T18:24:13.929+0200: 26.899: [ParNew: 609417K->50401K(613440K), 0.0273669 secs] 620185K->61169K(2029056K), 0.0274484 secs] [Times: user=0.13 sys=0.02, real=0.03 secs] 
2020-09-29T18:24:14.011+0200: 26.981: [GC (Allocation Failure) 2020-09-29T18:24:14.011+0200: 26.981: [ParNew: 595745K->47985K(613440K), 0.0351094 secs] 606513K->58753K(2029056K), 0.0352046 secs] [Times: user=0.25 sys=0.00, real=0.04 secs] 
2020-09-29T18:24:14.098+0200: 27.068: [GC (Allocation Failure) 2020-09-29T18:24:14.098+0200: 27.068: [ParNew: 593329K->60455K(613440K), 0.0334731 secs] 604097K->71222K(2029056K), 0.0335486 secs] [Times: user=0.25 sys=0.00, real=0.03 secs] 
2020-09-29T18:24:14.187+0200: 27.157: [GC (Allocation Failure) 2020-09-29T18:24:14.187+0200: 27.157: [ParNew: 605799K->45916K(613440K), 0.0315040 secs] 616566K->56683K(2029056K), 0.0315922 secs] [Times: user=0.25 sys=0.00, real=0.03 secs] 
2020-09-29T18:24:14.280+0200: 27.250: [GC (Allocation Failure) 2020-09-29T18:24:14.280+0200: 27.250: [ParNew: 591260K->40493K(613440K), 0.0322989 secs] 602027K->51261K(2029056K), 0.0323857 secs] [Times: user=0.25 sys=0.00, real=0.03 secs] 
2020-09-29T18:24:14.365+0200: 27.335: [GC (Allocation Failure) 2020-09-29T18:24:14.365+0200: 27.335: [ParNew: 585837K->37461K(613440K), 0.0204021 secs] 596605K->48229K(2029056K), 0.0204762 secs] [Times: user=0.13 sys=0.00, real=0.02 secs] 
2020-09-29T18:24:14.445+0200: 27.415: [GC (Allocation Failure) 2020-09-29T18:24:14.445+0200: 27.415: [ParNew: 582805K->34372K(613440K), 0.0281451 secs] 593573K->45140K(2029056K), 0.0282426 secs] [Times: user=0.25 sys=0.00, real=0.03 secs] 
2020-09-29T18:24:14.531+0200: 27.501: [GC (Allocation Failure) 2020-09-29T18:24:14.531+0200: 27.501: [ParNew: 579716K->51428K(613440K), 0.0353289 secs] 590484K->62196K(2029056K), 0.0354216 secs] [Times: user=0.25 sys=0.00, real=0.04 secs] 
2020-09-29T18:24:14.618+0200: 27.588: [GC (Allocation Failure) 2020-09-29T18:24:14.618+0200: 27.588: [ParNew: 596772K->62627K(613440K), 0.0341606 secs] 607540K->73395K(2029056K), 0.0342407 secs] [Times: user=0.25 sys=0.00, real=0.03 secs] 
2020-09-29T18:24:14.703+0200: 27.673: [GC (Allocation Failure) 2020-09-29T18:24:14.703+0200: 27.673: [ParNew: 607971K->46271K(613440K), 0.0329324 secs] 618739K->57039K(2029056K), 0.0330078 secs] [Times: user=0.25 sys=0.00, real=0.03 secs] 
2020-09-29T18:24:14.790+0200: 27.760: [GC (Allocation Failure) 2020-09-29T18:24:14.790+0200: 27.760: [ParNew: 591615K->45339K(613440K), 0.0307956 secs] 602383K->56107K(2029056K), 0.0308855 secs] [Times: user=0.25 sys=0.00, real=0.03 secs] 
2020-09-29T18:24:14.872+0200: 27.842: [GC (Allocation Failure) 2020-09-29T18:24:14.872+0200: 27.842: [ParNew: 590683K->41793K(613440K), 0.0114744 secs] 601451K->52561K(2029056K), 0.0115335 secs] [Times: user=0.13 sys=0.00, real=0.01 secs] 
2020-09-29T18:24:14.935+0200: 27.905: [GC (Allocation Failure) 2020-09-29T18:24:14.935+0200: 27.905: [ParNew: 587137K->35644K(613440K), 0.0183731 secs] 597905K->46412K(2029056K), 0.0184289 secs] [Times: user=0.13 sys=0.00, real=0.02 secs] 
2020-09-29T18:24:15.003+0200: 27.973: [GC (Allocation Failure) 2020-09-29T18:24:15.003+0200: 27.973: [ParNew: 580988K->33752K(613440K), 0.0159547 secs] 591756K->44520K(2029056K), 0.0160434 secs] [Times: user=0.13 sys=0.00, real=0.02 secs] 
2020-09-29T18:24:15.069+0200: 28.039: [GC (Allocation Failure) 2020-09-29T18:24:15.069+0200: 28.039: [ParNew: 579096K->57246K(613440K), 0.0213615 secs] 589864K->68014K(2029056K), 0.0214257 secs] [Times: user=0.13 sys=0.00, real=0.02 secs] 
2020-09-29T18:24:15.138+0200: 28.108: [GC (Allocation Failure) 2020-09-29T18:24:15.138+0200: 28.108: [ParNew: 602590K->43296K(613440K), 0.0151318 secs] 613358K->54064K(2029056K), 0.0151908 secs] [Times: user=0.13 sys=0.00, real=0.02 secs] 
2020-09-29T18:24:15.203+0200: 28.173: [GC (Allocation Failure) 2020-09-29T18:24:15.203+0200: 28.173: [ParNew: 588640K->42236K(613440K), 0.0188898 secs] 599408K->53003K(2029056K), 0.0189446 secs] [Times: user=0.13 sys=0.00, real=0.02 secs] 
2020-09-29T18:24:15.272+0200: 28.242: [GC (Allocation Failure) 2020-09-29T18:24:15.272+0200: 28.242: [ParNew: 587580K->33297K(613440K), 0.0129244 secs] 598347K->44065K(2029056K), 0.0129813 secs] [Times: user=0.00 sys=0.00, real=0.01 secs] 
2020-09-29T18:24:15.333+0200: 28.303: [GC (Allocation Failure) 2020-09-29T18:24:15.333+0200: 28.303: [ParNew: 578641K->34557K(613440K), 0.0178752 secs] 589409K->45325K(2029056K), 0.0179562 secs] [Times: user=0.13 sys=0.00, real=0.02 secs] 
2020-09-29T18:24:15.398+0200: 28.369: [GC (Allocation Failure) 2020-09-29T18:24:15.399+0200: 28.369: [ParNew: 579901K->51020K(613440K), 0.0224027 secs] 590669K->61788K(2029056K), 0.0224756 secs] [Times: user=0.13 sys=0.00, real=0.02 secs] 
2020-09-29T18:24:15.468+0200: 28.438: [GC (Allocation Failure) 2020-09-29T18:24:15.468+0200: 28.438: [ParNew: 596364K->63404K(613440K), 0.0210368 secs] 607132K->74172K(2029056K), 0.0211020 secs] [Times: user=0.25 sys=0.00, real=0.02 secs] 
2020-09-29T18:24:15.538+0200: 28.509: [GC (Allocation Failure) 2020-09-29T18:24:15.538+0200: 28.509: [ParNew: 608748K->42191K(613440K), 0.0158621 secs] 619516K->52959K(2029056K), 0.0159262 secs] [Times: user=0.13 sys=0.00, real=0.02 secs] 
2020-09-29T18:24:15.603+0200: 28.573: [GC (Allocation Failure) 2020-09-29T18:24:15.603+0200: 28.573: [ParNew: 587535K->24994K(613440K), 0.0135691 secs] 598303K->35762K(2029056K), 0.0136265 secs] [Times: user=0.13 sys=0.00, real=0.01 secs] 
2020-09-29T18:24:15.671+0200: 28.641: [GC (Allocation Failure) 2020-09-29T18:24:15.671+0200: 28.641: [ParNew: 570338K->61467K(613440K), 0.0238345 secs] 581106K->72234K(2029056K), 0.0238997 secs] [Times: user=0.25 sys=0.00, real=0.02 secs] 
2020-09-29T18:24:15.742+0200: 28.712: [GC (Allocation Failure) 2020-09-29T18:24:15.742+0200: 28.712: [ParNew: 606811K->44762K(613440K), 0.0166959 secs] 617578K->55530K(2029056K), 0.0167594 secs] [Times: user=0.13 sys=0.00, real=0.02 secs] 
2020-09-29T18:24:15.808+0200: 28.778: [GC (Allocation Failure) 2020-09-29T18:24:15.808+0200: 28.778: [ParNew: 590106K->60505K(613440K), 0.0212811 secs] 600874K->71273K(2029056K), 0.0213536 secs] [Times: user=0.13 sys=0.00, real=0.02 secs] 
2020-09-29T18:24:15.877+0200: 28.847: [GC (Allocation Failure) 2020-09-29T18:24:15.877+0200: 28.847: [ParNew: 605849K->40469K(613440K), 0.0157145 secs] 616617K->51236K(2029056K), 0.0157805 secs] [Times: user=0.13 sys=0.00, real=0.01 secs] 
2020-09-29T18:24:15.941+0200: 28.911: [GC (Allocation Failure) 2020-09-29T18:24:15.941+0200: 28.911: [ParNew: 585813K->25990K(613440K), 0.0123459 secs] 596580K->36758K(2029056K), 0.0124100 secs] [Times: user=0.13 sys=0.00, real=0.01 secs] 
2020-09-29T18:24:16.006+0200: 28.976: [GC (Allocation Failure) 2020-09-29T18:24:16.006+0200: 28.976: [ParNew: 571334K->42835K(613440K), 0.0177213 secs] 582102K->53602K(2029056K), 0.0177845 secs] [Times: user=0.13 sys=0.00, real=0.02 secs] 
2020-09-29T18:24:16.071+0200: 29.041: [GC (Allocation Failure) 2020-09-29T18:24:16.071+0200: 29.041: [ParNew: 588179K->29508K(613440K), 0.0107601 secs] 598946K->40275K(2029056K), 0.0108249 secs] [Times: user=0.02 sys=0.00, real=0.01 secs] 
2020-09-29T18:24:16.128+0200: 29.098: [GC (Allocation Failure) 2020-09-29T18:24:16.128+0200: 29.098: [ParNew: 574852K->46987K(613440K), 0.0203917 secs] 585619K->57755K(2029056K), 0.0204693 secs] [Times: user=0.23 sys=0.00, real=0.02 secs] 
2020-09-29T18:24:16.197+0200: 29.167: [GC (Allocation Failure) 2020-09-29T18:24:16.197+0200: 29.167: [ParNew: 592331K->63712K(613440K), 0.0202798 secs] 603099K->74480K(2029056K), 0.0203398 secs] [Times: user=0.13 sys=0.00, real=0.02 secs] 
2020-09-29T18:24:16.266+0200: 29.236: [GC (Allocation Failure) 2020-09-29T18:24:16.266+0200: 29.236: [ParNew: 609056K->65253K(613440K), 0.0246622 secs] 619824K->76020K(2029056K), 0.0247252 secs] [Times: user=0.25 sys=0.00, real=0.02 secs] 
2020-09-29T18:24:16.339+0200: 29.309: [GC (Allocation Failure) 2020-09-29T18:24:16.339+0200: 29.309: [ParNew: 610597K->52422K(613440K), 0.0196884 secs] 621364K->63189K(2029056K), 0.0197604 secs] [Times: user=0.13 sys=0.00, real=0.02 secs] 
2020-09-29T18:24:16.407+0200: 29.377: [GC (Allocation Failure) 2020-09-29T18:24:16.407+0200: 29.377: [ParNew: 597766K->36032K(613440K), 0.0125006 secs] 608533K->46799K(2029056K), 0.0125567 secs] [Times: user=0.13 sys=0.00, real=0.01 secs] 
2020-09-29T18:24:16.472+0200: 29.442: [GC (Allocation Failure) 2020-09-29T18:24:16.472+0200: 29.442: [ParNew: 581376K->20625K(613440K), 0.0121561 secs] 592143K->31393K(2029056K), 0.0122065 secs] [Times: user=0.13 sys=0.00, real=0.01 secs] 
2020-09-29T18:24:16.538+0200: 29.508: [GC (Allocation Failure) 2020-09-29T18:24:16.538+0200: 29.508: [ParNew: 565969K->17230K(613440K), 0.0111691 secs] 576737K->27997K(2029056K), 0.0112269 secs] [Times: user=0.00 sys=0.00, real=0.01 secs] 
2020-09-29T18:24:16.598+0200: 29.569: [GC (Allocation Failure) 2020-09-29T18:24:16.598+0200: 29.569: [ParNew: 562574K->42331K(613440K), 0.0195245 secs] 573341K->53099K(2029056K), 0.0195834 secs] [Times: user=0.13 sys=0.00, real=0.02 secs] 
2020-09-29T18:24:16.670+0200: 29.640: [GC (Allocation Failure) 2020-09-29T18:24:16.670+0200: 29.640: [ParNew: 587675K->36126K(613440K), 0.0141521 secs] 598443K->46893K(2029056K), 0.0142089 secs] [Times: user=0.13 sys=0.00, real=0.01 secs] 
2020-09-29T18:24:16.736+0200: 29.706: [GC (Allocation Failure) 2020-09-29T18:24:16.736+0200: 29.706: [ParNew: 581470K->32908K(613440K), 0.0123011 secs] 592237K->43675K(2029056K), 0.0123560 secs] [Times: user=0.13 sys=0.00, real=0.01 secs] 
2020-09-29T18:24:16.797+0200: 29.767: [GC (Allocation Failure) 2020-09-29T18:24:16.797+0200: 29.768: [ParNew: 578252K->35691K(613440K), 0.0173498 secs] 589019K->46458K(2029056K), 0.0174101 secs] [Times: user=0.13 sys=0.00, real=0.02 secs] 
2020-09-29T18:24:16.872+0200: 29.841: [GC (Allocation Failure) 2020-09-29T18:24:16.872+0200: 29.841: [ParNew: 581035K->43412K(613440K), 0.0179923 secs] 591802K->54180K(2029056K), 0.0180563 secs] [Times: user=0.13 sys=0.00, real=0.02 secs] 
2020-09-29T18:24:16.942+0200: 29.912: [GC (Allocation Failure) 2020-09-29T18:24:16.942+0200: 29.912: [ParNew: 588756K->30690K(613440K), 0.0107635 secs] 599524K->41458K(2029056K), 0.0108195 secs] [Times: user=0.08 sys=0.02, real=0.01 secs] 
2020-09-29T18:24:17.002+0200: 29.971: [GC (Allocation Failure) 2020-09-29T18:24:17.002+0200: 29.971: [ParNew: 576034K->56355K(613440K), 0.0249891 secs] 586802K->67122K(2029056K), 0.0250466 secs] [Times: user=0.25 sys=0.00, real=0.02 secs] 
2020-09-29T18:24:17.073+0200: 30.043: [GC (Allocation Failure) 2020-09-29T18:24:17.073+0200: 30.043: [ParNew: 601699K->48181K(613440K), 0.0197398 secs] 612466K->58949K(2029056K), 0.0198105 secs] [Times: user=0.13 sys=0.00, real=0.02 secs] 
2020-09-29T18:24:17.140+0200: 30.109: [GC (Allocation Failure) 2020-09-29T18:24:17.140+0200: 30.109: [ParNew: 593525K->48187K(613440K), 0.0181081 secs] 604293K->58954K(2029056K), 0.0182197 secs] [Times: user=0.13 sys=0.00, real=0.02 secs] 
2020-09-29T18:24:17.206+0200: 30.176: [GC (Allocation Failure) 2020-09-29T18:24:17.207+0200: 30.176: [ParNew: 593531K->40551K(613440K), 0.0173573 secs] 604298K->51319K(2029056K), 0.0174652 secs] [Times: user=0.25 sys=0.00, real=0.02 secs] 
2020-09-29T18:24:17.273+0200: 30.242: [GC (Allocation Failure) 2020-09-29T18:24:17.273+0200: 30.242: [ParNew: 585895K->33743K(613440K), 0.0102781 secs] 596663K->44511K(2029056K), 0.0103366 secs] [Times: user=0.00 sys=0.00, real=0.01 secs] 
2020-09-29T18:24:17.335+0200: 30.305: [GC (Allocation Failure) 2020-09-29T18:24:17.335+0200: 30.305: [ParNew: 579087K->50255K(613440K), 0.0226017 secs] 589855K->61023K(2029056K), 0.0226608 secs] [Times: user=0.13 sys=0.00, real=0.02 secs] 
2020-09-29T18:24:17.407+0200: 30.377: [GC (Allocation Failure) 2020-09-29T18:24:17.407+0200: 30.377: [ParNew: 595599K->68096K(613440K), 0.0266104 secs] 606367K->78863K(2029056K), 0.0266746 secs] [Times: user=0.25 sys=0.00, real=0.03 secs] 
2020-09-29T18:24:17.480+0200: 30.450: [GC (Allocation Failure) 2020-09-29T18:24:17.480+0200: 30.450: [ParNew: 613440K->49355K(613440K), 0.0170537 secs] 624207K->60122K(2029056K), 0.0171509 secs] [Times: user=0.13 sys=0.00, real=0.02 secs] 
2020-09-29T18:24:17.545+0200: 30.515: [GC (Allocation Failure) 2020-09-29T18:24:17.545+0200: 30.515: [ParNew: 594699K->26736K(613440K), 0.0134033 secs] 605466K->37504K(2029056K), 0.0134632 secs] [Times: user=0.13 sys=0.00, real=0.01 secs] 
2020-09-29T18:24:17.612+0200: 30.582: [GC (Allocation Failure) 2020-09-29T18:24:17.612+0200: 30.582: [ParNew: 572080K->47628K(613440K), 0.0186440 secs] 582848K->58395K(2029056K), 0.0187103 secs] [Times: user=0.25 sys=0.00, real=0.02 secs] 
2020-09-29T18:24:17.682+0200: 30.652: [GC (Allocation Failure) 2020-09-29T18:24:17.682+0200: 30.652: [ParNew: 592972K->34510K(613440K), 0.0195185 secs] 603739K->45278K(2029056K), 0.0196058 secs] [Times: user=0.13 sys=0.00, real=0.02 secs] 
2020-09-29T18:24:17.755+0200: 30.725: [GC (Allocation Failure) 2020-09-29T18:24:17.756+0200: 30.725: [ParNew: 579854K->36646K(613440K), 0.0168988 secs] 590622K->47413K(2029056K), 0.0169857 secs] [Times: user=0.13 sys=0.00, real=0.02 secs] 
2020-09-29T18:24:17.825+0200: 30.795: [GC (Allocation Failure) 2020-09-29T18:24:17.825+0200: 30.795: [ParNew: 581990K->30812K(613440K), 0.0164329 secs] 592757K->41580K(2029056K), 0.0164975 secs] [Times: user=0.13 sys=0.00, real=0.02 secs] 
2020-09-29T18:24:17.902+0200: 30.871: [GC (Allocation Failure) 2020-09-29T18:24:17.902+0200: 30.871: [ParNew: 576156K->51223K(613440K), 0.0190278 secs] 586924K->61991K(2029056K), 0.0190861 secs] [Times: user=0.13 sys=0.00, real=0.02 secs] 
2020-09-29T18:24:17.969+0200: 30.938: [GC (Allocation Failure) 2020-09-29T18:24:17.969+0200: 30.938: [ParNew: 596567K->38178K(613440K), 0.0183498 secs] 607335K->48945K(2029056K), 0.0184092 secs] [Times: user=0.13 sys=0.00, real=0.02 secs] 
2020-09-29T18:24:18.036+0200: 31.005: [GC (Allocation Failure) 2020-09-29T18:24:18.036+0200: 31.005: [ParNew: 583522K->61501K(613440K), 0.0230681 secs] 594289K->72269K(2029056K), 0.0231595 secs] [Times: user=0.13 sys=0.00, real=0.02 secs] 
2020-09-29T18:24:18.106+0200: 31.076: [GC (Allocation Failure) 2020-09-29T18:24:18.106+0200: 31.076: [ParNew: 606845K->46407K(613440K), 0.0168038 secs] 617613K->57174K(2029056K), 0.0168581 secs] [Times: user=0.13 sys=0.00, real=0.02 secs] 
2020-09-29T18:24:18.170+0200: 31.139: [GC (Allocation Failure) 2020-09-29T18:24:18.170+0200: 31.139: [ParNew: 591751K->46121K(613440K), 0.0203729 secs] 602518K->56889K(2029056K), 0.0204486 secs] [Times: user=0.13 sys=0.00, real=0.02 secs] 
2020-09-29T18:24:18.239+0200: 31.208: [GC (Allocation Failure) 2020-09-29T18:24:18.239+0200: 31.208: [ParNew: 591465K->40456K(613440K), 0.0146173 secs] 602233K->51224K(2029056K), 0.0147174 secs] [Times: user=0.02 sys=0.00, real=0.02 secs] 
2020-09-29T18:24:18.304+0200: 31.274: [GC (Allocation Failure) 2020-09-29T18:24:18.304+0200: 31.274: [ParNew: 585800K->59169K(613440K), 0.0241682 secs] 596568K->69936K(2029056K), 0.0242257 secs] [Times: user=0.13 sys=0.00, real=0.02 secs] 
2020-09-29T18:24:18.376+0200: 31.346: [GC (Allocation Failure) 2020-09-29T18:24:18.376+0200: 31.346: [ParNew: 604513K->55015K(613440K), 0.0187260 secs] 615280K->65783K(2029056K), 0.0188171 secs] [Times: user=0.25 sys=0.00, real=0.02 secs] 
2020-09-29T18:24:18.444+0200: 31.414: [GC (Allocation Failure) 2020-09-29T18:24:18.445+0200: 31.414: [ParNew: 600359K->68096K(613440K), 0.0231876 secs] 611127K->78941K(2029056K), 0.0232476 secs] [Times: user=0.13 sys=0.00, real=0.02 secs] 
2020-09-29T18:24:18.517+0200: 31.487: [GC (Allocation Failure) 2020-09-29T18:24:18.517+0200: 31.487: [ParNew: 613440K->53346K(613440K), 0.0230372 secs] 624285K->64191K(2029056K), 0.0230914 secs] [Times: user=0.25 sys=0.00, real=0.02 secs] 
2020-09-29T18:24:18.589+0200: 31.558: [GC (Allocation Failure) 2020-09-29T18:24:18.589+0200: 31.558: [ParNew: 598690K->57535K(613440K), 0.0232104 secs] 609535K->68381K(2029056K), 0.0232685 secs] [Times: user=0.13 sys=0.00, real=0.02 secs] 
2020-09-29T18:24:18.661+0200: 31.630: [GC (Allocation Failure) 2020-09-29T18:24:18.661+0200: 31.630: [ParNew: 602879K->51042K(613440K), 0.0213157 secs] 613725K->61887K(2029056K), 0.0213835 secs] [Times: user=0.13 sys=0.00, real=0.02 secs] 
2020-09-29T18:24:18.731+0200: 31.701: [GC (Allocation Failure) 2020-09-29T18:24:18.731+0200: 31.701: [ParNew: 596386K->65879K(613440K), 0.0226494 secs] 607231K->76724K(2029056K), 0.0227193 secs] [Times: user=0.11 sys=0.00, real=0.02 secs] 
2020-09-29T18:24:18.801+0200: 31.771: [GC (Allocation Failure) 2020-09-29T18:24:18.802+0200: 31.771: [ParNew: 611223K->38827K(613440K), 0.0144407 secs] 622068K->49672K(2029056K), 0.0145224 secs] [Times: user=0.00 sys=0.00, real=0.01 secs] 
2020-09-29T18:24:18.866+0200: 31.836: [GC (Allocation Failure) 2020-09-29T18:24:18.866+0200: 31.836: [ParNew: 584171K->59847K(613440K), 0.0233651 secs] 595016K->70692K(2029056K), 0.0234297 secs] [Times: user=0.13 sys=0.00, real=0.02 secs] 
2020-09-29T18:24:18.938+0200: 31.907: [GC (Allocation Failure) 2020-09-29T18:24:18.938+0200: 31.907: [ParNew: 605191K->45631K(613440K), 0.0179327 secs] 616036K->56477K(2029056K), 0.0180271 secs] [Times: user=0.13 sys=0.00, real=0.02 secs] 
2020-09-29T18:24:19.007+0200: 31.977: [GC (Allocation Failure) 2020-09-29T18:24:19.007+0200: 31.977: [ParNew: 590975K->64021K(613440K), 0.0224807 secs] 601821K->74866K(2029056K), 0.0225459 secs] [Times: user=0.13 sys=0.00, real=0.02 secs] 
2020-09-29T18:24:19.082+0200: 32.052: [GC (Allocation Failure) 2020-09-29T18:24:19.082+0200: 32.052: [ParNew: 609365K->63256K(613440K), 0.0238829 secs] 620210K->74102K(2029056K), 0.0239666 secs] [Times: user=0.24 sys=0.00, real=0.02 secs] 
2020-09-29T18:24:19.155+0200: 32.125: [GC (Allocation Failure) 2020-09-29T18:24:19.155+0200: 32.125: [ParNew: 608600K->48482K(613440K), 0.0192434 secs] 619446K->59328K(2029056K), 0.0193002 secs] [Times: user=0.13 sys=0.00, real=0.02 secs] 
2020-09-29T18:24:19.223+0200: 32.193: [GC (Allocation Failure) 2020-09-29T18:24:19.223+0200: 32.193: [ParNew: 593826K->40573K(613440K), 0.0142637 secs] 604672K->51419K(2029056K), 0.0143216 secs] [Times: user=0.00 sys=0.00, real=0.01 secs] 
2020-09-29T18:24:19.290+0200: 32.260: [GC (Allocation Failure) 2020-09-29T18:24:19.290+0200: 32.260: [ParNew: 585917K->36503K(613440K), 0.0177073 secs] 596763K->47348K(2029056K), 0.0177653 secs] [Times: user=0.13 sys=0.00, real=0.02 secs] 
2020-09-29T18:24:19.355+0200: 32.324: [GC (Allocation Failure) 2020-09-29T18:24:19.355+0200: 32.324: [ParNew: 581847K->55681K(613440K), 0.0218246 secs] 592692K->66527K(2029056K), 0.0218905 secs] [Times: user=0.13 sys=0.00, real=0.02 secs] 
2020-09-29T18:24:19.426+0200: 32.396: [GC (Allocation Failure) 2020-09-29T18:24:19.426+0200: 32.396: [ParNew: 601025K->41819K(613440K), 0.0161217 secs] 611871K->52664K(2029056K), 0.0161725 secs] [Times: user=0.11 sys=0.00, real=0.02 secs] 
2020-09-29T18:24:19.493+0200: 32.463: [GC (Allocation Failure) 2020-09-29T18:24:19.493+0200: 32.463: [ParNew: 587163K->33271K(613440K), 0.0141750 secs] 598008K->44116K(2029056K), 0.0142351 secs] [Times: user=0.13 sys=0.00, real=0.01 secs] 
2020-09-29T18:24:19.557+0200: 32.527: [GC (Allocation Failure) 2020-09-29T18:24:19.557+0200: 32.527: [ParNew: 578615K->24050K(613440K), 0.0140882 secs] 589460K->34895K(2029056K), 0.0141469 secs] [Times: user=0.13 sys=0.00, real=0.01 secs] 
2020-09-29T18:24:19.622+0200: 32.592: [GC (Allocation Failure) 2020-09-29T18:24:19.622+0200: 32.592: [ParNew: 569394K->46197K(613440K), 0.0168791 secs] 580239K->57042K(2029056K), 0.0169365 secs] [Times: user=0.13 sys=0.00, real=0.02 secs] 
2020-09-29T18:24:19.688+0200: 32.658: [GC (Allocation Failure) 2020-09-29T18:24:19.688+0200: 32.658: [ParNew: 590595K->58689K(613440K), 0.0221962 secs] 601441K->69535K(2029056K), 0.0222516 secs] [Times: user=0.25 sys=0.00, real=0.02 secs] 
2020-09-29T18:24:19.757+0200: 32.727: [GC (Allocation Failure) 2020-09-29T18:24:19.757+0200: 32.727: [ParNew: 604033K->44638K(613440K), 0.0153763 secs] 614879K->55483K(2029056K), 0.0154485 secs] [Times: user=0.13 sys=0.00, real=0.02 secs] 
2020-09-29T18:24:19.821+0200: 32.791: [GC (Allocation Failure) 2020-09-29T18:24:19.821+0200: 32.791: [ParNew: 589982K->47508K(613440K), 0.0205241 secs] 600827K->58353K(2029056K), 0.0206093 secs] [Times: user=0.13 sys=0.00, real=0.02 secs] 
2020-09-29T18:24:19.889+0200: 32.859: [GC (Allocation Failure) 2020-09-29T18:24:19.889+0200: 32.859: [ParNew: 592852K->61616K(613440K), 0.0202285 secs] 603697K->72462K(2029056K), 0.0202818 secs] [Times: user=0.13 sys=0.00, real=0.02 secs] 
2020-09-29T18:24:19.959+0200: 32.929: [GC (Allocation Failure) 2020-09-29T18:24:19.960+0200: 32.930: [ParNew: 606960K->39602K(613440K), 0.0121492 secs] 617806K->50448K(2029056K), 0.0122104 secs] [Times: user=0.00 sys=0.00, real=0.01 secs] 
2020-09-29T18:24:20.020+0200: 32.990: [GC (Allocation Failure) 2020-09-29T18:24:20.020+0200: 32.990: [ParNew: 584946K->38616K(613440K), 0.0178740 secs] 595792K->49462K(2029056K), 0.0179315 secs] [Times: user=0.13 sys=0.00, real=0.02 secs] 
2020-09-29T18:24:20.085+0200: 33.055: [GC (Allocation Failure) 2020-09-29T18:24:20.085+0200: 33.055: [ParNew: 583960K->54763K(613440K), 0.0220162 secs] 594806K->65609K(2029056K), 0.0220771 secs] [Times: user=0.13 sys=0.00, real=0.02 secs] 
2020-09-29T18:24:20.155+0200: 33.125: [GC (Allocation Failure) 2020-09-29T18:24:20.155+0200: 33.125: [ParNew: 600107K->61202K(613440K), 0.0214765 secs] 610953K->72047K(2029056K), 0.0215400 secs] [Times: user=0.25 sys=0.00, real=0.02 secs] 
2020-09-29T18:24:20.224+0200: 33.194: [GC (Allocation Failure) 2020-09-29T18:24:20.224+0200: 33.194: [ParNew: 606546K->49455K(613440K), 0.0160078 secs] 617391K->60301K(2029056K), 0.0160647 secs] [Times: user=0.13 sys=0.00, real=0.02 secs] 
2020-09-29T18:24:20.288+0200: 33.258: [GC (Allocation Failure) 2020-09-29T18:24:20.288+0200: 33.258: [ParNew: 594799K->47193K(613440K), 0.0202828 secs] 605645K->58038K(2029056K), 0.0203338 secs] [Times: user=0.13 sys=0.00, real=0.02 secs] 
2020-09-29T18:24:20.355+0200: 33.325: [GC (Allocation Failure) 2020-09-29T18:24:20.355+0200: 33.325: [ParNew: 592537K->35485K(613440K), 0.0089102 secs] 603382K->46330K(2029056K), 0.0089682 secs] [Times: user=0.02 sys=0.00, real=0.01 secs] 
2020-09-29T18:24:20.413+0200: 33.383: [GC (Allocation Failure) 2020-09-29T18:24:20.413+0200: 33.383: [ParNew: 580829K->41345K(613440K), 0.0190987 secs] 591674K->52191K(2029056K), 0.0264721 secs] [Times: user=0.13 sys=0.00, real=0.03 secs] 
2020-09-29T18:24:20.493+0200: 33.463: [GC (Allocation Failure) 2020-09-29T18:24:20.493+0200: 33.463: [ParNew: 586689K->29707K(613440K), 0.0123859 secs] 597535K->40553K(2029056K), 0.0124636 secs] [Times: user=0.13 sys=0.00, real=0.01 secs] 
2020-09-29T18:24:20.554+0200: 33.524: [GC (Allocation Failure) 2020-09-29T18:24:20.554+0200: 33.524: [ParNew: 575051K->30356K(613440K), 0.0167559 secs] 585897K->41202K(2029056K), 0.0168253 secs] [Times: user=0.13 sys=0.00, real=0.02 secs] 
2020-09-29T18:24:20.619+0200: 33.589: [GC (Allocation Failure) 2020-09-29T18:24:20.619+0200: 33.589: [ParNew: 575700K->47720K(613440K), 0.0211980 secs] 586546K->58566K(2029056K), 0.0212809 secs] [Times: user=0.13 sys=0.00, real=0.02 secs] 
2020-09-29T18:24:20.691+0200: 33.661: [GC (Allocation Failure) 2020-09-29T18:24:20.691+0200: 33.661: [ParNew: 593064K->33638K(613440K), 0.0145240 secs] 603910K->44484K(2029056K), 0.0145967 secs] [Times: user=0.13 sys=0.00, real=0.02 secs] 
2020-09-29T18:24:20.756+0200: 33.726: [GC (Allocation Failure) 2020-09-29T18:24:20.756+0200: 33.726: [ParNew: 578982K->50378K(613440K), 0.0179651 secs] 589828K->61223K(2029056K), 0.0180332 secs] [Times: user=0.13 sys=0.00, real=0.02 secs] 
2020-09-29T18:24:20.822+0200: 33.792: [GC (Allocation Failure) 2020-09-29T18:24:20.822+0200: 33.792: [ParNew: 595722K->35584K(613440K), 0.0119269 secs] 606567K->46429K(2029056K), 0.0119860 secs] [Times: user=0.13 sys=0.00, real=0.01 secs] 
2020-09-29T18:24:20.884+0200: 33.854: [GC (Allocation Failure) 2020-09-29T18:24:20.884+0200: 33.854: [ParNew: 580928K->31498K(613440K), 0.0157780 secs] 591773K->42343K(2029056K), 0.0158332 secs] [Times: user=0.13 sys=0.00, real=0.02 secs] 
2020-09-29T18:24:20.954+0200: 33.924: [GC (Allocation Failure) 2020-09-29T18:24:20.954+0200: 33.924: [ParNew: 576842K->45200K(613440K), 0.0203616 secs] 587687K->56045K(2029056K), 0.0204211 secs] [Times: user=0.25 sys=0.00, real=0.02 secs] 
2020-09-29T18:24:21.022+0200: 33.992: [GC (Allocation Failure) 2020-09-29T18:24:21.022+0200: 33.992: [ParNew: 590544K->37329K(613440K), 0.0144597 secs] 601389K->48175K(2029056K), 0.0145344 secs] [Times: user=0.13 sys=0.00, real=0.01 secs] 
2020-09-29T18:24:21.084+0200: 34.054: [GC (Allocation Failure) 2020-09-29T18:24:21.084+0200: 34.054: [ParNew: 582673K->53076K(613440K), 0.0227692 secs] 593519K->63922K(2029056K), 0.0228254 secs] [Times: user=0.13 sys=0.00, real=0.02 secs] 
2020-09-29T18:24:21.156+0200: 34.126: [GC (Allocation Failure) 2020-09-29T18:24:21.156+0200: 34.126: [ParNew: 598420K->38448K(613440K), 0.0119412 secs] 609266K->49293K(2029056K), 0.0119966 secs] [Times: user=0.13 sys=0.00, real=0.01 secs] 
2020-09-29T18:24:21.225+0200: 34.195: [GC (Allocation Failure) 2020-09-29T18:24:21.225+0200: 34.195: [ParNew: 583792K->36230K(613440K), 0.0160307 secs] 594637K->47076K(2029056K), 0.0161366 secs] [Times: user=0.13 sys=0.00, real=0.02 secs] 
2020-09-29T18:24:21.291+0200: 34.261: [GC (Allocation Failure) 2020-09-29T18:24:21.291+0200: 34.261: [ParNew: 581574K->37886K(613440K), 0.0157102 secs] 592420K->48731K(2029056K), 0.0157714 secs] [Times: user=0.13 sys=0.00, real=0.02 secs] 
2020-09-29T18:24:21.355+0200: 34.326: [GC (Allocation Failure) 2020-09-29T18:24:21.355+0200: 34.326: [ParNew: 583230K->51660K(613440K), 0.0210577 secs] 594075K->62506K(2029056K), 0.0211388 secs] [Times: user=0.13 sys=0.00, real=0.02 secs] 
2020-09-29T18:24:21.426+0200: 34.397: [GC (Allocation Failure) 2020-09-29T18:24:21.426+0200: 34.397: [ParNew: 597004K->41143K(613440K), 0.0208746 secs] 607850K->51988K(2029056K), 0.0209562 secs] [Times: user=0.13 sys=0.00, real=0.02 secs] 
2020-09-29T18:24:21.496+0200: 34.466: [GC (Allocation Failure) 2020-09-29T18:24:21.496+0200: 34.466: [ParNew: 586487K->34227K(613440K), 0.0117990 secs] 597332K->45072K(2029056K), 0.0118702 secs] [Times: user=0.13 sys=0.00, real=0.01 secs] 
2020-09-29T18:24:21.561+0200: 34.531: [GC (Allocation Failure) 2020-09-29T18:24:21.561+0200: 34.531: [ParNew: 579571K->35042K(613440K), 0.0169015 secs] 590416K->45887K(2029056K), 0.0169883 secs] [Times: user=0.13 sys=0.00, real=0.02 secs] 
2020-09-29T18:24:21.628+0200: 34.598: [GC (Allocation Failure) 2020-09-29T18:24:21.628+0200: 34.598: [ParNew: 580386K->68096K(613440K), 0.0269478 secs] 591231K->79261K(2029056K), 0.0270105 secs] [Times: user=0.25 sys=0.00, real=0.03 secs] 
2020-09-29T18:24:21.703+0200: 34.673: [GC (Allocation Failure) 2020-09-29T18:24:21.703+0200: 34.673: [ParNew: 613440K->48661K(613440K), 0.0155384 secs] 624605K->59826K(2029056K), 0.0155922 secs] [Times: user=0.13 sys=0.00, real=0.02 secs] 
2020-09-29T18:24:21.769+0200: 34.739: [GC (Allocation Failure) 2020-09-29T18:24:21.769+0200: 34.739: [ParNew: 594005K->46307K(613440K), 0.0201411 secs] 605170K->57472K(2029056K), 0.0202235 secs] [Times: user=0.25 sys=0.00, real=0.03 secs] 
2020-09-29T18:24:21.850+0200: 34.821: [GC (Allocation Failure) 2020-09-29T18:24:21.850+0200: 34.821: [ParNew: 591651K->46874K(613440K), 0.0221197 secs] 602816K->58040K(2029056K), 0.0221912 secs] [Times: user=0.13 sys=0.00, real=0.02 secs] 
2020-09-29T18:24:21.920+0200: 34.890: [GC (Allocation Failure) 2020-09-29T18:24:21.920+0200: 34.890: [ParNew: 591836K->15687K(613440K), 0.0047479 secs] 603001K->26852K(2029056K), 0.0048029 secs] [Times: user=0.00 sys=0.00, real=0.00 secs] 
2020-09-29T18:24:21.971+0200: 34.941: [GC (Allocation Failure) 2020-09-29T18:24:21.971+0200: 34.941: [ParNew: 561031K->50864K(613440K), 0.0222855 secs] 572196K->62029K(2029056K), 0.0223508 secs] [Times: user=0.25 sys=0.00, real=0.02 secs] 
2020-09-29T18:24:22.040+0200: 35.010: [GC (Allocation Failure) 2020-09-29T18:24:22.040+0200: 35.010: [ParNew: 596208K->43843K(613440K), 0.0155303 secs] 607373K->55008K(2029056K), 0.0155842 secs] [Times: user=0.13 sys=0.00, real=0.02 secs] 
2020-09-29T18:24:22.103+0200: 35.073: [GC (Allocation Failure) 2020-09-29T18:24:22.103+0200: 35.073: [ParNew: 588977K->27667K(613440K), 0.0118618 secs] 600143K->38832K(2029056K), 0.0119286 secs] [Times: user=0.13 sys=0.00, real=0.01 secs] 
2020-09-29T18:24:22.164+0200: 35.134: [GC (Allocation Failure) 2020-09-29T18:24:22.164+0200: 35.134: [ParNew: 573011K->23647K(613440K), 0.0142850 secs] 584176K->34812K(2029056K), 0.0143405 secs] [Times: user=0.13 sys=0.00, real=0.01 secs] 
2020-09-29T18:24:22.226+0200: 35.196: [GC (Allocation Failure) 2020-09-29T18:24:22.226+0200: 35.196: [ParNew: 568991K->38860K(613440K), 0.0174360 secs] 580156K->50025K(2029056K), 0.0174961 secs] [Times: user=0.13 sys=0.00, real=0.02 secs] 
2020-09-29T18:24:22.291+0200: 35.262: [GC (Allocation Failure) 2020-09-29T18:24:22.291+0200: 35.262: [ParNew: 584204K->48453K(613440K), 0.0171841 secs] 595369K->59618K(2029056K), 0.0172591 secs] [Times: user=0.13 sys=0.00, real=0.02 secs] 
2020-09-29T18:24:22.361+0200: 35.331: [GC (Allocation Failure) 2020-09-29T18:24:22.361+0200: 35.331: [ParNew: 593797K->52323K(613440K), 0.0214392 secs] 604962K->63488K(2029056K), 0.0215037 secs] [Times: user=0.25 sys=0.00, real=0.02 secs] 
2020-09-29T18:24:22.433+0200: 35.403: [GC (Allocation Failure) 2020-09-29T18:24:22.433+0200: 35.403: [ParNew: 597667K->65770K(613440K), 0.0209112 secs] 608832K->76935K(2029056K), 0.0209672 secs] [Times: user=0.13 sys=0.00, real=0.02 secs] 
2020-09-29T18:24:22.502+0200: 35.473: [GC (Allocation Failure) 2020-09-29T18:24:22.503+0200: 35.473: [ParNew: 611114K->68096K(613440K), 0.0255529 secs] 622279K->80461K(2029056K), 0.0262890 secs] [Times: user=0.25 sys=0.00, real=0.03 secs] 
2020-09-29T18:24:22.577+0200: 35.547: [GC (Allocation Failure) 2020-09-29T18:24:22.577+0200: 35.547: [ParNew: 613440K->50779K(613440K), 0.0230428 secs] 625805K->63145K(2029056K), 0.0231063 secs] [Times: user=0.22 sys=0.00, real=0.02 secs] 
2020-09-29T18:24:22.654+0200: 35.624: [GC (Allocation Failure) 2020-09-29T18:24:22.654+0200: 35.624: [ParNew: 596123K->48918K(613440K), 0.0200540 secs] 608489K->61284K(2029056K), 0.0201178 secs] [Times: user=0.13 sys=0.00, real=0.02 secs] 
2020-09-29T18:24:22.721+0200: 35.691: [GC (Allocation Failure) 2020-09-29T18:24:22.721+0200: 35.691: [ParNew: 594262K->38415K(613440K), 0.0122925 secs] 606628K->50781K(2029056K), 0.0123489 secs] [Times: user=0.11 sys=0.01, real=0.01 secs] 
2020-09-29T18:24:22.781+0200: 35.751: [GC (Allocation Failure) 2020-09-29T18:24:22.781+0200: 35.751: [ParNew: 583759K->36601K(613440K), 0.0183851 secs] 596125K->48967K(2029056K), 0.0184505 secs] [Times: user=0.13 sys=0.00, real=0.02 secs] 
2020-09-29T18:24:22.846+0200: 35.816: [GC (Allocation Failure) 2020-09-29T18:24:22.846+0200: 35.816: [ParNew: 581945K->45084K(613440K), 0.0171770 secs] 594311K->57450K(2029056K), 0.0172400 secs] [Times: user=0.14 sys=0.00, real=0.02 secs] 
2020-09-29T18:24:22.912+0200: 35.882: [GC (Allocation Failure) 2020-09-29T18:24:22.912+0200: 35.882: [ParNew: 590428K->32978K(613440K), 0.0152284 secs] 602794K->45344K(2029056K), 0.0152857 secs] [Times: user=0.13 sys=0.00, real=0.02 secs] 
2020-09-29T18:24:22.976+0200: 35.946: [GC (Allocation Failure) 2020-09-29T18:24:22.976+0200: 35.946: [ParNew: 578322K->55325K(613440K), 0.0203512 secs] 590688K->67691K(2029056K), 0.0204029 secs] [Times: user=0.13 sys=0.00, real=0.02 secs] 
2020-09-29T18:24:23.045+0200: 36.016: [GC (Allocation Failure) 2020-09-29T18:24:23.045+0200: 36.016: [ParNew: 600669K->44738K(613440K), 0.0190452 secs] 613035K->57104K(2029056K), 0.0191033 secs] [Times: user=0.13 sys=0.00, real=0.02 secs] 
2020-09-29T18:24:23.114+0200: 36.084: [GC (Allocation Failure) 2020-09-29T18:24:23.114+0200: 36.084: [ParNew: 590082K->43587K(613440K), 0.0184641 secs] 602448K->55953K(2029056K), 0.0185194 secs] [Times: user=0.13 sys=0.00, real=0.02 secs] 
2020-09-29T18:24:23.182+0200: 36.152: [GC (Allocation Failure) 2020-09-29T18:24:23.182+0200: 36.152: [ParNew: 588931K->40307K(613440K), 0.0180133 secs] 601297K->52673K(2029056K), 0.0180683 secs] [Times: user=0.13 sys=0.00, real=0.02 secs] 
2020-09-29T18:24:23.248+0200: 36.218: [GC (Allocation Failure) 2020-09-29T18:24:23.248+0200: 36.218: [ParNew: 585651K->64332K(613440K), 0.0225740 secs] 598017K->76698K(2029056K), 0.0226374 secs] [Times: user=0.25 sys=0.00, real=0.02 secs] 
2020-09-29T18:24:23.319+0200: 36.288: [GC (Allocation Failure) 2020-09-29T18:24:23.319+0200: 36.288: [ParNew: 609676K->48599K(613440K), 0.0167260 secs] 622042K->60965K(2029056K), 0.0167809 secs] [Times: user=0.13 sys=0.00, real=0.02 secs] 
2020-09-29T18:24:23.384+0200: 36.353: [GC (Allocation Failure) 2020-09-29T18:24:23.384+0200: 36.353: [ParNew: 593943K->68096K(613440K), 0.0274901 secs] 606309K->80461K(2029056K), 0.0275549 secs] [Times: user=0.25 sys=0.00, real=0.03 secs] 
2020-09-29T18:24:23.459+0200: 36.429: [GC (Allocation Failure) 2020-09-29T18:24:23.459+0200: 36.429: [ParNew: 613440K->51646K(613440K), 0.0145280 secs] 625805K->64011K(2029056K), 0.0145954 secs] [Times: user=0.13 sys=0.00, real=0.01 secs] 
2020-09-29T18:24:23.538+0200: 36.507: [GC (Allocation Failure) 2020-09-29T18:24:23.538+0200: 36.507: [ParNew: 596990K->49271K(613440K), 0.0201587 secs] 609355K->61637K(2029056K), 0.0202291 secs] [Times: user=0.13 sys=0.00, real=0.02 secs] 
2020-09-29T18:24:23.607+0200: 36.576: [GC (Allocation Failure) 2020-09-29T18:24:23.607+0200: 36.576: [ParNew: 594615K->38033K(613440K), 0.0142975 secs] 606981K->50399K(2029056K), 0.0143579 secs] [Times: user=0.11 sys=0.00, real=0.01 secs] 
2020-09-29T18:24:23.676+0200: 36.645: [GC (Allocation Failure) 2020-09-29T18:24:23.676+0200: 36.646: [ParNew: 583377K->52180K(613440K), 0.0256515 secs] 595743K->64546K(2029056K), 0.0257208 secs] [Times: user=0.25 sys=0.00, real=0.02 secs] 
2020-09-29T18:24:23.756+0200: 36.726: [GC (Allocation Failure) 2020-09-29T18:24:23.756+0200: 36.726: [ParNew: 597524K->42605K(613440K), 0.0191808 secs] 609890K->54971K(2029056K), 0.0192612 secs] [Times: user=0.13 sys=0.00, real=0.02 secs] 
2020-09-29T18:24:23.825+0200: 36.795: [GC (Allocation Failure) 2020-09-29T18:24:23.825+0200: 36.795: [ParNew: 587949K->41305K(613440K), 0.0174713 secs] 600315K->53671K(2029056K), 0.0175327 secs] [Times: user=0.13 sys=0.00, real=0.02 secs] 
2020-09-29T18:24:23.892+0200: 36.862: [GC (Allocation Failure) 2020-09-29T18:24:23.892+0200: 36.862: [ParNew: 586649K->36565K(613440K), 0.0168824 secs] 599015K->48931K(2029056K), 0.0169493 secs] [Times: user=0.11 sys=0.00, real=0.02 secs] 
2020-09-29T18:24:23.961+0200: 36.930: [GC (Allocation Failure) 2020-09-29T18:24:23.961+0200: 36.930: [ParNew: 581909K->35724K(613440K), 0.0150877 secs] 594275K->48090K(2029056K), 0.0151441 secs] [Times: user=0.13 sys=0.00, real=0.01 secs] 
2020-09-29T18:24:24.022+0200: 36.991: [GC (Allocation Failure) 2020-09-29T18:24:24.022+0200: 36.991: [ParNew: 581068K->57554K(613440K), 0.0248162 secs] 593434K->69919K(2029056K), 0.0248787 secs] [Times: user=0.13 sys=0.00, real=0.02 secs] 
2020-09-29T18:24:24.094+0200: 37.064: [GC (Allocation Failure) 2020-09-29T18:24:24.094+0200: 37.064: [ParNew: 602898K->46097K(613440K), 0.0131805 secs] 615263K->58462K(2029056K), 0.0132762 secs] [Times: user=0.13 sys=0.00, real=0.01 secs] 
2020-09-29T18:24:24.155+0200: 37.124: [GC (Allocation Failure) 2020-09-29T18:24:24.155+0200: 37.124: [ParNew: 591441K->26167K(613440K), 0.0099854 secs] 603806K->38533K(2029056K), 0.0100618 secs] [Times: user=0.13 sys=0.00, real=0.01 secs] 
2020-09-29T18:24:24.212+0200: 37.181: [GC (Allocation Failure) 2020-09-29T18:24:24.212+0200: 37.181: [ParNew: 571511K->40454K(613440K), 0.0163625 secs] 583877K->52820K(2029056K), 0.0164534 secs] [Times: user=0.13 sys=0.00, real=0.02 secs] 
2020-09-29T18:24:24.275+0200: 37.245: [GC (Allocation Failure) 2020-09-29T18:24:24.275+0200: 37.245: [ParNew: 585798K->68096K(613440K), 0.0261692 secs] 598164K->80502K(2029056K), 0.0262304 secs] [Times: user=0.25 sys=0.00, real=0.03 secs] 
2020-09-29T18:24:24.349+0200: 37.319: [GC (Allocation Failure) 2020-09-29T18:24:24.349+0200: 37.319: [ParNew: 613440K->52861K(613440K), 0.0205904 secs] 625846K->65268K(2029056K), 0.0206548 secs] [Times: user=0.13 sys=0.00, real=0.02 secs] 
2020-09-29T18:24:24.417+0200: 37.387: [GC (Allocation Failure) 2020-09-29T18:24:24.417+0200: 37.387: [ParNew: 598205K->44815K(613440K), 0.0208388 secs] 610612K->57222K(2029056K), 0.0209055 secs] [Times: user=0.13 sys=0.00, real=0.02 secs] 
2020-09-29T18:24:24.486+0200: 37.457: [GC (Allocation Failure) 2020-09-29T18:24:24.486+0200: 37.457: [ParNew: 590159K->47907K(613440K), 0.0187612 secs] 602566K->60314K(2029056K), 0.0188293 secs] [Times: user=0.25 sys=0.00, real=0.02 secs] 
2020-09-29T18:24:24.553+0200: 37.523: [GC (Allocation Failure) 2020-09-29T18:24:24.553+0200: 37.523: [ParNew: 593251K->38016K(613440K), 0.0121021 secs] 605658K->50423K(2029056K), 0.0121780 secs] [Times: user=0.00 sys=0.00, real=0.01 secs] 
2020-09-29T18:24:24.621+0200: 37.590: [GC (Allocation Failure) 2020-09-29T18:24:24.621+0200: 37.590: [ParNew: 583360K->38185K(613440K), 0.0178791 secs] 595767K->50591K(2029056K), 0.0179687 secs] [Times: user=0.13 sys=0.00, real=0.02 secs] 
2020-09-29T18:24:24.687+0200: 37.657: [GC (Allocation Failure) 2020-09-29T18:24:24.687+0200: 37.657: [ParNew: 583529K->52745K(613440K), 0.0219489 secs] 595935K->65152K(2029056K), 0.0220105 secs] [Times: user=0.25 sys=0.00, real=0.02 secs] 
2020-09-29T18:24:24.756+0200: 37.725: [GC (Allocation Failure) 2020-09-29T18:24:24.756+0200: 37.725: [ParNew: 598089K->45730K(613440K), 0.0216096 secs] 610496K->58136K(2029056K), 0.0216827 secs] [Times: user=0.13 sys=0.00, real=0.02 secs] 
2020-09-29T18:24:24.825+0200: 37.795: [GC (Allocation Failure) 2020-09-29T18:24:24.825+0200: 37.795: [ParNew: 591074K->46402K(613440K), 0.0211302 secs] 603480K->58809K(2029056K), 0.0211942 secs] [Times: user=0.13 sys=0.00, real=0.02 secs] 
2020-09-29T18:24:24.893+0200: 37.863: [GC (Allocation Failure) 2020-09-29T18:24:24.893+0200: 37.863: [ParNew: 591746K->39601K(613440K), 0.0154059 secs] 604153K->52008K(2029056K), 0.0154603 secs] [Times: user=0.13 sys=0.00, real=0.02 secs] 
2020-09-29T18:24:24.957+0200: 37.926: [GC (Allocation Failure) 2020-09-29T18:24:24.957+0200: 37.926: [ParNew: 584945K->43225K(613440K), 0.0191184 secs] 597352K->55631K(2029056K), 0.0191753 secs] [Times: user=0.25 sys=0.00, real=0.02 secs] 
2020-09-29T18:24:25.027+0200: 37.996: [GC (Allocation Failure) 2020-09-29T18:24:25.027+0200: 37.996: [ParNew: 588569K->30975K(613440K), 0.0136898 secs] 600975K->43382K(2029056K), 0.0137462 secs] [Times: user=0.13 sys=0.00, real=0.01 secs] 
2020-09-29T18:24:25.093+0200: 38.063: [GC (Allocation Failure) 2020-09-29T18:24:25.093+0200: 38.063: [ParNew: 576319K->35481K(613440K), 0.0160386 secs] 588726K->47888K(2029056K), 0.0161174 secs] [Times: user=0.13 sys=0.00, real=0.02 secs] 
2020-09-29T18:24:25.158+0200: 38.127: [GC (Allocation Failure) 2020-09-29T18:24:25.158+0200: 38.127: [ParNew: 580825K->48767K(613440K), 0.0214456 secs] 593232K->61174K(2029056K), 0.0215025 secs] [Times: user=0.25 sys=0.00, real=0.02 secs] 
2020-09-29T18:24:25.228+0200: 38.197: [GC (Allocation Failure) 2020-09-29T18:24:25.228+0200: 38.197: [ParNew: 594111K->33376K(613440K), 0.0097361 secs] 606518K->45783K(2029056K), 0.0097942 secs] [Times: user=0.00 sys=0.00, real=0.01 secs] 
2020-09-29T18:24:25.293+0200: 38.262: [GC (Allocation Failure) 2020-09-29T18:24:25.293+0200: 38.262: [ParNew: 578720K->26956K(613440K), 0.0148737 secs] 591127K->39363K(2029056K), 0.0149440 secs] [Times: user=0.13 sys=0.00, real=0.01 secs] 
2020-09-29T18:24:25.356+0200: 38.325: [GC (Allocation Failure) 2020-09-29T18:24:25.356+0200: 38.325: [ParNew: 572300K->41562K(613440K), 0.0188049 secs] 584707K->53968K(2029056K), 0.0188612 secs] [Times: user=0.13 sys=0.00, real=0.02 secs] 
2020-09-29T18:24:25.425+0200: 38.394: [GC (Allocation Failure) 2020-09-29T18:24:25.425+0200: 38.394: [ParNew: 586906K->39071K(613440K), 0.0175233 secs] 599312K->51478K(2029056K), 0.0175910 secs] [Times: user=0.13 sys=0.00, real=0.02 secs] 
2020-09-29T18:24:25.495+0200: 38.464: [GC (Allocation Failure) 2020-09-29T18:24:25.495+0200: 38.465: [ParNew: 584415K->37585K(613440K), 0.0171137 secs] 596822K->49992K(2029056K), 0.0171786 secs] [Times: user=0.13 sys=0.00, real=0.02 secs] 
2020-09-29T18:24:25.559+0200: 38.528: [GC (Allocation Failure) 2020-09-29T18:24:25.559+0200: 38.528: [ParNew: 582929K->60894K(613440K), 0.0223448 secs] 595336K->73300K(2029056K), 0.0224230 secs] [Times: user=0.13 sys=0.00, real=0.02 secs] 
2020-09-29T18:24:25.630+0200: 38.600: [GC (Allocation Failure) 2020-09-29T18:24:25.630+0200: 38.600: [ParNew: 606238K->43783K(613440K), 0.0161858 secs] 618644K->56189K(2029056K), 0.0162452 secs] [Times: user=0.13 sys=0.00, real=0.02 secs] 
2020-09-29T18:24:25.694+0200: 38.664: [GC (Allocation Failure) 2020-09-29T18:24:25.695+0200: 38.664: [ParNew: 589127K->37804K(613440K), 0.0134340 secs] 601533K->50210K(2029056K), 0.0135069 secs] [Times: user=0.13 sys=0.00, real=0.01 secs] 
2020-09-29T18:24:25.760+0200: 38.729: [GC (Allocation Failure) 2020-09-29T18:24:25.760+0200: 38.729: [ParNew: 583148K->55839K(613440K), 0.0244474 secs] 595554K->68246K(2029056K), 0.0245302 secs] [Times: user=0.13 sys=0.00, real=0.02 secs] 
2020-09-29T18:24:25.833+0200: 38.802: [GC (Allocation Failure) 2020-09-29T18:24:25.833+0200: 38.802: [ParNew: 601183K->52968K(613440K), 0.0186974 secs] 613590K->65374K(2029056K), 0.0187521 secs] [Times: user=0.13 sys=0.00, real=0.02 secs] 
2020-09-29T18:24:25.901+0200: 38.870: [GC (Allocation Failure) 2020-09-29T18:24:25.901+0200: 38.870: [ParNew: 598312K->46071K(613440K), 0.0178244 secs] 610718K->58477K(2029056K), 0.0178836 secs] [Times: user=0.13 sys=0.00, real=0.02 secs] 
2020-09-29T18:24:25.967+0200: 38.937: [GC (Allocation Failure) 2020-09-29T18:24:25.967+0200: 38.937: [ParNew: 591415K->62908K(613440K), 0.0235444 secs] 603821K->75315K(2029056K), 0.0236551 secs] [Times: user=0.23 sys=0.00, real=0.02 secs] 
2020-09-29T18:24:26.038+0200: 39.008: [GC (Allocation Failure) 2020-09-29T18:24:26.038+0200: 39.008: [ParNew: 608252K->52351K(613440K), 0.0218890 secs] 620659K->64758K(2029056K), 0.0219515 secs] [Times: user=0.13 sys=0.00, real=0.02 secs] 
2020-09-29T18:24:26.108+0200: 39.077: [GC (Allocation Failure) 2020-09-29T18:24:26.108+0200: 39.077: [ParNew: 597695K->45543K(613440K), 0.0152028 secs] 610102K->57950K(2029056K), 0.0152713 secs] [Times: user=0.13 sys=0.00, real=0.01 secs] 
2020-09-29T18:24:26.178+0200: 39.147: [GC (Allocation Failure) 2020-09-29T18:24:26.178+0200: 39.148: [ParNew: 590887K->35782K(613440K), 0.0140318 secs] 603294K->48189K(2029056K), 0.0140874 secs] [Times: user=0.13 sys=0.00, real=0.01 secs] 
2020-09-29T18:24:26.252+0200: 39.222: [GC (Allocation Failure) 2020-09-29T18:24:26.252+0200: 39.222: [ParNew: 581126K->45613K(613440K), 0.0221166 secs] 593533K->58020K(2029056K), 0.0221933 secs] [Times: user=0.23 sys=0.00, real=0.02 secs] 
2020-09-29T18:24:26.331+0200: 39.300: [GC (Allocation Failure) 2020-09-29T18:24:26.331+0200: 39.300: [ParNew: 590957K->42829K(613440K), 0.0215717 secs] 603364K->55236K(2029056K), 0.0216531 secs] [Times: user=0.23 sys=0.00, real=0.02 secs] 
2020-09-29T18:24:26.404+0200: 39.374: [GC (Allocation Failure) 2020-09-29T18:24:26.404+0200: 39.374: [ParNew: 588173K->31140K(613440K), 0.0062944 secs] 600580K->43547K(2029056K), 0.0063709 secs] [Times: user=0.13 sys=0.00, real=0.01 secs] 
2020-09-29T18:24:26.466+0200: 39.435: [GC (Allocation Failure) 2020-09-29T18:24:26.466+0200: 39.435: [ParNew: 576484K->47478K(613440K), 0.0221406 secs] 588891K->59884K(2029056K), 0.0222033 secs] [Times: user=0.13 sys=0.00, real=0.02 secs] 
2020-09-29T18:24:26.535+0200: 39.504: [GC (Allocation Failure) 2020-09-29T18:24:26.535+0200: 39.504: [ParNew: 592822K->39126K(613440K), 0.0160251 secs] 605228K->51532K(2029056K), 0.0160756 secs] [Times: user=0.13 sys=0.00, real=0.02 secs] 
2020-09-29T18:24:26.611+0200: 39.580: [GC (Allocation Failure) 2020-09-29T18:24:26.611+0200: 39.580: [ParNew: 584470K->55815K(613440K), 0.0202635 secs] 596876K->68222K(2029056K), 0.0203302 secs] [Times: user=0.23 sys=0.00, real=0.02 secs] 
2020-09-29T18:24:26.683+0200: 39.652: [GC (Allocation Failure) 2020-09-29T18:24:26.683+0200: 39.652: [ParNew: 601159K->46969K(613440K), 0.0198397 secs] 613566K->59375K(2029056K), 0.0198955 secs] [Times: user=0.13 sys=0.00, real=0.02 secs] 
2020-09-29T18:24:26.750+0200: 39.719: [GC (Allocation Failure) 2020-09-29T18:24:26.750+0200: 39.719: [ParNew: 592313K->45739K(613440K), 0.0196201 secs] 604719K->58145K(2029056K), 0.0196749 secs] [Times: user=0.13 sys=0.00, real=0.02 secs] 
2020-09-29T18:24:26.819+0200: 39.789: [GC (Allocation Failure) 2020-09-29T18:24:26.819+0200: 39.789: [ParNew: 591083K->41062K(613440K), 0.0192268 secs] 603489K->53469K(2029056K), 0.0192824 secs] [Times: user=0.13 sys=0.00, real=0.02 secs] 
2020-09-29T18:24:26.885+0200: 39.854: [GC (Allocation Failure) 2020-09-29T18:24:26.885+0200: 39.855: [ParNew: 586406K->67217K(613440K), 0.0226054 secs] 598813K->79623K(2029056K), 0.0226679 secs] [Times: user=0.13 sys=0.00, real=0.02 secs] 
2020-09-29T18:24:26.957+0200: 39.926: [GC (Allocation Failure) 2020-09-29T18:24:26.957+0200: 39.926: [ParNew: 612561K->50362K(613440K), 0.0169291 secs] 624967K->62769K(2029056K), 0.0169956 secs] [Times: user=0.14 sys=0.00, real=0.02 secs] 
2020-09-29T18:24:27.026+0200: 39.995: [GC (Allocation Failure) 2020-09-29T18:24:27.026+0200: 39.995: [ParNew: 595706K->66572K(613440K), 0.0226584 secs] 608113K->78979K(2029056K), 0.0227169 secs] [Times: user=0.09 sys=0.00, real=0.02 secs] 
2020-09-29T18:24:27.095+0200: 40.064: [GC (Allocation Failure) 2020-09-29T18:24:27.095+0200: 40.064: [ParNew: 611916K->47660K(613440K), 0.0167690 secs] 624323K->60067K(2029056K), 0.0168307 secs] [Times: user=0.13 sys=0.00, real=0.02 secs] 
2020-09-29T18:24:27.162+0200: 40.131: [GC (Allocation Failure) 2020-09-29T18:24:27.162+0200: 40.131: [ParNew: 593004K->40162K(613440K), 0.0148999 secs] 605411K->52569K(2029056K), 0.0149548 secs] [Times: user=0.00 sys=0.00, real=0.02 secs] 
2020-09-29T18:24:27.226+0200: 40.195: [GC (Allocation Failure) 2020-09-29T18:24:27.226+0200: 40.196: [ParNew: 585506K->52920K(613440K), 0.0200795 secs] 597913K->65327K(2029056K), 0.0201719 secs] [Times: user=0.13 sys=0.00, real=0.02 secs] 
2020-09-29T18:24:27.319+0200: 40.288: [GC (Allocation Failure) 2020-09-29T18:24:27.319+0200: 40.288: [ParNew: 598264K->67374K(613440K), 0.0263444 secs] 610671K->79781K(2029056K), 0.0264279 secs] [Times: user=0.09 sys=0.00, real=0.03 secs] 
2020-09-29T18:24:27.393+0200: 40.363: [GC (Allocation Failure) 2020-09-29T18:24:27.393+0200: 40.363: [ParNew: 612718K->47871K(613440K), 0.0127825 secs] 625125K->60278K(2029056K), 0.0128429 secs] [Times: user=0.13 sys=0.00, real=0.01 secs] 
2020-09-29T18:24:27.458+0200: 40.427: [GC (Allocation Failure) 2020-09-29T18:24:27.458+0200: 40.427: [ParNew: 593215K->36865K(613440K), 0.0181077 secs] 605622K->49272K(2029056K), 0.0181604 secs] [Times: user=0.13 sys=0.00, real=0.02 secs] 
2020-09-29T18:24:27.523+0200: 40.493: [GC (Allocation Failure) 2020-09-29T18:24:27.523+0200: 40.493: [ParNew: 582209K->57535K(613440K), 0.0215799 secs] 594616K->69942K(2029056K), 0.0216389 secs] [Times: user=0.13 sys=0.00, real=0.02 secs] 
2020-09-29T18:24:27.595+0200: 40.565: [GC (Allocation Failure) 2020-09-29T18:24:27.595+0200: 40.565: [ParNew: 602879K->48425K(613440K), 0.0164047 secs] 615286K->60832K(2029056K), 0.0164667 secs] [Times: user=0.11 sys=0.00, real=0.02 secs] 
2020-09-29T18:24:27.661+0200: 40.631: [GC (Allocation Failure) 2020-09-29T18:24:27.661+0200: 40.631: [ParNew: 593769K->63460K(613440K), 0.0258151 secs] 606176K->75867K(2029056K), 0.0258788 secs] [Times: user=0.13 sys=0.00, real=0.03 secs] 
2020-09-29T18:24:27.736+0200: 40.706: [GC (Allocation Failure) 2020-09-29T18:24:27.736+0200: 40.706: [ParNew: 608804K->50680K(613440K), 0.0222474 secs] 621211K->63087K(2029056K), 0.0223091 secs] [Times: user=0.23 sys=0.00, real=0.02 secs] 
2020-09-29T18:24:27.811+0200: 40.781: [GC (Allocation Failure) 2020-09-29T18:24:27.811+0200: 40.781: [ParNew: 596024K->68096K(613440K), 0.0252520 secs] 608431K->80811K(2029056K), 0.0253173 secs] [Times: user=0.25 sys=0.00, real=0.03 secs] 
2020-09-29T18:24:27.886+0200: 40.856: [GC (Allocation Failure) 2020-09-29T18:24:27.886+0200: 40.856: [ParNew: 613440K->53954K(613440K), 0.0237307 secs] 626155K->66670K(2029056K), 0.0238170 secs] [Times: user=0.13 sys=0.00, real=0.02 secs] 
2020-09-29T18:24:27.959+0200: 40.929: [GC (Allocation Failure) 2020-09-29T18:24:27.959+0200: 40.929: [ParNew: 599298K->46320K(613440K), 0.0102373 secs] 612014K->59035K(2029056K), 0.0103010 secs] [Times: user=0.00 sys=0.00, real=0.01 secs] 
2020-09-29T18:24:28.017+0200: 40.987: [GC (Allocation Failure) 2020-09-29T18:24:28.017+0200: 40.987: [ParNew: 591664K->50039K(613440K), 0.0220283 secs] 604379K->62755K(2029056K), 0.0221051 secs] [Times: user=0.25 sys=0.00, real=0.02 secs] 
2020-09-29T18:24:28.088+0200: 41.058: [GC (Allocation Failure) 2020-09-29T18:24:28.088+0200: 41.058: [ParNew: 595383K->39036K(613440K), 0.0172507 secs] 608099K->51751K(2029056K), 0.0173249 secs] [Times: user=0.13 sys=0.00, real=0.02 secs] 
2020-09-29T18:24:28.154+0200: 41.123: [GC (Allocation Failure) 2020-09-29T18:24:28.154+0200: 41.123: [ParNew: 584380K->59910K(613440K), 0.0215408 secs] 597095K->72625K(2029056K), 0.0216151 secs] [Times: user=0.13 sys=0.00, real=0.02 secs] 
2020-09-29T18:24:28.221+0200: 41.191: [GC (Allocation Failure) 2020-09-29T18:24:28.221+0200: 41.191: [ParNew: 605254K->40797K(613440K), 0.0137348 secs] 617969K->53512K(2029056K), 0.0137935 secs] [Times: user=0.13 sys=0.00, real=0.01 secs] 
2020-09-29T18:24:28.285+0200: 41.255: [GC (Allocation Failure) 2020-09-29T18:24:28.285+0200: 41.255: [ParNew: 586141K->39168K(613440K), 0.0191716 secs] 598856K->51883K(2029056K), 0.0192376 secs] [Times: user=0.24 sys=0.00, real=0.02 secs] 
2020-09-29T18:24:28.353+0200: 41.323: [GC (Allocation Failure) 2020-09-29T18:24:28.353+0200: 41.323: [ParNew: 584512K->37531K(613440K), 0.0168840 secs] 597227K->50246K(2029056K), 0.0169468 secs] [Times: user=0.13 sys=0.00, real=0.02 secs] 
2020-09-29T18:24:28.418+0200: 41.388: [GC (Allocation Failure) 2020-09-29T18:24:28.418+0200: 41.388: [ParNew: 582875K->36411K(613440K), 0.0186911 secs] 595590K->49126K(2029056K), 0.0187499 secs] [Times: user=0.11 sys=0.00, real=0.02 secs] 
2020-09-29T18:24:28.490+0200: 41.460: [GC (Allocation Failure) 2020-09-29T18:24:28.490+0200: 41.460: [ParNew: 581755K->56733K(613440K), 0.0215001 secs] 594470K->69448K(2029056K), 0.0215548 secs] [Times: user=0.13 sys=0.00, real=0.02 secs] 
2020-09-29T18:24:28.559+0200: 41.529: [GC (Allocation Failure) 2020-09-29T18:24:28.559+0200: 41.529: [ParNew: 602077K->51460K(613440K), 0.0204172 secs] 614792K->64175K(2029056K), 0.0204852 secs] [Times: user=0.13 sys=0.00, real=0.02 secs] 
2020-09-29T18:24:28.630+0200: 41.600: [GC (Allocation Failure) 2020-09-29T18:24:28.630+0200: 41.600: [ParNew: 596804K->46373K(613440K), 0.0199398 secs] 609519K->59089K(2029056K), 0.0200402 secs] [Times: user=0.13 sys=0.00, real=0.02 secs] 
2020-09-29T18:24:28.696+0200: 41.666: [GC (Allocation Failure) 2020-09-29T18:24:28.696+0200: 41.666: [ParNew: 591717K->45001K(613440K), 0.0193020 secs] 604433K->57717K(2029056K), 0.0193717 secs] [Times: user=0.13 sys=0.00, real=0.02 secs] 
2020-09-29T18:24:28.763+0200: 41.733: [GC (Allocation Failure) 2020-09-29T18:24:28.763+0200: 41.733: [ParNew: 590345K->39981K(613440K), 0.0179182 secs] 603061K->52696K(2029056K), 0.0180051 secs] [Times: user=0.13 sys=0.00, real=0.02 secs] 
2020-09-29T18:24:28.831+0200: 41.801: [GC (Allocation Failure) 2020-09-29T18:24:28.831+0200: 41.801: [ParNew: 585325K->38907K(613440K), 0.0168275 secs] 598040K->51623K(2029056K), 0.0169080 secs] [Times: user=0.13 sys=0.02, real=0.02 secs] 
2020-09-29T18:24:28.896+0200: 41.866: [GC (Allocation Failure) 2020-09-29T18:24:28.896+0200: 41.866: [ParNew: 584251K->61613K(613440K), 0.0215849 secs] 596967K->74328K(2029056K), 0.0216772 secs] [Times: user=0.13 sys=0.00, real=0.02 secs] 
2020-09-29T18:24:28.966+0200: 41.936: [GC (Allocation Failure) 2020-09-29T18:24:28.966+0200: 41.936: [ParNew: 606957K->50109K(613440K), 0.0272227 secs] 619672K->62825K(2029056K), 0.0272939 secs] [Times: user=0.25 sys=0.00, real=0.03 secs] 
2020-09-29T18:24:29.043+0200: 42.013: [GC (Allocation Failure) 2020-09-29T18:24:29.043+0200: 42.013: [ParNew: 595453K->38720K(613440K), 0.0181231 secs] 608169K->51436K(2029056K), 0.0181881 secs] [Times: user=0.13 sys=0.00, real=0.02 secs] 
2020-09-29T18:24:29.114+0200: 42.084: [GC (Allocation Failure) 2020-09-29T18:24:29.114+0200: 42.084: [ParNew: 584064K->36142K(613440K), 0.0157001 secs] 596780K->48857K(2029056K), 0.0157635 secs] [Times: user=0.13 sys=0.00, real=0.02 secs] 
2020-09-29T18:24:29.183+0200: 42.153: [GC (Allocation Failure) 2020-09-29T18:24:29.183+0200: 42.153: [ParNew: 581486K->59698K(613440K), 0.0304745 secs] 594201K->72413K(2029056K), 0.0305355 secs] [Times: user=0.25 sys=0.00, real=0.03 secs] 
2020-09-29T18:24:29.261+0200: 42.231: [GC (Allocation Failure) 2020-09-29T18:24:29.261+0200: 42.231: [ParNew: 605042K->39245K(613440K), 0.0159760 secs] 617757K->51960K(2029056K), 0.0160697 secs] [Times: user=0.13 sys=0.00, real=0.02 secs] 
2020-09-29T18:24:29.331+0200: 42.301: [GC (Allocation Failure) 2020-09-29T18:24:29.331+0200: 42.301: [ParNew: 584589K->35188K(613440K), 0.0213965 secs] 597304K->47904K(2029056K), 0.0214619 secs] [Times: user=0.25 sys=0.00, real=0.02 secs] 
2020-09-29T18:24:29.407+0200: 42.377: [GC (Allocation Failure) 2020-09-29T18:24:29.407+0200: 42.377: [ParNew: 580532K->54306K(613440K), 0.0266469 secs] 593248K->67022K(2029056K), 0.0267133 secs] [Times: user=0.25 sys=0.00, real=0.03 secs] 
2020-09-29T18:24:29.482+0200: 42.452: [GC (Allocation Failure) 2020-09-29T18:24:29.482+0200: 42.452: [ParNew: 599650K->48433K(613440K), 0.0201063 secs] 612366K->61149K(2029056K), 0.0201753 secs] [Times: user=0.13 sys=0.00, real=0.02 secs] 
2020-09-29T18:24:29.555+0200: 42.525: [GC (Allocation Failure) 2020-09-29T18:24:29.556+0200: 42.526: [ParNew: 593777K->40157K(613440K), 0.0205536 secs] 606493K->52873K(2029056K), 0.0206261 secs] [Times: user=0.13 sys=0.00, real=0.02 secs] 
2020-09-29T18:24:29.631+0200: 42.601: [GC (Allocation Failure) 2020-09-29T18:24:29.631+0200: 42.601: [ParNew: 585501K->31189K(613440K), 0.0163807 secs] 598217K->43905K(2029056K), 0.0164472 secs] [Times: user=0.13 sys=0.00, real=0.02 secs] 
2020-09-29T18:24:29.704+0200: 42.674: [GC (Allocation Failure) 2020-09-29T18:24:29.704+0200: 42.674: [ParNew: 576533K->48124K(613440K), 0.0249759 secs] 589249K->60840K(2029056K), 0.0250404 secs] [Times: user=0.25 sys=0.00, real=0.03 secs] 
2020-09-29T18:24:29.779+0200: 42.749: [GC (Allocation Failure) 2020-09-29T18:24:29.779+0200: 42.749: [ParNew: 593468K->40082K(613440K), 0.0236103 secs] 606184K->52797K(2029056K), 0.0236807 secs] [Times: user=0.25 sys=0.00, real=0.02 secs] 
2020-09-29T18:24:29.851+0200: 42.821: [GC (Allocation Failure) 2020-09-29T18:24:29.851+0200: 42.821: [ParNew: 585426K->64343K(613440K), 0.0290140 secs] 598141K->77058K(2029056K), 0.0290870 secs] [Times: user=0.25 sys=0.00, real=0.03 secs] 
2020-09-29T18:24:29.929+0200: 42.899: [GC (Allocation Failure) 2020-09-29T18:24:29.929+0200: 42.899: [ParNew: 609687K->45059K(613440K), 0.0211038 secs] 622402K->57775K(2029056K), 0.0211691 secs] [Times: user=0.13 sys=0.00, real=0.02 secs] 
2020-09-29T18:24:30.003+0200: 42.973: [GC (Allocation Failure) 2020-09-29T18:24:30.003+0200: 42.973: [ParNew: 590403K->60656K(613440K), 0.0283758 secs] 603119K->73372K(2029056K), 0.0284503 secs] [Times: user=0.20 sys=0.02, real=0.03 secs] 
2020-09-29T18:24:30.080+0200: 43.050: [GC (Allocation Failure) 2020-09-29T18:24:30.080+0200: 43.050: [ParNew: 606000K->39294K(613440K), 0.0190930 secs] 618716K->52010K(2029056K), 0.0191617 secs] [Times: user=0.25 sys=0.00, real=0.02 secs] 
2020-09-29T18:24:30.147+0200: 43.117: [GC (Allocation Failure) 2020-09-29T18:24:30.147+0200: 43.117: [ParNew: 584638K->60359K(613440K), 0.0248639 secs] 597354K->73075K(2029056K), 0.0249289 secs] [Times: user=0.13 sys=0.00, real=0.02 secs] 
2020-09-29T18:24:30.225+0200: 43.196: [GC (Allocation Failure) 2020-09-29T18:24:30.225+0200: 43.196: [ParNew: 605703K->24874K(613440K), 0.0172641 secs] 618419K->37590K(2029056K), 0.0173283 secs] [Times: user=0.13 sys=0.00, real=0.02 secs] 
2020-09-29T18:24:30.290+0200: 43.260: [GC (Allocation Failure) 2020-09-29T18:24:30.290+0200: 43.260: [ParNew: 570218K->43684K(613440K), 0.0235706 secs] 582934K->56399K(2029056K), 0.0236355 secs] [Times: user=0.13 sys=0.00, real=0.02 secs] 
2020-09-29T18:24:30.366+0200: 43.336: [GC (Allocation Failure) 2020-09-29T18:24:30.366+0200: 43.336: [ParNew: 589028K->59850K(613440K), 0.0286832 secs] 601743K->72565K(2029056K), 0.0287569 secs] [Times: user=0.14 sys=0.00, real=0.03 secs] 
2020-09-29T18:24:30.445+0200: 43.415: [GC (Allocation Failure) 2020-09-29T18:24:30.445+0200: 43.415: [ParNew: 605194K->59097K(613440K), 0.0282464 secs] 617909K->71812K(2029056K), 0.0283273 secs] [Times: user=0.25 sys=0.00, real=0.03 secs] 
2020-09-29T18:24:30.520+0200: 43.490: [GC (Allocation Failure) 2020-09-29T18:24:30.520+0200: 43.490: [ParNew: 604441K->42235K(613440K), 0.0193490 secs] 617156K->54951K(2029056K), 0.0194205 secs] [Times: user=0.13 sys=0.00, real=0.02 secs] 
2020-09-29T18:24:30.599+0200: 43.569: [GC (Allocation Failure) 2020-09-29T18:24:30.599+0200: 43.569: [ParNew: 587579K->43009K(613440K), 0.0243638 secs] 600295K->55725K(2029056K), 0.0244382 secs] [Times: user=0.13 sys=0.00, real=0.02 secs] 
2020-09-29T18:24:30.674+0200: 43.644: [GC (Allocation Failure) 2020-09-29T18:24:30.674+0200: 43.644: [ParNew: 588353K->58571K(613440K), 0.0238510 secs] 601069K->71287K(2029056K), 0.0239172 secs] [Times: user=0.25 sys=0.00, real=0.02 secs] 
2020-09-29T18:24:30.748+0200: 43.718: [GC (Allocation Failure) 2020-09-29T18:24:30.748+0200: 43.718: [ParNew: 603915K->43923K(613440K), 0.0215367 secs] 616631K->56638K(2029056K), 0.0216068 secs] [Times: user=0.23 sys=0.00, real=0.02 secs] 
2020-09-29T18:24:30.821+0200: 43.791: [GC (Allocation Failure) 2020-09-29T18:24:30.821+0200: 43.791: [ParNew: 589267K->38821K(613440K), 0.0210210 secs] 601982K->51537K(2029056K), 0.0211029 secs] [Times: user=0.13 sys=0.00, real=0.02 secs] 
2020-09-29T18:24:30.896+0200: 43.866: [GC (Allocation Failure) 2020-09-29T18:24:30.896+0200: 43.866: [ParNew: 584165K->57917K(613440K), 0.0281846 secs] 596881K->70633K(2029056K), 0.0282511 secs] [Times: user=0.13 sys=0.00, real=0.03 secs] 
2020-09-29T18:24:30.970+0200: 43.941: [GC (Allocation Failure) 2020-09-29T18:24:30.970+0200: 43.941: [ParNew: 603261K->45037K(613440K), 0.0193611 secs] 615977K->57753K(2029056K), 0.0194480 secs] [Times: user=0.25 sys=0.00, real=0.02 secs] 
2020-09-29T18:24:31.049+0200: 44.019: [GC (Allocation Failure) 2020-09-29T18:24:31.049+0200: 44.019: [ParNew: 590381K->37542K(613440K), 0.0194724 secs] 603097K->50258K(2029056K), 0.0195481 secs] [Times: user=0.19 sys=0.00, real=0.02 secs] 
2020-09-29T18:24:31.116+0200: 44.087: [GC (Allocation Failure) 2020-09-29T18:24:31.116+0200: 44.087: [ParNew: 582886K->46661K(613440K), 0.0243904 secs] 595602K->59377K(2029056K), 0.0244610 secs] [Times: user=0.13 sys=0.00, real=0.03 secs] 
2020-09-29T18:24:31.192+0200: 44.162: [GC (Allocation Failure) 2020-09-29T18:24:31.192+0200: 44.162: [ParNew: 592005K->40463K(613440K), 0.0226365 secs] 604721K->53179K(2029056K), 0.0227016 secs] [Times: user=0.13 sys=0.00, real=0.02 secs] 
2020-09-29T18:24:31.261+0200: 44.231: [GC (Allocation Failure) 2020-09-29T18:24:31.261+0200: 44.231: [ParNew: 585807K->37268K(613440K), 0.0212704 secs] 598523K->49984K(2029056K), 0.0213442 secs] [Times: user=0.13 sys=0.00, real=0.02 secs] 
2020-09-29T18:24:31.334+0200: 44.304: [GC (Allocation Failure) 2020-09-29T18:24:31.337+0200: 44.307: [ParNew: 582612K->55202K(613440K), 0.0263577 secs] 595328K->67917K(2029056K), 0.0294552 secs] [Times: user=0.13 sys=0.00, real=0.03 secs] 
2020-09-29T18:24:31.413+0200: 44.383: [GC (Allocation Failure) 2020-09-29T18:24:31.413+0200: 44.383: [ParNew: 600546K->47059K(613440K), 0.0258102 secs] 613261K->59774K(2029056K), 0.0258758 secs] [Times: user=0.13 sys=0.00, real=0.03 secs] 
2020-09-29T18:24:31.486+0200: 44.456: [GC (Allocation Failure) 2020-09-29T18:24:31.486+0200: 44.456: [ParNew: 592403K->37786K(613440K), 0.0176783 secs] 605118K->50501K(2029056K), 0.0177559 secs] [Times: user=0.13 sys=0.02, real=0.02 secs] 
2020-09-29T18:24:31.551+0200: 44.521: [GC (Allocation Failure) 2020-09-29T18:24:31.551+0200: 44.521: [ParNew: 583130K->56063K(613440K), 0.0299776 secs] 595845K->68779K(2029056K), 0.0300550 secs] [Times: user=0.13 sys=0.00, real=0.03 secs] 
2020-09-29T18:24:31.634+0200: 44.604: [GC (Allocation Failure) 2020-09-29T18:24:31.634+0200: 44.604: [ParNew: 601407K->40556K(613440K), 0.0231295 secs] 614123K->53272K(2029056K), 0.0231949 secs] [Times: user=0.11 sys=0.00, real=0.02 secs] 
2020-09-29T18:24:31.707+0200: 44.677: [GC (Allocation Failure) 2020-09-29T18:24:31.707+0200: 44.677: [ParNew: 585900K->38109K(613440K), 0.0195302 secs] 598616K->50824K(2029056K), 0.0196009 secs] [Times: user=0.13 sys=0.00, real=0.02 secs] 
2020-09-29T18:24:31.782+0200: 44.752: [GC (Allocation Failure) 2020-09-29T18:24:31.782+0200: 44.752: [ParNew: 583453K->33251K(613440K), 0.0183323 secs] 596168K->45967K(2029056K), 0.0183975 secs] [Times: user=0.13 sys=0.00, real=0.02 secs] 
2020-09-29T18:24:31.851+0200: 44.822: [GC (Allocation Failure) 2020-09-29T18:24:31.851+0200: 44.822: [ParNew: 578595K->29638K(613440K), 0.0181238 secs] 591311K->42354K(2029056K), 0.0182150 secs] [Times: user=0.13 sys=0.00, real=0.02 secs] 
2020-09-29T18:24:31.920+0200: 44.891: [GC (Allocation Failure) 2020-09-29T18:24:31.920+0200: 44.891: [ParNew: 574982K->23901K(613440K), 0.0158265 secs] 587698K->36617K(2029056K), 0.0158929 secs] [Times: user=0.13 sys=0.00, real=0.02 secs] 
2020-09-29T18:24:31.988+0200: 44.958: [GC (Allocation Failure) 2020-09-29T18:24:31.988+0200: 44.958: [ParNew: 569245K->45828K(613440K), 0.0198533 secs] 581961K->58544K(2029056K), 0.0199277 secs] [Times: user=0.25 sys=0.00, real=0.02 secs] 
2020-09-29T18:24:32.064+0200: 45.034: [GC (Allocation Failure) 2020-09-29T18:24:32.064+0200: 45.035: [ParNew: 591172K->34797K(613440K), 0.0206550 secs] 603888K->47512K(2029056K), 0.0207187 secs] [Times: user=0.25 sys=0.00, real=0.02 secs] 
2020-09-29T18:24:32.141+0200: 45.111: [GC (Allocation Failure) 2020-09-29T18:24:32.141+0200: 45.111: [ParNew: 580141K->31649K(613440K), 0.0180290 secs] 592856K->44364K(2029056K), 0.0180982 secs] [Times: user=0.13 sys=0.00, real=0.02 secs] 
2020-09-29T18:24:32.208+0200: 45.178: [GC (Allocation Failure) 2020-09-29T18:24:32.208+0200: 45.178: [ParNew: 576993K->30646K(613440K), 0.0155502 secs] 589708K->43362K(2029056K), 0.0156199 secs] [Times: user=0.13 sys=0.00, real=0.02 secs] 
2020-09-29T18:24:32.282+0200: 45.252: [GC (Allocation Failure) 2020-09-29T18:24:32.282+0200: 45.252: [ParNew: 575990K->25182K(613440K), 0.0160566 secs] 588706K->37898K(2029056K), 0.0161212 secs] [Times: user=0.13 sys=0.00, real=0.02 secs] 
2020-09-29T18:24:32.345+0200: 45.315: [GC (Allocation Failure) 2020-09-29T18:24:32.345+0200: 45.315: [ParNew: 570526K->60676K(613440K), 0.0291557 secs] 583242K->73392K(2029056K), 0.0292292 secs] [Times: user=0.25 sys=0.00, real=0.03 secs] 
2020-09-29T18:24:32.423+0200: 45.393: [GC (Allocation Failure) 2020-09-29T18:24:32.423+0200: 45.393: [ParNew: 606020K->42529K(613440K), 0.0203858 secs] 618736K->55244K(2029056K), 0.0204544 secs] [Times: user=0.25 sys=0.00, real=0.02 secs] 
2020-09-29T18:24:32.499+0200: 45.470: [GC (Allocation Failure) 2020-09-29T18:24:32.499+0200: 45.470: [ParNew: 587873K->56715K(613440K), 0.0271055 secs] 600588K->69431K(2029056K), 0.0271982 secs] [Times: user=0.25 sys=0.00, real=0.03 secs] 
2020-09-29T18:24:32.574+0200: 45.545: [GC (Allocation Failure) 2020-09-29T18:24:32.574+0200: 45.545: [ParNew: 602059K->68096K(613440K), 0.0323561 secs] 614775K->81860K(2029056K), 0.0324237 secs] [Times: user=0.25 sys=0.00, real=0.03 secs] 
2020-09-29T18:24:32.655+0200: 45.625: [GC (Allocation Failure) 2020-09-29T18:24:32.655+0200: 45.625: [ParNew: 613440K->57258K(613440K), 0.0242683 secs] 627204K->71022K(2029056K), 0.0243610 secs] [Times: user=0.23 sys=0.00, real=0.02 secs] 
2020-09-29T18:24:32.732+0200: 45.702: [GC (Allocation Failure) 2020-09-29T18:24:32.732+0200: 45.702: [ParNew: 602602K->48272K(613440K), 0.0238189 secs] 616366K->62036K(2029056K), 0.0238898 secs] [Times: user=0.25 sys=0.00, real=0.02 secs] 
2020-09-29T18:24:32.803+0200: 45.773: [GC (Allocation Failure) 2020-09-29T18:24:32.803+0200: 45.773: [ParNew: 593616K->68096K(613440K), 0.0297548 secs] 607380K->82015K(2029056K), 0.0298191 secs] [Times: user=0.25 sys=0.00, real=0.03 secs] 
2020-09-29T18:24:32.880+0200: 45.850: [GC (Allocation Failure) 2020-09-29T18:24:32.880+0200: 45.851: [ParNew: 613440K->49181K(613440K), 0.0212339 secs] 627359K->63101K(2029056K), 0.0212948 secs] [Times: user=0.13 sys=0.00, real=0.02 secs] 
2020-09-29T18:24:32.953+0200: 45.924: [GC (Allocation Failure) 2020-09-29T18:24:32.953+0200: 45.924: [ParNew: 594525K->47861K(613440K), 0.0270008 secs] 608445K->61781K(2029056K), 0.0270853 secs] [Times: user=0.25 sys=0.00, real=0.03 secs] 
2020-09-29T18:24:33.036+0200: 46.006: [GC (Allocation Failure) 2020-09-29T18:24:33.036+0200: 46.006: [ParNew: 593205K->62981K(613440K), 0.0276640 secs] 607125K->76901K(2029056K), 0.0277397 secs] [Times: user=0.13 sys=0.00, real=0.03 secs] 
2020-09-29T18:24:33.111+0200: 46.081: [GC (Allocation Failure) 2020-09-29T18:24:33.111+0200: 46.081: [ParNew: 608325K->39478K(613440K), 0.0168549 secs] 622245K->53398K(2029056K), 0.0169213 secs] [Times: user=0.13 sys=0.00, real=0.02 secs] 
2020-09-29T18:24:33.190+0200: 46.160: [GC (Allocation Failure) 2020-09-29T18:24:33.190+0200: 46.160: [ParNew: 584822K->25048K(613440K), 0.0169613 secs] 598742K->38968K(2029056K), 0.0170284 secs] [Times: user=0.22 sys=0.02, real=0.02 secs] 
2020-09-29T18:24:33.268+0200: 46.239: [GC (Allocation Failure) 2020-09-29T18:24:33.268+0200: 46.239: [ParNew: 570392K->53186K(613440K), 0.0292823 secs] 584312K->67106K(2029056K), 0.0293544 secs] [Times: user=0.25 sys=0.00, real=0.03 secs] 
2020-09-29T18:24:33.346+0200: 46.316: [GC (Allocation Failure) 2020-09-29T18:24:33.346+0200: 46.316: [ParNew: 598530K->38207K(613440K), 0.0125567 secs] 612450K->52127K(2029056K), 0.0126194 secs] [Times: user=0.13 sys=0.00, real=0.01 secs] 
2020-09-29T18:24:33.414+0200: 46.384: [GC (Allocation Failure) 2020-09-29T18:24:33.414+0200: 46.384: [ParNew: 583551K->27263K(613440K), 0.0198006 secs] 597471K->41183K(2029056K), 0.0198661 secs] [Times: user=0.13 sys=0.00, real=0.02 secs] 
2020-09-29T18:24:33.495+0200: 46.465: [GC (Allocation Failure) 2020-09-29T18:24:33.495+0200: 46.465: [ParNew: 572607K->44122K(613440K), 0.0253492 secs] 586527K->58042K(2029056K), 0.0254296 secs] [Times: user=0.25 sys=0.00, real=0.03 secs] 
2020-09-29T18:24:33.570+0200: 46.540: [GC (Allocation Failure) 2020-09-29T18:24:33.570+0200: 46.540: [ParNew: 589466K->66116K(613440K), 0.0311915 secs] 603386K->80036K(2029056K), 0.0312697 secs] [Times: user=0.25 sys=0.00, real=0.03 secs] 
2020-09-29T18:24:33.652+0200: 46.622: [GC (Allocation Failure) 2020-09-29T18:24:33.652+0200: 46.622: [ParNew: 611460K->56623K(613440K), 0.0295568 secs] 625380K->70543K(2029056K), 0.0296397 secs] [Times: user=0.25 sys=0.00, real=0.03 secs] 
2020-09-29T18:24:33.732+0200: 46.702: [GC (Allocation Failure) 2020-09-29T18:24:33.732+0200: 46.702: [ParNew: 601967K->48955K(613440K), 0.0219551 secs] 615887K->62875K(2029056K), 0.0220417 secs] [Times: user=0.25 sys=0.00, real=0.02 secs] 
2020-09-29T18:24:33.810+0200: 46.781: [GC (Allocation Failure) 2020-09-29T18:24:33.810+0200: 46.781: [ParNew: 594299K->48424K(613440K), 0.0264480 secs] 608219K->62344K(2029056K), 0.0265241 secs] [Times: user=0.25 sys=0.00, real=0.03 secs] 
2020-09-29T18:24:33.884+0200: 46.854: [GC (Allocation Failure) 2020-09-29T18:24:33.884+0200: 46.854: [ParNew: 593768K->39373K(613440K), 0.0206869 secs] 607688K->53293K(2029056K), 0.0207564 secs] [Times: user=0.13 sys=0.00, real=0.02 secs] 
2020-09-29T18:24:33.957+0200: 46.928: [GC (Allocation Failure) 2020-09-29T18:24:33.958+0200: 46.928: [ParNew: 584717K->27963K(613440K), 0.0118666 secs] 598637K->41883K(2029056K), 0.0119398 secs] [Times: user=0.00 sys=0.00, real=0.01 secs] 
2020-09-29T18:24:34.026+0200: 46.997: [GC (Allocation Failure) 2020-09-29T18:24:34.026+0200: 46.997: [ParNew: 573307K->42277K(613440K), 0.0260823 secs] 587227K->56197K(2029056K), 0.0261589 secs] [Times: user=0.25 sys=0.00, real=0.03 secs] 
2020-09-29T18:24:34.111+0200: 47.080: [GC (Allocation Failure) 2020-09-29T18:24:34.111+0200: 47.080: [ParNew: 587621K->52140K(613440K), 0.0236439 secs] 601541K->66060K(2029056K), 0.0237122 secs] [Times: user=0.25 sys=0.00, real=0.02 secs] 
2020-09-29T18:24:34.191+0200: 47.161: [GC (Allocation Failure) 2020-09-29T18:24:34.191+0200: 47.161: [ParNew: 597484K->33642K(613440K), 0.0238173 secs] 611404K->47562K(2029056K), 0.0238846 secs] [Times: user=0.25 sys=0.00, real=0.02 secs] 
2020-09-29T18:24:34.273+0200: 47.242: [GC (Allocation Failure) 2020-09-29T18:24:34.273+0200: 47.243: [ParNew: 578986K->35965K(613440K), 0.0213764 secs] 592906K->49885K(2029056K), 0.0214445 secs] [Times: user=0.13 sys=0.00, real=0.02 secs] 
2020-09-29T18:24:34.345+0200: 47.315: [GC (Allocation Failure) 2020-09-29T18:24:34.345+0200: 47.315: [ParNew: 581309K->59319K(613440K), 0.0286608 secs] 595229K->73239K(2029056K), 0.0287619 secs] [Times: user=0.22 sys=0.00, real=0.03 secs] 
2020-09-29T18:24:34.430+0200: 47.400: [GC (Allocation Failure) 2020-09-29T18:24:34.430+0200: 47.400: [ParNew: 604663K->36685K(613440K), 0.0182016 secs] 618583K->50605K(2029056K), 0.0182758 secs] [Times: user=0.13 sys=0.00, real=0.02 secs] 
2020-09-29T18:24:34.504+0200: 47.474: [GC (Allocation Failure) 2020-09-29T18:24:34.504+0200: 47.474: [ParNew: 582029K->22956K(613440K), 0.0144772 secs] 595949K->36876K(2029056K), 0.0145467 secs] [Times: user=0.13 sys=0.00, real=0.01 secs] 
2020-09-29T18:24:34.573+0200: 47.543: [GC (Allocation Failure) 2020-09-29T18:24:34.573+0200: 47.543: [ParNew: 568300K->38882K(613440K), 0.0225271 secs] 582220K->52802K(2029056K), 0.0226029 secs] [Times: user=0.11 sys=0.00, real=0.02 secs] 
2020-09-29T18:24:34.652+0200: 47.622: [GC (Allocation Failure) 2020-09-29T18:24:34.652+0200: 47.622: [ParNew: 584226K->35773K(613440K), 0.0205445 secs] 598146K->49693K(2029056K), 0.0206224 secs] [Times: user=0.13 sys=0.00, real=0.02 secs] 
2020-09-29T18:24:34.721+0200: 47.691: [GC (Allocation Failure) 2020-09-29T18:24:34.721+0200: 47.691: [ParNew: 581117K->55080K(613440K), 0.0278858 secs] 595037K->69000K(2029056K), 0.0279629 secs] [Times: user=0.25 sys=0.00, real=0.03 secs] 
2020-09-29T18:24:34.801+0200: 47.770: [GC (Allocation Failure) 2020-09-29T18:24:34.801+0200: 47.770: [ParNew: 600424K->45663K(613440K), 0.0271078 secs] 614344K->59583K(2029056K), 0.0271787 secs] [Times: user=0.25 sys=0.00, real=0.03 secs] 
2020-09-29T18:24:34.876+0200: 47.845: [GC (Allocation Failure) 2020-09-29T18:24:34.876+0200: 47.845: [ParNew: 591007K->46367K(613440K), 0.0262791 secs] 604927K->60287K(2029056K), 0.0263670 secs] [Times: user=0.25 sys=0.00, real=0.03 secs] 
2020-09-29T18:24:34.950+0200: 47.919: [GC (Allocation Failure) 2020-09-29T18:24:34.950+0200: 47.919: [ParNew: 591711K->41153K(613440K), 0.0157294 secs] 605631K->55073K(2029056K), 0.0157978 secs] [Times: user=0.13 sys=0.00, real=0.01 secs] 
2020-09-29T18:24:35.020+0200: 47.989: [GC (Allocation Failure) 2020-09-29T18:24:35.020+0200: 47.989: [ParNew: 586497K->42255K(613440K), 0.0237866 secs] 600417K->56175K(2029056K), 0.0238532 secs] [Times: user=0.25 sys=0.00, real=0.02 secs] 
2020-09-29T18:24:35.104+0200: 48.073: [GC (Allocation Failure) 2020-09-29T18:24:35.104+0200: 48.073: [ParNew: 587599K->40230K(613440K), 0.0234739 secs] 601519K->54150K(2029056K), 0.0235467 secs] [Times: user=0.13 sys=0.00, real=0.02 secs] 
2020-09-29T18:24:35.174+0200: 48.143: [GC (Allocation Failure) 2020-09-29T18:24:35.174+0200: 48.143: [ParNew: 585574K->58644K(613440K), 0.0294968 secs] 599494K->72564K(2029056K), 0.0295739 secs] [Times: user=0.25 sys=0.00, real=0.03 secs] 
2020-09-29T18:24:35.252+0200: 48.221: [GC (Allocation Failure) 2020-09-29T18:24:35.252+0200: 48.221: [ParNew: 603988K->37878K(613440K), 0.0202721 secs] 617908K->51798K(2029056K), 0.0203418 secs] [Times: user=0.25 sys=0.00, real=0.02 secs] 
2020-09-29T18:24:35.327+0200: 48.296: [GC (Allocation Failure) 2020-09-29T18:24:35.327+0200: 48.296: [ParNew: 583222K->41454K(613440K), 0.0257115 secs] 597142K->55374K(2029056K), 0.0258006 secs] [Times: user=0.25 sys=0.00, real=0.03 secs] 
2020-09-29T18:24:35.403+0200: 48.372: [GC (Allocation Failure) 2020-09-29T18:24:35.403+0200: 48.372: [ParNew: 586798K->51355K(613440K), 0.0253605 secs] 600718K->65275K(2029056K), 0.0328167 secs] [Times: user=0.25 sys=0.00, real=0.03 secs] 
2020-09-29T18:24:35.487+0200: 48.456: [GC (Allocation Failure) 2020-09-29T18:24:35.487+0200: 48.456: [ParNew: 596699K->64986K(613440K), 0.0318499 secs] 610619K->78906K(2029056K), 0.0319220 secs] [Times: user=0.25 sys=0.00, real=0.03 secs] 
2020-09-29T18:24:35.568+0200: 48.538: [GC (Allocation Failure) 2020-09-29T18:24:35.568+0200: 48.538: [ParNew: 610330K->45115K(613440K), 0.0313680 secs] 624250K->59035K(2029056K), 0.0314590 secs] [Times: user=0.25 sys=0.00, real=0.03 secs] 
2020-09-29T18:24:35.648+0200: 48.617: [GC (Allocation Failure) 2020-09-29T18:24:35.648+0200: 48.617: [ParNew: 590459K->47795K(613440K), 0.0279349 secs] 604379K->61715K(2029056K), 0.0280071 secs] [Times: user=0.13 sys=0.00, real=0.03 secs] 
2020-09-29T18:24:35.730+0200: 48.699: [GC (Allocation Failure) 2020-09-29T18:24:35.730+0200: 48.699: [ParNew: 593139K->41759K(613440K), 0.0204009 secs] 607059K->55679K(2029056K), 0.0204676 secs] [Times: user=0.13 sys=0.00, real=0.02 secs] 
2020-09-29T18:24:35.808+0200: 48.778: [GC (Allocation Failure) 2020-09-29T18:24:35.808+0200: 48.778: [ParNew: 587103K->54446K(613440K), 0.0334460 secs] 601023K->68365K(2029056K), 0.0335148 secs] [Times: user=0.25 sys=0.00, real=0.03 secs] 
2020-09-29T18:24:35.889+0200: 48.859: [GC (Allocation Failure) 2020-09-29T18:24:35.890+0200: 48.859: [ParNew: 599790K->40249K(613440K), 0.0142130 secs] 613709K->54169K(2029056K), 0.0142913 secs] [Times: user=0.13 sys=0.00, real=0.02 secs] 
2020-09-29T18:24:35.952+0200: 48.921: [GC (Allocation Failure) 2020-09-29T18:24:35.952+0200: 48.921: [ParNew: 585593K->33218K(613440K), 0.0221908 secs] 599513K->47138K(2029056K), 0.0222812 secs] [Times: user=0.25 sys=0.00, real=0.02 secs] 
2020-09-29T18:24:36.024+0200: 48.993: [GC (Allocation Failure) 2020-09-29T18:24:36.024+0200: 48.993: [ParNew: 578562K->38191K(613440K), 0.0217803 secs] 592482K->52111K(2029056K), 0.0218499 secs] [Times: user=0.13 sys=0.00, real=0.02 secs] 
2020-09-29T18:24:36.099+0200: 49.069: [GC (Allocation Failure) 2020-09-29T18:24:36.099+0200: 49.069: [ParNew: 583535K->66237K(613440K), 0.0344973 secs] 597455K->80157K(2029056K), 0.0345649 secs] [Times: user=0.25 sys=0.00, real=0.04 secs] 
2020-09-29T18:24:36.184+0200: 49.153: [GC (Allocation Failure) 2020-09-29T18:24:36.184+0200: 49.153: [ParNew: 611581K->49366K(613440K), 0.0251629 secs] 625501K->63286K(2029056K), 0.0252362 secs] [Times: user=0.25 sys=0.00, real=0.03 secs] 
2020-09-29T18:24:36.256+0200: 49.225: [GC (Allocation Failure) 2020-09-29T18:24:36.256+0200: 49.226: [ParNew: 594710K->40167K(613440K), 0.0239525 secs] 608630K->54087K(2029056K), 0.0240164 secs] [Times: user=0.13 sys=0.00, real=0.02 secs] 
2020-09-29T18:24:36.330+0200: 49.299: [GC (Allocation Failure) 2020-09-29T18:24:36.330+0200: 49.299: [ParNew: 585511K->61890K(613440K), 0.0291773 secs] 599431K->75810K(2029056K), 0.0292551 secs] [Times: user=0.25 sys=0.00, real=0.03 secs] 
2020-09-29T18:24:36.407+0200: 49.377: [GC (Allocation Failure) 2020-09-29T18:24:36.407+0200: 49.377: [ParNew: 607234K->47796K(613440K), 0.0285570 secs] 621154K->61716K(2029056K), 0.0286303 secs] [Times: user=0.25 sys=0.00, real=0.03 secs] 
2020-09-29T18:24:36.490+0200: 49.459: [GC (Allocation Failure) 2020-09-29T18:24:36.490+0200: 49.459: [ParNew: 593140K->40686K(613440K), 0.0204535 secs] 607060K->54606K(2029056K), 0.0205394 secs] [Times: user=0.13 sys=0.00, real=0.02 secs] 
2020-09-29T18:24:36.573+0200: 49.542: [GC (Allocation Failure) 2020-09-29T18:24:36.573+0200: 49.543: [ParNew: 586030K->34655K(613440K), 0.0204799 secs] 599950K->48575K(2029056K), 0.0205495 secs] [Times: user=0.11 sys=0.00, real=0.02 secs] 
2020-09-29T18:24:36.653+0200: 49.622: [GC (Allocation Failure) 2020-09-29T18:24:36.653+0200: 49.622: [ParNew: 579999K->38813K(613440K), 0.0250014 secs] 593919K->52733K(2029056K), 0.0250702 secs] [Times: user=0.25 sys=0.00, real=0.02 secs] 
2020-09-29T18:24:36.730+0200: 49.699: [GC (Allocation Failure) 2020-09-29T18:24:36.730+0200: 49.699: [ParNew: 584157K->27603K(613440K), 0.0171307 secs] 598077K->41523K(2029056K), 0.0172028 secs] [Times: user=0.13 sys=0.00, real=0.02 secs] 
2020-09-29T18:24:36.802+0200: 49.771: [GC (Allocation Failure) 2020-09-29T18:24:36.802+0200: 49.771: [ParNew: 572947K->41718K(613440K), 0.0230355 secs] 586867K->55638K(2029056K), 0.0231184 secs] [Times: user=0.13 sys=0.00, real=0.02 secs] 
2020-09-29T18:24:36.880+0200: 49.850: [GC (Allocation Failure) 2020-09-29T18:24:36.880+0200: 49.850: [ParNew: 587062K->54985K(613440K), 0.0313711 secs] 600982K->68905K(2029056K), 0.0314503 secs] [Times: user=0.25 sys=0.00, real=0.03 secs] 
2020-09-29T18:24:36.958+0200: 49.928: [GC (Allocation Failure) 2020-09-29T18:24:36.959+0200: 49.928: [ParNew: 600329K->54832K(613440K), 0.0297795 secs] 614249K->68752K(2029056K), 0.0298565 secs] [Times: user=0.13 sys=0.00, real=0.03 secs] 
2020-09-29T18:24:37.037+0200: 50.007: [GC (Allocation Failure) 2020-09-29T18:24:37.038+0200: 50.007: [ParNew: 600176K->42365K(613440K), 0.0201245 secs] 614096K->56285K(2029056K), 0.0202002 secs] [Times: user=0.13 sys=0.00, real=0.02 secs] 
2020-09-29T18:24:37.107+0200: 50.077: [GC (Allocation Failure) 2020-09-29T18:24:37.107+0200: 50.077: [ParNew: 587709K->56296K(613440K), 0.0341223 secs] 601629K->70216K(2029056K), 0.0341935 secs] [Times: user=0.25 sys=0.00, real=0.03 secs] 
2020-09-29T18:24:37.189+0200: 50.159: [GC (Allocation Failure) 2020-09-29T18:24:37.189+0200: 50.159: [ParNew: 601640K->44864K(613440K), 0.0262584 secs] 615560K->58783K(2029056K), 0.0263290 secs] [Times: user=0.25 sys=0.00, real=0.03 secs] 
2020-09-29T18:24:37.267+0200: 50.237: [GC (Allocation Failure) 2020-09-29T18:24:37.267+0200: 50.237: [ParNew: 590208K->39974K(613440K), 0.0241569 secs] 604127K->53894K(2029056K), 0.0242280 secs] [Times: user=0.25 sys=0.00, real=0.02 secs] 
2020-09-29T18:24:37.343+0200: 50.313: [GC (Allocation Failure) 2020-09-29T18:24:37.343+0200: 50.313: [ParNew: 585318K->33116K(613440K), 0.0240849 secs] 599238K->47036K(2029056K), 0.0241600 secs] [Times: user=0.25 sys=0.00, real=0.02 secs] 
2020-09-29T18:24:37.423+0200: 50.393: [GC (Allocation Failure) 2020-09-29T18:24:37.423+0200: 50.393: [ParNew: 578460K->36137K(613440K), 0.0192450 secs] 592380K->50057K(2029056K), 0.0193146 secs] [Times: user=0.22 sys=0.02, real=0.02 secs] 
2020-09-29T18:24:37.496+0200: 50.466: [GC (Allocation Failure) 2020-09-29T18:24:37.496+0200: 50.466: [ParNew: 581481K->30123K(613440K), 0.0191562 secs] 595401K->44042K(2029056K), 0.0192259 secs] [Times: user=0.13 sys=0.00, real=0.02 secs] 
2020-09-29T18:24:37.572+0200: 50.541: [GC (Allocation Failure) 2020-09-29T18:24:37.572+0200: 50.541: [ParNew: 575467K->66853K(613440K), 0.0353846 secs] 589386K->80773K(2029056K), 0.0354859 secs] [Times: user=0.20 sys=0.00, real=0.04 secs] 
2020-09-29T18:24:37.658+0200: 50.627: [GC (Allocation Failure) 2020-09-29T18:24:37.658+0200: 50.627: [ParNew: 612197K->43253K(613440K), 0.0196207 secs] 626117K->57173K(2029056K), 0.0197007 secs] [Times: user=0.22 sys=0.00, real=0.02 secs] 
2020-09-29T18:24:37.741+0200: 50.710: [GC (Allocation Failure) 2020-09-29T18:24:37.741+0200: 50.710: [ParNew: 588597K->56311K(613440K), 0.0324896 secs] 602517K->70231K(2029056K), 0.0325637 secs] [Times: user=0.25 sys=0.00, real=0.03 secs] 
2020-09-29T18:24:37.828+0200: 50.798: [GC (Allocation Failure) 2020-09-29T18:24:37.828+0200: 50.798: [ParNew: 601655K->42576K(613440K), 0.0238559 secs] 615575K->56496K(2029056K), 0.0239461 secs] [Times: user=0.25 sys=0.00, real=0.02 secs] 
2020-09-29T18:24:37.905+0200: 50.875: [GC (Allocation Failure) 2020-09-29T18:24:37.905+0200: 50.875: [ParNew: 587920K->63105K(613440K), 0.0296825 secs] 601840K->77025K(2029056K), 0.0297519 secs] [Times: user=0.25 sys=0.00, real=0.03 secs] 
2020-09-29T18:24:37.988+0200: 50.957: [GC (Allocation Failure) 2020-09-29T18:24:37.988+0200: 50.957: [ParNew: 608449K->48402K(613440K), 0.0218987 secs] 622369K->62322K(2029056K), 0.0219681 secs] [Times: user=0.25 sys=0.00, real=0.02 secs] 
2020-09-29T18:24:38.065+0200: 51.035: [GC (Allocation Failure) 2020-09-29T18:24:38.065+0200: 51.035: [ParNew: 593746K->61426K(613440K), 0.0370498 secs] 607666K->75346K(2029056K), 0.0371286 secs] [Times: user=0.38 sys=0.00, real=0.04 secs] 
2020-09-29T18:24:38.150+0200: 51.120: [GC (Allocation Failure) 2020-09-29T18:24:38.150+0200: 51.120: [ParNew: 606770K->53719K(613440K), 0.0276677 secs] 620690K->67639K(2029056K), 0.0277522 secs] [Times: user=0.25 sys=0.00, real=0.03 secs] 
2020-09-29T18:24:38.232+0200: 51.202: [GC (Allocation Failure) 2020-09-29T18:24:38.232+0200: 51.202: [ParNew: 599063K->68096K(613440K), 0.0344454 secs] 612983K->82996K(2029056K), 0.0345134 secs] [Times: user=0.25 sys=0.00, real=0.03 secs] 
2020-09-29T18:24:38.315+0200: 51.285: [GC (Allocation Failure) 2020-09-29T18:24:38.315+0200: 51.285: [ParNew: 613440K->68096K(613440K), 0.0330625 secs] 628340K->83132K(2029056K), 0.0331380 secs] [Times: user=0.38 sys=0.00, real=0.03 secs] 
2020-09-29T18:24:38.396+0200: 51.366: [GC (Allocation Failure) 2020-09-29T18:24:38.396+0200: 51.366: [ParNew: 613440K->43215K(613440K), 0.0169024 secs] 628476K->58251K(2029056K), 0.0169746 secs] [Times: user=0.06 sys=0.00, real=0.02 secs] 
2020-09-29T18:24:38.472+0200: 51.442: [GC (Allocation Failure) 2020-09-29T18:24:38.472+0200: 51.442: [ParNew: 588559K->50855K(613440K), 0.0304992 secs] 603595K->65891K(2029056K), 0.0305735 secs] [Times: user=0.25 sys=0.00, real=0.03 secs] 
2020-09-29T18:24:38.551+0200: 51.521: [GC (Allocation Failure) 2020-09-29T18:24:38.551+0200: 51.521: [ParNew: 596199K->66460K(613440K), 0.0293632 secs] 611235K->81496K(2029056K), 0.0294522 secs] [Times: user=0.13 sys=0.00, real=0.03 secs] 
2020-09-29T18:24:38.632+0200: 51.602: [GC (Allocation Failure) 2020-09-29T18:24:38.632+0200: 51.602: [ParNew: 611804K->49517K(613440K), 0.0300324 secs] 626840K->64553K(2029056K), 0.0301020 secs] [Times: user=0.22 sys=0.00, real=0.03 secs] 
2020-09-29T18:24:38.709+0200: 51.679: [GC (Allocation Failure) 2020-09-29T18:24:38.709+0200: 51.679: [ParNew: 594861K->38631K(613440K), 0.0192099 secs] 609897K->53668K(2029056K), 0.0192801 secs] [Times: user=0.13 sys=0.00, real=0.02 secs] 
2020-09-29T18:24:38.783+0200: 51.753: [GC (Allocation Failure) 2020-09-29T18:24:38.783+0200: 51.753: [ParNew: 583975K->37926K(613440K), 0.0251974 secs] 599012K->52963K(2029056K), 0.0252673 secs] [Times: user=0.24 sys=0.00, real=0.03 secs] 
2020-09-29T18:24:38.863+0200: 51.833: [GC (Allocation Failure) 2020-09-29T18:24:38.863+0200: 51.834: [ParNew: 583270K->52432K(613440K), 0.0242206 secs] 598307K->67468K(2029056K), 0.0243004 secs] [Times: user=0.13 sys=0.00, real=0.03 secs] 
2020-09-29T18:24:38.936+0200: 51.907: [GC (Allocation Failure) 2020-09-29T18:24:38.936+0200: 51.907: [ParNew: 597776K->33972K(613440K), 0.0241563 secs] 612812K->49008K(2029056K), 0.0242420 secs] [Times: user=0.22 sys=0.00, real=0.02 secs] 
2020-09-29T18:24:39.009+0200: 51.979: [GC (Allocation Failure) 2020-09-29T18:24:39.009+0200: 51.979: [ParNew: 579316K->29759K(613440K), 0.0145712 secs] 594352K->44795K(2029056K), 0.0146427 secs] [Times: user=0.13 sys=0.00, real=0.01 secs] 
2020-09-29T18:24:39.081+0200: 52.051: [GC (Allocation Failure) 2020-09-29T18:24:39.081+0200: 52.051: [ParNew: 575103K->29518K(613440K), 0.0145858 secs] 590139K->44554K(2029056K), 0.0146628 secs] [Times: user=0.13 sys=0.00, real=0.01 secs] 
2020-09-29T18:24:39.145+0200: 52.115: [GC (Allocation Failure) 2020-09-29T18:24:39.145+0200: 52.115: [ParNew: 574862K->43092K(613440K), 0.0184038 secs] 589898K->58129K(2029056K), 0.0184620 secs] [Times: user=0.13 sys=0.00, real=0.02 secs] 
2020-09-29T18:24:39.210+0200: 52.180: [GC (Allocation Failure) 2020-09-29T18:24:39.210+0200: 52.180: [ParNew: 588436K->45306K(613440K), 0.0175367 secs] 603473K->60342K(2029056K), 0.0176193 secs] [Times: user=0.13 sys=0.00, real=0.02 secs] 
2020-09-29T18:24:39.278+0200: 52.248: [GC (Allocation Failure) 2020-09-29T18:24:39.278+0200: 52.248: [ParNew: 590650K->61501K(613440K), 0.0216048 secs] 605686K->76538K(2029056K), 0.0216765 secs] [Times: user=0.13 sys=0.00, real=0.02 secs] 
2020-09-29T18:24:39.348+0200: 52.318: [GC (Allocation Failure) 2020-09-29T18:24:39.348+0200: 52.318: [ParNew: 606845K->39216K(613440K), 0.0080999 secs] 621882K->54253K(2029056K), 0.0081553 secs] [Times: user=0.00 sys=0.00, real=0.01 secs] 
2020-09-29T18:24:39.406+0200: 52.375: [GC (Allocation Failure) 2020-09-29T18:24:39.406+0200: 52.375: [ParNew: 584560K->28219K(613440K), 0.0142236 secs] 599597K->43255K(2029056K), 0.0142814 secs] [Times: user=0.13 sys=0.00, real=0.01 secs] 
2020-09-29T18:24:39.473+0200: 52.443: [GC (Allocation Failure) 2020-09-29T18:24:39.473+0200: 52.443: [ParNew: 573563K->40307K(613440K), 0.0198157 secs] 588599K->55344K(2029056K), 0.0198871 secs] [Times: user=0.13 sys=0.00, real=0.02 secs] 
2020-09-29T18:24:39.542+0200: 52.511: [GC (Allocation Failure) 2020-09-29T18:24:39.542+0200: 52.511: [ParNew: 585651K->33043K(613440K), 0.0126069 secs] 600688K->48079K(2029056K), 0.0126697 secs] [Times: user=0.13 sys=0.00, real=0.01 secs] 
2020-09-29T18:24:39.604+0200: 52.574: [GC (Allocation Failure) 2020-09-29T18:24:39.604+0200: 52.574: [ParNew: 578387K->56791K(613440K), 0.0226909 secs] 593423K->71828K(2029056K), 0.0227633 secs] [Times: user=0.13 sys=0.00, real=0.02 secs] 
2020-09-29T18:24:39.677+0200: 52.647: [GC (Allocation Failure) 2020-09-29T18:24:39.677+0200: 52.647: [ParNew: 602135K->36654K(613440K), 0.0106453 secs] 617172K->51691K(2029056K), 0.0107015 secs] [Times: user=0.00 sys=0.00, real=0.01 secs] 
2020-09-29T18:24:39.741+0200: 52.711: [GC (Allocation Failure) 2020-09-29T18:24:39.741+0200: 52.711: [ParNew: 581998K->30677K(613440K), 0.0146255 secs] 597035K->45713K(2029056K), 0.0146813 secs] [Times: user=0.13 sys=0.00, real=0.01 secs] 
2020-09-29T18:24:39.807+0200: 52.777: [GC (Allocation Failure) 2020-09-29T18:24:39.807+0200: 52.777: [ParNew: 576021K->42283K(613440K), 0.0199412 secs] 591057K->57320K(2029056K), 0.0200031 secs] [Times: user=0.13 sys=0.00, real=0.02 secs] 
2020-09-29T18:24:39.876+0200: 52.846: [GC (Allocation Failure) 2020-09-29T18:24:39.876+0200: 52.846: [ParNew: 587627K->39218K(613440K), 0.0190812 secs] 602664K->54254K(2029056K), 0.0191957 secs] [Times: user=0.25 sys=0.00, real=0.02 secs] 
2020-09-29T18:24:39.942+0200: 52.912: [GC (Allocation Failure) 2020-09-29T18:24:39.942+0200: 52.912: [ParNew: 584562K->39695K(613440K), 0.0169767 secs] 599598K->54732K(2029056K), 0.0170650 secs] [Times: user=0.13 sys=0.00, real=0.02 secs] 
2020-09-29T18:24:40.007+0200: 52.977: [GC (Allocation Failure) 2020-09-29T18:24:40.007+0200: 52.977: [ParNew: 585039K->35015K(613440K), 0.0103874 secs] 600076K->50051K(2029056K), 0.0104475 secs] [Times: user=0.00 sys=0.00, real=0.01 secs] 
2020-09-29T18:24:40.068+0200: 53.038: [GC (Allocation Failure) 2020-09-29T18:24:40.068+0200: 53.038: [ParNew: 580359K->31808K(613440K), 0.0152860 secs] 595395K->46844K(2029056K), 0.0153420 secs] [Times: user=0.13 sys=0.00, real=0.02 secs] 
2020-09-29T18:24:40.134+0200: 53.104: [GC (Allocation Failure) 2020-09-29T18:24:40.134+0200: 53.104: [ParNew: 577152K->44132K(613440K), 0.0160558 secs] 592188K->59169K(2029056K), 0.0161239 secs] [Times: user=0.13 sys=0.00, real=0.02 secs] 
2020-09-29T18:24:40.205+0200: 53.175: [GC (Allocation Failure) 2020-09-29T18:24:40.205+0200: 53.175: [ParNew: 589476K->48639K(613440K), 0.0196860 secs] 604513K->63676K(2029056K), 0.0197723 secs] [Times: user=0.25 sys=0.00, real=0.02 secs] 
2020-09-29T18:24:40.275+0200: 53.245: [GC (Allocation Failure) 2020-09-29T18:24:40.275+0200: 53.245: [ParNew: 593983K->60454K(613440K), 0.0196786 secs] 609020K->75491K(2029056K), 0.0197682 secs] [Times: user=0.13 sys=0.00, real=0.02 secs] 
2020-09-29T18:24:40.344+0200: 53.313: [GC (Allocation Failure) 2020-09-29T18:24:40.344+0200: 53.313: [ParNew: 605798K->46650K(613440K), 0.0185872 secs] 620835K->61686K(2029056K), 0.0186547 secs] [Times: user=0.13 sys=0.00, real=0.02 secs] 
2020-09-29T18:24:40.416+0200: 53.386: [GC (Allocation Failure) 2020-09-29T18:24:40.416+0200: 53.386: [ParNew: 591994K->64776K(613440K), 0.0241539 secs] 607030K->79812K(2029056K), 0.0242100 secs] [Times: user=0.13 sys=0.00, real=0.02 secs] 
2020-09-29T18:24:40.488+0200: 53.458: [GC (Allocation Failure) 2020-09-29T18:24:40.488+0200: 53.458: [ParNew: 610120K->68096K(613440K), 0.0239975 secs] 625156K->83155K(2029056K), 0.0240834 secs] [Times: user=0.14 sys=0.00, real=0.03 secs] 
2020-09-29T18:24:40.559+0200: 53.529: [GC (Allocation Failure) 2020-09-29T18:24:40.560+0200: 53.529: [ParNew: 613440K->53627K(613440K), 0.0219497 secs] 628499K->68686K(2029056K), 0.0220404 secs] [Times: user=0.13 sys=0.00, real=0.02 secs] 
2020-09-29T18:24:40.632+0200: 53.602: [GC (Allocation Failure) 2020-09-29T18:24:40.632+0200: 53.602: [ParNew: 598971K->50859K(613440K), 0.0187142 secs] 614030K->65918K(2029056K), 0.0187863 secs] [Times: user=0.13 sys=0.00, real=0.02 secs] 
2020-09-29T18:24:40.698+0200: 53.668: [GC (Allocation Failure) 2020-09-29T18:24:40.698+0200: 53.668: [ParNew: 596203K->49164K(613440K), 0.0207899 secs] 611262K->64223K(2029056K), 0.0208446 secs] [Times: user=0.13 sys=0.00, real=0.02 secs] 
2020-09-29T18:24:40.768+0200: 53.737: [GC (Allocation Failure) 2020-09-29T18:24:40.768+0200: 53.737: [ParNew: 594508K->62789K(613440K), 0.0205194 secs] 609567K->77848K(2029056K), 0.0205937 secs] [Times: user=0.25 sys=0.00, real=0.02 secs] 
2020-09-29T18:24:40.840+0200: 53.809: [GC (Allocation Failure) 2020-09-29T18:24:40.840+0200: 53.810: [ParNew: 608133K->41287K(613440K), 0.0150509 secs] 623192K->56346K(2029056K), 0.0151059 secs] [Times: user=0.13 sys=0.00, real=0.02 secs] 
2020-09-29T18:24:40.902+0200: 53.872: [GC (Allocation Failure) 2020-09-29T18:24:40.902+0200: 53.872: [ParNew: 586631K->42949K(613440K), 0.0191239 secs] 601690K->58008K(2029056K), 0.0191905 secs] [Times: user=0.13 sys=0.00, real=0.02 secs] 
2020-09-29T18:24:40.968+0200: 53.938: [GC (Allocation Failure) 2020-09-29T18:24:40.968+0200: 53.938: [ParNew: 588293K->40971K(613440K), 0.0181769 secs] 603352K->56030K(2029056K), 0.0182311 secs] [Times: user=0.13 sys=0.00, real=0.02 secs] 
2020-09-29T18:24:41.037+0200: 54.007: [GC (Allocation Failure) 2020-09-29T18:24:41.037+0200: 54.007: [ParNew: 586315K->41184K(613440K), 0.0173895 secs] 601374K->56243K(2029056K), 0.0174462 secs] [Times: user=0.13 sys=0.00, real=0.02 secs] 
2020-09-29T18:24:41.103+0200: 54.073: [GC (Allocation Failure) 2020-09-29T18:24:41.103+0200: 54.073: [ParNew: 586528K->68096K(613440K), 0.0225773 secs] 601587K->83155K(2029056K), 0.0226567 secs] [Times: user=0.13 sys=0.00, real=0.02 secs] 
2020-09-29T18:24:41.175+0200: 54.144: [GC (Allocation Failure) 2020-09-29T18:24:41.175+0200: 54.144: [ParNew: 613440K->46120K(613440K), 0.0160429 secs] 628499K->61179K(2029056K), 0.0161000 secs] [Times: user=0.13 sys=0.00, real=0.02 secs] 
2020-09-29T18:24:41.241+0200: 54.211: [GC (Allocation Failure) 2020-09-29T18:24:41.241+0200: 54.211: [ParNew: 591464K->32815K(613440K), 0.0142478 secs] 606523K->47874K(2029056K), 0.0143032 secs] [Times: user=0.13 sys=0.00, real=0.01 secs] 
2020-09-29T18:24:41.307+0200: 54.277: [GC (Allocation Failure) 2020-09-29T18:24:41.307+0200: 54.277: [ParNew: 578159K->52191K(613440K), 0.0196749 secs] 593218K->67250K(2029056K), 0.0197502 secs] [Times: user=0.13 sys=0.00, real=0.02 secs] 
2020-09-29T18:24:41.374+0200: 54.344: [GC (Allocation Failure) 2020-09-29T18:24:41.374+0200: 54.344: [ParNew: 597535K->40644K(613440K), 0.0186593 secs] 612594K->55703K(2029056K), 0.0187327 secs] [Times: user=0.13 sys=0.00, real=0.02 secs] 
2020-09-29T18:24:41.443+0200: 54.413: [GC (Allocation Failure) 2020-09-29T18:24:41.443+0200: 54.413: [ParNew: 585988K->41522K(613440K), 0.0169009 secs] 601047K->56581K(2029056K), 0.0169554 secs] [Times: user=0.13 sys=0.00, real=0.02 secs] 
2020-09-29T18:24:41.508+0200: 54.478: [GC (Allocation Failure) 2020-09-29T18:24:41.508+0200: 54.478: [ParNew: 586866K->64870K(613440K), 0.0219557 secs] 601925K->79929K(2029056K), 0.0220340 secs] [Times: user=0.13 sys=0.00, real=0.02 secs] 
2020-09-29T18:24:41.579+0200: 54.549: [GC (Allocation Failure) 2020-09-29T18:24:41.579+0200: 54.549: [ParNew: 610214K->68096K(613440K), 0.0219388 secs] 625273K->83155K(2029056K), 0.0220173 secs] [Times: user=0.25 sys=0.00, real=0.02 secs] 
2020-09-29T18:24:41.649+0200: 54.619: [GC (Allocation Failure) 2020-09-29T18:24:41.649+0200: 54.619: [ParNew: 613440K->53307K(613440K), 0.0207226 secs] 628499K->68366K(2029056K), 0.0208010 secs] [Times: user=0.13 sys=0.00, real=0.02 secs] 
2020-09-29T18:24:41.719+0200: 54.689: [GC (Allocation Failure) 2020-09-29T18:24:41.719+0200: 54.689: [ParNew: 598651K->44337K(613440K), 0.0206601 secs] 613710K->59396K(2029056K), 0.0207246 secs] [Times: user=0.25 sys=0.00, real=0.02 secs] 
2020-09-29T18:24:41.787+0200: 54.757: [GC (Allocation Failure) 2020-09-29T18:24:41.787+0200: 54.757: [ParNew: 589681K->46725K(613440K), 0.0194335 secs] 604740K->61784K(2029056K), 0.0194886 secs] [Times: user=0.13 sys=0.00, real=0.02 secs] 
2020-09-29T18:24:41.854+0200: 54.824: [GC (Allocation Failure) 2020-09-29T18:24:41.854+0200: 54.824: [ParNew: 592069K->68096K(613440K), 0.0247508 secs] 607128K->83662K(2029056K), 0.0248253 secs] [Times: user=0.25 sys=0.00, real=0.02 secs] 
2020-09-29T18:24:41.925+0200: 54.895: [GC (Allocation Failure) 2020-09-29T18:24:41.925+0200: 54.895: [ParNew: 613440K->54384K(613440K), 0.0180292 secs] 629006K->69951K(2029056K), 0.0180827 secs] [Times: user=0.25 sys=0.00, real=0.02 secs] 
2020-09-29T18:24:41.991+0200: 54.961: [GC (Allocation Failure) 2020-09-29T18:24:41.991+0200: 54.961: [ParNew: 599244K->36804K(613440K), 0.0110752 secs] 614810K->52370K(2029056K), 0.0111307 secs] [Times: user=0.00 sys=0.00, real=0.01 secs] 
2020-09-29T18:24:42.053+0200: 55.023: [GC (Allocation Failure) 2020-09-29T18:24:42.053+0200: 55.023: [ParNew: 582148K->45304K(613440K), 0.0204925 secs] 597714K->60871K(2029056K), 0.0205511 secs] [Times: user=0.13 sys=0.00, real=0.02 secs] 
2020-09-29T18:24:42.122+0200: 55.092: [GC (Allocation Failure) 2020-09-29T18:24:42.122+0200: 55.092: [ParNew: 590648K->39402K(613440K), 0.0154356 secs] 606215K->54968K(2029056K), 0.0154995 secs] [Times: user=0.13 sys=0.00, real=0.02 secs] 
2020-09-29T18:24:42.185+0200: 55.155: [GC (Allocation Failure) 2020-09-29T18:24:42.185+0200: 55.155: [ParNew: 584746K->54639K(613440K), 0.0200739 secs] 600312K->70206K(2029056K), 0.0201283 secs] [Times: user=0.13 sys=0.00, real=0.02 secs] 
2020-09-29T18:24:42.255+0200: 55.225: [GC (Allocation Failure) 2020-09-29T18:24:42.255+0200: 55.225: [ParNew: 599983K->40332K(613440K), 0.0166743 secs] 615550K->55898K(2029056K), 0.0167486 secs] [Times: user=0.13 sys=0.00, real=0.02 secs] 
2020-09-29T18:24:42.319+0200: 55.289: [GC (Allocation Failure) 2020-09-29T18:24:42.319+0200: 55.289: [ParNew: 585676K->61550K(613440K), 0.0210522 secs] 601242K->77116K(2029056K), 0.0211095 secs] [Times: user=0.13 sys=0.00, real=0.02 secs] 
2020-09-29T18:24:42.389+0200: 55.359: [GC (Allocation Failure) 2020-09-29T18:24:42.389+0200: 55.359: [ParNew: 606894K->47365K(613440K), 0.0149473 secs] 622460K->62931K(2029056K), 0.0150173 secs] [Times: user=0.13 sys=0.00, real=0.02 secs] 
2020-09-29T18:24:42.459+0200: 55.429: [GC (Allocation Failure) 2020-09-29T18:24:42.459+0200: 55.429: [ParNew: 592709K->42766K(613440K), 0.0199403 secs] 608275K->58333K(2029056K), 0.0199960 secs] [Times: user=0.13 sys=0.00, real=0.02 secs] 
2020-09-29T18:24:42.531+0200: 55.501: [GC (Allocation Failure) 2020-09-29T18:24:42.531+0200: 55.501: [ParNew: 588110K->59297K(613440K), 0.0196984 secs] 603677K->74863K(2029056K), 0.0197620 secs] [Times: user=0.25 sys=0.00, real=0.02 secs] 
2020-09-29T18:24:42.604+0200: 55.574: [GC (Allocation Failure) 2020-09-29T18:24:42.604+0200: 55.574: [ParNew: 604641K->29723K(613440K), 0.0121566 secs] 620207K->45289K(2029056K), 0.0122152 secs] [Times: user=0.13 sys=0.00, real=0.01 secs] 
2020-09-29T18:24:42.669+0200: 55.639: [GC (Allocation Failure) 2020-09-29T18:24:42.669+0200: 55.639: [ParNew: 575067K->23351K(613440K), 0.0122622 secs] 590633K->38917K(2029056K), 0.0123399 secs] [Times: user=0.13 sys=0.00, real=0.01 secs] 
2020-09-29T18:24:42.742+0200: 55.712: [GC (Allocation Failure) 2020-09-29T18:24:42.742+0200: 55.712: [ParNew: 568695K->60842K(613440K), 0.0224454 secs] 584261K->76408K(2029056K), 0.0225172 secs] [Times: user=0.13 sys=0.00, real=0.02 secs] 
2020-09-29T18:24:42.812+0200: 55.782: [GC (Allocation Failure) 2020-09-29T18:24:42.812+0200: 55.782: [ParNew: 606186K->68096K(613440K), 0.0221331 secs] 621752K->83662K(2029056K), 0.0221981 secs] [Times: user=0.25 sys=0.00, real=0.02 secs] 
2020-09-29T18:24:42.882+0200: 55.852: [GC (Allocation Failure) 2020-09-29T18:24:42.882+0200: 55.852: [ParNew: 613440K->48558K(613440K), 0.0213128 secs] 629006K->64124K(2029056K), 0.0213768 secs] [Times: user=0.13 sys=0.00, real=0.02 secs] 
2020-09-29T18:24:42.949+0200: 55.919: [GC (Allocation Failure) 2020-09-29T18:24:42.949+0200: 55.919: [ParNew: 593902K->48645K(613440K), 0.0211331 secs] 609468K->64211K(2029056K), 0.0212037 secs] [Times: user=0.13 sys=0.00, real=0.02 secs] 
2020-09-29T18:24:43.018+0200: 55.988: [GC (Allocation Failure) 2020-09-29T18:24:43.018+0200: 55.988: [ParNew: 593989K->52416K(613440K), 0.0195710 secs] 609555K->67982K(2029056K), 0.0196318 secs] [Times: user=0.25 sys=0.00, real=0.02 secs] 
2020-09-29T18:24:43.089+0200: 56.059: [GC (Allocation Failure) 2020-09-29T18:24:43.089+0200: 56.059: [ParNew: 597760K->47174K(613440K), 0.0197904 secs] 613326K->62741K(2029056K), 0.0198598 secs] [Times: user=0.13 sys=0.00, real=0.02 secs] 
2020-09-29T18:24:43.158+0200: 56.128: [GC (Allocation Failure) 2020-09-29T18:24:43.158+0200: 56.128: [ParNew: 592518K->43571K(613440K), 0.0184255 secs] 608085K->59137K(2029056K), 0.0184799 secs] [Times: user=0.25 sys=0.00, real=0.02 secs] 
2020-09-29T18:24:43.225+0200: 56.195: [GC (Allocation Failure) 2020-09-29T18:24:43.225+0200: 56.195: [ParNew: 588915K->39597K(613440K), 0.0176481 secs] 604481K->55163K(2029056K), 0.0177230 secs] [Times: user=0.13 sys=0.00, real=0.02 secs] 
2020-09-29T18:24:43.300+0200: 56.270: [GC (Allocation Failure) 2020-09-29T18:24:43.300+0200: 56.270: [ParNew: 584941K->39265K(613440K), 0.0183708 secs] 600507K->54832K(2029056K), 0.0184527 secs] [Times: user=0.25 sys=0.00, real=0.02 secs] 
2020-09-29T18:24:43.372+0200: 56.342: [GC (Allocation Failure) 2020-09-29T18:24:43.372+0200: 56.342: [ParNew: 584609K->39003K(613440K), 0.0179187 secs] 600176K->54569K(2029056K), 0.0179812 secs] [Times: user=0.13 sys=0.00, real=0.02 secs] 
2020-09-29T18:24:43.452+0200: 56.422: [GC (Allocation Failure) 2020-09-29T18:24:43.452+0200: 56.422: [ParNew: 584347K->35598K(613440K), 0.0167344 secs] 599913K->51164K(2029056K), 0.0167960 secs] [Times: user=0.13 sys=0.00, real=0.02 secs] 
2020-09-29T18:24:43.518+0200: 56.488: [GC (Allocation Failure) 2020-09-29T18:24:43.518+0200: 56.488: [ParNew: 580942K->37792K(613440K), 0.0138872 secs] 596508K->53358K(2029056K), 0.0139439 secs] [Times: user=0.13 sys=0.00, real=0.01 secs] 
2020-09-29T18:24:43.586+0200: 56.556: [GC (Allocation Failure) 2020-09-29T18:24:43.586+0200: 56.556: [ParNew: 583136K->60295K(613440K), 0.0256851 secs] 598702K->75861K(2029056K), 0.0331306 secs] [Times: user=0.13 sys=0.00, real=0.03 secs] 
2020-09-29T18:24:43.670+0200: 56.640: [GC (Allocation Failure) 2020-09-29T18:24:43.670+0200: 56.640: [ParNew: 605639K->68096K(613440K), 0.0251596 secs] 621205K->83662K(2029056K), 0.0252215 secs] [Times: user=0.25 sys=0.00, real=0.02 secs] 
2020-09-29T18:24:43.742+0200: 56.712: [GC (Allocation Failure) 2020-09-29T18:24:43.742+0200: 56.712: [ParNew: 613440K->62230K(613440K), 0.0244323 secs] 629006K->77797K(2029056K), 0.0244973 secs] [Times: user=0.13 sys=0.00, real=0.02 secs] 
2020-09-29T18:24:43.813+0200: 56.783: [GC (Allocation Failure) 2020-09-29T18:24:43.813+0200: 56.783: [ParNew: 607574K->48724K(613440K), 0.0173699 secs] 623141K->64291K(2029056K), 0.0174277 secs] [Times: user=0.13 sys=0.00, real=0.02 secs] 
2020-09-29T18:24:43.877+0200: 56.847: [GC (Allocation Failure) 2020-09-29T18:24:43.877+0200: 56.847: [ParNew: 594068K->65484K(613440K), 0.0220512 secs] 609635K->81050K(2029056K), 0.0221174 secs] [Times: user=0.25 sys=0.00, real=0.02 secs] 
2020-09-29T18:24:43.946+0200: 56.916: [GC (Allocation Failure) 2020-09-29T18:24:43.946+0200: 56.916: [ParNew: 610828K->50677K(613440K), 0.0213684 secs] 626394K->66243K(2029056K), 0.0214226 secs] [Times: user=0.13 sys=0.00, real=0.02 secs] 
2020-09-29T18:24:44.016+0200: 56.986: [GC (Allocation Failure) 2020-09-29T18:24:44.016+0200: 56.986: [ParNew: 596021K->46912K(613440K), 0.0157762 secs] 611587K->62479K(2029056K), 0.0158330 secs] [Times: user=0.13 sys=0.00, real=0.02 secs] 
2020-09-29T18:24:44.080+0200: 57.050: [GC (Allocation Failure) 2020-09-29T18:24:44.080+0200: 57.050: [ParNew: 592256K->45143K(613440K), 0.0205835 secs] 607823K->60709K(2029056K), 0.0206404 secs] [Times: user=0.25 sys=0.00, real=0.02 secs] 
2020-09-29T18:24:44.149+0200: 57.119: [GC (Allocation Failure) 2020-09-29T18:24:44.149+0200: 57.119: [ParNew: 590487K->60031K(613440K), 0.0201420 secs] 606053K->75597K(2029056K), 0.0202036 secs] [Times: user=0.13 sys=0.00, real=0.02 secs] 
2020-09-29T18:24:44.217+0200: 57.187: [GC (Allocation Failure) 2020-09-29T18:24:44.217+0200: 57.187: [ParNew: 605375K->43592K(613440K), 0.0190901 secs] 620941K->59158K(2029056K), 0.0191570 secs] [Times: user=0.13 sys=0.00, real=0.02 secs] 
2020-09-29T18:24:44.284+0200: 57.254: [GC (Allocation Failure) 2020-09-29T18:24:44.284+0200: 57.254: [ParNew: 588936K->43251K(613440K), 0.0181301 secs] 604502K->58817K(2029056K), 0.0181840 secs] [Times: user=0.25 sys=0.00, real=0.02 secs] 
2020-09-29T18:24:44.350+0200: 57.320: [GC (Allocation Failure) 2020-09-29T18:24:44.350+0200: 57.320: [ParNew: 588595K->63327K(613440K), 0.0226529 secs] 604161K->78893K(2029056K), 0.0227288 secs] [Times: user=0.13 sys=0.00, real=0.02 secs] 
2020-09-29T18:24:44.421+0200: 57.391: [GC (Allocation Failure) 2020-09-29T18:24:44.421+0200: 57.391: [ParNew: 608671K->52615K(613440K), 0.0216678 secs] 624237K->68181K(2029056K), 0.0217279 secs] [Times: user=0.25 sys=0.00, real=0.02 secs] 
2020-09-29T18:24:44.489+0200: 57.459: [GC (Allocation Failure) 2020-09-29T18:24:44.489+0200: 57.459: [ParNew: 597959K->53883K(613440K), 0.0203523 secs] 613525K->69449K(2029056K), 0.0204127 secs] [Times: user=0.13 sys=0.00, real=0.02 secs] 
2020-09-29T18:24:44.558+0200: 57.528: [GC (Allocation Failure) 2020-09-29T18:24:44.558+0200: 57.528: [ParNew: 599227K->68096K(613440K), 0.0265491 secs] 614793K->85398K(2029056K), 0.0266084 secs] [Times: user=0.25 sys=0.00, real=0.03 secs] 
2020-09-29T18:24:44.633+0200: 57.603: [GC (Allocation Failure) 2020-09-29T18:24:44.633+0200: 57.603: [ParNew: 613440K->51443K(613440K), 0.0223900 secs] 630742K->68745K(2029056K), 0.0224425 secs] [Times: user=0.11 sys=0.00, real=0.02 secs] 
2020-09-29T18:24:44.703+0200: 57.673: [GC (Allocation Failure) 2020-09-29T18:24:44.703+0200: 57.673: [ParNew: 596787K->67144K(613440K), 0.0282468 secs] 614089K->84446K(2029056K), 0.0283166 secs] [Times: user=0.22 sys=0.00, real=0.03 secs] 
2020-09-29T18:24:44.779+0200: 57.749: [GC (Allocation Failure) 2020-09-29T18:24:44.779+0200: 57.749: [ParNew: 612488K->56643K(613440K), 0.0191598 secs] 629790K->73946K(2029056K), 0.0192303 secs] [Times: user=0.13 sys=0.00, real=0.02 secs] 
2020-09-29T18:24:44.847+0200: 57.817: [GC (Allocation Failure) 2020-09-29T18:24:44.847+0200: 57.817: [ParNew: 601987K->30307K(613440K), 0.0121108 secs] 619290K->47610K(2029056K), 0.0121640 secs] [Times: user=0.13 sys=0.00, real=0.01 secs] 
2020-09-29T18:24:44.912+0200: 57.882: [GC (Allocation Failure) 2020-09-29T18:24:44.912+0200: 57.882: [ParNew: 575651K->23233K(613440K), 0.0118881 secs] 592954K->40536K(2029056K), 0.0119487 secs] [Times: user=0.00 sys=0.00, real=0.01 secs] 
2020-09-29T18:24:44.977+0200: 57.947: [GC (Allocation Failure) 2020-09-29T18:24:44.977+0200: 57.947: [ParNew: 568577K->54403K(613440K), 0.0211455 secs] 585880K->71706K(2029056K), 0.0298683 secs] [Times: user=0.13 sys=0.00, real=0.03 secs] 
2020-09-29T18:24:45.064+0200: 58.035: [GC (Allocation Failure) 2020-09-29T18:24:45.064+0200: 58.035: [ParNew: 599747K->46465K(613440K), 0.0198352 secs] 617050K->63767K(2029056K), 0.0198969 secs] [Times: user=0.25 sys=0.00, real=0.02 secs] 
2020-09-29T18:24:45.133+0200: 58.103: [GC (Allocation Failure) 2020-09-29T18:24:45.133+0200: 58.103: [ParNew: 591809K->37853K(613440K), 0.0139267 secs] 609111K->55155K(2029056K), 0.0139809 secs] [Times: user=0.13 sys=0.00, real=0.01 secs] 
2020-09-29T18:24:45.193+0200: 58.163: [GC (Allocation Failure) 2020-09-29T18:24:45.193+0200: 58.163: [ParNew: 583197K->33010K(613440K), 0.0137498 secs] 600499K->50312K(2029056K), 0.0138065 secs] [Times: user=0.00 sys=0.00, real=0.01 secs] 
2020-09-29T18:24:45.257+0200: 58.227: [GC (Allocation Failure) 2020-09-29T18:24:45.257+0200: 58.227: [ParNew: 578354K->48679K(613440K), 0.0180887 secs] 595656K->65981K(2029056K), 0.0181487 secs] [Times: user=0.13 sys=0.00, real=0.02 secs] 
2020-09-29T18:24:45.324+0200: 58.295: [GC (Allocation Failure) 2020-09-29T18:24:45.325+0200: 58.295: [ParNew: 594023K->37450K(613440K), 0.0185764 secs] 611325K->54752K(2029056K), 0.0186516 secs] [Times: user=0.13 sys=0.00, real=0.02 secs] 
2020-09-29T18:24:45.390+0200: 58.360: [GC (Allocation Failure) 2020-09-29T18:24:45.390+0200: 58.360: [ParNew: 582794K->65941K(613440K), 0.0226928 secs] 600096K->83244K(2029056K), 0.0227583 secs] [Times: user=0.25 sys=0.00, real=0.02 secs] 
2020-09-29T18:24:45.460+0200: 58.430: [GC (Allocation Failure) 2020-09-29T18:24:45.460+0200: 58.430: [ParNew: 611285K->55066K(613440K), 0.0218175 secs] 628588K->72368K(2029056K), 0.0218833 secs] [Times: user=0.13 sys=0.00, real=0.02 secs] 
2020-09-29T18:24:45.529+0200: 58.499: [GC (Allocation Failure) 2020-09-29T18:24:45.529+0200: 58.499: [ParNew: 600410K->48342K(613440K), 0.0211983 secs] 617712K->65645K(2029056K), 0.0212530 secs] [Times: user=0.13 sys=0.00, real=0.02 secs] 
2020-09-29T18:24:45.598+0200: 58.568: [GC (Allocation Failure) 2020-09-29T18:24:45.598+0200: 58.568: [ParNew: 593686K->49186K(613440K), 0.0204310 secs] 610989K->66489K(2029056K), 0.0205025 secs] [Times: user=0.13 sys=0.00, real=0.02 secs] 
2020-09-29T18:24:45.668+0200: 58.638: [GC (Allocation Failure) 2020-09-29T18:24:45.668+0200: 58.638: [ParNew: 594530K->42902K(613440K), 0.0196539 secs] 611833K->60204K(2029056K), 0.0197277 secs] [Times: user=0.13 sys=0.00, real=0.02 secs] 
2020-09-29T18:24:45.735+0200: 58.706: [GC (Allocation Failure) 2020-09-29T18:24:45.735+0200: 58.706: [ParNew: 588246K->40217K(613440K), 0.0171138 secs] 605548K->57519K(2029056K), 0.0171683 secs] [Times: user=0.13 sys=0.00, real=0.02 secs] 
2020-09-29T18:24:45.806+0200: 58.777: [GC (Allocation Failure) 2020-09-29T18:24:45.806+0200: 58.777: [ParNew: 585561K->65864K(613440K), 0.0224887 secs] 602863K->83166K(2029056K), 0.0225442 secs] [Times: user=0.13 sys=0.00, real=0.02 secs] 
2020-09-29T18:24:45.875+0200: 58.846: [GC (Allocation Failure) 2020-09-29T18:24:45.876+0200: 58.846: [ParNew: 611208K->52238K(613440K), 0.0223730 secs] 628510K->69540K(2029056K), 0.0224770 secs] [Times: user=0.25 sys=0.00, real=0.02 secs] 
2020-09-29T18:24:45.944+0200: 58.915: [GC (Allocation Failure) 2020-09-29T18:24:45.944+0200: 58.915: [ParNew: 597582K->40348K(613440K), 0.0147877 secs] 614884K->57650K(2029056K), 0.0148593 secs] [Times: user=0.13 sys=0.00, real=0.02 secs] 
2020-09-29T18:24:46.006+0200: 58.977: [GC (Allocation Failure) 2020-09-29T18:24:46.006+0200: 58.977: [ParNew: 585692K->60173K(613440K), 0.0196392 secs] 602994K->77475K(2029056K), 0.0197074 secs] [Times: user=0.13 sys=0.00, real=0.02 secs] 
2020-09-29T18:24:46.076+0200: 59.046: [GC (Allocation Failure) 2020-09-29T18:24:46.076+0200: 59.046: [ParNew: 605517K->46448K(613440K), 0.0194374 secs] 622819K->63750K(2029056K), 0.0194964 secs] [Times: user=0.13 sys=0.00, real=0.02 secs] 
2020-09-29T18:24:46.145+0200: 59.115: [GC (Allocation Failure) 2020-09-29T18:24:46.145+0200: 59.115: [ParNew: 591792K->46658K(613440K), 0.0184589 secs] 609094K->63961K(2029056K), 0.0185129 secs] [Times: user=0.13 sys=0.00, real=0.02 secs] 
2020-09-29T18:24:46.216+0200: 59.186: [GC (Allocation Failure) 2020-09-29T18:24:46.216+0200: 59.186: [ParNew: 592002K->45240K(613440K), 0.0180586 secs] 609305K->62542K(2029056K), 0.0181147 secs] [Times: user=0.13 sys=0.00, real=0.02 secs] 
2020-09-29T18:24:46.281+0200: 59.251: [GC (Allocation Failure) 2020-09-29T18:24:46.281+0200: 59.251: [ParNew: 590584K->40845K(613440K), 0.0165739 secs] 607886K->58147K(2029056K), 0.0166432 secs] [Times: user=0.13 sys=0.00, real=0.02 secs] 
2020-09-29T18:24:46.344+0200: 59.314: [GC (Allocation Failure) 2020-09-29T18:24:46.344+0200: 59.314: [ParNew: 586189K->59584K(613440K), 0.0211128 secs] 603491K->76886K(2029056K), 0.0276123 secs] [Times: user=0.25 sys=0.00, real=0.03 secs] 
2020-09-29T18:24:46.422+0200: 59.391: [GC (Allocation Failure) 2020-09-29T18:24:46.422+0200: 59.392: [ParNew: 604928K->43610K(613440K), 0.0152941 secs] 622230K->60912K(2029056K), 0.0153775 secs] [Times: user=0.13 sys=0.00, real=0.02 secs] 
2020-09-29T18:24:46.485+0200: 59.454: [GC (Allocation Failure) 2020-09-29T18:24:46.485+0200: 59.454: [ParNew: 588954K->43989K(613440K), 0.0181996 secs] 606256K->61291K(2029056K), 0.0182691 secs] [Times: user=0.13 sys=0.00, real=0.02 secs] 
2020-09-29T18:24:46.552+0200: 59.521: [GC (Allocation Failure) 2020-09-29T18:24:46.552+0200: 59.521: [ParNew: 589333K->32577K(613440K), 0.0115463 secs] 606635K->49879K(2029056K), 0.0116169 secs] [Times: user=0.00 sys=0.00, real=0.01 secs] 
2020-09-29T18:24:46.626+0200: 59.595: [GC (Allocation Failure) 2020-09-29T18:24:46.626+0200: 59.595: [ParNew: 577921K->35026K(613440K), 0.0167240 secs] 595223K->52328K(2029056K), 0.0167822 secs] [Times: user=0.11 sys=0.00, real=0.02 secs] 
2020-09-29T18:24:46.691+0200: 59.660: [GC (Allocation Failure) 2020-09-29T18:24:46.691+0200: 59.660: [ParNew: 580370K->49791K(613440K), 0.0209804 secs] 597672K->67094K(2029056K), 0.0210354 secs] [Times: user=0.25 sys=0.00, real=0.02 secs] 
2020-09-29T18:24:46.760+0200: 59.729: [GC (Allocation Failure) 2020-09-29T18:24:46.760+0200: 59.729: [ParNew: 595135K->39914K(613440K), 0.0145412 secs] 612438K->57217K(2029056K), 0.0145995 secs] [Times: user=0.13 sys=0.00, real=0.02 secs] 
2020-09-29T18:24:46.825+0200: 59.794: [GC (Allocation Failure) 2020-09-29T18:24:46.825+0200: 59.794: [ParNew: 585258K->37623K(613440K), 0.0188030 secs] 602561K->54925K(2029056K), 0.0188616 secs] [Times: user=0.13 sys=0.00, real=0.02 secs] 
2020-09-29T18:24:46.892+0200: 59.862: [GC (Allocation Failure) 2020-09-29T18:24:46.892+0200: 59.862: [ParNew: 582967K->48738K(613440K), 0.0176780 secs] 600269K->66041K(2029056K), 0.0177471 secs] [Times: user=0.13 sys=0.00, real=0.02 secs] 
2020-09-29T18:24:46.958+0200: 59.928: [GC (Allocation Failure) 2020-09-29T18:24:46.958+0200: 59.928: [ParNew: 594082K->39240K(613440K), 0.0158896 secs] 611385K->56543K(2029056K), 0.0159590 secs] [Times: user=0.13 sys=0.00, real=0.02 secs] 
2020-09-29T18:24:47.031+0200: 60.000: [GC (Allocation Failure) 2020-09-29T18:24:47.031+0200: 60.000: [ParNew: 584584K->33816K(613440K), 0.0159450 secs] 601887K->51118K(2029056K), 0.0160234 secs] [Times: user=0.13 sys=0.00, real=0.02 secs] 
2020-09-29T18:24:47.095+0200: 60.064: [GC (Allocation Failure) 2020-09-29T18:24:47.095+0200: 60.064: [ParNew: 579160K->55209K(613440K), 0.0208023 secs] 596462K->72511K(2029056K), 0.0208577 secs] [Times: user=0.25 sys=0.00, real=0.02 secs] 
2020-09-29T18:24:47.162+0200: 60.131: [GC (Allocation Failure) 2020-09-29T18:24:47.162+0200: 60.131: [ParNew: 600553K->39008K(613440K), 0.0131483 secs] 617855K->56310K(2029056K), 0.0132045 secs] [Times: user=0.00 sys=0.00, real=0.01 secs] 
2020-09-29T18:24:47.236+0200: 60.205: [GC (Allocation Failure) 2020-09-29T18:24:47.236+0200: 60.205: [ParNew: 584352K->38834K(613440K), 0.0182350 secs] 601654K->56136K(2029056K), 0.0183049 secs] [Times: user=0.13 sys=0.00, real=0.02 secs] 
2020-09-29T18:24:47.303+0200: 60.272: [GC (Allocation Failure) 2020-09-29T18:24:47.303+0200: 60.272: [ParNew: 584178K->46152K(613440K), 0.0170272 secs] 601480K->63454K(2029056K), 0.0170870 secs] [Times: user=0.13 sys=0.00, real=0.02 secs] 
2020-09-29T18:24:47.369+0200: 60.338: [GC (Allocation Failure) 2020-09-29T18:24:47.369+0200: 60.338: [ParNew: 591496K->33499K(613440K), 0.0169937 secs] 608798K->50802K(2029056K), 0.0170654 secs] [Times: user=0.13 sys=0.00, real=0.02 secs] 
2020-09-29T18:24:47.435+0200: 60.404: [GC (Allocation Failure) 2020-09-29T18:24:47.435+0200: 60.404: [ParNew: 578843K->37530K(613440K), 0.0147066 secs] 596146K->54833K(2029056K), 0.0147728 secs] [Times: user=0.13 sys=0.00, real=0.01 secs] 
2020-09-29T18:24:47.503+0200: 60.473: [GC (Allocation Failure) 2020-09-29T18:24:47.503+0200: 60.473: [ParNew: 582874K->31885K(613440K), 0.0132905 secs] 600177K->49187K(2029056K), 0.0133474 secs] [Times: user=0.13 sys=0.00, real=0.01 secs] 
2020-09-29T18:24:47.563+0200: 60.533: [GC (Allocation Failure) 2020-09-29T18:24:47.563+0200: 60.533: [ParNew: 577229K->47549K(613440K), 0.0181662 secs] 594531K->64852K(2029056K), 0.0182558 secs] [Times: user=0.13 sys=0.00, real=0.02 secs] 
2020-09-29T18:24:47.631+0200: 60.600: [GC (Allocation Failure) 2020-09-29T18:24:47.631+0200: 60.600: [ParNew: 592893K->48886K(613440K), 0.0166341 secs] 610196K->66188K(2029056K), 0.0166920 secs] [Times: user=0.13 sys=0.00, real=0.02 secs] 
2020-09-29T18:24:47.697+0200: 60.666: [GC (Allocation Failure) 2020-09-29T18:24:47.697+0200: 60.666: [ParNew: 594230K->58199K(613440K), 0.0213061 secs] 611532K->75502K(2029056K), 0.0213717 secs] [Times: user=0.13 sys=0.00, real=0.02 secs] 
2020-09-29T18:24:47.767+0200: 60.737: [GC (Allocation Failure) 2020-09-29T18:24:47.767+0200: 60.737: [ParNew: 603543K->49825K(613440K), 0.0220159 secs] 620846K->67128K(2029056K), 0.0220967 secs] [Times: user=0.23 sys=0.00, real=0.02 secs] 
2020-09-29T18:24:47.839+0200: 60.809: [GC (Allocation Failure) 2020-09-29T18:24:47.839+0200: 60.809: [ParNew: 595169K->42129K(613440K), 0.0140217 secs] 612472K->59431K(2029056K), 0.0140799 secs] [Times: user=0.13 sys=0.00, real=0.01 secs] 
2020-09-29T18:24:47.902+0200: 60.872: [GC (Allocation Failure) 2020-09-29T18:24:47.902+0200: 60.872: [ParNew: 587473K->43025K(613440K), 0.0194032 secs] 604775K->60328K(2029056K), 0.0194587 secs] [Times: user=0.13 sys=0.00, real=0.02 secs] 
2020-09-29T18:24:47.973+0200: 60.943: [GC (Allocation Failure) 2020-09-29T18:24:47.973+0200: 60.943: [ParNew: 588369K->41413K(613440K), 0.0188240 secs] 605672K->58716K(2029056K), 0.0188867 secs] [Times: user=0.13 sys=0.00, real=0.02 secs] 
2020-09-29T18:24:48.045+0200: 61.015: [GC (Allocation Failure) 2020-09-29T18:24:48.045+0200: 61.015: [ParNew: 586757K->66493K(613440K), 0.0234288 secs] 604060K->83796K(2029056K), 0.0234882 secs] [Times: user=0.25 sys=0.00, real=0.02 secs] 
2020-09-29T18:24:48.117+0200: 61.086: [GC (Allocation Failure) 2020-09-29T18:24:48.117+0200: 61.086: [ParNew: 611837K->51312K(613440K), 0.0167621 secs] 629140K->68614K(2029056K), 0.0168167 secs] [Times: user=0.13 sys=0.00, real=0.02 secs] 
2020-09-29T18:24:48.183+0200: 61.153: [GC (Allocation Failure) 2020-09-29T18:24:48.183+0200: 61.153: [ParNew: 594814K->23547K(613440K), 0.0098711 secs] 612116K->40849K(2029056K), 0.0099273 secs] [Times: user=0.13 sys=0.00, real=0.01 secs] 
2020-09-29T18:24:48.248+0200: 61.218: [GC (Allocation Failure) 2020-09-29T18:24:48.248+0200: 61.218: [ParNew: 568891K->27676K(613440K), 0.0138148 secs] 586193K->44978K(2029056K), 0.0138704 secs] [Times: user=0.13 sys=0.00, real=0.01 secs] 
2020-09-29T18:24:48.309+0200: 61.279: [GC (Allocation Failure) 2020-09-29T18:24:48.309+0200: 61.279: [ParNew: 573020K->42455K(613440K), 0.0186819 secs] 590322K->59757K(2029056K), 0.0187667 secs] [Times: user=0.13 sys=0.00, real=0.02 secs] 
2020-09-29T18:24:48.375+0200: 61.345: [GC (Allocation Failure) 2020-09-29T18:24:48.375+0200: 61.345: [ParNew: 587799K->48682K(613440K), 0.0177624 secs] 605101K->65984K(2029056K), 0.0178271 secs] [Times: user=0.13 sys=0.00, real=0.02 secs] 
2020-09-29T18:24:48.440+0200: 61.410: [GC (Allocation Failure) 2020-09-29T18:24:48.440+0200: 61.410: [ParNew: 594026K->61650K(613440K), 0.0222415 secs] 611328K->78952K(2029056K), 0.0223023 secs] [Times: user=0.25 sys=0.00, real=0.02 secs] 
2020-09-29T18:24:48.510+0200: 61.480: [GC (Allocation Failure) 2020-09-29T18:24:48.510+0200: 61.480: [ParNew: 606994K->44314K(613440K), 0.0147941 secs] 624296K->61617K(2029056K), 0.0148553 secs] [Times: user=0.13 sys=0.00, real=0.02 secs] 
2020-09-29T18:24:48.576+0200: 61.546: [GC (Allocation Failure) 2020-09-29T18:24:48.576+0200: 61.546: [ParNew: 589658K->43938K(613440K), 0.0212041 secs] 606961K->61240K(2029056K), 0.0212782 secs] [Times: user=0.13 sys=0.00, real=0.02 secs] 
2020-09-29T18:24:48.646+0200: 61.616: [GC (Allocation Failure) 2020-09-29T18:24:48.646+0200: 61.616: [ParNew: 589282K->56744K(613440K), 0.0189152 secs] 606584K->74046K(2029056K), 0.0189784 secs] [Times: user=0.13 sys=0.00, real=0.02 secs] 
2020-09-29T18:24:48.715+0200: 61.685: [GC (Allocation Failure) 2020-09-29T18:24:48.715+0200: 61.685: [ParNew: 602088K->42407K(613440K), 0.0194257 secs] 619390K->59709K(2029056K), 0.0194911 secs] [Times: user=0.13 sys=0.00, real=0.02 secs] 
2020-09-29T18:24:48.784+0200: 61.753: [GC (Allocation Failure) 2020-09-29T18:24:48.784+0200: 61.753: [ParNew: 587751K->42920K(613440K), 0.0165937 secs] 605053K->60223K(2029056K), 0.0166509 secs] [Times: user=0.13 sys=0.00, real=0.02 secs] 
2020-09-29T18:24:48.854+0200: 61.824: [GC (Allocation Failure) 2020-09-29T18:24:48.854+0200: 61.824: [ParNew: 588264K->37183K(613440K), 0.0157492 secs] 605567K->54485K(2029056K), 0.0158081 secs] [Times: user=0.13 sys=0.00, real=0.02 secs] 
2020-09-29T18:24:48.919+0200: 61.889: [GC (Allocation Failure) 2020-09-29T18:24:48.919+0200: 61.889: [ParNew: 582527K->31125K(613440K), 0.0147940 secs] 599829K->48427K(2029056K), 0.0148489 secs] [Times: user=0.13 sys=0.00, real=0.02 secs] 
2020-09-29T18:24:48.983+0200: 61.953: [GC (Allocation Failure) 2020-09-29T18:24:48.983+0200: 61.953: [ParNew: 576469K->47779K(613440K), 0.0182480 secs] 593771K->65081K(2029056K), 0.0183181 secs] [Times: user=0.13 sys=0.00, real=0.02 secs] 
2020-09-29T18:24:49.049+0200: 62.018: [GC (Allocation Failure) 2020-09-29T18:24:49.049+0200: 62.018: [ParNew: 593123K->37524K(613440K), 0.0177198 secs] 610425K->54827K(2029056K), 0.0177847 secs] [Times: user=0.13 sys=0.00, real=0.02 secs] 
2020-09-29T18:24:49.116+0200: 62.085: [GC (Allocation Failure) 2020-09-29T18:24:49.120+0200: 62.089: [ParNew: 582868K->32185K(613440K), 0.0184211 secs] 600171K->49488K(2029056K), 0.0225561 secs] [Times: user=0.13 sys=0.00, real=0.02 secs] 
2020-09-29T18:24:49.188+0200: 62.158: [GC (Allocation Failure) 2020-09-29T18:24:49.188+0200: 62.158: [ParNew: 577529K->56207K(613440K), 0.0257828 secs] 594832K->73509K(2029056K), 0.0258612 secs] [Times: user=0.22 sys=0.00, real=0.03 secs] 
2020-09-29T18:24:49.265+0200: 62.235: [GC (Allocation Failure) 2020-09-29T18:24:49.265+0200: 62.235: [ParNew: 601551K->38612K(613440K), 0.0138014 secs] 618853K->55914K(2029056K), 0.0138704 secs] [Times: user=0.13 sys=0.00, real=0.01 secs] 
2020-09-29T18:24:49.326+0200: 62.296: [GC (Allocation Failure) 2020-09-29T18:24:49.327+0200: 62.296: [ParNew: 583956K->38224K(613440K), 0.0193792 secs] 601258K->55526K(2029056K), 0.0194719 secs] [Times: user=0.13 sys=0.00, real=0.02 secs] 
2020-09-29T18:24:49.394+0200: 62.364: [GC (Allocation Failure) 2020-09-29T18:24:49.394+0200: 62.364: [ParNew: 583568K->48671K(613440K), 0.0182744 secs] 600870K->65973K(2029056K), 0.0183488 secs] [Times: user=0.23 sys=0.00, real=0.02 secs] 
2020-09-29T18:24:49.469+0200: 62.439: [GC (Allocation Failure) 2020-09-29T18:24:49.469+0200: 62.439: [ParNew: 594015K->38952K(613440K), 0.0167143 secs] 611317K->56254K(2029056K), 0.0167672 secs] [Times: user=0.13 sys=0.00, real=0.02 secs] 
2020-09-29T18:24:49.539+0200: 62.509: [GC (Allocation Failure) 2020-09-29T18:24:49.539+0200: 62.509: [ParNew: 584296K->36367K(613440K), 0.0177445 secs] 601598K->53669K(2029056K), 0.0178156 secs] [Times: user=0.11 sys=0.00, real=0.02 secs] 
2020-09-29T18:24:49.605+0200: 62.575: [GC (Allocation Failure) 2020-09-29T18:24:49.606+0200: 62.575: [ParNew: 581711K->33897K(613440K), 0.0168539 secs] 599013K->51200K(2029056K), 0.0169235 secs] [Times: user=0.13 sys=0.00, real=0.02 secs] 
2020-09-29T18:24:49.674+0200: 62.644: [GC (Allocation Failure) 2020-09-29T18:24:49.674+0200: 62.644: [ParNew: 579241K->32565K(613440K), 0.0158380 secs] 596544K->49867K(2029056K), 0.0158962 secs] [Times: user=0.13 sys=0.00, real=0.02 secs] 
2020-09-29T18:24:49.738+0200: 62.708: [GC (Allocation Failure) 2020-09-29T18:24:49.738+0200: 62.708: [ParNew: 577909K->68096K(613440K), 0.0287468 secs] 595211K->85398K(2029056K), 0.0288132 secs] [Times: user=0.17 sys=0.00, real=0.03 secs] 
2020-09-29T18:24:49.814+0200: 62.784: [GC (Allocation Failure) 2020-09-29T18:24:49.814+0200: 62.784: [ParNew: 613440K->68096K(613440K), 0.0243368 secs] 630742K->85398K(2029056K), 0.0243891 secs] [Times: user=0.25 sys=0.00, real=0.03 secs] 
2020-09-29T18:24:49.887+0200: 62.857: [GC (Allocation Failure) 2020-09-29T18:24:49.887+0200: 62.857: [ParNew: 613440K->49548K(613440K), 0.0181714 secs] 630742K->66850K(2029056K), 0.0182291 secs] [Times: user=0.13 sys=0.00, real=0.02 secs] 
2020-09-29T18:24:49.953+0200: 62.923: [GC (Allocation Failure) 2020-09-29T18:24:49.953+0200: 62.923: [ParNew: 594892K->37836K(613440K), 0.0122662 secs] 612194K->55138K(2029056K), 0.0123212 secs] [Times: user=0.13 sys=0.00, real=0.01 secs] 
2020-09-29T18:24:50.017+0200: 62.987: [GC (Allocation Failure) 2020-09-29T18:24:50.017+0200: 62.987: [ParNew: 583180K->52474K(613440K), 0.0220959 secs] 600482K->69776K(2029056K), 0.0221502 secs] [Times: user=0.25 sys=0.00, real=0.02 secs] 
2020-09-29T18:24:50.089+0200: 63.059: [GC (Allocation Failure) 2020-09-29T18:24:50.089+0200: 63.059: [ParNew: 597818K->33883K(613440K), 0.0102184 secs] 615120K->51186K(2029056K), 0.0102751 secs] [Times: user=0.13 sys=0.00, real=0.01 secs] 
2020-09-29T18:24:50.152+0200: 63.122: [GC (Allocation Failure) 2020-09-29T18:24:50.152+0200: 63.122: [ParNew: 579227K->27991K(613440K), 0.0141281 secs] 596530K->45294K(2029056K), 0.0141990 secs] [Times: user=0.13 sys=0.00, real=0.01 secs] 
2020-09-29T18:24:50.213+0200: 63.183: [GC (Allocation Failure) 2020-09-29T18:24:50.213+0200: 63.183: [ParNew: 573335K->38715K(613440K), 0.0183043 secs] 590638K->56017K(2029056K), 0.0183957 secs] [Times: user=0.13 sys=0.00, real=0.02 secs] 
2020-09-29T18:24:50.279+0200: 63.248: [GC (Allocation Failure) 2020-09-29T18:24:50.279+0200: 63.249: [ParNew: 584059K->52222K(613440K), 0.0181046 secs] 601361K->69524K(2029056K), 0.0181663 secs] [Times: user=0.13 sys=0.00, real=0.02 secs] 
2020-09-29T18:24:50.351+0200: 63.321: [GC (Allocation Failure) 2020-09-29T18:24:50.351+0200: 63.321: [ParNew: 597566K->38306K(613440K), 0.0166245 secs] 614868K->55608K(2029056K), 0.0166879 secs] [Times: user=0.13 sys=0.00, real=0.02 secs] 
2020-09-29T18:24:50.416+0200: 63.386: [GC (Allocation Failure) 2020-09-29T18:24:50.416+0200: 63.386: [ParNew: 583650K->61209K(613440K), 0.0225904 secs] 600952K->78512K(2029056K), 0.0226660 secs] [Times: user=0.13 sys=0.00, real=0.02 secs] 
2020-09-29T18:24:50.485+0200: 63.455: [GC (Allocation Failure) 2020-09-29T18:24:50.485+0200: 63.455: [ParNew: 606553K->40228K(613440K), 0.0148994 secs] 623856K->57530K(2029056K), 0.0149547 secs] [Times: user=0.13 sys=0.00, real=0.02 secs] 
2020-09-29T18:24:50.552+0200: 63.522: [GC (Allocation Failure) 2020-09-29T18:24:50.552+0200: 63.522: [ParNew: 585572K->58810K(613440K), 0.0199934 secs] 602874K->76113K(2029056K), 0.0200562 secs] [Times: user=0.13 sys=0.00, real=0.02 secs] 
2020-09-29T18:24:50.621+0200: 63.591: [GC (Allocation Failure) 2020-09-29T18:24:50.621+0200: 63.591: [ParNew: 604154K->36760K(613440K), 0.0123150 secs] 621457K->54063K(2029056K), 0.0123900 secs] [Times: user=0.13 sys=0.00, real=0.01 secs] 
2020-09-29T18:24:50.686+0200: 63.656: [GC (Allocation Failure) 2020-09-29T18:24:50.686+0200: 63.656: [ParNew: 582104K->19718K(613440K), 0.0110299 secs] 599407K->37021K(2029056K), 0.0111066 secs] [Times: user=0.13 sys=0.00, real=0.01 secs] 
2020-09-29T18:24:50.754+0200: 63.724: [GC (Allocation Failure) 2020-09-29T18:24:50.754+0200: 63.724: [ParNew: 565062K->33836K(613440K), 0.0164035 secs] 582365K->51139K(2029056K), 0.0164754 secs] [Times: user=0.11 sys=0.00, real=0.02 secs] 
2020-09-29T18:24:50.822+0200: 63.792: [GC (Allocation Failure) 2020-09-29T18:24:50.822+0200: 63.792: [ParNew: 579180K->24141K(613440K), 0.0082702 secs] 596483K->41443K(2029056K), 0.0083259 secs] [Times: user=0.00 sys=0.00, real=0.01 secs] 
2020-09-29T18:24:50.880+0200: 63.850: [GC (Allocation Failure) 2020-09-29T18:24:50.880+0200: 63.850: [ParNew: 569485K->39684K(613440K), 0.0200884 secs] 586787K->56986K(2029056K), 0.0201433 secs] [Times: user=0.13 sys=0.00, real=0.02 secs] 
2020-09-29T18:24:50.949+0200: 63.919: [GC (Allocation Failure) 2020-09-29T18:24:50.949+0200: 63.919: [ParNew: 585028K->51797K(613440K), 0.0180645 secs] 602330K->69099K(2029056K), 0.0181481 secs] [Times: user=0.13 sys=0.00, real=0.02 secs] 
2020-09-29T18:24:51.013+0200: 63.983: [GC (Allocation Failure) 2020-09-29T18:24:51.013+0200: 63.983: [ParNew: 597141K->38540K(613440K), 0.0167779 secs] 614443K->55843K(2029056K), 0.0168403 secs] [Times: user=0.13 sys=0.00, real=0.02 secs] 
2020-09-29T18:24:51.081+0200: 64.051: [GC (Allocation Failure) 2020-09-29T18:24:51.081+0200: 64.051: [ParNew: 583884K->36335K(613440K), 0.0174766 secs] 601187K->53637K(2029056K), 0.0175464 secs] [Times: user=0.25 sys=0.00, real=0.02 secs] 
2020-09-29T18:24:51.147+0200: 64.117: [GC (Allocation Failure) 2020-09-29T18:24:51.147+0200: 64.117: [ParNew: 581679K->31775K(613440K), 0.0168511 secs] 598981K->49077K(2029056K), 0.0169153 secs] [Times: user=0.13 sys=0.00, real=0.02 secs] 
2020-09-29T18:24:51.213+0200: 64.183: [GC (Allocation Failure) 2020-09-29T18:24:51.213+0200: 64.183: [ParNew: 577119K->55507K(613440K), 0.0202085 secs] 594421K->72809K(2029056K), 0.0202666 secs] [Times: user=0.13 sys=0.00, real=0.02 secs] 
2020-09-29T18:24:51.280+0200: 64.250: [GC (Allocation Failure) 2020-09-29T18:24:51.280+0200: 64.250: [ParNew: 600851K->43689K(613440K), 0.0142909 secs] 618153K->60992K(2029056K), 0.0143472 secs] [Times: user=0.13 sys=0.00, real=0.02 secs] 
2020-09-29T18:24:51.343+0200: 64.313: [GC (Allocation Failure) 2020-09-29T18:24:51.343+0200: 64.313: [ParNew: 589033K->31238K(613440K), 0.0134823 secs] 606336K->48540K(2029056K), 0.0135378 secs] [Times: user=0.13 sys=0.00, real=0.01 secs] 
2020-09-29T18:24:51.405+0200: 64.375: [GC (Allocation Failure) 2020-09-29T18:24:51.405+0200: 64.375: [ParNew: 576582K->39067K(613440K), 0.0181760 secs] 593884K->56370K(2029056K), 0.0182371 secs] [Times: user=0.13 sys=0.00, real=0.02 secs] 
2020-09-29T18:24:51.472+0200: 64.442: [GC (Allocation Failure) 2020-09-29T18:24:51.472+0200: 64.442: [ParNew: 584411K->61896K(613440K), 0.0213021 secs] 601714K->79198K(2029056K), 0.0213603 secs] [Times: user=0.16 sys=0.02, real=0.02 secs] 
2020-09-29T18:24:51.541+0200: 64.511: [GC (Allocation Failure) 2020-09-29T18:24:51.541+0200: 64.511: [ParNew: 607240K->65497K(613440K), 0.0218275 secs] 624542K->82799K(2029056K), 0.0218820 secs] [Times: user=0.13 sys=0.00, real=0.02 secs] 
2020-09-29T18:24:51.611+0200: 64.581: [GC (Allocation Failure) 2020-09-29T18:24:51.611+0200: 64.581: [ParNew: 610841K->48754K(613440K), 0.0206228 secs] 628143K->66056K(2029056K), 0.0206918 secs] [Times: user=0.25 sys=0.00, real=0.02 secs] 
2020-09-29T18:24:51.682+0200: 64.652: [GC (Allocation Failure) 2020-09-29T18:24:51.682+0200: 64.652: [ParNew: 594098K->38853K(613440K), 0.0135145 secs] 611400K->56156K(2029056K), 0.0135766 secs] [Times: user=0.13 sys=0.00, real=0.01 secs] 
2020-09-29T18:24:51.742+0200: 64.712: [GC (Allocation Failure) 2020-09-29T18:24:51.742+0200: 64.712: [ParNew: 584197K->55419K(613440K), 0.0236859 secs] 601500K->72721K(2029056K), 0.0237463 secs] [Times: user=0.13 sys=0.00, real=0.02 secs] 
2020-09-29T18:24:51.814+0200: 64.784: [GC (Allocation Failure) 2020-09-29T18:24:51.814+0200: 64.784: [ParNew: 600763K->40027K(613440K), 0.0116018 secs] 618065K->57329K(2029056K), 0.0116624 secs] [Times: user=0.13 sys=0.00, real=0.01 secs] 
2020-09-29T18:24:51.879+0200: 64.849: [GC (Allocation Failure) 2020-09-29T18:24:51.879+0200: 64.849: [ParNew: 585371K->52805K(613440K), 0.0229301 secs] 602673K->70107K(2029056K), 0.0229902 secs] [Times: user=0.13 sys=0.00, real=0.02 secs] 
2020-09-29T18:24:51.950+0200: 64.920: [GC (Allocation Failure) 2020-09-29T18:24:51.950+0200: 64.920: [ParNew: 598149K->43359K(613440K), 0.0161146 secs] 615451K->60662K(2029056K), 0.0161854 secs] [Times: user=0.13 sys=0.00, real=0.02 secs] 
2020-09-29T18:24:52.015+0200: 64.985: [GC (Allocation Failure) 2020-09-29T18:24:52.015+0200: 64.985: [ParNew: 588703K->27920K(613440K), 0.0092607 secs] 606006K->45223K(2029056K), 0.0093157 secs] [Times: user=0.13 sys=0.00, real=0.01 secs] 
2020-09-29T18:24:52.072+0200: 65.042: [GC (Allocation Failure) 2020-09-29T18:24:52.072+0200: 65.042: [ParNew: 573264K->39624K(613440K), 0.0194686 secs] 590567K->56926K(2029056K), 0.0195415 secs] [Times: user=0.13 sys=0.00, real=0.02 secs] 
2020-09-29T18:24:52.140+0200: 65.110: [GC (Allocation Failure) 2020-09-29T18:24:52.140+0200: 65.110: [ParNew: 584968K->51753K(613440K), 0.0188555 secs] 602270K->69056K(2029056K), 0.0189150 secs] [Times: user=0.13 sys=0.00, real=0.02 secs] 
2020-09-29T18:24:52.206+0200: 65.176: [GC (Allocation Failure) 2020-09-29T18:24:52.206+0200: 65.176: [ParNew: 597097K->63640K(613440K), 0.0228728 secs] 614400K->80942K(2029056K), 0.0229396 secs] [Times: user=0.25 sys=0.00, real=0.02 secs] 
2020-09-29T18:24:52.276+0200: 65.246: [GC (Allocation Failure) 2020-09-29T18:24:52.276+0200: 65.246: [ParNew: 608984K->51369K(613440K), 0.0166735 secs] 626286K->68671K(2029056K), 0.0167311 secs] [Times: user=0.13 sys=0.00, real=0.02 secs] 
2020-09-29T18:24:52.341+0200: 65.311: [GC (Allocation Failure) 2020-09-29T18:24:52.341+0200: 65.311: [ParNew: 596713K->48639K(613440K), 0.0215887 secs] 614015K->65941K(2029056K), 0.0216604 secs] [Times: user=0.13 sys=0.00, real=0.02 secs] 
2020-09-29T18:24:52.411+0200: 65.381: [GC (Allocation Failure) 2020-09-29T18:24:52.411+0200: 65.381: [ParNew: 593983K->42531K(613440K), 0.0157316 secs] 611285K->59833K(2029056K), 0.0158094 secs] [Times: user=0.13 sys=0.00, real=0.02 secs] 
2020-09-29T18:24:52.477+0200: 65.447: [GC (Allocation Failure) 2020-09-29T18:24:52.477+0200: 65.447: [ParNew: 587875K->42740K(613440K), 0.0200641 secs] 605177K->60042K(2029056K), 0.0201212 secs] [Times: user=0.13 sys=0.00, real=0.02 secs] 
2020-09-29T18:24:52.545+0200: 65.515: [GC (Allocation Failure) 2020-09-29T18:24:52.545+0200: 65.515: [ParNew: 588084K->61669K(613440K), 0.0192887 secs] 605386K->78972K(2029056K), 0.0193520 secs] [Times: user=0.13 sys=0.00, real=0.02 secs] 
2020-09-29T18:24:52.612+0200: 65.583: [GC (Allocation Failure) 2020-09-29T18:24:52.613+0200: 65.583: [ParNew: 607013K->48411K(613440K), 0.0183321 secs] 624316K->65713K(2029056K), 0.0184246 secs] [Times: user=0.25 sys=0.00, real=0.02 secs] 
2020-09-29T18:24:52.681+0200: 65.651: [GC (Allocation Failure) 2020-09-29T18:24:52.681+0200: 65.652: [ParNew: 593755K->38025K(613440K), 0.0174368 secs] 611057K->55328K(2029056K), 0.0174927 secs] [Times: user=0.13 sys=0.00, real=0.02 secs] 
2020-09-29T18:24:52.747+0200: 65.717: [GC (Allocation Failure) 2020-09-29T18:24:52.747+0200: 65.717: [ParNew: 583369K->60256K(613440K), 0.0223355 secs] 600672K->77558K(2029056K), 0.0224254 secs] [Times: user=0.13 sys=0.00, real=0.02 secs] 
2020-09-29T18:24:52.817+0200: 65.787: [GC (Allocation Failure) 2020-09-29T18:24:52.817+0200: 65.787: [ParNew: 605600K->45418K(613440K), 0.0160366 secs] 622902K->62721K(2029056K), 0.0160902 secs] [Times: user=0.13 sys=0.00, real=0.02 secs] 
2020-09-29T18:24:52.881+0200: 65.851: [GC (Allocation Failure) 2020-09-29T18:24:52.881+0200: 65.851: [ParNew: 590762K->62074K(613440K), 0.0199909 secs] 608065K->79376K(2029056K), 0.0200432 secs] [Times: user=0.13 sys=0.00, real=0.02 secs] 
2020-09-29T18:24:52.950+0200: 65.920: [GC (Allocation Failure) 2020-09-29T18:24:52.950+0200: 65.920: [ParNew: 607418K->61044K(613440K), 0.0230941 secs] 624720K->78346K(2029056K), 0.0231602 secs] [Times: user=0.23 sys=0.00, real=0.02 secs] 
2020-09-29T18:24:53.023+0200: 65.993: [GC (Allocation Failure) 2020-09-29T18:24:53.023+0200: 65.993: [ParNew: 606388K->42997K(613440K), 0.0195998 secs] 623690K->60300K(2029056K), 0.0196537 secs] [Times: user=0.13 sys=0.00, real=0.02 secs] 
2020-09-29T18:24:53.090+0200: 66.061: [GC (Allocation Failure) 2020-09-29T18:24:53.090+0200: 66.061: [ParNew: 588341K->40669K(613440K), 0.0159562 secs] 605644K->57971K(2029056K), 0.0160195 secs] [Times: user=0.13 sys=0.00, real=0.02 secs] 
2020-09-29T18:24:53.172+0200: 66.142: [GC (Allocation Failure) 2020-09-29T18:24:53.172+0200: 66.142: [ParNew: 586013K->23459K(613440K), 0.0156138 secs] 603315K->40761K(2029056K), 0.0156819 secs] [Times: user=0.13 sys=0.00, real=0.02 secs] 
2020-09-29T18:24:53.242+0200: 66.212: [GC (Allocation Failure) 2020-09-29T18:24:53.242+0200: 66.212: [ParNew: 568803K->19566K(613440K), 0.0140235 secs] 586105K->36868K(2029056K), 0.0140876 secs] [Times: user=0.13 sys=0.00, real=0.01 secs] 
2020-09-29T18:24:53.310+0200: 66.281: [GC (Allocation Failure) 2020-09-29T18:24:53.310+0200: 66.281: [ParNew: 564910K->45496K(613440K), 0.0265646 secs] 582212K->62798K(2029056K), 0.0266297 secs] [Times: user=0.25 sys=0.00, real=0.03 secs] 
2020-09-29T18:24:53.388+0200: 66.358: [GC (Allocation Failure) 2020-09-29T18:24:53.388+0200: 66.358: [ParNew: 590840K->37231K(613440K), 0.0201211 secs] 608142K->54533K(2029056K), 0.0201907 secs] [Times: user=0.13 sys=0.00, real=0.02 secs] 
2020-09-29T18:24:53.455+0200: 66.426: [GC (Allocation Failure) 2020-09-29T18:24:53.455+0200: 66.426: [ParNew: 582575K->28865K(613440K), 0.0204567 secs] 599877K->46167K(2029056K), 0.0205223 secs] [Times: user=0.25 sys=0.00, real=0.02 secs] 
2020-09-29T18:24:53.526+0200: 66.496: [GC (Allocation Failure) 2020-09-29T18:24:53.526+0200: 66.496: [ParNew: 574209K->49926K(613440K), 0.0251602 secs] 591511K->67228K(2029056K), 0.0252252 secs] [Times: user=0.25 sys=0.00, real=0.03 secs] 
2020-09-29T18:24:53.601+0200: 66.571: [GC (Allocation Failure) 2020-09-29T18:24:53.601+0200: 66.571: [ParNew: 595270K->68096K(613440K), 0.0316692 secs] 612572K->85398K(2029056K), 0.0317438 secs] [Times: user=0.25 sys=0.00, real=0.03 secs] 
2020-09-29T18:24:53.683+0200: 66.653: [GC (Allocation Failure) 2020-09-29T18:24:53.683+0200: 66.653: [ParNew: 613440K->50024K(613440K), 0.0221373 secs] 630742K->67326K(2029056K), 0.0222033 secs] [Times: user=0.13 sys=0.00, real=0.02 secs] 
2020-09-29T18:24:53.752+0200: 66.722: [GC (Allocation Failure) 2020-09-29T18:24:53.752+0200: 66.722: [ParNew: 595368K->42529K(613440K), 0.0212438 secs] 612670K->59831K(2029056K), 0.0213365 secs] [Times: user=0.25 sys=0.00, real=0.02 secs] 
2020-09-29T18:24:53.826+0200: 66.796: [GC (Allocation Failure) 2020-09-29T18:24:53.826+0200: 66.796: [ParNew: 587873K->32274K(613440K), 0.0217652 secs] 605175K->49576K(2029056K), 0.0218468 secs] [Times: user=0.25 sys=0.00, real=0.02 secs] 
2020-09-29T18:24:53.901+0200: 66.871: [GC (Allocation Failure) 2020-09-29T18:24:53.901+0200: 66.871: [ParNew: 577618K->34559K(613440K), 0.0179450 secs] 594920K->51861K(2029056K), 0.0180085 secs] [Times: user=0.13 sys=0.00, real=0.02 secs] 
2020-09-29T18:24:53.978+0200: 66.948: [GC (Allocation Failure) 2020-09-29T18:24:53.978+0200: 66.948: [ParNew: 579903K->31464K(613440K), 0.0180042 secs] 597205K->48767K(2029056K), 0.0180738 secs] [Times: user=0.13 sys=0.00, real=0.02 secs] 
2020-09-29T18:24:54.053+0200: 67.023: [GC (Allocation Failure) 2020-09-29T18:24:54.053+0200: 67.023: [ParNew: 576808K->26375K(613440K), 0.0171545 secs] 594111K->43678K(2029056K), 0.0172204 secs] [Times: user=0.13 sys=0.00, real=0.02 secs] 
2020-09-29T18:24:54.120+0200: 67.090: [GC (Allocation Failure) 2020-09-29T18:24:54.120+0200: 67.090: [ParNew: 571719K->58089K(613440K), 0.0296246 secs] 589022K->75392K(2029056K), 0.0297182 secs] [Times: user=0.25 sys=0.00, real=0.03 secs] 
2020-09-29T18:24:54.200+0200: 67.170: [GC (Allocation Failure) 2020-09-29T18:24:54.200+0200: 67.170: [ParNew: 603433K->46713K(613440K), 0.0214311 secs] 620736K->64015K(2029056K), 0.0215014 secs] [Times: user=0.13 sys=0.00, real=0.02 secs] 
2020-09-29T18:24:54.274+0200: 67.244: [GC (Allocation Failure) 2020-09-29T18:24:54.274+0200: 67.244: [ParNew: 592057K->39829K(613440K), 0.0214222 secs] 609359K->57132K(2029056K), 0.0214956 secs] [Times: user=0.13 sys=0.00, real=0.02 secs] 
2020-09-29T18:24:54.349+0200: 67.319: [GC (Allocation Failure) 2020-09-29T18:24:54.349+0200: 67.319: [ParNew: 585173K->37892K(613440K), 0.0182530 secs] 602476K->55194K(2029056K), 0.0183231 secs] [Times: user=0.13 sys=0.00, real=0.02 secs] 
2020-09-29T18:24:54.426+0200: 67.396: [GC (Allocation Failure) 2020-09-29T18:24:54.426+0200: 67.396: [ParNew: 583236K->54127K(613440K), 0.0251524 secs] 600538K->71429K(2029056K), 0.0252199 secs] [Times: user=0.13 sys=0.00, real=0.02 secs] 
2020-09-29T18:24:54.505+0200: 67.475: [GC (Allocation Failure) 2020-09-29T18:24:54.505+0200: 67.475: [ParNew: 599471K->40199K(613440K), 0.0153678 secs] 616773K->57502K(2029056K), 0.0154328 secs] [Times: user=0.11 sys=0.00, real=0.01 secs] 
2020-09-29T18:24:54.581+0200: 67.551: [GC (Allocation Failure) 2020-09-29T18:24:54.581+0200: 67.551: [ParNew: 585543K->41775K(613440K), 0.0254454 secs] 602846K->59077K(2029056K), 0.0255373 secs] [Times: user=0.22 sys=0.00, real=0.02 secs] 
2020-09-29T18:24:54.657+0200: 67.628: [GC (Allocation Failure) 2020-09-29T18:24:54.657+0200: 67.628: [ParNew: 587119K->43862K(613440K), 0.0212629 secs] 604421K->61164K(2029056K), 0.0213393 secs] [Times: user=0.25 sys=0.00, real=0.02 secs] 
2020-09-29T18:24:54.732+0200: 67.702: [GC (Allocation Failure) 2020-09-29T18:24:54.732+0200: 67.702: [ParNew: 589206K->34537K(613440K), 0.0205451 secs] 606508K->51840K(2029056K), 0.0206122 secs] [Times: user=0.13 sys=0.00, real=0.02 secs] 
2020-09-29T18:24:54.807+0200: 67.777: [GC (Allocation Failure) 2020-09-29T18:24:54.807+0200: 67.777: [ParNew: 579881K->31193K(613440K), 0.0209193 secs] 597184K->48496K(2029056K), 0.0209952 secs] [Times: user=0.13 sys=0.00, real=0.02 secs] 
2020-09-29T18:24:54.880+0200: 67.849: [GC (Allocation Failure) 2020-09-29T18:24:54.880+0200: 67.849: [ParNew: 576537K->55492K(613440K), 0.0236656 secs] 593840K->72795K(2029056K), 0.0237289 secs] [Times: user=0.13 sys=0.00, real=0.02 secs] 
2020-09-29T18:24:54.955+0200: 67.924: [GC (Allocation Failure) 2020-09-29T18:24:54.955+0200: 67.924: [ParNew: 600836K->66044K(613440K), 0.0301076 secs] 618139K->83346K(2029056K), 0.0301722 secs] [Times: user=0.25 sys=0.00, real=0.03 secs] 
2020-09-29T18:24:55.034+0200: 68.003: [GC (Allocation Failure) 2020-09-29T18:24:55.034+0200: 68.003: [ParNew: 611388K->49663K(613440K), 0.0229373 secs] 628690K->66965K(2029056K), 0.0229998 secs] [Times: user=0.25 sys=0.00, real=0.02 secs] 
2020-09-29T18:24:55.109+0200: 68.078: [GC (Allocation Failure) 2020-09-29T18:24:55.109+0200: 68.079: [ParNew: 595007K->35358K(613440K), 0.0228795 secs] 612309K->52660K(2029056K), 0.0229495 secs] [Times: user=0.25 sys=0.00, real=0.02 secs] 
2020-09-29T18:24:55.184+0200: 68.154: [GC (Allocation Failure) 2020-09-29T18:24:55.184+0200: 68.154: [ParNew: 580702K->29815K(613440K), 0.0110251 secs] 598004K->47117K(2029056K), 0.0110825 secs] [Times: user=0.13 sys=0.00, real=0.01 secs] 
2020-09-29T18:24:55.256+0200: 68.226: [GC (Allocation Failure) 2020-09-29T18:24:55.256+0200: 68.226: [ParNew: 575159K->55040K(613440K), 0.0323876 secs] 592461K->72343K(2029056K), 0.0324664 secs] [Times: user=0.25 sys=0.00, real=0.03 secs] 
2020-09-29T18:24:55.336+0200: 68.305: [GC (Allocation Failure) 2020-09-29T18:24:55.336+0200: 68.305: [ParNew: 600384K->44663K(613440K), 0.0241371 secs] 617687K->61965K(2029056K), 0.0242069 secs] [Times: user=0.13 sys=0.00, real=0.02 secs] 
2020-09-29T18:24:55.410+0200: 68.379: [GC (Allocation Failure) 2020-09-29T18:24:55.410+0200: 68.379: [ParNew: 590007K->37313K(613440K), 0.0172857 secs] 607309K->54615K(2029056K), 0.0173486 secs] [Times: user=0.23 sys=0.00, real=0.02 secs] 
2020-09-29T18:24:55.478+0200: 68.447: [GC (Allocation Failure) 2020-09-29T18:24:55.478+0200: 68.447: [ParNew: 582657K->38550K(613440K), 0.0213329 secs] 599959K->55852K(2029056K), 0.0214117 secs] [Times: user=0.13 sys=0.00, real=0.02 secs] 
2020-09-29T18:24:55.562+0200: 68.531: [GC (Allocation Failure) 2020-09-29T18:24:55.562+0200: 68.531: [ParNew: 583894K->48163K(613440K), 0.0292838 secs] 601196K->65465K(2029056K), 0.0293739 secs] [Times: user=0.25 sys=0.00, real=0.03 secs] 
2020-09-29T18:24:55.639+0200: 68.609: [GC (Allocation Failure) 2020-09-29T18:24:55.639+0200: 68.609: [ParNew: 593507K->45359K(613440K), 0.0197573 secs] 610809K->62661K(2029056K), 0.0198328 secs] [Times: user=0.11 sys=0.00, real=0.02 secs] 
2020-09-29T18:24:55.716+0200: 68.685: [GC (Allocation Failure) 2020-09-29T18:24:55.716+0200: 68.685: [ParNew: 590703K->41809K(613440K), 0.0255050 secs] 608005K->59111K(2029056K), 0.0255690 secs] [Times: user=0.25 sys=0.00, real=0.02 secs] 
2020-09-29T18:24:55.793+0200: 68.762: [GC (Allocation Failure) 2020-09-29T18:24:55.793+0200: 68.762: [ParNew: 587153K->41077K(613440K), 0.0240880 secs] 604455K->58380K(2029056K), 0.0241823 secs] [Times: user=0.13 sys=0.00, real=0.02 secs] 
2020-09-29T18:24:55.865+0200: 68.834: [GC (Allocation Failure) 2020-09-29T18:24:55.865+0200: 68.834: [ParNew: 586421K->66919K(613440K), 0.0288610 secs] 603724K->84221K(2029056K), 0.0289285 secs] [Times: user=0.13 sys=0.00, real=0.03 secs] 
2020-09-29T18:24:55.943+0200: 68.913: [GC (Allocation Failure) 2020-09-29T18:24:55.943+0200: 68.913: [ParNew: 612263K->57408K(613440K), 0.0291512 secs] 629565K->74710K(2029056K), 0.0292166 secs] [Times: user=0.13 sys=0.00, real=0.03 secs] 
2020-09-29T18:24:56.020+0200: 68.990: [GC (Allocation Failure) 2020-09-29T18:24:56.021+0200: 68.990: [ParNew: 602752K->43670K(613440K), 0.0209309 secs] 620054K->60972K(2029056K), 0.0210335 secs] [Times: user=0.13 sys=0.00, real=0.02 secs] 
2020-09-29T18:24:56.094+0200: 69.064: [GC (Allocation Failure) 2020-09-29T18:24:56.094+0200: 69.064: [ParNew: 589014K->39541K(613440K), 0.0194282 secs] 606316K->56843K(2029056K), 0.0194947 secs] [Times: user=0.13 sys=0.02, real=0.02 secs] 
2020-09-29T18:24:56.162+0200: 69.131: [GC (Allocation Failure) 2020-09-29T18:24:56.162+0200: 69.132: [ParNew: 584885K->30512K(613440K), 0.0181609 secs] 602187K->47815K(2029056K), 0.0182268 secs] [Times: user=0.13 sys=0.00, real=0.02 secs] 
2020-09-29T18:24:56.238+0200: 69.208: [GC (Allocation Failure) 2020-09-29T18:24:56.238+0200: 69.208: [ParNew: 575856K->25754K(613440K), 0.0160311 secs] 593159K->43056K(2029056K), 0.0161083 secs] [Times: user=0.01 sys=0.01, real=0.02 secs] 
2020-09-29T18:24:56.302+0200: 69.272: [GC (Allocation Failure) 2020-09-29T18:24:56.302+0200: 69.272: [ParNew: 571098K->52484K(613440K), 0.0304225 secs] 588400K->69786K(2029056K), 0.0304894 secs] [Times: user=0.23 sys=0.00, real=0.03 secs] 
2020-09-29T18:24:56.381+0200: 69.351: [GC (Allocation Failure) 2020-09-29T18:24:56.381+0200: 69.351: [ParNew: 597828K->68096K(613440K), 0.0276863 secs] 615130K->85418K(2029056K), 0.0277526 secs] [Times: user=0.13 sys=0.00, real=0.03 secs] 
2020-09-29T18:24:56.462+0200: 69.432: [GC (Allocation Failure) 2020-09-29T18:24:56.462+0200: 69.432: [ParNew: 613440K->45993K(613440K), 0.0277922 secs] 630762K->63316K(2029056K), 0.0278752 secs] [Times: user=0.25 sys=0.00, real=0.03 secs] 
2020-09-29T18:24:56.538+0200: 69.507: [GC (Allocation Failure) 2020-09-29T18:24:56.538+0200: 69.508: [ParNew: 591337K->46978K(613440K), 0.0187398 secs] 608660K->64300K(2029056K), 0.0188149 secs] [Times: user=0.13 sys=0.00, real=0.02 secs] 
2020-09-29T18:24:56.607+0200: 69.577: [GC (Allocation Failure) 2020-09-29T18:24:56.607+0200: 69.577: [ParNew: 592322K->60469K(613440K), 0.0323385 secs] 609644K->77792K(2029056K), 0.0324038 secs] [Times: user=0.25 sys=0.00, real=0.03 secs] 
2020-09-29T18:24:56.687+0200: 69.657: [GC (Allocation Failure) 2020-09-29T18:24:56.687+0200: 69.657: [ParNew: 605813K->39619K(613440K), 0.0168137 secs] 623136K->56942K(2029056K), 0.0168777 secs] [Times: user=0.13 sys=0.00, real=0.02 secs] 
2020-09-29T18:24:56.761+0200: 69.731: [GC (Allocation Failure) 2020-09-29T18:24:56.761+0200: 69.731: [ParNew: 584963K->40380K(613440K), 0.0204513 secs] 602286K->57703K(2029056K), 0.0205230 secs] [Times: user=0.13 sys=0.00, real=0.02 secs] 
2020-09-29T18:24:56.838+0200: 69.807: [GC (Allocation Failure) 2020-09-29T18:24:56.838+0200: 69.807: [ParNew: 585724K->51102K(613440K), 0.0286405 secs] 603047K->68425K(2029056K), 0.0287059 secs] [Times: user=0.25 sys=0.00, real=0.03 secs] 
2020-09-29T18:24:56.916+0200: 69.885: [GC (Allocation Failure) 2020-09-29T18:24:56.916+0200: 69.885: [ParNew: 596446K->43656K(613440K), 0.0193205 secs] 613769K->60979K(2029056K), 0.0193863 secs] [Times: user=0.13 sys=0.00, real=0.02 secs] 
2020-09-29T18:24:56.984+0200: 69.954: [GC (Allocation Failure) 2020-09-29T18:24:56.984+0200: 69.954: [ParNew: 589000K->42881K(613440K), 0.0249813 secs] 606323K->60204K(2029056K), 0.0250492 secs] [Times: user=0.25 sys=0.00, real=0.03 secs] 
2020-09-29T18:24:57.060+0200: 70.029: [GC (Allocation Failure) 2020-09-29T18:24:57.060+0200: 70.029: [ParNew: 588225K->54761K(613440K), 0.0239025 secs] 605548K->72084K(2029056K), 0.0239691 secs] [Times: user=0.25 sys=0.00, real=0.02 secs] 
2020-09-29T18:24:57.137+0200: 70.107: [GC (Allocation Failure) 2020-09-29T18:24:57.137+0200: 70.107: [ParNew: 600105K->44716K(613440K), 0.0239280 secs] 617428K->62039K(2029056K), 0.0239939 secs] [Times: user=0.25 sys=0.00, real=0.02 secs] 
2020-09-29T18:24:57.208+0200: 70.178: [GC (Allocation Failure) 2020-09-29T18:24:57.208+0200: 70.178: [ParNew: 590060K->40413K(613440K), 0.0230901 secs] 607383K->57735K(2029056K), 0.0231545 secs] [Times: user=0.13 sys=0.00, real=0.02 secs] 
2020-09-29T18:24:57.281+0200: 70.250: [GC (Allocation Failure) 2020-09-29T18:24:57.286+0200: 70.256: [ParNew: 585757K->39678K(613440K), 0.0224717 secs] 603079K->57001K(2029056K), 0.0278530 secs] [Times: user=0.13 sys=0.00, real=0.03 secs] 
2020-09-29T18:24:57.361+0200: 70.331: [GC (Allocation Failure) 2020-09-29T18:24:57.361+0200: 70.331: [ParNew: 585022K->66341K(613440K), 0.0280867 secs] 602345K->83664K(2029056K), 0.0281624 secs] [Times: user=0.25 sys=0.00, real=0.03 secs] 
2020-09-29T18:24:57.439+0200: 70.409: [GC (Allocation Failure) 2020-09-29T18:24:57.439+0200: 70.409: [ParNew: 611685K->42863K(613440K), 0.0207214 secs] 629008K->60186K(2029056K), 0.0207867 secs] [Times: user=0.25 sys=0.00, real=0.02 secs] 
2020-09-29T18:24:57.509+0200: 70.479: [GC (Allocation Failure) 2020-09-29T18:24:57.509+0200: 70.479: [ParNew: 588207K->41108K(613440K), 0.0190253 secs] 605530K->58431K(2029056K), 0.0190912 secs] [Times: user=0.13 sys=0.00, real=0.02 secs] 
2020-09-29T18:24:57.578+0200: 70.548: [GC (Allocation Failure) 2020-09-29T18:24:57.578+0200: 70.548: [ParNew: 586452K->26168K(613440K), 0.0189391 secs] 603775K->43491K(2029056K), 0.0190024 secs] [Times: user=0.11 sys=0.00, real=0.02 secs] 
2020-09-29T18:24:57.646+0200: 70.616: [GC (Allocation Failure) 2020-09-29T18:24:57.646+0200: 70.616: [ParNew: 571512K->45322K(613440K), 0.0238268 secs] 588835K->62645K(2029056K), 0.0239038 secs] [Times: user=0.13 sys=0.00, real=0.02 secs] 
2020-09-29T18:24:57.721+0200: 70.691: [GC (Allocation Failure) 2020-09-29T18:24:57.721+0200: 70.691: [ParNew: 590666K->38463K(613440K), 0.0233396 secs] 607989K->55786K(2029056K), 0.0234037 secs] [Times: user=0.24 sys=0.02, real=0.02 secs] 
2020-09-29T18:24:57.795+0200: 70.765: [GC (Allocation Failure) 2020-09-29T18:24:57.795+0200: 70.765: [ParNew: 583807K->38248K(613440K), 0.0207450 secs] 601130K->55571K(2029056K), 0.0208206 secs] [Times: user=0.13 sys=0.00, real=0.02 secs] 
2020-09-29T18:24:57.876+0200: 70.846: [GC (Allocation Failure) 2020-09-29T18:24:57.876+0200: 70.846: [ParNew: 583592K->62712K(613440K), 0.0276019 secs] 600915K->80035K(2029056K), 0.0276739 secs] [Times: user=0.25 sys=0.00, real=0.03 secs] 
2020-09-29T18:24:57.953+0200: 70.923: [GC (Allocation Failure) 2020-09-29T18:24:57.953+0200: 70.923: [ParNew: 608056K->49143K(613440K), 0.0193817 secs] 625379K->66466K(2029056K), 0.0194455 secs] [Times: user=0.25 sys=0.00, real=0.02 secs] 
2020-09-29T18:24:58.020+0200: 70.990: [GC (Allocation Failure) 2020-09-29T18:24:58.020+0200: 70.990: [ParNew: 594487K->36957K(613440K), 0.0194809 secs] 611810K->54280K(2029056K), 0.0195514 secs] [Times: user=0.13 sys=0.00, real=0.02 secs] 
2020-09-29T18:24:58.090+0200: 71.060: [GC (Allocation Failure) 2020-09-29T18:24:58.090+0200: 71.060: [ParNew: 582301K->53169K(613440K), 0.0265381 secs] 599624K->70492K(2029056K), 0.0266087 secs] [Times: user=0.25 sys=0.00, real=0.03 secs] 
2020-09-29T18:24:58.178+0200: 71.148: [GC (Allocation Failure) 2020-09-29T18:24:58.179+0200: 71.148: [ParNew: 598513K->41420K(613440K), 0.0190568 secs] 615836K->58743K(2029056K), 0.0191364 secs] [Times: user=0.13 sys=0.00, real=0.02 secs] 
2020-09-29T18:24:58.251+0200: 71.221: [GC (Allocation Failure) 2020-09-29T18:24:58.251+0200: 71.221: [ParNew: 586764K->32370K(613440K), 0.0184183 secs] 604087K->49693K(2029056K), 0.0185043 secs] [Times: user=0.13 sys=0.00, real=0.02 secs] 
2020-09-29T18:24:58.326+0200: 71.296: [GC (Allocation Failure) 2020-09-29T18:24:58.326+0200: 71.296: [ParNew: 577714K->54872K(613440K), 0.0320317 secs] 595037K->72195K(2029056K), 0.0321172 secs] [Times: user=0.25 sys=0.00, real=0.03 secs] 
2020-09-29T18:24:58.411+0200: 71.381: [GC (Allocation Failure) 2020-09-29T18:24:58.411+0200: 71.381: [ParNew: 600216K->64264K(613440K), 0.0320967 secs] 617539K->81587K(2029056K), 0.0321830 secs] [Times: user=0.23 sys=0.00, real=0.03 secs] 
2020-09-29T18:24:58.500+0200: 71.470: [GC (Allocation Failure) 2020-09-29T18:24:58.500+0200: 71.470: [ParNew: 609608K->46270K(613440K), 0.0218932 secs] 626931K->63593K(2029056K), 0.0219778 secs] [Times: user=0.25 sys=0.00, real=0.02 secs] 
2020-09-29T18:24:58.579+0200: 71.549: [GC (Allocation Failure) 2020-09-29T18:24:58.579+0200: 71.549: [ParNew: 591614K->35223K(613440K), 0.0235470 secs] 608937K->52546K(2029056K), 0.0236230 secs] [Times: user=0.22 sys=0.00, real=0.02 secs] 
2020-09-29T18:24:58.658+0200: 71.628: [GC (Allocation Failure) 2020-09-29T18:24:58.658+0200: 71.628: [ParNew: 580567K->34210K(613440K), 0.0209530 secs] 597890K->51533K(2029056K), 0.0210263 secs] [Times: user=0.25 sys=0.00, real=0.02 secs] 
2020-09-29T18:24:58.734+0200: 71.704: [GC (Allocation Failure) 2020-09-29T18:24:58.734+0200: 71.704: [ParNew: 579554K->53127K(613440K), 0.0280785 secs] 596877K->70450K(2029056K), 0.0281476 secs] [Times: user=0.25 sys=0.00, real=0.03 secs] 
2020-09-29T18:24:58.813+0200: 71.783: [GC (Allocation Failure) 2020-09-29T18:24:58.813+0200: 71.783: [ParNew: 598471K->65602K(613440K), 0.0346302 secs] 615794K->82925K(2029056K), 0.0346971 secs] [Times: user=0.38 sys=0.00, real=0.04 secs] 
2020-09-29T18:24:58.896+0200: 71.866: [GC (Allocation Failure) 2020-09-29T18:24:58.896+0200: 71.866: [ParNew: 610946K->53754K(613440K), 0.0265723 secs] 628269K->71077K(2029056K), 0.0266384 secs] [Times: user=0.13 sys=0.00, real=0.03 secs] 
2020-09-29T18:24:58.981+0200: 71.951: [GC (Allocation Failure) 2020-09-29T18:24:58.981+0200: 71.951: [ParNew: 599098K->68096K(613440K), 0.0328129 secs] 616421K->85787K(2029056K), 0.0328792 secs] [Times: user=0.25 sys=0.00, real=0.03 secs] 
2020-09-29T18:24:59.067+0200: 72.037: [GC (Allocation Failure) 2020-09-29T18:24:59.067+0200: 72.037: [ParNew: 613440K->52195K(613440K), 0.0244305 secs] 631131K->69886K(2029056K), 0.0245041 secs] [Times: user=0.13 sys=0.00, real=0.02 secs] 
2020-09-29T18:24:59.153+0200: 72.123: [GC (Allocation Failure) 2020-09-29T18:24:59.153+0200: 72.123: [ParNew: 597539K->44842K(613440K), 0.0240114 secs] 615230K->62534K(2029056K), 0.0240959 secs] [Times: user=0.23 sys=0.00, real=0.02 secs] 
2020-09-29T18:24:59.225+0200: 72.195: [GC (Allocation Failure) 2020-09-29T18:24:59.225+0200: 72.195: [ParNew: 590186K->54159K(613440K), 0.0277032 secs] 607878K->71850K(2029056K), 0.0277740 secs] [Times: user=0.13 sys=0.00, real=0.03 secs] 
2020-09-29T18:24:59.311+0200: 72.281: [GC (Allocation Failure) 2020-09-29T18:24:59.311+0200: 72.281: [ParNew: 599503K->41234K(613440K), 0.0228257 secs] 617194K->58926K(2029056K), 0.0228946 secs] [Times: user=0.23 sys=0.00, real=0.02 secs] 
2020-09-29T18:24:59.397+0200: 72.367: [GC (Allocation Failure) 2020-09-29T18:24:59.397+0200: 72.367: [ParNew: 586578K->57736K(613440K), 0.0274132 secs] 604270K->75427K(2029056K), 0.0274948 secs] [Times: user=0.13 sys=0.00, real=0.03 secs] 
2020-09-29T18:24:59.472+0200: 72.442: [GC (Allocation Failure) 2020-09-29T18:24:59.472+0200: 72.442: [ParNew: 603080K->40353K(613440K), 0.0181048 secs] 620771K->58045K(2029056K), 0.0181755 secs] [Times: user=0.25 sys=0.00, real=0.02 secs] 
2020-09-29T18:24:59.544+0200: 72.514: [GC (Allocation Failure) 2020-09-29T18:24:59.544+0200: 72.514: [ParNew: 585697K->53914K(613440K), 0.0305110 secs] 603389K->71605K(2029056K), 0.0305836 secs] [Times: user=0.25 sys=0.00, real=0.03 secs] 
2020-09-29T18:24:59.628+0200: 72.597: [GC (Allocation Failure) 2020-09-29T18:24:59.628+0200: 72.598: [ParNew: 599258K->64445K(613440K), 0.0300020 secs] 616949K->82136K(2029056K), 0.0300746 secs] [Times: user=0.25 sys=0.00, real=0.03 secs] 
2020-09-29T18:24:59.711+0200: 72.681: [GC (Allocation Failure) 2020-09-29T18:24:59.711+0200: 72.681: [ParNew: 609789K->52277K(613440K), 0.0313987 secs] 627480K->69968K(2029056K), 0.0314668 secs] [Times: user=0.25 sys=0.00, real=0.03 secs] 
2020-09-29T18:24:59.790+0200: 72.760: [GC (Allocation Failure) 2020-09-29T18:24:59.790+0200: 72.760: [ParNew: 597621K->43294K(613440K), 0.0201797 secs] 615312K->60986K(2029056K), 0.0202484 secs] [Times: user=0.13 sys=0.00, real=0.02 secs] 
2020-09-29T18:24:59.867+0200: 72.837: [GC (Allocation Failure) 2020-09-29T18:24:59.867+0200: 72.837: [ParNew: 588638K->40734K(613440K), 0.0251281 secs] 606330K->58426K(2029056K), 0.0251999 secs] [Times: user=0.13 sys=0.00, real=0.02 secs] 
2020-09-29T18:24:59.940+0200: 72.910: [GC (Allocation Failure) 2020-09-29T18:24:59.940+0200: 72.910: [ParNew: 586078K->60580K(613440K), 0.0315865 secs] 603770K->78272K(2029056K), 0.0316569 secs] [Times: user=0.25 sys=0.00, real=0.03 secs] 
2020-09-29T18:25:00.023+0200: 72.993: [GC (Allocation Failure) 2020-09-29T18:25:00.023+0200: 72.993: [ParNew: 605924K->62041K(613440K), 0.0297334 secs] 623616K->79732K(2029056K), 0.0298076 secs] [Times: user=0.25 sys=0.00, real=0.03 secs] 
2020-09-29T18:25:00.102+0200: 73.072: [GC (Allocation Failure) 2020-09-29T18:25:00.102+0200: 73.072: [ParNew: 607385K->47845K(613440K), 0.0279895 secs] 625076K->65536K(2029056K), 0.0280600 secs] [Times: user=0.25 sys=0.00, real=0.03 secs] 
2020-09-29T18:25:00.184+0200: 73.154: [GC (Allocation Failure) 2020-09-29T18:25:00.184+0200: 73.154: [ParNew: 593189K->48966K(613440K), 0.0256751 secs] 610880K->66658K(2029056K), 0.0257442 secs] [Times: user=0.25 sys=0.00, real=0.03 secs] 
2020-09-29T18:25:00.258+0200: 73.228: [GC (Allocation Failure) 2020-09-29T18:25:00.258+0200: 73.228: [ParNew: 594310K->43094K(613440K), 0.0252960 secs] 612002K->60786K(2029056K), 0.0253620 secs] [Times: user=0.13 sys=0.00, real=0.03 secs] 
2020-09-29T18:25:00.334+0200: 73.304: [GC (Allocation Failure) 2020-09-29T18:25:00.334+0200: 73.304: [ParNew: 588438K->68096K(613440K), 0.0318882 secs] 606130K->85787K(2029056K), 0.0319814 secs] [Times: user=0.25 sys=0.00, real=0.03 secs] 
2020-09-29T18:25:00.415+0200: 73.385: [GC (Allocation Failure) 2020-09-29T18:25:00.415+0200: 73.385: [ParNew: 613440K->65124K(613440K), 0.0304620 secs] 631131K->82816K(2029056K), 0.0305484 secs] [Times: user=0.25 sys=0.00, real=0.03 secs] 
2020-09-29T18:25:00.494+0200: 73.464: [GC (Allocation Failure) 2020-09-29T18:25:00.494+0200: 73.464: [ParNew: 610468K->46078K(613440K), 0.0210085 secs] 628160K->63769K(2029056K), 0.0210736 secs] [Times: user=0.13 sys=0.00, real=0.02 secs] 
2020-09-29T18:25:00.570+0200: 73.540: [GC (Allocation Failure) 2020-09-29T18:25:00.570+0200: 73.540: [ParNew: 591422K->19657K(613440K), 0.0139305 secs] 609113K->37348K(2029056K), 0.0140114 secs] [Times: user=0.11 sys=0.00, real=0.01 secs] 
2020-09-29T18:25:00.648+0200: 73.618: [GC (Allocation Failure) 2020-09-29T18:25:00.648+0200: 73.618: [ParNew: 565001K->59838K(613440K), 0.0346305 secs] 582692K->77529K(2029056K), 0.0347043 secs] [Times: user=0.25 sys=0.00, real=0.04 secs] 
2020-09-29T18:25:00.730+0200: 73.700: [GC (Allocation Failure) 2020-09-29T18:25:00.730+0200: 73.700: [ParNew: 605182K->68096K(613440K), 0.0344955 secs] 622873K->86312K(2029056K), 0.0345851 secs] [Times: user=0.25 sys=0.00, real=0.04 secs] 
2020-09-29T18:25:00.812+0200: 73.782: [GC (Allocation Failure) 2020-09-29T18:25:00.812+0200: 73.782: [ParNew: 613440K->53663K(613440K), 0.0260598 secs] 631656K->71880K(2029056K), 0.0261264 secs] [Times: user=0.25 sys=0.00, real=0.03 secs] 
2020-09-29T18:25:00.895+0200: 73.865: [GC (Allocation Failure) 2020-09-29T18:25:00.895+0200: 73.865: [ParNew: 599007K->42567K(613440K), 0.0253580 secs] 617224K->60784K(2029056K), 0.0254429 secs] [Times: user=0.13 sys=0.00, real=0.03 secs] 
2020-09-29T18:25:00.972+0200: 73.943: [GC (Allocation Failure) 2020-09-29T18:25:00.972+0200: 73.943: [ParNew: 587911K->38484K(613440K), 0.0231506 secs] 606128K->56701K(2029056K), 0.0232185 secs] [Times: user=0.19 sys=0.00, real=0.02 secs] 
2020-09-29T18:25:01.046+0200: 74.017: [GC (Allocation Failure) 2020-09-29T18:25:01.046+0200: 74.017: [ParNew: 583828K->36716K(613440K), 0.0210593 secs] 602045K->54933K(2029056K), 0.0211315 secs] [Times: user=0.25 sys=0.00, real=0.02 secs] 
2020-09-29T18:25:01.121+0200: 74.091: [GC (Allocation Failure) 2020-09-29T18:25:01.121+0200: 74.091: [ParNew: 582060K->57139K(613440K), 0.0282549 secs] 600277K->75356K(2029056K), 0.0283464 secs] [Times: user=0.25 sys=0.00, real=0.03 secs] 
2020-09-29T18:25:01.199+0200: 74.169: [GC (Allocation Failure) 2020-09-29T18:25:01.199+0200: 74.169: [ParNew: 602483K->42054K(613440K), 0.0273621 secs] 620700K->60271K(2029056K), 0.0274429 secs] [Times: user=0.25 sys=0.00, real=0.03 secs] 
2020-09-29T18:25:01.278+0200: 74.248: [GC (Allocation Failure) 2020-09-29T18:25:01.278+0200: 74.248: [ParNew: 587398K->40404K(613440K), 0.0255331 secs] 605615K->58621K(2029056K), 0.0256023 secs] [Times: user=0.25 sys=0.00, real=0.02 secs] 
2020-09-29T18:25:01.354+0200: 74.325: [GC (Allocation Failure) 2020-09-29T18:25:01.354+0200: 74.325: [ParNew: 585748K->39370K(613440K), 0.0251877 secs] 603965K->57587K(2029056K), 0.0252832 secs] [Times: user=0.25 sys=0.00, real=0.03 secs] 
2020-09-29T18:25:01.436+0200: 74.405: [GC (Allocation Failure) 2020-09-29T18:25:01.436+0200: 74.405: [ParNew: 584714K->65875K(613440K), 0.0302953 secs] 602931K->84092K(2029056K), 0.0303648 secs] [Times: user=0.25 sys=0.00, real=0.03 secs] 
2020-09-29T18:25:01.518+0200: 74.487: [GC (Allocation Failure) 2020-09-29T18:25:01.518+0200: 74.487: [ParNew: 611219K->66950K(613440K), 0.0291200 secs] 629436K->85167K(2029056K), 0.0291900 secs] [Times: user=0.25 sys=0.00, real=0.03 secs] 
2020-09-29T18:25:01.597+0200: 74.567: [GC (Allocation Failure) 2020-09-29T18:25:01.597+0200: 74.567: [ParNew: 612294K->45805K(613440K), 0.0207986 secs] 630511K->64022K(2029056K), 0.0208724 secs] [Times: user=0.22 sys=0.00, real=0.02 secs] 
2020-09-29T18:25:01.677+0200: 74.647: [GC (Allocation Failure) 2020-09-29T18:25:01.677+0200: 74.647: [ParNew: 591149K->27512K(613440K), 0.0188359 secs] 609366K->45729K(2029056K), 0.0189064 secs] [Times: user=0.13 sys=0.00, real=0.02 secs] 
2020-09-29T18:25:01.748+0200: 74.717: [GC (Allocation Failure) 2020-09-29T18:25:01.748+0200: 74.717: [ParNew: 572856K->27788K(613440K), 0.0178626 secs] 591073K->46005K(2029056K), 0.0179448 secs] [Times: user=0.13 sys=0.00, real=0.02 secs] 
2020-09-29T18:25:01.819+0200: 74.789: [GC (Allocation Failure) 2020-09-29T18:25:01.819+0200: 74.789: [ParNew: 573132K->47220K(613440K), 0.0253152 secs] 591349K->65437K(2029056K), 0.0253856 secs] [Times: user=0.13 sys=0.00, real=0.03 secs] 
2020-09-29T18:25:01.898+0200: 74.867: [GC (Allocation Failure) 2020-09-29T18:25:01.898+0200: 74.867: [ParNew: 592564K->34795K(613440K), 0.0158175 secs] 610781K->53012K(2029056K), 0.0158892 secs] [Times: user=0.13 sys=0.00, real=0.02 secs] 
2020-09-29T18:25:01.962+0200: 74.931: [GC (Allocation Failure) 2020-09-29T18:25:01.962+0200: 74.931: [ParNew: 580139K->52475K(613440K), 0.0303024 secs] 598356K->70692K(2029056K), 0.0303768 secs] [Times: user=0.25 sys=0.00, real=0.03 secs] 
2020-09-29T18:25:02.041+0200: 75.010: [GC (Allocation Failure) 2020-09-29T18:25:02.041+0200: 75.010: [ParNew: 597819K->66145K(613440K), 0.0301816 secs] 616036K->84362K(2029056K), 0.0302639 secs] [Times: user=0.25 sys=0.00, real=0.03 secs] 
2020-09-29T18:25:02.122+0200: 75.092: [GC (Allocation Failure) 2020-09-29T18:25:02.122+0200: 75.092: [ParNew: 611489K->58697K(613440K), 0.0294191 secs] 629706K->76914K(2029056K), 0.0295029 secs] [Times: user=0.25 sys=0.00, real=0.03 secs] 
2020-09-29T18:25:02.203+0200: 75.172: [GC (Allocation Failure) 2020-09-29T18:25:02.203+0200: 75.172: [ParNew: 604041K->44052K(613440K), 0.0282956 secs] 622258K->62269K(2029056K), 0.0283882 secs] [Times: user=0.25 sys=0.00, real=0.03 secs] 
2020-09-29T18:25:02.284+0200: 75.254: [GC (Allocation Failure) 2020-09-29T18:25:02.284+0200: 75.254: [ParNew: 589396K->45416K(613440K), 0.0264736 secs] 607613K->63633K(2029056K), 0.0265607 secs] [Times: user=0.25 sys=0.00, real=0.03 secs] 
2020-09-29T18:25:02.361+0200: 75.330: [GC (Allocation Failure) 2020-09-29T18:25:02.361+0200: 75.330: [ParNew: 590760K->42246K(613440K), 0.0253292 secs] 608977K->60463K(2029056K), 0.0254174 secs] [Times: user=0.25 sys=0.00, real=0.02 secs] 
2020-09-29T18:25:02.438+0200: 75.407: [GC (Allocation Failure) 2020-09-29T18:25:02.438+0200: 75.407: [ParNew: 587590K->39908K(613440K), 0.0222724 secs] 605807K->58125K(2029056K), 0.0223399 secs] [Times: user=0.25 sys=0.00, real=0.02 secs] 
2020-09-29T18:25:02.513+0200: 75.482: [GC (Allocation Failure) 2020-09-29T18:25:02.513+0200: 75.482: [ParNew: 585252K->57842K(613440K), 0.0301838 secs] 603469K->76059K(2029056K), 0.0302515 secs] [Times: user=0.25 sys=0.00, real=0.03 secs] 
2020-09-29T18:25:02.595+0200: 75.564: [GC (Allocation Failure) 2020-09-29T18:25:02.595+0200: 75.564: [ParNew: 603186K->42083K(613440K), 0.0228731 secs] 621403K->60300K(2029056K), 0.0229430 secs] [Times: user=0.23 sys=0.00, real=0.02 secs] 
2020-09-29T18:25:02.677+0200: 75.646: [GC (Allocation Failure) 2020-09-29T18:25:02.677+0200: 75.646: [ParNew: 587427K->59901K(613440K), 0.0265815 secs] 605644K->78117K(2029056K), 0.0266569 secs] [Times: user=0.13 sys=0.00, real=0.03 secs] 
2020-09-29T18:25:02.755+0200: 75.724: [GC (Allocation Failure) 2020-09-29T18:25:02.755+0200: 75.725: [ParNew: 605245K->43661K(613440K), 0.0257144 secs] 623461K->61878K(2029056K), 0.0257969 secs] [Times: user=0.13 sys=0.00, real=0.03 secs] 
2020-09-29T18:25:02.833+0200: 75.802: [GC (Allocation Failure) 2020-09-29T18:25:02.833+0200: 75.802: [ParNew: 589005K->41413K(613440K), 0.0263984 secs] 607222K->59630K(2029056K), 0.0264721 secs] [Times: user=0.13 sys=0.00, real=0.03 secs] 
2020-09-29T18:25:02.909+0200: 75.878: [GC (Allocation Failure) 2020-09-29T18:25:02.909+0200: 75.878: [ParNew: 586757K->68096K(613440K), 0.0391932 secs] 604974K->86961K(2029056K), 0.0392610 secs] [Times: user=0.38 sys=0.00, real=0.04 secs] 
2020-09-29T18:25:02.996+0200: 75.965: [GC (Allocation Failure) 2020-09-29T18:25:02.996+0200: 75.965: [ParNew: 613440K->53443K(613440K), 0.0225134 secs] 632305K->72308K(2029056K), 0.0225807 secs] [Times: user=0.13 sys=0.00, real=0.02 secs] 
2020-09-29T18:25:03.070+0200: 76.040: [GC (Allocation Failure) 2020-09-29T18:25:03.070+0200: 76.040: [ParNew: 598787K->55379K(613440K), 0.0306137 secs] 617652K->74244K(2029056K), 0.0306997 secs] [Times: user=0.25 sys=0.00, real=0.03 secs] 
2020-09-29T18:25:03.149+0200: 76.118: [GC (Allocation Failure) 2020-09-29T18:25:03.149+0200: 76.118: [ParNew: 600723K->47441K(613440K), 0.0161395 secs] 619588K->66306K(2029056K), 0.0161940 secs] [Times: user=0.13 sys=0.00, real=0.02 secs] 
2020-09-29T18:25:03.212+0200: 76.182: [GC (Allocation Failure) 2020-09-29T18:25:03.212+0200: 76.182: [ParNew: 592785K->64854K(613440K), 0.0255016 secs] 611650K->83720K(2029056K), 0.0255689 secs] [Times: user=0.13 sys=0.00, real=0.03 secs] 
2020-09-29T18:25:03.285+0200: 76.254: [GC (Allocation Failure) 2020-09-29T18:25:03.285+0200: 76.254: [ParNew: 610198K->47894K(613440K), 0.0131114 secs] 629064K->66759K(2029056K), 0.0131645 secs] [Times: user=0.13 sys=0.00, real=0.01 secs] 
2020-09-29T18:25:03.346+0200: 76.315: [GC (Allocation Failure) 2020-09-29T18:25:03.346+0200: 76.315: [ParNew: 593238K->60911K(613440K), 0.0255590 secs] 612103K->79777K(2029056K), 0.0256255 secs] [Times: user=0.25 sys=0.00, real=0.03 secs] 
2020-09-29T18:25:03.419+0200: 76.389: [GC (Allocation Failure) 2020-09-29T18:25:03.419+0200: 76.389: [ParNew: 606255K->68096K(613440K), 0.0238240 secs] 625121K->87162K(2029056K), 0.0238861 secs] [Times: user=0.25 sys=0.00, real=0.02 secs] 
2020-09-29T18:25:03.490+0200: 76.460: [GC (Allocation Failure) 2020-09-29T18:25:03.490+0200: 76.460: [ParNew: 613440K->47449K(613440K), 0.0114022 secs] 632506K->66515K(2029056K), 0.0114878 secs] [Times: user=0.00 sys=0.00, real=0.01 secs] 
2020-09-29T18:25:03.555+0200: 76.524: [GC (Allocation Failure) 2020-09-29T18:25:03.555+0200: 76.524: [ParNew: 592793K->52782K(613440K), 0.0231806 secs] 611859K->71849K(2029056K), 0.0232455 secs] [Times: user=0.13 sys=0.00, real=0.02 secs] 
2020-09-29T18:25:03.627+0200: 76.596: [GC (Allocation Failure) 2020-09-29T18:25:03.627+0200: 76.596: [ParNew: 598126K->67502K(613440K), 0.0228956 secs] 617193K->86568K(2029056K), 0.0229569 secs] [Times: user=0.23 sys=0.00, real=0.02 secs] 
2020-09-29T18:25:03.697+0200: 76.667: [GC (Allocation Failure) 2020-09-29T18:25:03.698+0200: 76.667: [ParNew: 612846K->51468K(613440K), 0.0214560 secs] 631912K->70534K(2029056K), 0.0215205 secs] [Times: user=0.13 sys=0.00, real=0.02 secs] 
2020-09-29T18:25:03.765+0200: 76.735: [GC (Allocation Failure) 2020-09-29T18:25:03.765+0200: 76.735: [ParNew: 596812K->39901K(613440K), 0.0159849 secs] 615878K->58967K(2029056K), 0.0160539 secs] [Times: user=0.13 sys=0.00, real=0.02 secs] 
2020-09-29T18:25:03.828+0200: 76.798: [GC (Allocation Failure) 2020-09-29T18:25:03.828+0200: 76.798: [ParNew: 585245K->36404K(613440K), 0.0146308 secs] 604311K->55470K(2029056K), 0.0146871 secs] [Times: user=0.13 sys=0.00, real=0.01 secs] 
2020-09-29T18:25:03.896+0200: 76.866: [GC (Allocation Failure) 2020-09-29T18:25:03.896+0200: 76.866: [ParNew: 581748K->48603K(613440K), 0.0200034 secs] 600814K->67669K(2029056K), 0.0200696 secs] [Times: user=0.13 sys=0.00, real=0.02 secs] 
2020-09-29T18:25:03.964+0200: 76.934: [GC (Allocation Failure) 2020-09-29T18:25:03.964+0200: 76.934: [ParNew: 593947K->31828K(613440K), 0.0136952 secs] 613013K->50894K(2029056K), 0.0137648 secs] [Times: user=0.13 sys=0.00, real=0.01 secs] 
2020-09-29T18:25:04.028+0200: 76.998: [GC (Allocation Failure) 2020-09-29T18:25:04.028+0200: 76.998: [ParNew: 577172K->33623K(613440K), 0.0172937 secs] 596238K->52689K(2029056K), 0.0173513 secs] [Times: user=0.13 sys=0.00, real=0.02 secs] 
2020-09-29T18:25:04.094+0200: 77.064: [GC (Allocation Failure) 2020-09-29T18:25:04.094+0200: 77.064: [ParNew: 578967K->52643K(613440K), 0.0213852 secs] 598033K->71709K(2029056K), 0.0283641 secs] [Times: user=0.25 sys=0.00, real=0.03 secs] 
2020-09-29T18:25:04.179+0200: 77.148: [GC (Allocation Failure) 2020-09-29T18:25:04.179+0200: 77.148: [ParNew: 597987K->46166K(613440K), 0.0145640 secs] 617053K->65232K(2029056K), 0.0146227 secs] [Times: user=0.13 sys=0.00, real=0.01 secs] 
2020-09-29T18:25:04.244+0200: 77.214: [GC (Allocation Failure) 2020-09-29T18:25:04.244+0200: 77.214: [ParNew: 591510K->43036K(613440K), 0.0196005 secs] 610576K->62102K(2029056K), 0.0196549 secs] [Times: user=0.13 sys=0.00, real=0.02 secs] 
2020-09-29T18:25:04.314+0200: 77.283: [GC (Allocation Failure) 2020-09-29T18:25:04.314+0200: 77.283: [ParNew: 588380K->54594K(613440K), 0.0203793 secs] 607446K->73660K(2029056K), 0.0204286 secs] [Times: user=0.23 sys=0.00, real=0.02 secs] 
2020-09-29T18:25:04.386+0200: 77.355: [GC (Allocation Failure) 2020-09-29T18:25:04.386+0200: 77.355: [ParNew: 599938K->42338K(613440K), 0.0202508 secs] 619004K->61404K(2029056K), 0.0203357 secs] [Times: user=0.13 sys=0.00, real=0.02 secs] 
2020-09-29T18:25:04.458+0200: 77.428: [GC (Allocation Failure) 2020-09-29T18:25:04.458+0200: 77.428: [ParNew: 587682K->43143K(613440K), 0.0174519 secs] 606748K->62210K(2029056K), 0.0175099 secs] [Times: user=0.13 sys=0.00, real=0.02 secs] 
2020-09-29T18:25:04.522+0200: 77.492: [GC (Allocation Failure) 2020-09-29T18:25:04.523+0200: 77.492: [ParNew: 588487K->34997K(613440K), 0.0122124 secs] 607554K->54063K(2029056K), 0.0122739 secs] [Times: user=0.00 sys=0.00, real=0.01 secs] 
2020-09-29T18:25:04.586+0200: 77.555: [GC (Allocation Failure) 2020-09-29T18:25:04.586+0200: 77.555: [ParNew: 580341K->31421K(613440K), 0.0168137 secs] 599407K->50487K(2029056K), 0.0168682 secs] [Times: user=0.11 sys=0.00, real=0.02 secs] 
2020-09-29T18:25:04.653+0200: 77.622: [GC (Allocation Failure) 2020-09-29T18:25:04.653+0200: 77.622: [ParNew: 576765K->25070K(613440K), 0.0107242 secs] 595831K->44136K(2029056K), 0.0107829 secs] [Times: user=0.13 sys=0.00, real=0.01 secs] 
2020-09-29T18:25:04.716+0200: 77.686: [GC (Allocation Failure) 2020-09-29T18:25:04.716+0200: 77.686: [ParNew: 570414K->27849K(613440K), 0.0130149 secs] 589480K->46915K(2029056K), 0.0130733 secs] [Times: user=0.13 sys=0.00, real=0.01 secs] 
2020-09-29T18:25:04.776+0200: 77.745: [GC (Allocation Failure) 2020-09-29T18:25:04.776+0200: 77.745: [ParNew: 573193K->34668K(613440K), 0.0139975 secs] 592259K->53734K(2029056K), 0.0140713 secs] [Times: user=0.13 sys=0.00, real=0.01 secs] 
2020-09-29T18:25:04.840+0200: 77.810: [GC (Allocation Failure) 2020-09-29T18:25:04.840+0200: 77.810: [ParNew: 580012K->40625K(613440K), 0.0195543 secs] 599078K->59691K(2029056K), 0.0196093 secs] [Times: user=0.11 sys=0.00, real=0.02 secs] 
2020-09-29T18:25:04.908+0200: 77.877: [GC (Allocation Failure) 2020-09-29T18:25:04.908+0200: 77.877: [ParNew: 585969K->37321K(613440K), 0.0171839 secs] 605035K->56387K(2029056K), 0.0172595 secs] [Times: user=0.11 sys=0.00, real=0.02 secs] 
2020-09-29T18:25:04.973+0200: 77.942: [GC (Allocation Failure) 2020-09-29T18:25:04.973+0200: 77.942: [ParNew: 582665K->58818K(613440K), 0.0206567 secs] 601731K->77885K(2029056K), 0.0207362 secs] [Times: user=0.25 sys=0.00, real=0.02 secs] 
2020-09-29T18:25:05.041+0200: 78.010: [GC (Allocation Failure) 2020-09-29T18:25:05.041+0200: 78.010: [ParNew: 604162K->45870K(613440K), 0.0203594 secs] 623229K->64936K(2029056K), 0.0204144 secs] [Times: user=0.13 sys=0.00, real=0.02 secs] 
2020-09-29T18:25:05.109+0200: 78.079: [GC (Allocation Failure) 2020-09-29T18:25:05.109+0200: 78.079: [ParNew: 591214K->47147K(613440K), 0.0199801 secs] 610280K->66213K(2029056K), 0.0200686 secs] [Times: user=0.13 sys=0.00, real=0.02 secs] 
2020-09-29T18:25:05.176+0200: 78.145: [GC (Allocation Failure) 2020-09-29T18:25:05.176+0200: 78.145: [ParNew: 592491K->45075K(613440K), 0.0187960 secs] 611557K->64141K(2029056K), 0.0188576 secs] [Times: user=0.25 sys=0.00, real=0.02 secs] 
2020-09-29T18:25:05.242+0200: 78.212: [GC (Allocation Failure) 2020-09-29T18:25:05.242+0200: 78.212: [ParNew: 590419K->36030K(613440K), 0.0126858 secs] 609485K->55096K(2029056K), 0.0127537 secs] [Times: user=0.13 sys=0.00, real=0.01 secs] 
2020-09-29T18:25:05.315+0200: 78.285: [GC (Allocation Failure) 2020-09-29T18:25:05.315+0200: 78.285: [ParNew: 581374K->49149K(613440K), 0.0229466 secs] 600440K->68216K(2029056K), 0.0230166 secs] [Times: user=0.23 sys=0.00, real=0.02 secs] 
2020-09-29T18:25:05.391+0200: 78.360: [GC (Allocation Failure) 2020-09-29T18:25:05.391+0200: 78.360: [ParNew: 594493K->42541K(613440K), 0.0166313 secs] 613560K->61608K(2029056K), 0.0167021 secs] [Times: user=0.13 sys=0.00, real=0.02 secs] 
2020-09-29T18:25:05.461+0200: 78.431: [GC (Allocation Failure) 2020-09-29T18:25:05.461+0200: 78.431: [ParNew: 587885K->58512K(613440K), 0.0206502 secs] 606952K->77579K(2029056K), 0.0207212 secs] [Times: user=0.13 sys=0.00, real=0.02 secs] 
2020-09-29T18:25:05.533+0200: 78.503: [GC (Allocation Failure) 2020-09-29T18:25:05.533+0200: 78.503: [ParNew: 603856K->49377K(613440K), 0.0150877 secs] 622923K->68444K(2029056K), 0.0151558 secs] [Times: user=0.13 sys=0.00, real=0.02 secs] 
2020-09-29T18:25:05.597+0200: 78.567: [GC (Allocation Failure) 2020-09-29T18:25:05.597+0200: 78.567: [ParNew: 594721K->57436K(613440K), 0.0274911 secs] 613788K->76502K(2029056K), 0.0275549 secs] [Times: user=0.22 sys=0.00, real=0.03 secs] 
2020-09-29T18:25:05.672+0200: 78.642: [GC (Allocation Failure) 2020-09-29T18:25:05.672+0200: 78.642: [ParNew: 602780K->52587K(613440K), 0.0185003 secs] 621846K->71653K(2029056K), 0.0186300 secs] [Times: user=0.13 sys=0.00, real=0.02 secs] 
2020-09-29T18:25:05.739+0200: 78.708: [GC (Allocation Failure) 2020-09-29T18:25:05.739+0200: 78.708: [ParNew: 597931K->46583K(613440K), 0.0183578 secs] 616997K->65650K(2029056K), 0.0184160 secs] [Times: user=0.13 sys=0.00, real=0.02 secs] 
2020-09-29T18:25:05.804+0200: 78.774: [GC (Allocation Failure) 2020-09-29T18:25:05.804+0200: 78.774: [ParNew: 591927K->42784K(613440K), 0.0174541 secs] 610994K->61850K(2029056K), 0.0175153 secs] [Times: user=0.13 sys=0.00, real=0.02 secs] 
2020-09-29T18:25:05.873+0200: 78.843: [GC (Allocation Failure) 2020-09-29T18:25:05.873+0200: 78.843: [ParNew: 588128K->39420K(613440K), 0.0174579 secs] 607194K->58486K(2029056K), 0.0175142 secs] [Times: user=0.13 sys=0.00, real=0.02 secs] 
2020-09-29T18:25:05.938+0200: 78.907: [GC (Allocation Failure) 2020-09-29T18:25:05.938+0200: 78.907: [ParNew: 584764K->63429K(613440K), 0.0222789 secs] 603830K->82495K(2029056K), 0.0223567 secs] [Times: user=0.25 sys=0.00, real=0.02 secs] 
2020-09-29T18:25:06.008+0200: 78.977: [GC (Allocation Failure) 2020-09-29T18:25:06.008+0200: 78.977: [ParNew: 608773K->42582K(613440K), 0.0159719 secs] 627839K->61649K(2029056K), 0.0160287 secs] [Times: user=0.13 sys=0.00, real=0.02 secs] 
2020-09-29T18:25:06.070+0200: 79.039: [GC (Allocation Failure) 2020-09-29T18:25:06.070+0200: 79.039: [ParNew: 587926K->40837K(613440K), 0.0134569 secs] 606993K->59904K(2029056K), 0.0135097 secs] [Times: user=0.11 sys=0.00, real=0.01 secs] 
2020-09-29T18:25:06.133+0200: 79.103: [GC (Allocation Failure) 2020-09-29T18:25:06.133+0200: 79.103: [ParNew: 586181K->43880K(613440K), 0.0200822 secs] 605248K->62946K(2029056K), 0.0201471 secs] [Times: user=0.13 sys=0.00, real=0.02 secs] 
2020-09-29T18:25:06.200+0200: 79.170: [GC (Allocation Failure) 2020-09-29T18:25:06.200+0200: 79.170: [ParNew: 589224K->55791K(613440K), 0.0198884 secs] 608290K->74857K(2029056K), 0.0199717 secs] [Times: user=0.13 sys=0.00, real=0.02 secs] 
2020-09-29T18:25:06.267+0200: 79.237: [GC (Allocation Failure) 2020-09-29T18:25:06.267+0200: 79.237: [ParNew: 601135K->37599K(613440K), 0.0188725 secs] 620201K->56665K(2029056K), 0.0189294 secs] [Times: user=0.25 sys=0.00, real=0.02 secs] 
2020-09-29T18:25:06.335+0200: 79.304: [GC (Allocation Failure) 2020-09-29T18:25:06.335+0200: 79.304: [ParNew: 582943K->64156K(613440K), 0.0228317 secs] 602009K->83223K(2029056K), 0.0228882 secs] [Times: user=0.13 sys=0.00, real=0.02 secs] 
2020-09-29T18:25:06.406+0200: 79.375: [GC (Allocation Failure) 2020-09-29T18:25:06.406+0200: 79.375: [ParNew: 609500K->40752K(613440K), 0.0105462 secs] 628567K->59819K(2029056K), 0.0106001 secs] [Times: user=0.13 sys=0.00, real=0.01 secs] 
2020-09-29T18:25:06.468+0200: 79.437: [GC (Allocation Failure) 2020-09-29T18:25:06.468+0200: 79.437: [ParNew: 586096K->32720K(613440K), 0.0153106 secs] 605163K->51786K(2029056K), 0.0153878 secs] [Times: user=0.13 sys=0.00, real=0.02 secs] 
2020-09-29T18:25:06.534+0200: 79.503: [GC (Allocation Failure) 2020-09-29T18:25:06.534+0200: 79.503: [ParNew: 578064K->45254K(613440K), 0.0194796 secs] 597130K->64320K(2029056K), 0.0195552 secs] [Times: user=0.25 sys=0.00, real=0.02 secs] 
2020-09-29T18:25:06.606+0200: 79.576: [GC (Allocation Failure) 2020-09-29T18:25:06.606+0200: 79.576: [ParNew: 590598K->35900K(613440K), 0.0132245 secs] 609664K->54966K(2029056K), 0.0132820 secs] [Times: user=0.13 sys=0.00, real=0.01 secs] 
2020-09-29T18:25:06.674+0200: 79.643: [GC (Allocation Failure) 2020-09-29T18:25:06.674+0200: 79.643: [ParNew: 581244K->21086K(613440K), 0.0124907 secs] 600310K->40152K(2029056K), 0.0125532 secs] [Times: user=0.13 sys=0.00, real=0.01 secs] 
2020-09-29T18:25:06.741+0200: 79.710: [GC (Allocation Failure) 2020-09-29T18:25:06.741+0200: 79.710: [ParNew: 566430K->51752K(613440K), 0.0234734 secs] 585496K->70818K(2029056K), 0.0235352 secs] [Times: user=0.13 sys=0.00, real=0.02 secs] 
2020-09-29T18:25:06.815+0200: 79.784: [GC (Allocation Failure) 2020-09-29T18:25:06.815+0200: 79.784: [ParNew: 597096K->41611K(613440K), 0.0161727 secs] 616162K->60678K(2029056K), 0.0162443 secs] [Times: user=0.13 sys=0.00, real=0.01 secs] 
2020-09-29T18:25:06.888+0200: 79.857: [GC (Allocation Failure) 2020-09-29T18:25:06.888+0200: 79.857: [ParNew: 586955K->57145K(613440K), 0.0198345 secs] 606022K->76211K(2029056K), 0.0198995 secs] [Times: user=0.13 sys=0.00, real=0.02 secs] 
2020-09-29T18:25:06.961+0200: 79.930: [GC (Allocation Failure) 2020-09-29T18:25:06.961+0200: 79.930: [ParNew: 602489K->68096K(613440K), 0.0250332 secs] 621555K->87162K(2029056K), 0.0250905 secs] [Times: user=0.13 sys=0.00, real=0.03 secs] 
2020-09-29T18:25:07.033+0200: 80.002: [GC (Allocation Failure) 2020-09-29T18:25:07.033+0200: 80.002: [ParNew: 613440K->68096K(613440K), 0.0243091 secs] 632506K->87187K(2029056K), 0.0243688 secs] [Times: user=0.25 sys=0.00, real=0.02 secs] 
2020-09-29T18:25:07.104+0200: 80.073: [GC (Allocation Failure) 2020-09-29T18:25:07.104+0200: 80.073: [ParNew: 613440K->48753K(613440K), 0.0173532 secs] 632531K->67845K(2029056K), 0.0174273 secs] [Times: user=0.13 sys=0.00, real=0.02 secs] 
2020-09-29T18:25:07.168+0200: 80.137: [GC (Allocation Failure) 2020-09-29T18:25:07.168+0200: 80.137: [ParNew: 594097K->68096K(613440K), 0.0222406 secs] 613189K->87187K(2029056K), 0.0223033 secs] [Times: user=0.13 sys=0.00, real=0.02 secs] 
2020-09-29T18:25:07.237+0200: 80.206: [GC (Allocation Failure) 2020-09-29T18:25:07.237+0200: 80.206: [ParNew: 613440K->68096K(613440K), 0.0271366 secs] 632531K->88709K(2029056K), 0.0271942 secs] [Times: user=0.25 sys=0.00, real=0.03 secs] 
2020-09-29T18:25:07.311+0200: 80.280: [GC (Allocation Failure) 2020-09-29T18:25:07.311+0200: 80.280: [ParNew: 613440K->59682K(613440K), 0.0206382 secs] 634053K->80295K(2029056K), 0.0207055 secs] [Times: user=0.13 sys=0.00, real=0.02 secs] 
2020-09-29T18:25:07.379+0200: 80.348: [GC (Allocation Failure) 2020-09-29T18:25:07.379+0200: 80.348: [ParNew: 605026K->50137K(613440K), 0.0206155 secs] 625639K->70750K(2029056K), 0.0206849 secs] [Times: user=0.25 sys=0.00, real=0.02 secs] 
2020-09-29T18:25:07.447+0200: 80.417: [GC (Allocation Failure) 2020-09-29T18:25:07.447+0200: 80.417: [ParNew: 595481K->50468K(613440K), 0.0185296 secs] 616094K->71081K(2029056K), 0.0186058 secs] [Times: user=0.13 sys=0.00, real=0.02 secs] 
2020-09-29T18:25:07.514+0200: 80.484: [GC (Allocation Failure) 2020-09-29T18:25:07.514+0200: 80.484: [ParNew: 595812K->68096K(613440K), 0.0292635 secs] 616425K->90530K(2029056K), 0.0293141 secs] [Times: user=0.25 sys=0.00, real=0.03 secs] 
2020-09-29T18:25:07.592+0200: 80.561: [GC (Allocation Failure) 2020-09-29T18:25:07.592+0200: 80.561: [ParNew: 613440K->55894K(613440K), 0.0175507 secs] 635874K->78329K(2029056K), 0.0176211 secs] [Times: user=0.13 sys=0.00, real=0.02 secs] 
2020-09-29T18:25:07.659+0200: 80.628: [GC (Allocation Failure) 2020-09-29T18:25:07.659+0200: 80.628: [ParNew: 601238K->43050K(613440K), 0.0180750 secs] 623673K->65485K(2029056K), 0.0181525 secs] [Times: user=0.14 sys=0.03, real=0.02 secs] 
2020-09-29T18:25:07.723+0200: 80.692: [GC (Allocation Failure) 2020-09-29T18:25:07.723+0200: 80.692: [ParNew: 588394K->58278K(613440K), 0.0206833 secs] 610829K->80712K(2029056K), 0.0207431 secs] [Times: user=0.25 sys=0.00, real=0.02 secs] 
2020-09-29T18:25:07.796+0200: 80.765: [GC (Allocation Failure) 2020-09-29T18:25:07.796+0200: 80.765: [ParNew: 603622K->59204K(613440K), 0.0209136 secs] 626056K->81639K(2029056K), 0.0209690 secs] [Times: user=0.13 sys=0.00, real=0.02 secs] 
2020-09-29T18:25:07.864+0200: 80.833: [GC (Allocation Failure) 2020-09-29T18:25:07.864+0200: 80.833: [ParNew: 604548K->45589K(613440K), 0.0199322 secs] 626983K->68024K(2029056K), 0.0199904 secs] [Times: user=0.13 sys=0.00, real=0.02 secs] 
2020-09-29T18:25:07.933+0200: 80.902: [GC (Allocation Failure) 2020-09-29T18:25:07.933+0200: 80.902: [ParNew: 590933K->68096K(613440K), 0.0262498 secs] 613368K->90530K(2029056K), 0.0263298 secs] [Times: user=0.25 sys=0.00, real=0.03 secs] 
2020-09-29T18:25:08.006+0200: 80.976: [GC (Allocation Failure) 2020-09-29T18:25:08.006+0200: 80.976: [ParNew: 613440K->50541K(613440K), 0.0229993 secs] 635874K->72976K(2029056K), 0.0230615 secs] [Times: user=0.13 sys=0.00, real=0.02 secs] 
2020-09-29T18:25:08.078+0200: 81.047: [GC (Allocation Failure) 2020-09-29T18:25:08.078+0200: 81.047: [ParNew: 595885K->49493K(613440K), 0.0174121 secs] 618320K->71928K(2029056K), 0.0174748 secs] [Times: user=0.13 sys=0.00, real=0.02 secs] 
2020-09-29T18:25:08.143+0200: 81.112: [GC (Allocation Failure) 2020-09-29T18:25:08.143+0200: 81.112: [ParNew: 594837K->27214K(613440K), 0.0095185 secs] 617272K->49648K(2029056K), 0.0095783 secs] [Times: user=0.13 sys=0.00, real=0.01 secs] 
2020-09-29T18:25:08.212+0200: 81.182: [GC (Allocation Failure) 2020-09-29T18:25:08.214+0200: 81.183: [ParNew: 572558K->45977K(613440K), 0.0202686 secs] 594992K->68412K(2029056K), 0.0216842 secs] [Times: user=0.13 sys=0.00, real=0.02 secs] 
2020-09-29T18:25:08.283+0200: 81.252: [GC (Allocation Failure) 2020-09-29T18:25:08.283+0200: 81.252: [ParNew: 591321K->55516K(613440K), 0.0211483 secs] 613756K->77951K(2029056K), 0.0212029 secs] [Times: user=0.24 sys=0.00, real=0.02 secs] 
2020-09-29T18:25:08.351+0200: 81.321: [GC (Allocation Failure) 2020-09-29T18:25:08.351+0200: 81.321: [ParNew: 600860K->43796K(613440K), 0.0150492 secs] 623295K->66231K(2029056K), 0.0151194 secs] [Times: user=0.13 sys=0.00, real=0.01 secs] 
2020-09-29T18:25:08.415+0200: 81.385: [GC (Allocation Failure) 2020-09-29T18:25:08.415+0200: 81.385: [ParNew: 589140K->24613K(613440K), 0.0120053 secs] 611575K->47048K(2029056K), 0.0120591 secs] [Times: user=0.13 sys=0.00, real=0.01 secs] 
2020-09-29T18:25:08.477+0200: 81.447: [GC (Allocation Failure) 2020-09-29T18:25:08.477+0200: 81.447: [ParNew: 569957K->58749K(613440K), 0.0231432 secs] 592392K->81184K(2029056K), 0.0232169 secs] [Times: user=0.13 sys=0.00, real=0.02 secs] 
2020-09-29T18:25:08.553+0200: 81.523: [GC (Allocation Failure) 2020-09-29T18:25:08.553+0200: 81.523: [ParNew: 604093K->40471K(613440K), 0.0107831 secs] 626528K->62906K(2029056K), 0.0108437 secs] [Times: user=0.00 sys=0.00, real=0.01 secs] 
2020-09-29T18:25:08.616+0200: 81.586: [GC (Allocation Failure) 2020-09-29T18:25:08.616+0200: 81.586: [ParNew: 585815K->17330K(613440K), 0.0098506 secs] 608250K->39765K(2029056K), 0.0099193 secs] [Times: user=0.00 sys=0.00, real=0.01 secs] 
2020-09-29T18:25:08.675+0200: 81.644: [GC (Allocation Failure) 2020-09-29T18:25:08.675+0200: 81.644: [ParNew: 562674K->12795K(613440K), 0.0091239 secs] 585109K->35230K(2029056K), 0.0091810 secs] [Times: user=0.13 sys=0.00, real=0.01 secs] 
2020-09-29T18:25:08.738+0200: 81.707: [GC (Allocation Failure) 2020-09-29T18:25:08.738+0200: 81.707: [ParNew: 558139K->42243K(613440K), 0.0191284 secs] 580574K->64678K(2029056K), 0.0191830 secs] [Times: user=0.25 sys=0.00, real=0.02 secs] 
2020-09-29T18:25:08.807+0200: 81.777: [GC (Allocation Failure) 2020-09-29T18:25:08.807+0200: 81.777: [ParNew: 587587K->51634K(613440K), 0.0181711 secs] 610022K->74069K(2029056K), 0.0182321 secs] [Times: user=0.13 sys=0.00, real=0.02 secs] 
2020-09-29T18:25:08.878+0200: 81.848: [GC (Allocation Failure) 2020-09-29T18:25:08.878+0200: 81.848: [ParNew: 596978K->65986K(613440K), 0.0248222 secs] 619413K->88421K(2029056K), 0.0248817 secs] [Times: user=0.25 sys=0.00, real=0.03 secs] 
2020-09-29T18:25:08.951+0200: 81.920: [GC (Allocation Failure) 2020-09-29T18:25:08.951+0200: 81.920: [ParNew: 611330K->53781K(613440K), 0.0217915 secs] 633765K->76215K(2029056K), 0.0218517 secs] [Times: user=0.13 sys=0.00, real=0.02 secs] 
2020-09-29T18:25:09.019+0200: 81.988: [GC (Allocation Failure) 2020-09-29T18:25:09.019+0200: 81.988: [ParNew: 599125K->43601K(613440K), 0.0088894 secs] 621559K->66036K(2029056K), 0.0089458 secs] [Times: user=0.13 sys=0.00, real=0.01 secs] 
2020-09-29T18:25:09.080+0200: 82.050: [GC (Allocation Failure) 2020-09-29T18:25:09.080+0200: 82.050: [ParNew: 588945K->47404K(613440K), 0.0197892 secs] 611380K->69839K(2029056K), 0.0198594 secs] [Times: user=0.25 sys=0.00, real=0.02 secs] 
2020-09-29T18:25:09.147+0200: 82.116: [GC (Allocation Failure) 2020-09-29T18:25:09.147+0200: 82.116: [ParNew: 592748K->54505K(613440K), 0.0197728 secs] 615183K->76939K(2029056K), 0.0198356 secs] [Times: user=0.13 sys=0.00, real=0.02 secs] 
2020-09-29T18:25:09.213+0200: 82.183: [GC (Allocation Failure) 2020-09-29T18:25:09.213+0200: 82.183: [ParNew: 599849K->40696K(613440K), 0.0180809 secs] 622283K->63131K(2029056K), 0.0181377 secs] [Times: user=0.13 sys=0.00, real=0.02 secs] 
2020-09-29T18:25:09.278+0200: 82.247: [GC (Allocation Failure) 2020-09-29T18:25:09.278+0200: 82.247: [ParNew: 586040K->64588K(613440K), 0.0218654 secs] 608475K->87022K(2029056K), 0.0219187 secs] [Times: user=0.13 sys=0.00, real=0.02 secs] 
2020-09-29T18:25:09.352+0200: 82.321: [GC (Allocation Failure) 2020-09-29T18:25:09.352+0200: 82.321: [ParNew: 609932K->68096K(613440K), 0.0271409 secs] 632366K->91483K(2029056K), 0.0272127 secs] [Times: user=0.13 sys=0.00, real=0.03 secs] 
2020-09-29T18:25:09.426+0200: 82.395: [GC (Allocation Failure) 2020-09-29T18:25:09.426+0200: 82.395: [ParNew: 613440K->51603K(613440K), 0.0161351 secs] 636827K->74990K(2029056K), 0.0161862 secs] [Times: user=0.25 sys=0.00, real=0.02 secs] 
2020-09-29T18:25:09.496+0200: 82.465: [GC (Allocation Failure) 2020-09-29T18:25:09.496+0200: 82.466: [ParNew: 596947K->51327K(613440K), 0.0205331 secs] 620334K->74715K(2029056K), 0.0205937 secs] [Times: user=0.13 sys=0.00, real=0.02 secs] 
2020-09-29T18:25:09.564+0200: 82.534: [GC (Allocation Failure) 2020-09-29T18:25:09.564+0200: 82.534: [ParNew: 596671K->44358K(613440K), 0.0185689 secs] 620059K->67746K(2029056K), 0.0186809 secs] [Times: user=0.23 sys=0.00, real=0.02 secs] 
2020-09-29T18:25:09.636+0200: 82.606: [GC (Allocation Failure) 2020-09-29T18:25:09.636+0200: 82.606: [ParNew: 589702K->42251K(613440K), 0.0180633 secs] 613090K->65639K(2029056K), 0.0181622 secs] [Times: user=0.13 sys=0.00, real=0.02 secs] 
2020-09-29T18:25:09.705+0200: 82.675: [GC (Allocation Failure) 2020-09-29T18:25:09.705+0200: 82.675: [ParNew: 587595K->33802K(613440K), 0.0104012 secs] 610983K->57190K(2029056K), 0.0104577 secs] [Times: user=0.13 sys=0.00, real=0.01 secs] 
2020-09-29T18:25:09.768+0200: 82.737: [GC (Allocation Failure) 2020-09-29T18:25:09.768+0200: 82.737: [ParNew: 579146K->50791K(613440K), 0.0216788 secs] 602534K->74179K(2029056K), 0.0217507 secs] [Times: user=0.25 sys=0.00, real=0.02 secs] 
2020-09-29T18:25:09.837+0200: 82.807: [GC (Allocation Failure) 2020-09-29T18:25:09.837+0200: 82.807: [ParNew: 596135K->68096K(613440K), 0.0265720 secs] 619523K->91483K(2029056K), 0.0266327 secs] [Times: user=0.25 sys=0.00, real=0.03 secs] 
2020-09-29T18:25:09.912+0200: 82.882: [GC (Allocation Failure) 2020-09-29T18:25:09.912+0200: 82.882: [ParNew: 613440K->54538K(613440K), 0.0220769 secs] 636827K->77926K(2029056K), 0.0221301 secs] [Times: user=0.13 sys=0.00, real=0.02 secs] 
2020-09-29T18:25:09.985+0200: 82.954: [GC (Allocation Failure) 2020-09-29T18:25:09.985+0200: 82.954: [ParNew: 599882K->41473K(613440K), 0.0151722 secs] 623270K->64860K(2029056K), 0.0152281 secs] [Times: user=0.13 sys=0.00, real=0.02 secs] 
2020-09-29T18:25:10.050+0200: 83.019: [GC (Allocation Failure) 2020-09-29T18:25:10.050+0200: 83.019: [ParNew: 586817K->59825K(613440K), 0.0246457 secs] 610204K->83212K(2029056K), 0.0246985 secs] [Times: user=0.25 sys=0.00, real=0.02 secs] 
2020-09-29T18:25:10.123+0200: 83.093: [GC (Allocation Failure) 2020-09-29T18:25:10.123+0200: 83.093: [ParNew: 605169K->52509K(613440K), 0.0198811 secs] 628556K->75896K(2029056K), 0.0199431 secs] [Times: user=0.13 sys=0.00, real=0.02 secs] 
2020-09-29T18:25:10.190+0200: 83.160: [GC (Allocation Failure) 2020-09-29T18:25:10.190+0200: 83.160: [ParNew: 597853K->68096K(613440K), 0.0245206 secs] 621240K->91842K(2029056K), 0.0245902 secs] [Times: user=0.23 sys=0.00, real=0.02 secs] 
2020-09-29T18:25:10.262+0200: 83.232: [GC (Allocation Failure) 2020-09-29T18:25:10.262+0200: 83.232: [ParNew: 613440K->50082K(613440K), 0.0180043 secs] 637186K->73828K(2029056K), 0.0180687 secs] [Times: user=0.13 sys=0.00, real=0.02 secs] 
2020-09-29T18:25:10.330+0200: 83.300: [GC (Allocation Failure) 2020-09-29T18:25:10.330+0200: 83.300: [ParNew: 595426K->34589K(613440K), 0.0099821 secs] 619172K->58335K(2029056K), 0.0100469 secs] [Times: user=0.13 sys=0.00, real=0.01 secs] 
2020-09-29T18:25:10.393+0200: 83.362: [GC (Allocation Failure) 2020-09-29T18:25:10.393+0200: 83.363: [ParNew: 579933K->46907K(613440K), 0.0208904 secs] 603679K->70653K(2029056K), 0.0209506 secs] [Times: user=0.25 sys=0.00, real=0.02 secs] 
2020-09-29T18:25:10.461+0200: 83.431: [GC (Allocation Failure) 2020-09-29T18:25:10.461+0200: 83.431: [ParNew: 592251K->40178K(613440K), 0.0141902 secs] 615997K->63924K(2029056K), 0.0142463 secs] [Times: user=0.13 sys=0.00, real=0.02 secs] 
2020-09-29T18:25:10.530+0200: 83.499: [GC (Allocation Failure) 2020-09-29T18:25:10.530+0200: 83.499: [ParNew: 585522K->34290K(613440K), 0.0122295 secs] 609268K->58036K(2029056K), 0.0122849 secs] [Times: user=0.13 sys=0.00, real=0.01 secs] 
2020-09-29T18:25:10.592+0200: 83.561: [GC (Allocation Failure) 2020-09-29T18:25:10.592+0200: 83.561: [ParNew: 579634K->59527K(613440K), 0.0260666 secs] 603380K->83273K(2029056K), 0.0261339 secs] [Times: user=0.22 sys=0.00, real=0.03 secs] 
2020-09-29T18:25:10.667+0200: 83.637: [GC (Allocation Failure) 2020-09-29T18:25:10.667+0200: 83.637: [ParNew: 604871K->68096K(613440K), 0.0244562 secs] 628617K->91842K(2029056K), 0.0245174 secs] [Times: user=0.25 sys=0.00, real=0.02 secs] 
2020-09-29T18:25:10.740+0200: 83.710: [GC (Allocation Failure) 2020-09-29T18:25:10.740+0200: 83.710: [ParNew: 613440K->46280K(613440K), 0.0163831 secs] 637186K->70026K(2029056K), 0.0164392 secs] [Times: user=0.13 sys=0.00, real=0.02 secs] 
2020-09-29T18:25:10.806+0200: 83.776: [GC (Allocation Failure) 2020-09-29T18:25:10.806+0200: 83.776: [ParNew: 591624K->37581K(613440K), 0.0164348 secs] 615370K->61327K(2029056K), 0.0165007 secs] [Times: user=0.13 sys=0.00, real=0.02 secs] 
2020-09-29T18:25:10.870+0200: 83.840: [GC (Allocation Failure) 2020-09-29T18:25:10.870+0200: 83.840: [ParNew: 582925K->35551K(613440K), 0.0149968 secs] 606671K->59297K(2029056K), 0.0150571 secs] [Times: user=0.13 sys=0.00, real=0.02 secs] 
2020-09-29T18:25:10.938+0200: 83.907: [GC (Allocation Failure) 2020-09-29T18:25:10.943+0200: 83.912: [ParNew: 580895K->56543K(613440K), 0.0198871 secs] 604641K->80289K(2029056K), 0.0247642 secs] [Times: user=0.13 sys=0.00, real=0.03 secs] 
2020-09-29T18:25:11.009+0200: 83.979: [GC (Allocation Failure) 2020-09-29T18:25:11.009+0200: 83.979: [ParNew: 601887K->43873K(613440K), 0.0177849 secs] 625633K->67619K(2029056K), 0.0178407 secs] [Times: user=0.13 sys=0.00, real=0.02 secs] 
2020-09-29T18:25:11.076+0200: 84.045: [GC (Allocation Failure) 2020-09-29T18:25:11.076+0200: 84.045: [ParNew: 589217K->35716K(613440K), 0.0110540 secs] 612963K->59462K(2029056K), 0.0111100 secs] [Times: user=0.13 sys=0.00, real=0.01 secs] 
2020-09-29T18:25:11.140+0200: 84.110: [GC (Allocation Failure) 2020-09-29T18:25:11.140+0200: 84.110: [ParNew: 581060K->35371K(613440K), 0.0156924 secs] 604806K->59117K(2029056K), 0.0157528 secs] [Times: user=0.13 sys=0.00, real=0.02 secs] 
2020-09-29T18:25:11.209+0200: 84.179: [GC (Allocation Failure) 2020-09-29T18:25:11.209+0200: 84.179: [ParNew: 580715K->48469K(613440K), 0.0220361 secs] 604461K->72215K(2029056K), 0.0220923 secs] [Times: user=0.13 sys=0.00, real=0.02 secs] 
2020-09-29T18:25:11.278+0200: 84.248: [GC (Allocation Failure) 2020-09-29T18:25:11.278+0200: 84.248: [ParNew: 593813K->48884K(613440K), 0.0211439 secs] 617559K->72630K(2029056K), 0.0212062 secs] [Times: user=0.13 sys=0.00, real=0.02 secs] 
2020-09-29T18:25:11.348+0200: 84.317: [GC (Allocation Failure) 2020-09-29T18:25:11.348+0200: 84.317: [ParNew: 594228K->39017K(613440K), 0.0131235 secs] 617974K->62763K(2029056K), 0.0131928 secs] [Times: user=0.00 sys=0.00, real=0.01 secs] 
2020-09-29T18:25:11.415+0200: 84.384: [GC (Allocation Failure) 2020-09-29T18:25:11.415+0200: 84.384: [ParNew: 584361K->19925K(613440K), 0.0126828 secs] 608107K->43671K(2029056K), 0.0127374 secs] [Times: user=0.13 sys=0.00, real=0.01 secs] 
2020-09-29T18:25:11.479+0200: 84.448: [GC (Allocation Failure) 2020-09-29T18:25:11.479+0200: 84.448: [ParNew: 565269K->50857K(613440K), 0.0220299 secs] 589015K->74603K(2029056K), 0.0220905 secs] [Times: user=0.13 sys=0.00, real=0.02 secs] 
2020-09-29T18:25:11.551+0200: 84.520: [GC (Allocation Failure) 2020-09-29T18:25:11.551+0200: 84.520: [ParNew: 596201K->54315K(613440K), 0.0224677 secs] 619947K->78061K(2029056K), 0.0225352 secs] [Times: user=0.22 sys=0.00, real=0.02 secs] 
2020-09-29T18:25:11.624+0200: 84.594: [GC (Allocation Failure) 2020-09-29T18:25:11.624+0200: 84.594: [ParNew: 599659K->48711K(613440K), 0.0188754 secs] 623405K->72457K(2029056K), 0.0189421 secs] [Times: user=0.13 sys=0.00, real=0.02 secs] 
2020-09-29T18:25:11.693+0200: 84.662: [GC (Allocation Failure) 2020-09-29T18:25:11.693+0200: 84.662: [ParNew: 594055K->46385K(613440K), 0.0183980 secs] 617801K->70131K(2029056K), 0.0184603 secs] [Times: user=0.13 sys=0.00, real=0.02 secs] 
2020-09-29T18:25:11.759+0200: 84.729: [GC (Allocation Failure) 2020-09-29T18:25:11.759+0200: 84.729: [ParNew: 591729K->42067K(613440K), 0.0184810 secs] 615475K->65813K(2029056K), 0.0185467 secs] [Times: user=0.13 sys=0.00, real=0.02 secs] 
2020-09-29T18:25:11.826+0200: 84.795: [GC (Allocation Failure) 2020-09-29T18:25:11.826+0200: 84.795: [ParNew: 587411K->63990K(613440K), 0.0220025 secs] 611157K->87736K(2029056K), 0.0220614 secs] [Times: user=0.13 sys=0.00, real=0.02 secs] 
2020-09-29T18:25:11.894+0200: 84.863: [GC (Allocation Failure) 2020-09-29T18:25:11.894+0200: 84.864: [ParNew: 609334K->45218K(613440K), 0.0159103 secs] 633080K->68964K(2029056K), 0.0159906 secs] [Times: user=0.09 sys=0.01, real=0.02 secs] 
2020-09-29T18:25:11.963+0200: 84.933: [GC (Allocation Failure) 2020-09-29T18:25:11.963+0200: 84.933: [ParNew: 590562K->35938K(613440K), 0.0155580 secs] 614308K->59684K(2029056K), 0.0156401 secs] [Times: user=0.13 sys=0.00, real=0.02 secs] 
2020-09-29T18:25:12.036+0200: 85.005: [GC (Allocation Failure) 2020-09-29T18:25:12.036+0200: 85.005: [ParNew: 581282K->29061K(613440K), 0.0141340 secs] 605028K->52807K(2029056K), 0.0142398 secs] [Times: user=0.00 sys=0.00, real=0.01 secs] 
2020-09-29T18:25:12.105+0200: 85.074: [GC (Allocation Failure) 2020-09-29T18:25:12.105+0200: 85.074: [ParNew: 574405K->47112K(613440K), 0.0186919 secs] 598151K->70858K(2029056K), 0.0187796 secs] [Times: user=0.13 sys=0.00, real=0.02 secs] 
2020-09-29T18:25:12.171+0200: 85.141: [GC (Allocation Failure) 2020-09-29T18:25:12.171+0200: 85.141: [ParNew: 592456K->38610K(613440K), 0.0164678 secs] 616202K->62356K(2029056K), 0.0165270 secs] [Times: user=0.13 sys=0.00, real=0.02 secs] 
2020-09-29T18:25:12.237+0200: 85.206: [GC (Allocation Failure) 2020-09-29T18:25:12.237+0200: 85.206: [ParNew: 583954K->37507K(613440K), 0.0166681 secs] 607700K->61253K(2029056K), 0.0167238 secs] [Times: user=0.13 sys=0.00, real=0.02 secs] 
2020-09-29T18:25:12.305+0200: 85.274: [GC (Allocation Failure) 2020-09-29T18:25:12.305+0200: 85.274: [ParNew: 582851K->33836K(613440K), 0.0139518 secs] 606597K->57582K(2029056K), 0.0140113 secs] [Times: user=0.13 sys=0.00, real=0.01 secs] 
2020-09-29T18:25:12.368+0200: 85.337: [GC (Allocation Failure) 2020-09-29T18:25:12.368+0200: 85.337: [ParNew: 579180K->31512K(613440K), 0.0133521 secs] 602926K->55258K(2029056K), 0.0134043 secs] [Times: user=0.13 sys=0.00, real=0.01 secs] 
2020-09-29T18:25:12.436+0200: 85.406: [GC (Allocation Failure) 2020-09-29T18:25:12.436+0200: 85.406: [ParNew: 576856K->65555K(613440K), 0.0246611 secs] 600602K->89301K(2029056K), 0.0247216 secs] [Times: user=0.25 sys=0.00, real=0.02 secs] 
2020-09-29T18:25:12.507+0200: 85.476: [GC (Allocation Failure) 2020-09-29T18:25:12.507+0200: 85.476: [ParNew: 610899K->44356K(613440K), 0.0139864 secs] 634645K->68102K(2029056K), 0.0140557 secs] [Times: user=0.13 sys=0.00, real=0.01 secs] 
2020-09-29T18:25:12.569+0200: 85.538: [GC (Allocation Failure) 2020-09-29T18:25:12.569+0200: 85.538: [ParNew: 589700K->27230K(613440K), 0.0139113 secs] 613446K->50976K(2029056K), 0.0140238 secs] [Times: user=0.02 sys=0.00, real=0.01 secs] 
2020-09-29T18:25:12.632+0200: 85.601: [GC (Allocation Failure) 2020-09-29T18:25:12.632+0200: 85.601: [ParNew: 572574K->35129K(613440K), 0.0178753 secs] 596320K->58875K(2029056K), 0.0179342 secs] [Times: user=0.13 sys=0.00, real=0.02 secs] 
2020-09-29T18:25:12.704+0200: 85.673: [GC (Allocation Failure) 2020-09-29T18:25:12.704+0200: 85.673: [ParNew: 580473K->45987K(613440K), 0.0217985 secs] 604219K->69733K(2029056K), 0.0218823 secs] [Times: user=0.25 sys=0.00, real=0.02 secs] 
2020-09-29T18:25:12.771+0200: 85.740: [GC (Allocation Failure) 2020-09-29T18:25:12.771+0200: 85.740: [ParNew: 591331K->41712K(613440K), 0.0146856 secs] 615077K->65458K(2029056K), 0.0147430 secs] [Times: user=0.00 sys=0.00, real=0.01 secs] 
2020-09-29T18:25:12.833+0200: 85.803: [GC (Allocation Failure) 2020-09-29T18:25:12.833+0200: 85.803: [ParNew: 587056K->47398K(613440K), 0.0195917 secs] 610802K->71144K(2029056K), 0.0196464 secs] [Times: user=0.13 sys=0.00, real=0.02 secs] 
2020-09-29T18:25:12.898+0200: 85.867: [GC (Allocation Failure) 2020-09-29T18:25:12.898+0200: 85.867: [ParNew: 592742K->51183K(613440K), 0.0193056 secs] 616488K->74929K(2029056K), 0.0193582 secs] [Times: user=0.13 sys=0.00, real=0.02 secs] 
2020-09-29T18:25:12.964+0200: 85.934: [GC (Allocation Failure) 2020-09-29T18:25:12.965+0200: 85.934: [ParNew: 596527K->42814K(613440K), 0.0180756 secs] 620273K->66560K(2029056K), 0.0181369 secs] [Times: user=0.13 sys=0.00, real=0.02 secs] 
2020-09-29T18:25:13.030+0200: 86.000: [GC (Allocation Failure) 2020-09-29T18:25:13.030+0200: 86.000: [ParNew: 588158K->41469K(613440K), 0.0175519 secs] 611904K->65215K(2029056K), 0.0176181 secs] [Times: user=0.13 sys=0.00, real=0.02 secs] 
2020-09-29T18:25:13.100+0200: 86.070: [GC (Allocation Failure) 2020-09-29T18:25:13.100+0200: 86.070: [ParNew: 586813K->31084K(613440K), 0.0122800 secs] 610559K->54830K(2029056K), 0.0123384 secs] [Times: user=0.00 sys=0.00, real=0.01 secs] 
2020-09-29T18:25:13.158+0200: 86.127: [GC (Allocation Failure) 2020-09-29T18:25:13.158+0200: 86.127: [ParNew: 576428K->31905K(613440K), 0.0169878 secs] 600174K->55651K(2029056K), 0.0170420 secs] [Times: user=0.13 sys=0.00, real=0.02 secs] 
2020-09-29T18:25:13.224+0200: 86.194: [GC (Allocation Failure) 2020-09-29T18:25:13.224+0200: 86.194: [ParNew: 577249K->30467K(613440K), 0.0156308 secs] 600995K->54213K(2029056K), 0.0156867 secs] [Times: user=0.13 sys=0.00, real=0.02 secs] 
2020-09-29T18:25:13.287+0200: 86.256: [GC (Allocation Failure) 2020-09-29T18:25:13.287+0200: 86.256: [ParNew: 575811K->27557K(613440K), 0.0145460 secs] 599557K->51303K(2029056K), 0.0146020 secs] [Times: user=0.02 sys=0.00, real=0.02 secs] 
2020-09-29T18:25:13.355+0200: 86.324: [GC (Allocation Failure) 2020-09-29T18:25:13.355+0200: 86.324: [ParNew: 572901K->27668K(613440K), 0.0139016 secs] 596647K->51414K(2029056K), 0.0139586 secs] [Times: user=0.13 sys=0.00, real=0.01 secs] 
2020-09-29T18:25:13.424+0200: 86.393: [GC (Allocation Failure) 2020-09-29T18:25:13.424+0200: 86.393: [ParNew: 573012K->44602K(613440K), 0.0191826 secs] 596758K->68348K(2029056K), 0.0192649 secs] [Times: user=0.25 sys=0.00, real=0.02 secs] 
2020-09-29T18:25:13.491+0200: 86.460: [GC (Allocation Failure) 2020-09-29T18:25:13.491+0200: 86.460: [ParNew: 589946K->35760K(613440K), 0.0117526 secs] 613692K->59506K(2029056K), 0.0118437 secs] [Times: user=0.00 sys=0.00, real=0.01 secs] 
2020-09-29T18:25:13.552+0200: 86.522: [GC (Allocation Failure) 2020-09-29T18:25:13.552+0200: 86.522: [ParNew: 581104K->31059K(613440K), 0.0173381 secs] 604850K->54805K(2029056K), 0.0174189 secs] [Times: user=0.13 sys=0.00, real=0.02 secs] 
2020-09-29T18:25:13.617+0200: 86.587: [GC (Allocation Failure) 2020-09-29T18:25:13.617+0200: 86.587: [ParNew: 576403K->42219K(613440K), 0.0164844 secs] 600149K->65965K(2029056K), 0.0165387 secs] [Times: user=0.11 sys=0.00, real=0.02 secs] 
2020-09-29T18:25:13.684+0200: 86.654: [GC (Allocation Failure) 2020-09-29T18:25:13.684+0200: 86.654: [ParNew: 587563K->31755K(613440K), 0.0150067 secs] 611309K->55501K(2029056K), 0.0150646 secs] [Times: user=0.13 sys=0.00, real=0.01 secs] 
2020-09-29T18:25:13.747+0200: 86.717: [GC (Allocation Failure) 2020-09-29T18:25:13.747+0200: 86.717: [ParNew: 577099K->40284K(613440K), 0.0184923 secs] 600845K->64030K(2029056K), 0.0185541 secs] [Times: user=0.13 sys=0.00, real=0.02 secs] 
2020-09-29T18:25:13.816+0200: 86.786: [GC (Allocation Failure) 2020-09-29T18:25:13.816+0200: 86.786: [ParNew: 585628K->47653K(613440K), 0.0187630 secs] 609374K->71399K(2029056K), 0.0188255 secs] [Times: user=0.25 sys=0.00, real=0.02 secs] 
2020-09-29T18:25:13.884+0200: 86.854: [GC (Allocation Failure) 2020-09-29T18:25:13.885+0200: 86.854: [ParNew: 592997K->32078K(613440K), 0.0121305 secs] 616743K->55824K(2029056K), 0.0121998 secs] [Times: user=0.13 sys=0.00, real=0.01 secs] 
2020-09-29T18:25:13.951+0200: 86.920: [GC (Allocation Failure) 2020-09-29T18:25:13.951+0200: 86.920: [ParNew: 577422K->31699K(613440K), 0.0167594 secs] 601168K->55445K(2029056K), 0.0168259 secs] [Times: user=0.13 sys=0.00, real=0.02 secs] 
2020-09-29T18:25:14.017+0200: 86.987: [GC (Allocation Failure) 2020-09-29T18:25:14.017+0200: 86.987: [ParNew: 577043K->47951K(613440K), 0.0208745 secs] 600789K->71697K(2029056K), 0.0209433 secs] [Times: user=0.24 sys=0.00, real=0.02 secs] 
2020-09-29T18:25:14.086+0200: 87.056: [GC (Allocation Failure) 2020-09-29T18:25:14.086+0200: 87.056: [ParNew: 593295K->57511K(613440K), 0.0198284 secs] 617041K->81257K(2029056K), 0.0199223 secs] [Times: user=0.13 sys=0.00, real=0.02 secs] 
2020-09-29T18:25:14.152+0200: 87.121: [GC (Allocation Failure) 2020-09-29T18:25:14.152+0200: 87.121: [ParNew: 602855K->43716K(613440K), 0.0194599 secs] 626601K->67462K(2029056K), 0.0195387 secs] [Times: user=0.13 sys=0.00, real=0.02 secs] 
2020-09-29T18:25:14.220+0200: 87.189: [GC (Allocation Failure) 2020-09-29T18:25:14.220+0200: 87.189: [ParNew: 589060K->35693K(613440K), 0.0128477 secs] 612806K->59439K(2029056K), 0.0129401 secs] [Times: user=0.13 sys=0.00, real=0.01 secs] 
2020-09-29T18:25:14.282+0200: 87.252: [GC (Allocation Failure) 2020-09-29T18:25:14.282+0200: 87.252: [ParNew: 581037K->36907K(613440K), 0.0181782 secs] 604783K->60653K(2029056K), 0.0182693 secs] [Times: user=0.11 sys=0.00, real=0.02 secs] 
2020-09-29T18:25:14.346+0200: 87.316: [GC (Allocation Failure) 2020-09-29T18:25:14.346+0200: 87.316: [ParNew: 582251K->29793K(613440K), 0.0118991 secs] 605997K->53539K(2029056K), 0.0119564 secs] [Times: user=0.13 sys=0.00, real=0.01 secs] 
2020-09-29T18:25:14.410+0200: 87.380: [GC (Allocation Failure) 2020-09-29T18:25:14.410+0200: 87.380: [ParNew: 575137K->52486K(613440K), 0.0221727 secs] 598883K->76232K(2029056K), 0.0222436 secs] [Times: user=0.25 sys=0.00, real=0.02 secs] 
2020-09-29T18:25:14.479+0200: 87.448: [GC (Allocation Failure) 2020-09-29T18:25:14.479+0200: 87.448: [ParNew: 597830K->39665K(613440K), 0.0152230 secs] 621576K->63411K(2029056K), 0.0152849 secs] [Times: user=0.13 sys=0.00, real=0.01 secs] 
2020-09-29T18:25:14.546+0200: 87.516: [GC (Allocation Failure) 2020-09-29T18:25:14.546+0200: 87.516: [ParNew: 585009K->33791K(613440K), 0.0153649 secs] 608755K->57537K(2029056K), 0.0154179 secs] [Times: user=0.13 sys=0.00, real=0.02 secs] 
2020-09-29T18:25:14.618+0200: 87.587: [GC (Allocation Failure) 2020-09-29T18:25:14.618+0200: 87.587: [ParNew: 579135K->31837K(613440K), 0.0180172 secs] 602881K->55583K(2029056K), 0.0180864 secs] [Times: user=0.13 sys=0.00, real=0.02 secs] 
2020-09-29T18:25:14.690+0200: 87.659: [GC (Allocation Failure) 2020-09-29T18:25:14.690+0200: 87.659: [ParNew: 577181K->28666K(613440K), 0.0168833 secs] 600927K->52412K(2029056K), 0.0169672 secs] [Times: user=0.11 sys=0.00, real=0.02 secs] 
2020-09-29T18:25:14.756+0200: 87.726: [GC (Allocation Failure) 2020-09-29T18:25:14.756+0200: 87.726: [ParNew: 574010K->47442K(613440K), 0.0186419 secs] 597756K->71188K(2029056K), 0.0187130 secs] [Times: user=0.13 sys=0.00, real=0.02 secs] 
2020-09-29T18:25:14.820+0200: 87.789: [GC (Allocation Failure) 2020-09-29T18:25:14.820+0200: 87.789: [ParNew: 592786K->31692K(613440K), 0.0109730 secs] 616532K->55438K(2029056K), 0.0110304 secs] [Times: user=0.00 sys=0.00, real=0.01 secs] 
2020-09-29T18:25:14.876+0200: 87.846: [GC (Allocation Failure) 2020-09-29T18:25:14.876+0200: 87.846: [ParNew: 577036K->33907K(613440K), 0.0170436 secs] 600782K->57653K(2029056K), 0.0171179 secs] [Times: user=0.13 sys=0.00, real=0.02 secs] 
2020-09-29T18:25:14.940+0200: 87.910: [GC (Allocation Failure) 2020-09-29T18:25:14.940+0200: 87.910: [ParNew: 579251K->46418K(613440K), 0.0157052 secs] 602997K->70164K(2029056K), 0.0157552 secs] [Times: user=0.13 sys=0.00, real=0.02 secs] 
2020-09-29T18:25:15.006+0200: 87.976: [GC (Allocation Failure) 2020-09-29T18:25:15.006+0200: 87.976: [ParNew: 591762K->15095K(613440K), 0.0096384 secs] 615508K->38841K(2029056K), 0.0096986 secs] [Times: user=0.00 sys=0.00, real=0.01 secs] 
2020-09-29T18:25:15.069+0200: 88.039: [GC (Allocation Failure) 2020-09-29T18:25:15.069+0200: 88.039: [ParNew: 560439K->24408K(613440K), 0.0142565 secs] 584185K->48154K(2029056K), 0.0143163 secs] [Times: user=0.13 sys=0.00, real=0.02 secs] 
2020-09-29T18:25:15.128+0200: 88.097: [GC (Allocation Failure) 2020-09-29T18:25:15.128+0200: 88.097: [ParNew: 569752K->30920K(613440K), 0.0133489 secs] 593498K->54666K(2029056K), 0.0134188 secs] [Times: user=0.13 sys=0.00, real=0.01 secs] 
2020-09-29T18:25:15.192+0200: 88.161: [GC (Allocation Failure) 2020-09-29T18:25:15.192+0200: 88.161: [ParNew: 576264K->33786K(613440K), 0.0188482 secs] 600010K->57532K(2029056K), 0.0189321 secs] [Times: user=0.13 sys=0.00, real=0.02 secs] 
2020-09-29T18:25:15.256+0200: 88.226: [GC (Allocation Failure) 2020-09-29T18:25:15.256+0200: 88.226: [ParNew: 579130K->45612K(613440K), 0.0174415 secs] 602876K->69358K(2029056K), 0.0175305 secs] [Times: user=0.13 sys=0.00, real=0.02 secs] 
2020-09-29T18:25:15.319+0200: 88.289: [GC (Allocation Failure) 2020-09-29T18:25:15.319+0200: 88.289: [ParNew: 590956K->32033K(613440K), 0.0112500 secs] 614702K->55779K(2029056K), 0.0113047 secs] [Times: user=0.00 sys=0.00, real=0.01 secs] 
2020-09-29T18:25:15.382+0200: 88.352: [GC (Allocation Failure) 2020-09-29T18:25:15.382+0200: 88.352: [ParNew: 577377K->17352K(613440K), 0.0092709 secs] 601123K->41098K(2029056K), 0.0093233 secs] [Times: user=0.00 sys=0.00, real=0.01 secs] 
2020-09-29T18:25:15.437+0200: 88.407: [GC (Allocation Failure) 2020-09-29T18:25:15.437+0200: 88.407: [ParNew: 562696K->31087K(613440K), 0.0153837 secs] 586442K->54833K(2029056K), 0.0154426 secs] [Times: user=0.13 sys=0.00, real=0.02 secs] 
2020-09-29T18:25:15.503+0200: 88.472: [GC (Allocation Failure) 2020-09-29T18:25:15.503+0200: 88.472: [ParNew: 576431K->20774K(613440K), 0.0078435 secs] 600177K->44520K(2029056K), 0.0078990 secs] [Times: user=0.13 sys=0.00, real=0.01 secs] 
2020-09-29T18:25:15.557+0200: 88.528: [GC (Allocation Failure) 2020-09-29T18:25:15.557+0200: 88.528: [ParNew: 566118K->7771K(613440K), 0.0059654 secs] 589864K->31517K(2029056K), 0.0060256 secs] [Times: user=0.00 sys=0.00, real=0.01 secs] 
2020-09-29T18:25:15.620+0200: 88.590: [GC (Allocation Failure) 2020-09-29T18:25:15.620+0200: 88.590: [ParNew: 553115K->16929K(613440K), 0.0103903 secs] 576861K->40675K(2029056K), 0.0104602 secs] [Times: user=0.13 sys=0.00, real=0.01 secs] 
2020-09-29T18:25:15.683+0200: 88.653: [GC (Allocation Failure) 2020-09-29T18:25:15.683+0200: 88.653: [ParNew: 562273K->20665K(613440K), 0.0096525 secs] 586019K->44411K(2029056K), 0.0097123 secs] [Times: user=0.13 sys=0.00, real=0.01 secs] 
2020-09-29T18:25:15.744+0200: 88.714: [GC (Allocation Failure) 2020-09-29T18:25:15.744+0200: 88.714: [ParNew: 566009K->28836K(613440K), 0.0172169 secs] 589755K->52582K(2029056K), 0.0172850 secs] [Times: user=0.13 sys=0.00, real=0.02 secs] 
2020-09-29T18:25:15.807+0200: 88.777: [GC (Allocation Failure) 2020-09-29T18:25:15.807+0200: 88.777: [ParNew: 574180K->37145K(613440K), 0.0159256 secs] 597926K->60891K(2029056K), 0.0160185 secs] [Times: user=0.13 sys=0.00, real=0.02 secs] 
2020-09-29T18:25:15.867+0200: 88.837: [GC (Allocation Failure) 2020-09-29T18:25:15.867+0200: 88.837: [ParNew: 582489K->25748K(613440K), 0.0140764 secs] 606235K->49494K(2029056K), 0.0141318 secs] [Times: user=0.13 sys=0.00, real=0.01 secs] 
2020-09-29T18:25:15.930+0200: 88.900: [GC (Allocation Failure) 2020-09-29T18:25:15.930+0200: 88.900: [ParNew: 571092K->25629K(613440K), 0.0131799 secs] 594838K->49375K(2029056K), 0.0132400 secs] [Times: user=0.13 sys=0.00, real=0.01 secs] 
2020-09-29T18:25:15.988+0200: 88.959: [GC (Allocation Failure) 2020-09-29T18:25:15.988+0200: 88.959: [ParNew: 570973K->25867K(613440K), 0.0120072 secs] 594719K->49613K(2029056K), 0.0120619 secs] [Times: user=0.02 sys=0.00, real=0.01 secs] 
2020-09-29T18:25:16.047+0200: 89.017: [GC (Allocation Failure) 2020-09-29T18:25:16.047+0200: 89.017: [ParNew: 571211K->21901K(613440K), 0.0126640 secs] 594957K->45647K(2029056K), 0.0127515 secs] [Times: user=0.11 sys=0.00, real=0.01 secs] 
2020-09-29T18:25:16.110+0200: 89.080: [GC (Allocation Failure) 2020-09-29T18:25:16.110+0200: 89.080: [ParNew: 567245K->35032K(613440K), 0.0172311 secs] 590991K->58778K(2029056K), 0.0172868 secs] [Times: user=0.13 sys=0.00, real=0.02 secs] 
2020-09-29T18:25:16.173+0200: 89.143: [GC (Allocation Failure) 2020-09-29T18:25:16.173+0200: 89.143: [ParNew: 580376K->25955K(613440K), 0.0097968 secs] 604122K->49701K(2029056K), 0.0098504 secs] [Times: user=0.13 sys=0.00, real=0.01 secs] 
2020-09-29T18:25:16.227+0200: 89.197: [GC (Allocation Failure) 2020-09-29T18:25:16.227+0200: 89.198: [ParNew: 571299K->15090K(613440K), 0.0080401 secs] 595045K->38836K(2029056K), 0.0080920 secs] [Times: user=0.00 sys=0.00, real=0.01 secs] 
2020-09-29T18:25:16.288+0200: 89.258: [GC (Allocation Failure) 2020-09-29T18:25:16.288+0200: 89.258: [ParNew: 560434K->24125K(613440K), 0.0149570 secs] 584180K->47871K(2029056K), 0.0150126 secs] [Times: user=0.13 sys=0.00, real=0.01 secs] 
2020-09-29T18:25:16.350+0200: 89.321: [GC (Allocation Failure) 2020-09-29T18:25:16.350+0200: 89.321: [ParNew: 569469K->16487K(613440K), 0.0072760 secs] 593215K->40233K(2029056K), 0.0073474 secs] [Times: user=0.00 sys=0.00, real=0.01 secs] 
2020-09-29T18:25:16.414+0200: 89.383: [GC (Allocation Failure) 2020-09-29T18:25:16.414+0200: 89.383: [ParNew: 561831K->20263K(613440K), 0.0128221 secs] 585577K->44009K(2029056K), 0.0128774 secs] [Times: user=0.13 sys=0.00, real=0.01 secs] 
2020-09-29T18:25:16.476+0200: 89.446: [GC (Allocation Failure) 2020-09-29T18:25:16.476+0200: 89.446: [ParNew: 565607K->1437K(613440K), 0.0015946 secs] 589353K->25183K(2029056K), 0.0016536 secs] [Times: user=0.00 sys=0.00, real=0.00 secs] 
2020-09-29T18:25:16.535+0200: 89.505: [GC (Allocation Failure) 2020-09-29T18:25:16.535+0200: 89.505: [ParNew: 546781K->26548K(613440K), 0.0170003 secs] 570527K->50294K(2029056K), 0.0170719 secs] [Times: user=0.25 sys=0.00, real=0.02 secs] 
2020-09-29T18:25:16.610+0200: 89.580: [GC (Allocation Failure) 2020-09-29T18:25:16.610+0200: 89.580: [ParNew: 571892K->19288K(613440K), 0.0086028 secs] 595638K->43034K(2029056K), 0.0086606 secs] [Times: user=0.13 sys=0.00, real=0.01 secs] 
2020-09-29T18:25:16.703+0200: 89.673: [GC (Allocation Failure) 2020-09-29T18:25:16.703+0200: 89.673: [ParNew: 564632K->7968K(613440K), 0.0071539 secs] 588378K->31714K(2029056K), 0.0072289 secs] [Times: user=0.13 sys=0.00, real=0.01 secs] 
2020-09-29T18:25:16.797+0200: 89.766: [GC (Allocation Failure) 2020-09-29T18:25:16.797+0200: 89.766: [ParNew: 553312K->4723K(613440K), 0.0063832 secs] 577058K->28469K(2029056K), 0.0064389 secs] [Times: user=0.13 sys=0.00, real=0.01 secs] 
2020-09-29T18:25:16.887+0200: 89.857: [GC (Allocation Failure) 2020-09-29T18:25:16.887+0200: 89.857: [ParNew: 549807K->251K(613440K), 0.0015721 secs] 573553K->23998K(2029056K), 0.0016228 secs] [Times: user=0.00 sys=0.00, real=0.00 secs] 
2020-09-29T18:25:16.971+0200: 89.941: [GC (Allocation Failure) 2020-09-29T18:25:16.971+0200: 89.941: [ParNew: 545595K->12220K(613440K), 0.0105769 secs] 569342K->35966K(2029056K), 0.0106649 secs] [Times: user=0.13 sys=0.00, real=0.01 secs] 
Heap
 par new generation   total 613440K, used 84104K [0x0000000080000000, 0x00000000a9990000, 0x00000000a9990000)
  eden space 545344K,  13% used [0x0000000080000000, 0x0000000084632dc0, 0x00000000a1490000)
  from space 68096K,  17% used [0x00000000a5710000, 0x00000000a62ff378, 0x00000000a9990000)
  to   space 68096K,   0% used [0x00000000a1490000, 0x00000000a1490000, 0x00000000a5710000)
 concurrent mark-sweep generation total 1415616K, used 23746K [0x00000000a9990000, 0x0000000100000000, 0x0000000100000000)
 Metaspace       used 2594K, capacity 4486K, committed 4864K, reserved 1056768K
  class space    used 285K, capacity 386K, committed 512K, reserved 1048576K
