Java HotSpot(TM) 64-Bit Server VM (25.261-b12) for windows-amd64 JRE (1.8.0_261-b12), built on Jun 18 2020 06:56:32 by "" with unknown MS VC++:1916
Memory: 4k page, physical 16659684k(9534028k free), swap 23213284k(9182580k free)
CommandLine flags: -XX:InitialHeapSize=2147483648 -XX:MaxHeapSize=2147483648 -XX:MaxNewSize=697933824 -XX:MaxTenuringThreshold=6 -XX:NewSize=697933824 -XX:OldPLABSize=16 -XX:OldSize=1395867648 -XX:+PrintGC -XX:+PrintGCDateStamps -XX:+PrintGCDetails -XX:+PrintGCTimeStamps -XX:+UseCompressedClassPointers -XX:+UseCompressedOops -XX:+UseConcMarkSweepGC -XX:-UseLargePagesIndividualAllocation -XX:+UseParNewGC 
2020-09-29T18:13:16.399+0200: 0.281: [GC (Allocation Failure) 2020-09-29T18:13:16.399+0200: 0.281: [ParNew: 545344K->44735K(613440K), 0.0336411 secs] 545344K->44735K(2029056K), 0.0337781 secs] [Times: user=0.22 sys=0.03, real=0.03 secs] 
2020-09-29T18:13:16.485+0200: 0.367: [GC (Allocation Failure) 2020-09-29T18:13:16.485+0200: 0.367: [ParNew: 590079K->40575K(613440K), 0.0238183 secs] 590079K->40967K(2029056K), 0.0238832 secs] [Times: user=0.20 sys=0.02, real=0.02 secs] 
2020-09-29T18:13:16.558+0200: 0.440: [GC (Allocation Failure) 2020-09-29T18:13:16.558+0200: 0.441: [ParNew: 585919K->34144K(613440K), 0.0171250 secs] 586311K->34536K(2029056K), 0.0172152 secs] [Times: user=0.13 sys=0.00, real=0.02 secs] 
2020-09-29T18:13:16.630+0200: 0.512: [GC (Allocation Failure) 2020-09-29T18:13:16.630+0200: 0.512: [ParNew: 579488K->50187K(613440K), 0.0232004 secs] 579880K->50579K(2029056K), 0.0232627 secs] [Times: user=0.13 sys=0.00, real=0.02 secs] 
2020-09-29T18:13:16.710+0200: 0.592: [GC (Allocation Failure) 2020-09-29T18:13:16.710+0200: 0.592: [ParNew: 595531K->63591K(613440K), 0.0272056 secs] 595923K->63983K(2029056K), 0.0275819 secs] [Times: user=0.13 sys=0.00, real=0.03 secs] 
2020-09-29T18:13:16.794+0200: 0.677: [GC (Allocation Failure) 2020-09-29T18:13:16.794+0200: 0.677: [ParNew: 608935K->60661K(613440K), 0.0278220 secs] 609327K->61054K(2029056K), 0.0279062 secs] [Times: user=0.23 sys=0.02, real=0.03 secs] 
2020-09-29T18:13:16.876+0200: 0.758: [GC (Allocation Failure) 2020-09-29T18:13:16.876+0200: 0.758: [ParNew: 606005K->51267K(613440K), 0.0269149 secs] 606398K->51660K(2029056K), 0.0269842 secs] [Times: user=0.23 sys=0.00, real=0.03 secs] 
2020-09-29T18:13:16.956+0200: 0.838: [GC (Allocation Failure) 2020-09-29T18:13:16.956+0200: 0.838: [ParNew: 596611K->54253K(613440K), 0.0247851 secs] 597004K->54646K(2029056K), 0.0248556 secs] [Times: user=0.20 sys=0.02, real=0.02 secs] 
2020-09-29T18:13:17.035+0200: 0.917: [GC (Allocation Failure) 2020-09-29T18:13:17.035+0200: 0.917: [ParNew: 599597K->44787K(613440K), 0.0237409 secs] 599990K->45179K(2029056K), 0.0238094 secs] [Times: user=0.23 sys=0.00, real=0.02 secs] 
2020-09-29T18:13:17.113+0200: 0.996: [GC (Allocation Failure) 2020-09-29T18:13:17.113+0200: 0.996: [ParNew: 590131K->42402K(613440K), 0.0230191 secs] 590523K->42794K(2029056K), 0.0230851 secs] [Times: user=0.22 sys=0.00, real=0.02 secs] 
2020-09-29T18:13:17.189+0200: 1.072: [GC (Allocation Failure) 2020-09-29T18:13:17.190+0200: 1.072: [ParNew: 587746K->56873K(613440K), 0.0306522 secs] 588138K->57266K(2029056K), 0.0307168 secs] [Times: user=0.22 sys=0.00, real=0.03 secs] 
2020-09-29T18:13:17.271+0200: 1.154: [GC (Allocation Failure) 2020-09-29T18:13:17.271+0200: 1.154: [ParNew: 602217K->46873K(613440K), 0.0190021 secs] 602610K->47266K(2029056K), 0.0190845 secs] [Times: user=0.13 sys=0.00, real=0.02 secs] 
2020-09-29T18:13:17.345+0200: 1.228: [GC (Allocation Failure) 2020-09-29T18:13:17.345+0200: 1.228: [ParNew: 592217K->35592K(613440K), 0.0191152 secs] 592610K->35985K(2029056K), 0.0191844 secs] [Times: user=0.25 sys=0.00, real=0.02 secs] 
2020-09-29T18:13:17.424+0200: 1.306: [GC (Allocation Failure) 2020-09-29T18:13:17.424+0200: 1.306: [ParNew: 580936K->63888K(613440K), 0.0317871 secs] 581329K->64280K(2029056K), 0.0318568 secs] [Times: user=0.25 sys=0.00, real=0.03 secs] 
2020-09-29T18:13:17.507+0200: 1.390: [GC (Allocation Failure) 2020-09-29T18:13:17.507+0200: 1.390: [ParNew: 609232K->45413K(613440K), 0.0158975 secs] 609624K->45805K(2029056K), 0.0160109 secs] [Times: user=0.13 sys=0.00, real=0.02 secs] 
2020-09-29T18:13:17.584+0200: 1.467: [GC (Allocation Failure) 2020-09-29T18:13:17.584+0200: 1.467: [ParNew: 590757K->43849K(613440K), 0.0211479 secs] 591149K->44241K(2029056K), 0.0212320 secs] [Times: user=0.13 sys=0.00, real=0.02 secs] 
2020-09-29T18:13:17.658+0200: 1.541: [GC (Allocation Failure) 2020-09-29T18:13:17.658+0200: 1.541: [ParNew: 589193K->61640K(613440K), 0.0278860 secs] 589585K->62032K(2029056K), 0.0279505 secs] [Times: user=0.22 sys=0.00, real=0.03 secs] 
2020-09-29T18:13:17.737+0200: 1.620: [GC (Allocation Failure) 2020-09-29T18:13:17.737+0200: 1.620: [ParNew: 606984K->50694K(613440K), 0.0188051 secs] 607376K->51087K(2029056K), 0.0188755 secs] [Times: user=0.25 sys=0.00, real=0.02 secs] 
2020-09-29T18:13:17.808+0200: 1.691: [GC (Allocation Failure) 2020-09-29T18:13:17.808+0200: 1.691: [ParNew: 596038K->42110K(613440K), 0.0283716 secs] 596431K->42502K(2029056K), 0.0284374 secs] [Times: user=0.25 sys=0.00, real=0.03 secs] 
2020-09-29T18:13:17.888+0200: 1.770: [GC (Allocation Failure) 2020-09-29T18:13:17.888+0200: 1.770: [ParNew: 587454K->68096K(613440K), 0.0344969 secs] 587846K->68488K(2029056K), 0.0345598 secs] [Times: user=0.22 sys=0.01, real=0.03 secs] 
2020-09-29T18:13:17.979+0200: 1.861: [GC (Allocation Failure) 2020-09-29T18:13:17.979+0200: 1.861: [ParNew: 613440K->46968K(613440K), 0.0237231 secs] 613832K->47360K(2029056K), 0.0237916 secs] [Times: user=0.13 sys=0.00, real=0.02 secs] 
2020-09-29T18:13:18.062+0200: 1.945: [GC (Allocation Failure) 2020-09-29T18:13:18.062+0200: 1.945: [ParNew: 592312K->41782K(613440K), 0.0226711 secs] 592704K->42175K(2029056K), 0.0227456 secs] [Times: user=0.24 sys=0.00, real=0.02 secs] 
2020-09-29T18:13:18.146+0200: 2.028: [GC (Allocation Failure) 2020-09-29T18:13:18.146+0200: 2.029: [ParNew: 587126K->60861K(613440K), 0.0318529 secs] 587519K->61254K(2029056K), 0.0319343 secs] [Times: user=0.23 sys=0.00, real=0.03 secs] 
2020-09-29T18:13:18.229+0200: 2.112: [GC (Allocation Failure) 2020-09-29T18:13:18.229+0200: 2.112: [ParNew: 606205K->48657K(613440K), 0.0270951 secs] 606598K->49049K(2029056K), 0.0271654 secs] [Times: user=0.25 sys=0.00, real=0.03 secs] 
2020-09-29T18:13:18.312+0200: 2.195: [GC (Allocation Failure) 2020-09-29T18:13:18.312+0200: 2.195: [ParNew: 594001K->49107K(613440K), 0.0266944 secs] 594393K->49499K(2029056K), 0.0267725 secs] [Times: user=0.24 sys=0.00, real=0.03 secs] 
2020-09-29T18:13:18.395+0200: 2.277: [GC (Allocation Failure) 2020-09-29T18:13:18.395+0200: 2.278: [ParNew: 594451K->40342K(613440K), 0.0184066 secs] 594843K->40734K(2029056K), 0.0184689 secs] [Times: user=0.13 sys=0.00, real=0.02 secs] 
2020-09-29T18:13:18.463+0200: 2.346: [GC (Allocation Failure) 2020-09-29T18:13:18.463+0200: 2.346: [ParNew: 585686K->41146K(613440K), 0.0241698 secs] 586078K->41538K(2029056K), 0.0242593 secs] [Times: user=0.13 sys=0.00, real=0.02 secs] 
2020-09-29T18:13:18.550+0200: 2.433: [GC (Allocation Failure) 2020-09-29T18:13:18.550+0200: 2.433: [ParNew: 586490K->38332K(613440K), 0.0239715 secs] 586882K->38724K(2029056K), 0.0240584 secs] [Times: user=0.25 sys=0.00, real=0.02 secs] 
2020-09-29T18:13:18.632+0200: 2.515: [GC (Allocation Failure) 2020-09-29T18:13:18.632+0200: 2.515: [ParNew: 583676K->54219K(613440K), 0.0244225 secs] 584068K->54611K(2029056K), 0.0244833 secs] [Times: user=0.11 sys=0.00, real=0.03 secs] 
2020-09-29T18:13:18.718+0200: 2.601: [GC (Allocation Failure) 2020-09-29T18:13:18.718+0200: 2.601: [ParNew: 599563K->41446K(613440K), 0.0221046 secs] 599955K->41838K(2029056K), 0.0221695 secs] [Times: user=0.25 sys=0.00, real=0.02 secs] 
2020-09-29T18:13:18.796+0200: 2.679: [GC (Allocation Failure) 2020-09-29T18:13:18.796+0200: 2.679: [ParNew: 586790K->31472K(613440K), 0.0200028 secs] 587182K->31865K(2029056K), 0.0200778 secs] [Times: user=0.13 sys=0.00, real=0.02 secs] 
2020-09-29T18:13:18.869+0200: 2.752: [GC (Allocation Failure) 2020-09-29T18:13:18.869+0200: 2.752: [ParNew: 576816K->51415K(613440K), 0.0253092 secs] 577209K->51808K(2029056K), 0.0254354 secs] [Times: user=0.13 sys=0.00, real=0.03 secs] 
2020-09-29T18:13:18.958+0200: 2.841: [GC (Allocation Failure) 2020-09-29T18:13:18.959+0200: 2.841: [ParNew: 596759K->43840K(613440K), 0.0242316 secs] 597152K->44232K(2029056K), 0.0243130 secs] [Times: user=0.13 sys=0.00, real=0.03 secs] 
2020-09-29T18:13:19.043+0200: 2.926: [GC (Allocation Failure) 2020-09-29T18:13:19.043+0200: 2.926: [ParNew: 589184K->37643K(613440K), 0.0232111 secs] 589576K->38036K(2029056K), 0.0232795 secs] [Times: user=0.13 sys=0.00, real=0.02 secs] 
2020-09-29T18:13:19.123+0200: 3.005: [GC (Allocation Failure) 2020-09-29T18:13:19.123+0200: 3.006: [ParNew: 582987K->63824K(613440K), 0.0296121 secs] 583380K->64216K(2029056K), 0.0296847 secs] [Times: user=0.25 sys=0.00, real=0.03 secs] 
2020-09-29T18:13:19.208+0200: 3.091: [GC (Allocation Failure) 2020-09-29T18:13:19.208+0200: 3.091: [ParNew: 609168K->45345K(613440K), 0.0227415 secs] 609560K->45738K(2029056K), 0.0228268 secs] [Times: user=0.13 sys=0.00, real=0.02 secs] 
2020-09-29T18:13:19.301+0200: 3.184: [GC (Allocation Failure) 2020-09-29T18:13:19.301+0200: 3.184: [ParNew: 590689K->52028K(613440K), 0.0330948 secs] 591082K->52420K(2029056K), 0.0331569 secs] [Times: user=0.19 sys=0.00, real=0.03 secs] 
2020-09-29T18:13:19.389+0200: 3.272: [GC (Allocation Failure) 2020-09-29T18:13:19.389+0200: 3.272: [ParNew: 597372K->55910K(613440K), 0.0280779 secs] 597764K->56302K(2029056K), 0.0281478 secs] [Times: user=0.23 sys=0.00, real=0.03 secs] 
2020-09-29T18:13:19.470+0200: 3.353: [GC (Allocation Failure) 2020-09-29T18:13:19.470+0200: 3.353: [ParNew: 601254K->61500K(613440K), 0.0281143 secs] 601646K->61893K(2029056K), 0.0281907 secs] [Times: user=0.22 sys=0.00, real=0.03 secs] 
2020-09-29T18:13:19.559+0200: 3.441: [GC (Allocation Failure) 2020-09-29T18:13:19.559+0200: 3.441: [ParNew: 606844K->51850K(613440K), 0.0315842 secs] 607237K->52243K(2029056K), 0.0316779 secs] [Times: user=0.25 sys=0.00, real=0.03 secs] 
2020-09-29T18:13:19.640+0200: 3.523: [GC (Allocation Failure) 2020-09-29T18:13:19.640+0200: 3.523: [ParNew: 597194K->47368K(613440K), 0.0224888 secs] 597587K->47761K(2029056K), 0.0225560 secs] [Times: user=0.24 sys=0.00, real=0.02 secs] 
2020-09-29T18:13:19.728+0200: 3.611: [GC (Allocation Failure) 2020-09-29T18:13:19.728+0200: 3.611: [ParNew: 592712K->43451K(613440K), 0.0239387 secs] 593105K->43844K(2029056K), 0.0239971 secs] [Times: user=0.09 sys=0.00, real=0.02 secs] 
2020-09-29T18:13:19.821+0200: 3.704: [GC (Allocation Failure) 2020-09-29T18:13:19.821+0200: 3.704: [ParNew: 588795K->59188K(613440K), 0.0301440 secs] 589188K->59581K(2029056K), 0.0302156 secs] [Times: user=0.24 sys=0.00, real=0.03 secs] 
2020-09-29T18:13:19.904+0200: 3.787: [GC (Allocation Failure) 2020-09-29T18:13:19.904+0200: 3.787: [ParNew: 604532K->68096K(613440K), 0.0353405 secs] 604925K->68488K(2029056K), 0.0354071 secs] [Times: user=0.24 sys=0.00, real=0.03 secs] 
2020-09-29T18:13:19.992+0200: 3.875: [GC (Allocation Failure) 2020-09-29T18:13:19.992+0200: 3.875: [ParNew: 613440K->43527K(613440K), 0.0207578 secs] 613832K->43920K(2029056K), 0.0208198 secs] [Times: user=0.11 sys=0.00, real=0.02 secs] 
2020-09-29T18:13:20.069+0200: 3.952: [GC (Allocation Failure) 2020-09-29T18:13:20.069+0200: 3.952: [ParNew: 588871K->49088K(613440K), 0.0247612 secs] 589264K->49480K(2029056K), 0.0248282 secs] [Times: user=0.13 sys=0.00, real=0.03 secs] 
2020-09-29T18:13:20.149+0200: 4.032: [GC (Allocation Failure) 2020-09-29T18:13:20.149+0200: 4.032: [ParNew: 594432K->64259K(613440K), 0.0312211 secs] 594824K->64651K(2029056K), 0.0312833 secs] [Times: user=0.25 sys=0.00, real=0.03 secs] 
2020-09-29T18:13:20.235+0200: 4.118: [GC (Allocation Failure) 2020-09-29T18:13:20.235+0200: 4.118: [ParNew: 609603K->53498K(613440K), 0.0231046 secs] 609995K->53890K(2029056K), 0.0231757 secs] [Times: user=0.25 sys=0.00, real=0.02 secs] 
2020-09-29T18:13:20.313+0200: 4.196: [GC (Allocation Failure) 2020-09-29T18:13:20.313+0200: 4.196: [ParNew: 598842K->43425K(613440K), 0.0249927 secs] 599234K->43818K(2029056K), 0.0250621 secs] [Times: user=0.22 sys=0.00, real=0.03 secs] 
2020-09-29T18:13:20.406+0200: 4.289: [GC (Allocation Failure) 2020-09-29T18:13:20.406+0200: 4.289: [ParNew: 588769K->57667K(613440K), 0.0321663 secs] 589162K->58059K(2029056K), 0.0322368 secs] [Times: user=0.20 sys=0.00, real=0.03 secs] 
2020-09-29T18:13:20.497+0200: 4.379: [GC (Allocation Failure) 2020-09-29T18:13:20.497+0200: 4.379: [ParNew: 603011K->47728K(613440K), 0.0284121 secs] 603403K->48120K(2029056K), 0.0284794 secs] [Times: user=0.25 sys=0.00, real=0.03 secs] 
2020-09-29T18:13:20.583+0200: 4.465: [GC (Allocation Failure) 2020-09-29T18:13:20.583+0200: 4.466: [ParNew: 593072K->44390K(613440K), 0.0201026 secs] 593464K->44782K(2029056K), 0.0202020 secs] [Times: user=0.13 sys=0.00, real=0.02 secs] 
2020-09-29T18:13:20.654+0200: 4.537: [GC (Allocation Failure) 2020-09-29T18:13:20.654+0200: 4.537: [ParNew: 589734K->34331K(613440K), 0.0189846 secs] 590126K->34723K(2029056K), 0.0190592 secs] [Times: user=0.13 sys=0.00, real=0.02 secs] 
2020-09-29T18:13:20.731+0200: 4.614: [GC (Allocation Failure) 2020-09-29T18:13:20.731+0200: 4.614: [ParNew: 579675K->41020K(613440K), 0.0233899 secs] 580067K->41412K(2029056K), 0.0234622 secs] [Times: user=0.25 sys=0.00, real=0.02 secs] 
2020-09-29T18:13:20.814+0200: 4.697: [GC (Allocation Failure) 2020-09-29T18:13:20.814+0200: 4.697: [ParNew: 586364K->44176K(613440K), 0.0250371 secs] 586756K->44568K(2029056K), 0.0251087 secs] [Times: user=0.20 sys=0.00, real=0.03 secs] 
2020-09-29T18:13:20.894+0200: 4.777: [GC (Allocation Failure) 2020-09-29T18:13:20.894+0200: 4.777: [ParNew: 589520K->36714K(613440K), 0.0234202 secs] 589912K->37106K(2029056K), 0.0234927 secs] [Times: user=0.20 sys=0.00, real=0.02 secs] 
2020-09-29T18:13:20.973+0200: 4.856: [GC (Allocation Failure) 2020-09-29T18:13:20.973+0200: 4.856: [ParNew: 582058K->55020K(613440K), 0.0292083 secs] 582450K->55413K(2029056K), 0.0292685 secs] [Times: user=0.11 sys=0.00, real=0.03 secs] 
2020-09-29T18:13:21.055+0200: 4.938: [GC (Allocation Failure) 2020-09-29T18:13:21.055+0200: 4.938: [ParNew: 600364K->62943K(613440K), 0.0265584 secs] 600757K->63335K(2029056K), 0.0266231 secs] [Times: user=0.13 sys=0.00, real=0.03 secs] 
2020-09-29T18:13:21.136+0200: 5.020: [GC (Allocation Failure) 2020-09-29T18:13:21.137+0200: 5.020: [ParNew: 608287K->43398K(613440K), 0.0270188 secs] 608679K->43790K(2029056K), 0.0271110 secs] [Times: user=0.25 sys=0.00, real=0.03 secs] 
2020-09-29T18:13:21.214+0200: 5.097: [GC (Allocation Failure) 2020-09-29T18:13:21.214+0200: 5.097: [ParNew: 588742K->41634K(613440K), 0.0248706 secs] 589134K->42027K(2029056K), 0.0249496 secs] [Times: user=0.14 sys=0.00, real=0.03 secs] 
2020-09-29T18:13:21.289+0200: 5.172: [GC (Allocation Failure) 2020-09-29T18:13:21.289+0200: 5.172: [ParNew: 586978K->33354K(613440K), 0.0143826 secs] 587371K->33746K(2029056K), 0.0144480 secs] [Times: user=0.13 sys=0.00, real=0.01 secs] 
2020-09-29T18:13:21.378+0200: 5.261: [GC (Allocation Failure) 2020-09-29T18:13:21.378+0200: 5.261: [ParNew: 578698K->34652K(613440K), 0.0201680 secs] 579090K->35045K(2029056K), 0.0202551 secs] [Times: user=0.20 sys=0.00, real=0.02 secs] 
2020-09-29T18:13:21.458+0200: 5.340: [GC (Allocation Failure) 2020-09-29T18:13:21.458+0200: 5.340: [ParNew: 579996K->34278K(613440K), 0.0187645 secs] 580389K->34670K(2029056K), 0.0188237 secs] [Times: user=0.11 sys=0.00, real=0.02 secs] 
2020-09-29T18:13:21.541+0200: 5.423: [GC (Allocation Failure) 2020-09-29T18:13:21.541+0200: 5.423: [ParNew: 579622K->59636K(613440K), 0.0336900 secs] 580014K->60028K(2029056K), 0.0337643 secs] [Times: user=0.22 sys=0.00, real=0.03 secs] 
2020-09-29T18:13:21.635+0200: 5.518: [GC (Allocation Failure) 2020-09-29T18:13:21.635+0200: 5.518: [ParNew: 604980K->68096K(613440K), 0.0316536 secs] 605372K->68488K(2029056K), 0.0317176 secs] [Times: user=0.25 sys=0.00, real=0.03 secs] 
2020-09-29T18:13:21.720+0200: 5.602: [GC (Allocation Failure) 2020-09-29T18:13:21.720+0200: 5.602: [ParNew: 613440K->48581K(613440K), 0.0274384 secs] 613832K->48973K(2029056K), 0.0274995 secs] [Times: user=0.20 sys=0.00, real=0.03 secs] 
2020-09-29T18:13:21.799+0200: 5.682: [GC (Allocation Failure) 2020-09-29T18:13:21.799+0200: 5.682: [ParNew: 593925K->67199K(613440K), 0.0281897 secs] 594317K->67591K(2029056K), 0.0282886 secs] [Times: user=0.25 sys=0.00, real=0.03 secs] 
2020-09-29T18:13:21.879+0200: 5.761: [GC (Allocation Failure) 2020-09-29T18:13:21.879+0200: 5.761: [ParNew: 612543K->68096K(613440K), 0.0357876 secs] 612935K->70095K(2029056K), 0.0358633 secs] [Times: user=0.38 sys=0.00, real=0.04 secs] 
2020-09-29T18:13:21.963+0200: 5.845: [GC (Allocation Failure) 2020-09-29T18:13:21.963+0200: 5.845: [ParNew: 613440K->49801K(613440K), 0.0177660 secs] 615439K->51800K(2029056K), 0.0178327 secs] [Times: user=0.13 sys=0.00, real=0.02 secs] 
2020-09-29T18:13:22.036+0200: 5.918: [GC (Allocation Failure) 2020-09-29T18:13:22.036+0200: 5.918: [ParNew: 595145K->44788K(613440K), 0.0257117 secs] 597144K->46787K(2029056K), 0.0257890 secs] [Times: user=0.13 sys=0.00, real=0.03 secs] 
2020-09-29T18:13:22.109+0200: 5.991: [GC (Allocation Failure) 2020-09-29T18:13:22.109+0200: 5.991: [ParNew: 590132K->31163K(613440K), 0.0193504 secs] 592131K->33163K(2029056K), 0.0194328 secs] [Times: user=0.13 sys=0.00, real=0.02 secs] 
2020-09-29T18:13:22.179+0200: 6.062: [GC (Allocation Failure) 2020-09-29T18:13:22.179+0200: 6.062: [ParNew: 576507K->48497K(613440K), 0.0231572 secs] 578507K->50497K(2029056K), 0.0232265 secs] [Times: user=0.13 sys=0.00, real=0.02 secs] 
2020-09-29T18:13:22.259+0200: 6.141: [GC (Allocation Failure) 2020-09-29T18:13:22.259+0200: 6.141: [ParNew: 593841K->58433K(613440K), 0.0299661 secs] 595841K->60432K(2029056K), 0.0300349 secs] [Times: user=0.23 sys=0.02, real=0.03 secs] 
2020-09-29T18:13:22.336+0200: 6.219: [GC (Allocation Failure) 2020-09-29T18:13:22.336+0200: 6.219: [ParNew: 603777K->48008K(613440K), 0.0204090 secs] 605776K->50007K(2029056K), 0.0204781 secs] [Times: user=0.13 sys=0.00, real=0.02 secs] 
2020-09-29T18:13:22.404+0200: 6.287: [GC (Allocation Failure) 2020-09-29T18:13:22.404+0200: 6.287: [ParNew: 593352K->25822K(613440K), 0.0185596 secs] 595351K->27821K(2029056K), 0.0186367 secs] [Times: user=0.13 sys=0.00, real=0.02 secs] 
2020-09-29T18:13:22.470+0200: 6.353: [GC (Allocation Failure) 2020-09-29T18:13:22.470+0200: 6.353: [ParNew: 571166K->48294K(613440K), 0.0243575 secs] 573165K->50293K(2029056K), 0.0244549 secs] [Times: user=0.25 sys=0.00, real=0.02 secs] 
2020-09-29T18:13:22.548+0200: 6.431: [GC (Allocation Failure) 2020-09-29T18:13:22.548+0200: 6.431: [ParNew: 593638K->62899K(613440K), 0.0296177 secs] 595637K->64899K(2029056K), 0.0296980 secs] [Times: user=0.25 sys=0.00, real=0.03 secs] 
2020-09-29T18:13:22.629+0200: 6.512: [GC (Allocation Failure) 2020-09-29T18:13:22.629+0200: 6.512: [ParNew: 608243K->52936K(613440K), 0.0297050 secs] 610243K->54935K(2029056K), 0.0297944 secs] [Times: user=0.22 sys=0.00, real=0.03 secs] 
2020-09-29T18:13:22.712+0200: 6.594: [GC (Allocation Failure) 2020-09-29T18:13:22.712+0200: 6.594: [ParNew: 598280K->54876K(613440K), 0.0283307 secs] 600279K->56875K(2029056K), 0.0284108 secs] [Times: user=0.25 sys=0.00, real=0.03 secs] 
2020-09-29T18:13:22.797+0200: 6.680: [GC (Allocation Failure) 2020-09-29T18:13:22.797+0200: 6.680: [ParNew: 600220K->56748K(613440K), 0.0201973 secs] 602219K->58748K(2029056K), 0.0202576 secs] [Times: user=0.25 sys=0.00, real=0.02 secs] 
2020-09-29T18:13:22.865+0200: 6.748: [GC (Allocation Failure) 2020-09-29T18:13:22.865+0200: 6.748: [ParNew: 602092K->54043K(613440K), 0.0210769 secs] 604092K->56042K(2029056K), 0.0211369 secs] [Times: user=0.13 sys=0.00, real=0.02 secs] 
2020-09-29T18:13:22.940+0200: 6.823: [GC (Allocation Failure) 2020-09-29T18:13:22.940+0200: 6.823: [ParNew: 599387K->37911K(613440K), 0.0078350 secs] 601386K->39910K(2029056K), 0.0078922 secs] [Times: user=0.13 sys=0.00, real=0.01 secs] 
2020-09-29T18:13:23.000+0200: 6.883: [GC (Allocation Failure) 2020-09-29T18:13:23.000+0200: 6.883: [ParNew: 583255K->30554K(613440K), 0.0125313 secs] 585254K->32553K(2029056K), 0.0125868 secs] [Times: user=0.13 sys=0.00, real=0.01 secs] 
2020-09-29T18:13:23.062+0200: 6.945: [GC (Allocation Failure) 2020-09-29T18:13:23.062+0200: 6.945: [ParNew: 575898K->38809K(613440K), 0.0188488 secs] 577897K->40808K(2029056K), 0.0189753 secs] [Times: user=0.13 sys=0.00, real=0.02 secs] 
2020-09-29T18:13:23.130+0200: 7.013: [GC (Allocation Failure) 2020-09-29T18:13:23.130+0200: 7.013: [ParNew: 584153K->55655K(613440K), 0.0241725 secs] 586152K->57654K(2029056K), 0.0242580 secs] [Times: user=0.13 sys=0.00, real=0.02 secs] 
2020-09-29T18:13:23.204+0200: 7.087: [GC (Allocation Failure) 2020-09-29T18:13:23.204+0200: 7.087: [ParNew: 600999K->48548K(613440K), 0.0178991 secs] 602998K->50547K(2029056K), 0.0179616 secs] [Times: user=0.11 sys=0.00, real=0.02 secs] 
2020-09-29T18:13:23.278+0200: 7.161: [GC (Allocation Failure) 2020-09-29T18:13:23.278+0200: 7.161: [ParNew: 593892K->64763K(613440K), 0.0207281 secs] 595891K->66763K(2029056K), 0.0207845 secs] [Times: user=0.13 sys=0.00, real=0.02 secs] 
2020-09-29T18:13:23.347+0200: 7.230: [GC (Allocation Failure) 2020-09-29T18:13:23.347+0200: 7.230: [ParNew: 610107K->46825K(613440K), 0.0202653 secs] 612107K->48824K(2029056K), 0.0203462 secs] [Times: user=0.25 sys=0.00, real=0.02 secs] 
2020-09-29T18:13:23.414+0200: 7.297: [GC (Allocation Failure) 2020-09-29T18:13:23.414+0200: 7.297: [ParNew: 592169K->44815K(613440K), 0.0194641 secs] 594168K->46814K(2029056K), 0.0195177 secs] [Times: user=0.13 sys=0.00, real=0.02 secs] 
2020-09-29T18:13:23.486+0200: 7.369: [GC (Allocation Failure) 2020-09-29T18:13:23.486+0200: 7.369: [ParNew: 590159K->44391K(613440K), 0.0187116 secs] 592158K->46391K(2029056K), 0.0187686 secs] [Times: user=0.25 sys=0.00, real=0.02 secs] 
2020-09-29T18:13:23.553+0200: 7.436: [GC (Allocation Failure) 2020-09-29T18:13:23.553+0200: 7.436: [ParNew: 589735K->33247K(613440K), 0.0116244 secs] 591735K->35247K(2029056K), 0.0116987 secs] [Times: user=0.00 sys=0.00, real=0.01 secs] 
2020-09-29T18:13:23.618+0200: 7.501: [GC (Allocation Failure) 2020-09-29T18:13:23.618+0200: 7.501: [ParNew: 578591K->49952K(613440K), 0.0168161 secs] 580591K->51952K(2029056K), 0.0168859 secs] [Times: user=0.13 sys=0.00, real=0.02 secs] 
2020-09-29T18:13:23.684+0200: 7.567: [GC (Allocation Failure) 2020-09-29T18:13:23.684+0200: 7.567: [ParNew: 595296K->37632K(613440K), 0.0157044 secs] 597296K->39631K(2029056K), 0.0157600 secs] [Times: user=0.13 sys=0.00, real=0.02 secs] 
2020-09-29T18:13:23.746+0200: 7.629: [GC (Allocation Failure) 2020-09-29T18:13:23.746+0200: 7.629: [ParNew: 582976K->56075K(613440K), 0.0204333 secs] 584975K->58074K(2029056K), 0.0205119 secs] [Times: user=0.13 sys=0.00, real=0.02 secs] 
2020-09-29T18:13:23.813+0200: 7.696: [GC (Allocation Failure) 2020-09-29T18:13:23.814+0200: 7.696: [ParNew: 601419K->46177K(613440K), 0.0196700 secs] 603418K->48176K(2029056K), 0.0197673 secs] [Times: user=0.25 sys=0.00, real=0.02 secs] 
2020-09-29T18:13:23.881+0200: 7.764: [GC (Allocation Failure) 2020-09-29T18:13:23.881+0200: 7.764: [ParNew: 591521K->41519K(613440K), 0.0192655 secs] 593520K->43518K(2029056K), 0.0193376 secs] [Times: user=0.13 sys=0.00, real=0.02 secs] 
2020-09-29T18:13:23.951+0200: 7.834: [GC (Allocation Failure) 2020-09-29T18:13:23.951+0200: 7.834: [ParNew: 586863K->38308K(613440K), 0.0123576 secs] 588862K->40308K(2029056K), 0.0124154 secs] [Times: user=0.13 sys=0.00, real=0.01 secs] 
2020-09-29T18:13:24.018+0200: 7.901: [GC (Allocation Failure) 2020-09-29T18:13:24.018+0200: 7.901: [ParNew: 583652K->40069K(613440K), 0.0180463 secs] 585652K->42069K(2029056K), 0.0181192 secs] [Times: user=0.25 sys=0.00, real=0.02 secs] 
2020-09-29T18:13:24.083+0200: 7.966: [GC (Allocation Failure) 2020-09-29T18:13:24.083+0200: 7.966: [ParNew: 585413K->58856K(613440K), 0.0218553 secs] 587413K->60856K(2029056K), 0.0219129 secs] [Times: user=0.13 sys=0.00, real=0.02 secs] 
2020-09-29T18:13:24.153+0200: 8.036: [GC (Allocation Failure) 2020-09-29T18:13:24.153+0200: 8.036: [ParNew: 604200K->68096K(613440K), 0.0216919 secs] 606200K->70095K(2029056K), 0.0217514 secs] [Times: user=0.13 sys=0.00, real=0.02 secs] 
2020-09-29T18:13:24.223+0200: 8.106: [GC (Allocation Failure) 2020-09-29T18:13:24.223+0200: 8.106: [ParNew: 613440K->54345K(613440K), 0.0217960 secs] 615439K->56345K(2029056K), 0.0218596 secs] [Times: user=0.13 sys=0.00, real=0.02 secs] 
2020-09-29T18:13:24.291+0200: 8.174: [GC (Allocation Failure) 2020-09-29T18:13:24.291+0200: 8.174: [ParNew: 599689K->41290K(613440K), 0.0095261 secs] 601689K->43289K(2029056K), 0.0095941 secs] [Times: user=0.13 sys=0.00, real=0.01 secs] 
2020-09-29T18:13:24.349+0200: 8.232: [GC (Allocation Failure) 2020-09-29T18:13:24.349+0200: 8.232: [ParNew: 586634K->46515K(613440K), 0.0193089 secs] 588633K->48515K(2029056K), 0.0193729 secs] [Times: user=0.13 sys=0.00, real=0.02 secs] 
2020-09-29T18:13:24.415+0200: 8.298: [GC (Allocation Failure) 2020-09-29T18:13:24.415+0200: 8.298: [ParNew: 591859K->58713K(613440K), 0.0181258 secs] 593859K->60713K(2029056K), 0.0181824 secs] [Times: user=0.13 sys=0.00, real=0.02 secs] 
2020-09-29T18:13:24.480+0200: 8.363: [GC (Allocation Failure) 2020-09-29T18:13:24.480+0200: 8.363: [ParNew: 604057K->26860K(613440K), 0.0111749 secs] 606057K->28859K(2029056K), 0.0112596 secs] [Times: user=0.13 sys=0.00, real=0.01 secs] 
2020-09-29T18:13:24.542+0200: 8.425: [GC (Allocation Failure) 2020-09-29T18:13:24.542+0200: 8.425: [ParNew: 572204K->41736K(613440K), 0.0159142 secs] 574203K->43735K(2029056K), 0.0159727 secs] [Times: user=0.13 sys=0.00, real=0.02 secs] 
2020-09-29T18:13:24.607+0200: 8.490: [GC (Allocation Failure) 2020-09-29T18:13:24.607+0200: 8.490: [ParNew: 587080K->33157K(613440K), 0.0155228 secs] 589079K->35157K(2029056K), 0.0155787 secs] [Times: user=0.13 sys=0.00, real=0.01 secs] 
2020-09-29T18:13:24.670+0200: 8.553: [GC (Allocation Failure) 2020-09-29T18:13:24.670+0200: 8.553: [ParNew: 578501K->60259K(613440K), 0.0190701 secs] 580501K->62259K(2029056K), 0.0191290 secs] [Times: user=0.13 sys=0.00, real=0.02 secs] 
2020-09-29T18:13:24.739+0200: 8.622: [GC (Allocation Failure) 2020-09-29T18:13:24.739+0200: 8.622: [ParNew: 605603K->51480K(613440K), 0.0187576 secs] 607603K->53479K(2029056K), 0.0188122 secs] [Times: user=0.13 sys=0.00, real=0.02 secs] 
2020-09-29T18:13:24.805+0200: 8.688: [GC (Allocation Failure) 2020-09-29T18:13:24.805+0200: 8.688: [ParNew: 596824K->45688K(613440K), 0.0175523 secs] 598823K->47688K(2029056K), 0.0176121 secs] [Times: user=0.13 sys=0.00, real=0.02 secs] 
2020-09-29T18:13:24.871+0200: 8.754: [GC (Allocation Failure) 2020-09-29T18:13:24.871+0200: 8.754: [ParNew: 591032K->67999K(613440K), 0.0222257 secs] 593032K->69998K(2029056K), 0.0222815 secs] [Times: user=0.13 sys=0.00, real=0.02 secs] 
2020-09-29T18:13:24.942+0200: 8.825: [GC (Allocation Failure) 2020-09-29T18:13:24.942+0200: 8.825: [ParNew: 613343K->55824K(613440K), 0.0180290 secs] 615342K->57823K(2029056K), 0.0180801 secs] [Times: user=0.13 sys=0.00, real=0.02 secs] 
2020-09-29T18:13:25.009+0200: 8.892: [GC (Allocation Failure) 2020-09-29T18:13:25.009+0200: 8.892: [ParNew: 601168K->46642K(613440K), 0.0161845 secs] 603167K->48642K(2029056K), 0.0162474 secs] [Times: user=0.13 sys=0.00, real=0.02 secs] 
2020-09-29T18:13:25.076+0200: 8.959: [GC (Allocation Failure) 2020-09-29T18:13:25.076+0200: 8.959: [ParNew: 591986K->35619K(613440K), 0.0144255 secs] 593986K->37618K(2029056K), 0.0144967 secs] [Times: user=0.13 sys=0.00, real=0.02 secs] 
2020-09-29T18:13:25.143+0200: 9.026: [GC (Allocation Failure) 2020-09-29T18:13:25.143+0200: 9.026: [ParNew: 580963K->57920K(613440K), 0.0193894 secs] 582962K->59919K(2029056K), 0.0194444 secs] [Times: user=0.25 sys=0.00, real=0.02 secs] 
2020-09-29T18:13:25.212+0200: 9.095: [GC (Allocation Failure) 2020-09-29T18:13:25.212+0200: 9.095: [ParNew: 603264K->43331K(613440K), 0.0133443 secs] 605263K->45331K(2029056K), 0.0134042 secs] [Times: user=0.13 sys=0.00, real=0.01 secs] 
2020-09-29T18:13:25.274+0200: 9.157: [GC (Allocation Failure) 2020-09-29T18:13:25.274+0200: 9.157: [ParNew: 588675K->59113K(613440K), 0.0236696 secs] 590675K->61112K(2029056K), 0.0237398 secs] [Times: user=0.13 sys=0.00, real=0.02 secs] 
2020-09-29T18:13:25.344+0200: 9.227: [GC (Allocation Failure) 2020-09-29T18:13:25.344+0200: 9.227: [ParNew: 604457K->55320K(613440K), 0.0179559 secs] 606456K->57320K(2029056K), 0.0180282 secs] [Times: user=0.13 sys=0.00, real=0.02 secs] 
2020-09-29T18:13:25.410+0200: 9.293: [GC (Allocation Failure) 2020-09-29T18:13:25.410+0200: 9.293: [ParNew: 600664K->68096K(613440K), 0.0223319 secs] 602664K->70259K(2029056K), 0.0223862 secs] [Times: user=0.20 sys=0.02, real=0.02 secs] 
2020-09-29T18:13:25.479+0200: 9.362: [GC (Allocation Failure) 2020-09-29T18:13:25.479+0200: 9.362: [ParNew: 613440K->56272K(613440K), 0.0219181 secs] 615603K->58435K(2029056K), 0.0219805 secs] [Times: user=0.11 sys=0.00, real=0.02 secs] 
2020-09-29T18:13:25.549+0200: 9.432: [GC (Allocation Failure) 2020-09-29T18:13:25.549+0200: 9.432: [ParNew: 601616K->53947K(613440K), 0.0208085 secs] 603779K->56110K(2029056K), 0.0208775 secs] [Times: user=0.25 sys=0.00, real=0.02 secs] 
2020-09-29T18:13:25.618+0200: 9.501: [GC (Allocation Failure) 2020-09-29T18:13:25.618+0200: 9.501: [ParNew: 599291K->54029K(613440K), 0.0198349 secs] 601454K->56192K(2029056K), 0.0199053 secs] [Times: user=0.13 sys=0.00, real=0.02 secs] 
2020-09-29T18:13:25.688+0200: 9.571: [GC (Allocation Failure) 2020-09-29T18:13:25.688+0200: 9.571: [ParNew: 599373K->44050K(613440K), 0.0140050 secs] 601536K->46214K(2029056K), 0.0140736 secs] [Times: user=0.13 sys=0.00, real=0.01 secs] 
2020-09-29T18:13:25.749+0200: 9.632: [GC (Allocation Failure) 2020-09-29T18:13:25.749+0200: 9.632: [ParNew: 589394K->43653K(613440K), 0.0169769 secs] 591558K->45817K(2029056K), 0.0170324 secs] [Times: user=0.13 sys=0.00, real=0.02 secs] 
2020-09-29T18:13:25.814+0200: 9.697: [GC (Allocation Failure) 2020-09-29T18:13:25.814+0200: 9.697: [ParNew: 588997K->56846K(613440K), 0.0174993 secs] 591161K->59010K(2029056K), 0.0175685 secs] [Times: user=0.13 sys=0.00, real=0.02 secs] 
2020-09-29T18:13:25.879+0200: 9.762: [GC (Allocation Failure) 2020-09-29T18:13:25.879+0200: 9.762: [ParNew: 602190K->47116K(613440K), 0.0163941 secs] 604354K->49280K(2029056K), 0.0164505 secs] [Times: user=0.13 sys=0.00, real=0.02 secs] 
2020-09-29T18:13:25.948+0200: 9.831: [GC (Allocation Failure) 2020-09-29T18:13:25.948+0200: 9.831: [ParNew: 592460K->60530K(613440K), 0.0208259 secs] 594624K->62693K(2029056K), 0.0208866 secs] [Times: user=0.13 sys=0.00, real=0.02 secs] 
2020-09-29T18:13:26.016+0200: 9.899: [GC (Allocation Failure) 2020-09-29T18:13:26.016+0200: 9.899: [ParNew: 605874K->42164K(613440K), 0.0163809 secs] 608037K->44327K(2029056K), 0.0164508 secs] [Times: user=0.13 sys=0.00, real=0.02 secs] 
2020-09-29T18:13:26.079+0200: 9.962: [GC (Allocation Failure) 2020-09-29T18:13:26.079+0200: 9.962: [ParNew: 587508K->33447K(613440K), 0.0150050 secs] 589671K->35611K(2029056K), 0.0150674 secs] [Times: user=0.13 sys=0.00, real=0.02 secs] 
2020-09-29T18:13:26.142+0200: 10.025: [GC (Allocation Failure) 2020-09-29T18:13:26.142+0200: 10.025: [ParNew: 578791K->31395K(613440K), 0.0131986 secs] 580955K->33558K(2029056K), 0.0132512 secs] [Times: user=0.13 sys=0.00, real=0.01 secs] 
2020-09-29T18:13:26.208+0200: 10.091: [GC (Allocation Failure) 2020-09-29T18:13:26.208+0200: 10.091: [ParNew: 576739K->50723K(613440K), 0.0182670 secs] 578902K->52887K(2029056K), 0.0183254 secs] [Times: user=0.13 sys=0.00, real=0.02 secs] 
2020-09-29T18:13:26.275+0200: 10.158: [GC (Allocation Failure) 2020-09-29T18:13:26.275+0200: 10.158: [ParNew: 596067K->38415K(613440K), 0.0166969 secs] 598231K->40579K(2029056K), 0.0167761 secs] [Times: user=0.13 sys=0.00, real=0.02 secs] 
2020-09-29T18:13:26.343+0200: 10.226: [GC (Allocation Failure) 2020-09-29T18:13:26.343+0200: 10.226: [ParNew: 583759K->61427K(613440K), 0.0218691 secs] 585923K->63590K(2029056K), 0.0219257 secs] [Times: user=0.25 sys=0.00, real=0.02 secs] 
2020-09-29T18:13:26.412+0200: 10.295: [GC (Allocation Failure) 2020-09-29T18:13:26.412+0200: 10.295: [ParNew: 606771K->46294K(613440K), 0.0159064 secs] 608934K->48458K(2029056K), 0.0159649 secs] [Times: user=0.13 sys=0.00, real=0.02 secs] 
2020-09-29T18:13:26.477+0200: 10.360: [GC (Allocation Failure) 2020-09-29T18:13:26.477+0200: 10.360: [ParNew: 591638K->39224K(613440K), 0.0157633 secs] 593802K->41387K(2029056K), 0.0158223 secs] [Times: user=0.11 sys=0.00, real=0.02 secs] 
2020-09-29T18:13:26.544+0200: 10.427: [GC (Allocation Failure) 2020-09-29T18:13:26.544+0200: 10.427: [ParNew: 584568K->60136K(613440K), 0.0197158 secs] 586731K->62300K(2029056K), 0.0197724 secs] [Times: user=0.13 sys=0.00, real=0.02 secs] 
2020-09-29T18:13:26.611+0200: 10.494: [GC (Allocation Failure) 2020-09-29T18:13:26.611+0200: 10.494: [ParNew: 605480K->40354K(613440K), 0.0129505 secs] 607644K->42517K(2029056K), 0.0130075 secs] [Times: user=0.13 sys=0.00, real=0.01 secs] 
2020-09-29T18:13:26.676+0200: 10.559: [GC (Allocation Failure) 2020-09-29T18:13:26.676+0200: 10.559: [ParNew: 585698K->59585K(613440K), 0.0184287 secs] 587861K->61749K(2029056K), 0.0184945 secs] [Times: user=0.13 sys=0.00, real=0.02 secs] 
2020-09-29T18:13:26.744+0200: 10.627: [GC (Allocation Failure) 2020-09-29T18:13:26.744+0200: 10.627: [ParNew: 604929K->50838K(613440K), 0.0180661 secs] 607093K->53002K(2029056K), 0.0181260 secs] [Times: user=0.13 sys=0.00, real=0.02 secs] 
2020-09-29T18:13:26.810+0200: 10.693: [GC (Allocation Failure) 2020-09-29T18:13:26.810+0200: 10.693: [ParNew: 596182K->41318K(613440K), 0.0120072 secs] 598346K->43482K(2029056K), 0.0120622 secs] [Times: user=0.13 sys=0.00, real=0.01 secs] 
2020-09-29T18:13:26.875+0200: 10.758: [GC (Allocation Failure) 2020-09-29T18:13:26.875+0200: 10.758: [ParNew: 586662K->36914K(613440K), 0.0176612 secs] 588826K->39078K(2029056K), 0.0177198 secs] [Times: user=0.13 sys=0.00, real=0.02 secs] 
2020-09-29T18:13:26.940+0200: 10.823: [GC (Allocation Failure) 2020-09-29T18:13:26.940+0200: 10.823: [ParNew: 582258K->32729K(613440K), 0.0153681 secs] 584422K->34893K(2029056K), 0.0154497 secs] [Times: user=0.13 sys=0.00, real=0.01 secs] 
2020-09-29T18:13:27.003+0200: 10.886: [GC (Allocation Failure) 2020-09-29T18:13:27.003+0200: 10.886: [ParNew: 578073K->58533K(613440K), 0.0194629 secs] 580237K->60697K(2029056K), 0.0195216 secs] [Times: user=0.25 sys=0.00, real=0.02 secs] 
2020-09-29T18:13:27.070+0200: 10.953: [GC (Allocation Failure) 2020-09-29T18:13:27.070+0200: 10.953: [ParNew: 603877K->38252K(613440K), 0.0128364 secs] 606041K->40416K(2029056K), 0.0128919 secs] [Times: user=0.13 sys=0.00, real=0.01 secs] 
2020-09-29T18:13:27.132+0200: 11.015: [GC (Allocation Failure) 2020-09-29T18:13:27.132+0200: 11.015: [ParNew: 583596K->38563K(613440K), 0.0175872 secs] 585760K->40727K(2029056K), 0.0176409 secs] [Times: user=0.13 sys=0.00, real=0.02 secs] 
2020-09-29T18:13:27.198+0200: 11.081: [GC (Allocation Failure) 2020-09-29T18:13:27.198+0200: 11.081: [ParNew: 583907K->33098K(613440K), 0.0128530 secs] 586071K->35261K(2029056K), 0.0129299 secs] [Times: user=0.11 sys=0.00, real=0.01 secs] 
2020-09-29T18:13:27.263+0200: 11.146: [GC (Allocation Failure) 2020-09-29T18:13:27.263+0200: 11.146: [ParNew: 578442K->19684K(613440K), 0.0100824 secs] 580605K->21848K(2029056K), 0.0101413 secs] [Times: user=0.13 sys=0.00, real=0.01 secs] 
2020-09-29T18:13:27.320+0200: 11.203: [GC (Allocation Failure) 2020-09-29T18:13:27.320+0200: 11.203: [ParNew: 565028K->61096K(613440K), 0.0242006 secs] 567192K->63260K(2029056K), 0.0242560 secs] [Times: user=0.13 sys=0.00, real=0.02 secs] 
2020-09-29T18:13:27.391+0200: 11.274: [GC (Allocation Failure) 2020-09-29T18:13:27.391+0200: 11.274: [ParNew: 606440K->50696K(613440K), 0.0187341 secs] 608604K->52860K(2029056K), 0.0187902 secs] [Times: user=0.13 sys=0.00, real=0.02 secs] 
2020-09-29T18:13:27.457+0200: 11.340: [GC (Allocation Failure) 2020-09-29T18:13:27.457+0200: 11.340: [ParNew: 596040K->46311K(613440K), 0.0182348 secs] 598204K->48474K(2029056K), 0.0182952 secs] [Times: user=0.13 sys=0.00, real=0.02 secs] 
2020-09-29T18:13:27.524+0200: 11.407: [GC (Allocation Failure) 2020-09-29T18:13:27.524+0200: 11.407: [ParNew: 591655K->68096K(613440K), 0.0229234 secs] 593818K->70259K(2029056K), 0.0229823 secs] [Times: user=0.13 sys=0.00, real=0.02 secs] 
2020-09-29T18:13:27.594+0200: 11.478: [GC (Allocation Failure) 2020-09-29T18:13:27.594+0200: 11.478: [ParNew: 613440K->40998K(613440K), 0.0124633 secs] 615603K->43162K(2029056K), 0.0125307 secs] [Times: user=0.13 sys=0.00, real=0.01 secs] 
2020-09-29T18:13:27.655+0200: 11.538: [GC (Allocation Failure) 2020-09-29T18:13:27.655+0200: 11.538: [ParNew: 586342K->53959K(613440K), 0.0203947 secs] 588506K->56123K(2029056K), 0.0204751 secs] [Times: user=0.13 sys=0.00, real=0.02 secs] 
2020-09-29T18:13:27.722+0200: 11.605: [GC (Allocation Failure) 2020-09-29T18:13:27.722+0200: 11.605: [ParNew: 599303K->48130K(613440K), 0.0144525 secs] 601467K->50293K(2029056K), 0.0145175 secs] [Times: user=0.13 sys=0.00, real=0.02 secs] 
2020-09-29T18:13:27.786+0200: 11.669: [GC (Allocation Failure) 2020-09-29T18:13:27.786+0200: 11.669: [ParNew: 593474K->42741K(613440K), 0.0195121 secs] 595637K->44905K(2029056K), 0.0198644 secs] [Times: user=0.13 sys=0.00, real=0.02 secs] 
2020-09-29T18:13:27.854+0200: 11.737: [GC (Allocation Failure) 2020-09-29T18:13:27.854+0200: 11.737: [ParNew: 588085K->68096K(613440K), 0.0235335 secs] 590249K->70259K(2029056K), 0.0235936 secs] [Times: user=0.13 sys=0.00, real=0.02 secs] 
2020-09-29T18:13:27.925+0200: 11.808: [GC (Allocation Failure) 2020-09-29T18:13:27.925+0200: 11.808: [ParNew: 613440K->54165K(613440K), 0.0196803 secs] 615603K->56329K(2029056K), 0.0197410 secs] [Times: user=0.22 sys=0.00, real=0.02 secs] 
2020-09-29T18:13:27.995+0200: 11.879: [GC (Allocation Failure) 2020-09-29T18:13:27.995+0200: 11.879: [ParNew: 599509K->42438K(613440K), 0.0175472 secs] 601673K->44602K(2029056K), 0.0176197 secs] [Times: user=0.13 sys=0.00, real=0.02 secs] 
2020-09-29T18:13:28.065+0200: 11.948: [GC (Allocation Failure) 2020-09-29T18:13:28.065+0200: 11.948: [ParNew: 587782K->42021K(613440K), 0.0178893 secs] 589946K->44184K(2029056K), 0.0179467 secs] [Times: user=0.24 sys=0.00, real=0.02 secs] 
2020-09-29T18:13:28.131+0200: 12.014: [GC (Allocation Failure) 2020-09-29T18:13:28.131+0200: 12.014: [ParNew: 587365K->60384K(613440K), 0.0213417 secs] 589528K->62548K(2029056K), 0.0214005 secs] [Times: user=0.13 sys=0.00, real=0.02 secs] 
2020-09-29T18:13:28.199+0200: 12.082: [GC (Allocation Failure) 2020-09-29T18:13:28.199+0200: 12.082: [ParNew: 605728K->45038K(613440K), 0.0162292 secs] 607892K->47202K(2029056K), 0.0163290 secs] [Times: user=0.13 sys=0.00, real=0.02 secs] 
2020-09-29T18:13:28.263+0200: 12.146: [GC (Allocation Failure) 2020-09-29T18:13:28.263+0200: 12.146: [ParNew: 590382K->45242K(613440K), 0.0195281 secs] 592546K->47406K(2029056K), 0.0195902 secs] [Times: user=0.13 sys=0.00, real=0.02 secs] 
2020-09-29T18:13:28.329+0200: 12.212: [GC (Allocation Failure) 2020-09-29T18:13:28.329+0200: 12.212: [ParNew: 590586K->45068K(613440K), 0.0175728 secs] 592750K->47231K(2029056K), 0.0176546 secs] [Times: user=0.13 sys=0.00, real=0.02 secs] 
2020-09-29T18:13:28.395+0200: 12.278: [GC (Allocation Failure) 2020-09-29T18:13:28.395+0200: 12.278: [ParNew: 590412K->42240K(613440K), 0.0164347 secs] 592575K->44403K(2029056K), 0.0164947 secs] [Times: user=0.13 sys=0.00, real=0.02 secs] 
2020-09-29T18:13:28.461+0200: 12.344: [GC (Allocation Failure) 2020-09-29T18:13:28.461+0200: 12.344: [ParNew: 587584K->40800K(613440K), 0.0143131 secs] 589747K->42964K(2029056K), 0.0143720 secs] [Times: user=0.13 sys=0.00, real=0.01 secs] 
2020-09-29T18:13:28.522+0200: 12.405: [GC (Allocation Failure) 2020-09-29T18:13:28.522+0200: 12.405: [ParNew: 586144K->56420K(613440K), 0.0189346 secs] 588308K->58583K(2029056K), 0.0189879 secs] [Times: user=0.13 sys=0.00, real=0.02 secs] 
2020-09-29T18:13:28.589+0200: 12.472: [GC (Allocation Failure) 2020-09-29T18:13:28.589+0200: 12.472: [ParNew: 601764K->35337K(613440K), 0.0124151 secs] 603927K->37500K(2029056K), 0.0125006 secs] [Times: user=0.13 sys=0.00, real=0.01 secs] 
2020-09-29T18:13:28.650+0200: 12.533: [GC (Allocation Failure) 2020-09-29T18:13:28.650+0200: 12.533: [ParNew: 580681K->36967K(613440K), 0.0165876 secs] 582844K->39131K(2029056K), 0.0166460 secs] [Times: user=0.13 sys=0.00, real=0.02 secs] 
2020-09-29T18:13:28.719+0200: 12.602: [GC (Allocation Failure) 2020-09-29T18:13:28.719+0200: 12.602: [ParNew: 582311K->32017K(613440K), 0.0162580 secs] 584475K->34181K(2029056K), 0.0163370 secs] [Times: user=0.13 sys=0.00, real=0.02 secs] 
2020-09-29T18:13:28.789+0200: 12.672: [GC (Allocation Failure) 2020-09-29T18:13:28.789+0200: 12.672: [ParNew: 577361K->32107K(613440K), 0.0153830 secs] 579525K->34270K(2029056K), 0.0154463 secs] [Times: user=0.13 sys=0.00, real=0.02 secs] 
2020-09-29T18:13:28.865+0200: 12.748: [GC (Allocation Failure) 2020-09-29T18:13:28.865+0200: 12.748: [ParNew: 577451K->28606K(613440K), 0.0153338 secs] 579614K->30769K(2029056K), 0.0153934 secs] [Times: user=0.13 sys=0.00, real=0.02 secs] 
2020-09-29T18:13:28.937+0200: 12.820: [GC (Allocation Failure) 2020-09-29T18:13:28.937+0200: 12.820: [ParNew: 573950K->29982K(613440K), 0.0122995 secs] 576113K->32145K(2029056K), 0.0123582 secs] [Times: user=0.11 sys=0.00, real=0.01 secs] 
2020-09-29T18:13:28.998+0200: 12.881: [GC (Allocation Failure) 2020-09-29T18:13:28.998+0200: 12.881: [ParNew: 575326K->57918K(613440K), 0.0213634 secs] 577489K->60081K(2029056K), 0.0214572 secs] [Times: user=0.23 sys=0.00, real=0.02 secs] 
2020-09-29T18:13:29.070+0200: 12.953: [GC (Allocation Failure) 2020-09-29T18:13:29.070+0200: 12.954: [ParNew: 603262K->45150K(613440K), 0.0161467 secs] 605425K->47314K(2029056K), 0.0162077 secs] [Times: user=0.13 sys=0.00, real=0.02 secs] 
2020-09-29T18:13:29.136+0200: 13.019: [GC (Allocation Failure) 2020-09-29T18:13:29.136+0200: 13.019: [ParNew: 590494K->61346K(613440K), 0.0193756 secs] 592658K->63510K(2029056K), 0.0194452 secs] [Times: user=0.13 sys=0.00, real=0.02 secs] 
2020-09-29T18:13:29.205+0200: 13.088: [GC (Allocation Failure) 2020-09-29T18:13:29.205+0200: 13.088: [ParNew: 606690K->37972K(613440K), 0.0138005 secs] 608854K->40136K(2029056K), 0.0138806 secs] [Times: user=0.09 sys=0.00, real=0.01 secs] 
2020-09-29T18:13:29.274+0200: 13.157: [GC (Allocation Failure) 2020-09-29T18:13:29.274+0200: 13.157: [ParNew: 583316K->34933K(613440K), 0.0123978 secs] 585480K->37097K(2029056K), 0.0124655 secs] [Times: user=0.13 sys=0.00, real=0.01 secs] 
2020-09-29T18:13:29.339+0200: 13.222: [GC (Allocation Failure) 2020-09-29T18:13:29.339+0200: 13.222: [ParNew: 580277K->26373K(613440K), 0.0121485 secs] 582441K->28537K(2029056K), 0.0122073 secs] [Times: user=0.13 sys=0.00, real=0.01 secs] 
2020-09-29T18:13:29.404+0200: 13.287: [GC (Allocation Failure) 2020-09-29T18:13:29.404+0200: 13.287: [ParNew: 571717K->40082K(613440K), 0.0168798 secs] 573881K->42245K(2029056K), 0.0169444 secs] [Times: user=0.11 sys=0.00, real=0.02 secs] 
2020-09-29T18:13:29.470+0200: 13.353: [GC (Allocation Failure) 2020-09-29T18:13:29.470+0200: 13.353: [ParNew: 585426K->45605K(613440K), 0.0165696 secs] 587589K->47768K(2029056K), 0.0166470 secs] [Times: user=0.11 sys=0.00, real=0.02 secs] 
2020-09-29T18:13:29.536+0200: 13.419: [GC (Allocation Failure) 2020-09-29T18:13:29.536+0200: 13.419: [ParNew: 590949K->58479K(613440K), 0.0210196 secs] 593112K->60642K(2029056K), 0.0210790 secs] [Times: user=0.11 sys=0.00, real=0.02 secs] 
2020-09-29T18:13:29.611+0200: 13.494: [GC (Allocation Failure) 2020-09-29T18:13:29.611+0200: 13.494: [ParNew: 603823K->38204K(613440K), 0.0151988 secs] 605986K->40367K(2029056K), 0.0152616 secs] [Times: user=0.11 sys=0.00, real=0.01 secs] 
2020-09-29T18:13:29.674+0200: 13.557: [GC (Allocation Failure) 2020-09-29T18:13:29.674+0200: 13.557: [ParNew: 583548K->54815K(613440K), 0.0190019 secs] 585711K->56978K(2029056K), 0.0190579 secs] [Times: user=0.25 sys=0.00, real=0.02 secs] 
2020-09-29T18:13:29.744+0200: 13.628: [GC (Allocation Failure) 2020-09-29T18:13:29.744+0200: 13.628: [ParNew: 600159K->63784K(613440K), 0.0228663 secs] 602322K->65948K(2029056K), 0.0229336 secs] [Times: user=0.13 sys=0.00, real=0.02 secs] 
2020-09-29T18:13:29.817+0200: 13.700: [GC (Allocation Failure) 2020-09-29T18:13:29.817+0200: 13.700: [ParNew: 609128K->42538K(613440K), 0.0181685 secs] 611292K->44701K(2029056K), 0.0182269 secs] [Times: user=0.11 sys=0.00, real=0.02 secs] 
2020-09-29T18:13:29.886+0200: 13.769: [GC (Allocation Failure) 2020-09-29T18:13:29.886+0200: 13.769: [ParNew: 587882K->41190K(613440K), 0.0154116 secs] 590045K->43353K(2029056K), 0.0154965 secs] [Times: user=0.13 sys=0.00, real=0.02 secs] 
2020-09-29T18:13:29.956+0200: 13.839: [GC (Allocation Failure) 2020-09-29T18:13:29.956+0200: 13.839: [ParNew: 586534K->33993K(613440K), 0.0151519 secs] 588697K->36156K(2029056K), 0.0152306 secs] [Times: user=0.08 sys=0.00, real=0.02 secs] 
2020-09-29T18:13:30.026+0200: 13.909: [GC (Allocation Failure) 2020-09-29T18:13:30.026+0200: 13.909: [ParNew: 579337K->54701K(613440K), 0.0191900 secs] 581500K->56865K(2029056K), 0.0192714 secs] [Times: user=0.13 sys=0.00, real=0.02 secs] 
2020-09-29T18:13:30.095+0200: 13.978: [GC (Allocation Failure) 2020-09-29T18:13:30.095+0200: 13.978: [ParNew: 600045K->42050K(613440K), 0.0175709 secs] 602209K->44214K(2029056K), 0.0176367 secs] [Times: user=0.13 sys=0.00, real=0.02 secs] 
2020-09-29T18:13:30.163+0200: 14.046: [GC (Allocation Failure) 2020-09-29T18:13:30.163+0200: 14.046: [ParNew: 587394K->44584K(613440K), 0.0170903 secs] 589558K->46747K(2029056K), 0.0171505 secs] [Times: user=0.13 sys=0.00, real=0.02 secs] 
2020-09-29T18:13:30.230+0200: 14.113: [GC (Allocation Failure) 2020-09-29T18:13:30.230+0200: 14.113: [ParNew: 589928K->43512K(613440K), 0.0162822 secs] 592091K->45676K(2029056K), 0.0163450 secs] [Times: user=0.13 sys=0.00, real=0.02 secs] 
2020-09-29T18:13:30.297+0200: 14.180: [GC (Allocation Failure) 2020-09-29T18:13:30.297+0200: 14.180: [ParNew: 588856K->64109K(613440K), 0.0202586 secs] 591020K->66272K(2029056K), 0.0203128 secs] [Times: user=0.25 sys=0.00, real=0.02 secs] 
2020-09-29T18:13:30.374+0200: 14.257: [GC (Allocation Failure) 2020-09-29T18:13:30.374+0200: 14.257: [ParNew: 609453K->43102K(613440K), 0.0135829 secs] 611616K->45266K(2029056K), 0.0148747 secs] [Times: user=0.13 sys=0.00, real=0.01 secs] 
2020-09-29T18:13:30.439+0200: 14.322: [GC (Allocation Failure) 2020-09-29T18:13:30.439+0200: 14.322: [ParNew: 588446K->41070K(613440K), 0.0133448 secs] 590610K->43233K(2029056K), 0.0134000 secs] [Times: user=0.13 sys=0.00, real=0.01 secs] 
2020-09-29T18:13:30.509+0200: 14.392: [GC (Allocation Failure) 2020-09-29T18:13:30.509+0200: 14.392: [ParNew: 586414K->45219K(613440K), 0.0180622 secs] 588577K->47383K(2029056K), 0.0181516 secs] [Times: user=0.13 sys=0.00, real=0.02 secs] 
2020-09-29T18:13:30.581+0200: 14.464: [GC (Allocation Failure) 2020-09-29T18:13:30.581+0200: 14.464: [ParNew: 590563K->54813K(613440K), 0.0177011 secs] 592727K->56976K(2029056K), 0.0177780 secs] [Times: user=0.23 sys=0.00, real=0.02 secs] 
2020-09-29T18:13:30.655+0200: 14.538: [GC (Allocation Failure) 2020-09-29T18:13:30.655+0200: 14.538: [ParNew: 600157K->40664K(613440K), 0.0172859 secs] 602320K->42828K(2029056K), 0.0173530 secs] [Times: user=0.13 sys=0.00, real=0.02 secs] 
2020-09-29T18:13:30.721+0200: 14.604: [GC (Allocation Failure) 2020-09-29T18:13:30.721+0200: 14.604: [ParNew: 586008K->41092K(613440K), 0.0152957 secs] 588172K->43255K(2029056K), 0.0153519 secs] [Times: user=0.13 sys=0.00, real=0.02 secs] 
2020-09-29T18:13:30.785+0200: 14.668: [GC (Allocation Failure) 2020-09-29T18:13:30.785+0200: 14.668: [ParNew: 586436K->38073K(613440K), 0.0140548 secs] 588599K->40237K(2029056K), 0.0141273 secs] [Times: user=0.13 sys=0.00, real=0.01 secs] 
2020-09-29T18:13:30.847+0200: 14.730: [GC (Allocation Failure) 2020-09-29T18:13:30.847+0200: 14.730: [ParNew: 583417K->53448K(613440K), 0.0182412 secs] 585581K->55612K(2029056K), 0.0183151 secs] [Times: user=0.25 sys=0.00, real=0.02 secs] 
2020-09-29T18:13:30.914+0200: 14.798: [GC (Allocation Failure) 2020-09-29T18:13:30.915+0200: 14.798: [ParNew: 598792K->44022K(613440K), 0.0172763 secs] 600956K->46185K(2029056K), 0.0173753 secs] [Times: user=0.13 sys=0.00, real=0.02 secs] 
2020-09-29T18:13:30.983+0200: 14.866: [GC (Allocation Failure) 2020-09-29T18:13:30.983+0200: 14.866: [ParNew: 589366K->42755K(613440K), 0.0173499 secs] 591529K->44919K(2029056K), 0.0174135 secs] [Times: user=0.13 sys=0.00, real=0.02 secs] 
2020-09-29T18:13:31.055+0200: 14.938: [GC (Allocation Failure) 2020-09-29T18:13:31.055+0200: 14.938: [ParNew: 588099K->39958K(613440K), 0.0160691 secs] 590263K->42122K(2029056K), 0.0161288 secs] [Times: user=0.13 sys=0.00, real=0.02 secs] 
2020-09-29T18:13:31.121+0200: 15.004: [GC (Allocation Failure) 2020-09-29T18:13:31.121+0200: 15.004: [ParNew: 585302K->37363K(613440K), 0.0154605 secs] 587466K->39526K(2029056K), 0.0155165 secs] [Times: user=0.13 sys=0.00, real=0.02 secs] 
2020-09-29T18:13:31.185+0200: 15.068: [GC (Allocation Failure) 2020-09-29T18:13:31.185+0200: 15.068: [ParNew: 582707K->64351K(613440K), 0.0247906 secs] 584870K->66514K(2029056K), 0.0248498 secs] [Times: user=0.25 sys=0.00, real=0.03 secs] 
2020-09-29T18:13:31.258+0200: 15.141: [GC (Allocation Failure) 2020-09-29T18:13:31.258+0200: 15.141: [ParNew: 609695K->56164K(613440K), 0.0192959 secs] 611858K->58328K(2029056K), 0.0193697 secs] [Times: user=0.13 sys=0.00, real=0.02 secs] 
2020-09-29T18:13:31.327+0200: 15.210: [GC (Allocation Failure) 2020-09-29T18:13:31.327+0200: 15.210: [ParNew: 601508K->39552K(613440K), 0.0124511 secs] 603672K->41716K(2029056K), 0.0125091 secs] [Times: user=0.13 sys=0.00, real=0.01 secs] 
2020-09-29T18:13:31.390+0200: 15.273: [GC (Allocation Failure) 2020-09-29T18:13:31.390+0200: 15.273: [ParNew: 584896K->40824K(613440K), 0.0181261 secs] 587060K->42987K(2029056K), 0.0181937 secs] [Times: user=0.13 sys=0.00, real=0.02 secs] 
2020-09-29T18:13:31.455+0200: 15.338: [GC (Allocation Failure) 2020-09-29T18:13:31.455+0200: 15.338: [ParNew: 586168K->36454K(613440K), 0.0162379 secs] 588331K->38618K(2029056K), 0.0162973 secs] [Times: user=0.13 sys=0.00, real=0.02 secs] 
2020-09-29T18:13:31.519+0200: 15.402: [GC (Allocation Failure) 2020-09-29T18:13:31.519+0200: 15.402: [ParNew: 581798K->63079K(613440K), 0.0212560 secs] 583962K->65242K(2029056K), 0.0213113 secs] [Times: user=0.23 sys=0.00, real=0.02 secs] 
2020-09-29T18:13:31.590+0200: 15.473: [GC (Allocation Failure) 2020-09-29T18:13:31.590+0200: 15.473: [ParNew: 608423K->48893K(613440K), 0.0158231 secs] 610586K->51056K(2029056K), 0.0158849 secs] [Times: user=0.13 sys=0.00, real=0.02 secs] 
2020-09-29T18:13:31.655+0200: 15.538: [GC (Allocation Failure) 2020-09-29T18:13:31.655+0200: 15.538: [ParNew: 594237K->27415K(613440K), 0.0135900 secs] 596400K->29578K(2029056K), 0.0136512 secs] [Times: user=0.13 sys=0.00, real=0.01 secs] 
2020-09-29T18:13:31.717+0200: 15.600: [GC (Allocation Failure) 2020-09-29T18:13:31.717+0200: 15.600: [ParNew: 572759K->55867K(613440K), 0.0236238 secs] 574922K->58031K(2029056K), 0.0236965 secs] [Times: user=0.25 sys=0.00, real=0.02 secs] 
2020-09-29T18:13:31.790+0200: 15.673: [GC (Allocation Failure) 2020-09-29T18:13:31.790+0200: 15.673: [ParNew: 601211K->48186K(613440K), 0.0116259 secs] 603375K->50349K(2029056K), 0.0116850 secs] [Times: user=0.13 sys=0.00, real=0.01 secs] 
2020-09-29T18:13:31.861+0200: 15.744: [GC (Allocation Failure) 2020-09-29T18:13:31.861+0200: 15.744: [ParNew: 593530K->43690K(613440K), 0.0190930 secs] 595693K->45853K(2029056K), 0.0191559 secs] [Times: user=0.23 sys=0.00, real=0.02 secs] 
2020-09-29T18:13:31.938+0200: 15.821: [GC (Allocation Failure) 2020-09-29T18:13:31.938+0200: 15.821: [ParNew: 589034K->55980K(613440K), 0.0221942 secs] 591197K->58143K(2029056K), 0.0222577 secs] [Times: user=0.23 sys=0.00, real=0.02 secs] 
2020-09-29T18:13:32.010+0200: 15.892: [GC (Allocation Failure) 2020-09-29T18:13:32.010+0200: 15.892: [ParNew: 601324K->51560K(613440K), 0.0205204 secs] 603487K->53724K(2029056K), 0.0205755 secs] [Times: user=0.13 sys=0.00, real=0.02 secs] 
2020-09-29T18:13:32.077+0200: 15.960: [GC (Allocation Failure) 2020-09-29T18:13:32.077+0200: 15.960: [ParNew: 596904K->53038K(613440K), 0.0194869 secs] 599068K->55202K(2029056K), 0.0195416 secs] [Times: user=0.13 sys=0.00, real=0.02 secs] 
2020-09-29T18:13:32.145+0200: 16.027: [GC (Allocation Failure) 2020-09-29T18:13:32.145+0200: 16.027: [ParNew: 598382K->40781K(613440K), 0.0131146 secs] 600546K->42945K(2029056K), 0.0131687 secs] [Times: user=0.00 sys=0.00, real=0.01 secs] 
2020-09-29T18:13:32.206+0200: 16.089: [GC (Allocation Failure) 2020-09-29T18:13:32.206+0200: 16.089: [ParNew: 586125K->39694K(613440K), 0.0188772 secs] 588289K->41857K(2029056K), 0.0189405 secs] [Times: user=0.23 sys=0.00, real=0.02 secs] 
2020-09-29T18:13:32.277+0200: 16.159: [GC (Allocation Failure) 2020-09-29T18:13:32.277+0200: 16.159: [ParNew: 585038K->36306K(613440K), 0.0113558 secs] 587201K->38470K(2029056K), 0.0114192 secs] [Times: user=0.13 sys=0.00, real=0.01 secs] 
2020-09-29T18:13:32.338+0200: 16.221: [GC (Allocation Failure) 2020-09-29T18:13:32.338+0200: 16.221: [ParNew: 581650K->56602K(613440K), 0.0217005 secs] 583814K->58766K(2029056K), 0.0217685 secs] [Times: user=0.13 sys=0.00, real=0.02 secs] 
2020-09-29T18:13:32.410+0200: 16.293: [GC (Allocation Failure) 2020-09-29T18:13:32.410+0200: 16.293: [ParNew: 601946K->63679K(613440K), 0.0227838 secs] 604110K->65843K(2029056K), 0.0228424 secs] [Times: user=0.23 sys=0.00, real=0.02 secs] 
2020-09-29T18:13:32.479+0200: 16.361: [GC (Allocation Failure) 2020-09-29T18:13:32.479+0200: 16.361: [ParNew: 609023K->43148K(613440K), 0.0145268 secs] 611187K->45311K(2029056K), 0.0145972 secs] [Times: user=0.13 sys=0.00, real=0.01 secs] 
2020-09-29T18:13:32.545+0200: 16.427: [GC (Allocation Failure) 2020-09-29T18:13:32.545+0200: 16.427: [ParNew: 588492K->27500K(613440K), 0.0132533 secs] 590655K->29663K(2029056K), 0.0133066 secs] [Times: user=0.13 sys=0.00, real=0.01 secs] 
2020-09-29T18:13:32.615+0200: 16.497: [GC (Allocation Failure) 2020-09-29T18:13:32.615+0200: 16.497: [ParNew: 572844K->62392K(613440K), 0.0243446 secs] 575007K->64556K(2029056K), 0.0244462 secs] [Times: user=0.13 sys=0.00, real=0.02 secs] 
2020-09-29T18:13:32.686+0200: 16.569: [GC (Allocation Failure) 2020-09-29T18:13:32.686+0200: 16.569: [ParNew: 607736K->68096K(613440K), 0.0230264 secs] 609900K->70589K(2029056K), 0.0230816 secs] [Times: user=0.25 sys=0.00, real=0.02 secs] 
2020-09-29T18:13:32.757+0200: 16.640: [GC (Allocation Failure) 2020-09-29T18:13:32.757+0200: 16.640: [ParNew: 613440K->52683K(613440K), 0.0177961 secs] 615933K->55177K(2029056K), 0.0178618 secs] [Times: user=0.13 sys=0.00, real=0.02 secs] 
2020-09-29T18:13:32.834+0200: 16.717: [GC (Allocation Failure) 2020-09-29T18:13:32.834+0200: 16.717: [ParNew: 598027K->48884K(613440K), 0.0162281 secs] 600521K->51378K(2029056K), 0.0162827 secs] [Times: user=0.13 sys=0.00, real=0.02 secs] 
2020-09-29T18:13:32.902+0200: 16.785: [GC (Allocation Failure) 2020-09-29T18:13:32.902+0200: 16.785: [ParNew: 594228K->35286K(613440K), 0.0153852 secs] 596722K->37780K(2029056K), 0.0154437 secs] [Times: user=0.13 sys=0.00, real=0.02 secs] 
2020-09-29T18:13:32.980+0200: 16.863: [GC (Allocation Failure) 2020-09-29T18:13:32.980+0200: 16.863: [ParNew: 580630K->41946K(613440K), 0.0169733 secs] 583124K->44440K(2029056K), 0.0170534 secs] [Times: user=0.13 sys=0.00, real=0.02 secs] 
2020-09-29T18:13:33.045+0200: 16.928: [GC (Allocation Failure) 2020-09-29T18:13:33.045+0200: 16.928: [ParNew: 587290K->55429K(613440K), 0.0193361 secs] 589784K->57923K(2029056K), 0.0193965 secs] [Times: user=0.13 sys=0.00, real=0.02 secs] 
2020-09-29T18:13:33.114+0200: 16.997: [GC (Allocation Failure) 2020-09-29T18:13:33.115+0200: 16.997: [ParNew: 600773K->68096K(613440K), 0.0247808 secs] 603267K->71552K(2029056K), 0.0260818 secs] [Times: user=0.13 sys=0.00, real=0.03 secs] 
2020-09-29T18:13:33.189+0200: 17.071: [GC (Allocation Failure) 2020-09-29T18:13:33.189+0200: 17.071: [ParNew: 613440K->68096K(613440K), 0.0269467 secs] 616896K->72232K(2029056K), 0.0270064 secs] [Times: user=0.23 sys=0.00, real=0.03 secs] 
2020-09-29T18:13:33.264+0200: 17.146: [GC (Allocation Failure) 2020-09-29T18:13:33.264+0200: 17.146: [ParNew: 613440K->60092K(613440K), 0.0187711 secs] 617576K->64229K(2029056K), 0.0188469 secs] [Times: user=0.13 sys=0.00, real=0.02 secs] 
2020-09-29T18:13:33.330+0200: 17.213: [GC (Allocation Failure) 2020-09-29T18:13:33.330+0200: 17.213: [ParNew: 605436K->50913K(613440K), 0.0168512 secs] 609573K->55049K(2029056K), 0.0169133 secs] [Times: user=0.13 sys=0.00, real=0.02 secs] 
2020-09-29T18:13:33.393+0200: 17.276: [GC (Allocation Failure) 2020-09-29T18:13:33.393+0200: 17.276: [ParNew: 596257K->38626K(613440K), 0.0165529 secs] 600393K->42763K(2029056K), 0.0166115 secs] [Times: user=0.13 sys=0.00, real=0.02 secs] 
2020-09-29T18:13:33.458+0200: 17.341: [GC (Allocation Failure) 2020-09-29T18:13:33.458+0200: 17.341: [ParNew: 583970K->38345K(613440K), 0.0150515 secs] 588107K->42482K(2029056K), 0.0151064 secs] [Times: user=0.13 sys=0.00, real=0.02 secs] 
2020-09-29T18:13:33.525+0200: 17.407: [GC (Allocation Failure) 2020-09-29T18:13:33.525+0200: 17.408: [ParNew: 583689K->31794K(613440K), 0.0157815 secs] 587826K->35931K(2029056K), 0.0158378 secs] [Times: user=0.13 sys=0.00, real=0.02 secs] 
2020-09-29T18:13:33.597+0200: 17.480: [GC (Allocation Failure) 2020-09-29T18:13:33.597+0200: 17.480: [ParNew: 577138K->48172K(613440K), 0.0207235 secs] 581275K->52308K(2029056K), 0.0207788 secs] [Times: user=0.22 sys=0.00, real=0.02 secs] 
2020-09-29T18:13:33.666+0200: 17.548: [GC (Allocation Failure) 2020-09-29T18:13:33.666+0200: 17.548: [ParNew: 593516K->68096K(613440K), 0.0232881 secs] 597652K->72963K(2029056K), 0.0233446 secs] [Times: user=0.13 sys=0.00, real=0.02 secs] 
2020-09-29T18:13:33.738+0200: 17.621: [GC (Allocation Failure) 2020-09-29T18:13:33.738+0200: 17.621: [ParNew: 613440K->48901K(613440K), 0.0178459 secs] 618307K->53768K(2029056K), 0.0179013 secs] [Times: user=0.25 sys=0.00, real=0.02 secs] 
2020-09-29T18:13:33.804+0200: 17.686: [GC (Allocation Failure) 2020-09-29T18:13:33.804+0200: 17.686: [ParNew: 594245K->41583K(613440K), 0.0168438 secs] 599112K->46450K(2029056K), 0.0169301 secs] [Times: user=0.13 sys=0.00, real=0.02 secs] 
2020-09-29T18:13:33.871+0200: 17.754: [GC (Allocation Failure) 2020-09-29T18:13:33.871+0200: 17.754: [ParNew: 586927K->37635K(613440K), 0.0150455 secs] 591794K->42502K(2029056K), 0.0151000 secs] [Times: user=0.13 sys=0.00, real=0.01 secs] 
2020-09-29T18:13:33.940+0200: 17.822: [GC (Allocation Failure) 2020-09-29T18:13:33.940+0200: 17.822: [ParNew: 582979K->58082K(613440K), 0.0205296 secs] 587846K->62950K(2029056K), 0.0205869 secs] [Times: user=0.22 sys=0.01, real=0.02 secs] 
2020-09-29T18:13:34.011+0200: 17.894: [GC (Allocation Failure) 2020-09-29T18:13:34.011+0200: 17.894: [ParNew: 603426K->47798K(613440K), 0.0206144 secs] 608294K->52665K(2029056K), 0.0206757 secs] [Times: user=0.13 sys=0.00, real=0.02 secs] 
2020-09-29T18:13:34.084+0200: 17.966: [GC (Allocation Failure) 2020-09-29T18:13:34.084+0200: 17.966: [ParNew: 593142K->68096K(613440K), 0.0245710 secs] 598009K->72963K(2029056K), 0.0246551 secs] [Times: user=0.13 sys=0.00, real=0.02 secs] 
2020-09-29T18:13:34.156+0200: 18.039: [GC (Allocation Failure) 2020-09-29T18:13:34.156+0200: 18.039: [ParNew: 613440K->55080K(613440K), 0.0227117 secs] 618307K->59947K(2029056K), 0.0227722 secs] [Times: user=0.25 sys=0.00, real=0.02 secs] 
2020-09-29T18:13:34.226+0200: 18.109: [GC (Allocation Failure) 2020-09-29T18:13:34.226+0200: 18.109: [ParNew: 600424K->43717K(613440K), 0.0115104 secs] 605291K->48584K(2029056K), 0.0115671 secs] [Times: user=0.00 sys=0.00, real=0.01 secs] 
2020-09-29T18:13:34.288+0200: 18.170: [GC (Allocation Failure) 2020-09-29T18:13:34.288+0200: 18.170: [ParNew: 589061K->41580K(613440K), 0.0160742 secs] 593928K->46448K(2029056K), 0.0161351 secs] [Times: user=0.13 sys=0.00, real=0.02 secs] 
2020-09-29T18:13:34.353+0200: 18.235: [GC (Allocation Failure) 2020-09-29T18:13:34.353+0200: 18.235: [ParNew: 586924K->30734K(613440K), 0.0146697 secs] 591792K->35602K(2029056K), 0.0147344 secs] [Times: user=0.13 sys=0.00, real=0.01 secs] 
2020-09-29T18:13:34.417+0200: 18.300: [GC (Allocation Failure) 2020-09-29T18:13:34.417+0200: 18.300: [ParNew: 576078K->53234K(613440K), 0.0194416 secs] 580946K->58102K(2029056K), 0.0194987 secs] [Times: user=0.13 sys=0.00, real=0.02 secs] 
2020-09-29T18:13:34.484+0200: 18.367: [GC (Allocation Failure) 2020-09-29T18:13:34.484+0200: 18.367: [ParNew: 598578K->37756K(613440K), 0.0135190 secs] 603446K->42624K(2029056K), 0.0135885 secs] [Times: user=0.13 sys=0.00, real=0.01 secs] 
2020-09-29T18:13:34.552+0200: 18.435: [GC (Allocation Failure) 2020-09-29T18:13:34.552+0200: 18.435: [ParNew: 583100K->39374K(613440K), 0.0171986 secs] 587968K->44241K(2029056K), 0.0172983 secs] [Times: user=0.13 sys=0.00, real=0.02 secs] 
2020-09-29T18:13:34.628+0200: 18.511: [GC (Allocation Failure) 2020-09-29T18:13:34.628+0200: 18.511: [ParNew: 584718K->53665K(613440K), 0.0160341 secs] 589585K->58532K(2029056K), 0.0160975 secs] [Times: user=0.13 sys=0.00, real=0.02 secs] 
2020-09-29T18:13:34.697+0200: 18.579: [GC (Allocation Failure) 2020-09-29T18:13:34.697+0200: 18.579: [ParNew: 599009K->40764K(613440K), 0.0152146 secs] 603876K->45632K(2029056K), 0.0152696 secs] [Times: user=0.13 sys=0.00, real=0.01 secs] 
2020-09-29T18:13:34.762+0200: 18.644: [GC (Allocation Failure) 2020-09-29T18:13:34.762+0200: 18.644: [ParNew: 586108K->49081K(613440K), 0.0204453 secs] 590976K->53948K(2029056K), 0.0205262 secs] [Times: user=0.13 sys=0.00, real=0.02 secs] 
2020-09-29T18:13:34.829+0200: 18.712: [GC (Allocation Failure) 2020-09-29T18:13:34.830+0200: 18.712: [ParNew: 594425K->67377K(613440K), 0.0240592 secs] 599292K->72244K(2029056K), 0.0241206 secs] [Times: user=0.25 sys=0.00, real=0.03 secs] 
2020-09-29T18:13:34.901+0200: 18.783: [GC (Allocation Failure) 2020-09-29T18:13:34.901+0200: 18.783: [ParNew: 612721K->55521K(613440K), 0.0191612 secs] 617588K->60388K(2029056K), 0.0192205 secs] [Times: user=0.13 sys=0.00, real=0.02 secs] 
2020-09-29T18:13:34.966+0200: 18.849: [GC (Allocation Failure) 2020-09-29T18:13:34.966+0200: 18.849: [ParNew: 600865K->50718K(613440K), 0.0174907 secs] 605732K->55586K(2029056K), 0.0175447 secs] [Times: user=0.13 sys=0.00, real=0.02 secs] 
2020-09-29T18:13:35.031+0200: 18.914: [GC (Allocation Failure) 2020-09-29T18:13:35.031+0200: 18.914: [ParNew: 596062K->35607K(613440K), 0.0115772 secs] 600930K->40475K(2029056K), 0.0116310 secs] [Times: user=0.13 sys=0.00, real=0.01 secs] 
2020-09-29T18:13:35.092+0200: 18.975: [GC (Allocation Failure) 2020-09-29T18:13:35.092+0200: 18.975: [ParNew: 580951K->36978K(613440K), 0.0149899 secs] 585819K->41845K(2029056K), 0.0150425 secs] [Times: user=0.13 sys=0.00, real=0.02 secs] 
2020-09-29T18:13:35.158+0200: 19.041: [GC (Allocation Failure) 2020-09-29T18:13:35.158+0200: 19.041: [ParNew: 582322K->29495K(613440K), 0.0134018 secs] 587189K->34362K(2029056K), 0.0134775 secs] [Times: user=0.13 sys=0.00, real=0.01 secs] 
2020-09-29T18:13:35.218+0200: 19.101: [GC (Allocation Failure) 2020-09-29T18:13:35.218+0200: 19.101: [ParNew: 574839K->52695K(613440K), 0.0192814 secs] 579706K->57563K(2029056K), 0.0193552 secs] [Times: user=0.13 sys=0.00, real=0.02 secs] 
2020-09-29T18:13:35.294+0200: 19.177: [GC (Allocation Failure) 2020-09-29T18:13:35.294+0200: 19.177: [ParNew: 598039K->38206K(613440K), 0.0125827 secs] 602907K->43073K(2029056K), 0.0126409 secs] [Times: user=0.13 sys=0.00, real=0.01 secs] 
2020-09-29T18:13:35.357+0200: 19.240: [GC (Allocation Failure) 2020-09-29T18:13:35.357+0200: 19.240: [ParNew: 583550K->38761K(613440K), 0.0171509 secs] 588417K->43629K(2029056K), 0.0172212 secs] [Times: user=0.13 sys=0.00, real=0.02 secs] 
2020-09-29T18:13:35.424+0200: 19.307: [GC (Allocation Failure) 2020-09-29T18:13:35.424+0200: 19.307: [ParNew: 584105K->58642K(613440K), 0.0211236 secs] 588973K->63509K(2029056K), 0.0211852 secs] [Times: user=0.25 sys=0.00, real=0.02 secs] 
2020-09-29T18:13:35.492+0200: 19.375: [GC (Allocation Failure) 2020-09-29T18:13:35.492+0200: 19.375: [ParNew: 603986K->61562K(613440K), 0.0202752 secs] 608853K->66429K(2029056K), 0.0203322 secs] [Times: user=0.13 sys=0.00, real=0.02 secs] 
2020-09-29T18:13:35.560+0200: 19.443: [GC (Allocation Failure) 2020-09-29T18:13:35.560+0200: 19.443: [ParNew: 606906K->47687K(613440K), 0.0210899 secs] 611773K->52554K(2029056K), 0.0211708 secs] [Times: user=0.11 sys=0.00, real=0.02 secs] 
2020-09-29T18:13:35.630+0200: 19.513: [GC (Allocation Failure) 2020-09-29T18:13:35.630+0200: 19.513: [ParNew: 593031K->48987K(613440K), 0.0201495 secs] 597898K->53855K(2029056K), 0.0202199 secs] [Times: user=0.13 sys=0.00, real=0.02 secs] 
2020-09-29T18:13:35.698+0200: 19.580: [GC (Allocation Failure) 2020-09-29T18:13:35.698+0200: 19.580: [ParNew: 594331K->46182K(613440K), 0.0185007 secs] 599199K->51050K(2029056K), 0.0185976 secs] [Times: user=0.13 sys=0.00, real=0.02 secs] 
2020-09-29T18:13:35.764+0200: 19.647: [GC (Allocation Failure) 2020-09-29T18:13:35.764+0200: 19.647: [ParNew: 591526K->41269K(613440K), 0.0112409 secs] 596394K->46137K(2029056K), 0.0113104 secs] [Times: user=0.13 sys=0.00, real=0.01 secs] 
2020-09-29T18:13:35.827+0200: 19.710: [GC (Allocation Failure) 2020-09-29T18:13:35.827+0200: 19.710: [ParNew: 586613K->50855K(613440K), 0.0217195 secs] 591481K->55723K(2029056K), 0.0217912 secs] [Times: user=0.25 sys=0.00, real=0.02 secs] 
2020-09-29T18:13:35.897+0200: 19.780: [GC (Allocation Failure) 2020-09-29T18:13:35.897+0200: 19.780: [ParNew: 596199K->68096K(613440K), 0.0216508 secs] 601067K->73062K(2029056K), 0.0217174 secs] [Times: user=0.13 sys=0.00, real=0.02 secs] 
2020-09-29T18:13:35.967+0200: 19.849: [GC (Allocation Failure) 2020-09-29T18:13:35.967+0200: 19.849: [ParNew: 613440K->49100K(613440K), 0.0160622 secs] 618406K->54066K(2029056K), 0.0161582 secs] [Times: user=0.11 sys=0.00, real=0.02 secs] 
2020-09-29T18:13:36.032+0200: 19.915: [GC (Allocation Failure) 2020-09-29T18:13:36.032+0200: 19.915: [ParNew: 594444K->45767K(613440K), 0.0197336 secs] 599410K->50734K(2029056K), 0.0197895 secs] [Times: user=0.25 sys=0.00, real=0.02 secs] 
2020-09-29T18:13:36.100+0200: 19.983: [GC (Allocation Failure) 2020-09-29T18:13:36.100+0200: 19.983: [ParNew: 591111K->44531K(613440K), 0.0135005 secs] 596078K->49498K(2029056K), 0.0135557 secs] [Times: user=0.05 sys=0.06, real=0.01 secs] 
2020-09-29T18:13:36.167+0200: 20.050: [GC (Allocation Failure) 2020-09-29T18:13:36.167+0200: 20.050: [ParNew: 589875K->41858K(613440K), 0.0127165 secs] 594842K->46824K(2029056K), 0.0127843 secs] [Times: user=0.13 sys=0.00, real=0.01 secs] 
2020-09-29T18:13:36.233+0200: 20.116: [GC (Allocation Failure) 2020-09-29T18:13:36.233+0200: 20.116: [ParNew: 587202K->42870K(613440K), 0.0183154 secs] 592168K->47836K(2029056K), 0.0183972 secs] [Times: user=0.13 sys=0.00, real=0.02 secs] 
2020-09-29T18:13:36.300+0200: 20.183: [GC (Allocation Failure) 2020-09-29T18:13:36.300+0200: 20.183: [ParNew: 588214K->31476K(613440K), 0.0122101 secs] 593180K->36442K(2029056K), 0.0122650 secs] [Times: user=0.13 sys=0.00, real=0.01 secs] 
2020-09-29T18:13:36.366+0200: 20.249: [GC (Allocation Failure) 2020-09-29T18:13:36.366+0200: 20.249: [ParNew: 576820K->32935K(613440K), 0.0148198 secs] 581786K->37902K(2029056K), 0.0148806 secs] [Times: user=0.13 sys=0.00, real=0.02 secs] 
2020-09-29T18:13:36.430+0200: 20.313: [GC (Allocation Failure) 2020-09-29T18:13:36.430+0200: 20.313: [ParNew: 578279K->35931K(613440K), 0.0138778 secs] 583246K->40897K(2029056K), 0.0139335 secs] [Times: user=0.13 sys=0.00, real=0.01 secs] 
2020-09-29T18:13:36.494+0200: 20.376: [GC (Allocation Failure) 2020-09-29T18:13:36.494+0200: 20.376: [ParNew: 581275K->67329K(613440K), 0.0238532 secs] 586241K->72295K(2029056K), 0.0239325 secs] [Times: user=0.13 sys=0.00, real=0.02 secs] 
2020-09-29T18:13:36.567+0200: 20.450: [GC (Allocation Failure) 2020-09-29T18:13:36.567+0200: 20.450: [ParNew: 612673K->44694K(613440K), 0.0197561 secs] 617639K->49660K(2029056K), 0.0198396 secs] [Times: user=0.11 sys=0.00, real=0.02 secs] 
2020-09-29T18:13:36.637+0200: 20.519: [GC (Allocation Failure) 2020-09-29T18:13:36.637+0200: 20.520: [ParNew: 590038K->68096K(613440K), 0.0238542 secs] 595004K->73620K(2029056K), 0.0239179 secs] [Times: user=0.14 sys=0.00, real=0.02 secs] 
2020-09-29T18:13:36.707+0200: 20.590: [GC (Allocation Failure) 2020-09-29T18:13:36.707+0200: 20.590: [ParNew: 613440K->46776K(613440K), 0.0166579 secs] 618964K->52300K(2029056K), 0.0167168 secs] [Times: user=0.14 sys=0.02, real=0.02 secs] 
2020-09-29T18:13:36.771+0200: 20.654: [GC (Allocation Failure) 2020-09-29T18:13:36.771+0200: 20.654: [ParNew: 592120K->68096K(613440K), 0.0212816 secs] 597644K->73620K(2029056K), 0.0213552 secs] [Times: user=0.13 sys=0.00, real=0.02 secs] 
2020-09-29T18:13:36.839+0200: 20.722: [GC (Allocation Failure) 2020-09-29T18:13:36.839+0200: 20.722: [ParNew: 613440K->48401K(613440K), 0.0151027 secs] 618964K->53926K(2029056K), 0.0151611 secs] [Times: user=0.13 sys=0.00, real=0.02 secs] 
2020-09-29T18:13:36.906+0200: 20.788: [GC (Allocation Failure) 2020-09-29T18:13:36.906+0200: 20.788: [ParNew: 593745K->46638K(613440K), 0.0261876 secs] 599270K->52162K(2029056K), 0.0262763 secs] [Times: user=0.25 sys=0.00, real=0.03 secs] 
2020-09-29T18:13:36.986+0200: 20.869: [GC (Allocation Failure) 2020-09-29T18:13:36.986+0200: 20.869: [ParNew: 591982K->64825K(613440K), 0.0267743 secs] 597506K->70349K(2029056K), 0.0268435 secs] [Times: user=0.25 sys=0.00, real=0.03 secs] 
2020-09-29T18:13:37.059+0200: 20.942: [GC (Allocation Failure) 2020-09-29T18:13:37.060+0200: 20.942: [ParNew: 610169K->25516K(613440K), 0.0170619 secs] 615693K->31041K(2029056K), 0.0171500 secs] [Times: user=0.13 sys=0.00, real=0.02 secs] 
2020-09-29T18:13:37.133+0200: 21.016: [GC (Allocation Failure) 2020-09-29T18:13:37.133+0200: 21.016: [ParNew: 570860K->58832K(613440K), 0.0311756 secs] 576385K->64356K(2029056K), 0.0312442 secs] [Times: user=0.25 sys=0.00, real=0.03 secs] 
2020-09-29T18:13:37.215+0200: 21.097: [GC (Allocation Failure) 2020-09-29T18:13:37.215+0200: 21.097: [ParNew: 604176K->41463K(613440K), 0.0231264 secs] 609700K->46987K(2029056K), 0.0301538 secs] [Times: user=0.13 sys=0.00, real=0.03 secs] 
2020-09-29T18:13:37.297+0200: 21.180: [GC (Allocation Failure) 2020-09-29T18:13:37.297+0200: 21.180: [ParNew: 586807K->62186K(613440K), 0.0269080 secs] 592331K->67711K(2029056K), 0.0269851 secs] [Times: user=0.25 sys=0.00, real=0.03 secs] 
2020-09-29T18:13:37.374+0200: 21.256: [GC (Allocation Failure) 2020-09-29T18:13:37.374+0200: 21.256: [ParNew: 607530K->45485K(613440K), 0.0262615 secs] 613055K->51009K(2029056K), 0.0263635 secs] [Times: user=0.25 sys=0.00, real=0.03 secs] 
2020-09-29T18:13:37.451+0200: 21.334: [GC (Allocation Failure) 2020-09-29T18:13:37.452+0200: 21.334: [ParNew: 590829K->42084K(613440K), 0.0255185 secs] 596353K->47608K(2029056K), 0.0256123 secs] [Times: user=0.25 sys=0.00, real=0.03 secs] 
2020-09-29T18:13:37.524+0200: 21.407: [GC (Allocation Failure) 2020-09-29T18:13:37.524+0200: 21.407: [ParNew: 587428K->38039K(613440K), 0.0161950 secs] 592952K->43564K(2029056K), 0.0162655 secs] [Times: user=0.13 sys=0.00, real=0.02 secs] 
2020-09-29T18:13:37.608+0200: 21.491: [GC (Allocation Failure) 2020-09-29T18:13:37.608+0200: 21.491: [ParNew: 583383K->36755K(613440K), 0.0243920 secs] 588908K->42280K(2029056K), 0.0244623 secs] [Times: user=0.23 sys=0.00, real=0.02 secs] 
2020-09-29T18:13:37.686+0200: 21.568: [GC (Allocation Failure) 2020-09-29T18:13:37.686+0200: 21.568: [ParNew: 582099K->52730K(613440K), 0.0226326 secs] 587624K->58254K(2029056K), 0.0227276 secs] [Times: user=0.25 sys=0.00, real=0.02 secs] 
2020-09-29T18:13:37.761+0200: 21.644: [GC (Allocation Failure) 2020-09-29T18:13:37.761+0200: 21.644: [ParNew: 598074K->53414K(613440K), 0.0298125 secs] 603598K->58938K(2029056K), 0.0298989 secs] [Times: user=0.25 sys=0.00, real=0.03 secs] 
2020-09-29T18:13:37.842+0200: 21.724: [GC (Allocation Failure) 2020-09-29T18:13:37.842+0200: 21.724: [ParNew: 598758K->68096K(613440K), 0.0280034 secs] 604282K->73620K(2029056K), 0.0280783 secs] [Times: user=0.25 sys=0.00, real=0.03 secs] 
2020-09-29T18:13:37.920+0200: 21.803: [GC (Allocation Failure) 2020-09-29T18:13:37.920+0200: 21.803: [ParNew: 613440K->50760K(613440K), 0.0274287 secs] 618964K->56284K(2029056K), 0.0275030 secs] [Times: user=0.25 sys=0.00, real=0.03 secs] 
2020-09-29T18:13:38.005+0200: 21.888: [GC (Allocation Failure) 2020-09-29T18:13:38.005+0200: 21.888: [ParNew: 596104K->61589K(613440K), 0.0299869 secs] 601628K->67113K(2029056K), 0.0300592 secs] [Times: user=0.11 sys=0.00, real=0.03 secs] 
2020-09-29T18:13:38.085+0200: 21.967: [GC (Allocation Failure) 2020-09-29T18:13:38.085+0200: 21.967: [ParNew: 606933K->45399K(613440K), 0.0258342 secs] 612457K->50923K(2029056K), 0.0259043 secs] [Times: user=0.13 sys=0.00, real=0.03 secs] 
2020-09-29T18:13:38.162+0200: 22.045: [GC (Allocation Failure) 2020-09-29T18:13:38.162+0200: 22.045: [ParNew: 590743K->47779K(613440K), 0.0220839 secs] 596267K->53303K(2029056K), 0.0221568 secs] [Times: user=0.13 sys=0.00, real=0.02 secs] 
2020-09-29T18:13:38.236+0200: 22.119: [GC (Allocation Failure) 2020-09-29T18:13:38.236+0200: 22.119: [ParNew: 593123K->65014K(613440K), 0.0295875 secs] 598647K->70539K(2029056K), 0.0296595 secs] [Times: user=0.25 sys=0.00, real=0.03 secs] 
2020-09-29T18:13:38.314+0200: 22.196: [GC (Allocation Failure) 2020-09-29T18:13:38.314+0200: 22.196: [ParNew: 610358K->43510K(613440K), 0.0205879 secs] 615883K->49034K(2029056K), 0.0206556 secs] [Times: user=0.25 sys=0.00, real=0.02 secs] 
2020-09-29T18:13:38.390+0200: 22.273: [GC (Allocation Failure) 2020-09-29T18:13:38.390+0200: 22.273: [ParNew: 588854K->33248K(613440K), 0.0210712 secs] 594378K->38772K(2029056K), 0.0211404 secs] [Times: user=0.25 sys=0.00, real=0.02 secs] 
2020-09-29T18:13:38.465+0200: 22.348: [GC (Allocation Failure) 2020-09-29T18:13:38.465+0200: 22.348: [ParNew: 578592K->34431K(613440K), 0.0168452 secs] 584116K->39955K(2029056K), 0.0169175 secs] [Times: user=0.13 sys=0.00, real=0.02 secs] 
2020-09-29T18:13:38.539+0200: 22.421: [GC (Allocation Failure) 2020-09-29T18:13:38.539+0200: 22.421: [ParNew: 579775K->49962K(613440K), 0.0248788 secs] 585299K->55486K(2029056K), 0.0249688 secs] [Times: user=0.13 sys=0.00, real=0.02 secs] 
2020-09-29T18:13:38.617+0200: 22.500: [GC (Allocation Failure) 2020-09-29T18:13:38.617+0200: 22.500: [ParNew: 595306K->55931K(613440K), 0.0252936 secs] 600830K->61456K(2029056K), 0.0253821 secs] [Times: user=0.13 sys=0.00, real=0.03 secs] 
2020-09-29T18:13:38.691+0200: 22.574: [GC (Allocation Failure) 2020-09-29T18:13:38.691+0200: 22.574: [ParNew: 601275K->61268K(613440K), 0.0308305 secs] 606800K->66793K(2029056K), 0.0309104 secs] [Times: user=0.17 sys=0.00, real=0.03 secs] 
2020-09-29T18:13:38.770+0200: 22.653: [GC (Allocation Failure) 2020-09-29T18:13:38.770+0200: 22.653: [ParNew: 606612K->47231K(613440K), 0.0226798 secs] 612137K->52756K(2029056K), 0.0227479 secs] [Times: user=0.11 sys=0.00, real=0.02 secs] 
2020-09-29T18:13:38.844+0200: 22.726: [GC (Allocation Failure) 2020-09-29T18:13:38.844+0200: 22.726: [ParNew: 592575K->67044K(613440K), 0.0281890 secs] 598100K->72569K(2029056K), 0.0282717 secs] [Times: user=0.25 sys=0.00, real=0.03 secs] 
2020-09-29T18:13:38.922+0200: 22.804: [GC (Allocation Failure) 2020-09-29T18:13:38.922+0200: 22.804: [ParNew: 612388K->47746K(613440K), 0.0266313 secs] 617913K->53270K(2029056K), 0.0266980 secs] [Times: user=0.25 sys=0.00, real=0.03 secs] 
2020-09-29T18:13:39.002+0200: 22.884: [GC (Allocation Failure) 2020-09-29T18:13:39.002+0200: 22.885: [ParNew: 593090K->44040K(613440K), 0.0255397 secs] 598614K->49564K(2029056K), 0.0256094 secs] [Times: user=0.25 sys=0.00, real=0.03 secs] 
2020-09-29T18:13:39.078+0200: 22.960: [GC (Allocation Failure) 2020-09-29T18:13:39.078+0200: 22.960: [ParNew: 589384K->68096K(613440K), 0.0320562 secs] 594908K->73620K(2029056K), 0.0321259 secs] [Times: user=0.25 sys=0.00, real=0.03 secs] 
2020-09-29T18:13:39.157+0200: 23.039: [GC (Allocation Failure) 2020-09-29T18:13:39.157+0200: 23.039: [ParNew: 613440K->68096K(613440K), 0.0311285 secs] 618964K->73704K(2029056K), 0.0311985 secs] [Times: user=0.25 sys=0.00, real=0.03 secs] 
2020-09-29T18:13:39.240+0200: 23.123: [GC (Allocation Failure) 2020-09-29T18:13:39.240+0200: 23.123: [ParNew: 613440K->48024K(613440K), 0.0220042 secs] 619048K->53633K(2029056K), 0.0220709 secs] [Times: user=0.13 sys=0.00, real=0.02 secs] 
2020-09-29T18:13:39.314+0200: 23.197: [GC (Allocation Failure) 2020-09-29T18:13:39.314+0200: 23.197: [ParNew: 593368K->41395K(613440K), 0.0195989 secs] 598977K->47004K(2029056K), 0.0196679 secs] [Times: user=0.25 sys=0.00, real=0.02 secs] 
2020-09-29T18:13:39.388+0200: 23.270: [GC (Allocation Failure) 2020-09-29T18:13:39.388+0200: 23.270: [ParNew: 586739K->38060K(613440K), 0.0202823 secs] 592348K->43668K(2029056K), 0.0203549 secs] [Times: user=0.13 sys=0.00, real=0.02 secs] 
2020-09-29T18:13:39.465+0200: 23.348: [GC (Allocation Failure) 2020-09-29T18:13:39.465+0200: 23.348: [ParNew: 583404K->32781K(613440K), 0.0200751 secs] 589012K->38390K(2029056K), 0.0201477 secs] [Times: user=0.13 sys=0.00, real=0.02 secs] 
2020-09-29T18:13:39.534+0200: 23.417: [GC (Allocation Failure) 2020-09-29T18:13:39.534+0200: 23.417: [ParNew: 578125K->52362K(613440K), 0.0254226 secs] 583734K->57971K(2029056K), 0.0254953 secs] [Times: user=0.25 sys=0.00, real=0.03 secs] 
2020-09-29T18:13:39.608+0200: 23.490: [GC (Allocation Failure) 2020-09-29T18:13:39.608+0200: 23.490: [ParNew: 597706K->65838K(613440K), 0.0312969 secs] 603315K->71447K(2029056K), 0.0313719 secs] [Times: user=0.25 sys=0.00, real=0.03 secs] 
2020-09-29T18:13:39.692+0200: 23.575: [GC (Allocation Failure) 2020-09-29T18:13:39.692+0200: 23.575: [ParNew: 610425K->46243K(613440K), 0.0302211 secs] 616034K->51852K(2029056K), 0.0302938 secs] [Times: user=0.13 sys=0.00, real=0.03 secs] 
2020-09-29T18:13:39.769+0200: 23.652: [GC (Allocation Failure) 2020-09-29T18:13:39.770+0200: 23.652: [ParNew: 591587K->53113K(613440K), 0.0274514 secs] 597196K->58722K(2029056K), 0.0275384 secs] [Times: user=0.25 sys=0.00, real=0.03 secs] 
2020-09-29T18:13:39.845+0200: 23.727: [GC (Allocation Failure) 2020-09-29T18:13:39.845+0200: 23.727: [ParNew: 598457K->44915K(613440K), 0.0187770 secs] 604066K->50524K(2029056K), 0.0188474 secs] [Times: user=0.14 sys=0.08, real=0.02 secs] 
2020-09-29T18:13:39.911+0200: 23.794: [GC (Allocation Failure) 2020-09-29T18:13:39.912+0200: 23.794: [ParNew: 590259K->41808K(613440K), 0.0247925 secs] 595868K->47417K(2029056K), 0.0248666 secs] [Times: user=0.13 sys=0.00, real=0.03 secs] 
2020-09-29T18:13:39.997+0200: 23.880: [GC (Allocation Failure) 2020-09-29T18:13:39.997+0200: 23.880: [ParNew: 587152K->64220K(613440K), 0.0329892 secs] 592761K->69829K(2029056K), 0.0330822 secs] [Times: user=0.25 sys=0.00, real=0.03 secs] 
2020-09-29T18:13:40.078+0200: 23.961: [GC (Allocation Failure) 2020-09-29T18:13:40.078+0200: 23.961: [ParNew: 609564K->50879K(613440K), 0.0229194 secs] 615173K->56488K(2029056K), 0.0230019 secs] [Times: user=0.25 sys=0.00, real=0.02 secs] 
2020-09-29T18:13:40.151+0200: 24.033: [GC (Allocation Failure) 2020-09-29T18:13:40.151+0200: 24.033: [ParNew: 596223K->39393K(613440K), 0.0228076 secs] 601832K->45002K(2029056K), 0.0228765 secs] [Times: user=0.13 sys=0.00, real=0.02 secs] 
2020-09-29T18:13:40.225+0200: 24.108: [GC (Allocation Failure) 2020-09-29T18:13:40.225+0200: 24.108: [ParNew: 584737K->40228K(613440K), 0.0217638 secs] 590346K->45837K(2029056K), 0.0218336 secs] [Times: user=0.13 sys=0.00, real=0.02 secs] 
2020-09-29T18:13:40.300+0200: 24.183: [GC (Allocation Failure) 2020-09-29T18:13:40.300+0200: 24.183: [ParNew: 585572K->57840K(613440K), 0.0271944 secs] 591181K->63449K(2029056K), 0.0272707 secs] [Times: user=0.25 sys=0.00, real=0.03 secs] 
2020-09-29T18:13:40.379+0200: 24.262: [GC (Allocation Failure) 2020-09-29T18:13:40.379+0200: 24.262: [ParNew: 603184K->47825K(613440K), 0.0267357 secs] 608793K->53434K(2029056K), 0.0268171 secs] [Times: user=0.14 sys=0.00, real=0.03 secs] 
2020-09-29T18:13:40.458+0200: 24.341: [GC (Allocation Failure) 2020-09-29T18:13:40.458+0200: 24.341: [ParNew: 593169K->40389K(613440K), 0.0259476 secs] 598778K->45998K(2029056K), 0.0260161 secs] [Times: user=0.13 sys=0.00, real=0.03 secs] 
2020-09-29T18:13:40.537+0200: 24.420: [GC (Allocation Failure) 2020-09-29T18:13:40.537+0200: 24.420: [ParNew: 585733K->40949K(613440K), 0.0168457 secs] 591342K->46558K(2029056K), 0.0169149 secs] [Times: user=0.13 sys=0.00, real=0.02 secs] 
2020-09-29T18:13:40.612+0200: 24.495: [GC (Allocation Failure) 2020-09-29T18:13:40.612+0200: 24.495: [ParNew: 586293K->29314K(613440K), 0.0166356 secs] 591902K->34923K(2029056K), 0.0167038 secs] [Times: user=0.13 sys=0.00, real=0.02 secs] 
2020-09-29T18:13:40.684+0200: 24.567: [GC (Allocation Failure) 2020-09-29T18:13:40.684+0200: 24.567: [ParNew: 574658K->35342K(613440K), 0.0234742 secs] 580267K->40951K(2029056K), 0.0235590 secs] [Times: user=0.14 sys=0.02, real=0.02 secs] 
2020-09-29T18:13:40.755+0200: 24.637: [GC (Allocation Failure) 2020-09-29T18:13:40.755+0200: 24.637: [ParNew: 580686K->68096K(613440K), 0.0353232 secs] 586295K->73855K(2029056K), 0.0354034 secs] [Times: user=0.25 sys=0.00, real=0.03 secs] 
2020-09-29T18:13:40.838+0200: 24.721: [GC (Allocation Failure) 2020-09-29T18:13:40.838+0200: 24.721: [ParNew: 613440K->60595K(613440K), 0.0272205 secs] 619199K->66354K(2029056K), 0.0273033 secs] [Times: user=0.25 sys=0.00, real=0.03 secs] 
2020-09-29T18:13:40.916+0200: 24.799: [GC (Allocation Failure) 2020-09-29T18:13:40.916+0200: 24.799: [ParNew: 605939K->41879K(613440K), 0.0185694 secs] 611698K->47639K(2029056K), 0.0186388 secs] [Times: user=0.13 sys=0.00, real=0.02 secs] 
2020-09-29T18:13:40.992+0200: 24.874: [GC (Allocation Failure) 2020-09-29T18:13:40.992+0200: 24.874: [ParNew: 587223K->41160K(613440K), 0.0242357 secs] 592983K->46920K(2029056K), 0.0243261 secs] [Times: user=0.13 sys=0.00, real=0.02 secs] 
2020-09-29T18:13:41.068+0200: 24.950: [GC (Allocation Failure) 2020-09-29T18:13:41.068+0200: 24.950: [ParNew: 586504K->49085K(613440K), 0.0235227 secs] 592264K->54844K(2029056K), 0.0236087 secs] [Times: user=0.13 sys=0.00, real=0.02 secs] 
2020-09-29T18:13:41.147+0200: 25.029: [GC (Allocation Failure) 2020-09-29T18:13:41.147+0200: 25.029: [ParNew: 594429K->39345K(613440K), 0.0220048 secs] 600188K->45105K(2029056K), 0.0220830 secs] [Times: user=0.13 sys=0.00, real=0.02 secs] 
2020-09-29T18:13:41.232+0200: 25.114: [GC (Allocation Failure) 2020-09-29T18:13:41.232+0200: 25.114: [ParNew: 584689K->35107K(613440K), 0.0218706 secs] 590449K->40867K(2029056K), 0.0219395 secs] [Times: user=0.09 sys=0.00, real=0.02 secs] 
2020-09-29T18:13:41.313+0200: 25.196: [GC (Allocation Failure) 2020-09-29T18:13:41.313+0200: 25.196: [ParNew: 580451K->33400K(613440K), 0.0200986 secs] 586211K->39160K(2029056K), 0.0202154 secs] [Times: user=0.25 sys=0.00, real=0.02 secs] 
2020-09-29T18:13:41.388+0200: 25.270: [GC (Allocation Failure) 2020-09-29T18:13:41.388+0200: 25.270: [ParNew: 578744K->56446K(613440K), 0.0265397 secs] 584504K->62206K(2029056K), 0.0266072 secs] [Times: user=0.25 sys=0.00, real=0.03 secs] 
2020-09-29T18:13:41.463+0200: 25.345: [GC (Allocation Failure) 2020-09-29T18:13:41.463+0200: 25.346: [ParNew: 601790K->35829K(613440K), 0.0208258 secs] 607550K->41588K(2029056K), 0.0209114 secs] [Times: user=0.11 sys=0.00, real=0.02 secs] 
2020-09-29T18:13:41.533+0200: 25.415: [GC (Allocation Failure) 2020-09-29T18:13:41.533+0200: 25.415: [ParNew: 581173K->56750K(613440K), 0.0231536 secs] 586932K->62509K(2029056K), 0.0232201 secs] [Times: user=0.25 sys=0.00, real=0.02 secs] 
2020-09-29T18:13:41.619+0200: 25.501: [GC (Allocation Failure) 2020-09-29T18:13:41.619+0200: 25.501: [ParNew: 602094K->52323K(613440K), 0.0327228 secs] 607853K->58083K(2029056K), 0.0327931 secs] [Times: user=0.24 sys=0.00, real=0.03 secs] 
2020-09-29T18:13:41.700+0200: 25.582: [GC (Allocation Failure) 2020-09-29T18:13:41.700+0200: 25.582: [ParNew: 597667K->68096K(613440K), 0.0294122 secs] 603427K->74093K(2029056K), 0.0294817 secs] [Times: user=0.25 sys=0.00, real=0.03 secs] 
2020-09-29T18:13:41.778+0200: 25.660: [GC (Allocation Failure) 2020-09-29T18:13:41.778+0200: 25.660: [ParNew: 613440K->42305K(613440K), 0.0201463 secs] 619437K->48303K(2029056K), 0.0202139 secs] [Times: user=0.13 sys=0.00, real=0.02 secs] 
2020-09-29T18:13:41.853+0200: 25.735: [GC (Allocation Failure) 2020-09-29T18:13:41.853+0200: 25.735: [ParNew: 587649K->58920K(613440K), 0.0265022 secs] 593647K->64917K(2029056K), 0.0265765 secs] [Times: user=0.25 sys=0.00, real=0.03 secs] 
2020-09-29T18:13:41.934+0200: 25.817: [GC (Allocation Failure) 2020-09-29T18:13:41.934+0200: 25.817: [ParNew: 604264K->68096K(613440K), 0.0373140 secs] 610261K->75117K(2029056K), 0.0373886 secs] [Times: user=0.25 sys=0.00, real=0.04 secs] 
2020-09-29T18:13:42.023+0200: 25.905: [GC (Allocation Failure) 2020-09-29T18:13:42.023+0200: 25.905: [ParNew: 613440K->50104K(613440K), 0.0261330 secs] 620461K->57126K(2029056K), 0.0262081 secs] [Times: user=0.13 sys=0.00, real=0.03 secs] 
2020-09-29T18:13:42.101+0200: 25.983: [GC (Allocation Failure) 2020-09-29T18:13:42.101+0200: 25.983: [ParNew: 595448K->43802K(613440K), 0.0251046 secs] 602470K->50824K(2029056K), 0.0251833 secs] [Times: user=0.13 sys=0.00, real=0.02 secs] 
2020-09-29T18:13:42.180+0200: 26.062: [GC (Allocation Failure) 2020-09-29T18:13:42.180+0200: 26.062: [ParNew: 589146K->38076K(613440K), 0.0237764 secs] 596168K->45097K(2029056K), 0.0238517 secs] [Times: user=0.13 sys=0.00, real=0.02 secs] 
2020-09-29T18:13:42.255+0200: 26.138: [GC (Allocation Failure) 2020-09-29T18:13:42.255+0200: 26.138: [ParNew: 583420K->58554K(613440K), 0.0331449 secs] 590441K->65575K(2029056K), 0.0332165 secs] [Times: user=0.25 sys=0.00, real=0.03 secs] 
2020-09-29T18:13:42.341+0200: 26.223: [GC (Allocation Failure) 2020-09-29T18:13:42.341+0200: 26.223: [ParNew: 603898K->35067K(613440K), 0.0109843 secs] 610919K->42089K(2029056K), 0.0110579 secs] [Times: user=0.13 sys=0.00, real=0.01 secs] 
2020-09-29T18:13:42.413+0200: 26.295: [GC (Allocation Failure) 2020-09-29T18:13:42.413+0200: 26.295: [ParNew: 580411K->28396K(613440K), 0.0190784 secs] 587433K->35418K(2029056K), 0.0191748 secs] [Times: user=0.13 sys=0.00, real=0.02 secs] 
2020-09-29T18:13:42.484+0200: 26.367: [GC (Allocation Failure) 2020-09-29T18:13:42.485+0200: 26.367: [ParNew: 573740K->18977K(613440K), 0.0160866 secs] 580762K->25999K(2029056K), 0.0161730 secs] [Times: user=0.13 sys=0.00, real=0.02 secs] 
2020-09-29T18:13:42.554+0200: 26.437: [GC (Allocation Failure) 2020-09-29T18:13:42.554+0200: 26.437: [ParNew: 564321K->49958K(613440K), 0.0320538 secs] 571343K->56980K(2029056K), 0.0321339 secs] [Times: user=0.23 sys=0.00, real=0.03 secs] 
2020-09-29T18:13:42.651+0200: 26.533: [GC (Allocation Failure) 2020-09-29T18:13:42.651+0200: 26.533: [ParNew: 595302K->57547K(613440K), 0.0300595 secs] 602324K->64568K(2029056K), 0.0301337 secs] [Times: user=0.25 sys=0.00, real=0.03 secs] 
2020-09-29T18:13:42.731+0200: 26.613: [GC (Allocation Failure) 2020-09-29T18:13:42.731+0200: 26.613: [ParNew: 602891K->36642K(613440K), 0.0222749 secs] 609912K->43664K(2029056K), 0.0223495 secs] [Times: user=0.13 sys=0.00, real=0.02 secs] 
2020-09-29T18:13:42.811+0200: 26.693: [GC (Allocation Failure) 2020-09-29T18:13:42.811+0200: 26.693: [ParNew: 581986K->51001K(613440K), 0.0359407 secs] 589008K->58023K(2029056K), 0.0360179 secs] [Times: user=0.25 sys=0.00, real=0.04 secs] 
2020-09-29T18:13:42.896+0200: 26.778: [GC (Allocation Failure) 2020-09-29T18:13:42.896+0200: 26.778: [ParNew: 596345K->46082K(613440K), 0.0239898 secs] 603367K->53104K(2029056K), 0.0240645 secs] [Times: user=0.13 sys=0.00, real=0.02 secs] 
2020-09-29T18:13:42.979+0200: 26.861: [GC (Allocation Failure) 2020-09-29T18:13:42.979+0200: 26.861: [ParNew: 591426K->57602K(613440K), 0.0324572 secs] 598448K->64624K(2029056K), 0.0325476 secs] [Times: user=0.25 sys=0.00, real=0.03 secs] 
2020-09-29T18:13:43.060+0200: 26.942: [GC (Allocation Failure) 2020-09-29T18:13:43.060+0200: 26.942: [ParNew: 602946K->39036K(613440K), 0.0257335 secs] 609968K->46058K(2029056K), 0.0258140 secs] [Times: user=0.20 sys=0.00, real=0.03 secs] 
2020-09-29T18:13:43.141+0200: 27.024: [GC (Allocation Failure) 2020-09-29T18:13:43.141+0200: 27.024: [ParNew: 584380K->57328K(613440K), 0.0275128 secs] 591402K->64350K(2029056K), 0.0275850 secs] [Times: user=0.25 sys=0.00, real=0.03 secs] 
2020-09-29T18:13:43.231+0200: 27.113: [GC (Allocation Failure) 2020-09-29T18:13:43.231+0200: 27.113: [ParNew: 602672K->40589K(613440K), 0.0288157 secs] 609694K->47610K(2029056K), 0.0289058 secs] [Times: user=0.25 sys=0.00, real=0.03 secs] 
2020-09-29T18:13:43.314+0200: 27.197: [GC (Allocation Failure) 2020-09-29T18:13:43.314+0200: 27.197: [ParNew: 585933K->59910K(613440K), 0.0327028 secs] 592954K->66932K(2029056K), 0.0327768 secs] [Times: user=0.25 sys=0.00, real=0.03 secs] 
2020-09-29T18:13:43.403+0200: 27.286: [GC (Allocation Failure) 2020-09-29T18:13:43.404+0200: 27.286: [ParNew: 605254K->52198K(613440K), 0.0329835 secs] 612276K->59220K(2029056K), 0.0330727 secs] [Times: user=0.25 sys=0.00, real=0.03 secs] 
2020-09-29T18:13:43.489+0200: 27.372: [GC (Allocation Failure) 2020-09-29T18:13:43.489+0200: 27.372: [ParNew: 597542K->44288K(613440K), 0.0233959 secs] 604564K->51310K(2029056K), 0.0234759 secs] [Times: user=0.13 sys=0.00, real=0.02 secs] 
2020-09-29T18:13:43.566+0200: 27.448: [GC (Allocation Failure) 2020-09-29T18:13:43.566+0200: 27.448: [ParNew: 589632K->37849K(613440K), 0.0237609 secs] 596654K->44870K(2029056K), 0.0238413 secs] [Times: user=0.23 sys=0.00, real=0.02 secs] 
2020-09-29T18:13:43.655+0200: 27.537: [GC (Allocation Failure) 2020-09-29T18:13:43.655+0200: 27.537: [ParNew: 583193K->54898K(613440K), 0.0318433 secs] 590214K->61920K(2029056K), 0.0319217 secs] [Times: user=0.23 sys=0.00, real=0.03 secs] 
2020-09-29T18:13:43.738+0200: 27.620: [GC (Allocation Failure) 2020-09-29T18:13:43.738+0200: 27.620: [ParNew: 600242K->40710K(613440K), 0.0204331 secs] 607264K->47731K(2029056K), 0.0205071 secs] [Times: user=0.25 sys=0.00, real=0.02 secs] 
2020-09-29T18:13:43.823+0200: 27.705: [GC (Allocation Failure) 2020-09-29T18:13:43.823+0200: 27.705: [ParNew: 586054K->52187K(613440K), 0.0352237 secs] 593075K->59209K(2029056K), 0.0353144 secs] [Times: user=0.25 sys=0.00, real=0.04 secs] 
2020-09-29T18:13:43.914+0200: 27.796: [GC (Allocation Failure) 2020-09-29T18:13:43.914+0200: 27.796: [ParNew: 597531K->46799K(613440K), 0.0255431 secs] 604553K->53821K(2029056K), 0.0256273 secs] [Times: user=0.13 sys=0.00, real=0.02 secs] 
2020-09-29T18:13:43.996+0200: 27.878: [GC (Allocation Failure) 2020-09-29T18:13:43.996+0200: 27.878: [ParNew: 592143K->65655K(613440K), 0.0339206 secs] 599165K->72677K(2029056K), 0.0339995 secs] [Times: user=0.25 sys=0.00, real=0.03 secs] 
2020-09-29T18:13:44.077+0200: 27.960: [GC (Allocation Failure) 2020-09-29T18:13:44.077+0200: 27.960: [ParNew: 610999K->46800K(613440K), 0.0309381 secs] 618021K->53822K(2029056K), 0.0310062 secs] [Times: user=0.25 sys=0.00, real=0.03 secs] 
2020-09-29T18:13:44.163+0200: 28.045: [GC (Allocation Failure) 2020-09-29T18:13:44.163+0200: 28.045: [ParNew: 592144K->40737K(613440K), 0.0222299 secs] 599166K->47759K(2029056K), 0.0223066 secs] [Times: user=0.13 sys=0.00, real=0.02 secs] 
2020-09-29T18:13:44.237+0200: 28.120: [GC (Allocation Failure) 2020-09-29T18:13:44.237+0200: 28.120: [ParNew: 586081K->40729K(613440K), 0.0298142 secs] 593103K->47751K(2029056K), 0.0298959 secs] [Times: user=0.25 sys=0.00, real=0.03 secs] 
2020-09-29T18:13:44.331+0200: 28.213: [GC (Allocation Failure) 2020-09-29T18:13:44.331+0200: 28.214: [ParNew: 586073K->40824K(613440K), 0.0272717 secs] 593095K->47846K(2029056K), 0.0273485 secs] [Times: user=0.25 sys=0.00, real=0.03 secs] 
2020-09-29T18:13:44.415+0200: 28.298: [GC (Allocation Failure) 2020-09-29T18:13:44.416+0200: 28.298: [ParNew: 586168K->41235K(613440K), 0.0263323 secs] 593190K->48257K(2029056K), 0.0264170 secs] [Times: user=0.25 sys=0.00, real=0.03 secs] 
2020-09-29T18:13:44.503+0200: 28.386: [GC (Allocation Failure) 2020-09-29T18:13:44.503+0200: 28.386: [ParNew: 586579K->34860K(613440K), 0.0266766 secs] 593601K->41881K(2029056K), 0.0267669 secs] [Times: user=0.25 sys=0.00, real=0.03 secs] 
2020-09-29T18:13:44.596+0200: 28.479: [GC (Allocation Failure) 2020-09-29T18:13:44.596+0200: 28.479: [ParNew: 580204K->58002K(613440K), 0.0323140 secs] 587225K->65024K(2029056K), 0.0324160 secs] [Times: user=0.25 sys=0.00, real=0.03 secs] 
2020-09-29T18:13:44.688+0200: 28.571: [GC (Allocation Failure) 2020-09-29T18:13:44.688+0200: 28.571: [ParNew: 603346K->36213K(613440K), 0.0121009 secs] 610368K->43235K(2029056K), 0.0121790 secs] [Times: user=0.13 sys=0.00, real=0.01 secs] 
2020-09-29T18:13:44.754+0200: 28.636: [GC (Allocation Failure) 2020-09-29T18:13:44.754+0200: 28.637: [ParNew: 581557K->42692K(613440K), 0.0289702 secs] 588579K->49714K(2029056K), 0.0290677 secs] [Times: user=0.25 sys=0.00, real=0.03 secs] 
2020-09-29T18:13:44.835+0200: 28.718: [GC (Allocation Failure) 2020-09-29T18:13:44.835+0200: 28.718: [ParNew: 588036K->51583K(613440K), 0.0268534 secs] 595058K->58604K(2029056K), 0.0269472 secs] [Times: user=0.13 sys=0.00, real=0.03 secs] 
2020-09-29T18:13:44.914+0200: 28.797: [GC (Allocation Failure) 2020-09-29T18:13:44.914+0200: 28.797: [ParNew: 596927K->58961K(613440K), 0.0330454 secs] 603948K->65982K(2029056K), 0.0331367 secs] [Times: user=0.25 sys=0.00, real=0.03 secs] 
2020-09-29T18:13:44.998+0200: 28.880: [GC (Allocation Failure) 2020-09-29T18:13:44.998+0200: 28.880: [ParNew: 604305K->66735K(613440K), 0.0327055 secs] 611326K->73756K(2029056K), 0.0327810 secs] [Times: user=0.25 sys=0.00, real=0.03 secs] 
2020-09-29T18:13:45.080+0200: 28.963: [GC (Allocation Failure) 2020-09-29T18:13:45.080+0200: 28.963: [ParNew: 612079K->50091K(613440K), 0.0315098 secs] 619100K->57113K(2029056K), 0.0315856 secs] [Times: user=0.25 sys=0.00, real=0.03 secs] 
2020-09-29T18:13:45.159+0200: 29.041: [GC (Allocation Failure) 2020-09-29T18:13:45.159+0200: 29.041: [ParNew: 595435K->41964K(613440K), 0.0212701 secs] 602457K->48985K(2029056K), 0.0213399 secs] [Times: user=0.25 sys=0.00, real=0.02 secs] 
2020-09-29T18:13:45.239+0200: 29.122: [GC (Allocation Failure) 2020-09-29T18:13:45.239+0200: 29.122: [ParNew: 587308K->59263K(613440K), 0.0381411 secs] 594329K->66285K(2029056K), 0.0382155 secs] [Times: user=0.25 sys=0.00, real=0.04 secs] 
2020-09-29T18:13:45.326+0200: 29.209: [GC (Allocation Failure) 2020-09-29T18:13:45.326+0200: 29.209: [ParNew: 604607K->49270K(613440K), 0.0269425 secs] 611629K->56291K(2029056K), 0.0270220 secs] [Times: user=0.25 sys=0.00, real=0.03 secs] 
2020-09-29T18:13:45.411+0200: 29.294: [GC (Allocation Failure) 2020-09-29T18:13:45.411+0200: 29.294: [ParNew: 594614K->36399K(613440K), 0.0165654 secs] 601635K->43421K(2029056K), 0.0166442 secs] [Times: user=0.13 sys=0.00, real=0.02 secs] 
2020-09-29T18:13:45.485+0200: 29.368: [GC (Allocation Failure) 2020-09-29T18:13:45.485+0200: 29.368: [ParNew: 581743K->35305K(613440K), 0.0231433 secs] 588765K->42326K(2029056K), 0.0232215 secs] [Times: user=0.25 sys=0.00, real=0.02 secs] 
2020-09-29T18:13:45.565+0200: 29.448: [GC (Allocation Failure) 2020-09-29T18:13:45.565+0200: 29.448: [ParNew: 580649K->68096K(613440K), 0.0407621 secs] 587670K->75117K(2029056K), 0.0408540 secs] [Times: user=0.38 sys=0.00, real=0.04 secs] 
2020-09-29T18:13:45.659+0200: 29.542: [GC (Allocation Failure) 2020-09-29T18:13:45.659+0200: 29.542: [ParNew: 613440K->59863K(613440K), 0.0337090 secs] 620461K->66885K(2029056K), 0.0337795 secs] [Times: user=0.34 sys=0.00, real=0.03 secs] 
2020-09-29T18:13:45.748+0200: 29.630: [GC (Allocation Failure) 2020-09-29T18:13:45.748+0200: 29.630: [ParNew: 605207K->54546K(613440K), 0.0312537 secs] 612229K->61568K(2029056K), 0.0313425 secs] [Times: user=0.25 sys=0.00, real=0.03 secs] 
2020-09-29T18:13:45.839+0200: 29.721: [GC (Allocation Failure) 2020-09-29T18:13:45.839+0200: 29.722: [ParNew: 599890K->50727K(613440K), 0.0294488 secs] 606912K->57749K(2029056K), 0.0295452 secs] [Times: user=0.25 sys=0.00, real=0.03 secs] 
2020-09-29T18:13:45.921+0200: 29.803: [GC (Allocation Failure) 2020-09-29T18:13:45.921+0200: 29.803: [ParNew: 596071K->46361K(613440K), 0.0281670 secs] 603093K->53383K(2029056K), 0.0282457 secs] [Times: user=0.25 sys=0.00, real=0.03 secs] 
2020-09-29T18:13:46.003+0200: 29.885: [GC (Allocation Failure) 2020-09-29T18:13:46.003+0200: 29.885: [ParNew: 591705K->40335K(613440K), 0.0269254 secs] 598727K->47357K(2029056K), 0.0270136 secs] [Times: user=0.25 sys=0.00, real=0.03 secs] 
2020-09-29T18:13:46.084+0200: 29.966: [GC (Allocation Failure) 2020-09-29T18:13:46.084+0200: 29.966: [ParNew: 585679K->38739K(613440K), 0.0242783 secs] 592701K->45761K(2029056K), 0.0243515 secs] [Times: user=0.13 sys=0.00, real=0.02 secs] 
2020-09-29T18:13:46.158+0200: 30.040: [GC (Allocation Failure) 2020-09-29T18:13:46.158+0200: 30.040: [ParNew: 584083K->35837K(613440K), 0.0222663 secs] 591105K->42859K(2029056K), 0.0223422 secs] [Times: user=0.25 sys=0.00, real=0.02 secs] 
2020-09-29T18:13:46.239+0200: 30.121: [GC (Allocation Failure) 2020-09-29T18:13:46.239+0200: 30.121: [ParNew: 581181K->53881K(613440K), 0.0296337 secs] 588203K->60902K(2029056K), 0.0297059 secs] [Times: user=0.13 sys=0.00, real=0.03 secs] 
2020-09-29T18:13:46.327+0200: 30.209: [GC (Allocation Failure) 2020-09-29T18:13:46.327+0200: 30.209: [ParNew: 599225K->42302K(613440K), 0.0287703 secs] 606246K->49324K(2029056K), 0.0288555 secs] [Times: user=0.25 sys=0.00, real=0.03 secs] 
2020-09-29T18:13:46.405+0200: 30.287: [GC (Allocation Failure) 2020-09-29T18:13:46.405+0200: 30.287: [ParNew: 587646K->67824K(613440K), 0.0354771 secs] 594668K->74846K(2029056K), 0.0355543 secs] [Times: user=0.25 sys=0.00, real=0.04 secs] 
2020-09-29T18:13:46.491+0200: 30.373: [GC (Allocation Failure) 2020-09-29T18:13:46.491+0200: 30.373: [ParNew: 613168K->58445K(613440K), 0.0351251 secs] 620190K->65466K(2029056K), 0.0351972 secs] [Times: user=0.25 sys=0.00, real=0.04 secs] 
2020-09-29T18:13:46.575+0200: 30.458: [GC (Allocation Failure) 2020-09-29T18:13:46.575+0200: 30.458: [ParNew: 603789K->68096K(613440K), 0.0371864 secs] 610810K->75496K(2029056K), 0.0372607 secs] [Times: user=0.22 sys=0.00, real=0.04 secs] 
2020-09-29T18:13:46.667+0200: 30.550: [GC (Allocation Failure) 2020-09-29T18:13:46.667+0200: 30.550: [ParNew: 613440K->50792K(613440K), 0.0328319 secs] 620840K->58193K(2029056K), 0.0329058 secs] [Times: user=0.25 sys=0.00, real=0.03 secs] 
2020-09-29T18:13:46.750+0200: 30.633: [GC (Allocation Failure) 2020-09-29T18:13:46.750+0200: 30.633: [ParNew: 596136K->42325K(613440K), 0.0217620 secs] 603537K->49726K(2029056K), 0.0218401 secs] [Times: user=0.25 sys=0.00, real=0.02 secs] 
2020-09-29T18:13:46.835+0200: 30.717: [GC (Allocation Failure) 2020-09-29T18:13:46.835+0200: 30.717: [ParNew: 587669K->67446K(613440K), 0.0378958 secs] 595070K->74847K(2029056K), 0.0379880 secs] [Times: user=0.25 sys=0.00, real=0.04 secs] 
2020-09-29T18:13:46.925+0200: 30.807: [GC (Allocation Failure) 2020-09-29T18:13:46.925+0200: 30.807: [ParNew: 612790K->58216K(613440K), 0.0181309 secs] 620191K->65617K(2029056K), 0.0181867 secs] [Times: user=0.25 sys=0.00, real=0.02 secs] 
2020-09-29T18:13:46.991+0200: 30.874: [GC (Allocation Failure) 2020-09-29T18:13:46.991+0200: 30.874: [ParNew: 603560K->45682K(613440K), 0.0172313 secs] 610961K->53083K(2029056K), 0.0172916 secs] [Times: user=0.13 sys=0.00, real=0.02 secs] 
2020-09-29T18:13:47.057+0200: 30.940: [GC (Allocation Failure) 2020-09-29T18:13:47.057+0200: 30.940: [ParNew: 591026K->42950K(613440K), 0.0167067 secs] 598427K->50350K(2029056K), 0.0167782 secs] [Times: user=0.13 sys=0.00, real=0.02 secs] 
2020-09-29T18:13:47.124+0200: 31.007: [GC (Allocation Failure) 2020-09-29T18:13:47.124+0200: 31.007: [ParNew: 588294K->40326K(613440K), 0.0152959 secs] 595694K->47727K(2029056K), 0.0153880 secs] [Times: user=0.13 sys=0.00, real=0.01 secs] 
2020-09-29T18:13:47.187+0200: 31.070: [GC (Allocation Failure) 2020-09-29T18:13:47.187+0200: 31.070: [ParNew: 585670K->58964K(613440K), 0.0200143 secs] 593071K->66365K(2029056K), 0.0200746 secs] [Times: user=0.13 sys=0.00, real=0.02 secs] 
2020-09-29T18:13:47.254+0200: 31.137: [GC (Allocation Failure) 2020-09-29T18:13:47.254+0200: 31.137: [ParNew: 604308K->38551K(613440K), 0.0139260 secs] 611709K->45951K(2029056K), 0.0139849 secs] [Times: user=0.13 sys=0.00, real=0.01 secs] 
2020-09-29T18:13:47.316+0200: 31.199: [GC (Allocation Failure) 2020-09-29T18:13:47.316+0200: 31.199: [ParNew: 583895K->51352K(613440K), 0.0182987 secs] 591295K->58752K(2029056K), 0.0183745 secs] [Times: user=0.14 sys=0.00, real=0.02 secs] 
2020-09-29T18:13:47.389+0200: 31.271: [GC (Allocation Failure) 2020-09-29T18:13:47.389+0200: 31.271: [ParNew: 596696K->36585K(613440K), 0.0122383 secs] 604096K->43986K(2029056K), 0.0123110 secs] [Times: user=0.13 sys=0.00, real=0.01 secs] 
2020-09-29T18:13:47.455+0200: 31.338: [GC (Allocation Failure) 2020-09-29T18:13:47.455+0200: 31.338: [ParNew: 581929K->34949K(613440K), 0.0162694 secs] 589330K->42350K(2029056K), 0.0163245 secs] [Times: user=0.13 sys=0.00, real=0.02 secs] 
2020-09-29T18:13:47.518+0200: 31.401: [GC (Allocation Failure) 2020-09-29T18:13:47.518+0200: 31.401: [ParNew: 580293K->48811K(613440K), 0.0154216 secs] 587694K->56212K(2029056K), 0.0154781 secs] [Times: user=0.13 sys=0.00, real=0.02 secs] 
2020-09-29T18:13:47.582+0200: 31.465: [GC (Allocation Failure) 2020-09-29T18:13:47.582+0200: 31.465: [ParNew: 594155K->33857K(613440K), 0.0137193 secs] 601556K->41258K(2029056K), 0.0137790 secs] [Times: user=0.09 sys=0.03, real=0.01 secs] 
2020-09-29T18:13:47.653+0200: 31.536: [GC (Allocation Failure) 2020-09-29T18:13:47.653+0200: 31.536: [ParNew: 579201K->60815K(613440K), 0.0234475 secs] 586602K->68216K(2029056K), 0.0235231 secs] [Times: user=0.14 sys=0.00, real=0.02 secs] 
2020-09-29T18:13:47.723+0200: 31.606: [GC (Allocation Failure) 2020-09-29T18:13:47.723+0200: 31.606: [ParNew: 606159K->53964K(613440K), 0.0172735 secs] 613560K->61365K(2029056K), 0.0173512 secs] [Times: user=0.13 sys=0.00, real=0.02 secs] 
2020-09-29T18:13:47.790+0200: 31.672: [GC (Allocation Failure) 2020-09-29T18:13:47.790+0200: 31.672: [ParNew: 599308K->36376K(613440K), 0.0121614 secs] 606709K->43777K(2029056K), 0.0122189 secs] [Times: user=0.13 sys=0.00, real=0.01 secs] 
2020-09-29T18:13:47.849+0200: 31.731: [GC (Allocation Failure) 2020-09-29T18:13:47.849+0200: 31.731: [ParNew: 581720K->36607K(613440K), 0.0160367 secs] 589121K->44007K(2029056K), 0.0160914 secs] [Times: user=0.13 sys=0.00, real=0.02 secs] 
2020-09-29T18:13:47.913+0200: 31.795: [GC (Allocation Failure) 2020-09-29T18:13:47.913+0200: 31.795: [ParNew: 581951K->31391K(613440K), 0.0144843 secs] 589351K->38792K(2029056K), 0.0145461 secs] [Times: user=0.13 sys=0.00, real=0.01 secs] 
2020-09-29T18:13:47.978+0200: 31.861: [GC (Allocation Failure) 2020-09-29T18:13:47.978+0200: 31.861: [ParNew: 576735K->68096K(613440K), 0.0249915 secs] 584136K->75651K(2029056K), 0.0250508 secs] [Times: user=0.13 sys=0.00, real=0.03 secs] 
2020-09-29T18:13:48.053+0200: 31.936: [GC (Allocation Failure) 2020-09-29T18:13:48.053+0200: 31.936: [ParNew: 613440K->48615K(613440K), 0.0186823 secs] 620995K->56170K(2029056K), 0.0187391 secs] [Times: user=0.13 sys=0.00, real=0.02 secs] 
2020-09-29T18:13:48.119+0200: 32.002: [GC (Allocation Failure) 2020-09-29T18:13:48.119+0200: 32.002: [ParNew: 593959K->44823K(613440K), 0.0191275 secs] 601514K->52378K(2029056K), 0.0191859 secs] [Times: user=0.11 sys=0.00, real=0.02 secs] 
2020-09-29T18:13:48.186+0200: 32.069: [GC (Allocation Failure) 2020-09-29T18:13:48.186+0200: 32.069: [ParNew: 590167K->65397K(613440K), 0.0216214 secs] 597722K->72952K(2029056K), 0.0216824 secs] [Times: user=0.25 sys=0.00, real=0.02 secs] 
2020-09-29T18:13:48.255+0200: 32.138: [GC (Allocation Failure) 2020-09-29T18:13:48.255+0200: 32.138: [ParNew: 610741K->44167K(613440K), 0.0105844 secs] 618296K->51723K(2029056K), 0.0106429 secs] [Times: user=0.00 sys=0.00, real=0.01 secs] 
2020-09-29T18:13:48.317+0200: 32.200: [GC (Allocation Failure) 2020-09-29T18:13:48.317+0200: 32.200: [ParNew: 589511K->47157K(613440K), 0.0199453 secs] 597067K->54712K(2029056K), 0.0200053 secs] [Times: user=0.13 sys=0.00, real=0.02 secs] 
2020-09-29T18:13:48.387+0200: 32.270: [GC (Allocation Failure) 2020-09-29T18:13:48.387+0200: 32.270: [ParNew: 592501K->62230K(613440K), 0.0205527 secs] 600056K->69786K(2029056K), 0.0206152 secs] [Times: user=0.13 sys=0.00, real=0.02 secs] 
2020-09-29T18:13:48.456+0200: 32.339: [GC (Allocation Failure) 2020-09-29T18:13:48.456+0200: 32.339: [ParNew: 607574K->43913K(613440K), 0.0187638 secs] 615130K->51468K(2029056K), 0.0188242 secs] [Times: user=0.25 sys=0.00, real=0.02 secs] 
2020-09-29T18:13:48.521+0200: 32.404: [GC (Allocation Failure) 2020-09-29T18:13:48.521+0200: 32.404: [ParNew: 589257K->44354K(613440K), 0.0175307 secs] 596812K->51909K(2029056K), 0.0175952 secs] [Times: user=0.13 sys=0.00, real=0.02 secs] 
2020-09-29T18:13:48.589+0200: 32.471: [GC (Allocation Failure) 2020-09-29T18:13:48.589+0200: 32.471: [ParNew: 589698K->42710K(613440K), 0.0166070 secs] 597253K->50265K(2029056K), 0.0166625 secs] [Times: user=0.13 sys=0.00, real=0.02 secs] 
2020-09-29T18:13:48.655+0200: 32.538: [GC (Allocation Failure) 2020-09-29T18:13:48.655+0200: 32.538: [ParNew: 588054K->42836K(613440K), 0.0163014 secs] 595609K->50391K(2029056K), 0.0163772 secs] [Times: user=0.13 sys=0.00, real=0.02 secs] 
2020-09-29T18:13:48.718+0200: 32.601: [GC (Allocation Failure) 2020-09-29T18:13:48.718+0200: 32.601: [ParNew: 588180K->61208K(613440K), 0.0204338 secs] 595735K->68763K(2029056K), 0.0205131 secs] [Times: user=0.25 sys=0.00, real=0.02 secs] 
2020-09-29T18:13:48.786+0200: 32.669: [GC (Allocation Failure) 2020-09-29T18:13:48.786+0200: 32.669: [ParNew: 606552K->43968K(613440K), 0.0196267 secs] 614107K->51523K(2029056K), 0.0196946 secs] [Times: user=0.13 sys=0.00, real=0.02 secs] 
2020-09-29T18:13:48.854+0200: 32.737: [GC (Allocation Failure) 2020-09-29T18:13:48.854+0200: 32.737: [ParNew: 589312K->39637K(613440K), 0.0118343 secs] 596867K->47192K(2029056K), 0.0119002 secs] [Times: user=0.13 sys=0.00, real=0.01 secs] 
2020-09-29T18:13:48.919+0200: 32.802: [GC (Allocation Failure) 2020-09-29T18:13:48.919+0200: 32.802: [ParNew: 584981K->38657K(613440K), 0.0160747 secs] 592536K->46212K(2029056K), 0.0161510 secs] [Times: user=0.13 sys=0.00, real=0.02 secs] 
2020-09-29T18:13:48.986+0200: 32.869: [GC (Allocation Failure) 2020-09-29T18:13:48.986+0200: 32.869: [ParNew: 584001K->52348K(613440K), 0.0222706 secs] 591556K->59903K(2029056K), 0.0223545 secs] [Times: user=0.22 sys=0.00, real=0.02 secs] 
2020-09-29T18:13:49.060+0200: 32.943: [GC (Allocation Failure) 2020-09-29T18:13:49.060+0200: 32.943: [ParNew: 597692K->68096K(613440K), 0.0285376 secs] 605247K->76011K(2029056K), 0.0286003 secs] [Times: user=0.24 sys=0.00, real=0.03 secs] 
2020-09-29T18:13:49.138+0200: 33.021: [GC (Allocation Failure) 2020-09-29T18:13:49.138+0200: 33.021: [ParNew: 613440K->63981K(613440K), 0.0213530 secs] 621355K->71897K(2029056K), 0.0214334 secs] [Times: user=0.13 sys=0.00, real=0.02 secs] 
2020-09-29T18:13:49.210+0200: 33.092: [GC (Allocation Failure) 2020-09-29T18:13:49.210+0200: 33.092: [ParNew: 609325K->44510K(613440K), 0.0135384 secs] 617241K->52426K(2029056K), 0.0135990 secs] [Times: user=0.13 sys=0.00, real=0.01 secs] 
2020-09-29T18:13:49.274+0200: 33.156: [GC (Allocation Failure) 2020-09-29T18:13:49.274+0200: 33.156: [ParNew: 589854K->44758K(613440K), 0.0187454 secs] 597770K->52674K(2029056K), 0.0188221 secs] [Times: user=0.13 sys=0.00, real=0.02 secs] 
2020-09-29T18:13:49.341+0200: 33.223: [GC (Allocation Failure) 2020-09-29T18:13:49.341+0200: 33.223: [ParNew: 589233K->34287K(613440K), 0.0127784 secs] 597149K->42203K(2029056K), 0.0128411 secs] [Times: user=0.13 sys=0.00, real=0.01 secs] 
2020-09-29T18:13:49.409+0200: 33.292: [GC (Allocation Failure) 2020-09-29T18:13:49.409+0200: 33.292: [ParNew: 579631K->53364K(613440K), 0.0214027 secs] 587547K->61280K(2029056K), 0.0214853 secs] [Times: user=0.25 sys=0.00, real=0.02 secs] 
2020-09-29T18:13:49.479+0200: 33.362: [GC (Allocation Failure) 2020-09-29T18:13:49.479+0200: 33.362: [ParNew: 598708K->68096K(613440K), 0.0210291 secs] 606624K->76011K(2029056K), 0.0210843 secs] [Times: user=0.13 sys=0.00, real=0.02 secs] 
2020-09-29T18:13:49.551+0200: 33.434: [GC (Allocation Failure) 2020-09-29T18:13:49.551+0200: 33.434: [ParNew: 613440K->47642K(613440K), 0.0203756 secs] 621355K->55558K(2029056K), 0.0204579 secs] [Times: user=0.13 sys=0.00, real=0.02 secs] 
2020-09-29T18:13:49.621+0200: 33.504: [GC (Allocation Failure) 2020-09-29T18:13:49.621+0200: 33.504: [ParNew: 592986K->58889K(613440K), 0.0212989 secs] 600902K->66805K(2029056K), 0.0213556 secs] [Times: user=0.11 sys=0.00, real=0.02 secs] 
2020-09-29T18:13:49.691+0200: 33.574: [GC (Allocation Failure) 2020-09-29T18:13:49.691+0200: 33.574: [ParNew: 604233K->68096K(613440K), 0.0247169 secs] 612149K->77301K(2029056K), 0.0247730 secs] [Times: user=0.25 sys=0.00, real=0.03 secs] 
2020-09-29T18:13:49.763+0200: 33.646: [GC (Allocation Failure) 2020-09-29T18:13:49.763+0200: 33.646: [ParNew: 613440K->55537K(613440K), 0.0189858 secs] 622645K->64742K(2029056K), 0.0190577 secs] [Times: user=0.13 sys=0.00, real=0.02 secs] 
2020-09-29T18:13:49.831+0200: 33.714: [GC (Allocation Failure) 2020-09-29T18:13:49.831+0200: 33.714: [ParNew: 600881K->45612K(613440K), 0.0189888 secs] 610086K->54817K(2029056K), 0.0190478 secs] [Times: user=0.23 sys=0.00, real=0.02 secs] 
2020-09-29T18:13:49.898+0200: 33.781: [GC (Allocation Failure) 2020-09-29T18:13:49.898+0200: 33.781: [ParNew: 590956K->68096K(613440K), 0.0227920 secs] 600161K->77301K(2029056K), 0.0228657 secs] [Times: user=0.13 sys=0.00, real=0.02 secs] 
2020-09-29T18:13:49.970+0200: 33.853: [GC (Allocation Failure) 2020-09-29T18:13:49.970+0200: 33.853: [ParNew: 613440K->49074K(613440K), 0.0160595 secs] 622645K->58279K(2029056K), 0.0161162 secs] [Times: user=0.13 sys=0.00, real=0.02 secs] 
2020-09-29T18:13:50.035+0200: 33.918: [GC (Allocation Failure) 2020-09-29T18:13:50.035+0200: 33.918: [ParNew: 594418K->48122K(613440K), 0.0209211 secs] 603623K->57327K(2029056K), 0.0209771 secs] [Times: user=0.25 sys=0.00, real=0.02 secs] 
2020-09-29T18:13:50.103+0200: 33.986: [GC (Allocation Failure) 2020-09-29T18:13:50.103+0200: 33.986: [ParNew: 593466K->68096K(613440K), 0.0197212 secs] 602671K->77301K(2029056K), 0.0197764 secs] [Times: user=0.13 sys=0.00, real=0.02 secs] 
2020-09-29T18:13:50.171+0200: 34.054: [GC (Allocation Failure) 2020-09-29T18:13:50.171+0200: 34.054: [ParNew: 613440K->49443K(613440K), 0.0190247 secs] 622645K->58648K(2029056K), 0.0190870 secs] [Times: user=0.13 sys=0.00, real=0.02 secs] 
2020-09-29T18:13:50.241+0200: 34.124: [GC (Allocation Failure) 2020-09-29T18:13:50.241+0200: 34.124: [ParNew: 594787K->48162K(613440K), 0.0189138 secs] 603992K->57367K(2029056K), 0.0189654 secs] [Times: user=0.13 sys=0.00, real=0.02 secs] 
2020-09-29T18:13:50.308+0200: 34.191: [GC (Allocation Failure) 2020-09-29T18:13:50.308+0200: 34.191: [ParNew: 593506K->40299K(613440K), 0.0127751 secs] 602711K->49504K(2029056K), 0.0128450 secs] [Times: user=0.13 sys=0.00, real=0.01 secs] 
2020-09-29T18:13:50.371+0200: 34.254: [GC (Allocation Failure) 2020-09-29T18:13:50.371+0200: 34.254: [ParNew: 585643K->37920K(613440K), 0.0169655 secs] 594848K->47125K(2029056K), 0.0170380 secs] [Times: user=0.13 sys=0.00, real=0.02 secs] 
2020-09-29T18:13:50.438+0200: 34.321: [GC (Allocation Failure) 2020-09-29T18:13:50.438+0200: 34.321: [ParNew: 583264K->48954K(613440K), 0.0167652 secs] 592469K->58159K(2029056K), 0.0168188 secs] [Times: user=0.13 sys=0.00, real=0.02 secs] 
2020-09-29T18:13:50.505+0200: 34.388: [GC (Allocation Failure) 2020-09-29T18:13:50.505+0200: 34.388: [ParNew: 594298K->38710K(613440K), 0.0156294 secs] 603503K->47915K(2029056K), 0.0157103 secs] [Times: user=0.13 sys=0.00, real=0.02 secs] 
2020-09-29T18:13:50.568+0200: 34.451: [GC (Allocation Failure) 2020-09-29T18:13:50.568+0200: 34.451: [ParNew: 584054K->34677K(613440K), 0.0152192 secs] 593259K->43882K(2029056K), 0.0152767 secs] [Times: user=0.11 sys=0.00, real=0.02 secs] 
2020-09-29T18:13:50.632+0200: 34.515: [GC (Allocation Failure) 2020-09-29T18:13:50.632+0200: 34.515: [ParNew: 580021K->53123K(613440K), 0.0197480 secs] 589226K->62328K(2029056K), 0.0198143 secs] [Times: user=0.13 sys=0.00, real=0.02 secs] 
2020-09-29T18:13:50.700+0200: 34.583: [GC (Allocation Failure) 2020-09-29T18:13:50.700+0200: 34.583: [ParNew: 598467K->40758K(613440K), 0.0125257 secs] 607672K->49963K(2029056K), 0.0125874 secs] [Times: user=0.13 sys=0.00, real=0.01 secs] 
2020-09-29T18:13:50.764+0200: 34.647: [GC (Allocation Failure) 2020-09-29T18:13:50.764+0200: 34.647: [ParNew: 586102K->38311K(613440K), 0.0172092 secs] 595307K->47516K(2029056K), 0.0172716 secs] [Times: user=0.13 sys=0.00, real=0.02 secs] 
2020-09-29T18:13:50.834+0200: 34.716: [GC (Allocation Failure) 2020-09-29T18:13:50.834+0200: 34.716: [ParNew: 583655K->53352K(613440K), 0.0161392 secs] 592860K->62558K(2029056K), 0.0162043 secs] [Times: user=0.13 sys=0.00, real=0.02 secs] 
2020-09-29T18:13:50.904+0200: 34.786: [GC (Allocation Failure) 2020-09-29T18:13:50.904+0200: 34.786: [ParNew: 598696K->19351K(613440K), 0.0111809 secs] 607902K->28556K(2029056K), 0.0112380 secs] [Times: user=0.13 sys=0.00, real=0.01 secs] 
2020-09-29T18:13:50.962+0200: 34.844: [GC (Allocation Failure) 2020-09-29T18:13:50.962+0200: 34.844: [ParNew: 564695K->36326K(613440K), 0.0138080 secs] 573900K->45531K(2029056K), 0.0138906 secs] [Times: user=0.13 sys=0.00, real=0.01 secs] 
2020-09-29T18:13:51.023+0200: 34.905: [GC (Allocation Failure) 2020-09-29T18:13:51.023+0200: 34.905: [ParNew: 581670K->40845K(613440K), 0.0176450 secs] 590875K->50050K(2029056K), 0.0177029 secs] [Times: user=0.13 sys=0.00, real=0.02 secs] 
2020-09-29T18:13:51.094+0200: 34.977: [GC (Allocation Failure) 2020-09-29T18:13:51.094+0200: 34.977: [ParNew: 586189K->58221K(613440K), 0.0171662 secs] 595394K->67426K(2029056K), 0.0172939 secs] [Times: user=0.13 sys=0.00, real=0.02 secs] 
2020-09-29T18:13:51.159+0200: 35.041: [GC (Allocation Failure) 2020-09-29T18:13:51.159+0200: 35.042: [ParNew: 603565K->43998K(613440K), 0.0172805 secs] 612770K->53204K(2029056K), 0.0173359 secs] [Times: user=0.13 sys=0.00, real=0.02 secs] 
2020-09-29T18:13:51.224+0200: 35.106: [GC (Allocation Failure) 2020-09-29T18:13:51.224+0200: 35.106: [ParNew: 589342K->32993K(613440K), 0.0154605 secs] 598548K->42198K(2029056K), 0.0155393 secs] [Times: user=0.13 sys=0.00, real=0.02 secs] 
2020-09-29T18:13:51.288+0200: 35.170: [GC (Allocation Failure) 2020-09-29T18:13:51.288+0200: 35.170: [ParNew: 578337K->31315K(613440K), 0.0138935 secs] 587542K->40520K(2029056K), 0.0139585 secs] [Times: user=0.13 sys=0.00, real=0.01 secs] 
2020-09-29T18:13:51.353+0200: 35.235: [GC (Allocation Failure) 2020-09-29T18:13:51.353+0200: 35.235: [ParNew: 576659K->55244K(613440K), 0.0229972 secs] 585864K->64450K(2029056K), 0.0230775 secs] [Times: user=0.13 sys=0.00, real=0.02 secs] 
2020-09-29T18:13:51.424+0200: 35.306: [GC (Allocation Failure) 2020-09-29T18:13:51.424+0200: 35.306: [ParNew: 600588K->53205K(613440K), 0.0176936 secs] 609794K->62410K(2029056K), 0.0177486 secs] [Times: user=0.13 sys=0.00, real=0.02 secs] 
2020-09-29T18:13:51.489+0200: 35.371: [GC (Allocation Failure) 2020-09-29T18:13:51.489+0200: 35.371: [ParNew: 598549K->44058K(613440K), 0.0153021 secs] 607754K->53263K(2029056K), 0.0153737 secs] [Times: user=0.00 sys=0.00, real=0.01 secs] 
2020-09-29T18:13:51.551+0200: 35.433: [GC (Allocation Failure) 2020-09-29T18:13:51.551+0200: 35.433: [ParNew: 589402K->60734K(613440K), 0.0189846 secs] 598607K->69939K(2029056K), 0.0190751 secs] [Times: user=0.25 sys=0.00, real=0.02 secs] 
2020-09-29T18:13:51.620+0200: 35.502: [GC (Allocation Failure) 2020-09-29T18:13:51.620+0200: 35.502: [ParNew: 606078K->39723K(613440K), 0.0135824 secs] 615283K->48928K(2029056K), 0.0136422 secs] [Times: user=0.11 sys=0.00, real=0.01 secs] 
2020-09-29T18:13:51.680+0200: 35.563: [GC (Allocation Failure) 2020-09-29T18:13:51.680+0200: 35.563: [ParNew: 585067K->38849K(613440K), 0.0185842 secs] 594272K->48054K(2029056K), 0.0186385 secs] [Times: user=0.13 sys=0.00, real=0.02 secs] 
2020-09-29T18:13:51.746+0200: 35.628: [GC (Allocation Failure) 2020-09-29T18:13:51.746+0200: 35.628: [ParNew: 584193K->37857K(613440K), 0.0160104 secs] 593398K->47062K(2029056K), 0.0160651 secs] [Times: user=0.13 sys=0.00, real=0.02 secs] 
2020-09-29T18:13:51.816+0200: 35.698: [GC (Allocation Failure) 2020-09-29T18:13:51.816+0200: 35.698: [ParNew: 583201K->40680K(613440K), 0.0156770 secs] 592406K->49885K(2029056K), 0.0157467 secs] [Times: user=0.13 sys=0.00, real=0.02 secs] 
2020-09-29T18:13:51.886+0200: 35.768: [GC (Allocation Failure) 2020-09-29T18:13:51.886+0200: 35.768: [ParNew: 586024K->38470K(613440K), 0.0169052 secs] 595229K->47675K(2029056K), 0.0169752 secs] [Times: user=0.13 sys=0.00, real=0.02 secs] 
2020-09-29T18:13:51.956+0200: 35.838: [GC (Allocation Failure) 2020-09-29T18:13:51.956+0200: 35.838: [ParNew: 583814K->58727K(613440K), 0.0194911 secs] 593019K->67933K(2029056K), 0.0195462 secs] [Times: user=0.25 sys=0.00, real=0.02 secs] 
2020-09-29T18:13:52.024+0200: 35.906: [GC (Allocation Failure) 2020-09-29T18:13:52.024+0200: 35.906: [ParNew: 604071K->62805K(613440K), 0.0192133 secs] 613277K->72011K(2029056K), 0.0192744 secs] [Times: user=0.13 sys=0.00, real=0.02 secs] 
2020-09-29T18:13:52.091+0200: 35.974: [GC (Allocation Failure) 2020-09-29T18:13:52.091+0200: 35.974: [ParNew: 608149K->45747K(613440K), 0.0183615 secs] 617355K->54952K(2029056K), 0.0184182 secs] [Times: user=0.13 sys=0.00, real=0.02 secs] 
2020-09-29T18:13:52.156+0200: 36.039: [GC (Allocation Failure) 2020-09-29T18:13:52.156+0200: 36.039: [ParNew: 591091K->43067K(613440K), 0.0170696 secs] 600296K->52272K(2029056K), 0.0171324 secs] [Times: user=0.13 sys=0.00, real=0.02 secs] 
2020-09-29T18:13:52.221+0200: 36.104: [GC (Allocation Failure) 2020-09-29T18:13:52.221+0200: 36.104: [ParNew: 588411K->66773K(613440K), 0.0214644 secs] 597616K->75978K(2029056K), 0.0215365 secs] [Times: user=0.25 sys=0.00, real=0.02 secs] 
2020-09-29T18:13:52.291+0200: 36.173: [GC (Allocation Failure) 2020-09-29T18:13:52.291+0200: 36.174: [ParNew: 612117K->45983K(613440K), 0.0200479 secs] 621322K->55189K(2029056K), 0.0201189 secs] [Times: user=0.13 sys=0.00, real=0.02 secs] 
2020-09-29T18:13:52.365+0200: 36.247: [GC (Allocation Failure) 2020-09-29T18:13:52.365+0200: 36.247: [ParNew: 591327K->47492K(613440K), 0.0142460 secs] 600533K->56698K(2029056K), 0.0143085 secs] [Times: user=0.00 sys=0.00, real=0.01 secs] 
2020-09-29T18:13:52.433+0200: 36.316: [GC (Allocation Failure) 2020-09-29T18:13:52.433+0200: 36.316: [ParNew: 592836K->39935K(613440K), 0.0133554 secs] 602042K->49141K(2029056K), 0.0134127 secs] [Times: user=0.13 sys=0.00, real=0.01 secs] 
2020-09-29T18:13:52.498+0200: 36.380: [GC (Allocation Failure) 2020-09-29T18:13:52.498+0200: 36.380: [ParNew: 585279K->32072K(613440K), 0.0112368 secs] 594485K->41277K(2029056K), 0.0113162 secs] [Times: user=0.13 sys=0.00, real=0.01 secs] 
2020-09-29T18:13:52.563+0200: 36.446: [GC (Allocation Failure) 2020-09-29T18:13:52.564+0200: 36.446: [ParNew: 577416K->34402K(613440K), 0.0177282 secs] 586621K->43608K(2029056K), 0.0177974 secs] [Times: user=0.11 sys=0.00, real=0.02 secs] 
2020-09-29T18:13:52.630+0200: 36.512: [GC (Allocation Failure) 2020-09-29T18:13:52.630+0200: 36.512: [ParNew: 579746K->68096K(613440K), 0.0257495 secs] 588952K->77301K(2029056K), 0.0258082 secs] [Times: user=0.13 sys=0.00, real=0.03 secs] 
2020-09-29T18:13:52.703+0200: 36.585: [GC (Allocation Failure) 2020-09-29T18:13:52.703+0200: 36.585: [ParNew: 613440K->47238K(613440K), 0.0141980 secs] 622645K->56443K(2029056K), 0.0142544 secs] [Times: user=0.13 sys=0.00, real=0.01 secs] 
2020-09-29T18:13:52.764+0200: 36.647: [GC (Allocation Failure) 2020-09-29T18:13:52.764+0200: 36.647: [ParNew: 592582K->47349K(613440K), 0.0191055 secs] 601787K->56554K(2029056K), 0.0191764 secs] [Times: user=0.13 sys=0.00, real=0.02 secs] 
2020-09-29T18:13:52.831+0200: 36.713: [GC (Allocation Failure) 2020-09-29T18:13:52.831+0200: 36.713: [ParNew: 592693K->42145K(613440K), 0.0173017 secs] 601898K->51350K(2029056K), 0.0173686 secs] [Times: user=0.13 sys=0.00, real=0.02 secs] 
2020-09-29T18:13:52.896+0200: 36.778: [GC (Allocation Failure) 2020-09-29T18:13:52.896+0200: 36.778: [ParNew: 587235K->34158K(613440K), 0.0110529 secs] 596440K->43363K(2029056K), 0.0111082 secs] [Times: user=0.00 sys=0.00, real=0.01 secs] 
2020-09-29T18:13:52.956+0200: 36.838: [GC (Allocation Failure) 2020-09-29T18:13:52.956+0200: 36.838: [ParNew: 579502K->50936K(613440K), 0.0210234 secs] 588707K->60141K(2029056K), 0.0211074 secs] [Times: user=0.25 sys=0.00, real=0.02 secs] 
2020-09-29T18:13:53.025+0200: 36.908: [GC (Allocation Failure) 2020-09-29T18:13:53.025+0200: 36.908: [ParNew: 596280K->42362K(613440K), 0.0155358 secs] 605485K->51568K(2029056K), 0.0155901 secs] [Times: user=0.13 sys=0.00, real=0.02 secs] 
2020-09-29T18:13:53.096+0200: 36.978: [GC (Allocation Failure) 2020-09-29T18:13:53.096+0200: 36.978: [ParNew: 587706K->57842K(613440K), 0.0202063 secs] 596912K->67047K(2029056K), 0.0202808 secs] [Times: user=0.25 sys=0.00, real=0.02 secs] 
2020-09-29T18:13:53.163+0200: 37.046: [GC (Allocation Failure) 2020-09-29T18:13:53.163+0200: 37.046: [ParNew: 603186K->68096K(613440K), 0.0246065 secs] 612391K->77641K(2029056K), 0.0246752 secs] [Times: user=0.13 sys=0.00, real=0.02 secs] 
2020-09-29T18:13:53.238+0200: 37.121: [GC (Allocation Failure) 2020-09-29T18:13:53.238+0200: 37.121: [ParNew: 613440K->46844K(613440K), 0.0159145 secs] 622985K->56390K(2029056K), 0.0159766 secs] [Times: user=0.13 sys=0.00, real=0.02 secs] 
2020-09-29T18:13:53.309+0200: 37.191: [GC (Allocation Failure) 2020-09-29T18:13:53.309+0200: 37.192: [ParNew: 592188K->64437K(613440K), 0.0260838 secs] 601734K->73983K(2029056K), 0.0261869 secs] [Times: user=0.23 sys=0.00, real=0.03 secs] 
2020-09-29T18:13:53.386+0200: 37.268: [GC (Allocation Failure) 2020-09-29T18:13:53.386+0200: 37.268: [ParNew: 609781K->68096K(613440K), 0.0222844 secs] 619327K->77887K(2029056K), 0.0223372 secs] [Times: user=0.13 sys=0.00, real=0.02 secs] 
2020-09-29T18:13:53.455+0200: 37.338: [GC (Allocation Failure) 2020-09-29T18:13:53.455+0200: 37.338: [ParNew: 613440K->47031K(613440K), 0.0160064 secs] 623231K->56823K(2029056K), 0.0160694 secs] [Times: user=0.13 sys=0.00, real=0.02 secs] 
2020-09-29T18:13:53.522+0200: 37.405: [GC (Allocation Failure) 2020-09-29T18:13:53.522+0200: 37.405: [ParNew: 592375K->41547K(613440K), 0.0143740 secs] 602167K->51339K(2029056K), 0.0144285 secs] [Times: user=0.13 sys=0.00, real=0.01 secs] 
2020-09-29T18:13:53.585+0200: 37.467: [GC (Allocation Failure) 2020-09-29T18:13:53.585+0200: 37.467: [ParNew: 586891K->33461K(613440K), 0.0161421 secs] 596683K->43253K(2029056K), 0.0161978 secs] [Times: user=0.11 sys=0.00, real=0.02 secs] 
2020-09-29T18:13:53.650+0200: 37.533: [GC (Allocation Failure) 2020-09-29T18:13:53.650+0200: 37.533: [ParNew: 578805K->51844K(613440K), 0.0208877 secs] 588597K->61636K(2029056K), 0.0209417 secs] [Times: user=0.11 sys=0.00, real=0.02 secs] 
2020-09-29T18:13:53.720+0200: 37.603: [GC (Allocation Failure) 2020-09-29T18:13:53.720+0200: 37.603: [ParNew: 597188K->38638K(613440K), 0.0131400 secs] 606980K->48430K(2029056K), 0.0131926 secs] [Times: user=0.13 sys=0.00, real=0.01 secs] 
2020-09-29T18:13:53.789+0200: 37.672: [GC (Allocation Failure) 2020-09-29T18:13:53.789+0200: 37.672: [ParNew: 583982K->32853K(613440K), 0.0134378 secs] 593774K->42645K(2029056K), 0.0134942 secs] [Times: user=0.13 sys=0.00, real=0.01 secs] 
2020-09-29T18:13:53.852+0200: 37.735: [GC (Allocation Failure) 2020-09-29T18:13:53.852+0200: 37.735: [ParNew: 578197K->38069K(613440K), 0.0178402 secs] 587989K->47860K(2029056K), 0.0178961 secs] [Times: user=0.13 sys=0.00, real=0.02 secs] 
2020-09-29T18:13:53.917+0200: 37.800: [GC (Allocation Failure) 2020-09-29T18:13:53.917+0200: 37.800: [ParNew: 583413K->36225K(613440K), 0.0169824 secs] 593204K->46017K(2029056K), 0.0170449 secs] [Times: user=0.13 sys=0.00, real=0.02 secs] 
2020-09-29T18:13:53.982+0200: 37.865: [GC (Allocation Failure) 2020-09-29T18:13:53.982+0200: 37.865: [ParNew: 581569K->60615K(613440K), 0.0249953 secs] 591361K->70407K(2029056K), 0.0250565 secs] [Times: user=0.25 sys=0.00, real=0.02 secs] 
2020-09-29T18:13:54.054+0200: 37.937: [GC (Allocation Failure) 2020-09-29T18:13:54.054+0200: 37.937: [ParNew: 605959K->47991K(613440K), 0.0142293 secs] 615751K->57783K(2029056K), 0.0142847 secs] [Times: user=0.13 sys=0.00, real=0.01 secs] 
2020-09-29T18:13:54.120+0200: 38.003: [GC (Allocation Failure) 2020-09-29T18:13:54.120+0200: 38.003: [ParNew: 593335K->46780K(613440K), 0.0189047 secs] 603127K->56572K(2029056K), 0.0189645 secs] [Times: user=0.13 sys=0.00, real=0.02 secs] 
2020-09-29T18:13:54.185+0200: 38.068: [GC (Allocation Failure) 2020-09-29T18:13:54.185+0200: 38.068: [ParNew: 592124K->38320K(613440K), 0.0111117 secs] 601916K->48111K(2029056K), 0.0111662 secs] [Times: user=0.13 sys=0.00, real=0.01 secs] 
2020-09-29T18:13:54.246+0200: 38.129: [GC (Allocation Failure) 2020-09-29T18:13:54.246+0200: 38.129: [ParNew: 583664K->34218K(613440K), 0.0158948 secs] 593455K->44009K(2029056K), 0.0159506 secs] [Times: user=0.13 sys=0.00, real=0.02 secs] 
2020-09-29T18:13:54.314+0200: 38.196: [GC (Allocation Failure) 2020-09-29T18:13:54.314+0200: 38.196: [ParNew: 579562K->50081K(613440K), 0.0204354 secs] 589353K->59873K(2029056K), 0.0205059 secs] [Times: user=0.25 sys=0.00, real=0.02 secs] 
2020-09-29T18:13:54.381+0200: 38.264: [GC (Allocation Failure) 2020-09-29T18:13:54.381+0200: 38.264: [ParNew: 595425K->52326K(613440K), 0.0199678 secs] 605217K->62118K(2029056K), 0.0200271 secs] [Times: user=0.13 sys=0.00, real=0.02 secs] 
2020-09-29T18:13:54.448+0200: 38.330: [GC (Allocation Failure) 2020-09-29T18:13:54.448+0200: 38.330: [ParNew: 597670K->41704K(613440K), 0.0148254 secs] 607462K->51496K(2029056K), 0.0148890 secs] [Times: user=0.13 sys=0.00, real=0.02 secs] 
2020-09-29T18:13:54.512+0200: 38.395: [GC (Allocation Failure) 2020-09-29T18:13:54.512+0200: 38.395: [ParNew: 587048K->43445K(613440K), 0.0182200 secs] 596840K->53236K(2029056K), 0.0182750 secs] [Times: user=0.13 sys=0.00, real=0.02 secs] 
2020-09-29T18:13:54.579+0200: 38.462: [GC (Allocation Failure) 2020-09-29T18:13:54.579+0200: 38.462: [ParNew: 588789K->51332K(613440K), 0.0193974 secs] 598580K->61124K(2029056K), 0.0194540 secs] [Times: user=0.22 sys=0.00, real=0.02 secs] 
2020-09-29T18:13:54.648+0200: 38.531: [GC (Allocation Failure) 2020-09-29T18:13:54.648+0200: 38.531: [ParNew: 596676K->36930K(613440K), 0.0111669 secs] 606468K->46721K(2029056K), 0.0112222 secs] [Times: user=0.00 sys=0.00, real=0.01 secs] 
2020-09-29T18:13:54.710+0200: 38.593: [GC (Allocation Failure) 2020-09-29T18:13:54.710+0200: 38.593: [ParNew: 582274K->49118K(613440K), 0.0211556 secs] 592065K->58910K(2029056K), 0.0212249 secs] [Times: user=0.13 sys=0.00, real=0.02 secs] 
2020-09-29T18:13:54.779+0200: 38.662: [GC (Allocation Failure) 2020-09-29T18:13:54.779+0200: 38.662: [ParNew: 594462K->32323K(613440K), 0.0099380 secs] 604254K->42114K(2029056K), 0.0100073 secs] [Times: user=0.13 sys=0.00, real=0.01 secs] 
2020-09-29T18:13:54.841+0200: 38.723: [GC (Allocation Failure) 2020-09-29T18:13:54.841+0200: 38.723: [ParNew: 577667K->30557K(613440K), 0.0138953 secs] 587458K->40349K(2029056K), 0.0139677 secs] [Times: user=0.13 sys=0.00, real=0.01 secs] 
2020-09-29T18:13:54.902+0200: 38.785: [GC (Allocation Failure) 2020-09-29T18:13:54.902+0200: 38.785: [ParNew: 575901K->44009K(613440K), 0.0163024 secs] 585693K->53801K(2029056K), 0.0163686 secs] [Times: user=0.13 sys=0.00, real=0.02 secs] 
2020-09-29T18:13:54.971+0200: 38.854: [GC (Allocation Failure) 2020-09-29T18:13:54.971+0200: 38.854: [ParNew: 589353K->31641K(613440K), 0.0165345 secs] 599145K->41433K(2029056K), 0.0235393 secs] [Times: user=0.13 sys=0.00, real=0.02 secs] 
2020-09-29T18:13:55.041+0200: 38.924: [GC (Allocation Failure) 2020-09-29T18:13:55.041+0200: 38.924: [ParNew: 576985K->58017K(613440K), 0.0199762 secs] 586777K->67809K(2029056K), 0.0200311 secs] [Times: user=0.13 sys=0.00, real=0.02 secs] 
2020-09-29T18:13:55.109+0200: 38.992: [GC (Allocation Failure) 2020-09-29T18:13:55.109+0200: 38.992: [ParNew: 603361K->68096K(613440K), 0.0255591 secs] 613153K->79709K(2029056K), 0.0256204 secs] [Times: user=0.25 sys=0.00, real=0.03 secs] 
2020-09-29T18:13:55.182+0200: 39.065: [GC (Allocation Failure) 2020-09-29T18:13:55.182+0200: 39.065: [ParNew: 613440K->49419K(613440K), 0.0190143 secs] 625053K->61032K(2029056K), 0.0190769 secs] [Times: user=0.13 sys=0.00, real=0.02 secs] 
2020-09-29T18:13:55.249+0200: 39.132: [GC (Allocation Failure) 2020-09-29T18:13:55.249+0200: 39.132: [ParNew: 594763K->45237K(613440K), 0.0165024 secs] 606376K->56850K(2029056K), 0.0165718 secs] [Times: user=0.13 sys=0.00, real=0.02 secs] 
2020-09-29T18:13:55.316+0200: 39.199: [GC (Allocation Failure) 2020-09-29T18:13:55.316+0200: 39.199: [ParNew: 590581K->42542K(613440K), 0.0160464 secs] 602194K->54155K(2029056K), 0.0161011 secs] [Times: user=0.13 sys=0.00, real=0.02 secs] 
2020-09-29T18:13:55.381+0200: 39.264: [GC (Allocation Failure) 2020-09-29T18:13:55.381+0200: 39.264: [ParNew: 587886K->59417K(613440K), 0.0198798 secs] 599499K->71030K(2029056K), 0.0199412 secs] [Times: user=0.13 sys=0.00, real=0.02 secs] 
2020-09-29T18:13:55.448+0200: 39.331: [GC (Allocation Failure) 2020-09-29T18:13:55.448+0200: 39.331: [ParNew: 604761K->39657K(613440K), 0.0131319 secs] 616374K->51270K(2029056K), 0.0131871 secs] [Times: user=0.13 sys=0.00, real=0.01 secs] 
2020-09-29T18:13:55.515+0200: 39.398: [GC (Allocation Failure) 2020-09-29T18:13:55.515+0200: 39.398: [ParNew: 585001K->53249K(613440K), 0.0186426 secs] 596614K->64862K(2029056K), 0.0186971 secs] [Times: user=0.13 sys=0.00, real=0.02 secs] 
2020-09-29T18:13:55.581+0200: 39.464: [GC (Allocation Failure) 2020-09-29T18:13:55.581+0200: 39.464: [ParNew: 598593K->68096K(613440K), 0.0226212 secs] 610206K->79709K(2029056K), 0.0226848 secs] [Times: user=0.25 sys=0.00, real=0.02 secs] 
2020-09-29T18:13:55.655+0200: 39.538: [GC (Allocation Failure) 2020-09-29T18:13:55.655+0200: 39.538: [ParNew: 613440K->55627K(613440K), 0.0164338 secs] 625053K->67240K(2029056K), 0.0165041 secs] [Times: user=0.13 sys=0.00, real=0.02 secs] 
2020-09-29T18:13:55.719+0200: 39.602: [GC (Allocation Failure) 2020-09-29T18:13:55.719+0200: 39.602: [ParNew: 600971K->50827K(613440K), 0.0204962 secs] 612584K->62440K(2029056K), 0.0205845 secs] [Times: user=0.25 sys=0.00, real=0.02 secs] 
2020-09-29T18:13:55.786+0200: 39.669: [GC (Allocation Failure) 2020-09-29T18:13:55.786+0200: 39.669: [ParNew: 596171K->66277K(613440K), 0.0201587 secs] 607784K->77890K(2029056K), 0.0202219 secs] [Times: user=0.13 sys=0.00, real=0.02 secs] 
2020-09-29T18:13:55.853+0200: 39.736: [GC (Allocation Failure) 2020-09-29T18:13:55.853+0200: 39.736: [ParNew: 611621K->29563K(613440K), 0.0128558 secs] 623234K->41176K(2029056K), 0.0129156 secs] [Times: user=0.13 sys=0.00, real=0.01 secs] 
2020-09-29T18:13:55.916+0200: 39.799: [GC (Allocation Failure) 2020-09-29T18:13:55.916+0200: 39.799: [ParNew: 574907K->63749K(613440K), 0.0223428 secs] 586520K->75362K(2029056K), 0.0224085 secs] [Times: user=0.13 sys=0.00, real=0.02 secs] 
2020-09-29T18:13:55.987+0200: 39.870: [GC (Allocation Failure) 2020-09-29T18:13:55.987+0200: 39.870: [ParNew: 609093K->46021K(613440K), 0.0105017 secs] 620706K->57634K(2029056K), 0.0105589 secs] [Times: user=0.13 sys=0.00, real=0.01 secs] 
2020-09-29T18:13:56.052+0200: 39.934: [GC (Allocation Failure) 2020-09-29T18:13:56.052+0200: 39.934: [ParNew: 591365K->36999K(613440K), 0.0175060 secs] 602978K->48612K(2029056K), 0.0175635 secs] [Times: user=0.13 sys=0.00, real=0.02 secs] 
2020-09-29T18:13:56.116+0200: 39.999: [GC (Allocation Failure) 2020-09-29T18:13:56.116+0200: 39.999: [ParNew: 582343K->54277K(613440K), 0.0209770 secs] 593956K->65891K(2029056K), 0.0210342 secs] [Times: user=0.13 sys=0.00, real=0.02 secs] 
2020-09-29T18:13:56.186+0200: 40.069: [GC (Allocation Failure) 2020-09-29T18:13:56.186+0200: 40.069: [ParNew: 599621K->45361K(613440K), 0.0148283 secs] 611235K->56974K(2029056K), 0.0148853 secs] [Times: user=0.13 sys=0.00, real=0.01 secs] 
2020-09-29T18:13:56.247+0200: 40.130: [GC (Allocation Failure) 2020-09-29T18:13:56.247+0200: 40.130: [ParNew: 590705K->42427K(613440K), 0.0189819 secs] 602318K->54040K(2029056K), 0.0190526 secs] [Times: user=0.13 sys=0.00, real=0.02 secs] 
2020-09-29T18:13:56.314+0200: 40.197: [GC (Allocation Failure) 2020-09-29T18:13:56.314+0200: 40.197: [ParNew: 587771K->36665K(613440K), 0.0124218 secs] 599384K->48278K(2029056K), 0.0124778 secs] [Times: user=0.13 sys=0.00, real=0.01 secs] 
2020-09-29T18:13:56.377+0200: 40.260: [GC (Allocation Failure) 2020-09-29T18:13:56.377+0200: 40.260: [ParNew: 582009K->50402K(613440K), 0.0217306 secs] 593622K->62016K(2029056K), 0.0217991 secs] [Times: user=0.25 sys=0.00, real=0.02 secs] 
2020-09-29T18:13:56.445+0200: 40.328: [GC (Allocation Failure) 2020-09-29T18:13:56.445+0200: 40.328: [ParNew: 594183K->7875K(613440K), 0.0015730 secs] 605796K->19488K(2029056K), 0.0016264 secs] [Times: user=0.00 sys=0.00, real=0.00 secs] 
2020-09-29T18:13:56.504+0200: 40.387: [GC (Allocation Failure) 2020-09-29T18:13:56.504+0200: 40.387: [ParNew: 553219K->29469K(613440K), 0.0130818 secs] 564832K->41082K(2029056K), 0.0131815 secs] [Times: user=0.00 sys=0.00, real=0.01 secs] 
2020-09-29T18:13:56.564+0200: 40.447: [GC (Allocation Failure) 2020-09-29T18:13:56.564+0200: 40.447: [ParNew: 574813K->37764K(613440K), 0.0170250 secs] 586426K->49377K(2029056K), 0.0171309 secs] [Times: user=0.13 sys=0.00, real=0.02 secs] 
2020-09-29T18:13:56.630+0200: 40.513: [GC (Allocation Failure) 2020-09-29T18:13:56.630+0200: 40.513: [ParNew: 583108K->57645K(613440K), 0.0217461 secs] 594721K->69258K(2029056K), 0.0218256 secs] [Times: user=0.13 sys=0.00, real=0.02 secs] 
2020-09-29T18:13:56.700+0200: 40.583: [GC (Allocation Failure) 2020-09-29T18:13:56.700+0200: 40.583: [ParNew: 602989K->41188K(613440K), 0.0111389 secs] 614602K->52801K(2029056K), 0.0111973 secs] [Times: user=0.13 sys=0.00, real=0.01 secs] 
2020-09-29T18:13:56.762+0200: 40.645: [GC (Allocation Failure) 2020-09-29T18:13:56.762+0200: 40.645: [ParNew: 586532K->33481K(613440K), 0.0147563 secs] 598145K->45094K(2029056K), 0.0148268 secs] [Times: user=0.13 sys=0.00, real=0.01 secs] 
2020-09-29T18:13:56.825+0200: 40.708: [GC (Allocation Failure) 2020-09-29T18:13:56.825+0200: 40.708: [ParNew: 578825K->44411K(613440K), 0.0202089 secs] 590438K->56025K(2029056K), 0.0202690 secs] [Times: user=0.11 sys=0.00, real=0.02 secs] 
2020-09-29T18:13:56.895+0200: 40.778: [GC (Allocation Failure) 2020-09-29T18:13:56.895+0200: 40.778: [ParNew: 589755K->43402K(613440K), 0.0123540 secs] 601369K->55015K(2029056K), 0.0124970 secs] [Times: user=0.00 sys=0.00, real=0.01 secs] 
2020-09-29T18:13:56.956+0200: 40.839: [GC (Allocation Failure) 2020-09-29T18:13:56.956+0200: 40.839: [ParNew: 588746K->22307K(613440K), 0.0118790 secs] 600359K->33920K(2029056K), 0.0119375 secs] [Times: user=0.13 sys=0.00, real=0.01 secs] 
2020-09-29T18:13:57.021+0200: 40.904: [GC (Allocation Failure) 2020-09-29T18:13:57.021+0200: 40.904: [ParNew: 567651K->35357K(613440K), 0.0161997 secs] 579264K->46970K(2029056K), 0.0162535 secs] [Times: user=0.13 sys=0.00, real=0.02 secs] 
2020-09-29T18:13:57.091+0200: 40.974: [GC (Allocation Failure) 2020-09-29T18:13:57.091+0200: 40.974: [ParNew: 580701K->34030K(613440K), 0.0159223 secs] 592314K->45644K(2029056K), 0.0159768 secs] [Times: user=0.13 sys=0.00, real=0.02 secs] 
2020-09-29T18:13:57.154+0200: 41.037: [GC (Allocation Failure) 2020-09-29T18:13:57.154+0200: 41.037: [ParNew: 579374K->35205K(613440K), 0.0145305 secs] 590988K->46818K(2029056K), 0.0145878 secs] [Times: user=0.13 sys=0.00, real=0.01 secs] 
2020-09-29T18:13:57.215+0200: 41.098: [GC (Allocation Failure) 2020-09-29T18:13:57.215+0200: 41.098: [ParNew: 580549K->33440K(613440K), 0.0127928 secs] 592162K->45053K(2029056K), 0.0128535 secs] [Times: user=0.13 sys=0.00, real=0.01 secs] 
2020-09-29T18:13:57.275+0200: 41.158: [GC (Allocation Failure) 2020-09-29T18:13:57.275+0200: 41.158: [ParNew: 578784K->50568K(613440K), 0.0229599 secs] 590397K->62181K(2029056K), 0.0230170 secs] [Times: user=0.13 sys=0.00, real=0.02 secs] 
2020-09-29T18:13:57.344+0200: 41.227: [GC (Allocation Failure) 2020-09-29T18:13:57.344+0200: 41.227: [ParNew: 595912K->50445K(613440K), 0.0152446 secs] 607525K->62058K(2029056K), 0.0153011 secs] [Times: user=0.13 sys=0.00, real=0.02 secs] 
2020-09-29T18:13:57.412+0200: 41.295: [GC (Allocation Failure) 2020-09-29T18:13:57.412+0200: 41.295: [ParNew: 595789K->31546K(613440K), 0.0104447 secs] 607402K->43160K(2029056K), 0.0105019 secs] [Times: user=0.00 sys=0.00, real=0.01 secs] 
2020-09-29T18:13:57.469+0200: 41.352: [GC (Allocation Failure) 2020-09-29T18:13:57.469+0200: 41.352: [ParNew: 576890K->48489K(613440K), 0.0199785 secs] 588504K->60102K(2029056K), 0.0200405 secs] [Times: user=0.25 sys=0.00, real=0.02 secs] 
2020-09-29T18:13:57.538+0200: 41.421: [GC (Allocation Failure) 2020-09-29T18:13:57.538+0200: 41.421: [ParNew: 593833K->63262K(613440K), 0.0190271 secs] 605446K->74875K(2029056K), 0.0190800 secs] [Times: user=0.13 sys=0.00, real=0.02 secs] 
2020-09-29T18:13:57.606+0200: 41.489: [GC (Allocation Failure) 2020-09-29T18:13:57.606+0200: 41.489: [ParNew: 608606K->46484K(613440K), 0.0198974 secs] 620219K->58097K(2029056K), 0.0199564 secs] [Times: user=0.13 sys=0.00, real=0.02 secs] 
2020-09-29T18:13:57.676+0200: 41.559: [GC (Allocation Failure) 2020-09-29T18:13:57.676+0200: 41.559: [ParNew: 591828K->60770K(613440K), 0.0183438 secs] 603441K->72383K(2029056K), 0.0184196 secs] [Times: user=0.13 sys=0.00, real=0.02 secs] 
2020-09-29T18:13:57.743+0200: 41.626: [GC (Allocation Failure) 2020-09-29T18:13:57.743+0200: 41.626: [ParNew: 606114K->53217K(613440K), 0.0217510 secs] 617727K->64830K(2029056K), 0.0218130 secs] [Times: user=0.13 sys=0.00, real=0.02 secs] 
2020-09-29T18:13:57.814+0200: 41.697: [GC (Allocation Failure) 2020-09-29T18:13:57.814+0200: 41.697: [ParNew: 598561K->48958K(613440K), 0.0151876 secs] 610174K->60571K(2029056K), 0.0152969 secs] [Times: user=0.13 sys=0.00, real=0.02 secs] 
2020-09-29T18:13:57.877+0200: 41.760: [GC (Allocation Failure) 2020-09-29T18:13:57.877+0200: 41.760: [ParNew: 594302K->47066K(613440K), 0.0197108 secs] 605915K->58679K(2029056K), 0.0197669 secs] [Times: user=0.25 sys=0.00, real=0.02 secs] 
2020-09-29T18:13:57.944+0200: 41.827: [GC (Allocation Failure) 2020-09-29T18:13:57.944+0200: 41.827: [ParNew: 592410K->39074K(613440K), 0.0136221 secs] 604023K->50688K(2029056K), 0.0136844 secs] [Times: user=0.13 sys=0.00, real=0.01 secs] 
2020-09-29T18:13:58.005+0200: 41.888: [GC (Allocation Failure) 2020-09-29T18:13:58.005+0200: 41.888: [ParNew: 584418K->38893K(613440K), 0.0174497 secs] 596032K->50506K(2029056K), 0.0175079 secs] [Times: user=0.13 sys=0.00, real=0.02 secs] 
2020-09-29T18:13:58.076+0200: 41.960: [GC (Allocation Failure) 2020-09-29T18:13:58.076+0200: 41.960: [ParNew: 584237K->41450K(613440K), 0.0170772 secs] 595850K->53064K(2029056K), 0.0171308 secs] [Times: user=0.11 sys=0.00, real=0.02 secs] 
2020-09-29T18:13:58.147+0200: 42.030: [GC (Allocation Failure) 2020-09-29T18:13:58.147+0200: 42.030: [ParNew: 586794K->38467K(613440K), 0.0156669 secs] 598408K->50080K(2029056K), 0.0157248 secs] [Times: user=0.13 sys=0.00, real=0.02 secs] 
2020-09-29T18:13:58.212+0200: 42.095: [GC (Allocation Failure) 2020-09-29T18:13:58.212+0200: 42.095: [ParNew: 583811K->58859K(613440K), 0.0199513 secs] 595424K->70472K(2029056K), 0.0200119 secs] [Times: user=0.13 sys=0.00, real=0.02 secs] 
2020-09-29T18:13:58.283+0200: 42.166: [GC (Allocation Failure) 2020-09-29T18:13:58.283+0200: 42.166: [ParNew: 604203K->40461K(613440K), 0.0137351 secs] 615816K->52074K(2029056K), 0.0138034 secs] [Times: user=0.13 sys=0.00, real=0.01 secs] 
2020-09-29T18:13:58.345+0200: 42.228: [GC (Allocation Failure) 2020-09-29T18:13:58.345+0200: 42.228: [ParNew: 585805K->39964K(613440K), 0.0186341 secs] 597418K->51577K(2029056K), 0.0187000 secs] [Times: user=0.25 sys=0.00, real=0.02 secs] 
2020-09-29T18:13:58.411+0200: 42.294: [GC (Allocation Failure) 2020-09-29T18:13:58.411+0200: 42.294: [ParNew: 585308K->58380K(613440K), 0.0171304 secs] 596921K->69993K(2029056K), 0.0171850 secs] [Times: user=0.13 sys=0.00, real=0.02 secs] 
2020-09-29T18:13:58.476+0200: 42.359: [GC (Allocation Failure) 2020-09-29T18:13:58.476+0200: 42.359: [ParNew: 603724K->44629K(613440K), 0.0170988 secs] 615337K->56242K(2029056K), 0.0171543 secs] [Times: user=0.13 sys=0.00, real=0.02 secs] 
2020-09-29T18:13:58.541+0200: 42.424: [GC (Allocation Failure) 2020-09-29T18:13:58.541+0200: 42.424: [ParNew: 589973K->65263K(613440K), 0.0218280 secs] 601586K->76876K(2029056K), 0.0218994 secs] [Times: user=0.13 sys=0.00, real=0.02 secs] 
2020-09-29T18:13:58.612+0200: 42.495: [GC (Allocation Failure) 2020-09-29T18:13:58.612+0200: 42.495: [ParNew: 610607K->68096K(613440K), 0.0228833 secs] 622220K->79709K(2029056K), 0.0229514 secs] [Times: user=0.22 sys=0.00, real=0.02 secs] 
2020-09-29T18:13:58.681+0200: 42.565: [GC (Allocation Failure) 2020-09-29T18:13:58.681+0200: 42.565: [ParNew: 613440K->50606K(613440K), 0.0193238 secs] 625053K->62219K(2029056K), 0.0193801 secs] [Times: user=0.13 sys=0.00, real=0.02 secs] 
2020-09-29T18:13:58.748+0200: 42.631: [GC (Allocation Failure) 2020-09-29T18:13:58.748+0200: 42.631: [ParNew: 595950K->41328K(613440K), 0.0138295 secs] 607563K->52941K(2029056K), 0.0138848 secs] [Times: user=0.13 sys=0.00, real=0.01 secs] 
2020-09-29T18:13:58.815+0200: 42.698: [GC (Allocation Failure) 2020-09-29T18:13:58.815+0200: 42.698: [ParNew: 586672K->57544K(613440K), 0.0232954 secs] 598285K->69157K(2029056K), 0.0233716 secs] [Times: user=0.22 sys=0.00, real=0.02 secs] 
2020-09-29T18:13:58.890+0200: 42.773: [GC (Allocation Failure) 2020-09-29T18:13:58.890+0200: 42.773: [ParNew: 602888K->43173K(613440K), 0.0198315 secs] 614501K->54787K(2029056K), 0.0198906 secs] [Times: user=0.13 sys=0.00, real=0.02 secs] 
2020-09-29T18:13:58.958+0200: 42.841: [GC (Allocation Failure) 2020-09-29T18:13:58.958+0200: 42.841: [ParNew: 588517K->45121K(613440K), 0.0167703 secs] 600131K->56734K(2029056K), 0.0168516 secs] [Times: user=0.13 sys=0.00, real=0.02 secs] 
2020-09-29T18:13:59.025+0200: 42.908: [GC (Allocation Failure) 2020-09-29T18:13:59.025+0200: 42.908: [ParNew: 590465K->41577K(613440K), 0.0152509 secs] 602078K->53190K(2029056K), 0.0153232 secs] [Times: user=0.13 sys=0.00, real=0.02 secs] 
2020-09-29T18:13:59.094+0200: 42.977: [GC (Allocation Failure) 2020-09-29T18:13:59.094+0200: 42.978: [ParNew: 586921K->61250K(613440K), 0.0220611 secs] 598534K->72863K(2029056K), 0.0221264 secs] [Times: user=0.24 sys=0.00, real=0.02 secs] 
2020-09-29T18:13:59.163+0200: 43.047: [GC (Allocation Failure) 2020-09-29T18:13:59.163+0200: 43.047: [ParNew: 606594K->50367K(613440K), 0.0190853 secs] 618207K->61980K(2029056K), 0.0191404 secs] [Times: user=0.13 sys=0.00, real=0.02 secs] 
2020-09-29T18:13:59.233+0200: 43.116: [GC (Allocation Failure) 2020-09-29T18:13:59.233+0200: 43.116: [ParNew: 595711K->42697K(613440K), 0.0138801 secs] 607324K->54310K(2029056K), 0.0139352 secs] [Times: user=0.13 sys=0.00, real=0.01 secs] 
2020-09-29T18:13:59.303+0200: 43.186: [GC (Allocation Failure) 2020-09-29T18:13:59.303+0200: 43.186: [ParNew: 588041K->44408K(613440K), 0.0186102 secs] 599654K->56021K(2029056K), 0.0187008 secs] [Times: user=0.13 sys=0.00, real=0.02 secs] 
2020-09-29T18:13:59.375+0200: 43.258: [GC (Allocation Failure) 2020-09-29T18:13:59.375+0200: 43.258: [ParNew: 589752K->61263K(613440K), 0.0181841 secs] 601365K->72876K(2029056K), 0.0182527 secs] [Times: user=0.13 sys=0.00, real=0.02 secs] 
2020-09-29T18:13:59.444+0200: 43.327: [GC (Allocation Failure) 2020-09-29T18:13:59.444+0200: 43.327: [ParNew: 606607K->28385K(613440K), 0.0112920 secs] 618220K->39998K(2029056K), 0.0113479 secs] [Times: user=0.00 sys=0.00, real=0.01 secs] 
2020-09-29T18:13:59.510+0200: 43.393: [GC (Allocation Failure) 2020-09-29T18:13:59.510+0200: 43.393: [ParNew: 573729K->42463K(613440K), 0.0178268 secs] 585342K->54076K(2029056K), 0.0179024 secs] [Times: user=0.13 sys=0.00, real=0.02 secs] 
2020-09-29T18:13:59.576+0200: 43.459: [GC (Allocation Failure) 2020-09-29T18:13:59.576+0200: 43.460: [ParNew: 587807K->46266K(613440K), 0.0179798 secs] 599420K->57880K(2029056K), 0.0180409 secs] [Times: user=0.11 sys=0.00, real=0.02 secs] 
2020-09-29T18:13:59.643+0200: 43.526: [GC (Allocation Failure) 2020-09-29T18:13:59.643+0200: 43.526: [ParNew: 591610K->63615K(613440K), 0.0209914 secs] 603224K->75228K(2029056K), 0.0210717 secs] [Times: user=0.22 sys=0.00, real=0.02 secs] 
2020-09-29T18:13:59.712+0200: 43.595: [GC (Allocation Failure) 2020-09-29T18:13:59.712+0200: 43.595: [ParNew: 608959K->53339K(613440K), 0.0202832 secs] 620572K->64952K(2029056K), 0.0203483 secs] [Times: user=0.13 sys=0.00, real=0.02 secs] 
2020-09-29T18:13:59.781+0200: 43.664: [GC (Allocation Failure) 2020-09-29T18:13:59.781+0200: 43.664: [ParNew: 598683K->44136K(613440K), 0.0160509 secs] 610296K->55749K(2029056K), 0.0161084 secs] [Times: user=0.13 sys=0.00, real=0.02 secs] 
2020-09-29T18:13:59.845+0200: 43.728: [GC (Allocation Failure) 2020-09-29T18:13:59.845+0200: 43.729: [ParNew: 589480K->42936K(613440K), 0.0185577 secs] 601093K->54550K(2029056K), 0.0186208 secs] [Times: user=0.25 sys=0.00, real=0.02 secs] 
2020-09-29T18:13:59.911+0200: 43.794: [GC (Allocation Failure) 2020-09-29T18:13:59.911+0200: 43.794: [ParNew: 588280K->46087K(613440K), 0.0178468 secs] 599894K->57701K(2029056K), 0.0179236 secs] [Times: user=0.13 sys=0.00, real=0.02 secs] 
2020-09-29T18:13:59.976+0200: 43.859: [GC (Allocation Failure) 2020-09-29T18:13:59.976+0200: 43.859: [ParNew: 591431K->44655K(613440K), 0.0160229 secs] 603045K->56268K(2029056K), 0.0160869 secs] [Times: user=0.13 sys=0.00, real=0.02 secs] 
2020-09-29T18:14:00.040+0200: 43.924: [GC (Allocation Failure) 2020-09-29T18:14:00.040+0200: 43.924: [ParNew: 589999K->66168K(613440K), 0.0208729 secs] 601612K->77782K(2029056K), 0.0209358 secs] [Times: user=0.13 sys=0.00, real=0.02 secs] 
2020-09-29T18:14:00.110+0200: 43.993: [GC (Allocation Failure) 2020-09-29T18:14:00.110+0200: 43.993: [ParNew: 611512K->47938K(613440K), 0.0143113 secs] 623126K->59551K(2029056K), 0.0143743 secs] [Times: user=0.13 sys=0.00, real=0.01 secs] 
2020-09-29T18:14:00.176+0200: 44.059: [GC (Allocation Failure) 2020-09-29T18:14:00.176+0200: 44.059: [ParNew: 593282K->62391K(613440K), 0.0248289 secs] 604895K->74004K(2029056K), 0.0248983 secs] [Times: user=0.13 sys=0.00, real=0.02 secs] 
2020-09-29T18:14:00.248+0200: 44.131: [GC (Allocation Failure) 2020-09-29T18:14:00.248+0200: 44.131: [ParNew: 607735K->46214K(613440K), 0.0137825 secs] 619348K->57827K(2029056K), 0.0138449 secs] [Times: user=0.13 sys=0.00, real=0.01 secs] 
2020-09-29T18:14:00.309+0200: 44.192: [GC (Allocation Failure) 2020-09-29T18:14:00.309+0200: 44.192: [ParNew: 591558K->43354K(613440K), 0.0182720 secs] 603171K->54967K(2029056K), 0.0183296 secs] [Times: user=0.13 sys=0.00, real=0.02 secs] 
2020-09-29T18:14:00.375+0200: 44.258: [GC (Allocation Failure) 2020-09-29T18:14:00.375+0200: 44.258: [ParNew: 588698K->31081K(613440K), 0.0108782 secs] 600311K->42695K(2029056K), 0.0109472 secs] [Times: user=0.13 sys=0.00, real=0.01 secs] 
2020-09-29T18:14:00.435+0200: 44.318: [GC (Allocation Failure) 2020-09-29T18:14:00.435+0200: 44.318: [ParNew: 576425K->36474K(613440K), 0.0152889 secs] 588039K->48087K(2029056K), 0.0153409 secs] [Times: user=0.13 sys=0.00, real=0.02 secs] 
2020-09-29T18:14:00.498+0200: 44.381: [GC (Allocation Failure) 2020-09-29T18:14:00.498+0200: 44.381: [ParNew: 581818K->42919K(613440K), 0.0146005 secs] 593431K->54532K(2029056K), 0.0146559 secs] [Times: user=0.13 sys=0.00, real=0.02 secs] 
2020-09-29T18:14:00.565+0200: 44.448: [GC (Allocation Failure) 2020-09-29T18:14:00.565+0200: 44.448: [ParNew: 588263K->29738K(613440K), 0.0160464 secs] 599876K->41351K(2029056K), 0.0161087 secs] [Times: user=0.11 sys=0.00, real=0.02 secs] 
2020-09-29T18:14:00.634+0200: 44.517: [GC (Allocation Failure) 2020-09-29T18:14:00.634+0200: 44.517: [ParNew: 575082K->24840K(613440K), 0.0120532 secs] 586695K->36454K(2029056K), 0.0121091 secs] [Times: user=0.13 sys=0.00, real=0.01 secs] 
2020-09-29T18:14:00.700+0200: 44.583: [GC (Allocation Failure) 2020-09-29T18:14:00.700+0200: 44.583: [ParNew: 570184K->25629K(613440K), 0.0132238 secs] 581798K->37242K(2029056K), 0.0132778 secs] [Times: user=0.13 sys=0.00, real=0.01 secs] 
2020-09-29T18:14:00.760+0200: 44.643: [GC (Allocation Failure) 2020-09-29T18:14:00.760+0200: 44.643: [ParNew: 570973K->47568K(613440K), 0.0160144 secs] 582586K->59181K(2029056K), 0.0160876 secs] [Times: user=0.13 sys=0.00, real=0.02 secs] 
2020-09-29T18:14:00.829+0200: 44.712: [GC (Allocation Failure) 2020-09-29T18:14:00.829+0200: 44.712: [ParNew: 592912K->59041K(613440K), 0.0207621 secs] 604525K->70654K(2029056K), 0.0208617 secs] [Times: user=0.25 sys=0.00, real=0.02 secs] 
2020-09-29T18:14:00.900+0200: 44.782: [GC (Allocation Failure) 2020-09-29T18:14:00.900+0200: 44.782: [ParNew: 604385K->44528K(613440K), 0.0161877 secs] 615998K->56141K(2029056K), 0.0162467 secs] [Times: user=0.13 sys=0.00, real=0.02 secs] 
2020-09-29T18:14:00.968+0200: 44.850: [GC (Allocation Failure) 2020-09-29T18:14:00.968+0200: 44.850: [ParNew: 589872K->43758K(613440K), 0.0242817 secs] 601485K->55371K(2029056K), 0.0243560 secs] [Times: user=0.22 sys=0.00, real=0.02 secs] 
2020-09-29T18:14:01.043+0200: 44.925: [GC (Allocation Failure) 2020-09-29T18:14:01.043+0200: 44.925: [ParNew: 589102K->41115K(613440K), 0.0242584 secs] 600715K->52728K(2029056K), 0.0243375 secs] [Times: user=0.13 sys=0.00, real=0.02 secs] 
2020-09-29T18:14:01.117+0200: 44.999: [GC (Allocation Failure) 2020-09-29T18:14:01.117+0200: 44.999: [ParNew: 586459K->40057K(613440K), 0.0229690 secs] 598072K->51670K(2029056K), 0.0230380 secs] [Times: user=0.13 sys=0.00, real=0.02 secs] 
2020-09-29T18:14:01.196+0200: 45.078: [GC (Allocation Failure) 2020-09-29T18:14:01.196+0200: 45.078: [ParNew: 585401K->36543K(613440K), 0.0144217 secs] 597014K->48156K(2029056K), 0.0144929 secs] [Times: user=0.13 sys=0.00, real=0.01 secs] 
2020-09-29T18:14:01.269+0200: 45.151: [GC (Allocation Failure) 2020-09-29T18:14:01.269+0200: 45.151: [ParNew: 581887K->51133K(613440K), 0.0299606 secs] 593500K->62746K(2029056K), 0.0300389 secs] [Times: user=0.25 sys=0.00, real=0.03 secs] 
2020-09-29T18:14:01.346+0200: 45.229: [GC (Allocation Failure) 2020-09-29T18:14:01.346+0200: 45.229: [ParNew: 596477K->64622K(613440K), 0.0281988 secs] 608090K->76235K(2029056K), 0.0282738 secs] [Times: user=0.25 sys=0.00, real=0.03 secs] 
2020-09-29T18:14:01.422+0200: 45.304: [GC (Allocation Failure) 2020-09-29T18:14:01.422+0200: 45.304: [ParNew: 609966K->39451K(613440K), 0.0114535 secs] 621579K->51064K(2029056K), 0.0115315 secs] [Times: user=0.13 sys=0.00, real=0.01 secs] 
2020-09-29T18:14:01.489+0200: 45.371: [GC (Allocation Failure) 2020-09-29T18:14:01.489+0200: 45.371: [ParNew: 584795K->43678K(613440K), 0.0259111 secs] 596408K->55291K(2029056K), 0.0259909 secs] [Times: user=0.13 sys=0.00, real=0.03 secs] 
2020-09-29T18:14:01.563+0200: 45.445: [GC (Allocation Failure) 2020-09-29T18:14:01.563+0200: 45.445: [ParNew: 589022K->55012K(613440K), 0.0244437 secs] 600635K->66625K(2029056K), 0.0245408 secs] [Times: user=0.25 sys=0.00, real=0.02 secs] 
2020-09-29T18:14:01.639+0200: 45.521: [GC (Allocation Failure) 2020-09-29T18:14:01.639+0200: 45.521: [ParNew: 600356K->55047K(613440K), 0.0308890 secs] 611969K->66660K(2029056K), 0.0309631 secs] [Times: user=0.22 sys=0.00, real=0.03 secs] 
2020-09-29T18:14:01.723+0200: 45.606: [GC (Allocation Failure) 2020-09-29T18:14:01.723+0200: 45.606: [ParNew: 600391K->46251K(613440K), 0.0207494 secs] 612004K->57864K(2029056K), 0.0208195 secs] [Times: user=0.25 sys=0.00, real=0.02 secs] 
2020-09-29T18:14:01.803+0200: 45.685: [GC (Allocation Failure) 2020-09-29T18:14:01.803+0200: 45.685: [ParNew: 591595K->35469K(613440K), 0.0194059 secs] 603208K->47082K(2029056K), 0.0276841 secs] [Times: user=0.13 sys=0.00, real=0.03 secs] 
2020-09-29T18:14:01.888+0200: 45.770: [GC (Allocation Failure) 2020-09-29T18:14:01.888+0200: 45.770: [ParNew: 580813K->57802K(613440K), 0.0258141 secs] 592426K->69415K(2029056K), 0.0258847 secs] [Times: user=0.25 sys=0.00, real=0.03 secs] 
2020-09-29T18:14:01.965+0200: 45.847: [GC (Allocation Failure) 2020-09-29T18:14:01.965+0200: 45.847: [ParNew: 603146K->43094K(613440K), 0.0255878 secs] 614759K->54707K(2029056K), 0.0256570 secs] [Times: user=0.25 sys=0.00, real=0.03 secs] 
2020-09-29T18:14:02.044+0200: 45.926: [GC (Allocation Failure) 2020-09-29T18:14:02.044+0200: 45.926: [ParNew: 588438K->68096K(613440K), 0.0314164 secs] 600051K->79709K(2029056K), 0.0314894 secs] [Times: user=0.25 sys=0.00, real=0.03 secs] 
2020-09-29T18:14:02.124+0200: 46.006: [GC (Allocation Failure) 2020-09-29T18:14:02.124+0200: 46.006: [ParNew: 613440K->55567K(613440K), 0.0229584 secs] 625053K->67180K(2029056K), 0.0230545 secs] [Times: user=0.25 sys=0.00, real=0.02 secs] 
2020-09-29T18:14:02.194+0200: 46.077: [GC (Allocation Failure) 2020-09-29T18:14:02.194+0200: 46.077: [ParNew: 600911K->48590K(613440K), 0.0224461 secs] 612524K->60203K(2029056K), 0.0225246 secs] [Times: user=0.13 sys=0.00, real=0.02 secs] 
2020-09-29T18:14:02.278+0200: 46.160: [GC (Allocation Failure) 2020-09-29T18:14:02.278+0200: 46.160: [ParNew: 593934K->38057K(613440K), 0.0213054 secs] 605547K->49670K(2029056K), 0.0213742 secs] [Times: user=0.13 sys=0.00, real=0.02 secs] 
2020-09-29T18:14:02.348+0200: 46.231: [GC (Allocation Failure) 2020-09-29T18:14:02.349+0200: 46.231: [ParNew: 583401K->44314K(613440K), 0.0211036 secs] 595014K->55927K(2029056K), 0.0211870 secs] [Times: user=0.14 sys=0.00, real=0.02 secs] 
2020-09-29T18:14:02.423+0200: 46.306: [GC (Allocation Failure) 2020-09-29T18:14:02.423+0200: 46.306: [ParNew: 589658K->55852K(613440K), 0.0338516 secs] 601271K->67465K(2029056K), 0.0339193 secs] [Times: user=0.22 sys=0.00, real=0.03 secs] 
2020-09-29T18:14:02.505+0200: 46.387: [GC (Allocation Failure) 2020-09-29T18:14:02.505+0200: 46.387: [ParNew: 601196K->51698K(613440K), 0.0248900 secs] 612809K->63312K(2029056K), 0.0249602 secs] [Times: user=0.13 sys=0.00, real=0.02 secs] 
2020-09-29T18:14:02.580+0200: 46.463: [GC (Allocation Failure) 2020-09-29T18:14:02.580+0200: 46.463: [ParNew: 597042K->40861K(613440K), 0.0267453 secs] 608656K->52474K(2029056K), 0.0268246 secs] [Times: user=0.24 sys=0.00, real=0.03 secs] 
2020-09-29T18:14:02.658+0200: 46.540: [GC (Allocation Failure) 2020-09-29T18:14:02.658+0200: 46.540: [ParNew: 586205K->68036K(613440K), 0.0305181 secs] 597818K->79649K(2029056K), 0.0305987 secs] [Times: user=0.25 sys=0.00, real=0.03 secs] 
2020-09-29T18:14:02.741+0200: 46.623: [GC (Allocation Failure) 2020-09-29T18:14:02.741+0200: 46.623: [ParNew: 613380K->49147K(613440K), 0.0232475 secs] 624993K->60760K(2029056K), 0.0233155 secs] [Times: user=0.13 sys=0.00, real=0.02 secs] 
2020-09-29T18:14:02.817+0200: 46.699: [GC (Allocation Failure) 2020-09-29T18:14:02.817+0200: 46.699: [ParNew: 594491K->43467K(613440K), 0.0205778 secs] 606104K->55080K(2029056K), 0.0206563 secs] [Times: user=0.25 sys=0.00, real=0.02 secs] 
2020-09-29T18:14:02.887+0200: 46.769: [GC (Allocation Failure) 2020-09-29T18:14:02.887+0200: 46.770: [ParNew: 588811K->36742K(613440K), 0.0193880 secs] 600424K->48355K(2029056K), 0.0194581 secs] [Times: user=0.13 sys=0.00, real=0.02 secs] 
2020-09-29T18:14:02.964+0200: 46.846: [GC (Allocation Failure) 2020-09-29T18:14:02.964+0200: 46.846: [ParNew: 582086K->32567K(613440K), 0.0180837 secs] 593699K->44180K(2029056K), 0.0181543 secs] [Times: user=0.13 sys=0.00, real=0.02 secs] 
2020-09-29T18:14:03.030+0200: 46.913: [GC (Allocation Failure) 2020-09-29T18:14:03.030+0200: 46.913: [ParNew: 577911K->50616K(613440K), 0.0247385 secs] 589524K->62229K(2029056K), 0.0248057 secs] [Times: user=0.25 sys=0.00, real=0.03 secs] 
2020-09-29T18:14:03.112+0200: 46.994: [GC (Allocation Failure) 2020-09-29T18:14:03.112+0200: 46.994: [ParNew: 595960K->41483K(613440K), 0.0246572 secs] 607573K->53096K(2029056K), 0.0247260 secs] [Times: user=0.25 sys=0.00, real=0.03 secs] 
2020-09-29T18:14:03.187+0200: 47.070: [GC (Allocation Failure) 2020-09-29T18:14:03.191+0200: 47.073: [ParNew: 586827K->41356K(613440K), 0.0306404 secs] 598440K->52970K(2029056K), 0.0338674 secs] [Times: user=0.25 sys=0.00, real=0.03 secs] 
2020-09-29T18:14:03.272+0200: 47.154: [GC (Allocation Failure) 2020-09-29T18:14:03.272+0200: 47.154: [ParNew: 586700K->38065K(613440K), 0.0231688 secs] 598314K->49678K(2029056K), 0.0232503 secs] [Times: user=0.13 sys=0.00, real=0.02 secs] 
2020-09-29T18:14:03.344+0200: 47.227: [GC (Allocation Failure) 2020-09-29T18:14:03.344+0200: 47.227: [ParNew: 583409K->35976K(613440K), 0.0228077 secs] 595022K->47590K(2029056K), 0.0228751 secs] [Times: user=0.25 sys=0.00, real=0.02 secs] 
2020-09-29T18:14:03.426+0200: 47.308: [GC (Allocation Failure) 2020-09-29T18:14:03.426+0200: 47.308: [ParNew: 581320K->61800K(613440K), 0.0290211 secs] 592934K->73413K(2029056K), 0.0290889 secs] [Times: user=0.25 sys=0.00, real=0.03 secs] 
2020-09-29T18:14:03.509+0200: 47.391: [GC (Allocation Failure) 2020-09-29T18:14:03.509+0200: 47.391: [ParNew: 607144K->58507K(613440K), 0.0278241 secs] 618757K->70120K(2029056K), 0.0279310 secs] [Times: user=0.25 sys=0.00, real=0.03 secs] 
2020-09-29T18:14:03.592+0200: 47.475: [GC (Allocation Failure) 2020-09-29T18:14:03.592+0200: 47.475: [ParNew: 603851K->47999K(613440K), 0.0266255 secs] 615464K->59612K(2029056K), 0.0267008 secs] [Times: user=0.25 sys=0.00, real=0.03 secs] 
2020-09-29T18:14:03.676+0200: 47.558: [GC (Allocation Failure) 2020-09-29T18:14:03.676+0200: 47.558: [ParNew: 593343K->48338K(613440K), 0.0255222 secs] 604956K->59951K(2029056K), 0.0255959 secs] [Times: user=0.22 sys=0.00, real=0.02 secs] 
2020-09-29T18:14:03.753+0200: 47.635: [GC (Allocation Failure) 2020-09-29T18:14:03.753+0200: 47.635: [ParNew: 593682K->46978K(613440K), 0.0245180 secs] 605295K->58591K(2029056K), 0.0246099 secs] [Times: user=0.25 sys=0.00, real=0.02 secs] 
2020-09-29T18:14:03.827+0200: 47.710: [GC (Allocation Failure) 2020-09-29T18:14:03.827+0200: 47.710: [ParNew: 592322K->68096K(613440K), 0.0312099 secs] 603935K->79709K(2029056K), 0.0312853 secs] [Times: user=0.25 sys=0.00, real=0.03 secs] 
2020-09-29T18:14:03.907+0200: 47.790: [GC (Allocation Failure) 2020-09-29T18:14:03.907+0200: 47.790: [ParNew: 613440K->53039K(613440K), 0.0229332 secs] 625053K->64652K(2029056K), 0.0230211 secs] [Times: user=0.25 sys=0.00, real=0.02 secs] 
2020-09-29T18:14:03.985+0200: 47.868: [GC (Allocation Failure) 2020-09-29T18:14:03.985+0200: 47.868: [ParNew: 598383K->47371K(613440K), 0.0295424 secs] 609996K->58985K(2029056K), 0.0296126 secs] [Times: user=0.25 sys=0.00, real=0.03 secs] 
2020-09-29T18:14:04.062+0200: 47.945: [GC (Allocation Failure) 2020-09-29T18:14:04.062+0200: 47.945: [ParNew: 592715K->44962K(613440K), 0.0206418 secs] 604329K->56575K(2029056K), 0.0207107 secs] [Times: user=0.25 sys=0.00, real=0.02 secs] 
2020-09-29T18:14:04.140+0200: 48.023: [GC (Allocation Failure) 2020-09-29T18:14:04.140+0200: 48.023: [ParNew: 590306K->43068K(613440K), 0.0277727 secs] 601919K->54681K(2029056K), 0.0278416 secs] [Times: user=0.25 sys=0.00, real=0.03 secs] 
2020-09-29T18:14:04.216+0200: 48.098: [GC (Allocation Failure) 2020-09-29T18:14:04.216+0200: 48.098: [ParNew: 588412K->67601K(613440K), 0.0263315 secs] 600025K->79214K(2029056K), 0.0263983 secs] [Times: user=0.25 sys=0.00, real=0.03 secs] 
2020-09-29T18:14:04.306+0200: 48.188: [GC (Allocation Failure) 2020-09-29T18:14:04.306+0200: 48.188: [ParNew: 612945K->27582K(613440K), 0.0180117 secs] 624558K->39195K(2029056K), 0.0180831 secs] [Times: user=0.13 sys=0.00, real=0.02 secs] 
2020-09-29T18:14:04.378+0200: 48.260: [GC (Allocation Failure) 2020-09-29T18:14:04.378+0200: 48.260: [ParNew: 572926K->44618K(613440K), 0.0244911 secs] 584539K->56231K(2029056K), 0.0245583 secs] [Times: user=0.25 sys=0.00, real=0.02 secs] 
2020-09-29T18:14:04.456+0200: 48.339: [GC (Allocation Failure) 2020-09-29T18:14:04.456+0200: 48.339: [ParNew: 589962K->55614K(613440K), 0.0221651 secs] 601575K->67227K(2029056K), 0.0222342 secs] [Times: user=0.25 sys=0.00, real=0.02 secs] 
2020-09-29T18:14:04.532+0200: 48.414: [GC (Allocation Failure) 2020-09-29T18:14:04.532+0200: 48.414: [ParNew: 600958K->38981K(613440K), 0.0240082 secs] 612571K->50594K(2029056K), 0.0310642 secs] [Times: user=0.25 sys=0.00, real=0.03 secs] 
2020-09-29T18:14:04.617+0200: 48.499: [GC (Allocation Failure) 2020-09-29T18:14:04.617+0200: 48.499: [ParNew: 584325K->32769K(613440K), 0.0207653 secs] 595938K->44383K(2029056K), 0.0208391 secs] [Times: user=0.13 sys=0.00, real=0.02 secs] 
2020-09-29T18:14:04.689+0200: 48.572: [GC (Allocation Failure) 2020-09-29T18:14:04.689+0200: 48.572: [ParNew: 578113K->55072K(613440K), 0.0267145 secs] 589727K->66685K(2029056K), 0.0267913 secs] [Times: user=0.25 sys=0.00, real=0.03 secs] 
2020-09-29T18:14:04.763+0200: 48.646: [GC (Allocation Failure) 2020-09-29T18:14:04.763+0200: 48.646: [ParNew: 600416K->42964K(613440K), 0.0248511 secs] 612029K->54577K(2029056K), 0.0249264 secs] [Times: user=0.25 sys=0.00, real=0.03 secs] 
2020-09-29T18:14:04.838+0200: 48.720: [GC (Allocation Failure) 2020-09-29T18:14:04.838+0200: 48.720: [ParNew: 588308K->64602K(613440K), 0.0343421 secs] 599921K->76216K(2029056K), 0.0344097 secs] [Times: user=0.22 sys=0.00, real=0.03 secs] 
2020-09-29T18:14:04.920+0200: 48.803: [GC (Allocation Failure) 2020-09-29T18:14:04.920+0200: 48.803: [ParNew: 609946K->51840K(613440K), 0.0234489 secs] 621560K->63454K(2029056K), 0.0235161 secs] [Times: user=0.25 sys=0.00, real=0.02 secs] 
2020-09-29T18:14:05.003+0200: 48.886: [GC (Allocation Failure) 2020-09-29T18:14:05.003+0200: 48.886: [ParNew: 597184K->65691K(613440K), 0.0296390 secs] 608798K->77304K(2029056K), 0.0297091 secs] [Times: user=0.25 sys=0.00, real=0.03 secs] 
2020-09-29T18:14:05.083+0200: 48.965: [GC (Allocation Failure) 2020-09-29T18:14:05.083+0200: 48.965: [ParNew: 611035K->48807K(613440K), 0.0219141 secs] 622648K->60420K(2029056K), 0.0219845 secs] [Times: user=0.13 sys=0.00, real=0.02 secs] 
2020-09-29T18:14:05.156+0200: 49.038: [GC (Allocation Failure) 2020-09-29T18:14:05.156+0200: 49.038: [ParNew: 594151K->25114K(613440K), 0.0119781 secs] 605764K->36727K(2029056K), 0.0120531 secs] [Times: user=0.13 sys=0.00, real=0.01 secs] 
2020-09-29T18:14:05.247+0200: 49.130: [GC (Allocation Failure) 2020-09-29T18:14:05.247+0200: 49.130: [ParNew: 570458K->41276K(613440K), 0.0271252 secs] 582071K->52890K(2029056K), 0.0272105 secs] [Times: user=0.25 sys=0.00, real=0.03 secs] 
2020-09-29T18:14:05.323+0200: 49.205: [GC (Allocation Failure) 2020-09-29T18:14:05.323+0200: 49.205: [ParNew: 586620K->34808K(613440K), 0.0178553 secs] 598234K->46421K(2029056K), 0.0179248 secs] [Times: user=0.13 sys=0.00, real=0.02 secs] 
2020-09-29T18:14:05.394+0200: 49.277: [GC (Allocation Failure) 2020-09-29T18:14:05.394+0200: 49.277: [ParNew: 580152K->49492K(613440K), 0.0238922 secs] 591765K->61106K(2029056K), 0.0239603 secs] [Times: user=0.25 sys=0.00, real=0.02 secs] 
2020-09-29T18:14:05.468+0200: 49.350: [GC (Allocation Failure) 2020-09-29T18:14:05.468+0200: 49.350: [ParNew: 594836K->37787K(613440K), 0.0235616 secs] 606450K->49400K(2029056K), 0.0236354 secs] [Times: user=0.25 sys=0.00, real=0.02 secs] 
2020-09-29T18:14:05.539+0200: 49.421: [GC (Allocation Failure) 2020-09-29T18:14:05.539+0200: 49.421: [ParNew: 583131K->58935K(613440K), 0.0294191 secs] 594744K->70549K(2029056K), 0.0295160 secs] [Times: user=0.25 sys=0.00, real=0.03 secs] 
2020-09-29T18:14:05.617+0200: 49.500: [GC (Allocation Failure) 2020-09-29T18:14:05.617+0200: 49.500: [ParNew: 604279K->49882K(613440K), 0.0199111 secs] 615893K->61495K(2029056K), 0.0199834 secs] [Times: user=0.13 sys=0.00, real=0.02 secs] 
2020-09-29T18:14:05.695+0200: 49.578: [GC (Allocation Failure) 2020-09-29T18:14:05.695+0200: 49.578: [ParNew: 595226K->38665K(613440K), 0.0187771 secs] 606839K->50278K(2029056K), 0.0188515 secs] [Times: user=0.13 sys=0.00, real=0.02 secs] 
2020-09-29T18:14:05.770+0200: 49.653: [GC (Allocation Failure) 2020-09-29T18:14:05.770+0200: 49.653: [ParNew: 584009K->27413K(613440K), 0.0184188 secs] 595622K->39026K(2029056K), 0.0185152 secs] [Times: user=0.13 sys=0.00, real=0.02 secs] 
2020-09-29T18:14:05.850+0200: 49.733: [GC (Allocation Failure) 2020-09-29T18:14:05.850+0200: 49.733: [ParNew: 572757K->47042K(613440K), 0.0247625 secs] 584370K->58655K(2029056K), 0.0248303 secs] [Times: user=0.13 sys=0.00, real=0.02 secs] 
2020-09-29T18:14:05.921+0200: 49.804: [GC (Allocation Failure) 2020-09-29T18:14:05.921+0200: 49.804: [ParNew: 592386K->64259K(613440K), 0.0297653 secs] 603999K->75872K(2029056K), 0.0299905 secs] [Times: user=0.25 sys=0.00, real=0.03 secs] 
2020-09-29T18:14:06.009+0200: 49.892: [GC (Allocation Failure) 2020-09-29T18:14:06.009+0200: 49.892: [ParNew: 609603K->50836K(613440K), 0.0290319 secs] 621216K->62450K(2029056K), 0.0291041 secs] [Times: user=0.25 sys=0.00, real=0.03 secs] 
2020-09-29T18:14:06.088+0200: 49.970: [GC (Allocation Failure) 2020-09-29T18:14:06.088+0200: 49.970: [ParNew: 596180K->44497K(613440K), 0.0238573 secs] 607794K->56110K(2029056K), 0.0239283 secs] [Times: user=0.13 sys=0.00, real=0.02 secs] 
2020-09-29T18:14:06.173+0200: 50.055: [GC (Allocation Failure) 2020-09-29T18:14:06.173+0200: 50.055: [ParNew: 589841K->60045K(613440K), 0.0313674 secs] 601454K->71658K(2029056K), 0.0314651 secs] [Times: user=0.23 sys=0.00, real=0.03 secs] 
2020-09-29T18:14:06.258+0200: 50.141: [GC (Allocation Failure) 2020-09-29T18:14:06.258+0200: 50.141: [ParNew: 605389K->59983K(613440K), 0.0314159 secs] 617002K->71596K(2029056K), 0.0315048 secs] [Times: user=0.22 sys=0.00, real=0.03 secs] 
2020-09-29T18:14:06.342+0200: 50.225: [GC (Allocation Failure) 2020-09-29T18:14:06.342+0200: 50.225: [ParNew: 605327K->43743K(613440K), 0.0293754 secs] 616940K->55357K(2029056K), 0.0294722 secs] [Times: user=0.25 sys=0.00, real=0.03 secs] 
2020-09-29T18:14:06.425+0200: 50.308: [GC (Allocation Failure) 2020-09-29T18:14:06.425+0200: 50.308: [ParNew: 589087K->44339K(613440K), 0.0280579 secs] 600701K->55952K(2029056K), 0.0281320 secs] [Times: user=0.25 sys=0.00, real=0.03 secs] 
2020-09-29T18:14:06.509+0200: 50.392: [GC (Allocation Failure) 2020-09-29T18:14:06.509+0200: 50.392: [ParNew: 589683K->41054K(613440K), 0.0264618 secs] 601296K->52668K(2029056K), 0.0265471 secs] [Times: user=0.23 sys=0.00, real=0.03 secs] 
2020-09-29T18:14:06.589+0200: 50.472: [GC (Allocation Failure) 2020-09-29T18:14:06.589+0200: 50.472: [ParNew: 586398K->36984K(613440K), 0.0261416 secs] 598012K->48597K(2029056K), 0.0262404 secs] [Times: user=0.25 sys=0.00, real=0.03 secs] 
2020-09-29T18:14:06.667+0200: 50.550: [GC (Allocation Failure) 2020-09-29T18:14:06.667+0200: 50.550: [ParNew: 582328K->33464K(613440K), 0.0251576 secs] 593941K->45077K(2029056K), 0.0252353 secs] [Times: user=0.25 sys=0.00, real=0.02 secs] 
2020-09-29T18:14:06.742+0200: 50.625: [GC (Allocation Failure) 2020-09-29T18:14:06.742+0200: 50.625: [ParNew: 578808K->37119K(613440K), 0.0224315 secs] 590421K->48733K(2029056K), 0.0225079 secs] [Times: user=0.13 sys=0.00, real=0.02 secs] 
2020-09-29T18:14:06.817+0200: 50.699: [GC (Allocation Failure) 2020-09-29T18:14:06.817+0200: 50.699: [ParNew: 582463K->27769K(613440K), 0.0228834 secs] 594077K->39383K(2029056K), 0.0229596 secs] [Times: user=0.13 sys=0.00, real=0.02 secs] 
2020-09-29T18:14:06.895+0200: 50.778: [GC (Allocation Failure) 2020-09-29T18:14:06.895+0200: 50.778: [ParNew: 573113K->27533K(613440K), 0.0191277 secs] 584727K->39146K(2029056K), 0.0192035 secs] [Times: user=0.13 sys=0.00, real=0.02 secs] 
2020-09-29T18:14:06.978+0200: 50.861: [GC (Allocation Failure) 2020-09-29T18:14:06.978+0200: 50.861: [ParNew: 572877K->49830K(613440K), 0.0338586 secs] 584490K->61443K(2029056K), 0.0339339 secs] [Times: user=0.25 sys=0.00, real=0.03 secs] 
2020-09-29T18:14:07.061+0200: 50.944: [GC (Allocation Failure) 2020-09-29T18:14:07.061+0200: 50.944: [ParNew: 595174K->68096K(613440K), 0.0322566 secs] 606787K->79742K(2029056K), 0.0323519 secs] [Times: user=0.25 sys=0.00, real=0.03 secs] 
2020-09-29T18:14:07.150+0200: 51.033: [GC (Allocation Failure) 2020-09-29T18:14:07.150+0200: 51.033: [ParNew: 613440K->50401K(613440K), 0.0311185 secs] 625086K->62047K(2029056K), 0.0312047 secs] [Times: user=0.25 sys=0.00, real=0.03 secs] 
2020-09-29T18:14:07.238+0200: 51.121: [GC (Allocation Failure) 2020-09-29T18:14:07.238+0200: 51.121: [ParNew: 595745K->48912K(613440K), 0.0301390 secs] 607391K->60559K(2029056K), 0.0302281 secs] [Times: user=0.25 sys=0.00, real=0.03 secs] 
2020-09-29T18:14:07.320+0200: 51.203: [GC (Allocation Failure) 2020-09-29T18:14:07.324+0200: 51.207: [ParNew: 594256K->40000K(613440K), 0.0201194 secs] 605903K->51646K(2029056K), 0.0242399 secs] [Times: user=0.13 sys=0.00, real=0.02 secs] 
2020-09-29T18:14:07.400+0200: 51.283: [GC (Allocation Failure) 2020-09-29T18:14:07.400+0200: 51.283: [ParNew: 585344K->41304K(613440K), 0.0284582 secs] 596990K->52951K(2029056K), 0.0285340 secs] [Times: user=0.25 sys=0.00, real=0.03 secs] 
2020-09-29T18:14:07.489+0200: 51.372: [GC (Allocation Failure) 2020-09-29T18:14:07.489+0200: 51.372: [ParNew: 586648K->39667K(613440K), 0.0271099 secs] 598295K->51314K(2029056K), 0.0271860 secs] [Times: user=0.13 sys=0.00, real=0.03 secs] 
2020-09-29T18:14:07.568+0200: 51.450: [GC (Allocation Failure) 2020-09-29T18:14:07.568+0200: 51.450: [ParNew: 585011K->38399K(613440K), 0.0248701 secs] 596658K->50045K(2029056K), 0.0249843 secs] [Times: user=0.13 sys=0.00, real=0.02 secs] 
2020-09-29T18:14:07.662+0200: 51.545: [GC (Allocation Failure) 2020-09-29T18:14:07.662+0200: 51.545: [ParNew: 583743K->59376K(613440K), 0.0320949 secs] 595389K->71022K(2029056K), 0.0321743 secs] [Times: user=0.25 sys=0.00, real=0.03 secs] 
2020-09-29T18:14:07.742+0200: 51.625: [GC (Allocation Failure) 2020-09-29T18:14:07.742+0200: 51.625: [ParNew: 604720K->62965K(613440K), 0.0312374 secs] 616366K->74612K(2029056K), 0.0313166 secs] [Times: user=0.25 sys=0.00, real=0.03 secs] 
2020-09-29T18:14:07.824+0200: 51.706: [GC (Allocation Failure) 2020-09-29T18:14:07.824+0200: 51.707: [ParNew: 608309K->44293K(613440K), 0.0303965 secs] 619956K->55939K(2029056K), 0.0304748 secs] [Times: user=0.25 sys=0.00, real=0.03 secs] 
2020-09-29T18:14:07.910+0200: 51.793: [GC (Allocation Failure) 2020-09-29T18:14:07.910+0200: 51.793: [ParNew: 589637K->68096K(613440K), 0.0377744 secs] 601283K->79742K(2029056K), 0.0378717 secs] [Times: user=0.36 sys=0.00, real=0.04 secs] 
2020-09-29T18:14:07.998+0200: 51.881: [GC (Allocation Failure) 2020-09-29T18:14:07.998+0200: 51.881: [ParNew: 613440K->53239K(613440K), 0.0275158 secs] 625086K->64886K(2029056K), 0.0276159 secs] [Times: user=0.25 sys=0.00, real=0.03 secs] 
2020-09-29T18:14:08.081+0200: 51.964: [GC (Allocation Failure) 2020-09-29T18:14:08.081+0200: 51.964: [ParNew: 598583K->47935K(613440K), 0.0241424 secs] 610230K->59582K(2029056K), 0.0242170 secs] [Times: user=0.25 sys=0.00, real=0.02 secs] 
2020-09-29T18:14:08.161+0200: 52.044: [GC (Allocation Failure) 2020-09-29T18:14:08.161+0200: 52.044: [ParNew: 593279K->61195K(613440K), 0.0322477 secs] 604926K->72841K(2029056K), 0.0323243 secs] [Times: user=0.25 sys=0.00, real=0.03 secs] 
2020-09-29T18:14:08.248+0200: 52.131: [GC (Allocation Failure) 2020-09-29T18:14:08.248+0200: 52.131: [ParNew: 606539K->46109K(613440K), 0.0224508 secs] 618185K->57756K(2029056K), 0.0225374 secs] [Times: user=0.25 sys=0.00, real=0.02 secs] 
2020-09-29T18:14:08.333+0200: 52.216: [GC (Allocation Failure) 2020-09-29T18:14:08.333+0200: 52.216: [ParNew: 591453K->43632K(613440K), 0.0285019 secs] 603100K->55278K(2029056K), 0.0285743 secs] [Times: user=0.13 sys=0.00, real=0.03 secs] 
2020-09-29T18:14:08.419+0200: 52.302: [GC (Allocation Failure) 2020-09-29T18:14:08.419+0200: 52.302: [ParNew: 588976K->65648K(613440K), 0.0355949 secs] 600622K->77295K(2029056K), 0.0356841 secs] [Times: user=0.25 sys=0.00, real=0.04 secs] 
2020-09-29T18:14:08.507+0200: 52.390: [GC (Allocation Failure) 2020-09-29T18:14:08.507+0200: 52.390: [ParNew: 610992K->48671K(613440K), 0.0161001 secs] 622639K->60318K(2029056K), 0.0161927 secs] [Times: user=0.13 sys=0.00, real=0.02 secs] 
2020-09-29T18:14:08.588+0200: 52.471: [GC (Allocation Failure) 2020-09-29T18:14:08.588+0200: 52.471: [ParNew: 594015K->41543K(613440K), 0.0272748 secs] 605662K->53189K(2029056K), 0.0273766 secs] [Times: user=0.22 sys=0.00, real=0.03 secs] 
2020-09-29T18:14:08.674+0200: 52.557: [GC (Allocation Failure) 2020-09-29T18:14:08.674+0200: 52.557: [ParNew: 586887K->48323K(613440K), 0.0260280 secs] 598533K->59969K(2029056K), 0.0261074 secs] [Times: user=0.25 sys=0.00, real=0.03 secs] 
2020-09-29T18:14:08.758+0200: 52.641: [GC (Allocation Failure) 2020-09-29T18:14:08.758+0200: 52.641: [ParNew: 593667K->60866K(613440K), 0.0324277 secs] 605313K->72512K(2029056K), 0.0325113 secs] [Times: user=0.25 sys=0.00, real=0.03 secs] 
2020-09-29T18:14:08.846+0200: 52.729: [GC (Allocation Failure) 2020-09-29T18:14:08.846+0200: 52.729: [ParNew: 606210K->47767K(613440K), 0.0309592 secs] 617856K->59413K(2029056K), 0.0310340 secs] [Times: user=0.25 sys=0.00, real=0.03 secs] 
2020-09-29T18:14:08.932+0200: 52.815: [GC (Allocation Failure) 2020-09-29T18:14:08.932+0200: 52.815: [ParNew: 593111K->39878K(613440K), 0.0110784 secs] 604757K->51525K(2029056K), 0.0111537 secs] [Times: user=0.13 sys=0.00, real=0.01 secs] 
2020-09-29T18:14:09.007+0200: 52.890: [GC (Allocation Failure) 2020-09-29T18:14:09.007+0200: 52.890: [ParNew: 585222K->36445K(613440K), 0.0289980 secs] 596869K->48091K(2029056K), 0.0290713 secs] [Times: user=0.14 sys=0.00, real=0.03 secs] 
2020-09-29T18:14:09.094+0200: 52.977: [GC (Allocation Failure) 2020-09-29T18:14:09.094+0200: 52.977: [ParNew: 581789K->33512K(613440K), 0.0246833 secs] 593435K->45158K(2029056K), 0.0247640 secs] [Times: user=0.25 sys=0.00, real=0.02 secs] 
2020-09-29T18:14:09.169+0200: 53.052: [GC (Allocation Failure) 2020-09-29T18:14:09.169+0200: 53.052: [ParNew: 578856K->56182K(613440K), 0.0309183 secs] 590502K->67828K(2029056K), 0.0309935 secs] [Times: user=0.25 sys=0.00, real=0.03 secs] 
2020-09-29T18:14:09.255+0200: 53.138: [GC (Allocation Failure) 2020-09-29T18:14:09.255+0200: 53.138: [ParNew: 601526K->45520K(613440K), 0.0279479 secs] 613172K->57166K(2029056K), 0.0280494 secs] [Times: user=0.13 sys=0.00, real=0.03 secs] 
2020-09-29T18:14:09.337+0200: 53.220: [GC (Allocation Failure) 2020-09-29T18:14:09.337+0200: 53.220: [ParNew: 590864K->44654K(613440K), 0.0268792 secs] 602510K->56301K(2029056K), 0.0269815 secs] [Times: user=0.25 sys=0.00, real=0.03 secs] 
2020-09-29T18:14:09.416+0200: 53.299: [GC (Allocation Failure) 2020-09-29T18:14:09.416+0200: 53.299: [ParNew: 589998K->33569K(613440K), 0.0179422 secs] 601645K->45215K(2029056K), 0.0180206 secs] [Times: user=0.13 sys=0.00, real=0.02 secs] 
2020-09-29T18:14:09.507+0200: 53.390: [GC (Allocation Failure) 2020-09-29T18:14:09.508+0200: 53.390: [ParNew: 578913K->46714K(613440K), 0.0338396 secs] 590559K->58360K(2029056K), 0.0339300 secs] [Times: user=0.25 sys=0.00, real=0.03 secs] 
2020-09-29T18:14:09.597+0200: 53.479: [GC (Allocation Failure) 2020-09-29T18:14:09.597+0200: 53.479: [ParNew: 592058K->62593K(613440K), 0.0328507 secs] 603704K->74240K(2029056K), 0.0329391 secs] [Times: user=0.33 sys=0.00, real=0.03 secs] 
2020-09-29T18:14:09.680+0200: 53.563: [GC (Allocation Failure) 2020-09-29T18:14:09.680+0200: 53.563: [ParNew: 607937K->47066K(613440K), 0.0304679 secs] 619584K->58713K(2029056K), 0.0305506 secs] [Times: user=0.25 sys=0.00, real=0.03 secs] 
2020-09-29T18:14:09.766+0200: 53.649: [GC (Allocation Failure) 2020-09-29T18:14:09.766+0200: 53.649: [ParNew: 592410K->47649K(613440K), 0.0294168 secs] 604057K->59296K(2029056K), 0.0295055 secs] [Times: user=0.23 sys=0.00, real=0.03 secs] 
2020-09-29T18:14:09.849+0200: 53.731: [GC (Allocation Failure) 2020-09-29T18:14:09.849+0200: 53.731: [ParNew: 592993K->41176K(613440K), 0.0189429 secs] 604640K->52822K(2029056K), 0.0190207 secs] [Times: user=0.13 sys=0.00, real=0.02 secs] 
2020-09-29T18:14:09.924+0200: 53.807: [GC (Allocation Failure) 2020-09-29T18:14:09.924+0200: 53.807: [ParNew: 586520K->38087K(613440K), 0.0273591 secs] 598166K->49734K(2029056K), 0.0274349 secs] [Times: user=0.25 sys=0.00, real=0.03 secs] 
2020-09-29T18:14:10.010+0200: 53.893: [GC (Allocation Failure) 2020-09-29T18:14:10.011+0200: 53.893: [ParNew: 583431K->56296K(613440K), 0.0342799 secs] 595078K->67942K(2029056K), 0.0343608 secs] [Times: user=0.25 sys=0.00, real=0.04 secs] 
2020-09-29T18:14:10.097+0200: 53.979: [GC (Allocation Failure) 2020-09-29T18:14:10.097+0200: 53.979: [ParNew: 601640K->48215K(613440K), 0.0253987 secs] 613286K->59862K(2029056K), 0.0254775 secs] [Times: user=0.25 sys=0.00, real=0.03 secs] 
2020-09-29T18:14:10.182+0200: 54.065: [GC (Allocation Failure) 2020-09-29T18:14:10.182+0200: 54.065: [ParNew: 593559K->39723K(613440K), 0.0231944 secs] 605206K->51370K(2029056K), 0.0232658 secs] [Times: user=0.13 sys=0.00, real=0.02 secs] 
2020-09-29T18:14:10.273+0200: 54.156: [GC (Allocation Failure) 2020-09-29T18:14:10.273+0200: 54.156: [ParNew: 585067K->54745K(613440K), 0.0313041 secs] 596714K->66391K(2029056K), 0.0313816 secs] [Times: user=0.25 sys=0.00, real=0.03 secs] 
2020-09-29T18:14:10.358+0200: 54.241: [GC (Allocation Failure) 2020-09-29T18:14:10.358+0200: 54.241: [ParNew: 600089K->39805K(613440K), 0.0200363 secs] 611735K->51452K(2029056K), 0.0201109 secs] [Times: user=0.13 sys=0.00, real=0.02 secs] 
2020-09-29T18:14:10.445+0200: 54.328: [GC (Allocation Failure) 2020-09-29T18:14:10.445+0200: 54.328: [ParNew: 585149K->40849K(613440K), 0.0292193 secs] 596796K->52495K(2029056K), 0.0292942 secs] [Times: user=0.25 sys=0.00, real=0.03 secs] 
2020-09-29T18:14:10.525+0200: 54.408: [GC (Allocation Failure) 2020-09-29T18:14:10.525+0200: 54.408: [ParNew: 586193K->42381K(613440K), 0.0259800 secs] 597839K->54027K(2029056K), 0.0260534 secs] [Times: user=0.14 sys=0.00, real=0.03 secs] 
2020-09-29T18:14:10.604+0200: 54.487: [GC (Allocation Failure) 2020-09-29T18:14:10.604+0200: 54.487: [ParNew: 587725K->35755K(613440K), 0.0268626 secs] 599371K->47401K(2029056K), 0.0269381 secs] [Times: user=0.24 sys=0.00, real=0.03 secs] 
2020-09-29T18:14:10.689+0200: 54.572: [GC (Allocation Failure) 2020-09-29T18:14:10.689+0200: 54.572: [ParNew: 581099K->61896K(613440K), 0.0404577 secs] 592745K->73542K(2029056K), 0.0405390 secs] [Times: user=0.38 sys=0.00, real=0.04 secs] 
2020-09-29T18:14:10.779+0200: 54.661: [GC (Allocation Failure) 2020-09-29T18:14:10.779+0200: 54.662: [ParNew: 607240K->50175K(613440K), 0.0225464 secs] 618886K->61822K(2029056K), 0.0226173 secs] [Times: user=0.13 sys=0.00, real=0.02 secs] 
2020-09-29T18:14:10.861+0200: 54.744: [GC (Allocation Failure) 2020-09-29T18:14:10.861+0200: 54.744: [ParNew: 595519K->29228K(613440K), 0.0224120 secs] 607166K->40875K(2029056K), 0.0225122 secs] [Times: user=0.25 sys=0.00, real=0.02 secs] 
2020-09-29T18:14:10.937+0200: 54.820: [GC (Allocation Failure) 2020-09-29T18:14:10.937+0200: 54.820: [ParNew: 574572K->48233K(613440K), 0.0285600 secs] 586219K->59879K(2029056K), 0.0286334 secs] [Times: user=0.25 sys=0.00, real=0.03 secs] 
2020-09-29T18:14:11.015+0200: 54.898: [GC (Allocation Failure) 2020-09-29T18:14:11.015+0200: 54.898: [ParNew: 593577K->62794K(613440K), 0.0346678 secs] 605223K->74440K(2029056K), 0.0347401 secs] [Times: user=0.25 sys=0.00, real=0.03 secs] 
2020-09-29T18:14:11.101+0200: 54.983: [GC (Allocation Failure) 2020-09-29T18:14:11.101+0200: 54.983: [ParNew: 608138K->52104K(613440K), 0.0151693 secs] 619784K->63751K(2029056K), 0.0152316 secs] [Times: user=0.13 sys=0.00, real=0.01 secs] 
2020-09-29T18:14:11.163+0200: 55.046: [GC (Allocation Failure) 2020-09-29T18:14:11.163+0200: 55.046: [ParNew: 597448K->45577K(613440K), 0.0152022 secs] 609095K->57224K(2029056K), 0.0152596 secs] [Times: user=0.13 sys=0.00, real=0.01 secs] 
2020-09-29T18:14:11.232+0200: 55.115: [GC (Allocation Failure) 2020-09-29T18:14:11.232+0200: 55.115: [ParNew: 590921K->48900K(613440K), 0.0199410 secs] 602568K->60546K(2029056K), 0.0199958 secs] [Times: user=0.13 sys=0.00, real=0.02 secs] 
2020-09-29T18:14:11.304+0200: 55.187: [GC (Allocation Failure) 2020-09-29T18:14:11.304+0200: 55.187: [ParNew: 594244K->62804K(613440K), 0.0197979 secs] 605890K->74451K(2029056K), 0.0198835 secs] [Times: user=0.13 sys=0.00, real=0.02 secs] 
2020-09-29T18:14:11.373+0200: 55.256: [GC (Allocation Failure) 2020-09-29T18:14:11.373+0200: 55.256: [ParNew: 608148K->48911K(613440K), 0.0180093 secs] 619795K->60557K(2029056K), 0.0180682 secs] [Times: user=0.13 sys=0.00, real=0.02 secs] 
2020-09-29T18:14:11.439+0200: 55.322: [GC (Allocation Failure) 2020-09-29T18:14:11.439+0200: 55.322: [ParNew: 594255K->40796K(613440K), 0.0178119 secs] 605901K->52443K(2029056K), 0.0178865 secs] [Times: user=0.11 sys=0.00, real=0.02 secs] 
2020-09-29T18:14:11.507+0200: 55.389: [GC (Allocation Failure) 2020-09-29T18:14:11.507+0200: 55.389: [ParNew: 586140K->42410K(613440K), 0.0169286 secs] 597787K->54057K(2029056K), 0.0169886 secs] [Times: user=0.13 sys=0.00, real=0.02 secs] 
2020-09-29T18:14:11.571+0200: 55.454: [GC (Allocation Failure) 2020-09-29T18:14:11.571+0200: 55.454: [ParNew: 587754K->35608K(613440K), 0.0197666 secs] 599401K->47254K(2029056K), 0.0198254 secs] [Times: user=0.11 sys=0.00, real=0.02 secs] 
2020-09-29T18:14:11.642+0200: 55.524: [GC (Allocation Failure) 2020-09-29T18:14:11.642+0200: 55.524: [ParNew: 580952K->60099K(613440K), 0.0229629 secs] 592598K->71745K(2029056K), 0.0230460 secs] [Times: user=0.25 sys=0.00, real=0.02 secs] 
2020-09-29T18:14:11.715+0200: 55.598: [GC (Allocation Failure) 2020-09-29T18:14:11.715+0200: 55.598: [ParNew: 605443K->51253K(613440K), 0.0228490 secs] 617089K->62899K(2029056K), 0.0229127 secs] [Times: user=0.13 sys=0.00, real=0.02 secs] 
2020-09-29T18:14:11.785+0200: 55.668: [GC (Allocation Failure) 2020-09-29T18:14:11.785+0200: 55.668: [ParNew: 596597K->50404K(613440K), 0.0195924 secs] 608243K->62051K(2029056K), 0.0196543 secs] [Times: user=0.22 sys=0.00, real=0.02 secs] 
2020-09-29T18:14:11.855+0200: 55.738: [GC (Allocation Failure) 2020-09-29T18:14:11.855+0200: 55.738: [ParNew: 595748K->37581K(613440K), 0.0098535 secs] 607395K->49227K(2029056K), 0.0099094 secs] [Times: user=0.13 sys=0.00, real=0.01 secs] 
2020-09-29T18:14:11.919+0200: 55.802: [GC (Allocation Failure) 2020-09-29T18:14:11.919+0200: 55.802: [ParNew: 582925K->31367K(613440K), 0.0131723 secs] 594571K->43014K(2029056K), 0.0132276 secs] [Times: user=0.13 sys=0.00, real=0.01 secs] 
2020-09-29T18:14:11.981+0200: 55.864: [GC (Allocation Failure) 2020-09-29T18:14:11.981+0200: 55.864: [ParNew: 576711K->57098K(613440K), 0.0231264 secs] 588358K->68744K(2029056K), 0.0231801 secs] [Times: user=0.13 sys=0.00, real=0.02 secs] 
2020-09-29T18:14:12.051+0200: 55.934: [GC (Allocation Failure) 2020-09-29T18:14:12.051+0200: 55.934: [ParNew: 602442K->47348K(613440K), 0.0172207 secs] 614088K->58994K(2029056K), 0.0173120 secs] [Times: user=0.25 sys=0.00, real=0.02 secs] 
2020-09-29T18:14:12.116+0200: 55.999: [GC (Allocation Failure) 2020-09-29T18:14:12.116+0200: 55.999: [ParNew: 592692K->39780K(613440K), 0.0160965 secs] 604338K->51427K(2029056K), 0.0161547 secs] [Times: user=0.13 sys=0.00, real=0.02 secs] 
2020-09-29T18:14:12.182+0200: 56.065: [GC (Allocation Failure) 2020-09-29T18:14:12.182+0200: 56.065: [ParNew: 585124K->38497K(613440K), 0.0154849 secs] 596771K->50144K(2029056K), 0.0155444 secs] [Times: user=0.13 sys=0.00, real=0.02 secs] 
2020-09-29T18:14:12.253+0200: 56.136: [GC (Allocation Failure) 2020-09-29T18:14:12.253+0200: 56.136: [ParNew: 583841K->34898K(613440K), 0.0145183 secs] 595488K->46545K(2029056K), 0.0145732 secs] [Times: user=0.11 sys=0.00, real=0.01 secs] 
2020-09-29T18:14:12.318+0200: 56.200: [GC (Allocation Failure) 2020-09-29T18:14:12.318+0200: 56.200: [ParNew: 580242K->31504K(613440K), 0.0144508 secs] 591889K->43150K(2029056K), 0.0145214 secs] [Times: user=0.00 sys=0.00, real=0.01 secs] 
2020-09-29T18:14:12.389+0200: 56.271: [GC (Allocation Failure) 2020-09-29T18:14:12.389+0200: 56.272: [ParNew: 576848K->50099K(613440K), 0.0185802 secs] 588494K->61746K(2029056K), 0.0186364 secs] [Times: user=0.13 sys=0.00, real=0.02 secs] 
2020-09-29T18:14:12.458+0200: 56.341: [GC (Allocation Failure) 2020-09-29T18:14:12.458+0200: 56.341: [ParNew: 595443K->36290K(613440K), 0.0139343 secs] 607090K->47937K(2029056K), 0.0139936 secs] [Times: user=0.00 sys=0.00, real=0.01 secs] 
2020-09-29T18:14:12.527+0200: 56.409: [GC (Allocation Failure) 2020-09-29T18:14:12.527+0200: 56.409: [ParNew: 581634K->21240K(613440K), 0.0101286 secs] 593281K->32886K(2029056K), 0.0101921 secs] [Times: user=0.13 sys=0.00, real=0.01 secs] 
2020-09-29T18:14:12.585+0200: 56.468: [GC (Allocation Failure) 2020-09-29T18:14:12.585+0200: 56.468: [ParNew: 566584K->16279K(613440K), 0.0076789 secs] 578230K->27926K(2029056K), 0.0077471 secs] [Times: user=0.00 sys=0.00, real=0.01 secs] 
2020-09-29T18:14:12.642+0200: 56.525: [GC (Allocation Failure) 2020-09-29T18:14:12.642+0200: 56.525: [ParNew: 561623K->39822K(613440K), 0.0228038 secs] 573270K->51469K(2029056K), 0.0228679 secs] [Times: user=0.22 sys=0.00, real=0.02 secs] 
2020-09-29T18:14:12.713+0200: 56.596: [GC (Allocation Failure) 2020-09-29T18:14:12.713+0200: 56.596: [ParNew: 585166K->31451K(613440K), 0.0116179 secs] 596813K->43097K(2029056K), 0.0116816 secs] [Times: user=0.13 sys=0.00, real=0.01 secs] 
2020-09-29T18:14:12.780+0200: 56.663: [GC (Allocation Failure) 2020-09-29T18:14:12.780+0200: 56.663: [ParNew: 576795K->57076K(613440K), 0.0220030 secs] 588441K->68723K(2029056K), 0.0220805 secs] [Times: user=0.25 sys=0.00, real=0.02 secs] 
2020-09-29T18:14:12.868+0200: 56.751: [GC (Allocation Failure) 2020-09-29T18:14:12.868+0200: 56.751: [ParNew: 602420K->38280K(613440K), 0.0102539 secs] 614067K->49927K(2029056K), 0.0103131 secs] [Times: user=0.00 sys=0.00, real=0.01 secs] 
2020-09-29T18:14:12.926+0200: 56.809: [GC (Allocation Failure) 2020-09-29T18:14:12.926+0200: 56.809: [ParNew: 583624K->35436K(613440K), 0.0153688 secs] 595271K->47082K(2029056K), 0.0154456 secs] [Times: user=0.11 sys=0.00, real=0.02 secs] 
2020-09-29T18:14:12.990+0200: 56.873: [GC (Allocation Failure) 2020-09-29T18:14:12.990+0200: 56.873: [ParNew: 580780K->49373K(613440K), 0.0200107 secs] 592426K->61019K(2029056K), 0.0200727 secs] [Times: user=0.13 sys=0.00, real=0.02 secs] 
2020-09-29T18:14:13.056+0200: 56.939: [GC (Allocation Failure) 2020-09-29T18:14:13.056+0200: 56.939: [ParNew: 594717K->37882K(613440K), 0.0138741 secs] 606363K->49529K(2029056K), 0.0139454 secs] [Times: user=0.13 sys=0.00, real=0.01 secs] 
2020-09-29T18:14:13.118+0200: 57.001: [GC (Allocation Failure) 2020-09-29T18:14:13.118+0200: 57.001: [ParNew: 583226K->39604K(613440K), 0.0182597 secs] 594873K->51251K(2029056K), 0.0183341 secs] [Times: user=0.13 sys=0.00, real=0.02 secs] 
2020-09-29T18:14:13.184+0200: 57.067: [GC (Allocation Failure) 2020-09-29T18:14:13.184+0200: 57.067: [ParNew: 584948K->54249K(613440K), 0.0175343 secs] 596595K->65895K(2029056K), 0.0176084 secs] [Times: user=0.13 sys=0.00, real=0.02 secs] 
2020-09-29T18:14:13.249+0200: 57.132: [GC (Allocation Failure) 2020-09-29T18:14:13.249+0200: 57.132: [ParNew: 599593K->41496K(613440K), 0.0168175 secs] 611239K->53142K(2029056K), 0.0168716 secs] [Times: user=0.13 sys=0.00, real=0.02 secs] 
2020-09-29T18:14:13.317+0200: 57.200: [GC (Allocation Failure) 2020-09-29T18:14:13.317+0200: 57.200: [ParNew: 586840K->37848K(613440K), 0.0163964 secs] 598486K->49494K(2029056K), 0.0164857 secs] [Times: user=0.13 sys=0.00, real=0.02 secs] 
2020-09-29T18:14:13.380+0200: 57.263: [GC (Allocation Failure) 2020-09-29T18:14:13.380+0200: 57.263: [ParNew: 583192K->58900K(613440K), 0.0202375 secs] 594838K->70546K(2029056K), 0.0203157 secs] [Times: user=0.13 sys=0.00, real=0.02 secs] 
2020-09-29T18:14:13.451+0200: 57.333: [GC (Allocation Failure) 2020-09-29T18:14:13.451+0200: 57.333: [ParNew: 604244K->46430K(613440K), 0.0190559 secs] 615890K->58076K(2029056K), 0.0191181 secs] [Times: user=0.13 sys=0.00, real=0.02 secs] 
2020-09-29T18:14:13.518+0200: 57.401: [GC (Allocation Failure) 2020-09-29T18:14:13.518+0200: 57.401: [ParNew: 591774K->44668K(613440K), 0.0187353 secs] 603420K->56314K(2029056K), 0.0187945 secs] [Times: user=0.25 sys=0.00, real=0.02 secs] 
2020-09-29T18:14:13.585+0200: 57.467: [GC (Allocation Failure) 2020-09-29T18:14:13.585+0200: 57.468: [ParNew: 590012K->39830K(613440K), 0.0107479 secs] 601658K->51477K(2029056K), 0.0108057 secs] [Times: user=0.00 sys=0.00, real=0.01 secs] 
2020-09-29T18:14:13.647+0200: 57.530: [GC (Allocation Failure) 2020-09-29T18:14:13.647+0200: 57.530: [ParNew: 585174K->18958K(613440K), 0.0109873 secs] 596821K->30604K(2029056K), 0.0110757 secs] [Times: user=0.00 sys=0.00, real=0.01 secs] 
2020-09-29T18:14:13.711+0200: 57.593: [GC (Allocation Failure) 2020-09-29T18:14:13.711+0200: 57.593: [ParNew: 564302K->14174K(613440K), 0.0091449 secs] 575948K->25820K(2029056K), 0.0092030 secs] [Times: user=0.00 sys=0.00, real=0.01 secs] 
2020-09-29T18:14:13.776+0200: 57.659: [GC (Allocation Failure) 2020-09-29T18:14:13.776+0200: 57.659: [ParNew: 559518K->40228K(613440K), 0.0186169 secs] 571164K->51874K(2029056K), 0.0186750 secs] [Times: user=0.13 sys=0.00, real=0.02 secs] 
2020-09-29T18:14:13.841+0200: 57.724: [GC (Allocation Failure) 2020-09-29T18:14:13.841+0200: 57.724: [ParNew: 585572K->54023K(613440K), 0.0170580 secs] 597218K->65669K(2029056K), 0.0171298 secs] [Times: user=0.13 sys=0.00, real=0.02 secs] 
2020-09-29T18:14:13.906+0200: 57.789: [GC (Allocation Failure) 2020-09-29T18:14:13.907+0200: 57.789: [ParNew: 599367K->56121K(613440K), 0.0205707 secs] 611013K->67767K(2029056K), 0.0206315 secs] [Times: user=0.25 sys=0.00, real=0.02 secs] 
2020-09-29T18:14:13.982+0200: 57.865: [GC (Allocation Failure) 2020-09-29T18:14:13.982+0200: 57.865: [ParNew: 601465K->68096K(613440K), 0.0207506 secs] 613111K->79742K(2029056K), 0.0208067 secs] [Times: user=0.13 sys=0.00, real=0.02 secs] 
2020-09-29T18:14:14.050+0200: 57.933: [GC (Allocation Failure) 2020-09-29T18:14:14.050+0200: 57.933: [ParNew: 613440K->47164K(613440K), 0.0198509 secs] 625086K->58810K(2029056K), 0.0199183 secs] [Times: user=0.25 sys=0.00, real=0.02 secs] 
2020-09-29T18:14:14.120+0200: 58.003: [GC (Allocation Failure) 2020-09-29T18:14:14.120+0200: 58.003: [ParNew: 592508K->38771K(613440K), 0.0135848 secs] 604154K->50418K(2029056K), 0.0136403 secs] [Times: user=0.13 sys=0.00, real=0.01 secs] 
2020-09-29T18:14:14.181+0200: 58.064: [GC (Allocation Failure) 2020-09-29T18:14:14.181+0200: 58.064: [ParNew: 584115K->54717K(613440K), 0.0177923 secs] 595762K->66364K(2029056K), 0.0178511 secs] [Times: user=0.13 sys=0.00, real=0.02 secs] 
2020-09-29T18:14:14.246+0200: 58.129: [GC (Allocation Failure) 2020-09-29T18:14:14.247+0200: 58.129: [ParNew: 600061K->66413K(613440K), 0.0221580 secs] 611708K->78060K(2029056K), 0.0222389 secs] [Times: user=0.13 sys=0.00, real=0.02 secs] 
2020-09-29T18:14:14.316+0200: 58.199: [GC (Allocation Failure) 2020-09-29T18:14:14.316+0200: 58.199: [ParNew: 611757K->58322K(613440K), 0.0223559 secs] 623404K->69969K(2029056K), 0.0224325 secs] [Times: user=0.25 sys=0.00, real=0.02 secs] 
2020-09-29T18:14:14.385+0200: 58.268: [GC (Allocation Failure) 2020-09-29T18:14:14.385+0200: 58.268: [ParNew: 603666K->53428K(613440K), 0.0213790 secs] 615313K->65075K(2029056K), 0.0214550 secs] [Times: user=0.13 sys=0.00, real=0.02 secs] 
2020-09-29T18:14:14.455+0200: 58.338: [GC (Allocation Failure) 2020-09-29T18:14:14.455+0200: 58.338: [ParNew: 598772K->51154K(613440K), 0.0202068 secs] 610419K->62800K(2029056K), 0.0202654 secs] [Times: user=0.25 sys=0.00, real=0.02 secs] 
2020-09-29T18:14:14.522+0200: 58.405: [GC (Allocation Failure) 2020-09-29T18:14:14.522+0200: 58.405: [ParNew: 596498K->51944K(613440K), 0.0197754 secs] 608144K->63590K(2029056K), 0.0198375 secs] [Times: user=0.13 sys=0.00, real=0.02 secs] 
2020-09-29T18:14:14.592+0200: 58.475: [GC (Allocation Failure) 2020-09-29T18:14:14.592+0200: 58.475: [ParNew: 597288K->68096K(613440K), 0.0262943 secs] 608934K->80782K(2029056K), 0.0263508 secs] [Times: user=0.23 sys=0.00, real=0.03 secs] 
2020-09-29T18:14:14.668+0200: 58.551: [GC (Allocation Failure) 2020-09-29T18:14:14.668+0200: 58.551: [ParNew: 613440K->60323K(613440K), 0.0183185 secs] 626126K->73010K(2029056K), 0.0183761 secs] [Times: user=0.13 sys=0.00, real=0.02 secs] 
2020-09-29T18:14:14.738+0200: 58.621: [GC (Allocation Failure) 2020-09-29T18:14:14.738+0200: 58.621: [ParNew: 605667K->41874K(613440K), 0.0123331 secs] 618354K->54561K(2029056K), 0.0123891 secs] [Times: user=0.13 sys=0.00, real=0.01 secs] 
2020-09-29T18:14:14.802+0200: 58.685: [GC (Allocation Failure) 2020-09-29T18:14:14.802+0200: 58.685: [ParNew: 587218K->39082K(613440K), 0.0177013 secs] 599905K->51769K(2029056K), 0.0177691 secs] [Times: user=0.13 sys=0.00, real=0.02 secs] 
2020-09-29T18:14:14.867+0200: 58.750: [GC (Allocation Failure) 2020-09-29T18:14:14.867+0200: 58.750: [ParNew: 584426K->63258K(613440K), 0.0219276 secs] 597113K->75944K(2029056K), 0.0220169 secs] [Times: user=0.13 sys=0.00, real=0.02 secs] 
2020-09-29T18:14:14.941+0200: 58.824: [GC (Allocation Failure) 2020-09-29T18:14:14.941+0200: 58.824: [ParNew: 608602K->68096K(613440K), 0.0301965 secs] 621288K->83224K(2029056K), 0.0302491 secs] [Times: user=0.23 sys=0.00, real=0.03 secs] 
2020-09-29T18:14:15.022+0200: 58.905: [GC (Allocation Failure) 2020-09-29T18:14:15.022+0200: 58.905: [ParNew: 613440K->50466K(613440K), 0.0110975 secs] 628568K->65594K(2029056K), 0.0111567 secs] [Times: user=0.00 sys=0.00, real=0.01 secs] 
2020-09-29T18:14:15.096+0200: 58.979: [GC (Allocation Failure) 2020-09-29T18:14:15.096+0200: 58.979: [ParNew: 595810K->35473K(613440K), 0.0138685 secs] 610938K->50601K(2029056K), 0.0139259 secs] [Times: user=0.13 sys=0.00, real=0.01 secs] 
2020-09-29T18:14:15.158+0200: 59.040: [GC (Allocation Failure) 2020-09-29T18:14:15.158+0200: 59.040: [ParNew: 580817K->60407K(613440K), 0.0236354 secs] 595945K->75535K(2029056K), 0.0237203 secs] [Times: user=0.25 sys=0.00, real=0.02 secs] 
2020-09-29T18:14:15.229+0200: 59.112: [GC (Allocation Failure) 2020-09-29T18:14:15.229+0200: 59.112: [ParNew: 605751K->51786K(613440K), 0.0165565 secs] 620879K->66914K(2029056K), 0.0166168 secs] [Times: user=0.13 sys=0.00, real=0.02 secs] 
2020-09-29T18:14:15.294+0200: 59.177: [GC (Allocation Failure) 2020-09-29T18:14:15.294+0200: 59.177: [ParNew: 597130K->65726K(613440K), 0.0213189 secs] 612258K->80854K(2029056K), 0.0213762 secs] [Times: user=0.13 sys=0.00, real=0.02 secs] 
2020-09-29T18:14:15.363+0200: 59.246: [GC (Allocation Failure) 2020-09-29T18:14:15.363+0200: 59.246: [ParNew: 611070K->52525K(613440K), 0.0205098 secs] 626198K->67653K(2029056K), 0.0205827 secs] [Times: user=0.25 sys=0.00, real=0.02 secs] 
2020-09-29T18:14:15.430+0200: 59.313: [GC (Allocation Failure) 2020-09-29T18:14:15.430+0200: 59.313: [ParNew: 597869K->45547K(613440K), 0.0149831 secs] 612997K->60675K(2029056K), 0.0150535 secs] [Times: user=0.13 sys=0.00, real=0.01 secs] 
2020-09-29T18:14:15.493+0200: 59.376: [GC (Allocation Failure) 2020-09-29T18:14:15.493+0200: 59.376: [ParNew: 590891K->40097K(613440K), 0.0196196 secs] 606019K->55225K(2029056K), 0.0197393 secs] [Times: user=0.11 sys=0.00, real=0.02 secs] 
2020-09-29T18:14:15.562+0200: 59.445: [GC (Allocation Failure) 2020-09-29T18:14:15.562+0200: 59.445: [ParNew: 585441K->58769K(613440K), 0.0250237 secs] 600569K->73897K(2029056K), 0.0250830 secs] [Times: user=0.22 sys=0.00, real=0.02 secs] 
2020-09-29T18:14:15.635+0200: 59.518: [GC (Allocation Failure) 2020-09-29T18:14:15.635+0200: 59.518: [ParNew: 604113K->49803K(613440K), 0.0165566 secs] 619241K->64931K(2029056K), 0.0166358 secs] [Times: user=0.11 sys=0.00, real=0.02 secs] 
2020-09-29T18:14:15.706+0200: 59.589: [GC (Allocation Failure) 2020-09-29T18:14:15.706+0200: 59.590: [ParNew: 595147K->41427K(613440K), 0.0155053 secs] 610275K->56555K(2029056K), 0.0155578 secs] [Times: user=0.02 sys=0.00, real=0.02 secs] 
2020-09-29T18:14:15.776+0200: 59.659: [GC (Allocation Failure) 2020-09-29T18:14:15.776+0200: 59.659: [ParNew: 586771K->37669K(613440K), 0.0151947 secs] 601899K->52797K(2029056K), 0.0152511 secs] [Times: user=0.13 sys=0.00, real=0.01 secs] 
2020-09-29T18:14:15.843+0200: 59.726: [GC (Allocation Failure) 2020-09-29T18:14:15.843+0200: 59.726: [ParNew: 583013K->32231K(613440K), 0.0147653 secs] 598141K->47359K(2029056K), 0.0148361 secs] [Times: user=0.13 sys=0.00, real=0.02 secs] 
2020-09-29T18:14:15.905+0200: 59.788: [GC (Allocation Failure) 2020-09-29T18:14:15.905+0200: 59.788: [ParNew: 577575K->56738K(613440K), 0.0186762 secs] 592703K->71866K(2029056K), 0.0187385 secs] [Times: user=0.13 sys=0.00, real=0.02 secs] 
2020-09-29T18:14:15.975+0200: 59.858: [GC (Allocation Failure) 2020-09-29T18:14:15.975+0200: 59.858: [ParNew: 602082K->41254K(613440K), 0.0187104 secs] 617210K->56382K(2029056K), 0.0187817 secs] [Times: user=0.13 sys=0.00, real=0.02 secs] 
2020-09-29T18:14:16.040+0200: 59.923: [GC (Allocation Failure) 2020-09-29T18:14:16.040+0200: 59.923: [ParNew: 586598K->42861K(613440K), 0.0168634 secs] 601726K->57989K(2029056K), 0.0169328 secs] [Times: user=0.13 sys=0.00, real=0.02 secs] 
2020-09-29T18:14:16.107+0200: 59.990: [GC (Allocation Failure) 2020-09-29T18:14:16.107+0200: 59.990: [ParNew: 588205K->42581K(613440K), 0.0159334 secs] 603333K->57709K(2029056K), 0.0159922 secs] [Times: user=0.13 sys=0.00, real=0.02 secs] 
2020-09-29T18:14:16.172+0200: 60.055: [GC (Allocation Failure) 2020-09-29T18:14:16.172+0200: 60.055: [ParNew: 587925K->38784K(613440K), 0.0168496 secs] 603053K->53912K(2029056K), 0.0169298 secs] [Times: user=0.13 sys=0.00, real=0.02 secs] 
2020-09-29T18:14:16.236+0200: 60.119: [GC (Allocation Failure) 2020-09-29T18:14:16.236+0200: 60.119: [ParNew: 584128K->33336K(613440K), 0.0156966 secs] 599256K->48464K(2029056K), 0.0157511 secs] [Times: user=0.13 sys=0.00, real=0.01 secs] 
2020-09-29T18:14:16.304+0200: 60.187: [GC (Allocation Failure) 2020-09-29T18:14:16.304+0200: 60.187: [ParNew: 578680K->63739K(613440K), 0.0247220 secs] 593808K->78867K(2029056K), 0.0247935 secs] [Times: user=0.13 sys=0.00, real=0.02 secs] 
2020-09-29T18:14:16.377+0200: 60.260: [GC (Allocation Failure) 2020-09-29T18:14:16.377+0200: 60.260: [ParNew: 609083K->50222K(613440K), 0.0146890 secs] 624211K->65350K(2029056K), 0.0147600 secs] [Times: user=0.13 sys=0.00, real=0.01 secs] 
2020-09-29T18:14:16.439+0200: 60.322: [GC (Allocation Failure) 2020-09-29T18:14:16.439+0200: 60.322: [ParNew: 595566K->27996K(613440K), 0.0121202 secs] 610694K->43124K(2029056K), 0.0121749 secs] [Times: user=0.13 sys=0.00, real=0.01 secs] 
2020-09-29T18:14:16.502+0200: 60.385: [GC (Allocation Failure) 2020-09-29T18:14:16.502+0200: 60.385: [ParNew: 573340K->43790K(613440K), 0.0179227 secs] 588468K->58918K(2029056K), 0.0179935 secs] [Times: user=0.25 sys=0.00, real=0.02 secs] 
2020-09-29T18:14:16.567+0200: 60.450: [GC (Allocation Failure) 2020-09-29T18:14:16.567+0200: 60.451: [ParNew: 589134K->56404K(613440K), 0.0181973 secs] 604262K->71532K(2029056K), 0.0182525 secs] [Times: user=0.11 sys=0.00, real=0.02 secs] 
2020-09-29T18:14:16.637+0200: 60.520: [GC (Allocation Failure) 2020-09-29T18:14:16.637+0200: 60.520: [ParNew: 601748K->42428K(613440K), 0.0156960 secs] 616876K->57556K(2029056K), 0.0157576 secs] [Times: user=0.13 sys=0.00, real=0.01 secs] 
2020-09-29T18:14:16.702+0200: 60.585: [GC (Allocation Failure) 2020-09-29T18:14:16.702+0200: 60.585: [ParNew: 587772K->46244K(613440K), 0.0157017 secs] 602900K->61372K(2029056K), 0.0157595 secs] [Times: user=0.13 sys=0.00, real=0.02 secs] 
2020-09-29T18:14:16.767+0200: 60.650: [GC (Allocation Failure) 2020-09-29T18:14:16.767+0200: 60.650: [ParNew: 591588K->56525K(613440K), 0.0205094 secs] 606716K->71653K(2029056K), 0.0205952 secs] [Times: user=0.25 sys=0.00, real=0.02 secs] 
2020-09-29T18:14:16.835+0200: 60.719: [GC (Allocation Failure) 2020-09-29T18:14:16.836+0200: 60.719: [ParNew: 601869K->45382K(613440K), 0.0194546 secs] 616997K->60510K(2029056K), 0.0195368 secs] [Times: user=0.13 sys=0.00, real=0.02 secs] 
2020-09-29T18:14:16.902+0200: 60.785: [GC (Allocation Failure) 2020-09-29T18:14:16.902+0200: 60.785: [ParNew: 590726K->40798K(613440K), 0.0185011 secs] 605854K->55926K(2029056K), 0.0185751 secs] [Times: user=0.13 sys=0.00, real=0.02 secs] 
2020-09-29T18:14:16.968+0200: 60.851: [GC (Allocation Failure) 2020-09-29T18:14:16.968+0200: 60.851: [ParNew: 586142K->45767K(613440K), 0.0166118 secs] 601270K->60895K(2029056K), 0.0166702 secs] [Times: user=0.13 sys=0.00, real=0.02 secs] 
2020-09-29T18:14:17.031+0200: 60.915: [GC (Allocation Failure) 2020-09-29T18:14:17.031+0200: 60.915: [ParNew: 591111K->38169K(613440K), 0.0161732 secs] 606239K->53297K(2029056K), 0.0162517 secs] [Times: user=0.13 sys=0.00, real=0.02 secs] 
2020-09-29T18:14:17.094+0200: 60.978: [GC (Allocation Failure) 2020-09-29T18:14:17.094+0200: 60.978: [ParNew: 583513K->60848K(613440K), 0.0202467 secs] 598641K->75976K(2029056K), 0.0203067 secs] [Times: user=0.23 sys=0.00, real=0.02 secs] 
2020-09-29T18:14:17.164+0200: 61.047: [GC (Allocation Failure) 2020-09-29T18:14:17.164+0200: 61.047: [ParNew: 606192K->45614K(613440K), 0.0135166 secs] 621320K->60742K(2029056K), 0.0135783 secs] [Times: user=0.13 sys=0.00, real=0.01 secs] 
2020-09-29T18:14:17.229+0200: 61.112: [GC (Allocation Failure) 2020-09-29T18:14:17.229+0200: 61.112: [ParNew: 590958K->19476K(613440K), 0.0073379 secs] 606086K->34604K(2029056K), 0.0073941 secs] [Times: user=0.00 sys=0.00, real=0.01 secs] 
2020-09-29T18:14:17.289+0200: 61.172: [GC (Allocation Failure) 2020-09-29T18:14:17.289+0200: 61.172: [ParNew: 564820K->38414K(613440K), 0.0172900 secs] 579948K->53542K(2029056K), 0.0173486 secs] [Times: user=0.13 sys=0.00, real=0.02 secs] 
2020-09-29T18:14:17.356+0200: 61.239: [GC (Allocation Failure) 2020-09-29T18:14:17.356+0200: 61.239: [ParNew: 583758K->48366K(613440K), 0.0161702 secs] 598886K->63494K(2029056K), 0.0162457 secs] [Times: user=0.13 sys=0.00, real=0.02 secs] 
2020-09-29T18:14:17.420+0200: 61.303: [GC (Allocation Failure) 2020-09-29T18:14:17.420+0200: 61.303: [ParNew: 593710K->35892K(613440K), 0.0154984 secs] 608838K->51020K(2029056K), 0.0155513 secs] [Times: user=0.13 sys=0.00, real=0.02 secs] 
2020-09-29T18:14:17.488+0200: 61.371: [GC (Allocation Failure) 2020-09-29T18:14:17.488+0200: 61.371: [ParNew: 581236K->64590K(613440K), 0.0251296 secs] 596364K->79718K(2029056K), 0.0251900 secs] [Times: user=0.25 sys=0.00, real=0.03 secs] 
2020-09-29T18:14:17.563+0200: 61.446: [GC (Allocation Failure) 2020-09-29T18:14:17.563+0200: 61.446: [ParNew: 609934K->58189K(613440K), 0.0197261 secs] 625062K->73317K(2029056K), 0.0198173 secs] [Times: user=0.25 sys=0.00, real=0.02 secs] 
2020-09-29T18:14:17.631+0200: 61.514: [GC (Allocation Failure) 2020-09-29T18:14:17.631+0200: 61.514: [ParNew: 603533K->41665K(613440K), 0.0135604 secs] 618661K->56793K(2029056K), 0.0136226 secs] [Times: user=0.00 sys=0.00, real=0.01 secs] 
2020-09-29T18:14:17.698+0200: 61.581: [GC (Allocation Failure) 2020-09-29T18:14:17.698+0200: 61.581: [ParNew: 587009K->42772K(613440K), 0.0179344 secs] 602137K->57900K(2029056K), 0.0179922 secs] [Times: user=0.13 sys=0.00, real=0.02 secs] 
2020-09-29T18:14:17.764+0200: 61.648: [GC (Allocation Failure) 2020-09-29T18:14:17.765+0200: 61.648: [ParNew: 588116K->42979K(613440K), 0.0183429 secs] 603244K->58107K(2029056K), 0.0184233 secs] [Times: user=0.13 sys=0.00, real=0.02 secs] 
2020-09-29T18:14:17.832+0200: 61.715: [GC (Allocation Failure) 2020-09-29T18:14:17.832+0200: 61.715: [ParNew: 588323K->36237K(613440K), 0.0170195 secs] 603451K->51365K(2029056K), 0.0170792 secs] [Times: user=0.13 sys=0.00, real=0.02 secs] 
2020-09-29T18:14:17.897+0200: 61.780: [GC (Allocation Failure) 2020-09-29T18:14:17.897+0200: 61.780: [ParNew: 581581K->61525K(613440K), 0.0213830 secs] 596709K->76653K(2029056K), 0.0214367 secs] [Times: user=0.13 sys=0.00, real=0.02 secs] 
2020-09-29T18:14:17.965+0200: 61.848: [GC (Allocation Failure) 2020-09-29T18:14:17.965+0200: 61.848: [ParNew: 606869K->52808K(613440K), 0.0152388 secs] 621997K->67936K(2029056K), 0.0153111 secs] [Times: user=0.11 sys=0.00, real=0.02 secs] 
2020-09-29T18:14:18.029+0200: 61.912: [GC (Allocation Failure) 2020-09-29T18:14:18.029+0200: 61.912: [ParNew: 598152K->45444K(613440K), 0.0193138 secs] 613280K->60572K(2029056K), 0.0193997 secs] [Times: user=0.13 sys=0.00, real=0.02 secs] 
2020-09-29T18:14:18.099+0200: 61.982: [GC (Allocation Failure) 2020-09-29T18:14:18.099+0200: 61.982: [ParNew: 590788K->40335K(613440K), 0.0138469 secs] 605916K->55463K(2029056K), 0.0139012 secs] [Times: user=0.00 sys=0.00, real=0.01 secs] 
2020-09-29T18:14:18.161+0200: 62.044: [GC (Allocation Failure) 2020-09-29T18:14:18.161+0200: 62.044: [ParNew: 585679K->32083K(613440K), 0.0133815 secs] 600807K->47211K(2029056K), 0.0134509 secs] [Times: user=0.00 sys=0.00, real=0.01 secs] 
2020-09-29T18:14:18.225+0200: 62.108: [GC (Allocation Failure) 2020-09-29T18:14:18.225+0200: 62.108: [ParNew: 577427K->20826K(613440K), 0.0113381 secs] 592555K->35954K(2029056K), 0.0113959 secs] [Times: user=0.00 sys=0.00, real=0.01 secs] 
2020-09-29T18:14:18.284+0200: 62.167: [GC (Allocation Failure) 2020-09-29T18:14:18.284+0200: 62.167: [ParNew: 566170K->19389K(613440K), 0.0107490 secs] 581298K->34517K(2029056K), 0.0108066 secs] [Times: user=0.13 sys=0.00, real=0.01 secs] 
2020-09-29T18:14:18.341+0200: 62.224: [GC (Allocation Failure) 2020-09-29T18:14:18.341+0200: 62.224: [ParNew: 564733K->44446K(613440K), 0.0200659 secs] 579861K->59574K(2029056K), 0.0201231 secs] [Times: user=0.13 sys=0.00, real=0.02 secs] 
2020-09-29T18:14:18.408+0200: 62.291: [GC (Allocation Failure) 2020-09-29T18:14:18.408+0200: 62.291: [ParNew: 589790K->37548K(613440K), 0.0136311 secs] 604918K->52676K(2029056K), 0.0137027 secs] [Times: user=0.13 sys=0.00, real=0.01 secs] 
2020-09-29T18:14:18.472+0200: 62.355: [GC (Allocation Failure) 2020-09-29T18:14:18.472+0200: 62.355: [ParNew: 582892K->54274K(613440K), 0.0184146 secs] 598020K->69402K(2029056K), 0.0184808 secs] [Times: user=0.25 sys=0.00, real=0.02 secs] 
2020-09-29T18:14:18.541+0200: 62.424: [GC (Allocation Failure) 2020-09-29T18:14:18.541+0200: 62.424: [ParNew: 599618K->66382K(613440K), 0.0231577 secs] 614746K->81510K(2029056K), 0.0232345 secs] [Times: user=0.13 sys=0.00, real=0.02 secs] 
2020-09-29T18:14:18.612+0200: 62.495: [GC (Allocation Failure) 2020-09-29T18:14:18.612+0200: 62.495: [ParNew: 611726K->42150K(613440K), 0.0120108 secs] 626854K->57278K(2029056K), 0.0120821 secs] [Times: user=0.11 sys=0.00, real=0.01 secs] 
2020-09-29T18:14:18.672+0200: 62.555: [GC (Allocation Failure) 2020-09-29T18:14:18.672+0200: 62.555: [ParNew: 587494K->55736K(613440K), 0.0215125 secs] 602622K->70864K(2029056K), 0.0215987 secs] [Times: user=0.25 sys=0.00, real=0.02 secs] 
2020-09-29T18:14:18.741+0200: 62.624: [GC (Allocation Failure) 2020-09-29T18:14:18.741+0200: 62.624: [ParNew: 601080K->34290K(613440K), 0.0092059 secs] 616208K->49418K(2029056K), 0.0092614 secs] [Times: user=0.00 sys=0.00, real=0.01 secs] 
2020-09-29T18:14:18.799+0200: 62.682: [GC (Allocation Failure) 2020-09-29T18:14:18.799+0200: 62.682: [ParNew: 579634K->30072K(613440K), 0.0128243 secs] 594762K->45200K(2029056K), 0.0128910 secs] [Times: user=0.13 sys=0.00, real=0.01 secs] 
2020-09-29T18:14:18.860+0200: 62.744: [GC (Allocation Failure) 2020-09-29T18:14:18.861+0200: 62.744: [ParNew: 575416K->38606K(613440K), 0.0170859 secs] 590544K->53734K(2029056K), 0.0171767 secs] [Times: user=0.13 sys=0.00, real=0.02 secs] 
2020-09-29T18:14:18.930+0200: 62.813: [GC (Allocation Failure) 2020-09-29T18:14:18.930+0200: 62.813: [ParNew: 583950K->53569K(613440K), 0.0161398 secs] 599078K->68697K(2029056K), 0.0162098 secs] [Times: user=0.13 sys=0.00, real=0.02 secs] 
2020-09-29T18:14:18.994+0200: 62.877: [GC (Allocation Failure) 2020-09-29T18:14:18.994+0200: 62.877: [ParNew: 598913K->52473K(613440K), 0.0204795 secs] 614041K->67601K(2029056K), 0.0205335 secs] [Times: user=0.13 sys=0.00, real=0.02 secs] 
2020-09-29T18:14:19.062+0200: 62.945: [GC (Allocation Failure) 2020-09-29T18:14:19.062+0200: 62.945: [ParNew: 597817K->63335K(613440K), 0.0194350 secs] 612945K->78463K(2029056K), 0.0194939 secs] [Times: user=0.16 sys=0.05, real=0.02 secs] 
2020-09-29T18:14:19.128+0200: 63.012: [GC (Allocation Failure) 2020-09-29T18:14:19.128+0200: 63.012: [ParNew: 608679K->44503K(613440K), 0.0186509 secs] 623807K->59631K(2029056K), 0.0187200 secs] [Times: user=0.14 sys=0.00, real=0.02 secs] 
2020-09-29T18:14:19.196+0200: 63.079: [GC (Allocation Failure) 2020-09-29T18:14:19.196+0200: 63.080: [ParNew: 589847K->44724K(613440K), 0.0183741 secs] 604975K->59852K(2029056K), 0.0184284 secs] [Times: user=0.13 sys=0.00, real=0.02 secs] 
2020-09-29T18:14:19.266+0200: 63.149: [GC (Allocation Failure) 2020-09-29T18:14:19.266+0200: 63.149: [ParNew: 590068K->43118K(613440K), 0.0169799 secs] 605196K->58246K(2029056K), 0.0170406 secs] [Times: user=0.13 sys=0.00, real=0.02 secs] 
2020-09-29T18:14:19.330+0200: 63.214: [GC (Allocation Failure) 2020-09-29T18:14:19.330+0200: 63.214: [ParNew: 588462K->38381K(613440K), 0.0161183 secs] 603590K->53509K(2029056K), 0.0161962 secs] [Times: user=0.13 sys=0.00, real=0.02 secs] 
2020-09-29T18:14:19.395+0200: 63.279: [GC (Allocation Failure) 2020-09-29T18:14:19.396+0200: 63.279: [ParNew: 583725K->35158K(613440K), 0.0137193 secs] 598853K->50286K(2029056K), 0.0138007 secs] [Times: user=0.00 sys=0.00, real=0.01 secs] 
2020-09-29T18:14:19.458+0200: 63.341: [GC (Allocation Failure) 2020-09-29T18:14:19.458+0200: 63.341: [ParNew: 580502K->29478K(613440K), 0.0126434 secs] 595630K->44606K(2029056K), 0.0127132 secs] [Times: user=0.00 sys=0.00, real=0.01 secs] 
2020-09-29T18:14:19.521+0200: 63.405: [GC (Allocation Failure) 2020-09-29T18:14:19.521+0200: 63.405: [ParNew: 574822K->60653K(613440K), 0.0217941 secs] 589950K->75781K(2029056K), 0.0218616 secs] [Times: user=0.13 sys=0.00, real=0.02 secs] 
2020-09-29T18:14:19.591+0200: 63.475: [GC (Allocation Failure) 2020-09-29T18:14:19.591+0200: 63.475: [ParNew: 605997K->68096K(613440K), 0.0212449 secs] 621125K->83224K(2029056K), 0.0282751 secs] [Times: user=0.13 sys=0.00, real=0.03 secs] 
2020-09-29T18:14:19.669+0200: 63.552: [GC (Allocation Failure) 2020-09-29T18:14:19.669+0200: 63.552: [ParNew: 613440K->46940K(613440K), 0.0147824 secs] 628568K->62068K(2029056K), 0.0148397 secs] [Times: user=0.13 sys=0.00, real=0.02 secs] 
2020-09-29T18:14:19.735+0200: 63.618: [GC (Allocation Failure) 2020-09-29T18:14:19.735+0200: 63.618: [ParNew: 592284K->45012K(613440K), 0.0188965 secs] 607412K->60140K(2029056K), 0.0189561 secs] [Times: user=0.13 sys=0.00, real=0.02 secs] 
2020-09-29T18:14:19.803+0200: 63.687: [GC (Allocation Failure) 2020-09-29T18:14:19.803+0200: 63.687: [ParNew: 590356K->63689K(613440K), 0.0187794 secs] 605484K->78817K(2029056K), 0.0188428 secs] [Times: user=0.13 sys=0.00, real=0.02 secs] 
2020-09-29T18:14:19.875+0200: 63.758: [GC (Allocation Failure) 2020-09-29T18:14:19.875+0200: 63.758: [ParNew: 609033K->48679K(613440K), 0.0190656 secs] 624161K->63807K(2029056K), 0.0191366 secs] [Times: user=0.13 sys=0.00, real=0.02 secs] 
2020-09-29T18:14:19.944+0200: 63.827: [GC (Allocation Failure) 2020-09-29T18:14:19.944+0200: 63.827: [ParNew: 594023K->48039K(613440K), 0.0196889 secs] 609151K->63167K(2029056K), 0.0197524 secs] [Times: user=0.13 sys=0.00, real=0.02 secs] 
2020-09-29T18:14:20.016+0200: 63.899: [GC (Allocation Failure) 2020-09-29T18:14:20.016+0200: 63.899: [ParNew: 593383K->38532K(613440K), 0.0160384 secs] 608511K->53660K(2029056K), 0.0161109 secs] [Times: user=0.13 sys=0.00, real=0.02 secs] 
2020-09-29T18:14:20.078+0200: 63.962: [GC (Allocation Failure) 2020-09-29T18:14:20.078+0200: 63.962: [ParNew: 583876K->58237K(613440K), 0.0198318 secs] 599004K->73365K(2029056K), 0.0198906 secs] [Times: user=0.25 sys=0.00, real=0.02 secs] 
2020-09-29T18:14:20.145+0200: 64.029: [GC (Allocation Failure) 2020-09-29T18:14:20.146+0200: 64.029: [ParNew: 603581K->41771K(613440K), 0.0137445 secs] 618709K->56899K(2029056K), 0.0138078 secs] [Times: user=0.00 sys=0.00, real=0.01 secs] 
2020-09-29T18:14:20.210+0200: 64.093: [GC (Allocation Failure) 2020-09-29T18:14:20.210+0200: 64.093: [ParNew: 587115K->29509K(613440K), 0.0129136 secs] 602243K->44637K(2029056K), 0.0129855 secs] [Times: user=0.01 sys=0.00, real=0.01 secs] 
2020-09-29T18:14:20.273+0200: 64.157: [GC (Allocation Failure) 2020-09-29T18:14:20.273+0200: 64.157: [ParNew: 574853K->63728K(613440K), 0.0264791 secs] 589981K->78856K(2029056K), 0.0265567 secs] [Times: user=0.13 sys=0.00, real=0.03 secs] 
2020-09-29T18:14:20.349+0200: 64.232: [GC (Allocation Failure) 2020-09-29T18:14:20.349+0200: 64.232: [ParNew: 609072K->57573K(613440K), 0.0224466 secs] 624200K->72701K(2029056K), 0.0225401 secs] [Times: user=0.13 sys=0.00, real=0.02 secs] 
2020-09-29T18:14:20.422+0200: 64.305: [GC (Allocation Failure) 2020-09-29T18:14:20.422+0200: 64.305: [ParNew: 602917K->53309K(613440K), 0.0195317 secs] 618045K->68437K(2029056K), 0.0195952 secs] [Times: user=0.11 sys=0.00, real=0.02 secs] 
2020-09-29T18:14:20.490+0200: 64.373: [GC (Allocation Failure) 2020-09-29T18:14:20.490+0200: 64.373: [ParNew: 598653K->48357K(613440K), 0.0193644 secs] 613781K->63485K(2029056K), 0.0194311 secs] [Times: user=0.13 sys=0.00, real=0.02 secs] 
2020-09-29T18:14:20.558+0200: 64.441: [GC (Allocation Failure) 2020-09-29T18:14:20.558+0200: 64.441: [ParNew: 593701K->37893K(613440K), 0.0136083 secs] 608829K->53021K(2029056K), 0.0136805 secs] [Times: user=0.11 sys=0.00, real=0.01 secs] 
2020-09-29T18:14:20.627+0200: 64.510: [GC (Allocation Failure) 2020-09-29T18:14:20.627+0200: 64.510: [ParNew: 583237K->40815K(613440K), 0.0179364 secs] 598365K->55943K(2029056K), 0.0180040 secs] [Times: user=0.25 sys=0.00, real=0.02 secs] 
2020-09-29T18:14:20.694+0200: 64.577: [GC (Allocation Failure) 2020-09-29T18:14:20.694+0200: 64.577: [ParNew: 586159K->52503K(613440K), 0.0240166 secs] 601287K->67631K(2029056K), 0.0240773 secs] [Times: user=0.11 sys=0.00, real=0.02 secs] 
2020-09-29T18:14:20.769+0200: 64.652: [GC (Allocation Failure) 2020-09-29T18:14:20.769+0200: 64.652: [ParNew: 597847K->59415K(613440K), 0.0216363 secs] 612975K->74543K(2029056K), 0.0217167 secs] [Times: user=0.25 sys=0.00, real=0.02 secs] 
2020-09-29T18:14:20.839+0200: 64.722: [GC (Allocation Failure) 2020-09-29T18:14:20.839+0200: 64.722: [ParNew: 604759K->51083K(613440K), 0.0218201 secs] 619887K->66211K(2029056K), 0.0218847 secs] [Times: user=0.13 sys=0.00, real=0.02 secs] 
2020-09-29T18:14:20.910+0200: 64.793: [GC (Allocation Failure) 2020-09-29T18:14:20.910+0200: 64.793: [ParNew: 596427K->45355K(613440K), 0.0173763 secs] 611555K->60483K(2029056K), 0.0174500 secs] [Times: user=0.13 sys=0.00, real=0.02 secs] 
2020-09-29T18:14:20.980+0200: 64.862: [GC (Allocation Failure) 2020-09-29T18:14:20.980+0200: 64.862: [ParNew: 590699K->43935K(613440K), 0.0201041 secs] 605827K->59063K(2029056K), 0.0201675 secs] [Times: user=0.11 sys=0.00, real=0.02 secs] 
2020-09-29T18:14:21.048+0200: 64.930: [GC (Allocation Failure) 2020-09-29T18:14:21.048+0200: 64.931: [ParNew: 589279K->41579K(613440K), 0.0118809 secs] 604407K->56707K(2029056K), 0.0119587 secs] [Times: user=0.13 sys=0.00, real=0.01 secs] 
2020-09-29T18:14:21.110+0200: 64.992: [GC (Allocation Failure) 2020-09-29T18:14:21.110+0200: 64.992: [ParNew: 586923K->38034K(613440K), 0.0175569 secs] 602051K->53162K(2029056K), 0.0176219 secs] [Times: user=0.13 sys=0.00, real=0.02 secs] 
2020-09-29T18:14:21.177+0200: 65.059: [GC (Allocation Failure) 2020-09-29T18:14:21.177+0200: 65.059: [ParNew: 583378K->47232K(613440K), 0.0185238 secs] 598506K->62360K(2029056K), 0.0185978 secs] [Times: user=0.11 sys=0.00, real=0.02 secs] 
2020-09-29T18:14:21.248+0200: 65.130: [GC (Allocation Failure) 2020-09-29T18:14:21.248+0200: 65.130: [ParNew: 592576K->39080K(613440K), 0.0169063 secs] 607704K->54208K(2029056K), 0.0169759 secs] [Times: user=0.11 sys=0.00, real=0.02 secs] 
2020-09-29T18:14:21.317+0200: 65.199: [GC (Allocation Failure) 2020-09-29T18:14:21.317+0200: 65.199: [ParNew: 584424K->36674K(613440K), 0.0158038 secs] 599552K->51802K(2029056K), 0.0158659 secs] [Times: user=0.25 sys=0.00, real=0.02 secs] 
2020-09-29T18:14:21.385+0200: 65.267: [GC (Allocation Failure) 2020-09-29T18:14:21.385+0200: 65.267: [ParNew: 582018K->58648K(613440K), 0.0201389 secs] 597146K->73776K(2029056K), 0.0202144 secs] [Times: user=0.13 sys=0.00, real=0.02 secs] 
2020-09-29T18:14:21.453+0200: 65.336: [GC (Allocation Failure) 2020-09-29T18:14:21.454+0200: 65.336: [ParNew: 603992K->41862K(613440K), 0.0130271 secs] 619120K->56990K(2029056K), 0.0130968 secs] [Times: user=0.13 sys=0.00, real=0.01 secs] 
2020-09-29T18:14:21.522+0200: 65.404: [GC (Allocation Failure) 2020-09-29T18:14:21.522+0200: 65.404: [ParNew: 587206K->43619K(613440K), 0.0183888 secs] 602334K->58747K(2029056K), 0.0184616 secs] [Times: user=0.13 sys=0.00, real=0.02 secs] 
2020-09-29T18:14:21.591+0200: 65.473: [GC (Allocation Failure) 2020-09-29T18:14:21.591+0200: 65.473: [ParNew: 588963K->63821K(613440K), 0.0221936 secs] 604091K->78949K(2029056K), 0.0222535 secs] [Times: user=0.13 sys=0.00, real=0.02 secs] 
2020-09-29T18:14:21.663+0200: 65.545: [GC (Allocation Failure) 2020-09-29T18:14:21.663+0200: 65.545: [ParNew: 609165K->68096K(613440K), 0.0278183 secs] 624293K->86089K(2029056K), 0.0278783 secs] [Times: user=0.13 sys=0.00, real=0.03 secs] 
2020-09-29T18:14:21.739+0200: 65.622: [GC (Allocation Failure) 2020-09-29T18:14:21.739+0200: 65.622: [ParNew: 613440K->57961K(613440K), 0.0224293 secs] 631433K->75955K(2029056K), 0.0224888 secs] [Times: user=0.11 sys=0.00, real=0.02 secs] 
2020-09-29T18:14:21.810+0200: 65.692: [GC (Allocation Failure) 2020-09-29T18:14:21.810+0200: 65.692: [ParNew: 603305K->41224K(613440K), 0.0147960 secs] 621299K->59218K(2029056K), 0.0148541 secs] [Times: user=0.11 sys=0.00, real=0.02 secs] 
2020-09-29T18:14:21.876+0200: 65.758: [GC (Allocation Failure) 2020-09-29T18:14:21.876+0200: 65.758: [ParNew: 586568K->54857K(613440K), 0.0196222 secs] 604562K->72850K(2029056K), 0.0196965 secs] [Times: user=0.11 sys=0.00, real=0.02 secs] 
2020-09-29T18:14:21.947+0200: 65.829: [GC (Allocation Failure) 2020-09-29T18:14:21.947+0200: 65.829: [ParNew: 600201K->41426K(613440K), 0.0177836 secs] 618194K->59419K(2029056K), 0.0178525 secs] [Times: user=0.13 sys=0.00, real=0.02 secs] 
2020-09-29T18:14:22.022+0200: 65.904: [GC (Allocation Failure) 2020-09-29T18:14:22.022+0200: 65.904: [ParNew: 586770K->63758K(613440K), 0.0229155 secs] 604763K->81751K(2029056K), 0.0229724 secs] [Times: user=0.13 sys=0.00, real=0.02 secs] 
2020-09-29T18:14:22.095+0200: 65.977: [GC (Allocation Failure) 2020-09-29T18:14:22.095+0200: 65.977: [ParNew: 609102K->41123K(613440K), 0.0118618 secs] 627095K->59116K(2029056K), 0.0119335 secs] [Times: user=0.11 sys=0.00, real=0.01 secs] 
2020-09-29T18:14:22.160+0200: 66.043: [GC (Allocation Failure) 2020-09-29T18:14:22.160+0200: 66.043: [ParNew: 586467K->39349K(613440K), 0.0169715 secs] 604460K->57342K(2029056K), 0.0170474 secs] [Times: user=0.13 sys=0.01, real=0.02 secs] 
2020-09-29T18:14:22.232+0200: 66.114: [GC (Allocation Failure) 2020-09-29T18:14:22.232+0200: 66.114: [ParNew: 584693K->47998K(613440K), 0.0172815 secs] 602686K->65991K(2029056K), 0.0173391 secs] [Times: user=0.11 sys=0.00, real=0.02 secs] 
2020-09-29T18:14:22.302+0200: 66.184: [GC (Allocation Failure) 2020-09-29T18:14:22.302+0200: 66.184: [ParNew: 593342K->53745K(613440K), 0.0203983 secs] 611335K->71739K(2029056K), 0.0204601 secs] [Times: user=0.13 sys=0.00, real=0.02 secs] 
2020-09-29T18:14:22.371+0200: 66.253: [GC (Allocation Failure) 2020-09-29T18:14:22.371+0200: 66.253: [ParNew: 599089K->56855K(613440K), 0.0215374 secs] 617083K->74848K(2029056K), 0.0216049 secs] [Times: user=0.11 sys=0.00, real=0.02 secs] 
2020-09-29T18:14:22.442+0200: 66.325: [GC (Allocation Failure) 2020-09-29T18:14:22.442+0200: 66.325: [ParNew: 602199K->60972K(613440K), 0.0210155 secs] 620192K->78965K(2029056K), 0.0210734 secs] [Times: user=0.20 sys=0.00, real=0.02 secs] 
2020-09-29T18:14:22.514+0200: 66.396: [GC (Allocation Failure) 2020-09-29T18:14:22.514+0200: 66.396: [ParNew: 606316K->37841K(613440K), 0.0137936 secs] 624309K->55834K(2029056K), 0.0138630 secs] [Times: user=0.11 sys=0.00, real=0.01 secs] 
2020-09-29T18:14:22.578+0200: 66.460: [GC (Allocation Failure) 2020-09-29T18:14:22.578+0200: 66.460: [ParNew: 583185K->47688K(613440K), 0.0192459 secs] 601178K->65681K(2029056K), 0.0193241 secs] [Times: user=0.11 sys=0.00, real=0.02 secs] 
2020-09-29T18:14:22.653+0200: 66.535: [GC (Allocation Failure) 2020-09-29T18:14:22.653+0200: 66.535: [ParNew: 593032K->60678K(613440K), 0.0237100 secs] 611025K->78672K(2029056K), 0.0237885 secs] [Times: user=0.13 sys=0.00, real=0.02 secs] 
2020-09-29T18:14:22.725+0200: 66.607: [GC (Allocation Failure) 2020-09-29T18:14:22.725+0200: 66.607: [ParNew: 606022K->68096K(613440K), 0.0294321 secs] 624016K->86668K(2029056K), 0.0294935 secs] [Times: user=0.11 sys=0.00, real=0.03 secs] 
2020-09-29T18:14:22.805+0200: 66.687: [GC (Allocation Failure) 2020-09-29T18:14:22.805+0200: 66.687: [ParNew: 613440K->53139K(613440K), 0.0111849 secs] 632012K->71711K(2029056K), 0.0112449 secs] [Times: user=0.00 sys=0.00, real=0.01 secs] 
2020-09-29T18:14:22.867+0200: 66.749: [GC (Allocation Failure) 2020-09-29T18:14:22.867+0200: 66.749: [ParNew: 598483K->35102K(613440K), 0.0164556 secs] 617055K->53674K(2029056K), 0.0165111 secs] [Times: user=0.11 sys=0.00, real=0.02 secs] 
2020-09-29T18:14:22.931+0200: 66.814: [GC (Allocation Failure) 2020-09-29T18:14:22.931+0200: 66.814: [ParNew: 580446K->45392K(613440K), 0.0219093 secs] 599018K->63964K(2029056K), 0.0219664 secs] [Times: user=0.11 sys=0.00, real=0.02 secs] 
2020-09-29T18:14:23.002+0200: 66.885: [GC (Allocation Failure) 2020-09-29T18:14:23.003+0200: 66.885: [ParNew: 590736K->37137K(613440K), 0.0123603 secs] 609308K->55709K(2029056K), 0.0124343 secs] [Times: user=0.13 sys=0.00, real=0.01 secs] 
2020-09-29T18:14:23.069+0200: 66.951: [GC (Allocation Failure) 2020-09-29T18:14:23.069+0200: 66.951: [ParNew: 582481K->46555K(613440K), 0.0186415 secs] 601053K->65128K(2029056K), 0.0187040 secs] [Times: user=0.11 sys=0.00, real=0.02 secs] 
2020-09-29T18:14:23.137+0200: 67.019: [GC (Allocation Failure) 2020-09-29T18:14:23.137+0200: 67.019: [ParNew: 591899K->53144K(613440K), 0.0166154 secs] 610472K->71716K(2029056K), 0.0166778 secs] [Times: user=0.13 sys=0.00, real=0.02 secs] 
2020-09-29T18:14:23.202+0200: 67.085: [GC (Allocation Failure) 2020-09-29T18:14:23.202+0200: 67.085: [ParNew: 598488K->38465K(613440K), 0.0164566 secs] 617060K->57037K(2029056K), 0.0165337 secs] [Times: user=0.13 sys=0.00, real=0.02 secs] 
2020-09-29T18:14:23.272+0200: 67.154: [GC (Allocation Failure) 2020-09-29T18:14:23.272+0200: 67.155: [ParNew: 583809K->65180K(613440K), 0.0216188 secs] 602381K->83752K(2029056K), 0.0216935 secs] [Times: user=0.13 sys=0.00, real=0.02 secs] 
2020-09-29T18:14:23.348+0200: 67.230: [GC (Allocation Failure) 2020-09-29T18:14:23.348+0200: 67.230: [ParNew: 610524K->51694K(613440K), 0.0206511 secs] 629096K->70266K(2029056K), 0.0207170 secs] [Times: user=0.25 sys=0.00, real=0.02 secs] 
2020-09-29T18:14:23.418+0200: 67.300: [GC (Allocation Failure) 2020-09-29T18:14:23.418+0200: 67.300: [ParNew: 597038K->68096K(613440K), 0.0274091 secs] 615610K->87311K(2029056K), 0.0274693 secs] [Times: user=0.22 sys=0.00, real=0.03 secs] 
2020-09-29T18:14:23.494+0200: 67.376: [GC (Allocation Failure) 2020-09-29T18:14:23.494+0200: 67.376: [ParNew: 613440K->61222K(613440K), 0.0196300 secs] 632655K->80437K(2029056K), 0.0196915 secs] [Times: user=0.11 sys=0.00, real=0.02 secs] 
2020-09-29T18:14:23.569+0200: 67.452: [GC (Allocation Failure) 2020-09-29T18:14:23.569+0200: 67.452: [ParNew: 606566K->45522K(613440K), 0.0198620 secs] 625781K->64738K(2029056K), 0.0199394 secs] [Times: user=0.11 sys=0.00, real=0.02 secs] 
2020-09-29T18:14:23.640+0200: 67.523: [GC (Allocation Failure) 2020-09-29T18:14:23.641+0200: 67.523: [ParNew: 590866K->68096K(613440K), 0.0242803 secs] 610082K->87958K(2029056K), 0.0243492 secs] [Times: user=0.25 sys=0.00, real=0.02 secs] 
2020-09-29T18:14:23.713+0200: 67.596: [GC (Allocation Failure) 2020-09-29T18:14:23.715+0200: 67.597: [ParNew: 613440K->51042K(613440K), 0.0183486 secs] 633302K->70904K(2029056K), 0.0190839 secs] [Times: user=0.11 sys=0.00, real=0.02 secs] 
2020-09-29T18:14:23.783+0200: 67.665: [GC (Allocation Failure) 2020-09-29T18:14:23.783+0200: 67.665: [ParNew: 596386K->38253K(613440K), 0.0168545 secs] 616248K->58115K(2029056K), 0.0169218 secs] [Times: user=0.11 sys=0.00, real=0.02 secs] 
2020-09-29T18:14:23.852+0200: 67.734: [GC (Allocation Failure) 2020-09-29T18:14:23.852+0200: 67.734: [ParNew: 583597K->39350K(613440K), 0.0147588 secs] 603459K->59212K(2029056K), 0.0148208 secs] [Times: user=0.13 sys=0.00, real=0.02 secs] 
2020-09-29T18:14:23.918+0200: 67.801: [GC (Allocation Failure) 2020-09-29T18:14:23.918+0200: 67.801: [ParNew: 584694K->67037K(613440K), 0.0268898 secs] 604556K->86899K(2029056K), 0.0269600 secs] [Times: user=0.22 sys=0.00, real=0.03 secs] 
2020-09-29T18:14:23.994+0200: 67.877: [GC (Allocation Failure) 2020-09-29T18:14:23.994+0200: 67.877: [ParNew: 612381K->50756K(613440K), 0.0134080 secs] 632243K->70618K(2029056K), 0.0134751 secs] [Times: user=0.11 sys=0.00, real=0.01 secs] 
2020-09-29T18:14:24.057+0200: 67.940: [GC (Allocation Failure) 2020-09-29T18:14:24.057+0200: 67.940: [ParNew: 596100K->33808K(613440K), 0.0122209 secs] 615962K->53670K(2029056K), 0.0122792 secs] [Times: user=0.11 sys=0.00, real=0.01 secs] 
2020-09-29T18:14:24.120+0200: 68.003: [GC (Allocation Failure) 2020-09-29T18:14:24.120+0200: 68.003: [ParNew: 579152K->41435K(613440K), 0.0173220 secs] 599014K->61297K(2029056K), 0.0173806 secs] [Times: user=0.11 sys=0.00, real=0.02 secs] 
2020-09-29T18:14:24.187+0200: 68.070: [GC (Allocation Failure) 2020-09-29T18:14:24.187+0200: 68.070: [ParNew: 586779K->42469K(613440K), 0.0177137 secs] 606641K->62331K(2029056K), 0.0177727 secs] [Times: user=0.11 sys=0.00, real=0.02 secs] 
2020-09-29T18:14:24.256+0200: 68.139: [GC (Allocation Failure) 2020-09-29T18:14:24.257+0200: 68.139: [ParNew: 587813K->34271K(613440K), 0.0163807 secs] 607675K->54134K(2029056K), 0.0164522 secs] [Times: user=0.11 sys=0.00, real=0.02 secs] 
2020-09-29T18:14:24.327+0200: 68.209: [GC (Allocation Failure) 2020-09-29T18:14:24.327+0200: 68.209: [ParNew: 579615K->34642K(613440K), 0.0155462 secs] 599478K->54504K(2029056K), 0.0156341 secs] [Times: user=0.11 sys=0.00, real=0.02 secs] 
2020-09-29T18:14:24.397+0200: 68.280: [GC (Allocation Failure) 2020-09-29T18:14:24.397+0200: 68.280: [ParNew: 579986K->30609K(613440K), 0.0150691 secs] 599848K->50471K(2029056K), 0.0151341 secs] [Times: user=0.11 sys=0.00, real=0.02 secs] 
2020-09-29T18:14:24.461+0200: 68.343: [GC (Allocation Failure) 2020-09-29T18:14:24.461+0200: 68.343: [ParNew: 575953K->30391K(613440K), 0.0155383 secs] 595815K->50253K(2029056K), 0.0156019 secs] [Times: user=0.11 sys=0.00, real=0.02 secs] 
2020-09-29T18:14:24.525+0200: 68.407: [GC (Allocation Failure) 2020-09-29T18:14:24.525+0200: 68.407: [ParNew: 575735K->49595K(613440K), 0.0206523 secs] 595597K->69457K(2029056K), 0.0207266 secs] [Times: user=0.13 sys=0.00, real=0.02 secs] 
2020-09-29T18:14:24.596+0200: 68.479: [GC (Allocation Failure) 2020-09-29T18:14:24.596+0200: 68.479: [ParNew: 594939K->55544K(613440K), 0.0210797 secs] 614801K->75406K(2029056K), 0.0211384 secs] [Times: user=0.22 sys=0.00, real=0.02 secs] 
2020-09-29T18:14:24.667+0200: 68.549: [GC (Allocation Failure) 2020-09-29T18:14:24.667+0200: 68.549: [ParNew: 600888K->52810K(613440K), 0.0207163 secs] 620750K->72672K(2029056K), 0.0207897 secs] [Times: user=0.11 sys=0.00, real=0.02 secs] 
2020-09-29T18:14:24.738+0200: 68.620: [GC (Allocation Failure) 2020-09-29T18:14:24.738+0200: 68.620: [ParNew: 598154K->34810K(613440K), 0.0187698 secs] 618016K->54672K(2029056K), 0.0188365 secs] [Times: user=0.22 sys=0.00, real=0.02 secs] 
2020-09-29T18:14:24.805+0200: 68.688: [GC (Allocation Failure) 2020-09-29T18:14:24.805+0200: 68.688: [ParNew: 580154K->26390K(613440K), 0.0092623 secs] 600016K->46252K(2029056K), 0.0093243 secs] [Times: user=0.00 sys=0.00, real=0.01 secs] 
2020-09-29T18:14:24.869+0200: 68.751: [GC (Allocation Failure) 2020-09-29T18:14:24.869+0200: 68.752: [ParNew: 571734K->56240K(613440K), 0.0251369 secs] 591596K->76102K(2029056K), 0.0251994 secs] [Times: user=0.13 sys=0.00, real=0.03 secs] 
2020-09-29T18:14:24.943+0200: 68.826: [GC (Allocation Failure) 2020-09-29T18:14:24.944+0200: 68.826: [ParNew: 601584K->44806K(613440K), 0.0177924 secs] 621446K->64668K(2029056K), 0.0178793 secs] [Times: user=0.13 sys=0.00, real=0.02 secs] 
2020-09-29T18:14:25.018+0200: 68.900: [GC (Allocation Failure) 2020-09-29T18:14:25.018+0200: 68.900: [ParNew: 590150K->32956K(613440K), 0.0110856 secs] 610012K->52818K(2029056K), 0.0111702 secs] [Times: user=0.13 sys=0.00, real=0.01 secs] 
2020-09-29T18:14:25.081+0200: 68.963: [GC (Allocation Failure) 2020-09-29T18:14:25.081+0200: 68.963: [ParNew: 578300K->32618K(613440K), 0.0158424 secs] 598162K->52480K(2029056K), 0.0159511 secs] [Times: user=0.09 sys=0.00, real=0.02 secs] 
2020-09-29T18:14:25.146+0200: 69.028: [GC (Allocation Failure) 2020-09-29T18:14:25.146+0200: 69.028: [ParNew: 577962K->32005K(613440K), 0.0156092 secs] 597824K->51867K(2029056K), 0.0156665 secs] [Times: user=0.13 sys=0.00, real=0.02 secs] 
2020-09-29T18:14:25.213+0200: 69.096: [GC (Allocation Failure) 2020-09-29T18:14:25.213+0200: 69.096: [ParNew: 577349K->48494K(613440K), 0.0251842 secs] 597211K->68356K(2029056K), 0.0252906 secs] [Times: user=0.14 sys=0.00, real=0.03 secs] 
2020-09-29T18:14:25.289+0200: 69.171: [GC (Allocation Failure) 2020-09-29T18:14:25.289+0200: 69.171: [ParNew: 593838K->66589K(613440K), 0.0307091 secs] 613700K->86451K(2029056K), 0.0307868 secs] [Times: user=0.25 sys=0.00, real=0.03 secs] 
2020-09-29T18:14:25.369+0200: 69.251: [GC (Allocation Failure) 2020-09-29T18:14:25.369+0200: 69.251: [ParNew: 611933K->48535K(613440K), 0.0230839 secs] 631795K->68397K(2029056K), 0.0231577 secs] [Times: user=0.11 sys=0.00, real=0.02 secs] 
2020-09-29T18:14:25.450+0200: 69.333: [GC (Allocation Failure) 2020-09-29T18:14:25.450+0200: 69.333: [ParNew: 593879K->41566K(613440K), 0.0211225 secs] 613741K->61428K(2029056K), 0.0211948 secs] [Times: user=0.13 sys=0.00, real=0.02 secs] 
2020-09-29T18:14:25.524+0200: 69.407: [GC (Allocation Failure) 2020-09-29T18:14:25.524+0200: 69.407: [ParNew: 586910K->64090K(613440K), 0.0283360 secs] 606772K->83952K(2029056K), 0.0284137 secs] [Times: user=0.25 sys=0.00, real=0.03 secs] 
2020-09-29T18:14:25.605+0200: 69.488: [GC (Allocation Failure) 2020-09-29T18:14:25.605+0200: 69.488: [ParNew: 609434K->47289K(613440K), 0.0261187 secs] 629296K->67151K(2029056K), 0.0262077 secs] [Times: user=0.25 sys=0.00, real=0.03 secs] 
2020-09-29T18:14:25.689+0200: 69.571: [GC (Allocation Failure) 2020-09-29T18:14:25.689+0200: 69.571: [ParNew: 592633K->49240K(613440K), 0.0255917 secs] 612495K->69102K(2029056K), 0.0256801 secs] [Times: user=0.22 sys=0.00, real=0.03 secs] 
2020-09-29T18:14:25.769+0200: 69.651: [GC (Allocation Failure) 2020-09-29T18:14:25.769+0200: 69.651: [ParNew: 594584K->45995K(613440K), 0.0232701 secs] 614446K->65857K(2029056K), 0.0233548 secs] [Times: user=0.22 sys=0.00, real=0.02 secs] 
2020-09-29T18:14:25.851+0200: 69.734: [GC (Allocation Failure) 2020-09-29T18:14:25.851+0200: 69.734: [ParNew: 591339K->68096K(613440K), 0.0317709 secs] 611201K->88573K(2029056K), 0.0318381 secs] [Times: user=0.25 sys=0.00, real=0.03 secs] 
2020-09-29T18:14:25.932+0200: 69.815: [GC (Allocation Failure) 2020-09-29T18:14:25.932+0200: 69.815: [ParNew: 613440K->68096K(613440K), 0.0299947 secs] 633917K->88585K(2029056K), 0.0300665 secs] [Times: user=0.25 sys=0.00, real=0.03 secs] 
2020-09-29T18:14:26.017+0200: 69.900: [GC (Allocation Failure) 2020-09-29T18:14:26.017+0200: 69.900: [ParNew: 613440K->44377K(613440K), 0.0123312 secs] 633929K->64866K(2029056K), 0.0124174 secs] [Times: user=0.11 sys=0.00, real=0.01 secs] 
2020-09-29T18:14:26.090+0200: 69.972: [GC (Allocation Failure) 2020-09-29T18:14:26.090+0200: 69.972: [ParNew: 589721K->33985K(613440K), 0.0214165 secs] 610210K->54474K(2029056K), 0.0214899 secs] [Times: user=0.13 sys=0.00, real=0.02 secs] 
2020-09-29T18:14:26.167+0200: 70.049: [GC (Allocation Failure) 2020-09-29T18:14:26.167+0200: 70.049: [ParNew: 579329K->42241K(613440K), 0.0209039 secs] 599818K->62731K(2029056K), 0.0210003 secs] [Times: user=0.13 sys=0.00, real=0.02 secs] 
2020-09-29T18:14:26.241+0200: 70.124: [GC (Allocation Failure) 2020-09-29T18:14:26.241+0200: 70.124: [ParNew: 587585K->53819K(613440K), 0.0284456 secs] 608075K->74308K(2029056K), 0.0285216 secs] [Times: user=0.14 sys=0.00, real=0.03 secs] 
2020-09-29T18:14:26.331+0200: 70.213: [GC (Allocation Failure) 2020-09-29T18:14:26.331+0200: 70.213: [ParNew: 599163K->62388K(613440K), 0.0279185 secs] 619652K->82878K(2029056K), 0.0279887 secs] [Times: user=0.22 sys=0.00, real=0.03 secs] 
2020-09-29T18:14:26.415+0200: 70.297: [GC (Allocation Failure) 2020-09-29T18:14:26.415+0200: 70.297: [ParNew: 607732K->43767K(613440K), 0.0265766 secs] 628222K->64257K(2029056K), 0.0339055 secs] [Times: user=0.11 sys=0.00, real=0.03 secs] 
2020-09-29T18:14:26.499+0200: 70.382: [GC (Allocation Failure) 2020-09-29T18:14:26.499+0200: 70.382: [ParNew: 589111K->66351K(613440K), 0.0298569 secs] 609601K->86840K(2029056K), 0.0299475 secs] [Times: user=0.23 sys=0.00, real=0.03 secs] 
2020-09-29T18:14:26.588+0200: 70.471: [GC (Allocation Failure) 2020-09-29T18:14:26.588+0200: 70.471: [ParNew: 611695K->48263K(613440K), 0.0214587 secs] 632184K->68752K(2029056K), 0.0215568 secs] [Times: user=0.13 sys=0.00, real=0.02 secs] 
2020-09-29T18:14:26.663+0200: 70.546: [GC (Allocation Failure) 2020-09-29T18:14:26.663+0200: 70.546: [ParNew: 593607K->36677K(613440K), 0.0219981 secs] 614096K->57166K(2029056K), 0.0221091 secs] [Times: user=0.11 sys=0.00, real=0.02 secs] 
2020-09-29T18:14:26.741+0200: 70.625: [GC (Allocation Failure) 2020-09-29T18:14:26.741+0200: 70.625: [ParNew: 582021K->33556K(613440K), 0.0193425 secs] 602510K->54046K(2029056K), 0.0194165 secs] [Times: user=0.11 sys=0.00, real=0.02 secs] 
2020-09-29T18:14:26.815+0200: 70.698: [GC (Allocation Failure) 2020-09-29T18:14:26.815+0200: 70.698: [ParNew: 578900K->51422K(613440K), 0.0264282 secs] 599390K->71912K(2029056K), 0.0265112 secs] [Times: user=0.22 sys=0.00, real=0.03 secs] 
2020-09-29T18:14:26.891+0200: 70.774: [GC (Allocation Failure) 2020-09-29T18:14:26.891+0200: 70.774: [ParNew: 596766K->40425K(613440K), 0.0228466 secs] 617256K->60914K(2029056K), 0.0229240 secs] [Times: user=0.25 sys=0.00, real=0.02 secs] 
2020-09-29T18:14:26.966+0200: 70.849: [GC (Allocation Failure) 2020-09-29T18:14:26.966+0200: 70.849: [ParNew: 585769K->45820K(613440K), 0.0276292 secs] 606258K->66309K(2029056K), 0.0277208 secs] [Times: user=0.19 sys=0.00, real=0.03 secs] 
2020-09-29T18:14:27.051+0200: 70.934: [GC (Allocation Failure) 2020-09-29T18:14:27.051+0200: 70.934: [ParNew: 591164K->37950K(613440K), 0.0212927 secs] 611653K->58439K(2029056K), 0.0213924 secs] [Times: user=0.13 sys=0.00, real=0.02 secs] 
2020-09-29T18:14:27.126+0200: 71.009: [GC (Allocation Failure) 2020-09-29T18:14:27.126+0200: 71.009: [ParNew: 583294K->59926K(613440K), 0.0267917 secs] 603783K->80415K(2029056K), 0.0268966 secs] [Times: user=0.22 sys=0.00, real=0.03 secs] 
2020-09-29T18:14:27.219+0200: 71.102: [GC (Allocation Failure) 2020-09-29T18:14:27.219+0200: 71.102: [ParNew: 605270K->43724K(613440K), 0.0256257 secs] 625759K->64213K(2029056K), 0.0257177 secs] [Times: user=0.23 sys=0.00, real=0.03 secs] 
2020-09-29T18:14:27.305+0200: 71.189: [GC (Allocation Failure) 2020-09-29T18:14:27.305+0200: 71.189: [ParNew: 589068K->42122K(613440K), 0.0250622 secs] 609557K->62611K(2029056K), 0.0251820 secs] [Times: user=0.13 sys=0.00, real=0.03 secs] 
2020-09-29T18:14:27.386+0200: 71.270: [GC (Allocation Failure) 2020-09-29T18:14:27.386+0200: 71.270: [ParNew: 587466K->31987K(613440K), 0.0159353 secs] 607955K->52476K(2029056K), 0.0160258 secs] [Times: user=0.11 sys=0.00, real=0.02 secs] 
2020-09-29T18:14:27.469+0200: 71.352: [GC (Allocation Failure) 2020-09-29T18:14:27.469+0200: 71.352: [ParNew: 577331K->37423K(613440K), 0.0205922 secs] 597820K->57912K(2029056K), 0.0206878 secs] [Times: user=0.25 sys=0.00, real=0.02 secs] 
2020-09-29T18:14:27.539+0200: 71.422: [GC (Allocation Failure) 2020-09-29T18:14:27.539+0200: 71.422: [ParNew: 582767K->40062K(613440K), 0.0208485 secs] 603256K->60551K(2029056K), 0.0209176 secs] [Times: user=0.13 sys=0.00, real=0.02 secs] 
2020-09-29T18:14:27.625+0200: 71.508: [GC (Allocation Failure) 2020-09-29T18:14:27.625+0200: 71.508: [ParNew: 585406K->32798K(613440K), 0.0194666 secs] 605895K->53287K(2029056K), 0.0195628 secs] [Times: user=0.24 sys=0.00, real=0.02 secs] 
2020-09-29T18:14:27.711+0200: 71.594: [GC (Allocation Failure) 2020-09-29T18:14:27.711+0200: 71.594: [ParNew: 578142K->28647K(613440K), 0.0177869 secs] 598631K->49136K(2029056K), 0.0178815 secs] [Times: user=0.13 sys=0.00, real=0.02 secs] 
2020-09-29T18:14:27.789+0200: 71.672: [GC (Allocation Failure) 2020-09-29T18:14:27.789+0200: 71.672: [ParNew: 573991K->63491K(613440K), 0.0315977 secs] 594480K->83980K(2029056K), 0.0316977 secs] [Times: user=0.25 sys=0.00, real=0.04 secs] 
2020-09-29T18:14:27.879+0200: 71.762: [GC (Allocation Failure) 2020-09-29T18:14:27.879+0200: 71.762: [ParNew: 608835K->50881K(613440K), 0.0227840 secs] 629324K->71371K(2029056K), 0.0228532 secs] [Times: user=0.13 sys=0.00, real=0.02 secs] 
2020-09-29T18:14:27.959+0200: 71.843: [GC (Allocation Failure) 2020-09-29T18:14:27.959+0200: 71.843: [ParNew: 596225K->43909K(613440K), 0.0200798 secs] 616715K->64398K(2029056K), 0.0201509 secs] [Times: user=0.13 sys=0.00, real=0.02 secs] 
2020-09-29T18:14:28.039+0200: 71.922: [GC (Allocation Failure) 2020-09-29T18:14:28.039+0200: 71.922: [ParNew: 589253K->35229K(613440K), 0.0213269 secs] 609742K->55718K(2029056K), 0.0213970 secs] [Times: user=0.13 sys=0.00, real=0.02 secs] 
2020-09-29T18:14:28.116+0200: 71.999: [GC (Allocation Failure) 2020-09-29T18:14:28.116+0200: 71.999: [ParNew: 580573K->33341K(613440K), 0.0184871 secs] 601062K->53830K(2029056K), 0.0185516 secs] [Times: user=0.13 sys=0.00, real=0.02 secs] 
2020-09-29T18:14:28.187+0200: 72.070: [GC (Allocation Failure) 2020-09-29T18:14:28.187+0200: 72.070: [ParNew: 578685K->66024K(613440K), 0.0320701 secs] 599174K->86513K(2029056K), 0.0321393 secs] [Times: user=0.25 sys=0.00, real=0.03 secs] 
2020-09-29T18:14:28.266+0200: 72.149: [GC (Allocation Failure) 2020-09-29T18:14:28.266+0200: 72.149: [ParNew: 611368K->50964K(613440K), 0.0224675 secs] 631857K->71453K(2029056K), 0.0225494 secs] [Times: user=0.25 sys=0.00, real=0.02 secs] 
2020-09-29T18:14:28.343+0200: 72.226: [GC (Allocation Failure) 2020-09-29T18:14:28.343+0200: 72.226: [ParNew: 596308K->33496K(613440K), 0.0146305 secs] 616797K->53985K(2029056K), 0.0147011 secs] [Times: user=0.13 sys=0.00, real=0.01 secs] 
2020-09-29T18:14:28.413+0200: 72.296: [GC (Allocation Failure) 2020-09-29T18:14:28.413+0200: 72.296: [ParNew: 578840K->49549K(613440K), 0.0266417 secs] 599329K->70038K(2029056K), 0.0267120 secs] [Times: user=0.13 sys=0.00, real=0.03 secs] 
2020-09-29T18:14:28.490+0200: 72.373: [GC (Allocation Failure) 2020-09-29T18:14:28.490+0200: 72.373: [ParNew: 594893K->38358K(613440K), 0.0184346 secs] 615382K->58847K(2029056K), 0.0185102 secs] [Times: user=0.13 sys=0.00, real=0.02 secs] 
2020-09-29T18:14:28.563+0200: 72.446: [GC (Allocation Failure) 2020-09-29T18:14:28.563+0200: 72.446: [ParNew: 583702K->30354K(613440K), 0.0188490 secs] 604191K->50843K(2029056K), 0.0189416 secs] [Times: user=0.11 sys=0.00, real=0.02 secs] 
2020-09-29T18:14:28.636+0200: 72.520: [GC (Allocation Failure) 2020-09-29T18:14:28.636+0200: 72.520: [ParNew: 575698K->30349K(613440K), 0.0157744 secs] 596187K->50839K(2029056K), 0.0158436 secs] [Times: user=0.13 sys=0.00, real=0.02 secs] 
2020-09-29T18:14:28.706+0200: 72.589: [GC (Allocation Failure) 2020-09-29T18:14:28.706+0200: 72.589: [ParNew: 575693K->45107K(613440K), 0.0221579 secs] 596183K->65596K(2029056K), 0.0222329 secs] [Times: user=0.25 sys=0.00, real=0.02 secs] 
2020-09-29T18:14:28.785+0200: 72.668: [GC (Allocation Failure) 2020-09-29T18:14:28.785+0200: 72.668: [ParNew: 590451K->33184K(613440K), 0.0202629 secs] 610940K->53674K(2029056K), 0.0203283 secs] [Times: user=0.13 sys=0.00, real=0.02 secs] 
2020-09-29T18:14:28.863+0200: 72.746: [GC (Allocation Failure) 2020-09-29T18:14:28.863+0200: 72.746: [ParNew: 578528K->34227K(613440K), 0.0193503 secs] 599018K->54716K(2029056K), 0.0194184 secs] [Times: user=0.25 sys=0.00, real=0.02 secs] 
2020-09-29T18:14:28.935+0200: 72.818: [GC (Allocation Failure) 2020-09-29T18:14:28.935+0200: 72.818: [ParNew: 579571K->54425K(613440K), 0.0253254 secs] 600060K->74914K(2029056K), 0.0254235 secs] [Times: user=0.25 sys=0.00, real=0.03 secs] 
2020-09-29T18:14:29.015+0200: 72.898: [GC (Allocation Failure) 2020-09-29T18:14:29.015+0200: 72.898: [ParNew: 599769K->67468K(613440K), 0.0307630 secs] 620258K->87958K(2029056K), 0.0308431 secs] [Times: user=0.25 sys=0.00, real=0.03 secs] 
2020-09-29T18:14:29.093+0200: 72.976: [GC (Allocation Failure) 2020-09-29T18:14:29.093+0200: 72.976: [ParNew: 612812K->48440K(613440K), 0.0225913 secs] 633302K->68929K(2029056K), 0.0226623 secs] [Times: user=0.25 sys=0.00, real=0.02 secs] 
2020-09-29T18:14:29.165+0200: 73.049: [GC (Allocation Failure) 2020-09-29T18:14:29.165+0200: 73.049: [ParNew: 593784K->67008K(613440K), 0.0276298 secs] 614273K->87497K(2029056K), 0.0348566 secs] [Times: user=0.25 sys=0.00, real=0.04 secs] 
2020-09-29T18:14:29.272+0200: 73.155: [GC (Allocation Failure) 2020-09-29T18:14:29.272+0200: 73.155: [ParNew: 612352K->39076K(613440K), 0.0117393 secs] 632841K->59565K(2029056K), 0.0118062 secs] [Times: user=0.00 sys=0.00, real=0.01 secs] 
2020-09-29T18:14:29.337+0200: 73.219: [GC (Allocation Failure) 2020-09-29T18:14:29.337+0200: 73.219: [ParNew: 584420K->40578K(613440K), 0.0250821 secs] 604909K->61067K(2029056K), 0.0251523 secs] [Times: user=0.13 sys=0.00, real=0.03 secs] 
2020-09-29T18:14:29.412+0200: 73.294: [GC (Allocation Failure) 2020-09-29T18:14:29.412+0200: 73.294: [ParNew: 585922K->50317K(613440K), 0.0223275 secs] 606411K->70806K(2029056K), 0.0223988 secs] [Times: user=0.13 sys=0.00, real=0.02 secs] 
2020-09-29T18:14:29.491+0200: 73.373: [GC (Allocation Failure) 2020-09-29T18:14:29.491+0200: 73.373: [ParNew: 595661K->34270K(613440K), 0.0127021 secs] 616150K->54759K(2029056K), 0.0127727 secs] [Times: user=0.00 sys=0.00, real=0.01 secs] 
2020-09-29T18:14:29.561+0200: 73.443: [GC (Allocation Failure) 2020-09-29T18:14:29.561+0200: 73.443: [ParNew: 579614K->39184K(613440K), 0.0204103 secs] 600103K->59673K(2029056K), 0.0204817 secs] [Times: user=0.13 sys=0.00, real=0.02 secs] 
2020-09-29T18:14:29.636+0200: 73.518: [GC (Allocation Failure) 2020-09-29T18:14:29.636+0200: 73.518: [ParNew: 584528K->40378K(613440K), 0.0195035 secs] 605017K->60867K(2029056K), 0.0195887 secs] [Times: user=0.13 sys=0.00, real=0.02 secs] 
2020-09-29T18:14:29.714+0200: 73.597: [GC (Allocation Failure) 2020-09-29T18:14:29.714+0200: 73.597: [ParNew: 585722K->28698K(613440K), 0.0188544 secs] 606211K->49187K(2029056K), 0.0189244 secs] [Times: user=0.13 sys=0.00, real=0.02 secs] 
2020-09-29T18:14:29.792+0200: 73.674: [GC (Allocation Failure) 2020-09-29T18:14:29.792+0200: 73.674: [ParNew: 574042K->50724K(613440K), 0.0232476 secs] 594531K->71214K(2029056K), 0.0233158 secs] [Times: user=0.13 sys=0.00, real=0.02 secs] 
2020-09-29T18:14:29.866+0200: 73.748: [GC (Allocation Failure) 2020-09-29T18:14:29.866+0200: 73.748: [ParNew: 596068K->40283K(613440K), 0.0229964 secs] 616558K->60772K(2029056K), 0.0230735 secs] [Times: user=0.13 sys=0.00, real=0.02 secs] 
2020-09-29T18:14:29.937+0200: 73.820: [GC (Allocation Failure) 2020-09-29T18:14:29.937+0200: 73.820: [ParNew: 585627K->40673K(613440K), 0.0221747 secs] 606116K->61162K(2029056K), 0.0222411 secs] [Times: user=0.25 sys=0.00, real=0.02 secs] 
2020-09-29T18:14:30.007+0200: 73.890: [GC (Allocation Failure) 2020-09-29T18:14:30.007+0200: 73.890: [ParNew: 586017K->63093K(613440K), 0.0277861 secs] 606506K->83583K(2029056K), 0.0278607 secs] [Times: user=0.13 sys=0.00, real=0.03 secs] 
2020-09-29T18:14:30.090+0200: 73.973: [GC (Allocation Failure) 2020-09-29T18:14:30.090+0200: 73.973: [ParNew: 608437K->45441K(613440K), 0.0267613 secs] 628927K->65930K(2029056K), 0.0268355 secs] [Times: user=0.25 sys=0.00, real=0.03 secs] 
2020-09-29T18:14:30.165+0200: 74.048: [GC (Allocation Failure) 2020-09-29T18:14:30.165+0200: 74.048: [ParNew: 590785K->49703K(613440K), 0.0243048 secs] 611274K->70192K(2029056K), 0.0243778 secs] [Times: user=0.13 sys=0.00, real=0.02 secs] 
2020-09-29T18:14:30.241+0200: 74.124: [GC (Allocation Failure) 2020-09-29T18:14:30.241+0200: 74.124: [ParNew: 595047K->43970K(613440K), 0.0272723 secs] 615536K->64460K(2029056K), 0.0273485 secs] [Times: user=0.13 sys=0.00, real=0.03 secs] 
2020-09-29T18:14:30.320+0200: 74.203: [GC (Allocation Failure) 2020-09-29T18:14:30.320+0200: 74.203: [ParNew: 589314K->43172K(613440K), 0.0263359 secs] 609804K->63661K(2029056K), 0.0264132 secs] [Times: user=0.13 sys=0.00, real=0.03 secs] 
2020-09-29T18:14:30.400+0200: 74.282: [GC (Allocation Failure) 2020-09-29T18:14:30.400+0200: 74.282: [ParNew: 588516K->62263K(613440K), 0.0336353 secs] 609005K->82752K(2029056K), 0.0337313 secs] [Times: user=0.25 sys=0.00, real=0.03 secs] 
2020-09-29T18:14:30.487+0200: 74.369: [GC (Allocation Failure) 2020-09-29T18:14:30.487+0200: 74.369: [ParNew: 607607K->53292K(613440K), 0.0318692 secs] 628096K->73782K(2029056K), 0.0319553 secs] [Times: user=0.25 sys=0.00, real=0.03 secs] 
2020-09-29T18:14:30.571+0200: 74.454: [GC (Allocation Failure) 2020-09-29T18:14:30.571+0200: 74.454: [ParNew: 598636K->51908K(613440K), 0.0323814 secs] 619126K->72397K(2029056K), 0.0325076 secs] [Times: user=0.23 sys=0.00, real=0.03 secs] 
2020-09-29T18:14:30.655+0200: 74.538: [GC (Allocation Failure) 2020-09-29T18:14:30.655+0200: 74.538: [ParNew: 597252K->42737K(613440K), 0.0131718 secs] 617741K->63226K(2029056K), 0.0132554 secs] [Times: user=0.11 sys=0.00, real=0.01 secs] 
2020-09-29T18:14:30.731+0200: 74.614: [GC (Allocation Failure) 2020-09-29T18:14:30.731+0200: 74.614: [ParNew: 588081K->44137K(613440K), 0.0288520 secs] 608570K->64627K(2029056K), 0.0289533 secs] [Times: user=0.25 sys=0.00, real=0.03 secs] 
2020-09-29T18:14:30.819+0200: 74.702: [GC (Allocation Failure) 2020-09-29T18:14:30.819+0200: 74.702: [ParNew: 589481K->57864K(613440K), 0.0280335 secs] 609971K->78353K(2029056K), 0.0281111 secs] [Times: user=0.13 sys=0.00, real=0.03 secs] 
2020-09-29T18:14:30.900+0200: 74.783: [GC (Allocation Failure) 2020-09-29T18:14:30.900+0200: 74.783: [ParNew: 603208K->68096K(613440K), 0.0348382 secs] 623697K->88585K(2029056K), 0.0349295 secs] [Times: user=0.25 sys=0.00, real=0.03 secs] 
2020-09-29T18:14:30.987+0200: 74.870: [GC (Allocation Failure) 2020-09-29T18:14:30.987+0200: 74.870: [ParNew: 613440K->49638K(613440K), 0.0262870 secs] 633929K->70127K(2029056K), 0.0263764 secs] [Times: user=0.25 sys=0.00, real=0.03 secs] 
2020-09-29T18:14:31.073+0200: 74.955: [GC (Allocation Failure) 2020-09-29T18:14:31.073+0200: 74.956: [ParNew: 594982K->40474K(613440K), 0.0240552 secs] 615471K->60963K(2029056K), 0.0241313 secs] [Times: user=0.13 sys=0.00, real=0.02 secs] 
2020-09-29T18:14:31.159+0200: 75.041: [GC (Allocation Failure) 2020-09-29T18:14:31.159+0200: 75.041: [ParNew: 585818K->61506K(613440K), 0.0302637 secs] 606307K->81995K(2029056K), 0.0303374 secs] [Times: user=0.25 sys=0.00, real=0.03 secs] 
2020-09-29T18:14:31.240+0200: 75.122: [GC (Allocation Failure) 2020-09-29T18:14:31.240+0200: 75.122: [ParNew: 606850K->55990K(613440K), 0.0297008 secs] 627339K->76480K(2029056K), 0.0297746 secs] [Times: user=0.13 sys=0.00, real=0.03 secs] 
2020-09-29T18:14:31.331+0200: 75.214: [GC (Allocation Failure) 2020-09-29T18:14:31.331+0200: 75.214: [ParNew: 601334K->42574K(613440K), 0.0286829 secs] 621824K->63063K(2029056K), 0.0287580 secs] [Times: user=0.25 sys=0.00, real=0.03 secs] 
2020-09-29T18:14:31.423+0200: 75.306: [GC (Allocation Failure) 2020-09-29T18:14:31.423+0200: 75.306: [ParNew: 587918K->42948K(613440K), 0.0276192 secs] 608407K->63437K(2029056K), 0.0277056 secs] [Times: user=0.25 sys=0.00, real=0.03 secs] 
2020-09-29T18:14:31.506+0200: 75.388: [GC (Allocation Failure) 2020-09-29T18:14:31.506+0200: 75.388: [ParNew: 588292K->43561K(613440K), 0.0259665 secs] 608781K->64050K(2029056K), 0.0260439 secs] [Times: user=0.13 sys=0.00, real=0.03 secs] 
2020-09-29T18:14:31.599+0200: 75.481: [GC (Allocation Failure) 2020-09-29T18:14:31.599+0200: 75.482: [ParNew: 588905K->41663K(613440K), 0.0274525 secs] 609394K->62152K(2029056K), 0.0275502 secs] [Times: user=0.13 sys=0.00, real=0.03 secs] 
2020-09-29T18:14:31.679+0200: 75.561: [GC (Allocation Failure) 2020-09-29T18:14:31.679+0200: 75.561: [ParNew: 587007K->39465K(613440K), 0.0244044 secs] 607496K->59954K(2029056K), 0.0244783 secs] [Times: user=0.13 sys=0.00, real=0.02 secs] 
2020-09-29T18:14:31.755+0200: 75.638: [GC (Allocation Failure) 2020-09-29T18:14:31.755+0200: 75.638: [ParNew: 584809K->34369K(613440K), 0.0236694 secs] 605298K->54858K(2029056K), 0.0237548 secs] [Times: user=0.13 sys=0.00, real=0.02 secs] 
2020-09-29T18:14:31.829+0200: 75.712: [GC (Allocation Failure) 2020-09-29T18:14:31.829+0200: 75.712: [ParNew: 579713K->56441K(613440K), 0.0288579 secs] 600202K->76931K(2029056K), 0.0289338 secs] [Times: user=0.25 sys=0.00, real=0.03 secs] 
2020-09-29T18:14:31.917+0200: 75.800: [GC (Allocation Failure) 2020-09-29T18:14:31.920+0200: 75.803: [ParNew: 601785K->38315K(613440K), 0.0187057 secs] 622275K->58804K(2029056K), 0.0215546 secs] [Times: user=0.13 sys=0.00, real=0.02 secs] 
2020-09-29T18:14:32.002+0200: 75.885: [GC (Allocation Failure) 2020-09-29T18:14:32.002+0200: 75.885: [ParNew: 583659K->53486K(613440K), 0.0267610 secs] 604148K->73975K(2029056K), 0.0268470 secs] [Times: user=0.25 sys=0.00, real=0.03 secs] 
2020-09-29T18:14:32.080+0200: 75.963: [GC (Allocation Failure) 2020-09-29T18:14:32.080+0200: 75.963: [ParNew: 598830K->38244K(613440K), 0.0257158 secs] 619319K->58733K(2029056K), 0.0258101 secs] [Times: user=0.25 sys=0.00, real=0.03 secs] 
2020-09-29T18:14:32.160+0200: 76.043: [GC (Allocation Failure) 2020-09-29T18:14:32.160+0200: 76.043: [ParNew: 583588K->34763K(613440K), 0.0255516 secs] 604077K->55253K(2029056K), 0.0256247 secs] [Times: user=0.25 sys=0.00, real=0.03 secs] 
2020-09-29T18:14:32.241+0200: 76.124: [GC (Allocation Failure) 2020-09-29T18:14:32.241+0200: 76.124: [ParNew: 580107K->35816K(613440K), 0.0251035 secs] 600597K->56306K(2029056K), 0.0251796 secs] [Times: user=0.13 sys=0.00, real=0.03 secs] 
2020-09-29T18:14:32.314+0200: 76.197: [GC (Allocation Failure) 2020-09-29T18:14:32.314+0200: 76.197: [ParNew: 581160K->63509K(613440K), 0.0308362 secs] 601650K->83999K(2029056K), 0.0309119 secs] [Times: user=0.25 sys=0.00, real=0.03 secs] 
2020-09-29T18:14:32.398+0200: 76.281: [GC (Allocation Failure) 2020-09-29T18:14:32.398+0200: 76.281: [ParNew: 608853K->55702K(613440K), 0.0303232 secs] 629343K->76191K(2029056K), 0.0304193 secs] [Times: user=0.25 sys=0.00, real=0.03 secs] 
2020-09-29T18:14:32.487+0200: 76.370: [GC (Allocation Failure) 2020-09-29T18:14:32.487+0200: 76.370: [ParNew: 601046K->42227K(613440K), 0.0202389 secs] 621535K->62716K(2029056K), 0.0203326 secs] [Times: user=0.22 sys=0.00, real=0.02 secs] 
2020-09-29T18:14:32.580+0200: 76.463: [GC (Allocation Failure) 2020-09-29T18:14:32.580+0200: 76.463: [ParNew: 587571K->26919K(613440K), 0.0188501 secs] 608060K->47408K(2029056K), 0.0189488 secs] [Times: user=0.23 sys=0.00, real=0.02 secs] 
2020-09-29T18:14:32.675+0200: 76.558: [GC (Allocation Failure) 2020-09-29T18:14:32.675+0200: 76.558: [ParNew: 572263K->27119K(613440K), 0.0183863 secs] 592752K->47608K(2029056K), 0.0185036 secs] [Times: user=0.17 sys=0.02, real=0.02 secs] 
2020-09-29T18:14:32.756+0200: 76.639: [GC (Allocation Failure) 2020-09-29T18:14:32.756+0200: 76.639: [ParNew: 572463K->46039K(613440K), 0.0249690 secs] 592952K->66528K(2029056K), 0.0250674 secs] [Times: user=0.13 sys=0.00, real=0.02 secs] 
2020-09-29T18:14:32.840+0200: 76.723: [GC (Allocation Failure) 2020-09-29T18:14:32.840+0200: 76.723: [ParNew: 591383K->59892K(613440K), 0.0334892 secs] 611872K->80382K(2029056K), 0.0335902 secs] [Times: user=0.25 sys=0.00, real=0.03 secs] 
2020-09-29T18:14:32.923+0200: 76.806: [GC (Allocation Failure) 2020-09-29T18:14:32.923+0200: 76.806: [ParNew: 605236K->49007K(613440K), 0.0229888 secs] 625726K->69496K(2029056K), 0.0230638 secs] [Times: user=0.25 sys=0.00, real=0.02 secs] 
2020-09-29T18:14:33.002+0200: 76.885: [GC (Allocation Failure) 2020-09-29T18:14:33.002+0200: 76.885: [ParNew: 594351K->48198K(613440K), 0.0302869 secs] 614840K->68687K(2029056K), 0.0303685 secs] [Times: user=0.25 sys=0.00, real=0.03 secs] 
2020-09-29T18:14:33.082+0200: 76.965: [GC (Allocation Failure) 2020-09-29T18:14:33.082+0200: 76.965: [ParNew: 593542K->61771K(613440K), 0.0302098 secs] 614031K->82260K(2029056K), 0.0302845 secs] [Times: user=0.13 sys=0.00, real=0.03 secs] 
2020-09-29T18:14:33.163+0200: 77.046: [GC (Allocation Failure) 2020-09-29T18:14:33.163+0200: 77.046: [ParNew: 607115K->44524K(613440K), 0.0286687 secs] 627604K->65013K(2029056K), 0.0287496 secs] [Times: user=0.25 sys=0.00, real=0.03 secs] 
2020-09-29T18:14:33.242+0200: 77.125: [GC (Allocation Failure) 2020-09-29T18:14:33.242+0200: 77.125: [ParNew: 589868K->35834K(613440K), 0.0196124 secs] 610357K->56324K(2029056K), 0.0196898 secs] [Times: user=0.13 sys=0.00, real=0.02 secs] 
2020-09-29T18:14:33.324+0200: 77.206: [GC (Allocation Failure) 2020-09-29T18:14:33.324+0200: 77.206: [ParNew: 581178K->53577K(613440K), 0.0334930 secs] 601668K->74066K(2029056K), 0.0335678 secs] [Times: user=0.25 sys=0.00, real=0.03 secs] 
2020-09-29T18:14:33.417+0200: 77.300: [GC (Allocation Failure) 2020-09-29T18:14:33.417+0200: 77.300: [ParNew: 598921K->43605K(613440K), 0.0239081 secs] 619410K->64094K(2029056K), 0.0239841 secs] [Times: user=0.13 sys=0.00, real=0.02 secs] 
2020-09-29T18:14:33.496+0200: 77.378: [GC (Allocation Failure) 2020-09-29T18:14:33.496+0200: 77.378: [ParNew: 588949K->37244K(613440K), 0.0231834 secs] 609438K->57733K(2029056K), 0.0232580 secs] [Times: user=0.13 sys=0.00, real=0.02 secs] 
2020-09-29T18:14:33.581+0200: 77.464: [GC (Allocation Failure) 2020-09-29T18:14:33.581+0200: 77.464: [ParNew: 582588K->55000K(613440K), 0.0333817 secs] 603077K->75490K(2029056K), 0.0334741 secs] [Times: user=0.33 sys=0.00, real=0.03 secs] 
2020-09-29T18:14:33.674+0200: 77.557: [GC (Allocation Failure) 2020-09-29T18:14:33.674+0200: 77.557: [ParNew: 600344K->41903K(613440K), 0.0207607 secs] 620834K->62392K(2029056K), 0.0208357 secs] [Times: user=0.25 sys=0.00, real=0.02 secs] 
2020-09-29T18:14:33.751+0200: 77.633: [GC (Allocation Failure) 2020-09-29T18:14:33.751+0200: 77.633: [ParNew: 587247K->41879K(613440K), 0.0285679 secs] 607736K->62368K(2029056K), 0.0286615 secs] [Times: user=0.25 sys=0.00, real=0.03 secs] 
2020-09-29T18:14:33.844+0200: 77.726: [GC (Allocation Failure) 2020-09-29T18:14:33.844+0200: 77.727: [ParNew: 587223K->38708K(613440K), 0.0174946 secs] 607712K->59197K(2029056K), 0.0175743 secs] [Times: user=0.13 sys=0.00, real=0.02 secs] 
2020-09-29T18:14:33.923+0200: 77.805: [GC (Allocation Failure) 2020-09-29T18:14:33.923+0200: 77.805: [ParNew: 584052K->37454K(613440K), 0.0257677 secs] 604541K->57943K(2029056K), 0.0258424 secs] [Times: user=0.25 sys=0.00, real=0.02 secs] 
2020-09-29T18:14:34.005+0200: 77.888: [GC (Allocation Failure) 2020-09-29T18:14:34.005+0200: 77.888: [ParNew: 582798K->55303K(613440K), 0.0325123 secs] 603287K->75792K(2029056K), 0.0325863 secs] [Times: user=0.25 sys=0.00, real=0.03 secs] 
2020-09-29T18:14:34.092+0200: 77.974: [GC (Allocation Failure) 2020-09-29T18:14:34.092+0200: 77.974: [ParNew: 600647K->47449K(613440K), 0.0227727 secs] 621136K->67938K(2029056K), 0.0228471 secs] [Times: user=0.25 sys=0.00, real=0.02 secs] 
2020-09-29T18:14:34.170+0200: 78.052: [GC (Allocation Failure) 2020-09-29T18:14:34.170+0200: 78.052: [ParNew: 592793K->38240K(613440K), 0.0232160 secs] 613282K->58729K(2029056K), 0.0232906 secs] [Times: user=0.25 sys=0.00, real=0.02 secs] 
2020-09-29T18:14:34.255+0200: 78.138: [GC (Allocation Failure) 2020-09-29T18:14:34.255+0200: 78.138: [ParNew: 583584K->33689K(613440K), 0.0214384 secs] 604073K->54178K(2029056K), 0.0215282 secs] [Times: user=0.13 sys=0.00, real=0.02 secs] 
2020-09-29T18:14:34.324+0200: 78.207: [GC (Allocation Failure) 2020-09-29T18:14:34.324+0200: 78.207: [ParNew: 579033K->31315K(613440K), 0.0177190 secs] 599522K->51804K(2029056K), 0.0177945 secs] [Times: user=0.13 sys=0.00, real=0.02 secs] 
2020-09-29T18:14:34.403+0200: 78.286: [GC (Allocation Failure) 2020-09-29T18:14:34.403+0200: 78.286: [ParNew: 576659K->22746K(613440K), 0.0193165 secs] 597148K->43236K(2029056K), 0.0193948 secs] [Times: user=0.13 sys=0.00, real=0.02 secs] 
2020-09-29T18:14:34.479+0200: 78.362: [GC (Allocation Failure) 2020-09-29T18:14:34.479+0200: 78.362: [ParNew: 568090K->40149K(613440K), 0.0253523 secs] 588580K->60638K(2029056K), 0.0254287 secs] [Times: user=0.13 sys=0.00, real=0.02 secs] 
2020-09-29T18:14:34.556+0200: 78.439: [GC (Allocation Failure) 2020-09-29T18:14:34.556+0200: 78.439: [ParNew: 585493K->32832K(613440K), 0.0210039 secs] 605982K->53322K(2029056K), 0.0210986 secs] [Times: user=0.13 sys=0.00, real=0.02 secs] 
2020-09-29T18:14:34.629+0200: 78.512: [GC (Allocation Failure) 2020-09-29T18:14:34.630+0200: 78.512: [ParNew: 578176K->46940K(613440K), 0.0287052 secs] 598666K->67429K(2029056K), 0.0287886 secs] [Times: user=0.13 sys=0.02, real=0.03 secs] 
2020-09-29T18:14:34.717+0200: 78.600: [GC (Allocation Failure) 2020-09-29T18:14:34.717+0200: 78.600: [ParNew: 592284K->62403K(613440K), 0.0349444 secs] 612773K->82892K(2029056K), 0.0350340 secs] [Times: user=0.25 sys=0.00, real=0.04 secs] 
2020-09-29T18:14:34.802+0200: 78.685: [GC (Allocation Failure) 2020-09-29T18:14:34.802+0200: 78.685: [ParNew: 607747K->54991K(613440K), 0.0244317 secs] 628236K->75480K(2029056K), 0.0245039 secs] [Times: user=0.13 sys=0.00, real=0.02 secs] 
2020-09-29T18:14:34.884+0200: 78.767: [GC (Allocation Failure) 2020-09-29T18:14:34.884+0200: 78.767: [ParNew: 600335K->44389K(613440K), 0.0236640 secs] 620824K->64878K(2029056K), 0.0237370 secs] [Times: user=0.13 sys=0.00, real=0.02 secs] 
2020-09-29T18:14:34.968+0200: 78.851: [GC (Allocation Failure) 2020-09-29T18:14:34.968+0200: 78.851: [ParNew: 589733K->60729K(613440K), 0.0310765 secs] 610222K->81218K(2029056K), 0.0311636 secs] [Times: user=0.25 sys=0.00, real=0.03 secs] 
2020-09-29T18:14:35.063+0200: 78.946: [GC (Allocation Failure) 2020-09-29T18:14:35.063+0200: 78.946: [ParNew: 606073K->68096K(613440K), 0.0389325 secs] 626562K->89643K(2029056K), 0.0390044 secs] [Times: user=0.38 sys=0.00, real=0.04 secs] 
2020-09-29T18:14:35.152+0200: 79.035: [GC (Allocation Failure) 2020-09-29T18:14:35.152+0200: 79.035: [ParNew: 613440K->51098K(613440K), 0.0284844 secs] 634987K->72645K(2029056K), 0.0285603 secs] [Times: user=0.25 sys=0.00, real=0.03 secs] 
2020-09-29T18:14:35.235+0200: 79.118: [GC (Allocation Failure) 2020-09-29T18:14:35.235+0200: 79.118: [ParNew: 596442K->45037K(613440K), 0.0180039 secs] 617989K->66585K(2029056K), 0.0180594 secs] [Times: user=0.13 sys=0.00, real=0.02 secs] 
2020-09-29T18:14:35.306+0200: 79.189: [GC (Allocation Failure) 2020-09-29T18:14:35.306+0200: 79.189: [ParNew: 590381K->39139K(613440K), 0.0115703 secs] 611929K->60687K(2029056K), 0.0116414 secs] [Times: user=0.13 sys=0.00, real=0.01 secs] 
2020-09-29T18:14:35.368+0200: 79.251: [GC (Allocation Failure) 2020-09-29T18:14:35.368+0200: 79.251: [ParNew: 584483K->38297K(613440K), 0.0153535 secs] 606031K->59845K(2029056K), 0.0154144 secs] [Times: user=0.13 sys=0.00, real=0.01 secs] 
2020-09-29T18:14:35.435+0200: 79.318: [GC (Allocation Failure) 2020-09-29T18:14:35.435+0200: 79.318: [ParNew: 583641K->50097K(613440K), 0.0147178 secs] 605189K->71645K(2029056K), 0.0147703 secs] [Times: user=0.13 sys=0.00, real=0.02 secs] 
2020-09-29T18:14:35.500+0200: 79.383: [GC (Allocation Failure) 2020-09-29T18:14:35.500+0200: 79.383: [ParNew: 595441K->36270K(613440K), 0.0149365 secs] 616989K->57818K(2029056K), 0.0149986 secs] [Times: user=0.13 sys=0.00, real=0.02 secs] 
2020-09-29T18:14:35.562+0200: 79.445: [GC (Allocation Failure) 2020-09-29T18:14:35.562+0200: 79.445: [ParNew: 581614K->47644K(613440K), 0.0187667 secs] 603162K->69192K(2029056K), 0.0189281 secs] [Times: user=0.13 sys=0.00, real=0.02 secs] 
2020-09-29T18:14:35.629+0200: 79.513: [GC (Allocation Failure) 2020-09-29T18:14:35.629+0200: 79.513: [ParNew: 592988K->68096K(613440K), 0.0256781 secs] 614536K->89643K(2029056K), 0.0257411 secs] [Times: user=0.11 sys=0.00, real=0.03 secs] 
2020-09-29T18:14:35.703+0200: 79.586: [GC (Allocation Failure) 2020-09-29T18:14:35.703+0200: 79.586: [ParNew: 613440K->43914K(613440K), 0.0112197 secs] 634987K->65462K(2029056K), 0.0112749 secs] [Times: user=0.13 sys=0.00, real=0.01 secs] 
2020-09-29T18:14:35.762+0200: 79.645: [GC (Allocation Failure) 2020-09-29T18:14:35.762+0200: 79.645: [ParNew: 589258K->44641K(613440K), 0.0145438 secs] 610806K->66189K(2029056K), 0.0146145 secs] [Times: user=0.13 sys=0.00, real=0.01 secs] 
2020-09-29T18:14:35.827+0200: 79.710: [GC (Allocation Failure) 2020-09-29T18:14:35.827+0200: 79.710: [ParNew: 589985K->29831K(613440K), 0.0150044 secs] 611533K->51379K(2029056K), 0.0150625 secs] [Times: user=0.13 sys=0.00, real=0.02 secs] 
2020-09-29T18:14:35.890+0200: 79.773: [GC (Allocation Failure) 2020-09-29T18:14:35.890+0200: 79.773: [ParNew: 575175K->56029K(613440K), 0.0197450 secs] 596723K->77577K(2029056K), 0.0198024 secs] [Times: user=0.13 sys=0.00, real=0.02 secs] 
2020-09-29T18:14:35.956+0200: 79.839: [GC (Allocation Failure) 2020-09-29T18:14:35.956+0200: 79.839: [ParNew: 601373K->46753K(613440K), 0.0175688 secs] 622921K->68301K(2029056K), 0.0176533 secs] [Times: user=0.25 sys=0.00, real=0.02 secs] 
2020-09-29T18:14:36.020+0200: 79.903: [GC (Allocation Failure) 2020-09-29T18:14:36.020+0200: 79.903: [ParNew: 592097K->68096K(613440K), 0.0219915 secs] 613645K->89643K(2029056K), 0.0287228 secs] [Times: user=0.13 sys=0.00, real=0.03 secs] 
2020-09-29T18:14:36.107+0200: 79.990: [GC (Allocation Failure) 2020-09-29T18:14:36.107+0200: 79.990: [ParNew: 613440K->46833K(613440K), 0.0152638 secs] 634987K->68381K(2029056K), 0.0153374 secs] [Times: user=0.13 sys=0.00, real=0.01 secs] 
2020-09-29T18:14:36.169+0200: 80.052: [GC (Allocation Failure) 2020-09-29T18:14:36.169+0200: 80.052: [ParNew: 592177K->64706K(613440K), 0.0198689 secs] 613725K->86254K(2029056K), 0.0199408 secs] [Times: user=0.13 sys=0.00, real=0.02 secs] 
2020-09-29T18:14:36.237+0200: 80.120: [GC (Allocation Failure) 2020-09-29T18:14:36.237+0200: 80.120: [ParNew: 610050K->47856K(613440K), 0.0190614 secs] 631598K->69404K(2029056K), 0.0191137 secs] [Times: user=0.23 sys=0.00, real=0.02 secs] 
2020-09-29T18:14:36.304+0200: 80.187: [GC (Allocation Failure) 2020-09-29T18:14:36.304+0200: 80.187: [ParNew: 593200K->46621K(613440K), 0.0180448 secs] 614748K->68168K(2029056K), 0.0181088 secs] [Times: user=0.13 sys=0.00, real=0.02 secs] 
2020-09-29T18:14:36.373+0200: 80.256: [GC (Allocation Failure) 2020-09-29T18:14:36.373+0200: 80.256: [ParNew: 591965K->40867K(613440K), 0.0117942 secs] 613512K->62415K(2029056K), 0.0118836 secs] [Times: user=0.13 sys=0.00, real=0.01 secs] 
2020-09-29T18:14:36.449+0200: 80.332: [GC (Allocation Failure) 2020-09-29T18:14:36.449+0200: 80.332: [ParNew: 586211K->33657K(613440K), 0.0152256 secs] 607759K->55205K(2029056K), 0.0152890 secs] [Times: user=0.11 sys=0.00, real=0.02 secs] 
2020-09-29T18:14:36.531+0200: 80.414: [GC (Allocation Failure) 2020-09-29T18:14:36.531+0200: 80.414: [ParNew: 579001K->37895K(613440K), 0.0172422 secs] 600549K->59443K(2029056K), 0.0173007 secs] [Times: user=0.13 sys=0.00, real=0.02 secs] 
2020-09-29T18:14:36.605+0200: 80.488: [GC (Allocation Failure) 2020-09-29T18:14:36.605+0200: 80.488: [ParNew: 583239K->61115K(613440K), 0.0235548 secs] 604787K->82663K(2029056K), 0.0236126 secs] [Times: user=0.23 sys=0.00, real=0.02 secs] 
2020-09-29T18:14:36.678+0200: 80.561: [GC (Allocation Failure) 2020-09-29T18:14:36.678+0200: 80.561: [ParNew: 606459K->66874K(613440K), 0.0216804 secs] 628007K->88422K(2029056K), 0.0217376 secs] [Times: user=0.13 sys=0.00, real=0.02 secs] 
2020-09-29T18:14:36.747+0200: 80.630: [GC (Allocation Failure) 2020-09-29T18:14:36.747+0200: 80.630: [ParNew: 612218K->44416K(613440K), 0.0137534 secs] 633766K->65964K(2029056K), 0.0138129 secs] [Times: user=0.13 sys=0.00, real=0.01 secs] 
2020-09-29T18:14:36.809+0200: 80.692: [GC (Allocation Failure) 2020-09-29T18:14:36.809+0200: 80.692: [ParNew: 589760K->24313K(613440K), 0.0074283 secs] 611308K->45861K(2029056K), 0.0074872 secs] [Times: user=0.00 sys=0.00, real=0.01 secs] 
2020-09-29T18:14:36.870+0200: 80.753: [GC (Allocation Failure) 2020-09-29T18:14:36.870+0200: 80.753: [ParNew: 569657K->40506K(613440K), 0.0183793 secs] 591205K->62054K(2029056K), 0.0184551 secs] [Times: user=0.13 sys=0.00, real=0.02 secs] 
2020-09-29T18:14:36.937+0200: 80.820: [GC (Allocation Failure) 2020-09-29T18:14:36.937+0200: 80.820: [ParNew: 585850K->54425K(613440K), 0.0164309 secs] 607398K->75973K(2029056K), 0.0164905 secs] [Times: user=0.13 sys=0.00, real=0.02 secs] 
2020-09-29T18:14:37.000+0200: 80.883: [GC (Allocation Failure) 2020-09-29T18:14:37.000+0200: 80.883: [ParNew: 599769K->40148K(613440K), 0.0162053 secs] 621317K->61696K(2029056K), 0.0162864 secs] [Times: user=0.13 sys=0.00, real=0.02 secs] 
2020-09-29T18:14:37.074+0200: 80.957: [GC (Allocation Failure) 2020-09-29T18:14:37.074+0200: 80.957: [ParNew: 585492K->38444K(613440K), 0.0149279 secs] 607040K->59992K(2029056K), 0.0149994 secs] [Times: user=0.13 sys=0.00, real=0.02 secs] 
2020-09-29T18:14:37.138+0200: 81.021: [GC (Allocation Failure) 2020-09-29T18:14:37.138+0200: 81.021: [ParNew: 583788K->35538K(613440K), 0.0141172 secs] 605336K->57086K(2029056K), 0.0141866 secs] [Times: user=0.13 sys=0.00, real=0.01 secs] 
2020-09-29T18:14:37.204+0200: 81.087: [GC (Allocation Failure) 2020-09-29T18:14:37.205+0200: 81.087: [ParNew: 580882K->33483K(613440K), 0.0134118 secs] 602430K->55031K(2029056K), 0.0134829 secs] [Times: user=0.13 sys=0.00, real=0.01 secs] 
2020-09-29T18:14:37.268+0200: 81.151: [GC (Allocation Failure) 2020-09-29T18:14:37.268+0200: 81.151: [ParNew: 578827K->68096K(613440K), 0.0238028 secs] 600375K->89699K(2029056K), 0.0238711 secs] [Times: user=0.25 sys=0.00, real=0.02 secs] 
2020-09-29T18:14:37.339+0200: 81.222: [GC (Allocation Failure) 2020-09-29T18:14:37.339+0200: 81.222: [ParNew: 613440K->39008K(613440K), 0.0130223 secs] 635043K->60612K(2029056K), 0.0130927 secs] [Times: user=0.11 sys=0.00, real=0.01 secs] 
2020-09-29T18:14:37.403+0200: 81.286: [GC (Allocation Failure) 2020-09-29T18:14:37.403+0200: 81.286: [ParNew: 584352K->45671K(613440K), 0.0182030 secs] 605956K->67275K(2029056K), 0.0182621 secs] [Times: user=0.13 sys=0.00, real=0.02 secs] 
2020-09-29T18:14:37.471+0200: 81.354: [GC (Allocation Failure) 2020-09-29T18:14:37.471+0200: 81.354: [ParNew: 591015K->39214K(613440K), 0.0164676 secs] 612619K->60818K(2029056K), 0.0165265 secs] [Times: user=0.13 sys=0.00, real=0.02 secs] 
2020-09-29T18:14:37.537+0200: 81.419: [GC (Allocation Failure) 2020-09-29T18:14:37.537+0200: 81.419: [ParNew: 584558K->41127K(613440K), 0.0157762 secs] 606162K->62731K(2029056K), 0.0158480 secs] [Times: user=0.13 sys=0.00, real=0.02 secs] 
2020-09-29T18:14:37.604+0200: 81.487: [GC (Allocation Failure) 2020-09-29T18:14:37.604+0200: 81.487: [ParNew: 586471K->37976K(613440K), 0.0152416 secs] 608075K->59580K(2029056K), 0.0153171 secs] [Times: user=0.13 sys=0.00, real=0.02 secs] 
2020-09-29T18:14:37.670+0200: 81.553: [GC (Allocation Failure) 2020-09-29T18:14:37.670+0200: 81.553: [ParNew: 583320K->60954K(613440K), 0.0198228 secs] 604924K->82557K(2029056K), 0.0198778 secs] [Times: user=0.13 sys=0.00, real=0.02 secs] 
2020-09-29T18:14:37.738+0200: 81.621: [GC (Allocation Failure) 2020-09-29T18:14:37.738+0200: 81.621: [ParNew: 606298K->40323K(613440K), 0.0091302 secs] 627901K->61927K(2029056K), 0.0091881 secs] [Times: user=0.13 sys=0.00, real=0.01 secs] 
2020-09-29T18:14:37.798+0200: 81.680: [GC (Allocation Failure) 2020-09-29T18:14:37.798+0200: 81.680: [ParNew: 585667K->26735K(613440K), 0.0140449 secs] 607271K->48338K(2029056K), 0.0141173 secs] [Times: user=0.13 sys=0.00, real=0.01 secs] 
2020-09-29T18:14:37.858+0200: 81.740: [GC (Allocation Failure) 2020-09-29T18:14:37.858+0200: 81.740: [ParNew: 572079K->47098K(613440K), 0.0161920 secs] 593682K->68702K(2029056K), 0.0162515 secs] [Times: user=0.13 sys=0.00, real=0.02 secs] 
2020-09-29T18:14:37.925+0200: 81.808: [GC (Allocation Failure) 2020-09-29T18:14:37.925+0200: 81.808: [ParNew: 592442K->38688K(613440K), 0.0153964 secs] 614046K->60291K(2029056K), 0.0154590 secs] [Times: user=0.13 sys=0.00, real=0.02 secs] 
2020-09-29T18:14:37.991+0200: 81.873: [GC (Allocation Failure) 2020-09-29T18:14:37.991+0200: 81.873: [ParNew: 584032K->30999K(613440K), 0.0084777 secs] 605635K->52603K(2029056K), 0.0085403 secs] [Times: user=0.00 sys=0.00, real=0.01 secs] 
2020-09-29T18:14:38.047+0200: 81.930: [GC (Allocation Failure) 2020-09-29T18:14:38.047+0200: 81.930: [ParNew: 576343K->32211K(613440K), 0.0124788 secs] 597947K->53815K(2029056K), 0.0125501 secs] [Times: user=0.13 sys=0.00, real=0.01 secs] 
2020-09-29T18:14:38.111+0200: 81.994: [GC (Allocation Failure) 2020-09-29T18:14:38.111+0200: 81.994: [ParNew: 577555K->42712K(613440K), 0.0185006 secs] 599159K->64316K(2029056K), 0.0185643 secs] [Times: user=0.25 sys=0.00, real=0.02 secs] 
2020-09-29T18:14:38.177+0200: 82.059: [GC (Allocation Failure) 2020-09-29T18:14:38.177+0200: 82.059: [ParNew: 588056K->41010K(613440K), 0.0174814 secs] 609660K->62614K(2029056K), 0.0175365 secs] [Times: user=0.13 sys=0.00, real=0.02 secs] 
2020-09-29T18:14:38.242+0200: 82.125: [GC (Allocation Failure) 2020-09-29T18:14:38.242+0200: 82.125: [ParNew: 586354K->43614K(613440K), 0.0167764 secs] 607958K->65218K(2029056K), 0.0168310 secs] [Times: user=0.13 sys=0.00, real=0.02 secs] 
2020-09-29T18:14:38.310+0200: 82.192: [GC (Allocation Failure) 2020-09-29T18:14:38.310+0200: 82.192: [ParNew: 588958K->42029K(613440K), 0.0155471 secs] 610562K->63633K(2029056K), 0.0156041 secs] [Times: user=0.13 sys=0.00, real=0.02 secs] 
2020-09-29T18:14:38.374+0200: 82.256: [GC (Allocation Failure) 2020-09-29T18:14:38.374+0200: 82.256: [ParNew: 587373K->38461K(613440K), 0.0133323 secs] 608977K->60064K(2029056K), 0.0133923 secs] [Times: user=0.13 sys=0.00, real=0.01 secs] 
2020-09-29T18:14:38.438+0200: 82.321: [GC (Allocation Failure) 2020-09-29T18:14:38.438+0200: 82.321: [ParNew: 583805K->56707K(613440K), 0.0179876 secs] 605408K->78311K(2029056K), 0.0180447 secs] [Times: user=0.13 sys=0.00, real=0.02 secs] 
2020-09-29T18:14:38.506+0200: 82.389: [GC (Allocation Failure) 2020-09-29T18:14:38.506+0200: 82.389: [ParNew: 602051K->39407K(613440K), 0.0174682 secs] 623655K->61011K(2029056K), 0.0175297 secs] [Times: user=0.13 sys=0.00, real=0.02 secs] 
2020-09-29T18:14:38.571+0200: 82.453: [GC (Allocation Failure) 2020-09-29T18:14:38.571+0200: 82.453: [ParNew: 584751K->41435K(613440K), 0.0161902 secs] 606355K->63039K(2029056K), 0.0162547 secs] [Times: user=0.13 sys=0.00, real=0.02 secs] 
2020-09-29T18:14:38.639+0200: 82.522: [GC (Allocation Failure) 2020-09-29T18:14:38.639+0200: 82.522: [ParNew: 586779K->64100K(613440K), 0.0201301 secs] 608383K->85704K(2029056K), 0.0201999 secs] [Times: user=0.13 sys=0.00, real=0.02 secs] 
2020-09-29T18:14:38.709+0200: 82.591: [GC (Allocation Failure) 2020-09-29T18:14:38.709+0200: 82.592: [ParNew: 609444K->51472K(613440K), 0.0188288 secs] 631048K->73076K(2029056K), 0.0188848 secs] [Times: user=0.13 sys=0.00, real=0.02 secs] 
2020-09-29T18:14:38.778+0200: 82.660: [GC (Allocation Failure) 2020-09-29T18:14:38.778+0200: 82.660: [ParNew: 596816K->37179K(613440K), 0.0083128 secs] 618420K->58783K(2029056K), 0.0083734 secs] [Times: user=0.13 sys=0.00, real=0.01 secs] 
2020-09-29T18:14:38.839+0200: 82.722: [GC (Allocation Failure) 2020-09-29T18:14:38.839+0200: 82.722: [ParNew: 582523K->32326K(613440K), 0.0120756 secs] 604127K->53930K(2029056K), 0.0121329 secs] [Times: user=0.13 sys=0.00, real=0.01 secs] 
2020-09-29T18:14:38.906+0200: 82.789: [GC (Allocation Failure) 2020-09-29T18:14:38.906+0200: 82.789: [ParNew: 577670K->39807K(613440K), 0.0185176 secs] 599274K->61411K(2029056K), 0.0185790 secs] [Times: user=0.11 sys=0.00, real=0.02 secs] 
2020-09-29T18:14:38.981+0200: 82.863: [GC (Allocation Failure) 2020-09-29T18:14:38.981+0200: 82.863: [ParNew: 585151K->47682K(613440K), 0.0178753 secs] 606755K->69286K(2029056K), 0.0179475 secs] [Times: user=0.13 sys=0.00, real=0.02 secs] 
2020-09-29T18:14:39.050+0200: 82.933: [GC (Allocation Failure) 2020-09-29T18:14:39.050+0200: 82.933: [ParNew: 593026K->63771K(613440K), 0.0218358 secs] 614630K->85375K(2029056K), 0.0219039 secs] [Times: user=0.23 sys=0.00, real=0.02 secs] 
2020-09-29T18:14:39.121+0200: 83.004: [GC (Allocation Failure) 2020-09-29T18:14:39.121+0200: 83.004: [ParNew: 609115K->49995K(613440K), 0.0200415 secs] 630719K->71599K(2029056K), 0.0201068 secs] [Times: user=0.13 sys=0.00, real=0.02 secs] 
2020-09-29T18:14:39.188+0200: 83.070: [GC (Allocation Failure) 2020-09-29T18:14:39.188+0200: 83.070: [ParNew: 595339K->52674K(613440K), 0.0189105 secs] 616943K->74278K(2029056K), 0.0189829 secs] [Times: user=0.13 sys=0.00, real=0.02 secs] 
2020-09-29T18:14:39.257+0200: 83.140: [GC (Allocation Failure) 2020-09-29T18:14:39.257+0200: 83.140: [ParNew: 598018K->68096K(613440K), 0.0250299 secs] 619622K->91195K(2029056K), 0.0250930 secs] [Times: user=0.13 sys=0.00, real=0.03 secs] 
2020-09-29T18:14:39.330+0200: 83.212: [GC (Allocation Failure) 2020-09-29T18:14:39.330+0200: 83.212: [ParNew: 613440K->54754K(613440K), 0.0178333 secs] 636539K->77853K(2029056K), 0.0179024 secs] [Times: user=0.13 sys=0.00, real=0.02 secs] 
2020-09-29T18:14:39.397+0200: 83.280: [GC (Allocation Failure) 2020-09-29T18:14:39.397+0200: 83.280: [ParNew: 600098K->44244K(613440K), 0.0179209 secs] 623197K->67343K(2029056K), 0.0179978 secs] [Times: user=0.13 sys=0.00, real=0.02 secs] 
2020-09-29T18:14:39.462+0200: 83.344: [GC (Allocation Failure) 2020-09-29T18:14:39.462+0200: 83.344: [ParNew: 589588K->39463K(613440K), 0.0107605 secs] 612687K->62562K(2029056K), 0.0108396 secs] [Times: user=0.00 sys=0.00, real=0.01 secs] 
2020-09-29T18:14:39.533+0200: 83.415: [GC (Allocation Failure) 2020-09-29T18:14:39.533+0200: 83.415: [ParNew: 584807K->24661K(613440K), 0.0101804 secs] 607906K->47760K(2029056K), 0.0102351 secs] [Times: user=0.13 sys=0.00, real=0.01 secs] 
2020-09-29T18:14:39.592+0200: 83.474: [GC (Allocation Failure) 2020-09-29T18:14:39.592+0200: 83.474: [ParNew: 570005K->44586K(613440K), 0.0192400 secs] 593104K->67686K(2029056K), 0.0192968 secs] [Times: user=0.13 sys=0.00, real=0.02 secs] 
2020-09-29T18:14:39.660+0200: 83.543: [GC (Allocation Failure) 2020-09-29T18:14:39.661+0200: 83.543: [ParNew: 589930K->60704K(613440K), 0.0192077 secs] 613030K->83803K(2029056K), 0.0192857 secs] [Times: user=0.13 sys=0.02, real=0.02 secs] 
2020-09-29T18:14:39.732+0200: 83.614: [GC (Allocation Failure) 2020-09-29T18:14:39.732+0200: 83.614: [ParNew: 606048K->43566K(613440K), 0.0178124 secs] 629147K->66665K(2029056K), 0.0178674 secs] [Times: user=0.13 sys=0.00, real=0.02 secs] 
2020-09-29T18:14:39.799+0200: 83.681: [GC (Allocation Failure) 2020-09-29T18:14:39.799+0200: 83.681: [ParNew: 588910K->37668K(613440K), 0.0182521 secs] 612009K->60767K(2029056K), 0.0183320 secs] [Times: user=0.25 sys=0.00, real=0.02 secs] 
2020-09-29T18:14:39.869+0200: 83.751: [GC (Allocation Failure) 2020-09-29T18:14:39.869+0200: 83.751: [ParNew: 583012K->64994K(613440K), 0.0210014 secs] 606111K->88093K(2029056K), 0.0210580 secs] [Times: user=0.13 sys=0.00, real=0.02 secs] 
2020-09-29T18:14:39.939+0200: 83.821: [GC (Allocation Failure) 2020-09-29T18:14:39.939+0200: 83.821: [ParNew: 610338K->49859K(613440K), 0.0159456 secs] 633437K->72958K(2029056K), 0.0160040 secs] [Times: user=0.13 sys=0.00, real=0.02 secs] 
2020-09-29T18:14:40.002+0200: 83.885: [GC (Allocation Failure) 2020-09-29T18:14:40.002+0200: 83.885: [ParNew: 595203K->47664K(613440K), 0.0202688 secs] 618302K->70763K(2029056K), 0.0203241 secs] [Times: user=0.25 sys=0.00, real=0.02 secs] 
2020-09-29T18:14:40.069+0200: 83.951: [GC (Allocation Failure) 2020-09-29T18:14:40.069+0200: 83.951: [ParNew: 593008K->40421K(613440K), 0.0144348 secs] 616107K->63520K(2029056K), 0.0144939 secs] [Times: user=0.11 sys=0.00, real=0.01 secs] 
2020-09-29T18:14:40.132+0200: 84.015: [GC (Allocation Failure) 2020-09-29T18:14:40.132+0200: 84.015: [ParNew: 585765K->34285K(613440K), 0.0126474 secs] 608864K->57384K(2029056K), 0.0127073 secs] [Times: user=0.13 sys=0.00, real=0.01 secs] 
2020-09-29T18:14:40.192+0200: 84.074: [GC (Allocation Failure) 2020-09-29T18:14:40.192+0200: 84.074: [ParNew: 579629K->29680K(613440K), 0.0108487 secs] 602728K->52779K(2029056K), 0.0109268 secs] [Times: user=0.00 sys=0.00, real=0.01 secs] 
2020-09-29T18:14:40.254+0200: 84.136: [GC (Allocation Failure) 2020-09-29T18:14:40.254+0200: 84.136: [ParNew: 575024K->50968K(613440K), 0.0207052 secs] 598123K->74067K(2029056K), 0.0207767 secs] [Times: user=0.25 sys=0.00, real=0.02 secs] 
2020-09-29T18:14:40.324+0200: 84.206: [GC (Allocation Failure) 2020-09-29T18:14:40.324+0200: 84.206: [ParNew: 596312K->39326K(613440K), 0.0147271 secs] 619411K->62425K(2029056K), 0.0148219 secs] [Times: user=0.13 sys=0.00, real=0.02 secs] 
2020-09-29T18:14:40.389+0200: 84.271: [GC (Allocation Failure) 2020-09-29T18:14:40.389+0200: 84.271: [ParNew: 584670K->56884K(613440K), 0.0195254 secs] 607769K->79983K(2029056K), 0.0196077 secs] [Times: user=0.13 sys=0.00, real=0.02 secs] 
2020-09-29T18:14:40.456+0200: 84.338: [GC (Allocation Failure) 2020-09-29T18:14:40.456+0200: 84.338: [ParNew: 602228K->43964K(613440K), 0.0173720 secs] 625327K->67063K(2029056K), 0.0174245 secs] [Times: user=0.13 sys=0.00, real=0.02 secs] 
2020-09-29T18:14:40.525+0200: 84.407: [GC (Allocation Failure) 2020-09-29T18:14:40.525+0200: 84.407: [ParNew: 589308K->38984K(613440K), 0.0174836 secs] 612407K->62083K(2029056K), 0.0175732 secs] [Times: user=0.13 sys=0.00, real=0.02 secs] 
2020-09-29T18:14:40.591+0200: 84.473: [GC (Allocation Failure) 2020-09-29T18:14:40.591+0200: 84.473: [ParNew: 584328K->41552K(613440K), 0.0159579 secs] 607427K->64651K(2029056K), 0.0160141 secs] [Times: user=0.13 sys=0.00, real=0.02 secs] 
2020-09-29T18:14:40.661+0200: 84.543: [GC (Allocation Failure) 2020-09-29T18:14:40.661+0200: 84.543: [ParNew: 586896K->39523K(613440K), 0.0152802 secs] 609995K->62622K(2029056K), 0.0153378 secs] [Times: user=0.00 sys=0.00, real=0.02 secs] 
2020-09-29T18:14:40.726+0200: 84.609: [GC (Allocation Failure) 2020-09-29T18:14:40.727+0200: 84.609: [ParNew: 584867K->36456K(613440K), 0.0148154 secs] 607966K->59555K(2029056K), 0.0148768 secs] [Times: user=0.13 sys=0.00, real=0.01 secs] 
2020-09-29T18:14:40.793+0200: 84.676: [GC (Allocation Failure) 2020-09-29T18:14:40.793+0200: 84.676: [ParNew: 581800K->33352K(613440K), 0.0132974 secs] 604899K->56451K(2029056K), 0.0133560 secs] [Times: user=0.13 sys=0.00, real=0.01 secs] 
2020-09-29T18:14:40.854+0200: 84.737: [GC (Allocation Failure) 2020-09-29T18:14:40.854+0200: 84.737: [ParNew: 578696K->55566K(613440K), 0.0226809 secs] 601795K->78665K(2029056K), 0.0227368 secs] [Times: user=0.13 sys=0.00, real=0.02 secs] 
2020-09-29T18:14:40.925+0200: 84.808: [GC (Allocation Failure) 2020-09-29T18:14:40.925+0200: 84.808: [ParNew: 600910K->52303K(613440K), 0.0175734 secs] 624009K->75402K(2029056K), 0.0176324 secs] [Times: user=0.25 sys=0.00, real=0.02 secs] 
2020-09-29T18:14:40.989+0200: 84.872: [GC (Allocation Failure) 2020-09-29T18:14:40.989+0200: 84.872: [ParNew: 597647K->36898K(613440K), 0.0107649 secs] 620746K->59997K(2029056K), 0.0108221 secs] [Times: user=0.00 sys=0.00, real=0.01 secs] 
2020-09-29T18:14:41.049+0200: 84.932: [GC (Allocation Failure) 2020-09-29T18:14:41.049+0200: 84.932: [ParNew: 582242K->36322K(613440K), 0.0160030 secs] 605341K->59422K(2029056K), 0.0160573 secs] [Times: user=0.13 sys=0.00, real=0.02 secs] 
2020-09-29T18:14:41.115+0200: 84.998: [GC (Allocation Failure) 2020-09-29T18:14:41.115+0200: 84.998: [ParNew: 581666K->46915K(613440K), 0.0143837 secs] 604766K->70014K(2029056K), 0.0144667 secs] [Times: user=0.13 sys=0.00, real=0.02 secs] 
2020-09-29T18:14:41.177+0200: 85.059: [GC (Allocation Failure) 2020-09-29T18:14:41.177+0200: 85.059: [ParNew: 592259K->50456K(613440K), 0.0199974 secs] 615358K->73555K(2029056K), 0.0200506 secs] [Times: user=0.13 sys=0.00, real=0.02 secs] 
2020-09-29T18:14:41.245+0200: 85.128: [GC (Allocation Failure) 2020-09-29T18:14:41.245+0200: 85.128: [ParNew: 595800K->65332K(613440K), 0.0191862 secs] 618899K->88431K(2029056K), 0.0192445 secs] [Times: user=0.13 sys=0.00, real=0.02 secs] 
2020-09-29T18:14:41.312+0200: 85.195: [GC (Allocation Failure) 2020-09-29T18:14:41.312+0200: 85.195: [ParNew: 610676K->46632K(613440K), 0.0184354 secs] 633775K->69731K(2029056K), 0.0184902 secs] [Times: user=0.13 sys=0.00, real=0.02 secs] 
2020-09-29T18:14:41.377+0200: 85.260: [GC (Allocation Failure) 2020-09-29T18:14:41.377+0200: 85.260: [ParNew: 591976K->42011K(613440K), 0.0159555 secs] 615075K->65110K(2029056K), 0.0160381 secs] [Times: user=0.13 sys=0.00, real=0.02 secs] 
2020-09-29T18:14:41.443+0200: 85.326: [GC (Allocation Failure) 2020-09-29T18:14:41.443+0200: 85.326: [ParNew: 587355K->37885K(613440K), 0.0157574 secs] 610454K->60984K(2029056K), 0.0158155 secs] [Times: user=0.13 sys=0.00, real=0.02 secs] 
2020-09-29T18:14:41.513+0200: 85.396: [GC (Allocation Failure) 2020-09-29T18:14:41.513+0200: 85.396: [ParNew: 583229K->58194K(613440K), 0.0200014 secs] 606328K->81293K(2029056K), 0.0200809 secs] [Times: user=0.13 sys=0.00, real=0.02 secs] 
2020-09-29T18:14:41.582+0200: 85.465: [GC (Allocation Failure) 2020-09-29T18:14:41.582+0200: 85.465: [ParNew: 603538K->40982K(613440K), 0.0153596 secs] 626637K->64082K(2029056K), 0.0154363 secs] [Times: user=0.11 sys=0.00, real=0.01 secs] 
2020-09-29T18:14:41.645+0200: 85.528: [GC (Allocation Failure) 2020-09-29T18:14:41.645+0200: 85.528: [ParNew: 586326K->35936K(613440K), 0.0148365 secs] 609426K->59035K(2029056K), 0.0149254 secs] [Times: user=0.00 sys=0.00, real=0.02 secs] 
2020-09-29T18:14:41.709+0200: 85.592: [GC (Allocation Failure) 2020-09-29T18:14:41.709+0200: 85.592: [ParNew: 581280K->31501K(613440K), 0.0129827 secs] 604379K->54600K(2029056K), 0.0130402 secs] [Times: user=0.00 sys=0.00, real=0.01 secs] 
2020-09-29T18:14:41.783+0200: 85.666: [GC (Allocation Failure) 2020-09-29T18:14:41.783+0200: 85.666: [ParNew: 576845K->25071K(613440K), 0.0120135 secs] 599944K->48170K(2029056K), 0.0120786 secs] [Times: user=0.13 sys=0.00, real=0.01 secs] 
2020-09-29T18:14:41.844+0200: 85.727: [GC (Allocation Failure) 2020-09-29T18:14:41.844+0200: 85.727: [ParNew: 570415K->18351K(613440K), 0.0111995 secs] 593514K->41450K(2029056K), 0.0112584 secs] [Times: user=0.13 sys=0.00, real=0.01 secs] 
2020-09-29T18:14:41.910+0200: 85.792: [GC (Allocation Failure) 2020-09-29T18:14:41.910+0200: 85.793: [ParNew: 563695K->35782K(613440K), 0.0150888 secs] 586794K->58881K(2029056K), 0.0151722 secs] [Times: user=0.13 sys=0.00, real=0.01 secs] 
2020-09-29T18:14:41.976+0200: 85.858: [GC (Allocation Failure) 2020-09-29T18:14:41.976+0200: 85.858: [ParNew: 581126K->47895K(613440K), 0.0196410 secs] 604225K->70994K(2029056K), 0.0196962 secs] [Times: user=0.13 sys=0.00, real=0.02 secs] 
2020-09-29T18:14:42.041+0200: 85.924: [GC (Allocation Failure) 2020-09-29T18:14:42.041+0200: 85.924: [ParNew: 593239K->38357K(613440K), 0.0137823 secs] 616338K->61456K(2029056K), 0.0138701 secs] [Times: user=0.13 sys=0.00, real=0.01 secs] 
2020-09-29T18:14:42.105+0200: 85.987: [GC (Allocation Failure) 2020-09-29T18:14:42.105+0200: 85.987: [ParNew: 583701K->30332K(613440K), 0.0129823 secs] 606800K->53431K(2029056K), 0.0130620 secs] [Times: user=0.13 sys=0.00, real=0.01 secs] 
2020-09-29T18:14:42.170+0200: 86.053: [GC (Allocation Failure) 2020-09-29T18:14:42.170+0200: 86.053: [ParNew: 575676K->48694K(613440K), 0.0172546 secs] 598775K->71793K(2029056K), 0.0173142 secs] [Times: user=0.13 sys=0.00, real=0.02 secs] 
2020-09-29T18:14:42.237+0200: 86.120: [GC (Allocation Failure) 2020-09-29T18:14:42.237+0200: 86.120: [ParNew: 594038K->47866K(613440K), 0.0171894 secs] 617137K->70965K(2029056K), 0.0172616 secs] [Times: user=0.13 sys=0.00, real=0.02 secs] 
2020-09-29T18:14:42.305+0200: 86.187: [GC (Allocation Failure) 2020-09-29T18:14:42.305+0200: 86.187: [ParNew: 593210K->33374K(613440K), 0.0161898 secs] 616309K->56473K(2029056K), 0.0162668 secs] [Times: user=0.13 sys=0.00, real=0.02 secs] 
2020-09-29T18:14:42.368+0200: 86.250: [GC (Allocation Failure) 2020-09-29T18:14:42.368+0200: 86.250: [ParNew: 578718K->33988K(613440K), 0.0143483 secs] 601817K->57087K(2029056K), 0.0144221 secs] [Times: user=0.13 sys=0.00, real=0.01 secs] 
2020-09-29T18:14:42.439+0200: 86.322: [GC (Allocation Failure) 2020-09-29T18:14:42.439+0200: 86.322: [ParNew: 579332K->29077K(613440K), 0.0146318 secs] 602431K->52176K(2029056K), 0.0147051 secs] [Times: user=0.13 sys=0.00, real=0.02 secs] 
2020-09-29T18:14:42.503+0200: 86.386: [GC (Allocation Failure) 2020-09-29T18:14:42.503+0200: 86.386: [ParNew: 574421K->50368K(613440K), 0.0185430 secs] 597520K->73467K(2029056K), 0.0186075 secs] [Times: user=0.25 sys=0.00, real=0.02 secs] 
2020-09-29T18:14:42.567+0200: 86.450: [GC (Allocation Failure) 2020-09-29T18:14:42.567+0200: 86.450: [ParNew: 595712K->30378K(613440K), 0.0064377 secs] 618811K->53477K(2029056K), 0.0065483 secs] [Times: user=0.00 sys=0.00, real=0.01 secs] 
2020-09-29T18:14:42.628+0200: 86.511: [GC (Allocation Failure) 2020-09-29T18:14:42.628+0200: 86.511: [ParNew: 575722K->37863K(613440K), 0.0167407 secs] 598821K->60962K(2029056K), 0.0167979 secs] [Times: user=0.25 sys=0.00, real=0.02 secs] 
2020-09-29T18:14:42.696+0200: 86.578: [GC (Allocation Failure) 2020-09-29T18:14:42.696+0200: 86.578: [ParNew: 583207K->30047K(613440K), 0.0093275 secs] 606306K->53146K(2029056K), 0.0093815 secs] [Times: user=0.00 sys=0.00, real=0.01 secs] 
2020-09-29T18:14:42.758+0200: 86.640: [GC (Allocation Failure) 2020-09-29T18:14:42.758+0200: 86.640: [ParNew: 575391K->36070K(613440K), 0.0159197 secs] 598490K->59169K(2029056K), 0.0159867 secs] [Times: user=0.13 sys=0.00, real=0.02 secs] 
2020-09-29T18:14:42.820+0200: 86.702: [GC (Allocation Failure) 2020-09-29T18:14:42.820+0200: 86.702: [ParNew: 581414K->29974K(613440K), 0.0141158 secs] 604513K->53073K(2029056K), 0.0141763 secs] [Times: user=0.13 sys=0.00, real=0.01 secs] 
2020-09-29T18:14:42.881+0200: 86.764: [GC (Allocation Failure) 2020-09-29T18:14:42.881+0200: 86.764: [ParNew: 575318K->32071K(613440K), 0.0150142 secs] 598417K->55171K(2029056K), 0.0150688 secs] [Times: user=0.13 sys=0.00, real=0.01 secs] 
2020-09-29T18:14:42.946+0200: 86.829: [GC (Allocation Failure) 2020-09-29T18:14:42.946+0200: 86.829: [ParNew: 577415K->27848K(613440K), 0.0136440 secs] 600515K->50947K(2029056K), 0.0137188 secs] [Times: user=0.13 sys=0.00, real=0.01 secs] 
2020-09-29T18:14:43.007+0200: 86.890: [GC (Allocation Failure) 2020-09-29T18:14:43.007+0200: 86.890: [ParNew: 572539K->5194K(613440K), 0.0038068 secs] 595638K->28293K(2029056K), 0.0038725 secs] [Times: user=0.00 sys=0.00, real=0.00 secs] 
2020-09-29T18:14:43.055+0200: 86.938: [GC (Allocation Failure) 2020-09-29T18:14:43.055+0200: 86.938: [ParNew: 550538K->18201K(613440K), 0.0102038 secs] 573637K->41300K(2029056K), 0.0102725 secs] [Times: user=0.00 sys=0.00, real=0.01 secs] 
2020-09-29T18:14:43.108+0200: 86.991: [GC (Allocation Failure) 2020-09-29T18:14:43.108+0200: 86.991: [ParNew: 563545K->27270K(613440K), 0.0135758 secs] 586644K->50369K(2029056K), 0.0136319 secs] [Times: user=0.13 sys=0.00, real=0.01 secs] 
2020-09-29T18:14:43.167+0200: 87.049: [GC (Allocation Failure) 2020-09-29T18:14:43.167+0200: 87.049: [ParNew: 572614K->21429K(613440K), 0.0071831 secs] 595713K->44528K(2029056K), 0.0072411 secs] [Times: user=0.00 sys=0.00, real=0.01 secs] 
2020-09-29T18:14:43.232+0200: 87.115: [GC (Allocation Failure) 2020-09-29T18:14:43.232+0200: 87.115: [ParNew: 566773K->23281K(613440K), 0.0120753 secs] 589872K->46380K(2029056K), 0.0121290 secs] [Times: user=0.13 sys=0.00, real=0.01 secs] 
2020-09-29T18:14:43.294+0200: 87.176: [GC (Allocation Failure) 2020-09-29T18:14:43.294+0200: 87.176: [ParNew: 568625K->32554K(613440K), 0.0115306 secs] 591724K->55654K(2029056K), 0.0116092 secs] [Times: user=0.13 sys=0.00, real=0.01 secs] 
2020-09-29T18:14:43.357+0200: 87.240: [GC (Allocation Failure) 2020-09-29T18:14:43.357+0200: 87.240: [ParNew: 577898K->38400K(613440K), 0.0164486 secs] 600998K->61499K(2029056K), 0.0165371 secs] [Times: user=0.13 sys=0.00, real=0.02 secs] 
2020-09-29T18:14:43.420+0200: 87.303: [GC (Allocation Failure) 2020-09-29T18:14:43.420+0200: 87.303: [ParNew: 583744K->25841K(613440K), 0.0108706 secs] 606843K->48941K(2029056K), 0.0109355 secs] [Times: user=0.13 sys=0.00, real=0.01 secs] 
2020-09-29T18:14:43.478+0200: 87.361: [GC (Allocation Failure) 2020-09-29T18:14:43.478+0200: 87.361: [ParNew: 571185K->16066K(613440K), 0.0090462 secs] 594285K->39165K(2029056K), 0.0091195 secs] [Times: user=0.00 sys=0.00, real=0.01 secs] 
2020-09-29T18:14:43.538+0200: 87.421: [GC (Allocation Failure) 2020-09-29T18:14:43.538+0200: 87.421: [ParNew: 561410K->13287K(613440K), 0.0081662 secs] 584509K->36387K(2029056K), 0.0082366 secs] [Times: user=0.00 sys=0.00, real=0.01 secs] 
2020-09-29T18:14:43.595+0200: 87.478: [GC (Allocation Failure) 2020-09-29T18:14:43.595+0200: 87.478: [ParNew: 558631K->28292K(613440K), 0.0141187 secs] 581731K->51391K(2029056K), 0.0141878 secs] [Times: user=0.11 sys=0.00, real=0.01 secs] 
2020-09-29T18:14:43.653+0200: 87.536: [GC (Allocation Failure) 2020-09-29T18:14:43.653+0200: 87.536: [ParNew: 571941K->4221K(613440K), 0.0036889 secs] 595040K->27320K(2029056K), 0.0037443 secs] [Times: user=0.00 sys=0.00, real=0.00 secs] 
2020-09-29T18:14:43.710+0200: 87.593: [GC (Allocation Failure) 2020-09-29T18:14:43.710+0200: 87.593: [ParNew: 549565K->19268K(613440K), 0.0099851 secs] 572664K->42367K(2029056K), 0.0100530 secs] [Times: user=0.00 sys=0.00, real=0.01 secs] 
2020-09-29T18:14:43.767+0200: 87.650: [GC (Allocation Failure) 2020-09-29T18:14:43.767+0200: 87.650: [ParNew: 564612K->34137K(613440K), 0.0147484 secs] 587711K->57236K(2029056K), 0.0148200 secs] [Times: user=0.13 sys=0.00, real=0.02 secs] 
2020-09-29T18:14:43.829+0200: 87.712: [GC (Allocation Failure) 2020-09-29T18:14:43.829+0200: 87.712: [ParNew: 579481K->22924K(613440K), 0.0084178 secs] 602580K->46023K(2029056K), 0.0084760 secs] [Times: user=0.13 sys=0.00, real=0.01 secs] 
2020-09-29T18:14:43.882+0200: 87.765: [GC (Allocation Failure) 2020-09-29T18:14:43.882+0200: 87.765: [ParNew: 568268K->25666K(613440K), 0.0128154 secs] 591367K->48765K(2029056K), 0.0128725 secs] [Times: user=0.13 sys=0.00, real=0.01 secs] 
2020-09-29T18:14:43.945+0200: 87.828: [GC (Allocation Failure) 2020-09-29T18:14:43.945+0200: 87.828: [ParNew: 571010K->16731K(613440K), 0.0069215 secs] 594109K->39830K(2029056K), 0.0069796 secs] [Times: user=0.00 sys=0.00, real=0.01 secs] 
2020-09-29T18:14:44.016+0200: 87.898: [GC (Allocation Failure) 2020-09-29T18:14:44.016+0200: 87.898: [ParNew: 561177K->3158K(613440K), 0.0037234 secs] 584276K->26257K(2029056K), 0.0037746 secs] [Times: user=0.02 sys=0.00, real=0.00 secs] 
2020-09-29T18:14:44.068+0200: 87.950: [GC (Allocation Failure) 2020-09-29T18:14:44.068+0200: 87.950: [ParNew: 548502K->13546K(613440K), 0.0089618 secs] 571601K->36645K(2029056K), 0.0090434 secs] [Times: user=0.00 sys=0.00, real=0.01 secs] 
2020-09-29T18:14:44.134+0200: 88.017: [GC (Allocation Failure) 2020-09-29T18:14:44.134+0200: 88.017: [ParNew: 558890K->27315K(613440K), 0.0135627 secs] 581989K->50414K(2029056K), 0.0136185 secs] [Times: user=0.13 sys=0.00, real=0.01 secs] 
2020-09-29T18:14:44.197+0200: 88.080: [GC (Allocation Failure) 2020-09-29T18:14:44.204+0200: 88.087: [ParNew: 572659K->22244K(613440K), 0.0067277 secs] 595758K->45344K(2029056K), 0.0137237 secs] [Times: user=0.13 sys=0.00, real=0.01 secs] 
2020-09-29T18:14:44.255+0200: 88.138: [GC (Allocation Failure) 2020-09-29T18:14:44.255+0200: 88.138: [ParNew: 567588K->38263K(613440K), 0.0190237 secs] 590688K->61363K(2029056K), 0.0190935 secs] [Times: user=0.13 sys=0.00, real=0.02 secs] 
2020-09-29T18:14:44.319+0200: 88.202: [GC (Allocation Failure) 2020-09-29T18:14:44.319+0200: 88.202: [ParNew: 583607K->30732K(613440K), 0.0115555 secs] 606707K->53831K(2029056K), 0.0116113 secs] [Times: user=0.00 sys=0.00, real=0.01 secs] 
2020-09-29T18:14:44.376+0200: 88.259: [GC (Allocation Failure) 2020-09-29T18:14:44.376+0200: 88.259: [ParNew: 576076K->29622K(613440K), 0.0106205 secs] 599175K->52722K(2029056K), 0.0107101 secs] [Times: user=0.13 sys=0.00, real=0.01 secs] 
2020-09-29T18:14:44.433+0200: 88.316: [GC (Allocation Failure) 2020-09-29T18:14:44.433+0200: 88.316: [ParNew: 574966K->35172K(613440K), 0.0165377 secs] 598066K->58271K(2029056K), 0.0166247 secs] [Times: user=0.13 sys=0.00, real=0.02 secs] 
2020-09-29T18:14:44.494+0200: 88.377: [GC (Allocation Failure) 2020-09-29T18:14:44.494+0200: 88.377: [ParNew: 580516K->44269K(613440K), 0.0151499 secs] 603615K->67368K(2029056K), 0.0152188 secs] [Times: user=0.13 sys=0.00, real=0.02 secs] 
2020-09-29T18:14:44.554+0200: 88.437: [GC (Allocation Failure) 2020-09-29T18:14:44.554+0200: 88.437: [ParNew: 589613K->29431K(613440K), 0.0144377 secs] 612712K->52530K(2029056K), 0.0144980 secs] [Times: user=0.13 sys=0.00, real=0.01 secs] 
2020-09-29T18:14:44.622+0200: 88.505: [GC (Allocation Failure) 2020-09-29T18:14:44.622+0200: 88.505: [ParNew: 573034K->25682K(613440K), 0.0141493 secs] 596133K->48781K(2029056K), 0.0142073 secs] [Times: user=0.13 sys=0.00, real=0.01 secs] 
2020-09-29T18:14:44.683+0200: 88.566: [GC (Allocation Failure) 2020-09-29T18:14:44.683+0200: 88.566: [ParNew: 571026K->25912K(613440K), 0.0120846 secs] 594125K->49011K(2029056K), 0.0121426 secs] [Times: user=0.13 sys=0.00, real=0.01 secs] 
2020-09-29T18:14:44.743+0200: 88.626: [GC (Allocation Failure) 2020-09-29T18:14:44.743+0200: 88.626: [ParNew: 571256K->22757K(613440K), 0.0114770 secs] 594355K->45856K(2029056K), 0.0115321 secs] [Times: user=0.13 sys=0.00, real=0.01 secs] 
2020-09-29T18:14:44.809+0200: 88.692: [GC (Allocation Failure) 2020-09-29T18:14:44.809+0200: 88.692: [ParNew: 568101K->20790K(613440K), 0.0102660 secs] 591200K->43890K(2029056K), 0.0103207 secs] [Times: user=0.13 sys=0.00, real=0.01 secs] 
2020-09-29T18:14:44.865+0200: 88.748: [GC (Allocation Failure) 2020-09-29T18:14:44.865+0200: 88.748: [ParNew: 566134K->32363K(613440K), 0.0158629 secs] 589234K->55462K(2029056K), 0.0159162 secs] [Times: user=0.13 sys=0.00, real=0.02 secs] 
2020-09-29T18:14:44.927+0200: 88.810: [GC (Allocation Failure) 2020-09-29T18:14:44.927+0200: 88.810: [ParNew: 577707K->25840K(613440K), 0.0095670 secs] 600806K->48939K(2029056K), 0.0096210 secs] [Times: user=0.00 sys=0.00, real=0.01 secs] 
2020-09-29T18:14:44.981+0200: 88.864: [GC (Allocation Failure) 2020-09-29T18:14:44.981+0200: 88.864: [ParNew: 571184K->33628K(613440K), 0.0141339 secs] 594283K->56728K(2029056K), 0.0141897 secs] [Times: user=0.13 sys=0.00, real=0.01 secs] 
2020-09-29T18:14:45.044+0200: 88.927: [GC (Allocation Failure) 2020-09-29T18:14:45.044+0200: 88.927: [ParNew: 578972K->38831K(613440K), 0.0134184 secs] 602072K->61930K(2029056K), 0.0134942 secs] [Times: user=0.13 sys=0.00, real=0.01 secs] 
2020-09-29T18:14:45.104+0200: 88.987: [GC (Allocation Failure) 2020-09-29T18:14:45.104+0200: 88.987: [ParNew: 584175K->30051K(613440K), 0.0124466 secs] 607274K->53151K(2029056K), 0.0125016 secs] [Times: user=0.13 sys=0.00, real=0.01 secs] 
2020-09-29T18:14:45.169+0200: 89.052: [GC (Allocation Failure) 2020-09-29T18:14:45.169+0200: 89.053: [ParNew: 575395K->23741K(613440K), 0.0120420 secs] 598495K->46841K(2029056K), 0.0120959 secs] [Times: user=0.13 sys=0.00, real=0.01 secs] 
2020-09-29T18:14:45.227+0200: 89.111: [GC (Allocation Failure) 2020-09-29T18:14:45.227+0200: 89.111: [ParNew: 569085K->23125K(613440K), 0.0113202 secs] 592185K->46224K(2029056K), 0.0113783 secs] [Times: user=0.00 sys=0.00, real=0.01 secs] 
2020-09-29T18:14:45.285+0200: 89.168: [GC (Allocation Failure) 2020-09-29T18:14:45.285+0200: 89.168: [ParNew: 568469K->22095K(613440K), 0.0104498 secs] 591568K->45194K(2029056K), 0.0105391 secs] [Times: user=0.00 sys=0.00, real=0.01 secs] 
2020-09-29T18:14:45.342+0200: 89.225: [GC (Allocation Failure) 2020-09-29T18:14:45.342+0200: 89.225: [ParNew: 567439K->19266K(613440K), 0.0101148 secs] 590538K->42365K(2029056K), 0.0101691 secs] [Times: user=0.13 sys=0.00, real=0.01 secs] 
2020-09-29T18:14:45.411+0200: 89.294: [GC (Allocation Failure) 2020-09-29T18:14:45.411+0200: 89.294: [ParNew: 564610K->14922K(613440K), 0.0101595 secs] 587709K->38021K(2029056K), 0.0102162 secs] [Times: user=0.00 sys=0.00, real=0.01 secs] 
2020-09-29T18:14:45.471+0200: 89.354: [GC (Allocation Failure) 2020-09-29T18:14:45.471+0200: 89.354: [ParNew: 560266K->28326K(613440K), 0.0138909 secs] 583365K->51425K(2029056K), 0.0139499 secs] [Times: user=0.13 sys=0.00, real=0.01 secs] 
2020-09-29T18:14:45.535+0200: 89.418: [GC (Allocation Failure) 2020-09-29T18:14:45.535+0200: 89.418: [ParNew: 573670K->36369K(613440K), 0.0132387 secs] 596769K->59468K(2029056K), 0.0132910 secs] [Times: user=0.00 sys=0.00, real=0.01 secs] 
2020-09-29T18:14:45.597+0200: 89.480: [GC (Allocation Failure) 2020-09-29T18:14:45.597+0200: 89.480: [ParNew: 581713K->44152K(613440K), 0.0184094 secs] 604812K->67251K(2029056K), 0.0185426 secs] [Times: user=0.25 sys=0.00, real=0.02 secs] 
2020-09-29T18:14:45.661+0200: 89.545: [GC (Allocation Failure) 2020-09-29T18:14:45.661+0200: 89.545: [ParNew: 589496K->31122K(613440K), 0.0118990 secs] 612595K->54221K(2029056K), 0.0119540 secs] [Times: user=0.00 sys=0.00, real=0.01 secs] 
2020-09-29T18:14:45.719+0200: 89.602: [GC (Allocation Failure) 2020-09-29T18:14:45.719+0200: 89.602: [ParNew: 576466K->29286K(613440K), 0.0107690 secs] 599565K->52386K(2029056K), 0.0108428 secs] [Times: user=0.13 sys=0.00, real=0.01 secs] 
2020-09-29T18:14:45.775+0200: 89.658: [GC (Allocation Failure) 2020-09-29T18:14:45.775+0200: 89.658: [ParNew: 574630K->20013K(613440K), 0.0097517 secs] 597730K->43112K(2029056K), 0.0098077 secs] [Times: user=0.00 sys=0.00, real=0.01 secs] 
2020-09-29T18:14:45.834+0200: 89.718: [GC (Allocation Failure) 2020-09-29T18:14:45.834+0200: 89.718: [ParNew: 565357K->14149K(613440K), 0.0087340 secs] 588456K->37248K(2029056K), 0.0087916 secs] [Times: user=0.00 sys=0.00, real=0.01 secs] 
2020-09-29T18:14:45.889+0200: 89.772: [GC (Allocation Failure) 2020-09-29T18:14:45.889+0200: 89.772: [ParNew: 559493K->13545K(613440K), 0.0086766 secs] 582592K->36644K(2029056K), 0.0087348 secs] [Times: user=0.13 sys=0.00, real=0.01 secs] 
2020-09-29T18:14:45.958+0200: 89.841: [GC (Allocation Failure) 2020-09-29T18:14:45.958+0200: 89.841: [ParNew: 558889K->12369K(613440K), 0.0092626 secs] 581988K->35468K(2029056K), 0.0093198 secs] [Times: user=0.00 sys=0.00, real=0.01 secs] 
2020-09-29T18:14:46.023+0200: 89.906: [GC (Allocation Failure) 2020-09-29T18:14:46.023+0200: 89.906: [ParNew: 557713K->28136K(613440K), 0.0148045 secs] 580812K->51235K(2029056K), 0.0148810 secs] [Times: user=0.13 sys=0.00, real=0.02 secs] 
2020-09-29T18:14:46.087+0200: 89.970: [GC (Allocation Failure) 2020-09-29T18:14:46.087+0200: 89.970: [ParNew: 573480K->34948K(613440K), 0.0139164 secs] 596579K->58047K(2029056K), 0.0139775 secs] [Times: user=0.13 sys=0.00, real=0.01 secs] 
2020-09-29T18:14:46.148+0200: 90.031: [GC (Allocation Failure) 2020-09-29T18:14:46.148+0200: 90.031: [ParNew: 580292K->23933K(613440K), 0.0118637 secs] 603391K->47032K(2029056K), 0.0119183 secs] [Times: user=0.00 sys=0.00, real=0.01 secs] 
2020-09-29T18:14:46.208+0200: 90.091: [GC (Allocation Failure) 2020-09-29T18:14:46.208+0200: 90.091: [ParNew: 569277K->20818K(613440K), 0.0114629 secs] 592376K->43917K(2029056K), 0.0115199 secs] [Times: user=0.00 sys=0.00, real=0.01 secs] 
2020-09-29T18:14:46.268+0200: 90.151: [GC (Allocation Failure) 2020-09-29T18:14:46.268+0200: 90.151: [ParNew: 566162K->17120K(613440K), 0.0103994 secs] 589261K->40219K(2029056K), 0.0104723 secs] [Times: user=0.13 sys=0.00, real=0.01 secs] 
2020-09-29T18:14:46.341+0200: 90.223: [GC (Allocation Failure) 2020-09-29T18:14:46.341+0200: 90.223: [ParNew: 562464K->13937K(613440K), 0.0100558 secs] 585563K->37036K(2029056K), 0.0101144 secs] [Times: user=0.13 sys=0.00, real=0.01 secs] 
2020-09-29T18:14:46.437+0200: 90.319: [GC (Allocation Failure) 2020-09-29T18:14:46.437+0200: 90.319: [ParNew: 559281K->13170K(613440K), 0.0090666 secs] 582380K->36269K(2029056K), 0.0091223 secs] [Times: user=0.13 sys=0.00, real=0.01 secs] 
Heap
 par new generation   total 613440K, used 96472K [0x0000000080000000, 0x00000000a9990000, 0x00000000a9990000)
  eden space 545344K,  15% used [0x0000000080000000, 0x0000000085159890, 0x00000000a1490000)
  from space 68096K,  19% used [0x00000000a5710000, 0x00000000a63ec850, 0x00000000a9990000)
  to   space 68096K,   0% used [0x00000000a1490000, 0x00000000a1490000, 0x00000000a5710000)
 concurrent mark-sweep generation total 1415616K, used 23099K [0x00000000a9990000, 0x0000000100000000, 0x0000000100000000)
 Metaspace       used 2594K, capacity 4486K, committed 4864K, reserved 1056768K
  class space    used 285K, capacity 386K, committed 512K, reserved 1048576K
