Java HotSpot(TM) 64-Bit Server VM (25.261-b12) for windows-amd64 JRE (1.8.0_261-b12), built on Jun 18 2020 06:56:32 by "" with unknown MS VC++:1916
Memory: 4k page, physical 16659684k(9555516k free), swap 23213284k(9185656k free)
CommandLine flags: -XX:InitialHeapSize=2147483648 -XX:MaxHeapSize=2147483648 -XX:MaxNewSize=697933824 -XX:MaxTenuringThreshold=6 -XX:NewSize=697933824 -XX:OldPLABSize=16 -XX:OldSize=1395867648 -XX:+PrintGC -XX:+PrintGCDateStamps -XX:+PrintGCDetails -XX:+PrintGCTimeStamps -XX:+UseCompressedClassPointers -XX:+UseCompressedOops -XX:+UseConcMarkSweepGC -XX:-UseLargePagesIndividualAllocation -XX:+UseParNewGC 
2020-09-29T18:28:17.303+0200: 0.281: [GC (Allocation Failure) 2020-09-29T18:28:17.303+0200: 0.281: [ParNew: 545344K->37202K(613440K), 0.0268887 secs] 545344K->37202K(2029056K), 0.0270667 secs] [Times: user=0.11 sys=0.02, real=0.03 secs] 
2020-09-29T18:28:17.397+0200: 0.375: [GC (Allocation Failure) 2020-09-29T18:28:17.397+0200: 0.375: [ParNew: 582546K->27238K(613440K), 0.0148796 secs] 582546K->27631K(2029056K), 0.0149502 secs] [Times: user=0.11 sys=0.00, real=0.01 secs] 
2020-09-29T18:28:17.464+0200: 0.442: [GC (Allocation Failure) 2020-09-29T18:28:17.464+0200: 0.442: [ParNew: 572582K->30890K(613440K), 0.0155263 secs] 572975K->31282K(2029056K), 0.0155897 secs] [Times: user=0.11 sys=0.00, real=0.02 secs] 
2020-09-29T18:28:17.534+0200: 0.512: [GC (Allocation Failure) 2020-09-29T18:28:17.534+0200: 0.512: [ParNew: 576234K->35131K(613440K), 0.0170276 secs] 576626K->35523K(2029056K), 0.0171081 secs] [Times: user=0.13 sys=0.00, real=0.02 secs] 
2020-09-29T18:28:17.609+0200: 0.587: [GC (Allocation Failure) 2020-09-29T18:28:17.609+0200: 0.587: [ParNew: 580475K->37155K(613440K), 0.0176899 secs] 580867K->37547K(2029056K), 0.0177497 secs] [Times: user=0.13 sys=0.00, real=0.02 secs] 
2020-09-29T18:28:17.682+0200: 0.661: [GC (Allocation Failure) 2020-09-29T18:28:17.682+0200: 0.661: [ParNew: 582499K->37854K(613440K), 0.0176103 secs] 582891K->38247K(2029056K), 0.0176656 secs] [Times: user=0.11 sys=0.00, real=0.02 secs] 
2020-09-29T18:28:17.755+0200: 0.733: [GC (Allocation Failure) 2020-09-29T18:28:17.755+0200: 0.733: [ParNew: 583198K->55330K(613440K), 0.0216817 secs] 583591K->55722K(2029056K), 0.0217735 secs] [Times: user=0.13 sys=0.00, real=0.02 secs] 
2020-09-29T18:28:17.829+0200: 0.807: [GC (Allocation Failure) 2020-09-29T18:28:17.829+0200: 0.807: [ParNew: 600674K->43710K(613440K), 0.0153792 secs] 601066K->44102K(2029056K), 0.0154331 secs] [Times: user=0.13 sys=0.00, real=0.02 secs] 
2020-09-29T18:28:17.897+0200: 0.875: [GC (Allocation Failure) 2020-09-29T18:28:17.897+0200: 0.875: [ParNew: 589054K->41795K(613440K), 0.0198265 secs] 589446K->42188K(2029056K), 0.0198982 secs] [Times: user=0.13 sys=0.00, real=0.02 secs] 
2020-09-29T18:28:17.968+0200: 0.947: [GC (Allocation Failure) 2020-09-29T18:28:17.968+0200: 0.947: [ParNew: 587139K->62292K(613440K), 0.0301182 secs] 587532K->62685K(2029056K), 0.0302072 secs] [Times: user=0.23 sys=0.00, real=0.03 secs] 
2020-09-29T18:28:18.051+0200: 1.030: [GC (Allocation Failure) 2020-09-29T18:28:18.051+0200: 1.030: [ParNew: 607636K->52183K(613440K), 0.0186827 secs] 608029K->52575K(2029056K), 0.0187579 secs] [Times: user=0.20 sys=0.00, real=0.02 secs] 
2020-09-29T18:28:18.123+0200: 1.102: [GC (Allocation Failure) 2020-09-29T18:28:18.123+0200: 1.102: [ParNew: 597527K->43786K(613440K), 0.0170496 secs] 597919K->44179K(2029056K), 0.0171185 secs] [Times: user=0.13 sys=0.00, real=0.02 secs] 
2020-09-29T18:28:18.201+0200: 1.179: [GC (Allocation Failure) 2020-09-29T18:28:18.201+0200: 1.179: [ParNew: 589130K->37627K(613440K), 0.0174220 secs] 589523K->38019K(2029056K), 0.0174889 secs] [Times: user=0.11 sys=0.00, real=0.02 secs] 
2020-09-29T18:28:18.277+0200: 1.255: [GC (Allocation Failure) 2020-09-29T18:28:18.277+0200: 1.255: [ParNew: 582971K->59352K(613440K), 0.0275224 secs] 583363K->59745K(2029056K), 0.0276097 secs] [Times: user=0.22 sys=0.02, real=0.03 secs] 
2020-09-29T18:28:18.356+0200: 1.335: [GC (Allocation Failure) 2020-09-29T18:28:18.356+0200: 1.335: [ParNew: 604696K->48305K(613440K), 0.0247507 secs] 605089K->48698K(2029056K), 0.0248943 secs] [Times: user=0.22 sys=0.00, real=0.03 secs] 
2020-09-29T18:28:18.434+0200: 1.412: [GC (Allocation Failure) 2020-09-29T18:28:18.434+0200: 1.412: [ParNew: 593649K->48529K(613440K), 0.0237050 secs] 594042K->48921K(2029056K), 0.0237861 secs] [Times: user=0.17 sys=0.00, real=0.02 secs] 
2020-09-29T18:28:18.510+0200: 1.489: [GC (Allocation Failure) 2020-09-29T18:28:18.510+0200: 1.489: [ParNew: 593873K->63892K(613440K), 0.0230650 secs] 594265K->64285K(2029056K), 0.0231679 secs] [Times: user=0.13 sys=0.00, real=0.02 secs] 
2020-09-29T18:28:18.588+0200: 1.566: [GC (Allocation Failure) 2020-09-29T18:28:18.588+0200: 1.566: [ParNew: 609236K->50601K(613440K), 0.0225391 secs] 609629K->50994K(2029056K), 0.0226163 secs] [Times: user=0.13 sys=0.00, real=0.02 secs] 
2020-09-29T18:28:18.664+0200: 1.643: [GC (Allocation Failure) 2020-09-29T18:28:18.664+0200: 1.643: [ParNew: 595945K->42169K(613440K), 0.0157257 secs] 596338K->42561K(2029056K), 0.0157836 secs] [Times: user=0.13 sys=0.00, real=0.02 secs] 
2020-09-29T18:28:18.738+0200: 1.716: [GC (Allocation Failure) 2020-09-29T18:28:18.738+0200: 1.716: [ParNew: 587513K->60917K(613440K), 0.0258711 secs] 587905K->61309K(2029056K), 0.0259505 secs] [Times: user=0.25 sys=0.00, real=0.03 secs] 
2020-09-29T18:28:18.815+0200: 1.793: [GC (Allocation Failure) 2020-09-29T18:28:18.815+0200: 1.794: [ParNew: 606261K->35160K(613440K), 0.0160615 secs] 606653K->35552K(2029056K), 0.0161303 secs] [Times: user=0.09 sys=0.00, real=0.02 secs] 
2020-09-29T18:28:18.882+0200: 1.861: [GC (Allocation Failure) 2020-09-29T18:28:18.882+0200: 1.861: [ParNew: 580504K->39772K(613440K), 0.0185736 secs] 580896K->40164K(2029056K), 0.0186316 secs] [Times: user=0.11 sys=0.00, real=0.02 secs] 
2020-09-29T18:28:18.951+0200: 1.929: [GC (Allocation Failure) 2020-09-29T18:28:18.951+0200: 1.929: [ParNew: 585116K->40708K(613440K), 0.0166661 secs] 585508K->41101K(2029056K), 0.0167251 secs] [Times: user=0.11 sys=0.00, real=0.02 secs] 
2020-09-29T18:28:19.021+0200: 2.000: [GC (Allocation Failure) 2020-09-29T18:28:19.021+0200: 2.000: [ParNew: 586052K->35942K(613440K), 0.0148894 secs] 586445K->36334K(2029056K), 0.0149590 secs] [Times: user=0.13 sys=0.00, real=0.02 secs] 
2020-09-29T18:28:19.088+0200: 2.066: [GC (Allocation Failure) 2020-09-29T18:28:19.088+0200: 2.066: [ParNew: 581286K->61268K(613440K), 0.0269711 secs] 581678K->61660K(2029056K), 0.0270283 secs] [Times: user=0.22 sys=0.00, real=0.03 secs] 
2020-09-29T18:28:19.168+0200: 2.147: [GC (Allocation Failure) 2020-09-29T18:28:19.168+0200: 2.147: [ParNew: 606612K->68096K(613440K), 0.0258904 secs] 607004K->68755K(2029056K), 0.0259595 secs] [Times: user=0.25 sys=0.00, real=0.03 secs] 
2020-09-29T18:28:19.246+0200: 2.225: [GC (Allocation Failure) 2020-09-29T18:28:19.246+0200: 2.225: [ParNew: 613440K->47928K(613440K), 0.0127718 secs] 614099K->48587K(2029056K), 0.0128636 secs] [Times: user=0.13 sys=0.00, real=0.01 secs] 
2020-09-29T18:28:19.316+0200: 2.294: [GC (Allocation Failure) 2020-09-29T18:28:19.316+0200: 2.294: [ParNew: 593272K->36796K(613440K), 0.0189299 secs] 593931K->37455K(2029056K), 0.0190278 secs] [Times: user=0.22 sys=0.00, real=0.02 secs] 
2020-09-29T18:28:19.389+0200: 2.367: [GC (Allocation Failure) 2020-09-29T18:28:19.389+0200: 2.367: [ParNew: 582140K->51085K(613440K), 0.0233227 secs] 582799K->51745K(2029056K), 0.0234049 secs] [Times: user=0.23 sys=0.00, real=0.02 secs] 
2020-09-29T18:28:19.466+0200: 2.445: [GC (Allocation Failure) 2020-09-29T18:28:19.466+0200: 2.445: [ParNew: 596429K->58551K(613440K), 0.0220248 secs] 597089K->59210K(2029056K), 0.0221143 secs] [Times: user=0.13 sys=0.00, real=0.02 secs] 
2020-09-29T18:28:19.546+0200: 2.525: [GC (Allocation Failure) 2020-09-29T18:28:19.546+0200: 2.525: [ParNew: 603895K->40584K(613440K), 0.0157017 secs] 604554K->41243K(2029056K), 0.0157844 secs] [Times: user=0.13 sys=0.00, real=0.02 secs] 
2020-09-29T18:28:19.621+0200: 2.599: [GC (Allocation Failure) 2020-09-29T18:28:19.621+0200: 2.599: [ParNew: 585928K->56111K(613440K), 0.0250960 secs] 586587K->56770K(2029056K), 0.0252422 secs] [Times: user=0.25 sys=0.00, real=0.02 secs] 
2020-09-29T18:28:19.699+0200: 2.678: [GC (Allocation Failure) 2020-09-29T18:28:19.699+0200: 2.678: [ParNew: 601455K->37821K(613440K), 0.0132922 secs] 602114K->38480K(2029056K), 0.0133581 secs] [Times: user=0.11 sys=0.00, real=0.01 secs] 
2020-09-29T18:28:19.774+0200: 2.753: [GC (Allocation Failure) 2020-09-29T18:28:19.774+0200: 2.753: [ParNew: 583165K->49359K(613440K), 0.0242653 secs] 583824K->50018K(2029056K), 0.0243353 secs] [Times: user=0.11 sys=0.00, real=0.02 secs] 
2020-09-29T18:28:19.852+0200: 2.831: [GC (Allocation Failure) 2020-09-29T18:28:19.852+0200: 2.831: [ParNew: 594703K->45919K(613440K), 0.0158257 secs] 595362K->46579K(2029056K), 0.0158977 secs] [Times: user=0.13 sys=0.00, real=0.02 secs] 
2020-09-29T18:28:19.926+0200: 2.905: [GC (Allocation Failure) 2020-09-29T18:28:19.926+0200: 2.905: [ParNew: 591263K->38835K(613440K), 0.0150666 secs] 591923K->39494K(2029056K), 0.0151269 secs] [Times: user=0.00 sys=0.00, real=0.02 secs] 
2020-09-29T18:28:19.995+0200: 2.973: [GC (Allocation Failure) 2020-09-29T18:28:19.995+0200: 2.973: [ParNew: 584179K->29486K(613440K), 0.0141397 secs] 584838K->30145K(2029056K), 0.0141959 secs] [Times: user=0.11 sys=0.00, real=0.01 secs] 
2020-09-29T18:28:20.065+0200: 3.044: [GC (Allocation Failure) 2020-09-29T18:28:20.065+0200: 3.044: [ParNew: 574830K->28033K(613440K), 0.0141946 secs] 575489K->28692K(2029056K), 0.0142445 secs] [Times: user=0.11 sys=0.00, real=0.01 secs] 
2020-09-29T18:28:20.136+0200: 3.115: [GC (Allocation Failure) 2020-09-29T18:28:20.136+0200: 3.115: [ParNew: 573377K->49955K(613440K), 0.0187789 secs] 574036K->50614K(2029056K), 0.0188702 secs] [Times: user=0.13 sys=0.00, real=0.02 secs] 
2020-09-29T18:28:20.211+0200: 3.190: [GC (Allocation Failure) 2020-09-29T18:28:20.211+0200: 3.190: [ParNew: 595299K->39811K(613440K), 0.0179148 secs] 595958K->40470K(2029056K), 0.0179709 secs] [Times: user=0.13 sys=0.00, real=0.02 secs] 
2020-09-29T18:28:20.280+0200: 3.259: [GC (Allocation Failure) 2020-09-29T18:28:20.280+0200: 3.259: [ParNew: 585155K->36206K(613440K), 0.0171159 secs] 585814K->36865K(2029056K), 0.0171772 secs] [Times: user=0.13 sys=0.00, real=0.02 secs] 
2020-09-29T18:28:20.353+0200: 3.332: [GC (Allocation Failure) 2020-09-29T18:28:20.353+0200: 3.332: [ParNew: 581550K->55217K(613440K), 0.0220947 secs] 582209K->55876K(2029056K), 0.0221480 secs] [Times: user=0.11 sys=0.00, real=0.02 secs] 
2020-09-29T18:28:20.425+0200: 3.404: [GC (Allocation Failure) 2020-09-29T18:28:20.425+0200: 3.404: [ParNew: 600561K->39914K(613440K), 0.0137857 secs] 601220K->40573K(2029056K), 0.0138456 secs] [Times: user=0.09 sys=0.00, real=0.01 secs] 
2020-09-29T18:28:20.490+0200: 3.468: [GC (Allocation Failure) 2020-09-29T18:28:20.490+0200: 3.468: [ParNew: 585258K->23524K(613440K), 0.0131403 secs] 585917K->24183K(2029056K), 0.0132180 secs] [Times: user=0.00 sys=0.00, real=0.01 secs] 
2020-09-29T18:28:20.564+0200: 3.542: [GC (Allocation Failure) 2020-09-29T18:28:20.564+0200: 3.543: [ParNew: 568868K->41924K(613440K), 0.0187042 secs] 569527K->42583K(2029056K), 0.0187891 secs] [Times: user=0.24 sys=0.00, real=0.02 secs] 
2020-09-29T18:28:20.640+0200: 3.618: [GC (Allocation Failure) 2020-09-29T18:28:20.640+0200: 3.618: [ParNew: 587268K->52355K(613440K), 0.0263420 secs] 587927K->53014K(2029056K), 0.0264222 secs] [Times: user=0.22 sys=0.00, real=0.03 secs] 
2020-09-29T18:28:20.719+0200: 3.697: [GC (Allocation Failure) 2020-09-29T18:28:20.719+0200: 3.697: [ParNew: 597699K->44990K(613440K), 0.0172671 secs] 598358K->45649K(2029056K), 0.0173268 secs] [Times: user=0.11 sys=0.00, real=0.02 secs] 
2020-09-29T18:28:20.791+0200: 3.769: [GC (Allocation Failure) 2020-09-29T18:28:20.791+0200: 3.769: [ParNew: 590334K->40276K(613440K), 0.0155047 secs] 590993K->40935K(2029056K), 0.0155725 secs] [Times: user=0.13 sys=0.00, real=0.02 secs] 
2020-09-29T18:28:20.855+0200: 3.834: [GC (Allocation Failure) 2020-09-29T18:28:20.855+0200: 3.834: [ParNew: 585620K->56950K(613440K), 0.0205521 secs] 586279K->57609K(2029056K), 0.0206218 secs] [Times: user=0.13 sys=0.00, real=0.02 secs] 
2020-09-29T18:28:20.927+0200: 3.905: [GC (Allocation Failure) 2020-09-29T18:28:20.927+0200: 3.905: [ParNew: 602294K->45188K(613440K), 0.0190277 secs] 602953K->45848K(2029056K), 0.0190843 secs] [Times: user=0.13 sys=0.00, real=0.02 secs] 
2020-09-29T18:28:20.995+0200: 3.974: [GC (Allocation Failure) 2020-09-29T18:28:20.995+0200: 3.974: [ParNew: 590532K->45498K(613440K), 0.0181136 secs] 591192K->46157K(2029056K), 0.0181751 secs] [Times: user=0.13 sys=0.00, real=0.02 secs] 
2020-09-29T18:28:21.064+0200: 4.042: [GC (Allocation Failure) 2020-09-29T18:28:21.064+0200: 4.042: [ParNew: 590842K->41170K(613440K), 0.0182475 secs] 591501K->41829K(2029056K), 0.0183359 secs] [Times: user=0.13 sys=0.00, real=0.02 secs] 
2020-09-29T18:28:21.131+0200: 4.109: [GC (Allocation Failure) 2020-09-29T18:28:21.131+0200: 4.109: [ParNew: 586514K->40098K(613440K), 0.0176145 secs] 587173K->40757K(2029056K), 0.0176774 secs] [Times: user=0.13 sys=0.00, real=0.02 secs] 
2020-09-29T18:28:21.196+0200: 4.174: [GC (Allocation Failure) 2020-09-29T18:28:21.196+0200: 4.174: [ParNew: 585442K->63611K(613440K), 0.0211294 secs] 586101K->64270K(2029056K), 0.0211985 secs] [Times: user=0.13 sys=0.00, real=0.02 secs] 
2020-09-29T18:28:21.265+0200: 4.243: [GC (Allocation Failure) 2020-09-29T18:28:21.265+0200: 4.243: [ParNew: 608955K->43170K(613440K), 0.0157205 secs] 609614K->43829K(2029056K), 0.0157932 secs] [Times: user=0.13 sys=0.00, real=0.02 secs] 
2020-09-29T18:28:21.328+0200: 4.306: [GC (Allocation Failure) 2020-09-29T18:28:21.328+0200: 4.306: [ParNew: 588514K->57352K(613440K), 0.0194701 secs] 589173K->58011K(2029056K), 0.0195277 secs] [Times: user=0.11 sys=0.00, real=0.02 secs] 
2020-09-29T18:28:21.394+0200: 4.373: [GC (Allocation Failure) 2020-09-29T18:28:21.394+0200: 4.373: [ParNew: 602696K->43919K(613440K), 0.0181280 secs] 603355K->44578K(2029056K), 0.0181813 secs] [Times: user=0.14 sys=0.00, real=0.02 secs] 
2020-09-29T18:28:21.461+0200: 4.439: [GC (Allocation Failure) 2020-09-29T18:28:21.461+0200: 4.439: [ParNew: 589263K->43525K(613440K), 0.0181902 secs] 589922K->44185K(2029056K), 0.0182450 secs] [Times: user=0.13 sys=0.00, real=0.02 secs] 
2020-09-29T18:28:21.528+0200: 4.506: [GC (Allocation Failure) 2020-09-29T18:28:21.528+0200: 4.506: [ParNew: 588869K->61041K(613440K), 0.0258255 secs] 589529K->61700K(2029056K), 0.0258793 secs] [Times: user=0.23 sys=0.00, real=0.03 secs] 
2020-09-29T18:28:21.602+0200: 4.581: [GC (Allocation Failure) 2020-09-29T18:28:21.602+0200: 4.581: [ParNew: 606385K->47202K(613440K), 0.0173259 secs] 607044K->47861K(2029056K), 0.0173833 secs] [Times: user=0.13 sys=0.00, real=0.02 secs] 
2020-09-29T18:28:21.669+0200: 4.648: [GC (Allocation Failure) 2020-09-29T18:28:21.669+0200: 4.648: [ParNew: 592546K->66607K(613440K), 0.0222345 secs] 593205K->67266K(2029056K), 0.0222985 secs] [Times: user=0.13 sys=0.00, real=0.02 secs] 
2020-09-29T18:28:21.741+0200: 4.719: [GC (Allocation Failure) 2020-09-29T18:28:21.741+0200: 4.719: [ParNew: 611951K->43337K(613440K), 0.0155792 secs] 612610K->43996K(2029056K), 0.0156350 secs] [Times: user=0.13 sys=0.00, real=0.02 secs] 
2020-09-29T18:28:21.806+0200: 4.784: [GC (Allocation Failure) 2020-09-29T18:28:21.806+0200: 4.784: [ParNew: 588681K->35542K(613440K), 0.0143602 secs] 589340K->36201K(2029056K), 0.0144271 secs] [Times: user=0.13 sys=0.00, real=0.01 secs] 
2020-09-29T18:28:21.868+0200: 4.846: [GC (Allocation Failure) 2020-09-29T18:28:21.868+0200: 4.846: [ParNew: 580886K->32994K(613440K), 0.0123235 secs] 581545K->33653K(2029056K), 0.0123883 secs] [Times: user=0.13 sys=0.00, real=0.01 secs] 
2020-09-29T18:28:21.930+0200: 4.909: [GC (Allocation Failure) 2020-09-29T18:28:21.930+0200: 4.909: [ParNew: 578338K->23919K(613440K), 0.0139101 secs] 578997K->24578K(2029056K), 0.0139884 secs] [Times: user=0.13 sys=0.00, real=0.01 secs] 
2020-09-29T18:28:22.000+0200: 4.978: [GC (Allocation Failure) 2020-09-29T18:28:22.000+0200: 4.978: [ParNew: 569263K->42038K(613440K), 0.0171287 secs] 569922K->42697K(2029056K), 0.0171915 secs] [Times: user=0.13 sys=0.00, real=0.02 secs] 
2020-09-29T18:28:22.071+0200: 5.050: [GC (Allocation Failure) 2020-09-29T18:28:22.071+0200: 5.050: [ParNew: 587382K->28640K(613440K), 0.0086307 secs] 588041K->29299K(2029056K), 0.0086880 secs] [Times: user=0.00 sys=0.00, real=0.01 secs] 
2020-09-29T18:28:22.127+0200: 5.105: [GC (Allocation Failure) 2020-09-29T18:28:22.127+0200: 5.105: [ParNew: 573984K->37952K(613440K), 0.0185513 secs] 574643K->38611K(2029056K), 0.0186067 secs] [Times: user=0.25 sys=0.00, real=0.02 secs] 
2020-09-29T18:28:22.195+0200: 5.173: [GC (Allocation Failure) 2020-09-29T18:28:22.195+0200: 5.173: [ParNew: 583296K->54862K(613440K), 0.0178546 secs] 583955K->55521K(2029056K), 0.0179128 secs] [Times: user=0.13 sys=0.00, real=0.02 secs] 
2020-09-29T18:28:22.261+0200: 5.239: [GC (Allocation Failure) 2020-09-29T18:28:22.261+0200: 5.239: [ParNew: 600206K->22031K(613440K), 0.0113001 secs] 600865K->22690K(2029056K), 0.0113567 secs] [Times: user=0.13 sys=0.00, real=0.01 secs] 
2020-09-29T18:28:22.320+0200: 5.298: [GC (Allocation Failure) 2020-09-29T18:28:22.320+0200: 5.298: [ParNew: 567375K->37961K(613440K), 0.0162580 secs] 568034K->38620K(2029056K), 0.0163298 secs] [Times: user=0.13 sys=0.00, real=0.02 secs] 
2020-09-29T18:28:22.390+0200: 5.368: [GC (Allocation Failure) 2020-09-29T18:28:22.390+0200: 5.368: [ParNew: 583305K->46690K(613440K), 0.0204446 secs] 583964K->47349K(2029056K), 0.0205159 secs] [Times: user=0.14 sys=0.00, real=0.02 secs] 
2020-09-29T18:28:22.458+0200: 5.437: [GC (Allocation Failure) 2020-09-29T18:28:22.458+0200: 5.437: [ParNew: 592034K->67628K(613440K), 0.0246540 secs] 592693K->68287K(2029056K), 0.0247221 secs] [Times: user=0.13 sys=0.00, real=0.03 secs] 
2020-09-29T18:28:22.530+0200: 5.509: [GC (Allocation Failure) 2020-09-29T18:28:22.530+0200: 5.509: [ParNew: 612972K->54962K(613440K), 0.0193807 secs] 613631K->55621K(2029056K), 0.0194392 secs] [Times: user=0.13 sys=0.00, real=0.02 secs] 
2020-09-29T18:28:22.598+0200: 5.576: [GC (Allocation Failure) 2020-09-29T18:28:22.598+0200: 5.576: [ParNew: 600306K->45481K(613440K), 0.0176288 secs] 600965K->46140K(2029056K), 0.0177175 secs] [Times: user=0.13 sys=0.00, real=0.02 secs] 
2020-09-29T18:28:22.670+0200: 5.648: [GC (Allocation Failure) 2020-09-29T18:28:22.670+0200: 5.648: [ParNew: 590825K->39977K(613440K), 0.0175119 secs] 591484K->40636K(2029056K), 0.0175878 secs] [Times: user=0.13 sys=0.00, real=0.02 secs] 
2020-09-29T18:28:22.734+0200: 5.712: [GC (Allocation Failure) 2020-09-29T18:28:22.734+0200: 5.712: [ParNew: 585321K->35423K(613440K), 0.0108672 secs] 585980K->36082K(2029056K), 0.0109586 secs] [Times: user=0.13 sys=0.00, real=0.01 secs] 
2020-09-29T18:28:22.795+0200: 5.773: [GC (Allocation Failure) 2020-09-29T18:28:22.795+0200: 5.773: [ParNew: 580767K->46932K(613440K), 0.0208797 secs] 581426K->47592K(2029056K), 0.0209486 secs] [Times: user=0.13 sys=0.00, real=0.02 secs] 
2020-09-29T18:28:22.864+0200: 5.842: [GC (Allocation Failure) 2020-09-29T18:28:22.864+0200: 5.842: [ParNew: 592276K->61825K(613440K), 0.0209713 secs] 592936K->62484K(2029056K), 0.0210338 secs] [Times: user=0.13 sys=0.00, real=0.02 secs] 
2020-09-29T18:28:22.932+0200: 5.910: [GC (Allocation Failure) 2020-09-29T18:28:22.932+0200: 5.910: [ParNew: 607169K->47722K(613440K), 0.0197562 secs] 607828K->48381K(2029056K), 0.0198333 secs] [Times: user=0.13 sys=0.00, real=0.02 secs] 
2020-09-29T18:28:22.999+0200: 5.977: [GC (Allocation Failure) 2020-09-29T18:28:22.999+0200: 5.977: [ParNew: 593066K->48002K(613440K), 0.0174516 secs] 593725K->48661K(2029056K), 0.0175090 secs] [Times: user=0.13 sys=0.00, real=0.02 secs] 
2020-09-29T18:28:23.063+0200: 6.041: [GC (Allocation Failure) 2020-09-29T18:28:23.063+0200: 6.041: [ParNew: 593346K->41782K(613440K), 0.0159852 secs] 594005K->42442K(2029056K), 0.0160473 secs] [Times: user=0.13 sys=0.00, real=0.02 secs] 
2020-09-29T18:28:23.130+0200: 6.109: [GC (Allocation Failure) 2020-09-29T18:28:23.130+0200: 6.109: [ParNew: 587126K->60953K(613440K), 0.0216350 secs] 587786K->61612K(2029056K), 0.0217018 secs] [Times: user=0.13 sys=0.00, real=0.02 secs] 
2020-09-29T18:28:23.202+0200: 6.180: [GC (Allocation Failure) 2020-09-29T18:28:23.202+0200: 6.180: [ParNew: 606297K->68096K(613440K), 0.0269724 secs] 606956K->71133K(2029056K), 0.0270774 secs] [Times: user=0.20 sys=0.05, real=0.03 secs] 
2020-09-29T18:28:23.275+0200: 6.254: [GC (Allocation Failure) 2020-09-29T18:28:23.275+0200: 6.254: [ParNew: 613440K->68096K(613440K), 0.0260044 secs] 616477K->72402K(2029056K), 0.0260587 secs] [Times: user=0.25 sys=0.00, real=0.03 secs] 
2020-09-29T18:28:23.349+0200: 6.327: [GC (Allocation Failure) 2020-09-29T18:28:23.349+0200: 6.327: [ParNew: 613440K->51433K(613440K), 0.0145402 secs] 617746K->55739K(2029056K), 0.0145988 secs] [Times: user=0.00 sys=0.00, real=0.01 secs] 
2020-09-29T18:28:23.413+0200: 6.392: [GC (Allocation Failure) 2020-09-29T18:28:23.413+0200: 6.392: [ParNew: 596777K->45757K(613440K), 0.0186568 secs] 601083K->50063K(2029056K), 0.0187279 secs] [Times: user=0.13 sys=0.00, real=0.02 secs] 
2020-09-29T18:28:23.480+0200: 6.458: [GC (Allocation Failure) 2020-09-29T18:28:23.480+0200: 6.458: [ParNew: 591101K->35650K(613440K), 0.0103015 secs] 595407K->39956K(2029056K), 0.0103577 secs] [Times: user=0.13 sys=0.00, real=0.01 secs] 
2020-09-29T18:28:23.542+0200: 6.521: [GC (Allocation Failure) 2020-09-29T18:28:23.542+0200: 6.521: [ParNew: 580994K->61077K(613440K), 0.0259680 secs] 585300K->65383K(2029056K), 0.0260576 secs] [Times: user=0.25 sys=0.00, real=0.03 secs] 
2020-09-29T18:28:23.616+0200: 6.595: [GC (Allocation Failure) 2020-09-29T18:28:23.616+0200: 6.595: [ParNew: 606421K->44771K(613440K), 0.0157497 secs] 610727K->49077K(2029056K), 0.0158259 secs] [Times: user=0.13 sys=0.00, real=0.02 secs] 
2020-09-29T18:28:23.679+0200: 6.657: [GC (Allocation Failure) 2020-09-29T18:28:23.679+0200: 6.657: [ParNew: 590115K->30979K(613440K), 0.0147009 secs] 594421K->35285K(2029056K), 0.0147768 secs] [Times: user=0.13 sys=0.00, real=0.02 secs] 
2020-09-29T18:28:23.740+0200: 6.719: [GC (Allocation Failure) 2020-09-29T18:28:23.740+0200: 6.719: [ParNew: 576323K->49059K(613440K), 0.0173410 secs] 580629K->53365K(2029056K), 0.0174203 secs] [Times: user=0.13 sys=0.00, real=0.02 secs] 
2020-09-29T18:28:23.808+0200: 6.787: [GC (Allocation Failure) 2020-09-29T18:28:23.808+0200: 6.787: [ParNew: 594403K->36305K(613440K), 0.0168268 secs] 598709K->40611K(2029056K), 0.0169080 secs] [Times: user=0.13 sys=0.00, real=0.02 secs] 
2020-09-29T18:28:23.873+0200: 6.851: [GC (Allocation Failure) 2020-09-29T18:28:23.873+0200: 6.851: [ParNew: 581649K->62765K(613440K), 0.0212205 secs] 585955K->67071K(2029056K), 0.0212790 secs] [Times: user=0.13 sys=0.00, real=0.02 secs] 
2020-09-29T18:28:23.942+0200: 6.920: [GC (Allocation Failure) 2020-09-29T18:28:23.942+0200: 6.920: [ParNew: 608109K->42197K(613440K), 0.0150396 secs] 612415K->46503K(2029056K), 0.0151001 secs] [Times: user=0.00 sys=0.00, real=0.02 secs] 
2020-09-29T18:28:24.004+0200: 6.983: [GC (Allocation Failure) 2020-09-29T18:28:24.004+0200: 6.983: [ParNew: 587541K->33704K(613440K), 0.0136366 secs] 591847K->38010K(2029056K), 0.0136923 secs] [Times: user=0.00 sys=0.00, real=0.01 secs] 
2020-09-29T18:28:24.069+0200: 7.048: [GC (Allocation Failure) 2020-09-29T18:28:24.069+0200: 7.048: [ParNew: 579048K->60878K(613440K), 0.0232158 secs] 583354K->65184K(2029056K), 0.0232709 secs] [Times: user=0.13 sys=0.00, real=0.02 secs] 
2020-09-29T18:28:24.141+0200: 7.120: [GC (Allocation Failure) 2020-09-29T18:28:24.141+0200: 7.120: [ParNew: 606222K->52208K(613440K), 0.0183229 secs] 610528K->56514K(2029056K), 0.0183963 secs] [Times: user=0.13 sys=0.00, real=0.02 secs] 
2020-09-29T18:28:24.209+0200: 7.188: [GC (Allocation Failure) 2020-09-29T18:28:24.209+0200: 7.188: [ParNew: 597552K->40719K(613440K), 0.0177644 secs] 601858K->45025K(2029056K), 0.0178385 secs] [Times: user=0.13 sys=0.00, real=0.02 secs] 
2020-09-29T18:28:24.275+0200: 7.254: [GC (Allocation Failure) 2020-09-29T18:28:24.275+0200: 7.254: [ParNew: 586063K->65556K(613440K), 0.0215714 secs] 590369K->69862K(2029056K), 0.0216277 secs] [Times: user=0.13 sys=0.00, real=0.02 secs] 
2020-09-29T18:28:24.344+0200: 7.323: [GC (Allocation Failure) 2020-09-29T18:28:24.344+0200: 7.323: [ParNew: 610900K->45267K(613440K), 0.0168325 secs] 615206K->49573K(2029056K), 0.0168990 secs] [Times: user=0.13 sys=0.00, real=0.02 secs] 
2020-09-29T18:28:24.411+0200: 7.389: [GC (Allocation Failure) 2020-09-29T18:28:24.411+0200: 7.389: [ParNew: 590611K->61726K(613440K), 0.0190904 secs] 594917K->66032K(2029056K), 0.0191501 secs] [Times: user=0.13 sys=0.00, real=0.02 secs] 
2020-09-29T18:28:24.478+0200: 7.456: [GC (Allocation Failure) 2020-09-29T18:28:24.478+0200: 7.456: [ParNew: 607070K->45607K(613440K), 0.0194393 secs] 611376K->49913K(2029056K), 0.0195105 secs] [Times: user=0.13 sys=0.00, real=0.02 secs] 
2020-09-29T18:28:24.544+0200: 7.523: [GC (Allocation Failure) 2020-09-29T18:28:24.544+0200: 7.523: [ParNew: 590951K->45696K(613440K), 0.0169156 secs] 595257K->50002K(2029056K), 0.0169750 secs] [Times: user=0.13 sys=0.00, real=0.02 secs] 
2020-09-29T18:28:24.610+0200: 7.588: [GC (Allocation Failure) 2020-09-29T18:28:24.610+0200: 7.588: [ParNew: 591040K->67118K(613440K), 0.0232404 secs] 595346K->71424K(2029056K), 0.0233051 secs] [Times: user=0.25 sys=0.00, real=0.02 secs] 
2020-09-29T18:28:24.681+0200: 7.660: [GC (Allocation Failure) 2020-09-29T18:28:24.689+0200: 7.667: [ParNew: 612462K->48304K(613440K), 0.0165962 secs] 616768K->52610K(2029056K), 0.0234449 secs] [Times: user=0.13 sys=0.00, real=0.02 secs] 
2020-09-29T18:28:24.755+0200: 7.733: [GC (Allocation Failure) 2020-09-29T18:28:24.755+0200: 7.733: [ParNew: 593648K->66741K(613440K), 0.0207511 secs] 597954K->71047K(2029056K), 0.0208064 secs] [Times: user=0.13 sys=0.00, real=0.02 secs] 
2020-09-29T18:28:24.830+0200: 7.808: [GC (Allocation Failure) 2020-09-29T18:28:24.830+0200: 7.808: [ParNew: 612085K->68096K(613440K), 0.0265667 secs] 616391K->73678K(2029056K), 0.0266361 secs] [Times: user=0.25 sys=0.00, real=0.03 secs] 
2020-09-29T18:28:24.903+0200: 7.881: [GC (Allocation Failure) 2020-09-29T18:28:24.903+0200: 7.881: [ParNew: 613440K->53871K(613440K), 0.0142449 secs] 619022K->59454K(2029056K), 0.0143015 secs] [Times: user=0.13 sys=0.00, real=0.01 secs] 
2020-09-29T18:28:24.972+0200: 7.950: [GC (Allocation Failure) 2020-09-29T18:28:24.972+0200: 7.950: [ParNew: 599215K->48296K(613440K), 0.0187751 secs] 604798K->53879K(2029056K), 0.0188324 secs] [Times: user=0.25 sys=0.00, real=0.02 secs] 
2020-09-29T18:28:25.042+0200: 8.020: [GC (Allocation Failure) 2020-09-29T18:28:25.042+0200: 8.020: [ParNew: 593640K->34795K(613440K), 0.0132630 secs] 599223K->40378K(2029056K), 0.0133353 secs] [Times: user=0.13 sys=0.00, real=0.01 secs] 
2020-09-29T18:28:25.111+0200: 8.089: [GC (Allocation Failure) 2020-09-29T18:28:25.111+0200: 8.089: [ParNew: 580139K->39635K(613440K), 0.0178679 secs] 585722K->45218K(2029056K), 0.0179395 secs] [Times: user=0.13 sys=0.00, real=0.02 secs] 
2020-09-29T18:28:25.180+0200: 8.158: [GC (Allocation Failure) 2020-09-29T18:28:25.180+0200: 8.158: [ParNew: 584979K->58869K(613440K), 0.0220958 secs] 590562K->64452K(2029056K), 0.0221671 secs] [Times: user=0.13 sys=0.00, real=0.02 secs] 
2020-09-29T18:28:25.250+0200: 8.228: [GC (Allocation Failure) 2020-09-29T18:28:25.250+0200: 8.228: [ParNew: 604213K->46367K(613440K), 0.0148671 secs] 609796K->51950K(2029056K), 0.0149273 secs] [Times: user=0.13 sys=0.00, real=0.02 secs] 
2020-09-29T18:28:25.315+0200: 8.293: [GC (Allocation Failure) 2020-09-29T18:28:25.315+0200: 8.293: [ParNew: 591711K->23027K(613440K), 0.0085236 secs] 597294K->28610K(2029056K), 0.0085900 secs] [Times: user=0.13 sys=0.00, real=0.01 secs] 
2020-09-29T18:28:25.377+0200: 8.355: [GC (Allocation Failure) 2020-09-29T18:28:25.377+0200: 8.355: [ParNew: 568371K->40644K(613440K), 0.0194043 secs] 573954K->46227K(2029056K), 0.0194877 secs] [Times: user=0.25 sys=0.00, real=0.02 secs] 
2020-09-29T18:28:25.446+0200: 8.424: [GC (Allocation Failure) 2020-09-29T18:28:25.446+0200: 8.424: [ParNew: 585988K->55418K(613440K), 0.0189582 secs] 591571K->61001K(2029056K), 0.0190144 secs] [Times: user=0.13 sys=0.00, real=0.02 secs] 
2020-09-29T18:28:25.513+0200: 8.491: [GC (Allocation Failure) 2020-09-29T18:28:25.513+0200: 8.491: [ParNew: 600762K->41028K(613440K), 0.0171158 secs] 606345K->46611K(2029056K), 0.0171925 secs] [Times: user=0.13 sys=0.00, real=0.02 secs] 
2020-09-29T18:28:25.578+0200: 8.556: [GC (Allocation Failure) 2020-09-29T18:28:25.578+0200: 8.556: [ParNew: 586372K->40776K(613440K), 0.0175823 secs] 591955K->46359K(2029056K), 0.0176610 secs] [Times: user=0.13 sys=0.00, real=0.02 secs] 
2020-09-29T18:28:25.643+0200: 8.621: [GC (Allocation Failure) 2020-09-29T18:28:25.643+0200: 8.621: [ParNew: 586120K->33550K(613440K), 0.0104655 secs] 591703K->39133K(2029056K), 0.0105216 secs] [Times: user=0.13 sys=0.00, real=0.01 secs] 
2020-09-29T18:28:25.703+0200: 8.681: [GC (Allocation Failure) 2020-09-29T18:28:25.703+0200: 8.681: [ParNew: 578894K->45676K(613440K), 0.0199071 secs] 584477K->51259K(2029056K), 0.0199607 secs] [Times: user=0.13 sys=0.00, real=0.02 secs] 
2020-09-29T18:28:25.769+0200: 8.748: [GC (Allocation Failure) 2020-09-29T18:28:25.770+0200: 8.748: [ParNew: 591020K->59968K(613440K), 0.0200064 secs] 596603K->65551K(2029056K), 0.0200765 secs] [Times: user=0.23 sys=0.00, real=0.02 secs] 
2020-09-29T18:28:25.836+0200: 8.814: [GC (Allocation Failure) 2020-09-29T18:28:25.836+0200: 8.814: [ParNew: 605312K->44240K(613440K), 0.0189810 secs] 610895K->49823K(2029056K), 0.0190366 secs] [Times: user=0.13 sys=0.00, real=0.02 secs] 
2020-09-29T18:28:25.903+0200: 8.881: [GC (Allocation Failure) 2020-09-29T18:28:25.903+0200: 8.881: [ParNew: 589584K->35000K(613440K), 0.0122509 secs] 595167K->40583K(2029056K), 0.0123087 secs] [Times: user=0.13 sys=0.00, real=0.01 secs] 
2020-09-29T18:28:25.963+0200: 8.941: [GC (Allocation Failure) 2020-09-29T18:28:25.963+0200: 8.941: [ParNew: 580344K->37121K(613440K), 0.0154960 secs] 585927K->42704K(2029056K), 0.0155539 secs] [Times: user=0.13 sys=0.00, real=0.02 secs] 
2020-09-29T18:28:26.026+0200: 9.004: [GC (Allocation Failure) 2020-09-29T18:28:26.026+0200: 9.004: [ParNew: 582465K->65741K(613440K), 0.0250612 secs] 588048K->71324K(2029056K), 0.0251335 secs] [Times: user=0.13 sys=0.00, real=0.03 secs] 
2020-09-29T18:28:26.098+0200: 9.076: [GC (Allocation Failure) 2020-09-29T18:28:26.098+0200: 9.076: [ParNew: 611085K->53442K(613440K), 0.0201712 secs] 616668K->59025K(2029056K), 0.0202274 secs] [Times: user=0.13 sys=0.00, real=0.02 secs] 
2020-09-29T18:28:26.167+0200: 9.146: [GC (Allocation Failure) 2020-09-29T18:28:26.167+0200: 9.146: [ParNew: 598786K->68096K(613440K), 0.0292927 secs] 604369K->74618K(2029056K), 0.0293632 secs] [Times: user=0.23 sys=0.00, real=0.03 secs] 
2020-09-29T18:28:26.248+0200: 9.227: [GC (Allocation Failure) 2020-09-29T18:28:26.248+0200: 9.227: [ParNew: 613440K->52835K(613440K), 0.0205104 secs] 619962K->59358K(2029056K), 0.0205945 secs] [Times: user=0.13 sys=0.00, real=0.02 secs] 
2020-09-29T18:28:26.329+0200: 9.308: [GC (Allocation Failure) 2020-09-29T18:28:26.329+0200: 9.308: [ParNew: 598179K->45840K(613440K), 0.0187323 secs] 604702K->52363K(2029056K), 0.0188072 secs] [Times: user=0.23 sys=0.00, real=0.02 secs] 
2020-09-29T18:28:26.397+0200: 9.376: [GC (Allocation Failure) 2020-09-29T18:28:26.397+0200: 9.376: [ParNew: 591184K->34437K(613440K), 0.0101734 secs] 597707K->40959K(2029056K), 0.0102289 secs] [Times: user=0.00 sys=0.00, real=0.01 secs] 
2020-09-29T18:28:26.463+0200: 9.442: [GC (Allocation Failure) 2020-09-29T18:28:26.463+0200: 9.442: [ParNew: 579781K->29103K(613440K), 0.0147783 secs] 586303K->35626K(2029056K), 0.0148367 secs] [Times: user=0.13 sys=0.00, real=0.01 secs] 
2020-09-29T18:28:26.530+0200: 9.508: [GC (Allocation Failure) 2020-09-29T18:28:26.530+0200: 9.508: [ParNew: 574447K->44443K(613440K), 0.0184993 secs] 580970K->50965K(2029056K), 0.0185616 secs] [Times: user=0.13 sys=0.00, real=0.02 secs] 
2020-09-29T18:28:26.596+0200: 9.574: [GC (Allocation Failure) 2020-09-29T18:28:26.596+0200: 9.574: [ParNew: 589787K->38768K(613440K), 0.0174664 secs] 596309K->45291K(2029056K), 0.0175573 secs] [Times: user=0.13 sys=0.00, real=0.02 secs] 
2020-09-29T18:28:26.662+0200: 9.640: [GC (Allocation Failure) 2020-09-29T18:28:26.662+0200: 9.641: [ParNew: 584112K->34812K(613440K), 0.0104584 secs] 590635K->41334K(2029056K), 0.0105197 secs] [Times: user=0.00 sys=0.00, real=0.01 secs] 
2020-09-29T18:28:26.730+0200: 9.709: [GC (Allocation Failure) 2020-09-29T18:28:26.730+0200: 9.709: [ParNew: 580156K->64673K(613440K), 0.0263230 secs] 586678K->71195K(2029056K), 0.0263819 secs] [Times: user=0.25 sys=0.00, real=0.03 secs] 
2020-09-29T18:28:26.804+0200: 9.782: [GC (Allocation Failure) 2020-09-29T18:28:26.804+0200: 9.782: [ParNew: 610017K->51590K(613440K), 0.0206720 secs] 616539K->58113K(2029056K), 0.0207280 secs] [Times: user=0.13 sys=0.00, real=0.02 secs] 
2020-09-29T18:28:26.872+0200: 9.851: [GC (Allocation Failure) 2020-09-29T18:28:26.873+0200: 9.851: [ParNew: 596934K->37625K(613440K), 0.0093369 secs] 603457K->44148K(2029056K), 0.0094069 secs] [Times: user=0.13 sys=0.00, real=0.01 secs] 
2020-09-29T18:28:26.934+0200: 9.913: [GC (Allocation Failure) 2020-09-29T18:28:26.934+0200: 9.913: [ParNew: 582969K->27182K(613440K), 0.0154530 secs] 589492K->33705K(2029056K), 0.0155262 secs] [Times: user=0.13 sys=0.00, real=0.02 secs] 
2020-09-29T18:28:26.996+0200: 9.974: [GC (Allocation Failure) 2020-09-29T18:28:26.996+0200: 9.974: [ParNew: 572526K->25207K(613440K), 0.0106976 secs] 579049K->31729K(2029056K), 0.0107520 secs] [Times: user=0.13 sys=0.00, real=0.01 secs] 
2020-09-29T18:28:27.056+0200: 10.034: [GC (Allocation Failure) 2020-09-29T18:28:27.056+0200: 10.034: [ParNew: 570551K->33721K(613440K), 0.0158023 secs] 577073K->40244K(2029056K), 0.0158589 secs] [Times: user=0.13 sys=0.00, real=0.02 secs] 
2020-09-29T18:28:27.123+0200: 10.101: [GC (Allocation Failure) 2020-09-29T18:28:27.123+0200: 10.101: [ParNew: 579065K->68096K(613440K), 0.0263060 secs] 585588K->75146K(2029056K), 0.0263675 secs] [Times: user=0.25 sys=0.00, real=0.03 secs] 
2020-09-29T18:28:27.196+0200: 10.175: [GC (Allocation Failure) 2020-09-29T18:28:27.197+0200: 10.175: [ParNew: 613440K->51047K(613440K), 0.0156376 secs] 620490K->58098K(2029056K), 0.0157348 secs] [Times: user=0.13 sys=0.00, real=0.02 secs] 
2020-09-29T18:28:27.259+0200: 10.237: [GC (Allocation Failure) 2020-09-29T18:28:27.259+0200: 10.237: [ParNew: 596391K->45838K(613440K), 0.0205382 secs] 603442K->52889K(2029056K), 0.0205960 secs] [Times: user=0.13 sys=0.00, real=0.02 secs] 
2020-09-29T18:28:27.331+0200: 10.310: [GC (Allocation Failure) 2020-09-29T18:28:27.331+0200: 10.310: [ParNew: 591182K->39109K(613440K), 0.0165225 secs] 598233K->46159K(2029056K), 0.0165928 secs] [Times: user=0.14 sys=0.00, real=0.02 secs] 
2020-09-29T18:28:27.395+0200: 10.374: [GC (Allocation Failure) 2020-09-29T18:28:27.395+0200: 10.374: [ParNew: 584453K->53843K(613440K), 0.0178644 secs] 591503K->60894K(2029056K), 0.0179305 secs] [Times: user=0.13 sys=0.00, real=0.02 secs] 
2020-09-29T18:28:27.463+0200: 10.441: [GC (Allocation Failure) 2020-09-29T18:28:27.463+0200: 10.441: [ParNew: 599187K->42683K(613440K), 0.0175218 secs] 606238K->49734K(2029056K), 0.0176254 secs] [Times: user=0.13 sys=0.00, real=0.02 secs] 
2020-09-29T18:28:27.530+0200: 10.509: [GC (Allocation Failure) 2020-09-29T18:28:27.530+0200: 10.509: [ParNew: 588027K->33580K(613440K), 0.0106690 secs] 595078K->40630K(2029056K), 0.0107309 secs] [Times: user=0.13 sys=0.00, real=0.01 secs] 
2020-09-29T18:28:27.593+0200: 10.572: [GC (Allocation Failure) 2020-09-29T18:28:27.593+0200: 10.572: [ParNew: 578924K->32352K(613440K), 0.0150231 secs] 585974K->39402K(2029056K), 0.0151017 secs] [Times: user=0.13 sys=0.00, real=0.02 secs] 
2020-09-29T18:28:27.657+0200: 10.635: [GC (Allocation Failure) 2020-09-29T18:28:27.657+0200: 10.635: [ParNew: 577696K->63615K(613440K), 0.0235897 secs] 584746K->70665K(2029056K), 0.0236546 secs] [Times: user=0.25 sys=0.00, real=0.02 secs] 
2020-09-29T18:28:27.728+0200: 10.707: [GC (Allocation Failure) 2020-09-29T18:28:27.728+0200: 10.707: [ParNew: 608959K->49293K(613440K), 0.0210016 secs] 616009K->56343K(2029056K), 0.0210726 secs] [Times: user=0.13 sys=0.00, real=0.02 secs] 
2020-09-29T18:28:27.797+0200: 10.776: [GC (Allocation Failure) 2020-09-29T18:28:27.797+0200: 10.776: [ParNew: 594637K->47960K(613440K), 0.0179751 secs] 601687K->55011K(2029056K), 0.0180369 secs] [Times: user=0.13 sys=0.00, real=0.02 secs] 
2020-09-29T18:28:27.862+0200: 10.841: [GC (Allocation Failure) 2020-09-29T18:28:27.862+0200: 10.841: [ParNew: 593304K->41399K(613440K), 0.0162334 secs] 600355K->48450K(2029056K), 0.0162990 secs] [Times: user=0.13 sys=0.00, real=0.02 secs] 
2020-09-29T18:28:27.928+0200: 10.906: [GC (Allocation Failure) 2020-09-29T18:28:27.928+0200: 10.906: [ParNew: 586743K->60034K(613440K), 0.0205195 secs] 593794K->67084K(2029056K), 0.0205744 secs] [Times: user=0.13 sys=0.00, real=0.02 secs] 
2020-09-29T18:28:27.999+0200: 10.977: [GC (Allocation Failure) 2020-09-29T18:28:27.999+0200: 10.977: [ParNew: 605378K->61098K(613440K), 0.0198437 secs] 612428K->68148K(2029056K), 0.0199016 secs] [Times: user=0.13 sys=0.00, real=0.02 secs] 
2020-09-29T18:28:28.069+0200: 11.048: [GC (Allocation Failure) 2020-09-29T18:28:28.069+0200: 11.048: [ParNew: 606442K->41915K(613440K), 0.0131824 secs] 613492K->48965K(2029056K), 0.0132366 secs] [Times: user=0.00 sys=0.00, real=0.01 secs] 
2020-09-29T18:28:28.133+0200: 11.112: [GC (Allocation Failure) 2020-09-29T18:28:28.133+0200: 11.112: [ParNew: 587259K->41198K(613440K), 0.0192654 secs] 594309K->48249K(2029056K), 0.0193229 secs] [Times: user=0.13 sys=0.00, real=0.02 secs] 
2020-09-29T18:28:28.200+0200: 11.179: [GC (Allocation Failure) 2020-09-29T18:28:28.200+0200: 11.179: [ParNew: 586542K->43296K(613440K), 0.0191020 secs] 593593K->50347K(2029056K), 0.0191593 secs] [Times: user=0.13 sys=0.00, real=0.02 secs] 
2020-09-29T18:28:28.267+0200: 11.246: [GC (Allocation Failure) 2020-09-29T18:28:28.267+0200: 11.246: [ParNew: 588640K->63719K(613440K), 0.0224349 secs] 595691K->70770K(2029056K), 0.0224912 secs] [Times: user=0.20 sys=0.00, real=0.02 secs] 
2020-09-29T18:28:28.337+0200: 11.315: [GC (Allocation Failure) 2020-09-29T18:28:28.337+0200: 11.315: [ParNew: 609063K->43520K(613440K), 0.0110710 secs] 616114K->50571K(2029056K), 0.0111260 secs] [Times: user=0.13 sys=0.00, real=0.01 secs] 
2020-09-29T18:28:28.397+0200: 11.375: [GC (Allocation Failure) 2020-09-29T18:28:28.397+0200: 11.375: [ParNew: 588864K->37042K(613440K), 0.0144892 secs] 595915K->44093K(2029056K), 0.0145449 secs] [Times: user=0.13 sys=0.00, real=0.01 secs] 
2020-09-29T18:28:28.460+0200: 11.439: [GC (Allocation Failure) 2020-09-29T18:28:28.460+0200: 11.439: [ParNew: 582386K->44696K(613440K), 0.0145853 secs] 589437K->51746K(2029056K), 0.0146620 secs] [Times: user=0.13 sys=0.00, real=0.01 secs] 
2020-09-29T18:28:28.527+0200: 11.506: [GC (Allocation Failure) 2020-09-29T18:28:28.527+0200: 11.506: [ParNew: 590040K->33892K(613440K), 0.0128548 secs] 597090K->40943K(2029056K), 0.0129096 secs] [Times: user=0.13 sys=0.00, real=0.01 secs] 
2020-09-29T18:28:28.602+0200: 11.581: [GC (Allocation Failure) 2020-09-29T18:28:28.602+0200: 11.581: [ParNew: 579236K->40371K(613440K), 0.0179950 secs] 586287K->47421K(2029056K), 0.0180498 secs] [Times: user=0.13 sys=0.00, real=0.02 secs] 
2020-09-29T18:28:28.667+0200: 11.646: [GC (Allocation Failure) 2020-09-29T18:28:28.667+0200: 11.646: [ParNew: 585715K->62493K(613440K), 0.0235412 secs] 592765K->69544K(2029056K), 0.0236026 secs] [Times: user=0.13 sys=0.00, real=0.02 secs] 
2020-09-29T18:28:28.737+0200: 11.716: [GC (Allocation Failure) 2020-09-29T18:28:28.738+0200: 11.716: [ParNew: 607837K->47458K(613440K), 0.0177951 secs] 614888K->54509K(2029056K), 0.0178750 secs] [Times: user=0.25 sys=0.00, real=0.02 secs] 
2020-09-29T18:28:28.812+0200: 11.791: [GC (Allocation Failure) 2020-09-29T18:28:28.812+0200: 11.791: [ParNew: 592802K->43616K(613440K), 0.0171923 secs] 599853K->50666K(2029056K), 0.0172559 secs] [Times: user=0.13 sys=0.00, real=0.02 secs] 
2020-09-29T18:28:28.880+0200: 11.858: [GC (Allocation Failure) 2020-09-29T18:28:28.880+0200: 11.858: [ParNew: 588960K->37529K(613440K), 0.0174512 secs] 596010K->44580K(2029056K), 0.0175106 secs] [Times: user=0.11 sys=0.00, real=0.02 secs] 
2020-09-29T18:28:28.946+0200: 11.925: [GC (Allocation Failure) 2020-09-29T18:28:28.946+0200: 11.925: [ParNew: 582873K->58827K(613440K), 0.0220891 secs] 589924K->65878K(2029056K), 0.0221540 secs] [Times: user=0.11 sys=0.00, real=0.02 secs] 
2020-09-29T18:28:29.018+0200: 11.997: [GC (Allocation Failure) 2020-09-29T18:28:29.018+0200: 11.997: [ParNew: 604171K->34664K(613440K), 0.0087916 secs] 611222K->41714K(2029056K), 0.0088496 secs] [Times: user=0.11 sys=0.00, real=0.01 secs] 
2020-09-29T18:28:29.081+0200: 12.060: [GC (Allocation Failure) 2020-09-29T18:28:29.081+0200: 12.060: [ParNew: 580008K->41847K(613440K), 0.0198747 secs] 587058K->48897K(2029056K), 0.0199351 secs] [Times: user=0.25 sys=0.00, real=0.02 secs] 
2020-09-29T18:28:29.150+0200: 12.128: [GC (Allocation Failure) 2020-09-29T18:28:29.150+0200: 12.128: [ParNew: 587191K->58691K(613440K), 0.0254213 secs] 594241K->65741K(2029056K), 0.0255005 secs] [Times: user=0.11 sys=0.00, real=0.02 secs] 
2020-09-29T18:28:29.224+0200: 12.203: [GC (Allocation Failure) 2020-09-29T18:28:29.224+0200: 12.203: [ParNew: 604035K->68096K(613440K), 0.0247478 secs] 611085K->75735K(2029056K), 0.0248067 secs] [Times: user=0.11 sys=0.00, real=0.03 secs] 
2020-09-29T18:28:29.297+0200: 12.276: [GC (Allocation Failure) 2020-09-29T18:28:29.297+0200: 12.276: [ParNew: 613440K->67505K(613440K), 0.0234179 secs] 621079K->75144K(2029056K), 0.0234764 secs] [Times: user=0.24 sys=0.00, real=0.02 secs] 
2020-09-29T18:28:29.369+0200: 12.348: [GC (Allocation Failure) 2020-09-29T18:28:29.369+0200: 12.348: [ParNew: 612849K->45632K(613440K), 0.0116377 secs] 620488K->53271K(2029056K), 0.0117074 secs] [Times: user=0.13 sys=0.00, real=0.01 secs] 
2020-09-29T18:28:29.432+0200: 12.410: [GC (Allocation Failure) 2020-09-29T18:28:29.432+0200: 12.410: [ParNew: 590976K->43108K(613440K), 0.0225310 secs] 598615K->50747K(2029056K), 0.0226092 secs] [Times: user=0.11 sys=0.00, real=0.02 secs] 
2020-09-29T18:28:29.508+0200: 12.487: [GC (Allocation Failure) 2020-09-29T18:28:29.508+0200: 12.487: [ParNew: 588452K->53648K(613440K), 0.0217747 secs] 596091K->61287K(2029056K), 0.0218410 secs] [Times: user=0.11 sys=0.00, real=0.02 secs] 
2020-09-29T18:28:29.579+0200: 12.558: [GC (Allocation Failure) 2020-09-29T18:28:29.579+0200: 12.558: [ParNew: 598992K->48272K(613440K), 0.0211941 secs] 606631K->55911K(2029056K), 0.0212610 secs] [Times: user=0.20 sys=0.00, real=0.02 secs] 
2020-09-29T18:28:29.649+0200: 12.628: [GC (Allocation Failure) 2020-09-29T18:28:29.649+0200: 12.628: [ParNew: 593616K->43435K(613440K), 0.0173683 secs] 601255K->51074K(2029056K), 0.0174265 secs] [Times: user=0.13 sys=0.00, real=0.02 secs] 
2020-09-29T18:28:29.719+0200: 12.698: [GC (Allocation Failure) 2020-09-29T18:28:29.719+0200: 12.698: [ParNew: 588779K->60866K(613440K), 0.0253418 secs] 596418K->68506K(2029056K), 0.0254095 secs] [Times: user=0.22 sys=0.00, real=0.02 secs] 
2020-09-29T18:28:29.794+0200: 12.772: [GC (Allocation Failure) 2020-09-29T18:28:29.794+0200: 12.772: [ParNew: 606210K->47862K(613440K), 0.0177747 secs] 613850K->55501K(2029056K), 0.0178473 secs] [Times: user=0.11 sys=0.00, real=0.02 secs] 
2020-09-29T18:28:29.864+0200: 12.842: [GC (Allocation Failure) 2020-09-29T18:28:29.864+0200: 12.842: [ParNew: 593206K->39808K(613440K), 0.0151936 secs] 600845K->47448K(2029056K), 0.0152508 secs] [Times: user=0.13 sys=0.00, real=0.01 secs] 
2020-09-29T18:28:29.930+0200: 12.909: [GC (Allocation Failure) 2020-09-29T18:28:29.930+0200: 12.909: [ParNew: 585152K->27146K(613440K), 0.0139548 secs] 592792K->34785K(2029056K), 0.0140186 secs] [Times: user=0.13 sys=0.00, real=0.01 secs] 
2020-09-29T18:28:29.996+0200: 12.975: [GC (Allocation Failure) 2020-09-29T18:28:29.996+0200: 12.975: [ParNew: 572490K->40700K(613440K), 0.0195398 secs] 580129K->48339K(2029056K), 0.0195966 secs] [Times: user=0.11 sys=0.00, real=0.02 secs] 
2020-09-29T18:28:30.067+0200: 13.046: [GC (Allocation Failure) 2020-09-29T18:28:30.067+0200: 13.046: [ParNew: 586044K->35429K(613440K), 0.0166753 secs] 593683K->43068K(2029056K), 0.0167427 secs] [Times: user=0.13 sys=0.00, real=0.02 secs] 
2020-09-29T18:28:30.138+0200: 13.116: [GC (Allocation Failure) 2020-09-29T18:28:30.143+0200: 13.122: [ParNew: 580773K->58968K(613440K), 0.0355020 secs] 588412K->66607K(2029056K), 0.0408440 secs] [Times: user=0.38 sys=0.00, real=0.04 secs] 
2020-09-29T18:28:30.225+0200: 13.204: [GC (Allocation Failure) 2020-09-29T18:28:30.225+0200: 13.204: [ParNew: 604312K->35154K(613440K), 0.0087152 secs] 611951K->42793K(2029056K), 0.0087966 secs] [Times: user=0.00 sys=0.00, real=0.01 secs] 
2020-09-29T18:28:30.284+0200: 13.263: [GC (Allocation Failure) 2020-09-29T18:28:30.284+0200: 13.263: [ParNew: 580498K->43960K(613440K), 0.0179553 secs] 588137K->51599K(2029056K), 0.0180334 secs] [Times: user=0.25 sys=0.00, real=0.02 secs] 
2020-09-29T18:28:30.350+0200: 13.328: [GC (Allocation Failure) 2020-09-29T18:28:30.350+0200: 13.328: [ParNew: 589304K->29452K(613440K), 0.0119711 secs] 596943K->37091K(2029056K), 0.0120309 secs] [Times: user=0.00 sys=0.00, real=0.01 secs] 
2020-09-29T18:28:30.409+0200: 13.388: [GC (Allocation Failure) 2020-09-29T18:28:30.410+0200: 13.388: [ParNew: 574796K->42862K(613440K), 0.0175765 secs] 582435K->50501K(2029056K), 0.0176704 secs] [Times: user=0.13 sys=0.02, real=0.02 secs] 
2020-09-29T18:28:30.479+0200: 13.458: [GC (Allocation Failure) 2020-09-29T18:28:30.479+0200: 13.458: [ParNew: 588206K->31835K(613440K), 0.0201149 secs] 595845K->39474K(2029056K), 0.0201909 secs] [Times: user=0.13 sys=0.00, real=0.02 secs] 
2020-09-29T18:28:30.547+0200: 13.526: [GC (Allocation Failure) 2020-09-29T18:28:30.547+0200: 13.526: [ParNew: 577179K->58983K(613440K), 0.0322848 secs] 584818K->66622K(2029056K), 0.0323678 secs] [Times: user=0.25 sys=0.00, real=0.03 secs] 
2020-09-29T18:28:30.630+0200: 13.609: [GC (Allocation Failure) 2020-09-29T18:28:30.630+0200: 13.609: [ParNew: 604327K->68096K(613440K), 0.0317508 secs] 611966K->76273K(2029056K), 0.0318168 secs] [Times: user=0.25 sys=0.00, real=0.03 secs] 
2020-09-29T18:28:30.711+0200: 13.690: [GC (Allocation Failure) 2020-09-29T18:28:30.711+0200: 13.690: [ParNew: 613440K->54914K(613440K), 0.0235418 secs] 621617K->63092K(2029056K), 0.0236344 secs] [Times: user=0.13 sys=0.00, real=0.02 secs] 
2020-09-29T18:28:30.784+0200: 13.763: [GC (Allocation Failure) 2020-09-29T18:28:30.784+0200: 13.763: [ParNew: 600258K->46860K(613440K), 0.0231846 secs] 608436K->55037K(2029056K), 0.0232635 secs] [Times: user=0.25 sys=0.00, real=0.02 secs] 
2020-09-29T18:28:30.863+0200: 13.842: [GC (Allocation Failure) 2020-09-29T18:28:30.863+0200: 13.842: [ParNew: 592204K->33772K(613440K), 0.0154236 secs] 600381K->41950K(2029056K), 0.0154898 secs] [Times: user=0.08 sys=0.02, real=0.02 secs] 
2020-09-29T18:28:30.932+0200: 13.911: [GC (Allocation Failure) 2020-09-29T18:28:30.932+0200: 13.911: [ParNew: 579116K->32954K(613440K), 0.0182447 secs] 587294K->41132K(2029056K), 0.0183093 secs] [Times: user=0.13 sys=0.00, real=0.02 secs] 
2020-09-29T18:28:30.997+0200: 13.976: [GC (Allocation Failure) 2020-09-29T18:28:30.997+0200: 13.976: [ParNew: 578298K->43365K(613440K), 0.0239374 secs] 586476K->51543K(2029056K), 0.0240153 secs] [Times: user=0.25 sys=0.00, real=0.02 secs] 
2020-09-29T18:28:31.069+0200: 14.048: [GC (Allocation Failure) 2020-09-29T18:28:31.069+0200: 14.048: [ParNew: 588709K->34242K(613440K), 0.0137285 secs] 596887K->42419K(2029056K), 0.0137904 secs] [Times: user=0.13 sys=0.00, real=0.01 secs] 
2020-09-29T18:28:31.130+0200: 14.109: [GC (Allocation Failure) 2020-09-29T18:28:31.130+0200: 14.109: [ParNew: 579586K->33197K(613440K), 0.0202253 secs] 587763K->41375K(2029056K), 0.0202940 secs] [Times: user=0.13 sys=0.00, real=0.02 secs] 
2020-09-29T18:28:31.203+0200: 14.182: [GC (Allocation Failure) 2020-09-29T18:28:31.203+0200: 14.182: [ParNew: 578541K->43959K(613440K), 0.0194833 secs] 586719K->52137K(2029056K), 0.0195497 secs] [Times: user=0.14 sys=0.00, real=0.02 secs] 
2020-09-29T18:28:31.275+0200: 14.254: [GC (Allocation Failure) 2020-09-29T18:28:31.275+0200: 14.254: [ParNew: 589303K->53335K(613440K), 0.0251813 secs] 597481K->61513K(2029056K), 0.0252489 secs] [Times: user=0.13 sys=0.00, real=0.03 secs] 
2020-09-29T18:28:31.350+0200: 14.329: [GC (Allocation Failure) 2020-09-29T18:28:31.350+0200: 14.329: [ParNew: 598679K->46096K(613440K), 0.0241832 secs] 606857K->54273K(2029056K), 0.0242540 secs] [Times: user=0.13 sys=0.00, real=0.02 secs] 
2020-09-29T18:28:31.428+0200: 14.407: [GC (Allocation Failure) 2020-09-29T18:28:31.428+0200: 14.407: [ParNew: 591440K->45103K(613440K), 0.0239551 secs] 599617K->53281K(2029056K), 0.0240199 secs] [Times: user=0.13 sys=0.00, real=0.02 secs] 
2020-09-29T18:28:31.508+0200: 14.486: [GC (Allocation Failure) 2020-09-29T18:28:31.510+0200: 14.488: [ParNew: 590447K->40457K(613440K), 0.0222882 secs] 598625K->48634K(2029056K), 0.0235493 secs] [Times: user=0.13 sys=0.00, real=0.02 secs] 
2020-09-29T18:28:31.586+0200: 14.564: [GC (Allocation Failure) 2020-09-29T18:28:31.586+0200: 14.564: [ParNew: 585801K->40811K(613440K), 0.0236019 secs] 593978K->48988K(2029056K), 0.0236882 secs] [Times: user=0.13 sys=0.00, real=0.02 secs] 
2020-09-29T18:28:31.662+0200: 14.640: [GC (Allocation Failure) 2020-09-29T18:28:31.662+0200: 14.640: [ParNew: 586155K->66598K(613440K), 0.0283896 secs] 594332K->74776K(2029056K), 0.0284708 secs] [Times: user=0.13 sys=0.00, real=0.03 secs] 
2020-09-29T18:28:31.741+0200: 14.719: [GC (Allocation Failure) 2020-09-29T18:28:31.741+0200: 14.719: [ParNew: 611942K->54715K(613440K), 0.0271034 secs] 620120K->62893K(2029056K), 0.0271885 secs] [Times: user=0.13 sys=0.00, real=0.03 secs] 
2020-09-29T18:28:31.815+0200: 14.793: [GC (Allocation Failure) 2020-09-29T18:28:31.815+0200: 14.793: [ParNew: 600059K->68096K(613440K), 0.0334529 secs] 608237K->77983K(2029056K), 0.0335179 secs] [Times: user=0.25 sys=0.00, real=0.03 secs] 
2020-09-29T18:28:31.899+0200: 14.877: [GC (Allocation Failure) 2020-09-29T18:28:31.899+0200: 14.877: [ParNew: 613440K->57536K(613440K), 0.0257227 secs] 623327K->67424K(2029056K), 0.0257958 secs] [Times: user=0.13 sys=0.00, real=0.03 secs] 
2020-09-29T18:28:31.973+0200: 14.951: [GC (Allocation Failure) 2020-09-29T18:28:31.973+0200: 14.951: [ParNew: 602880K->50557K(613440K), 0.0253227 secs] 612768K->60444K(2029056K), 0.0254075 secs] [Times: user=0.23 sys=0.00, real=0.03 secs] 
2020-09-29T18:28:32.047+0200: 15.025: [GC (Allocation Failure) 2020-09-29T18:28:32.047+0200: 15.025: [ParNew: 595901K->46017K(613440K), 0.0235681 secs] 605788K->55905K(2029056K), 0.0236321 secs] [Times: user=0.25 sys=0.00, real=0.02 secs] 
2020-09-29T18:28:32.122+0200: 15.100: [GC (Allocation Failure) 2020-09-29T18:28:32.122+0200: 15.100: [ParNew: 591361K->40599K(613440K), 0.0240427 secs] 601249K->50486K(2029056K), 0.0241072 secs] [Times: user=0.25 sys=0.00, real=0.02 secs] 
2020-09-29T18:28:32.197+0200: 15.175: [GC (Allocation Failure) 2020-09-29T18:28:32.197+0200: 15.175: [ParNew: 585943K->43777K(613440K), 0.0221728 secs] 595830K->53664K(2029056K), 0.0222407 secs] [Times: user=0.13 sys=0.00, real=0.02 secs] 
2020-09-29T18:28:32.271+0200: 15.249: [GC (Allocation Failure) 2020-09-29T18:28:32.271+0200: 15.249: [ParNew: 589121K->42164K(613440K), 0.0214402 secs] 599008K->52052K(2029056K), 0.0215119 secs] [Times: user=0.13 sys=0.00, real=0.02 secs] 
2020-09-29T18:28:32.347+0200: 15.325: [GC (Allocation Failure) 2020-09-29T18:28:32.347+0200: 15.325: [ParNew: 587508K->34920K(613440K), 0.0220941 secs] 597396K->44808K(2029056K), 0.0221592 secs] [Times: user=0.25 sys=0.00, real=0.02 secs] 
2020-09-29T18:28:32.416+0200: 15.394: [GC (Allocation Failure) 2020-09-29T18:28:32.416+0200: 15.394: [ParNew: 580264K->59159K(613440K), 0.0267545 secs] 590152K->69046K(2029056K), 0.0268452 secs] [Times: user=0.25 sys=0.00, real=0.03 secs] 
2020-09-29T18:28:32.496+0200: 15.474: [GC (Allocation Failure) 2020-09-29T18:28:32.496+0200: 15.474: [ParNew: 604503K->45337K(613440K), 0.0245982 secs] 614390K->55225K(2029056K), 0.0246755 secs] [Times: user=0.25 sys=0.00, real=0.02 secs] 
2020-09-29T18:28:32.577+0200: 15.555: [GC (Allocation Failure) 2020-09-29T18:28:32.577+0200: 15.555: [ParNew: 590681K->68096K(613440K), 0.0309200 secs] 600569K->78554K(2029056K), 0.0309871 secs] [Times: user=0.25 sys=0.00, real=0.03 secs] 
2020-09-29T18:28:32.658+0200: 15.636: [GC (Allocation Failure) 2020-09-29T18:28:32.658+0200: 15.636: [ParNew: 613440K->56865K(613440K), 0.0227753 secs] 623898K->67323K(2029056K), 0.0228559 secs] [Times: user=0.23 sys=0.00, real=0.02 secs] 
2020-09-29T18:28:32.729+0200: 15.707: [GC (Allocation Failure) 2020-09-29T18:28:32.729+0200: 15.707: [ParNew: 602209K->37302K(613440K), 0.0074451 secs] 612667K->47761K(2029056K), 0.0075109 secs] [Times: user=0.00 sys=0.00, real=0.01 secs] 
2020-09-29T18:28:32.791+0200: 15.769: [GC (Allocation Failure) 2020-09-29T18:28:32.791+0200: 15.769: [ParNew: 582646K->36794K(613440K), 0.0205701 secs] 593105K->47252K(2029056K), 0.0206294 secs] [Times: user=0.13 sys=0.00, real=0.02 secs] 
2020-09-29T18:28:32.860+0200: 15.838: [GC (Allocation Failure) 2020-09-29T18:28:32.860+0200: 15.838: [ParNew: 582138K->49482K(613440K), 0.0270543 secs] 592596K->59941K(2029056K), 0.0271204 secs] [Times: user=0.25 sys=0.00, real=0.03 secs] 
2020-09-29T18:28:32.937+0200: 15.915: [GC (Allocation Failure) 2020-09-29T18:28:32.937+0200: 15.915: [ParNew: 594826K->40834K(613440K), 0.0200810 secs] 605285K->51292K(2029056K), 0.0201459 secs] [Times: user=0.13 sys=0.00, real=0.02 secs] 
2020-09-29T18:28:33.014+0200: 15.992: [GC (Allocation Failure) 2020-09-29T18:28:33.014+0200: 15.992: [ParNew: 586178K->33303K(613440K), 0.0188792 secs] 596636K->43761K(2029056K), 0.0189502 secs] [Times: user=0.13 sys=0.00, real=0.02 secs] 
2020-09-29T18:28:33.084+0200: 16.062: [GC (Allocation Failure) 2020-09-29T18:28:33.084+0200: 16.062: [ParNew: 578647K->56137K(613440K), 0.0305082 secs] 589105K->66595K(2029056K), 0.0305818 secs] [Times: user=0.25 sys=0.00, real=0.03 secs] 
2020-09-29T18:28:33.166+0200: 16.144: [GC (Allocation Failure) 2020-09-29T18:28:33.166+0200: 16.144: [ParNew: 601481K->50039K(613440K), 0.0223851 secs] 611939K->60498K(2029056K), 0.0224526 secs] [Times: user=0.13 sys=0.00, real=0.02 secs] 
2020-09-29T18:28:33.238+0200: 16.216: [GC (Allocation Failure) 2020-09-29T18:28:33.238+0200: 16.216: [ParNew: 595383K->68096K(613440K), 0.0285472 secs] 605842K->78609K(2029056K), 0.0286136 secs] [Times: user=0.25 sys=0.00, real=0.03 secs] 
2020-09-29T18:28:33.315+0200: 16.293: [GC (Allocation Failure) 2020-09-29T18:28:33.315+0200: 16.293: [ParNew: 613440K->49520K(613440K), 0.0198234 secs] 623953K->60033K(2029056K), 0.0198975 secs] [Times: user=0.25 sys=0.00, real=0.02 secs] 
2020-09-29T18:28:33.390+0200: 16.368: [GC (Allocation Failure) 2020-09-29T18:28:33.390+0200: 16.368: [ParNew: 594864K->49127K(613440K), 0.0275950 secs] 605377K->59640K(2029056K), 0.0276657 secs] [Times: user=0.25 sys=0.00, real=0.03 secs] 
2020-09-29T18:28:33.465+0200: 16.443: [GC (Allocation Failure) 2020-09-29T18:28:33.465+0200: 16.443: [ParNew: 594471K->47900K(613440K), 0.0257637 secs] 604984K->58413K(2029056K), 0.0258323 secs] [Times: user=0.25 sys=0.00, real=0.03 secs] 
2020-09-29T18:28:33.539+0200: 16.517: [GC (Allocation Failure) 2020-09-29T18:28:33.539+0200: 16.517: [ParNew: 593244K->40118K(613440K), 0.0164959 secs] 603757K->50631K(2029056K), 0.0165691 secs] [Times: user=0.13 sys=0.00, real=0.02 secs] 
2020-09-29T18:28:33.615+0200: 16.593: [GC (Allocation Failure) 2020-09-29T18:28:33.615+0200: 16.593: [ParNew: 585462K->41179K(613440K), 0.0235173 secs] 595975K->51692K(2029056K), 0.0235907 secs] [Times: user=0.13 sys=0.00, real=0.02 secs] 
2020-09-29T18:28:33.686+0200: 16.664: [GC (Allocation Failure) 2020-09-29T18:28:33.686+0200: 16.664: [ParNew: 586523K->43385K(613440K), 0.0235268 secs] 597036K->53898K(2029056K), 0.0235910 secs] [Times: user=0.25 sys=0.00, real=0.02 secs] 
2020-09-29T18:28:33.763+0200: 16.741: [GC (Allocation Failure) 2020-09-29T18:28:33.763+0200: 16.741: [ParNew: 588729K->35893K(613440K), 0.0204410 secs] 599242K->46406K(2029056K), 0.0205224 secs] [Times: user=0.13 sys=0.00, real=0.02 secs] 
2020-09-29T18:28:33.838+0200: 16.816: [GC (Allocation Failure) 2020-09-29T18:28:33.838+0200: 16.816: [ParNew: 581237K->34501K(613440K), 0.0201878 secs] 591750K->45015K(2029056K), 0.0202537 secs] [Times: user=0.13 sys=0.00, real=0.02 secs] 
2020-09-29T18:28:33.911+0200: 16.889: [GC (Allocation Failure) 2020-09-29T18:28:33.911+0200: 16.889: [ParNew: 579845K->31904K(613440K), 0.0169573 secs] 590359K->42417K(2029056K), 0.0170480 secs] [Times: user=0.13 sys=0.00, real=0.02 secs] 
2020-09-29T18:28:33.975+0200: 16.953: [GC (Allocation Failure) 2020-09-29T18:28:33.975+0200: 16.953: [ParNew: 577248K->46140K(613440K), 0.0222459 secs] 587761K->56654K(2029056K), 0.0223103 secs] [Times: user=0.13 sys=0.00, real=0.02 secs] 
2020-09-29T18:28:34.044+0200: 17.022: [GC (Allocation Failure) 2020-09-29T18:28:34.045+0200: 17.023: [ParNew: 591484K->34895K(613440K), 0.0212050 secs] 601998K->45408K(2029056K), 0.0212855 secs] [Times: user=0.13 sys=0.00, real=0.02 secs] 
2020-09-29T18:28:34.119+0200: 17.097: [GC (Allocation Failure) 2020-09-29T18:28:34.119+0200: 17.097: [ParNew: 580239K->36838K(613440K), 0.0207179 secs] 590752K->47351K(2029056K), 0.0207821 secs] [Times: user=0.13 sys=0.00, real=0.02 secs] 
2020-09-29T18:28:34.186+0200: 17.164: [GC (Allocation Failure) 2020-09-29T18:28:34.186+0200: 17.164: [ParNew: 582182K->30887K(613440K), 0.0192374 secs] 592695K->41400K(2029056K), 0.0193049 secs] [Times: user=0.13 sys=0.00, real=0.02 secs] 
2020-09-29T18:28:34.253+0200: 17.231: [GC (Allocation Failure) 2020-09-29T18:28:34.253+0200: 17.231: [ParNew: 576231K->51159K(613440K), 0.0230058 secs] 586744K->61673K(2029056K), 0.0298932 secs] [Times: user=0.25 sys=0.00, real=0.03 secs] 
2020-09-29T18:28:34.332+0200: 17.310: [GC (Allocation Failure) 2020-09-29T18:28:34.332+0200: 17.310: [ParNew: 596503K->35956K(613440K), 0.0222160 secs] 607017K->46469K(2029056K), 0.0223036 secs] [Times: user=0.25 sys=0.00, real=0.02 secs] 
2020-09-29T18:28:34.408+0200: 17.386: [GC (Allocation Failure) 2020-09-29T18:28:34.408+0200: 17.386: [ParNew: 581300K->35999K(613440K), 0.0217813 secs] 591813K->46513K(2029056K), 0.0218503 secs] [Times: user=0.25 sys=0.00, real=0.02 secs] 
2020-09-29T18:28:34.483+0200: 17.461: [GC (Allocation Failure) 2020-09-29T18:28:34.483+0200: 17.461: [ParNew: 581343K->32205K(613440K), 0.0116282 secs] 591857K->42718K(2029056K), 0.0116980 secs] [Times: user=0.13 sys=0.00, real=0.01 secs] 
2020-09-29T18:28:34.553+0200: 17.531: [GC (Allocation Failure) 2020-09-29T18:28:34.553+0200: 17.531: [ParNew: 577549K->32897K(613440K), 0.0199056 secs] 588062K->43411K(2029056K), 0.0199827 secs] [Times: user=0.13 sys=0.00, real=0.02 secs] 
2020-09-29T18:28:34.625+0200: 17.603: [GC (Allocation Failure) 2020-09-29T18:28:34.625+0200: 17.603: [ParNew: 578241K->43773K(613440K), 0.0266235 secs] 588755K->54286K(2029056K), 0.0266948 secs] [Times: user=0.23 sys=0.00, real=0.03 secs] 
2020-09-29T18:28:34.701+0200: 17.679: [GC (Allocation Failure) 2020-09-29T18:28:34.701+0200: 17.679: [ParNew: 589117K->56484K(613440K), 0.0251478 secs] 599630K->66998K(2029056K), 0.0252141 secs] [Times: user=0.25 sys=0.00, real=0.03 secs] 
2020-09-29T18:28:34.777+0200: 17.755: [GC (Allocation Failure) 2020-09-29T18:28:34.777+0200: 17.755: [ParNew: 601828K->45831K(613440K), 0.0236106 secs] 612342K->56345K(2029056K), 0.0236759 secs] [Times: user=0.13 sys=0.00, real=0.02 secs] 
2020-09-29T18:28:34.847+0200: 17.825: [GC (Allocation Failure) 2020-09-29T18:28:34.847+0200: 17.825: [ParNew: 591175K->45342K(613440K), 0.0214300 secs] 601689K->55855K(2029056K), 0.0214947 secs] [Times: user=0.22 sys=0.00, real=0.02 secs] 
2020-09-29T18:28:34.919+0200: 17.897: [GC (Allocation Failure) 2020-09-29T18:28:34.919+0200: 17.897: [ParNew: 590686K->38444K(613440K), 0.0214703 secs] 601199K->48957K(2029056K), 0.0215386 secs] [Times: user=0.13 sys=0.00, real=0.02 secs] 
2020-09-29T18:28:34.996+0200: 17.974: [GC (Allocation Failure) 2020-09-29T18:28:34.996+0200: 17.974: [ParNew: 583788K->39311K(613440K), 0.0195879 secs] 594301K->49824K(2029056K), 0.0196497 secs] [Times: user=0.13 sys=0.00, real=0.02 secs] 
2020-09-29T18:28:35.063+0200: 18.041: [GC (Allocation Failure) 2020-09-29T18:28:35.063+0200: 18.041: [ParNew: 584655K->32679K(613440K), 0.0198476 secs] 595168K->43192K(2029056K), 0.0199142 secs] [Times: user=0.25 sys=0.00, real=0.02 secs] 
2020-09-29T18:28:35.133+0200: 18.111: [GC (Allocation Failure) 2020-09-29T18:28:35.133+0200: 18.111: [ParNew: 578023K->32499K(613440K), 0.0168412 secs] 588536K->43012K(2029056K), 0.0169182 secs] [Times: user=0.13 sys=0.00, real=0.02 secs] 
2020-09-29T18:28:35.207+0200: 18.185: [GC (Allocation Failure) 2020-09-29T18:28:35.207+0200: 18.185: [ParNew: 577843K->28547K(613440K), 0.0176014 secs] 588356K->39060K(2029056K), 0.0176666 secs] [Times: user=0.25 sys=0.00, real=0.02 secs] 
2020-09-29T18:28:35.279+0200: 18.257: [GC (Allocation Failure) 2020-09-29T18:28:35.279+0200: 18.257: [ParNew: 573891K->23669K(613440K), 0.0169357 secs] 584404K->34182K(2029056K), 0.0170061 secs] [Times: user=0.13 sys=0.00, real=0.02 secs] 
2020-09-29T18:28:35.353+0200: 18.331: [GC (Allocation Failure) 2020-09-29T18:28:35.353+0200: 18.331: [ParNew: 569013K->63690K(613440K), 0.0288315 secs] 579526K->74204K(2029056K), 0.0289059 secs] [Times: user=0.25 sys=0.00, real=0.03 secs] 
2020-09-29T18:28:35.429+0200: 18.407: [GC (Allocation Failure) 2020-09-29T18:28:35.429+0200: 18.407: [ParNew: 609034K->65627K(613440K), 0.0272871 secs] 619548K->76140K(2029056K), 0.0273535 secs] [Times: user=0.13 sys=0.00, real=0.03 secs] 
2020-09-29T18:28:35.508+0200: 18.486: [GC (Allocation Failure) 2020-09-29T18:28:35.508+0200: 18.486: [ParNew: 610971K->46019K(613440K), 0.0216635 secs] 621484K->56533K(2029056K), 0.0217331 secs] [Times: user=0.13 sys=0.00, real=0.02 secs] 
2020-09-29T18:28:35.586+0200: 18.564: [GC (Allocation Failure) 2020-09-29T18:28:35.586+0200: 18.565: [ParNew: 591363K->45273K(613440K), 0.0298343 secs] 601877K->55786K(2029056K), 0.0299041 secs] [Times: user=0.24 sys=0.00, real=0.03 secs] 
2020-09-29T18:28:35.668+0200: 18.647: [GC (Allocation Failure) 2020-09-29T18:28:35.668+0200: 18.647: [ParNew: 590617K->37987K(613440K), 0.0181129 secs] 601130K->48500K(2029056K), 0.0181798 secs] [Times: user=0.13 sys=0.00, real=0.02 secs] 
2020-09-29T18:28:35.745+0200: 18.723: [GC (Allocation Failure) 2020-09-29T18:28:35.745+0200: 18.723: [ParNew: 583331K->52762K(613440K), 0.0307223 secs] 593844K->63276K(2029056K), 0.0308191 secs] [Times: user=0.25 sys=0.00, real=0.03 secs] 
2020-09-29T18:28:35.825+0200: 18.804: [GC (Allocation Failure) 2020-09-29T18:28:35.825+0200: 18.804: [ParNew: 598106K->37810K(613440K), 0.0243981 secs] 608620K->48323K(2029056K), 0.0244612 secs] [Times: user=0.25 sys=0.00, real=0.02 secs] 
2020-09-29T18:28:35.909+0200: 18.887: [GC (Allocation Failure) 2020-09-29T18:28:35.909+0200: 18.887: [ParNew: 583154K->36283K(613440K), 0.0199398 secs] 593667K->46797K(2029056K), 0.0200178 secs] [Times: user=0.25 sys=0.00, real=0.02 secs] 
2020-09-29T18:28:35.978+0200: 18.956: [GC (Allocation Failure) 2020-09-29T18:28:35.978+0200: 18.956: [ParNew: 581627K->53734K(613440K), 0.0277243 secs] 592141K->64247K(2029056K), 0.0277976 secs] [Times: user=0.23 sys=0.00, real=0.03 secs] 
2020-09-29T18:28:36.062+0200: 19.041: [GC (Allocation Failure) 2020-09-29T18:28:36.062+0200: 19.041: [ParNew: 599078K->36225K(613440K), 0.0183445 secs] 609591K->46738K(2029056K), 0.0184164 secs] [Times: user=0.13 sys=0.00, real=0.02 secs] 
2020-09-29T18:28:36.137+0200: 19.115: [GC (Allocation Failure) 2020-09-29T18:28:36.137+0200: 19.115: [ParNew: 581569K->22043K(613440K), 0.0157889 secs] 592082K->32556K(2029056K), 0.0158593 secs] [Times: user=0.13 sys=0.00, real=0.02 secs] 
2020-09-29T18:28:36.208+0200: 19.186: [GC (Allocation Failure) 2020-09-29T18:28:36.208+0200: 19.186: [ParNew: 567387K->36662K(613440K), 0.0221127 secs] 577900K->47175K(2029056K), 0.0221811 secs] [Times: user=0.13 sys=0.00, real=0.02 secs] 
2020-09-29T18:28:36.279+0200: 19.258: [GC (Allocation Failure) 2020-09-29T18:28:36.279+0200: 19.258: [ParNew: 582006K->49590K(613440K), 0.0213110 secs] 592519K->60104K(2029056K), 0.0214069 secs] [Times: user=0.14 sys=0.00, real=0.02 secs] 
2020-09-29T18:28:36.363+0200: 19.342: [GC (Allocation Failure) 2020-09-29T18:28:36.363+0200: 19.342: [ParNew: 594934K->52169K(613440K), 0.0283532 secs] 605448K->62683K(2029056K), 0.0284308 secs] [Times: user=0.20 sys=0.00, real=0.03 secs] 
2020-09-29T18:28:36.446+0200: 19.425: [GC (Allocation Failure) 2020-09-29T18:28:36.446+0200: 19.425: [ParNew: 597513K->68096K(613440K), 0.0358840 secs] 608027K->78609K(2029056K), 0.0359603 secs] [Times: user=0.25 sys=0.00, real=0.04 secs] 
2020-09-29T18:28:36.530+0200: 19.509: [GC (Allocation Failure) 2020-09-29T18:28:36.530+0200: 19.509: [ParNew: 613440K->56430K(613440K), 0.0271636 secs] 623953K->66943K(2029056K), 0.0272480 secs] [Times: user=0.25 sys=0.00, real=0.03 secs] 
2020-09-29T18:28:36.611+0200: 19.590: [GC (Allocation Failure) 2020-09-29T18:28:36.611+0200: 19.590: [ParNew: 601774K->47603K(613440K), 0.0253909 secs] 612287K->58116K(2029056K), 0.0254589 secs] [Times: user=0.23 sys=0.00, real=0.03 secs] 
2020-09-29T18:28:36.692+0200: 19.670: [GC (Allocation Failure) 2020-09-29T18:28:36.692+0200: 19.670: [ParNew: 592947K->68096K(613440K), 0.0334110 secs] 603460K->78609K(2029056K), 0.0334918 secs] [Times: user=0.22 sys=0.00, real=0.03 secs] 
2020-09-29T18:28:36.773+0200: 19.752: [GC (Allocation Failure) 2020-09-29T18:28:36.773+0200: 19.752: [ParNew: 613440K->49848K(613440K), 0.0238823 secs] 623953K->60361K(2029056K), 0.0239536 secs] [Times: user=0.13 sys=0.00, real=0.02 secs] 
2020-09-29T18:28:36.844+0200: 19.823: [GC (Allocation Failure) 2020-09-29T18:28:36.845+0200: 19.823: [ParNew: 595192K->68096K(613440K), 0.0321083 secs] 605705K->78609K(2029056K), 0.0322267 secs] [Times: user=0.25 sys=0.00, real=0.03 secs] 
2020-09-29T18:28:36.924+0200: 19.902: [GC (Allocation Failure) 2020-09-29T18:28:36.924+0200: 19.902: [ParNew: 613440K->50027K(613440K), 0.0298913 secs] 623953K->60540K(2029056K), 0.0299581 secs] [Times: user=0.23 sys=0.00, real=0.03 secs] 
2020-09-29T18:28:37.002+0200: 19.981: [GC (Allocation Failure) 2020-09-29T18:28:37.002+0200: 19.981: [ParNew: 595371K->43694K(613440K), 0.0203853 secs] 605884K->54207K(2029056K), 0.0204702 secs] [Times: user=0.25 sys=0.00, real=0.02 secs] 
2020-09-29T18:28:37.084+0200: 20.063: [GC (Allocation Failure) 2020-09-29T18:28:37.084+0200: 20.063: [ParNew: 589038K->45373K(613440K), 0.0269689 secs] 599551K->55886K(2029056K), 0.0270403 secs] [Times: user=0.13 sys=0.00, real=0.03 secs] 
2020-09-29T18:28:37.161+0200: 20.139: [GC (Allocation Failure) 2020-09-29T18:28:37.161+0200: 20.139: [ParNew: 590717K->59243K(613440K), 0.0275871 secs] 601230K->69756K(2029056K), 0.0276658 secs] [Times: user=0.14 sys=0.00, real=0.03 secs] 
2020-09-29T18:28:37.235+0200: 20.214: [GC (Allocation Failure) 2020-09-29T18:28:37.235+0200: 20.214: [ParNew: 604587K->43048K(613440K), 0.0252093 secs] 615100K->53562K(2029056K), 0.0252983 secs] [Times: user=0.25 sys=0.00, real=0.03 secs] 
2020-09-29T18:28:37.316+0200: 20.295: [GC (Allocation Failure) 2020-09-29T18:28:37.316+0200: 20.295: [ParNew: 588392K->64690K(613440K), 0.0318683 secs] 598906K->75204K(2029056K), 0.0319409 secs] [Times: user=0.38 sys=0.00, real=0.03 secs] 
2020-09-29T18:28:37.396+0200: 20.375: [GC (Allocation Failure) 2020-09-29T18:28:37.396+0200: 20.375: [ParNew: 610034K->45363K(613440K), 0.0228978 secs] 620548K->55877K(2029056K), 0.0229685 secs] [Times: user=0.13 sys=0.00, real=0.02 secs] 
2020-09-29T18:28:37.468+0200: 20.447: [GC (Allocation Failure) 2020-09-29T18:28:37.468+0200: 20.447: [ParNew: 590707K->65176K(613440K), 0.0283234 secs] 601221K->75689K(2029056K), 0.0283956 secs] [Times: user=0.25 sys=0.00, real=0.03 secs] 
2020-09-29T18:28:37.548+0200: 20.526: [GC (Allocation Failure) 2020-09-29T18:28:37.548+0200: 20.526: [ParNew: 610520K->47873K(613440K), 0.0277437 secs] 621033K->58386K(2029056K), 0.0278401 secs] [Times: user=0.25 sys=0.00, real=0.03 secs] 
2020-09-29T18:28:37.626+0200: 20.605: [GC (Allocation Failure) 2020-09-29T18:28:37.626+0200: 20.605: [ParNew: 593217K->44920K(613440K), 0.0266747 secs] 603730K->55433K(2029056K), 0.0267421 secs] [Times: user=0.25 sys=0.00, real=0.03 secs] 
2020-09-29T18:28:37.709+0200: 20.687: [GC (Allocation Failure) 2020-09-29T18:28:37.709+0200: 20.687: [ParNew: 590264K->45179K(613440K), 0.0255886 secs] 600777K->55692K(2029056K), 0.0256709 secs] [Times: user=0.13 sys=0.00, real=0.02 secs] 
2020-09-29T18:28:37.789+0200: 20.768: [GC (Allocation Failure) 2020-09-29T18:28:37.789+0200: 20.768: [ParNew: 590523K->42073K(613440K), 0.0264467 secs] 601036K->52586K(2029056K), 0.0265361 secs] [Times: user=0.13 sys=0.00, real=0.03 secs] 
2020-09-29T18:28:37.873+0200: 20.851: [GC (Allocation Failure) 2020-09-29T18:28:37.873+0200: 20.851: [ParNew: 587417K->39445K(613440K), 0.0235226 secs] 597930K->49958K(2029056K), 0.0235878 secs] [Times: user=0.25 sys=0.00, real=0.02 secs] 
2020-09-29T18:28:37.949+0200: 20.927: [GC (Allocation Failure) 2020-09-29T18:28:37.949+0200: 20.927: [ParNew: 584789K->64505K(613440K), 0.0286710 secs] 595302K->75019K(2029056K), 0.0287382 secs] [Times: user=0.25 sys=0.00, real=0.03 secs] 
2020-09-29T18:28:38.034+0200: 21.012: [GC (Allocation Failure) 2020-09-29T18:28:38.034+0200: 21.012: [ParNew: 609849K->48979K(613440K), 0.0279778 secs] 620363K->59492K(2029056K), 0.0280457 secs] [Times: user=0.25 sys=0.00, real=0.03 secs] 
2020-09-29T18:28:38.112+0200: 21.091: [GC (Allocation Failure) 2020-09-29T18:28:38.112+0200: 21.091: [ParNew: 594323K->48675K(613440K), 0.0273567 secs] 604836K->59188K(2029056K), 0.0274225 secs] [Times: user=0.25 sys=0.00, real=0.03 secs] 
2020-09-29T18:28:38.200+0200: 21.178: [GC (Allocation Failure) 2020-09-29T18:28:38.200+0200: 21.178: [ParNew: 594019K->38067K(613440K), 0.0205547 secs] 604532K->48580K(2029056K), 0.0206302 secs] [Times: user=0.13 sys=0.00, real=0.02 secs] 
2020-09-29T18:28:38.271+0200: 21.250: [GC (Allocation Failure) 2020-09-29T18:28:38.271+0200: 21.250: [ParNew: 583411K->39921K(613440K), 0.0255565 secs] 593924K->50434K(2029056K), 0.0256253 secs] [Times: user=0.13 sys=0.00, real=0.03 secs] 
2020-09-29T18:28:38.346+0200: 21.325: [GC (Allocation Failure) 2020-09-29T18:28:38.346+0200: 21.325: [ParNew: 585265K->41993K(613440K), 0.0228129 secs] 595778K->52506K(2029056K), 0.0228916 secs] [Times: user=0.25 sys=0.00, real=0.02 secs] 
2020-09-29T18:28:38.436+0200: 21.414: [GC (Allocation Failure) 2020-09-29T18:28:38.436+0200: 21.414: [ParNew: 587337K->34920K(613440K), 0.0236251 secs] 597850K->45433K(2029056K), 0.0236945 secs] [Times: user=0.25 sys=0.00, real=0.02 secs] 
2020-09-29T18:28:38.510+0200: 21.489: [GC (Allocation Failure) 2020-09-29T18:28:38.510+0200: 21.489: [ParNew: 580264K->60465K(613440K), 0.0293730 secs] 590777K->70978K(2029056K), 0.0294460 secs] [Times: user=0.25 sys=0.00, real=0.03 secs] 
2020-09-29T18:28:38.590+0200: 21.569: [GC (Allocation Failure) 2020-09-29T18:28:38.590+0200: 21.569: [ParNew: 605809K->63198K(613440K), 0.0313108 secs] 616322K->73711K(2029056K), 0.0313811 secs] [Times: user=0.22 sys=0.00, real=0.03 secs] 
2020-09-29T18:28:38.673+0200: 21.652: [GC (Allocation Failure) 2020-09-29T18:28:38.673+0200: 21.652: [ParNew: 608542K->42682K(613440K), 0.0278990 secs] 619055K->53195K(2029056K), 0.0279821 secs] [Times: user=0.25 sys=0.00, real=0.03 secs] 
2020-09-29T18:28:38.752+0200: 21.731: [GC (Allocation Failure) 2020-09-29T18:28:38.752+0200: 21.731: [ParNew: 588026K->38694K(613440K), 0.0194353 secs] 598539K->49207K(2029056K), 0.0195058 secs] [Times: user=0.25 sys=0.00, real=0.02 secs] 
2020-09-29T18:28:38.829+0200: 21.808: [GC (Allocation Failure) 2020-09-29T18:28:38.829+0200: 21.808: [ParNew: 584038K->39997K(613440K), 0.0249191 secs] 594551K->50511K(2029056K), 0.0249854 secs] [Times: user=0.25 sys=0.00, real=0.03 secs] 
2020-09-29T18:28:38.913+0200: 21.892: [GC (Allocation Failure) 2020-09-29T18:28:38.913+0200: 21.892: [ParNew: 585341K->58294K(613440K), 0.0316582 secs] 595855K->68807K(2029056K), 0.0317257 secs] [Times: user=0.25 sys=0.00, real=0.03 secs] 
2020-09-29T18:28:38.993+0200: 21.972: [GC (Allocation Failure) 2020-09-29T18:28:38.993+0200: 21.972: [ParNew: 603638K->48841K(613440K), 0.0223601 secs] 614151K->59354K(2029056K), 0.0224376 secs] [Times: user=0.13 sys=0.00, real=0.02 secs] 
2020-09-29T18:28:39.067+0200: 22.046: [GC (Allocation Failure) 2020-09-29T18:28:39.067+0200: 22.046: [ParNew: 594185K->37615K(613440K), 0.0203245 secs] 604698K->48128K(2029056K), 0.0203936 secs] [Times: user=0.13 sys=0.00, real=0.02 secs] 
2020-09-29T18:28:39.138+0200: 22.117: [GC (Allocation Failure) 2020-09-29T18:28:39.138+0200: 22.117: [ParNew: 582959K->31876K(613440K), 0.0196617 secs] 593472K->42389K(2029056K), 0.0197312 secs] [Times: user=0.13 sys=0.00, real=0.02 secs] 
2020-09-29T18:28:39.216+0200: 22.195: [GC (Allocation Failure) 2020-09-29T18:28:39.216+0200: 22.195: [ParNew: 577220K->49887K(613440K), 0.0257693 secs] 587733K->60401K(2029056K), 0.0258579 secs] [Times: user=0.25 sys=0.00, real=0.03 secs] 
2020-09-29T18:28:39.299+0200: 22.278: [GC (Allocation Failure) 2020-09-29T18:28:39.299+0200: 22.278: [ParNew: 595231K->36815K(613440K), 0.0253622 secs] 605745K->47328K(2029056K), 0.0254559 secs] [Times: user=0.25 sys=0.00, real=0.03 secs] 
2020-09-29T18:28:39.376+0200: 22.354: [GC (Allocation Failure) 2020-09-29T18:28:39.376+0200: 22.354: [ParNew: 582159K->61892K(613440K), 0.0306260 secs] 592672K->72405K(2029056K), 0.0307172 secs] [Times: user=0.25 sys=0.00, real=0.03 secs] 
2020-09-29T18:28:39.454+0200: 22.433: [GC (Allocation Failure) 2020-09-29T18:28:39.454+0200: 22.433: [ParNew: 607236K->60827K(613440K), 0.0302276 secs] 617749K->71340K(2029056K), 0.0302993 secs] [Times: user=0.23 sys=0.00, real=0.03 secs] 
2020-09-29T18:28:39.532+0200: 22.511: [GC (Allocation Failure) 2020-09-29T18:28:39.532+0200: 22.511: [ParNew: 606171K->42124K(613440K), 0.0212236 secs] 616684K->52638K(2029056K), 0.0212939 secs] [Times: user=0.25 sys=0.00, real=0.02 secs] 
2020-09-29T18:28:39.606+0200: 22.585: [GC (Allocation Failure) 2020-09-29T18:28:39.606+0200: 22.585: [ParNew: 587468K->24828K(613440K), 0.0175146 secs] 597982K->35341K(2029056K), 0.0175854 secs] [Times: user=0.13 sys=0.00, real=0.02 secs] 
2020-09-29T18:28:39.684+0200: 22.662: [GC (Allocation Failure) 2020-09-29T18:28:39.684+0200: 22.662: [ParNew: 570172K->48168K(613440K), 0.0233822 secs] 580685K->58682K(2029056K), 0.0234531 secs] [Times: user=0.25 sys=0.00, real=0.02 secs] 
2020-09-29T18:28:39.761+0200: 22.740: [GC (Allocation Failure) 2020-09-29T18:28:39.761+0200: 22.740: [ParNew: 593512K->61725K(613440K), 0.0316886 secs] 604026K->72239K(2029056K), 0.0317796 secs] [Times: user=0.25 sys=0.00, real=0.03 secs] 
2020-09-29T18:28:39.840+0200: 22.819: [GC (Allocation Failure) 2020-09-29T18:28:39.840+0200: 22.819: [ParNew: 607069K->51647K(613440K), 0.0292339 secs] 617583K->62160K(2029056K), 0.0293086 secs] [Times: user=0.25 sys=0.00, real=0.03 secs] 
2020-09-29T18:28:39.918+0200: 22.897: [GC (Allocation Failure) 2020-09-29T18:28:39.918+0200: 22.897: [ParNew: 596991K->53109K(613440K), 0.0284916 secs] 607504K->63623K(2029056K), 0.0285598 secs] [Times: user=0.25 sys=0.00, real=0.03 secs] 
2020-09-29T18:28:40.004+0200: 22.983: [GC (Allocation Failure) 2020-09-29T18:28:40.004+0200: 22.983: [ParNew: 598453K->46677K(613440K), 0.0272466 secs] 608967K->57190K(2029056K), 0.0273259 secs] [Times: user=0.13 sys=0.00, real=0.03 secs] 
2020-09-29T18:28:40.081+0200: 23.060: [GC (Allocation Failure) 2020-09-29T18:28:40.081+0200: 23.060: [ParNew: 592021K->44495K(613440K), 0.0256059 secs] 602534K->55008K(2029056K), 0.0256752 secs] [Times: user=0.14 sys=0.02, real=0.03 secs] 
2020-09-29T18:28:40.161+0200: 23.140: [GC (Allocation Failure) 2020-09-29T18:28:40.161+0200: 23.140: [ParNew: 589839K->43635K(613440K), 0.0270312 secs] 600352K->54148K(2029056K), 0.0271198 secs] [Times: user=0.13 sys=0.00, real=0.03 secs] 
2020-09-29T18:28:40.245+0200: 23.224: [GC (Allocation Failure) 2020-09-29T18:28:40.245+0200: 23.224: [ParNew: 588979K->66835K(613440K), 0.0322410 secs] 599492K->77348K(2029056K), 0.0323107 secs] [Times: user=0.25 sys=0.00, real=0.03 secs] 
2020-09-29T18:28:40.326+0200: 23.305: [GC (Allocation Failure) 2020-09-29T18:28:40.326+0200: 23.305: [ParNew: 612179K->56752K(613440K), 0.0315700 secs] 622692K->67265K(2029056K), 0.0316528 secs] [Times: user=0.25 sys=0.00, real=0.03 secs] 
2020-09-29T18:28:40.406+0200: 23.385: [GC (Allocation Failure) 2020-09-29T18:28:40.406+0200: 23.385: [ParNew: 602096K->56551K(613440K), 0.0314076 secs] 612609K->67065K(2029056K), 0.0315092 secs] [Times: user=0.23 sys=0.00, real=0.03 secs] 
2020-09-29T18:28:40.488+0200: 23.467: [GC (Allocation Failure) 2020-09-29T18:28:40.488+0200: 23.467: [ParNew: 601895K->45770K(613440K), 0.0163928 secs] 612409K->56284K(2029056K), 0.0164514 secs] [Times: user=0.14 sys=0.00, real=0.02 secs] 
2020-09-29T18:28:40.556+0200: 23.534: [GC (Allocation Failure) 2020-09-29T18:28:40.556+0200: 23.534: [ParNew: 591114K->39951K(613440K), 0.0156939 secs] 601628K->50464K(2029056K), 0.0157754 secs] [Times: user=0.11 sys=0.00, real=0.02 secs] 
2020-09-29T18:28:40.624+0200: 23.602: [GC (Allocation Failure) 2020-09-29T18:28:40.624+0200: 23.602: [ParNew: 585295K->59964K(613440K), 0.0253795 secs] 595808K->70477K(2029056K), 0.0254708 secs] [Times: user=0.23 sys=0.00, real=0.02 secs] 
2020-09-29T18:28:40.697+0200: 23.676: [GC (Allocation Failure) 2020-09-29T18:28:40.697+0200: 23.676: [ParNew: 605308K->57097K(613440K), 0.0186224 secs] 615821K->67611K(2029056K), 0.0186949 secs] [Times: user=0.13 sys=0.00, real=0.02 secs] 
2020-09-29T18:28:40.769+0200: 23.747: [GC (Allocation Failure) 2020-09-29T18:28:40.769+0200: 23.747: [ParNew: 602441K->45415K(613440K), 0.0186185 secs] 612955K->55928K(2029056K), 0.0186818 secs] [Times: user=0.25 sys=0.00, real=0.02 secs] 
2020-09-29T18:28:40.834+0200: 23.813: [GC (Allocation Failure) 2020-09-29T18:28:40.834+0200: 23.813: [ParNew: 590759K->37835K(613440K), 0.0134249 secs] 601272K->48349K(2029056K), 0.0134830 secs] [Times: user=0.13 sys=0.00, real=0.01 secs] 
2020-09-29T18:28:40.893+0200: 23.872: [GC (Allocation Failure) 2020-09-29T18:28:40.893+0200: 23.872: [ParNew: 583179K->36682K(613440K), 0.0150105 secs] 593693K->47196K(2029056K), 0.0150698 secs] [Times: user=0.13 sys=0.00, real=0.02 secs] 
2020-09-29T18:28:40.957+0200: 23.935: [GC (Allocation Failure) 2020-09-29T18:28:40.957+0200: 23.935: [ParNew: 582026K->49551K(613440K), 0.0207491 secs] 592540K->60064K(2029056K), 0.0208541 secs] [Times: user=0.25 sys=0.00, real=0.02 secs] 
2020-09-29T18:28:41.025+0200: 24.004: [GC (Allocation Failure) 2020-09-29T18:28:41.025+0200: 24.004: [ParNew: 594895K->45549K(613440K), 0.0143962 secs] 605408K->56063K(2029056K), 0.0144543 secs] [Times: user=0.13 sys=0.00, real=0.01 secs] 
2020-09-29T18:28:41.093+0200: 24.071: [GC (Allocation Failure) 2020-09-29T18:28:41.093+0200: 24.071: [ParNew: 590893K->42319K(613440K), 0.0200480 secs] 601407K->52832K(2029056K), 0.0271582 secs] [Times: user=0.13 sys=0.00, real=0.03 secs] 
2020-09-29T18:28:41.167+0200: 24.146: [GC (Allocation Failure) 2020-09-29T18:28:41.167+0200: 24.146: [ParNew: 587663K->39166K(613440K), 0.0154114 secs] 598176K->49679K(2029056K), 0.0154798 secs] [Times: user=0.13 sys=0.00, real=0.02 secs] 
2020-09-29T18:28:41.239+0200: 24.217: [GC (Allocation Failure) 2020-09-29T18:28:41.239+0200: 24.218: [ParNew: 584510K->54199K(613440K), 0.0239223 secs] 595023K->64712K(2029056K), 0.0240181 secs] [Times: user=0.13 sys=0.00, real=0.02 secs] 
2020-09-29T18:28:41.310+0200: 24.288: [GC (Allocation Failure) 2020-09-29T18:28:41.310+0200: 24.288: [ParNew: 599543K->46266K(613440K), 0.0175129 secs] 610056K->56779K(2029056K), 0.0175670 secs] [Times: user=0.13 sys=0.00, real=0.02 secs] 
2020-09-29T18:28:41.374+0200: 24.353: [GC (Allocation Failure) 2020-09-29T18:28:41.375+0200: 24.353: [ParNew: 591610K->36869K(613440K), 0.0093709 secs] 602123K->47383K(2029056K), 0.0094737 secs] [Times: user=0.13 sys=0.00, real=0.01 secs] 
2020-09-29T18:28:41.431+0200: 24.409: [GC (Allocation Failure) 2020-09-29T18:28:41.431+0200: 24.409: [ParNew: 582213K->48954K(613440K), 0.0210215 secs] 592727K->59467K(2029056K), 0.0211221 secs] [Times: user=0.13 sys=0.00, real=0.02 secs] 
2020-09-29T18:28:41.499+0200: 24.477: [GC (Allocation Failure) 2020-09-29T18:28:41.499+0200: 24.477: [ParNew: 594298K->38828K(613440K), 0.0151699 secs] 604811K->49341K(2029056K), 0.0152438 secs] [Times: user=0.13 sys=0.00, real=0.01 secs] 
2020-09-29T18:28:41.563+0200: 24.541: [GC (Allocation Failure) 2020-09-29T18:28:41.563+0200: 24.542: [ParNew: 584172K->60801K(613440K), 0.0246896 secs] 594685K->71314K(2029056K), 0.0247722 secs] [Times: user=0.25 sys=0.00, real=0.03 secs] 
2020-09-29T18:28:41.637+0200: 24.615: [GC (Allocation Failure) 2020-09-29T18:28:41.637+0200: 24.615: [ParNew: 606145K->54656K(613440K), 0.0190880 secs] 616658K->65170K(2029056K), 0.0191493 secs] [Times: user=0.13 sys=0.00, real=0.02 secs] 
2020-09-29T18:28:41.702+0200: 24.681: [GC (Allocation Failure) 2020-09-29T18:28:41.702+0200: 24.681: [ParNew: 600000K->48962K(613440K), 0.0177785 secs] 610514K->59476K(2029056K), 0.0178336 secs] [Times: user=0.13 sys=0.00, real=0.02 secs] 
2020-09-29T18:28:41.767+0200: 24.745: [GC (Allocation Failure) 2020-09-29T18:28:41.767+0200: 24.745: [ParNew: 594306K->43581K(613440K), 0.0154216 secs] 604820K->54095K(2029056K), 0.0154904 secs] [Times: user=0.13 sys=0.00, real=0.02 secs] 
2020-09-29T18:28:41.829+0200: 24.807: [GC (Allocation Failure) 2020-09-29T18:28:41.829+0200: 24.807: [ParNew: 588925K->40795K(613440K), 0.0161528 secs] 599439K->51308K(2029056K), 0.0162078 secs] [Times: user=0.13 sys=0.00, real=0.02 secs] 
2020-09-29T18:28:41.898+0200: 24.876: [GC (Allocation Failure) 2020-09-29T18:28:41.898+0200: 24.876: [ParNew: 586139K->38655K(613440K), 0.0143902 secs] 596652K->49169K(2029056K), 0.0144449 secs] [Times: user=0.13 sys=0.00, real=0.01 secs] 
2020-09-29T18:28:41.959+0200: 24.937: [GC (Allocation Failure) 2020-09-29T18:28:41.959+0200: 24.937: [ParNew: 583999K->55151K(613440K), 0.0199769 secs] 594513K->65665K(2029056K), 0.0200300 secs] [Times: user=0.13 sys=0.00, real=0.02 secs] 
2020-09-29T18:28:42.027+0200: 25.006: [GC (Allocation Failure) 2020-09-29T18:28:42.027+0200: 25.006: [ParNew: 600495K->68096K(613440K), 0.0236196 secs] 611009K->78609K(2029056K), 0.0236967 secs] [Times: user=0.25 sys=0.00, real=0.02 secs] 
2020-09-29T18:28:42.100+0200: 25.078: [GC (Allocation Failure) 2020-09-29T18:28:42.100+0200: 25.078: [ParNew: 613440K->58956K(613440K), 0.0227816 secs] 623953K->69469K(2029056K), 0.0228364 secs] [Times: user=0.13 sys=0.00, real=0.02 secs] 
2020-09-29T18:28:42.170+0200: 25.149: [GC (Allocation Failure) 2020-09-29T18:28:42.170+0200: 25.149: [ParNew: 604300K->51795K(613440K), 0.0169365 secs] 614813K->62308K(2029056K), 0.0169947 secs] [Times: user=0.13 sys=0.00, real=0.02 secs] 
2020-09-29T18:28:42.239+0200: 25.218: [GC (Allocation Failure) 2020-09-29T18:28:42.239+0200: 25.218: [ParNew: 597139K->43235K(613440K), 0.0164973 secs] 607652K->53749K(2029056K), 0.0165561 secs] [Times: user=0.13 sys=0.00, real=0.02 secs] 
2020-09-29T18:28:42.305+0200: 25.284: [GC (Allocation Failure) 2020-09-29T18:28:42.305+0200: 25.284: [ParNew: 588579K->62195K(613440K), 0.0211613 secs] 599093K->72708K(2029056K), 0.0212218 secs] [Times: user=0.13 sys=0.00, real=0.02 secs] 
2020-09-29T18:28:42.375+0200: 25.354: [GC (Allocation Failure) 2020-09-29T18:28:42.375+0200: 25.354: [ParNew: 607539K->53777K(613440K), 0.0208368 secs] 618052K->64290K(2029056K), 0.0209000 secs] [Times: user=0.25 sys=0.00, real=0.02 secs] 
2020-09-29T18:28:42.449+0200: 25.427: [GC (Allocation Failure) 2020-09-29T18:28:42.449+0200: 25.427: [ParNew: 599121K->44758K(613440K), 0.0147311 secs] 609634K->55271K(2029056K), 0.0148022 secs] [Times: user=0.13 sys=0.00, real=0.01 secs] 
2020-09-29T18:28:42.512+0200: 25.491: [GC (Allocation Failure) 2020-09-29T18:28:42.512+0200: 25.491: [ParNew: 590102K->40445K(613440K), 0.0141129 secs] 600615K->50958K(2029056K), 0.0142034 secs] [Times: user=0.13 sys=0.00, real=0.01 secs] 
2020-09-29T18:28:42.577+0200: 25.556: [GC (Allocation Failure) 2020-09-29T18:28:42.577+0200: 25.556: [ParNew: 585789K->40962K(613440K), 0.0206450 secs] 596302K->51475K(2029056K), 0.0207452 secs] [Times: user=0.22 sys=0.00, real=0.02 secs] 
2020-09-29T18:28:42.649+0200: 25.628: [GC (Allocation Failure) 2020-09-29T18:28:42.649+0200: 25.628: [ParNew: 586306K->59376K(613440K), 0.0231512 secs] 596819K->69889K(2029056K), 0.0232112 secs] [Times: user=0.13 sys=0.00, real=0.02 secs] 
2020-09-29T18:28:42.721+0200: 25.699: [GC (Allocation Failure) 2020-09-29T18:28:42.721+0200: 25.699: [ParNew: 604720K->68096K(613440K), 0.0226913 secs] 615233K->78649K(2029056K), 0.0227765 secs] [Times: user=0.25 sys=0.00, real=0.02 secs] 
2020-09-29T18:28:42.792+0200: 25.771: [GC (Allocation Failure) 2020-09-29T18:28:42.792+0200: 25.771: [ParNew: 613440K->49434K(613440K), 0.0171215 secs] 623993K->59987K(2029056K), 0.0171832 secs] [Times: user=0.13 sys=0.00, real=0.02 secs] 
2020-09-29T18:28:42.857+0200: 25.835: [GC (Allocation Failure) 2020-09-29T18:28:42.857+0200: 25.835: [ParNew: 594778K->49769K(613440K), 0.0205837 secs] 605331K->60323K(2029056K), 0.0206504 secs] [Times: user=0.13 sys=0.00, real=0.02 secs] 
2020-09-29T18:28:42.924+0200: 25.902: [GC (Allocation Failure) 2020-09-29T18:28:42.924+0200: 25.902: [ParNew: 595113K->56358K(613440K), 0.0206120 secs] 605667K->66911K(2029056K), 0.0206716 secs] [Times: user=0.25 sys=0.00, real=0.02 secs] 
2020-09-29T18:28:42.991+0200: 25.970: [GC (Allocation Failure) 2020-09-29T18:28:42.991+0200: 25.970: [ParNew: 601702K->41908K(613440K), 0.0141583 secs] 612255K->52462K(2029056K), 0.0142132 secs] [Times: user=0.13 sys=0.00, real=0.02 secs] 
2020-09-29T18:28:43.057+0200: 26.036: [GC (Allocation Failure) 2020-09-29T18:28:43.057+0200: 26.036: [ParNew: 587252K->41666K(613440K), 0.0196444 secs] 597806K->52220K(2029056K), 0.0197047 secs] [Times: user=0.13 sys=0.00, real=0.02 secs] 
2020-09-29T18:28:43.127+0200: 26.106: [GC (Allocation Failure) 2020-09-29T18:28:43.127+0200: 26.106: [ParNew: 587010K->49269K(613440K), 0.0174416 secs] 597564K->59822K(2029056K), 0.0175192 secs] [Times: user=0.14 sys=0.00, real=0.02 secs] 
2020-09-29T18:28:43.193+0200: 26.172: [GC (Allocation Failure) 2020-09-29T18:28:43.193+0200: 26.172: [ParNew: 594613K->68096K(613440K), 0.0218940 secs] 605166K->78649K(2029056K), 0.0219642 secs] [Times: user=0.13 sys=0.00, real=0.02 secs] 
2020-09-29T18:28:43.268+0200: 26.247: [GC (Allocation Failure) 2020-09-29T18:28:43.268+0200: 26.247: [ParNew: 613440K->54470K(613440K), 0.0216568 secs] 623993K->65023K(2029056K), 0.0217136 secs] [Times: user=0.23 sys=0.02, real=0.02 secs] 
2020-09-29T18:28:43.336+0200: 26.315: [GC (Allocation Failure) 2020-09-29T18:28:43.336+0200: 26.315: [ParNew: 599814K->43735K(613440K), 0.0146306 secs] 610367K->54289K(2029056K), 0.0146864 secs] [Times: user=0.13 sys=0.00, real=0.02 secs] 
2020-09-29T18:28:43.400+0200: 26.378: [GC (Allocation Failure) 2020-09-29T18:28:43.400+0200: 26.378: [ParNew: 589079K->39239K(613440K), 0.0135333 secs] 599633K->49792K(2029056K), 0.0136145 secs] [Times: user=0.13 sys=0.00, real=0.01 secs] 
2020-09-29T18:28:43.461+0200: 26.440: [GC (Allocation Failure) 2020-09-29T18:28:43.461+0200: 26.440: [ParNew: 584583K->48515K(613440K), 0.0187238 secs] 595136K->59068K(2029056K), 0.0187854 secs] [Times: user=0.13 sys=0.00, real=0.02 secs] 
2020-09-29T18:28:43.531+0200: 26.510: [GC (Allocation Failure) 2020-09-29T18:28:43.531+0200: 26.510: [ParNew: 593859K->53790K(613440K), 0.0178432 secs] 604412K->64343K(2029056K), 0.0179126 secs] [Times: user=0.13 sys=0.00, real=0.02 secs] 
2020-09-29T18:28:43.597+0200: 26.575: [GC (Allocation Failure) 2020-09-29T18:28:43.597+0200: 26.575: [ParNew: 599134K->63247K(613440K), 0.0223665 secs] 609687K->73801K(2029056K), 0.0224232 secs] [Times: user=0.25 sys=0.00, real=0.02 secs] 
2020-09-29T18:28:43.669+0200: 26.647: [GC (Allocation Failure) 2020-09-29T18:28:43.669+0200: 26.647: [ParNew: 608591K->49256K(613440K), 0.0167491 secs] 619145K->59809K(2029056K), 0.0168053 secs] [Times: user=0.13 sys=0.00, real=0.02 secs] 
2020-09-29T18:28:43.732+0200: 26.711: [GC (Allocation Failure) 2020-09-29T18:28:43.732+0200: 26.711: [ParNew: 594600K->37248K(613440K), 0.0171213 secs] 605153K->47801K(2029056K), 0.0171847 secs] [Times: user=0.13 sys=0.00, real=0.02 secs] 
2020-09-29T18:28:43.797+0200: 26.776: [GC (Allocation Failure) 2020-09-29T18:28:43.797+0200: 26.776: [ParNew: 582592K->58460K(613440K), 0.0194929 secs] 593145K->69013K(2029056K), 0.0195655 secs] [Times: user=0.25 sys=0.00, real=0.02 secs] 
2020-09-29T18:28:43.864+0200: 26.843: [GC (Allocation Failure) 2020-09-29T18:28:43.864+0200: 26.843: [ParNew: 603804K->37740K(613440K), 0.0145008 secs] 614357K->48293K(2029056K), 0.0145683 secs] [Times: user=0.00 sys=0.00, real=0.01 secs] 
2020-09-29T18:28:43.928+0200: 26.907: [GC (Allocation Failure) 2020-09-29T18:28:43.928+0200: 26.907: [ParNew: 583084K->53502K(613440K), 0.0198907 secs] 593637K->64055K(2029056K), 0.0199678 secs] [Times: user=0.13 sys=0.00, real=0.02 secs] 
2020-09-29T18:28:43.997+0200: 26.976: [GC (Allocation Failure) 2020-09-29T18:28:43.997+0200: 26.976: [ParNew: 598846K->64006K(613440K), 0.0233842 secs] 609399K->74559K(2029056K), 0.0234542 secs] [Times: user=0.25 sys=0.00, real=0.02 secs] 
2020-09-29T18:28:44.072+0200: 27.051: [GC (Allocation Failure) 2020-09-29T18:28:44.072+0200: 27.051: [ParNew: 609350K->43502K(613440K), 0.0118436 secs] 619903K->54055K(2029056K), 0.0119118 secs] [Times: user=0.13 sys=0.00, real=0.01 secs] 
2020-09-29T18:28:44.139+0200: 27.118: [GC (Allocation Failure) 2020-09-29T18:28:44.140+0200: 27.118: [ParNew: 588846K->33013K(613440K), 0.0153824 secs] 599399K->43567K(2029056K), 0.0154456 secs] [Times: user=0.13 sys=0.00, real=0.02 secs] 
2020-09-29T18:28:44.203+0200: 27.182: [GC (Allocation Failure) 2020-09-29T18:28:44.203+0200: 27.182: [ParNew: 578357K->47988K(613440K), 0.0193627 secs] 588911K->58541K(2029056K), 0.0194261 secs] [Times: user=0.25 sys=0.00, real=0.02 secs] 
2020-09-29T18:28:44.275+0200: 27.254: [GC (Allocation Failure) 2020-09-29T18:28:44.275+0200: 27.254: [ParNew: 593332K->39140K(613440K), 0.0134826 secs] 603885K->49694K(2029056K), 0.0135420 secs] [Times: user=0.13 sys=0.00, real=0.01 secs] 
2020-09-29T18:28:44.340+0200: 27.319: [GC (Allocation Failure) 2020-09-29T18:28:44.340+0200: 27.319: [ParNew: 584484K->52899K(613440K), 0.0233790 secs] 595038K->63452K(2029056K), 0.0234603 secs] [Times: user=0.13 sys=0.02, real=0.02 secs] 
2020-09-29T18:28:44.410+0200: 27.389: [GC (Allocation Failure) 2020-09-29T18:28:44.410+0200: 27.389: [ParNew: 598243K->37889K(613440K), 0.0123727 secs] 608796K->48443K(2029056K), 0.0124344 secs] [Times: user=0.08 sys=0.02, real=0.01 secs] 
2020-09-29T18:28:44.471+0200: 27.449: [GC (Allocation Failure) 2020-09-29T18:28:44.471+0200: 27.449: [ParNew: 583233K->51278K(613440K), 0.0208234 secs] 593787K->61831K(2029056K), 0.0209251 secs] [Times: user=0.25 sys=0.00, real=0.02 secs] 
2020-09-29T18:28:44.538+0200: 27.517: [GC (Allocation Failure) 2020-09-29T18:28:44.538+0200: 27.517: [ParNew: 596622K->63981K(613440K), 0.0203632 secs] 607175K->74534K(2029056K), 0.0204185 secs] [Times: user=0.13 sys=0.00, real=0.02 secs] 
2020-09-29T18:28:44.610+0200: 27.589: [GC (Allocation Failure) 2020-09-29T18:28:44.610+0200: 27.589: [ParNew: 609325K->43701K(613440K), 0.0198046 secs] 619878K->54254K(2029056K), 0.0198748 secs] [Times: user=0.25 sys=0.00, real=0.02 secs] 
2020-09-29T18:28:44.678+0200: 27.657: [GC (Allocation Failure) 2020-09-29T18:28:44.678+0200: 27.657: [ParNew: 589045K->39441K(613440K), 0.0129081 secs] 599598K->49994K(2029056K), 0.0129631 secs] [Times: user=0.00 sys=0.00, real=0.01 secs] 
2020-09-29T18:28:44.739+0200: 27.718: [GC (Allocation Failure) 2020-09-29T18:28:44.739+0200: 27.718: [ParNew: 584785K->68096K(613440K), 0.0272238 secs] 595338K->78649K(2029056K), 0.0272794 secs] [Times: user=0.13 sys=0.00, real=0.03 secs] 
2020-09-29T18:28:44.815+0200: 27.794: [GC (Allocation Failure) 2020-09-29T18:28:44.815+0200: 27.794: [ParNew: 613440K->56057K(613440K), 0.0220683 secs] 623993K->66610K(2029056K), 0.0221446 secs] [Times: user=0.25 sys=0.00, real=0.02 secs] 
2020-09-29T18:28:44.886+0200: 27.865: [GC (Allocation Failure) 2020-09-29T18:28:44.886+0200: 27.865: [ParNew: 601401K->47808K(613440K), 0.0154189 secs] 611954K->58362K(2029056K), 0.0154874 secs] [Times: user=0.13 sys=0.00, real=0.02 secs] 
2020-09-29T18:28:44.951+0200: 27.930: [GC (Allocation Failure) 2020-09-29T18:28:44.951+0200: 27.930: [ParNew: 593152K->27158K(613440K), 0.0090858 secs] 603706K->37711K(2029056K), 0.0091456 secs] [Times: user=0.13 sys=0.00, real=0.01 secs] 
2020-09-29T18:28:45.012+0200: 27.990: [GC (Allocation Failure) 2020-09-29T18:28:45.012+0200: 27.990: [ParNew: 572502K->42847K(613440K), 0.0195829 secs] 583055K->53401K(2029056K), 0.0196444 secs] [Times: user=0.13 sys=0.00, real=0.02 secs] 
2020-09-29T18:28:45.080+0200: 28.059: [GC (Allocation Failure) 2020-09-29T18:28:45.080+0200: 28.059: [ParNew: 588191K->58947K(613440K), 0.0190212 secs] 598745K->69501K(2029056K), 0.0190903 secs] [Times: user=0.25 sys=0.00, real=0.02 secs] 
2020-09-29T18:28:45.148+0200: 28.126: [GC (Allocation Failure) 2020-09-29T18:28:45.148+0200: 28.126: [ParNew: 604291K->43585K(613440K), 0.0185262 secs] 614845K->54139K(2029056K), 0.0185890 secs] [Times: user=0.13 sys=0.00, real=0.02 secs] 
2020-09-29T18:28:45.218+0200: 28.196: [GC (Allocation Failure) 2020-09-29T18:28:45.225+0200: 28.203: [ParNew: 588929K->37471K(613440K), 0.0122861 secs] 599483K->48025K(2029056K), 0.0188140 secs] [Times: user=0.00 sys=0.00, real=0.02 secs] 
2020-09-29T18:28:45.284+0200: 28.262: [GC (Allocation Failure) 2020-09-29T18:28:45.284+0200: 28.262: [ParNew: 582815K->19519K(613440K), 0.0097360 secs] 593369K->30073K(2029056K), 0.0098110 secs] [Times: user=0.11 sys=0.00, real=0.01 secs] 
2020-09-29T18:28:45.348+0200: 28.326: [GC (Allocation Failure) 2020-09-29T18:28:45.348+0200: 28.326: [ParNew: 564863K->17458K(613440K), 0.0068031 secs] 575417K->28011K(2029056K), 0.0068928 secs] [Times: user=0.13 sys=0.00, real=0.01 secs] 
2020-09-29T18:28:45.409+0200: 28.387: [GC (Allocation Failure) 2020-09-29T18:28:45.409+0200: 28.387: [ParNew: 562802K->23042K(613440K), 0.0118920 secs] 573355K->33595K(2029056K), 0.0119470 secs] [Times: user=0.13 sys=0.00, real=0.01 secs] 
2020-09-29T18:28:45.468+0200: 28.446: [GC (Allocation Failure) 2020-09-29T18:28:45.468+0200: 28.446: [ParNew: 568386K->51860K(613440K), 0.0216147 secs] 578939K->62413K(2029056K), 0.0216832 secs] [Times: user=0.25 sys=0.00, real=0.02 secs] 
2020-09-29T18:28:45.538+0200: 28.516: [GC (Allocation Failure) 2020-09-29T18:28:45.538+0200: 28.516: [ParNew: 597204K->67970K(613440K), 0.0214181 secs] 607757K->78524K(2029056K), 0.0214748 secs] [Times: user=0.13 sys=0.00, real=0.02 secs] 
2020-09-29T18:28:45.609+0200: 28.587: [GC (Allocation Failure) 2020-09-29T18:28:45.609+0200: 28.587: [ParNew: 613314K->34776K(613440K), 0.0097386 secs] 623868K->45329K(2029056K), 0.0098033 secs] [Times: user=0.11 sys=0.00, real=0.01 secs] 
2020-09-29T18:28:45.675+0200: 28.653: [GC (Allocation Failure) 2020-09-29T18:28:45.675+0200: 28.653: [ParNew: 580120K->44704K(613440K), 0.0191292 secs] 590673K->55257K(2029056K), 0.0191798 secs] [Times: user=0.25 sys=0.00, real=0.02 secs] 
2020-09-29T18:28:45.743+0200: 28.721: [GC (Allocation Failure) 2020-09-29T18:28:45.743+0200: 28.721: [ParNew: 590048K->33521K(613440K), 0.0132483 secs] 600601K->44074K(2029056K), 0.0133041 secs] [Times: user=0.13 sys=0.00, real=0.01 secs] 
2020-09-29T18:28:45.808+0200: 28.786: [GC (Allocation Failure) 2020-09-29T18:28:45.808+0200: 28.786: [ParNew: 578865K->46308K(613440K), 0.0175933 secs] 589418K->56862K(2029056K), 0.0176580 secs] [Times: user=0.13 sys=0.00, real=0.02 secs] 
2020-09-29T18:28:45.874+0200: 28.852: [GC (Allocation Failure) 2020-09-29T18:28:45.874+0200: 28.852: [ParNew: 591652K->31173K(613440K), 0.0103964 secs] 602206K->41726K(2029056K), 0.0104565 secs] [Times: user=0.13 sys=0.00, real=0.01 secs] 
2020-09-29T18:28:45.936+0200: 28.914: [GC (Allocation Failure) 2020-09-29T18:28:45.936+0200: 28.914: [ParNew: 576517K->33027K(613440K), 0.0150590 secs] 587070K->43581K(2029056K), 0.0151174 secs] [Times: user=0.13 sys=0.00, real=0.01 secs] 
2020-09-29T18:28:46.004+0200: 28.982: [GC (Allocation Failure) 2020-09-29T18:28:46.004+0200: 28.983: [ParNew: 578371K->44434K(613440K), 0.0199495 secs] 588925K->54987K(2029056K), 0.0200081 secs] [Times: user=0.22 sys=0.00, real=0.02 secs] 
2020-09-29T18:28:46.076+0200: 29.055: [GC (Allocation Failure) 2020-09-29T18:28:46.076+0200: 29.055: [ParNew: 589778K->36756K(613440K), 0.0152075 secs] 600331K->47309K(2029056K), 0.0152645 secs] [Times: user=0.13 sys=0.00, real=0.02 secs] 
2020-09-29T18:28:46.141+0200: 29.119: [GC (Allocation Failure) 2020-09-29T18:28:46.141+0200: 29.119: [ParNew: 582100K->54301K(613440K), 0.0179370 secs] 592653K->64854K(2029056K), 0.0179961 secs] [Times: user=0.13 sys=0.00, real=0.02 secs] 
2020-09-29T18:28:46.206+0200: 29.184: [GC (Allocation Failure) 2020-09-29T18:28:46.206+0200: 29.184: [ParNew: 599645K->37276K(613440K), 0.0174604 secs] 610198K->47830K(2029056K), 0.0175331 secs] [Times: user=0.24 sys=0.00, real=0.02 secs] 
2020-09-29T18:28:46.273+0200: 29.251: [GC (Allocation Failure) 2020-09-29T18:28:46.273+0200: 29.251: [ParNew: 582620K->37172K(613440K), 0.0160391 secs] 593174K->47725K(2029056K), 0.0160968 secs] [Times: user=0.13 sys=0.00, real=0.02 secs] 
2020-09-29T18:28:46.336+0200: 29.314: [GC (Allocation Failure) 2020-09-29T18:28:46.336+0200: 29.314: [ParNew: 582516K->37665K(613440K), 0.0148589 secs] 593069K->48219K(2029056K), 0.0149256 secs] [Times: user=0.13 sys=0.00, real=0.02 secs] 
2020-09-29T18:28:46.400+0200: 29.378: [GC (Allocation Failure) 2020-09-29T18:28:46.400+0200: 29.378: [ParNew: 583009K->53291K(613440K), 0.0189325 secs] 593563K->63844K(2029056K), 0.0189886 secs] [Times: user=0.13 sys=0.00, real=0.02 secs] 
2020-09-29T18:28:46.468+0200: 29.446: [GC (Allocation Failure) 2020-09-29T18:28:46.468+0200: 29.446: [ParNew: 598635K->35557K(613440K), 0.0119853 secs] 609188K->46111K(2029056K), 0.0120391 secs] [Times: user=0.13 sys=0.00, real=0.01 secs] 
2020-09-29T18:28:46.533+0200: 29.511: [GC (Allocation Failure) 2020-09-29T18:28:46.533+0200: 29.511: [ParNew: 580901K->37209K(613440K), 0.0185312 secs] 591455K->47763K(2029056K), 0.0185884 secs] [Times: user=0.13 sys=0.00, real=0.02 secs] 
2020-09-29T18:28:46.607+0200: 29.586: [GC (Allocation Failure) 2020-09-29T18:28:46.607+0200: 29.586: [ParNew: 582553K->44703K(613440K), 0.0194692 secs] 593107K->55256K(2029056K), 0.0195406 secs] [Times: user=0.11 sys=0.00, real=0.02 secs] 
2020-09-29T18:28:46.680+0200: 29.659: [GC (Allocation Failure) 2020-09-29T18:28:46.680+0200: 29.659: [ParNew: 590047K->34230K(613440K), 0.0170712 secs] 600600K->44783K(2029056K), 0.0171504 secs] [Times: user=0.13 sys=0.00, real=0.02 secs] 
2020-09-29T18:28:46.752+0200: 29.731: [GC (Allocation Failure) 2020-09-29T18:28:46.752+0200: 29.731: [ParNew: 579574K->57442K(613440K), 0.0206029 secs] 590127K->67996K(2029056K), 0.0206611 secs] [Times: user=0.25 sys=0.00, real=0.02 secs] 
2020-09-29T18:28:46.821+0200: 29.799: [GC (Allocation Failure) 2020-09-29T18:28:46.821+0200: 29.799: [ParNew: 602786K->35012K(613440K), 0.0119873 secs] 613340K->45565K(2029056K), 0.0120356 secs] [Times: user=0.13 sys=0.00, real=0.01 secs] 
2020-09-29T18:28:46.883+0200: 29.861: [GC (Allocation Failure) 2020-09-29T18:28:46.883+0200: 29.861: [ParNew: 580356K->36137K(613440K), 0.0170789 secs] 590909K->46691K(2029056K), 0.0171428 secs] [Times: user=0.13 sys=0.00, real=0.02 secs] 
2020-09-29T18:28:46.947+0200: 29.926: [GC (Allocation Failure) 2020-09-29T18:28:46.947+0200: 29.926: [ParNew: 581481K->38889K(613440K), 0.0156493 secs] 592035K->49443K(2029056K), 0.0157077 secs] [Times: user=0.13 sys=0.00, real=0.02 secs] 
2020-09-29T18:28:47.010+0200: 29.989: [GC (Allocation Failure) 2020-09-29T18:28:47.010+0200: 29.989: [ParNew: 584233K->32275K(613440K), 0.0134714 secs] 594787K->42829K(2029056K), 0.0135393 secs] [Times: user=0.13 sys=0.00, real=0.01 secs] 
2020-09-29T18:28:47.073+0200: 30.052: [GC (Allocation Failure) 2020-09-29T18:28:47.073+0200: 30.052: [ParNew: 577619K->51406K(613440K), 0.0195340 secs] 588173K->61959K(2029056K), 0.0196492 secs] [Times: user=0.13 sys=0.00, real=0.02 secs] 
2020-09-29T18:28:47.142+0200: 30.121: [GC (Allocation Failure) 2020-09-29T18:28:47.142+0200: 30.121: [ParNew: 596750K->41483K(613440K), 0.0170233 secs] 607303K->52037K(2029056K), 0.0170811 secs] [Times: user=0.13 sys=0.00, real=0.02 secs] 
2020-09-29T18:28:47.206+0200: 30.185: [GC (Allocation Failure) 2020-09-29T18:28:47.206+0200: 30.185: [ParNew: 586827K->66618K(613440K), 0.0220988 secs] 597381K->77172K(2029056K), 0.0221698 secs] [Times: user=0.25 sys=0.00, real=0.02 secs] 
2020-09-29T18:28:47.278+0200: 30.257: [GC (Allocation Failure) 2020-09-29T18:28:47.278+0200: 30.257: [ParNew: 611962K->41171K(613440K), 0.0116993 secs] 622516K->51724K(2029056K), 0.0118021 secs] [Times: user=0.13 sys=0.00, real=0.01 secs] 
2020-09-29T18:28:47.342+0200: 30.321: [GC (Allocation Failure) 2020-09-29T18:28:47.342+0200: 30.321: [ParNew: 586515K->33553K(613440K), 0.0157181 secs] 597068K->44106K(2029056K), 0.0157853 secs] [Times: user=0.13 sys=0.00, real=0.02 secs] 
2020-09-29T18:28:47.407+0200: 30.385: [GC (Allocation Failure) 2020-09-29T18:28:47.407+0200: 30.386: [ParNew: 578897K->47435K(613440K), 0.0185649 secs] 589450K->57989K(2029056K), 0.0186362 secs] [Times: user=0.13 sys=0.00, real=0.02 secs] 
2020-09-29T18:28:47.475+0200: 30.454: [GC (Allocation Failure) 2020-09-29T18:28:47.475+0200: 30.454: [ParNew: 592779K->37724K(613440K), 0.0131689 secs] 603333K->48278K(2029056K), 0.0132247 secs] [Times: user=0.00 sys=0.01, real=0.01 secs] 
2020-09-29T18:28:47.544+0200: 30.523: [GC (Allocation Failure) 2020-09-29T18:28:47.544+0200: 30.523: [ParNew: 583068K->33634K(613440K), 0.0127835 secs] 593622K->44187K(2029056K), 0.0128673 secs] [Times: user=0.13 sys=0.00, real=0.01 secs] 
2020-09-29T18:28:47.613+0200: 30.592: [GC (Allocation Failure) 2020-09-29T18:28:47.613+0200: 30.592: [ParNew: 578978K->40081K(613440K), 0.0175471 secs] 589531K->50634K(2029056K), 0.0176105 secs] [Times: user=0.22 sys=0.00, real=0.02 secs] 
2020-09-29T18:28:47.679+0200: 30.657: [GC (Allocation Failure) 2020-09-29T18:28:47.679+0200: 30.657: [ParNew: 585425K->40676K(613440K), 0.0162192 secs] 595978K->51229K(2029056K), 0.0162924 secs] [Times: user=0.13 sys=0.00, real=0.02 secs] 
2020-09-29T18:28:47.743+0200: 30.722: [GC (Allocation Failure) 2020-09-29T18:28:47.744+0200: 30.722: [ParNew: 586020K->57320K(613440K), 0.0217713 secs] 596573K->67874K(2029056K), 0.0219149 secs] [Times: user=0.13 sys=0.00, real=0.02 secs] 
2020-09-29T18:28:47.812+0200: 30.791: [GC (Allocation Failure) 2020-09-29T18:28:47.812+0200: 30.791: [ParNew: 602664K->52358K(613440K), 0.0202411 secs] 613218K->62912K(2029056K), 0.0203185 secs] [Times: user=0.25 sys=0.00, real=0.02 secs] 
2020-09-29T18:28:47.879+0200: 30.858: [GC (Allocation Failure) 2020-09-29T18:28:47.879+0200: 30.858: [ParNew: 597702K->41802K(613440K), 0.0139464 secs] 608256K->52355K(2029056K), 0.0140331 secs] [Times: user=0.00 sys=0.00, real=0.01 secs] 
2020-09-29T18:28:47.941+0200: 30.920: [GC (Allocation Failure) 2020-09-29T18:28:47.943+0200: 30.921: [ParNew: 587146K->23322K(613440K), 0.0128054 secs] 597699K->33876K(2029056K), 0.0148074 secs] [Times: user=0.00 sys=0.00, real=0.01 secs] 
2020-09-29T18:28:48.005+0200: 30.983: [GC (Allocation Failure) 2020-09-29T18:28:48.005+0200: 30.983: [ParNew: 568666K->41488K(613440K), 0.0173622 secs] 579220K->52042K(2029056K), 0.0174219 secs] [Times: user=0.13 sys=0.00, real=0.02 secs] 
2020-09-29T18:28:48.068+0200: 31.047: [GC (Allocation Failure) 2020-09-29T18:28:48.068+0200: 31.047: [ParNew: 586832K->33709K(613440K), 0.0155286 secs] 597386K->44263K(2029056K), 0.0155858 secs] [Times: user=0.13 sys=0.00, real=0.02 secs] 
2020-09-29T18:28:48.140+0200: 31.119: [GC (Allocation Failure) 2020-09-29T18:28:48.140+0200: 31.119: [ParNew: 579053K->53272K(613440K), 0.0208049 secs] 589607K->63826K(2029056K), 0.0209033 secs] [Times: user=0.23 sys=0.00, real=0.02 secs] 
2020-09-29T18:28:48.209+0200: 31.188: [GC (Allocation Failure) 2020-09-29T18:28:48.209+0200: 31.188: [ParNew: 598616K->45010K(613440K), 0.0140327 secs] 609170K->55563K(2029056K), 0.0141130 secs] [Times: user=0.13 sys=0.00, real=0.01 secs] 
2020-09-29T18:28:48.272+0200: 31.251: [GC (Allocation Failure) 2020-09-29T18:28:48.272+0200: 31.251: [ParNew: 590354K->39430K(613440K), 0.0136619 secs] 600907K->49984K(2029056K), 0.0137244 secs] [Times: user=0.13 sys=0.00, real=0.01 secs] 
2020-09-29T18:28:48.340+0200: 31.319: [GC (Allocation Failure) 2020-09-29T18:28:48.340+0200: 31.319: [ParNew: 584774K->39408K(613440K), 0.0190618 secs] 595328K->49961K(2029056K), 0.0191196 secs] [Times: user=0.13 sys=0.00, real=0.02 secs] 
2020-09-29T18:28:48.406+0200: 31.385: [GC (Allocation Failure) 2020-09-29T18:28:48.406+0200: 31.385: [ParNew: 584752K->55449K(613440K), 0.0176352 secs] 595305K->66003K(2029056K), 0.0176921 secs] [Times: user=0.13 sys=0.00, real=0.02 secs] 
2020-09-29T18:28:48.472+0200: 31.451: [GC (Allocation Failure) 2020-09-29T18:28:48.472+0200: 31.451: [ParNew: 600793K->42012K(613440K), 0.0164015 secs] 611347K->52565K(2029056K), 0.0164617 secs] [Times: user=0.13 sys=0.00, real=0.02 secs] 
2020-09-29T18:28:48.536+0200: 31.515: [GC (Allocation Failure) 2020-09-29T18:28:48.536+0200: 31.515: [ParNew: 587356K->33510K(613440K), 0.0159238 secs] 597909K->44063K(2029056K), 0.0159932 secs] [Times: user=0.13 sys=0.00, real=0.02 secs] 
2020-09-29T18:28:48.605+0200: 31.584: [GC (Allocation Failure) 2020-09-29T18:28:48.605+0200: 31.584: [ParNew: 578854K->58201K(613440K), 0.0232194 secs] 589407K->68755K(2029056K), 0.0232937 secs] [Times: user=0.11 sys=0.00, real=0.02 secs] 
2020-09-29T18:28:48.675+0200: 31.654: [GC (Allocation Failure) 2020-09-29T18:28:48.675+0200: 31.654: [ParNew: 603545K->62262K(613440K), 0.0195106 secs] 614099K->72816K(2029056K), 0.0195748 secs] [Times: user=0.25 sys=0.00, real=0.02 secs] 
2020-09-29T18:28:48.746+0200: 31.724: [GC (Allocation Failure) 2020-09-29T18:28:48.746+0200: 31.724: [ParNew: 607606K->43919K(613440K), 0.0202828 secs] 618160K->54473K(2029056K), 0.0203731 secs] [Times: user=0.13 sys=0.00, real=0.02 secs] 
2020-09-29T18:28:48.817+0200: 31.795: [GC (Allocation Failure) 2020-09-29T18:28:48.817+0200: 31.796: [ParNew: 589263K->44171K(613440K), 0.0192744 secs] 599817K->54724K(2029056K), 0.0193529 secs] [Times: user=0.13 sys=0.00, real=0.02 secs] 
2020-09-29T18:28:48.887+0200: 31.866: [GC (Allocation Failure) 2020-09-29T18:28:48.887+0200: 31.866: [ParNew: 589515K->41418K(613440K), 0.0188357 secs] 600068K->51971K(2029056K), 0.0189192 secs] [Times: user=0.13 sys=0.00, real=0.02 secs] 
2020-09-29T18:28:48.954+0200: 31.933: [GC (Allocation Failure) 2020-09-29T18:28:48.954+0200: 31.933: [ParNew: 586762K->62605K(613440K), 0.0210462 secs] 597315K->73158K(2029056K), 0.0211043 secs] [Times: user=0.25 sys=0.00, real=0.02 secs] 
2020-09-29T18:28:49.023+0200: 32.001: [GC (Allocation Failure) 2020-09-29T18:28:49.023+0200: 32.001: [ParNew: 607949K->47107K(613440K), 0.0156338 secs] 618502K->57661K(2029056K), 0.0156895 secs] [Times: user=0.13 sys=0.00, real=0.02 secs] 
2020-09-29T18:28:49.089+0200: 32.068: [GC (Allocation Failure) 2020-09-29T18:28:49.089+0200: 32.068: [ParNew: 592451K->44337K(613440K), 0.0201893 secs] 603005K->54890K(2029056K), 0.0202471 secs] [Times: user=0.13 sys=0.00, real=0.02 secs] 
2020-09-29T18:28:49.156+0200: 32.135: [GC (Allocation Failure) 2020-09-29T18:28:49.156+0200: 32.135: [ParNew: 589681K->33802K(613440K), 0.0126202 secs] 600234K->44355K(2029056K), 0.0127190 secs] [Times: user=0.13 sys=0.00, real=0.01 secs] 
2020-09-29T18:28:49.217+0200: 32.196: [GC (Allocation Failure) 2020-09-29T18:28:49.217+0200: 32.196: [ParNew: 579146K->51871K(613440K), 0.0214991 secs] 589699K->62424K(2029056K), 0.0215640 secs] [Times: user=0.22 sys=0.00, real=0.02 secs] 
2020-09-29T18:28:49.286+0200: 32.265: [GC (Allocation Failure) 2020-09-29T18:28:49.286+0200: 32.265: [ParNew: 597215K->41593K(613440K), 0.0165569 secs] 607768K->52146K(2029056K), 0.0166208 secs] [Times: user=0.13 sys=0.00, real=0.02 secs] 
2020-09-29T18:28:49.350+0200: 32.329: [GC (Allocation Failure) 2020-09-29T18:28:49.350+0200: 32.329: [ParNew: 586937K->38112K(613440K), 0.0145431 secs] 597490K->48665K(2029056K), 0.0146002 secs] [Times: user=0.13 sys=0.00, real=0.01 secs] 
2020-09-29T18:28:49.412+0200: 32.390: [GC (Allocation Failure) 2020-09-29T18:28:49.412+0200: 32.390: [ParNew: 583456K->31463K(613440K), 0.0139672 secs] 594009K->42017K(2029056K), 0.0140295 secs] [Times: user=0.00 sys=0.00, real=0.01 secs] 
2020-09-29T18:28:49.478+0200: 32.456: [GC (Allocation Failure) 2020-09-29T18:28:49.478+0200: 32.456: [ParNew: 576807K->52186K(613440K), 0.0185031 secs] 587361K->62740K(2029056K), 0.0185566 secs] [Times: user=0.13 sys=0.00, real=0.02 secs] 
2020-09-29T18:28:49.542+0200: 32.521: [GC (Allocation Failure) 2020-09-29T18:28:49.542+0200: 32.521: [ParNew: 597530K->44900K(613440K), 0.0178985 secs] 608084K->55453K(2029056K), 0.0179646 secs] [Times: user=0.13 sys=0.00, real=0.02 secs] 
2020-09-29T18:28:49.613+0200: 32.592: [GC (Allocation Failure) 2020-09-29T18:28:49.613+0200: 32.592: [ParNew: 590244K->64072K(613440K), 0.0223117 secs] 600797K->74625K(2029056K), 0.0223870 secs] [Times: user=0.13 sys=0.00, real=0.02 secs] 
2020-09-29T18:28:49.683+0200: 32.662: [GC (Allocation Failure) 2020-09-29T18:28:49.683+0200: 32.662: [ParNew: 609416K->53840K(613440K), 0.0214988 secs] 619969K->64394K(2029056K), 0.0215550 secs] [Times: user=0.13 sys=0.00, real=0.02 secs] 
2020-09-29T18:28:49.753+0200: 32.732: [GC (Allocation Failure) 2020-09-29T18:28:49.753+0200: 32.732: [ParNew: 599184K->55276K(613440K), 0.0210336 secs] 609738K->65830K(2029056K), 0.0210992 secs] [Times: user=0.25 sys=0.00, real=0.02 secs] 
2020-09-29T18:28:49.822+0200: 32.800: [GC (Allocation Failure) 2020-09-29T18:28:49.822+0200: 32.800: [ParNew: 600620K->51302K(613440K), 0.0193119 secs] 611174K->61855K(2029056K), 0.0193665 secs] [Times: user=0.13 sys=0.00, real=0.02 secs] 
2020-09-29T18:28:49.891+0200: 32.869: [GC (Allocation Failure) 2020-09-29T18:28:49.891+0200: 32.869: [ParNew: 596646K->48669K(613440K), 0.0193178 secs] 607199K->59223K(2029056K), 0.0194103 secs] [Times: user=0.14 sys=0.00, real=0.02 secs] 
2020-09-29T18:28:49.957+0200: 32.936: [GC (Allocation Failure) 2020-09-29T18:28:49.957+0200: 32.936: [ParNew: 594013K->41887K(613440K), 0.0125453 secs] 604567K->52440K(2029056K), 0.0126022 secs] [Times: user=0.00 sys=0.00, real=0.01 secs] 
2020-09-29T18:28:50.022+0200: 33.001: [GC (Allocation Failure) 2020-09-29T18:28:50.022+0200: 33.001: [ParNew: 587231K->38855K(613440K), 0.0179179 secs] 597784K->49409K(2029056K), 0.0179744 secs] [Times: user=0.13 sys=0.00, real=0.02 secs] 
2020-09-29T18:28:50.092+0200: 33.071: [GC (Allocation Failure) 2020-09-29T18:28:50.092+0200: 33.071: [ParNew: 584199K->50584K(613440K), 0.0175687 secs] 594753K->61137K(2029056K), 0.0176439 secs] [Times: user=0.13 sys=0.00, real=0.02 secs] 
2020-09-29T18:28:50.162+0200: 33.141: [GC (Allocation Failure) 2020-09-29T18:28:50.162+0200: 33.141: [ParNew: 595928K->37756K(613440K), 0.0169011 secs] 606481K->48310K(2029056K), 0.0169553 secs] [Times: user=0.13 sys=0.00, real=0.02 secs] 
2020-09-29T18:28:50.227+0200: 33.206: [GC (Allocation Failure) 2020-09-29T18:28:50.227+0200: 33.206: [ParNew: 583100K->38335K(613440K), 0.0148550 secs] 593654K->48889K(2029056K), 0.0149099 secs] [Times: user=0.13 sys=0.00, real=0.02 secs] 
2020-09-29T18:28:50.292+0200: 33.271: [GC (Allocation Failure) 2020-09-29T18:28:50.292+0200: 33.271: [ParNew: 583679K->31967K(613440K), 0.0155238 secs] 594233K->42521K(2029056K), 0.0155792 secs] [Times: user=0.13 sys=0.00, real=0.01 secs] 
2020-09-29T18:28:50.355+0200: 33.334: [GC (Allocation Failure) 2020-09-29T18:28:50.355+0200: 33.334: [ParNew: 577311K->54329K(613440K), 0.0191111 secs] 587865K->64882K(2029056K), 0.0191779 secs] [Times: user=0.13 sys=0.00, real=0.02 secs] 
2020-09-29T18:28:50.424+0200: 33.402: [GC (Allocation Failure) 2020-09-29T18:28:50.424+0200: 33.402: [ParNew: 599673K->68096K(613440K), 0.0238237 secs] 610226K->78649K(2029056K), 0.0238874 secs] [Times: user=0.25 sys=0.00, real=0.02 secs] 
2020-09-29T18:28:50.496+0200: 33.475: [GC (Allocation Failure) 2020-09-29T18:28:50.496+0200: 33.475: [ParNew: 613440K->68096K(613440K), 0.0232373 secs] 623993K->78659K(2029056K), 0.0233091 secs] [Times: user=0.13 sys=0.00, real=0.02 secs] 
2020-09-29T18:28:50.567+0200: 33.545: [GC (Allocation Failure) 2020-09-29T18:28:50.567+0200: 33.546: [ParNew: 613440K->49489K(613440K), 0.0189007 secs] 624003K->60052K(2029056K), 0.0189692 secs] [Times: user=0.11 sys=0.00, real=0.02 secs] 
2020-09-29T18:28:50.638+0200: 33.617: [GC (Allocation Failure) 2020-09-29T18:28:50.638+0200: 33.617: [ParNew: 594833K->42753K(613440K), 0.0170720 secs] 605396K->53316K(2029056K), 0.0171317 secs] [Times: user=0.13 sys=0.00, real=0.02 secs] 
2020-09-29T18:28:50.706+0200: 33.684: [GC (Allocation Failure) 2020-09-29T18:28:50.706+0200: 33.684: [ParNew: 588097K->39929K(613440K), 0.0164176 secs] 598660K->50492K(2029056K), 0.0164768 secs] [Times: user=0.11 sys=0.00, real=0.02 secs] 
2020-09-29T18:28:50.771+0200: 33.749: [GC (Allocation Failure) 2020-09-29T18:28:50.771+0200: 33.749: [ParNew: 585273K->39218K(613440K), 0.0152003 secs] 595836K->49781K(2029056K), 0.0152592 secs] [Times: user=0.13 sys=0.00, real=0.02 secs] 
2020-09-29T18:28:50.835+0200: 33.813: [GC (Allocation Failure) 2020-09-29T18:28:50.835+0200: 33.813: [ParNew: 584562K->34333K(613440K), 0.0149303 secs] 595125K->44896K(2029056K), 0.0150030 secs] [Times: user=0.13 sys=0.00, real=0.01 secs] 
2020-09-29T18:28:50.902+0200: 33.880: [GC (Allocation Failure) 2020-09-29T18:28:50.902+0200: 33.880: [ParNew: 579677K->30545K(613440K), 0.0130680 secs] 590240K->41108K(2029056K), 0.0131410 secs] [Times: user=0.13 sys=0.00, real=0.01 secs] 
2020-09-29T18:28:50.965+0200: 33.943: [GC (Allocation Failure) 2020-09-29T18:28:50.965+0200: 33.943: [ParNew: 575889K->29348K(613440K), 0.0135978 secs] 586452K->39911K(2029056K), 0.0136599 secs] [Times: user=0.13 sys=0.00, real=0.01 secs] 
2020-09-29T18:28:51.027+0200: 34.005: [GC (Allocation Failure) 2020-09-29T18:28:51.027+0200: 34.005: [ParNew: 574692K->49969K(613440K), 0.0173458 secs] 585255K->60532K(2029056K), 0.0174043 secs] [Times: user=0.13 sys=0.00, real=0.02 secs] 
2020-09-29T18:28:51.093+0200: 34.071: [GC (Allocation Failure) 2020-09-29T18:28:51.093+0200: 34.071: [ParNew: 595313K->41177K(613440K), 0.0170406 secs] 605876K->51740K(2029056K), 0.0171157 secs] [Times: user=0.13 sys=0.00, real=0.02 secs] 
2020-09-29T18:28:51.163+0200: 34.141: [GC (Allocation Failure) 2020-09-29T18:28:51.164+0200: 34.141: [ParNew: 586521K->41641K(613440K), 0.0168248 secs] 597084K->52204K(2029056K), 0.0168918 secs] [Times: user=0.13 sys=0.00, real=0.02 secs] 
2020-09-29T18:28:51.228+0200: 34.206: [GC (Allocation Failure) 2020-09-29T18:28:51.228+0200: 34.206: [ParNew: 586985K->36852K(613440K), 0.0167845 secs] 597548K->47415K(2029056K), 0.0168389 secs] [Times: user=0.13 sys=0.00, real=0.02 secs] 
2020-09-29T18:28:51.294+0200: 34.272: [GC (Allocation Failure) 2020-09-29T18:28:51.294+0200: 34.272: [ParNew: 582196K->36399K(613440K), 0.0149488 secs] 592759K->46962K(2029056K), 0.0150087 secs] [Times: user=0.13 sys=0.00, real=0.02 secs] 
2020-09-29T18:28:51.357+0200: 34.336: [GC (Allocation Failure) 2020-09-29T18:28:51.357+0200: 34.336: [ParNew: 581743K->68076K(613440K), 0.0271622 secs] 592306K->78639K(2029056K), 0.0272290 secs] [Times: user=0.23 sys=0.00, real=0.03 secs] 
2020-09-29T18:28:51.432+0200: 34.410: [GC (Allocation Failure) 2020-09-29T18:28:51.432+0200: 34.411: [ParNew: 613420K->49716K(613440K), 0.0187873 secs] 623983K->60279K(2029056K), 0.0188473 secs] [Times: user=0.13 sys=0.00, real=0.02 secs] 
2020-09-29T18:28:51.498+0200: 34.477: [GC (Allocation Failure) 2020-09-29T18:28:51.498+0200: 34.477: [ParNew: 595060K->40779K(613440K), 0.0190357 secs] 605623K->51342K(2029056K), 0.0190925 secs] [Times: user=0.13 sys=0.00, real=0.02 secs] 
2020-09-29T18:28:51.573+0200: 34.551: [GC (Allocation Failure) 2020-09-29T18:28:51.573+0200: 34.552: [ParNew: 586123K->41807K(613440K), 0.0166010 secs] 596686K->52370K(2029056K), 0.0166664 secs] [Times: user=0.13 sys=0.00, real=0.02 secs] 
2020-09-29T18:28:51.642+0200: 34.620: [GC (Allocation Failure) 2020-09-29T18:28:51.642+0200: 34.620: [ParNew: 587151K->38540K(613440K), 0.0165290 secs] 597714K->49103K(2029056K), 0.0166127 secs] [Times: user=0.11 sys=0.00, real=0.02 secs] 
2020-09-29T18:28:51.707+0200: 34.686: [GC (Allocation Failure) 2020-09-29T18:28:51.707+0200: 34.686: [ParNew: 583884K->32516K(613440K), 0.0161651 secs] 594447K->43079K(2029056K), 0.0162219 secs] [Times: user=0.13 sys=0.00, real=0.02 secs] 
2020-09-29T18:28:51.770+0200: 34.749: [GC (Allocation Failure) 2020-09-29T18:28:51.770+0200: 34.749: [ParNew: 577860K->34348K(613440K), 0.0137718 secs] 588423K->44911K(2029056K), 0.0138404 secs] [Times: user=0.00 sys=0.00, real=0.01 secs] 
2020-09-29T18:28:51.835+0200: 34.813: [GC (Allocation Failure) 2020-09-29T18:28:51.835+0200: 34.813: [ParNew: 579692K->54198K(613440K), 0.0187006 secs] 590255K->64761K(2029056K), 0.0187564 secs] [Times: user=0.13 sys=0.00, real=0.02 secs] 
2020-09-29T18:28:51.901+0200: 34.879: [GC (Allocation Failure) 2020-09-29T18:28:51.901+0200: 34.879: [ParNew: 599542K->41140K(613440K), 0.0179533 secs] 610105K->51703K(2029056K), 0.0180195 secs] [Times: user=0.13 sys=0.00, real=0.02 secs] 
2020-09-29T18:28:51.966+0200: 34.945: [GC (Allocation Failure) 2020-09-29T18:28:51.966+0200: 34.945: [ParNew: 586484K->36577K(613440K), 0.0113016 secs] 597047K->47140K(2029056K), 0.0113571 secs] [Times: user=0.13 sys=0.00, real=0.01 secs] 
2020-09-29T18:28:52.032+0200: 35.011: [GC (Allocation Failure) 2020-09-29T18:28:52.032+0200: 35.011: [ParNew: 581921K->49218K(613440K), 0.0205643 secs] 592484K->59781K(2029056K), 0.0206177 secs] [Times: user=0.25 sys=0.00, real=0.02 secs] 
2020-09-29T18:28:52.101+0200: 35.079: [GC (Allocation Failure) 2020-09-29T18:28:52.101+0200: 35.079: [ParNew: 594562K->41443K(613440K), 0.0156183 secs] 605125K->52006K(2029056K), 0.0156802 secs] [Times: user=0.13 sys=0.00, real=0.01 secs] 
2020-09-29T18:28:52.165+0200: 35.144: [GC (Allocation Failure) 2020-09-29T18:28:52.165+0200: 35.144: [ParNew: 586787K->34495K(613440K), 0.0155060 secs] 597350K->45058K(2029056K), 0.0155608 secs] [Times: user=0.13 sys=0.00, real=0.02 secs] 
2020-09-29T18:28:52.227+0200: 35.206: [GC (Allocation Failure) 2020-09-29T18:28:52.227+0200: 35.206: [ParNew: 579839K->59354K(613440K), 0.0250726 secs] 590402K->69917K(2029056K), 0.0251424 secs] [Times: user=0.13 sys=0.00, real=0.03 secs] 
2020-09-29T18:28:52.300+0200: 35.278: [GC (Allocation Failure) 2020-09-29T18:28:52.300+0200: 35.278: [ParNew: 604698K->68096K(613440K), 0.0238258 secs] 615261K->78835K(2029056K), 0.0238884 secs] [Times: user=0.25 sys=0.00, real=0.02 secs] 
2020-09-29T18:28:52.371+0200: 35.349: [GC (Allocation Failure) 2020-09-29T18:28:52.371+0200: 35.349: [ParNew: 613440K->51852K(613440K), 0.0181651 secs] 624179K->62592K(2029056K), 0.0182346 secs] [Times: user=0.13 sys=0.00, real=0.02 secs] 
2020-09-29T18:28:52.437+0200: 35.416: [GC (Allocation Failure) 2020-09-29T18:28:52.437+0200: 35.416: [ParNew: 597196K->68096K(613440K), 0.0224956 secs] 607936K->78835K(2029056K), 0.0225984 secs] [Times: user=0.25 sys=0.00, real=0.02 secs] 
2020-09-29T18:28:52.506+0200: 35.485: [GC (Allocation Failure) 2020-09-29T18:28:52.506+0200: 35.485: [ParNew: 613440K->49724K(613440K), 0.0220374 secs] 624179K->60463K(2029056K), 0.0221366 secs] [Times: user=0.13 sys=0.00, real=0.02 secs] 
2020-09-29T18:28:52.579+0200: 35.558: [GC (Allocation Failure) 2020-09-29T18:28:52.579+0200: 35.558: [ParNew: 595068K->35003K(613440K), 0.0117819 secs] 605807K->45742K(2029056K), 0.0118424 secs] [Times: user=0.11 sys=0.00, real=0.01 secs] 
2020-09-29T18:28:52.642+0200: 35.621: [GC (Allocation Failure) 2020-09-29T18:28:52.642+0200: 35.621: [ParNew: 580347K->53415K(613440K), 0.0204532 secs] 591086K->64154K(2029056K), 0.0205164 secs] [Times: user=0.25 sys=0.00, real=0.02 secs] 
2020-09-29T18:28:52.717+0200: 35.695: [GC (Allocation Failure) 2020-09-29T18:28:52.717+0200: 35.696: [ParNew: 598759K->31251K(613440K), 0.0084639 secs] 609498K->41990K(2029056K), 0.0085226 secs] [Times: user=0.13 sys=0.00, real=0.01 secs] 
2020-09-29T18:28:52.776+0200: 35.755: [GC (Allocation Failure) 2020-09-29T18:28:52.776+0200: 35.755: [ParNew: 576595K->25128K(613440K), 0.0126147 secs] 587334K->35868K(2029056K), 0.0126703 secs] [Times: user=0.13 sys=0.00, real=0.01 secs] 
2020-09-29T18:28:52.840+0200: 35.819: [GC (Allocation Failure) 2020-09-29T18:28:52.840+0200: 35.819: [ParNew: 570472K->17639K(613440K), 0.0115387 secs] 581212K->28378K(2029056K), 0.0116037 secs] [Times: user=0.13 sys=0.00, real=0.01 secs] 
2020-09-29T18:28:52.901+0200: 35.879: [GC (Allocation Failure) 2020-09-29T18:28:52.901+0200: 35.879: [ParNew: 562983K->35087K(613440K), 0.0135513 secs] 573722K->45827K(2029056K), 0.0136082 secs] [Times: user=0.13 sys=0.00, real=0.01 secs] 
2020-09-29T18:28:52.963+0200: 35.942: [GC (Allocation Failure) 2020-09-29T18:28:52.963+0200: 35.942: [ParNew: 580431K->42460K(613440K), 0.0192301 secs] 591171K->53200K(2029056K), 0.0192941 secs] [Times: user=0.13 sys=0.00, real=0.02 secs] 
2020-09-29T18:28:53.031+0200: 36.010: [GC (Allocation Failure) 2020-09-29T18:28:53.031+0200: 36.010: [ParNew: 587804K->54437K(613440K), 0.0190106 secs] 598544K->65176K(2029056K), 0.0190777 secs] [Times: user=0.13 sys=0.00, real=0.02 secs] 
2020-09-29T18:28:53.098+0200: 36.077: [GC (Allocation Failure) 2020-09-29T18:28:53.098+0200: 36.077: [ParNew: 599781K->36509K(613440K), 0.0120232 secs] 610520K->47248K(2029056K), 0.0120825 secs] [Times: user=0.00 sys=0.00, real=0.01 secs] 
2020-09-29T18:28:53.160+0200: 36.138: [GC (Allocation Failure) 2020-09-29T18:28:53.160+0200: 36.138: [ParNew: 581853K->37044K(613440K), 0.0160078 secs] 592592K->47783K(2029056K), 0.0160654 secs] [Times: user=0.00 sys=0.02, real=0.02 secs] 
2020-09-29T18:28:53.223+0200: 36.202: [GC (Allocation Failure) 2020-09-29T18:28:53.223+0200: 36.202: [ParNew: 582388K->46879K(613440K), 0.0159194 secs] 593127K->57618K(2029056K), 0.0159805 secs] [Times: user=0.13 sys=0.00, real=0.02 secs] 
2020-09-29T18:28:53.289+0200: 36.267: [GC (Allocation Failure) 2020-09-29T18:28:53.289+0200: 36.267: [ParNew: 592223K->35446K(613440K), 0.0144562 secs] 602962K->46185K(2029056K), 0.0145142 secs] [Times: user=0.13 sys=0.00, real=0.01 secs] 
2020-09-29T18:28:53.351+0200: 36.329: [GC (Allocation Failure) 2020-09-29T18:28:53.351+0200: 36.329: [ParNew: 580790K->52978K(613440K), 0.0200706 secs] 591529K->63717K(2029056K), 0.0201354 secs] [Times: user=0.13 sys=0.00, real=0.02 secs] 
2020-09-29T18:28:53.417+0200: 36.396: [GC (Allocation Failure) 2020-09-29T18:28:53.417+0200: 36.396: [ParNew: 598322K->47661K(613440K), 0.0190422 secs] 609061K->58400K(2029056K), 0.0191055 secs] [Times: user=0.13 sys=0.00, real=0.02 secs] 
2020-09-29T18:28:53.483+0200: 36.462: [GC (Allocation Failure) 2020-09-29T18:28:53.483+0200: 36.462: [ParNew: 593005K->40506K(613440K), 0.0170200 secs] 603744K->51245K(2029056K), 0.0171032 secs] [Times: user=0.13 sys=0.00, real=0.02 secs] 
2020-09-29T18:28:53.553+0200: 36.532: [GC (Allocation Failure) 2020-09-29T18:28:53.553+0200: 36.532: [ParNew: 585850K->37899K(613440K), 0.0172439 secs] 596589K->48638K(2029056K), 0.0173493 secs] [Times: user=0.13 sys=0.00, real=0.02 secs] 
2020-09-29T18:28:53.626+0200: 36.605: [GC (Allocation Failure) 2020-09-29T18:28:53.626+0200: 36.605: [ParNew: 583243K->38398K(613440K), 0.0169300 secs] 593982K->49137K(2029056K), 0.0169879 secs] [Times: user=0.11 sys=0.00, real=0.02 secs] 
2020-09-29T18:28:53.694+0200: 36.673: [GC (Allocation Failure) 2020-09-29T18:28:53.694+0200: 36.673: [ParNew: 583742K->58137K(613440K), 0.0207058 secs] 594481K->68876K(2029056K), 0.0207629 secs] [Times: user=0.13 sys=0.00, real=0.02 secs] 
2020-09-29T18:28:53.763+0200: 36.742: [GC (Allocation Failure) 2020-09-29T18:28:53.763+0200: 36.742: [ParNew: 603481K->45268K(613440K), 0.0149578 secs] 614220K->56008K(2029056K), 0.0150247 secs] [Times: user=0.13 sys=0.00, real=0.02 secs] 
2020-09-29T18:28:53.826+0200: 36.805: [GC (Allocation Failure) 2020-09-29T18:28:53.826+0200: 36.805: [ParNew: 590612K->33745K(613440K), 0.0136632 secs] 601352K->44484K(2029056K), 0.0137486 secs] [Times: user=0.13 sys=0.00, real=0.01 secs] 
2020-09-29T18:28:53.888+0200: 36.867: [GC (Allocation Failure) 2020-09-29T18:28:53.888+0200: 36.867: [ParNew: 579089K->47660K(613440K), 0.0189479 secs] 589828K->58399K(2029056K), 0.0190177 secs] [Times: user=0.13 sys=0.00, real=0.02 secs] 
2020-09-29T18:28:53.955+0200: 36.934: [GC (Allocation Failure) 2020-09-29T18:28:53.955+0200: 36.934: [ParNew: 593004K->53656K(613440K), 0.0190794 secs] 603743K->64396K(2029056K), 0.0191352 secs] [Times: user=0.25 sys=0.00, real=0.02 secs] 
2020-09-29T18:28:54.022+0200: 37.001: [GC (Allocation Failure) 2020-09-29T18:28:54.022+0200: 37.001: [ParNew: 599000K->40914K(613440K), 0.0178975 secs] 609740K->51653K(2029056K), 0.0179537 secs] [Times: user=0.13 sys=0.00, real=0.02 secs] 
2020-09-29T18:28:54.086+0200: 37.065: [GC (Allocation Failure) 2020-09-29T18:28:54.086+0200: 37.065: [ParNew: 586258K->64939K(613440K), 0.0223217 secs] 596997K->75678K(2029056K), 0.0223826 secs] [Times: user=0.13 sys=0.00, real=0.02 secs] 
2020-09-29T18:28:54.156+0200: 37.135: [GC (Allocation Failure) 2020-09-29T18:28:54.156+0200: 37.135: [ParNew: 610283K->47989K(613440K), 0.0166105 secs] 621022K->58728K(2029056K), 0.0166700 secs] [Times: user=0.13 sys=0.00, real=0.02 secs] 
2020-09-29T18:28:54.220+0200: 37.198: [GC (Allocation Failure) 2020-09-29T18:28:54.220+0200: 37.198: [ParNew: 593333K->48046K(613440K), 0.0202429 secs] 604072K->58786K(2029056K), 0.0203296 secs] [Times: user=0.25 sys=0.00, real=0.02 secs] 
2020-09-29T18:28:54.290+0200: 37.268: [GC (Allocation Failure) 2020-09-29T18:28:54.290+0200: 37.269: [ParNew: 593390K->38422K(613440K), 0.0150801 secs] 604130K->49162K(2029056K), 0.0151391 secs] [Times: user=0.13 sys=0.00, real=0.02 secs] 
2020-09-29T18:28:54.354+0200: 37.333: [GC (Allocation Failure) 2020-09-29T18:28:54.354+0200: 37.333: [ParNew: 583766K->55030K(613440K), 0.0185521 secs] 594506K->65769K(2029056K), 0.0186127 secs] [Times: user=0.13 sys=0.00, real=0.02 secs] 
2020-09-29T18:28:54.419+0200: 37.398: [GC (Allocation Failure) 2020-09-29T18:28:54.420+0200: 37.398: [ParNew: 600374K->65824K(613440K), 0.0231535 secs] 611113K->76563K(2029056K), 0.0232382 secs] [Times: user=0.25 sys=0.00, real=0.02 secs] 
2020-09-29T18:28:54.490+0200: 37.469: [GC (Allocation Failure) 2020-09-29T18:28:54.490+0200: 37.469: [ParNew: 611168K->50211K(613440K), 0.0186313 secs] 621907K->60951K(2029056K), 0.0186882 secs] [Times: user=0.13 sys=0.00, real=0.02 secs] 
2020-09-29T18:28:54.556+0200: 37.535: [GC (Allocation Failure) 2020-09-29T18:28:54.557+0200: 37.535: [ParNew: 595555K->37892K(613440K), 0.0115390 secs] 606295K->48631K(2029056K), 0.0116262 secs] [Times: user=0.13 sys=0.00, real=0.01 secs] 
2020-09-29T18:28:54.620+0200: 37.599: [GC (Allocation Failure) 2020-09-29T18:28:54.620+0200: 37.599: [ParNew: 583236K->39620K(613440K), 0.0232928 secs] 593975K->50359K(2029056K), 0.0233610 secs] [Times: user=0.11 sys=0.00, real=0.02 secs] 
2020-09-29T18:28:54.693+0200: 37.672: [GC (Allocation Failure) 2020-09-29T18:28:54.693+0200: 37.672: [ParNew: 584964K->43716K(613440K), 0.0211091 secs] 595703K->54455K(2029056K), 0.0211813 secs] [Times: user=0.13 sys=0.00, real=0.02 secs] 
2020-09-29T18:28:54.761+0200: 37.739: [GC (Allocation Failure) 2020-09-29T18:28:54.761+0200: 37.740: [ParNew: 589060K->57855K(613440K), 0.0259848 secs] 599799K->68594K(2029056K), 0.0260529 secs] [Times: user=0.25 sys=0.00, real=0.03 secs] 
2020-09-29T18:28:54.841+0200: 37.819: [GC (Allocation Failure) 2020-09-29T18:28:54.841+0200: 37.819: [ParNew: 603199K->51351K(613440K), 0.0243146 secs] 613938K->62090K(2029056K), 0.0243965 secs] [Times: user=0.25 sys=0.00, real=0.02 secs] 
2020-09-29T18:28:54.922+0200: 37.900: [GC (Allocation Failure) 2020-09-29T18:28:54.922+0200: 37.900: [ParNew: 596695K->44396K(613440K), 0.0232320 secs] 607434K->55135K(2029056K), 0.0233124 secs] [Times: user=0.25 sys=0.00, real=0.02 secs] 
2020-09-29T18:28:55.007+0200: 37.985: [GC (Allocation Failure) 2020-09-29T18:28:55.007+0200: 37.985: [ParNew: 589740K->43338K(613440K), 0.0243930 secs] 600479K->54077K(2029056K), 0.0244919 secs] [Times: user=0.13 sys=0.00, real=0.03 secs] 
2020-09-29T18:28:55.089+0200: 38.066: [GC (Allocation Failure) 2020-09-29T18:28:55.089+0200: 38.067: [ParNew: 588682K->41777K(613440K), 0.0225665 secs] 599421K->52516K(2029056K), 0.0226494 secs] [Times: user=0.13 sys=0.00, real=0.02 secs] 
2020-09-29T18:28:55.162+0200: 38.140: [GC (Allocation Failure) 2020-09-29T18:28:55.163+0200: 38.140: [ParNew: 587121K->38455K(613440K), 0.0211823 secs] 597860K->49195K(2029056K), 0.0212714 secs] [Times: user=0.13 sys=0.00, real=0.02 secs] 
2020-09-29T18:28:55.234+0200: 38.212: [GC (Allocation Failure) 2020-09-29T18:28:55.234+0200: 38.212: [ParNew: 583799K->37287K(613440K), 0.0207702 secs] 594539K->48026K(2029056K), 0.0208491 secs] [Times: user=0.25 sys=0.00, real=0.02 secs] 
2020-09-29T18:28:55.302+0200: 38.280: [GC (Allocation Failure) 2020-09-29T18:28:55.302+0200: 38.280: [ParNew: 582631K->63525K(613440K), 0.0323167 secs] 593370K->74264K(2029056K), 0.0323802 secs] [Times: user=0.25 sys=0.00, real=0.03 secs] 
2020-09-29T18:28:55.381+0200: 38.359: [GC (Allocation Failure) 2020-09-29T18:28:55.382+0200: 38.359: [ParNew: 608869K->54220K(613440K), 0.0244664 secs] 619608K->64960K(2029056K), 0.0245689 secs] [Times: user=0.13 sys=0.00, real=0.02 secs] 
2020-09-29T18:28:55.457+0200: 38.435: [GC (Allocation Failure) 2020-09-29T18:28:55.457+0200: 38.435: [ParNew: 599564K->39462K(613440K), 0.0170401 secs] 610304K->50201K(2029056K), 0.0171078 secs] [Times: user=0.25 sys=0.00, real=0.02 secs] 
2020-09-29T18:28:55.526+0200: 38.504: [GC (Allocation Failure) 2020-09-29T18:28:55.526+0200: 38.504: [ParNew: 584806K->52923K(613440K), 0.0304411 secs] 595545K->63662K(2029056K), 0.0305129 secs] [Times: user=0.25 sys=0.00, real=0.03 secs] 
2020-09-29T18:28:55.605+0200: 38.583: [GC (Allocation Failure) 2020-09-29T18:28:55.605+0200: 38.583: [ParNew: 598267K->44802K(613440K), 0.0226677 secs] 609006K->55541K(2029056K), 0.0227392 secs] [Times: user=0.11 sys=0.00, real=0.02 secs] 
2020-09-29T18:28:55.677+0200: 38.655: [GC (Allocation Failure) 2020-09-29T18:28:55.677+0200: 38.655: [ParNew: 590146K->68096K(613440K), 0.0342100 secs] 600885K->78835K(2029056K), 0.0342849 secs] [Times: user=0.25 sys=0.00, real=0.03 secs] 
2020-09-29T18:28:55.759+0200: 38.737: [GC (Allocation Failure) 2020-09-29T18:28:55.759+0200: 38.737: [ParNew: 613440K->60425K(613440K), 0.0268747 secs] 624179K->71165K(2029056K), 0.0269541 secs] [Times: user=0.25 sys=0.00, real=0.03 secs] 
2020-09-29T18:28:55.834+0200: 38.812: [GC (Allocation Failure) 2020-09-29T18:28:55.834+0200: 38.812: [ParNew: 605769K->40326K(613440K), 0.0097263 secs] 616509K->51066K(2029056K), 0.0098002 secs] [Times: user=0.00 sys=0.00, real=0.01 secs] 
2020-09-29T18:28:55.905+0200: 38.884: [GC (Allocation Failure) 2020-09-29T18:28:55.905+0200: 38.884: [ParNew: 585670K->25809K(613440K), 0.0178960 secs] 596410K->36549K(2029056K), 0.0179664 secs] [Times: user=0.13 sys=0.00, real=0.02 secs] 
2020-09-29T18:28:55.974+0200: 38.953: [GC (Allocation Failure) 2020-09-29T18:28:55.974+0200: 38.953: [ParNew: 571153K->40304K(613440K), 0.0209166 secs] 581893K->51043K(2029056K), 0.0216607 secs] [Times: user=0.13 sys=0.00, real=0.02 secs] 
2020-09-29T18:28:56.044+0200: 39.022: [GC (Allocation Failure) 2020-09-29T18:28:56.044+0200: 39.022: [ParNew: 585648K->44336K(613440K), 0.0201761 secs] 596387K->55076K(2029056K), 0.0202519 secs] [Times: user=0.13 sys=0.00, real=0.02 secs] 
2020-09-29T18:28:56.114+0200: 39.092: [GC (Allocation Failure) 2020-09-29T18:28:56.114+0200: 39.092: [ParNew: 589680K->31192K(613440K), 0.0189491 secs] 600420K->41931K(2029056K), 0.0190107 secs] [Times: user=0.13 sys=0.00, real=0.02 secs] 
2020-09-29T18:28:56.186+0200: 39.164: [GC (Allocation Failure) 2020-09-29T18:28:56.186+0200: 39.164: [ParNew: 576536K->54959K(613440K), 0.0248479 secs] 587275K->65698K(2029056K), 0.0249268 secs] [Times: user=0.25 sys=0.00, real=0.02 secs] 
2020-09-29T18:28:56.258+0200: 39.237: [GC (Allocation Failure) 2020-09-29T18:28:56.258+0200: 39.237: [ParNew: 600303K->41935K(613440K), 0.0233427 secs] 611042K->52674K(2029056K), 0.0234113 secs] [Times: user=0.13 sys=0.00, real=0.02 secs] 
2020-09-29T18:28:56.329+0200: 39.307: [GC (Allocation Failure) 2020-09-29T18:28:56.329+0200: 39.307: [ParNew: 587279K->37610K(613440K), 0.0241473 secs] 598018K->48349K(2029056K), 0.0242179 secs] [Times: user=0.25 sys=0.00, real=0.02 secs] 
2020-09-29T18:28:56.400+0200: 39.378: [GC (Allocation Failure) 2020-09-29T18:28:56.400+0200: 39.378: [ParNew: 582954K->29998K(613440K), 0.0143251 secs] 593693K->40738K(2029056K), 0.0143883 secs] [Times: user=0.13 sys=0.00, real=0.01 secs] 
2020-09-29T18:28:56.473+0200: 39.451: [GC (Allocation Failure) 2020-09-29T18:28:56.473+0200: 39.451: [ParNew: 575342K->49219K(613440K), 0.0279868 secs] 586082K->59958K(2029056K), 0.0280506 secs] [Times: user=0.25 sys=0.00, real=0.03 secs] 
2020-09-29T18:28:56.547+0200: 39.526: [GC (Allocation Failure) 2020-09-29T18:28:56.548+0200: 39.526: [ParNew: 594563K->40233K(613440K), 0.0187496 secs] 605302K->50972K(2029056K), 0.0188346 secs] [Times: user=0.13 sys=0.00, real=0.02 secs] 
2020-09-29T18:28:56.626+0200: 39.604: [GC (Allocation Failure) 2020-09-29T18:28:56.626+0200: 39.604: [ParNew: 585577K->56942K(613440K), 0.0257023 secs] 596316K->67681K(2029056K), 0.0257785 secs] [Times: user=0.23 sys=0.00, real=0.03 secs] 
2020-09-29T18:28:56.700+0200: 39.678: [GC (Allocation Failure) 2020-09-29T18:28:56.700+0200: 39.678: [ParNew: 601191K->43307K(613440K), 0.0228916 secs] 611930K->54046K(2029056K), 0.0229553 secs] [Times: user=0.13 sys=0.00, real=0.02 secs] 
2020-09-29T18:28:56.771+0200: 39.749: [GC (Allocation Failure) 2020-09-29T18:28:56.771+0200: 39.749: [ParNew: 588651K->68096K(613440K), 0.0284037 secs] 599390K->78835K(2029056K), 0.0284943 secs] [Times: user=0.13 sys=0.00, real=0.03 secs] 
2020-09-29T18:28:56.853+0200: 39.831: [GC (Allocation Failure) 2020-09-29T18:28:56.853+0200: 39.831: [ParNew: 613440K->44502K(613440K), 0.0202213 secs] 624179K->55241K(2029056K), 0.0202889 secs] [Times: user=0.13 sys=0.00, real=0.02 secs] 
2020-09-29T18:28:56.927+0200: 39.905: [GC (Allocation Failure) 2020-09-29T18:28:56.927+0200: 39.905: [ParNew: 589846K->35789K(613440K), 0.0177061 secs] 600585K->46528K(2029056K), 0.0177707 secs] [Times: user=0.13 sys=0.00, real=0.02 secs] 
2020-09-29T18:28:56.995+0200: 39.973: [GC (Allocation Failure) 2020-09-29T18:28:56.995+0200: 39.973: [ParNew: 581133K->55784K(613440K), 0.0303260 secs] 591872K->66524K(2029056K), 0.0304132 secs] [Times: user=0.25 sys=0.00, real=0.03 secs] 
2020-09-29T18:28:57.074+0200: 40.052: [GC (Allocation Failure) 2020-09-29T18:28:57.074+0200: 40.052: [ParNew: 601128K->48484K(613440K), 0.0241633 secs] 611868K->59224K(2029056K), 0.0242478 secs] [Times: user=0.13 sys=0.00, real=0.02 secs] 
2020-09-29T18:28:57.149+0200: 40.127: [GC (Allocation Failure) 2020-09-29T18:28:57.149+0200: 40.127: [ParNew: 593828K->43807K(613440K), 0.0214653 secs] 604568K->54546K(2029056K), 0.0215315 secs] [Times: user=0.13 sys=0.00, real=0.02 secs] 
2020-09-29T18:28:57.223+0200: 40.202: [GC (Allocation Failure) 2020-09-29T18:28:57.224+0200: 40.202: [ParNew: 589151K->40738K(613440K), 0.0215502 secs] 599890K->51478K(2029056K), 0.0216194 secs] [Times: user=0.13 sys=0.01, real=0.02 secs] 
2020-09-29T18:28:57.292+0200: 40.270: [GC (Allocation Failure) 2020-09-29T18:28:57.292+0200: 40.270: [ParNew: 586082K->60080K(613440K), 0.0273363 secs] 596822K->70820K(2029056K), 0.0274204 secs] [Times: user=0.25 sys=0.00, real=0.03 secs] 
2020-09-29T18:28:57.366+0200: 40.345: [GC (Allocation Failure) 2020-09-29T18:28:57.366+0200: 40.345: [ParNew: 605424K->51896K(613440K), 0.0262111 secs] 616164K->62635K(2029056K), 0.0262804 secs] [Times: user=0.13 sys=0.00, real=0.03 secs] 
2020-09-29T18:28:57.441+0200: 40.419: [GC (Allocation Failure) 2020-09-29T18:28:57.441+0200: 40.419: [ParNew: 597240K->44954K(613440K), 0.0253691 secs] 607979K->55693K(2029056K), 0.0254371 secs] [Times: user=0.25 sys=0.00, real=0.03 secs] 
2020-09-29T18:28:57.515+0200: 40.493: [GC (Allocation Failure) 2020-09-29T18:28:57.515+0200: 40.493: [ParNew: 590298K->68096K(613440K), 0.0314900 secs] 601037K->79429K(2029056K), 0.0315578 secs] [Times: user=0.25 sys=0.00, real=0.03 secs] 
2020-09-29T18:28:57.595+0200: 40.574: [GC (Allocation Failure) 2020-09-29T18:28:57.595+0200: 40.574: [ParNew: 613440K->54074K(613440K), 0.0242398 secs] 624773K->65407K(2029056K), 0.0243062 secs] [Times: user=0.22 sys=0.00, real=0.02 secs] 
2020-09-29T18:28:57.675+0200: 40.653: [GC (Allocation Failure) 2020-09-29T18:28:57.675+0200: 40.653: [ParNew: 599418K->46664K(613440K), 0.0216030 secs] 610751K->57998K(2029056K), 0.0216866 secs] [Times: user=0.23 sys=0.02, real=0.02 secs] 
2020-09-29T18:28:57.749+0200: 40.728: [GC (Allocation Failure) 2020-09-29T18:28:57.749+0200: 40.728: [ParNew: 592008K->35239K(613440K), 0.0139828 secs] 603342K->46573K(2029056K), 0.0140626 secs] [Times: user=0.13 sys=0.00, real=0.01 secs] 
2020-09-29T18:28:57.816+0200: 40.794: [GC (Allocation Failure) 2020-09-29T18:28:57.816+0200: 40.794: [ParNew: 580583K->46735K(613440K), 0.0254590 secs] 591917K->58069K(2029056K), 0.0255288 secs] [Times: user=0.25 sys=0.00, real=0.03 secs] 
2020-09-29T18:28:57.890+0200: 40.869: [GC (Allocation Failure) 2020-09-29T18:28:57.891+0200: 40.869: [ParNew: 592079K->65318K(613440K), 0.0318830 secs] 603413K->76651K(2029056K), 0.0319702 secs] [Times: user=0.25 sys=0.00, real=0.03 secs] 
2020-09-29T18:28:57.970+0200: 40.948: [GC (Allocation Failure) 2020-09-29T18:28:57.970+0200: 40.948: [ParNew: 610662K->54672K(613440K), 0.0245983 secs] 621995K->66006K(2029056K), 0.0246601 secs] [Times: user=0.25 sys=0.00, real=0.02 secs] 
2020-09-29T18:28:58.042+0200: 41.020: [GC (Allocation Failure) 2020-09-29T18:28:58.042+0200: 41.020: [ParNew: 600016K->43989K(613440K), 0.0244371 secs] 611350K->55322K(2029056K), 0.0245182 secs] [Times: user=0.13 sys=0.01, real=0.02 secs] 
2020-09-29T18:28:58.114+0200: 41.093: [GC (Allocation Failure) 2020-09-29T18:28:58.114+0200: 41.093: [ParNew: 589333K->44186K(613440K), 0.0226284 secs] 600666K->55520K(2029056K), 0.0226942 secs] [Times: user=0.13 sys=0.00, real=0.02 secs] 
2020-09-29T18:28:58.193+0200: 41.171: [GC (Allocation Failure) 2020-09-29T18:28:58.193+0200: 41.171: [ParNew: 589530K->38891K(613440K), 0.0220498 secs] 600864K->50225K(2029056K), 0.0221170 secs] [Times: user=0.13 sys=0.00, real=0.02 secs] 
2020-09-29T18:28:58.271+0200: 41.249: [GC (Allocation Failure) 2020-09-29T18:28:58.271+0200: 41.249: [ParNew: 584235K->35602K(613440K), 0.0216215 secs] 595569K->46936K(2029056K), 0.0216960 secs] [Times: user=0.13 sys=0.00, real=0.02 secs] 
2020-09-29T18:28:58.340+0200: 41.318: [GC (Allocation Failure) 2020-09-29T18:28:58.340+0200: 41.318: [ParNew: 580946K->29452K(613440K), 0.0105120 secs] 592280K->40786K(2029056K), 0.0105790 secs] [Times: user=0.13 sys=0.00, real=0.01 secs] 
2020-09-29T18:28:58.409+0200: 41.387: [GC (Allocation Failure) 2020-09-29T18:28:58.409+0200: 41.387: [ParNew: 574796K->48224K(613440K), 0.0262560 secs] 586130K->59557K(2029056K), 0.0263245 secs] [Times: user=0.25 sys=0.00, real=0.03 secs] 
2020-09-29T18:28:58.486+0200: 41.464: [GC (Allocation Failure) 2020-09-29T18:28:58.486+0200: 41.464: [ParNew: 593568K->58647K(613440K), 0.0242399 secs] 604901K->69980K(2029056K), 0.0243213 secs] [Times: user=0.25 sys=0.00, real=0.02 secs] 
2020-09-29T18:28:58.562+0200: 41.540: [GC (Allocation Failure) 2020-09-29T18:28:58.562+0200: 41.540: [ParNew: 603991K->39746K(613440K), 0.0235587 secs] 615324K->51079K(2029056K), 0.0236383 secs] [Times: user=0.25 sys=0.00, real=0.02 secs] 
2020-09-29T18:28:58.634+0200: 41.613: [GC (Allocation Failure) 2020-09-29T18:28:58.635+0200: 41.613: [ParNew: 585090K->43484K(613440K), 0.0218924 secs] 596423K->54817K(2029056K), 0.0219819 secs] [Times: user=0.13 sys=0.00, real=0.02 secs] 
2020-09-29T18:28:58.710+0200: 41.688: [GC (Allocation Failure) 2020-09-29T18:28:58.710+0200: 41.688: [ParNew: 588828K->63741K(613440K), 0.0271897 secs] 600161K->75074K(2029056K), 0.0272559 secs] [Times: user=0.13 sys=0.00, real=0.03 secs] 
2020-09-29T18:28:58.792+0200: 41.770: [GC (Allocation Failure) 2020-09-29T18:28:58.792+0200: 41.770: [ParNew: 609085K->53049K(613440K), 0.0274744 secs] 620418K->64382K(2029056K), 0.0275563 secs] [Times: user=0.25 sys=0.00, real=0.03 secs] 
2020-09-29T18:28:58.871+0200: 41.849: [GC (Allocation Failure) 2020-09-29T18:28:58.871+0200: 41.849: [ParNew: 598393K->68096K(613440K), 0.0345318 secs] 609726K->81365K(2029056K), 0.0345983 secs] [Times: user=0.25 sys=0.00, real=0.03 secs] 
2020-09-29T18:28:58.952+0200: 41.930: [GC (Allocation Failure) 2020-09-29T18:28:58.952+0200: 41.930: [ParNew: 613440K->58818K(613440K), 0.0252569 secs] 626709K->72087K(2029056K), 0.0253218 secs] [Times: user=0.25 sys=0.00, real=0.03 secs] 
2020-09-29T18:28:59.026+0200: 42.004: [GC (Allocation Failure) 2020-09-29T18:28:59.026+0200: 42.004: [ParNew: 604162K->68096K(613440K), 0.0312475 secs] 617431K->82387K(2029056K), 0.0313121 secs] [Times: user=0.23 sys=0.02, real=0.03 secs] 
2020-09-29T18:28:59.106+0200: 42.084: [GC (Allocation Failure) 2020-09-29T18:28:59.106+0200: 42.084: [ParNew: 613440K->59971K(613440K), 0.0305536 secs] 627731K->74263K(2029056K), 0.0306158 secs] [Times: user=0.25 sys=0.00, real=0.03 secs] 
2020-09-29T18:28:59.184+0200: 42.163: [GC (Allocation Failure) 2020-09-29T18:28:59.185+0200: 42.163: [ParNew: 605315K->58153K(613440K), 0.0293530 secs] 619607K->72445K(2029056K), 0.0294440 secs] [Times: user=0.25 sys=0.00, real=0.03 secs] 
2020-09-29T18:28:59.262+0200: 42.241: [GC (Allocation Failure) 2020-09-29T18:28:59.262+0200: 42.241: [ParNew: 603497K->48318K(613440K), 0.0139081 secs] 617789K->62609K(2029056K), 0.0139756 secs] [Times: user=0.13 sys=0.00, real=0.01 secs] 
2020-09-29T18:28:59.338+0200: 42.316: [GC (Allocation Failure) 2020-09-29T18:28:59.338+0200: 42.316: [ParNew: 593662K->34425K(613440K), 0.0220512 secs] 607953K->48717K(2029056K), 0.0221182 secs] [Times: user=0.13 sys=0.00, real=0.02 secs] 
2020-09-29T18:28:59.406+0200: 42.385: [GC (Allocation Failure) 2020-09-29T18:28:59.406+0200: 42.385: [ParNew: 579769K->29831K(613440K), 0.0196898 secs] 594061K->44122K(2029056K), 0.0197532 secs] [Times: user=0.13 sys=0.00, real=0.02 secs] 
2020-09-29T18:28:59.476+0200: 42.455: [GC (Allocation Failure) 2020-09-29T18:28:59.477+0200: 42.455: [ParNew: 575175K->51487K(613440K), 0.0249193 secs] 589466K->65779K(2029056K), 0.0250000 secs] [Times: user=0.13 sys=0.00, real=0.02 secs] 
2020-09-29T18:28:59.554+0200: 42.532: [GC (Allocation Failure) 2020-09-29T18:28:59.554+0200: 42.532: [ParNew: 596831K->67652K(613440K), 0.0306589 secs] 611123K->81944K(2029056K), 0.0307540 secs] [Times: user=0.25 sys=0.00, real=0.03 secs] 
2020-09-29T18:28:59.639+0200: 42.617: [GC (Allocation Failure) 2020-09-29T18:28:59.639+0200: 42.617: [ParNew: 612996K->54593K(613440K), 0.0256940 secs] 627288K->68885K(2029056K), 0.0257675 secs] [Times: user=0.25 sys=0.00, real=0.03 secs] 
2020-09-29T18:28:59.715+0200: 42.693: [GC (Allocation Failure) 2020-09-29T18:28:59.715+0200: 42.693: [ParNew: 599937K->45063K(613440K), 0.0250167 secs] 614229K->59355K(2029056K), 0.0250954 secs] [Times: user=0.25 sys=0.00, real=0.03 secs] 
2020-09-29T18:28:59.792+0200: 42.770: [GC (Allocation Failure) 2020-09-29T18:28:59.792+0200: 42.770: [ParNew: 590407K->68096K(613440K), 0.0315027 secs] 604699K->82387K(2029056K), 0.0315878 secs] [Times: user=0.25 sys=0.00, real=0.03 secs] 
2020-09-29T18:28:59.871+0200: 42.849: [GC (Allocation Failure) 2020-09-29T18:28:59.871+0200: 42.849: [ParNew: 613440K->45949K(613440K), 0.0235059 secs] 627731K->60241K(2029056K), 0.0235778 secs] [Times: user=0.13 sys=0.00, real=0.02 secs] 
2020-09-29T18:28:59.950+0200: 42.928: [GC (Allocation Failure) 2020-09-29T18:28:59.950+0200: 42.928: [ParNew: 591293K->63145K(613440K), 0.0285881 secs] 605585K->77437K(2029056K), 0.0286563 secs] [Times: user=0.25 sys=0.00, real=0.03 secs] 
2020-09-29T18:29:00.034+0200: 43.012: [GC (Allocation Failure) 2020-09-29T18:29:00.034+0200: 43.012: [ParNew: 608489K->41777K(613440K), 0.0277785 secs] 622781K->56068K(2029056K), 0.0278671 secs] [Times: user=0.25 sys=0.00, real=0.03 secs] 
2020-09-29T18:29:00.109+0200: 43.087: [GC (Allocation Failure) 2020-09-29T18:29:00.109+0200: 43.088: [ParNew: 587121K->46111K(613440K), 0.0258050 secs] 601412K->60403K(2029056K), 0.0258755 secs] [Times: user=0.25 sys=0.00, real=0.03 secs] 
2020-09-29T18:29:00.190+0200: 43.169: [GC (Allocation Failure) 2020-09-29T18:29:00.190+0200: 43.169: [ParNew: 591455K->43880K(613440K), 0.0243637 secs] 605747K->58172K(2029056K), 0.0315156 secs] [Times: user=0.25 sys=0.00, real=0.03 secs] 
2020-09-29T18:29:00.289+0200: 43.267: [GC (Allocation Failure) 2020-09-29T18:29:00.289+0200: 43.267: [ParNew: 589224K->64674K(613440K), 0.0317442 secs] 603516K->78966K(2029056K), 0.0318122 secs] [Times: user=0.25 sys=0.00, real=0.03 secs] 
2020-09-29T18:29:00.369+0200: 43.348: [GC (Allocation Failure) 2020-09-29T18:29:00.369+0200: 43.348: [ParNew: 610018K->51994K(613440K), 0.0304178 secs] 624310K->66286K(2029056K), 0.0304877 secs] [Times: user=0.25 sys=0.00, real=0.03 secs] 
2020-09-29T18:29:00.451+0200: 43.429: [GC (Allocation Failure) 2020-09-29T18:29:00.451+0200: 43.429: [ParNew: 597338K->49863K(613440K), 0.0309304 secs] 611630K->64155K(2029056K), 0.0310028 secs] [Times: user=0.25 sys=0.00, real=0.03 secs] 
2020-09-29T18:29:00.530+0200: 43.508: [GC (Allocation Failure) 2020-09-29T18:29:00.530+0200: 43.508: [ParNew: 595207K->46752K(613440K), 0.0296193 secs] 609499K->61044K(2029056K), 0.0296953 secs] [Times: user=0.25 sys=0.00, real=0.03 secs] 
2020-09-29T18:29:00.611+0200: 43.590: [GC (Allocation Failure) 2020-09-29T18:29:00.611+0200: 43.590: [ParNew: 592096K->68096K(613440K), 0.0375142 secs] 606388K->82857K(2029056K), 0.0375819 secs] [Times: user=0.33 sys=0.00, real=0.04 secs] 
2020-09-29T18:29:00.697+0200: 43.675: [GC (Allocation Failure) 2020-09-29T18:29:00.697+0200: 43.675: [ParNew: 613440K->52764K(613440K), 0.0269966 secs] 628201K->67525K(2029056K), 0.0270668 secs] [Times: user=0.25 sys=0.00, real=0.03 secs] 
2020-09-29T18:29:00.780+0200: 43.759: [GC (Allocation Failure) 2020-09-29T18:29:00.780+0200: 43.759: [ParNew: 598108K->49250K(613440K), 0.0251656 secs] 612869K->64012K(2029056K), 0.0252503 secs] [Times: user=0.25 sys=0.00, real=0.03 secs] 
2020-09-29T18:29:00.865+0200: 43.844: [GC (Allocation Failure) 2020-09-29T18:29:00.865+0200: 43.844: [ParNew: 594594K->36371K(613440K), 0.0186879 secs] 609356K->51132K(2029056K), 0.0187737 secs] [Times: user=0.13 sys=0.00, real=0.02 secs] 
2020-09-29T18:29:00.936+0200: 43.914: [GC (Allocation Failure) 2020-09-29T18:29:00.936+0200: 43.914: [ParNew: 581715K->39595K(613440K), 0.0235038 secs] 596476K->54357K(2029056K), 0.0235717 secs] [Times: user=0.25 sys=0.00, real=0.02 secs] 
2020-09-29T18:29:01.015+0200: 43.994: [GC (Allocation Failure) 2020-09-29T18:29:01.015+0200: 43.994: [ParNew: 584939K->39688K(613440K), 0.0220331 secs] 599701K->54450K(2029056K), 0.0221127 secs] [Times: user=0.25 sys=0.00, real=0.02 secs] 
2020-09-29T18:29:01.085+0200: 44.064: [GC (Allocation Failure) 2020-09-29T18:29:01.085+0200: 44.064: [ParNew: 585032K->33916K(613440K), 0.0207962 secs] 599794K->48678K(2029056K), 0.0208668 secs] [Times: user=0.13 sys=0.00, real=0.02 secs] 
2020-09-29T18:29:01.158+0200: 44.136: [GC (Allocation Failure) 2020-09-29T18:29:01.158+0200: 44.136: [ParNew: 579260K->32444K(613440K), 0.0194883 secs] 594022K->47206K(2029056K), 0.0195593 secs] [Times: user=0.25 sys=0.00, real=0.02 secs] 
2020-09-29T18:29:01.227+0200: 44.206: [GC (Allocation Failure) 2020-09-29T18:29:01.227+0200: 44.206: [ParNew: 577788K->26417K(613440K), 0.0185049 secs] 592550K->41178K(2029056K), 0.0185740 secs] [Times: user=0.13 sys=0.00, real=0.02 secs] 
2020-09-29T18:29:01.294+0200: 44.273: [GC (Allocation Failure) 2020-09-29T18:29:01.294+0200: 44.273: [ParNew: 571761K->50849K(613440K), 0.0248051 secs] 586522K->65611K(2029056K), 0.0248876 secs] [Times: user=0.25 sys=0.00, real=0.03 secs] 
2020-09-29T18:29:01.367+0200: 44.345: [GC (Allocation Failure) 2020-09-29T18:29:01.367+0200: 44.345: [ParNew: 596193K->42561K(613440K), 0.0248402 secs] 610955K->57322K(2029056K), 0.0249085 secs] [Times: user=0.13 sys=0.00, real=0.02 secs] 
2020-09-29T18:29:01.446+0200: 44.424: [GC (Allocation Failure) 2020-09-29T18:29:01.446+0200: 44.424: [ParNew: 587905K->41560K(613440K), 0.0237904 secs] 602666K->56321K(2029056K), 0.0238596 secs] [Times: user=0.13 sys=0.00, real=0.02 secs] 
2020-09-29T18:29:01.524+0200: 44.502: [GC (Allocation Failure) 2020-09-29T18:29:01.524+0200: 44.502: [ParNew: 586904K->38385K(613440K), 0.0227539 secs] 601665K->53147K(2029056K), 0.0228235 secs] [Times: user=0.13 sys=0.00, real=0.02 secs] 
2020-09-29T18:29:01.602+0200: 44.580: [GC (Allocation Failure) 2020-09-29T18:29:01.602+0200: 44.580: [ParNew: 583729K->36761K(613440K), 0.0195713 secs] 598491K->51522K(2029056K), 0.0196406 secs] [Times: user=0.13 sys=0.00, real=0.02 secs] 
2020-09-29T18:29:01.680+0200: 44.658: [GC (Allocation Failure) 2020-09-29T18:29:01.680+0200: 44.658: [ParNew: 582105K->55240K(613440K), 0.0270394 secs] 596866K->70002K(2029056K), 0.0271137 secs] [Times: user=0.13 sys=0.00, real=0.03 secs] 
2020-09-29T18:29:01.755+0200: 44.734: [GC (Allocation Failure) 2020-09-29T18:29:01.755+0200: 44.734: [ParNew: 600584K->39084K(613440K), 0.0167484 secs] 615346K->53845K(2029056K), 0.0168317 secs] [Times: user=0.13 sys=0.00, real=0.02 secs] 
2020-09-29T18:29:01.833+0200: 44.811: [GC (Allocation Failure) 2020-09-29T18:29:01.833+0200: 44.811: [ParNew: 584428K->51480K(613440K), 0.0318344 secs] 599189K->66241K(2029056K), 0.0319086 secs] [Times: user=0.25 sys=0.00, real=0.03 secs] 
2020-09-29T18:29:01.917+0200: 44.895: [GC (Allocation Failure) 2020-09-29T18:29:01.917+0200: 44.895: [ParNew: 596824K->68096K(613440K), 0.0308428 secs] 611585K->83197K(2029056K), 0.0309108 secs] [Times: user=0.25 sys=0.00, real=0.03 secs] 
2020-09-29T18:29:01.998+0200: 44.976: [GC (Allocation Failure) 2020-09-29T18:29:01.998+0200: 44.976: [ParNew: 613440K->52994K(613440K), 0.0221625 secs] 628541K->68096K(2029056K), 0.0222320 secs] [Times: user=0.23 sys=0.00, real=0.02 secs] 
2020-09-29T18:29:02.081+0200: 45.059: [GC (Allocation Failure) 2020-09-29T18:29:02.081+0200: 45.059: [ParNew: 598338K->49337K(613440K), 0.0292934 secs] 613440K->64438K(2029056K), 0.0293711 secs] [Times: user=0.25 sys=0.00, real=0.03 secs] 
2020-09-29T18:29:02.159+0200: 45.137: [GC (Allocation Failure) 2020-09-29T18:29:02.159+0200: 45.137: [ParNew: 594681K->34849K(613440K), 0.0106866 secs] 609782K->49951K(2029056K), 0.0107537 secs] [Times: user=0.13 sys=0.00, real=0.01 secs] 
2020-09-29T18:29:02.237+0200: 45.215: [GC (Allocation Failure) 2020-09-29T18:29:02.237+0200: 45.215: [ParNew: 580193K->40187K(613440K), 0.0263177 secs] 595295K->55289K(2029056K), 0.0263953 secs] [Times: user=0.23 sys=0.00, real=0.03 secs] 
2020-09-29T18:29:02.311+0200: 45.289: [GC (Allocation Failure) 2020-09-29T18:29:02.311+0200: 45.289: [ParNew: 585531K->52284K(613440K), 0.0261433 secs] 600633K->67386K(2029056K), 0.0262274 secs] [Times: user=0.25 sys=0.00, real=0.03 secs] 
2020-09-29T18:29:02.387+0200: 45.365: [GC (Allocation Failure) 2020-09-29T18:29:02.387+0200: 45.365: [ParNew: 597628K->41022K(613440K), 0.0246354 secs] 612730K->56124K(2029056K), 0.0247022 secs] [Times: user=0.25 sys=0.00, real=0.02 secs] 
2020-09-29T18:29:02.460+0200: 45.439: [GC (Allocation Failure) 2020-09-29T18:29:02.460+0200: 45.439: [ParNew: 586366K->33232K(613440K), 0.0242615 secs] 601468K->48334K(2029056K), 0.0243276 secs] [Times: user=0.13 sys=0.00, real=0.02 secs] 
2020-09-29T18:29:02.533+0200: 45.511: [GC (Allocation Failure) 2020-09-29T18:29:02.533+0200: 45.511: [ParNew: 578576K->59180K(613440K), 0.0285434 secs] 593678K->74282K(2029056K), 0.0286184 secs] [Times: user=0.25 sys=0.00, real=0.03 secs] 
2020-09-29T18:29:02.612+0200: 45.590: [GC (Allocation Failure) 2020-09-29T18:29:02.612+0200: 45.591: [ParNew: 604524K->45013K(613440K), 0.0206862 secs] 619626K->60114K(2029056K), 0.0207856 secs] [Times: user=0.25 sys=0.00, real=0.02 secs] 
2020-09-29T18:29:02.682+0200: 45.661: [GC (Allocation Failure) 2020-09-29T18:29:02.682+0200: 45.661: [ParNew: 590357K->22696K(613440K), 0.0179058 secs] 605458K->37798K(2029056K), 0.0179722 secs] [Times: user=0.13 sys=0.00, real=0.02 secs] 
2020-09-29T18:29:02.760+0200: 45.738: [GC (Allocation Failure) 2020-09-29T18:29:02.760+0200: 45.739: [ParNew: 568040K->40125K(613440K), 0.0241100 secs] 583142K->55226K(2029056K), 0.0241837 secs] [Times: user=0.13 sys=0.00, real=0.02 secs] 
2020-09-29T18:29:02.833+0200: 45.811: [GC (Allocation Failure) 2020-09-29T18:29:02.833+0200: 45.811: [ParNew: 585469K->34388K(613440K), 0.0207792 secs] 600570K->49490K(2029056K), 0.0208668 secs] [Times: user=0.13 sys=0.00, real=0.02 secs] 
2020-09-29T18:29:02.913+0200: 45.891: [GC (Allocation Failure) 2020-09-29T18:29:02.913+0200: 45.891: [ParNew: 579732K->53512K(613440K), 0.0280005 secs] 594834K->68613K(2029056K), 0.0280670 secs] [Times: user=0.13 sys=0.00, real=0.03 secs] 
2020-09-29T18:29:02.993+0200: 45.971: [GC (Allocation Failure) 2020-09-29T18:29:02.993+0200: 45.972: [ParNew: 598856K->42677K(613440K), 0.0256342 secs] 613957K->57779K(2029056K), 0.0257045 secs] [Times: user=0.13 sys=0.00, real=0.03 secs] 
2020-09-29T18:29:03.073+0200: 46.052: [GC (Allocation Failure) 2020-09-29T18:29:03.074+0200: 46.052: [ParNew: 588021K->46741K(613440K), 0.0255351 secs] 603123K->61843K(2029056K), 0.0256251 secs] [Times: user=0.25 sys=0.00, real=0.03 secs] 
2020-09-29T18:29:03.147+0200: 46.126: [GC (Allocation Failure) 2020-09-29T18:29:03.148+0200: 46.126: [ParNew: 592085K->39949K(613440K), 0.0252497 secs] 607187K->55050K(2029056K), 0.0253509 secs] [Times: user=0.13 sys=0.00, real=0.03 secs] 
2020-09-29T18:29:03.221+0200: 46.199: [GC (Allocation Failure) 2020-09-29T18:29:03.221+0200: 46.199: [ParNew: 585293K->42333K(613440K), 0.0233090 secs] 600394K->57434K(2029056K), 0.0233791 secs] [Times: user=0.25 sys=0.00, real=0.02 secs] 
2020-09-29T18:29:03.298+0200: 46.276: [GC (Allocation Failure) 2020-09-29T18:29:03.298+0200: 46.276: [ParNew: 587677K->39929K(613440K), 0.0223616 secs] 602778K->55031K(2029056K), 0.0224358 secs] [Times: user=0.25 sys=0.00, real=0.02 secs] 
2020-09-29T18:29:03.373+0200: 46.351: [GC (Allocation Failure) 2020-09-29T18:29:03.373+0200: 46.351: [ParNew: 585273K->55106K(613440K), 0.0288649 secs] 600375K->70207K(2029056K), 0.0289484 secs] [Times: user=0.25 sys=0.00, real=0.03 secs] 
2020-09-29T18:29:03.450+0200: 46.428: [GC (Allocation Failure) 2020-09-29T18:29:03.450+0200: 46.428: [ParNew: 600450K->45148K(613440K), 0.0275772 secs] 615551K->60250K(2029056K), 0.0276482 secs] [Times: user=0.25 sys=0.00, real=0.03 secs] 
2020-09-29T18:29:03.528+0200: 46.506: [GC (Allocation Failure) 2020-09-29T18:29:03.528+0200: 46.506: [ParNew: 590492K->46345K(613440K), 0.0244445 secs] 605594K->61447K(2029056K), 0.0245225 secs] [Times: user=0.25 sys=0.00, real=0.02 secs] 
2020-09-29T18:29:03.606+0200: 46.584: [GC (Allocation Failure) 2020-09-29T18:29:03.606+0200: 46.584: [ParNew: 591689K->45175K(613440K), 0.0251925 secs] 606791K->60277K(2029056K), 0.0252648 secs] [Times: user=0.25 sys=0.00, real=0.03 secs] 
2020-09-29T18:29:03.684+0200: 46.662: [GC (Allocation Failure) 2020-09-29T18:29:03.684+0200: 46.662: [ParNew: 590519K->42761K(613440K), 0.0246806 secs] 605621K->57863K(2029056K), 0.0247586 secs] [Times: user=0.25 sys=0.00, real=0.02 secs] 
2020-09-29T18:29:03.760+0200: 46.738: [GC (Allocation Failure) 2020-09-29T18:29:03.760+0200: 46.738: [ParNew: 588105K->33811K(613440K), 0.0158000 secs] 603207K->48912K(2029056K), 0.0158797 secs] [Times: user=0.13 sys=0.00, real=0.02 secs] 
2020-09-29T18:29:03.836+0200: 46.814: [GC (Allocation Failure) 2020-09-29T18:29:03.836+0200: 46.814: [ParNew: 579155K->63193K(613440K), 0.0359856 secs] 594256K->78295K(2029056K), 0.0360563 secs] [Times: user=0.25 sys=0.00, real=0.04 secs] 
2020-09-29T18:29:03.922+0200: 46.900: [GC (Allocation Failure) 2020-09-29T18:29:03.922+0200: 46.900: [ParNew: 608537K->55404K(613440K), 0.0284048 secs] 623639K->70506K(2029056K), 0.0284846 secs] [Times: user=0.25 sys=0.00, real=0.03 secs] 
2020-09-29T18:29:04.000+0200: 46.978: [GC (Allocation Failure) 2020-09-29T18:29:04.000+0200: 46.978: [ParNew: 600748K->50248K(613440K), 0.0278464 secs] 615850K->65350K(2029056K), 0.0279212 secs] [Times: user=0.25 sys=0.00, real=0.03 secs] 
2020-09-29T18:29:04.084+0200: 47.062: [GC (Allocation Failure) 2020-09-29T18:29:04.084+0200: 47.062: [ParNew: 595592K->44811K(613440K), 0.0261937 secs] 610694K->59913K(2029056K), 0.0262748 secs] [Times: user=0.13 sys=0.00, real=0.03 secs] 
2020-09-29T18:29:04.162+0200: 47.141: [GC (Allocation Failure) 2020-09-29T18:29:04.162+0200: 47.141: [ParNew: 590155K->36436K(613440K), 0.0181125 secs] 605257K->51538K(2029056K), 0.0181956 secs] [Times: user=0.13 sys=0.00, real=0.02 secs] 
2020-09-29T18:29:04.247+0200: 47.225: [GC (Allocation Failure) 2020-09-29T18:29:04.247+0200: 47.225: [ParNew: 581780K->33970K(613440K), 0.0238375 secs] 596882K->49072K(2029056K), 0.0239058 secs] [Times: user=0.25 sys=0.00, real=0.02 secs] 
2020-09-29T18:29:04.325+0200: 47.303: [GC (Allocation Failure) 2020-09-29T18:29:04.325+0200: 47.303: [ParNew: 579314K->54312K(613440K), 0.0288928 secs] 594416K->69413K(2029056K), 0.0289874 secs] [Times: user=0.25 sys=0.00, real=0.03 secs] 
2020-09-29T18:29:04.403+0200: 47.382: [GC (Allocation Failure) 2020-09-29T18:29:04.403+0200: 47.382: [ParNew: 599656K->40170K(613440K), 0.0207168 secs] 614757K->55272K(2029056K), 0.0207838 secs] [Times: user=0.13 sys=0.00, real=0.02 secs] 
2020-09-29T18:29:04.480+0200: 47.458: [GC (Allocation Failure) 2020-09-29T18:29:04.480+0200: 47.458: [ParNew: 585514K->54629K(613440K), 0.0257498 secs] 600616K->69731K(2029056K), 0.0258449 secs] [Times: user=0.25 sys=0.00, real=0.03 secs] 
2020-09-29T18:29:04.555+0200: 47.534: [GC (Allocation Failure) 2020-09-29T18:29:04.556+0200: 47.534: [ParNew: 599973K->66727K(613440K), 0.0316930 secs] 615075K->81829K(2029056K), 0.0317861 secs] [Times: user=0.25 sys=0.00, real=0.03 secs] 
2020-09-29T18:29:04.639+0200: 47.617: [GC (Allocation Failure) 2020-09-29T18:29:04.639+0200: 47.617: [ParNew: 612071K->65606K(613440K), 0.0236246 secs] 627173K->80708K(2029056K), 0.0236883 secs] [Times: user=0.23 sys=0.00, real=0.02 secs] 
2020-09-29T18:29:04.714+0200: 47.693: [GC (Allocation Failure) 2020-09-29T18:29:04.715+0200: 47.693: [ParNew: 610950K->49487K(613440K), 0.0227888 secs] 626052K->64589K(2029056K), 0.0228785 secs] [Times: user=0.13 sys=0.00, real=0.02 secs] 
2020-09-29T18:29:04.787+0200: 47.766: [GC (Allocation Failure) 2020-09-29T18:29:04.787+0200: 47.766: [ParNew: 594831K->40427K(613440K), 0.0113053 secs] 609933K->55529K(2029056K), 0.0113671 secs] [Times: user=0.00 sys=0.00, real=0.01 secs] 
2020-09-29T18:29:04.848+0200: 47.827: [GC (Allocation Failure) 2020-09-29T18:29:04.848+0200: 47.827: [ParNew: 585771K->47774K(613440K), 0.0193476 secs] 600873K->62876K(2029056K), 0.0194060 secs] [Times: user=0.13 sys=0.00, real=0.02 secs] 
2020-09-29T18:29:04.914+0200: 47.893: [GC (Allocation Failure) 2020-09-29T18:29:04.914+0200: 47.893: [ParNew: 593118K->36855K(613440K), 0.0122655 secs] 608220K->51957K(2029056K), 0.0123263 secs] [Times: user=0.00 sys=0.02, real=0.01 secs] 
2020-09-29T18:29:04.975+0200: 47.953: [GC (Allocation Failure) 2020-09-29T18:29:04.975+0200: 47.953: [ParNew: 582199K->44355K(613440K), 0.0182636 secs] 597301K->59457K(2029056K), 0.0183340 secs] [Times: user=0.13 sys=0.00, real=0.02 secs] 
2020-09-29T18:29:05.041+0200: 48.019: [GC (Allocation Failure) 2020-09-29T18:29:05.041+0200: 48.019: [ParNew: 589699K->48343K(613440K), 0.0162136 secs] 604801K->63445K(2029056K), 0.0162836 secs] [Times: user=0.13 sys=0.00, real=0.02 secs] 
2020-09-29T18:29:05.109+0200: 48.087: [GC (Allocation Failure) 2020-09-29T18:29:05.109+0200: 48.087: [ParNew: 593687K->35636K(613440K), 0.0159158 secs] 608789K->50738K(2029056K), 0.0159927 secs] [Times: user=0.13 sys=0.00, real=0.02 secs] 
2020-09-29T18:29:05.174+0200: 48.152: [GC (Allocation Failure) 2020-09-29T18:29:05.174+0200: 48.152: [ParNew: 580980K->31777K(613440K), 0.0149503 secs] 596082K->46879K(2029056K), 0.0150095 secs] [Times: user=0.13 sys=0.00, real=0.01 secs] 
2020-09-29T18:29:05.237+0200: 48.216: [GC (Allocation Failure) 2020-09-29T18:29:05.237+0200: 48.216: [ParNew: 577121K->48795K(613440K), 0.0200102 secs] 592223K->63896K(2029056K), 0.0200793 secs] [Times: user=0.25 sys=0.00, real=0.02 secs] 
2020-09-29T18:29:05.305+0200: 48.283: [GC (Allocation Failure) 2020-09-29T18:29:05.305+0200: 48.283: [ParNew: 594139K->41057K(613440K), 0.0185388 secs] 609240K->56159K(2029056K), 0.0185945 secs] [Times: user=0.13 sys=0.00, real=0.02 secs] 
2020-09-29T18:29:05.370+0200: 48.348: [GC (Allocation Failure) 2020-09-29T18:29:05.370+0200: 48.348: [ParNew: 586401K->65712K(613440K), 0.0230557 secs] 601503K->80814K(2029056K), 0.0231274 secs] [Times: user=0.13 sys=0.00, real=0.02 secs] 
2020-09-29T18:29:05.442+0200: 48.420: [GC (Allocation Failure) 2020-09-29T18:29:05.442+0200: 48.420: [ParNew: 611056K->47892K(613440K), 0.0172296 secs] 626158K->62993K(2029056K), 0.0173181 secs] [Times: user=0.13 sys=0.00, real=0.02 secs] 
2020-09-29T18:29:05.507+0200: 48.486: [GC (Allocation Failure) 2020-09-29T18:29:05.507+0200: 48.486: [ParNew: 593236K->38719K(613440K), 0.0159656 secs] 608337K->53821K(2029056K), 0.0160652 secs] [Times: user=0.13 sys=0.00, real=0.02 secs] 
2020-09-29T18:29:05.572+0200: 48.550: [GC (Allocation Failure) 2020-09-29T18:29:05.572+0200: 48.550: [ParNew: 584063K->55887K(613440K), 0.0229067 secs] 599165K->70989K(2029056K), 0.0229919 secs] [Times: user=0.11 sys=0.00, real=0.02 secs] 
2020-09-29T18:29:05.643+0200: 48.622: [GC (Allocation Failure) 2020-09-29T18:29:05.643+0200: 48.622: [ParNew: 601231K->46876K(613440K), 0.0194752 secs] 616333K->61978K(2029056K), 0.0197777 secs] [Times: user=0.25 sys=0.00, real=0.02 secs] 
2020-09-29T18:29:05.710+0200: 48.688: [GC (Allocation Failure) 2020-09-29T18:29:05.710+0200: 48.688: [ParNew: 592220K->47872K(613440K), 0.0185198 secs] 607322K->62973K(2029056K), 0.0185921 secs] [Times: user=0.13 sys=0.00, real=0.02 secs] 
2020-09-29T18:29:05.776+0200: 48.754: [GC (Allocation Failure) 2020-09-29T18:29:05.776+0200: 48.754: [ParNew: 593216K->46663K(613440K), 0.0183365 secs] 608317K->61765K(2029056K), 0.0184028 secs] [Times: user=0.13 sys=0.00, real=0.02 secs] 
2020-09-29T18:29:05.842+0200: 48.821: [GC (Allocation Failure) 2020-09-29T18:29:05.842+0200: 48.821: [ParNew: 592007K->39059K(613440K), 0.0106535 secs] 607109K->54161K(2029056K), 0.0107072 secs] [Times: user=0.13 sys=0.00, real=0.01 secs] 
2020-09-29T18:29:05.915+0200: 48.894: [GC (Allocation Failure) 2020-09-29T18:29:05.915+0200: 48.894: [ParNew: 584403K->40205K(613440K), 0.0166150 secs] 599505K->55307K(2029056K), 0.0166691 secs] [Times: user=0.13 sys=0.00, real=0.02 secs] 
2020-09-29T18:29:05.979+0200: 48.957: [GC (Allocation Failure) 2020-09-29T18:29:05.979+0200: 48.957: [ParNew: 585549K->47274K(613440K), 0.0162414 secs] 600651K->62376K(2029056K), 0.0162979 secs] [Times: user=0.13 sys=0.00, real=0.02 secs] 
2020-09-29T18:29:06.042+0200: 49.021: [GC (Allocation Failure) 2020-09-29T18:29:06.042+0200: 49.021: [ParNew: 592618K->34275K(613440K), 0.0154222 secs] 607720K->49377K(2029056K), 0.0154746 secs] [Times: user=0.13 sys=0.00, real=0.02 secs] 
2020-09-29T18:29:06.107+0200: 49.085: [GC (Allocation Failure) 2020-09-29T18:29:06.107+0200: 49.085: [ParNew: 579619K->62830K(613440K), 0.0230280 secs] 594721K->77932K(2029056K), 0.0230903 secs] [Times: user=0.25 sys=0.00, real=0.02 secs] 
2020-09-29T18:29:06.177+0200: 49.155: [GC (Allocation Failure) 2020-09-29T18:29:06.177+0200: 49.155: [ParNew: 608174K->51049K(613440K), 0.0170558 secs] 623276K->66151K(2029056K), 0.0171105 secs] [Times: user=0.13 sys=0.00, real=0.02 secs] 
2020-09-29T18:29:06.246+0200: 49.225: [GC (Allocation Failure) 2020-09-29T18:29:06.246+0200: 49.225: [ParNew: 596393K->43264K(613440K), 0.0164382 secs] 611495K->58366K(2029056K), 0.0165085 secs] [Times: user=0.13 sys=0.00, real=0.02 secs] 
2020-09-29T18:29:06.318+0200: 49.297: [GC (Allocation Failure) 2020-09-29T18:29:06.318+0200: 49.297: [ParNew: 588608K->57575K(613440K), 0.0212642 secs] 603710K->72677K(2029056K), 0.0213553 secs] [Times: user=0.13 sys=0.00, real=0.02 secs] 
2020-09-29T18:29:06.387+0200: 49.365: [GC (Allocation Failure) 2020-09-29T18:29:06.387+0200: 49.365: [ParNew: 602919K->53998K(613440K), 0.0207033 secs] 618021K->69099K(2029056K), 0.0207662 secs] [Times: user=0.13 sys=0.00, real=0.02 secs] 
2020-09-29T18:29:06.455+0200: 49.433: [GC (Allocation Failure) 2020-09-29T18:29:06.455+0200: 49.433: [ParNew: 599342K->41507K(613440K), 0.0140814 secs] 614443K->56609K(2029056K), 0.0141390 secs] [Times: user=0.13 sys=0.00, real=0.01 secs] 
2020-09-29T18:29:06.520+0200: 49.498: [GC (Allocation Failure) 2020-09-29T18:29:06.520+0200: 49.498: [ParNew: 586851K->43206K(613440K), 0.0205764 secs] 601953K->58308K(2029056K), 0.0206375 secs] [Times: user=0.13 sys=0.00, real=0.02 secs] 
2020-09-29T18:29:06.594+0200: 49.573: [GC (Allocation Failure) 2020-09-29T18:29:06.594+0200: 49.573: [ParNew: 588550K->50168K(613440K), 0.0206738 secs] 603652K->65270K(2029056K), 0.0207465 secs] [Times: user=0.22 sys=0.00, real=0.02 secs] 
2020-09-29T18:29:06.670+0200: 49.649: [GC (Allocation Failure) 2020-09-29T18:29:06.670+0200: 49.649: [ParNew: 595512K->43648K(613440K), 0.0179276 secs] 610614K->58750K(2029056K), 0.0180256 secs] [Times: user=0.13 sys=0.00, real=0.02 secs] 
2020-09-29T18:29:06.735+0200: 49.714: [GC (Allocation Failure) 2020-09-29T18:29:06.735+0200: 49.714: [ParNew: 588992K->37239K(613440K), 0.0165499 secs] 604094K->52341K(2029056K), 0.0166078 secs] [Times: user=0.13 sys=0.00, real=0.02 secs] 
2020-09-29T18:29:06.803+0200: 49.782: [GC (Allocation Failure) 2020-09-29T18:29:06.804+0200: 49.782: [ParNew: 582583K->56506K(613440K), 0.0210375 secs] 597685K->71608K(2029056K), 0.0211051 secs] [Times: user=0.13 sys=0.00, real=0.02 secs] 
2020-09-29T18:29:06.871+0200: 49.850: [GC (Allocation Failure) 2020-09-29T18:29:06.871+0200: 49.850: [ParNew: 601850K->38673K(613440K), 0.0144725 secs] 616952K->53775K(2029056K), 0.0145321 secs] [Times: user=0.13 sys=0.00, real=0.01 secs] 
2020-09-29T18:29:06.937+0200: 49.916: [GC (Allocation Failure) 2020-09-29T18:29:06.937+0200: 49.916: [ParNew: 584017K->56310K(613440K), 0.0236374 secs] 599119K->71412K(2029056K), 0.0236902 secs] [Times: user=0.25 sys=0.00, real=0.02 secs] 
2020-09-29T18:29:07.008+0200: 49.986: [GC (Allocation Failure) 2020-09-29T18:29:07.008+0200: 49.986: [ParNew: 601654K->47104K(613440K), 0.0167255 secs] 616756K->62206K(2029056K), 0.0239418 secs] [Times: user=0.13 sys=0.00, real=0.02 secs] 
2020-09-29T18:29:07.086+0200: 50.064: [GC (Allocation Failure) 2020-09-29T18:29:07.086+0200: 50.064: [ParNew: 592448K->41367K(613440K), 0.0180085 secs] 607550K->56468K(2029056K), 0.0180678 secs] [Times: user=0.13 sys=0.00, real=0.02 secs] 
2020-09-29T18:29:07.152+0200: 50.131: [GC (Allocation Failure) 2020-09-29T18:29:07.152+0200: 50.131: [ParNew: 586711K->35206K(613440K), 0.0172271 secs] 601812K->50308K(2029056K), 0.0172955 secs] [Times: user=0.13 sys=0.00, real=0.02 secs] 
2020-09-29T18:29:07.218+0200: 50.196: [GC (Allocation Failure) 2020-09-29T18:29:07.218+0200: 50.196: [ParNew: 580550K->58088K(613440K), 0.0210511 secs] 595652K->73190K(2029056K), 0.0211130 secs] [Times: user=0.23 sys=0.02, real=0.02 secs] 
2020-09-29T18:29:07.288+0200: 50.266: [GC (Allocation Failure) 2020-09-29T18:29:07.288+0200: 50.266: [ParNew: 603432K->44978K(613440K), 0.0175900 secs] 618534K->60080K(2029056K), 0.0176476 secs] [Times: user=0.13 sys=0.00, real=0.02 secs] 
2020-09-29T18:29:07.358+0200: 50.337: [GC (Allocation Failure) 2020-09-29T18:29:07.358+0200: 50.337: [ParNew: 590322K->41627K(613440K), 0.0191894 secs] 605424K->56729K(2029056K), 0.0192854 secs] [Times: user=0.13 sys=0.00, real=0.02 secs] 
2020-09-29T18:29:07.426+0200: 50.405: [GC (Allocation Failure) 2020-09-29T18:29:07.427+0200: 50.405: [ParNew: 586971K->61737K(613440K), 0.0192600 secs] 602073K->76839K(2029056K), 0.0193455 secs] [Times: user=0.13 sys=0.00, real=0.02 secs] 
2020-09-29T18:29:07.494+0200: 50.472: [GC (Allocation Failure) 2020-09-29T18:29:07.494+0200: 50.472: [ParNew: 607081K->45275K(613440K), 0.0179732 secs] 622183K->60376K(2029056K), 0.0180311 secs] [Times: user=0.13 sys=0.00, real=0.02 secs] 
2020-09-29T18:29:07.561+0200: 50.539: [GC (Allocation Failure) 2020-09-29T18:29:07.561+0200: 50.539: [ParNew: 590619K->44089K(613440K), 0.0187291 secs] 605720K->59191K(2029056K), 0.0187991 secs] [Times: user=0.11 sys=0.00, real=0.02 secs] 
2020-09-29T18:29:07.639+0200: 50.617: [GC (Allocation Failure) 2020-09-29T18:29:07.639+0200: 50.617: [ParNew: 589433K->34367K(613440K), 0.0117001 secs] 604535K->49469K(2029056K), 0.0117815 secs] [Times: user=0.13 sys=0.00, real=0.01 secs] 
2020-09-29T18:29:07.698+0200: 50.677: [GC (Allocation Failure) 2020-09-29T18:29:07.698+0200: 50.677: [ParNew: 579711K->60629K(613440K), 0.0255804 secs] 594813K->75731K(2029056K), 0.0256864 secs] [Times: user=0.25 sys=0.00, real=0.03 secs] 
2020-09-29T18:29:07.772+0200: 50.750: [GC (Allocation Failure) 2020-09-29T18:29:07.772+0200: 50.750: [ParNew: 605973K->46574K(613440K), 0.0149052 secs] 621075K->61676K(2029056K), 0.0149803 secs] [Times: user=0.13 sys=0.00, real=0.01 secs] 
2020-09-29T18:29:07.838+0200: 50.816: [GC (Allocation Failure) 2020-09-29T18:29:07.838+0200: 50.817: [ParNew: 591918K->44846K(613440K), 0.0191275 secs] 607020K->59947K(2029056K), 0.0191838 secs] [Times: user=0.13 sys=0.00, real=0.02 secs] 
2020-09-29T18:29:07.907+0200: 50.886: [GC (Allocation Failure) 2020-09-29T18:29:07.907+0200: 50.886: [ParNew: 590190K->38408K(613440K), 0.0124801 secs] 605291K->53510K(2029056K), 0.0125355 secs] [Times: user=0.13 sys=0.00, real=0.01 secs] 
2020-09-29T18:29:07.973+0200: 50.952: [GC (Allocation Failure) 2020-09-29T18:29:07.973+0200: 50.952: [ParNew: 583752K->31317K(613440K), 0.0127619 secs] 598854K->46419K(2029056K), 0.0128262 secs] [Times: user=0.00 sys=0.00, real=0.01 secs] 
2020-09-29T18:29:08.033+0200: 51.011: [GC (Allocation Failure) 2020-09-29T18:29:08.033+0200: 51.011: [ParNew: 576661K->48775K(613440K), 0.0215281 secs] 591763K->63877K(2029056K), 0.0216010 secs] [Times: user=0.25 sys=0.00, real=0.02 secs] 
2020-09-29T18:29:08.103+0200: 51.082: [GC (Allocation Failure) 2020-09-29T18:29:08.103+0200: 51.082: [ParNew: 594119K->68096K(613440K), 0.0262386 secs] 609221K->83197K(2029056K), 0.0262947 secs] [Times: user=0.20 sys=0.02, real=0.03 secs] 
2020-09-29T18:29:08.177+0200: 51.156: [GC (Allocation Failure) 2020-09-29T18:29:08.177+0200: 51.156: [ParNew: 613440K->50070K(613440K), 0.0144666 secs] 628541K->65171K(2029056K), 0.0145206 secs] [Times: user=0.13 sys=0.00, real=0.01 secs] 
2020-09-29T18:29:08.243+0200: 51.222: [GC (Allocation Failure) 2020-09-29T18:29:08.243+0200: 51.222: [ParNew: 595414K->30007K(613440K), 0.0132927 secs] 610515K->45109K(2029056K), 0.0133550 secs] [Times: user=0.13 sys=0.00, real=0.01 secs] 
2020-09-29T18:29:08.308+0200: 51.287: [GC (Allocation Failure) 2020-09-29T18:29:08.308+0200: 51.287: [ParNew: 575351K->47952K(613440K), 0.0191435 secs] 590453K->63054K(2029056K), 0.0191991 secs] [Times: user=0.13 sys=0.00, real=0.02 secs] 
2020-09-29T18:29:08.374+0200: 51.353: [GC (Allocation Failure) 2020-09-29T18:29:08.374+0200: 51.353: [ParNew: 593296K->50382K(613440K), 0.0185118 secs] 608398K->65484K(2029056K), 0.0253595 secs] [Times: user=0.13 sys=0.00, real=0.03 secs] 
2020-09-29T18:29:08.448+0200: 51.426: [GC (Allocation Failure) 2020-09-29T18:29:08.448+0200: 51.426: [ParNew: 595726K->68096K(613440K), 0.0222802 secs] 610828K->83197K(2029056K), 0.0223380 secs] [Times: user=0.13 sys=0.00, real=0.02 secs] 
2020-09-29T18:29:08.518+0200: 51.497: [GC (Allocation Failure) 2020-09-29T18:29:08.519+0200: 51.497: [ParNew: 613440K->68096K(613440K), 0.0224122 secs] 628541K->83197K(2029056K), 0.0224842 secs] [Times: user=0.25 sys=0.00, real=0.02 secs] 
2020-09-29T18:29:08.589+0200: 51.568: [GC (Allocation Failure) 2020-09-29T18:29:08.589+0200: 51.568: [ParNew: 613440K->67521K(613440K), 0.0246789 secs] 628541K->82622K(2029056K), 0.0247357 secs] [Times: user=0.22 sys=0.00, real=0.03 secs] 
2020-09-29T18:29:08.663+0200: 51.641: [GC (Allocation Failure) 2020-09-29T18:29:08.663+0200: 51.641: [ParNew: 612865K->41577K(613440K), 0.0145287 secs] 627966K->56678K(2029056K), 0.0145816 secs] [Times: user=0.13 sys=0.00, real=0.01 secs] 
2020-09-29T18:29:08.724+0200: 51.703: [GC (Allocation Failure) 2020-09-29T18:29:08.724+0200: 51.703: [ParNew: 586921K->43713K(613440K), 0.0189788 secs] 602022K->58814K(2029056K), 0.0190354 secs] [Times: user=0.13 sys=0.00, real=0.02 secs] 
2020-09-29T18:29:08.791+0200: 51.769: [GC (Allocation Failure) 2020-09-29T18:29:08.791+0200: 51.769: [ParNew: 589057K->63430K(613440K), 0.0230509 secs] 604158K->78532K(2029056K), 0.0231218 secs] [Times: user=0.13 sys=0.00, real=0.02 secs] 
2020-09-29T18:29:08.861+0200: 51.840: [GC (Allocation Failure) 2020-09-29T18:29:08.861+0200: 51.840: [ParNew: 608774K->50488K(613440K), 0.0166047 secs] 623876K->65589K(2029056K), 0.0166737 secs] [Times: user=0.13 sys=0.00, real=0.02 secs] 
2020-09-29T18:29:08.928+0200: 51.906: [GC (Allocation Failure) 2020-09-29T18:29:08.928+0200: 51.906: [ParNew: 595832K->38498K(613440K), 0.0166203 secs] 610933K->53600K(2029056K), 0.0166798 secs] [Times: user=0.13 sys=0.00, real=0.02 secs] 
2020-09-29T18:29:08.993+0200: 51.971: [GC (Allocation Failure) 2020-09-29T18:29:08.993+0200: 51.971: [ParNew: 583842K->35454K(613440K), 0.0155770 secs] 598944K->50556K(2029056K), 0.0156318 secs] [Times: user=0.13 sys=0.00, real=0.01 secs] 
2020-09-29T18:29:09.055+0200: 52.034: [GC (Allocation Failure) 2020-09-29T18:29:09.055+0200: 52.034: [ParNew: 580798K->58200K(613440K), 0.0247859 secs] 595900K->73302K(2029056K), 0.0248508 secs] [Times: user=0.13 sys=0.00, real=0.02 secs] 
2020-09-29T18:29:09.127+0200: 52.106: [GC (Allocation Failure) 2020-09-29T18:29:09.127+0200: 52.106: [ParNew: 603544K->51931K(613440K), 0.0194635 secs] 618646K->67033K(2029056K), 0.0195589 secs] [Times: user=0.25 sys=0.00, real=0.02 secs] 
2020-09-29T18:29:09.194+0200: 52.173: [GC (Allocation Failure) 2020-09-29T18:29:09.194+0200: 52.173: [ParNew: 597275K->44569K(613440K), 0.0180263 secs] 612377K->59671K(2029056K), 0.0180814 secs] [Times: user=0.13 sys=0.00, real=0.02 secs] 
2020-09-29T18:29:09.260+0200: 52.239: [GC (Allocation Failure) 2020-09-29T18:29:09.261+0200: 52.239: [ParNew: 589913K->66148K(613440K), 0.0226776 secs] 605015K->81250K(2029056K), 0.0227502 secs] [Times: user=0.13 sys=0.00, real=0.02 secs] 
2020-09-29T18:29:09.332+0200: 52.311: [GC (Allocation Failure) 2020-09-29T18:29:09.332+0200: 52.311: [ParNew: 611492K->60508K(613440K), 0.0227146 secs] 626594K->75610K(2029056K), 0.0227824 secs] [Times: user=0.25 sys=0.00, real=0.02 secs] 
2020-09-29T18:29:09.403+0200: 52.381: [GC (Allocation Failure) 2020-09-29T18:29:09.403+0200: 52.381: [ParNew: 605852K->42157K(613440K), 0.0157932 secs] 620954K->57259K(2029056K), 0.0158480 secs] [Times: user=0.13 sys=0.00, real=0.02 secs] 
2020-09-29T18:29:09.472+0200: 52.450: [GC (Allocation Failure) 2020-09-29T18:29:09.472+0200: 52.450: [ParNew: 587501K->39062K(613440K), 0.0138336 secs] 602603K->54164K(2029056K), 0.0139075 secs] [Times: user=0.13 sys=0.00, real=0.01 secs] 
2020-09-29T18:29:09.533+0200: 52.511: [GC (Allocation Failure) 2020-09-29T18:29:09.533+0200: 52.512: [ParNew: 584406K->48623K(613440K), 0.0183214 secs] 599508K->63725K(2029056K), 0.0183795 secs] [Times: user=0.25 sys=0.00, real=0.02 secs] 
2020-09-29T18:29:09.600+0200: 52.579: [GC (Allocation Failure) 2020-09-29T18:29:09.600+0200: 52.579: [ParNew: 593967K->51622K(613440K), 0.0194853 secs] 609069K->66724K(2029056K), 0.0195675 secs] [Times: user=0.11 sys=0.00, real=0.02 secs] 
2020-09-29T18:29:09.674+0200: 52.653: [GC (Allocation Failure) 2020-09-29T18:29:09.674+0200: 52.653: [ParNew: 596966K->35643K(613440K), 0.0169331 secs] 612068K->50745K(2029056K), 0.0170053 secs] [Times: user=0.13 sys=0.00, real=0.02 secs] 
2020-09-29T18:29:09.739+0200: 52.717: [GC (Allocation Failure) 2020-09-29T18:29:09.739+0200: 52.717: [ParNew: 580987K->57793K(613440K), 0.0210219 secs] 596089K->72894K(2029056K), 0.0211176 secs] [Times: user=0.13 sys=0.00, real=0.02 secs] 
2020-09-29T18:29:09.809+0200: 52.788: [GC (Allocation Failure) 2020-09-29T18:29:09.809+0200: 52.788: [ParNew: 603137K->49534K(613440K), 0.0214919 secs] 618238K->64636K(2029056K), 0.0215675 secs] [Times: user=0.13 sys=0.00, real=0.02 secs] 
2020-09-29T18:29:09.879+0200: 52.858: [GC (Allocation Failure) 2020-09-29T18:29:09.879+0200: 52.858: [ParNew: 594878K->37452K(613440K), 0.0147478 secs] 609980K->52553K(2029056K), 0.0148081 secs] [Times: user=0.00 sys=0.00, real=0.02 secs] 
2020-09-29T18:29:09.940+0200: 52.919: [GC (Allocation Failure) 2020-09-29T18:29:09.940+0200: 52.919: [ParNew: 582796K->59231K(613440K), 0.0185249 secs] 597897K->74332K(2029056K), 0.0185830 secs] [Times: user=0.25 sys=0.00, real=0.02 secs] 
2020-09-29T18:29:10.006+0200: 52.984: [GC (Allocation Failure) 2020-09-29T18:29:10.006+0200: 52.984: [ParNew: 604575K->44594K(613440K), 0.0178176 secs] 619676K->59696K(2029056K), 0.0178750 secs] [Times: user=0.13 sys=0.00, real=0.02 secs] 
2020-09-29T18:29:10.073+0200: 53.052: [GC (Allocation Failure) 2020-09-29T18:29:10.073+0200: 53.052: [ParNew: 589938K->36830K(613440K), 0.0171030 secs] 605040K->51932K(2029056K), 0.0171625 secs] [Times: user=0.13 sys=0.00, real=0.02 secs] 
2020-09-29T18:29:10.139+0200: 53.118: [GC (Allocation Failure) 2020-09-29T18:29:10.140+0200: 53.118: [ParNew: 582174K->64894K(613440K), 0.0204852 secs] 597276K->79996K(2029056K), 0.0205485 secs] [Times: user=0.13 sys=0.00, real=0.02 secs] 
2020-09-29T18:29:10.211+0200: 53.189: [GC (Allocation Failure) 2020-09-29T18:29:10.211+0200: 53.189: [ParNew: 610238K->42497K(613440K), 0.0152859 secs] 625340K->57599K(2029056K), 0.0153466 secs] [Times: user=0.13 sys=0.00, real=0.02 secs] 
2020-09-29T18:29:10.273+0200: 53.251: [GC (Allocation Failure) 2020-09-29T18:29:10.273+0200: 53.251: [ParNew: 587841K->35225K(613440K), 0.0128940 secs] 602943K->50327K(2029056K), 0.0129556 secs] [Times: user=0.11 sys=0.00, real=0.01 secs] 
2020-09-29T18:29:10.339+0200: 53.317: [GC (Allocation Failure) 2020-09-29T18:29:10.339+0200: 53.317: [ParNew: 580569K->51004K(613440K), 0.0171455 secs] 595671K->66106K(2029056K), 0.0172023 secs] [Times: user=0.13 sys=0.00, real=0.02 secs] 
2020-09-29T18:29:10.408+0200: 53.387: [GC (Allocation Failure) 2020-09-29T18:29:10.408+0200: 53.387: [ParNew: 596348K->46213K(613440K), 0.0177861 secs] 611450K->61314K(2029056K), 0.0178612 secs] [Times: user=0.25 sys=0.00, real=0.02 secs] 
2020-09-29T18:29:10.476+0200: 53.455: [GC (Allocation Failure) 2020-09-29T18:29:10.476+0200: 53.455: [ParNew: 591557K->64379K(613440K), 0.0224566 secs] 606658K->79481K(2029056K), 0.0225290 secs] [Times: user=0.13 sys=0.00, real=0.02 secs] 
2020-09-29T18:29:10.545+0200: 53.524: [GC (Allocation Failure) 2020-09-29T18:29:10.545+0200: 53.524: [ParNew: 609723K->57655K(613440K), 0.0213432 secs] 624825K->72757K(2029056K), 0.0214246 secs] [Times: user=0.14 sys=0.00, real=0.02 secs] 
2020-09-29T18:29:10.618+0200: 53.596: [GC (Allocation Failure) 2020-09-29T18:29:10.618+0200: 53.596: [ParNew: 602999K->50265K(613440K), 0.0155046 secs] 618101K->65367K(2029056K), 0.0155785 secs] [Times: user=0.13 sys=0.00, real=0.01 secs] 
2020-09-29T18:29:10.686+0200: 53.665: [GC (Allocation Failure) 2020-09-29T18:29:10.686+0200: 53.665: [ParNew: 595609K->47478K(613440K), 0.0195196 secs] 610711K->62580K(2029056K), 0.0195808 secs] [Times: user=0.13 sys=0.00, real=0.02 secs] 
2020-09-29T18:29:10.754+0200: 53.732: [GC (Allocation Failure) 2020-09-29T18:29:10.754+0200: 53.732: [ParNew: 592822K->55955K(613440K), 0.0192728 secs] 607924K->71057K(2029056K), 0.0193585 secs] [Times: user=0.13 sys=0.00, real=0.02 secs] 
2020-09-29T18:29:10.823+0200: 53.801: [GC (Allocation Failure) 2020-09-29T18:29:10.823+0200: 53.801: [ParNew: 601299K->40952K(613440K), 0.0194546 secs] 616401K->56054K(2029056K), 0.0195116 secs] [Times: user=0.13 sys=0.00, real=0.02 secs] 
2020-09-29T18:29:10.889+0200: 53.868: [GC (Allocation Failure) 2020-09-29T18:29:10.889+0200: 53.868: [ParNew: 586296K->44908K(613440K), 0.0171895 secs] 601398K->60009K(2029056K), 0.0172463 secs] [Times: user=0.13 sys=0.00, real=0.02 secs] 
2020-09-29T18:29:10.955+0200: 53.934: [GC (Allocation Failure) 2020-09-29T18:29:10.955+0200: 53.934: [ParNew: 590252K->65209K(613440K), 0.0217283 secs] 605353K->80311K(2029056K), 0.0217820 secs] [Times: user=0.25 sys=0.00, real=0.02 secs] 
2020-09-29T18:29:11.025+0200: 54.004: [GC (Allocation Failure) 2020-09-29T18:29:11.025+0200: 54.004: [ParNew: 610553K->47974K(613440K), 0.0204938 secs] 625655K->63076K(2029056K), 0.0205560 secs] [Times: user=0.13 sys=0.00, real=0.02 secs] 
2020-09-29T18:29:11.095+0200: 54.074: [GC (Allocation Failure) 2020-09-29T18:29:11.096+0200: 54.074: [ParNew: 593318K->42807K(613440K), 0.0135273 secs] 608420K->57909K(2029056K), 0.0135929 secs] [Times: user=0.13 sys=0.00, real=0.01 secs] 
2020-09-29T18:29:11.167+0200: 54.146: [GC (Allocation Failure) 2020-09-29T18:29:11.167+0200: 54.146: [ParNew: 588151K->42039K(613440K), 0.0194445 secs] 603253K->57141K(2029056K), 0.0195185 secs] [Times: user=0.13 sys=0.00, real=0.02 secs] 
2020-09-29T18:29:11.235+0200: 54.214: [GC (Allocation Failure) 2020-09-29T18:29:11.235+0200: 54.214: [ParNew: 587383K->43127K(613440K), 0.0178050 secs] 602485K->58229K(2029056K), 0.0178640 secs] [Times: user=0.13 sys=0.00, real=0.02 secs] 
2020-09-29T18:29:11.304+0200: 54.283: [GC (Allocation Failure) 2020-09-29T18:29:11.304+0200: 54.283: [ParNew: 588471K->41681K(613440K), 0.0173079 secs] 603573K->56783K(2029056K), 0.0173689 secs] [Times: user=0.13 sys=0.00, real=0.02 secs] 
2020-09-29T18:29:11.373+0200: 54.352: [GC (Allocation Failure) 2020-09-29T18:29:11.373+0200: 54.352: [ParNew: 587025K->65952K(613440K), 0.0219922 secs] 602127K->81054K(2029056K), 0.0220645 secs] [Times: user=0.25 sys=0.00, real=0.02 secs] 
2020-09-29T18:29:11.442+0200: 54.421: [GC (Allocation Failure) 2020-09-29T18:29:11.442+0200: 54.421: [ParNew: 611296K->49917K(613440K), 0.0167551 secs] 626398K->65019K(2029056K), 0.0168143 secs] [Times: user=0.13 sys=0.00, real=0.02 secs] 
2020-09-29T18:29:11.509+0200: 54.487: [GC (Allocation Failure) 2020-09-29T18:29:11.509+0200: 54.487: [ParNew: 595261K->49544K(613440K), 0.0208603 secs] 610363K->64646K(2029056K), 0.0209416 secs] [Times: user=0.13 sys=0.00, real=0.02 secs] 
2020-09-29T18:29:11.582+0200: 54.561: [GC (Allocation Failure) 2020-09-29T18:29:11.582+0200: 54.561: [ParNew: 594888K->49167K(613440K), 0.0194142 secs] 609990K->64268K(2029056K), 0.0194715 secs] [Times: user=0.13 sys=0.00, real=0.02 secs] 
2020-09-29T18:29:11.651+0200: 54.629: [GC (Allocation Failure) 2020-09-29T18:29:11.651+0200: 54.629: [ParNew: 594511K->52506K(613440K), 0.0196175 secs] 609612K->67607K(2029056K), 0.0197030 secs] [Times: user=0.13 sys=0.00, real=0.02 secs] 
2020-09-29T18:29:11.718+0200: 54.697: [GC (Allocation Failure) 2020-09-29T18:29:11.718+0200: 54.697: [ParNew: 597850K->46866K(613440K), 0.0186805 secs] 612951K->61968K(2029056K), 0.0187365 secs] [Times: user=0.13 sys=0.00, real=0.02 secs] 
2020-09-29T18:29:11.786+0200: 54.765: [GC (Allocation Failure) 2020-09-29T18:29:11.786+0200: 54.765: [ParNew: 592210K->38178K(613440K), 0.0133542 secs] 607312K->53280K(2029056K), 0.0134212 secs] [Times: user=0.00 sys=0.00, real=0.01 secs] 
2020-09-29T18:29:11.855+0200: 54.833: [GC (Allocation Failure) 2020-09-29T18:29:11.855+0200: 54.833: [ParNew: 583522K->35589K(613440K), 0.0183363 secs] 598624K->50690K(2029056K), 0.0184006 secs] [Times: user=0.13 sys=0.00, real=0.02 secs] 
2020-09-29T18:29:11.926+0200: 54.905: [GC (Allocation Failure) 2020-09-29T18:29:11.926+0200: 54.905: [ParNew: 580933K->50874K(613440K), 0.0210489 secs] 596034K->65975K(2029056K), 0.0211178 secs] [Times: user=0.13 sys=0.00, real=0.02 secs] 
2020-09-29T18:29:11.995+0200: 54.974: [GC (Allocation Failure) 2020-09-29T18:29:11.995+0200: 54.974: [ParNew: 596218K->68096K(613440K), 0.0231284 secs] 611319K->83197K(2029056K), 0.0231914 secs] [Times: user=0.13 sys=0.00, real=0.02 secs] 
2020-09-29T18:29:12.066+0200: 55.045: [GC (Allocation Failure) 2020-09-29T18:29:12.066+0200: 55.045: [ParNew: 613440K->52961K(613440K), 0.0172059 secs] 628541K->68063K(2029056K), 0.0172616 secs] [Times: user=0.25 sys=0.00, real=0.02 secs] 
2020-09-29T18:29:12.135+0200: 55.114: [GC (Allocation Failure) 2020-09-29T18:29:12.135+0200: 55.114: [ParNew: 598305K->43011K(613440K), 0.0167465 secs] 613407K->58112K(2029056K), 0.0168019 secs] [Times: user=0.13 sys=0.00, real=0.02 secs] 
2020-09-29T18:29:12.198+0200: 55.177: [GC (Allocation Failure) 2020-09-29T18:29:12.198+0200: 55.177: [ParNew: 588355K->36692K(613440K), 0.0156584 secs] 603456K->51794K(2029056K), 0.0157156 secs] [Times: user=0.13 sys=0.00, real=0.02 secs] 
2020-09-29T18:29:12.265+0200: 55.243: [GC (Allocation Failure) 2020-09-29T18:29:12.265+0200: 55.243: [ParNew: 582036K->58986K(613440K), 0.0203278 secs] 597138K->74088K(2029056K), 0.0203886 secs] [Times: user=0.13 sys=0.00, real=0.02 secs] 
2020-09-29T18:29:12.334+0200: 55.313: [GC (Allocation Failure) 2020-09-29T18:29:12.335+0200: 55.313: [ParNew: 604330K->30082K(613440K), 0.0086747 secs] 619432K->45184K(2029056K), 0.0087521 secs] [Times: user=0.00 sys=0.00, real=0.01 secs] 
2020-09-29T18:29:12.393+0200: 55.371: [GC (Allocation Failure) 2020-09-29T18:29:12.393+0200: 55.371: [ParNew: 575426K->39897K(613440K), 0.0187277 secs] 590528K->54999K(2029056K), 0.0187845 secs] [Times: user=0.25 sys=0.00, real=0.02 secs] 
2020-09-29T18:29:12.460+0200: 55.439: [GC (Allocation Failure) 2020-09-29T18:29:12.460+0200: 55.439: [ParNew: 585241K->54799K(613440K), 0.0221164 secs] 600343K->69901K(2029056K), 0.0221849 secs] [Times: user=0.13 sys=0.00, real=0.02 secs] 
2020-09-29T18:29:12.530+0200: 55.508: [GC (Allocation Failure) 2020-09-29T18:29:12.530+0200: 55.508: [ParNew: 600143K->47967K(613440K), 0.0160056 secs] 615245K->63069K(2029056K), 0.0160613 secs] [Times: user=0.13 sys=0.00, real=0.02 secs] 
2020-09-29T18:29:12.594+0200: 55.573: [GC (Allocation Failure) 2020-09-29T18:29:12.594+0200: 55.573: [ParNew: 593311K->36997K(613440K), 0.0158329 secs] 608413K->52099K(2029056K), 0.0158954 secs] [Times: user=0.13 sys=0.00, real=0.02 secs] 
2020-09-29T18:29:12.661+0200: 55.640: [GC (Allocation Failure) 2020-09-29T18:29:12.661+0200: 55.640: [ParNew: 582341K->56628K(613440K), 0.0187527 secs] 597443K->71730K(2029056K), 0.0188141 secs] [Times: user=0.13 sys=0.00, real=0.02 secs] 
2020-09-29T18:29:12.731+0200: 55.710: [GC (Allocation Failure) 2020-09-29T18:29:12.731+0200: 55.710: [ParNew: 601972K->39036K(613440K), 0.0136875 secs] 617074K->54138K(2029056K), 0.0137538 secs] [Times: user=0.13 sys=0.00, real=0.01 secs] 
2020-09-29T18:29:12.794+0200: 55.772: [GC (Allocation Failure) 2020-09-29T18:29:12.794+0200: 55.772: [ParNew: 584380K->52902K(613440K), 0.0231763 secs] 599482K->68004K(2029056K), 0.0232561 secs] [Times: user=0.25 sys=0.00, real=0.02 secs] 
2020-09-29T18:29:12.864+0200: 55.843: [GC (Allocation Failure) 2020-09-29T18:29:12.864+0200: 55.843: [ParNew: 598246K->33043K(613440K), 0.0110751 secs] 613348K->48145K(2029056K), 0.0111407 secs] [Times: user=0.00 sys=0.00, real=0.01 secs] 
2020-09-29T18:29:12.934+0200: 55.912: [GC (Allocation Failure) 2020-09-29T18:29:12.934+0200: 55.912: [ParNew: 578387K->31854K(613440K), 0.0154614 secs] 593489K->46956K(2029056K), 0.0155166 secs] [Times: user=0.13 sys=0.00, real=0.01 secs] 
2020-09-29T18:29:13.005+0200: 55.983: [GC (Allocation Failure) 2020-09-29T18:29:13.005+0200: 55.983: [ParNew: 577198K->28040K(613440K), 0.0154964 secs] 592300K->43142K(2029056K), 0.0155615 secs] [Times: user=0.13 sys=0.00, real=0.01 secs] 
2020-09-29T18:29:13.070+0200: 56.048: [GC (Allocation Failure) 2020-09-29T18:29:13.070+0200: 56.048: [ParNew: 573384K->61438K(613440K), 0.0264498 secs] 588486K->76540K(2029056K), 0.0265365 secs] [Times: user=0.11 sys=0.00, real=0.03 secs] 
2020-09-29T18:29:13.153+0200: 56.132: [GC (Allocation Failure) 2020-09-29T18:29:13.153+0200: 56.132: [ParNew: 606782K->68096K(613440K), 0.0246789 secs] 621884K->83689K(2029056K), 0.0247394 secs] [Times: user=0.25 sys=0.00, real=0.02 secs] 
2020-09-29T18:29:13.234+0200: 56.213: [GC (Allocation Failure) 2020-09-29T18:29:13.234+0200: 56.213: [ParNew: 613440K->42912K(613440K), 0.0156715 secs] 629033K->58506K(2029056K), 0.0157519 secs] [Times: user=0.09 sys=0.00, real=0.02 secs] 
2020-09-29T18:29:13.313+0200: 56.291: [GC (Allocation Failure) 2020-09-29T18:29:13.313+0200: 56.291: [ParNew: 588256K->34282K(613440K), 0.0199835 secs] 603850K->49875K(2029056K), 0.0200685 secs] [Times: user=0.25 sys=0.00, real=0.02 secs] 
2020-09-29T18:29:13.384+0200: 56.362: [GC (Allocation Failure) 2020-09-29T18:29:13.384+0200: 56.362: [ParNew: 579626K->54272K(613440K), 0.0218165 secs] 595219K->69865K(2029056K), 0.0218906 secs] [Times: user=0.13 sys=0.00, real=0.02 secs] 
2020-09-29T18:29:13.459+0200: 56.437: [GC (Allocation Failure) 2020-09-29T18:29:13.459+0200: 56.437: [ParNew: 599616K->65703K(613440K), 0.0217048 secs] 615209K->81297K(2029056K), 0.0217930 secs] [Times: user=0.13 sys=0.00, real=0.02 secs] 
2020-09-29T18:29:13.531+0200: 56.510: [GC (Allocation Failure) 2020-09-29T18:29:13.531+0200: 56.510: [ParNew: 611047K->49269K(613440K), 0.0210990 secs] 626641K->64863K(2029056K), 0.0211757 secs] [Times: user=0.25 sys=0.00, real=0.02 secs] 
2020-09-29T18:29:13.604+0200: 56.582: [GC (Allocation Failure) 2020-09-29T18:29:13.604+0200: 56.582: [ParNew: 594613K->47696K(613440K), 0.0221424 secs] 610207K->63289K(2029056K), 0.0222251 secs] [Times: user=0.11 sys=0.00, real=0.02 secs] 
2020-09-29T18:29:13.686+0200: 56.665: [GC (Allocation Failure) 2020-09-29T18:29:13.686+0200: 56.665: [ParNew: 593040K->47322K(613440K), 0.0227243 secs] 608633K->62915K(2029056K), 0.0228284 secs] [Times: user=0.23 sys=0.00, real=0.02 secs] 
2020-09-29T18:29:13.761+0200: 56.740: [GC (Allocation Failure) 2020-09-29T18:29:13.761+0200: 56.740: [ParNew: 592666K->43703K(613440K), 0.0201350 secs] 608259K->59297K(2029056K), 0.0202333 secs] [Times: user=0.13 sys=0.00, real=0.02 secs] 
2020-09-29T18:29:13.840+0200: 56.818: [GC (Allocation Failure) 2020-09-29T18:29:13.846+0200: 56.824: [ParNew: 589047K->37726K(613440K), 0.0187666 secs] 604641K->53319K(2029056K), 0.0247059 secs] [Times: user=0.23 sys=0.00, real=0.02 secs] 
2020-09-29T18:29:13.915+0200: 56.894: [GC (Allocation Failure) 2020-09-29T18:29:13.915+0200: 56.894: [ParNew: 583070K->62132K(613440K), 0.0204021 secs] 598663K->77725K(2029056K), 0.0204706 secs] [Times: user=0.13 sys=0.00, real=0.02 secs] 
2020-09-29T18:29:13.989+0200: 56.967: [GC (Allocation Failure) 2020-09-29T18:29:13.989+0200: 56.967: [ParNew: 607476K->44460K(613440K), 0.0206447 secs] 623069K->60053K(2029056K), 0.0207402 secs] [Times: user=0.13 sys=0.00, real=0.02 secs] 
2020-09-29T18:29:14.060+0200: 57.039: [GC (Allocation Failure) 2020-09-29T18:29:14.060+0200: 57.039: [ParNew: 589804K->62124K(613440K), 0.0271858 secs] 605397K->77718K(2029056K), 0.0272451 secs] [Times: user=0.22 sys=0.00, real=0.03 secs] 
2020-09-29T18:29:14.141+0200: 57.120: [GC (Allocation Failure) 2020-09-29T18:29:14.141+0200: 57.120: [ParNew: 607468K->53667K(613440K), 0.0177814 secs] 623062K->69260K(2029056K), 0.0178612 secs] [Times: user=0.13 sys=0.00, real=0.02 secs] 
2020-09-29T18:29:14.215+0200: 57.193: [GC (Allocation Failure) 2020-09-29T18:29:14.215+0200: 57.193: [ParNew: 599011K->46022K(613440K), 0.0179727 secs] 614604K->61615K(2029056K), 0.0180405 secs] [Times: user=0.13 sys=0.00, real=0.02 secs] 
2020-09-29T18:29:14.284+0200: 57.262: [GC (Allocation Failure) 2020-09-29T18:29:14.284+0200: 57.262: [ParNew: 591366K->35387K(613440K), 0.0162953 secs] 606959K->50981K(2029056K), 0.0163778 secs] [Times: user=0.13 sys=0.00, real=0.02 secs] 
2020-09-29T18:29:14.353+0200: 57.332: [GC (Allocation Failure) 2020-09-29T18:29:14.353+0200: 57.332: [ParNew: 580731K->56884K(613440K), 0.0207199 secs] 596325K->72478K(2029056K), 0.0207889 secs] [Times: user=0.13 sys=0.00, real=0.02 secs] 
2020-09-29T18:29:14.431+0200: 57.410: [GC (Allocation Failure) 2020-09-29T18:29:14.431+0200: 57.410: [ParNew: 602228K->57442K(613440K), 0.0192673 secs] 617822K->73036K(2029056K), 0.0193541 secs] [Times: user=0.13 sys=0.00, real=0.02 secs] 
2020-09-29T18:29:14.503+0200: 57.481: [GC (Allocation Failure) 2020-09-29T18:29:14.503+0200: 57.481: [ParNew: 602786K->54362K(613440K), 0.0250554 secs] 618380K->69955K(2029056K), 0.0251258 secs] [Times: user=0.22 sys=0.00, real=0.03 secs] 
2020-09-29T18:29:14.579+0200: 57.558: [GC (Allocation Failure) 2020-09-29T18:29:14.579+0200: 57.558: [ParNew: 599706K->68096K(613440K), 0.0258275 secs] 615299K->83689K(2029056K), 0.0259337 secs] [Times: user=0.24 sys=0.00, real=0.03 secs] 
2020-09-29T18:29:14.656+0200: 57.635: [GC (Allocation Failure) 2020-09-29T18:29:14.656+0200: 57.635: [ParNew: 613440K->52891K(613440K), 0.0216499 secs] 629033K->68484K(2029056K), 0.0217309 secs] [Times: user=0.23 sys=0.00, real=0.02 secs] 
2020-09-29T18:29:14.730+0200: 57.708: [GC (Allocation Failure) 2020-09-29T18:29:14.730+0200: 57.708: [ParNew: 598235K->36815K(613440K), 0.0124569 secs] 613828K->52409K(2029056K), 0.0125473 secs] [Times: user=0.13 sys=0.00, real=0.01 secs] 
2020-09-29T18:29:14.797+0200: 57.775: [GC (Allocation Failure) 2020-09-29T18:29:14.797+0200: 57.775: [ParNew: 582159K->52130K(613440K), 0.0236618 secs] 597753K->67723K(2029056K), 0.0237413 secs] [Times: user=0.25 sys=0.00, real=0.02 secs] 
2020-09-29T18:29:14.868+0200: 57.846: [GC (Allocation Failure) 2020-09-29T18:29:14.868+0200: 57.846: [ParNew: 597474K->43708K(613440K), 0.0152242 secs] 613067K->59302K(2029056K), 0.0152831 secs] [Times: user=0.11 sys=0.00, real=0.01 secs] 
2020-09-29T18:29:14.937+0200: 57.915: [GC (Allocation Failure) 2020-09-29T18:29:14.937+0200: 57.915: [ParNew: 589052K->55589K(613440K), 0.0208547 secs] 604646K->71182K(2029056K), 0.0209596 secs] [Times: user=0.13 sys=0.02, real=0.02 secs] 
2020-09-29T18:29:15.005+0200: 57.983: [GC (Allocation Failure) 2020-09-29T18:29:15.005+0200: 57.983: [ParNew: 600933K->38626K(613440K), 0.0142556 secs] 616526K->54220K(2029056K), 0.0143197 secs] [Times: user=0.00 sys=0.00, real=0.01 secs] 
2020-09-29T18:29:15.067+0200: 58.045: [GC (Allocation Failure) 2020-09-29T18:29:15.067+0200: 58.045: [ParNew: 583970K->61647K(613440K), 0.0244684 secs] 599564K->77241K(2029056K), 0.0245660 secs] [Times: user=0.13 sys=0.00, real=0.03 secs] 
2020-09-29T18:29:15.142+0200: 58.120: [GC (Allocation Failure) 2020-09-29T18:29:15.142+0200: 58.120: [ParNew: 606991K->52117K(613440K), 0.0188752 secs] 622585K->67711K(2029056K), 0.0189600 secs] [Times: user=0.14 sys=0.00, real=0.02 secs] 
2020-09-29T18:29:15.208+0200: 58.186: [GC (Allocation Failure) 2020-09-29T18:29:15.208+0200: 58.186: [ParNew: 597461K->43236K(613440K), 0.0176615 secs] 613055K->58830K(2029056K), 0.0177545 secs] [Times: user=0.13 sys=0.00, real=0.03 secs] 
2020-09-29T18:29:15.293+0200: 58.272: [GC (Allocation Failure) 2020-09-29T18:29:15.293+0200: 58.272: [ParNew: 588580K->41310K(613440K), 0.0196519 secs] 604174K->56903K(2029056K), 0.0197651 secs] [Times: user=0.13 sys=0.00, real=0.02 secs] 
2020-09-29T18:29:15.366+0200: 58.345: [GC (Allocation Failure) 2020-09-29T18:29:15.366+0200: 58.345: [ParNew: 586654K->37122K(613440K), 0.0179498 secs] 602247K->52716K(2029056K), 0.0180224 secs] [Times: user=0.11 sys=0.00, real=0.02 secs] 
2020-09-29T18:29:15.437+0200: 58.416: [GC (Allocation Failure) 2020-09-29T18:29:15.437+0200: 58.416: [ParNew: 582466K->38904K(613440K), 0.0165003 secs] 598060K->54498K(2029056K), 0.0165642 secs] [Times: user=0.13 sys=0.00, real=0.02 secs] 
2020-09-29T18:29:15.503+0200: 58.482: [GC (Allocation Failure) 2020-09-29T18:29:15.503+0200: 58.482: [ParNew: 584248K->55414K(613440K), 0.0208096 secs] 599842K->71008K(2029056K), 0.0208808 secs] [Times: user=0.25 sys=0.00, real=0.02 secs] 
2020-09-29T18:29:15.573+0200: 58.552: [GC (Allocation Failure) 2020-09-29T18:29:15.573+0200: 58.552: [ParNew: 600758K->62184K(613440K), 0.0220753 secs] 616352K->77777K(2029056K), 0.0221498 secs] [Times: user=0.11 sys=0.00, real=0.02 secs] 
2020-09-29T18:29:15.644+0200: 58.623: [GC (Allocation Failure) 2020-09-29T18:29:15.644+0200: 58.623: [ParNew: 607528K->42997K(613440K), 0.0147322 secs] 623121K->58591K(2029056K), 0.0147898 secs] [Times: user=0.02 sys=0.00, real=0.01 secs] 
2020-09-29T18:29:15.710+0200: 58.689: [GC (Allocation Failure) 2020-09-29T18:29:15.710+0200: 58.689: [ParNew: 588341K->38730K(613440K), 0.0189349 secs] 603935K->54323K(2029056K), 0.0190153 secs] [Times: user=0.13 sys=0.00, real=0.02 secs] 
2020-09-29T18:29:15.778+0200: 58.757: [GC (Allocation Failure) 2020-09-29T18:29:15.778+0200: 58.757: [ParNew: 584074K->41887K(613440K), 0.0177275 secs] 599667K->57481K(2029056K), 0.0177874 secs] [Times: user=0.13 sys=0.00, real=0.02 secs] 
2020-09-29T18:29:15.847+0200: 58.826: [GC (Allocation Failure) 2020-09-29T18:29:15.847+0200: 58.826: [ParNew: 587231K->38308K(613440K), 0.0186526 secs] 602825K->53902K(2029056K), 0.0187093 secs] [Times: user=0.14 sys=0.00, real=0.02 secs] 
2020-09-29T18:29:15.916+0200: 58.894: [GC (Allocation Failure) 2020-09-29T18:29:15.916+0200: 58.894: [ParNew: 583652K->36519K(613440K), 0.0161311 secs] 599246K->52113K(2029056K), 0.0161897 secs] [Times: user=0.13 sys=0.00, real=0.02 secs] 
2020-09-29T18:29:15.981+0200: 58.960: [GC (Allocation Failure) 2020-09-29T18:29:15.981+0200: 58.960: [ParNew: 581863K->59892K(613440K), 0.0203179 secs] 597457K->75486K(2029056K), 0.0203890 secs] [Times: user=0.11 sys=0.00, real=0.02 secs] 
2020-09-29T18:29:16.052+0200: 59.031: [GC (Allocation Failure) 2020-09-29T18:29:16.052+0200: 59.031: [ParNew: 605236K->47898K(613440K), 0.0202215 secs] 620830K->63491K(2029056K), 0.0203088 secs] [Times: user=0.13 sys=0.00, real=0.02 secs] 
2020-09-29T18:29:16.121+0200: 59.099: [GC (Allocation Failure) 2020-09-29T18:29:16.121+0200: 59.099: [ParNew: 593242K->36328K(613440K), 0.0126049 secs] 608835K->51922K(2029056K), 0.0126744 secs] [Times: user=0.11 sys=0.00, real=0.01 secs] 
2020-09-29T18:29:16.181+0200: 59.159: [GC (Allocation Failure) 2020-09-29T18:29:16.181+0200: 59.159: [ParNew: 581672K->55172K(613440K), 0.0226809 secs] 597266K->70765K(2029056K), 0.0227378 secs] [Times: user=0.13 sys=0.00, real=0.02 secs] 
2020-09-29T18:29:16.252+0200: 59.230: [GC (Allocation Failure) 2020-09-29T18:29:16.252+0200: 59.231: [ParNew: 600516K->40605K(613440K), 0.0172760 secs] 616109K->56198K(2029056K), 0.0173517 secs] [Times: user=0.13 sys=0.00, real=0.02 secs] 
2020-09-29T18:29:16.319+0200: 59.298: [GC (Allocation Failure) 2020-09-29T18:29:16.319+0200: 59.298: [ParNew: 585949K->39443K(613440K), 0.0173626 secs] 601542K->55037K(2029056K), 0.0174704 secs] [Times: user=0.13 sys=0.00, real=0.02 secs] 
2020-09-29T18:29:16.389+0200: 59.367: [GC (Allocation Failure) 2020-09-29T18:29:16.389+0200: 59.367: [ParNew: 584787K->59015K(613440K), 0.0223762 secs] 600381K->74609K(2029056K), 0.0224407 secs] [Times: user=0.25 sys=0.00, real=0.02 secs] 
2020-09-29T18:29:16.461+0200: 59.440: [GC (Allocation Failure) 2020-09-29T18:29:16.461+0200: 59.440: [ParNew: 604359K->42893K(613440K), 0.0142531 secs] 619953K->58487K(2029056K), 0.0143175 secs] [Times: user=0.13 sys=0.00, real=0.01 secs] 
2020-09-29T18:29:16.523+0200: 59.502: [GC (Allocation Failure) 2020-09-29T18:29:16.523+0200: 59.502: [ParNew: 588237K->37989K(613440K), 0.0137377 secs] 603831K->53582K(2029056K), 0.0137964 secs] [Times: user=0.13 sys=0.00, real=0.01 secs] 
2020-09-29T18:29:16.590+0200: 59.569: [GC (Allocation Failure) 2020-09-29T18:29:16.590+0200: 59.569: [ParNew: 583333K->50714K(613440K), 0.0189276 secs] 598926K->66307K(2029056K), 0.0190014 secs] [Times: user=0.13 sys=0.00, real=0.02 secs] 
2020-09-29T18:29:16.659+0200: 59.638: [GC (Allocation Failure) 2020-09-29T18:29:16.659+0200: 59.638: [ParNew: 596058K->37956K(613440K), 0.0179960 secs] 611651K->53549K(2029056K), 0.0180795 secs] [Times: user=0.23 sys=0.00, real=0.02 secs] 
2020-09-29T18:29:16.726+0200: 59.704: [GC (Allocation Failure) 2020-09-29T18:29:16.726+0200: 59.704: [ParNew: 583300K->39360K(613440K), 0.0159521 secs] 598893K->54953K(2029056K), 0.0160116 secs] [Times: user=0.13 sys=0.00, real=0.02 secs] 
2020-09-29T18:29:16.794+0200: 59.773: [GC (Allocation Failure) 2020-09-29T18:29:16.794+0200: 59.773: [ParNew: 584704K->35500K(613440K), 0.0152711 secs] 600297K->51094K(2029056K), 0.0153495 secs] [Times: user=0.13 sys=0.00, real=0.02 secs] 
2020-09-29T18:29:16.860+0200: 59.838: [GC (Allocation Failure) 2020-09-29T18:29:16.860+0200: 59.838: [ParNew: 580844K->50893K(613440K), 0.0209194 secs] 596438K->66486K(2029056K), 0.0209926 secs] [Times: user=0.24 sys=0.00, real=0.02 secs] 
2020-09-29T18:29:16.931+0200: 59.909: [GC (Allocation Failure) 2020-09-29T18:29:16.931+0200: 59.909: [ParNew: 596237K->43069K(613440K), 0.0180795 secs] 611830K->58663K(2029056K), 0.0181457 secs] [Times: user=0.13 sys=0.00, real=0.02 secs] 
2020-09-29T18:29:16.999+0200: 59.977: [GC (Allocation Failure) 2020-09-29T18:29:16.999+0200: 59.978: [ParNew: 588413K->42147K(613440K), 0.0186371 secs] 604007K->57740K(2029056K), 0.0187302 secs] [Times: user=0.13 sys=0.00, real=0.02 secs] 
2020-09-29T18:29:17.067+0200: 60.045: [GC (Allocation Failure) 2020-09-29T18:29:17.067+0200: 60.045: [ParNew: 587491K->66106K(613440K), 0.0241134 secs] 603084K->81700K(2029056K), 0.0241874 secs] [Times: user=0.13 sys=0.00, real=0.02 secs] 
2020-09-29T18:29:17.141+0200: 60.119: [GC (Allocation Failure) 2020-09-29T18:29:17.141+0200: 60.119: [ParNew: 611450K->56017K(613440K), 0.0221458 secs] 627044K->71611K(2029056K), 0.0222284 secs] [Times: user=0.24 sys=0.00, real=0.02 secs] 
2020-09-29T18:29:17.211+0200: 60.189: [GC (Allocation Failure) 2020-09-29T18:29:17.211+0200: 60.189: [ParNew: 601361K->51464K(613440K), 0.0220405 secs] 616955K->67058K(2029056K), 0.0221094 secs] [Times: user=0.13 sys=0.00, real=0.02 secs] 
2020-09-29T18:29:17.280+0200: 60.259: [GC (Allocation Failure) 2020-09-29T18:29:17.280+0200: 60.259: [ParNew: 596808K->39284K(613440K), 0.0153921 secs] 612402K->54877K(2029056K), 0.0154719 secs] [Times: user=0.13 sys=0.00, real=0.02 secs] 
2020-09-29T18:29:17.343+0200: 60.322: [GC (Allocation Failure) 2020-09-29T18:29:17.343+0200: 60.322: [ParNew: 584628K->58522K(613440K), 0.0210127 secs] 600221K->74116K(2029056K), 0.0210863 secs] [Times: user=0.22 sys=0.00, real=0.02 secs] 
2020-09-29T18:29:17.444+0200: 60.422: [GC (Allocation Failure) 2020-09-29T18:29:17.444+0200: 60.422: [ParNew: 603866K->44608K(613440K), 0.0223305 secs] 619460K->60201K(2029056K), 0.0224431 secs] [Times: user=0.13 sys=0.00, real=0.02 secs] 
2020-09-29T18:29:17.536+0200: 60.515: [GC (Allocation Failure) 2020-09-29T18:29:17.536+0200: 60.515: [ParNew: 589952K->50495K(613440K), 0.0209185 secs] 605545K->66088K(2029056K), 0.0211169 secs] [Times: user=0.13 sys=0.00, real=0.02 secs] 
2020-09-29T18:29:17.616+0200: 60.595: [GC (Allocation Failure) 2020-09-29T18:29:17.616+0200: 60.595: [ParNew: 595839K->44238K(613440K), 0.0212131 secs] 611432K->59832K(2029056K), 0.0213134 secs] [Times: user=0.13 sys=0.00, real=0.02 secs] 
2020-09-29T18:29:17.738+0200: 60.717: [GC (Allocation Failure) 2020-09-29T18:29:17.738+0200: 60.717: [ParNew: 589582K->35645K(613440K), 0.0138569 secs] 605176K->51239K(2029056K), 0.0139461 secs] [Times: user=0.13 sys=0.00, real=0.01 secs] 
2020-09-29T18:29:17.816+0200: 60.795: [GC (Allocation Failure) 2020-09-29T18:29:17.816+0200: 60.795: [ParNew: 580989K->48861K(613440K), 0.0244096 secs] 596583K->64454K(2029056K), 0.0244965 secs] [Times: user=0.19 sys=0.01, real=0.03 secs] 
2020-09-29T18:29:17.909+0200: 60.888: [GC (Allocation Failure) 2020-09-29T18:29:17.909+0200: 60.888: [ParNew: 594205K->40981K(613440K), 0.0182785 secs] 609798K->56575K(2029056K), 0.0183699 secs] [Times: user=0.25 sys=0.00, real=0.02 secs] 
2020-09-29T18:29:17.987+0200: 60.966: [GC (Allocation Failure) 2020-09-29T18:29:17.987+0200: 60.966: [ParNew: 586325K->58014K(613440K), 0.0237728 secs] 601919K->73608K(2029056K), 0.0238684 secs] [Times: user=0.22 sys=0.02, real=0.02 secs] 
2020-09-29T18:29:18.068+0200: 61.047: [GC (Allocation Failure) 2020-09-29T18:29:18.068+0200: 61.047: [ParNew: 603358K->68096K(613440K), 0.0282165 secs] 618952K->84356K(2029056K), 0.0283301 secs] [Times: user=0.13 sys=0.00, real=0.03 secs] 
2020-09-29T18:29:18.177+0200: 61.156: [GC (Allocation Failure) 2020-09-29T18:29:18.177+0200: 61.156: [ParNew: 613440K->45493K(613440K), 0.0159051 secs] 629700K->61753K(2029056K), 0.0160095 secs] [Times: user=0.13 sys=0.00, real=0.02 secs] 
2020-09-29T18:29:18.268+0200: 61.246: [GC (Allocation Failure) 2020-09-29T18:29:18.268+0200: 61.246: [ParNew: 590837K->42196K(613440K), 0.0226255 secs] 607097K->58456K(2029056K), 0.0227635 secs] [Times: user=0.20 sys=0.00, real=0.02 secs] 
2020-09-29T18:29:18.359+0200: 61.338: [GC (Allocation Failure) 2020-09-29T18:29:18.359+0200: 61.338: [ParNew: 587540K->41625K(613440K), 0.0210338 secs] 603800K->57886K(2029056K), 0.0211900 secs] [Times: user=0.22 sys=0.00, real=0.02 secs] 
2020-09-29T18:29:18.439+0200: 61.418: [GC (Allocation Failure) 2020-09-29T18:29:18.440+0200: 61.419: [ParNew: 586969K->39393K(613440K), 0.0212966 secs] 603230K->55653K(2029056K), 0.0215304 secs] [Times: user=0.24 sys=0.00, real=0.02 secs] 
2020-09-29T18:29:18.521+0200: 61.499: [GC (Allocation Failure) 2020-09-29T18:29:18.522+0200: 61.500: [ParNew: 584737K->65735K(613440K), 0.0316000 secs] 600997K->81995K(2029056K), 0.0317234 secs] [Times: user=0.25 sys=0.00, real=0.03 secs] 
2020-09-29T18:29:18.611+0200: 61.589: [GC (Allocation Failure) 2020-09-29T18:29:18.611+0200: 61.589: [ParNew: 611079K->61716K(613440K), 0.0238252 secs] 627339K->77976K(2029056K), 0.0239124 secs] [Times: user=0.23 sys=0.00, real=0.02 secs] 
2020-09-29T18:29:18.698+0200: 61.676: [GC (Allocation Failure) 2020-09-29T18:29:18.698+0200: 61.676: [ParNew: 607060K->50300K(613440K), 0.0225485 secs] 623320K->66560K(2029056K), 0.0226472 secs] [Times: user=0.13 sys=0.00, real=0.02 secs] 
2020-09-29T18:29:18.792+0200: 61.771: [GC (Allocation Failure) 2020-09-29T18:29:18.793+0200: 61.771: [ParNew: 595644K->41226K(613440K), 0.0235233 secs] 611904K->57486K(2029056K), 0.0236142 secs] [Times: user=0.13 sys=0.00, real=0.02 secs] 
2020-09-29T18:29:18.873+0200: 61.852: [GC (Allocation Failure) 2020-09-29T18:29:18.873+0200: 61.852: [ParNew: 586570K->40799K(613440K), 0.0223611 secs] 602830K->57059K(2029056K), 0.0224704 secs] [Times: user=0.23 sys=0.00, real=0.02 secs] 
2020-09-29T18:29:18.957+0200: 61.935: [GC (Allocation Failure) 2020-09-29T18:29:18.957+0200: 61.935: [ParNew: 586143K->63452K(613440K), 0.0267112 secs] 602403K->79712K(2029056K), 0.0268105 secs] [Times: user=0.25 sys=0.00, real=0.03 secs] 
2020-09-29T18:29:19.040+0200: 62.018: [GC (Allocation Failure) 2020-09-29T18:29:19.040+0200: 62.018: [ParNew: 608796K->68096K(613440K), 0.0263310 secs] 625056K->84356K(2029056K), 0.0264203 secs] [Times: user=0.13 sys=0.00, real=0.03 secs] 
2020-09-29T18:29:19.123+0200: 62.101: [GC (Allocation Failure) 2020-09-29T18:29:19.123+0200: 62.101: [ParNew: 613440K->46666K(613440K), 0.0203679 secs] 629700K->62926K(2029056K), 0.0204531 secs] [Times: user=0.11 sys=0.00, real=0.02 secs] 
2020-09-29T18:29:19.201+0200: 62.179: [GC (Allocation Failure) 2020-09-29T18:29:19.201+0200: 62.179: [ParNew: 592010K->40569K(613440K), 0.0178806 secs] 608270K->56829K(2029056K), 0.0179841 secs] [Times: user=0.13 sys=0.00, real=0.02 secs] 
2020-09-29T18:29:19.288+0200: 62.266: [GC (Allocation Failure) 2020-09-29T18:29:19.288+0200: 62.266: [ParNew: 585913K->56475K(613440K), 0.0246859 secs] 602173K->72735K(2029056K), 0.0247751 secs] [Times: user=0.13 sys=0.00, real=0.02 secs] 
2020-09-29T18:29:19.373+0200: 62.351: [GC (Allocation Failure) 2020-09-29T18:29:19.373+0200: 62.351: [ParNew: 601819K->48097K(613440K), 0.0234634 secs] 618079K->64357K(2029056K), 0.0235654 secs] [Times: user=0.23 sys=0.00, real=0.02 secs] 
2020-09-29T18:29:19.453+0200: 62.431: [GC (Allocation Failure) 2020-09-29T18:29:19.453+0200: 62.431: [ParNew: 593441K->38577K(613440K), 0.0177830 secs] 609701K->54837K(2029056K), 0.0178726 secs] [Times: user=0.13 sys=0.00, real=0.02 secs] 
2020-09-29T18:29:19.528+0200: 62.506: [GC (Allocation Failure) 2020-09-29T18:29:19.528+0200: 62.506: [ParNew: 583921K->42545K(613440K), 0.0217042 secs] 600181K->58805K(2029056K), 0.0217913 secs] [Times: user=0.13 sys=0.00, real=0.02 secs] 
2020-09-29T18:29:19.607+0200: 62.585: [GC (Allocation Failure) 2020-09-29T18:29:19.607+0200: 62.585: [ParNew: 587889K->47758K(613440K), 0.0215235 secs] 604149K->64018K(2029056K), 0.0216207 secs] [Times: user=0.11 sys=0.00, real=0.02 secs] 
2020-09-29T18:29:19.688+0200: 62.667: [GC (Allocation Failure) 2020-09-29T18:29:19.688+0200: 62.667: [ParNew: 593102K->37756K(613440K), 0.0197230 secs] 609362K->54016K(2029056K), 0.0198139 secs] [Times: user=0.22 sys=0.00, real=0.02 secs] 
2020-09-29T18:29:19.770+0200: 62.748: [GC (Allocation Failure) 2020-09-29T18:29:19.770+0200: 62.748: [ParNew: 583100K->56865K(613440K), 0.0244299 secs] 599360K->73125K(2029056K), 0.0245230 secs] [Times: user=0.20 sys=0.00, real=0.03 secs] 
2020-09-29T18:29:19.853+0200: 62.831: [GC (Allocation Failure) 2020-09-29T18:29:19.853+0200: 62.831: [ParNew: 602209K->41995K(613440K), 0.0183859 secs] 618469K->58255K(2029056K), 0.0184589 secs] [Times: user=0.13 sys=0.00, real=0.02 secs] 
2020-09-29T18:29:19.930+0200: 62.908: [GC (Allocation Failure) 2020-09-29T18:29:19.930+0200: 62.908: [ParNew: 587339K->60177K(613440K), 0.0273287 secs] 603599K->76437K(2029056K), 0.0274218 secs] [Times: user=0.13 sys=0.00, real=0.03 secs] 
2020-09-29T18:29:20.011+0200: 62.989: [GC (Allocation Failure) 2020-09-29T18:29:20.011+0200: 62.989: [ParNew: 605521K->52357K(613440K), 0.0212336 secs] 621781K->68617K(2029056K), 0.0213200 secs] [Times: user=0.13 sys=0.00, real=0.02 secs] 
2020-09-29T18:29:20.087+0200: 63.065: [GC (Allocation Failure) 2020-09-29T18:29:20.087+0200: 63.065: [ParNew: 597701K->42271K(613440K), 0.0166521 secs] 613961K->58531K(2029056K), 0.0167340 secs] [Times: user=0.13 sys=0.00, real=0.02 secs] 
2020-09-29T18:29:20.161+0200: 63.140: [GC (Allocation Failure) 2020-09-29T18:29:20.161+0200: 63.140: [ParNew: 587615K->36814K(613440K), 0.0153714 secs] 603875K->53074K(2029056K), 0.0154783 secs] [Times: user=0.13 sys=0.00, real=0.02 secs] 
2020-09-29T18:29:20.234+0200: 63.213: [GC (Allocation Failure) 2020-09-29T18:29:20.234+0200: 63.213: [ParNew: 582158K->33332K(613440K), 0.0156477 secs] 598418K->49592K(2029056K), 0.0157243 secs] [Times: user=0.13 sys=0.00, real=0.02 secs] 
2020-09-29T18:29:20.309+0200: 63.288: [GC (Allocation Failure) 2020-09-29T18:29:20.309+0200: 63.288: [ParNew: 578676K->54157K(613440K), 0.0212116 secs] 594936K->70417K(2029056K), 0.0213136 secs] [Times: user=0.13 sys=0.00, real=0.02 secs] 
2020-09-29T18:29:20.388+0200: 63.367: [GC (Allocation Failure) 2020-09-29T18:29:20.388+0200: 63.367: [ParNew: 599501K->66122K(613440K), 0.0266796 secs] 615761K->82382K(2029056K), 0.0267479 secs] [Times: user=0.20 sys=0.00, real=0.03 secs] 
2020-09-29T18:29:20.471+0200: 63.450: [GC (Allocation Failure) 2020-09-29T18:29:20.471+0200: 63.450: [ParNew: 611466K->50160K(613440K), 0.0178294 secs] 627726K->66420K(2029056K), 0.0178865 secs] [Times: user=0.23 sys=0.00, real=0.02 secs] 
2020-09-29T18:29:20.544+0200: 63.522: [GC (Allocation Failure) 2020-09-29T18:29:20.544+0200: 63.522: [ParNew: 595504K->68096K(613440K), 0.0240149 secs] 611764K->84356K(2029056K), 0.0241254 secs] [Times: user=0.25 sys=0.00, real=0.02 secs] 
2020-09-29T18:29:20.622+0200: 63.600: [GC (Allocation Failure) 2020-09-29T18:29:20.622+0200: 63.601: [ParNew: 613440K->52216K(613440K), 0.0157546 secs] 629700K->68476K(2029056K), 0.0158167 secs] [Times: user=0.13 sys=0.00, real=0.02 secs] 
2020-09-29T18:29:20.695+0200: 63.673: [GC (Allocation Failure) 2020-09-29T18:29:20.695+0200: 63.673: [ParNew: 597560K->38859K(613440K), 0.0158796 secs] 613820K->55119K(2029056K), 0.0160058 secs] [Times: user=0.13 sys=0.00, real=0.02 secs] 
2020-09-29T18:29:20.765+0200: 63.743: [GC (Allocation Failure) 2020-09-29T18:29:20.765+0200: 63.743: [ParNew: 584203K->34275K(613440K), 0.0140106 secs] 600463K->50535K(2029056K), 0.0140865 secs] [Times: user=0.09 sys=0.00, real=0.01 secs] 
2020-09-29T18:29:20.835+0200: 63.813: [GC (Allocation Failure) 2020-09-29T18:29:20.835+0200: 63.813: [ParNew: 579619K->54564K(613440K), 0.0209884 secs] 595879K->70824K(2029056K), 0.0210529 secs] [Times: user=0.08 sys=0.00, real=0.02 secs] 
2020-09-29T18:29:20.908+0200: 63.887: [GC (Allocation Failure) 2020-09-29T18:29:20.908+0200: 63.887: [ParNew: 599908K->46212K(613440K), 0.0189107 secs] 616168K->62472K(2029056K), 0.0189899 secs] [Times: user=0.17 sys=0.03, real=0.02 secs] 
2020-09-29T18:29:20.982+0200: 63.961: [GC (Allocation Failure) 2020-09-29T18:29:20.982+0200: 63.961: [ParNew: 591556K->39884K(613440K), 0.0233128 secs] 607816K->56144K(2029056K), 0.0233894 secs] [Times: user=0.22 sys=0.00, real=0.02 secs] 
2020-09-29T18:29:21.062+0200: 64.041: [GC (Allocation Failure) 2020-09-29T18:29:21.062+0200: 64.041: [ParNew: 585228K->38898K(613440K), 0.0192085 secs] 601488K->55158K(2029056K), 0.0192683 secs] [Times: user=0.13 sys=0.00, real=0.02 secs] 
2020-09-29T18:29:21.139+0200: 64.118: [GC (Allocation Failure) 2020-09-29T18:29:21.139+0200: 64.118: [ParNew: 584242K->41913K(613440K), 0.0191877 secs] 600502K->58173K(2029056K), 0.0192899 secs] [Times: user=0.13 sys=0.00, real=0.02 secs] 
2020-09-29T18:29:21.216+0200: 64.194: [GC (Allocation Failure) 2020-09-29T18:29:21.216+0200: 64.195: [ParNew: 587257K->62930K(613440K), 0.0242689 secs] 603517K->79190K(2029056K), 0.0243605 secs] [Times: user=0.23 sys=0.00, real=0.02 secs] 
2020-09-29T18:29:21.289+0200: 64.268: [GC (Allocation Failure) 2020-09-29T18:29:21.289+0200: 64.268: [ParNew: 608274K->62509K(613440K), 0.0231844 secs] 624534K->78769K(2029056K), 0.0232684 secs] [Times: user=0.13 sys=0.00, real=0.02 secs] 
2020-09-29T18:29:21.366+0200: 64.345: [GC (Allocation Failure) 2020-09-29T18:29:21.366+0200: 64.345: [ParNew: 607853K->44113K(613440K), 0.0173069 secs] 624113K->60373K(2029056K), 0.0174529 secs] [Times: user=0.08 sys=0.00, real=0.02 secs] 
2020-09-29T18:29:21.444+0200: 64.423: [GC (Allocation Failure) 2020-09-29T18:29:21.444+0200: 64.423: [ParNew: 589457K->43946K(613440K), 0.0211037 secs] 605717K->60206K(2029056K), 0.0212111 secs] [Times: user=0.11 sys=0.00, real=0.02 secs] 
2020-09-29T18:29:21.521+0200: 64.500: [GC (Allocation Failure) 2020-09-29T18:29:21.521+0200: 64.500: [ParNew: 589290K->47188K(613440K), 0.0217595 secs] 605550K->63449K(2029056K), 0.0219344 secs] [Times: user=0.13 sys=0.00, real=0.02 secs] 
2020-09-29T18:29:21.599+0200: 64.578: [GC (Allocation Failure) 2020-09-29T18:29:21.599+0200: 64.578: [ParNew: 592532K->41506K(613440K), 0.0192189 secs] 608793K->57767K(2029056K), 0.0193203 secs] [Times: user=0.13 sys=0.00, real=0.02 secs] 
2020-09-29T18:29:21.671+0200: 64.650: [GC (Allocation Failure) 2020-09-29T18:29:21.671+0200: 64.650: [ParNew: 586850K->39021K(613440K), 0.0174183 secs] 603111K->55281K(2029056K), 0.0175009 secs] [Times: user=0.11 sys=0.00, real=0.02 secs] 
2020-09-29T18:29:21.744+0200: 64.723: [GC (Allocation Failure) 2020-09-29T18:29:21.744+0200: 64.723: [ParNew: 584365K->55835K(613440K), 0.0233637 secs] 600625K->72095K(2029056K), 0.0234528 secs] [Times: user=0.13 sys=0.00, real=0.02 secs] 
2020-09-29T18:29:21.822+0200: 64.801: [GC (Allocation Failure) 2020-09-29T18:29:21.822+0200: 64.801: [ParNew: 601179K->43622K(613440K), 0.0220502 secs] 617439K->59882K(2029056K), 0.0221322 secs] [Times: user=0.13 sys=0.00, real=0.02 secs] 
2020-09-29T18:29:21.899+0200: 64.878: [GC (Allocation Failure) 2020-09-29T18:29:21.899+0200: 64.878: [ParNew: 588966K->44514K(613440K), 0.0233179 secs] 605226K->60774K(2029056K), 0.0234097 secs] [Times: user=0.09 sys=0.00, real=0.02 secs] 
2020-09-29T18:29:21.976+0200: 64.955: [GC (Allocation Failure) 2020-09-29T18:29:21.976+0200: 64.955: [ParNew: 589858K->38787K(613440K), 0.0202148 secs] 606118K->55047K(2029056K), 0.0203004 secs] [Times: user=0.11 sys=0.00, real=0.02 secs] 
2020-09-29T18:29:22.050+0200: 65.029: [GC (Allocation Failure) 2020-09-29T18:29:22.050+0200: 65.029: [ParNew: 584131K->38520K(613440K), 0.0193989 secs] 600391K->54781K(2029056K), 0.0194803 secs] [Times: user=0.25 sys=0.00, real=0.02 secs] 
2020-09-29T18:29:22.124+0200: 65.102: [GC (Allocation Failure) 2020-09-29T18:29:22.124+0200: 65.102: [ParNew: 583864K->59580K(613440K), 0.0244865 secs] 600125K->75840K(2029056K), 0.0245767 secs] [Times: user=0.25 sys=0.00, real=0.02 secs] 
2020-09-29T18:29:22.203+0200: 65.181: [GC (Allocation Failure) 2020-09-29T18:29:22.203+0200: 65.181: [ParNew: 604924K->40567K(613440K), 0.0172178 secs] 621184K->56827K(2029056K), 0.0172956 secs] [Times: user=0.13 sys=0.00, real=0.02 secs] 
2020-09-29T18:29:22.276+0200: 65.254: [GC (Allocation Failure) 2020-09-29T18:29:22.276+0200: 65.254: [ParNew: 585911K->42547K(613440K), 0.0219784 secs] 602171K->58807K(2029056K), 0.0220943 secs] [Times: user=0.13 sys=0.00, real=0.02 secs] 
2020-09-29T18:29:22.353+0200: 65.332: [GC (Allocation Failure) 2020-09-29T18:29:22.353+0200: 65.332: [ParNew: 587891K->48599K(613440K), 0.0228025 secs] 604151K->64859K(2029056K), 0.0228944 secs] [Times: user=0.11 sys=0.00, real=0.02 secs] 
2020-09-29T18:29:22.434+0200: 65.412: [GC (Allocation Failure) 2020-09-29T18:29:22.434+0200: 65.412: [ParNew: 593943K->35706K(613440K), 0.0142770 secs] 610203K->51966K(2029056K), 0.0144302 secs] [Times: user=0.11 sys=0.00, real=0.01 secs] 
2020-09-29T18:29:22.518+0200: 65.496: [GC (Allocation Failure) 2020-09-29T18:29:22.518+0200: 65.496: [ParNew: 581050K->34106K(613440K), 0.0193394 secs] 597310K->50366K(2029056K), 0.0194097 secs] [Times: user=0.20 sys=0.00, real=0.02 secs] 
2020-09-29T18:29:22.600+0200: 65.578: [GC (Allocation Failure) 2020-09-29T18:29:22.600+0200: 65.578: [ParNew: 579450K->35818K(613440K), 0.0164585 secs] 595710K->52078K(2029056K), 0.0165561 secs] [Times: user=0.13 sys=0.00, real=0.02 secs] 
2020-09-29T18:29:22.674+0200: 65.652: [GC (Allocation Failure) 2020-09-29T18:29:22.675+0200: 65.653: [ParNew: 581162K->41349K(613440K), 0.0227207 secs] 597422K->57609K(2029056K), 0.0228523 secs] [Times: user=0.23 sys=0.00, real=0.02 secs] 
2020-09-29T18:29:22.751+0200: 65.729: [GC (Allocation Failure) 2020-09-29T18:29:22.751+0200: 65.729: [ParNew: 586693K->50500K(613440K), 0.0188715 secs] 602953K->66760K(2029056K), 0.0189483 secs] [Times: user=0.13 sys=0.00, real=0.02 secs] 
2020-09-29T18:29:22.833+0200: 65.811: [GC (Allocation Failure) 2020-09-29T18:29:22.833+0200: 65.811: [ParNew: 595844K->61674K(613440K), 0.0248923 secs] 612104K->77934K(2029056K), 0.0249959 secs] [Times: user=0.13 sys=0.00, real=0.03 secs] 
2020-09-29T18:29:22.915+0200: 65.893: [GC (Allocation Failure) 2020-09-29T18:29:22.915+0200: 65.893: [ParNew: 607018K->42136K(613440K), 0.0116359 secs] 623278K->58396K(2029056K), 0.0117306 secs] [Times: user=0.00 sys=0.02, real=0.01 secs] 
2020-09-29T18:29:22.983+0200: 65.961: [GC (Allocation Failure) 2020-09-29T18:29:22.983+0200: 65.961: [ParNew: 587480K->49179K(613440K), 0.0244168 secs] 603740K->65439K(2029056K), 0.0244962 secs] [Times: user=0.22 sys=0.00, real=0.02 secs] 
2020-09-29T18:29:23.061+0200: 66.039: [GC (Allocation Failure) 2020-09-29T18:29:23.061+0200: 66.039: [ParNew: 594523K->57790K(613440K), 0.0248581 secs] 610783K->74050K(2029056K), 0.0249718 secs] [Times: user=0.25 sys=0.00, real=0.02 secs] 
2020-09-29T18:29:23.139+0200: 66.117: [GC (Allocation Failure) 2020-09-29T18:29:23.139+0200: 66.117: [ParNew: 603134K->41056K(613440K), 0.0166879 secs] 619394K->57316K(2029056K), 0.0167501 secs] [Times: user=0.13 sys=0.00, real=0.02 secs] 
2020-09-29T18:29:23.221+0200: 66.199: [GC (Allocation Failure) 2020-09-29T18:29:23.221+0200: 66.200: [ParNew: 586400K->42077K(613440K), 0.0232663 secs] 602660K->58337K(2029056K), 0.0233728 secs] [Times: user=0.22 sys=0.00, real=0.02 secs] 
2020-09-29T18:29:23.299+0200: 66.277: [GC (Allocation Failure) 2020-09-29T18:29:23.299+0200: 66.277: [ParNew: 587421K->59763K(613440K), 0.0240547 secs] 603681K->76023K(2029056K), 0.0241193 secs] [Times: user=0.25 sys=0.00, real=0.02 secs] 
2020-09-29T18:29:23.375+0200: 66.353: [GC (Allocation Failure) 2020-09-29T18:29:23.375+0200: 66.354: [ParNew: 604337K->50037K(613440K), 0.0185156 secs] 620597K->66297K(2029056K), 0.0185921 secs] [Times: user=0.11 sys=0.00, real=0.02 secs] 
2020-09-29T18:29:23.449+0200: 66.427: [GC (Allocation Failure) 2020-09-29T18:29:23.449+0200: 66.427: [ParNew: 595381K->39089K(613440K), 0.0182079 secs] 611641K->55349K(2029056K), 0.0183450 secs] [Times: user=0.13 sys=0.00, real=0.02 secs] 
2020-09-29T18:29:23.523+0200: 66.502: [GC (Allocation Failure) 2020-09-29T18:29:23.523+0200: 66.502: [ParNew: 584433K->62580K(613440K), 0.0278371 secs] 600693K->78840K(2029056K), 0.0279176 secs] [Times: user=0.11 sys=0.00, real=0.03 secs] 
2020-09-29T18:29:23.603+0200: 66.581: [GC (Allocation Failure) 2020-09-29T18:29:23.603+0200: 66.581: [ParNew: 607924K->52981K(613440K), 0.0222103 secs] 624184K->69241K(2029056K), 0.0222848 secs] [Times: user=0.11 sys=0.00, real=0.02 secs] 
2020-09-29T18:29:23.677+0200: 66.655: [GC (Allocation Failure) 2020-09-29T18:29:23.677+0200: 66.655: [ParNew: 598325K->41762K(613440K), 0.0201953 secs] 614585K->58022K(2029056K), 0.0202817 secs] [Times: user=0.13 sys=0.00, real=0.02 secs] 
2020-09-29T18:29:23.752+0200: 66.730: [GC (Allocation Failure) 2020-09-29T18:29:23.752+0200: 66.730: [ParNew: 587106K->63303K(613440K), 0.0258782 secs] 603366K->79563K(2029056K), 0.0259593 secs] [Times: user=0.20 sys=0.00, real=0.03 secs] 
2020-09-29T18:29:23.828+0200: 66.806: [GC (Allocation Failure) 2020-09-29T18:29:23.828+0200: 66.806: [ParNew: 608647K->42873K(613440K), 0.0171433 secs] 624907K->59133K(2029056K), 0.0172139 secs] [Times: user=0.13 sys=0.00, real=0.02 secs] 
2020-09-29T18:29:23.895+0200: 66.873: [GC (Allocation Failure) 2020-09-29T18:29:23.895+0200: 66.873: [ParNew: 588217K->68035K(613440K), 0.0274730 secs] 604477K->84295K(2029056K), 0.0275505 secs] [Times: user=0.13 sys=0.00, real=0.03 secs] 
2020-09-29T18:29:23.971+0200: 66.949: [GC (Allocation Failure) 2020-09-29T18:29:23.971+0200: 66.949: [ParNew: 613379K->50502K(613440K), 0.0159381 secs] 629639K->66762K(2029056K), 0.0160021 secs] [Times: user=0.13 sys=0.00, real=0.02 secs] 
2020-09-29T18:29:24.039+0200: 67.017: [GC (Allocation Failure) 2020-09-29T18:29:24.039+0200: 67.017: [ParNew: 595846K->47078K(613440K), 0.0186546 secs] 612106K->63338K(2029056K), 0.0187084 secs] [Times: user=0.13 sys=0.00, real=0.02 secs] 
2020-09-29T18:29:24.109+0200: 67.087: [GC (Allocation Failure) 2020-09-29T18:29:24.109+0200: 67.088: [ParNew: 592422K->61856K(613440K), 0.0244905 secs] 608682K->78116K(2029056K), 0.0245678 secs] [Times: user=0.23 sys=0.00, real=0.02 secs] 
2020-09-29T18:29:24.182+0200: 67.161: [GC (Allocation Failure) 2020-09-29T18:29:24.182+0200: 67.161: [ParNew: 607200K->49268K(613440K), 0.0230784 secs] 623460K->65528K(2029056K), 0.0231421 secs] [Times: user=0.13 sys=0.00, real=0.02 secs] 
2020-09-29T18:29:24.258+0200: 67.237: [GC (Allocation Failure) 2020-09-29T18:29:24.258+0200: 67.237: [ParNew: 594612K->63240K(613440K), 0.0268880 secs] 610872K->79500K(2029056K), 0.0269547 secs] [Times: user=0.13 sys=0.00, real=0.03 secs] 
2020-09-29T18:29:24.337+0200: 67.316: [GC (Allocation Failure) 2020-09-29T18:29:24.337+0200: 67.316: [ParNew: 608584K->43623K(613440K), 0.0182276 secs] 624844K->59883K(2029056K), 0.0182923 secs] [Times: user=0.13 sys=0.00, real=0.02 secs] 
2020-09-29T18:29:24.406+0200: 67.385: [GC (Allocation Failure) 2020-09-29T18:29:24.406+0200: 67.385: [ParNew: 588967K->61021K(613440K), 0.0268056 secs] 605227K->77281K(2029056K), 0.0268829 secs] [Times: user=0.22 sys=0.00, real=0.03 secs] 
2020-09-29T18:29:24.485+0200: 67.464: [GC (Allocation Failure) 2020-09-29T18:29:24.485+0200: 67.464: [ParNew: 606365K->41537K(613440K), 0.0135735 secs] 622625K->57797K(2029056K), 0.0136338 secs] [Times: user=0.11 sys=0.00, real=0.01 secs] 
2020-09-29T18:29:24.550+0200: 67.529: [GC (Allocation Failure) 2020-09-29T18:29:24.550+0200: 67.529: [ParNew: 586881K->39243K(613440K), 0.0186678 secs] 603141K->55503K(2029056K), 0.0187692 secs] [Times: user=0.25 sys=0.00, real=0.02 secs] 
2020-09-29T18:29:24.624+0200: 67.603: [GC (Allocation Failure) 2020-09-29T18:29:24.624+0200: 67.603: [ParNew: 584587K->33253K(613440K), 0.0108741 secs] 600847K->49513K(2029056K), 0.0109473 secs] [Times: user=0.11 sys=0.00, real=0.01 secs] 
2020-09-29T18:29:24.692+0200: 67.671: [GC (Allocation Failure) 2020-09-29T18:29:24.692+0200: 67.671: [ParNew: 578597K->51107K(613440K), 0.0214632 secs] 594857K->67367K(2029056K), 0.0215237 secs] [Times: user=0.13 sys=0.00, real=0.02 secs] 
2020-09-29T18:29:24.764+0200: 67.743: [GC (Allocation Failure) 2020-09-29T18:29:24.765+0200: 67.743: [ParNew: 596451K->38061K(613440K), 0.0170691 secs] 612711K->54321K(2029056K), 0.0171711 secs] [Times: user=0.11 sys=0.00, real=0.02 secs] 
2020-09-29T18:29:24.852+0200: 67.830: [GC (Allocation Failure) 2020-09-29T18:29:24.852+0200: 67.830: [ParNew: 583405K->33350K(613440K), 0.0162160 secs] 599665K->49610K(2029056K), 0.0162874 secs] [Times: user=0.13 sys=0.00, real=0.02 secs] 
2020-09-29T18:29:24.925+0200: 67.903: [GC (Allocation Failure) 2020-09-29T18:29:24.925+0200: 67.903: [ParNew: 578694K->54689K(613440K), 0.0206770 secs] 594954K->70949K(2029056K), 0.0207424 secs] [Times: user=0.25 sys=0.00, real=0.02 secs] 
2020-09-29T18:29:24.994+0200: 67.972: [GC (Allocation Failure) 2020-09-29T18:29:24.994+0200: 67.972: [ParNew: 600033K->53125K(613440K), 0.0197856 secs] 616293K->69385K(2029056K), 0.0198422 secs] [Times: user=0.13 sys=0.00, real=0.02 secs] 
2020-09-29T18:29:25.062+0200: 68.041: [GC (Allocation Failure) 2020-09-29T18:29:25.062+0200: 68.041: [ParNew: 598469K->38552K(613440K), 0.0185281 secs] 614729K->54812K(2029056K), 0.0185850 secs] [Times: user=0.13 sys=0.00, real=0.02 secs] 
2020-09-29T18:29:25.130+0200: 68.109: [GC (Allocation Failure) 2020-09-29T18:29:25.130+0200: 68.109: [ParNew: 583896K->32342K(613440K), 0.0116274 secs] 600156K->48602K(2029056K), 0.0117057 secs] [Times: user=0.00 sys=0.00, real=0.01 secs] 
2020-09-29T18:29:25.194+0200: 68.172: [GC (Allocation Failure) 2020-09-29T18:29:25.194+0200: 68.172: [ParNew: 577686K->20166K(613440K), 0.0086934 secs] 593946K->36426K(2029056K), 0.0087568 secs] [Times: user=0.00 sys=0.00, real=0.01 secs] 
2020-09-29T18:29:25.253+0200: 68.231: [GC (Allocation Failure) 2020-09-29T18:29:25.253+0200: 68.231: [ParNew: 565510K->44649K(613440K), 0.0204899 secs] 581770K->60909K(2029056K), 0.0205579 secs] [Times: user=0.24 sys=0.00, real=0.02 secs] 
2020-09-29T18:29:25.327+0200: 68.305: [GC (Allocation Failure) 2020-09-29T18:29:25.327+0200: 68.305: [ParNew: 589993K->55510K(613440K), 0.0206810 secs] 606253K->71770K(2029056K), 0.0207915 secs] [Times: user=0.13 sys=0.00, real=0.02 secs] 
2020-09-29T18:29:25.402+0200: 68.381: [GC (Allocation Failure) 2020-09-29T18:29:25.402+0200: 68.381: [ParNew: 600854K->67088K(613440K), 0.0252600 secs] 617114K->83348K(2029056K), 0.0253512 secs] [Times: user=0.25 sys=0.00, real=0.03 secs] 
2020-09-29T18:29:25.480+0200: 68.458: [GC (Allocation Failure) 2020-09-29T18:29:25.480+0200: 68.458: [ParNew: 612432K->47878K(613440K), 0.0172452 secs] 628692K->64138K(2029056K), 0.0173212 secs] [Times: user=0.13 sys=0.00, real=0.02 secs] 
2020-09-29T18:29:25.546+0200: 68.524: [GC (Allocation Failure) 2020-09-29T18:29:25.546+0200: 68.524: [ParNew: 593222K->68096K(613440K), 0.0232962 secs] 609482K->84356K(2029056K), 0.0233698 secs] [Times: user=0.24 sys=0.00, real=0.02 secs] 
2020-09-29T18:29:25.623+0200: 68.601: [GC (Allocation Failure) 2020-09-29T18:29:25.623+0200: 68.601: [ParNew: 613440K->52186K(613440K), 0.0227617 secs] 629700K->68446K(2029056K), 0.0228638 secs] [Times: user=0.25 sys=0.00, real=0.02 secs] 
2020-09-29T18:29:25.696+0200: 68.674: [GC (Allocation Failure) 2020-09-29T18:29:25.696+0200: 68.674: [ParNew: 597530K->42389K(613440K), 0.0161769 secs] 613790K->58649K(2029056K), 0.0162403 secs] [Times: user=0.13 sys=0.00, real=0.02 secs] 
2020-09-29T18:29:25.766+0200: 68.745: [GC (Allocation Failure) 2020-09-29T18:29:25.766+0200: 68.745: [ParNew: 587733K->36325K(613440K), 0.0149737 secs] 603993K->52585K(2029056K), 0.0150442 secs] [Times: user=0.11 sys=0.00, real=0.01 secs] 
2020-09-29T18:29:25.837+0200: 68.815: [GC (Allocation Failure) 2020-09-29T18:29:25.837+0200: 68.815: [ParNew: 581669K->57726K(613440K), 0.0253245 secs] 597929K->73986K(2029056K), 0.0254222 secs] [Times: user=0.13 sys=0.00, real=0.03 secs] 
2020-09-29T18:29:25.919+0200: 68.897: [GC (Allocation Failure) 2020-09-29T18:29:25.919+0200: 68.897: [ParNew: 603070K->49768K(613440K), 0.0194786 secs] 619330K->66028K(2029056K), 0.0195439 secs] [Times: user=0.13 sys=0.00, real=0.02 secs] 
2020-09-29T18:29:25.991+0200: 68.969: [GC (Allocation Failure) 2020-09-29T18:29:25.991+0200: 68.969: [ParNew: 595112K->40817K(613440K), 0.0170448 secs] 611372K->57077K(2029056K), 0.0171081 secs] [Times: user=0.13 sys=0.00, real=0.02 secs] 
2020-09-29T18:29:26.058+0200: 69.037: [GC (Allocation Failure) 2020-09-29T18:29:26.058+0200: 69.037: [ParNew: 586161K->33375K(613440K), 0.0168937 secs] 602421K->49635K(2029056K), 0.0169610 secs] [Times: user=0.13 sys=0.00, real=0.02 secs] 
2020-09-29T18:29:26.128+0200: 69.107: [GC (Allocation Failure) 2020-09-29T18:29:26.128+0200: 69.107: [ParNew: 578719K->32312K(613440K), 0.0149768 secs] 594979K->48572K(2029056K), 0.0150338 secs] [Times: user=0.13 sys=0.00, real=0.01 secs] 
2020-09-29T18:29:26.195+0200: 69.174: [GC (Allocation Failure) 2020-09-29T18:29:26.195+0200: 69.174: [ParNew: 577656K->50070K(613440K), 0.0184830 secs] 593916K->66330K(2029056K), 0.0185496 secs] [Times: user=0.09 sys=0.00, real=0.02 secs] 
2020-09-29T18:29:26.264+0200: 69.243: [GC (Allocation Failure) 2020-09-29T18:29:26.264+0200: 69.243: [ParNew: 595414K->42253K(613440K), 0.0169329 secs] 611674K->58513K(2029056K), 0.0170013 secs] [Times: user=0.13 sys=0.00, real=0.02 secs] 
2020-09-29T18:29:26.331+0200: 69.309: [GC (Allocation Failure) 2020-09-29T18:29:26.331+0200: 69.309: [ParNew: 587597K->38320K(613440K), 0.0163885 secs] 603857K->54580K(2029056K), 0.0164668 secs] [Times: user=0.13 sys=0.00, real=0.02 secs] 
2020-09-29T18:29:26.405+0200: 69.384: [GC (Allocation Failure) 2020-09-29T18:29:26.405+0200: 69.384: [ParNew: 583664K->33907K(613440K), 0.0198659 secs] 599924K->50167K(2029056K), 0.0199315 secs] [Times: user=0.13 sys=0.00, real=0.02 secs] 
2020-09-29T18:29:26.481+0200: 69.460: [GC (Allocation Failure) 2020-09-29T18:29:26.481+0200: 69.460: [ParNew: 579251K->56264K(613440K), 0.0200026 secs] 595511K->72524K(2029056K), 0.0201070 secs] [Times: user=0.13 sys=0.00, real=0.02 secs] 
2020-09-29T18:29:26.549+0200: 69.527: [GC (Allocation Failure) 2020-09-29T18:29:26.549+0200: 69.527: [ParNew: 601608K->38162K(613440K), 0.0126230 secs] 617868K->54422K(2029056K), 0.0126990 secs] [Times: user=0.11 sys=0.00, real=0.01 secs] 
2020-09-29T18:29:26.620+0200: 69.598: [GC (Allocation Failure) 2020-09-29T18:29:26.620+0200: 69.599: [ParNew: 583506K->51181K(613440K), 0.0254933 secs] 599766K->67441K(2029056K), 0.0255847 secs] [Times: user=0.25 sys=0.00, real=0.03 secs] 
2020-09-29T18:29:26.697+0200: 69.676: [GC (Allocation Failure) 2020-09-29T18:29:26.697+0200: 69.676: [ParNew: 596525K->68096K(613440K), 0.0248556 secs] 612785K->84356K(2029056K), 0.0249219 secs] [Times: user=0.13 sys=0.00, real=0.02 secs] 
2020-09-29T18:29:26.774+0200: 69.752: [GC (Allocation Failure) 2020-09-29T18:29:26.774+0200: 69.753: [ParNew: 613440K->52080K(613440K), 0.0222127 secs] 629700K->68340K(2029056K), 0.0222858 secs] [Times: user=0.13 sys=0.00, real=0.02 secs] 
2020-09-29T18:29:26.846+0200: 69.825: [GC (Allocation Failure) 2020-09-29T18:29:26.846+0200: 69.825: [ParNew: 597424K->40606K(613440K), 0.0157045 secs] 613684K->56866K(2029056K), 0.0157633 secs] [Times: user=0.13 sys=0.00, real=0.02 secs] 
2020-09-29T18:29:26.921+0200: 69.899: [GC (Allocation Failure) 2020-09-29T18:29:26.921+0200: 69.899: [ParNew: 585950K->56806K(613440K), 0.0228784 secs] 602210K->73066K(2029056K), 0.0229564 secs] [Times: user=0.24 sys=0.00, real=0.02 secs] 
2020-09-29T18:29:26.997+0200: 69.975: [GC (Allocation Failure) 2020-09-29T18:29:26.997+0200: 69.975: [ParNew: 602150K->36331K(613440K), 0.0136401 secs] 618410K->52591K(2029056K), 0.0137016 secs] [Times: user=0.13 sys=0.00, real=0.01 secs] 
2020-09-29T18:29:27.067+0200: 70.045: [GC (Allocation Failure) 2020-09-29T18:29:27.067+0200: 70.045: [ParNew: 581675K->37851K(613440K), 0.0180050 secs] 597935K->54111K(2029056K), 0.0181062 secs] [Times: user=0.13 sys=0.00, real=0.02 secs] 
2020-09-29T18:29:27.133+0200: 70.112: [GC (Allocation Failure) 2020-09-29T18:29:27.133+0200: 70.112: [ParNew: 583195K->57037K(613440K), 0.0230636 secs] 599455K->73297K(2029056K), 0.0231493 secs] [Times: user=0.13 sys=0.00, real=0.02 secs] 
2020-09-29T18:29:27.205+0200: 70.183: [GC (Allocation Failure) 2020-09-29T18:29:27.205+0200: 70.183: [ParNew: 602381K->45507K(613440K), 0.0157003 secs] 618641K->61767K(2029056K), 0.0157730 secs] [Times: user=0.13 sys=0.00, real=0.02 secs] 
2020-09-29T18:29:27.271+0200: 70.249: [GC (Allocation Failure) 2020-09-29T18:29:27.271+0200: 70.249: [ParNew: 590851K->53953K(613440K), 0.0222687 secs] 607111K->70213K(2029056K), 0.0223443 secs] [Times: user=0.13 sys=0.00, real=0.02 secs] 
2020-09-29T18:29:27.346+0200: 70.325: [GC (Allocation Failure) 2020-09-29T18:29:27.346+0200: 70.325: [ParNew: 599297K->53775K(613440K), 0.0241019 secs] 615557K->70035K(2029056K), 0.0241732 secs] [Times: user=0.22 sys=0.00, real=0.02 secs] 
2020-09-29T18:29:27.427+0200: 70.406: [GC (Allocation Failure) 2020-09-29T18:29:27.427+0200: 70.406: [ParNew: 599119K->48695K(613440K), 0.0232862 secs] 615379K->64955K(2029056K), 0.0234106 secs] [Times: user=0.13 sys=0.00, real=0.02 secs] 
2020-09-29T18:29:27.510+0200: 70.489: [GC (Allocation Failure) 2020-09-29T18:29:27.510+0200: 70.489: [ParNew: 594039K->39517K(613440K), 0.0196340 secs] 610299K->55777K(2029056K), 0.0197148 secs] [Times: user=0.13 sys=0.00, real=0.02 secs] 
2020-09-29T18:29:27.583+0200: 70.561: [GC (Allocation Failure) 2020-09-29T18:29:27.583+0200: 70.561: [ParNew: 584861K->41100K(613440K), 0.0188777 secs] 601121K->57360K(2029056K), 0.0189527 secs] [Times: user=0.13 sys=0.00, real=0.02 secs] 
2020-09-29T18:29:27.659+0200: 70.638: [GC (Allocation Failure) 2020-09-29T18:29:27.659+0200: 70.638: [ParNew: 586444K->57657K(613440K), 0.0252635 secs] 602704K->73917K(2029056K), 0.0253478 secs] [Times: user=0.22 sys=0.00, real=0.03 secs] 
2020-09-29T18:29:27.732+0200: 70.711: [GC (Allocation Failure) 2020-09-29T18:29:27.732+0200: 70.711: [ParNew: 603001K->38770K(613440K), 0.0150698 secs] 619261K->55030K(2029056K), 0.0151335 secs] [Times: user=0.13 sys=0.00, real=0.01 secs] 
2020-09-29T18:29:27.797+0200: 70.775: [GC (Allocation Failure) 2020-09-29T18:29:27.797+0200: 70.775: [ParNew: 584114K->57846K(613440K), 0.0183632 secs] 600374K->74106K(2029056K), 0.0184253 secs] [Times: user=0.09 sys=0.01, real=0.02 secs] 
2020-09-29T18:29:27.867+0200: 70.846: [GC (Allocation Failure) 2020-09-29T18:29:27.867+0200: 70.846: [ParNew: 603190K->62432K(613440K), 0.0241308 secs] 619450K->78692K(2029056K), 0.0242020 secs] [Times: user=0.13 sys=0.00, real=0.02 secs] 
2020-09-29T18:29:27.941+0200: 70.919: [GC (Allocation Failure) 2020-09-29T18:29:27.941+0200: 70.919: [ParNew: 607776K->68096K(613440K), 0.0226575 secs] 624036K->84454K(2029056K), 0.0227386 secs] [Times: user=0.25 sys=0.00, real=0.02 secs] 
2020-09-29T18:29:28.012+0200: 70.990: [GC (Allocation Failure) 2020-09-29T18:29:28.012+0200: 70.990: [ParNew: 613440K->45636K(613440K), 0.0157077 secs] 629798K->61994K(2029056K), 0.0157744 secs] [Times: user=0.13 sys=0.00, real=0.02 secs] 
2020-09-29T18:29:28.082+0200: 71.061: [GC (Allocation Failure) 2020-09-29T18:29:28.082+0200: 71.061: [ParNew: 590980K->38713K(613440K), 0.0166372 secs] 607338K->55072K(2029056K), 0.0166965 secs] [Times: user=0.19 sys=0.00, real=0.02 secs] 
2020-09-29T18:29:28.150+0200: 71.128: [GC (Allocation Failure) 2020-09-29T18:29:28.150+0200: 71.128: [ParNew: 584057K->38212K(613440K), 0.0141911 secs] 600416K->54570K(2029056K), 0.0142673 secs] [Times: user=0.13 sys=0.00, real=0.01 secs] 
2020-09-29T18:29:28.217+0200: 71.196: [GC (Allocation Failure) 2020-09-29T18:29:28.217+0200: 71.196: [ParNew: 583556K->51129K(613440K), 0.0197926 secs] 599914K->67488K(2029056K), 0.0198757 secs] [Times: user=0.13 sys=0.00, real=0.02 secs] 
2020-09-29T18:29:28.295+0200: 71.274: [GC (Allocation Failure) 2020-09-29T18:29:28.295+0200: 71.274: [ParNew: 596473K->31004K(613440K), 0.0121129 secs] 612832K->47362K(2029056K), 0.0121826 secs] [Times: user=0.11 sys=0.00, real=0.01 secs] 
2020-09-29T18:29:28.361+0200: 71.340: [GC (Allocation Failure) 2020-09-29T18:29:28.361+0200: 71.340: [ParNew: 576348K->34375K(613440K), 0.0151550 secs] 592706K->50733K(2029056K), 0.0152129 secs] [Times: user=0.13 sys=0.00, real=0.02 secs] 
2020-09-29T18:29:28.428+0200: 71.407: [GC (Allocation Failure) 2020-09-29T18:29:28.428+0200: 71.407: [ParNew: 579719K->40535K(613440K), 0.0184455 secs] 596077K->56893K(2029056K), 0.0185196 secs] [Times: user=0.13 sys=0.00, real=0.02 secs] 
2020-09-29T18:29:28.496+0200: 71.474: [GC (Allocation Failure) 2020-09-29T18:29:28.496+0200: 71.474: [ParNew: 585879K->47967K(613440K), 0.0194885 secs] 602237K->64325K(2029056K), 0.0195509 secs] [Times: user=0.13 sys=0.00, real=0.02 secs] 
2020-09-29T18:29:28.568+0200: 71.546: [GC (Allocation Failure) 2020-09-29T18:29:28.568+0200: 71.546: [ParNew: 593311K->55688K(613440K), 0.0188165 secs] 609669K->72046K(2029056K), 0.0188956 secs] [Times: user=0.13 sys=0.00, real=0.02 secs] 
2020-09-29T18:29:28.639+0200: 71.617: [GC (Allocation Failure) 2020-09-29T18:29:28.639+0200: 71.617: [ParNew: 601032K->39392K(613440K), 0.0197546 secs] 617390K->55751K(2029056K), 0.0198200 secs] [Times: user=0.13 sys=0.00, real=0.02 secs] 
2020-09-29T18:29:28.713+0200: 71.691: [GC (Allocation Failure) 2020-09-29T18:29:28.713+0200: 71.691: [ParNew: 584736K->35922K(613440K), 0.0170567 secs] 601095K->52280K(2029056K), 0.0171355 secs] [Times: user=0.13 sys=0.00, real=0.02 secs] 
2020-09-29T18:29:28.784+0200: 71.763: [GC (Allocation Failure) 2020-09-29T18:29:28.784+0200: 71.763: [ParNew: 581266K->34027K(613440K), 0.0183778 secs] 597624K->50386K(2029056K), 0.0184371 secs] [Times: user=0.25 sys=0.00, real=0.02 secs] 
2020-09-29T18:29:28.858+0200: 71.836: [GC (Allocation Failure) 2020-09-29T18:29:28.858+0200: 71.836: [ParNew: 579371K->63835K(613440K), 0.0267721 secs] 595730K->80193K(2029056K), 0.0268592 secs] [Times: user=0.25 sys=0.00, real=0.03 secs] 
2020-09-29T18:29:28.932+0200: 71.911: [GC (Allocation Failure) 2020-09-29T18:29:28.932+0200: 71.911: [ParNew: 609179K->45720K(613440K), 0.0126361 secs] 625537K->62078K(2029056K), 0.0127010 secs] [Times: user=0.13 sys=0.00, real=0.01 secs] 
2020-09-29T18:29:28.995+0200: 71.974: [GC (Allocation Failure) 2020-09-29T18:29:28.995+0200: 71.974: [ParNew: 591064K->58204K(613440K), 0.0250208 secs] 607422K->74563K(2029056K), 0.0250974 secs] [Times: user=0.25 sys=0.00, real=0.03 secs] 
2020-09-29T18:29:29.071+0200: 72.049: [GC (Allocation Failure) 2020-09-29T18:29:29.071+0200: 72.049: [ParNew: 603548K->47229K(613440K), 0.0184804 secs] 619907K->63587K(2029056K), 0.0185603 secs] [Times: user=0.13 sys=0.00, real=0.02 secs] 
2020-09-29T18:29:29.149+0200: 72.128: [GC (Allocation Failure) 2020-09-29T18:29:29.149+0200: 72.128: [ParNew: 592573K->37694K(613440K), 0.0162421 secs] 608931K->54053K(2029056K), 0.0163083 secs] [Times: user=0.13 sys=0.00, real=0.02 secs] 
2020-09-29T18:29:29.217+0200: 72.195: [GC (Allocation Failure) 2020-09-29T18:29:29.217+0200: 72.195: [ParNew: 583038K->51756K(613440K), 0.0201399 secs] 599397K->68115K(2029056K), 0.0202159 secs] [Times: user=0.13 sys=0.00, real=0.02 secs] 
2020-09-29T18:29:29.289+0200: 72.268: [GC (Allocation Failure) 2020-09-29T18:29:29.289+0200: 72.268: [ParNew: 597100K->49934K(613440K), 0.0212917 secs] 613459K->66292K(2029056K), 0.0213637 secs] [Times: user=0.11 sys=0.00, real=0.02 secs] 
2020-09-29T18:29:29.367+0200: 72.346: [GC (Allocation Failure) 2020-09-29T18:29:29.367+0200: 72.346: [ParNew: 595278K->46731K(613440K), 0.0200659 secs] 611636K->63090K(2029056K), 0.0201366 secs] [Times: user=0.13 sys=0.00, real=0.02 secs] 
2020-09-29T18:29:29.440+0200: 72.419: [GC (Allocation Failure) 2020-09-29T18:29:29.440+0200: 72.419: [ParNew: 592075K->44087K(613440K), 0.0196006 secs] 608434K->60445K(2029056K), 0.0196727 secs] [Times: user=0.23 sys=0.00, real=0.02 secs] 
2020-09-29T18:29:29.511+0200: 72.489: [GC (Allocation Failure) 2020-09-29T18:29:29.511+0200: 72.489: [ParNew: 589431K->63619K(613440K), 0.0221726 secs] 605789K->79978K(2029056K), 0.0222413 secs] [Times: user=0.13 sys=0.00, real=0.02 secs] 
2020-09-29T18:29:29.582+0200: 72.561: [GC (Allocation Failure) 2020-09-29T18:29:29.582+0200: 72.561: [ParNew: 608963K->47321K(613440K), 0.0228756 secs] 625322K->63679K(2029056K), 0.0229768 secs] [Times: user=0.19 sys=0.00, real=0.02 secs] 
2020-09-29T18:29:29.659+0200: 72.637: [GC (Allocation Failure) 2020-09-29T18:29:29.659+0200: 72.637: [ParNew: 592665K->43978K(613440K), 0.0176291 secs] 609023K->60336K(2029056K), 0.0177062 secs] [Times: user=0.22 sys=0.02, real=0.02 secs] 
2020-09-29T18:29:29.731+0200: 72.710: [GC (Allocation Failure) 2020-09-29T18:29:29.731+0200: 72.710: [ParNew: 589322K->61055K(613440K), 0.0237689 secs] 605680K->77413K(2029056K), 0.0238636 secs] [Times: user=0.25 sys=0.00, real=0.02 secs] 
2020-09-29T18:29:29.820+0200: 72.798: [GC (Allocation Failure) 2020-09-29T18:29:29.820+0200: 72.798: [ParNew: 606399K->45183K(613440K), 0.0239458 secs] 622757K->61541K(2029056K), 0.0240553 secs] [Times: user=0.13 sys=0.00, real=0.02 secs] 
2020-09-29T18:29:29.908+0200: 72.887: [GC (Allocation Failure) 2020-09-29T18:29:29.908+0200: 72.887: [ParNew: 590527K->57868K(613440K), 0.0256178 secs] 606885K->74226K(2029056K), 0.0257005 secs] [Times: user=0.22 sys=0.00, real=0.03 secs] 
2020-09-29T18:29:29.988+0200: 72.966: [GC (Allocation Failure) 2020-09-29T18:29:29.988+0200: 72.966: [ParNew: 603212K->45833K(613440K), 0.0204176 secs] 619570K->62192K(2029056K), 0.0204971 secs] [Times: user=0.24 sys=0.00, real=0.02 secs] 
2020-09-29T18:29:30.063+0200: 73.041: [GC (Allocation Failure) 2020-09-29T18:29:30.063+0200: 73.041: [ParNew: 591177K->36653K(613440K), 0.0131871 secs] 607536K->53011K(2029056K), 0.0132704 secs] [Times: user=0.11 sys=0.00, real=0.01 secs] 
2020-09-29T18:29:30.142+0200: 73.121: [GC (Allocation Failure) 2020-09-29T18:29:30.142+0200: 73.121: [ParNew: 581997K->49294K(613440K), 0.0280837 secs] 598355K->65652K(2029056K), 0.0281805 secs] [Times: user=0.23 sys=0.00, real=0.03 secs] 
2020-09-29T18:29:30.222+0200: 73.200: [GC (Allocation Failure) 2020-09-29T18:29:30.222+0200: 73.200: [ParNew: 594638K->38382K(613440K), 0.0188440 secs] 610996K->54740K(2029056K), 0.0189477 secs] [Times: user=0.25 sys=0.00, real=0.02 secs] 
2020-09-29T18:29:30.303+0200: 73.281: [GC (Allocation Failure) 2020-09-29T18:29:30.303+0200: 73.281: [ParNew: 583726K->58359K(613440K), 0.0235350 secs] 600084K->74717K(2029056K), 0.0236267 secs] [Times: user=0.13 sys=0.00, real=0.02 secs] 
2020-09-29T18:29:30.391+0200: 73.369: [GC (Allocation Failure) 2020-09-29T18:29:30.391+0200: 73.370: [ParNew: 603703K->50145K(613440K), 0.0254057 secs] 620061K->66503K(2029056K), 0.0255687 secs] [Times: user=0.20 sys=0.00, real=0.03 secs] 
2020-09-29T18:29:30.487+0200: 73.465: [GC (Allocation Failure) 2020-09-29T18:29:30.487+0200: 73.465: [ParNew: 595489K->39690K(613440K), 0.0113166 secs] 611847K->56048K(2029056K), 0.0114326 secs] [Times: user=0.06 sys=0.00, real=0.01 secs] 
2020-09-29T18:29:30.575+0200: 73.553: [GC (Allocation Failure) 2020-09-29T18:29:30.575+0200: 73.553: [ParNew: 585034K->24250K(613440K), 0.0179665 secs] 601392K->40608K(2029056K), 0.0180756 secs] [Times: user=0.13 sys=0.00, real=0.02 secs] 
2020-09-29T18:29:30.667+0200: 73.646: [GC (Allocation Failure) 2020-09-29T18:29:30.667+0200: 73.646: [ParNew: 569594K->35208K(613440K), 0.0203998 secs] 585952K->51566K(2029056K), 0.0205438 secs] [Times: user=0.13 sys=0.00, real=0.02 secs] 
2020-09-29T18:29:30.743+0200: 73.722: [GC (Allocation Failure) 2020-09-29T18:29:30.743+0200: 73.722: [ParNew: 580552K->50613K(613440K), 0.0229848 secs] 596910K->66971K(2029056K), 0.0230595 secs] [Times: user=0.13 sys=0.00, real=0.02 secs] 
2020-09-29T18:29:30.819+0200: 73.797: [GC (Allocation Failure) 2020-09-29T18:29:30.819+0200: 73.797: [ParNew: 595957K->54166K(613440K), 0.0227995 secs] 612315K->70524K(2029056K), 0.0228962 secs] [Times: user=0.13 sys=0.00, real=0.02 secs] 
2020-09-29T18:29:30.897+0200: 73.875: [GC (Allocation Failure) 2020-09-29T18:29:30.897+0200: 73.875: [ParNew: 599510K->46680K(613440K), 0.0246915 secs] 615868K->63038K(2029056K), 0.0247922 secs] [Times: user=0.13 sys=0.00, real=0.02 secs] 
2020-09-29T18:29:30.972+0200: 73.950: [GC (Allocation Failure) 2020-09-29T18:29:30.972+0200: 73.950: [ParNew: 592024K->47844K(613440K), 0.0205842 secs] 608382K->64202K(2029056K), 0.0206560 secs] [Times: user=0.23 sys=0.00, real=0.02 secs] 
2020-09-29T18:29:31.042+0200: 74.021: [GC (Allocation Failure) 2020-09-29T18:29:31.042+0200: 74.021: [ParNew: 593188K->37547K(613440K), 0.0117876 secs] 609546K->53905K(2029056K), 0.0118488 secs] [Times: user=0.13 sys=0.00, real=0.01 secs] 
2020-09-29T18:29:31.107+0200: 74.085: [GC (Allocation Failure) 2020-09-29T18:29:31.107+0200: 74.085: [ParNew: 582891K->37430K(613440K), 0.0175847 secs] 599249K->53789K(2029056K), 0.0176572 secs] [Times: user=0.13 sys=0.00, real=0.02 secs] 
2020-09-29T18:29:31.174+0200: 74.153: [GC (Allocation Failure) 2020-09-29T18:29:31.174+0200: 74.153: [ParNew: 582774K->31990K(613440K), 0.0165218 secs] 599133K->48348K(2029056K), 0.0166069 secs] [Times: user=0.13 sys=0.00, real=0.02 secs] 
2020-09-29T18:29:31.244+0200: 74.222: [GC (Allocation Failure) 2020-09-29T18:29:31.244+0200: 74.222: [ParNew: 577334K->28101K(613440K), 0.0144463 secs] 593692K->44460K(2029056K), 0.0145410 secs] [Times: user=0.13 sys=0.00, real=0.01 secs] 
2020-09-29T18:29:31.307+0200: 74.285: [GC (Allocation Failure) 2020-09-29T18:29:31.307+0200: 74.285: [ParNew: 573445K->60642K(613440K), 0.0238101 secs] 589804K->77000K(2029056K), 0.0238707 secs] [Times: user=0.13 sys=0.00, real=0.02 secs] 
2020-09-29T18:29:31.385+0200: 74.363: [GC (Allocation Failure) 2020-09-29T18:29:31.385+0200: 74.363: [ParNew: 605986K->51310K(613440K), 0.0208002 secs] 622344K->67668K(2029056K), 0.0209036 secs] [Times: user=0.11 sys=0.00, real=0.02 secs] 
2020-09-29T18:29:31.467+0200: 74.445: [GC (Allocation Failure) 2020-09-29T18:29:31.467+0200: 74.445: [ParNew: 596654K->43429K(613440K), 0.0252236 secs] 613012K->59788K(2029056K), 0.0252917 secs] [Times: user=0.22 sys=0.00, real=0.03 secs] 
2020-09-29T18:29:31.543+0200: 74.522: [GC (Allocation Failure) 2020-09-29T18:29:31.543+0200: 74.522: [ParNew: 588773K->42332K(613440K), 0.0182562 secs] 605132K->58690K(2029056K), 0.0183438 secs] [Times: user=0.13 sys=0.00, real=0.02 secs] 
2020-09-29T18:29:31.614+0200: 74.592: [GC (Allocation Failure) 2020-09-29T18:29:31.614+0200: 74.592: [ParNew: 587676K->37910K(613440K), 0.0178384 secs] 604034K->54269K(2029056K), 0.0179257 secs] [Times: user=0.13 sys=0.00, real=0.02 secs] 
2020-09-29T18:29:31.690+0200: 74.669: [GC (Allocation Failure) 2020-09-29T18:29:31.690+0200: 74.669: [ParNew: 583254K->31721K(613440K), 0.0175747 secs] 599613K->48079K(2029056K), 0.0176799 secs] [Times: user=0.24 sys=0.00, real=0.02 secs] 
2020-09-29T18:29:31.762+0200: 74.741: [GC (Allocation Failure) 2020-09-29T18:29:31.762+0200: 74.741: [ParNew: 577065K->49597K(613440K), 0.0223534 secs] 593423K->65956K(2029056K), 0.0224238 secs] [Times: user=0.11 sys=0.00, real=0.02 secs] 
2020-09-29T18:29:31.840+0200: 74.818: [GC (Allocation Failure) 2020-09-29T18:29:31.840+0200: 74.818: [ParNew: 594941K->49157K(613440K), 0.0196155 secs] 611300K->65516K(2029056K), 0.0196752 secs] [Times: user=0.13 sys=0.00, real=0.02 secs] 
2020-09-29T18:29:31.910+0200: 74.888: [GC (Allocation Failure) 2020-09-29T18:29:31.910+0200: 74.888: [ParNew: 594501K->42504K(613440K), 0.0173294 secs] 610860K->58862K(2029056K), 0.0173942 secs] [Times: user=0.25 sys=0.00, real=0.02 secs] 
2020-09-29T18:29:31.991+0200: 74.970: [GC (Allocation Failure) 2020-09-29T18:29:31.991+0200: 74.970: [ParNew: 587848K->38731K(613440K), 0.0184709 secs] 604206K->55089K(2029056K), 0.0185434 secs] [Times: user=0.13 sys=0.00, real=0.02 secs] 
2020-09-29T18:29:32.065+0200: 75.043: [GC (Allocation Failure) 2020-09-29T18:29:32.065+0200: 75.043: [ParNew: 584075K->34537K(613440K), 0.0166992 secs] 600433K->50895K(2029056K), 0.0167579 secs] [Times: user=0.09 sys=0.02, real=0.02 secs] 
2020-09-29T18:29:32.132+0200: 75.111: [GC (Allocation Failure) 2020-09-29T18:29:32.132+0200: 75.111: [ParNew: 579881K->56593K(613440K), 0.0220521 secs] 596239K->72952K(2029056K), 0.0221305 secs] [Times: user=0.13 sys=0.00, real=0.02 secs] 
2020-09-29T18:29:32.204+0200: 75.182: [GC (Allocation Failure) 2020-09-29T18:29:32.204+0200: 75.182: [ParNew: 601937K->53487K(613440K), 0.0202230 secs] 618296K->69845K(2029056K), 0.0202850 secs] [Times: user=0.25 sys=0.00, real=0.02 secs] 
2020-09-29T18:29:32.273+0200: 75.252: [GC (Allocation Failure) 2020-09-29T18:29:32.273+0200: 75.252: [ParNew: 598831K->45313K(613440K), 0.0186322 secs] 615189K->61671K(2029056K), 0.0186985 secs] [Times: user=0.13 sys=0.00, real=0.02 secs] 
2020-09-29T18:29:32.341+0200: 75.320: [GC (Allocation Failure) 2020-09-29T18:29:32.341+0200: 75.320: [ParNew: 590657K->35017K(613440K), 0.0121168 secs] 607015K->51375K(2029056K), 0.0121758 secs] [Times: user=0.13 sys=0.00, real=0.01 secs] 
2020-09-29T18:29:32.411+0200: 75.389: [GC (Allocation Failure) 2020-09-29T18:29:32.411+0200: 75.389: [ParNew: 580361K->55348K(613440K), 0.0302657 secs] 596719K->71706K(2029056K), 0.0303440 secs] [Times: user=0.11 sys=0.00, real=0.03 secs] 
2020-09-29T18:29:32.498+0200: 75.477: [GC (Allocation Failure) 2020-09-29T18:29:32.498+0200: 75.477: [ParNew: 600692K->42111K(613440K), 0.0201567 secs] 617050K->58469K(2029056K), 0.0202393 secs] [Times: user=0.13 sys=0.00, real=0.02 secs] 
2020-09-29T18:29:32.577+0200: 75.556: [GC (Allocation Failure) 2020-09-29T18:29:32.577+0200: 75.556: [ParNew: 587455K->38653K(613440K), 0.0174201 secs] 603813K->55011K(2029056K), 0.0175116 secs] [Times: user=0.13 sys=0.00, real=0.02 secs] 
2020-09-29T18:29:32.647+0200: 75.626: [GC (Allocation Failure) 2020-09-29T18:29:32.647+0200: 75.626: [ParNew: 583997K->67777K(613440K), 0.0280398 secs] 600355K->84135K(2029056K), 0.0281501 secs] [Times: user=0.13 sys=0.00, real=0.03 secs] 
2020-09-29T18:29:32.724+0200: 75.703: [GC (Allocation Failure) 2020-09-29T18:29:32.724+0200: 75.703: [ParNew: 613121K->60145K(613440K), 0.0200645 secs] 629479K->76504K(2029056K), 0.0201332 secs] [Times: user=0.13 sys=0.00, real=0.02 secs] 
2020-09-29T18:29:32.794+0200: 75.773: [GC (Allocation Failure) 2020-09-29T18:29:32.795+0200: 75.773: [ParNew: 605489K->51528K(613440K), 0.0194983 secs] 621848K->67886K(2029056K), 0.0196292 secs] [Times: user=0.13 sys=0.00, real=0.02 secs] 
2020-09-29T18:29:32.868+0200: 75.847: [GC (Allocation Failure) 2020-09-29T18:29:32.868+0200: 75.847: [ParNew: 596872K->39415K(613440K), 0.0111747 secs] 613230K->55773K(2029056K), 0.0112396 secs] [Times: user=0.13 sys=0.00, real=0.01 secs] 
2020-09-29T18:29:32.935+0200: 75.914: [GC (Allocation Failure) 2020-09-29T18:29:32.935+0200: 75.914: [ParNew: 584759K->21968K(613440K), 0.0091545 secs] 601117K->38326K(2029056K), 0.0092196 secs] [Times: user=0.13 sys=0.00, real=0.01 secs] 
2020-09-29T18:29:32.998+0200: 75.976: [GC (Allocation Failure) 2020-09-29T18:29:32.998+0200: 75.976: [ParNew: 567312K->43997K(613440K), 0.0199725 secs] 583670K->60355K(2029056K), 0.0201043 secs] [Times: user=0.13 sys=0.00, real=0.02 secs] 
2020-09-29T18:29:33.073+0200: 76.051: [GC (Allocation Failure) 2020-09-29T18:29:33.073+0200: 76.051: [ParNew: 589341K->55491K(613440K), 0.0189817 secs] 605699K->71850K(2029056K), 0.0190564 secs] [Times: user=0.13 sys=0.00, real=0.02 secs] 
2020-09-29T18:29:33.145+0200: 76.124: [GC (Allocation Failure) 2020-09-29T18:29:33.145+0200: 76.124: [ParNew: 600835K->68096K(613440K), 0.0248992 secs] 617194K->84454K(2029056K), 0.0249564 secs] [Times: user=0.17 sys=0.00, real=0.03 secs] 
2020-09-29T18:29:33.220+0200: 76.198: [GC (Allocation Failure) 2020-09-29T18:29:33.220+0200: 76.198: [ParNew: 613440K->50909K(613440K), 0.0203015 secs] 629798K->67267K(2029056K), 0.0203984 secs] [Times: user=0.23 sys=0.00, real=0.02 secs] 
2020-09-29T18:29:33.301+0200: 76.279: [GC (Allocation Failure) 2020-09-29T18:29:33.301+0200: 76.279: [ParNew: 596253K->42034K(613440K), 0.0191975 secs] 612611K->58393K(2029056K), 0.0192622 secs] [Times: user=0.23 sys=0.00, real=0.02 secs] 
2020-09-29T18:29:33.369+0200: 76.347: [GC (Allocation Failure) 2020-09-29T18:29:33.369+0200: 76.347: [ParNew: 587378K->63023K(613440K), 0.0221051 secs] 603737K->79382K(2029056K), 0.0221773 secs] [Times: user=0.13 sys=0.00, real=0.02 secs] 
2020-09-29T18:29:33.444+0200: 76.422: [GC (Allocation Failure) 2020-09-29T18:29:33.444+0200: 76.422: [ParNew: 608367K->53495K(613440K), 0.0232608 secs] 624726K->69853K(2029056K), 0.0233279 secs] [Times: user=0.13 sys=0.00, real=0.02 secs] 
2020-09-29T18:29:33.517+0200: 76.495: [GC (Allocation Failure) 2020-09-29T18:29:33.517+0200: 76.495: [ParNew: 598839K->68096K(613440K), 0.0259521 secs] 615197K->85758K(2029056K), 0.0260160 secs] [Times: user=0.25 sys=0.00, real=0.03 secs] 
2020-09-29T18:29:33.596+0200: 76.574: [GC (Allocation Failure) 2020-09-29T18:29:33.596+0200: 76.574: [ParNew: 613440K->49240K(613440K), 0.0162068 secs] 631102K->66903K(2029056K), 0.0162705 secs] [Times: user=0.11 sys=0.00, real=0.02 secs] 
2020-09-29T18:29:33.663+0200: 76.641: [GC (Allocation Failure) 2020-09-29T18:29:33.663+0200: 76.641: [ParNew: 594584K->49685K(613440K), 0.0202940 secs] 612247K->67348K(2029056K), 0.0203800 secs] [Times: user=0.13 sys=0.00, real=0.02 secs] 
2020-09-29T18:29:33.740+0200: 76.718: [GC (Allocation Failure) 2020-09-29T18:29:33.740+0200: 76.718: [ParNew: 595029K->44139K(613440K), 0.0198841 secs] 612692K->61802K(2029056K), 0.0199552 secs] [Times: user=0.13 sys=0.00, real=0.02 secs] 
2020-09-29T18:29:33.820+0200: 76.798: [GC (Allocation Failure) 2020-09-29T18:29:33.820+0200: 76.798: [ParNew: 589483K->34092K(613440K), 0.0143388 secs] 607146K->51754K(2029056K), 0.0144251 secs] [Times: user=0.13 sys=0.00, real=0.02 secs] 
2020-09-29T18:29:33.884+0200: 76.862: [GC (Allocation Failure) 2020-09-29T18:29:33.884+0200: 76.862: [ParNew: 579436K->34513K(613440K), 0.0169353 secs] 597098K->52176K(2029056K), 0.0170070 secs] [Times: user=0.13 sys=0.00, real=0.02 secs] 
2020-09-29T18:29:33.951+0200: 76.929: [GC (Allocation Failure) 2020-09-29T18:29:33.951+0200: 76.929: [ParNew: 579857K->51314K(613440K), 0.0227890 secs] 597520K->68977K(2029056K), 0.0228770 secs] [Times: user=0.25 sys=0.00, real=0.02 secs] 
2020-09-29T18:29:34.025+0200: 77.003: [GC (Allocation Failure) 2020-09-29T18:29:34.025+0200: 77.003: [ParNew: 596658K->58725K(613440K), 0.0201876 secs] 614321K->76387K(2029056K), 0.0202444 secs] [Times: user=0.13 sys=0.00, real=0.02 secs] 
2020-09-29T18:29:34.095+0200: 77.074: [GC (Allocation Failure) 2020-09-29T18:29:34.095+0200: 77.074: [ParNew: 604069K->68096K(613440K), 0.0242589 secs] 621731K->86025K(2029056K), 0.0243219 secs] [Times: user=0.23 sys=0.00, real=0.02 secs] 
2020-09-29T18:29:34.168+0200: 77.146: [GC (Allocation Failure) 2020-09-29T18:29:34.168+0200: 77.146: [ParNew: 613440K->61270K(613440K), 0.0242854 secs] 631369K->79200K(2029056K), 0.0243611 secs] [Times: user=0.25 sys=0.00, real=0.02 secs] 
2020-09-29T18:29:34.241+0200: 77.219: [GC (Allocation Failure) 2020-09-29T18:29:34.241+0200: 77.219: [ParNew: 606614K->52169K(613440K), 0.0179612 secs] 624544K->70099K(2029056K), 0.0180383 secs] [Times: user=0.13 sys=0.00, real=0.02 secs] 
2020-09-29T18:29:34.314+0200: 77.292: [GC (Allocation Failure) 2020-09-29T18:29:34.314+0200: 77.292: [ParNew: 597513K->48366K(613440K), 0.0200830 secs] 615443K->66295K(2029056K), 0.0201622 secs] [Times: user=0.23 sys=0.00, real=0.02 secs] 
2020-09-29T18:29:34.384+0200: 77.362: [GC (Allocation Failure) 2020-09-29T18:29:34.384+0200: 77.362: [ParNew: 593710K->34586K(613440K), 0.0185209 secs] 611639K->52516K(2029056K), 0.0254992 secs] [Times: user=0.13 sys=0.00, real=0.03 secs] 
2020-09-29T18:29:34.461+0200: 77.439: [GC (Allocation Failure) 2020-09-29T18:29:34.461+0200: 77.439: [ParNew: 579930K->56374K(613440K), 0.0228104 secs] 597860K->74303K(2029056K), 0.0228761 secs] [Times: user=0.13 sys=0.00, real=0.02 secs] 
2020-09-29T18:29:34.532+0200: 77.511: [GC (Allocation Failure) 2020-09-29T18:29:34.533+0200: 77.511: [ParNew: 601718K->38187K(613440K), 0.0146088 secs] 619647K->56116K(2029056K), 0.0146804 secs] [Times: user=0.13 sys=0.00, real=0.01 secs] 
2020-09-29T18:29:34.598+0200: 77.576: [GC (Allocation Failure) 2020-09-29T18:29:34.598+0200: 77.576: [ParNew: 583531K->22180K(613440K), 0.0134136 secs] 601460K->40110K(2029056K), 0.0134841 secs] [Times: user=0.11 sys=0.00, real=0.01 secs] 
2020-09-29T18:29:34.665+0200: 77.644: [GC (Allocation Failure) 2020-09-29T18:29:34.665+0200: 77.644: [ParNew: 567524K->40380K(613440K), 0.0174852 secs] 585454K->58310K(2029056K), 0.0175501 secs] [Times: user=0.13 sys=0.00, real=0.02 secs] 
2020-09-29T18:29:34.733+0200: 77.711: [GC (Allocation Failure) 2020-09-29T18:29:34.733+0200: 77.711: [ParNew: 585724K->53533K(613440K), 0.0205387 secs] 603654K->71462K(2029056K), 0.0206098 secs] [Times: user=0.11 sys=0.00, real=0.02 secs] 
2020-09-29T18:29:34.802+0200: 77.781: [GC (Allocation Failure) 2020-09-29T18:29:34.802+0200: 77.781: [ParNew: 598877K->38840K(613440K), 0.0146365 secs] 616806K->56769K(2029056K), 0.0146944 secs] [Times: user=0.11 sys=0.00, real=0.01 secs] 
2020-09-29T18:29:34.875+0200: 77.853: [GC (Allocation Failure) 2020-09-29T18:29:34.875+0200: 77.853: [ParNew: 584184K->34100K(613440K), 0.0168490 secs] 602113K->52029K(2029056K), 0.0169212 secs] [Times: user=0.11 sys=0.00, real=0.02 secs] 
2020-09-29T18:29:34.947+0200: 77.925: [GC (Allocation Failure) 2020-09-29T18:29:34.947+0200: 77.925: [ParNew: 579444K->57227K(613440K), 0.0250204 secs] 597373K->75156K(2029056K), 0.0251005 secs] [Times: user=0.13 sys=0.00, real=0.02 secs] 
2020-09-29T18:29:35.021+0200: 77.999: [GC (Allocation Failure) 2020-09-29T18:29:35.021+0200: 77.999: [ParNew: 602571K->51204K(613440K), 0.0194614 secs] 620500K->69134K(2029056K), 0.0195235 secs] [Times: user=0.13 sys=0.00, real=0.02 secs] 
2020-09-29T18:29:35.091+0200: 78.069: [GC (Allocation Failure) 2020-09-29T18:29:35.091+0200: 78.069: [ParNew: 596548K->68096K(613440K), 0.0229899 secs] 614478K->86286K(2029056K), 0.0230613 secs] [Times: user=0.22 sys=0.02, real=0.02 secs] 
2020-09-29T18:29:35.163+0200: 78.141: [GC (Allocation Failure) 2020-09-29T18:29:35.163+0200: 78.141: [ParNew: 613440K->46661K(613440K), 0.0166312 secs] 631630K->64851K(2029056K), 0.0166902 secs] [Times: user=0.13 sys=0.00, real=0.02 secs] 
2020-09-29T18:29:35.229+0200: 78.207: [GC (Allocation Failure) 2020-09-29T18:29:35.229+0200: 78.207: [ParNew: 592005K->38738K(613440K), 0.0155710 secs] 610195K->56928K(2029056K), 0.0156524 secs] [Times: user=0.11 sys=0.00, real=0.01 secs] 
2020-09-29T18:29:35.299+0200: 78.277: [GC (Allocation Failure) 2020-09-29T18:29:35.299+0200: 78.277: [ParNew: 584082K->33428K(613440K), 0.0141341 secs] 602272K->51618K(2029056K), 0.0141915 secs] [Times: user=0.13 sys=0.00, real=0.01 secs] 
2020-09-29T18:29:35.369+0200: 78.348: [GC (Allocation Failure) 2020-09-29T18:29:35.370+0200: 78.348: [ParNew: 578772K->60066K(613440K), 0.0276247 secs] 596962K->78256K(2029056K), 0.0277848 secs] [Times: user=0.23 sys=0.00, real=0.03 secs] 
2020-09-29T18:29:35.452+0200: 78.430: [GC (Allocation Failure) 2020-09-29T18:29:35.452+0200: 78.430: [ParNew: 605410K->44949K(613440K), 0.0125648 secs] 623600K->63139K(2029056K), 0.0126361 secs] [Times: user=0.13 sys=0.00, real=0.01 secs] 
2020-09-29T18:29:35.514+0200: 78.492: [GC (Allocation Failure) 2020-09-29T18:29:35.514+0200: 78.492: [ParNew: 590293K->33470K(613440K), 0.0183894 secs] 608483K->51660K(2029056K), 0.0184613 secs] [Times: user=0.13 sys=0.00, real=0.02 secs] 
2020-09-29T18:29:35.585+0200: 78.564: [GC (Allocation Failure) 2020-09-29T18:29:35.586+0200: 78.564: [ParNew: 578814K->49936K(613440K), 0.0217202 secs] 597004K->68126K(2029056K), 0.0218166 secs] [Times: user=0.11 sys=0.00, real=0.02 secs] 
2020-09-29T18:29:35.657+0200: 78.635: [GC (Allocation Failure) 2020-09-29T18:29:35.657+0200: 78.636: [ParNew: 595280K->59533K(613440K), 0.0221210 secs] 613470K->77724K(2029056K), 0.0221883 secs] [Times: user=0.23 sys=0.00, real=0.02 secs] 
2020-09-29T18:29:35.737+0200: 78.715: [GC (Allocation Failure) 2020-09-29T18:29:35.737+0200: 78.715: [ParNew: 604877K->45718K(613440K), 0.0222875 secs] 623068K->63908K(2029056K), 0.0223659 secs] [Times: user=0.24 sys=0.00, real=0.02 secs] 
2020-09-29T18:29:35.815+0200: 78.794: [GC (Allocation Failure) 2020-09-29T18:29:35.815+0200: 78.794: [ParNew: 591062K->68096K(613440K), 0.0266324 secs] 609252K->86495K(2029056K), 0.0267152 secs] [Times: user=0.20 sys=0.00, real=0.03 secs] 
2020-09-29T18:29:35.897+0200: 78.875: [GC (Allocation Failure) 2020-09-29T18:29:35.897+0200: 78.875: [ParNew: 613440K->68096K(613440K), 0.0296506 secs] 631839K->86495K(2029056K), 0.0297214 secs] [Times: user=0.11 sys=0.01, real=0.03 secs] 
2020-09-29T18:29:35.976+0200: 78.955: [GC (Allocation Failure) 2020-09-29T18:29:35.976+0200: 78.955: [ParNew: 613440K->62858K(613440K), 0.0242563 secs] 631839K->81258K(2029056K), 0.0243313 secs] [Times: user=0.11 sys=0.00, real=0.02 secs] 
2020-09-29T18:29:36.048+0200: 79.027: [GC (Allocation Failure) 2020-09-29T18:29:36.048+0200: 79.027: [ParNew: 608202K->51337K(613440K), 0.0175110 secs] 626602K->69737K(2029056K), 0.0175999 secs] [Times: user=0.13 sys=0.00, real=0.02 secs] 
2020-09-29T18:29:36.115+0200: 79.094: [GC (Allocation Failure) 2020-09-29T18:29:36.115+0200: 79.094: [ParNew: 596681K->50740K(613440K), 0.0216226 secs] 615081K->69140K(2029056K), 0.0216973 secs] [Times: user=0.13 sys=0.00, real=0.02 secs] 
2020-09-29T18:29:36.186+0200: 79.164: [GC (Allocation Failure) 2020-09-29T18:29:36.186+0200: 79.164: [ParNew: 596084K->41801K(613440K), 0.0149856 secs] 614484K->60201K(2029056K), 0.0150537 secs] [Times: user=0.13 sys=0.00, real=0.01 secs] 
2020-09-29T18:29:36.251+0200: 79.229: [GC (Allocation Failure) 2020-09-29T18:29:36.251+0200: 79.229: [ParNew: 587145K->26121K(613440K), 0.0122990 secs] 605545K->44521K(2029056K), 0.0123754 secs] [Times: user=0.13 sys=0.00, real=0.01 secs] 
2020-09-29T18:29:36.313+0200: 79.291: [GC (Allocation Failure) 2020-09-29T18:29:36.313+0200: 79.291: [ParNew: 571465K->56858K(613440K), 0.0232920 secs] 589865K->75258K(2029056K), 0.0233706 secs] [Times: user=0.22 sys=0.00, real=0.02 secs] 
2020-09-29T18:29:36.386+0200: 79.364: [GC (Allocation Failure) 2020-09-29T18:29:36.386+0200: 79.364: [ParNew: 602202K->68096K(613440K), 0.0231804 secs] 620602K->86568K(2029056K), 0.0232603 secs] [Times: user=0.13 sys=0.00, real=0.02 secs] 
2020-09-29T18:29:36.469+0200: 79.447: [GC (Allocation Failure) 2020-09-29T18:29:36.469+0200: 79.447: [ParNew: 613440K->50464K(613440K), 0.0204751 secs] 631912K->68937K(2029056K), 0.0205480 secs] [Times: user=0.23 sys=0.00, real=0.02 secs] 
2020-09-29T18:29:36.547+0200: 79.525: [GC (Allocation Failure) 2020-09-29T18:29:36.547+0200: 79.525: [ParNew: 595808K->49419K(613440K), 0.0213851 secs] 614281K->67891K(2029056K), 0.0214677 secs] [Times: user=0.23 sys=0.00, real=0.02 secs] 
2020-09-29T18:29:36.618+0200: 79.597: [GC (Allocation Failure) 2020-09-29T18:29:36.618+0200: 79.597: [ParNew: 594763K->55516K(613440K), 0.0204728 secs] 613235K->73989K(2029056K), 0.0205453 secs] [Times: user=0.13 sys=0.00, real=0.02 secs] 
2020-09-29T18:29:36.690+0200: 79.668: [GC (Allocation Failure) 2020-09-29T18:29:36.690+0200: 79.668: [ParNew: 600860K->68096K(613440K), 0.0246238 secs] 619333K->86568K(2029056K), 0.0247286 secs] [Times: user=0.23 sys=0.02, real=0.02 secs] 
2020-09-29T18:29:36.763+0200: 79.742: [GC (Allocation Failure) 2020-09-29T18:29:36.763+0200: 79.742: [ParNew: 613440K->52838K(613440K), 0.0182983 secs] 631912K->71310K(2029056K), 0.0183824 secs] [Times: user=0.13 sys=0.00, real=0.02 secs] 
2020-09-29T18:29:36.830+0200: 79.808: [GC (Allocation Failure) 2020-09-29T18:29:36.830+0200: 79.808: [ParNew: 598182K->68096K(613440K), 0.0223478 secs] 616654K->86594K(2029056K), 0.0224045 secs] [Times: user=0.22 sys=0.00, real=0.02 secs] 
2020-09-29T18:29:36.901+0200: 79.879: [GC (Allocation Failure) 2020-09-29T18:29:36.901+0200: 79.879: [ParNew: 613440K->41797K(613440K), 0.0157617 secs] 631938K->60296K(2029056K), 0.0158184 secs] [Times: user=0.13 sys=0.00, real=0.02 secs] 
2020-09-29T18:29:36.973+0200: 79.951: [GC (Allocation Failure) 2020-09-29T18:29:36.973+0200: 79.951: [ParNew: 587141K->61282K(613440K), 0.0232096 secs] 605640K->79781K(2029056K), 0.0232789 secs] [Times: user=0.23 sys=0.00, real=0.02 secs] 
2020-09-29T18:29:37.047+0200: 80.025: [GC (Allocation Failure) 2020-09-29T18:29:37.047+0200: 80.025: [ParNew: 606626K->51942K(613440K), 0.0206998 secs] 625125K->70441K(2029056K), 0.0207602 secs] [Times: user=0.25 sys=0.00, real=0.02 secs] 
2020-09-29T18:29:37.118+0200: 80.097: [GC (Allocation Failure) 2020-09-29T18:29:37.118+0200: 80.097: [ParNew: 597286K->48726K(613440K), 0.0185776 secs] 615785K->67225K(2029056K), 0.0262482 secs] [Times: user=0.13 sys=0.00, real=0.03 secs] 
2020-09-29T18:29:37.197+0200: 80.175: [GC (Allocation Failure) 2020-09-29T18:29:37.197+0200: 80.175: [ParNew: 594070K->42115K(613440K), 0.0189724 secs] 612569K->60613K(2029056K), 0.0190448 secs] [Times: user=0.13 sys=0.00, real=0.02 secs] 
2020-09-29T18:29:37.267+0200: 80.245: [GC (Allocation Failure) 2020-09-29T18:29:37.267+0200: 80.245: [ParNew: 587459K->39918K(613440K), 0.0165566 secs] 605957K->58417K(2029056K), 0.0166160 secs] [Times: user=0.13 sys=0.00, real=0.02 secs] 
2020-09-29T18:29:37.336+0200: 80.314: [GC (Allocation Failure) 2020-09-29T18:29:37.336+0200: 80.314: [ParNew: 585262K->62097K(613440K), 0.0222332 secs] 603761K->80596K(2029056K), 0.0222950 secs] [Times: user=0.13 sys=0.00, real=0.02 secs] 
2020-09-29T18:29:37.409+0200: 80.388: [GC (Allocation Failure) 2020-09-29T18:29:37.409+0200: 80.388: [ParNew: 607441K->68096K(613440K), 0.0256721 secs] 625940K->86594K(2029056K), 0.0257520 secs] [Times: user=0.22 sys=0.00, real=0.03 secs] 
2020-09-29T18:29:37.489+0200: 80.467: [GC (Allocation Failure) 2020-09-29T18:29:37.489+0200: 80.467: [ParNew: 613440K->48123K(613440K), 0.0232458 secs] 631938K->66622K(2029056K), 0.0233780 secs] [Times: user=0.11 sys=0.00, real=0.02 secs] 
2020-09-29T18:29:37.564+0200: 80.542: [GC (Allocation Failure) 2020-09-29T18:29:37.564+0200: 80.542: [ParNew: 593467K->46967K(613440K), 0.0191186 secs] 611966K->65466K(2029056K), 0.0192185 secs] [Times: user=0.23 sys=0.00, real=0.02 secs] 
2020-09-29T18:29:37.636+0200: 80.615: [GC (Allocation Failure) 2020-09-29T18:29:37.636+0200: 80.615: [ParNew: 592311K->42237K(613440K), 0.0189939 secs] 610810K->60736K(2029056K), 0.0190829 secs] [Times: user=0.13 sys=0.00, real=0.02 secs] 
2020-09-29T18:29:37.710+0200: 80.689: [GC (Allocation Failure) 2020-09-29T18:29:37.710+0200: 80.689: [ParNew: 587581K->37791K(613440K), 0.0177754 secs] 606080K->56290K(2029056K), 0.0178374 secs] [Times: user=0.13 sys=0.00, real=0.02 secs] 
2020-09-29T18:29:37.777+0200: 80.756: [GC (Allocation Failure) 2020-09-29T18:29:37.777+0200: 80.756: [ParNew: 583135K->61675K(613440K), 0.0214030 secs] 601634K->80174K(2029056K), 0.0214829 secs] [Times: user=0.13 sys=0.00, real=0.02 secs] 
2020-09-29T18:29:37.850+0200: 80.829: [GC (Allocation Failure) 2020-09-29T18:29:37.850+0200: 80.829: [ParNew: 607019K->42016K(613440K), 0.0092902 secs] 625518K->60515K(2029056K), 0.0093532 secs] [Times: user=0.00 sys=0.00, real=0.01 secs] 
2020-09-29T18:29:37.914+0200: 80.892: [GC (Allocation Failure) 2020-09-29T18:29:37.914+0200: 80.892: [ParNew: 587360K->45889K(613440K), 0.0198896 secs] 605859K->64388K(2029056K), 0.0199488 secs] [Times: user=0.13 sys=0.00, real=0.02 secs] 
2020-09-29T18:29:37.987+0200: 80.965: [GC (Allocation Failure) 2020-09-29T18:29:37.987+0200: 80.965: [ParNew: 591233K->31221K(613440K), 0.0130474 secs] 609732K->49720K(2029056K), 0.0131035 secs] [Times: user=0.11 sys=0.00, real=0.01 secs] 
2020-09-29T18:29:38.050+0200: 81.028: [GC (Allocation Failure) 2020-09-29T18:29:38.050+0200: 81.028: [ParNew: 576565K->31876K(613440K), 0.0171182 secs] 595064K->50375K(2029056K), 0.0171843 secs] [Times: user=0.23 sys=0.00, real=0.02 secs] 
2020-09-29T18:29:38.120+0200: 81.098: [GC (Allocation Failure) 2020-09-29T18:29:38.120+0200: 81.098: [ParNew: 577220K->51563K(613440K), 0.0194466 secs] 595719K->70062K(2029056K), 0.0195448 secs] [Times: user=0.13 sys=0.00, real=0.02 secs] 
2020-09-29T18:29:38.188+0200: 81.166: [GC (Allocation Failure) 2020-09-29T18:29:38.188+0200: 81.166: [ParNew: 596907K->54775K(613440K), 0.0195292 secs] 615406K->73274K(2029056K), 0.0195810 secs] [Times: user=0.13 sys=0.00, real=0.02 secs] 
2020-09-29T18:29:38.261+0200: 81.240: [GC (Allocation Failure) 2020-09-29T18:29:38.261+0200: 81.240: [ParNew: 600119K->43045K(613440K), 0.0211292 secs] 618618K->61544K(2029056K), 0.0212301 secs] [Times: user=0.13 sys=0.00, real=0.02 secs] 
2020-09-29T18:29:38.340+0200: 81.318: [GC (Allocation Failure) 2020-09-29T18:29:38.340+0200: 81.318: [ParNew: 588389K->32910K(613440K), 0.0134114 secs] 606888K->51409K(2029056K), 0.0134760 secs] [Times: user=0.11 sys=0.00, real=0.01 secs] 
2020-09-29T18:29:38.408+0200: 81.387: [GC (Allocation Failure) 2020-09-29T18:29:38.408+0200: 81.387: [ParNew: 578254K->51284K(613440K), 0.0250384 secs] 596753K->69783K(2029056K), 0.0251119 secs] [Times: user=0.22 sys=0.00, real=0.03 secs] 
2020-09-29T18:29:38.484+0200: 81.463: [GC (Allocation Failure) 2020-09-29T18:29:38.484+0200: 81.463: [ParNew: 596628K->45525K(613440K), 0.0145757 secs] 615127K->64024K(2029056K), 0.0146337 secs] [Times: user=0.13 sys=0.00, real=0.02 secs] 
2020-09-29T18:29:38.548+0200: 81.526: [GC (Allocation Failure) 2020-09-29T18:29:38.548+0200: 81.526: [ParNew: 590869K->42982K(613440K), 0.0190513 secs] 609368K->61481K(2029056K), 0.0191406 secs] [Times: user=0.25 sys=0.00, real=0.02 secs] 
2020-09-29T18:29:38.619+0200: 81.597: [GC (Allocation Failure) 2020-09-29T18:29:38.619+0200: 81.597: [ParNew: 588326K->55789K(613440K), 0.0193422 secs] 606825K->74288K(2029056K), 0.0194122 secs] [Times: user=0.11 sys=0.00, real=0.02 secs] 
2020-09-29T18:29:38.693+0200: 81.672: [GC (Allocation Failure) 2020-09-29T18:29:38.693+0200: 81.672: [ParNew: 601133K->26148K(613440K), 0.0114983 secs] 619632K->44647K(2029056K), 0.0115627 secs] [Times: user=0.00 sys=0.00, real=0.01 secs] 
2020-09-29T18:29:38.757+0200: 81.735: [GC (Allocation Failure) 2020-09-29T18:29:38.757+0200: 81.735: [ParNew: 571492K->40005K(613440K), 0.0155344 secs] 589991K->58504K(2029056K), 0.0155993 secs] [Times: user=0.13 sys=0.00, real=0.02 secs] 
2020-09-29T18:29:38.832+0200: 81.810: [GC (Allocation Failure) 2020-09-29T18:29:38.832+0200: 81.810: [ParNew: 585349K->47787K(613440K), 0.0229529 secs] 603848K->66286K(2029056K), 0.0230255 secs] [Times: user=0.25 sys=0.00, real=0.02 secs] 
2020-09-29T18:29:38.904+0200: 81.882: [GC (Allocation Failure) 2020-09-29T18:29:38.904+0200: 81.882: [ParNew: 593131K->37208K(613440K), 0.0135933 secs] 611630K->55707K(2029056K), 0.0136514 secs] [Times: user=0.13 sys=0.00, real=0.01 secs] 
2020-09-29T18:29:38.970+0200: 81.948: [GC (Allocation Failure) 2020-09-29T18:29:38.970+0200: 81.948: [ParNew: 582552K->55826K(613440K), 0.0240722 secs] 601051K->74325K(2029056K), 0.0241341 secs] [Times: user=0.23 sys=0.00, real=0.02 secs] 
2020-09-29T18:29:39.045+0200: 82.024: [GC (Allocation Failure) 2020-09-29T18:29:39.045+0200: 82.024: [ParNew: 601170K->66723K(613440K), 0.0255803 secs] 619669K->85222K(2029056K), 0.0256468 secs] [Times: user=0.25 sys=0.00, real=0.03 secs] 
2020-09-29T18:29:39.120+0200: 82.099: [GC (Allocation Failure) 2020-09-29T18:29:39.120+0200: 82.099: [ParNew: 612067K->46782K(613440K), 0.0178984 secs] 630566K->65281K(2029056K), 0.0179570 secs] [Times: user=0.13 sys=0.00, real=0.02 secs] 
2020-09-29T18:29:39.187+0200: 82.165: [GC (Allocation Failure) 2020-09-29T18:29:39.187+0200: 82.165: [ParNew: 592126K->39196K(613440K), 0.0166506 secs] 610625K->57695K(2029056K), 0.0167131 secs] [Times: user=0.13 sys=0.00, real=0.02 secs] 
2020-09-29T18:29:39.257+0200: 82.235: [GC (Allocation Failure) 2020-09-29T18:29:39.257+0200: 82.235: [ParNew: 584540K->35119K(613440K), 0.0160846 secs] 603039K->53618K(2029056K), 0.0161817 secs] [Times: user=0.13 sys=0.00, real=0.02 secs] 
2020-09-29T18:29:39.331+0200: 82.309: [GC (Allocation Failure) 2020-09-29T18:29:39.331+0200: 82.309: [ParNew: 580463K->31682K(613440K), 0.0159853 secs] 598962K->50181K(2029056K), 0.0162246 secs] [Times: user=0.13 sys=0.00, real=0.02 secs] 
2020-09-29T18:29:39.411+0200: 82.389: [GC (Allocation Failure) 2020-09-29T18:29:39.411+0200: 82.389: [ParNew: 577026K->63865K(613440K), 0.0329394 secs] 595525K->82364K(2029056K), 0.0330287 secs] [Times: user=0.23 sys=0.00, real=0.03 secs] 
2020-09-29T18:29:39.497+0200: 82.476: [GC (Allocation Failure) 2020-09-29T18:29:39.497+0200: 82.476: [ParNew: 609209K->54781K(613440K), 0.0261794 secs] 627708K->73280K(2029056K), 0.0262585 secs] [Times: user=0.22 sys=0.00, real=0.03 secs] 
2020-09-29T18:29:39.576+0200: 82.554: [GC (Allocation Failure) 2020-09-29T18:29:39.576+0200: 82.554: [ParNew: 600125K->41516K(613440K), 0.0212317 secs] 618624K->60015K(2029056K), 0.0213139 secs] [Times: user=0.11 sys=0.00, real=0.02 secs] 
2020-09-29T18:29:39.652+0200: 82.630: [GC (Allocation Failure) 2020-09-29T18:29:39.652+0200: 82.631: [ParNew: 586860K->34530K(613440K), 0.0123963 secs] 605359K->53028K(2029056K), 0.0125010 secs] [Times: user=0.13 sys=0.00, real=0.01 secs] 
2020-09-29T18:29:39.714+0200: 82.692: [GC (Allocation Failure) 2020-09-29T18:29:39.714+0200: 82.692: [ParNew: 579874K->50213K(613440K), 0.0222236 secs] 598372K->68712K(2029056K), 0.0222868 secs] [Times: user=0.13 sys=0.00, real=0.02 secs] 
2020-09-29T18:29:39.789+0200: 82.768: [GC (Allocation Failure) 2020-09-29T18:29:39.789+0200: 82.768: [ParNew: 595557K->41386K(613440K), 0.0170280 secs] 614056K->59885K(2029056K), 0.0170936 secs] [Times: user=0.13 sys=0.00, real=0.02 secs] 
2020-09-29T18:29:39.860+0200: 82.838: [GC (Allocation Failure) 2020-09-29T18:29:39.860+0200: 82.838: [ParNew: 586730K->57496K(613440K), 0.0223285 secs] 605229K->75995K(2029056K), 0.0224881 secs] [Times: user=0.25 sys=0.00, real=0.02 secs] 
2020-09-29T18:29:39.940+0200: 82.919: [GC (Allocation Failure) 2020-09-29T18:29:39.940+0200: 82.919: [ParNew: 602840K->54138K(613440K), 0.0205735 secs] 621339K->72637K(2029056K), 0.0206665 secs] [Times: user=0.25 sys=0.00, real=0.02 secs] 
2020-09-29T18:29:40.011+0200: 82.990: [GC (Allocation Failure) 2020-09-29T18:29:40.011+0200: 82.990: [ParNew: 599482K->33020K(613440K), 0.0136733 secs] 617981K->51519K(2029056K), 0.0137308 secs] [Times: user=0.13 sys=0.00, real=0.01 secs] 
2020-09-29T18:29:40.080+0200: 83.059: [GC (Allocation Failure) 2020-09-29T18:29:40.080+0200: 83.059: [ParNew: 578364K->53375K(613440K), 0.0223029 secs] 596863K->71874K(2029056K), 0.0223901 secs] [Times: user=0.19 sys=0.00, real=0.02 secs] 
2020-09-29T18:29:40.152+0200: 83.131: [GC (Allocation Failure) 2020-09-29T18:29:40.152+0200: 83.131: [ParNew: 598719K->68096K(613440K), 0.0209808 secs] 617218K->86594K(2029056K), 0.0210451 secs] [Times: user=0.13 sys=0.00, real=0.02 secs] 
2020-09-29T18:29:40.223+0200: 83.202: [GC (Allocation Failure) 2020-09-29T18:29:40.223+0200: 83.202: [ParNew: 613440K->34263K(613440K), 0.0156162 secs] 631938K->52762K(2029056K), 0.0156858 secs] [Times: user=0.01 sys=0.00, real=0.02 secs] 
2020-09-29T18:29:40.287+0200: 83.266: [GC (Allocation Failure) 2020-09-29T18:29:40.288+0200: 83.266: [ParNew: 579607K->53888K(613440K), 0.0192350 secs] 598106K->72387K(2029056K), 0.0193215 secs] [Times: user=0.13 sys=0.00, real=0.02 secs] 
2020-09-29T18:29:40.355+0200: 83.334: [GC (Allocation Failure) 2020-09-29T18:29:40.355+0200: 83.334: [ParNew: 599232K->42719K(613440K), 0.0181448 secs] 617731K->61218K(2029056K), 0.0182224 secs] [Times: user=0.13 sys=0.00, real=0.02 secs] 
2020-09-29T18:29:40.436+0200: 83.415: [GC (Allocation Failure) 2020-09-29T18:29:40.436+0200: 83.415: [ParNew: 588063K->39722K(613440K), 0.0212539 secs] 606562K->58221K(2029056K), 0.0213219 secs] [Times: user=0.23 sys=0.00, real=0.02 secs] 
2020-09-29T18:29:40.510+0200: 83.488: [GC (Allocation Failure) 2020-09-29T18:29:40.510+0200: 83.488: [ParNew: 585066K->40465K(613440K), 0.0157615 secs] 603565K->58964K(2029056K), 0.0158387 secs] [Times: user=0.13 sys=0.00, real=0.02 secs] 
2020-09-29T18:29:40.576+0200: 83.555: [GC (Allocation Failure) 2020-09-29T18:29:40.576+0200: 83.555: [ParNew: 585809K->59666K(613440K), 0.0223548 secs] 604308K->78165K(2029056K), 0.0224260 secs] [Times: user=0.22 sys=0.00, real=0.02 secs] 
2020-09-29T18:29:40.649+0200: 83.628: [GC (Allocation Failure) 2020-09-29T18:29:40.649+0200: 83.628: [ParNew: 605010K->38982K(613440K), 0.0097623 secs] 623509K->57481K(2029056K), 0.0098238 secs] [Times: user=0.00 sys=0.00, real=0.01 secs] 
2020-09-29T18:29:40.710+0200: 83.689: [GC (Allocation Failure) 2020-09-29T18:29:40.710+0200: 83.689: [ParNew: 584326K->40070K(613440K), 0.0188403 secs] 602825K->58568K(2029056K), 0.0189152 secs] [Times: user=0.13 sys=0.00, real=0.02 secs] 
2020-09-29T18:29:40.785+0200: 83.764: [GC (Allocation Failure) 2020-09-29T18:29:40.785+0200: 83.764: [ParNew: 585414K->54684K(613440K), 0.0186547 secs] 603912K->73183K(2029056K), 0.0187340 secs] [Times: user=0.25 sys=0.00, real=0.02 secs] 
2020-09-29T18:29:40.855+0200: 83.833: [GC (Allocation Failure) 2020-09-29T18:29:40.855+0200: 83.833: [ParNew: 600028K->41295K(613440K), 0.0166659 secs] 618527K->59794K(2029056K), 0.0167360 secs] [Times: user=0.13 sys=0.00, real=0.02 secs] 
2020-09-29T18:29:40.928+0200: 83.906: [GC (Allocation Failure) 2020-09-29T18:29:40.928+0200: 83.906: [ParNew: 586639K->63504K(613440K), 0.0247648 secs] 605138K->82003K(2029056K), 0.0248622 secs] [Times: user=0.13 sys=0.00, real=0.03 secs] 
2020-09-29T18:29:41.005+0200: 83.983: [GC (Allocation Failure) 2020-09-29T18:29:41.005+0200: 83.983: [ParNew: 608848K->54100K(613440K), 0.0224812 secs] 627347K->72599K(2029056K), 0.0225439 secs] [Times: user=0.13 sys=0.00, real=0.02 secs] 
2020-09-29T18:29:41.077+0200: 84.055: [GC (Allocation Failure) 2020-09-29T18:29:41.077+0200: 84.055: [ParNew: 599444K->50003K(613440K), 0.0157632 secs] 617943K->68502K(2029056K), 0.0158269 secs] [Times: user=0.13 sys=0.00, real=0.02 secs] 
2020-09-29T18:29:41.146+0200: 84.124: [GC (Allocation Failure) 2020-09-29T18:29:41.146+0200: 84.124: [ParNew: 595347K->39527K(613440K), 0.0161325 secs] 613846K->58026K(2029056K), 0.0161982 secs] [Times: user=0.13 sys=0.00, real=0.02 secs] 
2020-09-29T18:29:41.213+0200: 84.191: [GC (Allocation Failure) 2020-09-29T18:29:41.213+0200: 84.191: [ParNew: 584871K->31331K(613440K), 0.0147873 secs] 603370K->49829K(2029056K), 0.0148490 secs] [Times: user=0.13 sys=0.00, real=0.01 secs] 
2020-09-29T18:29:41.280+0200: 84.258: [GC (Allocation Failure) 2020-09-29T18:29:41.280+0200: 84.258: [ParNew: 576675K->25587K(613440K), 0.0135106 secs] 595173K->44086K(2029056K), 0.0135968 secs] [Times: user=0.13 sys=0.00, real=0.01 secs] 
2020-09-29T18:29:41.351+0200: 84.329: [GC (Allocation Failure) 2020-09-29T18:29:41.351+0200: 84.329: [ParNew: 570931K->60454K(613440K), 0.0225776 secs] 589430K->78953K(2029056K), 0.0226530 secs] [Times: user=0.13 sys=0.00, real=0.02 secs] 
2020-09-29T18:29:41.425+0200: 84.403: [GC (Allocation Failure) 2020-09-29T18:29:41.425+0200: 84.403: [ParNew: 605798K->44587K(613440K), 0.0197737 secs] 624297K->63086K(2029056K), 0.0198420 secs] [Times: user=0.22 sys=0.02, real=0.02 secs] 
2020-09-29T18:29:41.503+0200: 84.481: [GC (Allocation Failure) 2020-09-29T18:29:41.503+0200: 84.481: [ParNew: 589931K->29014K(613440K), 0.0123330 secs] 608430K->47513K(2029056K), 0.0124183 secs] [Times: user=0.11 sys=0.00, real=0.01 secs] 
2020-09-29T18:29:41.578+0200: 84.556: [GC (Allocation Failure) 2020-09-29T18:29:41.578+0200: 84.556: [ParNew: 574358K->29115K(613440K), 0.0169345 secs] 592857K->47614K(2029056K), 0.0170193 secs] [Times: user=0.13 sys=0.00, real=0.02 secs] 
2020-09-29T18:29:41.649+0200: 84.628: [GC (Allocation Failure) 2020-09-29T18:29:41.649+0200: 84.628: [ParNew: 574459K->27188K(613440K), 0.0153031 secs] 592958K->45687K(2029056K), 0.0153818 secs] [Times: user=0.13 sys=0.00, real=0.02 secs] 
2020-09-29T18:29:41.713+0200: 84.692: [GC (Allocation Failure) 2020-09-29T18:29:41.713+0200: 84.692: [ParNew: 572532K->46636K(613440K), 0.0189993 secs] 591031K->65135K(2029056K), 0.0190567 secs] [Times: user=0.13 sys=0.00, real=0.02 secs] 
2020-09-29T18:29:41.783+0200: 84.761: [GC (Allocation Failure) 2020-09-29T18:29:41.783+0200: 84.761: [ParNew: 591980K->34227K(613440K), 0.0118411 secs] 610479K->52726K(2029056K), 0.0118994 secs] [Times: user=0.13 sys=0.00, real=0.01 secs] 
2020-09-29T18:29:41.844+0200: 84.823: [GC (Allocation Failure) 2020-09-29T18:29:41.844+0200: 84.823: [ParNew: 579571K->20468K(613440K), 0.0110721 secs] 598070K->38966K(2029056K), 0.0111286 secs] [Times: user=0.11 sys=0.00, real=0.01 secs] 
2020-09-29T18:29:41.907+0200: 84.885: [GC (Allocation Failure) 2020-09-29T18:29:41.907+0200: 84.885: [ParNew: 565812K->51383K(613440K), 0.0222485 secs] 584310K->69882K(2029056K), 0.0223267 secs] [Times: user=0.25 sys=0.00, real=0.02 secs] 
2020-09-29T18:29:41.981+0200: 84.959: [GC (Allocation Failure) 2020-09-29T18:29:41.981+0200: 84.959: [ParNew: 596727K->39393K(613440K), 0.0168349 secs] 615226K->57892K(2029056K), 0.0169130 secs] [Times: user=0.11 sys=0.00, real=0.02 secs] 
2020-09-29T18:29:42.055+0200: 85.033: [GC (Allocation Failure) 2020-09-29T18:29:42.055+0200: 85.033: [ParNew: 584737K->58116K(613440K), 0.0208219 secs] 603236K->76615K(2029056K), 0.0208840 secs] [Times: user=0.13 sys=0.00, real=0.02 secs] 
2020-09-29T18:29:42.125+0200: 85.103: [GC (Allocation Failure) 2020-09-29T18:29:42.125+0200: 85.103: [ParNew: 603460K->40343K(613440K), 0.0144864 secs] 621959K->58842K(2029056K), 0.0145586 secs] [Times: user=0.13 sys=0.00, real=0.02 secs] 
2020-09-29T18:29:42.188+0200: 85.166: [GC (Allocation Failure) 2020-09-29T18:29:42.188+0200: 85.166: [ParNew: 585687K->33530K(613440K), 0.0134397 secs] 604186K->52029K(2029056K), 0.0134937 secs] [Times: user=0.11 sys=0.00, real=0.01 secs] 
2020-09-29T18:29:42.252+0200: 85.231: [GC (Allocation Failure) 2020-09-29T18:29:42.253+0200: 85.231: [ParNew: 578874K->39530K(613440K), 0.0194352 secs] 597373K->58029K(2029056K), 0.0195454 secs] [Times: user=0.22 sys=0.00, real=0.02 secs] 
2020-09-29T18:29:42.320+0200: 85.299: [GC (Allocation Failure) 2020-09-29T18:29:42.320+0200: 85.299: [ParNew: 584874K->36141K(613440K), 0.0171496 secs] 603373K->54640K(2029056K), 0.0172450 secs] [Times: user=0.13 sys=0.00, real=0.02 secs] 
2020-09-29T18:29:42.385+0200: 85.364: [GC (Allocation Failure) 2020-09-29T18:29:42.385+0200: 85.364: [ParNew: 581485K->30743K(613440K), 0.0104475 secs] 599984K->49242K(2029056K), 0.0105063 secs] [Times: user=0.09 sys=0.00, real=0.01 secs] 
2020-09-29T18:29:42.451+0200: 85.429: [GC (Allocation Failure) 2020-09-29T18:29:42.451+0200: 85.429: [ParNew: 576087K->17633K(613440K), 0.0100326 secs] 594586K->36132K(2029056K), 0.0100913 secs] [Times: user=0.13 sys=0.00, real=0.01 secs] 
2020-09-29T18:29:42.520+0200: 85.498: [GC (Allocation Failure) 2020-09-29T18:29:42.520+0200: 85.498: [ParNew: 562977K->13827K(613440K), 0.0098301 secs] 581476K->32326K(2029056K), 0.0098911 secs] [Times: user=0.00 sys=0.00, real=0.01 secs] 
2020-09-29T18:29:42.587+0200: 85.566: [GC (Allocation Failure) 2020-09-29T18:29:42.587+0200: 85.566: [ParNew: 559171K->39161K(613440K), 0.0206163 secs] 577670K->57660K(2029056K), 0.0223327 secs] [Times: user=0.11 sys=0.00, real=0.02 secs] 
2020-09-29T18:29:42.661+0200: 85.639: [GC (Allocation Failure) 2020-09-29T18:29:42.661+0200: 85.639: [ParNew: 584505K->50794K(613440K), 0.0186851 secs] 603004K->69293K(2029056K), 0.0187458 secs] [Times: user=0.13 sys=0.00, real=0.02 secs] 
2020-09-29T18:29:42.728+0200: 85.706: [GC (Allocation Failure) 2020-09-29T18:29:42.728+0200: 85.706: [ParNew: 596138K->35009K(613440K), 0.0189338 secs] 614637K->53508K(2029056K), 0.0190319 secs] [Times: user=0.11 sys=0.00, real=0.02 secs] 
2020-09-29T18:29:42.796+0200: 85.774: [GC (Allocation Failure) 2020-09-29T18:29:42.796+0200: 85.775: [ParNew: 580353K->33814K(613440K), 0.0168861 secs] 598852K->52313K(2029056K), 0.0169929 secs] [Times: user=0.13 sys=0.00, real=0.02 secs] 
2020-09-29T18:29:42.860+0200: 85.839: [GC (Allocation Failure) 2020-09-29T18:29:42.860+0200: 85.839: [ParNew: 579158K->27842K(613440K), 0.0099917 secs] 597657K->46341K(2029056K), 0.0100518 secs] [Times: user=0.13 sys=0.00, real=0.01 secs] 
2020-09-29T18:29:42.924+0200: 85.902: [GC (Allocation Failure) 2020-09-29T18:29:42.924+0200: 85.902: [ParNew: 573186K->28620K(613440K), 0.0157076 secs] 591685K->47119K(2029056K), 0.0157905 secs] [Times: user=0.13 sys=0.00, real=0.02 secs] 
2020-09-29T18:29:42.988+0200: 85.966: [GC (Allocation Failure) 2020-09-29T18:29:42.988+0200: 85.966: [ParNew: 573964K->24108K(613440K), 0.0128605 secs] 592463K->42607K(2029056K), 0.0129308 secs] [Times: user=0.13 sys=0.00, real=0.01 secs] 
2020-09-29T18:29:43.051+0200: 86.029: [GC (Allocation Failure) 2020-09-29T18:29:43.051+0200: 86.029: [ParNew: 569452K->45519K(613440K), 0.0174960 secs] 587951K->64018K(2029056K), 0.0175560 secs] [Times: user=0.25 sys=0.00, real=0.02 secs] 
2020-09-29T18:29:43.120+0200: 86.098: [GC (Allocation Failure) 2020-09-29T18:29:43.120+0200: 86.098: [ParNew: 590863K->59045K(613440K), 0.0226094 secs] 609362K->77544K(2029056K), 0.0226803 secs] [Times: user=0.13 sys=0.00, real=0.02 secs] 
2020-09-29T18:29:43.189+0200: 86.167: [GC (Allocation Failure) 2020-09-29T18:29:43.189+0200: 86.167: [ParNew: 604389K->46016K(613440K), 0.0167963 secs] 622888K->64515K(2029056K), 0.0168710 secs] [Times: user=0.13 sys=0.00, real=0.02 secs] 
2020-09-29T18:29:43.261+0200: 86.239: [GC (Allocation Failure) 2020-09-29T18:29:43.261+0200: 86.239: [ParNew: 591360K->42026K(613440K), 0.0172498 secs] 609859K->60525K(2029056K), 0.0173334 secs] [Times: user=0.13 sys=0.00, real=0.02 secs] 
2020-09-29T18:29:43.333+0200: 86.311: [GC (Allocation Failure) 2020-09-29T18:29:43.333+0200: 86.311: [ParNew: 587370K->29915K(613440K), 0.0173773 secs] 605869K->48413K(2029056K), 0.0174529 secs] [Times: user=0.13 sys=0.00, real=0.02 secs] 
2020-09-29T18:29:43.407+0200: 86.385: [GC (Allocation Failure) 2020-09-29T18:29:43.407+0200: 86.385: [ParNew: 575259K->43439K(613440K), 0.0232006 secs] 593757K->61938K(2029056K), 0.0232703 secs] [Times: user=0.22 sys=0.00, real=0.02 secs] 
2020-09-29T18:29:43.479+0200: 86.458: [GC (Allocation Failure) 2020-09-29T18:29:43.479+0200: 86.458: [ParNew: 588783K->49585K(613440K), 0.0188387 secs] 607282K->68084K(2029056K), 0.0189000 secs] [Times: user=0.13 sys=0.00, real=0.02 secs] 
2020-09-29T18:29:43.547+0200: 86.525: [GC (Allocation Failure) 2020-09-29T18:29:43.547+0200: 86.525: [ParNew: 594929K->31386K(613440K), 0.0110650 secs] 613428K->49885K(2029056K), 0.0111288 secs] [Times: user=0.13 sys=0.00, real=0.01 secs] 
2020-09-29T18:29:43.612+0200: 86.590: [GC (Allocation Failure) 2020-09-29T18:29:43.612+0200: 86.590: [ParNew: 576730K->31791K(613440K), 0.0169747 secs] 595229K->50290K(2029056K), 0.0170599 secs] [Times: user=0.11 sys=0.00, real=0.02 secs] 
2020-09-29T18:29:43.678+0200: 86.657: [GC (Allocation Failure) 2020-09-29T18:29:43.678+0200: 86.657: [ParNew: 577135K->42678K(613440K), 0.0165265 secs] 595634K->61177K(2029056K), 0.0166034 secs] [Times: user=0.13 sys=0.00, real=0.02 secs] 
2020-09-29T18:29:43.745+0200: 86.723: [GC (Allocation Failure) 2020-09-29T18:29:43.745+0200: 86.723: [ParNew: 588022K->29538K(613440K), 0.0155652 secs] 606521K->48037K(2029056K), 0.0156200 secs] [Times: user=0.13 sys=0.00, real=0.02 secs] 
2020-09-29T18:29:43.812+0200: 86.791: [GC (Allocation Failure) 2020-09-29T18:29:43.812+0200: 86.791: [ParNew: 574882K->24308K(613440K), 0.0072331 secs] 593381K->42807K(2029056K), 0.0072923 secs] [Times: user=0.13 sys=0.00, real=0.01 secs] 
2020-09-29T18:29:43.867+0200: 86.845: [GC (Allocation Failure) 2020-09-29T18:29:43.867+0200: 86.845: [ParNew: 569652K->37322K(613440K), 0.0178769 secs] 588151K->55821K(2029056K), 0.0179525 secs] [Times: user=0.13 sys=0.00, real=0.02 secs] 
2020-09-29T18:29:43.934+0200: 86.913: [GC (Allocation Failure) 2020-09-29T18:29:43.934+0200: 86.913: [ParNew: 582666K->47429K(613440K), 0.0177756 secs] 601165K->65928K(2029056K), 0.0178304 secs] [Times: user=0.13 sys=0.00, real=0.02 secs] 
2020-09-29T18:29:44.005+0200: 86.983: [GC (Allocation Failure) 2020-09-29T18:29:44.005+0200: 86.983: [ParNew: 592773K->33360K(613440K), 0.0168540 secs] 611272K->51859K(2029056K), 0.0169218 secs] [Times: user=0.13 sys=0.00, real=0.02 secs] 
2020-09-29T18:29:44.071+0200: 87.049: [GC (Allocation Failure) 2020-09-29T18:29:44.071+0200: 87.049: [ParNew: 578704K->33149K(613440K), 0.0157300 secs] 597203K->51648K(2029056K), 0.0158240 secs] [Times: user=0.13 sys=0.00, real=0.02 secs] 
2020-09-29T18:29:44.135+0200: 87.114: [GC (Allocation Failure) 2020-09-29T18:29:44.135+0200: 87.114: [ParNew: 578493K->54866K(613440K), 0.0198076 secs] 596992K->73365K(2029056K), 0.0199088 secs] [Times: user=0.13 sys=0.00, real=0.02 secs] 
2020-09-29T18:29:44.205+0200: 87.184: [GC (Allocation Failure) 2020-09-29T18:29:44.205+0200: 87.184: [ParNew: 600210K->31034K(613440K), 0.0070546 secs] 618709K->49533K(2029056K), 0.0071134 secs] [Times: user=0.13 sys=0.00, real=0.01 secs] 
2020-09-29T18:29:44.273+0200: 87.252: [GC (Allocation Failure) 2020-09-29T18:29:44.273+0200: 87.252: [ParNew: 576378K->49339K(613440K), 0.0243267 secs] 594877K->67838K(2029056K), 0.0244161 secs] [Times: user=0.11 sys=0.00, real=0.03 secs] 
2020-09-29T18:29:44.345+0200: 87.323: [GC (Allocation Failure) 2020-09-29T18:29:44.345+0200: 87.323: [ParNew: 594683K->43140K(613440K), 0.0171152 secs] 613182K->61639K(2029056K), 0.0171718 secs] [Times: user=0.11 sys=0.00, real=0.02 secs] 
2020-09-29T18:29:44.411+0200: 87.390: [GC (Allocation Failure) 2020-09-29T18:29:44.411+0200: 87.390: [ParNew: 588484K->38124K(613440K), 0.0220507 secs] 606983K->56623K(2029056K), 0.0221165 secs] [Times: user=0.11 sys=0.00, real=0.02 secs] 
2020-09-29T18:29:44.489+0200: 87.467: [GC (Allocation Failure) 2020-09-29T18:29:44.489+0200: 87.467: [ParNew: 583468K->28783K(613440K), 0.0088776 secs] 601967K->47282K(2029056K), 0.0089498 secs] [Times: user=0.00 sys=0.00, real=0.01 secs] 
2020-09-29T18:29:44.545+0200: 87.523: [GC (Allocation Failure) 2020-09-29T18:29:44.545+0200: 87.524: [ParNew: 574127K->40461K(613440K), 0.0212179 secs] 592626K->58960K(2029056K), 0.0212936 secs] [Times: user=0.13 sys=0.00, real=0.02 secs] 
2020-09-29T18:29:44.619+0200: 87.598: [GC (Allocation Failure) 2020-09-29T18:29:44.619+0200: 87.598: [ParNew: 585805K->51413K(613440K), 0.0199774 secs] 604304K->69912K(2029056K), 0.0200587 secs] [Times: user=0.13 sys=0.00, real=0.02 secs] 
2020-09-29T18:29:44.687+0200: 87.665: [GC (Allocation Failure) 2020-09-29T18:29:44.687+0200: 87.665: [ParNew: 596757K->36454K(613440K), 0.0182242 secs] 615256K->54952K(2029056K), 0.0182969 secs] [Times: user=0.13 sys=0.00, real=0.02 secs] 
2020-09-29T18:29:44.755+0200: 87.733: [GC (Allocation Failure) 2020-09-29T18:29:44.755+0200: 87.734: [ParNew: 581798K->32939K(613440K), 0.0104425 secs] 600296K->51438K(2029056K), 0.0105011 secs] [Times: user=0.00 sys=0.00, real=0.01 secs] 
2020-09-29T18:29:44.817+0200: 87.795: [GC (Allocation Failure) 2020-09-29T18:29:44.817+0200: 87.795: [ParNew: 578283K->37210K(613440K), 0.0171068 secs] 596782K->55709K(2029056K), 0.0171842 secs] [Times: user=0.13 sys=0.00, real=0.02 secs] 
2020-09-29T18:29:44.886+0200: 87.864: [GC (Allocation Failure) 2020-09-29T18:29:44.886+0200: 87.864: [ParNew: 582554K->50135K(613440K), 0.0222075 secs] 601053K->68634K(2029056K), 0.0222749 secs] [Times: user=0.13 sys=0.00, real=0.02 secs] 
2020-09-29T18:29:44.956+0200: 87.935: [GC (Allocation Failure) 2020-09-29T18:29:44.956+0200: 87.935: [ParNew: 595479K->47374K(613440K), 0.0154618 secs] 613978K->65873K(2029056K), 0.0155261 secs] [Times: user=0.13 sys=0.00, real=0.02 secs] 
2020-09-29T18:29:45.020+0200: 87.998: [GC (Allocation Failure) 2020-09-29T18:29:45.020+0200: 87.998: [ParNew: 592718K->39524K(613440K), 0.0150207 secs] 611217K->58023K(2029056K), 0.0151018 secs] [Times: user=0.00 sys=0.00, real=0.02 secs] 
2020-09-29T18:29:45.084+0200: 88.062: [GC (Allocation Failure) 2020-09-29T18:29:45.084+0200: 88.062: [ParNew: 584868K->50941K(613440K), 0.0201744 secs] 603367K->69439K(2029056K), 0.0202543 secs] [Times: user=0.11 sys=0.00, real=0.02 secs] 
2020-09-29T18:29:45.153+0200: 88.132: [GC (Allocation Failure) 2020-09-29T18:29:45.153+0200: 88.132: [ParNew: 596285K->42962K(613440K), 0.0195852 secs] 614783K->61461K(2029056K), 0.0196593 secs] [Times: user=0.13 sys=0.00, real=0.02 secs] 
2020-09-29T18:29:45.223+0200: 88.201: [GC (Allocation Failure) 2020-09-29T18:29:45.223+0200: 88.201: [ParNew: 588306K->36505K(613440K), 0.0121425 secs] 606805K->55004K(2029056K), 0.0122185 secs] [Times: user=0.00 sys=0.00, real=0.01 secs] 
2020-09-29T18:29:45.299+0200: 88.278: [GC (Allocation Failure) 2020-09-29T18:29:45.299+0200: 88.278: [ParNew: 581849K->19422K(613440K), 0.0124135 secs] 600348K->37921K(2029056K), 0.0124833 secs] [Times: user=0.09 sys=0.00, real=0.01 secs] 
2020-09-29T18:29:45.360+0200: 88.339: [GC (Allocation Failure) 2020-09-29T18:29:45.360+0200: 88.339: [ParNew: 564766K->2988K(613440K), 0.0014566 secs] 583265K->21487K(2029056K), 0.0015093 secs] [Times: user=0.00 sys=0.00, real=0.00 secs] 
2020-09-29T18:29:45.416+0200: 88.394: [GC (Allocation Failure) 2020-09-29T18:29:45.416+0200: 88.394: [ParNew: 548332K->27528K(613440K), 0.0170322 secs] 566831K->46027K(2029056K), 0.0171134 secs] [Times: user=0.11 sys=0.00, real=0.02 secs] 
2020-09-29T18:29:45.483+0200: 88.462: [GC (Allocation Failure) 2020-09-29T18:29:45.483+0200: 88.462: [ParNew: 572872K->37287K(613440K), 0.0145340 secs] 591371K->55786K(2029056K), 0.0146081 secs] [Times: user=0.13 sys=0.00, real=0.01 secs] 
2020-09-29T18:29:45.544+0200: 88.523: [GC (Allocation Failure) 2020-09-29T18:29:45.544+0200: 88.523: [ParNew: 582631K->25039K(613440K), 0.0143037 secs] 601130K->43538K(2029056K), 0.0143693 secs] [Times: user=0.13 sys=0.00, real=0.02 secs] 
2020-09-29T18:29:45.609+0200: 88.587: [GC (Allocation Failure) 2020-09-29T18:29:45.609+0200: 88.587: [ParNew: 570383K->25919K(613440K), 0.0138268 secs] 588882K->44418K(2029056K), 0.0138929 secs] [Times: user=0.11 sys=0.00, real=0.01 secs] 
2020-09-29T18:29:45.670+0200: 88.649: [GC (Allocation Failure) 2020-09-29T18:29:45.670+0200: 88.649: [ParNew: 571263K->42406K(613440K), 0.0180650 secs] 589762K->60905K(2029056K), 0.0181778 secs] [Times: user=0.13 sys=0.00, real=0.02 secs] 
2020-09-29T18:29:45.735+0200: 88.714: [GC (Allocation Failure) 2020-09-29T18:29:45.735+0200: 88.714: [ParNew: 587750K->50138K(613440K), 0.0169995 secs] 606249K->68636K(2029056K), 0.0170539 secs] [Times: user=0.13 sys=0.00, real=0.02 secs] 
2020-09-29T18:29:45.799+0200: 88.778: [GC (Allocation Failure) 2020-09-29T18:29:45.799+0200: 88.778: [ParNew: 595482K->20271K(613440K), 0.0112057 secs] 613980K->38770K(2029056K), 0.0112629 secs] [Times: user=0.13 sys=0.00, real=0.01 secs] 
2020-09-29T18:29:45.870+0200: 88.848: [GC (Allocation Failure) 2020-09-29T18:29:45.870+0200: 88.848: [ParNew: 565615K->30849K(613440K), 0.0164128 secs] 584114K->49348K(2029056K), 0.0165070 secs] [Times: user=0.13 sys=0.00, real=0.02 secs] 
2020-09-29T18:29:45.941+0200: 88.919: [GC (Allocation Failure) 2020-09-29T18:29:45.941+0200: 88.919: [ParNew: 576193K->23030K(613440K), 0.0092055 secs] 594692K->41529K(2029056K), 0.0092596 secs] [Times: user=0.13 sys=0.00, real=0.01 secs] 
2020-09-29T18:29:45.999+0200: 88.977: [GC (Allocation Failure) 2020-09-29T18:29:45.999+0200: 88.977: [ParNew: 568374K->29111K(613440K), 0.0146541 secs] 586873K->47610K(2029056K), 0.0147143 secs] [Times: user=0.13 sys=0.00, real=0.01 secs] 
2020-09-29T18:29:46.068+0200: 89.046: [GC (Allocation Failure) 2020-09-29T18:29:46.068+0200: 89.047: [ParNew: 574455K->34942K(613440K), 0.0147052 secs] 592954K->53441K(2029056K), 0.0147895 secs] [Times: user=0.13 sys=0.00, real=0.01 secs] 
2020-09-29T18:29:46.138+0200: 89.116: [GC (Allocation Failure) 2020-09-29T18:29:46.138+0200: 89.116: [ParNew: 580286K->13975K(613440K), 0.0078942 secs] 598785K->32474K(2029056K), 0.0079842 secs] [Times: user=0.02 sys=0.00, real=0.01 secs] 
2020-09-29T18:29:46.223+0200: 89.201: [GC (Allocation Failure) 2020-09-29T18:29:46.223+0200: 89.201: [ParNew: 559319K->21565K(613440K), 0.0130837 secs] 577818K->40064K(2029056K), 0.0131439 secs] [Times: user=0.13 sys=0.00, real=0.01 secs] 
2020-09-29T18:29:46.284+0200: 89.262: [GC (Allocation Failure) 2020-09-29T18:29:46.284+0200: 89.262: [ParNew: 566909K->38292K(613440K), 0.0174327 secs] 585408K->56791K(2029056K), 0.0175053 secs] [Times: user=0.14 sys=0.02, real=0.02 secs] 
2020-09-29T18:29:46.350+0200: 89.328: [GC (Allocation Failure) 2020-09-29T18:29:46.350+0200: 89.328: [ParNew: 583636K->44760K(613440K), 0.0170868 secs] 602135K->63259K(2029056K), 0.0171537 secs] [Times: user=0.11 sys=0.00, real=0.02 secs] 
2020-09-29T18:29:46.420+0200: 89.398: [GC (Allocation Failure) 2020-09-29T18:29:46.420+0200: 89.398: [ParNew: 590104K->26779K(613440K), 0.0122561 secs] 608603K->45278K(2029056K), 0.0123197 secs] [Times: user=0.11 sys=0.00, real=0.01 secs] 
2020-09-29T18:29:46.483+0200: 89.461: [GC (Allocation Failure) 2020-09-29T18:29:46.483+0200: 89.461: [ParNew: 572123K->29526K(613440K), 0.0151688 secs] 590622K->48025K(2029056K), 0.0152242 secs] [Times: user=0.13 sys=0.00, real=0.01 secs] 
2020-09-29T18:29:46.551+0200: 89.529: [GC (Allocation Failure) 2020-09-29T18:29:46.551+0200: 89.529: [ParNew: 574870K->33258K(613440K), 0.0169829 secs] 593369K->51757K(2029056K), 0.0170667 secs] [Times: user=0.25 sys=0.00, real=0.02 secs] 
2020-09-29T18:29:46.633+0200: 89.611: [GC (Allocation Failure) 2020-09-29T18:29:46.633+0200: 89.611: [ParNew: 578602K->26232K(613440K), 0.0154889 secs] 597101K->44731K(2029056K), 0.0155934 secs] [Times: user=0.13 sys=0.00, real=0.02 secs] 
2020-09-29T18:29:46.711+0200: 89.689: [GC (Allocation Failure) 2020-09-29T18:29:46.711+0200: 89.689: [ParNew: 571576K->20465K(613440K), 0.0075686 secs] 590075K->38964K(2029056K), 0.0076296 secs] [Times: user=0.00 sys=0.00, real=0.01 secs] 
2020-09-29T18:29:46.786+0200: 89.764: [GC (Allocation Failure) 2020-09-29T18:29:46.786+0200: 89.764: [ParNew: 565809K->7556K(613440K), 0.0056823 secs] 584308K->26055K(2029056K), 0.0057432 secs] [Times: user=0.00 sys=0.00, real=0.01 secs] 
2020-09-29T18:29:46.881+0200: 89.859: [GC (Allocation Failure) 2020-09-29T18:29:46.881+0200: 89.859: [ParNew: 552900K->10964K(613440K), 0.0099799 secs] 571399K->29463K(2029056K), 0.0100354 secs] [Times: user=0.00 sys=0.00, real=0.01 secs] 
2020-09-29T18:29:46.991+0200: 89.970: [GC (Allocation Failure) 2020-09-29T18:29:46.991+0200: 89.970: [ParNew: 556308K->11642K(613440K), 0.0096777 secs] 574807K->30141K(2029056K), 0.0097350 secs] [Times: user=0.00 sys=0.00, real=0.01 secs] 
2020-09-29T18:29:47.089+0200: 90.068: [GC (Allocation Failure) 2020-09-29T18:29:47.089+0200: 90.068: [ParNew: 556986K->8516K(613440K), 0.0085936 secs] 575485K->27015K(2029056K), 0.0086507 secs] [Times: user=0.00 sys=0.00, real=0.01 secs] 
2020-09-29T18:29:47.197+0200: 90.176: [GC (Allocation Failure) 2020-09-29T18:29:47.197+0200: 90.176: [ParNew: 553860K->7392K(613440K), 0.0073017 secs] 572359K->25891K(2029056K), 0.0073608 secs] [Times: user=0.00 sys=0.00, real=0.01 secs] 
2020-09-29T18:29:47.301+0200: 90.280: [GC (Allocation Failure) 2020-09-29T18:29:47.301+0200: 90.280: [ParNew: 552736K->5960K(613440K), 0.0064984 secs] 571235K->24459K(2029056K), 0.0065563 secs] [Times: user=0.00 sys=0.00, real=0.01 secs] 
Heap
 par new generation   total 613440K, used 113858K [0x0000000080000000, 0x00000000a9990000, 0x00000000a9990000)
  eden space 545344K,  19% used [0x0000000080000000, 0x000000008695e618, 0x00000000a1490000)
  from space 68096K,   8% used [0x00000000a5710000, 0x00000000a5ce22d0, 0x00000000a9990000)
  to   space 68096K,   0% used [0x00000000a1490000, 0x00000000a1490000, 0x00000000a5710000)
 concurrent mark-sweep generation total 1415616K, used 18498K [0x00000000a9990000, 0x0000000100000000, 0x0000000100000000)
 Metaspace       used 2594K, capacity 4486K, committed 4864K, reserved 1056768K
  class space    used 285K, capacity 386K, committed 512K, reserved 1048576K
