Java HotSpot(TM) 64-Bit Server VM (25.261-b12) for windows-amd64 JRE (1.8.0_261-b12), built on Jun 18 2020 06:56:32 by "" with unknown MS VC++:1916
Memory: 4k page, physical 16659684k(9559820k free), swap 23213284k(9171796k free)
CommandLine flags: -XX:InitialHeapSize=2147483648 -XX:MaxHeapSize=2147483648 -XX:MaxNewSize=697933824 -XX:MaxTenuringThreshold=6 -XX:NewSize=697933824 -XX:OldPLABSize=16 -XX:OldSize=1395867648 -XX:+PrintGC -XX:+PrintGCDateStamps -XX:+PrintGCDetails -XX:+PrintGCTimeStamps -XX:+UseCompressedClassPointers -XX:+UseCompressedOops -XX:+UseConcMarkSweepGC -XX:-UseLargePagesIndividualAllocation -XX:+UseParNewGC 
2020-09-29T18:26:46.981+0200: 0.311: [GC (Allocation Failure) 2020-09-29T18:26:46.981+0200: 0.312: [ParNew: 545344K->36036K(613440K), 0.0683143 secs] 545344K->36036K(2029056K), 0.0686146 secs] [Times: user=0.34 sys=0.09, real=0.07 secs] 
2020-09-29T18:26:47.122+0200: 0.453: [GC (Allocation Failure) 2020-09-29T18:26:47.122+0200: 0.453: [ParNew: 581380K->37390K(613440K), 0.0563962 secs] 581380K->37782K(2029056K), 0.0565493 secs] [Times: user=0.44 sys=0.05, real=0.06 secs] 
2020-09-29T18:26:47.237+0200: 0.568: [GC (Allocation Failure) 2020-09-29T18:26:47.237+0200: 0.568: [ParNew: 582734K->57273K(613440K), 0.0298233 secs] 583126K->57665K(2029056K), 0.0298958 secs] [Times: user=0.25 sys=0.00, real=0.03 secs] 
2020-09-29T18:26:47.319+0200: 0.649: [GC (Allocation Failure) 2020-09-29T18:26:47.319+0200: 0.649: [ParNew: 602617K->48268K(613440K), 0.0287257 secs] 603009K->48660K(2029056K), 0.0287904 secs] [Times: user=0.13 sys=0.00, real=0.03 secs] 
2020-09-29T18:26:47.397+0200: 0.727: [GC (Allocation Failure) 2020-09-29T18:26:47.397+0200: 0.727: [ParNew: 593612K->48603K(613440K), 0.0272959 secs] 594004K->48996K(2029056K), 0.0273795 secs] [Times: user=0.13 sys=0.00, real=0.03 secs] 
2020-09-29T18:26:47.478+0200: 0.809: [GC (Allocation Failure) 2020-09-29T18:26:47.479+0200: 0.809: [ParNew: 593947K->68096K(613440K), 0.0342283 secs] 594340K->69184K(2029056K), 0.0343154 secs] [Times: user=0.25 sys=0.00, real=0.04 secs] 
2020-09-29T18:26:47.561+0200: 0.892: [GC (Allocation Failure) 2020-09-29T18:26:47.561+0200: 0.892: [ParNew: 613440K->46951K(613440K), 0.0181712 secs] 614528K->48039K(2029056K), 0.0182600 secs] [Times: user=0.13 sys=0.00, real=0.02 secs] 
2020-09-29T18:26:47.644+0200: 0.974: [GC (Allocation Failure) 2020-09-29T18:26:47.644+0200: 0.974: [ParNew: 592295K->36192K(613440K), 0.0248773 secs] 593383K->37281K(2029056K), 0.0249602 secs] [Times: user=0.24 sys=0.00, real=0.02 secs] 
2020-09-29T18:26:47.719+0200: 1.050: [GC (Allocation Failure) 2020-09-29T18:26:47.719+0200: 1.050: [ParNew: 581536K->57314K(613440K), 0.0299719 secs] 582625K->58402K(2029056K), 0.0300401 secs] [Times: user=0.25 sys=0.00, real=0.03 secs] 
2020-09-29T18:26:47.797+0200: 1.127: [GC (Allocation Failure) 2020-09-29T18:26:47.797+0200: 1.127: [ParNew: 602658K->45901K(613440K), 0.0221102 secs] 603746K->46990K(2029056K), 0.0221785 secs] [Times: user=0.25 sys=0.00, real=0.02 secs] 
2020-09-29T18:26:47.870+0200: 1.201: [GC (Allocation Failure) 2020-09-29T18:26:47.870+0200: 1.201: [ParNew: 591245K->45488K(613440K), 0.0193841 secs] 592334K->46576K(2029056K), 0.0194500 secs] [Times: user=0.13 sys=0.00, real=0.02 secs] 
2020-09-29T18:26:47.949+0200: 1.280: [GC (Allocation Failure) 2020-09-29T18:26:47.949+0200: 1.280: [ParNew: 590832K->43926K(613440K), 0.0270540 secs] 591920K->45015K(2029056K), 0.0271302 secs] [Times: user=0.25 sys=0.00, real=0.03 secs] 
2020-09-29T18:26:48.025+0200: 1.355: [GC (Allocation Failure) 2020-09-29T18:26:48.025+0200: 1.355: [ParNew: 589270K->59353K(613440K), 0.0258357 secs] 590359K->60441K(2029056K), 0.0259068 secs] [Times: user=0.13 sys=0.00, real=0.03 secs] 
2020-09-29T18:26:48.110+0200: 1.441: [GC (Allocation Failure) 2020-09-29T18:26:48.110+0200: 1.441: [ParNew: 604697K->42931K(613440K), 0.0261728 secs] 605785K->44020K(2029056K), 0.0262379 secs] [Times: user=0.24 sys=0.00, real=0.03 secs] 
2020-09-29T18:26:48.190+0200: 1.521: [GC (Allocation Failure) 2020-09-29T18:26:48.190+0200: 1.521: [ParNew: 588275K->42593K(613440K), 0.0227087 secs] 589364K->43681K(2029056K), 0.0228271 secs] [Times: user=0.25 sys=0.00, real=0.02 secs] 
2020-09-29T18:26:48.274+0200: 1.605: [GC (Allocation Failure) 2020-09-29T18:26:48.274+0200: 1.605: [ParNew: 587937K->63065K(613440K), 0.0323761 secs] 589025K->64154K(2029056K), 0.0324477 secs] [Times: user=0.23 sys=0.02, real=0.03 secs] 
2020-09-29T18:26:48.353+0200: 1.684: [GC (Allocation Failure) 2020-09-29T18:26:48.353+0200: 1.684: [ParNew: 608409K->51120K(613440K), 0.0296512 secs] 609498K->52208K(2029056K), 0.0297266 secs] [Times: user=0.25 sys=0.00, real=0.03 secs] 
2020-09-29T18:26:48.437+0200: 1.768: [GC (Allocation Failure) 2020-09-29T18:26:48.437+0200: 1.768: [ParNew: 596464K->48116K(613440K), 0.0293024 secs] 597552K->49204K(2029056K), 0.0293779 secs] [Times: user=0.25 sys=0.00, real=0.03 secs] 
2020-09-29T18:26:48.515+0200: 1.846: [GC (Allocation Failure) 2020-09-29T18:26:48.515+0200: 1.846: [ParNew: 593460K->47954K(613440K), 0.0217191 secs] 594548K->49043K(2029056K), 0.0217891 secs] [Times: user=0.24 sys=0.00, real=0.02 secs] 
2020-09-29T18:26:48.591+0200: 1.921: [GC (Allocation Failure) 2020-09-29T18:26:48.591+0200: 1.921: [ParNew: 593298K->35752K(613440K), 0.0196777 secs] 594387K->36840K(2029056K), 0.0197462 secs] [Times: user=0.11 sys=0.00, real=0.02 secs] 
2020-09-29T18:26:48.663+0200: 1.994: [GC (Allocation Failure) 2020-09-29T18:26:48.663+0200: 1.994: [ParNew: 581096K->49337K(613440K), 0.0246626 secs] 582184K->50425K(2029056K), 0.0247335 secs] [Times: user=0.13 sys=0.00, real=0.02 secs] 
2020-09-29T18:26:48.747+0200: 2.078: [GC (Allocation Failure) 2020-09-29T18:26:48.747+0200: 2.078: [ParNew: 594681K->40750K(613440K), 0.0242474 secs] 595769K->41838K(2029056K), 0.0243182 secs] [Times: user=0.25 sys=0.00, real=0.03 secs] 
2020-09-29T18:26:48.823+0200: 2.154: [GC (Allocation Failure) 2020-09-29T18:26:48.824+0200: 2.154: [ParNew: 586094K->63564K(613440K), 0.0308230 secs] 587182K->64652K(2029056K), 0.0308930 secs] [Times: user=0.25 sys=0.00, real=0.03 secs] 
2020-09-29T18:26:48.903+0200: 2.234: [GC (Allocation Failure) 2020-09-29T18:26:48.903+0200: 2.234: [ParNew: 608908K->47247K(613440K), 0.0227307 secs] 609996K->48335K(2029056K), 0.0227966 secs] [Times: user=0.13 sys=0.00, real=0.02 secs] 
2020-09-29T18:26:48.977+0200: 2.308: [GC (Allocation Failure) 2020-09-29T18:26:48.977+0200: 2.308: [ParNew: 592591K->41563K(613440K), 0.0193244 secs] 593679K->42652K(2029056K), 0.0194126 secs] [Times: user=0.13 sys=0.00, real=0.02 secs] 
2020-09-29T18:26:49.056+0200: 2.387: [GC (Allocation Failure) 2020-09-29T18:26:49.056+0200: 2.387: [ParNew: 586907K->29178K(613440K), 0.0202635 secs] 587996K->30267K(2029056K), 0.0203549 secs] [Times: user=0.11 sys=0.00, real=0.02 secs] 
2020-09-29T18:26:49.136+0200: 2.467: [GC (Allocation Failure) 2020-09-29T18:26:49.136+0200: 2.467: [ParNew: 574522K->48610K(613440K), 0.0258498 secs] 575611K->49698K(2029056K), 0.0259294 secs] [Times: user=0.25 sys=0.00, real=0.03 secs] 
2020-09-29T18:26:49.213+0200: 2.544: [GC (Allocation Failure) 2020-09-29T18:26:49.213+0200: 2.544: [ParNew: 593954K->64688K(613440K), 0.0327623 secs] 595042K->65776K(2029056K), 0.0328407 secs] [Times: user=0.25 sys=0.00, real=0.03 secs] 
2020-09-29T18:26:49.293+0200: 2.623: [GC (Allocation Failure) 2020-09-29T18:26:49.293+0200: 2.623: [ParNew: 610032K->41749K(613440K), 0.0142165 secs] 611120K->42837K(2029056K), 0.0142833 secs] [Times: user=0.13 sys=0.00, real=0.01 secs] 
2020-09-29T18:26:49.366+0200: 2.696: [GC (Allocation Failure) 2020-09-29T18:26:49.366+0200: 2.696: [ParNew: 587093K->47384K(613440K), 0.0278480 secs] 588181K->48473K(2029056K), 0.0279345 secs] [Times: user=0.13 sys=0.00, real=0.03 secs] 
2020-09-29T18:26:49.446+0200: 2.777: [GC (Allocation Failure) 2020-09-29T18:26:49.446+0200: 2.777: [ParNew: 592728K->67317K(613440K), 0.0336673 secs] 593817K->68405K(2029056K), 0.0337433 secs] [Times: user=0.23 sys=0.02, real=0.03 secs] 
2020-09-29T18:26:49.529+0200: 2.859: [GC (Allocation Failure) 2020-09-29T18:26:49.529+0200: 2.859: [ParNew: 612661K->48898K(613440K), 0.0192984 secs] 613749K->49987K(2029056K), 0.0194152 secs] [Times: user=0.13 sys=0.00, real=0.02 secs] 
2020-09-29T18:26:49.607+0200: 2.937: [GC (Allocation Failure) 2020-09-29T18:26:49.607+0200: 2.937: [ParNew: 594242K->46257K(613440K), 0.0238986 secs] 595331K->47346K(2029056K), 0.0239677 secs] [Times: user=0.25 sys=0.00, real=0.02 secs] 
2020-09-29T18:26:49.687+0200: 3.017: [GC (Allocation Failure) 2020-09-29T18:26:49.687+0200: 3.017: [ParNew: 591601K->37445K(613440K), 0.0230319 secs] 592690K->38534K(2029056K), 0.0231025 secs] [Times: user=0.25 sys=0.00, real=0.02 secs] 
2020-09-29T18:26:49.769+0200: 3.099: [GC (Allocation Failure) 2020-09-29T18:26:49.769+0200: 3.099: [ParNew: 582789K->57495K(613440K), 0.0288644 secs] 583878K->58583K(2029056K), 0.0289389 secs] [Times: user=0.25 sys=0.00, real=0.03 secs] 
2020-09-29T18:26:49.846+0200: 3.176: [GC (Allocation Failure) 2020-09-29T18:26:49.846+0200: 3.176: [ParNew: 602839K->40807K(613440K), 0.0215045 secs] 603927K->41896K(2029056K), 0.0215765 secs] [Times: user=0.25 sys=0.00, real=0.02 secs] 
2020-09-29T18:26:49.927+0200: 3.258: [GC (Allocation Failure) 2020-09-29T18:26:49.927+0200: 3.258: [ParNew: 586151K->54267K(613440K), 0.0261958 secs] 587240K->55356K(2029056K), 0.0262660 secs] [Times: user=0.13 sys=0.00, real=0.03 secs] 
2020-09-29T18:26:50.003+0200: 3.334: [GC (Allocation Failure) 2020-09-29T18:26:50.003+0200: 3.334: [ParNew: 599611K->45934K(613440K), 0.0244257 secs] 600700K->47023K(2029056K), 0.0244962 secs] [Times: user=0.25 sys=0.00, real=0.03 secs] 
2020-09-29T18:26:50.084+0200: 3.414: [GC (Allocation Failure) 2020-09-29T18:26:50.084+0200: 3.414: [ParNew: 591278K->42870K(613440K), 0.0235073 secs] 592367K->43958K(2029056K), 0.0236038 secs] [Times: user=0.13 sys=0.00, real=0.02 secs] 
2020-09-29T18:26:50.160+0200: 3.491: [GC (Allocation Failure) 2020-09-29T18:26:50.160+0200: 3.491: [ParNew: 588214K->41260K(613440K), 0.0235654 secs] 589302K->42348K(2029056K), 0.0236324 secs] [Times: user=0.16 sys=0.02, real=0.02 secs] 
2020-09-29T18:26:50.242+0200: 3.572: [GC (Allocation Failure) 2020-09-29T18:26:50.242+0200: 3.572: [ParNew: 586604K->40761K(613440K), 0.0215458 secs] 587692K->41850K(2029056K), 0.0216102 secs] [Times: user=0.13 sys=0.00, real=0.02 secs] 
2020-09-29T18:26:50.313+0200: 3.644: [GC (Allocation Failure) 2020-09-29T18:26:50.313+0200: 3.644: [ParNew: 586105K->59322K(613440K), 0.0289572 secs] 587194K->60410K(2029056K), 0.0290563 secs] [Times: user=0.25 sys=0.00, real=0.03 secs] 
2020-09-29T18:26:50.389+0200: 3.720: [GC (Allocation Failure) 2020-09-29T18:26:50.389+0200: 3.720: [ParNew: 604666K->44767K(613440K), 0.0274903 secs] 605754K->45855K(2029056K), 0.0275619 secs] [Times: user=0.25 sys=0.00, real=0.03 secs] 
2020-09-29T18:26:50.465+0200: 3.796: [GC (Allocation Failure) 2020-09-29T18:26:50.465+0200: 3.796: [ParNew: 590111K->45464K(613440K), 0.0272988 secs] 591199K->46552K(2029056K), 0.0273690 secs] [Times: user=0.25 sys=0.00, real=0.03 secs] 
2020-09-29T18:26:50.540+0200: 3.871: [GC (Allocation Failure) 2020-09-29T18:26:50.540+0200: 3.871: [ParNew: 590808K->38329K(613440K), 0.0170608 secs] 591896K->39418K(2029056K), 0.0171308 secs] [Times: user=0.13 sys=0.00, real=0.02 secs] 
2020-09-29T18:26:50.615+0200: 3.946: [GC (Allocation Failure) 2020-09-29T18:26:50.615+0200: 3.946: [ParNew: 583673K->59130K(613440K), 0.0336816 secs] 584762K->60218K(2029056K), 0.0337514 secs] [Times: user=0.23 sys=0.00, real=0.03 secs] 
2020-09-29T18:26:50.699+0200: 4.031: [GC (Allocation Failure) 2020-09-29T18:26:50.699+0200: 4.031: [ParNew: 604474K->68096K(613440K), 0.0307015 secs] 605562K->69184K(2029056K), 0.0307725 secs] [Times: user=0.25 sys=0.00, real=0.03 secs] 
2020-09-29T18:26:50.779+0200: 4.110: [GC (Allocation Failure) 2020-09-29T18:26:50.779+0200: 4.110: [ParNew: 613440K->53881K(613440K), 0.0290450 secs] 614528K->54969K(2029056K), 0.0291193 secs] [Times: user=0.25 sys=0.00, real=0.03 secs] 
2020-09-29T18:26:50.864+0200: 4.195: [GC (Allocation Failure) 2020-09-29T18:26:50.864+0200: 4.195: [ParNew: 599225K->51470K(613440K), 0.0333890 secs] 600313K->52559K(2029056K), 0.0334640 secs] [Times: user=0.25 sys=0.00, real=0.03 secs] 
2020-09-29T18:26:50.947+0200: 4.278: [GC (Allocation Failure) 2020-09-29T18:26:50.947+0200: 4.278: [ParNew: 596814K->41019K(613440K), 0.0151788 secs] 597903K->42108K(2029056K), 0.0152524 secs] [Times: user=0.13 sys=0.00, real=0.01 secs] 
2020-09-29T18:26:51.034+0200: 4.365: [GC (Allocation Failure) 2020-09-29T18:26:51.034+0200: 4.365: [ParNew: 586363K->45890K(613440K), 0.0312374 secs] 587452K->46979K(2029056K), 0.0313117 secs] [Times: user=0.25 sys=0.00, real=0.03 secs] 
2020-09-29T18:26:51.116+0200: 4.448: [GC (Allocation Failure) 2020-09-29T18:26:51.116+0200: 4.448: [ParNew: 591234K->32789K(613440K), 0.0217684 secs] 592323K->33878K(2029056K), 0.0218557 secs] [Times: user=0.13 sys=0.00, real=0.02 secs] 
2020-09-29T18:26:51.190+0200: 4.521: [GC (Allocation Failure) 2020-09-29T18:26:51.190+0200: 4.521: [ParNew: 578133K->49326K(613440K), 0.0273517 secs] 579222K->50414K(2029056K), 0.0274239 secs] [Times: user=0.25 sys=0.00, real=0.03 secs] 
2020-09-29T18:26:51.278+0200: 4.609: [GC (Allocation Failure) 2020-09-29T18:26:51.278+0200: 4.609: [ParNew: 594670K->59196K(613440K), 0.0357235 secs] 595758K->60285K(2029056K), 0.0358010 secs] [Times: user=0.25 sys=0.00, real=0.04 secs] 
2020-09-29T18:26:51.370+0200: 4.701: [GC (Allocation Failure) 2020-09-29T18:26:51.370+0200: 4.701: [ParNew: 604540K->61463K(613440K), 0.0326315 secs] 605629K->62552K(2029056K), 0.0327105 secs] [Times: user=0.25 sys=0.00, real=0.03 secs] 
2020-09-29T18:26:51.457+0200: 4.788: [GC (Allocation Failure) 2020-09-29T18:26:51.457+0200: 4.788: [ParNew: 606807K->49587K(613440K), 0.0240625 secs] 607896K->50676K(2029056K), 0.0241548 secs] [Times: user=0.13 sys=0.00, real=0.02 secs] 
2020-09-29T18:26:51.541+0200: 4.872: [GC (Allocation Failure) 2020-09-29T18:26:51.541+0200: 4.872: [ParNew: 594931K->45629K(613440K), 0.0314104 secs] 596020K->46717K(2029056K), 0.0314885 secs] [Times: user=0.25 sys=0.00, real=0.03 secs] 
2020-09-29T18:26:51.629+0200: 4.960: [GC (Allocation Failure) 2020-09-29T18:26:51.629+0200: 4.960: [ParNew: 590973K->41534K(613440K), 0.0214666 secs] 592061K->42623K(2029056K), 0.0215428 secs] [Times: user=0.13 sys=0.00, real=0.02 secs] 
2020-09-29T18:26:51.712+0200: 5.043: [GC (Allocation Failure) 2020-09-29T18:26:51.712+0200: 5.043: [ParNew: 586878K->51158K(613440K), 0.0307869 secs] 587967K->52246K(2029056K), 0.0308635 secs] [Times: user=0.25 sys=0.00, real=0.03 secs] 
2020-09-29T18:26:51.791+0200: 5.122: [GC (Allocation Failure) 2020-09-29T18:26:51.791+0200: 5.122: [ParNew: 596502K->35856K(613440K), 0.0186712 secs] 597590K->36945K(2029056K), 0.0187460 secs] [Times: user=0.13 sys=0.00, real=0.02 secs] 
2020-09-29T18:26:51.865+0200: 5.197: [GC (Allocation Failure) 2020-09-29T18:26:51.866+0200: 5.197: [ParNew: 581200K->35928K(613440K), 0.0270453 secs] 582289K->37016K(2029056K), 0.0271281 secs] [Times: user=0.13 sys=0.00, real=0.03 secs] 
2020-09-29T18:26:51.945+0200: 5.275: [GC (Allocation Failure) 2020-09-29T18:26:51.945+0200: 5.275: [ParNew: 581272K->54433K(613440K), 0.0329915 secs] 582360K->55522K(2029056K), 0.0330702 secs] [Times: user=0.25 sys=0.00, real=0.03 secs] 
2020-09-29T18:26:52.028+0200: 5.359: [GC (Allocation Failure) 2020-09-29T18:26:52.028+0200: 5.359: [ParNew: 599777K->42215K(613440K), 0.0230656 secs] 600866K->43303K(2029056K), 0.0231392 secs] [Times: user=0.24 sys=0.00, real=0.02 secs] 
2020-09-29T18:26:52.124+0200: 5.455: [GC (Allocation Failure) 2020-09-29T18:26:52.124+0200: 5.455: [ParNew: 587559K->40075K(613440K), 0.0206648 secs] 588647K->41163K(2029056K), 0.0207422 secs] [Times: user=0.14 sys=0.00, real=0.02 secs] 
2020-09-29T18:26:52.205+0200: 5.536: [GC (Allocation Failure) 2020-09-29T18:26:52.205+0200: 5.536: [ParNew: 585419K->29777K(613440K), 0.0215276 secs] 586507K->30866K(2029056K), 0.0216039 secs] [Times: user=0.25 sys=0.00, real=0.02 secs] 
2020-09-29T18:26:52.278+0200: 5.609: [GC (Allocation Failure) 2020-09-29T18:26:52.278+0200: 5.609: [ParNew: 575121K->34706K(613440K), 0.0203653 secs] 576210K->35795K(2029056K), 0.0204367 secs] [Times: user=0.13 sys=0.00, real=0.02 secs] 
2020-09-29T18:26:52.358+0200: 5.690: [GC (Allocation Failure) 2020-09-29T18:26:52.358+0200: 5.690: [ParNew: 580050K->49765K(613440K), 0.0346511 secs] 581139K->50854K(2029056K), 0.0347261 secs] [Times: user=0.25 sys=0.00, real=0.03 secs] 
2020-09-29T18:26:52.443+0200: 5.774: [GC (Allocation Failure) 2020-09-29T18:26:52.443+0200: 5.774: [ParNew: 595109K->68096K(613440K), 0.0335237 secs] 596198K->69184K(2029056K), 0.0335945 secs] [Times: user=0.25 sys=0.00, real=0.03 secs] 
2020-09-29T18:26:52.531+0200: 5.863: [GC (Allocation Failure) 2020-09-29T18:26:52.531+0200: 5.863: [ParNew: 613440K->46841K(613440K), 0.0234390 secs] 614528K->47929K(2029056K), 0.0235130 secs] [Times: user=0.25 sys=0.00, real=0.02 secs] 
2020-09-29T18:26:52.621+0200: 5.952: [GC (Allocation Failure) 2020-09-29T18:26:52.621+0200: 5.953: [ParNew: 592185K->31807K(613440K), 0.0241894 secs] 593273K->32896K(2029056K), 0.0242747 secs] [Times: user=0.22 sys=0.00, real=0.02 secs] 
2020-09-29T18:26:52.704+0200: 6.035: [GC (Allocation Failure) 2020-09-29T18:26:52.704+0200: 6.035: [ParNew: 577151K->45912K(613440K), 0.0295152 secs] 578240K->47001K(2029056K), 0.0295941 secs] [Times: user=0.25 sys=0.00, real=0.03 secs] 
2020-09-29T18:26:52.790+0200: 6.121: [GC (Allocation Failure) 2020-09-29T18:26:52.790+0200: 6.121: [ParNew: 591256K->35897K(613440K), 0.0203528 secs] 592345K->36985K(2029056K), 0.0204272 secs] [Times: user=0.13 sys=0.00, real=0.02 secs] 
2020-09-29T18:26:52.869+0200: 6.200: [GC (Allocation Failure) 2020-09-29T18:26:52.869+0200: 6.200: [ParNew: 581241K->43195K(613440K), 0.0273871 secs] 582329K->44284K(2029056K), 0.0274625 secs] [Times: user=0.25 sys=0.00, real=0.03 secs] 
2020-09-29T18:26:52.956+0200: 6.287: [GC (Allocation Failure) 2020-09-29T18:26:52.956+0200: 6.287: [ParNew: 588539K->44792K(613440K), 0.0258735 secs] 589628K->45880K(2029056K), 0.0259541 secs] [Times: user=0.24 sys=0.02, real=0.03 secs] 
2020-09-29T18:26:53.041+0200: 6.373: [GC (Allocation Failure) 2020-09-29T18:26:53.041+0200: 6.373: [ParNew: 590136K->37736K(613440K), 0.0243556 secs] 591224K->38825K(2029056K), 0.0244328 secs] [Times: user=0.13 sys=0.00, real=0.03 secs] 
2020-09-29T18:26:53.116+0200: 6.447: [GC (Allocation Failure) 2020-09-29T18:26:53.116+0200: 6.447: [ParNew: 583080K->34167K(613440K), 0.0240207 secs] 584169K->35255K(2029056K), 0.0240924 secs] [Times: user=0.11 sys=0.00, real=0.02 secs] 
2020-09-29T18:26:53.207+0200: 6.539: [GC (Allocation Failure) 2020-09-29T18:26:53.207+0200: 6.539: [ParNew: 579511K->35765K(613440K), 0.0266773 secs] 580599K->36853K(2029056K), 0.0267729 secs] [Times: user=0.09 sys=0.00, real=0.03 secs] 
2020-09-29T18:26:53.304+0200: 6.635: [GC (Allocation Failure) 2020-09-29T18:26:53.304+0200: 6.635: [ParNew: 581109K->58348K(613440K), 0.0385328 secs] 582197K->59437K(2029056K), 0.0386090 secs] [Times: user=0.25 sys=0.00, real=0.04 secs] 
2020-09-29T18:26:53.392+0200: 6.723: [GC (Allocation Failure) 2020-09-29T18:26:53.392+0200: 6.723: [ParNew: 603692K->55839K(613440K), 0.0302129 secs] 604781K->56927K(2029056K), 0.0302884 secs] [Times: user=0.23 sys=0.00, real=0.03 secs] 
2020-09-29T18:26:53.473+0200: 6.804: [GC (Allocation Failure) 2020-09-29T18:26:53.473+0200: 6.804: [ParNew: 601183K->38328K(613440K), 0.0188321 secs] 602271K->39417K(2029056K), 0.0189071 secs] [Times: user=0.13 sys=0.00, real=0.02 secs] 
2020-09-29T18:26:53.542+0200: 6.873: [GC (Allocation Failure) 2020-09-29T18:26:53.542+0200: 6.873: [ParNew: 583672K->51914K(613440K), 0.0347327 secs] 584761K->53003K(2029056K), 0.0348136 secs] [Times: user=0.25 sys=0.00, real=0.03 secs] 
2020-09-29T18:26:53.626+0200: 6.958: [GC (Allocation Failure) 2020-09-29T18:26:53.626+0200: 6.958: [ParNew: 597258K->68096K(613440K), 0.0340591 secs] 598347K->69184K(2029056K), 0.0341358 secs] [Times: user=0.36 sys=0.00, real=0.03 secs] 
2020-09-29T18:26:53.714+0200: 7.045: [GC (Allocation Failure) 2020-09-29T18:26:53.714+0200: 7.045: [ParNew: 613440K->53687K(613440K), 0.0327004 secs] 614528K->54776K(2029056K), 0.0327727 secs] [Times: user=0.25 sys=0.00, real=0.03 secs] 
2020-09-29T18:26:53.802+0200: 7.132: [GC (Allocation Failure) 2020-09-29T18:26:53.802+0200: 7.133: [ParNew: 599031K->39091K(613440K), 0.0199352 secs] 600120K->40179K(2029056K), 0.0200832 secs] [Times: user=0.13 sys=0.00, real=0.02 secs] 
2020-09-29T18:26:53.884+0200: 7.215: [GC (Allocation Failure) 2020-09-29T18:26:53.884+0200: 7.215: [ParNew: 584435K->43021K(613440K), 0.0261418 secs] 585523K->44110K(2029056K), 0.0262183 secs] [Times: user=0.13 sys=0.00, real=0.03 secs] 
2020-09-29T18:26:53.967+0200: 7.298: [GC (Allocation Failure) 2020-09-29T18:26:53.967+0200: 7.298: [ParNew: 588365K->61578K(613440K), 0.0340060 secs] 589454K->62667K(2029056K), 0.0340816 secs] [Times: user=0.25 sys=0.00, real=0.03 secs] 
2020-09-29T18:26:54.048+0200: 7.379: [GC (Allocation Failure) 2020-09-29T18:26:54.048+0200: 7.379: [ParNew: 606922K->50735K(613440K), 0.0325992 secs] 608011K->51823K(2029056K), 0.0326733 secs] [Times: user=0.25 sys=0.00, real=0.03 secs] 
2020-09-29T18:26:54.134+0200: 7.465: [GC (Allocation Failure) 2020-09-29T18:26:54.134+0200: 7.465: [ParNew: 596079K->49922K(613440K), 0.0322629 secs] 597167K->51010K(2029056K), 0.0323411 secs] [Times: user=0.25 sys=0.00, real=0.03 secs] 
2020-09-29T18:26:54.218+0200: 7.549: [GC (Allocation Failure) 2020-09-29T18:26:54.218+0200: 7.549: [ParNew: 595266K->43500K(613440K), 0.0223706 secs] 596354K->44588K(2029056K), 0.0224598 secs] [Times: user=0.25 sys=0.00, real=0.02 secs] 
2020-09-29T18:26:54.302+0200: 7.633: [GC (Allocation Failure) 2020-09-29T18:26:54.303+0200: 7.633: [ParNew: 588844K->60203K(613440K), 0.0362267 secs] 589932K->61291K(2029056K), 0.0363078 secs] [Times: user=0.25 sys=0.00, real=0.04 secs] 
2020-09-29T18:26:54.394+0200: 7.725: [GC (Allocation Failure) 2020-09-29T18:26:54.394+0200: 7.725: [ParNew: 605547K->46950K(613440K), 0.0283676 secs] 606635K->48039K(2029056K), 0.0284432 secs] [Times: user=0.25 sys=0.00, real=0.03 secs] 
2020-09-29T18:26:54.476+0200: 7.806: [GC (Allocation Failure) 2020-09-29T18:26:54.476+0200: 7.806: [ParNew: 592294K->42292K(613440K), 0.0254423 secs] 593383K->43381K(2029056K), 0.0255191 secs] [Times: user=0.13 sys=0.00, real=0.02 secs] 
2020-09-29T18:26:54.561+0200: 7.892: [GC (Allocation Failure) 2020-09-29T18:26:54.561+0200: 7.892: [ParNew: 587636K->60918K(613440K), 0.0332838 secs] 588725K->62007K(2029056K), 0.0333667 secs] [Times: user=0.25 sys=0.00, real=0.03 secs] 
2020-09-29T18:26:54.649+0200: 7.980: [GC (Allocation Failure) 2020-09-29T18:26:54.656+0200: 7.987: [ParNew: 606262K->34629K(613440K), 0.0178367 secs] 607351K->35717K(2029056K), 0.0246685 secs] [Times: user=0.11 sys=0.00, real=0.03 secs] 
2020-09-29T18:26:54.729+0200: 8.060: [GC (Allocation Failure) 2020-09-29T18:26:54.729+0200: 8.060: [ParNew: 579973K->52674K(613440K), 0.0310415 secs] 581061K->53763K(2029056K), 0.0311162 secs] [Times: user=0.25 sys=0.00, real=0.03 secs] 
2020-09-29T18:26:54.812+0200: 8.143: [GC (Allocation Failure) 2020-09-29T18:26:54.812+0200: 8.143: [ParNew: 598018K->57660K(613440K), 0.0304009 secs] 599107K->58749K(2029056K), 0.0304890 secs] [Times: user=0.25 sys=0.00, real=0.03 secs] 
2020-09-29T18:26:54.899+0200: 8.230: [GC (Allocation Failure) 2020-09-29T18:26:54.899+0200: 8.230: [ParNew: 603004K->36680K(613440K), 0.0190561 secs] 604093K->37768K(2029056K), 0.0191283 secs] [Times: user=0.13 sys=0.00, real=0.02 secs] 
2020-09-29T18:26:54.976+0200: 8.307: [GC (Allocation Failure) 2020-09-29T18:26:54.976+0200: 8.307: [ParNew: 582024K->22650K(613440K), 0.0154918 secs] 583112K->23738K(2029056K), 0.0155643 secs] [Times: user=0.13 sys=0.00, real=0.01 secs] 
2020-09-29T18:26:55.046+0200: 8.376: [GC (Allocation Failure) 2020-09-29T18:26:55.046+0200: 8.376: [ParNew: 567994K->51239K(613440K), 0.0326467 secs] 569082K->52328K(2029056K), 0.0327224 secs] [Times: user=0.25 sys=0.00, real=0.03 secs] 
2020-09-29T18:26:55.128+0200: 8.459: [GC (Allocation Failure) 2020-09-29T18:26:55.128+0200: 8.459: [ParNew: 596583K->63822K(613440K), 0.0310961 secs] 597672K->64911K(2029056K), 0.0311733 secs] [Times: user=0.25 sys=0.00, real=0.03 secs] 
2020-09-29T18:26:55.211+0200: 8.542: [GC (Allocation Failure) 2020-09-29T18:26:55.211+0200: 8.542: [ParNew: 609166K->40528K(613440K), 0.0233262 secs] 610255K->41617K(2029056K), 0.0234065 secs] [Times: user=0.13 sys=0.00, real=0.02 secs] 
2020-09-29T18:26:55.291+0200: 8.622: [GC (Allocation Failure) 2020-09-29T18:26:55.291+0200: 8.622: [ParNew: 585872K->41146K(613440K), 0.0277554 secs] 586961K->42235K(2029056K), 0.0278314 secs] [Times: user=0.25 sys=0.00, real=0.03 secs] 
2020-09-29T18:26:55.374+0200: 8.705: [GC (Allocation Failure) 2020-09-29T18:26:55.374+0200: 8.705: [ParNew: 586490K->40465K(613440K), 0.0258672 secs] 587579K->41553K(2029056K), 0.0259700 secs] [Times: user=0.25 sys=0.00, real=0.03 secs] 
2020-09-29T18:26:55.456+0200: 8.786: [GC (Allocation Failure) 2020-09-29T18:26:55.456+0200: 8.786: [ParNew: 585809K->36765K(613440K), 0.0278789 secs] 586897K->37854K(2029056K), 0.0279524 secs] [Times: user=0.25 sys=0.00, real=0.03 secs] 
2020-09-29T18:26:55.534+0200: 8.865: [GC (Allocation Failure) 2020-09-29T18:26:55.534+0200: 8.865: [ParNew: 582109K->39511K(613440K), 0.0258223 secs] 583198K->40600K(2029056K), 0.0258983 secs] [Times: user=0.25 sys=0.00, real=0.03 secs] 
2020-09-29T18:26:55.616+0200: 8.946: [GC (Allocation Failure) 2020-09-29T18:26:55.617+0200: 8.947: [ParNew: 584855K->29770K(613440K), 0.0138342 secs] 585944K->30859K(2029056K), 0.0146317 secs] [Times: user=0.13 sys=0.00, real=0.02 secs] 
2020-09-29T18:26:55.690+0200: 9.021: [GC (Allocation Failure) 2020-09-29T18:26:55.690+0200: 9.021: [ParNew: 575114K->42549K(613440K), 0.0300335 secs] 576203K->43638K(2029056K), 0.0301112 secs] [Times: user=0.25 sys=0.00, real=0.03 secs] 
2020-09-29T18:26:55.778+0200: 9.109: [GC (Allocation Failure) 2020-09-29T18:26:55.778+0200: 9.109: [ParNew: 587893K->35822K(613440K), 0.0183947 secs] 588982K->36910K(2029056K), 0.0184712 secs] [Times: user=0.13 sys=0.00, real=0.02 secs] 
2020-09-29T18:26:55.854+0200: 9.185: [GC (Allocation Failure) 2020-09-29T18:26:55.854+0200: 9.185: [ParNew: 581166K->43463K(613440K), 0.0178814 secs] 582254K->44552K(2029056K), 0.0179363 secs] [Times: user=0.13 sys=0.00, real=0.02 secs] 
2020-09-29T18:26:55.919+0200: 9.249: [GC (Allocation Failure) 2020-09-29T18:26:55.919+0200: 9.249: [ParNew: 588807K->26819K(613440K), 0.0115792 secs] 589896K->27907K(2029056K), 0.0116489 secs] [Times: user=0.13 sys=0.00, real=0.01 secs] 
2020-09-29T18:26:55.984+0200: 9.315: [GC (Allocation Failure) 2020-09-29T18:26:55.984+0200: 9.315: [ParNew: 572163K->28313K(613440K), 0.0146005 secs] 573251K->29402K(2029056K), 0.0146582 secs] [Times: user=0.13 sys=0.00, real=0.02 secs] 
2020-09-29T18:26:56.047+0200: 9.377: [GC (Allocation Failure) 2020-09-29T18:26:56.047+0200: 9.377: [ParNew: 573657K->43136K(613440K), 0.0187045 secs] 574746K->44224K(2029056K), 0.0187607 secs] [Times: user=0.13 sys=0.00, real=0.02 secs] 
2020-09-29T18:26:56.113+0200: 9.444: [GC (Allocation Failure) 2020-09-29T18:26:56.113+0200: 9.444: [ParNew: 588480K->63246K(613440K), 0.0233264 secs] 589568K->64334K(2029056K), 0.0233860 secs] [Times: user=0.20 sys=0.00, real=0.02 secs] 
2020-09-29T18:26:56.183+0200: 9.514: [GC (Allocation Failure) 2020-09-29T18:26:56.183+0200: 9.514: [ParNew: 608590K->53741K(613440K), 0.0225972 secs] 609678K->54829K(2029056K), 0.0226566 secs] [Times: user=0.13 sys=0.00, real=0.02 secs] 
2020-09-29T18:26:56.254+0200: 9.585: [GC (Allocation Failure) 2020-09-29T18:26:56.254+0200: 9.585: [ParNew: 599085K->54178K(613440K), 0.0213360 secs] 600173K->55267K(2029056K), 0.0213909 secs] [Times: user=0.14 sys=0.00, real=0.02 secs] 
2020-09-29T18:26:56.325+0200: 9.655: [GC (Allocation Failure) 2020-09-29T18:26:56.325+0200: 9.655: [ParNew: 599522K->44064K(613440K), 0.0167841 secs] 600611K->45153K(2029056K), 0.0168479 secs] [Times: user=0.13 sys=0.00, real=0.02 secs] 
2020-09-29T18:26:56.388+0200: 9.719: [GC (Allocation Failure) 2020-09-29T18:26:56.388+0200: 9.719: [ParNew: 589408K->65888K(613440K), 0.0208272 secs] 590497K->66976K(2029056K), 0.0208816 secs] [Times: user=0.13 sys=0.00, real=0.02 secs] 
2020-09-29T18:26:56.458+0200: 9.789: [GC (Allocation Failure) 2020-09-29T18:26:56.459+0200: 9.789: [ParNew: 611232K->42926K(613440K), 0.0206163 secs] 612320K->44015K(2029056K), 0.0206826 secs] [Times: user=0.13 sys=0.00, real=0.02 secs] 
2020-09-29T18:26:56.526+0200: 9.857: [GC (Allocation Failure) 2020-09-29T18:26:56.526+0200: 9.857: [ParNew: 588270K->44418K(613440K), 0.0188336 secs] 589359K->45507K(2029056K), 0.0188894 secs] [Times: user=0.13 sys=0.00, real=0.02 secs] 
2020-09-29T18:26:56.593+0200: 9.924: [GC (Allocation Failure) 2020-09-29T18:26:56.593+0200: 9.924: [ParNew: 589762K->68096K(613440K), 0.0227420 secs] 590851K->69558K(2029056K), 0.0228132 secs] [Times: user=0.23 sys=0.02, real=0.02 secs] 
2020-09-29T18:26:56.666+0200: 9.996: [GC (Allocation Failure) 2020-09-29T18:26:56.666+0200: 9.996: [ParNew: 613440K->46571K(613440K), 0.0162651 secs] 614902K->48034K(2029056K), 0.0163321 secs] [Times: user=0.13 sys=0.00, real=0.02 secs] 
2020-09-29T18:26:56.728+0200: 10.059: [GC (Allocation Failure) 2020-09-29T18:26:56.728+0200: 10.059: [ParNew: 591915K->35612K(613440K), 0.0143345 secs] 593378K->37075K(2029056K), 0.0143919 secs] [Times: user=0.13 sys=0.00, real=0.02 secs] 
2020-09-29T18:26:56.795+0200: 10.125: [GC (Allocation Failure) 2020-09-29T18:26:56.795+0200: 10.125: [ParNew: 580956K->30453K(613440K), 0.0135513 secs] 582419K->31916K(2029056K), 0.0136058 secs] [Times: user=0.13 sys=0.00, real=0.01 secs] 
2020-09-29T18:26:56.857+0200: 10.188: [GC (Allocation Failure) 2020-09-29T18:26:56.857+0200: 10.188: [ParNew: 575797K->64234K(613440K), 0.0232295 secs] 577260K->65696K(2029056K), 0.0233115 secs] [Times: user=0.25 sys=0.00, real=0.02 secs] 
2020-09-29T18:26:56.931+0200: 10.261: [GC (Allocation Failure) 2020-09-29T18:26:56.931+0200: 10.261: [ParNew: 609578K->46052K(613440K), 0.0237042 secs] 611040K->47515K(2029056K), 0.0237921 secs] [Times: user=0.11 sys=0.00, real=0.02 secs] 
2020-09-29T18:26:57.008+0200: 10.338: [GC (Allocation Failure) 2020-09-29T18:26:57.008+0200: 10.338: [ParNew: 591396K->41398K(613440K), 0.0179389 secs] 592859K->42861K(2029056K), 0.0180296 secs] [Times: user=0.13 sys=0.00, real=0.02 secs] 
2020-09-29T18:26:57.076+0200: 10.407: [GC (Allocation Failure) 2020-09-29T18:26:57.077+0200: 10.407: [ParNew: 586742K->39114K(613440K), 0.0153150 secs] 588205K->40577K(2029056K), 0.0153827 secs] [Times: user=0.13 sys=0.00, real=0.02 secs] 
2020-09-29T18:26:57.142+0200: 10.472: [GC (Allocation Failure) 2020-09-29T18:26:57.142+0200: 10.472: [ParNew: 584458K->36521K(613440K), 0.0159874 secs] 585921K->37984K(2029056K), 0.0160434 secs] [Times: user=0.13 sys=0.00, real=0.02 secs] 
2020-09-29T18:26:57.208+0200: 10.539: [GC (Allocation Failure) 2020-09-29T18:26:57.209+0200: 10.539: [ParNew: 581865K->38293K(613440K), 0.0142110 secs] 583328K->39755K(2029056K), 0.0143224 secs] [Times: user=0.00 sys=0.00, real=0.02 secs] 
2020-09-29T18:26:57.270+0200: 10.601: [GC (Allocation Failure) 2020-09-29T18:26:57.270+0200: 10.601: [ParNew: 583637K->52399K(613440K), 0.0183846 secs] 585099K->53862K(2029056K), 0.0184409 secs] [Times: user=0.25 sys=0.00, real=0.02 secs] 
2020-09-29T18:26:57.337+0200: 10.667: [GC (Allocation Failure) 2020-09-29T18:26:57.337+0200: 10.667: [ParNew: 597743K->65702K(613440K), 0.0225063 secs] 599206K->67165K(2029056K), 0.0225868 secs] [Times: user=0.13 sys=0.00, real=0.02 secs] 
2020-09-29T18:26:57.407+0200: 10.738: [GC (Allocation Failure) 2020-09-29T18:26:57.407+0200: 10.738: [ParNew: 611046K->53772K(613440K), 0.0160332 secs] 612509K->55235K(2029056K), 0.0160934 secs] [Times: user=0.13 sys=0.00, real=0.02 secs] 
2020-09-29T18:26:57.478+0200: 10.808: [GC (Allocation Failure) 2020-09-29T18:26:57.478+0200: 10.808: [ParNew: 599116K->45224K(613440K), 0.0179922 secs] 600579K->46687K(2029056K), 0.0180529 secs] [Times: user=0.13 sys=0.00, real=0.02 secs] 
2020-09-29T18:26:57.548+0200: 10.879: [GC (Allocation Failure) 2020-09-29T18:26:57.548+0200: 10.879: [ParNew: 590568K->55758K(613440K), 0.0205016 secs] 592031K->57220K(2029056K), 0.0205638 secs] [Times: user=0.25 sys=0.00, real=0.02 secs] 
2020-09-29T18:26:57.617+0200: 10.948: [GC (Allocation Failure) 2020-09-29T18:26:57.617+0200: 10.948: [ParNew: 601102K->49296K(613440K), 0.0202213 secs] 602564K->50758K(2029056K), 0.0202873 secs] [Times: user=0.13 sys=0.00, real=0.02 secs] 
2020-09-29T18:26:57.686+0200: 11.016: [GC (Allocation Failure) 2020-09-29T18:26:57.686+0200: 11.016: [ParNew: 594640K->49881K(613440K), 0.0177113 secs] 596102K->51344K(2029056K), 0.0177704 secs] [Times: user=0.13 sys=0.00, real=0.02 secs] 
2020-09-29T18:26:57.752+0200: 11.082: [GC (Allocation Failure) 2020-09-29T18:26:57.752+0200: 11.082: [ParNew: 595225K->47297K(613440K), 0.0176856 secs] 596688K->48760K(2029056K), 0.0177412 secs] [Times: user=0.13 sys=0.00, real=0.02 secs] 
2020-09-29T18:26:57.820+0200: 11.150: [GC (Allocation Failure) 2020-09-29T18:26:57.820+0200: 11.150: [ParNew: 592641K->41266K(613440K), 0.0170827 secs] 594104K->42729K(2029056K), 0.0171431 secs] [Times: user=0.13 sys=0.00, real=0.02 secs] 
2020-09-29T18:26:57.887+0200: 11.217: [GC (Allocation Failure) 2020-09-29T18:26:57.887+0200: 11.217: [ParNew: 586610K->61902K(613440K), 0.0212186 secs] 588073K->63364K(2029056K), 0.0212819 secs] [Times: user=0.13 sys=0.00, real=0.02 secs] 
2020-09-29T18:26:57.954+0200: 11.285: [GC (Allocation Failure) 2020-09-29T18:26:57.954+0200: 11.285: [ParNew: 607246K->48905K(613440K), 0.0202461 secs] 608708K->50368K(2029056K), 0.0203299 secs] [Times: user=0.25 sys=0.00, real=0.02 secs] 
2020-09-29T18:26:58.022+0200: 11.353: [GC (Allocation Failure) 2020-09-29T18:26:58.022+0200: 11.353: [ParNew: 594249K->46815K(613440K), 0.0195889 secs] 595712K->48278K(2029056K), 0.0196963 secs] [Times: user=0.13 sys=0.00, real=0.02 secs] 
2020-09-29T18:26:58.089+0200: 11.419: [GC (Allocation Failure) 2020-09-29T18:26:58.089+0200: 11.419: [ParNew: 592159K->39009K(613440K), 0.0125889 secs] 593622K->40472K(2029056K), 0.0126489 secs] [Times: user=0.13 sys=0.00, real=0.01 secs] 
2020-09-29T18:26:58.149+0200: 11.480: [GC (Allocation Failure) 2020-09-29T18:26:58.150+0200: 11.480: [ParNew: 584353K->21444K(613440K), 0.0123917 secs] 585816K->22907K(2029056K), 0.0124785 secs] [Times: user=0.13 sys=0.00, real=0.01 secs] 
2020-09-29T18:26:58.213+0200: 11.544: [GC (Allocation Failure) 2020-09-29T18:26:58.213+0200: 11.544: [ParNew: 566788K->52476K(613440K), 0.0210957 secs] 568251K->53939K(2029056K), 0.0211676 secs] [Times: user=0.13 sys=0.00, real=0.02 secs] 
2020-09-29T18:26:58.282+0200: 11.612: [GC (Allocation Failure) 2020-09-29T18:26:58.282+0200: 11.612: [ParNew: 597820K->39966K(613440K), 0.0155766 secs] 599283K->41429K(2029056K), 0.0156312 secs] [Times: user=0.13 sys=0.00, real=0.02 secs] 
2020-09-29T18:26:58.345+0200: 11.675: [GC (Allocation Failure) 2020-09-29T18:26:58.345+0200: 11.675: [ParNew: 585310K->34533K(613440K), 0.0142689 secs] 586773K->35996K(2029056K), 0.0143341 secs] [Times: user=0.13 sys=0.00, real=0.01 secs] 
2020-09-29T18:26:58.408+0200: 11.739: [GC (Allocation Failure) 2020-09-29T18:26:58.408+0200: 11.739: [ParNew: 579877K->31595K(613440K), 0.0140714 secs] 581340K->33057K(2029056K), 0.0141282 secs] [Times: user=0.13 sys=0.00, real=0.01 secs] 
2020-09-29T18:26:58.475+0200: 11.806: [GC (Allocation Failure) 2020-09-29T18:26:58.475+0200: 11.806: [ParNew: 576939K->49887K(613440K), 0.0180143 secs] 578401K->51350K(2029056K), 0.0180686 secs] [Times: user=0.13 sys=0.00, real=0.02 secs] 
2020-09-29T18:26:58.543+0200: 11.874: [GC (Allocation Failure) 2020-09-29T18:26:58.543+0200: 11.874: [ParNew: 595231K->66191K(613440K), 0.0236326 secs] 596694K->67654K(2029056K), 0.0237457 secs] [Times: user=0.13 sys=0.00, real=0.02 secs] 
2020-09-29T18:26:58.618+0200: 11.948: [GC (Allocation Failure) 2020-09-29T18:26:58.618+0200: 11.948: [ParNew: 611535K->49879K(613440K), 0.0165448 secs] 612998K->51342K(2029056K), 0.0166104 secs] [Times: user=0.13 sys=0.00, real=0.02 secs] 
2020-09-29T18:26:58.683+0200: 12.013: [GC (Allocation Failure) 2020-09-29T18:26:58.683+0200: 12.013: [ParNew: 595223K->32544K(613440K), 0.0146648 secs] 596686K->34007K(2029056K), 0.0147214 secs] [Times: user=0.13 sys=0.00, real=0.01 secs] 
2020-09-29T18:26:58.745+0200: 12.076: [GC (Allocation Failure) 2020-09-29T18:26:58.745+0200: 12.076: [ParNew: 577888K->51758K(613440K), 0.0195087 secs] 579351K->53221K(2029056K), 0.0195742 secs] [Times: user=0.13 sys=0.00, real=0.02 secs] 
2020-09-29T18:26:58.812+0200: 12.144: [GC (Allocation Failure) 2020-09-29T18:26:58.812+0200: 12.144: [ParNew: 597102K->41654K(613440K), 0.0180668 secs] 598565K->43116K(2029056K), 0.0181236 secs] [Times: user=0.13 sys=0.00, real=0.02 secs] 
2020-09-29T18:26:58.877+0200: 12.209: [GC (Allocation Failure) 2020-09-29T18:26:58.877+0200: 12.209: [ParNew: 586998K->33244K(613440K), 0.0117266 secs] 588460K->34706K(2029056K), 0.0117936 secs] [Times: user=0.13 sys=0.00, real=0.01 secs] 
2020-09-29T18:26:58.937+0200: 12.268: [GC (Allocation Failure) 2020-09-29T18:26:58.937+0200: 12.268: [ParNew: 578588K->33721K(613440K), 0.0157462 secs] 580050K->35183K(2029056K), 0.0157997 secs] [Times: user=0.13 sys=0.00, real=0.02 secs] 
2020-09-29T18:26:59.002+0200: 12.333: [GC (Allocation Failure) 2020-09-29T18:26:59.002+0200: 12.333: [ParNew: 579065K->41639K(613440K), 0.0146199 secs] 580527K->43102K(2029056K), 0.0146755 secs] [Times: user=0.13 sys=0.00, real=0.01 secs] 
2020-09-29T18:26:59.064+0200: 12.396: [GC (Allocation Failure) 2020-09-29T18:26:59.065+0200: 12.396: [ParNew: 586983K->50900K(613440K), 0.0190966 secs] 588446K->52362K(2029056K), 0.0191648 secs] [Times: user=0.25 sys=0.00, real=0.02 secs] 
2020-09-29T18:26:59.133+0200: 12.465: [GC (Allocation Failure) 2020-09-29T18:26:59.134+0200: 12.465: [ParNew: 596244K->43355K(613440K), 0.0181964 secs] 597706K->44817K(2029056K), 0.0182993 secs] [Times: user=0.13 sys=0.00, real=0.02 secs] 
2020-09-29T18:26:59.201+0200: 12.532: [GC (Allocation Failure) 2020-09-29T18:26:59.201+0200: 12.532: [ParNew: 588699K->66233K(613440K), 0.0229763 secs] 590161K->67696K(2029056K), 0.0230330 secs] [Times: user=0.25 sys=0.00, real=0.02 secs] 
2020-09-29T18:26:59.271+0200: 12.602: [GC (Allocation Failure) 2020-09-29T18:26:59.271+0200: 12.602: [ParNew: 611577K->55326K(613440K), 0.0218276 secs] 613040K->56789K(2029056K), 0.0218847 secs] [Times: user=0.13 sys=0.00, real=0.02 secs] 
2020-09-29T18:26:59.340+0200: 12.671: [GC (Allocation Failure) 2020-09-29T18:26:59.340+0200: 12.671: [ParNew: 600670K->46621K(613440K), 0.0155664 secs] 602133K->48083K(2029056K), 0.0156201 secs] [Times: user=0.13 sys=0.00, real=0.02 secs] 
2020-09-29T18:26:59.404+0200: 12.735: [GC (Allocation Failure) 2020-09-29T18:26:59.404+0200: 12.735: [ParNew: 591965K->35510K(613440K), 0.0152210 secs] 593427K->36973K(2029056K), 0.0152919 secs] [Times: user=0.13 sys=0.00, real=0.01 secs] 
2020-09-29T18:26:59.466+0200: 12.797: [GC (Allocation Failure) 2020-09-29T18:26:59.466+0200: 12.797: [ParNew: 580854K->30443K(613440K), 0.0143917 secs] 582317K->31906K(2029056K), 0.0144555 secs] [Times: user=0.13 sys=0.00, real=0.01 secs] 
2020-09-29T18:26:59.531+0200: 12.862: [GC (Allocation Failure) 2020-09-29T18:26:59.531+0200: 12.862: [ParNew: 575787K->51280K(613440K), 0.0191571 secs] 577250K->52743K(2029056K), 0.0192134 secs] [Times: user=0.13 sys=0.00, real=0.02 secs] 
2020-09-29T18:26:59.603+0200: 12.934: [GC (Allocation Failure) 2020-09-29T18:26:59.603+0200: 12.934: [ParNew: 596624K->40495K(613440K), 0.0179830 secs] 598087K->41958K(2029056K), 0.0180470 secs] [Times: user=0.13 sys=0.00, real=0.02 secs] 
2020-09-29T18:26:59.673+0200: 13.004: [GC (Allocation Failure) 2020-09-29T18:26:59.673+0200: 13.004: [ParNew: 585839K->35620K(613440K), 0.0152451 secs] 587302K->37082K(2029056K), 0.0153023 secs] [Times: user=0.13 sys=0.00, real=0.01 secs] 
2020-09-29T18:26:59.739+0200: 13.071: [GC (Allocation Failure) 2020-09-29T18:26:59.739+0200: 13.071: [ParNew: 580964K->60689K(613440K), 0.0215222 secs] 582426K->62151K(2029056K), 0.0216246 secs] [Times: user=0.11 sys=0.00, real=0.02 secs] 
2020-09-29T18:26:59.810+0200: 13.142: [GC (Allocation Failure) 2020-09-29T18:26:59.810+0200: 13.142: [ParNew: 606033K->40672K(613440K), 0.0161367 secs] 607495K->42134K(2029056K), 0.0161993 secs] [Times: user=0.13 sys=0.00, real=0.02 secs] 
2020-09-29T18:26:59.874+0200: 13.205: [GC (Allocation Failure) 2020-09-29T18:26:59.874+0200: 13.205: [ParNew: 586016K->59407K(613440K), 0.0197926 secs] 587478K->60870K(2029056K), 0.0198517 secs] [Times: user=0.13 sys=0.00, real=0.02 secs] 
2020-09-29T18:26:59.943+0200: 13.273: [GC (Allocation Failure) 2020-09-29T18:26:59.943+0200: 13.273: [ParNew: 604751K->51635K(613440K), 0.0195366 secs] 606214K->53098K(2029056K), 0.0196235 secs] [Times: user=0.13 sys=0.00, real=0.02 secs] 
2020-09-29T18:27:00.011+0200: 13.342: [GC (Allocation Failure) 2020-09-29T18:27:00.011+0200: 13.342: [ParNew: 596979K->45725K(613440K), 0.0221263 secs] 598442K->47187K(2029056K), 0.0222111 secs] [Times: user=0.11 sys=0.00, real=0.02 secs] 
2020-09-29T18:27:00.083+0200: 13.414: [GC (Allocation Failure) 2020-09-29T18:27:00.083+0200: 13.414: [ParNew: 591069K->60234K(613440K), 0.0267671 secs] 592531K->61697K(2029056K), 0.0268495 secs] [Times: user=0.11 sys=0.00, real=0.03 secs] 
2020-09-29T18:27:00.159+0200: 13.490: [GC (Allocation Failure) 2020-09-29T18:27:00.159+0200: 13.490: [ParNew: 605578K->52776K(613440K), 0.0234657 secs] 607041K->54239K(2029056K), 0.0235390 secs] [Times: user=0.25 sys=0.00, real=0.02 secs] 
2020-09-29T18:27:00.232+0200: 13.563: [GC (Allocation Failure) 2020-09-29T18:27:00.232+0200: 13.563: [ParNew: 598120K->48426K(613440K), 0.0177749 secs] 599583K->49889K(2029056K), 0.0178378 secs] [Times: user=0.13 sys=0.00, real=0.02 secs] 
2020-09-29T18:27:00.299+0200: 13.630: [GC (Allocation Failure) 2020-09-29T18:27:00.299+0200: 13.630: [ParNew: 593770K->40104K(613440K), 0.0155556 secs] 595233K->41566K(2029056K), 0.0156112 secs] [Times: user=0.13 sys=0.00, real=0.01 secs] 
2020-09-29T18:27:00.366+0200: 13.697: [GC (Allocation Failure) 2020-09-29T18:27:00.366+0200: 13.697: [ParNew: 585448K->54890K(613440K), 0.0205067 secs] 586910K->56353K(2029056K), 0.0205941 secs] [Times: user=0.13 sys=0.00, real=0.02 secs] 
2020-09-29T18:27:00.434+0200: 13.765: [GC (Allocation Failure) 2020-09-29T18:27:00.434+0200: 13.765: [ParNew: 600234K->48420K(613440K), 0.0184373 secs] 601697K->49883K(2029056K), 0.0184935 secs] [Times: user=0.13 sys=0.00, real=0.02 secs] 
2020-09-29T18:27:00.500+0200: 13.831: [GC (Allocation Failure) 2020-09-29T18:27:00.500+0200: 13.831: [ParNew: 593764K->43626K(613440K), 0.0187802 secs] 595227K->45088K(2029056K), 0.0188521 secs] [Times: user=0.13 sys=0.00, real=0.02 secs] 
2020-09-29T18:27:00.568+0200: 13.899: [GC (Allocation Failure) 2020-09-29T18:27:00.569+0200: 13.899: [ParNew: 588970K->64083K(613440K), 0.0258829 secs] 590432K->65545K(2029056K), 0.0259605 secs] [Times: user=0.11 sys=0.00, real=0.03 secs] 
2020-09-29T18:27:00.648+0200: 13.979: [GC (Allocation Failure) 2020-09-29T18:27:00.648+0200: 13.979: [ParNew: 609427K->55155K(613440K), 0.0214054 secs] 610889K->56617K(2029056K), 0.0214629 secs] [Times: user=0.13 sys=0.00, real=0.02 secs] 
2020-09-29T18:27:00.716+0200: 14.047: [GC (Allocation Failure) 2020-09-29T18:27:00.716+0200: 14.047: [ParNew: 600499K->53274K(613440K), 0.0206418 secs] 601961K->54737K(2029056K), 0.0206991 secs] [Times: user=0.13 sys=0.00, real=0.02 secs] 
2020-09-29T18:27:00.786+0200: 14.117: [GC (Allocation Failure) 2020-09-29T18:27:00.786+0200: 14.117: [ParNew: 598618K->41911K(613440K), 0.0156704 secs] 600081K->43374K(2029056K), 0.0157245 secs] [Times: user=0.13 sys=0.00, real=0.02 secs] 
2020-09-29T18:27:00.849+0200: 14.180: [GC (Allocation Failure) 2020-09-29T18:27:00.849+0200: 14.180: [ParNew: 587255K->64921K(613440K), 0.0195277 secs] 588718K->66384K(2029056K), 0.0196058 secs] [Times: user=0.13 sys=0.00, real=0.02 secs] 
2020-09-29T18:27:00.917+0200: 14.248: [GC (Allocation Failure) 2020-09-29T18:27:00.918+0200: 14.248: [ParNew: 610265K->48328K(613440K), 0.0193075 secs] 611728K->49790K(2029056K), 0.0193844 secs] [Times: user=0.13 sys=0.00, real=0.02 secs] 
2020-09-29T18:27:00.986+0200: 14.317: [GC (Allocation Failure) 2020-09-29T18:27:00.986+0200: 14.317: [ParNew: 593672K->37313K(613440K), 0.0126461 secs] 595134K->38776K(2029056K), 0.0127024 secs] [Times: user=0.11 sys=0.00, real=0.01 secs] 
2020-09-29T18:27:01.049+0200: 14.380: [GC (Allocation Failure) 2020-09-29T18:27:01.049+0200: 14.380: [ParNew: 582657K->52728K(613440K), 0.0229304 secs] 584120K->54191K(2029056K), 0.0229937 secs] [Times: user=0.25 sys=0.00, real=0.02 secs] 
2020-09-29T18:27:01.120+0200: 14.451: [GC (Allocation Failure) 2020-09-29T18:27:01.120+0200: 14.451: [ParNew: 598072K->68096K(613440K), 0.0227021 secs] 599535K->70024K(2029056K), 0.0227608 secs] [Times: user=0.13 sys=0.00, real=0.02 secs] 
2020-09-29T18:27:01.191+0200: 14.522: [GC (Allocation Failure) 2020-09-29T18:27:01.191+0200: 14.522: [ParNew: 613440K->48175K(613440K), 0.0162384 secs] 615368K->50103K(2029056K), 0.0162933 secs] [Times: user=0.16 sys=0.00, real=0.02 secs] 
2020-09-29T18:27:01.257+0200: 14.588: [GC (Allocation Failure) 2020-09-29T18:27:01.258+0200: 14.588: [ParNew: 593519K->41669K(613440K), 0.0149200 secs] 595447K->43597K(2029056K), 0.0149900 secs] [Times: user=0.13 sys=0.00, real=0.02 secs] 
2020-09-29T18:27:01.321+0200: 14.652: [GC (Allocation Failure) 2020-09-29T18:27:01.321+0200: 14.652: [ParNew: 587013K->36194K(613440K), 0.0154872 secs] 588941K->38122K(2029056K), 0.0155643 secs] [Times: user=0.13 sys=0.00, real=0.02 secs] 
2020-09-29T18:27:01.391+0200: 14.722: [GC (Allocation Failure) 2020-09-29T18:27:01.391+0200: 14.722: [ParNew: 581538K->68096K(613440K), 0.0243226 secs] 583466K->70024K(2029056K), 0.0244010 secs] [Times: user=0.25 sys=0.00, real=0.02 secs] 
2020-09-29T18:27:01.464+0200: 14.795: [GC (Allocation Failure) 2020-09-29T18:27:01.464+0200: 14.795: [ParNew: 613440K->49508K(613440K), 0.0200500 secs] 615368K->51436K(2029056K), 0.0201084 secs] [Times: user=0.13 sys=0.00, real=0.02 secs] 
2020-09-29T18:27:01.532+0200: 14.862: [GC (Allocation Failure) 2020-09-29T18:27:01.532+0200: 14.862: [ParNew: 594852K->45777K(613440K), 0.0186662 secs] 596780K->47705K(2029056K), 0.0187619 secs] [Times: user=0.13 sys=0.00, real=0.02 secs] 
2020-09-29T18:27:01.600+0200: 14.931: [GC (Allocation Failure) 2020-09-29T18:27:01.600+0200: 14.931: [ParNew: 591121K->38405K(613440K), 0.0122730 secs] 593049K->40333K(2029056K), 0.0123404 secs] [Times: user=0.00 sys=0.00, real=0.01 secs] 
2020-09-29T18:27:01.669+0200: 15.000: [GC (Allocation Failure) 2020-09-29T18:27:01.669+0200: 15.000: [ParNew: 583749K->40616K(613440K), 0.0175988 secs] 585677K->42544K(2029056K), 0.0176781 secs] [Times: user=0.13 sys=0.00, real=0.02 secs] 
2020-09-29T18:27:01.737+0200: 15.068: [GC (Allocation Failure) 2020-09-29T18:27:01.737+0200: 15.068: [ParNew: 585960K->54383K(613440K), 0.0216894 secs] 587888K->56311K(2029056K), 0.0217433 secs] [Times: user=0.23 sys=0.00, real=0.02 secs] 
2020-09-29T18:27:01.806+0200: 15.137: [GC (Allocation Failure) 2020-09-29T18:27:01.806+0200: 15.137: [ParNew: 599727K->46067K(613440K), 0.0160419 secs] 601655K->47995K(2029056K), 0.0160972 secs] [Times: user=0.13 sys=0.00, real=0.02 secs] 
2020-09-29T18:27:01.873+0200: 15.204: [GC (Allocation Failure) 2020-09-29T18:27:01.873+0200: 15.204: [ParNew: 591411K->63228K(613440K), 0.0207889 secs] 593339K->65156K(2029056K), 0.0208468 secs] [Times: user=0.13 sys=0.00, real=0.02 secs] 
2020-09-29T18:27:01.941+0200: 15.272: [GC (Allocation Failure) 2020-09-29T18:27:01.941+0200: 15.272: [ParNew: 608572K->43622K(613440K), 0.0152968 secs] 610500K->45550K(2029056K), 0.0153518 secs] [Times: user=0.13 sys=0.00, real=0.02 secs] 
2020-09-29T18:27:02.007+0200: 15.338: [GC (Allocation Failure) 2020-09-29T18:27:02.007+0200: 15.338: [ParNew: 588966K->45222K(613440K), 0.0183581 secs] 590894K->47150K(2029056K), 0.0184563 secs] [Times: user=0.13 sys=0.00, real=0.02 secs] 
2020-09-29T18:27:02.079+0200: 15.410: [GC (Allocation Failure) 2020-09-29T18:27:02.079+0200: 15.410: [ParNew: 590566K->47332K(613440K), 0.0180833 secs] 592494K->49260K(2029056K), 0.0181497 secs] [Times: user=0.13 sys=0.00, real=0.02 secs] 
2020-09-29T18:27:02.147+0200: 15.478: [GC (Allocation Failure) 2020-09-29T18:27:02.147+0200: 15.478: [ParNew: 592676K->36329K(613440K), 0.0127215 secs] 594604K->38258K(2029056K), 0.0127818 secs] [Times: user=0.00 sys=0.00, real=0.01 secs] 
2020-09-29T18:27:02.208+0200: 15.539: [GC (Allocation Failure) 2020-09-29T18:27:02.208+0200: 15.539: [ParNew: 581673K->35829K(613440K), 0.0162461 secs] 583602K->37757K(2029056K), 0.0163285 secs] [Times: user=0.13 sys=0.00, real=0.02 secs] 
2020-09-29T18:27:02.273+0200: 15.603: [GC (Allocation Failure) 2020-09-29T18:27:02.273+0200: 15.603: [ParNew: 581173K->28649K(613440K), 0.0097554 secs] 583101K->30577K(2029056K), 0.0098436 secs] [Times: user=0.00 sys=0.00, real=0.01 secs] 
2020-09-29T18:27:02.339+0200: 15.670: [GC (Allocation Failure) 2020-09-29T18:27:02.339+0200: 15.670: [ParNew: 573993K->45964K(613440K), 0.0198470 secs] 575921K->47892K(2029056K), 0.0199201 secs] [Times: user=0.13 sys=0.00, real=0.02 secs] 
2020-09-29T18:27:02.408+0200: 15.739: [GC (Allocation Failure) 2020-09-29T18:27:02.408+0200: 15.739: [ParNew: 591308K->37803K(613440K), 0.0148541 secs] 593236K->39731K(2029056K), 0.0149101 secs] [Times: user=0.11 sys=0.00, real=0.02 secs] 
2020-09-29T18:27:02.482+0200: 15.812: [GC (Allocation Failure) 2020-09-29T18:27:02.482+0200: 15.812: [ParNew: 583147K->26977K(613440K), 0.0157501 secs] 585075K->28905K(2029056K), 0.0158166 secs] [Times: user=0.13 sys=0.00, real=0.01 secs] 
2020-09-29T18:27:02.551+0200: 15.882: [GC (Allocation Failure) 2020-09-29T18:27:02.551+0200: 15.882: [ParNew: 572321K->47845K(613440K), 0.0192310 secs] 574249K->49773K(2029056K), 0.0193061 secs] [Times: user=0.25 sys=0.00, real=0.02 secs] 
2020-09-29T18:27:02.621+0200: 15.952: [GC (Allocation Failure) 2020-09-29T18:27:02.622+0200: 15.952: [ParNew: 593189K->51923K(613440K), 0.0193729 secs] 595117K->53851K(2029056K), 0.0194368 secs] [Times: user=0.11 sys=0.00, real=0.02 secs] 
2020-09-29T18:27:02.693+0200: 16.023: [GC (Allocation Failure) 2020-09-29T18:27:02.693+0200: 16.023: [ParNew: 597267K->59143K(613440K), 0.0223264 secs] 599195K->61071K(2029056K), 0.0223835 secs] [Times: user=0.13 sys=0.00, real=0.02 secs] 
2020-09-29T18:27:02.763+0200: 16.094: [GC (Allocation Failure) 2020-09-29T18:27:02.763+0200: 16.094: [ParNew: 604487K->49529K(613440K), 0.0214254 secs] 606415K->51457K(2029056K), 0.0215132 secs] [Times: user=0.13 sys=0.00, real=0.02 secs] 
2020-09-29T18:27:02.833+0200: 16.164: [GC (Allocation Failure) 2020-09-29T18:27:02.833+0200: 16.164: [ParNew: 594873K->44885K(613440K), 0.0155377 secs] 596801K->46813K(2029056K), 0.0156169 secs] [Times: user=0.13 sys=0.00, real=0.02 secs] 
2020-09-29T18:27:02.900+0200: 16.231: [GC (Allocation Failure) 2020-09-29T18:27:02.900+0200: 16.231: [ParNew: 590229K->42644K(613440K), 0.0140048 secs] 592157K->44572K(2029056K), 0.0140644 secs] [Times: user=0.13 sys=0.00, real=0.01 secs] 
2020-09-29T18:27:02.964+0200: 16.295: [GC (Allocation Failure) 2020-09-29T18:27:02.964+0200: 16.295: [ParNew: 587988K->45540K(613440K), 0.0192247 secs] 589916K->47468K(2029056K), 0.0192916 secs] [Times: user=0.13 sys=0.00, real=0.02 secs] 
2020-09-29T18:27:03.032+0200: 16.363: [GC (Allocation Failure) 2020-09-29T18:27:03.032+0200: 16.363: [ParNew: 590884K->54680K(613440K), 0.0179848 secs] 592812K->56608K(2029056K), 0.0180549 secs] [Times: user=0.13 sys=0.00, real=0.02 secs] 
2020-09-29T18:27:03.097+0200: 16.428: [GC (Allocation Failure) 2020-09-29T18:27:03.097+0200: 16.428: [ParNew: 600024K->40120K(613440K), 0.0168791 secs] 601952K->42049K(2029056K), 0.0169339 secs] [Times: user=0.25 sys=0.00, real=0.02 secs] 
2020-09-29T18:27:03.167+0200: 16.497: [GC (Allocation Failure) 2020-09-29T18:27:03.167+0200: 16.498: [ParNew: 585464K->58260K(613440K), 0.0218776 secs] 587393K->60188K(2029056K), 0.0219436 secs] [Times: user=0.13 sys=0.00, real=0.02 secs] 
2020-09-29T18:27:03.236+0200: 16.566: [GC (Allocation Failure) 2020-09-29T18:27:03.236+0200: 16.566: [ParNew: 603604K->44038K(613440K), 0.0149967 secs] 605532K->45966K(2029056K), 0.0150567 secs] [Times: user=0.13 sys=0.00, real=0.01 secs] 
2020-09-29T18:27:03.300+0200: 16.631: [GC (Allocation Failure) 2020-09-29T18:27:03.300+0200: 16.631: [ParNew: 589382K->61972K(613440K), 0.0208579 secs] 591310K->63900K(2029056K), 0.0209188 secs] [Times: user=0.25 sys=0.00, real=0.02 secs] 
2020-09-29T18:27:03.368+0200: 16.699: [GC (Allocation Failure) 2020-09-29T18:27:03.368+0200: 16.699: [ParNew: 607316K->40468K(613440K), 0.0144132 secs] 609244K->42396K(2029056K), 0.0144805 secs] [Times: user=0.13 sys=0.00, real=0.01 secs] 
2020-09-29T18:27:03.431+0200: 16.762: [GC (Allocation Failure) 2020-09-29T18:27:03.431+0200: 16.762: [ParNew: 585812K->36760K(613440K), 0.0126577 secs] 587740K->38688K(2029056K), 0.0127173 secs] [Times: user=0.13 sys=0.00, real=0.01 secs] 
2020-09-29T18:27:03.497+0200: 16.828: [GC (Allocation Failure) 2020-09-29T18:27:03.497+0200: 16.828: [ParNew: 582104K->52640K(613440K), 0.0184867 secs] 584032K->54568K(2029056K), 0.0185621 secs] [Times: user=0.13 sys=0.00, real=0.02 secs] 
2020-09-29T18:27:03.564+0200: 16.895: [GC (Allocation Failure) 2020-09-29T18:27:03.564+0200: 16.895: [ParNew: 597984K->58015K(613440K), 0.0185792 secs] 599912K->59943K(2029056K), 0.0186390 secs] [Times: user=0.23 sys=0.00, real=0.02 secs] 
2020-09-29T18:27:03.634+0200: 16.965: [GC (Allocation Failure) 2020-09-29T18:27:03.634+0200: 16.965: [ParNew: 603359K->44779K(613440K), 0.0189877 secs] 605287K->46707K(2029056K), 0.0190468 secs] [Times: user=0.13 sys=0.00, real=0.02 secs] 
2020-09-29T18:27:03.701+0200: 17.032: [GC (Allocation Failure) 2020-09-29T18:27:03.701+0200: 17.032: [ParNew: 590123K->60077K(613440K), 0.0214400 secs] 592051K->62005K(2029056K), 0.0215034 secs] [Times: user=0.13 sys=0.00, real=0.02 secs] 
2020-09-29T18:27:03.771+0200: 17.101: [GC (Allocation Failure) 2020-09-29T18:27:03.771+0200: 17.101: [ParNew: 605421K->46143K(613440K), 0.0204267 secs] 607349K->48071K(2029056K), 0.0205013 secs] [Times: user=0.13 sys=0.00, real=0.02 secs] 
2020-09-29T18:27:03.841+0200: 17.172: [GC (Allocation Failure) 2020-09-29T18:27:03.841+0200: 17.172: [ParNew: 591487K->38916K(613440K), 0.0141176 secs] 593415K->40844K(2029056K), 0.0141729 secs] [Times: user=0.13 sys=0.00, real=0.01 secs] 
2020-09-29T18:27:03.908+0200: 17.239: [GC (Allocation Failure) 2020-09-29T18:27:03.908+0200: 17.239: [ParNew: 584260K->57175K(613440K), 0.0188997 secs] 586188K->59103K(2029056K), 0.0189541 secs] [Times: user=0.24 sys=0.02, real=0.02 secs] 
2020-09-29T18:27:03.974+0200: 17.305: [GC (Allocation Failure) 2020-09-29T18:27:03.975+0200: 17.305: [ParNew: 602519K->43635K(613440K), 0.0165495 secs] 604447K->45563K(2029056K), 0.0166056 secs] [Times: user=0.13 sys=0.00, real=0.02 secs] 
2020-09-29T18:27:04.038+0200: 17.369: [GC (Allocation Failure) 2020-09-29T18:27:04.038+0200: 17.369: [ParNew: 588979K->39606K(613440K), 0.0155613 secs] 590907K->41534K(2029056K), 0.0156199 secs] [Times: user=0.13 sys=0.00, real=0.01 secs] 
2020-09-29T18:27:04.104+0200: 17.434: [GC (Allocation Failure) 2020-09-29T18:27:04.104+0200: 17.434: [ParNew: 584950K->35347K(613440K), 0.0157901 secs] 586878K->37275K(2029056K), 0.0158607 secs] [Times: user=0.13 sys=0.00, real=0.02 secs] 
2020-09-29T18:27:04.167+0200: 17.498: [GC (Allocation Failure) 2020-09-29T18:27:04.167+0200: 17.498: [ParNew: 580691K->56058K(613440K), 0.0195861 secs] 582619K->57986K(2029056K), 0.0196642 secs] [Times: user=0.13 sys=0.00, real=0.02 secs] 
2020-09-29T18:27:04.235+0200: 17.566: [GC (Allocation Failure) 2020-09-29T18:27:04.235+0200: 17.566: [ParNew: 601402K->40516K(613440K), 0.0130226 secs] 603330K->42444K(2029056K), 0.0130805 secs] [Times: user=0.13 sys=0.00, real=0.01 secs] 
2020-09-29T18:27:04.298+0200: 17.629: [GC (Allocation Failure) 2020-09-29T18:27:04.298+0200: 17.629: [ParNew: 585860K->35895K(613440K), 0.0158268 secs] 587788K->37823K(2029056K), 0.0158822 secs] [Times: user=0.13 sys=0.00, real=0.02 secs] 
2020-09-29T18:27:04.365+0200: 17.696: [GC (Allocation Failure) 2020-09-29T18:27:04.365+0200: 17.696: [ParNew: 581239K->51785K(613440K), 0.0200233 secs] 583167K->53713K(2029056K), 0.0201292 secs] [Times: user=0.13 sys=0.00, real=0.02 secs] 
2020-09-29T18:27:04.437+0200: 17.767: [GC (Allocation Failure) 2020-09-29T18:27:04.437+0200: 17.767: [ParNew: 597129K->58928K(613440K), 0.0196553 secs] 599057K->60857K(2029056K), 0.0197107 secs] [Times: user=0.13 sys=0.00, real=0.02 secs] 
2020-09-29T18:27:04.504+0200: 17.835: [GC (Allocation Failure) 2020-09-29T18:27:04.504+0200: 17.835: [ParNew: 604272K->44930K(613440K), 0.0188608 secs] 606201K->46858K(2029056K), 0.0189442 secs] [Times: user=0.25 sys=0.00, real=0.02 secs] 
2020-09-29T18:27:04.571+0200: 17.902: [GC (Allocation Failure) 2020-09-29T18:27:04.571+0200: 17.902: [ParNew: 590274K->40133K(613440K), 0.0134812 secs] 592202K->42061K(2029056K), 0.0135446 secs] [Times: user=0.13 sys=0.00, real=0.01 secs] 
2020-09-29T18:27:04.639+0200: 17.970: [GC (Allocation Failure) 2020-09-29T18:27:04.639+0200: 17.970: [ParNew: 585477K->40494K(613440K), 0.0181500 secs] 587405K->42422K(2029056K), 0.0182383 secs] [Times: user=0.13 sys=0.00, real=0.02 secs] 
2020-09-29T18:27:04.714+0200: 18.045: [GC (Allocation Failure) 2020-09-29T18:27:04.714+0200: 18.045: [ParNew: 585838K->40622K(613440K), 0.0188358 secs] 587766K->42550K(2029056K), 0.0189050 secs] [Times: user=0.13 sys=0.00, real=0.02 secs] 
2020-09-29T18:27:04.785+0200: 18.116: [GC (Allocation Failure) 2020-09-29T18:27:04.785+0200: 18.116: [ParNew: 585966K->32509K(613440K), 0.0163234 secs] 587894K->34437K(2029056K), 0.0164164 secs] [Times: user=0.13 sys=0.00, real=0.02 secs] 
2020-09-29T18:27:04.855+0200: 18.186: [GC (Allocation Failure) 2020-09-29T18:27:04.855+0200: 18.186: [ParNew: 577853K->24695K(613440K), 0.0144472 secs] 579781K->26623K(2029056K), 0.0145148 secs] [Times: user=0.13 sys=0.00, real=0.01 secs] 
2020-09-29T18:27:04.916+0200: 18.246: [GC (Allocation Failure) 2020-09-29T18:27:04.916+0200: 18.246: [ParNew: 570039K->46699K(613440K), 0.0174147 secs] 571967K->48627K(2029056K), 0.0174724 secs] [Times: user=0.13 sys=0.00, real=0.02 secs] 
2020-09-29T18:27:04.980+0200: 18.311: [GC (Allocation Failure) 2020-09-29T18:27:04.980+0200: 18.311: [ParNew: 592043K->61011K(613440K), 0.0214172 secs] 593971K->62939K(2029056K), 0.0214737 secs] [Times: user=0.13 sys=0.00, real=0.02 secs] 
2020-09-29T18:27:05.048+0200: 18.379: [GC (Allocation Failure) 2020-09-29T18:27:05.048+0200: 18.379: [ParNew: 606355K->42549K(613440K), 0.0103056 secs] 608283K->44477K(2029056K), 0.0103786 secs] [Times: user=0.13 sys=0.00, real=0.01 secs] 
2020-09-29T18:27:05.120+0200: 18.451: [GC (Allocation Failure) 2020-09-29T18:27:05.120+0200: 18.451: [ParNew: 587893K->44826K(613440K), 0.0204311 secs] 589821K->46754K(2029056K), 0.0205064 secs] [Times: user=0.13 sys=0.00, real=0.02 secs] 
2020-09-29T18:27:05.192+0200: 18.522: [GC (Allocation Failure) 2020-09-29T18:27:05.192+0200: 18.522: [ParNew: 590170K->63545K(613440K), 0.0194427 secs] 592098K->65473K(2029056K), 0.0195108 secs] [Times: user=0.13 sys=0.00, real=0.02 secs] 
2020-09-29T18:27:05.258+0200: 18.589: [GC (Allocation Failure) 2020-09-29T18:27:05.258+0200: 18.589: [ParNew: 608889K->44374K(613440K), 0.0189735 secs] 610817K->46302K(2029056K), 0.0190322 secs] [Times: user=0.13 sys=0.00, real=0.02 secs] 
2020-09-29T18:27:05.325+0200: 18.656: [GC (Allocation Failure) 2020-09-29T18:27:05.325+0200: 18.656: [ParNew: 589718K->33748K(613440K), 0.0118602 secs] 591646K->35676K(2029056K), 0.0119211 secs] [Times: user=0.13 sys=0.00, real=0.01 secs] 
2020-09-29T18:27:05.386+0200: 18.717: [GC (Allocation Failure) 2020-09-29T18:27:05.386+0200: 18.717: [ParNew: 579092K->34182K(613440K), 0.0151043 secs] 581020K->36110K(2029056K), 0.0151650 secs] [Times: user=0.13 sys=0.00, real=0.02 secs] 
2020-09-29T18:27:05.456+0200: 18.787: [GC (Allocation Failure) 2020-09-29T18:27:05.456+0200: 18.787: [ParNew: 579526K->45245K(613440K), 0.0165033 secs] 581454K->47173K(2029056K), 0.0165579 secs] [Times: user=0.25 sys=0.00, real=0.02 secs] 
2020-09-29T18:27:05.520+0200: 18.851: [GC (Allocation Failure) 2020-09-29T18:27:05.520+0200: 18.851: [ParNew: 590589K->57160K(613440K), 0.0203419 secs] 592517K->59088K(2029056K), 0.0204044 secs] [Times: user=0.13 sys=0.00, real=0.02 secs] 
2020-09-29T18:27:05.589+0200: 18.920: [GC (Allocation Failure) 2020-09-29T18:27:05.589+0200: 18.920: [ParNew: 602504K->41561K(613440K), 0.0155508 secs] 604432K->43489K(2029056K), 0.0156531 secs] [Times: user=0.13 sys=0.00, real=0.02 secs] 
2020-09-29T18:27:05.659+0200: 18.990: [GC (Allocation Failure) 2020-09-29T18:27:05.659+0200: 18.990: [ParNew: 586905K->39689K(613440K), 0.0138637 secs] 588833K->41617K(2029056K), 0.0139273 secs] [Times: user=0.13 sys=0.00, real=0.01 secs] 
2020-09-29T18:27:05.722+0200: 19.053: [GC (Allocation Failure) 2020-09-29T18:27:05.722+0200: 19.053: [ParNew: 585033K->45501K(613440K), 0.0176952 secs] 586961K->47429K(2029056K), 0.0177546 secs] [Times: user=0.25 sys=0.00, real=0.02 secs] 
2020-09-29T18:27:05.793+0200: 19.123: [GC (Allocation Failure) 2020-09-29T18:27:05.793+0200: 19.123: [ParNew: 590845K->49984K(613440K), 0.0176025 secs] 592773K->51912K(2029056K), 0.0176782 secs] [Times: user=0.13 sys=0.00, real=0.02 secs] 
2020-09-29T18:27:05.858+0200: 19.189: [GC (Allocation Failure) 2020-09-29T18:27:05.858+0200: 19.189: [ParNew: 595328K->37065K(613440K), 0.0165252 secs] 597256K->38993K(2029056K), 0.0166161 secs] [Times: user=0.13 sys=0.00, real=0.02 secs] 
2020-09-29T18:27:05.923+0200: 19.253: [GC (Allocation Failure) 2020-09-29T18:27:05.923+0200: 19.254: [ParNew: 582409K->57367K(613440K), 0.0205372 secs] 584337K->59295K(2029056K), 0.0206001 secs] [Times: user=0.25 sys=0.00, real=0.02 secs] 
2020-09-29T18:27:05.990+0200: 19.321: [GC (Allocation Failure) 2020-09-29T18:27:05.990+0200: 19.321: [ParNew: 602711K->47725K(613440K), 0.0196310 secs] 604639K->49653K(2029056K), 0.0196892 secs] [Times: user=0.13 sys=0.00, real=0.02 secs] 
2020-09-29T18:27:06.058+0200: 19.389: [GC (Allocation Failure) 2020-09-29T18:27:06.058+0200: 19.389: [ParNew: 593069K->46319K(613440K), 0.0180066 secs] 594997K->48247K(2029056K), 0.0180634 secs] [Times: user=0.13 sys=0.00, real=0.02 secs] 
2020-09-29T18:27:06.123+0200: 19.454: [GC (Allocation Failure) 2020-09-29T18:27:06.123+0200: 19.454: [ParNew: 591663K->68096K(613440K), 0.0227434 secs] 593591K->70024K(2029056K), 0.0228351 secs] [Times: user=0.25 sys=0.00, real=0.02 secs] 
2020-09-29T18:27:06.196+0200: 19.527: [GC (Allocation Failure) 2020-09-29T18:27:06.196+0200: 19.527: [ParNew: 613440K->42522K(613440K), 0.0120231 secs] 615368K->44450K(2029056K), 0.0120766 secs] [Times: user=0.13 sys=0.00, real=0.01 secs] 
2020-09-29T18:27:06.268+0200: 19.599: [GC (Allocation Failure) 2020-09-29T18:27:06.268+0200: 19.599: [ParNew: 587866K->40907K(613440K), 0.0152813 secs] 589794K->42835K(2029056K), 0.0153348 secs] [Times: user=0.13 sys=0.00, real=0.02 secs] 
2020-09-29T18:27:06.335+0200: 19.666: [GC (Allocation Failure) 2020-09-29T18:27:06.335+0200: 19.666: [ParNew: 586251K->37296K(613440K), 0.0145337 secs] 588179K->39224K(2029056K), 0.0145873 secs] [Times: user=0.13 sys=0.00, real=0.01 secs] 
2020-09-29T18:27:06.396+0200: 19.727: [GC (Allocation Failure) 2020-09-29T18:27:06.396+0200: 19.727: [ParNew: 582640K->48303K(613440K), 0.0202588 secs] 584568K->50231K(2029056K), 0.0203170 secs] [Times: user=0.13 sys=0.00, real=0.02 secs] 
2020-09-29T18:27:06.464+0200: 19.795: [GC (Allocation Failure) 2020-09-29T18:27:06.464+0200: 19.795: [ParNew: 593647K->46973K(613440K), 0.0188674 secs] 595575K->48901K(2029056K), 0.0189240 secs] [Times: user=0.13 sys=0.00, real=0.02 secs] 
2020-09-29T18:27:06.540+0200: 19.871: [GC (Allocation Failure) 2020-09-29T18:27:06.540+0200: 19.871: [ParNew: 592317K->68096K(613440K), 0.0235359 secs] 594245K->70024K(2029056K), 0.0235920 secs] [Times: user=0.13 sys=0.00, real=0.02 secs] 
2020-09-29T18:27:06.613+0200: 19.944: [GC (Allocation Failure) 2020-09-29T18:27:06.613+0200: 19.944: [ParNew: 613440K->54785K(613440K), 0.0187580 secs] 615368K->56713K(2029056K), 0.0188118 secs] [Times: user=0.23 sys=0.00, real=0.02 secs] 
2020-09-29T18:27:06.678+0200: 20.009: [GC (Allocation Failure) 2020-09-29T18:27:06.678+0200: 20.009: [ParNew: 600129K->46859K(613440K), 0.0160569 secs] 602057K->48787K(2029056K), 0.0161104 secs] [Times: user=0.13 sys=0.00, real=0.02 secs] 
2020-09-29T18:27:06.744+0200: 20.075: [GC (Allocation Failure) 2020-09-29T18:27:06.744+0200: 20.075: [ParNew: 592203K->35282K(613440K), 0.0188101 secs] 594131K->37210K(2029056K), 0.0189018 secs] [Times: user=0.11 sys=0.00, real=0.02 secs] 
2020-09-29T18:27:06.816+0200: 20.147: [GC (Allocation Failure) 2020-09-29T18:27:06.817+0200: 20.147: [ParNew: 580626K->51686K(613440K), 0.0223827 secs] 582554K->53614K(2029056K), 0.0224940 secs] [Times: user=0.14 sys=0.00, real=0.02 secs] 
2020-09-29T18:27:06.892+0200: 20.223: [GC (Allocation Failure) 2020-09-29T18:27:06.892+0200: 20.223: [ParNew: 597030K->58417K(613440K), 0.0222802 secs] 598958K->60345K(2029056K), 0.0223748 secs] [Times: user=0.22 sys=0.00, real=0.02 secs] 
2020-09-29T18:27:06.965+0200: 20.296: [GC (Allocation Failure) 2020-09-29T18:27:06.965+0200: 20.296: [ParNew: 603761K->31218K(613440K), 0.0144431 secs] 605689K->33146K(2029056K), 0.0145356 secs] [Times: user=0.13 sys=0.00, real=0.02 secs] 
2020-09-29T18:27:07.029+0200: 20.360: [GC (Allocation Failure) 2020-09-29T18:27:07.029+0200: 20.360: [ParNew: 576562K->29694K(613440K), 0.0127080 secs] 578490K->31622K(2029056K), 0.0127827 secs] [Times: user=0.13 sys=0.00, real=0.01 secs] 
2020-09-29T18:27:07.101+0200: 20.432: [GC (Allocation Failure) 2020-09-29T18:27:07.101+0200: 20.432: [ParNew: 575038K->49884K(613440K), 0.0206600 secs] 576966K->51812K(2029056K), 0.0207200 secs] [Times: user=0.13 sys=0.00, real=0.02 secs] 
2020-09-29T18:27:07.170+0200: 20.501: [GC (Allocation Failure) 2020-09-29T18:27:07.170+0200: 20.501: [ParNew: 595228K->68096K(613440K), 0.0253425 secs] 597156K->70024K(2029056K), 0.0254021 secs] [Times: user=0.25 sys=0.00, real=0.02 secs] 
2020-09-29T18:27:07.242+0200: 20.573: [GC (Allocation Failure) 2020-09-29T18:27:07.242+0200: 20.573: [ParNew: 613440K->57634K(613440K), 0.0191426 secs] 615368K->59562K(2029056K), 0.0192117 secs] [Times: user=0.13 sys=0.00, real=0.02 secs] 
2020-09-29T18:27:07.312+0200: 20.643: [GC (Allocation Failure) 2020-09-29T18:27:07.312+0200: 20.643: [ParNew: 602978K->48257K(613440K), 0.0202522 secs] 604906K->50185K(2029056K), 0.0203267 secs] [Times: user=0.13 sys=0.00, real=0.02 secs] 
2020-09-29T18:27:07.384+0200: 20.715: [GC (Allocation Failure) 2020-09-29T18:27:07.384+0200: 20.716: [ParNew: 593601K->40384K(613440K), 0.0141091 secs] 595529K->42312K(2029056K), 0.0141771 secs] [Times: user=0.13 sys=0.00, real=0.01 secs] 
2020-09-29T18:27:07.453+0200: 20.784: [GC (Allocation Failure) 2020-09-29T18:27:07.453+0200: 20.784: [ParNew: 585728K->36359K(613440K), 0.0184436 secs] 587656K->38287K(2029056K), 0.0185274 secs] [Times: user=0.11 sys=0.00, real=0.02 secs] 
2020-09-29T18:27:07.519+0200: 20.851: [GC (Allocation Failure) 2020-09-29T18:27:07.519+0200: 20.851: [ParNew: 581703K->31530K(613440K), 0.0138209 secs] 583631K->33458K(2029056K), 0.0138898 secs] [Times: user=0.00 sys=0.01, real=0.01 secs] 
2020-09-29T18:27:07.581+0200: 20.912: [GC (Allocation Failure) 2020-09-29T18:27:07.581+0200: 20.912: [ParNew: 576874K->54378K(613440K), 0.0189537 secs] 578802K->56306K(2029056K), 0.0190210 secs] [Times: user=0.25 sys=0.00, real=0.02 secs] 
2020-09-29T18:27:07.648+0200: 20.980: [GC (Allocation Failure) 2020-09-29T18:27:07.649+0200: 20.980: [ParNew: 599722K->38227K(613440K), 0.0165488 secs] 601650K->40155K(2029056K), 0.0166170 secs] [Times: user=0.13 sys=0.00, real=0.02 secs] 
2020-09-29T18:27:07.715+0200: 21.046: [GC (Allocation Failure) 2020-09-29T18:27:07.715+0200: 21.046: [ParNew: 583571K->32599K(613440K), 0.0113423 secs] 585499K->34527K(2029056K), 0.0114313 secs] [Times: user=0.13 sys=0.00, real=0.01 secs] 
2020-09-29T18:27:07.781+0200: 21.112: [GC (Allocation Failure) 2020-09-29T18:27:07.781+0200: 21.112: [ParNew: 577943K->52598K(613440K), 0.0217133 secs] 579871K->54526K(2029056K), 0.0218057 secs] [Times: user=0.25 sys=0.00, real=0.02 secs] 
2020-09-29T18:27:07.851+0200: 21.182: [GC (Allocation Failure) 2020-09-29T18:27:07.851+0200: 21.182: [ParNew: 597942K->31509K(613440K), 0.0087656 secs] 599870K->33437K(2029056K), 0.0088211 secs] [Times: user=0.00 sys=0.00, real=0.01 secs] 
2020-09-29T18:27:07.911+0200: 21.242: [GC (Allocation Failure) 2020-09-29T18:27:07.911+0200: 21.242: [ParNew: 576853K->28353K(613440K), 0.0127393 secs] 578781K->30281K(2029056K), 0.0127951 secs] [Times: user=0.00 sys=0.00, real=0.01 secs] 
2020-09-29T18:27:07.972+0200: 21.304: [GC (Allocation Failure) 2020-09-29T18:27:07.972+0200: 21.304: [ParNew: 573697K->38859K(613440K), 0.0184616 secs] 575625K->40787K(2029056K), 0.0185413 secs] [Times: user=0.13 sys=0.02, real=0.02 secs] 
2020-09-29T18:27:08.039+0200: 21.370: [GC (Allocation Failure) 2020-09-29T18:27:08.039+0200: 21.370: [ParNew: 584203K->32004K(613440K), 0.0108544 secs] 586131K->33932K(2029056K), 0.0109147 secs] [Times: user=0.00 sys=0.00, real=0.01 secs] 
2020-09-29T18:27:08.099+0200: 21.430: [GC (Allocation Failure) 2020-09-29T18:27:08.099+0200: 21.430: [ParNew: 577348K->34070K(613440K), 0.0158031 secs] 579276K->35998K(2029056K), 0.0158616 secs] [Times: user=0.13 sys=0.00, real=0.02 secs] 
2020-09-29T18:27:08.164+0200: 21.495: [GC (Allocation Failure) 2020-09-29T18:27:08.164+0200: 21.495: [ParNew: 579414K->45925K(613440K), 0.0209730 secs] 581342K->47853K(2029056K), 0.0210363 secs] [Times: user=0.13 sys=0.00, real=0.02 secs] 
2020-09-29T18:27:08.231+0200: 21.563: [GC (Allocation Failure) 2020-09-29T18:27:08.231+0200: 21.563: [ParNew: 591269K->44126K(613440K), 0.0142761 secs] 593197K->46054K(2029056K), 0.0143353 secs] [Times: user=0.13 sys=0.00, real=0.02 secs] 
2020-09-29T18:27:08.293+0200: 21.624: [GC (Allocation Failure) 2020-09-29T18:27:08.293+0200: 21.624: [ParNew: 589470K->42145K(613440K), 0.0182727 secs] 591398K->44073K(2029056K), 0.0268460 secs] [Times: user=0.13 sys=0.00, real=0.03 secs] 
2020-09-29T18:27:08.367+0200: 21.698: [GC (Allocation Failure) 2020-09-29T18:27:08.367+0200: 21.699: [ParNew: 587489K->40253K(613440K), 0.0172051 secs] 589417K->42182K(2029056K), 0.0172754 secs] [Times: user=0.13 sys=0.00, real=0.02 secs] 
2020-09-29T18:27:08.432+0200: 21.763: [GC (Allocation Failure) 2020-09-29T18:27:08.432+0200: 21.763: [ParNew: 585597K->39918K(613440K), 0.0147701 secs] 587526K->41846K(2029056K), 0.0148281 secs] [Times: user=0.13 sys=0.00, real=0.01 secs] 
2020-09-29T18:27:08.495+0200: 21.826: [GC (Allocation Failure) 2020-09-29T18:27:08.495+0200: 21.826: [ParNew: 585262K->36505K(613440K), 0.0128222 secs] 587190K->38433K(2029056K), 0.0128901 secs] [Times: user=0.13 sys=0.00, real=0.01 secs] 
2020-09-29T18:27:08.558+0200: 21.889: [GC (Allocation Failure) 2020-09-29T18:27:08.558+0200: 21.889: [ParNew: 581849K->46629K(613440K), 0.0192278 secs] 583777K->48557K(2029056K), 0.0192884 secs] [Times: user=0.13 sys=0.00, real=0.02 secs] 
2020-09-29T18:27:08.627+0200: 21.958: [GC (Allocation Failure) 2020-09-29T18:27:08.627+0200: 21.958: [ParNew: 591973K->39539K(613440K), 0.0165664 secs] 593901K->41467K(2029056K), 0.0166451 secs] [Times: user=0.13 sys=0.00, real=0.02 secs] 
2020-09-29T18:27:08.694+0200: 22.025: [GC (Allocation Failure) 2020-09-29T18:27:08.694+0200: 22.025: [ParNew: 584883K->37265K(613440K), 0.0171239 secs] 586811K->39193K(2029056K), 0.0171940 secs] [Times: user=0.13 sys=0.00, real=0.02 secs] 
2020-09-29T18:27:08.757+0200: 22.089: [GC (Allocation Failure) 2020-09-29T18:27:08.757+0200: 22.089: [ParNew: 582609K->33514K(613440K), 0.0156481 secs] 584537K->35442K(2029056K), 0.0157297 secs] [Times: user=0.13 sys=0.00, real=0.02 secs] 
2020-09-29T18:27:08.820+0200: 22.152: [GC (Allocation Failure) 2020-09-29T18:27:08.820+0200: 22.152: [ParNew: 578858K->59192K(613440K), 0.0240365 secs] 580786K->61120K(2029056K), 0.0241049 secs] [Times: user=0.13 sys=0.00, real=0.02 secs] 
2020-09-29T18:27:08.896+0200: 22.227: [GC (Allocation Failure) 2020-09-29T18:27:08.896+0200: 22.227: [ParNew: 604536K->52889K(613440K), 0.0192731 secs] 606464K->54817K(2029056K), 0.0193375 secs] [Times: user=0.13 sys=0.00, real=0.02 secs] 
2020-09-29T18:27:08.963+0200: 22.294: [GC (Allocation Failure) 2020-09-29T18:27:08.963+0200: 22.294: [ParNew: 598233K->68096K(613440K), 0.0230664 secs] 600161K->70024K(2029056K), 0.0231366 secs] [Times: user=0.13 sys=0.00, real=0.02 secs] 
2020-09-29T18:27:09.034+0200: 22.365: [GC (Allocation Failure) 2020-09-29T18:27:09.034+0200: 22.365: [ParNew: 613440K->49120K(613440K), 0.0171677 secs] 615368K->51048K(2029056K), 0.0172221 secs] [Times: user=0.25 sys=0.00, real=0.02 secs] 
2020-09-29T18:27:09.100+0200: 22.431: [GC (Allocation Failure) 2020-09-29T18:27:09.100+0200: 22.431: [ParNew: 594464K->40289K(613440K), 0.0172101 secs] 596392K->42217K(2029056K), 0.0172687 secs] [Times: user=0.13 sys=0.00, real=0.02 secs] 
2020-09-29T18:27:09.165+0200: 22.497: [GC (Allocation Failure) 2020-09-29T18:27:09.166+0200: 22.497: [ParNew: 585633K->63887K(613440K), 0.0205712 secs] 587561K->65815K(2029056K), 0.0206681 secs] [Times: user=0.13 sys=0.00, real=0.02 secs] 
2020-09-29T18:27:09.237+0200: 22.568: [GC (Allocation Failure) 2020-09-29T18:27:09.237+0200: 22.568: [ParNew: 609231K->45255K(613440K), 0.0154760 secs] 611159K->47183K(2029056K), 0.0155374 secs] [Times: user=0.11 sys=0.00, real=0.02 secs] 
2020-09-29T18:27:09.300+0200: 22.631: [GC (Allocation Failure) 2020-09-29T18:27:09.300+0200: 22.631: [ParNew: 590599K->44192K(613440K), 0.0198926 secs] 592527K->46120K(2029056K), 0.0199462 secs] [Times: user=0.25 sys=0.00, real=0.02 secs] 
2020-09-29T18:27:09.369+0200: 22.700: [GC (Allocation Failure) 2020-09-29T18:27:09.369+0200: 22.700: [ParNew: 589536K->61483K(613440K), 0.0186753 secs] 591464K->63411K(2029056K), 0.0187481 secs] [Times: user=0.13 sys=0.00, real=0.02 secs] 
2020-09-29T18:27:09.436+0200: 22.767: [GC (Allocation Failure) 2020-09-29T18:27:09.436+0200: 22.767: [ParNew: 606827K->45683K(613440K), 0.0183497 secs] 608755K->47611K(2029056K), 0.0184201 secs] [Times: user=0.13 sys=0.00, real=0.02 secs] 
2020-09-29T18:27:09.506+0200: 22.837: [GC (Allocation Failure) 2020-09-29T18:27:09.506+0200: 22.837: [ParNew: 591027K->62640K(613440K), 0.0222802 secs] 592955K->64568K(2029056K), 0.0223373 secs] [Times: user=0.13 sys=0.00, real=0.02 secs] 
2020-09-29T18:27:09.576+0200: 22.907: [GC (Allocation Failure) 2020-09-29T18:27:09.576+0200: 22.907: [ParNew: 607984K->45004K(613440K), 0.0177784 secs] 609912K->46932K(2029056K), 0.0178652 secs] [Times: user=0.11 sys=0.00, real=0.02 secs] 
2020-09-29T18:27:09.643+0200: 22.974: [GC (Allocation Failure) 2020-09-29T18:27:09.643+0200: 22.974: [ParNew: 590348K->61574K(613440K), 0.0203142 secs] 592276K->63502K(2029056K), 0.0206637 secs] [Times: user=0.24 sys=0.00, real=0.02 secs] 
2020-09-29T18:27:09.713+0200: 23.044: [GC (Allocation Failure) 2020-09-29T18:27:09.713+0200: 23.044: [ParNew: 606918K->51789K(613440K), 0.0199752 secs] 608846K->53717K(2029056K), 0.0200317 secs] [Times: user=0.13 sys=0.00, real=0.02 secs] 
2020-09-29T18:27:09.781+0200: 23.112: [GC (Allocation Failure) 2020-09-29T18:27:09.781+0200: 23.112: [ParNew: 597133K->45624K(613440K), 0.0205153 secs] 599061K->47552K(2029056K), 0.0205954 secs] [Times: user=0.23 sys=0.00, real=0.02 secs] 
2020-09-29T18:27:09.852+0200: 23.184: [GC (Allocation Failure) 2020-09-29T18:27:09.852+0200: 23.184: [ParNew: 590968K->40404K(613440K), 0.0123728 secs] 592896K->42332K(2029056K), 0.0124269 secs] [Times: user=0.13 sys=0.00, real=0.01 secs] 
2020-09-29T18:27:09.918+0200: 23.249: [GC (Allocation Failure) 2020-09-29T18:27:09.918+0200: 23.249: [ParNew: 585748K->39401K(613440K), 0.0185639 secs] 587676K->41329K(2029056K), 0.0186353 secs] [Times: user=0.13 sys=0.00, real=0.02 secs] 
2020-09-29T18:27:09.985+0200: 23.316: [GC (Allocation Failure) 2020-09-29T18:27:09.985+0200: 23.316: [ParNew: 584745K->61728K(613440K), 0.0216326 secs] 586673K->63656K(2029056K), 0.0217017 secs] [Times: user=0.25 sys=0.00, real=0.02 secs] 
2020-09-29T18:27:10.055+0200: 23.386: [GC (Allocation Failure) 2020-09-29T18:27:10.055+0200: 23.386: [ParNew: 607072K->44763K(613440K), 0.0155441 secs] 609000K->46691K(2029056K), 0.0156049 secs] [Times: user=0.13 sys=0.00, real=0.01 secs] 
2020-09-29T18:27:10.118+0200: 23.449: [GC (Allocation Failure) 2020-09-29T18:27:10.118+0200: 23.449: [ParNew: 590107K->34548K(613440K), 0.0148174 secs] 592035K->36476K(2029056K), 0.0148905 secs] [Times: user=0.13 sys=0.00, real=0.01 secs] 
2020-09-29T18:27:10.179+0200: 23.510: [GC (Allocation Failure) 2020-09-29T18:27:10.179+0200: 23.510: [ParNew: 579892K->31639K(613440K), 0.0132823 secs] 581820K->33567K(2029056K), 0.0133713 secs] [Times: user=0.13 sys=0.00, real=0.01 secs] 
2020-09-29T18:27:10.241+0200: 23.573: [GC (Allocation Failure) 2020-09-29T18:27:10.241+0200: 23.573: [ParNew: 576983K->48778K(613440K), 0.0174926 secs] 578911K->50706K(2029056K), 0.0175677 secs] [Times: user=0.13 sys=0.00, real=0.02 secs] 
2020-09-29T18:27:10.306+0200: 23.637: [GC (Allocation Failure) 2020-09-29T18:27:10.306+0200: 23.637: [ParNew: 594122K->32099K(613440K), 0.0109232 secs] 596050K->34027K(2029056K), 0.0109776 secs] [Times: user=0.13 sys=0.00, real=0.01 secs] 
2020-09-29T18:27:10.368+0200: 23.699: [GC (Allocation Failure) 2020-09-29T18:27:10.368+0200: 23.699: [ParNew: 577443K->53509K(613440K), 0.0205265 secs] 579371K->55437K(2029056K), 0.0205948 secs] [Times: user=0.13 sys=0.00, real=0.02 secs] 
2020-09-29T18:27:10.437+0200: 23.768: [GC (Allocation Failure) 2020-09-29T18:27:10.437+0200: 23.768: [ParNew: 598853K->38152K(613440K), 0.0158230 secs] 600781K->40080K(2029056K), 0.0158867 secs] [Times: user=0.13 sys=0.00, real=0.02 secs] 
2020-09-29T18:27:10.503+0200: 23.834: [GC (Allocation Failure) 2020-09-29T18:27:10.503+0200: 23.834: [ParNew: 583496K->58416K(613440K), 0.0196369 secs] 585424K->60345K(2029056K), 0.0197174 secs] [Times: user=0.23 sys=0.00, real=0.02 secs] 
2020-09-29T18:27:10.576+0200: 23.907: [GC (Allocation Failure) 2020-09-29T18:27:10.576+0200: 23.907: [ParNew: 603760K->57295K(613440K), 0.0209630 secs] 605689K->59224K(2029056K), 0.0210268 secs] [Times: user=0.11 sys=0.02, real=0.02 secs] 
2020-09-29T18:27:10.647+0200: 23.977: [GC (Allocation Failure) 2020-09-29T18:27:10.647+0200: 23.977: [ParNew: 602639K->36341K(613440K), 0.0149333 secs] 604568K->38270K(2029056K), 0.0149947 secs] [Times: user=0.13 sys=0.00, real=0.01 secs] 
2020-09-29T18:27:10.719+0200: 24.050: [GC (Allocation Failure) 2020-09-29T18:27:10.719+0200: 24.050: [ParNew: 581685K->51341K(613440K), 0.0172796 secs] 583614K->53269K(2029056K), 0.0173359 secs] [Times: user=0.13 sys=0.00, real=0.02 secs] 
2020-09-29T18:27:10.785+0200: 24.116: [GC (Allocation Failure) 2020-09-29T18:27:10.785+0200: 24.116: [ParNew: 596685K->35748K(613440K), 0.0170011 secs] 598613K->37676K(2029056K), 0.0170690 secs] [Times: user=0.25 sys=0.00, real=0.02 secs] 
2020-09-29T18:27:10.854+0200: 24.184: [GC (Allocation Failure) 2020-09-29T18:27:10.854+0200: 24.184: [ParNew: 581092K->34825K(613440K), 0.0161884 secs] 583020K->36753K(2029056K), 0.0162730 secs] [Times: user=0.13 sys=0.00, real=0.02 secs] 
2020-09-29T18:27:10.923+0200: 24.254: [GC (Allocation Failure) 2020-09-29T18:27:10.923+0200: 24.254: [ParNew: 580169K->57597K(613440K), 0.0203657 secs] 582097K->59525K(2029056K), 0.0204191 secs] [Times: user=0.25 sys=0.00, real=0.02 secs] 
2020-09-29T18:27:10.993+0200: 24.324: [GC (Allocation Failure) 2020-09-29T18:27:10.993+0200: 24.324: [ParNew: 602941K->40127K(613440K), 0.0147144 secs] 604869K->42055K(2029056K), 0.0148079 secs] [Times: user=0.13 sys=0.00, real=0.01 secs] 
2020-09-29T18:27:11.057+0200: 24.388: [GC (Allocation Failure) 2020-09-29T18:27:11.057+0200: 24.388: [ParNew: 585471K->41448K(613440K), 0.0187880 secs] 587399K->43376K(2029056K), 0.0188653 secs] [Times: user=0.13 sys=0.00, real=0.02 secs] 
2020-09-29T18:27:11.124+0200: 24.455: [GC (Allocation Failure) 2020-09-29T18:27:11.124+0200: 24.455: [ParNew: 586792K->55909K(613440K), 0.0179295 secs] 588720K->57837K(2029056K), 0.0179973 secs] [Times: user=0.13 sys=0.00, real=0.02 secs] 
2020-09-29T18:27:11.191+0200: 24.522: [GC (Allocation Failure) 2020-09-29T18:27:11.191+0200: 24.522: [ParNew: 601253K->42434K(613440K), 0.0169177 secs] 603181K->44362K(2029056K), 0.0169899 secs] [Times: user=0.14 sys=0.00, real=0.02 secs] 
2020-09-29T18:27:11.256+0200: 24.587: [GC (Allocation Failure) 2020-09-29T18:27:11.256+0200: 24.587: [ParNew: 587778K->59357K(613440K), 0.0213650 secs] 589706K->61285K(2029056K), 0.0214254 secs] [Times: user=0.13 sys=0.00, real=0.02 secs] 
2020-09-29T18:27:11.326+0200: 24.657: [GC (Allocation Failure) 2020-09-29T18:27:11.326+0200: 24.657: [ParNew: 604701K->52083K(613440K), 0.0205851 secs] 606629K->54011K(2029056K), 0.0206396 secs] [Times: user=0.13 sys=0.00, real=0.02 secs] 
2020-09-29T18:27:11.393+0200: 24.724: [GC (Allocation Failure) 2020-09-29T18:27:11.393+0200: 24.724: [ParNew: 597427K->40174K(613440K), 0.0145809 secs] 599355K->42103K(2029056K), 0.0146409 secs] [Times: user=0.13 sys=0.00, real=0.02 secs] 
2020-09-29T18:27:11.458+0200: 24.789: [GC (Allocation Failure) 2020-09-29T18:27:11.458+0200: 24.789: [ParNew: 585518K->34771K(613440K), 0.0132502 secs] 587447K->36699K(2029056K), 0.0133055 secs] [Times: user=0.00 sys=0.00, real=0.01 secs] 
2020-09-29T18:27:11.523+0200: 24.854: [GC (Allocation Failure) 2020-09-29T18:27:11.523+0200: 24.854: [ParNew: 580115K->49076K(613440K), 0.0177482 secs] 582043K->51004K(2029056K), 0.0178093 secs] [Times: user=0.13 sys=0.00, real=0.02 secs] 
2020-09-29T18:27:11.591+0200: 24.922: [GC (Allocation Failure) 2020-09-29T18:27:11.591+0200: 24.922: [ParNew: 594420K->59124K(613440K), 0.0245511 secs] 596348K->61052K(2029056K), 0.0246121 secs] [Times: user=0.22 sys=0.00, real=0.02 secs] 
2020-09-29T18:27:11.663+0200: 24.994: [GC (Allocation Failure) 2020-09-29T18:27:11.663+0200: 24.994: [ParNew: 604468K->54604K(613440K), 0.0223401 secs] 606396K->56532K(2029056K), 0.0224212 secs] [Times: user=0.13 sys=0.00, real=0.02 secs] 
2020-09-29T18:27:11.733+0200: 25.063: [GC (Allocation Failure) 2020-09-29T18:27:11.733+0200: 25.063: [ParNew: 599948K->47569K(613440K), 0.0207575 secs] 601876K->49497K(2029056K), 0.0208393 secs] [Times: user=0.13 sys=0.00, real=0.02 secs] 
2020-09-29T18:27:11.802+0200: 25.132: [GC (Allocation Failure) 2020-09-29T18:27:11.802+0200: 25.132: [ParNew: 592913K->51198K(613440K), 0.0204312 secs] 594841K->53126K(2029056K), 0.0204878 secs] [Times: user=0.13 sys=0.00, real=0.02 secs] 
2020-09-29T18:27:11.869+0200: 25.199: [GC (Allocation Failure) 2020-09-29T18:27:11.869+0200: 25.199: [ParNew: 596542K->39318K(613440K), 0.0123376 secs] 598470K->41246K(2029056K), 0.0124048 secs] [Times: user=0.13 sys=0.00, real=0.01 secs] 
2020-09-29T18:27:11.929+0200: 25.259: [GC (Allocation Failure) 2020-09-29T18:27:11.929+0200: 25.259: [ParNew: 584662K->42200K(613440K), 0.0172006 secs] 586590K->44128K(2029056K), 0.0172605 secs] [Times: user=0.13 sys=0.00, real=0.02 secs] 
2020-09-29T18:27:11.995+0200: 25.325: [GC (Allocation Failure) 2020-09-29T18:27:11.995+0200: 25.325: [ParNew: 587544K->35413K(613440K), 0.0117838 secs] 589472K->37341K(2029056K), 0.0118421 secs] [Times: user=0.13 sys=0.00, real=0.01 secs] 
2020-09-29T18:27:12.055+0200: 25.386: [GC (Allocation Failure) 2020-09-29T18:27:12.055+0200: 25.386: [ParNew: 580757K->33621K(613440K), 0.0157348 secs] 582685K->35549K(2029056K), 0.0157878 secs] [Times: user=0.13 sys=0.00, real=0.02 secs] 
2020-09-29T18:27:12.122+0200: 25.453: [GC (Allocation Failure) 2020-09-29T18:27:12.122+0200: 25.453: [ParNew: 578965K->45606K(613440K), 0.0159214 secs] 580893K->47534K(2029056K), 0.0159770 secs] [Times: user=0.13 sys=0.00, real=0.02 secs] 
2020-09-29T18:27:12.190+0200: 25.521: [GC (Allocation Failure) 2020-09-29T18:27:12.190+0200: 25.521: [ParNew: 590950K->58746K(613440K), 0.0200225 secs] 592878K->60674K(2029056K), 0.0201127 secs] [Times: user=0.25 sys=0.00, real=0.02 secs] 
2020-09-29T18:27:12.258+0200: 25.589: [GC (Allocation Failure) 2020-09-29T18:27:12.258+0200: 25.589: [ParNew: 604090K->68096K(613440K), 0.0248620 secs] 606018K->71181K(2029056K), 0.0249190 secs] [Times: user=0.13 sys=0.00, real=0.03 secs] 
2020-09-29T18:27:12.333+0200: 25.663: [GC (Allocation Failure) 2020-09-29T18:27:12.333+0200: 25.663: [ParNew: 613440K->56193K(613440K), 0.0190700 secs] 616525K->59278K(2029056K), 0.0191590 secs] [Times: user=0.13 sys=0.00, real=0.02 secs] 
2020-09-29T18:27:12.405+0200: 25.735: [GC (Allocation Failure) 2020-09-29T18:27:12.405+0200: 25.736: [ParNew: 601537K->46757K(613440K), 0.0181900 secs] 604622K->49842K(2029056K), 0.0182509 secs] [Times: user=0.13 sys=0.00, real=0.02 secs] 
2020-09-29T18:27:12.476+0200: 25.806: [GC (Allocation Failure) 2020-09-29T18:27:12.476+0200: 25.806: [ParNew: 592101K->41127K(613440K), 0.0155439 secs] 595186K->44212K(2029056K), 0.0156170 secs] [Times: user=0.13 sys=0.00, real=0.01 secs] 
2020-09-29T18:27:12.556+0200: 25.886: [GC (Allocation Failure) 2020-09-29T18:27:12.556+0200: 25.886: [ParNew: 586471K->37669K(613440K), 0.0173318 secs] 589556K->40754K(2029056K), 0.0174161 secs] [Times: user=0.13 sys=0.00, real=0.02 secs] 
2020-09-29T18:27:12.628+0200: 25.958: [GC (Allocation Failure) 2020-09-29T18:27:12.628+0200: 25.958: [ParNew: 583013K->46899K(613440K), 0.0174027 secs] 586098K->49984K(2029056K), 0.0174670 secs] [Times: user=0.11 sys=0.00, real=0.02 secs] 
2020-09-29T18:27:12.696+0200: 26.026: [GC (Allocation Failure) 2020-09-29T18:27:12.696+0200: 26.026: [ParNew: 592243K->32431K(613440K), 0.0158167 secs] 595328K->35516K(2029056K), 0.0158735 secs] [Times: user=0.13 sys=0.00, real=0.02 secs] 
2020-09-29T18:27:12.762+0200: 26.093: [GC (Allocation Failure) 2020-09-29T18:27:12.762+0200: 26.093: [ParNew: 577775K->28384K(613440K), 0.0054815 secs] 580860K->31469K(2029056K), 0.0055362 secs] [Times: user=0.00 sys=0.00, real=0.01 secs] 
2020-09-29T18:27:12.815+0200: 26.146: [GC (Allocation Failure) 2020-09-29T18:27:12.815+0200: 26.146: [ParNew: 573728K->39303K(613440K), 0.0169528 secs] 576813K->42389K(2029056K), 0.0170100 secs] [Times: user=0.13 sys=0.00, real=0.02 secs] 
2020-09-29T18:27:12.884+0200: 26.215: [GC (Allocation Failure) 2020-09-29T18:27:12.884+0200: 26.215: [ParNew: 584647K->45032K(613440K), 0.0153595 secs] 587733K->48117K(2029056K), 0.0154141 secs] [Times: user=0.13 sys=0.00, real=0.02 secs] 
2020-09-29T18:27:12.950+0200: 26.280: [GC (Allocation Failure) 2020-09-29T18:27:12.950+0200: 26.280: [ParNew: 590376K->36731K(613440K), 0.0142148 secs] 593461K->39816K(2029056K), 0.0142718 secs] [Times: user=0.13 sys=0.00, real=0.01 secs] 
2020-09-29T18:27:13.017+0200: 26.347: [GC (Allocation Failure) 2020-09-29T18:27:13.017+0200: 26.347: [ParNew: 582075K->56000K(613440K), 0.0197298 secs] 585160K->59085K(2029056K), 0.0197865 secs] [Times: user=0.23 sys=0.00, real=0.02 secs] 
2020-09-29T18:27:13.085+0200: 26.415: [GC (Allocation Failure) 2020-09-29T18:27:13.085+0200: 26.415: [ParNew: 601344K->42709K(613440K), 0.0135748 secs] 604429K->45795K(2029056K), 0.0136484 secs] [Times: user=0.00 sys=0.00, real=0.01 secs] 
2020-09-29T18:27:13.158+0200: 26.488: [GC (Allocation Failure) 2020-09-29T18:27:13.158+0200: 26.488: [ParNew: 588053K->44723K(613440K), 0.0193452 secs] 591139K->47809K(2029056K), 0.0194159 secs] [Times: user=0.23 sys=0.00, real=0.02 secs] 
2020-09-29T18:27:13.228+0200: 26.559: [GC (Allocation Failure) 2020-09-29T18:27:13.228+0200: 26.559: [ParNew: 590067K->54371K(613440K), 0.0180020 secs] 593153K->57456K(2029056K), 0.0180549 secs] [Times: user=0.13 sys=0.00, real=0.02 secs] 
2020-09-29T18:27:13.293+0200: 26.623: [GC (Allocation Failure) 2020-09-29T18:27:13.293+0200: 26.623: [ParNew: 599715K->66633K(613440K), 0.0213656 secs] 602800K->69719K(2029056K), 0.0214193 secs] [Times: user=0.13 sys=0.00, real=0.02 secs] 
2020-09-29T18:27:13.361+0200: 26.691: [GC (Allocation Failure) 2020-09-29T18:27:13.361+0200: 26.691: [ParNew: 611977K->49437K(613440K), 0.0148671 secs] 615063K->52522K(2029056K), 0.0149273 secs] [Times: user=0.13 sys=0.00, real=0.01 secs] 
2020-09-29T18:27:13.423+0200: 26.754: [GC (Allocation Failure) 2020-09-29T18:27:13.423+0200: 26.754: [ParNew: 594781K->46804K(613440K), 0.0198458 secs] 597866K->49890K(2029056K), 0.0199321 secs] [Times: user=0.25 sys=0.00, real=0.02 secs] 
2020-09-29T18:27:13.492+0200: 26.822: [GC (Allocation Failure) 2020-09-29T18:27:13.492+0200: 26.822: [ParNew: 592148K->49692K(613440K), 0.0196351 secs] 595234K->52778K(2029056K), 0.0197082 secs] [Times: user=0.13 sys=0.00, real=0.02 secs] 
2020-09-29T18:27:13.558+0200: 26.888: [GC (Allocation Failure) 2020-09-29T18:27:13.558+0200: 26.888: [ParNew: 595036K->43773K(613440K), 0.0179024 secs] 598122K->46858K(2029056K), 0.0179811 secs] [Times: user=0.13 sys=0.00, real=0.02 secs] 
2020-09-29T18:27:13.627+0200: 26.957: [GC (Allocation Failure) 2020-09-29T18:27:13.627+0200: 26.957: [ParNew: 589117K->54511K(613440K), 0.0193528 secs] 592202K->57596K(2029056K), 0.0194274 secs] [Times: user=0.23 sys=0.00, real=0.02 secs] 
2020-09-29T18:27:13.693+0200: 27.023: [GC (Allocation Failure) 2020-09-29T18:27:13.693+0200: 27.023: [ParNew: 599855K->41348K(613440K), 0.0165420 secs] 602940K->44433K(2029056K), 0.0166078 secs] [Times: user=0.13 sys=0.00, real=0.02 secs] 
2020-09-29T18:27:13.759+0200: 27.089: [GC (Allocation Failure) 2020-09-29T18:27:13.759+0200: 27.089: [ParNew: 586692K->38954K(613440K), 0.0156998 secs] 589777K->42040K(2029056K), 0.0229745 secs] [Times: user=0.13 sys=0.00, real=0.02 secs] 
2020-09-29T18:27:13.847+0200: 27.178: [GC (Allocation Failure) 2020-09-29T18:27:13.847+0200: 27.178: [ParNew: 584298K->60079K(613440K), 0.0196913 secs] 587384K->63164K(2029056K), 0.0197614 secs] [Times: user=0.25 sys=0.00, real=0.02 secs] 
2020-09-29T18:27:13.917+0200: 27.248: [GC (Allocation Failure) 2020-09-29T18:27:13.917+0200: 27.248: [ParNew: 605423K->45798K(613440K), 0.0201702 secs] 608508K->48884K(2029056K), 0.0202624 secs] [Times: user=0.13 sys=0.00, real=0.02 secs] 
2020-09-29T18:27:13.988+0200: 27.319: [GC (Allocation Failure) 2020-09-29T18:27:13.988+0200: 27.319: [ParNew: 591142K->47655K(613440K), 0.0195407 secs] 594228K->50741K(2029056K), 0.0195936 secs] [Times: user=0.25 sys=0.00, real=0.02 secs] 
2020-09-29T18:27:14.056+0200: 27.388: [GC (Allocation Failure) 2020-09-29T18:27:14.057+0200: 27.388: [ParNew: 592999K->43733K(613440K), 0.0189552 secs] 596085K->46819K(2029056K), 0.0190180 secs] [Times: user=0.13 sys=0.00, real=0.02 secs] 
2020-09-29T18:27:14.127+0200: 27.458: [GC (Allocation Failure) 2020-09-29T18:27:14.127+0200: 27.458: [ParNew: 589077K->44362K(613440K), 0.0175745 secs] 592163K->47447K(2029056K), 0.0176278 secs] [Times: user=0.13 sys=0.00, real=0.02 secs] 
2020-09-29T18:27:14.196+0200: 27.527: [GC (Allocation Failure) 2020-09-29T18:27:14.196+0200: 27.527: [ParNew: 589706K->33482K(613440K), 0.0100125 secs] 592791K->36567K(2029056K), 0.0100674 secs] [Times: user=0.00 sys=0.00, real=0.01 secs] 
2020-09-29T18:27:14.257+0200: 27.588: [GC (Allocation Failure) 2020-09-29T18:27:14.257+0200: 27.588: [ParNew: 578826K->34795K(613440K), 0.0150875 secs] 581911K->37880K(2029056K), 0.0151615 secs] [Times: user=0.13 sys=0.00, real=0.02 secs] 
2020-09-29T18:27:14.321+0200: 27.653: [GC (Allocation Failure) 2020-09-29T18:27:14.321+0200: 27.653: [ParNew: 580139K->46223K(613440K), 0.0199996 secs] 583224K->49308K(2029056K), 0.0200895 secs] [Times: user=0.13 sys=0.00, real=0.02 secs] 
2020-09-29T18:27:14.397+0200: 27.728: [GC (Allocation Failure) 2020-09-29T18:27:14.397+0200: 27.728: [ParNew: 591567K->58404K(613440K), 0.0189947 secs] 594652K->61489K(2029056K), 0.0190531 secs] [Times: user=0.13 sys=0.00, real=0.02 secs] 
2020-09-29T18:27:14.465+0200: 27.796: [GC (Allocation Failure) 2020-09-29T18:27:14.465+0200: 27.796: [ParNew: 603064K->37206K(613440K), 0.0126372 secs] 606149K->40291K(2029056K), 0.0126924 secs] [Times: user=0.13 sys=0.00, real=0.01 secs] 
2020-09-29T18:27:14.526+0200: 27.857: [GC (Allocation Failure) 2020-09-29T18:27:14.526+0200: 27.857: [ParNew: 582550K->38341K(613440K), 0.0169254 secs] 585635K->41426K(2029056K), 0.0169889 secs] [Times: user=0.13 sys=0.00, real=0.02 secs] 
2020-09-29T18:27:14.592+0200: 27.924: [GC (Allocation Failure) 2020-09-29T18:27:14.592+0200: 27.924: [ParNew: 583685K->54111K(613440K), 0.0228048 secs] 586770K->57196K(2029056K), 0.0228838 secs] [Times: user=0.22 sys=0.00, real=0.02 secs] 
2020-09-29T18:27:14.666+0200: 27.997: [GC (Allocation Failure) 2020-09-29T18:27:14.666+0200: 27.997: [ParNew: 599455K->47336K(613440K), 0.0201121 secs] 602540K->50421K(2029056K), 0.0201723 secs] [Times: user=0.13 sys=0.00, real=0.02 secs] 
2020-09-29T18:27:14.735+0200: 28.066: [GC (Allocation Failure) 2020-09-29T18:27:14.735+0200: 28.066: [ParNew: 592680K->50385K(613440K), 0.0199432 secs] 595765K->53470K(2029056K), 0.0200199 secs] [Times: user=0.25 sys=0.00, real=0.02 secs] 
2020-09-29T18:27:14.803+0200: 28.134: [GC (Allocation Failure) 2020-09-29T18:27:14.803+0200: 28.135: [ParNew: 595729K->39959K(613440K), 0.0141078 secs] 598814K->43045K(2029056K), 0.0141627 secs] [Times: user=0.13 sys=0.00, real=0.01 secs] 
2020-09-29T18:27:14.866+0200: 28.197: [GC (Allocation Failure) 2020-09-29T18:27:14.866+0200: 28.197: [ParNew: 585303K->60840K(613440K), 0.0230522 secs] 588389K->63925K(2029056K), 0.0231332 secs] [Times: user=0.13 sys=0.00, real=0.02 secs] 
2020-09-29T18:27:14.936+0200: 28.267: [GC (Allocation Failure) 2020-09-29T18:27:14.936+0200: 28.268: [ParNew: 606184K->46995K(613440K), 0.0179555 secs] 609269K->50080K(2029056K), 0.0180310 secs] [Times: user=0.13 sys=0.00, real=0.02 secs] 
2020-09-29T18:27:15.001+0200: 28.332: [GC (Allocation Failure) 2020-09-29T18:27:15.001+0200: 28.332: [ParNew: 592339K->44175K(613440K), 0.0165459 secs] 595424K->47260K(2029056K), 0.0166078 secs] [Times: user=0.13 sys=0.00, real=0.02 secs] 
2020-09-29T18:27:15.066+0200: 28.397: [GC (Allocation Failure) 2020-09-29T18:27:15.066+0200: 28.397: [ParNew: 589519K->37226K(613440K), 0.0155738 secs] 592604K->40312K(2029056K), 0.0156257 secs] [Times: user=0.13 sys=0.00, real=0.02 secs] 
2020-09-29T18:27:15.144+0200: 28.475: [GC (Allocation Failure) 2020-09-29T18:27:15.144+0200: 28.475: [ParNew: 582570K->34797K(613440K), 0.0150966 secs] 585656K->37883K(2029056K), 0.0151577 secs] [Times: user=0.13 sys=0.00, real=0.01 secs] 
2020-09-29T18:27:15.209+0200: 28.540: [GC (Allocation Failure) 2020-09-29T18:27:15.209+0200: 28.540: [ParNew: 580141K->32684K(613440K), 0.0145626 secs] 583227K->35770K(2029056K), 0.0146320 secs] [Times: user=0.13 sys=0.00, real=0.01 secs] 
2020-09-29T18:27:15.272+0200: 28.603: [GC (Allocation Failure) 2020-09-29T18:27:15.272+0200: 28.603: [ParNew: 578028K->30328K(613440K), 0.0139569 secs] 581114K->33414K(2029056K), 0.0140132 secs] [Times: user=0.13 sys=0.00, real=0.01 secs] 
2020-09-29T18:27:15.334+0200: 28.665: [GC (Allocation Failure) 2020-09-29T18:27:15.334+0200: 28.665: [ParNew: 575672K->49569K(613440K), 0.0181821 secs] 578758K->52655K(2029056K), 0.0182396 secs] [Times: user=0.13 sys=0.00, real=0.02 secs] 
2020-09-29T18:27:15.400+0200: 28.731: [GC (Allocation Failure) 2020-09-29T18:27:15.400+0200: 28.731: [ParNew: 594913K->66011K(613440K), 0.0219715 secs] 597999K->69097K(2029056K), 0.0220308 secs] [Times: user=0.13 sys=0.00, real=0.02 secs] 
2020-09-29T18:27:15.470+0200: 28.801: [GC (Allocation Failure) 2020-09-29T18:27:15.470+0200: 28.801: [ParNew: 611355K->44929K(613440K), 0.0094461 secs] 614441K->48015K(2029056K), 0.0095031 secs] [Times: user=0.13 sys=0.00, real=0.01 secs] 
2020-09-29T18:27:15.526+0200: 28.857: [GC (Allocation Failure) 2020-09-29T18:27:15.526+0200: 28.857: [ParNew: 590273K->33481K(613440K), 0.0153578 secs] 593359K->36566K(2029056K), 0.0154122 secs] [Times: user=0.13 sys=0.00, real=0.01 secs] 
2020-09-29T18:27:15.599+0200: 28.930: [GC (Allocation Failure) 2020-09-29T18:27:15.599+0200: 28.930: [ParNew: 578825K->30132K(613440K), 0.0137338 secs] 581910K->33218K(2029056K), 0.0137965 secs] [Times: user=0.00 sys=0.00, real=0.01 secs] 
2020-09-29T18:27:15.660+0200: 28.992: [GC (Allocation Failure) 2020-09-29T18:27:15.660+0200: 28.992: [ParNew: 575476K->53238K(613440K), 0.0194080 secs] 578562K->56323K(2029056K), 0.0194683 secs] [Times: user=0.13 sys=0.00, real=0.02 secs] 
2020-09-29T18:27:15.729+0200: 29.061: [GC (Allocation Failure) 2020-09-29T18:27:15.729+0200: 29.061: [ParNew: 598582K->57487K(613440K), 0.0197773 secs] 601667K->60572K(2029056K), 0.0198517 secs] [Times: user=0.13 sys=0.00, real=0.02 secs] 
2020-09-29T18:27:15.797+0200: 29.128: [GC (Allocation Failure) 2020-09-29T18:27:15.797+0200: 29.128: [ParNew: 602831K->45294K(613440K), 0.0179119 secs] 605916K->48379K(2029056K), 0.0179685 secs] [Times: user=0.13 sys=0.00, real=0.02 secs] 
2020-09-29T18:27:15.863+0200: 29.194: [GC (Allocation Failure) 2020-09-29T18:27:15.863+0200: 29.194: [ParNew: 590638K->68096K(613440K), 0.0224020 secs] 593723K->71181K(2029056K), 0.0224655 secs] [Times: user=0.25 sys=0.00, real=0.02 secs] 
2020-09-29T18:27:15.933+0200: 29.264: [GC (Allocation Failure) 2020-09-29T18:27:15.933+0200: 29.264: [ParNew: 613440K->50991K(613440K), 0.0155810 secs] 616525K->54077K(2029056K), 0.0156351 secs] [Times: user=0.13 sys=0.00, real=0.02 secs] 
2020-09-29T18:27:15.999+0200: 29.330: [GC (Allocation Failure) 2020-09-29T18:27:15.999+0200: 29.330: [ParNew: 596031K->48652K(613440K), 0.0202517 secs] 599117K->51737K(2029056K), 0.0203136 secs] [Times: user=0.13 sys=0.00, real=0.02 secs] 
2020-09-29T18:27:16.065+0200: 29.397: [GC (Allocation Failure) 2020-09-29T18:27:16.065+0200: 29.397: [ParNew: 593996K->43996K(613440K), 0.0130556 secs] 597081K->47081K(2029056K), 0.0131115 secs] [Times: user=0.13 sys=0.00, real=0.01 secs] 
2020-09-29T18:27:16.128+0200: 29.460: [GC (Allocation Failure) 2020-09-29T18:27:16.128+0200: 29.460: [ParNew: 589340K->34966K(613440K), 0.0129547 secs] 592425K->38052K(2029056K), 0.0130099 secs] [Times: user=0.03 sys=0.00, real=0.01 secs] 
2020-09-29T18:27:16.193+0200: 29.525: [GC (Allocation Failure) 2020-09-29T18:27:16.193+0200: 29.525: [ParNew: 580310K->40877K(613440K), 0.0182694 secs] 583396K->43962K(2029056K), 0.0183383 secs] [Times: user=0.13 sys=0.00, real=0.02 secs] 
2020-09-29T18:27:16.258+0200: 29.590: [GC (Allocation Failure) 2020-09-29T18:27:16.258+0200: 29.590: [ParNew: 586221K->57109K(613440K), 0.0173954 secs] 589306K->60195K(2029056K), 0.0174487 secs] [Times: user=0.13 sys=0.00, real=0.02 secs] 
2020-09-29T18:27:16.326+0200: 29.657: [GC (Allocation Failure) 2020-09-29T18:27:16.326+0200: 29.657: [ParNew: 602453K->40625K(613440K), 0.0166019 secs] 605539K->43710K(2029056K), 0.0166624 secs] [Times: user=0.13 sys=0.00, real=0.02 secs] 
2020-09-29T18:27:16.392+0200: 29.723: [GC (Allocation Failure) 2020-09-29T18:27:16.392+0200: 29.723: [ParNew: 585969K->34526K(613440K), 0.0151029 secs] 589054K->37612K(2029056K), 0.0151601 secs] [Times: user=0.13 sys=0.00, real=0.02 secs] 
2020-09-29T18:27:16.460+0200: 29.791: [GC (Allocation Failure) 2020-09-29T18:27:16.460+0200: 29.791: [ParNew: 579870K->34556K(613440K), 0.0141780 secs] 582956K->37642K(2029056K), 0.0142380 secs] [Times: user=0.13 sys=0.00, real=0.01 secs] 
2020-09-29T18:27:16.523+0200: 29.854: [GC (Allocation Failure) 2020-09-29T18:27:16.523+0200: 29.854: [ParNew: 579900K->25003K(613440K), 0.0081710 secs] 582986K->28088K(2029056K), 0.0082279 secs] [Times: user=0.00 sys=0.00, real=0.01 secs] 
2020-09-29T18:27:16.582+0200: 29.914: [GC (Allocation Failure) 2020-09-29T18:27:16.583+0200: 29.914: [ParNew: 570347K->43560K(613440K), 0.0183564 secs] 573432K->46645K(2029056K), 0.0184322 secs] [Times: user=0.13 sys=0.00, real=0.02 secs] 
2020-09-29T18:27:16.653+0200: 29.984: [GC (Allocation Failure) 2020-09-29T18:27:16.653+0200: 29.984: [ParNew: 588904K->33525K(613440K), 0.0119323 secs] 591989K->36610K(2029056K), 0.0119863 secs] [Times: user=0.13 sys=0.00, real=0.01 secs] 
2020-09-29T18:27:16.723+0200: 30.054: [GC (Allocation Failure) 2020-09-29T18:27:16.723+0200: 30.055: [ParNew: 578869K->26587K(613440K), 0.0117625 secs] 581954K->29673K(2029056K), 0.0118367 secs] [Times: user=0.00 sys=0.00, real=0.01 secs] 
2020-09-29T18:27:16.785+0200: 30.116: [GC (Allocation Failure) 2020-09-29T18:27:16.785+0200: 30.116: [ParNew: 571931K->26736K(613440K), 0.0102031 secs] 575017K->29821K(2029056K), 0.0102566 secs] [Times: user=0.00 sys=0.00, real=0.01 secs] 
2020-09-29T18:27:16.844+0200: 30.174: [GC (Allocation Failure) 2020-09-29T18:27:16.844+0200: 30.174: [ParNew: 572080K->36664K(613440K), 0.0146475 secs] 575165K->39749K(2029056K), 0.0147018 secs] [Times: user=0.13 sys=0.00, real=0.01 secs] 
2020-09-29T18:27:16.912+0200: 30.243: [GC (Allocation Failure) 2020-09-29T18:27:16.912+0200: 30.243: [ParNew: 582008K->33593K(613440K), 0.0139830 secs] 585093K->36678K(2029056K), 0.0140533 secs] [Times: user=0.00 sys=0.00, real=0.01 secs] 
2020-09-29T18:27:16.974+0200: 30.305: [GC (Allocation Failure) 2020-09-29T18:27:16.974+0200: 30.305: [ParNew: 578937K->50130K(613440K), 0.0201680 secs] 582022K->53216K(2029056K), 0.0202243 secs] [Times: user=0.13 sys=0.00, real=0.02 secs] 
2020-09-29T18:27:17.047+0200: 30.378: [GC (Allocation Failure) 2020-09-29T18:27:17.047+0200: 30.378: [ParNew: 595474K->38966K(613440K), 0.0136032 secs] 598560K->42052K(2029056K), 0.0136715 secs] [Times: user=0.13 sys=0.00, real=0.01 secs] 
2020-09-29T18:27:17.114+0200: 30.446: [GC (Allocation Failure) 2020-09-29T18:27:17.114+0200: 30.446: [ParNew: 584310K->49866K(613440K), 0.0240145 secs] 587396K->52951K(2029056K), 0.0240991 secs] [Times: user=0.13 sys=0.00, real=0.02 secs] 
2020-09-29T18:27:17.188+0200: 30.519: [GC (Allocation Failure) 2020-09-29T18:27:17.188+0200: 30.519: [ParNew: 595210K->37523K(613440K), 0.0116584 secs] 598295K->40609K(2029056K), 0.0117197 secs] [Times: user=0.13 sys=0.00, real=0.01 secs] 
2020-09-29T18:27:17.250+0200: 30.581: [GC (Allocation Failure) 2020-09-29T18:27:17.250+0200: 30.581: [ParNew: 582867K->31367K(613440K), 0.0146815 secs] 585953K->34452K(2029056K), 0.0147565 secs] [Times: user=0.13 sys=0.00, real=0.02 secs] 
2020-09-29T18:27:17.315+0200: 30.645: [GC (Allocation Failure) 2020-09-29T18:27:17.315+0200: 30.645: [ParNew: 576711K->43241K(613440K), 0.0195478 secs] 579796K->46326K(2029056K), 0.0196095 secs] [Times: user=0.25 sys=0.00, real=0.02 secs] 
2020-09-29T18:27:17.383+0200: 30.713: [GC (Allocation Failure) 2020-09-29T18:27:17.383+0200: 30.713: [ParNew: 588585K->63271K(613440K), 0.0195068 secs] 591670K->66356K(2029056K), 0.0195620 secs] [Times: user=0.13 sys=0.00, real=0.02 secs] 
2020-09-29T18:27:17.450+0200: 30.781: [GC (Allocation Failure) 2020-09-29T18:27:17.450+0200: 30.781: [ParNew: 608615K->48631K(613440K), 0.0172916 secs] 611700K->51716K(2029056K), 0.0173464 secs] [Times: user=0.13 sys=0.00, real=0.02 secs] 
2020-09-29T18:27:17.518+0200: 30.848: [GC (Allocation Failure) 2020-09-29T18:27:17.518+0200: 30.848: [ParNew: 593975K->34306K(613440K), 0.0110985 secs] 597060K->37392K(2029056K), 0.0111529 secs] [Times: user=0.13 sys=0.00, real=0.01 secs] 
2020-09-29T18:27:17.584+0200: 30.915: [GC (Allocation Failure) 2020-09-29T18:27:17.584+0200: 30.915: [ParNew: 579650K->51269K(613440K), 0.0238767 secs] 582736K->54355K(2029056K), 0.0239335 secs] [Times: user=0.11 sys=0.00, real=0.02 secs] 
2020-09-29T18:27:17.657+0200: 30.988: [GC (Allocation Failure) 2020-09-29T18:27:17.658+0200: 30.988: [ParNew: 596613K->41983K(613440K), 0.0158113 secs] 599699K->45068K(2029056K), 0.0158664 secs] [Times: user=0.13 sys=0.00, real=0.02 secs] 
2020-09-29T18:27:17.723+0200: 31.054: [GC (Allocation Failure) 2020-09-29T18:27:17.723+0200: 31.054: [ParNew: 587327K->36960K(613440K), 0.0150944 secs] 590412K->40045K(2029056K), 0.0151517 secs] [Times: user=0.13 sys=0.00, real=0.01 secs] 
2020-09-29T18:27:17.789+0200: 31.120: [GC (Allocation Failure) 2020-09-29T18:27:17.789+0200: 31.120: [ParNew: 582304K->32226K(613440K), 0.0131948 secs] 585389K->35312K(2029056K), 0.0132522 secs] [Times: user=0.11 sys=0.00, real=0.01 secs] 
2020-09-29T18:27:17.857+0200: 31.188: [GC (Allocation Failure) 2020-09-29T18:27:17.857+0200: 31.188: [ParNew: 577570K->63012K(613440K), 0.0234739 secs] 580656K->66097K(2029056K), 0.0235422 secs] [Times: user=0.25 sys=0.00, real=0.02 secs] 
2020-09-29T18:27:17.929+0200: 31.259: [GC (Allocation Failure) 2020-09-29T18:27:17.929+0200: 31.259: [ParNew: 608356K->68096K(613440K), 0.0233711 secs] 611441K->71619K(2029056K), 0.0234262 secs] [Times: user=0.13 sys=0.00, real=0.02 secs] 
2020-09-29T18:27:18.001+0200: 31.332: [GC (Allocation Failure) 2020-09-29T18:27:18.001+0200: 31.332: [ParNew: 613440K->46909K(613440K), 0.0113463 secs] 616963K->50432K(2029056K), 0.0114132 secs] [Times: user=0.13 sys=0.00, real=0.01 secs] 
2020-09-29T18:27:18.059+0200: 31.390: [GC (Allocation Failure) 2020-09-29T18:27:18.059+0200: 31.390: [ParNew: 592253K->52271K(613440K), 0.0212835 secs] 595776K->55794K(2029056K), 0.0213469 secs] [Times: user=0.13 sys=0.00, real=0.02 secs] 
2020-09-29T18:27:18.128+0200: 31.458: [GC (Allocation Failure) 2020-09-29T18:27:18.128+0200: 31.458: [ParNew: 597615K->40872K(613440K), 0.0151511 secs] 601138K->44395K(2029056K), 0.0152085 secs] [Times: user=0.13 sys=0.00, real=0.01 secs] 
2020-09-29T18:27:18.192+0200: 31.522: [GC (Allocation Failure) 2020-09-29T18:27:18.192+0200: 31.522: [ParNew: 586216K->59171K(613440K), 0.0196101 secs] 589739K->62694K(2029056K), 0.0196685 secs] [Times: user=0.13 sys=0.00, real=0.02 secs] 
2020-09-29T18:27:18.261+0200: 31.592: [GC (Allocation Failure) 2020-09-29T18:27:18.261+0200: 31.592: [ParNew: 604515K->44401K(613440K), 0.0191910 secs] 608038K->47924K(2029056K), 0.0192807 secs] [Times: user=0.13 sys=0.00, real=0.02 secs] 
2020-09-29T18:27:18.328+0200: 31.659: [GC (Allocation Failure) 2020-09-29T18:27:18.328+0200: 31.659: [ParNew: 589745K->40246K(613440K), 0.0124457 secs] 593268K->43769K(2029056K), 0.0125052 secs] [Times: user=0.13 sys=0.00, real=0.01 secs] 
2020-09-29T18:27:18.398+0200: 31.728: [GC (Allocation Failure) 2020-09-29T18:27:18.398+0200: 31.728: [ParNew: 585590K->37835K(613440K), 0.0178527 secs] 589113K->41358K(2029056K), 0.0179135 secs] [Times: user=0.13 sys=0.00, real=0.02 secs] 
2020-09-29T18:27:18.465+0200: 31.796: [GC (Allocation Failure) 2020-09-29T18:27:18.466+0200: 31.796: [ParNew: 583179K->53788K(613440K), 0.0169204 secs] 586702K->57311K(2029056K), 0.0170159 secs] [Times: user=0.13 sys=0.00, real=0.02 secs] 
2020-09-29T18:27:18.533+0200: 31.863: [GC (Allocation Failure) 2020-09-29T18:27:18.533+0200: 31.863: [ParNew: 599132K->56678K(613440K), 0.0221380 secs] 602655K->60201K(2029056K), 0.0222041 secs] [Times: user=0.25 sys=0.00, real=0.02 secs] 
2020-09-29T18:27:18.605+0200: 31.935: [GC (Allocation Failure) 2020-09-29T18:27:18.605+0200: 31.935: [ParNew: 602022K->60682K(613440K), 0.0222105 secs] 605545K->64205K(2029056K), 0.0222674 secs] [Times: user=0.11 sys=0.00, real=0.02 secs] 
2020-09-29T18:27:18.675+0200: 32.005: [GC (Allocation Failure) 2020-09-29T18:27:18.675+0200: 32.005: [ParNew: 606026K->42047K(613440K), 0.0091807 secs] 609549K->45570K(2029056K), 0.0092356 secs] [Times: user=0.13 sys=0.00, real=0.01 secs] 
2020-09-29T18:27:18.743+0200: 32.073: [GC (Allocation Failure) 2020-09-29T18:27:18.743+0200: 32.073: [ParNew: 587391K->30553K(613440K), 0.0143649 secs] 590914K->34076K(2029056K), 0.0144202 secs] [Times: user=0.13 sys=0.00, real=0.01 secs] 
2020-09-29T18:27:18.806+0200: 32.137: [GC (Allocation Failure) 2020-09-29T18:27:18.806+0200: 32.137: [ParNew: 575897K->36129K(613440K), 0.0128305 secs] 579420K->39652K(2029056K), 0.0128877 secs] [Times: user=0.13 sys=0.00, real=0.01 secs] 
2020-09-29T18:27:18.876+0200: 32.207: [GC (Allocation Failure) 2020-09-29T18:27:18.877+0200: 32.207: [ParNew: 581473K->56506K(613440K), 0.0228271 secs] 584996K->60029K(2029056K), 0.0228918 secs] [Times: user=0.25 sys=0.00, real=0.02 secs] 
2020-09-29T18:27:18.947+0200: 32.278: [GC (Allocation Failure) 2020-09-29T18:27:18.948+0200: 32.278: [ParNew: 601850K->41633K(613440K), 0.0158969 secs] 605373K->45156K(2029056K), 0.0159670 secs] [Times: user=0.13 sys=0.00, real=0.02 secs] 
2020-09-29T18:27:19.012+0200: 32.343: [GC (Allocation Failure) 2020-09-29T18:27:19.013+0200: 32.343: [ParNew: 586977K->34785K(613440K), 0.0160281 secs] 590500K->38308K(2029056K), 0.0160888 secs] [Times: user=0.13 sys=0.00, real=0.02 secs] 
2020-09-29T18:27:19.077+0200: 32.407: [GC (Allocation Failure) 2020-09-29T18:27:19.077+0200: 32.407: [ParNew: 580129K->56677K(613440K), 0.0192999 secs] 583652K->60200K(2029056K), 0.0193658 secs] [Times: user=0.13 sys=0.00, real=0.02 secs] 
2020-09-29T18:27:19.144+0200: 32.475: [GC (Allocation Failure) 2020-09-29T18:27:19.144+0200: 32.475: [ParNew: 602021K->42777K(613440K), 0.0195173 secs] 605544K->46301K(2029056K), 0.0196182 secs] [Times: user=0.25 sys=0.00, real=0.02 secs] 
2020-09-29T18:27:19.211+0200: 32.542: [GC (Allocation Failure) 2020-09-29T18:27:19.211+0200: 32.542: [ParNew: 588121K->43692K(613440K), 0.0190577 secs] 591645K->47215K(2029056K), 0.0191536 secs] [Times: user=0.13 sys=0.00, real=0.02 secs] 
2020-09-29T18:27:19.282+0200: 32.613: [GC (Allocation Failure) 2020-09-29T18:27:19.282+0200: 32.613: [ParNew: 589036K->42614K(613440K), 0.0182891 secs] 592559K->46137K(2029056K), 0.0183603 secs] [Times: user=0.13 sys=0.00, real=0.02 secs] 
2020-09-29T18:27:19.351+0200: 32.681: [GC (Allocation Failure) 2020-09-29T18:27:19.351+0200: 32.681: [ParNew: 587958K->33434K(613440K), 0.0131511 secs] 591481K->36957K(2029056K), 0.0132297 secs] [Times: user=0.13 sys=0.00, real=0.01 secs] 
2020-09-29T18:27:19.412+0200: 32.743: [GC (Allocation Failure) 2020-09-29T18:27:19.412+0200: 32.743: [ParNew: 578778K->36274K(613440K), 0.0154637 secs] 582301K->39797K(2029056K), 0.0155299 secs] [Times: user=0.13 sys=0.00, real=0.02 secs] 
2020-09-29T18:27:19.478+0200: 32.809: [GC (Allocation Failure) 2020-09-29T18:27:19.479+0200: 32.809: [ParNew: 581618K->48697K(613440K), 0.0207543 secs] 585141K->52220K(2029056K), 0.0208164 secs] [Times: user=0.13 sys=0.00, real=0.02 secs] 
2020-09-29T18:27:19.548+0200: 32.878: [GC (Allocation Failure) 2020-09-29T18:27:19.548+0200: 32.878: [ParNew: 594041K->64144K(613440K), 0.0202329 secs] 597564K->67667K(2029056K), 0.0203248 secs] [Times: user=0.25 sys=0.00, real=0.02 secs] 
2020-09-29T18:27:19.617+0200: 32.948: [GC (Allocation Failure) 2020-09-29T18:27:19.617+0200: 32.948: [ParNew: 609488K->68096K(613440K), 0.0254410 secs] 613011K->72534K(2029056K), 0.0255064 secs] [Times: user=0.13 sys=0.00, real=0.03 secs] 
2020-09-29T18:27:19.691+0200: 33.022: [GC (Allocation Failure) 2020-09-29T18:27:19.691+0200: 33.022: [ParNew: 613440K->57972K(613440K), 0.0174586 secs] 617878K->62410K(2029056K), 0.0175170 secs] [Times: user=0.25 sys=0.00, real=0.02 secs] 
2020-09-29T18:27:19.759+0200: 33.090: [GC (Allocation Failure) 2020-09-29T18:27:19.759+0200: 33.090: [ParNew: 603316K->45975K(613440K), 0.0180076 secs] 607754K->50414K(2029056K), 0.0180764 secs] [Times: user=0.13 sys=0.00, real=0.02 secs] 
2020-09-29T18:27:19.826+0200: 33.157: [GC (Allocation Failure) 2020-09-29T18:27:19.826+0200: 33.157: [ParNew: 591319K->42563K(613440K), 0.0176047 secs] 595758K->47001K(2029056K), 0.0176642 secs] [Times: user=0.11 sys=0.00, real=0.02 secs] 
2020-09-29T18:27:19.893+0200: 33.224: [GC (Allocation Failure) 2020-09-29T18:27:19.893+0200: 33.224: [ParNew: 587907K->32251K(613440K), 0.0105690 secs] 592345K->36689K(2029056K), 0.0106242 secs] [Times: user=0.13 sys=0.00, real=0.01 secs] 
2020-09-29T18:27:19.952+0200: 33.282: [GC (Allocation Failure) 2020-09-29T18:27:19.952+0200: 33.282: [ParNew: 577595K->46061K(613440K), 0.0205084 secs] 582033K->50499K(2029056K), 0.0205649 secs] [Times: user=0.13 sys=0.00, real=0.02 secs] 
2020-09-29T18:27:20.020+0200: 33.351: [GC (Allocation Failure) 2020-09-29T18:27:20.020+0200: 33.351: [ParNew: 591405K->39322K(613440K), 0.0184267 secs] 595843K->43760K(2029056K), 0.0185042 secs] [Times: user=0.13 sys=0.00, real=0.02 secs] 
2020-09-29T18:27:20.098+0200: 33.428: [GC (Allocation Failure) 2020-09-29T18:27:20.098+0200: 33.429: [ParNew: 584666K->30615K(613440K), 0.0169821 secs] 589104K->35053K(2029056K), 0.0170480 secs] [Times: user=0.23 sys=0.00, real=0.02 secs] 
2020-09-29T18:27:20.165+0200: 33.496: [GC (Allocation Failure) 2020-09-29T18:27:20.165+0200: 33.496: [ParNew: 575959K->28582K(613440K), 0.0144263 secs] 580397K->33021K(2029056K), 0.0144894 secs] [Times: user=0.13 sys=0.00, real=0.02 secs] 
2020-09-29T18:27:20.248+0200: 33.579: [GC (Allocation Failure) 2020-09-29T18:27:20.248+0200: 33.579: [ParNew: 573926K->51577K(613440K), 0.0292652 secs] 578365K->56016K(2029056K), 0.0293329 secs] [Times: user=0.25 sys=0.00, real=0.03 secs] 
2020-09-29T18:27:20.326+0200: 33.657: [GC (Allocation Failure) 2020-09-29T18:27:20.326+0200: 33.657: [ParNew: 596921K->43996K(613440K), 0.0214648 secs] 601360K->48434K(2029056K), 0.0215352 secs] [Times: user=0.13 sys=0.00, real=0.02 secs] 
2020-09-29T18:27:20.400+0200: 33.731: [GC (Allocation Failure) 2020-09-29T18:27:20.400+0200: 33.731: [ParNew: 589340K->65031K(613440K), 0.0266429 secs] 593778K->69469K(2029056K), 0.0267266 secs] [Times: user=0.25 sys=0.00, real=0.03 secs] 
2020-09-29T18:27:20.474+0200: 33.805: [GC (Allocation Failure) 2020-09-29T18:27:20.474+0200: 33.805: [ParNew: 610375K->41727K(613440K), 0.0184860 secs] 614813K->46166K(2029056K), 0.0185499 secs] [Times: user=0.13 sys=0.00, real=0.02 secs] 
2020-09-29T18:27:20.553+0200: 33.884: [GC (Allocation Failure) 2020-09-29T18:27:20.553+0200: 33.884: [ParNew: 587071K->41507K(613440K), 0.0244033 secs] 591510K->45945K(2029056K), 0.0244693 secs] [Times: user=0.13 sys=0.00, real=0.03 secs] 
2020-09-29T18:27:20.630+0200: 33.960: [GC (Allocation Failure) 2020-09-29T18:27:20.630+0200: 33.960: [ParNew: 586851K->55352K(613440K), 0.0253797 secs] 591289K->59791K(2029056K), 0.0254508 secs] [Times: user=0.11 sys=0.00, real=0.02 secs] 
2020-09-29T18:27:20.702+0200: 34.032: [GC (Allocation Failure) 2020-09-29T18:27:20.702+0200: 34.032: [ParNew: 600696K->41384K(613440K), 0.0229887 secs] 605135K->45822K(2029056K), 0.0230647 secs] [Times: user=0.25 sys=0.00, real=0.02 secs] 
2020-09-29T18:27:20.775+0200: 34.105: [GC (Allocation Failure) 2020-09-29T18:27:20.775+0200: 34.105: [ParNew: 586728K->38999K(613440K), 0.0230618 secs] 591166K->43437K(2029056K), 0.0231255 secs] [Times: user=0.13 sys=0.00, real=0.02 secs] 
2020-09-29T18:27:20.846+0200: 34.176: [GC (Allocation Failure) 2020-09-29T18:27:20.846+0200: 34.176: [ParNew: 584343K->64705K(613440K), 0.0270357 secs] 588781K->69144K(2029056K), 0.0271173 secs] [Times: user=0.25 sys=0.00, real=0.03 secs] 
2020-09-29T18:27:20.924+0200: 34.255: [GC (Allocation Failure) 2020-09-29T18:27:20.924+0200: 34.255: [ParNew: 610049K->48005K(613440K), 0.0254143 secs] 614488K->52443K(2029056K), 0.0254812 secs] [Times: user=0.25 sys=0.00, real=0.03 secs] 
2020-09-29T18:27:21.003+0200: 34.334: [GC (Allocation Failure) 2020-09-29T18:27:21.003+0200: 34.334: [ParNew: 593349K->44878K(613440K), 0.0253230 secs] 597787K->49317K(2029056K), 0.0253903 secs] [Times: user=0.25 sys=0.00, real=0.03 secs] 
2020-09-29T18:27:21.082+0200: 34.412: [GC (Allocation Failure) 2020-09-29T18:27:21.082+0200: 34.412: [ParNew: 590222K->68096K(613440K), 0.0302344 secs] 594661K->73262K(2029056K), 0.0302977 secs] [Times: user=0.25 sys=0.00, real=0.03 secs] 
2020-09-29T18:27:21.159+0200: 34.489: [GC (Allocation Failure) 2020-09-29T18:27:21.159+0200: 34.489: [ParNew: 613440K->53084K(613440K), 0.0222415 secs] 618606K->58250K(2029056K), 0.0223079 secs] [Times: user=0.25 sys=0.00, real=0.02 secs] 
2020-09-29T18:27:21.235+0200: 34.566: [GC (Allocation Failure) 2020-09-29T18:27:21.235+0200: 34.566: [ParNew: 598428K->40700K(613440K), 0.0222841 secs] 603594K->45867K(2029056K), 0.0223550 secs] [Times: user=0.25 sys=0.00, real=0.02 secs] 
2020-09-29T18:27:21.311+0200: 34.641: [GC (Allocation Failure) 2020-09-29T18:27:21.311+0200: 34.641: [ParNew: 586044K->41834K(613440K), 0.0209021 secs] 591211K->47000K(2029056K), 0.0209665 secs] [Times: user=0.11 sys=0.00, real=0.02 secs] 
2020-09-29T18:27:21.381+0200: 34.711: [GC (Allocation Failure) 2020-09-29T18:27:21.381+0200: 34.711: [ParNew: 587178K->39703K(613440K), 0.0198428 secs] 592344K->44870K(2029056K), 0.0199125 secs] [Times: user=0.13 sys=0.00, real=0.02 secs] 
2020-09-29T18:27:21.455+0200: 34.785: [GC (Allocation Failure) 2020-09-29T18:27:21.455+0200: 34.786: [ParNew: 585047K->63197K(613440K), 0.0323944 secs] 590214K->68364K(2029056K), 0.0324668 secs] [Times: user=0.25 sys=0.00, real=0.03 secs] 
2020-09-29T18:27:21.535+0200: 34.865: [GC (Allocation Failure) 2020-09-29T18:27:21.535+0200: 34.865: [ParNew: 608541K->57808K(613440K), 0.0253801 secs] 613708K->62975K(2029056K), 0.0254534 secs] [Times: user=0.25 sys=0.00, real=0.02 secs] 
2020-09-29T18:27:21.612+0200: 34.942: [GC (Allocation Failure) 2020-09-29T18:27:21.612+0200: 34.942: [ParNew: 603152K->49269K(613440K), 0.0266166 secs] 608319K->54436K(2029056K), 0.0266856 secs] [Times: user=0.23 sys=0.00, real=0.03 secs] 
2020-09-29T18:27:21.688+0200: 35.018: [GC (Allocation Failure) 2020-09-29T18:27:21.688+0200: 35.018: [ParNew: 594613K->41673K(613440K), 0.0171150 secs] 599780K->46840K(2029056K), 0.0171777 secs] [Times: user=0.13 sys=0.00, real=0.02 secs] 
2020-09-29T18:27:21.754+0200: 35.084: [GC (Allocation Failure) 2020-09-29T18:27:21.754+0200: 35.084: [ParNew: 587017K->56449K(613440K), 0.0290943 secs] 592184K->61616K(2029056K), 0.0291892 secs] [Times: user=0.25 sys=0.00, real=0.03 secs] 
2020-09-29T18:27:21.833+0200: 35.164: [GC (Allocation Failure) 2020-09-29T18:27:21.833+0200: 35.164: [ParNew: 601793K->47742K(613440K), 0.0202981 secs] 606960K->52909K(2029056K), 0.0203715 secs] [Times: user=0.13 sys=0.00, real=0.02 secs] 
2020-09-29T18:27:21.912+0200: 35.242: [GC (Allocation Failure) 2020-09-29T18:27:21.912+0200: 35.243: [ParNew: 593086K->33421K(613440K), 0.0123476 secs] 598253K->38588K(2029056K), 0.0190508 secs] [Times: user=0.00 sys=0.00, real=0.02 secs] 
2020-09-29T18:27:21.991+0200: 35.321: [GC (Allocation Failure) 2020-09-29T18:27:21.991+0200: 35.321: [ParNew: 578765K->32647K(613440K), 0.0199246 secs] 583932K->37814K(2029056K), 0.0199944 secs] [Times: user=0.13 sys=0.00, real=0.02 secs] 
2020-09-29T18:27:22.065+0200: 35.397: [GC (Allocation Failure) 2020-09-29T18:27:22.065+0200: 35.397: [ParNew: 577991K->27435K(613440K), 0.0100031 secs] 583158K->32601K(2029056K), 0.0100758 secs] [Times: user=0.13 sys=0.00, real=0.01 secs] 
2020-09-29T18:27:22.136+0200: 35.467: [GC (Allocation Failure) 2020-09-29T18:27:22.136+0200: 35.467: [ParNew: 572779K->43389K(613440K), 0.0237437 secs] 577945K->48556K(2029056K), 0.0238177 secs] [Times: user=0.13 sys=0.00, real=0.02 secs] 
2020-09-29T18:27:22.209+0200: 35.539: [GC (Allocation Failure) 2020-09-29T18:27:22.209+0200: 35.540: [ParNew: 588733K->55457K(613440K), 0.0238907 secs] 593900K->60624K(2029056K), 0.0239640 secs] [Times: user=0.13 sys=0.00, real=0.02 secs] 
2020-09-29T18:27:22.280+0200: 35.610: [GC (Allocation Failure) 2020-09-29T18:27:22.280+0200: 35.610: [ParNew: 600801K->37818K(613440K), 0.0232836 secs] 605968K->42985K(2029056K), 0.0233556 secs] [Times: user=0.25 sys=0.00, real=0.02 secs] 
2020-09-29T18:27:22.352+0200: 35.683: [GC (Allocation Failure) 2020-09-29T18:27:22.352+0200: 35.683: [ParNew: 583162K->38578K(613440K), 0.0225422 secs] 588329K->43744K(2029056K), 0.0226181 secs] [Times: user=0.11 sys=0.00, real=0.02 secs] 
2020-09-29T18:27:22.435+0200: 35.766: [GC (Allocation Failure) 2020-09-29T18:27:22.435+0200: 35.766: [ParNew: 583922K->62049K(613440K), 0.0279079 secs] 589088K->67215K(2029056K), 0.0279731 secs] [Times: user=0.25 sys=0.00, real=0.03 secs] 
2020-09-29T18:27:22.513+0200: 35.844: [GC (Allocation Failure) 2020-09-29T18:27:22.513+0200: 35.844: [ParNew: 607393K->50093K(613440K), 0.0206990 secs] 612559K->55259K(2029056K), 0.0207670 secs] [Times: user=0.13 sys=0.00, real=0.02 secs] 
2020-09-29T18:27:22.584+0200: 35.916: [GC (Allocation Failure) 2020-09-29T18:27:22.584+0200: 35.916: [ParNew: 595437K->48575K(613440K), 0.0264796 secs] 600603K->53742K(2029056K), 0.0265621 secs] [Times: user=0.13 sys=0.00, real=0.03 secs] 
2020-09-29T18:27:22.665+0200: 35.996: [GC (Allocation Failure) 2020-09-29T18:27:22.665+0200: 35.996: [ParNew: 593919K->61805K(613440K), 0.0250456 secs] 599086K->66971K(2029056K), 0.0251369 secs] [Times: user=0.13 sys=0.00, real=0.03 secs] 
2020-09-29T18:27:22.741+0200: 36.072: [GC (Allocation Failure) 2020-09-29T18:27:22.741+0200: 36.073: [ParNew: 607149K->46600K(613440K), 0.0247883 secs] 612315K->51767K(2029056K), 0.0248652 secs] [Times: user=0.13 sys=0.00, real=0.03 secs] 
2020-09-29T18:27:22.821+0200: 36.151: [GC (Allocation Failure) 2020-09-29T18:27:22.821+0200: 36.151: [ParNew: 591944K->47533K(613440K), 0.0236675 secs] 597111K->52699K(2029056K), 0.0237325 secs] [Times: user=0.13 sys=0.00, real=0.02 secs] 
2020-09-29T18:27:22.893+0200: 36.224: [GC (Allocation Failure) 2020-09-29T18:27:22.893+0200: 36.224: [ParNew: 592877K->46325K(613440K), 0.0236151 secs] 598043K->51491K(2029056K), 0.0236829 secs] [Times: user=0.25 sys=0.00, real=0.02 secs] 
2020-09-29T18:27:22.964+0200: 36.295: [GC (Allocation Failure) 2020-09-29T18:27:22.964+0200: 36.295: [ParNew: 591669K->42619K(613440K), 0.0219198 secs] 596835K->47786K(2029056K), 0.0220063 secs] [Times: user=0.13 sys=0.00, real=0.02 secs] 
2020-09-29T18:27:23.037+0200: 36.369: [GC (Allocation Failure) 2020-09-29T18:27:23.038+0200: 36.369: [ParNew: 587963K->39813K(613440K), 0.0203976 secs] 593130K->44979K(2029056K), 0.0204702 secs] [Times: user=0.13 sys=0.00, real=0.02 secs] 
2020-09-29T18:27:23.109+0200: 36.440: [GC (Allocation Failure) 2020-09-29T18:27:23.109+0200: 36.440: [ParNew: 585157K->35534K(613440K), 0.0195900 secs] 590323K->40701K(2029056K), 0.0196556 secs] [Times: user=0.13 sys=0.00, real=0.02 secs] 
2020-09-29T18:27:23.177+0200: 36.508: [GC (Allocation Failure) 2020-09-29T18:27:23.177+0200: 36.508: [ParNew: 580878K->50787K(613440K), 0.0242015 secs] 586045K->55953K(2029056K), 0.0242750 secs] [Times: user=0.13 sys=0.00, real=0.02 secs] 
2020-09-29T18:27:23.248+0200: 36.579: [GC (Allocation Failure) 2020-09-29T18:27:23.248+0200: 36.579: [ParNew: 596131K->44385K(613440K), 0.0220764 secs] 601297K->49552K(2029056K), 0.0221499 secs] [Times: user=0.25 sys=0.00, real=0.02 secs] 
2020-09-29T18:27:23.322+0200: 36.652: [GC (Allocation Failure) 2020-09-29T18:27:23.322+0200: 36.652: [ParNew: 589729K->67801K(613440K), 0.0284817 secs] 594896K->72968K(2029056K), 0.0285551 secs] [Times: user=0.25 sys=0.00, real=0.03 secs] 
2020-09-29T18:27:23.401+0200: 36.731: [GC (Allocation Failure) 2020-09-29T18:27:23.401+0200: 36.731: [ParNew: 613145K->57317K(613440K), 0.0279379 secs] 618312K->62483K(2029056K), 0.0280027 secs] [Times: user=0.25 sys=0.00, real=0.03 secs] 
2020-09-29T18:27:23.477+0200: 36.807: [GC (Allocation Failure) 2020-09-29T18:27:23.477+0200: 36.808: [ParNew: 602661K->41546K(613440K), 0.0116147 secs] 607827K->46712K(2029056K), 0.0116758 secs] [Times: user=0.13 sys=0.00, real=0.01 secs] 
2020-09-29T18:27:23.541+0200: 36.871: [GC (Allocation Failure) 2020-09-29T18:27:23.541+0200: 36.871: [ParNew: 586890K->48475K(613440K), 0.0239270 secs] 592056K->53642K(2029056K), 0.0239990 secs] [Times: user=0.13 sys=0.00, real=0.02 secs] 
2020-09-29T18:27:23.617+0200: 36.947: [GC (Allocation Failure) 2020-09-29T18:27:23.617+0200: 36.947: [ParNew: 593819K->56030K(613440K), 0.0239632 secs] 598986K->61196K(2029056K), 0.0240383 secs] [Times: user=0.13 sys=0.00, real=0.02 secs] 
2020-09-29T18:27:23.690+0200: 37.021: [GC (Allocation Failure) 2020-09-29T18:27:23.690+0200: 37.021: [ParNew: 601374K->38743K(613440K), 0.0227694 secs] 606540K->43910K(2029056K), 0.0228439 secs] [Times: user=0.25 sys=0.00, real=0.02 secs] 
2020-09-29T18:27:23.764+0200: 37.095: [GC (Allocation Failure) 2020-09-29T18:27:23.764+0200: 37.095: [ParNew: 584087K->65085K(613440K), 0.0281024 secs] 589254K->70251K(2029056K), 0.0281954 secs] [Times: user=0.25 sys=0.00, real=0.03 secs] 
2020-09-29T18:27:23.844+0200: 37.174: [GC (Allocation Failure) 2020-09-29T18:27:23.844+0200: 37.174: [ParNew: 610429K->54343K(613440K), 0.0203220 secs] 615595K->59510K(2029056K), 0.0203853 secs] [Times: user=0.25 sys=0.00, real=0.02 secs] 
2020-09-29T18:27:23.921+0200: 37.251: [GC (Allocation Failure) 2020-09-29T18:27:23.921+0200: 37.251: [ParNew: 599687K->47589K(613440K), 0.0268150 secs] 604854K->52756K(2029056K), 0.0268771 secs] [Times: user=0.25 sys=0.00, real=0.03 secs] 
2020-09-29T18:27:24.000+0200: 37.330: [GC (Allocation Failure) 2020-09-29T18:27:24.000+0200: 37.330: [ParNew: 592933K->47283K(613440K), 0.0181961 secs] 598100K->52450K(2029056K), 0.0182611 secs] [Times: user=0.13 sys=0.00, real=0.02 secs] 
2020-09-29T18:27:24.075+0200: 37.406: [GC (Allocation Failure) 2020-09-29T18:27:24.076+0200: 37.406: [ParNew: 592627K->31036K(613440K), 0.0165499 secs] 597794K->36203K(2029056K), 0.0166188 secs] [Times: user=0.13 sys=0.00, real=0.02 secs] 
2020-09-29T18:27:24.141+0200: 37.472: [GC (Allocation Failure) 2020-09-29T18:27:24.141+0200: 37.472: [ParNew: 576380K->48236K(613440K), 0.0236169 secs] 581547K->53402K(2029056K), 0.0236813 secs] [Times: user=0.25 sys=0.00, real=0.02 secs] 
2020-09-29T18:27:24.217+0200: 37.548: [GC (Allocation Failure) 2020-09-29T18:27:24.217+0200: 37.548: [ParNew: 593580K->42072K(613440K), 0.0218249 secs] 598746K->47239K(2029056K), 0.0218900 secs] [Times: user=0.25 sys=0.00, real=0.02 secs] 
2020-09-29T18:27:24.293+0200: 37.623: [GC (Allocation Failure) 2020-09-29T18:27:24.293+0200: 37.623: [ParNew: 587416K->37927K(613440K), 0.0217529 secs] 592583K->43094K(2029056K), 0.0218269 secs] [Times: user=0.13 sys=0.00, real=0.02 secs] 
2020-09-29T18:27:24.369+0200: 37.700: [GC (Allocation Failure) 2020-09-29T18:27:24.369+0200: 37.700: [ParNew: 583271K->36175K(613440K), 0.0196163 secs] 588438K->41342K(2029056K), 0.0196803 secs] [Times: user=0.13 sys=0.00, real=0.02 secs] 
2020-09-29T18:27:24.444+0200: 37.775: [GC (Allocation Failure) 2020-09-29T18:27:24.444+0200: 37.775: [ParNew: 581519K->53682K(613440K), 0.0253376 secs] 586686K->58849K(2029056K), 0.0254341 secs] [Times: user=0.13 sys=0.00, real=0.03 secs] 
2020-09-29T18:27:24.519+0200: 37.849: [GC (Allocation Failure) 2020-09-29T18:27:24.519+0200: 37.849: [ParNew: 599026K->46144K(613440K), 0.0244999 secs] 604193K->51310K(2029056K), 0.0245935 secs] [Times: user=0.25 sys=0.00, real=0.02 secs] 
2020-09-29T18:27:24.597+0200: 37.928: [GC (Allocation Failure) 2020-09-29T18:27:24.597+0200: 37.928: [ParNew: 591488K->47274K(613440K), 0.0238197 secs] 596654K->52441K(2029056K), 0.0238955 secs] [Times: user=0.23 sys=0.01, real=0.02 secs] 
2020-09-29T18:27:24.669+0200: 38.000: [GC (Allocation Failure) 2020-09-29T18:27:24.669+0200: 38.000: [ParNew: 592618K->42066K(613440K), 0.0218371 secs] 597785K->47233K(2029056K), 0.0219032 secs] [Times: user=0.13 sys=0.00, real=0.02 secs] 
2020-09-29T18:27:24.740+0200: 38.070: [GC (Allocation Failure) 2020-09-29T18:27:24.740+0200: 38.070: [ParNew: 587410K->64330K(613440K), 0.0268464 secs] 592577K->69497K(2029056K), 0.0269172 secs] [Times: user=0.13 sys=0.00, real=0.03 secs] 
2020-09-29T18:27:24.820+0200: 38.151: [GC (Allocation Failure) 2020-09-29T18:27:24.820+0200: 38.151: [ParNew: 609674K->51453K(613440K), 0.0264186 secs] 614841K->56620K(2029056K), 0.0264990 secs] [Times: user=0.13 sys=0.00, real=0.03 secs] 
2020-09-29T18:27:24.894+0200: 38.225: [GC (Allocation Failure) 2020-09-29T18:27:24.894+0200: 38.225: [ParNew: 596797K->48163K(613440K), 0.0249406 secs] 601964K->53330K(2029056K), 0.0250295 secs] [Times: user=0.25 sys=0.00, real=0.02 secs] 
2020-09-29T18:27:24.966+0200: 38.297: [GC (Allocation Failure) 2020-09-29T18:27:24.966+0200: 38.297: [ParNew: 593507K->51726K(613440K), 0.0238042 secs] 598674K->56893K(2029056K), 0.0238664 secs] [Times: user=0.25 sys=0.00, real=0.02 secs] 
2020-09-29T18:27:25.047+0200: 38.378: [GC (Allocation Failure) 2020-09-29T18:27:25.047+0200: 38.378: [ParNew: 597070K->44555K(613440K), 0.0275689 secs] 602237K->49721K(2029056K), 0.0276539 secs] [Times: user=0.22 sys=0.00, real=0.03 secs] 
2020-09-29T18:27:25.124+0200: 38.455: [GC (Allocation Failure) 2020-09-29T18:27:25.124+0200: 38.455: [ParNew: 589899K->36343K(613440K), 0.0166807 secs] 595065K->41510K(2029056K), 0.0167478 secs] [Times: user=0.13 sys=0.00, real=0.02 secs] 
2020-09-29T18:27:25.199+0200: 38.530: [GC (Allocation Failure) 2020-09-29T18:27:25.199+0200: 38.530: [ParNew: 581687K->38827K(613440K), 0.0224412 secs] 586854K->43994K(2029056K), 0.0225113 secs] [Times: user=0.13 sys=0.00, real=0.02 secs] 
2020-09-29T18:27:25.279+0200: 38.611: [GC (Allocation Failure) 2020-09-29T18:27:25.280+0200: 38.611: [ParNew: 584171K->52822K(613440K), 0.0290326 secs] 589338K->57989K(2029056K), 0.0291225 secs] [Times: user=0.25 sys=0.00, real=0.03 secs] 
2020-09-29T18:27:25.361+0200: 38.692: [GC (Allocation Failure) 2020-09-29T18:27:25.361+0200: 38.692: [ParNew: 598166K->62101K(613440K), 0.0291954 secs] 603333K->67268K(2029056K), 0.0292782 secs] [Times: user=0.25 sys=0.00, real=0.03 secs] 
2020-09-29T18:27:25.440+0200: 38.771: [GC (Allocation Failure) 2020-09-29T18:27:25.440+0200: 38.771: [ParNew: 607445K->45977K(613440K), 0.0269058 secs] 612612K->51143K(2029056K), 0.0269845 secs] [Times: user=0.25 sys=0.00, real=0.03 secs] 
2020-09-29T18:27:25.516+0200: 38.847: [GC (Allocation Failure) 2020-09-29T18:27:25.516+0200: 38.847: [ParNew: 591321K->46984K(613440K), 0.0264501 secs] 596487K->52151K(2029056K), 0.0265402 secs] [Times: user=0.25 sys=0.00, real=0.03 secs] 
2020-09-29T18:27:25.594+0200: 38.925: [GC (Allocation Failure) 2020-09-29T18:27:25.594+0200: 38.925: [ParNew: 592328K->45092K(613440K), 0.0255650 secs] 597495K->50259K(2029056K), 0.0256332 secs] [Times: user=0.23 sys=0.00, real=0.02 secs] 
2020-09-29T18:27:25.672+0200: 39.003: [GC (Allocation Failure) 2020-09-29T18:27:25.672+0200: 39.003: [ParNew: 590436K->68096K(613440K), 0.0301537 secs] 595603K->73262K(2029056K), 0.0302282 secs] [Times: user=0.23 sys=0.00, real=0.03 secs] 
2020-09-29T18:27:25.754+0200: 39.085: [GC (Allocation Failure) 2020-09-29T18:27:25.754+0200: 39.085: [ParNew: 613440K->45759K(613440K), 0.0221409 secs] 618606K->50926K(2029056K), 0.0222792 secs] [Times: user=0.13 sys=0.00, real=0.02 secs] 
2020-09-29T18:27:25.832+0200: 39.163: [GC (Allocation Failure) 2020-09-29T18:27:25.832+0200: 39.163: [ParNew: 591103K->41612K(613440K), 0.0220229 secs] 596270K->46779K(2029056K), 0.0220944 secs] [Times: user=0.13 sys=0.00, real=0.02 secs] 
2020-09-29T18:27:25.908+0200: 39.240: [GC (Allocation Failure) 2020-09-29T18:27:25.909+0200: 39.240: [ParNew: 586956K->57735K(613440K), 0.0273190 secs] 592123K->62902K(2029056K), 0.0274014 secs] [Times: user=0.25 sys=0.00, real=0.03 secs] 
2020-09-29T18:27:25.996+0200: 39.327: [GC (Allocation Failure) 2020-09-29T18:27:25.996+0200: 39.327: [ParNew: 603079K->40796K(613440K), 0.0218761 secs] 608246K->45963K(2029056K), 0.0219716 secs] [Times: user=0.13 sys=0.00, real=0.02 secs] 
2020-09-29T18:27:26.071+0200: 39.402: [GC (Allocation Failure) 2020-09-29T18:27:26.071+0200: 39.402: [ParNew: 586140K->62594K(613440K), 0.0329426 secs] 591307K->67760K(2029056K), 0.0330268 secs] [Times: user=0.25 sys=0.00, real=0.03 secs] 
2020-09-29T18:27:26.154+0200: 39.485: [GC (Allocation Failure) 2020-09-29T18:27:26.154+0200: 39.485: [ParNew: 607938K->68096K(613440K), 0.0322497 secs] 613104K->73272K(2029056K), 0.0323215 secs] [Times: user=0.25 sys=0.00, real=0.03 secs] 
2020-09-29T18:27:26.234+0200: 39.565: [GC (Allocation Failure) 2020-09-29T18:27:26.234+0200: 39.565: [ParNew: 613440K->59053K(613440K), 0.0245876 secs] 618616K->64230K(2029056K), 0.0246567 secs] [Times: user=0.23 sys=0.00, real=0.03 secs] 
2020-09-29T18:27:26.309+0200: 39.640: [GC (Allocation Failure) 2020-09-29T18:27:26.309+0200: 39.640: [ParNew: 604397K->49460K(613440K), 0.0229498 secs] 609574K->54637K(2029056K), 0.0230174 secs] [Times: user=0.25 sys=0.00, real=0.02 secs] 
2020-09-29T18:27:26.388+0200: 39.719: [GC (Allocation Failure) 2020-09-29T18:27:26.388+0200: 39.719: [ParNew: 594804K->37722K(613440K), 0.0224401 secs] 599981K->42898K(2029056K), 0.0225091 secs] [Times: user=0.13 sys=0.00, real=0.02 secs] 
2020-09-29T18:27:26.462+0200: 39.793: [GC (Allocation Failure) 2020-09-29T18:27:26.462+0200: 39.793: [ParNew: 583066K->32194K(613440K), 0.0222710 secs] 588242K->37370K(2029056K), 0.0223395 secs] [Times: user=0.13 sys=0.00, real=0.02 secs] 
2020-09-29T18:27:26.534+0200: 39.865: [GC (Allocation Failure) 2020-09-29T18:27:26.534+0200: 39.865: [ParNew: 577538K->57128K(613440K), 0.0283866 secs] 582714K->62305K(2029056K), 0.0284849 secs] [Times: user=0.25 sys=0.00, real=0.03 secs] 
2020-09-29T18:27:26.615+0200: 39.946: [GC (Allocation Failure) 2020-09-29T18:27:26.615+0200: 39.946: [ParNew: 602472K->68096K(613440K), 0.0354636 secs] 607649K->73272K(2029056K), 0.0355470 secs] [Times: user=0.24 sys=0.00, real=0.04 secs] 
2020-09-29T18:27:26.697+0200: 40.028: [GC (Allocation Failure) 2020-09-29T18:27:26.697+0200: 40.028: [ParNew: 613440K->57689K(613440K), 0.0332548 secs] 618616K->62866K(2029056K), 0.0333353 secs] [Times: user=0.25 sys=0.00, real=0.03 secs] 
2020-09-29T18:27:26.778+0200: 40.110: [GC (Allocation Failure) 2020-09-29T18:27:26.778+0200: 40.110: [ParNew: 603033K->50320K(613440K), 0.0247621 secs] 608210K->55497K(2029056K), 0.0248290 secs] [Times: user=0.25 sys=0.00, real=0.02 secs] 
2020-09-29T18:27:26.852+0200: 40.183: [GC (Allocation Failure) 2020-09-29T18:27:26.852+0200: 40.183: [ParNew: 595664K->48435K(613440K), 0.0231646 secs] 600841K->53612K(2029056K), 0.0232326 secs] [Times: user=0.13 sys=0.00, real=0.02 secs] 
2020-09-29T18:27:26.926+0200: 40.257: [GC (Allocation Failure) 2020-09-29T18:27:26.926+0200: 40.257: [ParNew: 593779K->43744K(613440K), 0.0215497 secs] 598956K->48921K(2029056K), 0.0216186 secs] [Times: user=0.13 sys=0.00, real=0.02 secs] 
2020-09-29T18:27:26.998+0200: 40.329: [GC (Allocation Failure) 2020-09-29T18:27:26.998+0200: 40.329: [ParNew: 589088K->38110K(613440K), 0.0217814 secs] 594265K->43286K(2029056K), 0.0218507 secs] [Times: user=0.25 sys=0.00, real=0.02 secs] 
2020-09-29T18:27:27.067+0200: 40.398: [GC (Allocation Failure) 2020-09-29T18:27:27.067+0200: 40.399: [ParNew: 583454K->56995K(613440K), 0.0277704 secs] 588630K->62172K(2029056K), 0.0278470 secs] [Times: user=0.13 sys=0.00, real=0.03 secs] 
2020-09-29T18:27:27.142+0200: 40.473: [GC (Allocation Failure) 2020-09-29T18:27:27.142+0200: 40.473: [ParNew: 602339K->36210K(613440K), 0.0180697 secs] 607516K->41387K(2029056K), 0.0181361 secs] [Times: user=0.13 sys=0.00, real=0.02 secs] 
2020-09-29T18:27:27.211+0200: 40.542: [GC (Allocation Failure) 2020-09-29T18:27:27.211+0200: 40.542: [ParNew: 581554K->35074K(613440K), 0.0162594 secs] 586731K->40250K(2029056K), 0.0163259 secs] [Times: user=0.13 sys=0.00, real=0.02 secs] 
2020-09-29T18:27:27.290+0200: 40.621: [GC (Allocation Failure) 2020-09-29T18:27:27.290+0200: 40.621: [ParNew: 580418K->35537K(613440K), 0.0230132 secs] 585594K->40714K(2029056K), 0.0230857 secs] [Times: user=0.09 sys=0.00, real=0.02 secs] 
2020-09-29T18:27:27.368+0200: 40.699: [GC (Allocation Failure) 2020-09-29T18:27:27.368+0200: 40.699: [ParNew: 580881K->46693K(613440K), 0.0212737 secs] 586058K->51870K(2029056K), 0.0289202 secs] [Times: user=0.13 sys=0.00, real=0.03 secs] 
2020-09-29T18:27:27.451+0200: 40.781: [GC (Allocation Failure) 2020-09-29T18:27:27.451+0200: 40.781: [ParNew: 592037K->33158K(613440K), 0.0212275 secs] 597214K->38335K(2029056K), 0.0213002 secs] [Times: user=0.13 sys=0.00, real=0.02 secs] 
2020-09-29T18:27:27.532+0200: 40.862: [GC (Allocation Failure) 2020-09-29T18:27:27.532+0200: 40.862: [ParNew: 578502K->55296K(613440K), 0.0276163 secs] 583679K->60472K(2029056K), 0.0276936 secs] [Times: user=0.25 sys=0.00, real=0.03 secs] 
2020-09-29T18:27:27.612+0200: 40.943: [GC (Allocation Failure) 2020-09-29T18:27:27.612+0200: 40.943: [ParNew: 600640K->68096K(613440K), 0.0340370 secs] 605816K->73272K(2029056K), 0.0341193 secs] [Times: user=0.38 sys=0.00, real=0.03 secs] 
2020-09-29T18:27:27.695+0200: 41.026: [GC (Allocation Failure) 2020-09-29T18:27:27.695+0200: 41.026: [ParNew: 613440K->56936K(613440K), 0.0259429 secs] 618616K->62113K(2029056K), 0.0260184 secs] [Times: user=0.13 sys=0.00, real=0.03 secs] 
2020-09-29T18:27:27.772+0200: 41.102: [GC (Allocation Failure) 2020-09-29T18:27:27.772+0200: 41.102: [ParNew: 602280K->48157K(613440K), 0.0248140 secs] 607457K->53334K(2029056K), 0.0249019 secs] [Times: user=0.13 sys=0.00, real=0.02 secs] 
2020-09-29T18:27:27.845+0200: 41.175: [GC (Allocation Failure) 2020-09-29T18:27:27.845+0200: 41.175: [ParNew: 593501K->41447K(613440K), 0.0249929 secs] 598678K->46624K(2029056K), 0.0250853 secs] [Times: user=0.23 sys=0.00, real=0.02 secs] 
2020-09-29T18:27:27.931+0200: 41.262: [GC (Allocation Failure) 2020-09-29T18:27:27.931+0200: 41.262: [ParNew: 586791K->63360K(613440K), 0.0303552 secs] 591968K->68536K(2029056K), 0.0304303 secs] [Times: user=0.25 sys=0.00, real=0.03 secs] 
2020-09-29T18:27:28.012+0200: 41.343: [GC (Allocation Failure) 2020-09-29T18:27:28.012+0200: 41.343: [ParNew: 608704K->50476K(613440K), 0.0229108 secs] 613880K->55653K(2029056K), 0.0229885 secs] [Times: user=0.13 sys=0.00, real=0.02 secs] 
2020-09-29T18:27:28.097+0200: 41.427: [GC (Allocation Failure) 2020-09-29T18:27:28.097+0200: 41.427: [ParNew: 595820K->44997K(613440K), 0.0206910 secs] 600997K->50174K(2029056K), 0.0207546 secs] [Times: user=0.25 sys=0.00, real=0.02 secs] 
2020-09-29T18:27:28.177+0200: 41.508: [GC (Allocation Failure) 2020-09-29T18:27:28.177+0200: 41.508: [ParNew: 590341K->33747K(613440K), 0.0181528 secs] 595518K->38924K(2029056K), 0.0182209 secs] [Times: user=0.13 sys=0.00, real=0.02 secs] 
2020-09-29T18:27:28.244+0200: 41.575: [GC (Allocation Failure) 2020-09-29T18:27:28.244+0200: 41.575: [ParNew: 579091K->54203K(613440K), 0.0256478 secs] 584268K->59380K(2029056K), 0.0257168 secs] [Times: user=0.13 sys=0.00, real=0.03 secs] 
2020-09-29T18:27:28.325+0200: 41.655: [GC (Allocation Failure) 2020-09-29T18:27:28.325+0200: 41.655: [ParNew: 599547K->67234K(613440K), 0.0329807 secs] 604724K->72411K(2029056K), 0.0330508 secs] [Times: user=0.25 sys=0.00, real=0.03 secs] 
2020-09-29T18:27:28.407+0200: 41.737: [GC (Allocation Failure) 2020-09-29T18:27:28.407+0200: 41.737: [ParNew: 612578K->46296K(613440K), 0.0151157 secs] 617755K->51473K(2029056K), 0.0152099 secs] [Times: user=0.13 sys=0.00, real=0.01 secs] 
2020-09-29T18:27:28.485+0200: 41.816: [GC (Allocation Failure) 2020-09-29T18:27:28.485+0200: 41.816: [ParNew: 591640K->23805K(613440K), 0.0146775 secs] 596817K->28982K(2029056K), 0.0147459 secs] [Times: user=0.13 sys=0.00, real=0.02 secs] 
2020-09-29T18:27:28.551+0200: 41.882: [GC (Allocation Failure) 2020-09-29T18:27:28.551+0200: 41.882: [ParNew: 569149K->54643K(613440K), 0.0297238 secs] 574326K->59820K(2029056K), 0.0298094 secs] [Times: user=0.25 sys=0.00, real=0.03 secs] 
2020-09-29T18:27:28.638+0200: 41.969: [GC (Allocation Failure) 2020-09-29T18:27:28.638+0200: 41.969: [ParNew: 599987K->61864K(613440K), 0.0292543 secs] 605164K->67040K(2029056K), 0.0293258 secs] [Times: user=0.23 sys=0.00, real=0.03 secs] 
2020-09-29T18:27:28.718+0200: 42.048: [GC (Allocation Failure) 2020-09-29T18:27:28.718+0200: 42.048: [ParNew: 607208K->51243K(613440K), 0.0279224 secs] 612384K->56420K(2029056K), 0.0280084 secs] [Times: user=0.25 sys=0.00, real=0.03 secs] 
2020-09-29T18:27:28.805+0200: 42.135: [GC (Allocation Failure) 2020-09-29T18:27:28.805+0200: 42.135: [ParNew: 596587K->47218K(613440K), 0.0275861 secs] 601764K->52395K(2029056K), 0.0276569 secs] [Times: user=0.13 sys=0.00, real=0.03 secs] 
2020-09-29T18:27:28.882+0200: 42.212: [GC (Allocation Failure) 2020-09-29T18:27:28.882+0200: 42.212: [ParNew: 592562K->47095K(613440K), 0.0267955 secs] 597739K->52271K(2029056K), 0.0269060 secs] [Times: user=0.11 sys=0.00, real=0.03 secs] 
2020-09-29T18:27:28.959+0200: 42.290: [GC (Allocation Failure) 2020-09-29T18:27:28.959+0200: 42.290: [ParNew: 592439K->44903K(613440K), 0.0238603 secs] 597615K->50080K(2029056K), 0.0239281 secs] [Times: user=0.13 sys=0.00, real=0.02 secs] 
2020-09-29T18:27:29.038+0200: 42.369: [GC (Allocation Failure) 2020-09-29T18:27:29.038+0200: 42.369: [ParNew: 590247K->39520K(613440K), 0.0238875 secs] 595424K->44697K(2029056K), 0.0239632 secs] [Times: user=0.13 sys=0.00, real=0.02 secs] 
2020-09-29T18:27:29.112+0200: 42.442: [GC (Allocation Failure) 2020-09-29T18:27:29.112+0200: 42.442: [ParNew: 584864K->38454K(613440K), 0.0227265 secs] 590041K->43631K(2029056K), 0.0228046 secs] [Times: user=0.25 sys=0.00, real=0.02 secs] 
2020-09-29T18:27:29.185+0200: 42.516: [GC (Allocation Failure) 2020-09-29T18:27:29.185+0200: 42.516: [ParNew: 583798K->38776K(613440K), 0.0209628 secs] 588975K->43953K(2029056K), 0.0210410 secs] [Times: user=0.13 sys=0.00, real=0.02 secs] 
2020-09-29T18:27:29.257+0200: 42.587: [GC (Allocation Failure) 2020-09-29T18:27:29.257+0200: 42.587: [ParNew: 584120K->35374K(613440K), 0.0191696 secs] 589297K->40551K(2029056K), 0.0192413 secs] [Times: user=0.13 sys=0.00, real=0.02 secs] 
2020-09-29T18:27:29.329+0200: 42.660: [GC (Allocation Failure) 2020-09-29T18:27:29.329+0200: 42.660: [ParNew: 580718K->54063K(613440K), 0.0256371 secs] 585895K->59239K(2029056K), 0.0257112 secs] [Times: user=0.25 sys=0.00, real=0.03 secs] 
2020-09-29T18:27:29.402+0200: 42.733: [GC (Allocation Failure) 2020-09-29T18:27:29.402+0200: 42.733: [ParNew: 599407K->39772K(613440K), 0.0174284 secs] 604583K->44949K(2029056K), 0.0174962 secs] [Times: user=0.13 sys=0.00, real=0.02 secs] 
2020-09-29T18:27:29.472+0200: 42.803: [GC (Allocation Failure) 2020-09-29T18:27:29.472+0200: 42.803: [ParNew: 585116K->22399K(613440K), 0.0141510 secs] 590293K->27576K(2029056K), 0.0142276 secs] [Times: user=0.13 sys=0.00, real=0.01 secs] 
2020-09-29T18:27:29.555+0200: 42.886: [GC (Allocation Failure) 2020-09-29T18:27:29.555+0200: 42.886: [ParNew: 567743K->51521K(613440K), 0.0288270 secs] 572920K->56698K(2029056K), 0.0289265 secs] [Times: user=0.25 sys=0.00, real=0.03 secs] 
2020-09-29T18:27:29.636+0200: 42.966: [GC (Allocation Failure) 2020-09-29T18:27:29.636+0200: 42.966: [ParNew: 596865K->63914K(613440K), 0.0365000 secs] 602042K->69090K(2029056K), 0.0365904 secs] [Times: user=0.22 sys=0.00, real=0.04 secs] 
2020-09-29T18:27:29.721+0200: 43.052: [GC (Allocation Failure) 2020-09-29T18:27:29.721+0200: 43.052: [ParNew: 609258K->48627K(613440K), 0.0183748 secs] 614434K->53804K(2029056K), 0.0184517 secs] [Times: user=0.25 sys=0.00, real=0.02 secs] 
2020-09-29T18:27:29.793+0200: 43.124: [GC (Allocation Failure) 2020-09-29T18:27:29.793+0200: 43.124: [ParNew: 593971K->60606K(613440K), 0.0326436 secs] 599148K->65783K(2029056K), 0.0327344 secs] [Times: user=0.25 sys=0.00, real=0.03 secs] 
2020-09-29T18:27:29.873+0200: 43.204: [GC (Allocation Failure) 2020-09-29T18:27:29.873+0200: 43.204: [ParNew: 605950K->47438K(613440K), 0.0251264 secs] 611127K->52614K(2029056K), 0.0252255 secs] [Times: user=0.25 sys=0.00, real=0.03 secs] 
2020-09-29T18:27:29.948+0200: 43.279: [GC (Allocation Failure) 2020-09-29T18:27:29.948+0200: 43.279: [ParNew: 592782K->42267K(613440K), 0.0228690 secs] 597958K->47444K(2029056K), 0.0229550 secs] [Times: user=0.13 sys=0.00, real=0.02 secs] 
2020-09-29T18:27:30.024+0200: 43.354: [GC (Allocation Failure) 2020-09-29T18:27:30.024+0200: 43.355: [ParNew: 587611K->40015K(613440K), 0.0160915 secs] 592788K->45192K(2029056K), 0.0161663 secs] [Times: user=0.13 sys=0.00, real=0.02 secs] 
2020-09-29T18:27:30.089+0200: 43.420: [GC (Allocation Failure) 2020-09-29T18:27:30.089+0200: 43.420: [ParNew: 585359K->58101K(613440K), 0.0193126 secs] 590536K->63278K(2029056K), 0.0193850 secs] [Times: user=0.13 sys=0.00, real=0.02 secs] 
2020-09-29T18:27:30.156+0200: 43.487: [GC (Allocation Failure) 2020-09-29T18:27:30.156+0200: 43.487: [ParNew: 603445K->38924K(613440K), 0.0127668 secs] 608622K->44101K(2029056K), 0.0128219 secs] [Times: user=0.13 sys=0.00, real=0.01 secs] 
2020-09-29T18:27:30.220+0200: 43.550: [GC (Allocation Failure) 2020-09-29T18:27:30.220+0200: 43.550: [ParNew: 584268K->22964K(613440K), 0.0126567 secs] 589445K->28141K(2029056K), 0.0127147 secs] [Times: user=0.13 sys=0.00, real=0.01 secs] 
2020-09-29T18:27:30.281+0200: 43.612: [GC (Allocation Failure) 2020-09-29T18:27:30.281+0200: 43.612: [ParNew: 568308K->22244K(613440K), 0.0120994 secs] 573485K->27421K(2029056K), 0.0121518 secs] [Times: user=0.13 sys=0.00, real=0.01 secs] 
2020-09-29T18:27:30.344+0200: 43.675: [GC (Allocation Failure) 2020-09-29T18:27:30.344+0200: 43.675: [ParNew: 567588K->52573K(613440K), 0.0207572 secs] 572765K->57750K(2029056K), 0.0208081 secs] [Times: user=0.25 sys=0.00, real=0.02 secs] 
2020-09-29T18:27:30.412+0200: 43.743: [GC (Allocation Failure) 2020-09-29T18:27:30.412+0200: 43.743: [ParNew: 597917K->39236K(613440K), 0.0146446 secs] 603094K->44413K(2029056K), 0.0147036 secs] [Times: user=0.13 sys=0.00, real=0.02 secs] 
2020-09-29T18:27:30.477+0200: 43.808: [GC (Allocation Failure) 2020-09-29T18:27:30.477+0200: 43.808: [ParNew: 584580K->33188K(613440K), 0.0142226 secs] 589757K->38365K(2029056K), 0.0142763 secs] [Times: user=0.11 sys=0.00, real=0.01 secs] 
2020-09-29T18:27:30.541+0200: 43.872: [GC (Allocation Failure) 2020-09-29T18:27:30.541+0200: 43.872: [ParNew: 578532K->54656K(613440K), 0.0238147 secs] 583709K->59833K(2029056K), 0.0239055 secs] [Times: user=0.13 sys=0.00, real=0.02 secs] 
2020-09-29T18:27:30.614+0200: 43.945: [GC (Allocation Failure) 2020-09-29T18:27:30.614+0200: 43.945: [ParNew: 600000K->45697K(613440K), 0.0117434 secs] 605177K->50874K(2029056K), 0.0118101 secs] [Times: user=0.00 sys=0.00, real=0.01 secs] 
2020-09-29T18:27:30.681+0200: 44.012: [GC (Allocation Failure) 2020-09-29T18:27:30.681+0200: 44.012: [ParNew: 591041K->42247K(613440K), 0.0169153 secs] 596218K->47424K(2029056K), 0.0169698 secs] [Times: user=0.13 sys=0.00, real=0.02 secs] 
2020-09-29T18:27:30.749+0200: 44.080: [GC (Allocation Failure) 2020-09-29T18:27:30.749+0200: 44.080: [ParNew: 587591K->59156K(613440K), 0.0216016 secs] 592768K->64333K(2029056K), 0.0216879 secs] [Times: user=0.25 sys=0.00, real=0.02 secs] 
2020-09-29T18:27:30.818+0200: 44.149: [GC (Allocation Failure) 2020-09-29T18:27:30.818+0200: 44.149: [ParNew: 604500K->47970K(613440K), 0.0160906 secs] 609677K->53147K(2029056K), 0.0161432 secs] [Times: user=0.13 sys=0.00, real=0.02 secs] 
2020-09-29T18:27:30.885+0200: 44.217: [GC (Allocation Failure) 2020-09-29T18:27:30.885+0200: 44.217: [ParNew: 593314K->64787K(613440K), 0.0200428 secs] 598491K->69964K(2029056K), 0.0201119 secs] [Times: user=0.13 sys=0.00, real=0.02 secs] 
2020-09-29T18:27:30.953+0200: 44.284: [GC (Allocation Failure) 2020-09-29T18:27:30.953+0200: 44.284: [ParNew: 610131K->45969K(613440K), 0.0205127 secs] 615308K->51145K(2029056K), 0.0205730 secs] [Times: user=0.25 sys=0.00, real=0.02 secs] 
2020-09-29T18:27:31.021+0200: 44.352: [GC (Allocation Failure) 2020-09-29T18:27:31.021+0200: 44.352: [ParNew: 591313K->48016K(613440K), 0.0183027 secs] 596489K->53193K(2029056K), 0.0183550 secs] [Times: user=0.13 sys=0.00, real=0.02 secs] 
2020-09-29T18:27:31.087+0200: 44.419: [GC (Allocation Failure) 2020-09-29T18:27:31.087+0200: 44.419: [ParNew: 593360K->40951K(613440K), 0.0122432 secs] 598537K->46128K(2029056K), 0.0123093 secs] [Times: user=0.13 sys=0.00, real=0.01 secs] 
2020-09-29T18:27:31.154+0200: 44.486: [GC (Allocation Failure) 2020-09-29T18:27:31.154+0200: 44.486: [ParNew: 586295K->37162K(613440K), 0.0180199 secs] 591472K->42339K(2029056K), 0.0180762 secs] [Times: user=0.13 sys=0.00, real=0.02 secs] 
2020-09-29T18:27:31.220+0200: 44.551: [GC (Allocation Failure) 2020-09-29T18:27:31.220+0200: 44.551: [ParNew: 582506K->44603K(613440K), 0.0170304 secs] 587683K->49780K(2029056K), 0.0170840 secs] [Times: user=0.13 sys=0.00, real=0.02 secs] 
2020-09-29T18:27:31.286+0200: 44.617: [GC (Allocation Failure) 2020-09-29T18:27:31.286+0200: 44.617: [ParNew: 589947K->62715K(613440K), 0.0222830 secs] 595124K->67892K(2029056K), 0.0223545 secs] [Times: user=0.13 sys=0.00, real=0.02 secs] 
2020-09-29T18:27:31.356+0200: 44.687: [GC (Allocation Failure) 2020-09-29T18:27:31.356+0200: 44.687: [ParNew: 608059K->47485K(613440K), 0.0152200 secs] 613236K->52661K(2029056K), 0.0152872 secs] [Times: user=0.13 sys=0.00, real=0.02 secs] 
2020-09-29T18:27:31.421+0200: 44.752: [GC (Allocation Failure) 2020-09-29T18:27:31.421+0200: 44.752: [ParNew: 592829K->40890K(613440K), 0.0159246 secs] 598005K->46067K(2029056K), 0.0159875 secs] [Times: user=0.13 sys=0.00, real=0.02 secs] 
2020-09-29T18:27:31.487+0200: 44.818: [GC (Allocation Failure) 2020-09-29T18:27:31.487+0200: 44.818: [ParNew: 586234K->30852K(613440K), 0.0146207 secs] 591411K->36029K(2029056K), 0.0146747 secs] [Times: user=0.13 sys=0.00, real=0.02 secs] 
2020-09-29T18:27:31.550+0200: 44.881: [GC (Allocation Failure) 2020-09-29T18:27:31.550+0200: 44.881: [ParNew: 576196K->54475K(613440K), 0.0188477 secs] 581373K->59651K(2029056K), 0.0189070 secs] [Times: user=0.25 sys=0.00, real=0.02 secs] 
2020-09-29T18:27:31.618+0200: 44.949: [GC (Allocation Failure) 2020-09-29T18:27:31.618+0200: 44.949: [ParNew: 599819K->43176K(613440K), 0.0174369 secs] 604995K->48353K(2029056K), 0.0174962 secs] [Times: user=0.13 sys=0.00, real=0.02 secs] 
2020-09-29T18:27:31.686+0200: 45.017: [GC (Allocation Failure) 2020-09-29T18:27:31.686+0200: 45.017: [ParNew: 588520K->41103K(613440K), 0.0171025 secs] 593697K->46280K(2029056K), 0.0171689 secs] [Times: user=0.13 sys=0.00, real=0.02 secs] 
2020-09-29T18:27:31.751+0200: 45.083: [GC (Allocation Failure) 2020-09-29T18:27:31.751+0200: 45.083: [ParNew: 586447K->40661K(613440K), 0.0172209 secs] 591624K->45838K(2029056K), 0.0172873 secs] [Times: user=0.11 sys=0.00, real=0.02 secs] 
2020-09-29T18:27:31.818+0200: 45.150: [GC (Allocation Failure) 2020-09-29T18:27:31.818+0200: 45.150: [ParNew: 586005K->37539K(613440K), 0.0148841 secs] 591182K->42715K(2029056K), 0.0149409 secs] [Times: user=0.13 sys=0.00, real=0.01 secs] 
2020-09-29T18:27:31.888+0200: 45.220: [GC (Allocation Failure) 2020-09-29T18:27:31.888+0200: 45.220: [ParNew: 582883K->56660K(613440K), 0.0195338 secs] 588059K->61836K(2029056K), 0.0195995 secs] [Times: user=0.13 sys=0.00, real=0.02 secs] 
2020-09-29T18:27:31.957+0200: 45.289: [GC (Allocation Failure) 2020-09-29T18:27:31.957+0200: 45.289: [ParNew: 602004K->39271K(613440K), 0.0130468 secs] 607180K->44448K(2029056K), 0.0131051 secs] [Times: user=0.00 sys=0.00, real=0.01 secs] 
2020-09-29T18:27:32.026+0200: 45.357: [GC (Allocation Failure) 2020-09-29T18:27:32.026+0200: 45.357: [ParNew: 584615K->54022K(613440K), 0.0233896 secs] 589792K->59199K(2029056K), 0.0234663 secs] [Times: user=0.13 sys=0.00, real=0.02 secs] 
2020-09-29T18:27:32.096+0200: 45.427: [GC (Allocation Failure) 2020-09-29T18:27:32.096+0200: 45.427: [ParNew: 599366K->44546K(613440K), 0.0166910 secs] 604543K->49723K(2029056K), 0.0167498 secs] [Times: user=0.13 sys=0.00, real=0.02 secs] 
2020-09-29T18:27:32.160+0200: 45.491: [GC (Allocation Failure) 2020-09-29T18:27:32.160+0200: 45.491: [ParNew: 589890K->41069K(613440K), 0.0145449 secs] 595067K->46246K(2029056K), 0.0146056 secs] [Times: user=0.13 sys=0.00, real=0.01 secs] 
2020-09-29T18:27:32.221+0200: 45.553: [GC (Allocation Failure) 2020-09-29T18:27:32.221+0200: 45.553: [ParNew: 586413K->58697K(613440K), 0.0195192 secs] 591590K->63874K(2029056K), 0.0195884 secs] [Times: user=0.25 sys=0.00, real=0.02 secs] 
2020-09-29T18:27:32.290+0200: 45.621: [GC (Allocation Failure) 2020-09-29T18:27:32.290+0200: 45.621: [ParNew: 604041K->44168K(613440K), 0.0186672 secs] 609218K->49345K(2029056K), 0.0187574 secs] [Times: user=0.13 sys=0.00, real=0.02 secs] 
2020-09-29T18:27:32.363+0200: 45.694: [GC (Allocation Failure) 2020-09-29T18:27:32.363+0200: 45.694: [ParNew: 589512K->41800K(613440K), 0.0133748 secs] 594689K->46977K(2029056K), 0.0134302 secs] [Times: user=0.11 sys=0.00, real=0.01 secs] 
2020-09-29T18:27:32.428+0200: 45.759: [GC (Allocation Failure) 2020-09-29T18:27:32.428+0200: 45.759: [ParNew: 587144K->37642K(613440K), 0.0180768 secs] 592321K->42819K(2029056K), 0.0181345 secs] [Times: user=0.13 sys=0.00, real=0.02 secs] 
2020-09-29T18:27:32.495+0200: 45.826: [GC (Allocation Failure) 2020-09-29T18:27:32.495+0200: 45.826: [ParNew: 582986K->39076K(613440K), 0.0165542 secs] 588163K->44252K(2029056K), 0.0166139 secs] [Times: user=0.13 sys=0.00, real=0.02 secs] 
2020-09-29T18:27:32.559+0200: 45.890: [GC (Allocation Failure) 2020-09-29T18:27:32.559+0200: 45.890: [ParNew: 584420K->30685K(613440K), 0.0100939 secs] 589596K->35862K(2029056K), 0.0101606 secs] [Times: user=0.13 sys=0.00, real=0.01 secs] 
2020-09-29T18:27:32.623+0200: 45.955: [GC (Allocation Failure) 2020-09-29T18:27:32.624+0200: 45.955: [ParNew: 576029K->30250K(613440K), 0.0130322 secs] 581206K->35427K(2029056K), 0.0131143 secs] [Times: user=0.13 sys=0.00, real=0.01 secs] 
2020-09-29T18:27:32.690+0200: 46.021: [GC (Allocation Failure) 2020-09-29T18:27:32.690+0200: 46.021: [ParNew: 575594K->53958K(613440K), 0.0227260 secs] 580771K->59135K(2029056K), 0.0227797 secs] [Times: user=0.25 sys=0.00, real=0.02 secs] 
2020-09-29T18:27:32.760+0200: 46.091: [GC (Allocation Failure) 2020-09-29T18:27:32.760+0200: 46.091: [ParNew: 599302K->45774K(613440K), 0.0176283 secs] 604479K->50951K(2029056K), 0.0177022 secs] [Times: user=0.13 sys=0.00, real=0.02 secs] 
2020-09-29T18:27:32.826+0200: 46.158: [GC (Allocation Failure) 2020-09-29T18:27:32.826+0200: 46.158: [ParNew: 591118K->42791K(613440K), 0.0164116 secs] 596295K->47968K(2029056K), 0.0238027 secs] [Times: user=0.13 sys=0.00, real=0.03 secs] 
2020-09-29T18:27:32.898+0200: 46.229: [GC (Allocation Failure) 2020-09-29T18:27:32.898+0200: 46.229: [ParNew: 588135K->37504K(613440K), 0.0156158 secs] 593312K->42681K(2029056K), 0.0156893 secs] [Times: user=0.13 sys=0.00, real=0.02 secs] 
2020-09-29T18:27:32.962+0200: 46.293: [GC (Allocation Failure) 2020-09-29T18:27:32.962+0200: 46.293: [ParNew: 582848K->33981K(613440K), 0.0149019 secs] 588025K->39158K(2029056K), 0.0149690 secs] [Times: user=0.13 sys=0.00, real=0.02 secs] 
2020-09-29T18:27:33.028+0200: 46.359: [GC (Allocation Failure) 2020-09-29T18:27:33.028+0200: 46.359: [ParNew: 579325K->52919K(613440K), 0.0204933 secs] 584502K->58096K(2029056K), 0.0205472 secs] [Times: user=0.13 sys=0.00, real=0.02 secs] 
2020-09-29T18:27:33.095+0200: 46.426: [GC (Allocation Failure) 2020-09-29T18:27:33.095+0200: 46.426: [ParNew: 598263K->46160K(613440K), 0.0174970 secs] 603440K->51337K(2029056K), 0.0175531 secs] [Times: user=0.13 sys=0.00, real=0.02 secs] 
2020-09-29T18:27:33.160+0200: 46.491: [GC (Allocation Failure) 2020-09-29T18:27:33.160+0200: 46.491: [ParNew: 591504K->67123K(613440K), 0.0218453 secs] 596681K->72300K(2029056K), 0.0219045 secs] [Times: user=0.25 sys=0.00, real=0.02 secs] 
2020-09-29T18:27:33.229+0200: 46.559: [GC (Allocation Failure) 2020-09-29T18:27:33.229+0200: 46.559: [ParNew: 612467K->45176K(613440K), 0.0158461 secs] 617644K->50353K(2029056K), 0.0159058 secs] [Times: user=0.13 sys=0.00, real=0.02 secs] 
2020-09-29T18:27:33.293+0200: 46.624: [GC (Allocation Failure) 2020-09-29T18:27:33.293+0200: 46.624: [ParNew: 590520K->65293K(613440K), 0.0211394 secs] 595697K->70470K(2029056K), 0.0212124 secs] [Times: user=0.13 sys=0.00, real=0.02 secs] 
2020-09-29T18:27:33.362+0200: 46.692: [GC (Allocation Failure) 2020-09-29T18:27:33.362+0200: 46.692: [ParNew: 610637K->44211K(613440K), 0.0140829 secs] 615814K->49387K(2029056K), 0.0141401 secs] [Times: user=0.13 sys=0.00, real=0.01 secs] 
2020-09-29T18:27:33.428+0200: 46.759: [GC (Allocation Failure) 2020-09-29T18:27:33.428+0200: 46.759: [ParNew: 589555K->42444K(613440K), 0.0164871 secs] 594731K->47621K(2029056K), 0.0165693 secs] [Times: user=0.13 sys=0.00, real=0.02 secs] 
2020-09-29T18:27:33.497+0200: 46.828: [GC (Allocation Failure) 2020-09-29T18:27:33.497+0200: 46.828: [ParNew: 587788K->48566K(613440K), 0.0201039 secs] 592965K->53743K(2029056K), 0.0201743 secs] [Times: user=0.13 sys=0.00, real=0.02 secs] 
2020-09-29T18:27:33.571+0200: 46.902: [GC (Allocation Failure) 2020-09-29T18:27:33.571+0200: 46.902: [ParNew: 593910K->27940K(613440K), 0.0139510 secs] 599087K->33117K(2029056K), 0.0140224 secs] [Times: user=0.11 sys=0.00, real=0.01 secs] 
2020-09-29T18:27:33.638+0200: 46.968: [GC (Allocation Failure) 2020-09-29T18:27:33.638+0200: 46.968: [ParNew: 573284K->61269K(613440K), 0.0221578 secs] 578461K->66446K(2029056K), 0.0222152 secs] [Times: user=0.13 sys=0.00, real=0.02 secs] 
2020-09-29T18:27:33.709+0200: 47.040: [GC (Allocation Failure) 2020-09-29T18:27:33.709+0200: 47.040: [ParNew: 606613K->49871K(613440K), 0.0157815 secs] 611790K->55048K(2029056K), 0.0158535 secs] [Times: user=0.13 sys=0.00, real=0.02 secs] 
2020-09-29T18:27:33.777+0200: 47.108: [GC (Allocation Failure) 2020-09-29T18:27:33.777+0200: 47.108: [ParNew: 595215K->43191K(613440K), 0.0149705 secs] 600392K->48368K(2029056K), 0.0150252 secs] [Times: user=0.13 sys=0.00, real=0.02 secs] 
2020-09-29T18:27:33.839+0200: 47.170: [GC (Allocation Failure) 2020-09-29T18:27:33.839+0200: 47.170: [ParNew: 588535K->32533K(613440K), 0.0142900 secs] 593712K->37710K(2029056K), 0.0143469 secs] [Times: user=0.13 sys=0.00, real=0.01 secs] 
2020-09-29T18:27:33.902+0200: 47.234: [GC (Allocation Failure) 2020-09-29T18:27:33.902+0200: 47.234: [ParNew: 577877K->52233K(613440K), 0.0188371 secs] 583054K->57410K(2029056K), 0.0189104 secs] [Times: user=0.13 sys=0.00, real=0.02 secs] 
2020-09-29T18:27:33.973+0200: 47.305: [GC (Allocation Failure) 2020-09-29T18:27:33.973+0200: 47.305: [ParNew: 597577K->42183K(613440K), 0.0170386 secs] 602754K->47360K(2029056K), 0.0171298 secs] [Times: user=0.13 sys=0.00, real=0.02 secs] 
2020-09-29T18:27:34.037+0200: 47.369: [GC (Allocation Failure) 2020-09-29T18:27:34.037+0200: 47.369: [ParNew: 587527K->64670K(613440K), 0.0210492 secs] 592704K->69847K(2029056K), 0.0211107 secs] [Times: user=0.13 sys=0.00, real=0.02 secs] 
2020-09-29T18:27:34.105+0200: 47.437: [GC (Allocation Failure) 2020-09-29T18:27:34.105+0200: 47.437: [ParNew: 610014K->44055K(613440K), 0.0145650 secs] 615191K->49231K(2029056K), 0.0146173 secs] [Times: user=0.13 sys=0.00, real=0.01 secs] 
2020-09-29T18:27:34.171+0200: 47.502: [GC (Allocation Failure) 2020-09-29T18:27:34.171+0200: 47.502: [ParNew: 589399K->44083K(613440K), 0.0196561 secs] 594575K->49260K(2029056K), 0.0197100 secs] [Times: user=0.13 sys=0.00, real=0.02 secs] 
2020-09-29T18:27:34.242+0200: 47.573: [GC (Allocation Failure) 2020-09-29T18:27:34.243+0200: 47.573: [ParNew: 589427K->44276K(613440K), 0.0182105 secs] 594604K->49453K(2029056K), 0.0182849 secs] [Times: user=0.13 sys=0.00, real=0.02 secs] 
2020-09-29T18:27:34.308+0200: 47.638: [GC (Allocation Failure) 2020-09-29T18:27:34.308+0200: 47.638: [ParNew: 589620K->68096K(613440K), 0.0227167 secs] 594797K->73272K(2029056K), 0.0227818 secs] [Times: user=0.13 sys=0.00, real=0.02 secs] 
2020-09-29T18:27:34.377+0200: 47.708: [GC (Allocation Failure) 2020-09-29T18:27:34.377+0200: 47.708: [ParNew: 613440K->48115K(613440K), 0.0159868 secs] 618616K->53292K(2029056K), 0.0160445 secs] [Times: user=0.13 sys=0.00, real=0.02 secs] 
2020-09-29T18:27:34.451+0200: 47.781: [GC (Allocation Failure) 2020-09-29T18:27:34.451+0200: 47.781: [ParNew: 593459K->45281K(613440K), 0.0150376 secs] 598636K->50458K(2029056K), 0.0151273 secs] [Times: user=0.13 sys=0.00, real=0.02 secs] 
2020-09-29T18:27:34.517+0200: 47.848: [GC (Allocation Failure) 2020-09-29T18:27:34.517+0200: 47.848: [ParNew: 590625K->46111K(613440K), 0.0201790 secs] 595802K->51288K(2029056K), 0.0202469 secs] [Times: user=0.25 sys=0.00, real=0.02 secs] 
2020-09-29T18:27:34.585+0200: 47.915: [GC (Allocation Failure) 2020-09-29T18:27:34.585+0200: 47.916: [ParNew: 591455K->58505K(613440K), 0.0200503 secs] 596632K->63682K(2029056K), 0.0201096 secs] [Times: user=0.13 sys=0.00, real=0.02 secs] 
2020-09-29T18:27:34.655+0200: 47.985: [GC (Allocation Failure) 2020-09-29T18:27:34.655+0200: 47.985: [ParNew: 603849K->40029K(613440K), 0.0122082 secs] 609026K->45206K(2029056K), 0.0122747 secs] [Times: user=0.13 sys=0.00, real=0.01 secs] 
2020-09-29T18:27:34.718+0200: 48.048: [GC (Allocation Failure) 2020-09-29T18:27:34.718+0200: 48.048: [ParNew: 585373K->58522K(613440K), 0.0229407 secs] 590550K->63699K(2029056K), 0.0230130 secs] [Times: user=0.23 sys=0.00, real=0.02 secs] 
2020-09-29T18:27:34.788+0200: 48.119: [GC (Allocation Failure) 2020-09-29T18:27:34.788+0200: 48.119: [ParNew: 603866K->68096K(613440K), 0.0218885 secs] 609043K->73272K(2029056K), 0.0219514 secs] [Times: user=0.13 sys=0.00, real=0.02 secs] 
2020-09-29T18:27:34.859+0200: 48.189: [GC (Allocation Failure) 2020-09-29T18:27:34.859+0200: 48.189: [ParNew: 613440K->44288K(613440K), 0.0105316 secs] 618616K->49465K(2029056K), 0.0105873 secs] [Times: user=0.13 sys=0.00, real=0.01 secs] 
2020-09-29T18:27:34.932+0200: 48.262: [GC (Allocation Failure) 2020-09-29T18:27:34.932+0200: 48.262: [ParNew: 589632K->30703K(613440K), 0.0162185 secs] 594809K->35879K(2029056K), 0.0162943 secs] [Times: user=0.13 sys=0.00, real=0.02 secs] 
2020-09-29T18:27:34.994+0200: 48.325: [GC (Allocation Failure) 2020-09-29T18:27:34.994+0200: 48.325: [ParNew: 576047K->48330K(613440K), 0.0188332 secs] 581223K->53507K(2029056K), 0.0188882 secs] [Times: user=0.13 sys=0.00, real=0.02 secs] 
2020-09-29T18:27:35.066+0200: 48.396: [GC (Allocation Failure) 2020-09-29T18:27:35.066+0200: 48.396: [ParNew: 593674K->55497K(613440K), 0.0180981 secs] 598851K->60673K(2029056K), 0.0181533 secs] [Times: user=0.25 sys=0.00, real=0.02 secs] 
2020-09-29T18:27:35.131+0200: 48.461: [GC (Allocation Failure) 2020-09-29T18:27:35.131+0200: 48.461: [ParNew: 600841K->40662K(613440K), 0.0176997 secs] 606017K->45838K(2029056K), 0.0177923 secs] [Times: user=0.13 sys=0.00, real=0.02 secs] 
2020-09-29T18:27:35.197+0200: 48.527: [GC (Allocation Failure) 2020-09-29T18:27:35.197+0200: 48.527: [ParNew: 586006K->39565K(613440K), 0.0167777 secs] 591182K->44742K(2029056K), 0.0168323 secs] [Times: user=0.13 sys=0.00, real=0.02 secs] 
2020-09-29T18:27:35.265+0200: 48.595: [GC (Allocation Failure) 2020-09-29T18:27:35.265+0200: 48.595: [ParNew: 584909K->61691K(613440K), 0.0210806 secs] 590086K->66868K(2029056K), 0.0211433 secs] [Times: user=0.25 sys=0.00, real=0.02 secs] 
2020-09-29T18:27:35.335+0200: 48.666: [GC (Allocation Failure) 2020-09-29T18:27:35.335+0200: 48.666: [ParNew: 607035K->47689K(613440K), 0.0192649 secs] 612212K->52866K(2029056K), 0.0193288 secs] [Times: user=0.13 sys=0.00, real=0.02 secs] 
2020-09-29T18:27:35.405+0200: 48.736: [GC (Allocation Failure) 2020-09-29T18:27:35.405+0200: 48.736: [ParNew: 593033K->50117K(613440K), 0.0193677 secs] 598210K->55294K(2029056K), 0.0194448 secs] [Times: user=0.13 sys=0.00, real=0.02 secs] 
2020-09-29T18:27:35.473+0200: 48.804: [GC (Allocation Failure) 2020-09-29T18:27:35.473+0200: 48.804: [ParNew: 595461K->46894K(613440K), 0.0185616 secs] 600638K->52071K(2029056K), 0.0186298 secs] [Times: user=0.22 sys=0.02, real=0.02 secs] 
2020-09-29T18:27:35.540+0200: 48.871: [GC (Allocation Failure) 2020-09-29T18:27:35.540+0200: 48.871: [ParNew: 592238K->43828K(613440K), 0.0187315 secs] 597415K->49004K(2029056K), 0.0187838 secs] [Times: user=0.11 sys=0.00, real=0.02 secs] 
2020-09-29T18:27:35.613+0200: 48.943: [GC (Allocation Failure) 2020-09-29T18:27:35.613+0200: 48.943: [ParNew: 589172K->44144K(613440K), 0.0173719 secs] 594348K->49320K(2029056K), 0.0174299 secs] [Times: user=0.24 sys=0.00, real=0.02 secs] 
2020-09-29T18:27:35.683+0200: 49.014: [GC (Allocation Failure) 2020-09-29T18:27:35.683+0200: 49.014: [ParNew: 589488K->41234K(613440K), 0.0165364 secs] 594664K->46411K(2029056K), 0.0165925 secs] [Times: user=0.13 sys=0.00, real=0.02 secs] 
2020-09-29T18:27:35.749+0200: 49.079: [GC (Allocation Failure) 2020-09-29T18:27:35.749+0200: 49.079: [ParNew: 586578K->38414K(613440K), 0.0156231 secs] 591755K->43591K(2029056K), 0.0157037 secs] [Times: user=0.13 sys=0.00, real=0.01 secs] 
2020-09-29T18:27:35.815+0200: 49.146: [GC (Allocation Failure) 2020-09-29T18:27:35.815+0200: 49.146: [ParNew: 583758K->58392K(613440K), 0.0199864 secs] 588935K->63569K(2029056K), 0.0200517 secs] [Times: user=0.25 sys=0.00, real=0.02 secs] 
2020-09-29T18:27:35.883+0200: 49.213: [GC (Allocation Failure) 2020-09-29T18:27:35.883+0200: 49.213: [ParNew: 603736K->45434K(613440K), 0.0191607 secs] 608913K->50611K(2029056K), 0.0192220 secs] [Times: user=0.13 sys=0.00, real=0.02 secs] 
2020-09-29T18:27:35.953+0200: 49.283: [GC (Allocation Failure) 2020-09-29T18:27:35.953+0200: 49.283: [ParNew: 590778K->50260K(613440K), 0.0189201 secs] 595955K->55437K(2029056K), 0.0189771 secs] [Times: user=0.11 sys=0.00, real=0.02 secs] 
2020-09-29T18:27:36.022+0200: 49.352: [GC (Allocation Failure) 2020-09-29T18:27:36.022+0200: 49.352: [ParNew: 595604K->42178K(613440K), 0.0168417 secs] 600781K->47355K(2029056K), 0.0169035 secs] [Times: user=0.13 sys=0.00, real=0.02 secs] 
2020-09-29T18:27:36.087+0200: 49.418: [GC (Allocation Failure) 2020-09-29T18:27:36.087+0200: 49.418: [ParNew: 587522K->63658K(613440K), 0.0223322 secs] 592699K->68835K(2029056K), 0.0223963 secs] [Times: user=0.13 sys=0.00, real=0.02 secs] 
2020-09-29T18:27:36.156+0200: 49.487: [GC (Allocation Failure) 2020-09-29T18:27:36.156+0200: 49.487: [ParNew: 609002K->43820K(613440K), 0.0160371 secs] 614179K->48997K(2029056K), 0.0160947 secs] [Times: user=0.13 sys=0.00, real=0.02 secs] 
2020-09-29T18:27:36.219+0200: 49.549: [GC (Allocation Failure) 2020-09-29T18:27:36.219+0200: 49.549: [ParNew: 589164K->39764K(613440K), 0.0156197 secs] 594341K->44941K(2029056K), 0.0156738 secs] [Times: user=0.13 sys=0.00, real=0.02 secs] 
2020-09-29T18:27:36.284+0200: 49.614: [GC (Allocation Failure) 2020-09-29T18:27:36.284+0200: 49.614: [ParNew: 585108K->58239K(613440K), 0.0193577 secs] 590285K->63416K(2029056K), 0.0194141 secs] [Times: user=0.25 sys=0.00, real=0.02 secs] 
2020-09-29T18:27:36.352+0200: 49.683: [GC (Allocation Failure) 2020-09-29T18:27:36.353+0200: 49.683: [ParNew: 603583K->45408K(613440K), 0.0191386 secs] 608760K->50585K(2029056K), 0.0192121 secs] [Times: user=0.13 sys=0.00, real=0.02 secs] 
2020-09-29T18:27:36.422+0200: 49.753: [GC (Allocation Failure) 2020-09-29T18:27:36.422+0200: 49.753: [ParNew: 590752K->42311K(613440K), 0.0122987 secs] 595929K->47488K(2029056K), 0.0123701 secs] [Times: user=0.13 sys=0.00, real=0.01 secs] 
2020-09-29T18:27:36.492+0200: 49.822: [GC (Allocation Failure) 2020-09-29T18:27:36.492+0200: 49.822: [ParNew: 587655K->22368K(613440K), 0.0115766 secs] 592832K->27545K(2029056K), 0.0116327 secs] [Times: user=0.00 sys=0.00, real=0.01 secs] 
2020-09-29T18:27:36.553+0200: 49.884: [GC (Allocation Failure) 2020-09-29T18:27:36.553+0200: 49.884: [ParNew: 567712K->35886K(613440K), 0.0158069 secs] 572889K->41063K(2029056K), 0.0158786 secs] [Times: user=0.13 sys=0.00, real=0.02 secs] 
2020-09-29T18:27:36.622+0200: 49.953: [GC (Allocation Failure) 2020-09-29T18:27:36.622+0200: 49.953: [ParNew: 581230K->44487K(613440K), 0.0168411 secs] 586407K->49664K(2029056K), 0.0169073 secs] [Times: user=0.11 sys=0.00, real=0.02 secs] 
2020-09-29T18:27:36.690+0200: 50.021: [GC (Allocation Failure) 2020-09-29T18:27:36.690+0200: 50.021: [ParNew: 589831K->58087K(613440K), 0.0201682 secs] 595008K->63264K(2029056K), 0.0202326 secs] [Times: user=0.25 sys=0.00, real=0.02 secs] 
2020-09-29T18:27:36.757+0200: 50.088: [GC (Allocation Failure) 2020-09-29T18:27:36.757+0200: 50.088: [ParNew: 603431K->42440K(613440K), 0.0137930 secs] 608608K->47617K(2029056K), 0.0138487 secs] [Times: user=0.13 sys=0.00, real=0.01 secs] 
2020-09-29T18:27:36.821+0200: 50.151: [GC (Allocation Failure) 2020-09-29T18:27:36.821+0200: 50.151: [ParNew: 587784K->41270K(613440K), 0.0184326 secs] 592961K->46447K(2029056K), 0.0184905 secs] [Times: user=0.13 sys=0.00, real=0.02 secs] 
2020-09-29T18:27:36.886+0200: 50.217: [GC (Allocation Failure) 2020-09-29T18:27:36.886+0200: 50.217: [ParNew: 586614K->62815K(613440K), 0.0225325 secs] 591791K->67992K(2029056K), 0.0225876 secs] [Times: user=0.13 sys=0.00, real=0.02 secs] 
2020-09-29T18:27:36.957+0200: 50.288: [GC (Allocation Failure) 2020-09-29T18:27:36.957+0200: 50.288: [ParNew: 608159K->48434K(613440K), 0.0164365 secs] 613336K->53611K(2029056K), 0.0164910 secs] [Times: user=0.13 sys=0.00, real=0.02 secs] 
2020-09-29T18:27:37.020+0200: 50.351: [GC (Allocation Failure) 2020-09-29T18:27:37.020+0200: 50.351: [ParNew: 593778K->33104K(613440K), 0.0086018 secs] 598955K->38281K(2029056K), 0.0086574 secs] [Times: user=0.00 sys=0.00, real=0.01 secs] 
2020-09-29T18:27:37.080+0200: 50.411: [GC (Allocation Failure) 2020-09-29T18:27:37.080+0200: 50.411: [ParNew: 578448K->48198K(613440K), 0.0203893 secs] 583625K->53375K(2029056K), 0.0204624 secs] [Times: user=0.25 sys=0.00, real=0.02 secs] 
2020-09-29T18:27:37.151+0200: 50.482: [GC (Allocation Failure) 2020-09-29T18:27:37.151+0200: 50.482: [ParNew: 593542K->36445K(613440K), 0.0154019 secs] 598719K->41622K(2029056K), 0.0154716 secs] [Times: user=0.13 sys=0.00, real=0.02 secs] 
2020-09-29T18:27:37.222+0200: 50.553: [GC (Allocation Failure) 2020-09-29T18:27:37.222+0200: 50.553: [ParNew: 581789K->53112K(613440K), 0.0244664 secs] 586966K->58289K(2029056K), 0.0245474 secs] [Times: user=0.25 sys=0.00, real=0.03 secs] 
2020-09-29T18:27:37.297+0200: 50.628: [GC (Allocation Failure) 2020-09-29T18:27:37.297+0200: 50.628: [ParNew: 598456K->68096K(613440K), 0.0242536 secs] 603633K->73479K(2029056K), 0.0243207 secs] [Times: user=0.25 sys=0.00, real=0.03 secs] 
2020-09-29T18:27:37.369+0200: 50.700: [GC (Allocation Failure) 2020-09-29T18:27:37.369+0200: 50.700: [ParNew: 613440K->55005K(613440K), 0.0214633 secs] 618823K->60389K(2029056K), 0.0215277 secs] [Times: user=0.13 sys=0.00, real=0.02 secs] 
2020-09-29T18:27:37.442+0200: 50.773: [GC (Allocation Failure) 2020-09-29T18:27:37.442+0200: 50.773: [ParNew: 600349K->51458K(613440K), 0.0176396 secs] 605733K->56842K(2029056K), 0.0176987 secs] [Times: user=0.13 sys=0.00, real=0.02 secs] 
2020-09-29T18:27:37.508+0200: 50.839: [GC (Allocation Failure) 2020-09-29T18:27:37.508+0200: 50.839: [ParNew: 596802K->46423K(613440K), 0.0168391 secs] 602186K->51807K(2029056K), 0.0169012 secs] [Times: user=0.13 sys=0.00, real=0.02 secs] 
2020-09-29T18:27:37.573+0200: 50.903: [GC (Allocation Failure) 2020-09-29T18:27:37.573+0200: 50.903: [ParNew: 591767K->58778K(613440K), 0.0218414 secs] 597151K->64162K(2029056K), 0.0219122 secs] [Times: user=0.13 sys=0.00, real=0.02 secs] 
2020-09-29T18:27:37.644+0200: 50.975: [GC (Allocation Failure) 2020-09-29T18:27:37.644+0200: 50.975: [ParNew: 604122K->68096K(613440K), 0.0242487 secs] 609506K->73570K(2029056K), 0.0243237 secs] [Times: user=0.25 sys=0.00, real=0.02 secs] 
2020-09-29T18:27:37.717+0200: 51.047: [GC (Allocation Failure) 2020-09-29T18:27:37.717+0200: 51.047: [ParNew: 613440K->45515K(613440K), 0.0069727 secs] 618914K->50989K(2029056K), 0.0070345 secs] [Times: user=0.13 sys=0.00, real=0.01 secs] 
2020-09-29T18:27:37.774+0200: 51.104: [GC (Allocation Failure) 2020-09-29T18:27:37.774+0200: 51.104: [ParNew: 590859K->39934K(613440K), 0.0163018 secs] 596333K->45408K(2029056K), 0.0163604 secs] [Times: user=0.13 sys=0.00, real=0.02 secs] 
2020-09-29T18:27:37.842+0200: 51.173: [GC (Allocation Failure) 2020-09-29T18:27:37.842+0200: 51.173: [ParNew: 585278K->46323K(613440K), 0.0161216 secs] 590752K->51798K(2029056K), 0.0161763 secs] [Times: user=0.13 sys=0.00, real=0.02 secs] 
2020-09-29T18:27:37.905+0200: 51.236: [GC (Allocation Failure) 2020-09-29T18:27:37.905+0200: 51.236: [ParNew: 591667K->37069K(613440K), 0.0147535 secs] 597142K->42544K(2029056K), 0.0148066 secs] [Times: user=0.13 sys=0.00, real=0.02 secs] 
2020-09-29T18:27:37.979+0200: 51.310: [GC (Allocation Failure) 2020-09-29T18:27:37.979+0200: 51.310: [ParNew: 582413K->57840K(613440K), 0.0210775 secs] 587888K->63314K(2029056K), 0.0211585 secs] [Times: user=0.13 sys=0.00, real=0.02 secs] 
2020-09-29T18:27:38.048+0200: 51.379: [GC (Allocation Failure) 2020-09-29T18:27:38.048+0200: 51.379: [ParNew: 603184K->34894K(613440K), 0.0082758 secs] 608658K->40369K(2029056K), 0.0083308 secs] [Times: user=0.13 sys=0.00, real=0.01 secs] 
2020-09-29T18:27:38.109+0200: 51.439: [GC (Allocation Failure) 2020-09-29T18:27:38.109+0200: 51.439: [ParNew: 580238K->29213K(613440K), 0.0124198 secs] 585713K->34688K(2029056K), 0.0124764 secs] [Times: user=0.13 sys=0.00, real=0.01 secs] 
2020-09-29T18:27:38.173+0200: 51.504: [GC (Allocation Failure) 2020-09-29T18:27:38.173+0200: 51.504: [ParNew: 574557K->50065K(613440K), 0.0217318 secs] 580032K->55540K(2029056K), 0.0217851 secs] [Times: user=0.25 sys=0.00, real=0.02 secs] 
2020-09-29T18:27:38.242+0200: 51.573: [GC (Allocation Failure) 2020-09-29T18:27:38.242+0200: 51.573: [ParNew: 595409K->68096K(613440K), 0.0211151 secs] 600884K->73570K(2029056K), 0.0211677 secs] [Times: user=0.13 sys=0.00, real=0.02 secs] 
2020-09-29T18:27:38.311+0200: 51.642: [GC (Allocation Failure) 2020-09-29T18:27:38.311+0200: 51.642: [ParNew: 613440K->45589K(613440K), 0.0152984 secs] 618914K->51064K(2029056K), 0.0153542 secs] [Times: user=0.13 sys=0.00, real=0.01 secs] 
2020-09-29T18:27:38.373+0200: 51.704: [GC (Allocation Failure) 2020-09-29T18:27:38.373+0200: 51.704: [ParNew: 590933K->43361K(613440K), 0.0143870 secs] 596408K->48836K(2029056K), 0.0144529 secs] [Times: user=0.13 sys=0.00, real=0.01 secs] 
2020-09-29T18:27:38.442+0200: 51.773: [GC (Allocation Failure) 2020-09-29T18:27:38.442+0200: 51.773: [ParNew: 588705K->47006K(613440K), 0.0201439 secs] 594180K->52481K(2029056K), 0.0202314 secs] [Times: user=0.13 sys=0.00, real=0.02 secs] 
2020-09-29T18:27:38.511+0200: 51.842: [GC (Allocation Failure) 2020-09-29T18:27:38.511+0200: 51.842: [ParNew: 592350K->56299K(613440K), 0.0184032 secs] 597825K->61773K(2029056K), 0.0184582 secs] [Times: user=0.13 sys=0.00, real=0.02 secs] 
2020-09-29T18:27:38.577+0200: 51.908: [GC (Allocation Failure) 2020-09-29T18:27:38.577+0200: 51.908: [ParNew: 601643K->45144K(613440K), 0.0188061 secs] 607117K->50618K(2029056K), 0.0188681 secs] [Times: user=0.11 sys=0.00, real=0.02 secs] 
2020-09-29T18:27:38.644+0200: 51.975: [GC (Allocation Failure) 2020-09-29T18:27:38.644+0200: 51.975: [ParNew: 590488K->68096K(613440K), 0.0224601 secs] 595962K->73570K(2029056K), 0.0225252 secs] [Times: user=0.25 sys=0.00, real=0.02 secs] 
2020-09-29T18:27:38.715+0200: 52.046: [GC (Allocation Failure) 2020-09-29T18:27:38.715+0200: 52.046: [ParNew: 613440K->50548K(613440K), 0.0165323 secs] 618914K->56023K(2029056K), 0.0165956 secs] [Times: user=0.13 sys=0.00, real=0.02 secs] 
2020-09-29T18:27:38.778+0200: 52.109: [GC (Allocation Failure) 2020-09-29T18:27:38.778+0200: 52.109: [ParNew: 595892K->27469K(613440K), 0.0093612 secs] 601367K->32944K(2029056K), 0.0094247 secs] [Times: user=0.13 sys=0.00, real=0.01 secs] 
2020-09-29T18:27:38.838+0200: 52.169: [GC (Allocation Failure) 2020-09-29T18:27:38.838+0200: 52.169: [ParNew: 572813K->33928K(613440K), 0.0140335 secs] 578288K->39403K(2029056K), 0.0140899 secs] [Times: user=0.13 sys=0.00, real=0.01 secs] 
2020-09-29T18:27:38.901+0200: 52.232: [GC (Allocation Failure) 2020-09-29T18:27:38.901+0200: 52.232: [ParNew: 579272K->59136K(613440K), 0.0241055 secs] 584747K->64610K(2029056K), 0.0241657 secs] [Times: user=0.13 sys=0.00, real=0.02 secs] 
2020-09-29T18:27:38.973+0200: 52.304: [GC (Allocation Failure) 2020-09-29T18:27:38.973+0200: 52.304: [ParNew: 604480K->50127K(613440K), 0.0179855 secs] 609954K->55601K(2029056K), 0.0180510 secs] [Times: user=0.13 sys=0.00, real=0.02 secs] 
2020-09-29T18:27:39.042+0200: 52.373: [GC (Allocation Failure) 2020-09-29T18:27:39.042+0200: 52.373: [ParNew: 595471K->39314K(613440K), 0.0115388 secs] 600945K->44789K(2029056K), 0.0116279 secs] [Times: user=0.13 sys=0.00, real=0.01 secs] 
2020-09-29T18:27:39.106+0200: 52.437: [GC (Allocation Failure) 2020-09-29T18:27:39.106+0200: 52.437: [ParNew: 584658K->35838K(613440K), 0.0171456 secs] 590133K->41312K(2029056K), 0.0172142 secs] [Times: user=0.13 sys=0.00, real=0.02 secs] 
2020-09-29T18:27:39.175+0200: 52.506: [GC (Allocation Failure) 2020-09-29T18:27:39.175+0200: 52.506: [ParNew: 581182K->55649K(613440K), 0.0216932 secs] 586656K->61124K(2029056K), 0.0217636 secs] [Times: user=0.25 sys=0.00, real=0.02 secs] 
2020-09-29T18:27:39.245+0200: 52.576: [GC (Allocation Failure) 2020-09-29T18:27:39.245+0200: 52.576: [ParNew: 600993K->46334K(613440K), 0.0153497 secs] 606468K->51809K(2029056K), 0.0154060 secs] [Times: user=0.13 sys=0.00, real=0.02 secs] 
2020-09-29T18:27:39.307+0200: 52.638: [GC (Allocation Failure) 2020-09-29T18:27:39.307+0200: 52.638: [ParNew: 591678K->34473K(613440K), 0.0145523 secs] 597153K->39948K(2029056K), 0.0146106 secs] [Times: user=0.13 sys=0.00, real=0.02 secs] 
2020-09-29T18:27:39.370+0200: 52.701: [GC (Allocation Failure) 2020-09-29T18:27:39.370+0200: 52.701: [ParNew: 579817K->26297K(613440K), 0.0124005 secs] 585292K->31772K(2029056K), 0.0124546 secs] [Times: user=0.13 sys=0.00, real=0.01 secs] 
2020-09-29T18:27:39.430+0200: 52.761: [GC (Allocation Failure) 2020-09-29T18:27:39.430+0200: 52.761: [ParNew: 571641K->24407K(613440K), 0.0112284 secs] 577116K->29882K(2029056K), 0.0112855 secs] [Times: user=0.00 sys=0.00, real=0.01 secs] 
2020-09-29T18:27:39.495+0200: 52.826: [GC (Allocation Failure) 2020-09-29T18:27:39.495+0200: 52.826: [ParNew: 569751K->53138K(613440K), 0.0208082 secs] 575226K->58613K(2029056K), 0.0208748 secs] [Times: user=0.13 sys=0.00, real=0.02 secs] 
2020-09-29T18:27:39.565+0200: 52.896: [GC (Allocation Failure) 2020-09-29T18:27:39.565+0200: 52.896: [ParNew: 598482K->37672K(613440K), 0.0162402 secs] 603957K->43147K(2029056K), 0.0163052 secs] [Times: user=0.11 sys=0.00, real=0.02 secs] 
2020-09-29T18:27:39.631+0200: 52.962: [GC (Allocation Failure) 2020-09-29T18:27:39.631+0200: 52.962: [ParNew: 583016K->33610K(613440K), 0.0150323 secs] 588491K->39084K(2029056K), 0.0151022 secs] [Times: user=0.13 sys=0.00, real=0.01 secs] 
2020-09-29T18:27:39.702+0200: 53.033: [GC (Allocation Failure) 2020-09-29T18:27:39.702+0200: 53.033: [ParNew: 578954K->47904K(613440K), 0.0208941 secs] 584428K->53378K(2029056K), 0.0209694 secs] [Times: user=0.14 sys=0.00, real=0.02 secs] 
2020-09-29T18:27:39.772+0200: 53.103: [GC (Allocation Failure) 2020-09-29T18:27:39.773+0200: 53.104: [ParNew: 593248K->41808K(613440K), 0.0203312 secs] 598722K->47282K(2029056K), 0.0204049 secs] [Times: user=0.13 sys=0.00, real=0.02 secs] 
2020-09-29T18:27:39.843+0200: 53.174: [GC (Allocation Failure) 2020-09-29T18:27:39.843+0200: 53.174: [ParNew: 587152K->68096K(613440K), 0.0217812 secs] 592626K->73570K(2029056K), 0.0218416 secs] [Times: user=0.25 sys=0.00, real=0.02 secs] 
2020-09-29T18:27:39.912+0200: 53.243: [GC (Allocation Failure) 2020-09-29T18:27:39.912+0200: 53.243: [ParNew: 613440K->58481K(613440K), 0.0213277 secs] 618914K->63956K(2029056K), 0.0213860 secs] [Times: user=0.13 sys=0.00, real=0.02 secs] 
2020-09-29T18:27:39.983+0200: 53.314: [GC (Allocation Failure) 2020-09-29T18:27:39.983+0200: 53.314: [ParNew: 603825K->49720K(613440K), 0.0202874 secs] 609300K->55194K(2029056K), 0.0203746 secs] [Times: user=0.13 sys=0.00, real=0.02 secs] 
2020-09-29T18:27:40.052+0200: 53.383: [GC (Allocation Failure) 2020-09-29T18:27:40.052+0200: 53.383: [ParNew: 595064K->51074K(613440K), 0.0208946 secs] 600538K->56549K(2029056K), 0.0209843 secs] [Times: user=0.13 sys=0.00, real=0.02 secs] 
2020-09-29T18:27:40.123+0200: 53.454: [GC (Allocation Failure) 2020-09-29T18:27:40.123+0200: 53.454: [ParNew: 596418K->49123K(613440K), 0.0198572 secs] 601893K->54597K(2029056K), 0.0199116 secs] [Times: user=0.13 sys=0.00, real=0.02 secs] 
2020-09-29T18:27:40.191+0200: 53.522: [GC (Allocation Failure) 2020-09-29T18:27:40.191+0200: 53.522: [ParNew: 594467K->45626K(613440K), 0.0182970 secs] 599941K->51101K(2029056K), 0.0183537 secs] [Times: user=0.25 sys=0.00, real=0.02 secs] 
2020-09-29T18:27:40.260+0200: 53.591: [GC (Allocation Failure) 2020-09-29T18:27:40.260+0200: 53.591: [ParNew: 590970K->39873K(613440K), 0.0182277 secs] 596445K->45348K(2029056K), 0.0182958 secs] [Times: user=0.13 sys=0.00, real=0.02 secs] 
2020-09-29T18:27:40.327+0200: 53.658: [GC (Allocation Failure) 2020-09-29T18:27:40.327+0200: 53.658: [ParNew: 585217K->40200K(613440K), 0.0172747 secs] 590692K->45675K(2029056K), 0.0173387 secs] [Times: user=0.13 sys=0.00, real=0.02 secs] 
2020-09-29T18:27:40.400+0200: 53.731: [GC (Allocation Failure) 2020-09-29T18:27:40.400+0200: 53.731: [ParNew: 585544K->36908K(613440K), 0.0169381 secs] 591019K->42382K(2029056K), 0.0170033 secs] [Times: user=0.13 sys=0.00, real=0.02 secs] 
2020-09-29T18:27:40.470+0200: 53.801: [GC (Allocation Failure) 2020-09-29T18:27:40.470+0200: 53.801: [ParNew: 582252K->65756K(613440K), 0.0211760 secs] 587726K->71230K(2029056K), 0.0212339 secs] [Times: user=0.25 sys=0.00, real=0.02 secs] 
2020-09-29T18:27:40.540+0200: 53.871: [GC (Allocation Failure) 2020-09-29T18:27:40.540+0200: 53.871: [ParNew: 611100K->61599K(613440K), 0.0201248 secs] 616574K->67073K(2029056K), 0.0201791 secs] [Times: user=0.13 sys=0.00, real=0.02 secs] 
2020-09-29T18:27:40.611+0200: 53.942: [GC (Allocation Failure) 2020-09-29T18:27:40.611+0200: 53.942: [ParNew: 606943K->42500K(613440K), 0.0147439 secs] 612417K->47974K(2029056K), 0.0148056 secs] [Times: user=0.11 sys=0.00, real=0.01 secs] 
2020-09-29T18:27:40.682+0200: 54.014: [GC (Allocation Failure) 2020-09-29T18:27:40.682+0200: 54.014: [ParNew: 587844K->36081K(613440K), 0.0129603 secs] 593318K->41555K(2029056K), 0.0130155 secs] [Times: user=0.13 sys=0.00, real=0.01 secs] 
2020-09-29T18:27:40.748+0200: 54.079: [GC (Allocation Failure) 2020-09-29T18:27:40.748+0200: 54.079: [ParNew: 581425K->30402K(613440K), 0.0137291 secs] 586899K->35876K(2029056K), 0.0138031 secs] [Times: user=0.13 sys=0.00, real=0.01 secs] 
2020-09-29T18:27:40.819+0200: 54.150: [GC (Allocation Failure) 2020-09-29T18:27:40.819+0200: 54.150: [ParNew: 575746K->21759K(613440K), 0.0121794 secs] 581220K->27234K(2029056K), 0.0122704 secs] [Times: user=0.00 sys=0.00, real=0.01 secs] 
2020-09-29T18:27:40.883+0200: 54.214: [GC (Allocation Failure) 2020-09-29T18:27:40.883+0200: 54.214: [ParNew: 567103K->43572K(613440K), 0.0156768 secs] 572578K->49047K(2029056K), 0.0157339 secs] [Times: user=0.13 sys=0.00, real=0.02 secs] 
2020-09-29T18:27:40.948+0200: 54.279: [GC (Allocation Failure) 2020-09-29T18:27:40.948+0200: 54.279: [ParNew: 588916K->56982K(613440K), 0.0198272 secs] 594391K->62456K(2029056K), 0.0198814 secs] [Times: user=0.13 sys=0.00, real=0.02 secs] 
2020-09-29T18:27:41.018+0200: 54.349: [GC (Allocation Failure) 2020-09-29T18:27:41.026+0200: 54.356: [ParNew: 602326K->45288K(613440K), 0.0413270 secs] 607800K->50762K(2029056K), 0.0488434 secs] [Times: user=0.38 sys=0.00, real=0.05 secs] 
2020-09-29T18:27:41.118+0200: 54.449: [GC (Allocation Failure) 2020-09-29T18:27:41.118+0200: 54.449: [ParNew: 590632K->45302K(613440K), 0.0191372 secs] 596106K->50776K(2029056K), 0.0192089 secs] [Times: user=0.13 sys=0.00, real=0.02 secs] 
2020-09-29T18:27:41.187+0200: 54.518: [GC (Allocation Failure) 2020-09-29T18:27:41.187+0200: 54.518: [ParNew: 590646K->48131K(613440K), 0.0177333 secs] 596120K->53606K(2029056K), 0.0178053 secs] [Times: user=0.13 sys=0.00, real=0.02 secs] 
2020-09-29T18:27:41.252+0200: 54.583: [GC (Allocation Failure) 2020-09-29T18:27:41.252+0200: 54.583: [ParNew: 593475K->41501K(613440K), 0.0169698 secs] 598950K->46975K(2029056K), 0.0170319 secs] [Times: user=0.13 sys=0.00, real=0.02 secs] 
2020-09-29T18:27:41.317+0200: 54.648: [GC (Allocation Failure) 2020-09-29T18:27:41.317+0200: 54.648: [ParNew: 586845K->66087K(613440K), 0.0212267 secs] 592319K->71562K(2029056K), 0.0213321 secs] [Times: user=0.13 sys=0.00, real=0.02 secs] 
2020-09-29T18:27:41.385+0200: 54.716: [GC (Allocation Failure) 2020-09-29T18:27:41.385+0200: 54.716: [ParNew: 611431K->43768K(613440K), 0.0151198 secs] 616906K->49242K(2029056K), 0.0151871 secs] [Times: user=0.13 sys=0.00, real=0.02 secs] 
2020-09-29T18:27:41.449+0200: 54.780: [GC (Allocation Failure) 2020-09-29T18:27:41.449+0200: 54.780: [ParNew: 589112K->29229K(613440K), 0.0069003 secs] 594586K->34704K(2029056K), 0.0069689 secs] [Times: user=0.00 sys=0.00, real=0.01 secs] 
2020-09-29T18:27:41.514+0200: 54.845: [GC (Allocation Failure) 2020-09-29T18:27:41.514+0200: 54.845: [ParNew: 574573K->38087K(613440K), 0.0176956 secs] 580048K->43561K(2029056K), 0.0177542 secs] [Times: user=0.13 sys=0.00, real=0.02 secs] 
2020-09-29T18:27:41.582+0200: 54.913: [GC (Allocation Failure) 2020-09-29T18:27:41.583+0200: 54.913: [ParNew: 583431K->48579K(613440K), 0.0172922 secs] 588905K->54053K(2029056K), 0.0173615 secs] [Times: user=0.14 sys=0.00, real=0.02 secs] 
2020-09-29T18:27:41.648+0200: 54.979: [GC (Allocation Failure) 2020-09-29T18:27:41.648+0200: 54.979: [ParNew: 593923K->58404K(613440K), 0.0215878 secs] 599397K->63878K(2029056K), 0.0216819 secs] [Times: user=0.13 sys=0.00, real=0.02 secs] 
2020-09-29T18:27:41.718+0200: 55.048: [GC (Allocation Failure) 2020-09-29T18:27:41.718+0200: 55.048: [ParNew: 603748K->42460K(613440K), 0.0150470 secs] 609222K->47934K(2029056K), 0.0151028 secs] [Times: user=0.13 sys=0.00, real=0.02 secs] 
2020-09-29T18:27:41.783+0200: 55.114: [GC (Allocation Failure) 2020-09-29T18:27:41.783+0200: 55.114: [ParNew: 587804K->63711K(613440K), 0.0196588 secs] 593278K->69185K(2029056K), 0.0197146 secs] [Times: user=0.25 sys=0.00, real=0.02 secs] 
2020-09-29T18:27:41.851+0200: 55.182: [GC (Allocation Failure) 2020-09-29T18:27:41.851+0200: 55.182: [ParNew: 609055K->47999K(613440K), 0.0184897 secs] 614529K->53473K(2029056K), 0.0185446 secs] [Times: user=0.13 sys=0.00, real=0.02 secs] 
2020-09-29T18:27:41.921+0200: 55.252: [GC (Allocation Failure) 2020-09-29T18:27:41.921+0200: 55.252: [ParNew: 593343K->36263K(613440K), 0.0111337 secs] 598817K->41737K(2029056K), 0.0111889 secs] [Times: user=0.13 sys=0.00, real=0.01 secs] 
2020-09-29T18:27:41.986+0200: 55.316: [GC (Allocation Failure) 2020-09-29T18:27:41.986+0200: 55.316: [ParNew: 581607K->61460K(613440K), 0.0262367 secs] 587081K->66934K(2029056K), 0.0263047 secs] [Times: user=0.25 sys=0.00, real=0.03 secs] 
2020-09-29T18:27:42.059+0200: 55.390: [GC (Allocation Failure) 2020-09-29T18:27:42.059+0200: 55.390: [ParNew: 606804K->53420K(613440K), 0.0216383 secs] 612278K->58895K(2029056K), 0.0216973 secs] [Times: user=0.11 sys=0.00, real=0.02 secs] 
2020-09-29T18:27:42.129+0200: 55.460: [GC (Allocation Failure) 2020-09-29T18:27:42.129+0200: 55.460: [ParNew: 598764K->43360K(613440K), 0.0152112 secs] 604239K->48835K(2029056K), 0.0152696 secs] [Times: user=0.13 sys=0.00, real=0.02 secs] 
2020-09-29T18:27:42.192+0200: 55.523: [GC (Allocation Failure) 2020-09-29T18:27:42.193+0200: 55.523: [ParNew: 588657K->21946K(613440K), 0.0091667 secs] 594132K->27421K(2029056K), 0.0092449 secs] [Times: user=0.00 sys=0.00, real=0.01 secs] 
2020-09-29T18:27:42.260+0200: 55.591: [GC (Allocation Failure) 2020-09-29T18:27:42.260+0200: 55.591: [ParNew: 567290K->38104K(613440K), 0.0218785 secs] 572765K->43578K(2029056K), 0.0219486 secs] [Times: user=0.13 sys=0.00, real=0.02 secs] 
2020-09-29T18:27:42.330+0200: 55.661: [GC (Allocation Failure) 2020-09-29T18:27:42.331+0200: 55.661: [ParNew: 583448K->44441K(613440K), 0.0215194 secs] 588922K->49915K(2029056K), 0.0215995 secs] [Times: user=0.23 sys=0.00, real=0.02 secs] 
2020-09-29T18:27:42.404+0200: 55.735: [GC (Allocation Failure) 2020-09-29T18:27:42.404+0200: 55.735: [ParNew: 589785K->56049K(613440K), 0.0256906 secs] 595259K->61524K(2029056K), 0.0257634 secs] [Times: user=0.25 sys=0.00, real=0.03 secs] 
2020-09-29T18:27:42.487+0200: 55.817: [GC (Allocation Failure) 2020-09-29T18:27:42.487+0200: 55.817: [ParNew: 601393K->41751K(613440K), 0.0105997 secs] 606868K->47225K(2029056K), 0.0106625 secs] [Times: user=0.13 sys=0.00, real=0.01 secs] 
2020-09-29T18:27:42.556+0200: 55.886: [GC (Allocation Failure) 2020-09-29T18:27:42.556+0200: 55.887: [ParNew: 587095K->57788K(613440K), 0.0314805 secs] 592569K->63263K(2029056K), 0.0315765 secs] [Times: user=0.25 sys=0.00, real=0.03 secs] 
2020-09-29T18:27:42.636+0200: 55.967: [GC (Allocation Failure) 2020-09-29T18:27:42.636+0200: 55.967: [ParNew: 603132K->49607K(613440K), 0.0240309 secs] 608607K->55081K(2029056K), 0.0240971 secs] [Times: user=0.13 sys=0.00, real=0.02 secs] 
2020-09-29T18:27:42.715+0200: 56.046: [GC (Allocation Failure) 2020-09-29T18:27:42.715+0200: 56.046: [ParNew: 594951K->42837K(613440K), 0.0228901 secs] 600425K->48312K(2029056K), 0.0229645 secs] [Times: user=0.13 sys=0.00, real=0.02 secs] 
2020-09-29T18:27:42.791+0200: 56.122: [GC (Allocation Failure) 2020-09-29T18:27:42.791+0200: 56.122: [ParNew: 588181K->39625K(613440K), 0.0227925 secs] 593656K->45099K(2029056K), 0.0228614 secs] [Times: user=0.13 sys=0.00, real=0.02 secs] 
2020-09-29T18:27:42.871+0200: 56.201: [GC (Allocation Failure) 2020-09-29T18:27:42.871+0200: 56.201: [ParNew: 584969K->65769K(613440K), 0.0281005 secs] 590443K->71244K(2029056K), 0.0281703 secs] [Times: user=0.25 sys=0.00, real=0.03 secs] 
2020-09-29T18:27:42.953+0200: 56.284: [GC (Allocation Failure) 2020-09-29T18:27:42.953+0200: 56.284: [ParNew: 611113K->47947K(613440K), 0.0259935 secs] 616588K->53421K(2029056K), 0.0260802 secs] [Times: user=0.25 sys=0.00, real=0.03 secs] 
2020-09-29T18:27:43.027+0200: 56.358: [GC (Allocation Failure) 2020-09-29T18:27:43.027+0200: 56.358: [ParNew: 593291K->41647K(613440K), 0.0173726 secs] 598765K->47122K(2029056K), 0.0174554 secs] [Times: user=0.13 sys=0.00, real=0.02 secs] 
2020-09-29T18:27:43.096+0200: 56.427: [GC (Allocation Failure) 2020-09-29T18:27:43.096+0200: 56.427: [ParNew: 586991K->42504K(613440K), 0.0237895 secs] 592466K->47979K(2029056K), 0.0238578 secs] [Times: user=0.25 sys=0.00, real=0.02 secs] 
2020-09-29T18:27:43.171+0200: 56.501: [GC (Allocation Failure) 2020-09-29T18:27:43.171+0200: 56.501: [ParNew: 587848K->35612K(613440K), 0.0152159 secs] 593323K->41087K(2029056K), 0.0152790 secs] [Times: user=0.13 sys=0.00, real=0.02 secs] 
2020-09-29T18:27:43.240+0200: 56.571: [GC (Allocation Failure) 2020-09-29T18:27:43.240+0200: 56.571: [ParNew: 580956K->43712K(613440K), 0.0227001 secs] 586431K->49187K(2029056K), 0.0227901 secs] [Times: user=0.13 sys=0.00, real=0.02 secs] 
2020-09-29T18:27:43.313+0200: 56.644: [GC (Allocation Failure) 2020-09-29T18:27:43.313+0200: 56.644: [ParNew: 589056K->57251K(613440K), 0.0254681 secs] 594531K->62726K(2029056K), 0.0255427 secs] [Times: user=0.25 sys=0.00, real=0.03 secs] 
2020-09-29T18:27:43.388+0200: 56.719: [GC (Allocation Failure) 2020-09-29T18:27:43.388+0200: 56.719: [ParNew: 602595K->44262K(613440K), 0.0262767 secs] 608070K->49737K(2029056K), 0.0263657 secs] [Times: user=0.25 sys=0.00, real=0.03 secs] 
2020-09-29T18:27:43.466+0200: 56.797: [GC (Allocation Failure) 2020-09-29T18:27:43.466+0200: 56.797: [ParNew: 589606K->45306K(613440K), 0.0256062 secs] 595081K->50781K(2029056K), 0.0256780 secs] [Times: user=0.25 sys=0.00, real=0.03 secs] 
2020-09-29T18:27:43.542+0200: 56.873: [GC (Allocation Failure) 2020-09-29T18:27:43.542+0200: 56.873: [ParNew: 590650K->47498K(613440K), 0.0242272 secs] 596125K->52973K(2029056K), 0.0243014 secs] [Times: user=0.13 sys=0.00, real=0.02 secs] 
2020-09-29T18:27:43.623+0200: 56.954: [GC (Allocation Failure) 2020-09-29T18:27:43.623+0200: 56.954: [ParNew: 592842K->47883K(613440K), 0.0244640 secs] 598317K->53358K(2029056K), 0.0245338 secs] [Times: user=0.23 sys=0.00, real=0.03 secs] 
2020-09-29T18:27:43.699+0200: 57.029: [GC (Allocation Failure) 2020-09-29T18:27:43.699+0200: 57.029: [ParNew: 593227K->46506K(613440K), 0.0219824 secs] 598702K->51981K(2029056K), 0.0220523 secs] [Times: user=0.13 sys=0.00, real=0.02 secs] 
2020-09-29T18:27:43.771+0200: 57.102: [GC (Allocation Failure) 2020-09-29T18:27:43.771+0200: 57.102: [ParNew: 591850K->42098K(613440K), 0.0208222 secs] 597325K->47573K(2029056K), 0.0208885 secs] [Times: user=0.13 sys=0.00, real=0.02 secs] 
2020-09-29T18:27:43.852+0200: 57.182: [GC (Allocation Failure) 2020-09-29T18:27:43.852+0200: 57.182: [ParNew: 587442K->60555K(613440K), 0.0280564 secs] 592917K->66030K(2029056K), 0.0281238 secs] [Times: user=0.13 sys=0.00, real=0.03 secs] 
2020-09-29T18:27:43.933+0200: 57.263: [GC (Allocation Failure) 2020-09-29T18:27:43.933+0200: 57.263: [ParNew: 605899K->68096K(613440K), 0.0347414 secs] 611374K->75479K(2029056K), 0.0348048 secs] [Times: user=0.23 sys=0.00, real=0.03 secs] 
2020-09-29T18:27:44.014+0200: 57.345: [GC (Allocation Failure) 2020-09-29T18:27:44.015+0200: 57.345: [ParNew: 613440K->52467K(613440K), 0.0195306 secs] 620823K->59850K(2029056K), 0.0196080 secs] [Times: user=0.13 sys=0.00, real=0.02 secs] 
2020-09-29T18:27:44.088+0200: 57.419: [GC (Allocation Failure) 2020-09-29T18:27:44.088+0200: 57.419: [ParNew: 597811K->26471K(613440K), 0.0182019 secs] 605194K->33854K(2029056K), 0.0182691 secs] [Times: user=0.13 sys=0.00, real=0.02 secs] 
2020-09-29T18:27:44.160+0200: 57.491: [GC (Allocation Failure) 2020-09-29T18:27:44.160+0200: 57.491: [ParNew: 571815K->28457K(613440K), 0.0175094 secs] 579198K->35840K(2029056K), 0.0175740 secs] [Times: user=0.23 sys=0.00, real=0.02 secs] 
2020-09-29T18:27:44.237+0200: 57.568: [GC (Allocation Failure) 2020-09-29T18:27:44.237+0200: 57.568: [ParNew: 573801K->42282K(613440K), 0.0219040 secs] 581184K->49665K(2029056K), 0.0219712 secs] [Times: user=0.25 sys=0.00, real=0.02 secs] 
2020-09-29T18:27:44.307+0200: 57.638: [GC (Allocation Failure) 2020-09-29T18:27:44.307+0200: 57.638: [ParNew: 587626K->35038K(613440K), 0.0202386 secs] 595009K->42422K(2029056K), 0.0203032 secs] [Times: user=0.13 sys=0.00, real=0.02 secs] 
2020-09-29T18:27:44.377+0200: 57.708: [GC (Allocation Failure) 2020-09-29T18:27:44.377+0200: 57.708: [ParNew: 580382K->34033K(613440K), 0.0212163 secs] 587766K->41416K(2029056K), 0.0212925 secs] [Times: user=0.25 sys=0.00, real=0.02 secs] 
2020-09-29T18:27:44.456+0200: 57.787: [GC (Allocation Failure) 2020-09-29T18:27:44.456+0200: 57.787: [ParNew: 579377K->33154K(613440K), 0.0198776 secs] 586760K->40537K(2029056K), 0.0199432 secs] [Times: user=0.25 sys=0.00, real=0.02 secs] 
2020-09-29T18:27:44.532+0200: 57.862: [GC (Allocation Failure) 2020-09-29T18:27:44.532+0200: 57.862: [ParNew: 578498K->33405K(613440K), 0.0180258 secs] 585881K->40788K(2029056K), 0.0181026 secs] [Times: user=0.11 sys=0.00, real=0.02 secs] 
2020-09-29T18:27:44.608+0200: 57.938: [GC (Allocation Failure) 2020-09-29T18:27:44.608+0200: 57.939: [ParNew: 578749K->50189K(613440K), 0.0260601 secs] 586132K->57572K(2029056K), 0.0261311 secs] [Times: user=0.24 sys=0.00, real=0.03 secs] 
2020-09-29T18:27:44.685+0200: 58.015: [GC (Allocation Failure) 2020-09-29T18:27:44.685+0200: 58.015: [ParNew: 595533K->40649K(613440K), 0.0230326 secs] 602916K->48032K(2029056K), 0.0231006 secs] [Times: user=0.13 sys=0.02, real=0.02 secs] 
2020-09-29T18:27:44.757+0200: 58.088: [GC (Allocation Failure) 2020-09-29T18:27:44.757+0200: 58.088: [ParNew: 585993K->65492K(613440K), 0.0280922 secs] 593376K->72875K(2029056K), 0.0281762 secs] [Times: user=0.13 sys=0.00, real=0.03 secs] 
2020-09-29T18:27:44.836+0200: 58.167: [GC (Allocation Failure) 2020-09-29T18:27:44.836+0200: 58.167: [ParNew: 610836K->49298K(613440K), 0.0213237 secs] 618219K->56681K(2029056K), 0.0213896 secs] [Times: user=0.13 sys=0.00, real=0.02 secs] 
2020-09-29T18:27:44.911+0200: 58.242: [GC (Allocation Failure) 2020-09-29T18:27:44.911+0200: 58.242: [ParNew: 594642K->48452K(613440K), 0.0261094 secs] 602025K->55835K(2029056K), 0.0261708 secs] [Times: user=0.13 sys=0.00, real=0.03 secs] 
2020-09-29T18:27:44.989+0200: 58.320: [GC (Allocation Failure) 2020-09-29T18:27:44.989+0200: 58.320: [ParNew: 593796K->38152K(613440K), 0.0188532 secs] 601179K->45535K(2029056K), 0.0189751 secs] [Times: user=0.13 sys=0.00, real=0.02 secs] 
2020-09-29T18:27:45.057+0200: 58.388: [GC (Allocation Failure) 2020-09-29T18:27:45.057+0200: 58.388: [ParNew: 583496K->53092K(613440K), 0.0244475 secs] 590879K->60475K(2029056K), 0.0245137 secs] [Times: user=0.13 sys=0.00, real=0.02 secs] 
2020-09-29T18:27:45.132+0200: 58.463: [GC (Allocation Failure) 2020-09-29T18:27:45.132+0200: 58.463: [ParNew: 598436K->31442K(613440K), 0.0084831 secs] 605819K->38825K(2029056K), 0.0085509 secs] [Times: user=0.00 sys=0.00, real=0.01 secs] 
2020-09-29T18:27:45.190+0200: 58.521: [GC (Allocation Failure) 2020-09-29T18:27:45.190+0200: 58.521: [ParNew: 576786K->39505K(613440K), 0.0217042 secs] 584169K->46888K(2029056K), 0.0217774 secs] [Times: user=0.25 sys=0.00, real=0.02 secs] 
2020-09-29T18:27:45.263+0200: 58.594: [GC (Allocation Failure) 2020-09-29T18:27:45.263+0200: 58.594: [ParNew: 584849K->53053K(613440K), 0.0271413 secs] 592232K->60436K(2029056K), 0.0272078 secs] [Times: user=0.25 sys=0.00, real=0.03 secs] 
2020-09-29T18:27:45.343+0200: 58.674: [GC (Allocation Failure) 2020-09-29T18:27:45.343+0200: 58.674: [ParNew: 598397K->47858K(613440K), 0.0196121 secs] 605780K->55242K(2029056K), 0.0196762 secs] [Times: user=0.13 sys=0.00, real=0.02 secs] 
2020-09-29T18:27:45.413+0200: 58.744: [GC (Allocation Failure) 2020-09-29T18:27:45.413+0200: 58.744: [ParNew: 593202K->43189K(613440K), 0.0260325 secs] 600586K->50573K(2029056K), 0.0260986 secs] [Times: user=0.13 sys=0.00, real=0.03 secs] 
2020-09-29T18:27:45.490+0200: 58.821: [GC (Allocation Failure) 2020-09-29T18:27:45.490+0200: 58.821: [ParNew: 588455K->40008K(613440K), 0.0159734 secs] 595838K->47392K(2029056K), 0.0160344 secs] [Times: user=0.13 sys=0.00, real=0.02 secs] 
2020-09-29T18:27:45.555+0200: 58.886: [GC (Allocation Failure) 2020-09-29T18:27:45.555+0200: 58.886: [ParNew: 585352K->55370K(613440K), 0.0290814 secs] 592736K->62754K(2029056K), 0.0291681 secs] [Times: user=0.25 sys=0.00, real=0.03 secs] 
2020-09-29T18:27:45.635+0200: 58.966: [GC (Allocation Failure) 2020-09-29T18:27:45.635+0200: 58.966: [ParNew: 600714K->66753K(613440K), 0.0300266 secs] 608098K->74137K(2029056K), 0.0300951 secs] [Times: user=0.23 sys=0.00, real=0.03 secs] 
2020-09-29T18:27:45.712+0200: 59.043: [GC (Allocation Failure) 2020-09-29T18:27:45.712+0200: 59.043: [ParNew: 612097K->53554K(613440K), 0.0263657 secs] 619481K->60938K(2029056K), 0.0264279 secs] [Times: user=0.14 sys=0.00, real=0.03 secs] 
2020-09-29T18:27:45.788+0200: 59.119: [GC (Allocation Failure) 2020-09-29T18:27:45.788+0200: 59.119: [ParNew: 598898K->44281K(613440K), 0.0191195 secs] 606282K->51665K(2029056K), 0.0191850 secs] [Times: user=0.13 sys=0.00, real=0.02 secs] 
2020-09-29T18:27:45.858+0200: 59.189: [GC (Allocation Failure) 2020-09-29T18:27:45.858+0200: 59.189: [ParNew: 589625K->44038K(613440K), 0.0255017 secs] 597009K->51422K(2029056K), 0.0255732 secs] [Times: user=0.25 sys=0.00, real=0.03 secs] 
2020-09-29T18:27:45.931+0200: 59.262: [GC (Allocation Failure) 2020-09-29T18:27:45.931+0200: 59.262: [ParNew: 589382K->37512K(613440K), 0.0160274 secs] 596766K->44895K(2029056K), 0.0160905 secs] [Times: user=0.13 sys=0.00, real=0.02 secs] 
2020-09-29T18:27:45.998+0200: 59.329: [GC (Allocation Failure) 2020-09-29T18:27:45.998+0200: 59.329: [ParNew: 582856K->52127K(613440K), 0.0279028 secs] 590239K->59511K(2029056K), 0.0279850 secs] [Times: user=0.25 sys=0.00, real=0.03 secs] 
2020-09-29T18:27:46.074+0200: 59.405: [GC (Allocation Failure) 2020-09-29T18:27:46.074+0200: 59.405: [ParNew: 597471K->43583K(613440K), 0.0202868 secs] 604855K->50966K(2029056K), 0.0203533 secs] [Times: user=0.13 sys=0.00, real=0.02 secs] 
2020-09-29T18:27:46.152+0200: 59.483: [GC (Allocation Failure) 2020-09-29T18:27:46.152+0200: 59.483: [ParNew: 588927K->30179K(613440K), 0.0139628 secs] 596310K->37562K(2029056K), 0.0140340 secs] [Times: user=0.13 sys=0.00, real=0.01 secs] 
2020-09-29T18:27:46.217+0200: 59.548: [GC (Allocation Failure) 2020-09-29T18:27:46.217+0200: 59.548: [ParNew: 575523K->42691K(613440K), 0.0254176 secs] 582906K->50074K(2029056K), 0.0254991 secs] [Times: user=0.25 sys=0.00, real=0.03 secs] 
2020-09-29T18:27:46.293+0200: 59.624: [GC (Allocation Failure) 2020-09-29T18:27:46.293+0200: 59.624: [ParNew: 588035K->56892K(613440K), 0.0251221 secs] 595418K->64276K(2029056K), 0.0252134 secs] [Times: user=0.25 sys=0.00, real=0.03 secs] 
2020-09-29T18:27:46.377+0200: 59.708: [GC (Allocation Failure) 2020-09-29T18:27:46.377+0200: 59.708: [ParNew: 602236K->42566K(613440K), 0.0231880 secs] 609620K->49950K(2029056K), 0.0232857 secs] [Times: user=0.23 sys=0.00, real=0.02 secs] 
2020-09-29T18:27:46.457+0200: 59.788: [GC (Allocation Failure) 2020-09-29T18:27:46.457+0200: 59.788: [ParNew: 587910K->40446K(613440K), 0.0211257 secs] 595294K->47829K(2029056K), 0.0294451 secs] [Times: user=0.25 sys=0.00, real=0.03 secs] 
2020-09-29T18:27:46.541+0200: 59.871: [GC (Allocation Failure) 2020-09-29T18:27:46.541+0200: 59.872: [ParNew: 585790K->60196K(613440K), 0.0288729 secs] 593173K->67579K(2029056K), 0.0289557 secs] [Times: user=0.22 sys=0.00, real=0.03 secs] 
2020-09-29T18:27:46.623+0200: 59.954: [GC (Allocation Failure) 2020-09-29T18:27:46.623+0200: 59.954: [ParNew: 605540K->64894K(613440K), 0.0278584 secs] 612923K->72277K(2029056K), 0.0279284 secs] [Times: user=0.23 sys=0.00, real=0.03 secs] 
2020-09-29T18:27:46.699+0200: 60.029: [GC (Allocation Failure) 2020-09-29T18:27:46.699+0200: 60.029: [ParNew: 610238K->68096K(613440K), 0.0330012 secs] 617621K->77393K(2029056K), 0.0330653 secs] [Times: user=0.25 sys=0.00, real=0.03 secs] 
2020-09-29T18:27:46.779+0200: 60.110: [GC (Allocation Failure) 2020-09-29T18:27:46.779+0200: 60.110: [ParNew: 613440K->68096K(613440K), 0.0306707 secs] 622737K->77462K(2029056K), 0.0307388 secs] [Times: user=0.24 sys=0.00, real=0.03 secs] 
2020-09-29T18:27:46.859+0200: 60.190: [GC (Allocation Failure) 2020-09-29T18:27:46.859+0200: 60.190: [ParNew: 613440K->50239K(613440K), 0.0161810 secs] 622806K->59606K(2029056K), 0.0162423 secs] [Times: user=0.13 sys=0.00, real=0.02 secs] 
2020-09-29T18:27:46.931+0200: 60.261: [GC (Allocation Failure) 2020-09-29T18:27:46.931+0200: 60.261: [ParNew: 595583K->61980K(613440K), 0.0295148 secs] 604950K->71346K(2029056K), 0.0295792 secs] [Times: user=0.25 sys=0.00, real=0.03 secs] 
2020-09-29T18:27:47.007+0200: 60.338: [GC (Allocation Failure) 2020-09-29T18:27:47.007+0200: 60.338: [ParNew: 607324K->43463K(613440K), 0.0214980 secs] 616690K->52830K(2029056K), 0.0215609 secs] [Times: user=0.13 sys=0.00, real=0.02 secs] 
2020-09-29T18:27:47.080+0200: 60.410: [GC (Allocation Failure) 2020-09-29T18:27:47.080+0200: 60.410: [ParNew: 588807K->63912K(613440K), 0.0267514 secs] 598174K->73278K(2029056K), 0.0268210 secs] [Times: user=0.25 sys=0.00, real=0.03 secs] 
2020-09-29T18:27:47.154+0200: 60.484: [GC (Allocation Failure) 2020-09-29T18:27:47.154+0200: 60.484: [ParNew: 609256K->45498K(613440K), 0.0206185 secs] 618622K->54865K(2029056K), 0.0206839 secs] [Times: user=0.13 sys=0.00, real=0.02 secs] 
2020-09-29T18:27:47.226+0200: 60.557: [GC (Allocation Failure) 2020-09-29T18:27:47.226+0200: 60.557: [ParNew: 590842K->36304K(613440K), 0.0203020 secs] 600209K->45670K(2029056K), 0.0203694 secs] [Times: user=0.13 sys=0.00, real=0.02 secs] 
2020-09-29T18:27:47.301+0200: 60.631: [GC (Allocation Failure) 2020-09-29T18:27:47.301+0200: 60.631: [ParNew: 581648K->34815K(613440K), 0.0185194 secs] 591014K->44181K(2029056K), 0.0185883 secs] [Times: user=0.25 sys=0.00, real=0.02 secs] 
2020-09-29T18:27:47.372+0200: 60.703: [GC (Allocation Failure) 2020-09-29T18:27:47.372+0200: 60.703: [ParNew: 580159K->52458K(613440K), 0.0255833 secs] 589525K->61825K(2029056K), 0.0256524 secs] [Times: user=0.25 sys=0.00, real=0.03 secs] 
2020-09-29T18:27:47.453+0200: 60.783: [GC (Allocation Failure) 2020-09-29T18:27:47.453+0200: 60.783: [ParNew: 597802K->40973K(613440K), 0.0242927 secs] 607169K->50340K(2029056K), 0.0243653 secs] [Times: user=0.25 sys=0.00, real=0.02 secs] 
2020-09-29T18:27:47.524+0200: 60.855: [GC (Allocation Failure) 2020-09-29T18:27:47.524+0200: 60.855: [ParNew: 586317K->42223K(613440K), 0.0238511 secs] 595684K->51590K(2029056K), 0.0239473 secs] [Times: user=0.13 sys=0.00, real=0.02 secs] 
2020-09-29T18:27:47.598+0200: 60.928: [GC (Allocation Failure) 2020-09-29T18:27:47.598+0200: 60.928: [ParNew: 587567K->62235K(613440K), 0.0295780 secs] 596934K->71601K(2029056K), 0.0296516 secs] [Times: user=0.24 sys=0.00, real=0.03 secs] 
2020-09-29T18:27:47.677+0200: 61.007: [GC (Allocation Failure) 2020-09-29T18:27:47.677+0200: 61.007: [ParNew: 607579K->47555K(613440K), 0.0293669 secs] 616945K->56922K(2029056K), 0.0294560 secs] [Times: user=0.13 sys=0.00, real=0.03 secs] 
2020-09-29T18:27:47.753+0200: 61.083: [GC (Allocation Failure) 2020-09-29T18:27:47.753+0200: 61.083: [ParNew: 592899K->47500K(613440K), 0.0270796 secs] 602266K->56866K(2029056K), 0.0271619 secs] [Times: user=0.25 sys=0.00, real=0.03 secs] 
2020-09-29T18:27:47.833+0200: 61.163: [GC (Allocation Failure) 2020-09-29T18:27:47.838+0200: 61.169: [ParNew: 592844K->41687K(613440K), 0.0230102 secs] 602210K->51053K(2029056K), 0.0281571 secs] [Times: user=0.13 sys=0.00, real=0.03 secs] 
2020-09-29T18:27:47.928+0200: 61.259: [GC (Allocation Failure) 2020-09-29T18:27:47.928+0200: 61.259: [ParNew: 587031K->17565K(613440K), 0.0153489 secs] 596397K->26931K(2029056K), 0.0154171 secs] [Times: user=0.13 sys=0.00, real=0.02 secs] 
2020-09-29T18:27:47.997+0200: 61.328: [GC (Allocation Failure) 2020-09-29T18:27:47.997+0200: 61.328: [ParNew: 562909K->45283K(613440K), 0.0269424 secs] 572275K->54649K(2029056K), 0.0270153 secs] [Times: user=0.25 sys=0.00, real=0.03 secs] 
2020-09-29T18:27:48.077+0200: 61.408: [GC (Allocation Failure) 2020-09-29T18:27:48.077+0200: 61.408: [ParNew: 590627K->40100K(613440K), 0.0168804 secs] 599993K->49467K(2029056K), 0.0169520 secs] [Times: user=0.13 sys=0.00, real=0.02 secs] 
2020-09-29T18:27:48.142+0200: 61.473: [GC (Allocation Failure) 2020-09-29T18:27:48.142+0200: 61.473: [ParNew: 585444K->51482K(613440K), 0.0312494 secs] 594811K->60848K(2029056K), 0.0313212 secs] [Times: user=0.25 sys=0.00, real=0.03 secs] 
2020-09-29T18:27:48.221+0200: 61.552: [GC (Allocation Failure) 2020-09-29T18:27:48.221+0200: 61.552: [ParNew: 596826K->47167K(613440K), 0.0232174 secs] 606192K->56533K(2029056K), 0.0232916 secs] [Times: user=0.25 sys=0.00, real=0.02 secs] 
2020-09-29T18:27:48.293+0200: 61.624: [GC (Allocation Failure) 2020-09-29T18:27:48.293+0200: 61.624: [ParNew: 592511K->40546K(613440K), 0.0228677 secs] 601877K->49913K(2029056K), 0.0229497 secs] [Times: user=0.13 sys=0.00, real=0.02 secs] 
2020-09-29T18:27:48.364+0200: 61.695: [GC (Allocation Failure) 2020-09-29T18:27:48.364+0200: 61.695: [ParNew: 585890K->35491K(613440K), 0.0210238 secs] 595257K->44857K(2029056K), 0.0211041 secs] [Times: user=0.13 sys=0.00, real=0.02 secs] 
2020-09-29T18:27:48.445+0200: 61.776: [GC (Allocation Failure) 2020-09-29T18:27:48.445+0200: 61.776: [ParNew: 580835K->56778K(613440K), 0.0267280 secs] 590201K->66145K(2029056K), 0.0268039 secs] [Times: user=0.13 sys=0.00, real=0.03 secs] 
2020-09-29T18:27:48.519+0200: 61.850: [GC (Allocation Failure) 2020-09-29T18:27:48.519+0200: 61.850: [ParNew: 602122K->43054K(613440K), 0.0258798 secs] 611489K->52420K(2029056K), 0.0259493 secs] [Times: user=0.16 sys=0.00, real=0.03 secs] 
2020-09-29T18:27:48.598+0200: 61.929: [GC (Allocation Failure) 2020-09-29T18:27:48.598+0200: 61.929: [ParNew: 588398K->42058K(613440K), 0.0243226 secs] 597764K->51425K(2029056K), 0.0243930 secs] [Times: user=0.13 sys=0.00, real=0.02 secs] 
2020-09-29T18:27:48.676+0200: 62.007: [GC (Allocation Failure) 2020-09-29T18:27:48.676+0200: 62.007: [ParNew: 587402K->43957K(613440K), 0.0220298 secs] 596769K->53323K(2029056K), 0.0221068 secs] [Times: user=0.13 sys=0.00, real=0.02 secs] 
2020-09-29T18:27:48.759+0200: 62.090: [GC (Allocation Failure) 2020-09-29T18:27:48.759+0200: 62.090: [ParNew: 589301K->37189K(613440K), 0.0237457 secs] 598667K->46556K(2029056K), 0.0238321 secs] [Times: user=0.11 sys=0.00, real=0.02 secs] 
2020-09-29T18:27:48.842+0200: 62.173: [GC (Allocation Failure) 2020-09-29T18:27:48.842+0200: 62.173: [ParNew: 582533K->63093K(613440K), 0.0355340 secs] 591900K->72460K(2029056K), 0.0356304 secs] [Times: user=0.25 sys=0.00, real=0.04 secs] 
2020-09-29T18:27:48.926+0200: 62.257: [GC (Allocation Failure) 2020-09-29T18:27:48.926+0200: 62.257: [ParNew: 608437K->51243K(613440K), 0.0196853 secs] 617804K->60610K(2029056K), 0.0197534 secs] [Times: user=0.13 sys=0.00, real=0.02 secs] 
2020-09-29T18:27:48.999+0200: 62.329: [GC (Allocation Failure) 2020-09-29T18:27:48.999+0200: 62.329: [ParNew: 596587K->26517K(613440K), 0.0186884 secs] 605954K->35883K(2029056K), 0.0187702 secs] [Times: user=0.13 sys=0.00, real=0.02 secs] 
2020-09-29T18:27:49.070+0200: 62.401: [GC (Allocation Failure) 2020-09-29T18:27:49.070+0200: 62.401: [ParNew: 571861K->45151K(613440K), 0.0267096 secs] 581227K->54517K(2029056K), 0.0267777 secs] [Times: user=0.09 sys=0.00, real=0.03 secs] 
2020-09-29T18:27:49.148+0200: 62.479: [GC (Allocation Failure) 2020-09-29T18:27:49.148+0200: 62.479: [ParNew: 590495K->60741K(613440K), 0.0309392 secs] 599861K->70108K(2029056K), 0.0310088 secs] [Times: user=0.25 sys=0.00, real=0.03 secs] 
2020-09-29T18:27:49.230+0200: 62.561: [GC (Allocation Failure) 2020-09-29T18:27:49.230+0200: 62.561: [ParNew: 606085K->51440K(613440K), 0.0302319 secs] 615452K->60806K(2029056K), 0.0303058 secs] [Times: user=0.25 sys=0.00, real=0.03 secs] 
2020-09-29T18:27:49.308+0200: 62.639: [GC (Allocation Failure) 2020-09-29T18:27:49.308+0200: 62.639: [ParNew: 596784K->49730K(613440K), 0.0221160 secs] 606150K->59097K(2029056K), 0.0221815 secs] [Times: user=0.13 sys=0.00, real=0.02 secs] 
2020-09-29T18:27:49.382+0200: 62.713: [GC (Allocation Failure) 2020-09-29T18:27:49.382+0200: 62.713: [ParNew: 595074K->41931K(613440K), 0.0202848 secs] 604441K->51297K(2029056K), 0.0203506 secs] [Times: user=0.13 sys=0.00, real=0.02 secs] 
2020-09-29T18:27:49.457+0200: 62.788: [GC (Allocation Failure) 2020-09-29T18:27:49.457+0200: 62.788: [ParNew: 587275K->56304K(613440K), 0.0263673 secs] 596641K->65670K(2029056K), 0.0264499 secs] [Times: user=0.25 sys=0.00, real=0.03 secs] 
2020-09-29T18:27:49.537+0200: 62.868: [GC (Allocation Failure) 2020-09-29T18:27:49.537+0200: 62.868: [ParNew: 601648K->42541K(613440K), 0.0265856 secs] 611014K->51907K(2029056K), 0.0266798 secs] [Times: user=0.13 sys=0.00, real=0.03 secs] 
2020-09-29T18:27:49.618+0200: 62.949: [GC (Allocation Failure) 2020-09-29T18:27:49.618+0200: 62.949: [ParNew: 587885K->38514K(613440K), 0.0156133 secs] 597251K->47881K(2029056K), 0.0156849 secs] [Times: user=0.13 sys=0.00, real=0.01 secs] 
2020-09-29T18:27:49.693+0200: 63.024: [GC (Allocation Failure) 2020-09-29T18:27:49.693+0200: 63.024: [ParNew: 583858K->38106K(613440K), 0.0224466 secs] 593225K->47473K(2029056K), 0.0225219 secs] [Times: user=0.13 sys=0.00, real=0.02 secs] 
2020-09-29T18:27:49.776+0200: 63.107: [GC (Allocation Failure) 2020-09-29T18:27:49.776+0200: 63.107: [ParNew: 583450K->52820K(613440K), 0.0287843 secs] 592817K->62187K(2029056K), 0.0288578 secs] [Times: user=0.25 sys=0.00, real=0.03 secs] 
2020-09-29T18:27:49.854+0200: 63.185: [GC (Allocation Failure) 2020-09-29T18:27:49.854+0200: 63.185: [ParNew: 598164K->46707K(613440K), 0.0282288 secs] 607531K->56073K(2029056K), 0.0283000 secs] [Times: user=0.25 sys=0.00, real=0.03 secs] 
2020-09-29T18:27:49.933+0200: 63.265: [GC (Allocation Failure) 2020-09-29T18:27:49.933+0200: 63.265: [ParNew: 592051K->47615K(613440K), 0.0273224 secs] 601417K->56981K(2029056K), 0.0274027 secs] [Times: user=0.23 sys=0.00, real=0.03 secs] 
2020-09-29T18:27:50.010+0200: 63.341: [GC (Allocation Failure) 2020-09-29T18:27:50.010+0200: 63.341: [ParNew: 592959K->46544K(613440K), 0.0259578 secs] 602325K->55911K(2029056K), 0.0260244 secs] [Times: user=0.19 sys=0.02, real=0.03 secs] 
2020-09-29T18:27:50.089+0200: 63.420: [GC (Allocation Failure) 2020-09-29T18:27:50.089+0200: 63.420: [ParNew: 591888K->38875K(613440K), 0.0179078 secs] 601255K->48242K(2029056K), 0.0179784 secs] [Times: user=0.13 sys=0.00, real=0.02 secs] 
2020-09-29T18:27:50.167+0200: 63.498: [GC (Allocation Failure) 2020-09-29T18:27:50.167+0200: 63.498: [ParNew: 584219K->56226K(613440K), 0.0324777 secs] 593586K->65593K(2029056K), 0.0325489 secs] [Times: user=0.25 sys=0.00, real=0.03 secs] 
2020-09-29T18:27:50.246+0200: 63.577: [GC (Allocation Failure) 2020-09-29T18:27:50.246+0200: 63.577: [ParNew: 601570K->42554K(613440K), 0.0159447 secs] 610937K->51921K(2029056K), 0.0160124 secs] [Times: user=0.13 sys=0.00, real=0.02 secs] 
2020-09-29T18:27:50.316+0200: 63.647: [GC (Allocation Failure) 2020-09-29T18:27:50.316+0200: 63.647: [ParNew: 587898K->34251K(613440K), 0.0226178 secs] 597265K->43618K(2029056K), 0.0227026 secs] [Times: user=0.25 sys=0.00, real=0.02 secs] 
2020-09-29T18:27:50.388+0200: 63.719: [GC (Allocation Failure) 2020-09-29T18:27:50.388+0200: 63.719: [ParNew: 579595K->32470K(613440K), 0.0211194 secs] 588962K->41837K(2029056K), 0.0211875 secs] [Times: user=0.13 sys=0.00, real=0.02 secs] 
2020-09-29T18:27:50.462+0200: 63.793: [GC (Allocation Failure) 2020-09-29T18:27:50.462+0200: 63.793: [ParNew: 577814K->30544K(613440K), 0.0182085 secs] 587181K->39911K(2029056K), 0.0182723 secs] [Times: user=0.13 sys=0.00, real=0.02 secs] 
2020-09-29T18:27:50.537+0200: 63.869: [GC (Allocation Failure) 2020-09-29T18:27:50.537+0200: 63.869: [ParNew: 575888K->48731K(613440K), 0.0238222 secs] 585255K->58098K(2029056K), 0.0239163 secs] [Times: user=0.13 sys=0.00, real=0.02 secs] 
2020-09-29T18:27:50.611+0200: 63.942: [GC (Allocation Failure) 2020-09-29T18:27:50.611+0200: 63.942: [ParNew: 594075K->38303K(613440K), 0.0238901 secs] 603442K->47669K(2029056K), 0.0239672 secs] [Times: user=0.23 sys=0.00, real=0.02 secs] 
2020-09-29T18:27:50.688+0200: 64.019: [GC (Allocation Failure) 2020-09-29T18:27:50.688+0200: 64.019: [ParNew: 583647K->38979K(613440K), 0.0230192 secs] 593013K->48346K(2029056K), 0.0230891 secs] [Times: user=0.25 sys=0.00, real=0.02 secs] 
2020-09-29T18:27:50.759+0200: 64.090: [GC (Allocation Failure) 2020-09-29T18:27:50.759+0200: 64.090: [ParNew: 582543K->33880K(613440K), 0.0213226 secs] 591909K->43247K(2029056K), 0.0214071 secs] [Times: user=0.13 sys=0.00, real=0.02 secs] 
2020-09-29T18:27:50.840+0200: 64.172: [GC (Allocation Failure) 2020-09-29T18:27:50.840+0200: 64.172: [ParNew: 579224K->31515K(613440K), 0.0192907 secs] 588591K->40882K(2029056K), 0.0193556 secs] [Times: user=0.13 sys=0.00, real=0.02 secs] 
2020-09-29T18:27:50.909+0200: 64.240: [GC (Allocation Failure) 2020-09-29T18:27:50.909+0200: 64.240: [ParNew: 576859K->52449K(613440K), 0.0250771 secs] 586226K->61816K(2029056K), 0.0251782 secs] [Times: user=0.25 sys=0.00, real=0.03 secs] 
2020-09-29T18:27:50.987+0200: 64.318: [GC (Allocation Failure) 2020-09-29T18:27:50.987+0200: 64.319: [ParNew: 597793K->31626K(613440K), 0.0155869 secs] 607160K->40992K(2029056K), 0.0156558 secs] [Times: user=0.13 sys=0.00, real=0.02 secs] 
2020-09-29T18:27:51.063+0200: 64.394: [GC (Allocation Failure) 2020-09-29T18:27:51.063+0200: 64.394: [ParNew: 576970K->34092K(613440K), 0.0202065 secs] 586336K->43458K(2029056K), 0.0202823 secs] [Times: user=0.25 sys=0.00, real=0.02 secs] 
2020-09-29T18:27:51.132+0200: 64.464: [GC (Allocation Failure) 2020-09-29T18:27:51.132+0200: 64.464: [ParNew: 579436K->44643K(613440K), 0.0271306 secs] 588802K->54010K(2029056K), 0.0271992 secs] [Times: user=0.13 sys=0.00, real=0.03 secs] 
2020-09-29T18:27:51.210+0200: 64.541: [GC (Allocation Failure) 2020-09-29T18:27:51.210+0200: 64.541: [ParNew: 589987K->68096K(613440K), 0.0333068 secs] 599354K->77462K(2029056K), 0.0333726 secs] [Times: user=0.25 sys=0.00, real=0.03 secs] 
2020-09-29T18:27:51.297+0200: 64.627: [GC (Allocation Failure) 2020-09-29T18:27:51.297+0200: 64.628: [ParNew: 613440K->47327K(613440K), 0.0185526 secs] 622806K->56694K(2029056K), 0.0186227 secs] [Times: user=0.11 sys=0.00, real=0.02 secs] 
2020-09-29T18:27:51.378+0200: 64.709: [GC (Allocation Failure) 2020-09-29T18:27:51.378+0200: 64.709: [ParNew: 592671K->44314K(613440K), 0.0243094 secs] 602038K->53681K(2029056K), 0.0243942 secs] [Times: user=0.25 sys=0.00, real=0.02 secs] 
2020-09-29T18:27:51.459+0200: 64.790: [GC (Allocation Failure) 2020-09-29T18:27:51.459+0200: 64.790: [ParNew: 589658K->60117K(613440K), 0.0314254 secs] 599025K->69484K(2029056K), 0.0314952 secs] [Times: user=0.25 sys=0.00, real=0.03 secs] 
2020-09-29T18:27:51.539+0200: 64.870: [GC (Allocation Failure) 2020-09-29T18:27:51.539+0200: 64.870: [ParNew: 605461K->52480K(613440K), 0.0301189 secs] 614828K->61846K(2029056K), 0.0302130 secs] [Times: user=0.25 sys=0.00, real=0.03 secs] 
2020-09-29T18:27:51.623+0200: 64.954: [GC (Allocation Failure) 2020-09-29T18:27:51.623+0200: 64.954: [ParNew: 597824K->46896K(613440K), 0.0215719 secs] 607190K->56263K(2029056K), 0.0216455 secs] [Times: user=0.13 sys=0.00, real=0.02 secs] 
2020-09-29T18:27:51.695+0200: 65.026: [GC (Allocation Failure) 2020-09-29T18:27:51.695+0200: 65.026: [ParNew: 592240K->46519K(613440K), 0.0270474 secs] 601607K->55886K(2029056K), 0.0271177 secs] [Times: user=0.13 sys=0.00, real=0.03 secs] 
2020-09-29T18:27:51.770+0200: 65.101: [GC (Allocation Failure) 2020-09-29T18:27:51.770+0200: 65.101: [ParNew: 591863K->66924K(613440K), 0.0273550 secs] 601230K->76291K(2029056K), 0.0274655 secs] [Times: user=0.13 sys=0.00, real=0.03 secs] 
2020-09-29T18:27:51.851+0200: 65.182: [GC (Allocation Failure) 2020-09-29T18:27:51.851+0200: 65.182: [ParNew: 612268K->49259K(613440K), 0.0272103 secs] 621635K->58625K(2029056K), 0.0272828 secs] [Times: user=0.13 sys=0.00, real=0.03 secs] 
2020-09-29T18:27:51.925+0200: 65.256: [GC (Allocation Failure) 2020-09-29T18:27:51.925+0200: 65.256: [ParNew: 594603K->42194K(613440K), 0.0238371 secs] 603969K->51561K(2029056K), 0.0319066 secs] [Times: user=0.22 sys=0.00, real=0.03 secs] 
2020-09-29T18:27:52.005+0200: 65.337: [GC (Allocation Failure) 2020-09-29T18:27:52.005+0200: 65.337: [ParNew: 587538K->40154K(613440K), 0.0230745 secs] 596905K->49521K(2029056K), 0.0231429 secs] [Times: user=0.13 sys=0.00, real=0.02 secs] 
2020-09-29T18:27:52.080+0200: 65.411: [GC (Allocation Failure) 2020-09-29T18:27:52.080+0200: 65.411: [ParNew: 585498K->30550K(613440K), 0.0109453 secs] 594865K->39917K(2029056K), 0.0110195 secs] [Times: user=0.13 sys=0.00, real=0.01 secs] 
2020-09-29T18:27:52.147+0200: 65.479: [GC (Allocation Failure) 2020-09-29T18:27:52.147+0200: 65.479: [ParNew: 575894K->44524K(613440K), 0.0263358 secs] 585261K->53890K(2029056K), 0.0264070 secs] [Times: user=0.13 sys=0.00, real=0.03 secs] 
2020-09-29T18:27:52.222+0200: 65.554: [GC (Allocation Failure) 2020-09-29T18:27:52.222+0200: 65.554: [ParNew: 589868K->56390K(613440K), 0.0177113 secs] 599234K->65756K(2029056K), 0.0177665 secs] [Times: user=0.19 sys=0.00, real=0.02 secs] 
2020-09-29T18:27:52.289+0200: 65.620: [GC (Allocation Failure) 2020-09-29T18:27:52.289+0200: 65.620: [ParNew: 601734K->43922K(613440K), 0.0174135 secs] 611100K->53288K(2029056K), 0.0174670 secs] [Times: user=0.13 sys=0.00, real=0.02 secs] 
2020-09-29T18:27:52.356+0200: 65.687: [GC (Allocation Failure) 2020-09-29T18:27:52.356+0200: 65.687: [ParNew: 589266K->38308K(613440K), 0.0127422 secs] 598632K->47674K(2029056K), 0.0127989 secs] [Times: user=0.13 sys=0.00, real=0.01 secs] 
2020-09-29T18:27:52.425+0200: 65.756: [GC (Allocation Failure) 2020-09-29T18:27:52.425+0200: 65.756: [ParNew: 583652K->37664K(613440K), 0.0165166 secs] 593018K->47031K(2029056K), 0.0165842 secs] [Times: user=0.13 sys=0.00, real=0.02 secs] 
2020-09-29T18:27:52.495+0200: 65.827: [GC (Allocation Failure) 2020-09-29T18:27:52.495+0200: 65.827: [ParNew: 583008K->29246K(613440K), 0.0156173 secs] 592375K->38612K(2029056K), 0.0156753 secs] [Times: user=0.13 sys=0.00, real=0.02 secs] 
2020-09-29T18:27:52.557+0200: 65.889: [GC (Allocation Failure) 2020-09-29T18:27:52.557+0200: 65.889: [ParNew: 574590K->32011K(613440K), 0.0130998 secs] 583956K->41378K(2029056K), 0.0131614 secs] [Times: user=0.13 sys=0.00, real=0.01 secs] 
2020-09-29T18:27:52.623+0200: 65.954: [GC (Allocation Failure) 2020-09-29T18:27:52.623+0200: 65.954: [ParNew: 577355K->48328K(613440K), 0.0183873 secs] 586722K->57695K(2029056K), 0.0184507 secs] [Times: user=0.13 sys=0.00, real=0.02 secs] 
2020-09-29T18:27:52.689+0200: 66.020: [GC (Allocation Failure) 2020-09-29T18:27:52.689+0200: 66.020: [ParNew: 593672K->63544K(613440K), 0.0218887 secs] 603039K->72911K(2029056K), 0.0219551 secs] [Times: user=0.25 sys=0.00, real=0.02 secs] 
2020-09-29T18:27:52.758+0200: 66.090: [GC (Allocation Failure) 2020-09-29T18:27:52.758+0200: 66.090: [ParNew: 608888K->68096K(613440K), 0.0214516 secs] 618255K->77462K(2029056K), 0.0215306 secs] [Times: user=0.13 sys=0.00, real=0.02 secs] 
2020-09-29T18:27:52.828+0200: 66.160: [GC (Allocation Failure) 2020-09-29T18:27:52.828+0200: 66.160: [ParNew: 613440K->44541K(613440K), 0.0156194 secs] 622806K->53908K(2029056K), 0.0156741 secs] [Times: user=0.13 sys=0.00, real=0.02 secs] 
2020-09-29T18:27:52.893+0200: 66.224: [GC (Allocation Failure) 2020-09-29T18:27:52.893+0200: 66.224: [ParNew: 589885K->39873K(613440K), 0.0151494 secs] 599252K->49240K(2029056K), 0.0152109 secs] [Times: user=0.13 sys=0.00, real=0.02 secs] 
2020-09-29T18:27:52.956+0200: 66.288: [GC (Allocation Failure) 2020-09-29T18:27:52.956+0200: 66.288: [ParNew: 585217K->33953K(613440K), 0.0139346 secs] 594584K->43319K(2029056K), 0.0139941 secs] [Times: user=0.13 sys=0.00, real=0.01 secs] 
2020-09-29T18:27:53.022+0200: 66.354: [GC (Allocation Failure) 2020-09-29T18:27:53.022+0200: 66.354: [ParNew: 579297K->53255K(613440K), 0.0187275 secs] 588663K->62622K(2029056K), 0.0188052 secs] [Times: user=0.13 sys=0.00, real=0.02 secs] 
2020-09-29T18:27:53.088+0200: 66.419: [GC (Allocation Failure) 2020-09-29T18:27:53.088+0200: 66.419: [ParNew: 598599K->42310K(613440K), 0.0182789 secs] 607966K->51676K(2029056K), 0.0183518 secs] [Times: user=0.13 sys=0.00, real=0.02 secs] 
2020-09-29T18:27:53.160+0200: 66.492: [GC (Allocation Failure) 2020-09-29T18:27:53.160+0200: 66.492: [ParNew: 587654K->33899K(613440K), 0.0110977 secs] 597020K->43266K(2029056K), 0.0111656 secs] [Times: user=0.00 sys=0.00, real=0.01 secs] 
2020-09-29T18:27:53.228+0200: 66.560: [GC (Allocation Failure) 2020-09-29T18:27:53.228+0200: 66.560: [ParNew: 579243K->50154K(613440K), 0.0217207 secs] 588610K->59521K(2029056K), 0.0217927 secs] [Times: user=0.13 sys=0.00, real=0.02 secs] 
2020-09-29T18:27:53.298+0200: 66.629: [GC (Allocation Failure) 2020-09-29T18:27:53.298+0200: 66.629: [ParNew: 595498K->66370K(613440K), 0.0206145 secs] 604865K->75737K(2029056K), 0.0274366 secs] [Times: user=0.25 sys=0.00, real=0.03 secs] 
2020-09-29T18:27:53.373+0200: 66.703: [GC (Allocation Failure) 2020-09-29T18:27:53.373+0200: 66.703: [ParNew: 611714K->46619K(613440K), 0.0150148 secs] 621081K->55985K(2029056K), 0.0150690 secs] [Times: user=0.13 sys=0.00, real=0.02 secs] 
2020-09-29T18:27:53.440+0200: 66.771: [GC (Allocation Failure) 2020-09-29T18:27:53.440+0200: 66.771: [ParNew: 591963K->43116K(613440K), 0.0198406 secs] 601329K->52483K(2029056K), 0.0198969 secs] [Times: user=0.25 sys=0.00, real=0.02 secs] 
2020-09-29T18:27:53.506+0200: 66.837: [GC (Allocation Failure) 2020-09-29T18:27:53.507+0200: 66.837: [ParNew: 588460K->41374K(613440K), 0.0186695 secs] 597827K->50740K(2029056K), 0.0187524 secs] [Times: user=0.13 sys=0.00, real=0.02 secs] 
2020-09-29T18:27:53.573+0200: 66.904: [GC (Allocation Failure) 2020-09-29T18:27:53.573+0200: 66.904: [ParNew: 586718K->39935K(613440K), 0.0177829 secs] 596084K->49302K(2029056K), 0.0178523 secs] [Times: user=0.13 sys=0.00, real=0.02 secs] 
2020-09-29T18:27:53.641+0200: 66.971: [GC (Allocation Failure) 2020-09-29T18:27:53.641+0200: 66.971: [ParNew: 585279K->62693K(613440K), 0.0213524 secs] 594646K->72059K(2029056K), 0.0214207 secs] [Times: user=0.25 sys=0.00, real=0.02 secs] 
2020-09-29T18:27:53.713+0200: 67.043: [GC (Allocation Failure) 2020-09-29T18:27:53.713+0200: 67.043: [ParNew: 608037K->47511K(613440K), 0.0203337 secs] 617403K->56878K(2029056K), 0.0203926 secs] [Times: user=0.13 sys=0.00, real=0.02 secs] 
2020-09-29T18:27:53.782+0200: 67.112: [GC (Allocation Failure) 2020-09-29T18:27:53.782+0200: 67.112: [ParNew: 592855K->42609K(613440K), 0.0141254 secs] 602222K->51976K(2029056K), 0.0141844 secs] [Times: user=0.13 sys=0.00, real=0.01 secs] 
2020-09-29T18:27:53.842+0200: 67.173: [GC (Allocation Failure) 2020-09-29T18:27:53.842+0200: 67.173: [ParNew: 587953K->44011K(613440K), 0.0185700 secs] 597320K->53378K(2029056K), 0.0186616 secs] [Times: user=0.13 sys=0.00, real=0.02 secs] 
2020-09-29T18:27:53.909+0200: 67.240: [GC (Allocation Failure) 2020-09-29T18:27:53.909+0200: 67.240: [ParNew: 589355K->36375K(613440K), 0.0178547 secs] 598722K->45742K(2029056K), 0.0179257 secs] [Times: user=0.25 sys=0.00, real=0.02 secs] 
2020-09-29T18:27:53.974+0200: 67.304: [GC (Allocation Failure) 2020-09-29T18:27:53.974+0200: 67.304: [ParNew: 581719K->65995K(613440K), 0.0216484 secs] 591086K->75362K(2029056K), 0.0217073 secs] [Times: user=0.13 sys=0.00, real=0.02 secs] 
2020-09-29T18:27:54.042+0200: 67.373: [GC (Allocation Failure) 2020-09-29T18:27:54.042+0200: 67.373: [ParNew: 611339K->47547K(613440K), 0.0147711 secs] 620706K->56914K(2029056K), 0.0148293 secs] [Times: user=0.13 sys=0.00, real=0.01 secs] 
2020-09-29T18:27:54.112+0200: 67.443: [GC (Allocation Failure) 2020-09-29T18:27:54.112+0200: 67.443: [ParNew: 592891K->53022K(613440K), 0.0217780 secs] 602258K->62389K(2029056K), 0.0218541 secs] [Times: user=0.25 sys=0.00, real=0.02 secs] 
2020-09-29T18:27:54.181+0200: 67.511: [GC (Allocation Failure) 2020-09-29T18:27:54.181+0200: 67.511: [ParNew: 598366K->68096K(613440K), 0.0246327 secs] 607733K->77462K(2029056K), 0.0247197 secs] [Times: user=0.13 sys=0.00, real=0.02 secs] 
2020-09-29T18:27:54.252+0200: 67.583: [GC (Allocation Failure) 2020-09-29T18:27:54.252+0200: 67.583: [ParNew: 613440K->55494K(613440K), 0.0185568 secs] 622806K->64860K(2029056K), 0.0186322 secs] [Times: user=0.24 sys=0.00, real=0.02 secs] 
2020-09-29T18:27:54.321+0200: 67.652: [GC (Allocation Failure) 2020-09-29T18:27:54.322+0200: 67.652: [ParNew: 600838K->43093K(613440K), 0.0180379 secs] 610204K->52460K(2029056K), 0.0181299 secs] [Times: user=0.13 sys=0.00, real=0.02 secs] 
2020-09-29T18:27:54.397+0200: 67.727: [GC (Allocation Failure) 2020-09-29T18:27:54.397+0200: 67.727: [ParNew: 588437K->65473K(613440K), 0.0233841 secs] 597804K->74840K(2029056K), 0.0234713 secs] [Times: user=0.13 sys=0.00, real=0.02 secs] 
2020-09-29T18:27:54.470+0200: 67.801: [GC (Allocation Failure) 2020-09-29T18:27:54.470+0200: 67.801: [ParNew: 610817K->49740K(613440K), 0.0222117 secs] 620184K->59106K(2029056K), 0.0222926 secs] [Times: user=0.25 sys=0.00, real=0.02 secs] 
2020-09-29T18:27:54.542+0200: 67.873: [GC (Allocation Failure) 2020-09-29T18:27:54.542+0200: 67.873: [ParNew: 595084K->53145K(613440K), 0.0194828 secs] 604450K->62512K(2029056K), 0.0195418 secs] [Times: user=0.13 sys=0.00, real=0.02 secs] 
2020-09-29T18:27:54.612+0200: 67.942: [GC (Allocation Failure) 2020-09-29T18:27:54.612+0200: 67.942: [ParNew: 598489K->68096K(613440K), 0.0254010 secs] 607856K->78380K(2029056K), 0.0254604 secs] [Times: user=0.23 sys=0.00, real=0.03 secs] 
2020-09-29T18:27:54.686+0200: 68.017: [GC (Allocation Failure) 2020-09-29T18:27:54.686+0200: 68.017: [ParNew: 613440K->56190K(613440K), 0.0189702 secs] 623724K->66474K(2029056K), 0.0190272 secs] [Times: user=0.13 sys=0.00, real=0.02 secs] 
2020-09-29T18:27:54.754+0200: 68.084: [GC (Allocation Failure) 2020-09-29T18:27:54.754+0200: 68.084: [ParNew: 601534K->43982K(613440K), 0.0179598 secs] 611818K->54266K(2029056K), 0.0180311 secs] [Times: user=0.25 sys=0.00, real=0.02 secs] 
2020-09-29T18:27:54.820+0200: 68.151: [GC (Allocation Failure) 2020-09-29T18:27:54.820+0200: 68.151: [ParNew: 589326K->68096K(613440K), 0.0221639 secs] 599610K->78380K(2029056K), 0.0222234 secs] [Times: user=0.13 sys=0.00, real=0.02 secs] 
2020-09-29T18:27:54.891+0200: 68.222: [GC (Allocation Failure) 2020-09-29T18:27:54.891+0200: 68.222: [ParNew: 613440K->43567K(613440K), 0.0155994 secs] 623724K->53852K(2029056K), 0.0156553 secs] [Times: user=0.13 sys=0.00, real=0.02 secs] 
2020-09-29T18:27:54.953+0200: 68.284: [GC (Allocation Failure) 2020-09-29T18:27:54.953+0200: 68.284: [ParNew: 588911K->38492K(613440K), 0.0151604 secs] 599196K->48777K(2029056K), 0.0152304 secs] [Times: user=0.13 sys=0.00, real=0.01 secs] 
2020-09-29T18:27:55.018+0200: 68.348: [GC (Allocation Failure) 2020-09-29T18:27:55.018+0200: 68.348: [ParNew: 583836K->50989K(613440K), 0.0190008 secs] 594121K->61273K(2029056K), 0.0190766 secs] [Times: user=0.25 sys=0.00, real=0.02 secs] 
2020-09-29T18:27:55.084+0200: 68.414: [GC (Allocation Failure) 2020-09-29T18:27:55.084+0200: 68.414: [ParNew: 596333K->42898K(613440K), 0.0181459 secs] 606617K->53182K(2029056K), 0.0182074 secs] [Times: user=0.13 sys=0.00, real=0.02 secs] 
2020-09-29T18:27:55.149+0200: 68.479: [GC (Allocation Failure) 2020-09-29T18:27:55.149+0200: 68.479: [ParNew: 588242K->68096K(613440K), 0.0228413 secs] 598526K->78380K(2029056K), 0.0229214 secs] [Times: user=0.13 sys=0.00, real=0.02 secs] 
2020-09-29T18:27:55.218+0200: 68.549: [GC (Allocation Failure) 2020-09-29T18:27:55.218+0200: 68.549: [ParNew: 613440K->48040K(613440K), 0.0147659 secs] 623724K->58324K(2029056K), 0.0148213 secs] [Times: user=0.13 sys=0.00, real=0.02 secs] 
2020-09-29T18:27:55.280+0200: 68.611: [GC (Allocation Failure) 2020-09-29T18:27:55.280+0200: 68.611: [ParNew: 593384K->43370K(613440K), 0.0195531 secs] 603668K->53654K(2029056K), 0.0196084 secs] [Times: user=0.13 sys=0.00, real=0.02 secs] 
2020-09-29T18:27:55.348+0200: 68.678: [GC (Allocation Failure) 2020-09-29T18:27:55.348+0200: 68.678: [ParNew: 588714K->37257K(613440K), 0.0180928 secs] 598998K->47541K(2029056K), 0.0181463 secs] [Times: user=0.13 sys=0.00, real=0.02 secs] 
2020-09-29T18:27:55.412+0200: 68.743: [GC (Allocation Failure) 2020-09-29T18:27:55.412+0200: 68.743: [ParNew: 582601K->40958K(613440K), 0.0165931 secs] 592885K->51242K(2029056K), 0.0166511 secs] [Times: user=0.13 sys=0.00, real=0.02 secs] 
2020-09-29T18:27:55.477+0200: 68.808: [GC (Allocation Failure) 2020-09-29T18:27:55.477+0200: 68.808: [ParNew: 586302K->31933K(613440K), 0.0093531 secs] 596586K->42217K(2029056K), 0.0094415 secs] [Times: user=0.00 sys=0.00, real=0.01 secs] 
2020-09-29T18:27:55.540+0200: 68.871: [GC (Allocation Failure) 2020-09-29T18:27:55.540+0200: 68.871: [ParNew: 577277K->48220K(613440K), 0.0188398 secs] 587561K->58504K(2029056K), 0.0189072 secs] [Times: user=0.13 sys=0.00, real=0.02 secs] 
2020-09-29T18:27:55.609+0200: 68.940: [GC (Allocation Failure) 2020-09-29T18:27:55.609+0200: 68.940: [ParNew: 593564K->53053K(613440K), 0.0204188 secs] 603848K->63337K(2029056K), 0.0204763 secs] [Times: user=0.20 sys=0.02, real=0.02 secs] 
2020-09-29T18:27:55.681+0200: 69.012: [GC (Allocation Failure) 2020-09-29T18:27:55.681+0200: 69.012: [ParNew: 598397K->67478K(613440K), 0.0235031 secs] 608681K->77763K(2029056K), 0.0235645 secs] [Times: user=0.13 sys=0.00, real=0.02 secs] 
2020-09-29T18:27:55.751+0200: 69.082: [GC (Allocation Failure) 2020-09-29T18:27:55.751+0200: 69.082: [ParNew: 612822K->52340K(613440K), 0.0168836 secs] 623107K->62624K(2029056K), 0.0169510 secs] [Times: user=0.13 sys=0.00, real=0.02 secs] 
2020-09-29T18:27:55.816+0200: 69.147: [GC (Allocation Failure) 2020-09-29T18:27:55.816+0200: 69.147: [ParNew: 597684K->44576K(613440K), 0.0169357 secs] 607968K->54860K(2029056K), 0.0170336 secs] [Times: user=0.25 sys=0.00, real=0.02 secs] 
2020-09-29T18:27:55.880+0200: 69.210: [GC (Allocation Failure) 2020-09-29T18:27:55.880+0200: 69.210: [ParNew: 589920K->65623K(613440K), 0.0208955 secs] 600204K->75907K(2029056K), 0.0209567 secs] [Times: user=0.13 sys=0.00, real=0.02 secs] 
2020-09-29T18:27:55.949+0200: 69.280: [GC (Allocation Failure) 2020-09-29T18:27:55.949+0200: 69.280: [ParNew: 610967K->42328K(613440K), 0.0155187 secs] 621251K->52613K(2029056K), 0.0155754 secs] [Times: user=0.13 sys=0.00, real=0.02 secs] 
2020-09-29T18:27:56.012+0200: 69.343: [GC (Allocation Failure) 2020-09-29T18:27:56.012+0200: 69.343: [ParNew: 587672K->59646K(613440K), 0.0186374 secs] 597957K->69931K(2029056K), 0.0186993 secs] [Times: user=0.13 sys=0.00, real=0.02 secs] 
2020-09-29T18:27:56.079+0200: 69.410: [GC (Allocation Failure) 2020-09-29T18:27:56.079+0200: 69.410: [ParNew: 604990K->50903K(613440K), 0.0187468 secs] 615275K->61187K(2029056K), 0.0188008 secs] [Times: user=0.25 sys=0.00, real=0.02 secs] 
2020-09-29T18:27:56.145+0200: 69.476: [GC (Allocation Failure) 2020-09-29T18:27:56.145+0200: 69.476: [ParNew: 596247K->35189K(613440K), 0.0114675 secs] 606531K->45473K(2029056K), 0.0115347 secs] [Times: user=0.00 sys=0.00, real=0.01 secs] 
2020-09-29T18:27:56.205+0200: 69.536: [GC (Allocation Failure) 2020-09-29T18:27:56.205+0200: 69.536: [ParNew: 580533K->49731K(613440K), 0.0211265 secs] 590817K->60015K(2029056K), 0.0211859 secs] [Times: user=0.25 sys=0.00, real=0.02 secs] 
2020-09-29T18:27:56.273+0200: 69.604: [GC (Allocation Failure) 2020-09-29T18:27:56.273+0200: 69.604: [ParNew: 595075K->38814K(613440K), 0.0150945 secs] 605359K->49098K(2029056K), 0.0151497 secs] [Times: user=0.13 sys=0.00, real=0.02 secs] 
2020-09-29T18:27:56.341+0200: 69.672: [GC (Allocation Failure) 2020-09-29T18:27:56.341+0200: 69.672: [ParNew: 584158K->56899K(613440K), 0.0196189 secs] 594442K->67184K(2029056K), 0.0196864 secs] [Times: user=0.13 sys=0.00, real=0.02 secs] 
2020-09-29T18:27:56.408+0200: 69.739: [GC (Allocation Failure) 2020-09-29T18:27:56.408+0200: 69.739: [ParNew: 602243K->38796K(613440K), 0.0124315 secs] 612528K->49080K(2029056K), 0.0124866 secs] [Times: user=0.13 sys=0.00, real=0.01 secs] 
2020-09-29T18:27:56.468+0200: 69.798: [GC (Allocation Failure) 2020-09-29T18:27:56.468+0200: 69.798: [ParNew: 584140K->21751K(613440K), 0.0120332 secs] 594424K->32035K(2029056K), 0.0121005 secs] [Times: user=0.13 sys=0.00, real=0.01 secs] 
2020-09-29T18:27:56.528+0200: 69.858: [GC (Allocation Failure) 2020-09-29T18:27:56.528+0200: 69.858: [ParNew: 567095K->49448K(613440K), 0.0211364 secs] 577379K->59733K(2029056K), 0.0211937 secs] [Times: user=0.13 sys=0.00, real=0.02 secs] 
2020-09-29T18:27:56.602+0200: 69.933: [GC (Allocation Failure) 2020-09-29T18:27:56.602+0200: 69.933: [ParNew: 594792K->68096K(613440K), 0.0219010 secs] 605077K->78380K(2029056K), 0.0219724 secs] [Times: user=0.13 sys=0.00, real=0.02 secs] 
2020-09-29T18:27:56.675+0200: 70.005: [GC (Allocation Failure) 2020-09-29T18:27:56.675+0200: 70.005: [ParNew: 613440K->45980K(613440K), 0.0165130 secs] 623724K->56264K(2029056K), 0.0165756 secs] [Times: user=0.11 sys=0.00, real=0.02 secs] 
2020-09-29T18:27:56.742+0200: 70.073: [GC (Allocation Failure) 2020-09-29T18:27:56.742+0200: 70.073: [ParNew: 591324K->64066K(613440K), 0.0252703 secs] 601608K->74351K(2029056K), 0.0253832 secs] [Times: user=0.13 sys=0.00, real=0.03 secs] 
2020-09-29T18:27:56.815+0200: 70.145: [GC (Allocation Failure) 2020-09-29T18:27:56.815+0200: 70.145: [ParNew: 609410K->45677K(613440K), 0.0140921 secs] 619695K->55961K(2029056K), 0.0141485 secs] [Times: user=0.13 sys=0.00, real=0.01 secs] 
2020-09-29T18:27:56.875+0200: 70.206: [GC (Allocation Failure) 2020-09-29T18:27:56.875+0200: 70.206: [ParNew: 591021K->65473K(613440K), 0.0228714 secs] 601305K->75758K(2029056K), 0.0229437 secs] [Times: user=0.25 sys=0.00, real=0.02 secs] 
2020-09-29T18:27:56.946+0200: 70.277: [GC (Allocation Failure) 2020-09-29T18:27:56.946+0200: 70.277: [ParNew: 610817K->68096K(613440K), 0.0220293 secs] 621102K->78538K(2029056K), 0.0220982 secs] [Times: user=0.13 sys=0.00, real=0.02 secs] 
2020-09-29T18:27:57.019+0200: 70.350: [GC (Allocation Failure) 2020-09-29T18:27:57.019+0200: 70.350: [ParNew: 613440K->53399K(613440K), 0.0218392 secs] 623882K->63842K(2029056K), 0.0219022 secs] [Times: user=0.25 sys=0.00, real=0.02 secs] 
2020-09-29T18:27:57.088+0200: 70.419: [GC (Allocation Failure) 2020-09-29T18:27:57.088+0200: 70.419: [ParNew: 598743K->45888K(613440K), 0.0167783 secs] 609186K->56331K(2029056K), 0.0168331 secs] [Times: user=0.13 sys=0.00, real=0.02 secs] 
2020-09-29T18:27:57.152+0200: 70.483: [GC (Allocation Failure) 2020-09-29T18:27:57.152+0200: 70.483: [ParNew: 591232K->61281K(613440K), 0.0222482 secs] 601675K->71724K(2029056K), 0.0223049 secs] [Times: user=0.13 sys=0.00, real=0.02 secs] 
2020-09-29T18:27:57.222+0200: 70.553: [GC (Allocation Failure) 2020-09-29T18:27:57.222+0200: 70.553: [ParNew: 606625K->50910K(613440K), 0.0197896 secs] 617068K->61353K(2029056K), 0.0198585 secs] [Times: user=0.17 sys=0.00, real=0.02 secs] 
2020-09-29T18:27:57.291+0200: 70.622: [GC (Allocation Failure) 2020-09-29T18:27:57.291+0200: 70.622: [ParNew: 596254K->46924K(613440K), 0.0204668 secs] 606697K->57367K(2029056K), 0.0205261 secs] [Times: user=0.13 sys=0.00, real=0.02 secs] 
2020-09-29T18:27:57.359+0200: 70.690: [GC (Allocation Failure) 2020-09-29T18:27:57.360+0200: 70.690: [ParNew: 592268K->45362K(613440K), 0.0195345 secs] 602711K->55805K(2029056K), 0.0196078 secs] [Times: user=0.13 sys=0.00, real=0.02 secs] 
2020-09-29T18:27:57.427+0200: 70.758: [GC (Allocation Failure) 2020-09-29T18:27:57.427+0200: 70.758: [ParNew: 590706K->47662K(613440K), 0.0183643 secs] 601149K->58105K(2029056K), 0.0184733 secs] [Times: user=0.13 sys=0.00, real=0.02 secs] 
2020-09-29T18:27:57.493+0200: 70.824: [GC (Allocation Failure) 2020-09-29T18:27:57.493+0200: 70.824: [ParNew: 593006K->45270K(613440K), 0.0179539 secs] 603449K->55713K(2029056K), 0.0180173 secs] [Times: user=0.13 sys=0.00, real=0.02 secs] 
2020-09-29T18:27:57.559+0200: 70.890: [GC (Allocation Failure) 2020-09-29T18:27:57.559+0200: 70.890: [ParNew: 590614K->33803K(613440K), 0.0107492 secs] 601057K->44246K(2029056K), 0.0108485 secs] [Times: user=0.13 sys=0.00, real=0.01 secs] 
2020-09-29T18:27:57.621+0200: 70.952: [GC (Allocation Failure) 2020-09-29T18:27:57.621+0200: 70.952: [ParNew: 579147K->62724K(613440K), 0.0259736 secs] 589590K->73167K(2029056K), 0.0260575 secs] [Times: user=0.25 sys=0.00, real=0.03 secs] 
2020-09-29T18:27:57.695+0200: 71.026: [GC (Allocation Failure) 2020-09-29T18:27:57.695+0200: 71.026: [ParNew: 608068K->45907K(613440K), 0.0154869 secs] 618511K->56349K(2029056K), 0.0155410 secs] [Times: user=0.13 sys=0.00, real=0.02 secs] 
2020-09-29T18:27:57.763+0200: 71.094: [GC (Allocation Failure) 2020-09-29T18:27:57.763+0200: 71.094: [ParNew: 591251K->31997K(613440K), 0.0142993 secs] 601693K->42440K(2029056K), 0.0143629 secs] [Times: user=0.13 sys=0.00, real=0.02 secs] 
2020-09-29T18:27:57.831+0200: 71.162: [GC (Allocation Failure) 2020-09-29T18:27:57.831+0200: 71.162: [ParNew: 577341K->32852K(613440K), 0.0138003 secs] 587784K->43295K(2029056K), 0.0138560 secs] [Times: user=0.13 sys=0.00, real=0.01 secs] 
2020-09-29T18:27:57.895+0200: 71.226: [GC (Allocation Failure) 2020-09-29T18:27:57.895+0200: 71.226: [ParNew: 578196K->32197K(613440K), 0.0135362 secs] 588639K->42640K(2029056K), 0.0135931 secs] [Times: user=0.00 sys=0.00, real=0.01 secs] 
2020-09-29T18:27:57.955+0200: 71.286: [GC (Allocation Failure) 2020-09-29T18:27:57.955+0200: 71.286: [ParNew: 577541K->45207K(613440K), 0.0186004 secs] 587984K->55650K(2029056K), 0.0186649 secs] [Times: user=0.25 sys=0.00, real=0.02 secs] 
2020-09-29T18:27:58.022+0200: 71.353: [GC (Allocation Failure) 2020-09-29T18:27:58.022+0200: 71.353: [ParNew: 590551K->41234K(613440K), 0.0166586 secs] 600994K->51677K(2029056K), 0.0167153 secs] [Times: user=0.13 sys=0.00, real=0.02 secs] 
2020-09-29T18:27:58.087+0200: 71.418: [GC (Allocation Failure) 2020-09-29T18:27:58.087+0200: 71.418: [ParNew: 586578K->63607K(613440K), 0.0217846 secs] 597021K->74050K(2029056K), 0.0218410 secs] [Times: user=0.13 sys=0.00, real=0.02 secs] 
2020-09-29T18:27:58.156+0200: 71.487: [GC (Allocation Failure) 2020-09-29T18:27:58.156+0200: 71.487: [ParNew: 608951K->54559K(613440K), 0.0208344 secs] 619394K->65002K(2029056K), 0.0208933 secs] [Times: user=0.25 sys=0.00, real=0.02 secs] 
2020-09-29T18:27:58.225+0200: 71.556: [GC (Allocation Failure) 2020-09-29T18:27:58.225+0200: 71.556: [ParNew: 599903K->43469K(613440K), 0.0147730 secs] 610346K->53912K(2029056K), 0.0148318 secs] [Times: user=0.13 sys=0.00, real=0.02 secs] 
2020-09-29T18:27:58.295+0200: 71.626: [GC (Allocation Failure) 2020-09-29T18:27:58.295+0200: 71.626: [ParNew: 588813K->57233K(613440K), 0.0192060 secs] 599256K->67676K(2029056K), 0.0192858 secs] [Times: user=0.13 sys=0.00, real=0.02 secs] 
2020-09-29T18:27:58.363+0200: 71.694: [GC (Allocation Failure) 2020-09-29T18:27:58.363+0200: 71.694: [ParNew: 602577K->44586K(613440K), 0.0187673 secs] 613020K->55029K(2029056K), 0.0188444 secs] [Times: user=0.25 sys=0.00, real=0.02 secs] 
2020-09-29T18:27:58.428+0200: 71.759: [GC (Allocation Failure) 2020-09-29T18:27:58.428+0200: 71.759: [ParNew: 589930K->40552K(613440K), 0.0114504 secs] 600373K->50995K(2029056K), 0.0115478 secs] [Times: user=0.00 sys=0.00, real=0.01 secs] 
2020-09-29T18:27:58.487+0200: 71.818: [GC (Allocation Failure) 2020-09-29T18:27:58.487+0200: 71.818: [ParNew: 585896K->36402K(613440K), 0.0159169 secs] 596339K->46845K(2029056K), 0.0160050 secs] [Times: user=0.13 sys=0.00, real=0.02 secs] 
2020-09-29T18:27:58.556+0200: 71.887: [GC (Allocation Failure) 2020-09-29T18:27:58.556+0200: 71.887: [ParNew: 581746K->24455K(613440K), 0.0096448 secs] 592189K->34898K(2029056K), 0.0097101 secs] [Times: user=0.00 sys=0.00, real=0.01 secs] 
2020-09-29T18:27:58.615+0200: 71.946: [GC (Allocation Failure) 2020-09-29T18:27:58.615+0200: 71.946: [ParNew: 569799K->55740K(613440K), 0.0256155 secs] 580242K->66183K(2029056K), 0.0256741 secs] [Times: user=0.13 sys=0.00, real=0.03 secs] 
2020-09-29T18:27:58.689+0200: 72.020: [GC (Allocation Failure) 2020-09-29T18:27:58.689+0200: 72.020: [ParNew: 601084K->49611K(613440K), 0.0176139 secs] 611527K->60054K(2029056K), 0.0176689 secs] [Times: user=0.13 sys=0.00, real=0.02 secs] 
2020-09-29T18:27:58.755+0200: 72.086: [GC (Allocation Failure) 2020-09-29T18:27:58.755+0200: 72.086: [ParNew: 594955K->45305K(613440K), 0.0175623 secs] 605398K->55748K(2029056K), 0.0176839 secs] [Times: user=0.13 sys=0.00, real=0.02 secs] 
2020-09-29T18:27:58.819+0200: 72.150: [GC (Allocation Failure) 2020-09-29T18:27:58.819+0200: 72.150: [ParNew: 590649K->40754K(613440K), 0.0156363 secs] 601092K->51197K(2029056K), 0.0157017 secs] [Times: user=0.13 sys=0.00, real=0.02 secs] 
2020-09-29T18:27:58.883+0200: 72.214: [GC (Allocation Failure) 2020-09-29T18:27:58.883+0200: 72.214: [ParNew: 586098K->38175K(613440K), 0.0135095 secs] 596541K->48618K(2029056K), 0.0135637 secs] [Times: user=0.13 sys=0.00, real=0.01 secs] 
2020-09-29T18:27:58.949+0200: 72.280: [GC (Allocation Failure) 2020-09-29T18:27:58.949+0200: 72.280: [ParNew: 583519K->24719K(613440K), 0.0064474 secs] 593962K->35162K(2029056K), 0.0065012 secs] [Times: user=0.00 sys=0.00, real=0.01 secs] 
2020-09-29T18:27:59.005+0200: 72.336: [GC (Allocation Failure) 2020-09-29T18:27:59.005+0200: 72.336: [ParNew: 570063K->38775K(613440K), 0.0168859 secs] 580506K->49218K(2029056K), 0.0169402 secs] [Times: user=0.13 sys=0.00, real=0.02 secs] 
2020-09-29T18:27:59.070+0200: 72.401: [GC (Allocation Failure) 2020-09-29T18:27:59.070+0200: 72.401: [ParNew: 584119K->47642K(613440K), 0.0160610 secs] 594562K->58085K(2029056K), 0.0161166 secs] [Times: user=0.13 sys=0.00, real=0.02 secs] 
2020-09-29T18:27:59.134+0200: 72.465: [GC (Allocation Failure) 2020-09-29T18:27:59.134+0200: 72.465: [ParNew: 592986K->32164K(613440K), 0.0154489 secs] 603429K->42607K(2029056K), 0.0155034 secs] [Times: user=0.13 sys=0.00, real=0.02 secs] 
2020-09-29T18:27:59.199+0200: 72.530: [GC (Allocation Failure) 2020-09-29T18:27:59.199+0200: 72.530: [ParNew: 577508K->31489K(613440K), 0.0147038 secs] 587951K->41932K(2029056K), 0.0147588 secs] [Times: user=0.13 sys=0.00, real=0.02 secs] 
2020-09-29T18:27:59.271+0200: 72.602: [GC (Allocation Failure) 2020-09-29T18:27:59.271+0200: 72.602: [ParNew: 576833K->30421K(613440K), 0.0136781 secs] 587276K->40864K(2029056K), 0.0137351 secs] [Times: user=0.00 sys=0.00, real=0.01 secs] 
2020-09-29T18:27:59.344+0200: 72.674: [GC (Allocation Failure) 2020-09-29T18:27:59.344+0200: 72.675: [ParNew: 575765K->44490K(613440K), 0.0187398 secs] 586208K->54933K(2029056K), 0.0187989 secs] [Times: user=0.13 sys=0.00, real=0.02 secs] 
2020-09-29T18:27:59.413+0200: 72.744: [GC (Allocation Failure) 2020-09-29T18:27:59.413+0200: 72.744: [ParNew: 589834K->65140K(613440K), 0.0248541 secs] 600277K->75583K(2029056K), 0.0249416 secs] [Times: user=0.13 sys=0.00, real=0.02 secs] 
2020-09-29T18:27:59.489+0200: 72.820: [GC (Allocation Failure) 2020-09-29T18:27:59.489+0200: 72.820: [ParNew: 610484K->49158K(613440K), 0.0187229 secs] 620927K->59601K(2029056K), 0.0187772 secs] [Times: user=0.13 sys=0.00, real=0.02 secs] 
2020-09-29T18:27:59.561+0200: 72.892: [GC (Allocation Failure) 2020-09-29T18:27:59.561+0200: 72.892: [ParNew: 594502K->40577K(613440K), 0.0188807 secs] 604945K->51020K(2029056K), 0.0189597 secs] [Times: user=0.11 sys=0.00, real=0.02 secs] 
2020-09-29T18:27:59.634+0200: 72.965: [GC (Allocation Failure) 2020-09-29T18:27:59.634+0200: 72.965: [ParNew: 585921K->35724K(613440K), 0.0163998 secs] 596364K->46167K(2029056K), 0.0164598 secs] [Times: user=0.13 sys=0.00, real=0.02 secs] 
2020-09-29T18:27:59.702+0200: 73.033: [GC (Allocation Failure) 2020-09-29T18:27:59.702+0200: 73.033: [ParNew: 581068K->56006K(613440K), 0.0204911 secs] 591511K->66449K(2029056K), 0.0205492 secs] [Times: user=0.13 sys=0.00, real=0.02 secs] 
2020-09-29T18:27:59.769+0200: 73.100: [GC (Allocation Failure) 2020-09-29T18:27:59.769+0200: 73.100: [ParNew: 601350K->44754K(613440K), 0.0191325 secs] 611793K->55197K(2029056K), 0.0192389 secs] [Times: user=0.25 sys=0.00, real=0.02 secs] 
2020-09-29T18:27:59.839+0200: 73.170: [GC (Allocation Failure) 2020-09-29T18:27:59.839+0200: 73.170: [ParNew: 590098K->42448K(613440K), 0.0193319 secs] 600541K->52891K(2029056K), 0.0193954 secs] [Times: user=0.13 sys=0.00, real=0.02 secs] 
2020-09-29T18:27:59.905+0200: 73.235: [GC (Allocation Failure) 2020-09-29T18:27:59.905+0200: 73.236: [ParNew: 587792K->38200K(613440K), 0.0114065 secs] 598235K->48643K(2029056K), 0.0114945 secs] [Times: user=0.13 sys=0.00, real=0.01 secs] 
2020-09-29T18:27:59.964+0200: 73.295: [GC (Allocation Failure) 2020-09-29T18:27:59.964+0200: 73.295: [ParNew: 583544K->35821K(613440K), 0.0171350 secs] 593987K->46264K(2029056K), 0.0171876 secs] [Times: user=0.13 sys=0.00, real=0.02 secs] 
2020-09-29T18:28:00.030+0200: 73.361: [GC (Allocation Failure) 2020-09-29T18:28:00.030+0200: 73.361: [ParNew: 581165K->36967K(613440K), 0.0170281 secs] 591608K->47410K(2029056K), 0.0170919 secs] [Times: user=0.13 sys=0.00, real=0.02 secs] 
2020-09-29T18:28:00.096+0200: 73.427: [GC (Allocation Failure) 2020-09-29T18:28:00.096+0200: 73.427: [ParNew: 582311K->59144K(613440K), 0.0210476 secs] 592754K->69587K(2029056K), 0.0211179 secs] [Times: user=0.25 sys=0.00, real=0.02 secs] 
2020-09-29T18:28:00.164+0200: 73.495: [GC (Allocation Failure) 2020-09-29T18:28:00.164+0200: 73.495: [ParNew: 604488K->47392K(613440K), 0.0155919 secs] 614931K->57834K(2029056K), 0.0156546 secs] [Times: user=0.13 sys=0.00, real=0.02 secs] 
2020-09-29T18:28:00.228+0200: 73.559: [GC (Allocation Failure) 2020-09-29T18:28:00.228+0200: 73.559: [ParNew: 592736K->45817K(613440K), 0.0198394 secs] 603178K->56260K(2029056K), 0.0199201 secs] [Times: user=0.13 sys=0.00, real=0.02 secs] 
2020-09-29T18:28:00.295+0200: 73.626: [GC (Allocation Failure) 2020-09-29T18:28:00.295+0200: 73.626: [ParNew: 591161K->43609K(613440K), 0.0187912 secs] 601604K->54052K(2029056K), 0.0188771 secs] [Times: user=0.13 sys=0.00, real=0.02 secs] 
2020-09-29T18:28:00.361+0200: 73.692: [GC (Allocation Failure) 2020-09-29T18:28:00.361+0200: 73.692: [ParNew: 588953K->68096K(613440K), 0.0239217 secs] 599396K->79182K(2029056K), 0.0239924 secs] [Times: user=0.25 sys=0.00, real=0.02 secs] 
2020-09-29T18:28:00.434+0200: 73.765: [GC (Allocation Failure) 2020-09-29T18:28:00.434+0200: 73.765: [ParNew: 613440K->60550K(613440K), 0.0228054 secs] 624526K->71637K(2029056K), 0.0228782 secs] [Times: user=0.13 sys=0.00, real=0.02 secs] 
2020-09-29T18:28:00.504+0200: 73.835: [GC (Allocation Failure) 2020-09-29T18:28:00.504+0200: 73.835: [ParNew: 605894K->50287K(613440K), 0.0160665 secs] 616981K->61373K(2029056K), 0.0161348 secs] [Times: user=0.13 sys=0.00, real=0.02 secs] 
2020-09-29T18:28:00.574+0200: 73.905: [GC (Allocation Failure) 2020-09-29T18:28:00.574+0200: 73.905: [ParNew: 595631K->39920K(613440K), 0.0171217 secs] 606717K->51006K(2029056K), 0.0172077 secs] [Times: user=0.11 sys=0.00, real=0.02 secs] 
2020-09-29T18:28:00.645+0200: 73.976: [GC (Allocation Failure) 2020-09-29T18:28:00.646+0200: 73.977: [ParNew: 585264K->62740K(613440K), 0.0207957 secs] 596350K->73827K(2029056K), 0.0208660 secs] [Times: user=0.13 sys=0.00, real=0.02 secs] 
2020-09-29T18:28:00.715+0200: 74.046: [GC (Allocation Failure) 2020-09-29T18:28:00.715+0200: 74.046: [ParNew: 608084K->46901K(613440K), 0.0141599 secs] 619171K->57988K(2029056K), 0.0142188 secs] [Times: user=0.13 sys=0.00, real=0.01 secs] 
2020-09-29T18:28:00.784+0200: 74.115: [GC (Allocation Failure) 2020-09-29T18:28:00.784+0200: 74.115: [ParNew: 592245K->27619K(613440K), 0.0148229 secs] 603332K->38705K(2029056K), 0.0149022 secs] [Times: user=0.13 sys=0.00, real=0.01 secs] 
2020-09-29T18:28:00.859+0200: 74.190: [GC (Allocation Failure) 2020-09-29T18:28:00.859+0200: 74.190: [ParNew: 572963K->28095K(613440K), 0.0124362 secs] 584049K->39181K(2029056K), 0.0124955 secs] [Times: user=0.13 sys=0.00, real=0.01 secs] 
2020-09-29T18:28:00.920+0200: 74.251: [GC (Allocation Failure) 2020-09-29T18:28:00.920+0200: 74.251: [ParNew: 573439K->43214K(613440K), 0.0158715 secs] 584525K->54300K(2029056K), 0.0159273 secs] [Times: user=0.13 sys=0.00, real=0.02 secs] 
2020-09-29T18:28:00.986+0200: 74.317: [GC (Allocation Failure) 2020-09-29T18:28:00.986+0200: 74.317: [ParNew: 588558K->57858K(613440K), 0.0203111 secs] 599644K->68944K(2029056K), 0.0203752 secs] [Times: user=0.25 sys=0.00, real=0.02 secs] 
2020-09-29T18:28:01.055+0200: 74.386: [GC (Allocation Failure) 2020-09-29T18:28:01.055+0200: 74.386: [ParNew: 603202K->68096K(613440K), 0.0226620 secs] 614288K->79182K(2029056K), 0.0227323 secs] [Times: user=0.11 sys=0.00, real=0.02 secs] 
2020-09-29T18:28:01.125+0200: 74.456: [GC (Allocation Failure) 2020-09-29T18:28:01.125+0200: 74.457: [ParNew: 613440K->52763K(613440K), 0.0196991 secs] 624526K->63849K(2029056K), 0.0197621 secs] [Times: user=0.25 sys=0.00, real=0.02 secs] 
2020-09-29T18:28:01.193+0200: 74.524: [GC (Allocation Failure) 2020-09-29T18:28:01.193+0200: 74.524: [ParNew: 598107K->45291K(613440K), 0.0196490 secs] 609193K->56378K(2029056K), 0.0197057 secs] [Times: user=0.13 sys=0.00, real=0.02 secs] 
2020-09-29T18:28:01.261+0200: 74.592: [GC (Allocation Failure) 2020-09-29T18:28:01.261+0200: 74.592: [ParNew: 590635K->40748K(613440K), 0.0182622 secs] 601722K->51834K(2029056K), 0.0183325 secs] [Times: user=0.13 sys=0.00, real=0.02 secs] 
2020-09-29T18:28:01.329+0200: 74.660: [GC (Allocation Failure) 2020-09-29T18:28:01.329+0200: 74.660: [ParNew: 586092K->35207K(613440K), 0.0125299 secs] 597178K->46293K(2029056K), 0.0125845 secs] [Times: user=0.13 sys=0.00, real=0.01 secs] 
2020-09-29T18:28:01.390+0200: 74.721: [GC (Allocation Failure) 2020-09-29T18:28:01.390+0200: 74.721: [ParNew: 580551K->53266K(613440K), 0.0218181 secs] 591637K->64352K(2029056K), 0.0218800 secs] [Times: user=0.25 sys=0.00, real=0.02 secs] 
2020-09-29T18:28:01.463+0200: 74.794: [GC (Allocation Failure) 2020-09-29T18:28:01.463+0200: 74.794: [ParNew: 598610K->39747K(613440K), 0.0166984 secs] 609696K->50833K(2029056K), 0.0167712 secs] [Times: user=0.13 sys=0.00, real=0.02 secs] 
2020-09-29T18:28:01.532+0200: 74.864: [GC (Allocation Failure) 2020-09-29T18:28:01.532+0200: 74.864: [ParNew: 585091K->58510K(613440K), 0.0206797 secs] 596177K->69596K(2029056K), 0.0207425 secs] [Times: user=0.25 sys=0.00, real=0.02 secs] 
2020-09-29T18:28:01.601+0200: 74.932: [GC (Allocation Failure) 2020-09-29T18:28:01.601+0200: 74.932: [ParNew: 603854K->45784K(613440K), 0.0145641 secs] 614940K->56870K(2029056K), 0.0146187 secs] [Times: user=0.13 sys=0.00, real=0.01 secs] 
2020-09-29T18:28:01.672+0200: 75.003: [GC (Allocation Failure) 2020-09-29T18:28:01.672+0200: 75.003: [ParNew: 591128K->44418K(613440K), 0.0195567 secs] 602214K->55505K(2029056K), 0.0196306 secs] [Times: user=0.14 sys=0.05, real=0.02 secs] 
2020-09-29T18:28:01.741+0200: 75.072: [GC (Allocation Failure) 2020-09-29T18:28:01.741+0200: 75.072: [ParNew: 589762K->63088K(613440K), 0.0234123 secs] 600849K->74174K(2029056K), 0.0234660 secs] [Times: user=0.13 sys=0.00, real=0.02 secs] 
2020-09-29T18:28:01.811+0200: 75.142: [GC (Allocation Failure) 2020-09-29T18:28:01.811+0200: 75.142: [ParNew: 608432K->51515K(613440K), 0.0175363 secs] 619518K->62601K(2029056K), 0.0175937 secs] [Times: user=0.13 sys=0.00, real=0.02 secs] 
2020-09-29T18:28:01.886+0200: 75.218: [GC (Allocation Failure) 2020-09-29T18:28:01.887+0200: 75.218: [ParNew: 596859K->43873K(613440K), 0.0163167 secs] 607945K->54960K(2029056K), 0.0163833 secs] [Times: user=0.13 sys=0.00, real=0.02 secs] 
2020-09-29T18:28:01.950+0200: 75.281: [GC (Allocation Failure) 2020-09-29T18:28:01.950+0200: 75.281: [ParNew: 589217K->33060K(613440K), 0.0109334 secs] 600304K->44147K(2029056K), 0.0110073 secs] [Times: user=0.13 sys=0.00, real=0.01 secs] 
2020-09-29T18:28:02.017+0200: 75.348: [GC (Allocation Failure) 2020-09-29T18:28:02.017+0200: 75.348: [ParNew: 578404K->52264K(613440K), 0.0207021 secs] 589491K->63351K(2029056K), 0.0207591 secs] [Times: user=0.25 sys=0.00, real=0.02 secs] 
2020-09-29T18:28:02.085+0200: 75.416: [GC (Allocation Failure) 2020-09-29T18:28:02.085+0200: 75.416: [ParNew: 597608K->64460K(613440K), 0.0199362 secs] 608695K->75546K(2029056K), 0.0200477 secs] [Times: user=0.13 sys=0.00, real=0.02 secs] 
2020-09-29T18:28:02.153+0200: 75.484: [GC (Allocation Failure) 2020-09-29T18:28:02.153+0200: 75.484: [ParNew: 609804K->51051K(613440K), 0.0200910 secs] 620890K->62137K(2029056K), 0.0201653 secs] [Times: user=0.13 sys=0.00, real=0.02 secs] 
2020-09-29T18:28:02.221+0200: 75.553: [GC (Allocation Failure) 2020-09-29T18:28:02.221+0200: 75.553: [ParNew: 596395K->35577K(613440K), 0.0131579 secs] 607481K->46663K(2029056K), 0.0132133 secs] [Times: user=0.13 sys=0.00, real=0.01 secs] 
2020-09-29T18:28:02.282+0200: 75.613: [GC (Allocation Failure) 2020-09-29T18:28:02.282+0200: 75.613: [ParNew: 580921K->52360K(613440K), 0.0173599 secs] 592007K->63446K(2029056K), 0.0174206 secs] [Times: user=0.13 sys=0.00, real=0.02 secs] 
2020-09-29T18:28:02.347+0200: 75.678: [GC (Allocation Failure) 2020-09-29T18:28:02.347+0200: 75.678: [ParNew: 597704K->40766K(613440K), 0.0158236 secs] 608790K->51853K(2029056K), 0.0158814 secs] [Times: user=0.13 sys=0.00, real=0.02 secs] 
2020-09-29T18:28:02.410+0200: 75.741: [GC (Allocation Failure) 2020-09-29T18:28:02.410+0200: 75.741: [ParNew: 586110K->42115K(613440K), 0.0155552 secs] 597197K->53202K(2029056K), 0.0156096 secs] [Times: user=0.13 sys=0.00, real=0.01 secs] 
2020-09-29T18:28:02.473+0200: 75.804: [GC (Allocation Failure) 2020-09-29T18:28:02.473+0200: 75.804: [ParNew: 587459K->55895K(613440K), 0.0193673 secs] 598546K->66981K(2029056K), 0.0194196 secs] [Times: user=0.13 sys=0.00, real=0.02 secs] 
2020-09-29T18:28:02.541+0200: 75.872: [GC (Allocation Failure) 2020-09-29T18:28:02.541+0200: 75.872: [ParNew: 601239K->41739K(613440K), 0.0189226 secs] 612325K->52825K(2029056K), 0.0189909 secs] [Times: user=0.13 sys=0.00, real=0.02 secs] 
2020-09-29T18:28:02.612+0200: 75.943: [GC (Allocation Failure) 2020-09-29T18:28:02.612+0200: 75.943: [ParNew: 587083K->67806K(613440K), 0.0240115 secs] 598169K->78892K(2029056K), 0.0240729 secs] [Times: user=0.24 sys=0.02, real=0.02 secs] 
2020-09-29T18:28:02.686+0200: 76.018: [GC (Allocation Failure) 2020-09-29T18:28:02.686+0200: 76.018: [ParNew: 613150K->50929K(613440K), 0.0186509 secs] 624236K->62015K(2029056K), 0.0187134 secs] [Times: user=0.13 sys=0.00, real=0.02 secs] 
2020-09-29T18:28:02.758+0200: 76.089: [GC (Allocation Failure) 2020-09-29T18:28:02.758+0200: 76.089: [ParNew: 596273K->68096K(613440K), 0.0231929 secs] 607359K->79182K(2029056K), 0.0232861 secs] [Times: user=0.13 sys=0.00, real=0.02 secs] 
2020-09-29T18:28:02.831+0200: 76.162: [GC (Allocation Failure) 2020-09-29T18:28:02.831+0200: 76.162: [ParNew: 613440K->47832K(613440K), 0.0161373 secs] 624526K->58918K(2029056K), 0.0162017 secs] [Times: user=0.14 sys=0.00, real=0.02 secs] 
2020-09-29T18:28:02.898+0200: 76.229: [GC (Allocation Failure) 2020-09-29T18:28:02.898+0200: 76.229: [ParNew: 593176K->65325K(613440K), 0.0200950 secs] 604262K->76411K(2029056K), 0.0201523 secs] [Times: user=0.13 sys=0.00, real=0.02 secs] 
2020-09-29T18:28:02.966+0200: 76.298: [GC (Allocation Failure) 2020-09-29T18:28:02.966+0200: 76.298: [ParNew: 610669K->46348K(613440K), 0.0201140 secs] 621755K->57434K(2029056K), 0.0201721 secs] [Times: user=0.13 sys=0.00, real=0.02 secs] 
2020-09-29T18:28:03.035+0200: 76.366: [GC (Allocation Failure) 2020-09-29T18:28:03.035+0200: 76.366: [ParNew: 591692K->48953K(613440K), 0.0208173 secs] 602778K->60040K(2029056K), 0.0208884 secs] [Times: user=0.25 sys=0.00, real=0.02 secs] 
2020-09-29T18:28:03.103+0200: 76.434: [GC (Allocation Failure) 2020-09-29T18:28:03.103+0200: 76.434: [ParNew: 594297K->46979K(613440K), 0.0191624 secs] 605384K->58065K(2029056K), 0.0192288 secs] [Times: user=0.13 sys=0.00, real=0.02 secs] 
2020-09-29T18:28:03.170+0200: 76.501: [GC (Allocation Failure) 2020-09-29T18:28:03.170+0200: 76.501: [ParNew: 592323K->68096K(613440K), 0.0236053 secs] 603409K->79856K(2029056K), 0.0236745 secs] [Times: user=0.25 sys=0.00, real=0.02 secs] 
2020-09-29T18:28:03.242+0200: 76.573: [GC (Allocation Failure) 2020-09-29T18:28:03.242+0200: 76.573: [ParNew: 613440K->51132K(613440K), 0.0184874 secs] 625200K->62893K(2029056K), 0.0185439 secs] [Times: user=0.13 sys=0.00, real=0.02 secs] 
2020-09-29T18:28:03.308+0200: 76.639: [GC (Allocation Failure) 2020-09-29T18:28:03.308+0200: 76.639: [ParNew: 596476K->48976K(613440K), 0.0163213 secs] 608237K->60737K(2029056K), 0.0163843 secs] [Times: user=0.13 sys=0.00, real=0.02 secs] 
2020-09-29T18:28:03.371+0200: 76.702: [GC (Allocation Failure) 2020-09-29T18:28:03.371+0200: 76.702: [ParNew: 594320K->42416K(613440K), 0.0147097 secs] 606081K->54177K(2029056K), 0.0147653 secs] [Times: user=0.13 sys=0.00, real=0.01 secs] 
2020-09-29T18:28:03.434+0200: 76.765: [GC (Allocation Failure) 2020-09-29T18:28:03.434+0200: 76.765: [ParNew: 587760K->52478K(613440K), 0.0189920 secs] 599521K->64238K(2029056K), 0.0190631 secs] [Times: user=0.13 sys=0.00, real=0.02 secs] 
2020-09-29T18:28:03.500+0200: 76.831: [GC (Allocation Failure) 2020-09-29T18:28:03.500+0200: 76.831: [ParNew: 597822K->43805K(613440K), 0.0177548 secs] 609582K->55566K(2029056K), 0.0178133 secs] [Times: user=0.13 sys=0.00, real=0.02 secs] 
2020-09-29T18:28:03.565+0200: 76.896: [GC (Allocation Failure) 2020-09-29T18:28:03.565+0200: 76.896: [ParNew: 589149K->65536K(613440K), 0.0220692 secs] 600910K->77297K(2029056K), 0.0221511 secs] [Times: user=0.25 sys=0.00, real=0.02 secs] 
2020-09-29T18:28:03.637+0200: 76.969: [GC (Allocation Failure) 2020-09-29T18:28:03.637+0200: 76.969: [ParNew: 610880K->53737K(613440K), 0.0180410 secs] 622641K->65498K(2029056K), 0.0181281 secs] [Times: user=0.11 sys=0.00, real=0.02 secs] 
2020-09-29T18:28:03.708+0200: 77.039: [GC (Allocation Failure) 2020-09-29T18:28:03.708+0200: 77.039: [ParNew: 599081K->24903K(613440K), 0.0139394 secs] 610842K->36664K(2029056K), 0.0140106 secs] [Times: user=0.00 sys=0.00, real=0.01 secs] 
2020-09-29T18:28:03.776+0200: 77.107: [GC (Allocation Failure) 2020-09-29T18:28:03.776+0200: 77.107: [ParNew: 570247K->52101K(613440K), 0.0219105 secs] 582008K->63862K(2029056K), 0.0219735 secs] [Times: user=0.13 sys=0.00, real=0.02 secs] 
2020-09-29T18:28:03.848+0200: 77.179: [GC (Allocation Failure) 2020-09-29T18:28:03.848+0200: 77.179: [ParNew: 597445K->64050K(613440K), 0.0198877 secs] 609206K->75811K(2029056K), 0.0199488 secs] [Times: user=0.13 sys=0.00, real=0.02 secs] 
2020-09-29T18:28:03.915+0200: 77.246: [GC (Allocation Failure) 2020-09-29T18:28:03.915+0200: 77.247: [ParNew: 609394K->25459K(613440K), 0.0152216 secs] 621155K->37220K(2029056K), 0.0152962 secs] [Times: user=0.13 sys=0.00, real=0.02 secs] 
2020-09-29T18:28:03.981+0200: 77.313: [GC (Allocation Failure) 2020-09-29T18:28:03.981+0200: 77.313: [ParNew: 570803K->51139K(613440K), 0.0172039 secs] 582564K->62900K(2029056K), 0.0172579 secs] [Times: user=0.13 sys=0.00, real=0.02 secs] 
2020-09-29T18:28:04.048+0200: 77.379: [GC (Allocation Failure) 2020-09-29T18:28:04.048+0200: 77.379: [ParNew: 596483K->33862K(613440K), 0.0125367 secs] 608244K->45623K(2029056K), 0.0125910 secs] [Times: user=0.13 sys=0.00, real=0.01 secs] 
2020-09-29T18:28:04.108+0200: 77.439: [GC (Allocation Failure) 2020-09-29T18:28:04.108+0200: 77.439: [ParNew: 579206K->34730K(613440K), 0.0166121 secs] 590967K->46491K(2029056K), 0.0166892 secs] [Times: user=0.13 sys=0.00, real=0.02 secs] 
2020-09-29T18:28:04.175+0200: 77.507: [GC (Allocation Failure) 2020-09-29T18:28:04.175+0200: 77.507: [ParNew: 580074K->46351K(613440K), 0.0161675 secs] 591835K->58112K(2029056K), 0.0163003 secs] [Times: user=0.14 sys=0.00, real=0.02 secs] 
2020-09-29T18:28:04.239+0200: 77.570: [GC (Allocation Failure) 2020-09-29T18:28:04.239+0200: 77.570: [ParNew: 591695K->33057K(613440K), 0.0148286 secs] 603456K->44818K(2029056K), 0.0149019 secs] [Times: user=0.13 sys=0.00, real=0.01 secs] 
2020-09-29T18:28:04.301+0200: 77.632: [GC (Allocation Failure) 2020-09-29T18:28:04.301+0200: 77.632: [ParNew: 578401K->44985K(613440K), 0.0183956 secs] 590162K->56746K(2029056K), 0.0184545 secs] [Times: user=0.13 sys=0.00, real=0.02 secs] 
2020-09-29T18:28:04.369+0200: 77.700: [GC (Allocation Failure) 2020-09-29T18:28:04.369+0200: 77.701: [ParNew: 590329K->35840K(613440K), 0.0108102 secs] 602090K->47601K(2029056K), 0.0108658 secs] [Times: user=0.13 sys=0.00, real=0.01 secs] 
2020-09-29T18:28:04.433+0200: 77.765: [GC (Allocation Failure) 2020-09-29T18:28:04.433+0200: 77.765: [ParNew: 581184K->41064K(613440K), 0.0174163 secs] 592945K->52825K(2029056K), 0.0174986 secs] [Times: user=0.13 sys=0.00, real=0.02 secs] 
2020-09-29T18:28:04.507+0200: 77.838: [GC (Allocation Failure) 2020-09-29T18:28:04.507+0200: 77.838: [ParNew: 586408K->39608K(613440K), 0.0161955 secs] 598169K->51369K(2029056K), 0.0162587 secs] [Times: user=0.13 sys=0.00, real=0.02 secs] 
2020-09-29T18:28:04.577+0200: 77.908: [GC (Allocation Failure) 2020-09-29T18:28:04.577+0200: 77.908: [ParNew: 584952K->68096K(613440K), 0.0268075 secs] 596713K->79943K(2029056K), 0.0268683 secs] [Times: user=0.22 sys=0.00, real=0.03 secs] 
2020-09-29T18:28:04.652+0200: 77.983: [GC (Allocation Failure) 2020-09-29T18:28:04.652+0200: 77.983: [ParNew: 613440K->56311K(613440K), 0.0195144 secs] 625287K->68159K(2029056K), 0.0195804 secs] [Times: user=0.13 sys=0.00, real=0.02 secs] 
2020-09-29T18:28:04.720+0200: 78.051: [GC (Allocation Failure) 2020-09-29T18:28:04.720+0200: 78.051: [ParNew: 601655K->49554K(613440K), 0.0179196 secs] 613503K->61402K(2029056K), 0.0179756 secs] [Times: user=0.13 sys=0.00, real=0.02 secs] 
2020-09-29T18:28:04.788+0200: 78.119: [GC (Allocation Failure) 2020-09-29T18:28:04.788+0200: 78.119: [ParNew: 594898K->68096K(613440K), 0.0230805 secs] 606746K->80481K(2029056K), 0.0231387 secs] [Times: user=0.13 sys=0.00, real=0.02 secs] 
2020-09-29T18:28:04.862+0200: 78.193: [GC (Allocation Failure) 2020-09-29T18:28:04.862+0200: 78.193: [ParNew: 613440K->51726K(613440K), 0.0167732 secs] 625825K->64112K(2029056K), 0.0168349 secs] [Times: user=0.13 sys=0.00, real=0.02 secs] 
2020-09-29T18:28:04.929+0200: 78.260: [GC (Allocation Failure) 2020-09-29T18:28:04.929+0200: 78.260: [ParNew: 597070K->41199K(613440K), 0.0159975 secs] 609456K->53585K(2029056K), 0.0160521 secs] [Times: user=0.13 sys=0.00, real=0.02 secs] 
2020-09-29T18:28:04.995+0200: 78.326: [GC (Allocation Failure) 2020-09-29T18:28:04.995+0200: 78.326: [ParNew: 586543K->58184K(613440K), 0.0214740 secs] 598929K->70570K(2029056K), 0.0215389 secs] [Times: user=0.13 sys=0.00, real=0.02 secs] 
2020-09-29T18:28:05.063+0200: 78.394: [GC (Allocation Failure) 2020-09-29T18:28:05.063+0200: 78.394: [ParNew: 603528K->37669K(613440K), 0.0090954 secs] 615914K->50055K(2029056K), 0.0091534 secs] [Times: user=0.13 sys=0.00, real=0.01 secs] 
2020-09-29T18:28:05.127+0200: 78.459: [GC (Allocation Failure) 2020-09-29T18:28:05.127+0200: 78.459: [ParNew: 583013K->45259K(613440K), 0.0184609 secs] 595399K->57645K(2029056K), 0.0185208 secs] [Times: user=0.25 sys=0.00, real=0.02 secs] 
2020-09-29T18:28:05.192+0200: 78.524: [GC (Allocation Failure) 2020-09-29T18:28:05.193+0200: 78.524: [ParNew: 590603K->33186K(613440K), 0.0122942 secs] 602989K->45572K(2029056K), 0.0123705 secs] [Times: user=0.00 sys=0.00, real=0.01 secs] 
2020-09-29T18:28:05.257+0200: 78.589: [GC (Allocation Failure) 2020-09-29T18:28:05.257+0200: 78.589: [ParNew: 578530K->45492K(613440K), 0.0173652 secs] 590916K->57878K(2029056K), 0.0174230 secs] [Times: user=0.13 sys=0.00, real=0.02 secs] 
2020-09-29T18:28:05.322+0200: 78.653: [GC (Allocation Failure) 2020-09-29T18:28:05.322+0200: 78.653: [ParNew: 590836K->35766K(613440K), 0.0165045 secs] 603222K->48152K(2029056K), 0.0165753 secs] [Times: user=0.13 sys=0.00, real=0.02 secs] 
2020-09-29T18:28:05.389+0200: 78.721: [GC (Allocation Failure) 2020-09-29T18:28:05.389+0200: 78.721: [ParNew: 581110K->38244K(613440K), 0.0147926 secs] 593496K->50630K(2029056K), 0.0148622 secs] [Times: user=0.13 sys=0.00, real=0.02 secs] 
2020-09-29T18:28:05.463+0200: 78.794: [GC (Allocation Failure) 2020-09-29T18:28:05.463+0200: 78.794: [ParNew: 583588K->59179K(613440K), 0.0202686 secs] 595974K->71565K(2029056K), 0.0203441 secs] [Times: user=0.13 sys=0.00, real=0.02 secs] 
2020-09-29T18:28:05.531+0200: 78.862: [GC (Allocation Failure) 2020-09-29T18:28:05.531+0200: 78.862: [ParNew: 604523K->46261K(613440K), 0.0189048 secs] 616909K->58647K(2029056K), 0.0189761 secs] [Times: user=0.13 sys=0.00, real=0.02 secs] 
2020-09-29T18:28:05.598+0200: 78.929: [GC (Allocation Failure) 2020-09-29T18:28:05.598+0200: 78.929: [ParNew: 591605K->40438K(613440K), 0.0134857 secs] 603991K->52824K(2029056K), 0.0135434 secs] [Times: user=0.00 sys=0.00, real=0.01 secs] 
2020-09-29T18:28:05.659+0200: 78.990: [GC (Allocation Failure) 2020-09-29T18:28:05.659+0200: 78.990: [ParNew: 585782K->55910K(613440K), 0.0228357 secs] 598168K->68296K(2029056K), 0.0228980 secs] [Times: user=0.23 sys=0.00, real=0.02 secs] 
2020-09-29T18:28:05.729+0200: 79.060: [GC (Allocation Failure) 2020-09-29T18:28:05.729+0200: 79.060: [ParNew: 601254K->43358K(613440K), 0.0158949 secs] 613640K->55743K(2029056K), 0.0159513 secs] [Times: user=0.13 sys=0.00, real=0.02 secs] 
2020-09-29T18:28:05.795+0200: 79.126: [GC (Allocation Failure) 2020-09-29T18:28:05.795+0200: 79.127: [ParNew: 588702K->62134K(613440K), 0.0202990 secs] 601087K->74519K(2029056K), 0.0203885 secs] [Times: user=0.13 sys=0.00, real=0.02 secs] 
2020-09-29T18:28:05.867+0200: 79.198: [GC (Allocation Failure) 2020-09-29T18:28:05.867+0200: 79.198: [ParNew: 607478K->45223K(613440K), 0.0213051 secs] 619863K->57609K(2029056K), 0.0213761 secs] [Times: user=0.13 sys=0.00, real=0.02 secs] 
2020-09-29T18:28:05.938+0200: 79.269: [GC (Allocation Failure) 2020-09-29T18:28:05.938+0200: 79.269: [ParNew: 590567K->39452K(613440K), 0.0150179 secs] 602953K->51838K(2029056K), 0.0151046 secs] [Times: user=0.11 sys=0.00, real=0.02 secs] 
2020-09-29T18:28:06.009+0200: 79.341: [GC (Allocation Failure) 2020-09-29T18:28:06.009+0200: 79.341: [ParNew: 584796K->57103K(613440K), 0.0238488 secs] 597182K->69489K(2029056K), 0.0239194 secs] [Times: user=0.13 sys=0.00, real=0.02 secs] 
2020-09-29T18:28:06.081+0200: 79.412: [GC (Allocation Failure) 2020-09-29T18:28:06.081+0200: 79.412: [ParNew: 602447K->68096K(613440K), 0.0232163 secs] 614833K->80634K(2029056K), 0.0232743 secs] [Times: user=0.25 sys=0.00, real=0.02 secs] 
2020-09-29T18:28:06.151+0200: 79.482: [GC (Allocation Failure) 2020-09-29T18:28:06.151+0200: 79.482: [ParNew: 613440K->48167K(613440K), 0.0170378 secs] 625978K->60706K(2029056K), 0.0170953 secs] [Times: user=0.13 sys=0.00, real=0.02 secs] 
2020-09-29T18:28:06.218+0200: 79.549: [GC (Allocation Failure) 2020-09-29T18:28:06.218+0200: 79.549: [ParNew: 593511K->41944K(613440K), 0.0173142 secs] 606050K->54482K(2029056K), 0.0173772 secs] [Times: user=0.13 sys=0.00, real=0.02 secs] 
2020-09-29T18:28:06.284+0200: 79.616: [GC (Allocation Failure) 2020-09-29T18:28:06.284+0200: 79.616: [ParNew: 587288K->38954K(613440K), 0.0160668 secs] 599826K->51493K(2029056K), 0.0161285 secs] [Times: user=0.11 sys=0.00, real=0.02 secs] 
2020-09-29T18:28:06.351+0200: 79.682: [GC (Allocation Failure) 2020-09-29T18:28:06.351+0200: 79.682: [ParNew: 584298K->60740K(613440K), 0.0250287 secs] 596837K->73279K(2029056K), 0.0250992 secs] [Times: user=0.13 sys=0.00, real=0.02 secs] 
2020-09-29T18:28:06.433+0200: 79.764: [GC (Allocation Failure) 2020-09-29T18:28:06.433+0200: 79.764: [ParNew: 606084K->46108K(613440K), 0.0242161 secs] 618623K->58646K(2029056K), 0.0242945 secs] [Times: user=0.25 sys=0.00, real=0.02 secs] 
2020-09-29T18:28:06.508+0200: 79.839: [GC (Allocation Failure) 2020-09-29T18:28:06.508+0200: 79.839: [ParNew: 591452K->48267K(613440K), 0.0231393 secs] 603990K->60805K(2029056K), 0.0232133 secs] [Times: user=0.13 sys=0.00, real=0.02 secs] 
2020-09-29T18:28:06.586+0200: 79.917: [GC (Allocation Failure) 2020-09-29T18:28:06.586+0200: 79.917: [ParNew: 593611K->68096K(613440K), 0.0297356 secs] 606149K->80634K(2029056K), 0.0298036 secs] [Times: user=0.25 sys=0.00, real=0.03 secs] 
2020-09-29T18:28:06.666+0200: 79.997: [GC (Allocation Failure) 2020-09-29T18:28:06.666+0200: 79.997: [ParNew: 613440K->53552K(613440K), 0.0232106 secs] 625978K->66091K(2029056K), 0.0232802 secs] [Times: user=0.13 sys=0.00, real=0.02 secs] 
2020-09-29T18:28:06.742+0200: 80.073: [GC (Allocation Failure) 2020-09-29T18:28:06.742+0200: 80.073: [ParNew: 598896K->34863K(613440K), 0.0154383 secs] 611435K->47401K(2029056K), 0.0155036 secs] [Times: user=0.13 sys=0.00, real=0.01 secs] 
2020-09-29T18:28:06.807+0200: 80.138: [GC (Allocation Failure) 2020-09-29T18:28:06.807+0200: 80.138: [ParNew: 580207K->49921K(613440K), 0.0268605 secs] 592745K->62459K(2029056K), 0.0269332 secs] [Times: user=0.24 sys=0.00, real=0.03 secs] 
2020-09-29T18:28:06.883+0200: 80.214: [GC (Allocation Failure) 2020-09-29T18:28:06.883+0200: 80.214: [ParNew: 595265K->37115K(613440K), 0.0184439 secs] 607803K->49653K(2029056K), 0.0185154 secs] [Times: user=0.13 sys=0.00, real=0.02 secs] 
2020-09-29T18:28:06.951+0200: 80.282: [GC (Allocation Failure) 2020-09-29T18:28:06.951+0200: 80.282: [ParNew: 582459K->51211K(613440K), 0.0237384 secs] 594997K->63749K(2029056K), 0.0238191 secs] [Times: user=0.25 sys=0.00, real=0.03 secs] 
2020-09-29T18:28:07.030+0200: 80.360: [GC (Allocation Failure) 2020-09-29T18:28:07.030+0200: 80.360: [ParNew: 596555K->34492K(613440K), 0.0155186 secs] 609093K->47031K(2029056K), 0.0155866 secs] [Times: user=0.13 sys=0.00, real=0.02 secs] 
2020-09-29T18:28:07.095+0200: 80.425: [GC (Allocation Failure) 2020-09-29T18:28:07.095+0200: 80.425: [ParNew: 579836K->36142K(613440K), 0.0182999 secs] 592375K->48680K(2029056K), 0.0183660 secs] [Times: user=0.13 sys=0.00, real=0.02 secs] 
2020-09-29T18:28:07.167+0200: 80.498: [GC (Allocation Failure) 2020-09-29T18:28:07.167+0200: 80.498: [ParNew: 581486K->45968K(613440K), 0.0259656 secs] 594024K->58507K(2029056K), 0.0260482 secs] [Times: user=0.23 sys=0.00, real=0.03 secs] 
2020-09-29T18:28:07.242+0200: 80.572: [GC (Allocation Failure) 2020-09-29T18:28:07.242+0200: 80.572: [ParNew: 591312K->56168K(613440K), 0.0245980 secs] 603851K->68707K(2029056K), 0.0246633 secs] [Times: user=0.13 sys=0.00, real=0.02 secs] 
2020-09-29T18:28:07.320+0200: 80.650: [GC (Allocation Failure) 2020-09-29T18:28:07.320+0200: 80.650: [ParNew: 601512K->39089K(613440K), 0.0172261 secs] 614051K->51628K(2029056K), 0.0172947 secs] [Times: user=0.13 sys=0.00, real=0.02 secs] 
2020-09-29T18:28:07.394+0200: 80.725: [GC (Allocation Failure) 2020-09-29T18:28:07.394+0200: 80.725: [ParNew: 584433K->53611K(613440K), 0.0290313 secs] 596972K->66149K(2029056K), 0.0291024 secs] [Times: user=0.25 sys=0.00, real=0.03 secs] 
2020-09-29T18:28:07.471+0200: 80.802: [GC (Allocation Failure) 2020-09-29T18:28:07.471+0200: 80.802: [ParNew: 598955K->44135K(613440K), 0.0207015 secs] 611493K->56673K(2029056K), 0.0207691 secs] [Times: user=0.25 sys=0.00, real=0.02 secs] 
2020-09-29T18:28:07.540+0200: 80.871: [GC (Allocation Failure) 2020-09-29T18:28:07.540+0200: 80.871: [ParNew: 589479K->63262K(613440K), 0.0266120 secs] 602017K->75800K(2029056K), 0.0266955 secs] [Times: user=0.25 sys=0.00, real=0.03 secs] 
2020-09-29T18:28:07.617+0200: 80.948: [GC (Allocation Failure) 2020-09-29T18:28:07.617+0200: 80.948: [ParNew: 608606K->47711K(613440K), 0.0269976 secs] 621144K->60250K(2029056K), 0.0270817 secs] [Times: user=0.11 sys=0.00, real=0.03 secs] 
2020-09-29T18:28:07.703+0200: 81.033: [GC (Allocation Failure) 2020-09-29T18:28:07.703+0200: 81.033: [ParNew: 593055K->40397K(613440K), 0.0185082 secs] 605594K->52936K(2029056K), 0.0185901 secs] [Times: user=0.13 sys=0.00, real=0.02 secs] 
2020-09-29T18:28:07.773+0200: 81.103: [GC (Allocation Failure) 2020-09-29T18:28:07.773+0200: 81.103: [ParNew: 585741K->31981K(613440K), 0.0169298 secs] 598280K->44520K(2029056K), 0.0170116 secs] [Times: user=0.13 sys=0.00, real=0.02 secs] 
2020-09-29T18:28:07.839+0200: 81.170: [GC (Allocation Failure) 2020-09-29T18:28:07.839+0200: 81.170: [ParNew: 577325K->42094K(613440K), 0.0219337 secs] 589864K->54632K(2029056K), 0.0219999 secs] [Times: user=0.13 sys=0.00, real=0.02 secs] 
2020-09-29T18:28:07.911+0200: 81.241: [GC (Allocation Failure) 2020-09-29T18:28:07.911+0200: 81.241: [ParNew: 587438K->59370K(613440K), 0.0276174 secs] 599976K->71909K(2029056K), 0.0276808 secs] [Times: user=0.13 sys=0.00, real=0.03 secs] 
2020-09-29T18:28:07.990+0200: 81.321: [GC (Allocation Failure) 2020-09-29T18:28:07.990+0200: 81.321: [ParNew: 604714K->46652K(613440K), 0.0191275 secs] 617253K->59190K(2029056K), 0.0191945 secs] [Times: user=0.13 sys=0.00, real=0.02 secs] 
2020-09-29T18:28:08.061+0200: 81.392: [GC (Allocation Failure) 2020-09-29T18:28:08.061+0200: 81.392: [ParNew: 591996K->39172K(613440K), 0.0183897 secs] 604534K->51710K(2029056K), 0.0184579 secs] [Times: user=0.13 sys=0.00, real=0.02 secs] 
2020-09-29T18:28:08.139+0200: 81.469: [GC (Allocation Failure) 2020-09-29T18:28:08.139+0200: 81.469: [ParNew: 584516K->49467K(613440K), 0.0238347 secs] 597054K->62005K(2029056K), 0.0238999 secs] [Times: user=0.25 sys=0.00, real=0.02 secs] 
2020-09-29T18:28:08.210+0200: 81.541: [GC (Allocation Failure) 2020-09-29T18:28:08.210+0200: 81.541: [ParNew: 594811K->36626K(613440K), 0.0153222 secs] 607349K->49164K(2029056K), 0.0153875 secs] [Times: user=0.13 sys=0.00, real=0.02 secs] 
2020-09-29T18:28:08.279+0200: 81.609: [GC (Allocation Failure) 2020-09-29T18:28:08.279+0200: 81.609: [ParNew: 581970K->35578K(613440K), 0.0203824 secs] 594508K->48116K(2029056K), 0.0204617 secs] [Times: user=0.13 sys=0.00, real=0.02 secs] 
2020-09-29T18:28:08.355+0200: 81.685: [GC (Allocation Failure) 2020-09-29T18:28:08.355+0200: 81.685: [ParNew: 580922K->50866K(613440K), 0.0211821 secs] 593460K->63404K(2029056K), 0.0212665 secs] [Times: user=0.13 sys=0.00, real=0.02 secs] 
2020-09-29T18:28:08.428+0200: 81.759: [GC (Allocation Failure) 2020-09-29T18:28:08.429+0200: 81.759: [ParNew: 596210K->53828K(613440K), 0.0265727 secs] 608748K->66367K(2029056K), 0.0266527 secs] [Times: user=0.13 sys=0.00, real=0.03 secs] 
2020-09-29T18:28:08.502+0200: 81.832: [GC (Allocation Failure) 2020-09-29T18:28:08.502+0200: 81.832: [ParNew: 599172K->33826K(613440K), 0.0119844 secs] 611711K->46364K(2029056K), 0.0120489 secs] [Times: user=0.13 sys=0.00, real=0.01 secs] 
2020-09-29T18:28:08.572+0200: 81.902: [GC (Allocation Failure) 2020-09-29T18:28:08.572+0200: 81.902: [ParNew: 579170K->43890K(613440K), 0.0276096 secs] 591708K->56428K(2029056K), 0.0276845 secs] [Times: user=0.22 sys=0.00, real=0.03 secs] 
2020-09-29T18:28:08.650+0200: 81.981: [GC (Allocation Failure) 2020-09-29T18:28:08.650+0200: 81.981: [ParNew: 589234K->66222K(613440K), 0.0301847 secs] 601772K->78760K(2029056K), 0.0302572 secs] [Times: user=0.25 sys=0.00, real=0.03 secs] 
2020-09-29T18:28:08.732+0200: 82.062: [GC (Allocation Failure) 2020-09-29T18:28:08.732+0200: 82.062: [ParNew: 611566K->54526K(613440K), 0.0239360 secs] 624104K->67065K(2029056K), 0.0240146 secs] [Times: user=0.25 sys=0.00, real=0.02 secs] 
2020-09-29T18:28:08.813+0200: 82.144: [GC (Allocation Failure) 2020-09-29T18:28:08.813+0200: 82.144: [ParNew: 599870K->68096K(613440K), 0.0287305 secs] 612409K->80634K(2029056K), 0.0288032 secs] [Times: user=0.25 sys=0.00, real=0.03 secs] 
2020-09-29T18:28:08.893+0200: 82.225: [GC (Allocation Failure) 2020-09-29T18:28:08.893+0200: 82.225: [ParNew: 613440K->44476K(613440K), 0.0212454 secs] 625978K->57015K(2029056K), 0.0213154 secs] [Times: user=0.23 sys=0.00, real=0.02 secs] 
2020-09-29T18:28:08.969+0200: 82.300: [GC (Allocation Failure) 2020-09-29T18:28:08.969+0200: 82.300: [ParNew: 589820K->68096K(613440K), 0.0257114 secs] 602359K->80634K(2029056K), 0.0257852 secs] [Times: user=0.25 sys=0.00, real=0.02 secs] 
2020-09-29T18:28:09.048+0200: 82.379: [GC (Allocation Failure) 2020-09-29T18:28:09.048+0200: 82.379: [ParNew: 613440K->53538K(613440K), 0.0260512 secs] 625978K->66076K(2029056K), 0.0261378 secs] [Times: user=0.25 sys=0.00, real=0.03 secs] 
2020-09-29T18:28:09.128+0200: 82.459: [GC (Allocation Failure) 2020-09-29T18:28:09.128+0200: 82.459: [ParNew: 598882K->48627K(613440K), 0.0251177 secs] 611420K->61165K(2029056K), 0.0252094 secs] [Times: user=0.25 sys=0.00, real=0.03 secs] 
2020-09-29T18:28:09.206+0200: 82.537: [GC (Allocation Failure) 2020-09-29T18:28:09.206+0200: 82.537: [ParNew: 593971K->44511K(613440K), 0.0237453 secs] 606509K->57049K(2029056K), 0.0238195 secs] [Times: user=0.25 sys=0.00, real=0.02 secs] 
2020-09-29T18:28:09.278+0200: 82.609: [GC (Allocation Failure) 2020-09-29T18:28:09.278+0200: 82.609: [ParNew: 589855K->39296K(613440K), 0.0232775 secs] 602393K->51834K(2029056K), 0.0233454 secs] [Times: user=0.25 sys=0.00, real=0.02 secs] 
2020-09-29T18:28:09.356+0200: 82.687: [GC (Allocation Failure) 2020-09-29T18:28:09.356+0200: 82.687: [ParNew: 584640K->37721K(613440K), 0.0223493 secs] 597178K->50259K(2029056K), 0.0224262 secs] [Times: user=0.14 sys=0.00, real=0.02 secs] 
2020-09-29T18:28:09.432+0200: 82.763: [GC (Allocation Failure) 2020-09-29T18:28:09.432+0200: 82.763: [ParNew: 583065K->60265K(613440K), 0.0296180 secs] 595603K->72803K(2029056K), 0.0296833 secs] [Times: user=0.22 sys=0.00, real=0.03 secs] 
2020-09-29T18:28:09.511+0200: 82.843: [GC (Allocation Failure) 2020-09-29T18:28:09.511+0200: 82.843: [ParNew: 605609K->52224K(613440K), 0.0267621 secs] 618147K->64762K(2029056K), 0.0268300 secs] [Times: user=0.25 sys=0.00, real=0.03 secs] 
2020-09-29T18:28:09.589+0200: 82.920: [GC (Allocation Failure) 2020-09-29T18:28:09.589+0200: 82.920: [ParNew: 597568K->42314K(613440K), 0.0195575 secs] 610106K->54852K(2029056K), 0.0196260 secs] [Times: user=0.13 sys=0.00, real=0.02 secs] 
2020-09-29T18:28:09.657+0200: 82.988: [GC (Allocation Failure) 2020-09-29T18:28:09.657+0200: 82.988: [ParNew: 587658K->62602K(613440K), 0.0248646 secs] 600196K->75141K(2029056K), 0.0249910 secs] [Times: user=0.23 sys=0.00, real=0.02 secs] 
2020-09-29T18:28:09.731+0200: 83.062: [GC (Allocation Failure) 2020-09-29T18:28:09.731+0200: 83.062: [ParNew: 607946K->47468K(613440K), 0.0235612 secs] 620485K->60007K(2029056K), 0.0236584 secs] [Times: user=0.25 sys=0.00, real=0.02 secs] 
2020-09-29T18:28:09.802+0200: 83.134: [GC (Allocation Failure) 2020-09-29T18:28:09.803+0200: 83.134: [ParNew: 592812K->34864K(613440K), 0.0137503 secs] 605351K->47402K(2029056K), 0.0138231 secs] [Times: user=0.00 sys=0.00, real=0.01 secs] 
2020-09-29T18:28:09.866+0200: 83.197: [GC (Allocation Failure) 2020-09-29T18:28:09.866+0200: 83.197: [ParNew: 580208K->32240K(613440K), 0.0194051 secs] 592746K->44779K(2029056K), 0.0194696 secs] [Times: user=0.13 sys=0.00, real=0.02 secs] 
2020-09-29T18:28:09.937+0200: 83.268: [GC (Allocation Failure) 2020-09-29T18:28:09.937+0200: 83.268: [ParNew: 577584K->46688K(613440K), 0.0263114 secs] 590123K->59226K(2029056K), 0.0263812 secs] [Times: user=0.25 sys=0.00, real=0.03 secs] 
2020-09-29T18:28:10.015+0200: 83.346: [GC (Allocation Failure) 2020-09-29T18:28:10.015+0200: 83.346: [ParNew: 592032K->41115K(613440K), 0.0172950 secs] 604570K->53654K(2029056K), 0.0173653 secs] [Times: user=0.13 sys=0.00, real=0.02 secs] 
2020-09-29T18:28:10.093+0200: 83.424: [GC (Allocation Failure) 2020-09-29T18:28:10.093+0200: 83.424: [ParNew: 585982K->35885K(613440K), 0.0169242 secs] 598521K->48424K(2029056K), 0.0169918 secs] [Times: user=0.13 sys=0.00, real=0.02 secs] 
2020-09-29T18:28:10.164+0200: 83.496: [GC (Allocation Failure) 2020-09-29T18:28:10.164+0200: 83.496: [ParNew: 581229K->27158K(613440K), 0.0142509 secs] 593768K->39696K(2029056K), 0.0143172 secs] [Times: user=0.13 sys=0.00, real=0.01 secs] 
2020-09-29T18:28:10.246+0200: 83.577: [GC (Allocation Failure) 2020-09-29T18:28:10.246+0200: 83.577: [ParNew: 572502K->56176K(613440K), 0.0278036 secs] 585040K->68715K(2029056K), 0.0278815 secs] [Times: user=0.25 sys=0.00, real=0.03 secs] 
2020-09-29T18:28:10.321+0200: 83.652: [GC (Allocation Failure) 2020-09-29T18:28:10.321+0200: 83.652: [ParNew: 601520K->67665K(613440K), 0.0276416 secs] 614059K->80203K(2029056K), 0.0277155 secs] [Times: user=0.22 sys=0.00, real=0.03 secs] 
2020-09-29T18:28:10.399+0200: 83.731: [GC (Allocation Failure) 2020-09-29T18:28:10.399+0200: 83.731: [ParNew: 613009K->38704K(613440K), 0.0106511 secs] 625547K->51242K(2029056K), 0.0107174 secs] [Times: user=0.13 sys=0.00, real=0.01 secs] 
2020-09-29T18:28:10.469+0200: 83.800: [GC (Allocation Failure) 2020-09-29T18:28:10.469+0200: 83.801: [ParNew: 584048K->32353K(613440K), 0.0175585 secs] 596586K->44891K(2029056K), 0.0176255 secs] [Times: user=0.13 sys=0.00, real=0.02 secs] 
2020-09-29T18:28:10.539+0200: 83.870: [GC (Allocation Failure) 2020-09-29T18:28:10.539+0200: 83.870: [ParNew: 577697K->40360K(613440K), 0.0229364 secs] 590235K->52898K(2029056K), 0.0229996 secs] [Times: user=0.13 sys=0.00, real=0.02 secs] 
2020-09-29T18:28:10.621+0200: 83.953: [GC (Allocation Failure) 2020-09-29T18:28:10.621+0200: 83.953: [ParNew: 585704K->32446K(613440K), 0.0165220 secs] 598242K->44984K(2029056K), 0.0166011 secs] [Times: user=0.13 sys=0.00, real=0.02 secs] 
2020-09-29T18:28:10.693+0200: 84.024: [GC (Allocation Failure) 2020-09-29T18:28:10.693+0200: 84.024: [ParNew: 577790K->52803K(613440K), 0.0287011 secs] 590328K->65341K(2029056K), 0.0287881 secs] [Times: user=0.13 sys=0.00, real=0.03 secs] 
2020-09-29T18:28:10.775+0200: 84.106: [GC (Allocation Failure) 2020-09-29T18:28:10.775+0200: 84.106: [ParNew: 598147K->62194K(613440K), 0.0279146 secs] 610685K->74732K(2029056K), 0.0279990 secs] [Times: user=0.25 sys=0.00, real=0.03 secs] 
2020-09-29T18:28:10.853+0200: 84.184: [GC (Allocation Failure) 2020-09-29T18:28:10.853+0200: 84.184: [ParNew: 607538K->68096K(613440K), 0.0350277 secs] 620076K->83221K(2029056K), 0.0350895 secs] [Times: user=0.25 sys=0.00, real=0.04 secs] 
2020-09-29T18:28:10.935+0200: 84.265: [GC (Allocation Failure) 2020-09-29T18:28:10.935+0200: 84.265: [ParNew: 613440K->55129K(613440K), 0.0187242 secs] 628565K->70255K(2029056K), 0.0187982 secs] [Times: user=0.13 sys=0.00, real=0.02 secs] 
2020-09-29T18:28:11.005+0200: 84.336: [GC (Allocation Failure) 2020-09-29T18:28:11.005+0200: 84.336: [ParNew: 600473K->41243K(613440K), 0.0194650 secs] 615599K->56369K(2029056K), 0.0195286 secs] [Times: user=0.13 sys=0.00, real=0.02 secs] 
2020-09-29T18:28:11.083+0200: 84.413: [GC (Allocation Failure) 2020-09-29T18:28:11.083+0200: 84.413: [ParNew: 586587K->51270K(613440K), 0.0235551 secs] 601713K->66396K(2029056K), 0.0236195 secs] [Times: user=0.13 sys=0.00, real=0.02 secs] 
2020-09-29T18:28:11.157+0200: 84.488: [GC (Allocation Failure) 2020-09-29T18:28:11.157+0200: 84.488: [ParNew: 596614K->65523K(613440K), 0.0285573 secs] 611740K->80648K(2029056K), 0.0286211 secs] [Times: user=0.25 sys=0.00, real=0.03 secs] 
2020-09-29T18:28:11.234+0200: 84.564: [GC (Allocation Failure) 2020-09-29T18:28:11.234+0200: 84.564: [ParNew: 610867K->68096K(613440K), 0.0369533 secs] 625992K->86196K(2029056K), 0.0370189 secs] [Times: user=0.26 sys=0.00, real=0.04 secs] 
2020-09-29T18:28:11.318+0200: 84.648: [GC (Allocation Failure) 2020-09-29T18:28:11.318+0200: 84.648: [ParNew: 613440K->56987K(613440K), 0.0297324 secs] 631540K->75087K(2029056K), 0.0298067 secs] [Times: user=0.13 sys=0.00, real=0.03 secs] 
2020-09-29T18:28:11.397+0200: 84.727: [GC (Allocation Failure) 2020-09-29T18:28:11.397+0200: 84.727: [ParNew: 602331K->54418K(613440K), 0.0287844 secs] 620431K->72518K(2029056K), 0.0288536 secs] [Times: user=0.13 sys=0.00, real=0.03 secs] 
2020-09-29T18:28:11.473+0200: 84.804: [GC (Allocation Failure) 2020-09-29T18:28:11.474+0200: 84.804: [ParNew: 599762K->54021K(613440K), 0.0275209 secs] 617862K->72121K(2029056K), 0.0276196 secs] [Times: user=0.14 sys=0.00, real=0.03 secs] 
2020-09-29T18:28:11.548+0200: 84.879: [GC (Allocation Failure) 2020-09-29T18:28:11.548+0200: 84.879: [ParNew: 599365K->50535K(613440K), 0.0261776 secs] 617465K->68635K(2029056K), 0.0262673 secs] [Times: user=0.25 sys=0.00, real=0.03 secs] 
2020-09-29T18:28:11.627+0200: 84.957: [GC (Allocation Failure) 2020-09-29T18:28:11.627+0200: 84.957: [ParNew: 595879K->43904K(613440K), 0.0264444 secs] 613979K->62004K(2029056K), 0.0265165 secs] [Times: user=0.24 sys=0.00, real=0.03 secs] 
2020-09-29T18:28:11.704+0200: 85.034: [GC (Allocation Failure) 2020-09-29T18:28:11.704+0200: 85.034: [ParNew: 589248K->44811K(613440K), 0.0226400 secs] 607348K->62911K(2029056K), 0.0227118 secs] [Times: user=0.25 sys=0.00, real=0.02 secs] 
2020-09-29T18:28:11.783+0200: 85.114: [GC (Allocation Failure) 2020-09-29T18:28:11.783+0200: 85.114: [ParNew: 590155K->38871K(613440K), 0.0233892 secs] 608255K->56972K(2029056K), 0.0234676 secs] [Times: user=0.22 sys=0.00, real=0.02 secs] 
2020-09-29T18:28:11.854+0200: 85.184: [GC (Allocation Failure) 2020-09-29T18:28:11.854+0200: 85.184: [ParNew: 584215K->39013K(613440K), 0.0209933 secs] 602316K->57113K(2029056K), 0.0210637 secs] [Times: user=0.13 sys=0.00, real=0.02 secs] 
2020-09-29T18:28:11.930+0200: 85.260: [GC (Allocation Failure) 2020-09-29T18:28:11.930+0200: 85.261: [ParNew: 584357K->56266K(613440K), 0.0281518 secs] 602457K->74366K(2029056K), 0.0282159 secs] [Times: user=0.23 sys=0.02, real=0.03 secs] 
2020-09-29T18:28:12.006+0200: 85.337: [GC (Allocation Failure) 2020-09-29T18:28:12.006+0200: 85.337: [ParNew: 601610K->44877K(613440K), 0.0277604 secs] 619710K->62977K(2029056K), 0.0278330 secs] [Times: user=0.13 sys=0.00, real=0.03 secs] 
2020-09-29T18:28:12.087+0200: 85.418: [GC (Allocation Failure) 2020-09-29T18:28:12.087+0200: 85.418: [ParNew: 590221K->44755K(613440K), 0.0269045 secs] 608321K->62855K(2029056K), 0.0269714 secs] [Times: user=0.25 sys=0.00, real=0.03 secs] 
2020-09-29T18:28:12.160+0200: 85.491: [GC (Allocation Failure) 2020-09-29T18:28:12.160+0200: 85.491: [ParNew: 590099K->37301K(613440K), 0.0093293 secs] 608199K->55401K(2029056K), 0.0093963 secs] [Times: user=0.13 sys=0.00, real=0.01 secs] 
2020-09-29T18:28:12.231+0200: 85.562: [GC (Allocation Failure) 2020-09-29T18:28:12.231+0200: 85.562: [ParNew: 582645K->26644K(613440K), 0.0166500 secs] 600745K->44744K(2029056K), 0.0167150 secs] [Times: user=0.13 sys=0.00, real=0.02 secs] 
2020-09-29T18:28:12.302+0200: 85.633: [GC (Allocation Failure) 2020-09-29T18:28:12.302+0200: 85.633: [ParNew: 571988K->29846K(613440K), 0.0155709 secs] 590088K->47946K(2029056K), 0.0156399 secs] [Times: user=0.13 sys=0.00, real=0.02 secs] 
2020-09-29T18:28:12.381+0200: 85.711: [GC (Allocation Failure) 2020-09-29T18:28:12.381+0200: 85.711: [ParNew: 575190K->20254K(613440K), 0.0144572 secs] 593290K->38354K(2029056K), 0.0145304 secs] [Times: user=0.00 sys=0.00, real=0.01 secs] 
2020-09-29T18:28:12.444+0200: 85.775: [GC (Allocation Failure) 2020-09-29T18:28:12.444+0200: 85.775: [ParNew: 565598K->14269K(613440K), 0.0135600 secs] 583698K->32369K(2029056K), 0.0136303 secs] [Times: user=0.01 sys=0.00, real=0.01 secs] 
2020-09-29T18:28:12.509+0200: 85.840: [GC (Allocation Failure) 2020-09-29T18:28:12.509+0200: 85.840: [ParNew: 559613K->15575K(613440K), 0.0111315 secs] 577713K->33675K(2029056K), 0.0111973 secs] [Times: user=0.13 sys=0.00, real=0.01 secs] 
2020-09-29T18:28:12.565+0200: 85.896: [GC (Allocation Failure) 2020-09-29T18:28:12.565+0200: 85.896: [ParNew: 560919K->29018K(613440K), 0.0199032 secs] 579019K->47118K(2029056K), 0.0199768 secs] [Times: user=0.22 sys=0.00, real=0.02 secs] 
2020-09-29T18:28:12.639+0200: 85.970: [GC (Allocation Failure) 2020-09-29T18:28:12.639+0200: 85.970: [ParNew: 574362K->36360K(613440K), 0.0183983 secs] 592462K->54460K(2029056K), 0.0184658 secs] [Times: user=0.13 sys=0.00, real=0.02 secs] 
2020-09-29T18:28:12.706+0200: 86.036: [GC (Allocation Failure) 2020-09-29T18:28:12.706+0200: 86.036: [ParNew: 581704K->23914K(613440K), 0.0174162 secs] 599804K->42014K(2029056K), 0.0174899 secs] [Times: user=0.20 sys=0.01, real=0.02 secs] 
2020-09-29T18:28:12.780+0200: 86.111: [GC (Allocation Failure) 2020-09-29T18:28:12.780+0200: 86.111: [ParNew: 569258K->19899K(613440K), 0.0149403 secs] 587358K->37999K(2029056K), 0.0150111 secs] [Times: user=0.13 sys=0.00, real=0.02 secs] 
2020-09-29T18:28:12.850+0200: 86.181: [GC (Allocation Failure) 2020-09-29T18:28:12.850+0200: 86.181: [ParNew: 565243K->30724K(613440K), 0.0220393 secs] 583343K->48824K(2029056K), 0.0221158 secs] [Times: user=0.13 sys=0.00, real=0.02 secs] 
2020-09-29T18:28:12.924+0200: 86.254: [GC (Allocation Failure) 2020-09-29T18:28:12.924+0200: 86.254: [ParNew: 576068K->28324K(613440K), 0.0131339 secs] 594168K->46424K(2029056K), 0.0132035 secs] [Times: user=0.13 sys=0.00, real=0.01 secs] 
2020-09-29T18:28:12.993+0200: 86.324: [GC (Allocation Failure) 2020-09-29T18:28:12.993+0200: 86.324: [ParNew: 573668K->35893K(613440K), 0.0210747 secs] 591768K->53994K(2029056K), 0.0211424 secs] [Times: user=0.13 sys=0.00, real=0.02 secs] 
2020-09-29T18:28:13.059+0200: 86.390: [GC (Allocation Failure) 2020-09-29T18:28:13.059+0200: 86.390: [ParNew: 581237K->40083K(613440K), 0.0199580 secs] 599338K->58183K(2029056K), 0.0200411 secs] [Times: user=0.13 sys=0.00, real=0.02 secs] 
2020-09-29T18:28:13.136+0200: 86.467: [GC (Allocation Failure) 2020-09-29T18:28:13.136+0200: 86.467: [ParNew: 585427K->30801K(613440K), 0.0196447 secs] 603527K->48901K(2029056K), 0.0197146 secs] [Times: user=0.06 sys=0.00, real=0.02 secs] 
2020-09-29T18:28:13.214+0200: 86.545: [GC (Allocation Failure) 2020-09-29T18:28:13.214+0200: 86.545: [ParNew: 576145K->20306K(613440K), 0.0097941 secs] 594245K->38406K(2029056K), 0.0098667 secs] [Times: user=0.13 sys=0.00, real=0.01 secs] 
2020-09-29T18:28:13.271+0200: 86.602: [GC (Allocation Failure) 2020-09-29T18:28:13.271+0200: 86.603: [ParNew: 565650K->20013K(613440K), 0.0175466 secs] 583750K->38113K(2029056K), 0.0176160 secs] [Times: user=0.13 sys=0.00, real=0.02 secs] 
2020-09-29T18:28:13.339+0200: 86.671: [GC (Allocation Failure) 2020-09-29T18:28:13.339+0200: 86.671: [ParNew: 565357K->18570K(613440K), 0.0144843 secs] 583457K->36670K(2029056K), 0.0145636 secs] [Times: user=0.13 sys=0.00, real=0.02 secs] 
2020-09-29T18:28:13.409+0200: 86.741: [GC (Allocation Failure) 2020-09-29T18:28:13.409+0200: 86.741: [ParNew: 563914K->32754K(613440K), 0.0228149 secs] 582014K->50854K(2029056K), 0.0228920 secs] [Times: user=0.25 sys=0.00, real=0.02 secs] 
2020-09-29T18:28:13.485+0200: 86.816: [GC (Allocation Failure) 2020-09-29T18:28:13.485+0200: 86.816: [ParNew: 578098K->47428K(613440K), 0.0211795 secs] 596198K->65528K(2029056K), 0.0212499 secs] [Times: user=0.25 sys=0.00, real=0.02 secs] 
2020-09-29T18:28:13.556+0200: 86.887: [GC (Allocation Failure) 2020-09-29T18:28:13.556+0200: 86.888: [ParNew: 592772K->32896K(613440K), 0.0208263 secs] 610872K->50996K(2029056K), 0.0209128 secs] [Times: user=0.13 sys=0.00, real=0.02 secs] 
2020-09-29T18:28:13.624+0200: 86.956: [GC (Allocation Failure) 2020-09-29T18:28:13.624+0200: 86.956: [ParNew: 578240K->23158K(613440K), 0.0113531 secs] 596340K->41258K(2029056K), 0.0114245 secs] [Times: user=0.11 sys=0.00, real=0.01 secs] 
2020-09-29T18:28:13.694+0200: 87.026: [GC (Allocation Failure) 2020-09-29T18:28:13.694+0200: 87.026: [ParNew: 568502K->8549K(613440K), 0.0101056 secs] 586602K->26649K(2029056K), 0.0101737 secs] [Times: user=0.00 sys=0.00, real=0.01 secs] 
2020-09-29T18:28:13.763+0200: 87.094: [GC (Allocation Failure) 2020-09-29T18:28:13.763+0200: 87.094: [ParNew: 553893K->21485K(613440K), 0.0159624 secs] 571993K->39585K(2029056K), 0.0160438 secs] [Times: user=0.13 sys=0.00, real=0.02 secs] 
2020-09-29T18:28:13.846+0200: 87.177: [GC (Allocation Failure) 2020-09-29T18:28:13.846+0200: 87.177: [ParNew: 566829K->38885K(613440K), 0.0239737 secs] 584929K->56985K(2029056K), 0.0240592 secs] [Times: user=0.23 sys=0.00, real=0.03 secs] 
2020-09-29T18:28:13.921+0200: 87.252: [GC (Allocation Failure) 2020-09-29T18:28:13.921+0200: 87.252: [ParNew: 584229K->25467K(613440K), 0.0148568 secs] 602329K->43567K(2029056K), 0.0149265 secs] [Times: user=0.13 sys=0.00, real=0.02 secs] 
2020-09-29T18:28:13.998+0200: 87.329: [GC (Allocation Failure) 2020-09-29T18:28:13.998+0200: 87.329: [ParNew: 570811K->13556K(613440K), 0.0124238 secs] 588911K->31656K(2029056K), 0.0124911 secs] [Times: user=0.13 sys=0.00, real=0.01 secs] 
2020-09-29T18:28:14.061+0200: 87.392: [GC (Allocation Failure) 2020-09-29T18:28:14.062+0200: 87.392: [ParNew: 558900K->31066K(613440K), 0.0192564 secs] 577000K->49166K(2029056K), 0.0193446 secs] [Times: user=0.13 sys=0.00, real=0.02 secs] 
2020-09-29T18:28:14.139+0200: 87.469: [GC (Allocation Failure) 2020-09-29T18:28:14.139+0200: 87.469: [ParNew: 576410K->39279K(613440K), 0.0269368 secs] 594510K->57379K(2029056K), 0.0270056 secs] [Times: user=0.25 sys=0.00, real=0.03 secs] 
2020-09-29T18:28:14.210+0200: 87.541: [GC (Allocation Failure) 2020-09-29T18:28:14.210+0200: 87.541: [ParNew: 584128K->28572K(613440K), 0.0074514 secs] 602228K->46672K(2029056K), 0.0075205 secs] [Times: user=0.00 sys=0.00, real=0.01 secs] 
2020-09-29T18:28:14.272+0200: 87.603: [GC (Allocation Failure) 2020-09-29T18:28:14.273+0200: 87.603: [ParNew: 573916K->18414K(613440K), 0.0165536 secs] 592016K->36515K(2029056K), 0.0166295 secs] [Times: user=0.13 sys=0.00, real=0.02 secs] 
2020-09-29T18:28:14.335+0200: 87.665: [GC (Allocation Failure) 2020-09-29T18:28:14.335+0200: 87.665: [ParNew: 563758K->17339K(613440K), 0.0138302 secs] 581859K->35440K(2029056K), 0.0139002 secs] [Times: user=0.00 sys=0.00, real=0.01 secs] 
2020-09-29T18:28:14.414+0200: 87.744: [GC (Allocation Failure) 2020-09-29T18:28:14.414+0200: 87.744: [ParNew: 562683K->33096K(613440K), 0.0219945 secs] 580784K->51196K(2029056K), 0.0220877 secs] [Times: user=0.13 sys=0.00, real=0.02 secs] 
2020-09-29T18:28:14.483+0200: 87.813: [GC (Allocation Failure) 2020-09-29T18:28:14.483+0200: 87.814: [ParNew: 578440K->41074K(613440K), 0.0202341 secs] 596540K->59174K(2029056K), 0.0203036 secs] [Times: user=0.13 sys=0.00, real=0.02 secs] 
2020-09-29T18:28:14.555+0200: 87.886: [GC (Allocation Failure) 2020-09-29T18:28:14.555+0200: 87.886: [ParNew: 586418K->31564K(613440K), 0.0189152 secs] 604518K->49664K(2029056K), 0.0189914 secs] [Times: user=0.13 sys=0.00, real=0.02 secs] 
2020-09-29T18:28:14.623+0200: 87.954: [GC (Allocation Failure) 2020-09-29T18:28:14.623+0200: 87.954: [ParNew: 576908K->40052K(613440K), 0.0270656 secs] 595008K->58152K(2029056K), 0.0271441 secs] [Times: user=0.25 sys=0.00, real=0.03 secs] 
2020-09-29T18:28:14.697+0200: 88.028: [GC (Allocation Failure) 2020-09-29T18:28:14.697+0200: 88.028: [ParNew: 585396K->34446K(613440K), 0.0177804 secs] 603496K->52547K(2029056K), 0.0178473 secs] [Times: user=0.13 sys=0.00, real=0.02 secs] 
2020-09-29T18:28:14.776+0200: 88.106: [GC (Allocation Failure) 2020-09-29T18:28:14.776+0200: 88.106: [ParNew: 579790K->29664K(613440K), 0.0178722 secs] 597891K->47764K(2029056K), 0.0179497 secs] [Times: user=0.13 sys=0.00, real=0.02 secs] 
2020-09-29T18:28:14.845+0200: 88.176: [GC (Allocation Failure) 2020-09-29T18:28:14.845+0200: 88.176: [ParNew: 575008K->18762K(613440K), 0.0160814 secs] 593108K->36862K(2029056K), 0.0161496 secs] [Times: user=0.13 sys=0.00, real=0.02 secs] 
2020-09-29T18:28:14.910+0200: 88.241: [GC (Allocation Failure) 2020-09-29T18:28:14.910+0200: 88.241: [ParNew: 564106K->33786K(613440K), 0.0230297 secs] 582206K->51886K(2029056K), 0.0230984 secs] [Times: user=0.25 sys=0.00, real=0.02 secs] 
2020-09-29T18:28:14.980+0200: 88.310: [GC (Allocation Failure) 2020-09-29T18:28:14.980+0200: 88.310: [ParNew: 579130K->48552K(613440K), 0.0210792 secs] 597230K->66652K(2029056K), 0.0211509 secs] [Times: user=0.13 sys=0.00, real=0.02 secs] 
2020-09-29T18:28:15.049+0200: 88.379: [GC (Allocation Failure) 2020-09-29T18:28:15.049+0200: 88.379: [ParNew: 593896K->19547K(613440K), 0.0116496 secs] 611996K->37647K(2029056K), 0.0117304 secs] [Times: user=0.13 sys=0.00, real=0.01 secs] 
2020-09-29T18:28:15.120+0200: 88.451: [GC (Allocation Failure) 2020-09-29T18:28:15.120+0200: 88.451: [ParNew: 564891K->16012K(613440K), 0.0110999 secs] 582991K->34112K(2029056K), 0.0111701 secs] [Times: user=0.13 sys=0.00, real=0.01 secs] 
2020-09-29T18:28:15.181+0200: 88.512: [GC (Allocation Failure) 2020-09-29T18:28:15.181+0200: 88.512: [ParNew: 561356K->25758K(613440K), 0.0179979 secs] 579456K->43858K(2029056K), 0.0180674 secs] [Times: user=0.13 sys=0.00, real=0.02 secs] 
2020-09-29T18:28:15.249+0200: 88.580: [GC (Allocation Failure) 2020-09-29T18:28:15.249+0200: 88.580: [ParNew: 571102K->32900K(613440K), 0.0173087 secs] 589202K->51000K(2029056K), 0.0173821 secs] [Times: user=0.13 sys=0.00, real=0.02 secs] 
2020-09-29T18:28:15.316+0200: 88.647: [GC (Allocation Failure) 2020-09-29T18:28:15.316+0200: 88.647: [ParNew: 578244K->21991K(613440K), 0.0169140 secs] 596344K->40091K(2029056K), 0.0169829 secs] [Times: user=0.19 sys=0.00, real=0.02 secs] 
2020-09-29T18:28:15.394+0200: 88.724: [GC (Allocation Failure) 2020-09-29T18:28:15.394+0200: 88.724: [ParNew: 567335K->32499K(613440K), 0.0238916 secs] 585435K->50599K(2029056K), 0.0239597 secs] [Times: user=0.25 sys=0.00, real=0.02 secs] 
2020-09-29T18:28:15.463+0200: 88.794: [GC (Allocation Failure) 2020-09-29T18:28:15.463+0200: 88.794: [ParNew: 577843K->25926K(613440K), 0.0144751 secs] 595943K->44026K(2029056K), 0.0145480 secs] [Times: user=0.13 sys=0.00, real=0.01 secs] 
2020-09-29T18:28:15.527+0200: 88.858: [GC (Allocation Failure) 2020-09-29T18:28:15.527+0200: 88.858: [ParNew: 571270K->13741K(613440K), 0.0134687 secs] 589370K->31841K(2029056K), 0.0135383 secs] [Times: user=0.13 sys=0.00, real=0.01 secs] 
2020-09-29T18:28:15.589+0200: 88.920: [GC (Allocation Failure) 2020-09-29T18:28:15.589+0200: 88.920: [ParNew: 559085K->34064K(613440K), 0.0200261 secs] 577185K->52164K(2029056K), 0.0200943 secs] [Times: user=0.13 sys=0.00, real=0.02 secs] 
2020-09-29T18:28:15.670+0200: 89.001: [GC (Allocation Failure) 2020-09-29T18:28:15.670+0200: 89.001: [ParNew: 579408K->18992K(613440K), 0.0099157 secs] 597508K->37092K(2029056K), 0.0099815 secs] [Times: user=0.13 sys=0.00, real=0.01 secs] 
2020-09-29T18:28:15.776+0200: 89.107: [GC (Allocation Failure) 2020-09-29T18:28:15.776+0200: 89.107: [ParNew: 563581K->728K(613440K), 0.0019283 secs] 581682K->18828K(2029056K), 0.0019928 secs] [Times: user=0.00 sys=0.00, real=0.00 secs] 
2020-09-29T18:28:15.899+0200: 89.229: [GC (Allocation Failure) 2020-09-29T18:28:15.899+0200: 89.229: [ParNew: 546072K->12878K(613440K), 0.0143021 secs] 564172K->30978K(2029056K), 0.0143920 secs] [Times: user=0.13 sys=0.00, real=0.01 secs] 
2020-09-29T18:28:16.038+0200: 89.369: [GC (Allocation Failure) 2020-09-29T18:28:16.038+0200: 89.369: [ParNew: 558222K->17862K(613440K), 0.0130600 secs] 576322K->35962K(2029056K), 0.0131204 secs] [Times: user=0.13 sys=0.00, real=0.01 secs] 
2020-09-29T18:28:16.174+0200: 89.505: [GC (Allocation Failure) 2020-09-29T18:28:16.174+0200: 89.505: [ParNew: 563206K->11718K(613440K), 0.0117294 secs] 581306K->29819K(2029056K), 0.0117920 secs] [Times: user=0.13 sys=0.00, real=0.01 secs] 
2020-09-29T18:28:16.312+0200: 89.643: [GC (Allocation Failure) 2020-09-29T18:28:16.312+0200: 89.643: [ParNew: 557062K->8544K(613440K), 0.0109189 secs] 575163K->26644K(2029056K), 0.0109953 secs] [Times: user=0.13 sys=0.00, real=0.01 secs] 
2020-09-29T18:28:16.420+0200: 89.750: [GC (Allocation Failure) 2020-09-29T18:28:16.420+0200: 89.750: [ParNew: 553888K->7739K(613440K), 0.0070195 secs] 571988K->25840K(2029056K), 0.0070732 secs] [Times: user=0.00 sys=0.00, real=0.01 secs] 
2020-09-29T18:28:16.516+0200: 89.846: [GC (Allocation Failure) 2020-09-29T18:28:16.516+0200: 89.846: [ParNew: 553083K->5754K(613440K), 0.0057890 secs] 571184K->23855K(2029056K), 0.0058457 secs] [Times: user=0.11 sys=0.00, real=0.01 secs] 
2020-09-29T18:28:16.613+0200: 89.944: [GC (Allocation Failure) 2020-09-29T18:28:16.613+0200: 89.944: [ParNew: 551098K->3639K(613440K), 0.0050259 secs] 569199K->21739K(2029056K), 0.0051186 secs] [Times: user=0.11 sys=0.00, real=0.01 secs] 
2020-09-29T18:28:16.712+0200: 90.043: [GC (Allocation Failure) 2020-09-29T18:28:16.712+0200: 90.043: [ParNew: 548559K->74K(613440K), 0.0018730 secs] 566659K->18174K(2029056K), 0.0019253 secs] [Times: user=0.00 sys=0.00, real=0.00 secs] 
Heap
 par new generation   total 613440K, used 66233K [0x0000000080000000, 0x00000000a9990000, 0x00000000a9990000)
  eden space 545344K,  12% used [0x0000000080000000, 0x000000008409bfa8, 0x00000000a1490000)
  from space 68096K,   0% used [0x00000000a5710000, 0x00000000a5722840, 0x00000000a9990000)
  to   space 68096K,   0% used [0x00000000a1490000, 0x00000000a1490000, 0x00000000a5710000)
 concurrent mark-sweep generation total 1415616K, used 18100K [0x00000000a9990000, 0x0000000100000000, 0x0000000100000000)
 Metaspace       used 2594K, capacity 4486K, committed 4864K, reserved 1056768K
  class space    used 285K, capacity 386K, committed 512K, reserved 1048576K
