Java HotSpot(TM) 64-Bit Server VM (25.261-b12) for windows-amd64 JRE (1.8.0_261-b12), built on Jun 18 2020 06:56:32 by "" with unknown MS VC++:1916
Memory: 4k page, physical 16659684k(9548852k free), swap 23213284k(9209180k free)
CommandLine flags: -XX:InitialHeapSize=2147483648 -XX:MaxHeapSize=2147483648 -XX:+PrintGC -XX:+PrintGCDateStamps -XX:+PrintGCDetails -XX:+PrintGCTimeStamps -XX:+UseCompressedClassPointers -XX:+UseCompressedOops -XX:-UseLargePagesIndividualAllocation -XX:+UseParallelGC 
2020-09-29T17:58:45.550+0200: 0.250: [GC (Allocation Failure) [PSYoungGen: 524800K->24403K(611840K)] 524800K->24411K(2010112K), 0.0140724 secs] [Times: user=0.09 sys=0.03, real=0.01 secs] 
2020-09-29T17:58:45.612+0200: 0.312: [GC (Allocation Failure) [PSYoungGen: 549203K->27812K(611840K)] 549211K->27820K(2010112K), 0.0234555 secs] [Times: user=0.09 sys=0.02, real=0.02 secs] 
2020-09-29T17:58:45.681+0200: 0.381: [GC (Allocation Failure) [PSYoungGen: 552612K->60469K(611840K)] 552620K->60477K(2010112K), 0.0234486 secs] [Times: user=0.11 sys=0.02, real=0.02 secs] 
2020-09-29T17:58:45.750+0200: 0.451: [GC (Allocation Failure) [PSYoungGen: 585269K->38261K(611840K)] 585277K->38269K(2010112K), 0.0138543 secs] [Times: user=0.13 sys=0.00, real=0.01 secs] 
2020-09-29T17:58:45.810+0200: 0.511: [GC (Allocation Failure) [PSYoungGen: 563061K->42004K(611840K)] 563069K->42012K(2010112K), 0.0154275 secs] [Times: user=0.13 sys=0.00, real=0.02 secs] 
2020-09-29T17:58:45.870+0200: 0.571: [GC (Allocation Failure) [PSYoungGen: 566804K->33605K(644608K)] 566812K->33613K(2042880K), 0.0154574 secs] [Times: user=0.13 sys=0.00, real=0.02 secs] 
2020-09-29T17:58:45.938+0200: 0.639: [GC (Allocation Failure) [PSYoungGen: 622405K->47685K(636928K)] 622413K->48105K(2035200K), 0.0194758 secs] [Times: user=0.23 sys=0.02, real=0.02 secs] 
2020-09-29T17:58:46.009+0200: 0.710: [GC (Allocation Failure) [PSYoungGen: 636485K->48613K(637952K)] 636905K->49033K(2036224K), 0.0179802 secs] [Times: user=0.13 sys=0.00, real=0.02 secs] 
2020-09-29T17:58:46.077+0200: 0.778: [GC (Allocation Failure) [PSYoungGen: 629733K->28133K(609280K)] 630153K->28553K(2007552K), 0.0092637 secs] [Times: user=0.13 sys=0.00, real=0.01 secs] 
2020-09-29T17:58:46.142+0200: 0.843: [GC (Allocation Failure) [PSYoungGen: 609253K->34660K(641024K)] 609673K->35080K(2039296K), 0.0126905 secs] [Times: user=0.13 sys=0.00, real=0.01 secs] 
2020-09-29T17:58:46.208+0200: 0.909: [GC (Allocation Failure) [PSYoungGen: 616292K->42021K(639488K)] 616712K->42441K(2037760K), 0.0175136 secs] [Times: user=0.13 sys=0.00, real=0.02 secs] 
2020-09-29T17:58:46.278+0200: 0.979: [GC (Allocation Failure) [PSYoungGen: 623653K->20773K(638464K)] 624073K->21193K(2036736K), 0.0074457 secs] [Times: user=0.13 sys=0.00, real=0.01 secs] 
2020-09-29T17:58:46.336+0200: 1.037: [GC (Allocation Failure) [PSYoungGen: 601893K->27588K(640000K)] 602313K->28008K(2038272K), 0.0107178 secs] [Times: user=0.00 sys=0.00, real=0.01 secs] 
2020-09-29T17:58:46.401+0200: 1.102: [GC (Allocation Failure) [PSYoungGen: 608708K->34469K(642560K)] 609128K->34889K(2040832K), 0.0120243 secs] [Times: user=0.13 sys=0.00, real=0.01 secs] 
2020-09-29T17:58:46.465+0200: 1.166: [GC (Allocation Failure) [PSYoungGen: 619173K->31204K(641024K)] 619593K->31624K(2039296K), 0.0118589 secs] [Times: user=0.13 sys=0.00, real=0.01 secs] 
2020-09-29T17:58:46.531+0200: 1.232: [GC (Allocation Failure) [PSYoungGen: 615908K->26980K(644608K)] 616328K->27400K(2042880K), 0.0104258 secs] [Times: user=0.13 sys=0.00, real=0.01 secs] 
2020-09-29T17:58:46.600+0200: 1.301: [GC (Allocation Failure) [PSYoungGen: 616804K->40965K(644096K)] 617224K->41385K(2042368K), 0.0153071 secs] [Times: user=0.08 sys=0.00, real=0.02 secs] 
2020-09-29T17:58:46.669+0200: 1.370: [GC (Allocation Failure) [PSYoungGen: 630789K->28773K(644608K)] 631209K->29193K(2042880K), 0.0099499 secs] [Times: user=0.13 sys=0.00, real=0.01 secs] 
2020-09-29T17:58:46.730+0200: 1.431: [GC (Allocation Failure) [PSYoungGen: 618597K->16196K(606208K)] 619017K->16616K(2004480K), 0.0059711 secs] [Times: user=0.00 sys=0.00, real=0.01 secs] 
2020-09-29T17:58:46.800+0200: 1.501: [GC (Allocation Failure) [PSYoungGen: 606020K->31781K(645632K)] 606440K->32201K(2043904K), 0.0147370 secs] [Times: user=0.08 sys=0.00, real=0.02 secs] 
2020-09-29T17:58:46.871+0200: 1.572: [GC (Allocation Failure) [PSYoungGen: 622117K->31236K(643584K)] 622537K->31656K(2041856K), 0.0142297 secs] [Times: user=0.13 sys=0.00, real=0.01 secs] 
2020-09-29T17:58:46.939+0200: 1.640: [GC (Allocation Failure) [PSYoungGen: 621572K->32228K(649216K)] 621992K->32648K(2047488K), 0.0136843 secs] [Times: user=0.11 sys=0.00, real=0.01 secs] 
2020-09-29T17:58:47.006+0200: 1.707: [GC (Allocation Failure) [PSYoungGen: 630244K->26596K(647680K)] 630664K->27016K(2045952K), 0.0096667 secs] [Times: user=0.00 sys=0.00, real=0.01 secs] 
2020-09-29T17:58:47.066+0200: 1.767: [GC (Allocation Failure) [PSYoungGen: 624612K->36741K(649728K)] 625032K->37161K(2048000K), 0.0129725 secs] [Times: user=0.09 sys=0.01, real=0.01 secs] 
2020-09-29T17:58:47.131+0200: 1.832: [GC (Allocation Failure) [PSYoungGen: 637317K->49125K(649728K)] 637737K->49729K(2048000K), 0.0174342 secs] [Times: user=0.13 sys=0.00, real=0.02 secs] 
2020-09-29T17:58:47.202+0200: 1.903: [GC (Allocation Failure) [PSYoungGen: 649701K->34372K(644608K)] 650305K->34976K(2042880K), 0.0168241 secs] [Times: user=0.09 sys=0.00, real=0.02 secs] 
2020-09-29T17:58:47.274+0200: 1.974: [GC (Allocation Failure) [PSYoungGen: 629828K->27940K(647168K)] 630432K->28544K(2045440K), 0.0104469 secs] [Times: user=0.00 sys=0.00, real=0.01 secs] 
2020-09-29T17:58:47.342+0200: 2.042: [GC (Allocation Failure) [PSYoungGen: 623396K->49157K(639488K)] 624000K->49761K(2037760K), 0.0160700 secs] [Times: user=0.13 sys=0.00, real=0.02 secs] 
2020-09-29T17:58:47.412+0200: 2.113: [GC (Allocation Failure) [PSYoungGen: 637445K->34308K(643584K)] 638049K->34912K(2041856K), 0.0136158 secs] [Times: user=0.00 sys=0.00, real=0.01 secs] 
2020-09-29T17:58:47.478+0200: 2.178: [GC (Allocation Failure) [PSYoungGen: 622596K->48389K(639488K)] 623200K->48993K(2037760K), 0.0163128 secs] [Times: user=0.13 sys=0.00, real=0.02 secs] 
2020-09-29T17:58:47.545+0200: 2.246: [GC (Allocation Failure) [PSYoungGen: 634629K->31652K(642560K)] 635233K->32256K(2040832K), 0.0109508 secs] [Times: user=0.13 sys=0.00, real=0.01 secs] 
2020-09-29T17:58:47.611+0200: 2.311: [GC (Allocation Failure) [PSYoungGen: 617892K->55269K(631296K)] 618496K->57889K(2029568K), 0.0213087 secs] [Times: user=0.20 sys=0.01, real=0.02 secs] 
2020-09-29T17:58:47.682+0200: 2.382: [GC (Allocation Failure) [PSYoungGen: 631269K->31781K(637440K)] 633889K->34401K(2035712K), 0.0104584 secs] [Times: user=0.13 sys=0.00, real=0.01 secs] 
2020-09-29T17:58:47.748+0200: 2.448: [GC (Allocation Failure) [PSYoungGen: 607781K->45604K(636928K)] 610401K->48224K(2035200K), 0.0158730 secs] [Times: user=0.13 sys=0.00, real=0.02 secs] 
2020-09-29T17:58:47.815+0200: 2.515: [GC (Allocation Failure) [PSYoungGen: 622628K->34052K(637952K)] 625248K->36672K(2036224K), 0.0124456 secs] [Times: user=0.13 sys=0.00, real=0.01 secs] 
2020-09-29T17:58:47.878+0200: 2.578: [GC (Allocation Failure) [PSYoungGen: 611076K->36933K(641536K)] 613696K->39553K(2039808K), 0.0131868 secs] [Times: user=0.13 sys=0.00, real=0.01 secs] 
2020-09-29T17:58:47.942+0200: 2.642: [GC (Allocation Failure) [PSYoungGen: 619077K->44805K(639488K)] 621697K->47425K(2037760K), 0.0161377 secs] [Times: user=0.13 sys=0.00, real=0.02 secs] 
2020-09-29T17:58:48.008+0200: 2.708: [GC (Allocation Failure) [PSYoungGen: 626949K->35620K(642560K)] 629569K->38240K(2040832K), 0.0131669 secs] [Times: user=0.13 sys=0.00, real=0.01 secs] 
2020-09-29T17:58:48.072+0200: 2.772: [GC (Allocation Failure) [PSYoungGen: 620324K->46117K(641024K)] 622944K->48737K(2039296K), 0.0157462 secs] [Times: user=0.13 sys=0.00, real=0.02 secs] 
2020-09-29T17:58:48.138+0200: 2.838: [GC (Allocation Failure) [PSYoungGen: 630821K->41220K(642048K)] 633441K->43840K(2040320K), 0.0150747 secs] [Times: user=0.13 sys=0.00, real=0.02 secs] 
2020-09-29T17:58:48.208+0200: 2.908: [GC (Allocation Failure) [PSYoungGen: 625412K->22371K(641024K)] 628032K->24991K(2039296K), 0.0124612 secs] [Times: user=0.00 sys=0.00, real=0.01 secs] 
2020-09-29T17:58:48.272+0200: 2.972: [GC (Allocation Failure) [PSYoungGen: 606563K->46053K(638976K)] 609183K->48673K(2037248K), 0.0159148 secs] [Times: user=0.13 sys=0.00, real=0.02 secs] 
2020-09-29T17:58:48.338+0200: 3.038: [GC (Allocation Failure) [PSYoungGen: 627173K->39012K(640000K)] 629793K->41632K(2038272K), 0.0143394 secs] [Times: user=0.13 sys=0.00, real=0.01 secs] 
2020-09-29T17:58:48.406+0200: 3.106: [GC (Allocation Failure) [PSYoungGen: 620132K->32197K(642560K)] 622752K->34817K(2040832K), 0.0127513 secs] [Times: user=0.11 sys=0.00, real=0.01 secs] 
2020-09-29T17:58:48.472+0200: 3.172: [GC (Allocation Failure) [PSYoungGen: 617413K->29509K(641536K)] 620033K->32129K(2039808K), 0.0099619 secs] [Times: user=0.13 sys=0.00, real=0.01 secs] 
2020-09-29T17:58:48.537+0200: 3.237: [GC (Allocation Failure) [PSYoungGen: 614725K->25860K(643072K)] 617345K->28480K(2041344K), 0.0096110 secs] [Times: user=0.00 sys=0.00, real=0.01 secs] 
2020-09-29T17:58:48.599+0200: 3.299: [GC (Allocation Failure) [PSYoungGen: 613124K->23460K(610816K)] 615744K->26080K(2009088K), 0.0088659 secs] [Times: user=0.00 sys=0.00, real=0.01 secs] 
2020-09-29T17:58:48.663+0200: 3.363: [GC (Allocation Failure) [PSYoungGen: 610724K->36453K(644096K)] 613344K->39073K(2042368K), 0.0122561 secs] [Times: user=0.00 sys=0.00, real=0.01 secs] 
2020-09-29T17:58:48.730+0200: 3.430: [GC (Allocation Failure) [PSYoungGen: 624229K->50053K(637952K)] 626849K->52673K(2036224K), 0.0171502 secs] [Times: user=0.13 sys=0.00, real=0.02 secs] 
2020-09-29T17:58:48.799+0200: 3.499: [GC (Allocation Failure) [PSYoungGen: 637829K->36197K(642560K)] 640449K->38817K(2040832K), 0.0131100 secs] [Times: user=0.13 sys=0.00, real=0.01 secs] 
2020-09-29T17:58:48.863+0200: 3.563: [GC (Allocation Failure) [PSYoungGen: 620389K->32549K(640512K)] 623009K->35169K(2038784K), 0.0116034 secs] [Times: user=0.13 sys=0.00, real=0.02 secs] 
2020-09-29T17:58:48.932+0200: 3.632: [GC (Allocation Failure) [PSYoungGen: 616741K->27460K(644608K)] 619361K->30080K(2042880K), 0.0095702 secs] [Times: user=0.00 sys=0.00, real=0.01 secs] 
2020-09-29T17:58:48.993+0200: 3.693: [GC (Allocation Failure) [PSYoungGen: 617284K->23970K(644096K)] 619904K->26590K(2042368K), 0.0103366 secs] [Times: user=0.00 sys=0.00, real=0.01 secs] 
2020-09-29T17:58:49.053+0200: 3.753: [GC (Allocation Failure) [PSYoungGen: 613794K->22371K(644608K)] 616414K->24991K(2042880K), 0.0092416 secs] [Times: user=0.00 sys=0.00, real=0.01 secs] 
2020-09-29T17:58:49.112+0200: 3.813: [GC (Allocation Failure) [PSYoungGen: 612707K->22148K(644608K)] 615327K->24768K(2042880K), 0.0086089 secs] [Times: user=0.13 sys=0.00, real=0.01 secs] 
2020-09-29T17:58:49.177+0200: 3.877: [GC (Allocation Failure) [PSYoungGen: 612484K->37604K(645120K)] 615104K->40224K(2043392K), 0.0137083 secs] [Times: user=0.00 sys=0.00, real=0.01 secs] 
2020-09-29T17:58:49.244+0200: 3.944: [GC (Allocation Failure) [PSYoungGen: 628452K->40389K(631296K)] 631072K->43009K(2029568K), 0.0133302 secs] [Times: user=0.13 sys=0.00, real=0.01 secs] 
2020-09-29T17:58:49.308+0200: 4.009: [GC (Allocation Failure) [PSYoungGen: 631237K->27812K(645120K)] 633857K->30432K(2043392K), 0.0105141 secs] [Times: user=0.13 sys=0.00, real=0.01 secs] 
2020-09-29T17:58:49.373+0200: 4.073: [GC (Allocation Failure) [PSYoungGen: 618148K->27779K(644096K)] 620768K->30399K(2042368K), 0.0111518 secs] [Times: user=0.13 sys=0.00, real=0.01 secs] 
2020-09-29T17:58:49.442+0200: 4.143: [GC (Allocation Failure) [PSYoungGen: 618115K->43845K(641536K)] 620735K->46465K(2039808K), 0.0143162 secs] [Times: user=0.00 sys=0.00, real=0.02 secs] 
2020-09-29T17:58:49.510+0200: 4.211: [GC (Allocation Failure) [PSYoungGen: 633157K->45253K(634880K)] 635777K->47873K(2033152K), 0.0150858 secs] [Times: user=0.13 sys=0.00, real=0.02 secs] 
2020-09-29T17:58:49.578+0200: 4.279: [GC (Allocation Failure) [PSYoungGen: 634565K->32516K(643584K)] 637185K->35136K(2041856K), 0.0130829 secs] [Times: user=0.11 sys=0.00, real=0.01 secs] 
2020-09-29T17:58:49.649+0200: 4.350: [GC (Allocation Failure) [PSYoungGen: 619268K->31301K(642048K)] 621888K->33921K(2040320K), 0.0112789 secs] [Times: user=0.00 sys=0.00, real=0.01 secs] 
2020-09-29T17:58:49.718+0200: 4.418: [GC (Allocation Failure) [PSYoungGen: 618053K->43813K(642048K)] 620673K->46433K(2040320K), 0.0176490 secs] [Times: user=0.11 sys=0.00, real=0.02 secs] 
2020-09-29T17:58:49.789+0200: 4.490: [GC (Allocation Failure) [PSYoungGen: 632101K->27523K(643584K)] 634721K->30143K(2041856K), 0.0141350 secs] [Times: user=0.13 sys=0.00, real=0.01 secs] 
2020-09-29T17:58:49.858+0200: 4.558: [GC (Allocation Failure) [PSYoungGen: 615811K->41028K(643072K)] 618431K->43648K(2041344K), 0.0161100 secs] [Times: user=0.08 sys=0.00, real=0.02 secs] 
2020-09-29T17:58:49.926+0200: 4.626: [GC (Allocation Failure) [PSYoungGen: 629316K->12003K(600576K)] 631936K->14623K(1998848K), 0.0048467 secs] [Times: user=0.13 sys=0.00, real=0.00 secs] 
2020-09-29T17:58:49.985+0200: 4.685: [GC (Allocation Failure) [PSYoungGen: 600291K->23395K(642560K)] 602911K->26015K(2040832K), 0.0098485 secs] [Times: user=0.13 sys=0.00, real=0.01 secs] 
2020-09-29T17:58:50.047+0200: 4.747: [GC (Allocation Failure) [PSYoungGen: 609123K->33284K(642048K)] 611743K->35904K(2040320K), 0.0145824 secs] [Times: user=0.11 sys=0.00, real=0.01 secs] 
2020-09-29T17:58:50.116+0200: 4.817: [GC (Allocation Failure) [PSYoungGen: 619012K->44805K(639488K)] 621632K->47425K(2037760K), 0.0170921 secs] [Times: user=0.13 sys=0.00, real=0.02 secs] 
2020-09-29T17:58:50.188+0200: 4.888: [GC (Allocation Failure) [PSYoungGen: 630021K->42085K(627712K)] 632641K->44705K(2025984K), 0.0178269 secs] [Times: user=0.11 sys=0.00, real=0.02 secs] 
2020-09-29T17:58:50.263+0200: 4.963: [GC (Allocation Failure) [PSYoungGen: 627301K->53093K(631808K)] 629921K->55713K(2030080K), 0.0174564 secs] [Times: user=0.13 sys=0.00, real=0.02 secs] 
2020-09-29T17:58:50.330+0200: 5.030: [GC (Allocation Failure) [PSYoungGen: 627045K->9507K(583680K)] 629665K->12127K(1981952K), 0.0043474 secs] [Times: user=0.13 sys=0.00, real=0.00 secs] 
2020-09-29T17:58:50.383+0200: 5.084: [GC (Allocation Failure) [PSYoungGen: 583459K->50181K(628224K)] 586079K->52801K(2026496K), 0.0169167 secs] [Times: user=0.13 sys=0.00, real=0.02 secs] 
2020-09-29T17:58:50.449+0200: 5.149: [GC (Allocation Failure) [PSYoungGen: 613893K->36548K(631296K)] 616513K->39168K(2029568K), 0.0132430 secs] [Times: user=0.13 sys=0.00, real=0.01 secs] 
2020-09-29T17:58:50.513+0200: 5.213: [GC (Allocation Failure) [PSYoungGen: 600260K->39685K(635392K)] 602880K->42305K(2033664K), 0.0143637 secs] [Times: user=0.13 sys=0.00, real=0.01 secs] 
2020-09-29T17:58:50.580+0200: 5.281: [GC (Allocation Failure) [PSYoungGen: 610053K->33379K(633856K)] 612673K->35999K(2032128K), 0.0140260 secs] [Times: user=0.11 sys=0.00, real=0.01 secs] 
2020-09-29T17:58:50.644+0200: 5.345: [GC (Allocation Failure) [PSYoungGen: 603747K->13283K(635392K)] 606367K->15903K(2033664K), 0.0060187 secs] [Times: user=0.13 sys=0.00, real=0.01 secs] 
2020-09-29T17:58:50.700+0200: 5.401: [GC (Allocation Failure) [PSYoungGen: 587235K->26180K(636416K)] 589855K->28800K(2034688K), 0.0093223 secs] [Times: user=0.13 sys=0.00, real=0.01 secs] 
2020-09-29T17:58:50.760+0200: 5.461: [GC (Allocation Failure) [PSYoungGen: 600132K->39332K(638464K)] 602752K->41952K(2036736K), 0.0143983 secs] [Times: user=0.13 sys=0.00, real=0.02 secs] 
2020-09-29T17:58:50.824+0200: 5.525: [GC (Allocation Failure) [PSYoungGen: 616868K->42629K(620544K)] 619488K->45249K(2018816K), 0.0147335 secs] [Times: user=0.13 sys=0.00, real=0.02 secs] 
2020-09-29T17:58:50.889+0200: 5.590: [GC (Allocation Failure) [PSYoungGen: 620165K->45092K(635392K)] 622785K->47712K(2033664K), 0.0161388 secs] [Times: user=0.13 sys=0.00, real=0.02 secs] 
2020-09-29T17:58:50.954+0200: 5.655: [GC (Allocation Failure) [PSYoungGen: 619044K->15875K(590336K)] 621664K->18495K(1988608K), 0.0066992 secs] [Times: user=0.13 sys=0.00, real=0.01 secs] 
2020-09-29T17:58:51.011+0200: 5.711: [GC (Allocation Failure) [PSYoungGen: 589827K->28004K(637952K)] 592447K->30624K(2036224K), 0.0104444 secs] [Times: user=0.13 sys=0.00, real=0.01 secs] 
2020-09-29T17:58:51.073+0200: 5.773: [GC (Allocation Failure) [PSYoungGen: 602980K->56037K(631296K)] 605600K->58657K(2029568K), 0.0187059 secs] [Times: user=0.13 sys=0.00, real=0.02 secs] 
2020-09-29T17:58:51.143+0200: 5.844: [GC (Allocation Failure) [PSYoungGen: 631013K->24516K(633344K)] 633633K->27136K(2031616K), 0.0096452 secs] [Times: user=0.13 sys=0.00, real=0.01 secs] 
2020-09-29T17:58:51.203+0200: 5.904: [GC (Allocation Failure) [PSYoungGen: 590788K->42980K(631808K)] 593408K->45600K(2030080K), 0.0198798 secs] [Times: user=0.22 sys=0.00, real=0.02 secs] 
2020-09-29T17:58:51.273+0200: 5.974: [GC (Allocation Failure) [PSYoungGen: 609252K->34949K(636416K)] 611872K->37569K(2034688K), 0.0119282 secs] [Times: user=0.00 sys=0.00, real=0.01 secs] 
2020-09-29T17:58:51.335+0200: 6.035: [GC (Allocation Failure) [PSYoungGen: 605829K->29893K(633344K)] 608449K->32513K(2031616K), 0.0105622 secs] [Times: user=0.00 sys=0.00, real=0.01 secs] 
2020-09-29T17:58:51.400+0200: 6.101: [GC (Allocation Failure) [PSYoungGen: 600773K->38884K(638976K)] 603393K->41504K(2037248K), 0.0139469 secs] [Times: user=0.13 sys=0.00, real=0.01 secs] 
2020-09-29T17:58:51.464+0200: 6.164: [GC (Allocation Failure) [PSYoungGen: 616932K->42693K(637952K)] 619552K->45313K(2036224K), 0.0159582 secs] [Times: user=0.13 sys=0.00, real=0.02 secs] 
2020-09-29T17:58:51.533+0200: 6.233: [GC (Allocation Failure) [PSYoungGen: 620741K->32709K(640512K)] 623361K->35329K(2038784K), 0.0117940 secs] [Times: user=0.13 sys=0.00, real=0.01 secs] 
2020-09-29T17:58:51.596+0200: 6.297: [GC (Allocation Failure) [PSYoungGen: 612805K->52293K(632832K)] 615425K->54913K(2031104K), 0.0231161 secs] [Times: user=0.11 sys=0.00, real=0.02 secs] 
2020-09-29T17:58:51.671+0200: 6.371: [GC (Allocation Failure) [PSYoungGen: 632389K->30020K(637952K)] 635009K->32640K(2036224K), 0.0108589 secs] [Times: user=0.13 sys=0.00, real=0.01 secs] 
2020-09-29T17:58:51.734+0200: 6.434: [GC (Allocation Failure) [PSYoungGen: 605508K->29477K(636416K)] 608128K->32097K(2034688K), 0.0101498 secs] [Times: user=0.13 sys=0.00, real=0.01 secs] 
2020-09-29T17:58:51.793+0200: 6.494: [GC (Allocation Failure) [PSYoungGen: 604965K->15138K(636928K)] 607585K->17758K(2035200K), 0.0074830 secs] [Times: user=0.13 sys=0.00, real=0.01 secs] 
2020-09-29T17:58:51.851+0200: 6.551: [GC (Allocation Failure) [PSYoungGen: 592162K->45317K(622592K)] 594782K->47937K(2020864K), 0.0152563 secs] [Times: user=0.13 sys=0.00, real=0.01 secs] 
2020-09-29T17:58:51.917+0200: 6.618: [GC (Allocation Failure) [PSYoungGen: 622341K->48133K(632320K)] 624961K->50753K(2030592K), 0.0166512 secs] [Times: user=0.13 sys=0.00, real=0.02 secs] 
2020-09-29T17:58:51.986+0200: 6.686: [GC (Allocation Failure) [PSYoungGen: 617989K->29796K(634368K)] 620609K->32416K(2032640K), 0.0120609 secs] [Times: user=0.13 sys=0.00, real=0.01 secs] 
2020-09-29T17:58:52.047+0200: 6.748: [GC (Allocation Failure) [PSYoungGen: 599652K->39109K(637440K)] 602272K->41729K(2035712K), 0.0136157 secs] [Times: user=0.13 sys=0.00, real=0.01 secs] 
2020-09-29T17:58:52.110+0200: 6.811: [GC (Allocation Failure) [PSYoungGen: 613573K->25637K(635904K)] 616193K->28257K(2034176K), 0.0091776 secs] [Times: user=0.13 sys=0.00, real=0.01 secs] 
2020-09-29T17:58:52.178+0200: 6.879: [GC (Allocation Failure) [PSYoungGen: 600101K->8386K(634880K)] 602721K->11006K(2033152K), 0.0048205 secs] [Times: user=0.00 sys=0.00, real=0.01 secs] 
2020-09-29T17:58:52.238+0200: 6.938: [GC (Allocation Failure) [PSYoungGen: 582338K->49157K(623616K)] 584958K->51777K(2021888K), 0.0165626 secs] [Times: user=0.13 sys=0.00, real=0.02 secs] 
2020-09-29T17:58:52.308+0200: 7.008: [GC (Allocation Failure) [PSYoungGen: 623109K->34756K(635904K)] 625729K->37376K(2034176K), 0.0129928 secs] [Times: user=0.13 sys=0.00, real=0.01 secs] 
2020-09-29T17:58:52.370+0200: 7.071: [GC (Allocation Failure) [PSYoungGen: 604612K->29635K(632832K)] 607232K->32255K(2031104K), 0.0119406 secs] [Times: user=0.13 sys=0.00, real=0.01 secs] 
2020-09-29T17:58:52.431+0200: 7.132: [GC (Allocation Failure) [PSYoungGen: 599491K->38917K(638464K)] 602111K->41537K(2036736K), 0.0130573 secs] [Times: user=0.13 sys=0.00, real=0.01 secs] 
2020-09-29T17:58:52.495+0200: 7.196: [GC (Allocation Failure) [PSYoungGen: 616453K->42277K(637952K)] 619073K->44897K(2036224K), 0.0147056 secs] [Times: user=0.13 sys=0.00, real=0.02 secs] 
2020-09-29T17:58:52.563+0200: 7.263: [GC (Allocation Failure) [PSYoungGen: 619813K->28548K(639488K)] 622433K->31168K(2037760K), 0.0138556 secs] [Times: user=0.11 sys=0.00, real=0.01 secs] 
2020-09-29T17:58:52.629+0200: 7.330: [GC (Allocation Failure) [PSYoungGen: 607620K->31524K(638464K)] 610240K->34144K(2036736K), 0.0116848 secs] [Times: user=0.08 sys=0.00, real=0.01 secs] 
2020-09-29T17:58:52.694+0200: 7.395: [GC (Allocation Failure) [PSYoungGen: 610596K->50021K(634368K)] 613216K->52641K(2032640K), 0.0163194 secs] [Times: user=0.13 sys=0.00, real=0.02 secs] 
2020-09-29T17:58:52.762+0200: 7.463: [GC (Allocation Failure) [PSYoungGen: 627045K->24867K(637952K)] 629665K->27487K(2036224K), 0.0096463 secs] [Times: user=0.13 sys=0.00, real=0.01 secs] 
2020-09-29T17:58:52.822+0200: 7.523: [GC (Allocation Failure) [PSYoungGen: 601891K->12514K(635904K)] 604511K->15134K(2034176K), 0.0057581 secs] [Times: user=0.00 sys=0.00, real=0.01 secs] 
2020-09-29T17:58:52.892+0200: 7.593: [GC (Allocation Failure) [PSYoungGen: 588514K->40516K(637440K)] 591134K->43136K(2035712K), 0.0146371 secs] [Times: user=0.13 sys=0.00, real=0.02 secs] 
2020-09-29T17:58:52.957+0200: 7.657: [GC (Allocation Failure) [PSYoungGen: 616516K->40932K(637440K)] 619136K->43552K(2035712K), 0.0365779 secs] [Times: user=0.25 sys=0.00, real=0.04 secs] 
2020-09-29T17:58:53.043+0200: 7.744: [GC (Allocation Failure) [PSYoungGen: 616932K->28613K(637440K)] 619552K->31233K(2035712K), 0.0100059 secs] [Times: user=0.13 sys=0.00, real=0.01 secs] 
2020-09-29T17:58:53.109+0200: 7.810: [GC (Allocation Failure) [PSYoungGen: 604613K->27235K(640512K)] 607233K->29855K(2038784K), 0.0109536 secs] [Times: user=0.13 sys=0.00, real=0.01 secs] 
2020-09-29T17:58:53.172+0200: 7.873: [GC (Allocation Failure) [PSYoungGen: 607843K->31139K(638976K)] 610463K->33759K(2037248K), 0.0116143 secs] [Times: user=0.13 sys=0.00, real=0.01 secs] 
2020-09-29T17:58:53.238+0200: 7.939: [GC (Allocation Failure) [PSYoungGen: 611747K->37541K(643584K)] 614367K->40161K(2041856K), 0.0135313 secs] [Times: user=0.13 sys=0.00, real=0.01 secs] 
2020-09-29T17:58:53.306+0200: 8.007: [GC (Allocation Failure) [PSYoungGen: 625317K->36228K(643072K)] 627937K->38848K(2041344K), 0.0137616 secs] [Times: user=0.13 sys=0.00, real=0.01 secs] 
2020-09-29T17:58:53.370+0200: 8.071: [GC (Allocation Failure) [PSYoungGen: 624004K->36069K(645632K)] 626624K->38689K(2043904K), 0.0125438 secs] [Times: user=0.13 sys=0.00, real=0.01 secs] 
2020-09-29T17:58:53.435+0200: 8.136: [GC (Allocation Failure) [PSYoungGen: 627429K->38085K(644608K)] 630049K->40705K(2042880K), 0.0137661 secs] [Times: user=0.13 sys=0.00, real=0.01 secs] 
2020-09-29T17:58:53.501+0200: 8.202: [GC (Allocation Failure) [PSYoungGen: 629445K->41509K(644608K)] 632065K->44129K(2042880K), 0.0157246 secs] [Times: user=0.13 sys=0.00, real=0.02 secs] 
2020-09-29T17:58:53.571+0200: 8.272: [GC (Allocation Failure) [PSYoungGen: 632869K->44933K(636416K)] 635489K->47553K(2034688K), 0.0171628 secs] [Times: user=0.11 sys=0.00, real=0.02 secs] 
2020-09-29T17:58:53.642+0200: 8.343: [GC (Allocation Failure) [PSYoungGen: 636293K->34693K(645120K)] 638913K->37313K(2043392K), 0.0124205 secs] [Times: user=0.11 sys=0.00, real=0.01 secs] 
2020-09-29T17:58:53.707+0200: 8.408: [GC (Allocation Failure) [PSYoungGen: 624005K->49829K(639488K)] 626625K->52449K(2037760K), 0.0168520 secs] [Times: user=0.13 sys=0.00, real=0.02 secs] 
2020-09-29T17:58:53.776+0200: 8.477: [GC (Allocation Failure) [PSYoungGen: 639141K->37220K(643584K)] 641761K->39840K(2041856K), 0.0147035 secs] [Times: user=0.11 sys=0.00, real=0.01 secs] 
2020-09-29T17:58:53.841+0200: 8.542: [GC (Allocation Failure) [PSYoungGen: 623460K->35557K(641536K)] 626080K->38177K(2039808K), 0.0118645 secs] [Times: user=0.13 sys=0.00, real=0.01 secs] 
2020-09-29T17:58:53.909+0200: 8.609: [GC (Allocation Failure) [PSYoungGen: 621797K->47396K(640000K)] 624417K->50016K(2038272K), 0.0169496 secs] [Times: user=0.11 sys=0.00, real=0.02 secs] 
2020-09-29T17:58:53.976+0200: 8.676: [GC (Allocation Failure) [PSYoungGen: 633636K->45669K(632320K)] 636256K->48289K(2030592K), 0.0152295 secs] [Times: user=0.13 sys=0.00, real=0.01 secs] 
2020-09-29T17:58:54.042+0200: 8.742: [GC (Allocation Failure) [PSYoungGen: 631909K->30276K(642048K)] 634529K->32896K(2040320K), 0.0118464 secs] [Times: user=0.11 sys=0.00, real=0.01 secs] 
2020-09-29T17:58:54.107+0200: 8.807: [GC (Allocation Failure) [PSYoungGen: 614980K->40677K(641536K)] 617600K->43297K(2039808K), 0.0141256 secs] [Times: user=0.13 sys=0.00, real=0.01 secs] 
2020-09-29T17:58:54.173+0200: 8.873: [GC (Allocation Failure) [PSYoungGen: 625381K->37477K(644608K)] 628001K->40097K(2042880K), 0.0150462 secs] [Times: user=0.13 sys=0.00, real=0.01 secs] 
2020-09-29T17:58:54.242+0200: 8.942: [GC (Allocation Failure) [PSYoungGen: 626277K->36485K(643072K)] 628897K->39105K(2041344K), 0.0129890 secs] [Times: user=0.13 sys=0.00, real=0.01 secs] 
2020-09-29T17:58:54.307+0200: 9.007: [GC (Allocation Failure) [PSYoungGen: 625285K->49348K(640000K)] 627905K->51968K(2038272K), 0.0176575 secs] [Times: user=0.13 sys=0.00, real=0.02 secs] 
2020-09-29T17:58:54.375+0200: 9.075: [GC (Allocation Failure) [PSYoungGen: 636612K->19940K(607232K)] 639232K->22560K(2005504K), 0.0074485 secs] [Times: user=0.13 sys=0.00, real=0.01 secs] 
2020-09-29T17:58:54.432+0200: 9.133: [GC (Allocation Failure) [PSYoungGen: 607204K->46725K(638464K)] 609824K->49345K(2036736K), 0.0154826 secs] [Times: user=0.13 sys=0.00, real=0.02 secs] 
2020-09-29T17:58:54.502+0200: 9.203: [GC (Allocation Failure) [PSYoungGen: 627845K->39909K(640000K)] 630465K->42529K(2038272K), 0.0160520 secs] [Times: user=0.09 sys=0.00, real=0.02 secs] 
2020-09-29T17:58:54.572+0200: 9.273: [GC (Allocation Failure) [PSYoungGen: 621029K->32004K(642048K)] 623649K->34624K(2040320K), 0.0146496 secs] [Times: user=0.11 sys=0.00, real=0.01 secs] 
2020-09-29T17:58:54.643+0200: 9.344: [GC (Allocation Failure) [PSYoungGen: 616708K->42212K(641536K)] 619328K->44832K(2039808K), 0.0198310 secs] [Times: user=0.22 sys=0.00, real=0.02 secs] 
2020-09-29T17:58:54.717+0200: 9.417: [GC (Allocation Failure) [PSYoungGen: 626916K->38981K(644096K)] 629536K->41601K(2042368K), 0.0137275 secs] [Times: user=0.13 sys=0.00, real=0.01 secs] 
2020-09-29T17:58:54.782+0200: 9.482: [GC (Allocation Failure) [PSYoungGen: 626757K->38885K(642560K)] 629377K->41505K(2040832K), 0.0144715 secs] [Times: user=0.13 sys=0.00, real=0.01 secs] 
2020-09-29T17:58:54.847+0200: 9.548: [GC (Allocation Failure) [PSYoungGen: 626661K->52357K(637952K)] 629281K->54977K(2036224K), 0.0172905 secs] [Times: user=0.25 sys=0.00, real=0.02 secs] 
2020-09-29T17:58:54.915+0200: 9.615: [GC (Allocation Failure) [PSYoungGen: 636549K->35045K(641536K)] 639169K->37665K(2039808K), 0.0119872 secs] [Times: user=0.13 sys=0.00, real=0.01 secs] 
2020-09-29T17:58:54.978+0200: 9.678: [GC (Allocation Failure) [PSYoungGen: 619237K->29029K(642560K)] 621857K->31649K(2040832K), 0.0099754 secs] [Times: user=0.00 sys=0.00, real=0.01 secs] 
2020-09-29T17:58:55.039+0200: 9.739: [GC (Allocation Failure) [PSYoungGen: 615269K->25187K(611840K)] 617889K->27807K(2010112K), 0.0105728 secs] [Times: user=0.00 sys=0.00, real=0.01 secs] 
2020-09-29T17:58:55.101+0200: 9.801: [GC (Allocation Failure) [PSYoungGen: 611427K->36516K(644096K)] 614047K->39136K(2042368K), 0.0132435 secs] [Times: user=0.13 sys=0.00, real=0.01 secs] 
2020-09-29T17:58:55.166+0200: 9.866: [GC (Allocation Failure) [PSYoungGen: 623780K->49605K(636928K)] 626400K->52225K(2035200K), 0.0160486 secs] [Times: user=0.13 sys=0.00, real=0.02 secs] 
2020-09-29T17:58:55.235+0200: 9.936: [GC (Allocation Failure) [PSYoungGen: 636869K->18532K(637952K)] 639489K->21152K(2036224K), 0.0071498 secs] [Times: user=0.13 sys=0.00, real=0.01 secs] 
2020-09-29T17:58:55.294+0200: 9.995: [GC (Allocation Failure) [PSYoungGen: 598628K->38053K(639488K)] 601248K->40673K(2037760K), 0.0138967 secs] [Times: user=0.13 sys=0.00, real=0.01 secs] 
2020-09-29T17:58:55.358+0200: 10.059: [GC (Allocation Failure) [PSYoungGen: 618149K->42948K(641024K)] 620769K->45568K(2039296K), 0.0153064 secs] [Times: user=0.13 sys=0.00, real=0.02 secs] 
2020-09-29T17:58:55.425+0200: 10.126: [GC (Allocation Failure) [PSYoungGen: 626116K->51813K(635392K)] 628736K->54433K(2033664K), 0.0173549 secs] [Times: user=0.25 sys=0.00, real=0.02 secs] 
2020-09-29T17:58:55.492+0200: 10.193: [GC (Allocation Failure) [PSYoungGen: 634981K->33189K(638976K)] 637601K->35809K(2037248K), 0.0114939 secs] [Times: user=0.00 sys=0.00, real=0.01 secs] 
2020-09-29T17:58:55.554+0200: 10.254: [GC (Allocation Failure) [PSYoungGen: 610725K->36581K(637440K)] 613345K->39201K(2035712K), 0.0123686 secs] [Times: user=0.00 sys=0.00, real=0.01 secs] 
2020-09-29T17:58:55.618+0200: 10.319: [GC (Allocation Failure) [PSYoungGen: 614117K->25156K(640000K)] 616737K->27776K(2038272K), 0.0105528 secs] [Times: user=0.00 sys=0.00, real=0.01 secs] 
2020-09-29T17:58:55.680+0200: 10.381: [GC (Allocation Failure) [PSYoungGen: 607300K->27748K(640512K)] 609920K->30368K(2038784K), 0.0126595 secs] [Times: user=0.13 sys=0.00, real=0.01 secs] 
2020-09-29T17:58:55.744+0200: 10.445: [GC (Allocation Failure) [PSYoungGen: 609892K->35460K(643584K)] 612512K->38080K(2041856K), 0.0130212 secs] [Times: user=0.13 sys=0.00, real=0.01 secs] 
2020-09-29T17:58:55.808+0200: 10.509: [GC (Allocation Failure) [PSYoungGen: 621700K->47461K(633856K)] 624320K->50081K(2032128K), 0.0156952 secs] [Times: user=0.13 sys=0.00, real=0.02 secs] 
2020-09-29T17:58:55.877+0200: 10.578: [GC (Allocation Failure) [PSYoungGen: 633701K->29027K(641536K)] 636321K->31647K(2039808K), 0.0112441 secs] [Times: user=0.13 sys=0.00, real=0.01 secs] 
2020-09-29T17:58:55.938+0200: 10.639: [GC (Allocation Failure) [PSYoungGen: 612707K->38565K(641024K)] 615327K->41185K(2039296K), 0.0131680 secs] [Times: user=0.13 sys=0.00, real=0.01 secs] 
2020-09-29T17:58:56.003+0200: 10.704: [GC (Allocation Failure) [PSYoungGen: 622245K->47909K(637952K)] 624865K->50529K(2036224K), 0.0160741 secs] [Times: user=0.13 sys=0.00, real=0.02 secs] 
2020-09-29T17:58:56.069+0200: 10.770: [GC (Allocation Failure) [PSYoungGen: 630053K->28164K(640512K)] 632673K->30784K(2038784K), 0.0105575 secs] [Times: user=0.00 sys=0.00, real=0.01 secs] 
2020-09-29T17:58:56.138+0200: 10.839: [GC (Allocation Failure) [PSYoungGen: 610308K->48164K(636928K)] 612928K->50784K(2035200K), 0.0168525 secs] [Times: user=0.13 sys=0.00, real=0.02 secs] 
2020-09-29T17:58:56.207+0200: 10.908: [GC (Allocation Failure) [PSYoungGen: 627236K->21636K(601088K)] 629856K->24256K(1999360K), 0.0109082 secs] [Times: user=0.00 sys=0.00, real=0.01 secs] 
2020-09-29T17:58:56.271+0200: 10.972: [GC (Allocation Failure) [PSYoungGen: 600708K->24900K(638976K)] 603328K->27520K(2037248K), 0.0090892 secs] [Times: user=0.00 sys=0.00, real=0.01 secs] 
2020-09-29T17:58:56.332+0200: 11.032: [GC (Allocation Failure) [PSYoungGen: 603460K->42885K(638464K)] 606080K->45505K(2036736K), 0.0151787 secs] [Times: user=0.13 sys=0.00, real=0.01 secs] 
2020-09-29T17:58:56.396+0200: 11.097: [GC (Allocation Failure) [PSYoungGen: 621445K->47269K(634368K)] 624065K->49889K(2032640K), 0.0159241 secs] [Times: user=0.13 sys=0.00, real=0.02 secs] 
2020-09-29T17:58:56.461+0200: 11.162: [GC (Allocation Failure) [PSYoungGen: 621221K->33285K(636416K)] 623841K->35905K(2034688K), 0.0114437 secs] [Times: user=0.00 sys=0.00, real=0.01 secs] 
2020-09-29T17:58:56.523+0200: 11.224: [GC (Allocation Failure) [PSYoungGen: 607237K->46372K(636416K)] 609857K->48992K(2034688K), 0.0167935 secs] [Times: user=0.13 sys=0.00, real=0.02 secs] 
2020-09-29T17:58:56.590+0200: 11.292: [GC (Allocation Failure) [PSYoungGen: 622372K->34469K(637440K)] 624992K->37089K(2035712K), 0.0121040 secs] [Times: user=0.11 sys=0.00, real=0.01 secs] 
2020-09-29T17:58:56.655+0200: 11.356: [GC (Allocation Failure) [PSYoungGen: 610469K->49829K(633856K)] 613089K->52449K(2032128K), 0.0167080 secs] [Times: user=0.13 sys=0.00, real=0.02 secs] 
2020-09-29T17:58:56.722+0200: 11.423: [GC (Allocation Failure) [PSYoungGen: 623781K->19619K(593920K)] 626401K->22239K(1992192K), 0.0103049 secs] [Times: user=0.09 sys=0.00, real=0.01 secs] 
2020-09-29T17:58:56.782+0200: 11.483: [GC (Allocation Failure) [PSYoungGen: 593571K->46661K(633856K)] 596191K->49281K(2032128K), 0.0160154 secs] [Times: user=0.13 sys=0.00, real=0.02 secs] 
2020-09-29T17:58:56.849+0200: 11.550: [GC (Allocation Failure) [PSYoungGen: 617541K->43365K(634880K)] 620161K->45985K(2033152K), 0.0145634 secs] [Times: user=0.00 sys=0.00, real=0.01 secs] 
2020-09-29T17:58:56.914+0200: 11.615: [GC (Allocation Failure) [PSYoungGen: 614245K->40005K(636928K)] 616865K->42625K(2035200K), 0.0139870 secs] [Times: user=0.13 sys=0.00, real=0.01 secs] 
2020-09-29T17:58:56.977+0200: 11.678: [GC (Allocation Failure) [PSYoungGen: 613445K->25252K(635392K)] 616065K->27872K(2033664K), 0.0093374 secs] [Times: user=0.00 sys=0.00, real=0.01 secs] 
2020-09-29T17:58:57.039+0200: 11.739: [GC (Allocation Failure) [PSYoungGen: 598692K->37669K(639488K)] 601312K->40289K(2037760K), 0.0138788 secs] [Times: user=0.13 sys=0.00, real=0.02 secs] 
2020-09-29T17:58:57.126+0200: 11.827: [GC (Allocation Failure) [PSYoungGen: 615205K->27301K(636928K)] 617825K->29921K(2035200K), 0.0098645 secs] [Times: user=0.13 sys=0.00, real=0.01 secs] 
2020-09-29T17:58:57.197+0200: 11.898: [GC (Allocation Failure) [PSYoungGen: 604837K->30597K(641024K)] 607457K->33217K(2039296K), 0.0142514 secs] [Times: user=0.09 sys=0.00, real=0.01 secs] 
2020-09-29T17:58:57.267+0200: 11.968: [GC (Allocation Failure) [PSYoungGen: 612741K->38533K(640000K)] 615361K->41153K(2038272K), 0.0135203 secs] [Times: user=0.13 sys=0.00, real=0.01 secs] 
2020-09-29T17:58:57.332+0200: 12.033: [GC (Allocation Failure) [PSYoungGen: 620677K->45380K(640000K)] 623297K->48000K(2038272K), 0.0163313 secs] [Times: user=0.14 sys=0.00, real=0.02 secs] 
2020-09-29T17:58:57.400+0200: 12.100: [GC (Allocation Failure) [PSYoungGen: 628548K->26788K(641024K)] 631168K->29408K(2039296K), 0.0101720 secs] [Times: user=0.00 sys=0.00, real=0.01 secs] 
2020-09-29T17:58:57.463+0200: 12.163: [GC (Allocation Failure) [PSYoungGen: 609956K->35781K(643584K)] 612576K->38401K(2041856K), 0.0127124 secs] [Times: user=0.13 sys=0.00, real=0.01 secs] 
2020-09-29T17:58:57.529+0200: 12.230: [GC (Allocation Failure) [PSYoungGen: 621509K->47205K(641024K)] 624129K->49825K(2039296K), 0.0159634 secs] [Times: user=0.13 sys=0.00, real=0.02 secs] 
2020-09-29T17:58:57.597+0200: 12.298: [GC (Allocation Failure) [PSYoungGen: 632933K->29539K(642048K)] 635553K->32159K(2040320K), 0.0124872 secs] [Times: user=0.11 sys=0.00, real=0.01 secs] 
2020-09-29T17:58:57.661+0200: 12.362: [GC (Allocation Failure) [PSYoungGen: 613731K->25797K(641024K)] 616351K->28417K(2039296K), 0.0092075 secs] [Times: user=0.00 sys=0.00, real=0.01 secs] 
2020-09-29T17:58:57.723+0200: 12.424: [GC (Allocation Failure) [PSYoungGen: 609989K->49445K(635904K)] 612609K->52065K(2034176K), 0.0165155 secs] [Times: user=0.22 sys=0.00, real=0.02 secs] 
2020-09-29T17:58:57.791+0200: 12.492: [GC (Allocation Failure) [PSYoungGen: 628517K->25988K(638976K)] 631137K->28608K(2037248K), 0.0102130 secs] [Times: user=0.00 sys=0.00, real=0.01 secs] 
2020-09-29T17:58:57.852+0200: 12.552: [GC (Allocation Failure) [PSYoungGen: 605060K->43140K(638464K)] 607680K->45760K(2036736K), 0.0154122 secs] [Times: user=0.13 sys=0.00, real=0.02 secs] 
2020-09-29T17:58:57.918+0200: 12.618: [GC (Allocation Failure) [PSYoungGen: 622212K->30659K(638976K)] 624832K->33279K(2037248K), 0.0121851 secs] [Times: user=0.13 sys=0.00, real=0.01 secs] 
2020-09-29T17:58:57.982+0200: 12.683: [GC (Allocation Failure) [PSYoungGen: 609731K->33892K(642560K)] 612351K->36512K(2040832K), 0.0138944 secs] [Times: user=0.13 sys=0.00, real=0.01 secs] 
2020-09-29T17:58:58.050+0200: 12.751: [GC (Allocation Failure) [PSYoungGen: 618084K->43845K(640512K)] 620704K->46465K(2038784K), 0.0177316 secs] [Times: user=0.23 sys=0.00, real=0.02 secs] 
2020-09-29T17:58:58.122+0200: 12.823: [GC (Allocation Failure) [PSYoungGen: 628037K->40165K(642048K)] 630657K->42785K(2040320K), 0.0153920 secs] [Times: user=0.13 sys=0.00, real=0.02 secs] 
2020-09-29T17:58:58.191+0200: 12.892: [GC (Allocation Failure) [PSYoungGen: 624869K->36901K(641536K)] 627489K->39521K(2039808K), 0.0176097 secs] [Times: user=0.22 sys=0.00, real=0.02 secs] 
2020-09-29T17:58:58.262+0200: 12.962: [GC (Allocation Failure) [PSYoungGen: 621605K->31267K(644608K)] 624225K->33887K(2042880K), 0.0122249 secs] [Times: user=0.13 sys=0.00, real=0.01 secs] 
2020-09-29T17:58:58.325+0200: 13.025: [GC (Allocation Failure) [PSYoungGen: 621091K->46853K(636928K)] 623711K->49473K(2035200K), 0.0159918 secs] [Times: user=0.13 sys=0.00, real=0.02 secs] 
2020-09-29T17:58:58.391+0200: 13.092: [GC (Allocation Failure) [PSYoungGen: 636677K->35109K(644096K)] 639297K->37729K(2042368K), 0.0124678 secs] [Times: user=0.13 sys=0.00, real=0.01 secs] 
2020-09-29T17:58:58.456+0200: 13.157: [GC (Allocation Failure) [PSYoungGen: 622885K->48709K(636928K)] 625505K->51329K(2035200K), 0.0164521 secs] [Times: user=0.14 sys=0.00, real=0.02 secs] 
2020-09-29T17:58:58.524+0200: 13.224: [GC (Allocation Failure) [PSYoungGen: 636485K->20963K(639488K)] 639105K->23583K(2037760K), 0.0090484 secs] [Times: user=0.00 sys=0.00, real=0.01 secs] 
2020-09-29T17:58:58.584+0200: 13.284: [GC (Allocation Failure) [PSYoungGen: 603107K->13379K(595968K)] 605727K->15999K(1994240K), 0.0057128 secs] [Times: user=0.00 sys=0.00, real=0.01 secs] 
2020-09-29T17:58:58.643+0200: 13.344: [GC (Allocation Failure) [PSYoungGen: 595523K->34853K(641024K)] 598143K->37473K(2039296K), 0.0119940 secs] [Times: user=0.11 sys=0.00, real=0.01 secs] 
2020-09-29T17:58:58.707+0200: 13.407: [GC (Allocation Failure) [PSYoungGen: 615973K->41733K(638976K)] 618593K->44353K(2037248K), 0.0140372 secs] [Times: user=0.13 sys=0.00, real=0.01 secs] 
2020-09-29T17:58:58.771+0200: 13.471: [GC (Allocation Failure) [PSYoungGen: 622853K->34885K(643072K)] 625473K->37505K(2041344K), 0.0114326 secs] [Times: user=0.00 sys=0.00, real=0.01 secs] 
2020-09-29T17:58:58.841+0200: 13.541: [GC (Allocation Failure) [PSYoungGen: 619589K->44388K(640512K)] 622209K->47008K(2038784K), 0.0156313 secs] [Times: user=0.13 sys=0.00, real=0.01 secs] 
2020-09-29T17:58:58.906+0200: 13.607: [GC (Allocation Failure) [PSYoungGen: 629092K->40485K(642048K)] 631712K->43105K(2040320K), 0.0140219 secs] [Times: user=0.13 sys=0.00, real=0.01 secs] 
2020-09-29T17:58:58.971+0200: 13.671: [GC (Allocation Failure) [PSYoungGen: 625189K->37253K(641536K)] 627809K->39873K(2039808K), 0.0129465 secs] [Times: user=0.13 sys=0.00, real=0.01 secs] 
2020-09-29T17:58:59.035+0200: 13.736: [GC (Allocation Failure) [PSYoungGen: 621957K->34053K(645120K)] 624577K->36673K(2043392K), 0.0122546 secs] [Times: user=0.09 sys=0.00, real=0.01 secs] 
2020-09-29T17:58:59.098+0200: 13.799: [GC (Allocation Failure) [PSYoungGen: 623877K->34404K(643584K)] 626497K->37024K(2041856K), 0.0119940 secs] [Times: user=0.00 sys=0.00, real=0.01 secs] 
2020-09-29T17:58:59.162+0200: 13.862: [GC (Allocation Failure) [PSYoungGen: 624228K->35364K(648192K)] 626848K->37984K(2046464K), 0.0128370 secs] [Times: user=0.00 sys=0.00, real=0.01 secs] 
2020-09-29T17:58:59.228+0200: 13.929: [GC (Allocation Failure) [PSYoungGen: 631332K->43365K(646656K)] 633952K->45985K(2044928K), 0.0144857 secs] [Times: user=0.13 sys=0.00, real=0.02 secs] 
2020-09-29T17:58:59.295+0200: 13.995: [GC (Allocation Failure) [PSYoungGen: 639333K->37733K(647680K)] 641953K->40353K(2045952K), 0.0123907 secs] [Times: user=0.13 sys=0.00, real=0.01 secs] 
2020-09-29T17:58:59.364+0200: 14.064: [GC (Allocation Failure) [PSYoungGen: 633189K->30339K(646656K)] 635809K->32959K(2044928K), 0.0118410 secs] [Times: user=0.00 sys=0.00, real=0.01 secs] 
2020-09-29T17:58:59.429+0200: 14.129: [GC (Allocation Failure) [PSYoungGen: 625795K->50661K(640000K)] 628415K->54081K(2038272K), 0.0173918 secs] [Times: user=0.13 sys=0.00, real=0.02 secs] 
2020-09-29T17:58:59.498+0200: 14.198: [GC (Allocation Failure) [PSYoungGen: 639973K->25252K(614912K)] 643393K->28672K(2013184K), 0.0090618 secs] [Times: user=0.13 sys=0.00, real=0.01 secs] 
2020-09-29T17:58:59.559+0200: 14.260: [GC (Allocation Failure) [PSYoungGen: 614564K->53989K(634368K)] 617984K->57409K(2032640K), 0.0195095 secs] [Times: user=0.11 sys=0.00, real=0.02 secs] 
2020-09-29T17:58:59.630+0200: 14.330: [GC (Allocation Failure) [PSYoungGen: 633061K->45157K(624640K)] 636481K->48577K(2022912K), 0.0153895 secs] [Times: user=0.13 sys=0.00, real=0.01 secs] 
2020-09-29T17:58:59.696+0200: 14.396: [GC (Allocation Failure) [PSYoungGen: 624229K->7394K(632320K)] 627649K->10814K(2030592K), 0.0037453 secs] [Times: user=0.00 sys=0.00, real=0.00 secs] 
2020-09-29T17:58:59.752+0200: 14.453: [GC (Allocation Failure) [PSYoungGen: 579298K->32325K(635392K)] 582718K->35745K(2033664K), 0.0114649 secs] [Times: user=0.13 sys=0.00, real=0.01 secs] 
2020-09-29T17:58:59.814+0200: 14.514: [GC (Allocation Failure) [PSYoungGen: 604229K->43109K(636416K)] 607649K->46529K(2034688K), 0.0151710 secs] [Times: user=0.06 sys=0.00, real=0.02 secs] 
2020-09-29T17:58:59.880+0200: 14.581: [GC (Allocation Failure) [PSYoungGen: 618085K->28003K(636928K)] 621505K->31423K(2035200K), 0.0111105 secs] [Times: user=0.00 sys=0.00, real=0.01 secs] 
2020-09-29T17:58:59.941+0200: 14.641: [GC (Allocation Failure) [PSYoungGen: 602979K->42373K(637440K)] 606399K->45793K(2035712K), 0.0142146 secs] [Times: user=0.13 sys=0.00, real=0.01 secs] 
2020-09-29T17:59:00.005+0200: 14.706: [GC (Allocation Failure) [PSYoungGen: 619397K->31108K(637952K)] 622817K->34528K(2036224K), 0.0132385 secs] [Times: user=0.00 sys=0.00, real=0.01 secs] 
2020-09-29T17:59:00.070+0200: 14.770: [GC (Allocation Failure) [PSYoungGen: 608132K->33796K(642048K)] 611552K->37216K(2040320K), 0.0124117 secs] [Times: user=0.00 sys=0.00, real=0.01 secs] 
2020-09-29T17:59:00.134+0200: 14.835: [GC (Allocation Failure) [PSYoungGen: 616964K->42661K(640000K)] 620384K->46081K(2038272K), 0.0144970 secs] [Times: user=0.13 sys=0.00, real=0.01 secs] 
2020-09-29T17:59:00.202+0200: 14.903: [GC (Allocation Failure) [PSYoungGen: 625829K->37925K(642560K)] 629249K->41345K(2040832K), 0.0151932 secs] [Times: user=0.11 sys=0.00, real=0.02 secs] 
2020-09-29T17:59:00.270+0200: 14.970: [GC (Allocation Failure) [PSYoungGen: 622629K->33381K(641024K)] 626049K->36801K(2039296K), 0.0121935 secs] [Times: user=0.00 sys=0.00, real=0.01 secs] 
2020-09-29T17:59:00.333+0200: 15.034: [GC (Allocation Failure) [PSYoungGen: 618085K->28388K(644608K)] 621505K->31808K(2042880K), 0.0109529 secs] [Times: user=0.00 sys=0.00, real=0.01 secs] 
2020-09-29T17:59:00.396+0200: 15.096: [GC (Allocation Failure) [PSYoungGen: 618212K->42884K(632832K)] 621632K->46304K(2031104K), 0.0151309 secs] [Times: user=0.00 sys=0.00, real=0.02 secs] 
2020-09-29T17:59:00.462+0200: 15.163: [GC (Allocation Failure) [PSYoungGen: 632708K->29284K(644608K)] 636128K->32704K(2042880K), 0.0111101 secs] [Times: user=0.13 sys=0.00, real=0.01 secs] 
2020-09-29T17:59:00.525+0200: 15.226: [GC (Allocation Failure) [PSYoungGen: 618596K->43397K(643584K)] 622016K->46817K(2041856K), 0.0152983 secs] [Times: user=0.13 sys=0.00, real=0.02 secs] 
2020-09-29T17:59:00.594+0200: 15.295: [GC (Allocation Failure) [PSYoungGen: 632709K->15971K(640512K)] 636129K->19391K(2038784K), 0.0067413 secs] [Times: user=0.11 sys=0.00, real=0.01 secs] 
2020-09-29T17:59:00.655+0200: 15.356: [GC (Allocation Failure) [PSYoungGen: 601187K->40613K(626176K)] 604607K->44033K(2024448K), 0.0166409 secs] [Times: user=0.11 sys=0.00, real=0.02 secs] 
2020-09-29T17:59:00.725+0200: 15.425: [GC (Allocation Failure) [PSYoungGen: 625829K->20676K(641536K)] 629249K->24096K(2039808K), 0.0099704 secs] [Times: user=0.00 sys=0.00, real=0.01 secs] 
2020-09-29T17:59:00.790+0200: 15.491: [GC (Allocation Failure) [PSYoungGen: 604868K->44197K(628736K)] 608288K->47617K(2027008K), 0.0165567 secs] [Times: user=0.13 sys=0.00, real=0.02 secs] 
2020-09-29T17:59:00.858+0200: 15.559: [GC (Allocation Failure) [PSYoungGen: 628389K->54181K(629760K)] 631809K->57601K(2028032K), 0.0180206 secs] [Times: user=0.13 sys=0.00, real=0.02 secs] 
2020-09-29T17:59:00.926+0200: 15.627: [GC (Allocation Failure) [PSYoungGen: 625061K->37093K(634880K)] 628481K->40513K(2033152K), 0.0133880 secs] [Times: user=0.00 sys=0.00, real=0.01 secs] 
2020-09-29T17:59:00.988+0200: 15.689: [GC (Allocation Failure) [PSYoungGen: 607973K->19268K(636416K)] 611393K->22688K(2034688K), 0.0072167 secs] [Times: user=0.13 sys=0.00, real=0.01 secs] 
2020-09-29T17:59:01.045+0200: 15.745: [GC (Allocation Failure) [PSYoungGen: 594244K->47397K(622592K)] 597664K->50817K(2020864K), 0.0168320 secs] [Times: user=0.13 sys=0.00, real=0.02 secs] 
2020-09-29T17:59:01.112+0200: 15.812: [GC (Allocation Failure) [PSYoungGen: 622373K->32517K(637440K)] 625793K->35937K(2035712K), 0.0121892 secs] [Times: user=0.13 sys=0.00, real=0.01 secs] 
2020-09-29T17:59:01.174+0200: 15.875: [GC (Allocation Failure) [PSYoungGen: 605957K->17859K(634880K)] 609377K->21279K(2033152K), 0.0076084 secs] [Times: user=0.13 sys=0.00, real=0.01 secs] 
2020-09-29T17:59:01.236+0200: 15.936: [GC (Allocation Failure) [PSYoungGen: 591299K->29380K(638976K)] 594719K->32800K(2037248K), 0.0110169 secs] [Times: user=0.11 sys=0.00, real=0.01 secs] 
2020-09-29T17:59:01.303+0200: 16.003: [GC (Allocation Failure) [PSYoungGen: 606404K->45861K(636928K)] 609824K->49281K(2035200K), 0.0156025 secs] [Times: user=0.13 sys=0.00, real=0.02 secs] 
2020-09-29T17:59:01.368+0200: 16.069: [GC (Allocation Failure) [PSYoungGen: 622885K->33636K(639488K)] 626305K->37056K(2037760K), 0.0123811 secs] [Times: user=0.13 sys=0.00, real=0.01 secs] 
2020-09-29T17:59:01.430+0200: 16.130: [GC (Allocation Failure) [PSYoungGen: 611172K->35652K(636928K)] 614592K->39072K(2035200K), 0.0132568 secs] [Times: user=0.13 sys=0.00, real=0.01 secs] 
2020-09-29T17:59:01.493+0200: 16.194: [GC (Allocation Failure) [PSYoungGen: 613188K->38949K(642048K)] 616608K->42369K(2040320K), 0.0133282 secs] [Times: user=0.13 sys=0.00, real=0.01 secs] 
2020-09-29T17:59:01.560+0200: 16.260: [GC (Allocation Failure) [PSYoungGen: 623653K->31492K(641536K)] 627073K->34912K(2039808K), 0.0119946 secs] [Times: user=0.13 sys=0.00, real=0.01 secs] 
2020-09-29T17:59:01.623+0200: 16.324: [GC (Allocation Failure) [PSYoungGen: 616196K->28068K(644608K)] 619616K->31488K(2042880K), 0.0116251 secs] [Times: user=0.11 sys=0.00, real=0.01 secs] 
2020-09-29T17:59:01.686+0200: 16.386: [GC (Allocation Failure) [PSYoungGen: 617380K->43173K(632832K)] 620800K->46593K(2031104K), 0.0145367 secs] [Times: user=0.13 sys=0.00, real=0.01 secs] 
2020-09-29T17:59:01.751+0200: 16.452: [GC (Allocation Failure) [PSYoungGen: 632485K->29700K(644096K)] 635905K->33120K(2042368K), 0.0112211 secs] [Times: user=0.13 sys=0.00, real=0.01 secs] 
2020-09-29T17:59:01.815+0200: 16.516: [GC (Allocation Failure) [PSYoungGen: 617988K->42692K(643072K)] 621408K->46112K(2041344K), 0.0150515 secs] [Times: user=0.13 sys=0.00, real=0.01 secs] 
2020-09-29T17:59:01.882+0200: 16.582: [GC (Allocation Failure) [PSYoungGen: 630980K->29349K(644096K)] 634400K->32769K(2042368K), 0.0098735 secs] [Times: user=0.00 sys=0.00, real=0.01 secs] 
2020-09-29T17:59:01.953+0200: 16.654: [GC (Allocation Failure) [PSYoungGen: 617637K->43429K(643072K)] 621057K->46849K(2041344K), 0.0149639 secs] [Times: user=0.09 sys=0.00, real=0.01 secs] 
2020-09-29T17:59:02.020+0200: 16.721: [GC (Allocation Failure) [PSYoungGen: 631717K->43781K(641024K)] 635137K->47201K(2039296K), 0.0145679 secs] [Times: user=0.00 sys=0.00, real=0.02 secs] 
2020-09-29T17:59:02.087+0200: 16.788: [GC (Allocation Failure) [PSYoungGen: 628997K->54757K(640000K)] 632417K->58177K(2038272K), 0.0180636 secs] [Times: user=0.13 sys=0.00, real=0.02 secs] 
2020-09-29T17:59:02.158+0200: 16.859: [GC (Allocation Failure) [PSYoungGen: 639973K->36996K(638976K)] 643393K->40416K(2037248K), 0.0136739 secs] [Times: user=0.13 sys=0.00, real=0.01 secs] 
2020-09-29T17:59:02.227+0200: 16.927: [GC (Allocation Failure) [PSYoungGen: 617092K->29028K(639488K)] 620512K->32448K(2037760K), 0.0110030 secs] [Times: user=0.00 sys=0.00, real=0.01 secs] 
2020-09-29T17:59:02.288+0200: 16.989: [GC (Allocation Failure) [PSYoungGen: 609124K->31812K(641024K)] 612544K->35232K(2039296K), 0.0115918 secs] [Times: user=0.00 sys=0.00, real=0.01 secs] 
2020-09-29T17:59:02.353+0200: 17.054: [GC (Allocation Failure) [PSYoungGen: 613956K->39653K(640000K)] 617376K->43073K(2038272K), 0.0138919 secs] [Times: user=0.13 sys=0.00, real=0.01 secs] 
2020-09-29T17:59:02.417+0200: 17.118: [GC (Allocation Failure) [PSYoungGen: 621797K->19812K(640000K)] 625217K->23232K(2038272K), 0.0074852 secs] [Times: user=0.00 sys=0.00, real=0.01 secs] 
2020-09-29T17:59:02.477+0200: 17.178: [GC (Allocation Failure) [PSYoungGen: 602980K->42373K(625664K)] 606400K->45793K(2023936K), 0.0150346 secs] [Times: user=0.13 sys=0.00, real=0.02 secs] 
2020-09-29T17:59:02.542+0200: 17.243: [GC (Allocation Failure) [PSYoungGen: 625541K->22692K(640512K)] 628961K->26112K(2038784K), 0.0097040 secs] [Times: user=0.13 sys=0.00, real=0.01 secs] 
2020-09-29T17:59:02.604+0200: 17.305: [GC (Allocation Failure) [PSYoungGen: 604836K->44357K(626688K)] 608256K->47777K(2024960K), 0.0155051 secs] [Times: user=0.13 sys=0.00, real=0.02 secs] 
2020-09-29T17:59:02.672+0200: 17.373: [GC (Allocation Failure) [PSYoungGen: 626501K->52229K(631296K)] 629921K->55649K(2029568K), 0.0168235 secs] [Times: user=0.13 sys=0.00, real=0.02 secs] 
2020-09-29T17:59:02.739+0200: 17.440: [GC (Allocation Failure) [PSYoungGen: 624133K->49893K(622080K)] 627553K->53313K(2020352K), 0.0161359 secs] [Times: user=0.13 sys=0.00, real=0.02 secs] 
2020-09-29T17:59:02.805+0200: 17.505: [GC (Allocation Failure) [PSYoungGen: 621797K->47525K(632320K)] 625217K->50945K(2030592K), 0.0151836 secs] [Times: user=0.13 sys=0.00, real=0.01 secs] 
2020-09-29T17:59:02.871+0200: 17.572: [GC (Allocation Failure) [PSYoungGen: 614309K->24932K(632832K)] 617729K->28352K(2031104K), 0.0092730 secs] [Times: user=0.13 sys=0.00, real=0.01 secs] 
2020-09-29T17:59:02.932+0200: 17.632: [GC (Allocation Failure) [PSYoungGen: 591716K->44869K(633344K)] 595136K->48289K(2031616K), 0.0188338 secs] [Times: user=0.11 sys=0.00, real=0.02 secs] 
2020-09-29T17:59:03.001+0200: 17.702: [GC (Allocation Failure) [PSYoungGen: 612165K->22563K(632832K)] 615585K->25983K(2031104K), 0.0101642 secs] [Times: user=0.11 sys=0.00, real=0.01 secs] 
2020-09-29T17:59:03.062+0200: 17.762: [GC (Allocation Failure) [PSYoungGen: 589859K->42981K(633856K)] 593279K->46401K(2032128K), 0.0180287 secs] [Times: user=0.11 sys=0.00, real=0.02 secs] 
2020-09-29T17:59:03.129+0200: 17.830: [GC (Allocation Failure) [PSYoungGen: 611301K->23396K(633344K)] 614721K->26816K(2031616K), 0.0093860 secs] [Times: user=0.00 sys=0.00, real=0.01 secs] 
2020-09-29T17:59:03.189+0200: 17.890: [GC (Allocation Failure) [PSYoungGen: 591716K->31109K(635904K)] 595136K->34529K(2034176K), 0.0145167 secs] [Times: user=0.11 sys=0.00, real=0.01 secs] 
2020-09-29T17:59:03.257+0200: 17.957: [GC (Allocation Failure) [PSYoungGen: 601989K->26852K(633856K)] 605409K->30272K(2032128K), 0.0106448 secs] [Times: user=0.00 sys=0.00, real=0.01 secs] 
2020-09-29T17:59:03.316+0200: 18.017: [GC (Allocation Failure) [PSYoungGen: 597732K->36005K(639488K)] 601152K->39425K(2037760K), 0.0134215 secs] [Times: user=0.13 sys=0.00, real=0.01 secs] 
2020-09-29T17:59:03.379+0200: 18.080: [GC (Allocation Failure) [PSYoungGen: 614053K->23493K(637440K)] 617473K->26913K(2035712K), 0.0077779 secs] [Times: user=0.00 sys=0.00, real=0.01 secs] 
2020-09-29T17:59:03.439+0200: 18.140: [GC (Allocation Failure) [PSYoungGen: 601541K->26916K(641024K)] 604961K->30336K(2039296K), 0.0104142 secs] [Times: user=0.13 sys=0.00, real=0.01 secs] 
2020-09-29T17:59:03.511+0200: 18.212: [GC (Allocation Failure) [PSYoungGen: 609060K->33796K(640000K)] 612480K->37216K(2038272K), 0.0127252 secs] [Times: user=0.13 sys=0.00, real=0.01 secs] 
2020-09-29T17:59:03.576+0200: 18.276: [GC (Allocation Failure) [PSYoungGen: 615940K->41765K(641536K)] 619360K->45185K(2039808K), 0.0161800 secs] [Times: user=0.11 sys=0.00, real=0.02 secs] 
2020-09-29T17:59:03.644+0200: 18.345: [GC (Allocation Failure) [PSYoungGen: 628005K->40101K(642560K)] 631425K->43521K(2040832K), 0.0137596 secs] [Times: user=0.11 sys=0.00, real=0.01 secs] 
2020-09-29T17:59:03.709+0200: 18.410: [GC (Allocation Failure) [PSYoungGen: 626341K->52069K(633344K)] 629761K->55489K(2031616K), 0.0176283 secs] [Times: user=0.13 sys=0.00, real=0.02 secs] 
2020-09-29T17:59:03.777+0200: 18.478: [GC (Allocation Failure) [PSYoungGen: 629093K->41125K(637952K)] 632513K->44545K(2036224K), 0.0139596 secs] [Times: user=0.13 sys=0.00, real=0.01 secs] 
2020-09-29T17:59:03.842+0200: 18.543: [GC (Allocation Failure) [PSYoungGen: 618149K->29027K(640000K)] 621569K->32447K(2038272K), 0.0121108 secs] [Times: user=0.11 sys=0.00, real=0.01 secs] 
2020-09-29T17:59:03.904+0200: 18.605: [GC (Allocation Failure) [PSYoungGen: 609123K->34917K(638976K)] 612543K->38337K(2037248K), 0.0119443 secs] [Times: user=0.13 sys=0.00, real=0.01 secs] 
2020-09-29T17:59:03.968+0200: 18.669: [GC (Allocation Failure) [PSYoungGen: 615013K->40708K(642048K)] 618433K->44128K(2040320K), 0.0143138 secs] [Times: user=0.13 sys=0.00, real=0.01 secs] 
2020-09-29T17:59:04.033+0200: 18.734: [GC (Allocation Failure) [PSYoungGen: 625924K->37988K(642048K)] 629344K->41408K(2040320K), 0.0138110 secs] [Times: user=0.13 sys=0.00, real=0.01 secs] 
2020-09-29T17:59:04.097+0200: 18.798: [GC (Allocation Failure) [PSYoungGen: 623204K->34308K(645120K)] 626624K->37728K(2043392K), 0.0129198 secs] [Times: user=0.13 sys=0.00, real=0.01 secs] 
2020-09-29T17:59:04.162+0200: 18.863: [GC (Allocation Failure) [PSYoungGen: 624132K->36197K(643584K)] 627552K->39617K(2041856K), 0.0127649 secs] [Times: user=0.00 sys=0.00, real=0.01 secs] 
2020-09-29T17:59:04.229+0200: 18.930: [GC (Allocation Failure) [PSYoungGen: 626021K->36325K(648192K)] 629441K->39745K(2046464K), 0.0129105 secs] [Times: user=0.13 sys=0.00, real=0.01 secs] 
2020-09-29T17:59:04.295+0200: 18.996: [GC (Allocation Failure) [PSYoungGen: 632293K->44421K(646656K)] 635713K->47841K(2044928K), 0.0156763 secs] [Times: user=0.13 sys=0.00, real=0.01 secs] 
2020-09-29T17:59:04.362+0200: 19.063: [GC (Allocation Failure) [PSYoungGen: 640389K->38597K(647680K)] 643809K->42017K(2045952K), 0.0137089 secs] [Times: user=0.13 sys=0.00, real=0.01 secs] 
2020-09-29T17:59:04.428+0200: 19.129: [GC (Allocation Failure) [PSYoungGen: 634053K->46181K(642048K)] 637473K->49601K(2040320K), 0.0157753 secs] [Times: user=0.13 sys=0.00, real=0.02 secs] 
2020-09-29T17:59:04.498+0200: 19.198: [GC (Allocation Failure) [PSYoungGen: 641637K->39973K(646656K)] 645057K->43393K(2044928K), 0.0148014 secs] [Times: user=0.11 sys=0.00, real=0.02 secs] 
2020-09-29T17:59:04.565+0200: 19.265: [GC (Allocation Failure) [PSYoungGen: 633381K->31845K(645632K)] 636801K->35265K(2043904K), 0.0140456 secs] [Times: user=0.09 sys=0.00, real=0.01 secs] 
2020-09-29T17:59:04.631+0200: 19.332: [GC (Allocation Failure) [PSYoungGen: 625253K->20355K(643584K)] 628673K->23775K(2041856K), 0.0096543 secs] [Times: user=0.00 sys=0.00, real=0.01 secs] 
2020-09-29T17:59:04.693+0200: 19.393: [GC (Allocation Failure) [PSYoungGen: 611715K->37221K(645120K)] 615135K->40641K(2043392K), 0.0125024 secs] [Times: user=0.00 sys=0.00, real=0.01 secs] 
2020-09-29T17:59:04.758+0200: 19.458: [GC (Allocation Failure) [PSYoungGen: 628581K->26981K(646656K)] 632001K->30401K(2044928K), 0.0091518 secs] [Times: user=0.00 sys=0.00, real=0.01 secs] 
2020-09-29T17:59:04.827+0200: 19.527: [GC (Allocation Failure) [PSYoungGen: 621413K->46565K(641024K)] 624833K->49985K(2039296K), 0.0159608 secs] [Times: user=0.13 sys=0.00, real=0.02 secs] 
2020-09-29T17:59:04.894+0200: 19.595: [GC (Allocation Failure) [PSYoungGen: 640997K->24356K(644096K)] 644417K->27776K(2042368K), 0.0086611 secs] [Times: user=0.13 sys=0.00, real=0.01 secs] 
2020-09-29T17:59:04.955+0200: 19.655: [GC (Allocation Failure) [PSYoungGen: 613668K->39429K(644096K)] 617088K->42849K(2042368K), 0.0136818 secs] [Times: user=0.13 sys=0.00, real=0.01 secs] 
2020-09-29T17:59:05.023+0200: 19.724: [GC (Allocation Failure) [PSYoungGen: 628741K->40805K(644096K)] 632161K->44225K(2042368K), 0.0155471 secs] [Times: user=0.13 sys=0.00, real=0.02 secs] 
2020-09-29T17:59:05.092+0200: 19.792: [GC (Allocation Failure) [PSYoungGen: 630117K->42213K(631808K)] 633537K->45633K(2030080K), 0.0145114 secs] [Times: user=0.13 sys=0.00, real=0.02 secs] 
2020-09-29T17:59:05.160+0200: 19.860: [GC (Allocation Failure) [PSYoungGen: 631525K->55269K(632320K)] 634945K->60617K(2030592K), 0.0193626 secs] [Times: user=0.25 sys=0.00, real=0.02 secs] 
2020-09-29T17:59:05.231+0200: 19.932: [GC (Allocation Failure) [PSYoungGen: 632293K->32613K(637952K)] 637641K->37961K(2036224K), 0.0158066 secs] [Times: user=0.11 sys=0.00, real=0.02 secs] 
2020-09-29T17:59:05.298+0200: 19.998: [GC (Allocation Failure) [PSYoungGen: 609637K->34693K(640512K)] 614985K->40041K(2038784K), 0.0124021 secs] [Times: user=0.13 sys=0.00, real=0.01 secs] 
2020-09-29T17:59:05.361+0200: 20.062: [GC (Allocation Failure) [PSYoungGen: 615301K->24675K(638976K)] 620649K->30023K(2037248K), 0.0104440 secs] [Times: user=0.13 sys=0.00, real=0.01 secs] 
2020-09-29T17:59:05.423+0200: 20.123: [GC (Allocation Failure) [PSYoungGen: 605283K->31076K(641536K)] 610631K->36424K(2039808K), 0.0114867 secs] [Times: user=0.13 sys=0.00, real=0.01 secs] 
2020-09-29T17:59:05.487+0200: 20.187: [GC (Allocation Failure) [PSYoungGen: 614244K->53669K(636928K)] 619592K->59017K(2035200K), 0.0176951 secs] [Times: user=0.25 sys=0.00, real=0.02 secs] 
2020-09-29T17:59:05.556+0200: 20.256: [GC (Allocation Failure) [PSYoungGen: 636837K->35237K(638976K)] 642185K->40585K(2037248K), 0.0125740 secs] [Times: user=0.13 sys=0.00, real=0.01 secs] 
2020-09-29T17:59:05.621+0200: 20.321: [GC (Allocation Failure) [PSYoungGen: 612773K->38372K(637440K)] 618121K->43720K(2035712K), 0.0147581 secs] [Times: user=0.11 sys=0.00, real=0.01 secs] 
2020-09-29T17:59:05.686+0200: 20.386: [GC (Allocation Failure) [PSYoungGen: 615908K->41637K(641536K)] 621256K->46985K(2039808K), 0.0136600 secs] [Times: user=0.13 sys=0.00, real=0.01 secs] 
2020-09-29T17:59:05.752+0200: 20.452: [GC (Allocation Failure) [PSYoungGen: 625317K->36483K(641024K)] 630665K->41831K(2039296K), 0.0136027 secs] [Times: user=0.13 sys=0.00, real=0.01 secs] 
2020-09-29T17:59:05.816+0200: 20.516: [GC (Allocation Failure) [PSYoungGen: 620163K->16866K(640000K)] 625511K->22214K(2038272K), 0.0078433 secs] [Times: user=0.13 sys=0.00, real=0.01 secs] 
2020-09-29T17:59:05.875+0200: 20.575: [GC (Allocation Failure) [PSYoungGen: 601058K->40485K(641536K)] 606406K->45833K(2039808K), 0.0136374 secs] [Times: user=0.13 sys=0.00, real=0.01 secs] 
2020-09-29T17:59:05.941+0200: 20.641: [GC (Allocation Failure) [PSYoungGen: 624677K->34980K(643584K)] 630025K->40328K(2041856K), 0.0131337 secs] [Times: user=0.13 sys=0.00, real=0.01 secs] 
2020-09-29T17:59:06.006+0200: 20.706: [GC (Allocation Failure) [PSYoungGen: 621220K->31684K(641536K)] 626568K->37032K(2039808K), 0.0115868 secs] [Times: user=0.00 sys=0.00, real=0.01 secs] 
2020-09-29T17:59:06.068+0200: 20.768: [GC (Allocation Failure) [PSYoungGen: 617924K->26371K(645120K)] 623272K->31719K(2043392K), 0.0117029 secs] [Times: user=0.00 sys=0.00, real=0.01 secs] 
2020-09-29T17:59:06.130+0200: 20.831: [GC (Allocation Failure) [PSYoungGen: 617219K->41636K(644608K)] 622567K->46984K(2042880K), 0.0154472 secs] [Times: user=0.13 sys=0.00, real=0.02 secs] 
2020-09-29T17:59:06.201+0200: 20.902: [GC (Allocation Failure) [PSYoungGen: 632484K->30788K(645632K)] 637832K->36136K(2043904K), 0.0157178 secs] [Times: user=0.09 sys=0.00, real=0.02 secs] 
2020-09-29T17:59:06.272+0200: 20.973: [GC (Allocation Failure) [PSYoungGen: 622148K->34051K(644608K)] 627496K->39399K(2042880K), 0.0145001 secs] [Times: user=0.13 sys=0.00, real=0.01 secs] 
2020-09-29T17:59:06.340+0200: 21.040: [GC (Allocation Failure) [PSYoungGen: 625411K->35396K(648704K)] 630759K->40744K(2046976K), 0.0142745 secs] [Times: user=0.13 sys=0.00, real=0.01 secs] 
2020-09-29T17:59:06.406+0200: 21.107: [GC (Allocation Failure) [PSYoungGen: 632388K->44325K(641536K)] 637736K->49673K(2039808K), 0.0147934 secs] [Times: user=0.13 sys=0.00, real=0.02 secs] 
2020-09-29T17:59:06.473+0200: 21.173: [GC (Allocation Failure) [PSYoungGen: 641317K->39717K(646656K)] 646665K->45065K(2044928K), 0.0137873 secs] [Times: user=0.00 sys=0.00, real=0.01 secs] 
2020-09-29T17:59:06.538+0200: 21.238: [GC (Allocation Failure) [PSYoungGen: 634149K->46309K(641024K)] 639497K->51657K(2039296K), 0.0153704 secs] [Times: user=0.13 sys=0.00, real=0.01 secs] 
2020-09-29T17:59:06.606+0200: 21.307: [GC (Allocation Failure) [PSYoungGen: 640741K->39109K(645632K)] 646089K->44457K(2043904K), 0.0159378 secs] [Times: user=0.11 sys=0.00, real=0.02 secs] 
2020-09-29T17:59:06.673+0200: 21.374: [GC (Allocation Failure) [PSYoungGen: 630469K->28869K(644608K)] 635817K->34217K(2042880K), 0.0096683 secs] [Times: user=0.13 sys=0.00, real=0.01 secs] 
2020-09-29T17:59:06.737+0200: 21.438: [GC (Allocation Failure) [PSYoungGen: 620229K->31876K(646656K)] 625577K->37224K(2044928K), 0.0115621 secs] [Times: user=0.13 sys=0.00, real=0.01 secs] 
2020-09-29T17:59:06.801+0200: 21.502: [GC (Allocation Failure) [PSYoungGen: 625284K->35780K(645632K)] 630632K->41128K(2043904K), 0.0130123 secs] [Times: user=0.09 sys=0.00, real=0.01 secs] 
2020-09-29T17:59:06.865+0200: 21.566: [GC (Allocation Failure) [PSYoungGen: 629188K->41221K(647168K)] 634536K->46569K(2045440K), 0.0137673 secs] [Times: user=0.00 sys=0.00, real=0.01 secs] 
2020-09-29T17:59:06.930+0200: 21.631: [GC (Allocation Failure) [PSYoungGen: 637701K->33251K(647680K)] 643049K->38599K(2045952K), 0.0126631 secs] [Times: user=0.13 sys=0.00, real=0.01 secs] 
2020-09-29T17:59:06.995+0200: 21.695: [GC (Allocation Failure) [PSYoungGen: 629731K->41797K(646656K)] 635079K->47145K(2044928K), 0.0145945 secs] [Times: user=0.13 sys=0.00, real=0.01 secs] 
2020-09-29T17:59:07.061+0200: 21.761: [GC (Allocation Failure) [PSYoungGen: 638277K->36741K(647680K)] 643625K->42089K(2045952K), 0.0119557 secs] [Times: user=0.13 sys=0.00, real=0.01 secs] 
2020-09-29T17:59:07.128+0200: 21.828: [GC (Allocation Failure) [PSYoungGen: 633221K->45285K(645120K)] 638569K->50633K(2043392K), 0.0157705 secs] [Times: user=0.13 sys=0.00, real=0.02 secs] 
2020-09-29T17:59:07.197+0200: 21.898: [GC (Allocation Failure) [PSYoungGen: 640741K->39205K(647168K)] 646089K->44553K(2045440K), 0.0172321 secs] [Times: user=0.11 sys=0.01, real=0.02 secs] 
2020-09-29T17:59:07.269+0200: 21.970: [GC (Allocation Failure) [PSYoungGen: 634661K->46789K(644096K)] 640009K->52137K(2042368K), 0.0156198 secs] [Times: user=0.08 sys=0.00, real=0.02 secs] 
2020-09-29T17:59:07.337+0200: 22.038: [GC (Allocation Failure) [PSYoungGen: 640197K->22915K(616448K)] 645545K->28263K(2014720K), 0.0091209 secs] [Times: user=0.00 sys=0.00, real=0.01 secs] 
2020-09-29T17:59:07.398+0200: 22.098: [GC (Allocation Failure) [PSYoungGen: 616323K->28485K(645120K)] 621671K->33833K(2043392K), 0.0104122 secs] [Times: user=0.00 sys=0.00, real=0.01 secs] 
2020-09-29T17:59:07.460+0200: 22.160: [GC (Allocation Failure) [PSYoungGen: 619333K->31173K(644608K)] 624681K->36521K(2042880K), 0.0107596 secs] [Times: user=0.00 sys=0.00, real=0.01 secs] 
2020-09-29T17:59:07.524+0200: 22.225: [GC (Allocation Failure) [PSYoungGen: 622021K->34085K(647168K)] 627369K->39433K(2045440K), 0.0126425 secs] [Times: user=0.13 sys=0.00, real=0.01 secs] 
2020-09-29T17:59:07.589+0200: 22.290: [GC (Allocation Failure) [PSYoungGen: 628005K->38180K(645632K)] 633353K->43528K(2043904K), 0.0144575 secs] [Times: user=0.11 sys=0.00, real=0.02 secs] 
2020-09-29T17:59:07.657+0200: 22.358: [GC (Allocation Failure) [PSYoungGen: 632100K->44261K(644608K)] 637448K->49609K(2042880K), 0.0147367 secs] [Times: user=0.13 sys=0.00, real=0.01 secs] 
2020-09-29T17:59:07.725+0200: 22.425: [GC (Allocation Failure) [PSYoungGen: 637669K->20484K(614400K)] 643017K->25832K(2012672K), 0.0076193 secs] [Times: user=0.00 sys=0.00, real=0.01 secs] 
2020-09-29T17:59:07.783+0200: 22.483: [GC (Allocation Failure) [PSYoungGen: 613892K->39365K(645120K)] 619240K->44713K(2043392K), 0.0136669 secs] [Times: user=0.13 sys=0.00, real=0.01 secs] 
2020-09-29T17:59:07.848+0200: 22.548: [GC (Allocation Failure) [PSYoungGen: 630725K->26884K(645120K)] 636073K->32232K(2043392K), 0.0100147 secs] [Times: user=0.00 sys=0.00, real=0.01 secs] 
2020-09-29T17:59:07.909+0200: 22.609: [GC (Allocation Failure) [PSYoungGen: 618244K->43973K(642560K)] 623592K->49321K(2040832K), 0.0149476 secs] [Times: user=0.13 sys=0.00, real=0.02 secs] 
2020-09-29T17:59:07.975+0200: 22.675: [GC (Allocation Failure) [PSYoungGen: 633285K->29764K(644096K)] 638633K->35112K(2042368K), 0.0109581 secs] [Times: user=0.00 sys=0.00, real=0.01 secs] 
2020-09-29T17:59:08.037+0200: 22.738: [GC (Allocation Failure) [PSYoungGen: 619076K->28068K(645632K)] 624424K->33416K(2043904K), 0.0107392 secs] [Times: user=0.00 sys=0.00, real=0.01 secs] 
2020-09-29T17:59:08.100+0200: 22.800: [GC (Allocation Failure) [PSYoungGen: 619940K->45637K(637952K)] 625288K->50985K(2036224K), 0.0156949 secs] [Times: user=0.13 sys=0.00, real=0.02 secs] 
2020-09-29T17:59:08.169+0200: 22.869: [GC (Allocation Failure) [PSYoungGen: 637509K->35749K(645120K)] 642857K->41097K(2043392K), 0.0129513 secs] [Times: user=0.13 sys=0.00, real=0.01 secs] 
2020-09-29T17:59:08.236+0200: 22.936: [GC (Allocation Failure) [PSYoungGen: 625061K->37189K(643072K)] 630409K->42537K(2041344K), 0.0136879 secs] [Times: user=0.13 sys=0.00, real=0.01 secs] 
2020-09-29T17:59:08.305+0200: 23.006: [GC (Allocation Failure) [PSYoungGen: 626501K->52229K(637952K)] 631849K->57577K(2036224K), 0.0174560 secs] [Times: user=0.13 sys=0.00, real=0.02 secs] 
2020-09-29T17:59:08.373+0200: 23.074: [GC (Allocation Failure) [PSYoungGen: 637445K->21413K(606720K)] 642793K->26761K(2004992K), 0.0079794 secs] [Times: user=0.13 sys=0.00, real=0.01 secs] 
2020-09-29T17:59:08.435+0200: 23.136: [GC (Allocation Failure) [PSYoungGen: 606629K->32421K(642560K)] 611977K->37769K(2040832K), 0.0108400 secs] [Times: user=0.13 sys=0.00, real=0.01 secs] 
2020-09-29T17:59:08.498+0200: 23.198: [GC (Allocation Failure) [PSYoungGen: 617125K->28516K(641024K)] 622473K->33864K(2039296K), 0.0105309 secs] [Times: user=0.13 sys=0.00, real=0.01 secs] 
2020-09-29T17:59:08.559+0200: 23.259: [GC (Allocation Failure) [PSYoungGen: 613220K->38020K(644608K)] 618568K->43368K(2042880K), 0.0139252 secs] [Times: user=0.13 sys=0.00, real=0.01 secs] 
2020-09-29T17:59:08.625+0200: 23.326: [GC (Allocation Failure) [PSYoungGen: 627332K->24580K(643584K)] 632680K->29928K(2041856K), 0.0103920 secs] [Times: user=0.11 sys=0.00, real=0.01 secs] 
2020-09-29T17:59:08.686+0200: 23.386: [GC (Allocation Failure) [PSYoungGen: 613892K->24836K(645120K)] 619240K->30184K(2043392K), 0.0090912 secs] [Times: user=0.13 sys=0.00, real=0.01 secs] 
2020-09-29T17:59:08.748+0200: 23.449: [GC (Allocation Failure) [PSYoungGen: 615684K->27076K(644608K)] 621032K->32424K(2042880K), 0.0100404 secs] [Times: user=0.13 sys=0.00, real=0.01 secs] 
2020-09-29T17:59:08.809+0200: 23.510: [GC (Allocation Failure) [PSYoungGen: 617924K->29381K(647680K)] 623272K->34729K(2045952K), 0.0102173 secs] [Times: user=0.13 sys=0.00, real=0.01 secs] 
2020-09-29T17:59:08.871+0200: 23.572: [GC (Allocation Failure) [PSYoungGen: 624325K->36485K(646144K)] 629673K->41833K(2044416K), 0.0121457 secs] [Times: user=0.11 sys=0.00, real=0.01 secs] 
2020-09-29T17:59:08.936+0200: 23.637: [GC (Allocation Failure) [PSYoungGen: 631429K->13635K(645632K)] 636777K->18983K(2043904K), 0.0055885 secs] [Times: user=0.02 sys=0.02, real=0.01 secs] 
2020-09-29T17:59:08.993+0200: 23.693: [GC (Allocation Failure) [PSYoungGen: 608067K->47557K(642048K)] 613415K->52905K(2040320K), 0.0163488 secs] [Times: user=0.13 sys=0.00, real=0.02 secs] 
2020-09-29T17:59:09.062+0200: 23.763: [GC (Allocation Failure) [PSYoungGen: 641989K->40036K(641536K)] 647337K->45384K(2039808K), 0.0146792 secs] [Times: user=0.13 sys=0.00, real=0.01 secs] 
2020-09-29T17:59:09.128+0200: 23.829: [GC (Allocation Failure) [PSYoungGen: 625252K->23653K(642048K)] 630600K->29001K(2040320K), 0.0093664 secs] [Times: user=0.13 sys=0.00, real=0.01 secs] 
2020-09-29T17:59:09.190+0200: 23.890: [GC (Allocation Failure) [PSYoungGen: 608869K->18084K(642560K)] 614217K->23432K(2040832K), 0.0090563 secs] [Times: user=0.11 sys=0.00, real=0.01 secs] 
2020-09-29T17:59:09.255+0200: 23.955: [GC (Allocation Failure) [PSYoungGen: 604324K->27908K(642560K)] 609672K->33256K(2040832K), 0.0105581 secs] [Times: user=0.00 sys=0.00, real=0.01 secs] 
2020-09-29T17:59:09.317+0200: 24.018: [GC (Allocation Failure) [PSYoungGen: 614148K->39941K(642560K)] 619496K->45289K(2040832K), 0.0213096 secs] [Times: user=0.13 sys=0.00, real=0.02 secs] 
2020-09-29T17:59:09.390+0200: 24.090: [GC (Allocation Failure) [PSYoungGen: 628229K->25892K(643584K)] 633577K->31240K(2041856K), 0.0118112 secs] [Times: user=0.13 sys=0.00, real=0.01 secs] 
2020-09-29T17:59:09.453+0200: 24.154: [GC (Allocation Failure) [PSYoungGen: 614180K->25572K(646144K)] 619528K->30920K(2044416K), 0.0121861 secs] [Times: user=0.13 sys=0.00, real=0.01 secs] 
2020-09-29T17:59:09.521+0200: 24.221: [GC (Allocation Failure) [PSYoungGen: 617956K->30053K(645120K)] 623304K->35401K(2043392K), 0.0127142 secs] [Times: user=0.00 sys=0.00, real=0.01 secs] 
2020-09-29T17:59:09.600+0200: 24.300: [GC (Allocation Failure) [PSYoungGen: 622437K->48229K(638464K)] 627785K->53577K(2036736K), 0.0251672 secs] [Times: user=0.09 sys=0.00, real=0.03 secs] 
2020-09-29T17:59:09.680+0200: 24.381: [GC (Allocation Failure) [PSYoungGen: 636517K->48549K(636928K)] 641865K->53897K(2035200K), 0.0234610 secs] [Times: user=0.11 sys=0.00, real=0.02 secs] 
2020-09-29T17:59:09.757+0200: 24.458: [GC (Allocation Failure) [PSYoungGen: 636837K->35237K(642048K)] 642185K->40585K(2040320K), 0.0162437 secs] [Times: user=0.09 sys=0.00, real=0.02 secs] 
2020-09-29T17:59:09.829+0200: 24.530: [GC (Allocation Failure) [PSYoungGen: 618405K->29092K(640000K)] 623753K->34440K(2038272K), 0.0145601 secs] [Times: user=0.11 sys=0.00, real=0.02 secs] 
2020-09-29T17:59:09.899+0200: 24.600: [GC (Allocation Failure) [PSYoungGen: 612260K->23716K(644096K)] 617608K->29064K(2042368K), 0.0118125 secs] [Times: user=0.02 sys=0.00, real=0.01 secs] 
2020-09-29T17:59:09.966+0200: 24.667: [GC (Allocation Failure) [PSYoungGen: 612516K->24229K(643584K)] 617864K->29577K(2041856K), 0.0109296 secs] [Times: user=0.11 sys=0.00, real=0.01 secs] 
2020-09-29T17:59:10.036+0200: 24.736: [GC (Allocation Failure) [PSYoungGen: 613029K->38180K(644608K)] 618377K->43528K(2042880K), 0.0170680 secs] [Times: user=0.13 sys=0.00, real=0.02 secs] 
2020-09-29T17:59:10.109+0200: 24.809: [GC (Allocation Failure) [PSYoungGen: 628516K->26725K(644608K)] 633864K->32073K(2042880K), 0.0127751 secs] [Times: user=0.11 sys=0.00, real=0.01 secs] 
2020-09-29T17:59:10.177+0200: 24.878: [GC (Allocation Failure) [PSYoungGen: 617061K->28196K(647168K)] 622409K->33544K(2045440K), 0.0149787 secs] [Times: user=0.11 sys=0.00, real=0.01 secs] 
2020-09-29T17:59:10.250+0200: 24.950: [GC (Allocation Failure) [PSYoungGen: 622116K->34149K(645632K)] 627464K->39497K(2043904K), 0.0143180 secs] [Times: user=0.09 sys=0.00, real=0.01 secs] 
2020-09-29T17:59:10.324+0200: 25.025: [GC (Allocation Failure) [PSYoungGen: 628069K->50661K(635904K)] 633417K->59129K(2034176K), 0.0248552 secs] [Times: user=0.23 sys=0.00, real=0.03 secs] 
2020-09-29T17:59:10.404+0200: 25.105: [GC (Allocation Failure) [PSYoungGen: 635877K->51141K(636416K)] 644345K->59609K(2034688K), 0.0209892 secs] [Times: user=0.13 sys=0.00, real=0.02 secs] 
2020-09-29T17:59:10.478+0200: 25.179: [GC (Allocation Failure) [PSYoungGen: 636357K->34821K(640000K)] 644825K->43289K(2038272K), 0.0161145 secs] [Times: user=0.13 sys=0.00, real=0.02 secs] 
2020-09-29T17:59:10.549+0200: 25.250: [GC (Allocation Failure) [PSYoungGen: 613893K->39621K(637952K)] 622361K->48089K(2036224K), 0.0189026 secs] [Times: user=0.24 sys=0.00, real=0.02 secs] 
2020-09-29T17:59:10.622+0200: 25.322: [GC (Allocation Failure) [PSYoungGen: 618693K->44453K(638976K)] 627161K->52921K(2037248K), 0.0216954 secs] [Times: user=0.11 sys=0.00, real=0.02 secs] 
2020-09-29T17:59:10.698+0200: 25.399: [GC (Allocation Failure) [PSYoungGen: 625573K->51333K(632832K)] 634041K->59801K(2031104K), 0.0220757 secs] [Times: user=0.13 sys=0.00, real=0.02 secs] 
2020-09-29T17:59:10.773+0200: 25.474: [GC (Allocation Failure) [PSYoungGen: 632453K->30853K(637952K)] 640921K->39321K(2036224K), 0.0140981 secs] [Times: user=0.13 sys=0.00, real=0.01 secs] 
2020-09-29T17:59:10.841+0200: 25.542: [GC (Allocation Failure) [PSYoungGen: 606853K->30884K(636928K)] 615321K->39352K(2035200K), 0.0159093 secs] [Times: user=0.11 sys=0.00, real=0.02 secs] 
2020-09-29T17:59:10.910+0200: 25.611: [GC (Allocation Failure) [PSYoungGen: 606884K->31492K(640512K)] 615352K->39960K(2038784K), 0.0157528 secs] [Times: user=0.23 sys=0.00, real=0.02 secs] 
2020-09-29T17:59:10.978+0200: 25.679: [GC (Allocation Failure) [PSYoungGen: 612100K->51557K(632320K)] 620568K->60025K(2030592K), 0.0233683 secs] [Times: user=0.11 sys=0.00, real=0.02 secs] 
2020-09-29T17:59:11.055+0200: 25.756: [GC (Allocation Failure) [PSYoungGen: 632165K->43844K(636928K)] 640633K->52312K(2035200K), 0.0196863 secs] [Times: user=0.13 sys=0.00, real=0.02 secs] 
2020-09-29T17:59:11.127+0200: 25.828: [GC (Allocation Failure) [PSYoungGen: 618820K->14307K(589312K)] 627288K->22775K(1987584K), 0.0081071 secs] [Times: user=0.13 sys=0.00, real=0.01 secs] 
2020-09-29T17:59:11.186+0200: 25.887: [GC (Allocation Failure) [PSYoungGen: 589283K->12964K(633344K)] 597751K->21432K(2031616K), 0.0065357 secs] [Times: user=0.11 sys=0.00, real=0.01 secs] 
2020-09-29T17:59:11.249+0200: 25.950: [GC (Allocation Failure) [PSYoungGen: 582820K->35748K(634368K)] 591288K->44216K(2032640K), 0.0159839 secs] [Times: user=0.11 sys=0.00, real=0.02 secs] 
2020-09-29T17:59:11.314+0200: 26.014: [GC (Allocation Failure) [PSYoungGen: 605604K->17637K(636416K)] 614072K->26105K(2034688K), 0.0069550 secs] [Times: user=0.13 sys=0.00, real=0.01 secs] 
2020-09-29T17:59:11.375+0200: 26.076: [GC (Allocation Failure) [PSYoungGen: 591589K->31045K(636416K)] 600057K->39513K(2034688K), 0.0140343 secs] [Times: user=0.13 sys=0.00, real=0.01 secs] 
2020-09-29T17:59:11.442+0200: 26.143: [GC (Allocation Failure) [PSYoungGen: 604997K->29060K(641536K)] 613465K->37528K(2039808K), 0.0128672 secs] [Times: user=0.00 sys=0.00, real=0.01 secs] 
2020-09-29T17:59:11.513+0200: 26.213: [GC (Allocation Failure) [PSYoungGen: 611204K->36548K(639488K)] 619672K->45016K(2037760K), 0.0166760 secs] [Times: user=0.13 sys=0.00, real=0.02 secs] 
2020-09-29T17:59:11.580+0200: 26.281: [GC (Allocation Failure) [PSYoungGen: 618692K->42756K(640000K)] 627160K->51224K(2038272K), 0.0208390 secs] [Times: user=0.22 sys=0.00, real=0.02 secs] 
2020-09-29T17:59:11.654+0200: 26.355: [GC (Allocation Failure) [PSYoungGen: 625924K->21059K(641024K)] 634392K->29527K(2039296K), 0.0109761 secs] [Times: user=0.13 sys=0.00, real=0.01 secs] 
2020-09-29T17:59:11.716+0200: 26.417: [GC (Allocation Failure) [PSYoungGen: 604227K->43653K(637952K)] 612695K->52121K(2036224K), 0.0204599 secs] [Times: user=0.11 sys=0.00, real=0.02 secs] 
2020-09-29T17:59:11.788+0200: 26.489: [GC (Allocation Failure) [PSYoungGen: 623749K->49509K(629760K)] 632217K->57977K(2028032K), 0.0202230 secs] [Times: user=0.13 sys=0.00, real=0.02 secs] 
2020-09-29T17:59:11.858+0200: 26.558: [GC (Allocation Failure) [PSYoungGen: 629605K->27333K(637440K)] 638073K->35801K(2035712K), 0.0118963 secs] [Times: user=0.13 sys=0.00, real=0.01 secs] 
2020-09-29T17:59:11.919+0200: 26.620: [GC (Allocation Failure) [PSYoungGen: 601797K->27364K(635904K)] 610265K->35832K(2034176K), 0.0136495 secs] [Times: user=0.13 sys=0.00, real=0.01 secs] 
2020-09-29T17:59:11.987+0200: 26.688: [GC (Allocation Failure) [PSYoungGen: 601828K->27459K(640512K)] 610296K->35927K(2038784K), 0.0140795 secs] [Times: user=0.13 sys=0.00, real=0.01 secs] 
2020-09-29T17:59:12.052+0200: 26.753: [GC (Allocation Failure) [PSYoungGen: 608067K->31684K(638976K)] 616535K->40152K(2037248K), 0.0154626 secs] [Times: user=0.13 sys=0.00, real=0.01 secs] 
2020-09-29T17:59:12.119+0200: 26.821: [GC (Allocation Failure) [PSYoungGen: 612292K->36932K(643584K)] 620760K->45400K(2041856K), 0.0180819 secs] [Times: user=0.13 sys=0.00, real=0.02 secs] 
2020-09-29T17:59:12.189+0200: 26.890: [GC (Allocation Failure) [PSYoungGen: 624708K->21635K(643072K)] 633176K->30103K(2041344K), 0.0139578 secs] [Times: user=0.08 sys=0.00, real=0.01 secs] 
2020-09-29T17:59:12.263+0200: 26.963: [GC (Allocation Failure) [PSYoungGen: 609411K->35173K(645120K)] 617879K->43641K(2043392K), 0.0166917 secs] [Times: user=0.11 sys=0.00, real=0.02 secs] 
2020-09-29T17:59:12.337+0200: 27.037: [GC (Allocation Failure) [PSYoungGen: 625509K->37316K(644096K)] 633977K->45784K(2042368K), 0.0180892 secs] [Times: user=0.13 sys=0.00, real=0.02 secs] 
2020-09-29T17:59:12.407+0200: 27.108: [GC (Allocation Failure) [PSYoungGen: 627652K->25924K(646144K)] 636120K->34392K(2044416K), 0.0115544 secs] [Times: user=0.13 sys=0.00, real=0.01 secs] 
2020-09-29T17:59:12.473+0200: 27.174: [GC (Allocation Failure) [PSYoungGen: 618308K->44101K(636928K)] 626776K->52569K(2035200K), 0.0195994 secs] [Times: user=0.13 sys=0.00, real=0.02 secs] 
2020-09-29T17:59:12.543+0200: 27.244: [GC (Allocation Failure) [PSYoungGen: 636485K->33444K(646144K)] 644953K->41912K(2044416K), 0.0158164 secs] [Times: user=0.13 sys=0.00, real=0.02 secs] 
2020-09-29T17:59:12.612+0200: 27.312: [GC (Allocation Failure) [PSYoungGen: 624292K->49957K(641024K)] 632760K->58425K(2039296K), 0.0232506 secs] [Times: user=0.22 sys=0.00, real=0.02 secs] 
2020-09-29T17:59:12.686+0200: 27.387: [GC (Allocation Failure) [PSYoungGen: 640805K->23876K(642048K)] 649273K->32344K(2040320K), 0.0111461 secs] [Times: user=0.13 sys=0.00, real=0.01 secs] 
2020-09-29T17:59:12.747+0200: 27.448: [GC (Allocation Failure) [PSYoungGen: 608580K->20517K(641536K)] 617048K->28985K(2039808K), 0.0086144 secs] [Times: user=0.13 sys=0.00, real=0.01 secs] 
2020-09-29T17:59:12.808+0200: 27.509: [GC (Allocation Failure) [PSYoungGen: 605221K->44709K(637952K)] 613689K->53177K(2036224K), 0.0192113 secs] [Times: user=0.13 sys=0.00, real=0.02 secs] 
2020-09-29T17:59:12.883+0200: 27.583: [GC (Allocation Failure) [PSYoungGen: 625829K->37925K(640000K)] 634297K->46393K(2038272K), 0.0166400 secs] [Times: user=0.13 sys=0.00, real=0.02 secs] 
2020-09-29T17:59:12.949+0200: 27.649: [GC (Allocation Failure) [PSYoungGen: 619045K->31141K(642560K)] 627513K->39609K(2040832K), 0.0130844 secs] [Times: user=0.13 sys=0.00, real=0.01 secs] 
2020-09-29T17:59:13.012+0200: 27.713: [GC (Allocation Failure) [PSYoungGen: 615845K->41669K(641024K)] 624313K->50137K(2039296K), 0.0180955 secs] [Times: user=0.13 sys=0.00, real=0.02 secs] 
2020-09-29T17:59:13.084+0200: 27.785: [GC (Allocation Failure) [PSYoungGen: 626373K->38212K(643072K)] 634841K->46680K(2041344K), 0.0175802 secs] [Times: user=0.13 sys=0.00, real=0.02 secs] 
2020-09-29T17:59:13.156+0200: 27.857: [GC (Allocation Failure) [PSYoungGen: 624452K->35044K(642048K)] 632920K->43512K(2040320K), 0.0168242 secs] [Times: user=0.13 sys=0.00, real=0.02 secs] 
2020-09-29T17:59:13.226+0200: 27.927: [GC (Allocation Failure) [PSYoungGen: 621284K->30819K(646144K)] 629752K->39287K(2044416K), 0.0154717 secs] [Times: user=0.13 sys=0.00, real=0.01 secs] 
2020-09-29T17:59:13.294+0200: 27.994: [GC (Allocation Failure) [PSYoungGen: 623203K->35269K(645120K)] 631671K->43737K(2043392K), 0.0161359 secs] [Times: user=0.13 sys=0.00, real=0.02 secs] 
2020-09-29T17:59:13.369+0200: 28.069: [GC (Allocation Failure) [PSYoungGen: 627653K->51173K(637440K)] 636121K->61825K(2035712K), 0.0230918 secs] [Times: user=0.13 sys=0.00, real=0.02 secs] 
2020-09-29T17:59:13.444+0200: 28.144: [GC (Allocation Failure) [PSYoungGen: 637413K->38117K(642560K)] 648065K->48769K(2040832K), 0.0157805 secs] [Times: user=0.13 sys=0.00, real=0.02 secs] 
2020-09-29T17:59:13.510+0200: 28.210: [GC (Allocation Failure) [PSYoungGen: 624357K->21861K(642560K)] 635009K->32513K(2040832K), 0.0103025 secs] [Times: user=0.00 sys=0.00, real=0.01 secs] 
2020-09-29T17:59:13.573+0200: 28.273: [GC (Allocation Failure) [PSYoungGen: 609125K->21125K(608768K)] 619777K->31777K(2007040K), 0.0099243 secs] [Times: user=0.11 sys=0.00, real=0.01 secs] 
2020-09-29T17:59:13.642+0200: 28.342: [GC (Allocation Failure) [PSYoungGen: 608389K->34149K(644608K)] 619041K->44801K(2042880K), 0.0154569 secs] [Times: user=0.09 sys=0.00, real=0.02 secs] 
2020-09-29T17:59:13.714+0200: 28.414: [GC (Allocation Failure) [PSYoungGen: 622437K->19364K(642560K)] 633089K->30016K(2040832K), 0.0100877 secs] [Times: user=0.11 sys=0.00, real=0.01 secs] 
2020-09-29T17:59:13.780+0200: 28.481: [GC (Allocation Failure) [PSYoungGen: 607652K->17731K(644096K)] 618304K->28383K(2042368K), 0.0102424 secs] [Times: user=0.13 sys=0.00, real=0.01 secs] 
2020-09-29T17:59:13.848+0200: 28.548: [GC (Allocation Failure) [PSYoungGen: 607043K->32869K(644096K)] 617695K->43521K(2042368K), 0.0156948 secs] [Times: user=0.09 sys=0.02, real=0.02 secs] 
2020-09-29T17:59:13.919+0200: 28.619: [GC (Allocation Failure) [PSYoungGen: 622181K->34277K(646656K)] 632833K->44929K(2044928K), 0.0166284 secs] [Times: user=0.11 sys=0.00, real=0.02 secs] 
2020-09-29T17:59:13.989+0200: 28.689: [GC (Allocation Failure) [PSYoungGen: 627685K->25956K(645632K)] 638337K->36608K(2043904K), 0.0134992 secs] [Times: user=0.00 sys=0.00, real=0.01 secs] 
2020-09-29T17:59:14.055+0200: 28.756: [GC (Allocation Failure) [PSYoungGen: 619364K->16066K(646656K)] 630016K->26718K(2044928K), 0.0104689 secs] [Times: user=0.00 sys=0.00, real=0.01 secs] 
2020-09-29T17:59:14.118+0200: 28.819: [GC (Allocation Failure) [PSYoungGen: 611522K->47588K(643072K)] 622174K->58240K(2041344K), 0.0228987 secs] [Times: user=0.11 sys=0.00, real=0.02 secs] 
2020-09-29T17:59:14.197+0200: 28.897: [GC (Allocation Failure) [PSYoungGen: 643044K->27621K(644608K)] 653696K->38273K(2042880K), 0.0136797 secs] [Times: user=0.08 sys=0.00, real=0.01 secs] 
2020-09-29T17:59:14.266+0200: 28.966: [GC (Allocation Failure) [PSYoungGen: 616421K->27012K(643072K)] 627073K->37664K(2041344K), 0.0124397 secs] [Times: user=0.13 sys=0.00, real=0.01 secs] 
2020-09-29T17:59:14.335+0200: 29.035: [GC (Allocation Failure) [PSYoungGen: 615812K->27428K(647680K)] 626464K->38080K(2045952K), 0.0143240 secs] [Times: user=0.11 sys=0.00, real=0.01 secs] 
2020-09-29T17:59:14.404+0200: 29.104: [GC (Allocation Failure) [PSYoungGen: 622372K->34244K(646144K)] 633024K->44896K(2044416K), 0.0181952 secs] [Times: user=0.11 sys=0.00, real=0.02 secs] 
2020-09-29T17:59:14.476+0200: 29.176: [GC (Allocation Failure) [PSYoungGen: 629188K->41349K(644608K)] 639840K->52001K(2042880K), 0.0199088 secs] [Times: user=0.13 sys=0.00, real=0.02 secs] 
2020-09-29T17:59:14.551+0200: 29.251: [GC (Allocation Failure) [PSYoungGen: 635781K->20356K(646656K)] 646433K->31008K(2044928K), 0.0103030 secs] [Times: user=0.13 sys=0.00, real=0.01 secs] 
2020-09-29T17:59:14.618+0200: 29.318: [GC (Allocation Failure) [PSYoungGen: 614788K->26949K(648192K)] 625440K->37601K(2046464K), 0.0124483 secs] [Times: user=0.11 sys=0.00, real=0.01 secs] 
2020-09-29T17:59:14.688+0200: 29.388: [GC (Allocation Failure) [PSYoungGen: 622917K->48709K(645120K)] 633569K->59361K(2043392K), 0.0218744 secs] [Times: user=0.25 sys=0.00, real=0.02 secs] 
2020-09-29T17:59:14.764+0200: 29.464: [GC (Allocation Failure) [PSYoungGen: 644677K->41284K(638976K)] 655329K->51936K(2037248K), 0.0220541 secs] [Times: user=0.22 sys=0.00, real=0.02 secs] 
2020-09-29T17:59:14.839+0200: 29.539: [GC (Allocation Failure) [PSYoungGen: 626500K->38565K(642048K)] 637152K->49217K(2040320K), 0.0179498 secs] [Times: user=0.13 sys=0.00, real=0.02 secs] 
2020-09-29T17:59:14.911+0200: 29.612: [GC (Allocation Failure) [PSYoungGen: 623781K->49509K(635392K)] 634433K->60161K(2033664K), 0.0224574 secs] [Times: user=0.13 sys=0.00, real=0.02 secs] 
2020-09-29T17:59:14.987+0200: 29.688: [GC (Allocation Failure) [PSYoungGen: 628581K->40709K(638976K)] 639233K->51361K(2037248K), 0.0190471 secs] [Times: user=0.23 sys=0.00, real=0.02 secs] 
2020-09-29T17:59:15.059+0200: 29.759: [GC (Allocation Failure) [PSYoungGen: 619781K->31845K(641024K)] 630433K->42497K(2039296K), 0.0158343 secs] [Times: user=0.11 sys=0.00, real=0.01 secs] 
2020-09-29T17:59:15.130+0200: 29.830: [GC (Allocation Failure) [PSYoungGen: 612965K->23747K(638976K)] 623617K->34399K(2037248K), 0.0145065 secs] [Times: user=0.00 sys=0.00, real=0.01 secs] 
2020-09-29T17:59:15.199+0200: 29.900: [GC (Allocation Failure) [PSYoungGen: 604867K->30693K(643072K)] 615519K->41345K(2041344K), 0.0166823 secs] [Times: user=0.11 sys=0.00, real=0.02 secs] 
2020-09-29T17:59:15.269+0200: 29.970: [GC (Allocation Failure) [PSYoungGen: 615909K->41669K(641024K)] 626561K->52321K(2039296K), 0.0218327 secs] [Times: user=0.16 sys=0.00, real=0.02 secs] 
2020-09-29T17:59:15.345+0200: 30.046: [GC (Allocation Failure) [PSYoungGen: 626885K->38981K(642560K)] 637537K->49633K(2040832K), 0.0206656 secs] [Times: user=0.22 sys=0.00, real=0.02 secs] 
2020-09-29T17:59:15.420+0200: 30.121: [GC (Allocation Failure) [PSYoungGen: 624709K->34916K(642048K)] 635361K->45568K(2040320K), 0.0186873 secs] [Times: user=0.11 sys=0.00, real=0.02 secs] 
2020-09-29T17:59:15.491+0200: 30.192: [GC (Allocation Failure) [PSYoungGen: 620644K->32548K(646144K)] 631296K->43200K(2044416K), 0.0178083 secs] [Times: user=0.13 sys=0.00, real=0.02 secs] 
2020-09-29T17:59:15.562+0200: 30.263: [GC (Allocation Failure) [PSYoungGen: 624420K->50245K(642560K)] 635072K->60897K(2040832K), 0.0245605 secs] [Times: user=0.20 sys=0.00, real=0.02 secs] 
2020-09-29T17:59:15.644+0200: 30.345: [GC (Allocation Failure) [PSYoungGen: 642117K->25219K(642560K)] 652769K->35871K(2040832K), 0.0138472 secs] [Times: user=0.08 sys=0.02, real=0.01 secs] 
2020-09-29T17:59:15.711+0200: 30.412: [GC (Allocation Failure) [PSYoungGen: 611459K->37092K(642560K)] 622111K->47744K(2040832K), 0.0193372 secs] [Times: user=0.13 sys=0.00, real=0.02 secs] 
2020-09-29T17:59:15.785+0200: 30.486: [GC (Allocation Failure) [PSYoungGen: 623332K->35397K(645632K)] 633984K->46049K(2043904K), 0.0187747 secs] [Times: user=0.22 sys=0.00, real=0.02 secs] 
2020-09-29T17:59:15.858+0200: 30.559: [GC (Allocation Failure) [PSYoungGen: 626245K->24645K(644096K)] 636897K->35297K(2042368K), 0.0120433 secs] [Times: user=0.13 sys=0.00, real=0.01 secs] 
2020-09-29T17:59:15.925+0200: 30.626: [GC (Allocation Failure) [PSYoungGen: 615493K->41253K(644608K)] 626145K->51905K(2042880K), 0.0207593 secs] [Times: user=0.24 sys=0.00, real=0.02 secs] 
2020-09-29T17:59:16.002+0200: 30.703: [GC (Allocation Failure) [PSYoungGen: 632613K->29828K(645120K)] 643265K->40480K(2043392K), 0.0155587 secs] [Times: user=0.11 sys=0.00, real=0.02 secs] 
2020-09-29T17:59:16.072+0200: 30.773: [GC (Allocation Failure) [PSYoungGen: 621188K->33285K(647680K)] 631840K->43937K(2045952K), 0.0164650 secs] [Times: user=0.11 sys=0.00, real=0.02 secs] 
2020-09-29T17:59:16.145+0200: 30.846: [GC (Allocation Failure) [PSYoungGen: 628229K->37572K(646144K)] 638881K->48224K(2044416K), 0.0187033 secs] [Times: user=0.13 sys=0.00, real=0.02 secs] 
2020-09-29T17:59:16.223+0200: 30.924: [GC (Allocation Failure) [PSYoungGen: 632516K->44645K(644096K)] 643168K->55297K(2042368K), 0.0210225 secs] [Times: user=0.13 sys=0.00, real=0.02 secs] 
2020-09-29T17:59:16.299+0200: 30.999: [GC (Allocation Failure) [PSYoungGen: 638053K->36517K(646144K)] 648705K->47169K(2044416K), 0.0190939 secs] [Times: user=0.22 sys=0.00, real=0.02 secs] 
2020-09-29T17:59:16.374+0200: 31.074: [GC (Allocation Failure) [PSYoungGen: 629925K->41957K(646144K)] 640577K->52609K(2044416K), 0.0218118 secs] [Times: user=0.22 sys=0.00, real=0.02 secs] 
2020-09-29T17:59:16.453+0200: 31.153: [GC (Allocation Failure) [PSYoungGen: 636389K->34821K(646656K)] 647041K->45473K(2044928K), 0.0180020 secs] [Times: user=0.11 sys=0.00, real=0.02 secs] 
2020-09-29T17:59:16.525+0200: 31.226: [GC (Allocation Failure) [PSYoungGen: 629253K->24612K(646656K)] 639905K->35264K(2044928K), 0.0130793 secs] [Times: user=0.11 sys=0.00, real=0.01 secs] 
2020-09-29T17:59:16.595+0200: 31.296: [GC (Allocation Failure) [PSYoungGen: 620068K->30341K(647168K)] 630720K->40993K(2045440K), 0.0165615 secs] [Times: user=0.09 sys=0.00, real=0.02 secs] 
2020-09-29T17:59:16.669+0200: 31.370: [GC (Allocation Failure) [PSYoungGen: 625797K->37252K(648704K)] 636449K->47904K(2046976K), 0.0206962 secs] [Times: user=0.11 sys=0.00, real=0.02 secs] 
2020-09-29T17:59:16.744+0200: 31.445: [GC (Allocation Failure) [PSYoungGen: 635268K->47429K(645632K)] 645920K->58081K(2043904K), 0.0215815 secs] [Times: user=0.13 sys=0.00, real=0.02 secs] 
2020-09-29T17:59:16.823+0200: 31.525: [GC (Allocation Failure) [PSYoungGen: 645445K->43845K(643584K)] 656097K->54497K(2041856K), 0.0224363 secs] [Times: user=0.11 sys=0.00, real=0.02 secs] 
2020-09-29T17:59:16.899+0200: 31.600: [GC (Allocation Failure) [PSYoungGen: 634181K->31780K(644608K)] 644833K->42432K(2042880K), 0.0157227 secs] [Times: user=0.13 sys=0.00, real=0.02 secs] 
2020-09-29T17:59:16.968+0200: 31.669: [GC (Allocation Failure) [PSYoungGen: 622116K->45956K(642048K)] 632768K->56608K(2040320K), 0.0226625 secs] [Times: user=0.23 sys=0.00, real=0.02 secs] 
2020-09-29T17:59:17.044+0200: 31.745: [GC (Allocation Failure) [PSYoungGen: 634244K->29508K(643584K)] 644896K->40160K(2041856K), 0.0161125 secs] [Times: user=0.11 sys=0.00, real=0.02 secs] 
2020-09-29T17:59:17.113+0200: 31.814: [GC (Allocation Failure) [PSYoungGen: 617796K->29189K(644608K)] 628448K->39841K(2042880K), 0.0136454 secs] [Times: user=0.11 sys=0.00, real=0.02 secs] 
2020-09-29T17:59:17.183+0200: 31.884: [GC (Allocation Failure) [PSYoungGen: 619013K->44741K(634880K)] 629665K->55393K(2033152K), 0.0230714 secs] [Times: user=0.11 sys=0.00, real=0.02 secs] 
2020-09-29T17:59:17.262+0200: 31.962: [GC (Allocation Failure) [PSYoungGen: 634565K->46693K(638976K)] 645217K->57345K(2037248K), 0.0221046 secs] [Times: user=0.13 sys=0.00, real=0.02 secs] 
2020-09-29T17:59:17.336+0200: 32.037: [GC (Allocation Failure) [PSYoungGen: 629861K->27171K(641024K)] 640513K->37823K(2039296K), 0.0150598 secs] [Times: user=0.13 sys=0.00, real=0.02 secs] 
2020-09-29T17:59:17.403+0200: 32.104: [GC (Allocation Failure) [PSYoungGen: 610339K->36165K(643584K)] 620991K->46817K(2041856K), 0.0183826 secs] [Times: user=0.11 sys=0.00, real=0.02 secs] 
2020-09-29T17:59:17.475+0200: 32.176: [GC (Allocation Failure) [PSYoungGen: 622405K->32740K(641536K)] 633057K->43392K(2039808K), 0.0170896 secs] [Times: user=0.13 sys=0.00, real=0.02 secs] 
2020-09-29T17:59:17.549+0200: 32.250: [GC (Allocation Failure) [PSYoungGen: 618980K->29988K(645120K)] 629632K->40640K(2043392K), 0.0154074 secs] [Times: user=0.11 sys=0.00, real=0.01 secs] 
2020-09-29T17:59:17.622+0200: 32.323: [GC (Allocation Failure) [PSYoungGen: 620836K->32068K(644608K)] 631488K->42720K(2042880K), 0.0181533 secs] [Times: user=0.09 sys=0.00, real=0.02 secs] 
2020-09-29T17:59:17.697+0200: 32.398: [GC (Allocation Failure) [PSYoungGen: 622916K->35077K(648192K)] 633568K->45729K(2046464K), 0.0184224 secs] [Times: user=0.11 sys=0.00, real=0.02 secs] 
2020-09-29T17:59:17.770+0200: 32.471: [GC (Allocation Failure) [PSYoungGen: 631045K->43109K(646656K)] 641697K->53761K(2044928K), 0.0218362 secs] [Times: user=0.11 sys=0.00, real=0.02 secs] 
2020-09-29T17:59:17.847+0200: 32.548: [GC (Allocation Failure) [PSYoungGen: 639077K->35684K(648192K)] 649729K->46336K(2046464K), 0.0180018 secs] [Times: user=0.24 sys=0.02, real=0.02 secs] 
2020-09-29T17:59:17.921+0200: 32.622: [GC (Allocation Failure) [PSYoungGen: 631652K->43781K(646656K)] 642304K->54433K(2044928K), 0.0199911 secs] [Times: user=0.13 sys=0.00, real=0.02 secs] 
2020-09-29T17:59:17.997+0200: 32.698: [GC (Allocation Failure) [PSYoungGen: 639749K->37764K(648192K)] 650401K->48416K(2046464K), 0.0202910 secs] [Times: user=0.11 sys=0.00, real=0.02 secs] 
2020-09-29T17:59:18.072+0200: 32.773: [GC (Allocation Failure) [PSYoungGen: 633732K->32133K(646656K)] 644384K->42785K(2044928K), 0.0160964 secs] [Times: user=0.11 sys=0.00, real=0.02 secs] 
2020-09-29T17:59:18.155+0200: 32.856: [GC (Allocation Failure) [PSYoungGen: 628101K->40197K(648704K)] 638753K->50849K(2046976K), 0.0203744 secs] [Times: user=0.11 sys=0.00, real=0.02 secs] 
2020-09-29T17:59:18.233+0200: 32.934: [GC (Allocation Failure) [PSYoungGen: 638725K->22980K(621568K)] 649377K->33632K(2019840K), 0.0111721 secs] [Times: user=0.13 sys=0.00, real=0.01 secs] 
2020-09-29T17:59:18.300+0200: 33.001: [GC (Allocation Failure) [PSYoungGen: 621508K->47365K(641536K)] 632160K->58017K(2039808K), 0.0243114 secs] [Times: user=0.22 sys=0.00, real=0.02 secs] 
2020-09-29T17:59:18.379+0200: 33.080: [GC (Allocation Failure) [PSYoungGen: 637701K->36069K(644608K)] 648353K->46721K(2042880K), 0.0167707 secs] [Times: user=0.13 sys=0.00, real=0.02 secs] 
2020-09-29T17:59:18.455+0200: 33.156: [GC (Allocation Failure) [PSYoungGen: 626405K->52197K(637952K)] 637057K->62849K(2036224K), 0.0243213 secs] [Times: user=0.22 sys=0.00, real=0.03 secs] 
2020-09-29T17:59:18.534+0200: 33.235: [GC (Allocation Failure) [PSYoungGen: 637413K->49477K(634880K)] 648065K->60129K(2033152K), 0.0244437 secs] [Times: user=0.19 sys=0.00, real=0.03 secs] 
2020-09-29T17:59:18.615+0200: 33.316: [GC (Allocation Failure) [PSYoungGen: 634693K->46821K(638464K)] 645345K->57473K(2036736K), 0.0255867 secs] [Times: user=0.09 sys=0.00, real=0.03 secs] 
2020-09-29T17:59:18.695+0200: 33.396: [GC (Allocation Failure) [PSYoungGen: 625893K->37316K(638976K)] 636545K->47968K(2037248K), 0.0204933 secs] [Times: user=0.11 sys=0.00, real=0.02 secs] 
2020-09-29T17:59:18.767+0200: 33.468: [GC (Allocation Failure) [PSYoungGen: 616388K->28196K(640512K)] 627040K->38848K(2038784K), 0.0147803 secs] [Times: user=0.13 sys=0.00, real=0.02 secs] 
2020-09-29T17:59:18.833+0200: 33.534: [GC (Allocation Failure) [PSYoungGen: 610340K->49797K(632320K)] 620992K->60449K(2030592K), 0.0231334 secs] [Times: user=0.13 sys=0.00, real=0.02 secs] 
2020-09-29T17:59:18.908+0200: 33.609: [GC (Allocation Failure) [PSYoungGen: 631941K->29892K(638464K)] 642593K->40544K(2036736K), 0.0146395 secs] [Times: user=0.11 sys=0.00, real=0.01 secs] 
2020-09-29T17:59:18.976+0200: 33.677: [GC (Allocation Failure) [PSYoungGen: 607428K->46821K(624640K)] 618080K->57473K(2022912K), 0.0216051 secs] [Times: user=0.13 sys=0.00, real=0.02 secs] 
2020-09-29T17:59:19.048+0200: 33.749: [GC (Allocation Failure) [PSYoungGen: 624357K->33540K(638976K)] 635009K->44192K(2037248K), 0.0170592 secs] [Times: user=0.11 sys=0.00, real=0.02 secs] 
2020-09-29T17:59:19.118+0200: 33.819: [GC (Allocation Failure) [PSYoungGen: 611076K->23109K(637440K)] 621728K->33761K(2035712K), 0.0105169 secs] [Times: user=0.00 sys=0.00, real=0.01 secs] 
2020-09-29T17:59:19.182+0200: 33.883: [GC (Allocation Failure) [PSYoungGen: 600645K->26436K(638464K)] 611297K->37088K(2036736K), 0.0150733 secs] [Times: user=0.11 sys=0.00, real=0.02 secs] 
2020-09-29T17:59:19.250+0200: 33.951: [GC (Allocation Failure) [PSYoungGen: 603972K->28675K(637952K)] 614624K->39327K(2036224K), 0.0153491 secs] [Times: user=0.13 sys=0.00, real=0.02 secs] 
2020-09-29T17:59:19.319+0200: 34.020: [GC (Allocation Failure) [PSYoungGen: 606211K->45669K(637440K)] 616863K->56321K(2035712K), 0.0218258 secs] [Times: user=0.13 sys=0.00, real=0.02 secs] 
2020-09-29T17:59:19.393+0200: 34.093: [GC (Allocation Failure) [PSYoungGen: 623717K->35845K(638464K)] 634369K->46497K(2036736K), 0.0184354 secs] [Times: user=0.20 sys=0.00, real=0.02 secs] 
2020-09-29T17:59:19.468+0200: 34.169: [GC (Allocation Failure) [PSYoungGen: 613893K->39621K(641536K)] 624545K->50273K(2039808K), 0.0132998 secs] [Times: user=0.11 sys=0.00, real=0.01 secs] 
2020-09-29T17:59:19.534+0200: 34.235: [GC (Allocation Failure) [PSYoungGen: 622789K->48549K(631808K)] 633441K->59201K(2030080K), 0.0186720 secs] [Times: user=0.24 sys=0.00, real=0.02 secs] 
2020-09-29T17:59:19.605+0200: 34.306: [GC (Allocation Failure) [PSYoungGen: 631717K->43813K(638976K)] 642369K->54465K(2037248K), 0.0160224 secs] [Times: user=0.11 sys=0.00, real=0.02 secs] 
2020-09-29T17:59:19.672+0200: 34.373: [GC (Allocation Failure) [PSYoungGen: 622885K->34532K(638976K)] 633537K->45184K(2037248K), 0.0142088 secs] [Times: user=0.11 sys=0.00, real=0.01 secs] 
2020-09-29T17:59:19.737+0200: 34.438: [GC (Allocation Failure) [PSYoungGen: 613604K->25381K(640512K)] 624256K->36033K(2038784K), 0.0089597 secs] [Times: user=0.11 sys=0.00, real=0.01 secs] 
2020-09-29T17:59:19.798+0200: 34.499: [GC (Allocation Failure) [PSYoungGen: 607525K->33285K(640512K)] 618177K->43937K(2038784K), 0.0114076 secs] [Times: user=0.13 sys=0.00, real=0.01 secs] 
2020-09-29T17:59:19.863+0200: 34.564: [GC (Allocation Failure) [PSYoungGen: 615429K->25379K(642048K)] 626081K->36031K(2040320K), 0.0109071 secs] [Times: user=0.11 sys=0.00, real=0.01 secs] 
2020-09-29T17:59:19.927+0200: 34.627: [GC (Allocation Failure) [PSYoungGen: 610595K->50085K(635392K)] 621247K->60737K(2033664K), 0.0176860 secs] [Times: user=0.13 sys=0.00, real=0.02 secs] 
2020-09-29T17:59:19.995+0200: 34.696: [GC (Allocation Failure) [PSYoungGen: 635301K->47365K(634880K)] 645953K->58017K(2033152K), 0.0161031 secs] [Times: user=0.13 sys=0.00, real=0.02 secs] 
2020-09-29T17:59:20.060+0200: 34.761: [GC (Allocation Failure) [PSYoungGen: 622341K->34437K(636928K)] 632993K->45089K(2035200K), 0.0114381 secs] [Times: user=0.13 sys=0.00, real=0.01 secs] 
2020-09-29T17:59:20.121+0200: 34.822: [GC (Allocation Failure) [PSYoungGen: 609413K->32963K(640512K)] 620065K->43615K(2038784K), 0.0128204 secs] [Times: user=0.13 sys=0.00, real=0.01 secs] 
2020-09-29T17:59:20.192+0200: 34.893: [GC (Allocation Failure) [PSYoungGen: 613571K->39301K(638976K)] 624223K->49953K(2037248K), 0.0191194 secs] [Times: user=0.08 sys=0.00, real=0.02 secs] 
2020-09-29T17:59:20.262+0200: 34.963: [GC (Allocation Failure) [PSYoungGen: 619909K->30052K(642560K)] 630561K->40704K(2040832K), 0.0117173 secs] [Times: user=0.13 sys=0.00, real=0.01 secs] 
2020-09-29T17:59:20.325+0200: 35.026: [GC (Allocation Failure) [PSYoungGen: 615268K->40997K(641536K)] 625920K->51649K(2039808K), 0.0147452 secs] [Times: user=0.13 sys=0.00, real=0.01 secs] 
2020-09-29T17:59:20.390+0200: 35.091: [GC (Allocation Failure) [PSYoungGen: 626213K->38245K(644096K)] 636865K->48897K(2042368K), 0.0133834 secs] [Times: user=0.13 sys=0.00, real=0.01 secs] 
2020-09-29T17:59:20.454+0200: 35.155: [GC (Allocation Failure) [PSYoungGen: 626021K->23044K(642560K)] 636673K->33696K(2040832K), 0.0078489 secs] [Times: user=0.13 sys=0.00, real=0.01 secs] 
2020-09-29T17:59:20.512+0200: 35.213: [GC (Allocation Failure) [PSYoungGen: 610820K->22468K(642560K)] 621472K->33120K(2040832K), 0.0081915 secs] [Times: user=0.13 sys=0.00, real=0.01 secs] 
2020-09-29T17:59:20.571+0200: 35.272: [GC (Allocation Failure) [PSYoungGen: 609732K->35461K(643072K)] 620384K->46113K(2041344K), 0.0130542 secs] [Times: user=0.11 sys=0.00, real=0.01 secs] 
2020-09-29T17:59:20.637+0200: 35.338: [GC (Allocation Failure) [PSYoungGen: 622725K->16739K(642048K)] 633377K->27391K(2040320K), 0.0082196 secs] [Times: user=0.13 sys=0.00, real=0.01 secs] 
2020-09-29T17:59:20.696+0200: 35.397: [GC (Allocation Failure) [PSYoungGen: 605027K->44453K(632832K)] 615679K->55105K(2031104K), 0.0153108 secs] [Times: user=0.13 sys=0.00, real=0.02 secs] 
2020-09-29T17:59:20.763+0200: 35.464: [GC (Allocation Failure) [PSYoungGen: 632741K->44869K(638464K)] 643393K->55521K(2036736K), 0.0154641 secs] [Times: user=0.13 sys=0.00, real=0.02 secs] 
2020-09-29T17:59:20.828+0200: 35.529: [GC (Allocation Failure) [PSYoungGen: 625989K->22917K(640000K)] 636641K->33569K(2038272K), 0.0085976 secs] [Times: user=0.13 sys=0.00, real=0.01 secs] 
2020-09-29T17:59:20.887+0200: 35.588: [GC (Allocation Failure) [PSYoungGen: 604037K->43493K(637952K)] 614689K->54145K(2036224K), 0.0150946 secs] [Times: user=0.13 sys=0.00, real=0.02 secs] 
2020-09-29T17:59:20.952+0200: 35.653: [GC (Allocation Failure) [PSYoungGen: 622565K->34693K(638976K)] 633217K->45345K(2037248K), 0.0119447 secs] [Times: user=0.13 sys=0.00, real=0.01 secs] 
2020-09-29T17:59:21.013+0200: 35.714: [GC (Allocation Failure) [PSYoungGen: 613765K->53189K(632320K)] 624417K->63841K(2030592K), 0.0174712 secs] [Times: user=0.13 sys=0.00, real=0.02 secs] 
2020-09-29T17:59:21.080+0200: 35.781: [GC (Allocation Failure) [PSYoungGen: 628165K->40197K(636928K)] 638817K->50849K(2035200K), 0.0135520 secs] [Times: user=0.13 sys=0.00, real=0.01 secs] 
2020-09-29T17:59:21.144+0200: 35.845: [GC (Allocation Failure) [PSYoungGen: 615173K->26500K(638976K)] 625825K->37152K(2037248K), 0.0094906 secs] [Times: user=0.13 sys=0.00, real=0.01 secs] 
2020-09-29T17:59:21.205+0200: 35.906: [GC (Allocation Failure) [PSYoungGen: 604548K->44037K(637952K)] 615200K->54689K(2036224K), 0.0177573 secs] [Times: user=0.09 sys=0.00, real=0.02 secs] 
2020-09-29T17:59:21.273+0200: 35.974: [GC (Allocation Failure) [PSYoungGen: 622085K->33924K(640000K)] 632737K->44576K(2038272K), 0.0126911 secs] [Times: user=0.13 sys=0.00, real=0.01 secs] 
2020-09-29T17:59:21.336+0200: 36.037: [GC (Allocation Failure) [PSYoungGen: 612996K->24612K(637952K)] 623648K->35264K(2036224K), 0.0095372 secs] [Times: user=0.00 sys=0.00, real=0.01 secs] 
2020-09-29T17:59:21.396+0200: 36.097: [GC (Allocation Failure) [PSYoungGen: 603684K->29445K(641536K)] 614336K->40097K(2039808K), 0.0104290 secs] [Times: user=0.00 sys=0.00, real=0.01 secs] 
2020-09-29T17:59:21.461+0200: 36.162: [GC (Allocation Failure) [PSYoungGen: 612101K->23397K(640000K)] 622753K->34049K(2038272K), 0.0078935 secs] [Times: user=0.00 sys=0.00, real=0.01 secs] 
2020-09-29T17:59:21.520+0200: 36.221: [GC (Allocation Failure) [PSYoungGen: 606053K->16418K(640000K)] 616705K->27070K(2038272K), 0.0077490 secs] [Times: user=0.00 sys=0.00, real=0.01 secs] 
2020-09-29T17:59:21.578+0200: 36.279: [GC (Allocation Failure) [PSYoungGen: 599586K->38981K(641024K)] 610238K->49633K(2039296K), 0.0147705 secs] [Times: user=0.11 sys=0.00, real=0.02 secs] 
2020-09-29T17:59:21.652+0200: 36.353: [GC (Allocation Failure) [PSYoungGen: 622149K->33828K(643072K)] 632801K->44480K(2041344K), 0.0118917 secs] [Times: user=0.13 sys=0.00, real=0.01 secs] 
2020-09-29T17:59:21.714+0200: 36.415: [GC (Allocation Failure) [PSYoungGen: 619044K->31141K(641024K)] 629696K->41793K(2039296K), 0.0112250 secs] [Times: user=0.13 sys=0.00, real=0.01 secs] 
2020-09-29T17:59:21.780+0200: 36.481: [GC (Allocation Failure) [PSYoungGen: 616357K->24867K(646144K)] 627009K->35519K(2044416K), 0.0106324 secs] [Times: user=0.13 sys=0.00, real=0.01 secs] 
2020-09-29T17:59:21.842+0200: 36.544: [GC (Allocation Failure) [PSYoungGen: 617251K->29317K(645120K)] 627903K->39969K(2043392K), 0.0107417 secs] [Times: user=0.13 sys=0.00, real=0.01 secs] 
2020-09-29T17:59:21.908+0200: 36.609: [GC (Allocation Failure) [PSYoungGen: 621701K->33637K(648704K)] 632353K->44289K(2046976K), 0.0119360 secs] [Times: user=0.13 sys=0.00, real=0.01 secs] 
2020-09-29T17:59:21.972+0200: 36.673: [GC (Allocation Failure) [PSYoungGen: 631141K->28261K(647680K)] 641793K->38913K(2045952K), 0.0096514 secs] [Times: user=0.13 sys=0.00, real=0.01 secs] 
2020-09-29T17:59:22.033+0200: 36.734: [GC (Allocation Failure) [PSYoungGen: 625765K->48613K(637952K)] 636417K->62137K(2036224K), 0.0182014 secs] [Times: user=0.23 sys=0.02, real=0.02 secs] 
2020-09-29T17:59:22.102+0200: 36.803: [GC (Allocation Failure) [PSYoungGen: 637925K->39269K(644096K)] 651449K->52793K(2042368K), 0.0135456 secs] [Times: user=0.13 sys=0.00, real=0.01 secs] 
2020-09-29T17:59:22.167+0200: 36.868: [GC (Allocation Failure) [PSYoungGen: 628581K->39748K(644096K)] 642105K->53272K(2042368K), 0.0145576 secs] [Times: user=0.13 sys=0.00, real=0.01 secs] 
2020-09-29T17:59:22.236+0200: 36.937: [GC (Allocation Failure) [PSYoungGen: 629060K->26436K(644096K)] 642584K->39960K(2042368K), 0.0097949 secs] [Times: user=0.13 sys=0.00, real=0.01 secs] 
2020-09-29T17:59:22.297+0200: 36.998: [GC (Allocation Failure) [PSYoungGen: 615748K->27877K(645632K)] 629272K->41401K(2043904K), 0.0091600 secs] [Times: user=0.13 sys=0.00, real=0.01 secs] 
2020-09-29T17:59:22.359+0200: 37.060: [GC (Allocation Failure) [PSYoungGen: 619237K->31237K(644608K)] 632761K->44761K(2042880K), 0.0112452 secs] [Times: user=0.13 sys=0.00, real=0.01 secs] 
2020-09-29T17:59:22.425+0200: 37.127: [GC (Allocation Failure) [PSYoungGen: 622597K->34661K(648704K)] 636121K->48185K(2046976K), 0.0121951 secs] [Times: user=0.03 sys=0.00, real=0.01 secs] 
2020-09-29T17:59:22.489+0200: 37.190: [GC (Allocation Failure) [PSYoungGen: 631653K->43749K(641024K)] 645177K->57273K(2039296K), 0.0147698 secs] [Times: user=0.02 sys=0.00, real=0.01 secs] 
2020-09-29T17:59:22.555+0200: 37.257: [GC (Allocation Failure) [PSYoungGen: 640741K->38372K(646656K)] 654265K->51896K(2044928K), 0.0146985 secs] [Times: user=0.11 sys=0.00, real=0.01 secs] 
2020-09-29T17:59:22.623+0200: 37.324: [GC (Allocation Failure) [PSYoungGen: 632292K->29859K(646144K)] 645816K->43383K(2044416K), 0.0122148 secs] [Times: user=0.13 sys=0.00, real=0.01 secs] 
2020-09-29T17:59:22.689+0200: 37.390: [GC (Allocation Failure) [PSYoungGen: 623779K->34117K(649216K)] 637303K->47641K(2047488K), 0.0120735 secs] [Times: user=0.13 sys=0.00, real=0.01 secs] 
2020-09-29T17:59:22.764+0200: 37.464: [GC (Allocation Failure) [PSYoungGen: 632133K->30404K(647680K)] 645657K->43928K(2045952K), 0.0115412 secs] [Times: user=0.13 sys=0.00, real=0.01 secs] 
2020-09-29T17:59:22.826+0200: 37.527: [GC (Allocation Failure) [PSYoungGen: 628420K->39780K(648192K)] 641944K->53304K(2046464K), 0.0147298 secs] [Times: user=0.13 sys=0.00, real=0.02 secs] 
2020-09-29T17:59:22.893+0200: 37.594: [GC (Allocation Failure) [PSYoungGen: 639332K->37733K(649216K)] 652856K->51257K(2047488K), 0.0138110 secs] [Times: user=0.09 sys=0.00, real=0.01 secs] 
2020-09-29T17:59:22.960+0200: 37.660: [GC (Allocation Failure) [PSYoungGen: 637285K->35685K(650752K)] 650809K->49209K(2049024K), 0.0119324 secs] [Times: user=0.00 sys=0.00, real=0.01 secs] 
2020-09-29T17:59:23.024+0200: 37.724: [GC (Allocation Failure) [PSYoungGen: 636401K->20099K(649728K)] 649926K->33623K(2048000K), 0.0077355 secs] [Times: user=0.00 sys=0.00, real=0.01 secs] 
2020-09-29T17:59:23.084+0200: 37.784: [GC (Allocation Failure) [PSYoungGen: 621699K->47461K(641536K)] 635223K->60985K(2039808K), 0.0160098 secs] [Times: user=0.13 sys=0.00, real=0.02 secs] 
2020-09-29T17:59:23.151+0200: 37.851: [GC (Allocation Failure) [PSYoungGen: 639845K->24004K(645632K)] 653369K->37528K(2043904K), 0.0086786 secs] [Times: user=0.00 sys=0.00, real=0.01 secs] 
2020-09-29T17:59:23.218+0200: 37.918: [GC (Allocation Failure) [PSYoungGen: 616388K->40677K(644608K)] 629912K->54201K(2042880K), 0.0152122 secs] [Times: user=0.13 sys=0.00, real=0.02 secs] 
2020-09-29T17:59:23.287+0200: 37.987: [GC (Allocation Failure) [PSYoungGen: 632037K->44165K(635904K)] 645561K->57689K(2034176K), 0.0150601 secs] [Times: user=0.00 sys=0.02, real=0.02 secs] 
2020-09-29T17:59:23.354+0200: 38.054: [GC (Allocation Failure) [PSYoungGen: 635525K->47557K(638464K)] 649049K->61081K(2036736K), 0.0157179 secs] [Times: user=0.13 sys=0.00, real=0.01 secs] 
2020-09-29T17:59:23.420+0200: 38.120: [GC (Allocation Failure) [PSYoungGen: 630725K->42661K(626176K)] 644249K->56185K(2024448K), 0.0150562 secs] [Times: user=0.13 sys=0.00, real=0.01 secs] 
2020-09-29T17:59:23.486+0200: 38.186: [GC (Allocation Failure) [PSYoungGen: 625829K->37861K(642560K)] 639353K->51385K(2040832K), 0.0126898 secs] [Times: user=0.13 sys=0.00, real=0.01 secs] 
2020-09-29T17:59:23.549+0200: 38.249: [GC (Allocation Failure) [PSYoungGen: 622053K->19204K(640512K)] 635577K->32728K(2038784K), 0.0072403 secs] [Times: user=0.13 sys=0.00, real=0.01 secs] 
2020-09-29T17:59:23.611+0200: 38.311: [GC (Allocation Failure) [PSYoungGen: 603396K->42853K(640512K)] 616920K->56377K(2038784K), 0.0161624 secs] [Times: user=0.11 sys=0.00, real=0.02 secs] 
2020-09-29T17:59:23.678+0200: 38.378: [GC (Allocation Failure) [PSYoungGen: 626021K->51813K(635392K)] 639545K->65337K(2033664K), 0.0170082 secs] [Times: user=0.13 sys=0.00, real=0.02 secs] 
2020-09-29T17:59:23.746+0200: 38.446: [GC (Allocation Failure) [PSYoungGen: 634981K->33220K(638976K)] 648505K->46744K(2037248K), 0.0121822 secs] [Times: user=0.13 sys=0.00, real=0.01 secs] 
2020-09-29T17:59:23.808+0200: 38.508: [GC (Allocation Failure) [PSYoungGen: 610756K->50213K(628224K)] 624280K->63737K(2026496K), 0.0163236 secs] [Times: user=0.13 sys=0.00, real=0.02 secs] 
2020-09-29T17:59:23.874+0200: 38.574: [GC (Allocation Failure) [PSYoungGen: 627749K->53541K(630272K)] 641273K->67065K(2028544K), 0.0182172 secs] [Times: user=0.13 sys=0.00, real=0.02 secs] 
2020-09-29T17:59:23.942+0200: 38.642: [GC (Allocation Failure) [PSYoungGen: 621349K->47077K(614912K)] 634873K->60601K(2013184K), 0.0159724 secs] [Times: user=0.14 sys=0.00, real=0.02 secs] 
2020-09-29T17:59:24.008+0200: 38.708: [GC (Allocation Failure) [PSYoungGen: 614885K->54277K(628736K)] 628409K->67801K(2027008K), 0.0207461 secs] [Times: user=0.13 sys=0.00, real=0.02 secs] 
2020-09-29T17:59:24.081+0200: 38.781: [GC (Allocation Failure) [PSYoungGen: 616965K->29061K(630784K)] 630489K->42585K(2029056K), 0.0118528 secs] [Times: user=0.09 sys=0.00, real=0.01 secs] 
2020-09-29T17:59:24.145+0200: 38.845: [GC (Allocation Failure) [PSYoungGen: 591749K->44901K(632320K)] 605273K->58425K(2030592K), 0.0168053 secs] [Times: user=0.22 sys=0.00, real=0.02 secs] 
2020-09-29T17:59:24.214+0200: 38.914: [GC (Allocation Failure) [PSYoungGen: 609125K->33157K(630784K)] 622649K->46681K(2029056K), 0.0143522 secs] [Times: user=0.13 sys=0.00, real=0.01 secs] 
2020-09-29T17:59:24.278+0200: 38.978: [GC (Allocation Failure) [PSYoungGen: 597381K->35268K(634880K)] 610905K->48792K(2033152K), 0.0130018 secs] [Times: user=0.13 sys=0.00, real=0.01 secs] 
2020-09-29T17:59:24.340+0200: 39.041: [GC (Allocation Failure) [PSYoungGen: 604612K->44069K(633344K)] 618136K->57593K(2031616K), 0.0156221 secs] [Times: user=0.13 sys=0.00, real=0.02 secs] 
2020-09-29T17:59:24.405+0200: 39.106: [GC (Allocation Failure) [PSYoungGen: 613413K->25477K(634880K)] 626937K->39001K(2033152K), 0.0090386 secs] [Times: user=0.13 sys=0.00, real=0.01 secs] 
2020-09-29T17:59:24.463+0200: 39.164: [GC (Allocation Failure) [PSYoungGen: 597381K->50437K(622592K)] 610905K->63961K(2020864K), 0.0172084 secs] [Times: user=0.13 sys=0.00, real=0.02 secs] 
2020-09-29T17:59:24.530+0200: 39.231: [GC (Allocation Failure) [PSYoungGen: 622341K->32740K(634880K)] 635865K->46264K(2033152K), 0.0123016 secs] [Times: user=0.13 sys=0.00, real=0.01 secs] 
2020-09-29T17:59:24.592+0200: 39.293: [GC (Allocation Failure) [PSYoungGen: 602084K->41316K(633344K)] 615608K->54840K(2031616K), 0.0161555 secs] [Times: user=0.11 sys=0.00, real=0.02 secs] 
2020-09-29T17:59:24.658+0200: 39.359: [GC (Allocation Failure) [PSYoungGen: 610660K->22116K(635392K)] 624184K->35640K(2033664K), 0.0086057 secs] [Times: user=0.13 sys=0.00, real=0.01 secs] 
2020-09-29T17:59:24.718+0200: 39.418: [GC (Allocation Failure) [PSYoungGen: 595044K->34469K(635904K)] 608568K->47993K(2034176K), 0.0117438 secs] [Times: user=0.13 sys=0.00, real=0.01 secs] 
2020-09-29T17:59:24.780+0200: 39.481: [GC (Allocation Failure) [PSYoungGen: 607397K->33221K(639488K)] 620921K->46745K(2037760K), 0.0119307 secs] [Times: user=0.13 sys=0.00, real=0.01 secs] 
2020-09-29T17:59:24.845+0200: 39.545: [GC (Allocation Failure) [PSYoungGen: 611781K->35877K(637952K)] 625305K->49401K(2036224K), 0.0122437 secs] [Times: user=0.13 sys=0.00, real=0.01 secs] 
2020-09-29T17:59:24.907+0200: 39.608: [GC (Allocation Failure) [PSYoungGen: 614437K->40229K(642048K)] 627961K->53753K(2040320K), 0.0146105 secs] [Times: user=0.13 sys=0.00, real=0.01 secs] 
2020-09-29T17:59:24.972+0200: 39.672: [GC (Allocation Failure) [PSYoungGen: 624933K->49989K(634880K)] 638457K->63513K(2033152K), 0.0170871 secs] [Times: user=0.25 sys=0.00, real=0.02 secs] 
2020-09-29T17:59:25.039+0200: 39.740: [GC (Allocation Failure) [PSYoungGen: 634693K->31267K(640512K)] 648217K->44791K(2038784K), 0.0118802 secs] [Times: user=0.13 sys=0.00, real=0.01 secs] 
2020-09-29T17:59:25.101+0200: 39.801: [GC (Allocation Failure) [PSYoungGen: 612387K->36037K(639488K)] 625911K->49561K(2037760K), 0.0131809 secs] [Times: user=0.13 sys=0.00, real=0.01 secs] 
2020-09-29T17:59:25.165+0200: 39.866: [GC (Allocation Failure) [PSYoungGen: 617157K->42884K(642048K)] 630681K->56408K(2040320K), 0.0149033 secs] [Times: user=0.13 sys=0.00, real=0.02 secs] 
2020-09-29T17:59:25.233+0200: 39.934: [GC (Allocation Failure) [PSYoungGen: 628100K->40197K(642048K)] 641624K->53721K(2040320K), 0.0130605 secs] [Times: user=0.13 sys=0.00, real=0.01 secs] 
2020-09-29T17:59:25.297+0200: 39.998: [GC (Allocation Failure) [PSYoungGen: 625163K->34243K(644096K)] 638687K->47767K(2042368K), 0.0128288 secs] [Times: user=0.13 sys=0.00, real=0.01 secs] 
2020-09-29T17:59:25.361+0200: 40.061: [GC (Allocation Failure) [PSYoungGen: 622531K->34339K(643072K)] 636055K->47863K(2041344K), 0.0129137 secs] [Times: user=0.13 sys=0.00, real=0.01 secs] 
2020-09-29T17:59:25.425+0200: 40.125: [GC (Allocation Failure) [PSYoungGen: 622627K->48357K(640000K)] 636151K->61881K(2038272K), 0.0160939 secs] [Times: user=0.13 sys=0.00, real=0.02 secs] 
2020-09-29T17:59:25.492+0200: 40.193: [GC (Allocation Failure) [PSYoungGen: 634597K->43620K(642560K)] 648121K->57144K(2040832K), 0.0152120 secs] [Times: user=0.13 sys=0.00, real=0.01 secs] 
2020-09-29T17:59:25.558+0200: 40.259: [GC (Allocation Failure) [PSYoungGen: 629860K->25732K(641536K)] 643384K->39256K(2039808K), 0.0092641 secs] [Times: user=0.13 sys=0.00, real=0.01 secs] 
2020-09-29T17:59:25.620+0200: 40.321: [GC (Allocation Failure) [PSYoungGen: 610948K->36644K(642048K)] 624472K->50168K(2040320K), 0.0136538 secs] [Times: user=0.11 sys=0.00, real=0.01 secs] 
2020-09-29T17:59:25.687+0200: 40.388: [GC (Allocation Failure) [PSYoungGen: 621860K->20068K(641536K)] 635384K->33592K(2039808K), 0.0076281 secs] [Times: user=0.13 sys=0.00, real=0.01 secs] 
2020-09-29T17:59:25.747+0200: 40.447: [GC (Allocation Failure) [PSYoungGen: 606308K->45765K(632320K)] 619832K->59289K(2030592K), 0.0161023 secs] [Times: user=0.13 sys=0.00, real=0.02 secs] 
2020-09-29T17:59:25.814+0200: 40.515: [GC (Allocation Failure) [PSYoungGen: 632005K->28996K(641536K)] 645529K->42520K(2039808K), 0.0108111 secs] [Times: user=0.13 sys=0.00, real=0.01 secs] 
2020-09-29T17:59:25.876+0200: 40.577: [GC (Allocation Failure) [PSYoungGen: 612676K->52133K(635904K)] 626200K->65657K(2034176K), 0.0188482 secs] [Times: user=0.24 sys=0.00, real=0.02 secs] 
2020-09-29T17:59:25.946+0200: 40.647: [GC (Allocation Failure) [PSYoungGen: 635813K->34213K(639488K)] 649337K->47737K(2037760K), 0.0122146 secs] [Times: user=0.13 sys=0.00, real=0.01 secs] 
2020-09-29T17:59:26.009+0200: 40.710: [GC (Allocation Failure) [PSYoungGen: 612773K->38565K(637952K)] 626297K->52089K(2036224K), 0.0135275 secs] [Times: user=0.13 sys=0.00, real=0.01 secs] 
2020-09-29T17:59:26.073+0200: 40.774: [GC (Allocation Failure) [PSYoungGen: 617125K->42885K(641024K)] 630649K->56409K(2039296K), 0.0144773 secs] [Times: user=0.13 sys=0.00, real=0.01 secs] 
2020-09-29T17:59:26.138+0200: 40.839: [GC (Allocation Failure) [PSYoungGen: 626053K->24453K(641024K)] 639577K->37977K(2039296K), 0.0085623 secs] [Times: user=0.13 sys=0.00, real=0.01 secs] 
2020-09-29T17:59:26.198+0200: 40.899: [GC (Allocation Failure) [PSYoungGen: 607621K->47013K(636928K)] 621145K->60537K(2035200K), 0.0215395 secs] [Times: user=0.09 sys=0.00, real=0.02 secs] 
2020-09-29T17:59:26.271+0200: 40.972: [GC (Allocation Failure) [PSYoungGen: 626085K->51845K(631296K)] 639609K->65369K(2029568K), 0.0171072 secs] [Times: user=0.13 sys=0.00, real=0.02 secs] 
2020-09-29T17:59:26.338+0200: 41.039: [GC (Allocation Failure) [PSYoungGen: 630917K->14434K(632832K)] 644441K->27958K(2031104K), 0.0073843 secs] [Times: user=0.00 sys=0.00, real=0.01 secs] 
2020-09-29T17:59:26.395+0200: 41.096: [GC (Allocation Failure) [PSYoungGen: 584290K->37445K(634368K)] 597814K->50969K(2032640K), 0.0133279 secs] [Times: user=0.00 sys=0.00, real=0.01 secs] 
2020-09-29T17:59:26.458+0200: 41.159: [GC (Allocation Failure) [PSYoungGen: 607301K->32484K(638464K)] 620825K->46008K(2036736K), 0.0116665 secs] [Times: user=0.00 sys=0.00, real=0.01 secs] 
2020-09-29T17:59:26.520+0200: 41.221: [GC (Allocation Failure) [PSYoungGen: 608996K->34757K(636928K)] 622520K->48281K(2035200K), 0.0120115 secs] [Times: user=0.00 sys=0.00, real=0.01 secs] 
2020-09-29T17:59:26.586+0200: 41.287: [GC (Allocation Failure) [PSYoungGen: 611269K->50661K(634368K)] 624793K->64185K(2032640K), 0.0185492 secs] [Times: user=0.11 sys=0.00, real=0.02 secs] 
2020-09-29T17:59:26.659+0200: 41.360: [GC (Allocation Failure) [PSYoungGen: 626661K->22725K(637440K)] 640185K->36249K(2035712K), 0.0088102 secs] [Times: user=0.13 sys=0.00, real=0.01 secs] 
2020-09-29T17:59:26.717+0200: 41.418: [GC (Allocation Failure) [PSYoungGen: 598725K->24517K(637952K)] 612249K->38041K(2036224K), 0.0086038 secs] [Times: user=0.13 sys=0.00, real=0.01 secs] 
2020-09-29T17:59:26.776+0200: 41.477: [GC (Allocation Failure) [PSYoungGen: 601029K->39077K(637440K)] 614553K->52601K(2035712K), 0.0141256 secs] [Times: user=0.13 sys=0.00, real=0.01 secs] 
2020-09-29T17:59:26.842+0200: 41.543: [GC (Allocation Failure) [PSYoungGen: 615589K->55045K(628736K)] 629113K->68569K(2027008K), 0.0192376 secs] [Times: user=0.13 sys=0.00, real=0.02 secs] 
2020-09-29T17:59:26.911+0200: 41.612: [GC (Allocation Failure) [PSYoungGen: 623877K->35973K(633856K)] 637401K->49497K(2032128K), 0.0125105 secs] [Times: user=0.00 sys=0.00, real=0.01 secs] 
2020-09-29T17:59:26.972+0200: 41.673: [GC (Allocation Failure) [PSYoungGen: 604805K->44261K(636416K)] 618329K->57785K(2034688K), 0.0148364 secs] [Times: user=0.13 sys=0.00, real=0.02 secs] 
2020-09-29T17:59:27.036+0200: 41.737: [GC (Allocation Failure) [PSYoungGen: 618213K->30245K(636416K)] 631737K->43769K(2034688K), 0.0112449 secs] [Times: user=0.00 sys=0.00, real=0.02 secs] 
2020-09-29T17:59:27.105+0200: 41.806: [GC (Allocation Failure) [PSYoungGen: 604197K->28964K(638464K)] 617721K->42488K(2036736K), 0.0137192 secs] [Times: user=0.08 sys=0.00, real=0.01 secs] 
2020-09-29T17:59:27.173+0200: 41.873: [GC (Allocation Failure) [PSYoungGen: 605391K->29091K(637440K)] 618915K->42615K(2035712K), 0.0142076 secs] [Times: user=0.13 sys=0.00, real=0.01 secs] 
2020-09-29T17:59:27.239+0200: 41.939: [GC (Allocation Failure) [PSYoungGen: 606115K->45412K(637440K)] 619639K->58936K(2035712K), 0.0160493 secs] [Times: user=0.09 sys=0.00, real=0.02 secs] 
2020-09-29T17:59:27.305+0200: 42.005: [GC (Allocation Failure) [PSYoungGen: 623460K->34628K(638464K)] 636984K->48152K(2036736K), 0.0128613 secs] [Times: user=0.13 sys=0.00, real=0.01 secs] 
2020-09-29T17:59:27.370+0200: 42.071: [GC (Allocation Failure) [PSYoungGen: 612676K->38437K(642048K)] 626200K->51961K(2040320K), 0.0128947 secs] [Times: user=0.13 sys=0.00, real=0.01 secs] 
2020-09-29T17:59:27.433+0200: 42.134: [GC (Allocation Failure) [PSYoungGen: 622117K->34277K(640512K)] 635641K->47801K(2038784K), 0.0122659 secs] [Times: user=0.13 sys=0.00, real=0.01 secs] 
2020-09-29T17:59:27.496+0200: 42.196: [GC (Allocation Failure) [PSYoungGen: 617957K->28228K(644096K)] 631481K->41752K(2042368K), 0.0109293 secs] [Times: user=0.13 sys=0.00, real=0.01 secs] 
2020-09-29T17:59:27.557+0200: 42.257: [GC (Allocation Failure) [PSYoungGen: 617028K->42725K(631808K)] 630552K->56249K(2030080K), 0.0144761 secs] [Times: user=0.13 sys=0.00, real=0.02 secs] 
2020-09-29T17:59:27.624+0200: 42.324: [GC (Allocation Failure) [PSYoungGen: 631525K->43653K(642048K)] 645049K->57177K(2040320K), 0.0153446 secs] [Times: user=0.13 sys=0.00, real=0.02 secs] 
2020-09-29T17:59:27.690+0200: 42.391: [GC (Allocation Failure) [PSYoungGen: 629893K->42021K(642560K)] 643417K->55545K(2040832K), 0.0146174 secs] [Times: user=0.13 sys=0.00, real=0.01 secs] 
2020-09-29T17:59:27.756+0200: 42.456: [GC (Allocation Failure) [PSYoungGen: 628261K->26020K(642560K)] 641785K->39544K(2040832K), 0.0099771 secs] [Times: user=0.00 sys=0.00, real=0.01 secs] 
2020-09-29T17:59:27.816+0200: 42.516: [GC (Allocation Failure) [PSYoungGen: 612260K->21155K(607744K)] 625784K->34679K(2006016K), 0.0091545 secs] [Times: user=0.13 sys=0.00, real=0.01 secs] 
2020-09-29T17:59:27.877+0200: 42.577: [GC (Allocation Failure) [PSYoungGen: 607395K->33157K(643584K)] 620919K->46681K(2041856K), 0.0113229 secs] [Times: user=0.13 sys=0.00, real=0.01 secs] 
2020-09-29T17:59:27.940+0200: 42.640: [GC (Allocation Failure) [PSYoungGen: 619397K->43429K(641536K)] 632921K->56953K(2039808K), 0.0147680 secs] [Times: user=0.13 sys=0.00, real=0.01 secs] 
2020-09-29T17:59:28.005+0200: 42.705: [GC (Allocation Failure) [PSYoungGen: 629669K->26180K(643072K)] 643193K->39704K(2041344K), 0.0099820 secs] [Times: user=0.00 sys=0.00, real=0.01 secs] 
2020-09-29T17:59:28.069+0200: 42.770: [GC (Allocation Failure) [PSYoungGen: 612932K->37956K(642560K)] 626456K->51480K(2040832K), 0.0130325 secs] [Times: user=0.00 sys=0.00, real=0.01 secs] 
2020-09-29T17:59:28.133+0200: 42.833: [GC (Allocation Failure) [PSYoungGen: 624708K->35588K(645632K)] 638232K->49112K(2043904K), 0.0133512 secs] [Times: user=0.13 sys=0.00, real=0.01 secs] 
2020-09-29T17:59:28.199+0200: 42.899: [GC (Allocation Failure) [PSYoungGen: 625924K->23908K(643584K)] 639448K->37432K(2041856K), 0.0125518 secs] [Times: user=0.11 sys=0.00, real=0.01 secs] 
2020-09-29T17:59:28.265+0200: 42.965: [GC (Allocation Failure) [PSYoungGen: 614244K->25061K(646144K)] 627768K->38585K(2044416K), 0.0084781 secs] [Times: user=0.13 sys=0.00, real=0.01 secs] 
2020-09-29T17:59:28.323+0200: 43.024: [GC (Allocation Failure) [PSYoungGen: 617957K->43813K(636928K)] 631481K->57337K(2035200K), 0.0148388 secs] [Times: user=0.13 sys=0.00, real=0.02 secs] 
2020-09-29T17:59:28.389+0200: 43.090: [GC (Allocation Failure) [PSYoungGen: 636709K->35109K(645632K)] 650233K->48633K(2043904K), 0.0124611 secs] [Times: user=0.13 sys=0.00, real=0.02 secs] 
2020-09-29T17:59:28.467+0200: 43.168: [GC (Allocation Failure) [PSYoungGen: 625957K->37733K(644096K)] 639481K->51257K(2042368K), 0.0131739 secs] [Times: user=0.13 sys=0.00, real=0.01 secs] 
2020-09-29T17:59:28.531+0200: 43.232: [GC (Allocation Failure) [PSYoungGen: 628581K->40677K(645120K)] 642105K->54201K(2043392K), 0.0141716 secs] [Times: user=0.13 sys=0.00, real=0.02 secs] 
2020-09-29T17:59:28.598+0200: 43.299: [GC (Allocation Failure) [PSYoungGen: 633061K->31268K(645632K)] 646585K->44792K(2043904K), 0.0123877 secs] [Times: user=0.00 sys=0.00, real=0.01 secs] 
2020-09-29T17:59:28.662+0200: 43.363: [GC (Allocation Failure) [PSYoungGen: 623652K->20483K(645632K)] 637176K->34007K(2043904K), 0.0080124 secs] [Times: user=0.00 sys=0.00, real=0.01 secs] 
2020-09-29T17:59:28.721+0200: 43.422: [GC (Allocation Failure) [PSYoungGen: 613891K->10403K(604160K)] 627415K->23927K(2002432K), 0.0045861 secs] [Times: user=0.13 sys=0.00, real=0.01 secs] 
2020-09-29T17:59:28.789+0200: 43.490: [GC (Allocation Failure) [PSYoungGen: 603811K->43268K(640000K)] 617335K->56792K(2038272K), 0.0168166 secs] [Times: user=0.13 sys=0.00, real=0.02 secs] 
2020-09-29T17:59:28.860+0200: 43.561: [GC (Allocation Failure) [PSYoungGen: 628484K->26180K(642048K)] 642008K->39704K(2040320K), 0.0124054 secs] [Times: user=0.11 sys=0.00, real=0.01 secs] 
2020-09-29T17:59:28.926+0200: 43.627: [GC (Allocation Failure) [PSYoungGen: 611396K->22211K(644096K)] 624920K->35735K(2042368K), 0.0088803 secs] [Times: user=0.00 sys=0.00, real=0.01 secs] 
2020-09-29T17:59:28.985+0200: 43.686: [GC (Allocation Failure) [PSYoungGen: 610499K->21027K(643072K)] 624023K->34551K(2041344K), 0.0081336 secs] [Times: user=0.13 sys=0.00, real=0.01 secs] 
2020-09-29T17:59:29.047+0200: 43.748: [GC (Allocation Failure) [PSYoungGen: 609315K->33732K(645632K)] 622839K->47256K(2043904K), 0.0120042 secs] [Times: user=0.13 sys=0.00, real=0.01 secs] 
2020-09-29T17:59:29.111+0200: 43.812: [GC (Allocation Failure) [PSYoungGen: 625092K->37221K(644608K)] 638616K->50745K(2042880K), 0.0135588 secs] [Times: user=0.11 sys=0.00, real=0.01 secs] 
2020-09-29T17:59:29.177+0200: 43.878: [GC (Allocation Failure) [PSYoungGen: 628581K->40645K(642560K)] 642105K->54169K(2040832K), 0.0139040 secs] [Times: user=0.00 sys=0.00, real=0.01 secs] 
2020-09-29T17:59:29.244+0200: 43.945: [GC (Allocation Failure) [PSYoungGen: 629957K->42085K(631808K)] 643481K->55609K(2030080K), 0.0152647 secs] [Times: user=0.13 sys=0.00, real=0.02 secs] 
2020-09-29T17:59:29.312+0200: 44.013: [GC (Allocation Failure) [PSYoungGen: 631397K->28453K(644096K)] 644921K->41977K(2042368K), 0.0106258 secs] [Times: user=0.13 sys=0.00, real=0.01 secs] 
2020-09-29T17:59:29.374+0200: 44.075: [GC (Allocation Failure) [PSYoungGen: 616229K->54757K(642560K)] 629753K->69121K(2040832K), 0.0190898 secs] [Times: user=0.13 sys=0.00, real=0.02 secs] 
2020-09-29T17:59:29.444+0200: 44.145: [GC (Allocation Failure) [PSYoungGen: 642533K->27429K(635392K)] 656897K->41793K(2033664K), 0.0102196 secs] [Times: user=0.00 sys=0.00, real=0.01 secs] 
2020-09-29T17:59:29.504+0200: 44.205: [GC (Allocation Failure) [PSYoungGen: 606501K->32261K(638976K)] 620865K->46625K(2037248K), 0.0112718 secs] [Times: user=0.00 sys=0.00, real=0.01 secs] 
2020-09-29T17:59:29.572+0200: 44.273: [GC (Allocation Failure) [PSYoungGen: 611333K->21059K(641536K)] 625697K->35423K(2039808K), 0.0085189 secs] [Times: user=0.00 sys=0.00, real=0.01 secs] 
2020-09-29T17:59:29.640+0200: 44.341: [GC (Allocation Failure) [PSYoungGen: 605251K->44677K(629248K)] 619615K->59041K(2027520K), 0.0157231 secs] [Times: user=0.13 sys=0.00, real=0.02 secs] 
2020-09-29T17:59:29.705+0200: 44.407: [GC (Allocation Failure) [PSYoungGen: 628869K->25476K(640512K)] 643233K->39840K(2038784K), 0.0093206 secs] [Times: user=0.13 sys=0.00, real=0.01 secs] 
2020-09-29T17:59:29.767+0200: 44.467: [GC (Allocation Failure) [PSYoungGen: 606596K->30469K(639488K)] 620960K->44833K(2037760K), 0.0127168 secs] [Times: user=0.13 sys=0.00, real=0.01 secs] 
2020-09-29T17:59:29.832+0200: 44.532: [GC (Allocation Failure) [PSYoungGen: 611589K->37317K(643072K)] 625953K->51681K(2041344K), 0.0130823 secs] [Times: user=0.13 sys=0.00, real=0.01 secs] 
2020-09-29T17:59:29.896+0200: 44.596: [GC (Allocation Failure) [PSYoungGen: 624069K->35300K(642560K)] 638433K->49664K(2040832K), 0.0125739 secs] [Times: user=0.00 sys=0.00, real=0.01 secs] 
2020-09-29T17:59:29.962+0200: 44.662: [GC (Allocation Failure) [PSYoungGen: 622052K->34053K(646656K)] 636416K->48417K(2044928K), 0.0120466 secs] [Times: user=0.13 sys=0.00, real=0.01 secs] 
2020-09-29T17:59:30.025+0200: 44.725: [GC (Allocation Failure) [PSYoungGen: 626437K->24579K(644608K)] 640801K->38943K(2042880K), 0.0097558 secs] [Times: user=0.00 sys=0.00, real=0.01 secs] 
2020-09-29T17:59:30.085+0200: 44.786: [GC (Allocation Failure) [PSYoungGen: 616963K->42565K(643584K)] 631327K->56929K(2041856K), 0.0142124 secs] [Times: user=0.13 sys=0.00, real=0.01 secs] 
2020-09-29T17:59:30.151+0200: 44.851: [GC (Allocation Failure) [PSYoungGen: 633925K->32100K(645120K)] 648289K->46464K(2043392K), 0.0119300 secs] [Times: user=0.13 sys=0.00, real=0.01 secs] 
2020-09-29T17:59:30.217+0200: 44.917: [GC (Allocation Failure) [PSYoungGen: 623460K->19139K(645632K)] 637824K->33503K(2043904K), 0.0081554 secs] [Times: user=0.13 sys=0.00, real=0.01 secs] 
2020-09-29T17:59:30.276+0200: 44.977: [GC (Allocation Failure) [PSYoungGen: 612547K->24259K(646144K)] 626911K->38623K(2044416K), 0.0096133 secs] [Times: user=0.13 sys=0.00, real=0.01 secs] 
2020-09-29T17:59:30.338+0200: 45.038: [GC (Allocation Failure) [PSYoungGen: 617667K->29701K(648704K)] 632031K->44065K(2046976K), 0.0103537 secs] [Times: user=0.00 sys=0.00, real=0.01 secs] 
2020-09-29T17:59:30.400+0200: 45.100: [GC (Allocation Failure) [PSYoungGen: 626693K->37476K(647168K)] 641057K->51840K(2045440K), 0.0140132 secs] [Times: user=0.13 sys=0.00, real=0.01 secs] 
2020-09-29T17:59:30.466+0200: 45.166: [GC (Allocation Failure) [PSYoungGen: 634468K->46276K(641024K)] 648832K->60640K(2039296K), 0.0162218 secs] [Times: user=0.13 sys=0.00, real=0.02 secs] 
2020-09-29T17:59:30.533+0200: 45.234: [GC (Allocation Failure) [PSYoungGen: 636612K->46885K(637440K)] 650976K->61249K(2035712K), 0.0159323 secs] [Times: user=0.13 sys=0.00, real=0.02 secs] 
2020-09-29T17:59:30.602+0200: 45.302: [GC (Allocation Failure) [PSYoungGen: 637221K->33604K(643584K)] 651585K->47968K(2041856K), 0.0138993 secs] [Times: user=0.11 sys=0.00, real=0.01 secs] 
2020-09-29T17:59:30.667+0200: 45.367: [GC (Allocation Failure) [PSYoungGen: 619844K->32005K(641536K)] 634208K->46369K(2039808K), 0.0112913 secs] [Times: user=0.13 sys=0.00, real=0.01 secs] 
2020-09-29T17:59:30.729+0200: 45.429: [GC (Allocation Failure) [PSYoungGen: 618245K->44005K(641536K)] 632609K->58369K(2039808K), 0.0150544 secs] [Times: user=0.13 sys=0.00, real=0.01 secs] 
2020-09-29T17:59:30.796+0200: 45.496: [GC (Allocation Failure) [PSYoungGen: 632293K->44389K(632832K)] 646657K->58753K(2031104K), 0.0147557 secs] [Times: user=0.13 sys=0.00, real=0.01 secs] 
2020-09-29T17:59:30.862+0200: 45.562: [GC (Allocation Failure) [PSYoungGen: 632677K->29924K(643072K)] 647041K->44288K(2041344K), 0.0117955 secs] [Times: user=0.13 sys=0.00, real=0.01 secs] 
2020-09-29T17:59:30.924+0200: 45.624: [GC (Allocation Failure) [PSYoungGen: 616164K->41925K(642048K)] 630528K->56289K(2040320K), 0.0153018 secs] [Times: user=0.13 sys=0.00, real=0.02 secs] 
2020-09-29T17:59:30.992+0200: 45.692: [GC (Allocation Failure) [PSYoungGen: 628165K->40293K(643072K)] 642529K->54657K(2041344K), 0.0139590 secs] [Times: user=0.13 sys=0.00, real=0.01 secs] 
2020-09-29T17:59:31.056+0200: 45.756: [GC (Allocation Failure) [PSYoungGen: 627557K->24196K(643072K)] 641921K->38560K(2041344K), 0.0085766 secs] [Times: user=0.00 sys=0.00, real=0.01 secs] 
2020-09-29T17:59:31.115+0200: 45.815: [GC (Allocation Failure) [PSYoungGen: 611460K->37189K(644608K)] 625824K->51553K(2042880K), 0.0126782 secs] [Times: user=0.00 sys=0.00, real=0.01 secs] 
2020-09-29T17:59:31.180+0200: 45.880: [GC (Allocation Failure) [PSYoungGen: 625989K->21315K(643072K)] 640353K->35679K(2041344K), 0.0115328 secs] [Times: user=0.00 sys=0.00, real=0.01 secs] 
2020-09-29T17:59:31.243+0200: 45.943: [GC (Allocation Failure) [PSYoungGen: 610115K->35845K(645120K)] 624479K->50209K(2043392K), 0.0126063 secs] [Times: user=0.13 sys=0.00, real=0.01 secs] 
2020-09-29T17:59:31.307+0200: 46.008: [GC (Allocation Failure) [PSYoungGen: 626181K->37892K(644096K)] 640545K->52256K(2042368K), 0.0140440 secs] [Times: user=0.13 sys=0.00, real=0.02 secs] 
2020-09-29T17:59:31.372+0200: 46.072: [GC (Allocation Failure) [PSYoungGen: 628228K->38436K(646144K)] 642592K->52800K(2044416K), 0.0144173 secs] [Times: user=0.13 sys=0.00, real=0.02 secs] 
2020-09-29T17:59:31.439+0200: 46.139: [GC (Allocation Failure) [PSYoungGen: 631332K->43461K(636416K)] 645696K->57825K(2034688K), 0.0147298 secs] [Times: user=0.13 sys=0.00, real=0.01 secs] 
2020-09-29T17:59:31.504+0200: 46.204: [GC (Allocation Failure) [PSYoungGen: 636357K->20740K(643584K)] 650721K->35104K(2041856K), 0.0080430 secs] [Times: user=0.13 sys=0.00, real=0.01 secs] 
2020-09-29T17:59:31.563+0200: 46.263: [GC (Allocation Failure) [PSYoungGen: 610052K->49445K(638976K)] 624416K->63809K(2037248K), 0.0179067 secs] [Times: user=0.11 sys=0.00, real=0.02 secs] 
2020-09-29T17:59:31.633+0200: 46.333: [GC (Allocation Failure) [PSYoungGen: 638757K->21411K(640512K)] 653121K->35775K(2038784K), 0.0092227 secs] [Times: user=0.00 sys=0.00, real=0.01 secs] 
2020-09-29T17:59:31.692+0200: 46.392: [GC (Allocation Failure) [PSYoungGen: 603555K->29285K(640512K)] 617919K->43649K(2038784K), 0.0097063 secs] [Times: user=0.13 sys=0.00, real=0.01 secs] 
2020-09-29T17:59:31.752+0200: 46.452: [GC (Allocation Failure) [PSYoungGen: 611429K->50917K(633856K)] 625793K->65281K(2032128K), 0.0166550 secs] [Times: user=0.13 sys=0.00, real=0.02 secs] 
2020-09-29T17:59:31.818+0200: 46.518: [GC (Allocation Failure) [PSYoungGen: 627941K->25187K(637952K)] 642305K->39551K(2036224K), 0.0104852 secs] [Times: user=0.00 sys=0.00, real=0.01 secs] 
2020-09-29T17:59:31.879+0200: 46.579: [GC (Allocation Failure) [PSYoungGen: 602211K->41605K(638464K)] 616575K->55969K(2036736K), 0.0140184 secs] [Times: user=0.13 sys=0.00, real=0.01 secs] 
2020-09-29T17:59:31.944+0200: 46.644: [GC (Allocation Failure) [PSYoungGen: 619653K->44101K(622592K)] 634017K->58465K(2020864K), 0.0155442 secs] [Times: user=0.13 sys=0.00, real=0.02 secs] 
2020-09-29T17:59:32.011+0200: 46.711: [GC (Allocation Failure) [PSYoungGen: 622149K->34084K(640000K)] 636513K->48448K(2038272K), 0.0127205 secs] [Times: user=0.13 sys=0.00, real=0.01 secs] 
2020-09-29T17:59:32.073+0200: 46.773: [GC (Allocation Failure) [PSYoungGen: 613156K->36996K(637952K)] 627520K->51360K(2036224K), 0.0132280 secs] [Times: user=0.13 sys=0.00, real=0.01 secs] 
2020-09-29T17:59:32.136+0200: 46.836: [GC (Allocation Failure) [PSYoungGen: 616068K->41861K(641536K)] 630432K->56225K(2039808K), 0.0147321 secs] [Times: user=0.13 sys=0.00, real=0.02 secs] 
2020-09-29T17:59:32.203+0200: 46.903: [GC (Allocation Failure) [PSYoungGen: 626053K->22435K(641536K)] 640417K->36799K(2039808K), 0.0115234 secs] [Times: user=0.11 sys=0.00, real=0.01 secs] 
2020-09-29T17:59:32.266+0200: 46.966: [GC (Allocation Failure) [PSYoungGen: 606627K->32389K(643072K)] 620991K->46753K(2041344K), 0.0115221 secs] [Times: user=0.13 sys=0.00, real=0.01 secs] 
2020-09-29T17:59:32.329+0200: 47.029: [GC (Allocation Failure) [PSYoungGen: 618117K->15683K(641536K)] 632481K->30047K(2039808K), 0.0065048 secs] [Times: user=0.13 sys=0.00, real=0.01 secs] 
2020-09-29T17:59:32.392+0200: 47.092: [GC (Allocation Failure) [PSYoungGen: 601411K->54565K(630784K)] 615775K->68929K(2029056K), 0.0182898 secs] [Times: user=0.13 sys=0.00, real=0.02 secs] 
2020-09-29T17:59:32.462+0200: 47.162: [GC (Allocation Failure) [PSYoungGen: 628517K->40004K(636416K)] 642881K->54368K(2034688K), 0.0147161 secs] [Times: user=0.13 sys=0.00, real=0.01 secs] 
2020-09-29T17:59:32.525+0200: 47.225: [GC (Allocation Failure) [PSYoungGen: 613956K->53413K(629760K)] 628320K->67777K(2028032K), 0.0173162 secs] [Times: user=0.13 sys=0.00, real=0.02 secs] 
2020-09-29T17:59:32.593+0200: 47.293: [GC (Allocation Failure) [PSYoungGen: 621221K->18276K(586240K)] 635585K->32640K(1984512K), 0.0065980 secs] [Times: user=0.11 sys=0.00, real=0.01 secs] 
2020-09-29T17:59:32.649+0200: 47.349: [GC (Allocation Failure) [PSYoungGen: 586084K->23843K(633856K)] 600448K->38207K(2032128K), 0.0099692 secs] [Times: user=0.00 sys=0.00, real=0.01 secs] 
2020-09-29T17:59:32.708+0200: 47.408: [GC (Allocation Failure) [PSYoungGen: 591651K->43108K(632832K)] 606015K->57472K(2031104K), 0.0147819 secs] [Times: user=0.00 sys=0.00, real=0.01 secs] 
2020-09-29T17:59:32.771+0200: 47.471: [GC (Allocation Failure) [PSYoungGen: 610916K->21251K(634368K)] 625280K->35615K(2032640K), 0.0094862 secs] [Times: user=0.00 sys=0.00, real=0.01 secs] 
2020-09-29T17:59:32.831+0200: 47.531: [GC (Allocation Failure) [PSYoungGen: 590083K->15523K(633344K)] 604447K->29887K(2031616K), 0.0064931 secs] [Times: user=0.11 sys=0.00, real=0.01 secs] 
2020-09-29T17:59:32.886+0200: 47.586: [GC (Allocation Failure) [PSYoungGen: 584355K->36836K(635392K)] 598719K->51200K(2033664K), 0.0128706 secs] [Times: user=0.13 sys=0.00, real=0.01 secs] 
2020-09-29T17:59:32.952+0200: 47.652: [GC (Allocation Failure) [PSYoungGen: 607716K->47109K(618496K)] 622080K->61473K(2016768K), 0.0163869 secs] [Times: user=0.13 sys=0.00, real=0.02 secs] 
2020-09-29T17:59:33.021+0200: 47.721: [GC (Allocation Failure) [PSYoungGen: 617989K->43716K(632320K)] 632353K->58080K(2030592K), 0.0170974 secs] [Times: user=0.13 sys=0.00, real=0.02 secs] 
2020-09-29T17:59:33.088+0200: 47.789: [GC (Allocation Failure) [PSYoungGen: 610500K->49893K(616960K)] 624864K->64257K(2015232K), 0.0182713 secs] [Times: user=0.11 sys=0.00, real=0.02 secs] 
2020-09-29T17:59:33.156+0200: 47.857: [GC (Allocation Failure) [PSYoungGen: 616677K->42437K(631296K)] 631041K->56801K(2029568K), 0.0138121 secs] [Times: user=0.13 sys=0.00, real=0.01 secs] 
2020-09-29T17:59:33.221+0200: 47.922: [GC (Allocation Failure) [PSYoungGen: 605125K->30405K(630272K)] 619489K->44769K(2028544K), 0.0103139 secs] [Times: user=0.13 sys=0.00, real=0.01 secs] 
2020-09-29T17:59:33.281+0200: 47.981: [GC (Allocation Failure) [PSYoungGen: 593093K->32549K(635392K)] 607457K->46913K(2033664K), 0.0115197 secs] [Times: user=0.13 sys=0.00, real=0.01 secs] 
2020-09-29T17:59:33.343+0200: 48.043: [GC (Allocation Failure) [PSYoungGen: 602405K->41829K(633344K)] 616769K->56193K(2031616K), 0.0139359 secs] [Times: user=0.13 sys=0.00, real=0.01 secs] 
2020-09-29T17:59:33.406+0200: 48.106: [GC (Allocation Failure) [PSYoungGen: 611685K->37445K(638464K)] 626049K->51809K(2036736K), 0.0134594 secs] [Times: user=0.13 sys=0.00, real=0.01 secs] 
2020-09-29T17:59:33.469+0200: 48.170: [GC (Allocation Failure) [PSYoungGen: 612933K->38468K(635904K)] 627297K->52832K(2034176K), 0.0135296 secs] [Times: user=0.13 sys=0.00, real=0.01 secs] 
2020-09-29T17:59:33.536+0200: 48.236: [GC (Allocation Failure) [PSYoungGen: 613956K->39717K(641024K)] 628320K->54081K(2039296K), 0.0128579 secs] [Times: user=0.00 sys=0.00, real=0.01 secs] 
2020-09-29T17:59:33.603+0200: 48.303: [GC (Allocation Failure) [PSYoungGen: 621861K->33925K(640000K)] 636225K->48289K(2038272K), 0.0134907 secs] [Times: user=0.13 sys=0.00, real=0.01 secs] 
2020-09-29T17:59:33.670+0200: 48.370: [GC (Allocation Failure) [PSYoungGen: 616069K->41637K(642560K)] 630433K->56001K(2040832K), 0.0160791 secs] [Times: user=0.13 sys=0.00, real=0.02 secs] 
2020-09-29T17:59:33.740+0200: 48.440: [GC (Allocation Failure) [PSYoungGen: 627877K->39044K(642560K)] 642241K->53408K(2040832K), 0.0152317 secs] [Times: user=0.13 sys=0.00, real=0.02 secs] 
2020-09-29T17:59:33.806+0200: 48.506: [GC (Allocation Failure) [PSYoungGen: 625284K->35620K(645120K)] 639648K->49984K(2043392K), 0.0126945 secs] [Times: user=0.13 sys=0.00, real=0.01 secs] 
2020-09-29T17:59:33.869+0200: 48.569: [GC (Allocation Failure) [PSYoungGen: 625956K->8419K(599040K)] 640320K->22783K(1997312K), 0.0041124 secs] [Times: user=0.00 sys=0.00, real=0.00 secs] 
2020-09-29T17:59:33.924+0200: 48.625: [GC (Allocation Failure) [PSYoungGen: 598755K->22660K(642048K)] 613119K->37024K(2040320K), 0.0083045 secs] [Times: user=0.13 sys=0.00, real=0.01 secs] 
2020-09-29T17:59:33.982+0200: 48.683: [GC (Allocation Failure) [PSYoungGen: 607876K->33605K(642048K)] 622240K->47969K(2040320K), 0.0116618 secs] [Times: user=0.13 sys=0.00, real=0.01 secs] 
2020-09-29T17:59:34.046+0200: 48.747: [GC (Allocation Failure) [PSYoungGen: 618821K->44613K(640512K)] 633185K->58977K(2038784K), 0.0163396 secs] [Times: user=0.13 sys=0.00, real=0.02 secs] 
2020-09-29T17:59:34.113+0200: 48.814: [GC (Allocation Failure) [PSYoungGen: 630853K->42981K(629248K)] 645217K->57345K(2027520K), 0.0149838 secs] [Times: user=0.13 sys=0.00, real=0.02 secs] 
2020-09-29T17:59:34.182+0200: 48.883: [GC (Allocation Failure) [PSYoungGen: 629221K->26243K(642048K)] 643585K->40607K(2040320K), 0.0141187 secs] [Times: user=0.11 sys=0.00, real=0.01 secs] 
2020-09-29T17:59:34.248+0200: 48.949: [GC (Allocation Failure) [PSYoungGen: 610947K->36421K(641536K)] 625311K->50785K(2039808K), 0.0129979 secs] [Times: user=0.13 sys=0.00, real=0.01 secs] 
2020-09-29T17:59:34.311+0200: 49.012: [GC (Allocation Failure) [PSYoungGen: 621125K->31364K(645120K)] 635489K->45728K(2043392K), 0.0113618 secs] [Times: user=0.13 sys=0.00, real=0.01 secs] 
2020-09-29T17:59:34.374+0200: 49.075: [GC (Allocation Failure) [PSYoungGen: 621188K->32900K(643584K)] 635552K->47264K(2041856K), 0.0127163 secs] [Times: user=0.13 sys=0.00, real=0.01 secs] 
2020-09-29T17:59:34.437+0200: 49.138: [GC (Allocation Failure) [PSYoungGen: 622724K->20933K(645632K)] 637088K->35297K(2043904K), 0.0071599 secs] [Times: user=0.13 sys=0.00, real=0.01 secs] 
2020-09-29T17:59:34.500+0200: 49.201: [GC (Allocation Failure) [PSYoungGen: 614341K->40101K(633856K)] 628705K->54465K(2032128K), 0.0130027 secs] [Times: user=0.13 sys=0.00, real=0.01 secs] 
2020-09-29T17:59:34.567+0200: 49.268: [GC (Allocation Failure) [PSYoungGen: 633509K->31364K(647168K)] 647873K->45728K(2045440K), 0.0113385 secs] [Times: user=0.00 sys=0.00, real=0.01 secs] 
2020-09-29T17:59:34.632+0200: 49.333: [GC (Allocation Failure) [PSYoungGen: 625284K->37349K(645632K)] 639648K->51713K(2043904K), 0.0141601 secs] [Times: user=0.13 sys=0.00, real=0.01 secs] 
2020-09-29T17:59:34.698+0200: 49.398: [GC (Allocation Failure) [PSYoungGen: 631269K->28644K(648192K)] 645633K->43008K(2046464K), 0.0104969 secs] [Times: user=0.13 sys=0.00, real=0.01 secs] 
2020-09-29T17:59:34.759+0200: 49.460: [GC (Allocation Failure) [PSYoungGen: 625124K->36421K(647168K)] 639488K->50785K(2045440K), 0.0129761 secs] [Times: user=0.13 sys=0.00, real=0.01 secs] 
2020-09-29T17:59:34.824+0200: 49.525: [GC (Allocation Failure) [PSYoungGen: 632901K->30340K(649728K)] 647265K->44704K(2048000K), 0.0112808 secs] [Times: user=0.13 sys=0.00, real=0.01 secs] 
2020-09-29T17:59:34.888+0200: 49.589: [GC (Allocation Failure) [PSYoungGen: 629892K->27716K(648704K)] 644256K->42080K(2046976K), 0.0112204 secs] [Times: user=0.13 sys=0.00, real=0.01 secs] 
2020-09-29T17:59:34.957+0200: 49.658: [GC (Allocation Failure) [PSYoungGen: 627268K->38373K(648704K)] 641632K->52737K(2046976K), 0.0139458 secs] [Times: user=0.05 sys=0.02, real=0.01 secs] 
2020-09-29T17:59:35.023+0200: 49.724: [GC (Allocation Failure) [PSYoungGen: 638949K->49125K(649728K)] 653313K->65345K(2048000K), 0.0178058 secs] [Times: user=0.13 sys=0.00, real=0.02 secs] 
2020-09-29T17:59:35.093+0200: 49.794: [GC (Allocation Failure) [PSYoungGen: 649701K->36389K(642560K)] 665921K->52609K(2040832K), 0.0149476 secs] [Times: user=0.09 sys=0.00, real=0.02 secs] 
2020-09-29T17:59:35.161+0200: 49.861: [GC (Allocation Failure) [PSYoungGen: 629797K->41925K(635392K)] 646017K->58145K(2033664K), 0.0140256 secs] [Times: user=0.00 sys=0.00, real=0.01 secs] 
2020-09-29T17:59:35.229+0200: 49.929: [GC (Allocation Failure) [PSYoungGen: 635333K->47365K(640512K)] 651553K->63585K(2038784K), 0.0164341 secs] [Times: user=0.13 sys=0.00, real=0.02 secs] 
2020-09-29T17:59:35.296+0200: 49.997: [GC (Allocation Failure) [PSYoungGen: 634629K->30244K(643072K)] 650849K->46464K(2041344K), 0.0113582 secs] [Times: user=0.13 sys=0.00, real=0.01 secs] 
2020-09-29T17:59:35.358+0200: 50.059: [GC (Allocation Failure) [PSYoungGen: 617508K->43237K(642560K)] 633728K->59457K(2040832K), 0.0144811 secs] [Times: user=0.13 sys=0.00, real=0.01 secs] 
2020-09-29T17:59:35.424+0200: 50.125: [GC (Allocation Failure) [PSYoungGen: 630501K->27204K(643072K)] 646721K->43424K(2041344K), 0.0103926 secs] [Times: user=0.13 sys=0.00, real=0.01 secs] 
2020-09-29T17:59:35.485+0200: 50.186: [GC (Allocation Failure) [PSYoungGen: 614468K->7683K(637952K)] 630688K->23903K(2036224K), 0.0036698 secs] [Times: user=0.02 sys=0.00, real=0.00 secs] 
2020-09-29T17:59:35.544+0200: 50.244: [GC (Allocation Failure) [PSYoungGen: 589827K->27748K(640512K)] 606047K->43968K(2038784K), 0.0102052 secs] [Times: user=0.13 sys=0.00, real=0.01 secs] 
2020-09-29T17:59:35.606+0200: 50.306: [GC (Allocation Failure) [PSYoungGen: 609892K->35653K(643072K)] 626112K->51873K(2041344K), 0.0133084 secs] [Times: user=0.06 sys=0.01, real=0.01 secs] 
2020-09-29T17:59:35.672+0200: 50.372: [GC (Allocation Failure) [PSYoungGen: 621893K->33989K(642048K)] 638113K->50209K(2040320K), 0.0121361 secs] [Times: user=0.13 sys=0.00, real=0.01 secs] 
2020-09-29T17:59:35.733+0200: 50.434: [GC (Allocation Failure) [PSYoungGen: 620229K->30469K(646656K)] 636449K->46689K(2044928K), 0.0109233 secs] [Times: user=0.13 sys=0.00, real=0.01 secs] 
2020-09-29T17:59:35.795+0200: 50.496: [GC (Allocation Failure) [PSYoungGen: 623365K->49093K(642048K)] 639585K->65313K(2040320K), 0.0162273 secs] [Times: user=0.13 sys=0.00, real=0.02 secs] 
2020-09-29T17:59:35.863+0200: 50.563: [GC (Allocation Failure) [PSYoungGen: 641989K->40421K(642560K)] 658209K->56641K(2040832K), 0.0141140 secs] [Times: user=0.11 sys=0.00, real=0.01 secs] 
2020-09-29T17:59:35.928+0200: 50.629: [GC (Allocation Failure) [PSYoungGen: 626661K->38725K(642560K)] 642881K->54945K(2040832K), 0.0134764 secs] [Times: user=0.00 sys=0.00, real=0.01 secs] 
2020-09-29T17:59:35.992+0200: 50.693: [GC (Allocation Failure) [PSYoungGen: 624965K->37029K(644608K)] 641185K->53249K(2042880K), 0.0124811 secs] [Times: user=0.13 sys=0.00, real=0.01 secs] 
2020-09-29T17:59:36.057+0200: 50.758: [GC (Allocation Failure) [PSYoungGen: 625829K->23108K(643072K)] 642049K->39328K(2041344K), 0.0080658 secs] [Times: user=0.00 sys=0.00, real=0.01 secs] 
2020-09-29T17:59:36.116+0200: 50.817: [GC (Allocation Failure) [PSYoungGen: 611908K->35524K(646144K)] 628128K->51744K(2044416K), 0.0142681 secs] [Times: user=0.13 sys=0.00, real=0.01 secs] 
2020-09-29T17:59:36.183+0200: 50.884: [GC (Allocation Failure) [PSYoungGen: 627396K->39493K(644608K)] 643616K->55713K(2042880K), 0.0172293 secs] [Times: user=0.11 sys=0.00, real=0.02 secs] 
2020-09-29T17:59:36.251+0200: 50.952: [GC (Allocation Failure) [PSYoungGen: 631365K->41796K(644608K)] 647585K->58016K(2042880K), 0.0147282 secs] [Times: user=0.13 sys=0.00, real=0.02 secs] 
2020-09-29T17:59:36.317+0200: 51.018: [GC (Allocation Failure) [PSYoungGen: 633156K->43044K(634880K)] 649376K->59264K(2033152K), 0.0149822 secs] [Times: user=0.00 sys=0.00, real=0.02 secs] 
2020-09-29T17:59:36.384+0200: 51.085: [GC (Allocation Failure) [PSYoungGen: 634404K->32773K(645120K)] 650624K->48993K(2043392K), 0.0127896 secs] [Times: user=0.13 sys=0.00, real=0.01 secs] 
2020-09-29T17:59:36.449+0200: 51.149: [GC (Allocation Failure) [PSYoungGen: 623109K->48869K(639488K)] 639329K->65089K(2037760K), 0.0165397 secs] [Times: user=0.13 sys=0.00, real=0.02 secs] 
2020-09-29T17:59:36.516+0200: 51.217: [GC (Allocation Failure) [PSYoungGen: 639205K->36580K(644096K)] 655425K->52800K(2042368K), 0.0128193 secs] [Times: user=0.13 sys=0.00, real=0.01 secs] 
2020-09-29T17:59:36.584+0200: 51.285: [GC (Allocation Failure) [PSYoungGen: 624356K->33541K(642560K)] 640576K->49761K(2040832K), 0.0159554 secs] [Times: user=0.11 sys=0.00, real=0.02 secs] 
2020-09-29T17:59:36.654+0200: 51.355: [GC (Allocation Failure) [PSYoungGen: 621317K->32132K(646144K)] 637537K->48352K(2044416K), 0.0126727 secs] [Times: user=0.13 sys=0.00, real=0.01 secs] 
2020-09-29T17:59:36.718+0200: 51.419: [GC (Allocation Failure) [PSYoungGen: 624516K->35653K(645120K)] 640736K->51873K(2043392K), 0.0118548 secs] [Times: user=0.13 sys=0.00, real=0.01 secs] 
2020-09-29T17:59:36.781+0200: 51.482: [GC (Allocation Failure) [PSYoungGen: 628037K->40165K(647680K)] 644257K->56385K(2045952K), 0.0142930 secs] [Times: user=0.13 sys=0.00, real=0.01 secs] 
2020-09-29T17:59:36.846+0200: 51.547: [GC (Allocation Failure) [PSYoungGen: 636645K->21028K(617984K)] 652865K->37248K(2016256K), 0.0081012 secs] [Times: user=0.13 sys=0.00, real=0.01 secs] 
2020-09-29T17:59:36.906+0200: 51.606: [GC (Allocation Failure) [PSYoungGen: 617508K->26723K(646656K)] 633728K->42943K(2044928K), 0.0104341 secs] [Times: user=0.13 sys=0.00, real=0.01 secs] 
2020-09-29T17:59:36.969+0200: 51.670: [GC (Allocation Failure) [PSYoungGen: 620643K->31588K(646144K)] 636863K->47808K(2044416K), 0.0118770 secs] [Times: user=0.13 sys=0.00, real=0.01 secs] 
2020-09-29T17:59:37.033+0200: 51.733: [GC (Allocation Failure) [PSYoungGen: 625508K->50661K(637952K)] 641728K->67401K(2036224K), 0.0174764 secs] [Times: user=0.13 sys=0.00, real=0.02 secs] 
2020-09-29T17:59:37.101+0200: 51.801: [GC (Allocation Failure) [PSYoungGen: 637925K->36548K(643072K)] 654665K->53288K(2041344K), 0.0132311 secs] [Times: user=0.13 sys=0.00, real=0.01 secs] 
2020-09-29T17:59:37.169+0200: 51.870: [GC (Allocation Failure) [PSYoungGen: 623812K->20067K(643072K)] 640552K->36807K(2041344K), 0.0087375 secs] [Times: user=0.13 sys=0.00, real=0.01 secs] 
2020-09-29T17:59:37.232+0200: 51.933: [GC (Allocation Failure) [PSYoungGen: 609379K->48837K(638464K)] 626119K->65577K(2036736K), 0.0169509 secs] [Times: user=0.13 sys=0.00, real=0.02 secs] 
2020-09-29T17:59:37.300+0200: 52.001: [GC (Allocation Failure) [PSYoungGen: 638149K->36388K(642560K)] 654889K->53128K(2040832K), 0.0132075 secs] [Times: user=0.13 sys=0.00, real=0.01 secs] 
2020-09-29T17:59:37.364+0200: 52.065: [GC (Allocation Failure) [PSYoungGen: 620580K->46373K(640512K)] 637320K->63113K(2038784K), 0.0155233 secs] [Times: user=0.13 sys=0.00, real=0.01 secs] 
2020-09-29T17:59:37.431+0200: 52.132: [GC (Allocation Failure) [PSYoungGen: 630565K->12579K(637440K)] 647305K->29319K(2035712K), 0.0059015 secs] [Times: user=0.00 sys=0.00, real=0.01 secs] 
2020-09-29T17:59:37.487+0200: 52.188: [GC (Allocation Failure) [PSYoungGen: 591651K->31077K(638976K)] 608391K->47817K(2037248K), 0.0101627 secs] [Times: user=0.13 sys=0.00, real=0.01 secs] 
2020-09-29T17:59:37.553+0200: 52.254: [GC (Allocation Failure) [PSYoungGen: 610149K->35204K(642560K)] 626889K->51944K(2040832K), 0.0145061 secs] [Times: user=0.13 sys=0.00, real=0.02 secs] 
2020-09-29T17:59:37.622+0200: 52.323: [GC (Allocation Failure) [PSYoungGen: 619396K->45092K(640512K)] 636136K->61832K(2038784K), 0.0202453 secs] [Times: user=0.11 sys=0.00, real=0.02 secs] 
2020-09-29T17:59:37.696+0200: 52.396: [GC (Allocation Failure) [PSYoungGen: 629284K->41285K(641024K)] 646024K->58025K(2039296K), 0.0146346 secs] [Times: user=0.13 sys=0.00, real=0.01 secs] 
2020-09-29T17:59:37.761+0200: 52.461: [GC (Allocation Failure) [PSYoungGen: 624453K->35908K(641024K)] 641193K->52648K(2039296K), 0.0132854 secs] [Times: user=0.13 sys=0.00, real=0.01 secs] 
2020-09-29T17:59:37.824+0200: 52.525: [GC (Allocation Failure) [PSYoungGen: 619076K->30757K(644096K)] 635816K->47497K(2042368K), 0.0111644 secs] [Times: user=0.13 sys=0.00, real=0.01 secs] 
2020-09-29T17:59:37.886+0200: 52.586: [GC (Allocation Failure) [PSYoungGen: 619045K->44869K(633344K)] 635785K->61609K(2031616K), 0.0164536 secs] [Times: user=0.13 sys=0.00, real=0.02 secs] 
2020-09-29T17:59:37.953+0200: 52.654: [GC (Allocation Failure) [PSYoungGen: 633157K->28899K(643072K)] 649897K->45639K(2041344K), 0.0293728 secs] [Times: user=0.13 sys=0.00, real=0.03 secs] 
2020-09-29T17:59:38.033+0200: 52.734: [GC (Allocation Failure) [PSYoungGen: 615651K->27749K(642560K)] 632391K->44489K(2040832K), 0.0094339 secs] [Times: user=0.13 sys=0.00, real=0.01 secs] 
2020-09-29T17:59:38.093+0200: 52.794: [GC (Allocation Failure) [PSYoungGen: 614501K->53925K(633856K)] 631241K->70665K(2032128K), 0.0174429 secs] [Times: user=0.13 sys=0.00, real=0.02 secs] 
2020-09-29T17:59:38.162+0200: 52.863: [GC (Allocation Failure) [PSYoungGen: 632997K->31461K(638976K)] 649737K->48201K(2037248K), 0.0139031 secs] [Times: user=0.11 sys=0.00, real=0.01 secs] 
2020-09-29T17:59:38.229+0200: 52.930: [GC (Allocation Failure) [PSYoungGen: 610533K->36325K(642560K)] 627273K->53065K(2040832K), 0.0137946 secs] [Times: user=0.13 sys=0.00, real=0.01 secs] 
2020-09-29T17:59:38.294+0200: 52.995: [GC (Allocation Failure) [PSYoungGen: 620005K->32069K(640000K)] 636745K->48809K(2038272K), 0.0111187 secs] [Times: user=0.13 sys=0.00, real=0.01 secs] 
2020-09-29T17:59:38.358+0200: 53.059: [GC (Allocation Failure) [PSYoungGen: 615749K->39524K(644096K)] 632489K->56264K(2042368K), 0.0140588 secs] [Times: user=0.13 sys=0.00, real=0.01 secs] 
2020-09-29T17:59:38.423+0200: 53.124: [GC (Allocation Failure) [PSYoungGen: 628324K->40357K(643584K)] 645064K->57097K(2041856K), 0.0138070 secs] [Times: user=0.13 sys=0.00, real=0.01 secs] 
2020-09-29T17:59:38.488+0200: 53.189: [GC (Allocation Failure) [PSYoungGen: 629157K->27524K(644608K)] 645897K->44264K(2042880K), 0.0101377 secs] [Times: user=0.13 sys=0.00, real=0.01 secs] 
2020-09-29T17:59:38.551+0200: 53.252: [GC (Allocation Failure) [PSYoungGen: 617860K->29861K(644608K)] 634600K->46601K(2042880K), 0.0104251 secs] [Times: user=0.00 sys=0.00, real=0.01 secs] 
2020-09-29T17:59:38.614+0200: 53.315: [GC (Allocation Failure) [PSYoungGen: 620197K->32357K(646656K)] 636937K->49097K(2044928K), 0.0117732 secs] [Times: user=0.00 sys=0.00, real=0.01 secs] 
2020-09-29T17:59:38.686+0200: 53.387: [GC (Allocation Failure) [PSYoungGen: 625765K->35811K(645632K)] 642505K->52551K(2043904K), 0.0140290 secs] [Times: user=0.13 sys=0.00, real=0.01 secs] 
2020-09-29T17:59:38.751+0200: 53.452: [GC (Allocation Failure) [PSYoungGen: 629219K->50661K(636928K)] 645959K->71649K(2035200K), 0.0189995 secs] [Times: user=0.25 sys=0.00, real=0.02 secs] 
2020-09-29T17:59:38.821+0200: 53.522: [GC (Allocation Failure) [PSYoungGen: 636901K->25893K(642560K)] 657889K->46881K(2040832K), 0.0088826 secs] [Times: user=0.00 sys=0.00, real=0.01 secs] 
2020-09-29T17:59:38.880+0200: 53.581: [GC (Allocation Failure) [PSYoungGen: 612133K->37925K(643584K)] 633121K->58913K(2041856K), 0.0128634 secs] [Times: user=0.00 sys=0.00, real=0.01 secs] 
2020-09-29T17:59:38.947+0200: 53.648: [GC (Allocation Failure) [PSYoungGen: 625189K->37285K(642560K)] 646177K->58273K(2040832K), 0.0137056 secs] [Times: user=0.13 sys=0.00, real=0.01 secs] 
2020-09-29T17:59:39.015+0200: 53.716: [GC (Allocation Failure) [PSYoungGen: 624549K->50309K(637952K)] 645537K->71297K(2036224K), 0.0166974 secs] [Times: user=0.13 sys=0.00, real=0.02 secs] 
2020-09-29T17:59:39.082+0200: 53.783: [GC (Allocation Failure) [PSYoungGen: 634501K->31236K(641536K)] 655489K->52224K(2039808K), 0.0115806 secs] [Times: user=0.00 sys=0.00, real=0.01 secs] 
2020-09-29T17:59:39.144+0200: 53.845: [GC (Allocation Failure) [PSYoungGen: 614178K->25027K(642560K)] 635166K->46015K(2040832K), 0.0103205 secs] [Times: user=0.01 sys=0.00, real=0.01 secs] 
2020-09-29T17:59:39.209+0200: 53.910: [GC (Allocation Failure) [PSYoungGen: 611267K->37029K(642560K)] 632255K->58017K(2040832K), 0.0169798 secs] [Times: user=0.11 sys=0.00, real=0.02 secs] 
2020-09-29T17:59:39.284+0200: 53.985: [GC (Allocation Failure) [PSYoungGen: 623269K->49061K(637952K)] 644257K->70049K(2036224K), 0.0164730 secs] [Times: user=0.11 sys=0.02, real=0.02 secs] 
2020-09-29T17:59:39.353+0200: 54.054: [GC (Allocation Failure) [PSYoungGen: 632229K->29540K(641024K)] 653217K->50528K(2039296K), 0.0122885 secs] [Times: user=0.13 sys=0.00, real=0.01 secs] 
2020-09-29T17:59:39.416+0200: 54.118: [GC (Allocation Failure) [PSYoungGen: 612708K->38373K(643072K)] 633696K->59361K(2041344K), 0.0139210 secs] [Times: user=0.13 sys=0.00, real=0.01 secs] 
2020-09-29T17:59:39.481+0200: 54.182: [GC (Allocation Failure) [PSYoungGen: 624101K->49925K(635904K)] 645089K->70913K(2034176K), 0.0166020 secs] [Times: user=0.13 sys=0.00, real=0.02 secs] 
2020-09-29T17:59:39.548+0200: 54.249: [GC (Allocation Failure) [PSYoungGen: 635653K->33732K(641536K)] 656641K->54720K(2039808K), 0.0119547 secs] [Times: user=0.13 sys=0.00, real=0.01 secs] 
2020-09-29T17:59:39.613+0200: 54.314: [GC (Allocation Failure) [PSYoungGen: 616388K->40932K(640000K)] 637376K->61920K(2038272K), 0.0157962 secs] [Times: user=0.11 sys=0.00, real=0.02 secs] 
2020-09-29T17:59:39.681+0200: 54.382: [GC (Allocation Failure) [PSYoungGen: 623588K->34436K(643584K)] 644576K->55424K(2041856K), 0.0122854 secs] [Times: user=0.13 sys=0.00, real=0.01 secs] 
2020-09-29T17:59:39.743+0200: 54.444: [GC (Allocation Failure) [PSYoungGen: 621188K->47013K(633856K)] 642176K->68001K(2032128K), 0.0158339 secs] [Times: user=0.13 sys=0.00, real=0.02 secs] 
2020-09-29T17:59:39.810+0200: 54.511: [GC (Allocation Failure) [PSYoungGen: 633765K->31173K(642048K)] 654753K->52161K(2040320K), 0.0109572 secs] [Times: user=0.13 sys=0.00, real=0.01 secs] 
2020-09-29T17:59:39.875+0200: 54.576: [GC (Allocation Failure) [PSYoungGen: 615877K->41701K(641536K)] 636865K->62689K(2039808K), 0.0143974 secs] [Times: user=0.11 sys=0.00, real=0.01 secs] 
2020-09-29T17:59:39.940+0200: 54.641: [GC (Allocation Failure) [PSYoungGen: 626405K->52165K(635392K)] 647393K->73153K(2033664K), 0.0181881 secs] [Times: user=0.25 sys=0.00, real=0.02 secs] 
2020-09-29T17:59:40.009+0200: 54.710: [GC (Allocation Failure) [PSYoungGen: 631237K->43333K(638976K)] 652225K->64321K(2037248K), 0.0141644 secs] [Times: user=0.13 sys=0.00, real=0.01 secs] 
2020-09-29T17:59:40.073+0200: 54.774: [GC (Allocation Failure) [PSYoungGen: 622405K->48165K(636928K)] 643393K->69153K(2035200K), 0.0160686 secs] [Times: user=0.13 sys=0.00, real=0.02 secs] 
2020-09-29T17:59:40.140+0200: 54.841: [GC (Allocation Failure) [PSYoungGen: 626213K->51973K(630272K)] 647201K->72961K(2028544K), 0.0179230 secs] [Times: user=0.13 sys=0.00, real=0.02 secs] 
2020-09-29T17:59:40.210+0200: 54.911: [GC (Allocation Failure) [PSYoungGen: 630021K->41828K(638464K)] 651009K->62816K(2036736K), 0.0177638 secs] [Times: user=0.13 sys=0.00, real=0.02 secs] 
2020-09-29T17:59:40.280+0200: 54.981: [GC (Allocation Failure) [PSYoungGen: 617828K->41669K(636416K)] 638816K->62657K(2034688K), 0.0145193 secs] [Times: user=0.13 sys=0.00, real=0.02 secs] 
2020-09-29T17:59:40.344+0200: 55.045: [GC (Allocation Failure) [PSYoungGen: 617669K->43429K(641536K)] 638657K->64417K(2039808K), 0.0147038 secs] [Times: user=0.13 sys=0.00, real=0.01 secs] 
2020-09-29T17:59:40.410+0200: 55.111: [GC (Allocation Failure) [PSYoungGen: 626085K->18852K(601600K)] 647073K->39840K(1999872K), 0.0079995 secs] [Times: user=0.00 sys=0.00, real=0.01 secs] 
2020-09-29T17:59:40.469+0200: 55.171: [GC (Allocation Failure) [PSYoungGen: 601508K->40420K(640512K)] 622496K->61408K(2038784K), 0.0149176 secs] [Times: user=0.13 sys=0.00, real=0.01 secs] 
2020-09-29T17:59:40.534+0200: 55.235: [GC (Allocation Failure) [PSYoungGen: 621028K->46821K(638976K)] 642016K->67809K(2037248K), 0.0155637 secs] [Times: user=0.13 sys=0.00, real=0.02 secs] 
2020-09-29T17:59:40.600+0200: 55.301: [GC (Allocation Failure) [PSYoungGen: 627429K->38884K(641536K)] 648417K->59872K(2039808K), 0.0152830 secs] [Times: user=0.11 sys=0.00, real=0.02 secs] 
2020-09-29T17:59:40.667+0200: 55.368: [GC (Allocation Failure) [PSYoungGen: 621540K->32612K(640000K)] 642528K->53600K(2038272K), 0.0119129 secs] [Times: user=0.13 sys=0.00, real=0.02 secs] 
2020-09-29T17:59:40.746+0200: 55.446: [GC (Allocation Failure) [PSYoungGen: 615268K->54789K(634368K)] 636256K->75777K(2032640K), 0.0175683 secs] [Times: user=0.13 sys=0.00, real=0.02 secs] 
2020-09-29T17:59:40.813+0200: 55.514: [GC (Allocation Failure) [PSYoungGen: 631813K->57605K(634880K)] 652801K->78593K(2033152K), 0.0189663 secs] [Times: user=0.13 sys=0.00, real=0.02 secs] 
2020-09-29T17:59:40.882+0200: 55.582: [GC (Allocation Failure) [PSYoungGen: 634629K->32997K(633856K)] 655617K->53985K(2032128K), 0.0120098 secs] [Times: user=0.00 sys=0.00, real=0.01 secs] 
2020-09-29T17:59:40.943+0200: 55.644: [GC (Allocation Failure) [PSYoungGen: 602853K->13764K(583680K)] 623841K->34752K(1981952K), 0.0055382 secs] [Times: user=0.00 sys=0.00, real=0.01 secs] 
2020-09-29T17:59:41.001+0200: 55.701: [GC (Allocation Failure) [PSYoungGen: 583620K->36516K(634368K)] 604608K->57504K(2032640K), 0.0143805 secs] [Times: user=0.13 sys=0.00, real=0.02 secs] 
2020-09-29T17:59:41.065+0200: 55.765: [GC (Allocation Failure) [PSYoungGen: 603812K->43269K(631808K)] 624800K->64257K(2030080K), 0.0151980 secs] [Times: user=0.13 sys=0.00, real=0.01 secs] 
2020-09-29T17:59:41.129+0200: 55.829: [GC (Allocation Failure) [PSYoungGen: 610565K->49989K(631808K)] 631553K->70977K(2030080K), 0.0175021 secs] [Times: user=0.25 sys=0.00, real=0.02 secs] 
2020-09-29T17:59:41.198+0200: 55.898: [GC (Allocation Failure) [PSYoungGen: 617797K->29893K(633344K)] 638785K->50881K(2031616K), 0.0129902 secs] [Times: user=0.11 sys=0.00, real=0.01 secs] 
2020-09-29T17:59:41.264+0200: 55.965: [GC (Allocation Failure) [PSYoungGen: 597701K->36004K(636416K)] 618689K->56992K(2034688K), 0.0175167 secs] [Times: user=0.11 sys=0.00, real=0.02 secs] 
2020-09-29T17:59:41.334+0200: 56.034: [GC (Allocation Failure) [PSYoungGen: 607908K->47365K(634368K)] 628896K->68353K(2032640K), 0.0190419 secs] [Times: user=0.13 sys=0.00, real=0.02 secs] 
2020-09-29T17:59:41.403+0200: 56.104: [GC (Allocation Failure) [PSYoungGen: 619269K->45029K(635904K)] 640257K->66017K(2034176K), 0.0154228 secs] [Times: user=0.13 sys=0.00, real=0.02 secs] 
2020-09-29T17:59:41.468+0200: 56.169: [GC (Allocation Failure) [PSYoungGen: 617445K->43237K(635392K)] 638433K->64225K(2033664K), 0.0144204 secs] [Times: user=0.13 sys=0.00, real=0.02 secs] 
2020-09-29T17:59:41.533+0200: 56.233: [GC (Allocation Failure) [PSYoungGen: 615653K->41381K(638976K)] 636641K->62369K(2037248K), 0.0139752 secs] [Times: user=0.13 sys=0.00, real=0.01 secs] 
2020-09-29T17:59:41.598+0200: 56.298: [GC (Allocation Failure) [PSYoungGen: 618405K->44133K(636928K)] 639393K->65121K(2035200K), 0.0212362 secs] [Times: user=0.22 sys=0.00, real=0.02 secs] 
2020-09-29T17:59:41.670+0200: 56.370: [GC (Allocation Failure) [PSYoungGen: 621157K->33157K(640000K)] 642145K->54145K(2038272K), 0.0150814 secs] [Times: user=0.13 sys=0.00, real=0.01 secs] 
2020-09-29T17:59:41.735+0200: 56.435: [GC (Allocation Failure) [PSYoungGen: 613765K->39525K(639488K)] 634753K->60513K(2037760K), 0.0174392 secs] [Times: user=0.13 sys=0.00, real=0.02 secs] 
2020-09-29T17:59:41.803+0200: 56.503: [GC (Allocation Failure) [PSYoungGen: 620133K->45893K(640512K)] 641121K->66881K(2038784K), 0.0188794 secs] [Times: user=0.13 sys=0.00, real=0.02 secs] 
2020-09-29T17:59:41.874+0200: 56.574: [GC (Allocation Failure) [PSYoungGen: 629061K->25667K(609280K)] 650049K->46655K(2007552K), 0.0133644 secs] [Times: user=0.13 sys=0.00, real=0.01 secs] 
2020-09-29T17:59:41.937+0200: 56.637: [GC (Allocation Failure) [PSYoungGen: 608835K->34308K(641536K)] 629823K->55296K(2039808K), 0.0156865 secs] [Times: user=0.13 sys=0.00, real=0.02 secs] 
2020-09-29T17:59:42.002+0200: 56.703: [GC (Allocation Failure) [PSYoungGen: 617476K->29220K(640512K)] 638464K->50208K(2038784K), 0.0132553 secs] [Times: user=0.13 sys=0.00, real=0.01 secs] 
2020-09-29T17:59:42.070+0200: 56.770: [GC (Allocation Failure) [PSYoungGen: 612388K->38213K(643584K)] 633376K->59201K(2041856K), 0.0164614 secs] [Times: user=0.13 sys=0.00, real=0.02 secs] 
2020-09-29T17:59:42.138+0200: 56.839: [GC (Allocation Failure) [PSYoungGen: 624453K->33987K(641536K)] 645441K->54975K(2039808K), 0.0164154 secs] [Times: user=0.11 sys=0.00, real=0.02 secs] 
2020-09-29T17:59:42.208+0200: 56.908: [GC (Allocation Failure) [PSYoungGen: 620227K->30820K(645120K)] 641215K->51808K(2043392K), 0.0160770 secs] [Times: user=0.03 sys=0.00, real=0.02 secs] 
2020-09-29T17:59:42.275+0200: 56.975: [GC (Allocation Failure) [PSYoungGen: 621668K->32419K(644608K)] 642656K->53407K(2042880K), 0.0160604 secs] [Times: user=0.13 sys=0.00, real=0.02 secs] 
2020-09-29T17:59:42.345+0200: 57.045: [GC (Allocation Failure) [PSYoungGen: 623267K->33764K(647168K)] 644255K->54752K(2045440K), 0.0157891 secs] [Times: user=0.13 sys=0.00, real=0.01 secs] 
2020-09-29T17:59:42.413+0200: 57.113: [GC (Allocation Failure) [PSYoungGen: 628196K->40293K(646144K)] 649184K->61281K(2044416K), 0.0169943 secs] [Times: user=0.13 sys=0.00, real=0.02 secs] 
2020-09-29T17:59:42.484+0200: 57.185: [GC (Allocation Failure) [PSYoungGen: 634725K->33189K(648192K)] 655713K->54177K(2046464K), 0.0143331 secs] [Times: user=0.13 sys=0.00, real=0.02 secs] 
2020-09-29T17:59:42.556+0200: 57.256: [GC (Allocation Failure) [PSYoungGen: 629669K->41733K(647168K)] 650657K->62721K(2045440K), 0.0191264 secs] [Times: user=0.11 sys=0.00, real=0.02 secs] 
2020-09-29T17:59:42.627+0200: 57.328: [GC (Allocation Failure) [PSYoungGen: 638213K->36581K(648704K)] 659201K->57569K(2046976K), 0.0155903 secs] [Times: user=0.11 sys=0.00, real=0.02 secs] 
2020-09-29T17:59:42.697+0200: 57.397: [GC (Allocation Failure) [PSYoungGen: 634085K->29059K(647680K)] 655073K->50047K(2045952K), 0.0148447 secs] [Times: user=0.13 sys=0.00, real=0.01 secs] 
2020-09-29T17:59:42.762+0200: 57.463: [GC (Allocation Failure) [PSYoungGen: 626563K->38661K(649216K)] 647551K->59649K(2047488K), 0.0164485 secs] [Times: user=0.13 sys=0.00, real=0.02 secs] 
2020-09-29T17:59:42.835+0200: 57.535: [GC (Allocation Failure) [PSYoungGen: 637701K->21859K(621056K)] 658689K->42847K(2019328K), 0.0115303 secs] [Times: user=0.00 sys=0.00, real=0.01 secs] 
2020-09-29T17:59:42.899+0200: 57.600: [GC (Allocation Failure) [PSYoungGen: 620899K->32933K(649216K)] 641887K->53921K(2047488K), 0.0138217 secs] [Times: user=0.13 sys=0.00, real=0.01 secs] 
2020-09-29T17:59:42.967+0200: 57.668: [GC (Allocation Failure) [PSYoungGen: 631461K->43557K(642560K)] 652449K->64545K(2040832K), 0.0193990 secs] [Times: user=0.13 sys=0.00, real=0.02 secs] 
2020-09-29T17:59:43.038+0200: 57.739: [GC (Allocation Failure) [PSYoungGen: 642085K->39396K(647680K)] 663073K->60384K(2045952K), 0.0180717 secs] [Times: user=0.13 sys=0.00, real=0.02 secs] 
2020-09-29T17:59:43.108+0200: 57.809: [GC (Allocation Failure) [PSYoungGen: 635876K->33124K(647680K)] 656864K->54112K(2045952K), 0.0153292 secs] [Times: user=0.13 sys=0.00, real=0.02 secs] 
2020-09-29T17:59:43.175+0200: 57.876: [GC (Allocation Failure) [PSYoungGen: 629604K->41701K(646656K)] 650592K->62689K(2044928K), 0.0185252 secs] [Times: user=0.25 sys=0.00, real=0.02 secs] 
2020-09-29T17:59:43.247+0200: 57.948: [GC (Allocation Failure) [PSYoungGen: 638181K->36581K(647680K)] 659169K->57569K(2045952K), 0.0155694 secs] [Times: user=0.13 sys=0.00, real=0.02 secs] 
2020-09-29T17:59:43.315+0200: 58.016: [GC (Allocation Failure) [PSYoungGen: 633061K->31493K(649728K)] 654049K->52481K(2048000K), 0.0144336 secs] [Times: user=0.11 sys=0.00, real=0.01 secs] 
2020-09-29T17:59:43.382+0200: 58.083: [GC (Allocation Failure) [PSYoungGen: 631557K->29893K(649216K)] 652545K->50881K(2047488K), 0.0129454 secs] [Times: user=0.13 sys=0.00, real=0.01 secs] 
2020-09-29T17:59:43.451+0200: 58.151: [GC (Allocation Failure) [PSYoungGen: 629957K->42085K(647168K)] 650945K->63073K(2045440K), 0.0181692 secs] [Times: user=0.11 sys=0.00, real=0.02 secs] 
2020-09-29T17:59:43.522+0200: 58.222: [GC (Allocation Failure) [PSYoungGen: 640613K->39013K(648704K)] 661601K->60001K(2046976K), 0.0167447 secs] [Times: user=0.13 sys=0.00, real=0.02 secs] 
2020-09-29T17:59:43.591+0200: 58.291: [GC (Allocation Failure) [PSYoungGen: 637541K->35204K(650240K)] 658529K->56192K(2048512K), 0.0179370 secs] [Times: user=0.11 sys=0.00, real=0.02 secs] 
2020-09-29T17:59:43.662+0200: 58.362: [GC (Allocation Failure) [PSYoungGen: 635780K->34213K(649216K)] 656768K->55201K(2047488K), 0.0151383 secs] [Times: user=0.00 sys=0.00, real=0.02 secs] 
2020-09-29T17:59:43.728+0200: 58.428: [GC (Allocation Failure) [PSYoungGen: 634789K->31397K(651264K)] 655777K->52385K(2049536K), 0.0140731 secs] [Times: user=0.13 sys=0.00, real=0.01 secs] 
2020-09-29T17:59:43.799+0200: 58.500: [GC (Allocation Failure) [PSYoungGen: 635045K->18115K(622080K)] 656033K->39103K(2020352K), 0.0099721 secs] [Times: user=0.11 sys=0.00, real=0.01 secs] 
2020-09-29T17:59:43.865+0200: 58.565: [GC (Allocation Failure) [PSYoungGen: 621763K->33925K(651264K)] 642751K->54913K(2049536K), 0.0153166 secs] [Times: user=0.01 sys=0.00, real=0.02 secs] 
2020-09-29T17:59:43.934+0200: 58.635: [GC (Allocation Failure) [PSYoungGen: 636037K->33988K(649728K)] 657025K->54976K(2048000K), 0.0170689 secs] [Times: user=0.13 sys=0.00, real=0.02 secs] 
2020-09-29T17:59:44.005+0200: 58.705: [GC (Allocation Failure) [PSYoungGen: 636100K->33156K(653824K)] 657088K->54144K(2052096K), 0.0161058 secs] [Times: user=0.13 sys=0.00, real=0.02 secs] 
2020-09-29T17:59:44.076+0200: 58.776: [GC (Allocation Failure) [PSYoungGen: 640388K->37573K(652288K)] 661376K->58561K(2050560K), 0.0165799 secs] [Times: user=0.13 sys=0.00, real=0.02 secs] 
2020-09-29T17:59:44.147+0200: 58.848: [GC (Allocation Failure) [PSYoungGen: 644805K->43269K(649216K)] 665793K->64257K(2047488K), 0.0190200 secs] [Times: user=0.13 sys=0.00, real=0.02 secs] 
2020-09-29T17:59:44.220+0200: 58.921: [GC (Allocation Failure) [PSYoungGen: 646917K->45317K(649216K)] 667905K->66305K(2047488K), 0.0191637 secs] [Times: user=0.25 sys=0.00, real=0.02 secs] 
2020-09-29T17:59:44.294+0200: 58.994: [GC (Allocation Failure) [PSYoungGen: 648965K->46565K(643072K)] 669953K->67553K(2041344K), 0.0197810 secs] [Times: user=0.13 sys=0.00, real=0.02 secs] 
2020-09-29T17:59:44.365+0200: 59.066: [GC (Allocation Failure) [PSYoungGen: 639973K->52037K(645632K)] 660961K->73025K(2043904K), 0.0213969 secs] [Times: user=0.13 sys=0.00, real=0.02 secs] 
2020-09-29T17:59:44.438+0200: 59.139: [GC (Allocation Failure) [PSYoungGen: 645445K->43877K(638464K)] 666433K->64865K(2036736K), 0.0186313 secs] [Times: user=0.13 sys=0.00, real=0.02 secs] 
2020-09-29T17:59:44.510+0200: 59.211: [GC (Allocation Failure) [PSYoungGen: 629093K->25636K(611328K)] 650081K->46624K(2009600K), 0.0121945 secs] [Times: user=0.13 sys=0.00, real=0.01 secs] 
2020-09-29T17:59:44.573+0200: 59.274: [GC (Allocation Failure) [PSYoungGen: 610852K->50373K(635392K)] 631840K->71361K(2033664K), 0.0233967 secs] [Times: user=0.11 sys=0.00, real=0.02 secs] 
2020-09-29T17:59:44.647+0200: 59.348: [GC (Allocation Failure) [PSYoungGen: 628421K->40453K(638464K)] 649409K->61441K(2036736K), 0.0178423 secs] [Times: user=0.13 sys=0.00, real=0.02 secs] 
2020-09-29T17:59:44.715+0200: 59.416: [GC (Allocation Failure) [PSYoungGen: 618501K->44261K(640000K)] 639489K->65249K(2038272K), 0.0187676 secs] [Times: user=0.13 sys=0.00, real=0.02 secs] 
2020-09-29T17:59:44.784+0200: 59.484: [GC (Allocation Failure) [PSYoungGen: 625381K->37445K(640000K)] 646369K->58433K(2038272K), 0.0161582 secs] [Times: user=0.13 sys=0.00, real=0.02 secs] 
2020-09-29T17:59:44.849+0200: 59.550: [GC (Allocation Failure) [PSYoungGen: 618565K->44325K(641536K)] 639553K->65313K(2039808K), 0.0175467 secs] [Times: user=0.13 sys=0.00, real=0.02 secs] 
2020-09-29T17:59:44.918+0200: 59.619: [GC (Allocation Failure) [PSYoungGen: 628517K->38788K(641536K)] 649505K->59776K(2039808K), 0.0175330 secs] [Times: user=0.13 sys=0.00, real=0.02 secs] 
2020-09-29T17:59:44.987+0200: 59.688: [GC (Allocation Failure) [PSYoungGen: 622980K->19747K(640000K)] 643968K->40735K(2038272K), 0.0102074 secs] [Times: user=0.13 sys=0.00, real=0.01 secs] 
2020-09-29T17:59:45.061+0200: 59.762: [GC (Allocation Failure) [PSYoungGen: 603939K->42501K(641536K)] 624927K->63489K(2039808K), 0.0189674 secs] [Times: user=0.13 sys=0.00, real=0.02 secs] 
2020-09-29T17:59:45.131+0200: 59.832: [GC (Allocation Failure) [PSYoungGen: 626693K->38757K(643072K)] 647681K->59745K(2041344K), 0.0167848 secs] [Times: user=0.13 sys=0.00, real=0.02 secs] 
2020-09-29T17:59:45.200+0200: 59.901: [GC (Allocation Failure) [PSYoungGen: 624485K->50245K(636416K)] 645473K->71233K(2034688K), 0.0227441 secs] [Times: user=0.13 sys=0.00, real=0.02 secs] 
2020-09-29T17:59:45.274+0200: 59.975: [GC (Allocation Failure) [PSYoungGen: 635973K->48037K(638464K)] 656961K->69025K(2036736K), 0.0202507 secs] [Times: user=0.13 sys=0.00, real=0.02 secs] 
2020-09-29T17:59:45.343+0200: 60.044: [GC (Allocation Failure) [PSYoungGen: 628133K->39108K(639488K)] 649121K->60096K(2037760K), 0.0181289 secs] [Times: user=0.13 sys=0.00, real=0.02 secs] 
2020-09-29T17:59:45.412+0200: 60.113: [GC (Allocation Failure) [PSYoungGen: 619204K->29475K(641024K)] 640192K->50463K(2039296K), 0.0145937 secs] [Times: user=0.13 sys=0.00, real=0.02 secs] 
2020-09-29T17:59:45.478+0200: 60.179: [GC (Allocation Failure) [PSYoungGen: 612643K->37476K(641024K)] 633631K->58464K(2039296K), 0.0174992 secs] [Times: user=0.13 sys=0.00, real=0.02 secs] 
2020-09-29T17:59:45.546+0200: 60.247: [GC (Allocation Failure) [PSYoungGen: 620644K->46405K(640512K)] 641632K->67393K(2038784K), 0.0198562 secs] [Times: user=0.13 sys=0.00, real=0.02 secs] 
2020-09-29T17:59:45.619+0200: 60.320: [GC (Allocation Failure) [PSYoungGen: 630597K->11426K(595968K)] 651585K->32414K(1994240K), 0.0074239 secs] [Times: user=0.00 sys=0.00, real=0.01 secs] 
2020-09-29T17:59:45.677+0200: 60.378: [GC (Allocation Failure) [PSYoungGen: 595618K->33220K(640000K)] 616606K->54208K(2038272K), 0.0152333 secs] [Times: user=0.13 sys=0.00, real=0.02 secs] 
2020-09-29T17:59:45.749+0200: 60.450: [GC (Allocation Failure) [PSYoungGen: 612804K->38629K(638464K)] 633792K->59617K(2036736K), 0.0163907 secs] [Times: user=0.13 sys=0.00, real=0.02 secs] 
2020-09-29T17:59:45.819+0200: 60.520: [GC (Allocation Failure) [PSYoungGen: 618213K->28869K(642048K)] 639201K->49857K(2040320K), 0.0125540 secs] [Times: user=0.00 sys=0.00, real=0.01 secs] 
2020-09-29T17:59:45.888+0200: 60.588: [GC (Allocation Failure) [PSYoungGen: 613573K->24035K(641536K)] 634561K->45023K(2039808K), 0.0125554 secs] [Times: user=0.13 sys=0.00, real=0.01 secs] 
2020-09-29T17:59:45.951+0200: 60.652: [GC (Allocation Failure) [PSYoungGen: 608739K->48229K(636928K)] 629727K->69217K(2035200K), 0.0211547 secs] [Times: user=0.13 sys=0.00, real=0.02 secs] 
2020-09-29T17:59:46.023+0200: 60.724: [GC (Allocation Failure) [PSYoungGen: 628325K->24100K(639488K)] 649313K->45088K(2037760K), 0.0118732 secs] [Times: user=0.00 sys=0.00, real=0.01 secs] 
2020-09-29T17:59:46.085+0200: 60.786: [GC (Allocation Failure) [PSYoungGen: 604196K->27492K(641024K)] 625184K->48480K(2039296K), 0.0123881 secs] [Times: user=0.03 sys=0.00, real=0.01 secs] 
2020-09-29T17:59:46.148+0200: 60.849: [GC (Allocation Failure) [PSYoungGen: 609124K->34885K(639488K)] 630112K->55873K(2037760K), 0.0158485 secs] [Times: user=0.13 sys=0.00, real=0.02 secs] 
2020-09-29T17:59:46.219+0200: 60.920: [GC (Allocation Failure) [PSYoungGen: 616517K->42309K(641024K)] 637505K->63297K(2039296K), 0.0188818 secs] [Times: user=0.13 sys=0.00, real=0.02 secs] 
2020-09-29T17:59:46.289+0200: 60.990: [GC (Allocation Failure) [PSYoungGen: 627525K->39653K(642048K)] 648513K->60641K(2040320K), 0.0175152 secs] [Times: user=0.13 sys=0.00, real=0.02 secs] 
2020-09-29T17:59:46.357+0200: 61.058: [GC (Allocation Failure) [PSYoungGen: 624869K->35173K(644608K)] 645857K->56161K(2042880K), 0.0153204 secs] [Times: user=0.13 sys=0.00, real=0.01 secs] 
2020-09-29T17:59:46.424+0200: 61.125: [GC (Allocation Failure) [PSYoungGen: 623461K->49253K(637952K)] 644449K->70241K(2036224K), 0.0209283 secs] [Times: user=0.23 sys=0.00, real=0.02 secs] 
2020-09-29T17:59:46.496+0200: 61.197: [GC (Allocation Failure) [PSYoungGen: 637541K->35941K(643072K)] 658529K->56929K(2041344K), 0.0160631 secs] [Times: user=0.13 sys=0.00, real=0.02 secs] 
2020-09-29T17:59:46.562+0200: 61.263: [GC (Allocation Failure) [PSYoungGen: 621157K->33252K(641024K)] 642145K->54240K(2039296K), 0.0170936 secs] [Times: user=0.11 sys=0.00, real=0.02 secs] 
2020-09-29T17:59:46.631+0200: 61.331: [GC (Allocation Failure) [PSYoungGen: 618468K->43397K(642560K)] 639456K->64385K(2040832K), 0.0208763 secs] [Times: user=0.13 sys=0.00, real=0.02 secs] 
2020-09-29T17:59:46.703+0200: 61.404: [GC (Allocation Failure) [PSYoungGen: 631685K->29476K(643584K)] 652673K->50464K(2041856K), 0.0149426 secs] [Times: user=0.13 sys=0.00, real=0.01 secs] 
2020-09-29T17:59:46.769+0200: 61.470: [GC (Allocation Failure) [PSYoungGen: 617764K->41861K(644096K)] 638752K->62849K(2042368K), 0.0204441 secs] [Times: user=0.23 sys=0.00, real=0.02 secs] 
2020-09-29T17:59:46.840+0200: 61.541: [GC (Allocation Failure) [PSYoungGen: 631173K->43269K(632832K)] 652161K->64257K(2031104K), 0.0200575 secs] [Times: user=0.13 sys=0.00, real=0.02 secs] 
2020-09-29T17:59:46.911+0200: 61.611: [GC (Allocation Failure) [PSYoungGen: 632581K->42693K(643072K)] 653569K->63681K(2041344K), 0.0201047 secs] [Times: user=0.13 sys=0.00, real=0.02 secs] 
2020-09-29T17:59:46.983+0200: 61.683: [GC (Allocation Failure) [PSYoungGen: 629957K->27108K(643072K)] 650945K->48096K(2041344K), 0.0142817 secs] [Times: user=0.13 sys=0.00, real=0.01 secs] 
2020-09-29T17:59:47.048+0200: 61.748: [GC (Allocation Failure) [PSYoungGen: 614372K->26469K(643072K)] 635360K->47457K(2041344K), 0.0117182 secs] [Times: user=0.13 sys=0.00, real=0.01 secs] 
2020-09-29T17:59:47.110+0200: 61.811: [GC (Allocation Failure) [PSYoungGen: 613733K->25732K(643072K)] 634721K->46720K(2041344K), 0.0119753 secs] [Times: user=0.13 sys=0.00, real=0.01 secs] 
2020-09-29T17:59:47.176+0200: 61.877: [GC (Allocation Failure) [PSYoungGen: 612996K->38660K(644096K)] 633984K->59648K(2042368K), 0.0229492 secs] [Times: user=0.09 sys=0.00, real=0.02 secs] 
2020-09-29T17:59:47.257+0200: 61.958: [GC (Allocation Failure) [PSYoungGen: 627460K->39588K(643584K)] 648448K->60576K(2041856K), 0.0194477 secs] [Times: user=0.13 sys=0.00, real=0.02 secs] 
2020-09-29T17:59:47.330+0200: 62.031: [GC (Allocation Failure) [PSYoungGen: 628388K->40485K(644608K)] 649376K->61473K(2042880K), 0.0191041 secs] [Times: user=0.25 sys=0.00, real=0.02 secs] 
2020-09-29T17:59:47.402+0200: 62.103: [GC (Allocation Failure) [PSYoungGen: 630309K->42436K(644096K)] 651297K->63424K(2042368K), 0.0202548 secs] [Times: user=0.13 sys=0.00, real=0.02 secs] 
2020-09-29T17:59:47.475+0200: 62.176: [GC (Allocation Failure) [PSYoungGen: 632260K->30565K(644608K)] 653248K->51553K(2042880K), 0.0154406 secs] [Times: user=0.13 sys=0.00, real=0.02 secs] 
2020-09-29T17:59:47.548+0200: 62.249: [GC (Allocation Failure) [PSYoungGen: 620389K->54245K(644096K)] 641377K->80809K(2042368K), 0.0283702 secs] [Times: user=0.25 sys=0.00, real=0.03 secs] 
2020-09-29T17:59:47.629+0200: 62.330: [GC (Allocation Failure) [PSYoungGen: 644069K->34405K(633856K)] 670633K->60969K(2032128K), 0.0174641 secs] [Times: user=0.20 sys=0.00, real=0.02 secs] 
2020-09-29T17:59:47.697+0200: 62.398: [GC (Allocation Failure) [PSYoungGen: 613477K->25028K(638976K)] 640041K->51592K(2037248K), 0.0120413 secs] [Times: user=0.13 sys=0.00, real=0.01 secs] 
2020-09-29T17:59:47.765+0200: 62.466: [GC (Allocation Failure) [PSYoungGen: 604100K->29604K(640000K)] 630664K->56168K(2038272K), 0.0152560 secs] [Times: user=0.13 sys=0.00, real=0.02 secs] 
2020-09-29T17:59:47.836+0200: 62.537: [GC (Allocation Failure) [PSYoungGen: 609700K->33892K(638976K)] 636264K->60456K(2037248K), 0.0169669 secs] [Times: user=0.13 sys=0.00, real=0.02 secs] 
2020-09-29T17:59:47.904+0200: 62.605: [GC (Allocation Failure) [PSYoungGen: 613988K->26053K(642560K)] 640552K->52617K(2040832K), 0.0128874 secs] [Times: user=0.13 sys=0.00, real=0.01 secs] 
2020-09-29T17:59:47.970+0200: 62.670: [GC (Allocation Failure) [PSYoungGen: 611781K->23651K(642048K)] 638345K->50215K(2040320K), 0.0138813 secs] [Times: user=0.13 sys=0.00, real=0.01 secs] 
2020-09-29T17:59:48.034+0200: 62.735: [GC (Allocation Failure) [PSYoungGen: 609379K->35045K(644608K)] 635943K->61609K(2042880K), 0.0173069 secs] [Times: user=0.16 sys=0.00, real=0.02 secs] 
2020-09-29T17:59:48.103+0200: 62.803: [GC (Allocation Failure) [PSYoungGen: 623333K->49125K(637440K)] 649897K->75689K(2035712K), 0.0224619 secs] [Times: user=0.13 sys=0.00, real=0.02 secs] 
2020-09-29T17:59:48.176+0200: 62.876: [GC (Allocation Failure) [PSYoungGen: 637413K->49541K(634880K)] 663977K->76105K(2033152K), 0.0246289 secs] [Times: user=0.24 sys=0.00, real=0.02 secs] 
2020-09-29T17:59:48.253+0200: 62.954: [GC (Allocation Failure) [PSYoungGen: 626565K->38565K(637952K)] 653129K->65129K(2036224K), 0.0179449 secs] [Times: user=0.25 sys=0.00, real=0.02 secs] 
2020-09-29T17:59:48.321+0200: 63.022: [GC (Allocation Failure) [PSYoungGen: 615589K->55045K(630272K)] 642153K->81609K(2028544K), 0.0250042 secs] [Times: user=0.13 sys=0.00, real=0.02 secs] 
2020-09-29T17:59:48.399+0200: 63.099: [GC (Allocation Failure) [PSYoungGen: 625925K->37700K(634880K)] 652489K->64264K(2033152K), 0.0205390 secs] [Times: user=0.11 sys=0.00, real=0.02 secs] 
2020-09-29T17:59:48.471+0200: 63.172: [GC (Allocation Failure) [PSYoungGen: 608580K->48037K(635392K)] 635144K->74601K(2033664K), 0.0220344 secs] [Times: user=0.25 sys=0.00, real=0.02 secs] 
2020-09-29T17:59:48.547+0200: 63.247: [GC (Allocation Failure) [PSYoungGen: 621989K->34053K(636416K)] 648553K->60617K(2034688K), 0.0167905 secs] [Times: user=0.11 sys=0.00, real=0.02 secs] 
2020-09-29T17:59:48.616+0200: 63.317: [GC (Allocation Failure) [PSYoungGen: 608005K->33733K(638976K)] 634569K->60297K(2037248K), 0.0161761 secs] [Times: user=0.11 sys=0.00, real=0.02 secs] 
2020-09-29T17:59:48.683+0200: 63.383: [GC (Allocation Failure) [PSYoungGen: 611269K->37029K(637440K)] 637833K->63593K(2035712K), 0.0172405 secs] [Times: user=0.13 sys=0.00, real=0.02 secs] 
2020-09-29T17:59:48.750+0200: 63.450: [GC (Allocation Failure) [PSYoungGen: 614565K->40357K(642048K)] 641129K->66921K(2040320K), 0.0191748 secs] [Times: user=0.13 sys=0.00, real=0.02 secs] 
2020-09-29T17:59:48.820+0200: 63.521: [GC (Allocation Failure) [PSYoungGen: 624037K->19268K(640512K)] 650601K->45832K(2038784K), 0.0099269 secs] [Times: user=0.00 sys=0.00, real=0.01 secs] 
2020-09-29T17:59:48.883+0200: 63.584: [GC (Allocation Failure) [PSYoungGen: 602948K->28356K(641024K)] 629512K->54920K(2039296K), 0.0145941 secs] [Times: user=0.13 sys=0.00, real=0.01 secs] 
2020-09-29T17:59:48.949+0200: 63.649: [GC (Allocation Failure) [PSYoungGen: 611012K->19747K(640512K)] 637576K->46311K(2038784K), 0.0106755 secs] [Times: user=0.13 sys=0.00, real=0.01 secs] 
2020-09-29T17:59:49.017+0200: 63.717: [GC (Allocation Failure) [PSYoungGen: 602403K->24802K(641536K)] 628967K->51366K(2039808K), 0.0148976 secs] [Times: user=0.13 sys=0.00, real=0.01 secs] 
2020-09-29T17:59:49.082+0200: 63.782: [GC (Allocation Failure) [PSYoungGen: 607970K->33669K(640512K)] 634534K->60233K(2038784K), 0.0161123 secs] [Times: user=0.25 sys=0.00, real=0.02 secs] 
2020-09-29T17:59:49.150+0200: 63.850: [GC (Allocation Failure) [PSYoungGen: 616837K->42629K(641536K)] 643401K->69193K(2039808K), 0.0189573 secs] [Times: user=0.13 sys=0.00, real=0.02 secs] 
2020-09-29T17:59:49.221+0200: 63.922: [GC (Allocation Failure) [PSYoungGen: 628869K->26789K(642560K)] 655433K->53353K(2040832K), 0.0129718 secs] [Times: user=0.11 sys=0.00, real=0.01 secs] 
2020-09-29T17:59:49.285+0200: 63.986: [GC (Allocation Failure) [PSYoungGen: 613029K->35844K(644608K)] 639593K->62408K(2042880K), 0.0178394 secs] [Times: user=0.25 sys=0.00, real=0.02 secs] 
2020-09-29T17:59:49.355+0200: 64.056: [GC (Allocation Failure) [PSYoungGen: 624644K->23077K(643072K)] 651208K->49641K(2041344K), 0.0099903 secs] [Times: user=0.13 sys=0.00, real=0.01 secs] 
2020-09-29T17:59:49.416+0200: 64.117: [GC (Allocation Failure) [PSYoungGen: 611877K->23973K(645632K)] 638441K->50537K(2043904K), 0.0100787 secs] [Times: user=0.13 sys=0.00, real=0.01 secs] 
2020-09-29T17:59:49.481+0200: 64.181: [GC (Allocation Failure) [PSYoungGen: 615333K->40356K(644608K)] 641897K->66920K(2042880K), 0.0200458 secs] [Times: user=0.13 sys=0.00, real=0.02 secs] 
2020-09-29T17:59:49.552+0200: 64.253: [GC (Allocation Failure) [PSYoungGen: 631716K->15171K(642560K)] 658280K->41735K(2040832K), 0.0089451 secs] [Times: user=0.00 sys=0.00, real=0.01 secs] 
2020-09-29T17:59:49.613+0200: 64.314: [GC (Allocation Failure) [PSYoungGen: 603459K->42949K(631296K)] 630023K->69513K(2029568K), 0.0218768 secs] [Times: user=0.14 sys=0.02, real=0.02 secs] 
2020-09-29T17:59:49.686+0200: 64.386: [GC (Allocation Failure) [PSYoungGen: 631237K->28389K(643584K)] 657801K->54953K(2041856K), 0.0136203 secs] [Times: user=0.13 sys=0.00, real=0.01 secs] 
2020-09-29T17:59:49.750+0200: 64.451: [GC (Allocation Failure) [PSYoungGen: 614629K->54181K(640512K)] 641193K->80745K(2038784K), 0.0251664 secs] [Times: user=0.25 sys=0.00, real=0.03 secs] 
2020-09-29T17:59:49.826+0200: 64.527: [GC (Allocation Failure) [PSYoungGen: 640421K->24132K(636416K)] 666985K->50696K(2034688K), 0.0120050 secs] [Times: user=0.13 sys=0.00, real=0.01 secs] 
2020-09-29T17:59:49.890+0200: 64.591: [GC (Allocation Failure) [PSYoungGen: 602180K->41637K(620032K)] 628744K->68201K(2018304K), 0.0184270 secs] [Times: user=0.13 sys=0.00, real=0.02 secs] 
2020-09-29T17:59:49.964+0200: 64.665: [GC (Allocation Failure) [PSYoungGen: 619685K->45445K(634880K)] 646249K->72009K(2033152K), 0.0225407 secs] [Times: user=0.13 sys=0.00, real=0.02 secs] 
2020-09-29T17:59:50.036+0200: 64.737: [GC (Allocation Failure) [PSYoungGen: 619397K->29797K(636416K)] 645961K->56361K(2034688K), 0.0140741 secs] [Times: user=0.00 sys=0.00, real=0.01 secs] 
2020-09-29T17:59:50.106+0200: 64.806: [GC (Allocation Failure) [PSYoungGen: 603749K->29509K(640000K)] 630313K->56073K(2038272K), 0.0141668 secs] [Times: user=0.13 sys=0.00, real=0.01 secs] 
2020-09-29T17:59:50.171+0200: 64.871: [GC (Allocation Failure) [PSYoungGen: 609093K->47333K(627200K)] 635657K->73897K(2025472K), 0.0220879 secs] [Times: user=0.25 sys=0.00, real=0.02 secs] 
2020-09-29T17:59:50.245+0200: 64.946: [GC (Allocation Failure) [PSYoungGen: 626917K->39013K(638976K)] 653481K->65577K(2037248K), 0.0171219 secs] [Times: user=0.13 sys=0.00, real=0.02 secs] 
2020-09-29T17:59:50.320+0200: 65.020: [GC (Allocation Failure) [PSYoungGen: 616549K->42245K(637440K)] 643113K->68809K(2035712K), 0.0200256 secs] [Times: user=0.13 sys=0.00, real=0.02 secs] 
2020-09-29T17:59:50.389+0200: 65.090: [GC (Allocation Failure) [PSYoungGen: 619781K->44260K(636928K)] 646345K->70824K(2035200K), 0.0214703 secs] [Times: user=0.14 sys=0.00, real=0.02 secs] 
2020-09-29T17:59:50.461+0200: 65.161: [GC (Allocation Failure) [PSYoungGen: 621284K->17635K(594944K)] 647848K->44199K(1993216K), 0.0099923 secs] [Times: user=0.00 sys=0.00, real=0.01 secs] 
2020-09-29T17:59:50.528+0200: 65.228: [GC (Allocation Failure) [PSYoungGen: 594659K->19428K(636928K)] 621223K->45992K(2035200K), 0.0104347 secs] [Times: user=0.13 sys=0.00, real=0.01 secs] 
2020-09-29T17:59:50.594+0200: 65.295: [GC (Allocation Failure) [PSYoungGen: 594404K->19908K(636928K)] 620968K->46472K(2035200K), 0.0122968 secs] [Times: user=0.09 sys=0.00, real=0.01 secs] 
2020-09-29T17:59:50.659+0200: 65.360: [GC (Allocation Failure) [PSYoungGen: 594884K->34181K(639488K)] 621448K->60745K(2037760K), 0.0158396 secs] [Times: user=0.13 sys=0.00, real=0.02 secs] 
2020-09-29T17:59:50.725+0200: 65.425: [GC (Allocation Failure) [PSYoungGen: 612229K->37989K(637440K)] 638793K->64553K(2035712K), 0.0182312 secs] [Times: user=0.13 sys=0.00, real=0.02 secs] 
2020-09-29T17:59:50.795+0200: 65.496: [GC (Allocation Failure) [PSYoungGen: 616037K->26468K(641536K)] 642601K->53032K(2039808K), 0.0134133 secs] [Times: user=0.13 sys=0.00, real=0.01 secs] 
2020-09-29T17:59:50.861+0200: 65.562: [GC (Allocation Failure) [PSYoungGen: 609636K->20675K(640512K)] 636200K->47239K(2038784K), 0.0111182 secs] [Times: user=0.13 sys=0.00, real=0.01 secs] 
2020-09-29T17:59:50.927+0200: 65.628: [GC (Allocation Failure) [PSYoungGen: 603843K->43301K(638976K)] 630407K->69865K(2037248K), 0.0204909 secs] [Times: user=0.13 sys=0.00, real=0.02 secs] 
2020-09-29T17:59:50.999+0200: 65.700: [GC (Allocation Failure) [PSYoungGen: 625445K->36100K(640512K)] 652009K->62664K(2038784K), 0.0182436 secs] [Times: user=0.13 sys=0.00, real=0.02 secs] 
2020-09-29T17:59:51.068+0200: 65.769: [GC (Allocation Failure) [PSYoungGen: 618244K->29700K(643584K)] 644808K->56264K(2041856K), 0.0154745 secs] [Times: user=0.13 sys=0.00, real=0.02 secs] 
2020-09-29T17:59:51.134+0200: 65.835: [GC (Allocation Failure) [PSYoungGen: 615940K->41701K(641536K)] 642504K->68265K(2039808K), 0.0187535 secs] [Times: user=0.13 sys=0.00, real=0.02 secs] 
2020-09-29T17:59:51.206+0200: 65.906: [GC (Allocation Failure) [PSYoungGen: 626923K->22820K(642560K)] 653487K->49384K(2040832K), 0.0136784 secs] [Times: user=0.11 sys=0.00, real=0.01 secs] 
2020-09-29T17:59:51.271+0200: 65.971: [GC (Allocation Failure) [PSYoungGen: 608548K->47973K(633856K)] 635112K->74537K(2032128K), 0.0218596 secs] [Times: user=0.13 sys=0.00, real=0.02 secs] 
2020-09-29T17:59:51.343+0200: 66.043: [GC (Allocation Failure) [PSYoungGen: 633701K->43492K(637440K)] 660265K->70056K(2035712K), 0.0212985 secs] [Times: user=0.13 sys=0.01, real=0.02 secs] 
2020-09-29T17:59:51.414+0200: 66.115: [GC (Allocation Failure) [PSYoungGen: 621540K->47268K(625664K)] 648104K->73832K(2023936K), 0.0230432 secs] [Times: user=0.13 sys=0.00, real=0.02 secs] 
2020-09-29T17:59:51.487+0200: 66.188: [GC (Allocation Failure) [PSYoungGen: 625316K->36708K(638464K)] 651880K->63272K(2036736K), 0.0184211 secs] [Times: user=0.25 sys=0.00, real=0.02 secs] 
2020-09-29T17:59:51.555+0200: 66.256: [GC (Allocation Failure) [PSYoungGen: 612708K->38501K(636416K)] 639272K->65065K(2034688K), 0.0178450 secs] [Times: user=0.13 sys=0.00, real=0.02 secs] 
2020-09-29T17:59:51.630+0200: 66.331: [GC (Allocation Failure) [PSYoungGen: 614501K->40325K(641024K)] 641065K->66889K(2039296K), 0.0150537 secs] [Times: user=0.13 sys=0.00, real=0.02 secs] 
2020-09-29T17:59:51.696+0200: 66.397: [GC (Allocation Failure) [PSYoungGen: 622469K->32931K(640000K)] 649033K->59495K(2038272K), 0.0123371 secs] [Times: user=0.13 sys=0.00, real=0.01 secs] 
2020-09-29T17:59:51.758+0200: 66.459: [GC (Allocation Failure) [PSYoungGen: 615075K->54533K(632320K)] 641639K->81097K(2030592K), 0.0181176 secs] [Times: user=0.13 sys=0.00, real=0.02 secs] 
2020-09-29T17:59:51.827+0200: 66.528: [GC (Allocation Failure) [PSYoungGen: 630533K->40772K(637440K)] 657097K->67336K(2035712K), 0.0145996 secs] [Times: user=0.13 sys=0.00, real=0.02 secs] 
2020-09-29T17:59:51.891+0200: 66.592: [GC (Allocation Failure) [PSYoungGen: 616772K->56165K(629760K)] 643336K->82729K(2028032K), 0.0187785 secs] [Times: user=0.25 sys=0.00, real=0.02 secs] 
2020-09-29T17:59:51.959+0200: 66.660: [GC (Allocation Failure) [PSYoungGen: 626021K->21988K(591872K)] 652585K->48552K(1990144K), 0.0087172 secs] [Times: user=0.00 sys=0.00, real=0.01 secs] 
2020-09-29T17:59:52.017+0200: 66.718: [GC (Allocation Failure) [PSYoungGen: 591844K->45029K(633856K)] 618408K->71593K(2032128K), 0.0157202 secs] [Times: user=0.13 sys=0.00, real=0.02 secs] 
2020-09-29T17:59:52.082+0200: 66.783: [GC (Allocation Failure) [PSYoungGen: 613861K->39621K(633856K)] 640425K->66185K(2032128K), 0.0139975 secs] [Times: user=0.00 sys=0.00, real=0.01 secs] 
2020-09-29T17:59:52.147+0200: 66.848: [GC (Allocation Failure) [PSYoungGen: 608453K->47684K(634368K)] 635017K->74248K(2032640K), 0.0166661 secs] [Times: user=0.13 sys=0.00, real=0.02 secs] 
2020-09-29T17:59:52.215+0200: 66.916: [GC (Allocation Failure) [PSYoungGen: 619588K->45381K(635392K)] 646152K->71945K(2033664K), 0.0191039 secs] [Times: user=0.11 sys=0.00, real=0.02 secs] 
2020-09-29T17:59:52.287+0200: 66.988: [GC (Allocation Failure) [PSYoungGen: 617285K->29381K(635904K)] 643849K->55945K(2034176K), 0.0111989 secs] [Times: user=0.00 sys=0.00, real=0.01 secs] 
2020-09-29T17:59:52.350+0200: 67.051: [GC (Allocation Failure) [PSYoungGen: 602309K->28100K(635904K)] 628873K->54664K(2034176K), 0.0117833 secs] [Times: user=0.00 sys=0.00, real=0.01 secs] 
2020-09-29T17:59:52.414+0200: 67.115: [GC (Allocation Failure) [PSYoungGen: 601028K->54181K(629248K)] 627592K->80745K(2027520K), 0.0191718 secs] [Times: user=0.13 sys=0.00, real=0.02 secs] 
2020-09-29T17:59:52.482+0200: 67.183: [GC (Allocation Failure) [PSYoungGen: 620965K->45508K(632832K)] 647529K->72072K(2031104K), 0.0156985 secs] [Times: user=0.13 sys=0.00, real=0.02 secs] 
2020-09-29T17:59:52.547+0200: 67.248: [GC (Allocation Failure) [PSYoungGen: 612292K->38021K(635392K)] 638856K->64585K(2033664K), 0.0133136 secs] [Times: user=0.13 sys=0.00, real=0.01 secs] 
2020-09-29T17:59:52.611+0200: 67.312: [GC (Allocation Failure) [PSYoungGen: 607877K->47301K(633344K)] 634441K->73865K(2031616K), 0.0179365 secs] [Times: user=0.22 sys=0.00, real=0.02 secs] 
2020-09-29T17:59:52.680+0200: 67.381: [GC (Allocation Failure) [PSYoungGen: 617157K->29253K(635392K)] 643721K->55817K(2033664K), 0.0105675 secs] [Times: user=0.00 sys=0.00, real=0.01 secs] 
2020-09-29T17:59:52.740+0200: 67.441: [GC (Allocation Failure) [PSYoungGen: 601157K->39140K(635392K)] 627721K->65704K(2033664K), 0.0135607 secs] [Times: user=0.00 sys=0.00, real=0.01 secs] 
2020-09-29T17:59:52.803+0200: 67.504: [GC (Allocation Failure) [PSYoungGen: 611044K->36869K(639488K)] 637608K->63433K(2037760K), 0.0129610 secs] [Times: user=0.00 sys=0.00, real=0.01 secs] 
2020-09-29T17:59:52.866+0200: 67.567: [GC (Allocation Failure) [PSYoungGen: 615429K->25380K(637952K)] 641993K->51944K(2036224K), 0.0112322 secs] [Times: user=0.00 sys=0.00, real=0.01 secs] 
2020-09-29T17:59:52.927+0200: 67.628: [GC (Allocation Failure) [PSYoungGen: 603940K->42724K(639488K)] 630504K->69288K(2037760K), 0.0154642 secs] [Times: user=0.13 sys=0.00, real=0.01 secs] 
2020-09-29T17:59:52.993+0200: 67.694: [GC (Allocation Failure) [PSYoungGen: 622308K->48069K(627712K)] 648872K->74633K(2025984K), 0.0160100 secs] [Times: user=0.13 sys=0.00, real=0.02 secs] 
2020-09-29T17:59:53.059+0200: 67.760: [GC (Allocation Failure) [PSYoungGen: 627653K->39300K(640000K)] 654217K->65864K(2038272K), 0.0144602 secs] [Times: user=0.13 sys=0.00, real=0.01 secs] 
2020-09-29T17:59:53.124+0200: 67.825: [GC (Allocation Failure) [PSYoungGen: 618372K->44101K(637952K)] 644936K->70665K(2036224K), 0.0160273 secs] [Times: user=0.13 sys=0.00, real=0.02 secs] 
2020-09-29T17:59:53.193+0200: 67.894: [GC (Allocation Failure) [PSYoungGen: 623173K->34372K(641024K)] 649737K->60936K(2039296K), 0.0160728 secs] [Times: user=0.09 sys=0.00, real=0.02 secs] 
2020-09-29T17:59:53.260+0200: 67.961: [GC (Allocation Failure) [PSYoungGen: 616516K->25957K(640000K)] 643080K->52521K(2038272K), 0.0095882 secs] [Times: user=0.00 sys=0.00, real=0.01 secs] 
2020-09-29T17:59:53.321+0200: 68.021: [GC (Allocation Failure) [PSYoungGen: 608101K->33860K(642048K)] 634665K->60424K(2040320K), 0.0122034 secs] [Times: user=0.13 sys=0.00, real=0.01 secs] 
2020-09-29T17:59:53.382+0200: 68.083: [GC (Allocation Failure) [PSYoungGen: 617540K->28517K(640512K)] 644104K->55081K(2038784K), 0.0098230 secs] [Times: user=0.00 sys=0.00, real=0.01 secs] 
2020-09-29T17:59:53.442+0200: 68.143: [GC (Allocation Failure) [PSYoungGen: 612197K->37989K(643584K)] 638761K->64553K(2041856K), 0.0127802 secs] [Times: user=0.00 sys=0.00, real=0.01 secs] 
2020-09-29T17:59:53.507+0200: 68.208: [GC (Allocation Failure) [PSYoungGen: 625253K->37349K(642560K)] 651817K->63913K(2040832K), 0.0132358 secs] [Times: user=0.02 sys=0.00, real=0.01 secs] 
2020-09-29T17:59:53.576+0200: 68.277: [GC (Allocation Failure) [PSYoungGen: 624613K->22468K(643584K)] 651177K->49032K(2041856K), 0.0087236 secs] [Times: user=0.11 sys=0.00, real=0.01 secs] 
2020-09-29T17:59:53.638+0200: 68.339: [GC (Allocation Failure) [PSYoungGen: 612804K->37540K(644608K)] 639368K->64104K(2042880K), 0.0138281 secs] [Times: user=0.13 sys=0.00, real=0.01 secs] 
2020-09-29T17:59:53.703+0200: 68.404: [GC (Allocation Failure) [PSYoungGen: 627876K->24067K(645632K)] 654440K->50631K(2043904K), 0.0095049 secs] [Times: user=0.13 sys=0.00, real=0.01 secs] 
2020-09-29T17:59:53.765+0200: 68.465: [GC (Allocation Failure) [PSYoungGen: 616451K->14532K(607232K)] 643015K->41096K(2005504K), 0.0054313 secs] [Times: user=0.00 sys=0.00, real=0.00 secs] 
2020-09-29T17:59:53.820+0200: 68.521: [GC (Allocation Failure) [PSYoungGen: 606916K->46341K(637952K)] 633480K->72905K(2036224K), 0.0150722 secs] [Times: user=0.13 sys=0.00, real=0.02 secs] 
2020-09-29T17:59:53.886+0200: 68.586: [GC (Allocation Failure) [PSYoungGen: 629509K->40196K(641024K)] 656073K->66760K(2039296K), 0.0142985 secs] [Times: user=0.13 sys=0.00, real=0.01 secs] 
2020-09-29T17:59:53.950+0200: 68.651: [GC (Allocation Failure) [PSYoungGen: 623364K->35172K(643072K)] 649928K->61736K(2041344K), 0.0125771 secs] [Times: user=0.13 sys=0.00, real=0.01 secs] 
2020-09-29T17:59:54.013+0200: 68.715: [GC (Allocation Failure) [PSYoungGen: 620388K->31876K(641024K)] 646952K->58440K(2039296K), 0.0118245 secs] [Times: user=0.13 sys=0.00, real=0.01 secs] 
2020-09-29T17:59:54.076+0200: 68.777: [GC (Allocation Failure) [PSYoungGen: 617092K->42789K(642560K)] 643656K->69353K(2040832K), 0.0151893 secs] [Times: user=0.13 sys=0.00, real=0.02 secs] 
2020-09-29T17:59:54.146+0200: 68.846: [GC (Allocation Failure) [PSYoungGen: 631077K->27332K(643584K)] 657641K->53896K(2041856K), 0.0118868 secs] [Times: user=0.00 sys=0.00, real=0.01 secs] 
2020-09-29T17:59:54.211+0200: 68.911: [GC (Allocation Failure) [PSYoungGen: 615620K->26404K(645120K)] 642184K->52968K(2043392K), 0.0119692 secs] [Times: user=0.00 sys=0.00, real=0.01 secs] 
2020-09-29T17:59:54.275+0200: 68.975: [GC (Allocation Failure) [PSYoungGen: 616740K->41220K(644096K)] 643304K->67784K(2042368K), 0.0147853 secs] [Times: user=0.13 sys=0.00, real=0.01 secs] 
2020-09-29T17:59:54.340+0200: 69.040: [GC (Allocation Failure) [PSYoungGen: 631556K->29221K(645120K)] 658120K->55785K(2043392K), 0.0106342 secs] [Times: user=0.13 sys=0.00, real=0.01 secs] 
2020-09-29T17:59:54.403+0200: 69.103: [GC (Allocation Failure) [PSYoungGen: 619557K->31588K(644096K)] 646121K->58152K(2042368K), 0.0121605 secs] [Times: user=0.13 sys=0.00, real=0.01 secs] 
2020-09-29T17:59:54.465+0200: 69.166: [GC (Allocation Failure) [PSYoungGen: 621924K->33028K(648704K)] 648488K->59592K(2046976K), 0.0116948 secs] [Times: user=0.13 sys=0.00, real=0.01 secs] 
2020-09-29T17:59:54.528+0200: 69.228: [GC (Allocation Failure) [PSYoungGen: 629508K->39108K(646656K)] 656072K->65672K(2044928K), 0.0138420 secs] [Times: user=0.13 sys=0.00, real=0.01 secs] 
2020-09-29T17:59:54.594+0200: 69.294: [GC (Allocation Failure) [PSYoungGen: 635588K->16163K(645120K)] 662152K->42727K(2043392K), 0.0078064 secs] [Times: user=0.11 sys=0.00, real=0.01 secs] 
2020-09-29T17:59:54.654+0200: 69.355: [GC (Allocation Failure) [PSYoungGen: 610595K->20836K(646656K)] 637159K->47400K(2044928K), 0.0086013 secs] [Times: user=0.13 sys=0.00, real=0.01 secs] 
2020-09-29T17:59:54.714+0200: 69.414: [GC (Allocation Failure) [PSYoungGen: 615268K->52197K(633344K)] 641832K->81209K(2031616K), 0.0185304 secs] [Times: user=0.13 sys=0.00, real=0.02 secs] 
2020-09-29T17:59:54.786+0200: 69.486: [GC (Allocation Failure) [PSYoungGen: 633317K->47973K(629248K)] 662329K->76985K(2027520K), 0.0160500 secs] [Times: user=0.13 sys=0.00, real=0.02 secs] 
2020-09-29T17:59:54.852+0200: 69.552: [GC (Allocation Failure) [PSYoungGen: 629093K->41157K(637440K)] 658105K->70169K(2035712K), 0.0130086 secs] [Times: user=0.13 sys=0.00, real=0.01 secs] 
2020-09-29T17:59:54.915+0200: 69.615: [GC (Allocation Failure) [PSYoungGen: 617157K->28869K(637440K)] 646169K->57881K(2035712K), 0.0101609 secs] [Times: user=0.00 sys=0.00, real=0.01 secs] 
2020-09-29T17:59:54.975+0200: 69.675: [GC (Allocation Failure) [PSYoungGen: 604869K->30597K(640512K)] 633881K->59609K(2038784K), 0.0107011 secs] [Times: user=0.00 sys=0.00, real=0.01 secs] 
2020-09-29T17:59:55.035+0200: 69.735: [GC (Allocation Failure) [PSYoungGen: 611205K->23268K(638976K)] 640217K->52280K(2037248K), 0.0089161 secs] [Times: user=0.13 sys=0.00, real=0.01 secs] 
2020-09-29T17:59:55.094+0200: 69.795: [GC (Allocation Failure) [PSYoungGen: 603876K->29573K(643072K)] 632888K->58585K(2041344K), 0.0098810 secs] [Times: user=0.13 sys=0.00, real=0.01 secs] 
2020-09-29T17:59:55.155+0200: 69.855: [GC (Allocation Failure) [PSYoungGen: 614789K->26949K(641024K)] 643801K->55961K(2039296K), 0.0091972 secs] [Times: user=0.13 sys=0.00, real=0.01 secs] 
2020-09-29T17:59:55.218+0200: 69.918: [GC (Allocation Failure) [PSYoungGen: 612165K->37861K(644608K)] 641177K->66873K(2042880K), 0.0157158 secs] [Times: user=0.13 sys=0.00, real=0.02 secs] 
2020-09-29T17:59:55.286+0200: 69.986: [GC (Allocation Failure) [PSYoungGen: 627685K->39781K(644096K)] 656697K->68793K(2042368K), 0.0136028 secs] [Times: user=0.00 sys=0.00, real=0.01 secs] 
2020-09-29T17:59:55.351+0200: 70.051: [GC (Allocation Failure) [PSYoungGen: 629605K->39332K(644096K)] 658617K->68344K(2042368K), 0.0141623 secs] [Times: user=0.13 sys=0.00, real=0.01 secs] 
2020-09-29T17:59:55.415+0200: 70.116: [GC (Allocation Failure) [PSYoungGen: 628644K->40324K(629760K)] 657656K->69336K(2028032K), 0.0142637 secs] [Times: user=0.13 sys=0.00, real=0.02 secs] 
2020-09-29T17:59:55.484+0200: 70.184: [GC (Allocation Failure) [PSYoungGen: 629636K->41701K(642560K)] 658648K->70713K(2040832K), 0.0151770 secs] [Times: user=0.13 sys=0.00, real=0.02 secs] 
2020-09-29T17:59:55.550+0200: 70.250: [GC (Allocation Failure) [PSYoungGen: 628965K->41093K(643072K)] 657977K->70105K(2041344K), 0.0152098 secs] [Times: user=0.11 sys=0.00, real=0.02 secs] 
2020-09-29T17:59:55.618+0200: 70.318: [GC (Allocation Failure) [PSYoungGen: 628357K->23492K(643072K)] 657369K->52504K(2041344K), 0.0098157 secs] [Times: user=0.00 sys=0.00, real=0.01 secs] 
2020-09-29T17:59:55.679+0200: 70.379: [GC (Allocation Failure) [PSYoungGen: 610756K->36420K(643072K)] 639768K->65432K(2041344K), 0.0131313 secs] [Times: user=0.13 sys=0.00, real=0.01 secs] 
2020-09-29T17:59:55.744+0200: 70.445: [GC (Allocation Failure) [PSYoungGen: 623684K->34693K(646144K)] 652696K->63705K(2044416K), 0.0119443 secs] [Times: user=0.13 sys=0.00, real=0.01 secs] 
2020-09-29T17:59:55.809+0200: 70.509: [GC (Allocation Failure) [PSYoungGen: 626565K->38725K(644608K)] 655577K->67737K(2042880K), 0.0145719 secs] [Times: user=0.13 sys=0.00, real=0.01 secs] 
2020-09-29T17:59:55.875+0200: 70.575: [GC (Allocation Failure) [PSYoungGen: 630597K->28933K(647168K)] 659609K->57945K(2045440K), 0.0103484 secs] [Times: user=0.13 sys=0.00, real=0.01 secs] 
2020-09-29T17:59:55.937+0200: 70.637: [GC (Allocation Failure) [PSYoungGen: 623877K->36005K(646656K)] 652889K->65017K(2044928K), 0.0126532 secs] [Times: user=0.13 sys=0.00, real=0.01 secs] 
2020-09-29T17:59:56.002+0200: 70.702: [GC (Allocation Failure) [PSYoungGen: 630949K->43013K(645120K)] 659961K->72025K(2043392K), 0.0148676 secs] [Times: user=0.13 sys=0.00, real=0.01 secs] 
2020-09-29T17:59:56.068+0200: 70.768: [GC (Allocation Failure) [PSYoungGen: 637445K->49573K(644096K)] 666457K->78585K(2042368K), 0.0167917 secs] [Times: user=0.13 sys=0.00, real=0.02 secs] 
2020-09-29T17:59:56.137+0200: 70.837: [GC (Allocation Failure) [PSYoungGen: 644005K->28741K(643072K)] 673017K->57753K(2041344K), 0.0106856 secs] [Times: user=0.13 sys=0.00, real=0.01 secs] 
2020-09-29T17:59:56.201+0200: 70.902: [GC (Allocation Failure) [PSYoungGen: 617029K->42821K(631296K)] 646041K->71833K(2029568K), 0.0185968 secs] [Times: user=0.09 sys=0.00, real=0.02 secs] 
2020-09-29T17:59:56.271+0200: 70.972: [GC (Allocation Failure) [PSYoungGen: 631109K->43173K(642048K)] 660121K->72185K(2040320K), 0.0141393 secs] [Times: user=0.00 sys=0.00, real=0.01 secs] 
2020-09-29T17:59:56.336+0200: 71.036: [GC (Allocation Failure) [PSYoungGen: 629413K->24420K(642560K)] 658425K->53432K(2040832K), 0.0093279 secs] [Times: user=0.00 sys=0.00, real=0.01 secs] 
2020-09-29T17:59:56.396+0200: 71.097: [GC (Allocation Failure) [PSYoungGen: 610660K->36389K(644096K)] 639672K->65401K(2042368K), 0.0128000 secs] [Times: user=0.00 sys=0.00, real=0.01 secs] 
2020-09-29T17:59:56.459+0200: 71.160: [GC (Allocation Failure) [PSYoungGen: 624165K->36036K(642560K)] 653177K->65048K(2040832K), 0.0130447 secs] [Times: user=0.00 sys=0.00, real=0.01 secs] 
2020-09-29T17:59:56.523+0200: 71.223: [GC (Allocation Failure) [PSYoungGen: 623812K->48420K(640000K)] 652824K->77432K(2038272K), 0.0171496 secs] [Times: user=0.13 sys=0.00, real=0.02 secs] 
2020-09-29T17:59:56.592+0200: 71.293: [GC (Allocation Failure) [PSYoungGen: 635684K->33475K(643072K)] 664696K->62487K(2041344K), 0.0143270 secs] [Times: user=0.11 sys=0.00, real=0.02 secs] 
2020-09-29T17:59:56.659+0200: 71.359: [GC (Allocation Failure) [PSYoungGen: 620739K->30819K(645120K)] 649751K->59831K(2043392K), 0.0118068 secs] [Times: user=0.13 sys=0.00, real=0.01 secs] 
2020-09-29T17:59:56.721+0200: 71.421: [GC (Allocation Failure) [PSYoungGen: 621155K->46981K(637440K)] 650167K->75993K(2035712K), 0.0157449 secs] [Times: user=0.13 sys=0.00, real=0.02 secs] 
2020-09-29T17:59:56.787+0200: 71.487: [GC (Allocation Failure) [PSYoungGen: 637317K->22021K(641536K)] 666329K->51033K(2039808K), 0.0073418 secs] [Times: user=0.00 sys=0.00, real=0.01 secs] 
2020-09-29T17:59:56.845+0200: 71.546: [GC (Allocation Failure) [PSYoungGen: 607237K->32132K(642048K)] 636249K->61144K(2040320K), 0.0118880 secs] [Times: user=0.13 sys=0.00, real=0.01 secs] 
2020-09-29T17:59:56.912+0200: 71.612: [GC (Allocation Failure) [PSYoungGen: 617348K->43077K(641536K)] 646360K->72089K(2039808K), 0.0171715 secs] [Times: user=0.13 sys=0.00, real=0.02 secs] 
2020-09-29T17:59:56.982+0200: 71.683: [GC (Allocation Failure) [PSYoungGen: 629317K->41413K(642560K)] 658329K->70425K(2040832K), 0.0160543 secs] [Times: user=0.13 sys=0.00, real=0.02 secs] 
2020-09-29T17:59:57.051+0200: 71.751: [GC (Allocation Failure) [PSYoungGen: 627653K->38596K(644096K)] 656665K->67608K(2042368K), 0.0143782 secs] [Times: user=0.13 sys=0.00, real=0.01 secs] 
2020-09-29T17:59:57.116+0200: 71.816: [GC (Allocation Failure) [PSYoungGen: 626372K->38277K(642560K)] 655384K->67289K(2040832K), 0.0129155 secs] [Times: user=0.00 sys=0.00, real=0.01 secs] 
2020-09-29T17:59:57.181+0200: 71.881: [GC (Allocation Failure) [PSYoungGen: 626053K->38085K(646656K)] 655065K->67097K(2044928K), 0.0130153 secs] [Times: user=0.13 sys=0.00, real=0.01 secs] 
2020-09-29T17:59:57.249+0200: 71.949: [GC (Allocation Failure) [PSYoungGen: 630981K->27555K(645120K)] 659993K->56567K(2043392K), 0.0129712 secs] [Times: user=0.11 sys=0.00, real=0.01 secs] 
2020-09-29T17:59:57.314+0200: 72.014: [GC (Allocation Failure) [PSYoungGen: 620451K->46245K(642048K)] 649463K->75257K(2040320K), 0.0155166 secs] [Times: user=0.13 sys=0.00, real=0.02 secs] 
2020-09-29T17:59:57.379+0200: 72.080: [GC (Allocation Failure) [PSYoungGen: 633924K->29828K(644096K)] 662936K->58840K(2042368K), 0.0116200 secs] [Times: user=0.05 sys=0.00, real=0.01 secs] 
2020-09-29T17:59:57.442+0200: 72.143: [GC (Allocation Failure) [PSYoungGen: 619140K->30756K(645632K)] 648152K->59768K(2043904K), 0.0108782 secs] [Times: user=0.00 sys=0.00, real=0.01 secs] 
2020-09-29T17:59:57.504+0200: 72.205: [GC (Allocation Failure) [PSYoungGen: 622116K->47941K(639488K)] 651128K->76953K(2037760K), 0.0160890 secs] [Times: user=0.14 sys=0.00, real=0.02 secs] 
2020-09-29T17:59:57.572+0200: 72.273: [GC (Allocation Failure) [PSYoungGen: 639301K->37765K(644608K)] 668313K->66777K(2042880K), 0.0154076 secs] [Times: user=0.11 sys=0.00, real=0.02 secs] 
2020-09-29T17:59:57.640+0200: 72.341: [GC (Allocation Failure) [PSYoungGen: 626053K->38085K(642560K)] 655065K->67097K(2040832K), 0.0146802 secs] [Times: user=0.11 sys=0.00, real=0.01 secs] 
2020-09-29T17:59:57.705+0200: 72.406: [GC (Allocation Failure) [PSYoungGen: 626373K->38501K(646656K)] 655385K->67513K(2044928K), 0.0136200 secs] [Times: user=0.13 sys=0.00, real=0.01 secs] 
2020-09-29T17:59:57.770+0200: 72.470: [GC (Allocation Failure) [PSYoungGen: 631909K->44037K(645632K)] 660921K->73049K(2043904K), 0.0146163 secs] [Times: user=0.00 sys=0.00, real=0.01 secs] 
2020-09-29T17:59:57.835+0200: 72.536: [GC (Allocation Failure) [PSYoungGen: 637445K->18980K(642560K)] 666457K->47992K(2040832K), 0.0077976 secs] [Times: user=0.00 sys=0.00, real=0.01 secs] 
2020-09-29T17:59:57.894+0200: 72.595: [GC (Allocation Failure) [PSYoungGen: 608292K->32004K(644096K)] 637304K->61016K(2042368K), 0.0115064 secs] [Times: user=0.11 sys=0.00, real=0.01 secs] 
2020-09-29T17:59:57.957+0200: 72.657: [GC (Allocation Failure) [PSYoungGen: 621316K->17252K(642048K)] 650328K->46264K(2040320K), 0.0066523 secs] [Times: user=0.13 sys=0.00, real=0.01 secs] 
2020-09-29T17:59:58.015+0200: 72.715: [GC (Allocation Failure) [PSYoungGen: 605540K->29732K(643584K)] 634552K->58744K(2041856K), 0.0112386 secs] [Times: user=0.13 sys=0.00, real=0.01 secs] 
2020-09-29T17:59:58.076+0200: 72.777: [GC (Allocation Failure) [PSYoungGen: 618020K->43813K(642048K)] 647032K->72825K(2040320K), 0.0149349 secs] [Times: user=0.13 sys=0.00, real=0.02 secs] 
2020-09-29T17:59:58.143+0200: 72.843: [GC (Allocation Failure) [PSYoungGen: 632101K->28772K(643584K)] 661113K->57784K(2041856K), 0.0104237 secs] [Times: user=0.13 sys=0.00, real=0.01 secs] 
2020-09-29T17:59:58.206+0200: 72.906: [GC (Allocation Failure) [PSYoungGen: 617060K->41700K(642560K)] 646072K->70712K(2040832K), 0.0175498 secs] [Times: user=0.23 sys=0.00, real=0.02 secs] 
2020-09-29T17:59:58.275+0200: 72.976: [GC (Allocation Failure) [PSYoungGen: 629988K->42085K(630784K)] 659000K->71097K(2029056K), 0.0142269 secs] [Times: user=0.13 sys=0.00, real=0.01 secs] 
2020-09-29T17:59:58.339+0200: 73.040: [GC (Allocation Failure) [PSYoungGen: 630373K->41764K(642048K)] 659385K->70776K(2040320K), 0.0144003 secs] [Times: user=0.13 sys=0.00, real=0.02 secs] 
2020-09-29T17:59:58.405+0200: 73.105: [GC (Allocation Failure) [PSYoungGen: 628004K->40069K(642560K)] 657016K->69081K(2040832K), 0.0136080 secs] [Times: user=0.13 sys=0.00, real=0.01 secs] 
2020-09-29T17:59:58.469+0200: 73.170: [GC (Allocation Failure) [PSYoungGen: 626309K->38180K(644608K)] 655321K->67192K(2042880K), 0.0140989 secs] [Times: user=0.13 sys=0.00, real=0.01 secs] 
2020-09-29T17:59:58.534+0200: 73.235: [GC (Allocation Failure) [PSYoungGen: 626980K->24163K(643072K)] 655992K->53175K(2041344K), 0.0096620 secs] [Times: user=0.13 sys=0.00, real=0.01 secs] 
2020-09-29T17:59:58.597+0200: 73.297: [GC (Allocation Failure) [PSYoungGen: 612963K->24676K(644096K)] 641975K->53688K(2042368K), 0.0104256 secs] [Times: user=0.11 sys=0.00, real=0.01 secs] 
2020-09-29T17:59:58.659+0200: 73.360: [GC (Allocation Failure) [PSYoungGen: 613988K->39653K(644096K)] 643000K->68665K(2042368K), 0.0134769 secs] [Times: user=0.13 sys=0.00, real=0.01 secs] 
2020-09-29T17:59:58.724+0200: 73.424: [GC (Allocation Failure) [PSYoungGen: 628965K->54757K(633856K)] 657977K->83777K(2032128K), 0.0183625 secs] [Times: user=0.13 sys=0.00, real=0.02 secs] 
2020-09-29T17:59:58.792+0200: 73.492: [GC (Allocation Failure) [PSYoungGen: 633829K->31493K(638976K)] 662849K->60513K(2037248K), 0.0106073 secs] [Times: user=0.13 sys=0.00, real=0.01 secs] 
2020-09-29T17:59:58.856+0200: 73.557: [GC (Allocation Failure) [PSYoungGen: 610565K->35748K(642048K)] 639585K->64768K(2040320K), 0.0132387 secs] [Times: user=0.13 sys=0.00, real=0.01 secs] 
2020-09-29T17:59:58.921+0200: 73.621: [GC (Allocation Failure) [PSYoungGen: 618916K->44709K(640000K)] 647936K->73729K(2038272K), 0.0161455 secs] [Times: user=0.13 sys=0.00, real=0.02 secs] 
2020-09-29T17:59:58.987+0200: 73.688: [GC (Allocation Failure) [PSYoungGen: 627877K->38085K(643072K)] 656897K->67105K(2041344K), 0.0136760 secs] [Times: user=0.13 sys=0.00, real=0.01 secs] 
2020-09-29T17:59:59.055+0200: 73.755: [GC (Allocation Failure) [PSYoungGen: 623301K->20516K(641024K)] 652321K->49536K(2039296K), 0.0083297 secs] [Times: user=0.00 sys=0.00, real=0.01 secs] 
2020-09-29T17:59:59.114+0200: 73.814: [GC (Allocation Failure) [PSYoungGen: 605732K->43588K(640000K)] 634752K->72608K(2038272K), 0.0156892 secs] [Times: user=0.13 sys=0.00, real=0.01 secs] 
2020-09-29T17:59:59.180+0200: 73.881: [GC (Allocation Failure) [PSYoungGen: 626756K->38821K(641024K)] 655776K->67841K(2039296K), 0.0140725 secs] [Times: user=0.13 sys=0.00, real=0.01 secs] 
2020-09-29T17:59:59.247+0200: 73.947: [GC (Allocation Failure) [PSYoungGen: 621989K->19428K(640000K)] 651009K->48448K(2038272K), 0.0072968 secs] [Times: user=0.13 sys=0.00, real=0.01 secs] 
2020-09-29T17:59:59.305+0200: 74.006: [GC (Allocation Failure) [PSYoungGen: 602596K->41860K(641024K)] 631616K->70880K(2039296K), 0.0148057 secs] [Times: user=0.13 sys=0.00, real=0.01 secs] 
2020-09-29T17:59:59.370+0200: 74.071: [GC (Allocation Failure) [PSYoungGen: 625028K->37092K(642560K)] 654048K->66112K(2040832K), 0.0134152 secs] [Times: user=0.13 sys=0.00, real=0.01 secs] 
2020-09-29T17:59:59.435+0200: 74.136: [GC (Allocation Failure) [PSYoungGen: 621796K->47621K(632832K)] 650816K->76641K(2031104K), 0.0171475 secs] [Times: user=0.11 sys=0.00, real=0.02 secs] 
2020-09-29T17:59:59.502+0200: 74.203: [GC (Allocation Failure) [PSYoungGen: 632325K->44389K(638976K)] 661345K->73409K(2037248K), 0.0146067 secs] [Times: user=0.13 sys=0.00, real=0.01 secs] 
2020-09-29T17:59:59.569+0200: 74.270: [GC (Allocation Failure) [PSYoungGen: 624485K->36613K(639488K)] 653505K->65633K(2037760K), 0.0139212 secs] [Times: user=0.11 sys=0.00, real=0.01 secs] 
2020-09-29T17:59:59.634+0200: 74.335: [GC (Allocation Failure) [PSYoungGen: 616709K->14243K(637440K)] 645729K->43263K(2035712K), 0.0067985 secs] [Times: user=0.00 sys=0.00, real=0.01 secs] 
2020-09-29T17:59:59.691+0200: 74.392: [GC (Allocation Failure) [PSYoungGen: 594339K->33733K(639488K)] 623359K->62753K(2037760K), 0.0119447 secs] [Times: user=0.13 sys=0.00, real=0.01 secs] 
2020-09-29T17:59:59.753+0200: 74.454: [GC (Allocation Failure) [PSYoungGen: 613829K->25348K(642048K)] 642849K->54368K(2040320K), 0.0098091 secs] [Times: user=0.13 sys=0.00, real=0.02 secs] 
2020-09-29T17:59:59.819+0200: 74.520: [GC (Allocation Failure) [PSYoungGen: 610052K->34628K(641536K)] 639072K->63648K(2039808K), 0.0131342 secs] [Times: user=0.13 sys=0.00, real=0.01 secs] 
2020-09-29T17:59:59.885+0200: 74.586: [GC (Allocation Failure) [PSYoungGen: 619332K->31333K(645632K)] 648352K->60353K(2043904K), 0.0109308 secs] [Times: user=0.13 sys=0.00, real=0.01 secs] 
2020-09-29T17:59:59.949+0200: 74.650: [GC (Allocation Failure) [PSYoungGen: 622181K->33956K(644096K)] 651201K->62976K(2042368K), 0.0127651 secs] [Times: user=0.13 sys=0.00, real=0.01 secs] 
2020-09-29T18:00:00.013+0200: 74.714: [GC (Allocation Failure) [PSYoungGen: 624804K->36869K(648192K)] 653824K->65889K(2046464K), 0.0149782 secs] [Times: user=0.11 sys=0.00, real=0.02 secs] 
2020-09-29T18:00:00.081+0200: 74.781: [GC (Allocation Failure) [PSYoungGen: 633861K->45957K(643072K)] 662881K->74977K(2041344K), 0.0152975 secs] [Times: user=0.13 sys=0.00, real=0.02 secs] 
2020-09-29T18:00:00.148+0200: 74.849: [GC (Allocation Failure) [PSYoungGen: 642949K->41413K(644608K)] 671969K->70433K(2042880K), 0.0158677 secs] [Times: user=0.09 sys=0.00, real=0.02 secs] 
2020-09-29T18:00:00.219+0200: 74.919: [GC (Allocation Failure) [PSYoungGen: 632773K->29348K(645120K)] 661793K->58368K(2043392K), 0.0121670 secs] [Times: user=0.13 sys=0.00, real=0.01 secs] 
2020-09-29T18:00:00.283+0200: 74.983: [GC (Allocation Failure) [PSYoungGen: 620708K->46501K(640512K)] 649728K->75521K(2038784K), 0.0150247 secs] [Times: user=0.13 sys=0.00, real=0.02 secs] 
2020-09-29T18:00:00.348+0200: 75.049: [GC (Allocation Failure) [PSYoungGen: 633765K->55781K(643072K)] 662785K->88449K(2041344K), 0.0196723 secs] [Times: user=0.13 sys=0.00, real=0.02 secs] 
2020-09-29T18:00:00.418+0200: 75.119: [GC (Allocation Failure) [PSYoungGen: 643045K->45189K(629760K)] 675713K->77857K(2028032K), 0.0156130 secs] [Times: user=0.13 sys=0.00, real=0.02 secs] 
2020-09-29T18:00:00.483+0200: 75.184: [GC (Allocation Failure) [PSYoungGen: 619141K->31205K(636416K)] 651809K->63873K(2034688K), 0.0108893 secs] [Times: user=0.13 sys=0.00, real=0.01 secs] 
2020-09-29T18:00:00.544+0200: 75.244: [GC (Allocation Failure) [PSYoungGen: 605157K->30885K(638464K)] 637825K->63553K(2036736K), 0.0103180 secs] [Times: user=0.13 sys=0.00, real=0.01 secs] 
2020-09-29T18:00:00.606+0200: 75.307: [GC (Allocation Failure) [PSYoungGen: 607909K->47333K(624640K)] 640577K->80001K(2022912K), 0.0185706 secs] [Times: user=0.11 sys=0.00, real=0.02 secs] 
2020-09-29T18:00:00.675+0200: 75.376: [GC (Allocation Failure) [PSYoungGen: 624357K->36293K(638976K)] 657025K->68961K(2037248K), 0.0132605 secs] [Times: user=0.13 sys=0.00, real=0.01 secs] 
2020-09-29T18:00:00.738+0200: 75.439: [GC (Allocation Failure) [PSYoungGen: 613317K->25381K(636928K)] 645985K->58049K(2035200K), 0.0086699 secs] [Times: user=0.13 sys=0.00, real=0.01 secs] 
2020-09-29T18:00:00.797+0200: 75.498: [GC (Allocation Failure) [PSYoungGen: 602405K->26564K(639488K)] 635073K->59232K(2037760K), 0.0102118 secs] [Times: user=0.13 sys=0.00, real=0.01 secs] 
2020-09-29T18:00:00.857+0200: 75.558: [GC (Allocation Failure) [PSYoungGen: 606148K->45605K(625664K)] 638816K->78273K(2023936K), 0.0160772 secs] [Times: user=0.13 sys=0.00, real=0.02 secs] 
2020-09-29T18:00:00.923+0200: 75.624: [GC (Allocation Failure) [PSYoungGen: 625189K->6883K(632832K)] 657857K->39551K(2031104K), 0.0031290 secs] [Times: user=0.13 sys=0.00, real=0.00 secs] 
2020-09-29T18:00:00.976+0200: 75.677: [GC (Allocation Failure) [PSYoungGen: 578787K->43012K(615424K)] 611455K->75680K(2013696K), 0.0155304 secs] [Times: user=0.13 sys=0.00, real=0.02 secs] 
2020-09-29T18:00:01.043+0200: 75.744: [GC (Allocation Failure) [PSYoungGen: 614916K->40741K(635904K)] 647584K->73409K(2034176K), 0.0155749 secs] [Times: user=0.13 sys=0.00, real=0.02 secs] 
2020-09-29T18:00:01.111+0200: 75.812: [GC (Allocation Failure) [PSYoungGen: 612645K->38373K(634880K)] 645313K->71041K(2033152K), 0.0151860 secs] [Times: user=0.13 sys=0.00, real=0.02 secs] 
2020-09-29T18:00:01.188+0200: 75.889: [GC (Allocation Failure) [PSYoungGen: 610175K->4609K(631296K)] 642843K->37277K(2029568K), 0.0044543 secs] [Times: user=0.11 sys=0.00, real=0.00 secs] 
2020-09-29T18:00:01.250+0200: 75.951: [GC (Allocation Failure) [PSYoungGen: 574465K->27556K(634368K)] 607133K->60224K(2032640K), 0.0132501 secs] [Times: user=0.11 sys=0.00, real=0.01 secs] 
2020-09-29T18:00:01.321+0200: 76.022: [GC (Allocation Failure) [PSYoungGen: 597412K->36836K(637952K)] 630080K->69504K(2036224K), 0.0165016 secs] [Times: user=0.11 sys=0.00, real=0.02 secs] 
2020-09-29T18:00:01.392+0200: 76.093: [GC (Allocation Failure) [PSYoungGen: 612836K->23459K(636928K)] 645504K->56127K(2035200K), 0.0103953 secs] [Times: user=0.13 sys=0.00, real=0.01 secs] 
2020-09-29T18:00:01.454+0200: 76.155: [GC (Allocation Failure) [PSYoungGen: 599459K->24482K(641024K)] 632127K->57150K(2039296K), 0.0114284 secs] [Times: user=0.13 sys=0.00, real=0.01 secs] 
2020-09-29T18:00:01.517+0200: 76.219: [GC (Allocation Failure) [PSYoungGen: 606114K->31940K(639488K)] 638782K->64608K(2037760K), 0.0128066 secs] [Times: user=0.13 sys=0.00, real=0.01 secs] 
2020-09-29T18:00:01.580+0200: 76.281: [GC (Allocation Failure) [PSYoungGen: 613572K->9187K(641024K)] 646240K->41855K(2039296K), 0.0040001 secs] [Times: user=0.11 sys=0.00, real=0.00 secs] 
2020-09-29T18:00:01.635+0200: 76.336: [GC (Allocation Failure) [PSYoungGen: 594403K->19810K(642048K)] 627071K->52478K(2040320K), 0.0095862 secs] [Times: user=0.13 sys=0.00, real=0.01 secs] 
2020-09-29T18:00:01.693+0200: 76.394: [GC (Allocation Failure) [PSYoungGen: 605026K->30723K(645120K)] 637694K->63391K(2043392K), 0.0117693 secs] [Times: user=0.00 sys=0.00, real=0.01 secs] 
2020-09-29T18:00:01.753+0200: 76.453: [GC (Allocation Failure) [PSYoungGen: 620035K->2049K(643072K)] 652703K->34717K(2041344K), 0.0025697 secs] [Times: user=0.13 sys=0.00, real=0.00 secs] 
2020-09-29T18:00:01.803+0200: 76.503: [GC (Allocation Failure) [PSYoungGen: 591361K->30787K(644096K)] 624029K->63455K(2042368K), 0.0123179 secs] [Times: user=0.00 sys=0.00, real=0.01 secs] 
2020-09-29T18:00:01.865+0200: 76.565: [GC (Allocation Failure) [PSYoungGen: 619075K->31107K(643072K)] 651743K->63775K(2041344K), 0.0120617 secs] [Times: user=0.00 sys=0.00, real=0.01 secs] 
2020-09-29T18:00:01.929+0200: 76.630: [GC (Allocation Failure) [PSYoungGen: 619395K->17795K(646144K)] 652063K->50463K(2044416K), 0.0071260 secs] [Times: user=0.00 sys=0.00, real=0.01 secs] 
2020-09-29T18:00:01.986+0200: 76.687: [GC (Allocation Failure) [PSYoungGen: 610179K->22211K(645120K)] 642847K->54879K(2043392K), 0.0104537 secs] [Times: user=0.11 sys=0.00, real=0.01 secs] 
2020-09-29T18:00:02.045+0200: 76.746: [GC (Allocation Failure) [PSYoungGen: 614595K->13027K(648704K)] 647263K->45695K(2046976K), 0.0060387 secs] [Times: user=0.02 sys=0.01, real=0.01 secs] 
2020-09-29T18:00:02.100+0200: 76.800: [GC (Allocation Failure) [PSYoungGen: 611043K->7809K(648192K)] 643711K->40477K(2046464K), 0.0055213 secs] [Times: user=0.00 sys=0.00, real=0.01 secs] 
2020-09-29T18:00:02.159+0200: 76.860: [GC (Allocation Failure) [PSYoungGen: 605825K->31619K(646656K)] 638493K->64287K(2044928K), 0.0126761 secs] [Times: user=0.13 sys=0.00, real=0.01 secs] 
2020-09-29T18:00:02.226+0200: 76.926: [GC (Allocation Failure) [PSYoungGen: 628099K->26435K(647680K)] 660767K->59103K(2045952K), 0.0105845 secs] [Times: user=0.00 sys=0.00, real=0.01 secs] 
2020-09-29T18:00:02.285+0200: 76.985: [GC (Allocation Failure) [PSYoungGen: 621157K->2049K(646656K)] 653825K->34717K(2044928K), 0.0024001 secs] [Times: user=0.13 sys=0.00, real=0.00 secs] 
2020-09-29T18:00:02.336+0200: 77.036: [GC (Allocation Failure) [PSYoungGen: 599553K->25347K(648192K)] 632221K->58015K(2046464K), 0.0100978 secs] [Times: user=0.00 sys=0.00, real=0.01 secs] 
2020-09-29T18:00:02.394+0200: 77.094: [GC (Allocation Failure) [PSYoungGen: 622851K->6145K(649728K)] 655519K->38813K(2048000K), 0.0046272 secs] [Times: user=0.13 sys=0.00, real=0.00 secs] 
2020-09-29T18:00:02.447+0200: 77.147: [GC (Allocation Failure) [PSYoungGen: 606721K->18819K(649728K)] 639389K->51487K(2048000K), 0.0083705 secs] [Times: user=0.00 sys=0.00, real=0.01 secs] 
2020-09-29T18:00:02.505+0200: 77.205: [GC (Allocation Failure) [PSYoungGen: 619395K->17475K(654336K)] 652063K->50143K(2052608K), 0.0077813 secs] [Times: user=0.00 sys=0.00, real=0.01 secs] 
2020-09-29T18:00:02.562+0200: 77.262: [GC (Allocation Failure) [PSYoungGen: 625219K->21954K(652288K)] 657887K->54622K(2050560K), 0.0097094 secs] [Times: user=0.13 sys=0.00, real=0.01 secs] 
2020-09-29T18:00:02.630+0200: 77.330: [GC (Allocation Failure) [PSYoungGen: 629698K->11073K(656896K)] 662366K->43741K(2055168K), 0.0069736 secs] [Times: user=0.00 sys=0.00, real=0.01 secs] 
2020-09-29T18:00:02.704+0200: 77.404: [GC (Allocation Failure) [PSYoungGen: 625473K->6881K(656384K)] 658141K->39549K(2054656K), 0.0055991 secs] [Times: user=0.09 sys=0.00, real=0.01 secs] 
2020-09-29T18:00:02.821+0200: 77.521: [GC (Allocation Failure) [PSYoungGen: 621281K->5921K(657408K)] 653949K->38589K(2055680K), 0.0048563 secs] [Times: user=0.00 sys=0.00, real=0.00 secs] 
2020-09-29T18:00:02.924+0200: 77.625: [GC (Allocation Failure) [PSYoungGen: 621345K->6145K(656896K)] 654013K->38813K(2055168K), 0.0045261 secs] [Times: user=0.13 sys=0.00, real=0.00 secs] 
2020-09-29T18:00:03.026+0200: 77.726: [GC (Allocation Failure) [PSYoungGen: 621569K->6145K(658944K)] 654237K->38813K(2057216K), 0.0046695 secs] [Times: user=0.00 sys=0.00, real=0.00 secs] 
2020-09-29T18:00:03.130+0200: 77.831: [GC (Allocation Failure) [PSYoungGen: 624129K->7969K(657920K)] 656797K->40637K(2056192K), 0.0061831 secs] [Times: user=0.00 sys=0.00, real=0.01 secs] 
2020-09-29T18:00:03.241+0200: 77.941: [GC (Allocation Failure) [PSYoungGen: 625953K->10593K(662016K)] 658621K->43261K(2060288K), 0.0068258 secs] [Times: user=0.00 sys=0.00, real=0.01 secs] 
Heap
 PSYoungGen      total 662016K, used 492874K [0x00000000d5580000, 0x0000000100000000, 0x0000000100000000)
  eden space 623104K, 77% used [0x00000000d5580000,0x00000000f2c7a498,0x00000000fb600000)
  from space 38912K, 27% used [0x00000000fda00000,0x00000000fe458490,0x0000000100000000)
  to   space 36864K, 0% used [0x00000000fb600000,0x00000000fb600000,0x00000000fda00000)
 ParOldGen       total 1398272K, used 32668K [0x0000000080000000, 0x00000000d5580000, 0x00000000d5580000)
  object space 1398272K, 2% used [0x0000000080000000,0x0000000081fe7060,0x00000000d5580000)
 Metaspace       used 2594K, capacity 4486K, committed 4864K, reserved 1056768K
  class space    used 285K, capacity 386K, committed 512K, reserved 1048576K
