Java HotSpot(TM) 64-Bit Server VM (25.261-b12) for windows-amd64 JRE (1.8.0_261-b12), built on Jun 18 2020 06:56:32 by "" with unknown MS VC++:1916
Memory: 4k page, physical 16659684k(9640944k free), swap 23213284k(9187268k free)
CommandLine flags: -XX:InitialHeapSize=2147483648 -XX:MaxHeapSize=2147483648 -XX:+PrintGC -XX:+PrintGCDateStamps -XX:+PrintGCDetails -XX:+PrintGCTimeStamps -XX:+UseCompressedClassPointers -XX:+UseCompressedOops -XX:-UseLargePagesIndividualAllocation -XX:+UseParallelGC 
2020-09-29T17:52:14.537+0200: 0.249: [GC (Allocation Failure) [PSYoungGen: 524800K->38115K(611840K)] 524800K->38123K(2010112K), 0.0217334 secs] [Times: user=0.13 sys=0.00, real=0.02 secs] 
2020-09-29T17:52:14.607+0200: 0.319: [GC (Allocation Failure) [PSYoungGen: 562915K->43285K(611840K)] 562923K->43293K(2010112K), 0.0264942 secs] [Times: user=0.13 sys=0.00, real=0.03 secs] 
2020-09-29T17:52:14.679+0200: 0.390: [GC (Allocation Failure) [PSYoungGen: 568085K->48084K(611840K)] 568093K->48092K(2010112K), 0.0175822 secs] [Times: user=0.06 sys=0.05, real=0.02 secs] 
2020-09-29T17:52:14.741+0200: 0.453: [GC (Allocation Failure) [PSYoungGen: 572884K->25475K(611840K)] 572892K->25483K(2010112K), 0.0104205 secs] [Times: user=0.00 sys=0.00, real=0.01 secs] 
2020-09-29T17:52:14.798+0200: 0.509: [GC (Allocation Failure) [PSYoungGen: 550275K->44405K(611840K)] 550283K->44413K(2010112K), 0.0150382 secs] [Times: user=0.13 sys=0.00, real=0.01 secs] 
2020-09-29T17:52:14.860+0200: 0.571: [GC (Allocation Failure) [PSYoungGen: 569205K->35989K(645120K)] 569213K->35997K(2043392K), 0.0138800 secs] [Times: user=0.08 sys=0.05, real=0.01 secs] 
2020-09-29T17:52:14.926+0200: 0.637: [GC (Allocation Failure) [PSYoungGen: 625813K->35972K(643584K)] 625821K->36384K(2041856K), 0.0164306 secs] [Times: user=0.19 sys=0.06, real=0.02 secs] 
2020-09-29T17:52:14.993+0200: 0.704: [GC (Allocation Failure) [PSYoungGen: 625796K->37861K(647680K)] 626208K->38273K(2045952K), 0.0135237 secs] [Times: user=0.06 sys=0.06, real=0.01 secs] 
2020-09-29T17:52:15.058+0200: 0.769: [GC (Allocation Failure) [PSYoungGen: 632805K->15300K(610304K)] 633217K->15712K(2008576K), 0.0059787 secs] [Times: user=0.00 sys=0.00, real=0.01 secs] 
2020-09-29T17:52:15.115+0200: 0.826: [GC (Allocation Failure) [PSYoungGen: 610244K->21893K(643584K)] 610656K->22305K(2041856K), 0.0077479 secs] [Times: user=0.00 sys=0.00, real=0.01 secs] 
2020-09-29T17:52:15.179+0200: 0.890: [GC (Allocation Failure) [PSYoungGen: 611205K->36933K(644096K)] 611617K->37345K(2042368K), 0.0125081 secs] [Times: user=0.02 sys=0.00, real=0.01 secs] 
2020-09-29T17:52:15.244+0200: 0.955: [GC (Allocation Failure) [PSYoungGen: 626245K->38373K(646144K)] 626657K->38785K(2044416K), 0.0127386 secs] [Times: user=0.13 sys=0.00, real=0.01 secs] 
2020-09-29T17:52:15.308+0200: 1.019: [GC (Allocation Failure) [PSYoungGen: 630757K->26692K(645120K)] 631169K->27104K(2043392K), 0.0104383 secs] [Times: user=0.13 sys=0.00, real=0.01 secs] 
2020-09-29T17:52:15.369+0200: 1.080: [GC (Allocation Failure) [PSYoungGen: 619076K->44901K(642048K)] 619488K->45313K(2040320K), 0.0156465 secs] [Times: user=0.13 sys=0.00, real=0.02 secs] 
2020-09-29T17:52:15.439+0200: 1.150: [GC (Allocation Failure) [PSYoungGen: 634213K->32613K(644096K)] 634625K->33025K(2042368K), 0.0105506 secs] [Times: user=0.13 sys=0.00, real=0.01 secs] 
2020-09-29T17:52:15.507+0200: 1.219: [GC (Allocation Failure) [PSYoungGen: 621925K->33796K(647168K)] 622337K->34208K(2045440K), 0.0151121 secs] [Times: user=0.11 sys=0.00, real=0.02 secs] 
2020-09-29T17:52:15.574+0200: 1.285: [GC (Allocation Failure) [PSYoungGen: 627716K->39044K(645632K)] 628128K->39456K(2043904K), 0.0150357 secs] [Times: user=0.11 sys=0.00, real=0.02 secs] 
2020-09-29T17:52:15.642+0200: 1.353: [GC (Allocation Failure) [PSYoungGen: 632964K->31461K(648192K)] 633376K->31873K(2046464K), 0.0120048 secs] [Times: user=0.13 sys=0.00, real=0.01 secs] 
2020-09-29T17:52:15.707+0200: 1.418: [GC (Allocation Failure) [PSYoungGen: 627941K->26341K(647168K)] 628353K->26753K(2045440K), 0.0089893 secs] [Times: user=0.13 sys=0.00, real=0.01 secs] 
2020-09-29T17:52:15.769+0200: 1.481: [GC (Allocation Failure) [PSYoungGen: 622821K->48613K(641024K)] 623233K->49025K(2039296K), 0.0169830 secs] [Times: user=0.25 sys=0.00, real=0.02 secs] 
2020-09-29T17:52:15.838+0200: 1.549: [GC (Allocation Failure) [PSYoungGen: 638949K->36580K(644608K)] 639361K->36992K(2042880K), 0.0131892 secs] [Times: user=0.13 sys=0.00, real=0.01 secs] 
2020-09-29T17:52:15.903+0200: 1.615: [GC (Allocation Failure) [PSYoungGen: 626916K->38917K(646656K)] 627328K->39329K(2044928K), 0.0135972 secs] [Times: user=0.13 sys=0.00, real=0.01 secs] 
2020-09-29T17:52:15.968+0200: 1.680: [GC (Allocation Failure) [PSYoungGen: 632837K->29989K(646144K)] 633249K->30401K(2044416K), 0.0102390 secs] [Times: user=0.13 sys=0.00, real=0.01 secs] 
2020-09-29T17:52:16.030+0200: 1.741: [GC (Allocation Failure) [PSYoungGen: 623909K->22179K(646144K)] 624321K->22591K(2044416K), 0.0090021 secs] [Times: user=0.13 sys=0.00, real=0.01 secs] 
2020-09-29T17:52:16.090+0200: 1.801: [GC (Allocation Failure) [PSYoungGen: 616611K->26980K(646656K)] 617023K->27392K(2044928K), 0.0099841 secs] [Times: user=0.13 sys=0.00, real=0.01 secs] 
2020-09-29T17:52:16.156+0200: 1.867: [GC (Allocation Failure) [PSYoungGen: 621412K->33477K(648704K)] 621824K->33889K(2046976K), 0.0117316 secs] [Times: user=0.13 sys=0.00, real=0.01 secs] 
2020-09-29T17:52:16.224+0200: 1.935: [GC (Allocation Failure) [PSYoungGen: 630469K->26723K(647168K)] 630881K->27135K(2045440K), 0.0101106 secs] [Times: user=0.00 sys=0.00, real=0.01 secs] 
2020-09-29T17:52:16.285+0200: 1.996: [GC (Allocation Failure) [PSYoungGen: 623715K->18564K(648192K)] 624127K->18976K(2046464K), 0.0071006 secs] [Times: user=0.13 sys=0.00, real=0.01 secs] 
2020-09-29T17:52:16.355+0200: 2.066: [GC (Allocation Failure) [PSYoungGen: 617092K->28260K(648704K)] 617504K->28672K(2046976K), 0.0103618 secs] [Times: user=0.13 sys=0.00, real=0.01 secs] 
2020-09-29T17:52:16.418+0200: 2.129: [GC (Allocation Failure) [PSYoungGen: 626788K->25189K(650752K)] 627200K->25601K(2049024K), 0.0078970 secs] [Times: user=0.00 sys=0.00, real=0.01 secs] 
2020-09-29T17:52:16.485+0200: 2.196: [GC (Allocation Failure) [PSYoungGen: 626789K->25189K(649728K)] 627201K->25601K(2048000K), 0.0086400 secs] [Times: user=0.13 sys=0.00, real=0.01 secs] 
2020-09-29T17:52:16.546+0200: 2.257: [GC (Allocation Failure) [PSYoungGen: 626789K->37220K(649728K)] 627201K->37632K(2048000K), 0.0138630 secs] [Times: user=0.13 sys=0.00, real=0.01 secs] 
2020-09-29T17:52:16.613+0200: 2.324: [GC (Allocation Failure) [PSYoungGen: 639844K->22885K(650752K)] 640256K->23297K(2049024K), 0.0084512 secs] [Times: user=0.11 sys=0.00, real=0.01 secs] 
2020-09-29T17:52:16.682+0200: 2.393: [GC (Allocation Failure) [PSYoungGen: 625509K->22660K(651776K)] 625921K->23072K(2050048K), 0.0078200 secs] [Times: user=0.00 sys=0.00, real=0.01 secs] 
2020-09-29T17:52:16.742+0200: 2.453: [GC (Allocation Failure) [PSYoungGen: 626308K->37701K(641536K)] 626720K->38113K(2039808K), 0.0133930 secs] [Times: user=0.13 sys=0.00, real=0.01 secs] 
2020-09-29T17:52:16.807+0200: 2.519: [GC (Allocation Failure) [PSYoungGen: 641349K->39780K(646144K)] 641761K->40192K(2044416K), 0.0147251 secs] [Times: user=0.13 sys=0.00, real=0.02 secs] 
2020-09-29T17:52:16.874+0200: 2.585: [GC (Allocation Failure) [PSYoungGen: 637284K->33093K(648192K)] 637696K->33505K(2046464K), 0.0118162 secs] [Times: user=0.13 sys=0.00, real=0.01 secs] 
2020-09-29T17:52:16.939+0200: 2.650: [GC (Allocation Failure) [PSYoungGen: 630597K->41828K(644608K)] 631009K->42240K(2042880K), 0.0145175 secs] [Times: user=0.13 sys=0.00, real=0.02 secs] 
2020-09-29T17:52:17.004+0200: 2.716: [GC (Allocation Failure) [PSYoungGen: 637284K->49285K(645120K)] 637696K->49697K(2043392K), 0.0162475 secs] [Times: user=0.03 sys=0.01, real=0.02 secs] 
2020-09-29T17:52:17.077+0200: 2.788: [GC (Allocation Failure) [PSYoungGen: 644741K->29317K(644096K)] 645153K->29729K(2042368K), 0.0137602 secs] [Times: user=0.11 sys=0.00, real=0.01 secs] 
2020-09-29T17:52:17.160+0200: 2.871: [GC (Allocation Failure) [PSYoungGen: 619653K->30916K(644608K)] 620065K->31328K(2042880K), 0.0119709 secs] [Times: user=0.09 sys=0.00, real=0.01 secs] 
2020-09-29T17:52:17.229+0200: 2.940: [GC (Allocation Failure) [PSYoungGen: 621252K->46981K(640000K)] 621664K->47393K(2038272K), 0.0158024 secs] [Times: user=0.13 sys=0.00, real=0.01 secs] 
2020-09-29T17:52:17.295+0200: 3.006: [GC (Allocation Failure) [PSYoungGen: 634245K->31300K(643072K)] 634657K->31712K(2041344K), 0.0111053 secs] [Times: user=0.13 sys=0.00, real=0.01 secs] 
2020-09-29T17:52:17.356+0200: 3.067: [GC (Allocation Failure) [PSYoungGen: 618564K->30533K(645632K)] 618976K->30945K(2043904K), 0.0110803 secs] [Times: user=0.13 sys=0.00, real=0.01 secs] 
2020-09-29T17:52:17.418+0200: 3.129: [GC (Allocation Failure) [PSYoungGen: 621893K->33828K(644608K)] 622305K->34240K(2042880K), 0.0125818 secs] [Times: user=0.13 sys=0.00, real=0.01 secs] 
2020-09-29T17:52:17.481+0200: 3.192: [GC (Allocation Failure) [PSYoungGen: 625188K->37253K(648192K)] 625600K->37665K(2046464K), 0.0130975 secs] [Times: user=0.13 sys=0.00, real=0.01 secs] 
2020-09-29T17:52:17.545+0200: 3.256: [GC (Allocation Failure) [PSYoungGen: 634245K->31524K(647680K)] 634657K->31936K(2045952K), 0.0109111 secs] [Times: user=0.13 sys=0.00, real=0.01 secs] 
2020-09-29T17:52:17.613+0200: 3.324: [GC (Allocation Failure) [PSYoungGen: 628516K->26820K(649728K)] 628928K->27232K(2048000K), 0.0108065 secs] [Times: user=0.11 sys=0.00, real=0.01 secs] 
2020-09-29T17:52:17.675+0200: 3.387: [GC (Allocation Failure) [PSYoungGen: 626884K->22563K(649216K)] 627296K->22975K(2047488K), 0.0085889 secs] [Times: user=0.13 sys=0.00, real=0.01 secs] 
2020-09-29T17:52:17.743+0200: 3.454: [GC (Allocation Failure) [PSYoungGen: 622627K->32932K(650752K)] 623039K->33344K(2049024K), 0.0120361 secs] [Times: user=0.13 sys=0.00, real=0.01 secs] 
2020-09-29T17:52:17.807+0200: 3.519: [GC (Allocation Failure) [PSYoungGen: 634020K->31396K(649216K)] 634432K->31808K(2047488K), 0.0125724 secs] [Times: user=0.13 sys=0.00, real=0.01 secs] 
2020-09-29T17:52:17.871+0200: 3.582: [GC (Allocation Failure) [PSYoungGen: 632484K->44613K(646144K)] 632896K->45025K(2044416K), 0.0148100 secs] [Times: user=0.13 sys=0.00, real=0.01 secs] 
2020-09-29T17:52:17.937+0200: 3.648: [GC (Allocation Failure) [PSYoungGen: 644165K->26308K(649216K)] 644577K->26720K(2047488K), 0.0094502 secs] [Times: user=0.13 sys=0.00, real=0.01 secs] 
2020-09-29T17:52:17.998+0200: 3.710: [GC (Allocation Failure) [PSYoungGen: 625860K->36613K(649728K)] 626272K->37025K(2048000K), 0.0126610 secs] [Times: user=0.13 sys=0.00, real=0.01 secs] 
2020-09-29T17:52:18.068+0200: 3.779: [GC (Allocation Failure) [PSYoungGen: 636677K->34981K(649216K)] 637089K->35393K(2047488K), 0.0122211 secs] [Times: user=0.00 sys=0.00, real=0.01 secs] 
2020-09-29T17:52:18.134+0200: 3.845: [GC (Allocation Failure) [PSYoungGen: 635045K->47109K(642560K)] 635457K->47521K(2040832K), 0.0161080 secs] [Times: user=0.13 sys=0.00, real=0.02 secs] 
2020-09-29T17:52:18.201+0200: 3.912: [GC (Allocation Failure) [PSYoungGen: 641541K->23171K(646656K)] 641953K->23583K(2044928K), 0.0097196 secs] [Times: user=0.13 sys=0.00, real=0.01 secs] 
2020-09-29T17:52:18.262+0200: 3.973: [GC (Allocation Failure) [PSYoungGen: 617603K->43397K(642560K)] 618015K->43809K(2040832K), 0.0148070 secs] [Times: user=0.13 sys=0.00, real=0.01 secs] 
2020-09-29T17:52:18.328+0200: 4.039: [GC (Allocation Failure) [PSYoungGen: 633733K->30340K(644608K)] 634145K->30752K(2042880K), 0.0106870 secs] [Times: user=0.13 sys=0.00, real=0.01 secs] 
2020-09-29T17:52:18.389+0200: 4.100: [GC (Allocation Failure) [PSYoungGen: 620676K->31844K(647680K)] 621088K->32256K(2045952K), 0.0111467 secs] [Times: user=0.13 sys=0.00, real=0.01 secs] 
2020-09-29T17:52:18.452+0200: 4.163: [GC (Allocation Failure) [PSYoungGen: 626788K->51173K(646144K)] 627200K->52913K(2044416K), 0.0169131 secs] [Times: user=0.13 sys=0.00, real=0.02 secs] 
2020-09-29T17:52:18.521+0200: 4.232: [GC (Allocation Failure) [PSYoungGen: 646117K->32229K(641024K)] 647857K->33969K(2039296K), 0.0107660 secs] [Times: user=0.00 sys=0.00, real=0.01 secs] 
2020-09-29T17:52:18.589+0200: 4.300: [GC (Allocation Failure) [PSYoungGen: 620517K->18723K(607232K)] 622257K->20463K(2005504K), 0.0101654 secs] [Times: user=0.09 sys=0.00, real=0.01 secs] 
2020-09-29T17:52:18.654+0200: 4.366: [GC (Allocation Failure) [PSYoungGen: 607011K->29381K(644608K)] 608751K->31121K(2042880K), 0.0110693 secs] [Times: user=0.13 sys=0.00, real=0.01 secs] 
2020-09-29T17:52:18.719+0200: 4.430: [GC (Allocation Failure) [PSYoungGen: 618181K->43012K(643072K)] 619921K->44752K(2041344K), 0.0149026 secs] [Times: user=0.13 sys=0.00, real=0.01 secs] 
2020-09-29T17:52:18.784+0200: 4.496: [GC (Allocation Failure) [PSYoungGen: 631812K->43877K(640000K)] 633552K->45617K(2038272K), 0.0148988 secs] [Times: user=0.13 sys=0.00, real=0.02 secs] 
2020-09-29T17:52:18.850+0200: 4.561: [GC (Allocation Failure) [PSYoungGen: 628069K->40133K(641536K)] 629809K->41873K(2039808K), 0.0132158 secs] [Times: user=0.00 sys=0.00, real=0.01 secs] 
2020-09-29T17:52:18.917+0200: 4.628: [GC (Allocation Failure) [PSYoungGen: 624325K->35973K(644096K)] 626065K->37713K(2042368K), 0.0126837 secs] [Times: user=0.13 sys=0.00, real=0.01 secs] 
2020-09-29T17:52:18.981+0200: 4.692: [GC (Allocation Failure) [PSYoungGen: 623237K->35333K(642048K)] 624977K->37073K(2040320K), 0.0125760 secs] [Times: user=0.13 sys=0.00, real=0.01 secs] 
2020-09-29T17:52:19.049+0200: 4.761: [GC (Allocation Failure) [PSYoungGen: 622597K->34693K(647168K)] 624337K->36433K(2045440K), 0.0117677 secs] [Times: user=0.13 sys=0.00, real=0.01 secs] 
2020-09-29T17:52:19.114+0200: 4.825: [GC (Allocation Failure) [PSYoungGen: 628613K->25187K(645632K)] 630353K->26927K(2043904K), 0.0098273 secs] [Times: user=0.00 sys=0.00, real=0.01 secs] 
2020-09-29T17:52:19.176+0200: 4.888: [GC (Allocation Failure) [PSYoungGen: 619107K->30948K(648192K)] 620847K->32688K(2046464K), 0.0112061 secs] [Times: user=0.13 sys=0.00, real=0.01 secs] 
2020-09-29T17:52:19.243+0200: 4.955: [GC (Allocation Failure) [PSYoungGen: 627428K->39461K(647168K)] 629168K->41201K(2045440K), 0.0132671 secs] [Times: user=0.13 sys=0.00, real=0.01 secs] 
2020-09-29T17:52:19.308+0200: 5.019: [GC (Allocation Failure) [PSYoungGen: 635941K->33285K(649216K)] 637681K->35025K(2047488K), 0.0112901 secs] [Times: user=0.13 sys=0.00, real=0.01 secs] 
2020-09-29T17:52:19.370+0200: 5.082: [GC (Allocation Failure) [PSYoungGen: 631301K->43429K(641536K)] 633041K->45169K(2039808K), 0.0145909 secs] [Times: user=0.13 sys=0.00, real=0.02 secs] 
2020-09-29T17:52:19.437+0200: 5.148: [GC (Allocation Failure) [PSYoungGen: 641445K->39268K(647680K)] 643185K->41008K(2045952K), 0.0136131 secs] [Times: user=0.13 sys=0.00, real=0.01 secs] 
2020-09-29T17:52:19.502+0200: 5.214: [GC (Allocation Failure) [PSYoungGen: 635236K->47333K(643584K)] 636976K->49073K(2041856K), 0.0159244 secs] [Times: user=0.13 sys=0.00, real=0.02 secs] 
2020-09-29T17:52:19.570+0200: 5.281: [GC (Allocation Failure) [PSYoungGen: 643301K->41669K(644608K)] 645041K->43409K(2042880K), 0.0152160 secs] [Times: user=0.11 sys=0.00, real=0.02 secs] 
2020-09-29T17:52:19.640+0200: 5.352: [GC (Allocation Failure) [PSYoungGen: 632005K->28228K(644608K)] 633745K->29968K(2042880K), 0.0115273 secs] [Times: user=0.13 sys=0.00, real=0.01 secs] 
2020-09-29T17:52:19.706+0200: 5.418: [GC (Allocation Failure) [PSYoungGen: 618564K->29892K(645632K)] 620304K->31632K(2043904K), 0.0107575 secs] [Times: user=0.13 sys=0.00, real=0.01 secs] 
2020-09-29T17:52:19.775+0200: 5.487: [GC (Allocation Failure) [PSYoungGen: 621252K->33349K(644608K)] 622992K->35089K(2042880K), 0.0118565 secs] [Times: user=0.13 sys=0.00, real=0.01 secs] 
2020-09-29T17:52:19.845+0200: 5.557: [GC (Allocation Failure) [PSYoungGen: 624709K->36805K(647680K)] 626449K->38545K(2045952K), 0.0135644 secs] [Times: user=0.13 sys=0.00, real=0.01 secs] 
2020-09-29T17:52:19.911+0200: 5.623: [GC (Allocation Failure) [PSYoungGen: 632261K->44325K(640000K)] 634001K->46065K(2038272K), 0.0149577 secs] [Times: user=0.13 sys=0.00, real=0.02 secs] 
2020-09-29T17:52:19.977+0200: 5.689: [GC (Allocation Failure) [PSYoungGen: 639781K->24197K(645120K)] 641521K->25937K(2043392K), 0.0082896 secs] [Times: user=0.00 sys=0.00, real=0.01 secs] 
2020-09-29T17:52:20.039+0200: 5.751: [GC (Allocation Failure) [PSYoungGen: 616581K->42309K(634880K)] 618321K->44049K(2033152K), 0.0140311 secs] [Times: user=0.13 sys=0.00, real=0.01 secs] 
2020-09-29T17:52:20.105+0200: 5.816: [GC (Allocation Failure) [PSYoungGen: 634693K->18564K(642048K)] 636433K->20304K(2040320K), 0.0065283 secs] [Times: user=0.00 sys=0.00, real=0.01 secs] 
2020-09-29T17:52:20.166+0200: 5.877: [GC (Allocation Failure) [PSYoungGen: 606852K->31908K(643584K)] 608592K->33648K(2041856K), 0.0118246 secs] [Times: user=0.13 sys=0.00, real=0.01 secs] 
2020-09-29T17:52:20.237+0200: 5.948: [GC (Allocation Failure) [PSYoungGen: 620196K->32133K(647168K)] 621936K->33873K(2045440K), 0.0118536 secs] [Times: user=0.13 sys=0.00, real=0.01 secs] 
2020-09-29T17:52:20.301+0200: 6.012: [GC (Allocation Failure) [PSYoungGen: 625541K->23780K(645120K)] 627281K->25520K(2043392K), 0.0086401 secs] [Times: user=0.00 sys=0.00, real=0.01 secs] 
2020-09-29T17:52:20.363+0200: 6.074: [GC (Allocation Failure) [PSYoungGen: 617188K->42372K(643072K)] 618928K->44112K(2041344K), 0.0146231 secs] [Times: user=0.13 sys=0.00, real=0.01 secs] 
2020-09-29T17:52:20.429+0200: 6.140: [GC (Allocation Failure) [PSYoungGen: 633732K->29379K(645120K)] 635472K->31119K(2043392K), 0.0114885 secs] [Times: user=0.00 sys=0.00, real=0.01 secs] 
2020-09-29T17:52:20.490+0200: 6.202: [GC (Allocation Failure) [PSYoungGen: 620739K->32805K(648192K)] 622479K->34545K(2046464K), 0.0113272 secs] [Times: user=0.00 sys=0.00, real=0.01 secs] 
2020-09-29T17:52:20.553+0200: 6.265: [GC (Allocation Failure) [PSYoungGen: 628773K->40901K(646656K)] 630513K->42641K(2044928K), 0.0137216 secs] [Times: user=0.13 sys=0.00, real=0.01 secs] 
2020-09-29T17:52:20.621+0200: 6.333: [GC (Allocation Failure) [PSYoungGen: 636869K->34500K(648704K)] 638609K->36240K(2046976K), 0.0130962 secs] [Times: user=0.11 sys=0.00, real=0.01 secs] 
2020-09-29T17:52:20.687+0200: 6.399: [GC (Allocation Failure) [PSYoungGen: 631492K->43621K(641024K)] 633232K->45361K(2039296K), 0.0146474 secs] [Times: user=0.13 sys=0.00, real=0.01 secs] 
2020-09-29T17:52:20.754+0200: 6.465: [GC (Allocation Failure) [PSYoungGen: 640613K->38661K(647168K)] 642353K->40401K(2045440K), 0.0132998 secs] [Times: user=0.13 sys=0.00, real=0.01 secs] 
2020-09-29T17:52:20.818+0200: 6.529: [GC (Allocation Failure) [PSYoungGen: 633605K->45701K(641024K)] 635345K->47441K(2039296K), 0.0151554 secs] [Times: user=0.13 sys=0.00, real=0.01 secs] 
2020-09-29T17:52:20.884+0200: 6.596: [GC (Allocation Failure) [PSYoungGen: 640645K->52805K(635904K)] 642385K->54545K(2034176K), 0.0173700 secs] [Times: user=0.13 sys=0.00, real=0.02 secs] 
2020-09-29T17:52:20.951+0200: 6.663: [GC (Allocation Failure) [PSYoungGen: 634949K->46949K(629248K)] 636689K->48689K(2027520K), 0.0159156 secs] [Times: user=0.13 sys=0.00, real=0.02 secs] 
2020-09-29T17:52:21.017+0200: 6.729: [GC (Allocation Failure) [PSYoungGen: 629093K->26597K(639488K)] 630833K->28337K(2037760K), 0.0090724 secs] [Times: user=0.13 sys=0.00, real=0.01 secs] 
2020-09-29T17:52:21.077+0200: 6.788: [GC (Allocation Failure) [PSYoungGen: 606693K->14306K(594432K)] 608433K->16046K(1992704K), 0.0071286 secs] [Times: user=0.13 sys=0.00, real=0.01 secs] 
2020-09-29T17:52:21.136+0200: 6.847: [GC (Allocation Failure) [PSYoungGen: 594402K->33637K(640000K)] 596142K->35377K(2038272K), 0.0113651 secs] [Times: user=0.13 sys=0.00, real=0.01 secs] 
2020-09-29T17:52:21.197+0200: 6.909: [GC (Allocation Failure) [PSYoungGen: 612197K->22500K(637440K)] 613937K->24240K(2035712K), 0.0082093 secs] [Times: user=0.00 sys=0.00, real=0.01 secs] 
2020-09-29T17:52:21.257+0200: 6.969: [GC (Allocation Failure) [PSYoungGen: 601060K->38308K(641024K)] 602800K->40048K(2039296K), 0.0133481 secs] [Times: user=0.13 sys=0.00, real=0.01 secs] 
2020-09-29T17:52:21.322+0200: 7.033: [GC (Allocation Failure) [PSYoungGen: 620452K->46245K(628736K)] 622192K->47985K(2027008K), 0.0150814 secs] [Times: user=0.13 sys=0.00, real=0.01 secs] 
2020-09-29T17:52:21.388+0200: 7.099: [GC (Allocation Failure) [PSYoungGen: 628389K->40485K(639488K)] 630129K->42225K(2037760K), 0.0140962 secs] [Times: user=0.13 sys=0.00, real=0.01 secs] 
2020-09-29T17:52:21.452+0200: 7.163: [GC (Allocation Failure) [PSYoungGen: 620069K->32197K(638976K)] 621809K->33937K(2037248K), 0.0107450 secs] [Times: user=0.13 sys=0.00, real=0.01 secs] 
2020-09-29T17:52:21.520+0200: 7.232: [GC (Allocation Failure) [PSYoungGen: 611781K->23428K(641024K)] 613521K->25168K(2039296K), 0.0093802 secs] [Times: user=0.00 sys=0.00, real=0.01 secs] 
2020-09-29T17:52:21.586+0200: 7.297: [GC (Allocation Failure) [PSYoungGen: 606596K->46021K(629248K)] 608336K->47761K(2027520K), 0.0169106 secs] [Times: user=0.11 sys=0.00, real=0.02 secs] 
2020-09-29T17:52:21.655+0200: 7.367: [GC (Allocation Failure) [PSYoungGen: 629189K->27428K(640000K)] 630929K->29168K(2038272K), 0.0104865 secs] [Times: user=0.13 sys=0.00, real=0.01 secs] 
2020-09-29T17:52:21.721+0200: 7.433: [GC (Allocation Failure) [PSYoungGen: 607524K->33060K(638976K)] 609264K->34800K(2037248K), 0.0126019 secs] [Times: user=0.13 sys=0.00, real=0.01 secs] 
2020-09-29T17:52:21.791+0200: 7.503: [GC (Allocation Failure) [PSYoungGen: 613156K->24132K(642560K)] 614896K->25872K(2040832K), 0.0114057 secs] [Times: user=0.11 sys=0.00, real=0.01 secs] 
2020-09-29T17:52:21.858+0200: 7.569: [GC (Allocation Failure) [PSYoungGen: 609860K->35621K(642048K)] 611600K->37361K(2040320K), 0.0165925 secs] [Times: user=0.11 sys=0.00, real=0.02 secs] 
2020-09-29T17:52:21.935+0200: 7.647: [GC (Allocation Failure) [PSYoungGen: 621349K->45189K(640000K)] 623089K->46929K(2038272K), 0.0155878 secs] [Times: user=0.13 sys=0.00, real=0.02 secs] 
2020-09-29T17:52:22.000+0200: 7.712: [GC (Allocation Failure) [PSYoungGen: 630405K->42469K(627712K)] 632145K->44209K(2025984K), 0.0136037 secs] [Times: user=0.13 sys=0.00, real=0.01 secs] 
2020-09-29T17:52:22.066+0200: 7.777: [GC (Allocation Failure) [PSYoungGen: 627685K->39781K(642048K)] 629425K->41521K(2040320K), 0.0131033 secs] [Times: user=0.13 sys=0.00, real=0.01 secs] 
2020-09-29T17:52:22.130+0200: 7.842: [GC (Allocation Failure) [PSYoungGen: 624485K->34948K(641536K)] 626225K->36688K(2039808K), 0.0131795 secs] [Times: user=0.00 sys=0.00, real=0.01 secs] 
2020-09-29T17:52:22.193+0200: 7.905: [GC (Allocation Failure) [PSYoungGen: 619652K->30405K(644608K)] 621392K->32145K(2042880K), 0.0105134 secs] [Times: user=0.00 sys=0.00, real=0.01 secs] 
2020-09-29T17:52:22.263+0200: 7.974: [GC (Allocation Failure) [PSYoungGen: 620229K->32293K(644096K)] 621969K->34033K(2042368K), 0.0111261 secs] [Times: user=0.13 sys=0.00, real=0.01 secs] 
2020-09-29T17:52:22.325+0200: 8.036: [GC (Allocation Failure) [PSYoungGen: 622117K->47877K(640000K)] 623857K->49617K(2038272K), 0.0160443 secs] [Times: user=0.13 sys=0.00, real=0.02 secs] 
2020-09-29T17:52:22.391+0200: 8.103: [GC (Allocation Failure) [PSYoungGen: 635141K->47301K(634880K)] 636881K->49041K(2033152K), 0.0155929 secs] [Times: user=0.13 sys=0.00, real=0.02 secs] 
2020-09-29T17:52:22.459+0200: 8.170: [GC (Allocation Failure) [PSYoungGen: 634565K->46565K(637952K)] 636305K->48305K(2036224K), 0.0165010 secs] [Times: user=0.13 sys=0.00, real=0.02 secs] 
2020-09-29T17:52:22.525+0200: 8.236: [GC (Allocation Failure) [PSYoungGen: 626661K->37508K(639488K)] 628401K->39248K(2037760K), 0.0133480 secs] [Times: user=0.13 sys=0.00, real=0.01 secs] 
2020-09-29T17:52:22.591+0200: 8.302: [GC (Allocation Failure) [PSYoungGen: 617604K->43365K(641536K)] 619344K->45105K(2039808K), 0.0157339 secs] [Times: user=0.11 sys=0.00, real=0.02 secs] 
2020-09-29T17:52:22.663+0200: 8.374: [GC (Allocation Failure) [PSYoungGen: 627557K->39589K(641536K)] 629297K->41329K(2039808K), 0.0156914 secs] [Times: user=0.13 sys=0.00, real=0.01 secs] 
2020-09-29T17:52:22.729+0200: 8.441: [GC (Allocation Failure) [PSYoungGen: 623781K->35364K(644096K)] 625521K->37104K(2042368K), 0.0145701 secs] [Times: user=0.13 sys=0.00, real=0.01 secs] 
2020-09-29T17:52:22.797+0200: 8.509: [GC (Allocation Failure) [PSYoungGen: 623652K->35781K(643072K)] 625392K->37521K(2041344K), 0.0126277 secs] [Times: user=0.13 sys=0.00, real=0.01 secs] 
2020-09-29T17:52:22.861+0200: 8.572: [GC (Allocation Failure) [PSYoungGen: 624069K->35908K(646144K)] 625809K->37648K(2044416K), 0.0130070 secs] [Times: user=0.13 sys=0.00, real=0.01 secs] 
2020-09-29T17:52:22.928+0200: 8.640: [GC (Allocation Failure) [PSYoungGen: 628292K->26596K(645120K)] 630032K->28336K(2043392K), 0.0115918 secs] [Times: user=0.00 sys=0.00, real=0.01 secs] 
2020-09-29T17:52:23.000+0200: 8.712: [GC (Allocation Failure) [PSYoungGen: 618980K->31076K(646656K)] 620720K->32816K(2044928K), 0.0128076 secs] [Times: user=0.13 sys=0.00, real=0.01 secs] 
2020-09-29T17:52:23.073+0200: 8.784: [GC (Allocation Failure) [PSYoungGen: 624484K->36036K(645632K)] 626224K->37776K(2043904K), 0.0130664 secs] [Times: user=0.13 sys=0.00, real=0.01 secs] 
2020-09-29T17:52:23.136+0200: 8.848: [GC (Allocation Failure) [PSYoungGen: 629444K->41029K(647168K)] 631184K->42769K(2045440K), 0.0142102 secs] [Times: user=0.13 sys=0.00, real=0.02 secs] 
2020-09-29T17:52:23.202+0200: 8.914: [GC (Allocation Failure) [PSYoungGen: 637509K->49573K(646144K)] 639249K->51313K(2044416K), 0.0167012 secs] [Times: user=0.13 sys=0.00, real=0.02 secs] 
2020-09-29T17:52:23.270+0200: 8.982: [GC (Allocation Failure) [PSYoungGen: 646053K->44485K(641024K)] 647793K->46225K(2039296K), 0.0150359 secs] [Times: user=0.00 sys=0.00, real=0.02 secs] 
2020-09-29T17:52:23.336+0200: 9.047: [GC (Allocation Failure) [PSYoungGen: 632773K->44548K(633344K)] 634513K->46288K(2031616K), 0.0156066 secs] [Times: user=0.13 sys=0.00, real=0.02 secs] 
2020-09-29T17:52:23.402+0200: 9.113: [GC (Allocation Failure) [PSYoungGen: 632836K->30692K(643072K)] 634576K->32432K(2041344K), 0.0115263 secs] [Times: user=0.13 sys=0.00, real=0.01 secs] 
2020-09-29T17:52:23.465+0200: 9.177: [GC (Allocation Failure) [PSYoungGen: 617956K->28932K(643072K)] 619696K->30672K(2041344K), 0.0104054 secs] [Times: user=0.13 sys=0.00, real=0.01 secs] 
2020-09-29T17:52:23.531+0200: 9.243: [GC (Allocation Failure) [PSYoungGen: 616196K->28197K(643584K)] 617936K->29937K(2041856K), 0.0095140 secs] [Times: user=0.13 sys=0.00, real=0.01 secs] 
2020-09-29T17:52:23.595+0200: 9.306: [GC (Allocation Failure) [PSYoungGen: 615973K->41412K(643072K)] 617713K->43152K(2041344K), 0.0159506 secs] [Times: user=0.11 sys=0.00, real=0.02 secs] 
2020-09-29T17:52:23.662+0200: 9.374: [GC (Allocation Failure) [PSYoungGen: 629188K->41253K(643584K)] 630928K->42993K(2041856K), 0.0151225 secs] [Times: user=0.13 sys=0.00, real=0.02 secs] 
2020-09-29T17:52:23.729+0200: 9.440: [GC (Allocation Failure) [PSYoungGen: 629541K->41733K(643584K)] 631281K->43473K(2041856K), 0.0144967 secs] [Times: user=0.13 sys=0.00, real=0.01 secs] 
2020-09-29T17:52:23.794+0200: 9.506: [GC (Allocation Failure) [PSYoungGen: 630021K->26275K(643072K)] 631761K->28015K(2041344K), 0.0105247 secs] [Times: user=0.13 sys=0.00, real=0.01 secs] 
2020-09-29T17:52:23.856+0200: 9.567: [GC (Allocation Failure) [PSYoungGen: 614563K->38469K(643584K)] 616303K->40209K(2041856K), 0.0142988 secs] [Times: user=0.13 sys=0.00, real=0.01 secs] 
2020-09-29T17:52:23.923+0200: 9.635: [GC (Allocation Failure) [PSYoungGen: 626757K->38852K(645632K)] 628497K->40592K(2043904K), 0.0134145 secs] [Times: user=0.13 sys=0.00, real=0.01 secs] 
2020-09-29T17:52:23.989+0200: 9.700: [GC (Allocation Failure) [PSYoungGen: 630212K->40516K(644608K)] 631952K->42256K(2042880K), 0.0142850 secs] [Times: user=0.00 sys=0.00, real=0.01 secs] 
2020-09-29T17:52:24.057+0200: 9.769: [GC (Allocation Failure) [PSYoungGen: 631876K->29348K(646144K)] 633616K->31088K(2044416K), 0.0106213 secs] [Times: user=0.13 sys=0.00, real=0.01 secs] 
2020-09-29T17:52:24.120+0200: 9.832: [GC (Allocation Failure) [PSYoungGen: 622756K->34212K(646144K)] 624496K->35952K(2044416K), 0.0124373 secs] [Times: user=0.13 sys=0.00, real=0.01 secs] 
2020-09-29T17:52:24.184+0200: 9.896: [GC (Allocation Failure) [PSYoungGen: 627620K->39813K(647680K)] 629360K->41553K(2045952K), 0.0141435 secs] [Times: user=0.13 sys=0.00, real=0.01 secs] 
2020-09-29T17:52:24.249+0200: 9.960: [GC (Allocation Failure) [PSYoungGen: 635781K->47845K(644096K)] 637521K->49585K(2042368K), 0.0159970 secs] [Times: user=0.13 sys=0.00, real=0.02 secs] 
2020-09-29T17:52:24.317+0200: 10.029: [GC (Allocation Failure) [PSYoungGen: 643813K->42213K(645120K)] 645553K->43953K(2043392K), 0.0136261 secs] [Times: user=0.00 sys=0.00, real=0.01 secs] 
2020-09-29T17:52:24.383+0200: 10.095: [GC (Allocation Failure) [PSYoungGen: 633573K->17091K(608768K)] 635313K->18831K(2007040K), 0.0073195 secs] [Times: user=0.00 sys=0.00, real=0.01 secs] 
2020-09-29T17:52:24.441+0200: 10.153: [GC (Allocation Failure) [PSYoungGen: 608451K->33444K(644096K)] 610191K->35184K(2042368K), 0.0122079 secs] [Times: user=0.13 sys=0.00, real=0.01 secs] 
2020-09-29T17:52:24.504+0200: 10.215: [GC (Allocation Failure) [PSYoungGen: 621732K->33092K(643072K)] 623472K->34832K(2041344K), 0.0122512 secs] [Times: user=0.00 sys=0.00, real=0.01 secs] 
2020-09-29T17:52:24.567+0200: 10.278: [GC (Allocation Failure) [PSYoungGen: 621380K->32067K(646656K)] 623120K->33807K(2044928K), 0.0130201 secs] [Times: user=0.00 sys=0.00, real=0.01 secs] 
2020-09-29T17:52:24.632+0200: 10.344: [GC (Allocation Failure) [PSYoungGen: 625475K->51301K(645120K)] 627215K->53041K(2043392K), 0.0197825 secs] [Times: user=0.11 sys=0.00, real=0.02 secs] 
2020-09-29T17:52:24.703+0200: 10.415: [GC (Allocation Failure) [PSYoungGen: 644709K->43045K(638976K)] 646449K->44785K(2037248K), 0.0142150 secs] [Times: user=0.13 sys=0.00, real=0.01 secs] 
2020-09-29T17:52:24.768+0200: 10.480: [GC (Allocation Failure) [PSYoungGen: 628261K->40325K(642048K)] 630001K->42065K(2040320K), 0.0137059 secs] [Times: user=0.13 sys=0.00, real=0.01 secs] 
2020-09-29T17:52:24.833+0200: 10.545: [GC (Allocation Failure) [PSYoungGen: 625541K->23941K(642048K)] 627281K->25681K(2040320K), 0.0083446 secs] [Times: user=0.00 sys=0.00, real=0.01 secs] 
2020-09-29T17:52:24.898+0200: 10.610: [GC (Allocation Failure) [PSYoungGen: 610181K->34308K(642560K)] 611921K->36048K(2040832K), 0.0127672 secs] [Times: user=0.13 sys=0.00, real=0.01 secs] 
2020-09-29T17:52:24.965+0200: 10.677: [GC (Allocation Failure) [PSYoungGen: 620548K->32645K(645120K)] 622288K->34385K(2043392K), 0.0143077 secs] [Times: user=0.11 sys=0.00, real=0.01 secs] 
2020-09-29T17:52:25.036+0200: 10.748: [GC (Allocation Failure) [PSYoungGen: 622981K->35109K(644096K)] 624721K->36849K(2042368K), 0.0139394 secs] [Times: user=0.00 sys=0.00, real=0.01 secs] 
2020-09-29T17:52:25.105+0200: 10.817: [GC (Allocation Failure) [PSYoungGen: 625445K->32900K(648192K)] 627185K->34640K(2046464K), 0.0136307 secs] [Times: user=0.13 sys=0.00, real=0.01 secs] 
2020-09-29T17:52:25.171+0200: 10.882: [GC (Allocation Failure) [PSYoungGen: 629380K->41317K(647168K)] 631120K->43057K(2045440K), 0.0132979 secs] [Times: user=0.13 sys=0.00, real=0.01 secs] 
2020-09-29T17:52:25.235+0200: 10.947: [GC (Allocation Failure) [PSYoungGen: 637797K->22437K(646144K)] 639537K->24177K(2044416K), 0.0079829 secs] [Times: user=0.13 sys=0.00, real=0.01 secs] 
2020-09-29T17:52:25.293+0200: 11.005: [GC (Allocation Failure) [PSYoungGen: 616869K->42565K(637440K)] 618609K->44305K(2035712K), 0.0144287 secs] [Times: user=0.13 sys=0.00, real=0.02 secs] 
2020-09-29T17:52:25.359+0200: 11.071: [GC (Allocation Failure) [PSYoungGen: 636997K->35333K(647168K)] 638737K->37073K(2045440K), 0.0129301 secs] [Times: user=0.13 sys=0.00, real=0.01 secs] 
2020-09-29T17:52:25.424+0200: 11.135: [GC (Allocation Failure) [PSYoungGen: 629253K->25794K(645632K)] 630993K->27534K(2043904K), 0.0106970 secs] [Times: user=0.13 sys=0.00, real=0.01 secs] 
2020-09-29T17:52:25.486+0200: 11.198: [GC (Allocation Failure) [PSYoungGen: 619714K->29284K(648192K)] 621454K->31024K(2046464K), 0.0119719 secs] [Times: user=0.13 sys=0.00, real=0.01 secs] 
2020-09-29T17:52:25.549+0200: 11.261: [GC (Allocation Failure) [PSYoungGen: 625764K->37861K(647168K)] 627504K->39601K(2045440K), 0.0130435 secs] [Times: user=0.13 sys=0.00, real=0.01 secs] 
2020-09-29T17:52:25.615+0200: 11.327: [GC (Allocation Failure) [PSYoungGen: 634341K->32389K(649216K)] 636081K->34129K(2047488K), 0.0119271 secs] [Times: user=0.00 sys=0.00, real=0.01 secs] 
2020-09-29T17:52:25.679+0200: 11.391: [GC (Allocation Failure) [PSYoungGen: 630917K->28260K(648192K)] 632657K->30000K(2046464K), 0.0110205 secs] [Times: user=0.00 sys=0.00, real=0.01 secs] 
2020-09-29T17:52:25.741+0200: 11.453: [GC (Allocation Failure) [PSYoungGen: 626788K->38917K(649728K)] 628528K->40657K(2048000K), 0.0135242 secs] [Times: user=0.13 sys=0.00, real=0.01 secs] 
2020-09-29T17:52:25.813+0200: 11.525: [GC (Allocation Failure) [PSYoungGen: 639493K->49125K(649728K)] 641233K->53241K(2048000K), 0.0196056 secs] [Times: user=0.24 sys=0.00, real=0.02 secs] 
2020-09-29T17:52:25.885+0200: 11.597: [GC (Allocation Failure) [PSYoungGen: 649701K->20068K(637440K)] 653817K->24184K(2035712K), 0.0070344 secs] [Times: user=0.00 sys=0.00, real=0.01 secs] 
2020-09-29T17:52:25.948+0200: 11.660: [GC (Allocation Failure) [PSYoungGen: 608356K->19236K(607744K)] 612472K->23352K(2006016K), 0.0072078 secs] [Times: user=0.00 sys=0.00, real=0.01 secs] 
2020-09-29T17:52:26.007+0200: 11.719: [GC (Allocation Failure) [PSYoungGen: 607524K->31332K(645120K)] 611640K->35448K(2043392K), 0.0112839 secs] [Times: user=0.00 sys=0.00, real=0.01 secs] 
2020-09-29T17:52:26.072+0200: 11.784: [GC (Allocation Failure) [PSYoungGen: 620644K->32741K(643072K)] 624760K->36857K(2041344K), 0.0139752 secs] [Times: user=0.09 sys=0.00, real=0.01 secs] 
2020-09-29T17:52:26.138+0200: 11.850: [GC (Allocation Failure) [PSYoungGen: 622053K->18499K(646144K)] 626169K->22615K(2044416K), 0.0078580 secs] [Times: user=0.13 sys=0.00, real=0.01 secs] 
2020-09-29T17:52:26.197+0200: 11.909: [GC (Allocation Failure) [PSYoungGen: 612931K->25061K(646656K)] 617047K->29177K(2044928K), 0.0079958 secs] [Times: user=0.00 sys=0.00, real=0.01 secs] 
2020-09-29T17:52:26.256+0200: 11.968: [GC (Allocation Failure) [PSYoungGen: 619493K->45253K(641536K)] 623609K->49369K(2039808K), 0.0152577 secs] [Times: user=0.13 sys=0.00, real=0.01 secs] 
2020-09-29T17:52:26.325+0200: 12.037: [GC (Allocation Failure) [PSYoungGen: 635589K->47685K(638464K)] 639705K->51801K(2036736K), 0.0158396 secs] [Times: user=0.13 sys=0.00, real=0.02 secs] 
2020-09-29T17:52:26.391+0200: 12.103: [GC (Allocation Failure) [PSYoungGen: 638021K->50085K(632832K)] 642137K->54201K(2031104K), 0.0169570 secs] [Times: user=0.13 sys=0.00, real=0.02 secs] 
2020-09-29T17:52:26.457+0200: 12.169: [GC (Allocation Failure) [PSYoungGen: 625061K->37125K(636928K)] 629177K->41241K(2035200K), 0.0125468 secs] [Times: user=0.00 sys=0.00, real=0.01 secs] 
2020-09-29T17:52:26.521+0200: 12.233: [GC (Allocation Failure) [PSYoungGen: 612101K->24165K(639488K)] 616217K->28281K(2037760K), 0.0097742 secs] [Times: user=0.00 sys=0.00, real=0.01 secs] 
2020-09-29T17:52:26.587+0200: 12.298: [GC (Allocation Failure) [PSYoungGen: 603749K->27236K(638976K)] 607865K->31352K(2037248K), 0.0113658 secs] [Times: user=0.13 sys=0.00, real=0.01 secs] 
2020-09-29T17:52:26.657+0200: 12.368: [GC (Allocation Failure) [PSYoungGen: 606820K->32357K(643072K)] 610936K->36473K(2041344K), 0.0140674 secs] [Times: user=0.09 sys=0.00, real=0.01 secs] 
2020-09-29T17:52:26.726+0200: 12.437: [GC (Allocation Failure) [PSYoungGen: 617573K->43333K(641024K)] 621689K->47449K(2039296K), 0.0164099 secs] [Times: user=0.13 sys=0.00, real=0.02 secs] 
2020-09-29T17:52:26.797+0200: 12.508: [GC (Allocation Failure) [PSYoungGen: 628549K->40549K(641536K)] 632665K->44665K(2039808K), 0.0163716 secs] [Times: user=0.11 sys=0.00, real=0.02 secs] 
2020-09-29T17:52:26.868+0200: 12.580: [GC (Allocation Failure) [PSYoungGen: 624741K->50469K(634880K)] 628857K->54585K(2033152K), 0.0186148 secs] [Times: user=0.13 sys=0.00, real=0.02 secs] 
2020-09-29T17:52:26.937+0200: 12.649: [GC (Allocation Failure) [PSYoungGen: 634661K->46596K(635904K)] 638777K->50712K(2034176K), 0.0161581 secs] [Times: user=0.13 sys=0.00, real=0.02 secs] 
2020-09-29T17:52:27.003+0200: 12.714: [GC (Allocation Failure) [PSYoungGen: 621572K->47365K(622592K)] 625688K->51481K(2020864K), 0.0195684 secs] [Times: user=0.13 sys=0.00, real=0.02 secs] 
2020-09-29T17:52:27.074+0200: 12.786: [GC (Allocation Failure) [PSYoungGen: 622341K->32581K(636928K)] 626457K->36697K(2035200K), 0.0168574 secs] [Times: user=0.06 sys=0.00, real=0.02 secs] 
2020-09-29T17:52:27.142+0200: 12.853: [GC (Allocation Failure) [PSYoungGen: 606021K->45445K(635392K)] 610137K->49561K(2033664K), 0.0152893 secs] [Times: user=0.13 sys=0.00, real=0.02 secs] 
2020-09-29T17:52:27.206+0200: 12.918: [GC (Allocation Failure) [PSYoungGen: 618885K->44549K(636928K)] 623001K->48665K(2035200K), 0.0153090 secs] [Times: user=0.13 sys=0.00, real=0.02 secs] 
2020-09-29T17:52:27.271+0200: 12.983: [GC (Allocation Failure) [PSYoungGen: 619013K->30980K(636416K)] 623129K->35096K(2034688K), 0.0117551 secs] [Times: user=0.00 sys=0.00, real=0.01 secs] 
2020-09-29T17:52:27.332+0200: 13.043: [GC (Allocation Failure) [PSYoungGen: 605444K->29348K(638464K)] 609560K->33464K(2036736K), 0.0107176 secs] [Times: user=0.13 sys=0.00, real=0.01 secs] 
2020-09-29T17:52:27.393+0200: 13.105: [GC (Allocation Failure) [PSYoungGen: 606372K->18116K(637440K)] 610488K->22232K(2035712K), 0.0075302 secs] [Times: user=0.13 sys=0.00, real=0.01 secs] 
2020-09-29T17:52:27.453+0200: 13.165: [GC (Allocation Failure) [PSYoungGen: 595140K->34340K(639488K)] 599256K->38456K(2037760K), 0.0122786 secs] [Times: user=0.13 sys=0.00, real=0.01 secs] 
2020-09-29T17:52:27.516+0200: 13.227: [GC (Allocation Failure) [PSYoungGen: 612388K->38149K(637440K)] 616504K->42265K(2035712K), 0.0128531 secs] [Times: user=0.13 sys=0.00, real=0.01 secs] 
2020-09-29T17:52:27.580+0200: 13.292: [GC (Allocation Failure) [PSYoungGen: 616197K->41957K(641024K)] 620313K->46073K(2039296K), 0.0154113 secs] [Times: user=0.11 sys=0.00, real=0.02 secs] 
2020-09-29T17:52:27.649+0200: 13.361: [GC (Allocation Failure) [PSYoungGen: 625125K->37221K(641024K)] 629241K->41337K(2039296K), 0.0129142 secs] [Times: user=0.13 sys=0.00, real=0.01 secs] 
2020-09-29T17:52:27.721+0200: 13.432: [GC (Allocation Failure) [PSYoungGen: 620389K->32453K(644096K)] 624505K->36569K(2042368K), 0.0109599 secs] [Times: user=0.13 sys=0.00, real=0.01 secs] 
2020-09-29T17:52:27.786+0200: 13.497: [GC (Allocation Failure) [PSYoungGen: 620229K->32325K(642560K)] 624345K->36441K(2040832K), 0.0110597 secs] [Times: user=0.00 sys=0.00, real=0.01 secs] 
2020-09-29T17:52:27.852+0200: 13.564: [GC (Allocation Failure) [PSYoungGen: 620101K->30660K(646144K)] 624217K->34776K(2044416K), 0.0113838 secs] [Times: user=0.00 sys=0.02, real=0.01 secs] 
2020-09-29T17:52:27.920+0200: 13.631: [GC (Allocation Failure) [PSYoungGen: 623044K->34724K(645120K)] 627160K->38840K(2043392K), 0.0140004 secs] [Times: user=0.13 sys=0.00, real=0.01 secs] 
2020-09-29T17:52:27.987+0200: 13.698: [GC (Allocation Failure) [PSYoungGen: 627108K->39173K(647680K)] 631224K->43289K(2045952K), 0.0137684 secs] [Times: user=0.13 sys=0.00, real=0.01 secs] 
2020-09-29T17:52:28.053+0200: 13.765: [GC (Allocation Failure) [PSYoungGen: 635653K->34117K(647680K)] 639769K->38233K(2045952K), 0.0117942 secs] [Times: user=0.00 sys=0.00, real=0.01 secs] 
2020-09-29T17:52:28.117+0200: 13.828: [GC (Allocation Failure) [PSYoungGen: 630597K->27300K(649216K)] 634713K->31416K(2047488K), 0.0100589 secs] [Times: user=0.00 sys=0.00, real=0.01 secs] 
2020-09-29T17:52:28.180+0200: 13.892: [GC (Allocation Failure) [PSYoungGen: 626852K->25092K(649216K)] 630968K->29208K(2047488K), 0.0092778 secs] [Times: user=0.00 sys=0.00, real=0.01 secs] 
2020-09-29T17:52:28.244+0200: 13.956: [GC (Allocation Failure) [PSYoungGen: 624644K->36741K(649728K)] 628760K->40857K(2048000K), 0.0123474 secs] [Times: user=0.13 sys=0.00, real=0.01 secs] 
2020-09-29T17:52:28.309+0200: 14.021: [GC (Allocation Failure) [PSYoungGen: 636805K->35237K(649216K)] 640921K->39353K(2047488K), 0.0112510 secs] [Times: user=0.13 sys=0.00, real=0.01 secs] 
2020-09-29T17:52:28.374+0200: 14.086: [GC (Allocation Failure) [PSYoungGen: 635301K->33733K(651776K)] 639417K->37849K(2050048K), 0.0110970 secs] [Times: user=0.13 sys=0.00, real=0.01 secs] 
2020-09-29T17:52:28.439+0200: 14.151: [GC (Allocation Failure) [PSYoungGen: 637381K->47077K(650752K)] 641497K->53505K(2049024K), 0.0167945 secs] [Times: user=0.13 sys=0.00, real=0.02 secs] 
2020-09-29T17:52:28.508+0200: 14.220: [GC (Allocation Failure) [PSYoungGen: 650725K->36964K(646656K)] 657153K->43392K(2044928K), 0.0136192 secs] [Times: user=0.13 sys=0.00, real=0.01 secs] 
2020-09-29T17:52:28.573+0200: 14.285: [GC (Allocation Failure) [PSYoungGen: 635492K->16930K(615936K)] 641920K->23358K(2014208K), 0.0084129 secs] [Times: user=0.00 sys=0.00, real=0.01 secs] 
2020-09-29T17:52:28.634+0200: 14.346: [GC (Allocation Failure) [PSYoungGen: 615458K->40004K(645632K)] 621886K->46432K(2043904K), 0.0144560 secs] [Times: user=0.13 sys=0.00, real=0.01 secs] 
2020-09-29T17:52:28.699+0200: 14.411: [GC (Allocation Failure) [PSYoungGen: 633412K->45445K(638976K)] 639840K->51873K(2037248K), 0.0155201 secs] [Times: user=0.13 sys=0.00, real=0.02 secs] 
2020-09-29T17:52:28.767+0200: 14.479: [GC (Allocation Failure) [PSYoungGen: 638853K->37253K(645120K)] 645281K->43681K(2043392K), 0.0128069 secs] [Times: user=0.13 sys=0.00, real=0.01 secs] 
2020-09-29T17:52:28.833+0200: 14.545: [GC (Allocation Failure) [PSYoungGen: 627589K->39717K(644096K)] 634017K->46145K(2042368K), 0.0136820 secs] [Times: user=0.00 sys=0.00, real=0.01 secs] 
2020-09-29T17:52:28.898+0200: 14.610: [GC (Allocation Failure) [PSYoungGen: 630053K->53221K(634368K)] 636481K->62177K(2032640K), 0.0199119 secs] [Times: user=0.13 sys=0.00, real=0.02 secs] 
2020-09-29T17:52:28.969+0200: 14.680: [GC (Allocation Failure) [PSYoungGen: 634341K->21636K(603136K)] 643297K->30592K(2001408K), 0.0081979 secs] [Times: user=0.13 sys=0.00, real=0.01 secs] 
2020-09-29T17:52:29.026+0200: 14.738: [GC (Allocation Failure) [PSYoungGen: 602756K->28452K(640000K)] 611712K->37408K(2038272K), 0.0100978 secs] [Times: user=0.13 sys=0.00, real=0.01 secs] 
2020-09-29T17:52:29.086+0200: 14.798: [GC (Allocation Failure) [PSYoungGen: 609060K->21060K(639488K)] 618016K->30016K(2037760K), 0.0078209 secs] [Times: user=0.00 sys=0.00, real=0.01 secs] 
2020-09-29T17:52:29.145+0200: 14.857: [GC (Allocation Failure) [PSYoungGen: 601668K->41125K(640000K)] 610624K->50081K(2038272K), 0.0142566 secs] [Times: user=0.00 sys=0.00, real=0.01 secs] 
2020-09-29T17:52:29.209+0200: 14.921: [GC (Allocation Failure) [PSYoungGen: 622245K->31620K(640000K)] 631201K->40576K(2038272K), 0.0111243 secs] [Times: user=0.00 sys=0.00, real=0.01 secs] 
2020-09-29T17:52:29.272+0200: 14.983: [GC (Allocation Failure) [PSYoungGen: 612740K->38565K(642560K)] 621696K->47521K(2040832K), 0.0132486 secs] [Times: user=0.00 sys=0.00, real=0.01 secs] 
2020-09-29T17:52:29.335+0200: 15.046: [GC (Allocation Failure) [PSYoungGen: 623781K->21604K(641536K)] 632737K->30560K(2039808K), 0.0078757 secs] [Times: user=0.00 sys=0.00, real=0.01 secs] 
2020-09-29T17:52:29.393+0200: 15.105: [GC (Allocation Failure) [PSYoungGen: 606820K->46341K(637440K)] 615776K->55297K(2035712K), 0.0159666 secs] [Times: user=0.13 sys=0.00, real=0.02 secs] 
2020-09-29T17:52:29.459+0200: 15.171: [GC (Allocation Failure) [PSYoungGen: 627461K->25572K(640000K)] 636417K->34528K(2038272K), 0.0097519 secs] [Times: user=0.00 sys=0.00, real=0.01 secs] 
2020-09-29T17:52:29.519+0200: 15.231: [GC (Allocation Failure) [PSYoungGen: 606692K->32485K(643072K)] 615648K->41441K(2041344K), 0.0112705 secs] [Times: user=0.11 sys=0.00, real=0.01 secs] 
2020-09-29T17:52:29.581+0200: 15.293: [GC (Allocation Failure) [PSYoungGen: 617189K->55781K(640512K)] 626145K->65505K(2038784K), 0.0204569 secs] [Times: user=0.22 sys=0.00, real=0.02 secs] 
2020-09-29T17:52:29.653+0200: 15.365: [GC (Allocation Failure) [PSYoungGen: 640485K->39685K(635392K)] 650209K->49409K(2033664K), 0.0132998 secs] [Times: user=0.13 sys=0.00, real=0.01 secs] 
2020-09-29T17:52:29.715+0200: 15.427: [GC (Allocation Failure) [PSYoungGen: 616709K->14244K(591360K)] 626433K->23968K(1989632K), 0.0060003 secs] [Times: user=0.00 sys=0.00, real=0.01 secs] 
2020-09-29T17:52:29.773+0200: 15.484: [GC (Allocation Failure) [PSYoungGen: 591268K->30628K(638464K)] 600992K->40352K(2036736K), 0.0115034 secs] [Times: user=0.00 sys=0.00, real=0.01 secs] 
2020-09-29T17:52:29.834+0200: 15.546: [GC (Allocation Failure) [PSYoungGen: 606628K->31621K(636416K)] 616352K->41345K(2034688K), 0.0109557 secs] [Times: user=0.00 sys=0.00, real=0.01 secs] 
2020-09-29T17:52:29.897+0200: 15.608: [GC (Allocation Failure) [PSYoungGen: 607621K->33349K(643072K)] 617345K->43073K(2041344K), 0.0119269 secs] [Times: user=0.00 sys=0.00, real=0.01 secs] 
2020-09-29T17:52:29.962+0200: 15.673: [GC (Allocation Failure) [PSYoungGen: 618565K->28483K(641024K)] 628289K->38207K(2039296K), 0.0108440 secs] [Times: user=0.01 sys=0.00, real=0.01 secs] 
2020-09-29T17:52:30.025+0200: 15.737: [GC (Allocation Failure) [PSYoungGen: 613699K->38180K(644608K)] 623423K->47904K(2042880K), 0.0140893 secs] [Times: user=0.13 sys=0.00, real=0.01 secs] 
2020-09-29T17:52:30.094+0200: 15.806: [GC (Allocation Failure) [PSYoungGen: 628516K->54245K(644608K)] 638240K->64001K(2042880K), 0.0180711 secs] [Times: user=0.13 sys=0.00, real=0.02 secs] 
2020-09-29T17:52:30.162+0200: 15.874: [GC (Allocation Failure) [PSYoungGen: 644581K->40645K(634368K)] 654337K->50401K(2032640K), 0.0138861 secs] [Times: user=0.13 sys=0.00, real=0.01 secs] 
2020-09-29T17:52:30.228+0200: 15.940: [GC (Allocation Failure) [PSYoungGen: 620741K->59365K(639488K)] 630497K->69825K(2037760K), 0.0196187 secs] [Times: user=0.13 sys=0.00, real=0.02 secs] 
2020-09-29T17:52:30.297+0200: 16.009: [GC (Allocation Failure) [PSYoungGen: 639461K->38629K(632320K)] 649921K->49089K(2030592K), 0.0134683 secs] [Times: user=0.13 sys=0.00, real=0.01 secs] 
2020-09-29T17:52:30.361+0200: 16.073: [GC (Allocation Failure) [PSYoungGen: 611557K->21315K(594432K)] 622017K->31775K(1992704K), 0.0082528 secs] [Times: user=0.13 sys=0.00, real=0.01 secs] 
2020-09-29T17:52:30.418+0200: 16.130: [GC (Allocation Failure) [PSYoungGen: 594243K->33380K(637440K)] 604703K->43840K(2035712K), 0.0124891 secs] [Times: user=0.11 sys=0.00, real=0.01 secs] 
2020-09-29T17:52:30.480+0200: 16.192: [GC (Allocation Failure) [PSYoungGen: 607332K->32868K(635392K)] 617792K->43328K(2033664K), 0.0129849 secs] [Times: user=0.13 sys=0.00, real=0.01 secs] 
2020-09-29T17:52:30.545+0200: 16.256: [GC (Allocation Failure) [PSYoungGen: 606820K->32581K(641024K)] 617280K->43041K(2039296K), 0.0150116 secs] [Times: user=0.11 sys=0.00, real=0.01 secs] 
2020-09-29T17:52:30.614+0200: 16.325: [GC (Allocation Failure) [PSYoungGen: 613701K->23844K(638976K)] 624161K->34304K(2037248K), 0.0117727 secs] [Times: user=0.00 sys=0.00, real=0.01 secs] 
2020-09-29T17:52:30.679+0200: 16.391: [GC (Allocation Failure) [PSYoungGen: 604964K->57829K(628736K)] 615424K->68521K(2027008K), 0.0194446 secs] [Times: user=0.13 sys=0.00, real=0.02 secs] 
2020-09-29T17:52:30.747+0200: 16.459: [GC (Allocation Failure) [PSYoungGen: 628709K->41061K(634880K)] 639401K->51753K(2033152K), 0.0133379 secs] [Times: user=0.13 sys=0.00, real=0.01 secs] 
2020-09-29T17:52:30.809+0200: 16.521: [GC (Allocation Failure) [PSYoungGen: 611941K->37733K(638464K)] 622633K->48425K(2036736K), 0.0128078 secs] [Times: user=0.13 sys=0.00, real=0.01 secs] 
2020-09-29T17:52:30.874+0200: 16.586: [GC (Allocation Failure) [PSYoungGen: 613221K->25284K(635904K)] 623913K->35976K(2034176K), 0.0096252 secs] [Times: user=0.13 sys=0.00, real=0.01 secs] 
2020-09-29T17:52:30.933+0200: 16.644: [GC (Allocation Failure) [PSYoungGen: 600772K->25091K(638976K)] 611464K->35783K(2037248K), 0.0098261 secs] [Times: user=0.13 sys=0.00, real=0.01 secs] 
2020-09-29T17:52:30.992+0200: 16.703: [GC (Allocation Failure) [PSYoungGen: 603651K->42500K(638464K)] 614343K->53192K(2036736K), 0.0150111 secs] [Times: user=0.13 sys=0.00, real=0.01 secs] 
2020-09-29T17:52:31.058+0200: 16.769: [GC (Allocation Failure) [PSYoungGen: 621060K->31908K(640512K)] 631752K->42600K(2038784K), 0.0119613 secs] [Times: user=0.13 sys=0.00, real=0.01 secs] 
2020-09-29T17:52:31.121+0200: 16.832: [GC (Allocation Failure) [PSYoungGen: 612516K->38309K(638976K)] 623208K->49001K(2037248K), 0.0167722 secs] [Times: user=0.13 sys=0.00, real=0.02 secs] 
2020-09-29T17:52:31.186+0200: 16.898: [GC (Allocation Failure) [PSYoungGen: 618917K->17285K(639488K)] 629609K->27977K(2037760K), 0.0055374 secs] [Times: user=0.01 sys=0.00, real=0.01 secs] 
2020-09-29T17:52:31.244+0200: 16.956: [GC (Allocation Failure) [PSYoungGen: 599429K->38853K(640512K)] 610121K->49545K(2038784K), 0.0135635 secs] [Times: user=0.13 sys=0.00, real=0.01 secs] 
2020-09-29T17:52:31.307+0200: 17.019: [GC (Allocation Failure) [PSYoungGen: 620997K->45860K(637952K)] 631689K->56552K(2036224K), 0.0160646 secs] [Times: user=0.13 sys=0.00, real=0.02 secs] 
2020-09-29T17:52:31.374+0200: 17.085: [GC (Allocation Failure) [PSYoungGen: 625956K->38085K(639488K)] 636648K->48777K(2037760K), 0.0125235 secs] [Times: user=0.13 sys=0.00, real=0.01 secs] 
2020-09-29T17:52:31.436+0200: 17.148: [GC (Allocation Failure) [PSYoungGen: 618181K->43909K(639488K)] 628873K->54601K(2037760K), 0.0149004 secs] [Times: user=0.13 sys=0.00, real=0.01 secs] 
2020-09-29T17:52:31.500+0200: 17.212: [GC (Allocation Failure) [PSYoungGen: 625029K->47940K(629248K)] 635721K->58632K(2027520K), 0.0166485 secs] [Times: user=0.13 sys=0.00, real=0.02 secs] 
2020-09-29T17:52:31.567+0200: 17.278: [GC (Allocation Failure) [PSYoungGen: 629060K->40324K(639488K)] 639752K->51016K(2037760K), 0.0151029 secs] [Times: user=0.02 sys=0.02, real=0.02 secs] 
2020-09-29T17:52:31.634+0200: 17.346: [GC (Allocation Failure) [PSYoungGen: 618884K->30340K(637952K)] 629576K->41032K(2036224K), 0.0125027 secs] [Times: user=0.13 sys=0.00, real=0.01 secs] 
2020-09-29T17:52:31.697+0200: 17.409: [GC (Allocation Failure) [PSYoungGen: 608900K->19876K(638976K)] 619592K->30568K(2037248K), 0.0077709 secs] [Times: user=0.00 sys=0.00, real=0.01 secs] 
2020-09-29T17:52:31.757+0200: 17.469: [GC (Allocation Failure) [PSYoungGen: 599972K->38949K(639488K)] 610664K->49641K(2037760K), 0.0132276 secs] [Times: user=0.13 sys=0.00, real=0.01 secs] 
2020-09-29T17:52:31.821+0200: 17.533: [GC (Allocation Failure) [PSYoungGen: 619045K->31109K(642048K)] 629737K->41801K(2040320K), 0.0099309 secs] [Times: user=0.00 sys=0.00, real=0.01 secs] 
2020-09-29T17:52:31.881+0200: 17.593: [GC (Allocation Failure) [PSYoungGen: 614789K->40549K(640512K)] 625481K->51241K(2038784K), 0.0132689 secs] [Times: user=0.00 sys=0.00, real=0.01 secs] 
2020-09-29T17:52:31.944+0200: 17.656: [GC (Allocation Failure) [PSYoungGen: 624229K->49957K(635904K)] 634921K->60649K(2034176K), 0.0159640 secs] [Times: user=0.13 sys=0.00, real=0.02 secs] 
2020-09-29T17:52:32.010+0200: 17.722: [GC (Allocation Failure) [PSYoungGen: 629029K->41061K(638976K)] 639721K->51753K(2037248K), 0.0140000 secs] [Times: user=0.13 sys=0.00, real=0.01 secs] 
2020-09-29T17:52:32.075+0200: 17.787: [GC (Allocation Failure) [PSYoungGen: 620133K->32229K(641024K)] 630825K->42921K(2039296K), 0.0116954 secs] [Times: user=0.13 sys=0.00, real=0.01 secs] 
2020-09-29T17:52:32.140+0200: 17.852: [GC (Allocation Failure) [PSYoungGen: 614373K->39876K(640000K)] 625065K->50568K(2038272K), 0.0141178 secs] [Times: user=0.13 sys=0.00, real=0.01 secs] 
2020-09-29T17:52:32.205+0200: 17.917: [GC (Allocation Failure) [PSYoungGen: 622020K->47781K(637952K)] 632712K->58473K(2036224K), 0.0153455 secs] [Times: user=0.13 sys=0.00, real=0.02 secs] 
2020-09-29T17:52:32.270+0200: 17.982: [GC (Allocation Failure) [PSYoungGen: 628901K->41029K(640000K)] 639593K->51721K(2038272K), 0.0143093 secs] [Times: user=0.00 sys=0.00, real=0.01 secs] 
2020-09-29T17:52:32.335+0200: 18.046: [GC (Allocation Failure) [PSYoungGen: 622149K->34116K(642048K)] 632841K->44808K(2040320K), 0.0121515 secs] [Times: user=0.00 sys=0.00, real=0.01 secs] 
2020-09-29T17:52:32.398+0200: 18.110: [GC (Allocation Failure) [PSYoungGen: 618308K->30149K(641024K)] 629000K->40841K(2039296K), 0.0103410 secs] [Times: user=0.00 sys=0.00, real=0.01 secs] 
2020-09-29T17:52:32.459+0200: 18.171: [GC (Allocation Failure) [PSYoungGen: 614341K->23139K(641536K)] 625033K->33831K(2039808K), 0.0094458 secs] [Times: user=0.00 sys=0.00, real=0.01 secs] 
2020-09-29T17:52:32.519+0200: 18.231: [GC (Allocation Failure) [PSYoungGen: 608355K->32963K(642048K)] 619047K->43655K(2040320K), 0.0123998 secs] [Times: user=0.13 sys=0.00, real=0.01 secs] 
2020-09-29T17:52:32.581+0200: 18.293: [GC (Allocation Failure) [PSYoungGen: 618179K->43652K(641536K)] 628871K->54344K(2039808K), 0.0166685 secs] [Times: user=0.13 sys=0.02, real=0.02 secs] 
2020-09-29T17:52:32.650+0200: 18.362: [GC (Allocation Failure) [PSYoungGen: 629892K->41796K(642560K)] 640584K->52488K(2040832K), 0.0146037 secs] [Times: user=0.13 sys=0.00, real=0.01 secs] 
2020-09-29T17:52:32.716+0200: 18.428: [GC (Allocation Failure) [PSYoungGen: 628036K->40133K(643584K)] 638728K->50825K(2041856K), 0.0130937 secs] [Times: user=0.13 sys=0.00, real=0.01 secs] 
2020-09-29T17:52:32.779+0200: 18.491: [GC (Allocation Failure) [PSYoungGen: 627397K->53093K(640512K)] 638089K->63785K(2038784K), 0.0176542 secs] [Times: user=0.13 sys=0.00, real=0.02 secs] 
2020-09-29T17:52:32.847+0200: 18.558: [GC (Allocation Failure) [PSYoungGen: 640357K->33700K(640512K)] 651049K->44392K(2038784K), 0.0126404 secs] [Times: user=0.13 sys=0.00, real=0.01 secs] 
2020-09-29T17:52:32.910+0200: 18.621: [GC (Allocation Failure) [PSYoungGen: 615844K->40932K(640512K)] 626536K->51624K(2038784K), 0.0143848 secs] [Times: user=0.13 sys=0.00, real=0.01 secs] 
2020-09-29T17:52:32.975+0200: 18.686: [GC (Allocation Failure) [PSYoungGen: 623076K->19236K(638464K)] 633768K->29928K(2036736K), 0.0077624 secs] [Times: user=0.00 sys=0.00, real=0.01 secs] 
2020-09-29T17:52:33.032+0200: 18.743: [GC (Allocation Failure) [PSYoungGen: 600356K->24293K(640000K)] 611048K->34985K(2038272K), 0.0081993 secs] [Times: user=0.13 sys=0.00, real=0.01 secs] 
2020-09-29T17:52:33.094+0200: 18.805: [GC (Allocation Failure) [PSYoungGen: 605413K->43556K(638976K)] 616105K->54248K(2037248K), 0.0182681 secs] [Times: user=0.11 sys=0.00, real=0.02 secs] 
2020-09-29T17:52:33.161+0200: 18.873: [GC (Allocation Failure) [PSYoungGen: 623652K->35653K(639488K)] 634344K->46345K(2037760K), 0.0123790 secs] [Times: user=0.00 sys=0.00, real=0.01 secs] 
2020-09-29T17:52:33.227+0200: 18.939: [GC (Allocation Failure) [PSYoungGen: 615749K->41509K(641536K)] 626441K->52201K(2039808K), 0.0138926 secs] [Times: user=0.13 sys=0.00, real=0.01 secs] 
2020-09-29T17:52:33.293+0200: 19.004: [GC (Allocation Failure) [PSYoungGen: 625701K->37765K(641536K)] 636393K->48457K(2039808K), 0.0125761 secs] [Times: user=0.13 sys=0.00, real=0.01 secs] 
2020-09-29T17:52:33.358+0200: 19.069: [GC (Allocation Failure) [PSYoungGen: 621957K->32644K(644608K)] 632649K->43336K(2042880K), 0.0116611 secs] [Times: user=0.13 sys=0.00, real=0.01 secs] 
2020-09-29T17:52:33.421+0200: 19.132: [GC (Allocation Failure) [PSYoungGen: 621956K->33637K(643584K)] 632648K->44329K(2041856K), 0.0109487 secs] [Times: user=0.13 sys=0.00, real=0.01 secs] 
2020-09-29T17:52:33.482+0200: 19.193: [GC (Allocation Failure) [PSYoungGen: 622949K->34917K(647168K)] 633641K->45609K(2045440K), 0.0117507 secs] [Times: user=0.13 sys=0.00, real=0.01 secs] 
2020-09-29T17:52:33.545+0200: 19.256: [GC (Allocation Failure) [PSYoungGen: 628837K->38628K(645632K)] 639529K->49320K(2043904K), 0.0137833 secs] [Times: user=0.13 sys=0.00, real=0.01 secs] 
2020-09-29T17:52:33.612+0200: 19.323: [GC (Allocation Failure) [PSYoungGen: 632548K->26147K(647680K)] 643240K->36839K(2045952K), 0.0109238 secs] [Times: user=0.11 sys=0.00, real=0.01 secs] 
2020-09-29T17:52:33.674+0200: 19.386: [GC (Allocation Failure) [PSYoungGen: 622627K->48453K(645120K)] 633319K->59145K(2043392K), 0.0163541 secs] [Times: user=0.13 sys=0.00, real=0.02 secs] 
2020-09-29T17:52:33.742+0200: 19.453: [GC (Allocation Failure) [PSYoungGen: 644933K->43269K(642048K)] 655625K->53961K(2040320K), 0.0145761 secs] [Times: user=0.13 sys=0.00, real=0.01 secs] 
2020-09-29T17:52:33.807+0200: 19.518: [GC (Allocation Failure) [PSYoungGen: 631557K->43685K(632320K)] 642249K->54377K(2030592K), 0.0146664 secs] [Times: user=0.13 sys=0.00, real=0.02 secs] 
2020-09-29T17:52:33.873+0200: 19.584: [GC (Allocation Failure) [PSYoungGen: 631973K->30372K(643584K)] 642665K->41064K(2041856K), 0.0109398 secs] [Times: user=0.13 sys=0.00, real=0.01 secs] 
2020-09-29T17:52:33.935+0200: 19.646: [GC (Allocation Failure) [PSYoungGen: 618148K->30181K(643072K)] 628840K->40873K(2041344K), 0.0119210 secs] [Times: user=0.13 sys=0.00, real=0.01 secs] 
2020-09-29T17:52:33.997+0200: 19.708: [GC (Allocation Failure) [PSYoungGen: 617957K->30021K(644608K)] 628649K->40713K(2042880K), 0.0100402 secs] [Times: user=0.13 sys=0.00, real=0.01 secs] 
2020-09-29T17:52:34.057+0200: 19.768: [GC (Allocation Failure) [PSYoungGen: 619845K->31941K(644096K)] 630537K->42633K(2042368K), 0.0108005 secs] [Times: user=0.13 sys=0.00, real=0.01 secs] 
2020-09-29T17:52:34.119+0200: 19.830: [GC (Allocation Failure) [PSYoungGen: 621765K->32420K(647168K)] 632457K->43112K(2045440K), 0.0126059 secs] [Times: user=0.11 sys=0.00, real=0.01 secs] 
2020-09-29T17:52:34.185+0200: 19.896: [GC (Allocation Failure) [PSYoungGen: 626852K->38661K(646144K)] 637544K->49353K(2044416K), 0.0133198 secs] [Times: user=0.13 sys=0.00, real=0.01 secs] 
2020-09-29T17:52:34.250+0200: 19.961: [GC (Allocation Failure) [PSYoungGen: 633093K->31429K(648192K)] 643785K->42121K(2046464K), 0.0111458 secs] [Times: user=0.13 sys=0.00, real=0.01 secs] 
2020-09-29T17:52:34.312+0200: 20.023: [GC (Allocation Failure) [PSYoungGen: 628421K->39236K(647680K)] 639113K->49928K(2045952K), 0.0137982 secs] [Times: user=0.13 sys=0.00, real=0.01 secs] 
2020-09-29T17:52:34.377+0200: 20.088: [GC (Allocation Failure) [PSYoungGen: 636228K->34661K(649728K)] 646920K->45353K(2048000K), 0.0120272 secs] [Times: user=0.13 sys=0.00, real=0.01 secs] 
2020-09-29T17:52:34.440+0200: 20.151: [GC (Allocation Failure) [PSYoungGen: 633701K->32101K(648192K)] 644393K->42793K(2046464K), 0.0116388 secs] [Times: user=0.13 sys=0.00, real=0.01 secs] 
2020-09-29T17:52:34.504+0200: 20.215: [GC (Allocation Failure) [PSYoungGen: 631141K->29476K(650752K)] 641833K->40168K(2049024K), 0.0112135 secs] [Times: user=0.13 sys=0.00, real=0.01 secs] 
2020-09-29T17:52:34.567+0200: 20.278: [GC (Allocation Failure) [PSYoungGen: 631588K->29957K(650240K)] 642280K->40649K(2048512K), 0.0111087 secs] [Times: user=0.00 sys=0.00, real=0.01 secs] 
2020-09-29T17:52:34.636+0200: 20.347: [GC (Allocation Failure) [PSYoungGen: 632069K->28868K(651776K)] 642761K->39560K(2050048K), 0.0104467 secs] [Times: user=0.13 sys=0.00, real=0.01 secs] 
2020-09-29T17:52:34.699+0200: 20.410: [GC (Allocation Failure) [PSYoungGen: 633028K->31300K(651264K)] 643720K->41992K(2049536K), 0.0114245 secs] [Times: user=0.13 sys=0.00, real=0.01 secs] 
2020-09-29T17:52:34.762+0200: 20.473: [GC (Allocation Failure) [PSYoungGen: 635460K->46053K(644608K)] 646152K->58169K(2042880K), 0.0159274 secs] [Times: user=0.13 sys=0.00, real=0.02 secs] 
2020-09-29T17:52:34.831+0200: 20.542: [GC (Allocation Failure) [PSYoungGen: 644581K->28995K(648704K)] 656697K->41111K(2046976K), 0.0112795 secs] [Times: user=0.13 sys=0.00, real=0.01 secs] 
2020-09-29T17:52:34.894+0200: 20.605: [GC (Allocation Failure) [PSYoungGen: 627523K->36036K(650240K)] 639639K->48152K(2048512K), 0.0133903 secs] [Times: user=0.13 sys=0.00, real=0.01 secs] 
2020-09-29T17:52:34.959+0200: 20.670: [GC (Allocation Failure) [PSYoungGen: 636612K->34884K(649216K)] 648728K->47000K(2047488K), 0.0125577 secs] [Times: user=0.00 sys=0.00, real=0.01 secs] 
2020-09-29T17:52:35.025+0200: 20.736: [GC (Allocation Failure) [PSYoungGen: 635460K->33349K(652288K)] 647576K->45465K(2050560K), 0.0114388 secs] [Times: user=0.13 sys=0.00, real=0.01 secs] 
2020-09-29T17:52:35.090+0200: 20.801: [GC (Allocation Failure) [PSYoungGen: 638021K->20869K(651264K)] 650137K->32985K(2049536K), 0.0067135 secs] [Times: user=0.00 sys=0.00, real=0.01 secs] 
2020-09-29T17:52:35.152+0200: 20.863: [GC (Allocation Failure) [PSYoungGen: 625541K->47589K(641024K)] 637657K->63345K(2039296K), 0.0188541 secs] [Times: user=0.13 sys=0.00, real=0.02 secs] 
2020-09-29T17:52:35.222+0200: 20.933: [GC (Allocation Failure) [PSYoungGen: 640997K->43173K(636928K)] 656753K->58929K(2035200K), 0.0145263 secs] [Times: user=0.13 sys=0.00, real=0.02 secs] 
2020-09-29T17:52:35.287+0200: 20.998: [GC (Allocation Failure) [PSYoungGen: 636581K->32867K(646144K)] 652337K->48623K(2044416K), 0.0123083 secs] [Times: user=0.00 sys=0.00, real=0.01 secs] 
2020-09-29T17:52:35.350+0200: 21.061: [GC (Allocation Failure) [PSYoungGen: 624739K->20548K(644608K)] 640495K->36304K(2042880K), 0.0076001 secs] [Times: user=0.00 sys=0.00, real=0.01 secs] 
2020-09-29T17:52:35.408+0200: 21.119: [GC (Allocation Failure) [PSYoungGen: 612420K->51845K(635904K)] 628176K->67601K(2034176K), 0.0172127 secs] [Times: user=0.13 sys=0.00, real=0.02 secs] 
2020-09-29T17:52:35.475+0200: 21.186: [GC (Allocation Failure) [PSYoungGen: 633989K->32421K(640512K)] 649745K->48177K(2038784K), 0.0116877 secs] [Times: user=0.00 sys=0.00, real=0.01 secs] 
2020-09-29T17:52:35.537+0200: 21.248: [GC (Allocation Failure) [PSYoungGen: 614565K->40228K(642560K)] 630321K->55984K(2040832K), 0.0140791 secs] [Times: user=0.00 sys=0.00, real=0.01 secs] 
2020-09-29T17:52:35.602+0200: 21.313: [GC (Allocation Failure) [PSYoungGen: 625956K->24325K(642048K)] 641712K->40081K(2040320K), 0.0084146 secs] [Times: user=0.00 sys=0.00, real=0.01 secs] 
2020-09-29T17:52:35.662+0200: 21.373: [GC (Allocation Failure) [PSYoungGen: 610053K->21860K(642560K)] 625809K->37616K(2040832K), 0.0078845 secs] [Times: user=0.00 sys=0.00, real=0.01 secs] 
2020-09-29T17:52:35.720+0200: 21.431: [GC (Allocation Failure) [PSYoungGen: 608100K->47589K(633856K)] 623856K->63345K(2032128K), 0.0157629 secs] [Times: user=0.13 sys=0.00, real=0.02 secs] 
2020-09-29T17:52:35.787+0200: 21.498: [GC (Allocation Failure) [PSYoungGen: 633829K->31524K(641536K)] 649585K->47280K(2039808K), 0.0114876 secs] [Times: user=0.00 sys=0.00, real=0.01 secs] 
2020-09-29T17:52:35.851+0200: 21.562: [GC (Allocation Failure) [PSYoungGen: 613668K->53125K(635392K)] 629424K->68881K(2033664K), 0.0176915 secs] [Times: user=0.13 sys=0.00, real=0.02 secs] 
2020-09-29T17:52:35.919+0200: 21.630: [GC (Allocation Failure) [PSYoungGen: 635269K->47333K(633856K)] 651025K->63089K(2032128K), 0.0157585 secs] [Times: user=0.13 sys=0.00, real=0.02 secs] 
2020-09-29T17:52:35.986+0200: 21.697: [GC (Allocation Failure) [PSYoungGen: 619237K->15747K(587776K)] 634993K->31503K(1986048K), 0.0086484 secs] [Times: user=0.11 sys=0.00, real=0.01 secs] 
2020-09-29T17:52:36.046+0200: 21.757: [GC (Allocation Failure) [PSYoungGen: 587651K->24388K(635392K)] 603407K->40144K(2033664K), 0.0102486 secs] [Times: user=0.13 sys=0.00, real=0.01 secs] 
2020-09-29T17:52:36.108+0200: 21.819: [GC (Allocation Failure) [PSYoungGen: 595268K->32229K(634368K)] 611024K->47985K(2032640K), 0.0125726 secs] [Times: user=0.13 sys=0.00, real=0.01 secs] 
2020-09-29T17:52:36.171+0200: 21.882: [GC (Allocation Failure) [PSYoungGen: 603109K->42565K(636928K)] 618865K->58321K(2035200K), 0.0142443 secs] [Times: user=0.13 sys=0.00, real=0.01 secs] 
2020-09-29T17:52:36.235+0200: 21.946: [GC (Allocation Failure) [PSYoungGen: 618565K->27652K(637440K)] 634321K->43408K(2035712K), 0.0100920 secs] [Times: user=0.13 sys=0.00, real=0.01 secs] 
2020-09-29T17:52:36.295+0200: 22.006: [GC (Allocation Failure) [PSYoungGen: 603652K->27843K(640512K)] 619408K->43599K(2038784K), 0.0110509 secs] [Times: user=0.13 sys=0.00, real=0.01 secs] 
2020-09-29T17:52:36.355+0200: 22.066: [GC (Allocation Failure) [PSYoungGen: 608451K->34245K(638976K)] 624207K->50001K(2037248K), 0.0121572 secs] [Times: user=0.13 sys=0.00, real=0.01 secs] 
2020-09-29T17:52:36.417+0200: 22.128: [GC (Allocation Failure) [PSYoungGen: 614853K->40613K(641536K)] 630609K->56369K(2039808K), 0.0136744 secs] [Times: user=0.13 sys=0.00, real=0.01 secs] 
2020-09-29T17:52:36.481+0200: 22.192: [GC (Allocation Failure) [PSYoungGen: 625829K->51557K(636928K)] 641585K->67313K(2035200K), 0.0166578 secs] [Times: user=0.13 sys=0.00, real=0.02 secs] 
2020-09-29T17:52:36.549+0200: 22.260: [GC (Allocation Failure) [PSYoungGen: 636773K->19172K(636928K)] 652529K->34928K(2035200K), 0.0073414 secs] [Times: user=0.13 sys=0.00, real=0.01 secs] 
2020-09-29T17:52:36.607+0200: 22.318: [GC (Allocation Failure) [PSYoungGen: 595172K->48325K(624640K)] 610928K->64081K(2022912K), 0.0173582 secs] [Times: user=0.11 sys=0.00, real=0.02 secs] 
2020-09-29T17:52:36.676+0200: 22.387: [GC (Allocation Failure) [PSYoungGen: 624325K->22725K(635392K)] 640081K->38481K(2033664K), 0.0078679 secs] [Times: user=0.11 sys=0.00, real=0.01 secs] 
2020-09-29T17:52:36.735+0200: 22.447: [GC (Allocation Failure) [PSYoungGen: 594117K->33573K(634880K)] 609873K->49329K(2033152K), 0.0126653 secs] [Times: user=0.13 sys=0.00, real=0.01 secs] 
2020-09-29T17:52:36.798+0200: 22.509: [GC (Allocation Failure) [PSYoungGen: 604965K->58085K(626176K)] 620721K->73841K(2024448K), 0.0190058 secs] [Times: user=0.13 sys=0.00, real=0.02 secs] 
2020-09-29T17:52:36.866+0200: 22.577: [GC (Allocation Failure) [PSYoungGen: 623845K->35909K(632320K)] 639601K->51665K(2030592K), 0.0122154 secs] [Times: user=0.00 sys=0.00, real=0.01 secs] 
2020-09-29T17:52:36.927+0200: 22.638: [GC (Allocation Failure) [PSYoungGen: 601669K->41029K(635904K)] 617425K->56785K(2034176K), 0.0139166 secs] [Times: user=0.00 sys=0.00, real=0.01 secs] 
2020-09-29T17:52:36.992+0200: 22.703: [GC (Allocation Failure) [PSYoungGen: 612933K->52453K(624640K)] 628689K->68209K(2022912K), 0.0173089 secs] [Times: user=0.13 sys=0.00, real=0.02 secs] 
2020-09-29T17:52:37.059+0200: 22.770: [GC (Allocation Failure) [PSYoungGen: 624357K->22435K(632832K)] 640113K->38191K(2031104K), 0.0092374 secs] [Times: user=0.13 sys=0.00, real=0.01 secs] 
2020-09-29T17:52:37.116+0200: 22.827: [GC (Allocation Failure) [PSYoungGen: 589219K->42373K(632832K)] 604975K->58129K(2031104K), 0.0139545 secs] [Times: user=0.13 sys=0.00, real=0.01 secs] 
2020-09-29T17:52:37.179+0200: 22.890: [GC (Allocation Failure) [PSYoungGen: 609157K->34885K(635904K)] 624913K->50641K(2034176K), 0.0114743 secs] [Times: user=0.00 sys=0.00, real=0.01 secs] 
2020-09-29T17:52:37.240+0200: 22.951: [GC (Allocation Failure) [PSYoungGen: 605765K->45253K(633856K)] 621521K->61009K(2032128K), 0.0160275 secs] [Times: user=0.13 sys=0.00, real=0.02 secs] 
2020-09-29T17:52:37.305+0200: 23.017: [GC (Allocation Failure) [PSYoungGen: 616133K->41861K(636928K)] 631889K->57617K(2035200K), 0.0142018 secs] [Times: user=0.13 sys=0.00, real=0.01 secs] 
2020-09-29T17:52:37.371+0200: 23.082: [GC (Allocation Failure) [PSYoungGen: 615301K->27236K(635392K)] 631057K->42992K(2033664K), 0.0097080 secs] [Times: user=0.13 sys=0.00, real=0.01 secs] 
2020-09-29T17:52:37.429+0200: 23.140: [GC (Allocation Failure) [PSYoungGen: 600676K->40101K(638464K)] 616432K->55857K(2036736K), 0.0134079 secs] [Times: user=0.00 sys=0.00, real=0.01 secs] 
2020-09-29T17:52:37.493+0200: 23.204: [GC (Allocation Failure) [PSYoungGen: 616613K->42373K(636928K)] 632369K->58129K(2035200K), 0.0145816 secs] [Times: user=0.13 sys=0.00, real=0.01 secs] 
2020-09-29T17:52:37.558+0200: 23.269: [GC (Allocation Failure) [PSYoungGen: 618885K->30245K(640000K)] 634641K->46001K(2038272K), 0.0114412 secs] [Times: user=0.13 sys=0.00, real=0.01 secs] 
2020-09-29T17:52:37.621+0200: 23.332: [GC (Allocation Failure) [PSYoungGen: 610341K->49509K(629760K)] 626097K->65265K(2028032K), 0.0185062 secs] [Times: user=0.11 sys=0.00, real=0.02 secs] 
2020-09-29T17:52:37.690+0200: 23.401: [GC (Allocation Failure) [PSYoungGen: 629605K->41060K(638976K)] 645361K->56816K(2037248K), 0.0144479 secs] [Times: user=0.13 sys=0.00, real=0.01 secs] 
2020-09-29T17:52:37.754+0200: 23.465: [GC (Allocation Failure) [PSYoungGen: 618596K->44293K(637440K)] 634352K->60049K(2035712K), 0.0144333 secs] [Times: user=0.13 sys=0.00, real=0.01 secs] 
2020-09-29T17:52:37.819+0200: 23.530: [GC (Allocation Failure) [PSYoungGen: 621829K->47589K(636928K)] 637585K->63345K(2035200K), 0.0160728 secs] [Times: user=0.13 sys=0.00, real=0.02 secs] 
2020-09-29T17:52:37.884+0200: 23.595: [GC (Allocation Failure) [PSYoungGen: 624613K->50437K(627712K)] 640369K->66193K(2025984K), 0.0169626 secs] [Times: user=0.13 sys=0.00, real=0.02 secs] 
2020-09-29T17:52:37.950+0200: 23.661: [GC (Allocation Failure) [PSYoungGen: 627461K->25829K(634880K)] 643217K->41585K(2033152K), 0.0114746 secs] [Times: user=0.13 sys=0.00, real=0.01 secs] 
2020-09-29T17:52:38.012+0200: 23.723: [GC (Allocation Failure) [PSYoungGen: 597733K->35205K(635392K)] 613489K->50961K(2033664K), 0.0125162 secs] [Times: user=0.13 sys=0.00, real=0.01 secs] 
2020-09-29T17:52:38.074+0200: 23.785: [GC (Allocation Failure) [PSYoungGen: 607109K->32740K(638464K)] 622865K->48496K(2036736K), 0.0114569 secs] [Times: user=0.13 sys=0.00, real=0.01 secs] 
2020-09-29T17:52:38.135+0200: 23.846: [GC (Allocation Failure) [PSYoungGen: 609764K->35397K(637440K)] 625520K->51153K(2035712K), 0.0122963 secs] [Times: user=0.13 sys=0.00, real=0.01 secs] 
2020-09-29T17:52:38.200+0200: 23.911: [GC (Allocation Failure) [PSYoungGen: 612421K->38149K(642048K)] 628177K->53905K(2040320K), 0.0134558 secs] [Times: user=0.13 sys=0.00, real=0.01 secs] 
2020-09-29T17:52:38.267+0200: 23.979: [GC (Allocation Failure) [PSYoungGen: 621317K->47141K(640000K)] 637073K->62897K(2038272K), 0.0169018 secs] [Times: user=0.11 sys=0.00, real=0.02 secs] 
2020-09-29T17:52:38.334+0200: 24.045: [GC (Allocation Failure) [PSYoungGen: 630309K->28069K(640512K)] 646065K->43825K(2038784K), 0.0092340 secs] [Times: user=0.00 sys=0.00, real=0.01 secs] 
2020-09-29T17:52:38.394+0200: 24.105: [GC (Allocation Failure) [PSYoungGen: 610213K->49637K(631808K)] 625969K->65393K(2030080K), 0.0167825 secs] [Times: user=0.13 sys=0.00, real=0.02 secs] 
2020-09-29T17:52:38.461+0200: 24.172: [GC (Allocation Failure) [PSYoungGen: 631781K->43941K(638464K)] 647537K->59697K(2036736K), 0.0150254 secs] [Times: user=0.13 sys=0.00, real=0.02 secs] 
2020-09-29T17:52:38.525+0200: 24.236: [GC (Allocation Failure) [PSYoungGen: 621989K->31428K(638464K)] 637745K->47184K(2036736K), 0.0115412 secs] [Times: user=0.13 sys=0.00, real=0.01 secs] 
2020-09-29T17:52:38.587+0200: 24.298: [GC (Allocation Failure) [PSYoungGen: 609476K->32196K(640000K)] 625232K->47952K(2038272K), 0.0128807 secs] [Times: user=0.11 sys=0.00, real=0.01 secs] 
2020-09-29T17:52:38.651+0200: 24.362: [GC (Allocation Failure) [PSYoungGen: 612804K->37860K(639488K)] 628560K->53616K(2037760K), 0.0135141 secs] [Times: user=0.13 sys=0.00, real=0.01 secs] 
2020-09-29T17:52:38.714+0200: 24.425: [GC (Allocation Failure) [PSYoungGen: 618468K->30533K(642560K)] 634224K->46289K(2040832K), 0.0111877 secs] [Times: user=0.13 sys=0.00, real=0.01 secs] 
2020-09-29T17:52:38.781+0200: 24.492: [GC (Allocation Failure) [PSYoungGen: 616261K->55717K(641536K)] 632017K->71473K(2039808K), 0.0182540 secs] [Times: user=0.13 sys=0.00, real=0.02 secs] 
2020-09-29T17:52:38.850+0200: 24.561: [GC (Allocation Failure) [PSYoungGen: 641445K->24484K(633344K)] 657201K->40240K(2031616K), 0.0098960 secs] [Times: user=0.00 sys=0.00, real=0.01 secs] 
2020-09-29T17:52:38.912+0200: 24.623: [GC (Allocation Failure) [PSYoungGen: 600484K->20900K(596992K)] 616240K->36656K(1995264K), 0.0080449 secs] [Times: user=0.00 sys=0.00, real=0.01 secs] 
2020-09-29T17:52:38.970+0200: 24.681: [GC (Allocation Failure) [PSYoungGen: 596900K->36389K(639488K)] 612656K->52145K(2037760K), 0.0129883 secs] [Times: user=0.13 sys=0.00, real=0.01 secs] 
2020-09-29T17:52:39.034+0200: 24.745: [GC (Allocation Failure) [PSYoungGen: 613925K->39685K(636928K)] 629681K->55441K(2035200K), 0.0132711 secs] [Times: user=0.13 sys=0.00, real=0.01 secs] 
2020-09-29T17:52:39.097+0200: 24.808: [GC (Allocation Failure) [PSYoungGen: 617221K->42628K(639488K)] 632977K->58384K(2037760K), 0.0147841 secs] [Times: user=0.13 sys=0.00, real=0.01 secs] 
2020-09-29T17:52:39.161+0200: 24.872: [GC (Allocation Failure) [PSYoungGen: 623748K->21443K(602624K)] 639504K->37199K(2000896K), 0.0082425 secs] [Times: user=0.00 sys=0.00, real=0.01 secs] 
2020-09-29T17:52:39.220+0200: 24.931: [GC (Allocation Failure) [PSYoungGen: 602563K->10978K(636416K)] 618319K->26734K(2034688K), 0.0052891 secs] [Times: user=0.13 sys=0.00, real=0.00 secs] 
2020-09-29T17:52:39.274+0200: 24.985: [GC (Allocation Failure) [PSYoungGen: 588002K->40997K(637952K)] 603758K->56753K(2036224K), 0.0139489 secs] [Times: user=0.13 sys=0.00, real=0.01 secs] 
2020-09-29T17:52:39.339+0200: 25.051: [GC (Allocation Failure) [PSYoungGen: 618021K->43717K(635904K)] 633777K->59473K(2034176K), 0.0141591 secs] [Times: user=0.13 sys=0.00, real=0.01 secs] 
2020-09-29T17:52:39.403+0200: 25.114: [GC (Allocation Failure) [PSYoungGen: 618693K->29509K(636928K)] 634449K->45265K(2035200K), 0.0106805 secs] [Times: user=0.13 sys=0.00, real=0.01 secs] 
2020-09-29T17:52:39.463+0200: 25.174: [GC (Allocation Failure) [PSYoungGen: 604485K->29027K(640000K)] 620241K->44783K(2038272K), 0.0113401 secs] [Times: user=0.13 sys=0.00, real=0.01 secs] 
2020-09-29T17:52:39.524+0200: 25.235: [GC (Allocation Failure) [PSYoungGen: 608611K->47108K(627200K)] 624367K->62864K(2025472K), 0.0161242 secs] [Times: user=0.13 sys=0.00, real=0.02 secs] 
2020-09-29T17:52:39.591+0200: 25.302: [GC (Allocation Failure) [PSYoungGen: 626692K->52485K(629760K)] 642448K->68241K(2028032K), 0.0193134 secs] [Times: user=0.11 sys=0.00, real=0.02 secs] 
2020-09-29T17:52:39.660+0200: 25.371: [GC (Allocation Failure) [PSYoungGen: 621317K->30788K(633856K)] 637073K->46544K(2032128K), 0.0110647 secs] [Times: user=0.13 sys=0.00, real=0.01 secs] 
2020-09-29T17:52:39.720+0200: 25.431: [GC (Allocation Failure) [PSYoungGen: 599620K->39045K(637440K)] 615376K->54801K(2035712K), 0.0133237 secs] [Times: user=0.13 sys=0.00, real=0.01 secs] 
2020-09-29T17:52:39.785+0200: 25.496: [GC (Allocation Failure) [PSYoungGen: 613509K->38596K(635904K)] 629265K->54352K(2034176K), 0.0139809 secs] [Times: user=0.11 sys=0.00, real=0.01 secs] 
2020-09-29T17:52:39.850+0200: 25.561: [GC (Allocation Failure) [PSYoungGen: 613060K->38789K(640512K)] 628816K->54545K(2038784K), 0.0133804 secs] [Times: user=0.00 sys=0.00, real=0.01 secs] 
2020-09-29T17:52:39.913+0200: 25.624: [GC (Allocation Failure) [PSYoungGen: 619397K->31461K(638976K)] 635153K->47217K(2037248K), 0.0108903 secs] [Times: user=0.00 sys=0.00, real=0.01 secs] 
2020-09-29T17:52:39.974+0200: 25.685: [GC (Allocation Failure) [PSYoungGen: 612069K->51493K(634368K)] 627825K->67249K(2032640K), 0.0170762 secs] [Times: user=0.13 sys=0.00, real=0.02 secs] 
2020-09-29T17:52:40.041+0200: 25.752: [GC (Allocation Failure) [PSYoungGen: 628517K->40549K(637952K)] 644273K->56305K(2036224K), 0.0139417 secs] [Times: user=0.13 sys=0.00, real=0.01 secs] 
2020-09-29T17:52:40.105+0200: 25.816: [GC (Allocation Failure) [PSYoungGen: 617573K->40900K(640512K)] 633329K->56656K(2038784K), 0.0158386 secs] [Times: user=0.11 sys=0.00, real=0.02 secs] 
2020-09-29T17:52:40.171+0200: 25.882: [GC (Allocation Failure) [PSYoungGen: 622020K->34117K(639488K)] 637776K->49873K(2037760K), 0.0116888 secs] [Times: user=0.13 sys=0.00, real=0.01 secs] 
2020-09-29T17:52:40.232+0200: 25.944: [GC (Allocation Failure) [PSYoungGen: 615237K->40932K(642560K)] 630993K->56688K(2040832K), 0.0141434 secs] [Times: user=0.13 sys=0.00, real=0.01 secs] 
2020-09-29T17:52:40.297+0200: 26.008: [GC (Allocation Failure) [PSYoungGen: 626148K->37892K(641536K)] 641904K->53648K(2039808K), 0.0136937 secs] [Times: user=0.13 sys=0.00, real=0.01 secs] 
2020-09-29T17:52:40.363+0200: 26.074: [GC (Allocation Failure) [PSYoungGen: 623108K->35077K(645120K)] 638864K->50833K(2043392K), 0.0123955 secs] [Times: user=0.11 sys=0.01, real=0.01 secs] 
2020-09-29T17:52:40.427+0200: 26.138: [GC (Allocation Failure) [PSYoungGen: 625413K->22276K(644096K)] 641169K->38032K(2042368K), 0.0081865 secs] [Times: user=0.00 sys=0.00, real=0.01 secs] 
2020-09-29T17:52:40.485+0200: 26.197: [GC (Allocation Failure) [PSYoungGen: 612612K->52101K(635904K)] 628368K->67857K(2034176K), 0.0172252 secs] [Times: user=0.13 sys=0.00, real=0.02 secs] 
2020-09-29T17:52:40.554+0200: 26.265: [GC (Allocation Failure) [PSYoungGen: 633221K->17027K(598528K)] 648977K->32783K(1996800K), 0.0080429 secs] [Times: user=0.00 sys=0.00, real=0.01 secs] 
2020-09-29T17:52:40.613+0200: 26.325: [GC (Allocation Failure) [PSYoungGen: 598147K->35652K(641024K)] 613903K->51408K(2039296K), 0.0153417 secs] [Times: user=0.11 sys=0.00, real=0.02 secs] 
2020-09-29T17:52:40.678+0200: 26.390: [GC (Allocation Failure) [PSYoungGen: 616260K->41989K(638464K)] 632016K->57745K(2036736K), 0.0136277 secs] [Times: user=0.00 sys=0.02, real=0.01 secs] 
2020-09-29T17:52:40.741+0200: 26.453: [GC (Allocation Failure) [PSYoungGen: 622597K->48389K(635904K)] 638353K->64145K(2034176K), 0.0161543 secs] [Times: user=0.13 sys=0.00, real=0.02 secs] 
2020-09-29T17:52:40.807+0200: 26.519: [GC (Allocation Failure) [PSYoungGen: 626437K->37764K(638464K)] 642193K->53520K(2036736K), 0.0132493 secs] [Times: user=0.13 sys=0.00, real=0.01 secs] 
2020-09-29T17:52:40.870+0200: 26.581: [GC (Allocation Failure) [PSYoungGen: 615812K->41509K(641536K)] 631568K->57265K(2039808K), 0.0140875 secs] [Times: user=0.13 sys=0.00, real=0.01 secs] 
2020-09-29T17:52:40.933+0200: 26.645: [GC (Allocation Failure) [PSYoungGen: 625189K->36772K(641024K)] 640945K->52528K(2039296K), 0.0130500 secs] [Times: user=0.13 sys=0.00, real=0.01 secs] 
2020-09-29T17:52:40.997+0200: 26.709: [GC (Allocation Failure) [PSYoungGen: 620452K->32517K(644096K)] 636208K->48273K(2042368K), 0.0155334 secs] [Times: user=0.13 sys=0.00, real=0.02 secs] 
2020-09-29T17:52:41.064+0200: 26.776: [GC (Allocation Failure) [PSYoungGen: 620805K->32100K(643072K)] 636561K->47856K(2041344K), 0.0159862 secs] [Times: user=0.13 sys=0.00, real=0.02 secs] 
2020-09-29T17:52:41.131+0200: 26.843: [GC (Allocation Failure) [PSYoungGen: 620388K->31876K(645632K)] 636144K->47632K(2043904K), 0.0155980 secs] [Times: user=0.13 sys=0.00, real=0.02 secs] 
2020-09-29T17:52:41.199+0200: 26.911: [GC (Allocation Failure) [PSYoungGen: 623236K->19108K(644608K)] 638992K->34864K(2042880K), 0.0096622 secs] [Times: user=0.13 sys=0.00, real=0.01 secs] 
2020-09-29T17:52:41.263+0200: 26.975: [GC (Allocation Failure) [PSYoungGen: 610468K->21764K(643584K)] 626224K->37520K(2041856K), 0.0115237 secs] [Times: user=0.13 sys=0.00, real=0.01 secs] 
2020-09-29T17:52:41.330+0200: 27.042: [GC (Allocation Failure) [PSYoungGen: 611076K->36837K(644096K)] 626832K->52593K(2042368K), 0.0170442 secs] [Times: user=0.13 sys=0.00, real=0.02 secs] 
2020-09-29T17:52:41.401+0200: 27.112: [GC (Allocation Failure) [PSYoungGen: 626149K->38277K(645120K)] 641905K->54033K(2043392K), 0.0177509 secs] [Times: user=0.13 sys=0.00, real=0.02 secs] 
2020-09-29T17:52:41.469+0200: 27.181: [GC (Allocation Failure) [PSYoungGen: 629637K->41733K(633344K)] 645393K->57489K(2031616K), 0.0193975 secs] [Times: user=0.13 sys=0.00, real=0.02 secs] 
2020-09-29T17:52:41.541+0200: 27.253: [GC (Allocation Failure) [PSYoungGen: 633093K->45093K(640512K)] 648849K->60849K(2038784K), 0.0208663 secs] [Times: user=0.13 sys=0.00, real=0.02 secs] 
2020-09-29T17:52:41.616+0200: 27.328: [GC (Allocation Failure) [PSYoungGen: 631333K->43493K(629760K)] 647089K->59249K(2028032K), 0.0225463 secs] [Times: user=0.11 sys=0.00, real=0.02 secs] 
2020-09-29T17:52:41.692+0200: 27.404: [GC (Allocation Failure) [PSYoungGen: 629733K->41797K(642048K)] 645489K->57553K(2040320K), 0.0193907 secs] [Times: user=0.13 sys=0.00, real=0.02 secs] 
2020-09-29T17:52:41.765+0200: 27.477: [GC (Allocation Failure) [PSYoungGen: 626501K->52293K(637440K)] 642257K->68049K(2035712K), 0.0235601 secs] [Times: user=0.23 sys=0.00, real=0.02 secs] 
2020-09-29T17:52:41.843+0200: 27.554: [GC (Allocation Failure) [PSYoungGen: 636997K->49061K(634368K)] 652753K->64817K(2032640K), 0.0231103 secs] [Times: user=0.25 sys=0.00, real=0.02 secs] 
2020-09-29T17:52:41.916+0200: 27.627: [GC (Allocation Failure) [PSYoungGen: 623013K->48773K(623104K)] 638769K->64529K(2021376K), 0.0214342 secs] [Times: user=0.13 sys=0.00, real=0.02 secs] 
2020-09-29T17:52:41.988+0200: 27.700: [GC (Allocation Failure) [PSYoungGen: 622725K->34789K(636928K)] 638481K->50545K(2035200K), 0.0159310 secs] [Times: user=0.25 sys=0.00, real=0.02 secs] 
2020-09-29T17:52:42.054+0200: 27.766: [GC (Allocation Failure) [PSYoungGen: 608229K->44804K(635392K)] 623985K->60560K(2033664K), 0.0212820 secs] [Times: user=0.13 sys=0.00, real=0.02 secs] 
2020-09-29T17:52:42.125+0200: 27.837: [GC (Allocation Failure) [PSYoungGen: 618244K->44005K(637952K)] 634000K->59761K(2036224K), 0.0204056 secs] [Times: user=0.25 sys=0.00, real=0.02 secs] 
2020-09-29T17:52:42.194+0200: 27.906: [GC (Allocation Failure) [PSYoungGen: 620005K->45829K(636928K)] 635761K->61585K(2035200K), 0.0206767 secs] [Times: user=0.13 sys=0.00, real=0.02 secs] 
2020-09-29T17:52:42.266+0200: 27.978: [GC (Allocation Failure) [PSYoungGen: 621829K->47461K(637952K)] 637585K->63217K(2036224K), 0.0215297 secs] [Times: user=0.25 sys=0.00, real=0.02 secs] 
2020-09-29T17:52:42.336+0200: 28.048: [GC (Allocation Failure) [PSYoungGen: 624485K->36517K(637952K)] 640241K->52273K(2036224K), 0.0168007 secs] [Times: user=0.13 sys=0.00, real=0.02 secs] 
2020-09-29T17:52:42.404+0200: 28.116: [GC (Allocation Failure) [PSYoungGen: 613541K->39301K(640000K)] 629297K->55057K(2038272K), 0.0176206 secs] [Times: user=0.13 sys=0.00, real=0.02 secs] 
2020-09-29T17:52:42.473+0200: 28.185: [GC (Allocation Failure) [PSYoungGen: 619397K->14819K(594944K)] 635153K->30575K(1993216K), 0.0082135 secs] [Times: user=0.00 sys=0.00, real=0.01 secs] 
2020-09-29T17:52:42.530+0200: 28.242: [GC (Allocation Failure) [PSYoungGen: 594915K->34373K(638976K)] 610671K->50129K(2037248K), 0.0159687 secs] [Times: user=0.13 sys=0.00, real=0.02 secs] 
2020-09-29T17:52:42.597+0200: 28.309: [GC (Allocation Failure) [PSYoungGen: 611909K->37540K(637440K)] 627665K->53296K(2035712K), 0.0201150 secs] [Times: user=0.22 sys=0.00, real=0.02 secs] 
2020-09-29T17:52:42.675+0200: 28.387: [GC (Allocation Failure) [PSYoungGen: 615076K->39012K(642560K)] 630832K->54768K(2040832K), 0.0189184 secs] [Times: user=0.25 sys=0.00, real=0.02 secs] 
2020-09-29T17:52:42.747+0200: 28.459: [GC (Allocation Failure) [PSYoungGen: 623716K->34051K(641024K)] 639472K->49807K(2039296K), 0.0179530 secs] [Times: user=0.13 sys=0.00, real=0.02 secs] 
2020-09-29T17:52:42.816+0200: 28.528: [GC (Allocation Failure) [PSYoungGen: 618755K->29925K(644096K)] 634511K->45681K(2042368K), 0.0143786 secs] [Times: user=0.13 sys=0.00, real=0.01 secs] 
2020-09-29T17:52:42.880+0200: 28.592: [GC (Allocation Failure) [PSYoungGen: 618725K->29220K(643584K)] 634481K->44976K(2041856K), 0.0152732 secs] [Times: user=0.13 sys=0.00, real=0.02 secs] 
2020-09-29T17:52:42.946+0200: 28.658: [GC (Allocation Failure) [PSYoungGen: 618020K->43813K(642560K)] 633776K->59569K(2040832K), 0.0199803 secs] [Times: user=0.13 sys=0.00, real=0.02 secs] 
2020-09-29T17:52:43.020+0200: 28.732: [GC (Allocation Failure) [PSYoungGen: 632101K->30052K(643584K)] 647857K->45808K(2041856K), 0.0145834 secs] [Times: user=0.13 sys=0.00, real=0.02 secs] 
2020-09-29T17:52:43.091+0200: 28.803: [GC (Allocation Failure) [PSYoungGen: 618340K->14468K(640000K)] 634096K->30224K(2038272K), 0.0077395 secs] [Times: user=0.13 sys=0.00, real=0.01 secs] 
2020-09-29T17:52:43.155+0200: 28.867: [GC (Allocation Failure) [PSYoungGen: 599684K->52805K(638464K)] 615440K->68561K(2036736K), 0.0238730 secs] [Times: user=0.25 sys=0.00, real=0.02 secs] 
2020-09-29T17:52:43.229+0200: 28.941: [GC (Allocation Failure) [PSYoungGen: 638021K->36356K(640000K)] 653777K->52112K(2038272K), 0.0173503 secs] [Times: user=0.13 sys=0.00, real=0.02 secs] 
2020-09-29T17:52:43.297+0200: 29.009: [GC (Allocation Failure) [PSYoungGen: 615940K->12866K(638464K)] 631696K->28622K(2036736K), 0.0086352 secs] [Times: user=0.13 sys=0.00, real=0.01 secs] 
2020-09-29T17:52:43.362+0200: 29.074: [GC (Allocation Failure) [PSYoungGen: 592450K->14403K(636416K)] 608206K->30159K(2034688K), 0.0081382 secs] [Times: user=0.13 sys=0.00, real=0.01 secs] 
2020-09-29T17:52:43.421+0200: 29.133: [GC (Allocation Failure) [PSYoungGen: 590403K->43493K(619520K)] 606159K->59249K(2017792K), 0.0203971 secs] [Times: user=0.13 sys=0.00, real=0.02 secs] 
2020-09-29T17:52:43.496+0200: 29.207: [GC (Allocation Failure) [PSYoungGen: 619493K->31557K(638976K)] 635249K->47313K(2037248K), 0.0148256 secs] [Times: user=0.13 sys=0.00, real=0.01 secs] 
2020-09-29T17:52:43.562+0200: 29.273: [GC (Allocation Failure) [PSYoungGen: 608069K->32004K(636416K)] 623825K->47760K(2034688K), 0.0159467 secs] [Times: user=0.13 sys=0.00, real=0.02 secs] 
2020-09-29T17:52:43.636+0200: 29.347: [GC (Allocation Failure) [PSYoungGen: 608516K->34341K(643584K)] 624272K->50097K(2041856K), 0.0181582 secs] [Times: user=0.11 sys=0.00, real=0.02 secs] 
2020-09-29T17:52:43.706+0200: 29.417: [GC (Allocation Failure) [PSYoungGen: 620581K->45188K(631808K)] 636337K->60944K(2030080K), 0.0223660 secs] [Times: user=0.25 sys=0.00, real=0.02 secs] 
2020-09-29T17:52:43.781+0200: 29.492: [GC (Allocation Failure) [PSYoungGen: 631428K->43525K(638976K)] 647184K->59281K(2037248K), 0.0203125 secs] [Times: user=0.13 sys=0.00, real=0.02 secs] 
2020-09-29T17:52:43.854+0200: 29.565: [GC (Allocation Failure) [PSYoungGen: 624645K->36677K(640000K)] 640401K->52433K(2038272K), 0.0168017 secs] [Times: user=0.13 sys=0.00, real=0.02 secs] 
2020-09-29T17:52:43.923+0200: 29.634: [GC (Allocation Failure) [PSYoungGen: 617797K->57285K(630272K)] 633553K->73041K(2028544K), 0.0255347 secs] [Times: user=0.25 sys=0.00, real=0.02 secs] 
2020-09-29T17:52:43.997+0200: 29.708: [GC (Allocation Failure) [PSYoungGen: 630213K->41348K(635904K)] 645969K->57104K(2034176K), 0.0198472 secs] [Times: user=0.13 sys=0.00, real=0.02 secs] 
2020-09-29T17:52:44.066+0200: 29.777: [GC (Allocation Failure) [PSYoungGen: 614276K->40101K(638464K)] 630032K->55857K(2036736K), 0.0188072 secs] [Times: user=0.25 sys=0.00, real=0.02 secs] 
2020-09-29T17:52:44.134+0200: 29.845: [GC (Allocation Failure) [PSYoungGen: 616613K->40452K(636928K)] 632369K->56208K(2035200K), 0.0198694 secs] [Times: user=0.13 sys=0.00, real=0.02 secs] 
2020-09-29T17:52:44.203+0200: 29.914: [GC (Allocation Failure) [PSYoungGen: 616964K->27843K(640000K)] 632720K->43599K(2038272K), 0.0151245 secs] [Times: user=0.13 sys=0.00, real=0.01 secs] 
2020-09-29T17:52:44.269+0200: 29.980: [GC (Allocation Failure) [PSYoungGen: 608451K->17892K(598528K)] 624207K->33648K(1996800K), 0.0093401 secs] [Times: user=0.13 sys=0.00, real=0.01 secs] 
2020-09-29T17:52:44.330+0200: 30.041: [GC (Allocation Failure) [PSYoungGen: 598500K->23909K(639488K)] 614256K->39665K(2037760K), 0.0119342 secs] [Times: user=0.13 sys=0.00, real=0.01 secs] 
2020-09-29T17:52:44.392+0200: 30.103: [GC (Allocation Failure) [PSYoungGen: 603493K->29156K(638976K)] 619249K->44912K(2037248K), 0.0138873 secs] [Times: user=0.13 sys=0.00, real=0.01 secs] 
2020-09-29T17:52:44.464+0200: 30.175: [GC (Allocation Failure) [PSYoungGen: 608740K->33732K(643584K)] 624496K->49488K(2041856K), 0.0163305 secs] [Times: user=0.13 sys=0.00, real=0.02 secs] 
2020-09-29T17:52:44.532+0200: 30.243: [GC (Allocation Failure) [PSYoungGen: 619460K->31589K(641024K)] 635216K->47345K(2039296K), 0.0151294 secs] [Times: user=0.13 sys=0.00, real=0.01 secs] 
2020-09-29T17:52:44.607+0200: 30.319: [GC (Allocation Failure) [PSYoungGen: 617317K->29028K(646656K)] 633073K->44784K(2044928K), 0.0156749 secs] [Times: user=0.11 sys=0.00, real=0.02 secs] 
2020-09-29T17:52:44.676+0200: 30.387: [GC (Allocation Failure) [PSYoungGen: 621924K->47685K(641024K)] 637680K->63441K(2039296K), 0.0216545 secs] [Times: user=0.25 sys=0.00, real=0.02 secs] 
2020-09-29T17:52:44.748+0200: 30.459: [GC (Allocation Failure) [PSYoungGen: 640581K->52677K(633856K)] 656337K->68433K(2032128K), 0.0238276 secs] [Times: user=0.25 sys=0.00, real=0.02 secs] 
2020-09-29T17:52:44.823+0200: 30.534: [GC (Allocation Failure) [PSYoungGen: 630725K->41892K(638464K)] 646481K->57648K(2036736K), 0.0199769 secs] [Times: user=0.13 sys=0.00, real=0.02 secs] 
2020-09-29T17:52:44.892+0200: 30.603: [GC (Allocation Failure) [PSYoungGen: 619940K->45637K(637440K)] 635696K->61393K(2035712K), 0.0213547 secs] [Times: user=0.25 sys=0.00, real=0.02 secs] 
2020-09-29T17:52:44.963+0200: 30.674: [GC (Allocation Failure) [PSYoungGen: 622661K->34821K(637952K)] 638417K->50577K(2036224K), 0.0163726 secs] [Times: user=0.13 sys=0.00, real=0.02 secs] 
2020-09-29T17:52:45.031+0200: 30.742: [GC (Allocation Failure) [PSYoungGen: 611845K->51301K(633344K)] 627601K->67057K(2031616K), 0.0231031 secs] [Times: user=0.25 sys=0.00, real=0.02 secs] 
2020-09-29T17:52:45.104+0200: 30.815: [GC (Allocation Failure) [PSYoungGen: 625253K->37156K(636416K)] 641009K->52912K(2034688K), 0.0179269 secs] [Times: user=0.13 sys=0.00, real=0.02 secs] 
2020-09-29T17:52:45.172+0200: 30.883: [GC (Allocation Failure) [PSYoungGen: 611108K->35620K(640000K)] 626864K->51376K(2038272K), 0.0174538 secs] [Times: user=0.13 sys=0.00, real=0.02 secs] 
2020-09-29T17:52:45.243+0200: 30.954: [GC (Allocation Failure) [PSYoungGen: 615204K->40997K(638464K)] 630960K->56753K(2036736K), 0.0185970 secs] [Times: user=0.13 sys=0.00, real=0.02 secs] 
2020-09-29T17:52:45.312+0200: 31.024: [GC (Allocation Failure) [PSYoungGen: 619824K->28292K(641536K)] 635580K->44048K(2039808K), 0.0139288 secs] [Times: user=0.13 sys=0.00, real=0.01 secs] 
2020-09-29T17:52:45.378+0200: 31.089: [GC (Allocation Failure) [PSYoungGen: 611972K->24005K(641024K)] 627728K->39761K(2039296K), 0.0108210 secs] [Times: user=0.13 sys=0.00, real=0.01 secs] 
2020-09-29T17:52:45.449+0200: 31.160: [GC (Allocation Failure) [PSYoungGen: 607685K->32964K(642560K)] 623441K->48720K(2040832K), 0.0163720 secs] [Times: user=0.13 sys=0.00, real=0.02 secs] 
2020-09-29T17:52:45.517+0200: 31.228: [GC (Allocation Failure) [PSYoungGen: 617668K->43429K(641024K)] 633424K->59185K(2039296K), 0.0204079 secs] [Times: user=0.23 sys=0.00, real=0.02 secs] 
2020-09-29T17:52:45.589+0200: 31.300: [GC (Allocation Failure) [PSYoungGen: 628133K->40197K(642560K)] 643889K->55953K(2040832K), 0.0203558 secs] [Times: user=0.11 sys=0.00, real=0.02 secs] 
2020-09-29T17:52:45.663+0200: 31.374: [GC (Allocation Failure) [PSYoungGen: 625925K->38021K(642048K)] 641681K->53777K(2040320K), 0.0182225 secs] [Times: user=0.13 sys=0.00, real=0.02 secs] 
2020-09-29T17:52:45.732+0200: 31.443: [GC (Allocation Failure) [PSYoungGen: 623749K->49509K(637952K)] 639505K->65265K(2036224K), 0.0223128 secs] [Times: user=0.13 sys=0.00, real=0.02 secs] 
2020-09-29T17:52:45.806+0200: 31.517: [GC (Allocation Failure) [PSYoungGen: 632677K->31077K(641024K)] 648433K->46833K(2039296K), 0.0136241 secs] [Times: user=0.13 sys=0.00, real=0.01 secs] 
2020-09-29T17:52:45.872+0200: 31.583: [GC (Allocation Failure) [PSYoungGen: 614245K->24068K(641024K)] 630001K->39824K(2039296K), 0.0130032 secs] [Times: user=0.13 sys=0.00, real=0.01 secs] 
2020-09-29T17:52:45.935+0200: 31.646: [GC (Allocation Failure) [PSYoungGen: 608260K->34021K(641536K)] 624016K->49777K(2039808K), 0.0162364 secs] [Times: user=0.13 sys=0.00, real=0.02 secs] 
2020-09-29T17:52:46.002+0200: 31.713: [GC (Allocation Failure) [PSYoungGen: 618213K->30213K(644096K)] 633969K->45969K(2042368K), 0.0147541 secs] [Times: user=0.13 sys=0.00, real=0.01 secs] 
2020-09-29T17:52:46.072+0200: 31.783: [GC (Allocation Failure) [PSYoungGen: 618501K->30661K(643072K)] 634257K->46417K(2041344K), 0.0161489 secs] [Times: user=0.13 sys=0.00, real=0.02 secs] 
2020-09-29T17:52:46.148+0200: 31.859: [GC (Allocation Failure) [PSYoungGen: 618949K->44709K(642048K)] 634705K->60465K(2040320K), 0.0233722 secs] [Times: user=0.13 sys=0.00, real=0.02 secs] 
2020-09-29T17:52:46.222+0200: 31.933: [GC (Allocation Failure) [PSYoungGen: 632997K->41669K(630272K)] 648753K->57425K(2028544K), 0.0231903 secs] [Times: user=0.25 sys=0.00, real=0.02 secs] 
2020-09-29T17:52:46.295+0200: 32.006: [GC (Allocation Failure) [PSYoungGen: 629957K->27812K(643584K)] 645713K->43568K(2041856K), 0.0157493 secs] [Times: user=0.13 sys=0.00, real=0.02 secs] 
2020-09-29T17:52:46.367+0200: 32.078: [GC (Allocation Failure) [PSYoungGen: 615588K->41380K(643072K)] 631344K->57136K(2041344K), 0.0226207 secs] [Times: user=0.13 sys=0.00, real=0.02 secs] 
2020-09-29T17:52:46.446+0200: 32.157: [GC (Allocation Failure) [PSYoungGen: 629156K->27524K(644096K)] 644912K->43280K(2042368K), 0.0147880 secs] [Times: user=0.13 sys=0.00, real=0.01 secs] 
2020-09-29T17:52:46.514+0200: 32.225: [GC (Allocation Failure) [PSYoungGen: 616324K->54757K(643584K)] 632080K->71393K(2041856K), 0.0289108 secs] [Times: user=0.23 sys=0.00, real=0.03 secs] 
2020-09-29T17:52:46.596+0200: 32.307: [GC (Allocation Failure) [PSYoungGen: 643557K->42949K(633344K)] 660193K->59585K(2031616K), 0.0241716 secs] [Times: user=0.22 sys=0.00, real=0.02 secs] 
2020-09-29T17:52:46.674+0200: 32.386: [GC (Allocation Failure) [PSYoungGen: 620997K->32421K(638464K)] 637633K->49057K(2036736K), 0.0173813 secs] [Times: user=0.13 sys=0.00, real=0.02 secs] 
2020-09-29T17:52:46.744+0200: 32.455: [GC (Allocation Failure) [PSYoungGen: 610469K->21251K(638976K)] 627105K->37887K(2037248K), 0.0131802 secs] [Times: user=0.13 sys=0.00, real=0.01 secs] 
2020-09-29T17:52:46.819+0200: 32.530: [GC (Allocation Failure) [PSYoungGen: 601347K->40837K(639488K)] 617983K->57473K(2037760K), 0.0231758 secs] [Times: user=0.13 sys=0.00, real=0.02 secs] 
2020-09-29T17:52:46.894+0200: 32.606: [GC (Allocation Failure) [PSYoungGen: 620933K->32965K(641536K)] 637569K->49601K(2039808K), 0.0176964 secs] [Times: user=0.14 sys=0.02, real=0.02 secs] 
2020-09-29T17:52:46.966+0200: 32.678: [GC (Allocation Failure) [PSYoungGen: 615109K->40805K(639488K)] 631745K->57441K(2037760K), 0.0220983 secs] [Times: user=0.11 sys=0.00, real=0.02 secs] 
2020-09-29T17:52:47.046+0200: 32.758: [GC (Allocation Failure) [PSYoungGen: 622949K->48741K(637440K)] 639585K->65377K(2035712K), 0.0263492 secs] [Times: user=0.22 sys=0.00, real=0.03 secs] 
2020-09-29T17:52:47.123+0200: 32.835: [GC (Allocation Failure) [PSYoungGen: 628837K->40869K(639488K)] 645473K->57505K(2037760K), 0.0233162 secs] [Times: user=0.22 sys=0.00, real=0.02 secs] 
2020-09-29T17:52:47.202+0200: 32.914: [GC (Allocation Failure) [PSYoungGen: 620965K->32900K(641536K)] 637601K->49536K(2039808K), 0.0182181 secs] [Times: user=0.13 sys=0.00, real=0.02 secs] 
2020-09-29T17:52:47.271+0200: 32.983: [GC (Allocation Failure) [PSYoungGen: 615556K->26084K(640000K)] 632192K->42720K(2038272K), 0.0153567 secs] [Times: user=0.13 sys=0.00, real=0.02 secs] 
2020-09-29T17:52:47.339+0200: 33.051: [GC (Allocation Failure) [PSYoungGen: 608740K->32805K(643072K)] 625376K->49441K(2041344K), 0.0178871 secs] [Times: user=0.13 sys=0.00, real=0.02 secs] 
2020-09-29T17:52:47.412+0200: 33.124: [GC (Allocation Failure) [PSYoungGen: 618533K->44261K(641536K)] 635169K->60897K(2039808K), 0.0239550 secs] [Times: user=0.13 sys=0.00, real=0.02 secs] 
2020-09-29T17:52:47.499+0200: 33.210: [GC (Allocation Failure) [PSYoungGen: 629989K->27236K(642048K)] 646625K->43872K(2040320K), 0.0161674 secs] [Times: user=0.13 sys=0.00, real=0.02 secs] 
2020-09-29T17:52:47.569+0200: 33.280: [GC (Allocation Failure) [PSYoungGen: 612452K->37412K(642048K)] 629088K->54048K(2040320K), 0.0235616 secs] [Times: user=0.11 sys=0.00, real=0.02 secs] 
2020-09-29T17:52:47.646+0200: 33.357: [GC (Allocation Failure) [PSYoungGen: 622628K->33220K(645120K)] 639264K->49856K(2043392K), 0.0206470 secs] [Times: user=0.11 sys=0.00, real=0.02 secs] 
2020-09-29T17:52:47.720+0200: 33.431: [GC (Allocation Failure) [PSYoungGen: 623044K->19748K(643584K)] 639680K->36384K(2041856K), 0.0111817 secs] [Times: user=0.13 sys=0.00, real=0.01 secs] 
2020-09-29T17:52:47.787+0200: 33.498: [GC (Allocation Failure) [PSYoungGen: 609572K->21669K(644096K)] 626208K->38305K(2042368K), 0.0108367 secs] [Times: user=0.00 sys=0.00, real=0.01 secs] 
2020-09-29T17:52:47.864+0200: 33.575: [GC (Allocation Failure) [PSYoungGen: 610981K->36773K(644096K)] 627617K->53409K(2042368K), 0.0192762 secs] [Times: user=0.13 sys=0.00, real=0.02 secs] 
2020-09-29T17:52:47.938+0200: 33.649: [GC (Allocation Failure) [PSYoungGen: 626085K->38181K(645120K)] 642721K->54817K(2043392K), 0.0200979 secs] [Times: user=0.25 sys=0.00, real=0.02 secs] 
2020-09-29T17:52:48.010+0200: 33.721: [GC (Allocation Failure) [PSYoungGen: 629029K->27429K(644608K)] 645665K->44065K(2042880K), 0.0143621 secs] [Times: user=0.13 sys=0.00, real=0.02 secs] 
2020-09-29T17:52:48.089+0200: 33.800: [GC (Allocation Failure) [PSYoungGen: 618277K->44069K(642048K)] 634913K->60705K(2040320K), 0.0229396 secs] [Times: user=0.13 sys=0.00, real=0.02 secs] 
2020-09-29T17:52:48.166+0200: 33.877: [GC (Allocation Failure) [PSYoungGen: 633381K->43941K(633344K)] 650017K->60577K(2031616K), 0.0225590 secs] [Times: user=0.13 sys=0.00, real=0.02 secs] 
2020-09-29T17:52:48.240+0200: 33.951: [GC (Allocation Failure) [PSYoungGen: 633253K->31268K(643584K)] 649889K->47904K(2041856K), 0.0183897 secs] [Times: user=0.13 sys=0.00, real=0.02 secs] 
2020-09-29T17:52:48.312+0200: 34.023: [GC (Allocation Failure) [PSYoungGen: 618532K->15202K(642560K)] 635168K->31838K(2040832K), 0.0118512 secs] [Times: user=0.11 sys=0.00, real=0.01 secs] 
2020-09-29T17:52:48.379+0200: 34.090: [GC (Allocation Failure) [PSYoungGen: 602466K->55589K(630272K)] 619102K->72225K(2028544K), 0.0273625 secs] [Times: user=0.14 sys=0.00, real=0.03 secs] 
2020-09-29T17:52:48.457+0200: 34.168: [GC (Allocation Failure) [PSYoungGen: 629541K->41605K(636416K)] 646177K->58241K(2034688K), 0.0218861 secs] [Times: user=0.25 sys=0.00, real=0.02 secs] 
2020-09-29T17:52:48.531+0200: 34.242: [GC (Allocation Failure) [PSYoungGen: 615557K->41349K(637440K)] 632193K->57985K(2035712K), 0.0224424 secs] [Times: user=0.25 sys=0.00, real=0.02 secs] 
2020-09-29T17:52:48.604+0200: 34.315: [GC (Allocation Failure) [PSYoungGen: 616325K->28036K(636416K)] 632961K->44672K(2034688K), 0.0177144 secs] [Times: user=0.11 sys=0.00, real=0.02 secs] 
2020-09-29T17:52:48.680+0200: 34.391: [GC (Allocation Failure) [PSYoungGen: 603012K->42437K(638464K)] 619648K->59073K(2036736K), 0.0218693 secs] [Times: user=0.13 sys=0.00, real=0.02 secs] 
2020-09-29T17:52:48.751+0200: 34.462: [GC (Allocation Failure) [PSYoungGen: 620485K->29125K(638464K)] 637121K->45761K(2036736K), 0.0160629 secs] [Times: user=0.13 sys=0.00, real=0.02 secs] 
2020-09-29T17:52:48.818+0200: 34.529: [GC (Allocation Failure) [PSYoungGen: 607173K->31203K(641024K)] 623809K->47839K(2039296K), 0.0189934 secs] [Times: user=0.13 sys=0.00, real=0.02 secs] 
2020-09-29T17:52:48.888+0200: 34.599: [GC (Allocation Failure) [PSYoungGen: 612835K->38629K(639488K)] 629471K->55265K(2037760K), 0.0209071 secs] [Times: user=0.13 sys=0.00, real=0.02 secs] 
2020-09-29T17:52:48.960+0200: 34.671: [GC (Allocation Failure) [PSYoungGen: 620261K->32293K(643584K)] 636897K->48929K(2041856K), 0.0182845 secs] [Times: user=0.13 sys=0.00, real=0.02 secs] 
2020-09-29T17:52:49.033+0200: 34.744: [GC (Allocation Failure) [PSYoungGen: 619045K->44837K(642048K)] 635681K->61473K(2040320K), 0.0227957 secs] [Times: user=0.25 sys=0.00, real=0.02 secs] 
2020-09-29T17:52:49.109+0200: 34.821: [GC (Allocation Failure) [PSYoungGen: 631589K->43653K(640000K)] 648225K->60289K(2038272K), 0.0219503 secs] [Times: user=0.25 sys=0.00, real=0.02 secs] 
2020-09-29T17:52:49.188+0200: 34.900: [GC (Allocation Failure) [PSYoungGen: 626821K->23428K(641024K)] 643457K->40064K(2039296K), 0.0126598 secs] [Times: user=0.13 sys=0.00, real=0.01 secs] 
2020-09-29T17:52:49.256+0200: 34.967: [GC (Allocation Failure) [PSYoungGen: 606596K->46021K(637952K)] 623232K->62657K(2036224K), 0.0246704 secs] [Times: user=0.13 sys=0.00, real=0.02 secs] 
2020-09-29T17:52:49.331+0200: 35.042: [GC (Allocation Failure) [PSYoungGen: 626117K->38245K(639488K)] 642753K->54881K(2037760K), 0.0202792 secs] [Times: user=0.25 sys=0.00, real=0.02 secs] 
2020-09-29T17:52:49.403+0200: 35.114: [GC (Allocation Failure) [PSYoungGen: 618341K->44165K(640000K)] 634977K->60801K(2038272K), 0.0231517 secs] [Times: user=0.13 sys=0.00, real=0.02 secs] 
2020-09-29T17:52:49.479+0200: 35.190: [GC (Allocation Failure) [PSYoungGen: 626309K->38373K(640512K)] 642945K->55009K(2038784K), 0.0193289 secs] [Times: user=0.13 sys=0.00, real=0.02 secs] 
2020-09-29T17:52:49.549+0200: 35.260: [GC (Allocation Failure) [PSYoungGen: 620517K->32388K(643072K)] 637153K->49024K(2041344K), 0.0178487 secs] [Times: user=0.13 sys=0.02, real=0.02 secs] 
2020-09-29T17:52:49.622+0200: 35.333: [GC (Allocation Failure) [PSYoungGen: 618628K->30757K(642048K)] 635264K->47393K(2040320K), 0.0169974 secs] [Times: user=0.11 sys=0.00, real=0.02 secs] 
2020-09-29T17:52:49.694+0200: 35.405: [GC (Allocation Failure) [PSYoungGen: 616997K->29125K(644608K)] 633633K->45761K(2042880K), 0.0163255 secs] [Times: user=0.11 sys=0.00, real=0.02 secs] 
2020-09-29T17:52:49.778+0200: 35.489: [GC (Allocation Failure) [PSYoungGen: 618949K->44709K(634880K)] 635585K->61345K(2033152K), 0.0223210 secs] [Times: user=0.13 sys=0.00, real=0.02 secs] 
2020-09-29T17:52:49.853+0200: 35.564: [GC (Allocation Failure) [PSYoungGen: 634533K->46661K(638976K)] 651169K->63297K(2037248K), 0.0238549 secs] [Times: user=0.13 sys=0.00, real=0.02 secs] 
2020-09-29T17:52:49.929+0200: 35.640: [GC (Allocation Failure) [PSYoungGen: 629829K->26884K(641024K)] 646465K->43520K(2039296K), 0.0149463 secs] [Times: user=0.13 sys=0.00, real=0.02 secs] 
2020-09-29T17:52:49.996+0200: 35.707: [GC (Allocation Failure) [PSYoungGen: 610052K->49445K(635392K)] 626688K->66081K(2033664K), 0.0275618 secs] [Times: user=0.24 sys=0.00, real=0.03 secs] 
2020-09-29T17:52:50.076+0200: 35.787: [GC (Allocation Failure) [PSYoungGen: 627493K->25893K(638464K)] 644129K->42529K(2036736K), 0.0127954 secs] [Times: user=0.13 sys=0.00, real=0.01 secs] 
2020-09-29T17:52:50.151+0200: 35.862: [GC (Allocation Failure) [PSYoungGen: 603941K->43365K(637952K)] 620577K->60001K(2036224K), 0.0223525 secs] [Times: user=0.13 sys=0.00, real=0.02 secs] 
2020-09-29T17:52:50.231+0200: 35.943: [GC (Allocation Failure) [PSYoungGen: 621413K->33573K(638464K)] 638049K->50209K(2036736K), 0.0191263 secs] [Times: user=0.13 sys=0.00, real=0.02 secs] 
2020-09-29T17:52:50.301+0200: 36.012: [GC (Allocation Failure) [PSYoungGen: 611621K->37381K(642048K)] 628257K->54017K(2040320K), 0.0201773 secs] [Times: user=0.25 sys=0.00, real=0.02 secs] 
2020-09-29T17:52:50.372+0200: 36.084: [GC (Allocation Failure) [PSYoungGen: 621061K->30532K(640512K)] 637697K->47168K(2038784K), 0.0176313 secs] [Times: user=0.13 sys=0.00, real=0.02 secs] 
2020-09-29T17:52:50.443+0200: 36.154: [GC (Allocation Failure) [PSYoungGen: 614212K->37444K(644608K)] 630848K->54080K(2042880K), 0.0208715 secs] [Times: user=0.13 sys=0.00, real=0.02 secs] 
2020-09-29T17:52:50.513+0200: 36.225: [GC (Allocation Failure) [PSYoungGen: 626244K->21989K(643072K)] 642880K->38625K(2041344K), 0.0129811 secs] [Times: user=0.13 sys=0.00, real=0.01 secs] 
2020-09-29T17:52:50.578+0200: 36.289: [GC (Allocation Failure) [PSYoungGen: 610789K->36517K(645120K)] 627425K->53153K(2043392K), 0.0211496 secs] [Times: user=0.22 sys=0.00, real=0.02 secs] 
2020-09-29T17:52:50.657+0200: 36.368: [GC (Allocation Failure) [PSYoungGen: 626853K->38596K(644096K)] 643489K->55232K(2042368K), 0.0220744 secs] [Times: user=0.25 sys=0.00, real=0.02 secs] 
2020-09-29T17:52:50.731+0200: 36.442: [GC (Allocation Failure) [PSYoungGen: 628932K->41125K(645632K)] 645568K->57761K(2043904K), 0.0237611 secs] [Times: user=0.11 sys=0.00, real=0.02 secs] 
2020-09-29T17:52:50.807+0200: 36.519: [GC (Allocation Failure) [PSYoungGen: 633509K->30884K(645632K)] 650145K->47520K(2043904K), 0.0172816 secs] [Times: user=0.13 sys=0.00, real=0.02 secs] 
2020-09-29T17:52:50.879+0200: 36.591: [GC (Allocation Failure) [PSYoungGen: 623268K->35333K(648192K)] 639904K->51969K(2046464K), 0.0195796 secs] [Times: user=0.14 sys=0.00, real=0.02 secs] 
2020-09-29T17:52:50.950+0200: 36.662: [GC (Allocation Failure) [PSYoungGen: 630789K->29221K(646144K)] 647425K->45857K(2044416K), 0.0162279 secs] [Times: user=0.13 sys=0.00, real=0.02 secs] 
2020-09-29T17:52:51.026+0200: 36.737: [GC (Allocation Failure) [PSYoungGen: 624677K->36740K(649216K)] 641313K->53376K(2047488K), 0.0211409 secs] [Times: user=0.13 sys=0.00, real=0.02 secs] 
2020-09-29T17:52:51.099+0200: 36.810: [GC (Allocation Failure) [PSYoungGen: 635268K->33669K(648192K)] 651904K->50305K(2046464K), 0.0114596 secs] [Times: user=0.00 sys=0.00, real=0.01 secs] 
2020-09-29T17:52:51.161+0200: 36.873: [GC (Allocation Failure) [PSYoungGen: 632197K->29220K(650752K)] 648833K->45856K(2049024K), 0.0102106 secs] [Times: user=0.00 sys=0.00, real=0.01 secs] 
2020-09-29T17:52:51.223+0200: 36.934: [GC (Allocation Failure) [PSYoungGen: 631332K->29733K(650240K)] 647968K->46369K(2048512K), 0.0104636 secs] [Times: user=0.00 sys=0.00, real=0.01 secs] 
2020-09-29T17:52:51.291+0200: 37.003: [GC (Allocation Failure) [PSYoungGen: 631845K->43973K(647168K)] 648481K->60609K(2045440K), 0.0145614 secs] [Times: user=0.13 sys=0.00, real=0.02 secs] 
2020-09-29T17:52:51.357+0200: 37.069: [GC (Allocation Failure) [PSYoungGen: 643525K->41028K(641024K)] 660161K->57664K(2039296K), 0.0146167 secs] [Times: user=0.13 sys=0.00, real=0.01 secs] 
2020-09-29T17:52:51.424+0200: 37.135: [GC (Allocation Failure) [PSYoungGen: 640580K->39013K(648192K)] 657216K->55649K(2046464K), 0.0128987 secs] [Times: user=0.13 sys=0.00, real=0.01 secs] 
2020-09-29T17:52:51.488+0200: 37.199: [GC (Allocation Failure) [PSYoungGen: 636517K->20068K(617984K)] 653153K->36704K(2016256K), 0.0078505 secs] [Times: user=0.13 sys=0.00, real=0.01 secs] 
2020-09-29T17:52:51.547+0200: 37.258: [GC (Allocation Failure) [PSYoungGen: 617572K->43397K(644096K)] 634208K->60033K(2042368K), 0.0140577 secs] [Times: user=0.13 sys=0.00, real=0.01 secs] 
2020-09-29T17:52:51.614+0200: 37.326: [GC (Allocation Failure) [PSYoungGen: 635781K->46148K(638976K)] 652417K->62784K(2037248K), 0.0174596 secs] [Times: user=0.09 sys=0.00, real=0.02 secs] 
2020-09-29T17:52:51.682+0200: 37.393: [GC (Allocation Failure) [PSYoungGen: 638532K->36965K(645120K)] 655168K->53601K(2043392K), 0.0125220 secs] [Times: user=0.13 sys=0.00, real=0.01 secs] 
2020-09-29T17:52:51.745+0200: 37.457: [GC (Allocation Failure) [PSYoungGen: 626277K->52037K(641536K)] 642913K->68673K(2039808K), 0.0174881 secs] [Times: user=0.13 sys=0.00, real=0.02 secs] 
2020-09-29T17:52:51.814+0200: 37.525: [GC (Allocation Failure) [PSYoungGen: 641349K->25028K(639488K)] 657985K->41664K(2037760K), 0.0093683 secs] [Times: user=0.13 sys=0.00, real=0.01 secs] 
2020-09-29T17:52:51.874+0200: 37.585: [GC (Allocation Failure) [PSYoungGen: 607172K->46597K(629248K)] 623808K->63233K(2027520K), 0.0159400 secs] [Times: user=0.13 sys=0.00, real=0.02 secs] 
2020-09-29T17:52:51.941+0200: 37.653: [GC (Allocation Failure) [PSYoungGen: 628741K->40805K(640000K)] 645377K->57441K(2038272K), 0.0140168 secs] [Times: user=0.03 sys=0.00, real=0.01 secs] 
2020-09-29T17:52:52.007+0200: 37.718: [GC (Allocation Failure) [PSYoungGen: 620901K->32740K(638976K)] 637537K->49376K(2037248K), 0.0115512 secs] [Times: user=0.00 sys=0.00, real=0.01 secs] 
2020-09-29T17:52:52.069+0200: 37.781: [GC (Allocation Failure) [PSYoungGen: 612836K->52261K(634880K)] 629472K->68897K(2033152K), 0.0176136 secs] [Times: user=0.13 sys=0.00, real=0.02 secs] 
2020-09-29T17:52:52.137+0200: 37.849: [GC (Allocation Failure) [PSYoungGen: 629285K->27589K(637952K)] 645921K->44225K(2036224K), 0.0093209 secs] [Times: user=0.13 sys=0.00, real=0.01 secs] 
2020-09-29T17:52:52.203+0200: 37.914: [GC (Allocation Failure) [PSYoungGen: 604613K->30405K(638976K)] 621249K->47041K(2037248K), 0.0103547 secs] [Times: user=0.13 sys=0.00, real=0.01 secs] 
2020-09-29T17:52:52.264+0200: 37.976: [GC (Allocation Failure) [PSYoungGen: 608453K->34213K(637952K)] 625089K->50849K(2036224K), 0.0116132 secs] [Times: user=0.13 sys=0.00, real=0.01 secs] 
2020-09-29T17:52:52.326+0200: 38.037: [GC (Allocation Failure) [PSYoungGen: 612261K->38117K(642560K)] 628897K->54753K(2040832K), 0.0130624 secs] [Times: user=0.13 sys=0.00, real=0.01 secs] 
2020-09-29T17:52:52.391+0200: 38.102: [GC (Allocation Failure) [PSYoungGen: 622821K->18307K(641024K)] 639457K->34943K(2039296K), 0.0071921 secs] [Times: user=0.13 sys=0.00, real=0.01 secs] 
2020-09-29T17:52:52.450+0200: 38.162: [GC (Allocation Failure) [PSYoungGen: 603011K->28421K(642560K)] 619647K->45057K(2040832K), 0.0102245 secs] [Times: user=0.13 sys=0.00, real=0.01 secs] 
2020-09-29T17:52:52.513+0200: 38.225: [GC (Allocation Failure) [PSYoungGen: 613125K->38596K(641024K)] 629761K->55232K(2039296K), 0.0134961 secs] [Times: user=0.13 sys=0.00, real=0.01 secs] 
2020-09-29T17:52:52.580+0200: 38.292: [GC (Allocation Failure) [PSYoungGen: 623300K->35429K(644608K)] 639936K->52065K(2042880K), 0.0146531 secs] [Times: user=0.11 sys=0.00, real=0.02 secs] 
2020-09-29T17:52:52.650+0200: 38.361: [GC (Allocation Failure) [PSYoungGen: 624229K->35204K(643072K)] 640865K->51840K(2041344K), 0.0148956 secs] [Times: user=0.13 sys=0.00, real=0.01 secs] 
2020-09-29T17:52:52.718+0200: 38.429: [GC (Allocation Failure) [PSYoungGen: 624004K->34180K(648192K)] 640640K->50816K(2046464K), 0.0127230 secs] [Times: user=0.13 sys=0.00, real=0.01 secs] 
2020-09-29T17:52:52.782+0200: 38.494: [GC (Allocation Failure) [PSYoungGen: 630148K->40484K(646656K)] 646784K->57120K(2044928K), 0.0143657 secs] [Times: user=0.13 sys=0.00, real=0.01 secs] 
2020-09-29T17:52:52.848+0200: 38.560: [GC (Allocation Failure) [PSYoungGen: 636452K->34853K(649216K)] 653088K->51489K(2047488K), 0.0123443 secs] [Times: user=0.00 sys=0.00, real=0.01 secs] 
2020-09-29T17:52:52.912+0200: 38.624: [GC (Allocation Failure) [PSYoungGen: 632869K->30276K(647680K)] 649505K->46912K(2045952K), 0.0112542 secs] [Times: user=0.00 sys=0.00, real=0.01 secs] 
2020-09-29T17:52:52.975+0200: 38.686: [GC (Allocation Failure) [PSYoungGen: 628292K->40453K(648704K)] 644928K->57089K(2046976K), 0.0137928 secs] [Times: user=0.02 sys=0.00, real=0.01 secs] 
2020-09-29T17:52:53.040+0200: 38.751: [GC (Allocation Failure) [PSYoungGen: 640005K->38437K(649216K)] 656641K->55073K(2047488K), 0.0129550 secs] [Times: user=0.13 sys=0.00, real=0.01 secs] 
2020-09-29T17:52:53.105+0200: 38.817: [GC (Allocation Failure) [PSYoungGen: 637989K->35108K(650752K)] 654625K->51744K(2049024K), 0.0133571 secs] [Times: user=0.11 sys=0.00, real=0.01 secs] 
2020-09-29T17:52:53.169+0200: 38.881: [GC (Allocation Failure) [PSYoungGen: 636196K->31812K(649216K)] 652832K->48448K(2047488K), 0.0116140 secs] [Times: user=0.13 sys=0.00, real=0.01 secs] 
2020-09-29T17:52:53.232+0200: 38.943: [GC (Allocation Failure) [PSYoungGen: 632900K->14468K(646144K)] 649536K->31104K(2044416K), 0.0054995 secs] [Times: user=0.00 sys=0.00, real=0.00 secs] 
2020-09-29T17:52:53.289+0200: 39.000: [GC (Allocation Failure) [PSYoungGen: 612996K->23907K(648704K)] 629632K->40543K(2046976K), 0.0093363 secs] [Times: user=0.00 sys=0.00, real=0.01 secs] 
2020-09-29T17:52:53.350+0200: 39.061: [GC (Allocation Failure) [PSYoungGen: 622435K->34500K(649728K)] 639071K->51136K(2048000K), 0.0128652 secs] [Times: user=0.00 sys=0.00, real=0.01 secs] 
2020-09-29T17:52:53.417+0200: 39.128: [GC (Allocation Failure) [PSYoungGen: 634052K->46149K(646144K)] 650688K->62785K(2044416K), 0.0158713 secs] [Times: user=0.13 sys=0.00, real=0.01 secs] 
2020-09-29T17:52:53.488+0200: 39.200: [GC (Allocation Failure) [PSYoungGen: 645701K->30501K(647680K)] 662337K->47137K(2045952K), 0.0102788 secs] [Times: user=0.13 sys=0.00, real=0.01 secs] 
2020-09-29T17:52:53.550+0200: 39.261: [GC (Allocation Failure) [PSYoungGen: 625957K->38021K(646656K)] 642593K->54657K(2044928K), 0.0125113 secs] [Times: user=0.13 sys=0.00, real=0.01 secs] 
2020-09-29T17:52:53.616+0200: 39.327: [GC (Allocation Failure) [PSYoungGen: 633477K->31909K(649216K)] 650113K->48545K(2047488K), 0.0116544 secs] [Times: user=0.00 sys=0.00, real=0.01 secs] 
2020-09-29T17:52:53.679+0200: 39.391: [GC (Allocation Failure) [PSYoungGen: 629925K->28357K(647680K)] 646561K->44993K(2045952K), 0.0092555 secs] [Times: user=0.00 sys=0.00, real=0.01 secs] 
2020-09-29T17:52:53.749+0200: 39.460: [GC (Allocation Failure) [PSYoungGen: 626373K->35460K(650240K)] 643009K->52096K(2048512K), 0.0130196 secs] [Times: user=0.13 sys=0.00, real=0.01 secs] 
2020-09-29T17:52:53.813+0200: 39.525: [GC (Allocation Failure) [PSYoungGen: 636548K->34949K(649728K)] 653184K->51585K(2048000K), 0.0121056 secs] [Times: user=0.13 sys=0.00, real=0.01 secs] 
2020-09-29T17:52:53.878+0200: 39.589: [GC (Allocation Failure) [PSYoungGen: 636037K->20324K(650240K)] 652673K->36960K(2048512K), 0.0081942 secs] [Times: user=0.13 sys=0.00, real=0.01 secs] 
2020-09-29T17:52:53.937+0200: 39.649: [GC (Allocation Failure) [PSYoungGen: 622948K->20195K(623104K)] 639584K->36831K(2021376K), 0.0081634 secs] [Times: user=0.13 sys=0.00, real=0.01 secs] 
2020-09-29T17:52:53.999+0200: 39.711: [GC (Allocation Failure) [PSYoungGen: 622819K->34180K(650752K)] 639455K->50816K(2049024K), 0.0122558 secs] [Times: user=0.13 sys=0.00, real=0.01 secs] 
2020-09-29T17:52:54.064+0200: 39.776: [GC (Allocation Failure) [PSYoungGen: 636151K->18628K(650240K)] 652787K->35264K(2048512K), 0.0070486 secs] [Times: user=0.13 sys=0.00, real=0.01 secs] 
2020-09-29T17:52:54.123+0200: 39.835: [GC (Allocation Failure) [PSYoungGen: 620740K->32164K(651264K)] 637376K->48800K(2049536K), 0.0115006 secs] [Times: user=0.13 sys=0.00, real=0.01 secs] 
2020-09-29T17:52:54.187+0200: 39.898: [GC (Allocation Failure) [PSYoungGen: 634788K->31556K(650240K)] 651424K->48192K(2048512K), 0.0117879 secs] [Times: user=0.13 sys=0.00, real=0.01 secs] 
2020-09-29T17:52:54.250+0200: 39.962: [GC (Allocation Failure) [PSYoungGen: 634180K->32517K(653312K)] 650816K->49153K(2051584K), 0.0117891 secs] [Times: user=0.13 sys=0.00, real=0.01 secs] 
2020-09-29T17:52:54.314+0200: 40.025: [GC (Allocation Failure) [PSYoungGen: 639237K->37701K(652288K)] 655873K->54337K(2050560K), 0.0132200 secs] [Times: user=0.13 sys=0.00, real=0.01 secs] 
2020-09-29T17:52:54.379+0200: 40.091: [GC (Allocation Failure) [PSYoungGen: 644421K->46565K(635904K)] 661057K->73081K(2034176K), 0.0204413 secs] [Times: user=0.11 sys=0.02, real=0.02 secs] 
2020-09-29T17:52:54.450+0200: 40.162: [GC (Allocation Failure) [PSYoungGen: 635877K->14146K(603648K)] 662393K->40662K(2001920K), 0.0066814 secs] [Times: user=0.02 sys=0.00, real=0.01 secs] 
2020-09-29T17:52:54.507+0200: 40.219: [GC (Allocation Failure) [PSYoungGen: 603458K->42852K(640000K)] 629974K->69368K(2038272K), 0.0150585 secs] [Times: user=0.13 sys=0.00, real=0.02 secs] 
2020-09-29T17:52:54.573+0200: 40.285: [GC (Allocation Failure) [PSYoungGen: 627044K->25189K(641536K)] 653560K->51705K(2039808K), 0.0109075 secs] [Times: user=0.11 sys=0.00, real=0.01 secs] 
2020-09-29T17:52:54.640+0200: 40.352: [GC (Allocation Failure) [PSYoungGen: 609381K->35205K(643584K)] 635897K->61721K(2041856K), 0.0120262 secs] [Times: user=0.13 sys=0.00, real=0.01 secs] 
2020-09-29T17:52:54.702+0200: 40.414: [GC (Allocation Failure) [PSYoungGen: 622469K->48197K(635904K)] 648985K->74713K(2034176K), 0.0163050 secs] [Times: user=0.13 sys=0.00, real=0.02 secs] 
2020-09-29T17:52:54.772+0200: 40.484: [GC (Allocation Failure) [PSYoungGen: 635461K->47525K(634880K)] 661977K->74041K(2033152K), 0.0206924 secs] [Times: user=0.11 sys=0.00, real=0.02 secs] 
2020-09-29T17:52:54.844+0200: 40.556: [GC (Allocation Failure) [PSYoungGen: 623525K->35589K(637440K)] 650041K->62105K(2035712K), 0.0157406 secs] [Times: user=0.11 sys=0.00, real=0.02 secs] 
2020-09-29T17:52:54.929+0200: 40.641: [GC (Allocation Failure) [PSYoungGen: 611589K->22500K(640000K)] 638105K->49016K(2038272K), 0.0106536 secs] [Times: user=0.00 sys=0.00, real=0.01 secs] 
2020-09-29T17:52:54.990+0200: 40.702: [GC (Allocation Failure) [PSYoungGen: 603620K->28581K(640000K)] 630136K->55097K(2038272K), 0.0103515 secs] [Times: user=0.00 sys=0.00, real=0.01 secs] 
2020-09-29T17:52:55.050+0200: 40.762: [GC (Allocation Failure) [PSYoungGen: 609701K->49221K(635392K)] 636217K->75737K(2033664K), 0.0165663 secs] [Times: user=0.16 sys=0.00, real=0.02 secs] 
2020-09-29T17:52:55.121+0200: 40.832: [GC (Allocation Failure) [PSYoungGen: 627269K->49796K(628224K)] 653785K->76312K(2026496K), 0.0224891 secs] [Times: user=0.11 sys=0.00, real=0.02 secs] 
2020-09-29T17:52:55.195+0200: 40.907: [GC (Allocation Failure) [PSYoungGen: 627844K->26020K(636416K)] 654360K->52536K(2034688K), 0.0120607 secs] [Times: user=0.13 sys=0.00, real=0.01 secs] 
2020-09-29T17:52:55.259+0200: 40.971: [GC (Allocation Failure) [PSYoungGen: 598948K->37732K(635392K)] 625464K->64248K(2033664K), 0.0149456 secs] [Times: user=0.13 sys=0.00, real=0.01 secs] 
2020-09-29T17:52:55.323+0200: 41.035: [GC (Allocation Failure) [PSYoungGen: 610660K->50149K(632832K)] 637176K->76665K(2031104K), 0.0168314 secs] [Times: user=0.13 sys=0.00, real=0.02 secs] 
2020-09-29T17:52:55.389+0200: 41.101: [GC (Allocation Failure) [PSYoungGen: 622053K->47813K(620032K)] 648569K->74329K(2018304K), 0.0159937 secs] [Times: user=0.13 sys=0.00, real=0.02 secs] 
2020-09-29T17:52:55.454+0200: 41.166: [GC (Allocation Failure) [PSYoungGen: 619717K->45445K(633856K)] 646233K->71961K(2032128K), 0.0153403 secs] [Times: user=0.13 sys=0.00, real=0.02 secs] 
2020-09-29T17:52:55.518+0200: 41.230: [GC (Allocation Failure) [PSYoungGen: 614277K->24420K(633856K)] 640793K->50936K(2032128K), 0.0092747 secs] [Times: user=0.13 sys=0.00, real=0.01 secs] 
2020-09-29T17:52:55.577+0200: 41.289: [GC (Allocation Failure) [PSYoungGen: 593252K->32709K(635904K)] 619768K->59225K(2034176K), 0.0140691 secs] [Times: user=0.11 sys=0.00, real=0.01 secs] 
2020-09-29T17:52:55.642+0200: 41.353: [GC (Allocation Failure) [PSYoungGen: 603589K->43045K(633856K)] 630105K->69561K(2032128K), 0.0149468 secs] [Times: user=0.13 sys=0.00, real=0.02 secs] 
2020-09-29T17:52:55.716+0200: 41.427: [GC (Allocation Failure) [PSYoungGen: 613925K->39685K(637952K)] 640441K->66201K(2036224K), 0.0307699 secs] [Times: user=0.25 sys=0.00, real=0.03 secs] 
2020-09-29T17:52:55.804+0200: 41.515: [GC (Allocation Failure) [PSYoungGen: 615173K->27237K(636416K)] 641689K->53753K(2034688K), 0.0099266 secs] [Times: user=0.00 sys=0.00, real=0.01 secs] 
2020-09-29T17:52:55.863+0200: 41.574: [GC (Allocation Failure) [PSYoungGen: 602725K->11683K(634368K)] 629241K->38199K(2032640K), 0.0049492 secs] [Times: user=0.13 sys=0.00, real=0.01 secs] 
2020-09-29T17:52:55.919+0200: 41.631: [GC (Allocation Failure) [PSYoungGen: 585635K->6530K(580608K)] 612151K->33046K(1978880K), 0.0036455 secs] [Times: user=0.00 sys=0.00, real=0.00 secs] 
2020-09-29T17:52:55.972+0200: 41.683: [GC (Allocation Failure) [PSYoungGen: 580482K->33316K(636928K)] 606998K->59832K(2035200K), 0.0118304 secs] [Times: user=0.13 sys=0.00, real=0.01 secs] 
2020-09-29T17:52:56.033+0200: 41.744: [GC (Allocation Failure) [PSYoungGen: 605732K->31332K(634368K)] 632248K->57848K(2032640K), 0.0111387 secs] [Times: user=0.13 sys=0.00, real=0.01 secs] 
2020-09-29T17:52:56.095+0200: 41.806: [GC (Allocation Failure) [PSYoungGen: 603748K->43237K(636928K)] 630264K->69753K(2035200K), 0.0150858 secs] [Times: user=0.13 sys=0.00, real=0.01 secs] 
2020-09-29T17:52:56.160+0200: 41.871: [GC (Allocation Failure) [PSYoungGen: 621285K->60389K(638464K)] 647801K->87129K(2036736K), 0.0195581 secs] [Times: user=0.25 sys=0.00, real=0.02 secs] 
2020-09-29T17:52:56.229+0200: 41.940: [GC (Allocation Failure) [PSYoungGen: 638437K->50789K(619008K)] 665177K->77529K(2017280K), 0.0169925 secs] [Times: user=0.13 sys=0.00, real=0.02 secs] 
2020-09-29T17:52:56.295+0200: 42.006: [GC (Allocation Failure) [PSYoungGen: 609381K->48805K(607744K)] 636121K->75545K(2006016K), 0.0180563 secs] [Times: user=0.13 sys=0.00, real=0.02 secs] 
2020-09-29T17:52:56.364+0200: 42.075: [GC (Allocation Failure) [PSYoungGen: 607397K->46821K(627712K)] 634137K->73561K(2025984K), 0.0181261 secs] [Times: user=0.13 sys=0.00, real=0.02 secs] 
2020-09-29T17:52:56.432+0200: 42.143: [GC (Allocation Failure) [PSYoungGen: 603365K->42757K(627712K)] 630105K->69497K(2025984K), 0.0184588 secs] [Times: user=0.11 sys=0.00, real=0.02 secs] 
2020-09-29T17:52:56.500+0200: 42.211: [GC (Allocation Failure) [PSYoungGen: 599301K->38693K(632320K)] 626041K->65433K(2030592K), 0.0135968 secs] [Times: user=0.13 sys=0.00, real=0.01 secs] 
2020-09-29T17:52:56.562+0200: 42.273: [GC (Allocation Failure) [PSYoungGen: 601381K->40837K(629248K)] 628121K->67577K(2027520K), 0.0150133 secs] [Times: user=0.11 sys=0.00, real=0.01 secs] 
2020-09-29T17:52:56.627+0200: 42.338: [GC (Allocation Failure) [PSYoungGen: 603525K->40100K(636928K)] 630265K->66840K(2035200K), 0.0148185 secs] [Times: user=0.11 sys=0.00, real=0.01 secs] 
2020-09-29T17:52:56.691+0200: 42.403: [GC (Allocation Failure) [PSYoungGen: 612516K->51909K(634368K)] 639256K->78649K(2032640K), 0.0172685 secs] [Times: user=0.25 sys=0.00, real=0.02 secs] 
2020-09-29T17:52:56.757+0200: 42.469: [GC (Allocation Failure) [PSYoungGen: 624325K->22757K(633344K)] 651065K->49497K(2031616K), 0.0077903 secs] [Times: user=0.00 sys=0.00, real=0.01 secs] 
2020-09-29T17:52:56.814+0200: 42.525: [GC (Allocation Failure) [PSYoungGen: 591106K->43588K(633856K)] 617847K->70328K(2032128K), 0.0151896 secs] [Times: user=0.13 sys=0.00, real=0.02 secs] 
2020-09-29T17:52:56.877+0200: 42.589: [GC (Allocation Failure) [PSYoungGen: 612420K->24420K(634368K)] 639160K->51160K(2032640K), 0.0085068 secs] [Times: user=0.13 sys=0.00, real=0.01 secs] 
2020-09-29T17:52:56.935+0200: 42.646: [GC (Allocation Failure) [PSYoungGen: 594276K->33540K(634368K)] 621016K->60280K(2032640K), 0.0121199 secs] [Times: user=0.13 sys=0.00, real=0.01 secs] 
2020-09-29T17:52:56.996+0200: 42.708: [GC (Allocation Failure) [PSYoungGen: 603396K->56517K(627200K)] 630136K->83257K(2025472K), 0.0185873 secs] [Times: user=0.13 sys=0.00, real=0.02 secs] 
2020-09-29T17:52:57.065+0200: 42.776: [GC (Allocation Failure) [PSYoungGen: 621253K->33221K(631808K)] 647993K->59961K(2030080K), 0.0112301 secs] [Times: user=0.13 sys=0.00, real=0.01 secs] 
2020-09-29T17:52:57.125+0200: 42.837: [GC (Allocation Failure) [PSYoungGen: 597957K->37445K(635904K)] 624697K->64185K(2034176K), 0.0130285 secs] [Times: user=0.13 sys=0.00, real=0.01 secs] 
2020-09-29T17:52:57.187+0200: 42.899: [GC (Allocation Failure) [PSYoungGen: 607813K->33572K(633344K)] 634553K->60312K(2031616K), 0.0122353 secs] [Times: user=0.13 sys=0.00, real=0.01 secs] 
2020-09-29T17:52:57.248+0200: 42.960: [GC (Allocation Failure) [PSYoungGen: 603940K->43301K(637952K)] 630680K->70041K(2036224K), 0.0147703 secs] [Times: user=0.13 sys=0.00, real=0.02 secs] 
2020-09-29T17:52:57.313+0200: 43.024: [GC (Allocation Failure) [PSYoungGen: 619813K->45637K(637440K)] 646553K->72377K(2035712K), 0.0150178 secs] [Times: user=0.13 sys=0.00, real=0.02 secs] 
2020-09-29T17:52:57.378+0200: 43.090: [GC (Allocation Failure) [PSYoungGen: 622149K->47877K(635392K)] 648889K->74617K(2033664K), 0.0162735 secs] [Times: user=0.14 sys=0.00, real=0.02 secs] 
2020-09-29T17:52:57.444+0200: 43.156: [GC (Allocation Failure) [PSYoungGen: 621829K->47621K(622080K)] 648569K->74361K(2020352K), 0.0161268 secs] [Times: user=0.13 sys=0.00, real=0.02 secs] 
2020-09-29T17:52:57.509+0200: 43.221: [GC (Allocation Failure) [PSYoungGen: 621573K->33669K(636928K)] 648313K->60409K(2035200K), 0.0114733 secs] [Times: user=0.13 sys=0.00, real=0.01 secs] 
2020-09-29T17:52:57.571+0200: 43.282: [GC (Allocation Failure) [PSYoungGen: 607621K->33381K(635904K)] 634361K->60121K(2034176K), 0.0123578 secs] [Times: user=0.11 sys=0.00, real=0.01 secs] 
2020-09-29T17:52:57.634+0200: 43.346: [GC (Allocation Failure) [PSYoungGen: 607333K->46725K(636928K)] 634073K->73465K(2035200K), 0.0161577 secs] [Times: user=0.13 sys=0.00, real=0.02 secs] 
2020-09-29T17:52:57.700+0200: 43.411: [GC (Allocation Failure) [PSYoungGen: 622725K->20548K(596992K)] 649465K->47288K(1995264K), 0.0072108 secs] [Times: user=0.00 sys=0.00, real=0.01 secs] 
2020-09-29T17:52:57.756+0200: 43.468: [GC (Allocation Failure) [PSYoungGen: 596548K->36005K(637952K)] 623288K->62745K(2036224K), 0.0125395 secs] [Times: user=0.00 sys=0.00, real=0.01 secs] 
2020-09-29T17:52:57.820+0200: 43.531: [GC (Allocation Failure) [PSYoungGen: 610981K->49029K(635904K)] 637721K->75769K(2034176K), 0.0164646 secs] [Times: user=0.13 sys=0.00, real=0.02 secs] 
2020-09-29T17:52:57.885+0200: 43.596: [GC (Allocation Failure) [PSYoungGen: 624005K->36101K(637952K)] 650745K->62841K(2036224K), 0.0122246 secs] [Times: user=0.13 sys=0.00, real=0.01 secs] 
2020-09-29T17:52:57.947+0200: 43.658: [GC (Allocation Failure) [PSYoungGen: 611589K->37317K(636416K)] 638329K->64057K(2034688K), 0.0126766 secs] [Times: user=0.13 sys=0.00, real=0.01 secs] 
2020-09-29T17:52:58.010+0200: 43.722: [GC (Allocation Failure) [PSYoungGen: 612805K->38533K(642048K)] 639545K->65273K(2040320K), 0.0129405 secs] [Times: user=0.13 sys=0.00, real=0.01 secs] 
2020-09-29T17:52:58.073+0200: 43.785: [GC (Allocation Failure) [PSYoungGen: 621701K->31236K(640000K)] 648441K->57976K(2038272K), 0.0110279 secs] [Times: user=0.13 sys=0.00, real=0.01 secs] 
2020-09-29T17:52:58.135+0200: 43.846: [GC (Allocation Failure) [PSYoungGen: 614404K->39012K(644096K)] 641144K->65752K(2042368K), 0.0137784 secs] [Times: user=0.13 sys=0.00, real=0.01 secs] 
2020-09-29T17:52:58.199+0200: 43.910: [GC (Allocation Failure) [PSYoungGen: 626788K->52453K(640512K)] 653528K->79193K(2038784K), 0.0173695 secs] [Times: user=0.13 sys=0.00, real=0.02 secs] 
2020-09-29T17:52:58.267+0200: 43.978: [GC (Allocation Failure) [PSYoungGen: 640229K->37668K(642048K)] 666969K->64408K(2040320K), 0.0136319 secs] [Times: user=0.13 sys=0.00, real=0.01 secs] 
2020-09-29T17:52:58.330+0200: 44.041: [GC (Allocation Failure) [PSYoungGen: 621348K->45572K(640512K)] 648088K->72312K(2038784K), 0.0160207 secs] [Times: user=0.13 sys=0.00, real=0.02 secs] 
2020-09-29T17:52:58.396+0200: 44.108: [GC (Allocation Failure) [PSYoungGen: 629252K->41317K(642560K)] 655992K->68057K(2040832K), 0.0140311 secs] [Times: user=0.00 sys=0.00, real=0.01 secs] 
2020-09-29T17:52:58.460+0200: 44.172: [GC (Allocation Failure) [PSYoungGen: 626021K->22596K(641024K)] 652761K->49336K(2039296K), 0.0090538 secs] [Times: user=0.00 sys=0.00, real=0.01 secs] 
2020-09-29T17:52:58.520+0200: 44.231: [GC (Allocation Failure) [PSYoungGen: 607300K->33093K(642048K)] 634040K->59833K(2040320K), 0.0112740 secs] [Times: user=0.00 sys=0.00, real=0.01 secs] 
2020-09-29T17:52:58.582+0200: 44.293: [GC (Allocation Failure) [PSYoungGen: 617285K->27876K(641024K)] 644025K->54616K(2039296K), 0.0110463 secs] [Times: user=0.11 sys=0.00, real=0.01 secs] 
2020-09-29T17:52:58.644+0200: 44.356: [GC (Allocation Failure) [PSYoungGen: 612068K->37797K(644096K)] 638808K->64537K(2042368K), 0.0131196 secs] [Times: user=0.00 sys=0.01, real=0.01 secs] 
2020-09-29T17:52:58.708+0200: 44.420: [GC (Allocation Failure) [PSYoungGen: 625573K->36868K(642560K)] 652313K->63608K(2040832K), 0.0126168 secs] [Times: user=0.00 sys=0.00, real=0.01 secs] 
2020-09-29T17:52:58.771+0200: 44.483: [GC (Allocation Failure) [PSYoungGen: 624644K->50277K(639488K)] 651384K->77017K(2037760K), 0.0165621 secs] [Times: user=0.13 sys=0.00, real=0.02 secs] 
2020-09-29T17:52:58.839+0200: 44.550: [GC (Allocation Failure) [PSYoungGen: 636517K->48613K(634880K)] 663257K->75353K(2033152K), 0.0164943 secs] [Times: user=0.13 sys=0.00, real=0.02 secs] 
2020-09-29T17:52:58.905+0200: 44.616: [GC (Allocation Failure) [PSYoungGen: 634853K->32260K(641024K)] 661593K->59000K(2039296K), 0.0116349 secs] [Times: user=0.13 sys=0.00, real=0.01 secs] 
2020-09-29T17:52:58.967+0200: 44.678: [GC (Allocation Failure) [PSYoungGen: 614916K->26884K(640512K)] 641656K->53624K(2038784K), 0.0093666 secs] [Times: user=0.13 sys=0.00, real=0.01 secs] 
2020-09-29T17:52:59.027+0200: 44.738: [GC (Allocation Failure) [PSYoungGen: 609540K->33987K(642560K)] 636280K->60727K(2040832K), 0.0125840 secs] [Times: user=0.13 sys=0.00, real=0.01 secs] 
2020-09-29T17:52:59.093+0200: 44.804: [GC (Allocation Failure) [PSYoungGen: 618691K->44453K(641024K)] 645431K->71193K(2039296K), 0.0188271 secs] [Times: user=0.09 sys=0.00, real=0.02 secs] 
2020-09-29T17:52:59.164+0200: 44.876: [GC (Allocation Failure) [PSYoungGen: 629157K->41253K(642048K)] 655897K->67993K(2040320K), 0.0153756 secs] [Times: user=0.13 sys=0.00, real=0.02 secs] 
2020-09-29T17:52:59.232+0200: 44.944: [GC (Allocation Failure) [PSYoungGen: 625957K->38085K(641536K)] 652697K->64825K(2039808K), 0.0134931 secs] [Times: user=0.13 sys=0.00, real=0.01 secs] 
2020-09-29T17:52:59.296+0200: 45.008: [GC (Allocation Failure) [PSYoungGen: 622789K->32068K(644608K)] 649529K->58808K(2042880K), 0.0114547 secs] [Times: user=0.13 sys=0.00, real=0.01 secs] 
2020-09-29T17:52:59.358+0200: 45.070: [GC (Allocation Failure) [PSYoungGen: 621892K->20293K(610304K)] 648632K->47033K(2008576K), 0.0069378 secs] [Times: user=0.13 sys=0.00, real=0.01 secs] 
2020-09-29T17:52:59.415+0200: 45.127: [GC (Allocation Failure) [PSYoungGen: 610117K->35941K(645120K)] 636857K->62681K(2043392K), 0.0119525 secs] [Times: user=0.13 sys=0.00, real=0.01 secs] 
2020-09-29T17:52:59.477+0200: 45.189: [GC (Allocation Failure) [PSYoungGen: 625765K->22949K(643584K)] 652505K->49689K(2041856K), 0.0089184 secs] [Times: user=0.00 sys=0.00, real=0.01 secs] 
2020-09-29T17:52:59.537+0200: 45.249: [GC (Allocation Failure) [PSYoungGen: 612773K->38501K(645120K)] 639513K->65241K(2043392K), 0.0133162 secs] [Times: user=0.00 sys=0.00, real=0.01 secs] 
2020-09-29T17:52:59.602+0200: 45.314: [GC (Allocation Failure) [PSYoungGen: 629349K->24644K(644608K)] 656089K->51384K(2042880K), 0.0095854 secs] [Times: user=0.00 sys=0.00, real=0.01 secs] 
2020-09-29T17:52:59.664+0200: 45.376: [GC (Allocation Failure) [PSYoungGen: 615492K->41253K(644096K)] 642232K->67993K(2042368K), 0.0142497 secs] [Times: user=0.13 sys=0.00, real=0.01 secs] 
2020-09-29T17:52:59.730+0200: 45.442: [GC (Allocation Failure) [PSYoungGen: 631589K->41764K(632320K)] 658329K->68504K(2030592K), 0.0146575 secs] [Times: user=0.13 sys=0.00, real=0.01 secs] 
2020-09-29T17:52:59.799+0200: 45.511: [GC (Allocation Failure) [PSYoungGen: 632100K->30372K(645120K)] 658840K->57112K(2043392K), 0.0111540 secs] [Times: user=0.13 sys=0.00, real=0.01 secs] 
2020-09-29T17:52:59.861+0200: 45.572: [GC (Allocation Failure) [PSYoungGen: 620708K->46405K(636928K)] 647448K->73145K(2035200K), 0.0153710 secs] [Times: user=0.13 sys=0.00, real=0.01 secs] 
2020-09-29T17:52:59.927+0200: 45.639: [GC (Allocation Failure) [PSYoungGen: 636741K->48837K(637440K)] 663481K->75577K(2035712K), 0.0164221 secs] [Times: user=0.11 sys=0.00, real=0.02 secs] 
2020-09-29T17:52:59.993+0200: 45.705: [GC (Allocation Failure) [PSYoungGen: 628861K->40036K(640000K)] 655601K->66776K(2038272K), 0.0144539 secs] [Times: user=0.13 sys=0.00, real=0.01 secs] 
2020-09-29T17:53:00.061+0200: 45.772: [GC (Allocation Failure) [PSYoungGen: 621156K->33253K(642048K)] 647896K->59993K(2040320K), 0.0130579 secs] [Times: user=0.13 sys=0.00, real=0.01 secs] 
2020-09-29T17:53:00.124+0200: 45.836: [GC (Allocation Failure) [PSYoungGen: 617445K->29541K(641024K)] 644185K->56281K(2039296K), 0.0109424 secs] [Times: user=0.13 sys=0.00, real=0.01 secs] 
2020-09-29T17:53:00.185+0200: 45.897: [GC (Allocation Failure) [PSYoungGen: 613733K->38020K(644096K)] 640473K->64760K(2042368K), 0.0140030 secs] [Times: user=0.13 sys=0.00, real=0.01 secs] 
2020-09-29T17:53:00.250+0200: 45.961: [GC (Allocation Failure) [PSYoungGen: 626308K->52005K(640512K)] 653048K->78745K(2038784K), 0.0168911 secs] [Times: user=0.13 sys=0.00, real=0.02 secs] 
2020-09-29T17:53:00.318+0200: 46.029: [GC (Allocation Failure) [PSYoungGen: 640293K->37700K(642048K)] 667033K->64440K(2040320K), 0.0145307 secs] [Times: user=0.00 sys=0.00, real=0.01 secs] 
2020-09-29T17:53:00.382+0200: 46.094: [GC (Allocation Failure) [PSYoungGen: 621380K->33188K(640512K)] 648120K->59928K(2038784K), 0.0117518 secs] [Times: user=0.00 sys=0.00, real=0.01 secs] 
2020-09-29T17:53:00.444+0200: 46.156: [GC (Allocation Failure) [PSYoungGen: 616868K->42597K(643072K)] 643608K->69337K(2041344K), 0.0139043 secs] [Times: user=0.13 sys=0.00, real=0.01 secs] 
2020-09-29T17:53:00.509+0200: 46.220: [GC (Allocation Failure) [PSYoungGen: 629861K->41989K(643072K)] 656601K->68729K(2041344K), 0.0139038 secs] [Times: user=0.13 sys=0.00, real=0.01 secs] 
2020-09-29T17:53:00.574+0200: 46.285: [GC (Allocation Failure) [PSYoungGen: 629253K->25700K(642560K)] 655993K->52440K(2040832K), 0.0096992 secs] [Times: user=0.11 sys=0.00, real=0.01 secs] 
2020-09-29T17:53:00.636+0200: 46.347: [GC (Allocation Failure) [PSYoungGen: 612964K->36355K(643072K)] 639704K->63095K(2041344K), 0.0148419 secs] [Times: user=0.13 sys=0.00, real=0.02 secs] 
2020-09-29T17:53:00.700+0200: 46.412: [GC (Allocation Failure) [PSYoungGen: 623619K->32003K(645632K)] 650359K->58743K(2043904K), 0.0123572 secs] [Times: user=0.13 sys=0.00, real=0.01 secs] 
2020-09-29T17:53:00.763+0200: 46.475: [GC (Allocation Failure) [PSYoungGen: 623363K->21476K(644608K)] 650103K->48216K(2042880K), 0.0083199 secs] [Times: user=0.13 sys=0.00, real=0.01 secs] 
2020-09-29T17:53:00.822+0200: 46.534: [GC (Allocation Failure) [PSYoungGen: 612836K->36036K(646144K)] 639576K->62776K(2044416K), 0.0129571 secs] [Times: user=0.13 sys=0.00, real=0.01 secs] 
2020-09-29T17:53:00.886+0200: 46.597: [GC (Allocation Failure) [PSYoungGen: 627908K->26277K(644608K)] 654648K->53017K(2042880K), 0.0087392 secs] [Times: user=0.03 sys=0.00, real=0.01 secs] 
2020-09-29T17:53:00.946+0200: 46.657: [GC (Allocation Failure) [PSYoungGen: 618149K->44005K(643072K)] 644889K->70745K(2041344K), 0.0151045 secs] [Times: user=0.13 sys=0.00, real=0.01 secs] 
2020-09-29T17:53:01.012+0200: 46.724: [GC (Allocation Failure) [PSYoungGen: 634341K->46437K(636928K)] 661081K->73177K(2035200K), 0.0154747 secs] [Times: user=0.13 sys=0.00, real=0.02 secs] 
2020-09-29T17:53:01.079+0200: 46.791: [GC (Allocation Failure) [PSYoungGen: 636773K->45092K(640000K)] 663513K->71832K(2038272K), 0.0179035 secs] [Times: user=0.11 sys=0.00, real=0.02 secs] 
2020-09-29T17:53:01.147+0200: 46.859: [GC (Allocation Failure) [PSYoungGen: 628260K->40261K(641024K)] 655000K->67001K(2039296K), 0.0136908 secs] [Times: user=0.13 sys=0.00, real=0.01 secs] 
2020-09-29T17:53:01.210+0200: 46.922: [GC (Allocation Failure) [PSYoungGen: 623429K->20164K(640000K)] 650169K->46904K(2038272K), 0.0073203 secs] [Times: user=0.00 sys=0.00, real=0.01 secs] 
2020-09-29T17:53:01.267+0200: 46.979: [GC (Allocation Failure) [PSYoungGen: 603332K->29060K(641024K)] 630072K->55800K(2039296K), 0.0108060 secs] [Times: user=0.13 sys=0.00, real=0.01 secs] 
2020-09-29T17:53:01.328+0200: 47.040: [GC (Allocation Failure) [PSYoungGen: 612228K->38053K(643072K)] 638968K->64793K(2041344K), 0.0129153 secs] [Times: user=0.13 sys=0.00, real=0.01 secs] 
2020-09-29T17:53:01.391+0200: 47.103: [GC (Allocation Failure) [PSYoungGen: 624293K->50053K(636416K)] 651033K->76793K(2034688K), 0.0164812 secs] [Times: user=0.13 sys=0.00, real=0.02 secs] 
2020-09-29T17:53:01.458+0200: 47.169: [GC (Allocation Failure) [PSYoungGen: 636293K->19459K(638464K)] 663033K->46199K(2036736K), 0.0078474 secs] [Times: user=0.00 sys=0.00, real=0.01 secs] 
2020-09-29T17:53:01.515+0200: 47.226: [GC (Allocation Failure) [PSYoungGen: 598531K->37989K(638976K)] 625271K->64729K(2037248K), 0.0122523 secs] [Times: user=0.13 sys=0.00, real=0.01 secs] 
2020-09-29T17:53:01.578+0200: 47.289: [GC (Allocation Failure) [PSYoungGen: 617061K->28037K(641536K)] 643801K->54777K(2039808K), 0.0103044 secs] [Times: user=0.11 sys=0.00, real=0.01 secs] 
2020-09-29T17:53:01.641+0200: 47.353: [GC (Allocation Failure) [PSYoungGen: 611205K->36868K(640512K)] 637945K->63608K(2038784K), 0.0165820 secs] [Times: user=0.09 sys=0.00, real=0.02 secs] 
2020-09-29T17:53:01.708+0200: 47.420: [GC (Allocation Failure) [PSYoungGen: 620036K->44037K(640512K)] 646776K->70777K(2038784K), 0.0193689 secs] [Times: user=0.11 sys=0.00, real=0.02 secs] 
2020-09-29T17:53:01.780+0200: 47.492: [GC (Allocation Failure) [PSYoungGen: 628229K->40100K(641536K)] 654969K->66840K(2039808K), 0.0182786 secs] [Times: user=0.11 sys=0.00, real=0.02 secs] 
2020-09-29T17:53:01.848+0200: 47.560: [GC (Allocation Failure) [PSYoungGen: 624292K->49092K(636928K)] 651032K->75832K(2035200K), 0.0166297 secs] [Times: user=0.13 sys=0.00, real=0.02 secs] 
2020-09-29T17:53:01.914+0200: 47.626: [GC (Allocation Failure) [PSYoungGen: 629188K->25699K(639488K)] 655928K->52439K(2037760K), 0.0100303 secs] [Times: user=0.00 sys=0.00, real=0.01 secs] 
2020-09-29T17:53:01.974+0200: 47.685: [GC (Allocation Failure) [PSYoungGen: 605795K->30116K(640512K)] 632535K->56856K(2038784K), 0.0113534 secs] [Times: user=0.00 sys=0.00, real=0.01 secs] 
2020-09-29T17:53:02.035+0200: 47.747: [GC (Allocation Failure) [PSYoungGen: 611236K->50725K(632320K)] 637976K->77465K(2030592K), 0.0166097 secs] [Times: user=0.25 sys=0.00, real=0.02 secs] 
2020-09-29T17:53:02.101+0200: 47.813: [GC (Allocation Failure) [PSYoungGen: 631845K->28389K(638464K)] 658585K->55129K(2036736K), 0.0110621 secs] [Times: user=0.00 sys=0.00, real=0.01 secs] 
2020-09-29T17:53:02.163+0200: 47.874: [GC (Allocation Failure) [PSYoungGen: 605413K->29220K(637440K)] 632153K->55960K(2035712K), 0.0109390 secs] [Times: user=0.00 sys=0.00, real=0.01 secs] 
2020-09-29T17:53:02.227+0200: 47.938: [GC (Allocation Failure) [PSYoungGen: 606244K->45669K(636416K)] 632984K->72409K(2034688K), 0.0150045 secs] [Times: user=0.13 sys=0.00, real=0.02 secs] 
2020-09-29T17:53:02.292+0200: 48.004: [GC (Allocation Failure) [PSYoungGen: 622693K->48453K(625664K)] 649433K->75193K(2023936K), 0.0163708 secs] [Times: user=0.13 sys=0.00, real=0.02 secs] 
2020-09-29T17:53:02.357+0200: 48.069: [GC (Allocation Failure) [PSYoungGen: 625477K->21124K(635904K)] 652217K->47864K(2034176K), 0.0087588 secs] [Times: user=0.13 sys=0.00, real=0.01 secs] 
2020-09-29T17:53:02.415+0200: 48.126: [GC (Allocation Failure) [PSYoungGen: 594052K->32804K(635904K)] 620792K->59544K(2034176K), 0.0118194 secs] [Times: user=0.13 sys=0.00, real=0.01 secs] 
2020-09-29T17:53:02.476+0200: 48.187: [GC (Allocation Failure) [PSYoungGen: 605732K->45189K(635904K)] 632472K->71929K(2034176K), 0.0166344 secs] [Times: user=0.13 sys=0.00, real=0.02 secs] 
2020-09-29T17:53:02.541+0200: 48.253: [GC (Allocation Failure) [PSYoungGen: 620165K->30821K(636928K)] 646905K->57561K(2035200K), 0.0114202 secs] [Times: user=0.13 sys=0.00, real=0.01 secs] 
2020-09-29T17:53:02.603+0200: 48.315: [GC (Allocation Failure) [PSYoungGen: 605797K->45189K(636416K)] 632537K->71929K(2034688K), 0.0166256 secs] [Times: user=0.11 sys=0.00, real=0.02 secs] 
2020-09-29T17:53:02.671+0200: 48.383: [GC (Allocation Failure) [PSYoungGen: 621189K->33253K(637440K)] 647929K->59993K(2035712K), 0.0111865 secs] [Times: user=0.13 sys=0.00, real=0.01 secs] 
2020-09-29T17:53:02.731+0200: 48.443: [GC (Allocation Failure) [PSYoungGen: 609253K->20900K(638976K)] 635993K->47640K(2037248K), 0.0082085 secs] [Times: user=0.11 sys=0.00, real=0.01 secs] 
2020-09-29T17:53:02.789+0200: 48.501: [GC (Allocation Failure) [PSYoungGen: 599972K->39397K(638976K)] 626712K->66137K(2037248K), 0.0135437 secs] [Times: user=0.13 sys=0.00, real=0.01 secs] 
2020-09-29T17:53:02.854+0200: 48.566: [GC (Allocation Failure) [PSYoungGen: 618469K->30340K(641024K)] 645209K->57080K(2039296K), 0.0116973 secs] [Times: user=0.13 sys=0.00, real=0.01 secs] 
2020-09-29T17:53:02.915+0200: 48.627: [GC (Allocation Failure) [PSYoungGen: 611972K->37733K(639488K)] 638712K->64473K(2037760K), 0.0126377 secs] [Times: user=0.13 sys=0.00, real=0.01 secs] 
2020-09-29T17:53:02.978+0200: 48.690: [GC (Allocation Failure) [PSYoungGen: 619365K->45221K(639488K)] 646105K->71961K(2037760K), 0.0150845 secs] [Times: user=0.13 sys=0.00, real=0.02 secs] 
2020-09-29T17:53:03.043+0200: 48.755: [GC (Allocation Failure) [PSYoungGen: 628389K->40453K(641024K)] 655129K->67193K(2039296K), 0.0140429 secs] [Times: user=0.13 sys=0.00, real=0.01 secs] 
2020-09-29T17:53:03.108+0200: 48.820: [GC (Allocation Failure) [PSYoungGen: 623621K->21989K(640512K)] 650361K->48729K(2038784K), 0.0069662 secs] [Times: user=0.13 sys=0.00, real=0.01 secs] 
2020-09-29T17:53:03.167+0200: 48.878: [GC (Allocation Failure) [PSYoungGen: 605157K->44613K(628224K)] 631897K->71353K(2026496K), 0.0159559 secs] [Times: user=0.13 sys=0.00, real=0.02 secs] 
2020-09-29T17:53:03.233+0200: 48.944: [GC (Allocation Failure) [PSYoungGen: 627781K->39397K(641024K)] 654521K->66137K(2039296K), 0.0137483 secs] [Times: user=0.13 sys=0.00, real=0.01 secs] 
2020-09-29T17:53:03.297+0200: 49.009: [GC (Allocation Failure) [PSYoungGen: 621029K->33093K(639488K)] 647769K->59833K(2037760K), 0.0113585 secs] [Times: user=0.13 sys=0.00, real=0.01 secs] 
2020-09-29T17:53:03.359+0200: 49.070: [GC (Allocation Failure) [PSYoungGen: 614725K->26789K(642560K)] 641465K->53529K(2040832K), 0.0088461 secs] [Times: user=0.13 sys=0.00, real=0.01 secs] 
2020-09-29T17:53:03.418+0200: 49.129: [GC (Allocation Failure) [PSYoungGen: 613029K->38821K(642560K)] 639769K->65561K(2040832K), 0.0135184 secs] [Times: user=0.13 sys=0.00, real=0.01 secs] 
2020-09-29T17:53:03.481+0200: 49.193: [GC (Allocation Failure) [PSYoungGen: 625061K->50885K(636416K)] 651801K->77625K(2034688K), 0.0170364 secs] [Times: user=0.13 sys=0.00, real=0.02 secs] 
2020-09-29T17:53:03.548+0200: 49.260: [GC (Allocation Failure) [PSYoungGen: 632005K->43173K(624640K)] 658745K->69913K(2022912K), 0.0146049 secs] [Times: user=0.13 sys=0.00, real=0.01 secs] 
2020-09-29T17:53:03.614+0200: 49.326: [GC (Allocation Failure) [PSYoungGen: 624293K->36325K(641536K)] 651033K->63065K(2039808K), 0.0130349 secs] [Times: user=0.00 sys=0.00, real=0.01 secs] 
2020-09-29T17:53:03.680+0200: 49.392: [GC (Allocation Failure) [PSYoungGen: 618469K->30500K(639488K)] 645209K->57240K(2037760K), 0.0112486 secs] [Times: user=0.00 sys=0.00, real=0.01 secs] 
2020-09-29T17:53:03.741+0200: 49.453: [GC (Allocation Failure) [PSYoungGen: 612644K->38341K(643584K)] 639384K->65081K(2041856K), 0.0133815 secs] [Times: user=0.13 sys=0.00, real=0.01 secs] 
2020-09-29T17:53:03.805+0200: 49.517: [GC (Allocation Failure) [PSYoungGen: 625605K->51429K(638976K)] 652345K->78169K(2037248K), 0.0170736 secs] [Times: user=0.13 sys=0.00, real=0.02 secs] 
2020-09-29T17:53:03.872+0200: 49.584: [GC (Allocation Failure) [PSYoungGen: 638693K->36997K(642048K)] 665433K->63737K(2040320K), 0.0126040 secs] [Times: user=0.13 sys=0.00, real=0.01 secs] 
2020-09-29T17:53:03.935+0200: 49.647: [GC (Allocation Failure) [PSYoungGen: 620165K->32229K(640000K)] 646905K->58969K(2038272K), 0.0114298 secs] [Times: user=0.13 sys=0.00, real=0.01 secs] 
2020-09-29T17:53:03.999+0200: 49.711: [GC (Allocation Failure) [PSYoungGen: 615397K->26852K(642560K)] 642137K->53592K(2040832K), 0.0108490 secs] [Times: user=0.13 sys=0.00, real=0.01 secs] 
2020-09-29T17:53:04.063+0200: 49.775: [GC (Allocation Failure) [PSYoungGen: 613092K->38853K(642560K)] 639832K->65593K(2040832K), 0.0148550 secs] [Times: user=0.11 sys=0.00, real=0.02 secs] 
2020-09-29T17:53:04.131+0200: 49.843: [GC (Allocation Failure) [PSYoungGen: 625093K->36868K(645632K)] 651833K->63608K(2043904K), 0.0153990 secs] [Times: user=0.13 sys=0.00, real=0.02 secs] 
2020-09-29T17:53:04.199+0200: 49.911: [GC (Allocation Failure) [PSYoungGen: 627204K->39237K(643584K)] 653944K->65977K(2041856K), 0.0141444 secs] [Times: user=0.13 sys=0.00, real=0.01 secs] 
2020-09-29T17:53:04.264+0200: 49.976: [GC (Allocation Failure) [PSYoungGen: 629573K->41509K(646144K)] 656313K->68249K(2044416K), 0.0139741 secs] [Times: user=0.13 sys=0.00, real=0.01 secs] 
2020-09-29T17:53:04.328+0200: 50.040: [GC (Allocation Failure) [PSYoungGen: 634917K->19172K(612864K)] 661657K->45912K(2011136K), 0.0070390 secs] [Times: user=0.13 sys=0.00, real=0.01 secs] 
2020-09-29T17:53:04.387+0200: 50.098: [GC (Allocation Failure) [PSYoungGen: 612580K->23524K(644608K)] 639320K->50264K(2042880K), 0.0088041 secs] [Times: user=0.13 sys=0.00, real=0.01 secs] 
2020-09-29T17:53:04.450+0200: 50.162: [GC (Allocation Failure) [PSYoungGen: 613860K->39685K(644608K)] 640600K->66425K(2042880K), 0.0135534 secs] [Times: user=0.13 sys=0.00, real=0.01 secs] 
2020-09-29T17:53:04.515+0200: 50.227: [GC (Allocation Failure) [PSYoungGen: 630021K->42085K(642560K)] 656761K->68825K(2040832K), 0.0139568 secs] [Times: user=0.13 sys=0.00, real=0.01 secs] 
2020-09-29T17:53:04.581+0200: 50.293: [GC (Allocation Failure) [PSYoungGen: 630373K->42469K(630784K)] 657113K->69209K(2029056K), 0.0157632 secs] [Times: user=0.11 sys=0.00, real=0.02 secs] 
2020-09-29T17:53:04.649+0200: 50.360: [GC (Allocation Failure) [PSYoungGen: 630757K->42789K(642048K)] 657497K->69529K(2040320K), 0.0143330 secs] [Times: user=0.13 sys=0.00, real=0.01 secs] 
2020-09-29T17:53:04.713+0200: 50.425: [GC (Allocation Failure) [PSYoungGen: 629029K->41157K(642560K)] 655769K->67897K(2040832K), 0.0140600 secs] [Times: user=0.13 sys=0.00, real=0.01 secs] 
2020-09-29T17:53:04.778+0200: 50.490: [GC (Allocation Failure) [PSYoungGen: 627397K->53189K(634880K)] 654137K->79929K(2033152K), 0.0185895 secs] [Times: user=0.08 sys=0.00, real=0.02 secs] 
2020-09-29T17:53:04.846+0200: 50.558: [GC (Allocation Failure) [PSYoungGen: 632261K->15107K(594432K)] 659001K->41847K(1992704K), 0.0061084 secs] [Times: user=0.13 sys=0.00, real=0.01 secs] 
2020-09-29T17:53:04.903+0200: 50.615: [GC (Allocation Failure) [PSYoungGen: 594179K->47236K(633856K)] 620919K->73976K(2032128K), 0.0160641 secs] [Times: user=0.13 sys=0.00, real=0.02 secs] 
2020-09-29T17:53:04.968+0200: 50.680: [GC (Allocation Failure) [PSYoungGen: 619140K->29221K(635392K)] 645880K->55961K(2033664K), 0.0100464 secs] [Times: user=0.13 sys=0.00, real=0.01 secs] 
2020-09-29T17:53:05.027+0200: 50.739: [GC (Allocation Failure) [PSYoungGen: 601125K->40581K(637952K)] 627865K->67321K(2036224K), 0.0137125 secs] [Times: user=0.13 sys=0.00, real=0.01 secs] 
2020-09-29T17:53:05.091+0200: 50.803: [GC (Allocation Failure) [PSYoungGen: 616581K->41540K(636928K)] 643321K->68280K(2035200K), 0.0147223 secs] [Times: user=0.13 sys=0.00, real=0.01 secs] 
2020-09-29T17:53:05.155+0200: 50.867: [GC (Allocation Failure) [PSYoungGen: 617540K->41028K(639488K)] 644280K->67768K(2037760K), 0.0187245 secs] [Times: user=0.13 sys=0.00, real=0.02 secs] 
2020-09-29T17:53:05.225+0200: 50.936: [GC (Allocation Failure) [PSYoungGen: 620100K->44996K(638464K)] 646840K->71736K(2036736K), 0.0210604 secs] [Times: user=0.13 sys=0.00, real=0.02 secs] 
2020-09-29T17:53:05.296+0200: 51.007: [GC (Allocation Failure) [PSYoungGen: 624068K->35268K(640512K)] 650808K->62008K(2038784K), 0.0165554 secs] [Times: user=0.13 sys=0.00, real=0.02 secs] 
2020-09-29T17:53:05.362+0200: 51.073: [GC (Allocation Failure) [PSYoungGen: 615876K->41701K(638976K)] 642616K->68441K(2037248K), 0.0195390 secs] [Times: user=0.23 sys=0.00, real=0.02 secs] 
2020-09-29T17:53:05.431+0200: 51.142: [GC (Allocation Failure) [PSYoungGen: 622309K->33796K(642560K)] 649049K->60536K(2040832K), 0.0152872 secs] [Times: user=0.13 sys=0.00, real=0.02 secs] 
2020-09-29T17:53:05.497+0200: 51.208: [GC (Allocation Failure) [PSYoungGen: 619012K->31141K(641536K)] 645752K->57881K(2039808K), 0.0133337 secs] [Times: user=0.13 sys=0.00, real=0.01 secs] 
2020-09-29T17:53:05.563+0200: 51.274: [GC (Allocation Failure) [PSYoungGen: 616357K->42181K(643072K)] 643097K->68921K(2041344K), 0.0194598 secs] [Times: user=0.22 sys=0.00, real=0.02 secs] 
2020-09-29T17:53:05.634+0200: 51.345: [GC (Allocation Failure) [PSYoungGen: 629445K->41477K(643072K)] 656185K->68217K(2041344K), 0.0198085 secs] [Times: user=0.13 sys=0.00, real=0.02 secs] 
2020-09-29T17:53:05.705+0200: 51.416: [GC (Allocation Failure) [PSYoungGen: 628741K->40773K(644096K)] 655481K->67513K(2042368K), 0.0172327 secs] [Times: user=0.13 sys=0.00, real=0.02 secs] 
2020-09-29T17:53:05.773+0200: 51.484: [GC (Allocation Failure) [PSYoungGen: 629573K->27363K(643584K)] 656313K->54103K(2041856K), 0.0133322 secs] [Times: user=0.13 sys=0.00, real=0.01 secs] 
2020-09-29T17:53:05.838+0200: 51.549: [GC (Allocation Failure) [PSYoungGen: 616163K->41892K(644096K)] 642903K->68632K(2042368K), 0.0186914 secs] [Times: user=0.13 sys=0.00, real=0.02 secs] 
2020-09-29T17:53:05.908+0200: 51.619: [GC (Allocation Failure) [PSYoungGen: 631204K->29573K(644096K)] 657944K->56313K(2042368K), 0.0126915 secs] [Times: user=0.13 sys=0.00, real=0.01 secs] 
2020-09-29T17:53:05.972+0200: 51.683: [GC (Allocation Failure) [PSYoungGen: 618885K->44709K(642048K)] 645625K->71449K(2040320K), 0.0197305 secs] [Times: user=0.24 sys=0.00, real=0.02 secs] 
2020-09-29T17:53:06.042+0200: 51.753: [GC (Allocation Failure) [PSYoungGen: 631973K->44004K(631296K)] 658713K->70744K(2029568K), 0.0191336 secs] [Times: user=0.13 sys=0.00, real=0.02 secs] 
2020-09-29T17:53:06.113+0200: 51.824: [GC (Allocation Failure) [PSYoungGen: 631268K->43301K(642560K)] 658008K->70041K(2040832K), 0.0188699 secs] [Times: user=0.25 sys=0.00, real=0.02 secs] 
2020-09-29T17:53:06.182+0200: 51.893: [GC (Allocation Failure) [PSYoungGen: 629541K->55397K(642048K)] 656281K->82137K(2040320K), 0.0224829 secs] [Times: user=0.13 sys=0.00, real=0.02 secs] 
2020-09-29T17:53:06.256+0200: 51.967: [GC (Allocation Failure) [PSYoungGen: 641637K->25604K(632832K)] 668377K->52344K(2031104K), 0.0127709 secs] [Times: user=0.00 sys=0.00, real=0.01 secs] 
2020-09-29T17:53:06.318+0200: 52.029: [GC (Allocation Failure) [PSYoungGen: 601604K->40997K(637440K)] 628344K->67737K(2035712K), 0.0179197 secs] [Times: user=0.13 sys=0.00, real=0.02 secs] 
2020-09-29T17:53:06.385+0200: 52.096: [GC (Allocation Failure) [PSYoungGen: 616997K->27587K(638976K)] 643737K->54327K(2037248K), 0.0135982 secs] [Times: user=0.13 sys=0.00, real=0.01 secs] 
2020-09-29T17:53:06.448+0200: 52.159: [GC (Allocation Failure) [PSYoungGen: 606659K->46085K(625664K)] 633399K->72825K(2023936K), 0.0193400 secs] [Times: user=0.13 sys=0.00, real=0.02 secs] 
2020-09-29T17:53:06.517+0200: 52.228: [GC (Allocation Failure) [PSYoungGen: 625157K->37253K(640000K)] 651897K->63993K(2038272K), 0.0163251 secs] [Times: user=0.13 sys=0.00, real=0.02 secs] 
2020-09-29T17:53:06.584+0200: 52.295: [GC (Allocation Failure) [PSYoungGen: 616837K->28676K(638464K)] 643577K->55416K(2036736K), 0.0139292 secs] [Times: user=0.00 sys=0.00, real=0.01 secs] 
2020-09-29T17:53:06.649+0200: 52.360: [GC (Allocation Failure) [PSYoungGen: 608260K->18981K(638464K)] 635000K->45721K(2036736K), 0.0082074 secs] [Times: user=0.00 sys=0.00, real=0.01 secs] 
2020-09-29T17:53:06.706+0200: 52.417: [GC (Allocation Failure) [PSYoungGen: 599077K->24804K(639488K)] 625817K->51544K(2037760K), 0.0114816 secs] [Times: user=0.13 sys=0.00, real=0.01 secs] 
2020-09-29T17:53:06.777+0200: 52.488: [GC (Allocation Failure) [PSYoungGen: 604900K->30597K(641536K)] 631640K->57337K(2039808K), 0.0129656 secs] [Times: user=0.13 sys=0.00, real=0.01 secs] 
2020-09-29T17:53:06.844+0200: 52.555: [GC (Allocation Failure) [PSYoungGen: 613253K->39045K(640000K)] 639993K->65785K(2038272K), 0.0174425 secs] [Times: user=0.13 sys=0.00, real=0.02 secs] 
2020-09-29T17:53:06.912+0200: 52.623: [GC (Allocation Failure) [PSYoungGen: 621701K->32325K(643584K)] 648441K->59065K(2041856K), 0.0134635 secs] [Times: user=0.00 sys=0.00, real=0.01 secs] 
2020-09-29T17:53:06.975+0200: 52.686: [GC (Allocation Failure) [PSYoungGen: 619077K->44804K(642048K)] 645817K->71544K(2040320K), 0.0198552 secs] [Times: user=0.13 sys=0.00, real=0.02 secs] 
2020-09-29T17:53:07.047+0200: 52.758: [GC (Allocation Failure) [PSYoungGen: 631556K->43589K(640000K)] 658296K->70329K(2038272K), 0.0177698 secs] [Times: user=0.13 sys=0.00, real=0.02 secs] 
2020-09-29T17:53:07.114+0200: 52.825: [GC (Allocation Failure) [PSYoungGen: 626757K->38917K(641024K)] 653497K->65657K(2039296K), 0.0157593 secs] [Times: user=0.02 sys=0.00, real=0.02 secs] 
2020-09-29T17:53:07.179+0200: 52.890: [GC (Allocation Failure) [PSYoungGen: 622085K->47813K(637440K)] 648825K->74553K(2035712K), 0.0206572 secs] [Times: user=0.13 sys=0.00, real=0.02 secs] 
2020-09-29T17:53:07.249+0200: 52.961: [GC (Allocation Failure) [PSYoungGen: 628933K->40613K(640000K)] 655673K->67353K(2038272K), 0.0174027 secs] [Times: user=0.13 sys=0.00, real=0.02 secs] 
2020-09-29T17:53:07.318+0200: 53.029: [GC (Allocation Failure) [PSYoungGen: 621733K->47525K(637952K)] 648473K->74265K(2036224K), 0.0201637 secs] [Times: user=0.13 sys=0.00, real=0.02 secs] 
2020-09-29T17:53:07.388+0200: 53.099: [GC (Allocation Failure) [PSYoungGen: 627621K->39589K(639488K)] 654361K->66329K(2037760K), 0.0161552 secs] [Times: user=0.13 sys=0.00, real=0.02 secs] 
2020-09-29T17:53:07.453+0200: 53.164: [GC (Allocation Failure) [PSYoungGen: 619685K->57317K(630272K)] 646425K->85753K(2028544K), 0.0245487 secs] [Times: user=0.25 sys=0.00, real=0.02 secs] 
2020-09-29T17:53:07.526+0200: 53.237: [GC (Allocation Failure) [PSYoungGen: 630245K->30052K(635904K)] 658681K->58488K(2034176K), 0.0145904 secs] [Times: user=0.13 sys=0.00, real=0.01 secs] 
2020-09-29T17:53:07.592+0200: 53.303: [GC (Allocation Failure) [PSYoungGen: 602980K->28100K(636416K)] 631416K->56536K(2034688K), 0.0142726 secs] [Times: user=0.11 sys=0.00, real=0.01 secs] 
2020-09-29T17:53:07.656+0200: 53.367: [GC (Allocation Failure) [PSYoungGen: 601540K->40740K(635904K)] 629976K->69176K(2034176K), 0.0181962 secs] [Times: user=0.13 sys=0.00, real=0.02 secs] 
2020-09-29T17:53:07.723+0200: 53.434: [GC (Allocation Failure) [PSYoungGen: 614180K->24516K(637952K)] 642616K->52952K(2036224K), 0.0122139 secs] [Times: user=0.13 sys=0.00, real=0.01 secs] 
2020-09-29T17:53:07.785+0200: 53.496: [GC (Allocation Failure) [PSYoungGen: 601540K->54661K(631808K)] 629976K->83097K(2030080K), 0.0227319 secs] [Times: user=0.25 sys=0.00, real=0.02 secs] 
2020-09-29T17:53:07.857+0200: 53.568: [GC (Allocation Failure) [PSYoungGen: 631685K->43749K(634368K)] 660121K->72185K(2032640K), 0.0186122 secs] [Times: user=0.13 sys=0.00, real=0.02 secs] 
2020-09-29T17:53:07.924+0200: 53.635: [GC (Allocation Failure) [PSYoungGen: 613093K->38724K(633856K)] 641529K->67160K(2032128K), 0.0284246 secs] [Times: user=0.13 sys=0.00, real=0.03 secs] 
2020-09-29T17:53:08.002+0200: 53.713: [GC (Allocation Failure) [PSYoungGen: 608068K->31620K(637952K)] 636504K->60056K(2036224K), 0.0149580 secs] [Times: user=0.13 sys=0.00, real=0.01 secs] 
2020-09-29T17:53:08.069+0200: 53.780: [GC (Allocation Failure) [PSYoungGen: 607620K->31525K(636928K)] 636056K->59961K(2035200K), 0.0138737 secs] [Times: user=0.13 sys=0.00, real=0.01 secs] 
2020-09-29T17:53:08.135+0200: 53.846: [GC (Allocation Failure) [PSYoungGen: 607525K->46981K(636416K)] 635961K->75417K(2034688K), 0.0202854 secs] [Times: user=0.13 sys=0.00, real=0.02 secs] 
2020-09-29T17:53:08.205+0200: 53.916: [GC (Allocation Failure) [PSYoungGen: 622981K->46629K(623104K)] 651417K->75065K(2021376K), 0.0202353 secs] [Times: user=0.25 sys=0.00, real=0.02 secs] 
2020-09-29T17:53:08.274+0200: 53.985: [GC (Allocation Failure) [PSYoungGen: 622629K->20772K(634880K)] 651065K->49208K(2033152K), 0.0088726 secs] [Times: user=0.00 sys=0.00, real=0.01 secs] 
2020-09-29T17:53:08.339+0200: 54.051: [GC (Allocation Failure) [PSYoungGen: 593700K->33092K(635904K)] 622136K->61528K(2034176K), 0.0146536 secs] [Times: user=0.13 sys=0.00, real=0.02 secs] 
2020-09-29T17:53:08.403+0200: 54.114: [GC (Allocation Failure) [PSYoungGen: 606020K->45445K(636416K)] 634456K->73881K(2034688K), 0.0194634 secs] [Times: user=0.13 sys=0.00, real=0.02 secs] 
2020-09-29T17:53:08.471+0200: 54.182: [GC (Allocation Failure) [PSYoungGen: 620421K->46181K(621568K)] 648857K->74617K(2019840K), 0.0191868 secs] [Times: user=0.25 sys=0.00, real=0.02 secs] 
2020-09-29T17:53:08.542+0200: 54.253: [GC (Allocation Failure) [PSYoungGen: 621157K->46949K(635392K)] 649593K->75385K(2033664K), 0.0201721 secs] [Times: user=0.13 sys=0.00, real=0.02 secs] 
2020-09-29T17:53:08.614+0200: 54.325: [GC (Allocation Failure) [PSYoungGen: 619877K->45637K(635904K)] 648313K->74073K(2034176K), 0.0210075 secs] [Times: user=0.11 sys=0.00, real=0.02 secs] 
2020-09-29T17:53:08.684+0200: 54.395: [GC (Allocation Failure) [PSYoungGen: 618565K->44325K(636416K)] 647001K->72761K(2034688K), 0.0179744 secs] [Times: user=0.13 sys=0.00, real=0.02 secs] 
2020-09-29T17:53:08.750+0200: 54.461: [GC (Allocation Failure) [PSYoungGen: 617765K->15748K(589312K)] 646201K->44184K(1987584K), 0.0070786 secs] [Times: user=0.13 sys=0.00, real=0.01 secs] 
2020-09-29T17:53:08.808+0200: 54.519: [GC (Allocation Failure) [PSYoungGen: 589188K->42309K(635392K)] 617624K->70745K(2033664K), 0.0177152 secs] [Times: user=0.13 sys=0.00, real=0.02 secs] 
2020-09-29T17:53:08.876+0200: 54.587: [GC (Allocation Failure) [PSYoungGen: 613189K->38949K(634368K)] 641625K->67385K(2032640K), 0.0160504 secs] [Times: user=0.13 sys=0.00, real=0.02 secs] 
2020-09-29T17:53:08.941+0200: 54.652: [GC (Allocation Failure) [PSYoungGen: 609829K->34341K(639488K)] 638265K->62777K(2037760K), 0.0147821 secs] [Times: user=0.13 sys=0.00, real=0.02 secs] 
2020-09-29T17:53:09.010+0200: 54.722: [GC (Allocation Failure) [PSYoungGen: 612901K->24964K(637952K)] 641337K->53400K(2036224K), 0.0127650 secs] [Times: user=0.11 sys=0.00, real=0.01 secs] 
2020-09-29T17:53:09.076+0200: 54.787: [GC (Allocation Failure) [PSYoungGen: 603524K->27845K(640000K)] 631960K->56281K(2038272K), 0.0128186 secs] [Times: user=0.11 sys=0.00, real=0.01 secs] 
2020-09-29T17:53:09.140+0200: 54.851: [GC (Allocation Failure) [PSYoungGen: 608453K->47973K(628736K)] 636889K->76409K(2027008K), 0.0203060 secs] [Times: user=0.13 sys=0.00, real=0.02 secs] 
2020-09-29T17:53:09.210+0200: 54.921: [GC (Allocation Failure) [PSYoungGen: 628581K->40677K(638976K)] 657017K->69113K(2037248K), 0.0174272 secs] [Times: user=0.13 sys=0.00, real=0.02 secs] 
2020-09-29T17:53:09.277+0200: 54.988: [GC (Allocation Failure) [PSYoungGen: 618725K->30821K(637952K)] 647161K->59257K(2036224K), 0.0132329 secs] [Times: user=0.13 sys=0.00, real=0.01 secs] 
2020-09-29T17:53:09.340+0200: 55.052: [GC (Allocation Failure) [PSYoungGen: 608869K->48261K(635904K)] 637305K->76697K(2034176K), 0.0201047 secs] [Times: user=0.13 sys=0.00, real=0.02 secs] 
2020-09-29T17:53:09.411+0200: 55.123: [GC (Allocation Failure) [PSYoungGen: 625285K->51077K(628224K)] 653721K->79513K(2026496K), 0.0212255 secs] [Times: user=0.13 sys=0.00, real=0.02 secs] 
2020-09-29T17:53:09.482+0200: 55.193: [GC (Allocation Failure) [PSYoungGen: 628101K->25317K(635392K)] 656537K->53753K(2033664K), 0.0107941 secs] [Times: user=0.13 sys=0.00, real=0.01 secs] 
2020-09-29T17:53:09.542+0200: 55.253: [GC (Allocation Failure) [PSYoungGen: 597221K->50341K(622592K)] 625657K->78777K(2020864K), 0.0209229 secs] [Times: user=0.13 sys=0.00, real=0.02 secs] 
2020-09-29T17:53:09.613+0200: 55.325: [GC (Allocation Failure) [PSYoungGen: 622245K->34373K(634880K)] 650681K->62809K(2033152K), 0.0156466 secs] [Times: user=0.06 sys=0.02, real=0.02 secs] 
2020-09-29T17:53:09.679+0200: 55.390: [GC (Allocation Failure) [PSYoungGen: 603717K->43141K(633344K)] 632153K->71577K(2031616K), 0.0179631 secs] [Times: user=0.13 sys=0.00, real=0.02 secs] 
2020-09-29T17:53:09.745+0200: 55.457: [GC (Allocation Failure) [PSYoungGen: 612485K->24549K(635904K)] 640921K->52985K(2034176K), 0.0115701 secs] [Times: user=0.13 sys=0.00, real=0.01 secs] 
2020-09-29T17:53:09.817+0200: 55.529: [GC (Allocation Failure) [PSYoungGen: 597477K->50629K(623616K)] 625913K->79065K(2021888K), 0.0204540 secs] [Times: user=0.13 sys=0.00, real=0.02 secs] 
2020-09-29T17:53:09.888+0200: 55.599: [GC (Allocation Failure) [PSYoungGen: 623557K->21412K(633344K)] 651993K->49848K(2031616K), 0.0098916 secs] [Times: user=0.13 sys=0.00, real=0.01 secs] 
2020-09-29T17:53:09.947+0200: 55.658: [GC (Allocation Failure) [PSYoungGen: 589220K->41412K(633344K)] 617656K->69848K(2031616K), 0.0187959 secs] [Times: user=0.08 sys=0.02, real=0.02 secs] 
2020-09-29T17:53:10.014+0200: 55.725: [GC (Allocation Failure) [PSYoungGen: 609220K->31940K(635904K)] 637656K->60376K(2034176K), 0.0152360 secs] [Times: user=0.13 sys=0.00, real=0.02 secs] 
2020-09-29T17:53:10.081+0200: 55.792: [GC (Allocation Failure) [PSYoungGen: 603332K->29061K(634368K)] 631768K->57497K(2032640K), 0.0136405 secs] [Times: user=0.13 sys=0.00, real=0.01 secs] 
2020-09-29T17:53:10.144+0200: 55.855: [GC (Allocation Failure) [PSYoungGen: 600453K->39845K(638464K)] 628889K->68281K(2036736K), 0.0171295 secs] [Times: user=0.25 sys=0.00, real=0.02 secs] 
2020-09-29T17:53:10.212+0200: 55.924: [GC (Allocation Failure) [PSYoungGen: 616869K->42661K(637440K)] 645305K->71097K(2035712K), 0.0197892 secs] [Times: user=0.13 sys=0.00, real=0.02 secs] 
2020-09-29T17:53:10.281+0200: 55.993: [GC (Allocation Failure) [PSYoungGen: 619685K->31524K(640000K)] 648121K->59960K(2038272K), 0.0155026 secs] [Times: user=0.13 sys=0.00, real=0.02 secs] 
2020-09-29T17:53:10.349+0200: 56.060: [GC (Allocation Failure) [PSYoungGen: 611108K->35396K(638464K)] 639544K->63832K(2036736K), 0.0180636 secs] [Times: user=0.13 sys=0.00, real=0.02 secs] 
2020-09-29T17:53:10.418+0200: 56.129: [GC (Allocation Failure) [PSYoungGen: 614980K->26564K(642048K)] 643416K->55000K(2040320K), 0.0146781 secs] [Times: user=0.11 sys=0.00, real=0.02 secs] 
2020-09-29T17:53:10.482+0200: 56.193: [GC (Allocation Failure) [PSYoungGen: 611780K->23140K(642048K)] 640216K->51576K(2040320K), 0.0115290 secs] [Times: user=0.13 sys=0.00, real=0.01 secs] 
2020-09-29T17:53:10.544+0200: 56.256: [GC (Allocation Failure) [PSYoungGen: 608356K->31844K(644096K)] 636792K->60280K(2042368K), 0.0157532 secs] [Times: user=0.13 sys=0.00, real=0.02 secs] 
2020-09-29T17:53:10.612+0200: 56.324: [GC (Allocation Failure) [PSYoungGen: 619108K->30340K(642048K)] 647544K->58776K(2040320K), 0.0161026 secs] [Times: user=0.11 sys=0.00, real=0.02 secs] 
2020-09-29T17:53:10.679+0200: 56.391: [GC (Allocation Failure) [PSYoungGen: 617604K->43301K(641536K)] 646040K->71737K(2039808K), 0.0202477 secs] [Times: user=0.13 sys=0.00, real=0.02 secs] 
2020-09-29T17:53:10.750+0200: 56.461: [GC (Allocation Failure) [PSYoungGen: 631589K->29701K(643584K)] 660025K->58137K(2041856K), 0.0139268 secs] [Times: user=0.13 sys=0.00, real=0.01 secs] 
2020-09-29T17:53:10.815+0200: 56.527: [GC (Allocation Failure) [PSYoungGen: 617989K->28964K(646144K)] 646425K->57400K(2044416K), 0.0152513 secs] [Times: user=0.13 sys=0.00, real=0.01 secs] 
2020-09-29T17:53:10.881+0200: 56.592: [GC (Allocation Failure) [PSYoungGen: 621348K->47077K(639488K)] 649784K->75513K(2037760K), 0.0207613 secs] [Times: user=0.13 sys=0.00, real=0.02 secs] 
2020-09-29T17:53:10.952+0200: 56.663: [GC (Allocation Failure) [PSYoungGen: 639461K->21700K(642048K)] 667897K->50136K(2040320K), 0.0120159 secs] [Times: user=0.13 sys=0.00, real=0.01 secs] 
2020-09-29T17:53:11.015+0200: 56.726: [GC (Allocation Failure) [PSYoungGen: 607940K->47397K(633856K)] 636376K->75833K(2032128K), 0.0219340 secs] [Times: user=0.25 sys=0.00, real=0.02 secs] 
2020-09-29T17:53:11.089+0200: 56.800: [GC (Allocation Failure) [PSYoungGen: 633637K->45733K(636928K)] 662073K->74169K(2035200K), 0.0203767 secs] [Times: user=0.13 sys=0.00, real=0.02 secs] 
2020-09-29T17:53:11.160+0200: 56.872: [GC (Allocation Failure) [PSYoungGen: 623781K->35845K(638464K)] 652217K->64281K(2036736K), 0.0165131 secs] [Times: user=0.14 sys=0.02, real=0.02 secs] 
2020-09-29T17:53:11.227+0200: 56.938: [GC (Allocation Failure) [PSYoungGen: 613893K->25540K(641024K)] 642329K->53976K(2039296K), 0.0125158 secs] [Times: user=0.13 sys=0.00, real=0.01 secs] 
2020-09-29T17:53:11.290+0200: 57.001: [GC (Allocation Failure) [PSYoungGen: 608196K->34053K(640512K)] 636632K->62489K(2038784K), 0.0166076 secs] [Times: user=0.13 sys=0.00, real=0.02 secs] 
2020-09-29T17:53:11.358+0200: 57.070: [GC (Allocation Failure) [PSYoungGen: 616709K->41861K(642048K)] 645145K->70297K(2040320K), 0.0194640 secs] [Times: user=0.13 sys=0.00, real=0.02 secs] 
2020-09-29T17:53:11.428+0200: 57.139: [GC (Allocation Failure) [PSYoungGen: 628101K->26116K(642560K)] 656537K->54552K(2040832K), 0.0127276 secs] [Times: user=0.00 sys=0.00, real=0.01 secs] 
2020-09-29T17:53:11.491+0200: 57.202: [GC (Allocation Failure) [PSYoungGen: 612356K->50628K(635904K)] 640792K->79064K(2034176K), 0.0239421 secs] [Times: user=0.13 sys=0.00, real=0.02 secs] 
2020-09-29T17:53:11.566+0200: 57.277: [GC (Allocation Failure) [PSYoungGen: 630724K->29125K(639488K)] 659160K->57561K(2037760K), 0.0143689 secs] [Times: user=0.09 sys=0.00, real=0.01 secs] 
2020-09-29T17:53:11.631+0200: 57.342: [GC (Allocation Failure) [PSYoungGen: 609221K->48709K(635392K)] 637657K->77145K(2033664K), 0.0230951 secs] [Times: user=0.13 sys=0.00, real=0.02 secs] 
2020-09-29T17:53:11.705+0200: 57.416: [GC (Allocation Failure) [PSYoungGen: 625733K->37188K(637952K)] 654169K->65624K(2036224K), 0.0200445 secs] [Times: user=0.22 sys=0.00, real=0.02 secs] 
2020-09-29T17:53:11.777+0200: 57.489: [GC (Allocation Failure) [PSYoungGen: 614212K->39941K(641024K)] 642648K->68377K(2039296K), 0.0192583 secs] [Times: user=0.13 sys=0.00, real=0.02 secs] 
2020-09-29T17:53:11.849+0200: 57.561: [GC (Allocation Failure) [PSYoungGen: 622085K->20388K(640000K)] 650521K->48824K(2038272K), 0.0100873 secs] [Times: user=0.00 sys=0.00, real=0.01 secs] 
2020-09-29T17:53:11.912+0200: 57.623: [GC (Allocation Failure) [PSYoungGen: 602532K->28196K(641536K)] 630968K->56632K(2039808K), 0.0139280 secs] [Times: user=0.00 sys=0.00, real=0.01 secs] 
2020-09-29T17:53:11.977+0200: 57.688: [GC (Allocation Failure) [PSYoungGen: 611364K->35171K(640512K)] 639800K->63607K(2038784K), 0.0185844 secs] [Times: user=0.13 sys=0.00, real=0.02 secs] 
2020-09-29T17:53:12.047+0200: 57.758: [GC (Allocation Failure) [PSYoungGen: 618339K->44069K(640512K)] 646775K->72505K(2038784K), 0.0204975 secs] [Times: user=0.23 sys=0.00, real=0.02 secs] 
2020-09-29T17:53:12.117+0200: 57.829: [GC (Allocation Failure) [PSYoungGen: 629285K->41381K(642048K)] 657721K->69817K(2040320K), 0.0195340 secs] [Times: user=0.13 sys=0.00, real=0.02 secs] 
2020-09-29T17:53:12.187+0200: 57.898: [GC (Allocation Failure) [PSYoungGen: 626597K->24708K(642048K)] 655033K->53144K(2040320K), 0.0118149 secs] [Times: user=0.13 sys=0.00, real=0.01 secs] 
2020-09-29T17:53:12.248+0200: 57.960: [GC (Allocation Failure) [PSYoungGen: 609924K->22021K(642048K)] 638360K->50457K(2040320K), 0.0094950 secs] [Times: user=0.13 sys=0.00, real=0.01 secs] 
2020-09-29T17:53:12.315+0200: 58.026: [GC (Allocation Failure) [PSYoungGen: 607237K->30019K(643584K)] 635673K->58455K(2041856K), 0.0160417 secs] [Times: user=0.13 sys=0.00, real=0.02 secs] 
2020-09-29T17:53:12.381+0200: 58.092: [GC (Allocation Failure) [PSYoungGen: 616771K->28741K(642048K)] 645207K->57177K(2040320K), 0.0133154 secs] [Times: user=0.00 sys=0.00, real=0.01 secs] 
2020-09-29T17:53:12.444+0200: 58.156: [GC (Allocation Failure) [PSYoungGen: 615493K->41285K(643072K)] 643929K->69721K(2041344K), 0.0179975 secs] [Times: user=0.13 sys=0.00, real=0.02 secs] 
2020-09-29T17:53:12.514+0200: 58.225: [GC (Allocation Failure) [PSYoungGen: 630597K->42532K(632320K)] 659033K->70968K(2030592K), 0.0207002 secs] [Times: user=0.13 sys=0.00, real=0.02 secs] 
2020-09-29T17:53:12.586+0200: 58.297: [GC (Allocation Failure) [PSYoungGen: 631844K->42724K(641024K)] 660280K->71160K(2039296K), 0.0226336 secs] [Times: user=0.11 sys=0.00, real=0.02 secs] 
2020-09-29T17:53:12.660+0200: 58.371: [GC (Allocation Failure) [PSYoungGen: 627940K->39973K(642048K)] 656376K->68409K(2040320K), 0.0183859 secs] [Times: user=0.25 sys=0.00, real=0.02 secs] 
2020-09-29T17:53:12.728+0200: 58.440: [GC (Allocation Failure) [PSYoungGen: 625189K->35876K(644608K)] 653625K->64312K(2042880K), 0.0173136 secs] [Times: user=0.13 sys=0.00, real=0.02 secs] 
2020-09-29T17:53:12.797+0200: 58.508: [GC (Allocation Failure) [PSYoungGen: 624164K->36229K(642560K)] 652600K->64665K(2040832K), 0.0174255 secs] [Times: user=0.13 sys=0.00, real=0.02 secs] 
2020-09-29T17:53:12.870+0200: 58.581: [GC (Allocation Failure) [PSYoungGen: 624517K->34980K(647680K)] 652953K->63416K(2045952K), 0.0170063 secs] [Times: user=0.13 sys=0.00, real=0.02 secs] 
2020-09-29T17:53:12.937+0200: 58.649: [GC (Allocation Failure) [PSYoungGen: 629924K->27748K(646144K)] 658360K->56184K(2044416K), 0.0140051 secs] [Times: user=0.13 sys=0.00, real=0.01 secs] 
2020-09-29T17:53:13.004+0200: 58.715: [GC (Allocation Failure) [PSYoungGen: 622692K->34821K(649216K)] 651128K->63257K(2047488K), 0.0166287 secs] [Times: user=0.25 sys=0.00, real=0.02 secs] 
2020-09-29T17:53:13.073+0200: 58.784: [GC (Allocation Failure) [PSYoungGen: 632837K->44837K(643072K)] 661273K->73273K(2041344K), 0.0211030 secs] [Times: user=0.13 sys=0.00, real=0.02 secs] 
2020-09-29T17:53:13.145+0200: 58.856: [GC (Allocation Failure) [PSYoungGen: 642853K->41221K(646144K)] 671289K->69657K(2044416K), 0.0179913 secs] [Times: user=0.13 sys=0.00, real=0.02 secs] 
2020-09-29T17:53:13.213+0200: 58.925: [GC (Allocation Failure) [PSYoungGen: 635653K->20101K(614912K)] 664089K->48537K(2013184K), 0.0086732 secs] [Times: user=0.00 sys=0.00, real=0.01 secs] 
2020-09-29T17:53:13.276+0200: 58.988: [GC (Allocation Failure) [PSYoungGen: 614533K->26180K(645632K)] 642969K->54616K(2043904K), 0.0128867 secs] [Times: user=0.13 sys=0.00, real=0.01 secs] 
2020-09-29T17:53:13.340+0200: 59.052: [GC (Allocation Failure) [PSYoungGen: 618564K->44357K(636928K)] 647000K->72793K(2035200K), 0.0209146 secs] [Times: user=0.13 sys=0.00, real=0.02 secs] 
2020-09-29T17:53:13.414+0200: 59.125: [GC (Allocation Failure) [PSYoungGen: 636741K->20932K(643072K)] 665177K->49368K(2041344K), 0.0099604 secs] [Times: user=0.00 sys=0.00, real=0.01 secs] 
2020-09-29T17:53:13.484+0200: 59.196: [GC (Allocation Failure) [PSYoungGen: 609220K->35045K(643584K)] 637656K->63481K(2041856K), 0.0161722 secs] [Times: user=0.13 sys=0.00, real=0.02 secs] 
2020-09-29T17:53:13.557+0200: 59.269: [GC (Allocation Failure) [PSYoungGen: 623333K->21316K(645120K)] 651769K->49752K(2043392K), 0.0109667 secs] [Times: user=0.13 sys=0.00, real=0.01 secs] 
2020-09-29T17:53:13.628+0200: 59.340: [GC (Allocation Failure) [PSYoungGen: 612676K->23075K(645120K)] 641112K->51511K(2043392K), 0.0140434 secs] [Times: user=0.11 sys=0.00, real=0.01 secs] 
2020-09-29T17:53:13.698+0200: 59.410: [GC (Allocation Failure) [PSYoungGen: 614435K->25123K(646656K)] 642871K->53559K(2044928K), 0.0136184 secs] [Times: user=0.13 sys=0.00, real=0.01 secs] 
2020-09-29T17:53:13.762+0200: 59.474: [GC (Allocation Failure) [PSYoungGen: 618531K->44261K(637952K)] 646967K->72697K(2036224K), 0.0203336 secs] [Times: user=0.13 sys=0.00, real=0.02 secs] 
2020-09-29T17:53:13.834+0200: 59.546: [GC (Allocation Failure) [PSYoungGen: 637669K->34691K(645120K)] 666105K->63127K(2043392K), 0.0181009 secs] [Times: user=0.13 sys=0.00, real=0.02 secs] 
2020-09-29T17:53:13.903+0200: 59.615: [GC (Allocation Failure) [PSYoungGen: 624515K->36485K(643584K)] 652951K->64921K(2041856K), 0.0174259 secs] [Times: user=0.13 sys=0.00, real=0.02 secs] 
2020-09-29T17:53:13.971+0200: 59.682: [GC (Allocation Failure) [PSYoungGen: 626309K->35204K(646656K)] 654745K->63640K(2044928K), 0.0173273 secs] [Times: user=0.13 sys=0.00, real=0.02 secs] 
2020-09-29T17:53:14.039+0200: 59.751: [GC (Allocation Failure) [PSYoungGen: 628612K->40677K(645632K)] 657048K->69113K(2043904K), 0.0192210 secs] [Times: user=0.13 sys=0.00, real=0.02 secs] 
2020-09-29T17:53:14.111+0200: 59.823: [GC (Allocation Failure) [PSYoungGen: 634085K->46213K(640000K)] 662521K->74649K(2038272K), 0.0210052 secs] [Times: user=0.25 sys=0.00, real=0.02 secs] 
2020-09-29T17:53:14.182+0200: 59.894: [GC (Allocation Failure) [PSYoungGen: 633477K->17572K(605184K)] 661913K->46008K(2003456K), 0.0084858 secs] [Times: user=0.00 sys=0.00, real=0.01 secs] 
2020-09-29T17:53:14.244+0200: 59.956: [GC (Allocation Failure) [PSYoungGen: 604836K->44357K(638976K)] 633272K->72793K(2037248K), 0.0192943 secs] [Times: user=0.13 sys=0.00, real=0.02 secs] 
2020-09-29T17:53:14.314+0200: 60.025: [GC (Allocation Failure) [PSYoungGen: 626501K->38533K(640512K)] 654937K->66969K(2038784K), 0.0176819 secs] [Times: user=0.13 sys=0.00, real=0.02 secs] 
2020-09-29T17:53:14.381+0200: 60.093: [GC (Allocation Failure) [PSYoungGen: 620677K->32837K(643072K)] 649113K->61273K(2041344K), 0.0144435 secs] [Times: user=0.13 sys=0.00, real=0.01 secs] 
2020-09-29T17:53:14.446+0200: 60.158: [GC (Allocation Failure) [PSYoungGen: 618565K->29059K(641536K)] 647001K->57495K(2039808K), 0.0152436 secs] [Times: user=0.13 sys=0.00, real=0.01 secs] 
2020-09-29T17:53:14.511+0200: 60.223: [GC (Allocation Failure) [PSYoungGen: 614787K->37412K(645120K)] 643223K->65848K(2043392K), 0.0187133 secs] [Times: user=0.13 sys=0.00, real=0.02 secs] 
2020-09-29T17:53:14.582+0200: 60.294: [GC (Allocation Failure) [PSYoungGen: 628260K->25156K(644608K)] 656696K->53592K(2042880K), 0.0131056 secs] [Times: user=0.09 sys=0.02, real=0.01 secs] 
2020-09-29T17:53:14.647+0200: 60.359: [GC (Allocation Failure) [PSYoungGen: 616004K->26724K(646144K)] 644440K->55160K(2044416K), 0.0139409 secs] [Times: user=0.13 sys=0.00, real=0.01 secs] 
2020-09-29T17:53:14.713+0200: 60.424: [GC (Allocation Failure) [PSYoungGen: 619620K->15587K(608768K)] 648056K->44023K(2007040K), 0.0083442 secs] [Times: user=0.00 sys=0.00, real=0.01 secs] 
2020-09-29T17:53:14.772+0200: 60.483: [GC (Allocation Failure) [PSYoungGen: 608483K->47941K(637952K)] 636919K->76377K(2036224K), 0.0222400 secs] [Times: user=0.13 sys=0.00, real=0.02 secs] 
2020-09-29T17:53:14.844+0200: 60.556: [GC (Allocation Failure) [PSYoungGen: 632133K->30436K(641536K)] 660569K->58872K(2039808K), 0.0150444 secs] [Times: user=0.13 sys=0.00, real=0.01 secs] 
2020-09-29T17:53:14.909+0200: 60.621: [GC (Allocation Failure) [PSYoungGen: 614628K->40357K(641536K)] 643064K->68793K(2039808K), 0.0186415 secs] [Times: user=0.25 sys=0.00, real=0.02 secs] 
2020-09-29T17:53:14.977+0200: 60.689: [GC (Allocation Failure) [PSYoungGen: 626597K->37348K(642560K)] 655033K->65784K(2040832K), 0.0185141 secs] [Times: user=0.13 sys=0.00, real=0.02 secs] 
2020-09-29T17:53:15.052+0200: 60.764: [GC (Allocation Failure) [PSYoungGen: 623588K->19075K(642560K)] 652024K->47511K(2040832K), 0.0109932 secs] [Times: user=0.00 sys=0.00, real=0.01 secs] 
2020-09-29T17:53:15.113+0200: 60.825: [GC (Allocation Failure) [PSYoungGen: 606339K->45829K(633344K)] 634775K->74265K(2031616K), 0.0205635 secs] [Times: user=0.25 sys=0.00, real=0.02 secs] 
2020-09-29T17:53:15.186+0200: 60.898: [GC (Allocation Failure) [PSYoungGen: 633093K->30179K(642560K)] 661529K->58615K(2040832K), 0.0118220 secs] [Times: user=0.13 sys=0.00, real=0.01 secs] 
2020-09-29T17:53:15.247+0200: 60.959: [GC (Allocation Failure) [PSYoungGen: 614371K->39461K(640512K)] 642807K->67897K(2038784K), 0.0133086 secs] [Times: user=0.13 sys=0.00, real=0.01 secs] 
2020-09-29T17:53:15.311+0200: 61.022: [GC (Allocation Failure) [PSYoungGen: 623653K->35749K(644096K)] 652089K->64185K(2042368K), 0.0129403 secs] [Times: user=0.13 sys=0.00, real=0.01 secs] 
2020-09-29T17:53:15.375+0200: 61.087: [GC (Allocation Failure) [PSYoungGen: 623525K->35589K(642560K)] 651961K->64025K(2040832K), 0.0127417 secs] [Times: user=0.13 sys=0.00, real=0.01 secs] 
2020-09-29T17:53:15.439+0200: 61.151: [GC (Allocation Failure) [PSYoungGen: 623365K->35268K(647168K)] 651801K->63704K(2045440K), 0.0131212 secs] [Times: user=0.13 sys=0.00, real=0.01 secs] 
2020-09-29T17:53:15.504+0200: 61.216: [GC (Allocation Failure) [PSYoungGen: 629188K->41253K(645632K)] 657624K->69689K(2043904K), 0.0139902 secs] [Times: user=0.00 sys=0.00, real=0.01 secs] 
2020-09-29T17:53:15.569+0200: 61.281: [GC (Allocation Failure) [PSYoungGen: 635173K->47333K(640000K)] 663609K->75769K(2038272K), 0.0172295 secs] [Times: user=0.11 sys=0.00, real=0.02 secs] 
2020-09-29T17:53:15.639+0200: 61.351: [GC (Allocation Failure) [PSYoungGen: 634597K->46693K(634368K)] 663033K->75129K(2032640K), 0.0161042 secs] [Times: user=0.11 sys=0.00, real=0.02 secs] 
2020-09-29T17:53:15.705+0200: 61.417: [GC (Allocation Failure) [PSYoungGen: 633957K->30532K(642048K)] 662393K->58968K(2040320K), 0.0114438 secs] [Times: user=0.13 sys=0.00, real=0.01 secs] 
2020-09-29T17:53:15.772+0200: 61.484: [GC (Allocation Failure) [PSYoungGen: 615236K->25956K(641536K)] 643672K->54392K(2039808K), 0.0115593 secs] [Times: user=0.00 sys=0.00, real=0.01 secs] 
2020-09-29T17:53:15.840+0200: 61.552: [GC (Allocation Failure) [PSYoungGen: 610660K->35332K(644608K)] 639096K->63768K(2042880K), 0.0154726 secs] [Times: user=0.11 sys=0.00, real=0.02 secs] 
2020-09-29T17:53:15.911+0200: 61.623: [GC (Allocation Failure) [PSYoungGen: 623620K->33221K(642560K)] 652056K->61657K(2040832K), 0.0129979 secs] [Times: user=0.00 sys=0.00, real=0.01 secs] 
2020-09-29T17:53:15.980+0200: 61.691: [GC (Allocation Failure) [PSYoungGen: 621509K->47269K(640512K)] 649945K->75705K(2038784K), 0.0169348 secs] [Times: user=0.13 sys=0.00, real=0.02 secs] 
2020-09-29T17:53:16.051+0200: 61.763: [GC (Allocation Failure) [PSYoungGen: 634533K->32869K(643072K)] 662969K->61305K(2041344K), 0.0130005 secs] [Times: user=0.00 sys=0.00, real=0.01 secs] 
2020-09-29T17:53:16.121+0200: 61.833: [GC (Allocation Failure) [PSYoungGen: 620133K->29700K(645120K)] 648569K->58136K(2043392K), 0.0118747 secs] [Times: user=0.13 sys=0.00, real=0.01 secs] 
2020-09-29T17:53:16.187+0200: 61.899: [GC (Allocation Failure) [PSYoungGen: 620548K->32324K(644608K)] 648984K->60760K(2042880K), 0.0119938 secs] [Times: user=0.13 sys=0.00, real=0.01 secs] 
2020-09-29T17:53:16.254+0200: 61.966: [GC (Allocation Failure) [PSYoungGen: 623172K->35205K(648192K)] 651608K->63641K(2046464K), 0.0123862 secs] [Times: user=0.00 sys=0.00, real=0.01 secs] 
2020-09-29T17:53:16.322+0200: 62.034: [GC (Allocation Failure) [PSYoungGen: 631173K->43301K(646656K)] 659609K->71737K(2044928K), 0.0158814 secs] [Times: user=0.13 sys=0.00, real=0.02 secs] 
2020-09-29T17:53:16.394+0200: 62.106: [GC (Allocation Failure) [PSYoungGen: 639269K->23524K(645632K)] 667705K->51960K(2043904K), 0.0094300 secs] [Times: user=0.09 sys=0.00, real=0.01 secs] 
2020-09-29T17:53:16.458+0200: 62.170: [GC (Allocation Failure) [PSYoungGen: 616932K->42757K(636416K)] 645368K->71193K(2034688K), 0.0148080 secs] [Times: user=0.13 sys=0.00, real=0.02 secs] 
2020-09-29T17:53:16.528+0200: 62.240: [GC (Allocation Failure) [PSYoungGen: 636165K->34437K(646656K)] 664601K->62873K(2044928K), 0.0129527 secs] [Times: user=0.13 sys=0.00, real=0.01 secs] 
2020-09-29T17:53:16.597+0200: 62.309: [GC (Allocation Failure) [PSYoungGen: 627333K->39172K(645120K)] 655769K->67608K(2043392K), 0.0152745 secs] [Times: user=0.11 sys=0.00, real=0.02 secs] 
2020-09-29T17:53:16.668+0200: 62.380: [GC (Allocation Failure) [PSYoungGen: 632068K->29284K(647168K)] 660504K->57720K(2045440K), 0.0120062 secs] [Times: user=0.13 sys=0.00, real=0.01 secs] 
2020-09-29T17:53:16.735+0200: 62.447: [GC (Allocation Failure) [PSYoungGen: 624228K->35941K(646656K)] 652664K->64377K(2044928K), 0.0127755 secs] [Times: user=0.11 sys=0.00, real=0.01 secs] 
2020-09-29T17:53:16.804+0200: 62.516: [GC (Allocation Failure) [PSYoungGen: 630885K->43013K(645632K)] 659321K->71449K(2043904K), 0.0162263 secs] [Times: user=0.13 sys=0.00, real=0.02 secs] 
2020-09-29T17:53:16.876+0200: 62.587: [GC (Allocation Failure) [PSYoungGen: 638469K->36677K(647168K)] 666905K->65113K(2045440K), 0.0147865 secs] [Times: user=0.11 sys=0.00, real=0.02 secs] 
2020-09-29T17:53:16.946+0200: 62.657: [GC (Allocation Failure) [PSYoungGen: 632133K->44261K(645632K)] 660569K->72697K(2043904K), 0.0154568 secs] [Times: user=0.13 sys=0.00, real=0.01 secs] 
2020-09-29T17:53:17.016+0200: 62.727: [GC (Allocation Failure) [PSYoungGen: 639717K->23332K(619008K)] 668153K->51768K(2017280K), 0.0091621 secs] [Times: user=0.11 sys=0.00, real=0.01 secs] 
2020-09-29T17:53:17.083+0200: 62.794: [GC (Allocation Failure) [PSYoungGen: 618788K->44613K(643072K)] 647224K->73049K(2041344K), 0.0148210 secs] [Times: user=0.00 sys=0.00, real=0.02 secs] 
2020-09-29T17:53:17.152+0200: 62.863: [GC (Allocation Failure) [PSYoungGen: 634949K->31844K(644608K)] 663385K->60280K(2042880K), 0.0121231 secs] [Times: user=0.13 sys=0.00, real=0.01 secs] 
2020-09-29T17:53:17.218+0200: 62.929: [GC (Allocation Failure) [PSYoungGen: 622180K->33476K(646656K)] 650616K->61912K(2044928K), 0.0124689 secs] [Times: user=0.13 sys=0.00, real=0.01 secs] 
2020-09-29T17:53:17.286+0200: 62.997: [GC (Allocation Failure) [PSYoungGen: 626884K->38917K(645632K)] 655320K->67353K(2043904K), 0.0137986 secs] [Times: user=0.00 sys=0.00, real=0.01 secs] 
2020-09-29T17:53:17.355+0200: 63.066: [GC (Allocation Failure) [PSYoungGen: 632325K->16740K(644096K)] 660761K->45176K(2042368K), 0.0061907 secs] [Times: user=0.00 sys=0.00, real=0.01 secs] 
2020-09-29T17:53:17.415+0200: 63.126: [GC (Allocation Failure) [PSYoungGen: 609124K->34853K(645632K)] 637560K->63289K(2043904K), 0.0125761 secs] [Times: user=0.13 sys=0.00, real=0.01 secs] 
2020-09-29T17:53:17.481+0200: 63.192: [GC (Allocation Failure) [PSYoungGen: 627237K->39365K(646144K)] 655673K->67801K(2044416K), 0.0149502 secs] [Times: user=0.09 sys=0.00, real=0.02 secs] 
2020-09-29T17:53:17.551+0200: 63.262: [GC (Allocation Failure) [PSYoungGen: 633797K->32165K(646656K)] 662233K->60601K(2044928K), 0.0114198 secs] [Times: user=0.09 sys=0.00, real=0.01 secs] 
2020-09-29T17:53:17.618+0200: 63.329: [GC (Allocation Failure) [PSYoungGen: 626597K->37988K(648192K)] 655033K->66424K(2046464K), 0.0150986 secs] [Times: user=0.11 sys=0.00, real=0.01 secs] 
2020-09-29T17:53:17.689+0200: 63.400: [GC (Allocation Failure) [PSYoungGen: 635492K->33284K(648192K)] 663928K->61720K(2046464K), 0.0128327 secs] [Times: user=0.13 sys=0.00, real=0.01 secs] 
2020-09-29T17:53:17.758+0200: 63.469: [GC (Allocation Failure) [PSYoungGen: 630788K->28548K(650240K)] 659224K->56984K(2048512K), 0.0109143 secs] [Times: user=0.00 sys=0.00, real=0.01 secs] 
2020-09-29T17:53:17.825+0200: 63.537: [GC (Allocation Failure) [PSYoungGen: 629636K->26820K(649728K)] 658072K->55256K(2048000K), 0.0108793 secs] [Times: user=0.13 sys=0.00, real=0.01 secs] 
2020-09-29T17:53:17.893+0200: 63.604: [GC (Allocation Failure) [PSYoungGen: 627908K->40037K(648192K)] 656344K->68473K(2046464K), 0.0145112 secs] [Times: user=0.11 sys=0.00, real=0.01 secs] 
2020-09-29T17:53:17.961+0200: 63.673: [GC (Allocation Failure) [PSYoungGen: 639589K->23556K(649216K)] 668025K->51992K(2047488K), 0.0087304 secs] [Times: user=0.00 sys=0.00, real=0.01 secs] 
2020-09-29T17:53:18.025+0200: 63.736: [GC (Allocation Failure) [PSYoungGen: 623108K->35301K(649728K)] 651544K->63737K(2048000K), 0.0125894 secs] [Times: user=0.11 sys=0.00, real=0.01 secs] 
2020-09-29T17:53:18.094+0200: 63.806: [GC (Allocation Failure) [PSYoungGen: 635365K->33765K(649216K)] 663801K->62201K(2047488K), 0.0115014 secs] [Times: user=0.13 sys=0.00, real=0.01 secs] 
2020-09-29T17:53:18.160+0200: 63.872: [GC (Allocation Failure) [PSYoungGen: 633829K->31045K(652288K)] 662265K->59481K(2050560K), 0.0129988 secs] [Times: user=0.09 sys=0.00, real=0.01 secs] 
2020-09-29T17:53:18.229+0200: 63.940: [GC (Allocation Failure) [PSYoungGen: 635717K->46565K(651264K)] 664153K->76209K(2049536K), 0.0163003 secs] [Times: user=0.13 sys=0.00, real=0.02 secs] 
2020-09-29T17:53:18.302+0200: 64.013: [GC (Allocation Failure) [PSYoungGen: 651237K->23653K(644096K)] 680881K->53297K(2042368K), 0.0098322 secs] [Times: user=0.00 sys=0.00, real=0.01 secs] 
2020-09-29T17:53:18.369+0200: 64.080: [GC (Allocation Failure) [PSYoungGen: 620133K->16579K(613376K)] 649777K->46223K(2011648K), 0.0083886 secs] [Times: user=0.00 sys=0.00, real=0.01 secs] 
2020-09-29T17:53:18.433+0200: 64.145: [GC (Allocation Failure) [PSYoungGen: 613059K->38885K(645632K)] 642703K->68529K(2043904K), 0.0149925 secs] [Times: user=0.13 sys=0.00, real=0.01 secs] 
2020-09-29T17:53:18.503+0200: 64.214: [GC (Allocation Failure) [PSYoungGen: 632293K->29221K(646144K)] 661937K->58865K(2044416K), 0.0120797 secs] [Times: user=0.09 sys=0.00, real=0.01 secs] 
2020-09-29T17:53:18.571+0200: 64.282: [GC (Allocation Failure) [PSYoungGen: 622629K->34308K(648704K)] 652273K->63952K(2046976K), 0.0144782 secs] [Times: user=0.11 sys=0.00, real=0.01 secs] 
2020-09-29T17:53:18.642+0200: 64.353: [GC (Allocation Failure) [PSYoungGen: 631812K->30181K(647680K)] 661456K->59825K(2045952K), 0.0112054 secs] [Times: user=0.09 sys=0.00, real=0.01 secs] 
2020-09-29T17:53:18.707+0200: 64.419: [GC (Allocation Failure) [PSYoungGen: 627685K->26149K(650752K)] 657329K->55793K(2049024K), 0.0099939 secs] [Times: user=0.11 sys=0.02, real=0.01 secs] 
2020-09-29T17:53:18.773+0200: 64.484: [GC (Allocation Failure) [PSYoungGen: 628261K->38916K(641536K)] 657905K->68560K(2039808K), 0.0165211 secs] [Times: user=0.09 sys=0.00, real=0.02 secs] 
2020-09-29T17:53:18.845+0200: 64.556: [GC (Allocation Failure) [PSYoungGen: 641028K->39429K(647680K)] 670672K->69073K(2045952K), 0.0136191 secs] [Times: user=0.13 sys=0.00, real=0.01 secs] 
2020-09-29T17:53:18.914+0200: 64.625: [GC (Allocation Failure) [PSYoungGen: 637957K->36389K(648704K)] 667601K->66033K(2046976K), 0.0130789 secs] [Times: user=0.13 sys=0.00, real=0.01 secs] 
2020-09-29T17:53:18.982+0200: 64.693: [GC (Allocation Failure) [PSYoungGen: 634917K->31493K(650240K)] 664561K->61137K(2048512K), 0.0130198 secs] [Times: user=0.09 sys=0.00, real=0.01 secs] 
2020-09-29T17:53:19.050+0200: 64.761: [GC (Allocation Failure) [PSYoungGen: 632069K->27716K(649216K)] 661713K->57360K(2047488K), 0.0109279 secs] [Times: user=0.11 sys=0.00, real=0.01 secs] 
2020-09-29T17:53:19.118+0200: 64.829: [GC (Allocation Failure) [PSYoungGen: 628292K->26019K(651264K)] 657936K->55663K(2049536K), 0.0111017 secs] [Times: user=0.00 sys=0.00, real=0.01 secs] 
2020-09-29T17:53:19.183+0200: 64.895: [GC (Allocation Failure) [PSYoungGen: 629155K->39492K(643072K)] 658799K->69136K(2041344K), 0.0153474 secs] [Times: user=0.11 sys=0.00, real=0.02 secs] 
2020-09-29T17:53:19.253+0200: 64.965: [GC (Allocation Failure) [PSYoungGen: 642628K->39620K(648192K)] 672272K->69264K(2046464K), 0.0145574 secs] [Times: user=0.09 sys=0.02, real=0.01 secs] 
2020-09-29T17:53:19.323+0200: 65.035: [GC (Allocation Failure) [PSYoungGen: 639172K->22339K(622080K)] 668816K->51983K(2020352K), 0.0098009 secs] [Times: user=0.13 sys=0.00, real=0.01 secs] 
2020-09-29T17:53:19.387+0200: 65.099: [GC (Allocation Failure) [PSYoungGen: 621891K->47749K(641536K)] 651535K->77393K(2039808K), 0.0159454 secs] [Times: user=0.13 sys=0.00, real=0.02 secs] 
2020-09-29T17:53:19.457+0200: 65.169: [GC (Allocation Failure) [PSYoungGen: 639109K->22371K(645120K)] 668753K->52015K(2043392K), 0.0094394 secs] [Times: user=0.00 sys=0.00, real=0.01 secs] 
2020-09-29T17:53:19.521+0200: 65.233: [GC (Allocation Failure) [PSYoungGen: 613731K->52997K(633856K)] 643375K->82641K(2032128K), 0.0179579 secs] [Times: user=0.13 sys=0.00, real=0.02 secs] 
2020-09-29T17:53:19.592+0200: 65.304: [GC (Allocation Failure) [PSYoungGen: 633093K->17188K(597504K)] 662737K->46832K(1995776K), 0.0065222 secs] [Times: user=0.11 sys=0.00, real=0.01 secs] 
2020-09-29T17:53:19.652+0200: 65.364: [GC (Allocation Failure) [PSYoungGen: 597284K->50469K(631808K)] 626928K->80113K(2030080K), 0.0170792 secs] [Times: user=0.13 sys=0.00, real=0.02 secs] 
2020-09-29T17:53:19.722+0200: 65.434: [GC (Allocation Failure) [PSYoungGen: 622373K->34341K(635392K)] 652017K->63985K(2033664K), 0.0131640 secs] [Times: user=0.11 sys=0.00, real=0.01 secs] 
2020-09-29T17:53:19.789+0200: 65.501: [GC (Allocation Failure) [PSYoungGen: 606245K->45669K(634880K)] 635889K->75313K(2033152K), 0.0177563 secs] [Times: user=0.13 sys=0.00, real=0.02 secs] 
2020-09-29T17:53:19.860+0200: 65.572: [GC (Allocation Failure) [PSYoungGen: 619621K->45156K(619520K)] 649265K->74800K(2017792K), 0.0160347 secs] [Times: user=0.13 sys=0.00, real=0.02 secs] 
2020-09-29T17:53:19.928+0200: 65.640: [GC (Allocation Failure) [PSYoungGen: 619108K->16131K(633856K)] 648752K->45775K(2032128K), 0.0069164 secs] [Times: user=0.00 sys=0.00, real=0.01 secs] 
2020-09-29T17:53:19.986+0200: 65.698: [GC (Allocation Failure) [PSYoungGen: 587011K->11396K(582656K)] 616655K->41040K(1980928K), 0.0043147 secs] [Times: user=0.11 sys=0.00, real=0.00 secs] 
2020-09-29T17:53:20.042+0200: 65.754: [GC (Allocation Failure) [PSYoungGen: 582276K->35429K(635904K)] 611920K->65073K(2034176K), 0.0131256 secs] [Times: user=0.11 sys=0.00, real=0.01 secs] 
2020-09-29T17:53:20.108+0200: 65.820: [GC (Allocation Failure) [PSYoungGen: 606309K->29955K(633856K)] 635953K->59599K(2032128K), 0.0133085 secs] [Times: user=0.09 sys=0.00, real=0.01 secs] 
2020-09-29T17:53:20.173+0200: 65.885: [GC (Allocation Failure) [PSYoungGen: 600835K->40228K(638464K)] 630479K->69872K(2036736K), 0.0151780 secs] [Times: user=0.11 sys=0.00, real=0.01 secs] 
2020-09-29T17:53:20.242+0200: 65.953: [GC (Allocation Failure) [PSYoungGen: 618276K->30116K(638464K)] 647920K->59760K(2036736K), 0.0114368 secs] [Times: user=0.00 sys=0.00, real=0.01 secs] 
2020-09-29T17:53:20.306+0200: 66.017: [GC (Allocation Failure) [PSYoungGen: 608164K->33156K(643072K)] 637808K->62800K(2041344K), 0.0138175 secs] [Times: user=0.11 sys=0.00, real=0.01 secs] 
2020-09-29T17:53:20.373+0200: 66.084: [GC (Allocation Failure) [PSYoungGen: 617860K->43653K(640512K)] 647504K->73297K(2038784K), 0.0157226 secs] [Times: user=0.11 sys=0.00, real=0.02 secs] 
2020-09-29T17:53:20.442+0200: 66.153: [GC (Allocation Failure) [PSYoungGen: 628357K->10914K(637952K)] 658001K->40558K(2036224K), 0.0049993 secs] [Times: user=0.09 sys=0.00, real=0.01 secs] 
2020-09-29T17:53:20.499+0200: 66.210: [GC (Allocation Failure) [PSYoungGen: 591010K->29316K(639488K)] 620654K->58960K(2037760K), 0.0108518 secs] [Times: user=0.13 sys=0.00, real=0.01 secs] 
2020-09-29T17:53:20.564+0200: 66.275: [GC (Allocation Failure) [PSYoungGen: 609412K->35077K(643072K)] 639056K->64721K(2041344K), 0.0152311 secs] [Times: user=0.09 sys=0.00, real=0.02 secs] 
2020-09-29T17:53:20.634+0200: 66.345: [GC (Allocation Failure) [PSYoungGen: 621317K->33284K(642048K)] 650961K->62928K(2040320K), 0.0134374 secs] [Times: user=0.11 sys=0.00, real=0.01 secs] 
2020-09-29T17:53:20.701+0200: 66.412: [GC (Allocation Failure) [PSYoungGen: 619524K->31524K(647168K)] 649168K->61168K(2045440K), 0.0121887 secs] [Times: user=0.11 sys=0.00, real=0.01 secs] 
2020-09-29T17:53:20.767+0200: 66.478: [GC (Allocation Failure) [PSYoungGen: 624932K->35588K(645120K)] 654576K->65232K(2043392K), 0.0133229 secs] [Times: user=0.09 sys=0.00, real=0.01 secs] 
2020-09-29T17:53:20.835+0200: 66.547: [GC (Allocation Failure) [PSYoungGen: 628996K->27429K(648704K)] 658640K->57073K(2046976K), 0.0103917 secs] [Times: user=0.00 sys=0.00, real=0.01 secs] 
2020-09-29T17:53:20.899+0200: 66.610: [GC (Allocation Failure) [PSYoungGen: 624933K->35748K(647680K)] 654577K->65392K(2045952K), 0.0127709 secs] [Times: user=0.13 sys=0.00, real=0.01 secs] 
2020-09-29T17:53:20.962+0200: 66.673: [GC (Allocation Failure) [PSYoungGen: 633252K->31621K(650752K)] 662896K->61265K(2049024K), 0.0107284 secs] [Times: user=0.00 sys=0.00, real=0.01 secs] 
2020-09-29T17:53:21.024+0200: 66.735: [GC (Allocation Failure) [PSYoungGen: 632709K->43204K(644608K)] 662353K->72848K(2042880K), 0.0149968 secs] [Times: user=0.13 sys=0.00, real=0.02 secs] 
2020-09-29T17:53:21.092+0200: 66.803: [GC (Allocation Failure) [PSYoungGen: 644292K->41444K(645120K)] 673936K->71088K(2043392K), 0.0146314 secs] [Times: user=0.13 sys=0.00, real=0.01 secs] 
2020-09-29T17:53:21.157+0200: 66.869: [GC (Allocation Failure) [PSYoungGen: 635876K->48037K(642560K)] 665520K->77681K(2040832K), 0.0160798 secs] [Times: user=0.13 sys=0.00, real=0.02 secs] 
2020-09-29T17:53:21.224+0200: 66.935: [GC (Allocation Failure) [PSYoungGen: 642469K->40805K(643584K)] 672113K->70449K(2041856K), 0.0136208 secs] [Times: user=0.00 sys=0.00, real=0.01 secs] 
2020-09-29T17:53:21.289+0200: 67.000: [GC (Allocation Failure) [PSYoungGen: 629093K->27236K(643584K)] 658737K->56880K(2041856K), 0.0101969 secs] [Times: user=0.00 sys=0.00, real=0.01 secs] 
2020-09-29T17:53:21.350+0200: 67.061: [GC (Allocation Failure) [PSYoungGen: 615524K->41317K(643072K)] 645168K->70961K(2041344K), 0.0149478 secs] [Times: user=0.13 sys=0.00, real=0.02 secs] 
2020-09-29T17:53:21.415+0200: 67.126: [GC (Allocation Failure) [PSYoungGen: 629605K->41701K(630272K)] 659249K->71345K(2028544K), 0.0141048 secs] [Times: user=0.13 sys=0.00, real=0.01 secs] 
2020-09-29T17:53:21.480+0200: 67.191: [GC (Allocation Failure) [PSYoungGen: 629989K->27780K(643584K)] 659633K->57424K(2041856K), 0.0103561 secs] [Times: user=0.13 sys=0.00, real=0.01 secs] 
2020-09-29T17:53:21.541+0200: 67.252: [GC (Allocation Failure) [PSYoungGen: 615556K->41381K(643072K)] 645200K->71025K(2041344K), 0.0143102 secs] [Times: user=0.13 sys=0.00, real=0.01 secs] 
2020-09-29T17:53:21.607+0200: 67.319: [GC (Allocation Failure) [PSYoungGen: 629157K->41253K(643584K)] 658801K->70897K(2041856K), 0.0147878 secs] [Times: user=0.11 sys=0.00, real=0.01 secs] 
2020-09-29T17:53:21.673+0200: 67.384: [GC (Allocation Failure) [PSYoungGen: 629541K->41605K(643584K)] 659185K->71249K(2041856K), 0.0145122 secs] [Times: user=0.13 sys=0.00, real=0.01 secs] 
2020-09-29T17:53:21.738+0200: 67.449: [GC (Allocation Failure) [PSYoungGen: 629893K->42021K(643584K)] 659537K->71665K(2041856K), 0.0136950 secs] [Times: user=0.13 sys=0.00, real=0.01 secs] 
2020-09-29T17:53:21.803+0200: 67.514: [GC (Allocation Failure) [PSYoungGen: 630309K->42277K(643584K)] 659953K->71921K(2041856K), 0.0143126 secs] [Times: user=0.13 sys=0.00, real=0.01 secs] 
2020-09-29T17:53:21.870+0200: 67.581: [GC (Allocation Failure) [PSYoungGen: 630565K->27652K(643584K)] 660209K->57296K(2041856K), 0.0108214 secs] [Times: user=0.13 sys=0.00, real=0.01 secs] 
2020-09-29T17:53:21.932+0200: 67.643: [GC (Allocation Failure) [PSYoungGen: 615940K->27588K(643584K)] 645584K->57232K(2041856K), 0.0101030 secs] [Times: user=0.13 sys=0.00, real=0.01 secs] 
2020-09-29T17:53:21.993+0200: 67.704: [GC (Allocation Failure) [PSYoungGen: 615876K->26307K(644096K)] 645520K->55951K(2042368K), 0.0100712 secs] [Times: user=0.00 sys=0.00, real=0.01 secs] 
2020-09-29T17:53:22.053+0200: 67.764: [GC (Allocation Failure) [PSYoungGen: 615107K->40196K(643584K)] 644751K->69840K(2041856K), 0.0146404 secs] [Times: user=0.13 sys=0.00, real=0.02 secs] 
2020-09-29T17:53:22.118+0200: 67.830: [GC (Allocation Failure) [PSYoungGen: 628996K->52901K(634880K)] 658640K->82545K(2033152K), 0.0179983 secs] [Times: user=0.13 sys=0.00, real=0.02 secs] 
2020-09-29T17:53:22.186+0200: 67.897: [GC (Allocation Failure) [PSYoungGen: 632997K->45061K(625664K)] 662641K->74705K(2023936K), 0.0143919 secs] [Times: user=0.13 sys=0.00, real=0.01 secs] 
2020-09-29T17:53:22.250+0200: 67.961: [GC (Allocation Failure) [PSYoungGen: 625157K->37285K(641024K)] 654801K->66929K(2039296K), 0.0131186 secs] [Times: user=0.13 sys=0.00, real=0.01 secs] 
2020-09-29T17:53:22.312+0200: 68.024: [GC (Allocation Failure) [PSYoungGen: 618405K->28708K(638976K)] 648049K->58352K(2037248K), 0.0106881 secs] [Times: user=0.13 sys=0.00, real=0.01 secs] 
2020-09-29T17:53:22.373+0200: 68.084: [GC (Allocation Failure) [PSYoungGen: 609828K->35621K(643072K)] 639472K->65265K(2041344K), 0.0118928 secs] [Times: user=0.13 sys=0.00, real=0.01 secs] 
2020-09-29T17:53:22.435+0200: 68.147: [GC (Allocation Failure) [PSYoungGen: 620837K->32741K(641024K)] 650481K->62385K(2039296K), 0.0116538 secs] [Times: user=0.13 sys=0.00, real=0.01 secs] 
2020-09-29T17:53:22.497+0200: 68.208: [GC (Allocation Failure) [PSYoungGen: 617957K->43717K(642048K)] 647601K->73361K(2040320K), 0.0150520 secs] [Times: user=0.13 sys=0.00, real=0.02 secs] 
2020-09-29T17:53:22.562+0200: 68.273: [GC (Allocation Failure) [PSYoungGen: 630981K->27940K(643072K)] 660625K->57584K(2041344K), 0.0103922 secs] [Times: user=0.13 sys=0.00, real=0.01 secs] 
2020-09-29T17:53:22.624+0200: 68.336: [GC (Allocation Failure) [PSYoungGen: 615204K->26819K(643584K)] 644848K->56463K(2041856K), 0.0116506 secs] [Times: user=0.11 sys=0.00, real=0.01 secs] 
2020-09-29T17:53:22.690+0200: 68.401: [GC (Allocation Failure) [PSYoungGen: 615107K->25411K(643584K)] 644751K->55055K(2041856K), 0.0099879 secs] [Times: user=0.13 sys=0.00, real=0.01 secs] 
2020-09-29T17:53:22.750+0200: 68.461: [GC (Allocation Failure) [PSYoungGen: 613699K->22020K(644096K)] 643343K->51664K(2042368K), 0.0079749 secs] [Times: user=0.13 sys=0.00, real=0.01 secs] 
2020-09-29T17:53:22.809+0200: 68.520: [GC (Allocation Failure) [PSYoungGen: 611332K->36932K(644096K)] 640976K->66576K(2042368K), 0.0137489 secs] [Times: user=0.13 sys=0.00, real=0.01 secs] 
2020-09-29T17:53:22.874+0200: 68.585: [GC (Allocation Failure) [PSYoungGen: 626244K->37669K(645120K)] 655888K->67313K(2043392K), 0.0135085 secs] [Times: user=0.13 sys=0.00, real=0.01 secs] 
2020-09-29T17:53:22.939+0200: 68.650: [GC (Allocation Failure) [PSYoungGen: 628517K->26500K(644608K)] 658161K->56144K(2042880K), 0.0098961 secs] [Times: user=0.13 sys=0.00, real=0.01 secs] 
2020-09-29T17:53:23.000+0200: 68.711: [GC (Allocation Failure) [PSYoungGen: 617348K->42564K(643072K)] 646992K->72208K(2041344K), 0.0149528 secs] [Times: user=0.13 sys=0.00, real=0.02 secs] 
2020-09-29T17:53:23.066+0200: 68.778: [GC (Allocation Failure) [PSYoungGen: 632900K->44901K(635392K)] 662544K->74545K(2033664K), 0.0154573 secs] [Times: user=0.09 sys=0.00, real=0.02 secs] 
2020-09-29T17:53:23.132+0200: 68.844: [GC (Allocation Failure) [PSYoungGen: 635237K->33220K(644096K)] 664881K->62864K(2042368K), 0.0117604 secs] [Times: user=0.00 sys=0.00, real=0.01 secs] 
2020-09-29T17:53:23.195+0200: 68.906: [GC (Allocation Failure) [PSYoungGen: 620996K->54757K(642560K)] 650640K->90049K(2040832K), 0.0204689 secs] [Times: user=0.13 sys=0.00, real=0.02 secs] 
2020-09-29T17:53:23.266+0200: 68.977: [GC (Allocation Failure) [PSYoungGen: 642533K->30179K(633344K)] 677825K->65471K(2031616K), 0.0117405 secs] [Times: user=0.13 sys=0.00, real=0.01 secs] 
2020-09-29T17:53:23.326+0200: 69.038: [GC (Allocation Failure) [PSYoungGen: 607203K->19108K(596480K)] 642495K->54400K(1994752K), 0.0069693 secs] [Times: user=0.13 sys=0.00, real=0.01 secs] 
2020-09-29T17:53:23.383+0200: 69.094: [GC (Allocation Failure) [PSYoungGen: 596132K->19523K(637440K)] 631424K->54815K(2035712K), 0.0077724 secs] [Times: user=0.00 sys=0.00, real=0.01 secs] 
2020-09-29T17:53:23.442+0200: 69.153: [GC (Allocation Failure) [PSYoungGen: 595523K->34917K(637440K)] 630815K->70209K(2035712K), 0.0123073 secs] [Times: user=0.00 sys=0.00, real=0.01 secs] 
2020-09-29T17:53:23.504+0200: 69.215: [GC (Allocation Failure) [PSYoungGen: 610917K->35940K(641024K)] 646209K->71232K(2039296K), 0.0129920 secs] [Times: user=0.13 sys=0.00, real=0.01 secs] 
2020-09-29T17:53:23.571+0200: 69.282: [GC (Allocation Failure) [PSYoungGen: 617572K->29733K(639488K)] 652864K->65025K(2037760K), 0.0110246 secs] [Times: user=0.00 sys=0.00, real=0.01 secs] 
2020-09-29T17:53:23.633+0200: 69.344: [GC (Allocation Failure) [PSYoungGen: 611365K->37029K(643584K)] 646657K->72321K(2041856K), 0.0125479 secs] [Times: user=0.13 sys=0.00, real=0.01 secs] 
2020-09-29T17:53:23.702+0200: 69.413: [GC (Allocation Failure) [PSYoungGen: 624805K->36741K(643072K)] 660097K->72033K(2041344K), 0.0128845 secs] [Times: user=0.13 sys=0.00, real=0.01 secs] 
2020-09-29T17:53:23.765+0200: 69.477: [GC (Allocation Failure) [PSYoungGen: 624517K->50309K(637440K)] 659809K->85601K(2035712K), 0.0165686 secs] [Times: user=0.13 sys=0.00, real=0.02 secs] 
2020-09-29T17:53:23.832+0200: 69.544: [GC (Allocation Failure) [PSYoungGen: 633477K->31941K(641024K)] 668769K->67233K(2039296K), 0.0113621 secs] [Times: user=0.13 sys=0.00, real=0.01 secs] 
2020-09-29T17:53:23.897+0200: 69.608: [GC (Allocation Failure) [PSYoungGen: 615109K->27075K(643072K)] 650401K->62367K(2041344K), 0.0103445 secs] [Times: user=0.00 sys=0.00, real=0.01 secs] 
2020-09-29T17:53:23.958+0200: 69.669: [GC (Allocation Failure) [PSYoungGen: 613827K->39493K(642560K)] 649119K->74785K(2040832K), 0.0128515 secs] [Times: user=0.00 sys=0.00, real=0.01 secs] 
2020-09-29T17:53:24.021+0200: 69.733: [GC (Allocation Failure) [PSYoungGen: 626245K->37348K(644608K)] 661537K->72640K(2042880K), 0.0139099 secs] [Times: user=0.00 sys=0.00, real=0.01 secs] 
2020-09-29T17:53:24.087+0200: 69.799: [GC (Allocation Failure) [PSYoungGen: 626148K->22819K(643072K)] 661440K->58111K(2041344K), 0.0096683 secs] [Times: user=0.00 sys=0.00, real=0.01 secs] 
2020-09-29T17:53:24.148+0200: 69.859: [GC (Allocation Failure) [PSYoungGen: 611619K->37381K(645120K)] 646911K->72673K(2043392K), 0.0124843 secs] [Times: user=0.00 sys=0.00, real=0.01 secs] 
2020-09-29T17:53:24.211+0200: 69.922: [GC (Allocation Failure) [PSYoungGen: 627717K->25925K(644096K)] 663009K->61217K(2042368K), 0.0087479 secs] [Times: user=0.00 sys=0.00, real=0.01 secs] 
2020-09-29T17:53:24.271+0200: 69.982: [GC (Allocation Failure) [PSYoungGen: 616261K->42053K(642560K)] 651553K->77345K(2040832K), 0.0135520 secs] [Times: user=0.00 sys=0.00, real=0.01 secs] 
2020-09-29T17:53:24.335+0200: 70.046: [GC (Allocation Failure) [PSYoungGen: 631365K->43461K(632832K)] 666657K->78753K(2031104K), 0.0152436 secs] [Times: user=0.13 sys=0.00, real=0.01 secs] 
2020-09-29T17:53:24.404+0200: 70.115: [GC (Allocation Failure) [PSYoungGen: 632773K->44837K(640000K)] 668065K->80129K(2038272K), 0.0175072 secs] [Times: user=0.13 sys=0.00, real=0.02 secs] 
2020-09-29T17:53:24.475+0200: 70.186: [GC (Allocation Failure) [PSYoungGen: 629029K->41029K(641536K)] 664321K->76321K(2039808K), 0.0154127 secs] [Times: user=0.13 sys=0.00, real=0.02 secs] 
2020-09-29T17:53:24.543+0200: 70.254: [GC (Allocation Failure) [PSYoungGen: 625221K->22500K(641536K)] 660513K->57792K(2039808K), 0.0103352 secs] [Times: user=0.13 sys=0.00, real=0.01 secs] 
2020-09-29T17:53:24.606+0200: 70.317: [GC (Allocation Failure) [PSYoungGen: 606692K->32067K(641536K)] 641984K->67359K(2039808K), 0.0132735 secs] [Times: user=0.11 sys=0.00, real=0.01 secs] 
2020-09-29T17:53:24.670+0200: 70.381: [GC (Allocation Failure) [PSYoungGen: 616259K->25380K(643584K)] 651551K->60672K(2041856K), 0.0092805 secs] [Times: user=0.13 sys=0.00, real=0.01 secs] 
2020-09-29T17:53:24.729+0200: 70.441: [GC (Allocation Failure) [PSYoungGen: 613156K->38501K(643072K)] 648448K->73793K(2041344K), 0.0131615 secs] [Times: user=0.13 sys=0.00, real=0.01 secs] 
2020-09-29T17:53:24.793+0200: 70.504: [GC (Allocation Failure) [PSYoungGen: 626277K->36709K(645120K)] 661569K->72001K(2043392K), 0.0126772 secs] [Times: user=0.13 sys=0.00, real=0.01 secs] 
2020-09-29T17:53:24.863+0200: 70.574: [GC (Allocation Failure) [PSYoungGen: 627045K->25380K(644096K)] 662337K->60672K(2042368K), 0.0096599 secs] [Times: user=0.13 sys=0.00, real=0.01 secs] 
2020-09-29T17:53:24.923+0200: 70.634: [GC (Allocation Failure) [PSYoungGen: 615716K->41509K(643584K)] 651008K->76801K(2041856K), 0.0139339 secs] [Times: user=0.13 sys=0.00, real=0.01 secs] 
2020-09-29T17:53:24.988+0200: 70.699: [GC (Allocation Failure) [PSYoungGen: 631845K->29124K(644608K)] 667137K->64416K(2042880K), 0.0110713 secs] [Times: user=0.13 sys=0.00, real=0.01 secs] 
2020-09-29T17:53:25.049+0200: 70.761: [GC (Allocation Failure) [PSYoungGen: 619460K->15938K(643584K)] 654752K->51230K(2041856K), 0.0077145 secs] [Times: user=0.13 sys=0.00, real=0.01 secs] 
2020-09-29T17:53:25.109+0200: 70.820: [GC (Allocation Failure) [PSYoungGen: 606274K->31684K(644608K)] 641566K->66976K(2042880K), 0.0112774 secs] [Times: user=0.13 sys=0.00, real=0.01 secs] 
2020-09-29T17:53:25.172+0200: 70.883: [GC (Allocation Failure) [PSYoungGen: 622020K->34117K(647680K)] 657312K->69409K(2045952K), 0.0115198 secs] [Times: user=0.13 sys=0.00, real=0.01 secs] 
2020-09-29T17:53:25.234+0200: 70.945: [GC (Allocation Failure) [PSYoungGen: 629573K->27877K(646656K)] 664865K->63169K(2044928K), 0.0097657 secs] [Times: user=0.13 sys=0.00, real=0.01 secs] 
2020-09-29T17:53:25.294+0200: 71.006: [GC (Allocation Failure) [PSYoungGen: 623333K->19875K(648704K)] 658625K->55167K(2046976K), 0.0079694 secs] [Times: user=0.13 sys=0.00, real=0.01 secs] 
2020-09-29T17:53:25.354+0200: 71.065: [GC (Allocation Failure) [PSYoungGen: 618403K->44165K(643072K)] 653695K->79457K(2041344K), 0.0155804 secs] [Times: user=0.13 sys=0.00, real=0.02 secs] 
2020-09-29T17:53:25.421+0200: 71.132: [GC (Allocation Failure) [PSYoungGen: 642693K->41093K(642560K)] 677985K->76385K(2040832K), 0.0137869 secs] [Times: user=0.13 sys=0.00, real=0.01 secs] 
2020-09-29T17:53:25.485+0200: 71.197: [GC (Allocation Failure) [PSYoungGen: 630405K->28676K(644096K)] 665697K->63968K(2042368K), 0.0104045 secs] [Times: user=0.13 sys=0.00, real=0.01 secs] 
2020-09-29T17:53:25.547+0200: 71.258: [GC (Allocation Failure) [PSYoungGen: 617988K->29124K(647168K)] 653280K->64416K(2045440K), 0.0105729 secs] [Times: user=0.13 sys=0.00, real=0.01 secs] 
2020-09-29T17:53:25.611+0200: 71.323: [GC (Allocation Failure) [PSYoungGen: 623044K->48901K(643072K)] 658336K->84193K(2041344K), 0.0184935 secs] [Times: user=0.14 sys=0.00, real=0.02 secs] 
2020-09-29T17:53:25.681+0200: 71.392: [GC (Allocation Failure) [PSYoungGen: 642821K->11332K(638976K)] 678113K->46624K(2037248K), 0.0039875 secs] [Times: user=0.00 sys=0.00, real=0.00 secs] 
2020-09-29T17:53:25.735+0200: 71.446: [GC (Allocation Failure) [PSYoungGen: 594500K->33861K(641024K)] 629792K->69153K(2039296K), 0.0118371 secs] [Times: user=0.13 sys=0.00, real=0.01 secs] 
2020-09-29T17:53:25.797+0200: 71.508: [GC (Allocation Failure) [PSYoungGen: 617029K->29125K(645120K)] 652321K->64417K(2043392K), 0.0090795 secs] [Times: user=0.13 sys=0.00, real=0.01 secs] 
2020-09-29T17:53:25.856+0200: 71.568: [GC (Allocation Failure) [PSYoungGen: 618437K->30501K(643072K)] 653729K->65793K(2041344K), 0.0107920 secs] [Times: user=0.11 sys=0.00, real=0.01 secs] 
2020-09-29T17:53:25.919+0200: 71.630: [GC (Allocation Failure) [PSYoungGen: 619813K->45637K(640000K)] 655105K->80929K(2038272K), 0.0152251 secs] [Times: user=0.13 sys=0.00, real=0.02 secs] 
2020-09-29T17:53:25.985+0200: 71.696: [GC (Allocation Failure) [PSYoungGen: 633925K->44580K(633344K)] 669217K->79872K(2031616K), 0.0179805 secs] [Times: user=0.11 sys=0.00, real=0.02 secs] 
2020-09-29T17:53:26.053+0200: 71.764: [GC (Allocation Failure) [PSYoungGen: 632868K->44997K(638464K)] 668160K->80289K(2036736K), 0.0155295 secs] [Times: user=0.13 sys=0.00, real=0.02 secs] 
2020-09-29T17:53:26.119+0200: 71.830: [GC (Allocation Failure) [PSYoungGen: 626117K->37892K(640000K)] 661409K->73184K(2038272K), 0.0131451 secs] [Times: user=0.13 sys=0.00, real=0.01 secs] 
2020-09-29T17:53:26.182+0200: 71.893: [GC (Allocation Failure) [PSYoungGen: 619012K->30756K(642560K)] 654304K->66048K(2040832K), 0.0115118 secs] [Times: user=0.13 sys=0.00, real=0.01 secs] 
2020-09-29T17:53:26.243+0200: 71.955: [GC (Allocation Failure) [PSYoungGen: 615460K->41124K(641024K)] 650752K->76416K(2039296K), 0.0145166 secs] [Times: user=0.13 sys=0.00, real=0.01 secs] 
2020-09-29T17:53:26.308+0200: 72.019: [GC (Allocation Failure) [PSYoungGen: 625828K->37893K(643584K)] 661120K->73185K(2041856K), 0.0130174 secs] [Times: user=0.13 sys=0.00, real=0.01 secs] 
2020-09-29T17:53:26.372+0200: 72.083: [GC (Allocation Failure) [PSYoungGen: 625157K->37285K(642560K)] 660449K->72577K(2040832K), 0.0135624 secs] [Times: user=0.13 sys=0.00, real=0.01 secs] 
2020-09-29T17:53:26.435+0200: 72.147: [GC (Allocation Failure) [PSYoungGen: 624549K->36069K(646656K)] 659841K->71361K(2044928K), 0.0127748 secs] [Times: user=0.13 sys=0.00, real=0.01 secs] 
2020-09-29T17:53:26.499+0200: 72.210: [GC (Allocation Failure) [PSYoungGen: 628965K->41029K(645120K)] 664257K->76321K(2043392K), 0.0140747 secs] [Times: user=0.13 sys=0.00, real=0.01 secs] 
2020-09-29T17:53:26.564+0200: 72.275: [GC (Allocation Failure) [PSYoungGen: 633925K->32293K(647168K)] 669217K->67585K(2045440K), 0.0115005 secs] [Times: user=0.13 sys=0.00, real=0.01 secs] 
2020-09-29T17:53:26.628+0200: 72.340: [GC (Allocation Failure) [PSYoungGen: 627237K->39333K(646656K)] 662529K->74625K(2044928K), 0.0147379 secs] [Times: user=0.11 sys=0.00, real=0.01 secs] 
2020-09-29T17:53:26.694+0200: 72.406: [GC (Allocation Failure) [PSYoungGen: 634277K->32580K(648192K)] 669569K->67872K(2046464K), 0.0118453 secs] [Times: user=0.00 sys=0.00, real=0.01 secs] 
2020-09-29T17:53:26.757+0200: 72.469: [GC (Allocation Failure) [PSYoungGen: 629572K->41669K(647680K)] 664864K->76961K(2045952K), 0.0140110 secs] [Times: user=0.13 sys=0.00, real=0.01 secs] 
2020-09-29T17:53:26.824+0200: 72.535: [GC (Allocation Failure) [PSYoungGen: 638661K->37125K(649216K)] 673953K->72417K(2047488K), 0.0129482 secs] [Times: user=0.13 sys=0.00, real=0.01 secs] 
2020-09-29T17:53:26.889+0200: 72.600: [GC (Allocation Failure) [PSYoungGen: 635141K->46308K(644608K)] 670433K->81600K(2042880K), 0.0168510 secs] [Times: user=0.13 sys=0.00, real=0.02 secs] 
2020-09-29T17:53:26.956+0200: 72.668: [GC (Allocation Failure) [PSYoungGen: 644324K->42276K(645632K)] 679616K->77568K(2043904K), 0.0145317 secs] [Times: user=0.13 sys=0.00, real=0.01 secs] 
2020-09-29T17:53:27.022+0200: 72.734: [GC (Allocation Failure) [PSYoungGen: 635684K->32548K(646144K)] 670976K->67840K(2044416K), 0.0117451 secs] [Times: user=0.00 sys=0.00, real=0.01 secs] 
2020-09-29T17:53:27.089+0200: 72.800: [GC (Allocation Failure) [PSYoungGen: 625956K->38021K(648192K)] 661248K->73313K(2046464K), 0.0167688 secs] [Times: user=0.09 sys=0.00, real=0.02 secs] 
2020-09-29T17:53:27.159+0200: 72.870: [GC (Allocation Failure) [PSYoungGen: 633989K->32421K(646656K)] 669281K->67713K(2044928K), 0.0111426 secs] [Times: user=0.13 sys=0.00, real=0.01 secs] 
2020-09-29T17:53:27.222+0200: 72.933: [GC (Allocation Failure) [PSYoungGen: 628389K->40389K(648704K)] 663681K->75681K(2046976K), 0.0142793 secs] [Times: user=0.11 sys=0.00, real=0.01 secs] 
2020-09-29T17:53:27.287+0200: 72.999: [GC (Allocation Failure) [PSYoungGen: 638917K->21604K(620544K)] 674209K->56896K(2018816K), 0.0076970 secs] [Times: user=0.00 sys=0.00, real=0.01 secs] 
2020-09-29T17:53:27.347+0200: 73.058: [GC (Allocation Failure) [PSYoungGen: 620132K->32229K(648192K)] 655424K->67521K(2046464K), 0.0116411 secs] [Times: user=0.13 sys=0.00, real=0.01 secs] 
2020-09-29T17:53:27.410+0200: 73.121: [GC (Allocation Failure) [PSYoungGen: 628709K->26468K(647168K)] 664001K->61760K(2045440K), 0.0095708 secs] [Times: user=0.13 sys=0.00, real=0.01 secs] 
2020-09-29T17:53:27.470+0200: 73.182: [GC (Allocation Failure) [PSYoungGen: 622948K->34628K(649728K)] 658240K->69920K(2048000K), 0.0127687 secs] [Times: user=0.13 sys=0.00, real=0.01 secs] 
2020-09-29T17:53:27.534+0200: 73.246: [GC (Allocation Failure) [PSYoungGen: 633668K->16772K(648192K)] 668960K->52064K(2046464K), 0.0066767 secs] [Times: user=0.13 sys=0.00, real=0.01 secs] 
2020-09-29T17:53:27.599+0200: 73.311: [GC (Allocation Failure) [PSYoungGen: 615812K->25572K(648704K)] 651104K->60864K(2046976K), 0.0101805 secs] [Times: user=0.00 sys=0.00, real=0.01 secs] 
2020-09-29T17:53:27.663+0200: 73.375: [GC (Allocation Failure) [PSYoungGen: 623588K->35717K(648192K)] 658880K->71009K(2046464K), 0.0119730 secs] [Times: user=0.00 sys=0.00, real=0.01 secs] 
2020-09-29T17:53:27.727+0200: 73.438: [GC (Allocation Failure) [PSYoungGen: 633733K->45861K(642048K)] 669025K->81153K(2040320K), 0.0153290 secs] [Times: user=0.13 sys=0.00, real=0.02 secs] 
2020-09-29T17:53:27.793+0200: 73.505: [GC (Allocation Failure) [PSYoungGen: 638245K->36517K(645632K)] 673537K->71809K(2043904K), 0.0119748 secs] [Times: user=0.13 sys=0.00, real=0.01 secs] 
2020-09-29T17:53:27.857+0200: 73.568: [GC (Allocation Failure) [PSYoungGen: 628901K->24003K(646656K)] 664193K->59295K(2044928K), 0.0097809 secs] [Times: user=0.13 sys=0.00, real=0.01 secs] 
2020-09-29T17:53:27.917+0200: 73.629: [GC (Allocation Failure) [PSYoungGen: 618435K->30373K(646656K)] 653727K->65665K(2044928K), 0.0104734 secs] [Times: user=0.13 sys=0.00, real=0.01 secs] 
2020-09-29T17:53:27.979+0200: 73.691: [GC (Allocation Failure) [PSYoungGen: 624805K->36997K(648192K)] 660097K->72289K(2046464K), 0.0131229 secs] [Times: user=0.13 sys=0.00, real=0.01 secs] 
2020-09-29T17:53:28.043+0200: 73.754: [GC (Allocation Failure) [PSYoungGen: 634501K->19237K(616960K)] 669793K->54529K(2015232K), 0.0073926 secs] [Times: user=0.00 sys=0.00, real=0.01 secs] 
2020-09-29T17:53:28.102+0200: 73.813: [GC (Allocation Failure) [PSYoungGen: 616741K->39460K(645632K)] 652033K->74752K(2043904K), 0.0140360 secs] [Times: user=0.13 sys=0.00, real=0.01 secs] 
2020-09-29T17:53:28.167+0200: 73.879: [GC (Allocation Failure) [PSYoungGen: 633892K->32325K(646656K)] 669184K->67617K(2044928K), 0.0106734 secs] [Times: user=0.13 sys=0.00, real=0.01 secs] 
2020-09-29T17:53:28.231+0200: 73.942: [GC (Allocation Failure) [PSYoungGen: 626757K->38853K(647680K)] 662049K->74145K(2045952K), 0.0137464 secs] [Times: user=0.13 sys=0.00, real=0.01 secs] 
2020-09-29T17:53:28.295+0200: 74.007: [GC (Allocation Failure) [PSYoungGen: 636357K->47300K(645120K)] 671649K->82592K(2043392K), 0.0165681 secs] [Times: user=0.13 sys=0.00, real=0.02 secs] 
2020-09-29T17:53:28.363+0200: 74.075: [GC (Allocation Failure) [PSYoungGen: 644804K->43269K(642048K)] 680096K->78561K(2040320K), 0.0146627 secs] [Times: user=0.08 sys=0.00, real=0.02 secs] 
2020-09-29T17:53:28.428+0200: 74.140: [GC (Allocation Failure) [PSYoungGen: 631557K->29925K(643584K)] 666849K->65217K(2041856K), 0.0098343 secs] [Times: user=0.00 sys=0.00, real=0.01 secs] 
2020-09-29T17:53:28.488+0200: 74.200: [GC (Allocation Failure) [PSYoungGen: 618213K->30309K(645632K)] 653505K->65601K(2043904K), 0.0101748 secs] [Times: user=0.05 sys=0.00, real=0.01 secs] 
2020-09-29T17:53:28.551+0200: 74.263: [GC (Allocation Failure) [PSYoungGen: 621669K->47429K(638976K)] 656961K->82721K(2037248K), 0.0155624 secs] [Times: user=0.14 sys=0.00, real=0.02 secs] 
2020-09-29T17:53:28.619+0200: 74.331: [GC (Allocation Failure) [PSYoungGen: 638789K->35044K(644608K)] 674081K->70336K(2042880K), 0.0137564 secs] [Times: user=0.11 sys=0.00, real=0.01 secs] 
2020-09-29T17:53:28.684+0200: 74.395: [GC (Allocation Failure) [PSYoungGen: 623332K->48997K(637440K)] 658624K->84289K(2035712K), 0.0165451 secs] [Times: user=0.13 sys=0.00, real=0.02 secs] 
2020-09-29T17:53:28.750+0200: 74.461: [GC (Allocation Failure) [PSYoungGen: 637285K->18307K(639488K)] 672577K->53599K(2037760K), 0.0077710 secs] [Times: user=0.13 sys=0.00, real=0.01 secs] 
2020-09-29T17:53:28.809+0200: 74.521: [GC (Allocation Failure) [PSYoungGen: 600451K->39876K(640512K)] 635743K->75168K(2038784K), 0.0172618 secs] [Times: user=0.11 sys=0.00, real=0.02 secs] 
2020-09-29T17:53:28.879+0200: 74.590: [GC (Allocation Failure) [PSYoungGen: 622020K->18595K(638976K)] 657312K->53887K(2037248K), 0.0098376 secs] [Times: user=0.08 sys=0.00, real=0.01 secs] 
2020-09-29T17:53:28.941+0200: 74.652: [GC (Allocation Failure) [PSYoungGen: 599715K->38820K(640000K)] 635007K->74112K(2038272K), 0.0152301 secs] [Times: user=0.09 sys=0.00, real=0.02 secs] 
2020-09-29T17:53:29.008+0200: 74.719: [GC (Allocation Failure) [PSYoungGen: 619940K->44068K(637952K)] 655232K->79360K(2036224K), 0.0153050 secs] [Times: user=0.13 sys=0.00, real=0.02 secs] 
2020-09-29T17:53:29.075+0200: 74.786: [GC (Allocation Failure) [PSYoungGen: 624164K->34948K(639488K)] 659456K->70240K(2037760K), 0.0144472 secs] [Times: user=0.13 sys=0.00, real=0.01 secs] 
2020-09-29T17:53:29.139+0200: 74.851: [GC (Allocation Failure) [PSYoungGen: 615044K->26372K(642560K)] 650336K->61664K(2040832K), 0.0093468 secs] [Times: user=0.13 sys=0.00, real=0.01 secs] 
2020-09-29T17:53:29.198+0200: 74.910: [GC (Allocation Failure) [PSYoungGen: 612100K->37829K(642048K)] 647392K->73121K(2040320K), 0.0120438 secs] [Times: user=0.13 sys=0.00, real=0.01 secs] 
2020-09-29T17:53:29.260+0200: 74.972: [GC (Allocation Failure) [PSYoungGen: 623557K->35621K(645120K)] 658849K->70913K(2043392K), 0.0125124 secs] [Times: user=0.13 sys=0.00, real=0.01 secs] 
2020-09-29T17:53:29.321+0200: 75.033: [GC (Allocation Failure) [PSYoungGen: 624210K->19554K(643584K)] 659502K->54846K(2041856K), 0.0086279 secs] [Times: user=0.00 sys=0.00, real=0.01 secs] 
2020-09-29T17:53:29.379+0200: 75.090: [GC (Allocation Failure) [PSYoungGen: 609378K->35108K(645632K)] 644670K->70400K(2043904K), 0.0128362 secs] [Times: user=0.13 sys=0.00, real=0.01 secs] 
2020-09-29T17:53:29.444+0200: 75.155: [GC (Allocation Failure) [PSYoungGen: 626468K->24932K(644608K)] 661760K->60224K(2042880K), 0.0096424 secs] [Times: user=0.00 sys=0.00, real=0.01 secs] 
2020-09-29T17:53:29.503+0200: 75.214: [GC (Allocation Failure) [PSYoungGen: 616292K->13987K(644096K)] 651584K->49279K(2042368K), 0.0061126 secs] [Times: user=0.13 sys=0.00, real=0.01 secs] 
2020-09-29T17:53:29.559+0200: 75.270: [GC (Allocation Failure) [PSYoungGen: 605347K->31172K(645120K)] 640639K->66464K(2043392K), 0.0126314 secs] [Times: user=0.11 sys=0.00, real=0.01 secs] 
2020-09-29T17:53:29.622+0200: 75.334: [GC (Allocation Failure) [PSYoungGen: 622532K->34628K(647680K)] 657824K->69920K(2045952K), 0.0129249 secs] [Times: user=0.13 sys=0.00, real=0.01 secs] 
2020-09-29T17:53:29.685+0200: 75.396: [GC (Allocation Failure) [PSYoungGen: 630596K->42692K(638976K)] 665888K->77984K(2037248K), 0.0147610 secs] [Times: user=0.13 sys=0.00, real=0.02 secs] 
2020-09-29T17:53:29.749+0200: 75.461: [GC (Allocation Failure) [PSYoungGen: 638660K->36996K(646144K)] 673952K->72288K(2044416K), 0.0131446 secs] [Times: user=0.13 sys=0.00, real=0.01 secs] 
2020-09-29T17:53:29.812+0200: 75.523: [GC (Allocation Failure) [PSYoungGen: 629892K->14434K(607744K)] 665184K->49726K(2006016K), 0.0067021 secs] [Times: user=0.13 sys=0.00, real=0.01 secs] 
2020-09-29T17:53:29.872+0200: 75.583: [GC (Allocation Failure) [PSYoungGen: 607330K->17667K(644608K)] 642622K->52959K(2042880K), 0.0068219 secs] [Times: user=0.00 sys=0.00, real=0.01 secs] 
2020-09-29T17:53:29.927+0200: 75.639: [GC (Allocation Failure) [PSYoungGen: 608003K->17698K(644608K)] 643295K->52990K(2042880K), 0.0078844 secs] [Times: user=0.00 sys=0.00, real=0.01 secs] 
2020-09-29T17:53:29.982+0200: 75.694: [GC (Allocation Failure) [PSYoungGen: 608034K->5569K(642048K)] 643326K->40861K(2040320K), 0.0039956 secs] [Times: user=0.00 sys=0.00, real=0.00 secs] 
2020-09-29T17:53:30.033+0200: 75.744: [GC (Allocation Failure) [PSYoungGen: 593857K->19651K(643584K)] 629149K->54943K(2041856K), 0.0079243 secs] [Times: user=0.13 sys=0.00, real=0.01 secs] 
2020-09-29T17:53:30.088+0200: 75.800: [GC (Allocation Failure) [PSYoungGen: 607939K->33731K(644608K)] 643231K->69023K(2042880K), 0.0137064 secs] [Times: user=0.13 sys=0.00, real=0.01 secs] 
2020-09-29T17:53:30.152+0200: 75.863: [GC (Allocation Failure) [PSYoungGen: 625091K->21026K(645120K)] 660383K->56318K(2043392K), 0.0094735 secs] [Times: user=0.13 sys=0.00, real=0.01 secs] 
2020-09-29T17:53:30.209+0200: 75.921: [GC (Allocation Failure) [PSYoungGen: 612386K->24483K(649216K)] 647678K->59775K(2047488K), 0.0098851 secs] [Times: user=0.00 sys=0.00, real=0.01 secs] 
2020-09-29T17:53:30.266+0200: 75.978: [GC (Allocation Failure) [PSYoungGen: 621987K->20130K(647168K)] 657279K->55422K(2045440K), 0.0092106 secs] [Times: user=0.13 sys=0.00, real=0.01 secs] 
2020-09-29T17:53:30.323+0200: 76.034: [GC (Allocation Failure) [PSYoungGen: 617634K->14466K(651264K)] 652926K->49758K(2049536K), 0.0066710 secs] [Times: user=0.00 sys=0.00, real=0.01 secs] 
2020-09-29T17:53:30.379+0200: 76.091: [GC (Allocation Failure) [PSYoungGen: 617602K->14626K(650752K)] 652894K->49918K(2049024K), 0.0064539 secs] [Times: user=0.00 sys=0.00, real=0.01 secs] 
2020-09-29T17:53:30.435+0200: 76.147: [GC (Allocation Failure) [PSYoungGen: 617762K->29827K(651776K)] 653054K->65119K(2050048K), 0.0122759 secs] [Times: user=0.13 sys=0.00, real=0.01 secs] 
2020-09-29T17:53:30.496+0200: 76.208: [GC (Allocation Failure) [PSYoungGen: 634499K->19203K(651776K)] 669791K->54495K(2050048K), 0.0083934 secs] [Times: user=0.13 sys=0.00, real=0.01 secs] 
2020-09-29T17:53:30.561+0200: 76.273: [GC (Allocation Failure) [PSYoungGen: 623875K->6849K(652288K)] 659167K->42141K(2050560K), 0.0046922 secs] [Times: user=0.00 sys=0.00, real=0.00 secs] 
2020-09-29T17:53:30.622+0200: 76.334: [GC (Allocation Failure) [PSYoungGen: 613569K->10913K(652800K)] 648861K->46205K(2051072K), 0.0070222 secs] [Times: user=0.11 sys=0.00, real=0.01 secs] 
2020-09-29T17:53:30.681+0200: 76.392: [GC (Allocation Failure) [PSYoungGen: 617633K->16098K(654848K)] 652925K->51390K(2053120K), 0.0076539 secs] [Times: user=0.00 sys=0.00, real=0.01 secs] 
2020-09-29T17:53:30.739+0200: 76.450: [GC (Allocation Failure) [PSYoungGen: 625378K->8289K(653312K)] 660670K->43581K(2051584K), 0.0050544 secs] [Times: user=0.00 sys=0.00, real=0.00 secs] 
2020-09-29T17:53:30.795+0200: 76.507: [GC (Allocation Failure) [PSYoungGen: 617569K->15746K(657408K)] 652861K->51038K(2055680K), 0.0079309 secs] [Times: user=0.13 sys=0.00, real=0.01 secs] 
2020-09-29T17:53:30.856+0200: 76.568: [GC (Allocation Failure) [PSYoungGen: 629634K->13250K(655360K)] 664926K->48542K(2053632K), 0.0067787 secs] [Times: user=0.00 sys=0.00, real=0.01 secs] 
2020-09-29T17:53:30.915+0200: 76.626: [GC (Allocation Failure) [PSYoungGen: 627138K->10753K(659456K)] 662430K->46045K(2057728K), 0.0064605 secs] [Times: user=0.00 sys=0.00, real=0.01 secs] 
2020-09-29T17:53:30.973+0200: 76.685: [GC (Allocation Failure) [PSYoungGen: 629761K->14530K(658432K)] 665053K->49822K(2056704K), 0.0071186 secs] [Times: user=0.00 sys=0.00, real=0.01 secs] 
2020-09-29T17:53:31.034+0200: 76.746: [GC (Allocation Failure) [PSYoungGen: 633538K->3137K(660480K)] 668830K->38429K(2058752K), 0.0032033 secs] [Times: user=0.13 sys=0.00, real=0.00 secs] 
2020-09-29T17:53:31.140+0200: 76.851: [GC (Allocation Failure) [PSYoungGen: 626241K->11009K(660992K)] 661533K->46301K(2059264K), 0.0067904 secs] [Times: user=0.13 sys=0.00, real=0.01 secs] 
2020-09-29T17:53:31.241+0200: 76.952: [GC (Allocation Failure) [PSYoungGen: 634113K->4897K(662528K)] 669405K->40189K(2060800K), 0.0039827 secs] [Times: user=0.00 sys=0.00, real=0.00 secs] 
2020-09-29T17:53:31.339+0200: 77.051: [GC (Allocation Failure) [PSYoungGen: 629628K->32K(662528K)] 664920K->35324K(2060800K), 0.0005172 secs] [Times: user=0.00 sys=0.00, real=0.00 secs] 
Heap
 PSYoungGen      total 662528K, used 567196K [0x00000000d5580000, 0x0000000100000000, 0x0000000100000000)
  eden space 626176K, 90% used [0x00000000d5580000,0x00000000f7f5f210,0x00000000fb900000)
  from space 36352K, 0% used [0x00000000fb900000,0x00000000fb908000,0x00000000fdc80000)
  to   space 36352K, 0% used [0x00000000fdc80000,0x00000000fdc80000,0x0000000100000000)
 ParOldGen       total 1398272K, used 35292K [0x0000000080000000, 0x00000000d5580000, 0x00000000d5580000)
  object space 1398272K, 2% used [0x0000000080000000,0x0000000082277060,0x00000000d5580000)
 Metaspace       used 2594K, capacity 4486K, committed 4864K, reserved 1056768K
  class space    used 285K, capacity 386K, committed 512K, reserved 1048576K
