Java HotSpot(TM) 64-Bit Server VM (25.261-b12) for windows-amd64 JRE (1.8.0_261-b12), built on Jun 18 2020 06:56:32 by "" with unknown MS VC++:1916
Memory: 4k page, physical 16659684k(9720472k free), swap 23213284k(9157508k free)
CommandLine flags: -XX:InitialHeapSize=2147483648 -XX:MaxHeapSize=2147483648 -XX:+PrintGC -XX:+PrintGCDateStamps -XX:+PrintGCDetails -XX:+PrintGCTimeStamps -XX:+UseCompressedClassPointers -XX:+UseCompressedOops -XX:-UseLargePagesIndividualAllocation -XX:+UseParallelGC 
2020-09-29T17:43:15.916+0200: 0.295: [GC (Allocation Failure) [PSYoungGen: 524800K->39557K(611840K)] 524800K->39565K(2010112K), 0.0214295 secs] [Times: user=0.09 sys=0.03, real=0.02 secs] 
2020-09-29T17:43:15.990+0200: 0.369: [GC (Allocation Failure) [PSYoungGen: 564357K->29285K(611840K)] 564365K->29293K(2010112K), 0.0160211 secs] [Times: user=0.13 sys=0.00, real=0.02 secs] 
2020-09-29T17:43:16.054+0200: 0.434: [GC (Allocation Failure) [PSYoungGen: 554085K->34581K(611840K)] 554093K->34589K(2010112K), 0.0124690 secs] [Times: user=0.00 sys=0.01, real=0.01 secs] 
2020-09-29T17:43:16.116+0200: 0.495: [GC (Allocation Failure) [PSYoungGen: 559381K->11794K(611840K)] 559389K->11802K(2010112K), 0.0063095 secs] [Times: user=0.00 sys=0.00, real=0.01 secs] 
2020-09-29T17:43:16.171+0200: 0.550: [GC (Allocation Failure) [PSYoungGen: 536594K->28756K(611840K)] 536602K->28764K(2010112K), 0.0121295 secs] [Times: user=0.13 sys=0.00, real=0.01 secs] 
2020-09-29T17:43:16.232+0200: 0.611: [GC (Allocation Failure) [PSYoungGen: 553556K->31093K(657408K)] 553564K->31101K(2055680K), 0.0163208 secs] [Times: user=0.13 sys=0.00, real=0.02 secs] 
2020-09-29T17:43:16.314+0200: 0.693: [GC (Allocation Failure) [PSYoungGen: 646005K->30405K(656384K)] 646013K->30821K(2054656K), 0.0132548 secs] [Times: user=0.09 sys=0.00, real=0.01 secs] 
2020-09-29T17:43:16.391+0200: 0.771: [GC (Allocation Failure) [PSYoungGen: 645317K->40420K(649216K)] 645733K->43652K(2047488K), 0.0182197 secs] [Times: user=0.13 sys=0.00, real=0.02 secs] 
2020-09-29T17:43:16.466+0200: 0.845: [GC (Allocation Failure) [PSYoungGen: 649188K->36741K(645632K)] 652420K->39973K(2043904K), 0.0140025 secs] [Times: user=0.11 sys=0.00, real=0.01 secs] 
2020-09-29T17:43:16.536+0200: 0.916: [GC (Allocation Failure) [PSYoungGen: 645509K->30148K(653824K)] 648741K->33380K(2052096K), 0.0111173 secs] [Times: user=0.00 sys=0.00, real=0.01 secs] 
2020-09-29T17:43:16.606+0200: 0.985: [GC (Allocation Failure) [PSYoungGen: 637892K->18723K(652800K)] 641124K->21955K(2051072K), 0.0084811 secs] [Times: user=0.13 sys=0.00, real=0.01 secs] 
2020-09-29T17:43:16.671+0200: 1.051: [GC (Allocation Failure) [PSYoungGen: 626467K->24292K(653824K)] 629699K->27524K(2052096K), 0.0097166 secs] [Times: user=0.11 sys=0.00, real=0.01 secs] 
2020-09-29T17:43:16.740+0200: 1.120: [GC (Allocation Failure) [PSYoungGen: 632548K->30820K(653312K)] 635780K->34052K(2051584K), 0.0116119 secs] [Times: user=0.00 sys=0.00, real=0.01 secs] 
2020-09-29T17:43:16.811+0200: 1.191: [GC (Allocation Failure) [PSYoungGen: 639076K->44005K(641536K)] 642308K->54285K(2039808K), 0.0196883 secs] [Times: user=0.13 sys=0.00, real=0.02 secs] 
2020-09-29T17:43:16.886+0200: 1.266: [GC (Allocation Failure) [PSYoungGen: 641509K->17986K(615936K)] 651789K->28266K(2014208K), 0.0084867 secs] [Times: user=0.02 sys=0.00, real=0.01 secs] 
2020-09-29T17:43:16.952+0200: 1.331: [GC (Allocation Failure) [PSYoungGen: 615490K->41253K(643584K)] 625770K->51533K(2041856K), 0.0150625 secs] [Times: user=0.13 sys=0.00, real=0.02 secs] 
2020-09-29T17:43:17.022+0200: 1.401: [GC (Allocation Failure) [PSYoungGen: 633637K->45733K(638464K)] 643917K->56013K(2036736K), 0.0160869 secs] [Times: user=0.13 sys=0.00, real=0.02 secs] 
2020-09-29T17:43:17.094+0200: 1.473: [GC (Allocation Failure) [PSYoungGen: 638117K->34660K(644608K)] 648397K->44940K(2042880K), 0.0156568 secs] [Times: user=0.11 sys=0.00, real=0.01 secs] 
2020-09-29T17:43:17.164+0200: 1.543: [GC (Allocation Failure) [PSYoungGen: 622948K->33701K(642560K)] 633228K->43981K(2040832K), 0.0152025 secs] [Times: user=0.11 sys=0.00, real=0.01 secs] 
2020-09-29T17:43:17.234+0200: 1.613: [GC (Allocation Failure) [PSYoungGen: 621989K->47717K(640000K)] 632269K->57997K(2038272K), 0.0161398 secs] [Times: user=0.13 sys=0.00, real=0.02 secs] 
2020-09-29T17:43:17.303+0200: 1.682: [GC (Allocation Failure) [PSYoungGen: 634981K->33413K(643072K)] 645261K->43693K(2041344K), 0.0123250 secs] [Times: user=0.00 sys=0.00, real=0.01 secs] 
2020-09-29T17:43:17.369+0200: 1.749: [GC (Allocation Failure) [PSYoungGen: 620677K->32644K(646144K)] 630957K->42924K(2044416K), 0.0127027 secs] [Times: user=0.13 sys=0.00, real=0.01 secs] 
2020-09-29T17:43:17.436+0200: 1.815: [GC (Allocation Failure) [PSYoungGen: 624516K->35109K(644608K)] 634796K->45389K(2042880K), 0.0128262 secs] [Times: user=0.11 sys=0.00, real=0.01 secs] 
2020-09-29T17:43:17.503+0200: 1.883: [GC (Allocation Failure) [PSYoungGen: 626981K->38596K(648192K)] 637261K->48876K(2046464K), 0.0142169 secs] [Times: user=0.13 sys=0.00, real=0.01 secs] 
2020-09-29T17:43:17.574+0200: 1.953: [GC (Allocation Failure) [PSYoungGen: 635588K->47685K(645120K)] 645868K->57965K(2043392K), 0.0168132 secs] [Times: user=0.13 sys=0.00, real=0.02 secs] 
2020-09-29T17:43:17.646+0200: 2.026: [GC (Allocation Failure) [PSYoungGen: 644677K->43077K(643072K)] 654957K->53357K(2041344K), 0.0146522 secs] [Times: user=0.13 sys=0.00, real=0.02 secs] 
2020-09-29T17:43:17.716+0200: 2.096: [GC (Allocation Failure) [PSYoungGen: 632389K->13219K(602624K)] 642669K->23499K(2000896K), 0.0056457 secs] [Times: user=0.00 sys=0.00, real=0.01 secs] 
2020-09-29T17:43:17.776+0200: 2.156: [GC (Allocation Failure) [PSYoungGen: 602531K->42053K(640512K)] 612811K->52333K(2038784K), 0.0148057 secs] [Times: user=0.13 sys=0.00, real=0.01 secs] 
2020-09-29T17:43:17.844+0200: 2.224: [GC (Allocation Failure) [PSYoungGen: 625221K->22851K(641024K)] 635501K->33131K(2039296K), 0.0099605 secs] [Times: user=0.11 sys=0.00, real=0.01 secs] 
2020-09-29T17:43:17.908+0200: 2.287: [GC (Allocation Failure) [PSYoungGen: 606019K->30660K(643072K)] 616299K->40940K(2041344K), 0.0123427 secs] [Times: user=0.11 sys=0.00, real=0.01 secs] 
2020-09-29T17:43:17.974+0200: 2.353: [GC (Allocation Failure) [PSYoungGen: 616388K->26532K(641536K)] 626668K->36812K(2039808K), 0.0097861 secs] [Times: user=0.00 sys=0.00, real=0.01 secs] 
2020-09-29T17:43:18.038+0200: 2.417: [GC (Allocation Failure) [PSYoungGen: 612260K->22692K(644608K)] 622540K->32972K(2042880K), 0.0086019 secs] [Times: user=0.00 sys=0.00, real=0.01 secs] 
2020-09-29T17:43:18.100+0200: 2.480: [GC (Allocation Failure) [PSYoungGen: 612516K->38309K(644096K)] 622796K->48589K(2042368K), 0.0128202 secs] [Times: user=0.00 sys=0.00, real=0.01 secs] 
2020-09-29T17:43:18.168+0200: 2.548: [GC (Allocation Failure) [PSYoungGen: 628133K->25444K(645120K)] 638413K->35724K(2043392K), 0.0096297 secs] [Times: user=0.13 sys=0.00, real=0.01 secs] 
2020-09-29T17:43:18.233+0200: 2.612: [GC (Allocation Failure) [PSYoungGen: 615780K->41476K(644096K)] 626060K->51756K(2042368K), 0.0152187 secs] [Times: user=0.13 sys=0.00, real=0.01 secs] 
2020-09-29T17:43:18.302+0200: 2.682: [GC (Allocation Failure) [PSYoungGen: 631812K->43909K(640000K)] 642092K->54189K(2038272K), 0.0153372 secs] [Times: user=0.13 sys=0.00, real=0.01 secs] 
2020-09-29T17:43:18.372+0200: 2.751: [GC (Allocation Failure) [PSYoungGen: 629125K->27203K(642048K)] 639405K->37483K(2040320K), 0.0114277 secs] [Times: user=0.13 sys=0.00, real=0.01 secs] 
2020-09-29T17:43:18.436+0200: 2.816: [GC (Allocation Failure) [PSYoungGen: 612419K->51877K(633856K)] 622699K->62157K(2032128K), 0.0174279 secs] [Times: user=0.13 sys=0.00, real=0.02 secs] 
2020-09-29T17:43:18.506+0200: 2.886: [GC (Allocation Failure) [PSYoungGen: 629925K->27684K(638464K)] 640205K->37964K(2036736K), 0.0108467 secs] [Times: user=0.00 sys=0.00, real=0.01 secs] 
2020-09-29T17:43:18.570+0200: 2.950: [GC (Allocation Failure) [PSYoungGen: 605732K->31493K(641536K)] 616012K->41773K(2039808K), 0.0138410 secs] [Times: user=0.11 sys=0.00, real=0.01 secs] 
2020-09-29T17:43:18.640+0200: 3.020: [GC (Allocation Failure) [PSYoungGen: 613637K->25477K(639488K)] 623917K->35757K(2037760K), 0.0108665 secs] [Times: user=0.11 sys=0.00, real=0.01 secs] 
2020-09-29T17:43:18.706+0200: 3.086: [GC (Allocation Failure) [PSYoungGen: 607621K->45796K(637440K)] 617901K->56076K(2035712K), 0.0186742 secs] [Times: user=0.22 sys=0.00, real=0.02 secs] 
2020-09-29T17:43:18.780+0200: 3.159: [GC (Allocation Failure) [PSYoungGen: 626916K->38949K(640000K)] 637196K->49229K(2038272K), 0.0153009 secs] [Times: user=0.13 sys=0.00, real=0.02 secs] 
2020-09-29T17:43:18.849+0200: 3.228: [GC (Allocation Failure) [PSYoungGen: 620069K->30916K(642560K)] 630349K->41196K(2040832K), 0.0114242 secs] [Times: user=0.00 sys=0.00, real=0.01 secs] 
2020-09-29T17:43:18.915+0200: 3.295: [GC (Allocation Failure) [PSYoungGen: 615620K->41125K(641024K)] 625900K->51405K(2039296K), 0.0158122 secs] [Times: user=0.11 sys=0.00, real=0.02 secs] 
2020-09-29T17:43:18.984+0200: 3.364: [GC (Allocation Failure) [PSYoungGen: 625829K->51621K(634880K)] 636109K->61901K(2033152K), 0.0183018 secs] [Times: user=0.09 sys=0.00, real=0.02 secs] 
2020-09-29T17:43:19.056+0200: 3.436: [GC (Allocation Failure) [PSYoungGen: 629669K->41189K(638464K)] 639949K->51469K(2036736K), 0.0141771 secs] [Times: user=0.13 sys=0.00, real=0.01 secs] 
2020-09-29T17:43:19.123+0200: 3.503: [GC (Allocation Failure) [PSYoungGen: 619237K->29316K(640000K)] 629517K->39596K(2038272K), 0.0122168 secs] [Times: user=0.11 sys=0.00, real=0.01 secs] 
2020-09-29T17:43:19.188+0200: 3.568: [GC (Allocation Failure) [PSYoungGen: 609412K->21444K(638976K)] 619692K->31724K(2037248K), 0.0078791 secs] [Times: user=0.11 sys=0.00, real=0.01 secs] 
2020-09-29T17:43:19.249+0200: 3.628: [GC (Allocation Failure) [PSYoungGen: 601540K->40933K(639488K)] 611820K->51213K(2037760K), 0.0142774 secs] [Times: user=0.13 sys=0.00, real=0.01 secs] 
2020-09-29T17:43:19.316+0200: 3.696: [GC (Allocation Failure) [PSYoungGen: 621029K->32996K(639488K)] 631309K->43276K(2037760K), 0.0127950 secs] [Times: user=0.05 sys=0.00, real=0.01 secs] 
2020-09-29T17:43:19.383+0200: 3.762: [GC (Allocation Failure) [PSYoungGen: 613092K->38788K(642560K)] 623372K->49068K(2040832K), 0.0149122 secs] [Times: user=0.13 sys=0.00, real=0.02 secs] 
2020-09-29T17:43:19.453+0200: 3.832: [GC (Allocation Failure) [PSYoungGen: 624004K->36069K(641536K)] 634284K->46349K(2039808K), 0.0143871 secs] [Times: user=0.11 sys=0.00, real=0.01 secs] 
2020-09-29T17:43:19.521+0200: 3.901: [GC (Allocation Failure) [PSYoungGen: 621285K->47013K(639488K)] 631565K->57293K(2037760K), 0.0166840 secs] [Times: user=0.11 sys=0.00, real=0.02 secs] 
2020-09-29T17:43:19.591+0200: 3.970: [GC (Allocation Failure) [PSYoungGen: 632229K->13474K(599040K)] 642509K->23754K(1997312K), 0.0061506 secs] [Times: user=0.00 sys=0.00, real=0.01 secs] 
2020-09-29T17:43:19.655+0200: 4.035: [GC (Allocation Failure) [PSYoungGen: 598690K->37284K(641536K)] 608970K->47564K(2039808K), 0.0140878 secs] [Times: user=0.11 sys=0.00, real=0.01 secs] 
2020-09-29T17:43:19.724+0200: 4.104: [GC (Allocation Failure) [PSYoungGen: 619940K->32037K(640000K)] 630220K->42317K(2038272K), 0.0124802 secs] [Times: user=0.00 sys=0.00, real=0.01 secs] 
2020-09-29T17:43:19.791+0200: 4.171: [GC (Allocation Failure) [PSYoungGen: 614693K->54117K(632832K)] 624973K->64397K(2031104K), 0.0190838 secs] [Times: user=0.13 sys=0.00, real=0.02 secs] 
2020-09-29T17:43:19.862+0200: 4.242: [GC (Allocation Failure) [PSYoungGen: 631141K->14242K(591360K)] 641421K->24522K(1989632K), 0.0071944 secs] [Times: user=0.11 sys=0.00, real=0.01 secs] 
2020-09-29T17:43:19.923+0200: 4.303: [GC (Allocation Failure) [PSYoungGen: 591266K->44357K(634880K)] 601546K->54637K(2033152K), 0.0153646 secs] [Times: user=0.13 sys=0.00, real=0.02 secs] 
2020-09-29T17:43:19.990+0200: 4.370: [GC (Allocation Failure) [PSYoungGen: 617285K->13539K(586752K)] 627565K->23819K(1985024K), 0.0060243 secs] [Times: user=0.00 sys=0.00, real=0.01 secs] 
2020-09-29T17:43:20.048+0200: 4.428: [GC (Allocation Failure) [PSYoungGen: 586467K->39557K(635392K)] 596747K->49837K(2033664K), 0.0149623 secs] [Times: user=0.11 sys=0.00, real=0.01 secs] 
2020-09-29T17:43:20.115+0200: 4.495: [GC (Allocation Failure) [PSYoungGen: 610949K->21508K(634880K)] 621229K->31788K(2033152K), 0.0088167 secs] [Times: user=0.00 sys=0.00, real=0.01 secs] 
2020-09-29T17:43:20.178+0200: 4.557: [GC (Allocation Failure) [PSYoungGen: 592900K->31972K(638976K)] 603180K->42252K(2037248K), 0.0131086 secs] [Times: user=0.00 sys=0.00, real=0.01 secs] 
2020-09-29T17:43:20.243+0200: 4.622: [GC (Allocation Failure) [PSYoungGen: 608484K->47941K(636416K)] 618764K->58221K(2034688K), 0.0163627 secs] [Times: user=0.13 sys=0.00, real=0.02 secs] 
2020-09-29T17:43:20.312+0200: 4.691: [GC (Allocation Failure) [PSYoungGen: 624453K->49732K(630272K)] 634733K->60012K(2028544K), 0.0167573 secs] [Times: user=0.13 sys=0.00, real=0.02 secs] 
2020-09-29T17:43:20.380+0200: 4.759: [GC (Allocation Failure) [PSYoungGen: 617540K->42309K(633344K)] 627820K->52589K(2031616K), 0.0151730 secs] [Times: user=0.00 sys=0.00, real=0.01 secs] 
2020-09-29T17:43:20.447+0200: 4.826: [GC (Allocation Failure) [PSYoungGen: 610117K->35877K(636416K)] 620397K->46157K(2034688K), 0.0129708 secs] [Times: user=0.13 sys=0.00, real=0.01 secs] 
2020-09-29T17:43:20.511+0200: 4.890: [GC (Allocation Failure) [PSYoungGen: 607269K->15171K(633856K)] 617549K->25451K(2032128K), 0.0070801 secs] [Times: user=0.00 sys=0.00, real=0.01 secs] 
2020-09-29T17:43:20.573+0200: 4.952: [GC (Allocation Failure) [PSYoungGen: 586563K->38148K(636928K)] 596843K->48428K(2035200K), 0.0143280 secs] [Times: user=0.13 sys=0.00, real=0.01 secs] 
2020-09-29T17:43:20.639+0200: 5.018: [GC (Allocation Failure) [PSYoungGen: 611588K->36740K(635392K)] 621868K->47020K(2033664K), 0.0141618 secs] [Times: user=0.11 sys=0.00, real=0.01 secs] 
2020-09-29T17:43:20.705+0200: 5.084: [GC (Allocation Failure) [PSYoungGen: 610180K->35941K(641024K)] 620460K->46221K(2039296K), 0.0135233 secs] [Times: user=0.11 sys=0.00, real=0.01 secs] 
2020-09-29T17:43:20.771+0200: 5.150: [GC (Allocation Failure) [PSYoungGen: 617061K->29093K(638976K)] 627341K->39373K(2037248K), 0.0099523 secs] [Times: user=0.00 sys=0.00, real=0.01 secs] 
2020-09-29T17:43:20.831+0200: 5.210: [GC (Allocation Failure) [PSYoungGen: 610213K->35941K(643584K)] 620493K->46221K(2041856K), 0.0117326 secs] [Times: user=0.13 sys=0.00, real=0.01 secs] 
2020-09-29T17:43:20.893+0200: 5.272: [GC (Allocation Failure) [PSYoungGen: 622693K->48485K(635392K)] 632973K->58765K(2033664K), 0.0159930 secs] [Times: user=0.13 sys=0.00, real=0.02 secs] 
2020-09-29T17:43:20.960+0200: 5.339: [GC (Allocation Failure) [PSYoungGen: 635237K->33637K(642560K)] 645517K->43917K(2040832K), 0.0115218 secs] [Times: user=0.00 sys=0.00, real=0.01 secs] 
2020-09-29T17:43:21.022+0200: 5.401: [GC (Allocation Failure) [PSYoungGen: 617829K->13252K(640512K)] 628109K->23532K(2038784K), 0.0049575 secs] [Times: user=0.00 sys=0.00, real=0.00 secs] 
2020-09-29T17:43:21.077+0200: 5.456: [GC (Allocation Failure) [PSYoungGen: 597444K->36901K(642048K)] 607724K->47181K(2040320K), 0.0128503 secs] [Times: user=0.13 sys=0.00, real=0.01 secs] 
2020-09-29T17:43:21.141+0200: 5.520: [GC (Allocation Failure) [PSYoungGen: 620581K->32741K(640512K)] 630861K->43021K(2038784K), 0.0117122 secs] [Times: user=0.11 sys=0.00, real=0.01 secs] 
2020-09-29T17:43:21.203+0200: 5.582: [GC (Allocation Failure) [PSYoungGen: 616421K->27043K(645120K)] 626701K->37323K(2043392K), 0.0103513 secs] [Times: user=0.13 sys=0.00, real=0.01 secs] 
2020-09-29T17:43:21.264+0200: 5.643: [GC (Allocation Failure) [PSYoungGen: 617379K->42596K(633344K)] 627659K->52876K(2031616K), 0.0147325 secs] [Times: user=0.13 sys=0.00, real=0.01 secs] 
2020-09-29T17:43:21.329+0200: 5.708: [GC (Allocation Failure) [PSYoungGen: 632932K->44965K(639488K)] 643212K->55245K(2037760K), 0.0149653 secs] [Times: user=0.13 sys=0.00, real=0.02 secs] 
2020-09-29T17:43:21.394+0200: 5.773: [GC (Allocation Failure) [PSYoungGen: 629157K->25860K(641536K)] 639437K->36140K(2039808K), 0.0091846 secs] [Times: user=0.13 sys=0.00, real=0.01 secs] 
2020-09-29T17:43:21.453+0200: 5.832: [GC (Allocation Failure) [PSYoungGen: 610052K->22085K(642560K)] 620332K->32365K(2040832K), 0.0074658 secs] [Times: user=0.13 sys=0.00, real=0.01 secs] 
2020-09-29T17:43:21.515+0200: 5.894: [GC (Allocation Failure) [PSYoungGen: 607813K->47269K(633344K)] 618093K->57549K(2031616K), 0.0161980 secs] [Times: user=0.13 sys=0.00, real=0.02 secs] 
2020-09-29T17:43:21.583+0200: 5.962: [GC (Allocation Failure) [PSYoungGen: 632997K->31429K(641536K)] 643277K->41709K(2039808K), 0.0108510 secs] [Times: user=0.00 sys=0.00, real=0.01 secs] 
2020-09-29T17:43:21.650+0200: 6.029: [GC (Allocation Failure) [PSYoungGen: 613573K->39301K(639488K)] 623853K->49581K(2037760K), 0.0131154 secs] [Times: user=0.13 sys=0.00, real=0.01 secs] 
2020-09-29T17:43:21.714+0200: 6.093: [GC (Allocation Failure) [PSYoungGen: 621445K->31941K(643584K)] 631725K->42221K(2041856K), 0.0117854 secs] [Times: user=0.13 sys=0.00, real=0.01 secs] 
2020-09-29T17:43:21.777+0200: 6.156: [GC (Allocation Failure) [PSYoungGen: 618181K->43941K(641536K)] 628461K->54221K(2039808K), 0.0151858 secs] [Times: user=0.13 sys=0.00, real=0.02 secs] 
2020-09-29T17:43:21.843+0200: 6.222: [GC (Allocation Failure) [PSYoungGen: 630181K->41476K(642048K)] 640461K->51756K(2040320K), 0.0148091 secs] [Times: user=0.13 sys=0.00, real=0.02 secs] 
2020-09-29T17:43:21.909+0200: 6.288: [GC (Allocation Failure) [PSYoungGen: 626692K->24740K(642048K)] 636972K->35020K(2040320K), 0.0088633 secs] [Times: user=0.13 sys=0.00, real=0.01 secs] 
2020-09-29T17:43:21.968+0200: 6.347: [GC (Allocation Failure) [PSYoungGen: 609956K->21476K(642048K)] 620236K->31756K(2040320K), 0.0085608 secs] [Times: user=0.13 sys=0.00, real=0.01 secs] 
2020-09-29T17:43:22.027+0200: 6.406: [GC (Allocation Failure) [PSYoungGen: 606692K->46053K(631296K)] 616972K->56333K(2029568K), 0.0152483 secs] [Times: user=0.13 sys=0.00, real=0.02 secs] 
2020-09-29T17:43:22.093+0200: 6.472: [GC (Allocation Failure) [PSYoungGen: 631269K->43333K(638464K)] 641549K->53613K(2036736K), 0.0146107 secs] [Times: user=0.13 sys=0.00, real=0.01 secs] 
2020-09-29T17:43:22.157+0200: 6.536: [GC (Allocation Failure) [PSYoungGen: 622405K->34501K(638976K)] 632685K->44781K(2037248K), 0.0114842 secs] [Times: user=0.13 sys=0.00, real=0.01 secs] 
2020-09-29T17:43:22.220+0200: 6.599: [GC (Allocation Failure) [PSYoungGen: 613573K->39365K(642048K)] 623853K->49645K(2040320K), 0.0135335 secs] [Times: user=0.13 sys=0.00, real=0.01 secs] 
2020-09-29T17:43:22.283+0200: 6.662: [GC (Allocation Failure) [PSYoungGen: 623557K->34597K(641024K)] 633837K->44877K(2039296K), 0.0125127 secs] [Times: user=0.13 sys=0.00, real=0.01 secs] 
2020-09-29T17:43:22.345+0200: 6.725: [GC (Allocation Failure) [PSYoungGen: 618789K->15586K(640512K)] 629069K->25866K(2038784K), 0.0072641 secs] [Times: user=0.13 sys=0.00, real=0.01 secs] 
2020-09-29T17:43:22.403+0200: 6.782: [GC (Allocation Failure) [PSYoungGen: 600802K->25380K(642048K)] 611082K->35660K(2040320K), 0.0097593 secs] [Times: user=0.13 sys=0.00, real=0.01 secs] 
2020-09-29T17:43:22.463+0200: 6.842: [GC (Allocation Failure) [PSYoungGen: 610596K->36164K(644096K)] 620876K->46444K(2042368K), 0.0130915 secs] [Times: user=0.13 sys=0.00, real=0.01 secs] 
2020-09-29T17:43:22.526+0200: 6.905: [GC (Allocation Failure) [PSYoungGen: 624452K->20387K(643072K)] 634732K->30667K(2041344K), 0.0086485 secs] [Times: user=0.00 sys=0.00, real=0.01 secs] 
2020-09-29T17:43:22.588+0200: 6.967: [GC (Allocation Failure) [PSYoungGen: 608675K->20741K(644608K)] 618955K->31021K(2042880K), 0.0066361 secs] [Times: user=0.00 sys=0.00, real=0.01 secs] 
2020-09-29T17:43:22.656+0200: 7.035: [GC (Allocation Failure) [PSYoungGen: 610565K->21892K(644096K)] 620845K->32172K(2042368K), 0.0084623 secs] [Times: user=0.13 sys=0.00, real=0.01 secs] 
2020-09-29T17:43:22.726+0200: 7.105: [GC (Allocation Failure) [PSYoungGen: 611716K->18275K(645632K)] 621996K->28555K(2043904K), 0.0082293 secs] [Times: user=0.00 sys=0.00, real=0.01 secs] 
2020-09-29T17:43:22.788+0200: 7.167: [GC (Allocation Failure) [PSYoungGen: 610147K->34628K(645120K)] 620427K->44908K(2043392K), 0.0125959 secs] [Times: user=0.00 sys=0.00, real=0.01 secs] 
2020-09-29T17:43:22.854+0200: 7.233: [GC (Allocation Failure) [PSYoungGen: 626500K->22179K(647168K)] 636780K->32459K(2045440K), 0.0091103 secs] [Times: user=0.00 sys=0.00, real=0.01 secs] 
2020-09-29T17:43:22.914+0200: 7.293: [GC (Allocation Failure) [PSYoungGen: 616099K->25956K(645632K)] 626379K->36236K(2043904K), 0.0101276 secs] [Times: user=0.00 sys=0.00, real=0.01 secs] 
2020-09-29T17:43:22.976+0200: 7.355: [GC (Allocation Failure) [PSYoungGen: 619876K->43940K(641536K)] 630156K->54220K(2039808K), 0.0157206 secs] [Times: user=0.13 sys=0.00, real=0.02 secs] 
2020-09-29T17:43:23.042+0200: 7.421: [GC (Allocation Failure) [PSYoungGen: 635300K->47365K(638976K)] 645580K->57645K(2037248K), 0.0155881 secs] [Times: user=0.13 sys=0.00, real=0.02 secs] 
2020-09-29T17:43:23.108+0200: 7.488: [GC (Allocation Failure) [PSYoungGen: 638725K->37029K(641536K)] 649005K->47309K(2039808K), 0.0128896 secs] [Times: user=0.13 sys=0.00, real=0.01 secs] 
2020-09-29T17:43:23.171+0200: 7.550: [GC (Allocation Failure) [PSYoungGen: 620709K->15523K(641024K)] 630989K->25803K(2039296K), 0.0069045 secs] [Times: user=0.13 sys=0.00, real=0.01 secs] 
2020-09-29T17:43:23.230+0200: 7.609: [GC (Allocation Failure) [PSYoungGen: 599203K->23428K(643072K)] 609483K->33708K(2041344K), 0.0087903 secs] [Times: user=0.00 sys=0.00, real=0.01 secs] 
2020-09-29T17:43:23.293+0200: 7.672: [GC (Allocation Failure) [PSYoungGen: 609156K->32964K(641536K)] 619436K->43244K(2039808K), 0.0131518 secs] [Times: user=0.11 sys=0.00, real=0.01 secs] 
2020-09-29T17:43:23.356+0200: 7.735: [GC (Allocation Failure) [PSYoungGen: 618692K->29924K(646656K)] 628972K->40204K(2044928K), 0.0109670 secs] [Times: user=0.13 sys=0.00, real=0.01 secs] 
2020-09-29T17:43:23.417+0200: 7.797: [GC (Allocation Failure) [PSYoungGen: 621796K->18499K(644096K)] 632076K->28779K(2042368K), 0.0077931 secs] [Times: user=0.00 sys=0.00, real=0.01 secs] 
2020-09-29T17:43:23.476+0200: 7.855: [GC (Allocation Failure) [PSYoungGen: 610371K->22437K(648192K)] 620651K->32717K(2046464K), 0.0075018 secs] [Times: user=0.00 sys=0.00, real=0.01 secs] 
2020-09-29T17:43:23.534+0200: 7.913: [GC (Allocation Failure) [PSYoungGen: 618405K->28260K(646656K)] 628685K->38540K(2044928K), 0.0108699 secs] [Times: user=0.13 sys=0.00, real=0.01 secs] 
2020-09-29T17:43:23.596+0200: 7.975: [GC (Allocation Failure) [PSYoungGen: 624228K->35332K(649216K)] 634508K->45612K(2047488K), 0.0127576 secs] [Times: user=0.13 sys=0.00, real=0.01 secs] 
2020-09-29T17:43:23.663+0200: 8.042: [GC (Allocation Failure) [PSYoungGen: 635908K->48037K(648704K)] 646188K->58317K(2046976K), 0.0177042 secs] [Times: user=0.13 sys=0.00, real=0.02 secs] 
2020-09-29T17:43:23.735+0200: 8.115: [GC (Allocation Failure) [PSYoungGen: 648613K->33317K(643584K)] 658893K->43597K(2041856K), 0.0130323 secs] [Times: user=0.11 sys=0.00, real=0.01 secs] 
2020-09-29T17:43:23.802+0200: 8.182: [GC (Allocation Failure) [PSYoungGen: 626725K->38853K(632320K)] 637005K->49133K(2030592K), 0.0144021 secs] [Times: user=0.13 sys=0.00, real=0.01 secs] 
2020-09-29T17:43:23.868+0200: 8.247: [GC (Allocation Failure) [PSYoungGen: 632261K->43556K(641024K)] 642541K->53836K(2039296K), 0.0158928 secs] [Times: user=0.13 sys=0.00, real=0.02 secs] 
2020-09-29T17:43:23.935+0200: 8.314: [GC (Allocation Failure) [PSYoungGen: 630820K->13027K(600576K)] 641100K->23307K(1998848K), 0.0051287 secs] [Times: user=0.00 sys=0.00, real=0.01 secs] 
2020-09-29T17:43:23.990+0200: 8.369: [GC (Allocation Failure) [PSYoungGen: 600291K->53445K(630784K)] 610571K->63725K(2029056K), 0.0170642 secs] [Times: user=0.13 sys=0.00, real=0.02 secs] 
2020-09-29T17:43:24.056+0200: 8.436: [GC (Allocation Failure) [PSYoungGen: 627397K->39429K(636416K)] 637677K->49709K(2034688K), 0.0138356 secs] [Times: user=0.13 sys=0.00, real=0.01 secs] 
2020-09-29T17:43:24.120+0200: 8.499: [GC (Allocation Failure) [PSYoungGen: 613381K->25316K(638464K)] 623661K->35596K(2036736K), 0.0093717 secs] [Times: user=0.00 sys=0.00, real=0.01 secs] 
2020-09-29T17:43:24.180+0200: 8.559: [GC (Allocation Failure) [PSYoungGen: 601828K->54981K(631808K)] 612108K->65261K(2030080K), 0.0177645 secs] [Times: user=0.13 sys=0.00, real=0.02 secs] 
2020-09-29T17:43:24.248+0200: 8.627: [GC (Allocation Failure) [PSYoungGen: 631493K->29316K(634880K)] 641773K->39596K(2033152K), 0.0110941 secs] [Times: user=0.13 sys=0.00, real=0.01 secs] 
2020-09-29T17:43:24.314+0200: 8.693: [GC (Allocation Failure) [PSYoungGen: 598148K->37445K(632832K)] 608428K->47725K(2031104K), 0.0131259 secs] [Times: user=0.13 sys=0.00, real=0.01 secs] 
2020-09-29T17:43:24.377+0200: 8.756: [GC (Allocation Failure) [PSYoungGen: 606277K->32005K(638976K)] 616557K->42285K(2037248K), 0.0110035 secs] [Times: user=0.13 sys=0.00, real=0.01 secs] 
2020-09-29T17:43:24.437+0200: 8.816: [GC (Allocation Failure) [PSYoungGen: 609029K->33796K(636928K)] 619309K->44076K(2035200K), 0.0124552 secs] [Times: user=0.13 sys=0.00, real=0.01 secs] 
2020-09-29T17:43:24.500+0200: 8.879: [GC (Allocation Failure) [PSYoungGen: 610820K->36548K(643072K)] 621100K->46828K(2041344K), 0.0138740 secs] [Times: user=0.11 sys=0.00, real=0.01 secs] 
2020-09-29T17:43:24.564+0200: 8.943: [GC (Allocation Failure) [PSYoungGen: 622276K->20548K(641536K)] 632556K->30828K(2039808K), 0.0077825 secs] [Times: user=0.13 sys=0.00, real=0.01 secs] 
2020-09-29T17:43:24.622+0200: 9.001: [GC (Allocation Failure) [PSYoungGen: 606276K->45765K(637440K)] 616556K->56045K(2035712K), 0.0153485 secs] [Times: user=0.13 sys=0.00, real=0.02 secs] 
2020-09-29T17:43:24.687+0200: 9.067: [GC (Allocation Failure) [PSYoungGen: 626885K->24517K(640000K)] 637165K->34797K(2038272K), 0.0087150 secs] [Times: user=0.13 sys=0.00, real=0.01 secs] 
2020-09-29T17:43:24.749+0200: 9.129: [GC (Allocation Failure) [PSYoungGen: 605637K->31429K(643072K)] 615917K->41709K(2041344K), 0.0110041 secs] [Times: user=0.13 sys=0.00, real=0.01 secs] 
2020-09-29T17:43:24.814+0200: 9.194: [GC (Allocation Failure) [PSYoungGen: 616645K->27428K(641024K)] 626925K->37708K(2039296K), 0.0103373 secs] [Times: user=0.13 sys=0.00, real=0.01 secs] 
2020-09-29T17:43:24.876+0200: 9.256: [GC (Allocation Failure) [PSYoungGen: 612644K->24709K(645120K)] 622924K->34989K(2043392K), 0.0082293 secs] [Times: user=0.13 sys=0.00, real=0.01 secs] 
2020-09-29T17:43:24.944+0200: 9.323: [GC (Allocation Failure) [PSYoungGen: 615045K->26789K(644096K)] 625325K->37069K(2042368K), 0.0096215 secs] [Times: user=0.00 sys=0.00, real=0.01 secs] 
2020-09-29T17:43:25.004+0200: 9.384: [GC (Allocation Failure) [PSYoungGen: 617125K->29189K(648192K)] 627405K->39469K(2046464K), 0.0096842 secs] [Times: user=0.00 sys=0.02, real=0.01 secs] 
2020-09-29T17:43:25.065+0200: 9.445: [GC (Allocation Failure) [PSYoungGen: 624645K->36773K(646144K)] 634925K->47053K(2044416K), 0.0121969 secs] [Times: user=0.13 sys=0.00, real=0.01 secs] 
2020-09-29T17:43:25.130+0200: 9.509: [GC (Allocation Failure) [PSYoungGen: 632229K->28837K(649216K)] 642509K->39117K(2047488K), 0.0099586 secs] [Times: user=0.00 sys=0.00, real=0.01 secs] 
2020-09-29T17:43:25.192+0200: 9.571: [GC (Allocation Failure) [PSYoungGen: 626853K->24388K(647680K)] 637133K->34668K(2045952K), 0.0092398 secs] [Times: user=0.00 sys=0.00, real=0.01 secs] 
2020-09-29T17:43:25.253+0200: 9.632: [GC (Allocation Failure) [PSYoungGen: 622404K->34469K(650240K)] 632684K->44749K(2048512K), 0.0116319 secs] [Times: user=0.13 sys=0.00, real=0.01 secs] 
2020-09-29T17:43:25.319+0200: 9.698: [GC (Allocation Failure) [PSYoungGen: 635557K->47685K(649216K)] 645837K->57965K(2047488K), 0.0162362 secs] [Times: user=0.13 sys=0.00, real=0.02 secs] 
2020-09-29T17:43:25.388+0200: 9.767: [GC (Allocation Failure) [PSYoungGen: 648773K->33348K(646144K)] 659053K->43628K(2044416K), 0.0119629 secs] [Times: user=0.13 sys=0.00, real=0.01 secs] 
2020-09-29T17:43:25.452+0200: 9.831: [GC (Allocation Failure) [PSYoungGen: 629828K->40740K(637440K)] 640108K->51020K(2035712K), 0.0151002 secs] [Times: user=0.13 sys=0.00, real=0.02 secs] 
2020-09-29T17:43:25.517+0200: 9.897: [GC (Allocation Failure) [PSYoungGen: 637220K->35653K(647680K)] 647500K->45933K(2045952K), 0.0129368 secs] [Times: user=0.13 sys=0.00, real=0.01 secs] 
2020-09-29T17:43:25.582+0200: 9.961: [GC (Allocation Failure) [PSYoungGen: 631109K->51173K(646656K)] 641389K->67093K(2044928K), 0.0269820 secs] [Times: user=0.25 sys=0.00, real=0.03 secs] 
2020-09-29T17:43:25.662+0200: 10.041: [GC (Allocation Failure) [PSYoungGen: 646629K->37093K(638464K)] 662549K->53013K(2036736K), 0.0166416 secs] [Times: user=0.13 sys=0.00, real=0.02 secs] 
2020-09-29T17:43:25.734+0200: 10.113: [GC (Allocation Failure) [PSYoungGen: 623333K->49093K(635392K)] 639253K->65013K(2033664K), 0.0224092 secs] [Times: user=0.25 sys=0.00, real=0.02 secs] 
2020-09-29T17:43:25.807+0200: 10.186: [GC (Allocation Failure) [PSYoungGen: 635333K->33188K(641024K)] 651253K->49108K(2039296K), 0.0161860 secs] [Times: user=0.13 sys=0.00, real=0.02 secs] 
2020-09-29T17:43:25.875+0200: 10.254: [GC (Allocation Failure) [PSYoungGen: 615332K->54725K(636928K)] 631252K->70645K(2035200K), 0.0247253 secs] [Times: user=0.25 sys=0.00, real=0.02 secs] 
2020-09-29T17:43:25.949+0200: 10.328: [GC (Allocation Failure) [PSYoungGen: 636869K->21541K(634880K)] 652789K->37461K(2033152K), 0.0093578 secs] [Times: user=0.13 sys=0.00, real=0.01 secs] 
2020-09-29T17:43:26.014+0200: 10.393: [GC (Allocation Failure) [PSYoungGen: 594469K->47589K(620544K)] 610389K->63509K(2018816K), 0.0219828 secs] [Times: user=0.25 sys=0.00, real=0.02 secs] 
2020-09-29T17:43:26.085+0200: 10.464: [GC (Allocation Failure) [PSYoungGen: 620517K->32100K(636416K)] 636437K->48020K(2034688K), 0.0164398 secs] [Times: user=0.13 sys=0.00, real=0.02 secs] 
2020-09-29T17:43:26.150+0200: 10.529: [GC (Allocation Failure) [PSYoungGen: 604516K->43333K(634880K)] 620436K->59253K(2033152K), 0.0208825 secs] [Times: user=0.13 sys=0.00, real=0.02 secs] 
2020-09-29T17:43:26.221+0200: 10.600: [GC (Allocation Failure) [PSYoungGen: 615749K->27652K(637440K)] 631669K->43572K(2035712K), 0.0138678 secs] [Times: user=0.13 sys=0.00, real=0.01 secs] 
2020-09-29T17:43:26.286+0200: 10.665: [GC (Allocation Failure) [PSYoungGen: 602628K->55685K(630784K)] 618548K->71605K(2029056K), 0.0246203 secs] [Times: user=0.13 sys=0.00, real=0.03 secs] 
2020-09-29T17:43:26.361+0200: 10.740: [GC (Allocation Failure) [PSYoungGen: 629398K->24996K(633344K)] 645319K->40916K(2031616K), 0.0132638 secs] [Times: user=0.13 sys=0.00, real=0.01 secs] 
2020-09-29T17:43:26.423+0200: 10.803: [GC (Allocation Failure) [PSYoungGen: 592292K->45381K(632832K)] 608212K->61301K(2031104K), 0.0212742 secs] [Times: user=0.23 sys=0.00, real=0.02 secs] 
2020-09-29T17:43:26.498+0200: 10.878: [GC (Allocation Failure) [PSYoungGen: 612677K->38469K(635904K)] 628597K->54389K(2034176K), 0.0185427 secs] [Times: user=0.13 sys=0.00, real=0.02 secs] 
2020-09-29T17:43:26.569+0200: 10.948: [GC (Allocation Failure) [PSYoungGen: 608325K->33380K(632832K)] 624245K->49300K(2031104K), 0.0175158 secs] [Times: user=0.13 sys=0.00, real=0.02 secs] 
2020-09-29T17:43:26.640+0200: 11.019: [GC (Allocation Failure) [PSYoungGen: 603236K->42373K(637952K)] 619156K->58293K(2036224K), 0.0196798 secs] [Times: user=0.13 sys=0.00, real=0.02 secs] 
2020-09-29T17:43:26.710+0200: 11.089: [GC (Allocation Failure) [PSYoungGen: 618885K->30885K(637440K)] 634805K->46805K(2035712K), 0.0137715 secs] [Times: user=0.13 sys=0.00, real=0.01 secs] 
2020-09-29T17:43:26.776+0200: 11.156: [GC (Allocation Failure) [PSYoungGen: 607397K->33221K(640512K)] 623317K->49141K(2038784K), 0.0151966 secs] [Times: user=0.13 sys=0.00, real=0.02 secs] 
2020-09-29T17:43:26.849+0200: 11.229: [GC (Allocation Failure) [PSYoungGen: 613829K->22436K(638976K)] 629749K->38356K(2037248K), 0.0124594 secs] [Times: user=0.00 sys=0.00, real=0.01 secs] 
2020-09-29T17:43:26.913+0200: 11.292: [GC (Allocation Failure) [PSYoungGen: 603044K->28676K(641024K)] 618964K->44596K(2039296K), 0.0139743 secs] [Times: user=0.13 sys=0.00, real=0.01 secs] 
2020-09-29T17:43:26.983+0200: 11.362: [GC (Allocation Failure) [PSYoungGen: 610820K->50277K(632832K)] 626740K->66197K(2031104K), 0.0251129 secs] [Times: user=0.22 sys=0.00, real=0.02 secs] 
2020-09-29T17:43:27.062+0200: 11.441: [GC (Allocation Failure) [PSYoungGen: 632421K->30821K(638976K)] 648341K->46741K(2037248K), 0.0144521 secs] [Times: user=0.13 sys=0.00, real=0.01 secs] 
2020-09-29T17:43:27.126+0200: 11.505: [GC (Allocation Failure) [PSYoungGen: 608869K->19010K(637952K)] 624789K->34930K(2036224K), 0.0114265 secs] [Times: user=0.13 sys=0.00, real=0.01 secs] 
2020-09-29T17:43:27.189+0200: 11.568: [GC (Allocation Failure) [PSYoungGen: 597058K->17220K(638464K)] 612978K->33140K(2036736K), 0.0088840 secs] [Times: user=0.13 sys=0.00, real=0.01 secs] 
2020-09-29T17:43:27.248+0200: 11.627: [GC (Allocation Failure) [PSYoungGen: 595268K->31971K(638464K)] 611188K->47891K(2036736K), 0.0170468 secs] [Times: user=0.13 sys=0.00, real=0.02 secs] 
2020-09-29T17:43:27.316+0200: 11.695: [GC (Allocation Failure) [PSYoungGen: 610019K->35428K(642560K)] 625939K->51348K(2040832K), 0.0175520 secs] [Times: user=0.25 sys=0.00, real=0.02 secs] 
2020-09-29T17:43:27.389+0200: 11.768: [GC (Allocation Failure) [PSYoungGen: 620132K->45188K(630272K)] 636052K->61108K(2028544K), 0.0222121 secs] [Times: user=0.25 sys=0.00, real=0.02 secs] 
2020-09-29T17:43:27.462+0200: 11.841: [GC (Allocation Failure) [PSYoungGen: 629892K->41957K(638976K)] 645812K->57877K(2037248K), 0.0194500 secs] [Times: user=0.13 sys=0.00, real=0.02 secs] 
2020-09-29T17:43:27.532+0200: 11.911: [GC (Allocation Failure) [PSYoungGen: 622053K->31683K(639488K)] 637973K->47603K(2037760K), 0.0171182 secs] [Times: user=0.13 sys=0.00, real=0.02 secs] 
2020-09-29T17:43:27.604+0200: 11.983: [GC (Allocation Failure) [PSYoungGen: 610620K->20803K(641536K)] 626540K->36723K(2039808K), 0.0121382 secs] [Times: user=0.13 sys=0.00, real=0.01 secs] 
2020-09-29T17:43:27.666+0200: 12.045: [GC (Allocation Failure) [PSYoungGen: 604995K->44292K(628736K)] 620915K->60212K(2027008K), 0.0217831 secs] [Times: user=0.13 sys=0.00, real=0.02 secs] 
2020-09-29T17:43:27.738+0200: 12.117: [GC (Allocation Failure) [PSYoungGen: 628484K->40581K(640000K)] 644404K->56501K(2038272K), 0.0196255 secs] [Times: user=0.25 sys=0.00, real=0.02 secs] 
2020-09-29T17:43:27.809+0200: 12.188: [GC (Allocation Failure) [PSYoungGen: 621701K->47461K(628736K)] 637621K->63381K(2027008K), 0.0228341 secs] [Times: user=0.13 sys=0.00, real=0.02 secs] 
2020-09-29T17:43:27.883+0200: 12.262: [GC (Allocation Failure) [PSYoungGen: 628581K->26276K(638464K)] 644501K->42196K(2036736K), 0.0149034 secs] [Times: user=0.11 sys=0.00, real=0.02 secs] 
2020-09-29T17:43:27.951+0200: 12.330: [GC (Allocation Failure) [PSYoungGen: 603300K->42789K(637440K)] 619220K->58709K(2035712K), 0.0214042 secs] [Times: user=0.11 sys=0.00, real=0.02 secs] 
2020-09-29T17:43:28.023+0200: 12.402: [GC (Allocation Failure) [PSYoungGen: 619813K->31524K(640000K)] 635733K->47444K(2038272K), 0.0165810 secs] [Times: user=0.11 sys=0.00, real=0.02 secs] 
2020-09-29T17:43:28.091+0200: 12.470: [GC (Allocation Failure) [PSYoungGen: 610596K->36421K(637952K)] 626516K->52341K(2036224K), 0.0184338 secs] [Times: user=0.11 sys=0.00, real=0.02 secs] 
2020-09-29T17:43:28.161+0200: 12.540: [GC (Allocation Failure) [PSYoungGen: 615493K->40260K(642048K)] 631413K->56180K(2040320K), 0.0208340 secs] [Times: user=0.11 sys=0.00, real=0.02 secs] 
2020-09-29T17:43:28.234+0200: 12.613: [GC (Allocation Failure) [PSYoungGen: 625476K->36612K(642048K)] 641396K->52532K(2040320K), 0.0197571 secs] [Times: user=0.11 sys=0.00, real=0.02 secs] 
2020-09-29T17:43:28.306+0200: 12.685: [GC (Allocation Failure) [PSYoungGen: 621828K->47397K(638976K)] 637748K->63317K(2037248K), 0.0241715 secs] [Times: user=0.11 sys=0.00, real=0.03 secs] 
2020-09-29T17:43:28.383+0200: 12.763: [GC (Allocation Failure) [PSYoungGen: 631589K->28996K(641536K)] 647509K->44916K(2039808K), 0.0180166 secs] [Times: user=0.11 sys=0.00, real=0.02 secs] 
2020-09-29T17:43:28.456+0200: 12.835: [GC (Allocation Failure) [PSYoungGen: 613188K->52677K(634880K)] 629108K->68597K(2033152K), 0.0253471 secs] [Times: user=0.22 sys=0.00, real=0.02 secs] 
2020-09-29T17:43:28.533+0200: 12.912: [GC (Allocation Failure) [PSYoungGen: 630725K->42789K(638464K)] 646645K->58709K(2036736K), 0.0225704 secs] [Times: user=0.22 sys=0.00, real=0.02 secs] 
2020-09-29T17:43:28.607+0200: 12.986: [GC (Allocation Failure) [PSYoungGen: 620837K->46629K(637440K)] 636757K->62549K(2035712K), 0.0241676 secs] [Times: user=0.22 sys=0.00, real=0.02 secs] 
2020-09-29T17:43:28.682+0200: 13.061: [GC (Allocation Failure) [PSYoungGen: 623653K->35492K(637952K)] 639573K->51412K(2036224K), 0.0178334 secs] [Times: user=0.13 sys=0.00, real=0.02 secs] 
2020-09-29T17:43:28.751+0200: 13.130: [GC (Allocation Failure) [PSYoungGen: 612516K->38181K(641024K)] 628436K->54101K(2039296K), 0.0193976 secs] [Times: user=0.13 sys=0.00, real=0.02 secs] 
2020-09-29T17:43:28.823+0200: 13.202: [GC (Allocation Failure) [PSYoungGen: 619813K->30691K(639488K)] 635733K->46611K(2037760K), 0.0181976 secs] [Times: user=0.11 sys=0.00, real=0.02 secs] 
2020-09-29T17:43:28.893+0200: 13.272: [GC (Allocation Failure) [PSYoungGen: 612323K->38085K(643584K)] 628243K->54005K(2041856K), 0.0195826 secs] [Times: user=0.22 sys=0.00, real=0.02 secs] 
2020-09-29T17:43:28.969+0200: 13.348: [GC (Allocation Failure) [PSYoungGen: 624325K->35332K(641536K)] 640245K->51252K(2039808K), 0.0196516 secs] [Times: user=0.14 sys=0.00, real=0.02 secs] 
2020-09-29T17:43:29.040+0200: 13.419: [GC (Allocation Failure) [PSYoungGen: 621572K->33668K(645632K)] 637492K->49588K(2043904K), 0.0185402 secs] [Times: user=0.11 sys=0.00, real=0.02 secs] 
2020-09-29T17:43:29.110+0200: 13.489: [GC (Allocation Failure) [PSYoungGen: 625028K->36997K(644608K)] 640948K->52917K(2042880K), 0.0186065 secs] [Times: user=0.11 sys=0.00, real=0.02 secs] 
2020-09-29T17:43:29.182+0200: 13.561: [GC (Allocation Failure) [PSYoungGen: 628357K->51685K(637952K)] 644277K->69965K(2036224K), 0.0259714 secs] [Times: user=0.13 sys=0.00, real=0.03 secs] 
2020-09-29T17:43:29.258+0200: 13.637: [GC (Allocation Failure) [PSYoungGen: 637925K->52421K(638976K)] 656205K->70701K(2037248K), 0.0237231 secs] [Times: user=0.13 sys=0.00, real=0.02 secs] 
2020-09-29T17:43:29.334+0200: 13.713: [GC (Allocation Failure) [PSYoungGen: 638661K->37093K(640512K)] 656941K->55373K(2038784K), 0.0175485 secs] [Times: user=0.13 sys=0.00, real=0.02 secs] 
2020-09-29T17:43:29.403+0200: 13.782: [GC (Allocation Failure) [PSYoungGen: 617701K->43493K(638976K)] 635981K->61773K(2037248K), 0.0205123 secs] [Times: user=0.13 sys=0.00, real=0.02 secs] 
2020-09-29T17:43:29.475+0200: 13.854: [GC (Allocation Failure) [PSYoungGen: 624101K->21700K(637952K)] 642381K->39980K(2036224K), 0.0111021 secs] [Times: user=0.00 sys=0.00, real=0.01 secs] 
2020-09-29T17:43:29.538+0200: 13.917: [GC (Allocation Failure) [PSYoungGen: 601796K->41189K(639488K)] 620076K->59469K(2037760K), 0.0210129 secs] [Times: user=0.11 sys=0.00, real=0.02 secs] 
2020-09-29T17:43:29.610+0200: 13.989: [GC (Allocation Failure) [PSYoungGen: 621285K->47077K(638464K)] 639565K->65357K(2036736K), 0.0229397 secs] [Times: user=0.22 sys=0.00, real=0.02 secs] 
2020-09-29T17:43:29.684+0200: 14.063: [GC (Allocation Failure) [PSYoungGen: 627173K->39205K(639488K)] 645453K->57485K(2037760K), 0.0185727 secs] [Times: user=0.13 sys=0.00, real=0.02 secs] 
2020-09-29T17:43:29.752+0200: 14.131: [GC (Allocation Failure) [PSYoungGen: 619301K->29156K(641536K)] 637581K->47436K(2039808K), 0.0145818 secs] [Times: user=0.13 sys=0.00, real=0.01 secs] 
2020-09-29T17:43:29.817+0200: 14.196: [GC (Allocation Failure) [PSYoungGen: 613348K->52805K(637440K)] 631628K->71085K(2035712K), 0.0255143 secs] [Times: user=0.13 sys=0.00, real=0.03 secs] 
2020-09-29T17:43:29.892+0200: 14.271: [GC (Allocation Failure) [PSYoungGen: 636997K->19523K(634880K)] 655277K->37803K(2033152K), 0.0117247 secs] [Times: user=0.13 sys=0.00, real=0.01 secs] 
2020-09-29T17:43:29.958+0200: 14.337: [GC (Allocation Failure) [PSYoungGen: 593475K->30724K(636416K)] 611755K->49004K(2034688K), 0.0158938 secs] [Times: user=0.02 sys=0.00, real=0.02 secs] 
2020-09-29T17:43:30.023+0200: 14.402: [GC (Allocation Failure) [PSYoungGen: 604676K->29955K(638976K)] 622956K->48235K(2037248K), 0.0159822 secs] [Times: user=0.13 sys=0.00, real=0.02 secs] 
2020-09-29T17:43:30.091+0200: 14.470: [GC (Allocation Failure) [PSYoungGen: 608003K->33637K(637952K)] 626283K->51917K(2036224K), 0.0159637 secs] [Times: user=0.13 sys=0.00, real=0.02 secs] 
2020-09-29T17:43:30.158+0200: 14.537: [GC (Allocation Failure) [PSYoungGen: 611685K->22083K(640512K)] 629965K->40363K(2038784K), 0.0123038 secs] [Times: user=0.13 sys=0.00, real=0.01 secs] 
2020-09-29T17:43:30.222+0200: 14.602: [GC (Allocation Failure) [PSYoungGen: 604227K->27044K(640512K)] 622507K->45324K(2038784K), 0.0139805 secs] [Times: user=0.13 sys=0.00, real=0.01 secs] 
2020-09-29T17:43:30.286+0200: 14.665: [GC (Allocation Failure) [PSYoungGen: 609188K->34949K(643584K)] 627468K->53229K(2041856K), 0.0173259 secs] [Times: user=0.13 sys=0.00, real=0.02 secs] 
2020-09-29T17:43:30.355+0200: 14.734: [GC (Allocation Failure) [PSYoungGen: 621189K->32068K(641536K)] 639469K->50348K(2039808K), 0.0162521 secs] [Times: user=0.13 sys=0.00, real=0.02 secs] 
2020-09-29T17:43:30.421+0200: 14.800: [GC (Allocation Failure) [PSYoungGen: 618308K->43940K(642048K)] 636588K->62220K(2040320K), 0.0219074 secs] [Times: user=0.25 sys=0.00, real=0.02 secs] 
2020-09-29T17:43:30.495+0200: 14.874: [GC (Allocation Failure) [PSYoungGen: 632228K->30468K(643584K)] 650508K->48748K(2041856K), 0.0155900 secs] [Times: user=0.13 sys=0.00, real=0.02 secs] 
2020-09-29T17:43:30.564+0200: 14.943: [GC (Allocation Failure) [PSYoungGen: 618756K->30853K(646144K)] 637036K->49133K(2044416K), 0.0147073 secs] [Times: user=0.11 sys=0.00, real=0.01 secs] 
2020-09-29T17:43:30.633+0200: 15.012: [GC (Allocation Failure) [PSYoungGen: 622725K->30883K(644608K)] 641005K->49163K(2042880K), 0.0204313 secs] [Times: user=0.11 sys=0.00, real=0.02 secs] 
2020-09-29T17:43:30.705+0200: 15.084: [GC (Allocation Failure) [PSYoungGen: 622755K->48356K(640000K)] 641035K->66636K(2038272K), 0.0265191 secs] [Times: user=0.25 sys=0.00, real=0.03 secs] 
2020-09-29T17:43:30.783+0200: 15.162: [GC (Allocation Failure) [PSYoungGen: 636644K->48773K(637440K)] 654924K->67053K(2035712K), 0.0253861 secs] [Times: user=0.25 sys=0.00, real=0.03 secs] 
2020-09-29T17:43:30.864+0200: 15.243: [GC (Allocation Failure) [PSYoungGen: 637061K->35461K(642560K)] 655341K->53741K(2040832K), 0.0200166 secs] [Times: user=0.13 sys=0.00, real=0.02 secs] 
2020-09-29T17:43:30.938+0200: 15.317: [GC (Allocation Failure) [PSYoungGen: 619653K->31364K(640512K)] 637933K->49644K(2038784K), 0.0172995 secs] [Times: user=0.11 sys=0.00, real=0.02 secs] 
2020-09-29T17:43:31.012+0200: 15.391: [GC (Allocation Failure) [PSYoungGen: 615556K->25379K(643584K)] 633836K->43659K(2041856K), 0.0160353 secs] [Times: user=0.13 sys=0.00, real=0.02 secs] 
2020-09-29T17:43:31.082+0200: 15.461: [GC (Allocation Failure) [PSYoungGen: 613667K->39397K(643584K)] 631947K->57677K(2041856K), 0.0213532 secs] [Times: user=0.23 sys=0.01, real=0.03 secs] 
2020-09-29T17:43:31.169+0200: 15.549: [GC (Allocation Failure) [PSYoungGen: 627685K->39749K(644608K)] 645965K->58029K(2042880K), 0.0213245 secs] [Times: user=0.13 sys=0.00, real=0.02 secs] 
2020-09-29T17:43:31.243+0200: 15.623: [GC (Allocation Failure) [PSYoungGen: 629573K->41733K(644096K)] 647853K->60013K(2042368K), 0.0226330 secs] [Times: user=0.13 sys=0.00, real=0.02 secs] 
2020-09-29T17:43:31.317+0200: 15.697: [GC (Allocation Failure) [PSYoungGen: 631557K->54757K(631808K)] 649837K->75445K(2030080K), 0.0295643 secs] [Times: user=0.13 sys=0.00, real=0.03 secs] 
2020-09-29T17:43:31.397+0200: 15.777: [GC (Allocation Failure) [PSYoungGen: 631781K->31364K(637952K)] 652469K->52052K(2036224K), 0.0183377 secs] [Times: user=0.13 sys=0.00, real=0.02 secs] 
2020-09-29T17:43:31.466+0200: 15.845: [GC (Allocation Failure) [PSYoungGen: 608388K->34149K(640512K)] 629076K->54837K(2038784K), 0.0177113 secs] [Times: user=0.13 sys=0.00, real=0.02 secs] 
2020-09-29T17:43:31.535+0200: 15.914: [GC (Allocation Failure) [PSYoungGen: 614757K->40484K(638976K)] 635445K->61172K(2037248K), 0.0230959 secs] [Times: user=0.25 sys=0.00, real=0.02 secs] 
2020-09-29T17:43:31.610+0200: 15.989: [GC (Allocation Failure) [PSYoungGen: 621092K->33157K(642560K)] 641780K->53845K(2040832K), 0.0190430 secs] [Times: user=0.11 sys=0.00, real=0.02 secs] 
2020-09-29T17:43:31.681+0200: 16.060: [GC (Allocation Failure) [PSYoungGen: 618373K->43588K(641536K)] 639061K->64276K(2039808K), 0.0238741 secs] [Times: user=0.13 sys=0.00, real=0.02 secs] 
2020-09-29T17:43:31.757+0200: 16.136: [GC (Allocation Failure) [PSYoungGen: 628804K->54565K(633344K)] 649492K->75253K(2031616K), 0.0277713 secs] [Times: user=0.13 sys=0.00, real=0.03 secs] 
2020-09-29T17:43:31.837+0200: 16.216: [GC (Allocation Failure) [PSYoungGen: 631589K->26884K(637952K)] 652277K->47572K(2036224K), 0.0150430 secs] [Times: user=0.13 sys=0.00, real=0.02 secs] 
2020-09-29T17:43:31.902+0200: 16.282: [GC (Allocation Failure) [PSYoungGen: 603908K->28868K(638464K)] 624596K->49556K(2036736K), 0.0177667 secs] [Times: user=0.13 sys=0.00, real=0.02 secs] 
2020-09-29T17:43:31.969+0200: 16.349: [GC (Allocation Failure) [PSYoungGen: 606404K->32165K(637952K)] 627092K->52853K(2036224K), 0.0189663 secs] [Times: user=0.09 sys=0.00, real=0.02 secs] 
2020-09-29T17:43:32.048+0200: 16.428: [GC (Allocation Failure) [PSYoungGen: 609701K->19203K(637952K)] 630389K->39891K(2036224K), 0.0118381 secs] [Times: user=0.13 sys=0.00, real=0.01 secs] 
2020-09-29T17:43:32.124+0200: 16.504: [GC (Allocation Failure) [PSYoungGen: 598275K->21636K(638976K)] 618963K->42324K(2037248K), 0.0126062 secs] [Times: user=0.13 sys=0.00, real=0.01 secs] 
2020-09-29T17:43:32.188+0200: 16.568: [GC (Allocation Failure) [PSYoungGen: 600708K->22051K(640000K)] 621396K->42739K(2038272K), 0.0142422 secs] [Times: user=0.13 sys=0.00, real=0.02 secs] 
2020-09-29T17:43:32.257+0200: 16.637: [GC (Allocation Failure) [PSYoungGen: 602659K->28260K(639488K)] 623347K->48948K(2037760K), 0.0158454 secs] [Times: user=0.13 sys=0.00, real=0.02 secs] 
2020-09-29T17:43:32.329+0200: 16.708: [GC (Allocation Failure) [PSYoungGen: 608868K->20708K(642560K)] 629556K->41396K(2040832K), 0.0111865 secs] [Times: user=0.13 sys=0.00, real=0.01 secs] 
2020-09-29T17:43:32.394+0200: 16.773: [GC (Allocation Failure) [PSYoungGen: 605924K->29731K(641536K)] 626612K->50419K(2039808K), 0.0183970 secs] [Times: user=0.25 sys=0.00, real=0.02 secs] 
2020-09-29T17:43:32.464+0200: 16.843: [GC (Allocation Failure) [PSYoungGen: 614947K->54245K(632320K)] 635635K->74997K(2030592K), 0.0280576 secs] [Times: user=0.25 sys=0.00, real=0.03 secs] 
2020-09-29T17:43:32.545+0200: 16.924: [GC (Allocation Failure) [PSYoungGen: 632293K->44581K(623104K)] 653045K->65333K(2021376K), 0.0252076 secs] [Times: user=0.23 sys=0.00, real=0.02 secs] 
2020-09-29T17:43:32.624+0200: 17.004: [GC (Allocation Failure) [PSYoungGen: 622629K->48421K(631808K)] 643381K->69173K(2030080K), 0.0273372 secs] [Times: user=0.22 sys=0.00, real=0.03 secs] 
2020-09-29T17:43:32.702+0200: 17.082: [GC (Allocation Failure) [PSYoungGen: 618277K->28739K(634368K)] 639029K->49491K(2032640K), 0.0178726 secs] [Times: user=0.13 sys=0.00, real=0.02 secs] 
2020-09-29T17:43:32.776+0200: 17.156: [GC (Allocation Failure) [PSYoungGen: 598595K->37989K(637440K)] 619347K->58741K(2035712K), 0.0199155 secs] [Times: user=0.13 sys=0.00, real=0.02 secs] 
2020-09-29T17:43:32.861+0200: 17.241: [GC (Allocation Failure) [PSYoungGen: 612453K->37508K(635904K)] 633205K->58260K(2034176K), 0.0209700 secs] [Times: user=0.25 sys=0.00, real=0.02 secs] 
2020-09-29T17:43:32.933+0200: 17.313: [GC (Allocation Failure) [PSYoungGen: 611972K->37733K(641024K)] 632724K->58485K(2039296K), 0.0202600 secs] [Times: user=0.13 sys=0.00, real=0.02 secs] 
2020-09-29T17:43:33.008+0200: 17.387: [GC (Allocation Failure) [PSYoungGen: 619365K->31365K(639488K)] 640117K->52117K(2037760K), 0.0174990 secs] [Times: user=0.13 sys=0.00, real=0.02 secs] 
2020-09-29T17:43:33.075+0200: 17.455: [GC (Allocation Failure) [PSYoungGen: 612997K->38853K(643072K)] 633749K->59605K(2041344K), 0.0209793 secs] [Times: user=0.13 sys=0.00, real=0.02 secs] 
2020-09-29T17:43:33.148+0200: 17.528: [GC (Allocation Failure) [PSYoungGen: 625605K->48772K(635904K)] 646357K->69524K(2034176K), 0.0267724 secs] [Times: user=0.13 sys=0.00, real=0.03 secs] 
2020-09-29T17:43:33.225+0200: 17.605: [GC (Allocation Failure) [PSYoungGen: 635524K->33764K(642048K)] 656276K->54516K(2040320K), 0.0202056 secs] [Times: user=0.13 sys=0.00, real=0.02 secs] 
2020-09-29T17:43:33.297+0200: 17.676: [GC (Allocation Failure) [PSYoungGen: 617444K->28708K(640512K)] 638196K->49460K(2038784K), 0.0159620 secs] [Times: user=0.13 sys=0.00, real=0.02 secs] 
2020-09-29T17:43:33.366+0200: 17.745: [GC (Allocation Failure) [PSYoungGen: 612388K->10243K(637440K)] 633140K->30995K(2035712K), 0.0070214 secs] [Times: user=0.00 sys=0.00, real=0.01 secs] 
2020-09-29T17:43:33.432+0200: 17.811: [GC (Allocation Failure) [PSYoungGen: 591363K->29828K(640000K)] 612115K->50580K(2038272K), 0.0175555 secs] [Times: user=0.13 sys=0.00, real=0.02 secs] 
2020-09-29T17:43:33.505+0200: 17.885: [GC (Allocation Failure) [PSYoungGen: 610948K->35876K(643584K)] 631700K->56628K(2041856K), 0.0197524 secs] [Times: user=0.13 sys=0.00, real=0.02 secs] 
2020-09-29T17:43:33.579+0200: 17.959: [GC (Allocation Failure) [PSYoungGen: 622628K->34725K(642048K)] 643380K->55477K(2040320K), 0.0203491 secs] [Times: user=0.22 sys=0.00, real=0.02 secs] 
2020-09-29T17:43:33.656+0200: 18.035: [GC (Allocation Failure) [PSYoungGen: 621477K->47237K(638976K)] 642229K->67989K(2037248K), 0.0251529 secs] [Times: user=0.23 sys=0.00, real=0.03 secs] 
2020-09-29T17:43:33.732+0200: 18.112: [GC (Allocation Failure) [PSYoungGen: 632453K->44517K(629760K)] 653205K->65269K(2028032K), 0.0236743 secs] [Times: user=0.25 sys=0.00, real=0.02 secs] 
2020-09-29T17:43:33.807+0200: 18.187: [GC (Allocation Failure) [PSYoungGen: 629733K->26915K(641024K)] 650485K->47667K(2039296K), 0.0163286 secs] [Times: user=0.13 sys=0.00, real=0.02 secs] 
2020-09-29T17:43:33.879+0200: 18.258: [GC (Allocation Failure) [PSYoungGen: 609571K->20804K(640512K)] 630323K->41556K(2038784K), 0.0115934 secs] [Times: user=0.00 sys=0.00, real=0.01 secs] 
2020-09-29T17:43:33.947+0200: 18.326: [GC (Allocation Failure) [PSYoungGen: 603460K->42917K(638976K)] 624212K->63669K(2037248K), 0.0218003 secs] [Times: user=0.13 sys=0.00, real=0.02 secs] 
2020-09-29T17:43:34.021+0200: 18.401: [GC (Allocation Failure) [PSYoungGen: 624037K->49765K(631296K)] 644789K->70517K(2029568K), 0.0268528 secs] [Times: user=0.13 sys=0.00, real=0.03 secs] 
2020-09-29T17:43:34.098+0200: 18.478: [GC (Allocation Failure) [PSYoungGen: 630885K->29349K(638464K)] 651637K->50101K(2036736K), 0.0148530 secs] [Times: user=0.00 sys=0.00, real=0.01 secs] 
2020-09-29T17:43:34.164+0200: 18.544: [GC (Allocation Failure) [PSYoungGen: 605861K->45253K(636928K)] 626613K->66005K(2035200K), 0.0243581 secs] [Times: user=0.13 sys=0.00, real=0.02 secs] 
2020-09-29T17:43:34.240+0200: 18.620: [GC (Allocation Failure) [PSYoungGen: 621765K->47493K(633856K)] 642517K->68245K(2032128K), 0.0247225 secs] [Times: user=0.13 sys=0.00, real=0.03 secs] 
2020-09-29T17:43:34.317+0200: 18.697: [GC (Allocation Failure) [PSYoungGen: 619397K->31077K(635392K)] 640149K->51829K(2033664K), 0.0173443 secs] [Times: user=0.13 sys=0.00, real=0.02 secs] 
2020-09-29T17:43:34.385+0200: 18.764: [GC (Allocation Failure) [PSYoungGen: 602981K->27843K(637952K)] 623733K->48595K(2036224K), 0.0174420 secs] [Times: user=0.13 sys=0.00, real=0.02 secs] 
2020-09-29T17:43:34.456+0200: 18.835: [GC (Allocation Failure) [PSYoungGen: 603843K->28964K(636928K)] 624595K->49716K(2035200K), 0.0170361 secs] [Times: user=0.16 sys=0.00, real=0.02 secs] 
2020-09-29T17:43:34.526+0200: 18.906: [GC (Allocation Failure) [PSYoungGen: 604964K->44421K(637952K)] 625716K->65173K(2036224K), 0.0238121 secs] [Times: user=0.13 sys=0.00, real=0.02 secs] 
2020-09-29T17:43:34.604+0200: 18.984: [GC (Allocation Failure) [PSYoungGen: 622469K->34597K(638464K)] 643221K->55349K(2036736K), 0.0202536 secs] [Times: user=0.11 sys=0.00, real=0.02 secs] 
2020-09-29T17:43:34.678+0200: 19.058: [GC (Allocation Failure) [PSYoungGen: 612645K->38341K(641536K)] 633397K->59093K(2039808K), 0.0208176 secs] [Times: user=0.13 sys=0.00, real=0.02 secs] 
2020-09-29T17:43:34.749+0200: 19.129: [GC (Allocation Failure) [PSYoungGen: 621509K->47205K(630784K)] 642261K->67957K(2029056K), 0.0250560 secs] [Times: user=0.25 sys=0.00, real=0.02 secs] 
2020-09-29T17:43:34.831+0200: 19.211: [GC (Allocation Failure) [PSYoungGen: 630373K->28324K(640512K)] 651125K->49076K(2038784K), 0.0166149 secs] [Times: user=0.19 sys=0.02, real=0.02 secs] 
2020-09-29T17:43:34.898+0200: 19.278: [GC (Allocation Failure) [PSYoungGen: 609444K->46948K(628224K)] 630196K->67700K(2026496K), 0.0250810 secs] [Times: user=0.13 sys=0.00, real=0.03 secs] 
2020-09-29T17:43:34.974+0200: 19.353: [GC (Allocation Failure) [PSYoungGen: 628068K->40197K(640000K)] 648820K->60949K(2038272K), 0.0209749 secs] [Times: user=0.13 sys=0.00, real=0.02 secs] 
2020-09-29T17:43:35.046+0200: 19.426: [GC (Allocation Failure) [PSYoungGen: 619781K->29956K(638464K)] 640533K->50708K(2036736K), 0.0171784 secs] [Times: user=0.13 sys=0.00, real=0.02 secs] 
2020-09-29T17:43:35.114+0200: 19.493: [GC (Allocation Failure) [PSYoungGen: 609540K->35365K(642560K)] 630292K->56117K(2040832K), 0.0194259 secs] [Times: user=0.13 sys=0.00, real=0.02 secs] 
2020-09-29T17:43:35.186+0200: 19.566: [GC (Allocation Failure) [PSYoungGen: 619557K->56293K(640512K)] 640309K->79685K(2038784K), 0.0306965 secs] [Times: user=0.25 sys=0.00, real=0.03 secs] 
2020-09-29T17:43:35.267+0200: 19.647: [GC (Allocation Failure) [PSYoungGen: 640485K->41637K(634368K)] 663877K->65029K(2032640K), 0.0207329 secs] [Times: user=0.25 sys=0.00, real=0.02 secs] 
2020-09-29T17:43:35.338+0200: 19.718: [GC (Allocation Failure) [PSYoungGen: 617637K->26915K(637440K)] 641029K->50307K(2035712K), 0.0168381 secs] [Times: user=0.13 sys=0.00, real=0.02 secs] 
2020-09-29T17:43:35.405+0200: 19.785: [GC (Allocation Failure) [PSYoungGen: 602915K->42373K(638464K)] 626307K->65765K(2036736K), 0.0218794 secs] [Times: user=0.25 sys=0.00, real=0.02 secs] 
2020-09-29T17:43:35.476+0200: 19.856: [GC (Allocation Failure) [PSYoungGen: 619397K->44996K(637440K)] 642789K->68388K(2035712K), 0.0244194 secs] [Times: user=0.13 sys=0.00, real=0.02 secs] 
2020-09-29T17:43:35.550+0200: 19.930: [GC (Allocation Failure) [PSYoungGen: 622020K->34085K(639488K)] 645412K->57477K(2037760K), 0.0193138 secs] [Times: user=0.13 sys=0.01, real=0.02 secs] 
2020-09-29T17:43:35.622+0200: 20.002: [GC (Allocation Failure) [PSYoungGen: 612645K->21284K(637952K)] 636037K->44676K(2036224K), 0.0083696 secs] [Times: user=0.11 sys=0.00, real=0.01 secs] 
2020-09-29T17:43:35.682+0200: 20.061: [GC (Allocation Failure) [PSYoungGen: 599844K->25573K(638976K)] 623236K->48965K(2037248K), 0.0098373 secs] [Times: user=0.00 sys=0.00, real=0.01 secs] 
2020-09-29T17:43:35.744+0200: 20.123: [GC (Allocation Failure) [PSYoungGen: 604133K->26179K(638464K)] 627525K->49571K(2036736K), 0.0135589 secs] [Times: user=0.13 sys=0.00, real=0.01 secs] 
2020-09-29T17:43:35.809+0200: 20.189: [GC (Allocation Failure) [PSYoungGen: 604739K->44165K(637440K)] 628131K->67557K(2035712K), 0.0174240 secs] [Times: user=0.13 sys=0.00, real=0.02 secs] 
2020-09-29T17:43:35.880+0200: 20.259: [GC (Allocation Failure) [PSYoungGen: 622213K->47909K(626176K)] 645605K->71301K(2024448K), 0.0176355 secs] [Times: user=0.13 sys=0.00, real=0.02 secs] 
2020-09-29T17:43:35.948+0200: 20.328: [GC (Allocation Failure) [PSYoungGen: 625957K->38085K(638464K)] 649349K->61477K(2036736K), 0.0130334 secs] [Times: user=0.13 sys=0.00, real=0.01 secs] 
2020-09-29T17:43:36.010+0200: 20.390: [GC (Allocation Failure) [PSYoungGen: 614085K->38020K(636416K)] 637477K->61412K(2034688K), 0.0142609 secs] [Times: user=0.11 sys=0.00, real=0.02 secs] 
2020-09-29T17:43:36.074+0200: 20.454: [GC (Allocation Failure) [PSYoungGen: 614020K->39845K(641536K)] 637412K->63237K(2039808K), 0.0137699 secs] [Times: user=0.13 sys=0.00, real=0.01 secs] 
2020-09-29T17:43:36.137+0200: 20.517: [GC (Allocation Failure) [PSYoungGen: 623013K->34500K(640512K)] 646405K->57892K(2038784K), 0.0126895 secs] [Times: user=0.13 sys=0.00, real=0.01 secs] 
2020-09-29T17:43:36.200+0200: 20.580: [GC (Allocation Failure) [PSYoungGen: 617668K->14339K(638976K)] 641060K->37731K(2037248K), 0.0059635 secs] [Times: user=0.00 sys=0.00, real=0.01 secs] 
2020-09-29T17:43:36.256+0200: 20.636: [GC (Allocation Failure) [PSYoungGen: 597507K->36901K(641024K)] 620899K->60293K(2039296K), 0.0127937 secs] [Times: user=0.00 sys=0.00, real=0.01 secs] 
2020-09-29T17:43:36.319+0200: 20.699: [GC (Allocation Failure) [PSYoungGen: 620069K->17156K(640512K)] 643461K->40548K(2038784K), 0.0067641 secs] [Times: user=0.00 sys=0.00, real=0.01 secs] 
2020-09-29T17:43:36.376+0200: 20.756: [GC (Allocation Failure) [PSYoungGen: 601348K->27077K(641536K)] 624740K->50469K(2039808K), 0.0086303 secs] [Times: user=0.13 sys=0.00, real=0.01 secs] 
2020-09-29T17:43:36.435+0200: 20.814: [GC (Allocation Failure) [PSYoungGen: 611269K->37061K(643584K)] 634661K->60453K(2041856K), 0.0131669 secs] [Times: user=0.13 sys=0.00, real=0.01 secs] 
2020-09-29T17:43:36.498+0200: 20.878: [GC (Allocation Failure) [PSYoungGen: 624837K->36901K(643072K)] 648229K->60293K(2041344K), 0.0127797 secs] [Times: user=0.13 sys=0.00, real=0.01 secs] 
2020-09-29T17:43:36.561+0200: 20.941: [GC (Allocation Failure) [PSYoungGen: 624677K->36741K(645120K)] 648069K->60133K(2043392K), 0.0119807 secs] [Times: user=0.13 sys=0.00, real=0.01 secs] 
2020-09-29T17:43:36.625+0200: 21.005: [GC (Allocation Failure) [PSYoungGen: 627589K->21059K(644608K)] 650981K->44451K(2042880K), 0.0089079 secs] [Times: user=0.11 sys=0.00, real=0.01 secs] 
2020-09-29T17:43:36.686+0200: 21.066: [GC (Allocation Failure) [PSYoungGen: 611907K->37669K(645120K)] 635299K->61061K(2043392K), 0.0130231 secs] [Times: user=0.13 sys=0.00, real=0.01 secs] 
2020-09-29T17:43:36.751+0200: 21.130: [GC (Allocation Failure) [PSYoungGen: 629029K->27397K(645120K)] 652421K->50789K(2043392K), 0.0087738 secs] [Times: user=0.13 sys=0.00, real=0.01 secs] 
2020-09-29T17:43:36.810+0200: 21.190: [GC (Allocation Failure) [PSYoungGen: 618757K->52709K(631808K)] 642149K->81533K(2030080K), 0.0211386 secs] [Times: user=0.09 sys=0.03, real=0.02 secs] 
2020-09-29T17:43:36.881+0200: 21.261: [GC (Allocation Failure) [PSYoungGen: 631781K->49413K(628736K)] 660605K->78237K(2027008K), 0.0166468 secs] [Times: user=0.13 sys=0.00, real=0.02 secs] 
2020-09-29T17:43:36.949+0200: 21.328: [GC (Allocation Failure) [PSYoungGen: 628485K->25477K(636928K)] 657309K->54301K(2035200K), 0.0086616 secs] [Times: user=0.13 sys=0.00, real=0.01 secs] 
2020-09-29T17:43:37.007+0200: 21.386: [GC (Allocation Failure) [PSYoungGen: 599429K->24356K(635904K)] 628253K->53180K(2034176K), 0.0088807 secs] [Times: user=0.00 sys=0.00, real=0.01 secs] 
2020-09-29T17:43:37.065+0200: 21.444: [GC (Allocation Failure) [PSYoungGen: 598308K->36292K(639488K)] 627132K->65116K(2037760K), 0.0130120 secs] [Times: user=0.13 sys=0.00, real=0.01 secs] 
2020-09-29T17:43:37.127+0200: 21.507: [GC (Allocation Failure) [PSYoungGen: 614340K->53701K(631808K)] 643164K->82525K(2030080K), 0.0171822 secs] [Times: user=0.13 sys=0.00, real=0.02 secs] 
2020-09-29T17:43:37.193+0200: 21.573: [GC (Allocation Failure) [PSYoungGen: 631749K->29732K(636416K)] 660573K->58556K(2034688K), 0.0112636 secs] [Times: user=0.00 sys=0.00, real=0.01 secs] 
2020-09-29T17:43:37.254+0200: 21.634: [GC (Allocation Failure) [PSYoungGen: 602148K->41637K(634880K)] 630972K->70461K(2033152K), 0.0139269 secs] [Times: user=0.00 sys=0.00, real=0.01 secs] 
2020-09-29T17:43:37.317+0200: 21.697: [GC (Allocation Failure) [PSYoungGen: 614053K->39781K(637952K)] 642877K->68605K(2036224K), 0.0141175 secs] [Times: user=0.02 sys=0.00, real=0.02 secs] 
2020-09-29T17:43:37.381+0200: 21.761: [GC (Allocation Failure) [PSYoungGen: 615781K->55237K(631296K)] 644605K->84061K(2029568K), 0.0181492 secs] [Times: user=0.13 sys=0.00, real=0.02 secs] 
2020-09-29T17:43:37.449+0200: 21.829: [GC (Allocation Failure) [PSYoungGen: 631237K->29317K(634880K)] 660061K->58141K(2033152K), 0.0106313 secs] [Times: user=0.13 sys=0.00, real=0.01 secs] 
2020-09-29T17:43:37.508+0200: 21.888: [GC (Allocation Failure) [PSYoungGen: 599173K->38597K(633856K)] 627997K->67421K(2032128K), 0.0133761 secs] [Times: user=0.13 sys=0.00, real=0.01 secs] 
2020-09-29T17:43:37.571+0200: 21.951: [GC (Allocation Failure) [PSYoungGen: 608453K->34277K(638976K)] 637277K->63101K(2037248K), 0.0123099 secs] [Times: user=0.11 sys=0.00, real=0.01 secs] 
2020-09-29T17:43:37.635+0200: 22.015: [GC (Allocation Failure) [PSYoungGen: 611301K->36965K(636928K)] 640125K->65789K(2035200K), 0.0132594 secs] [Times: user=0.13 sys=0.00, real=0.01 secs] 
2020-09-29T17:43:37.697+0200: 22.077: [GC (Allocation Failure) [PSYoungGen: 613989K->39749K(642048K)] 642813K->68573K(2040320K), 0.0134954 secs] [Times: user=0.13 sys=0.00, real=0.01 secs] 
2020-09-29T17:43:37.762+0200: 22.142: [GC (Allocation Failure) [PSYoungGen: 623941K->35268K(641024K)] 652765K->64092K(2039296K), 0.0129180 secs] [Times: user=0.13 sys=0.00, real=0.01 secs] 
2020-09-29T17:43:37.826+0200: 22.205: [GC (Allocation Failure) [PSYoungGen: 619460K->30756K(644096K)] 648284K->59580K(2042368K), 0.0114998 secs] [Times: user=0.13 sys=0.00, real=0.01 secs] 
2020-09-29T17:43:37.887+0200: 22.267: [GC (Allocation Failure) [PSYoungGen: 618567K->14306K(603136K)] 647391K->43130K(2001408K), 0.0069144 secs] [Times: user=0.00 sys=0.00, real=0.01 secs] 
2020-09-29T17:43:37.946+0200: 22.326: [GC (Allocation Failure) [PSYoungGen: 603106K->27237K(643072K)] 631930K->56061K(2041344K), 0.0130382 secs] [Times: user=0.13 sys=0.00, real=0.01 secs] 
2020-09-29T17:43:38.012+0200: 22.392: [GC (Allocation Failure) [PSYoungGen: 613477K->37508K(642048K)] 642301K->66332K(2040320K), 0.0148975 secs] [Times: user=0.13 sys=0.00, real=0.01 secs] 
2020-09-29T17:43:38.080+0200: 22.460: [GC (Allocation Failure) [PSYoungGen: 623748K->49509K(636928K)] 652572K->78333K(2035200K), 0.0189886 secs] [Times: user=0.23 sys=0.00, real=0.02 secs] 
2020-09-29T17:43:38.151+0200: 22.531: [GC (Allocation Failure) [PSYoungGen: 631653K->14915K(597504K)] 660477K->43739K(1995776K), 0.0060963 secs] [Times: user=0.00 sys=0.00, real=0.01 secs] 
2020-09-29T17:43:38.206+0200: 22.586: [GC (Allocation Failure) [PSYoungGen: 597059K->36389K(640512K)] 625883K->65213K(2038784K), 0.0123877 secs] [Times: user=0.03 sys=0.00, real=0.01 secs] 
2020-09-29T17:43:38.269+0200: 22.649: [GC (Allocation Failure) [PSYoungGen: 616997K->28708K(638976K)] 645821K->57532K(2037248K), 0.0101505 secs] [Times: user=0.13 sys=0.00, real=0.01 secs] 
2020-09-29T17:43:38.328+0200: 22.708: [GC (Allocation Failure) [PSYoungGen: 609316K->35077K(643584K)] 638140K->63901K(2041856K), 0.0121486 secs] [Times: user=0.13 sys=0.00, real=0.01 secs] 
2020-09-29T17:43:38.391+0200: 22.771: [GC (Allocation Failure) [PSYoungGen: 621829K->47653K(634880K)] 650653K->76477K(2033152K), 0.0157547 secs] [Times: user=0.13 sys=0.00, real=0.02 secs] 
2020-09-29T17:43:38.457+0200: 22.837: [GC (Allocation Failure) [PSYoungGen: 634405K->31972K(642560K)] 663229K->60796K(2040832K), 0.0110485 secs] [Times: user=0.00 sys=0.00, real=0.01 secs] 
2020-09-29T17:43:38.518+0200: 22.898: [GC (Allocation Failure) [PSYoungGen: 616164K->41925K(640512K)] 644988K->70749K(2038784K), 0.0138708 secs] [Times: user=0.13 sys=0.00, real=0.01 secs] 
2020-09-29T17:43:38.583+0200: 22.963: [GC (Allocation Failure) [PSYoungGen: 626117K->38245K(643072K)] 654941K->67069K(2041344K), 0.0157876 secs] [Times: user=0.11 sys=0.00, real=0.02 secs] 
2020-09-29T17:43:38.651+0200: 23.031: [GC (Allocation Failure) [PSYoungGen: 624485K->36517K(642048K)] 653309K->65341K(2040320K), 0.0124608 secs] [Times: user=0.13 sys=0.00, real=0.01 secs] 
2020-09-29T17:43:38.718+0200: 23.097: [GC (Allocation Failure) [PSYoungGen: 622757K->48549K(638464K)] 651581K->77373K(2036736K), 0.0160859 secs] [Times: user=0.13 sys=0.00, real=0.02 secs] 
2020-09-29T17:43:38.784+0200: 23.164: [GC (Allocation Failure) [PSYoungGen: 632741K->44773K(629248K)] 661565K->73597K(2027520K), 0.0153750 secs] [Times: user=0.08 sys=0.00, real=0.02 secs] 
2020-09-29T17:43:38.851+0200: 23.230: [GC (Allocation Failure) [PSYoungGen: 628965K->26052K(641024K)] 657789K->54876K(2039296K), 0.0098718 secs] [Times: user=0.00 sys=0.00, real=0.01 secs] 
2020-09-29T17:43:38.911+0200: 23.291: [GC (Allocation Failure) [PSYoungGen: 609220K->33412K(641024K)] 638044K->62236K(2039296K), 0.0123984 secs] [Times: user=0.00 sys=0.00, real=0.01 secs] 
2020-09-29T17:43:38.974+0200: 23.354: [GC (Allocation Failure) [PSYoungGen: 616580K->28580K(643072K)] 645404K->57404K(2041344K), 0.0105255 secs] [Times: user=0.00 sys=0.00, real=0.01 secs] 
2020-09-29T17:43:39.035+0200: 23.415: [GC (Allocation Failure) [PSYoungGen: 615332K->41061K(642560K)] 644156K->69885K(2040832K), 0.0137142 secs] [Times: user=0.00 sys=0.00, real=0.01 secs] 
2020-09-29T17:43:39.099+0200: 23.479: [GC (Allocation Failure) [PSYoungGen: 627813K->39973K(643584K)] 656637K->68797K(2041856K), 0.0138320 secs] [Times: user=0.00 sys=0.00, real=0.01 secs] 
2020-09-29T17:43:39.163+0200: 23.543: [GC (Allocation Failure) [PSYoungGen: 627749K->38756K(643072K)] 656573K->67580K(2041344K), 0.0133378 secs] [Times: user=0.13 sys=0.00, real=0.01 secs] 
2020-09-29T17:43:39.226+0200: 23.606: [GC (Allocation Failure) [PSYoungGen: 626532K->38629K(645632K)] 655356K->67453K(2043904K), 0.0127056 secs] [Times: user=0.13 sys=0.00, real=0.01 secs] 
2020-09-29T17:43:39.289+0200: 23.669: [GC (Allocation Failure) [PSYoungGen: 629989K->42085K(644608K)] 658813K->70909K(2042880K), 0.0138124 secs] [Times: user=0.13 sys=0.00, real=0.01 secs] 
2020-09-29T17:43:39.355+0200: 23.734: [GC (Allocation Failure) [PSYoungGen: 633445K->45573K(643072K)] 662269K->74397K(2041344K), 0.0153209 secs] [Times: user=0.13 sys=0.00, real=0.01 secs] 
2020-09-29T17:43:39.422+0200: 23.801: [GC (Allocation Failure) [PSYoungGen: 634885K->33028K(644096K)] 663709K->61852K(2042368K), 0.0117880 secs] [Times: user=0.13 sys=0.00, real=0.01 secs] 
2020-09-29T17:43:39.484+0200: 23.863: [GC (Allocation Failure) [PSYoungGen: 622340K->34405K(645632K)] 651164K->63229K(2043904K), 0.0119362 secs] [Times: user=0.13 sys=0.00, real=0.01 secs] 
2020-09-29T17:43:39.546+0200: 23.925: [GC (Allocation Failure) [PSYoungGen: 625765K->51525K(643072K)] 654589K->80349K(2041344K), 0.0173250 secs] [Times: user=0.13 sys=0.00, real=0.02 secs] 
2020-09-29T17:43:39.616+0200: 23.995: [GC (Allocation Failure) [PSYoungGen: 642885K->54949K(632832K)] 671709K->83773K(2031104K), 0.0189820 secs] [Times: user=0.13 sys=0.00, real=0.02 secs] 
2020-09-29T17:43:39.686+0200: 24.065: [GC (Allocation Failure) [PSYoungGen: 631973K->42532K(637952K)] 660797K->71356K(2036224K), 0.0159202 secs] [Times: user=0.13 sys=0.00, real=0.02 secs] 
2020-09-29T17:43:39.752+0200: 24.131: [GC (Allocation Failure) [PSYoungGen: 619556K->30243K(638976K)] 648380K->59067K(2037248K), 0.0119531 secs] [Times: user=0.13 sys=0.00, real=0.01 secs] 
2020-09-29T17:43:39.814+0200: 24.193: [GC (Allocation Failure) [PSYoungGen: 609315K->48805K(628224K)] 638139K->77629K(2026496K), 0.0172908 secs] [Times: user=0.13 sys=0.00, real=0.02 secs] 
2020-09-29T17:43:39.882+0200: 24.261: [GC (Allocation Failure) [PSYoungGen: 627877K->39973K(639488K)] 656701K->68797K(2037760K), 0.0138105 secs] [Times: user=0.00 sys=0.02, real=0.01 secs] 
2020-09-29T17:43:39.945+0200: 24.324: [GC (Allocation Failure) [PSYoungGen: 618533K->44293K(637952K)] 647357K->73117K(2036224K), 0.0143670 secs] [Times: user=0.13 sys=0.00, real=0.02 secs] 
2020-09-29T17:43:40.012+0200: 24.392: [GC (Allocation Failure) [PSYoungGen: 622853K->34148K(641024K)] 651677K->62972K(2039296K), 0.0149545 secs] [Times: user=0.13 sys=0.00, real=0.01 secs] 
2020-09-29T17:43:40.080+0200: 24.460: [GC (Allocation Failure) [PSYoungGen: 616292K->28325K(640000K)] 645116K->57149K(2038272K), 0.0126182 secs] [Times: user=0.11 sys=0.00, real=0.01 secs] 
2020-09-29T17:43:40.144+0200: 24.524: [GC (Allocation Failure) [PSYoungGen: 610469K->34501K(641536K)] 639293K->63325K(2039808K), 0.0120490 secs] [Times: user=0.13 sys=0.00, real=0.01 secs] 
2020-09-29T17:43:40.206+0200: 24.586: [GC (Allocation Failure) [PSYoungGen: 617669K->29477K(640512K)] 646493K->58301K(2038784K), 0.0102796 secs] [Times: user=0.13 sys=0.00, real=0.01 secs] 
2020-09-29T17:43:40.267+0200: 24.647: [GC (Allocation Failure) [PSYoungGen: 612645K->38373K(643584K)] 641469K->67197K(2041856K), 0.0132945 secs] [Times: user=0.13 sys=0.00, real=0.01 secs] 
2020-09-29T17:43:40.331+0200: 24.711: [GC (Allocation Failure) [PSYoungGen: 625125K->22564K(642048K)] 653949K->51388K(2040320K), 0.0091919 secs] [Times: user=0.13 sys=0.00, real=0.01 secs] 
2020-09-29T17:43:40.391+0200: 24.770: [GC (Allocation Failure) [PSYoungGen: 609316K->20164K(641536K)] 638140K->48988K(2039808K), 0.0077701 secs] [Times: user=0.13 sys=0.00, real=0.01 secs] 
2020-09-29T17:43:40.449+0200: 24.828: [GC (Allocation Failure) [PSYoungGen: 605380K->29764K(642048K)] 634204K->58588K(2040320K), 0.0113467 secs] [Times: user=0.13 sys=0.00, real=0.01 secs] 
2020-09-29T17:43:40.510+0200: 24.890: [GC (Allocation Failure) [PSYoungGen: 614980K->24196K(643584K)] 643804K->53020K(2041856K), 0.0099794 secs] [Times: user=0.13 sys=0.00, real=0.01 secs] 
2020-09-29T17:43:40.571+0200: 24.951: [GC (Allocation Failure) [PSYoungGen: 612484K->36100K(643584K)] 641308K->64924K(2041856K), 0.0140206 secs] [Times: user=0.11 sys=0.00, real=0.01 secs] 
2020-09-29T17:43:40.639+0200: 25.019: [GC (Allocation Failure) [PSYoungGen: 624388K->36517K(645632K)] 653212K->65341K(2043904K), 0.0149665 secs] [Times: user=0.11 sys=0.00, real=0.02 secs] 
2020-09-29T17:43:40.705+0200: 25.085: [GC (Allocation Failure) [PSYoungGen: 628389K->40036K(645120K)] 657213K->68860K(2043392K), 0.0143725 secs] [Times: user=0.13 sys=0.00, real=0.01 secs] 
2020-09-29T17:43:40.770+0200: 25.150: [GC (Allocation Failure) [PSYoungGen: 631908K->15491K(643072K)] 660732K->44315K(2041344K), 0.0063176 secs] [Times: user=0.00 sys=0.00, real=0.01 secs] 
2020-09-29T17:43:40.829+0200: 25.209: [GC (Allocation Failure) [PSYoungGen: 604803K->30597K(644096K)] 633627K->59421K(2042368K), 0.0112184 secs] [Times: user=0.13 sys=0.00, real=0.01 secs] 
2020-09-29T17:43:40.892+0200: 25.271: [GC (Allocation Failure) [PSYoungGen: 619909K->30213K(647680K)] 648733K->59037K(2045952K), 0.0113245 secs] [Times: user=0.11 sys=0.00, real=0.01 secs] 
2020-09-29T17:43:40.955+0200: 25.335: [GC (Allocation Failure) [PSYoungGen: 625157K->21988K(646144K)] 653981K->50812K(2044416K), 0.0082130 secs] [Times: user=0.13 sys=0.00, real=0.01 secs] 
2020-09-29T17:43:41.015+0200: 25.395: [GC (Allocation Failure) [PSYoungGen: 616932K->42693K(643584K)] 645756K->71517K(2041856K), 0.0140327 secs] [Times: user=0.13 sys=0.00, real=0.01 secs] 
2020-09-29T17:43:41.082+0200: 25.462: [GC (Allocation Failure) [PSYoungGen: 635077K->33509K(645632K)] 663901K->62333K(2043904K), 0.0110086 secs] [Times: user=0.13 sys=0.00, real=0.01 secs] 
2020-09-29T17:43:41.144+0200: 25.524: [GC (Allocation Failure) [PSYoungGen: 625893K->38021K(646144K)] 654717K->66845K(2044416K), 0.0131741 secs] [Times: user=0.13 sys=0.00, real=0.01 secs] 
2020-09-29T17:43:41.208+0200: 25.588: [GC (Allocation Failure) [PSYoungGen: 632453K->30821K(646656K)] 661277K->59645K(2044928K), 0.0112717 secs] [Times: user=0.00 sys=0.00, real=0.01 secs] 
2020-09-29T17:43:41.270+0200: 25.650: [GC (Allocation Failure) [PSYoungGen: 625253K->23204K(648704K)] 654077K->52028K(2046976K), 0.0084519 secs] [Times: user=0.00 sys=0.00, real=0.01 secs] 
2020-09-29T17:43:41.330+0200: 25.710: [GC (Allocation Failure) [PSYoungGen: 621220K->33349K(648192K)] 650044K->62173K(2046464K), 0.0112410 secs] [Times: user=0.13 sys=0.00, real=0.01 secs] 
2020-09-29T17:43:41.395+0200: 25.774: [GC (Allocation Failure) [PSYoungGen: 631365K->29701K(651264K)] 660189K->58525K(2049536K), 0.0093255 secs] [Times: user=0.00 sys=0.00, real=0.01 secs] 
2020-09-29T17:43:41.455+0200: 25.835: [GC (Allocation Failure) [PSYoungGen: 631813K->43973K(646144K)] 660637K->72797K(2044416K), 0.0148580 secs] [Times: user=0.13 sys=0.00, real=0.02 secs] 
2020-09-29T17:43:41.522+0200: 25.901: [GC (Allocation Failure) [PSYoungGen: 646085K->15524K(646144K)] 674909K->44348K(2044416K), 0.0053765 secs] [Times: user=0.00 sys=0.00, real=0.00 secs] 
2020-09-29T17:43:41.578+0200: 25.958: [GC (Allocation Failure) [PSYoungGen: 610980K->36260K(647168K)] 639804K->65084K(2045440K), 0.0143661 secs] [Times: user=0.11 sys=0.00, real=0.01 secs] 
2020-09-29T17:43:41.646+0200: 26.025: [GC (Allocation Failure) [PSYoungGen: 630878K->12161K(644096K)] 659702K->40985K(2042368K), 0.0075088 secs] [Times: user=0.00 sys=0.00, real=0.01 secs] 
2020-09-29T17:43:41.704+0200: 26.084: [GC (Allocation Failure) [PSYoungGen: 604545K->43941K(636416K)] 633369K->72765K(2034688K), 0.0149236 secs] [Times: user=0.13 sys=0.00, real=0.02 secs] 
2020-09-29T17:43:41.769+0200: 26.149: [GC (Allocation Failure) [PSYoungGen: 636325K->34757K(644096K)] 665149K->63581K(2042368K), 0.0124934 secs] [Times: user=0.13 sys=0.00, real=0.01 secs] 
2020-09-29T17:43:41.832+0200: 26.212: [GC (Allocation Failure) [PSYoungGen: 623045K->48837K(637440K)] 651869K->77661K(2035712K), 0.0167712 secs] [Times: user=0.23 sys=0.00, real=0.02 secs] 
2020-09-29T17:43:41.900+0200: 26.280: [GC (Allocation Failure) [PSYoungGen: 637125K->21668K(640512K)] 665949K->50492K(2038784K), 0.0078427 secs] [Times: user=0.00 sys=0.00, real=0.01 secs] 
2020-09-29T17:43:41.958+0200: 26.338: [GC (Allocation Failure) [PSYoungGen: 603300K->42148K(624128K)] 632124K->70972K(2022400K), 0.0151032 secs] [Times: user=0.13 sys=0.00, real=0.02 secs] 
2020-09-29T17:43:42.023+0200: 26.403: [GC (Allocation Failure) [PSYoungGen: 623780K->49541K(632320K)] 652604K->78365K(2030592K), 0.0164995 secs] [Times: user=0.13 sys=0.00, real=0.02 secs] 
2020-09-29T17:43:42.096+0200: 26.476: [GC (Allocation Failure) [PSYoungGen: 622469K->34341K(635904K)] 651293K->63165K(2034176K), 0.0123777 secs] [Times: user=0.13 sys=0.00, real=0.01 secs] 
2020-09-29T17:43:42.158+0200: 26.538: [GC (Allocation Failure) [PSYoungGen: 607269K->32420K(640512K)] 636093K->61244K(2038784K), 0.0143426 secs] [Times: user=0.11 sys=0.00, real=0.02 secs] 
2020-09-29T17:43:42.225+0200: 26.605: [GC (Allocation Failure) [PSYoungGen: 612516K->51973K(632320K)] 641340K->80797K(2030592K), 0.0184788 secs] [Times: user=0.13 sys=0.00, real=0.02 secs] 
2020-09-29T17:43:42.296+0200: 26.675: [GC (Allocation Failure) [PSYoungGen: 632069K->44133K(636416K)] 660893K->72957K(2034688K), 0.0154800 secs] [Times: user=0.13 sys=0.00, real=0.02 secs] 
2020-09-29T17:43:42.363+0200: 26.742: [GC (Allocation Failure) [PSYoungGen: 618085K->30117K(636416K)] 646909K->58941K(2034688K), 0.0104347 secs] [Times: user=0.13 sys=0.00, real=0.01 secs] 
2020-09-29T17:43:42.422+0200: 26.802: [GC (Allocation Failure) [PSYoungGen: 604069K->29797K(638976K)] 632893K->58621K(2037248K), 0.0106015 secs] [Times: user=0.13 sys=0.00, real=0.01 secs] 
2020-09-29T17:43:42.483+0200: 26.862: [GC (Allocation Failure) [PSYoungGen: 607333K->46757K(637440K)] 636157K->75581K(2035712K), 0.0159026 secs] [Times: user=0.13 sys=0.00, real=0.02 secs] 
2020-09-29T17:43:42.548+0200: 26.928: [GC (Allocation Failure) [PSYoungGen: 624293K->35556K(639488K)] 653117K->64380K(2037760K), 0.0126156 secs] [Times: user=0.13 sys=0.00, real=0.01 secs] 
2020-09-29T17:43:42.616+0200: 26.996: [GC (Allocation Failure) [PSYoungGen: 613604K->37477K(637440K)] 642428K->66301K(2035712K), 0.0140500 secs] [Times: user=0.13 sys=0.00, real=0.01 secs] 
2020-09-29T17:43:42.679+0200: 27.059: [GC (Allocation Failure) [PSYoungGen: 615525K->41349K(642048K)] 644349K->70173K(2040320K), 0.0137859 secs] [Times: user=0.13 sys=0.00, real=0.01 secs] 
2020-09-29T17:43:42.744+0200: 27.123: [GC (Allocation Failure) [PSYoungGen: 626053K->37988K(641536K)] 654877K->66812K(2039808K), 0.0140320 secs] [Times: user=0.13 sys=0.00, real=0.01 secs] 
2020-09-29T17:43:42.808+0200: 27.188: [GC (Allocation Failure) [PSYoungGen: 622692K->48485K(638464K)] 651516K->77309K(2036736K), 0.0161388 secs] [Times: user=0.13 sys=0.00, real=0.02 secs] 
2020-09-29T17:43:42.874+0200: 27.254: [GC (Allocation Failure) [PSYoungGen: 631653K->29989K(641024K)] 660477K->58813K(2039296K), 0.0113017 secs] [Times: user=0.13 sys=0.00, real=0.01 secs] 
2020-09-29T17:43:42.937+0200: 27.316: [GC (Allocation Failure) [PSYoungGen: 613157K->38981K(643072K)] 641981K->67805K(2041344K), 0.0132362 secs] [Times: user=0.13 sys=0.00, real=0.01 secs] 
2020-09-29T17:43:43.001+0200: 27.381: [GC (Allocation Failure) [PSYoungGen: 624709K->36613K(641536K)] 653533K->65437K(2039808K), 0.0130751 secs] [Times: user=0.13 sys=0.00, real=0.01 secs] 
2020-09-29T17:43:43.064+0200: 27.443: [GC (Allocation Failure) [PSYoungGen: 621971K->17282K(640512K)] 650795K->46106K(2038784K), 0.0075317 secs] [Times: user=0.13 sys=0.00, real=0.01 secs] 
2020-09-29T17:43:43.121+0200: 27.501: [GC (Allocation Failure) [PSYoungGen: 603522K->29381K(642560K)] 632346K->58205K(2040832K), 0.0101730 secs] [Times: user=0.13 sys=0.00, real=0.01 secs] 
2020-09-29T17:43:43.182+0200: 27.561: [GC (Allocation Failure) [PSYoungGen: 615621K->25859K(644096K)] 644445K->54683K(2042368K), 0.0100283 secs] [Times: user=0.02 sys=0.00, real=0.01 secs] 
2020-09-29T17:43:43.242+0200: 27.622: [GC (Allocation Failure) [PSYoungGen: 614659K->40357K(643584K)] 643483K->69181K(2041856K), 0.0142670 secs] [Times: user=0.13 sys=0.00, real=0.01 secs] 
2020-09-29T17:43:43.307+0200: 27.686: [GC (Allocation Failure) [PSYoungGen: 629157K->41285K(643072K)] 657981K->70109K(2041344K), 0.0140564 secs] [Times: user=0.13 sys=0.00, real=0.01 secs] 
2020-09-29T17:43:43.372+0200: 27.752: [GC (Allocation Failure) [PSYoungGen: 629573K->40996K(643584K)] 658397K->69820K(2041856K), 0.0145861 secs] [Times: user=0.13 sys=0.00, real=0.02 secs] 
2020-09-29T17:43:43.437+0200: 27.817: [GC (Allocation Failure) [PSYoungGen: 629284K->41413K(642560K)] 658108K->70237K(2040832K), 0.0136565 secs] [Times: user=0.13 sys=0.00, real=0.01 secs] 
2020-09-29T17:43:43.502+0200: 27.881: [GC (Allocation Failure) [PSYoungGen: 628677K->54501K(642048K)] 657501K->83325K(2040320K), 0.0175907 secs] [Times: user=0.13 sys=0.00, real=0.02 secs] 
2020-09-29T17:43:43.570+0200: 27.950: [GC (Allocation Failure) [PSYoungGen: 641765K->40133K(637952K)] 670589K->68957K(2036224K), 0.0142464 secs] [Times: user=0.11 sys=0.00, real=0.01 secs] 
2020-09-29T17:43:43.636+0200: 28.016: [GC (Allocation Failure) [PSYoungGen: 621253K->47013K(628224K)] 650077K->75837K(2026496K), 0.0159767 secs] [Times: user=0.13 sys=0.00, real=0.02 secs] 
2020-09-29T17:43:43.702+0200: 28.082: [GC (Allocation Failure) [PSYoungGen: 628133K->26372K(637952K)] 656957K->55196K(2036224K), 0.0093291 secs] [Times: user=0.13 sys=0.00, real=0.01 secs] 
2020-09-29T17:43:43.761+0200: 28.141: [GC (Allocation Failure) [PSYoungGen: 604420K->30213K(638464K)] 633244K->59037K(2036736K), 0.0108467 secs] [Times: user=0.13 sys=0.00, real=0.01 secs] 
2020-09-29T17:43:43.822+0200: 28.202: [GC (Allocation Failure) [PSYoungGen: 608261K->33156K(641024K)] 637085K->61980K(2039296K), 0.0120071 secs] [Times: user=0.13 sys=0.00, real=0.01 secs] 
2020-09-29T17:43:43.884+0200: 28.264: [GC (Allocation Failure) [PSYoungGen: 614788K->40453K(639488K)] 643612K->69277K(2037760K), 0.0137339 secs] [Times: user=0.13 sys=0.00, real=0.01 secs] 
2020-09-29T17:43:43.948+0200: 28.327: [GC (Allocation Failure) [PSYoungGen: 622085K->33092K(643072K)] 650909K->61916K(2041344K), 0.0123804 secs] [Times: user=0.13 sys=0.00, real=0.01 secs] 
2020-09-29T17:43:44.011+0200: 28.391: [GC (Allocation Failure) [PSYoungGen: 618820K->30693K(641536K)] 647644K->59517K(2039808K), 0.0102378 secs] [Times: user=0.13 sys=0.00, real=0.01 secs] 
2020-09-29T17:43:44.071+0200: 28.451: [GC (Allocation Failure) [PSYoungGen: 616421K->42181K(643072K)] 645245K->71005K(2041344K), 0.0145918 secs] [Times: user=0.13 sys=0.00, real=0.01 secs] 
2020-09-29T17:43:44.136+0200: 28.516: [GC (Allocation Failure) [PSYoungGen: 630469K->28740K(643584K)] 659293K->57564K(2041856K), 0.0105231 secs] [Times: user=0.13 sys=0.00, real=0.01 secs] 
2020-09-29T17:43:44.197+0200: 28.577: [GC (Allocation Failure) [PSYoungGen: 617028K->42148K(643072K)] 645852K->70972K(2041344K), 0.0152073 secs] [Times: user=0.13 sys=0.00, real=0.01 secs] 
2020-09-29T17:43:44.262+0200: 28.642: [GC (Allocation Failure) [PSYoungGen: 630436K->28164K(643584K)] 659260K->56988K(2041856K), 0.0107308 secs] [Times: user=0.13 sys=0.00, real=0.01 secs] 
2020-09-29T17:43:44.323+0200: 28.703: [GC (Allocation Failure) [PSYoungGen: 616452K->28485K(644608K)] 645276K->57309K(2042880K), 0.0089330 secs] [Times: user=0.13 sys=0.00, real=0.01 secs] 
2020-09-29T17:43:44.384+0200: 28.763: [GC (Allocation Failure) [PSYoungGen: 618309K->29635K(644096K)] 647133K->58459K(2042368K), 0.0116697 secs] [Times: user=0.13 sys=0.00, real=0.01 secs] 
2020-09-29T17:43:44.447+0200: 28.826: [GC (Allocation Failure) [PSYoungGen: 619459K->45253K(641536K)] 648283K->74077K(2039808K), 0.0169535 secs] [Times: user=0.13 sys=0.00, real=0.02 secs] 
2020-09-29T17:43:44.517+0200: 28.896: [GC (Allocation Failure) [PSYoungGen: 633541K->45605K(634368K)] 662365K->74429K(2032640K), 0.0169902 secs] [Times: user=0.11 sys=0.00, real=0.02 secs] 
2020-09-29T17:43:44.588+0200: 28.967: [GC (Allocation Failure) [PSYoungGen: 633893K->32229K(643072K)] 662717K->61053K(2041344K), 0.0137049 secs] [Times: user=0.11 sys=0.00, real=0.01 secs] 
2020-09-29T17:43:44.656+0200: 29.036: [GC (Allocation Failure) [PSYoungGen: 617957K->30085K(641536K)] 646781K->58909K(2039808K), 0.0128254 secs] [Times: user=0.13 sys=0.00, real=0.01 secs] 
2020-09-29T17:43:44.720+0200: 29.100: [GC (Allocation Failure) [PSYoungGen: 615813K->27845K(644608K)] 644637K->56669K(2042880K), 0.0115453 secs] [Times: user=0.11 sys=0.00, real=0.01 secs] 
2020-09-29T17:43:44.783+0200: 29.163: [GC (Allocation Failure) [PSYoungGen: 617669K->16101K(606208K)] 646493K->44925K(2004480K), 0.0068532 secs] [Times: user=0.13 sys=0.00, real=0.01 secs] 
2020-09-29T17:43:44.845+0200: 29.224: [GC (Allocation Failure) [PSYoungGen: 605925K->16579K(642048K)] 634749K->45403K(2040320K), 0.0073389 secs] [Times: user=0.13 sys=0.00, real=0.01 secs] 
2020-09-29T17:43:44.903+0200: 29.283: [GC (Allocation Failure) [PSYoungGen: 602819K->28164K(642560K)] 631643K->56988K(2040832K), 0.0111944 secs] [Times: user=0.13 sys=0.00, real=0.01 secs] 
2020-09-29T17:43:44.965+0200: 29.345: [GC (Allocation Failure) [PSYoungGen: 614404K->40229K(642560K)] 643228K->69053K(2040832K), 0.0134071 secs] [Times: user=0.13 sys=0.00, real=0.01 secs] 
2020-09-29T17:43:45.029+0200: 29.408: [GC (Allocation Failure) [PSYoungGen: 628517K->24291K(643584K)] 657341K->53115K(2041856K), 0.0101711 secs] [Times: user=0.13 sys=0.00, real=0.01 secs] 
2020-09-29T17:43:45.090+0200: 29.469: [GC (Allocation Failure) [PSYoungGen: 612579K->24420K(645632K)] 641403K->53244K(2043904K), 0.0094722 secs] [Times: user=0.13 sys=0.00, real=0.01 secs] 
2020-09-29T17:43:45.149+0200: 29.529: [GC (Allocation Failure) [PSYoungGen: 615780K->41541K(633344K)] 644604K->70365K(2031616K), 0.0135697 secs] [Times: user=0.13 sys=0.00, real=0.01 secs] 
2020-09-29T17:43:45.214+0200: 29.594: [GC (Allocation Failure) [PSYoungGen: 632901K->14755K(643072K)] 661725K->43579K(2041344K), 0.0058857 secs] [Times: user=0.00 sys=0.00, real=0.01 secs] 
2020-09-29T17:43:45.270+0200: 29.650: [GC (Allocation Failure) [PSYoungGen: 603043K->28805K(643584K)] 631867K->57629K(2041856K), 0.0099723 secs] [Times: user=0.00 sys=0.00, real=0.01 secs] 
2020-09-29T17:43:45.330+0200: 29.710: [GC (Allocation Failure) [PSYoungGen: 617093K->27396K(647680K)] 645917K->56220K(2045952K), 0.0100774 secs] [Times: user=0.13 sys=0.00, real=0.01 secs] 
2020-09-29T17:43:45.391+0200: 29.771: [GC (Allocation Failure) [PSYoungGen: 621828K->47525K(642048K)] 650652K->76349K(2040320K), 0.0159615 secs] [Times: user=0.13 sys=0.00, real=0.02 secs] 
2020-09-29T17:43:45.458+0200: 29.838: [GC (Allocation Failure) [PSYoungGen: 641957K->40421K(641024K)] 670781K->69245K(2039296K), 0.0137751 secs] [Times: user=0.00 sys=0.00, real=0.01 secs] 
2020-09-29T17:43:45.522+0200: 29.902: [GC (Allocation Failure) [PSYoungGen: 625637K->50085K(635392K)] 654461K->78909K(2033664K), 0.0169639 secs] [Times: user=0.13 sys=0.00, real=0.02 secs] 
2020-09-29T17:43:45.591+0200: 29.971: [GC (Allocation Failure) [PSYoungGen: 635301K->47365K(633856K)] 664125K->76189K(2032128K), 0.0168376 secs] [Times: user=0.11 sys=0.00, real=0.02 secs] 
2020-09-29T17:43:45.658+0200: 30.038: [GC (Allocation Failure) [PSYoungGen: 620293K->46085K(619520K)] 649117K->74909K(2017792K), 0.0154985 secs] [Times: user=0.13 sys=0.00, real=0.02 secs] 
2020-09-29T17:43:45.722+0200: 30.102: [GC (Allocation Failure) [PSYoungGen: 619013K->29539K(635904K)] 647837K->58363K(2034176K), 0.0114957 secs] [Times: user=0.13 sys=0.00, real=0.01 secs] 
2020-09-29T17:43:45.783+0200: 30.162: [GC (Allocation Failure) [PSYoungGen: 600931K->40100K(634368K)] 629755K->68924K(2032640K), 0.0142825 secs] [Times: user=0.13 sys=0.00, real=0.01 secs] 
2020-09-29T17:43:45.846+0200: 30.226: [GC (Allocation Failure) [PSYoungGen: 611492K->37156K(639488K)] 640316K->65980K(2037760K), 0.0135764 secs] [Times: user=0.13 sys=0.00, real=0.01 secs] 
2020-09-29T17:43:45.910+0200: 30.289: [GC (Allocation Failure) [PSYoungGen: 614692K->37893K(636928K)] 643516K->66717K(2035200K), 0.0133543 secs] [Times: user=0.13 sys=0.00, real=0.01 secs] 
2020-09-29T17:43:45.972+0200: 30.352: [GC (Allocation Failure) [PSYoungGen: 615429K->41157K(641536K)] 644253K->69981K(2039808K), 0.0139485 secs] [Times: user=0.11 sys=0.02, real=0.01 secs] 
2020-09-29T17:43:46.036+0200: 30.416: [GC (Allocation Failure) [PSYoungGen: 624837K->50629K(634368K)] 653661K->79453K(2032640K), 0.0163669 secs] [Times: user=0.13 sys=0.00, real=0.02 secs] 
2020-09-29T17:43:46.103+0200: 30.483: [GC (Allocation Failure) [PSYoungGen: 634309K->46405K(636416K)] 663133K->75229K(2034688K), 0.0156730 secs] [Times: user=0.13 sys=0.00, real=0.02 secs] 
2020-09-29T17:43:46.168+0200: 30.548: [GC (Allocation Failure) [PSYoungGen: 622405K->34405K(637440K)] 651229K->63229K(2035712K), 0.0113511 secs] [Times: user=0.13 sys=0.00, real=0.01 secs] 
2020-09-29T17:43:46.229+0200: 30.609: [GC (Allocation Failure) [PSYoungGen: 610405K->36197K(640512K)] 639229K->65021K(2038784K), 0.0121676 secs] [Times: user=0.13 sys=0.00, real=0.01 secs] 
2020-09-29T17:43:46.292+0200: 30.672: [GC (Allocation Failure) [PSYoungGen: 616805K->42533K(638976K)] 645629K->71357K(2037248K), 0.0141165 secs] [Times: user=0.13 sys=0.00, real=0.01 secs] 
2020-09-29T17:43:46.356+0200: 30.736: [GC (Allocation Failure) [PSYoungGen: 623141K->35237K(642560K)] 651965K->64061K(2040832K), 0.0120905 secs] [Times: user=0.13 sys=0.00, real=0.01 secs] 
2020-09-29T17:43:46.419+0200: 30.799: [GC (Allocation Failure) [PSYoungGen: 619941K->31620K(641024K)] 648765K->60444K(2039296K), 0.0117947 secs] [Times: user=0.13 sys=0.00, real=0.01 secs] 
2020-09-29T17:43:46.481+0200: 30.860: [GC (Allocation Failure) [PSYoungGen: 616324K->13507K(637952K)] 645148K->42331K(2036224K), 0.0055231 secs] [Times: user=0.00 sys=0.00, real=0.01 secs] 
2020-09-29T17:43:46.536+0200: 30.916: [GC (Allocation Failure) [PSYoungGen: 595651K->35077K(640512K)] 624475K->63901K(2038784K), 0.0118334 secs] [Times: user=0.00 sys=0.00, real=0.01 secs] 
2020-09-29T17:43:46.599+0200: 30.979: [GC (Allocation Failure) [PSYoungGen: 617221K->43013K(641024K)] 646045K->71837K(2039296K), 0.0153516 secs] [Times: user=0.11 sys=0.00, real=0.02 secs] 
2020-09-29T17:43:46.665+0200: 31.045: [GC (Allocation Failure) [PSYoungGen: 628229K->54021K(639488K)] 657053K->82845K(2037760K), 0.0182109 secs] [Times: user=0.13 sys=0.00, real=0.02 secs] 
2020-09-29T17:43:46.733+0200: 31.113: [GC (Allocation Failure) [PSYoungGen: 639237K->37637K(640000K)] 668061K->66461K(2038272K), 0.0124987 secs] [Times: user=0.13 sys=0.00, real=0.01 secs] 
2020-09-29T17:43:46.795+0200: 31.175: [GC (Allocation Failure) [PSYoungGen: 618245K->43973K(639488K)] 647069K->72797K(2037760K), 0.0149145 secs] [Times: user=0.13 sys=0.00, real=0.01 secs] 
2020-09-29T17:43:46.860+0200: 31.240: [GC (Allocation Failure) [PSYoungGen: 624581K->36677K(641536K)] 653405K->65501K(2039808K), 0.0126621 secs] [Times: user=0.13 sys=0.00, real=0.01 secs] 
2020-09-29T17:43:46.924+0200: 31.304: [GC (Allocation Failure) [PSYoungGen: 618821K->30693K(639488K)] 647645K->59517K(2037760K), 0.0107368 secs] [Times: user=0.13 sys=0.00, real=0.01 secs] 
2020-09-29T17:43:46.986+0200: 31.366: [GC (Allocation Failure) [PSYoungGen: 612837K->38597K(643584K)] 641661K->67421K(2041856K), 0.0132562 secs] [Times: user=0.13 sys=0.00, real=0.01 secs] 
2020-09-29T17:43:47.049+0200: 31.429: [GC (Allocation Failure) [PSYoungGen: 625349K->22755K(642048K)] 654173K->51579K(2040320K), 0.0093243 secs] [Times: user=0.13 sys=0.00, real=0.01 secs] 
2020-09-29T17:43:47.112+0200: 31.492: [GC (Allocation Failure) [PSYoungGen: 609507K->48965K(637440K)] 638331K->77789K(2035712K), 0.0166698 secs] [Times: user=0.13 sys=0.00, real=0.02 secs] 
2020-09-29T17:43:47.178+0200: 31.558: [GC (Allocation Failure) [PSYoungGen: 630085K->28485K(640000K)] 658909K->57309K(2038272K), 0.0090362 secs] [Times: user=0.00 sys=0.00, real=0.01 secs] 
2020-09-29T17:43:47.237+0200: 31.617: [GC (Allocation Failure) [PSYoungGen: 609605K->34276K(642560K)] 638429K->63100K(2040832K), 0.0126770 secs] [Times: user=0.13 sys=0.00, real=0.01 secs] 
2020-09-29T17:43:47.299+0200: 31.679: [GC (Allocation Failure) [PSYoungGen: 618468K->30597K(640512K)] 647292K->59421K(2038784K), 0.0106776 secs] [Times: user=0.13 sys=0.00, real=0.01 secs] 
2020-09-29T17:43:47.361+0200: 31.741: [GC (Allocation Failure) [PSYoungGen: 614789K->25732K(643584K)] 643613K->54556K(2041856K), 0.0098833 secs] [Times: user=0.13 sys=0.00, real=0.01 secs] 
2020-09-29T17:43:47.421+0200: 31.801: [GC (Allocation Failure) [PSYoungGen: 614020K->26084K(643584K)] 642844K->54908K(2041856K), 0.0095506 secs] [Times: user=0.13 sys=0.00, real=0.01 secs] 
2020-09-29T17:43:47.481+0200: 31.861: [GC (Allocation Failure) [PSYoungGen: 614372K->40069K(644096K)] 643196K->68893K(2042368K), 0.0135711 secs] [Times: user=0.13 sys=0.00, real=0.02 secs] 
2020-09-29T17:43:47.553+0200: 31.932: [GC (Allocation Failure) [PSYoungGen: 629381K->41541K(631296K)] 658205K->70365K(2029568K), 0.0133782 secs] [Times: user=0.00 sys=0.00, real=0.01 secs] 
2020-09-29T17:43:47.619+0200: 31.998: [GC (Allocation Failure) [PSYoungGen: 630853K->27875K(644096K)] 659677K->56699K(2042368K), 0.0122682 secs] [Times: user=0.11 sys=0.00, real=0.01 secs] 
2020-09-29T17:43:47.683+0200: 32.062: [GC (Allocation Failure) [PSYoungGen: 616675K->54757K(643584K)] 645499K->84581K(2041856K), 0.0183656 secs] [Times: user=0.13 sys=0.00, real=0.02 secs] 
2020-09-29T17:43:47.752+0200: 32.131: [GC (Allocation Failure) [PSYoungGen: 643557K->43013K(633344K)] 673381K->72837K(2031616K), 0.0147432 secs] [Times: user=0.13 sys=0.00, real=0.01 secs] 
2020-09-29T17:43:47.816+0200: 32.195: [GC (Allocation Failure) [PSYoungGen: 621061K->31845K(638464K)] 650885K->61669K(2036736K), 0.0114162 secs] [Times: user=0.13 sys=0.00, real=0.01 secs] 
2020-09-29T17:43:47.877+0200: 32.256: [GC (Allocation Failure) [PSYoungGen: 609893K->35717K(641536K)] 639717K->65541K(2039808K), 0.0126822 secs] [Times: user=0.13 sys=0.00, real=0.01 secs] 
2020-09-29T17:43:47.940+0200: 32.319: [GC (Allocation Failure) [PSYoungGen: 617861K->27235K(639488K)] 647685K->57059K(2037760K), 0.0106503 secs] [Times: user=0.13 sys=0.00, real=0.01 secs] 
2020-09-29T17:43:48.000+0200: 32.379: [GC (Allocation Failure) [PSYoungGen: 609379K->33219K(643584K)] 639203K->63043K(2041856K), 0.0127782 secs] [Times: user=0.13 sys=0.00, real=0.01 secs] 
2020-09-29T17:43:48.063+0200: 32.442: [GC (Allocation Failure) [PSYoungGen: 619971K->29252K(642048K)] 649795K->59076K(2040320K), 0.0112777 secs] [Times: user=0.13 sys=0.00, real=0.01 secs] 
2020-09-29T17:43:48.126+0200: 32.505: [GC (Allocation Failure) [PSYoungGen: 616004K->41797K(643584K)] 645828K->71621K(2041856K), 0.0154123 secs] [Times: user=0.11 sys=0.00, real=0.02 secs] 
2020-09-29T17:43:48.191+0200: 32.570: [GC (Allocation Failure) [PSYoungGen: 631109K->29509K(644096K)] 660933K->59333K(2042368K), 0.0101715 secs] [Times: user=0.13 sys=0.00, real=0.01 secs] 
2020-09-29T17:43:48.252+0200: 32.631: [GC (Allocation Failure) [PSYoungGen: 618821K->30853K(646144K)] 648645K->60677K(2044416K), 0.0116231 secs] [Times: user=0.13 sys=0.00, real=0.01 secs] 
2020-09-29T17:43:48.315+0200: 32.694: [GC (Allocation Failure) [PSYoungGen: 623237K->33124K(645120K)] 653061K->62948K(2043392K), 0.0122425 secs] [Times: user=0.13 sys=0.00, real=0.01 secs] 
2020-09-29T17:43:48.379+0200: 32.758: [GC (Allocation Failure) [PSYoungGen: 625508K->37605K(648192K)] 655332K->67429K(2046464K), 0.0128924 secs] [Times: user=0.13 sys=0.00, real=0.01 secs] 
2020-09-29T17:43:48.444+0200: 32.823: [GC (Allocation Failure) [PSYoungGen: 634597K->46693K(644096K)] 664421K->76517K(2042368K), 0.0157436 secs] [Times: user=0.13 sys=0.00, real=0.02 secs] 
2020-09-29T17:43:48.511+0200: 32.890: [GC (Allocation Failure) [PSYoungGen: 643685K->25731K(645120K)] 673509K->55555K(2043392K), 0.0107117 secs] [Times: user=0.13 sys=0.00, real=0.01 secs] 
2020-09-29T17:43:48.572+0200: 32.951: [GC (Allocation Failure) [PSYoungGen: 617091K->26947K(645120K)] 646915K->56771K(2043392K), 0.0114016 secs] [Times: user=0.11 sys=0.00, real=0.01 secs] 
2020-09-29T17:43:48.636+0200: 33.015: [GC (Allocation Failure) [PSYoungGen: 618307K->28709K(646656K)] 648131K->58533K(2044928K), 0.0112657 secs] [Times: user=0.13 sys=0.00, real=0.01 secs] 
2020-09-29T17:43:48.697+0200: 33.076: [GC (Allocation Failure) [PSYoungGen: 622117K->33924K(645632K)] 651941K->63748K(2043904K), 0.0122050 secs] [Times: user=0.13 sys=0.00, real=0.01 secs] 
2020-09-29T17:43:48.760+0200: 33.139: [GC (Allocation Failure) [PSYoungGen: 627332K->25669K(648704K)] 657156K->55493K(2046976K), 0.0086697 secs] [Times: user=0.00 sys=0.00, real=0.01 secs] 
2020-09-29T17:43:48.820+0200: 33.199: [GC (Allocation Failure) [PSYoungGen: 623685K->20291K(648192K)] 653509K->50115K(2046464K), 0.0085242 secs] [Times: user=0.00 sys=0.00, real=0.01 secs] 
2020-09-29T17:43:48.881+0200: 33.260: [GC (Allocation Failure) [PSYoungGen: 618307K->29924K(649728K)] 648131K->59748K(2048000K), 0.0120199 secs] [Times: user=0.00 sys=0.00, real=0.01 secs] 
2020-09-29T17:43:48.945+0200: 33.324: [GC (Allocation Failure) [PSYoungGen: 628964K->27044K(648192K)] 658788K->56868K(2046464K), 0.0099519 secs] [Times: user=0.00 sys=0.00, real=0.01 secs] 
2020-09-29T17:43:49.006+0200: 33.385: [GC (Allocation Failure) [PSYoungGen: 626084K->36387K(650752K)] 655908K->66211K(2049024K), 0.0137472 secs] [Times: user=0.00 sys=0.00, real=0.01 secs] 
2020-09-29T17:43:49.072+0200: 33.451: [GC (Allocation Failure) [PSYoungGen: 639011K->37381K(640512K)] 668835K->67205K(2038784K), 0.0130363 secs] [Times: user=0.13 sys=0.00, real=0.01 secs] 
2020-09-29T17:43:49.140+0200: 33.519: [GC (Allocation Failure) [PSYoungGen: 640005K->38341K(648192K)] 669829K->68165K(2046464K), 0.0142673 secs] [Times: user=0.13 sys=0.00, real=0.01 secs] 
2020-09-29T17:43:49.205+0200: 33.584: [GC (Allocation Failure) [PSYoungGen: 637893K->49637K(649216K)] 667717K->79733K(2047488K), 0.0167491 secs] [Times: user=0.13 sys=0.00, real=0.02 secs] 
2020-09-29T17:43:49.273+0200: 33.652: [GC (Allocation Failure) [PSYoungGen: 649189K->33989K(644096K)] 679285K->64085K(2042368K), 0.0116556 secs] [Times: user=0.00 sys=0.00, real=0.01 secs] 
2020-09-29T17:43:49.335+0200: 33.714: [GC (Allocation Failure) [PSYoungGen: 628421K->36483K(646656K)] 658517K->66579K(2044928K), 0.0139948 secs] [Times: user=0.13 sys=0.00, real=0.01 secs] 
2020-09-29T17:43:49.401+0200: 33.780: [GC (Allocation Failure) [PSYoungGen: 630915K->51173K(634368K)] 661011K->86701K(2032640K), 0.0192020 secs] [Times: user=0.13 sys=0.00, real=0.02 secs] 
2020-09-29T17:43:49.470+0200: 33.849: [GC (Allocation Failure) [PSYoungGen: 634341K->24228K(641024K)] 669869K->59756K(2039296K), 0.0094146 secs] [Times: user=0.13 sys=0.00, real=0.01 secs] 
2020-09-29T17:43:49.529+0200: 33.908: [GC (Allocation Failure) [PSYoungGen: 607070K->17891K(638976K)] 642598K->53419K(2037248K), 0.0076309 secs] [Times: user=0.13 sys=0.00, real=0.01 secs] 
2020-09-29T17:43:49.588+0200: 33.967: [GC (Allocation Failure) [PSYoungGen: 599011K->22916K(640000K)] 634539K->58444K(2038272K), 0.0089502 secs] [Times: user=0.00 sys=0.00, real=0.01 secs] 
2020-09-29T17:43:49.648+0200: 34.027: [GC (Allocation Failure) [PSYoungGen: 604036K->11427K(637952K)] 639564K->46955K(2036224K), 0.0048823 secs] [Times: user=0.00 sys=0.00, real=0.00 secs] 
2020-09-29T17:43:49.702+0200: 34.081: [GC (Allocation Failure) [PSYoungGen: 591523K->29092K(639488K)] 627051K->64620K(2037760K), 0.0108190 secs] [Times: user=0.13 sys=0.00, real=0.01 secs] 
2020-09-29T17:43:49.763+0200: 34.142: [GC (Allocation Failure) [PSYoungGen: 609188K->35012K(643072K)] 644716K->70540K(2041344K), 0.0165196 secs] [Times: user=0.13 sys=0.00, real=0.02 secs] 
2020-09-29T17:43:49.831+0200: 34.210: [GC (Allocation Failure) [PSYoungGen: 621764K->46725K(633856K)] 657292K->82253K(2032128K), 0.0204195 secs] [Times: user=0.25 sys=0.00, real=0.02 secs] 
2020-09-29T17:43:49.902+0200: 34.281: [GC (Allocation Failure) [PSYoungGen: 633477K->31941K(642560K)] 669005K->67469K(2040832K), 0.0147952 secs] [Times: user=0.13 sys=0.00, real=0.02 secs] 
2020-09-29T17:43:49.967+0200: 34.346: [GC (Allocation Failure) [PSYoungGen: 615621K->27492K(640000K)] 651149K->63020K(2038272K), 0.0135434 secs] [Times: user=0.13 sys=0.00, real=0.01 secs] 
2020-09-29T17:43:50.031+0200: 34.410: [GC (Allocation Failure) [PSYoungGen: 611172K->36869K(644096K)] 646700K->72397K(2042368K), 0.0160055 secs] [Times: user=0.13 sys=0.00, real=0.02 secs] 
2020-09-29T17:43:50.100+0200: 34.479: [GC (Allocation Failure) [PSYoungGen: 626181K->24484K(644096K)] 661709K->60012K(2042368K), 0.0112687 secs] [Times: user=0.00 sys=0.00, real=0.01 secs] 
2020-09-29T17:43:50.164+0200: 34.543: [GC (Allocation Failure) [PSYoungGen: 613796K->39429K(644096K)] 649324K->74957K(2042368K), 0.0167741 secs] [Times: user=0.13 sys=0.00, real=0.02 secs] 
2020-09-29T17:43:50.238+0200: 34.617: [GC (Allocation Failure) [PSYoungGen: 629765K->41861K(632320K)] 665293K->77389K(2030592K), 0.0178980 secs] [Times: user=0.25 sys=0.00, real=0.02 secs] 
2020-09-29T17:43:50.306+0200: 34.685: [GC (Allocation Failure) [PSYoungGen: 632197K->29604K(644608K)] 667725K->65132K(2042880K), 0.0141445 secs] [Times: user=0.13 sys=0.00, real=0.01 secs] 
2020-09-29T17:43:50.371+0200: 34.750: [GC (Allocation Failure) [PSYoungGen: 618404K->30212K(643072K)] 653932K->65740K(2041344K), 0.0147312 secs] [Times: user=0.13 sys=0.00, real=0.01 secs] 
2020-09-29T17:43:50.436+0200: 34.815: [GC (Allocation Failure) [PSYoungGen: 619012K->44708K(642048K)] 654540K->80236K(2040320K), 0.0203382 secs] [Times: user=0.13 sys=0.00, real=0.02 secs] 
2020-09-29T17:43:50.506+0200: 34.885: [GC (Allocation Failure) [PSYoungGen: 634020K->32389K(644096K)] 669548K->67917K(2042368K), 0.0147037 secs] [Times: user=0.13 sys=0.00, real=0.01 secs] 
2020-09-29T17:43:50.572+0200: 34.951: [GC (Allocation Failure) [PSYoungGen: 621701K->47525K(639488K)] 657229K->83053K(2037760K), 0.0217771 secs] [Times: user=0.11 sys=0.00, real=0.02 secs] 
2020-09-29T17:43:50.645+0200: 35.025: [GC (Allocation Failure) [PSYoungGen: 633765K->44548K(631296K)] 669293K->80076K(2029568K), 0.0201611 secs] [Times: user=0.13 sys=0.00, real=0.02 secs] 
2020-09-29T17:43:50.716+0200: 35.095: [GC (Allocation Failure) [PSYoungGen: 630788K->56645K(630784K)] 666316K->92173K(2029056K), 0.0234632 secs] [Times: user=0.25 sys=0.00, real=0.02 secs] 
2020-09-29T17:43:50.788+0200: 35.167: [GC (Allocation Failure) [PSYoungGen: 629573K->27909K(635904K)] 665101K->63437K(2034176K), 0.0122154 secs] [Times: user=0.00 sys=0.00, real=0.01 secs] 
2020-09-29T17:43:50.853+0200: 35.233: [GC (Allocation Failure) [PSYoungGen: 600837K->40325K(637952K)] 636365K->75853K(2036224K), 0.0180352 secs] [Times: user=0.13 sys=0.00, real=0.02 secs] 
2020-09-29T17:43:50.922+0200: 35.301: [GC (Allocation Failure) [PSYoungGen: 615813K->40005K(636416K)] 651341K->75533K(2034688K), 0.0173762 secs] [Times: user=0.13 sys=0.00, real=0.02 secs] 
2020-09-29T17:43:50.989+0200: 35.368: [GC (Allocation Failure) [PSYoungGen: 615493K->41221K(640000K)] 651021K->76749K(2038272K), 0.0179230 secs] [Times: user=0.13 sys=0.00, real=0.02 secs] 
2020-09-29T17:43:51.056+0200: 35.435: [GC (Allocation Failure) [PSYoungGen: 621317K->47109K(627712K)] 656845K->82637K(2025984K), 0.0196028 secs] [Times: user=0.13 sys=0.00, real=0.02 secs] 
2020-09-29T17:43:51.125+0200: 35.504: [GC (Allocation Failure) [PSYoungGen: 627205K->25637K(638464K)] 662733K->61165K(2036736K), 0.0127663 secs] [Times: user=0.08 sys=0.00, real=0.01 secs] 
2020-09-29T17:43:51.188+0200: 35.567: [GC (Allocation Failure) [PSYoungGen: 603685K->43173K(638464K)] 639213K->78701K(2036736K), 0.0187888 secs] [Times: user=0.13 sys=0.00, real=0.02 secs] 
2020-09-29T17:43:51.258+0200: 35.637: [GC (Allocation Failure) [PSYoungGen: 621221K->33317K(640000K)] 656749K->68845K(2038272K), 0.0144866 secs] [Times: user=0.13 sys=0.00, real=0.01 secs] 
2020-09-29T17:43:51.321+0200: 35.701: [GC (Allocation Failure) [PSYoungGen: 612901K->38629K(638464K)] 648429K->74157K(2036736K), 0.0171024 secs] [Times: user=0.13 sys=0.00, real=0.02 secs] 
2020-09-29T17:43:51.388+0200: 35.767: [GC (Allocation Failure) [PSYoungGen: 618213K->28740K(642048K)] 653741K->64268K(2040320K), 0.0139069 secs] [Times: user=0.13 sys=0.00, real=0.01 secs] 
2020-09-29T17:43:51.452+0200: 35.831: [GC (Allocation Failure) [PSYoungGen: 613956K->39717K(642048K)] 649484K->75245K(2040320K), 0.0171349 secs] [Times: user=0.13 sys=0.00, real=0.02 secs] 
2020-09-29T17:43:51.519+0200: 35.898: [GC (Allocation Failure) [PSYoungGen: 624933K->34148K(644608K)] 660461K->69676K(2042880K), 0.0157672 secs] [Times: user=0.13 sys=0.00, real=0.02 secs] 
2020-09-29T17:43:51.586+0200: 35.966: [GC (Allocation Failure) [PSYoungGen: 622948K->48581K(637440K)] 658476K->84109K(2035712K), 0.0289732 secs] [Times: user=0.23 sys=0.00, real=0.03 secs] 
2020-09-29T17:43:51.667+0200: 36.047: [GC (Allocation Failure) [PSYoungGen: 637381K->34340K(643072K)] 672909K->69868K(2041344K), 0.0158169 secs] [Times: user=0.13 sys=0.00, real=0.02 secs] 
2020-09-29T17:43:51.733+0200: 36.112: [GC (Allocation Failure) [PSYoungGen: 620580K->32645K(642048K)] 656108K->68173K(2040320K), 0.0144378 secs] [Times: user=0.13 sys=0.00, real=0.01 secs] 
2020-09-29T17:43:51.801+0200: 36.180: [GC (Allocation Failure) [PSYoungGen: 618885K->44613K(642048K)] 654413K->80141K(2040320K), 0.0193389 secs] [Times: user=0.25 sys=0.00, real=0.02 secs] 
2020-09-29T17:43:51.870+0200: 36.250: [GC (Allocation Failure) [PSYoungGen: 631877K->43717K(631296K)] 667405K->79245K(2029568K), 0.0186252 secs] [Times: user=0.13 sys=0.00, real=0.02 secs] 
2020-09-29T17:43:51.939+0200: 36.319: [GC (Allocation Failure) [PSYoungGen: 630981K->43077K(642560K)] 666509K->78605K(2040832K), 0.0187427 secs] [Times: user=0.25 sys=0.00, real=0.02 secs] 
2020-09-29T17:43:52.009+0200: 36.389: [GC (Allocation Failure) [PSYoungGen: 629317K->41445K(642560K)] 664845K->76973K(2040832K), 0.0180350 secs] [Times: user=0.13 sys=0.00, real=0.02 secs] 
2020-09-29T17:43:52.082+0200: 36.462: [GC (Allocation Failure) [PSYoungGen: 627685K->37988K(644608K)] 663213K->73516K(2042880K), 0.0170895 secs] [Times: user=0.16 sys=0.00, real=0.02 secs] 
2020-09-29T17:43:52.150+0200: 36.529: [GC (Allocation Failure) [PSYoungGen: 627300K->39461K(643584K)] 662828K->74989K(2041856K), 0.0166701 secs] [Times: user=0.13 sys=0.00, real=0.02 secs] 
2020-09-29T17:43:52.217+0200: 36.596: [GC (Allocation Failure) [PSYoungGen: 628773K->52709K(637952K)] 664301K->89957K(2036224K), 0.0232419 secs] [Times: user=0.25 sys=0.00, real=0.02 secs] 
2020-09-29T17:43:52.291+0200: 36.670: [GC (Allocation Failure) [PSYoungGen: 637925K->38085K(642048K)] 675173K->75333K(2040320K), 0.0155684 secs] [Times: user=0.13 sys=0.00, real=0.02 secs] 
2020-09-29T17:43:52.356+0200: 36.735: [GC (Allocation Failure) [PSYoungGen: 623301K->34661K(643584K)] 660549K->71909K(2041856K), 0.0153917 secs] [Times: user=0.13 sys=0.00, real=0.02 secs] 
2020-09-29T17:43:52.422+0200: 36.802: [GC (Allocation Failure) [PSYoungGen: 622437K->34501K(643072K)] 659685K->71749K(2041344K), 0.0152294 secs] [Times: user=0.13 sys=0.00, real=0.02 secs] 
2020-09-29T17:43:52.487+0200: 36.866: [GC (Allocation Failure) [PSYoungGen: 622277K->48037K(641024K)] 659525K->85285K(2039296K), 0.0201137 secs] [Times: user=0.25 sys=0.00, real=0.02 secs] 
2020-09-29T17:43:52.557+0200: 36.936: [GC (Allocation Failure) [PSYoungGen: 634277K->32741K(642560K)] 671525K->69989K(2040832K), 0.0152021 secs] [Times: user=0.13 sys=0.00, real=0.02 secs] 
2020-09-29T17:43:52.627+0200: 37.006: [GC (Allocation Failure) [PSYoungGen: 618981K->30981K(643072K)] 656229K->68229K(2041344K), 0.0148322 secs] [Times: user=0.11 sys=0.00, real=0.01 secs] 
2020-09-29T17:43:52.694+0200: 37.074: [GC (Allocation Failure) [PSYoungGen: 617733K->26787K(642560K)] 654981K->64035K(2040832K), 0.0136964 secs] [Times: user=0.13 sys=0.00, real=0.01 secs] 
2020-09-29T17:43:52.758+0200: 37.137: [GC (Allocation Failure) [PSYoungGen: 613539K->25316K(642560K)] 650787K->62564K(2040832K), 0.0120451 secs] [Times: user=0.13 sys=0.00, real=0.01 secs] 
2020-09-29T17:43:52.825+0200: 37.204: [GC (Allocation Failure) [PSYoungGen: 611556K->37317K(642560K)] 648804K->74565K(2040832K), 0.0170376 secs] [Times: user=0.13 sys=0.00, real=0.02 secs] 
2020-09-29T17:43:52.892+0200: 37.271: [GC (Allocation Failure) [PSYoungGen: 623557K->35717K(645632K)] 660805K->72965K(2043904K), 0.0159679 secs] [Times: user=0.13 sys=0.00, real=0.02 secs] 
2020-09-29T17:43:52.959+0200: 37.339: [GC (Allocation Failure) [PSYoungGen: 626565K->52165K(643072K)] 663813K->89413K(2041344K), 0.0219221 secs] [Times: user=0.13 sys=0.00, real=0.02 secs] 
2020-09-29T17:43:53.032+0200: 37.412: [GC (Allocation Failure) [PSYoungGen: 643013K->41381K(641024K)] 680261K->78629K(2039296K), 0.0180639 secs] [Times: user=0.13 sys=0.00, real=0.02 secs] 
2020-09-29T17:43:53.100+0200: 37.480: [GC (Allocation Failure) [PSYoungGen: 626597K->38661K(642048K)] 663845K->75909K(2040320K), 0.0171966 secs] [Times: user=0.13 sys=0.00, real=0.02 secs] 
2020-09-29T17:43:53.167+0200: 37.547: [GC (Allocation Failure) [PSYoungGen: 623877K->34724K(645120K)] 661125K->71972K(2043392K), 0.0165095 secs] [Times: user=0.13 sys=0.00, real=0.02 secs] 
2020-09-29T17:43:53.235+0200: 37.615: [GC (Allocation Failure) [PSYoungGen: 624548K->36645K(643584K)] 661796K->73893K(2041856K), 0.0155540 secs] [Times: user=0.13 sys=0.00, real=0.02 secs] 
2020-09-29T17:43:53.301+0200: 37.681: [GC (Allocation Failure) [PSYoungGen: 626469K->52261K(638976K)] 663717K->89509K(2037248K), 0.0216390 secs] [Times: user=0.13 sys=0.00, real=0.02 secs] 
2020-09-29T17:43:53.374+0200: 37.754: [GC (Allocation Failure) [PSYoungGen: 638501K->50565K(636928K)] 675749K->87813K(2035200K), 0.0213994 secs] [Times: user=0.25 sys=0.00, real=0.02 secs] 
2020-09-29T17:43:53.448+0200: 37.827: [GC (Allocation Failure) [PSYoungGen: 636805K->48901K(636928K)] 674053K->86149K(2035200K), 0.0221091 secs] [Times: user=0.11 sys=0.00, real=0.02 secs] 
2020-09-29T17:43:53.520+0200: 37.899: [GC (Allocation Failure) [PSYoungGen: 626949K->39045K(638464K)] 664197K->76293K(2036736K), 0.0168415 secs] [Times: user=0.25 sys=0.00, real=0.02 secs] 
2020-09-29T17:43:53.587+0200: 37.966: [GC (Allocation Failure) [PSYoungGen: 617093K->42757K(641024K)] 654341K->80005K(2039296K), 0.0197507 secs] [Times: user=0.11 sys=0.00, real=0.02 secs] 
2020-09-29T17:43:53.658+0200: 38.037: [GC (Allocation Failure) [PSYoungGen: 624901K->50629K(632832K)] 662149K->87877K(2031104K), 0.0219863 secs] [Times: user=0.23 sys=0.00, real=0.02 secs] 
2020-09-29T17:43:53.729+0200: 38.108: [GC (Allocation Failure) [PSYoungGen: 632773K->44837K(640000K)] 670021K->82085K(2038272K), 0.0194859 secs] [Times: user=0.13 sys=0.00, real=0.02 secs] 
2020-09-29T17:43:53.798+0200: 38.177: [GC (Allocation Failure) [PSYoungGen: 625445K->37541K(639488K)] 662693K->74789K(2037760K), 0.0166124 secs] [Times: user=0.13 sys=0.00, real=0.02 secs] 
2020-09-29T17:43:53.864+0200: 38.243: [GC (Allocation Failure) [PSYoungGen: 618149K->28901K(638976K)] 655397K->66149K(2037248K), 0.0137088 secs] [Times: user=0.00 sys=0.00, real=0.01 secs] 
2020-09-29T17:43:53.929+0200: 38.308: [GC (Allocation Failure) [PSYoungGen: 610021K->35845K(640000K)] 647269K->73093K(2038272K), 0.0156230 secs] [Times: user=0.13 sys=0.00, real=0.02 secs] 
2020-09-29T17:43:53.994+0200: 38.373: [GC (Allocation Failure) [PSYoungGen: 616965K->29029K(641024K)] 654213K->66277K(2039296K), 0.0133062 secs] [Times: user=0.13 sys=0.00, real=0.01 secs] 
2020-09-29T17:43:54.056+0200: 38.435: [GC (Allocation Failure) [PSYoungGen: 612197K->24005K(607232K)] 649445K->61253K(2005504K), 0.0099512 secs] [Times: user=0.00 sys=0.00, real=0.01 secs] 
2020-09-29T17:43:54.115+0200: 38.494: [GC (Allocation Failure) [PSYoungGen: 607173K->32740K(641536K)] 644421K->69988K(2039808K), 0.0153476 secs] [Times: user=0.13 sys=0.00, real=0.02 secs] 
2020-09-29T17:43:54.181+0200: 38.560: [GC (Allocation Failure) [PSYoungGen: 615908K->41733K(640512K)] 653156K->78981K(2038784K), 0.0186913 secs] [Times: user=0.11 sys=0.00, real=0.02 secs] 
2020-09-29T17:43:54.253+0200: 38.632: [GC (Allocation Failure) [PSYoungGen: 624901K->7746K(634880K)] 662149K->44994K(2033152K), 0.0052316 secs] [Times: user=0.11 sys=0.00, real=0.01 secs] 
2020-09-29T17:43:54.310+0200: 38.689: [GC (Allocation Failure) [PSYoungGen: 585794K->23011K(638464K)] 623042K->60259K(2036736K), 0.0118957 secs] [Times: user=0.13 sys=0.00, real=0.02 secs] 
2020-09-29T17:43:54.383+0200: 38.762: [GC (Allocation Failure) [PSYoungGen: 601059K->40453K(639488K)] 638307K->77701K(2037760K), 0.0174436 secs] [Times: user=0.13 sys=0.00, real=0.02 secs] 
2020-09-29T17:43:54.450+0200: 38.829: [GC (Allocation Failure) [PSYoungGen: 620549K->45476K(625664K)] 657797K->82724K(2023936K), 0.0196885 secs] [Times: user=0.13 sys=0.00, real=0.02 secs] 
2020-09-29T17:43:54.519+0200: 38.898: [GC (Allocation Failure) [PSYoungGen: 625572K->20900K(637952K)] 662820K->58148K(2036224K), 0.0092932 secs] [Times: user=0.13 sys=0.00, real=0.01 secs] 
2020-09-29T17:43:54.579+0200: 38.958: [GC (Allocation Failure) [PSYoungGen: 597412K->22051K(637440K)] 634660K->59299K(2035712K), 0.0118760 secs] [Times: user=0.11 sys=0.00, real=0.01 secs] 
2020-09-29T17:43:54.646+0200: 39.025: [GC (Allocation Failure) [PSYoungGen: 598563K->51749K(630272K)] 635811K->88997K(2028544K), 0.0223261 secs] [Times: user=0.13 sys=0.00, real=0.02 secs] 
2020-09-29T17:43:54.717+0200: 39.096: [GC (Allocation Failure) [PSYoungGen: 621605K->19171K(634368K)] 658853K->56419K(2032640K), 0.0103473 secs] [Times: user=0.13 sys=0.00, real=0.01 secs] 
2020-09-29T17:43:54.777+0200: 39.157: [GC (Allocation Failure) [PSYoungGen: 589027K->42181K(634368K)] 626275K->79429K(2032640K), 0.0201445 secs] [Times: user=0.13 sys=0.00, real=0.02 secs] 
2020-09-29T17:43:54.848+0200: 39.227: [GC (Allocation Failure) [PSYoungGen: 612037K->23779K(634368K)] 649285K->61027K(2032640K), 0.0126189 secs] [Times: user=0.13 sys=0.00, real=0.01 secs] 
2020-09-29T17:43:54.914+0200: 39.293: [GC (Allocation Failure) [PSYoungGen: 593635K->46757K(631296K)] 630883K->84005K(2029568K), 0.0223139 secs] [Times: user=0.13 sys=0.00, real=0.02 secs] 
2020-09-29T17:43:54.985+0200: 39.364: [GC (Allocation Failure) [PSYoungGen: 614565K->26629K(633344K)] 651813K->63877K(2031616K), 0.0127260 secs] [Times: user=0.13 sys=0.00, real=0.01 secs] 
2020-09-29T17:43:55.046+0200: 39.425: [GC (Allocation Failure) [PSYoungGen: 594437K->18114K(635392K)] 631685K->55362K(2033664K), 0.0110774 secs] [Times: user=0.13 sys=0.00, real=0.01 secs] 
2020-09-29T17:43:55.106+0200: 39.485: [GC (Allocation Failure) [PSYoungGen: 590018K->29509K(635392K)] 627266K->66757K(2033664K), 0.0136287 secs] [Times: user=0.13 sys=0.00, real=0.01 secs] 
2020-09-29T17:43:55.169+0200: 39.549: [GC (Allocation Failure) [PSYoungGen: 601413K->26980K(640512K)] 638661K->64228K(2038784K), 0.0137550 secs] [Times: user=0.13 sys=0.00, real=0.01 secs] 
2020-09-29T17:43:55.234+0200: 39.613: [GC (Allocation Failure) [PSYoungGen: 607076K->46533K(626688K)] 644324K->83781K(2024960K), 0.0205169 secs] [Times: user=0.13 sys=0.00, real=0.02 secs] 
2020-09-29T17:43:55.305+0200: 39.684: [GC (Allocation Failure) [PSYoungGen: 626629K->52389K(628224K)] 663877K->89637K(2026496K), 0.0235246 secs] [Times: user=0.13 sys=0.00, real=0.02 secs] 
2020-09-29T17:43:55.378+0200: 39.757: [GC (Allocation Failure) [PSYoungGen: 619173K->44965K(611840K)] 656421K->82213K(2010112K), 0.0213813 secs] [Times: user=0.25 sys=0.00, real=0.02 secs] 
2020-09-29T17:43:55.448+0200: 39.827: [GC (Allocation Failure) [PSYoungGen: 611749K->36900K(634880K)] 648997K->74148K(2033152K), 0.0188361 secs] [Times: user=0.13 sys=0.00, real=0.02 secs] 
2020-09-29T17:43:55.515+0200: 39.894: [GC (Allocation Failure) [PSYoungGen: 605220K->30532K(632320K)] 642468K->67780K(2030592K), 0.0150892 secs] [Times: user=0.13 sys=0.00, real=0.01 secs] 
2020-09-29T17:43:55.580+0200: 39.959: [GC (Allocation Failure) [PSYoungGen: 598852K->24645K(637440K)] 636100K->61893K(2035712K), 0.0121179 secs] [Times: user=0.11 sys=0.00, real=0.01 secs] 
2020-09-29T17:43:55.653+0200: 40.032: [GC (Allocation Failure) [PSYoungGen: 600133K->25348K(636928K)] 637381K->62596K(2035200K), 0.0125260 secs] [Times: user=0.13 sys=0.00, real=0.01 secs] 
2020-09-29T17:43:55.721+0200: 40.100: [GC (Allocation Failure) [PSYoungGen: 600836K->40357K(638976K)] 638084K->77605K(2037248K), 0.0192359 secs] [Times: user=0.25 sys=0.00, real=0.02 secs] 
2020-09-29T17:43:55.790+0200: 40.169: [GC (Allocation Failure) [PSYoungGen: 619429K->45157K(624640K)] 656677K->82405K(2022912K), 0.0208085 secs] [Times: user=0.13 sys=0.00, real=0.02 secs] 
2020-09-29T17:43:55.867+0200: 40.246: [GC (Allocation Failure) [PSYoungGen: 624229K->36037K(639488K)] 661477K->73285K(2037760K), 0.0165876 secs] [Times: user=0.13 sys=0.00, real=0.02 secs] 
2020-09-29T17:43:55.933+0200: 40.313: [GC (Allocation Failure) [PSYoungGen: 614085K->39813K(637440K)] 651333K->77061K(2035712K), 0.0184336 secs] [Times: user=0.13 sys=0.00, real=0.02 secs] 
2020-09-29T17:43:56.003+0200: 40.382: [GC (Allocation Failure) [PSYoungGen: 617861K->43589K(638464K)] 655109K->80837K(2036736K), 0.0199694 secs] [Times: user=0.25 sys=0.00, real=0.02 secs] 
2020-09-29T17:43:56.072+0200: 40.451: [GC (Allocation Failure) [PSYoungGen: 623685K->35396K(639488K)] 660933K->72644K(2037760K), 0.0177063 secs] [Times: user=0.13 sys=0.00, real=0.02 secs] 
2020-09-29T17:43:56.139+0200: 40.519: [GC (Allocation Failure) [PSYoungGen: 615492K->40932K(642048K)] 652740K->78180K(2040320K), 0.0208030 secs] [Times: user=0.09 sys=0.00, real=0.02 secs] 
2020-09-29T17:43:56.213+0200: 40.593: [GC (Allocation Failure) [PSYoungGen: 625636K->22052K(641536K)] 662884K->59300K(2039808K), 0.0112352 secs] [Times: user=0.13 sys=0.00, real=0.01 secs] 
2020-09-29T17:43:56.274+0200: 40.654: [GC (Allocation Failure) [PSYoungGen: 606756K->32389K(643072K)] 644004K->69637K(2041344K), 0.0153986 secs] [Times: user=0.13 sys=0.00, real=0.02 secs] 
2020-09-29T17:43:56.340+0200: 40.719: [GC (Allocation Failure) [PSYoungGen: 618117K->30149K(641536K)] 655365K->67397K(2039808K), 0.0146258 secs] [Times: user=0.13 sys=0.00, real=0.01 secs] 
2020-09-29T17:43:56.405+0200: 40.784: [GC (Allocation Failure) [PSYoungGen: 615877K->26884K(645120K)] 653125K->64132K(2043392K), 0.0137564 secs] [Times: user=0.13 sys=0.00, real=0.01 secs] 
2020-09-29T17:43:56.473+0200: 40.852: [GC (Allocation Failure) [PSYoungGen: 617732K->29349K(644608K)] 654980K->66597K(2042880K), 0.0135418 secs] [Times: user=0.13 sys=0.00, real=0.01 secs] 
2020-09-29T17:43:56.541+0200: 40.920: [GC (Allocation Failure) [PSYoungGen: 620197K->46021K(641024K)] 657445K->83269K(2039296K), 0.0213992 secs] [Times: user=0.13 sys=0.00, real=0.02 secs] 
2020-09-29T17:43:56.615+0200: 40.994: [GC (Allocation Failure) [PSYoungGen: 634309K->31364K(643584K)] 671557K->68612K(2041856K), 0.0176477 secs] [Times: user=0.11 sys=0.00, real=0.02 secs] 
2020-09-29T17:43:56.684+0200: 41.063: [GC (Allocation Failure) [PSYoungGen: 619652K->44388K(641024K)] 656900K->81636K(2039296K), 0.0214258 secs] [Times: user=0.13 sys=0.00, real=0.02 secs] 
2020-09-29T17:43:56.755+0200: 41.134: [GC (Allocation Failure) [PSYoungGen: 631652K->25604K(643072K)] 668900K->62852K(2041344K), 0.0131490 secs] [Times: user=0.00 sys=0.00, real=0.01 secs] 
2020-09-29T17:43:56.822+0200: 41.201: [GC (Allocation Failure) [PSYoungGen: 612868K->38565K(644096K)] 650116K->75813K(2042368K), 0.0175399 secs] [Times: user=0.13 sys=0.00, real=0.02 secs] 
2020-09-29T17:43:56.890+0200: 41.269: [GC (Allocation Failure) [PSYoungGen: 627365K->39429K(643584K)] 664613K->76677K(2041856K), 0.0187544 secs] [Times: user=0.13 sys=0.00, real=0.02 secs] 
2020-09-29T17:43:56.959+0200: 41.338: [GC (Allocation Failure) [PSYoungGen: 628229K->40261K(644608K)] 665477K->77509K(2042880K), 0.0199945 secs] [Times: user=0.13 sys=0.00, real=0.02 secs] 
2020-09-29T17:43:57.033+0200: 41.412: [GC (Allocation Failure) [PSYoungGen: 630085K->28324K(644096K)] 667333K->65572K(2042368K), 0.0141282 secs] [Times: user=0.11 sys=0.00, real=0.01 secs] 
2020-09-29T17:43:57.103+0200: 41.482: [GC (Allocation Failure) [PSYoungGen: 618148K->30213K(646144K)] 655396K->67461K(2044416K), 0.0153093 secs] [Times: user=0.13 sys=0.00, real=0.02 secs] 
2020-09-29T17:43:57.184+0200: 41.563: [GC (Allocation Failure) [PSYoungGen: 622597K->48357K(641024K)] 659845K->85605K(2039296K), 0.0222663 secs] [Times: user=0.13 sys=0.00, real=0.02 secs] 
2020-09-29T17:43:57.257+0200: 41.636: [GC (Allocation Failure) [PSYoungGen: 640741K->37700K(644096K)] 677989K->74948K(2042368K), 0.0186471 secs] [Times: user=0.13 sys=0.00, real=0.02 secs] 
2020-09-29T17:43:57.326+0200: 41.705: [GC (Allocation Failure) [PSYoungGen: 625476K->37573K(642560K)] 662724K->74821K(2040832K), 0.0172119 secs] [Times: user=0.13 sys=0.00, real=0.02 secs] 
2020-09-29T17:43:57.397+0200: 41.776: [GC (Allocation Failure) [PSYoungGen: 625349K->51109K(637952K)] 662597K->88357K(2036224K), 0.0245879 secs] [Times: user=0.11 sys=0.00, real=0.02 secs] 
2020-09-29T17:43:57.471+0200: 41.850: [GC (Allocation Failure) [PSYoungGen: 635301K->33701K(641536K)] 672549K->70949K(2039808K), 0.0154790 secs] [Times: user=0.13 sys=0.00, real=0.02 secs] 
2020-09-29T17:43:57.536+0200: 41.915: [GC (Allocation Failure) [PSYoungGen: 617893K->29349K(643072K)] 655141K->66597K(2041344K), 0.0139391 secs] [Times: user=0.00 sys=0.00, real=0.01 secs] 
2020-09-29T17:43:57.601+0200: 41.980: [GC (Allocation Failure) [PSYoungGen: 616101K->23715K(642560K)] 653349K->60963K(2040832K), 0.0140385 secs] [Times: user=0.11 sys=0.00, real=0.01 secs] 
2020-09-29T17:43:57.667+0200: 42.046: [GC (Allocation Failure) [PSYoungGen: 610467K->20964K(642048K)] 647715K->58212K(2040320K), 0.0103955 secs] [Times: user=0.13 sys=0.00, real=0.01 secs] 
2020-09-29T17:43:57.728+0200: 42.108: [GC (Allocation Failure) [PSYoungGen: 607204K->32836K(642560K)] 644452K->70084K(2040832K), 0.0165471 secs] [Times: user=0.13 sys=0.00, real=0.02 secs] 
2020-09-29T17:43:57.798+0200: 42.178: [GC (Allocation Failure) [PSYoungGen: 619076K->29861K(646144K)] 656324K->67109K(2044416K), 0.0138615 secs] [Times: user=0.13 sys=0.00, real=0.01 secs] 
2020-09-29T17:43:57.863+0200: 42.242: [GC (Allocation Failure) [PSYoungGen: 621733K->47525K(639488K)] 658981K->84773K(2037760K), 0.0224581 secs] [Times: user=0.25 sys=0.00, real=0.02 secs] 
2020-09-29T17:43:57.936+0200: 42.316: [GC (Allocation Failure) [PSYoungGen: 639397K->24165K(643072K)] 676645K->61413K(2041344K), 0.0107897 secs] [Times: user=0.13 sys=0.00, real=0.01 secs] 
2020-09-29T17:43:57.998+0200: 42.377: [GC (Allocation Failure) [PSYoungGen: 610917K->50341K(637440K)] 648165K->87589K(2035712K), 0.0232796 secs] [Times: user=0.25 sys=0.00, real=0.02 secs] 
2020-09-29T17:43:58.071+0200: 42.450: [GC (Allocation Failure) [PSYoungGen: 637093K->49221K(633856K)] 674341K->86469K(2032128K), 0.0225132 secs] [Times: user=0.13 sys=0.00, real=0.02 secs] 
2020-09-29T17:43:58.143+0200: 42.522: [GC (Allocation Failure) [PSYoungGen: 623173K->48516K(622592K)] 660421K->85764K(2020864K), 0.0242959 secs] [Times: user=0.24 sys=0.00, real=0.02 secs] 
2020-09-29T17:43:58.216+0200: 42.596: [GC (Allocation Failure) [PSYoungGen: 622468K->34212K(636416K)] 659716K->71460K(2034688K), 0.0168534 secs] [Times: user=0.13 sys=0.00, real=0.02 secs] 
2020-09-29T17:43:58.282+0200: 42.661: [GC (Allocation Failure) [PSYoungGen: 606116K->31492K(634368K)] 643364K->68740K(2032640K), 0.0155120 secs] [Times: user=0.13 sys=0.00, real=0.01 secs] 
2020-09-29T17:43:58.346+0200: 42.725: [GC (Allocation Failure) [PSYoungGen: 603396K->42308K(638464K)] 640644K->79556K(2036736K), 0.0208920 secs] [Times: user=0.25 sys=0.00, real=0.02 secs] 
2020-09-29T17:43:58.416+0200: 42.795: [GC (Allocation Failure) [PSYoungGen: 619844K->31973K(637952K)] 657092K->69221K(2036224K), 0.0145775 secs] [Times: user=0.13 sys=0.00, real=0.02 secs] 
2020-09-29T17:43:58.481+0200: 42.860: [GC (Allocation Failure) [PSYoungGen: 609509K->35205K(641536K)] 646757K->72453K(2039808K), 0.0169362 secs] [Times: user=0.13 sys=0.00, real=0.02 secs] 
2020-09-29T17:43:58.547+0200: 42.927: [GC (Allocation Failure) [PSYoungGen: 617349K->43077K(639488K)] 654597K->80325K(2037760K), 0.0201817 secs] [Times: user=0.25 sys=0.00, real=0.02 secs] 
2020-09-29T17:43:58.619+0200: 42.998: [GC (Allocation Failure) [PSYoungGen: 625221K->37317K(643072K)] 662469K->74565K(2041344K), 0.0192431 secs] [Times: user=0.11 sys=0.00, real=0.02 secs] 
2020-09-29T17:43:58.689+0200: 43.069: [GC (Allocation Failure) [PSYoungGen: 623045K->35173K(641536K)] 660293K->72421K(2039808K), 0.0163608 secs] [Times: user=0.13 sys=0.00, real=0.02 secs] 
2020-09-29T17:43:58.756+0200: 43.135: [GC (Allocation Failure) [PSYoungGen: 620901K->46661K(641536K)] 658149K->83909K(2039808K), 0.0214393 secs] [Times: user=0.13 sys=0.00, real=0.02 secs] 
2020-09-29T17:43:58.828+0200: 43.207: [GC (Allocation Failure) [PSYoungGen: 633925K->31524K(643072K)] 671173K->68772K(2041344K), 0.0160687 secs] [Times: user=0.13 sys=0.00, real=0.02 secs] 
2020-09-29T17:43:58.894+0200: 43.274: [GC (Allocation Failure) [PSYoungGen: 618788K->44581K(641536K)] 656036K->81829K(2039808K), 0.0212922 secs] [Times: user=0.22 sys=0.02, real=0.02 secs] 
2020-09-29T17:43:58.968+0200: 43.347: [GC (Allocation Failure) [PSYoungGen: 630821K->27172K(642560K)] 668069K->64420K(2040832K), 0.0144496 secs] [Times: user=0.13 sys=0.00, real=0.01 secs] 
2020-09-29T17:43:59.034+0200: 43.414: [GC (Allocation Failure) [PSYoungGen: 613412K->39237K(643584K)] 650660K->76485K(2041856K), 0.0185209 secs] [Times: user=0.23 sys=0.00, real=0.02 secs] 
2020-09-29T17:43:59.105+0200: 43.484: [GC (Allocation Failure) [PSYoungGen: 626501K->38213K(642560K)] 663749K->75461K(2040832K), 0.0181071 secs] [Times: user=0.13 sys=0.00, real=0.02 secs] 
2020-09-29T17:43:59.176+0200: 43.555: [GC (Allocation Failure) [PSYoungGen: 625477K->23877K(644096K)] 662725K->61125K(2042368K), 0.0102929 secs] [Times: user=0.09 sys=0.00, real=0.01 secs] 
2020-09-29T17:43:59.250+0200: 43.629: [GC (Allocation Failure) [PSYoungGen: 614213K->40037K(644608K)] 651461K->77285K(2042880K), 0.0177928 secs] [Times: user=0.13 sys=0.00, real=0.02 secs] 
2020-09-29T17:43:59.318+0200: 43.697: [GC (Allocation Failure) [PSYoungGen: 630373K->28741K(645120K)] 667621K->65989K(2043392K), 0.0129965 secs] [Times: user=0.00 sys=0.00, real=0.01 secs] 
2020-09-29T17:43:59.385+0200: 43.764: [GC (Allocation Failure) [PSYoungGen: 619589K->31717K(644608K)] 656837K->68965K(2042880K), 0.0155591 secs] [Times: user=0.13 sys=0.00, real=0.02 secs] 
2020-09-29T17:43:59.456+0200: 43.835: [GC (Allocation Failure) [PSYoungGen: 622565K->34564K(647680K)] 659813K->71812K(2045952K), 0.0175286 secs] [Times: user=0.11 sys=0.00, real=0.02 secs] 
2020-09-29T17:43:59.528+0200: 43.907: [GC (Allocation Failure) [PSYoungGen: 629508K->27941K(646144K)] 666756K->65189K(2044416K), 0.0131333 secs] [Times: user=0.13 sys=0.00, real=0.01 secs] 
2020-09-29T17:43:59.596+0200: 43.976: [GC (Allocation Failure) [PSYoungGen: 622885K->18307K(646144K)] 660133K->55555K(2044416K), 0.0107518 secs] [Times: user=0.11 sys=0.00, real=0.01 secs] 
2020-09-29T17:43:59.660+0200: 44.039: [GC (Allocation Failure) [PSYoungGen: 613763K->25187K(647168K)] 651011K->62435K(2045440K), 0.0142918 secs] [Times: user=0.11 sys=0.00, real=0.01 secs] 
2020-09-29T17:43:59.728+0200: 44.107: [GC (Allocation Failure) [PSYoungGen: 620643K->31748K(649216K)] 657891K->68996K(2047488K), 0.0169157 secs] [Times: user=0.11 sys=0.00, real=0.02 secs] 
2020-09-29T17:43:59.799+0200: 44.179: [GC (Allocation Failure) [PSYoungGen: 629764K->41829K(647680K)] 667012K->79077K(2045952K), 0.0159979 secs] [Times: user=0.11 sys=0.00, real=0.02 secs] 
2020-09-29T17:43:59.868+0200: 44.248: [GC (Allocation Failure) [PSYoungGen: 639845K->23652K(647680K)] 677093K->60900K(2045952K), 0.0114319 secs] [Times: user=0.03 sys=0.00, real=0.01 secs] 
2020-09-29T17:43:59.932+0200: 44.312: [GC (Allocation Failure) [PSYoungGen: 620132K->32133K(647680K)] 657380K->69381K(2045952K), 0.0114740 secs] [Times: user=0.13 sys=0.00, real=0.01 secs] 
2020-09-29T17:43:59.999+0200: 44.378: [GC (Allocation Failure) [PSYoungGen: 628613K->39076K(647680K)] 665861K->76324K(2045952K), 0.0144092 secs] [Times: user=0.13 sys=0.00, real=0.01 secs] 
2020-09-29T17:44:00.066+0200: 44.445: [GC (Allocation Failure) [PSYoungGen: 637604K->35973K(648704K)] 674852K->73221K(2046976K), 0.0121595 secs] [Times: user=0.13 sys=0.00, real=0.01 secs] 
2020-09-29T17:44:00.129+0200: 44.509: [GC (Allocation Failure) [PSYoungGen: 634501K->45540K(643072K)] 671749K->82788K(2041344K), 0.0157822 secs] [Times: user=0.25 sys=0.00, real=0.02 secs] 
2020-09-29T17:44:00.196+0200: 44.575: [GC (Allocation Failure) [PSYoungGen: 638948K->35877K(646144K)] 676196K->73125K(2044416K), 0.0126983 secs] [Times: user=0.13 sys=0.00, real=0.01 secs] 
2020-09-29T17:44:00.260+0200: 44.639: [GC (Allocation Failure) [PSYoungGen: 629285K->13795K(643584K)] 666533K->51043K(2041856K), 0.0055682 secs] [Times: user=0.00 sys=0.00, real=0.01 secs] 
2020-09-29T17:44:00.316+0200: 44.695: [GC (Allocation Failure) [PSYoungGen: 606179K->29283K(645632K)] 643427K->66531K(2043904K), 0.0115730 secs] [Times: user=0.13 sys=0.00, real=0.01 secs] 
2020-09-29T17:44:00.378+0200: 44.757: [GC (Allocation Failure) [PSYoungGen: 621667K->33380K(648704K)] 658915K->70628K(2046976K), 0.0123071 secs] [Times: user=0.13 sys=0.00, real=0.01 secs] 
2020-09-29T17:44:00.441+0200: 44.820: [GC (Allocation Failure) [PSYoungGen: 630372K->42469K(639488K)] 667620K->79717K(2037760K), 0.0142639 secs] [Times: user=0.13 sys=0.00, real=0.01 secs] 
2020-09-29T17:44:00.507+0200: 44.886: [GC (Allocation Failure) [PSYoungGen: 639461K->37893K(646656K)] 676709K->75141K(2044928K), 0.0131018 secs] [Times: user=0.02 sys=0.00, real=0.01 secs] 
2020-09-29T17:44:00.572+0200: 44.951: [GC (Allocation Failure) [PSYoungGen: 632325K->30725K(646656K)] 669573K->67973K(2044928K), 0.0111415 secs] [Times: user=0.11 sys=0.00, real=0.01 secs] 
2020-09-29T17:44:00.635+0200: 45.015: [GC (Allocation Failure) [PSYoungGen: 625157K->37253K(648192K)] 662405K->74501K(2046464K), 0.0136957 secs] [Times: user=0.13 sys=0.00, real=0.01 secs] 
2020-09-29T17:44:00.700+0200: 45.080: [GC (Allocation Failure) [PSYoungGen: 634757K->33189K(648192K)] 672005K->70437K(2046464K), 0.0116061 secs] [Times: user=0.13 sys=0.00, real=0.01 secs] 
2020-09-29T17:44:00.764+0200: 45.143: [GC (Allocation Failure) [PSYoungGen: 630693K->42821K(646656K)] 667941K->80069K(2044928K), 0.0147786 secs] [Times: user=0.13 sys=0.00, real=0.01 secs] 
2020-09-29T17:44:00.829+0200: 45.209: [GC (Allocation Failure) [PSYoungGen: 640325K->50661K(648192K)] 677573K->89541K(2046464K), 0.0173056 secs] [Times: user=0.13 sys=0.00, real=0.02 secs] 
2020-09-29T17:44:00.897+0200: 45.277: [GC (Allocation Failure) [PSYoungGen: 648165K->15747K(634880K)] 687045K->54627K(2033152K), 0.0071475 secs] [Times: user=0.00 sys=0.00, real=0.01 secs] 
2020-09-29T17:44:00.954+0200: 45.334: [GC (Allocation Failure) [PSYoungGen: 599939K->39461K(641536K)] 638819K->78341K(2039808K), 0.0134980 secs] [Times: user=0.13 sys=0.00, real=0.01 secs] 
2020-09-29T17:44:01.018+0200: 45.398: [GC (Allocation Failure) [PSYoungGen: 623653K->34149K(644096K)] 662533K->73029K(2042368K), 0.0121182 secs] [Times: user=0.13 sys=0.00, real=0.01 secs] 
2020-09-29T17:44:01.081+0200: 45.460: [GC (Allocation Failure) [PSYoungGen: 621413K->19781K(642048K)] 660293K->58661K(2040320K), 0.0062292 secs] [Times: user=0.13 sys=0.00, real=0.01 secs] 
2020-09-29T17:44:01.137+0200: 45.517: [GC (Allocation Failure) [PSYoungGen: 607045K->17572K(642560K)] 645925K->56452K(2040832K), 0.0066110 secs] [Times: user=0.00 sys=0.00, real=0.01 secs] 
2020-09-29T17:44:01.194+0200: 45.574: [GC (Allocation Failure) [PSYoungGen: 604836K->42373K(629760K)] 643716K->81253K(2028032K), 0.0143858 secs] [Times: user=0.13 sys=0.00, real=0.02 secs] 
2020-09-29T17:44:01.259+0200: 45.638: [GC (Allocation Failure) [PSYoungGen: 629637K->41701K(639488K)] 668517K->80581K(2037760K), 0.0146224 secs] [Times: user=0.13 sys=0.00, real=0.01 secs] 
2020-09-29T17:44:01.324+0200: 45.703: [GC (Allocation Failure) [PSYoungGen: 623845K->19234K(640512K)] 662725K->58114K(2038784K), 0.0088950 secs] [Times: user=0.02 sys=0.00, real=0.01 secs] 
2020-09-29T17:44:01.383+0200: 45.762: [GC (Allocation Failure) [PSYoungGen: 601378K->40901K(639488K)] 640258K->79781K(2037760K), 0.0135282 secs] [Times: user=0.13 sys=0.00, real=0.01 secs] 
2020-09-29T17:44:01.447+0200: 45.826: [GC (Allocation Failure) [PSYoungGen: 622021K->34117K(640000K)] 660901K->72997K(2038272K), 0.0118996 secs] [Times: user=0.13 sys=0.00, real=0.01 secs] 
2020-09-29T17:44:01.509+0200: 45.889: [GC (Allocation Failure) [PSYoungGen: 615237K->54661K(630784K)] 654117K->93541K(2029056K), 0.0181987 secs] [Times: user=0.13 sys=0.00, real=0.02 secs] 
2020-09-29T17:44:01.578+0200: 45.958: [GC (Allocation Failure) [PSYoungGen: 628613K->40677K(636416K)] 667493K->79557K(2034688K), 0.0161415 secs] [Times: user=0.11 sys=0.00, real=0.02 secs] 
2020-09-29T17:44:01.646+0200: 46.025: [GC (Allocation Failure) [PSYoungGen: 614629K->26436K(637952K)] 653509K->65316K(2036224K), 0.0098521 secs] [Times: user=0.00 sys=0.00, real=0.01 secs] 
2020-09-29T17:44:01.705+0200: 46.084: [GC (Allocation Failure) [PSYoungGen: 602436K->26532K(636928K)] 641316K->65412K(2035200K), 0.0091114 secs] [Times: user=0.13 sys=0.00, real=0.01 secs] 
2020-09-29T17:44:01.767+0200: 46.147: [GC (Allocation Failure) [PSYoungGen: 602532K->42021K(638464K)] 641412K->80901K(2036736K), 0.0142207 secs] [Times: user=0.13 sys=0.00, real=0.01 secs] 
2020-09-29T17:44:01.831+0200: 46.210: [GC (Allocation Failure) [PSYoungGen: 621093K->33157K(638976K)] 659973K->72037K(2037248K), 0.0118767 secs] [Times: user=0.13 sys=0.00, real=0.01 secs] 
2020-09-29T17:44:01.892+0200: 46.272: [GC (Allocation Failure) [PSYoungGen: 612229K->38021K(642048K)] 651109K->76901K(2040320K), 0.0131402 secs] [Times: user=0.13 sys=0.00, real=0.01 secs] 
2020-09-29T17:44:01.956+0200: 46.336: [GC (Allocation Failure) [PSYoungGen: 622213K->34213K(641024K)] 661093K->73093K(2039296K), 0.0113284 secs] [Times: user=0.13 sys=0.00, real=0.01 secs] 
2020-09-29T17:44:02.018+0200: 46.398: [GC (Allocation Failure) [PSYoungGen: 618405K->29540K(645120K)] 657285K->68420K(2043392K), 0.0115106 secs] [Times: user=0.13 sys=0.00, real=0.01 secs] 
2020-09-29T17:44:02.080+0200: 46.460: [GC (Allocation Failure) [PSYoungGen: 619876K->45669K(636416K)] 658756K->84549K(2034688K), 0.0148526 secs] [Times: user=0.13 sys=0.00, real=0.02 secs] 
2020-09-29T17:44:02.146+0200: 46.526: [GC (Allocation Failure) [PSYoungGen: 636005K->32484K(644608K)] 674885K->71364K(2042880K), 0.0120484 secs] [Times: user=0.00 sys=0.00, real=0.01 secs] 
2020-09-29T17:44:02.208+0200: 46.588: [GC (Allocation Failure) [PSYoungGen: 621284K->29187K(643072K)] 660164K->68067K(2041344K), 0.0114869 secs] [Times: user=0.00 sys=0.00, real=0.01 secs] 
2020-09-29T17:44:02.270+0200: 46.649: [GC (Allocation Failure) [PSYoungGen: 617987K->13859K(642048K)] 656867K->52739K(2040320K), 0.0053580 secs] [Times: user=0.01 sys=0.00, real=0.01 secs] 
2020-09-29T17:44:02.325+0200: 46.705: [GC (Allocation Failure) [PSYoungGen: 602147K->27909K(643584K)] 641027K->66789K(2041856K), 0.0097751 secs] [Times: user=0.13 sys=0.00, real=0.01 secs] 
2020-09-29T17:44:02.386+0200: 46.766: [GC (Allocation Failure) [PSYoungGen: 616197K->41989K(642048K)] 655077K->80869K(2040320K), 0.0138563 secs] [Times: user=0.13 sys=0.00, real=0.01 secs] 
2020-09-29T17:44:02.450+0200: 46.829: [GC (Allocation Failure) [PSYoungGen: 630277K->55013K(643584K)] 669157K->93893K(2041856K), 0.0187073 secs] [Times: user=0.13 sys=0.00, real=0.02 secs] 
2020-09-29T17:44:02.519+0200: 46.899: [GC (Allocation Failure) [PSYoungGen: 643301K->23459K(632320K)] 682181K->62339K(2030592K), 0.0093501 secs] [Times: user=0.13 sys=0.00, real=0.01 secs] 
2020-09-29T17:44:02.578+0200: 46.958: [GC (Allocation Failure) [PSYoungGen: 600483K->39909K(637952K)] 639363K->78789K(2036224K), 0.0150660 secs] [Times: user=0.11 sys=0.00, real=0.01 secs] 
2020-09-29T17:44:02.645+0200: 47.025: [GC (Allocation Failure) [PSYoungGen: 616933K->40932K(638976K)] 655813K->79812K(2037248K), 0.0160772 secs] [Times: user=0.13 sys=0.00, real=0.02 secs] 
2020-09-29T17:44:02.711+0200: 47.091: [GC (Allocation Failure) [PSYoungGen: 619492K->45253K(624128K)] 658372K->84133K(2022400K), 0.0155209 secs] [Times: user=0.13 sys=0.00, real=0.02 secs] 
2020-09-29T17:44:02.776+0200: 47.156: [GC (Allocation Failure) [PSYoungGen: 623813K->35877K(640000K)] 662693K->74757K(2038272K), 0.0120526 secs] [Times: user=0.13 sys=0.00, real=0.01 secs] 
2020-09-29T17:44:02.838+0200: 47.218: [GC (Allocation Failure) [PSYoungGen: 614437K->53957K(632832K)] 653317K->92837K(2031104K), 0.0180447 secs] [Times: user=0.13 sys=0.00, real=0.02 secs] 
2020-09-29T17:44:02.906+0200: 47.285: [GC (Allocation Failure) [PSYoungGen: 632517K->26659K(636416K)] 671397K->65539K(2034688K), 0.0107562 secs] [Times: user=0.13 sys=0.00, real=0.01 secs] 
2020-09-29T17:44:02.965+0200: 47.345: [GC (Allocation Failure) [PSYoungGen: 600099K->39493K(635904K)] 638979K->78373K(2034176K), 0.0133347 secs] [Times: user=0.13 sys=0.00, real=0.01 secs] 
2020-09-29T17:44:03.028+0200: 47.408: [GC (Allocation Failure) [PSYoungGen: 612933K->38501K(639488K)] 651813K->77381K(2037760K), 0.0136856 secs] [Times: user=0.13 sys=0.00, real=0.01 secs] 
2020-09-29T17:44:03.092+0200: 47.471: [GC (Allocation Failure) [PSYoungGen: 617061K->56485K(635392K)] 655941K->95365K(2033664K), 0.0185354 secs] [Times: user=0.13 sys=0.00, real=0.02 secs] 
2020-09-29T17:44:03.160+0200: 47.540: [GC (Allocation Failure) [PSYoungGen: 635045K->33477K(636416K)] 673925K->72357K(2034688K), 0.0116283 secs] [Times: user=0.08 sys=0.00, real=0.01 secs] 
2020-09-29T17:44:03.221+0200: 47.601: [GC (Allocation Failure) [PSYoungGen: 606405K->30597K(635392K)] 645285K->69477K(2033664K), 0.0113501 secs] [Times: user=0.13 sys=0.00, real=0.01 secs] 
2020-09-29T17:44:03.281+0200: 47.661: [GC (Allocation Failure) [PSYoungGen: 603525K->27428K(637952K)] 642405K->66308K(2036224K), 0.0102776 secs] [Times: user=0.13 sys=0.00, real=0.01 secs] 
2020-09-29T17:44:03.344+0200: 47.724: [GC (Allocation Failure) [PSYoungGen: 603940K->29701K(637440K)] 642820K->68581K(2035712K), 0.0108777 secs] [Times: user=0.13 sys=0.00, real=0.01 secs] 
2020-09-29T17:44:03.405+0200: 47.784: [GC (Allocation Failure) [PSYoungGen: 606213K->45669K(636928K)] 645093K->84549K(2035200K), 0.0152690 secs] [Times: user=0.13 sys=0.00, real=0.02 secs] 
2020-09-29T17:44:03.470+0200: 47.849: [GC (Allocation Failure) [PSYoungGen: 622693K->48517K(625664K)] 661573K->87397K(2023936K), 0.0160944 secs] [Times: user=0.13 sys=0.00, real=0.02 secs] 
2020-09-29T17:44:03.535+0200: 47.915: [GC (Allocation Failure) [PSYoungGen: 625541K->37637K(638464K)] 664421K->76517K(2036736K), 0.0128585 secs] [Times: user=0.13 sys=0.00, real=0.01 secs] 
2020-09-29T17:44:03.598+0200: 47.978: [GC (Allocation Failure) [PSYoungGen: 613125K->23267K(635904K)] 652005K->62147K(2034176K), 0.0100091 secs] [Times: user=0.00 sys=0.00, real=0.01 secs] 
2020-09-29T17:44:03.660+0200: 48.039: [GC (Allocation Failure) [PSYoungGen: 598755K->35620K(640000K)] 637635K->74500K(2038272K), 0.0144826 secs] [Times: user=0.13 sys=0.00, real=0.01 secs] 
2020-09-29T17:44:03.727+0200: 48.106: [GC (Allocation Failure) [PSYoungGen: 614692K->40068K(637952K)] 653572K->78948K(2036224K), 0.0160266 secs] [Times: user=0.13 sys=0.00, real=0.02 secs] 
2020-09-29T17:44:03.795+0200: 48.174: [GC (Allocation Failure) [PSYoungGen: 619140K->17316K(638976K)] 658020K->56196K(2037248K), 0.0079695 secs] [Times: user=0.13 sys=0.00, real=0.01 secs] 
2020-09-29T17:44:03.856+0200: 48.236: [GC (Allocation Failure) [PSYoungGen: 598436K->37700K(640000K)] 637316K->76580K(2038272K), 0.0206264 secs] [Times: user=0.13 sys=0.00, real=0.02 secs] 
2020-09-29T17:44:03.929+0200: 48.308: [GC (Allocation Failure) [PSYoungGen: 618820K->44581K(638976K)] 657700K->83461K(2037248K), 0.0149338 secs] [Times: user=0.13 sys=0.00, real=0.02 secs] 
2020-09-29T17:44:03.994+0200: 48.374: [GC (Allocation Failure) [PSYoungGen: 625701K->37156K(640000K)] 664581K->76036K(2038272K), 0.0149930 secs] [Times: user=0.13 sys=0.00, real=0.02 secs] 
2020-09-29T17:44:04.059+0200: 48.439: [GC (Allocation Failure) [PSYoungGen: 618276K->30212K(643072K)] 657156K->69092K(2041344K), 0.0105074 secs] [Times: user=0.13 sys=0.00, real=0.01 secs] 
2020-09-29T17:44:04.120+0200: 48.499: [GC (Allocation Failure) [PSYoungGen: 616452K->55781K(642048K)] 655332K->94701K(2040320K), 0.0181711 secs] [Times: user=0.13 sys=0.00, real=0.02 secs] 
2020-09-29T17:44:04.189+0200: 48.568: [GC (Allocation Failure) [PSYoungGen: 642021K->40549K(634880K)] 680941K->79469K(2033152K), 0.0140694 secs] [Times: user=0.13 sys=0.00, real=0.01 secs] 
2020-09-29T17:44:04.252+0200: 48.631: [GC (Allocation Failure) [PSYoungGen: 618597K->30020K(638464K)] 657517K->68940K(2036736K), 0.0114952 secs] [Times: user=0.13 sys=0.00, real=0.01 secs] 
2020-09-29T17:44:04.313+0200: 48.692: [GC (Allocation Failure) [PSYoungGen: 608068K->18723K(637440K)] 646988K->57643K(2035712K), 0.0080342 secs] [Times: user=0.13 sys=0.00, real=0.01 secs] 
2020-09-29T17:44:04.371+0200: 48.751: [GC (Allocation Failure) [PSYoungGen: 596771K->49477K(627712K)] 635691K->88397K(2025984K), 0.0163869 secs] [Times: user=0.13 sys=0.00, real=0.02 secs] 
2020-09-29T17:44:04.437+0200: 48.816: [GC (Allocation Failure) [PSYoungGen: 627525K->39653K(637440K)] 666445K->78573K(2035712K), 0.0140015 secs] [Times: user=0.13 sys=0.00, real=0.01 secs] 
2020-09-29T17:44:04.500+0200: 48.880: [GC (Allocation Failure) [PSYoungGen: 614117K->25732K(635904K)] 653037K->64652K(2034176K), 0.0106453 secs] [Times: user=0.13 sys=0.00, real=0.01 secs] 
2020-09-29T17:44:04.560+0200: 48.940: [GC (Allocation Failure) [PSYoungGen: 600196K->23587K(638464K)] 639116K->62507K(2036736K), 0.0098977 secs] [Times: user=0.13 sys=0.00, real=0.01 secs] 
2020-09-29T17:44:04.621+0200: 49.001: [GC (Allocation Failure) [PSYoungGen: 601123K->37956K(637952K)] 640043K->76876K(2036224K), 0.0149344 secs] [Times: user=0.11 sys=0.00, real=0.01 secs] 
2020-09-29T17:44:04.686+0200: 49.066: [GC (Allocation Failure) [PSYoungGen: 615492K->41221K(639488K)] 654412K->80141K(2037760K), 0.0161955 secs] [Times: user=0.11 sys=0.00, real=0.02 secs] 
2020-09-29T17:44:04.753+0200: 49.132: [GC (Allocation Failure) [PSYoungGen: 621317K->47077K(627200K)] 660237K->85997K(2025472K), 0.0160927 secs] [Times: user=0.13 sys=0.00, real=0.02 secs] 
2020-09-29T17:44:04.819+0200: 49.199: [GC (Allocation Failure) [PSYoungGen: 627173K->39205K(639488K)] 666093K->78125K(2037760K), 0.0132476 secs] [Times: user=0.13 sys=0.00, real=0.01 secs] 
2020-09-29T17:44:04.882+0200: 49.262: [GC (Allocation Failure) [PSYoungGen: 617765K->29828K(637952K)] 656685K->68748K(2036224K), 0.0110457 secs] [Times: user=0.00 sys=0.00, real=0.01 secs] 
2020-09-29T17:44:04.950+0200: 49.329: [GC (Allocation Failure) [PSYoungGen: 608388K->34149K(642048K)] 647308K->73069K(2040320K), 0.0122111 secs] [Times: user=0.13 sys=0.00, real=0.01 secs] 
2020-09-29T17:44:05.012+0200: 49.392: [GC (Allocation Failure) [PSYoungGen: 617829K->28164K(640512K)] 656749K->67084K(2038784K), 0.0110605 secs] [Times: user=0.13 sys=0.00, real=0.01 secs] 
2020-09-29T17:44:05.074+0200: 49.453: [GC (Allocation Failure) [PSYoungGen: 611844K->37701K(644096K)] 650764K->76621K(2042368K), 0.0125325 secs] [Times: user=0.13 sys=0.00, real=0.01 secs] 
2020-09-29T17:44:05.137+0200: 49.516: [GC (Allocation Failure) [PSYoungGen: 625989K->38085K(643072K)] 664909K->77005K(2041344K), 0.0130447 secs] [Times: user=0.13 sys=0.00, real=0.01 secs] 
2020-09-29T17:44:05.201+0200: 49.580: [GC (Allocation Failure) [PSYoungGen: 626373K->38116K(646144K)] 665293K->77036K(2044416K), 0.0138050 secs] [Times: user=0.13 sys=0.00, real=0.01 secs] 
2020-09-29T17:44:05.265+0200: 49.645: [GC (Allocation Failure) [PSYoungGen: 630500K->41348K(645120K)] 669420K->80268K(2043392K), 0.0150786 secs] [Times: user=0.13 sys=0.00, real=0.01 secs] 
2020-09-29T17:44:05.334+0200: 49.713: [GC (Allocation Failure) [PSYoungGen: 633732K->16003K(641536K)] 672652K->54923K(2039808K), 0.0088305 secs] [Times: user=0.00 sys=0.00, real=0.01 secs] 
2020-09-29T17:44:05.395+0200: 49.775: [GC (Allocation Failure) [PSYoungGen: 604291K->43781K(632320K)] 643211K->82701K(2030592K), 0.0170925 secs] [Times: user=0.13 sys=0.00, real=0.02 secs] 
2020-09-29T17:44:05.466+0200: 49.846: [GC (Allocation Failure) [PSYoungGen: 632069K->30085K(643584K)] 670989K->69005K(2041856K), 0.0110116 secs] [Times: user=0.13 sys=0.00, real=0.01 secs] 
2020-09-29T17:44:05.530+0200: 49.909: [GC (Allocation Failure) [PSYoungGen: 617349K->28388K(642560K)] 656269K->67308K(2040832K), 0.0099193 secs] [Times: user=0.13 sys=0.00, real=0.01 secs] 
2020-09-29T17:44:05.591+0200: 49.971: [GC (Allocation Failure) [PSYoungGen: 615652K->27749K(645120K)] 654572K->66669K(2043392K), 0.0097677 secs] [Times: user=0.11 sys=0.00, real=0.01 secs] 
2020-09-29T17:44:05.653+0200: 50.033: [GC (Allocation Failure) [PSYoungGen: 618597K->30180K(644608K)] 657517K->69100K(2042880K), 0.0114362 secs] [Times: user=0.13 sys=0.00, real=0.01 secs] 
2020-09-29T17:44:05.716+0200: 50.095: [GC (Allocation Failure) [PSYoungGen: 621028K->33157K(648704K)] 659948K->72077K(2046976K), 0.0126827 secs] [Times: user=0.13 sys=0.00, real=0.01 secs] 
2020-09-29T17:44:05.779+0200: 50.159: [GC (Allocation Failure) [PSYoungGen: 629637K->41381K(646656K)] 668557K->80301K(2044928K), 0.0143771 secs] [Times: user=0.13 sys=0.00, real=0.01 secs] 
2020-09-29T17:44:05.845+0200: 50.225: [GC (Allocation Failure) [PSYoungGen: 637861K->36325K(648192K)] 676781K->75245K(2046464K), 0.0118715 secs] [Times: user=0.13 sys=0.00, real=0.01 secs] 
2020-09-29T17:44:05.909+0200: 50.289: [GC (Allocation Failure) [PSYoungGen: 632805K->31237K(647168K)] 671725K->70157K(2045440K), 0.0109906 secs] [Times: user=0.13 sys=0.00, real=0.01 secs] 
2020-09-29T17:44:05.971+0200: 50.351: [GC (Allocation Failure) [PSYoungGen: 627717K->39012K(648192K)] 666637K->77932K(2046464K), 0.0140669 secs] [Times: user=0.13 sys=0.00, real=0.02 secs] 
2020-09-29T17:44:06.037+0200: 50.417: [GC (Allocation Failure) [PSYoungGen: 637540K->35172K(648704K)] 676460K->74092K(2046976K), 0.0130943 secs] [Times: user=0.00 sys=0.00, real=0.01 secs] 
2020-09-29T17:44:06.102+0200: 50.482: [GC (Allocation Failure) [PSYoungGen: 633700K->45797K(644096K)] 672620K->84717K(2042368K), 0.0157740 secs] [Times: user=0.13 sys=0.00, real=0.02 secs] 
2020-09-29T17:44:06.169+0200: 50.549: [GC (Allocation Failure) [PSYoungGen: 641253K->24323K(647168K)] 680173K->63243K(2045440K), 0.0105660 secs] [Times: user=0.13 sys=0.00, real=0.01 secs] 
2020-09-29T17:44:06.231+0200: 50.611: [GC (Allocation Failure) [PSYoungGen: 619779K->45509K(642048K)] 658699K->84429K(2040320K), 0.0154399 secs] [Times: user=0.13 sys=0.00, real=0.02 secs] 
2020-09-29T17:44:06.297+0200: 50.677: [GC (Allocation Failure) [PSYoungGen: 635845K->47941K(638464K)] 674765K->86861K(2036736K), 0.0162067 secs] [Times: user=0.13 sys=0.00, real=0.02 secs] 
2020-09-29T17:44:06.363+0200: 50.743: [GC (Allocation Failure) [PSYoungGen: 638277K->23109K(641024K)] 677197K->62029K(2039296K), 0.0075336 secs] [Times: user=0.08 sys=0.01, real=0.01 secs] 
2020-09-29T17:44:06.421+0200: 50.801: [GC (Allocation Failure) [PSYoungGen: 607301K->46725K(631296K)] 646221K->85645K(2029568K), 0.0156418 secs] [Times: user=0.13 sys=0.00, real=0.02 secs] 
2020-09-29T17:44:06.487+0200: 50.867: [GC (Allocation Failure) [PSYoungGen: 630917K->42949K(639488K)] 669837K->81869K(2037760K), 0.0147486 secs] [Times: user=0.13 sys=0.00, real=0.02 secs] 
2020-09-29T17:44:06.552+0200: 50.931: [GC (Allocation Failure) [PSYoungGen: 623045K->35109K(639488K)] 661965K->74029K(2037760K), 0.0119474 secs] [Times: user=0.00 sys=0.00, real=0.01 secs] 
2020-09-29T17:44:06.617+0200: 50.996: [GC (Allocation Failure) [PSYoungGen: 615205K->41029K(642048K)] 654125K->79949K(2040320K), 0.0146393 secs] [Times: user=0.13 sys=0.00, real=0.01 secs] 
2020-09-29T17:44:06.682+0200: 51.062: [GC (Allocation Failure) [PSYoungGen: 625733K->23364K(641536K)] 664653K->62284K(2039808K), 0.0086517 secs] [Times: user=0.00 sys=0.00, real=0.01 secs] 
2020-09-29T17:44:06.740+0200: 51.120: [GC (Allocation Failure) [PSYoungGen: 608068K->33765K(643072K)] 646988K->72685K(2041344K), 0.0114089 secs] [Times: user=0.00 sys=0.00, real=0.01 secs] 
2020-09-29T17:44:06.803+0200: 51.183: [GC (Allocation Failure) [PSYoungGen: 619493K->31589K(641536K)] 658413K->70509K(2039808K), 0.0109084 secs] [Times: user=0.00 sys=0.00, real=0.01 secs] 
2020-09-29T17:44:06.864+0200: 51.244: [GC (Allocation Failure) [PSYoungGen: 617317K->26275K(644608K)] 656237K->65195K(2042880K), 0.0107545 secs] [Times: user=0.00 sys=0.00, real=0.01 secs] 
2020-09-29T17:44:06.926+0200: 51.306: [GC (Allocation Failure) [PSYoungGen: 616611K->28580K(644608K)] 655531K->67500K(2042880K), 0.0108094 secs] [Times: user=0.00 sys=0.00, real=0.01 secs] 
2020-09-29T17:44:06.987+0200: 51.367: [GC (Allocation Failure) [PSYoungGen: 618916K->31045K(647168K)] 657836K->69965K(2045440K), 0.0111173 secs] [Times: user=0.13 sys=0.00, real=0.01 secs] 
2020-09-29T17:44:07.050+0200: 51.430: [GC (Allocation Failure) [PSYoungGen: 624965K->37061K(645632K)] 663885K->75981K(2043904K), 0.0123300 secs] [Times: user=0.13 sys=0.00, real=0.01 secs] 
2020-09-29T17:44:07.117+0200: 51.497: [GC (Allocation Failure) [PSYoungGen: 630981K->43109K(644608K)] 669901K->82029K(2042880K), 0.0142862 secs] [Times: user=0.13 sys=0.00, real=0.01 secs] 
2020-09-29T17:44:07.183+0200: 51.563: [GC (Allocation Failure) [PSYoungGen: 636517K->34788K(646144K)] 675437K->73708K(2044416K), 0.0125441 secs] [Times: user=0.13 sys=0.00, real=0.01 secs] 
2020-09-29T17:44:07.246+0200: 51.626: [GC (Allocation Failure) [PSYoungGen: 628196K->39108K(647680K)] 667116K->78028K(2045952K), 0.0139214 secs] [Times: user=0.13 sys=0.00, real=0.01 secs] 
2020-09-29T17:44:07.311+0200: 51.691: [GC (Allocation Failure) [PSYoungGen: 635588K->33796K(647680K)] 674508K->72716K(2045952K), 0.0121996 secs] [Times: user=0.13 sys=0.00, real=0.01 secs] 
2020-09-29T17:44:07.375+0200: 51.755: [GC (Allocation Failure) [PSYoungGen: 630276K->42276K(646144K)] 669196K->81196K(2044416K), 0.0152966 secs] [Times: user=0.13 sys=0.00, real=0.02 secs] 
2020-09-29T17:44:07.441+0200: 51.820: [GC (Allocation Failure) [PSYoungGen: 638756K->37189K(647680K)] 677676K->76109K(2045952K), 0.0130392 secs] [Times: user=0.13 sys=0.00, real=0.01 secs] 
2020-09-29T17:44:07.505+0200: 51.885: [GC (Allocation Failure) [PSYoungGen: 633669K->31812K(649728K)] 672589K->70732K(2048000K), 0.0112741 secs] [Times: user=0.00 sys=0.00, real=0.01 secs] 
2020-09-29T17:44:07.568+0200: 51.948: [GC (Allocation Failure) [PSYoungGen: 631364K->43493K(643072K)] 670284K->82413K(2041344K), 0.0169521 secs] [Times: user=0.11 sys=0.00, real=0.02 secs] 
2020-09-29T17:44:07.638+0200: 52.018: [GC (Allocation Failure) [PSYoungGen: 643045K->12162K(642560K)] 681965K->51082K(2040832K), 0.0059786 secs] [Times: user=0.00 sys=0.00, real=0.01 secs] 
2020-09-29T17:44:07.695+0200: 52.075: [GC (Allocation Failure) [PSYoungGen: 603522K->42981K(634368K)] 642442K->81901K(2032640K), 0.0143538 secs] [Times: user=0.13 sys=0.00, real=0.01 secs] 
2020-09-29T17:44:07.760+0200: 52.139: [GC (Allocation Failure) [PSYoungGen: 634341K->32709K(645632K)] 673261K->71629K(2043904K), 0.0109972 secs] [Times: user=0.13 sys=0.00, real=0.01 secs] 
2020-09-29T17:44:07.823+0200: 52.202: [GC (Allocation Failure) [PSYoungGen: 623557K->19811K(644096K)] 662477K->58731K(2042368K), 0.0078795 secs] [Times: user=0.00 sys=0.00, real=0.01 secs] 
2020-09-29T17:44:07.880+0200: 52.260: [GC (Allocation Failure) [PSYoungGen: 610659K->36421K(645632K)] 649579K->75341K(2043904K), 0.0124749 secs] [Times: user=0.00 sys=0.00, real=0.01 secs] 
2020-09-29T17:44:07.945+0200: 52.324: [GC (Allocation Failure) [PSYoungGen: 627781K->53221K(644608K)] 666701K->92413K(2042880K), 0.0252787 secs] [Times: user=0.13 sys=0.00, real=0.03 secs] 
2020-09-29T17:44:08.020+0200: 52.400: [GC (Allocation Failure) [PSYoungGen: 644581K->43333K(634368K)] 683773K->82525K(2032640K), 0.0155152 secs] [Times: user=0.13 sys=0.00, real=0.02 secs] 
2020-09-29T17:44:08.086+0200: 52.466: [GC (Allocation Failure) [PSYoungGen: 623429K->21797K(639488K)] 662621K->60989K(2037760K), 0.0081247 secs] [Times: user=0.00 sys=0.00, real=0.01 secs] 
2020-09-29T17:44:08.145+0200: 52.524: [GC (Allocation Failure) [PSYoungGen: 601893K->55141K(629248K)] 641085K->94333K(2027520K), 0.0175903 secs] [Times: user=0.13 sys=0.00, real=0.02 secs] 
2020-09-29T17:44:08.211+0200: 52.591: [GC (Allocation Failure) [PSYoungGen: 624997K->18468K(588800K)] 664189K->57660K(1987072K), 0.0070019 secs] [Times: user=0.00 sys=0.00, real=0.01 secs] 
2020-09-29T17:44:08.267+0200: 52.647: [GC (Allocation Failure) [PSYoungGen: 588324K->41221K(634368K)] 627516K->80413K(2032640K), 0.0133830 secs] [Times: user=0.13 sys=0.00, real=0.01 secs] 
2020-09-29T17:44:08.329+0200: 52.709: [GC (Allocation Failure) [PSYoungGen: 610565K->36325K(633856K)] 649757K->75517K(2032128K), 0.0121651 secs] [Times: user=0.13 sys=0.00, real=0.01 secs] 
2020-09-29T17:44:08.391+0200: 52.771: [GC (Allocation Failure) [PSYoungGen: 605669K->29477K(638464K)] 644861K->68669K(2036736K), 0.0101596 secs] [Times: user=0.13 sys=0.00, real=0.01 secs] 
2020-09-29T17:44:08.451+0200: 52.831: [GC (Allocation Failure) [PSYoungGen: 606501K->46053K(623104K)] 645693K->85245K(2021376K), 0.0153896 secs] [Times: user=0.13 sys=0.00, real=0.02 secs] 
2020-09-29T17:44:08.515+0200: 52.895: [GC (Allocation Failure) [PSYoungGen: 623077K->34756K(639488K)] 662269K->73948K(2037760K), 0.0126084 secs] [Times: user=0.13 sys=0.00, real=0.01 secs] 
2020-09-29T17:44:08.578+0200: 52.958: [GC (Allocation Failure) [PSYoungGen: 612292K->36676K(636928K)] 651484K->75868K(2035200K), 0.0142051 secs] [Times: user=0.11 sys=0.00, real=0.01 secs] 
2020-09-29T17:44:08.643+0200: 53.023: [GC (Allocation Failure) [PSYoungGen: 614212K->38884K(642560K)] 653404K->78076K(2040832K), 0.0141742 secs] [Times: user=0.13 sys=0.00, real=0.01 secs] 
2020-09-29T17:44:08.708+0200: 53.088: [GC (Allocation Failure) [PSYoungGen: 624100K->49829K(635392K)] 663292K->89021K(2033664K), 0.0165368 secs] [Times: user=0.13 sys=0.00, real=0.02 secs] 
2020-09-29T17:44:08.774+0200: 53.154: [GC (Allocation Failure) [PSYoungGen: 633827K->16482K(636416K)] 673019K->55674K(2034688K), 0.0076443 secs] [Times: user=0.00 sys=0.00, real=0.01 secs] 
2020-09-29T17:44:08.831+0200: 53.211: [GC (Allocation Failure) [PSYoungGen: 593506K->17731K(594944K)] 632698K->56923K(1993216K), 0.0088848 secs] [Times: user=0.11 sys=0.00, real=0.01 secs] 
2020-09-29T17:44:08.889+0200: 53.269: [GC (Allocation Failure) [PSYoungGen: 594755K->18051K(637440K)] 633947K->57243K(2035712K), 0.0076265 secs] [Times: user=0.13 sys=0.00, real=0.01 secs] 
2020-09-29T17:44:08.948+0200: 53.328: [GC (Allocation Failure) [PSYoungGen: 594051K->33477K(637440K)] 633243K->72669K(2035712K), 0.0122296 secs] [Times: user=0.13 sys=0.00, real=0.01 secs] 
2020-09-29T17:44:09.010+0200: 53.390: [GC (Allocation Failure) [PSYoungGen: 609477K->48933K(632832K)] 648669K->88125K(2031104K), 0.0164801 secs] [Times: user=0.13 sys=0.00, real=0.02 secs] 
2020-09-29T17:44:09.076+0200: 53.456: [GC (Allocation Failure) [PSYoungGen: 622885K->19299K(636416K)] 662077K->58491K(2034688K), 0.0075677 secs] [Times: user=0.13 sys=0.00, real=0.01 secs] 
2020-09-29T17:44:09.136+0200: 53.516: [GC (Allocation Failure) [PSYoungGen: 593251K->32196K(639488K)] 632443K->71388K(2037760K), 0.0120377 secs] [Times: user=0.13 sys=0.00, real=0.01 secs] 
2020-09-29T17:44:09.197+0200: 53.577: [GC (Allocation Failure) [PSYoungGen: 609732K->35365K(636928K)] 648924K->74557K(2035200K), 0.0125802 secs] [Times: user=0.13 sys=0.00, real=0.01 secs] 
2020-09-29T17:44:09.260+0200: 53.640: [GC (Allocation Failure) [PSYoungGen: 612901K->38693K(641536K)] 652093K->77885K(2039808K), 0.0134230 secs] [Times: user=0.13 sys=0.00, real=0.01 secs] 
2020-09-29T17:44:09.323+0200: 53.703: [GC (Allocation Failure) [PSYoungGen: 622373K->48069K(631808K)] 661565K->87261K(2030080K), 0.0164974 secs] [Times: user=0.13 sys=0.00, real=0.02 secs] 
2020-09-29T17:44:09.390+0200: 53.769: [GC (Allocation Failure) [PSYoungGen: 631749K->43877K(636416K)] 670941K->83069K(2034688K), 0.0146017 secs] [Times: user=0.13 sys=0.00, real=0.01 secs] 
2020-09-29T17:44:09.454+0200: 53.833: [GC (Allocation Failure) [PSYoungGen: 619877K->45605K(622080K)] 659069K->84797K(2020352K), 0.0155064 secs] [Times: user=0.13 sys=0.00, real=0.02 secs] 
2020-09-29T17:44:09.519+0200: 53.898: [GC (Allocation Failure) [PSYoungGen: 621605K->47397K(633344K)] 660797K->86589K(2031616K), 0.0162802 secs] [Times: user=0.13 sys=0.00, real=0.02 secs] 
2020-09-29T17:44:09.585+0200: 53.965: [GC (Allocation Failure) [PSYoungGen: 618277K->16099K(587264K)] 657469K->55291K(1985536K), 0.0069869 secs] [Times: user=0.00 sys=0.00, real=0.01 secs] 
2020-09-29T17:44:09.643+0200: 54.022: [GC (Allocation Failure) [PSYoungGen: 586979K->39204K(635392K)] 626171K->78396K(2033664K), 0.0139974 secs] [Times: user=0.13 sys=0.00, real=0.01 secs] 
2020-09-29T17:44:09.705+0200: 54.085: [GC (Allocation Failure) [PSYoungGen: 609572K->49061K(619520K)] 648764K->88253K(2017792K), 0.0161705 secs] [Times: user=0.13 sys=0.00, real=0.02 secs] 
2020-09-29T17:44:09.771+0200: 54.150: [GC (Allocation Failure) [PSYoungGen: 619429K->31461K(635392K)] 658621K->70653K(2033664K), 0.0115000 secs] [Times: user=0.00 sys=0.00, real=0.01 secs] 
2020-09-29T17:44:09.831+0200: 54.210: [GC (Allocation Failure) [PSYoungGen: 601317K->39940K(633344K)] 640509K->79132K(2031616K), 0.0141114 secs] [Times: user=0.13 sys=0.00, real=0.01 secs] 
2020-09-29T17:44:09.895+0200: 54.274: [GC (Allocation Failure) [PSYoungGen: 609796K->49285K(632832K)] 648988K->88477K(2031104K), 0.0166722 secs] [Times: user=0.13 sys=0.00, real=0.02 secs] 
2020-09-29T17:44:09.962+0200: 54.341: [GC (Allocation Failure) [PSYoungGen: 620165K->31972K(634880K)] 659357K->71164K(2033152K), 0.0112148 secs] [Times: user=0.13 sys=0.00, real=0.01 secs] 
2020-09-29T17:44:10.022+0200: 54.401: [GC (Allocation Failure) [PSYoungGen: 602852K->28581K(636928K)] 642044K->67773K(2035200K), 0.0102056 secs] [Times: user=0.00 sys=0.00, real=0.01 secs] 
2020-09-29T17:44:10.085+0200: 54.465: [GC (Allocation Failure) [PSYoungGen: 603045K->42148K(636416K)] 642237K->81340K(2034688K), 0.0173428 secs] [Times: user=0.13 sys=0.00, real=0.02 secs] 
2020-09-29T17:44:10.156+0200: 54.536: [GC (Allocation Failure) [PSYoungGen: 616612K->28677K(638464K)] 655804K->67869K(2036736K), 0.0116411 secs] [Times: user=0.11 sys=0.00, real=0.01 secs] 
2020-09-29T17:44:10.224+0200: 54.603: [GC (Allocation Failure) [PSYoungGen: 605701K->45125K(637440K)] 644893K->84317K(2035712K), 0.0154732 secs] [Times: user=0.13 sys=0.00, real=0.02 secs] 
2020-09-29T17:44:10.288+0200: 54.668: [GC (Allocation Failure) [PSYoungGen: 622149K->34245K(639488K)] 661341K->73437K(2037760K), 0.0113541 secs] [Times: user=0.00 sys=0.00, real=0.01 secs] 
2020-09-29T17:44:10.349+0200: 54.729: [GC (Allocation Failure) [PSYoungGen: 612293K->37029K(637440K)] 651485K->76221K(2035712K), 0.0133391 secs] [Times: user=0.00 sys=0.00, real=0.01 secs] 
2020-09-29T17:44:10.412+0200: 54.791: [GC (Allocation Failure) [PSYoungGen: 615077K->40869K(642048K)] 654269K->80061K(2040320K), 0.0137214 secs] [Times: user=0.00 sys=0.00, real=0.01 secs] 
2020-09-29T17:44:10.475+0200: 54.855: [GC (Allocation Failure) [PSYoungGen: 625573K->51301K(636416K)] 664765K->90493K(2034688K), 0.0176642 secs] [Times: user=0.13 sys=0.00, real=0.02 secs] 
2020-09-29T17:44:10.544+0200: 54.923: [GC (Allocation Failure) [PSYoungGen: 636005K->48133K(635904K)] 675197K->87325K(2034176K), 0.0170944 secs] [Times: user=0.13 sys=0.00, real=0.02 secs] 
2020-09-29T17:44:10.612+0200: 54.991: [GC (Allocation Failure) [PSYoungGen: 624133K->35908K(637440K)] 663325K->75100K(2035712K), 0.0147057 secs] [Times: user=0.11 sys=0.00, real=0.01 secs] 
2020-09-29T17:44:10.676+0200: 55.056: [GC (Allocation Failure) [PSYoungGen: 611908K->37637K(641024K)] 651100K->76829K(2039296K), 0.0129310 secs] [Times: user=0.00 sys=0.00, real=0.01 secs] 
2020-09-29T17:44:10.739+0200: 55.119: [GC (Allocation Failure) [PSYoungGen: 618757K->27332K(638976K)] 657949K->66524K(2037248K), 0.0103358 secs] [Times: user=0.00 sys=0.00, real=0.01 secs] 
2020-09-29T17:44:10.799+0200: 55.179: [GC (Allocation Failure) [PSYoungGen: 608452K->33764K(642048K)] 647644K->72956K(2040320K), 0.0121984 secs] [Times: user=0.13 sys=0.00, real=0.01 secs] 
2020-09-29T17:44:10.861+0200: 55.241: [GC (Allocation Failure) [PSYoungGen: 617444K->28165K(640512K)] 656636K->67357K(2038784K), 0.0094594 secs] [Times: user=0.13 sys=0.00, real=0.01 secs] 
2020-09-29T17:44:10.923+0200: 55.303: [GC (Allocation Failure) [PSYoungGen: 611845K->37669K(644096K)] 651037K->76861K(2042368K), 0.0134424 secs] [Times: user=0.13 sys=0.00, real=0.01 secs] 
2020-09-29T17:44:10.987+0200: 55.367: [GC (Allocation Failure) [PSYoungGen: 624933K->50693K(638464K)] 664125K->89885K(2036736K), 0.0172660 secs] [Times: user=0.25 sys=0.00, real=0.02 secs] 
2020-09-29T17:44:11.055+0200: 55.435: [GC (Allocation Failure) [PSYoungGen: 637957K->50053K(635392K)] 677149K->89245K(2033664K), 0.0172321 secs] [Times: user=0.13 sys=0.00, real=0.02 secs] 
2020-09-29T17:44:11.122+0200: 55.502: [GC (Allocation Failure) [PSYoungGen: 627077K->51716K(629248K)] 666269K->90908K(2027520K), 0.0179707 secs] [Times: user=0.13 sys=0.00, real=0.02 secs] 
2020-09-29T17:44:11.189+0200: 55.569: [GC (Allocation Failure) [PSYoungGen: 628740K->11650K(630272K)] 667932K->50842K(2028544K), 0.0058451 secs] [Times: user=0.13 sys=0.00, real=0.01 secs] 
2020-09-29T17:44:11.244+0200: 55.623: [GC (Allocation Failure) [PSYoungGen: 578434K->44965K(632832K)] 617626K->84157K(2031104K), 0.0153488 secs] [Times: user=0.13 sys=0.00, real=0.02 secs] 
2020-09-29T17:44:11.308+0200: 55.687: [GC (Allocation Failure) [PSYoungGen: 611749K->37445K(635392K)] 650941K->76637K(2033664K), 0.0122576 secs] [Times: user=0.13 sys=0.00, real=0.01 secs] 
2020-09-29T17:44:11.369+0200: 55.748: [GC (Allocation Failure) [PSYoungGen: 606789K->16227K(632832K)] 645981K->55419K(2031104K), 0.0073983 secs] [Times: user=0.00 sys=0.00, real=0.01 secs] 
2020-09-29T17:44:11.425+0200: 55.805: [GC (Allocation Failure) [PSYoungGen: 585571K->38437K(636416K)] 624763K->77629K(2034688K), 0.0135622 secs] [Times: user=0.13 sys=0.00, real=0.01 secs] 
2020-09-29T17:44:11.488+0200: 55.867: [GC (Allocation Failure) [PSYoungGen: 610341K->22148K(634368K)] 649533K->61340K(2032640K), 0.0086779 secs] [Times: user=0.13 sys=0.00, real=0.01 secs] 
2020-09-29T17:44:11.546+0200: 55.925: [GC (Allocation Failure) [PSYoungGen: 594052K->33509K(638976K)] 633244K->72701K(2037248K), 0.0122458 secs] [Times: user=0.13 sys=0.00, real=0.01 secs] 
2020-09-29T17:44:11.610+0200: 55.989: [GC (Allocation Failure) [PSYoungGen: 610021K->35781K(636416K)] 649213K->74973K(2034688K), 0.0130934 secs] [Times: user=0.11 sys=0.00, real=0.01 secs] 
2020-09-29T17:44:11.672+0200: 56.052: [GC (Allocation Failure) [PSYoungGen: 612293K->36485K(642560K)] 651485K->75677K(2040832K), 0.0130093 secs] [Times: user=0.13 sys=0.00, real=0.01 secs] 
2020-09-29T17:44:11.735+0200: 56.115: [GC (Allocation Failure) [PSYoungGen: 621189K->45893K(641024K)] 660381K->85085K(2039296K), 0.0156356 secs] [Times: user=0.13 sys=0.00, real=0.02 secs] 
2020-09-29T17:44:11.801+0200: 56.181: [GC (Allocation Failure) [PSYoungGen: 630597K->13444K(636928K)] 669789K->52636K(2035200K), 0.0051306 secs] [Times: user=0.00 sys=0.00, real=0.00 secs] 
2020-09-29T17:44:11.856+0200: 56.235: [GC (Allocation Failure) [PSYoungGen: 592516K->45605K(625152K)] 631708K->84797K(2023424K), 0.0157826 secs] [Times: user=0.13 sys=0.00, real=0.02 secs] 
2020-09-29T17:44:11.922+0200: 56.301: [GC (Allocation Failure) [PSYoungGen: 624677K->36709K(639488K)] 663869K->75901K(2037760K), 0.0125020 secs] [Times: user=0.13 sys=0.00, real=0.01 secs] 
2020-09-29T17:44:11.984+0200: 56.364: [GC (Allocation Failure) [PSYoungGen: 614757K->40549K(637440K)] 653949K->79741K(2035712K), 0.0132014 secs] [Times: user=0.13 sys=0.00, real=0.01 secs] 
2020-09-29T17:44:12.048+0200: 56.428: [GC (Allocation Failure) [PSYoungGen: 618597K->30693K(641024K)] 657789K->69885K(2039296K), 0.0119640 secs] [Times: user=0.13 sys=0.00, real=0.01 secs] 
2020-09-29T17:44:12.110+0200: 56.490: [GC (Allocation Failure) [PSYoungGen: 612837K->35972K(640000K)] 652029K->75164K(2038272K), 0.0128537 secs] [Times: user=0.13 sys=0.00, real=0.01 secs] 
2020-09-29T17:44:12.173+0200: 56.553: [GC (Allocation Failure) [PSYoungGen: 618116K->30180K(644096K)] 657308K->69372K(2042368K), 0.0107276 secs] [Times: user=0.13 sys=0.00, real=0.01 secs] 
2020-09-29T17:44:12.234+0200: 56.614: [GC (Allocation Failure) [PSYoungGen: 618468K->29604K(643072K)] 657660K->68796K(2041344K), 0.0110191 secs] [Times: user=0.13 sys=0.00, real=0.01 secs] 
2020-09-29T17:44:12.295+0200: 56.675: [GC (Allocation Failure) [PSYoungGen: 617892K->29636K(646656K)] 657084K->68828K(2044928K), 0.0099833 secs] [Times: user=0.13 sys=0.00, real=0.01 secs] 
2020-09-29T17:44:12.358+0200: 56.738: [GC (Allocation Failure) [PSYoungGen: 623044K->35012K(645632K)] 662236K->74204K(2043904K), 0.0131307 secs] [Times: user=0.13 sys=0.00, real=0.01 secs] 
2020-09-29T17:44:12.422+0200: 56.801: [GC (Allocation Failure) [PSYoungGen: 628420K->11587K(643584K)] 667612K->50779K(2041856K), 0.0047454 secs] [Times: user=0.13 sys=0.00, real=0.00 secs] 
2020-09-29T17:44:12.477+0200: 56.857: [GC (Allocation Failure) [PSYoungGen: 603971K->43429K(635904K)] 643163K->82621K(2034176K), 0.0144032 secs] [Times: user=0.13 sys=0.00, real=0.01 secs] 
2020-09-29T17:44:12.542+0200: 56.922: [GC (Allocation Failure) [PSYoungGen: 635813K->34213K(645120K)] 675005K->73405K(2043392K), 0.0117938 secs] [Times: user=0.13 sys=0.00, real=0.01 secs] 
2020-09-29T17:44:12.606+0200: 56.986: [GC (Allocation Failure) [PSYoungGen: 624037K->35940K(643584K)] 663229K->75132K(2041856K), 0.0142061 secs] [Times: user=0.11 sys=0.00, real=0.02 secs] 
2020-09-29T17:44:12.671+0200: 57.051: [GC (Allocation Failure) [PSYoungGen: 625764K->51429K(636928K)] 664956K->90621K(2035200K), 0.0169329 secs] [Times: user=0.13 sys=0.00, real=0.02 secs] 
2020-09-29T17:44:12.739+0200: 57.119: [GC (Allocation Failure) [PSYoungGen: 635621K->34053K(641536K)] 674813K->73245K(2039808K), 0.0117431 secs] [Times: user=0.00 sys=0.00, real=0.01 secs] 
2020-09-29T17:44:12.805+0200: 57.184: [GC (Allocation Failure) [PSYoungGen: 618245K->29316K(644608K)] 657437K->68508K(2042880K), 0.0134491 secs] [Times: user=0.13 sys=0.00, real=0.01 secs] 
2020-09-29T17:44:12.871+0200: 57.251: [GC (Allocation Failure) [PSYoungGen: 618628K->44421K(633856K)] 657820K->83613K(2032128K), 0.0163439 secs] [Times: user=0.13 sys=0.00, real=0.02 secs] 
2020-09-29T17:44:12.942+0200: 57.322: [GC (Allocation Failure) [PSYoungGen: 633733K->45797K(639488K)] 672925K->84989K(2037760K), 0.0169084 secs] [Times: user=0.13 sys=0.00, real=0.02 secs] 
2020-09-29T17:44:13.010+0200: 57.390: [GC (Allocation Failure) [PSYoungGen: 628965K->40997K(641024K)] 668157K->80189K(2039296K), 0.0133958 secs] [Times: user=0.13 sys=0.00, real=0.01 secs] 
2020-09-29T17:44:13.075+0200: 57.455: [GC (Allocation Failure) [PSYoungGen: 624165K->36357K(643584K)] 663357K->75549K(2041856K), 0.0121492 secs] [Times: user=0.13 sys=0.00, real=0.01 secs] 
2020-09-29T17:44:13.137+0200: 57.517: [GC (Allocation Failure) [PSYoungGen: 622597K->20869K(641536K)] 661789K->60061K(2039808K), 0.0068711 secs] [Times: user=0.00 sys=0.00, real=0.01 secs] 
2020-09-29T17:44:13.194+0200: 57.574: [GC (Allocation Failure) [PSYoungGen: 607109K->46565K(638464K)] 646301K->85757K(2036736K), 0.0153279 secs] [Times: user=0.13 sys=0.00, real=0.02 secs] 
2020-09-29T17:44:13.260+0200: 57.640: [GC (Allocation Failure) [PSYoungGen: 628709K->40869K(640512K)] 667901K->80061K(2038784K), 0.0144198 secs] [Times: user=0.13 sys=0.00, real=0.01 secs] 
2020-09-29T17:44:13.324+0200: 57.703: [GC (Allocation Failure) [PSYoungGen: 623013K->48677K(635904K)] 662205K->87869K(2034176K), 0.0165470 secs] [Times: user=0.13 sys=0.00, real=0.02 secs] 
2020-09-29T17:44:13.390+0200: 57.770: [GC (Allocation Failure) [PSYoungGen: 626725K->38853K(638464K)] 665917K->78045K(2036736K), 0.0134146 secs] [Times: user=0.13 sys=0.00, real=0.02 secs] 
2020-09-29T17:44:13.466+0200: 57.845: [GC (Allocation Failure) [PSYoungGen: 616901K->27621K(640512K)] 656093K->66813K(2038784K), 0.0096543 secs] [Times: user=0.13 sys=0.00, real=0.01 secs] 
2020-09-29T17:44:13.526+0200: 57.905: [GC (Allocation Failure) [PSYoungGen: 609765K->58341K(640512K)] 648957K->102005K(2038784K), 0.0212784 secs] [Times: user=0.13 sys=0.00, real=0.02 secs] 
2020-09-29T17:44:13.598+0200: 57.977: [GC (Allocation Failure) [PSYoungGen: 638757K->25698K(626176K)] 682421K->69362K(2024448K), 0.0119811 secs] [Times: user=0.11 sys=0.00, real=0.01 secs] 
2020-09-29T17:44:13.660+0200: 58.039: [GC (Allocation Failure) [PSYoungGen: 593506K->32901K(633344K)] 637170K->76565K(2031616K), 0.0116930 secs] [Times: user=0.11 sys=0.00, real=0.01 secs] 
2020-09-29T17:44:13.720+0200: 58.099: [GC (Allocation Failure) [PSYoungGen: 600709K->53829K(628224K)] 644373K->97493K(2026496K), 0.0177422 secs] [Times: user=0.13 sys=0.00, real=0.02 secs] 
2020-09-29T17:44:13.787+0200: 58.166: [GC (Allocation Failure) [PSYoungGen: 618565K->30597K(631808K)] 662229K->74261K(2030080K), 0.0112888 secs] [Times: user=0.00 sys=0.00, real=0.01 secs] 
2020-09-29T17:44:13.847+0200: 58.226: [GC (Allocation Failure) [PSYoungGen: 595333K->34533K(635392K)] 638997K->78197K(2033664K), 0.0118411 secs] [Times: user=0.13 sys=0.00, real=0.01 secs] 
2020-09-29T17:44:13.909+0200: 58.288: [GC (Allocation Failure) [PSYoungGen: 604389K->29956K(633344K)] 648053K->73620K(2031616K), 0.0145700 secs] [Times: user=0.13 sys=0.00, real=0.01 secs] 
2020-09-29T17:44:13.972+0200: 58.351: [GC (Allocation Failure) [PSYoungGen: 599812K->39301K(637952K)] 643476K->82965K(2036224K), 0.0172683 secs] [Times: user=0.25 sys=0.00, real=0.02 secs] 
2020-09-29T17:44:14.041+0200: 58.420: [GC (Allocation Failure) [PSYoungGen: 614789K->40581K(636416K)] 658453K->84245K(2034688K), 0.0172332 secs] [Times: user=0.13 sys=0.00, real=0.02 secs] 
2020-09-29T17:44:14.109+0200: 58.488: [GC (Allocation Failure) [PSYoungGen: 616069K->41797K(640000K)] 659733K->85461K(2038272K), 0.0187054 secs] [Times: user=0.13 sys=0.00, real=0.02 secs] 
2020-09-29T17:44:14.179+0200: 58.558: [GC (Allocation Failure) [PSYoungGen: 621893K->19972K(638976K)] 665557K->63636K(2037248K), 0.0095826 secs] [Times: user=0.00 sys=0.00, real=0.01 secs] 
2020-09-29T17:44:14.241+0200: 58.620: [GC (Allocation Failure) [PSYoungGen: 600068K->22660K(638976K)] 643732K->66324K(2037248K), 0.0118675 secs] [Times: user=0.00 sys=0.00, real=0.01 secs] 
2020-09-29T17:44:14.303+0200: 58.682: [GC (Allocation Failure) [PSYoungGen: 601732K->41157K(638976K)] 645396K->84821K(2037248K), 0.0181880 secs] [Times: user=0.13 sys=0.00, real=0.02 secs] 
2020-09-29T17:44:14.370+0200: 58.749: [GC (Allocation Failure) [PSYoungGen: 620229K->45989K(635904K)] 663893K->89653K(2034176K), 0.0194842 secs] [Times: user=0.13 sys=0.00, real=0.02 secs] 
2020-09-29T17:44:14.440+0200: 58.819: [GC (Allocation Failure) [PSYoungGen: 621989K->32131K(637440K)] 665653K->75795K(2035712K), 0.0156238 secs] [Times: user=0.13 sys=0.00, real=0.01 secs] 
2020-09-29T17:44:14.504+0200: 58.883: [GC (Allocation Failure) [PSYoungGen: 608131K->33381K(641024K)] 651795K->77045K(2039296K), 0.0152101 secs] [Times: user=0.09 sys=0.00, real=0.02 secs] 
2020-09-29T17:44:14.570+0200: 58.949: [GC (Allocation Failure) [PSYoungGen: 615013K->25347K(639488K)] 658677K->69011K(2037760K), 0.0141075 secs] [Times: user=0.11 sys=0.00, real=0.01 secs] 
2020-09-29T17:44:14.635+0200: 59.014: [GC (Allocation Failure) [PSYoungGen: 606979K->31653K(643072K)] 650643K->75317K(2041344K), 0.0145560 secs] [Times: user=0.13 sys=0.00, real=0.02 secs] 
2020-09-29T17:44:14.701+0200: 59.080: [GC (Allocation Failure) [PSYoungGen: 617381K->29221K(641536K)] 661045K->72885K(2039808K), 0.0125262 secs] [Times: user=0.13 sys=0.00, real=0.01 secs] 
2020-09-29T17:44:14.762+0200: 59.142: [GC (Allocation Failure) [PSYoungGen: 614949K->25188K(645120K)] 658613K->68852K(2043392K), 0.0135503 secs] [Times: user=0.13 sys=0.00, real=0.01 secs] 
2020-09-29T17:44:14.828+0200: 59.207: [GC (Allocation Failure) [PSYoungGen: 616036K->41797K(632832K)] 659700K->85461K(2031104K), 0.0182201 secs] [Times: user=0.13 sys=0.00, real=0.02 secs] 
2020-09-29T17:44:14.896+0200: 59.275: [GC (Allocation Failure) [PSYoungGen: 632645K->29411K(645120K)] 676309K->73075K(2043392K), 0.0140956 secs] [Times: user=0.00 sys=0.00, real=0.01 secs] 
2020-09-29T17:44:14.961+0200: 59.340: [GC (Allocation Failure) [PSYoungGen: 619235K->31333K(643584K)] 662899K->74997K(2041856K), 0.0139623 secs] [Times: user=0.13 sys=0.00, real=0.01 secs] 
2020-09-29T17:44:15.027+0200: 59.406: [GC (Allocation Failure) [PSYoungGen: 621157K->32676K(648192K)] 664821K->76340K(2046464K), 0.0167392 secs] [Times: user=0.11 sys=0.00, real=0.02 secs] 
2020-09-29T17:44:15.095+0200: 59.474: [GC (Allocation Failure) [PSYoungGen: 628644K->40741K(646656K)] 672308K->84405K(2044928K), 0.0178607 secs] [Times: user=0.13 sys=0.00, real=0.02 secs] 
2020-09-29T17:44:15.164+0200: 59.543: [GC (Allocation Failure) [PSYoungGen: 636709K->35013K(648704K)] 680373K->78677K(2046976K), 0.0160333 secs] [Times: user=0.13 sys=0.00, real=0.02 secs] 
2020-09-29T17:44:15.231+0200: 59.610: [GC (Allocation Failure) [PSYoungGen: 632005K->44037K(641536K)] 675669K->87701K(2039808K), 0.0191549 secs] [Times: user=0.13 sys=0.00, real=0.02 secs] 
2020-09-29T17:44:15.301+0200: 59.680: [GC (Allocation Failure) [PSYoungGen: 641029K->39429K(646656K)] 684693K->83093K(2044928K), 0.0168661 secs] [Times: user=0.23 sys=0.00, real=0.02 secs] 
2020-09-29T17:44:15.370+0200: 59.749: [GC (Allocation Failure) [PSYoungGen: 633861K->15077K(609792K)] 677525K->58741K(2008064K), 0.0060673 secs] [Times: user=0.00 sys=0.00, real=0.01 secs] 
2020-09-29T17:44:15.426+0200: 59.806: [GC (Allocation Failure) [PSYoungGen: 609509K->35013K(646144K)] 653173K->78677K(2044416K), 0.0153643 secs] [Times: user=0.02 sys=0.00, real=0.02 secs] 
2020-09-29T17:44:15.492+0200: 59.871: [GC (Allocation Failure) [PSYoungGen: 627397K->39493K(645120K)] 671061K->83157K(2043392K), 0.0174754 secs] [Times: user=0.13 sys=0.00, real=0.02 secs] 
2020-09-29T17:44:15.560+0200: 59.939: [GC (Allocation Failure) [PSYoungGen: 631877K->43941K(642048K)] 675541K->87605K(2040320K), 0.0190955 secs] [Times: user=0.13 sys=0.00, real=0.02 secs] 
2020-09-29T17:44:15.632+0200: 60.011: [GC (Allocation Failure) [PSYoungGen: 633253K->31685K(644096K)] 676917K->75349K(2042368K), 0.0160030 secs] [Times: user=0.11 sys=0.00, real=0.02 secs] 
2020-09-29T17:44:15.699+0200: 60.078: [GC (Allocation Failure) [PSYoungGen: 620997K->53221K(630272K)] 664661K->104077K(2028544K), 0.0271219 secs] [Times: user=0.25 sys=0.00, real=0.03 secs] 
2020-09-29T17:44:15.775+0200: 60.154: [GC (Allocation Failure) [PSYoungGen: 630245K->4642K(582144K)] 681101K->55498K(1980416K), 0.0033368 secs] [Times: user=0.00 sys=0.00, real=0.00 secs] 
2020-09-29T17:44:15.828+0200: 60.207: [GC (Allocation Failure) [PSYoungGen: 581666K->34821K(637440K)] 632522K->85677K(2035712K), 0.0158904 secs] [Times: user=0.13 sys=0.00, real=0.01 secs] 
2020-09-29T17:44:15.894+0200: 60.273: [GC (Allocation Failure) [PSYoungGen: 608261K->47653K(634880K)] 659117K->98509K(2033152K), 0.0202924 secs] [Times: user=0.25 sys=0.00, real=0.02 secs] 
2020-09-29T17:44:15.965+0200: 60.344: [GC (Allocation Failure) [PSYoungGen: 621093K->32165K(637440K)] 671949K->83021K(2035712K), 0.0138153 secs] [Times: user=0.13 sys=0.00, real=0.01 secs] 
2020-09-29T17:44:16.028+0200: 60.407: [GC (Allocation Failure) [PSYoungGen: 606117K->31877K(635392K)] 656973K->82733K(2033664K), 0.0137467 secs] [Times: user=0.13 sys=0.00, real=0.01 secs] 
2020-09-29T17:44:16.092+0200: 60.471: [GC (Allocation Failure) [PSYoungGen: 605829K->31589K(641536K)] 656685K->82445K(2039808K), 0.0142482 secs] [Times: user=0.13 sys=0.00, real=0.02 secs] 
2020-09-29T17:44:16.157+0200: 60.536: [GC (Allocation Failure) [PSYoungGen: 613733K->38020K(639488K)] 664589K->88876K(2037760K), 0.0174438 secs] [Times: user=0.13 sys=0.00, real=0.02 secs] 
2020-09-29T17:44:16.225+0200: 60.604: [GC (Allocation Failure) [PSYoungGen: 620164K->45957K(638976K)] 671020K->96813K(2037248K), 0.0189841 secs] [Times: user=0.13 sys=0.00, real=0.02 secs] 
2020-09-29T17:44:16.296+0200: 60.675: [GC (Allocation Failure) [PSYoungGen: 628101K->8738K(591360K)] 678957K->59594K(1989632K), 0.0057770 secs] [Times: user=0.13 sys=0.00, real=0.01 secs] 
2020-09-29T17:44:16.352+0200: 60.731: [GC (Allocation Failure) [PSYoungGen: 590882K->44005K(635904K)] 641738K->94861K(2034176K), 0.0185403 secs] [Times: user=0.13 sys=0.00, real=0.02 secs] 
2020-09-29T17:44:16.420+0200: 60.799: [GC (Allocation Failure) [PSYoungGen: 618981K->29892K(636928K)] 669837K->80748K(2035200K), 0.0133194 secs] [Times: user=0.13 sys=0.00, real=0.01 secs] 
2020-09-29T17:44:16.487+0200: 60.866: [GC (Allocation Failure) [PSYoungGen: 604868K->29124K(640512K)] 655724K->79980K(2038784K), 0.0130066 secs] [Times: user=0.11 sys=0.00, real=0.01 secs] 
2020-09-29T17:44:16.553+0200: 60.933: [GC (Allocation Failure) [PSYoungGen: 609220K->18082K(638464K)] 660076K->68938K(2036736K), 0.0108190 secs] [Times: user=0.00 sys=0.00, real=0.01 secs] 
2020-09-29T17:44:16.619+0200: 60.999: [GC (Allocation Failure) [PSYoungGen: 598178K->36452K(641536K)] 649034K->87308K(2039808K), 0.0179819 secs] [Times: user=0.11 sys=0.00, real=0.02 secs] 
2020-09-29T17:44:16.688+0200: 61.067: [GC (Allocation Failure) [PSYoungGen: 619620K->29731K(640512K)] 670476K->80587K(2038784K), 0.0147372 secs] [Times: user=0.13 sys=0.00, real=0.02 secs] 
2020-09-29T17:44:16.755+0200: 61.134: [GC (Allocation Failure) [PSYoungGen: 612899K->36004K(644096K)] 663755K->86860K(2042368K), 0.0165036 secs] [Times: user=0.13 sys=0.00, real=0.02 secs] 
2020-09-29T17:44:16.823+0200: 61.203: [GC (Allocation Failure) [PSYoungGen: 624804K->22820K(643584K)] 675660K->73676K(2041856K), 0.0117583 secs] [Times: user=0.13 sys=0.00, real=0.01 secs] 
2020-09-29T17:44:16.886+0200: 61.266: [GC (Allocation Failure) [PSYoungGen: 611620K->37445K(644608K)] 662476K->88301K(2042880K), 0.0164567 secs] [Times: user=0.13 sys=0.00, real=0.02 secs] 
2020-09-29T17:44:16.954+0200: 61.333: [GC (Allocation Failure) [PSYoungGen: 627781K->39845K(630272K)] 678637K->90701K(2028544K), 0.0176342 secs] [Times: user=0.13 sys=0.00, real=0.02 secs] 
2020-09-29T17:44:17.022+0200: 61.401: [GC (Allocation Failure) [PSYoungGen: 630181K->27684K(645632K)] 681037K->78540K(2043904K), 0.0126482 secs] [Times: user=0.00 sys=0.00, real=0.01 secs] 
2020-09-29T17:44:17.091+0200: 61.471: [GC (Allocation Failure) [PSYoungGen: 618532K->29732K(644096K)] 669388K->80588K(2042368K), 0.0148284 secs] [Times: user=0.13 sys=0.00, real=0.01 secs] 
2020-09-29T17:44:17.158+0200: 61.537: [GC (Allocation Failure) [PSYoungGen: 620580K->32645K(648704K)] 671436K->83501K(2046976K), 0.0141447 secs] [Times: user=0.13 sys=0.00, real=0.01 secs] 
2020-09-29T17:44:17.224+0200: 61.603: [GC (Allocation Failure) [PSYoungGen: 629637K->41637K(647168K)] 680493K->92493K(2045440K), 0.0180055 secs] [Times: user=0.13 sys=0.00, real=0.02 secs] 
2020-09-29T17:44:17.293+0200: 61.672: [GC (Allocation Failure) [PSYoungGen: 638629K->36388K(647680K)] 689485K->87244K(2045952K), 0.0169661 secs] [Times: user=0.13 sys=0.00, real=0.02 secs] 
2020-09-29T17:44:17.361+0200: 61.740: [GC (Allocation Failure) [PSYoungGen: 632356K->44453K(640512K)] 683212K->95309K(2038784K), 0.0191098 secs] [Times: user=0.14 sys=0.00, real=0.02 secs] 
2020-09-29T17:44:17.431+0200: 61.810: [GC (Allocation Failure) [PSYoungGen: 640421K->38885K(645632K)] 691277K->89741K(2043904K), 0.0158503 secs] [Times: user=0.13 sys=0.00, real=0.02 secs] 
2020-09-29T17:44:17.498+0200: 61.877: [GC (Allocation Failure) [PSYoungGen: 630757K->42789K(634880K)] 681613K->93645K(2033152K), 0.0186547 secs] [Times: user=0.13 sys=0.00, real=0.02 secs] 
2020-09-29T17:44:17.567+0200: 61.947: [GC (Allocation Failure) [PSYoungGen: 634661K->33061K(646144K)] 685517K->83917K(2044416K), 0.0154661 secs] [Times: user=0.00 sys=0.02, real=0.02 secs] 
2020-09-29T17:44:17.636+0200: 62.015: [GC (Allocation Failure) [PSYoungGen: 624933K->50693K(643072K)] 675789K->101549K(2041344K), 0.0219037 secs] [Times: user=0.13 sys=0.00, real=0.02 secs] 
2020-09-29T17:44:17.708+0200: 62.087: [GC (Allocation Failure) [PSYoungGen: 642565K->27301K(642048K)] 693421K->78157K(2040320K), 0.0115058 secs] [Times: user=0.00 sys=0.00, real=0.01 secs] 
2020-09-29T17:44:17.772+0200: 62.151: [GC (Allocation Failure) [PSYoungGen: 613541K->39333K(642560K)] 664397K->90189K(2040832K), 0.0175762 secs] [Times: user=0.13 sys=0.00, real=0.02 secs] 
2020-09-29T17:44:17.842+0200: 62.221: [GC (Allocation Failure) [PSYoungGen: 625573K->37701K(644608K)] 676429K->88557K(2042880K), 0.0164348 secs] [Times: user=0.13 sys=0.00, real=0.02 secs] 
2020-09-29T17:44:17.910+0200: 62.289: [GC (Allocation Failure) [PSYoungGen: 626501K->38212K(643072K)] 677357K->89068K(2041344K), 0.0174250 secs] [Times: user=0.25 sys=0.00, real=0.02 secs] 
2020-09-29T17:44:17.978+0200: 62.357: [GC (Allocation Failure) [PSYoungGen: 627012K->38212K(646656K)] 677868K->89068K(2044928K), 0.0174865 secs] [Times: user=0.13 sys=0.00, real=0.02 secs] 
2020-09-29T17:44:18.046+0200: 62.426: [GC (Allocation Failure) [PSYoungGen: 631620K->26852K(645632K)] 682476K->77708K(2043904K), 0.0129916 secs] [Times: user=0.13 sys=0.00, real=0.01 secs] 
2020-09-29T17:44:18.110+0200: 62.490: [GC (Allocation Failure) [PSYoungGen: 620260K->32325K(647680K)] 671116K->83181K(2045952K), 0.0136355 secs] [Times: user=0.13 sys=0.00, real=0.01 secs] 
2020-09-29T17:44:18.181+0200: 62.560: [GC (Allocation Failure) [PSYoungGen: 627781K->25316K(646656K)] 678637K->76172K(2044928K), 0.0122988 secs] [Times: user=0.13 sys=0.00, real=0.01 secs] 
2020-09-29T17:44:18.246+0200: 62.625: [GC (Allocation Failure) [PSYoungGen: 620772K->17316K(645120K)] 671628K->68172K(2043392K), 0.0082380 secs] [Times: user=0.00 sys=0.00, real=0.01 secs] 
2020-09-29T17:44:18.306+0200: 62.685: [GC (Allocation Failure) [PSYoungGen: 610724K->36421K(646144K)] 661580K->87277K(2044416K), 0.0163256 secs] [Times: user=0.13 sys=0.00, real=0.02 secs] 
2020-09-29T17:44:18.373+0200: 62.752: [GC (Allocation Failure) [PSYoungGen: 629829K->41989K(643584K)] 680685K->92845K(2041856K), 0.0173965 secs] [Times: user=0.13 sys=0.00, real=0.02 secs] 
2020-09-29T17:44:18.441+0200: 62.820: [GC (Allocation Failure) [PSYoungGen: 633349K->43877K(635392K)] 684205K->94733K(2033664K), 0.0193236 secs] [Times: user=0.25 sys=0.00, real=0.02 secs] 
2020-09-29T17:44:18.510+0200: 62.889: [GC (Allocation Failure) [PSYoungGen: 635237K->31940K(645120K)] 686093K->82796K(2043392K), 0.0153335 secs] [Times: user=0.13 sys=0.00, real=0.02 secs] 
2020-09-29T17:44:18.577+0200: 62.956: [GC (Allocation Failure) [PSYoungGen: 621764K->47589K(637440K)] 672620K->98445K(2035712K), 0.0224085 secs] [Times: user=0.22 sys=0.00, real=0.02 secs] 
2020-09-29T17:44:18.651+0200: 63.031: [GC (Allocation Failure) [PSYoungGen: 637413K->20484K(641024K)] 688269K->71340K(2039296K), 0.0110501 secs] [Times: user=0.13 sys=0.00, real=0.01 secs] 
2020-09-29T17:44:18.725+0200: 63.105: [GC (Allocation Failure) [PSYoungGen: 604676K->44069K(628736K)] 655532K->94925K(2027008K), 0.0190483 secs] [Times: user=0.13 sys=0.00, real=0.02 secs] 
2020-09-29T17:44:18.797+0200: 63.177: [GC (Allocation Failure) [PSYoungGen: 628261K->39268K(641024K)] 679117K->90124K(2039296K), 0.0175162 secs] [Times: user=0.13 sys=0.00, real=0.02 secs] 
2020-09-29T17:44:18.866+0200: 63.245: [GC (Allocation Failure) [PSYoungGen: 621924K->47685K(630784K)] 672780K->98541K(2029056K), 0.0206506 secs] [Times: user=0.13 sys=0.00, real=0.02 secs] 
2020-09-29T17:44:18.942+0200: 63.322: [GC (Allocation Failure) [PSYoungGen: 630341K->27588K(639488K)] 681197K->78444K(2037760K), 0.0136982 secs] [Times: user=0.00 sys=0.00, real=0.01 secs] 
2020-09-29T17:44:19.005+0200: 63.385: [GC (Allocation Failure) [PSYoungGen: 607172K->46629K(626688K)] 658028K->97485K(2024960K), 0.0217542 secs] [Times: user=0.13 sys=0.00, real=0.02 secs] 
2020-09-29T17:44:19.076+0200: 63.456: [GC (Allocation Failure) [PSYoungGen: 626213K->22372K(637952K)] 677069K->73228K(2036224K), 0.0113850 secs] [Times: user=0.13 sys=0.00, real=0.01 secs] 
2020-09-29T17:44:19.143+0200: 63.523: [GC (Allocation Failure) [PSYoungGen: 599396K->22884K(637952K)] 650252K->73740K(2036224K), 0.0116447 secs] [Times: user=0.13 sys=0.00, real=0.01 secs] 
2020-09-29T17:44:19.205+0200: 63.584: [GC (Allocation Failure) [PSYoungGen: 599908K->39333K(638976K)] 650764K->90189K(2037248K), 0.0186975 secs] [Times: user=0.24 sys=0.00, real=0.02 secs] 
2020-09-29T17:44:19.273+0200: 63.652: [GC (Allocation Failure) [PSYoungGen: 617381K->29093K(637952K)] 668237K->79949K(2036224K), 0.0141243 secs] [Times: user=0.13 sys=0.00, real=0.01 secs] 
2020-09-29T17:44:19.339+0200: 63.719: [GC (Allocation Failure) [PSYoungGen: 607141K->15971K(638464K)] 657997K->66827K(2036736K), 0.0089379 secs] [Times: user=0.13 sys=0.00, real=0.01 secs] 
2020-09-29T17:44:19.398+0200: 63.777: [GC (Allocation Failure) [PSYoungGen: 596067K->20164K(639488K)] 646923K->71020K(2037760K), 0.0096851 secs] [Times: user=0.00 sys=0.00, real=0.01 secs] 
2020-09-29T17:44:19.457+0200: 63.836: [GC (Allocation Failure) [PSYoungGen: 600260K->39685K(639488K)] 651116K->90541K(2037760K), 0.0185736 secs] [Times: user=0.25 sys=0.00, real=0.02 secs] 
2020-09-29T17:44:19.526+0200: 63.905: [GC (Allocation Failure) [PSYoungGen: 620805K->32997K(640000K)] 671661K->83853K(2038272K), 0.0148605 secs] [Times: user=0.13 sys=0.00, real=0.01 secs] 
2020-09-29T17:44:19.591+0200: 63.971: [GC (Allocation Failure) [PSYoungGen: 614117K->39845K(641024K)] 664973K->90701K(2039296K), 0.0196651 secs] [Times: user=0.11 sys=0.00, real=0.02 secs] 
2020-09-29T17:44:19.662+0200: 64.042: [GC (Allocation Failure) [PSYoungGen: 624037K->36133K(641536K)] 674893K->86989K(2039808K), 0.0172388 secs] [Times: user=0.13 sys=0.00, real=0.02 secs] 
2020-09-29T17:44:19.730+0200: 64.110: [GC (Allocation Failure) [PSYoungGen: 620325K->32389K(645120K)] 671181K->83245K(2043392K), 0.0157277 secs] [Times: user=0.13 sys=0.00, real=0.02 secs] 
2020-09-29T17:44:19.797+0200: 64.176: [GC (Allocation Failure) [PSYoungGen: 621701K->33829K(643072K)] 672557K->84685K(2041344K), 0.0161296 secs] [Times: user=0.13 sys=0.00, real=0.02 secs] 
2020-09-29T17:44:19.864+0200: 64.244: [GC (Allocation Failure) [PSYoungGen: 623141K->31779K(648704K)] 673997K->82635K(2046976K), 0.0170808 secs] [Times: user=0.13 sys=0.00, real=0.02 secs] 
2020-09-29T17:44:19.936+0200: 64.316: [GC (Allocation Failure) [PSYoungGen: 628259K->40293K(646656K)] 679115K->91149K(2044928K), 0.0191558 secs] [Times: user=0.13 sys=0.00, real=0.02 secs] 
2020-09-29T17:44:20.006+0200: 64.386: [GC (Allocation Failure) [PSYoungGen: 636773K->48901K(639488K)] 687629K->99757K(2037760K), 0.0224095 secs] [Times: user=0.13 sys=0.00, real=0.02 secs] 
2020-09-29T17:44:20.082+0200: 64.461: [GC (Allocation Failure) [PSYoungGen: 637189K->49189K(637952K)] 688045K->100045K(2036224K), 0.0225669 secs] [Times: user=0.25 sys=0.00, real=0.02 secs] 
2020-09-29T17:44:20.155+0200: 64.535: [GC (Allocation Failure) [PSYoungGen: 637477K->33732K(642048K)] 688333K->84588K(2040320K), 0.0167834 secs] [Times: user=0.13 sys=0.00, real=0.02 secs] 
2020-09-29T17:44:20.222+0200: 64.602: [GC (Allocation Failure) [PSYoungGen: 617412K->28708K(640512K)] 668268K->79564K(2038784K), 0.0143656 secs] [Times: user=0.06 sys=0.01, real=0.02 secs] 
2020-09-29T17:44:20.288+0200: 64.668: [GC (Allocation Failure) [PSYoungGen: 612388K->8418K(636928K)] 663244K->59274K(2035200K), 0.0066360 secs] [Times: user=0.00 sys=0.00, real=0.01 secs] 
2020-09-29T17:44:20.354+0200: 64.733: [GC (Allocation Failure) [PSYoungGen: 589538K->28131K(640000K)] 640394K->78987K(2038272K), 0.0150099 secs] [Times: user=0.13 sys=0.00, real=0.01 secs] 
2020-09-29T17:44:20.429+0200: 64.808: [GC (Allocation Failure) [PSYoungGen: 609251K->18148K(642048K)] 660107K->69004K(2040320K), 0.0096595 secs] [Times: user=0.00 sys=0.00, real=0.01 secs] 
2020-09-29T17:44:20.488+0200: 64.867: [GC (Allocation Failure) [PSYoungGen: 603364K->14563K(600064K)] 654220K->65419K(1998336K), 0.0080107 secs] [Times: user=0.13 sys=0.00, real=0.01 secs] 
2020-09-29T17:44:20.546+0200: 64.926: [GC (Allocation Failure) [PSYoungGen: 599779K->37316K(641536K)] 650635K->88172K(2039808K), 0.0189292 secs] [Times: user=0.13 sys=0.00, real=0.02 secs] 
2020-09-29T17:44:20.619+0200: 64.999: [GC (Allocation Failure) [PSYoungGen: 621508K->30468K(641536K)] 672364K->81324K(2039808K), 0.0175374 secs] [Times: user=0.11 sys=0.00, real=0.02 secs] 
2020-09-29T17:44:20.693+0200: 65.073: [GC (Allocation Failure) [PSYoungGen: 614660K->26340K(646144K)] 665516K->77196K(2044416K), 0.0129030 secs] [Times: user=0.00 sys=0.00, real=0.01 secs] 
2020-09-29T17:44:20.765+0200: 65.144: [GC (Allocation Failure) [PSYoungGen: 617700K->43461K(634880K)] 668556K->94317K(2033152K), 0.0203677 secs] [Times: user=0.13 sys=0.00, real=0.02 secs] 
2020-09-29T17:44:20.836+0200: 65.216: [GC (Allocation Failure) [PSYoungGen: 633470K->14498K(642048K)] 684326K->65354K(2040320K), 0.0094152 secs] [Times: user=0.00 sys=0.00, real=0.01 secs] 
2020-09-29T17:44:20.897+0200: 65.277: [GC (Allocation Failure) [PSYoungGen: 600738K->38757K(625152K)] 651594K->89613K(2023424K), 0.0188419 secs] [Times: user=0.13 sys=0.00, real=0.02 secs] 
2020-09-29T17:44:20.967+0200: 65.347: [GC (Allocation Failure) [PSYoungGen: 624997K->37061K(642048K)] 675853K->87917K(2040320K), 0.0177998 secs] [Times: user=0.13 sys=0.00, real=0.02 secs] 
2020-09-29T17:44:21.035+0200: 65.415: [GC (Allocation Failure) [PSYoungGen: 622277K->48165K(633856K)] 673133K->99021K(2032128K), 0.0228145 secs] [Times: user=0.25 sys=0.00, real=0.02 secs] 
2020-09-29T17:44:21.108+0200: 65.488: [GC (Allocation Failure) [PSYoungGen: 633381K->45413K(634368K)] 684237K->96269K(2032640K), 0.0205587 secs] [Times: user=0.14 sys=0.00, real=0.02 secs] 
2020-09-29T17:44:21.180+0200: 65.560: [GC (Allocation Failure) [PSYoungGen: 619365K->30596K(636416K)] 670221K->81452K(2034688K), 0.0158001 secs] [Times: user=0.13 sys=0.00, real=0.02 secs] 
2020-09-29T17:44:21.250+0200: 65.629: [GC (Allocation Failure) [PSYoungGen: 604548K->30180K(640512K)] 655404K->81036K(2038784K), 0.0147141 secs] [Times: user=0.13 sys=0.00, real=0.01 secs] 
2020-09-29T17:44:21.319+0200: 65.699: [GC (Allocation Failure) [PSYoungGen: 610276K->35909K(638464K)] 661132K->86765K(2036736K), 0.0172078 secs] [Times: user=0.13 sys=0.00, real=0.02 secs] 
2020-09-29T17:44:21.386+0200: 65.765: [GC (Allocation Failure) [PSYoungGen: 616005K->41733K(641024K)] 666861K->92589K(2039296K), 0.0195414 secs] [Times: user=0.13 sys=0.00, real=0.02 secs] 
2020-09-29T17:44:21.456+0200: 65.836: [GC (Allocation Failure) [PSYoungGen: 625925K->24260K(641536K)] 676781K->75116K(2039808K), 0.0118725 secs] [Times: user=0.13 sys=0.00, real=0.01 secs] 
2020-09-29T17:44:21.523+0200: 65.902: [GC (Allocation Failure) [PSYoungGen: 608452K->47941K(635904K)] 659308K->98797K(2034176K), 0.0225157 secs] [Times: user=0.13 sys=0.00, real=0.02 secs] 
2020-09-29T17:44:21.596+0200: 65.975: [GC (Allocation Failure) [PSYoungGen: 627013K->24069K(638976K)] 677869K->74925K(2037248K), 0.0128615 secs] [Times: user=0.11 sys=0.00, real=0.01 secs] 
2020-09-29T17:44:21.660+0200: 66.040: [GC (Allocation Failure) [PSYoungGen: 603141K->28357K(641024K)] 653997K->79213K(2039296K), 0.0142846 secs] [Times: user=0.03 sys=0.00, real=0.01 secs] 
2020-09-29T17:44:21.730+0200: 66.110: [GC (Allocation Failure) [PSYoungGen: 609989K->35813K(639488K)] 660845K->86669K(2037760K), 0.0167574 secs] [Times: user=0.13 sys=0.00, real=0.02 secs] 
2020-09-29T17:44:21.797+0200: 66.177: [GC (Allocation Failure) [PSYoungGen: 617445K->27076K(643584K)] 668301K->77932K(2041856K), 0.0129988 secs] [Times: user=0.13 sys=0.00, real=0.01 secs] 
2020-09-29T17:44:21.861+0200: 66.240: [GC (Allocation Failure) [PSYoungGen: 614340K->40037K(642560K)] 665196K->90893K(2040832K), 0.0200250 secs] [Times: user=0.25 sys=0.00, real=0.02 secs] 
2020-09-29T17:44:21.932+0200: 66.311: [GC (Allocation Failure) [PSYoungGen: 627301K->39461K(643584K)] 678157K->90317K(2041856K), 0.0177789 secs] [Times: user=0.13 sys=0.00, real=0.02 secs] 
2020-09-29T17:44:22.003+0200: 66.383: [GC (Allocation Failure) [PSYoungGen: 627749K->39781K(643584K)] 678605K->90637K(2041856K), 0.0195169 secs] [Times: user=0.25 sys=0.00, real=0.02 secs] 
2020-09-29T17:44:22.073+0200: 66.452: [GC (Allocation Failure) [PSYoungGen: 628069K->51589K(634368K)] 678925K->102445K(2032640K), 0.0233925 secs] [Times: user=0.13 sys=0.00, real=0.02 secs] 
2020-09-29T17:44:22.147+0200: 66.526: [GC (Allocation Failure) [PSYoungGen: 630661K->42181K(638976K)] 681517K->93037K(2037248K), 0.0202510 secs] [Times: user=0.13 sys=0.00, real=0.02 secs] 
2020-09-29T17:44:22.216+0200: 66.596: [GC (Allocation Failure) [PSYoungGen: 621253K->31428K(640512K)] 672109K->82284K(2038784K), 0.0167900 secs] [Times: user=0.13 sys=0.00, real=0.02 secs] 
2020-09-29T17:44:22.283+0200: 66.663: [GC (Allocation Failure) [PSYoungGen: 612548K->38277K(639488K)] 663404K->89133K(2037760K), 0.0180169 secs] [Times: user=0.25 sys=0.00, real=0.02 secs] 
2020-09-29T17:44:22.353+0200: 66.732: [GC (Allocation Failure) [PSYoungGen: 619397K->31493K(643072K)] 670253K->82349K(2041344K), 0.0141371 secs] [Times: user=0.13 sys=0.00, real=0.01 secs] 
2020-09-29T17:44:22.422+0200: 66.802: [GC (Allocation Failure) [PSYoungGen: 617733K->15075K(601600K)] 668589K->65931K(1999872K), 0.0084854 secs] [Times: user=0.13 sys=0.00, real=0.01 secs] 
2020-09-29T17:44:22.482+0200: 66.862: [GC (Allocation Failure) [PSYoungGen: 601315K->39716K(641536K)] 652171K->90572K(2039808K), 0.0192035 secs] [Times: user=0.13 sys=0.00, real=0.02 secs] 
2020-09-29T17:44:22.552+0200: 66.932: [GC (Allocation Failure) [PSYoungGen: 623908K->20803K(641536K)] 674764K->71659K(2039808K), 0.0114687 secs] [Times: user=0.00 sys=0.00, real=0.01 secs] 
2020-09-29T17:44:22.631+0200: 67.011: [GC (Allocation Failure) [PSYoungGen: 604995K->29796K(643584K)] 655851K->80652K(2041856K), 0.0163004 secs] [Times: user=0.13 sys=0.00, real=0.02 secs] 
2020-09-29T17:44:22.701+0200: 67.080: [GC (Allocation Failure) [PSYoungGen: 616036K->27652K(641536K)] 666892K->78508K(2039808K), 0.0147271 secs] [Times: user=0.13 sys=0.00, real=0.02 secs] 
2020-09-29T17:44:22.766+0200: 67.145: [GC (Allocation Failure) [PSYoungGen: 613892K->53317K(633344K)] 664748K->104173K(2031616K), 0.0240394 secs] [Times: user=0.25 sys=0.00, real=0.02 secs] 
2020-09-29T17:44:22.839+0200: 67.219: [GC (Allocation Failure) [PSYoungGen: 632389K->30116K(638976K)] 683245K->80972K(2037248K), 0.0149917 secs] [Times: user=0.13 sys=0.00, real=0.02 secs] 
2020-09-29T17:44:22.905+0200: 67.284: [GC (Allocation Failure) [PSYoungGen: 609188K->34981K(643072K)] 660044K->85837K(2041344K), 0.0163720 secs] [Times: user=0.13 sys=0.00, real=0.02 secs] 
2020-09-29T17:44:22.975+0200: 67.355: [GC (Allocation Failure) [PSYoungGen: 620197K->45989K(631296K)] 671053K->96845K(2029568K), 0.0210833 secs] [Times: user=0.13 sys=0.00, real=0.02 secs] 
2020-09-29T17:44:23.046+0200: 67.426: [GC (Allocation Failure) [PSYoungGen: 631205K->41860K(640512K)] 682061K->92716K(2038784K), 0.0204072 secs] [Times: user=0.14 sys=0.00, real=0.02 secs] 
2020-09-29T17:44:23.116+0200: 67.496: [GC (Allocation Failure) [PSYoungGen: 624004K->35204K(640512K)] 674860K->86060K(2038784K), 0.0182326 secs] [Times: user=0.13 sys=0.00, real=0.02 secs] 
2020-09-29T17:44:23.186+0200: 67.566: [GC (Allocation Failure) [PSYoungGen: 617348K->27812K(643072K)] 668204K->78668K(2041344K), 0.0142224 secs] [Times: user=0.13 sys=0.00, real=0.01 secs] 
2020-09-29T17:44:23.252+0200: 67.632: [GC (Allocation Failure) [PSYoungGen: 614564K->40292K(642560K)] 665420K->91148K(2040832K), 0.0197071 secs] [Times: user=0.25 sys=0.00, real=0.02 secs] 
2020-09-29T17:44:23.322+0200: 67.702: [GC (Allocation Failure) [PSYoungGen: 627044K->24675K(643584K)] 677900K->75531K(2041856K), 0.0129382 secs] [Times: user=0.13 sys=0.00, real=0.01 secs] 
2020-09-29T17:44:23.388+0200: 67.768: [GC (Allocation Failure) [PSYoungGen: 612963K->37668K(643584K)] 663819K->88524K(2041856K), 0.0187568 secs] [Times: user=0.13 sys=0.00, real=0.02 secs] 
2020-09-29T17:44:23.457+0200: 67.837: [GC (Allocation Failure) [PSYoungGen: 625956K->22596K(643584K)] 676812K->73452K(2041856K), 0.0115834 secs] [Times: user=0.00 sys=0.00, real=0.01 secs] 
2020-09-29T17:44:23.519+0200: 67.899: [GC (Allocation Failure) [PSYoungGen: 611908K->37508K(644096K)] 662764K->88364K(2042368K), 0.0185988 secs] [Times: user=0.25 sys=0.00, real=0.02 secs] 
2020-09-29T17:44:23.589+0200: 67.968: [GC (Allocation Failure) [PSYoungGen: 626820K->38885K(645120K)] 677676K->89741K(2043392K), 0.0202960 secs] [Times: user=0.11 sys=0.00, real=0.02 secs] 
2020-09-29T17:44:23.663+0200: 68.042: [GC (Allocation Failure) [PSYoungGen: 630245K->27300K(645120K)] 681101K->78156K(2043392K), 0.0139118 secs] [Times: user=0.13 sys=0.00, real=0.01 secs] 
2020-09-29T17:44:23.734+0200: 68.113: [GC (Allocation Failure) [PSYoungGen: 618660K->43012K(642560K)] 669516K->93868K(2040832K), 0.0209866 secs] [Times: user=0.25 sys=0.00, real=0.02 secs] 
2020-09-29T17:44:23.805+0200: 68.185: [GC (Allocation Failure) [PSYoungGen: 632324K->30757K(644096K)] 683180K->81613K(2042368K), 0.0152099 secs] [Times: user=0.13 sys=0.00, real=0.01 secs] 
2020-09-29T17:44:23.871+0200: 68.250: [GC (Allocation Failure) [PSYoungGen: 620069K->30660K(646656K)] 670925K->81516K(2044928K), 0.0156905 secs] [Times: user=0.13 sys=0.00, real=0.01 secs] 
2020-09-29T17:44:23.941+0200: 68.320: [GC (Allocation Failure) [PSYoungGen: 624068K->36037K(645632K)] 674924K->86893K(2043904K), 0.0119715 secs] [Times: user=0.13 sys=0.00, real=0.01 secs] 
2020-09-29T17:44:24.005+0200: 68.384: [GC (Allocation Failure) [PSYoungGen: 629445K->51173K(635392K)] 680301K->105989K(2033664K), 0.0187175 secs] [Times: user=0.13 sys=0.00, real=0.02 secs] 
2020-09-29T17:44:24.073+0200: 68.453: [GC (Allocation Failure) [PSYoungGen: 635365K->37508K(641536K)] 690181K->92324K(2039808K), 0.0138623 secs] [Times: user=0.13 sys=0.00, real=0.01 secs] 
2020-09-29T17:44:24.138+0200: 68.517: [GC (Allocation Failure) [PSYoungGen: 621700K->33796K(644608K)] 676516K->88612K(2042880K), 0.0125645 secs] [Times: user=0.13 sys=0.00, real=0.01 secs] 
2020-09-29T17:44:24.201+0200: 68.581: [GC (Allocation Failure) [PSYoungGen: 622596K->48229K(637440K)] 677412K->103045K(2035712K), 0.0163709 secs] [Times: user=0.13 sys=0.00, real=0.02 secs] 
2020-09-29T17:44:24.268+0200: 68.648: [GC (Allocation Failure) [PSYoungGen: 637029K->35332K(643584K)] 691845K->90148K(2041856K), 0.0124041 secs] [Times: user=0.13 sys=0.00, real=0.01 secs] 
2020-09-29T17:44:24.330+0200: 68.710: [GC (Allocation Failure) [PSYoungGen: 622084K->33988K(642048K)] 676900K->88804K(2040320K), 0.0121978 secs] [Times: user=0.13 sys=0.00, real=0.01 secs] 
2020-09-29T17:44:24.393+0200: 68.772: [GC (Allocation Failure) [PSYoungGen: 620740K->32644K(645632K)] 675556K->87460K(2043904K), 0.0117584 secs] [Times: user=0.13 sys=0.00, real=0.01 secs] 
2020-09-29T17:44:24.456+0200: 68.836: [GC (Allocation Failure) [PSYoungGen: 624516K->34852K(645120K)] 679332K->89668K(2043392K), 0.0128344 secs] [Times: user=0.13 sys=0.00, real=0.01 secs] 
2020-09-29T17:44:24.521+0200: 68.901: [GC (Allocation Failure) [PSYoungGen: 626724K->38436K(648192K)] 681540K->93252K(2046464K), 0.0158391 secs] [Times: user=0.13 sys=0.00, real=0.02 secs] 
2020-09-29T17:44:24.590+0200: 68.969: [GC (Allocation Failure) [PSYoungGen: 634916K->32484K(647168K)] 689732K->87300K(2045440K), 0.0125424 secs] [Times: user=0.11 sys=0.00, real=0.01 secs] 
2020-09-29T17:44:24.656+0200: 69.036: [GC (Allocation Failure) [PSYoungGen: 628964K->26564K(648704K)] 683780K->81380K(2046976K), 0.0097736 secs] [Times: user=0.13 sys=0.00, real=0.01 secs] 
2020-09-29T17:44:24.718+0200: 69.098: [GC (Allocation Failure) [PSYoungGen: 625092K->37093K(648704K)] 679908K->91909K(2046976K), 0.0136609 secs] [Times: user=0.13 sys=0.00, real=0.01 secs] 
2020-09-29T17:44:24.784+0200: 69.164: [GC (Allocation Failure) [PSYoungGen: 635621K->47621K(643072K)] 690437K->102437K(2041344K), 0.0156370 secs] [Times: user=0.13 sys=0.00, real=0.02 secs] 
2020-09-29T17:44:24.852+0200: 69.231: [GC (Allocation Failure) [PSYoungGen: 641029K->39429K(646144K)] 695845K->94245K(2044416K), 0.0143653 secs] [Times: user=0.13 sys=0.00, real=0.01 secs] 
2020-09-29T17:44:24.918+0200: 69.297: [GC (Allocation Failure) [PSYoungGen: 632837K->28164K(646656K)] 687653K->82980K(2044928K), 0.0106569 secs] [Times: user=0.13 sys=0.00, real=0.01 secs] 
2020-09-29T17:44:24.980+0200: 69.359: [GC (Allocation Failure) [PSYoungGen: 622596K->34789K(646656K)] 677412K->89605K(2044928K), 0.0127301 secs] [Times: user=0.13 sys=0.00, real=0.01 secs] 
2020-09-29T17:44:25.043+0200: 69.423: [GC (Allocation Failure) [PSYoungGen: 629221K->27589K(648192K)] 684037K->82405K(2046464K), 0.0089750 secs] [Times: user=0.13 sys=0.00, real=0.01 secs] 
2020-09-29T17:44:25.106+0200: 69.485: [GC (Allocation Failure) [PSYoungGen: 625093K->36549K(648192K)] 679909K->91365K(2046464K), 0.0128653 secs] [Times: user=0.13 sys=0.00, real=0.01 secs] 
2020-09-29T17:44:25.170+0200: 69.550: [GC (Allocation Failure) [PSYoungGen: 634053K->17379K(646144K)] 688869K->72195K(2044416K), 0.0077634 secs] [Times: user=0.13 sys=0.00, real=0.01 secs] 
2020-09-29T17:44:25.229+0200: 69.609: [GC (Allocation Failure) [PSYoungGen: 613859K->39653K(636416K)] 668675K->94469K(2034688K), 0.0143546 secs] [Times: user=0.13 sys=0.00, real=0.01 secs] 
2020-09-29T17:44:25.295+0200: 69.674: [GC (Allocation Failure) [PSYoungGen: 636133K->48005K(640000K)] 690949K->102821K(2038272K), 0.0157816 secs] [Times: user=0.13 sys=0.00, real=0.01 secs] 
2020-09-29T17:44:25.361+0200: 69.740: [GC (Allocation Failure) [PSYoungGen: 636293K->19652K(608256K)] 691109K->74468K(2006528K), 0.0071732 secs] [Times: user=0.13 sys=0.00, real=0.01 secs] 
2020-09-29T17:44:25.419+0200: 69.799: [GC (Allocation Failure) [PSYoungGen: 607940K->33669K(645120K)] 662756K->88485K(2043392K), 0.0117611 secs] [Times: user=0.13 sys=0.00, real=0.01 secs] 
2020-09-29T17:44:25.483+0200: 69.862: [GC (Allocation Failure) [PSYoungGen: 622981K->48773K(638464K)] 677797K->103589K(2036736K), 0.0161473 secs] [Times: user=0.13 sys=0.00, real=0.02 secs] 
2020-09-29T17:44:25.549+0200: 69.929: [GC (Allocation Failure) [PSYoungGen: 638085K->36453K(643072K)] 692901K->91269K(2041344K), 0.0125152 secs] [Times: user=0.13 sys=0.00, real=0.01 secs] 
2020-09-29T17:44:25.614+0200: 69.993: [GC (Allocation Failure) [PSYoungGen: 622181K->30564K(641536K)] 676997K->85380K(2039808K), 0.0125649 secs] [Times: user=0.00 sys=0.00, real=0.01 secs] 
2020-09-29T17:44:25.676+0200: 70.056: [GC (Allocation Failure) [PSYoungGen: 616292K->28421K(645120K)] 671108K->83237K(2043392K), 0.0101091 secs] [Times: user=0.00 sys=0.00, real=0.01 secs] 
2020-09-29T17:44:25.737+0200: 70.117: [GC (Allocation Failure) [PSYoungGen: 619269K->31044K(644608K)] 674085K->85860K(2042880K), 0.0116391 secs] [Times: user=0.13 sys=0.00, real=0.01 secs] 
2020-09-29T17:44:25.800+0200: 70.180: [GC (Allocation Failure) [PSYoungGen: 621892K->33733K(648192K)] 676708K->88549K(2046464K), 0.0113554 secs] [Times: user=0.13 sys=0.00, real=0.01 secs] 
2020-09-29T17:44:25.862+0200: 70.242: [GC (Allocation Failure) [PSYoungGen: 629701K->26084K(646656K)] 684517K->80900K(2044928K), 0.0097669 secs] [Times: user=0.13 sys=0.00, real=0.01 secs] 
2020-09-29T17:44:25.923+0200: 70.303: [GC (Allocation Failure) [PSYoungGen: 622052K->46660K(641536K)] 676868K->101476K(2039808K), 0.0161011 secs] [Times: user=0.13 sys=0.00, real=0.02 secs] 
2020-09-29T17:44:25.990+0200: 70.369: [GC (Allocation Failure) [PSYoungGen: 638020K->35908K(645120K)] 692836K->90724K(2043392K), 0.0128635 secs] [Times: user=0.00 sys=0.00, real=0.01 secs] 
2020-09-29T17:44:26.053+0200: 70.433: [GC (Allocation Failure) [PSYoungGen: 627268K->39077K(646656K)] 682084K->93893K(2044928K), 0.0135291 secs] [Times: user=0.02 sys=0.00, real=0.01 secs] 
2020-09-29T17:44:26.117+0200: 70.497: [GC (Allocation Failure) [PSYoungGen: 633509K->45669K(640512K)] 688325K->100485K(2038784K), 0.0152099 secs] [Times: user=0.13 sys=0.00, real=0.02 secs] 
2020-09-29T17:44:26.188+0200: 70.567: [GC (Allocation Failure) [PSYoungGen: 640101K->24324K(643584K)] 694917K->79140K(2041856K), 0.0095508 secs] [Times: user=0.13 sys=0.00, real=0.01 secs] 
2020-09-29T17:44:26.253+0200: 70.633: [GC (Allocation Failure) [PSYoungGen: 613636K->39301K(644096K)] 668452K->94117K(2042368K), 0.0149213 secs] [Times: user=0.05 sys=0.00, real=0.01 secs] 
2020-09-29T17:44:26.324+0200: 70.704: [GC (Allocation Failure) [PSYoungGen: 628613K->26980K(645120K)] 683429K->81796K(2043392K), 0.0107083 secs] [Times: user=0.13 sys=0.00, real=0.01 secs] 
2020-09-29T17:44:26.386+0200: 70.765: [GC (Allocation Failure) [PSYoungGen: 617828K->43589K(634880K)] 672644K->98405K(2033152K), 0.0147065 secs] [Times: user=0.13 sys=0.00, real=0.01 secs] 
2020-09-29T17:44:26.451+0200: 70.831: [GC (Allocation Failure) [PSYoungGen: 634437K->18340K(641536K)] 689253K->73156K(2039808K), 0.0068088 secs] [Times: user=0.13 sys=0.00, real=0.01 secs] 
2020-09-29T17:44:26.509+0200: 70.889: [GC (Allocation Failure) [PSYoungGen: 604580K->29796K(642560K)] 659396K->84612K(2040832K), 0.0111161 secs] [Times: user=0.13 sys=0.00, real=0.01 secs] 
2020-09-29T17:44:26.570+0200: 70.950: [GC (Allocation Failure) [PSYoungGen: 616036K->26532K(645120K)] 670852K->81348K(2043392K), 0.0112572 secs] [Times: user=0.00 sys=0.00, real=0.01 secs] 
2020-09-29T17:44:26.638+0200: 71.018: [GC (Allocation Failure) [PSYoungGen: 616868K->42597K(633344K)] 671684K->97413K(2031616K), 0.0142729 secs] [Times: user=0.13 sys=0.00, real=0.01 secs] 
2020-09-29T17:44:26.702+0200: 71.082: [GC (Allocation Failure) [PSYoungGen: 632933K->31397K(645120K)] 687749K->86213K(2043392K), 0.0107194 secs] [Times: user=0.13 sys=0.00, real=0.01 secs] 
2020-09-29T17:44:26.764+0200: 71.144: [GC (Allocation Failure) [PSYoungGen: 621221K->31587K(643584K)] 676037K->86403K(2041856K), 0.0124503 secs] [Times: user=0.13 sys=0.00, real=0.01 secs] 
2020-09-29T17:44:26.827+0200: 71.207: [GC (Allocation Failure) [PSYoungGen: 621411K->33380K(648704K)] 676227K->88196K(2046976K), 0.0127654 secs] [Times: user=0.13 sys=0.00, real=0.01 secs] 
2020-09-29T17:44:26.897+0200: 71.277: [GC (Allocation Failure) [PSYoungGen: 630372K->28773K(647168K)] 685188K->83589K(2045440K), 0.0096731 secs] [Times: user=0.00 sys=0.00, real=0.01 secs] 
2020-09-29T17:44:26.960+0200: 71.340: [GC (Allocation Failure) [PSYoungGen: 625765K->37829K(648704K)] 680581K->92645K(2046976K), 0.0133775 secs] [Times: user=0.13 sys=0.00, real=0.01 secs] 
2020-09-29T17:44:27.029+0200: 71.408: [GC (Allocation Failure) [PSYoungGen: 637381K->49541K(649216K)] 692197K->104357K(2047488K), 0.0265065 secs] [Times: user=0.13 sys=0.00, real=0.03 secs] 
2020-09-29T17:44:27.107+0200: 71.487: [GC (Allocation Failure) [PSYoungGen: 649093K->33540K(644096K)] 703909K->88356K(2042368K), 0.0119886 secs] [Times: user=0.13 sys=0.00, real=0.01 secs] 
2020-09-29T17:44:27.171+0200: 71.550: [GC (Allocation Failure) [PSYoungGen: 627972K->26405K(646656K)] 682788K->81221K(2044928K), 0.0090733 secs] [Times: user=0.13 sys=0.00, real=0.01 secs] 
2020-09-29T17:44:27.232+0200: 71.611: [GC (Allocation Failure) [PSYoungGen: 620837K->31075K(648192K)] 675653K->85891K(2046464K), 0.0125313 secs] [Times: user=0.13 sys=0.00, real=0.01 secs] 
2020-09-29T17:44:27.296+0200: 71.675: [GC (Allocation Failure) [PSYoungGen: 627555K->39621K(647168K)] 682371K->94437K(2045440K), 0.0136729 secs] [Times: user=0.13 sys=0.00, real=0.01 secs] 
2020-09-29T17:44:27.361+0200: 71.740: [GC (Allocation Failure) [PSYoungGen: 636101K->34501K(649216K)] 690917K->89317K(2047488K), 0.0117657 secs] [Times: user=0.13 sys=0.00, real=0.01 secs] 
2020-09-29T17:44:27.424+0200: 71.803: [GC (Allocation Failure) [PSYoungGen: 632517K->44677K(643072K)] 687333K->99493K(2041344K), 0.0149883 secs] [Times: user=0.13 sys=0.00, real=0.01 secs] 
2020-09-29T17:44:27.489+0200: 71.869: [GC (Allocation Failure) [PSYoungGen: 642693K->39460K(647168K)] 697509K->94276K(2045440K), 0.0141795 secs] [Times: user=0.00 sys=0.02, real=0.01 secs] 
2020-09-29T17:44:27.555+0200: 71.935: [GC (Allocation Failure) [PSYoungGen: 634916K->18531K(614400K)] 689732K->73347K(2012672K), 0.0079824 secs] [Times: user=0.00 sys=0.00, real=0.01 secs] 
2020-09-29T17:44:27.616+0200: 71.996: [GC (Allocation Failure) [PSYoungGen: 613987K->39781K(645632K)] 668803K->94597K(2043904K), 0.0155586 secs] [Times: user=0.11 sys=0.00, real=0.02 secs] 
2020-09-29T17:44:27.683+0200: 72.063: [GC (Allocation Failure) [PSYoungGen: 632165K->42852K(635392K)] 686981K->97668K(2033664K), 0.0162856 secs] [Times: user=0.13 sys=0.00, real=0.02 secs] 
2020-09-29T17:44:27.750+0200: 72.130: [GC (Allocation Failure) [PSYoungGen: 635236K->33413K(645632K)] 690052K->88229K(2043904K), 0.0117665 secs] [Times: user=0.13 sys=0.00, real=0.01 secs] 
2020-09-29T17:44:27.817+0200: 72.197: [GC (Allocation Failure) [PSYoungGen: 624261K->50021K(641024K)] 679077K->104837K(2039296K), 0.0165726 secs] [Times: user=0.13 sys=0.00, real=0.02 secs] 
2020-09-29T17:44:27.887+0200: 72.267: [GC (Allocation Failure) [PSYoungGen: 640869K->25380K(642048K)] 695685K->80196K(2040320K), 0.0107291 secs] [Times: user=0.13 sys=0.00, real=0.01 secs] 
2020-09-29T17:44:27.948+0200: 72.328: [GC (Allocation Failure) [PSYoungGen: 610596K->36325K(642048K)] 665412K->91141K(2040320K), 0.0119047 secs] [Times: user=0.13 sys=0.00, real=0.01 secs] 
2020-09-29T17:44:28.010+0200: 72.390: [GC (Allocation Failure) [PSYoungGen: 621541K->33637K(645632K)] 676357K->88453K(2043904K), 0.0111515 secs] [Times: user=0.13 sys=0.00, real=0.01 secs] 
2020-09-29T17:44:28.072+0200: 72.452: [GC (Allocation Failure) [PSYoungGen: 624485K->36388K(644096K)] 679301K->91204K(2042368K), 0.0134871 secs] [Times: user=0.13 sys=0.00, real=0.01 secs] 
2020-09-29T17:44:28.136+0200: 72.516: [GC (Allocation Failure) [PSYoungGen: 627236K->39365K(647168K)] 682052K->94181K(2045440K), 0.0135296 secs] [Times: user=0.13 sys=0.00, real=0.01 secs] 
2020-09-29T17:44:28.201+0200: 72.581: [GC (Allocation Failure) [PSYoungGen: 634821K->46756K(642560K)] 689637K->101572K(2040832K), 0.0165514 secs] [Times: user=0.13 sys=0.00, real=0.02 secs] 
2020-09-29T17:44:28.268+0200: 72.648: [GC (Allocation Failure) [PSYoungGen: 642212K->26917K(644608K)] 697028K->81733K(2042880K), 0.0090803 secs] [Times: user=0.13 sys=0.00, real=0.01 secs] 
2020-09-29T17:44:28.328+0200: 72.708: [GC (Allocation Failure) [PSYoungGen: 617253K->42596K(633344K)] 672069K->97412K(2031616K), 0.0150105 secs] [Times: user=0.13 sys=0.00, real=0.01 secs] 
2020-09-29T17:44:28.396+0200: 72.775: [GC (Allocation Failure) [PSYoungGen: 632932K->54757K(631808K)] 687748K->113405K(2030080K), 0.0196659 secs] [Times: user=0.13 sys=0.00, real=0.02 secs] 
2020-09-29T17:44:28.466+0200: 72.845: [GC (Allocation Failure) [PSYoungGen: 631781K->46373K(623616K)] 690429K->105021K(2021888K), 0.0156746 secs] [Times: user=0.13 sys=0.00, real=0.02 secs] 
2020-09-29T17:44:28.531+0200: 72.910: [GC (Allocation Failure) [PSYoungGen: 623397K->35461K(638464K)] 682045K->94109K(2036736K), 0.0111462 secs] [Times: user=0.13 sys=0.00, real=0.01 secs] 
2020-09-29T17:44:28.596+0200: 72.975: [GC (Allocation Failure) [PSYoungGen: 611973K->36420K(636928K)] 670621K->95068K(2035200K), 0.0142492 secs] [Times: user=0.11 sys=0.00, real=0.01 secs] 
2020-09-29T17:44:28.660+0200: 73.039: [GC (Allocation Failure) [PSYoungGen: 612932K->21700K(638976K)] 671580K->80348K(2037248K), 0.0081178 secs] [Times: user=0.13 sys=0.00, real=0.01 secs] 
2020-09-29T17:44:28.722+0200: 73.101: [GC (Allocation Failure) [PSYoungGen: 601796K->41221K(639488K)] 660444K->99869K(2037760K), 0.0138473 secs] [Times: user=0.13 sys=0.00, real=0.01 secs] 
2020-09-29T17:44:28.786+0200: 73.165: [GC (Allocation Failure) [PSYoungGen: 621317K->33477K(641536K)] 679965K->92125K(2039808K), 0.0105912 secs] [Times: user=0.00 sys=0.00, real=0.01 secs] 
2020-09-29T17:44:28.847+0200: 73.225: [GC (Allocation Failure) [PSYoungGen: 616133K->28165K(640000K)] 674781K->86813K(2038272K), 0.0090749 secs] [Times: user=0.13 sys=0.00, real=0.01 secs] 
2020-09-29T17:44:28.906+0200: 73.285: [GC (Allocation Failure) [PSYoungGen: 610821K->36260K(644096K)] 669469K->94908K(2042368K), 0.0135394 secs] [Times: user=0.13 sys=0.00, real=0.01 secs] 
2020-09-29T17:44:28.971+0200: 73.350: [GC (Allocation Failure) [PSYoungGen: 623524K->49285K(636928K)] 682172K->107933K(2035200K), 0.0164331 secs] [Times: user=0.13 sys=0.00, real=0.02 secs] 
2020-09-29T17:44:29.038+0200: 73.417: [GC (Allocation Failure) [PSYoungGen: 636549K->34917K(642560K)] 695197K->93565K(2040832K), 0.0124974 secs] [Times: user=0.00 sys=0.00, real=0.01 secs] 
2020-09-29T17:44:29.101+0200: 73.480: [GC (Allocation Failure) [PSYoungGen: 619621K->45413K(641024K)] 678269K->104061K(2039296K), 0.0157396 secs] [Times: user=0.13 sys=0.00, real=0.02 secs] 
2020-09-29T17:44:29.168+0200: 73.547: [GC (Allocation Failure) [PSYoungGen: 630117K->8356K(635392K)] 688765K->67004K(2033664K), 0.0029951 secs] [Times: user=0.00 sys=0.00, real=0.00 secs] 
2020-09-29T17:44:29.221+0200: 73.600: [GC (Allocation Failure) [PSYoungGen: 586404K->39301K(638464K)] 645052K->97949K(2036736K), 0.0139697 secs] [Times: user=0.13 sys=0.00, real=0.01 secs] 
2020-09-29T17:44:29.284+0200: 73.663: [GC (Allocation Failure) [PSYoungGen: 617349K->27780K(640512K)] 675997K->86428K(2038784K), 0.0105458 secs] [Times: user=0.13 sys=0.00, real=0.01 secs] 
2020-09-29T17:44:29.344+0200: 73.723: [GC (Allocation Failure) [PSYoungGen: 608388K->47813K(628736K)] 667036K->106461K(2027008K), 0.0163304 secs] [Times: user=0.13 sys=0.00, real=0.02 secs] 
2020-09-29T17:44:29.411+0200: 73.790: [GC (Allocation Failure) [PSYoungGen: 628421K->40453K(638464K)] 687069K->99101K(2036736K), 0.0140188 secs] [Times: user=0.00 sys=0.00, real=0.01 secs] 
2020-09-29T17:44:29.474+0200: 73.853: [GC (Allocation Failure) [PSYoungGen: 617989K->41380K(637952K)] 676637K->100028K(2036224K), 0.0148666 secs] [Times: user=0.00 sys=0.03, real=0.02 secs] 
2020-09-29T17:44:29.541+0200: 73.920: [GC (Allocation Failure) [PSYoungGen: 618916K->31013K(640512K)] 677564K->89661K(2038784K), 0.0134540 secs] [Times: user=0.13 sys=0.00, real=0.01 secs] 
2020-09-29T17:44:29.610+0200: 73.989: [GC (Allocation Failure) [PSYoungGen: 611621K->37349K(638976K)] 670269K->95997K(2037248K), 0.0148752 secs] [Times: user=0.11 sys=0.00, real=0.02 secs] 
2020-09-29T17:44:29.680+0200: 74.059: [GC (Allocation Failure) [PSYoungGen: 617957K->29700K(643072K)] 676605K->88348K(2041344K), 0.0127343 secs] [Times: user=0.00 sys=0.02, real=0.01 secs] 
2020-09-29T17:44:29.745+0200: 74.124: [GC (Allocation Failure) [PSYoungGen: 615940K->41733K(642048K)] 674588K->100381K(2040320K), 0.0138826 secs] [Times: user=0.13 sys=0.00, real=0.02 secs] 
2020-09-29T17:44:29.827+0200: 74.206: [GC (Allocation Failure) [PSYoungGen: 627973K->40005K(643584K)] 686621K->98653K(2041856K), 0.0134200 secs] [Times: user=0.13 sys=0.00, real=0.01 secs] 
2020-09-29T17:44:29.890+0200: 74.270: [GC (Allocation Failure) [PSYoungGen: 627781K->25955K(643072K)] 686429K->84603K(2041344K), 0.0106315 secs] [Times: user=0.13 sys=0.00, real=0.01 secs] 
2020-09-29T17:44:29.953+0200: 74.332: [GC (Allocation Failure) [PSYoungGen: 613731K->37476K(644608K)] 672379K->96124K(2042880K), 0.0140234 secs] [Times: user=0.13 sys=0.00, real=0.01 secs] 
2020-09-29T17:44:30.017+0200: 74.397: [GC (Allocation Failure) [PSYoungGen: 626788K->38949K(643584K)] 685436K->97597K(2041856K), 0.0132188 secs] [Times: user=0.13 sys=0.00, real=0.01 secs] 
2020-09-29T17:44:30.081+0200: 74.460: [GC (Allocation Failure) [PSYoungGen: 628261K->25187K(644608K)] 686909K->83835K(2042880K), 0.0104484 secs] [Times: user=0.13 sys=0.00, real=0.01 secs] 
2020-09-29T17:44:30.142+0200: 74.521: [GC (Allocation Failure) [PSYoungGen: 616547K->28419K(645120K)] 675195K->87067K(2043392K), 0.0112443 secs] [Times: user=0.13 sys=0.00, real=0.01 secs] 
2020-09-29T17:44:30.205+0200: 74.585: [GC (Allocation Failure) [PSYoungGen: 619779K->31877K(647168K)] 678427K->90525K(2045440K), 0.0108093 secs] [Times: user=0.13 sys=0.00, real=0.01 secs] 
2020-09-29T17:44:30.270+0200: 74.649: [GC (Allocation Failure) [PSYoungGen: 626309K->36741K(646144K)] 684957K->95389K(2044416K), 0.0130727 secs] [Times: user=0.13 sys=0.00, real=0.01 secs] 
2020-09-29T17:44:30.334+0200: 74.713: [GC (Allocation Failure) [PSYoungGen: 631173K->43269K(645120K)] 689821K->101917K(2043392K), 0.0151078 secs] [Times: user=0.13 sys=0.00, real=0.01 secs] 
2020-09-29T17:44:30.400+0200: 74.779: [GC (Allocation Failure) [PSYoungGen: 637701K->49765K(644608K)] 696349K->108413K(2042880K), 0.0168596 secs] [Times: user=0.13 sys=0.00, real=0.02 secs] 
2020-09-29T17:44:30.468+0200: 74.847: [GC (Allocation Failure) [PSYoungGen: 644197K->42661K(640512K)] 702845K->101309K(2038784K), 0.0139629 secs] [Times: user=0.13 sys=0.00, real=0.01 secs] 
2020-09-29T17:44:30.532+0200: 74.912: [GC (Allocation Failure) [PSYoungGen: 628901K->39812K(642560K)] 687549K->98460K(2040832K), 0.0139715 secs] [Times: user=0.13 sys=0.00, real=0.01 secs] 
2020-09-29T17:44:30.598+0200: 74.977: [GC (Allocation Failure) [PSYoungGen: 626052K->38117K(645120K)] 684700K->96765K(2043392K), 0.0157234 secs] [Times: user=0.11 sys=0.02, real=0.02 secs] 
2020-09-29T17:44:30.666+0200: 75.045: [GC (Allocation Failure) [PSYoungGen: 627941K->53733K(643584K)] 686589K->112389K(2041856K), 0.0177616 secs] [Times: user=0.13 sys=0.00, real=0.02 secs] 
2020-09-29T17:44:30.735+0200: 75.114: [GC (Allocation Failure) [PSYoungGen: 643557K->12899K(632320K)] 702213K->71555K(2030592K), 0.0049520 secs] [Times: user=0.13 sys=0.00, real=0.00 secs] 
2020-09-29T17:44:30.793+0200: 75.172: [GC (Allocation Failure) [PSYoungGen: 589923K->43077K(637952K)] 648579K->101733K(2036224K), 0.0146518 secs] [Times: user=0.13 sys=0.00, real=0.01 secs] 
2020-09-29T17:44:30.856+0200: 75.235: [GC (Allocation Failure) [PSYoungGen: 620101K->31204K(639488K)] 678757K->89860K(2037760K), 0.0118147 secs] [Times: user=0.13 sys=0.00, real=0.01 secs] 
2020-09-29T17:44:30.917+0200: 75.296: [GC (Allocation Failure) [PSYoungGen: 609764K->35492K(637952K)] 668420K->94148K(2036224K), 0.0129475 secs] [Times: user=0.13 sys=0.00, real=0.01 secs] 
2020-09-29T17:44:30.978+0200: 75.357: [GC (Allocation Failure) [PSYoungGen: 614052K->26083K(641536K)] 672708K->84739K(2039808K), 0.0107823 secs] [Times: user=0.00 sys=0.00, real=0.01 secs] 
2020-09-29T17:44:31.038+0200: 75.417: [GC (Allocation Failure) [PSYoungGen: 610275K->22212K(641536K)] 668931K->80868K(2039808K), 0.0081230 secs] [Times: user=0.00 sys=0.00, real=0.01 secs] 
2020-09-29T17:44:31.095+0200: 75.474: [GC (Allocation Failure) [PSYoungGen: 606404K->16643K(640512K)] 665060K->75299K(2038784K), 0.0080839 secs] [Times: user=0.13 sys=0.00, real=0.01 secs] 
2020-09-29T17:44:31.151+0200: 75.531: [GC (Allocation Failure) [PSYoungGen: 599811K->11203K(594432K)] 658467K->69859K(1992704K), 0.0050031 secs] [Times: user=0.00 sys=0.00, real=0.00 secs] 
2020-09-29T17:44:31.206+0200: 75.585: [GC (Allocation Failure) [PSYoungGen: 594371K->47524K(632832K)] 653027K->106180K(2031104K), 0.0170372 secs] [Times: user=0.23 sys=0.00, real=0.02 secs] 
2020-09-29T17:44:31.271+0200: 75.651: [GC (Allocation Failure) [PSYoungGen: 621476K->33540K(636416K)] 680132K->92196K(2034688K), 0.0125869 secs] [Times: user=0.00 sys=0.00, real=0.01 secs] 
2020-09-29T17:44:31.331+0200: 75.711: [GC (Allocation Failure) [PSYoungGen: 607492K->19588K(639488K)] 666148K->78244K(2037760K), 0.0075592 secs] [Times: user=0.05 sys=0.00, real=0.01 secs] 
2020-09-29T17:44:31.390+0200: 75.769: [GC (Allocation Failure) [PSYoungGen: 599172K->8515K(588288K)] 657828K->67171K(1986560K), 0.0036290 secs] [Times: user=0.00 sys=0.00, real=0.00 secs] 
2020-09-29T17:44:31.440+0200: 75.819: [GC (Allocation Failure) [PSYoungGen: 588099K->13891K(638976K)] 646755K->72547K(2037248K), 0.0057352 secs] [Times: user=0.13 sys=0.00, real=0.00 secs] 
2020-09-29T17:44:31.501+0200: 75.881: [GC (Allocation Failure) [PSYoungGen: 592451K->14850K(638464K)] 651107K->73506K(2036736K), 0.0079215 secs] [Times: user=0.13 sys=0.00, real=0.01 secs] 
2020-09-29T17:44:31.569+0200: 75.949: [GC (Allocation Failure) [PSYoungGen: 593410K->19139K(642048K)] 652066K->77795K(2040320K), 0.0084753 secs] [Times: user=0.00 sys=0.00, real=0.01 secs] 
2020-09-29T17:44:31.627+0200: 76.006: [GC (Allocation Failure) [PSYoungGen: 602307K->14114K(640000K)] 660963K->72770K(2038272K), 0.0068057 secs] [Times: user=0.13 sys=0.00, real=0.01 secs] 
2020-09-29T17:44:31.681+0200: 76.061: [GC (Allocation Failure) [PSYoungGen: 597282K->23043K(646656K)] 655938K->81699K(2044928K), 0.0103363 secs] [Times: user=0.02 sys=0.02, real=0.01 secs] 
2020-09-29T17:44:31.742+0200: 76.122: [GC (Allocation Failure) [PSYoungGen: 614403K->11810K(643584K)] 673059K->70466K(2041856K), 0.0063020 secs] [Times: user=0.00 sys=0.00, real=0.01 secs] 
2020-09-29T17:44:31.800+0200: 76.180: [GC (Allocation Failure) [PSYoungGen: 603170K->28995K(647680K)] 661826K->87651K(2045952K), 0.0120526 secs] [Times: user=0.02 sys=0.00, real=0.01 secs] 
2020-09-29T17:44:31.861+0200: 76.241: [GC (Allocation Failure) [PSYoungGen: 624963K->6881K(647168K)] 683619K->65537K(2045440K), 0.0047314 secs] [Times: user=0.13 sys=0.00, real=0.00 secs] 
2020-09-29T17:44:31.917+0200: 76.297: [GC (Allocation Failure) [PSYoungGen: 602849K->14978K(649216K)] 661505K->73634K(2047488K), 0.0077651 secs] [Times: user=0.00 sys=0.00, real=0.01 secs] 
2020-09-29T17:44:31.977+0200: 76.357: [GC (Allocation Failure) [PSYoungGen: 612994K->10337K(647680K)] 671650K->68993K(2045952K), 0.0068867 secs] [Times: user=0.00 sys=0.00, real=0.01 secs] 
2020-09-29T17:44:32.037+0200: 76.417: [GC (Allocation Failure) [PSYoungGen: 608353K->20482K(652800K)] 667009K->79138K(2051072K), 0.0092048 secs] [Times: user=0.00 sys=0.00, real=0.01 secs] 
2020-09-29T17:44:32.097+0200: 76.477: [GC (Allocation Failure) [PSYoungGen: 624642K->9121K(650240K)] 683298K->67777K(2048512K), 0.0059417 secs] [Times: user=0.03 sys=0.00, real=0.01 secs] 
2020-09-29T17:44:32.157+0200: 76.536: [GC (Allocation Failure) [PSYoungGen: 613281K->11714K(654848K)] 671937K->70370K(2053120K), 0.0063629 secs] [Times: user=0.13 sys=0.00, real=0.01 secs] 
2020-09-29T17:44:32.216+0200: 76.595: [GC (Allocation Failure) [PSYoungGen: 621506K->19938K(653824K)] 680162K->78594K(2052096K), 0.0093610 secs] [Times: user=0.13 sys=0.00, real=0.01 secs] 
2020-09-29T17:44:32.278+0200: 76.657: [GC (Allocation Failure) [PSYoungGen: 629730K->14434K(658432K)] 688386K->73090K(2056704K), 0.0077754 secs] [Times: user=0.00 sys=0.00, real=0.01 secs] 
2020-09-29T17:44:32.338+0200: 76.717: [GC (Allocation Failure) [PSYoungGen: 630882K->15650K(656896K)] 689538K->74306K(2055168K), 0.0076739 secs] [Times: user=0.00 sys=0.00, real=0.01 secs] 
2020-09-29T17:44:32.405+0200: 76.785: [GC (Allocation Failure) [PSYoungGen: 632098K->16898K(662528K)] 690754K->75554K(2060800K), 0.0075319 secs] [Times: user=0.13 sys=0.00, real=0.01 secs] 
2020-09-29T17:44:32.466+0200: 76.846: [GC (Allocation Failure) [PSYoungGen: 641026K->12098K(660480K)] 699682K->70754K(2058752K), 0.0060432 secs] [Times: user=0.00 sys=0.00, real=0.01 secs] 
2020-09-29T17:44:32.524+0200: 76.903: [GC (Allocation Failure) [PSYoungGen: 636226K->7138K(663552K)] 694882K->65794K(2061824K), 0.0042016 secs] [Times: user=0.00 sys=0.00, real=0.00 secs] 
2020-09-29T17:44:32.585+0200: 76.965: [GC (Allocation Failure) [PSYoungGen: 634850K->5858K(663040K)] 693506K->64514K(2061312K), 0.0035052 secs] [Times: user=0.00 sys=0.00, real=0.00 secs] 
2020-09-29T17:44:32.642+0200: 77.022: [GC (Allocation Failure) [PSYoungGen: 632402K->64K(662528K)] 691058K->58720K(2060800K), 0.0007725 secs] [Times: user=0.00 sys=0.00, real=0.00 secs] 
2020-09-29T17:44:32.698+0200: 77.078: [GC (Allocation Failure) [PSYoungGen: 627264K->11233K(663040K)] 685920K->69889K(2061312K), 0.0070065 secs] [Times: user=0.00 sys=0.00, real=0.01 secs] 
2020-09-29T17:44:32.762+0200: 77.142: [GC (Allocation Failure) [PSYoungGen: 638433K->8673K(666112K)] 697089K->67329K(2064384K), 0.0058355 secs] [Times: user=0.00 sys=0.00, real=0.01 secs] 
2020-09-29T17:44:32.836+0200: 77.216: [GC (Allocation Failure) [PSYoungGen: 640481K->9889K(664576K)] 699137K->68545K(2062848K), 0.0062191 secs] [Times: user=0.00 sys=0.00, real=0.01 secs] 
2020-09-29T17:44:32.937+0200: 77.317: [GC (Allocation Failure) [PSYoungGen: 641697K->12641K(669184K)] 700353K->71297K(2067456K), 0.0074378 secs] [Times: user=0.13 sys=0.00, real=0.01 secs] 
Heap
 PSYoungGen      total 669184K, used 198224K [0x00000000d5580000, 0x0000000100000000, 0x0000000100000000)
  eden space 637952K, 29% used [0x00000000d5580000,0x00000000e0abbd20,0x00000000fc480000)
  from space 31232K, 40% used [0x00000000fe180000,0x00000000fedd8490,0x0000000100000000)
  to   space 29696K, 0% used [0x00000000fc480000,0x00000000fc480000,0x00000000fe180000)
 ParOldGen       total 1398272K, used 58656K [0x0000000080000000, 0x00000000d5580000, 0x00000000d5580000)
  object space 1398272K, 4% used [0x0000000080000000,0x0000000083948050,0x00000000d5580000)
 Metaspace       used 2594K, capacity 4486K, committed 4864K, reserved 1056768K
  class space    used 285K, capacity 386K, committed 512K, reserved 1048576K
