Java HotSpot(TM) 64-Bit Server VM (25.261-b12) for windows-amd64 JRE (1.8.0_261-b12), built on Jun 18 2020 06:56:32 by "" with unknown MS VC++:1916
Memory: 4k page, physical 16659684k(9708044k free), swap 23213284k(9199036k free)
CommandLine flags: -XX:InitialHeapSize=2147483648 -XX:MaxHeapSize=2147483648 -XX:+PrintGC -XX:+PrintGCDateStamps -XX:+PrintGCDetails -XX:+PrintGCTimeStamps -XX:+UseCompressedClassPointers -XX:+UseCompressedOops -XX:-UseLargePagesIndividualAllocation -XX:+UseParallelGC 
2020-09-29T17:47:06.380+0200: 0.276: [GC (Allocation Failure) [PSYoungGen: 524800K->24371K(611840K)] 524800K->24379K(2010112K), 0.0358922 secs] [Times: user=0.22 sys=0.02, real=0.04 secs] 
2020-09-29T17:47:06.474+0200: 0.370: [GC (Allocation Failure) [PSYoungGen: 549171K->14307K(611840K)] 549179K->14315K(2010112K), 0.0297369 secs] [Times: user=0.13 sys=0.00, real=0.03 secs] 
2020-09-29T17:47:06.551+0200: 0.446: [GC (Allocation Failure) [PSYoungGen: 539107K->46949K(611840K)] 539115K->46957K(2010112K), 0.0174849 secs] [Times: user=0.11 sys=0.01, real=0.02 secs] 
2020-09-29T17:47:06.615+0200: 0.511: [GC (Allocation Failure) [PSYoungGen: 571749K->22099K(611840K)] 571757K->22107K(2010112K), 0.0100405 secs] [Times: user=0.00 sys=0.00, real=0.01 secs] 
2020-09-29T17:47:06.671+0200: 0.566: [GC (Allocation Failure) [PSYoungGen: 546899K->40852K(611840K)] 546907K->40860K(2010112K), 0.0142503 secs] [Times: user=0.13 sys=0.00, real=0.01 secs] 
2020-09-29T17:47:06.731+0200: 0.627: [GC (Allocation Failure) [PSYoungGen: 565652K->45909K(634880K)] 565660K->45917K(2033152K), 0.0240906 secs] [Times: user=0.20 sys=0.03, real=0.02 secs] 
2020-09-29T17:47:06.806+0200: 0.702: [GC (Allocation Failure) [PSYoungGen: 627029K->38405K(640000K)] 627037K->38825K(2038272K), 0.0176998 secs] [Times: user=0.08 sys=0.05, real=0.02 secs] 
2020-09-29T17:47:06.874+0200: 0.770: [GC (Allocation Failure) [PSYoungGen: 619525K->45253K(636416K)] 619945K->45673K(2034688K), 0.0170687 secs] [Times: user=0.13 sys=0.00, real=0.02 secs] 
2020-09-29T17:47:06.940+0200: 0.836: [GC (Allocation Failure) [PSYoungGen: 623301K->35333K(638464K)] 623721K->35753K(2036736K), 0.0120360 secs] [Times: user=0.13 sys=0.00, real=0.01 secs] 
2020-09-29T17:47:07.005+0200: 0.900: [GC (Allocation Failure) [PSYoungGen: 613381K->38148K(642048K)] 613801K->38568K(2040320K), 0.0142937 secs] [Times: user=0.00 sys=0.00, real=0.01 secs] 
2020-09-29T17:47:07.072+0200: 0.968: [GC (Allocation Failure) [PSYoungGen: 622340K->48005K(632320K)] 622760K->48425K(2030592K), 0.0179310 secs] [Times: user=0.13 sys=0.00, real=0.02 secs] 
2020-09-29T17:47:07.143+0200: 1.039: [GC (Allocation Failure) [PSYoungGen: 632197K->30661K(640512K)] 632617K->31081K(2038784K), 0.0130977 secs] [Times: user=0.11 sys=0.00, real=0.01 secs] 
2020-09-29T17:47:07.209+0200: 1.105: [GC (Allocation Failure) [PSYoungGen: 611269K->23364K(638976K)] 611689K->23784K(2037248K), 0.0086244 secs] [Times: user=0.00 sys=0.00, real=0.01 secs] 
2020-09-29T17:47:07.272+0200: 1.168: [GC (Allocation Failure) [PSYoungGen: 603972K->43365K(639488K)] 604392K->43785K(2037760K), 0.0149661 secs] [Times: user=0.13 sys=0.00, real=0.01 secs] 
2020-09-29T17:47:07.337+0200: 1.232: [GC (Allocation Failure) [PSYoungGen: 624485K->21348K(602624K)] 624905K->21768K(2000896K), 0.0084896 secs] [Times: user=0.00 sys=0.00, real=0.01 secs] 
2020-09-29T17:47:07.395+0200: 1.291: [GC (Allocation Failure) [PSYoungGen: 602468K->41861K(639488K)] 602888K->42281K(2037760K), 0.0135457 secs] [Times: user=0.00 sys=0.00, real=0.01 secs] 
2020-09-29T17:47:07.461+0200: 1.356: [GC (Allocation Failure) [PSYoungGen: 621957K->20132K(639488K)] 622377K->20552K(2037760K), 0.0073187 secs] [Times: user=0.00 sys=0.00, real=0.01 secs] 
2020-09-29T17:47:07.522+0200: 1.417: [GC (Allocation Failure) [PSYoungGen: 600228K->39653K(639488K)] 600648K->40073K(2037760K), 0.0136975 secs] [Times: user=0.00 sys=0.00, real=0.01 secs] 
2020-09-29T17:47:07.586+0200: 1.481: [GC (Allocation Failure) [PSYoungGen: 619749K->29988K(639488K)] 620169K->30408K(2037760K), 0.0119114 secs] [Times: user=0.03 sys=0.00, real=0.01 secs] 
2020-09-29T17:47:07.652+0200: 1.548: [GC (Allocation Failure) [PSYoungGen: 610084K->35909K(643072K)] 610504K->36329K(2041344K), 0.0120158 secs] [Times: user=0.13 sys=0.00, real=0.01 secs] 
2020-09-29T17:47:07.718+0200: 1.613: [GC (Allocation Failure) [PSYoungGen: 621637K->33637K(641536K)] 622057K->34057K(2039808K), 0.0123570 secs] [Times: user=0.13 sys=0.00, real=0.01 secs] 
2020-09-29T17:47:07.783+0200: 1.679: [GC (Allocation Failure) [PSYoungGen: 619365K->31045K(646656K)] 619785K->31465K(2044928K), 0.0113635 secs] [Times: user=0.13 sys=0.00, real=0.01 secs] 
2020-09-29T17:47:07.847+0200: 1.742: [GC (Allocation Failure) [PSYoungGen: 623941K->35236K(645120K)] 624361K->35656K(2043392K), 0.0130843 secs] [Times: user=0.13 sys=0.00, real=0.01 secs] 
2020-09-29T17:47:07.914+0200: 1.810: [GC (Allocation Failure) [PSYoungGen: 628132K->26501K(648192K)] 628552K->26921K(2046464K), 0.0091067 secs] [Times: user=0.00 sys=0.00, real=0.02 secs] 
2020-09-29T17:47:08.006+0200: 1.901: [GC (Allocation Failure) [PSYoungGen: 623493K->35236K(647680K)] 623913K->35656K(2045952K), 0.0127819 secs] [Times: user=0.00 sys=0.00, real=0.01 secs] 
2020-09-29T17:47:08.071+0200: 1.967: [GC (Allocation Failure) [PSYoungGen: 632228K->28419K(649728K)] 632648K->28839K(2048000K), 0.0115862 secs] [Times: user=0.13 sys=0.00, real=0.01 secs] 
2020-09-29T17:47:08.135+0200: 2.031: [GC (Allocation Failure) [PSYoungGen: 628483K->40581K(641024K)] 628903K->41001K(2039296K), 0.0141500 secs] [Times: user=0.13 sys=0.00, real=0.01 secs] 
2020-09-29T17:47:08.200+0200: 2.096: [GC (Allocation Failure) [PSYoungGen: 640645K->38533K(647680K)] 641065K->38953K(2045952K), 0.0133009 secs] [Times: user=0.13 sys=0.00, real=0.01 secs] 
2020-09-29T17:47:08.266+0200: 2.162: [GC (Allocation Failure) [PSYoungGen: 636037K->48101K(645632K)] 636457K->48521K(2043904K), 0.0162132 secs] [Times: user=0.13 sys=0.00, real=0.02 secs] 
2020-09-29T17:47:08.333+0200: 2.229: [GC (Allocation Failure) [PSYoungGen: 645605K->30405K(645632K)] 646025K->30825K(2043904K), 0.0115805 secs] [Times: user=0.00 sys=0.00, real=0.01 secs] 
2020-09-29T17:47:08.402+0200: 2.298: [GC (Allocation Failure) [PSYoungGen: 622789K->34821K(645632K)] 623209K->35241K(2043904K), 0.0113381 secs] [Times: user=0.13 sys=0.00, real=0.01 secs] 
2020-09-29T17:47:08.466+0200: 2.361: [GC (Allocation Failure) [PSYoungGen: 627205K->39333K(647680K)] 627625K->39753K(2045952K), 0.0142332 secs] [Times: user=0.13 sys=0.00, real=0.01 secs] 
2020-09-29T17:47:08.535+0200: 2.431: [GC (Allocation Failure) [PSYoungGen: 635813K->47909K(644608K)] 636233K->48329K(2042880K), 0.0161283 secs] [Times: user=0.25 sys=0.00, real=0.02 secs] 
2020-09-29T17:47:08.607+0200: 2.502: [GC (Allocation Failure) [PSYoungGen: 644389K->41700K(644608K)] 644809K->42120K(2042880K), 0.0157703 secs] [Times: user=0.11 sys=0.00, real=0.01 secs] 
2020-09-29T17:47:08.674+0200: 2.570: [GC (Allocation Failure) [PSYoungGen: 632036K->28035K(644608K)] 632456K->28455K(2042880K), 0.0110666 secs] [Times: user=0.13 sys=0.00, real=0.01 secs] 
2020-09-29T17:47:08.735+0200: 2.631: [GC (Allocation Failure) [PSYoungGen: 618371K->42788K(643584K)] 618791K->43208K(2041856K), 0.0151017 secs] [Times: user=0.13 sys=0.00, real=0.02 secs] 
2020-09-29T17:47:08.802+0200: 2.697: [GC (Allocation Failure) [PSYoungGen: 632100K->44164K(633856K)] 632520K->44584K(2032128K), 0.0155367 secs] [Times: user=0.13 sys=0.00, real=0.01 secs] 
2020-09-29T17:47:08.868+0200: 2.764: [GC (Allocation Failure) [PSYoungGen: 633476K->45189K(641024K)] 633896K->45609K(2039296K), 0.0156033 secs] [Times: user=0.13 sys=0.00, real=0.02 secs] 
2020-09-29T17:47:08.934+0200: 2.830: [GC (Allocation Failure) [PSYoungGen: 630405K->24899K(610304K)] 630825K->25319K(2008576K), 0.0103580 secs] [Times: user=0.13 sys=0.00, real=0.01 secs] 
2020-09-29T17:47:08.995+0200: 2.891: [GC (Allocation Failure) [PSYoungGen: 610115K->35108K(643072K)] 610535K->35528K(2041344K), 0.0126363 secs] [Times: user=0.13 sys=0.00, real=0.01 secs] 
2020-09-29T17:47:09.061+0200: 2.957: [GC (Allocation Failure) [PSYoungGen: 620836K->17572K(641536K)] 621256K->17992K(2039808K), 0.0064754 secs] [Times: user=0.13 sys=0.00, real=0.01 secs] 
2020-09-29T17:47:09.126+0200: 3.022: [GC (Allocation Failure) [PSYoungGen: 603300K->13347K(639488K)] 603720K->13767K(2037760K), 0.0054713 secs] [Times: user=0.13 sys=0.00, real=0.01 secs] 
2020-09-29T17:47:09.190+0200: 3.086: [GC (Allocation Failure) [PSYoungGen: 595491K->48709K(631296K)] 595911K->49129K(2029568K), 0.0165104 secs] [Times: user=0.13 sys=0.00, real=0.02 secs] 
2020-09-29T17:47:09.257+0200: 3.153: [GC (Allocation Failure) [PSYoungGen: 630853K->42789K(635904K)] 631273K->43209K(2034176K), 0.0146219 secs] [Times: user=0.13 sys=0.00, real=0.02 secs] 
2020-09-29T17:47:09.324+0200: 3.220: [GC (Allocation Failure) [PSYoungGen: 616741K->26852K(636416K)] 617161K->27272K(2034688K), 0.0131843 secs] [Times: user=0.11 sys=0.00, real=0.01 secs] 
2020-09-29T17:47:09.390+0200: 3.286: [GC (Allocation Failure) [PSYoungGen: 600804K->26404K(638976K)] 601224K->26824K(2037248K), 0.0109302 secs] [Times: user=0.13 sys=0.00, real=0.01 secs] 
2020-09-29T17:47:09.453+0200: 3.349: [GC (Allocation Failure) [PSYoungGen: 604452K->28355K(637952K)] 604872K->28775K(2036224K), 0.0125473 secs] [Times: user=0.13 sys=0.00, real=0.01 secs] 
2020-09-29T17:47:09.516+0200: 3.412: [GC (Allocation Failure) [PSYoungGen: 606403K->29604K(642560K)] 606823K->30024K(2040832K), 0.0112271 secs] [Times: user=0.13 sys=0.00, real=0.01 secs] 
2020-09-29T17:47:09.579+0200: 3.474: [GC (Allocation Failure) [PSYoungGen: 614308K->40069K(641024K)] 614728K->40489K(2039296K), 0.0148886 secs] [Times: user=0.11 sys=0.00, real=0.01 secs] 
2020-09-29T17:47:09.645+0200: 3.541: [GC (Allocation Failure) [PSYoungGen: 624773K->50597K(634368K)] 625193K->51017K(2032640K), 0.0168132 secs] [Times: user=0.13 sys=0.00, real=0.02 secs] 
2020-09-29T17:47:09.711+0200: 3.607: [GC (Allocation Failure) [PSYoungGen: 628645K->9153K(587264K)] 629065K->9573K(1985536K), 0.0055974 secs] [Times: user=0.00 sys=0.00, real=0.01 secs] 
2020-09-29T17:47:09.766+0200: 3.662: [GC (Allocation Failure) [PSYoungGen: 587201K->24612K(637952K)] 587621K->25032K(2036224K), 0.0090062 secs] [Times: user=0.13 sys=0.00, real=0.01 secs] 
2020-09-29T17:47:09.825+0200: 3.721: [GC (Allocation Failure) [PSYoungGen: 600100K->38437K(636416K)] 600520K->38857K(2034688K), 0.0130685 secs] [Times: user=0.13 sys=0.00, real=0.01 secs] 
2020-09-29T17:47:09.889+0200: 3.784: [GC (Allocation Failure) [PSYoungGen: 613925K->38532K(638976K)] 614345K->38952K(2037248K), 0.0146891 secs] [Times: user=0.13 sys=0.00, real=0.01 secs] 
2020-09-29T17:47:09.953+0200: 3.849: [GC (Allocation Failure) [PSYoungGen: 617092K->25060K(638464K)] 617512K->25480K(2036736K), 0.0100217 secs] [Times: user=0.13 sys=0.00, real=0.01 secs] 
2020-09-29T17:47:10.013+0200: 3.909: [GC (Allocation Failure) [PSYoungGen: 603620K->29284K(642560K)] 604040K->29704K(2040832K), 0.0109786 secs] [Times: user=0.13 sys=0.00, real=0.01 secs] 
2020-09-29T17:47:10.076+0200: 3.972: [GC (Allocation Failure) [PSYoungGen: 612964K->50980K(634880K)] 613384K->51400K(2033152K), 0.0179849 secs] [Times: user=0.13 sys=0.00, real=0.02 secs] 
2020-09-29T17:47:10.144+0200: 4.040: [GC (Allocation Failure) [PSYoungGen: 634660K->15971K(636928K)] 635080K->16391K(2035200K), 0.0074775 secs] [Times: user=0.05 sys=0.00, real=0.01 secs] 
2020-09-29T17:47:10.201+0200: 4.097: [GC (Allocation Failure) [PSYoungGen: 591971K->16322K(637440K)] 592391K->16742K(2035712K), 0.0075630 secs] [Times: user=0.13 sys=0.00, real=0.01 secs] 
2020-09-29T17:47:10.260+0200: 4.156: [GC (Allocation Failure) [PSYoungGen: 592322K->31813K(640000K)] 592742K->32233K(2038272K), 0.0114878 secs] [Times: user=0.13 sys=0.00, real=0.01 secs] 
2020-09-29T17:47:10.322+0200: 4.218: [GC (Allocation Failure) [PSYoungGen: 610373K->36133K(637440K)] 610793K->36553K(2035712K), 0.0116564 secs] [Times: user=0.13 sys=0.00, real=0.01 secs] 
2020-09-29T17:47:10.385+0200: 4.281: [GC (Allocation Failure) [PSYoungGen: 614693K->24868K(642560K)] 615113K->25288K(2040832K), 0.0098656 secs] [Times: user=0.13 sys=0.00, real=0.01 secs] 
2020-09-29T17:47:10.450+0200: 4.346: [GC (Allocation Failure) [PSYoungGen: 609572K->35333K(641024K)] 609992K->35753K(2039296K), 0.0118311 secs] [Times: user=0.13 sys=0.00, real=0.01 secs] 
2020-09-29T17:47:10.518+0200: 4.414: [GC (Allocation Failure) [PSYoungGen: 620037K->45829K(636928K)] 620457K->46249K(2035200K), 0.0155608 secs] [Times: user=0.13 sys=0.00, real=0.02 secs] 
2020-09-29T17:47:10.584+0200: 4.480: [GC (Allocation Failure) [PSYoungGen: 626949K->39013K(640000K)] 627369K->39433K(2038272K), 0.0149466 secs] [Times: user=0.11 sys=0.00, real=0.01 secs] 
2020-09-29T17:47:10.651+0200: 4.546: [GC (Allocation Failure) [PSYoungGen: 620133K->43940K(637440K)] 620553K->44360K(2035712K), 0.0155002 secs] [Times: user=0.13 sys=0.00, real=0.02 secs] 
2020-09-29T17:47:10.724+0200: 4.620: [GC (Allocation Failure) [PSYoungGen: 623012K->35077K(638976K)] 623432K->35497K(2037248K), 0.0130979 secs] [Times: user=0.00 sys=0.00, real=0.01 secs] 
2020-09-29T17:47:10.787+0200: 4.683: [GC (Allocation Failure) [PSYoungGen: 614149K->39973K(641536K)] 614569K->40393K(2039808K), 0.0133978 secs] [Times: user=0.13 sys=0.00, real=0.01 secs] 
2020-09-29T17:47:10.851+0200: 4.747: [GC (Allocation Failure) [PSYoungGen: 623653K->19875K(641024K)] 624073K->20295K(2039296K), 0.0089111 secs] [Times: user=0.00 sys=0.00, real=0.01 secs] 
2020-09-29T17:47:10.910+0200: 4.806: [GC (Allocation Failure) [PSYoungGen: 603555K->42308K(638976K)] 603975K->42728K(2037248K), 0.0153664 secs] [Times: user=0.13 sys=0.00, real=0.01 secs] 
2020-09-29T17:47:10.976+0200: 4.871: [GC (Allocation Failure) [PSYoungGen: 623428K->35524K(640000K)] 623848K->35944K(2038272K), 0.0128282 secs] [Times: user=0.00 sys=0.00, real=0.01 secs] 
2020-09-29T17:47:11.038+0200: 4.934: [GC (Allocation Failure) [PSYoungGen: 616644K->56101K(630784K)] 617064K->56521K(2029056K), 0.0189438 secs] [Times: user=0.13 sys=0.00, real=0.02 secs] 
2020-09-29T17:47:11.107+0200: 5.002: [GC (Allocation Failure) [PSYoungGen: 630053K->41252K(636416K)] 630473K->41672K(2034688K), 0.0144404 secs] [Times: user=0.13 sys=0.00, real=0.01 secs] 
2020-09-29T17:47:11.171+0200: 5.067: [GC (Allocation Failure) [PSYoungGen: 615204K->25124K(637440K)] 615624K->25544K(2035712K), 0.0097148 secs] [Times: user=0.13 sys=0.00, real=0.01 secs] 
2020-09-29T17:47:11.232+0200: 5.128: [GC (Allocation Failure) [PSYoungGen: 600612K->24549K(636928K)] 601032K->24969K(2035200K), 0.0089332 secs] [Times: user=0.13 sys=0.00, real=0.01 secs] 
2020-09-29T17:47:11.296+0200: 5.192: [GC (Allocation Failure) [PSYoungGen: 600037K->39525K(638976K)] 600457K->39945K(2037248K), 0.0139168 secs] [Times: user=0.13 sys=0.00, real=0.01 secs] 
2020-09-29T17:47:11.361+0200: 5.257: [GC (Allocation Failure) [PSYoungGen: 617573K->39748K(637952K)] 617993K->40168K(2036224K), 0.0137474 secs] [Times: user=0.13 sys=0.00, real=0.01 secs] 
2020-09-29T17:47:11.424+0200: 5.320: [GC (Allocation Failure) [PSYoungGen: 617796K->29092K(641024K)] 618216K->29512K(2039296K), 0.0107820 secs] [Times: user=0.13 sys=0.00, real=0.01 secs] 
2020-09-29T17:47:11.484+0200: 5.380: [GC (Allocation Failure) [PSYoungGen: 610724K->36165K(639488K)] 611144K->36585K(2037760K), 0.0123264 secs] [Times: user=0.11 sys=0.00, real=0.01 secs] 
2020-09-29T17:47:11.547+0200: 5.442: [GC (Allocation Failure) [PSYoungGen: 617797K->15620K(640512K)] 618217K->16040K(2038784K), 0.0053270 secs] [Times: user=0.13 sys=0.00, real=0.01 secs] 
2020-09-29T17:47:11.603+0200: 5.499: [GC (Allocation Failure) [PSYoungGen: 599812K->25605K(641536K)] 600232K->26025K(2039808K), 0.0089614 secs] [Times: user=0.00 sys=0.00, real=0.01 secs] 
2020-09-29T17:47:11.672+0200: 5.568: [GC (Allocation Failure) [PSYoungGen: 609797K->33796K(644608K)] 610217K->34216K(2042880K), 0.0122712 secs] [Times: user=0.13 sys=0.00, real=0.01 secs] 
2020-09-29T17:47:11.742+0200: 5.638: [GC (Allocation Failure) [PSYoungGen: 622084K->47845K(636416K)] 622504K->48265K(2034688K), 0.0166938 secs] [Times: user=0.13 sys=0.00, real=0.02 secs] 
2020-09-29T17:47:11.814+0200: 5.710: [GC (Allocation Failure) [PSYoungGen: 636133K->34501K(643072K)] 636553K->34921K(2041344K), 0.0124060 secs] [Times: user=0.13 sys=0.00, real=0.01 secs] 
2020-09-29T17:47:11.876+0200: 5.772: [GC (Allocation Failure) [PSYoungGen: 619717K->45541K(641024K)] 620137K->45961K(2039296K), 0.0154340 secs] [Times: user=0.13 sys=0.00, real=0.02 secs] 
2020-09-29T17:47:11.943+0200: 5.838: [GC (Allocation Failure) [PSYoungGen: 630757K->28228K(642048K)] 631177K->28648K(2040320K), 0.0106991 secs] [Times: user=0.00 sys=0.00, real=0.01 secs] 
2020-09-29T17:47:12.003+0200: 5.899: [GC (Allocation Failure) [PSYoungGen: 612420K->19907K(641024K)] 612840K->20327K(2039296K), 0.0079640 secs] [Times: user=0.13 sys=0.00, real=0.01 secs] 
2020-09-29T17:47:12.063+0200: 5.959: [GC (Allocation Failure) [PSYoungGen: 604099K->29380K(643584K)] 604519K->29800K(2041856K), 0.0104852 secs] [Times: user=0.13 sys=0.00, real=0.01 secs] 
2020-09-29T17:47:12.129+0200: 6.025: [GC (Allocation Failure) [PSYoungGen: 616132K->41893K(642048K)] 616552K->42313K(2040320K), 0.0139485 secs] [Times: user=0.00 sys=0.00, real=0.01 secs] 
2020-09-29T17:47:12.200+0200: 6.096: [GC (Allocation Failure) [PSYoungGen: 628645K->40773K(641536K)] 629065K->41193K(2039808K), 0.0150444 secs] [Times: user=0.13 sys=0.00, real=0.01 secs] 
2020-09-29T17:47:12.270+0200: 6.166: [GC (Allocation Failure) [PSYoungGen: 625989K->36293K(642048K)] 626409K->36713K(2040320K), 0.0143980 secs] [Times: user=0.03 sys=0.00, real=0.02 secs] 
2020-09-29T17:47:12.337+0200: 6.233: [GC (Allocation Failure) [PSYoungGen: 621509K->30532K(645120K)] 621929K->30952K(2043392K), 0.0130905 secs] [Times: user=0.13 sys=0.00, real=0.01 secs] 
2020-09-29T17:47:12.403+0200: 6.299: [GC (Allocation Failure) [PSYoungGen: 620356K->32037K(643584K)] 620776K->32457K(2041856K), 0.0119365 secs] [Times: user=0.13 sys=0.00, real=0.01 secs] 
2020-09-29T17:47:12.465+0200: 6.361: [GC (Allocation Failure) [PSYoungGen: 621861K->33957K(648192K)] 622281K->34377K(2046464K), 0.0123316 secs] [Times: user=0.13 sys=0.00, real=0.01 secs] 
2020-09-29T17:47:12.529+0200: 6.425: [GC (Allocation Failure) [PSYoungGen: 629925K->12388K(608768K)] 630345K->12808K(2007040K), 0.0042151 secs] [Times: user=0.00 sys=0.00, real=0.00 secs] 
2020-09-29T17:47:12.592+0200: 6.488: [GC (Allocation Failure) [PSYoungGen: 608356K->34149K(647680K)] 608776K->34569K(2045952K), 0.0125373 secs] [Times: user=0.11 sys=0.00, real=0.01 secs] 
2020-09-29T17:47:12.660+0200: 6.556: [GC (Allocation Failure) [PSYoungGen: 627922K->24131K(646144K)] 628342K->24551K(2044416K), 0.0090974 secs] [Times: user=0.00 sys=0.00, real=0.01 secs] 
2020-09-29T17:47:12.719+0200: 6.615: [GC (Allocation Failure) [PSYoungGen: 619075K->44613K(642048K)] 619495K->45033K(2040320K), 0.0152612 secs] [Times: user=0.13 sys=0.00, real=0.02 secs] 
2020-09-29T17:47:12.786+0200: 6.682: [GC (Allocation Failure) [PSYoungGen: 635973K->48069K(639488K)] 636393K->48489K(2037760K), 0.0157860 secs] [Times: user=0.13 sys=0.00, real=0.02 secs] 
2020-09-29T17:47:12.854+0200: 6.750: [GC (Allocation Failure) [PSYoungGen: 639429K->37829K(642560K)] 639849K->38249K(2040832K), 0.0132294 secs] [Times: user=0.13 sys=0.00, real=0.01 secs] 
2020-09-29T17:47:12.918+0200: 6.814: [GC (Allocation Failure) [PSYoungGen: 623045K->34181K(641536K)] 623465K->34601K(2039808K), 0.0120616 secs] [Times: user=0.13 sys=0.00, real=0.01 secs] 
2020-09-29T17:47:12.985+0200: 6.881: [GC (Allocation Failure) [PSYoungGen: 619397K->27651K(645120K)] 619817K->28071K(2043392K), 0.0113406 secs] [Times: user=0.13 sys=0.00, real=0.01 secs] 
2020-09-29T17:47:13.047+0200: 6.943: [GC (Allocation Failure) [PSYoungGen: 618499K->30661K(644608K)] 618919K->31081K(2042880K), 0.0107699 secs] [Times: user=0.13 sys=0.00, real=0.01 secs] 
2020-09-29T17:47:13.114+0200: 7.010: [GC (Allocation Failure) [PSYoungGen: 621509K->32741K(648192K)] 621929K->33161K(2046464K), 0.0118730 secs] [Times: user=0.00 sys=0.00, real=0.01 secs] 
2020-09-29T17:47:13.177+0200: 7.073: [GC (Allocation Failure) [PSYoungGen: 628709K->40837K(646656K)] 629129K->41257K(2044928K), 0.0144249 secs] [Times: user=0.00 sys=0.00, real=0.01 secs] 
2020-09-29T17:47:13.243+0200: 7.139: [GC (Allocation Failure) [PSYoungGen: 636805K->18275K(645120K)] 637225K->18695K(2043392K), 0.0079178 secs] [Times: user=0.00 sys=0.00, real=0.01 secs] 
2020-09-29T17:47:13.301+0200: 7.197: [GC (Allocation Failure) [PSYoungGen: 611683K->37477K(646144K)] 612103K->37897K(2044416K), 0.0130162 secs] [Times: user=0.00 sys=0.00, real=0.01 secs] 
2020-09-29T17:47:13.365+0200: 7.261: [GC (Allocation Failure) [PSYoungGen: 630885K->52197K(632320K)] 631305K->56985K(2030592K), 0.0191888 secs] [Times: user=0.13 sys=0.00, real=0.02 secs] 
2020-09-29T17:47:13.435+0200: 7.331: [GC (Allocation Failure) [PSYoungGen: 632293K->20164K(639488K)] 637081K->24952K(2037760K), 0.0071891 secs] [Times: user=0.13 sys=0.00, real=0.01 secs] 
2020-09-29T17:47:13.494+0200: 7.390: [GC (Allocation Failure) [PSYoungGen: 600260K->24004K(640512K)] 605048K->28792K(2038784K), 0.0096285 secs] [Times: user=0.13 sys=0.00, real=0.01 secs] 
2020-09-29T17:47:13.553+0200: 7.450: [GC (Allocation Failure) [PSYoungGen: 605124K->44581K(626176K)] 609912K->49369K(2024448K), 0.0149038 secs] [Times: user=0.13 sys=0.00, real=0.02 secs] 
2020-09-29T17:47:13.621+0200: 7.517: [GC (Allocation Failure) [PSYoungGen: 625701K->35748K(640512K)] 630489K->40536K(2038784K), 0.0145171 secs] [Times: user=0.13 sys=0.00, real=0.01 secs] 
2020-09-29T17:47:13.685+0200: 7.581: [GC (Allocation Failure) [PSYoungGen: 615844K->39204K(638464K)] 620632K->43992K(2036736K), 0.0141074 secs] [Times: user=0.13 sys=0.00, real=0.01 secs] 
2020-09-29T17:47:13.749+0200: 7.645: [GC (Allocation Failure) [PSYoungGen: 619300K->45061K(637952K)] 624088K->49849K(2036224K), 0.0158045 secs] [Times: user=0.13 sys=0.00, real=0.02 secs] 
2020-09-29T17:47:13.815+0200: 7.711: [GC (Allocation Failure) [PSYoungGen: 625157K->22724K(639488K)] 629945K->27512K(2037760K), 0.0086211 secs] [Times: user=0.13 sys=0.00, real=0.01 secs] 
2020-09-29T17:47:13.875+0200: 7.771: [GC (Allocation Failure) [PSYoungGen: 602820K->42277K(638464K)] 607608K->47065K(2036736K), 0.0146180 secs] [Times: user=0.13 sys=0.00, real=0.02 secs] 
2020-09-29T17:47:13.940+0200: 7.836: [GC (Allocation Failure) [PSYoungGen: 621349K->33349K(638976K)] 626137K->38137K(2037248K), 0.0111555 secs] [Times: user=0.13 sys=0.00, real=0.01 secs] 
2020-09-29T17:47:14.005+0200: 7.901: [GC (Allocation Failure) [PSYoungGen: 612421K->38149K(642560K)] 617209K->42937K(2040832K), 0.0129157 secs] [Times: user=0.00 sys=0.00, real=0.01 secs] 
2020-09-29T17:47:14.073+0200: 7.968: [GC (Allocation Failure) [PSYoungGen: 623365K->35525K(641536K)] 628153K->40313K(2039808K), 0.0136388 secs] [Times: user=0.11 sys=0.00, real=0.01 secs] 
2020-09-29T17:47:14.139+0200: 8.034: [GC (Allocation Failure) [PSYoungGen: 620741K->31940K(645632K)] 625529K->36728K(2043904K), 0.0117046 secs] [Times: user=0.13 sys=0.00, real=0.01 secs] 
2020-09-29T17:47:14.202+0200: 8.097: [GC (Allocation Failure) [PSYoungGen: 623300K->21476K(644608K)] 628088K->26264K(2042880K), 0.0079158 secs] [Times: user=0.13 sys=0.00, real=0.01 secs] 
2020-09-29T17:47:14.263+0200: 8.159: [GC (Allocation Failure) [PSYoungGen: 612836K->38629K(645120K)] 617624K->43417K(2043392K), 0.0137527 secs] [Times: user=0.13 sys=0.00, real=0.01 secs] 
2020-09-29T17:47:14.328+0200: 8.223: [GC (Allocation Failure) [PSYoungGen: 629989K->41988K(633856K)] 634777K->46776K(2032128K), 0.0150763 secs] [Times: user=0.13 sys=0.00, real=0.01 secs] 
2020-09-29T17:47:14.394+0200: 8.289: [GC (Allocation Failure) [PSYoungGen: 633348K->30756K(645632K)] 638136K->35544K(2043904K), 0.0108637 secs] [Times: user=0.13 sys=0.00, real=0.01 secs] 
2020-09-29T17:47:14.456+0200: 8.352: [GC (Allocation Failure) [PSYoungGen: 622116K->33475K(644608K)] 626904K->38263K(2042880K), 0.0130250 secs] [Times: user=0.13 sys=0.00, real=0.01 secs] 
2020-09-29T17:47:14.521+0200: 8.416: [GC (Allocation Failure) [PSYoungGen: 624835K->23269K(647168K)] 629623K->28057K(2045440K), 0.0083249 secs] [Times: user=0.00 sys=0.00, real=0.01 secs] 
2020-09-29T17:47:14.584+0200: 8.479: [GC (Allocation Failure) [PSYoungGen: 618725K->30692K(647168K)] 623513K->35480K(2045440K), 0.0119752 secs] [Times: user=0.00 sys=0.00, real=0.01 secs] 
2020-09-29T17:47:14.648+0200: 8.543: [GC (Allocation Failure) [PSYoungGen: 626148K->37828K(648192K)] 630936K->42616K(2046464K), 0.0132131 secs] [Times: user=0.13 sys=0.00, real=0.01 secs] 
2020-09-29T17:47:14.713+0200: 8.608: [GC (Allocation Failure) [PSYoungGen: 635332K->47429K(645120K)] 640120K->52217K(2043392K), 0.0160847 secs] [Times: user=0.13 sys=0.00, real=0.02 secs] 
2020-09-29T17:47:14.782+0200: 8.677: [GC (Allocation Failure) [PSYoungGen: 644933K->43397K(642048K)] 649721K->48185K(2040320K), 0.0145909 secs] [Times: user=0.13 sys=0.00, real=0.01 secs] 
2020-09-29T17:47:14.849+0200: 8.744: [GC (Allocation Failure) [PSYoungGen: 631685K->43172K(631808K)] 636473K->47960K(2030080K), 0.0153010 secs] [Times: user=0.13 sys=0.00, real=0.02 secs] 
2020-09-29T17:47:14.915+0200: 8.810: [GC (Allocation Failure) [PSYoungGen: 631460K->43589K(641024K)] 636248K->48377K(2039296K), 0.0159831 secs] [Times: user=0.13 sys=0.00, real=0.02 secs] 
2020-09-29T17:47:14.983+0200: 8.878: [GC (Allocation Failure) [PSYoungGen: 628805K->54501K(640000K)] 633593K->59289K(2038272K), 0.0179988 secs] [Times: user=0.13 sys=0.00, real=0.02 secs] 
2020-09-29T17:47:15.052+0200: 8.947: [GC (Allocation Failure) [PSYoungGen: 639717K->38148K(638976K)] 644505K->42936K(2037248K), 0.0130727 secs] [Times: user=0.00 sys=0.00, real=0.01 secs] 
2020-09-29T17:47:15.117+0200: 9.013: [GC (Allocation Failure) [PSYoungGen: 618244K->44037K(639488K)] 623032K->48825K(2037760K), 0.0145159 secs] [Times: user=0.13 sys=0.00, real=0.01 secs] 
2020-09-29T17:47:15.183+0200: 9.078: [GC (Allocation Failure) [PSYoungGen: 624133K->36229K(641024K)] 628921K->41017K(2039296K), 0.0121508 secs] [Times: user=0.13 sys=0.00, real=0.01 secs] 
2020-09-29T17:47:15.246+0200: 9.141: [GC (Allocation Failure) [PSYoungGen: 618373K->42213K(640000K)] 623161K->47001K(2038272K), 0.0178375 secs] [Times: user=0.11 sys=0.00, real=0.02 secs] 
2020-09-29T17:47:15.314+0200: 9.209: [GC (Allocation Failure) [PSYoungGen: 624357K->22499K(638976K)] 629145K->27287K(2037248K), 0.0092016 secs] [Times: user=0.13 sys=0.00, real=0.01 secs] 
2020-09-29T17:47:15.373+0200: 9.268: [GC (Allocation Failure) [PSYoungGen: 604643K->44101K(640512K)] 609431K->48889K(2038784K), 0.0145317 secs] [Times: user=0.13 sys=0.00, real=0.02 secs] 
2020-09-29T17:47:15.438+0200: 9.333: [GC (Allocation Failure) [PSYoungGen: 626245K->35813K(642048K)] 631033K->40601K(2040320K), 0.0126252 secs] [Times: user=0.13 sys=0.00, real=0.01 secs] 
2020-09-29T17:47:15.500+0200: 9.395: [GC (Allocation Failure) [PSYoungGen: 619493K->30276K(640512K)] 624281K->35064K(2038784K), 0.0105582 secs] [Times: user=0.13 sys=0.00, real=0.01 secs] 
2020-09-29T17:47:15.564+0200: 9.460: [GC (Allocation Failure) [PSYoungGen: 613956K->39557K(643584K)] 618744K->44345K(2041856K), 0.0148379 secs] [Times: user=0.11 sys=0.00, real=0.02 secs] 
2020-09-29T17:47:15.632+0200: 9.527: [GC (Allocation Failure) [PSYoungGen: 626821K->38500K(642560K)] 631609K->43288K(2040832K), 0.0139318 secs] [Times: user=0.01 sys=0.01, real=0.01 secs] 
2020-09-29T17:47:15.695+0200: 9.591: [GC (Allocation Failure) [PSYoungGen: 625764K->37733K(646656K)] 630552K->42521K(2044928K), 0.0123277 secs] [Times: user=0.01 sys=0.00, real=0.01 secs] 
2020-09-29T17:47:15.760+0200: 9.655: [GC (Allocation Failure) [PSYoungGen: 630629K->27972K(645120K)] 635417K->32760K(2043392K), 0.0108318 secs] [Times: user=0.00 sys=0.00, real=0.01 secs] 
2020-09-29T17:47:15.825+0200: 9.720: [GC (Allocation Failure) [PSYoungGen: 620868K->46597K(642048K)] 625656K->51385K(2040320K), 0.0160512 secs] [Times: user=0.13 sys=0.00, real=0.02 secs] 
2020-09-29T17:47:15.892+0200: 9.787: [GC (Allocation Failure) [PSYoungGen: 635909K->19843K(609280K)] 640697K->24631K(2007552K), 0.0089368 secs] [Times: user=0.13 sys=0.00, real=0.01 secs] 
2020-09-29T17:47:15.955+0200: 9.850: [GC (Allocation Failure) [PSYoungGen: 609155K->34949K(644608K)] 613943K->39737K(2042880K), 0.0123983 secs] [Times: user=0.13 sys=0.00, real=0.01 secs] 
2020-09-29T17:47:16.018+0200: 9.914: [GC (Allocation Failure) [PSYoungGen: 623749K->49573K(638464K)] 628537K->54361K(2036736K), 0.0165916 secs] [Times: user=0.13 sys=0.00, real=0.02 secs] 
2020-09-29T17:47:16.086+0200: 9.981: [GC (Allocation Failure) [PSYoungGen: 638373K->50373K(635392K)] 643161K->55161K(2033664K), 0.0169338 secs] [Times: user=0.13 sys=0.00, real=0.02 secs] 
2020-09-29T17:47:16.152+0200: 10.047: [GC (Allocation Failure) [PSYoungGen: 628421K->40549K(638464K)] 633209K->45337K(2036736K), 0.0138966 secs] [Times: user=0.13 sys=0.00, real=0.01 secs] 
2020-09-29T17:47:16.215+0200: 10.111: [GC (Allocation Failure) [PSYoungGen: 618597K->42436K(640512K)] 623385K->47224K(2038784K), 0.0153485 secs] [Times: user=0.13 sys=0.00, real=0.02 secs] 
2020-09-29T17:47:16.283+0200: 10.179: [GC (Allocation Failure) [PSYoungGen: 624068K->36197K(640000K)] 628856K->40985K(2038272K), 0.0154894 secs] [Times: user=0.11 sys=0.00, real=0.02 secs] 
2020-09-29T17:47:16.351+0200: 10.247: [GC (Allocation Failure) [PSYoungGen: 617829K->43428K(642048K)] 622617K->48216K(2040320K), 0.0171691 secs] [Times: user=0.13 sys=0.00, real=0.02 secs] 
2020-09-29T17:47:16.422+0200: 10.317: [GC (Allocation Failure) [PSYoungGen: 628644K->26853K(612352K)] 633432K->31641K(2010624K), 0.0114339 secs] [Times: user=0.11 sys=0.00, real=0.01 secs] 
2020-09-29T17:47:16.488+0200: 10.384: [GC (Allocation Failure) [PSYoungGen: 612069K->36389K(643072K)] 616857K->41177K(2041344K), 0.0126032 secs] [Times: user=0.13 sys=0.00, real=0.01 secs] 
2020-09-29T17:47:16.552+0200: 10.447: [GC (Allocation Failure) [PSYoungGen: 622117K->55781K(641536K)] 626905K->66161K(2039808K), 0.0210977 secs] [Times: user=0.13 sys=0.00, real=0.02 secs] 
2020-09-29T17:47:16.624+0200: 10.520: [GC (Allocation Failure) [PSYoungGen: 641509K->31845K(632320K)] 651889K->42225K(2030592K), 0.0117617 secs] [Times: user=0.11 sys=0.00, real=0.01 secs] 
2020-09-29T17:47:16.688+0200: 10.583: [GC (Allocation Failure) [PSYoungGen: 606821K->32613K(636928K)] 617201K->42993K(2035200K), 0.0116832 secs] [Times: user=0.13 sys=0.00, real=0.01 secs] 
2020-09-29T17:47:16.749+0200: 10.645: [GC (Allocation Failure) [PSYoungGen: 607589K->32708K(639488K)] 617969K->43088K(2037760K), 0.0124258 secs] [Times: user=0.13 sys=0.00, real=0.01 secs] 
2020-09-29T17:47:16.816+0200: 10.712: [GC (Allocation Failure) [PSYoungGen: 611268K->36997K(637952K)] 621648K->47377K(2036224K), 0.0125492 secs] [Times: user=0.13 sys=0.00, real=0.01 secs] 
2020-09-29T17:47:16.877+0200: 10.773: [GC (Allocation Failure) [PSYoungGen: 615557K->41317K(642048K)] 625937K->51697K(2040320K), 0.0142164 secs] [Times: user=0.13 sys=0.00, real=0.01 secs] 
2020-09-29T17:47:16.942+0200: 10.838: [GC (Allocation Failure) [PSYoungGen: 625509K->37573K(641024K)] 635889K->47953K(2039296K), 0.0127712 secs] [Times: user=0.00 sys=0.00, real=0.01 secs] 
2020-09-29T17:47:17.006+0200: 10.902: [GC (Allocation Failure) [PSYoungGen: 621765K->33861K(644608K)] 632145K->44241K(2042880K), 0.0111252 secs] [Times: user=0.00 sys=0.00, real=0.01 secs] 
2020-09-29T17:47:17.069+0200: 10.965: [GC (Allocation Failure) [PSYoungGen: 623173K->35269K(643584K)] 633553K->45649K(2041856K), 0.0125098 secs] [Times: user=0.13 sys=0.00, real=0.01 secs] 
2020-09-29T17:47:17.133+0200: 11.029: [GC (Allocation Failure) [PSYoungGen: 624581K->20484K(643584K)] 634961K->30864K(2041856K), 0.0077904 secs] [Times: user=0.00 sys=0.00, real=0.01 secs] 
2020-09-29T17:47:17.197+0200: 11.093: [GC (Allocation Failure) [PSYoungGen: 610820K->22724K(613376K)] 621200K->33104K(2011648K), 0.0091293 secs] [Times: user=0.00 sys=0.00, real=0.01 secs] 
2020-09-29T17:47:17.260+0200: 11.155: [GC (Allocation Failure) [PSYoungGen: 613060K->38020K(644608K)] 623440K->48400K(2042880K), 0.0135404 secs] [Times: user=0.13 sys=0.00, real=0.01 secs] 
2020-09-29T17:47:17.325+0200: 11.221: [GC (Allocation Failure) [PSYoungGen: 627844K->26244K(644096K)] 638224K->36624K(2042368K), 0.0109159 secs] [Times: user=0.13 sys=0.00, real=0.01 secs] 
2020-09-29T17:47:17.389+0200: 11.285: [GC (Allocation Failure) [PSYoungGen: 616068K->41253K(644096K)] 626448K->51633K(2042368K), 0.0141407 secs] [Times: user=0.13 sys=0.00, real=0.01 secs] 
2020-09-29T17:47:17.455+0200: 11.351: [GC (Allocation Failure) [PSYoungGen: 631589K->29796K(644608K)] 641969K->40176K(2042880K), 0.0107257 secs] [Times: user=0.13 sys=0.00, real=0.01 secs] 
2020-09-29T17:47:17.516+0200: 11.412: [GC (Allocation Failure) [PSYoungGen: 620132K->31813K(647168K)] 630512K->42193K(2045440K), 0.0111339 secs] [Times: user=0.13 sys=0.00, real=0.01 secs] 
2020-09-29T17:47:17.580+0200: 11.476: [GC (Allocation Failure) [PSYoungGen: 625733K->37829K(645632K)] 636113K->48209K(2043904K), 0.0144249 secs] [Times: user=0.11 sys=0.00, real=0.01 secs] 
2020-09-29T17:47:17.646+0200: 11.542: [GC (Allocation Failure) [PSYoungGen: 631749K->27972K(648192K)] 642129K->38352K(2046464K), 0.0105002 secs] [Times: user=0.00 sys=0.00, real=0.01 secs] 
2020-09-29T17:47:17.707+0200: 11.603: [GC (Allocation Failure) [PSYoungGen: 624452K->34724K(647168K)] 634832K->45104K(2045440K), 0.0123431 secs] [Times: user=0.00 sys=0.00, real=0.01 secs] 
2020-09-29T17:47:17.771+0200: 11.667: [GC (Allocation Failure) [PSYoungGen: 631204K->43237K(645120K)] 641584K->53617K(2043392K), 0.0149983 secs] [Times: user=0.13 sys=0.00, real=0.02 secs] 
2020-09-29T17:47:17.837+0200: 11.733: [GC (Allocation Failure) [PSYoungGen: 638693K->35204K(647168K)] 649073K->45584K(2045440K), 0.0130367 secs] [Times: user=0.13 sys=0.00, real=0.01 secs] 
2020-09-29T17:47:17.901+0200: 11.797: [GC (Allocation Failure) [PSYoungGen: 630660K->28483K(649216K)] 641040K->38863K(2047488K), 0.0110932 secs] [Times: user=0.13 sys=0.00, real=0.01 secs] 
2020-09-29T17:47:17.963+0200: 11.859: [GC (Allocation Failure) [PSYoungGen: 627523K->24324K(648704K)] 637903K->34704K(2046976K), 0.0091193 secs] [Times: user=0.00 sys=0.00, real=0.01 secs] 
2020-09-29T17:47:18.024+0200: 11.920: [GC (Allocation Failure) [PSYoungGen: 623364K->21733K(648192K)] 633744K->32113K(2046464K), 0.0082833 secs] [Times: user=0.00 sys=0.00, real=0.01 secs] 
2020-09-29T17:47:18.092+0200: 11.988: [GC (Allocation Failure) [PSYoungGen: 620261K->30788K(648704K)] 630641K->41168K(2046976K), 0.0115918 secs] [Times: user=0.13 sys=0.00, real=0.01 secs] 
2020-09-29T17:47:18.158+0200: 12.054: [GC (Allocation Failure) [PSYoungGen: 629316K->7906K(645120K)] 639696K->18286K(2043392K), 0.0042526 secs] [Times: user=0.13 sys=0.00, real=0.00 secs] 
2020-09-29T17:47:18.215+0200: 12.111: [GC (Allocation Failure) [PSYoungGen: 604386K->29828K(647680K)] 614766K->40208K(2045952K), 0.0116304 secs] [Times: user=0.13 sys=0.00, real=0.01 secs] 
2020-09-29T17:47:18.278+0200: 12.174: [GC (Allocation Failure) [PSYoungGen: 626308K->37317K(647680K)] 636688K->47697K(2045952K), 0.0133561 secs] [Times: user=0.13 sys=0.00, real=0.01 secs] 
2020-09-29T17:47:18.345+0200: 12.241: [GC (Allocation Failure) [PSYoungGen: 635845K->33700K(648704K)] 646225K->44080K(2046976K), 0.0125311 secs] [Times: user=0.13 sys=0.00, real=0.01 secs] 
2020-09-29T17:47:18.409+0200: 12.305: [GC (Allocation Failure) [PSYoungGen: 632228K->30053K(651264K)] 642608K->40433K(2049536K), 0.0104910 secs] [Times: user=0.13 sys=0.00, real=0.01 secs] 
2020-09-29T17:47:18.471+0200: 12.367: [GC (Allocation Failure) [PSYoungGen: 632165K->44261K(646656K)] 642545K->54641K(2044928K), 0.0151732 secs] [Times: user=0.13 sys=0.00, real=0.02 secs] 
2020-09-29T17:47:18.537+0200: 12.433: [GC (Allocation Failure) [PSYoungGen: 646373K->29988K(649728K)] 656753K->40368K(2048000K), 0.0115058 secs] [Times: user=0.00 sys=0.00, real=0.01 secs] 
2020-09-29T17:47:18.602+0200: 12.498: [GC (Allocation Failure) [PSYoungGen: 629028K->41093K(640512K)] 639408K->51473K(2038784K), 0.0153870 secs] [Times: user=0.11 sys=0.00, real=0.02 secs] 
2020-09-29T17:47:18.669+0200: 12.565: [GC (Allocation Failure) [PSYoungGen: 640133K->37572K(647680K)] 650513K->47952K(2045952K), 0.0137697 secs] [Times: user=0.13 sys=0.00, real=0.01 secs] 
2020-09-29T17:47:18.734+0200: 12.630: [GC (Allocation Failure) [PSYoungGen: 634052K->32517K(647680K)] 644432K->42897K(2045952K), 0.0116425 secs] [Times: user=0.13 sys=0.00, real=0.01 secs] 
2020-09-29T17:47:18.797+0200: 12.693: [GC (Allocation Failure) [PSYoungGen: 628997K->41061K(647168K)] 639377K->51441K(2045440K), 0.0138555 secs] [Times: user=0.13 sys=0.00, real=0.01 secs] 
2020-09-29T17:47:18.862+0200: 12.758: [GC (Allocation Failure) [PSYoungGen: 638565K->36997K(648192K)] 648945K->47377K(2046464K), 0.0128386 secs] [Times: user=0.13 sys=0.00, real=0.01 secs] 
2020-09-29T17:47:18.925+0200: 12.821: [GC (Allocation Failure) [PSYoungGen: 634501K->16612K(645632K)] 644881K->26992K(2043904K), 0.0058926 secs] [Times: user=0.13 sys=0.00, real=0.01 secs] 
2020-09-29T17:47:18.987+0200: 12.883: [GC (Allocation Failure) [PSYoungGen: 612068K->37861K(647168K)] 622448K->48241K(2045440K), 0.0126244 secs] [Times: user=0.13 sys=0.00, real=0.01 secs] 
2020-09-29T17:47:19.052+0200: 12.949: [GC (Allocation Failure) [PSYoungGen: 633317K->31653K(648704K)] 643697K->42033K(2046976K), 0.0130661 secs] [Times: user=0.00 sys=0.00, real=0.01 secs] 
2020-09-29T17:47:19.117+0200: 13.013: [GC (Allocation Failure) [PSYoungGen: 628645K->24772K(647168K)] 639025K->35152K(2045440K), 0.0119916 secs] [Times: user=0.13 sys=0.00, real=0.01 secs] 
2020-09-29T17:47:19.183+0200: 13.080: [GC (Allocation Failure) [PSYoungGen: 621764K->47525K(641024K)] 632144K->57905K(2039296K), 0.0209233 secs] [Times: user=0.13 sys=0.00, real=0.02 secs] 
2020-09-29T17:47:19.256+0200: 13.152: [GC (Allocation Failure) [PSYoungGen: 638885K->50981K(642560K)] 649265K->61361K(2040832K), 0.0231207 secs] [Times: user=0.13 sys=0.00, real=0.02 secs] 
2020-09-29T17:47:19.330+0200: 13.226: [GC (Allocation Failure) [PSYoungGen: 642341K->26980K(640512K)] 652721K->37360K(2038784K), 0.0126676 secs] [Times: user=0.13 sys=0.00, real=0.01 secs] 
2020-09-29T17:47:19.404+0200: 13.300: [GC (Allocation Failure) [PSYoungGen: 611172K->22308K(641536K)] 621552K->32688K(2039808K), 0.0105281 secs] [Times: user=0.11 sys=0.00, real=0.01 secs] 
2020-09-29T17:47:19.468+0200: 13.364: [GC (Allocation Failure) [PSYoungGen: 606500K->30084K(643584K)] 616880K->40464K(2041856K), 0.0143511 secs] [Times: user=0.13 sys=0.00, real=0.02 secs] 
2020-09-29T17:47:19.535+0200: 13.431: [GC (Allocation Failure) [PSYoungGen: 616324K->42053K(641536K)] 626704K->52433K(2039808K), 0.0188689 secs] [Times: user=0.13 sys=0.00, real=0.02 secs] 
2020-09-29T17:47:19.608+0200: 13.504: [GC (Allocation Failure) [PSYoungGen: 628293K->40389K(641536K)] 638673K->50769K(2039808K), 0.0182872 secs] [Times: user=0.11 sys=0.00, real=0.02 secs] 
2020-09-29T17:47:19.677+0200: 13.573: [GC (Allocation Failure) [PSYoungGen: 625605K->36644K(642048K)] 635985K->47024K(2040320K), 0.0168159 secs] [Times: user=0.13 sys=0.00, real=0.02 secs] 
2020-09-29T17:47:19.745+0200: 13.641: [GC (Allocation Failure) [PSYoungGen: 621860K->33989K(645632K)] 632240K->44369K(2043904K), 0.0148654 secs] [Times: user=0.13 sys=0.00, real=0.02 secs] 
2020-09-29T17:47:19.817+0200: 13.713: [GC (Allocation Failure) [PSYoungGen: 624325K->33764K(643584K)] 634705K->44144K(2041856K), 0.0154987 secs] [Times: user=0.13 sys=0.00, real=0.02 secs] 
2020-09-29T17:47:19.886+0200: 13.782: [GC (Allocation Failure) [PSYoungGen: 624100K->35908K(648192K)] 634480K->46288K(2046464K), 0.0165953 secs] [Times: user=0.13 sys=0.00, real=0.02 secs] 
2020-09-29T17:47:19.954+0200: 13.850: [GC (Allocation Failure) [PSYoungGen: 632388K->44421K(641024K)] 642768K->54801K(2039296K), 0.0190397 secs] [Times: user=0.25 sys=0.00, real=0.02 secs] 
2020-09-29T17:47:20.027+0200: 13.923: [GC (Allocation Failure) [PSYoungGen: 640901K->39333K(646656K)] 651281K->49713K(2044928K), 0.0170381 secs] [Times: user=0.13 sys=0.00, real=0.02 secs] 
2020-09-29T17:47:20.097+0200: 13.993: [GC (Allocation Failure) [PSYoungGen: 633253K->45349K(639488K)] 643633K->55729K(2037760K), 0.0195305 secs] [Times: user=0.25 sys=0.00, real=0.02 secs] 
2020-09-29T17:47:20.168+0200: 14.064: [GC (Allocation Failure) [PSYoungGen: 639269K->37669K(646144K)] 649649K->48049K(2044416K), 0.0165242 secs] [Times: user=0.13 sys=0.00, real=0.02 secs] 
2020-09-29T17:47:20.241+0200: 14.136: [GC (Allocation Failure) [PSYoungGen: 629541K->41605K(644608K)] 639921K->51985K(2042880K), 0.0166803 secs] [Times: user=0.13 sys=0.00, real=0.02 secs] 
2020-09-29T17:47:20.313+0200: 14.209: [GC (Allocation Failure) [PSYoungGen: 633477K->16131K(642048K)] 643857K->26511K(2040320K), 0.0085200 secs] [Times: user=0.13 sys=0.00, real=0.01 secs] 
2020-09-29T17:47:20.375+0200: 14.270: [GC (Allocation Failure) [PSYoungGen: 605443K->29605K(644096K)] 615823K->39985K(2042368K), 0.0138455 secs] [Times: user=0.11 sys=0.00, real=0.01 secs] 
2020-09-29T17:47:20.445+0200: 14.341: [GC (Allocation Failure) [PSYoungGen: 618917K->30949K(646144K)] 629297K->41329K(2044416K), 0.0135984 secs] [Times: user=0.13 sys=0.00, real=0.01 secs] 
2020-09-29T17:47:20.511+0200: 14.407: [GC (Allocation Failure) [PSYoungGen: 623333K->49157K(642048K)] 633713K->59537K(2040320K), 0.0207720 secs] [Times: user=0.13 sys=0.00, real=0.02 secs] 
2020-09-29T17:47:20.584+0200: 14.479: [GC (Allocation Failure) [PSYoungGen: 641541K->39173K(643072K)] 651921K->49553K(2041344K), 0.0191215 secs] [Times: user=0.11 sys=0.00, real=0.02 secs] 
2020-09-29T17:47:20.655+0200: 14.550: [GC (Allocation Failure) [PSYoungGen: 625925K->37956K(642560K)] 636305K->48336K(2040832K), 0.0177501 secs] [Times: user=0.11 sys=0.00, real=0.02 secs] 
2020-09-29T17:47:20.726+0200: 14.621: [GC (Allocation Failure) [PSYoungGen: 624708K->36837K(646144K)] 635088K->47217K(2044416K), 0.0167253 secs] [Times: user=0.13 sys=0.00, real=0.02 secs] 
2020-09-29T17:47:20.799+0200: 14.694: [GC (Allocation Failure) [PSYoungGen: 628709K->25413K(644608K)] 639089K->35793K(2042880K), 0.0118110 secs] [Times: user=0.13 sys=0.00, real=0.01 secs] 
2020-09-29T17:47:20.864+0200: 14.759: [GC (Allocation Failure) [PSYoungGen: 617285K->43013K(643072K)] 627665K->53393K(2041344K), 0.0179351 secs] [Times: user=0.13 sys=0.00, real=0.02 secs] 
2020-09-29T17:47:20.937+0200: 14.832: [GC (Allocation Failure) [PSYoungGen: 633349K->29187K(644608K)] 643729K->39567K(2042880K), 0.0158915 secs] [Times: user=0.11 sys=0.00, real=0.02 secs] 
2020-09-29T17:47:21.007+0200: 14.902: [GC (Allocation Failure) [PSYoungGen: 619523K->28260K(646144K)] 629903K->38640K(2044416K), 0.0133096 secs] [Times: user=0.00 sys=0.00, real=0.01 secs] 
2020-09-29T17:47:21.074+0200: 14.969: [GC (Allocation Failure) [PSYoungGen: 621156K->33317K(645632K)] 631536K->43697K(2043904K), 0.0158137 secs] [Times: user=0.11 sys=0.00, real=0.02 secs] 
2020-09-29T17:47:21.142+0200: 15.037: [GC (Allocation Failure) [PSYoungGen: 626213K->38277K(647680K)] 636593K->48657K(2045952K), 0.0171723 secs] [Times: user=0.13 sys=0.00, real=0.02 secs] 
2020-09-29T17:47:21.213+0200: 15.108: [GC (Allocation Failure) [PSYoungGen: 634757K->46853K(643584K)] 645137K->57233K(2041856K), 0.0197706 secs] [Times: user=0.13 sys=0.00, real=0.02 secs] 
2020-09-29T17:47:21.285+0200: 15.180: [GC (Allocation Failure) [PSYoungGen: 643333K->41765K(644096K)] 653713K->52145K(2042368K), 0.0175035 secs] [Times: user=0.25 sys=0.00, real=0.02 secs] 
2020-09-29T17:47:21.356+0200: 15.251: [GC (Allocation Failure) [PSYoungGen: 632101K->29092K(644608K)] 642481K->39472K(2042880K), 0.0137123 secs] [Times: user=0.13 sys=0.00, real=0.01 secs] 
2020-09-29T17:47:21.423+0200: 15.318: [GC (Allocation Failure) [PSYoungGen: 619428K->45189K(642048K)] 629808K->55569K(2040320K), 0.0195780 secs] [Times: user=0.13 sys=0.00, real=0.02 secs] 
2020-09-29T17:47:21.492+0200: 15.388: [GC (Allocation Failure) [PSYoungGen: 633477K->30885K(643584K)] 643857K->41265K(2041856K), 0.0139591 secs] [Times: user=0.13 sys=0.00, real=0.01 secs] 
2020-09-29T17:47:21.559+0200: 15.454: [GC (Allocation Failure) [PSYoungGen: 619173K->31205K(645120K)] 629553K->41585K(2043392K), 0.0138409 secs] [Times: user=0.13 sys=0.00, real=0.01 secs] 
2020-09-29T17:47:21.625+0200: 15.520: [GC (Allocation Failure) [PSYoungGen: 621541K->33637K(644096K)] 631921K->44017K(2042368K), 0.0164814 secs] [Times: user=0.11 sys=0.00, real=0.02 secs] 
2020-09-29T17:47:21.692+0200: 15.588: [GC (Allocation Failure) [PSYoungGen: 623973K->36133K(648192K)] 634353K->46513K(2046464K), 0.0154507 secs] [Times: user=0.13 sys=0.00, real=0.02 secs] 
2020-09-29T17:47:21.759+0200: 15.654: [GC (Allocation Failure) [PSYoungGen: 632101K->44069K(640512K)] 642481K->54449K(2038784K), 0.0197603 secs] [Times: user=0.13 sys=0.00, real=0.02 secs] 
2020-09-29T17:47:21.835+0200: 15.730: [GC (Allocation Failure) [PSYoungGen: 640037K->38501K(647168K)] 650417K->48881K(2045440K), 0.0209061 secs] [Times: user=0.09 sys=0.00, real=0.02 secs] 
2020-09-29T17:47:21.911+0200: 15.806: [GC (Allocation Failure) [PSYoungGen: 632933K->45029K(639488K)] 643313K->55409K(2037760K), 0.0205695 secs] [Times: user=0.13 sys=0.00, real=0.02 secs] 
2020-09-29T17:47:21.984+0200: 15.880: [GC (Allocation Failure) [PSYoungGen: 639461K->37893K(647168K)] 649841K->48273K(2045440K), 0.0171852 secs] [Times: user=0.13 sys=0.00, real=0.02 secs] 
2020-09-29T17:47:22.053+0200: 15.948: [GC (Allocation Failure) [PSYoungGen: 631813K->15586K(609792K)] 642193K->25966K(2008064K), 0.0095211 secs] [Times: user=0.00 sys=0.00, real=0.01 secs] 
2020-09-29T17:47:22.114+0200: 16.009: [GC (Allocation Failure) [PSYoungGen: 609506K->19907K(643584K)] 619886K->30287K(2041856K), 0.0105970 secs] [Times: user=0.00 sys=0.00, real=0.01 secs] 
2020-09-29T17:47:22.190+0200: 16.085: [GC (Allocation Failure) [PSYoungGen: 609219K->33476K(644096K)] 619599K->43856K(2042368K), 0.0151170 secs] [Times: user=0.13 sys=0.00, real=0.01 secs] 
2020-09-29T17:47:22.258+0200: 16.154: [GC (Allocation Failure) [PSYoungGen: 622788K->21060K(645120K)] 633168K->31440K(2043392K), 0.0100616 secs] [Times: user=0.00 sys=0.00, real=0.01 secs] 
2020-09-29T17:47:22.321+0200: 16.216: [GC (Allocation Failure) [PSYoungGen: 613444K->52933K(645632K)] 623824K->63313K(2043904K), 0.0224231 secs] [Times: user=0.13 sys=0.00, real=0.02 secs] 
2020-09-29T17:47:22.395+0200: 16.290: [GC (Allocation Failure) [PSYoungGen: 645317K->43236K(633344K)] 655697K->53616K(2031616K), 0.0197597 secs] [Times: user=0.25 sys=0.00, real=0.02 secs] 
2020-09-29T17:47:22.466+0200: 16.361: [GC (Allocation Failure) [PSYoungGen: 623332K->21765K(639488K)] 633712K->32145K(2037760K), 0.0099717 secs] [Times: user=0.13 sys=0.00, real=0.01 secs] 
2020-09-29T17:47:22.527+0200: 16.422: [GC (Allocation Failure) [PSYoungGen: 601861K->39877K(640000K)] 612241K->50257K(2038272K), 0.0177773 secs] [Times: user=0.13 sys=0.00, real=0.02 secs] 
2020-09-29T17:47:22.596+0200: 16.492: [GC (Allocation Failure) [PSYoungGen: 620485K->46245K(627200K)] 630865K->56625K(2025472K), 0.0214814 secs] [Times: user=0.22 sys=0.00, real=0.02 secs] 
2020-09-29T17:47:22.673+0200: 16.568: [GC (Allocation Failure) [PSYoungGen: 626853K->38628K(639488K)] 637233K->49008K(2037760K), 0.0181610 secs] [Times: user=0.13 sys=0.00, real=0.02 secs] 
2020-09-29T17:47:22.740+0200: 16.636: [GC (Allocation Failure) [PSYoungGen: 617188K->27396K(637952K)] 627568K->37776K(2036224K), 0.0132796 secs] [Times: user=0.00 sys=0.00, real=0.01 secs] 
2020-09-29T17:47:22.803+0200: 16.698: [GC (Allocation Failure) [PSYoungGen: 605956K->30916K(641536K)] 616336K->41296K(2039808K), 0.0138966 secs] [Times: user=0.00 sys=0.02, real=0.01 secs] 
2020-09-29T17:47:22.866+0200: 16.762: [GC (Allocation Failure) [PSYoungGen: 613572K->20995K(640000K)] 623952K->31375K(2038272K), 0.0116334 secs] [Times: user=0.00 sys=0.00, real=0.01 secs] 
2020-09-29T17:47:22.928+0200: 16.823: [GC (Allocation Failure) [PSYoungGen: 603651K->42916K(639488K)] 614031K->53296K(2037760K), 0.0194982 secs] [Times: user=0.13 sys=0.00, real=0.02 secs] 
2020-09-29T17:47:22.999+0200: 16.894: [GC (Allocation Failure) [PSYoungGen: 625060K->35524K(640512K)] 635440K->45904K(2038784K), 0.0166313 secs] [Times: user=0.13 sys=0.00, real=0.02 secs] 
2020-09-29T17:47:23.066+0200: 16.961: [GC (Allocation Failure) [PSYoungGen: 617668K->28836K(643584K)] 628048K->39216K(2041856K), 0.0134669 secs] [Times: user=0.13 sys=0.00, real=0.01 secs] 
2020-09-29T17:47:23.132+0200: 17.028: [GC (Allocation Failure) [PSYoungGen: 616100K->25220K(642560K)] 626480K->35600K(2040832K), 0.0122927 secs] [Times: user=0.00 sys=0.00, real=0.01 secs] 
2020-09-29T17:47:23.194+0200: 17.089: [GC (Allocation Failure) [PSYoungGen: 612484K->22020K(644608K)] 622864K->32400K(2042880K), 0.0101583 secs] [Times: user=0.00 sys=0.00, real=0.01 secs] 
2020-09-29T17:47:23.256+0200: 17.151: [GC (Allocation Failure) [PSYoungGen: 611844K->37637K(644096K)] 622224K->48017K(2042368K), 0.0163799 secs] [Times: user=0.13 sys=0.00, real=0.02 secs] 
2020-09-29T17:47:23.328+0200: 17.223: [GC (Allocation Failure) [PSYoungGen: 627461K->22915K(645120K)] 637841K->33295K(2043392K), 0.0126128 secs] [Times: user=0.13 sys=0.00, real=0.01 secs] 
2020-09-29T17:47:23.391+0200: 17.286: [GC (Allocation Failure) [PSYoungGen: 613763K->25893K(644608K)] 624143K->36273K(2042880K), 0.0114213 secs] [Times: user=0.13 sys=0.00, real=0.01 secs] 
2020-09-29T17:47:23.463+0200: 17.358: [GC (Allocation Failure) [PSYoungGen: 616741K->42501K(642048K)] 627121K->52881K(2040320K), 0.0180151 secs] [Times: user=0.13 sys=0.00, real=0.02 secs] 
2020-09-29T17:47:23.532+0200: 17.427: [GC (Allocation Failure) [PSYoungGen: 631813K->30149K(644096K)] 642193K->40529K(2042368K), 0.0130440 secs] [Times: user=0.13 sys=0.00, real=0.01 secs] 
2020-09-29T17:47:23.601+0200: 17.497: [GC (Allocation Failure) [PSYoungGen: 619461K->31044K(648192K)] 629841K->41424K(2046464K), 0.0154075 secs] [Times: user=0.11 sys=0.00, real=0.02 secs] 
2020-09-29T17:47:23.673+0200: 17.568: [GC (Allocation Failure) [PSYoungGen: 626500K->38309K(646144K)] 636880K->48689K(2044416K), 0.0163709 secs] [Times: user=0.13 sys=0.00, real=0.02 secs] 
2020-09-29T17:47:23.740+0200: 17.635: [GC (Allocation Failure) [PSYoungGen: 633765K->30244K(649216K)] 644145K->40624K(2047488K), 0.0140190 secs] [Times: user=0.00 sys=0.00, real=0.01 secs] 
2020-09-29T17:47:23.808+0200: 17.704: [GC (Allocation Failure) [PSYoungGen: 628260K->40357K(647680K)] 638640K->50737K(2045952K), 0.0173257 secs] [Times: user=0.13 sys=0.00, real=0.02 secs] 
2020-09-29T17:47:23.879+0200: 17.774: [GC (Allocation Failure) [PSYoungGen: 638373K->35140K(648704K)] 648753K->45520K(2046976K), 0.0157545 secs] [Times: user=0.13 sys=0.00, real=0.02 secs] 
2020-09-29T17:47:23.952+0200: 17.847: [GC (Allocation Failure) [PSYoungGen: 632644K->30277K(647680K)] 643024K->40657K(2045952K), 0.0139501 secs] [Times: user=0.13 sys=0.00, real=0.01 secs] 
2020-09-29T17:47:24.019+0200: 17.915: [GC (Allocation Failure) [PSYoungGen: 627781K->39909K(647680K)] 638161K->50289K(2045952K), 0.0172951 secs] [Times: user=0.25 sys=0.00, real=0.02 secs] 
2020-09-29T17:47:24.091+0200: 17.987: [GC (Allocation Failure) [PSYoungGen: 638437K->50148K(648704K)] 648817K->60640K(2046976K), 0.0243795 secs] [Times: user=0.25 sys=0.00, real=0.02 secs] 
2020-09-29T17:47:24.167+0200: 18.062: [GC (Allocation Failure) [PSYoungGen: 648676K->33573K(643584K)] 659168K->44065K(2041856K), 0.0149310 secs] [Times: user=0.13 sys=0.00, real=0.01 secs] 
2020-09-29T17:47:24.234+0200: 18.129: [GC (Allocation Failure) [PSYoungGen: 626981K->39045K(646144K)] 637473K->49537K(2044416K), 0.0183538 secs] [Times: user=0.13 sys=0.00, real=0.02 secs] 
2020-09-29T17:47:24.308+0200: 18.203: [GC (Allocation Failure) [PSYoungGen: 632453K->44613K(643072K)] 642945K->55105K(2041344K), 0.0205438 secs] [Times: user=0.13 sys=0.00, real=0.02 secs] 
2020-09-29T17:47:24.382+0200: 18.278: [GC (Allocation Failure) [PSYoungGen: 634949K->32771K(644608K)] 645441K->43263K(2042880K), 0.0168934 secs] [Times: user=0.13 sys=0.00, real=0.02 secs] 
2020-09-29T17:47:24.452+0200: 18.347: [GC (Allocation Failure) [PSYoungGen: 623107K->35141K(647168K)] 633599K->45633K(2045440K), 0.0149739 secs] [Times: user=0.13 sys=0.00, real=0.02 secs] 
2020-09-29T17:47:24.518+0200: 18.414: [GC (Allocation Failure) [PSYoungGen: 629061K->25668K(645632K)] 639553K->36160K(2043904K), 0.0129573 secs] [Times: user=0.11 sys=0.00, real=0.01 secs] 
2020-09-29T17:47:24.585+0200: 18.481: [GC (Allocation Failure) [PSYoungGen: 619588K->51685K(632832K)] 630080K->69417K(2031104K), 0.0314177 secs] [Times: user=0.22 sys=0.00, real=0.03 secs] 
2020-09-29T17:47:24.668+0200: 18.564: [GC (Allocation Failure) [PSYoungGen: 632805K->52229K(633856K)] 650537K->69961K(2032128K), 0.0240099 secs] [Times: user=0.14 sys=0.00, real=0.02 secs] 
2020-09-29T17:47:24.742+0200: 18.638: [GC (Allocation Failure) [PSYoungGen: 633349K->45381K(636416K)] 651081K->63113K(2034688K), 0.0210728 secs] [Times: user=0.13 sys=0.00, real=0.02 secs] 
2020-09-29T17:47:24.814+0200: 18.710: [GC (Allocation Failure) [PSYoungGen: 619333K->31109K(636416K)] 637065K->48841K(2034688K), 0.0156428 secs] [Times: user=0.13 sys=0.00, real=0.02 secs] 
2020-09-29T17:47:24.880+0200: 18.776: [GC (Allocation Failure) [PSYoungGen: 605061K->26531K(637440K)] 622793K->44263K(2035712K), 0.0140289 secs] [Times: user=0.02 sys=0.02, real=0.01 secs] 
2020-09-29T17:47:24.945+0200: 18.841: [GC (Allocation Failure) [PSYoungGen: 602531K->26819K(637440K)] 620263K->44551K(2035712K), 0.0145302 secs] [Times: user=0.13 sys=0.00, real=0.01 secs] 
2020-09-29T17:47:25.009+0200: 18.905: [GC (Allocation Failure) [PSYoungGen: 602819K->26371K(638976K)] 620551K->44103K(2037248K), 0.0146703 secs] [Times: user=0.13 sys=0.00, real=0.01 secs] 
2020-09-29T17:47:25.073+0200: 18.969: [GC (Allocation Failure) [PSYoungGen: 604419K->43845K(637952K)] 622151K->61577K(2036224K), 0.0205652 secs] [Times: user=0.13 sys=0.00, real=0.02 secs] 
2020-09-29T17:47:25.146+0200: 19.041: [GC (Allocation Failure) [PSYoungGen: 621893K->47589K(634880K)] 639625K->65321K(2033152K), 0.0225250 secs] [Times: user=0.13 sys=0.00, real=0.02 secs] 
2020-09-29T17:47:25.219+0200: 19.115: [GC (Allocation Failure) [PSYoungGen: 621541K->47333K(621568K)] 639273K->65065K(2019840K), 0.0214949 secs] [Times: user=0.25 sys=0.00, real=0.02 secs] 
2020-09-29T17:47:25.290+0200: 19.186: [GC (Allocation Failure) [PSYoungGen: 621285K->32996K(636928K)] 639017K->50728K(2035200K), 0.0162920 secs] [Times: user=0.13 sys=0.00, real=0.02 secs] 
2020-09-29T17:47:25.356+0200: 19.252: [GC (Allocation Failure) [PSYoungGen: 605924K->31076K(634880K)] 623656K->48808K(2033152K), 0.0159083 secs] [Times: user=0.13 sys=0.00, real=0.02 secs] 
2020-09-29T17:47:25.427+0200: 19.322: [GC (Allocation Failure) [PSYoungGen: 604004K->43493K(637952K)] 621736K->61225K(2036224K), 0.0203493 secs] [Times: user=0.13 sys=0.00, real=0.02 secs] 
2020-09-29T17:47:25.502+0200: 19.398: [GC (Allocation Failure) [PSYoungGen: 620517K->32581K(637952K)] 638249K->50313K(2036224K), 0.0150350 secs] [Times: user=0.13 sys=0.00, real=0.01 secs] 
2020-09-29T17:47:25.571+0200: 19.467: [GC (Allocation Failure) [PSYoungGen: 609605K->35268K(641024K)] 627337K->53000K(2039296K), 0.0188001 secs] [Times: user=0.11 sys=0.00, real=0.02 secs] 
2020-09-29T17:47:25.642+0200: 19.538: [GC (Allocation Failure) [PSYoungGen: 616900K->29029K(639488K)] 634632K->46761K(2037760K), 0.0135827 secs] [Times: user=0.13 sys=0.00, real=0.01 secs] 
2020-09-29T17:47:25.705+0200: 19.601: [GC (Allocation Failure) [PSYoungGen: 610661K->35044K(643584K)] 628393K->52776K(2041856K), 0.0173246 secs] [Times: user=0.13 sys=0.00, real=0.02 secs] 
2020-09-29T17:47:25.781+0200: 19.677: [GC (Allocation Failure) [PSYoungGen: 621796K->33893K(642048K)] 639528K->51625K(2040320K), 0.0169765 secs] [Times: user=0.11 sys=0.00, real=0.02 secs] 
2020-09-29T17:47:25.850+0200: 19.746: [GC (Allocation Failure) [PSYoungGen: 620645K->32709K(646656K)] 638377K->50441K(2044928K), 0.0152063 secs] [Times: user=0.13 sys=0.00, real=0.02 secs] 
2020-09-29T17:47:25.922+0200: 19.818: [GC (Allocation Failure) [PSYoungGen: 625605K->36548K(645120K)] 643337K->54280K(2043392K), 0.0177239 secs] [Times: user=0.13 sys=0.00, real=0.02 secs] 
2020-09-29T17:47:25.994+0200: 19.890: [GC (Allocation Failure) [PSYoungGen: 629444K->39781K(647680K)] 647176K->57513K(2045952K), 0.0196172 secs] [Times: user=0.13 sys=0.00, real=0.02 secs] 
2020-09-29T17:47:26.066+0200: 19.962: [GC (Allocation Failure) [PSYoungGen: 636261K->20452K(616960K)] 653993K->38184K(2015232K), 0.0111957 secs] [Times: user=0.11 sys=0.00, real=0.01 secs] 
2020-09-29T17:47:26.131+0200: 20.027: [GC (Allocation Failure) [PSYoungGen: 616932K->41572K(644608K)] 634664K->59304K(2042880K), 0.0204507 secs] [Times: user=0.13 sys=0.00, real=0.02 secs] 
2020-09-29T17:47:26.202+0200: 20.098: [GC (Allocation Failure) [PSYoungGen: 633956K->32293K(645632K)] 651688K->50025K(2043904K), 0.0151583 secs] [Times: user=0.13 sys=0.00, real=0.02 secs] 
2020-09-29T17:47:26.272+0200: 20.168: [GC (Allocation Failure) [PSYoungGen: 624677K->36837K(648192K)] 642409K->54569K(2046464K), 0.0177468 secs] [Times: user=0.13 sys=0.00, real=0.02 secs] 
2020-09-29T17:47:26.346+0200: 20.242: [GC (Allocation Failure) [PSYoungGen: 633317K->31493K(647168K)] 651049K->49225K(2045440K), 0.0151153 secs] [Times: user=0.13 sys=0.00, real=0.02 secs] 
2020-09-29T17:47:26.412+0200: 20.308: [GC (Allocation Failure) [PSYoungGen: 627973K->39491K(648704K)] 645705K->57223K(2046976K), 0.0201243 secs] [Times: user=0.13 sys=0.00, real=0.02 secs] 
2020-09-29T17:47:26.483+0200: 20.379: [GC (Allocation Failure) [PSYoungGen: 638019K->34821K(648704K)] 655751K->52553K(2046976K), 0.0171242 secs] [Times: user=0.13 sys=0.00, real=0.02 secs] 
2020-09-29T17:47:26.554+0200: 20.450: [GC (Allocation Failure) [PSYoungGen: 633349K->31749K(650752K)] 651081K->49481K(2049024K), 0.0151717 secs] [Times: user=0.11 sys=0.00, real=0.02 secs] 
2020-09-29T17:47:26.624+0200: 20.520: [GC (Allocation Failure) [PSYoungGen: 633861K->30436K(650240K)] 651593K->48168K(2048512K), 0.0167100 secs] [Times: user=0.11 sys=0.00, real=0.02 secs] 
2020-09-29T17:47:26.696+0200: 20.592: [GC (Allocation Failure) [PSYoungGen: 632548K->28995K(651776K)] 650280K->46727K(2050048K), 0.0156925 secs] [Times: user=0.13 sys=0.00, real=0.02 secs] 
2020-09-29T17:47:26.763+0200: 20.659: [GC (Allocation Failure) [PSYoungGen: 633155K->31557K(651264K)] 650887K->49289K(2049536K), 0.0150118 secs] [Times: user=0.13 sys=0.00, real=0.02 secs] 
2020-09-29T17:47:26.838+0200: 20.734: [GC (Allocation Failure) [PSYoungGen: 635717K->46053K(644608K)] 653449K->65481K(2042880K), 0.0226149 secs] [Times: user=0.13 sys=0.00, real=0.02 secs] 
2020-09-29T17:47:26.914+0200: 20.810: [GC (Allocation Failure) [PSYoungGen: 644581K->31076K(648704K)] 664009K->50504K(2046976K), 0.0149838 secs] [Times: user=0.13 sys=0.00, real=0.01 secs] 
2020-09-29T17:47:26.985+0200: 20.881: [GC (Allocation Failure) [PSYoungGen: 629604K->41669K(647168K)] 649032K->61097K(2045440K), 0.0188826 secs] [Times: user=0.25 sys=0.00, real=0.02 secs] 
2020-09-29T17:47:27.063+0200: 20.959: [GC (Allocation Failure) [PSYoungGen: 639173K->23941K(621568K)] 658601K->43369K(2019840K), 0.0124598 secs] [Times: user=0.11 sys=0.00, real=0.01 secs] 
2020-09-29T17:47:27.128+0200: 21.023: [GC (Allocation Failure) [PSYoungGen: 621445K->32644K(649216K)] 640873K->52072K(2047488K), 0.0160407 secs] [Times: user=0.13 sys=0.00, real=0.02 secs] 
2020-09-29T17:47:27.195+0200: 21.090: [GC (Allocation Failure) [PSYoungGen: 630660K->42693K(647680K)] 650088K->62121K(2045952K), 0.0197774 secs] [Times: user=0.13 sys=0.00, real=0.02 secs] 
2020-09-29T17:47:27.271+0200: 21.166: [GC (Allocation Failure) [PSYoungGen: 640709K->39173K(647680K)] 660137K->58601K(2045952K), 0.0188370 secs] [Times: user=0.13 sys=0.00, real=0.02 secs] 
2020-09-29T17:47:27.340+0200: 21.236: [GC (Allocation Failure) [PSYoungGen: 635653K->47749K(644608K)] 655081K->67177K(2042880K), 0.0222036 secs] [Times: user=0.13 sys=0.00, real=0.02 secs] 
2020-09-29T17:47:27.414+0200: 21.309: [GC (Allocation Failure) [PSYoungGen: 644229K->42565K(643584K)] 663657K->61993K(2041856K), 0.0190339 secs] [Times: user=0.13 sys=0.00, real=0.02 secs] 
2020-09-29T17:47:27.487+0200: 21.383: [GC (Allocation Failure) [PSYoungGen: 631877K->43236K(632832K)] 651305K->62664K(2031104K), 0.0213657 secs] [Times: user=0.25 sys=0.00, real=0.02 secs] 
2020-09-29T17:47:27.559+0200: 21.455: [GC (Allocation Failure) [PSYoungGen: 632548K->30885K(644096K)] 651976K->50313K(2042368K), 0.0144355 secs] [Times: user=0.13 sys=0.00, real=0.01 secs] 
2020-09-29T17:47:27.630+0200: 21.525: [GC (Allocation Failure) [PSYoungGen: 619685K->31396K(643584K)] 639113K->50824K(2041856K), 0.0166684 secs] [Times: user=0.11 sys=0.00, real=0.02 secs] 
2020-09-29T17:47:27.698+0200: 21.593: [GC (Allocation Failure) [PSYoungGen: 620196K->29957K(645632K)] 639624K->49385K(2043904K), 0.0146695 secs] [Times: user=0.13 sys=0.00, real=0.02 secs] 
2020-09-29T17:47:27.763+0200: 21.659: [GC (Allocation Failure) [PSYoungGen: 621829K->47621K(640000K)] 641257K->67049K(2038272K), 0.0218104 secs] [Times: user=0.13 sys=0.00, real=0.02 secs] 
2020-09-29T17:47:27.842+0200: 21.737: [GC (Allocation Failure) [PSYoungGen: 639493K->37925K(644608K)] 658921K->57353K(2042880K), 0.0175049 secs] [Times: user=0.13 sys=0.00, real=0.02 secs] 
2020-09-29T17:47:27.915+0200: 21.810: [GC (Allocation Failure) [PSYoungGen: 626725K->24900K(643072K)] 646153K->44328K(2041344K), 0.0132405 secs] [Times: user=0.13 sys=0.00, real=0.01 secs] 
2020-09-29T17:47:27.981+0200: 21.877: [GC (Allocation Failure) [PSYoungGen: 613700K->37252K(645632K)] 633128K->56680K(2043904K), 0.0182438 secs] [Times: user=0.13 sys=0.00, real=0.02 secs] 
2020-09-29T17:47:28.050+0200: 21.946: [GC (Allocation Failure) [PSYoungGen: 628100K->39397K(644096K)] 647528K->58825K(2042368K), 0.0188178 secs] [Times: user=0.25 sys=0.00, real=0.02 secs] 
2020-09-29T17:47:28.120+0200: 22.015: [GC (Allocation Failure) [PSYoungGen: 630245K->41637K(645120K)] 649673K->61065K(2043392K), 0.0196632 secs] [Times: user=0.13 sys=0.00, real=0.02 secs] 
2020-09-29T17:47:28.196+0200: 22.091: [GC (Allocation Failure) [PSYoungGen: 634021K->32036K(645632K)] 653449K->51464K(2043904K), 0.0159443 secs] [Times: user=0.13 sys=0.00, real=0.02 secs] 
2020-09-29T17:47:28.265+0200: 22.160: [GC (Allocation Failure) [PSYoungGen: 624420K->36452K(648192K)] 643848K->55880K(2046464K), 0.0172946 secs] [Times: user=0.13 sys=0.00, real=0.02 secs] 
2020-09-29T17:47:28.336+0200: 22.232: [GC (Allocation Failure) [PSYoungGen: 631908K->42181K(646144K)] 651336K->61609K(2044416K), 0.0203165 secs] [Times: user=0.13 sys=0.00, real=0.02 secs] 
2020-09-29T17:47:28.407+0200: 22.303: [GC (Allocation Failure) [PSYoungGen: 637637K->34692K(648192K)] 657065K->54120K(2046464K), 0.0326134 secs] [Times: user=0.13 sys=0.00, real=0.03 secs] 
2020-09-29T17:47:28.493+0200: 22.388: [GC (Allocation Failure) [PSYoungGen: 631172K->43301K(647168K)] 650600K->62729K(2045440K), 0.0204418 secs] [Times: user=0.13 sys=0.00, real=0.02 secs] 
2020-09-29T17:47:28.565+0200: 22.460: [GC (Allocation Failure) [PSYoungGen: 639781K->38116K(648192K)] 659209K->57544K(2046464K), 0.0213482 secs] [Times: user=0.20 sys=0.00, real=0.02 secs] 
2020-09-29T17:47:28.643+0200: 22.538: [GC (Allocation Failure) [PSYoungGen: 634596K->32772K(647168K)] 654024K->52200K(2045440K), 0.0161375 secs] [Times: user=0.13 sys=0.00, real=0.02 secs] 
2020-09-29T17:47:28.713+0200: 22.608: [GC (Allocation Failure) [PSYoungGen: 629252K->41317K(648704K)] 648680K->60745K(2046976K), 0.0196117 secs] [Times: user=0.13 sys=0.00, real=0.02 secs] 
2020-09-29T17:47:28.785+0200: 22.680: [GC (Allocation Failure) [PSYoungGen: 639845K->50149K(648704K)] 659273K->71297K(2046976K), 0.0238584 secs] [Times: user=0.25 sys=0.00, real=0.02 secs] 
2020-09-29T17:47:28.860+0200: 22.755: [GC (Allocation Failure) [PSYoungGen: 648677K->34755K(641536K)] 669825K->55903K(2039808K), 0.0186950 secs] [Times: user=0.13 sys=0.00, real=0.02 secs] 
2020-09-29T17:47:28.929+0200: 22.824: [GC (Allocation Failure) [PSYoungGen: 626115K->38277K(645120K)] 647263K->59425K(2043392K), 0.0176503 secs] [Times: user=0.13 sys=0.00, real=0.02 secs] 
2020-09-29T17:47:29.000+0200: 22.895: [GC (Allocation Failure) [PSYoungGen: 629637K->13700K(641536K)] 650785K->34848K(2039808K), 0.0064828 secs] [Times: user=0.13 sys=0.00, real=0.01 secs] 
2020-09-29T17:47:29.060+0200: 22.956: [GC (Allocation Failure) [PSYoungGen: 603012K->42116K(631808K)] 624160K->63264K(2030080K), 0.0152802 secs] [Times: user=0.13 sys=0.00, real=0.02 secs] 
2020-09-29T17:47:29.126+0200: 23.022: [GC (Allocation Failure) [PSYoungGen: 631428K->43428K(641536K)] 652576K->64576K(2039808K), 0.0155435 secs] [Times: user=0.13 sys=0.00, real=0.02 secs] 
2020-09-29T17:47:29.192+0200: 23.087: [GC (Allocation Failure) [PSYoungGen: 629668K->27716K(642560K)] 650816K->48864K(2040832K), 0.0105748 secs] [Times: user=0.11 sys=0.01, real=0.01 secs] 
2020-09-29T17:47:29.253+0200: 23.148: [GC (Allocation Failure) [PSYoungGen: 613956K->39653K(643584K)] 635104K->60801K(2041856K), 0.0135395 secs] [Times: user=0.13 sys=0.00, real=0.01 secs] 
2020-09-29T17:47:29.318+0200: 23.213: [GC (Allocation Failure) [PSYoungGen: 627429K->39525K(643072K)] 648577K->60673K(2041344K), 0.0136283 secs] [Times: user=0.00 sys=0.00, real=0.01 secs] 
2020-09-29T17:47:29.382+0200: 23.277: [GC (Allocation Failure) [PSYoungGen: 627301K->38756K(645632K)] 648449K->59904K(2043904K), 0.0136877 secs] [Times: user=0.02 sys=0.00, real=0.01 secs] 
2020-09-29T17:47:29.446+0200: 23.341: [GC (Allocation Failure) [PSYoungGen: 630116K->42213K(644608K)] 651264K->63361K(2042880K), 0.0142312 secs] [Times: user=0.13 sys=0.00, real=0.01 secs] 
2020-09-29T17:47:29.511+0200: 23.406: [GC (Allocation Failure) [PSYoungGen: 633573K->45701K(642048K)] 654721K->66849K(2040320K), 0.0148394 secs] [Times: user=0.13 sys=0.00, real=0.02 secs] 
2020-09-29T17:47:29.577+0200: 23.472: [GC (Allocation Failure) [PSYoungGen: 633989K->18596K(607232K)] 655137K->39744K(2005504K), 0.0078439 secs] [Times: user=0.11 sys=0.00, real=0.01 secs] 
2020-09-29T17:47:29.637+0200: 23.532: [GC (Allocation Failure) [PSYoungGen: 606884K->32421K(643584K)] 628032K->53569K(2041856K), 0.0117348 secs] [Times: user=0.13 sys=0.00, real=0.01 secs] 
2020-09-29T17:47:29.698+0200: 23.594: [GC (Allocation Failure) [PSYoungGen: 619173K->29093K(642048K)] 640321K->50241K(2040320K), 0.0108648 secs] [Times: user=0.13 sys=0.00, real=0.01 secs] 
2020-09-29T17:47:29.760+0200: 23.655: [GC (Allocation Failure) [PSYoungGen: 615845K->40421K(644096K)] 636993K->61569K(2042368K), 0.0205012 secs] [Times: user=0.13 sys=0.00, real=0.02 secs] 
2020-09-29T17:47:29.832+0200: 23.727: [GC (Allocation Failure) [PSYoungGen: 629733K->41765K(644096K)] 650881K->62913K(2042368K), 0.0143019 secs] [Times: user=0.13 sys=0.00, real=0.01 secs] 
2020-09-29T17:47:29.897+0200: 23.792: [GC (Allocation Failure) [PSYoungGen: 631077K->43173K(642048K)] 652225K->64321K(2040320K), 0.0151763 secs] [Times: user=0.13 sys=0.00, real=0.01 secs] 
2020-09-29T17:47:29.962+0200: 23.857: [GC (Allocation Failure) [PSYoungGen: 630437K->25795K(643072K)] 651585K->46943K(2041344K), 0.0105657 secs] [Times: user=0.00 sys=0.00, real=0.01 secs] 
2020-09-29T17:47:30.023+0200: 23.918: [GC (Allocation Failure) [PSYoungGen: 613059K->25093K(643072K)] 634207K->46241K(2041344K), 0.0083415 secs] [Times: user=0.00 sys=0.00, real=0.01 secs] 
2020-09-29T17:47:30.082+0200: 23.977: [GC (Allocation Failure) [PSYoungGen: 612357K->38149K(643072K)] 633505K->59297K(2041344K), 0.0125969 secs] [Times: user=0.13 sys=0.00, real=0.01 secs] 
2020-09-29T17:47:30.145+0200: 24.040: [GC (Allocation Failure) [PSYoungGen: 625413K->37444K(645120K)] 646561K->58592K(2043392K), 0.0138255 secs] [Times: user=0.06 sys=0.00, real=0.01 secs] 
2020-09-29T17:47:30.210+0200: 24.105: [GC (Allocation Failure) [PSYoungGen: 627780K->39845K(644096K)] 648928K->60993K(2042368K), 0.0139616 secs] [Times: user=0.13 sys=0.00, real=0.01 secs] 
2020-09-29T17:47:30.275+0200: 24.170: [GC (Allocation Failure) [PSYoungGen: 630181K->42181K(644096K)] 651329K->63329K(2042368K), 0.0145429 secs] [Times: user=0.13 sys=0.00, real=0.01 secs] 
2020-09-29T17:47:30.340+0200: 24.235: [GC (Allocation Failure) [PSYoungGen: 632517K->28804K(644608K)] 653665K->49952K(2042880K), 0.0107572 secs] [Times: user=0.13 sys=0.00, real=0.01 secs] 
2020-09-29T17:47:30.401+0200: 24.296: [GC (Allocation Failure) [PSYoungGen: 619140K->31237K(646144K)] 640288K->52385K(2044416K), 0.0109773 secs] [Times: user=0.13 sys=0.00, real=0.01 secs] 
2020-09-29T17:47:30.462+0200: 24.358: [GC (Allocation Failure) [PSYoungGen: 623621K->35717K(645120K)] 644769K->56865K(2043392K), 0.0123852 secs] [Times: user=0.13 sys=0.00, real=0.01 secs] 
2020-09-29T17:47:30.527+0200: 24.422: [GC (Allocation Failure) [PSYoungGen: 628101K->39140K(647680K)] 649249K->60288K(2045952K), 0.0139696 secs] [Times: user=0.13 sys=0.00, real=0.01 secs] 
2020-09-29T17:47:30.593+0200: 24.488: [GC (Allocation Failure) [PSYoungGen: 635620K->34053K(647680K)] 656768K->55201K(2045952K), 0.0135765 secs] [Times: user=0.11 sys=0.00, real=0.01 secs] 
2020-09-29T17:47:30.659+0200: 24.555: [GC (Allocation Failure) [PSYoungGen: 630533K->42052K(647168K)] 651681K->63200K(2045440K), 0.0155677 secs] [Times: user=0.11 sys=0.00, real=0.02 secs] 
2020-09-29T17:47:30.726+0200: 24.621: [GC (Allocation Failure) [PSYoungGen: 639556K->23140K(621056K)] 660704K->44288K(2019328K), 0.0080837 secs] [Times: user=0.00 sys=0.00, real=0.01 secs] 
2020-09-29T17:47:30.787+0200: 24.682: [GC (Allocation Failure) [PSYoungGen: 620644K->32707K(648704K)] 641792K->53855K(2046976K), 0.0129630 secs] [Times: user=0.00 sys=0.00, real=0.01 secs] 
2020-09-29T17:47:30.853+0200: 24.749: [GC (Allocation Failure) [PSYoungGen: 629699K->41540K(647168K)] 650847K->62688K(2045440K), 0.0163286 secs] [Times: user=0.13 sys=0.00, real=0.02 secs] 
2020-09-29T17:47:30.923+0200: 24.819: [GC (Allocation Failure) [PSYoungGen: 638532K->35269K(649216K)] 659680K->56417K(2047488K), 0.0141144 secs] [Times: user=0.13 sys=0.00, real=0.01 secs] 
2020-09-29T17:47:30.992+0200: 24.887: [GC (Allocation Failure) [PSYoungGen: 633285K->29060K(647680K)] 654433K->50208K(2045952K), 0.0138823 secs] [Times: user=0.13 sys=0.00, real=0.01 secs] 
2020-09-29T17:47:31.059+0200: 24.954: [GC (Allocation Failure) [PSYoungGen: 627076K->38788K(648704K)] 648224K->59936K(2046976K), 0.0145919 secs] [Times: user=0.13 sys=0.00, real=0.01 secs] 
2020-09-29T17:47:31.125+0200: 25.020: [GC (Allocation Failure) [PSYoungGen: 638340K->36837K(649216K)] 659488K->57985K(2047488K), 0.0133121 secs] [Times: user=0.13 sys=0.00, real=0.02 secs] 
2020-09-29T17:47:31.196+0200: 25.091: [GC (Allocation Failure) [PSYoungGen: 636389K->34469K(651264K)] 657537K->55617K(2049536K), 0.0123683 secs] [Times: user=0.13 sys=0.00, real=0.01 secs] 
2020-09-29T17:47:31.260+0200: 25.155: [GC (Allocation Failure) [PSYoungGen: 637093K->21252K(650240K)] 658241K->42400K(2048512K), 0.0076582 secs] [Times: user=0.00 sys=0.00, real=0.01 secs] 
2020-09-29T17:47:31.319+0200: 25.214: [GC (Allocation Failure) [PSYoungGen: 623876K->48613K(641024K)] 645024K->70689K(2039296K), 0.0165447 secs] [Times: user=0.13 sys=0.00, real=0.02 secs] 
2020-09-29T17:47:31.386+0200: 25.281: [GC (Allocation Failure) [PSYoungGen: 640997K->11523K(604160K)] 663073K->33599K(2002432K), 0.0049787 secs] [Times: user=0.00 sys=0.00, real=0.01 secs] 
2020-09-29T17:47:31.441+0200: 25.336: [GC (Allocation Failure) [PSYoungGen: 603907K->29733K(645120K)] 625983K->51809K(2043392K), 0.0099959 secs] [Times: user=0.13 sys=0.00, real=0.01 secs] 
2020-09-29T17:47:31.501+0200: 25.396: [GC (Allocation Failure) [PSYoungGen: 619557K->27620K(643584K)] 641633K->49696K(2041856K), 0.0107715 secs] [Times: user=0.13 sys=0.00, real=0.01 secs] 
2020-09-29T17:47:31.563+0200: 25.458: [GC (Allocation Failure) [PSYoungGen: 617444K->43076K(643072K)] 639520K->65152K(2041344K), 0.0182360 secs] [Times: user=0.11 sys=0.00, real=0.02 secs] 
2020-09-29T17:47:31.633+0200: 25.529: [GC (Allocation Failure) [PSYoungGen: 633412K->28451K(644608K)] 655488K->50527K(2042880K), 0.0112373 secs] [Times: user=0.00 sys=0.00, real=0.01 secs] 
2020-09-29T17:47:31.697+0200: 25.593: [GC (Allocation Failure) [PSYoungGen: 618787K->44261K(641536K)] 640863K->66337K(2039808K), 0.0154908 secs] [Times: user=0.13 sys=0.00, real=0.02 secs] 
2020-09-29T17:47:31.763+0200: 25.659: [GC (Allocation Failure) [PSYoungGen: 632549K->31013K(643584K)] 654625K->53089K(2041856K), 0.0103441 secs] [Times: user=0.13 sys=0.00, real=0.01 secs] 
2020-09-29T17:47:31.825+0200: 25.720: [GC (Allocation Failure) [PSYoungGen: 619301K->43620K(642048K)] 641377K->65696K(2040320K), 0.0152808 secs] [Times: user=0.13 sys=0.00, real=0.01 secs] 
2020-09-29T17:47:31.891+0200: 25.786: [GC (Allocation Failure) [PSYoungGen: 631908K->30308K(643584K)] 653984K->52384K(2041856K), 0.0110318 secs] [Times: user=0.13 sys=0.00, real=0.01 secs] 
2020-09-29T17:47:31.953+0200: 25.849: [GC (Allocation Failure) [PSYoungGen: 618596K->30340K(646144K)] 640672K->52416K(2044416K), 0.0117038 secs] [Times: user=0.13 sys=0.00, real=0.01 secs] 
2020-09-29T17:47:32.017+0200: 25.912: [GC (Allocation Failure) [PSYoungGen: 622212K->33892K(644608K)] 644288K->55968K(2042880K), 0.0126827 secs] [Times: user=0.13 sys=0.00, real=0.01 secs] 
2020-09-29T17:47:32.080+0200: 25.976: [GC (Allocation Failure) [PSYoungGen: 625764K->37028K(648192K)] 647840K->59104K(2046464K), 0.0134243 secs] [Times: user=0.13 sys=0.00, real=0.01 secs] 
2020-09-29T17:47:32.145+0200: 26.040: [GC (Allocation Failure) [PSYoungGen: 634020K->31268K(647680K)] 656096K->53344K(2045952K), 0.0109302 secs] [Times: user=0.00 sys=0.00, real=0.01 secs] 
2020-09-29T17:47:32.207+0200: 26.102: [GC (Allocation Failure) [PSYoungGen: 628260K->40132K(647680K)] 650336K->62208K(2045952K), 0.0141329 secs] [Times: user=0.13 sys=0.00, real=0.01 secs] 
2020-09-29T17:47:32.274+0200: 26.170: [GC (Allocation Failure) [PSYoungGen: 638660K->37061K(648704K)] 660736K->59137K(2046976K), 0.0121858 secs] [Times: user=0.13 sys=0.00, real=0.01 secs] 
2020-09-29T17:47:32.338+0200: 26.234: [GC (Allocation Failure) [PSYoungGen: 635589K->47781K(643072K)] 657665K->69857K(2041344K), 0.0161666 secs] [Times: user=0.13 sys=0.00, real=0.02 secs] 
2020-09-29T17:47:32.405+0200: 26.300: [GC (Allocation Failure) [PSYoungGen: 641189K->25861K(619520K)] 663265K->47937K(2017792K), 0.0092770 secs] [Times: user=0.13 sys=0.00, real=0.01 secs] 
2020-09-29T17:47:32.465+0200: 26.361: [GC (Allocation Failure) [PSYoungGen: 619269K->45061K(642560K)] 641345K->67137K(2040832K), 0.0152772 secs] [Times: user=0.13 sys=0.00, real=0.02 secs] 
2020-09-29T17:47:32.531+0200: 26.427: [GC (Allocation Failure) [PSYoungGen: 634373K->46469K(635904K)] 656449K->68545K(2034176K), 0.0149971 secs] [Times: user=0.13 sys=0.00, real=0.02 secs] 
2020-09-29T17:47:32.600+0200: 26.496: [GC (Allocation Failure) [PSYoungGen: 635781K->20485K(640000K)] 657857K->42561K(2038272K), 0.0067569 secs] [Times: user=0.00 sys=0.00, real=0.01 secs] 
2020-09-29T17:47:32.658+0200: 26.554: [GC (Allocation Failure) [PSYoungGen: 603653K->43013K(626688K)] 625729K->65089K(2024960K), 0.0143680 secs] [Times: user=0.13 sys=0.00, real=0.02 secs] 
2020-09-29T17:47:32.723+0200: 26.618: [GC (Allocation Failure) [PSYoungGen: 626181K->38341K(642048K)] 648257K->60417K(2040320K), 0.0132658 secs] [Times: user=0.13 sys=0.00, real=0.01 secs] 
2020-09-29T17:47:32.786+0200: 26.681: [GC (Allocation Failure) [PSYoungGen: 622021K->32805K(640512K)] 644097K->54881K(2038784K), 0.0118468 secs] [Times: user=0.00 sys=0.00, real=0.01 secs] 
2020-09-29T17:47:32.851+0200: 26.746: [GC (Allocation Failure) [PSYoungGen: 616485K->28453K(644096K)] 638561K->50529K(2042368K), 0.0097686 secs] [Times: user=0.00 sys=0.00, real=0.01 secs] 
2020-09-29T17:47:32.911+0200: 26.806: [GC (Allocation Failure) [PSYoungGen: 616741K->28292K(643072K)] 638817K->50368K(2041344K), 0.0107497 secs] [Times: user=0.00 sys=0.00, real=0.01 secs] 
2020-09-29T17:47:32.972+0200: 26.867: [GC (Allocation Failure) [PSYoungGen: 616580K->25604K(645120K)] 638656K->47680K(2043392K), 0.0101958 secs] [Times: user=0.13 sys=0.00, real=0.01 secs] 
2020-09-29T17:47:33.033+0200: 26.928: [GC (Allocation Failure) [PSYoungGen: 616452K->28452K(644608K)] 638528K->50528K(2042880K), 0.0103736 secs] [Times: user=0.13 sys=0.00, real=0.01 secs] 
2020-09-29T17:47:33.094+0200: 26.989: [GC (Allocation Failure) [PSYoungGen: 619300K->31429K(647680K)] 641376K->53505K(2045952K), 0.0111421 secs] [Times: user=0.13 sys=0.00, real=0.01 secs] 
2020-09-29T17:47:33.156+0200: 27.052: [GC (Allocation Failure) [PSYoungGen: 626373K->38469K(646144K)] 648449K->60545K(2044416K), 0.0125751 secs] [Times: user=0.13 sys=0.00, real=0.01 secs] 
2020-09-29T17:47:33.220+0200: 27.116: [GC (Allocation Failure) [PSYoungGen: 633413K->31781K(649216K)] 655489K->53857K(2047488K), 0.0106880 secs] [Times: user=0.13 sys=0.00, real=0.01 secs] 
2020-09-29T17:47:33.287+0200: 27.182: [GC (Allocation Failure) [PSYoungGen: 629797K->27044K(647680K)] 651873K->49120K(2045952K), 0.0107788 secs] [Times: user=0.00 sys=0.00, real=0.01 secs] 
2020-09-29T17:47:33.349+0200: 27.244: [GC (Allocation Failure) [PSYoungGen: 625060K->49125K(639488K)] 647136K->72825K(2037760K), 0.0171538 secs] [Times: user=0.13 sys=0.00, real=0.02 secs] 
2020-09-29T17:47:33.417+0200: 27.312: [GC (Allocation Failure) [PSYoungGen: 639461K->39557K(644608K)] 663161K->63257K(2042880K), 0.0136828 secs] [Times: user=0.13 sys=0.00, real=0.01 secs] 
2020-09-29T17:47:33.481+0200: 27.377: [GC (Allocation Failure) [PSYoungGen: 629893K->11810K(640512K)] 653593K->35510K(2038784K), 0.0058433 secs] [Times: user=0.00 sys=0.00, real=0.01 secs] 
2020-09-29T17:47:33.537+0200: 27.432: [GC (Allocation Failure) [PSYoungGen: 598050K->35557K(642560K)] 621750K->59257K(2040832K), 0.0130222 secs] [Times: user=0.00 sys=0.00, real=0.01 secs] 
2020-09-29T17:47:33.602+0200: 27.497: [GC (Allocation Failure) [PSYoungGen: 621797K->47493K(636928K)] 645497K->71193K(2035200K), 0.0171332 secs] [Times: user=0.11 sys=0.00, real=0.02 secs] 
2020-09-29T17:47:33.674+0200: 27.569: [GC (Allocation Failure) [PSYoungGen: 629637K->26819K(640512K)] 653337K->50519K(2038784K), 0.0135241 secs] [Times: user=0.11 sys=0.00, real=0.01 secs] 
2020-09-29T17:47:33.741+0200: 27.636: [GC (Allocation Failure) [PSYoungGen: 608963K->34372K(643584K)] 632663K->58072K(2041856K), 0.0133964 secs] [Times: user=0.00 sys=0.00, real=0.01 secs] 
2020-09-29T17:47:33.807+0200: 27.703: [GC (Allocation Failure) [PSYoungGen: 620612K->32677K(641536K)] 644312K->56377K(2039808K), 0.0122849 secs] [Times: user=0.13 sys=0.00, real=0.01 secs] 
2020-09-29T17:47:33.871+0200: 27.767: [GC (Allocation Failure) [PSYoungGen: 618917K->31045K(647168K)] 642617K->54745K(2045440K), 0.0118129 secs] [Times: user=0.13 sys=0.00, real=0.01 secs] 
2020-09-29T17:47:33.933+0200: 27.829: [GC (Allocation Failure) [PSYoungGen: 624965K->37029K(645632K)] 648665K->60729K(2043904K), 0.0124167 secs] [Times: user=0.13 sys=0.00, real=0.01 secs] 
2020-09-29T17:47:33.998+0200: 27.893: [GC (Allocation Failure) [PSYoungGen: 630949K->27811K(648192K)] 654649K->51511K(2046464K), 0.0111793 secs] [Times: user=0.13 sys=0.00, real=0.01 secs] 
2020-09-29T17:47:34.064+0200: 27.960: [GC (Allocation Failure) [PSYoungGen: 624803K->50533K(647680K)] 648503K->74233K(2045952K), 0.0180322 secs] [Times: user=0.14 sys=0.00, real=0.02 secs] 
2020-09-29T17:47:34.133+0200: 28.029: [GC (Allocation Failure) [PSYoungGen: 647525K->15396K(637440K)] 671225K->39096K(2035712K), 0.0067753 secs] [Times: user=0.00 sys=0.00, real=0.01 secs] 
2020-09-29T17:47:34.191+0200: 28.086: [GC (Allocation Failure) [PSYoungGen: 601636K->41125K(627712K)] 625336K->64825K(2025984K), 0.0144251 secs] [Times: user=0.13 sys=0.00, real=0.01 secs] 
2020-09-29T17:47:34.255+0200: 28.151: [GC (Allocation Failure) [PSYoungGen: 627365K->39429K(642048K)] 651065K->63129K(2040320K), 0.0137598 secs] [Times: user=0.00 sys=0.00, real=0.01 secs] 
2020-09-29T17:47:34.319+0200: 28.215: [GC (Allocation Failure) [PSYoungGen: 624133K->34596K(641536K)] 647833K->58296K(2039808K), 0.0125907 secs] [Times: user=0.00 sys=0.00, real=0.01 secs] 
2020-09-29T17:47:34.384+0200: 28.279: [GC (Allocation Failure) [PSYoungGen: 619300K->31268K(645632K)] 643000K->54968K(2043904K), 0.0117934 secs] [Times: user=0.13 sys=0.00, real=0.01 secs] 
2020-09-29T17:47:34.446+0200: 28.341: [GC (Allocation Failure) [PSYoungGen: 622116K->34117K(644096K)] 645816K->57817K(2042368K), 0.0112946 secs] [Times: user=0.00 sys=0.00, real=0.01 secs] 
2020-09-29T17:47:34.508+0200: 28.403: [GC (Allocation Failure) [PSYoungGen: 624965K->21572K(647168K)] 648665K->45272K(2045440K), 0.0082393 secs] [Times: user=0.00 sys=0.00, real=0.01 secs] 
2020-09-29T17:47:34.567+0200: 28.463: [GC (Allocation Failure) [PSYoungGen: 617028K->42821K(638464K)] 640728K->66521K(2036736K), 0.0174357 secs] [Times: user=0.11 sys=0.00, real=0.02 secs] 
2020-09-29T17:47:34.638+0200: 28.533: [GC (Allocation Failure) [PSYoungGen: 638277K->36709K(646144K)] 661977K->60409K(2044416K), 0.0131929 secs] [Times: user=0.13 sys=0.00, real=0.01 secs] 
2020-09-29T17:47:34.702+0200: 28.597: [GC (Allocation Failure) [PSYoungGen: 629093K->41157K(645120K)] 652793K->64857K(2043392K), 0.0143827 secs] [Times: user=0.13 sys=0.00, real=0.01 secs] 
2020-09-29T17:47:34.766+0200: 28.662: [GC (Allocation Failure) [PSYoungGen: 633541K->30180K(646144K)] 657241K->53880K(2044416K), 0.0111497 secs] [Times: user=0.13 sys=0.00, real=0.01 secs] 
2020-09-29T17:47:34.828+0200: 28.724: [GC (Allocation Failure) [PSYoungGen: 622564K->47620K(640512K)] 646264K->71320K(2038784K), 0.0163054 secs] [Times: user=0.13 sys=0.00, real=0.02 secs] 
2020-09-29T17:47:34.896+0200: 28.791: [GC (Allocation Failure) [PSYoungGen: 640004K->37700K(644608K)] 663704K->61400K(2042880K), 0.0153548 secs] [Times: user=0.13 sys=0.00, real=0.02 secs] 
2020-09-29T17:47:34.962+0200: 28.858: [GC (Allocation Failure) [PSYoungGen: 626500K->38565K(643072K)] 650200K->62265K(2041344K), 0.0137562 secs] [Times: user=0.13 sys=0.00, real=0.01 secs] 
2020-09-29T17:47:35.026+0200: 28.922: [GC (Allocation Failure) [PSYoungGen: 627365K->25765K(645120K)] 651065K->49465K(2043392K), 0.0089874 secs] [Times: user=0.00 sys=0.00, real=0.01 secs] 
2020-09-29T17:47:35.087+0200: 28.982: [GC (Allocation Failure) [PSYoungGen: 617125K->53733K(645120K)] 640825K->80217K(2043392K), 0.0192088 secs] [Times: user=0.13 sys=0.00, real=0.02 secs] 
2020-09-29T17:47:35.156+0200: 29.052: [GC (Allocation Failure) [PSYoungGen: 645093K->46437K(630784K)] 671577K->72921K(2029056K), 0.0159959 secs] [Times: user=0.11 sys=0.00, real=0.02 secs] 
2020-09-29T17:47:35.222+0200: 29.118: [GC (Allocation Failure) [PSYoungGen: 623461K->35557K(637952K)] 649945K->62041K(2036224K), 0.0153654 secs] [Times: user=0.00 sys=0.00, real=0.02 secs] 
2020-09-29T17:47:35.287+0200: 29.183: [GC (Allocation Failure) [PSYoungGen: 612581K->24645K(638976K)] 639065K->51129K(2037248K), 0.0090341 secs] [Times: user=0.00 sys=0.00, real=0.01 secs] 
2020-09-29T17:47:35.352+0200: 29.248: [GC (Allocation Failure) [PSYoungGen: 604741K->29668K(639488K)] 631225K->56152K(2037760K), 0.0115256 secs] [Times: user=0.02 sys=0.00, real=0.01 secs] 
2020-09-29T17:47:35.413+0200: 29.309: [GC (Allocation Failure) [PSYoungGen: 609764K->34276K(642560K)] 636248K->60760K(2040832K), 0.0125048 secs] [Times: user=0.13 sys=0.00, real=0.01 secs] 
2020-09-29T17:47:35.476+0200: 29.372: [GC (Allocation Failure) [PSYoungGen: 618468K->44197K(640512K)] 644952K->70681K(2038784K), 0.0150913 secs] [Times: user=0.13 sys=0.00, real=0.01 secs] 
2020-09-29T17:47:35.541+0200: 29.437: [GC (Allocation Failure) [PSYoungGen: 628389K->26853K(642048K)] 654873K->53337K(2040320K), 0.0089244 secs] [Times: user=0.00 sys=0.00, real=0.01 secs] 
2020-09-29T17:47:35.601+0200: 29.497: [GC (Allocation Failure) [PSYoungGen: 611557K->51013K(635904K)] 638041K->77497K(2034176K), 0.0187005 secs] [Times: user=0.11 sys=0.00, real=0.02 secs] 
2020-09-29T17:47:35.671+0200: 29.567: [GC (Allocation Failure) [PSYoungGen: 635717K->34117K(640000K)] 662201K->60601K(2038272K), 0.0116287 secs] [Times: user=0.13 sys=0.00, real=0.01 secs] 
2020-09-29T17:47:35.732+0200: 29.628: [GC (Allocation Failure) [PSYoungGen: 613701K->37188K(638464K)] 640185K->63672K(2036736K), 0.0136256 secs] [Times: user=0.13 sys=0.00, real=0.01 secs] 
2020-09-29T17:47:35.795+0200: 29.691: [GC (Allocation Failure) [PSYoungGen: 616772K->26052K(642048K)] 643256K->52536K(2040320K), 0.0109187 secs] [Times: user=0.13 sys=0.00, real=0.01 secs] 
2020-09-29T17:47:35.856+0200: 29.752: [GC (Allocation Failure) [PSYoungGen: 611268K->50725K(636416K)] 637752K->77209K(2034688K), 0.0168043 secs] [Times: user=0.13 sys=0.00, real=0.02 secs] 
2020-09-29T17:47:35.924+0200: 29.820: [GC (Allocation Failure) [PSYoungGen: 635941K->34341K(640512K)] 662425K->60825K(2038784K), 0.0132542 secs] [Times: user=0.11 sys=0.00, real=0.01 secs] 
2020-09-29T17:47:35.987+0200: 29.883: [GC (Allocation Failure) [PSYoungGen: 614949K->40068K(638976K)] 641433K->66552K(2037248K), 0.0142343 secs] [Times: user=0.13 sys=0.00, real=0.01 secs] 
2020-09-29T17:47:36.051+0200: 29.946: [GC (Allocation Failure) [PSYoungGen: 620676K->46084K(639488K)] 647160K->72568K(2037760K), 0.0156953 secs] [Times: user=0.02 sys=0.00, real=0.02 secs] 
2020-09-29T17:47:36.117+0200: 30.012: [GC (Allocation Failure) [PSYoungGen: 628228K->40325K(640512K)] 654712K->66809K(2038784K), 0.0129081 secs] [Times: user=0.02 sys=0.02, real=0.01 secs] 
2020-09-29T17:47:36.180+0200: 30.075: [GC (Allocation Failure) [PSYoungGen: 622469K->34596K(642560K)] 648953K->61080K(2040832K), 0.0129056 secs] [Times: user=0.13 sys=0.00, real=0.01 secs] 
2020-09-29T17:47:36.243+0200: 30.138: [GC (Allocation Failure) [PSYoungGen: 619812K->45509K(641536K)] 646296K->71993K(2039808K), 0.0149879 secs] [Times: user=0.13 sys=0.00, real=0.01 secs] 
2020-09-29T17:47:36.308+0200: 30.203: [GC (Allocation Failure) [PSYoungGen: 630725K->42820K(642048K)] 657209K->69304K(2040320K), 0.0153417 secs] [Times: user=0.13 sys=0.00, real=0.01 secs] 
2020-09-29T17:47:36.373+0200: 30.269: [GC (Allocation Failure) [PSYoungGen: 627524K->39045K(641536K)] 654008K->65529K(2039808K), 0.0136605 secs] [Times: user=0.13 sys=0.00, real=0.01 secs] 
2020-09-29T17:47:36.436+0200: 30.332: [GC (Allocation Failure) [PSYoungGen: 623749K->5570K(635392K)] 650233K->32054K(2033664K), 0.0030805 secs] [Times: user=0.00 sys=0.00, real=0.00 secs] 
2020-09-29T17:47:36.489+0200: 30.385: [GC (Allocation Failure) [PSYoungGen: 585666K->38660K(639488K)] 612150K->65144K(2037760K), 0.0139850 secs] [Times: user=0.00 sys=0.00, real=0.01 secs] 
2020-09-29T17:47:36.553+0200: 30.448: [GC (Allocation Failure) [PSYoungGen: 618756K->44517K(638976K)] 645240K->71001K(2037248K), 0.0151134 secs] [Times: user=0.13 sys=0.00, real=0.02 secs] 
2020-09-29T17:47:36.619+0200: 30.515: [GC (Allocation Failure) [PSYoungGen: 625637K->36644K(640000K)] 652121K->63128K(2038272K), 0.0141234 secs] [Times: user=0.11 sys=0.00, real=0.02 secs] 
2020-09-29T17:47:36.683+0200: 30.579: [GC (Allocation Failure) [PSYoungGen: 617764K->27811K(642560K)] 644248K->54295K(2040832K), 0.0107738 secs] [Times: user=0.13 sys=0.00, real=0.01 secs] 
2020-09-29T17:47:36.744+0200: 30.640: [GC (Allocation Failure) [PSYoungGen: 613539K->38340K(642048K)] 640023K->64824K(2040320K), 0.0142269 secs] [Times: user=0.13 sys=0.00, real=0.02 secs] 
2020-09-29T17:47:36.809+0200: 30.704: [GC (Allocation Failure) [PSYoungGen: 624068K->36133K(645632K)] 650552K->62617K(2043904K), 0.0131023 secs] [Times: user=0.13 sys=0.00, real=0.01 secs] 
2020-09-29T17:47:36.872+0200: 30.768: [GC (Allocation Failure) [PSYoungGen: 626469K->38469K(643584K)] 652953K->64953K(2041856K), 0.0124627 secs] [Times: user=0.13 sys=0.00, real=0.01 secs] 
2020-09-29T17:47:36.935+0200: 30.831: [GC (Allocation Failure) [PSYoungGen: 628805K->27237K(646144K)] 655289K->53721K(2044416K), 0.0099043 secs] [Times: user=0.13 sys=0.00, real=0.01 secs] 
2020-09-29T17:47:36.999+0200: 30.894: [GC (Allocation Failure) [PSYoungGen: 620645K->30564K(646144K)] 647129K->57048K(2044416K), 0.0120347 secs] [Times: user=0.13 sys=0.00, real=0.01 secs] 
2020-09-29T17:47:37.065+0200: 30.961: [GC (Allocation Failure) [PSYoungGen: 623972K->36037K(648704K)] 650456K->62521K(2046976K), 0.0141991 secs] [Times: user=0.13 sys=0.00, real=0.01 secs] 
2020-09-29T17:47:37.133+0200: 31.029: [GC (Allocation Failure) [PSYoungGen: 633029K->45125K(642560K)] 659513K->71609K(2040832K), 0.0167052 secs] [Times: user=0.13 sys=0.00, real=0.02 secs] 
2020-09-29T17:47:37.204+0200: 31.100: [GC (Allocation Failure) [PSYoungGen: 642117K->40517K(646144K)] 668601K->67001K(2044416K), 0.0150682 secs] [Times: user=0.13 sys=0.00, real=0.02 secs] 
2020-09-29T17:47:37.270+0200: 31.166: [GC (Allocation Failure) [PSYoungGen: 633925K->29445K(646144K)] 660409K->55929K(2044416K), 0.0107185 secs] [Times: user=0.00 sys=0.00, real=0.01 secs] 
2020-09-29T17:47:37.331+0200: 31.227: [GC (Allocation Failure) [PSYoungGen: 622853K->19652K(644608K)] 649337K->46136K(2042880K), 0.0076382 secs] [Times: user=0.13 sys=0.00, real=0.01 secs] 
2020-09-29T17:47:37.390+0200: 31.286: [GC (Allocation Failure) [PSYoungGen: 612036K->23075K(645632K)] 638520K->49559K(2043904K), 0.0093507 secs] [Times: user=0.13 sys=0.00, real=0.01 secs] 
2020-09-29T17:47:37.449+0200: 31.345: [GC (Allocation Failure) [PSYoungGen: 615459K->38052K(645632K)] 641943K->64536K(2043904K), 0.0137249 secs] [Times: user=0.13 sys=0.00, real=0.01 secs] 
2020-09-29T17:47:37.514+0200: 31.410: [GC (Allocation Failure) [PSYoungGen: 630436K->26723K(645632K)] 656920K->53207K(2043904K), 0.0105586 secs] [Times: user=0.13 sys=0.00, real=0.01 secs] 
2020-09-29T17:47:37.578+0200: 31.473: [GC (Allocation Failure) [PSYoungGen: 619107K->44869K(641536K)] 645591K->71353K(2039808K), 0.0167710 secs] [Times: user=0.11 sys=0.00, real=0.02 secs] 
2020-09-29T17:47:37.647+0200: 31.542: [GC (Allocation Failure) [PSYoungGen: 634181K->46245K(635904K)] 660665K->72729K(2034176K), 0.0159105 secs] [Times: user=0.13 sys=0.00, real=0.02 secs] 
2020-09-29T17:47:37.713+0200: 31.609: [GC (Allocation Failure) [PSYoungGen: 635557K->32708K(643072K)] 662041K->59192K(2041344K), 0.0121490 secs] [Times: user=0.13 sys=0.00, real=0.01 secs] 
2020-09-29T17:47:37.776+0200: 31.671: [GC (Allocation Failure) [PSYoungGen: 618436K->44229K(641536K)] 644920K->70713K(2039808K), 0.0148855 secs] [Times: user=0.13 sys=0.00, real=0.01 secs] 
2020-09-29T17:47:37.841+0200: 31.736: [GC (Allocation Failure) [PSYoungGen: 629957K->41796K(642048K)] 656441K->68280K(2040320K), 0.0144266 secs] [Times: user=0.13 sys=0.00, real=0.01 secs] 
2020-09-29T17:47:37.905+0200: 31.801: [GC (Allocation Failure) [PSYoungGen: 627012K->39013K(642048K)] 653496K->65497K(2040320K), 0.0126085 secs] [Times: user=0.13 sys=0.00, real=0.01 secs] 
2020-09-29T17:47:37.968+0200: 31.863: [GC (Allocation Failure) [PSYoungGen: 624229K->21604K(641024K)] 650713K->48088K(2039296K), 0.0082938 secs] [Times: user=0.13 sys=0.00, real=0.01 secs] 
2020-09-29T17:47:38.028+0200: 31.924: [GC (Allocation Failure) [PSYoungGen: 606820K->31395K(642048K)] 633304K->57879K(2040320K), 0.0128353 secs] [Times: user=0.13 sys=0.00, real=0.01 secs] 
2020-09-29T17:47:38.091+0200: 31.987: [GC (Allocation Failure) [PSYoungGen: 616611K->42309K(642560K)] 643095K->68793K(2040832K), 0.0143482 secs] [Times: user=0.13 sys=0.00, real=0.01 secs] 
2020-09-29T17:47:38.156+0200: 32.052: [GC (Allocation Failure) [PSYoungGen: 629573K->41637K(629248K)] 656057K->68121K(2027520K), 0.0146733 secs] [Times: user=0.13 sys=0.00, real=0.02 secs] 
2020-09-29T17:47:38.222+0200: 32.117: [GC (Allocation Failure) [PSYoungGen: 628901K->27301K(643072K)] 655385K->53785K(2041344K), 0.0092963 secs] [Times: user=0.13 sys=0.00, real=0.01 secs] 
2020-09-29T17:47:38.281+0200: 32.177: [GC (Allocation Failure) [PSYoungGen: 614053K->39620K(642560K)] 640537K->66104K(2040832K), 0.0135862 secs] [Times: user=0.13 sys=0.00, real=0.01 secs] 
2020-09-29T17:47:38.345+0200: 32.241: [GC (Allocation Failure) [PSYoungGen: 626372K->24644K(643584K)] 652856K->51128K(2041856K), 0.0098250 secs] [Times: user=0.13 sys=0.00, real=0.01 secs] 
2020-09-29T17:47:38.405+0200: 32.301: [GC (Allocation Failure) [PSYoungGen: 612932K->38725K(643584K)] 639416K->65209K(2041856K), 0.0136067 secs] [Times: user=0.13 sys=0.00, real=0.01 secs] 
2020-09-29T17:47:38.469+0200: 32.365: [GC (Allocation Failure) [PSYoungGen: 627013K->39141K(644608K)] 653497K->65625K(2042880K), 0.0134986 secs] [Times: user=0.13 sys=0.00, real=0.01 secs] 
2020-09-29T17:47:38.538+0200: 32.434: [GC (Allocation Failure) [PSYoungGen: 628965K->41061K(644096K)] 655449K->67545K(2042368K), 0.0138800 secs] [Times: user=0.13 sys=0.00, real=0.01 secs] 
2020-09-29T17:47:38.604+0200: 32.500: [GC (Allocation Failure) [PSYoungGen: 630885K->29285K(645120K)] 657369K->55769K(2043392K), 0.0105834 secs] [Times: user=0.11 sys=0.00, real=0.01 secs] 
2020-09-29T17:47:38.667+0200: 32.563: [GC (Allocation Failure) [PSYoungGen: 620133K->32261K(644608K)] 646617K->58745K(2042880K), 0.0111259 secs] [Times: user=0.13 sys=0.00, real=0.01 secs] 
2020-09-29T17:47:38.729+0200: 32.624: [GC (Allocation Failure) [PSYoungGen: 623109K->35205K(648192K)] 649593K->61689K(2046464K), 0.0121059 secs] [Times: user=0.13 sys=0.00, real=0.01 secs] 
2020-09-29T17:47:38.792+0200: 32.688: [GC (Allocation Failure) [PSYoungGen: 630661K->29061K(646144K)] 657145K->55545K(2044416K), 0.0101167 secs] [Times: user=0.11 sys=0.00, real=0.01 secs] 
2020-09-29T17:47:38.853+0200: 32.749: [GC (Allocation Failure) [PSYoungGen: 624517K->34948K(649728K)] 651001K->61432K(2048000K), 0.0132751 secs] [Times: user=0.13 sys=0.00, real=0.01 secs] 
2020-09-29T17:47:38.918+0200: 32.814: [GC (Allocation Failure) [PSYoungGen: 634500K->32965K(648704K)] 660984K->59449K(2046976K), 0.0106797 secs] [Times: user=0.13 sys=0.00, real=0.01 secs] 
2020-09-29T17:47:38.986+0200: 32.882: [GC (Allocation Failure) [PSYoungGen: 632517K->28195K(651264K)] 659001K->54679K(2049536K), 0.0108735 secs] [Times: user=0.13 sys=0.00, real=0.01 secs] 
2020-09-29T17:47:39.049+0200: 32.945: [GC (Allocation Failure) [PSYoungGen: 631843K->15460K(619520K)] 658327K->41944K(2017792K), 0.0055028 secs] [Times: user=0.13 sys=0.00, real=0.01 secs] 
2020-09-29T17:47:39.107+0200: 33.003: [GC (Allocation Failure) [PSYoungGen: 619108K->31173K(651264K)] 645592K->57657K(2049536K), 0.0110241 secs] [Times: user=0.13 sys=0.00, real=0.01 secs] 
2020-09-29T17:47:39.169+0200: 33.065: [GC (Allocation Failure) [PSYoungGen: 633285K->16291K(649728K)] 659769K->42775K(2048000K), 0.0071498 secs] [Times: user=0.13 sys=0.00, real=0.01 secs] 
2020-09-29T17:47:39.228+0200: 33.124: [GC (Allocation Failure) [PSYoungGen: 618403K->29476K(651776K)] 644887K->55960K(2050048K), 0.0115985 secs] [Times: user=0.13 sys=0.00, real=0.01 secs] 
2020-09-29T17:47:39.294+0200: 33.190: [GC (Allocation Failure) [PSYoungGen: 632612K->30212K(650240K)] 659096K->56696K(2048512K), 0.0117551 secs] [Times: user=0.13 sys=0.00, real=0.01 secs] 
2020-09-29T17:47:39.359+0200: 33.255: [GC (Allocation Failure) [PSYoungGen: 633348K->45477K(645120K)] 659832K->71961K(2043392K), 0.0151199 secs] [Times: user=0.13 sys=0.00, real=0.02 secs] 
2020-09-29T17:47:39.425+0200: 33.321: [GC (Allocation Failure) [PSYoungGen: 645029K->42628K(642560K)] 671513K->69112K(2040832K), 0.0146475 secs] [Times: user=0.13 sys=0.00, real=0.02 secs] 
2020-09-29T17:47:39.491+0200: 33.387: [GC (Allocation Failure) [PSYoungGen: 642180K->26885K(647680K)] 668664K->53369K(2045952K), 0.0095740 secs] [Times: user=0.00 sys=0.00, real=0.01 secs] 
2020-09-29T17:47:39.552+0200: 33.447: [GC (Allocation Failure) [PSYoungGen: 622853K->48548K(644608K)] 649337K->75032K(2042880K), 0.0166660 secs] [Times: user=0.13 sys=0.00, real=0.02 secs] 
2020-09-29T17:47:39.621+0200: 33.517: [GC (Allocation Failure) [PSYoungGen: 644516K->42949K(640512K)] 671000K->69433K(2038784K), 0.0182744 secs] [Times: user=0.11 sys=0.00, real=0.02 secs] 
2020-09-29T17:47:39.690+0200: 33.586: [GC (Allocation Failure) [PSYoungGen: 629189K->11491K(598016K)] 655673K->37975K(1996288K), 0.0049722 secs] [Times: user=0.13 sys=0.00, real=0.00 secs] 
2020-09-29T17:47:39.745+0200: 33.641: [GC (Allocation Failure) [PSYoungGen: 597731K->50789K(632320K)] 624215K->77273K(2030592K), 0.0167985 secs] [Times: user=0.13 sys=0.00, real=0.02 secs] 
2020-09-29T17:47:39.811+0200: 33.707: [GC (Allocation Failure) [PSYoungGen: 624741K->36645K(636416K)] 651225K->63129K(2034688K), 0.0128962 secs] [Times: user=0.13 sys=0.00, real=0.01 secs] 
2020-09-29T17:47:39.873+0200: 33.769: [GC (Allocation Failure) [PSYoungGen: 610597K->33283K(640512K)] 637081K->59767K(2038784K), 0.0126637 secs] [Times: user=0.13 sys=0.00, real=0.01 secs] 
2020-09-29T17:47:39.936+0200: 33.832: [GC (Allocation Failure) [PSYoungGen: 613379K->39109K(638464K)] 639863K->65593K(2036736K), 0.0134892 secs] [Times: user=0.13 sys=0.00, real=0.01 secs] 
2020-09-29T17:47:40.000+0200: 33.895: [GC (Allocation Failure) [PSYoungGen: 619205K->31237K(643072K)] 645689K->57721K(2041344K), 0.0104760 secs] [Times: user=0.13 sys=0.00, real=0.01 secs] 
2020-09-29T17:47:40.061+0200: 33.957: [GC (Allocation Failure) [PSYoungGen: 616965K->42661K(641536K)] 643449K->69145K(2039808K), 0.0145594 secs] [Times: user=0.13 sys=0.00, real=0.01 secs] 
2020-09-29T17:47:40.126+0200: 34.022: [GC (Allocation Failure) [PSYoungGen: 628389K->40485K(642048K)] 654873K->66969K(2040320K), 0.0139024 secs] [Times: user=0.13 sys=0.00, real=0.01 secs] 
2020-09-29T17:47:40.190+0200: 34.086: [GC (Allocation Failure) [PSYoungGen: 625701K->35972K(642048K)] 652185K->62456K(2040320K), 0.0134801 secs] [Times: user=0.11 sys=0.00, real=0.01 secs] 
2020-09-29T17:47:40.254+0200: 34.150: [GC (Allocation Failure) [PSYoungGen: 621188K->33220K(645632K)] 647672K->59704K(2043904K), 0.0118878 secs] [Times: user=0.00 sys=0.00, real=0.01 secs] 
2020-09-29T17:47:40.319+0200: 34.215: [GC (Allocation Failure) [PSYoungGen: 624068K->36101K(644096K)] 650552K->62585K(2042368K), 0.0124234 secs] [Times: user=0.00 sys=0.03, real=0.01 secs] 
2020-09-29T17:47:40.382+0200: 34.278: [GC (Allocation Failure) [PSYoungGen: 626949K->51685K(637952K)] 653433K->79105K(2036224K), 0.0176822 secs] [Times: user=0.13 sys=0.00, real=0.02 secs] 
2020-09-29T17:47:40.450+0200: 34.346: [GC (Allocation Failure) [PSYoungGen: 637925K->51013K(637440K)] 665345K->78433K(2035712K), 0.0172012 secs] [Times: user=0.11 sys=0.00, real=0.02 secs] 
2020-09-29T17:47:40.518+0200: 34.413: [GC (Allocation Failure) [PSYoungGen: 637253K->59365K(625152K)] 664673K->90377K(2023424K), 0.0207597 secs] [Times: user=0.25 sys=0.00, real=0.02 secs] 
2020-09-29T17:47:40.588+0200: 34.484: [GC (Allocation Failure) [PSYoungGen: 625125K->54597K(620544K)] 656137K->85609K(2018816K), 0.0196464 secs] [Times: user=0.11 sys=0.00, real=0.02 secs] 
2020-09-29T17:47:40.657+0200: 34.553: [GC (Allocation Failure) [PSYoungGen: 620357K->46021K(631296K)] 651369K->77033K(2029568K), 0.0150365 secs] [Times: user=0.13 sys=0.00, real=0.02 secs] 
2020-09-29T17:47:40.727+0200: 34.623: [GC (Allocation Failure) [PSYoungGen: 608197K->33957K(629760K)] 639209K->64969K(2028032K), 0.0119201 secs] [Times: user=0.13 sys=0.00, real=0.01 secs] 
2020-09-29T17:47:40.787+0200: 34.683: [GC (Allocation Failure) [PSYoungGen: 596133K->35557K(633344K)] 627145K->66569K(2031616K), 0.0125604 secs] [Times: user=0.00 sys=0.00, real=0.01 secs] 
2020-09-29T17:47:40.849+0200: 34.745: [GC (Allocation Failure) [PSYoungGen: 602341K->41765K(632320K)] 633353K->72777K(2030592K), 0.0145918 secs] [Times: user=0.03 sys=0.00, real=0.02 secs] 
2020-09-29T17:47:40.912+0200: 34.808: [GC (Allocation Failure) [PSYoungGen: 608549K->47973K(634880K)] 639561K->78985K(2033152K), 0.0162754 secs] [Times: user=0.13 sys=0.00, real=0.02 secs] 
2020-09-29T17:47:40.978+0200: 34.874: [GC (Allocation Failure) [PSYoungGen: 619877K->30467K(635392K)] 650889K->61479K(2033664K), 0.0118790 secs] [Times: user=0.13 sys=0.00, real=0.01 secs] 
2020-09-29T17:47:41.039+0200: 34.935: [GC (Allocation Failure) [PSYoungGen: 602371K->41412K(637440K)] 633383K->72424K(2035712K), 0.0151489 secs] [Times: user=0.13 sys=0.00, real=0.01 secs] 
2020-09-29T17:47:41.103+0200: 34.999: [GC (Allocation Failure) [PSYoungGen: 615364K->25891K(635392K)] 646376K->56903K(2033664K), 0.0119755 secs] [Times: user=0.13 sys=0.00, real=0.01 secs] 
2020-09-29T17:47:41.165+0200: 35.061: [GC (Allocation Failure) [PSYoungGen: 599843K->52965K(631808K)] 630855K->83977K(2030080K), 0.0177476 secs] [Times: user=0.13 sys=0.00, real=0.02 secs] 
2020-09-29T17:47:41.232+0200: 35.128: [GC (Allocation Failure) [PSYoungGen: 622821K->34853K(634368K)] 653833K->65865K(2032640K), 0.0119388 secs] [Times: user=0.13 sys=0.00, real=0.01 secs] 
2020-09-29T17:47:41.294+0200: 35.190: [GC (Allocation Failure) [PSYoungGen: 604709K->16547K(632320K)] 635721K->47559K(2030592K), 0.0069562 secs] [Times: user=0.02 sys=0.00, real=0.01 secs] 
2020-09-29T17:47:41.350+0200: 35.246: [GC (Allocation Failure) [PSYoungGen: 585379K->9058K(578048K)] 616391K->40070K(1976320K), 0.0047159 secs] [Times: user=0.00 sys=0.00, real=0.00 secs] 
2020-09-29T17:47:41.409+0200: 35.305: [GC (Allocation Failure) [PSYoungGen: 577890K->29956K(633856K)] 608902K->60968K(2032128K), 0.0115059 secs] [Times: user=0.13 sys=0.00, real=0.01 secs] 
2020-09-29T17:47:41.468+0200: 35.364: [GC (Allocation Failure) [PSYoungGen: 596740K->36197K(631808K)] 627752K->67209K(2030080K), 0.0122862 secs] [Times: user=0.13 sys=0.00, real=0.01 secs] 
2020-09-29T17:47:41.530+0200: 35.426: [GC (Allocation Failure) [PSYoungGen: 602981K->27940K(637952K)] 633993K->58952K(2036224K), 0.0101900 secs] [Times: user=0.13 sys=0.00, real=0.01 secs] 
2020-09-29T17:47:41.590+0200: 35.486: [GC (Allocation Failure) [PSYoungGen: 603428K->11619K(636416K)] 634440K->42631K(2034688K), 0.0048889 secs] [Times: user=0.00 sys=0.00, real=0.01 secs] 
2020-09-29T17:47:41.646+0200: 35.542: [GC (Allocation Failure) [PSYoungGen: 587107K->26533K(638976K)] 618119K->57545K(2037248K), 0.0103549 secs] [Times: user=0.00 sys=0.00, real=0.01 secs] 
2020-09-29T17:47:41.706+0200: 35.602: [GC (Allocation Failure) [PSYoungGen: 603557K->43045K(636928K)] 634569K->74057K(2035200K), 0.0139338 secs] [Times: user=0.13 sys=0.00, real=0.01 secs] 
2020-09-29T17:47:41.770+0200: 35.666: [GC (Allocation Failure) [PSYoungGen: 620069K->45797K(633344K)] 651081K->76809K(2031616K), 0.0156955 secs] [Times: user=0.13 sys=0.00, real=0.02 secs] 
2020-09-29T17:47:41.835+0200: 35.731: [GC (Allocation Failure) [PSYoungGen: 617701K->43429K(615424K)] 648713K->74441K(2013696K), 0.0138206 secs] [Times: user=0.13 sys=0.00, real=0.01 secs] 
2020-09-29T17:47:41.898+0200: 35.794: [GC (Allocation Failure) [PSYoungGen: 615333K->54757K(625664K)] 646345K->85769K(2023936K), 0.0178174 secs] [Times: user=0.13 sys=0.00, real=0.02 secs] 
2020-09-29T17:47:41.965+0200: 35.861: [GC (Allocation Failure) [PSYoungGen: 616421K->42117K(630272K)] 647433K->73129K(2028544K), 0.0143959 secs] [Times: user=0.13 sys=0.00, real=0.01 secs] 
2020-09-29T17:47:42.027+0200: 35.923: [GC (Allocation Failure) [PSYoungGen: 603781K->15427K(630272K)] 634793K->46439K(2028544K), 0.0064560 secs] [Times: user=0.00 sys=0.00, real=0.01 secs] 
2020-09-29T17:47:42.083+0200: 35.979: [GC (Allocation Failure) [PSYoungGen: 578115K->31013K(630784K)] 609127K->62025K(2029056K), 0.0118337 secs] [Times: user=0.00 sys=0.00, real=0.01 secs] 
2020-09-29T17:47:42.145+0200: 36.041: [GC (Allocation Failure) [PSYoungGen: 593701K->46821K(630272K)] 624713K->77833K(2028544K), 0.0183072 secs] [Times: user=0.13 sys=0.00, real=0.02 secs] 
2020-09-29T17:47:42.212+0200: 36.108: [GC (Allocation Failure) [PSYoungGen: 611557K->37413K(631808K)] 642569K->68425K(2030080K), 0.0132322 secs] [Times: user=0.13 sys=0.00, real=0.01 secs] 
2020-09-29T17:47:42.274+0200: 36.170: [GC (Allocation Failure) [PSYoungGen: 602149K->41573K(635392K)] 633161K->72585K(2033664K), 0.0144557 secs] [Times: user=0.13 sys=0.00, real=0.01 secs] 
2020-09-29T17:47:42.337+0200: 36.234: [GC (Allocation Failure) [PSYoungGen: 612453K->23876K(634368K)] 643465K->54888K(2032640K), 0.0098423 secs] [Times: user=0.00 sys=0.00, real=0.01 secs] 
2020-09-29T17:47:42.400+0200: 36.296: [GC (Allocation Failure) [PSYoungGen: 594756K->47909K(631808K)] 625768K->78921K(2030080K), 0.0186746 secs] [Times: user=0.13 sys=0.00, real=0.02 secs] 
2020-09-29T17:47:42.470+0200: 36.366: [GC (Allocation Failure) [PSYoungGen: 616741K->27876K(633856K)] 647753K->58888K(2032128K), 0.0115101 secs] [Times: user=0.13 sys=0.00, real=0.01 secs] 
2020-09-29T17:47:42.533+0200: 36.428: [GC (Allocation Failure) [PSYoungGen: 596708K->20259K(635392K)] 627720K->51271K(2033664K), 0.0088408 secs] [Times: user=0.13 sys=0.00, real=0.01 secs] 
2020-09-29T17:47:42.596+0200: 36.491: [GC (Allocation Failure) [PSYoungGen: 591651K->44741K(616448K)] 622663K->75753K(2014720K), 0.0165397 secs] [Times: user=0.11 sys=0.00, real=0.02 secs] 
2020-09-29T17:47:42.662+0200: 36.557: [GC (Allocation Failure) [PSYoungGen: 616133K->41925K(634880K)] 647145K->72937K(2033152K), 0.0143597 secs] [Times: user=0.13 sys=0.00, real=0.01 secs] 
2020-09-29T17:47:42.726+0200: 36.622: [GC (Allocation Failure) [PSYoungGen: 612293K->38053K(634368K)] 643305K->69065K(2032640K), 0.0128897 secs] [Times: user=0.00 sys=0.00, real=0.01 secs] 
2020-09-29T17:47:42.791+0200: 36.686: [GC (Allocation Failure) [PSYoungGen: 608421K->32452K(638464K)] 639433K->63464K(2036736K), 0.0118713 secs] [Times: user=0.13 sys=0.00, real=0.01 secs] 
2020-09-29T17:47:42.852+0200: 36.748: [GC (Allocation Failure) [PSYoungGen: 608964K->34821K(636928K)] 639976K->65833K(2035200K), 0.0120780 secs] [Times: user=0.13 sys=0.00, real=0.01 secs] 
2020-09-29T17:47:42.913+0200: 36.809: [GC (Allocation Failure) [PSYoungGen: 611333K->36100K(643072K)] 642345K->67112K(2041344K), 0.0127663 secs] [Times: user=0.13 sys=0.00, real=0.01 secs] 
2020-09-29T17:47:42.977+0200: 36.873: [GC (Allocation Failure) [PSYoungGen: 621316K->47077K(632320K)] 652328K->78089K(2030592K), 0.0168699 secs] [Times: user=0.13 sys=0.00, real=0.02 secs] 
2020-09-29T17:47:43.043+0200: 36.939: [GC (Allocation Failure) [PSYoungGen: 632293K->40868K(641536K)] 663305K->71880K(2039808K), 0.0144894 secs] [Times: user=0.13 sys=0.00, real=0.02 secs] 
2020-09-29T17:47:43.109+0200: 37.005: [GC (Allocation Failure) [PSYoungGen: 624036K->36101K(640512K)] 655048K->67113K(2038784K), 0.0125811 secs] [Times: user=0.13 sys=0.00, real=0.01 secs] 
2020-09-29T17:47:43.172+0200: 37.068: [GC (Allocation Failure) [PSYoungGen: 619269K->14819K(638976K)] 650281K->45831K(2037248K), 0.0084277 secs] [Times: user=0.13 sys=0.00, real=0.01 secs] 
2020-09-29T17:47:43.231+0200: 37.127: [GC (Allocation Failure) [PSYoungGen: 597987K->37285K(641024K)] 628999K->68297K(2039296K), 0.0158524 secs] [Times: user=0.13 sys=0.00, real=0.02 secs] 
2020-09-29T17:47:43.297+0200: 37.192: [GC (Allocation Failure) [PSYoungGen: 620453K->32005K(644096K)] 651465K->63017K(2042368K), 0.0144442 secs] [Times: user=0.13 sys=0.00, real=0.01 secs] 
2020-09-29T17:47:43.362+0200: 37.258: [GC (Allocation Failure) [PSYoungGen: 619781K->30756K(642560K)] 650793K->61768K(2040832K), 0.0143027 secs] [Times: user=0.13 sys=0.00, real=0.01 secs] 
2020-09-29T17:47:43.428+0200: 37.324: [GC (Allocation Failure) [PSYoungGen: 618532K->44293K(641536K)] 649544K->75305K(2039808K), 0.0185772 secs] [Times: user=0.13 sys=0.00, real=0.02 secs] 
2020-09-29T17:47:43.498+0200: 37.393: [GC (Allocation Failure) [PSYoungGen: 632581K->30628K(643584K)] 663593K->61640K(2041856K), 0.0135656 secs] [Times: user=0.13 sys=0.00, real=0.01 secs] 
2020-09-29T17:47:43.562+0200: 37.458: [GC (Allocation Failure) [PSYoungGen: 618916K->44741K(641536K)] 649928K->75753K(2039808K), 0.0207876 secs] [Times: user=0.11 sys=0.00, real=0.02 secs] 
2020-09-29T17:47:43.635+0200: 37.531: [GC (Allocation Failure) [PSYoungGen: 632005K->44069K(631808K)] 663017K->75081K(2030080K), 0.0191176 secs] [Times: user=0.13 sys=0.00, real=0.02 secs] 
2020-09-29T17:47:43.704+0200: 37.600: [GC (Allocation Failure) [PSYoungGen: 631333K->43429K(641024K)] 662345K->74441K(2039296K), 0.0190413 secs] [Times: user=0.25 sys=0.00, real=0.02 secs] 
2020-09-29T17:47:43.773+0200: 37.669: [GC (Allocation Failure) [PSYoungGen: 627621K->25893K(641536K)] 658633K->56905K(2039808K), 0.0123408 secs] [Times: user=0.00 sys=0.00, real=0.01 secs] 
2020-09-29T17:47:43.837+0200: 37.732: [GC (Allocation Failure) [PSYoungGen: 610085K->35620K(643584K)] 641097K->66632K(2041856K), 0.0166236 secs] [Times: user=0.13 sys=0.00, real=0.02 secs] 
2020-09-29T17:47:43.902+0200: 37.798: [GC (Allocation Failure) [PSYoungGen: 621860K->31939K(641536K)] 652872K->62951K(2039808K), 0.0152359 secs] [Times: user=0.13 sys=0.00, real=0.02 secs] 
2020-09-29T17:47:43.967+0200: 37.863: [GC (Allocation Failure) [PSYoungGen: 618179K->43780K(642560K)] 649191K->74792K(2040832K), 0.0197441 secs] [Times: user=0.13 sys=0.00, real=0.02 secs] 
2020-09-29T17:47:44.037+0200: 37.933: [GC (Allocation Failure) [PSYoungGen: 632068K->30469K(643584K)] 663080K->61481K(2041856K), 0.0140089 secs] [Times: user=0.13 sys=0.00, real=0.01 secs] 
2020-09-29T17:47:44.104+0200: 37.999: [GC (Allocation Failure) [PSYoungGen: 618757K->30820K(645120K)] 649769K->61832K(2043392K), 0.0147252 secs] [Times: user=0.13 sys=0.00, real=0.01 secs] 
2020-09-29T17:47:44.171+0200: 38.067: [GC (Allocation Failure) [PSYoungGen: 621156K->32836K(644096K)] 652168K->63848K(2042368K), 0.0157269 secs] [Times: user=0.13 sys=0.00, real=0.02 secs] 
2020-09-29T17:47:44.242+0200: 38.137: [GC (Allocation Failure) [PSYoungGen: 623172K->48933K(639488K)] 654184K->79945K(2037760K), 0.0214426 secs] [Times: user=0.13 sys=0.00, real=0.02 secs] 
2020-09-29T17:47:44.314+0200: 38.210: [GC (Allocation Failure) [PSYoungGen: 636197K->32931K(643072K)] 667209K->63943K(2041344K), 0.0163676 secs] [Times: user=0.13 sys=0.00, real=0.02 secs] 
2020-09-29T17:47:44.381+0200: 38.277: [GC (Allocation Failure) [PSYoungGen: 620195K->46085K(640512K)] 651207K->77097K(2038784K), 0.0198156 secs] [Times: user=0.13 sys=0.00, real=0.02 secs] 
2020-09-29T17:47:44.454+0200: 38.350: [GC (Allocation Failure) [PSYoungGen: 632325K->29828K(642560K)] 663337K->60840K(2040832K), 0.0133210 secs] [Times: user=0.13 sys=0.00, real=0.01 secs] 
2020-09-29T17:47:44.517+0200: 38.413: [GC (Allocation Failure) [PSYoungGen: 616068K->55333K(632832K)] 647080K->86345K(2031104K), 0.0228484 secs] [Times: user=0.25 sys=0.00, real=0.02 secs] 
2020-09-29T17:47:44.591+0200: 38.486: [GC (Allocation Failure) [PSYoungGen: 632357K->44485K(637952K)] 663369K->75497K(2036224K), 0.0209265 secs] [Times: user=0.11 sys=0.00, real=0.02 secs] 
2020-09-29T17:47:44.662+0200: 38.558: [GC (Allocation Failure) [PSYoungGen: 621509K->33541K(639488K)] 652521K->64553K(2037760K), 0.0157413 secs] [Times: user=0.13 sys=0.00, real=0.02 secs] 
2020-09-29T17:47:44.728+0200: 38.623: [GC (Allocation Failure) [PSYoungGen: 612101K->37893K(637952K)] 643113K->68905K(2036224K), 0.0154982 secs] [Times: user=0.13 sys=0.00, real=0.02 secs] 
2020-09-29T17:47:44.793+0200: 38.689: [GC (Allocation Failure) [PSYoungGen: 616453K->42245K(642048K)] 647465K->73257K(2040320K), 0.0190615 secs] [Times: user=0.13 sys=0.00, real=0.02 secs] 
2020-09-29T17:47:44.867+0200: 38.763: [GC (Allocation Failure) [PSYoungGen: 626949K->50244K(635392K)] 657961K->81256K(2033664K), 0.0220210 secs] [Times: user=0.13 sys=0.00, real=0.02 secs] 
2020-09-29T17:47:44.938+0200: 38.834: [GC (Allocation Failure) [PSYoungGen: 634948K->19396K(636416K)] 665960K->50408K(2034688K), 0.0088164 secs] [Times: user=0.13 sys=0.00, real=0.01 secs] 
2020-09-29T17:47:44.998+0200: 38.893: [GC (Allocation Failure) [PSYoungGen: 596420K->35845K(637952K)] 627432K->66857K(2036224K), 0.0148683 secs] [Times: user=0.13 sys=0.00, real=0.02 secs] 
2020-09-29T17:47:45.062+0200: 38.958: [GC (Allocation Failure) [PSYoungGen: 612869K->38693K(641536K)] 643881K->69705K(2039808K), 0.0169251 secs] [Times: user=0.13 sys=0.00, real=0.02 secs] 
2020-09-29T17:47:45.128+0200: 39.024: [GC (Allocation Failure) [PSYoungGen: 621349K->33413K(640000K)] 652361K->64425K(2038272K), 0.0145240 secs] [Times: user=0.00 sys=0.00, real=0.01 secs] 
2020-09-29T17:47:45.193+0200: 39.088: [GC (Allocation Failure) [PSYoungGen: 616069K->41861K(643072K)] 647081K->72873K(2041344K), 0.0186114 secs] [Times: user=0.13 sys=0.00, real=0.02 secs] 
2020-09-29T17:47:45.262+0200: 39.158: [GC (Allocation Failure) [PSYoungGen: 628613K->40068K(642560K)] 659625K->71080K(2040832K), 0.0190270 secs] [Times: user=0.11 sys=0.00, real=0.02 secs] 
2020-09-29T17:47:45.332+0200: 39.228: [GC (Allocation Failure) [PSYoungGen: 626820K->24740K(642560K)] 657832K->55752K(2040832K), 0.0119063 secs] [Times: user=0.13 sys=0.00, real=0.01 secs] 
2020-09-29T17:47:45.394+0200: 39.290: [GC (Allocation Failure) [PSYoungGen: 610600K->7138K(594432K)] 641613K->38150K(1992704K), 0.0049984 secs] [Times: user=0.13 sys=0.00, real=0.00 secs] 
2020-09-29T17:47:45.451+0200: 39.347: [GC (Allocation Failure) [PSYoungGen: 594402K->33124K(642560K)] 625414K->64136K(2040832K), 0.0159860 secs] [Times: user=0.13 sys=0.00, real=0.02 secs] 
2020-09-29T17:47:45.518+0200: 39.414: [GC (Allocation Failure) [PSYoungGen: 616804K->27043K(640000K)] 647816K->58055K(2038272K), 0.0137657 secs] [Times: user=0.13 sys=0.00, real=0.01 secs] 
2020-09-29T17:47:45.583+0200: 39.479: [GC (Allocation Failure) [PSYoungGen: 610723K->36485K(644608K)] 641735K->67497K(2042880K), 0.0174809 secs] [Times: user=0.11 sys=0.00, real=0.02 secs] 
2020-09-29T17:47:45.653+0200: 39.548: [GC (Allocation Failure) [PSYoungGen: 625797K->37252K(643584K)] 656809K->68264K(2041856K), 0.0182274 secs] [Times: user=0.11 sys=0.00, real=0.02 secs] 
2020-09-29T17:47:45.722+0200: 39.617: [GC (Allocation Failure) [PSYoungGen: 626564K->38597K(645120K)] 657576K->69609K(2043392K), 0.0161499 secs] [Times: user=0.13 sys=0.00, real=0.02 secs] 
2020-09-29T17:47:45.789+0200: 39.685: [GC (Allocation Failure) [PSYoungGen: 629957K->28260K(645120K)] 660969K->59272K(2043392K), 0.0137284 secs] [Times: user=0.13 sys=0.00, real=0.01 secs] 
2020-09-29T17:47:45.858+0200: 39.754: [GC (Allocation Failure) [PSYoungGen: 619620K->31652K(647680K)] 650632K->62664K(2045952K), 0.0145983 secs] [Times: user=0.13 sys=0.00, real=0.01 secs] 
2020-09-29T17:47:45.923+0200: 39.819: [GC (Allocation Failure) [PSYoungGen: 626596K->24836K(646144K)] 657608K->55848K(2044416K), 0.0115838 secs] [Times: user=0.13 sys=0.00, real=0.01 secs] 
2020-09-29T17:47:45.987+0200: 39.883: [GC (Allocation Failure) [PSYoungGen: 619780K->45573K(642048K)] 650792K->76585K(2040320K), 0.0198681 secs] [Times: user=0.25 sys=0.00, real=0.02 secs] 
2020-09-29T17:47:46.057+0200: 39.953: [GC (Allocation Failure) [PSYoungGen: 636933K->35365K(645120K)] 667945K->66377K(2043392K), 0.0147603 secs] [Times: user=0.13 sys=0.00, real=0.02 secs] 
2020-09-29T17:47:46.122+0200: 40.018: [GC (Allocation Failure) [PSYoungGen: 626725K->38244K(646656K)] 657737K->69256K(2044928K), 0.0193401 secs] [Times: user=0.13 sys=0.00, real=0.02 secs] 
2020-09-29T17:47:46.192+0200: 40.088: [GC (Allocation Failure) [PSYoungGen: 632676K->27715K(646656K)] 663688K->58727K(2044928K), 0.0136294 secs] [Times: user=0.00 sys=0.00, real=0.01 secs] 
2020-09-29T17:47:46.257+0200: 40.153: [GC (Allocation Failure) [PSYoungGen: 622147K->34277K(648704K)] 653159K->65289K(2046976K), 0.0151929 secs] [Times: user=0.13 sys=0.00, real=0.02 secs] 
2020-09-29T17:47:46.324+0200: 40.220: [GC (Allocation Failure) [PSYoungGen: 631269K->43333K(647168K)] 662281K->74345K(2045440K), 0.0194623 secs] [Times: user=0.13 sys=0.00, real=0.02 secs] 
2020-09-29T17:47:46.395+0200: 40.291: [GC (Allocation Failure) [PSYoungGen: 640325K->37061K(647680K)] 671337K->68073K(2045952K), 0.0165089 secs] [Times: user=0.13 sys=0.00, real=0.02 secs] 
2020-09-29T17:47:46.462+0200: 40.358: [GC (Allocation Failure) [PSYoungGen: 633029K->31493K(647168K)] 664041K->62505K(2045440K), 0.0135688 secs] [Times: user=0.13 sys=0.00, real=0.01 secs] 
2020-09-29T17:47:46.527+0200: 40.422: [GC (Allocation Failure) [PSYoungGen: 627461K->38629K(648704K)] 658473K->69641K(2046976K), 0.0172576 secs] [Times: user=0.13 sys=0.00, real=0.02 secs] 
2020-09-29T17:47:46.596+0200: 40.492: [GC (Allocation Failure) [PSYoungGen: 637157K->35525K(648704K)] 668169K->66537K(2046976K), 0.0162727 secs] [Times: user=0.11 sys=0.00, real=0.02 secs] 
2020-09-29T17:47:46.665+0200: 40.561: [GC (Allocation Failure) [PSYoungGen: 634053K->16932K(646144K)] 665065K->47944K(2044416K), 0.0080958 secs] [Times: user=0.00 sys=0.00, real=0.01 secs] 
2020-09-29T17:47:46.724+0200: 40.620: [GC (Allocation Failure) [PSYoungGen: 614436K->24644K(648192K)] 645448K->55656K(2046464K), 0.0122024 secs] [Times: user=0.00 sys=0.00, real=0.01 secs] 
2020-09-29T17:47:46.788+0200: 40.683: [GC (Allocation Failure) [PSYoungGen: 622148K->47941K(640512K)] 653160K->78953K(2038784K), 0.0205772 secs] [Times: user=0.13 sys=0.00, real=0.02 secs] 
2020-09-29T17:47:46.859+0200: 40.755: [GC (Allocation Failure) [PSYoungGen: 638277K->36709K(644608K)] 669289K->67721K(2042880K), 0.0161309 secs] [Times: user=0.13 sys=0.00, real=0.02 secs] 
2020-09-29T17:47:46.933+0200: 40.829: [GC (Allocation Failure) [PSYoungGen: 627045K->24068K(645632K)] 658057K->55080K(2043904K), 0.0114096 secs] [Times: user=0.13 sys=0.00, real=0.01 secs] 
2020-09-29T17:47:46.997+0200: 40.893: [GC (Allocation Failure) [PSYoungGen: 616452K->27940K(645632K)] 647464K->58952K(2043904K), 0.0122664 secs] [Times: user=0.13 sys=0.00, real=0.01 secs] 
2020-09-29T17:47:47.060+0200: 40.955: [GC (Allocation Failure) [PSYoungGen: 620324K->32261K(648704K)] 651336K->63273K(2046976K), 0.0142571 secs] [Times: user=0.13 sys=0.00, real=0.01 secs] 
2020-09-29T17:47:47.127+0200: 41.022: [GC (Allocation Failure) [PSYoungGen: 628741K->25540K(646656K)] 659753K->56552K(2044928K), 0.0129185 secs] [Times: user=0.11 sys=0.00, real=0.01 secs] 
2020-09-29T17:47:47.190+0200: 41.086: [GC (Allocation Failure) [PSYoungGen: 622020K->34181K(650240K)] 653032K->65193K(2048512K), 0.0146690 secs] [Times: user=0.13 sys=0.00, real=0.01 secs] 
2020-09-29T17:47:47.257+0200: 41.152: [GC (Allocation Failure) [PSYoungGen: 634757K->33092K(649216K)] 665769K->64104K(2047488K), 0.0149649 secs] [Times: user=0.13 sys=0.00, real=0.02 secs] 
2020-09-29T17:47:47.328+0200: 41.224: [GC (Allocation Failure) [PSYoungGen: 633668K->32069K(652800K)] 664680K->63081K(2051072K), 0.0142020 secs] [Times: user=0.13 sys=0.00, real=0.01 secs] 
2020-09-29T17:47:47.397+0200: 41.292: [GC (Allocation Failure) [PSYoungGen: 637253K->35396K(651264K)] 668265K->66408K(2049536K), 0.0169182 secs] [Times: user=0.13 sys=0.00, real=0.02 secs] 
2020-09-29T17:47:47.469+0200: 41.365: [GC (Allocation Failure) [PSYoungGen: 640580K->46053K(641536K)] 671592K->83633K(2039808K), 0.0242998 secs] [Times: user=0.25 sys=0.00, real=0.02 secs] 
2020-09-29T17:47:47.545+0200: 41.440: [GC (Allocation Failure) [PSYoungGen: 641509K->32708K(647168K)] 679089K->70288K(2045440K), 0.0148684 secs] [Times: user=0.13 sys=0.00, real=0.01 secs] 
2020-09-29T17:47:47.613+0200: 41.508: [GC (Allocation Failure) [PSYoungGen: 628164K->40293K(647168K)] 665744K->77873K(2045440K), 0.0186275 secs] [Times: user=0.22 sys=0.00, real=0.02 secs] 
2020-09-29T17:47:47.683+0200: 41.578: [GC (Allocation Failure) [PSYoungGen: 636773K->35141K(647680K)] 674353K->72721K(2045952K), 0.0156590 secs] [Times: user=0.13 sys=0.00, real=0.01 secs] 
2020-09-29T17:47:47.754+0200: 41.650: [GC (Allocation Failure) [PSYoungGen: 631621K->14499K(645120K)] 669201K->52079K(2043392K), 0.0076852 secs] [Times: user=0.03 sys=0.00, real=0.01 secs] 
2020-09-29T17:47:47.814+0200: 41.709: [GC (Allocation Failure) [PSYoungGen: 609955K->20388K(647168K)] 647535K->57968K(2045440K), 0.0092602 secs] [Times: user=0.13 sys=0.00, real=0.01 secs] 
2020-09-29T17:47:47.875+0200: 41.770: [GC (Allocation Failure) [PSYoungGen: 615844K->26596K(648192K)] 653424K->64176K(2046464K), 0.0124207 secs] [Times: user=0.13 sys=0.00, real=0.01 secs] 
2020-09-29T17:47:47.943+0200: 41.838: [GC (Allocation Failure) [PSYoungGen: 623076K->33827K(647168K)] 660656K->71407K(2045440K), 0.0164728 secs] [Times: user=0.13 sys=0.00, real=0.02 secs] 
2020-09-29T17:47:48.012+0200: 41.907: [GC (Allocation Failure) [PSYoungGen: 630307K->42373K(644096K)] 667887K->79953K(2042368K), 0.0182603 secs] [Times: user=0.13 sys=0.00, real=0.02 secs] 
2020-09-29T17:47:48.081+0200: 41.976: [GC (Allocation Failure) [PSYoungGen: 636805K->35205K(646656K)] 674385K->72785K(2044928K), 0.0161967 secs] [Times: user=0.13 sys=0.00, real=0.02 secs] 
2020-09-29T17:47:48.148+0200: 42.043: [GC (Allocation Failure) [PSYoungGen: 629637K->41733K(644608K)] 667217K->79313K(2042880K), 0.0179754 secs] [Times: user=0.13 sys=0.00, real=0.02 secs] 
2020-09-29T17:47:48.216+0200: 42.112: [GC (Allocation Failure) [PSYoungGen: 635141K->47269K(641024K)] 672721K->84849K(2039296K), 0.0213286 secs] [Times: user=0.13 sys=0.00, real=0.02 secs] 
2020-09-29T17:47:48.299+0200: 42.194: [GC (Allocation Failure) [PSYoungGen: 640677K->39077K(643584K)] 678257K->76657K(2041856K), 0.0188552 secs] [Times: user=0.25 sys=0.00, real=0.02 secs] 
2020-09-29T17:47:48.368+0200: 42.264: [GC (Allocation Failure) [PSYoungGen: 626853K->38757K(643072K)] 664433K->76337K(2041344K), 0.0189074 secs] [Times: user=0.13 sys=0.00, real=0.02 secs] 
2020-09-29T17:47:48.439+0200: 42.334: [GC (Allocation Failure) [PSYoungGen: 626533K->38629K(645120K)] 664113K->76209K(2043392K), 0.0180671 secs] [Times: user=0.13 sys=0.00, real=0.02 secs] 
2020-09-29T17:47:48.507+0200: 42.403: [GC (Allocation Failure) [PSYoungGen: 629477K->27780K(644608K)] 667057K->65360K(2042880K), 0.0146790 secs] [Times: user=0.13 sys=0.00, real=0.02 secs] 
2020-09-29T17:47:48.573+0200: 42.468: [GC (Allocation Failure) [PSYoungGen: 618628K->29028K(646144K)] 656208K->66608K(2044416K), 0.0156433 secs] [Times: user=0.11 sys=0.00, real=0.02 secs] 
2020-09-29T17:47:48.643+0200: 42.538: [GC (Allocation Failure) [PSYoungGen: 621924K->32548K(645632K)] 659504K->70128K(2043904K), 0.0178139 secs] [Times: user=0.13 sys=0.00, real=0.02 secs] 
2020-09-29T17:47:48.711+0200: 42.607: [GC (Allocation Failure) [PSYoungGen: 625444K->50597K(638464K)] 663024K->88177K(2036736K), 0.0233876 secs] [Times: user=0.13 sys=0.00, real=0.02 secs] 
2020-09-29T17:47:48.786+0200: 42.681: [GC (Allocation Failure) [PSYoungGen: 637861K->35812K(643072K)] 675441K->73392K(2041344K), 0.0170327 secs] [Times: user=0.13 sys=0.00, real=0.02 secs] 
2020-09-29T17:47:48.853+0200: 42.749: [GC (Allocation Failure) [PSYoungGen: 623076K->48805K(638976K)] 660656K->86385K(2037248K), 0.0274098 secs] [Times: user=0.25 sys=0.00, real=0.03 secs] 
2020-09-29T17:47:48.930+0200: 42.825: [GC (Allocation Failure) [PSYoungGen: 634021K->32485K(642048K)] 671601K->70065K(2040320K), 0.0150027 secs] [Times: user=0.13 sys=0.00, real=0.01 secs] 
2020-09-29T17:47:48.995+0200: 42.891: [GC (Allocation Failure) [PSYoungGen: 617701K->43461K(642048K)] 655281K->81041K(2040320K), 0.0201961 secs] [Times: user=0.13 sys=0.00, real=0.02 secs] 
2020-09-29T17:47:49.066+0200: 42.961: [GC (Allocation Failure) [PSYoungGen: 629701K->41797K(642560K)] 667281K->79377K(2040832K), 0.0196652 secs] [Times: user=0.25 sys=0.00, real=0.02 secs] 
2020-09-29T17:47:49.135+0200: 43.031: [GC (Allocation Failure) [PSYoungGen: 628037K->26053K(642048K)] 665617K->63633K(2040320K), 0.0124061 secs] [Times: user=0.13 sys=0.00, real=0.01 secs] 
2020-09-29T17:47:49.208+0200: 43.104: [GC (Allocation Failure) [PSYoungGen: 612293K->36676K(642560K)] 649873K->74256K(2040832K), 0.0195242 secs] [Times: user=0.11 sys=0.00, real=0.02 secs] 
2020-09-29T17:47:49.284+0200: 43.180: [GC (Allocation Failure) [PSYoungGen: 622916K->34308K(646144K)] 660496K->71888K(2044416K), 0.0184622 secs] [Times: user=0.22 sys=0.00, real=0.02 secs] 
2020-09-29T17:47:49.355+0200: 43.251: [GC (Allocation Failure) [PSYoungGen: 626180K->38277K(644608K)] 663760K->75857K(2042880K), 0.0177048 secs] [Times: user=0.13 sys=0.00, real=0.02 secs] 
2020-09-29T17:47:49.424+0200: 43.319: [GC (Allocation Failure) [PSYoungGen: 630149K->42277K(645632K)] 667729K->79857K(2043904K), 0.0198384 secs] [Times: user=0.25 sys=0.00, real=0.02 secs] 
2020-09-29T17:47:49.496+0200: 43.391: [GC (Allocation Failure) [PSYoungGen: 635685K->33764K(646144K)] 673265K->71344K(2044416K), 0.0171488 secs] [Times: user=0.13 sys=0.00, real=0.02 secs] 
2020-09-29T17:47:49.564+0200: 43.459: [GC (Allocation Failure) [PSYoungGen: 627172K->39333K(647680K)] 664752K->76913K(2045952K), 0.0199704 secs] [Times: user=0.22 sys=0.00, real=0.02 secs] 
2020-09-29T17:47:49.640+0200: 43.536: [GC (Allocation Failure) [PSYoungGen: 635301K->47333K(643584K)] 672881K->84913K(2041856K), 0.0215402 secs] [Times: user=0.25 sys=0.00, real=0.02 secs] 
2020-09-29T17:47:49.713+0200: 43.609: [GC (Allocation Failure) [PSYoungGen: 643301K->41252K(645632K)] 680881K->78832K(2043904K), 0.0199337 secs] [Times: user=0.13 sys=0.00, real=0.02 secs] 
2020-09-29T17:47:49.784+0200: 43.680: [GC (Allocation Failure) [PSYoungGen: 633124K->16644K(608768K)] 670704K->54224K(2007040K), 0.0082909 secs] [Times: user=0.13 sys=0.00, real=0.01 secs] 
2020-09-29T17:47:49.843+0200: 43.739: [GC (Allocation Failure) [PSYoungGen: 608516K->34309K(645120K)] 646096K->71889K(2043392K), 0.0167999 secs] [Times: user=0.11 sys=0.00, real=0.02 secs] 
2020-09-29T17:47:49.912+0200: 43.807: [GC (Allocation Failure) [PSYoungGen: 624133K->49861K(640000K)] 661713K->87441K(2038272K), 0.0224832 secs] [Times: user=0.13 sys=0.00, real=0.02 secs] 
2020-09-29T17:47:49.985+0200: 43.881: [GC (Allocation Failure) [PSYoungGen: 639685K->38085K(643584K)] 677265K->75665K(2041856K), 0.0183113 secs] [Times: user=0.13 sys=0.00, real=0.02 secs] 
2020-09-29T17:47:50.054+0200: 43.950: [GC (Allocation Failure) [PSYoungGen: 624325K->36453K(641536K)] 661905K->74033K(2039808K), 0.0168085 secs] [Times: user=0.13 sys=0.00, real=0.02 secs] 
2020-09-29T17:47:50.121+0200: 44.016: [GC (Allocation Failure) [PSYoungGen: 622693K->48485K(640000K)] 660273K->86065K(2038272K), 0.0223014 secs] [Times: user=0.13 sys=0.00, real=0.02 secs] 
2020-09-29T17:47:50.196+0200: 44.092: [GC (Allocation Failure) [PSYoungGen: 634725K->30372K(642560K)] 672305K->67952K(2040832K), 0.0156534 secs] [Times: user=0.13 sys=0.00, real=0.02 secs] 
2020-09-29T17:47:50.287+0200: 44.183: [GC (Allocation Failure) [PSYoungGen: 616612K->41988K(643072K)] 654192K->79568K(2041344K), 0.0210732 secs] [Times: user=0.13 sys=0.00, real=0.02 secs] 
2020-09-29T17:47:50.359+0200: 44.254: [GC (Allocation Failure) [PSYoungGen: 629252K->40132K(643072K)] 666832K->77712K(2041344K), 0.0202140 secs] [Times: user=0.13 sys=0.00, real=0.02 secs] 
2020-09-29T17:47:50.430+0200: 44.326: [GC (Allocation Failure) [PSYoungGen: 627396K->53157K(635904K)] 664976K->90737K(2034176K), 0.0243466 secs] [Times: user=0.13 sys=0.00, real=0.02 secs] 
2020-09-29T17:47:50.506+0200: 44.402: [GC (Allocation Failure) [PSYoungGen: 634277K->46405K(627712K)] 671857K->83985K(2025984K), 0.0216151 secs] [Times: user=0.13 sys=0.00, real=0.02 secs] 
2020-09-29T17:47:50.581+0200: 44.477: [GC (Allocation Failure) [PSYoungGen: 627525K->53285K(634368K)] 665105K->90865K(2032640K), 0.0273281 secs] [Times: user=0.20 sys=0.00, real=0.03 secs] 
2020-09-29T17:47:50.663+0200: 44.559: [GC (Allocation Failure) [PSYoungGen: 628261K->40357K(636928K)] 665841K->77937K(2035200K), 0.0183102 secs] [Times: user=0.13 sys=0.00, real=0.02 secs] 
2020-09-29T17:47:50.733+0200: 44.629: [GC (Allocation Failure) [PSYoungGen: 615333K->41125K(640512K)] 652913K->78705K(2038784K), 0.0201789 secs] [Times: user=0.13 sys=0.00, real=0.02 secs] 
2020-09-29T17:47:50.806+0200: 44.702: [GC (Allocation Failure) [PSYoungGen: 621221K->32356K(638464K)] 658801K->69936K(2036736K), 0.0158262 secs] [Times: user=0.13 sys=0.00, real=0.02 secs] 
2020-09-29T17:47:50.872+0200: 44.768: [GC (Allocation Failure) [PSYoungGen: 612452K->38245K(641536K)] 650032K->75825K(2039808K), 0.0183531 secs] [Times: user=0.13 sys=0.00, real=0.02 secs] 
2020-09-29T17:47:50.944+0200: 44.839: [GC (Allocation Failure) [PSYoungGen: 621413K->33477K(640512K)] 658993K->71057K(2038784K), 0.0161768 secs] [Times: user=0.13 sys=0.00, real=0.02 secs] 
2020-09-29T17:47:51.011+0200: 44.907: [GC (Allocation Failure) [PSYoungGen: 616309K->26724K(641024K)] 653889K->64304K(2039296K), 0.0141634 secs] [Times: user=0.13 sys=0.00, real=0.01 secs] 
2020-09-29T17:47:51.075+0200: 44.971: [GC (Allocation Failure) [PSYoungGen: 610916K->50309K(634880K)] 648496K->87889K(2033152K), 0.0228946 secs] [Times: user=0.25 sys=0.00, real=0.02 secs] 
2020-09-29T17:47:51.148+0200: 45.044: [GC (Allocation Failure) [PSYoungGen: 634501K->32965K(640000K)] 672081K->70545K(2038272K), 0.0159830 secs] [Times: user=0.13 sys=0.00, real=0.02 secs] 
2020-09-29T17:47:51.213+0200: 45.109: [GC (Allocation Failure) [PSYoungGen: 613061K->24836K(638976K)] 650641K->62416K(2037248K), 0.0133498 secs] [Times: user=0.13 sys=0.00, real=0.01 secs] 
2020-09-29T17:47:51.278+0200: 45.174: [GC (Allocation Failure) [PSYoungGen: 604932K->44325K(638464K)] 642512K->81905K(2036736K), 0.0208094 secs] [Times: user=0.13 sys=0.00, real=0.02 secs] 
2020-09-29T17:47:51.348+0200: 45.244: [GC (Allocation Failure) [PSYoungGen: 623397K->21250K(600576K)] 660977K->58830K(1998848K), 0.0133384 secs] [Times: user=0.00 sys=0.00, real=0.01 secs] 
2020-09-29T17:47:51.411+0200: 45.306: [GC (Allocation Failure) [PSYoungGen: 600322K->38084K(640000K)] 637902K->75664K(2038272K), 0.0193908 secs] [Times: user=0.13 sys=0.00, real=0.02 secs] 
2020-09-29T17:47:51.479+0200: 45.375: [GC (Allocation Failure) [PSYoungGen: 617668K->28132K(638464K)] 655248K->65712K(2036736K), 0.0142685 secs] [Times: user=0.13 sys=0.00, real=0.01 secs] 
2020-09-29T17:47:51.543+0200: 45.439: [GC (Allocation Failure) [PSYoungGen: 607716K->32099K(642560K)] 645296K->69679K(2040832K), 0.0165123 secs] [Times: user=0.13 sys=0.00, real=0.02 secs] 
2020-09-29T17:47:51.613+0200: 45.509: [GC (Allocation Failure) [PSYoungGen: 616803K->28292K(641024K)] 654383K->65872K(2039296K), 0.0146035 secs] [Times: user=0.11 sys=0.00, real=0.01 secs] 
2020-09-29T17:47:51.679+0200: 45.575: [GC (Allocation Failure) [PSYoungGen: 612996K->38821K(644096K)] 650576K->76401K(2042368K), 0.0182921 secs] [Times: user=0.11 sys=0.00, real=0.02 secs] 
2020-09-29T17:47:51.748+0200: 45.644: [GC (Allocation Failure) [PSYoungGen: 627621K->24164K(643584K)] 665201K->61744K(2041856K), 0.0127947 secs] [Times: user=0.13 sys=0.00, real=0.01 secs] 
2020-09-29T17:47:51.814+0200: 45.710: [GC (Allocation Failure) [PSYoungGen: 612964K->35364K(645632K)] 650544K->72944K(2043904K), 0.0174444 secs] [Times: user=0.13 sys=0.00, real=0.02 secs] 
2020-09-29T17:47:51.884+0200: 45.780: [GC (Allocation Failure) [PSYoungGen: 626212K->38052K(644096K)] 663792K->75632K(2042368K), 0.0193304 secs] [Times: user=0.13 sys=0.00, real=0.02 secs] 
2020-09-29T17:47:51.954+0200: 45.850: [GC (Allocation Failure) [PSYoungGen: 628900K->11554K(642048K)] 666480K->49134K(2040320K), 0.0077255 secs] [Times: user=0.13 sys=0.00, real=0.01 secs] 
2020-09-29T17:47:52.013+0200: 45.908: [GC (Allocation Failure) [PSYoungGen: 600866K->40197K(629760K)] 638446K->77777K(2028032K), 0.0188766 secs] [Times: user=0.13 sys=0.00, real=0.02 secs] 
2020-09-29T17:47:52.081+0200: 45.977: [GC (Allocation Failure) [PSYoungGen: 629509K->26309K(644096K)] 667089K->63889K(2042368K), 0.0130748 secs] [Times: user=0.13 sys=0.00, real=0.01 secs] 
2020-09-29T17:47:52.145+0200: 46.040: [GC (Allocation Failure) [PSYoungGen: 614597K->39076K(643072K)] 652177K->76656K(2041344K), 0.0194229 secs] [Times: user=0.13 sys=0.00, real=0.02 secs] 
2020-09-29T17:47:52.216+0200: 46.112: [GC (Allocation Failure) [PSYoungGen: 627364K->38820K(644096K)] 664944K->76400K(2042368K), 0.0190771 secs] [Times: user=0.13 sys=0.00, real=0.02 secs] 
2020-09-29T17:47:52.286+0200: 46.182: [GC (Allocation Failure) [PSYoungGen: 628132K->40197K(629760K)] 665712K->77777K(2028032K), 0.0189387 secs] [Times: user=0.13 sys=0.00, real=0.02 secs] 
2020-09-29T17:47:52.358+0200: 46.254: [GC (Allocation Failure) [PSYoungGen: 629509K->39845K(643584K)] 667089K->77425K(2041856K), 0.0193265 secs] [Times: user=0.13 sys=0.00, real=0.02 secs] 
2020-09-29T17:47:52.427+0200: 46.323: [GC (Allocation Failure) [PSYoungGen: 628133K->26277K(643584K)] 665713K->63857K(2041856K), 0.0122395 secs] [Times: user=0.00 sys=0.00, real=0.01 secs] 
2020-09-29T17:47:52.490+0200: 46.385: [GC (Allocation Failure) [PSYoungGen: 614565K->40357K(644096K)] 652145K->77937K(2042368K), 0.0176484 secs] [Times: user=0.13 sys=0.00, real=0.02 secs] 
2020-09-29T17:47:52.559+0200: 46.455: [GC (Allocation Failure) [PSYoungGen: 629669K->41444K(630784K)] 667249K->79024K(2029056K), 0.0223970 secs] [Times: user=0.11 sys=0.00, real=0.02 secs] 
2020-09-29T17:47:52.636+0200: 46.531: [GC (Allocation Failure) [PSYoungGen: 630756K->41860K(642560K)] 668336K->79440K(2040832K), 0.0207889 secs] [Times: user=0.13 sys=0.00, real=0.02 secs] 
2020-09-29T17:47:52.707+0200: 46.603: [GC (Allocation Failure) [PSYoungGen: 629124K->26756K(643072K)] 666704K->64336K(2041344K), 0.0141152 secs] [Times: user=0.08 sys=0.00, real=0.01 secs] 
2020-09-29T17:47:52.773+0200: 46.669: [GC (Allocation Failure) [PSYoungGen: 614020K->39781K(643584K)] 651600K->77361K(2041856K), 0.0193564 secs] [Times: user=0.13 sys=0.00, real=0.02 secs] 
2020-09-29T17:47:52.843+0200: 46.739: [GC (Allocation Failure) [PSYoungGen: 628069K->40100K(643584K)] 665649K->77680K(2041856K), 0.0199859 secs] [Times: user=0.13 sys=0.00, real=0.02 secs] 
2020-09-29T17:47:52.914+0200: 46.810: [GC (Allocation Failure) [PSYoungGen: 628388K->40357K(644096K)] 665968K->77937K(2042368K), 0.0192442 secs] [Times: user=0.13 sys=0.00, real=0.02 secs] 
2020-09-29T17:47:52.984+0200: 46.880: [GC (Allocation Failure) [PSYoungGen: 629669K->41829K(644096K)] 667249K->79409K(2042368K), 0.0193960 secs] [Times: user=0.14 sys=0.02, real=0.02 secs] 
2020-09-29T17:47:53.054+0200: 46.950: [GC (Allocation Failure) [PSYoungGen: 631141K->43237K(643072K)] 668721K->80817K(2041344K), 0.0203713 secs] [Times: user=0.13 sys=0.00, real=0.02 secs] 
2020-09-29T17:47:53.128+0200: 47.023: [GC (Allocation Failure) [PSYoungGen: 631525K->41732K(643584K)] 669105K->79312K(2041856K), 0.0201699 secs] [Times: user=0.25 sys=0.00, real=0.02 secs] 
2020-09-29T17:47:53.200+0200: 47.096: [GC (Allocation Failure) [PSYoungGen: 630020K->42085K(643584K)] 667600K->79665K(2041856K), 0.0144570 secs] [Times: user=0.13 sys=0.00, real=0.01 secs] 
2020-09-29T17:47:53.265+0200: 47.161: [GC (Allocation Failure) [PSYoungGen: 630373K->42373K(643584K)] 667953K->79953K(2041856K), 0.0164987 secs] [Times: user=0.11 sys=0.00, real=0.02 secs] 
2020-09-29T17:47:53.332+0200: 47.227: [GC (Allocation Failure) [PSYoungGen: 630661K->28996K(644096K)] 668241K->66576K(2042368K), 0.0106988 secs] [Times: user=0.13 sys=0.00, real=0.01 secs] 
2020-09-29T17:47:53.392+0200: 47.288: [GC (Allocation Failure) [PSYoungGen: 618308K->14402K(604160K)] 655888K->51982K(2002432K), 0.0069868 secs] [Times: user=0.13 sys=0.00, real=0.01 secs] 
2020-09-29T17:47:53.450+0200: 47.346: [GC (Allocation Failure) [PSYoungGen: 603714K->14531K(638464K)] 641294K->52111K(2036736K), 0.0065469 secs] [Times: user=0.00 sys=0.00, real=0.01 secs] 
2020-09-29T17:47:53.506+0200: 47.401: [GC (Allocation Failure) [PSYoungGen: 595651K->48260K(629760K)] 633231K->85840K(2028032K), 0.0167748 secs] [Times: user=0.13 sys=0.00, real=0.02 secs] 
2020-09-29T17:47:53.572+0200: 47.468: [GC (Allocation Failure) [PSYoungGen: 629380K->24387K(637952K)] 666960K->61967K(2036224K), 0.0107251 secs] [Times: user=0.11 sys=0.00, real=0.01 secs] 
2020-09-29T17:47:53.634+0200: 47.529: [GC (Allocation Failure) [PSYoungGen: 600899K->24100K(637440K)] 638479K->61680K(2035712K), 0.0127258 secs] [Times: user=0.11 sys=0.00, real=0.01 secs] 
2020-09-29T17:47:53.696+0200: 47.592: [GC (Allocation Failure) [PSYoungGen: 600612K->25156K(640512K)] 638192K->62736K(2038784K), 0.0090149 secs] [Times: user=0.00 sys=0.00, real=0.01 secs] 
2020-09-29T17:47:53.755+0200: 47.651: [GC (Allocation Failure) [PSYoungGen: 605764K->29444K(638976K)] 643344K->67024K(2037248K), 0.0110233 secs] [Times: user=0.00 sys=0.00, real=0.01 secs] 
2020-09-29T17:47:53.815+0200: 47.711: [GC (Allocation Failure) [PSYoungGen: 610052K->15778K(642560K)] 647632K->53358K(2040832K), 0.0075510 secs] [Times: user=0.13 sys=0.00, real=0.01 secs] 
2020-09-29T17:47:53.874+0200: 47.769: [GC (Allocation Failure) [PSYoungGen: 602018K->39204K(625664K)] 639598K->76784K(2023936K), 0.0142565 secs] [Times: user=0.13 sys=0.00, real=0.01 secs] 
2020-09-29T17:47:53.938+0200: 47.834: [GC (Allocation Failure) [PSYoungGen: 625444K->22148K(642560K)] 663024K->59728K(2040832K), 0.0088910 secs] [Times: user=0.13 sys=0.00, real=0.01 secs] 
2020-09-29T17:47:53.998+0200: 47.894: [GC (Allocation Failure) [PSYoungGen: 607364K->32484K(641536K)] 644944K->70064K(2039808K), 0.0126174 secs] [Times: user=0.13 sys=0.00, real=0.01 secs] 
2020-09-29T17:47:54.060+0200: 47.956: [GC (Allocation Failure) [PSYoungGen: 617700K->43397K(639488K)] 655280K->80977K(2037760K), 0.0144816 secs] [Times: user=0.13 sys=0.00, real=0.02 secs] 
2020-09-29T17:47:54.125+0200: 48.021: [GC (Allocation Failure) [PSYoungGen: 628613K->40645K(626176K)] 666193K->78225K(2024448K), 0.0140830 secs] [Times: user=0.13 sys=0.00, real=0.01 secs] 
2020-09-29T17:47:54.189+0200: 48.085: [GC (Allocation Failure) [PSYoungGen: 625861K->51653K(631808K)] 663441K->89233K(2030080K), 0.0173165 secs] [Times: user=0.13 sys=0.00, real=0.02 secs] 
2020-09-29T17:47:54.256+0200: 48.152: [GC (Allocation Failure) [PSYoungGen: 625605K->51397K(625664K)] 663185K->88977K(2023936K), 0.0172788 secs] [Times: user=0.13 sys=0.00, real=0.02 secs] 
2020-09-29T17:47:54.323+0200: 48.218: [GC (Allocation Failure) [PSYoungGen: 625349K->37381K(635392K)] 662929K->74961K(2033664K), 0.0124202 secs] [Times: user=0.13 sys=0.00, real=0.01 secs] 
2020-09-29T17:47:54.384+0200: 48.280: [GC (Allocation Failure) [PSYoungGen: 607237K->46661K(633344K)] 644817K->84241K(2031616K), 0.0154699 secs] [Times: user=0.13 sys=0.00, real=0.02 secs] 
2020-09-29T17:47:54.448+0200: 48.344: [GC (Allocation Failure) [PSYoungGen: 616517K->13283K(631296K)] 654097K->50863K(2029568K), 0.0054664 secs] [Times: user=0.00 sys=0.00, real=0.01 secs] 
2020-09-29T17:47:54.502+0200: 48.398: [GC (Allocation Failure) [PSYoungGen: 580067K->46917K(613888K)] 617647K->84497K(2012160K), 0.0156859 secs] [Times: user=0.13 sys=0.00, real=0.02 secs] 
2020-09-29T17:47:54.567+0200: 48.463: [GC (Allocation Failure) [PSYoungGen: 613701K->24772K(632832K)] 651281K->62352K(2031104K), 0.0102343 secs] [Times: user=0.00 sys=0.00, real=0.01 secs] 
2020-09-29T17:47:54.627+0200: 48.523: [GC (Allocation Failure) [PSYoungGen: 590532K->43685K(631808K)] 628112K->81265K(2030080K), 0.0153985 secs] [Times: user=0.11 sys=0.00, real=0.01 secs] 
2020-09-29T17:47:54.691+0200: 48.587: [GC (Allocation Failure) [PSYoungGen: 609445K->19908K(632832K)] 647025K->57488K(2031104K), 0.0072127 secs] [Times: user=0.08 sys=0.02, real=0.01 secs] 
2020-09-29T17:47:54.747+0200: 48.643: [GC (Allocation Failure) [PSYoungGen: 586692K->25188K(632832K)] 624272K->62768K(2031104K), 0.0096787 secs] [Times: user=0.13 sys=0.00, real=0.01 secs] 
2020-09-29T17:47:54.806+0200: 48.702: [GC (Allocation Failure) [PSYoungGen: 591972K->30723K(637440K)] 629552K->68303K(2035712K), 0.0122519 secs] [Times: user=0.13 sys=0.00, real=0.01 secs] 
2020-09-29T17:47:54.867+0200: 48.763: [GC (Allocation Failure) [PSYoungGen: 603651K->43077K(634368K)] 641231K->80657K(2032640K), 0.0150066 secs] [Times: user=0.13 sys=0.00, real=0.01 secs] 
2020-09-29T17:47:54.931+0200: 48.827: [GC (Allocation Failure) [PSYoungGen: 616005K->26883K(637952K)] 653585K->64463K(2036224K), 0.0104355 secs] [Times: user=0.02 sys=0.00, real=0.01 secs] 
2020-09-29T17:47:54.991+0200: 48.887: [GC (Allocation Failure) [PSYoungGen: 602371K->40676K(636416K)] 639951K->78256K(2034688K), 0.0148185 secs] [Times: user=0.13 sys=0.00, real=0.02 secs] 
2020-09-29T17:47:55.055+0200: 48.951: [GC (Allocation Failure) [PSYoungGen: 616164K->41925K(637952K)] 653744K->79505K(2036224K), 0.0143802 secs] [Times: user=0.13 sys=0.00, real=0.01 secs] 
2020-09-29T17:47:55.119+0200: 49.015: [GC (Allocation Failure) [PSYoungGen: 618949K->44773K(622080K)] 656529K->82353K(2020352K), 0.0147045 secs] [Times: user=0.13 sys=0.00, real=0.02 secs] 
2020-09-29T17:47:55.183+0200: 49.079: [GC (Allocation Failure) [PSYoungGen: 621797K->32388K(638464K)] 659377K->69968K(2036736K), 0.0118447 secs] [Times: user=0.13 sys=0.00, real=0.01 secs] 
2020-09-29T17:47:55.244+0200: 49.140: [GC (Allocation Failure) [PSYoungGen: 608388K->47845K(636416K)] 645968K->85425K(2034688K), 0.0166144 secs] [Times: user=0.13 sys=0.00, real=0.02 secs] 
2020-09-29T17:47:55.311+0200: 49.206: [GC (Allocation Failure) [PSYoungGen: 623845K->49573K(632320K)] 661425K->87153K(2030592K), 0.0172999 secs] [Times: user=0.13 sys=0.00, real=0.02 secs] 
2020-09-29T17:47:55.377+0200: 49.273: [GC (Allocation Failure) [PSYoungGen: 619429K->31076K(634368K)] 657009K->68656K(2032640K), 0.0117936 secs] [Times: user=0.13 sys=0.00, real=0.01 secs] 
2020-09-29T17:47:55.437+0200: 49.333: [GC (Allocation Failure) [PSYoungGen: 600932K->25541K(636416K)] 638512K->63121K(2034688K), 0.0096332 secs] [Times: user=0.13 sys=0.00, real=0.01 secs] 
2020-09-29T17:47:55.498+0200: 49.394: [GC (Allocation Failure) [PSYoungGen: 598981K->52101K(625664K)] 636561K->89681K(2023936K), 0.0168231 secs] [Times: user=0.13 sys=0.00, real=0.02 secs] 
2020-09-29T17:47:55.564+0200: 49.460: [GC (Allocation Failure) [PSYoungGen: 625541K->20932K(632832K)] 663121K->58512K(2031104K), 0.0093429 secs] [Times: user=0.11 sys=0.00, real=0.01 secs] 
2020-09-29T17:47:55.624+0200: 49.520: [GC (Allocation Failure) [PSYoungGen: 587716K->40901K(632832K)] 625296K->78481K(2031104K), 0.0156638 secs] [Times: user=0.11 sys=0.00, real=0.02 secs] 
2020-09-29T17:47:55.688+0200: 49.584: [GC (Allocation Failure) [PSYoungGen: 607685K->17923K(633344K)] 645265K->55503K(2031616K), 0.0089575 secs] [Times: user=0.11 sys=0.00, real=0.01 secs] 
2020-09-29T17:47:55.746+0200: 49.642: [GC (Allocation Failure) [PSYoungGen: 586755K->38405K(633856K)] 624335K->75985K(2032128K), 0.0134299 secs] [Times: user=0.13 sys=0.00, real=0.01 secs] 
2020-09-29T17:47:55.809+0200: 49.705: [GC (Allocation Failure) [PSYoungGen: 607237K->46693K(632320K)] 644817K->84273K(2030592K), 0.0148454 secs] [Times: user=0.13 sys=0.00, real=0.01 secs] 
2020-09-29T17:47:55.872+0200: 49.768: [GC (Allocation Failure) [PSYoungGen: 615525K->24740K(633856K)] 653105K->62320K(2032128K), 0.0100758 secs] [Times: user=0.13 sys=0.00, real=0.01 secs] 
2020-09-29T17:47:55.931+0200: 49.827: [GC (Allocation Failure) [PSYoungGen: 593572K->46693K(631808K)] 631152K->84273K(2030080K), 0.0152387 secs] [Times: user=0.13 sys=0.00, real=0.02 secs] 
2020-09-29T17:47:55.995+0200: 49.891: [GC (Allocation Failure) [PSYoungGen: 614501K->40036K(633344K)] 652081K->77616K(2031616K), 0.0139969 secs] [Times: user=0.13 sys=0.00, real=0.01 secs] 
2020-09-29T17:47:56.058+0200: 49.954: [GC (Allocation Failure) [PSYoungGen: 607844K->60965K(622592K)] 645424K->98545K(2020864K), 0.0196613 secs] [Times: user=0.13 sys=0.00, real=0.02 secs] 
2020-09-29T17:47:56.125+0200: 50.021: [GC (Allocation Failure) [PSYoungGen: 619557K->45317K(628736K)] 657137K->82897K(2027008K), 0.0143169 secs] [Times: user=0.13 sys=0.00, real=0.02 secs] 
2020-09-29T17:47:56.187+0200: 50.083: [GC (Allocation Failure) [PSYoungGen: 603909K->43301K(630784K)] 641489K->80881K(2029056K), 0.0144360 secs] [Times: user=0.13 sys=0.00, real=0.01 secs] 
2020-09-29T17:47:56.249+0200: 50.145: [GC (Allocation Failure) [PSYoungGen: 604453K->41701K(629248K)] 642033K->79281K(2027520K), 0.0144271 secs] [Times: user=0.13 sys=0.00, real=0.01 secs] 
2020-09-29T17:47:56.312+0200: 50.208: [GC (Allocation Failure) [PSYoungGen: 602853K->42277K(634880K)] 640433K->79857K(2033152K), 0.0145518 secs] [Times: user=0.13 sys=0.00, real=0.01 secs] 
2020-09-29T17:47:56.376+0200: 50.272: [GC (Allocation Failure) [PSYoungGen: 611621K->37413K(633344K)] 649201K->74993K(2031616K), 0.0135539 secs] [Times: user=0.13 sys=0.00, real=0.01 secs] 
2020-09-29T17:47:56.439+0200: 50.335: [GC (Allocation Failure) [PSYoungGen: 606757K->59845K(626688K)] 644337K->97425K(2024960K), 0.0189785 secs] [Times: user=0.25 sys=0.00, real=0.02 secs] 
2020-09-29T17:47:56.506+0200: 50.402: [GC (Allocation Failure) [PSYoungGen: 624581K->36677K(631808K)] 662161K->74257K(2030080K), 0.0128313 secs] [Times: user=0.00 sys=0.00, real=0.01 secs] 
2020-09-29T17:47:56.568+0200: 50.464: [GC (Allocation Failure) [PSYoungGen: 601413K->40772K(635392K)] 638993K->78352K(2033664K), 0.0158460 secs] [Times: user=0.11 sys=0.00, real=0.02 secs] 
2020-09-29T17:47:56.636+0200: 50.532: [GC (Allocation Failure) [PSYoungGen: 610628K->36421K(633344K)] 648208K->74001K(2031616K), 0.0143866 secs] [Times: user=0.13 sys=0.00, real=0.02 secs] 
2020-09-29T17:47:56.702+0200: 50.598: [GC (Allocation Failure) [PSYoungGen: 606277K->45733K(636928K)] 643857K->83313K(2035200K), 0.0169168 secs] [Times: user=0.13 sys=0.00, real=0.02 secs] 
2020-09-29T17:47:56.772+0200: 50.668: [GC (Allocation Failure) [PSYoungGen: 620709K->46405K(636928K)] 658289K->83985K(2035200K), 0.0173154 secs] [Times: user=0.13 sys=0.00, real=0.02 secs] 
2020-09-29T17:47:56.839+0200: 50.735: [GC (Allocation Failure) [PSYoungGen: 621381K->33380K(637952K)] 658961K->70960K(2036224K), 0.0125169 secs] [Times: user=0.13 sys=0.00, real=0.01 secs] 
2020-09-29T17:47:56.901+0200: 50.797: [GC (Allocation Failure) [PSYoungGen: 609892K->35716K(637440K)] 647472K->73296K(2035712K), 0.0131083 secs] [Times: user=0.13 sys=0.00, real=0.01 secs] 
2020-09-29T17:47:56.964+0200: 50.860: [GC (Allocation Failure) [PSYoungGen: 612228K->51653K(633856K)] 649808K->89233K(2032128K), 0.0167639 secs] [Times: user=0.13 sys=0.00, real=0.02 secs] 
2020-09-29T17:47:57.031+0200: 50.927: [GC (Allocation Failure) [PSYoungGen: 625605K->23301K(597504K)] 663185K->60881K(1995776K), 0.0082521 secs] [Times: user=0.13 sys=0.00, real=0.01 secs] 
2020-09-29T17:47:57.088+0200: 50.984: [GC (Allocation Failure) [PSYoungGen: 597253K->36773K(637440K)] 634833K->74353K(2035712K), 0.0127992 secs] [Times: user=0.13 sys=0.00, real=0.01 secs] 
2020-09-29T17:47:57.150+0200: 51.046: [GC (Allocation Failure) [PSYoungGen: 610725K->36453K(635392K)] 648305K->74033K(2033664K), 0.0129943 secs] [Times: user=0.13 sys=0.00, real=0.01 secs] 
2020-09-29T17:47:57.213+0200: 51.109: [GC (Allocation Failure) [PSYoungGen: 610405K->36165K(640512K)] 647985K->73745K(2038784K), 0.0124261 secs] [Times: user=0.13 sys=0.00, real=0.01 secs] 
2020-09-29T17:47:57.276+0200: 51.172: [GC (Allocation Failure) [PSYoungGen: 616773K->23747K(638976K)] 654353K->61327K(2037248K), 0.0097487 secs] [Times: user=0.00 sys=0.02, real=0.01 secs] 
2020-09-29T17:47:57.336+0200: 51.232: [GC (Allocation Failure) [PSYoungGen: 604355K->29444K(640512K)] 641935K->67024K(2038784K), 0.0110522 secs] [Times: user=0.00 sys=0.00, real=0.01 secs] 
2020-09-29T17:47:57.397+0200: 51.293: [GC (Allocation Failure) [PSYoungGen: 611076K->36869K(640000K)] 648656K->74449K(2038272K), 0.0129965 secs] [Times: user=0.13 sys=0.00, real=0.01 secs] 
2020-09-29T17:47:57.460+0200: 51.356: [GC (Allocation Failure) [PSYoungGen: 618501K->30565K(643584K)] 656081K->68145K(2041856K), 0.0107590 secs] [Times: user=0.00 sys=0.00, real=0.01 secs] 
2020-09-29T17:47:57.522+0200: 51.418: [GC (Allocation Failure) [PSYoungGen: 617829K->43365K(642560K)] 655409K->80945K(2040832K), 0.0146650 secs] [Times: user=0.13 sys=0.00, real=0.01 secs] 
2020-09-29T17:47:57.588+0200: 51.484: [GC (Allocation Failure) [PSYoungGen: 630629K->42661K(642560K)] 668209K->80241K(2040832K), 0.0157201 secs] [Times: user=0.11 sys=0.00, real=0.01 secs] 
2020-09-29T17:47:57.655+0200: 51.551: [GC (Allocation Failure) [PSYoungGen: 628901K->9378K(595968K)] 666481K->46958K(1994240K), 0.0045815 secs] [Times: user=0.13 sys=0.00, real=0.01 secs] 
2020-09-29T17:47:57.711+0200: 51.606: [GC (Allocation Failure) [PSYoungGen: 595618K->35109K(642048K)] 633198K->72689K(2040320K), 0.0138501 secs] [Times: user=0.13 sys=0.00, real=0.01 secs] 
2020-09-29T17:47:57.775+0200: 51.671: [GC (Allocation Failure) [PSYoungGen: 617765K->28036K(639488K)] 655345K->65616K(2037760K), 0.0117535 secs] [Times: user=0.13 sys=0.00, real=0.01 secs] 
2020-09-29T17:47:57.836+0200: 51.732: [GC (Allocation Failure) [PSYoungGen: 610692K->35716K(644608K)] 648272K->73296K(2042880K), 0.0128042 secs] [Times: user=0.13 sys=0.00, real=0.01 secs] 
2020-09-29T17:47:57.900+0200: 51.796: [GC (Allocation Failure) [PSYoungGen: 624516K->36196K(643072K)] 662096K->73776K(2041344K), 0.0130138 secs] [Times: user=0.13 sys=0.00, real=0.01 secs] 
2020-09-29T17:47:57.963+0200: 51.859: [GC (Allocation Failure) [PSYoungGen: 624996K->23365K(645632K)] 662576K->60945K(2043904K), 0.0076246 secs] [Times: user=0.00 sys=0.00, real=0.01 secs] 
2020-09-29T17:47:58.022+0200: 51.918: [GC (Allocation Failure) [PSYoungGen: 615749K->25636K(645632K)] 653329K->63216K(2043904K), 0.0103932 secs] [Times: user=0.00 sys=0.00, real=0.01 secs] 
2020-09-29T17:47:58.083+0200: 51.979: [GC (Allocation Failure) [PSYoungGen: 618020K->28547K(647680K)] 655600K->66127K(2045952K), 0.0110048 secs] [Times: user=0.00 sys=0.00, real=0.01 secs] 
2020-09-29T17:47:58.145+0200: 52.041: [GC (Allocation Failure) [PSYoungGen: 623491K->20196K(646144K)] 661071K->57776K(2044416K), 0.0077432 secs] [Times: user=0.00 sys=0.00, real=0.01 secs] 
2020-09-29T17:47:58.204+0200: 52.100: [GC (Allocation Failure) [PSYoungGen: 615140K->40548K(644608K)] 652720K->78128K(2042880K), 0.0147989 secs] [Times: user=0.13 sys=0.00, real=0.01 secs] 
2020-09-29T17:47:58.269+0200: 52.165: [GC (Allocation Failure) [PSYoungGen: 633956K->32325K(646144K)] 671536K->69905K(2044416K), 0.0104250 secs] [Times: user=0.13 sys=0.00, real=0.01 secs] 
2020-09-29T17:47:58.331+0200: 52.227: [GC (Allocation Failure) [PSYoungGen: 625733K->37829K(647680K)] 663313K->75409K(2045952K), 0.0134846 secs] [Times: user=0.13 sys=0.00, real=0.01 secs] 
2020-09-29T17:47:58.396+0200: 52.292: [GC (Allocation Failure) [PSYoungGen: 634309K->16548K(613376K)] 671889K->54128K(2011648K), 0.0064971 secs] [Times: user=0.00 sys=0.00, real=0.01 secs] 
2020-09-29T17:47:58.454+0200: 52.349: [GC (Allocation Failure) [PSYoungGen: 613028K->38885K(644608K)] 650608K->76465K(2042880K), 0.0131174 secs] [Times: user=0.13 sys=0.00, real=0.01 secs] 
2020-09-29T17:47:58.518+0200: 52.413: [GC (Allocation Failure) [PSYoungGen: 631269K->29188K(645632K)] 668849K->66768K(2043904K), 0.0111285 secs] [Times: user=0.13 sys=0.00, real=0.01 secs] 
2020-09-29T17:47:58.580+0200: 52.476: [GC (Allocation Failure) [PSYoungGen: 621572K->17891K(646656K)] 659152K->55471K(2044928K), 0.0078731 secs] [Times: user=0.11 sys=0.00, real=0.01 secs] 
2020-09-29T17:47:58.641+0200: 52.536: [GC (Allocation Failure) [PSYoungGen: 613347K->51685K(647168K)] 650927K->90313K(2045440K), 0.0181703 secs] [Times: user=0.13 sys=0.00, real=0.02 secs] 
2020-09-29T17:47:58.711+0200: 52.606: [GC (Allocation Failure) [PSYoungGen: 647141K->33029K(638976K)] 685769K->71657K(2037248K), 0.0109920 secs] [Times: user=0.00 sys=0.00, real=0.01 secs] 
2020-09-29T17:47:58.774+0200: 52.669: [GC (Allocation Failure) [PSYoungGen: 620293K->32260K(643072K)] 658921K->70888K(2041344K), 0.0120232 secs] [Times: user=0.02 sys=0.00, real=0.01 secs] 
2020-09-29T17:47:58.837+0200: 52.732: [GC (Allocation Failure) [PSYoungGen: 619524K->45189K(640512K)] 658152K->83817K(2038784K), 0.0149044 secs] [Times: user=0.13 sys=0.00, real=0.02 secs] 
2020-09-29T17:47:58.902+0200: 52.797: [GC (Allocation Failure) [PSYoungGen: 632453K->29732K(643072K)] 671081K->68360K(2041344K), 0.0107506 secs] [Times: user=0.13 sys=0.00, real=0.01 secs] 
2020-09-29T17:47:58.963+0200: 52.858: [GC (Allocation Failure) [PSYoungGen: 616996K->42789K(641536K)] 655624K->81417K(2039808K), 0.0148740 secs] [Times: user=0.13 sys=0.00, real=0.01 secs] 
2020-09-29T17:47:59.028+0200: 52.923: [GC (Allocation Failure) [PSYoungGen: 630053K->41988K(629760K)] 668681K->80616K(2028032K), 0.0150659 secs] [Times: user=0.13 sys=0.00, real=0.01 secs] 
2020-09-29T17:47:59.093+0200: 52.989: [GC (Allocation Failure) [PSYoungGen: 629252K->40452K(642560K)] 667880K->79080K(2040832K), 0.0145216 secs] [Times: user=0.13 sys=0.00, real=0.02 secs] 
2020-09-29T17:47:59.158+0200: 53.053: [GC (Allocation Failure) [PSYoungGen: 626180K->36900K(642048K)] 664808K->75528K(2040320K), 0.0132699 secs] [Times: user=0.13 sys=0.00, real=0.01 secs] 
2020-09-29T17:47:59.221+0200: 53.116: [GC (Allocation Failure) [PSYoungGen: 622628K->32196K(645120K)] 661256K->70824K(2043392K), 0.0121246 secs] [Times: user=0.13 sys=0.00, real=0.01 secs] 
2020-09-29T17:47:59.283+0200: 53.179: [GC (Allocation Failure) [PSYoungGen: 622532K->34597K(644096K)] 661160K->73225K(2042368K), 0.0119972 secs] [Times: user=0.13 sys=0.00, real=0.01 secs] 
2020-09-29T17:47:59.348+0200: 53.244: [GC (Allocation Failure) [PSYoungGen: 624933K->36997K(647680K)] 663561K->75625K(2045952K), 0.0129501 secs] [Times: user=0.06 sys=0.00, real=0.01 secs] 
2020-09-29T17:47:59.413+0200: 53.309: [GC (Allocation Failure) [PSYoungGen: 632965K->45061K(641536K)] 671593K->83689K(2039808K), 0.0159792 secs] [Times: user=0.13 sys=0.00, real=0.02 secs] 
2020-09-29T17:47:59.480+0200: 53.375: [GC (Allocation Failure) [PSYoungGen: 641029K->38404K(646656K)] 679657K->77032K(2044928K), 0.0141347 secs] [Times: user=0.13 sys=0.00, real=0.01 secs] 
2020-09-29T17:47:59.547+0200: 53.443: [GC (Allocation Failure) [PSYoungGen: 632324K->41540K(646144K)] 670952K->80168K(2044416K), 0.0163217 secs] [Times: user=0.13 sys=0.00, real=0.02 secs] 
2020-09-29T17:47:59.618+0200: 53.514: [GC (Allocation Failure) [PSYoungGen: 635460K->47557K(641536K)] 674088K->86185K(2039808K), 0.0200507 secs] [Times: user=0.11 sys=0.00, real=0.02 secs] 
2020-09-29T17:47:59.692+0200: 53.588: [GC (Allocation Failure) [PSYoungGen: 636869K->35301K(644096K)] 675497K->73929K(2042368K), 0.0137786 secs] [Times: user=0.00 sys=0.00, real=0.01 secs] 
2020-09-29T17:47:59.772+0200: 53.668: [GC (Allocation Failure) [PSYoungGen: 624613K->36645K(646656K)] 663241K->75273K(2044928K), 0.0122478 secs] [Times: user=0.00 sys=0.00, real=0.01 secs] 
2020-09-29T17:47:59.835+0200: 53.731: [GC (Allocation Failure) [PSYoungGen: 629541K->9443K(602624K)] 668169K->48071K(2000896K), 0.0050020 secs] [Times: user=0.00 sys=0.00, real=0.00 secs] 
2020-09-29T17:47:59.891+0200: 53.787: [GC (Allocation Failure) [PSYoungGen: 602339K->27045K(644096K)] 640967K->65673K(2042368K), 0.0092139 secs] [Times: user=0.13 sys=0.00, real=0.01 secs] 
2020-09-29T17:47:59.951+0200: 53.847: [GC (Allocation Failure) [PSYoungGen: 615333K->54725K(643072K)] 653961K->93353K(2041344K), 0.0182595 secs] [Times: user=0.13 sys=0.00, real=0.02 secs] 
2020-09-29T17:48:00.022+0200: 53.918: [GC (Allocation Failure) [PSYoungGen: 643013K->27076K(635904K)] 681641K->65704K(2034176K), 0.0125939 secs] [Times: user=0.00 sys=0.00, real=0.01 secs] 
2020-09-29T17:48:00.085+0200: 53.980: [GC (Allocation Failure) [PSYoungGen: 607172K->31940K(639488K)] 645800K->70568K(2037760K), 0.0113485 secs] [Times: user=0.00 sys=0.00, real=0.01 secs] 
2020-09-29T17:48:00.146+0200: 54.041: [GC (Allocation Failure) [PSYoungGen: 612036K->36549K(642560K)] 650664K->75177K(2040832K), 0.0127664 secs] [Times: user=0.00 sys=0.00, real=0.01 secs] 
2020-09-29T17:48:00.208+0200: 54.104: [GC (Allocation Failure) [PSYoungGen: 621253K->33349K(641024K)] 659881K->71977K(2039296K), 0.0112525 secs] [Times: user=0.00 sys=0.00, real=0.01 secs] 
2020-09-29T17:48:00.270+0200: 54.166: [GC (Allocation Failure) [PSYoungGen: 618053K->43877K(641536K)] 656681K->82505K(2039808K), 0.0150797 secs] [Times: user=0.00 sys=0.00, real=0.02 secs] 
2020-09-29T17:48:00.336+0200: 54.231: [GC (Allocation Failure) [PSYoungGen: 631141K->29284K(643072K)] 669769K->67912K(2041344K), 0.0112847 secs] [Times: user=0.00 sys=0.00, real=0.01 secs] 
2020-09-29T17:48:00.397+0200: 54.293: [GC (Allocation Failure) [PSYoungGen: 616548K->42277K(642048K)] 655176K->80905K(2040320K), 0.0141358 secs] [Times: user=0.13 sys=0.00, real=0.01 secs] 
2020-09-29T17:48:00.461+0200: 54.357: [GC (Allocation Failure) [PSYoungGen: 629541K->41029K(643072K)] 668169K->79657K(2041344K), 0.0144141 secs] [Times: user=0.13 sys=0.00, real=0.02 secs] 
2020-09-29T17:48:00.526+0200: 54.422: [GC (Allocation Failure) [PSYoungGen: 628293K->24067K(642560K)] 666921K->62695K(2040832K), 0.0100485 secs] [Times: user=0.00 sys=0.02, real=0.01 secs] 
2020-09-29T17:48:00.588+0200: 54.484: [GC (Allocation Failure) [PSYoungGen: 611331K->50757K(638464K)] 649959K->89385K(2036736K), 0.0229718 secs] [Times: user=0.09 sys=0.00, real=0.02 secs] 
2020-09-29T17:48:00.664+0200: 54.560: [GC (Allocation Failure) [PSYoungGen: 638021K->19715K(638464K)] 676649K->58343K(2036736K), 0.0097135 secs] [Times: user=0.00 sys=0.00, real=0.01 secs] 
2020-09-29T17:48:00.724+0200: 54.620: [GC (Allocation Failure) [PSYoungGen: 598787K->38245K(638976K)] 637415K->76873K(2037248K), 0.0135128 secs] [Times: user=0.00 sys=0.00, real=0.01 secs] 
2020-09-29T17:48:00.788+0200: 54.684: [GC (Allocation Failure) [PSYoungGen: 617317K->27684K(641024K)] 655945K->66312K(2039296K), 0.0103624 secs] [Times: user=0.00 sys=0.00, real=0.01 secs] 
2020-09-29T17:48:00.848+0200: 54.744: [GC (Allocation Failure) [PSYoungGen: 609828K->21796K(640000K)] 648456K->60424K(2038272K), 0.0079967 secs] [Times: user=0.00 sys=0.00, real=0.01 secs] 
2020-09-29T17:48:00.907+0200: 54.803: [GC (Allocation Failure) [PSYoungGen: 603940K->43301K(638976K)] 642568K->81929K(2037248K), 0.0148238 secs] [Times: user=0.13 sys=0.00, real=0.01 secs] 
2020-09-29T17:48:00.972+0200: 54.868: [GC (Allocation Failure) [PSYoungGen: 624421K->36292K(640000K)] 663049K->74920K(2038272K), 0.0132032 secs] [Times: user=0.13 sys=0.00, real=0.01 secs] 
2020-09-29T17:48:01.035+0200: 54.930: [GC (Allocation Failure) [PSYoungGen: 617412K->43205K(639488K)] 656040K->81833K(2037760K), 0.0146033 secs] [Times: user=0.13 sys=0.00, real=0.01 secs] 
2020-09-29T17:48:01.099+0200: 54.995: [GC (Allocation Failure) [PSYoungGen: 625349K->36836K(640512K)] 663977K->75464K(2038784K), 0.0130180 secs] [Times: user=0.00 sys=0.00, real=0.01 secs] 
2020-09-29T17:48:01.162+0200: 55.058: [GC (Allocation Failure) [PSYoungGen: 618980K->31045K(643584K)] 657608K->69673K(2041856K), 0.0103600 secs] [Times: user=0.00 sys=0.00, real=0.01 secs] 
2020-09-29T17:48:01.222+0200: 55.118: [GC (Allocation Failure) [PSYoungGen: 618309K->43716K(642560K)] 656937K->82344K(2040832K), 0.0157027 secs] [Times: user=0.00 sys=0.01, real=0.02 secs] 
2020-09-29T17:48:01.289+0200: 55.184: [GC (Allocation Failure) [PSYoungGen: 630980K->43076K(641536K)] 669608K->81704K(2039808K), 0.0152406 secs] [Times: user=0.13 sys=0.00, real=0.01 secs] 
2020-09-29T17:48:01.354+0200: 55.250: [GC (Allocation Failure) [PSYoungGen: 628292K->54085K(639488K)] 666920K->92713K(2037760K), 0.0182035 secs] [Times: user=0.13 sys=0.00, real=0.02 secs] 
2020-09-29T17:48:01.422+0200: 55.318: [GC (Allocation Failure) [PSYoungGen: 639301K->37733K(639488K)] 677929K->76361K(2037760K), 0.0131826 secs] [Times: user=0.13 sys=0.00, real=0.01 secs] 
2020-09-29T17:48:01.485+0200: 55.381: [GC (Allocation Failure) [PSYoungGen: 617829K->43589K(639488K)] 656457K->82217K(2037760K), 0.0151358 secs] [Times: user=0.13 sys=0.00, real=0.02 secs] 
2020-09-29T17:48:01.551+0200: 55.447: [GC (Allocation Failure) [PSYoungGen: 623685K->49413K(636416K)] 662313K->88041K(2034688K), 0.0168410 secs] [Times: user=0.13 sys=0.00, real=0.02 secs] 
2020-09-29T17:48:01.619+0200: 55.515: [GC (Allocation Failure) [PSYoungGen: 626437K->52229K(629760K)] 665065K->90857K(2028032K), 0.0189399 secs] [Times: user=0.11 sys=0.00, real=0.02 secs] 
2020-09-29T17:48:01.687+0200: 55.583: [GC (Allocation Failure) [PSYoungGen: 629253K->41317K(637440K)] 667881K->79945K(2035712K), 0.0137784 secs] [Times: user=0.13 sys=0.00, real=0.01 secs] 
2020-09-29T17:48:01.750+0200: 55.646: [GC (Allocation Failure) [PSYoungGen: 615269K->41061K(635392K)] 653897K->79689K(2033664K), 0.0139323 secs] [Times: user=0.13 sys=0.00, real=0.01 secs] 
2020-09-29T17:48:01.815+0200: 55.711: [GC (Allocation Failure) [PSYoungGen: 615013K->40773K(641024K)] 653641K->79401K(2039296K), 0.0143259 secs] [Times: user=0.13 sys=0.00, real=0.01 secs] 
2020-09-29T17:48:01.879+0200: 55.775: [GC (Allocation Failure) [PSYoungGen: 622405K->20708K(639488K)] 661033K->59336K(2037760K), 0.0077240 secs] [Times: user=0.00 sys=0.00, real=0.01 secs] 
2020-09-29T17:48:01.938+0200: 55.834: [GC (Allocation Failure) [PSYoungGen: 602340K->41797K(640512K)] 640968K->80425K(2038784K), 0.0145594 secs] [Times: user=0.13 sys=0.00, real=0.01 secs] 
2020-09-29T17:48:02.002+0200: 55.898: [GC (Allocation Failure) [PSYoungGen: 622917K->19235K(600576K)] 661545K->57863K(1998848K), 0.0081031 secs] [Times: user=0.13 sys=0.00, real=0.01 secs] 
2020-09-29T17:48:02.060+0200: 55.956: [GC (Allocation Failure) [PSYoungGen: 600355K->26117K(638976K)] 638983K->64745K(2037248K), 0.0086003 secs] [Times: user=0.13 sys=0.00, real=0.01 secs] 
2020-09-29T17:48:02.122+0200: 56.018: [GC (Allocation Failure) [PSYoungGen: 605189K->30948K(638976K)] 643817K->69576K(2037248K), 0.0115419 secs] [Times: user=0.13 sys=0.00, real=0.01 secs] 
2020-09-29T17:48:02.183+0200: 56.079: [GC (Allocation Failure) [PSYoungGen: 610020K->35813K(642560K)] 648648K->74441K(2040832K), 0.0129429 secs] [Times: user=0.13 sys=0.00, real=0.01 secs] 
2020-09-29T17:48:02.246+0200: 56.142: [GC (Allocation Failure) [PSYoungGen: 620005K->31364K(640512K)] 658633K->69992K(2038784K), 0.0107446 secs] [Times: user=0.13 sys=0.00, real=0.01 secs] 
2020-09-29T17:48:02.308+0200: 56.204: [GC (Allocation Failure) [PSYoungGen: 615556K->27172K(644608K)] 654184K->65800K(2042880K), 0.0103571 secs] [Times: user=0.13 sys=0.00, real=0.01 secs] 
2020-09-29T17:48:02.369+0200: 56.265: [GC (Allocation Failure) [PSYoungGen: 616996K->42693K(632832K)] 655624K->81321K(2031104K), 0.0148970 secs] [Times: user=0.13 sys=0.00, real=0.02 secs] 
2020-09-29T17:48:02.434+0200: 56.330: [GC (Allocation Failure) [PSYoungGen: 632517K->30949K(644608K)] 671145K->69577K(2042880K), 0.0101000 secs] [Times: user=0.13 sys=0.00, real=0.01 secs] 
2020-09-29T17:48:02.495+0200: 56.391: [GC (Allocation Failure) [PSYoungGen: 620261K->31043K(643584K)] 658889K->69671K(2041856K), 0.0116592 secs] [Times: user=0.13 sys=0.00, real=0.01 secs] 
2020-09-29T17:48:02.557+0200: 56.453: [GC (Allocation Failure) [PSYoungGen: 620355K->31012K(647168K)] 658983K->69640K(2045440K), 0.0107039 secs] [Times: user=0.13 sys=0.00, real=0.01 secs] 
2020-09-29T17:48:02.620+0200: 56.516: [GC (Allocation Failure) [PSYoungGen: 625444K->51205K(646144K)] 664072K->89833K(2044416K), 0.0185074 secs] [Times: user=0.11 sys=0.00, real=0.02 secs] 
2020-09-29T17:48:02.690+0200: 56.586: [GC (Allocation Failure) [PSYoungGen: 645637K->30051K(641024K)] 684265K->68679K(2039296K), 0.0117929 secs] [Times: user=0.13 sys=0.00, real=0.01 secs] 
2020-09-29T17:48:02.752+0200: 56.648: [GC (Allocation Failure) [PSYoungGen: 618339K->28580K(643584K)] 656967K->67208K(2041856K), 0.0106157 secs] [Times: user=0.13 sys=0.00, real=0.01 secs] 
2020-09-29T17:48:02.812+0200: 56.708: [GC (Allocation Failure) [PSYoungGen: 616868K->28356K(645632K)] 655496K->66984K(2043904K), 0.0102973 secs] [Times: user=0.13 sys=0.00, real=0.01 secs] 
2020-09-29T17:48:02.878+0200: 56.774: [GC (Allocation Failure) [PSYoungGen: 619716K->31141K(644608K)] 658344K->69769K(2042880K), 0.0113376 secs] [Times: user=0.06 sys=0.00, real=0.01 secs] 
2020-09-29T17:48:02.943+0200: 56.839: [GC (Allocation Failure) [PSYoungGen: 622501K->48293K(639488K)] 661129K->86921K(2037760K), 0.0188535 secs] [Times: user=0.13 sys=0.00, real=0.02 secs] 
2020-09-29T17:48:03.013+0200: 56.909: [GC (Allocation Failure) [PSYoungGen: 635557K->18500K(606208K)] 674185K->57128K(2004480K), 0.0067189 secs] [Times: user=0.00 sys=0.00, real=0.01 secs] 
2020-09-29T17:48:03.070+0200: 56.966: [GC (Allocation Failure) [PSYoungGen: 605764K->45189K(638464K)] 644392K->83817K(2036736K), 0.0155026 secs] [Times: user=0.13 sys=0.00, real=0.02 secs] 
2020-09-29T17:48:03.135+0200: 57.031: [GC (Allocation Failure) [PSYoungGen: 627333K->38181K(640512K)] 665961K->76809K(2038784K), 0.0131911 secs] [Times: user=0.13 sys=0.00, real=0.01 secs] 
2020-09-29T17:48:03.199+0200: 57.095: [GC (Allocation Failure) [PSYoungGen: 620325K->18725K(640512K)] 658953K->57353K(2038784K), 0.0066644 secs] [Times: user=0.00 sys=0.00, real=0.01 secs] 
2020-09-29T17:48:03.257+0200: 57.153: [GC (Allocation Failure) [PSYoungGen: 601893K->26532K(641024K)] 640521K->65160K(2039296K), 0.0100854 secs] [Times: user=0.00 sys=0.00, real=0.01 secs] 
2020-09-29T17:48:03.318+0200: 57.214: [GC (Allocation Failure) [PSYoungGen: 609700K->35461K(643584K)] 648328K->74089K(2041856K), 0.0123678 secs] [Times: user=0.00 sys=0.00, real=0.01 secs] 
2020-09-29T17:48:03.381+0200: 57.277: [GC (Allocation Failure) [PSYoungGen: 622213K->32965K(642048K)] 660841K->71593K(2040320K), 0.0119659 secs] [Times: user=0.00 sys=0.00, real=0.01 secs] 
2020-09-29T17:48:03.443+0200: 57.339: [GC (Allocation Failure) [PSYoungGen: 619717K->45477K(640512K)] 658345K->84105K(2038784K), 0.0154408 secs] [Times: user=0.13 sys=0.00, real=0.02 secs] 
2020-09-29T17:48:03.508+0200: 57.404: [GC (Allocation Failure) [PSYoungGen: 632741K->28484K(643072K)] 671369K->67112K(2041344K), 0.0104769 secs] [Times: user=0.00 sys=0.00, real=0.01 secs] 
2020-09-29T17:48:03.570+0200: 57.466: [GC (Allocation Failure) [PSYoungGen: 615748K->40421K(643072K)] 654376K->79049K(2041344K), 0.0145709 secs] [Times: user=0.11 sys=0.00, real=0.01 secs] 
2020-09-29T17:48:03.637+0200: 57.533: [GC (Allocation Failure) [PSYoungGen: 628709K->40772K(643584K)] 667337K->79400K(2041856K), 0.0150577 secs] [Times: user=0.13 sys=0.00, real=0.01 secs] 
2020-09-29T17:48:03.702+0200: 57.598: [GC (Allocation Failure) [PSYoungGen: 629060K->41093K(642560K)] 667688K->79721K(2040832K), 0.0142809 secs] [Times: user=0.13 sys=0.00, real=0.01 secs] 
2020-09-29T17:48:03.767+0200: 57.663: [GC (Allocation Failure) [PSYoungGen: 628357K->40228K(643072K)] 666985K->78856K(2041344K), 0.0157169 secs] [Times: user=0.13 sys=0.00, real=0.02 secs] 
2020-09-29T17:48:03.836+0200: 57.732: [GC (Allocation Failure) [PSYoungGen: 627492K->37219K(645120K)] 666120K->75847K(2043392K), 0.0178456 secs] [Times: user=0.13 sys=0.00, real=0.03 secs] 
2020-09-29T17:48:03.915+0200: 57.811: [GC (Allocation Failure) [PSYoungGen: 627043K->39109K(643584K)] 665671K->77737K(2041856K), 0.0155632 secs] [Times: user=0.13 sys=0.00, real=0.02 secs] 
2020-09-29T17:48:03.984+0200: 57.880: [GC (Allocation Failure) [PSYoungGen: 628933K->27301K(645632K)] 667561K->65929K(2043904K), 0.0107638 secs] [Times: user=0.11 sys=0.00, real=0.01 secs] 
2020-09-29T17:48:04.045+0200: 57.941: [GC (Allocation Failure) [PSYoungGen: 619685K->31717K(645632K)] 658313K->70345K(2043904K), 0.0102827 secs] [Times: user=0.13 sys=0.00, real=0.01 secs] 
2020-09-29T17:48:04.109+0200: 58.005: [GC (Allocation Failure) [PSYoungGen: 624101K->36164K(648192K)] 662729K->74792K(2046464K), 0.0129974 secs] [Times: user=0.13 sys=0.00, real=0.01 secs] 
2020-09-29T17:48:04.173+0200: 58.069: [GC (Allocation Failure) [PSYoungGen: 632132K->30565K(646656K)] 670760K->69193K(2044928K), 0.0101354 secs] [Times: user=0.13 sys=0.00, real=0.01 secs] 
2020-09-29T17:48:04.234+0200: 58.130: [GC (Allocation Failure) [PSYoungGen: 626533K->20548K(646656K)] 665161K->59176K(2044928K), 0.0079453 secs] [Times: user=0.13 sys=0.00, real=0.01 secs] 
2020-09-29T17:48:04.293+0200: 58.189: [GC (Allocation Failure) [PSYoungGen: 617028K->42789K(639488K)] 655656K->81417K(2037760K), 0.0138906 secs] [Times: user=0.13 sys=0.00, real=0.01 secs] 
2020-09-29T17:48:04.358+0200: 58.254: [GC (Allocation Failure) [PSYoungGen: 639269K->22467K(646144K)] 677897K->61095K(2044416K), 0.0092516 secs] [Times: user=0.13 sys=0.00, real=0.01 secs] 
2020-09-29T17:48:04.418+0200: 58.314: [GC (Allocation Failure) [PSYoungGen: 615106K->24162K(646144K)] 653734K->62790K(2044416K), 0.0106757 secs] [Times: user=0.13 sys=0.00, real=0.01 secs] 
2020-09-29T17:48:04.479+0200: 58.375: [GC (Allocation Failure) [PSYoungGen: 617570K->43397K(642048K)] 656198K->82025K(2040320K), 0.0142378 secs] [Times: user=0.13 sys=0.00, real=0.01 secs] 
2020-09-29T17:48:04.544+0200: 58.440: [GC (Allocation Failure) [PSYoungGen: 632709K->44741K(634368K)] 671337K->83369K(2032640K), 0.0149845 secs] [Times: user=0.13 sys=0.00, real=0.02 secs] 
2020-09-29T17:48:04.611+0200: 58.507: [GC (Allocation Failure) [PSYoungGen: 634053K->29764K(643584K)] 672681K->68392K(2041856K), 0.0122909 secs] [Times: user=0.11 sys=0.00, real=0.01 secs] 
2020-09-29T17:48:04.674+0200: 58.570: [GC (Allocation Failure) [PSYoungGen: 616516K->42341K(642048K)] 655144K->80969K(2040320K), 0.0145040 secs] [Times: user=0.11 sys=0.00, real=0.01 secs] 
2020-09-29T17:48:04.740+0200: 58.636: [GC (Allocation Failure) [PSYoungGen: 629093K->40964K(642560K)] 667721K->79592K(2040832K), 0.0148149 secs] [Times: user=0.13 sys=0.00, real=0.02 secs] 
2020-09-29T17:48:04.806+0200: 58.702: [GC (Allocation Failure) [PSYoungGen: 627204K->25637K(642560K)] 665832K->64265K(2040832K), 0.0081842 secs] [Times: user=0.00 sys=0.00, real=0.01 secs] 
2020-09-29T17:48:04.865+0200: 58.761: [GC (Allocation Failure) [PSYoungGen: 611877K->51365K(633856K)] 650505K->89993K(2032128K), 0.0172333 secs] [Times: user=0.13 sys=0.00, real=0.02 secs] 
2020-09-29T17:48:04.931+0200: 58.827: [GC (Allocation Failure) [PSYoungGen: 629413K->39748K(638464K)] 668041K->78376K(2036736K), 0.0144587 secs] [Times: user=0.13 sys=0.00, real=0.01 secs] 
2020-09-29T17:48:04.996+0200: 58.892: [GC (Allocation Failure) [PSYoungGen: 617796K->43525K(638976K)] 656424K->82153K(2037248K), 0.0155093 secs] [Times: user=0.13 sys=0.00, real=0.02 secs] 
2020-09-29T17:48:05.062+0200: 58.958: [GC (Allocation Failure) [PSYoungGen: 623621K->35332K(639488K)] 662249K->73960K(2037760K), 0.0130753 secs] [Times: user=0.13 sys=0.00, real=0.01 secs] 
2020-09-29T17:48:05.125+0200: 59.021: [GC (Allocation Failure) [PSYoungGen: 615428K->27493K(641536K)] 654056K->66121K(2039808K), 0.0097421 secs] [Times: user=0.13 sys=0.00, real=0.01 secs] 
2020-09-29T17:48:05.189+0200: 59.086: [GC (Allocation Failure) [PSYoungGen: 611685K->37509K(641536K)] 650313K->76137K(2039808K), 0.0145580 secs] [Times: user=0.11 sys=0.00, real=0.02 secs] 
2020-09-29T17:48:05.256+0200: 59.152: [GC (Allocation Failure) [PSYoungGen: 621701K->47429K(638976K)] 660329K->86057K(2037248K), 0.0158025 secs] [Times: user=0.13 sys=0.00, real=0.02 secs] 
2020-09-29T17:48:05.322+0200: 59.217: [GC (Allocation Failure) [PSYoungGen: 630597K->42629K(641024K)] 669225K->81257K(2039296K), 0.0144274 secs] [Times: user=0.13 sys=0.00, real=0.01 secs] 
2020-09-29T17:48:05.387+0200: 59.282: [GC (Allocation Failure) [PSYoungGen: 625797K->34660K(642560K)] 664425K->73288K(2040832K), 0.0129549 secs] [Times: user=0.08 sys=0.00, real=0.01 secs] 
2020-09-29T17:48:05.450+0200: 59.345: [GC (Allocation Failure) [PSYoungGen: 619364K->45157K(641024K)] 657992K->83785K(2039296K), 0.0154742 secs] [Times: user=0.13 sys=0.00, real=0.01 secs] 
2020-09-29T17:48:05.516+0200: 59.411: [GC (Allocation Failure) [PSYoungGen: 629861K->28261K(641536K)] 668489K->66889K(2039808K), 0.0091136 secs] [Times: user=0.13 sys=0.00, real=0.01 secs] 
2020-09-29T17:48:05.575+0200: 59.470: [GC (Allocation Failure) [PSYoungGen: 612453K->38245K(641536K)] 651081K->76873K(2039808K), 0.0140158 secs] [Times: user=0.11 sys=0.00, real=0.01 secs] 
2020-09-29T17:48:05.641+0200: 59.536: [GC (Allocation Failure) [PSYoungGen: 622437K->48197K(638464K)] 661065K->86825K(2036736K), 0.0161801 secs] [Times: user=0.11 sys=0.00, real=0.02 secs] 
2020-09-29T17:48:05.707+0200: 59.602: [GC (Allocation Failure) [PSYoungGen: 631365K->29348K(641024K)] 669993K->67976K(2039296K), 0.0107718 secs] [Times: user=0.13 sys=0.00, real=0.01 secs] 
2020-09-29T17:48:05.768+0200: 59.663: [GC (Allocation Failure) [PSYoungGen: 612516K->36548K(643072K)] 651144K->75176K(2041344K), 0.0133486 secs] [Times: user=0.13 sys=0.00, real=0.01 secs] 
2020-09-29T17:48:05.831+0200: 59.726: [GC (Allocation Failure) [PSYoungGen: 622276K->34341K(641536K)] 660904K->72969K(2039808K), 0.0110892 secs] [Times: user=0.13 sys=0.00, real=0.01 secs] 
2020-09-29T17:48:05.893+0200: 59.788: [GC (Allocation Failure) [PSYoungGen: 620069K->32101K(645120K)] 658697K->70729K(2043392K), 0.0117350 secs] [Times: user=0.13 sys=0.00, real=0.01 secs] 
2020-09-29T17:48:05.955+0200: 59.850: [GC (Allocation Failure) [PSYoungGen: 622949K->33796K(644608K)] 661577K->72424K(2042880K), 0.0125466 secs] [Times: user=0.11 sys=0.00, real=0.01 secs] 
2020-09-29T17:48:06.019+0200: 59.914: [GC (Allocation Failure) [PSYoungGen: 624644K->36741K(648192K)] 663272K->75369K(2046464K), 0.0143735 secs] [Times: user=0.11 sys=0.00, real=0.01 secs] 
2020-09-29T17:48:06.084+0200: 59.980: [GC (Allocation Failure) [PSYoungGen: 632709K->28515K(646656K)] 671337K->67143K(2044928K), 0.0108595 secs] [Times: user=0.00 sys=0.00, real=0.01 secs] 
2020-09-29T17:48:06.147+0200: 60.042: [GC (Allocation Failure) [PSYoungGen: 624483K->21573K(646144K)] 663111K->60201K(2044416K), 0.0078554 secs] [Times: user=0.00 sys=0.00, real=0.01 secs] 
2020-09-29T17:48:06.206+0200: 60.101: [GC (Allocation Failure) [PSYoungGen: 617029K->42532K(638464K)] 655657K->81160K(2036736K), 0.0149474 secs] [Times: user=0.13 sys=0.00, real=0.01 secs] 
2020-09-29T17:48:06.272+0200: 60.167: [GC (Allocation Failure) [PSYoungGen: 637988K->50085K(638464K)] 676616K->88713K(2036736K), 0.0157360 secs] [Times: user=0.13 sys=0.00, real=0.01 secs] 
2020-09-29T17:48:06.338+0200: 60.233: [GC (Allocation Failure) [PSYoungGen: 635301K->45700K(631296K)] 673929K->84328K(2029568K), 0.0160728 secs] [Times: user=0.13 sys=0.00, real=0.02 secs] 
2020-09-29T17:48:06.404+0200: 60.299: [GC (Allocation Failure) [PSYoungGen: 630916K->43013K(640512K)] 669544K->81641K(2038784K), 0.0139400 secs] [Times: user=0.13 sys=0.00, real=0.01 secs] 
2020-09-29T17:48:06.468+0200: 60.363: [GC (Allocation Failure) [PSYoungGen: 625157K->50949K(633344K)] 663785K->89577K(2031616K), 0.0165046 secs] [Times: user=0.13 sys=0.00, real=0.02 secs] 
2020-09-29T17:48:06.534+0200: 60.429: [GC (Allocation Failure) [PSYoungGen: 633093K->45188K(637952K)] 671721K->83816K(2036224K), 0.0158930 secs] [Times: user=0.13 sys=0.00, real=0.02 secs] 
2020-09-29T17:48:06.601+0200: 60.496: [GC (Allocation Failure) [PSYoungGen: 622212K->34245K(637952K)] 660840K->72873K(2036224K), 0.0125092 secs] [Times: user=0.00 sys=0.00, real=0.01 secs] 
2020-09-29T17:48:06.664+0200: 60.559: [GC (Allocation Failure) [PSYoungGen: 611269K->37061K(640512K)] 649897K->75689K(2038784K), 0.0138178 secs] [Times: user=0.13 sys=0.00, real=0.01 secs] 
2020-09-29T17:48:06.728+0200: 60.623: [GC (Allocation Failure) [PSYoungGen: 617669K->42596K(638976K)] 656297K->81224K(2037248K), 0.0149435 secs] [Times: user=0.13 sys=0.00, real=0.02 secs] 
2020-09-29T17:48:06.793+0200: 60.688: [GC (Allocation Failure) [PSYoungGen: 623204K->35108K(642048K)] 661832K->73736K(2040320K), 0.0130132 secs] [Times: user=0.13 sys=0.00, real=0.01 secs] 
2020-09-29T17:48:06.856+0200: 60.752: [GC (Allocation Failure) [PSYoungGen: 619300K->45061K(641024K)] 657928K->83689K(2039296K), 0.0158816 secs] [Times: user=0.13 sys=0.00, real=0.02 secs] 
2020-09-29T17:48:06.923+0200: 60.818: [GC (Allocation Failure) [PSYoungGen: 629253K->55077K(634368K)] 667881K->93705K(2032640K), 0.0184955 secs] [Times: user=0.13 sys=0.00, real=0.02 secs] 
2020-09-29T17:48:06.991+0200: 60.886: [GC (Allocation Failure) [PSYoungGen: 632101K->44197K(637952K)] 670729K->82825K(2036224K), 0.0151196 secs] [Times: user=0.13 sys=0.00, real=0.02 secs] 
2020-09-29T17:48:07.056+0200: 60.951: [GC (Allocation Failure) [PSYoungGen: 621221K->33060K(638976K)] 659849K->71688K(2037248K), 0.0141419 secs] [Times: user=0.13 sys=0.00, real=0.01 secs] 
2020-09-29T17:48:07.119+0200: 61.014: [GC (Allocation Failure) [PSYoungGen: 611620K->37156K(638464K)] 650248K->75784K(2036736K), 0.0130174 secs] [Times: user=0.13 sys=0.00, real=0.01 secs] 
2020-09-29T17:48:07.182+0200: 61.077: [GC (Allocation Failure) [PSYoungGen: 615716K->41413K(641536K)] 654344K->80041K(2039808K), 0.0145400 secs] [Times: user=0.13 sys=0.00, real=0.01 secs] 
2020-09-29T17:48:07.246+0200: 61.141: [GC (Allocation Failure) [PSYoungGen: 624581K->21923K(605184K)] 663209K->60551K(2003456K), 0.0092000 secs] [Times: user=0.13 sys=0.00, real=0.01 secs] 
2020-09-29T17:48:07.305+0200: 61.200: [GC (Allocation Failure) [PSYoungGen: 605091K->30885K(641024K)] 643719K->69513K(2039296K), 0.0110244 secs] [Times: user=0.00 sys=0.00, real=0.01 secs] 
2020-09-29T17:48:07.368+0200: 61.263: [GC (Allocation Failure) [PSYoungGen: 613029K->38084K(640000K)] 651657K->76712K(2038272K), 0.0147559 secs] [Times: user=0.13 sys=0.00, real=0.01 secs] 
2020-09-29T17:48:07.433+0200: 61.328: [GC (Allocation Failure) [PSYoungGen: 620228K->45989K(640512K)] 658856K->84617K(2038784K), 0.0154183 secs] [Times: user=0.13 sys=0.00, real=0.01 secs] 
2020-09-29T17:48:07.498+0200: 61.393: [GC (Allocation Failure) [PSYoungGen: 630181K->42277K(641536K)] 668809K->80905K(2039808K), 0.0145870 secs] [Times: user=0.13 sys=0.00, real=0.02 secs] 
2020-09-29T17:48:07.563+0200: 61.459: [GC (Allocation Failure) [PSYoungGen: 626469K->38532K(643584K)] 665097K->77160K(2041856K), 0.0150286 secs] [Times: user=0.11 sys=0.00, real=0.02 secs] 
2020-09-29T17:48:07.630+0200: 61.526: [GC (Allocation Failure) [PSYoungGen: 625284K->37348K(642048K)] 663912K->75976K(2040320K), 0.0138645 secs] [Times: user=0.00 sys=0.00, real=0.01 secs] 
2020-09-29T17:48:07.695+0200: 61.590: [GC (Allocation Failure) [PSYoungGen: 624100K->49797K(640000K)] 662728K->88425K(2038272K), 0.0167414 secs] [Times: user=0.13 sys=0.00, real=0.02 secs] 
2020-09-29T17:48:07.765+0200: 61.661: [GC (Allocation Failure) [PSYoungGen: 636037K->34501K(642560K)] 674665K->73129K(2040832K), 0.0139085 secs] [Times: user=0.13 sys=0.00, real=0.01 secs] 
2020-09-29T17:48:07.832+0200: 61.727: [GC (Allocation Failure) [PSYoungGen: 620741K->44580K(643072K)] 659369K->83208K(2041344K), 0.0173011 secs] [Times: user=0.23 sys=0.00, real=0.02 secs] 
2020-09-29T17:48:07.903+0200: 61.798: [GC (Allocation Failure) [PSYoungGen: 631844K->42596K(643072K)] 670472K->81224K(2041344K), 0.0168366 secs] [Times: user=0.13 sys=0.00, real=0.02 secs] 
2020-09-29T17:48:07.971+0200: 61.866: [GC (Allocation Failure) [PSYoungGen: 629860K->28293K(642560K)] 668488K->66921K(2040832K), 0.0090935 secs] [Times: user=0.13 sys=0.00, real=0.01 secs] 
2020-09-29T17:48:08.031+0200: 61.927: [GC (Allocation Failure) [PSYoungGen: 615557K->55077K(642560K)] 654185K->93705K(2040832K), 0.0179380 secs] [Times: user=0.13 sys=0.00, real=0.02 secs] 
2020-09-29T17:48:08.100+0200: 61.996: [GC (Allocation Failure) [PSYoungGen: 642341K->26756K(634368K)] 680969K->65384K(2032640K), 0.0111524 secs] [Times: user=0.00 sys=0.00, real=0.01 secs] 
2020-09-29T17:48:08.161+0200: 62.056: [GC (Allocation Failure) [PSYoungGen: 604804K->29732K(638464K)] 643432K->68360K(2036736K), 0.0115117 secs] [Times: user=0.00 sys=0.00, real=0.01 secs] 
2020-09-29T17:48:08.222+0200: 62.117: [GC (Allocation Failure) [PSYoungGen: 607780K->47141K(635904K)] 646408K->85769K(2034176K), 0.0159775 secs] [Times: user=0.13 sys=0.00, real=0.02 secs] 
2020-09-29T17:48:08.287+0200: 62.183: [GC (Allocation Failure) [PSYoungGen: 623141K->48901K(625152K)] 661769K->87529K(2023424K), 0.0166491 secs] [Times: user=0.13 sys=0.00, real=0.02 secs] 
2020-09-29T17:48:08.353+0200: 62.249: [GC (Allocation Failure) [PSYoungGen: 624901K->36901K(637952K)] 663529K->75529K(2036224K), 0.0126720 secs] [Times: user=0.13 sys=0.00, real=0.01 secs] 
2020-09-29T17:48:08.416+0200: 62.311: [GC (Allocation Failure) [PSYoungGen: 612389K->23204K(636416K)] 651017K->61832K(2034688K), 0.0086818 secs] [Times: user=0.00 sys=0.00, real=0.01 secs] 
2020-09-29T17:48:08.473+0200: 62.369: [GC (Allocation Failure) [PSYoungGen: 598692K->38149K(639488K)] 637320K->76777K(2037760K), 0.0131979 secs] [Times: user=0.11 sys=0.00, real=0.01 secs] 
2020-09-29T17:48:08.536+0200: 62.431: [GC (Allocation Failure) [PSYoungGen: 615685K->41445K(636928K)] 654313K->80073K(2035200K), 0.0145526 secs] [Times: user=0.00 sys=0.00, real=0.02 secs] 
2020-09-29T17:48:08.601+0200: 62.497: [GC (Allocation Failure) [PSYoungGen: 618981K->29124K(640512K)] 657609K->67752K(2038784K), 0.0129536 secs] [Times: user=0.11 sys=0.00, real=0.01 secs] 
2020-09-29T17:48:08.665+0200: 62.561: [GC (Allocation Failure) [PSYoungGen: 611268K->36933K(640512K)] 649896K->75561K(2038784K), 0.0126960 secs] [Times: user=0.13 sys=0.00, real=0.01 secs] 
2020-09-29T17:48:08.728+0200: 62.623: [GC (Allocation Failure) [PSYoungGen: 619077K->14627K(638464K)] 657705K->53255K(2036736K), 0.0064150 secs] [Times: user=0.00 sys=0.00, real=0.01 secs] 
2020-09-29T17:48:08.783+0200: 62.679: [GC (Allocation Failure) [PSYoungGen: 596771K->15779K(598016K)] 635399K->54407K(1996288K), 0.0071788 secs] [Times: user=0.13 sys=0.00, real=0.01 secs] 
2020-09-29T17:48:08.840+0200: 62.736: [GC (Allocation Failure) [PSYoungGen: 597923K->22692K(640512K)] 636551K->61320K(2038784K), 0.0090000 secs] [Times: user=0.13 sys=0.00, real=0.01 secs] 
2020-09-29T17:48:08.900+0200: 62.795: [GC (Allocation Failure) [PSYoungGen: 603812K->29444K(639488K)] 642440K->68072K(2037760K), 0.0115834 secs] [Times: user=0.13 sys=0.00, real=0.01 secs] 
2020-09-29T17:48:08.960+0200: 62.856: [GC (Allocation Failure) [PSYoungGen: 610564K->35141K(643584K)] 649192K->73769K(2041856K), 0.0123423 secs] [Times: user=0.00 sys=0.00, real=0.01 secs] 
2020-09-29T17:48:09.023+0200: 62.919: [GC (Allocation Failure) [PSYoungGen: 622405K->48197K(635904K)] 661033K->86825K(2034176K), 0.0157760 secs] [Times: user=0.13 sys=0.00, real=0.02 secs] 
2020-09-29T17:48:09.089+0200: 62.985: [GC (Allocation Failure) [PSYoungGen: 635461K->33861K(642560K)] 674089K->72489K(2040832K), 0.0115378 secs] [Times: user=0.13 sys=0.00, real=0.01 secs] 
2020-09-29T17:48:09.152+0200: 63.048: [GC (Allocation Failure) [PSYoungGen: 617541K->28420K(640000K)] 656169K->67048K(2038272K), 0.0112216 secs] [Times: user=0.13 sys=0.00, real=0.01 secs] 
2020-09-29T17:48:09.214+0200: 63.109: [GC (Allocation Failure) [PSYoungGen: 612100K->37861K(644096K)] 650728K->76489K(2042368K), 0.0128224 secs] [Times: user=0.13 sys=0.00, real=0.01 secs] 
2020-09-29T17:48:09.276+0200: 63.172: [GC (Allocation Failure) [PSYoungGen: 627173K->25220K(644096K)] 665801K->63848K(2042368K), 0.0102212 secs] [Times: user=0.13 sys=0.00, real=0.01 secs] 
2020-09-29T17:48:09.337+0200: 63.233: [GC (Allocation Failure) [PSYoungGen: 614532K->40293K(643072K)] 653160K->78921K(2041344K), 0.0139953 secs] [Times: user=0.13 sys=0.00, real=0.01 secs] 
2020-09-29T17:48:09.402+0200: 63.297: [GC (Allocation Failure) [PSYoungGen: 629605K->41669K(631296K)] 668233K->80297K(2029568K), 0.0146641 secs] [Times: user=0.13 sys=0.00, real=0.01 secs] 
2020-09-29T17:48:09.468+0200: 63.364: [GC (Allocation Failure) [PSYoungGen: 630981K->29124K(644608K)] 669609K->67752K(2042880K), 0.0109923 secs] [Times: user=0.13 sys=0.00, real=0.01 secs] 
2020-09-29T17:48:09.529+0200: 63.425: [GC (Allocation Failure) [PSYoungGen: 618436K->44261K(633856K)] 657064K->82889K(2032128K), 0.0150483 secs] [Times: user=0.13 sys=0.00, real=0.02 secs] 
2020-09-29T17:48:09.596+0200: 63.492: [GC (Allocation Failure) [PSYoungGen: 633573K->45669K(639488K)] 672201K->84297K(2037760K), 0.0171367 secs] [Times: user=0.11 sys=0.00, real=0.02 secs] 
2020-09-29T17:48:09.665+0200: 63.560: [GC (Allocation Failure) [PSYoungGen: 628837K->40933K(641024K)] 667465K->79561K(2039296K), 0.0137648 secs] [Times: user=0.13 sys=0.00, real=0.01 secs] 
2020-09-29T17:48:09.728+0200: 63.624: [GC (Allocation Failure) [PSYoungGen: 624101K->34276K(643072K)] 662729K->72904K(2041344K), 0.0131349 secs] [Times: user=0.13 sys=0.00, real=0.01 secs] 
2020-09-29T17:48:09.792+0200: 63.687: [GC (Allocation Failure) [PSYoungGen: 619492K->44292K(641024K)] 658120K->82920K(2039296K), 0.0160194 secs] [Times: user=0.13 sys=0.00, real=0.02 secs] 
2020-09-29T17:48:09.858+0200: 63.754: [GC (Allocation Failure) [PSYoungGen: 629508K->41573K(642048K)] 668136K->80201K(2040320K), 0.0141907 secs] [Times: user=0.13 sys=0.00, real=0.01 secs] 
2020-09-29T17:48:09.923+0200: 63.819: [GC (Allocation Failure) [PSYoungGen: 626789K->24804K(642048K)] 665417K->63432K(2040320K), 0.0091634 secs] [Times: user=0.13 sys=0.00, real=0.01 secs] 
2020-09-29T17:48:09.986+0200: 63.882: [GC (Allocation Failure) [PSYoungGen: 610020K->49477K(635904K)] 648648K->88105K(2034176K), 0.0166897 secs] [Times: user=0.13 sys=0.00, real=0.02 secs] 
2020-09-29T17:48:10.052+0200: 63.948: [GC (Allocation Failure) [PSYoungGen: 628549K->40068K(638976K)] 667177K->78696K(2037248K), 0.0149136 secs] [Times: user=0.13 sys=0.00, real=0.01 secs] 
2020-09-29T17:48:10.116+0200: 64.012: [GC (Allocation Failure) [PSYoungGen: 619140K->28548K(641024K)] 657768K->67176K(2039296K), 0.0104393 secs] [Times: user=0.00 sys=0.00, real=0.01 secs] 
2020-09-29T17:48:10.178+0200: 64.073: [GC (Allocation Failure) [PSYoungGen: 611204K->36965K(640512K)] 649832K->75593K(2038784K), 0.0122479 secs] [Times: user=0.00 sys=0.00, real=0.01 secs] 
2020-09-29T17:48:10.240+0200: 64.135: [GC (Allocation Failure) [PSYoungGen: 619621K->31621K(644096K)] 658249K->70249K(2042368K), 0.0100821 secs] [Times: user=0.00 sys=0.00, real=0.01 secs] 
2020-09-29T17:48:10.301+0200: 64.196: [GC (Allocation Failure) [PSYoungGen: 619909K->28387K(643072K)] 658537K->67015K(2041344K), 0.0109768 secs] [Times: user=0.13 sys=0.00, real=0.01 secs] 
2020-09-29T17:48:10.363+0200: 64.259: [GC (Allocation Failure) [PSYoungGen: 616675K->28068K(645120K)] 655303K->66696K(2043392K), 0.0108140 secs] [Times: user=0.13 sys=0.00, real=0.01 secs] 
2020-09-29T17:48:10.426+0200: 64.322: [GC (Allocation Failure) [PSYoungGen: 618916K->30724K(644608K)] 657544K->69352K(2042880K), 0.0116462 secs] [Times: user=0.13 sys=0.00, real=0.01 secs] 
2020-09-29T17:48:10.488+0200: 64.383: [GC (Allocation Failure) [PSYoungGen: 621572K->47365K(640000K)] 660200K->85993K(2038272K), 0.0156941 secs] [Times: user=0.13 sys=0.00, real=0.02 secs] 
2020-09-29T17:48:10.554+0200: 64.449: [GC (Allocation Failure) [PSYoungGen: 634629K->33061K(643072K)] 673257K->71689K(2041344K), 0.0106589 secs] [Times: user=0.00 sys=0.00, real=0.01 secs] 
2020-09-29T17:48:10.616+0200: 64.512: [GC (Allocation Failure) [PSYoungGen: 620325K->17571K(642560K)] 658953K->56199K(2040832K), 0.0085387 secs] [Times: user=0.00 sys=0.00, real=0.01 secs] 
2020-09-29T17:48:10.676+0200: 64.572: [GC (Allocation Failure) [PSYoungGen: 605859K->29987K(643584K)] 644487K->68615K(2041856K), 0.0119577 secs] [Times: user=0.00 sys=0.00, real=0.01 secs] 
2020-09-29T17:48:10.739+0200: 64.634: [GC (Allocation Failure) [PSYoungGen: 618275K->44037K(641024K)] 656903K->82665K(2039296K), 0.0145670 secs] [Times: user=0.00 sys=0.00, real=0.01 secs] 
2020-09-29T17:48:10.804+0200: 64.699: [GC (Allocation Failure) [PSYoungGen: 631301K->43365K(630784K)] 669929K->81993K(2029056K), 0.0149839 secs] [Times: user=0.13 sys=0.00, real=0.02 secs] 
2020-09-29T17:48:10.869+0200: 64.764: [GC (Allocation Failure) [PSYoungGen: 630629K->27524K(642560K)] 669257K->66152K(2040832K), 0.0105316 secs] [Times: user=0.00 sys=0.00, real=0.01 secs] 
2020-09-29T17:48:10.930+0200: 64.825: [GC (Allocation Failure) [PSYoungGen: 613252K->22724K(642048K)] 651880K->61352K(2040320K), 0.0089137 secs] [Times: user=0.00 sys=0.00, real=0.01 secs] 
2020-09-29T17:48:10.989+0200: 64.885: [GC (Allocation Failure) [PSYoungGen: 608452K->33092K(645120K)] 647080K->71720K(2043392K), 0.0117761 secs] [Times: user=0.00 sys=0.00, real=0.01 secs] 
2020-09-29T17:48:11.051+0200: 64.947: [GC (Allocation Failure) [PSYoungGen: 622404K->47460K(636928K)] 661032K->86088K(2035200K), 0.0167035 secs] [Times: user=0.13 sys=0.00, real=0.02 secs] 
2020-09-29T17:48:11.119+0200: 65.014: [GC (Allocation Failure) [PSYoungGen: 636772K->48869K(635904K)] 675400K->87497K(2034176K), 0.0162089 secs] [Times: user=0.13 sys=0.00, real=0.02 secs] 
2020-09-29T17:48:11.185+0200: 65.081: [GC (Allocation Failure) [PSYoungGen: 627941K->25380K(638976K)] 666569K->64008K(2037248K), 0.0098337 secs] [Times: user=0.13 sys=0.00, real=0.01 secs] 
2020-09-29T17:48:11.244+0200: 65.140: [GC (Allocation Failure) [PSYoungGen: 604452K->43877K(637440K)] 643080K->82505K(2035712K), 0.0149334 secs] [Times: user=0.13 sys=0.00, real=0.02 secs] 
2020-09-29T17:48:11.309+0200: 65.205: [GC (Allocation Failure) [PSYoungGen: 621925K->31972K(638464K)] 660553K->70600K(2036736K), 0.0118204 secs] [Times: user=0.13 sys=0.00, real=0.01 secs] 
2020-09-29T17:48:11.370+0200: 65.266: [GC (Allocation Failure) [PSYoungGen: 610020K->20100K(640000K)] 648648K->58728K(2038272K), 0.0075316 secs] [Times: user=0.00 sys=0.00, real=0.01 secs] 
2020-09-29T17:48:11.433+0200: 65.329: [GC (Allocation Failure) [PSYoungGen: 601220K->26981K(640000K)] 639848K->65609K(2038272K), 0.0098056 secs] [Times: user=0.13 sys=0.00, real=0.01 secs] 
2020-09-29T17:48:11.492+0200: 65.388: [GC (Allocation Failure) [PSYoungGen: 608101K->33861K(643584K)] 646729K->72489K(2041856K), 0.0115968 secs] [Times: user=0.00 sys=0.00, real=0.01 secs] 
2020-09-29T17:48:11.554+0200: 65.450: [GC (Allocation Failure) [PSYoungGen: 619589K->31685K(641024K)] 658217K->70313K(2039296K), 0.0114674 secs] [Times: user=0.00 sys=0.00, real=0.01 secs] 
2020-09-29T17:48:11.617+0200: 65.513: [GC (Allocation Failure) [PSYoungGen: 617413K->43205K(642048K)] 656041K->81833K(2040320K), 0.0155772 secs] [Times: user=0.11 sys=0.00, real=0.02 secs] 
2020-09-29T17:48:11.683+0200: 65.579: [GC (Allocation Failure) [PSYoungGen: 631493K->43429K(631808K)] 670121K->82057K(2030080K), 0.0144044 secs] [Times: user=0.13 sys=0.00, real=0.01 secs] 
2020-09-29T17:48:11.747+0200: 65.643: [GC (Allocation Failure) [PSYoungGen: 631717K->27459K(643072K)] 670345K->66087K(2041344K), 0.0108940 secs] [Times: user=0.13 sys=0.00, real=0.01 secs] 
2020-09-29T17:48:11.809+0200: 65.704: [GC (Allocation Failure) [PSYoungGen: 613699K->53125K(639488K)] 652327K->91753K(2037760K), 0.0172905 secs] [Times: user=0.13 sys=0.00, real=0.02 secs] 
2020-09-29T17:48:11.876+0200: 65.772: [GC (Allocation Failure) [PSYoungGen: 639365K->24005K(637440K)] 677993K->62633K(2035712K), 0.0075091 secs] [Times: user=0.13 sys=0.00, real=0.01 secs] 
2020-09-29T17:48:11.933+0200: 65.829: [GC (Allocation Failure) [PSYoungGen: 602053K->13892K(592384K)] 640681K->52520K(1990656K), 0.0054979 secs] [Times: user=0.00 sys=0.00, real=0.01 secs] 
2020-09-29T17:48:11.988+0200: 65.884: [GC (Allocation Failure) [PSYoungGen: 591940K->31365K(640000K)] 630568K->69993K(2038272K), 0.0109105 secs] [Times: user=0.13 sys=0.00, real=0.01 secs] 
2020-09-29T17:48:12.049+0200: 65.944: [GC (Allocation Failure) [PSYoungGen: 609925K->35717K(637440K)] 648553K->74345K(2035712K), 0.0124933 secs] [Times: user=0.13 sys=0.00, real=0.01 secs] 
2020-09-29T17:48:12.111+0200: 66.006: [GC (Allocation Failure) [PSYoungGen: 614277K->26019K(642560K)] 652905K->64647K(2040832K), 0.0108239 secs] [Times: user=0.13 sys=0.00, real=0.01 secs] 
2020-09-29T17:48:12.172+0200: 66.067: [GC (Allocation Failure) [PSYoungGen: 611235K->36324K(641536K)] 649863K->74952K(2039808K), 0.0136701 secs] [Times: user=0.13 sys=0.00, real=0.01 secs] 
2020-09-29T17:48:12.236+0200: 66.132: [GC (Allocation Failure) [PSYoungGen: 621540K->19460K(643584K)] 660168K->58088K(2041856K), 0.0069886 secs] [Times: user=0.13 sys=0.00, real=0.01 secs] 
2020-09-29T17:48:12.294+0200: 66.190: [GC (Allocation Failure) [PSYoungGen: 607748K->47173K(635904K)] 646376K->85801K(2034176K), 0.0160416 secs] [Times: user=0.13 sys=0.00, real=0.02 secs] 
2020-09-29T17:48:12.360+0200: 66.256: [GC (Allocation Failure) [PSYoungGen: 635461K->47589K(634880K)] 674089K->86217K(2033152K), 0.0162665 secs] [Times: user=0.13 sys=0.00, real=0.02 secs] 
2020-09-29T17:48:12.428+0200: 66.324: [GC (Allocation Failure) [PSYoungGen: 623589K->35653K(637440K)] 662217K->74281K(2035712K), 0.0148485 secs] [Times: user=0.13 sys=0.00, real=0.02 secs] 
2020-09-29T17:48:12.494+0200: 66.390: [GC (Allocation Failure) [PSYoungGen: 611653K->37413K(641024K)] 650281K->76041K(2039296K), 0.0148900 secs] [Times: user=0.13 sys=0.00, real=0.02 secs] 
2020-09-29T17:48:12.562+0200: 66.457: [GC (Allocation Failure) [PSYoungGen: 619045K->30244K(639488K)] 657673K->68872K(2037760K), 0.0124456 secs] [Times: user=0.13 sys=0.00, real=0.01 secs] 
2020-09-29T17:48:12.628+0200: 66.524: [GC (Allocation Failure) [PSYoungGen: 611876K->37572K(643584K)] 650504K->76200K(2041856K), 0.0169318 secs] [Times: user=0.20 sys=0.00, real=0.02 secs] 
2020-09-29T17:48:12.698+0200: 66.593: [GC (Allocation Failure) [PSYoungGen: 624836K->36901K(642560K)] 663464K->75529K(2040832K), 0.0128805 secs] [Times: user=0.13 sys=0.00, real=0.01 secs] 
2020-09-29T17:48:12.761+0200: 66.657: [GC (Allocation Failure) [PSYoungGen: 624165K->35557K(646144K)] 662793K->74185K(2044416K), 0.0126018 secs] [Times: user=0.13 sys=0.00, real=0.01 secs] 
2020-09-29T17:48:12.824+0200: 66.720: [GC (Allocation Failure) [PSYoungGen: 627429K->39493K(644608K)] 666057K->78121K(2042880K), 0.0136318 secs] [Times: user=0.13 sys=0.00, real=0.01 secs] 
2020-09-29T17:48:12.888+0200: 66.784: [GC (Allocation Failure) [PSYoungGen: 631365K->43493K(644096K)] 669993K->82121K(2042368K), 0.0155141 secs] [Times: user=0.13 sys=0.00, real=0.02 secs] 
2020-09-29T17:48:12.956+0200: 66.852: [GC (Allocation Failure) [PSYoungGen: 634853K->32356K(645120K)] 673481K->70984K(2043392K), 0.0121323 secs] [Times: user=0.13 sys=0.00, real=0.01 secs] 
2020-09-29T17:48:13.020+0200: 66.916: [GC (Allocation Failure) [PSYoungGen: 623716K->20035K(644096K)] 662344K->58663K(2042368K), 0.0087434 secs] [Times: user=0.00 sys=0.00, real=0.01 secs] 
2020-09-29T17:48:13.079+0200: 66.975: [GC (Allocation Failure) [PSYoungGen: 611395K->37157K(645120K)] 650023K->75785K(2043392K), 0.0121375 secs] [Times: user=0.13 sys=0.00, real=0.01 secs] 
2020-09-29T17:48:13.142+0200: 67.038: [GC (Allocation Failure) [PSYoungGen: 628517K->52709K(634880K)] 667145K->92801K(2033152K), 0.0181665 secs] [Times: user=0.13 sys=0.00, real=0.02 secs] 
2020-09-29T17:48:13.210+0200: 67.106: [GC (Allocation Failure) [PSYoungGen: 634853K->34789K(640512K)] 674945K->74881K(2038784K), 0.0127119 secs] [Times: user=0.00 sys=0.01, real=0.01 secs] 
2020-09-29T17:48:13.273+0200: 67.169: [GC (Allocation Failure) [PSYoungGen: 616933K->26949K(642560K)] 657025K->67041K(2040832K), 0.0097071 secs] [Times: user=0.00 sys=0.00, real=0.01 secs] 
2020-09-29T17:48:13.333+0200: 67.229: [GC (Allocation Failure) [PSYoungGen: 613189K->24099K(642560K)] 653281K->64191K(2040832K), 0.0097628 secs] [Times: user=0.00 sys=0.00, real=0.01 secs] 
2020-09-29T17:48:13.394+0200: 67.289: [GC (Allocation Failure) [PSYoungGen: 610339K->49765K(635904K)] 650431K->89857K(2034176K), 0.0174757 secs] [Times: user=0.23 sys=0.00, real=0.02 secs] 
2020-09-29T17:48:13.461+0200: 67.356: [GC (Allocation Failure) [PSYoungGen: 629861K->28293K(639488K)] 669953K->68385K(2037760K), 0.0095320 secs] [Times: user=0.00 sys=0.00, real=0.01 secs] 
2020-09-29T17:48:13.523+0200: 67.419: [GC (Allocation Failure) [PSYoungGen: 608389K->34117K(642560K)] 648481K->74209K(2040832K), 0.0124494 secs] [Times: user=0.00 sys=0.00, real=0.01 secs] 
2020-09-29T17:48:13.586+0200: 67.482: [GC (Allocation Failure) [PSYoungGen: 618309K->30373K(640512K)] 658401K->70465K(2038784K), 0.0106669 secs] [Times: user=0.00 sys=0.00, real=0.01 secs] 
2020-09-29T17:48:13.649+0200: 67.545: [GC (Allocation Failure) [PSYoungGen: 614565K->39684K(644096K)] 654657K->79776K(2042368K), 0.0141966 secs] [Times: user=0.13 sys=0.00, real=0.01 secs] 
2020-09-29T17:48:13.713+0200: 67.609: [GC (Allocation Failure) [PSYoungGen: 628996K->23940K(644096K)] 669088K->64032K(2042368K), 0.0096865 secs] [Times: user=0.00 sys=0.02, real=0.01 secs] 
2020-09-29T17:48:13.773+0200: 67.669: [GC (Allocation Failure) [PSYoungGen: 613252K->39013K(644096K)] 653344K->79105K(2042368K), 0.0136320 secs] [Times: user=0.13 sys=0.00, real=0.01 secs] 
2020-09-29T17:48:13.837+0200: 67.733: [GC (Allocation Failure) [PSYoungGen: 628325K->26820K(644096K)] 668417K->66912K(2042368K), 0.0103929 secs] [Times: user=0.00 sys=0.00, real=0.01 secs] 
2020-09-29T17:48:13.899+0200: 67.794: [GC (Allocation Failure) [PSYoungGen: 616132K->41829K(643072K)] 656224K->81921K(2041344K), 0.0144567 secs] [Times: user=0.13 sys=0.00, real=0.01 secs] 
2020-09-29T17:48:13.963+0200: 67.859: [GC (Allocation Failure) [PSYoungGen: 631141K->42341K(631808K)] 671233K->82433K(2030080K), 0.0143686 secs] [Times: user=0.13 sys=0.00, real=0.01 secs] 
2020-09-29T17:48:14.029+0200: 67.925: [GC (Allocation Failure) [PSYoungGen: 631653K->43781K(641024K)] 671745K->83873K(2039296K), 0.0169260 secs] [Times: user=0.11 sys=0.00, real=0.02 secs] 
2020-09-29T17:48:14.097+0200: 67.993: [GC (Allocation Failure) [PSYoungGen: 628997K->26019K(642048K)] 669089K->66111K(2040320K), 0.0103212 secs] [Times: user=0.13 sys=0.00, real=0.01 secs] 
2020-09-29T17:48:14.158+0200: 68.054: [GC (Allocation Failure) [PSYoungGen: 611235K->37061K(643584K)] 651327K->77153K(2041856K), 0.0131147 secs] [Times: user=0.13 sys=0.00, real=0.01 secs] 
2020-09-29T17:48:14.221+0200: 68.117: [GC (Allocation Failure) [PSYoungGen: 623813K->34372K(642048K)] 663905K->74464K(2040320K), 0.0120294 secs] [Times: user=0.13 sys=0.00, real=0.01 secs] 
2020-09-29T17:48:14.285+0200: 68.181: [GC (Allocation Failure) [PSYoungGen: 621124K->18531K(643584K)] 661216K->58623K(2041856K), 0.0084281 secs] [Times: user=0.11 sys=0.00, real=0.01 secs] 
2020-09-29T17:48:14.348+0200: 68.244: [GC (Allocation Failure) [PSYoungGen: 608867K->47365K(637952K)] 648959K->87457K(2036224K), 0.0160342 secs] [Times: user=0.13 sys=0.00, real=0.02 secs] 
2020-09-29T17:48:14.415+0200: 68.311: [GC (Allocation Failure) [PSYoungGen: 637701K->47652K(636416K)] 677793K->87744K(2034688K), 0.0170130 secs] [Times: user=0.13 sys=0.00, real=0.02 secs] 
2020-09-29T17:48:14.481+0200: 68.377: [GC (Allocation Failure) [PSYoungGen: 626724K->38789K(638976K)] 666816K->78881K(2037248K), 0.0137817 secs] [Times: user=0.13 sys=0.00, real=0.01 secs] 
2020-09-29T17:48:14.545+0200: 68.441: [GC (Allocation Failure) [PSYoungGen: 617861K->29925K(641536K)] 657953K->70017K(2039808K), 0.0103158 secs] [Times: user=0.13 sys=0.00, real=0.01 secs] 
2020-09-29T17:48:14.606+0200: 68.502: [GC (Allocation Failure) [PSYoungGen: 613093K->37380K(640512K)] 653185K->77472K(2038784K), 0.0145847 secs] [Times: user=0.11 sys=0.00, real=0.02 secs] 
2020-09-29T17:48:14.672+0200: 68.567: [GC (Allocation Failure) [PSYoungGen: 620548K->29189K(643584K)] 660640K->69281K(2041856K), 0.0104646 secs] [Times: user=0.13 sys=0.00, real=0.01 secs] 
2020-09-29T17:48:14.732+0200: 68.628: [GC (Allocation Failure) [PSYoungGen: 616965K->42757K(643072K)] 657057K->82849K(2041344K), 0.0146646 secs] [Times: user=0.13 sys=0.00, real=0.01 secs] 
2020-09-29T17:48:14.798+0200: 68.694: [GC (Allocation Failure) [PSYoungGen: 630533K->28036K(643584K)] 670625K->68128K(2041856K), 0.0104885 secs] [Times: user=0.13 sys=0.00, real=0.01 secs] 
2020-09-29T17:48:14.859+0200: 68.755: [GC (Allocation Failure) [PSYoungGen: 615812K->41573K(643072K)] 655904K->81665K(2041344K), 0.0140180 secs] [Times: user=0.13 sys=0.00, real=0.01 secs] 
2020-09-29T17:48:14.923+0200: 68.819: [GC (Allocation Failure) [PSYoungGen: 629349K->40484K(643584K)] 669441K->80576K(2041856K), 0.0146416 secs] [Times: user=0.13 sys=0.00, real=0.01 secs] 
2020-09-29T17:48:14.989+0200: 68.885: [GC (Allocation Failure) [PSYoungGen: 628260K->40068K(643072K)] 668352K->80160K(2041344K), 0.0141494 secs] [Times: user=0.00 sys=0.00, real=0.01 secs] 
2020-09-29T17:48:15.053+0200: 68.949: [GC (Allocation Failure) [PSYoungGen: 626012K->22628K(643072K)] 666104K->62720K(2041344K), 0.0090193 secs] [Times: user=0.00 sys=0.00, real=0.01 secs] 
2020-09-29T17:48:15.111+0200: 69.007: [GC (Allocation Failure) [PSYoungGen: 610916K->36677K(643584K)] 651008K->76769K(2041856K), 0.0125355 secs] [Times: user=0.13 sys=0.00, real=0.01 secs] 
2020-09-29T17:48:15.175+0200: 69.071: [GC (Allocation Failure) [PSYoungGen: 624965K->34659K(646656K)] 665057K->74751K(2044928K), 0.0131279 secs] [Times: user=0.13 sys=0.00, real=0.01 secs] 
2020-09-29T17:48:15.238+0200: 69.134: [GC (Allocation Failure) [PSYoungGen: 627043K->25413K(644608K)] 667135K->65505K(2042880K), 0.0094341 secs] [Times: user=0.05 sys=0.00, real=0.01 secs] 
2020-09-29T17:48:15.299+0200: 69.195: [GC (Allocation Failure) [PSYoungGen: 617797K->29861K(647680K)] 657889K->69953K(2045952K), 0.0124281 secs] [Times: user=0.11 sys=0.00, real=0.01 secs] 
2020-09-29T17:48:15.364+0200: 69.260: [GC (Allocation Failure) [PSYoungGen: 625317K->22692K(646656K)] 665409K->62784K(2044928K), 0.0084596 secs] [Times: user=0.00 sys=0.00, real=0.01 secs] 
2020-09-29T17:48:15.427+0200: 69.322: [GC (Allocation Failure) [PSYoungGen: 618148K->43877K(643072K)] 658240K->83969K(2041344K), 0.0150932 secs] [Times: user=0.02 sys=0.00, real=0.01 secs] 
2020-09-29T17:48:15.493+0200: 69.389: [GC (Allocation Failure) [PSYoungGen: 635237K->33669K(645120K)] 675329K->73761K(2043392K), 0.0119865 secs] [Times: user=0.13 sys=0.00, real=0.01 secs] 
2020-09-29T17:48:15.555+0200: 69.451: [GC (Allocation Failure) [PSYoungGen: 625029K->36900K(647680K)] 665121K->76992K(2045952K), 0.0134322 secs] [Times: user=0.13 sys=0.00, real=0.01 secs] 
2020-09-29T17:48:15.622+0200: 69.518: [GC (Allocation Failure) [PSYoungGen: 632868K->31237K(647168K)] 672960K->71329K(2045440K), 0.0115941 secs] [Times: user=0.11 sys=0.00, real=0.01 secs] 
2020-09-29T17:48:15.685+0200: 69.581: [GC (Allocation Failure) [PSYoungGen: 627205K->50149K(638464K)] 667297K->92993K(2036736K), 0.0179778 secs] [Times: user=0.13 sys=0.00, real=0.02 secs] 
2020-09-29T17:48:15.753+0200: 69.649: [GC (Allocation Failure) [PSYoungGen: 638437K->25380K(643584K)] 681281K->68224K(2041856K), 0.0098454 secs] [Times: user=0.13 sys=0.00, real=0.01 secs] 
2020-09-29T17:48:15.815+0200: 69.711: [GC (Allocation Failure) [PSYoungGen: 613668K->39461K(644096K)] 656512K->82305K(2042368K), 0.0128357 secs] [Times: user=0.11 sys=0.00, real=0.01 secs] 
2020-09-29T17:48:15.883+0200: 69.779: [GC (Allocation Failure) [PSYoungGen: 628261K->26629K(643584K)] 671105K->69473K(2041856K), 0.0095018 secs] [Times: user=0.00 sys=0.00, real=0.01 secs] 
2020-09-29T17:48:15.948+0200: 69.844: [GC (Allocation Failure) [PSYoungGen: 615429K->26435K(645120K)] 658273K->69279K(2043392K), 0.0109813 secs] [Times: user=0.13 sys=0.00, real=0.01 secs] 
2020-09-29T17:48:16.015+0200: 69.911: [GC (Allocation Failure) [PSYoungGen: 617283K->43045K(634368K)] 660127K->85889K(2032640K), 0.0161816 secs] [Times: user=0.13 sys=0.00, real=0.02 secs] 
2020-09-29T17:48:16.087+0200: 69.983: [GC (Allocation Failure) [PSYoungGen: 633893K->32228K(645120K)] 676737K->75072K(2043392K), 0.0134732 secs] [Times: user=0.13 sys=0.00, real=0.01 secs] 
2020-09-29T17:48:16.155+0200: 70.051: [GC (Allocation Failure) [PSYoungGen: 622052K->33860K(643584K)] 664896K->76704K(2041856K), 0.0135633 secs] [Times: user=0.11 sys=0.00, real=0.01 secs] 
2020-09-29T17:48:16.223+0200: 70.119: [GC (Allocation Failure) [PSYoungGen: 623684K->35781K(648192K)] 666528K->78625K(2046464K), 0.0127749 secs] [Times: user=0.00 sys=0.00, real=0.01 secs] 
2020-09-29T17:48:16.291+0200: 70.187: [GC (Allocation Failure) [PSYoungGen: 632261K->30468K(647168K)] 675105K->73312K(2045440K), 0.0116171 secs] [Times: user=0.13 sys=0.00, real=0.01 secs] 
2020-09-29T17:48:16.359+0200: 70.255: [GC (Allocation Failure) [PSYoungGen: 626948K->49637K(637952K)] 669792K->95489K(2036224K), 0.0186922 secs] [Times: user=0.13 sys=0.00, real=0.02 secs] 
2020-09-29T17:48:16.433+0200: 70.329: [GC (Allocation Failure) [PSYoungGen: 637925K->39397K(643584K)] 683777K->85249K(2041856K), 0.0153975 secs] [Times: user=0.13 sys=0.00, real=0.02 secs] 
2020-09-29T17:48:16.504+0200: 70.400: [GC (Allocation Failure) [PSYoungGen: 627685K->39716K(645120K)] 673537K->85568K(2043392K), 0.0145461 secs] [Times: user=0.00 sys=0.00, real=0.01 secs] 
2020-09-29T17:48:16.574+0200: 70.469: [GC (Allocation Failure) [PSYoungGen: 630564K->40452K(644608K)] 676416K->86304K(2042880K), 0.0172340 secs] [Times: user=0.11 sys=0.00, real=0.02 secs] 
2020-09-29T17:48:16.647+0200: 70.542: [GC (Allocation Failure) [PSYoungGen: 631300K->27972K(645120K)] 677152K->73824K(2043392K), 0.0118887 secs] [Times: user=0.00 sys=0.00, real=0.01 secs] 
2020-09-29T17:48:16.714+0200: 70.609: [GC (Allocation Failure) [PSYoungGen: 619332K->31429K(645120K)] 665184K->77281K(2043392K), 0.0120954 secs] [Times: user=0.13 sys=0.00, real=0.01 secs] 
2020-09-29T17:48:16.782+0200: 70.677: [GC (Allocation Failure) [PSYoungGen: 622789K->20195K(644096K)] 668641K->66047K(2042368K), 0.0099352 secs] [Times: user=0.13 sys=0.00, real=0.01 secs] 
2020-09-29T17:48:16.850+0200: 70.745: [GC (Allocation Failure) [PSYoungGen: 611555K->37317K(645120K)] 657407K->83169K(2043392K), 0.0157503 secs] [Times: user=0.13 sys=0.00, real=0.02 secs] 
2020-09-29T17:48:16.922+0200: 70.817: [GC (Allocation Failure) [PSYoungGen: 628677K->40773K(645120K)] 674529K->86625K(2043392K), 0.0173601 secs] [Times: user=0.11 sys=0.00, real=0.02 secs] 
2020-09-29T17:48:16.997+0200: 70.892: [GC (Allocation Failure) [PSYoungGen: 633157K->29123K(645632K)] 679009K->74975K(2043904K), 0.0129778 secs] [Times: user=0.11 sys=0.00, real=0.01 secs] 
2020-09-29T17:48:17.066+0200: 70.961: [GC (Allocation Failure) [PSYoungGen: 621507K->33573K(647680K)] 667359K->79425K(2045952K), 0.0115768 secs] [Times: user=0.11 sys=0.00, real=0.01 secs] 
2020-09-29T17:48:17.132+0200: 71.028: [GC (Allocation Failure) [PSYoungGen: 628517K->25892K(646144K)] 674369K->71744K(2044416K), 0.0098445 secs] [Times: user=0.00 sys=0.00, real=0.01 secs] 
2020-09-29T17:48:17.197+0200: 71.093: [GC (Allocation Failure) [PSYoungGen: 620836K->32644K(649728K)] 666688K->78496K(2048000K), 0.0125054 secs] [Times: user=0.13 sys=0.00, real=0.01 secs] 
2020-09-29T17:48:17.265+0200: 71.160: [GC (Allocation Failure) [PSYoungGen: 631684K->27524K(648192K)] 677536K->73376K(2046464K), 0.0125217 secs] [Times: user=0.11 sys=0.00, real=0.01 secs] 
2020-09-29T17:48:17.334+0200: 71.229: [GC (Allocation Failure) [PSYoungGen: 626564K->22243K(649216K)] 672416K->68095K(2047488K), 0.0122658 secs] [Times: user=0.00 sys=0.00, real=0.01 secs] 
2020-09-29T17:48:17.400+0200: 71.296: [GC (Allocation Failure) [PSYoungGen: 622819K->48677K(649728K)] 668671K->94529K(2048000K), 0.0210294 secs] [Times: user=0.13 sys=0.00, real=0.02 secs] 
2020-09-29T17:48:17.477+0200: 71.373: [GC (Allocation Failure) [PSYoungGen: 649253K->33925K(644608K)] 695105K->79777K(2042880K), 0.0151618 secs] [Times: user=0.13 sys=0.00, real=0.02 secs] 
2020-09-29T17:48:17.550+0200: 71.446: [GC (Allocation Failure) [PSYoungGen: 629381K->40164K(635904K)] 675233K->86016K(2034176K), 0.0187247 secs] [Times: user=0.22 sys=0.00, real=0.02 secs] 
2020-09-29T17:48:17.624+0200: 71.519: [GC (Allocation Failure) [PSYoungGen: 635620K->34053K(648192K)] 681472K->79905K(2046464K), 0.0162186 secs] [Times: user=0.11 sys=0.00, real=0.02 secs] 
2020-09-29T17:48:17.695+0200: 71.591: [GC (Allocation Failure) [PSYoungGen: 630021K->42085K(646656K)] 675873K->87937K(2044928K), 0.0190724 secs] [Times: user=0.13 sys=0.00, real=0.02 secs] 
2020-09-29T17:48:17.769+0200: 71.664: [GC (Allocation Failure) [PSYoungGen: 638053K->50117K(638976K)] 683905K->95969K(2037248K), 0.0227020 secs] [Times: user=0.22 sys=0.00, real=0.02 secs] 
2020-09-29T17:48:17.845+0200: 71.741: [GC (Allocation Failure) [PSYoungGen: 637381K->35621K(643072K)] 683233K->81473K(2041344K), 0.0159265 secs] [Times: user=0.13 sys=0.00, real=0.02 secs] 
2020-09-29T17:48:17.914+0200: 71.810: [GC (Allocation Failure) [PSYoungGen: 622885K->21284K(643584K)] 668737K->67136K(2041856K), 0.0095843 secs] [Times: user=0.00 sys=0.00, real=0.01 secs] 
2020-09-29T17:48:17.980+0200: 71.876: [GC (Allocation Failure) [PSYoungGen: 610596K->50021K(639488K)] 656448K->95873K(2037760K), 0.0211806 secs] [Times: user=0.13 sys=0.00, real=0.02 secs] 
2020-09-29T17:48:18.056+0200: 71.952: [GC (Allocation Failure) [PSYoungGen: 639333K->36676K(642560K)] 685185K->82528K(2040832K), 0.0175126 secs] [Times: user=0.13 sys=0.00, real=0.02 secs] 
2020-09-29T17:48:18.130+0200: 72.026: [GC (Allocation Failure) [PSYoungGen: 620868K->46661K(640512K)] 666720K->92513K(2038784K), 0.0211545 secs] [Times: user=0.13 sys=0.00, real=0.02 secs] 
2020-09-29T17:48:18.204+0200: 72.100: [GC (Allocation Failure) [PSYoungGen: 630853K->28036K(641024K)] 676705K->73888K(2039296K), 0.0126034 secs] [Times: user=0.13 sys=0.00, real=0.01 secs] 
2020-09-29T17:48:18.269+0200: 72.165: [GC (Allocation Failure) [PSYoungGen: 610692K->50053K(632832K)] 656544K->95905K(2031104K), 0.0211709 secs] [Times: user=0.14 sys=0.00, real=0.02 secs] 
2020-09-29T17:48:18.344+0200: 72.240: [GC (Allocation Failure) [PSYoungGen: 632709K->29059K(638976K)] 678561K->74911K(2037248K), 0.0149243 secs] [Times: user=0.11 sys=0.00, real=0.01 secs] 
2020-09-29T17:48:18.411+0200: 72.307: [GC (Allocation Failure) [PSYoungGen: 607107K->31428K(637952K)] 652959K->77280K(2036224K), 0.0154925 secs] [Times: user=0.11 sys=0.00, real=0.02 secs] 
2020-09-29T17:48:18.479+0200: 72.375: [GC (Allocation Failure) [PSYoungGen: 609476K->34756K(642048K)] 655328K->80608K(2040320K), 0.0163023 secs] [Times: user=0.13 sys=0.00, real=0.02 secs] 
2020-09-29T17:48:18.548+0200: 72.444: [GC (Allocation Failure) [PSYoungGen: 618436K->30276K(640512K)] 664288K->76128K(2038784K), 0.0146315 secs] [Times: user=0.11 sys=0.00, real=0.01 secs] 
2020-09-29T17:48:18.618+0200: 72.514: [GC (Allocation Failure) [PSYoungGen: 613956K->39781K(643584K)] 659808K->85633K(2041856K), 0.0190299 secs] [Times: user=0.11 sys=0.00, real=0.02 secs] 
2020-09-29T17:48:18.691+0200: 72.587: [GC (Allocation Failure) [PSYoungGen: 627557K->39332K(643072K)] 673409K->85184K(2041344K), 0.0185299 secs] [Times: user=0.24 sys=0.00, real=0.02 secs] 
2020-09-29T17:48:18.763+0200: 72.659: [GC (Allocation Failure) [PSYoungGen: 627108K->39173K(645120K)] 672960K->85025K(2043392K), 0.0181710 secs] [Times: user=0.11 sys=0.00, real=0.02 secs] 
2020-09-29T17:48:18.835+0200: 72.731: [GC (Allocation Failure) [PSYoungGen: 629509K->26596K(644096K)] 675361K->72448K(2042368K), 0.0136374 secs] [Times: user=0.11 sys=0.00, real=0.01 secs] 
2020-09-29T17:48:18.903+0200: 72.799: [GC (Allocation Failure) [PSYoungGen: 616932K->28964K(645632K)] 662784K->74816K(2043904K), 0.0134286 secs] [Times: user=0.13 sys=0.00, real=0.01 secs] 
2020-09-29T17:48:18.971+0200: 72.867: [GC (Allocation Failure) [PSYoungGen: 620836K->46597K(638976K)] 666688K->92449K(2037248K), 0.0193455 secs] [Times: user=0.25 sys=0.00, real=0.02 secs] 
2020-09-29T17:48:19.046+0200: 72.942: [GC (Allocation Failure) [PSYoungGen: 638469K->36132K(645120K)] 684321K->81984K(2043392K), 0.0170710 secs] [Times: user=0.13 sys=0.00, real=0.02 secs] 
2020-09-29T17:48:19.116+0200: 73.012: [GC (Allocation Failure) [PSYoungGen: 625444K->37509K(643072K)] 671296K->83361K(2041344K), 0.0166706 secs] [Times: user=0.13 sys=0.00, real=0.02 secs] 
2020-09-29T17:48:19.187+0200: 73.083: [GC (Allocation Failure) [PSYoungGen: 626821K->36835K(647680K)] 672673K->82687K(2045952K), 0.0187461 secs] [Times: user=0.11 sys=0.00, real=0.02 secs] 
2020-09-29T17:48:19.260+0200: 73.156: [GC (Allocation Failure) [PSYoungGen: 631779K->43845K(646144K)] 677631K->89697K(2044416K), 0.0200788 secs] [Times: user=0.11 sys=0.00, real=0.02 secs] 
2020-09-29T17:48:19.334+0200: 73.230: [GC (Allocation Failure) [PSYoungGen: 638789K->23461K(644608K)] 684641K->69313K(2042880K), 0.0093121 secs] [Times: user=0.00 sys=0.00, real=0.01 secs] 
2020-09-29T17:48:19.399+0200: 73.295: [GC (Allocation Failure) [PSYoungGen: 615845K->41444K(633856K)] 661697K->87296K(2032128K), 0.0192210 secs] [Times: user=0.11 sys=0.00, real=0.02 secs] 
2020-09-29T17:48:19.474+0200: 73.369: [GC (Allocation Failure) [PSYoungGen: 633828K->31716K(646144K)] 679680K->77568K(2044416K), 0.0170185 secs] [Times: user=0.11 sys=0.00, real=0.02 secs] 
2020-09-29T17:48:19.544+0200: 73.440: [GC (Allocation Failure) [PSYoungGen: 624100K->35012K(645120K)] 669952K->80864K(2043392K), 0.0158344 secs] [Times: user=0.13 sys=0.00, real=0.02 secs] 
2020-09-29T17:48:19.616+0200: 73.511: [GC (Allocation Failure) [PSYoungGen: 627396K->39429K(647680K)] 673248K->85281K(2045952K), 0.0201471 secs] [Times: user=0.09 sys=0.00, real=0.02 secs] 
2020-09-29T17:48:19.691+0200: 73.586: [GC (Allocation Failure) [PSYoungGen: 635909K->34373K(647680K)] 681761K->80225K(2045952K), 0.0165191 secs] [Times: user=0.13 sys=0.00, real=0.02 secs] 
2020-09-29T17:48:19.762+0200: 73.657: [GC (Allocation Failure) [PSYoungGen: 630853K->42917K(646144K)] 676705K->88769K(2044416K), 0.0183903 secs] [Times: user=0.13 sys=0.00, real=0.02 secs] 
2020-09-29T17:48:19.834+0200: 73.730: [GC (Allocation Failure) [PSYoungGen: 639397K->37829K(647680K)] 685249K->83681K(2045952K), 0.0167971 secs] [Times: user=0.13 sys=0.00, real=0.02 secs] 
2020-09-29T17:48:19.911+0200: 73.807: [GC (Allocation Failure) [PSYoungGen: 634309K->32709K(649216K)] 680161K->78561K(2047488K), 0.0157862 secs] [Times: user=0.11 sys=0.00, real=0.02 secs] 
2020-09-29T17:48:19.982+0200: 73.877: [GC (Allocation Failure) [PSYoungGen: 631749K->30181K(648704K)] 677601K->76033K(2046976K), 0.0131272 secs] [Times: user=0.13 sys=0.00, real=0.01 secs] 
2020-09-29T17:48:20.050+0200: 73.945: [GC (Allocation Failure) [PSYoungGen: 629221K->41285K(647680K)] 675073K->87137K(2045952K), 0.0179124 secs] [Times: user=0.14 sys=0.00, real=0.02 secs] 
2020-09-29T17:48:20.122+0200: 74.017: [GC (Allocation Failure) [PSYoungGen: 639813K->38245K(648704K)] 685665K->84097K(2046976K), 0.0186400 secs] [Times: user=0.11 sys=0.00, real=0.02 secs] 
2020-09-29T17:48:20.194+0200: 74.089: [GC (Allocation Failure) [PSYoungGen: 636773K->35205K(650752K)] 682625K->81057K(2049024K), 0.0147141 secs] [Times: user=0.13 sys=0.00, real=0.02 secs] 
2020-09-29T17:48:20.264+0200: 74.160: [GC (Allocation Failure) [PSYoungGen: 636805K->48101K(649728K)] 682657K->94673K(2048000K), 0.0229252 secs] [Times: user=0.22 sys=0.00, real=0.02 secs] 
2020-09-29T17:48:20.341+0200: 74.237: [GC (Allocation Failure) [PSYoungGen: 649701K->33924K(645632K)] 696273K->80496K(2043904K), 0.0159728 secs] [Times: user=0.13 sys=0.00, real=0.02 secs] 
2020-09-29T17:48:20.411+0200: 74.307: [GC (Allocation Failure) [PSYoungGen: 630404K->27365K(647680K)] 676976K->73937K(2045952K), 0.0132941 secs] [Times: user=0.00 sys=0.00, real=0.01 secs] 
2020-09-29T17:48:20.481+0200: 74.376: [GC (Allocation Failure) [PSYoungGen: 623845K->34436K(648704K)] 670417K->81008K(2046976K), 0.0163248 secs] [Times: user=0.13 sys=0.00, real=0.02 secs] 
2020-09-29T17:48:20.552+0200: 74.447: [GC (Allocation Failure) [PSYoungGen: 631940K->29284K(647680K)] 678512K->75856K(2045952K), 0.0152855 secs] [Times: user=0.13 sys=0.00, real=0.01 secs] 
2020-09-29T17:48:20.624+0200: 74.519: [GC (Allocation Failure) [PSYoungGen: 626788K->38948K(649216K)] 673360K->85520K(2047488K), 0.0192648 secs] [Times: user=0.11 sys=0.00, real=0.02 secs] 
2020-09-29T17:48:20.696+0200: 74.592: [GC (Allocation Failure) [PSYoungGen: 638500K->23236K(623104K)] 685072K->69808K(2021376K), 0.0117948 secs] [Times: user=0.11 sys=0.00, real=0.01 secs] 
2020-09-29T17:48:20.767+0200: 74.662: [GC (Allocation Failure) [PSYoungGen: 622788K->21059K(647168K)] 669360K->67631K(2045440K), 0.0109387 secs] [Times: user=0.11 sys=0.00, real=0.01 secs] 
2020-09-29T17:48:20.831+0200: 74.727: [GC (Allocation Failure) [PSYoungGen: 617539K->13442K(610304K)] 664111K->60014K(2008576K), 0.0084427 secs] [Times: user=0.09 sys=0.00, real=0.01 secs] 
2020-09-29T17:48:20.895+0200: 74.791: [GC (Allocation Failure) [PSYoungGen: 609922K->35684K(646656K)] 656494K->82256K(2044928K), 0.0176405 secs] [Times: user=0.14 sys=0.00, real=0.02 secs] 
2020-09-29T17:48:20.975+0200: 74.871: [GC (Allocation Failure) [PSYoungGen: 629604K->41668K(635904K)] 676176K->88240K(2034176K), 0.0211862 secs] [Times: user=0.11 sys=0.00, real=0.02 secs] 
2020-09-29T17:48:21.051+0200: 74.946: [GC (Allocation Failure) [PSYoungGen: 635588K->34020K(646656K)] 682160K->80592K(2044928K), 0.0180357 secs] [Times: user=0.20 sys=0.00, real=0.02 secs] 
2020-09-29T17:48:21.121+0200: 75.016: [GC (Allocation Failure) [PSYoungGen: 626404K->24836K(644608K)] 672976K->71408K(2042880K), 0.0120899 secs] [Times: user=0.13 sys=0.00, real=0.01 secs] 
2020-09-29T17:48:21.188+0200: 75.083: [GC (Allocation Failure) [PSYoungGen: 617220K->42980K(643072K)] 663792K->89552K(2041344K), 0.0197656 secs] [Times: user=0.11 sys=0.00, real=0.02 secs] 
2020-09-29T17:48:21.259+0200: 75.155: [GC (Allocation Failure) [PSYoungGen: 634340K->18691K(610304K)] 680912K->65263K(2008576K), 0.0096284 secs] [Times: user=0.00 sys=0.00, real=0.01 secs] 
2020-09-29T17:48:21.323+0200: 75.218: [GC (Allocation Failure) [PSYoungGen: 610051K->35876K(645120K)] 656623K->82448K(2043392K), 0.0180388 secs] [Times: user=0.11 sys=0.00, real=0.02 secs] 
2020-09-29T17:48:21.396+0200: 75.292: [GC (Allocation Failure) [PSYoungGen: 626724K->38788K(644608K)] 673296K->85360K(2042880K), 0.0195996 secs] [Times: user=0.11 sys=0.00, real=0.02 secs] 
2020-09-29T17:48:21.469+0200: 75.365: [GC (Allocation Failure) [PSYoungGen: 629636K->26211K(645632K)] 676208K->72783K(2043904K), 0.0148610 secs] [Times: user=0.09 sys=0.00, real=0.01 secs] 
2020-09-29T17:48:21.539+0200: 75.435: [GC (Allocation Failure) [PSYoungGen: 618083K->13891K(606208K)] 664655K->60463K(2004480K), 0.0079123 secs] [Times: user=0.00 sys=0.00, real=0.01 secs] 
2020-09-29T17:48:21.603+0200: 75.498: [GC (Allocation Failure) [PSYoungGen: 605763K->30531K(647168K)] 652335K->77103K(2045440K), 0.0170152 secs] [Times: user=0.11 sys=0.00, real=0.02 secs] 
2020-09-29T17:48:21.675+0200: 75.571: [GC (Allocation Failure) [PSYoungGen: 623427K->19811K(644608K)] 669999K->66383K(2042880K), 0.0100961 secs] [Times: user=0.11 sys=0.00, real=0.01 secs] 
2020-09-29T17:48:21.737+0200: 75.633: [GC (Allocation Failure) [PSYoungGen: 612707K->22019K(648192K)] 659279K->68591K(2046464K), 0.0114235 secs] [Times: user=0.13 sys=0.00, real=0.01 secs] 
2020-09-29T17:48:21.800+0200: 75.695: [GC (Allocation Failure) [PSYoungGen: 619011K->15971K(647680K)] 665583K->62543K(2045952K), 0.0088238 secs] [Times: user=0.11 sys=0.00, real=0.01 secs] 
2020-09-29T17:48:21.859+0200: 75.755: [GC (Allocation Failure) [PSYoungGen: 612963K->7905K(647168K)] 659535K->54477K(2045440K), 0.0064406 secs] [Times: user=0.13 sys=0.00, real=0.01 secs] 
2020-09-29T17:48:21.914+0200: 75.810: [GC (Allocation Failure) [PSYoungGen: 604385K->15426K(647680K)] 650957K->61998K(2045952K), 0.0091829 secs] [Times: user=0.00 sys=0.00, real=0.01 secs] 
2020-09-29T17:48:21.985+0200: 75.880: [GC (Allocation Failure) [PSYoungGen: 611906K->6817K(648192K)] 658478K->53389K(2046464K), 0.0056911 secs] [Times: user=0.13 sys=0.00, real=0.01 secs] 
2020-09-29T17:48:22.051+0200: 75.947: [GC (Allocation Failure) [PSYoungGen: 604321K->16418K(648192K)] 650893K->62990K(2046464K), 0.0103457 secs] [Times: user=0.01 sys=0.00, real=0.01 secs] 
2020-09-29T17:48:22.123+0200: 76.019: [GC (Allocation Failure) [PSYoungGen: 613922K->12098K(650752K)] 660494K->58670K(2049024K), 0.0075179 secs] [Times: user=0.13 sys=0.00, real=0.01 secs] 
2020-09-29T17:48:22.193+0200: 76.088: [GC (Allocation Failure) [PSYoungGen: 613698K->12002K(649728K)] 660270K->58574K(2048000K), 0.0077304 secs] [Times: user=0.00 sys=0.00, real=0.01 secs] 
2020-09-29T17:48:22.262+0200: 76.158: [GC (Allocation Failure) [PSYoungGen: 613602K->25602K(652288K)] 660174K->72174K(2050560K), 0.0141533 secs] [Times: user=0.13 sys=0.00, real=0.01 secs] 
2020-09-29T17:48:22.338+0200: 76.233: [GC (Allocation Failure) [PSYoungGen: 630786K->64K(651776K)] 677358K->46636K(2050048K), 0.0006980 secs] [Times: user=0.00 sys=0.00, real=0.00 secs] 
2020-09-29T17:48:22.409+0200: 76.304: [GC (Allocation Failure) [PSYoungGen: 605248K->17378K(654336K)] 651820K->63950K(2052608K), 0.0110226 secs] [Times: user=0.13 sys=0.00, real=0.01 secs] 
2020-09-29T17:48:22.494+0200: 76.389: [GC (Allocation Failure) [PSYoungGen: 624610K->9025K(651776K)] 671182K->55597K(2050048K), 0.0080757 secs] [Times: user=0.00 sys=0.00, real=0.01 secs] 
2020-09-29T17:48:22.569+0200: 76.464: [GC (Allocation Failure) [PSYoungGen: 616257K->14626K(657408K)] 662829K->61198K(2055680K), 0.0107056 secs] [Times: user=0.00 sys=0.00, real=0.01 secs] 
2020-09-29T17:48:22.651+0200: 76.546: [GC (Allocation Failure) [PSYoungGen: 628514K->13346K(655360K)] 675086K->59918K(2053632K), 0.0096989 secs] [Times: user=0.01 sys=0.00, real=0.01 secs] 
2020-09-29T17:48:22.739+0200: 76.634: [GC (Allocation Failure) [PSYoungGen: 627234K->8833K(659968K)] 673806K->55405K(2058240K), 0.0076773 secs] [Times: user=0.00 sys=0.00, real=0.01 secs] 
2020-09-29T17:48:22.826+0200: 76.722: [GC (Allocation Failure) [PSYoungGen: 628865K->13666K(658944K)] 675437K->60238K(2057216K), 0.0092621 secs] [Times: user=0.13 sys=0.00, real=0.01 secs] 
2020-09-29T17:48:22.904+0200: 76.799: [GC (Allocation Failure) [PSYoungGen: 633698K->2945K(660992K)] 680270K->49517K(2059264K), 0.0039292 secs] [Times: user=0.00 sys=0.00, real=0.00 secs] 
2020-09-29T17:48:22.980+0200: 76.875: [GC (Allocation Failure) [PSYoungGen: 627073K->10369K(661504K)] 673645K->56941K(2059776K), 0.0086633 secs] [Times: user=0.00 sys=0.00, real=0.01 secs] 
2020-09-29T17:48:23.063+0200: 76.959: [GC (Allocation Failure) [PSYoungGen: 634497K->19298K(663552K)] 681069K->65870K(2061824K), 0.0114687 secs] [Times: user=0.13 sys=0.00, real=0.01 secs] 
2020-09-29T17:48:23.147+0200: 77.042: [GC (Allocation Failure) [PSYoungGen: 647010K->18050K(663040K)] 693582K->64622K(2061312K), 0.0112469 secs] [Times: user=0.00 sys=0.00, real=0.01 secs] 
2020-09-29T17:48:23.234+0200: 77.129: [GC (Allocation Failure) [PSYoungGen: 645184K->32K(663040K)] 691756K->46604K(2061312K), 0.0010871 secs] [Times: user=0.00 sys=0.00, real=0.00 secs] 
Heap
 PSYoungGen      total 663040K, used 77182K [0x00000000d5580000, 0x0000000100000000, 0x0000000100000000)
  eden space 628224K, 12% used [0x00000000d5580000,0x00000000da0d7988,0x00000000fbb00000)
  from space 34816K, 0% used [0x00000000fde00000,0x00000000fde08000,0x0000000100000000)
  to   space 35328K, 0% used [0x00000000fbb00000,0x00000000fbb00000,0x00000000fdd80000)
 ParOldGen       total 1398272K, used 46572K [0x0000000080000000, 0x00000000d5580000, 0x00000000d5580000)
  object space 1398272K, 3% used [0x0000000080000000,0x0000000082d7b060,0x00000000d5580000)
 Metaspace       used 2594K, capacity 4486K, committed 4864K, reserved 1056768K
  class space    used 285K, capacity 386K, committed 512K, reserved 1048576K
