Java HotSpot(TM) 64-Bit Server VM (25.261-b12) for windows-amd64 JRE (1.8.0_261-b12), built on Jun 18 2020 06:56:32 by "" with unknown MS VC++:1916
Memory: 4k page, physical 16659684k(9651712k free), swap 23213284k(9136920k free)
CommandLine flags: -XX:InitialHeapSize=2147483648 -XX:MaxHeapSize=2147483648 -XX:+PrintGC -XX:+PrintGCDateStamps -XX:+PrintGCDetails -XX:+PrintGCTimeStamps -XX:+UseCompressedClassPointers -XX:+UseCompressedOops -XX:-UseLargePagesIndividualAllocation -XX:+UseParallelGC 
2020-09-29T17:38:08.205+0200: 0.234: [GC (Allocation Failure) [PSYoungGen: 524800K->36629K(611840K)] 524800K->36637K(2010112K), 0.0190424 secs] [Times: user=0.08 sys=0.03, real=0.02 secs] 
2020-09-29T17:38:08.271+0200: 0.300: [GC (Allocation Failure) [PSYoungGen: 561429K->41829K(611840K)] 561437K->41837K(2010112K), 0.0251796 secs] [Times: user=0.08 sys=0.03, real=0.03 secs] 
2020-09-29T17:38:08.342+0200: 0.371: [GC (Allocation Failure) [PSYoungGen: 566629K->32101K(611840K)] 566637K->32109K(2010112K), 0.0113661 secs] [Times: user=0.13 sys=0.00, real=0.01 secs] 
2020-09-29T17:38:08.398+0200: 0.427: [GC (Allocation Failure) [PSYoungGen: 556901K->23412K(611840K)] 556909K->23420K(2010112K), 0.0088411 secs] [Times: user=0.00 sys=0.00, real=0.01 secs] 
2020-09-29T17:38:08.452+0200: 0.481: [GC (Allocation Failure) [PSYoungGen: 548212K->42373K(611840K)] 548220K->42381K(2010112K), 0.0148703 secs] [Times: user=0.13 sys=0.00, real=0.02 secs] 
2020-09-29T17:38:08.512+0200: 0.542: [GC (Allocation Failure) [PSYoungGen: 567173K->47316K(639488K)] 567181K->47324K(2037760K), 0.0221962 secs] [Times: user=0.09 sys=0.03, real=0.02 secs] 
2020-09-29T17:38:08.589+0200: 0.618: [GC (Allocation Failure) [PSYoungGen: 636628K->34277K(644096K)] 636636K->34693K(2042368K), 0.0163206 secs] [Times: user=0.09 sys=0.02, real=0.02 secs] 
2020-09-29T17:38:08.657+0200: 0.687: [GC (Allocation Failure) [PSYoungGen: 623589K->35685K(647680K)] 624005K->36101K(2045952K), 0.0114413 secs] [Times: user=0.13 sys=0.00, real=0.01 secs] 
2020-09-29T17:38:08.722+0200: 0.751: [GC (Allocation Failure) [PSYoungGen: 630629K->42789K(646144K)] 631045K->43205K(2044416K), 0.0150113 secs] [Times: user=0.13 sys=0.00, real=0.02 secs] 
2020-09-29T17:38:08.789+0200: 0.819: [GC (Allocation Failure) [PSYoungGen: 637733K->36101K(648192K)] 638149K->36517K(2046464K), 0.0125508 secs] [Times: user=0.13 sys=0.00, real=0.01 secs] 
2020-09-29T17:38:08.858+0200: 0.887: [GC (Allocation Failure) [PSYoungGen: 632069K->15523K(611840K)] 632485K->15939K(2010112K), 0.0062997 secs] [Times: user=0.13 sys=0.00, real=0.01 secs] 
2020-09-29T17:38:08.923+0200: 0.952: [GC (Allocation Failure) [PSYoungGen: 611491K->21765K(644608K)] 611907K->22181K(2042880K), 0.0080100 secs] [Times: user=0.13 sys=0.00, real=0.01 secs] 
2020-09-29T17:38:08.993+0200: 1.022: [GC (Allocation Failure) [PSYoungGen: 613125K->38917K(645120K)] 613541K->39333K(2043392K), 0.0136793 secs] [Times: user=0.13 sys=0.00, real=0.01 secs] 
2020-09-29T17:38:09.057+0200: 1.087: [GC (Allocation Failure) [PSYoungGen: 630277K->41957K(643072K)] 630693K->42373K(2041344K), 0.0147807 secs] [Times: user=0.13 sys=0.00, real=0.02 secs] 
2020-09-29T17:38:09.124+0200: 1.153: [GC (Allocation Failure) [PSYoungGen: 631269K->43333K(632832K)] 631685K->43749K(2031104K), 0.0140620 secs] [Times: user=0.13 sys=0.00, real=0.01 secs] 
2020-09-29T17:38:09.189+0200: 1.218: [GC (Allocation Failure) [PSYoungGen: 632645K->44837K(640000K)] 633061K->45253K(2038272K), 0.0148241 secs] [Times: user=0.13 sys=0.00, real=0.02 secs] 
2020-09-29T17:38:09.258+0200: 1.287: [GC (Allocation Failure) [PSYoungGen: 629029K->41125K(641536K)] 629445K->41541K(2039808K), 0.0141490 secs] [Times: user=0.13 sys=0.00, real=0.01 secs] 
2020-09-29T17:38:09.323+0200: 1.353: [GC (Allocation Failure) [PSYoungGen: 625317K->23684K(642048K)] 625733K->24100K(2040320K), 0.0104049 secs] [Times: user=0.11 sys=0.00, real=0.01 secs] 
2020-09-29T17:38:09.385+0200: 1.415: [GC (Allocation Failure) [PSYoungGen: 608900K->18916K(604160K)] 609316K->19332K(2002432K), 0.0071899 secs] [Times: user=0.00 sys=0.00, real=0.01 secs] 
2020-09-29T17:38:09.443+0200: 1.472: [GC (Allocation Failure) [PSYoungGen: 604132K->27620K(642048K)] 604548K->28036K(2040320K), 0.0108371 secs] [Times: user=0.00 sys=0.00, real=0.01 secs] 
2020-09-29T17:38:09.503+0200: 1.532: [GC (Allocation Failure) [PSYoungGen: 611812K->23780K(641024K)] 612228K->24196K(2039296K), 0.0085553 secs] [Times: user=0.13 sys=0.00, real=0.01 secs] 
2020-09-29T17:38:09.565+0200: 1.594: [GC (Allocation Failure) [PSYoungGen: 607972K->31076K(645120K)] 608388K->31492K(2043392K), 0.0137357 secs] [Times: user=0.09 sys=0.00, real=0.01 secs] 
2020-09-29T17:38:09.630+0200: 1.660: [GC (Allocation Failure) [PSYoungGen: 620388K->46181K(635904K)] 620804K->46597K(2034176K), 0.0151612 secs] [Times: user=0.13 sys=0.00, real=0.02 secs] 
2020-09-29T17:38:09.696+0200: 1.725: [GC (Allocation Failure) [PSYoungGen: 635493K->33668K(644096K)] 635909K->34084K(2042368K), 0.0126174 secs] [Times: user=0.13 sys=0.00, real=0.01 secs] 
2020-09-29T17:38:09.763+0200: 1.792: [GC (Allocation Failure) [PSYoungGen: 620932K->17316K(642048K)] 621348K->17732K(2040320K), 0.0068326 secs] [Times: user=0.09 sys=0.02, real=0.01 secs] 
2020-09-29T17:38:09.829+0200: 1.858: [GC (Allocation Failure) [PSYoungGen: 604580K->44069K(639488K)] 604996K->44485K(2037760K), 0.0148961 secs] [Times: user=0.13 sys=0.00, real=0.02 secs] 
2020-09-29T17:38:09.894+0200: 1.923: [GC (Allocation Failure) [PSYoungGen: 628261K->38724K(641536K)] 628677K->39140K(2039808K), 0.0137302 secs] [Times: user=0.13 sys=0.00, real=0.01 secs] 
2020-09-29T17:38:09.959+0200: 1.988: [GC (Allocation Failure) [PSYoungGen: 622916K->16612K(640512K)] 623332K->17028K(2038784K), 0.0066832 secs] [Times: user=0.00 sys=0.00, real=0.01 secs] 
2020-09-29T17:38:10.016+0200: 2.045: [GC (Allocation Failure) [PSYoungGen: 599780K->52933K(636416K)] 600196K->53349K(2034688K), 0.0174683 secs] [Times: user=0.13 sys=0.00, real=0.02 secs] 
2020-09-29T17:38:10.083+0200: 2.113: [GC (Allocation Failure) [PSYoungGen: 636101K->18532K(636416K)] 636517K->18948K(2034688K), 0.0073698 secs] [Times: user=0.00 sys=0.00, real=0.01 secs] 
2020-09-29T17:38:10.141+0200: 2.170: [GC (Allocation Failure) [PSYoungGen: 592484K->31909K(636416K)] 592900K->32325K(2034688K), 0.0108482 secs] [Times: user=0.13 sys=0.00, real=0.01 secs] 
2020-09-29T17:38:10.210+0200: 2.239: [GC (Allocation Failure) [PSYoungGen: 605861K->31108K(641536K)] 606277K->31524K(2039808K), 0.0125992 secs] [Times: user=0.00 sys=0.00, real=0.01 secs] 
2020-09-29T17:38:10.275+0200: 2.304: [GC (Allocation Failure) [PSYoungGen: 612740K->38469K(638976K)] 613156K->38885K(2037248K), 0.0129391 secs] [Times: user=0.13 sys=0.00, real=0.01 secs] 
2020-09-29T17:38:10.338+0200: 2.368: [GC (Allocation Failure) [PSYoungGen: 620101K->32133K(644096K)] 620517K->32549K(2042368K), 0.0112095 secs] [Times: user=0.13 sys=0.00, real=0.01 secs] 
2020-09-29T17:38:10.401+0200: 2.430: [GC (Allocation Failure) [PSYoungGen: 618885K->30981K(641536K)] 619301K->31397K(2039808K), 0.0109486 secs] [Times: user=0.13 sys=0.00, real=0.01 secs] 
2020-09-29T17:38:10.462+0200: 2.492: [GC (Allocation Failure) [PSYoungGen: 617733K->26787K(646656K)] 618149K->27203K(2044928K), 0.0105294 secs] [Times: user=0.00 sys=0.00, real=0.01 secs] 
2020-09-29T17:38:10.525+0200: 2.554: [GC (Allocation Failure) [PSYoungGen: 620126K->16291K(645632K)] 620542K->16707K(2043904K), 0.0072710 secs] [Times: user=0.00 sys=0.00, real=0.01 secs] 
2020-09-29T17:38:10.585+0200: 2.614: [GC (Allocation Failure) [PSYoungGen: 609699K->35461K(646656K)] 610115K->35877K(2044928K), 0.0130401 secs] [Times: user=0.00 sys=0.00, real=0.01 secs] 
2020-09-29T17:38:10.652+0200: 2.681: [GC (Allocation Failure) [PSYoungGen: 629381K->27141K(646144K)] 629797K->27557K(2044416K), 0.0090892 secs] [Times: user=0.00 sys=0.02, real=0.01 secs] 
2020-09-29T17:38:10.711+0200: 2.741: [GC (Allocation Failure) [PSYoungGen: 621061K->33125K(649216K)] 621477K->33541K(2047488K), 0.0123716 secs] [Times: user=0.13 sys=0.00, real=0.01 secs] 
2020-09-29T17:38:10.777+0200: 2.807: [GC (Allocation Failure) [PSYoungGen: 631141K->43301K(641536K)] 631557K->43717K(2039808K), 0.0159459 secs] [Times: user=0.13 sys=0.00, real=0.02 secs] 
2020-09-29T17:38:10.848+0200: 2.877: [GC (Allocation Failure) [PSYoungGen: 641317K->25060K(647168K)] 641733K->25476K(2045440K), 0.0116644 secs] [Times: user=0.00 sys=0.00, real=0.01 secs] 
2020-09-29T17:38:10.915+0200: 2.944: [GC (Allocation Failure) [PSYoungGen: 619492K->45317K(640000K)] 619908K->45733K(2038272K), 0.0168077 secs] [Times: user=0.13 sys=0.00, real=0.02 secs] 
2020-09-29T17:38:10.984+0200: 3.013: [GC (Allocation Failure) [PSYoungGen: 639749K->21155K(644096K)] 640165K->21571K(2042368K), 0.0086677 secs] [Times: user=0.13 sys=0.00, real=0.01 secs] 
2020-09-29T17:38:11.044+0200: 3.073: [GC (Allocation Failure) [PSYoungGen: 610467K->36229K(644096K)] 610883K->36645K(2042368K), 0.0127777 secs] [Times: user=0.13 sys=0.00, real=0.01 secs] 
2020-09-29T17:38:11.108+0200: 3.137: [GC (Allocation Failure) [PSYoungGen: 625541K->36804K(645120K)] 625957K->37220K(2043392K), 0.0132367 secs] [Times: user=0.13 sys=0.00, real=0.01 secs] 
2020-09-29T17:38:11.172+0200: 3.201: [GC (Allocation Failure) [PSYoungGen: 627652K->23940K(644608K)] 628068K->24356K(2042880K), 0.0094024 secs] [Times: user=0.13 sys=0.00, real=0.01 secs] 
2020-09-29T17:38:11.232+0200: 3.262: [GC (Allocation Failure) [PSYoungGen: 614788K->53221K(633344K)] 615204K->54517K(2031616K), 0.0189685 secs] [Times: user=0.13 sys=0.00, real=0.02 secs] 
2020-09-29T17:38:11.301+0200: 3.331: [GC (Allocation Failure) [PSYoungGen: 633317K->18723K(639488K)] 634613K->20019K(2037760K), 0.0082193 secs] [Times: user=0.13 sys=0.00, real=0.01 secs] 
2020-09-29T17:38:11.359+0200: 3.389: [GC (Allocation Failure) [PSYoungGen: 598819K->52005K(630272K)] 600115K->53301K(2028544K), 0.0174525 secs] [Times: user=0.13 sys=0.00, real=0.02 secs] 
2020-09-29T17:38:11.427+0200: 3.456: [GC (Allocation Failure) [PSYoungGen: 622885K->48549K(619520K)] 624181K->49845K(2017792K), 0.0170717 secs] [Times: user=0.13 sys=0.00, real=0.02 secs] 
2020-09-29T17:38:11.493+0200: 3.523: [GC (Allocation Failure) [PSYoungGen: 619429K->29539K(634368K)] 620725K->30835K(2032640K), 0.0110537 secs] [Times: user=0.00 sys=0.00, real=0.01 secs] 
2020-09-29T17:38:11.553+0200: 3.583: [GC (Allocation Failure) [PSYoungGen: 597859K->36228K(632832K)] 599155K->37524K(2031104K), 0.0133811 secs] [Times: user=0.01 sys=0.02, real=0.01 secs] 
2020-09-29T17:38:11.619+0200: 3.648: [GC (Allocation Failure) [PSYoungGen: 604548K->43973K(635904K)] 605844K->45269K(2034176K), 0.0161108 secs] [Times: user=0.11 sys=0.00, real=0.02 secs] 
2020-09-29T17:38:11.686+0200: 3.716: [GC (Allocation Failure) [PSYoungGen: 617925K->43717K(636416K)] 619221K->45013K(2034688K), 0.0150142 secs] [Times: user=0.13 sys=0.00, real=0.01 secs] 
2020-09-29T17:38:11.750+0200: 3.780: [GC (Allocation Failure) [PSYoungGen: 617669K->43429K(636416K)] 618965K->44725K(2034688K), 0.0153183 secs] [Times: user=0.13 sys=0.00, real=0.02 secs] 
2020-09-29T17:38:11.818+0200: 3.847: [GC (Allocation Failure) [PSYoungGen: 617381K->43205K(636416K)] 618677K->44501K(2034688K), 0.0152717 secs] [Times: user=0.13 sys=0.00, real=0.01 secs] 
2020-09-29T17:38:11.884+0200: 3.914: [GC (Allocation Failure) [PSYoungGen: 617157K->28132K(637440K)] 618453K->29428K(2035712K), 0.0108625 secs] [Times: user=0.13 sys=0.00, real=0.01 secs] 
2020-09-29T17:38:11.946+0200: 3.976: [GC (Allocation Failure) [PSYoungGen: 603620K->43077K(636928K)] 604916K->44373K(2035200K), 0.0142147 secs] [Times: user=0.13 sys=0.00, real=0.01 secs] 
2020-09-29T17:38:12.014+0200: 4.044: [GC (Allocation Failure) [PSYoungGen: 618565K->29156K(638464K)] 619861K->30452K(2036736K), 0.0109112 secs] [Times: user=0.13 sys=0.00, real=0.01 secs] 
2020-09-29T17:38:12.076+0200: 4.105: [GC (Allocation Failure) [PSYoungGen: 606180K->31877K(637440K)] 607476K->33173K(2035712K), 0.0126864 secs] [Times: user=0.11 sys=0.00, real=0.01 secs] 
2020-09-29T17:38:12.144+0200: 4.174: [GC (Allocation Failure) [PSYoungGen: 608901K->34532K(642048K)] 610197K->35828K(2040320K), 0.0128994 secs] [Times: user=0.13 sys=0.00, real=0.01 secs] 
2020-09-29T17:38:12.209+0200: 4.239: [GC (Allocation Failure) [PSYoungGen: 617700K->43493K(640000K)] 618996K->44789K(2038272K), 0.0143326 secs] [Times: user=0.13 sys=0.00, real=0.01 secs] 
2020-09-29T17:38:12.275+0200: 4.305: [GC (Allocation Failure) [PSYoungGen: 626661K->36547K(643072K)] 627957K->37843K(2041344K), 0.0136941 secs] [Times: user=0.13 sys=0.00, real=0.01 secs] 
2020-09-29T17:38:12.341+0200: 4.370: [GC (Allocation Failure) [PSYoungGen: 621763K->33637K(641024K)] 623059K->34933K(2039296K), 0.0123941 secs] [Times: user=0.13 sys=0.00, real=0.01 secs] 
2020-09-29T17:38:12.407+0200: 4.436: [GC (Allocation Failure) [PSYoungGen: 618853K->44613K(641536K)] 620149K->45909K(2039808K), 0.0153611 secs] [Times: user=0.13 sys=0.00, real=0.01 secs] 
2020-09-29T17:38:12.474+0200: 4.503: [GC (Allocation Failure) [PSYoungGen: 631877K->44005K(631296K)] 633173K->45301K(2029568K), 0.0148068 secs] [Times: user=0.00 sys=0.00, real=0.01 secs] 
2020-09-29T17:38:12.540+0200: 4.569: [GC (Allocation Failure) [PSYoungGen: 631269K->43365K(642560K)] 632565K->44661K(2040832K), 0.0149513 secs] [Times: user=0.13 sys=0.00, real=0.02 secs] 
2020-09-29T17:38:12.606+0200: 4.636: [GC (Allocation Failure) [PSYoungGen: 629605K->26691K(613376K)] 630901K->27987K(2011648K), 0.0110791 secs] [Times: user=0.11 sys=0.00, real=0.01 secs] 
2020-09-29T17:38:12.669+0200: 4.699: [GC (Allocation Failure) [PSYoungGen: 612931K->52261K(634880K)] 614227K->53557K(2033152K), 0.0171970 secs] [Times: user=0.13 sys=0.00, real=0.02 secs] 
2020-09-29T17:38:12.736+0200: 4.765: [GC (Allocation Failure) [PSYoungGen: 630309K->27237K(638464K)] 631605K->28533K(2036736K), 0.0108459 secs] [Times: user=0.13 sys=0.00, real=0.01 secs] 
2020-09-29T17:38:12.797+0200: 4.827: [GC (Allocation Failure) [PSYoungGen: 605285K->31045K(640000K)] 606581K->32341K(2038272K), 0.0107634 secs] [Times: user=0.13 sys=0.00, real=0.01 secs] 
2020-09-29T17:38:12.859+0200: 4.888: [GC (Allocation Failure) [PSYoungGen: 611141K->23140K(638976K)] 612437K->24436K(2037248K), 0.0085416 secs] [Times: user=0.13 sys=0.00, real=0.01 secs] 
2020-09-29T17:38:12.922+0200: 4.952: [GC (Allocation Failure) [PSYoungGen: 603236K->11364K(636416K)] 604532K->12660K(2034688K), 0.0042382 secs] [Times: user=0.13 sys=0.00, real=0.01 secs] 
2020-09-29T17:38:12.978+0200: 5.007: [GC (Allocation Failure) [PSYoungGen: 588388K->25413K(637952K)] 589684K->26709K(2036224K), 0.0093262 secs] [Times: user=0.00 sys=0.00, real=0.01 secs] 
2020-09-29T17:38:13.039+0200: 5.068: [GC (Allocation Failure) [PSYoungGen: 602437K->41861K(637440K)] 603733K->43157K(2035712K), 0.0140082 secs] [Times: user=0.13 sys=0.00, real=0.01 secs] 
2020-09-29T17:38:13.104+0200: 5.134: [GC (Allocation Failure) [PSYoungGen: 619909K->31684K(638464K)] 621205K->32980K(2036736K), 0.0117902 secs] [Times: user=0.13 sys=0.00, real=0.01 secs] 
2020-09-29T17:38:13.166+0200: 5.195: [GC (Allocation Failure) [PSYoungGen: 609732K->34532K(643072K)] 611028K->35828K(2041344K), 0.0126722 secs] [Times: user=0.13 sys=0.00, real=0.01 secs] 
2020-09-29T17:38:13.229+0200: 5.258: [GC (Allocation Failure) [PSYoungGen: 619748K->31588K(641024K)] 621044K->32884K(2039296K), 0.0122469 secs] [Times: user=0.13 sys=0.00, real=0.01 secs] 
2020-09-29T17:38:13.292+0200: 5.321: [GC (Allocation Failure) [PSYoungGen: 616804K->28805K(646144K)] 618100K->30101K(2044416K), 0.0111068 secs] [Times: user=0.13 sys=0.00, real=0.01 secs] 
2020-09-29T17:38:13.356+0200: 5.385: [GC (Allocation Failure) [PSYoungGen: 620677K->14626K(644608K)] 621973K->15922K(2042880K), 0.0073801 secs] [Times: user=0.00 sys=0.00, real=0.01 secs] 
2020-09-29T17:38:13.421+0200: 5.450: [GC (Allocation Failure) [PSYoungGen: 606498K->30917K(647168K)] 607794K->32213K(2045440K), 0.0111209 secs] [Times: user=0.13 sys=0.00, real=0.01 secs] 
2020-09-29T17:38:13.483+0200: 5.513: [GC (Allocation Failure) [PSYoungGen: 624325K->50053K(643584K)] 625621K->51349K(2041856K), 0.0180082 secs] [Times: user=0.13 sys=0.00, real=0.02 secs] 
2020-09-29T17:38:13.552+0200: 5.582: [GC (Allocation Failure) [PSYoungGen: 643461K->41957K(638464K)] 644757K->43253K(2036736K), 0.0142313 secs] [Times: user=0.00 sys=0.00, real=0.01 secs] 
2020-09-29T17:38:13.619+0200: 5.649: [GC (Allocation Failure) [PSYoungGen: 625125K->37189K(641024K)] 626421K->38485K(2039296K), 0.0134565 secs] [Times: user=0.11 sys=0.00, real=0.01 secs] 
2020-09-29T17:38:13.689+0200: 5.718: [GC (Allocation Failure) [PSYoungGen: 620357K->44389K(638464K)] 621653K->45685K(2036736K), 0.0151262 secs] [Times: user=0.13 sys=0.00, real=0.02 secs] 
2020-09-29T17:38:13.759+0200: 5.789: [GC (Allocation Failure) [PSYoungGen: 626533K->23748K(640512K)] 627829K->25044K(2038784K), 0.0095883 secs] [Times: user=0.00 sys=0.00, real=0.01 secs] 
2020-09-29T17:38:13.821+0200: 5.851: [GC (Allocation Failure) [PSYoungGen: 605892K->45349K(636928K)] 607188K->46645K(2035200K), 0.0149799 secs] [Times: user=0.13 sys=0.00, real=0.01 secs] 
2020-09-29T17:38:13.887+0200: 5.916: [GC (Allocation Failure) [PSYoungGen: 624421K->35748K(638976K)] 625717K->37044K(2037248K), 0.0132455 secs] [Times: user=0.13 sys=0.00, real=0.01 secs] 
2020-09-29T17:38:13.949+0200: 5.979: [GC (Allocation Failure) [PSYoungGen: 614820K->24356K(641536K)] 616116K->25652K(2039808K), 0.0085792 secs] [Times: user=0.02 sys=0.00, real=0.01 secs] 
2020-09-29T17:38:14.012+0200: 6.042: [GC (Allocation Failure) [PSYoungGen: 608548K->32323K(641536K)] 609844K->33619K(2039808K), 0.0123347 secs] [Times: user=0.13 sys=0.00, real=0.01 secs] 
2020-09-29T17:38:14.075+0200: 6.105: [GC (Allocation Failure) [PSYoungGen: 616515K->26980K(644608K)] 617811K->28276K(2042880K), 0.0119666 secs] [Times: user=0.11 sys=0.00, real=0.01 secs] 
2020-09-29T17:38:14.139+0200: 6.168: [GC (Allocation Failure) [PSYoungGen: 616292K->28196K(643584K)] 617588K->29492K(2041856K), 0.0099541 secs] [Times: user=0.13 sys=0.00, real=0.01 secs] 
2020-09-29T17:38:14.205+0200: 6.235: [GC (Allocation Failure) [PSYoungGen: 617508K->43269K(642560K)] 618804K->44565K(2040832K), 0.0176342 secs] [Times: user=0.11 sys=0.00, real=0.02 secs] 
2020-09-29T17:38:14.280+0200: 6.309: [GC (Allocation Failure) [PSYoungGen: 632581K->44164K(633856K)] 633877K->45460K(2032128K), 0.0188750 secs] [Times: user=0.11 sys=0.00, real=0.02 secs] 
2020-09-29T17:38:14.354+0200: 6.384: [GC (Allocation Failure) [PSYoungGen: 633476K->30339K(643584K)] 634772K->31635K(2041856K), 0.0146991 secs] [Times: user=0.11 sys=0.00, real=0.01 secs] 
2020-09-29T17:38:14.425+0200: 6.455: [GC (Allocation Failure) [PSYoungGen: 617091K->42821K(642048K)] 618387K->44117K(2040320K), 0.0165004 secs] [Times: user=0.20 sys=0.02, real=0.02 secs] 
2020-09-29T17:38:14.498+0200: 6.528: [GC (Allocation Failure) [PSYoungGen: 629573K->27012K(643072K)] 630869K->28308K(2041344K), 0.0113025 secs] [Times: user=0.13 sys=0.00, real=0.01 secs] 
2020-09-29T17:38:14.574+0200: 6.604: [GC (Allocation Failure) [PSYoungGen: 613764K->24356K(642560K)] 615060K->25652K(2040832K), 0.0127840 secs] [Times: user=0.11 sys=0.00, real=0.01 secs] 
2020-09-29T17:38:14.647+0200: 6.677: [GC (Allocation Failure) [PSYoungGen: 611108K->36901K(644608K)] 612404K->38197K(2042880K), 0.0165664 secs] [Times: user=0.11 sys=0.00, real=0.02 secs] 
2020-09-29T17:38:14.721+0200: 6.751: [GC (Allocation Failure) [PSYoungGen: 626213K->38245K(643584K)] 627509K->39541K(2041856K), 0.0149422 secs] [Times: user=0.11 sys=0.00, real=0.02 secs] 
2020-09-29T17:38:14.793+0200: 6.822: [GC (Allocation Failure) [PSYoungGen: 627557K->39621K(644096K)] 628853K->40917K(2042368K), 0.0172168 secs] [Times: user=0.11 sys=0.00, real=0.02 secs] 
2020-09-29T17:38:14.868+0200: 6.898: [GC (Allocation Failure) [PSYoungGen: 629957K->25923K(644608K)] 631253K->27219K(2042880K), 0.0139039 secs] [Times: user=0.13 sys=0.00, real=0.01 secs] 
2020-09-29T17:38:14.943+0200: 6.972: [GC (Allocation Failure) [PSYoungGen: 616259K->40356K(644096K)] 617555K->41652K(2042368K), 0.0160735 secs] [Times: user=0.13 sys=0.00, real=0.02 secs] 
2020-09-29T17:38:15.011+0200: 7.041: [GC (Allocation Failure) [PSYoungGen: 630692K->42757K(633344K)] 631988K->44053K(2031616K), 0.0149517 secs] [Times: user=0.13 sys=0.00, real=0.02 secs] 
2020-09-29T17:38:15.077+0200: 7.106: [GC (Allocation Failure) [PSYoungGen: 633093K->31557K(645120K)] 634389K->32853K(2043392K), 0.0127401 secs] [Times: user=0.13 sys=0.00, real=0.01 secs] 
2020-09-29T17:38:15.141+0200: 7.170: [GC (Allocation Failure) [PSYoungGen: 621381K->32549K(643584K)] 622677K->33845K(2041856K), 0.0113022 secs] [Times: user=0.09 sys=0.00, real=0.01 secs] 
2020-09-29T17:38:15.202+0200: 7.231: [GC (Allocation Failure) [PSYoungGen: 622373K->30244K(647680K)] 623669K->31540K(2045952K), 0.0113685 secs] [Times: user=0.13 sys=0.00, real=0.01 secs] 
2020-09-29T17:38:15.265+0200: 7.294: [GC (Allocation Failure) [PSYoungGen: 625700K->23781K(646656K)] 626996K->25077K(2044928K), 0.0081493 secs] [Times: user=0.13 sys=0.00, real=0.01 secs] 
2020-09-29T17:38:15.327+0200: 7.356: [GC (Allocation Failure) [PSYoungGen: 619237K->44997K(642048K)] 620533K->46293K(2040320K), 0.0145091 secs] [Times: user=0.13 sys=0.00, real=0.01 secs] 
2020-09-29T17:38:15.393+0200: 7.422: [GC (Allocation Failure) [PSYoungGen: 635333K->32516K(644608K)] 636629K->33812K(2042880K), 0.0118826 secs] [Times: user=0.13 sys=0.00, real=0.01 secs] 
2020-09-29T17:38:15.456+0200: 7.486: [GC (Allocation Failure) [PSYoungGen: 622852K->48645K(639488K)] 624148K->49941K(2037760K), 0.0162805 secs] [Times: user=0.13 sys=0.00, real=0.02 secs] 
2020-09-29T17:38:15.525+0200: 7.554: [GC (Allocation Failure) [PSYoungGen: 635909K->34308K(643072K)] 637205K->35604K(2041344K), 0.0127027 secs] [Times: user=0.13 sys=0.00, real=0.01 secs] 
2020-09-29T17:38:15.590+0200: 7.619: [GC (Allocation Failure) [PSYoungGen: 621572K->46692K(640512K)] 622868K->47988K(2038784K), 0.0184017 secs] [Times: user=0.11 sys=0.00, real=0.02 secs] 
2020-09-29T17:38:15.660+0200: 7.689: [GC (Allocation Failure) [PSYoungGen: 632932K->45029K(631296K)] 634228K->46325K(2029568K), 0.0154436 secs] [Times: user=0.11 sys=0.00, real=0.01 secs] 
2020-09-29T17:38:15.726+0200: 7.755: [GC (Allocation Failure) [PSYoungGen: 631269K->29541K(642048K)] 632565K->30837K(2040320K), 0.0102075 secs] [Times: user=0.00 sys=0.00, real=0.01 secs] 
2020-09-29T17:38:15.792+0200: 7.821: [GC (Allocation Failure) [PSYoungGen: 613733K->39461K(641024K)] 615029K->40757K(2039296K), 0.0142898 secs] [Times: user=0.13 sys=0.00, real=0.01 secs] 
2020-09-29T17:38:15.861+0200: 7.890: [GC (Allocation Failure) [PSYoungGen: 623653K->35043K(644608K)] 624949K->36339K(2042880K), 0.0136890 secs] [Times: user=0.13 sys=0.00, real=0.01 secs] 
2020-09-29T17:38:15.929+0200: 7.959: [GC (Allocation Failure) [PSYoungGen: 623843K->35812K(643072K)] 625139K->37108K(2041344K), 0.0137158 secs] [Times: user=0.13 sys=0.00, real=0.01 secs] 
2020-09-29T17:38:15.998+0200: 8.028: [GC (Allocation Failure) [PSYoungGen: 624612K->20099K(643072K)] 625908K->21395K(2041344K), 0.0091418 secs] [Times: user=0.11 sys=0.00, real=0.01 secs] 
2020-09-29T17:38:16.063+0200: 8.092: [GC (Allocation Failure) [PSYoungGen: 610435K->36197K(644608K)] 611731K->37493K(2042880K), 0.0122216 secs] [Times: user=0.13 sys=0.00, real=0.01 secs] 
2020-09-29T17:38:16.131+0200: 8.160: [GC (Allocation Failure) [PSYoungGen: 626533K->35780K(647680K)] 627829K->37076K(2045952K), 0.0142240 secs] [Times: user=0.13 sys=0.00, real=0.01 secs] 
2020-09-29T17:38:16.200+0200: 8.230: [GC (Allocation Failure) [PSYoungGen: 630724K->42917K(646144K)] 632020K->44213K(2044416K), 0.0149201 secs] [Times: user=0.13 sys=0.00, real=0.01 secs] 
2020-09-29T17:38:16.271+0200: 8.301: [GC (Allocation Failure) [PSYoungGen: 637861K->36197K(648192K)] 639157K->37493K(2046464K), 0.0139950 secs] [Times: user=0.00 sys=0.00, real=0.01 secs] 
2020-09-29T17:38:16.342+0200: 8.372: [GC (Allocation Failure) [PSYoungGen: 632165K->26852K(646656K)] 633461K->28148K(2044928K), 0.0107881 secs] [Times: user=0.13 sys=0.00, real=0.01 secs] 
2020-09-29T17:38:16.409+0200: 8.439: [GC (Allocation Failure) [PSYoungGen: 622820K->32932K(649216K)] 624116K->34228K(2047488K), 0.0122461 secs] [Times: user=0.11 sys=0.00, real=0.01 secs] 
2020-09-29T17:38:16.479+0200: 8.508: [GC (Allocation Failure) [PSYoungGen: 630948K->43077K(647680K)] 632244K->44373K(2045952K), 0.0149390 secs] [Times: user=0.13 sys=0.00, real=0.01 secs] 
2020-09-29T17:38:16.549+0200: 8.579: [GC (Allocation Failure) [PSYoungGen: 641093K->38500K(648192K)] 642389K->39796K(2046464K), 0.0148799 secs] [Times: user=0.11 sys=0.00, real=0.01 secs] 
2020-09-29T17:38:16.621+0200: 8.650: [GC (Allocation Failure) [PSYoungGen: 635492K->33989K(647680K)] 636788K->35285K(2045952K), 0.0134931 secs] [Times: user=0.11 sys=0.00, real=0.01 secs] 
2020-09-29T17:38:16.691+0200: 8.720: [GC (Allocation Failure) [PSYoungGen: 630981K->29317K(649216K)] 632277K->30613K(2047488K), 0.0107616 secs] [Times: user=0.09 sys=0.00, real=0.01 secs] 
2020-09-29T17:38:16.759+0200: 8.789: [GC (Allocation Failure) [PSYoungGen: 628869K->25989K(649216K)] 630165K->27285K(2047488K), 0.0102694 secs] [Times: user=0.01 sys=0.00, real=0.01 secs] 
2020-09-29T17:38:16.828+0200: 8.858: [GC (Allocation Failure) [PSYoungGen: 625541K->49637K(640000K)] 626837K->52533K(2038272K), 0.0188663 secs] [Times: user=0.11 sys=0.00, real=0.02 secs] 
2020-09-29T17:38:16.901+0200: 8.931: [GC (Allocation Failure) [PSYoungGen: 639973K->38916K(644608K)] 642869K->41812K(2042880K), 0.0146882 secs] [Times: user=0.13 sys=0.00, real=0.01 secs] 
2020-09-29T17:38:16.971+0200: 9.001: [GC (Allocation Failure) [PSYoungGen: 629252K->41317K(645120K)] 632148K->44213K(2043392K), 0.0158174 secs] [Times: user=0.09 sys=0.00, real=0.02 secs] 
2020-09-29T17:38:17.043+0200: 9.072: [GC (Allocation Failure) [PSYoungGen: 632677K->30276K(645120K)] 635573K->33172K(2043392K), 0.0124579 secs] [Times: user=0.13 sys=0.00, real=0.01 secs] 
2020-09-29T17:38:17.112+0200: 9.141: [GC (Allocation Failure) [PSYoungGen: 621636K->33733K(646656K)] 624532K->36629K(2044928K), 0.0130754 secs] [Times: user=0.11 sys=0.00, real=0.01 secs] 
2020-09-29T17:38:17.183+0200: 9.213: [GC (Allocation Failure) [PSYoungGen: 627141K->25477K(645632K)] 630037K->28373K(2043904K), 0.0097326 secs] [Times: user=0.13 sys=0.00, real=0.01 secs] 
2020-09-29T17:38:17.250+0200: 9.280: [GC (Allocation Failure) [PSYoungGen: 618885K->30916K(647680K)] 621781K->33812K(2045952K), 0.0139824 secs] [Times: user=0.11 sys=0.00, real=0.01 secs] 
2020-09-29T17:38:17.319+0200: 9.348: [GC (Allocation Failure) [PSYoungGen: 626372K->38469K(646656K)] 629268K->41365K(2044928K), 0.0133112 secs] [Times: user=0.00 sys=0.00, real=0.01 secs] 
2020-09-29T17:38:17.388+0200: 9.418: [GC (Allocation Failure) [PSYoungGen: 633925K->30340K(648704K)] 636821K->33236K(2046976K), 0.0114747 secs] [Times: user=0.13 sys=0.00, real=0.01 secs] 
2020-09-29T17:38:17.456+0200: 9.486: [GC (Allocation Failure) [PSYoungGen: 627844K->39941K(647680K)] 630740K->42837K(2045952K), 0.0155034 secs] [Times: user=0.09 sys=0.00, real=0.01 secs] 
2020-09-29T17:38:17.529+0200: 9.558: [GC (Allocation Failure) [PSYoungGen: 637445K->49541K(641024K)] 640341K->52437K(2039296K), 0.0164534 secs] [Times: user=0.13 sys=0.00, real=0.02 secs] 
2020-09-29T17:38:17.601+0200: 9.631: [GC (Allocation Failure) [PSYoungGen: 639877K->38309K(644608K)] 642773K->41205K(2042880K), 0.0177921 secs] [Times: user=0.11 sys=0.00, real=0.02 secs] 
2020-09-29T17:38:17.676+0200: 9.706: [GC (Allocation Failure) [PSYoungGen: 628645K->40068K(645632K)] 631541K->42964K(2043904K), 0.0151102 secs] [Times: user=0.00 sys=0.00, real=0.01 secs] 
2020-09-29T17:38:17.747+0200: 9.777: [GC (Allocation Failure) [PSYoungGen: 632452K->44549K(637440K)] 635348K->47445K(2035712K), 0.0155180 secs] [Times: user=0.13 sys=0.00, real=0.02 secs] 
2020-09-29T17:38:17.820+0200: 9.849: [GC (Allocation Failure) [PSYoungGen: 636933K->49029K(639488K)] 639829K->51925K(2037760K), 0.0165183 secs] [Times: user=0.13 sys=0.00, real=0.02 secs] 
2020-09-29T17:38:17.890+0200: 9.920: [GC (Allocation Failure) [PSYoungGen: 634245K->46341K(631808K)] 637141K->49237K(2030080K), 0.0164838 secs] [Times: user=0.11 sys=0.00, real=0.02 secs] 
2020-09-29T17:38:17.960+0200: 9.990: [GC (Allocation Failure) [PSYoungGen: 631557K->43012K(641536K)] 634453K->45908K(2039808K), 0.0158233 secs] [Times: user=0.13 sys=0.00, real=0.02 secs] 
2020-09-29T17:38:18.029+0200: 10.059: [GC (Allocation Failure) [PSYoungGen: 626692K->38661K(641024K)] 629588K->41557K(2039296K), 0.0133930 secs] [Times: user=0.13 sys=0.00, real=0.01 secs] 
2020-09-29T17:38:18.096+0200: 10.126: [GC (Allocation Failure) [PSYoungGen: 622341K->34180K(643584K)] 625237K->37076K(2041856K), 0.0129143 secs] [Times: user=0.13 sys=0.00, real=0.01 secs] 
2020-09-29T17:38:18.164+0200: 10.194: [GC (Allocation Failure) [PSYoungGen: 621956K->34085K(643072K)] 624852K->36981K(2041344K), 0.0118535 secs] [Times: user=0.13 sys=0.00, real=0.01 secs] 
2020-09-29T17:38:18.231+0200: 10.261: [GC (Allocation Failure) [PSYoungGen: 621861K->32804K(645120K)] 624757K->35700K(2043392K), 0.0118157 secs] [Times: user=0.13 sys=0.00, real=0.01 secs] 
2020-09-29T17:38:18.298+0200: 10.327: [GC (Allocation Failure) [PSYoungGen: 623652K->35749K(644608K)] 626548K->38645K(2042880K), 0.0142842 secs] [Times: user=0.11 sys=0.00, real=0.01 secs] 
2020-09-29T17:38:18.366+0200: 10.396: [GC (Allocation Failure) [PSYoungGen: 626597K->38180K(647680K)] 629493K->41076K(2045952K), 0.0137605 secs] [Times: user=0.13 sys=0.00, real=0.01 secs] 
2020-09-29T17:38:18.435+0200: 10.465: [GC (Allocation Failure) [PSYoungGen: 633124K->30084K(646144K)] 636020K->32980K(2044416K), 0.0113790 secs] [Times: user=0.11 sys=0.00, real=0.01 secs] 
2020-09-29T17:38:18.500+0200: 10.530: [GC (Allocation Failure) [PSYoungGen: 625028K->37125K(648704K)] 627924K->40021K(2046976K), 0.0127376 secs] [Times: user=0.13 sys=0.00, real=0.01 secs] 
2020-09-29T17:38:18.568+0200: 10.598: [GC (Allocation Failure) [PSYoungGen: 634629K->33029K(647680K)] 637525K->35925K(2045952K), 0.0144209 secs] [Times: user=0.09 sys=0.00, real=0.01 secs] 
2020-09-29T17:38:18.639+0200: 10.668: [GC (Allocation Failure) [PSYoungGen: 630533K->12514K(644096K)] 633429K->15410K(2042368K), 0.0066680 secs] [Times: user=0.11 sys=0.00, real=0.01 secs] 
2020-09-29T17:38:18.706+0200: 10.736: [GC (Allocation Failure) [PSYoungGen: 606946K->32741K(646656K)] 609842K->35637K(2044928K), 0.0123559 secs] [Times: user=0.09 sys=0.00, real=0.01 secs] 
2020-09-29T17:38:18.776+0200: 10.806: [GC (Allocation Failure) [PSYoungGen: 627173K->37540K(648192K)] 630069K->40436K(2046464K), 0.0160754 secs] [Times: user=0.11 sys=0.00, real=0.02 secs] 
2020-09-29T17:38:18.851+0200: 10.881: [GC (Allocation Failure) [PSYoungGen: 635044K->47141K(645120K)] 637940K->50037K(2043392K), 0.0176349 secs] [Times: user=0.13 sys=0.00, real=0.02 secs] 
2020-09-29T17:38:18.924+0200: 10.954: [GC (Allocation Failure) [PSYoungGen: 644645K->29349K(646144K)] 647541K->32245K(2044416K), 0.0099830 secs] [Times: user=0.09 sys=0.00, real=0.01 secs] 
2020-09-29T17:38:18.991+0200: 11.021: [GC (Allocation Failure) [PSYoungGen: 621733K->32420K(645120K)] 624629K->35316K(2043392K), 0.0135886 secs] [Times: user=0.13 sys=0.00, real=0.01 secs] 
2020-09-29T17:38:19.061+0200: 11.090: [GC (Allocation Failure) [PSYoungGen: 624804K->36869K(648192K)] 627700K->39765K(2046464K), 0.0141189 secs] [Times: user=0.11 sys=0.00, real=0.02 secs] 
2020-09-29T17:38:19.130+0200: 11.160: [GC (Allocation Failure) [PSYoungGen: 633349K->45445K(642048K)] 636245K->48341K(2040320K), 0.0166526 secs] [Times: user=0.13 sys=0.00, real=0.02 secs] 
2020-09-29T17:38:19.202+0200: 11.231: [GC (Allocation Failure) [PSYoungGen: 641925K->40357K(646144K)] 644821K->43253K(2044416K), 0.0149731 secs] [Times: user=0.11 sys=0.00, real=0.02 secs] 
2020-09-29T17:38:19.271+0200: 11.301: [GC (Allocation Failure) [PSYoungGen: 633253K->30852K(645632K)] 636149K->33748K(2043904K), 0.0143607 secs] [Times: user=0.02 sys=0.00, real=0.02 secs] 
2020-09-29T17:38:19.341+0200: 11.371: [GC (Allocation Failure) [PSYoungGen: 623748K->35684K(648192K)] 626644K->38580K(2046464K), 0.0134611 secs] [Times: user=0.13 sys=0.00, real=0.01 secs] 
2020-09-29T17:38:19.412+0200: 11.441: [GC (Allocation Failure) [PSYoungGen: 631652K->27843K(646656K)] 634548K->30739K(2044928K), 0.0152918 secs] [Times: user=0.11 sys=0.00, real=0.02 secs] 
2020-09-29T17:38:19.489+0200: 11.518: [GC (Allocation Failure) [PSYoungGen: 623811K->35812K(649728K)] 626707K->38708K(2048000K), 0.0162261 secs] [Times: user=0.11 sys=0.00, real=0.02 secs] 
2020-09-29T17:38:19.563+0200: 11.593: [GC (Allocation Failure) [PSYoungGen: 634852K->32933K(648192K)] 637748K->35829K(2046464K), 0.0145989 secs] [Times: user=0.11 sys=0.00, real=0.02 secs] 
2020-09-29T17:38:19.636+0200: 11.666: [GC (Allocation Failure) [PSYoungGen: 631973K->30405K(651264K)] 634869K->33301K(2049536K), 0.0131570 secs] [Times: user=0.09 sys=0.00, real=0.01 secs] 
2020-09-29T17:38:19.710+0200: 11.740: [GC (Allocation Failure) [PSYoungGen: 633541K->45541K(648704K)] 636437K->48437K(2046976K), 0.0187766 secs] [Times: user=0.11 sys=0.00, real=0.02 secs] 
2020-09-29T17:38:19.787+0200: 11.816: [GC (Allocation Failure) [PSYoungGen: 648677K->18115K(644608K)] 651573K->21011K(2042880K), 0.0104819 secs] [Times: user=0.00 sys=0.00, real=0.01 secs] 
2020-09-29T17:38:19.857+0200: 11.886: [GC (Allocation Failure) [PSYoungGen: 612547K->37284K(646656K)] 615443K->40180K(2044928K), 0.0166089 secs] [Times: user=0.09 sys=0.00, real=0.02 secs] 
2020-09-29T17:38:19.930+0200: 11.959: [GC (Allocation Failure) [PSYoungGen: 631716K->29861K(648192K)] 634612K->32757K(2046464K), 0.0132776 secs] [Times: user=0.11 sys=0.00, real=0.01 secs] 
2020-09-29T17:38:20.003+0200: 12.032: [GC (Allocation Failure) [PSYoungGen: 626341K->38469K(647168K)] 629237K->41365K(2045440K), 0.0159548 secs] [Times: user=0.11 sys=0.00, real=0.01 secs] 
2020-09-29T17:38:20.075+0200: 12.104: [GC (Allocation Failure) [PSYoungGen: 634949K->47077K(642048K)] 637845K->49973K(2040320K), 0.0161618 secs] [Times: user=0.13 sys=0.00, real=0.02 secs] 
2020-09-29T17:38:20.146+0200: 12.175: [GC (Allocation Failure) [PSYoungGen: 638437K->20962K(612352K)] 641333K->23858K(2010624K), 0.0102683 secs] [Times: user=0.00 sys=0.00, real=0.01 secs] 
2020-09-29T17:38:20.210+0200: 12.239: [GC (Allocation Failure) [PSYoungGen: 612322K->23395K(644608K)] 615218K->26291K(2042880K), 0.0100676 secs] [Times: user=0.00 sys=0.00, real=0.01 secs] 
2020-09-29T17:38:20.274+0200: 12.303: [GC (Allocation Failure) [PSYoungGen: 613731K->24452K(644608K)] 616627K->27348K(2042880K), 0.0108919 secs] [Times: user=0.00 sys=0.00, real=0.01 secs] 
2020-09-29T17:38:20.339+0200: 12.368: [GC (Allocation Failure) [PSYoungGen: 614788K->40389K(643072K)] 617684K->43285K(2041344K), 0.0149644 secs] [Times: user=0.11 sys=0.00, real=0.02 secs] 
2020-09-29T17:38:20.406+0200: 12.435: [GC (Allocation Failure) [PSYoungGen: 629701K->28101K(644096K)] 632597K->30997K(2042368K), 0.0101917 secs] [Times: user=0.11 sys=0.00, real=0.01 secs] 
2020-09-29T17:38:20.473+0200: 12.502: [GC (Allocation Failure) [PSYoungGen: 617413K->41476K(643584K)] 620309K->44372K(2041856K), 0.0156004 secs] [Times: user=0.09 sys=0.00, real=0.01 secs] 
2020-09-29T17:38:20.542+0200: 12.571: [GC (Allocation Failure) [PSYoungGen: 631812K->29604K(644608K)] 634708K->32500K(2042880K), 0.0119196 secs] [Times: user=0.11 sys=0.00, real=0.01 secs] 
2020-09-29T17:38:20.609+0200: 12.638: [GC (Allocation Failure) [PSYoungGen: 619940K->45765K(640512K)] 622836K->48661K(2038784K), 0.0184897 secs] [Times: user=0.09 sys=0.00, real=0.02 secs] 
2020-09-29T17:38:20.682+0200: 12.712: [GC (Allocation Failure) [PSYoungGen: 633029K->45061K(632832K)] 635925K->47957K(2031104K), 0.0166738 secs] [Times: user=0.11 sys=0.00, real=0.02 secs] 
2020-09-29T17:38:20.754+0200: 12.783: [GC (Allocation Failure) [PSYoungGen: 632325K->44421K(638976K)] 635221K->47317K(2037248K), 0.0165369 secs] [Times: user=0.11 sys=0.00, real=0.02 secs] 
2020-09-29T17:38:20.825+0200: 12.854: [GC (Allocation Failure) [PSYoungGen: 625541K->37605K(640000K)] 628437K->40501K(2038272K), 0.0149537 secs] [Times: user=0.13 sys=0.00, real=0.01 secs] 
2020-09-29T17:38:20.895+0200: 12.924: [GC (Allocation Failure) [PSYoungGen: 618725K->14851K(638464K)] 621621K->17747K(2036736K), 0.0077824 secs] [Times: user=0.11 sys=0.00, real=0.01 secs] 
2020-09-29T17:38:20.961+0200: 12.990: [GC (Allocation Failure) [PSYoungGen: 595971K->35269K(640000K)] 598867K->38165K(2038272K), 0.0134828 secs] [Times: user=0.13 sys=0.00, real=0.01 secs] 
2020-09-29T17:38:21.030+0200: 13.059: [GC (Allocation Failure) [PSYoungGen: 616389K->55781K(630784K)] 619285K->58677K(2029056K), 0.0209199 secs] [Times: user=0.09 sys=0.00, real=0.02 secs] 
2020-09-29T17:38:21.103+0200: 13.133: [GC (Allocation Failure) [PSYoungGen: 629733K->28165K(636416K)] 632629K->31061K(2034688K), 0.0102297 secs] [Times: user=0.02 sys=0.00, real=0.01 secs] 
2020-09-29T17:38:21.169+0200: 13.198: [GC (Allocation Failure) [PSYoungGen: 602117K->40069K(638464K)] 605013K->42965K(2036736K), 0.0145901 secs] [Times: user=0.11 sys=0.00, real=0.02 secs] 
2020-09-29T17:38:21.239+0200: 13.268: [GC (Allocation Failure) [PSYoungGen: 617093K->42917K(637440K)] 619989K->45813K(2035712K), 0.0145636 secs] [Times: user=0.00 sys=0.00, real=0.01 secs] 
2020-09-29T17:38:21.303+0200: 13.333: [GC (Allocation Failure) [PSYoungGen: 619941K->45669K(636416K)] 622837K->48565K(2034688K), 0.0172540 secs] [Times: user=0.13 sys=0.00, real=0.02 secs] 
2020-09-29T17:38:21.372+0200: 13.401: [GC (Allocation Failure) [PSYoungGen: 621669K->47429K(623616K)] 624565K->50325K(2021888K), 0.0154909 secs] [Times: user=0.13 sys=0.00, real=0.02 secs] 
2020-09-29T17:38:21.438+0200: 13.467: [GC (Allocation Failure) [PSYoungGen: 623429K->34693K(637952K)] 626325K->37589K(2036224K), 0.0120834 secs] [Times: user=0.13 sys=0.00, real=0.01 secs] 
2020-09-29T17:38:21.502+0200: 13.531: [GC (Allocation Failure) [PSYoungGen: 610181K->35748K(636416K)] 613077K->38644K(2034688K), 0.0130681 secs] [Times: user=0.13 sys=0.00, real=0.01 secs] 
2020-09-29T17:38:21.565+0200: 13.594: [GC (Allocation Failure) [PSYoungGen: 611236K->36933K(641536K)] 614132K->39829K(2039808K), 0.0132672 secs] [Times: user=0.13 sys=0.00, real=0.01 secs] 
2020-09-29T17:38:21.630+0200: 13.660: [GC (Allocation Failure) [PSYoungGen: 619077K->44837K(639488K)] 621973K->47733K(2037760K), 0.0166935 secs] [Times: user=0.13 sys=0.00, real=0.02 secs] 
2020-09-29T17:38:21.698+0200: 13.727: [GC (Allocation Failure) [PSYoungGen: 626981K->23523K(640000K)] 629877K->26419K(2038272K), 0.0098450 secs] [Times: user=0.00 sys=0.00, real=0.01 secs] 
2020-09-29T17:38:21.757+0200: 13.786: [GC (Allocation Failure) [PSYoungGen: 605667K->31397K(640512K)] 608563K->34293K(2038784K), 0.0107808 secs] [Times: user=0.00 sys=0.00, real=0.01 secs] 
2020-09-29T17:38:21.819+0200: 13.849: [GC (Allocation Failure) [PSYoungGen: 613541K->39333K(642560K)] 616437K->42229K(2040832K), 0.0155522 secs] [Times: user=0.11 sys=0.00, real=0.02 secs] 
2020-09-29T17:38:21.888+0200: 13.918: [GC (Allocation Failure) [PSYoungGen: 624549K->35364K(641536K)] 627445K->38260K(2039808K), 0.0126880 secs] [Times: user=0.13 sys=0.00, real=0.01 secs] 
2020-09-29T17:38:21.952+0200: 13.982: [GC (Allocation Failure) [PSYoungGen: 620580K->32036K(645120K)] 623476K->34932K(2043392K), 0.0113945 secs] [Times: user=0.13 sys=0.00, real=0.01 secs] 
2020-09-29T17:38:22.013+0200: 14.043: [GC (Allocation Failure) [PSYoungGen: 622372K->20677K(644096K)] 625268K->23573K(2042368K), 0.0073174 secs] [Times: user=0.13 sys=0.00, real=0.01 secs] 
2020-09-29T17:38:22.073+0200: 14.103: [GC (Allocation Failure) [PSYoungGen: 611013K->50533K(636928K)] 613909K->53429K(2035200K), 0.0166416 secs] [Times: user=0.13 sys=0.00, real=0.02 secs] 
2020-09-29T17:38:22.140+0200: 14.170: [GC (Allocation Failure) [PSYoungGen: 632677K->44516K(626688K)] 635573K->47412K(2024960K), 0.0157311 secs] [Times: user=0.13 sys=0.00, real=0.02 secs] 
2020-09-29T17:38:22.205+0200: 14.235: [GC (Allocation Failure) [PSYoungGen: 626660K->10436K(634368K)] 629556K->13332K(2032640K), 0.0034963 secs] [Times: user=0.13 sys=0.00, real=0.00 secs] 
2020-09-29T17:38:22.262+0200: 14.292: [GC (Allocation Failure) [PSYoungGen: 585412K->38565K(636928K)] 588308K->41461K(2035200K), 0.0131081 secs] [Times: user=0.13 sys=0.00, real=0.01 secs] 
2020-09-29T17:38:22.325+0200: 14.355: [GC (Allocation Failure) [PSYoungGen: 613541K->52965K(630272K)] 616437K->55861K(2028544K), 0.0175990 secs] [Times: user=0.13 sys=0.00, real=0.02 secs] 
2020-09-29T17:38:22.392+0200: 14.422: [GC (Allocation Failure) [PSYoungGen: 622821K->19332K(589312K)] 625717K->22228K(1987584K), 0.0067503 secs] [Times: user=0.13 sys=0.00, real=0.01 secs] 
2020-09-29T17:38:22.453+0200: 14.483: [GC (Allocation Failure) [PSYoungGen: 589188K->28645K(635904K)] 592084K->31541K(2034176K), 0.0100572 secs] [Times: user=0.13 sys=0.00, real=0.01 secs] 
2020-09-29T17:38:22.515+0200: 14.545: [GC (Allocation Failure) [PSYoungGen: 599525K->38949K(633856K)] 602421K->41845K(2032128K), 0.0125736 secs] [Times: user=0.13 sys=0.00, real=0.01 secs] 
2020-09-29T17:38:22.580+0200: 14.610: [GC (Allocation Failure) [PSYoungGen: 609829K->34021K(639488K)] 612725K->36917K(2037760K), 0.0129397 secs] [Times: user=0.11 sys=0.00, real=0.01 secs] 
2020-09-29T17:38:22.647+0200: 14.677: [GC (Allocation Failure) [PSYoungGen: 611557K->36836K(636928K)] 614453K->39732K(2035200K), 0.0152545 secs] [Times: user=0.13 sys=0.00, real=0.02 secs] 
2020-09-29T17:38:22.713+0200: 14.743: [GC (Allocation Failure) [PSYoungGen: 614372K->40261K(641536K)] 617268K->43157K(2039808K), 0.0134601 secs] [Times: user=0.13 sys=0.00, real=0.01 secs] 
2020-09-29T17:38:22.779+0200: 14.809: [GC (Allocation Failure) [PSYoungGen: 623941K->34852K(641024K)] 626837K->37748K(2039296K), 0.0152859 secs] [Times: user=0.11 sys=0.00, real=0.01 secs] 
2020-09-29T17:38:22.848+0200: 14.878: [GC (Allocation Failure) [PSYoungGen: 618532K->30629K(644608K)] 621428K->33525K(2042880K), 0.0141952 secs] [Times: user=0.00 sys=0.00, real=0.01 secs] 
2020-09-29T17:38:22.918+0200: 14.948: [GC (Allocation Failure) [PSYoungGen: 619941K->30083K(643584K)] 622837K->32979K(2041856K), 0.0134837 secs] [Times: user=0.13 sys=0.00, real=0.01 secs] 
2020-09-29T17:38:22.983+0200: 15.012: [GC (Allocation Failure) [PSYoungGen: 619395K->31492K(647168K)] 622291K->34388K(2045440K), 0.0116203 secs] [Times: user=0.13 sys=0.00, real=0.01 secs] 
2020-09-29T17:38:23.046+0200: 15.075: [GC (Allocation Failure) [PSYoungGen: 625412K->36836K(645632K)] 628308K->39732K(2043904K), 0.0132424 secs] [Times: user=0.08 sys=0.00, real=0.01 secs] 
2020-09-29T17:38:23.110+0200: 15.139: [GC (Allocation Failure) [PSYoungGen: 630756K->42725K(645632K)] 633652K->45621K(2043904K), 0.0143168 secs] [Times: user=0.13 sys=0.00, real=0.01 secs] 
2020-09-29T17:38:23.175+0200: 15.204: [GC (Allocation Failure) [PSYoungGen: 637157K->32803K(646656K)] 640053K->35699K(2044928K), 0.0126034 secs] [Times: user=0.13 sys=0.00, real=0.01 secs] 
2020-09-29T17:38:23.239+0200: 15.268: [GC (Allocation Failure) [PSYoungGen: 627235K->38404K(648192K)] 630131K->41300K(2046464K), 0.0141681 secs] [Times: user=0.00 sys=0.00, real=0.01 secs] 
2020-09-29T17:38:23.304+0200: 15.333: [GC (Allocation Failure) [PSYoungGen: 635396K->47461K(644608K)] 638292K->50357K(2042880K), 0.0155045 secs] [Times: user=0.13 sys=0.00, real=0.02 secs] 
2020-09-29T17:38:23.371+0200: 15.400: [GC (Allocation Failure) [PSYoungGen: 644453K->42372K(644096K)] 647349K->45268K(2042368K), 0.0143690 secs] [Times: user=0.13 sys=0.00, real=0.01 secs] 
2020-09-29T17:38:23.436+0200: 15.465: [GC (Allocation Failure) [PSYoungGen: 632708K->30788K(644608K)] 635604K->33684K(2042880K), 0.0113768 secs] [Times: user=0.13 sys=0.00, real=0.01 secs] 
2020-09-29T17:38:23.498+0200: 15.527: [GC (Allocation Failure) [PSYoungGen: 621124K->31044K(646144K)] 624020K->33940K(2044416K), 0.0117879 secs] [Times: user=0.13 sys=0.00, real=0.01 secs] 
2020-09-29T17:38:23.561+0200: 15.590: [GC (Allocation Failure) [PSYoungGen: 623428K->33924K(645120K)] 626324K->36820K(2043392K), 0.0120650 secs] [Times: user=0.13 sys=0.00, real=0.01 secs] 
2020-09-29T17:38:23.627+0200: 15.656: [GC (Allocation Failure) [PSYoungGen: 626308K->23779K(646144K)] 629204K->26675K(2044416K), 0.0099133 secs] [Times: user=0.11 sys=0.00, real=0.01 secs] 
2020-09-29T17:38:23.691+0200: 15.721: [GC (Allocation Failure) [PSYoungGen: 618211K->52197K(646656K)] 621107K->60477K(2044928K), 0.0201287 secs] [Times: user=0.25 sys=0.00, real=0.02 secs] 
2020-09-29T17:38:23.764+0200: 15.793: [GC (Allocation Failure) [PSYoungGen: 646629K->36837K(637440K)] 654909K->45117K(2035712K), 0.0130600 secs] [Times: user=0.13 sys=0.00, real=0.01 secs] 
2020-09-29T17:38:23.830+0200: 15.859: [GC (Allocation Failure) [PSYoungGen: 622053K->34117K(642048K)] 630333K->42397K(2040320K), 0.0117461 secs] [Times: user=0.13 sys=0.00, real=0.01 secs] 
2020-09-29T17:38:23.893+0200: 15.922: [GC (Allocation Failure) [PSYoungGen: 619333K->45125K(641536K)] 627613K->53405K(2039808K), 0.0148396 secs] [Times: user=0.13 sys=0.00, real=0.02 secs] 
2020-09-29T17:38:23.960+0200: 15.989: [GC (Allocation Failure) [PSYoungGen: 631365K->29508K(642560K)] 639645K->37788K(2040832K), 0.0110595 secs] [Times: user=0.00 sys=0.00, real=0.01 secs] 
2020-09-29T17:38:24.024+0200: 16.053: [GC (Allocation Failure) [PSYoungGen: 615748K->41573K(643072K)] 624028K->49853K(2041344K), 0.0142150 secs] [Times: user=0.13 sys=0.00, real=0.02 secs] 
2020-09-29T17:38:24.089+0200: 16.118: [GC (Allocation Failure) [PSYoungGen: 628837K->26532K(643072K)] 637117K->34812K(2041344K), 0.0095132 secs] [Times: user=0.13 sys=0.00, real=0.01 secs] 
2020-09-29T17:38:24.149+0200: 16.178: [GC (Allocation Failure) [PSYoungGen: 613796K->53221K(633856K)] 622076K->61501K(2032128K), 0.0178622 secs] [Times: user=0.13 sys=0.00, real=0.02 secs] 
2020-09-29T17:38:24.216+0200: 16.245: [GC (Allocation Failure) [PSYoungGen: 631269K->29700K(638464K)] 639549K->37980K(2036736K), 0.0110465 secs] [Times: user=0.13 sys=0.00, real=0.01 secs] 
2020-09-29T17:38:24.277+0200: 16.306: [GC (Allocation Failure) [PSYoungGen: 607748K->44932K(638464K)] 616028K->53212K(2036736K), 0.0154764 secs] [Times: user=0.13 sys=0.00, real=0.02 secs] 
2020-09-29T17:38:24.341+0200: 16.370: [GC (Allocation Failure) [PSYoungGen: 624004K->19300K(598528K)] 632284K->27580K(1996800K), 0.0071670 secs] [Times: user=0.00 sys=0.00, real=0.01 secs] 
2020-09-29T17:38:24.398+0200: 16.427: [GC (Allocation Failure) [PSYoungGen: 598372K->22436K(637952K)] 606652K->30716K(2036224K), 0.0080828 secs] [Times: user=0.00 sys=0.00, real=0.01 secs] 
2020-09-29T17:38:24.456+0200: 16.485: [GC (Allocation Failure) [PSYoungGen: 599460K->49188K(626688K)] 607740K->57468K(2024960K), 0.0172882 secs] [Times: user=0.13 sys=0.00, real=0.02 secs] 
2020-09-29T17:38:24.523+0200: 16.553: [GC (Allocation Failure) [PSYoungGen: 626212K->38341K(636928K)] 634492K->46621K(2035200K), 0.0125072 secs] [Times: user=0.13 sys=0.00, real=0.01 secs] 
2020-09-29T17:38:24.591+0200: 16.620: [GC (Allocation Failure) [PSYoungGen: 611781K->37541K(635392K)] 620061K->45821K(2033664K), 0.0129639 secs] [Times: user=0.11 sys=0.00, real=0.01 secs] 
2020-09-29T17:38:24.654+0200: 16.684: [GC (Allocation Failure) [PSYoungGen: 610981K->35716K(641536K)] 619261K->43996K(2039808K), 0.0135709 secs] [Times: user=0.13 sys=0.00, real=0.01 secs] 
2020-09-29T17:38:24.718+0200: 16.747: [GC (Allocation Failure) [PSYoungGen: 617348K->28932K(638976K)] 625628K->37212K(2037248K), 0.0109897 secs] [Times: user=0.13 sys=0.00, real=0.01 secs] 
2020-09-29T17:38:24.780+0200: 16.809: [GC (Allocation Failure) [PSYoungGen: 610564K->36132K(644096K)] 618844K->44412K(2042368K), 0.0128589 secs] [Times: user=0.13 sys=0.00, real=0.01 secs] 
2020-09-29T17:38:24.843+0200: 16.872: [GC (Allocation Failure) [PSYoungGen: 623396K->34020K(642048K)] 631676K->42300K(2040320K), 0.0120423 secs] [Times: user=0.13 sys=0.00, real=0.01 secs] 
2020-09-29T17:38:24.906+0200: 16.936: [GC (Allocation Failure) [PSYoungGen: 621284K->32932K(647168K)] 629564K->41212K(2045440K), 0.0115151 secs] [Times: user=0.13 sys=0.00, real=0.01 secs] 
2020-09-29T17:38:24.970+0200: 16.999: [GC (Allocation Failure) [PSYoungGen: 626852K->38724K(645632K)] 635132K->47004K(2043904K), 0.0132341 secs] [Times: user=0.13 sys=0.00, real=0.01 secs] 
2020-09-29T17:38:25.034+0200: 17.063: [GC (Allocation Failure) [PSYoungGen: 632644K->43076K(645120K)] 640924K->51356K(2043392K), 0.0157218 secs] [Times: user=0.13 sys=0.00, real=0.02 secs] 
2020-09-29T17:38:25.100+0200: 17.129: [GC (Allocation Failure) [PSYoungGen: 636484K->33509K(646144K)] 644764K->41789K(2044416K), 0.0125436 secs] [Times: user=0.00 sys=0.00, real=0.01 secs] 
2020-09-29T17:38:25.163+0200: 17.193: [GC (Allocation Failure) [PSYoungGen: 626917K->38949K(647680K)] 635197K->47229K(2045952K), 0.0128841 secs] [Times: user=0.00 sys=0.00, real=0.01 secs] 
2020-09-29T17:38:25.228+0200: 17.257: [GC (Allocation Failure) [PSYoungGen: 634917K->33317K(647168K)] 643197K->41597K(2045440K), 0.0119687 secs] [Times: user=0.13 sys=0.00, real=0.01 secs] 
2020-09-29T17:38:25.292+0200: 17.321: [GC (Allocation Failure) [PSYoungGen: 629285K->27268K(648704K)] 637565K->35548K(2046976K), 0.0099943 secs] [Times: user=0.13 sys=0.00, real=0.01 secs] 
2020-09-29T17:38:25.355+0200: 17.384: [GC (Allocation Failure) [PSYoungGen: 625796K->35044K(648704K)] 634076K->43324K(2046976K), 0.0121340 secs] [Times: user=0.13 sys=0.00, real=0.01 secs] 
2020-09-29T17:38:25.418+0200: 17.447: [GC (Allocation Failure) [PSYoungGen: 633572K->31973K(650752K)] 641852K->40253K(2049024K), 0.0117185 secs] [Times: user=0.13 sys=0.00, real=0.01 secs] 
2020-09-29T17:38:25.481+0200: 17.510: [GC (Allocation Failure) [PSYoungGen: 634085K->46181K(648704K)] 642365K->54461K(2046976K), 0.0161136 secs] [Times: user=0.13 sys=0.00, real=0.02 secs] 
2020-09-29T17:38:25.548+0200: 17.577: [GC (Allocation Failure) [PSYoungGen: 648293K->30340K(648704K)] 656573K->38620K(2046976K), 0.0115410 secs] [Times: user=0.13 sys=0.00, real=0.01 secs] 
2020-09-29T17:38:25.612+0200: 17.642: [GC (Allocation Failure) [PSYoungGen: 628868K->40869K(639488K)] 637148K->49149K(2037760K), 0.0150251 secs] [Times: user=0.11 sys=0.00, real=0.02 secs] 
2020-09-29T17:38:25.680+0200: 17.709: [GC (Allocation Failure) [PSYoungGen: 639397K->37765K(648704K)] 647677K->46045K(2046976K), 0.0289797 secs] [Times: user=0.25 sys=0.00, real=0.03 secs] 
2020-09-29T17:38:25.760+0200: 17.790: [GC (Allocation Failure) [PSYoungGen: 635269K->33444K(647680K)] 643549K->41724K(2045952K), 0.0123074 secs] [Times: user=0.13 sys=0.00, real=0.01 secs] 
2020-09-29T17:38:25.823+0200: 17.853: [GC (Allocation Failure) [PSYoungGen: 630948K->13954K(644608K)] 639228K->22234K(2042880K), 0.0068151 secs] [Times: user=0.00 sys=0.00, real=0.01 secs] 
2020-09-29T17:38:25.882+0200: 17.911: [GC (Allocation Failure) [PSYoungGen: 609410K->35173K(647168K)] 617690K->43453K(2045440K), 0.0127888 secs] [Times: user=0.02 sys=0.00, real=0.01 secs] 
2020-09-29T17:38:25.946+0200: 17.975: [GC (Allocation Failure) [PSYoungGen: 630629K->27300K(649216K)] 638909K->35580K(2047488K), 0.0105689 secs] [Times: user=0.00 sys=0.00, real=0.01 secs] 
2020-09-29T17:38:26.013+0200: 18.043: [GC (Allocation Failure) [PSYoungGen: 625828K->37989K(648192K)] 634108K->46269K(2046464K), 0.0135437 secs] [Times: user=0.13 sys=0.00, real=0.01 secs] 
2020-09-29T17:38:26.078+0200: 18.107: [GC (Allocation Failure) [PSYoungGen: 636517K->48581K(641536K)] 644797K->56861K(2039808K), 0.0162304 secs] [Times: user=0.13 sys=0.00, real=0.02 secs] 
2020-09-29T17:38:26.145+0200: 18.174: [GC (Allocation Failure) [PSYoungGen: 639941K->38341K(645120K)] 648221K->46621K(2043392K), 0.0139515 secs] [Times: user=0.00 sys=0.00, real=0.01 secs] 
2020-09-29T17:38:26.213+0200: 18.243: [GC (Allocation Failure) [PSYoungGen: 629701K->41829K(644608K)] 637981K->50109K(2042880K), 0.0161178 secs] [Times: user=0.13 sys=0.00, real=0.02 secs] 
2020-09-29T17:38:26.283+0200: 18.313: [GC (Allocation Failure) [PSYoungGen: 633189K->45285K(636928K)] 641469K->53565K(2035200K), 0.0177809 secs] [Times: user=0.11 sys=0.00, real=0.02 secs] 
2020-09-29T17:38:26.355+0200: 18.384: [GC (Allocation Failure) [PSYoungGen: 636645K->19684K(640512K)] 644925K->27964K(2038784K), 0.0081812 secs] [Times: user=0.00 sys=0.00, real=0.01 secs] 
2020-09-29T17:38:26.415+0200: 18.445: [GC (Allocation Failure) [PSYoungGen: 604900K->44261K(629760K)] 613180K->52541K(2028032K), 0.0162746 secs] [Times: user=0.13 sys=0.00, real=0.02 secs] 
2020-09-29T17:38:26.481+0200: 18.511: [GC (Allocation Failure) [PSYoungGen: 628179K->10659K(636928K)] 636459K->18939K(2035200K), 0.0047599 secs] [Times: user=0.00 sys=0.00, real=0.01 secs] 
2020-09-29T17:38:26.538+0200: 18.567: [GC (Allocation Failure) [PSYoungGen: 589731K->56581K(635904K)] 598011K->64861K(2034176K), 0.0185380 secs] [Times: user=0.13 sys=0.00, real=0.02 secs] 
2020-09-29T17:38:26.609+0200: 18.638: [GC (Allocation Failure) [PSYoungGen: 635653K->47717K(627712K)] 643933K->55997K(2025984K), 0.0184369 secs] [Times: user=0.09 sys=0.00, real=0.02 secs] 
2020-09-29T17:38:26.677+0200: 18.706: [GC (Allocation Failure) [PSYoungGen: 612453K->24516K(631808K)] 620733K->32796K(2030080K), 0.0088964 secs] [Times: user=0.00 sys=0.00, real=0.01 secs] 
2020-09-29T17:38:26.734+0200: 18.763: [GC (Allocation Failure) [PSYoungGen: 589252K->27748K(633856K)] 597532K->36028K(2032128K), 0.0108352 secs] [Times: user=0.13 sys=0.00, real=0.01 secs] 
2020-09-29T17:38:26.796+0200: 18.825: [GC (Allocation Failure) [PSYoungGen: 595044K->47588K(632320K)] 603324K->55868K(2030592K), 0.0160743 secs] [Times: user=0.13 sys=0.00, real=0.02 secs] 
2020-09-29T17:38:26.861+0200: 18.890: [GC (Allocation Failure) [PSYoungGen: 614884K->25796K(633344K)] 623164K->34076K(2031616K), 0.0100408 secs] [Times: user=0.13 sys=0.00, real=0.01 secs] 
2020-09-29T17:38:26.919+0200: 18.949: [GC (Allocation Failure) [PSYoungGen: 592580K->45701K(632320K)] 600860K->53981K(2030592K), 0.0158265 secs] [Times: user=0.13 sys=0.00, real=0.02 secs] 
2020-09-29T17:38:26.988+0200: 19.018: [GC (Allocation Failure) [PSYoungGen: 612485K->38244K(634880K)] 620765K->46524K(2033152K), 0.0162590 secs] [Times: user=0.06 sys=0.03, real=0.02 secs] 
2020-09-29T17:38:27.054+0200: 19.084: [GC (Allocation Failure) [PSYoungGen: 607076K->45988K(632832K)] 615356K->54268K(2031104K), 0.0161822 secs] [Times: user=0.13 sys=0.00, real=0.02 secs] 
2020-09-29T17:38:27.119+0200: 19.149: [GC (Allocation Failure) [PSYoungGen: 614820K->40581K(635904K)] 623100K->48861K(2034176K), 0.0137109 secs] [Times: user=0.13 sys=0.00, real=0.01 secs] 
2020-09-29T17:38:27.183+0200: 19.212: [GC (Allocation Failure) [PSYoungGen: 611973K->37092K(634368K)] 620253K->45372K(2032640K), 0.0136120 secs] [Times: user=0.13 sys=0.00, real=0.01 secs] 
2020-09-29T17:38:27.245+0200: 19.275: [GC (Allocation Failure) [PSYoungGen: 608484K->32452K(639488K)] 616764K->40732K(2037760K), 0.0118049 secs] [Times: user=0.13 sys=0.00, real=0.01 secs] 
2020-09-29T17:38:27.306+0200: 19.336: [GC (Allocation Failure) [PSYoungGen: 611012K->50373K(629248K)] 619292K->58653K(2027520K), 0.0163507 secs] [Times: user=0.13 sys=0.00, real=0.02 secs] 
2020-09-29T17:38:27.372+0200: 19.401: [GC (Allocation Failure) [PSYoungGen: 628933K->24900K(636928K)] 637213K->33180K(2035200K), 0.0090822 secs] [Times: user=0.13 sys=0.00, real=0.01 secs] 
2020-09-29T17:38:27.431+0200: 19.460: [GC (Allocation Failure) [PSYoungGen: 599876K->23620K(636928K)] 608156K->31900K(2035200K), 0.0089850 secs] [Times: user=0.00 sys=0.00, real=0.01 secs] 
2020-09-29T17:38:27.491+0200: 19.520: [GC (Allocation Failure) [PSYoungGen: 598596K->23940K(637440K)] 606876K->32220K(2035712K), 0.0092141 secs] [Times: user=0.00 sys=0.00, real=0.01 secs] 
2020-09-29T17:38:27.550+0200: 19.580: [GC (Allocation Failure) [PSYoungGen: 599428K->52581K(628224K)] 607708K->60861K(2026496K), 0.0177320 secs] [Times: user=0.16 sys=0.01, real=0.02 secs] 
2020-09-29T17:38:27.619+0200: 19.649: [GC (Allocation Failure) [PSYoungGen: 628069K->26437K(634880K)] 636349K->34717K(2033152K), 0.0103390 secs] [Times: user=0.02 sys=0.00, real=0.01 secs] 
2020-09-29T17:38:27.680+0200: 19.709: [GC (Allocation Failure) [PSYoungGen: 595781K->48901K(618496K)] 604061K->57181K(2016768K), 0.0160970 secs] [Times: user=0.13 sys=0.00, real=0.02 secs] 
2020-09-29T17:38:27.745+0200: 19.774: [GC (Allocation Failure) [PSYoungGen: 618245K->44037K(632832K)] 626525K->52317K(2031104K), 0.0186813 secs] [Times: user=0.13 sys=0.00, real=0.02 secs] 
2020-09-29T17:38:27.815+0200: 19.844: [GC (Allocation Failure) [PSYoungGen: 610821K->50245K(617472K)] 619101K->58525K(2015744K), 0.0216475 secs] [Times: user=0.25 sys=0.00, real=0.02 secs] 
2020-09-29T17:38:27.891+0200: 19.921: [GC (Allocation Failure) [PSYoungGen: 617029K->41540K(632832K)] 625309K->49820K(2031104K), 0.0193546 secs] [Times: user=0.11 sys=0.00, real=0.02 secs] 
2020-09-29T17:38:27.964+0200: 19.993: [GC (Allocation Failure) [PSYoungGen: 606276K->29347K(630784K)] 614556K->37627K(2029056K), 0.0157490 secs] [Times: user=0.13 sys=0.00, real=0.02 secs] 
2020-09-29T17:38:28.029+0200: 20.059: [GC (Allocation Failure) [PSYoungGen: 594083K->33573K(635904K)] 602363K->41853K(2034176K), 0.0151260 secs] [Times: user=0.13 sys=0.00, real=0.02 secs] 
2020-09-29T17:38:28.096+0200: 20.126: [GC (Allocation Failure) [PSYoungGen: 604453K->30052K(633856K)] 612733K->38332K(2032128K), 0.0141793 secs] [Times: user=0.13 sys=0.00, real=0.01 secs] 
2020-09-29T17:38:28.160+0200: 20.189: [GC (Allocation Failure) [PSYoungGen: 600932K->40293K(637952K)] 609212K->48573K(2036224K), 0.0175594 secs] [Times: user=0.23 sys=0.00, real=0.02 secs] 
2020-09-29T17:38:28.226+0200: 20.256: [GC (Allocation Failure) [PSYoungGen: 616293K->28036K(636928K)] 624573K->36316K(2035200K), 0.0134702 secs] [Times: user=0.13 sys=0.00, real=0.01 secs] 
2020-09-29T17:38:28.297+0200: 20.326: [GC (Allocation Failure) [PSYoungGen: 604036K->29765K(640000K)] 612316K->38045K(2038272K), 0.0131102 secs] [Times: user=0.13 sys=0.00, real=0.01 secs] 
2020-09-29T17:38:28.359+0200: 20.389: [GC (Allocation Failure) [PSYoungGen: 609861K->21989K(638976K)] 618141K->30269K(2037248K), 0.0086453 secs] [Times: user=0.13 sys=0.00, real=0.01 secs] 
2020-09-29T17:38:28.418+0200: 20.447: [GC (Allocation Failure) [PSYoungGen: 602085K->41541K(640000K)] 610365K->49821K(2038272K), 0.0299448 secs] [Times: user=0.25 sys=0.00, real=0.03 secs] 
2020-09-29T17:38:28.497+0200: 20.526: [GC (Allocation Failure) [PSYoungGen: 622661K->47525K(628736K)] 630941K->55805K(2027008K), 0.0203690 secs] [Times: user=0.13 sys=0.00, real=0.02 secs] 
2020-09-29T17:38:28.568+0200: 20.597: [GC (Allocation Failure) [PSYoungGen: 628645K->25571K(638464K)] 636925K->33851K(2036736K), 0.0138875 secs] [Times: user=0.00 sys=0.00, real=0.01 secs] 
2020-09-29T17:38:28.634+0200: 20.663: [GC (Allocation Failure) [PSYoungGen: 602595K->38500K(637440K)] 610875K->46780K(2035712K), 0.0183276 secs] [Times: user=0.13 sys=0.00, real=0.02 secs] 
2020-09-29T17:38:28.701+0200: 20.731: [GC (Allocation Failure) [PSYoungGen: 615524K->26660K(640512K)] 623804K->34940K(2038784K), 0.0128931 secs] [Times: user=0.13 sys=0.00, real=0.01 secs] 
2020-09-29T17:38:28.770+0200: 20.800: [GC (Allocation Failure) [PSYoungGen: 607780K->30853K(639488K)] 616060K->39133K(2037760K), 0.0144648 secs] [Times: user=0.00 sys=0.00, real=0.02 secs] 
2020-09-29T17:38:28.836+0200: 20.865: [GC (Allocation Failure) [PSYoungGen: 611973K->23877K(642560K)] 620253K->32157K(2040832K), 0.0118079 secs] [Times: user=0.00 sys=0.00, real=0.01 secs] 
2020-09-29T17:38:28.900+0200: 20.930: [GC (Allocation Failure) [PSYoungGen: 609605K->34756K(642048K)] 617885K->43036K(2040320K), 0.0170051 secs] [Times: user=0.11 sys=0.00, real=0.02 secs] 
2020-09-29T17:38:28.970+0200: 20.999: [GC (Allocation Failure) [PSYoungGen: 620484K->32484K(646144K)] 628764K->40764K(2044416K), 0.0152181 secs] [Times: user=0.13 sys=0.00, real=0.01 secs] 
2020-09-29T17:38:29.036+0200: 21.065: [GC (Allocation Failure) [PSYoungGen: 623844K->21028K(644096K)] 632124K->29308K(2042368K), 0.0100383 secs] [Times: user=0.00 sys=0.00, real=0.01 secs] 
2020-09-29T17:38:29.111+0200: 21.140: [GC (Allocation Failure) [PSYoungGen: 612388K->52709K(625664K)] 620668K->73773K(2023936K), 0.0307204 secs] [Times: user=0.25 sys=0.00, real=0.03 secs] 
2020-09-29T17:38:29.191+0200: 21.221: [GC (Allocation Failure) [PSYoungGen: 625637K->36837K(635904K)] 646701K->57901K(2034176K), 0.0159114 secs] [Times: user=0.11 sys=0.00, real=0.02 secs] 
2020-09-29T17:38:29.260+0200: 21.289: [GC (Allocation Failure) [PSYoungGen: 609765K->21828K(637952K)] 630829K->42892K(2036224K), 0.0100806 secs] [Times: user=0.13 sys=0.00, real=0.01 secs] 
2020-09-29T17:38:29.322+0200: 21.351: [GC (Allocation Failure) [PSYoungGen: 598852K->23236K(637952K)] 619916K->44300K(2036224K), 0.0128187 secs] [Times: user=0.11 sys=0.00, real=0.01 secs] 
2020-09-29T17:38:29.385+0200: 21.415: [GC (Allocation Failure) [PSYoungGen: 600260K->39685K(638976K)] 621324K->60749K(2037248K), 0.0174752 secs] [Times: user=0.13 sys=0.00, real=0.02 secs] 
2020-09-29T17:38:29.452+0200: 21.482: [GC (Allocation Failure) [PSYoungGen: 618757K->30852K(638976K)] 639821K->51916K(2037248K), 0.0144621 secs] [Times: user=0.13 sys=0.00, real=0.02 secs] 
2020-09-29T17:38:29.517+0200: 21.546: [GC (Allocation Failure) [PSYoungGen: 609924K->49413K(634880K)] 630988K->70477K(2033152K), 0.0209871 secs] [Times: user=0.25 sys=0.00, real=0.02 secs] 
2020-09-29T17:38:29.589+0200: 21.618: [GC (Allocation Failure) [PSYoungGen: 626437K->52165K(629248K)] 647501K->73229K(2027520K), 0.0243190 secs] [Times: user=0.11 sys=0.00, real=0.02 secs] 
2020-09-29T17:38:29.664+0200: 21.693: [GC (Allocation Failure) [PSYoungGen: 629189K->41221K(634880K)] 650253K->62285K(2033152K), 0.0180779 secs] [Times: user=0.13 sys=0.00, real=0.02 secs] 
2020-09-29T17:38:29.730+0200: 21.759: [GC (Allocation Failure) [PSYoungGen: 611077K->36805K(633856K)] 632141K->57869K(2032128K), 0.0166918 secs] [Times: user=0.13 sys=0.00, real=0.02 secs] 
2020-09-29T17:38:29.798+0200: 21.827: [GC (Allocation Failure) [PSYoungGen: 606661K->46117K(636416K)] 627725K->67181K(2034688K), 0.0194983 secs] [Times: user=0.25 sys=0.00, real=0.02 secs] 
2020-09-29T17:38:29.868+0200: 21.897: [GC (Allocation Failure) [PSYoungGen: 621093K->46917K(622080K)] 642157K->67981K(2020352K), 0.0205832 secs] [Times: user=0.13 sys=0.00, real=0.02 secs] 
2020-09-29T17:38:29.938+0200: 21.967: [GC (Allocation Failure) [PSYoungGen: 621893K->33668K(637440K)] 642957K->54732K(2035712K), 0.0154946 secs] [Times: user=0.13 sys=0.00, real=0.02 secs] 
2020-09-29T17:38:30.002+0200: 22.031: [GC (Allocation Failure) [PSYoungGen: 608132K->32004K(635904K)] 629196K->53068K(2034176K), 0.0150797 secs] [Times: user=0.13 sys=0.00, real=0.01 secs] 
2020-09-29T17:38:30.068+0200: 22.097: [GC (Allocation Failure) [PSYoungGen: 606468K->44100K(638464K)] 627532K->65164K(2036736K), 0.0200438 secs] [Times: user=0.13 sys=0.00, real=0.02 secs] 
2020-09-29T17:38:30.139+0200: 22.169: [GC (Allocation Failure) [PSYoungGen: 622148K->34213K(638464K)] 643212K->55277K(2036736K), 0.0158172 secs] [Times: user=0.13 sys=0.00, real=0.02 secs] 
2020-09-29T17:38:30.205+0200: 22.234: [GC (Allocation Failure) [PSYoungGen: 612261K->23844K(638976K)] 633325K->44908K(2037248K), 0.0117333 secs] [Times: user=0.13 sys=0.00, real=0.01 secs] 
2020-09-29T17:38:30.266+0200: 22.295: [GC (Allocation Failure) [PSYoungGen: 603940K->29701K(639488K)] 625004K->50765K(2037760K), 0.0136915 secs] [Times: user=0.13 sys=0.00, real=0.01 secs] 
2020-09-29T17:38:30.329+0200: 22.358: [GC (Allocation Failure) [PSYoungGen: 609797K->35557K(642560K)] 630861K->56621K(2040832K), 0.0161042 secs] [Times: user=0.13 sys=0.00, real=0.02 secs] 
2020-09-29T17:38:30.395+0200: 22.424: [GC (Allocation Failure) [PSYoungGen: 619749K->31877K(640512K)] 640813K->52941K(2038784K), 0.0136900 secs] [Times: user=0.00 sys=0.00, real=0.01 secs] 
2020-09-29T17:38:30.463+0200: 22.493: [GC (Allocation Failure) [PSYoungGen: 616069K->26820K(644608K)] 637133K->47884K(2042880K), 0.0131318 secs] [Times: user=0.13 sys=0.00, real=0.01 secs] 
2020-09-29T17:38:30.527+0200: 22.556: [GC (Allocation Failure) [PSYoungGen: 616644K->42405K(632320K)] 637708K->63469K(2030592K), 0.0182612 secs] [Times: user=0.13 sys=0.00, real=0.02 secs] 
2020-09-29T17:38:30.597+0200: 22.627: [GC (Allocation Failure) [PSYoungGen: 632229K->42948K(641536K)] 653293K->64012K(2039808K), 0.0214271 secs] [Times: user=0.22 sys=0.00, real=0.02 secs] 
2020-09-29T17:38:30.670+0200: 22.699: [GC (Allocation Failure) [PSYoungGen: 629188K->41189K(642560K)] 650252K->62253K(2040832K), 0.0179894 secs] [Times: user=0.13 sys=0.00, real=0.02 secs] 
2020-09-29T17:38:30.738+0200: 22.767: [GC (Allocation Failure) [PSYoungGen: 627429K->24644K(642048K)] 648493K->45708K(2040320K), 0.0122849 secs] [Times: user=0.13 sys=0.00, real=0.01 secs] 
2020-09-29T17:38:30.807+0200: 22.837: [GC (Allocation Failure) [PSYoungGen: 610884K->34468K(642560K)] 631948K->55532K(2040832K), 0.0159825 secs] [Times: user=0.13 sys=0.00, real=0.02 secs] 
2020-09-29T17:38:30.873+0200: 22.903: [GC (Allocation Failure) [PSYoungGen: 620708K->32741K(646144K)] 641772K->53805K(2044416K), 0.0141339 secs] [Times: user=0.13 sys=0.00, real=0.01 secs] 
2020-09-29T17:38:30.938+0200: 22.967: [GC (Allocation Failure) [PSYoungGen: 624613K->50373K(642560K)] 645677K->71437K(2040832K), 0.0218319 secs] [Times: user=0.25 sys=0.00, real=0.02 secs] 
2020-09-29T17:38:31.013+0200: 23.042: [GC (Allocation Failure) [PSYoungGen: 642245K->54341K(632320K)] 663309K->75405K(2030592K), 0.0233413 secs] [Times: user=0.25 sys=0.00, real=0.02 secs] 
2020-09-29T17:38:31.085+0200: 23.114: [GC (Allocation Failure) [PSYoungGen: 630341K->25860K(637440K)] 651405K->46924K(2035712K), 0.0125390 secs] [Times: user=0.02 sys=0.00, real=0.01 secs] 
2020-09-29T17:38:31.150+0200: 23.180: [GC (Allocation Failure) [PSYoungGen: 601860K->26915K(638464K)] 622924K->47979K(2036736K), 0.0145093 secs] [Times: user=0.11 sys=0.00, real=0.01 secs] 
2020-09-29T17:38:31.216+0200: 23.245: [GC (Allocation Failure) [PSYoungGen: 604451K->15554K(593408K)] 625515K->36618K(1991680K), 0.0091779 secs] [Times: user=0.13 sys=0.00, real=0.01 secs] 
2020-09-29T17:38:31.273+0200: 23.303: [GC (Allocation Failure) [PSYoungGen: 593090K->46277K(633344K)] 614154K->67341K(2031616K), 0.0199676 secs] [Times: user=0.13 sys=0.00, real=0.02 secs] 
2020-09-29T17:38:31.343+0200: 23.373: [GC (Allocation Failure) [PSYoungGen: 618181K->28867K(635392K)] 639245K->49931K(2033664K), 0.0139305 secs] [Times: user=0.13 sys=0.00, real=0.01 secs] 
2020-09-29T17:38:31.406+0200: 23.435: [GC (Allocation Failure) [PSYoungGen: 600771K->26501K(638464K)] 621835K->47565K(2036736K), 0.0112797 secs] [Times: user=0.13 sys=0.00, real=0.01 secs] 
2020-09-29T17:38:31.472+0200: 23.501: [GC (Allocation Failure) [PSYoungGen: 603013K->42533K(636928K)] 624077K->63597K(2035200K), 0.0202501 secs] [Times: user=0.24 sys=0.00, real=0.02 secs] 
2020-09-29T17:38:31.541+0200: 23.571: [GC (Allocation Failure) [PSYoungGen: 619045K->30340K(640000K)] 640109K->51404K(2038272K), 0.0137736 secs] [Times: user=0.13 sys=0.00, real=0.01 secs] 
2020-09-29T17:38:31.610+0200: 23.639: [GC (Allocation Failure) [PSYoungGen: 609412K->34307K(637952K)] 630476K->55371K(2036224K), 0.0183057 secs] [Times: user=0.11 sys=0.00, real=0.02 secs] 
2020-09-29T17:38:31.677+0200: 23.707: [GC (Allocation Failure) [PSYoungGen: 613379K->36291K(643584K)] 634443K->57355K(2041856K), 0.0175644 secs] [Times: user=0.13 sys=0.00, real=0.02 secs] 
2020-09-29T17:38:31.745+0200: 23.774: [GC (Allocation Failure) [PSYoungGen: 623043K->34980K(642048K)] 644107K->56044K(2040320K), 0.0162216 secs] [Times: user=0.13 sys=0.00, real=0.02 secs] 
2020-09-29T17:38:31.811+0200: 23.841: [GC (Allocation Failure) [PSYoungGen: 621732K->46948K(639488K)] 642796K->68012K(2037760K), 0.0213210 secs] [Times: user=0.13 sys=0.00, real=0.02 secs] 
2020-09-29T17:38:31.883+0200: 23.913: [GC (Allocation Failure) [PSYoungGen: 633188K->45221K(631808K)] 654252K->66285K(2030080K), 0.0199005 secs] [Times: user=0.13 sys=0.00, real=0.02 secs] 
2020-09-29T17:38:31.955+0200: 23.985: [GC (Allocation Failure) [PSYoungGen: 631461K->11235K(636416K)] 652525K->32299K(2034688K), 0.0065579 secs] [Times: user=0.11 sys=0.00, real=0.01 secs] 
2020-09-29T17:38:32.014+0200: 24.043: [GC (Allocation Failure) [PSYoungGen: 590307K->29285K(638976K)] 611371K->50349K(2037248K), 0.0145298 secs] [Times: user=0.11 sys=0.00, real=0.01 secs] 
2020-09-29T17:38:32.081+0200: 24.110: [GC (Allocation Failure) [PSYoungGen: 608357K->33636K(643072K)] 629421K->54700K(2041344K), 0.0148076 secs] [Times: user=0.13 sys=0.00, real=0.01 secs] 
2020-09-29T17:38:32.146+0200: 24.175: [GC (Allocation Failure) [PSYoungGen: 618340K->44101K(640512K)] 639404K->65165K(2038784K), 0.0189926 secs] [Times: user=0.13 sys=0.00, real=0.02 secs] 
2020-09-29T17:38:32.216+0200: 24.245: [GC (Allocation Failure) [PSYoungGen: 628805K->40517K(641536K)] 649869K->61581K(2039808K), 0.0175305 secs] [Times: user=0.13 sys=0.00, real=0.02 secs] 
2020-09-29T17:38:32.283+0200: 24.313: [GC (Allocation Failure) [PSYoungGen: 624709K->50469K(634880K)] 645773K->71533K(2033152K), 0.0216996 secs] [Times: user=0.25 sys=0.00, real=0.02 secs] 
2020-09-29T17:38:32.355+0200: 24.384: [GC (Allocation Failure) [PSYoungGen: 634661K->17315K(635904K)] 655725K->38379K(2034176K), 0.0098362 secs] [Times: user=0.13 sys=0.00, real=0.01 secs] 
2020-09-29T17:38:32.413+0200: 24.443: [GC (Allocation Failure) [PSYoungGen: 592291K->30789K(636928K)] 613355K->51853K(2035200K), 0.0135435 secs] [Times: user=0.00 sys=0.02, real=0.01 secs] 
2020-09-29T17:38:32.477+0200: 24.506: [GC (Allocation Failure) [PSYoungGen: 605765K->30788K(641024K)] 626829K->51852K(2039296K), 0.0142583 secs] [Times: user=0.13 sys=0.00, real=0.02 secs] 
2020-09-29T17:38:32.541+0200: 24.570: [GC (Allocation Failure) [PSYoungGen: 611908K->22308K(638976K)] 632972K->43372K(2037248K), 0.0108252 secs] [Times: user=0.03 sys=0.00, real=0.01 secs] 
2020-09-29T17:38:32.603+0200: 24.632: [GC (Allocation Failure) [PSYoungGen: 603428K->42917K(638464K)] 624492K->63981K(2036736K), 0.0198565 secs] [Times: user=0.11 sys=0.00, real=0.02 secs] 
2020-09-29T17:38:32.673+0200: 24.702: [GC (Allocation Failure) [PSYoungGen: 624037K->35524K(640000K)] 645101K->56588K(2038272K), 0.0162974 secs] [Times: user=0.13 sys=0.00, real=0.02 secs] 
2020-09-29T17:38:32.739+0200: 24.768: [GC (Allocation Failure) [PSYoungGen: 616644K->13730K(640000K)] 637708K->34794K(2038272K), 0.0089594 secs] [Times: user=0.00 sys=0.00, real=0.01 secs] 
2020-09-29T17:38:32.799+0200: 24.829: [GC (Allocation Failure) [PSYoungGen: 596898K->36325K(641024K)] 617962K->57389K(2039296K), 0.0162786 secs] [Times: user=0.13 sys=0.00, real=0.02 secs] 
2020-09-29T17:38:32.868+0200: 24.898: [GC (Allocation Failure) [PSYoungGen: 619493K->29188K(643584K)] 640557K->50252K(2041856K), 0.0154934 secs] [Times: user=0.13 sys=0.00, real=0.02 secs] 
2020-09-29T17:38:32.940+0200: 24.969: [GC (Allocation Failure) [PSYoungGen: 615428K->24771K(641536K)] 636492K->45835K(2039808K), 0.0140805 secs] [Times: user=0.13 sys=0.00, real=0.01 secs] 
2020-09-29T17:38:33.004+0200: 25.033: [GC (Allocation Failure) [PSYoungGen: 611011K->36548K(645120K)] 632075K->57612K(2043392K), 0.0172588 secs] [Times: user=0.16 sys=0.00, real=0.02 secs] 
2020-09-29T17:38:33.075+0200: 25.104: [GC (Allocation Failure) [PSYoungGen: 627396K->24771K(644608K)] 648460K->45835K(2042880K), 0.0134783 secs] [Times: user=0.13 sys=0.00, real=0.01 secs] 
2020-09-29T17:38:33.139+0200: 25.168: [GC (Allocation Failure) [PSYoungGen: 615619K->26435K(647168K)] 636683K->47499K(2045440K), 0.0142432 secs] [Times: user=0.13 sys=0.00, real=0.01 secs] 
2020-09-29T17:38:33.206+0200: 25.235: [GC (Allocation Failure) [PSYoungGen: 620867K->45028K(639488K)] 641931K->66092K(2037760K), 0.0219863 secs] [Times: user=0.25 sys=0.00, real=0.02 secs] 
2020-09-29T17:38:33.279+0200: 25.308: [GC (Allocation Failure) [PSYoungGen: 639460K->36900K(644608K)] 660524K->57964K(2042880K), 0.0178348 secs] [Times: user=0.13 sys=0.00, real=0.02 secs] 
2020-09-29T17:38:33.347+0200: 25.376: [GC (Allocation Failure) [PSYoungGen: 626724K->37957K(644096K)] 647788K->59021K(2042368K), 0.0177821 secs] [Times: user=0.25 sys=0.00, real=0.02 secs] 
2020-09-29T17:38:33.418+0200: 25.447: [GC (Allocation Failure) [PSYoungGen: 627781K->39909K(643584K)] 648845K->60973K(2041856K), 0.0187078 secs] [Times: user=0.13 sys=0.00, real=0.02 secs] 
2020-09-29T17:38:33.492+0200: 25.521: [GC (Allocation Failure) [PSYoungGen: 629221K->41285K(630784K)] 650285K->62349K(2029056K), 0.0191547 secs] [Times: user=0.13 sys=0.00, real=0.02 secs] 
2020-09-29T17:38:33.561+0200: 25.591: [GC (Allocation Failure) [PSYoungGen: 630597K->42661K(641536K)] 651661K->63725K(2039808K), 0.0218551 secs] [Times: user=0.22 sys=0.00, real=0.02 secs] 
2020-09-29T17:38:33.638+0200: 25.667: [GC (Allocation Failure) [PSYoungGen: 628901K->27044K(642560K)] 649965K->48108K(2040832K), 0.0160409 secs] [Times: user=0.11 sys=0.00, real=0.02 secs] 
2020-09-29T17:38:33.707+0200: 25.736: [GC (Allocation Failure) [PSYoungGen: 613284K->25381K(643584K)] 634348K->46445K(2041856K), 0.0113703 secs] [Times: user=0.09 sys=0.00, real=0.01 secs] 
2020-09-29T17:38:33.772+0200: 25.801: [GC (Allocation Failure) [PSYoungGen: 613157K->38853K(643072K)] 634221K->59917K(2041344K), 0.0176605 secs] [Times: user=0.13 sys=0.00, real=0.02 secs] 
2020-09-29T17:38:33.840+0200: 25.869: [GC (Allocation Failure) [PSYoungGen: 626629K->38757K(644096K)] 647693K->59821K(2042368K), 0.0170801 secs] [Times: user=0.13 sys=0.00, real=0.02 secs] 
2020-09-29T17:38:33.907+0200: 25.936: [GC (Allocation Failure) [PSYoungGen: 628069K->26116K(644096K)] 649133K->47180K(2042368K), 0.0142616 secs] [Times: user=0.13 sys=0.00, real=0.01 secs] 
2020-09-29T17:38:33.972+0200: 26.001: [GC (Allocation Failure) [PSYoungGen: 615428K->27492K(645632K)] 636492K->48556K(2043904K), 0.0142425 secs] [Times: user=0.13 sys=0.00, real=0.01 secs] 
2020-09-29T17:38:34.037+0200: 26.066: [GC (Allocation Failure) [PSYoungGen: 619364K->31044K(645120K)] 640428K->52108K(2043392K), 0.0150494 secs] [Times: user=0.13 sys=0.00, real=0.02 secs] 
2020-09-29T17:38:34.106+0200: 26.135: [GC (Allocation Failure) [PSYoungGen: 622916K->48741K(640000K)] 643980K->69805K(2038272K), 0.0217065 secs] [Times: user=0.13 sys=0.00, real=0.02 secs] 
2020-09-29T17:38:34.178+0200: 26.208: [GC (Allocation Failure) [PSYoungGen: 637029K->35461K(643584K)] 658093K->56525K(2041856K), 0.0170457 secs] [Times: user=0.13 sys=0.00, real=0.02 secs] 
2020-09-29T17:38:34.246+0200: 26.275: [GC (Allocation Failure) [PSYoungGen: 623749K->35813K(646656K)] 644813K->56877K(2044928K), 0.0168839 secs] [Times: user=0.13 sys=0.00, real=0.02 secs] 
2020-09-29T17:38:34.315+0200: 26.344: [GC (Allocation Failure) [PSYoungGen: 628709K->40837K(645120K)] 649773K->61901K(2043392K), 0.0189503 secs] [Times: user=0.25 sys=0.00, real=0.02 secs] 
2020-09-29T17:38:34.384+0200: 26.413: [GC (Allocation Failure) [PSYoungGen: 633733K->16228K(643072K)] 654797K->37292K(2041344K), 0.0084436 secs] [Times: user=0.00 sys=0.00, real=0.01 secs] 
2020-09-29T17:38:34.443+0200: 26.472: [GC (Allocation Failure) [PSYoungGen: 606564K->46021K(636416K)] 627628K->67085K(2034688K), 0.0211843 secs] [Times: user=0.13 sys=0.00, real=0.02 secs] 
2020-09-29T17:38:34.515+0200: 26.544: [GC (Allocation Failure) [PSYoungGen: 636357K->34725K(644096K)] 657421K->55789K(2042368K), 0.0150018 secs] [Times: user=0.13 sys=0.00, real=0.01 secs] 
2020-09-29T17:38:34.581+0200: 26.610: [GC (Allocation Failure) [PSYoungGen: 621989K->47813K(635392K)] 643053K->68877K(2033664K), 0.0236560 secs] [Times: user=0.22 sys=0.00, real=0.02 secs] 
2020-09-29T17:38:34.657+0200: 26.686: [GC (Allocation Failure) [PSYoungGen: 635077K->33220K(643072K)] 656141K->54284K(2041344K), 0.0169364 secs] [Times: user=0.13 sys=0.00, real=0.02 secs] 
2020-09-29T17:38:34.723+0200: 26.753: [GC (Allocation Failure) [PSYoungGen: 618436K->43109K(641024K)] 639500K->64173K(2039296K), 0.0207801 secs] [Times: user=0.13 sys=0.02, real=0.02 secs] 
2020-09-29T17:38:34.796+0200: 26.825: [GC (Allocation Failure) [PSYoungGen: 628325K->39940K(643072K)] 649389K->61004K(2041344K), 0.0200030 secs] [Times: user=0.13 sys=0.00, real=0.02 secs] 
2020-09-29T17:38:34.866+0200: 26.895: [GC (Allocation Failure) [PSYoungGen: 626180K->38180K(642048K)] 647244K->59244K(2040320K), 0.0180310 secs] [Times: user=0.13 sys=0.00, real=0.02 secs] 
2020-09-29T17:38:34.934+0200: 26.963: [GC (Allocation Failure) [PSYoungGen: 624420K->35044K(645632K)] 645484K->56108K(2043904K), 0.0169902 secs] [Times: user=0.13 sys=0.00, real=0.02 secs] 
2020-09-29T17:38:35.006+0200: 27.036: [GC (Allocation Failure) [PSYoungGen: 625892K->37989K(644096K)] 646956K->59053K(2042368K), 0.0172562 secs] [Times: user=0.13 sys=0.00, real=0.02 secs] 
2020-09-29T17:38:35.075+0200: 27.104: [GC (Allocation Failure) [PSYoungGen: 628837K->26179K(646656K)] 649901K->47243K(2044928K), 0.0137906 secs] [Times: user=0.13 sys=0.00, real=0.01 secs] 
2020-09-29T17:38:35.145+0200: 27.174: [GC (Allocation Failure) [PSYoungGen: 620611K->46405K(641024K)] 641675K->67469K(2039296K), 0.0219003 secs] [Times: user=0.25 sys=0.00, real=0.02 secs] 
2020-09-29T17:38:35.217+0200: 27.247: [GC (Allocation Failure) [PSYoungGen: 640837K->24164K(643072K)] 661901K->45228K(2041344K), 0.0122819 secs] [Times: user=0.13 sys=0.00, real=0.02 secs] 
2020-09-29T17:38:35.290+0200: 27.319: [GC (Allocation Failure) [PSYoungGen: 612452K->23460K(643584K)] 633516K->44524K(2041856K), 0.0122168 secs] [Times: user=0.01 sys=0.00, real=0.01 secs] 
2020-09-29T17:38:35.355+0200: 27.384: [GC (Allocation Failure) [PSYoungGen: 611748K->37573K(644608K)] 632812K->58637K(2042880K), 0.0177965 secs] [Times: user=0.13 sys=0.00, real=0.02 secs] 
2020-09-29T17:38:35.428+0200: 27.457: [GC (Allocation Failure) [PSYoungGen: 626885K->52645K(642048K)] 647949K->73709K(2040320K), 0.0241514 secs] [Times: user=0.13 sys=0.00, real=0.02 secs] 
2020-09-29T17:38:35.506+0200: 27.535: [GC (Allocation Failure) [PSYoungGen: 641957K->24740K(637952K)] 663021K->45804K(2036224K), 0.0127768 secs] [Times: user=0.00 sys=0.00, real=0.01 secs] 
2020-09-29T17:38:35.569+0200: 27.598: [GC (Allocation Failure) [PSYoungGen: 605860K->31653K(640000K)] 626924K->52717K(2038272K), 0.0159178 secs] [Times: user=0.11 sys=0.00, real=0.02 secs] 
2020-09-29T17:38:35.636+0200: 27.665: [GC (Allocation Failure) [PSYoungGen: 612773K->52229K(633344K)] 633837K->73293K(2031616K), 0.0245633 secs] [Times: user=0.13 sys=0.00, real=0.02 secs] 
2020-09-29T17:38:35.710+0200: 27.739: [GC (Allocation Failure) [PSYoungGen: 628229K->40293K(637440K)] 649293K->61357K(2035712K), 0.0187948 secs] [Times: user=0.13 sys=0.00, real=0.02 secs] 
2020-09-29T17:38:35.779+0200: 27.808: [GC (Allocation Failure) [PSYoungGen: 616293K->55813K(629248K)] 637357K->76877K(2027520K), 0.0249282 secs] [Times: user=0.25 sys=0.00, real=0.02 secs] 
2020-09-29T17:38:35.852+0200: 27.881: [GC (Allocation Failure) [PSYoungGen: 624645K->22372K(633856K)] 645709K->43436K(2032128K), 0.0109081 secs] [Times: user=0.00 sys=0.00, real=0.01 secs] 
2020-09-29T17:38:35.914+0200: 27.943: [GC (Allocation Failure) [PSYoungGen: 591204K->44260K(633856K)] 612268K->65324K(2032128K), 0.0216440 secs] [Times: user=0.13 sys=0.00, real=0.02 secs] 
2020-09-29T17:38:35.984+0200: 28.013: [GC (Allocation Failure) [PSYoungGen: 613092K->38885K(633856K)] 634156K->59949K(2032128K), 0.0185906 secs] [Times: user=0.13 sys=0.00, real=0.02 secs] 
2020-09-29T17:38:36.053+0200: 28.082: [GC (Allocation Failure) [PSYoungGen: 607717K->33412K(637952K)] 628781K->54476K(2036224K), 0.0175311 secs] [Times: user=0.13 sys=0.00, real=0.02 secs] 
2020-09-29T17:38:36.122+0200: 28.152: [GC (Allocation Failure) [PSYoungGen: 608900K->20356K(636416K)] 629964K->41420K(2034688K), 0.0104622 secs] [Times: user=0.13 sys=0.00, real=0.01 secs] 
2020-09-29T17:38:36.184+0200: 28.213: [GC (Allocation Failure) [PSYoungGen: 595844K->34852K(639488K)] 616908K->55916K(2037760K), 0.0172543 secs] [Times: user=0.13 sys=0.00, real=0.02 secs] 
2020-09-29T17:38:36.250+0200: 28.280: [GC (Allocation Failure) [PSYoungGen: 612900K->38597K(637440K)] 633964K->59661K(2035712K), 0.0184803 secs] [Times: user=0.13 sys=0.00, real=0.02 secs] 
2020-09-29T17:38:36.319+0200: 28.348: [GC (Allocation Failure) [PSYoungGen: 616645K->41477K(641024K)] 637709K->62541K(2039296K), 0.0195878 secs] [Times: user=0.13 sys=0.00, real=0.02 secs] 
2020-09-29T17:38:36.389+0200: 28.418: [GC (Allocation Failure) [PSYoungGen: 624645K->34756K(641024K)] 645709K->55820K(2039296K), 0.0176612 secs] [Times: user=0.13 sys=0.00, real=0.02 secs] 
2020-09-29T17:38:36.456+0200: 28.486: [GC (Allocation Failure) [PSYoungGen: 617924K->43653K(641024K)] 638988K->64717K(2039296K), 0.0205178 secs] [Times: user=0.24 sys=0.00, real=0.02 secs] 
2020-09-29T17:38:36.528+0200: 28.557: [GC (Allocation Failure) [PSYoungGen: 628869K->40965K(642048K)] 649933K->62029K(2040320K), 0.0202282 secs] [Times: user=0.11 sys=0.00, real=0.02 secs] 
2020-09-29T17:38:36.600+0200: 28.629: [GC (Allocation Failure) [PSYoungGen: 626181K->23716K(641536K)] 647245K->44780K(2039808K), 0.0122054 secs] [Times: user=0.00 sys=0.00, real=0.01 secs] 
2020-09-29T17:38:36.663+0200: 28.692: [GC (Allocation Failure) [PSYoungGen: 608932K->48325K(633856K)] 629996K->69389K(2032128K), 0.0223945 secs] [Times: user=0.13 sys=0.00, real=0.02 secs] 
2020-09-29T17:38:36.735+0200: 28.765: [GC (Allocation Failure) [PSYoungGen: 633541K->31973K(641024K)] 654605K->53037K(2039296K), 0.0154363 secs] [Times: user=0.13 sys=0.00, real=0.02 secs] 
2020-09-29T17:38:36.802+0200: 28.832: [GC (Allocation Failure) [PSYoungGen: 613605K->38180K(639488K)] 634669K->59244K(2037760K), 0.0184693 secs] [Times: user=0.13 sys=0.00, real=0.02 secs] 
2020-09-29T17:38:36.870+0200: 28.900: [GC (Allocation Failure) [PSYoungGen: 619812K->45605K(639488K)] 640876K->66669K(2037760K), 0.0215279 secs] [Times: user=0.13 sys=0.00, real=0.02 secs] 
2020-09-29T17:38:36.942+0200: 28.972: [GC (Allocation Failure) [PSYoungGen: 628773K->26884K(641024K)] 649837K->47948K(2039296K), 0.0133359 secs] [Times: user=0.00 sys=0.00, real=0.01 secs] 
2020-09-29T17:38:37.007+0200: 29.037: [GC (Allocation Failure) [PSYoungGen: 610052K->35813K(643072K)] 631116K->56877K(2041344K), 0.0162077 secs] [Times: user=0.13 sys=0.00, real=0.02 secs] 
2020-09-29T17:38:37.073+0200: 29.103: [GC (Allocation Failure) [PSYoungGen: 621541K->33637K(641536K)] 642605K->54701K(2039808K), 0.0163156 secs] [Times: user=0.13 sys=0.00, real=0.02 secs] 
2020-09-29T17:38:37.140+0200: 29.170: [GC (Allocation Failure) [PSYoungGen: 619365K->29988K(645120K)] 640429K->51052K(2043392K), 0.0162810 secs] [Times: user=0.13 sys=0.00, real=0.02 secs] 
2020-09-29T17:38:37.207+0200: 29.236: [GC (Allocation Failure) [PSYoungGen: 620836K->46629K(637952K)] 641900K->67693K(2036224K), 0.0218960 secs] [Times: user=0.13 sys=0.00, real=0.02 secs] 
2020-09-29T17:38:37.279+0200: 29.309: [GC (Allocation Failure) [PSYoungGen: 637477K->49573K(636928K)] 658541K->70637K(2035200K), 0.0226638 secs] [Times: user=0.25 sys=0.00, real=0.02 secs] 
2020-09-29T17:38:37.352+0200: 29.382: [GC (Allocation Failure) [PSYoungGen: 630693K->27748K(640000K)] 651757K->48812K(2038272K), 0.0128985 secs] [Times: user=0.13 sys=0.00, real=0.01 secs] 
2020-09-29T17:38:37.416+0200: 29.446: [GC (Allocation Failure) [PSYoungGen: 608868K->34629K(642048K)] 629932K->55693K(2040320K), 0.0163975 secs] [Times: user=0.13 sys=0.00, real=0.02 secs] 
2020-09-29T17:38:37.483+0200: 29.512: [GC (Allocation Failure) [PSYoungGen: 618309K->30372K(640512K)] 639373K->51436K(2038784K), 0.0149774 secs] [Times: user=0.13 sys=0.00, real=0.01 secs] 
2020-09-29T17:38:37.548+0200: 29.577: [GC (Allocation Failure) [PSYoungGen: 614052K->39845K(643584K)] 635116K->60909K(2041856K), 0.0190165 secs] [Times: user=0.13 sys=0.00, real=0.02 secs] 
2020-09-29T17:38:37.619+0200: 29.648: [GC (Allocation Failure) [PSYoungGen: 627621K->39556K(643072K)] 648685K->60620K(2041344K), 0.0204088 secs] [Times: user=0.11 sys=0.00, real=0.02 secs] 
2020-09-29T17:38:37.691+0200: 29.720: [GC (Allocation Failure) [PSYoungGen: 627332K->39397K(645120K)] 648396K->60461K(2043392K), 0.0181778 secs] [Times: user=0.25 sys=0.00, real=0.02 secs] 
2020-09-29T17:38:37.763+0200: 29.792: [GC (Allocation Failure) [PSYoungGen: 629733K->25507K(644096K)] 650797K->46571K(2042368K), 0.0100433 secs] [Times: user=0.13 sys=0.00, real=0.01 secs] 
2020-09-29T17:38:37.824+0200: 29.853: [GC (Allocation Failure) [PSYoungGen: 615843K->26308K(645120K)] 636907K->47372K(2043392K), 0.0096900 secs] [Times: user=0.13 sys=0.00, real=0.01 secs] 
2020-09-29T17:38:37.886+0200: 29.915: [GC (Allocation Failure) [PSYoungGen: 617156K->42949K(633856K)] 638220K->64013K(2032128K), 0.0146897 secs] [Times: user=0.13 sys=0.00, real=0.02 secs] 
2020-09-29T17:38:37.951+0200: 29.980: [GC (Allocation Failure) [PSYoungGen: 633797K->45925K(640000K)] 654861K->66989K(2038272K), 0.0305226 secs] [Times: user=0.25 sys=0.00, real=0.03 secs] 
2020-09-29T17:38:38.032+0200: 30.061: [GC (Allocation Failure) [PSYoungGen: 631141K->41796K(642048K)] 652205K->62860K(2040320K), 0.0147771 secs] [Times: user=0.13 sys=0.00, real=0.01 secs] 
2020-09-29T17:38:38.097+0200: 30.126: [GC (Allocation Failure) [PSYoungGen: 627012K->11684K(636928K)] 648076K->32748K(2035200K), 0.0040716 secs] [Times: user=0.13 sys=0.00, real=0.00 secs] 
2020-09-29T17:38:38.151+0200: 30.180: [GC (Allocation Failure) [PSYoungGen: 591780K->30500K(639488K)] 612844K->51564K(2037760K), 0.0113546 secs] [Times: user=0.13 sys=0.00, real=0.01 secs] 
2020-09-29T17:38:38.215+0200: 30.244: [GC (Allocation Failure) [PSYoungGen: 610596K->36389K(643072K)] 631660K->57453K(2041344K), 0.0153341 secs] [Times: user=0.13 sys=0.00, real=0.02 secs] 
2020-09-29T17:38:38.283+0200: 30.313: [GC (Allocation Failure) [PSYoungGen: 622117K->47941K(633856K)] 643181K->69005K(2032128K), 0.0168078 secs] [Times: user=0.11 sys=0.00, real=0.02 secs] 
2020-09-29T17:38:38.353+0200: 30.382: [GC (Allocation Failure) [PSYoungGen: 633669K->45765K(636928K)] 654733K->66829K(2035200K), 0.0166419 secs] [Times: user=0.13 sys=0.00, real=0.02 secs] 
2020-09-29T17:38:38.420+0200: 30.449: [GC (Allocation Failure) [PSYoungGen: 623813K->47749K(626176K)] 644877K->68813K(2024448K), 0.0171484 secs] [Times: user=0.13 sys=0.00, real=0.02 secs] 
2020-09-29T17:38:38.487+0200: 30.516: [GC (Allocation Failure) [PSYoungGen: 625797K->36388K(638976K)] 646861K->57452K(2037248K), 0.0140661 secs] [Times: user=0.08 sys=0.00, real=0.01 secs] 
2020-09-29T17:38:38.551+0200: 30.580: [GC (Allocation Failure) [PSYoungGen: 613412K->38788K(636928K)] 634476K->59852K(2035200K), 0.0140523 secs] [Times: user=0.13 sys=0.00, real=0.01 secs] 
2020-09-29T17:38:38.617+0200: 30.646: [GC (Allocation Failure) [PSYoungGen: 615812K->40740K(642048K)] 636876K->61804K(2040320K), 0.0154786 secs] [Times: user=0.11 sys=0.00, real=0.01 secs] 
2020-09-29T17:38:38.682+0200: 30.712: [GC (Allocation Failure) [PSYoungGen: 624932K->21284K(641024K)] 645996K->42348K(2039296K), 0.0082738 secs] [Times: user=0.00 sys=0.00, real=0.01 secs] 
2020-09-29T17:38:38.741+0200: 30.770: [GC (Allocation Failure) [PSYoungGen: 605476K->31140K(642048K)] 626540K->52204K(2040320K), 0.0114911 secs] [Times: user=0.00 sys=0.00, real=0.01 secs] 
2020-09-29T17:38:38.804+0200: 30.833: [GC (Allocation Failure) [PSYoungGen: 615332K->25059K(641024K)] 636396K->46123K(2039296K), 0.0101333 secs] [Times: user=0.00 sys=0.00, real=0.01 secs] 
2020-09-29T17:38:38.864+0200: 30.893: [GC (Allocation Failure) [PSYoungGen: 609251K->32581K(644096K)] 630315K->53645K(2042368K), 0.0111202 secs] [Times: user=0.00 sys=0.00, real=0.01 secs] 
2020-09-29T17:38:38.925+0200: 30.955: [GC (Allocation Failure) [PSYoungGen: 619845K->45476K(642048K)] 640909K->66540K(2040320K), 0.0163303 secs] [Times: user=0.13 sys=0.00, real=0.02 secs] 
2020-09-29T17:38:38.992+0200: 31.021: [GC (Allocation Failure) [PSYoungGen: 632740K->43460K(640000K)] 653804K->64524K(2038272K), 0.0159381 secs] [Times: user=0.13 sys=0.00, real=0.02 secs] 
2020-09-29T17:38:39.058+0200: 31.087: [GC (Allocation Failure) [PSYoungGen: 626628K->38532K(641024K)] 647692K->59596K(2039296K), 0.0135326 secs] [Times: user=0.13 sys=0.00, real=0.01 secs] 
2020-09-29T17:38:39.122+0200: 31.151: [GC (Allocation Failure) [PSYoungGen: 621700K->47461K(638464K)] 642764K->68525K(2036736K), 0.0160838 secs] [Times: user=0.13 sys=0.00, real=0.02 secs] 
2020-09-29T17:38:39.188+0200: 31.217: [GC (Allocation Failure) [PSYoungGen: 629605K->39941K(640512K)] 650669K->61005K(2038784K), 0.0139020 secs] [Times: user=0.13 sys=0.00, real=0.01 secs] 
2020-09-29T17:38:39.252+0200: 31.281: [GC (Allocation Failure) [PSYoungGen: 622085K->47845K(638464K)] 643149K->68909K(2036736K), 0.0163782 secs] [Times: user=0.13 sys=0.00, real=0.02 secs] 
2020-09-29T17:38:39.319+0200: 31.348: [GC (Allocation Failure) [PSYoungGen: 628965K->26436K(640000K)] 650029K->47500K(2038272K), 0.0100088 secs] [Times: user=0.00 sys=0.00, real=0.01 secs] 
2020-09-29T17:38:39.380+0200: 31.410: [GC (Allocation Failure) [PSYoungGen: 607556K->32100K(641024K)] 628620K->53164K(2039296K), 0.0118788 secs] [Times: user=0.00 sys=0.00, real=0.01 secs] 
2020-09-29T17:38:39.442+0200: 31.471: [GC (Allocation Failure) [PSYoungGen: 614244K->40005K(640000K)] 635308K->61069K(2038272K), 0.0135811 secs] [Times: user=0.13 sys=0.00, real=0.01 secs] 
2020-09-29T17:38:39.506+0200: 31.536: [GC (Allocation Failure) [PSYoungGen: 622149K->34213K(643584K)] 643213K->55277K(2041856K), 0.0123517 secs] [Times: user=0.00 sys=0.00, real=0.01 secs] 
2020-09-29T17:38:39.570+0200: 31.599: [GC (Allocation Failure) [PSYoungGen: 620965K->46821K(633856K)] 642029K->67885K(2032128K), 0.0171674 secs] [Times: user=0.11 sys=0.00, real=0.02 secs] 
2020-09-29T17:38:39.639+0200: 31.668: [GC (Allocation Failure) [PSYoungGen: 633573K->28995K(642048K)] 654637K->50059K(2040320K), 0.0118938 secs] [Times: user=0.13 sys=0.00, real=0.01 secs] 
2020-09-29T17:38:39.701+0200: 31.730: [GC (Allocation Failure) [PSYoungGen: 613699K->22596K(641536K)] 634763K->43660K(2039808K), 0.0088508 secs] [Times: user=0.13 sys=0.00, real=0.01 secs] 
2020-09-29T17:38:39.760+0200: 31.789: [GC (Allocation Failure) [PSYoungGen: 607300K->32804K(643072K)] 628364K->53868K(2041344K), 0.0121208 secs] [Times: user=0.13 sys=0.00, real=0.01 secs] 
2020-09-29T17:38:39.823+0200: 31.852: [GC (Allocation Failure) [PSYoungGen: 618532K->29732K(641536K)] 639596K->50796K(2039808K), 0.0113070 secs] [Times: user=0.13 sys=0.00, real=0.01 secs] 
2020-09-29T17:38:39.885+0200: 31.914: [GC (Allocation Failure) [PSYoungGen: 615460K->41157K(643072K)] 636524K->62221K(2041344K), 0.0135520 secs] [Times: user=0.13 sys=0.00, real=0.01 secs] 
2020-09-29T17:38:39.949+0200: 31.978: [GC (Allocation Failure) [PSYoungGen: 629445K->40388K(643584K)] 650509K->61452K(2041856K), 0.0145835 secs] [Times: user=0.13 sys=0.00, real=0.01 secs] 
2020-09-29T17:38:40.014+0200: 32.043: [GC (Allocation Failure) [PSYoungGen: 628676K->26917K(644096K)] 649740K->47981K(2042368K), 0.0092988 secs] [Times: user=0.13 sys=0.00, real=0.01 secs] 
2020-09-29T17:38:40.074+0200: 32.103: [GC (Allocation Failure) [PSYoungGen: 616229K->26436K(644096K)] 637293K->47500K(2042368K), 0.0100114 secs] [Times: user=0.13 sys=0.00, real=0.01 secs] 
2020-09-29T17:38:40.134+0200: 32.163: [GC (Allocation Failure) [PSYoungGen: 615748K->27717K(645632K)] 636812K->48781K(2043904K), 0.0103256 secs] [Times: user=0.00 sys=0.00, real=0.01 secs] 
2020-09-29T17:38:40.196+0200: 32.225: [GC (Allocation Failure) [PSYoungGen: 619077K->30373K(644608K)] 640141K->51437K(2042880K), 0.0109613 secs] [Times: user=0.00 sys=0.00, real=0.01 secs] 
2020-09-29T17:38:40.258+0200: 32.287: [GC (Allocation Failure) [PSYoungGen: 621733K->33125K(648704K)] 642797K->54189K(2046976K), 0.0117716 secs] [Times: user=0.00 sys=0.00, real=0.01 secs] 
2020-09-29T17:38:40.321+0200: 32.350: [GC (Allocation Failure) [PSYoungGen: 630117K->27364K(647168K)] 651181K->48428K(2045440K), 0.0093582 secs] [Times: user=0.00 sys=0.00, real=0.01 secs] 
2020-09-29T17:38:40.382+0200: 32.411: [GC (Allocation Failure) [PSYoungGen: 624356K->35780K(649728K)] 645420K->56844K(2048000K), 0.0134370 secs] [Times: user=0.00 sys=0.00, real=0.01 secs] 
2020-09-29T17:38:40.447+0200: 32.476: [GC (Allocation Failure) [PSYoungGen: 635844K->47909K(648192K)] 656908K->68973K(2046464K), 0.0157838 secs] [Times: user=0.13 sys=0.00, real=0.02 secs] 
2020-09-29T17:38:40.517+0200: 32.546: [GC (Allocation Failure) [PSYoungGen: 647973K->32516K(647168K)] 669037K->53580K(2045440K), 0.0123253 secs] [Times: user=0.13 sys=0.00, real=0.01 secs] 
2020-09-29T17:38:40.582+0200: 32.611: [GC (Allocation Failure) [PSYoungGen: 628996K->25027K(647680K)] 650060K->46091K(2045952K), 0.0110994 secs] [Times: user=0.11 sys=0.00, real=0.01 secs] 
2020-09-29T17:38:40.645+0200: 32.674: [GC (Allocation Failure) [PSYoungGen: 621507K->19140K(646656K)] 642571K->40204K(2044928K), 0.0075058 secs] [Times: user=0.13 sys=0.00, real=0.01 secs] 
2020-09-29T17:38:40.703+0200: 32.733: [GC (Allocation Failure) [PSYoungGen: 614596K->40325K(635904K)] 635660K->61389K(2034176K), 0.0131615 secs] [Times: user=0.13 sys=0.00, real=0.01 secs] 
2020-09-29T17:38:40.770+0200: 32.800: [GC (Allocation Failure) [PSYoungGen: 635781K->34181K(647168K)] 656845K->55245K(2045440K), 0.0112487 secs] [Times: user=0.00 sys=0.00, real=0.01 secs] 
2020-09-29T17:38:40.835+0200: 32.864: [GC (Allocation Failure) [PSYoungGen: 628101K->39300K(645632K)] 649165K->60364K(2043904K), 0.0137551 secs] [Times: user=0.13 sys=0.00, real=0.01 secs] 
2020-09-29T17:38:40.901+0200: 32.930: [GC (Allocation Failure) [PSYoungGen: 633220K->16003K(644608K)] 654284K->37067K(2042880K), 0.0066186 secs] [Times: user=0.00 sys=0.00, real=0.01 secs] 
2020-09-29T17:38:40.958+0200: 32.987: [GC (Allocation Failure) [PSYoungGen: 608387K->47877K(640512K)] 629451K->68941K(2038784K), 0.0166227 secs] [Times: user=0.13 sys=0.00, real=0.02 secs] 
2020-09-29T17:38:41.026+0200: 33.055: [GC (Allocation Failure) [PSYoungGen: 640261K->23396K(642560K)] 661325K->44460K(2040832K), 0.0089528 secs] [Times: user=0.00 sys=0.00, real=0.01 secs] 
2020-09-29T17:38:41.084+0200: 33.114: [GC (Allocation Failure) [PSYoungGen: 608612K->17891K(641536K)] 629676K->38955K(2039808K), 0.0074958 secs] [Times: user=0.00 sys=0.00, real=0.01 secs] 
2020-09-29T17:38:41.142+0200: 33.171: [GC (Allocation Failure) [PSYoungGen: 603107K->28740K(644608K)] 624171K->49804K(2042880K), 0.0103965 secs] [Times: user=0.13 sys=0.00, real=0.01 secs] 
2020-09-29T17:38:41.203+0200: 33.232: [GC (Allocation Failure) [PSYoungGen: 617028K->42821K(642560K)] 638092K->63885K(2040832K), 0.0142360 secs] [Times: user=0.13 sys=0.00, real=0.01 secs] 
2020-09-29T17:38:41.268+0200: 33.298: [GC (Allocation Failure) [PSYoungGen: 631109K->42084K(639488K)] 652173K->63148K(2037760K), 0.0148133 secs] [Times: user=0.13 sys=0.00, real=0.02 secs] 
2020-09-29T17:38:41.333+0200: 33.362: [GC (Allocation Failure) [PSYoungGen: 625252K->37285K(641024K)] 646316K->58349K(2039296K), 0.0121885 secs] [Times: user=0.00 sys=0.00, real=0.01 secs] 
2020-09-29T17:38:41.395+0200: 33.424: [GC (Allocation Failure) [PSYoungGen: 620453K->30756K(643584K)] 641517K->51820K(2041856K), 0.0109038 secs] [Times: user=0.00 sys=0.00, real=0.01 secs] 
2020-09-29T17:38:41.456+0200: 33.485: [GC (Allocation Failure) [PSYoungGen: 617508K->40228K(642048K)] 638572K->61292K(2040320K), 0.0137883 secs] [Times: user=0.13 sys=0.00, real=0.01 secs] 
2020-09-29T17:38:41.521+0200: 33.550: [GC (Allocation Failure) [PSYoungGen: 626980K->38981K(643584K)] 648044K->60045K(2041856K), 0.0153516 secs] [Times: user=0.13 sys=0.00, real=0.02 secs] 
2020-09-29T17:38:41.589+0200: 33.619: [GC (Allocation Failure) [PSYoungGen: 627269K->39109K(643584K)] 648333K->60173K(2041856K), 0.0158589 secs] [Times: user=0.11 sys=0.00, real=0.02 secs] 
2020-09-29T17:38:41.657+0200: 33.687: [GC (Allocation Failure) [PSYoungGen: 627397K->39461K(644096K)] 648461K->60525K(2042368K), 0.0149064 secs] [Times: user=0.13 sys=0.00, real=0.01 secs] 
2020-09-29T17:38:41.723+0200: 33.752: [GC (Allocation Failure) [PSYoungGen: 628773K->26948K(644096K)] 649837K->48012K(2042368K), 0.0103067 secs] [Times: user=0.00 sys=0.00, real=0.01 secs] 
2020-09-29T17:38:41.786+0200: 33.815: [GC (Allocation Failure) [PSYoungGen: 616260K->41348K(643584K)] 637324K->62412K(2041856K), 0.0148316 secs] [Times: user=0.00 sys=0.00, real=0.01 secs] 
2020-09-29T17:38:41.850+0200: 33.880: [GC (Allocation Failure) [PSYoungGen: 630660K->42244K(631808K)] 651724K->63308K(2030080K), 0.0146049 secs] [Times: user=0.13 sys=0.00, real=0.02 secs] 
2020-09-29T17:38:41.915+0200: 33.945: [GC (Allocation Failure) [PSYoungGen: 631556K->29477K(644096K)] 652620K->50541K(2042368K), 0.0098282 secs] [Times: user=0.00 sys=0.00, real=0.01 secs] 
2020-09-29T17:38:41.975+0200: 34.005: [GC (Allocation Failure) [PSYoungGen: 618277K->44037K(633344K)] 639341K->65101K(2031616K), 0.0148966 secs] [Times: user=0.13 sys=0.00, real=0.02 secs] 
2020-09-29T17:38:42.041+0200: 34.071: [GC (Allocation Failure) [PSYoungGen: 632837K->44997K(640000K)] 653901K->66061K(2038272K), 0.0156729 secs] [Times: user=0.13 sys=0.00, real=0.02 secs] 
2020-09-29T17:38:42.107+0200: 34.136: [GC (Allocation Failure) [PSYoungGen: 629189K->41221K(641536K)] 650253K->62285K(2039808K), 0.0138704 secs] [Times: user=0.13 sys=0.00, real=0.01 secs] 
2020-09-29T17:38:42.173+0200: 34.202: [GC (Allocation Failure) [PSYoungGen: 625413K->51205K(635904K)] 646477K->72269K(2034176K), 0.0189687 secs] [Times: user=0.13 sys=0.00, real=0.02 secs] 
2020-09-29T17:38:42.244+0200: 34.273: [GC (Allocation Failure) [PSYoungGen: 630277K->28645K(638976K)] 651341K->49709K(2037248K), 0.0109730 secs] [Times: user=0.13 sys=0.00, real=0.01 secs] 
2020-09-29T17:38:42.307+0200: 34.337: [GC (Allocation Failure) [PSYoungGen: 607717K->33413K(640512K)] 628781K->54477K(2038784K), 0.0135501 secs] [Times: user=0.13 sys=0.00, real=0.01 secs] 
2020-09-29T17:38:42.372+0200: 34.402: [GC (Allocation Failure) [PSYoungGen: 614021K->39781K(638976K)] 635085K->60845K(2037248K), 0.0139273 secs] [Times: user=0.13 sys=0.00, real=0.01 secs] 
2020-09-29T17:38:42.435+0200: 34.465: [GC (Allocation Failure) [PSYoungGen: 620389K->46149K(639488K)] 641453K->67213K(2037760K), 0.0155388 secs] [Times: user=0.13 sys=0.00, real=0.02 secs] 
2020-09-29T17:38:42.502+0200: 34.531: [GC (Allocation Failure) [PSYoungGen: 628293K->26693K(640512K)] 649357K->47757K(2038784K), 0.0107663 secs] [Times: user=0.13 sys=0.00, real=0.01 secs] 
2020-09-29T17:38:42.570+0200: 34.600: [GC (Allocation Failure) [PSYoungGen: 608837K->33348K(642048K)] 629901K->54412K(2040320K), 0.0150719 secs] [Times: user=0.11 sys=0.00, real=0.02 secs] 
2020-09-29T17:38:42.637+0200: 34.666: [GC (Allocation Failure) [PSYoungGen: 617028K->28804K(640512K)] 638092K->49868K(2038784K), 0.0108054 secs] [Times: user=0.13 sys=0.00, real=0.01 secs] 
2020-09-29T17:38:42.698+0200: 34.727: [GC (Allocation Failure) [PSYoungGen: 612484K->22116K(641536K)] 633548K->43180K(2039808K), 0.0086879 secs] [Times: user=0.00 sys=0.00, real=0.01 secs] 
2020-09-29T17:38:42.757+0200: 34.786: [GC (Allocation Failure) [PSYoungGen: 607332K->46757K(632320K)] 628396K->67821K(2030592K), 0.0164759 secs] [Times: user=0.13 sys=0.00, real=0.02 secs] 
2020-09-29T17:38:42.824+0200: 34.853: [GC (Allocation Failure) [PSYoungGen: 631973K->44101K(637952K)] 653037K->65165K(2036224K), 0.0147999 secs] [Times: user=0.13 sys=0.00, real=0.02 secs] 
2020-09-29T17:38:42.887+0200: 34.917: [GC (Allocation Failure) [PSYoungGen: 623173K->31939K(638976K)] 644237K->53003K(2037248K), 0.0117414 secs] [Times: user=0.13 sys=0.00, real=0.01 secs] 
2020-09-29T17:38:42.948+0200: 34.978: [GC (Allocation Failure) [PSYoungGen: 611011K->36773K(642560K)] 632075K->57837K(2040832K), 0.0126471 secs] [Times: user=0.13 sys=0.00, real=0.01 secs] 
2020-09-29T17:38:43.011+0200: 35.040: [GC (Allocation Failure) [PSYoungGen: 620965K->31043K(640512K)] 642029K->52107K(2038784K), 0.0121977 secs] [Times: user=0.13 sys=0.00, real=0.01 secs] 
2020-09-29T17:38:43.073+0200: 35.102: [GC (Allocation Failure) [PSYoungGen: 615235K->38531K(644608K)] 636299K->59595K(2042880K), 0.0145883 secs] [Times: user=0.13 sys=0.00, real=0.02 secs] 
2020-09-29T17:38:43.138+0200: 35.167: [GC (Allocation Failure) [PSYoungGen: 627843K->24580K(643584K)] 648907K->45644K(2041856K), 0.0091504 secs] [Times: user=0.13 sys=0.00, real=0.01 secs] 
2020-09-29T17:38:43.200+0200: 35.230: [GC (Allocation Failure) [PSYoungGen: 613892K->39653K(644608K)] 634956K->60717K(2042880K), 0.0135153 secs] [Times: user=0.13 sys=0.00, real=0.01 secs] 
2020-09-29T17:38:43.264+0200: 35.294: [GC (Allocation Failure) [PSYoungGen: 629989K->41861K(632320K)] 651053K->62925K(2030592K), 0.0146048 secs] [Times: user=0.13 sys=0.00, real=0.02 secs] 
2020-09-29T17:38:43.330+0200: 35.359: [GC (Allocation Failure) [PSYoungGen: 632197K->30629K(645120K)] 653261K->51693K(2043392K), 0.0108088 secs] [Times: user=0.13 sys=0.00, real=0.01 secs] 
2020-09-29T17:38:43.390+0200: 35.419: [GC (Allocation Failure) [PSYoungGen: 620965K->32997K(644096K)] 642029K->54061K(2042368K), 0.0107490 secs] [Times: user=0.13 sys=0.00, real=0.01 secs] 
2020-09-29T17:38:43.452+0200: 35.481: [GC (Allocation Failure) [PSYoungGen: 623333K->48965K(640000K)] 644397K->70029K(2038272K), 0.0167591 secs] [Times: user=0.13 sys=0.00, real=0.02 secs] 
2020-09-29T17:38:43.518+0200: 35.548: [GC (Allocation Failure) [PSYoungGen: 636229K->19684K(607232K)] 657293K->40748K(2005504K), 0.0074136 secs] [Times: user=0.13 sys=0.00, real=0.01 secs] 
2020-09-29T17:38:43.578+0200: 35.607: [GC (Allocation Failure) [PSYoungGen: 606948K->46469K(637952K)] 628012K->67533K(2036224K), 0.0194277 secs] [Times: user=0.09 sys=0.00, real=0.02 secs] 
2020-09-29T17:38:43.649+0200: 35.679: [GC (Allocation Failure) [PSYoungGen: 627589K->39589K(640000K)] 648653K->60653K(2038272K), 0.0138734 secs] [Times: user=0.13 sys=0.00, real=0.01 secs] 
2020-09-29T17:38:43.713+0200: 35.742: [GC (Allocation Failure) [PSYoungGen: 620709K->46469K(637952K)] 641773K->67533K(2036224K), 0.0153283 secs] [Times: user=0.13 sys=0.00, real=0.01 secs] 
2020-09-29T17:38:43.779+0200: 35.809: [GC (Allocation Failure) [PSYoungGen: 626565K->38629K(639488K)] 647629K->59693K(2037760K), 0.0135256 secs] [Times: user=0.13 sys=0.00, real=0.01 secs] 
2020-09-29T17:38:43.847+0200: 35.877: [GC (Allocation Failure) [PSYoungGen: 618725K->29668K(641536K)] 639789K->50732K(2039808K), 0.0105037 secs] [Times: user=0.13 sys=0.00, real=0.01 secs] 
2020-09-29T17:38:43.907+0200: 35.937: [GC (Allocation Failure) [PSYoungGen: 613348K->7490K(591360K)] 634412K->28554K(1989632K), 0.0040743 secs] [Times: user=0.13 sys=0.00, real=0.00 secs] 
2020-09-29T17:38:43.961+0200: 35.990: [GC (Allocation Failure) [PSYoungGen: 591170K->44293K(635904K)] 612234K->65357K(2034176K), 0.0149811 secs] [Times: user=0.13 sys=0.00, real=0.02 secs] 
2020-09-29T17:38:44.025+0200: 36.054: [GC (Allocation Failure) [PSYoungGen: 620293K->31556K(637440K)] 641357K->52620K(2035712K), 0.0120297 secs] [Times: user=0.13 sys=0.00, real=0.01 secs] 
2020-09-29T17:38:44.087+0200: 36.116: [GC (Allocation Failure) [PSYoungGen: 607556K->32163K(641536K)] 628620K->53227K(2039808K), 0.0127789 secs] [Times: user=0.13 sys=0.00, real=0.01 secs] 
2020-09-29T17:38:44.149+0200: 36.178: [GC (Allocation Failure) [PSYoungGen: 614307K->24069K(639488K)] 635371K->45133K(2037760K), 0.0094382 secs] [Times: user=0.00 sys=0.00, real=0.01 secs] 
2020-09-29T17:38:44.209+0200: 36.238: [GC (Allocation Failure) [PSYoungGen: 606213K->45669K(637952K)] 627277K->66733K(2036224K), 0.0150791 secs] [Times: user=0.13 sys=0.00, real=0.01 secs] 
2020-09-29T17:38:44.277+0200: 36.306: [GC (Allocation Failure) [PSYoungGen: 626789K->38853K(640000K)] 647853K->59917K(2038272K), 0.0160959 secs] [Times: user=0.11 sys=0.02, real=0.02 secs] 
2020-09-29T17:38:44.345+0200: 36.374: [GC (Allocation Failure) [PSYoungGen: 619973K->18276K(639488K)] 641037K->39340K(2037760K), 0.0073721 secs] [Times: user=0.13 sys=0.00, real=0.01 secs] 
2020-09-29T17:38:44.405+0200: 36.435: [GC (Allocation Failure) [PSYoungGen: 599396K->37892K(640000K)] 620460K->58956K(2038272K), 0.0145831 secs] [Times: user=0.13 sys=0.00, real=0.02 secs] 
2020-09-29T17:38:44.470+0200: 36.500: [GC (Allocation Failure) [PSYoungGen: 619012K->44773K(637952K)] 640076K->65837K(2036224K), 0.0154204 secs] [Times: user=0.13 sys=0.00, real=0.02 secs] 
2020-09-29T17:38:44.536+0200: 36.565: [GC (Allocation Failure) [PSYoungGen: 624869K->35300K(639488K)] 645933K->56364K(2037760K), 0.0137626 secs] [Times: user=0.00 sys=0.00, real=0.01 secs] 
2020-09-29T17:38:44.601+0200: 36.630: [GC (Allocation Failure) [PSYoungGen: 615396K->26468K(642560K)] 636460K->47532K(2040832K), 0.0103818 secs] [Times: user=0.00 sys=0.00, real=0.01 secs] 
2020-09-29T17:38:44.663+0200: 36.692: [GC (Allocation Failure) [PSYoungGen: 611684K->23781K(641536K)] 632748K->44845K(2039808K), 0.0079967 secs] [Times: user=0.00 sys=0.00, real=0.01 secs] 
2020-09-29T17:38:44.721+0200: 36.751: [GC (Allocation Failure) [PSYoungGen: 608997K->34789K(644608K)] 630061K->55853K(2042880K), 0.0123696 secs] [Times: user=0.13 sys=0.00, real=0.01 secs] 
2020-09-29T17:38:44.786+0200: 36.815: [GC (Allocation Failure) [PSYoungGen: 623589K->49413K(638464K)] 644653K->70477K(2036736K), 0.0164403 secs] [Times: user=0.13 sys=0.00, real=0.02 secs] 
2020-09-29T17:38:44.853+0200: 36.882: [GC (Allocation Failure) [PSYoungGen: 638213K->36420K(642048K)] 659277K->57484K(2040320K), 0.0132732 secs] [Times: user=0.13 sys=0.00, real=0.01 secs] 
2020-09-29T17:38:44.916+0200: 36.945: [GC (Allocation Failure) [PSYoungGen: 620100K->32197K(640512K)] 641164K->53261K(2038784K), 0.0105247 secs] [Times: user=0.00 sys=0.00, real=0.01 secs] 
2020-09-29T17:38:44.977+0200: 37.006: [GC (Allocation Failure) [PSYoungGen: 615877K->24547K(644096K)] 636941K->45611K(2042368K), 0.0099578 secs] [Times: user=0.00 sys=0.00, real=0.01 secs] 
2020-09-29T17:38:45.042+0200: 37.072: [GC (Allocation Failure) [PSYoungGen: 613859K->37157K(644096K)] 634923K->58221K(2042368K), 0.0131564 secs] [Times: user=0.13 sys=0.00, real=0.01 secs] 
2020-09-29T17:38:45.106+0200: 37.136: [GC (Allocation Failure) [PSYoungGen: 626469K->38501K(645120K)] 647533K->59565K(2043392K), 0.0134526 secs] [Times: user=0.13 sys=0.00, real=0.01 secs] 
2020-09-29T17:38:45.174+0200: 37.203: [GC (Allocation Failure) [PSYoungGen: 629861K->53733K(645120K)] 650925K->76677K(2043392K), 0.0188399 secs] [Times: user=0.23 sys=0.02, real=0.02 secs] 
2020-09-29T17:38:45.244+0200: 37.274: [GC (Allocation Failure) [PSYoungGen: 645093K->45477K(631808K)] 668037K->68421K(2030080K), 0.0151273 secs] [Times: user=0.13 sys=0.00, real=0.02 secs] 
2020-09-29T17:38:45.309+0200: 37.338: [GC (Allocation Failure) [PSYoungGen: 623525K->35492K(638464K)] 646469K->58436K(2036736K), 0.0122853 secs] [Times: user=0.13 sys=0.00, real=0.01 secs] 
2020-09-29T17:38:45.371+0200: 37.400: [GC (Allocation Failure) [PSYoungGen: 613540K->24836K(640512K)] 636484K->47780K(2038784K), 0.0089901 secs] [Times: user=0.03 sys=0.00, real=0.01 secs] 
2020-09-29T17:38:45.429+0200: 37.459: [GC (Allocation Failure) [PSYoungGen: 606980K->31395K(640512K)] 629924K->54339K(2038784K), 0.0118513 secs] [Times: user=0.00 sys=0.00, real=0.01 secs] 
2020-09-29T17:38:45.491+0200: 37.520: [GC (Allocation Failure) [PSYoungGen: 613539K->37860K(643072K)] 636483K->60804K(2041344K), 0.0138436 secs] [Times: user=0.00 sys=0.00, real=0.01 secs] 
2020-09-29T17:38:45.555+0200: 37.584: [GC (Allocation Failure) [PSYoungGen: 623588K->21124K(641536K)] 646532K->44068K(2039808K), 0.0084518 secs] [Times: user=0.00 sys=0.00, real=0.01 secs] 
2020-09-29T17:38:45.615+0200: 37.645: [GC (Allocation Failure) [PSYoungGen: 606852K->32581K(644608K)] 629796K->55525K(2042880K), 0.0127831 secs] [Times: user=0.00 sys=0.00, real=0.01 secs] 
2020-09-29T17:38:45.680+0200: 37.710: [GC (Allocation Failure) [PSYoungGen: 620869K->46629K(635392K)] 643813K->69573K(2033664K), 0.0155761 secs] [Times: user=0.13 sys=0.00, real=0.02 secs] 
2020-09-29T17:38:45.746+0200: 37.775: [GC (Allocation Failure) [PSYoungGen: 634917K->18563K(640512K)] 657861K->41507K(2038784K), 0.0077515 secs] [Times: user=0.00 sys=0.00, real=0.01 secs] 
2020-09-29T17:38:45.804+0200: 37.833: [GC (Allocation Failure) [PSYoungGen: 601731K->26724K(641024K)] 624675K->49668K(2039296K), 0.0102578 secs] [Times: user=0.00 sys=0.00, real=0.01 secs] 
2020-09-29T17:38:45.864+0200: 37.893: [GC (Allocation Failure) [PSYoungGen: 609892K->35332K(643584K)] 632836K->58276K(2041856K), 0.0131475 secs] [Times: user=0.00 sys=0.00, real=0.01 secs] 
2020-09-29T17:38:45.927+0200: 37.956: [GC (Allocation Failure) [PSYoungGen: 622084K->20227K(642048K)] 645028K->43171K(2040320K), 0.0089386 secs] [Times: user=0.00 sys=0.00, real=0.01 secs] 
2020-09-29T17:38:45.986+0200: 38.015: [GC (Allocation Failure) [PSYoungGen: 606979K->17284K(643584K)] 629923K->40228K(2041856K), 0.0062839 secs] [Times: user=0.13 sys=0.00, real=0.01 secs] 
2020-09-29T17:38:46.046+0200: 38.076: [GC (Allocation Failure) [PSYoungGen: 605572K->45029K(633344K)] 628516K->67973K(2031616K), 0.0154390 secs] [Times: user=0.13 sys=0.00, real=0.02 secs] 
2020-09-29T17:38:46.113+0200: 38.142: [GC (Allocation Failure) [PSYoungGen: 633317K->29989K(643072K)] 656261K->52933K(2041344K), 0.0112828 secs] [Times: user=0.13 sys=0.00, real=0.01 secs] 
2020-09-29T17:38:46.175+0200: 38.205: [GC (Allocation Failure) [PSYoungGen: 614693K->39108K(640512K)] 637637K->62052K(2038784K), 0.0158911 secs] [Times: user=0.13 sys=0.00, real=0.02 secs] 
2020-09-29T17:38:46.242+0200: 38.272: [GC (Allocation Failure) [PSYoungGen: 623812K->35909K(643584K)] 646756K->58853K(2041856K), 0.0115136 secs] [Times: user=0.00 sys=0.00, real=0.01 secs] 
2020-09-29T17:38:46.305+0200: 38.334: [GC (Allocation Failure) [PSYoungGen: 623173K->48933K(636416K)] 646117K->71877K(2034688K), 0.0164976 secs] [Times: user=0.13 sys=0.00, real=0.02 secs] 
2020-09-29T17:38:46.372+0200: 38.401: [GC (Allocation Failure) [PSYoungGen: 636197K->33827K(642048K)] 659141K->56771K(2040320K), 0.0126645 secs] [Times: user=0.13 sys=0.00, real=0.01 secs] 
2020-09-29T17:38:46.435+0200: 38.464: [GC (Allocation Failure) [PSYoungGen: 616995K->28005K(640000K)] 639939K->50949K(2038272K), 0.0104940 secs] [Times: user=0.13 sys=0.00, real=0.01 secs] 
2020-09-29T17:38:46.495+0200: 38.524: [GC (Allocation Failure) [PSYoungGen: 611173K->36932K(644096K)] 634117K->59876K(2042368K), 0.0137773 secs] [Times: user=0.13 sys=0.00, real=0.01 secs] 
2020-09-29T17:38:46.560+0200: 38.589: [GC (Allocation Failure) [PSYoungGen: 625220K->36676K(643072K)] 648164K->59620K(2041344K), 0.0144318 secs] [Times: user=0.11 sys=0.00, real=0.01 secs] 
2020-09-29T17:38:46.626+0200: 38.656: [GC (Allocation Failure) [PSYoungGen: 624964K->23076K(645120K)] 647908K->46020K(2043392K), 0.0102502 secs] [Times: user=0.11 sys=0.00, real=0.01 secs] 
2020-09-29T17:38:46.688+0200: 38.718: [GC (Allocation Failure) [PSYoungGen: 614436K->24740K(645120K)] 637380K->47684K(2043392K), 0.0108592 secs] [Times: user=0.11 sys=0.00, real=0.01 secs] 
2020-09-29T17:38:46.750+0200: 38.779: [GC (Allocation Failure) [PSYoungGen: 616100K->41893K(643072K)] 639044K->64837K(2041344K), 0.0138302 secs] [Times: user=0.13 sys=0.00, real=0.01 secs] 
2020-09-29T17:38:46.814+0200: 38.844: [GC (Allocation Failure) [PSYoungGen: 632229K->30565K(644608K)] 655173K->53509K(2042880K), 0.0109544 secs] [Times: user=0.13 sys=0.00, real=0.01 secs] 
2020-09-29T17:38:46.877+0200: 38.906: [GC (Allocation Failure) [PSYoungGen: 620901K->32708K(648192K)] 643845K->55652K(2046464K), 0.0122118 secs] [Times: user=0.13 sys=0.00, real=0.01 secs] 
2020-09-29T17:38:46.940+0200: 38.969: [GC (Allocation Failure) [PSYoungGen: 628164K->40165K(646144K)] 651108K->63109K(2044416K), 0.0141911 secs] [Times: user=0.13 sys=0.00, real=0.01 secs] 
2020-09-29T17:38:47.005+0200: 39.034: [GC (Allocation Failure) [PSYoungGen: 635621K->34085K(648704K)] 658565K->57029K(2046976K), 0.0116140 secs] [Times: user=0.00 sys=0.00, real=0.01 secs] 
2020-09-29T17:38:47.067+0200: 39.097: [GC (Allocation Failure) [PSYoungGen: 631077K->43109K(640512K)] 654021K->66053K(2038784K), 0.0145420 secs] [Times: user=0.00 sys=0.00, real=0.02 secs] 
2020-09-29T17:38:47.137+0200: 39.166: [GC (Allocation Failure) [PSYoungGen: 640101K->38533K(647168K)] 663045K->61477K(2045440K), 0.0143450 secs] [Times: user=0.13 sys=0.00, real=0.01 secs] 
2020-09-29T17:38:47.206+0200: 39.235: [GC (Allocation Failure) [PSYoungGen: 633477K->31620K(646656K)] 656421K->54564K(2044928K), 0.0140427 secs] [Times: user=0.11 sys=0.00, real=0.01 secs] 
2020-09-29T17:38:47.273+0200: 39.303: [GC (Allocation Failure) [PSYoungGen: 626564K->8194K(642048K)] 649508K->31138K(2040320K), 0.0055483 secs] [Times: user=0.00 sys=0.00, real=0.01 secs] 
2020-09-29T17:38:47.331+0200: 39.360: [GC (Allocation Failure) [PSYoungGen: 599554K->23973K(645120K)] 622498K->46917K(2043392K), 0.0085893 secs] [Times: user=0.13 sys=0.00, real=0.01 secs] 
2020-09-29T17:38:47.392+0200: 39.421: [GC (Allocation Failure) [PSYoungGen: 615333K->24707K(647168K)] 638277K->47651K(2045440K), 0.0097522 secs] [Times: user=0.13 sys=0.00, real=0.01 secs] 
2020-09-29T17:38:47.453+0200: 39.482: [GC (Allocation Failure) [PSYoungGen: 619139K->43236K(637952K)] 642083K->66180K(2036224K), 0.0155994 secs] [Times: user=0.13 sys=0.00, real=0.01 secs] 
2020-09-29T17:38:47.519+0200: 39.548: [GC (Allocation Failure) [PSYoungGen: 637668K->20547K(644608K)] 660612K->43491K(2042880K), 0.0079955 secs] [Times: user=0.13 sys=0.00, real=0.01 secs] 
2020-09-29T17:38:47.578+0200: 39.608: [GC (Allocation Failure) [PSYoungGen: 610883K->36613K(644608K)] 633827K->59557K(2042880K), 0.0141641 secs] [Times: user=0.11 sys=0.00, real=0.01 secs] 
2020-09-29T17:38:47.645+0200: 39.674: [GC (Allocation Failure) [PSYoungGen: 626949K->37124K(645120K)] 649893K->60068K(2043392K), 0.0140205 secs] [Times: user=0.00 sys=0.00, real=0.01 secs] 
2020-09-29T17:38:47.710+0200: 39.740: [GC (Allocation Failure) [PSYoungGen: 628484K->40485K(632320K)] 651428K->63429K(2030592K), 0.0151457 secs] [Times: user=0.11 sys=0.00, real=0.01 secs] 
2020-09-29T17:38:47.777+0200: 39.807: [GC (Allocation Failure) [PSYoungGen: 631845K->42948K(641024K)] 654789K->65892K(2039296K), 0.0154507 secs] [Times: user=0.13 sys=0.00, real=0.02 secs] 
2020-09-29T17:38:47.842+0200: 39.872: [GC (Allocation Failure) [PSYoungGen: 629188K->41381K(627712K)] 652132K->64325K(2025984K), 0.0142095 secs] [Times: user=0.13 sys=0.00, real=0.02 secs] 
2020-09-29T17:38:47.907+0200: 39.936: [GC (Allocation Failure) [PSYoungGen: 627621K->38212K(642560K)] 650565K->61156K(2040832K), 0.0138064 secs] [Times: user=0.13 sys=0.00, real=0.01 secs] 
2020-09-29T17:38:47.970+0200: 40.000: [GC (Allocation Failure) [PSYoungGen: 623940K->20613K(642048K)] 646884K->43557K(2040320K), 0.0071090 secs] [Times: user=0.13 sys=0.00, real=0.01 secs] 
2020-09-29T17:38:48.028+0200: 40.058: [GC (Allocation Failure) [PSYoungGen: 606341K->31844K(644608K)] 629285K->54788K(2042880K), 0.0117311 secs] [Times: user=0.13 sys=0.00, real=0.01 secs] 
2020-09-29T17:38:48.090+0200: 40.120: [GC (Allocation Failure) [PSYoungGen: 620132K->45957K(634368K)] 643076K->68901K(2032640K), 0.0155173 secs] [Times: user=0.13 sys=0.00, real=0.02 secs] 
2020-09-29T17:38:48.158+0200: 40.187: [GC (Allocation Failure) [PSYoungGen: 634245K->32389K(643584K)] 657189K->55333K(2041856K), 0.0114919 secs] [Times: user=0.13 sys=0.00, real=0.01 secs] 
2020-09-29T17:38:48.221+0200: 40.251: [GC (Allocation Failure) [PSYoungGen: 619141K->29636K(642048K)] 642085K->52580K(2040320K), 0.0117770 secs] [Times: user=0.11 sys=0.00, real=0.01 secs] 
2020-09-29T17:38:48.284+0200: 40.313: [GC (Allocation Failure) [PSYoungGen: 616388K->42116K(643072K)] 639332K->65060K(2041344K), 0.0149179 secs] [Times: user=0.13 sys=0.00, real=0.02 secs] 
2020-09-29T17:38:48.350+0200: 40.380: [GC (Allocation Failure) [PSYoungGen: 631428K->28805K(644096K)] 654372K->51749K(2042368K), 0.0102283 secs] [Times: user=0.00 sys=0.00, real=0.01 secs] 
2020-09-29T17:38:48.412+0200: 40.442: [GC (Allocation Failure) [PSYoungGen: 618117K->43909K(641536K)] 641061K->66853K(2039808K), 0.0180915 secs] [Times: user=0.13 sys=0.00, real=0.02 secs] 
2020-09-29T17:38:48.481+0200: 40.510: [GC (Allocation Failure) [PSYoungGen: 631173K->28292K(643072K)] 654117K->51236K(2041344K), 0.0106951 secs] [Times: user=0.13 sys=0.00, real=0.01 secs] 
2020-09-29T17:38:48.542+0200: 40.571: [GC (Allocation Failure) [PSYoungGen: 615556K->26436K(644608K)] 638500K->49380K(2042880K), 0.0101346 secs] [Times: user=0.00 sys=0.00, real=0.01 secs] 
2020-09-29T17:38:48.604+0200: 40.633: [GC (Allocation Failure) [PSYoungGen: 616260K->25091K(644096K)] 639204K->48035K(2042368K), 0.0108342 secs] [Times: user=0.11 sys=0.00, real=0.01 secs] 
2020-09-29T17:38:48.667+0200: 40.696: [GC (Allocation Failure) [PSYoungGen: 614915K->40453K(644096K)] 637859K->63397K(2042368K), 0.0135141 secs] [Times: user=0.13 sys=0.00, real=0.01 secs] 
2020-09-29T17:38:48.731+0200: 40.761: [GC (Allocation Failure) [PSYoungGen: 630789K->28996K(644608K)] 653733K->51940K(2042880K), 0.0122826 secs] [Times: user=0.13 sys=0.00, real=0.01 secs] 
2020-09-29T17:38:48.795+0200: 40.824: [GC (Allocation Failure) [PSYoungGen: 619332K->31461K(647680K)] 642276K->54405K(2045952K), 0.0110562 secs] [Times: user=0.13 sys=0.00, real=0.01 secs] 
2020-09-29T17:38:48.859+0200: 40.888: [GC (Allocation Failure) [PSYoungGen: 625893K->23235K(645632K)] 648837K->46179K(2043904K), 0.0226114 secs] [Times: user=0.25 sys=0.00, real=0.02 secs] 
2020-09-29T17:38:48.932+0200: 40.962: [GC (Allocation Failure) [PSYoungGen: 617667K->43301K(642560K)] 640611K->66245K(2040832K), 0.0151488 secs] [Times: user=0.13 sys=0.00, real=0.02 secs] 
2020-09-29T17:38:48.999+0200: 41.029: [GC (Allocation Failure) [PSYoungGen: 634661K->46725K(638464K)] 657605K->69669K(2036736K), 0.0156587 secs] [Times: user=0.13 sys=0.00, real=0.02 secs] 
2020-09-29T17:38:49.066+0200: 41.096: [GC (Allocation Failure) [PSYoungGen: 638085K->34628K(644608K)] 661029K->57572K(2042880K), 0.0127500 secs] [Times: user=0.11 sys=0.02, real=0.01 secs] 
2020-09-29T17:38:49.129+0200: 41.159: [GC (Allocation Failure) [PSYoungGen: 622916K->33795K(642560K)] 645860K->56739K(2040832K), 0.0135298 secs] [Times: user=0.00 sys=0.00, real=0.01 secs] 
2020-09-29T17:38:49.194+0200: 41.223: [GC (Allocation Failure) [PSYoungGen: 622083K->47877K(640000K)] 645027K->70821K(2038272K), 0.0160970 secs] [Times: user=0.13 sys=0.00, real=0.02 secs] 
2020-09-29T17:38:49.260+0200: 41.290: [GC (Allocation Failure) [PSYoungGen: 635141K->33317K(643072K)] 658085K->56261K(2041344K), 0.0118426 secs] [Times: user=0.13 sys=0.00, real=0.01 secs] 
2020-09-29T17:38:49.322+0200: 41.352: [GC (Allocation Failure) [PSYoungGen: 620581K->32132K(646144K)] 643525K->55076K(2044416K), 0.0115551 secs] [Times: user=0.13 sys=0.00, real=0.01 secs] 
2020-09-29T17:38:49.385+0200: 41.414: [GC (Allocation Failure) [PSYoungGen: 624004K->36101K(644608K)] 646948K->59045K(2042880K), 0.0125500 secs] [Times: user=0.13 sys=0.00, real=0.01 secs] 
2020-09-29T17:38:49.448+0200: 41.478: [GC (Allocation Failure) [PSYoungGen: 627973K->40069K(647168K)] 650917K->63013K(2045440K), 0.0140410 secs] [Times: user=0.13 sys=0.00, real=0.01 secs] 
2020-09-29T17:38:49.513+0200: 41.543: [GC (Allocation Failure) [PSYoungGen: 635525K->47653K(643584K)] 658469K->70597K(2041856K), 0.0160348 secs] [Times: user=0.13 sys=0.00, real=0.02 secs] 
2020-09-29T17:38:49.581+0200: 41.611: [GC (Allocation Failure) [PSYoungGen: 643109K->27845K(644608K)] 666053K->50789K(2042880K), 0.0104136 secs] [Times: user=0.11 sys=0.00, real=0.01 secs] 
2020-09-29T17:38:49.644+0200: 41.673: [GC (Allocation Failure) [PSYoungGen: 617669K->43429K(633344K)] 640613K->66373K(2031616K), 0.0148740 secs] [Times: user=0.11 sys=0.01, real=0.01 secs] 
2020-09-29T17:38:49.709+0200: 41.739: [GC (Allocation Failure) [PSYoungGen: 633253K->45381K(640512K)] 656197K->68325K(2038784K), 0.0145423 secs] [Times: user=0.13 sys=0.00, real=0.01 secs] 
2020-09-29T17:38:49.776+0200: 41.806: [GC (Allocation Failure) [PSYoungGen: 630597K->42661K(642048K)] 653541K->65605K(2040320K), 0.0159991 secs] [Times: user=0.11 sys=0.00, real=0.02 secs] 
2020-09-29T17:38:49.842+0200: 41.872: [GC (Allocation Failure) [PSYoungGen: 627877K->39172K(643584K)] 650821K->62116K(2041856K), 0.0142182 secs] [Times: user=0.13 sys=0.00, real=0.02 secs] 
2020-09-29T17:38:49.907+0200: 41.937: [GC (Allocation Failure) [PSYoungGen: 625924K->37957K(642048K)] 648868K->60901K(2040320K), 0.0131395 secs] [Times: user=0.13 sys=0.00, real=0.01 secs] 
2020-09-29T17:38:49.971+0200: 42.000: [GC (Allocation Failure) [PSYoungGen: 624709K->22243K(643072K)] 647653K->45187K(2041344K), 0.0091575 secs] [Times: user=0.13 sys=0.00, real=0.01 secs] 
2020-09-29T17:38:50.031+0200: 42.060: [GC (Allocation Failure) [PSYoungGen: 611555K->23045K(612864K)] 634499K->45989K(2011136K), 0.0080903 secs] [Times: user=0.13 sys=0.00, real=0.01 secs] 
2020-09-29T17:38:50.089+0200: 42.119: [GC (Allocation Failure) [PSYoungGen: 612357K->38149K(644608K)] 635301K->61093K(2042880K), 0.0131913 secs] [Times: user=0.13 sys=0.00, real=0.01 secs] 
2020-09-29T17:38:50.153+0200: 42.182: [GC (Allocation Failure) [PSYoungGen: 627461K->38820K(643584K)] 650405K->61764K(2041856K), 0.0138806 secs] [Times: user=0.13 sys=0.00, real=0.01 secs] 
2020-09-29T17:38:50.218+0200: 42.247: [GC (Allocation Failure) [PSYoungGen: 628132K->26340K(645120K)] 651076K->49284K(2043392K), 0.0102826 secs] [Times: user=0.13 sys=0.00, real=0.01 secs] 
2020-09-29T17:38:50.278+0200: 42.308: [GC (Allocation Failure) [PSYoungGen: 617700K->43493K(634880K)] 640644K->66437K(2033152K), 0.0148259 secs] [Times: user=0.13 sys=0.00, real=0.01 secs] 
2020-09-29T17:38:50.343+0200: 42.373: [GC (Allocation Failure) [PSYoungGen: 634853K->46917K(638976K)] 657797K->69861K(2037248K), 0.0154960 secs] [Times: user=0.13 sys=0.00, real=0.02 secs] 
2020-09-29T17:38:50.409+0200: 42.438: [GC (Allocation Failure) [PSYoungGen: 631109K->43173K(641536K)] 654053K->66117K(2039808K), 0.0139786 secs] [Times: user=0.13 sys=0.00, real=0.01 secs] 
2020-09-29T17:38:50.473+0200: 42.502: [GC (Allocation Failure) [PSYoungGen: 627365K->39493K(642560K)] 650309K->62437K(2040832K), 0.0139926 secs] [Times: user=0.00 sys=0.00, real=0.01 secs] 
2020-09-29T17:38:50.537+0200: 42.567: [GC (Allocation Failure) [PSYoungGen: 624709K->36677K(641536K)] 647653K->59621K(2039808K), 0.0123578 secs] [Times: user=0.00 sys=0.00, real=0.01 secs] 
2020-09-29T17:38:50.601+0200: 42.631: [GC (Allocation Failure) [PSYoungGen: 621893K->30756K(644608K)] 644837K->53700K(2042880K), 0.0127022 secs] [Times: user=0.11 sys=0.00, real=0.01 secs] 
2020-09-29T17:38:50.666+0200: 42.696: [GC (Allocation Failure) [PSYoungGen: 620580K->46341K(636416K)] 643524K->69285K(2034688K), 0.0157088 secs] [Times: user=0.13 sys=0.00, real=0.02 secs] 
2020-09-29T17:38:50.732+0200: 42.762: [GC (Allocation Failure) [PSYoungGen: 636165K->34597K(644096K)] 659109K->57541K(2042368K), 0.0124374 secs] [Times: user=0.13 sys=0.00, real=0.01 secs] 
2020-09-29T17:38:50.800+0200: 42.829: [GC (Allocation Failure) [PSYoungGen: 622885K->34788K(643072K)] 645829K->57732K(2041344K), 0.0130697 secs] [Times: user=0.11 sys=0.00, real=0.01 secs] 
2020-09-29T17:38:50.863+0200: 42.893: [GC (Allocation Failure) [PSYoungGen: 621651K->33700K(646656K)] 644595K->56644K(2044928K), 0.0125762 secs] [Times: user=0.02 sys=0.00, real=0.01 secs] 
2020-09-29T17:38:50.926+0200: 42.956: [GC (Allocation Failure) [PSYoungGen: 627108K->22980K(645632K)] 650052K->45924K(2043904K), 0.0093897 secs] [Times: user=0.00 sys=0.00, real=0.01 secs] 
2020-09-29T17:38:50.986+0200: 43.016: [GC (Allocation Failure) [PSYoungGen: 616388K->53221K(634368K)] 639332K->78725K(2032640K), 0.0184656 secs] [Times: user=0.22 sys=0.03, real=0.02 secs] 
2020-09-29T17:38:51.054+0200: 43.084: [GC (Allocation Failure) [PSYoungGen: 634341K->49093K(630272K)] 659845K->74597K(2028544K), 0.0159092 secs] [Times: user=0.13 sys=0.00, real=0.02 secs] 
2020-09-29T17:38:51.120+0200: 43.149: [GC (Allocation Failure) [PSYoungGen: 630213K->28645K(637952K)] 655717K->54149K(2036224K), 0.0097885 secs] [Times: user=0.13 sys=0.00, real=0.01 secs] 
2020-09-29T17:38:51.179+0200: 43.209: [GC (Allocation Failure) [PSYoungGen: 605157K->44517K(637440K)] 630661K->70021K(2035712K), 0.0154922 secs] [Times: user=0.13 sys=0.00, real=0.02 secs] 
2020-09-29T17:38:51.244+0200: 43.274: [GC (Allocation Failure) [PSYoungGen: 621029K->33124K(639488K)] 646533K->58628K(2037760K), 0.0122179 secs] [Times: user=0.13 sys=0.00, real=0.01 secs] 
2020-09-29T17:38:51.306+0200: 43.336: [GC (Allocation Failure) [PSYoungGen: 611684K->51077K(629760K)] 637188K->76581K(2028032K), 0.0170508 secs] [Times: user=0.13 sys=0.00, real=0.02 secs] 
2020-09-29T17:38:51.373+0200: 43.403: [GC (Allocation Failure) [PSYoungGen: 629637K->41733K(637952K)] 655141K->67237K(2036224K), 0.0139583 secs] [Times: user=0.13 sys=0.00, real=0.01 secs] 
2020-09-29T17:38:51.436+0200: 43.466: [GC (Allocation Failure) [PSYoungGen: 617221K->29317K(636416K)] 642725K->54821K(2034688K), 0.0095139 secs] [Times: user=0.13 sys=0.00, real=0.01 secs] 
2020-09-29T17:38:51.495+0200: 43.525: [GC (Allocation Failure) [PSYoungGen: 604805K->30532K(638976K)] 630309K->56036K(2037248K), 0.0114268 secs] [Times: user=0.13 sys=0.00, real=0.01 secs] 
2020-09-29T17:38:51.556+0200: 43.586: [GC (Allocation Failure) [PSYoungGen: 609092K->33892K(638464K)] 634596K->59396K(2036736K), 0.0128114 secs] [Times: user=0.13 sys=0.00, real=0.01 secs] 
2020-09-29T17:38:51.621+0200: 43.650: [GC (Allocation Failure) [PSYoungGen: 612452K->38148K(642560K)] 637956K->63652K(2040832K), 0.0148698 secs] [Times: user=0.11 sys=0.00, real=0.01 secs] 
2020-09-29T17:38:51.687+0200: 43.717: [GC (Allocation Failure) [PSYoungGen: 622340K->48133K(640512K)] 647844K->73637K(2038784K), 0.0182821 secs] [Times: user=0.11 sys=0.00, real=0.02 secs] 
2020-09-29T17:38:51.755+0200: 43.785: [GC (Allocation Failure) [PSYoungGen: 632325K->28132K(640512K)] 657829K->53636K(2038784K), 0.0104638 secs] [Times: user=0.00 sys=0.00, real=0.01 secs] 
2020-09-29T17:38:51.816+0200: 43.846: [GC (Allocation Failure) [PSYoungGen: 610276K->36037K(640512K)] 635780K->61541K(2038784K), 0.0122402 secs] [Times: user=0.13 sys=0.00, real=0.01 secs] 
2020-09-29T17:38:51.879+0200: 43.909: [GC (Allocation Failure) [PSYoungGen: 618181K->29699K(643072K)] 643685K->55203K(2041344K), 0.0114227 secs] [Times: user=0.00 sys=0.00, real=0.01 secs] 
2020-09-29T17:38:51.941+0200: 43.971: [GC (Allocation Failure) [PSYoungGen: 616451K->42213K(642560K)] 641955K->67717K(2040832K), 0.0144111 secs] [Times: user=0.13 sys=0.00, real=0.01 secs] 
2020-09-29T17:38:52.005+0200: 44.035: [GC (Allocation Failure) [PSYoungGen: 628965K->26468K(643072K)] 654469K->51972K(2041344K), 0.0098519 secs] [Times: user=0.00 sys=0.00, real=0.01 secs] 
2020-09-29T17:38:52.065+0200: 44.095: [GC (Allocation Failure) [PSYoungGen: 613220K->52709K(639488K)] 638724K->78213K(2037760K), 0.0167594 secs] [Times: user=0.25 sys=0.00, real=0.02 secs] 
2020-09-29T17:38:52.133+0200: 44.162: [GC (Allocation Failure) [PSYoungGen: 639461K->37861K(641024K)] 664965K->63365K(2039296K), 0.0129876 secs] [Times: user=0.13 sys=0.00, real=0.01 secs] 
2020-09-29T17:38:52.196+0200: 44.226: [GC (Allocation Failure) [PSYoungGen: 619493K->31364K(639488K)] 644997K->56868K(2037760K), 0.0114631 secs] [Times: user=0.13 sys=0.00, real=0.01 secs] 
2020-09-29T17:38:52.258+0200: 44.288: [GC (Allocation Failure) [PSYoungGen: 612996K->38821K(643072K)] 638500K->64325K(2041344K), 0.0172030 secs] [Times: user=0.11 sys=0.00, real=0.02 secs] 
2020-09-29T17:38:52.329+0200: 44.359: [GC (Allocation Failure) [PSYoungGen: 624549K->50341K(636416K)] 650053K->75845K(2034688K), 0.0178943 secs] [Times: user=0.13 sys=0.00, real=0.02 secs] 
2020-09-29T17:38:52.400+0200: 44.430: [GC (Allocation Failure) [PSYoungGen: 636069K->33988K(641536K)] 661573K->59492K(2039808K), 0.0158748 secs] [Times: user=0.11 sys=0.00, real=0.02 secs] 
2020-09-29T17:38:52.467+0200: 44.497: [GC (Allocation Failure) [PSYoungGen: 616644K->28356K(640000K)] 642148K->53860K(2038272K), 0.0102860 secs] [Times: user=0.13 sys=0.00, real=0.01 secs] 
2020-09-29T17:38:52.528+0200: 44.557: [GC (Allocation Failure) [PSYoungGen: 611012K->50405K(635392K)] 636516K->75909K(2033664K), 0.0169100 secs] [Times: user=0.13 sys=0.00, real=0.02 secs] 
2020-09-29T17:38:52.596+0200: 44.625: [GC (Allocation Failure) [PSYoungGen: 628453K->40549K(638464K)] 653957K->66053K(2036736K), 0.0172085 secs] [Times: user=0.11 sys=0.00, real=0.02 secs] 
2020-09-29T17:38:52.664+0200: 44.694: [GC (Allocation Failure) [PSYoungGen: 618597K->44357K(640000K)] 644101K->69861K(2038272K), 0.0156757 secs] [Times: user=0.13 sys=0.00, real=0.02 secs] 
2020-09-29T17:38:52.730+0200: 44.759: [GC (Allocation Failure) [PSYoungGen: 625477K->37573K(640000K)] 650981K->63077K(2038272K), 0.0133486 secs] [Times: user=0.13 sys=0.00, real=0.01 secs] 
2020-09-29T17:38:52.795+0200: 44.824: [GC (Allocation Failure) [PSYoungGen: 618693K->29092K(641536K)] 644197K->54596K(2039808K), 0.0111239 secs] [Times: user=0.13 sys=0.00, real=0.01 secs] 
2020-09-29T17:38:52.857+0200: 44.887: [GC (Allocation Failure) [PSYoungGen: 613284K->38949K(641536K)] 638788K->64453K(2039808K), 0.0130240 secs] [Times: user=0.13 sys=0.00, real=0.01 secs] 
2020-09-29T17:38:52.921+0200: 44.951: [GC (Allocation Failure) [PSYoungGen: 623141K->35301K(644608K)] 648645K->60805K(2042880K), 0.0127931 secs] [Times: user=0.13 sys=0.00, real=0.01 secs] 
2020-09-29T17:38:52.986+0200: 45.015: [GC (Allocation Failure) [PSYoungGen: 624101K->36197K(643072K)] 649605K->61701K(2041344K), 0.0117026 secs] [Times: user=0.13 sys=0.00, real=0.01 secs] 
2020-09-29T17:38:53.048+0200: 45.078: [GC (Allocation Failure) [PSYoungGen: 624997K->37028K(647168K)] 650501K->62532K(2045440K), 0.0137856 secs] [Times: user=0.13 sys=0.00, real=0.01 secs] 
2020-09-29T17:38:53.113+0200: 45.143: [GC (Allocation Failure) [PSYoungGen: 630948K->29349K(645632K)] 656452K->54853K(2043904K), 0.0101661 secs] [Times: user=0.13 sys=0.00, real=0.01 secs] 
2020-09-29T17:38:53.174+0200: 45.204: [GC (Allocation Failure) [PSYoungGen: 623269K->35365K(648192K)] 648773K->60869K(2046464K), 0.0125263 secs] [Times: user=0.13 sys=0.00, real=0.01 secs] 
2020-09-29T17:38:53.239+0200: 45.268: [GC (Allocation Failure) [PSYoungGen: 631845K->44005K(647168K)] 657349K->69509K(2045440K), 0.0149430 secs] [Times: user=0.00 sys=0.00, real=0.01 secs] 
2020-09-29T17:38:53.305+0200: 45.334: [GC (Allocation Failure) [PSYoungGen: 640485K->38853K(647680K)] 665989K->64357K(2045952K), 0.0132668 secs] [Times: user=0.13 sys=0.00, real=0.01 secs] 
2020-09-29T17:38:53.369+0200: 45.398: [GC (Allocation Failure) [PSYoungGen: 634821K->33221K(647168K)] 660325K->58725K(2045440K), 0.0113285 secs] [Times: user=0.13 sys=0.00, real=0.01 secs] 
2020-09-29T17:38:53.431+0200: 45.461: [GC (Allocation Failure) [PSYoungGen: 629189K->27589K(647680K)] 654693K->53093K(2045952K), 0.0094393 secs] [Times: user=0.00 sys=0.00, real=0.01 secs] 
2020-09-29T17:38:53.492+0200: 45.522: [GC (Allocation Failure) [PSYoungGen: 625093K->22853K(620544K)] 650597K->48357K(2018816K), 0.0077560 secs] [Times: user=0.00 sys=0.00, real=0.01 secs] 
2020-09-29T17:38:53.553+0200: 45.583: [GC (Allocation Failure) [PSYoungGen: 620357K->31076K(648192K)] 645861K->56580K(2046464K), 0.0113650 secs] [Times: user=0.00 sys=0.00, real=0.01 secs] 
2020-09-29T17:38:53.617+0200: 45.647: [GC (Allocation Failure) [PSYoungGen: 627556K->39685K(647168K)] 653060K->65189K(2045440K), 0.0146161 secs] [Times: user=0.11 sys=0.00, real=0.01 secs] 
2020-09-29T17:38:53.684+0200: 45.713: [GC (Allocation Failure) [PSYoungGen: 636165K->34501K(649728K)] 661669K->60005K(2048000K), 0.0116722 secs] [Times: user=0.13 sys=0.00, real=0.01 secs] 
2020-09-29T17:38:53.747+0200: 45.776: [GC (Allocation Failure) [PSYoungGen: 633541K->31235K(648192K)] 659045K->56739K(2046464K), 0.0124215 secs] [Times: user=0.13 sys=0.00, real=0.01 secs] 
2020-09-29T17:38:53.812+0200: 45.841: [GC (Allocation Failure) [PSYoungGen: 630275K->41316K(648192K)] 655779K->66820K(2046464K), 0.0149462 secs] [Times: user=0.13 sys=0.00, real=0.01 secs] 
2020-09-29T17:38:53.878+0200: 45.907: [GC (Allocation Failure) [PSYoungGen: 640868K->39269K(649216K)] 666372K->64773K(2047488K), 0.0132524 secs] [Times: user=0.13 sys=0.00, real=0.01 secs] 
2020-09-29T17:38:53.944+0200: 45.973: [GC (Allocation Failure) [PSYoungGen: 638821K->49637K(640000K)] 664325K->76349K(2038272K), 0.0170465 secs] [Times: user=0.13 sys=0.00, real=0.02 secs] 
2020-09-29T17:38:54.011+0200: 46.041: [GC (Allocation Failure) [PSYoungGen: 639973K->25989K(644608K)] 666685K->52701K(2042880K), 0.0087084 secs] [Times: user=0.13 sys=0.00, real=0.01 secs] 
2020-09-29T17:38:54.071+0200: 46.100: [GC (Allocation Failure) [PSYoungGen: 616325K->42149K(643584K)] 643037K->68861K(2041856K), 0.0142753 secs] [Times: user=0.13 sys=0.00, real=0.01 secs] 
2020-09-29T17:38:54.135+0200: 46.165: [GC (Allocation Failure) [PSYoungGen: 631461K->42628K(632320K)] 658173K->69340K(2030592K), 0.0155419 secs] [Times: user=0.13 sys=0.00, real=0.02 secs] 
2020-09-29T17:38:54.201+0200: 46.231: [GC (Allocation Failure) [PSYoungGen: 631940K->28485K(644096K)] 658652K->55197K(2042368K), 0.0102622 secs] [Times: user=0.13 sys=0.00, real=0.01 secs] 
2020-09-29T17:38:54.262+0200: 46.291: [GC (Allocation Failure) [PSYoungGen: 617285K->42404K(643584K)] 643997K->69116K(2041856K), 0.0148765 secs] [Times: user=0.13 sys=0.00, real=0.01 secs] 
2020-09-29T17:38:54.327+0200: 46.357: [GC (Allocation Failure) [PSYoungGen: 631204K->11811K(638464K)] 657916K->38523K(2036736K), 0.0049919 secs] [Times: user=0.00 sys=0.00, real=0.01 secs] 
2020-09-29T17:38:54.382+0200: 46.412: [GC (Allocation Failure) [PSYoungGen: 594979K->34405K(641024K)] 621691K->61117K(2039296K), 0.0116240 secs] [Times: user=0.00 sys=0.00, real=0.01 secs] 
2020-09-29T17:38:54.444+0200: 46.474: [GC (Allocation Failure) [PSYoungGen: 617573K->27107K(644096K)] 644285K->53819K(2042368K), 0.0111765 secs] [Times: user=0.00 sys=0.00, real=0.01 secs] 
2020-09-29T17:38:54.505+0200: 46.535: [GC (Allocation Failure) [PSYoungGen: 615907K->41669K(643584K)] 642619K->68381K(2041856K), 0.0144205 secs] [Times: user=0.02 sys=0.00, real=0.01 secs] 
2020-09-29T17:38:54.571+0200: 46.601: [GC (Allocation Failure) [PSYoungGen: 630469K->28035K(644096K)] 657181K->54747K(2042368K), 0.0117056 secs] [Times: user=0.11 sys=0.00, real=0.01 secs] 
2020-09-29T17:38:54.635+0200: 46.664: [GC (Allocation Failure) [PSYoungGen: 616835K->28901K(643584K)] 643547K->55613K(2041856K), 0.0099120 secs] [Times: user=0.00 sys=0.01, real=0.01 secs] 
2020-09-29T17:38:54.697+0200: 46.727: [GC (Allocation Failure) [PSYoungGen: 617701K->29572K(646656K)] 644413K->56284K(2044928K), 0.0124121 secs] [Times: user=0.13 sys=0.00, real=0.01 secs] 
2020-09-29T17:38:54.762+0200: 46.791: [GC (Allocation Failure) [PSYoungGen: 622980K->34021K(645632K)] 649692K->60733K(2043904K), 0.0119371 secs] [Times: user=0.13 sys=0.00, real=0.01 secs] 
2020-09-29T17:38:54.825+0200: 46.854: [GC (Allocation Failure) [PSYoungGen: 627429K->10979K(644096K)] 654141K->37691K(2042368K), 0.0046370 secs] [Times: user=0.00 sys=0.00, real=0.00 secs] 
2020-09-29T17:38:54.879+0200: 46.909: [GC (Allocation Failure) [PSYoungGen: 604387K->30213K(646144K)] 631099K->56925K(2044416K), 0.0098832 secs] [Times: user=0.05 sys=0.02, real=0.01 secs] 
2020-09-29T17:38:54.941+0200: 46.970: [GC (Allocation Failure) [PSYoungGen: 623621K->35717K(648704K)] 650333K->62429K(2046976K), 0.0129066 secs] [Times: user=0.11 sys=0.00, real=0.01 secs] 
2020-09-29T17:38:55.005+0200: 47.035: [GC (Allocation Failure) [PSYoungGen: 633733K->31780K(648192K)] 660445K->58492K(2046464K), 0.0111704 secs] [Times: user=0.00 sys=0.00, real=0.01 secs] 
2020-09-29T17:38:55.068+0200: 47.097: [GC (Allocation Failure) [PSYoungGen: 629796K->28261K(651264K)] 656508K->54973K(2049536K), 0.0102519 secs] [Times: user=0.00 sys=0.00, real=0.01 secs] 
2020-09-29T17:38:55.130+0200: 47.159: [GC (Allocation Failure) [PSYoungGen: 630885K->42981K(645632K)] 657597K->69693K(2043904K), 0.0151528 secs] [Times: user=0.13 sys=0.00, real=0.01 secs] 
2020-09-29T17:38:55.197+0200: 47.227: [GC (Allocation Failure) [PSYoungGen: 645605K->26948K(649216K)] 672317K->53660K(2047488K), 0.0109764 secs] [Times: user=0.13 sys=0.00, real=0.01 secs] 
2020-09-29T17:38:55.259+0200: 47.289: [GC (Allocation Failure) [PSYoungGen: 625988K->49637K(648704K)] 652700K->78397K(2046976K), 0.0171976 secs] [Times: user=0.13 sys=0.00, real=0.02 secs] 
2020-09-29T17:38:55.328+0200: 47.358: [GC (Allocation Failure) [PSYoungGen: 648677K->35557K(641536K)] 677437K->64317K(2039808K), 0.0126421 secs] [Times: user=0.13 sys=0.00, real=0.01 secs] 
2020-09-29T17:38:55.391+0200: 47.421: [GC (Allocation Failure) [PSYoungGen: 626917K->39013K(645120K)] 655677K->67773K(2043392K), 0.0129501 secs] [Times: user=0.13 sys=0.00, real=0.01 secs] 
2020-09-29T17:38:55.455+0200: 47.484: [GC (Allocation Failure) [PSYoungGen: 630373K->41828K(644096K)] 659133K->70588K(2042368K), 0.0142628 secs] [Times: user=0.13 sys=0.00, real=0.01 secs] 
2020-09-29T17:38:55.519+0200: 47.549: [GC (Allocation Failure) [PSYoungGen: 632164K->44197K(634880K)] 660924K->72957K(2033152K), 0.0146664 secs] [Times: user=0.13 sys=0.00, real=0.01 secs] 
2020-09-29T17:38:55.587+0200: 47.617: [GC (Allocation Failure) [PSYoungGen: 634533K->45060K(640000K)] 663293K->73820K(2038272K), 0.0172207 secs] [Times: user=0.11 sys=0.00, real=0.02 secs] 
2020-09-29T17:38:55.656+0200: 47.685: [GC (Allocation Failure) [PSYoungGen: 629252K->41349K(641536K)] 658012K->70109K(2039808K), 0.0142112 secs] [Times: user=0.13 sys=0.00, real=0.02 secs] 
2020-09-29T17:38:55.728+0200: 47.757: [GC (Allocation Failure) [PSYoungGen: 625541K->37605K(643584K)] 654301K->66365K(2041856K), 0.0127883 secs] [Times: user=0.13 sys=0.00, real=0.01 secs] 
2020-09-29T17:38:55.794+0200: 47.823: [GC (Allocation Failure) [PSYoungGen: 624357K->36485K(642048K)] 653117K->65245K(2040320K), 0.0137945 secs] [Times: user=0.13 sys=0.00, real=0.01 secs] 
2020-09-29T17:38:55.861+0200: 47.890: [GC (Allocation Failure) [PSYoungGen: 623237K->49029K(639488K)] 651997K->77789K(2037760K), 0.0179028 secs] [Times: user=0.11 sys=0.00, real=0.02 secs] 
2020-09-29T17:38:55.934+0200: 47.963: [GC (Allocation Failure) [PSYoungGen: 635269K->33637K(642560K)] 664029K->62397K(2040832K), 0.0124464 secs] [Times: user=0.13 sys=0.00, real=0.01 secs] 
2020-09-29T17:38:55.998+0200: 48.027: [GC (Allocation Failure) [PSYoungGen: 619877K->18341K(640512K)] 648637K->47101K(2038784K), 0.0058534 secs] [Times: user=0.00 sys=0.00, real=0.01 secs] 
2020-09-29T17:38:56.054+0200: 48.083: [GC (Allocation Failure) [PSYoungGen: 603557K->29253K(642048K)] 632317K->58013K(2040320K), 0.0099492 secs] [Times: user=0.00 sys=0.00, real=0.01 secs] 
2020-09-29T17:38:56.115+0200: 48.144: [GC (Allocation Failure) [PSYoungGen: 614469K->38499K(643584K)] 643229K->67259K(2041856K), 0.0144782 secs] [Times: user=0.00 sys=0.00, real=0.01 secs] 
2020-09-29T17:38:56.179+0200: 48.208: [GC (Allocation Failure) [PSYoungGen: 626275K->22437K(643072K)] 655035K->51197K(2041344K), 0.0086542 secs] [Times: user=0.00 sys=0.00, real=0.01 secs] 
2020-09-29T17:38:56.239+0200: 48.268: [GC (Allocation Failure) [PSYoungGen: 610213K->21988K(643584K)] 638973K->50748K(2041856K), 0.0086112 secs] [Times: user=0.00 sys=0.00, real=0.01 secs] 
2020-09-29T17:38:56.298+0200: 48.327: [GC (Allocation Failure) [PSYoungGen: 610276K->49701K(638464K)] 639036K->78461K(2036736K), 0.0162690 secs] [Times: user=0.13 sys=0.00, real=0.02 secs] 
2020-09-29T17:38:56.365+0200: 48.394: [GC (Allocation Failure) [PSYoungGen: 637989K->36421K(641536K)] 666749K->65181K(2039808K), 0.0129471 secs] [Times: user=0.00 sys=0.00, real=0.01 secs] 
2020-09-29T17:38:56.427+0200: 48.457: [GC (Allocation Failure) [PSYoungGen: 618565K->28932K(639488K)] 647325K->57692K(2037760K), 0.0109818 secs] [Times: user=0.00 sys=0.00, real=0.01 secs] 
2020-09-29T17:38:56.488+0200: 48.517: [GC (Allocation Failure) [PSYoungGen: 611076K->48548K(636416K)] 639836K->77308K(2034688K), 0.0168441 secs] [Times: user=0.25 sys=0.00, real=0.02 secs] 
2020-09-29T17:38:56.554+0200: 48.584: [GC (Allocation Failure) [PSYoungGen: 628644K->26147K(639488K)] 657404K->54907K(2037760K), 0.0102323 secs] [Times: user=0.00 sys=0.00, real=0.01 secs] 
2020-09-29T17:38:56.617+0200: 48.646: [GC (Allocation Failure) [PSYoungGen: 606243K->45733K(636928K)] 635003K->74493K(2035200K), 0.0161628 secs] [Times: user=0.13 sys=0.00, real=0.02 secs] 
2020-09-29T17:38:56.683+0200: 48.712: [GC (Allocation Failure) [PSYoungGen: 623781K->35460K(638464K)] 652541K->64220K(2036736K), 0.0134365 secs] [Times: user=0.13 sys=0.00, real=0.01 secs] 
2020-09-29T17:38:56.747+0200: 48.776: [GC (Allocation Failure) [PSYoungGen: 613508K->52901K(632832K)] 642268K->81661K(2031104K), 0.0175486 secs] [Times: user=0.13 sys=0.00, real=0.02 secs] 
2020-09-29T17:38:56.816+0200: 48.845: [GC (Allocation Failure) [PSYoungGen: 627877K->26116K(636928K)] 656637K->54876K(2035200K), 0.0091637 secs] [Times: user=0.13 sys=0.00, real=0.01 secs] 
2020-09-29T17:38:56.874+0200: 48.903: [GC (Allocation Failure) [PSYoungGen: 601092K->26820K(637952K)] 629852K->55580K(2036224K), 0.0102677 secs] [Times: user=0.13 sys=0.00, real=0.01 secs] 
2020-09-29T17:38:56.934+0200: 48.963: [GC (Allocation Failure) [PSYoungGen: 603332K->42693K(637440K)] 632092K->71453K(2035712K), 0.0139230 secs] [Times: user=0.13 sys=0.00, real=0.01 secs] 
2020-09-29T17:38:56.998+0200: 49.027: [GC (Allocation Failure) [PSYoungGen: 619205K->16004K(635904K)] 647965K->44764K(2034176K), 0.0063350 secs] [Times: user=0.00 sys=0.00, real=0.01 secs] 
2020-09-29T17:38:57.054+0200: 49.084: [GC (Allocation Failure) [PSYoungGen: 590980K->42788K(617984K)] 619740K->71548K(2016256K), 0.0151528 secs] [Times: user=0.13 sys=0.00, real=0.02 secs] 
2020-09-29T17:38:57.119+0200: 49.148: [GC (Allocation Failure) [PSYoungGen: 617764K->28101K(637952K)] 646524K->56861K(2036224K), 0.0106522 secs] [Times: user=0.00 sys=0.01, real=0.01 secs] 
2020-09-29T17:38:57.179+0200: 49.208: [GC (Allocation Failure) [PSYoungGen: 603589K->14435K(636416K)] 632349K->43195K(2034688K), 0.0064057 secs] [Times: user=0.00 sys=0.00, real=0.01 secs] 
2020-09-29T17:38:57.235+0200: 49.265: [GC (Allocation Failure) [PSYoungGen: 589923K->28900K(639488K)] 618683K->57660K(2037760K), 0.0101674 secs] [Times: user=0.13 sys=0.00, real=0.01 secs] 
2020-09-29T17:38:57.295+0200: 49.324: [GC (Allocation Failure) [PSYoungGen: 606948K->32677K(637440K)] 635708K->61437K(2035712K), 0.0111524 secs] [Times: user=0.13 sys=0.00, real=0.01 secs] 
2020-09-29T17:38:57.355+0200: 49.385: [GC (Allocation Failure) [PSYoungGen: 610725K->22853K(643072K)] 639485K->51613K(2041344K), 0.0074130 secs] [Times: user=0.00 sys=0.00, real=0.01 secs] 
2020-09-29T17:38:57.413+0200: 49.443: [GC (Allocation Failure) [PSYoungGen: 609093K->34821K(642048K)] 637853K->63581K(2040320K), 0.0117899 secs] [Times: user=0.00 sys=0.00, real=0.01 secs] 
2020-09-29T17:38:57.475+0200: 49.505: [GC (Allocation Failure) [PSYoungGen: 621061K->31109K(646144K)] 649821K->59869K(2044416K), 0.0105030 secs] [Times: user=0.00 sys=0.00, real=0.01 secs] 
2020-09-29T17:38:57.537+0200: 49.566: [GC (Allocation Failure) [PSYoungGen: 622469K->34116K(644096K)] 651229K->62876K(2042368K), 0.0123862 secs] [Times: user=0.00 sys=0.00, real=0.01 secs] 
2020-09-29T17:38:57.602+0200: 49.631: [GC (Allocation Failure) [PSYoungGen: 625476K->22724K(647680K)] 654236K->51484K(2045952K), 0.0092351 secs] [Times: user=0.00 sys=0.00, real=0.01 secs] 
2020-09-29T17:38:57.663+0200: 49.692: [GC (Allocation Failure) [PSYoungGen: 618692K->44101K(640512K)] 647452K->72861K(2038784K), 0.0147043 secs] [Times: user=0.13 sys=0.00, real=0.01 secs] 
2020-09-29T17:38:57.729+0200: 49.758: [GC (Allocation Failure) [PSYoungGen: 640069K->24869K(645632K)] 668829K->53629K(2043904K), 0.0089089 secs] [Times: user=0.00 sys=0.00, real=0.01 secs] 
2020-09-29T17:38:57.791+0200: 49.820: [GC (Allocation Failure) [PSYoungGen: 616741K->26627K(645120K)] 645501K->55387K(2043392K), 0.0109871 secs] [Times: user=0.00 sys=0.00, real=0.01 secs] 
2020-09-29T17:38:57.852+0200: 49.881: [GC (Allocation Failure) [PSYoungGen: 618499K->29925K(649216K)] 647259K->58685K(2047488K), 0.0111803 secs] [Times: user=0.00 sys=0.00, real=0.01 secs] 
2020-09-29T17:38:57.914+0200: 49.943: [GC (Allocation Failure) [PSYoungGen: 627429K->25829K(647168K)] 656189K->54589K(2045440K), 0.0086528 secs] [Times: user=0.00 sys=0.00, real=0.01 secs] 
2020-09-29T17:38:57.974+0200: 50.003: [GC (Allocation Failure) [PSYoungGen: 623333K->35236K(650240K)] 652093K->63996K(2048512K), 0.0134929 secs] [Times: user=0.00 sys=0.00, real=0.01 secs] 
2020-09-29T17:38:58.039+0200: 50.068: [GC (Allocation Failure) [PSYoungGen: 636836K->35013K(650240K)] 665596K->63773K(2048512K), 0.0146544 secs] [Times: user=0.13 sys=0.00, real=0.01 secs] 
2020-09-29T17:38:58.105+0200: 50.134: [GC (Allocation Failure) [PSYoungGen: 636613K->45924K(643072K)] 665373K->74684K(2041344K), 0.0160878 secs] [Times: user=0.13 sys=0.00, real=0.02 secs] 
2020-09-29T17:38:58.171+0200: 50.200: [GC (Allocation Failure) [PSYoungGen: 640356K->25093K(646656K)] 669116K->53853K(2044928K), 0.0093423 secs] [Times: user=0.13 sys=0.00, real=0.01 secs] 
2020-09-29T17:38:58.232+0200: 50.262: [GC (Allocation Failure) [PSYoungGen: 619525K->51685K(630784K)] 648285K->87661K(2029056K), 0.0205694 secs] [Times: user=0.13 sys=0.00, real=0.02 secs] 
2020-09-29T17:38:58.302+0200: 50.332: [GC (Allocation Failure) [PSYoungGen: 630757K->50021K(629248K)] 666733K->85997K(2027520K), 0.0168603 secs] [Times: user=0.13 sys=0.00, real=0.02 secs] 
2020-09-29T17:38:58.369+0200: 50.398: [GC (Allocation Failure) [PSYoungGen: 629093K->54917K(627712K)] 665069K->90893K(2025984K), 0.0182349 secs] [Times: user=0.13 sys=0.00, real=0.02 secs] 
2020-09-29T17:38:58.437+0200: 50.467: [GC (Allocation Failure) [PSYoungGen: 619653K->14627K(579584K)] 655629K->50603K(1977856K), 0.0077770 secs] [Times: user=0.13 sys=0.00, real=0.01 secs] 
2020-09-29T17:38:58.493+0200: 50.523: [GC (Allocation Failure) [PSYoungGen: 579363K->46117K(628736K)] 615339K->82093K(2027008K), 0.0152676 secs] [Times: user=0.13 sys=0.00, real=0.02 secs] 
2020-09-29T17:38:58.557+0200: 50.586: [GC (Allocation Failure) [PSYoungGen: 606757K->15907K(629760K)] 642733K->51883K(2028032K), 0.0065838 secs] [Times: user=0.00 sys=0.00, real=0.01 secs] 
2020-09-29T17:38:58.613+0200: 50.642: [GC (Allocation Failure) [PSYoungGen: 576547K->43429K(629760K)] 612523K->79405K(2028032K), 0.0164640 secs] [Times: user=0.13 sys=0.00, real=0.02 secs] 
2020-09-29T17:38:58.679+0200: 50.709: [GC (Allocation Failure) [PSYoungGen: 604069K->43332K(629760K)] 640045K->79308K(2028032K), 0.0189989 secs] [Times: user=0.11 sys=0.00, real=0.02 secs] 
2020-09-29T17:38:58.748+0200: 50.777: [GC (Allocation Failure) [PSYoungGen: 603972K->13731K(629248K)] 639948K->49707K(2027520K), 0.0071745 secs] [Times: user=0.11 sys=0.00, real=0.01 secs] 
2020-09-29T17:38:58.804+0200: 50.834: [GC (Allocation Failure) [PSYoungGen: 574371K->40997K(629760K)] 610347K->76973K(2028032K), 0.0158204 secs] [Times: user=0.11 sys=0.00, real=0.02 secs] 
2020-09-29T17:38:58.873+0200: 50.902: [GC (Allocation Failure) [PSYoungGen: 601637K->38020K(632832K)] 637613K->73996K(2031104K), 0.0151377 secs] [Times: user=0.13 sys=0.00, real=0.02 secs] 
2020-09-29T17:38:58.939+0200: 50.968: [GC (Allocation Failure) [PSYoungGen: 602756K->55877K(621056K)] 638732K->91853K(2019328K), 0.0202162 secs] [Times: user=0.24 sys=0.00, real=0.02 secs] 
2020-09-29T17:38:59.010+0200: 51.040: [GC (Allocation Failure) [PSYoungGen: 620613K->32677K(630784K)] 656589K->68653K(2029056K), 0.0125140 secs] [Times: user=0.13 sys=0.00, real=0.01 secs] 
2020-09-29T17:38:59.072+0200: 51.102: [GC (Allocation Failure) [PSYoungGen: 592805K->31523K(628224K)] 628781K->67499K(2026496K), 0.0146809 secs] [Times: user=0.13 sys=0.00, real=0.01 secs] 
2020-09-29T17:38:59.135+0200: 51.164: [GC (Allocation Failure) [PSYoungGen: 591651K->30916K(634880K)] 627627K->66892K(2033152K), 0.0117213 secs] [Times: user=0.13 sys=0.00, real=0.01 secs] 
2020-09-29T17:38:59.195+0200: 51.224: [GC (Allocation Failure) [PSYoungGen: 599748K->38821K(632832K)] 635724K->74797K(2031104K), 0.0137035 secs] [Times: user=0.13 sys=0.00, real=0.01 secs] 
2020-09-29T17:38:59.258+0200: 51.288: [GC (Allocation Failure) [PSYoungGen: 607653K->47077K(633344K)] 643629K->83053K(2031616K), 0.0158162 secs] [Times: user=0.13 sys=0.00, real=0.02 secs] 
2020-09-29T17:38:59.323+0200: 51.353: [GC (Allocation Failure) [PSYoungGen: 617957K->15684K(586752K)] 653933K->51660K(1985024K), 0.0058715 secs] [Times: user=0.00 sys=0.00, real=0.01 secs] 
2020-09-29T17:38:59.378+0200: 51.408: [GC (Allocation Failure) [PSYoungGen: 586564K->39653K(635392K)] 622540K->75629K(2033664K), 0.0132425 secs] [Times: user=0.13 sys=0.00, real=0.01 secs] 
2020-09-29T17:38:59.440+0200: 51.470: [GC (Allocation Failure) [PSYoungGen: 610021K->35364K(633856K)] 645997K->71340K(2032128K), 0.0133568 secs] [Times: user=0.13 sys=0.00, real=0.01 secs] 
2020-09-29T17:38:59.502+0200: 51.532: [GC (Allocation Failure) [PSYoungGen: 605732K->31493K(640000K)] 641708K->67469K(2038272K), 0.0112278 secs] [Times: user=0.13 sys=0.00, real=0.01 secs] 
2020-09-29T17:38:59.563+0200: 51.593: [GC (Allocation Failure) [PSYoungGen: 610565K->33668K(637952K)] 646541K->69644K(2036224K), 0.0131612 secs] [Times: user=0.11 sys=0.00, real=0.01 secs] 
2020-09-29T17:38:59.628+0200: 51.657: [GC (Allocation Failure) [PSYoungGen: 612740K->52165K(633856K)] 648716K->88141K(2032128K), 0.0180901 secs] [Times: user=0.23 sys=0.00, real=0.02 secs] 
2020-09-29T17:38:59.696+0200: 51.725: [GC (Allocation Failure) [PSYoungGen: 629189K->41253K(637952K)] 665165K->77229K(2036224K), 0.0145894 secs] [Times: user=0.13 sys=0.00, real=0.01 secs] 
2020-09-29T17:38:59.762+0200: 51.792: [GC (Allocation Failure) [PSYoungGen: 618277K->40868K(639488K)] 654253K->76844K(2037760K), 0.0145221 secs] [Times: user=0.13 sys=0.00, real=0.01 secs] 
2020-09-29T17:38:59.827+0200: 51.856: [GC (Allocation Failure) [PSYoungGen: 619940K->45701K(638464K)] 655916K->81677K(2036736K), 0.0157031 secs] [Times: user=0.13 sys=0.00, real=0.02 secs] 
2020-09-29T17:38:59.892+0200: 51.921: [GC (Allocation Failure) [PSYoungGen: 624773K->20259K(636416K)] 660749K->56235K(2034688K), 0.0088438 secs] [Times: user=0.13 sys=0.00, real=0.01 secs] 
2020-09-29T17:38:59.950+0200: 51.979: [GC (Allocation Failure) [PSYoungGen: 596259K->49317K(625664K)] 632235K->85293K(2023936K), 0.0164063 secs] [Times: user=0.13 sys=0.00, real=0.02 secs] 
2020-09-29T17:39:00.017+0200: 52.046: [GC (Allocation Failure) [PSYoungGen: 625317K->36869K(637952K)] 661293K->72845K(2036224K), 0.0146219 secs] [Times: user=0.11 sys=0.00, real=0.01 secs] 
2020-09-29T17:39:00.081+0200: 52.111: [GC (Allocation Failure) [PSYoungGen: 611333K->37092K(635392K)] 647309K->73068K(2033664K), 0.0134763 secs] [Times: user=0.13 sys=0.00, real=0.01 secs] 
2020-09-29T17:39:00.144+0200: 52.173: [GC (Allocation Failure) [PSYoungGen: 611556K->18756K(637952K)] 647532K->54732K(2036224K), 0.0077908 secs] [Times: user=0.13 sys=0.00, real=0.01 secs] 
2020-09-29T17:39:00.201+0200: 52.231: [GC (Allocation Failure) [PSYoungGen: 597828K->23493K(638976K)] 633804K->59469K(2037248K), 0.0082697 secs] [Times: user=0.13 sys=0.00, real=0.01 secs] 
2020-09-29T17:39:00.259+0200: 52.289: [GC (Allocation Failure) [PSYoungGen: 602565K->12292K(636928K)] 638541K->48268K(2035200K), 0.0044868 secs] [Times: user=0.00 sys=0.00, real=0.00 secs] 
2020-09-29T17:39:00.313+0200: 52.342: [GC (Allocation Failure) [PSYoungGen: 589316K->28453K(637952K)] 625292K->64429K(2036224K), 0.0095377 secs] [Times: user=0.13 sys=0.00, real=0.01 secs] 
2020-09-29T17:39:00.372+0200: 52.402: [GC (Allocation Failure) [PSYoungGen: 605477K->30340K(642560K)] 641453K->66316K(2040832K), 0.0106421 secs] [Times: user=0.13 sys=0.00, real=0.01 secs] 
2020-09-29T17:39:00.433+0200: 52.462: [GC (Allocation Failure) [PSYoungGen: 614020K->53381K(637440K)] 649996K->89357K(2035712K), 0.0175482 secs] [Times: user=0.13 sys=0.00, real=0.02 secs] 
2020-09-29T17:39:00.501+0200: 52.531: [GC (Allocation Failure) [PSYoungGen: 637061K->35013K(639488K)] 673037K->70989K(2037760K), 0.0125350 secs] [Times: user=0.13 sys=0.00, real=0.01 secs] 
2020-09-29T17:39:00.563+0200: 52.593: [GC (Allocation Failure) [PSYoungGen: 613061K->38853K(637440K)] 649037K->74829K(2035712K), 0.0141170 secs] [Times: user=0.11 sys=0.00, real=0.01 secs] 
2020-09-29T17:39:00.628+0200: 52.658: [GC (Allocation Failure) [PSYoungGen: 616901K->28228K(641536K)] 652877K->64204K(2039808K), 0.0103978 secs] [Times: user=0.11 sys=0.00, real=0.01 secs] 
2020-09-29T17:39:00.688+0200: 52.718: [GC (Allocation Failure) [PSYoungGen: 610884K->21476K(640000K)] 646860K->57452K(2038272K), 0.0082258 secs] [Times: user=0.13 sys=0.00, real=0.01 secs] 
2020-09-29T17:39:00.751+0200: 52.781: [GC (Allocation Failure) [PSYoungGen: 604132K->28707K(643584K)] 640108K->64683K(2041856K), 0.0115919 secs] [Times: user=0.13 sys=0.00, real=0.01 secs] 
2020-09-29T17:39:00.813+0200: 52.843: [GC (Allocation Failure) [PSYoungGen: 614947K->54405K(641024K)] 650923K->90381K(2039296K), 0.0183672 secs] [Times: user=0.13 sys=0.00, real=0.02 secs] 
2020-09-29T17:39:00.881+0200: 52.911: [GC (Allocation Failure) [PSYoungGen: 640645K->39077K(635904K)] 676621K->75053K(2034176K), 0.0136459 secs] [Times: user=0.13 sys=0.00, real=0.01 secs] 
2020-09-29T17:39:00.945+0200: 52.975: [GC (Allocation Failure) [PSYoungGen: 617125K->15364K(593920K)] 653101K->51340K(1992192K), 0.0057927 secs] [Times: user=0.00 sys=0.00, real=0.01 secs] 
2020-09-29T17:39:01.000+0200: 53.030: [GC (Allocation Failure) [PSYoungGen: 593412K->46533K(633344K)] 629388K->82509K(2031616K), 0.0157838 secs] [Times: user=0.13 sys=0.00, real=0.02 secs] 
2020-09-29T17:39:01.065+0200: 53.095: [GC (Allocation Failure) [PSYoungGen: 618437K->26468K(635392K)] 654413K->62444K(2033664K), 0.0102478 secs] [Times: user=0.13 sys=0.00, real=0.01 secs] 
2020-09-29T17:39:01.125+0200: 53.155: [GC (Allocation Failure) [PSYoungGen: 598372K->37348K(638464K)] 634348K->73324K(2036736K), 0.0132622 secs] [Times: user=0.11 sys=0.00, real=0.01 secs] 
2020-09-29T17:39:01.189+0200: 53.218: [GC (Allocation Failure) [PSYoungGen: 613860K->39589K(636928K)] 649836K->75565K(2035200K), 0.0134877 secs] [Times: user=0.13 sys=0.00, real=0.01 secs] 
2020-09-29T17:39:01.252+0200: 53.281: [GC (Allocation Failure) [PSYoungGen: 616101K->27397K(640000K)] 652077K->63373K(2038272K), 0.0100084 secs] [Times: user=0.13 sys=0.00, real=0.01 secs] 
2020-09-29T17:39:01.312+0200: 53.341: [GC (Allocation Failure) [PSYoungGen: 607493K->33092K(638976K)] 643469K->69068K(2037248K), 0.0115173 secs] [Times: user=0.13 sys=0.00, real=0.01 secs] 
2020-09-29T17:39:01.373+0200: 53.402: [GC (Allocation Failure) [PSYoungGen: 613188K->24996K(643584K)] 649164K->60972K(2041856K), 0.0097696 secs] [Times: user=0.13 sys=0.00, real=0.01 secs] 
2020-09-29T17:39:01.433+0200: 53.462: [GC (Allocation Failure) [PSYoungGen: 612260K->37957K(642560K)] 648236K->73933K(2040832K), 0.0130744 secs] [Times: user=0.13 sys=0.00, real=0.01 secs] 
2020-09-29T17:39:01.496+0200: 53.525: [GC (Allocation Failure) [PSYoungGen: 625221K->23621K(644096K)] 661197K->59597K(2042368K), 0.0077033 secs] [Times: user=0.00 sys=0.00, real=0.01 secs] 
2020-09-29T17:39:01.554+0200: 53.583: [GC (Allocation Failure) [PSYoungGen: 612421K->37668K(643584K)] 648397K->73644K(2041856K), 0.0137957 secs] [Times: user=0.13 sys=0.00, real=0.01 secs] 
2020-09-29T17:39:01.620+0200: 53.649: [GC (Allocation Failure) [PSYoungGen: 626468K->22820K(644608K)] 662444K->58796K(2042880K), 0.0087560 secs] [Times: user=0.00 sys=0.00, real=0.01 secs] 
2020-09-29T17:39:01.680+0200: 53.709: [GC (Allocation Failure) [PSYoungGen: 613156K->38981K(644608K)] 649132K->74957K(2042880K), 0.0128278 secs] [Times: user=0.02 sys=0.00, real=0.01 secs] 
2020-09-29T17:39:01.744+0200: 53.773: [GC (Allocation Failure) [PSYoungGen: 629317K->41349K(642560K)] 665293K->77325K(2040832K), 0.0141027 secs] [Times: user=0.13 sys=0.00, real=0.01 secs] 
2020-09-29T17:39:01.810+0200: 53.839: [GC (Allocation Failure) [PSYoungGen: 629637K->41701K(630272K)] 665613K->77677K(2028544K), 0.0142556 secs] [Times: user=0.13 sys=0.00, real=0.01 secs] 
2020-09-29T17:39:01.874+0200: 53.904: [GC (Allocation Failure) [PSYoungGen: 629989K->26756K(643584K)] 665965K->62732K(2041856K), 0.0100302 secs] [Times: user=0.13 sys=0.00, real=0.01 secs] 
2020-09-29T17:39:01.935+0200: 53.964: [GC (Allocation Failure) [PSYoungGen: 614020K->39845K(642560K)] 649996K->75821K(2040832K), 0.0135148 secs] [Times: user=0.13 sys=0.00, real=0.01 secs] 
2020-09-29T17:39:02.002+0200: 54.031: [GC (Allocation Failure) [PSYoungGen: 627109K->39141K(643584K)] 663085K->75117K(2041856K), 0.0170845 secs] [Times: user=0.11 sys=0.00, real=0.02 secs] 
2020-09-29T17:39:02.072+0200: 54.101: [GC (Allocation Failure) [PSYoungGen: 626917K->25317K(643072K)] 662893K->61293K(2041344K), 0.0100311 secs] [Times: user=0.00 sys=0.00, real=0.01 secs] 
2020-09-29T17:39:02.134+0200: 54.163: [GC (Allocation Failure) [PSYoungGen: 613093K->52581K(633856K)] 649069K->88557K(2032128K), 0.0173257 secs] [Times: user=0.13 sys=0.00, real=0.02 secs] 
2020-09-29T17:39:02.201+0200: 54.230: [GC (Allocation Failure) [PSYoungGen: 631653K->42277K(638976K)] 667629K->78253K(2037248K), 0.0146289 secs] [Times: user=0.13 sys=0.00, real=0.02 secs] 
2020-09-29T17:39:02.266+0200: 54.295: [GC (Allocation Failure) [PSYoungGen: 621349K->17730K(636928K)] 657325K->53706K(2035200K), 0.0081946 secs] [Times: user=0.13 sys=0.00, real=0.01 secs] 
2020-09-29T17:39:02.324+0200: 54.353: [GC (Allocation Failure) [PSYoungGen: 594754K->34021K(637952K)] 630730K->69997K(2036224K), 0.0120057 secs] [Times: user=0.13 sys=0.00, real=0.01 secs] 
2020-09-29T17:39:02.385+0200: 54.414: [GC (Allocation Failure) [PSYoungGen: 611045K->50277K(634368K)] 647021K->86253K(2032640K), 0.0171749 secs] [Times: user=0.13 sys=0.00, real=0.02 secs] 
2020-09-29T17:39:02.452+0200: 54.481: [GC (Allocation Failure) [PSYoungGen: 626277K->38437K(637440K)] 662253K->74413K(2035712K), 0.0136302 secs] [Times: user=0.13 sys=0.00, real=0.01 secs] 
2020-09-29T17:39:02.515+0200: 54.544: [GC (Allocation Failure) [PSYoungGen: 614437K->24803K(639488K)] 650413K->60779K(2037760K), 0.0101930 secs] [Times: user=0.13 sys=0.00, real=0.01 secs] 
2020-09-29T17:39:02.575+0200: 54.605: [GC (Allocation Failure) [PSYoungGen: 604387K->28964K(638976K)] 640363K->64940K(2037248K), 0.0118093 secs] [Times: user=0.11 sys=0.00, real=0.01 secs] 
2020-09-29T17:39:02.640+0200: 54.669: [GC (Allocation Failure) [PSYoungGen: 608548K->58341K(625152K)] 644524K->97565K(2023424K), 0.0207411 secs] [Times: user=0.14 sys=0.00, real=0.02 secs] 
2020-09-29T17:39:02.709+0200: 54.738: [GC (Allocation Failure) [PSYoungGen: 625125K->40517K(632832K)] 664349K->79741K(2031104K), 0.0135483 secs] [Times: user=0.00 sys=0.00, real=0.01 secs] 
2020-09-29T17:39:02.773+0200: 54.802: [GC (Allocation Failure) [PSYoungGen: 607301K->32996K(636416K)] 646525K->72220K(2034688K), 0.0119190 secs] [Times: user=0.00 sys=0.00, real=0.01 secs] 
2020-09-29T17:39:02.834+0200: 54.863: [GC (Allocation Failure) [PSYoungGen: 604900K->44357K(634368K)] 644124K->83581K(2032640K), 0.0149813 secs] [Times: user=0.03 sys=0.00, real=0.01 secs] 
2020-09-29T17:39:02.897+0200: 54.927: [GC (Allocation Failure) [PSYoungGen: 616261K->42053K(636928K)] 655485K->81277K(2035200K), 0.0139227 secs] [Times: user=0.13 sys=0.00, real=0.01 secs] 
2020-09-29T17:39:02.960+0200: 54.990: [GC (Allocation Failure) [PSYoungGen: 616517K->13346K(588288K)] 655741K->52570K(1986560K), 0.0067662 secs] [Times: user=0.00 sys=0.00, real=0.01 secs] 
2020-09-29T17:39:03.019+0200: 55.049: [GC (Allocation Failure) [PSYoungGen: 587810K->40356K(636416K)] 627034K->79580K(2034688K), 0.0147595 secs] [Times: user=0.13 sys=0.00, real=0.01 secs] 
2020-09-29T17:39:03.083+0200: 55.112: [GC (Allocation Failure) [PSYoungGen: 613284K->36709K(635392K)] 652508K->75933K(2033664K), 0.0131095 secs] [Times: user=0.00 sys=0.00, real=0.01 secs] 
2020-09-29T17:39:03.146+0200: 55.175: [GC (Allocation Failure) [PSYoungGen: 609637K->35365K(641024K)] 648861K->74589K(2039296K), 0.0121736 secs] [Times: user=0.00 sys=0.00, real=0.01 secs] 
2020-09-29T17:39:03.212+0200: 55.241: [GC (Allocation Failure) [PSYoungGen: 615973K->41701K(638464K)] 655197K->80925K(2036736K), 0.0153052 secs] [Times: user=0.13 sys=0.00, real=0.02 secs] 
2020-09-29T17:39:03.277+0200: 55.306: [GC (Allocation Failure) [PSYoungGen: 622309K->34437K(642560K)] 661533K->73661K(2040832K), 0.0123071 secs] [Times: user=0.13 sys=0.00, real=0.01 secs] 
2020-09-29T17:39:03.340+0200: 55.369: [GC (Allocation Failure) [PSYoungGen: 619141K->44965K(641024K)] 658365K->84189K(2039296K), 0.0147366 secs] [Times: user=0.13 sys=0.00, real=0.01 secs] 
2020-09-29T17:39:03.405+0200: 55.434: [GC (Allocation Failure) [PSYoungGen: 629669K->41701K(642048K)] 668893K->80925K(2040320K), 0.0142504 secs] [Times: user=0.13 sys=0.00, real=0.01 secs] 
2020-09-29T17:39:03.469+0200: 55.498: [GC (Allocation Failure) [PSYoungGen: 626405K->37380K(641536K)] 665629K->76604K(2039808K), 0.0135916 secs] [Times: user=0.13 sys=0.00, real=0.01 secs] 
2020-09-29T17:39:03.533+0200: 55.562: [GC (Allocation Failure) [PSYoungGen: 622084K->34181K(644608K)] 661308K->73405K(2042880K), 0.0120419 secs] [Times: user=0.13 sys=0.00, real=0.01 secs] 
2020-09-29T17:39:03.596+0200: 55.625: [GC (Allocation Failure) [PSYoungGen: 623493K->34212K(643584K)] 662717K->73436K(2041856K), 0.0131593 secs] [Times: user=0.11 sys=0.00, real=0.01 secs] 
2020-09-29T17:39:03.661+0200: 55.690: [GC (Allocation Failure) [PSYoungGen: 623524K->35525K(647168K)] 662748K->74749K(2045440K), 0.0129157 secs] [Times: user=0.00 sys=0.00, real=0.01 secs] 
2020-09-29T17:39:03.725+0200: 55.754: [GC (Allocation Failure) [PSYoungGen: 629957K->28133K(646144K)] 669181K->67357K(2044416K), 0.0098228 secs] [Times: user=0.00 sys=0.00, real=0.01 secs] 
2020-09-29T17:39:03.787+0200: 55.816: [GC (Allocation Failure) [PSYoungGen: 622565K->48325K(641024K)] 661789K->87549K(2039296K), 0.0161371 secs] [Times: user=0.13 sys=0.00, real=0.02 secs] 
2020-09-29T17:39:03.855+0200: 55.884: [GC (Allocation Failure) [PSYoungGen: 637637K->19715K(609280K)] 676861K->58939K(2007552K), 0.0154302 secs] [Times: user=0.13 sys=0.00, real=0.02 secs] 
2020-09-29T17:39:03.920+0200: 55.950: [GC (Allocation Failure) [PSYoungGen: 609027K->48421K(636928K)] 648251K->87645K(2035200K), 0.0168199 secs] [Times: user=0.13 sys=0.00, real=0.02 secs] 
2020-09-29T17:39:03.987+0200: 56.016: [GC (Allocation Failure) [PSYoungGen: 629541K->41637K(640000K)] 668765K->80861K(2038272K), 0.0146918 secs] [Times: user=0.13 sys=0.00, real=0.02 secs] 
2020-09-29T17:39:04.051+0200: 56.081: [GC (Allocation Failure) [PSYoungGen: 622757K->48517K(636416K)] 661981K->87741K(2034688K), 0.0155969 secs] [Times: user=0.16 sys=0.00, real=0.02 secs] 
2020-09-29T17:39:04.117+0200: 56.146: [GC (Allocation Failure) [PSYoungGen: 626565K->23941K(602112K)] 665789K->63165K(2000384K), 0.0086409 secs] [Times: user=0.00 sys=0.00, real=0.01 secs] 
2020-09-29T17:39:04.177+0200: 56.207: [GC (Allocation Failure) [PSYoungGen: 601989K->41413K(638976K)] 641213K->80637K(2037248K), 0.0152157 secs] [Times: user=0.13 sys=0.00, real=0.02 secs] 
2020-09-29T17:39:04.246+0200: 56.275: [GC (Allocation Failure) [PSYoungGen: 619461K->45189K(637952K)] 658685K->84413K(2036224K), 0.0178396 secs] [Times: user=0.13 sys=0.00, real=0.02 secs] 
2020-09-29T17:39:04.316+0200: 56.345: [GC (Allocation Failure) [PSYoungGen: 623237K->49061K(634368K)] 662461K->88285K(2032640K), 0.0186718 secs] [Times: user=0.24 sys=0.00, real=0.02 secs] 
2020-09-29T17:39:04.384+0200: 56.414: [GC (Allocation Failure) [PSYoungGen: 623013K->33253K(636416K)] 662237K->72477K(2034688K), 0.0120480 secs] [Times: user=0.11 sys=0.00, real=0.01 secs] 
2020-09-29T17:39:04.445+0200: 56.475: [GC (Allocation Failure) [PSYoungGen: 607205K->46629K(635904K)] 646429K->85853K(2034176K), 0.0157811 secs] [Times: user=0.13 sys=0.00, real=0.02 secs] 
2020-09-29T17:39:04.510+0200: 56.540: [GC (Allocation Failure) [PSYoungGen: 621605K->47333K(622592K)] 660829K->86557K(2020864K), 0.0161658 secs] [Times: user=0.13 sys=0.00, real=0.02 secs] 
2020-09-29T17:39:04.576+0200: 56.606: [GC (Allocation Failure) [PSYoungGen: 622309K->33444K(637440K)] 661533K->72668K(2035712K), 0.0136054 secs] [Times: user=0.11 sys=0.00, real=0.01 secs] 
2020-09-29T17:39:04.641+0200: 56.670: [GC (Allocation Failure) [PSYoungGen: 608420K->34213K(636416K)] 647644K->73437K(2034688K), 0.0127941 secs] [Times: user=0.13 sys=0.00, real=0.01 secs] 
2020-09-29T17:39:04.702+0200: 56.731: [GC (Allocation Failure) [PSYoungGen: 609189K->34917K(640000K)] 648413K->74141K(2038272K), 0.0122191 secs] [Times: user=0.13 sys=0.00, real=0.01 secs] 
2020-09-29T17:39:04.765+0200: 56.795: [GC (Allocation Failure) [PSYoungGen: 614501K->38468K(638464K)] 653725K->77692K(2036736K), 0.0136109 secs] [Times: user=0.13 sys=0.00, real=0.01 secs] 
2020-09-29T17:39:04.828+0200: 56.858: [GC (Allocation Failure) [PSYoungGen: 618052K->27300K(642048K)] 657276K->66524K(2040320K), 0.0100312 secs] [Times: user=0.13 sys=0.00, real=0.01 secs] 
2020-09-29T17:39:04.889+0200: 56.919: [GC (Allocation Failure) [PSYoungGen: 612516K->24516K(609792K)] 651740K->63740K(2008064K), 0.0091235 secs] [Times: user=0.13 sys=0.00, real=0.01 secs] 
2020-09-29T17:39:04.948+0200: 56.977: [GC (Allocation Failure) [PSYoungGen: 609732K->34211K(643584K)] 648956K->73435K(2041856K), 0.0131421 secs] [Times: user=0.13 sys=0.00, real=0.01 secs] 
2020-09-29T17:39:05.012+0200: 57.041: [GC (Allocation Failure) [PSYoungGen: 620451K->55269K(641536K)] 659675K->99061K(2039808K), 0.0202087 secs] [Times: user=0.13 sys=0.00, real=0.02 secs] 
2020-09-29T17:39:05.082+0200: 57.111: [GC (Allocation Failure) [PSYoungGen: 641509K->44517K(631296K)] 685301K->88309K(2029568K), 0.0148393 secs] [Times: user=0.13 sys=0.00, real=0.01 secs] 
2020-09-29T17:39:05.146+0200: 57.175: [GC (Allocation Failure) [PSYoungGen: 618469K->13506K(587776K)] 662261K->57298K(1986048K), 0.0065336 secs] [Times: user=0.00 sys=0.00, real=0.01 secs] 
2020-09-29T17:39:05.203+0200: 57.232: [GC (Allocation Failure) [PSYoungGen: 587458K->39172K(636416K)] 631250K->82964K(2034688K), 0.0141852 secs] [Times: user=0.13 sys=0.00, real=0.01 secs] 
2020-09-29T17:39:05.266+0200: 57.296: [GC (Allocation Failure) [PSYoungGen: 611076K->22179K(634368K)] 654868K->65971K(2032640K), 0.0092340 secs] [Times: user=0.13 sys=0.00, real=0.01 secs] 
2020-09-29T17:39:05.330+0200: 57.360: [GC (Allocation Failure) [PSYoungGen: 594083K->32164K(638464K)] 637875K->75956K(2036736K), 0.0116272 secs] [Times: user=0.13 sys=0.00, real=0.01 secs] 
2020-09-29T17:39:05.392+0200: 57.421: [GC (Allocation Failure) [PSYoungGen: 608164K->31811K(636416K)] 651956K->75603K(2034688K), 0.0119560 secs] [Times: user=0.13 sys=0.00, real=0.01 secs] 
2020-09-29T17:39:05.453+0200: 57.483: [GC (Allocation Failure) [PSYoungGen: 607811K->33573K(642560K)] 651603K->77365K(2040832K), 0.0112356 secs] [Times: user=0.13 sys=0.00, real=0.01 secs] 
2020-09-29T17:39:05.515+0200: 57.544: [GC (Allocation Failure) [PSYoungGen: 617765K->42372K(640512K)] 661557K->86164K(2038784K), 0.0152408 secs] [Times: user=0.13 sys=0.00, real=0.01 secs] 
2020-09-29T17:39:05.580+0200: 57.610: [GC (Allocation Failure) [PSYoungGen: 626564K->21860K(641024K)] 670356K->65652K(2039296K), 0.0085449 secs] [Times: user=0.11 sys=0.00, real=0.01 secs] 
2020-09-29T17:39:05.641+0200: 57.670: [GC (Allocation Failure) [PSYoungGen: 606052K->45541K(629760K)] 649844K->89333K(2028032K), 0.0164274 secs] [Times: user=0.13 sys=0.00, real=0.02 secs] 
2020-09-29T17:39:05.707+0200: 57.736: [GC (Allocation Failure) [PSYoungGen: 629733K->28101K(641024K)] 673525K->71893K(2039296K), 0.0088228 secs] [Times: user=0.13 sys=0.00, real=0.01 secs] 
2020-09-29T17:39:05.769+0200: 57.799: [GC (Allocation Failure) [PSYoungGen: 610245K->35716K(640000K)] 654037K->79508K(2038272K), 0.0124715 secs] [Times: user=0.09 sys=0.00, real=0.01 secs] 
2020-09-29T17:39:05.832+0200: 57.861: [GC (Allocation Failure) [PSYoungGen: 617860K->43685K(640512K)] 661652K->87477K(2038784K), 0.0152331 secs] [Times: user=0.13 sys=0.00, real=0.01 secs] 
2020-09-29T17:39:05.897+0200: 57.926: [GC (Allocation Failure) [PSYoungGen: 627877K->39973K(641536K)] 671669K->83765K(2039808K), 0.0137357 secs] [Times: user=0.02 sys=0.02, real=0.01 secs] 
2020-09-29T17:39:05.960+0200: 57.990: [GC (Allocation Failure) [PSYoungGen: 624165K->36165K(644096K)] 667957K->79957K(2042368K), 0.0122926 secs] [Times: user=0.00 sys=0.00, real=0.01 secs] 
2020-09-29T17:39:06.023+0200: 58.052: [GC (Allocation Failure) [PSYoungGen: 623429K->49285K(636928K)] 667221K->93077K(2035200K), 0.0162914 secs] [Times: user=0.13 sys=0.00, real=0.02 secs] 
2020-09-29T17:39:06.090+0200: 58.119: [GC (Allocation Failure) [PSYoungGen: 636549K->33093K(642048K)] 680341K->76885K(2040320K), 0.0122604 secs] [Times: user=0.13 sys=0.00, real=0.01 secs] 
2020-09-29T17:39:06.152+0200: 58.181: [GC (Allocation Failure) [PSYoungGen: 617285K->56709K(641024K)] 661077K->100501K(2039296K), 0.0189557 secs] [Times: user=0.13 sys=0.00, real=0.02 secs] 
2020-09-29T17:39:06.221+0200: 58.250: [GC (Allocation Failure) [PSYoungGen: 640901K->39332K(636928K)] 684693K->83124K(2035200K), 0.0146623 secs] [Times: user=0.13 sys=0.00, real=0.01 secs] 
2020-09-29T17:39:06.285+0200: 58.314: [GC (Allocation Failure) [PSYoungGen: 618404K->30277K(638976K)] 662196K->74069K(2037248K), 0.0107668 secs] [Times: user=0.11 sys=0.00, real=0.01 secs] 
2020-09-29T17:39:06.348+0200: 58.378: [GC (Allocation Failure) [PSYoungGen: 609349K->34853K(641024K)] 653141K->78645K(2039296K), 0.0123019 secs] [Times: user=0.13 sys=0.00, real=0.01 secs] 
2020-09-29T17:39:06.410+0200: 58.440: [GC (Allocation Failure) [PSYoungGen: 616485K->42245K(639488K)] 660277K->86037K(2037760K), 0.0144416 secs] [Times: user=0.02 sys=0.00, real=0.01 secs] 
2020-09-29T17:39:06.475+0200: 58.504: [GC (Allocation Failure) [PSYoungGen: 623877K->49637K(636416K)] 667669K->93429K(2034688K), 0.0164088 secs] [Times: user=0.13 sys=0.00, real=0.02 secs] 
2020-09-29T17:39:06.541+0200: 58.570: [GC (Allocation Failure) [PSYoungGen: 628709K->12290K(591872K)] 672501K->56082K(1990144K), 0.0056990 secs] [Times: user=0.00 sys=0.00, real=0.01 secs] 
2020-09-29T17:39:06.597+0200: 58.626: [GC (Allocation Failure) [PSYoungGen: 591362K->44453K(636416K)] 635154K->88245K(2034688K), 0.0165056 secs] [Times: user=0.13 sys=0.00, real=0.02 secs] 
2020-09-29T17:39:06.664+0200: 58.693: [GC (Allocation Failure) [PSYoungGen: 618405K->43844K(636416K)] 662197K->87636K(2034688K), 0.0158361 secs] [Times: user=0.13 sys=0.00, real=0.02 secs] 
2020-09-29T17:39:06.729+0200: 58.759: [GC (Allocation Failure) [PSYoungGen: 617796K->29508K(637440K)] 661588K->73300K(2035712K), 0.0109036 secs] [Times: user=0.13 sys=0.00, real=0.01 secs] 
2020-09-29T17:39:06.791+0200: 58.821: [GC (Allocation Failure) [PSYoungGen: 604484K->29604K(636416K)] 648276K->73396K(2034688K), 0.0122627 secs] [Times: user=0.11 sys=0.00, real=0.01 secs] 
2020-09-29T17:39:06.852+0200: 58.882: [GC (Allocation Failure) [PSYoungGen: 604580K->27907K(639488K)] 648372K->71699K(2037760K), 0.0111346 secs] [Times: user=0.02 sys=0.00, real=0.01 secs] 
2020-09-29T17:39:06.914+0200: 58.943: [GC (Allocation Failure) [PSYoungGen: 606979K->32068K(638464K)] 650771K->75860K(2036736K), 0.0115064 secs] [Times: user=0.00 sys=0.00, real=0.01 secs] 
2020-09-29T17:39:06.975+0200: 59.004: [GC (Allocation Failure) [PSYoungGen: 611140K->36805K(642560K)] 654932K->80597K(2040832K), 0.0129761 secs] [Times: user=0.00 sys=0.00, real=0.01 secs] 
2020-09-29T17:39:07.038+0200: 59.068: [GC (Allocation Failure) [PSYoungGen: 621509K->33541K(641024K)] 665301K->77333K(2039296K), 0.0114609 secs] [Times: user=0.00 sys=0.00, real=0.01 secs] 
2020-09-29T17:39:07.100+0200: 59.129: [GC (Allocation Failure) [PSYoungGen: 618245K->43620K(641536K)] 662037K->87412K(2039808K), 0.0156361 secs] [Times: user=0.13 sys=0.00, real=0.02 secs] 
2020-09-29T17:39:07.166+0200: 59.195: [GC (Allocation Failure) [PSYoungGen: 630884K->29221K(643072K)] 674676K->73013K(2041344K), 0.0096788 secs] [Times: user=0.00 sys=0.00, real=0.01 secs] 
2020-09-29T17:39:07.226+0200: 59.255: [GC (Allocation Failure) [PSYoungGen: 616485K->40740K(644096K)] 660277K->84532K(2042368K), 0.0148296 secs] [Times: user=0.13 sys=0.00, real=0.01 secs] 
2020-09-29T17:39:07.293+0200: 59.322: [GC (Allocation Failure) [PSYoungGen: 630052K->28421K(644096K)] 673844K->72213K(2042368K), 0.0104265 secs] [Times: user=0.13 sys=0.00, real=0.01 secs] 
2020-09-29T17:39:07.355+0200: 59.384: [GC (Allocation Failure) [PSYoungGen: 617733K->28612K(645120K)] 661525K->72404K(2043392K), 0.0106003 secs] [Times: user=0.13 sys=0.00, real=0.01 secs] 
2020-09-29T17:39:07.417+0200: 59.446: [GC (Allocation Failure) [PSYoungGen: 619460K->53733K(644608K)] 663252K->102597K(2042880K), 0.0203743 secs] [Times: user=0.13 sys=0.00, real=0.02 secs] 
2020-09-29T17:39:07.487+0200: 59.517: [GC (Allocation Failure) [PSYoungGen: 644581K->19267K(630272K)] 693445K->68131K(2028544K), 0.0083457 secs] [Times: user=0.13 sys=0.00, real=0.01 secs] 
2020-09-29T17:39:07.544+0200: 59.574: [GC (Allocation Failure) [PSYoungGen: 595267K->48325K(624640K)] 644131K->97189K(2022912K), 0.0159800 secs] [Times: user=0.13 sys=0.00, real=0.02 secs] 
2020-09-29T17:39:07.613+0200: 59.642: [GC (Allocation Failure) [PSYoungGen: 624325K->50117K(630272K)] 673189K->98981K(2028544K), 0.0172401 secs] [Times: user=0.23 sys=0.00, real=0.02 secs] 
2020-09-29T17:39:07.679+0200: 59.708: [GC (Allocation Failure) [PSYoungGen: 616901K->12258K(579072K)] 665765K->61122K(1977344K), 0.0064626 secs] [Times: user=0.00 sys=0.00, real=0.01 secs] 
2020-09-29T17:39:07.735+0200: 59.764: [GC (Allocation Failure) [PSYoungGen: 579042K->30596K(633856K)] 627906K->79460K(2032128K), 0.0115815 secs] [Times: user=0.13 sys=0.00, real=0.01 secs] 
2020-09-29T17:39:07.797+0200: 59.826: [GC (Allocation Failure) [PSYoungGen: 596868K->48964K(631296K)] 645732K->97828K(2029568K), 0.0175986 secs] [Times: user=0.11 sys=0.00, real=0.02 secs] 
2020-09-29T17:39:07.863+0200: 59.893: [GC (Allocation Failure) [PSYoungGen: 615236K->54661K(624128K)] 664100K->103525K(2022400K), 0.0182229 secs] [Times: user=0.20 sys=0.00, real=0.02 secs] 
2020-09-29T17:39:07.930+0200: 59.959: [GC (Allocation Failure) [PSYoungGen: 611205K->36997K(627712K)] 660069K->85861K(2025984K), 0.0136010 secs] [Times: user=0.13 sys=0.00, real=0.02 secs] 
2020-09-29T17:39:07.999+0200: 60.028: [GC (Allocation Failure) [PSYoungGen: 593541K->46629K(630784K)] 642405K->95493K(2029056K), 0.0159085 secs] [Times: user=0.13 sys=0.00, real=0.02 secs] 
2020-09-29T17:39:08.064+0200: 60.093: [GC (Allocation Failure) [PSYoungGen: 609317K->48741K(611840K)] 658181K->97605K(2010112K), 0.0162012 secs] [Times: user=0.13 sys=0.00, real=0.02 secs] 
2020-09-29T17:39:08.128+0200: 60.157: [GC (Allocation Failure) [PSYoungGen: 611429K->37189K(632320K)] 660293K->86053K(2030592K), 0.0120372 secs] [Times: user=0.13 sys=0.00, real=0.01 secs] 
2020-09-29T17:39:08.188+0200: 60.217: [GC (Allocation Failure) [PSYoungGen: 600389K->26085K(629760K)] 649253K->74949K(2028032K), 0.0086394 secs] [Times: user=0.13 sys=0.00, real=0.01 secs] 
2020-09-29T17:39:08.245+0200: 60.274: [GC (Allocation Failure) [PSYoungGen: 589285K->40740K(634368K)] 638149K->89604K(2032640K), 0.0146474 secs] [Times: user=0.13 sys=0.00, real=0.02 secs] 
2020-09-29T17:39:08.309+0200: 60.338: [GC (Allocation Failure) [PSYoungGen: 609060K->46852K(632832K)] 657924K->95716K(2031104K), 0.0163478 secs] [Times: user=0.13 sys=0.00, real=0.02 secs] 
2020-09-29T17:39:08.375+0200: 60.404: [GC (Allocation Failure) [PSYoungGen: 615172K->26980K(634368K)] 664036K->75844K(2032640K), 0.0111491 secs] [Times: user=0.13 sys=0.00, real=0.01 secs] 
2020-09-29T17:39:08.435+0200: 60.464: [GC (Allocation Failure) [PSYoungGen: 596324K->34852K(633856K)] 645188K->83716K(2032128K), 0.0128091 secs] [Times: user=0.13 sys=0.00, real=0.01 secs] 
2020-09-29T17:39:08.496+0200: 60.525: [GC (Allocation Failure) [PSYoungGen: 604196K->43621K(636928K)] 653060K->92485K(2035200K), 0.0153414 secs] [Times: user=0.13 sys=0.00, real=0.02 secs] 
2020-09-29T17:39:08.561+0200: 60.591: [GC (Allocation Failure) [PSYoungGen: 618085K->29284K(636416K)] 666949K->78148K(2034688K), 0.0121639 secs] [Times: user=0.11 sys=0.00, real=0.01 secs] 
2020-09-29T17:39:08.625+0200: 60.654: [GC (Allocation Failure) [PSYoungGen: 603748K->43237K(637952K)] 652612K->92101K(2036224K), 0.0141036 secs] [Times: user=0.13 sys=0.00, real=0.01 secs] 
2020-09-29T17:39:08.689+0200: 60.718: [GC (Allocation Failure) [PSYoungGen: 619749K->16323K(592896K)] 668613K->65187K(1991168K), 0.0065002 secs] [Times: user=0.13 sys=0.00, real=0.01 secs] 
2020-09-29T17:39:08.745+0200: 60.774: [GC (Allocation Failure) [PSYoungGen: 592835K->30724K(637952K)] 641699K->79588K(2036224K), 0.0118509 secs] [Times: user=0.13 sys=0.00, real=0.01 secs] 
2020-09-29T17:39:08.807+0200: 60.836: [GC (Allocation Failure) [PSYoungGen: 606212K->31268K(636416K)] 655076K->80132K(2034688K), 0.0112375 secs] [Times: user=0.13 sys=0.00, real=0.01 secs] 
2020-09-29T17:39:08.867+0200: 60.897: [GC (Allocation Failure) [PSYoungGen: 606756K->46213K(635904K)] 655620K->95077K(2034176K), 0.0155209 secs] [Times: user=0.13 sys=0.00, real=0.02 secs] 
2020-09-29T17:39:08.933+0200: 60.962: [GC (Allocation Failure) [PSYoungGen: 623237K->33412K(637952K)] 672101K->82276K(2036224K), 0.0120437 secs] [Times: user=0.13 sys=0.00, real=0.01 secs] 
2020-09-29T17:39:08.994+0200: 61.023: [GC (Allocation Failure) [PSYoungGen: 610436K->36197K(642048K)] 659300K->85061K(2040320K), 0.0122841 secs] [Times: user=0.13 sys=0.00, real=0.01 secs] 
2020-09-29T17:39:09.058+0200: 61.088: [GC (Allocation Failure) [PSYoungGen: 619365K->31493K(640000K)] 668229K->80357K(2038272K), 0.0113222 secs] [Times: user=0.13 sys=0.00, real=0.01 secs] 
2020-09-29T17:39:09.120+0200: 61.149: [GC (Allocation Failure) [PSYoungGen: 614661K->40133K(643584K)] 663525K->88997K(2041856K), 0.0139689 secs] [Times: user=0.13 sys=0.00, real=0.01 secs] 
2020-09-29T17:39:09.185+0200: 61.214: [GC (Allocation Failure) [PSYoungGen: 628421K->39557K(643584K)] 677285K->88421K(2041856K), 0.0142823 secs] [Times: user=0.13 sys=0.00, real=0.01 secs] 
2020-09-29T17:39:09.250+0200: 61.279: [GC (Allocation Failure) [PSYoungGen: 627845K->39941K(644608K)] 676709K->88805K(2042880K), 0.0142288 secs] [Times: user=0.13 sys=0.00, real=0.01 secs] 
2020-09-29T17:39:09.316+0200: 61.345: [GC (Allocation Failure) [PSYoungGen: 629765K->28197K(644096K)] 678629K->77061K(2042368K), 0.0095138 secs] [Times: user=0.13 sys=0.00, real=0.01 secs] 
2020-09-29T17:39:09.377+0200: 61.406: [GC (Allocation Failure) [PSYoungGen: 618021K->30117K(645632K)] 666885K->78981K(2043904K), 0.0105258 secs] [Times: user=0.13 sys=0.00, real=0.01 secs] 
2020-09-29T17:39:09.439+0200: 61.469: [GC (Allocation Failure) [PSYoungGen: 621989K->47749K(640000K)] 670853K->96613K(2038272K), 0.0156471 secs] [Times: user=0.13 sys=0.00, real=0.02 secs] 
2020-09-29T17:39:09.506+0200: 61.535: [GC (Allocation Failure) [PSYoungGen: 639621K->24357K(643072K)] 688485K->73221K(2041344K), 0.0077612 secs] [Times: user=0.00 sys=0.00, real=0.01 secs] 
2020-09-29T17:39:09.564+0200: 61.594: [GC (Allocation Failure) [PSYoungGen: 611621K->51109K(638464K)] 660485K->99973K(2036736K), 0.0186665 secs] [Times: user=0.20 sys=0.00, real=0.02 secs] 
2020-09-29T17:39:09.636+0200: 61.665: [GC (Allocation Failure) [PSYoungGen: 638373K->22372K(638976K)] 687237K->71236K(2037248K), 0.0080767 secs] [Times: user=0.00 sys=0.00, real=0.01 secs] 
2020-09-29T17:39:09.693+0200: 61.722: [GC (Allocation Failure) [PSYoungGen: 601444K->39588K(638976K)] 650308K->88452K(2037248K), 0.0139788 secs] [Times: user=0.00 sys=0.00, real=0.01 secs] 
2020-09-29T17:39:09.757+0200: 61.786: [GC (Allocation Failure) [PSYoungGen: 618660K->44453K(638464K)] 667524K->93317K(2036736K), 0.0149475 secs] [Times: user=0.13 sys=0.00, real=0.02 secs] 
2020-09-29T17:39:09.822+0200: 61.851: [GC (Allocation Failure) [PSYoungGen: 623525K->49285K(628736K)] 672389K->98149K(2027008K), 0.0168520 secs] [Times: user=0.13 sys=0.00, real=0.02 secs] 
2020-09-29T17:39:09.889+0200: 61.918: [GC (Allocation Failure) [PSYoungGen: 628357K->40421K(637952K)] 677221K->89285K(2036224K), 0.0136957 secs] [Times: user=0.13 sys=0.00, real=0.01 secs] 
2020-09-29T17:39:09.954+0200: 61.983: [GC (Allocation Failure) [PSYoungGen: 615909K->25475K(636416K)] 664773K->74339K(2034688K), 0.0106111 secs] [Times: user=0.13 sys=0.00, real=0.01 secs] 
2020-09-29T17:39:10.014+0200: 62.043: [GC (Allocation Failure) [PSYoungGen: 600963K->38980K(639488K)] 649827K->87844K(2037760K), 0.0134105 secs] [Times: user=0.13 sys=0.00, real=0.01 secs] 
2020-09-29T17:39:10.077+0200: 62.107: [GC (Allocation Failure) [PSYoungGen: 617540K->28229K(637952K)] 666404K->77093K(2036224K), 0.0096795 secs] [Times: user=0.13 sys=0.00, real=0.01 secs] 
2020-09-29T17:39:10.136+0200: 62.166: [GC (Allocation Failure) [PSYoungGen: 606789K->16933K(638464K)] 655653K->65797K(2036736K), 0.0057682 secs] [Times: user=0.00 sys=0.00, real=0.01 secs] 
2020-09-29T17:39:10.192+0200: 62.221: [GC (Allocation Failure) [PSYoungGen: 597029K->50149K(630272K)] 645893K->99013K(2028544K), 0.0171222 secs] [Times: user=0.13 sys=0.00, real=0.02 secs] 
2020-09-29T17:39:10.260+0200: 62.290: [GC (Allocation Failure) [PSYoungGen: 630245K->41988K(636416K)] 679109K->90852K(2034688K), 0.0175236 secs] [Times: user=0.13 sys=0.00, real=0.02 secs] 
2020-09-29T17:39:10.330+0200: 62.359: [GC (Allocation Failure) [PSYoungGen: 615428K->41061K(635904K)] 664292K->89925K(2034176K), 0.0165958 secs] [Times: user=0.11 sys=0.00, real=0.02 secs] 
2020-09-29T17:39:10.398+0200: 62.427: [GC (Allocation Failure) [PSYoungGen: 614501K->24931K(637440K)] 663365K->73795K(2035712K), 0.0112681 secs] [Times: user=0.00 sys=0.00, real=0.01 secs] 
2020-09-29T17:39:10.461+0200: 62.490: [GC (Allocation Failure) [PSYoungGen: 600931K->23747K(637440K)] 649795K->72611K(2035712K), 0.0102405 secs] [Times: user=0.00 sys=0.00, real=0.01 secs] 
2020-09-29T17:39:10.520+0200: 62.550: [GC (Allocation Failure) [PSYoungGen: 599747K->24259K(638976K)] 648611K->73123K(2037248K), 0.0099285 secs] [Times: user=0.08 sys=0.00, real=0.01 secs] 
2020-09-29T17:39:10.582+0200: 62.611: [GC (Allocation Failure) [PSYoungGen: 602307K->24963K(637952K)] 651171K->73827K(2036224K), 0.0104467 secs] [Times: user=0.11 sys=0.00, real=0.01 secs] 
2020-09-29T17:39:10.643+0200: 62.672: [GC (Allocation Failure) [PSYoungGen: 603011K->42405K(637952K)] 651875K->91269K(2036224K), 0.0151147 secs] [Times: user=0.13 sys=0.00, real=0.02 secs] 
2020-09-29T17:39:10.708+0200: 62.737: [GC (Allocation Failure) [PSYoungGen: 621477K->47301K(626688K)] 670341K->96165K(2024960K), 0.0156155 secs] [Times: user=0.01 sys=0.02, real=0.02 secs] 
2020-09-29T17:39:10.774+0200: 62.804: [GC (Allocation Failure) [PSYoungGen: 626373K->19107K(636416K)] 675237K->67971K(2034688K), 0.0083707 secs] [Times: user=0.00 sys=0.00, real=0.01 secs] 
2020-09-29T17:39:10.832+0200: 62.861: [GC (Allocation Failure) [PSYoungGen: 593059K->32453K(636416K)] 641923K->81317K(2034688K), 0.0116111 secs] [Times: user=0.13 sys=0.00, real=0.01 secs] 
2020-09-29T17:39:10.893+0200: 62.922: [GC (Allocation Failure) [PSYoungGen: 606405K->32229K(641536K)] 655269K->81093K(2039808K), 0.0113948 secs] [Times: user=0.13 sys=0.00, real=0.01 secs] 
2020-09-29T17:39:10.954+0200: 62.984: [GC (Allocation Failure) [PSYoungGen: 614373K->38948K(639488K)] 663237K->87812K(2037760K), 0.0141835 secs] [Times: user=0.13 sys=0.00, real=0.02 secs] 
2020-09-29T17:39:11.022+0200: 63.051: [GC (Allocation Failure) [PSYoungGen: 621092K->46917K(636928K)] 669956K->95781K(2035200K), 0.0153695 secs] [Times: user=0.13 sys=0.00, real=0.01 secs] 
2020-09-29T17:39:11.087+0200: 63.116: [GC (Allocation Failure) [PSYoungGen: 627013K->25381K(639488K)] 675877K->74245K(2037760K), 0.0087612 secs] [Times: user=0.00 sys=0.00, real=0.01 secs] 
2020-09-29T17:39:11.145+0200: 63.175: [GC (Allocation Failure) [PSYoungGen: 605477K->44965K(636928K)] 654341K->93829K(2035200K), 0.0154261 secs] [Times: user=0.13 sys=0.00, real=0.02 secs] 
2020-09-29T17:39:11.210+0200: 63.239: [GC (Allocation Failure) [PSYoungGen: 623013K->48805K(627200K)] 671877K->97669K(2025472K), 0.0162730 secs] [Times: user=0.13 sys=0.00, real=0.02 secs] 
2020-09-29T17:39:11.276+0200: 63.305: [GC (Allocation Failure) [PSYoungGen: 626853K->24036K(636416K)] 675717K->72900K(2034688K), 0.0091141 secs] [Times: user=0.00 sys=0.00, real=0.01 secs] 
2020-09-29T17:39:11.334+0200: 63.364: [GC (Allocation Failure) [PSYoungGen: 597476K->36869K(635904K)] 646340K->85733K(2034176K), 0.0122455 secs] [Times: user=0.00 sys=0.00, real=0.01 secs] 
2020-09-29T17:39:11.395+0200: 63.425: [GC (Allocation Failure) [PSYoungGen: 610309K->36069K(641024K)] 659173K->84933K(2039296K), 0.0123208 secs] [Times: user=0.00 sys=0.00, real=0.01 secs] 
2020-09-29T17:39:11.458+0200: 63.487: [GC (Allocation Failure) [PSYoungGen: 616677K->27524K(638464K)] 665541K->76388K(2036736K), 0.0104140 secs] [Times: user=0.00 sys=0.00, real=0.01 secs] 
2020-09-29T17:39:11.518+0200: 63.548: [GC (Allocation Failure) [PSYoungGen: 608132K->33316K(643584K)] 656996K->82180K(2041856K), 0.0116984 secs] [Times: user=0.13 sys=0.00, real=0.01 secs] 
2020-09-29T17:39:11.582+0200: 63.611: [GC (Allocation Failure) [PSYoungGen: 619556K->45253K(641536K)] 668420K->94117K(2039808K), 0.0161080 secs] [Times: user=0.11 sys=0.00, real=0.02 secs] 
2020-09-29T17:39:11.650+0200: 63.679: [GC (Allocation Failure) [PSYoungGen: 631493K->43653K(640512K)] 680357K->92517K(2038784K), 0.0145099 secs] [Times: user=0.13 sys=0.00, real=0.01 secs] 
2020-09-29T17:39:11.714+0200: 63.743: [GC (Allocation Failure) [PSYoungGen: 626821K->24356K(641024K)] 675685K->73220K(2039296K), 0.0092953 secs] [Times: user=0.00 sys=0.00, real=0.01 secs] 
2020-09-29T17:39:11.774+0200: 63.803: [GC (Allocation Failure) [PSYoungGen: 607524K->33381K(643072K)] 656388K->82245K(2041344K), 0.0120520 secs] [Times: user=0.03 sys=0.00, real=0.01 secs] 
2020-09-29T17:39:11.837+0200: 63.866: [GC (Allocation Failure) [PSYoungGen: 618597K->16868K(641024K)] 667461K->65732K(2039296K), 0.0066613 secs] [Times: user=0.00 sys=0.00, real=0.01 secs] 
2020-09-29T17:39:11.896+0200: 63.926: [GC (Allocation Failure) [PSYoungGen: 602084K->41508K(640000K)] 650948K->90372K(2038272K), 0.0202725 secs] [Times: user=0.13 sys=0.00, real=0.02 secs] 
2020-09-29T17:39:11.966+0200: 63.995: [GC (Allocation Failure) [PSYoungGen: 624676K->36741K(641024K)] 673540K->85605K(2039296K), 0.0164924 secs] [Times: user=0.13 sys=0.00, real=0.02 secs] 
2020-09-29T17:39:12.032+0200: 64.062: [GC (Allocation Failure) [PSYoungGen: 619909K->45572K(638464K)] 668773K->94436K(2036736K), 0.0218018 secs] [Times: user=0.25 sys=0.00, real=0.03 secs] 
2020-09-29T17:39:12.110+0200: 64.140: [GC (Allocation Failure) [PSYoungGen: 627716K->39781K(640512K)] 676580K->88645K(2038784K), 0.0184004 secs] [Times: user=0.13 sys=0.00, real=0.02 secs] 
2020-09-29T17:39:12.182+0200: 64.211: [GC (Allocation Failure) [PSYoungGen: 621925K->47749K(636928K)] 670789K->96613K(2035200K), 0.0214510 secs] [Times: user=0.13 sys=0.00, real=0.02 secs] 
2020-09-29T17:39:12.253+0200: 64.282: [GC (Allocation Failure) [PSYoungGen: 626821K->23331K(638976K)] 675685K->72195K(2037248K), 0.0134853 secs] [Times: user=0.13 sys=0.00, real=0.01 secs] 
2020-09-29T17:39:12.319+0200: 64.348: [GC (Allocation Failure) [PSYoungGen: 602403K->39972K(639488K)] 651267K->88836K(2037760K), 0.0189780 secs] [Times: user=0.13 sys=0.00, real=0.02 secs] 
2020-09-29T17:39:12.387+0200: 64.417: [GC (Allocation Failure) [PSYoungGen: 619556K->31396K(638976K)] 668420K->80260K(2037248K), 0.0157141 secs] [Times: user=0.13 sys=0.00, real=0.02 secs] 
2020-09-29T17:39:12.453+0200: 64.482: [GC (Allocation Failure) [PSYoungGen: 610980K->22243K(641024K)] 659844K->71107K(2039296K), 0.0126042 secs] [Times: user=0.13 sys=0.00, real=0.01 secs] 
2020-09-29T17:39:12.524+0200: 64.554: [GC (Allocation Failure) [PSYoungGen: 605411K->31237K(641024K)] 654275K->80101K(2039296K), 0.0157634 secs] [Times: user=0.13 sys=0.00, real=0.02 secs] 
2020-09-29T17:39:12.601+0200: 64.631: [GC (Allocation Failure) [PSYoungGen: 614405K->24099K(643584K)] 663269K->72963K(2041856K), 0.0138650 secs] [Times: user=0.11 sys=0.00, real=0.01 secs] 
2020-09-29T17:39:12.667+0200: 64.697: [GC (Allocation Failure) [PSYoungGen: 611875K->21891K(643072K)] 660739K->70755K(2041344K), 0.0125994 secs] [Times: user=0.13 sys=0.00, real=0.01 secs] 
2020-09-29T17:39:12.729+0200: 64.759: [GC (Allocation Failure) [PSYoungGen: 609667K->18691K(643584K)] 658531K->67555K(2041856K), 0.0108838 secs] [Times: user=0.13 sys=0.00, real=0.01 secs] 
2020-09-29T17:39:12.792+0200: 64.822: [GC (Allocation Failure) [PSYoungGen: 606979K->32228K(643584K)] 655843K->81092K(2041856K), 0.0169427 secs] [Times: user=0.13 sys=0.00, real=0.02 secs] 
2020-09-29T17:39:12.860+0200: 64.890: [GC (Allocation Failure) [PSYoungGen: 620516K->46309K(638464K)] 669380K->95173K(2036736K), 0.0222069 secs] [Times: user=0.25 sys=0.00, real=0.02 secs] 
2020-09-29T17:39:12.932+0200: 64.962: [GC (Allocation Failure) [PSYoungGen: 631525K->16100K(601600K)] 680389K->64964K(1999872K), 0.0076943 secs] [Times: user=0.00 sys=0.00, real=0.01 secs] 
2020-09-29T17:39:12.990+0200: 65.020: [GC (Allocation Failure) [PSYoungGen: 601316K->40837K(639488K)] 650180K->89701K(2037760K), 0.0188121 secs] [Times: user=0.13 sys=0.00, real=0.02 secs] 
2020-09-29T17:39:13.058+0200: 65.088: [GC (Allocation Failure) [PSYoungGen: 622981K->48773K(631296K)] 671845K->97637K(2029568K), 0.0226451 secs] [Times: user=0.13 sys=0.00, real=0.02 secs] 
2020-09-29T17:39:13.133+0200: 65.162: [GC (Allocation Failure) [PSYoungGen: 630917K->42917K(635904K)] 679781K->91781K(2034176K), 0.0207261 secs] [Times: user=0.13 sys=0.00, real=0.02 secs] 
2020-09-29T17:39:13.203+0200: 65.233: [GC (Allocation Failure) [PSYoungGen: 616869K->27427K(636416K)] 665733K->76291K(2034688K), 0.0147378 secs] [Times: user=0.13 sys=0.00, real=0.01 secs] 
2020-09-29T17:39:13.268+0200: 65.297: [GC (Allocation Failure) [PSYoungGen: 601379K->40613K(637952K)] 650243K->89477K(2036224K), 0.0194166 secs] [Times: user=0.25 sys=0.00, real=0.02 secs] 
2020-09-29T17:39:13.339+0200: 65.368: [GC (Allocation Failure) [PSYoungGen: 617637K->42116K(637952K)] 666501K->90980K(2036224K), 0.0201472 secs] [Times: user=0.13 sys=0.00, real=0.02 secs] 
2020-09-29T17:39:13.410+0200: 65.440: [GC (Allocation Failure) [PSYoungGen: 619140K->31237K(639488K)] 668004K->80101K(2037760K), 0.0147763 secs] [Times: user=0.13 sys=0.00, real=0.02 secs] 
2020-09-29T17:39:13.489+0200: 65.518: [GC (Allocation Failure) [PSYoungGen: 609797K->49221K(628224K)] 658661K->98085K(2026496K), 0.0226138 secs] [Times: user=0.13 sys=0.00, real=0.02 secs] 
2020-09-29T17:39:13.562+0200: 65.591: [GC (Allocation Failure) [PSYoungGen: 627781K->39909K(637952K)] 676645K->88773K(2036224K), 0.0196620 secs] [Times: user=0.11 sys=0.00, real=0.02 secs] 
2020-09-29T17:39:13.633+0200: 65.662: [GC (Allocation Failure) [PSYoungGen: 615909K->27973K(636928K)] 664773K->76837K(2035200K), 0.0140734 secs] [Times: user=0.11 sys=0.00, real=0.01 secs] 
2020-09-29T17:39:13.698+0200: 65.727: [GC (Allocation Failure) [PSYoungGen: 603973K->29509K(640000K)] 652837K->78373K(2038272K), 0.0148855 secs] [Times: user=0.13 sys=0.00, real=0.02 secs] 
2020-09-29T17:39:13.765+0200: 65.794: [GC (Allocation Failure) [PSYoungGen: 609605K->32899K(638976K)] 658469K->81763K(2037248K), 0.0176136 secs] [Times: user=0.13 sys=0.00, real=0.02 secs] 
2020-09-29T17:39:13.832+0200: 65.861: [GC (Allocation Failure) [PSYoungGen: 612995K->38789K(643072K)] 661859K->87653K(2041344K), 0.0173249 secs] [Times: user=0.25 sys=0.00, real=0.02 secs] 
2020-09-29T17:39:13.901+0200: 65.930: [GC (Allocation Failure) [PSYoungGen: 625029K->37061K(642048K)] 673893K->85925K(2040320K), 0.0183985 secs] [Times: user=0.13 sys=0.00, real=0.02 secs] 
2020-09-29T17:39:13.970+0200: 65.999: [GC (Allocation Failure) [PSYoungGen: 623301K->21348K(643072K)] 672165K->70212K(2041344K), 0.0107808 secs] [Times: user=0.13 sys=0.00, real=0.01 secs] 
2020-09-29T17:39:14.031+0200: 66.060: [GC (Allocation Failure) [PSYoungGen: 609636K->35108K(643584K)] 658500K->83972K(2041856K), 0.0183582 secs] [Times: user=0.13 sys=0.00, real=0.02 secs] 
2020-09-29T17:39:14.100+0200: 66.129: [GC (Allocation Failure) [PSYoungGen: 623396K->49157K(638464K)] 672260K->98021K(2036736K), 0.0227524 secs] [Times: user=0.13 sys=0.00, real=0.02 secs] 
2020-09-29T17:39:14.172+0200: 66.201: [GC (Allocation Failure) [PSYoungGen: 634373K->30051K(642048K)] 683237K->78915K(2040320K), 0.0162165 secs] [Times: user=0.13 sys=0.00, real=0.02 secs] 
2020-09-29T17:39:14.243+0200: 66.272: [GC (Allocation Failure) [PSYoungGen: 615267K->26629K(643584K)] 664131K->75493K(2041856K), 0.0120925 secs] [Times: user=0.13 sys=0.00, real=0.01 secs] 
2020-09-29T17:39:14.306+0200: 66.336: [GC (Allocation Failure) [PSYoungGen: 614405K->25604K(643072K)] 663269K->74468K(2041344K), 0.0130744 secs] [Times: user=0.13 sys=0.00, real=0.01 secs] 
2020-09-29T17:39:14.370+0200: 66.399: [GC (Allocation Failure) [PSYoungGen: 613380K->52741K(633856K)] 662244K->101605K(2032128K), 0.0245853 secs] [Times: user=0.13 sys=0.00, real=0.02 secs] 
2020-09-29T17:39:14.444+0200: 66.473: [GC (Allocation Failure) [PSYoungGen: 631813K->43877K(623104K)] 680677K->92741K(2021376K), 0.0207993 secs] [Times: user=0.13 sys=0.00, real=0.02 secs] 
2020-09-29T17:39:14.515+0200: 66.544: [GC (Allocation Failure) [PSYoungGen: 622949K->33605K(640512K)] 671813K->82469K(2038784K), 0.0168679 secs] [Times: user=0.13 sys=0.00, real=0.02 secs] 
2020-09-29T17:39:14.583+0200: 66.612: [GC (Allocation Failure) [PSYoungGen: 613701K->39525K(638464K)] 662565K->88389K(2036736K), 0.0207134 secs] [Times: user=0.11 sys=0.00, real=0.02 secs] 
2020-09-29T17:39:14.658+0200: 66.687: [GC (Allocation Failure) [PSYoungGen: 619621K->31396K(642560K)] 668485K->80260K(2040832K), 0.0170279 secs] [Times: user=0.09 sys=0.00, real=0.02 secs] 
2020-09-29T17:39:14.727+0200: 66.756: [GC (Allocation Failure) [PSYoungGen: 616100K->41572K(641024K)] 664964K->90436K(2039296K), 0.0207332 secs] [Times: user=0.13 sys=0.00, real=0.02 secs] 
2020-09-29T17:39:14.802+0200: 66.832: [GC (Allocation Failure) [PSYoungGen: 626276K->22275K(641536K)] 675140K->71139K(2039808K), 0.0128499 secs] [Times: user=0.00 sys=0.00, real=0.01 secs] 
2020-09-29T17:39:14.869+0200: 66.898: [GC (Allocation Failure) [PSYoungGen: 607491K->31428K(642048K)] 656355K->80292K(2040320K), 0.0160006 secs] [Times: user=0.13 sys=0.00, real=0.02 secs] 
2020-09-29T17:39:14.935+0200: 66.965: [GC (Allocation Failure) [PSYoungGen: 616644K->27716K(644608K)] 665508K->76580K(2042880K), 0.0147545 secs] [Times: user=0.13 sys=0.00, real=0.02 secs] 
2020-09-29T17:39:15.002+0200: 67.032: [GC (Allocation Failure) [PSYoungGen: 617028K->41636K(643584K)] 665892K->90500K(2041856K), 0.0203160 secs] [Times: user=0.25 sys=0.00, real=0.02 secs] 
2020-09-29T17:39:15.073+0200: 67.102: [GC (Allocation Failure) [PSYoungGen: 630948K->43013K(641536K)] 679812K->91877K(2039808K), 0.0195427 secs] [Times: user=0.13 sys=0.00, real=0.02 secs] 
2020-09-29T17:39:15.144+0200: 67.173: [GC (Allocation Failure) [PSYoungGen: 629253K->40452K(642560K)] 678117K->89316K(2040832K), 0.0193634 secs] [Times: user=0.24 sys=0.00, real=0.02 secs] 
2020-09-29T17:39:15.213+0200: 67.243: [GC (Allocation Failure) [PSYoungGen: 626692K->35684K(644608K)] 675556K->84548K(2042880K), 0.0181464 secs] [Times: user=0.13 sys=0.00, real=0.02 secs] 
2020-09-29T17:39:15.282+0200: 67.311: [GC (Allocation Failure) [PSYoungGen: 623972K->35716K(642560K)] 672836K->84580K(2040832K), 0.0180540 secs] [Times: user=0.13 sys=0.00, real=0.02 secs] 
2020-09-29T17:39:15.351+0200: 67.380: [GC (Allocation Failure) [PSYoungGen: 624004K->35300K(648192K)] 672868K->84164K(2046464K), 0.0174859 secs] [Times: user=0.13 sys=0.00, real=0.02 secs] 
2020-09-29T17:39:15.419+0200: 67.449: [GC (Allocation Failure) [PSYoungGen: 631268K->28773K(646656K)] 680132K->77637K(2044928K), 0.0143566 secs] [Times: user=0.13 sys=0.00, real=0.02 secs] 
2020-09-29T17:39:15.485+0200: 67.515: [GC (Allocation Failure) [PSYoungGen: 624741K->36933K(649216K)] 673605K->85797K(2047488K), 0.0166875 secs] [Times: user=0.13 sys=0.00, real=0.02 secs] 
2020-09-29T17:39:15.555+0200: 67.585: [GC (Allocation Failure) [PSYoungGen: 635461K->47525K(646144K)] 684325K->96389K(2044416K), 0.0221034 secs] [Times: user=0.13 sys=0.00, real=0.02 secs] 
2020-09-29T17:39:15.631+0200: 67.661: [GC (Allocation Failure) [PSYoungGen: 646053K->30789K(646656K)] 694917K->79653K(2044928K), 0.0157845 secs] [Times: user=0.11 sys=0.00, real=0.02 secs] 
2020-09-29T17:39:15.700+0200: 67.729: [GC (Allocation Failure) [PSYoungGen: 624709K->35203K(646144K)] 673573K->84067K(2044416K), 0.0183800 secs] [Times: user=0.13 sys=0.00, real=0.02 secs] 
2020-09-29T17:39:15.770+0200: 67.800: [GC (Allocation Failure) [PSYoungGen: 629123K->41253K(647168K)] 677987K->90117K(2045440K), 0.0197116 secs] [Times: user=0.13 sys=0.00, real=0.02 secs] 
2020-09-29T17:39:15.847+0200: 67.877: [GC (Allocation Failure) [PSYoungGen: 637733K->36165K(647680K)] 686597K->85029K(2045952K), 0.0173157 secs] [Times: user=0.25 sys=0.00, real=0.02 secs] 
2020-09-29T17:39:15.916+0200: 67.945: [GC (Allocation Failure) [PSYoungGen: 632645K->44709K(645120K)] 681509K->93573K(2043392K), 0.0208260 secs] [Times: user=0.13 sys=0.00, real=0.02 secs] 
2020-09-29T17:39:15.987+0200: 68.017: [GC (Allocation Failure) [PSYoungGen: 640165K->36580K(647168K)] 689029K->85444K(2045440K), 0.0175864 secs] [Times: user=0.25 sys=0.00, real=0.02 secs] 
2020-09-29T17:39:16.056+0200: 68.085: [GC (Allocation Failure) [PSYoungGen: 632036K->28996K(648704K)] 680900K->77860K(2046976K), 0.0146030 secs] [Times: user=0.13 sys=0.00, real=0.01 secs] 
2020-09-29T17:39:16.122+0200: 68.151: [GC (Allocation Failure) [PSYoungGen: 627524K->39397K(648704K)] 676388K->88261K(2046976K), 0.0193453 secs] [Times: user=0.13 sys=0.00, real=0.02 secs] 
2020-09-29T17:39:16.192+0200: 68.222: [GC (Allocation Failure) [PSYoungGen: 637925K->35972K(649728K)] 686789K->84836K(2048000K), 0.0185351 secs] [Times: user=0.11 sys=0.00, real=0.02 secs] 
2020-09-29T17:39:16.266+0200: 68.296: [GC (Allocation Failure) [PSYoungGen: 635524K->33188K(648704K)] 684388K->82052K(2046976K), 0.0165958 secs] [Times: user=0.13 sys=0.00, real=0.02 secs] 
2020-09-29T17:39:16.337+0200: 68.366: [GC (Allocation Failure) [PSYoungGen: 632740K->30212K(650752K)] 681604K->79076K(2049024K), 0.0148056 secs] [Times: user=0.13 sys=0.00, real=0.02 secs] 
2020-09-29T17:39:16.408+0200: 68.438: [GC (Allocation Failure) [PSYoungGen: 632836K->44869K(647680K)] 681700K->93733K(2045952K), 0.0205633 secs] [Times: user=0.25 sys=0.00, real=0.02 secs] 
2020-09-29T17:39:16.480+0200: 68.510: [GC (Allocation Failure) [PSYoungGen: 647493K->45829K(644608K)] 696357K->94693K(2042880K), 0.0211006 secs] [Times: user=0.13 sys=0.00, real=0.02 secs] 
2020-09-29T17:39:16.553+0200: 68.583: [GC (Allocation Failure) [PSYoungGen: 640261K->34660K(646656K)] 689125K->83524K(2044928K), 0.0170588 secs] [Times: user=0.13 sys=0.00, real=0.02 secs] 
2020-09-29T17:39:16.623+0200: 68.653: [GC (Allocation Failure) [PSYoungGen: 629092K->40708K(647680K)] 677956K->89572K(2045952K), 0.0217022 secs] [Times: user=0.13 sys=0.00, real=0.02 secs] 
2020-09-29T17:39:16.696+0200: 68.726: [GC (Allocation Failure) [PSYoungGen: 637188K->34852K(647680K)] 686052K->83716K(2045952K), 0.0172770 secs] [Times: user=0.13 sys=0.00, real=0.02 secs] 
2020-09-29T17:39:16.765+0200: 68.795: [GC (Allocation Failure) [PSYoungGen: 631332K->41668K(648192K)] 680196K->90532K(2046464K), 0.0199964 secs] [Times: user=0.13 sys=0.00, real=0.02 secs] 
2020-09-29T17:39:16.840+0200: 68.869: [GC (Allocation Failure) [PSYoungGen: 639172K->37605K(648192K)] 688036K->86469K(2046464K), 0.0175127 secs] [Times: user=0.13 sys=0.00, real=0.02 secs] 
2020-09-29T17:39:16.913+0200: 68.943: [GC (Allocation Failure) [PSYoungGen: 635109K->33476K(649728K)] 683973K->82340K(2048000K), 0.0146982 secs] [Times: user=0.13 sys=0.00, real=0.01 secs] 
2020-09-29T17:39:16.980+0200: 69.009: [GC (Allocation Failure) [PSYoungGen: 633540K->31812K(649216K)] 682404K->80676K(2047488K), 0.0146978 secs] [Times: user=0.13 sys=0.00, real=0.01 secs] 
2020-09-29T17:39:17.045+0200: 69.075: [GC (Allocation Failure) [PSYoungGen: 631876K->30277K(650240K)] 680740K->79141K(2048512K), 0.0130770 secs] [Times: user=0.13 sys=0.00, real=0.01 secs] 
2020-09-29T17:39:17.110+0200: 69.140: [GC (Allocation Failure) [PSYoungGen: 631877K->42852K(644608K)] 680741K->91716K(2042880K), 0.0187404 secs] [Times: user=0.14 sys=0.00, real=0.02 secs] 
2020-09-29T17:39:17.181+0200: 69.211: [GC (Allocation Failure) [PSYoungGen: 644452K->28324K(648704K)] 693316K->77188K(2046976K), 0.0135424 secs] [Times: user=0.13 sys=0.00, real=0.01 secs] 
2020-09-29T17:39:17.248+0200: 69.277: [GC (Allocation Failure) [PSYoungGen: 626852K->25188K(624128K)] 675716K->74052K(2022400K), 0.0118336 secs] [Times: user=0.13 sys=0.00, real=0.01 secs] 
2020-09-29T17:39:17.311+0200: 69.340: [GC (Allocation Failure) [PSYoungGen: 623716K->20099K(646144K)] 672580K->68963K(2044416K), 0.0101681 secs] [Times: user=0.13 sys=0.00, real=0.01 secs] 
2020-09-29T17:39:17.372+0200: 69.401: [GC (Allocation Failure) [PSYoungGen: 615555K->41253K(636928K)] 664419K->90117K(2035200K), 0.0179381 secs] [Times: user=0.13 sys=0.00, real=0.02 secs] 
2020-09-29T17:39:17.441+0200: 69.470: [GC (Allocation Failure) [PSYoungGen: 636709K->21477K(645120K)] 685573K->70341K(2043392K), 0.0090251 secs] [Times: user=0.09 sys=0.00, real=0.01 secs] 
2020-09-29T17:39:17.504+0200: 69.534: [GC (Allocation Failure) [PSYoungGen: 613861K->37988K(645632K)] 662725K->86852K(2043904K), 0.0169230 secs] [Times: user=0.13 sys=0.00, real=0.02 secs] 
2020-09-29T17:39:17.576+0200: 69.605: [GC (Allocation Failure) [PSYoungGen: 630372K->41860K(643072K)] 679236K->90724K(2041344K), 0.0197800 secs] [Times: user=0.11 sys=0.00, real=0.02 secs] 
2020-09-29T17:39:17.648+0200: 69.677: [GC (Allocation Failure) [PSYoungGen: 632196K->28741K(644608K)] 681060K->77605K(2042880K), 0.0125401 secs] [Times: user=0.00 sys=0.00, real=0.01 secs] 
2020-09-29T17:39:17.711+0200: 69.741: [GC (Allocation Failure) [PSYoungGen: 619077K->29924K(647168K)] 667941K->78788K(2045440K), 0.0133459 secs] [Times: user=0.13 sys=0.00, real=0.01 secs] 
2020-09-29T17:39:17.779+0200: 69.808: [GC (Allocation Failure) [PSYoungGen: 623844K->35845K(645632K)] 672708K->84709K(2043904K), 0.0156858 secs] [Times: user=0.13 sys=0.00, real=0.01 secs] 
2020-09-29T17:39:17.847+0200: 69.876: [GC (Allocation Failure) [PSYoungGen: 629765K->27716K(648704K)] 678629K->76580K(2046976K), 0.0132342 secs] [Times: user=0.13 sys=0.00, real=0.01 secs] 
2020-09-29T17:39:17.911+0200: 69.941: [GC (Allocation Failure) [PSYoungGen: 625732K->37829K(648192K)] 674596K->86693K(2046464K), 0.0150808 secs] [Times: user=0.13 sys=0.00, real=0.02 secs] 
2020-09-29T17:39:17.983+0200: 70.012: [GC (Allocation Failure) [PSYoungGen: 635845K->33764K(650240K)] 684709K->82628K(2048512K), 0.0148089 secs] [Times: user=0.13 sys=0.00, real=0.01 secs] 
2020-09-29T17:39:18.049+0200: 70.078: [GC (Allocation Failure) [PSYoungGen: 633828K->31972K(648704K)] 682692K->80836K(2046976K), 0.0148184 secs] [Times: user=0.13 sys=0.00, real=0.01 secs] 
2020-09-29T17:39:18.115+0200: 70.144: [GC (Allocation Failure) [PSYoungGen: 632036K->44133K(646144K)] 680900K->92997K(2044416K), 0.0188231 secs] [Times: user=0.13 sys=0.00, real=0.02 secs] 
2020-09-29T17:39:18.184+0200: 70.214: [GC (Allocation Failure) [PSYoungGen: 642661K->26564K(648704K)] 691525K->75428K(2046976K), 0.0117977 secs] [Times: user=0.13 sys=0.00, real=0.01 secs] 
2020-09-29T17:39:18.250+0200: 70.279: [GC (Allocation Failure) [PSYoungGen: 625092K->20260K(647168K)] 673956K->69124K(2045440K), 0.0088961 secs] [Times: user=0.13 sys=0.00, real=0.01 secs] 
2020-09-29T17:39:18.310+0200: 70.339: [GC (Allocation Failure) [PSYoungGen: 617764K->41988K(640000K)] 666628K->90852K(2038272K), 0.0190236 secs] [Times: user=0.13 sys=0.00, real=0.02 secs] 
2020-09-29T17:39:18.380+0200: 70.409: [GC (Allocation Failure) [PSYoungGen: 639492K->51653K(636416K)] 688356K->100517K(2034688K), 0.0207242 secs] [Times: user=0.13 sys=0.00, real=0.02 secs] 
2020-09-29T17:39:18.451+0200: 70.480: [GC (Allocation Failure) [PSYoungGen: 635845K->34117K(641536K)] 684709K->82981K(2039808K), 0.0148668 secs] [Times: user=0.13 sys=0.00, real=0.02 secs] 
2020-09-29T17:39:18.515+0200: 70.544: [GC (Allocation Failure) [PSYoungGen: 618309K->28100K(644608K)] 667173K->76964K(2042880K), 0.0129383 secs] [Times: user=0.13 sys=0.00, real=0.01 secs] 
2020-09-29T17:39:18.579+0200: 70.609: [GC (Allocation Failure) [PSYoungGen: 617412K->42948K(632320K)] 666276K->91812K(2030592K), 0.0200409 secs] [Times: user=0.22 sys=0.00, real=0.02 secs] 
2020-09-29T17:39:18.651+0200: 70.681: [GC (Allocation Failure) [PSYoungGen: 632260K->44357K(641024K)] 681124K->93221K(2039296K), 0.0189564 secs] [Times: user=0.13 sys=0.00, real=0.02 secs] 
2020-09-29T17:39:18.720+0200: 70.749: [GC (Allocation Failure) [PSYoungGen: 629573K->41669K(642048K)] 678437K->90533K(2040320K), 0.0172981 secs] [Times: user=0.13 sys=0.00, real=0.02 secs] 
2020-09-29T17:39:18.789+0200: 70.819: [GC (Allocation Failure) [PSYoungGen: 626885K->38885K(643072K)] 675749K->87749K(2041344K), 0.0171350 secs] [Times: user=0.13 sys=0.00, real=0.02 secs] 
2020-09-29T17:39:18.858+0200: 70.887: [GC (Allocation Failure) [PSYoungGen: 625125K->22115K(642048K)] 673989K->70979K(2040320K), 0.0109085 secs] [Times: user=0.13 sys=0.00, real=0.02 secs] 
2020-09-29T17:39:18.926+0200: 70.955: [GC (Allocation Failure) [PSYoungGen: 608355K->32965K(644096K)] 657219K->81829K(2042368K), 0.0133291 secs] [Times: user=0.00 sys=0.00, real=0.01 secs] 
2020-09-29T17:39:18.989+0200: 71.019: [GC (Allocation Failure) [PSYoungGen: 620741K->29764K(642560K)] 669605K->78628K(2040832K), 0.0129682 secs] [Times: user=0.00 sys=0.00, real=0.01 secs] 
2020-09-29T17:39:19.052+0200: 71.081: [GC (Allocation Failure) [PSYoungGen: 617540K->29028K(646144K)] 666404K->77892K(2044416K), 0.0128014 secs] [Times: user=0.00 sys=0.00, real=0.01 secs] 
2020-09-29T17:39:19.115+0200: 71.145: [GC (Allocation Failure) [PSYoungGen: 621412K->33541K(645120K)] 670276K->82405K(2043392K), 0.0138560 secs] [Times: user=0.00 sys=0.01, real=0.01 secs] 
2020-09-29T17:39:19.181+0200: 71.211: [GC (Allocation Failure) [PSYoungGen: 625925K->22469K(647680K)] 674789K->71333K(2045952K), 0.0096076 secs] [Times: user=0.00 sys=0.00, real=0.01 secs] 
2020-09-29T17:39:19.247+0200: 71.277: [GC (Allocation Failure) [PSYoungGen: 618949K->44741K(641536K)] 667813K->93605K(2039808K), 0.0187077 secs] [Times: user=0.13 sys=0.00, real=0.02 secs] 
2020-09-29T17:39:19.319+0200: 71.348: [GC (Allocation Failure) [PSYoungGen: 641221K->53253K(634880K)] 690085K->102117K(2033152K), 0.0217737 secs] [Times: user=0.13 sys=0.00, real=0.02 secs] 
2020-09-29T17:39:19.393+0200: 71.422: [GC (Allocation Failure) [PSYoungGen: 634373K->46437K(627712K)] 683237K->95301K(2025984K), 0.0190057 secs] [Times: user=0.23 sys=0.00, real=0.02 secs] 
2020-09-29T17:39:19.467+0200: 71.496: [GC (Allocation Failure) [PSYoungGen: 627557K->25668K(638464K)] 676421K->74532K(2036736K), 0.0121432 secs] [Times: user=0.11 sys=0.00, real=0.01 secs] 
2020-09-29T17:39:19.539+0200: 71.569: [GC (Allocation Failure) [PSYoungGen: 603716K->29381K(638464K)] 652580K->78245K(2036736K), 0.0130891 secs] [Times: user=0.13 sys=0.00, real=0.01 secs] 
2020-09-29T17:39:19.603+0200: 71.632: [GC (Allocation Failure) [PSYoungGen: 607429K->16770K(637952K)] 656293K->65634K(2036224K), 0.0102947 secs] [Times: user=0.00 sys=0.00, real=0.01 secs] 
2020-09-29T17:39:19.664+0200: 71.694: [GC (Allocation Failure) [PSYoungGen: 595842K->48965K(628224K)] 644706K->97829K(2026496K), 0.0198476 secs] [Times: user=0.13 sys=0.00, real=0.02 secs] 
2020-09-29T17:39:19.733+0200: 71.763: [GC (Allocation Failure) [PSYoungGen: 628037K->39813K(636928K)] 676901K->88677K(2035200K), 0.0167371 secs] [Times: user=0.13 sys=0.00, real=0.02 secs] 
2020-09-29T17:39:19.804+0200: 71.834: [GC (Allocation Failure) [PSYoungGen: 613765K->24483K(635904K)] 662629K->73347K(2034176K), 0.0132167 secs] [Times: user=0.13 sys=0.00, real=0.01 secs] 
2020-09-29T17:39:19.868+0200: 71.898: [GC (Allocation Failure) [PSYoungGen: 598435K->22274K(638464K)] 647299K->71138K(2036736K), 0.0122457 secs] [Times: user=0.13 sys=0.00, real=0.01 secs] 
2020-09-29T17:39:19.930+0200: 71.959: [GC (Allocation Failure) [PSYoungGen: 599810K->39140K(637952K)] 648674K->88004K(2036224K), 0.0169649 secs] [Times: user=0.13 sys=0.00, real=0.02 secs] 
2020-09-29T17:39:19.996+0200: 72.026: [GC (Allocation Failure) [PSYoungGen: 616676K->42468K(636928K)] 665540K->91332K(2035200K), 0.0182609 secs] [Times: user=0.13 sys=0.00, real=0.02 secs] 
2020-09-29T17:39:20.064+0200: 72.094: [GC (Allocation Failure) [PSYoungGen: 619492K->31492K(637952K)] 668356K->80356K(2036224K), 0.0131662 secs] [Times: user=0.13 sys=0.00, real=0.01 secs] 
2020-09-29T17:39:20.129+0200: 72.159: [GC (Allocation Failure) [PSYoungGen: 608516K->20645K(640512K)] 657380K->69509K(2038784K), 0.0083198 secs] [Times: user=0.00 sys=0.00, real=0.01 secs] 
2020-09-29T17:39:20.190+0200: 72.220: [GC (Allocation Failure) [PSYoungGen: 602277K->41669K(623616K)] 651141K->90533K(2021888K), 0.0171926 secs] [Times: user=0.25 sys=0.00, real=0.02 secs] 
2020-09-29T17:39:20.258+0200: 72.287: [GC (Allocation Failure) [PSYoungGen: 623301K->48997K(633344K)] 672165K->97861K(2031616K), 0.0203704 secs] [Times: user=0.13 sys=0.00, real=0.02 secs] 
2020-09-29T17:39:20.327+0200: 72.356: [GC (Allocation Failure) [PSYoungGen: 622949K->20419K(636416K)] 671813K->69283K(2034688K), 0.0098657 secs] [Times: user=0.13 sys=0.00, real=0.01 secs] 
2020-09-29T17:39:20.386+0200: 72.415: [GC (Allocation Failure) [PSYoungGen: 594371K->33765K(639488K)] 643235K->82629K(2037760K), 0.0142199 secs] [Times: user=0.13 sys=0.00, real=0.01 secs] 
2020-09-29T17:39:20.462+0200: 72.492: [GC (Allocation Failure) [PSYoungGen: 611301K->50789K(628736K)] 660165K->99653K(2027008K), 0.0206696 secs] [Times: user=0.13 sys=0.00, real=0.02 secs] 
2020-09-29T17:39:20.535+0200: 72.564: [GC (Allocation Failure) [PSYoungGen: 628325K->39972K(636928K)] 677189K->88836K(2035200K), 0.0178271 secs] [Times: user=0.17 sys=0.00, real=0.02 secs] 
2020-09-29T17:39:20.606+0200: 72.635: [GC (Allocation Failure) [PSYoungGen: 613924K->22595K(635904K)] 662788K->71459K(2034176K), 0.0113092 secs] [Times: user=0.11 sys=0.00, real=0.01 secs] 
2020-09-29T17:39:20.668+0200: 72.697: [GC (Allocation Failure) [PSYoungGen: 596547K->49733K(631808K)] 645411K->98597K(2030080K), 0.0206220 secs] [Times: user=0.13 sys=0.00, real=0.02 secs] 
2020-09-29T17:39:20.739+0200: 72.768: [GC (Allocation Failure) [PSYoungGen: 619589K->31557K(634368K)] 668453K->80421K(2032640K), 0.0133942 secs] [Times: user=0.00 sys=0.00, real=0.01 secs] 
2020-09-29T17:39:20.802+0200: 72.831: [GC (Allocation Failure) [PSYoungGen: 601413K->25379K(637440K)] 650277K->74243K(2035712K), 0.0136744 secs] [Times: user=0.00 sys=0.00, real=0.01 secs] 
2020-09-29T17:39:20.866+0200: 72.896: [GC (Allocation Failure) [PSYoungGen: 600355K->53413K(628736K)] 649219K->102277K(2027008K), 0.0217983 secs] [Times: user=0.13 sys=0.00, real=0.02 secs] 
2020-09-29T17:39:20.937+0200: 72.967: [GC (Allocation Failure) [PSYoungGen: 628389K->26853K(634368K)] 677253K->75717K(2032640K), 0.0104448 secs] [Times: user=0.13 sys=0.00, real=0.01 secs] 
2020-09-29T17:39:20.996+0200: 73.026: [GC (Allocation Failure) [PSYoungGen: 595173K->34565K(632832K)] 644037K->83429K(2031104K), 0.0146153 secs] [Times: user=0.13 sys=0.00, real=0.01 secs] 
2020-09-29T17:39:21.059+0200: 73.088: [GC (Allocation Failure) [PSYoungGen: 602885K->42309K(636928K)] 651749K->91173K(2035200K), 0.0173313 secs] [Times: user=0.13 sys=0.00, real=0.02 secs] 
2020-09-29T17:39:21.126+0200: 73.155: [GC (Allocation Failure) [PSYoungGen: 617285K->27140K(636928K)] 666149K->76004K(2035200K), 0.0129190 secs] [Times: user=0.13 sys=0.00, real=0.01 secs] 
2020-09-29T17:39:21.189+0200: 73.218: [GC (Allocation Failure) [PSYoungGen: 602116K->41541K(638464K)] 650980K->90405K(2036736K), 0.0181004 secs] [Times: user=0.11 sys=0.00, real=0.02 secs] 
2020-09-29T17:39:21.256+0200: 73.285: [GC (Allocation Failure) [PSYoungGen: 619077K->43076K(637952K)] 667941K->91940K(2036224K), 0.0184810 secs] [Times: user=0.13 sys=0.00, real=0.02 secs] 
2020-09-29T17:39:21.325+0200: 73.354: [GC (Allocation Failure) [PSYoungGen: 620612K->46020K(635904K)] 669476K->94884K(2034176K), 0.0194477 secs] [Times: user=0.13 sys=0.00, real=0.02 secs] 
2020-09-29T17:39:21.396+0200: 73.425: [GC (Allocation Failure) [PSYoungGen: 620996K->46052K(621056K)] 669860K->94916K(2019328K), 0.0198098 secs] [Times: user=0.13 sys=0.00, real=0.02 secs] 
2020-09-29T17:39:21.466+0200: 73.495: [GC (Allocation Failure) [PSYoungGen: 621028K->46757K(634368K)] 669892K->95621K(2032640K), 0.0195742 secs] [Times: user=0.11 sys=0.00, real=0.02 secs] 
2020-09-29T17:39:21.534+0200: 73.563: [GC (Allocation Failure) [PSYoungGen: 618661K->44517K(635392K)] 667525K->93381K(2033664K), 0.0188946 secs] [Times: user=0.25 sys=0.00, real=0.02 secs] 
2020-09-29T17:39:21.603+0200: 73.633: [GC (Allocation Failure) [PSYoungGen: 616421K->42181K(637440K)] 665285K->91045K(2035712K), 0.0208450 secs] [Times: user=0.11 sys=0.00, real=0.02 secs] 
2020-09-29T17:39:21.677+0200: 73.706: [GC (Allocation Failure) [PSYoungGen: 616645K->28741K(635904K)] 665509K->77605K(2034176K), 0.0116301 secs] [Times: user=0.00 sys=0.00, real=0.01 secs] 
2020-09-29T17:39:21.737+0200: 73.767: [GC (Allocation Failure) [PSYoungGen: 603205K->40325K(638976K)] 652069K->89189K(2037248K), 0.0176436 secs] [Times: user=0.25 sys=0.00, real=0.02 secs] 
2020-09-29T17:39:21.804+0200: 73.833: [GC (Allocation Failure) [PSYoungGen: 617861K->14915K(592896K)] 666725K->63779K(1991168K), 0.0075992 secs] [Times: user=0.00 sys=0.00, real=0.01 secs] 
2020-09-29T17:39:21.860+0200: 73.889: [GC (Allocation Failure) [PSYoungGen: 592451K->31908K(638976K)] 641315K->80772K(2037248K), 0.0149896 secs] [Times: user=0.13 sys=0.00, real=0.02 secs] 
2020-09-29T17:39:21.925+0200: 73.954: [GC (Allocation Failure) [PSYoungGen: 608932K->34692K(636928K)] 657796K->83556K(2035200K), 0.0138412 secs] [Times: user=0.11 sys=0.00, real=0.01 secs] 
2020-09-29T17:39:21.987+0200: 74.016: [GC (Allocation Failure) [PSYoungGen: 611716K->21027K(640000K)] 660580K->69891K(2038272K), 0.0086547 secs] [Times: user=0.13 sys=0.00, real=0.01 secs] 
2020-09-29T17:39:22.044+0200: 74.074: [GC (Allocation Failure) [PSYoungGen: 603171K->28900K(640512K)] 652035K->77764K(2038784K), 0.0107195 secs] [Times: user=0.13 sys=0.00, real=0.01 secs] 
2020-09-29T17:39:22.104+0200: 74.133: [GC (Allocation Failure) [PSYoungGen: 611044K->22435K(642560K)] 659908K->71299K(2040832K), 0.0096527 secs] [Times: user=0.00 sys=0.00, real=0.01 secs] 
2020-09-29T17:39:22.162+0200: 74.191: [GC (Allocation Failure) [PSYoungGen: 608163K->33892K(642048K)] 657027K->82756K(2040320K), 0.0117645 secs] [Times: user=0.00 sys=0.00, real=0.01 secs] 
2020-09-29T17:39:22.223+0200: 74.252: [GC (Allocation Failure) [PSYoungGen: 619620K->45412K(638976K)] 668484K->94276K(2037248K), 0.0163820 secs] [Times: user=0.13 sys=0.00, real=0.02 secs] 
2020-09-29T17:39:22.288+0200: 74.317: [GC (Allocation Failure) [PSYoungGen: 629604K->27972K(641536K)] 678468K->76836K(2039808K), 0.0101038 secs] [Times: user=0.00 sys=0.00, real=0.01 secs] 
2020-09-29T17:39:22.346+0200: 74.376: [GC (Allocation Failure) [PSYoungGen: 612164K->8002K(638976K)] 661028K->56866K(2037248K), 0.0045322 secs] [Times: user=0.13 sys=0.00, real=0.01 secs] 
2020-09-29T17:39:22.400+0200: 74.429: [GC (Allocation Failure) [PSYoungGen: 591170K->30628K(641024K)] 640034K->79492K(2039296K), 0.0113987 secs] [Times: user=0.13 sys=0.00, real=0.01 secs] 
2020-09-29T17:39:22.459+0200: 74.489: [GC (Allocation Failure) [PSYoungGen: 613796K->23011K(644608K)] 662660K->71875K(2042880K), 0.0088814 secs] [Times: user=0.00 sys=0.00, real=0.01 secs] 
2020-09-29T17:39:22.516+0200: 74.545: [GC (Allocation Failure) [PSYoungGen: 612323K->38115K(643584K)] 661187K->86979K(2041856K), 0.0144829 secs] [Times: user=0.13 sys=0.00, real=0.01 secs] 
2020-09-29T17:39:22.577+0200: 74.606: [GC (Allocation Failure) [PSYoungGen: 627427K->12131K(642048K)] 676291K->60995K(2040320K), 0.0053170 secs] [Times: user=0.03 sys=0.00, real=0.01 secs] 
2020-09-29T17:39:22.633+0200: 74.662: [GC (Allocation Failure) [PSYoungGen: 599395K->8994K(596480K)] 648259K->57858K(1994752K), 0.0051815 secs] [Times: user=0.00 sys=0.00, real=0.01 secs] 
2020-09-29T17:39:22.687+0200: 74.716: [GC (Allocation Failure) [PSYoungGen: 596258K->22051K(644608K)] 645122K->70915K(2042880K), 0.0097466 secs] [Times: user=0.13 sys=0.00, real=0.01 secs] 
2020-09-29T17:39:22.743+0200: 74.773: [GC (Allocation Failure) [PSYoungGen: 610339K->22435K(642560K)] 659203K->71299K(2040832K), 0.0092680 secs] [Times: user=0.00 sys=0.00, real=0.01 secs] 
2020-09-29T17:39:22.802+0200: 74.831: [GC (Allocation Failure) [PSYoungGen: 610723K->7682K(645632K)] 659587K->56546K(2043904K), 0.0047215 secs] [Times: user=0.00 sys=0.00, real=0.00 secs] 
2020-09-29T17:39:22.861+0200: 74.891: [GC (Allocation Failure) [PSYoungGen: 601090K->26051K(646144K)] 649954K->74915K(2044416K), 0.0118436 secs] [Times: user=0.13 sys=0.00, real=0.01 secs] 
2020-09-29T17:39:22.923+0200: 74.953: [GC (Allocation Failure) [PSYoungGen: 619459K->31523K(648192K)] 668323K->80387K(2046464K), 0.0124734 secs] [Times: user=0.13 sys=0.00, real=0.01 secs] 
2020-09-29T17:39:22.983+0200: 75.013: [GC (Allocation Failure) [PSYoungGen: 629027K->13795K(648192K)] 677891K->62659K(2046464K), 0.0061749 secs] [Times: user=0.13 sys=0.00, real=0.01 secs] 
2020-09-29T17:39:23.038+0200: 75.067: [GC (Allocation Failure) [PSYoungGen: 611299K->8930K(648704K)] 660163K->57794K(2046976K), 0.0049269 secs] [Times: user=0.00 sys=0.00, real=0.00 secs] 
2020-09-29T17:39:23.091+0200: 75.120: [GC (Allocation Failure) [PSYoungGen: 607458K->33219K(631808K)] 656322K->82083K(2030080K), 0.0128463 secs] [Times: user=0.13 sys=0.00, real=0.01 secs] 
2020-09-29T17:39:23.153+0200: 75.182: [GC (Allocation Failure) [PSYoungGen: 631747K->30179K(647680K)] 680611K->79043K(2045952K), 0.0119802 secs] [Times: user=0.13 sys=0.00, real=0.01 secs] 
2020-09-29T17:39:23.212+0200: 75.241: [GC (Allocation Failure) [PSYoungGen: 626659K->11427K(647680K)] 675523K->60291K(2045952K), 0.0055739 secs] [Times: user=0.00 sys=0.00, real=0.01 secs] 
2020-09-29T17:39:23.268+0200: 75.297: [GC (Allocation Failure) [PSYoungGen: 607907K->19971K(650752K)] 656771K->68835K(2049024K), 0.0085138 secs] [Times: user=0.13 sys=0.00, real=0.01 secs] 
2020-09-29T17:39:23.330+0200: 75.359: [GC (Allocation Failure) [PSYoungGen: 620035K->17346K(648192K)] 668899K->66210K(2046464K), 0.0082062 secs] [Times: user=0.13 sys=0.00, real=0.01 secs] 
2020-09-29T17:39:23.386+0200: 75.415: [GC (Allocation Failure) [PSYoungGen: 617410K->29475K(651264K)] 666274K->78339K(2049536K), 0.0116927 secs] [Times: user=0.13 sys=0.00, real=0.01 secs] 
2020-09-29T17:39:23.447+0200: 75.477: [GC (Allocation Failure) [PSYoungGen: 634147K->32611K(637440K)] 683011K->81475K(2035712K), 0.0122455 secs] [Times: user=0.13 sys=0.00, real=0.01 secs] 
2020-09-29T17:39:23.507+0200: 75.537: [GC (Allocation Failure) [PSYoungGen: 637283K->21987K(652800K)] 686147K->70851K(2051072K), 0.0086251 secs] [Times: user=0.00 sys=0.00, real=0.01 secs] 
2020-09-29T17:39:23.566+0200: 75.595: [GC (Allocation Failure) [PSYoungGen: 626659K->25187K(650752K)] 675523K->74051K(2049024K), 0.0106081 secs] [Times: user=0.11 sys=0.00, real=0.01 secs] 
2020-09-29T17:39:23.633+0200: 75.663: [GC (Allocation Failure) [PSYoungGen: 629859K->14050K(654848K)] 678723K->62914K(2053120K), 0.0079492 secs] [Times: user=0.00 sys=0.00, real=0.01 secs] 
2020-09-29T17:39:23.697+0200: 75.726: [GC (Allocation Failure) [PSYoungGen: 624354K->21090K(654336K)] 673218K->69954K(2052608K), 0.0104543 secs] [Times: user=0.00 sys=0.00, real=0.01 secs] 
2020-09-29T17:39:23.759+0200: 75.789: [GC (Allocation Failure) [PSYoungGen: 631394K->16131K(657408K)] 680258K->64995K(2055680K), 0.0067180 secs] [Times: user=0.00 sys=0.00, real=0.01 secs] 
2020-09-29T17:39:23.817+0200: 75.846: [GC (Allocation Failure) [PSYoungGen: 631043K->15746K(656384K)] 679907K->64610K(2054656K), 0.0074462 secs] [Times: user=0.00 sys=0.00, real=0.01 secs] 
2020-09-29T17:39:23.875+0200: 75.904: [GC (Allocation Failure) [PSYoungGen: 630658K->15138K(658944K)] 679522K->64002K(2057216K), 0.0078036 secs] [Times: user=0.13 sys=0.00, real=0.01 secs] 
2020-09-29T17:39:23.934+0200: 75.964: [GC (Allocation Failure) [PSYoungGen: 633634K->32067K(650752K)] 682498K->80931K(2049024K), 0.0129442 secs] [Times: user=0.13 sys=0.00, real=0.01 secs] 
2020-09-29T17:39:23.996+0200: 76.025: [GC (Allocation Failure) [PSYoungGen: 648810K->4002K(654848K)] 697674K->52866K(2053120K), 0.0029785 secs] [Times: user=0.00 sys=0.00, real=0.00 secs] 
2020-09-29T17:39:24.050+0200: 76.079: [GC (Allocation Failure) [PSYoungGen: 616866K->13858K(655872K)] 665730K->62722K(2054144K), 0.0065821 secs] [Times: user=0.13 sys=0.00, real=0.01 secs] 
2020-09-29T17:39:24.107+0200: 76.137: [GC (Allocation Failure) [PSYoungGen: 626722K->25218K(656896K)] 675586K->74082K(2055168K), 0.0107052 secs] [Times: user=0.13 sys=0.00, real=0.01 secs] 
2020-09-29T17:39:24.169+0200: 76.198: [GC (Allocation Failure) [PSYoungGen: 640130K->11234K(656896K)] 688994K->60098K(2055168K), 0.0055276 secs] [Times: user=0.00 sys=0.00, real=0.01 secs] 
2020-09-29T17:39:24.225+0200: 76.255: [GC (Allocation Failure) [PSYoungGen: 626146K->10657K(658432K)] 675010K->59521K(2056704K), 0.0063060 secs] [Times: user=0.00 sys=0.00, real=0.01 secs] 
2020-09-29T17:39:24.287+0200: 76.316: [GC (Allocation Failure) [PSYoungGen: 628129K->12706K(657920K)] 676993K->61570K(2056192K), 0.0066138 secs] [Times: user=0.00 sys=0.00, real=0.01 secs] 
2020-09-29T17:39:24.352+0200: 76.381: [GC (Allocation Failure) [PSYoungGen: 630178K->13825K(660992K)] 679042K->62689K(2059264K), 0.0078175 secs] [Times: user=0.00 sys=0.00, real=0.01 secs] 
2020-09-29T17:39:24.456+0200: 76.486: [GC (Allocation Failure) [PSYoungGen: 635393K->6497K(659456K)] 684257K->55361K(2057728K), 0.0044687 secs] [Times: user=0.13 sys=0.00, real=0.00 secs] 
2020-09-29T17:39:24.554+0200: 76.584: [GC (Allocation Failure) [PSYoungGen: 628065K->12801K(663040K)] 676929K->61665K(2061312K), 0.0072158 secs] [Times: user=0.00 sys=0.00, real=0.01 secs] 
Heap
 PSYoungGen      total 663040K, used 219366K [0x00000000d5580000, 0x0000000100000000, 0x0000000100000000)
  eden space 625664K, 33% used [0x00000000d5580000,0x00000000e1f395a8,0x00000000fb880000)
  from space 37376K, 34% used [0x00000000fdb80000,0x00000000fe800490,0x0000000100000000)
  to   space 35840K, 0% used [0x00000000fb880000,0x00000000fb880000,0x00000000fdb80000)
 ParOldGen       total 1398272K, used 48864K [0x0000000080000000, 0x00000000d5580000, 0x00000000d5580000)
  object space 1398272K, 3% used [0x0000000080000000,0x0000000082fb8050,0x00000000d5580000)
 Metaspace       used 2594K, capacity 4486K, committed 4864K, reserved 1056768K
  class space    used 285K, capacity 386K, committed 512K, reserved 1048576K
