Java HotSpot(TM) 64-Bit Server VM (25.261-b12) for windows-amd64 JRE (1.8.0_261-b12), built on Jun 18 2020 06:56:32 by "" with unknown MS VC++:1916
Memory: 4k page, physical 16659684k(9573164k free), swap 23213284k(9189880k free)
CommandLine flags: -XX:InitialHeapSize=2147483648 -XX:MaxHeapSize=2147483648 -XX:+PrintGC -XX:+PrintGCDateStamps -XX:+PrintGCDetails -XX:+PrintGCTimeStamps -XX:+UseCompressedClassPointers -XX:+UseCompressedOops -XX:-UseLargePagesIndividualAllocation -XX:+UseParallelGC 
2020-09-29T18:00:03.833+0200: 0.223: [GC (Allocation Failure) [PSYoungGen: 524800K->38788K(611840K)] 524800K->38796K(2010112K), 0.0202508 secs] [Times: user=0.11 sys=0.02, real=0.02 secs] 
2020-09-29T18:00:03.900+0200: 0.290: [GC (Allocation Failure) [PSYoungGen: 563588K->44005K(611840K)] 563596K->44013K(2010112K), 0.0205552 secs] [Times: user=0.13 sys=0.00, real=0.02 secs] 
2020-09-29T18:00:03.966+0200: 0.356: [GC (Allocation Failure) [PSYoungGen: 568805K->35509K(611840K)] 568813K->35517K(2010112K), 0.0131531 secs] [Times: user=0.13 sys=0.00, real=0.01 secs] 
2020-09-29T18:00:04.024+0200: 0.415: [GC (Allocation Failure) [PSYoungGen: 560309K->24563K(611840K)] 560317K->24571K(2010112K), 0.0108288 secs] [Times: user=0.00 sys=0.00, real=0.01 secs] 
2020-09-29T18:00:04.081+0200: 0.471: [GC (Allocation Failure) [PSYoungGen: 549363K->29124K(611840K)] 549371K->29132K(2010112K), 0.0114142 secs] [Times: user=0.13 sys=0.00, real=0.01 secs] 
2020-09-29T18:00:04.138+0200: 0.529: [GC (Allocation Failure) [PSYoungGen: 553924K->47925K(640000K)] 553932K->47933K(2038272K), 0.0225512 secs] [Times: user=0.22 sys=0.03, real=0.02 secs] 
2020-09-29T18:00:04.219+0200: 0.609: [GC (Allocation Failure) [PSYoungGen: 639285K->22499K(613888K)] 639293K->22919K(2012160K), 0.0138374 secs] [Times: user=0.06 sys=0.03, real=0.01 secs] 
2020-09-29T18:00:04.284+0200: 0.674: [GC (Allocation Failure) [PSYoungGen: 613859K->39621K(644608K)] 614279K->40041K(2042880K), 0.0134189 secs] [Times: user=0.13 sys=0.00, real=0.01 secs] 
2020-09-29T18:00:04.352+0200: 0.742: [GC (Allocation Failure) [PSYoungGen: 629445K->41573K(644096K)] 629865K->41993K(2042368K), 0.0138987 secs] [Times: user=0.13 sys=0.00, real=0.01 secs] 
2020-09-29T18:00:04.417+0200: 0.807: [GC (Allocation Failure) [PSYoungGen: 631397K->29572K(644608K)] 631817K->29992K(2042880K), 0.0115063 secs] [Times: user=0.13 sys=0.00, real=0.01 secs] 
2020-09-29T18:00:04.482+0200: 0.872: [GC (Allocation Failure) [PSYoungGen: 619396K->30307K(644096K)] 619816K->30727K(2042368K), 0.0122820 secs] [Times: user=0.13 sys=0.00, real=0.01 secs] 
2020-09-29T18:00:04.549+0200: 0.940: [GC (Allocation Failure) [PSYoungGen: 620131K->17539K(643584K)] 620551K->17959K(2041856K), 0.0070924 secs] [Times: user=0.13 sys=0.00, real=0.01 secs] 
2020-09-29T18:00:04.612+0200: 1.002: [GC (Allocation Failure) [PSYoungGen: 607875K->33701K(644608K)] 608295K->34121K(2042880K), 0.0132989 secs] [Times: user=0.09 sys=0.00, real=0.01 secs] 
2020-09-29T18:00:04.676+0200: 1.067: [GC (Allocation Failure) [PSYoungGen: 624037K->34340K(648192K)] 624457K->34760K(2046464K), 0.0129407 secs] [Times: user=0.11 sys=0.00, real=0.01 secs] 
2020-09-29T18:00:04.741+0200: 1.131: [GC (Allocation Failure) [PSYoungGen: 630308K->42437K(638464K)] 630728K->42857K(2036736K), 0.0143795 secs] [Times: user=0.13 sys=0.00, real=0.01 secs] 
2020-09-29T18:00:04.807+0200: 1.197: [GC (Allocation Failure) [PSYoungGen: 638405K->36036K(647168K)] 638825K->36456K(2045440K), 0.0131647 secs] [Times: user=0.13 sys=0.00, real=0.01 secs] 
2020-09-29T18:00:04.875+0200: 1.265: [GC (Allocation Failure) [PSYoungGen: 630468K->42597K(646144K)] 630888K->43017K(2044416K), 0.0138338 secs] [Times: user=0.13 sys=0.00, real=0.01 secs] 
2020-09-29T18:00:04.943+0200: 1.333: [GC (Allocation Failure) [PSYoungGen: 637029K->32100K(647168K)] 637449K->32520K(2045440K), 0.0119385 secs] [Times: user=0.00 sys=0.00, real=0.01 secs] 
2020-09-29T18:00:05.006+0200: 1.396: [GC (Allocation Failure) [PSYoungGen: 626532K->38084K(646144K)] 626952K->38504K(2044416K), 0.0144151 secs] [Times: user=0.11 sys=0.00, real=0.01 secs] 
2020-09-29T18:00:05.073+0200: 1.463: [GC (Allocation Failure) [PSYoungGen: 632516K->30820K(648704K)] 632936K->31240K(2046976K), 0.0121024 secs] [Times: user=0.13 sys=0.00, real=0.01 secs] 
2020-09-29T18:00:05.141+0200: 1.531: [GC (Allocation Failure) [PSYoungGen: 628324K->40389K(647680K)] 628744K->40809K(2045952K), 0.0140836 secs] [Times: user=0.13 sys=0.00, real=0.01 secs] 
2020-09-29T18:00:05.209+0200: 1.599: [GC (Allocation Failure) [PSYoungGen: 637893K->36325K(649216K)] 638313K->36745K(2047488K), 0.0157005 secs] [Times: user=0.11 sys=0.00, real=0.02 secs] 
2020-09-29T18:00:05.290+0200: 1.680: [GC (Allocation Failure) [PSYoungGen: 634853K->33317K(648192K)] 635273K->33737K(2046464K), 0.0114579 secs] [Times: user=0.00 sys=0.00, real=0.01 secs] 
2020-09-29T18:00:05.356+0200: 1.746: [GC (Allocation Failure) [PSYoungGen: 631845K->43909K(646144K)] 632265K->44329K(2044416K), 0.0151151 secs] [Times: user=0.13 sys=0.00, real=0.02 secs] 
2020-09-29T18:00:05.424+0200: 1.815: [GC (Allocation Failure) [PSYoungGen: 641413K->24484K(622080K)] 641833K->24904K(2020352K), 0.0092293 secs] [Times: user=0.13 sys=0.00, real=0.01 secs] 
2020-09-29T18:00:05.489+0200: 1.880: [GC (Allocation Failure) [PSYoungGen: 621988K->20132K(645632K)] 622408K->20552K(2043904K), 0.0074794 secs] [Times: user=0.00 sys=0.00, real=0.01 secs] 
2020-09-29T18:00:05.548+0200: 1.939: [GC (Allocation Failure) [PSYoungGen: 614564K->40357K(634880K)] 614984K->40777K(2033152K), 0.0138987 secs] [Times: user=0.13 sys=0.00, real=0.01 secs] 
2020-09-29T18:00:05.619+0200: 2.009: [GC (Allocation Failure) [PSYoungGen: 634789K->46885K(640000K)] 635209K->47305K(2038272K), 0.0170770 secs] [Times: user=0.13 sys=0.00, real=0.02 secs] 
2020-09-29T18:00:05.687+0200: 2.077: [GC (Allocation Failure) [PSYoungGen: 634149K->31909K(643072K)] 634569K->32329K(2041344K), 0.0114176 secs] [Times: user=0.13 sys=0.00, real=0.01 secs] 
2020-09-29T18:00:05.751+0200: 2.141: [GC (Allocation Failure) [PSYoungGen: 619173K->44901K(641536K)] 619593K->45321K(2039808K), 0.0153483 secs] [Times: user=0.13 sys=0.00, real=0.02 secs] 
2020-09-29T18:00:05.817+0200: 2.207: [GC (Allocation Failure) [PSYoungGen: 632165K->16066K(603648K)] 632585K->16486K(2001920K), 0.0075606 secs] [Times: user=0.00 sys=0.00, real=0.01 secs] 
2020-09-29T18:00:05.877+0200: 2.267: [GC (Allocation Failure) [PSYoungGen: 603330K->42725K(639488K)] 603750K->43145K(2037760K), 0.0142047 secs] [Times: user=0.13 sys=0.00, real=0.01 secs] 
2020-09-29T18:00:05.944+0200: 2.334: [GC (Allocation Failure) [PSYoungGen: 624869K->37061K(640512K)] 625289K->37481K(2038784K), 0.0135676 secs] [Times: user=0.00 sys=0.00, real=0.01 secs] 
2020-09-29T18:00:06.008+0200: 2.398: [GC (Allocation Failure) [PSYoungGen: 619205K->30244K(643584K)] 619625K->30664K(2041856K), 0.0118259 secs] [Times: user=0.00 sys=0.00, real=0.01 secs] 
2020-09-29T18:00:06.075+0200: 2.465: [GC (Allocation Failure) [PSYoungGen: 616996K->55269K(642048K)] 617416K->56817K(2040320K), 0.0189737 secs] [Times: user=0.13 sys=0.00, real=0.02 secs] 
2020-09-29T18:00:06.149+0200: 2.539: [GC (Allocation Failure) [PSYoungGen: 642021K->41669K(633856K)] 643569K->43217K(2032128K), 0.0157427 secs] [Times: user=0.13 sys=0.00, real=0.02 secs] 
2020-09-29T18:00:06.221+0200: 2.612: [GC (Allocation Failure) [PSYoungGen: 618693K->44421K(637952K)] 620241K->45969K(2036224K), 0.0180768 secs] [Times: user=0.22 sys=0.00, real=0.02 secs] 
2020-09-29T18:00:06.295+0200: 2.685: [GC (Allocation Failure) [PSYoungGen: 621445K->47205K(634880K)] 622993K->48753K(2033152K), 0.0177757 secs] [Times: user=0.13 sys=0.00, real=0.02 secs] 
2020-09-29T18:00:06.364+0200: 2.754: [GC (Allocation Failure) [PSYoungGen: 621157K->32228K(636416K)] 622705K->33776K(2034688K), 0.0123356 secs] [Times: user=0.00 sys=0.00, real=0.01 secs] 
2020-09-29T18:00:06.426+0200: 2.816: [GC (Allocation Failure) [PSYoungGen: 606180K->17668K(634880K)] 607728K->19216K(2033152K), 0.0060833 secs] [Times: user=0.13 sys=0.00, real=0.01 secs] 
2020-09-29T18:00:06.481+0200: 2.871: [GC (Allocation Failure) [PSYoungGen: 591620K->15491K(589824K)] 593168K->17039K(1988096K), 0.0071969 secs] [Times: user=0.00 sys=0.00, real=0.01 secs] 
2020-09-29T18:00:06.537+0200: 2.928: [GC (Allocation Failure) [PSYoungGen: 589443K->27716K(637440K)] 590991K->29264K(2035712K), 0.0100953 secs] [Times: user=0.00 sys=0.00, real=0.01 secs] 
2020-09-29T18:00:06.600+0200: 2.991: [GC (Allocation Failure) [PSYoungGen: 601668K->41093K(635392K)] 603216K->42641K(2033664K), 0.0198724 secs] [Times: user=0.11 sys=0.00, real=0.02 secs] 
2020-09-29T18:00:06.671+0200: 3.062: [GC (Allocation Failure) [PSYoungGen: 615045K->24901K(638464K)] 616593K->26449K(2036736K), 0.0090915 secs] [Times: user=0.13 sys=0.00, real=0.01 secs] 
2020-09-29T18:00:06.732+0200: 3.123: [GC (Allocation Failure) [PSYoungGen: 601925K->41413K(637440K)] 603473K->42961K(2035712K), 0.0142484 secs] [Times: user=0.13 sys=0.00, real=0.01 secs] 
2020-09-29T18:00:06.798+0200: 3.188: [GC (Allocation Failure) [PSYoungGen: 618437K->27236K(639488K)] 619985K->28784K(2037760K), 0.0106473 secs] [Times: user=0.13 sys=0.00, real=0.01 secs] 
2020-09-29T18:00:06.858+0200: 3.248: [GC (Allocation Failure) [PSYoungGen: 605796K->43077K(637952K)] 607344K->44625K(2036224K), 0.0152665 secs] [Times: user=0.13 sys=0.00, real=0.01 secs] 
2020-09-29T18:00:06.923+0200: 3.313: [GC (Allocation Failure) [PSYoungGen: 621637K->47333K(634368K)] 623185K->48881K(2032640K), 0.0166273 secs] [Times: user=0.13 sys=0.00, real=0.02 secs] 
2020-09-29T18:00:06.989+0200: 3.379: [GC (Allocation Failure) [PSYoungGen: 621285K->19396K(636416K)] 622833K->20944K(2034688K), 0.0068653 secs] [Times: user=0.00 sys=0.00, real=0.01 secs] 
2020-09-29T18:00:07.049+0200: 3.439: [GC (Allocation Failure) [PSYoungGen: 593348K->32004K(638976K)] 594896K->33552K(2037248K), 0.0113824 secs] [Times: user=0.13 sys=0.00, real=0.01 secs] 
2020-09-29T18:00:07.110+0200: 3.500: [GC (Allocation Failure) [PSYoungGen: 608516K->47845K(636416K)] 610064K->49393K(2034688K), 0.0164831 secs] [Times: user=0.13 sys=0.00, real=0.02 secs] 
2020-09-29T18:00:07.183+0200: 3.573: [GC (Allocation Failure) [PSYoungGen: 624357K->50149K(630272K)] 625905K->51697K(2028544K), 0.0210313 secs] [Times: user=0.09 sys=0.00, real=0.02 secs] 
2020-09-29T18:00:07.255+0200: 3.645: [GC (Allocation Failure) [PSYoungGen: 617957K->29572K(633344K)] 619505K->31120K(2031616K), 0.0117241 secs] [Times: user=0.00 sys=0.00, real=0.01 secs] 
2020-09-29T18:00:07.315+0200: 3.705: [GC (Allocation Failure) [PSYoungGen: 597380K->22596K(635392K)] 598928K->24144K(2033664K), 0.0081986 secs] [Times: user=0.13 sys=0.00, real=0.01 secs] 
2020-09-29T18:00:07.379+0200: 3.769: [GC (Allocation Failure) [PSYoungGen: 593988K->33413K(634880K)] 595536K->34961K(2033152K), 0.0120288 secs] [Times: user=0.13 sys=0.00, real=0.01 secs] 
2020-09-29T18:00:07.439+0200: 3.829: [GC (Allocation Failure) [PSYoungGen: 604805K->44229K(635904K)] 606353K->45777K(2034176K), 0.0142727 secs] [Times: user=0.13 sys=0.00, real=0.02 secs] 
2020-09-29T18:00:07.505+0200: 3.895: [GC (Allocation Failure) [PSYoungGen: 619205K->29316K(636928K)] 620753K->30864K(2035200K), 0.0115222 secs] [Times: user=0.00 sys=0.00, real=0.01 secs] 
2020-09-29T18:00:07.567+0200: 3.957: [GC (Allocation Failure) [PSYoungGen: 604292K->28516K(640000K)] 605840K->30064K(2038272K), 0.0112069 secs] [Times: user=0.11 sys=0.00, real=0.01 secs] 
2020-09-29T18:00:07.630+0200: 4.020: [GC (Allocation Failure) [PSYoungGen: 608100K->20068K(638464K)] 609648K->21616K(2036736K), 0.0088243 secs] [Times: user=0.00 sys=0.00, real=0.01 secs] 
2020-09-29T18:00:07.691+0200: 4.082: [GC (Allocation Failure) [PSYoungGen: 599652K->25381K(641536K)] 601200K->26929K(2039808K), 0.0089691 secs] [Times: user=0.13 sys=0.00, real=0.01 secs] 
2020-09-29T18:00:07.755+0200: 4.145: [GC (Allocation Failure) [PSYoungGen: 608037K->33829K(640000K)] 609585K->35377K(2038272K), 0.0122257 secs] [Times: user=0.00 sys=0.00, real=0.01 secs] 
2020-09-29T18:00:07.824+0200: 4.214: [GC (Allocation Failure) [PSYoungGen: 616485K->42084K(641024K)] 618033K->43632K(2039296K), 0.0152389 secs] [Times: user=0.13 sys=0.00, real=0.02 secs] 
2020-09-29T18:00:07.892+0200: 4.282: [GC (Allocation Failure) [PSYoungGen: 627300K->25733K(642048K)] 628848K->27281K(2040320K), 0.0096763 secs] [Times: user=0.13 sys=0.00, real=0.01 secs] 
2020-09-29T18:00:07.957+0200: 4.347: [GC (Allocation Failure) [PSYoungGen: 610949K->36741K(643584K)] 612497K->38289K(2041856K), 0.0144790 secs] [Times: user=0.09 sys=0.00, real=0.01 secs] 
2020-09-29T18:00:08.025+0200: 4.415: [GC (Allocation Failure) [PSYoungGen: 624517K->36645K(643072K)] 626065K->38193K(2041344K), 0.0150835 secs] [Times: user=0.13 sys=0.00, real=0.01 secs] 
2020-09-29T18:00:08.095+0200: 4.486: [GC (Allocation Failure) [PSYoungGen: 624421K->22853K(645120K)] 625969K->24401K(2043392K), 0.0075510 secs] [Times: user=0.13 sys=0.00, real=0.01 secs] 
2020-09-29T18:00:08.158+0200: 4.548: [GC (Allocation Failure) [PSYoungGen: 613701K->39429K(644608K)] 615249K->40977K(2042880K), 0.0176666 secs] [Times: user=0.11 sys=0.00, real=0.02 secs] 
2020-09-29T18:00:08.231+0200: 4.621: [GC (Allocation Failure) [PSYoungGen: 630277K->27844K(645632K)] 631825K->29392K(2043904K), 0.0116839 secs] [Times: user=0.13 sys=0.00, real=0.01 secs] 
2020-09-29T18:00:08.296+0200: 4.686: [GC (Allocation Failure) [PSYoungGen: 619204K->31109K(644608K)] 620752K->32657K(2042880K), 0.0112066 secs] [Times: user=0.13 sys=0.00, real=0.01 secs] 
2020-09-29T18:00:08.358+0200: 4.748: [GC (Allocation Failure) [PSYoungGen: 622469K->48229K(639488K)] 624017K->49777K(2037760K), 0.0162002 secs] [Times: user=0.13 sys=0.00, real=0.02 secs] 
2020-09-29T18:00:08.428+0200: 4.818: [GC (Allocation Failure) [PSYoungGen: 636517K->48613K(636928K)] 638065K->50161K(2035200K), 0.0164877 secs] [Times: user=0.13 sys=0.00, real=0.02 secs] 
2020-09-29T18:00:08.496+0200: 4.886: [GC (Allocation Failure) [PSYoungGen: 636901K->33987K(642048K)] 638449K->35535K(2040320K), 0.0138257 secs] [Times: user=0.11 sys=0.00, real=0.01 secs] 
2020-09-29T18:00:08.561+0200: 4.951: [GC (Allocation Failure) [PSYoungGen: 617155K->28581K(640000K)] 618703K->30129K(2038272K), 0.0112218 secs] [Times: user=0.11 sys=0.00, real=0.01 secs] 
2020-09-29T18:00:08.624+0200: 5.015: [GC (Allocation Failure) [PSYoungGen: 611749K->22980K(643072K)] 613297K->24528K(2041344K), 0.0094758 secs] [Times: user=0.11 sys=0.00, real=0.01 secs] 
2020-09-29T18:00:08.689+0200: 5.079: [GC (Allocation Failure) [PSYoungGen: 610244K->35973K(643072K)] 611792K->37521K(2041344K), 0.0126987 secs] [Times: user=0.11 sys=0.00, real=0.01 secs] 
2020-09-29T18:00:08.753+0200: 5.143: [GC (Allocation Failure) [PSYoungGen: 623237K->20931K(644608K)] 624785K->22479K(2042880K), 0.0089196 secs] [Times: user=0.13 sys=0.00, real=0.01 secs] 
2020-09-29T18:00:08.813+0200: 5.203: [GC (Allocation Failure) [PSYoungGen: 611267K->50757K(641536K)] 612815K->52305K(2039808K), 0.0173688 secs] [Times: user=0.13 sys=0.00, real=0.02 secs] 
2020-09-29T18:00:08.881+0200: 5.272: [GC (Allocation Failure) [PSYoungGen: 641093K->53157K(629248K)] 642641K->54705K(2027520K), 0.0178911 secs] [Times: user=0.13 sys=0.00, real=0.02 secs] 
2020-09-29T18:00:08.949+0200: 5.339: [GC (Allocation Failure) [PSYoungGen: 625061K->50789K(623104K)] 626609K->52337K(2021376K), 0.0171213 secs] [Times: user=0.13 sys=0.00, real=0.02 secs] 
2020-09-29T18:00:09.016+0200: 5.406: [GC (Allocation Failure) [PSYoungGen: 622693K->19618K(632320K)] 624241K->21166K(2030592K), 0.0090101 secs] [Times: user=0.13 sys=0.00, real=0.01 secs] 
2020-09-29T18:00:09.074+0200: 5.464: [GC (Allocation Failure) [PSYoungGen: 585378K->38469K(632320K)] 586926K->40017K(2030592K), 0.0135982 secs] [Times: user=0.13 sys=0.00, real=0.01 secs] 
2020-09-29T18:00:09.138+0200: 5.528: [GC (Allocation Failure) [PSYoungGen: 604229K->29540K(635904K)] 605777K->31088K(2034176K), 0.0112497 secs] [Times: user=0.13 sys=0.00, real=0.01 secs] 
2020-09-29T18:00:09.201+0200: 5.591: [GC (Allocation Failure) [PSYoungGen: 600932K->39972K(634368K)] 602480K->41520K(2032640K), 0.0197127 secs] [Times: user=0.11 sys=0.00, real=0.02 secs] 
2020-09-29T18:00:09.272+0200: 5.662: [GC (Allocation Failure) [PSYoungGen: 611364K->36452K(639488K)] 612912K->38000K(2037760K), 0.0132438 secs] [Times: user=0.00 sys=0.00, real=0.01 secs] 
2020-09-29T18:00:09.336+0200: 5.726: [GC (Allocation Failure) [PSYoungGen: 613988K->25476K(636928K)] 615536K->27024K(2035200K), 0.0096795 secs] [Times: user=0.00 sys=0.00, real=0.01 secs] 
2020-09-29T18:00:09.399+0200: 5.789: [GC (Allocation Failure) [PSYoungGen: 603012K->42373K(638976K)] 604560K->43921K(2037248K), 0.0144867 secs] [Times: user=0.13 sys=0.00, real=0.01 secs] 
2020-09-29T18:00:09.463+0200: 5.854: [GC (Allocation Failure) [PSYoungGen: 622469K->19364K(599552K)] 624017K->20912K(1997824K), 0.0068535 secs] [Times: user=0.00 sys=0.00, real=0.01 secs] 
2020-09-29T18:00:09.522+0200: 5.913: [GC (Allocation Failure) [PSYoungGen: 599460K->38372K(640000K)] 601008K->39920K(2038272K), 0.0157559 secs] [Times: user=0.11 sys=0.00, real=0.01 secs] 
2020-09-29T18:00:09.590+0200: 5.981: [GC (Allocation Failure) [PSYoungGen: 618468K->44293K(638976K)] 620016K->45841K(2037248K), 0.0161131 secs] [Times: user=0.11 sys=0.00, real=0.02 secs] 
2020-09-29T18:00:09.659+0200: 6.050: [GC (Allocation Failure) [PSYoungGen: 624389K->50053K(632832K)] 625937K->51601K(2031104K), 0.0187480 secs] [Times: user=0.25 sys=0.00, real=0.02 secs] 
2020-09-29T18:00:09.727+0200: 6.118: [GC (Allocation Failure) [PSYoungGen: 622981K->33796K(635904K)] 624529K->35344K(2034176K), 0.0124082 secs] [Times: user=0.13 sys=0.00, real=0.01 secs] 
2020-09-29T18:00:09.792+0200: 6.183: [GC (Allocation Failure) [PSYoungGen: 606724K->46149K(635904K)] 608272K->47697K(2034176K), 0.0158362 secs] [Times: user=0.13 sys=0.00, real=0.02 secs] 
2020-09-29T18:00:09.858+0200: 6.249: [GC (Allocation Failure) [PSYoungGen: 621125K->46885K(622080K)] 622673K->48433K(2020352K), 0.0164860 secs] [Times: user=0.13 sys=0.00, real=0.02 secs] 
2020-09-29T18:00:09.925+0200: 6.316: [GC (Allocation Failure) [PSYoungGen: 621861K->19908K(633856K)] 623409K->21456K(2032128K), 0.0075981 secs] [Times: user=0.13 sys=0.00, real=0.01 secs] 
2020-09-29T18:00:09.987+0200: 6.377: [GC (Allocation Failure) [PSYoungGen: 590788K->29700K(634880K)] 592336K->31248K(2033152K), 0.0113791 secs] [Times: user=0.13 sys=0.00, real=0.01 secs] 
2020-09-29T18:00:10.049+0200: 6.440: [GC (Allocation Failure) [PSYoungGen: 598832K->8515K(632320K)] 600380K->10063K(2030592K), 0.0041927 secs] [Times: user=0.13 sys=0.00, real=0.00 secs] 
2020-09-29T18:00:10.107+0200: 6.498: [GC (Allocation Failure) [PSYoungGen: 578371K->15266K(634368K)] 579919K->16814K(2032640K), 0.0072148 secs] [Times: user=0.13 sys=0.00, real=0.01 secs] 
2020-09-29T18:00:10.168+0200: 6.559: [GC (Allocation Failure) [PSYoungGen: 585122K->35332K(636416K)] 586670K->36880K(2034688K), 0.0138350 secs] [Times: user=0.13 sys=0.00, real=0.01 secs] 
2020-09-29T18:00:10.235+0200: 6.626: [GC (Allocation Failure) [PSYoungGen: 607236K->32965K(634368K)] 608784K->34513K(2032640K), 0.0119961 secs] [Times: user=0.09 sys=0.00, real=0.01 secs] 
2020-09-29T18:00:10.300+0200: 6.691: [GC (Allocation Failure) [PSYoungGen: 604869K->58053K(625664K)] 606417K->59601K(2023936K), 0.0191044 secs] [Times: user=0.25 sys=0.00, real=0.02 secs] 
2020-09-29T18:00:10.368+0200: 6.759: [GC (Allocation Failure) [PSYoungGen: 623813K->35941K(632320K)] 625361K->37489K(2030592K), 0.0124376 secs] [Times: user=0.13 sys=0.00, real=0.01 secs] 
2020-09-29T18:00:10.432+0200: 6.823: [GC (Allocation Failure) [PSYoungGen: 601701K->27461K(636416K)] 603249K->29009K(2034688K), 0.0096201 secs] [Times: user=0.00 sys=0.00, real=0.01 secs] 
2020-09-29T18:00:10.491+0200: 6.882: [GC (Allocation Failure) [PSYoungGen: 599877K->22979K(634880K)] 601425K->24527K(2033152K), 0.0093916 secs] [Times: user=0.00 sys=0.00, real=0.01 secs] 
2020-09-29T18:00:10.550+0200: 6.941: [GC (Allocation Failure) [PSYoungGen: 595395K->34244K(639488K)] 596943K->35792K(2037760K), 0.0126518 secs] [Times: user=0.13 sys=0.00, real=0.01 secs] 
2020-09-29T18:00:10.614+0200: 7.005: [GC (Allocation Failure) [PSYoungGen: 612292K->22788K(637440K)] 613840K->24336K(2035712K), 0.0087420 secs] [Times: user=0.00 sys=0.00, real=0.01 secs] 
2020-09-29T18:00:10.677+0200: 7.068: [GC (Allocation Failure) [PSYoungGen: 600836K->40293K(639488K)] 602384K->41841K(2037760K), 0.0146950 secs] [Times: user=0.02 sys=0.02, real=0.01 secs] 
2020-09-29T18:00:10.743+0200: 7.133: [GC (Allocation Failure) [PSYoungGen: 621413K->47237K(628736K)] 622961K->48785K(2027008K), 0.0157516 secs] [Times: user=0.13 sys=0.00, real=0.02 secs] 
2020-09-29T18:00:10.810+0200: 7.200: [GC (Allocation Failure) [PSYoungGen: 628357K->40100K(637952K)] 629905K->41648K(2036224K), 0.0147095 secs] [Times: user=0.13 sys=0.00, real=0.02 secs] 
2020-09-29T18:00:10.874+0200: 7.264: [GC (Allocation Failure) [PSYoungGen: 616612K->25219K(637440K)] 618160K->26767K(2035712K), 0.0101449 secs] [Times: user=0.13 sys=0.00, real=0.01 secs] 
2020-09-29T18:00:10.937+0200: 7.327: [GC (Allocation Failure) [PSYoungGen: 601731K->25378K(640000K)] 603279K->26926K(2038272K), 0.0111617 secs] [Times: user=0.13 sys=0.00, real=0.01 secs] 
2020-09-29T18:00:10.999+0200: 7.389: [GC (Allocation Failure) [PSYoungGen: 605474K->44645K(625152K)] 607022K->46193K(2023424K), 0.0152925 secs] [Times: user=0.13 sys=0.00, real=0.01 secs] 
2020-09-29T18:00:11.067+0200: 7.457: [GC (Allocation Failure) [PSYoungGen: 624741K->50469K(631296K)] 626289K->52017K(2029568K), 0.0172306 secs] [Times: user=0.25 sys=0.00, real=0.02 secs] 
2020-09-29T18:00:11.135+0200: 7.525: [GC (Allocation Failure) [PSYoungGen: 621349K->47077K(617984K)] 622897K->48625K(2016256K), 0.0162215 secs] [Times: user=0.13 sys=0.00, real=0.02 secs] 
2020-09-29T18:00:11.202+0200: 7.592: [GC (Allocation Failure) [PSYoungGen: 617957K->29604K(634880K)] 619505K->31152K(2033152K), 0.0154395 secs] [Times: user=0.09 sys=0.00, real=0.02 secs] 
2020-09-29T18:00:11.270+0200: 7.660: [GC (Allocation Failure) [PSYoungGen: 598948K->20995K(633344K)] 600496K->22543K(2031616K), 0.0086331 secs] [Times: user=0.13 sys=0.00, real=0.01 secs] 
2020-09-29T18:00:11.329+0200: 7.719: [GC (Allocation Failure) [PSYoungGen: 590339K->29797K(637440K)] 591887K->31345K(2035712K), 0.0112420 secs] [Times: user=0.13 sys=0.00, real=0.01 secs] 
2020-09-29T18:00:11.390+0200: 7.780: [GC (Allocation Failure) [PSYoungGen: 603749K->28676K(635392K)] 605297K->30224K(2033664K), 0.0110101 secs] [Times: user=0.13 sys=0.00, real=0.01 secs] 
2020-09-29T18:00:11.455+0200: 7.845: [GC (Allocation Failure) [PSYoungGen: 602628K->40357K(638976K)] 604176K->41905K(2037248K), 0.0183093 secs] [Times: user=0.11 sys=0.00, real=0.02 secs] 
2020-09-29T18:00:11.529+0200: 7.919: [GC (Allocation Failure) [PSYoungGen: 619429K->31461K(638976K)] 620977K->33009K(2037248K), 0.0119688 secs] [Times: user=0.13 sys=0.00, real=0.01 secs] 
2020-09-29T18:00:11.595+0200: 7.985: [GC (Allocation Failure) [PSYoungGen: 610533K->34884K(643072K)] 612081K->36432K(2041344K), 0.0150746 secs] [Times: user=0.11 sys=0.00, real=0.01 secs] 
2020-09-29T18:00:11.664+0200: 8.054: [GC (Allocation Failure) [PSYoungGen: 620100K->29572K(641024K)] 621648K->31120K(2039296K), 0.0111892 secs] [Times: user=0.00 sys=0.00, real=0.01 secs] 
2020-09-29T18:00:11.726+0200: 8.116: [GC (Allocation Failure) [PSYoungGen: 614788K->38693K(644608K)] 616336K->40241K(2042880K), 0.0134747 secs] [Times: user=0.13 sys=0.00, real=0.01 secs] 
2020-09-29T18:00:11.791+0200: 8.181: [GC (Allocation Failure) [PSYoungGen: 629029K->24514K(644608K)] 630577K->26062K(2042880K), 0.0108671 secs] [Times: user=0.00 sys=0.00, real=0.01 secs] 
2020-09-29T18:00:11.851+0200: 8.242: [GC (Allocation Failure) [PSYoungGen: 614850K->53733K(633856K)] 616398K->55777K(2032128K), 0.0185870 secs] [Times: user=0.13 sys=0.00, real=0.02 secs] 
2020-09-29T18:00:11.921+0200: 8.311: [GC (Allocation Failure) [PSYoungGen: 633829K->31396K(639488K)] 635873K->33440K(2037760K), 0.0111887 secs] [Times: user=0.13 sys=0.00, real=0.01 secs] 
2020-09-29T18:00:11.993+0200: 8.383: [GC (Allocation Failure) [PSYoungGen: 611492K->37221K(642560K)] 613536K->39265K(2040832K), 0.0123926 secs] [Times: user=0.13 sys=0.00, real=0.01 secs] 
2020-09-29T18:00:12.059+0200: 8.450: [GC (Allocation Failure) [PSYoungGen: 621925K->47717K(632832K)] 623969K->49761K(2031104K), 0.0165925 secs] [Times: user=0.13 sys=0.00, real=0.02 secs] 
2020-09-29T18:00:12.126+0200: 8.516: [GC (Allocation Failure) [PSYoungGen: 632421K->43812K(638976K)] 634465K->45856K(2037248K), 0.0163270 secs] [Times: user=0.13 sys=0.00, real=0.02 secs] 
2020-09-29T18:00:12.195+0200: 8.585: [GC (Allocation Failure) [PSYoungGen: 623908K->35364K(639488K)] 625952K->37408K(2037760K), 0.0171860 secs] [Times: user=0.11 sys=0.00, real=0.02 secs] 
2020-09-29T18:00:12.263+0200: 8.654: [GC (Allocation Failure) [PSYoungGen: 615460K->26532K(641536K)] 617504K->28576K(2039808K), 0.0095775 secs] [Times: user=0.13 sys=0.00, real=0.01 secs] 
2020-09-29T18:00:12.326+0200: 8.716: [GC (Allocation Failure) [PSYoungGen: 610724K->35300K(641536K)] 612768K->37344K(2039808K), 0.0130675 secs] [Times: user=0.13 sys=0.00, real=0.01 secs] 
2020-09-29T18:00:12.390+0200: 8.780: [GC (Allocation Failure) [PSYoungGen: 619492K->31621K(644608K)] 621536K->33665K(2042880K), 0.0112103 secs] [Times: user=0.13 sys=0.00, real=0.01 secs] 
2020-09-29T18:00:12.455+0200: 8.845: [GC (Allocation Failure) [PSYoungGen: 620933K->33029K(643584K)] 622977K->35073K(2041856K), 0.0123343 secs] [Times: user=0.13 sys=0.00, real=0.01 secs] 
2020-09-29T18:00:12.518+0200: 8.908: [GC (Allocation Failure) [PSYoungGen: 622341K->48133K(640000K)] 624385K->50177K(2038272K), 0.0163012 secs] [Times: user=0.13 sys=0.00, real=0.02 secs] 
2020-09-29T18:00:12.590+0200: 8.980: [GC (Allocation Failure) [PSYoungGen: 635397K->33733K(643072K)] 637441K->35777K(2041344K), 0.0128699 secs] [Times: user=0.11 sys=0.00, real=0.01 secs] 
2020-09-29T18:00:12.658+0200: 9.048: [GC (Allocation Failure) [PSYoungGen: 620997K->33125K(645632K)] 623041K->35169K(2043904K), 0.0118787 secs] [Times: user=0.13 sys=0.00, real=0.01 secs] 
2020-09-29T18:00:12.725+0200: 9.115: [GC (Allocation Failure) [PSYoungGen: 624485K->50245K(642048K)] 626529K->52289K(2040320K), 0.0167995 secs] [Times: user=0.13 sys=0.00, real=0.02 secs] 
2020-09-29T18:00:12.793+0200: 9.183: [GC (Allocation Failure) [PSYoungGen: 641605K->24068K(642048K)] 643649K->26112K(2040320K), 0.0087567 secs] [Times: user=0.00 sys=0.03, real=0.01 secs] 
2020-09-29T18:00:12.852+0200: 9.242: [GC (Allocation Failure) [PSYoungGen: 609284K->48773K(634368K)] 611328K->50817K(2032640K), 0.0160512 secs] [Times: user=0.13 sys=0.00, real=0.02 secs] 
2020-09-29T18:00:12.920+0200: 9.310: [GC (Allocation Failure) [PSYoungGen: 633989K->31908K(640512K)] 636033K->33952K(2038784K), 0.0118520 secs] [Times: user=0.13 sys=0.00, real=0.01 secs] 
2020-09-29T18:00:12.987+0200: 9.377: [GC (Allocation Failure) [PSYoungGen: 612516K->37668K(638976K)] 614560K->39712K(2037248K), 0.0139438 secs] [Times: user=0.13 sys=0.00, real=0.01 secs] 
2020-09-29T18:00:13.051+0200: 9.441: [GC (Allocation Failure) [PSYoungGen: 618276K->29796K(643072K)] 620320K->31840K(2041344K), 0.0121158 secs] [Times: user=0.13 sys=0.00, real=0.01 secs] 
2020-09-29T18:00:13.114+0200: 9.504: [GC (Allocation Failure) [PSYoungGen: 616548K->27843K(642560K)] 618592K->29887K(2040832K), 0.0116005 secs] [Times: user=0.00 sys=0.00, real=0.01 secs] 
2020-09-29T18:00:13.178+0200: 9.568: [GC (Allocation Failure) [PSYoungGen: 614595K->26212K(644096K)] 616639K->28256K(2042368K), 0.0131449 secs] [Times: user=0.00 sys=0.00, real=0.01 secs] 
2020-09-29T18:00:13.250+0200: 9.640: [GC (Allocation Failure) [PSYoungGen: 615012K->40741K(643584K)] 617056K->42785K(2041856K), 0.0142590 secs] [Times: user=0.13 sys=0.00, real=0.01 secs] 
2020-09-29T18:00:13.316+0200: 9.706: [GC (Allocation Failure) [PSYoungGen: 629541K->25315K(644096K)] 631585K->27359K(2042368K), 0.0099800 secs] [Times: user=0.13 sys=0.00, real=0.01 secs] 
2020-09-29T18:00:13.385+0200: 9.775: [GC (Allocation Failure) [PSYoungGen: 614115K->25956K(643584K)] 616159K->28000K(2041856K), 0.0104139 secs] [Times: user=0.00 sys=0.00, real=0.01 secs] 
2020-09-29T18:00:13.446+0200: 9.836: [GC (Allocation Failure) [PSYoungGen: 614756K->26853K(645632K)] 616800K->28897K(2043904K), 0.0098816 secs] [Times: user=0.00 sys=0.00, real=0.01 secs] 
2020-09-29T18:00:13.509+0200: 9.899: [GC (Allocation Failure) [PSYoungGen: 618213K->43973K(635392K)] 620257K->46017K(2033664K), 0.0155320 secs] [Times: user=0.13 sys=0.00, real=0.02 secs] 
2020-09-29T18:00:13.578+0200: 9.968: [GC (Allocation Failure) [PSYoungGen: 635333K->47397K(637440K)] 637377K->49441K(2035712K), 0.0176476 secs] [Times: user=0.11 sys=0.00, real=0.02 secs] 
2020-09-29T18:00:13.649+0200: 10.039: [GC (Allocation Failure) [PSYoungGen: 629541K->27684K(640512K)] 631585K->29728K(2038784K), 0.0106464 secs] [Times: user=0.00 sys=0.00, real=0.01 secs] 
2020-09-29T18:00:13.710+0200: 10.100: [GC (Allocation Failure) [PSYoungGen: 609828K->49317K(635392K)] 611872K->51361K(2033664K), 0.0164866 secs] [Times: user=0.13 sys=0.00, real=0.02 secs] 
2020-09-29T18:00:13.777+0200: 10.167: [GC (Allocation Failure) [PSYoungGen: 627365K->23171K(638464K)] 629409K->25215K(2036736K), 0.0096432 secs] [Times: user=0.13 sys=0.00, real=0.01 secs] 
2020-09-29T18:00:13.835+0200: 10.226: [GC (Allocation Failure) [PSYoungGen: 601219K->12899K(636416K)] 603263K->14943K(2034688K), 0.0055261 secs] [Times: user=0.00 sys=0.00, real=0.01 secs] 
2020-09-29T18:00:13.892+0200: 10.282: [GC (Allocation Failure) [PSYoungGen: 588899K->41957K(617984K)] 590943K->44001K(2016256K), 0.0143054 secs] [Times: user=0.13 sys=0.00, real=0.01 secs] 
2020-09-29T18:00:13.958+0200: 10.348: [GC (Allocation Failure) [PSYoungGen: 617957K->28100K(638976K)] 620001K->30144K(2037248K), 0.0110903 secs] [Times: user=0.00 sys=0.00, real=0.01 secs] 
2020-09-29T18:00:14.018+0200: 10.409: [GC (Allocation Failure) [PSYoungGen: 605124K->30949K(636928K)] 607168K->32993K(2035200K), 0.0107441 secs] [Times: user=0.13 sys=0.00, real=0.01 secs] 
2020-09-29T18:00:14.081+0200: 10.471: [GC (Allocation Failure) [PSYoungGen: 607973K->18563K(641024K)] 610017K->20607K(2039296K), 0.0074886 secs] [Times: user=0.13 sys=0.00, real=0.01 secs] 
2020-09-29T18:00:14.145+0200: 10.535: [GC (Allocation Failure) [PSYoungGen: 601731K->41125K(624640K)] 603775K->43169K(2022912K), 0.0144749 secs] [Times: user=0.13 sys=0.00, real=0.01 secs] 
2020-09-29T18:00:14.214+0200: 10.604: [GC (Allocation Failure) [PSYoungGen: 624293K->35780K(641536K)] 626337K->37824K(2039808K), 0.0174116 secs] [Times: user=0.11 sys=0.00, real=0.02 secs] 
2020-09-29T18:00:14.284+0200: 10.674: [GC (Allocation Failure) [PSYoungGen: 618436K->12995K(640000K)] 620480K->15039K(2038272K), 0.0055649 secs] [Times: user=0.13 sys=0.00, real=0.01 secs] 
2020-09-29T18:00:14.342+0200: 10.732: [GC (Allocation Failure) [PSYoungGen: 595651K->20451K(641536K)] 597695K->22495K(2039808K), 0.0106695 secs] [Times: user=0.13 sys=0.00, real=0.01 secs] 
2020-09-29T18:00:14.407+0200: 10.797: [GC (Allocation Failure) [PSYoungGen: 603619K->27972K(640512K)] 605663K->30016K(2038784K), 0.0106534 secs] [Times: user=0.13 sys=0.00, real=0.01 secs] 
2020-09-29T18:00:14.467+0200: 10.857: [GC (Allocation Failure) [PSYoungGen: 611140K->36933K(643072K)] 613184K->38977K(2041344K), 0.0126248 secs] [Times: user=0.13 sys=0.00, real=0.01 secs] 
2020-09-29T18:00:14.531+0200: 10.921: [GC (Allocation Failure) [PSYoungGen: 625221K->49124K(637440K)] 627265K->51168K(2035712K), 0.0177631 secs] [Times: user=0.13 sys=0.00, real=0.02 secs] 
2020-09-29T18:00:14.602+0200: 10.993: [GC (Allocation Failure) [PSYoungGen: 637412K->35845K(640512K)] 639456K->37889K(2038784K), 0.0123485 secs] [Times: user=0.13 sys=0.00, real=0.01 secs] 
2020-09-29T18:00:14.669+0200: 11.059: [GC (Allocation Failure) [PSYoungGen: 616965K->29061K(639488K)] 619009K->31105K(2037760K), 0.0106101 secs] [Times: user=0.13 sys=0.00, real=0.01 secs] 
2020-09-29T18:00:14.732+0200: 11.122: [GC (Allocation Failure) [PSYoungGen: 610181K->34788K(644096K)] 612225K->36832K(2042368K), 0.0121964 secs] [Times: user=0.13 sys=0.00, real=0.01 secs] 
2020-09-29T18:00:14.796+0200: 11.186: [GC (Allocation Failure) [PSYoungGen: 622564K->34629K(642560K)] 624608K->36673K(2040832K), 0.0119355 secs] [Times: user=0.13 sys=0.00, real=0.01 secs] 
2020-09-29T18:00:14.859+0200: 11.250: [GC (Allocation Failure) [PSYoungGen: 622405K->48229K(637440K)] 624449K->50273K(2035712K), 0.0161190 secs] [Times: user=0.13 sys=0.00, real=0.02 secs] 
2020-09-29T18:00:14.925+0200: 11.316: [GC (Allocation Failure) [PSYoungGen: 632421K->44517K(628736K)] 634465K->46561K(2027008K), 0.0148545 secs] [Times: user=0.13 sys=0.00, real=0.02 secs] 
2020-09-29T18:00:14.991+0200: 11.381: [GC (Allocation Failure) [PSYoungGen: 628709K->40773K(640512K)] 630753K->42817K(2038784K), 0.0138874 secs] [Times: user=0.13 sys=0.00, real=0.01 secs] 
2020-09-29T18:00:15.057+0200: 11.447: [GC (Allocation Failure) [PSYoungGen: 622405K->33732K(640000K)] 624449K->35776K(2038272K), 0.0126450 secs] [Times: user=0.13 sys=0.00, real=0.01 secs] 
2020-09-29T18:00:15.124+0200: 11.514: [GC (Allocation Failure) [PSYoungGen: 615364K->27076K(643072K)] 617408K->29120K(2041344K), 0.0097942 secs] [Times: user=0.13 sys=0.00, real=0.01 secs] 
2020-09-29T18:00:15.186+0200: 11.576: [GC (Allocation Failure) [PSYoungGen: 613316K->39045K(642048K)] 615360K->41089K(2040320K), 0.0161355 secs] [Times: user=0.11 sys=0.00, real=0.02 secs] 
2020-09-29T18:00:15.255+0200: 11.645: [GC (Allocation Failure) [PSYoungGen: 625285K->36644K(645120K)] 627329K->38688K(2043392K), 0.0138276 secs] [Times: user=0.00 sys=0.00, real=0.01 secs] 
2020-09-29T18:00:15.320+0200: 11.710: [GC (Allocation Failure) [PSYoungGen: 626468K->52261K(642560K)] 628512K->54305K(2040832K), 0.0178083 secs] [Times: user=0.13 sys=0.00, real=0.02 secs] 
2020-09-29T18:00:15.389+0200: 11.779: [GC (Allocation Failure) [PSYoungGen: 642085K->37892K(641536K)] 644129K->39936K(2039808K), 0.0144840 secs] [Times: user=0.13 sys=0.00, real=0.02 secs] 
2020-09-29T18:00:15.455+0200: 11.845: [GC (Allocation Failure) [PSYoungGen: 623108K->33668K(642048K)] 625152K->35712K(2040320K), 0.0126804 secs] [Times: user=0.13 sys=0.00, real=0.01 secs] 
2020-09-29T18:00:15.518+0200: 11.908: [GC (Allocation Failure) [PSYoungGen: 618884K->13892K(639488K)] 620928K->15936K(2037760K), 0.0052147 secs] [Times: user=0.13 sys=0.00, real=0.01 secs] 
2020-09-29T18:00:15.578+0200: 11.968: [GC (Allocation Failure) [PSYoungGen: 598084K->37509K(641536K)] 600128K->39553K(2039808K), 0.0138568 secs] [Times: user=0.11 sys=0.00, real=0.01 secs] 
2020-09-29T18:00:15.646+0200: 12.036: [GC (Allocation Failure) [PSYoungGen: 621701K->32901K(644608K)] 623745K->34945K(2042880K), 0.0130521 secs] [Times: user=0.00 sys=0.00, real=0.01 secs] 
2020-09-29T18:00:15.710+0200: 12.100: [GC (Allocation Failure) [PSYoungGen: 621189K->19299K(642560K)] 623233K->21343K(2040832K), 0.0076260 secs] [Times: user=0.00 sys=0.00, real=0.01 secs] 
2020-09-29T18:00:15.769+0200: 12.159: [GC (Allocation Failure) [PSYoungGen: 607587K->33157K(646144K)] 609631K->35201K(2044416K), 0.0116593 secs] [Times: user=0.13 sys=0.00, real=0.01 secs] 
2020-09-29T18:00:15.832+0200: 12.222: [GC (Allocation Failure) [PSYoungGen: 624005K->36133K(643584K)] 626049K->38177K(2041856K), 0.0130253 secs] [Times: user=0.05 sys=0.02, real=0.01 secs] 
2020-09-29T18:00:15.897+0200: 12.287: [GC (Allocation Failure) [PSYoungGen: 626981K->38116K(646656K)] 629025K->40160K(2044928K), 0.0140612 secs] [Times: user=0.02 sys=0.00, real=0.01 secs] 
2020-09-29T18:00:15.961+0200: 12.351: [GC (Allocation Failure) [PSYoungGen: 632548K->29956K(646656K)] 634592K->32000K(2044928K), 0.0106224 secs] [Times: user=0.00 sys=0.00, real=0.01 secs] 
2020-09-29T18:00:16.025+0200: 12.416: [GC (Allocation Failure) [PSYoungGen: 624388K->21636K(647168K)] 626432K->23680K(2045440K), 0.0089338 secs] [Times: user=0.00 sys=0.00, real=0.01 secs] 
2020-09-29T18:00:16.086+0200: 12.476: [GC (Allocation Failure) [PSYoungGen: 618116K->40612K(637440K)] 620160K->42656K(2035712K), 0.0148731 secs] [Times: user=0.13 sys=0.00, real=0.02 secs] 
2020-09-29T18:00:16.154+0200: 12.544: [GC (Allocation Failure) [PSYoungGen: 637092K->35493K(647680K)] 639136K->37537K(2045952K), 0.0153795 secs] [Times: user=0.11 sys=0.00, real=0.01 secs] 
2020-09-29T18:00:16.228+0200: 12.618: [GC (Allocation Failure) [PSYoungGen: 630949K->41381K(636928K)] 632993K->43425K(2035200K), 0.0181976 secs] [Times: user=0.11 sys=0.00, real=0.02 secs] 
2020-09-29T18:00:16.301+0200: 12.692: [GC (Allocation Failure) [PSYoungGen: 636837K->34020K(648192K)] 638881K->36064K(2046464K), 0.0144348 secs] [Times: user=0.03 sys=0.02, real=0.01 secs] 
2020-09-29T18:00:16.368+0200: 12.758: [GC (Allocation Failure) [PSYoungGen: 629476K->24131K(646144K)] 631520K->26175K(2044416K), 0.0094652 secs] [Times: user=0.00 sys=0.00, real=0.01 secs] 
2020-09-29T18:00:16.430+0200: 12.820: [GC (Allocation Failure) [PSYoungGen: 619587K->45317K(642048K)] 621631K->47361K(2040320K), 0.0163776 secs] [Times: user=0.13 sys=0.00, real=0.02 secs] 
2020-09-29T18:00:16.498+0200: 12.888: [GC (Allocation Failure) [PSYoungGen: 636677K->21061K(645120K)] 638721K->23105K(2043392K), 0.0068684 secs] [Times: user=0.00 sys=0.00, real=0.01 secs] 
2020-09-29T18:00:16.560+0200: 12.951: [GC (Allocation Failure) [PSYoungGen: 612421K->38117K(645120K)] 614465K->40161K(2043392K), 0.0137643 secs] [Times: user=0.13 sys=0.00, real=0.01 secs] 
2020-09-29T18:00:16.631+0200: 13.021: [GC (Allocation Failure) [PSYoungGen: 629477K->41637K(633344K)] 631521K->43681K(2031616K), 0.0141265 secs] [Times: user=0.00 sys=0.00, real=0.01 secs] 
2020-09-29T18:00:16.696+0200: 13.086: [GC (Allocation Failure) [PSYoungGen: 632997K->45029K(640000K)] 635041K->47073K(2038272K), 0.0169994 secs] [Times: user=0.13 sys=0.00, real=0.02 secs] 
2020-09-29T18:00:16.765+0200: 13.155: [GC (Allocation Failure) [PSYoungGen: 630245K->28420K(642048K)] 632289K->30464K(2040320K), 0.0104756 secs] [Times: user=0.13 sys=0.00, real=0.01 secs] 
2020-09-29T18:00:16.827+0200: 13.217: [GC (Allocation Failure) [PSYoungGen: 613636K->25220K(643584K)] 615680K->27264K(2041856K), 0.0095969 secs] [Times: user=0.13 sys=0.00, real=0.01 secs] 
2020-09-29T18:00:16.892+0200: 13.282: [GC (Allocation Failure) [PSYoungGen: 612996K->38725K(643072K)] 615040K->40769K(2041344K), 0.0136321 secs] [Times: user=0.13 sys=0.00, real=0.01 secs] 
2020-09-29T18:00:16.956+0200: 13.346: [GC (Allocation Failure) [PSYoungGen: 626501K->52229K(634880K)] 628545K->54273K(2033152K), 0.0174422 secs] [Times: user=0.13 sys=0.00, real=0.02 secs] 
2020-09-29T18:00:17.023+0200: 13.413: [GC (Allocation Failure) [PSYoungGen: 632325K->44453K(624640K)] 634369K->46497K(2022912K), 0.0148215 secs] [Times: user=0.13 sys=0.00, real=0.02 secs] 
2020-09-29T18:00:17.089+0200: 13.479: [GC (Allocation Failure) [PSYoungGen: 624549K->19747K(637440K)] 626593K->21791K(2035712K), 0.0080282 secs] [Times: user=0.00 sys=0.00, real=0.01 secs] 
2020-09-29T18:00:17.152+0200: 13.543: [GC (Allocation Failure) [PSYoungGen: 596771K->49925K(627200K)] 598815K->51969K(2025472K), 0.0167181 secs] [Times: user=0.13 sys=0.00, real=0.02 secs] 
2020-09-29T18:00:17.222+0200: 13.612: [GC (Allocation Failure) [PSYoungGen: 626949K->25284K(635904K)] 628993K->27328K(2034176K), 0.0123042 secs] [Times: user=0.11 sys=0.00, real=0.01 secs] 
2020-09-29T18:00:17.287+0200: 13.677: [GC (Allocation Failure) [PSYoungGen: 597188K->21987K(634880K)] 599232K->24031K(2033152K), 0.0092204 secs] [Times: user=0.00 sys=0.00, real=0.01 secs] 
2020-09-29T18:00:17.346+0200: 13.736: [GC (Allocation Failure) [PSYoungGen: 593891K->47045K(632320K)] 595935K->49089K(2030592K), 0.0162367 secs] [Times: user=0.13 sys=0.00, real=0.02 secs] 
2020-09-29T18:00:17.411+0200: 13.801: [GC (Allocation Failure) [PSYoungGen: 616901K->28453K(634368K)] 618945K->30497K(2032640K), 0.0097966 secs] [Times: user=0.00 sys=0.00, real=0.01 secs] 
2020-09-29T18:00:17.473+0200: 13.863: [GC (Allocation Failure) [PSYoungGen: 598309K->51429K(628736K)] 600353K->53473K(2027008K), 0.0180770 secs] [Times: user=0.20 sys=0.00, real=0.02 secs] 
2020-09-29T18:00:17.541+0200: 13.931: [GC (Allocation Failure) [PSYoungGen: 617189K->29285K(632320K)] 619233K->31329K(2030592K), 0.0102221 secs] [Times: user=0.02 sys=0.00, real=0.01 secs] 
2020-09-29T18:00:17.604+0200: 13.994: [GC (Allocation Failure) [PSYoungGen: 595045K->34469K(636928K)] 597089K->36513K(2035200K), 0.0133000 secs] [Times: user=0.11 sys=0.00, real=0.01 secs] 
2020-09-29T18:00:17.668+0200: 14.058: [GC (Allocation Failure) [PSYoungGen: 606885K->32645K(634368K)] 608929K->34689K(2032640K), 0.0115603 secs] [Times: user=0.13 sys=0.00, real=0.01 secs] 
2020-09-29T18:00:17.731+0200: 14.121: [GC (Allocation Failure) [PSYoungGen: 605061K->30853K(640512K)] 607105K->32897K(2038784K), 0.0110071 secs] [Times: user=0.13 sys=0.00, real=0.01 secs] 
2020-09-29T18:00:17.793+0200: 14.183: [GC (Allocation Failure) [PSYoungGen: 611461K->37221K(638976K)] 613505K->39265K(2037248K), 0.0130228 secs] [Times: user=0.13 sys=0.00, real=0.01 secs] 
2020-09-29T18:00:17.859+0200: 14.249: [GC (Allocation Failure) [PSYoungGen: 617829K->29285K(643072K)] 619873K->31329K(2041344K), 0.0099433 secs] [Times: user=0.13 sys=0.00, real=0.01 secs] 
2020-09-29T18:00:17.919+0200: 14.309: [GC (Allocation Failure) [PSYoungGen: 615525K->27589K(642048K)] 617569K->29633K(2040320K), 0.0103218 secs] [Times: user=0.13 sys=0.00, real=0.01 secs] 
2020-09-29T18:00:17.990+0200: 14.381: [GC (Allocation Failure) [PSYoungGen: 613829K->39589K(644096K)] 615873K->41633K(2042368K), 0.0144717 secs] [Times: user=0.13 sys=0.00, real=0.02 secs] 
2020-09-29T18:00:18.055+0200: 14.445: [GC (Allocation Failure) [PSYoungGen: 628901K->26820K(644096K)] 630945K->28864K(2042368K), 0.0103712 secs] [Times: user=0.00 sys=0.00, real=0.01 secs] 
2020-09-29T18:00:18.118+0200: 14.508: [GC (Allocation Failure) [PSYoungGen: 616132K->27076K(645632K)] 618176K->29120K(2043904K), 0.0102131 secs] [Times: user=0.00 sys=0.00, real=0.01 secs] 
2020-09-29T18:00:18.182+0200: 14.572: [GC (Allocation Failure) [PSYoungGen: 618948K->13379K(605696K)] 620992K->15423K(2003968K), 0.0060626 secs] [Times: user=0.00 sys=0.00, real=0.01 secs] 
2020-09-29T18:00:18.246+0200: 14.636: [GC (Allocation Failure) [PSYoungGen: 605251K->28803K(646144K)] 607295K->30847K(2044416K), 0.0117792 secs] [Times: user=0.13 sys=0.00, real=0.01 secs] 
2020-09-29T18:00:18.309+0200: 14.699: [GC (Allocation Failure) [PSYoungGen: 620675K->31812K(644608K)] 622719K->33856K(2042880K), 0.0115624 secs] [Times: user=0.13 sys=0.00, real=0.01 secs] 
2020-09-29T18:00:18.372+0200: 14.762: [GC (Allocation Failure) [PSYoungGen: 623684K->35012K(648704K)] 625728K->37056K(2046976K), 0.0130185 secs] [Times: user=0.13 sys=0.00, real=0.01 secs] 
2020-09-29T18:00:18.437+0200: 14.827: [GC (Allocation Failure) [PSYoungGen: 633028K->45125K(643584K)] 635072K->47169K(2041856K), 0.0161363 secs] [Times: user=0.13 sys=0.00, real=0.02 secs] 
2020-09-29T18:00:18.507+0200: 14.897: [GC (Allocation Failure) [PSYoungGen: 643141K->41509K(643072K)] 645185K->43553K(2041344K), 0.0166122 secs] [Times: user=0.13 sys=0.00, real=0.02 secs] 
2020-09-29T18:00:18.577+0200: 14.967: [GC (Allocation Failure) [PSYoungGen: 630821K->54757K(644096K)] 632865K->58537K(2042368K), 0.0215006 secs] [Times: user=0.11 sys=0.02, real=0.02 secs] 
2020-09-29T18:00:18.654+0200: 15.044: [GC (Allocation Failure) [PSYoungGen: 644069K->44325K(629760K)] 647849K->48105K(2028032K), 0.0174076 secs] [Times: user=0.13 sys=0.00, real=0.02 secs] 
2020-09-29T18:00:18.724+0200: 15.114: [GC (Allocation Failure) [PSYoungGen: 619301K->45061K(620544K)] 623081K->48841K(2018816K), 0.0173549 secs] [Times: user=0.13 sys=0.00, real=0.02 secs] 
2020-09-29T18:00:18.793+0200: 15.183: [GC (Allocation Failure) [PSYoungGen: 620037K->45797K(635392K)] 623817K->49577K(2033664K), 0.0166997 secs] [Times: user=0.13 sys=0.00, real=0.02 secs] 
2020-09-29T18:00:18.860+0200: 15.250: [GC (Allocation Failure) [PSYoungGen: 618725K->44485K(635904K)] 622505K->48265K(2034176K), 0.0151143 secs] [Times: user=0.13 sys=0.00, real=0.02 secs] 
2020-09-29T18:00:18.928+0200: 15.318: [GC (Allocation Failure) [PSYoungGen: 617413K->43108K(636928K)] 621193K->46888K(2035200K), 0.0154973 secs] [Times: user=0.13 sys=0.00, real=0.02 secs] 
2020-09-29T18:00:18.996+0200: 15.386: [GC (Allocation Failure) [PSYoungGen: 617060K->42821K(635904K)] 620840K->46601K(2034176K), 0.0147085 secs] [Times: user=0.13 sys=0.00, real=0.01 secs] 
2020-09-29T18:00:19.061+0200: 15.451: [GC (Allocation Failure) [PSYoungGen: 616773K->26981K(637952K)] 620553K->30761K(2036224K), 0.0103396 secs] [Times: user=0.13 sys=0.00, real=0.01 secs] 
2020-09-29T18:00:19.121+0200: 15.511: [GC (Allocation Failure) [PSYoungGen: 604005K->28132K(637952K)] 607785K->31912K(2036224K), 0.0106363 secs] [Times: user=0.13 sys=0.00, real=0.01 secs] 
2020-09-29T18:00:19.184+0200: 15.574: [GC (Allocation Failure) [PSYoungGen: 605156K->29060K(638976K)] 608936K->32840K(2037248K), 0.0124203 secs] [Times: user=0.11 sys=0.00, real=0.01 secs] 
2020-09-29T18:00:19.249+0200: 15.639: [GC (Allocation Failure) [PSYoungGen: 607620K->32132K(638464K)] 611400K->35912K(2036736K), 0.0120742 secs] [Times: user=0.13 sys=0.00, real=0.01 secs] 
2020-09-29T18:00:19.313+0200: 15.703: [GC (Allocation Failure) [PSYoungGen: 610692K->36453K(642560K)] 614472K->40233K(2040832K), 0.0126711 secs] [Times: user=0.13 sys=0.00, real=0.01 secs] 
2020-09-29T18:00:19.376+0200: 15.766: [GC (Allocation Failure) [PSYoungGen: 620645K->32645K(640512K)] 624425K->36425K(2038784K), 0.0114415 secs] [Times: user=0.13 sys=0.00, real=0.01 secs] 
2020-09-29T18:00:19.439+0200: 15.830: [GC (Allocation Failure) [PSYoungGen: 616837K->28933K(644608K)] 620617K->32713K(2042880K), 0.0102058 secs] [Times: user=0.13 sys=0.00, real=0.01 secs] 
2020-09-29T18:00:19.502+0200: 15.892: [GC (Allocation Failure) [PSYoungGen: 618757K->44517K(634368K)] 622537K->48297K(2032640K), 0.0151286 secs] [Times: user=0.13 sys=0.00, real=0.01 secs] 
2020-09-29T18:00:19.570+0200: 15.960: [GC (Allocation Failure) [PSYoungGen: 634341K->44612K(641024K)] 638121K->48392K(2039296K), 0.0184524 secs] [Times: user=0.11 sys=0.00, real=0.02 secs] 
2020-09-29T18:00:19.643+0200: 16.033: [GC (Allocation Failure) [PSYoungGen: 629828K->41957K(642048K)] 633608K->45737K(2040320K), 0.0164064 secs] [Times: user=0.13 sys=0.00, real=0.02 secs] 
2020-09-29T18:00:19.709+0200: 16.099: [GC (Allocation Failure) [PSYoungGen: 627173K->25541K(642048K)] 630953K->29321K(2040320K), 0.0096220 secs] [Times: user=0.00 sys=0.00, real=0.01 secs] 
2020-09-29T18:00:19.773+0200: 16.163: [GC (Allocation Failure) [PSYoungGen: 610757K->50181K(635904K)] 614537K->53961K(2034176K), 0.0176862 secs] [Times: user=0.13 sys=0.00, real=0.02 secs] 
2020-09-29T18:00:19.842+0200: 16.232: [GC (Allocation Failure) [PSYoungGen: 635397K->33797K(640512K)] 639177K->37577K(2038784K), 0.0119853 secs] [Times: user=0.13 sys=0.00, real=0.01 secs] 
2020-09-29T18:00:19.904+0200: 16.294: [GC (Allocation Failure) [PSYoungGen: 614405K->40229K(638976K)] 618185K->44009K(2037248K), 0.0142965 secs] [Times: user=0.13 sys=0.00, real=0.01 secs] 
2020-09-29T18:00:19.969+0200: 16.359: [GC (Allocation Failure) [PSYoungGen: 620837K->30980K(642048K)] 624617K->34760K(2040320K), 0.0118996 secs] [Times: user=0.13 sys=0.00, real=0.01 secs] 
2020-09-29T18:00:20.032+0200: 16.422: [GC (Allocation Failure) [PSYoungGen: 615684K->41445K(641536K)] 619464K->45225K(2039808K), 0.0147559 secs] [Times: user=0.13 sys=0.00, real=0.01 secs] 
2020-09-29T18:00:20.097+0200: 16.487: [GC (Allocation Failure) [PSYoungGen: 626149K->38277K(644096K)] 629929K->42057K(2042368K), 0.0125602 secs] [Times: user=0.13 sys=0.00, real=0.01 secs] 
2020-09-29T18:00:20.164+0200: 16.554: [GC (Allocation Failure) [PSYoungGen: 626053K->23811K(642560K)] 629833K->27591K(2040832K), 0.0097206 secs] [Times: user=0.00 sys=0.00, real=0.01 secs] 
2020-09-29T18:00:20.231+0200: 16.621: [GC (Allocation Failure) [PSYoungGen: 611587K->37317K(645120K)] 615367K->41097K(2043392K), 0.0152465 secs] [Times: user=0.13 sys=0.00, real=0.02 secs] 
2020-09-29T18:00:20.298+0200: 16.689: [GC (Allocation Failure) [PSYoungGen: 627141K->25508K(643584K)] 630921K->29288K(2041856K), 0.0101480 secs] [Times: user=0.13 sys=0.00, real=0.01 secs] 
2020-09-29T18:00:20.360+0200: 16.750: [GC (Allocation Failure) [PSYoungGen: 615332K->41061K(644608K)] 619112K->44841K(2042880K), 0.0142521 secs] [Times: user=0.13 sys=0.00, real=0.01 secs] 
2020-09-29T18:00:20.425+0200: 16.815: [GC (Allocation Failure) [PSYoungGen: 631397K->42116K(632832K)] 635177K->45896K(2031104K), 0.0153263 secs] [Times: user=0.13 sys=0.00, real=0.02 secs] 
2020-09-29T18:00:20.492+0200: 16.882: [GC (Allocation Failure) [PSYoungGen: 632452K->44516K(641024K)] 636232K->48296K(2039296K), 0.0159984 secs] [Times: user=0.13 sys=0.00, real=0.02 secs] 
2020-09-29T18:00:20.559+0200: 16.949: [GC (Allocation Failure) [PSYoungGen: 630756K->42724K(642560K)] 634536K->46504K(2040832K), 0.0161681 secs] [Times: user=0.13 sys=0.00, real=0.02 secs] 
2020-09-29T18:00:20.627+0200: 17.017: [GC (Allocation Failure) [PSYoungGen: 628964K->27301K(642560K)] 632744K->31081K(2040832K), 0.0127081 secs] [Times: user=0.09 sys=0.00, real=0.01 secs] 
2020-09-29T18:00:20.697+0200: 17.087: [GC (Allocation Failure) [PSYoungGen: 613541K->24996K(642560K)] 617321K->28776K(2040832K), 0.0090415 secs] [Times: user=0.00 sys=0.00, real=0.01 secs] 
2020-09-29T18:00:20.756+0200: 17.146: [GC (Allocation Failure) [PSYoungGen: 611236K->23205K(642560K)] 615016K->26985K(2040832K), 0.0074049 secs] [Times: user=0.00 sys=0.00, real=0.01 secs] 
2020-09-29T18:00:20.815+0200: 17.205: [GC (Allocation Failure) [PSYoungGen: 609445K->35173K(642560K)] 613225K->38953K(2040832K), 0.0123148 secs] [Times: user=0.13 sys=0.00, real=0.01 secs] 
2020-09-29T18:00:20.885+0200: 17.275: [GC (Allocation Failure) [PSYoungGen: 621413K->45668K(639488K)] 625193K->49448K(2037760K), 0.0164178 secs] [Times: user=0.13 sys=0.00, real=0.02 secs] 
2020-09-29T18:00:20.952+0200: 17.342: [GC (Allocation Failure) [PSYoungGen: 630884K->42949K(628224K)] 634664K->46729K(2026496K), 0.0149138 secs] [Times: user=0.13 sys=0.00, real=0.02 secs] 
2020-09-29T18:00:21.018+0200: 17.408: [GC (Allocation Failure) [PSYoungGen: 628165K->24805K(641536K)] 631945K->28585K(2039808K), 0.0085555 secs] [Times: user=0.11 sys=0.00, real=0.01 secs] 
2020-09-29T18:00:21.079+0200: 17.469: [GC (Allocation Failure) [PSYoungGen: 608997K->34725K(641536K)] 612777K->38505K(2039808K), 0.0122471 secs] [Times: user=0.13 sys=0.00, real=0.01 secs] 
2020-09-29T18:00:21.149+0200: 17.539: [GC (Allocation Failure) [PSYoungGen: 618917K->44741K(640512K)] 622697K->48521K(2038784K), 0.0152763 secs] [Times: user=0.13 sys=0.00, real=0.02 secs] 
2020-09-29T18:00:21.217+0200: 17.607: [GC (Allocation Failure) [PSYoungGen: 629957K->26596K(642048K)] 633737K->30376K(2040320K), 0.0113441 secs] [Times: user=0.13 sys=0.00, real=0.01 secs] 
2020-09-29T18:00:21.285+0200: 17.675: [GC (Allocation Failure) [PSYoungGen: 611812K->37572K(643584K)] 615592K->41352K(2041856K), 0.0137446 secs] [Times: user=0.13 sys=0.00, real=0.01 secs] 
2020-09-29T18:00:21.350+0200: 17.740: [GC (Allocation Failure) [PSYoungGen: 624836K->22659K(642560K)] 628616K->26439K(2040832K), 0.0096216 secs] [Times: user=0.00 sys=0.00, real=0.01 secs] 
2020-09-29T18:00:21.411+0200: 17.801: [GC (Allocation Failure) [PSYoungGen: 609923K->49413K(636416K)] 613703K->53193K(2034688K), 0.0190082 secs] [Times: user=0.13 sys=0.00, real=0.02 secs] 
2020-09-29T18:00:21.482+0200: 17.872: [GC (Allocation Failure) [PSYoungGen: 630533K->42693K(624128K)] 634313K->46473K(2022400K), 0.0144758 secs] [Times: user=0.13 sys=0.00, real=0.01 secs] 
2020-09-29T18:00:21.547+0200: 17.937: [GC (Allocation Failure) [PSYoungGen: 623813K->49573K(634368K)] 627593K->53353K(2032640K), 0.0169022 secs] [Times: user=0.13 sys=0.00, real=0.02 secs] 
2020-09-29T18:00:21.615+0200: 18.005: [GC (Allocation Failure) [PSYoungGen: 624549K->35556K(636928K)] 628329K->39336K(2035200K), 0.0153185 secs] [Times: user=0.11 sys=0.00, real=0.02 secs] 
2020-09-29T18:00:21.682+0200: 18.072: [GC (Allocation Failure) [PSYoungGen: 610532K->35364K(641024K)] 614312K->39144K(2039296K), 0.0131875 secs] [Times: user=0.13 sys=0.00, real=0.01 secs] 
2020-09-29T18:00:21.746+0200: 18.136: [GC (Allocation Failure) [PSYoungGen: 616484K->28260K(638976K)] 620264K->32040K(2037248K), 0.0109390 secs] [Times: user=0.13 sys=0.00, real=0.01 secs] 
2020-09-29T18:00:21.808+0200: 18.198: [GC (Allocation Failure) [PSYoungGen: 609380K->21477K(640512K)] 613160K->25257K(2038784K), 0.0069763 secs] [Times: user=0.00 sys=0.00, real=0.01 secs] 
2020-09-29T18:00:21.867+0200: 18.257: [GC (Allocation Failure) [PSYoungGen: 604645K->29731K(641024K)] 608425K->33511K(2039296K), 0.0155146 secs] [Times: user=0.13 sys=0.00, real=0.02 secs] 
2020-09-29T18:00:21.933+0200: 18.323: [GC (Allocation Failure) [PSYoungGen: 612899K->52421K(633344K)] 616679K->56201K(2031616K), 0.0224390 secs] [Times: user=0.13 sys=0.00, real=0.02 secs] 
2020-09-29T18:00:22.005+0200: 18.395: [GC (Allocation Failure) [PSYoungGen: 629445K->38692K(637952K)] 633225K->42472K(2036224K), 0.0179561 secs] [Times: user=0.13 sys=0.00, real=0.02 secs] 
2020-09-29T18:00:22.073+0200: 18.463: [GC (Allocation Failure) [PSYoungGen: 615716K->41445K(640000K)] 619496K->45225K(2038272K), 0.0183821 secs] [Times: user=0.13 sys=0.00, real=0.02 secs] 
2020-09-29T18:00:22.143+0200: 18.533: [GC (Allocation Failure) [PSYoungGen: 622053K->47845K(628736K)] 625833K->51625K(2027008K), 0.0201369 secs] [Times: user=0.25 sys=0.00, real=0.02 secs] 
2020-09-29T18:00:22.217+0200: 18.607: [GC (Allocation Failure) [PSYoungGen: 628453K->26821K(638464K)] 632233K->30601K(2036736K), 0.0118189 secs] [Times: user=0.13 sys=0.00, real=0.01 secs] 
2020-09-29T18:00:22.287+0200: 18.677: [GC (Allocation Failure) [PSYoungGen: 604357K->29924K(637952K)] 608137K->33704K(2036224K), 0.0139021 secs] [Times: user=0.00 sys=0.00, real=0.01 secs] 
2020-09-29T18:00:22.351+0200: 18.741: [GC (Allocation Failure) [PSYoungGen: 607460K->46116K(636416K)] 611240K->49896K(2034688K), 0.0207842 secs] [Times: user=0.13 sys=0.00, real=0.02 secs] 
2020-09-29T18:00:22.421+0200: 18.811: [GC (Allocation Failure) [PSYoungGen: 623140K->35237K(637952K)] 626920K->39017K(2036224K), 0.0160311 secs] [Times: user=0.13 sys=0.00, real=0.02 secs] 
2020-09-29T18:00:22.491+0200: 18.881: [GC (Allocation Failure) [PSYoungGen: 612261K->51685K(633856K)] 616041K->55465K(2032128K), 0.0223053 secs] [Times: user=0.13 sys=0.00, real=0.02 secs] 
2020-09-29T18:00:22.567+0200: 18.958: [GC (Allocation Failure) [PSYoungGen: 626661K->37988K(636928K)] 630441K->41768K(2035200K), 0.0181625 secs] [Times: user=0.13 sys=0.01, real=0.02 secs] 
2020-09-29T18:00:22.641+0200: 19.032: [GC (Allocation Failure) [PSYoungGen: 612964K->24387K(638976K)] 616744K->28167K(2037248K), 0.0164206 secs] [Times: user=0.09 sys=0.00, real=0.02 secs] 
2020-09-29T18:00:22.712+0200: 19.103: [GC (Allocation Failure) [PSYoungGen: 603459K->27588K(638976K)] 607239K->31368K(2037248K), 0.0131426 secs] [Times: user=0.13 sys=0.00, real=0.01 secs] 
2020-09-29T18:00:22.775+0200: 19.166: [GC (Allocation Failure) [PSYoungGen: 606228K->30628K(641024K)] 610008K->34408K(2039296K), 0.0145101 secs] [Times: user=0.13 sys=0.00, real=0.01 secs] 
2020-09-29T18:00:22.840+0200: 19.231: [GC (Allocation Failure) [PSYoungGen: 612260K->51685K(633344K)] 616040K->55465K(2031616K), 0.0225322 secs] [Times: user=0.13 sys=0.00, real=0.02 secs] 
2020-09-29T18:00:22.913+0200: 19.303: [GC (Allocation Failure) [PSYoungGen: 633317K->30596K(638464K)] 637097K->34376K(2036736K), 0.0139715 secs] [Times: user=0.13 sys=0.00, real=0.01 secs] 
2020-09-29T18:00:22.981+0200: 19.372: [GC (Allocation Failure) [PSYoungGen: 607108K->32869K(636928K)] 610888K->36649K(2035200K), 0.0227127 secs] [Times: user=0.00 sys=0.00, real=0.02 secs] 
2020-09-29T18:00:23.056+0200: 19.447: [GC (Allocation Failure) [PSYoungGen: 609381K->34628K(642048K)] 613161K->38408K(2040320K), 0.0165730 secs] [Times: user=0.13 sys=0.00, real=0.02 secs] 
2020-09-29T18:00:23.126+0200: 19.516: [GC (Allocation Failure) [PSYoungGen: 617796K->43525K(640000K)] 621576K->47305K(2038272K), 0.0201755 secs] [Times: user=0.25 sys=0.00, real=0.02 secs] 
2020-09-29T18:00:23.200+0200: 19.591: [GC (Allocation Failure) [PSYoungGen: 626693K->25157K(641536K)] 630473K->28937K(2039808K), 0.0127198 secs] [Times: user=0.09 sys=0.00, real=0.01 secs] 
2020-09-29T18:00:23.271+0200: 19.661: [GC (Allocation Failure) [PSYoungGen: 609349K->33156K(641536K)] 613129K->36936K(2039808K), 0.0156771 secs] [Times: user=0.13 sys=0.00, real=0.02 secs] 
2020-09-29T18:00:23.342+0200: 19.732: [GC (Allocation Failure) [PSYoungGen: 617348K->43076K(642048K)] 621128K->46856K(2040320K), 0.0194554 secs] [Times: user=0.13 sys=0.00, real=0.02 secs] 
2020-09-29T18:00:23.412+0200: 19.802: [GC (Allocation Failure) [PSYoungGen: 629316K->41445K(642560K)] 633096K->45225K(2040832K), 0.0177689 secs] [Times: user=0.13 sys=0.00, real=0.02 secs] 
2020-09-29T18:00:23.481+0200: 19.872: [GC (Allocation Failure) [PSYoungGen: 627685K->39621K(643072K)] 631465K->43401K(2041344K), 0.0169598 secs] [Times: user=0.13 sys=0.00, real=0.02 secs] 
2020-09-29T18:00:23.549+0200: 19.940: [GC (Allocation Failure) [PSYoungGen: 626373K->37380K(642560K)] 630153K->41160K(2040832K), 0.0176167 secs] [Times: user=0.14 sys=0.00, real=0.02 secs] 
2020-09-29T18:00:23.621+0200: 20.011: [GC (Allocation Failure) [PSYoungGen: 624132K->36004K(646656K)] 627912K->39784K(2044928K), 0.0181382 secs] [Times: user=0.11 sys=0.00, real=0.02 secs] 
2020-09-29T18:00:23.691+0200: 20.081: [GC (Allocation Failure) [PSYoungGen: 628900K->40036K(645120K)] 632680K->43816K(2043392K), 0.0184949 secs] [Times: user=0.25 sys=0.00, real=0.02 secs] 
2020-09-29T18:00:23.764+0200: 20.154: [GC (Allocation Failure) [PSYoungGen: 632932K->44997K(644608K)] 636712K->48777K(2042880K), 0.0193450 secs] [Times: user=0.13 sys=0.00, real=0.02 secs] 
2020-09-29T18:00:23.836+0200: 20.226: [GC (Allocation Failure) [PSYoungGen: 637381K->47844K(640512K)] 641161K->51624K(2038784K), 0.0219968 secs] [Times: user=0.13 sys=0.00, real=0.02 secs] 
2020-09-29T18:00:23.908+0200: 20.299: [GC (Allocation Failure) [PSYoungGen: 640228K->38629K(644608K)] 644008K->42409K(2042880K), 0.0172793 secs] [Times: user=0.13 sys=0.00, real=0.02 secs] 
2020-09-29T18:00:23.980+0200: 20.370: [GC (Allocation Failure) [PSYoungGen: 627429K->39493K(643072K)] 631209K->43273K(2041344K), 0.0165325 secs] [Times: user=0.13 sys=0.00, real=0.02 secs] 
2020-09-29T18:00:24.049+0200: 20.440: [GC (Allocation Failure) [PSYoungGen: 628293K->40325K(647168K)] 632073K->44105K(2045440K), 0.0187252 secs] [Times: user=0.22 sys=0.00, real=0.02 secs] 
2020-09-29T18:00:24.122+0200: 20.513: [GC (Allocation Failure) [PSYoungGen: 634757K->33189K(646144K)] 638537K->36969K(2044416K), 0.0151736 secs] [Times: user=0.13 sys=0.00, real=0.02 secs] 
2020-09-29T18:00:24.194+0200: 20.584: [GC (Allocation Failure) [PSYoungGen: 627621K->25220K(645120K)] 631401K->29000K(2043392K), 0.0147209 secs] [Times: user=0.11 sys=0.00, real=0.01 secs] 
2020-09-29T18:00:24.262+0200: 20.653: [GC (Allocation Failure) [PSYoungGen: 618628K->30565K(646144K)] 622408K->34345K(2044416K), 0.0146474 secs] [Times: user=0.11 sys=0.00, real=0.01 secs] 
2020-09-29T18:00:24.329+0200: 20.719: [GC (Allocation Failure) [PSYoungGen: 623973K->35300K(648192K)] 627753K->39080K(2046464K), 0.0167966 secs] [Times: user=0.13 sys=0.00, real=0.02 secs] 
2020-09-29T18:00:24.396+0200: 20.787: [GC (Allocation Failure) [PSYoungGen: 631268K->15972K(612352K)] 635048K->19752K(2010624K), 0.0077448 secs] [Times: user=0.00 sys=0.00, real=0.01 secs] 
2020-09-29T18:00:24.457+0200: 20.848: [GC (Allocation Failure) [PSYoungGen: 611940K->23139K(645120K)] 615720K->26919K(2043392K), 0.0126799 secs] [Times: user=0.00 sys=0.00, real=0.01 secs] 
2020-09-29T18:00:24.537+0200: 20.927: [GC (Allocation Failure) [PSYoungGen: 615523K->26724K(645632K)] 619303K->30504K(2043904K), 0.0121516 secs] [Times: user=0.00 sys=0.00, real=0.01 secs] 
2020-09-29T18:00:24.610+0200: 21.001: [GC (Allocation Failure) [PSYoungGen: 619108K->44708K(641536K)] 622888K->48488K(2039808K), 0.0224428 secs] [Times: user=0.22 sys=0.00, real=0.02 secs] 
2020-09-29T18:00:24.685+0200: 21.076: [GC (Allocation Failure) [PSYoungGen: 634020K->29348K(644096K)] 637800K->33128K(2042368K), 0.0143841 secs] [Times: user=0.13 sys=0.00, real=0.02 secs] 
2020-09-29T18:00:24.757+0200: 21.147: [GC (Allocation Failure) [PSYoungGen: 618660K->44357K(641536K)] 622440K->48137K(2039808K), 0.0198380 secs] [Times: user=0.13 sys=0.00, real=0.02 secs] 
2020-09-29T18:00:24.829+0200: 21.219: [GC (Allocation Failure) [PSYoungGen: 632645K->31077K(643584K)] 636425K->34857K(2041856K), 0.0140243 secs] [Times: user=0.13 sys=0.00, real=0.01 secs] 
2020-09-29T18:00:24.897+0200: 21.288: [GC (Allocation Failure) [PSYoungGen: 619365K->45189K(640000K)] 623145K->48969K(2038272K), 0.0199758 secs] [Times: user=0.13 sys=0.00, real=0.02 secs] 
2020-09-29T18:00:24.974+0200: 21.365: [GC (Allocation Failure) [PSYoungGen: 631429K->43461K(629760K)] 635209K->47241K(2028032K), 0.0193221 secs] [Times: user=0.13 sys=0.00, real=0.02 secs] 
2020-09-29T18:00:25.045+0200: 21.435: [GC (Allocation Failure) [PSYoungGen: 629701K->27428K(642560K)] 633481K->31208K(2040832K), 0.0130812 secs] [Times: user=0.13 sys=0.00, real=0.01 secs] 
2020-09-29T18:00:25.116+0200: 21.506: [GC (Allocation Failure) [PSYoungGen: 612644K->38180K(641536K)] 616424K->41960K(2039808K), 0.0178547 secs] [Times: user=0.13 sys=0.00, real=0.02 secs] 
2020-09-29T18:00:25.186+0200: 21.577: [GC (Allocation Failure) [PSYoungGen: 623396K->49157K(637440K)] 627176K->52937K(2035712K), 0.0234314 secs] [Times: user=0.20 sys=0.00, real=0.02 secs] 
2020-09-29T18:00:25.264+0200: 21.655: [GC (Allocation Failure) [PSYoungGen: 631301K->29701K(640512K)] 635081K->33481K(2038784K), 0.0132690 secs] [Times: user=0.13 sys=0.00, real=0.01 secs] 
2020-09-29T18:00:25.331+0200: 21.722: [GC (Allocation Failure) [PSYoungGen: 611845K->37380K(643072K)] 615625K->41160K(2041344K), 0.0171274 secs] [Times: user=0.25 sys=0.00, real=0.02 secs] 
2020-09-29T18:00:25.399+0200: 21.789: [GC (Allocation Failure) [PSYoungGen: 622596K->33061K(641024K)] 626376K->36841K(2039296K), 0.0155582 secs] [Times: user=0.13 sys=0.00, real=0.02 secs] 
2020-09-29T18:00:25.464+0200: 21.855: [GC (Allocation Failure) [PSYoungGen: 618277K->42788K(643072K)] 622057K->46568K(2041344K), 0.0195355 secs] [Times: user=0.13 sys=0.00, real=0.02 secs] 
2020-09-29T18:00:25.536+0200: 21.926: [GC (Allocation Failure) [PSYoungGen: 631076K->43141K(631808K)] 634856K->46921K(2030080K), 0.0184322 secs] [Times: user=0.13 sys=0.00, real=0.02 secs] 
2020-09-29T18:00:25.615+0200: 22.006: [GC (Allocation Failure) [PSYoungGen: 631429K->42660K(643072K)] 635209K->46440K(2041344K), 0.0236042 secs] [Times: user=0.09 sys=0.00, real=0.02 secs] 
2020-09-29T18:00:25.693+0200: 22.084: [GC (Allocation Failure) [PSYoungGen: 629924K->42021K(643072K)] 633704K->45801K(2041344K), 0.0206631 secs] [Times: user=0.11 sys=0.00, real=0.02 secs] 
2020-09-29T18:00:25.768+0200: 22.159: [GC (Allocation Failure) [PSYoungGen: 629285K->55109K(633856K)] 633065K->58889K(2032128K), 0.0238309 secs] [Times: user=0.23 sys=0.00, real=0.02 secs] 
2020-09-29T18:00:25.846+0200: 22.237: [GC (Allocation Failure) [PSYoungGen: 633157K->45253K(638464K)] 636937K->49033K(2036736K), 0.0200910 secs] [Times: user=0.23 sys=0.00, real=0.02 secs] 
2020-09-29T18:00:25.921+0200: 22.312: [GC (Allocation Failure) [PSYoungGen: 623301K->32579K(639488K)] 627081K->36359K(2037760K), 0.0164715 secs] [Times: user=0.13 sys=0.00, real=0.02 secs] 
2020-09-29T18:00:25.992+0200: 22.383: [GC (Allocation Failure) [PSYoungGen: 611651K->20580K(600064K)] 615431K->24360K(1998336K), 0.0108077 secs] [Times: user=0.00 sys=0.00, real=0.01 secs] 
2020-09-29T18:00:26.060+0200: 22.451: [GC (Allocation Failure) [PSYoungGen: 599652K->24260K(637952K)] 603432K->28040K(2036224K), 0.0124617 secs] [Times: user=0.13 sys=0.00, real=0.01 secs] 
2020-09-29T18:00:26.130+0200: 22.520: [GC (Allocation Failure) [PSYoungGen: 601284K->40613K(637952K)] 605064K->44393K(2036224K), 0.0184647 secs] [Times: user=0.13 sys=0.00, real=0.02 secs] 
2020-09-29T18:00:26.202+0200: 22.593: [GC (Allocation Failure) [PSYoungGen: 617637K->28260K(639488K)] 621417K->32040K(2037760K), 0.0151402 secs] [Times: user=0.09 sys=0.00, real=0.02 secs] 
2020-09-29T18:00:26.271+0200: 22.662: [GC (Allocation Failure) [PSYoungGen: 607844K->18276K(638976K)] 611624K->22056K(2037248K), 0.0087981 secs] [Times: user=0.00 sys=0.00, real=0.01 secs] 
2020-09-29T18:00:26.340+0200: 22.731: [GC (Allocation Failure) [PSYoungGen: 597860K->37317K(640512K)] 601640K->41097K(2038784K), 0.0164283 secs] [Times: user=0.13 sys=0.00, real=0.02 secs] 
2020-09-29T18:00:26.413+0200: 22.804: [GC (Allocation Failure) [PSYoungGen: 617925K->28965K(638976K)] 621705K->32745K(2037248K), 0.0148290 secs] [Times: user=0.11 sys=0.00, real=0.01 secs] 
2020-09-29T18:00:26.481+0200: 22.872: [GC (Allocation Failure) [PSYoungGen: 609573K->48837K(635392K)] 613353K->52617K(2033664K), 0.0229781 secs] [Times: user=0.23 sys=0.00, real=0.02 secs] 
2020-09-29T18:00:26.559+0200: 22.950: [GC (Allocation Failure) [PSYoungGen: 626885K->39013K(638464K)] 630665K->42793K(2036736K), 0.0177648 secs] [Times: user=0.13 sys=0.00, real=0.02 secs] 
2020-09-29T18:00:26.631+0200: 23.022: [GC (Allocation Failure) [PSYoungGen: 617061K->29093K(641024K)] 620841K->32873K(2039296K), 0.0159121 secs] [Times: user=0.09 sys=0.00, real=0.02 secs] 
2020-09-29T18:00:26.703+0200: 23.094: [GC (Allocation Failure) [PSYoungGen: 610725K->22404K(639488K)] 614505K->26184K(2037760K), 0.0105941 secs] [Times: user=0.11 sys=0.00, real=0.01 secs] 
2020-09-29T18:00:26.772+0200: 23.163: [GC (Allocation Failure) [PSYoungGen: 604036K->28292K(642560K)] 607816K->32072K(2040832K), 0.0147587 secs] [Times: user=0.11 sys=0.00, real=0.01 secs] 
2020-09-29T18:00:26.842+0200: 23.232: [GC (Allocation Failure) [PSYoungGen: 612996K->19940K(641024K)] 616776K->23720K(2039296K), 0.0107190 secs] [Times: user=0.11 sys=0.00, real=0.01 secs] 
2020-09-29T18:00:26.914+0200: 23.305: [GC (Allocation Failure) [PSYoungGen: 604644K->44133K(638464K)] 608424K->47913K(2036736K), 0.0220278 secs] [Times: user=0.11 sys=0.00, real=0.02 secs] 
2020-09-29T18:00:26.991+0200: 23.382: [GC (Allocation Failure) [PSYoungGen: 626277K->37476K(640512K)] 630057K->41256K(2038784K), 0.0215530 secs] [Times: user=0.11 sys=0.00, real=0.02 secs] 
2020-09-29T18:00:27.069+0200: 23.459: [GC (Allocation Failure) [PSYoungGen: 619620K->45381K(637952K)] 623400K->49161K(2036224K), 0.0249805 secs] [Times: user=0.13 sys=0.00, real=0.03 secs] 
2020-09-29T18:00:27.151+0200: 23.542: [GC (Allocation Failure) [PSYoungGen: 625477K->23652K(639488K)] 629257K->27432K(2037760K), 0.0136541 secs] [Times: user=0.11 sys=0.00, real=0.01 secs] 
2020-09-29T18:00:27.222+0200: 23.613: [GC (Allocation Failure) [PSYoungGen: 603748K->43205K(637952K)] 607528K->46985K(2036224K), 0.0227129 secs] [Times: user=0.19 sys=0.00, real=0.02 secs] 
2020-09-29T18:00:27.303+0200: 23.694: [GC (Allocation Failure) [PSYoungGen: 622277K->48069K(627200K)] 626057K->51849K(2025472K), 0.0241101 secs] [Times: user=0.11 sys=0.00, real=0.02 secs] 
2020-09-29T18:00:27.378+0200: 23.769: [GC (Allocation Failure) [PSYoungGen: 627141K->39108K(637952K)] 630921K->42888K(2036224K), 0.0197955 secs] [Times: user=0.23 sys=0.02, real=0.02 secs] 
2020-09-29T18:00:27.448+0200: 23.839: [GC (Allocation Failure) [PSYoungGen: 614596K->39716K(636416K)] 618376K->43496K(2034688K), 0.0194518 secs] [Times: user=0.13 sys=0.00, real=0.02 secs] 
2020-09-29T18:00:27.521+0200: 23.911: [GC (Allocation Failure) [PSYoungGen: 615204K->25603K(639488K)] 618984K->29383K(2037760K), 0.0138519 secs] [Times: user=0.00 sys=0.00, real=0.01 secs] 
2020-09-29T18:00:27.587+0200: 23.978: [GC (Allocation Failure) [PSYoungGen: 605187K->44484K(624128K)] 608967K->48264K(2022400K), 0.0236010 secs] [Times: user=0.11 sys=0.00, real=0.02 secs] 
2020-09-29T18:00:27.663+0200: 24.054: [GC (Allocation Failure) [PSYoungGen: 624068K->36197K(641024K)] 627848K->39977K(2039296K), 0.0176811 secs] [Times: user=0.13 sys=0.00, real=0.02 secs] 
2020-09-29T18:00:27.733+0200: 24.124: [GC (Allocation Failure) [PSYoungGen: 616805K->42372K(638464K)] 620585K->46152K(2036736K), 0.0208837 secs] [Times: user=0.25 sys=0.00, real=0.02 secs] 
2020-09-29T18:00:27.807+0200: 24.197: [GC (Allocation Failure) [PSYoungGen: 622980K->19236K(639488K)] 626760K->23016K(2037760K), 0.0096389 secs] [Times: user=0.00 sys=0.00, real=0.01 secs] 
2020-09-29T18:00:27.874+0200: 24.265: [GC (Allocation Failure) [PSYoungGen: 600356K->25124K(640000K)] 604136K->28904K(2038272K), 0.0127815 secs] [Times: user=0.13 sys=0.00, real=0.01 secs] 
2020-09-29T18:00:27.945+0200: 24.336: [GC (Allocation Failure) [PSYoungGen: 606244K->45797K(636416K)] 610024K->49577K(2034688K), 0.0217195 secs] [Times: user=0.13 sys=0.00, real=0.02 secs] 
2020-09-29T18:00:28.019+0200: 24.410: [GC (Allocation Failure) [PSYoungGen: 623845K->35845K(638464K)] 627625K->39625K(2036736K), 0.0171592 secs] [Times: user=0.14 sys=0.00, real=0.02 secs] 
2020-09-29T18:00:28.091+0200: 24.482: [GC (Allocation Failure) [PSYoungGen: 613893K->9762K(636928K)] 617673K->13542K(2035200K), 0.0065631 secs] [Times: user=0.13 sys=0.00, real=0.01 secs] 
2020-09-29T18:00:28.161+0200: 24.552: [GC (Allocation Failure) [PSYoungGen: 588834K->28229K(638976K)] 592614K->32009K(2037248K), 0.0130560 secs] [Times: user=0.00 sys=0.00, real=0.01 secs] 
2020-09-29T18:00:28.230+0200: 24.621: [GC (Allocation Failure) [PSYoungGen: 607301K->32420K(643072K)] 611081K->36200K(2041344K), 0.0172058 secs] [Times: user=0.13 sys=0.00, real=0.02 secs] 
2020-09-29T18:00:28.305+0200: 24.696: [GC (Allocation Failure) [PSYoungGen: 617124K->25315K(640512K)] 620904K->29095K(2038784K), 0.0145486 secs] [Times: user=0.13 sys=0.00, real=0.01 secs] 
2020-09-29T18:00:28.375+0200: 24.766: [GC (Allocation Failure) [PSYoungGen: 610019K->49253K(635904K)] 613799K->53033K(2034176K), 0.0225356 secs] [Times: user=0.25 sys=0.00, real=0.02 secs] 
2020-09-29T18:00:28.450+0200: 24.841: [GC (Allocation Failure) [PSYoungGen: 630373K->42437K(623616K)] 634153K->46217K(2021888K), 0.0201611 secs] [Times: user=0.13 sys=0.00, real=0.02 secs] 
2020-09-29T18:00:28.522+0200: 24.913: [GC (Allocation Failure) [PSYoungGen: 623557K->49221K(633344K)] 627337K->53001K(2031616K), 0.0232415 secs] [Times: user=0.13 sys=0.00, real=0.02 secs] 
2020-09-29T18:00:28.597+0200: 24.988: [GC (Allocation Failure) [PSYoungGen: 623173K->35301K(636416K)] 626953K->39081K(2034688K), 0.0177360 secs] [Times: user=0.22 sys=0.00, real=0.02 secs] 
2020-09-29T18:00:28.668+0200: 25.059: [GC (Allocation Failure) [PSYoungGen: 609253K->48645K(633856K)] 613033K->52425K(2032128K), 0.0222386 secs] [Times: user=0.13 sys=0.00, real=0.02 secs] 
2020-09-29T18:00:28.743+0200: 25.134: [GC (Allocation Failure) [PSYoungGen: 622597K->48421K(622592K)] 626377K->52201K(2020864K), 0.0226584 secs] [Times: user=0.13 sys=0.00, real=0.02 secs] 
2020-09-29T18:00:28.816+0200: 25.207: [GC (Allocation Failure) [PSYoungGen: 622373K->48197K(632832K)] 626153K->51977K(2031104K), 0.0227951 secs] [Times: user=0.20 sys=0.00, real=0.02 secs] 
2020-09-29T18:00:28.888+0200: 25.279: [GC (Allocation Failure) [PSYoungGen: 617029K->56453K(625664K)] 620809K->60233K(2023936K), 0.0259310 secs] [Times: user=0.25 sys=0.00, real=0.03 secs] 
2020-09-29T18:00:28.965+0200: 25.356: [GC (Allocation Failure) [PSYoungGen: 625285K->22659K(629760K)] 629065K->26439K(2028032K), 0.0127801 secs] [Times: user=0.13 sys=0.00, real=0.01 secs] 
2020-09-29T18:00:29.039+0200: 25.429: [GC (Allocation Failure) [PSYoungGen: 583299K->36324K(629760K)] 587079K->40104K(2028032K), 0.0186075 secs] [Times: user=0.13 sys=0.00, real=0.02 secs] 
2020-09-29T18:00:29.108+0200: 25.499: [GC (Allocation Failure) [PSYoungGen: 596964K->50053K(629760K)] 600744K->53833K(2028032K), 0.0236115 secs] [Times: user=0.25 sys=0.00, real=0.02 secs] 
2020-09-29T18:00:29.181+0200: 25.572: [GC (Allocation Failure) [PSYoungGen: 612741K->36804K(630784K)] 616521K->40584K(2029056K), 0.0200670 secs] [Times: user=0.11 sys=0.00, real=0.02 secs] 
2020-09-29T18:00:29.252+0200: 25.643: [GC (Allocation Failure) [PSYoungGen: 599492K->38853K(635392K)] 603272K->42633K(2033664K), 0.0179475 secs] [Times: user=0.25 sys=0.00, real=0.02 secs] 
2020-09-29T18:00:29.328+0200: 25.719: [GC (Allocation Failure) [PSYoungGen: 608197K->47717K(632832K)] 611977K->51497K(2031104K), 0.0225007 secs] [Times: user=0.25 sys=0.00, real=0.02 secs] 
2020-09-29T18:00:29.399+0200: 25.790: [GC (Allocation Failure) [PSYoungGen: 617061K->27779K(634880K)] 620841K->31559K(2033152K), 0.0153558 secs] [Times: user=0.13 sys=0.00, real=0.02 secs] 
2020-09-29T18:00:29.470+0200: 25.861: [GC (Allocation Failure) [PSYoungGen: 598659K->38053K(634880K)] 602439K->41833K(2033152K), 0.0179499 secs] [Times: user=0.09 sys=0.00, real=0.02 secs] 
2020-09-29T18:00:29.552+0200: 25.943: [GC (Allocation Failure) [PSYoungGen: 608333K->17187K(634368K)] 612113K->20967K(2032640K), 0.0105276 secs] [Times: user=0.00 sys=0.00, real=0.01 secs] 
2020-09-29T18:00:29.614+0200: 26.005: [GC (Allocation Failure) [PSYoungGen: 590115K->29541K(635904K)] 593895K->33321K(2034176K), 0.0139646 secs] [Times: user=0.00 sys=0.00, real=0.01 secs] 
2020-09-29T18:00:29.684+0200: 26.074: [GC (Allocation Failure) [PSYoungGen: 602469K->41892K(637440K)] 606249K->45672K(2035712K), 0.0203180 secs] [Times: user=0.13 sys=0.00, real=0.02 secs] 
2020-09-29T18:00:29.758+0200: 26.149: [GC (Allocation Failure) [PSYoungGen: 617380K->43077K(636928K)] 621160K->46857K(2035200K), 0.0198578 secs] [Times: user=0.13 sys=0.00, real=0.02 secs] 
2020-09-29T18:00:29.832+0200: 26.223: [GC (Allocation Failure) [PSYoungGen: 618565K->26979K(638464K)] 622345K->30759K(2036736K), 0.0149019 secs] [Times: user=0.00 sys=0.00, real=0.01 secs] 
2020-09-29T18:00:29.897+0200: 26.288: [GC (Allocation Failure) [PSYoungGen: 604003K->29476K(637440K)] 607783K->33256K(2035712K), 0.0154262 secs] [Times: user=0.13 sys=0.00, real=0.01 secs] 
2020-09-29T18:00:29.970+0200: 26.361: [GC (Allocation Failure) [PSYoungGen: 606500K->45957K(636416K)] 610280K->49737K(2034688K), 0.0223783 secs] [Times: user=0.23 sys=0.00, real=0.02 secs] 
2020-09-29T18:00:30.046+0200: 26.437: [GC (Allocation Failure) [PSYoungGen: 622981K->46853K(624128K)] 626761K->50633K(2022400K), 0.0226536 secs] [Times: user=0.22 sys=0.00, real=0.02 secs] 
2020-09-29T18:00:30.121+0200: 26.512: [GC (Allocation Failure) [PSYoungGen: 623877K->49701K(632320K)] 627657K->53481K(2030592K), 0.0235292 secs] [Times: user=0.13 sys=0.00, real=0.02 secs] 
2020-09-29T18:00:30.199+0200: 26.590: [GC (Allocation Failure) [PSYoungGen: 619557K->45221K(634368K)] 623337K->49001K(2032640K), 0.0226242 secs] [Times: user=0.11 sys=0.00, real=0.02 secs] 
2020-09-29T18:00:30.273+0200: 26.664: [GC (Allocation Failure) [PSYoungGen: 615077K->40676K(636928K)] 618857K->44456K(2035200K), 0.0203790 secs] [Times: user=0.13 sys=0.00, real=0.02 secs] 
2020-09-29T18:00:30.343+0200: 26.734: [GC (Allocation Failure) [PSYoungGen: 613604K->39333K(634880K)] 617384K->43113K(2033152K), 0.0179043 secs] [Times: user=0.13 sys=0.00, real=0.02 secs] 
2020-09-29T18:00:30.411+0200: 26.802: [GC (Allocation Failure) [PSYoungGen: 612261K->51653K(633856K)] 616041K->55433K(2032128K), 0.0241716 secs] [Times: user=0.13 sys=0.00, real=0.02 secs] 
2020-09-29T18:00:30.485+0200: 26.876: [GC (Allocation Failure) [PSYoungGen: 625605K->37669K(636416K)] 629385K->41449K(2034688K), 0.0180118 secs] [Times: user=0.13 sys=0.00, real=0.02 secs] 
2020-09-29T18:00:30.553+0200: 26.944: [GC (Allocation Failure) [PSYoungGen: 611621K->22277K(635904K)] 615401K->26057K(2034176K), 0.0106679 secs] [Times: user=0.00 sys=0.00, real=0.01 secs] 
2020-09-29T18:00:30.618+0200: 27.009: [GC (Allocation Failure) [PSYoungGen: 597253K->21828K(596992K)] 601033K->25608K(1995264K), 0.0125927 secs] [Times: user=0.11 sys=0.00, real=0.01 secs] 
2020-09-29T18:00:30.689+0200: 27.080: [GC (Allocation Failure) [PSYoungGen: 596804K->34404K(638464K)] 600584K->38184K(2036736K), 0.0170327 secs] [Times: user=0.13 sys=0.00, real=0.02 secs] 
2020-09-29T18:00:30.759+0200: 27.150: [GC (Allocation Failure) [PSYoungGen: 610404K->36165K(636416K)] 614184K->39945K(2034688K), 0.0178541 secs] [Times: user=0.13 sys=0.00, real=0.02 secs] 
2020-09-29T18:00:30.832+0200: 27.223: [GC (Allocation Failure) [PSYoungGen: 612165K->37893K(642560K)] 615945K->41673K(2040832K), 0.0179134 secs] [Times: user=0.13 sys=0.00, real=0.02 secs] 
2020-09-29T18:00:30.907+0200: 27.298: [GC (Allocation Failure) [PSYoungGen: 622085K->47973K(632320K)] 625865K->51753K(2030592K), 0.0223546 secs] [Times: user=0.25 sys=0.00, real=0.02 secs] 
2020-09-29T18:00:30.984+0200: 27.375: [GC (Allocation Failure) [PSYoungGen: 632165K->30565K(641024K)] 635945K->34345K(2039296K), 0.0152489 secs] [Times: user=0.13 sys=0.00, real=0.02 secs] 
2020-09-29T18:00:31.054+0200: 27.445: [GC (Allocation Failure) [PSYoungGen: 612709K->38469K(640000K)] 616489K->42249K(2038272K), 0.0184056 secs] [Times: user=0.13 sys=0.00, real=0.02 secs] 
2020-09-29T18:00:31.124+0200: 27.514: [GC (Allocation Failure) [PSYoungGen: 620613K->32677K(643584K)] 624393K->36457K(2041856K), 0.0164709 secs] [Times: user=0.13 sys=0.00, real=0.02 secs] 
2020-09-29T18:00:31.194+0200: 27.584: [GC (Allocation Failure) [PSYoungGen: 619941K->29444K(642560K)] 623721K->33224K(2040832K), 0.0175606 secs] [Times: user=0.11 sys=0.00, real=0.02 secs] 
2020-09-29T18:00:31.266+0200: 27.656: [GC (Allocation Failure) [PSYoungGen: 616708K->28548K(644608K)] 620488K->32328K(2042880K), 0.0144725 secs] [Times: user=0.13 sys=0.00, real=0.01 secs] 
2020-09-29T18:00:31.342+0200: 27.732: [GC (Allocation Failure) [PSYoungGen: 618372K->43524K(633856K)] 622152K->47304K(2032128K), 0.0220897 secs] [Times: user=0.13 sys=0.02, real=0.02 secs] 
2020-09-29T18:00:31.417+0200: 27.807: [GC (Allocation Failure) [PSYoungGen: 633348K->16452K(640512K)] 637128K->20232K(2038784K), 0.0082274 secs] [Times: user=0.00 sys=0.00, real=0.01 secs] 
2020-09-29T18:00:31.475+0200: 27.865: [GC (Allocation Failure) [PSYoungGen: 601668K->39620K(642048K)] 605448K->43400K(2040320K), 0.0196645 secs] [Times: user=0.13 sys=0.00, real=0.02 secs] 
2020-09-29T18:00:31.549+0200: 27.939: [GC (Allocation Failure) [PSYoungGen: 624836K->36901K(643584K)] 628616K->40681K(2041856K), 0.0175128 secs] [Times: user=0.13 sys=0.00, real=0.02 secs] 
2020-09-29T18:00:31.625+0200: 28.015: [GC (Allocation Failure) [PSYoungGen: 624165K->21411K(642560K)] 627945K->25191K(2040832K), 0.0127249 secs] [Times: user=0.11 sys=0.00, real=0.01 secs] 
2020-09-29T18:00:31.696+0200: 28.086: [GC (Allocation Failure) [PSYoungGen: 608675K->48133K(636416K)] 612455K->51913K(2034688K), 0.0221692 secs] [Times: user=0.13 sys=0.00, real=0.02 secs] 
2020-09-29T18:00:31.770+0200: 28.160: [GC (Allocation Failure) [PSYoungGen: 629253K->41349K(640000K)] 633033K->45129K(2038272K), 0.0198120 secs] [Times: user=0.25 sys=0.00, real=0.02 secs] 
2020-09-29T18:00:31.841+0200: 28.232: [GC (Allocation Failure) [PSYoungGen: 622469K->34565K(642048K)] 626249K->38345K(2040320K), 0.0162875 secs] [Times: user=0.13 sys=0.00, real=0.02 secs] 
2020-09-29T18:00:31.909+0200: 28.299: [GC (Allocation Failure) [PSYoungGen: 617733K->43493K(640000K)] 621513K->47273K(2038272K), 0.0154767 secs] [Times: user=0.13 sys=0.00, real=0.02 secs] 
2020-09-29T18:00:31.974+0200: 28.364: [GC (Allocation Failure) [PSYoungGen: 626661K->23525K(641536K)] 630441K->27305K(2039808K), 0.0085958 secs] [Times: user=0.00 sys=0.00, real=0.01 secs] 
2020-09-29T18:00:32.033+0200: 28.423: [GC (Allocation Failure) [PSYoungGen: 607717K->47173K(631808K)] 611497K->50953K(2030080K), 0.0159222 secs] [Times: user=0.13 sys=0.00, real=0.02 secs] 
2020-09-29T18:00:32.102+0200: 28.492: [GC (Allocation Failure) [PSYoungGen: 631365K->29413K(640000K)] 635145K->33193K(2038272K), 0.0100696 secs] [Times: user=0.00 sys=0.00, real=0.01 secs] 
2020-09-29T18:00:32.162+0200: 28.553: [GC (Allocation Failure) [PSYoungGen: 609509K->33700K(638976K)] 613289K->37480K(2037248K), 0.0130499 secs] [Times: user=0.00 sys=0.00, real=0.01 secs] 
2020-09-29T18:00:32.231+0200: 28.621: [GC (Allocation Failure) [PSYoungGen: 613796K->53253K(632832K)] 617576K->57033K(2031104K), 0.0181937 secs] [Times: user=0.13 sys=0.00, real=0.02 secs] 
2020-09-29T18:00:32.300+0200: 28.690: [GC (Allocation Failure) [PSYoungGen: 629253K->27268K(637440K)] 633033K->31048K(2035712K), 0.0125370 secs] [Times: user=0.11 sys=0.00, real=0.01 secs] 
2020-09-29T18:00:32.363+0200: 28.753: [GC (Allocation Failure) [PSYoungGen: 603268K->42725K(638464K)] 607048K->46505K(2036736K), 0.0147616 secs] [Times: user=0.13 sys=0.00, real=0.01 secs] 
2020-09-29T18:00:32.427+0200: 28.817: [GC (Allocation Failure) [PSYoungGen: 620773K->32804K(638464K)] 624553K->36584K(2036736K), 0.0121978 secs] [Times: user=0.00 sys=0.00, real=0.01 secs] 
2020-09-29T18:00:32.492+0200: 28.882: [GC (Allocation Failure) [PSYoungGen: 610852K->36613K(642048K)] 614632K->40393K(2040320K), 0.0120759 secs] [Times: user=0.00 sys=0.00, real=0.01 secs] 
2020-09-29T18:00:32.556+0200: 28.946: [GC (Allocation Failure) [PSYoungGen: 619781K->45573K(640000K)] 623561K->49353K(2038272K), 0.0305325 secs] [Times: user=0.25 sys=0.00, real=0.03 secs] 
2020-09-29T18:00:32.641+0200: 29.031: [GC (Allocation Failure) [PSYoungGen: 628741K->40773K(641536K)] 632521K->44553K(2039808K), 0.0155265 secs] [Times: user=0.11 sys=0.00, real=0.01 secs] 
2020-09-29T18:00:32.707+0200: 29.097: [GC (Allocation Failure) [PSYoungGen: 624453K->35396K(641024K)] 628233K->39176K(2039296K), 0.0127272 secs] [Times: user=0.13 sys=0.00, real=0.01 secs] 
2020-09-29T18:00:32.774+0200: 29.164: [GC (Allocation Failure) [PSYoungGen: 619076K->44837K(641024K)] 622856K->48617K(2039296K), 0.0146933 secs] [Times: user=0.13 sys=0.00, real=0.01 secs] 
2020-09-29T18:00:32.840+0200: 29.230: [GC (Allocation Failure) [PSYoungGen: 630053K->28485K(642048K)] 633833K->32265K(2040320K), 0.0104111 secs] [Times: user=0.13 sys=0.00, real=0.01 secs] 
2020-09-29T18:00:32.902+0200: 29.292: [GC (Allocation Failure) [PSYoungGen: 613701K->24419K(641536K)] 617481K->28199K(2039808K), 0.0101580 secs] [Times: user=0.13 sys=0.00, real=0.01 secs] 
2020-09-29T18:00:32.965+0200: 29.355: [GC (Allocation Failure) [PSYoungGen: 609635K->48133K(633856K)] 613415K->51913K(2032128K), 0.0165174 secs] [Times: user=0.13 sys=0.00, real=0.02 secs] 
2020-09-29T18:00:33.033+0200: 29.423: [GC (Allocation Failure) [PSYoungGen: 633349K->29060K(640512K)] 637129K->32840K(2038784K), 0.0114799 secs] [Times: user=0.13 sys=0.00, real=0.01 secs] 
2020-09-29T18:00:33.095+0200: 29.485: [GC (Allocation Failure) [PSYoungGen: 610180K->34820K(639488K)] 613960K->38600K(2037760K), 0.0136670 secs] [Times: user=0.13 sys=0.00, real=0.01 secs] 
2020-09-29T18:00:33.160+0200: 29.550: [GC (Allocation Failure) [PSYoungGen: 615940K->41637K(642560K)] 619720K->45417K(2040832K), 0.0143288 secs] [Times: user=0.13 sys=0.00, real=0.01 secs] 
2020-09-29T18:00:33.229+0200: 29.619: [GC (Allocation Failure) [PSYoungGen: 627877K->24899K(611328K)] 631657K->28679K(2009600K), 0.0102890 secs] [Times: user=0.13 sys=0.00, real=0.01 secs] 
2020-09-29T18:00:33.292+0200: 29.682: [GC (Allocation Failure) [PSYoungGen: 611139K->36869K(644096K)] 614919K->40649K(2042368K), 0.0132427 secs] [Times: user=0.13 sys=0.00, real=0.01 secs] 
2020-09-29T18:00:33.357+0200: 29.747: [GC (Allocation Failure) [PSYoungGen: 624133K->34341K(642048K)] 627913K->38121K(2040320K), 0.0122634 secs] [Times: user=0.13 sys=0.00, real=0.01 secs] 
2020-09-29T18:00:33.421+0200: 29.811: [GC (Allocation Failure) [PSYoungGen: 621605K->47365K(640512K)] 625385K->51145K(2038784K), 0.0164551 secs] [Times: user=0.13 sys=0.00, real=0.02 secs] 
2020-09-29T18:00:33.488+0200: 29.878: [GC (Allocation Failure) [PSYoungGen: 634629K->32837K(643072K)] 638409K->36617K(2041344K), 0.0117955 secs] [Times: user=0.13 sys=0.00, real=0.01 secs] 
2020-09-29T18:00:33.552+0200: 29.942: [GC (Allocation Failure) [PSYoungGen: 620101K->45925K(641024K)] 623881K->49705K(2039296K), 0.0158454 secs] [Times: user=0.13 sys=0.00, real=0.02 secs] 
2020-09-29T18:00:33.622+0200: 30.012: [GC (Allocation Failure) [PSYoungGen: 632165K->41764K(642560K)] 635945K->45544K(2040832K), 0.0148604 secs] [Times: user=0.13 sys=0.00, real=0.02 secs] 
2020-09-29T18:00:33.687+0200: 30.077: [GC (Allocation Failure) [PSYoungGen: 628004K->26405K(642560K)] 631784K->30185K(2040832K), 0.0094529 secs] [Times: user=0.13 sys=0.00, real=0.01 secs] 
2020-09-29T18:00:33.748+0200: 30.139: [GC (Allocation Failure) [PSYoungGen: 612645K->38340K(642560K)] 616425K->42120K(2040832K), 0.0145797 secs] [Times: user=0.13 sys=0.00, real=0.02 secs] 
2020-09-29T18:00:33.819+0200: 30.209: [GC (Allocation Failure) [PSYoungGen: 624580K->36741K(645632K)] 628360K->40521K(2043904K), 0.0162213 secs] [Times: user=0.13 sys=0.00, real=0.02 secs] 
2020-09-29T18:00:33.890+0200: 30.280: [GC (Allocation Failure) [PSYoungGen: 627589K->39621K(644096K)] 631369K->43401K(2042368K), 0.0159060 secs] [Times: user=0.11 sys=0.00, real=0.02 secs] 
2020-09-29T18:00:33.959+0200: 30.350: [GC (Allocation Failure) [PSYoungGen: 630469K->42565K(645120K)] 634249K->46345K(2043392K), 0.0170906 secs] [Times: user=0.13 sys=0.00, real=0.02 secs] 
2020-09-29T18:00:34.029+0200: 30.419: [GC (Allocation Failure) [PSYoungGen: 634949K->47109K(640000K)] 638729K->50889K(2038272K), 0.0164848 secs] [Times: user=0.13 sys=0.00, real=0.02 secs] 
2020-09-29T18:00:34.099+0200: 30.489: [GC (Allocation Failure) [PSYoungGen: 639493K->36228K(645120K)] 643273K->40008K(2043392K), 0.0168925 secs] [Times: user=0.11 sys=0.00, real=0.02 secs] 
2020-09-29T18:00:34.171+0200: 30.561: [GC (Allocation Failure) [PSYoungGen: 626052K->23812K(643584K)] 629832K->27592K(2041856K), 0.0100464 secs] [Times: user=0.11 sys=0.00, real=0.01 secs] 
2020-09-29T18:00:34.235+0200: 30.625: [GC (Allocation Failure) [PSYoungGen: 613636K->39301K(645120K)] 617416K->43081K(2043392K), 0.0132636 secs] [Times: user=0.13 sys=0.00, real=0.01 secs] 
2020-09-29T18:00:34.301+0200: 30.691: [GC (Allocation Failure) [PSYoungGen: 629637K->27588K(644096K)] 633417K->31368K(2042368K), 0.0102969 secs] [Times: user=0.13 sys=0.00, real=0.01 secs] 
2020-09-29T18:00:34.365+0200: 30.755: [GC (Allocation Failure) [PSYoungGen: 617924K->43653K(643072K)] 621704K->47433K(2041344K), 0.0155351 secs] [Times: user=0.13 sys=0.00, real=0.02 secs] 
2020-09-29T18:00:34.431+0200: 30.821: [GC (Allocation Failure) [PSYoungGen: 632965K->15554K(605184K)] 636745K->19334K(2003456K), 0.0079410 secs] [Times: user=0.00 sys=0.00, real=0.01 secs] 
2020-09-29T18:00:34.491+0200: 30.881: [GC (Allocation Failure) [PSYoungGen: 604866K->30693K(643584K)] 608646K->34473K(2041856K), 0.0114467 secs] [Times: user=0.00 sys=0.00, real=0.01 secs] 
2020-09-29T18:00:34.553+0200: 30.943: [GC (Allocation Failure) [PSYoungGen: 617445K->28324K(642048K)] 621225K->32104K(2040320K), 0.0107022 secs] [Times: user=0.00 sys=0.00, real=0.01 secs] 
2020-09-29T18:00:34.623+0200: 31.013: [GC (Allocation Failure) [PSYoungGen: 615076K->26885K(645632K)] 618856K->30665K(2043904K), 0.0118888 secs] [Times: user=0.09 sys=0.00, real=0.01 secs] 
2020-09-29T18:00:34.687+0200: 31.077: [GC (Allocation Failure) [PSYoungGen: 618245K->42500K(634368K)] 622025K->46280K(2032640K), 0.0155124 secs] [Times: user=0.13 sys=0.00, real=0.02 secs] 
2020-09-29T18:00:34.753+0200: 31.143: [GC (Allocation Failure) [PSYoungGen: 633860K->16228K(642048K)] 637640K->20008K(2040320K), 0.0062106 secs] [Times: user=0.13 sys=0.00, real=0.01 secs] 
2020-09-29T18:00:34.812+0200: 31.202: [GC (Allocation Failure) [PSYoungGen: 603492K->27716K(643072K)] 607272K->31496K(2041344K), 0.0105131 secs] [Times: user=0.13 sys=0.00, real=0.01 secs] 
2020-09-29T18:00:34.876+0200: 31.266: [GC (Allocation Failure) [PSYoungGen: 614980K->27044K(646144K)] 618760K->30824K(2044416K), 0.0106579 secs] [Times: user=0.13 sys=0.00, real=0.01 secs] 
2020-09-29T18:00:34.937+0200: 31.327: [GC (Allocation Failure) [PSYoungGen: 618916K->30276K(644608K)] 622696K->34056K(2042880K), 0.0107643 secs] [Times: user=0.13 sys=0.00, real=0.01 secs] 
2020-09-29T18:00:35.000+0200: 31.390: [GC (Allocation Failure) [PSYoungGen: 622148K->34213K(648704K)] 625928K->37993K(2046976K), 0.0112048 secs] [Times: user=0.13 sys=0.00, real=0.01 secs] 
2020-09-29T18:00:35.067+0200: 31.457: [GC (Allocation Failure) [PSYoungGen: 632229K->16965K(648192K)] 636009K->20745K(2046464K), 0.0053375 secs] [Times: user=0.08 sys=0.00, real=0.01 secs] 
2020-09-29T18:00:35.124+0200: 31.515: [GC (Allocation Failure) [PSYoungGen: 614981K->40292K(645120K)] 618761K->44072K(2043392K), 0.0152695 secs] [Times: user=0.13 sys=0.00, real=0.02 secs] 
2020-09-29T18:00:35.193+0200: 31.583: [GC (Allocation Failure) [PSYoungGen: 634724K->33157K(646656K)] 638504K->36937K(2044928K), 0.0161626 secs] [Times: user=0.09 sys=0.00, real=0.02 secs] 
2020-09-29T18:00:35.262+0200: 31.652: [GC (Allocation Failure) [PSYoungGen: 627589K->39717K(645632K)] 631369K->43497K(2043904K), 0.0140140 secs] [Times: user=0.13 sys=0.00, real=0.02 secs] 
2020-09-29T18:00:35.342+0200: 31.732: [GC (Allocation Failure) [PSYoungGen: 634149K->30916K(646656K)] 637929K->34696K(2044928K), 0.0117352 secs] [Times: user=0.13 sys=0.00, real=0.01 secs] 
2020-09-29T18:00:35.408+0200: 31.798: [GC (Allocation Failure) [PSYoungGen: 625348K->22210K(648704K)] 629128K->25990K(2046976K), 0.0094843 secs] [Times: user=0.13 sys=0.00, real=0.01 secs] 
2020-09-29T18:00:35.468+0200: 31.858: [GC (Allocation Failure) [PSYoungGen: 620226K->14050K(612352K)] 624006K->17830K(2010624K), 0.0070061 secs] [Times: user=0.13 sys=0.00, real=0.01 secs] 
2020-09-29T18:00:35.526+0200: 31.916: [GC (Allocation Failure) [PSYoungGen: 612066K->37252K(645632K)] 615846K->41032K(2043904K), 0.0133912 secs] [Times: user=0.13 sys=0.00, real=0.01 secs] 
2020-09-29T18:00:35.596+0200: 31.986: [GC (Allocation Failure) [PSYoungGen: 631684K->43781K(638464K)] 635464K->47561K(2036736K), 0.0192758 secs] [Times: user=0.19 sys=0.00, real=0.02 secs] 
2020-09-29T18:00:35.671+0200: 32.061: [GC (Allocation Failure) [PSYoungGen: 638213K->35237K(644608K)] 641993K->39017K(2042880K), 0.0145958 secs] [Times: user=0.13 sys=0.00, real=0.02 secs] 
2020-09-29T18:00:35.739+0200: 32.129: [GC (Allocation Failure) [PSYoungGen: 625061K->21093K(644096K)] 628841K->24873K(2042368K), 0.0082939 secs] [Times: user=0.00 sys=0.00, real=0.01 secs] 
2020-09-29T18:00:35.798+0200: 32.188: [GC (Allocation Failure) [PSYoungGen: 610917K->19907K(645632K)] 614697K->23687K(2043904K), 0.0083236 secs] [Times: user=0.13 sys=0.00, real=0.01 secs] 
2020-09-29T18:00:35.857+0200: 32.248: [GC (Allocation Failure) [PSYoungGen: 611779K->37541K(645120K)] 615559K->41321K(2043392K), 0.0134624 secs] [Times: user=0.13 sys=0.00, real=0.01 secs] 
2020-09-29T18:00:35.925+0200: 32.315: [GC (Allocation Failure) [PSYoungGen: 629413K->23299K(646144K)] 633193K->27079K(2044416K), 0.0095532 secs] [Times: user=0.13 sys=0.00, real=0.01 secs] 
2020-09-29T18:00:35.985+0200: 32.376: [GC (Allocation Failure) [PSYoungGen: 615683K->41477K(634368K)] 619463K->45257K(2032640K), 0.0136854 secs] [Times: user=0.13 sys=0.00, real=0.01 secs] 
2020-09-29T18:00:36.050+0200: 32.440: [GC (Allocation Failure) [PSYoungGen: 633861K->32261K(646144K)] 637641K->36041K(2044416K), 0.0112436 secs] [Times: user=0.13 sys=0.00, real=0.01 secs] 
2020-09-29T18:00:36.113+0200: 32.503: [GC (Allocation Failure) [PSYoungGen: 623621K->32772K(644096K)] 627401K->36552K(2042368K), 0.0121494 secs] [Times: user=0.13 sys=0.00, real=0.01 secs] 
2020-09-29T18:00:36.179+0200: 32.569: [GC (Allocation Failure) [PSYoungGen: 624132K->36133K(647680K)] 627912K->39913K(2045952K), 0.0155583 secs] [Times: user=0.11 sys=0.00, real=0.02 secs] 
2020-09-29T18:00:36.253+0200: 32.643: [GC (Allocation Failure) [PSYoungGen: 632613K->44741K(641536K)] 636393K->48521K(2039808K), 0.0148914 secs] [Times: user=0.13 sys=0.00, real=0.01 secs] 
2020-09-29T18:00:36.319+0200: 32.709: [GC (Allocation Failure) [PSYoungGen: 641221K->37764K(645120K)] 645001K->41544K(2043392K), 0.0137058 secs] [Times: user=0.13 sys=0.00, real=0.01 secs] 
2020-09-29T18:00:36.388+0200: 32.778: [GC (Allocation Failure) [PSYoungGen: 628612K->24260K(644608K)] 632392K->28040K(2042880K), 0.0092571 secs] [Times: user=0.13 sys=0.00, real=0.01 secs] 
2020-09-29T18:00:36.455+0200: 32.845: [GC (Allocation Failure) [PSYoungGen: 615108K->39492K(644608K)] 618888K->43272K(2042880K), 0.0144207 secs] [Times: user=0.13 sys=0.00, real=0.01 secs] 
2020-09-29T18:00:36.520+0200: 32.910: [GC (Allocation Failure) [PSYoungGen: 630852K->42949K(634368K)] 634632K->46729K(2032640K), 0.0146928 secs] [Times: user=0.00 sys=0.00, real=0.01 secs] 
2020-09-29T18:00:36.586+0200: 32.976: [GC (Allocation Failure) [PSYoungGen: 634309K->16195K(641536K)] 638089K->19975K(2039808K), 0.0071448 secs] [Times: user=0.00 sys=0.00, real=0.01 secs] 
2020-09-29T18:00:36.645+0200: 33.036: [GC (Allocation Failure) [PSYoungGen: 602435K->27269K(642560K)] 606215K->31049K(2040832K), 0.0106569 secs] [Times: user=0.00 sys=0.00, real=0.01 secs] 
2020-09-29T18:00:36.706+0200: 33.097: [GC (Allocation Failure) [PSYoungGen: 613509K->39237K(643072K)] 617289K->43017K(2041344K), 0.0137791 secs] [Times: user=0.13 sys=0.00, real=0.01 secs] 
2020-09-29T18:00:36.771+0200: 33.161: [GC (Allocation Failure) [PSYoungGen: 627525K->39364K(627712K)] 631305K->43144K(2025984K), 0.0136725 secs] [Times: user=0.00 sys=0.00, real=0.01 secs] 
2020-09-29T18:00:36.837+0200: 33.227: [GC (Allocation Failure) [PSYoungGen: 627652K->39749K(643072K)] 631432K->43529K(2041344K), 0.0143048 secs] [Times: user=0.13 sys=0.00, real=0.01 secs] 
2020-09-29T18:00:36.912+0200: 33.302: [GC (Allocation Failure) [PSYoungGen: 627013K->38821K(643072K)] 630793K->42601K(2041344K), 0.0136678 secs] [Times: user=0.00 sys=0.00, real=0.01 secs] 
2020-09-29T18:00:36.980+0200: 33.370: [GC (Allocation Failure) [PSYoungGen: 626085K->37925K(644096K)] 629865K->41705K(2042368K), 0.0128296 secs] [Times: user=0.13 sys=0.00, real=0.01 secs] 
2020-09-29T18:00:37.044+0200: 33.435: [GC (Allocation Failure) [PSYoungGen: 626725K->38853K(643584K)] 630505K->42633K(2041856K), 0.0126480 secs] [Times: user=0.13 sys=0.00, real=0.01 secs] 
2020-09-29T18:00:37.107+0200: 33.498: [GC (Allocation Failure) [PSYoungGen: 627653K->39749K(645120K)] 631433K->43529K(2043392K), 0.0143580 secs] [Times: user=0.06 sys=0.00, real=0.01 secs] 
2020-09-29T18:00:37.174+0200: 33.564: [GC (Allocation Failure) [PSYoungGen: 630597K->42693K(633856K)] 634377K->46473K(2032128K), 0.0146262 secs] [Times: user=0.13 sys=0.00, real=0.01 secs] 
2020-09-29T18:00:37.243+0200: 33.633: [GC (Allocation Failure) [PSYoungGen: 633541K->16931K(641024K)] 637321K->20711K(2039296K), 0.0084157 secs] [Times: user=0.00 sys=0.00, real=0.01 secs] 
2020-09-29T18:00:37.302+0200: 33.693: [GC (Allocation Failure) [PSYoungGen: 603171K->42661K(629248K)] 606951K->46441K(2027520K), 0.0147479 secs] [Times: user=0.13 sys=0.00, real=0.01 secs] 
2020-09-29T18:00:37.368+0200: 33.759: [GC (Allocation Failure) [PSYoungGen: 628901K->40997K(641536K)] 632681K->44777K(2039808K), 0.0141392 secs] [Times: user=0.13 sys=0.00, real=0.01 secs] 
2020-09-29T18:00:37.433+0200: 33.823: [GC (Allocation Failure) [PSYoungGen: 625189K->23557K(641536K)] 628969K->27337K(2039808K), 0.0085567 secs] [Times: user=0.00 sys=0.00, real=0.01 secs] 
2020-09-29T18:00:37.496+0200: 33.886: [GC (Allocation Failure) [PSYoungGen: 607749K->33541K(643584K)] 611529K->37321K(2041856K), 0.0120784 secs] [Times: user=0.13 sys=0.00, real=0.01 secs] 
2020-09-29T18:00:37.564+0200: 33.955: [GC (Allocation Failure) [PSYoungGen: 619781K->31877K(641536K)] 623561K->35657K(2039808K), 0.0119666 secs] [Times: user=0.11 sys=0.00, real=0.01 secs] 
2020-09-29T18:00:37.631+0200: 34.021: [GC (Allocation Failure) [PSYoungGen: 618117K->13891K(642560K)] 621897K->17671K(2040832K), 0.0064048 secs] [Times: user=0.00 sys=0.00, real=0.01 secs] 
2020-09-29T18:00:37.688+0200: 34.078: [GC (Allocation Failure) [PSYoungGen: 603203K->27492K(644096K)] 606983K->31272K(2042368K), 0.0096098 secs] [Times: user=0.13 sys=0.00, real=0.01 secs] 
2020-09-29T18:00:37.749+0200: 34.140: [GC (Allocation Failure) [PSYoungGen: 616804K->42629K(642048K)] 620584K->46409K(2040320K), 0.0149165 secs] [Times: user=0.13 sys=0.00, real=0.01 secs] 
2020-09-29T18:00:37.816+0200: 34.206: [GC (Allocation Failure) [PSYoungGen: 630917K->43045K(631808K)] 634697K->46825K(2030080K), 0.0147924 secs] [Times: user=0.13 sys=0.00, real=0.02 secs] 
2020-09-29T18:00:37.881+0200: 34.272: [GC (Allocation Failure) [PSYoungGen: 631333K->43365K(638976K)] 635113K->47145K(2037248K), 0.0150641 secs] [Times: user=0.13 sys=0.00, real=0.01 secs] 
2020-09-29T18:00:37.947+0200: 34.338: [GC (Allocation Failure) [PSYoungGen: 625509K->23107K(640512K)] 629289K->26887K(2038784K), 0.0093111 secs] [Times: user=0.00 sys=0.00, real=0.01 secs] 
2020-09-29T18:00:38.007+0200: 34.398: [GC (Allocation Failure) [PSYoungGen: 605251K->44677K(637952K)] 609031K->48457K(2036224K), 0.0193246 secs] [Times: user=0.13 sys=0.00, real=0.02 secs] 
2020-09-29T18:00:38.077+0200: 34.468: [GC (Allocation Failure) [PSYoungGen: 624773K->50501K(630784K)] 628553K->54281K(2029056K), 0.0168968 secs] [Times: user=0.13 sys=0.00, real=0.02 secs] 
2020-09-29T18:00:38.145+0200: 34.536: [GC (Allocation Failure) [PSYoungGen: 630597K->42661K(636416K)] 634377K->46441K(2034688K), 0.0149395 secs] [Times: user=0.00 sys=0.00, real=0.02 secs] 
2020-09-29T18:00:38.212+0200: 34.602: [GC (Allocation Failure) [PSYoungGen: 616101K->41893K(635904K)] 619881K->45673K(2034176K), 0.0158259 secs] [Times: user=0.13 sys=0.00, real=0.02 secs] 
2020-09-29T18:00:38.279+0200: 34.670: [GC (Allocation Failure) [PSYoungGen: 615333K->27397K(637440K)] 619113K->31177K(2035712K), 0.0104933 secs] [Times: user=0.13 sys=0.00, real=0.01 secs] 
2020-09-29T18:00:38.343+0200: 34.733: [GC (Allocation Failure) [PSYoungGen: 602885K->27812K(636928K)] 606665K->31592K(2035200K), 0.0118931 secs] [Times: user=0.13 sys=0.00, real=0.01 secs] 
2020-09-29T18:00:38.404+0200: 34.795: [GC (Allocation Failure) [PSYoungGen: 603300K->42693K(638464K)] 607080K->46473K(2036736K), 0.0148599 secs] [Times: user=0.13 sys=0.00, real=0.01 secs] 
2020-09-29T18:00:38.469+0200: 34.859: [GC (Allocation Failure) [PSYoungGen: 620741K->46533K(624640K)] 624521K->50313K(2022912K), 0.0157669 secs] [Times: user=0.13 sys=0.00, real=0.02 secs] 
2020-09-29T18:00:38.535+0200: 34.925: [GC (Allocation Failure) [PSYoungGen: 624581K->22372K(636928K)] 628361K->26152K(2035200K), 0.0086829 secs] [Times: user=0.13 sys=0.00, real=0.01 secs] 
2020-09-29T18:00:38.597+0200: 34.987: [GC (Allocation Failure) [PSYoungGen: 597348K->50501K(625664K)] 601128K->54281K(2023936K), 0.0182794 secs] [Times: user=0.22 sys=0.00, real=0.02 secs] 
2020-09-29T18:00:38.666+0200: 35.056: [GC (Allocation Failure) [PSYoungGen: 625477K->36869K(636928K)] 629257K->40649K(2035200K), 0.0133695 secs] [Times: user=0.13 sys=0.00, real=0.01 secs] 
2020-09-29T18:00:38.731+0200: 35.121: [GC (Allocation Failure) [PSYoungGen: 608773K->48165K(633856K)] 612553K->51945K(2032128K), 0.0162030 secs] [Times: user=0.13 sys=0.00, real=0.02 secs] 
2020-09-29T18:00:38.797+0200: 35.187: [GC (Allocation Failure) [PSYoungGen: 620069K->31269K(636416K)] 623849K->35049K(2034688K), 0.0117260 secs] [Times: user=0.13 sys=0.00, real=0.01 secs] 
2020-09-29T18:00:38.858+0200: 35.248: [GC (Allocation Failure) [PSYoungGen: 604197K->29956K(635392K)] 607977K->33736K(2033664K), 0.0109540 secs] [Times: user=0.13 sys=0.00, real=0.01 secs] 
2020-09-29T18:00:38.919+0200: 35.310: [GC (Allocation Failure) [PSYoungGen: 602884K->28324K(638464K)] 606664K->32104K(2036736K), 0.0136370 secs] [Times: user=0.11 sys=0.00, real=0.01 secs] 
2020-09-29T18:00:38.990+0200: 35.381: [GC (Allocation Failure) [PSYoungGen: 605348K->44773K(637440K)] 609128K->48553K(2035712K), 0.0157892 secs] [Times: user=0.13 sys=0.00, real=0.02 secs] 
2020-09-29T18:00:39.057+0200: 35.448: [GC (Allocation Failure) [PSYoungGen: 621797K->32068K(639488K)] 625577K->35848K(2037760K), 0.0120759 secs] [Times: user=0.13 sys=0.00, real=0.01 secs] 
2020-09-29T18:00:39.124+0200: 35.514: [GC (Allocation Failure) [PSYoungGen: 610628K->36389K(637952K)] 614408K->40169K(2036224K), 0.0181765 secs] [Times: user=0.11 sys=0.00, real=0.02 secs] 
2020-09-29T18:00:39.202+0200: 35.592: [GC (Allocation Failure) [PSYoungGen: 614949K->39492K(642560K)] 618729K->43272K(2040832K), 0.0198684 secs] [Times: user=0.09 sys=0.00, real=0.02 secs] 
2020-09-29T18:00:39.276+0200: 35.666: [GC (Allocation Failure) [PSYoungGen: 624708K->22693K(641536K)] 628488K->26473K(2039808K), 0.0081856 secs] [Times: user=0.00 sys=0.00, real=0.01 secs] 
2020-09-29T18:00:39.335+0200: 35.726: [GC (Allocation Failure) [PSYoungGen: 607909K->47301K(637952K)] 611689K->51081K(2036224K), 0.0162471 secs] [Times: user=0.13 sys=0.00, real=0.02 secs] 
2020-09-29T18:00:39.402+0200: 35.792: [GC (Allocation Failure) [PSYoungGen: 628421K->40549K(640000K)] 632201K->44329K(2038272K), 0.0140321 secs] [Times: user=0.13 sys=0.00, real=0.01 secs] 
2020-09-29T18:00:39.466+0200: 35.857: [GC (Allocation Failure) [PSYoungGen: 621669K->32325K(642048K)] 625449K->36105K(2040320K), 0.0112617 secs] [Times: user=0.13 sys=0.00, real=0.01 secs] 
2020-09-29T18:00:39.530+0200: 35.920: [GC (Allocation Failure) [PSYoungGen: 616005K->27076K(640512K)] 619785K->30856K(2038784K), 0.0100085 secs] [Times: user=0.11 sys=0.00, real=0.01 secs] 
2020-09-29T18:00:39.592+0200: 35.982: [GC (Allocation Failure) [PSYoungGen: 610756K->34725K(644096K)] 614536K->38505K(2042368K), 0.0135592 secs] [Times: user=0.11 sys=0.00, real=0.01 secs] 
2020-09-29T18:00:39.658+0200: 36.049: [GC (Allocation Failure) [PSYoungGen: 621989K->47781K(635392K)] 625769K->51561K(2033664K), 0.0171991 secs] [Times: user=0.13 sys=0.00, real=0.02 secs] 
2020-09-29T18:00:39.726+0200: 36.116: [GC (Allocation Failure) [PSYoungGen: 635045K->14979K(638464K)] 638825K->18759K(2036736K), 0.0065662 secs] [Times: user=0.00 sys=0.00, real=0.01 secs] 
2020-09-29T18:00:39.784+0200: 36.175: [GC (Allocation Failure) [PSYoungGen: 596099K->49124K(630272K)] 599879K->52904K(2028544K), 0.0170420 secs] [Times: user=0.25 sys=0.00, real=0.02 secs] 
2020-09-29T18:00:39.852+0200: 36.243: [GC (Allocation Failure) [PSYoungGen: 630244K->28613K(638464K)] 634024K->32393K(2036736K), 0.0120061 secs] [Times: user=0.13 sys=0.00, real=0.01 secs] 
2020-09-29T18:00:39.918+0200: 36.308: [GC (Allocation Failure) [PSYoungGen: 605125K->29700K(636928K)] 608905K->33480K(2035200K), 0.0109804 secs] [Times: user=0.13 sys=0.00, real=0.01 secs] 
2020-09-29T18:00:39.980+0200: 36.371: [GC (Allocation Failure) [PSYoungGen: 606212K->32005K(641536K)] 609992K->35785K(2039808K), 0.0108952 secs] [Times: user=0.13 sys=0.00, real=0.01 secs] 
2020-09-29T18:00:40.044+0200: 36.435: [GC (Allocation Failure) [PSYoungGen: 614661K->26116K(640000K)] 618441K->29896K(2038272K), 0.0101152 secs] [Times: user=0.13 sys=0.00, real=0.01 secs] 
2020-09-29T18:00:40.104+0200: 36.495: [GC (Allocation Failure) [PSYoungGen: 608772K->32932K(644608K)] 612552K->36712K(2042880K), 0.0124832 secs] [Times: user=0.13 sys=0.00, real=0.01 secs] 
2020-09-29T18:00:40.169+0200: 36.560: [GC (Allocation Failure) [PSYoungGen: 621220K->33060K(642560K)] 625000K->36840K(2040832K), 0.0121996 secs] [Times: user=0.13 sys=0.00, real=0.01 secs] 
2020-09-29T18:00:40.235+0200: 36.626: [GC (Allocation Failure) [PSYoungGen: 621348K->33413K(648704K)] 625128K->37193K(2046976K), 0.0117672 secs] [Times: user=0.13 sys=0.00, real=0.01 secs] 
2020-09-29T18:00:40.299+0200: 36.689: [GC (Allocation Failure) [PSYoungGen: 629893K->26243K(646656K)] 633673K->30023K(2044928K), 0.0109467 secs] [Times: user=0.13 sys=0.00, real=0.01 secs] 
2020-09-29T18:00:40.362+0200: 36.752: [GC (Allocation Failure) [PSYoungGen: 622723K->34853K(649728K)] 626503K->38633K(2048000K), 0.0121398 secs] [Times: user=0.13 sys=0.00, real=0.01 secs] 
2020-09-29T18:00:40.432+0200: 36.823: [GC (Allocation Failure) [PSYoungGen: 634917K->33317K(649216K)] 638697K->37097K(2047488K), 0.0113305 secs] [Times: user=0.13 sys=0.00, real=0.01 secs] 
2020-09-29T18:00:40.496+0200: 36.887: [GC (Allocation Failure) [PSYoungGen: 633381K->45477K(645120K)] 637161K->49257K(2043392K), 0.0152860 secs] [Times: user=0.13 sys=0.00, real=0.01 secs] 
2020-09-29T18:00:40.564+0200: 36.955: [GC (Allocation Failure) [PSYoungGen: 642981K->25796K(648192K)] 646761K->29576K(2046464K), 0.0103321 secs] [Times: user=0.11 sys=0.00, real=0.01 secs] 
2020-09-29T18:00:40.632+0200: 37.022: [GC (Allocation Failure) [PSYoungGen: 623300K->33700K(649728K)] 627080K->37480K(2048000K), 0.0131037 secs] [Times: user=0.00 sys=0.02, real=0.01 secs] 
2020-09-29T18:00:40.698+0200: 37.088: [GC (Allocation Failure) [PSYoungGen: 632740K->44229K(643584K)] 636520K->48009K(2041856K), 0.0155209 secs] [Times: user=0.13 sys=0.00, real=0.02 secs] 
2020-09-29T18:00:40.766+0200: 37.156: [GC (Allocation Failure) [PSYoungGen: 643269K->41733K(645632K)] 647049K->45513K(2043904K), 0.0141684 secs] [Times: user=0.13 sys=0.00, real=0.01 secs] 
2020-09-29T18:00:40.831+0200: 37.221: [GC (Allocation Failure) [PSYoungGen: 636165K->48197K(643072K)] 639945K->51977K(2041344K), 0.0165312 secs] [Times: user=0.13 sys=0.00, real=0.02 secs] 
2020-09-29T18:00:40.898+0200: 37.289: [GC (Allocation Failure) [PSYoungGen: 642629K->13252K(638464K)] 646409K->17032K(2036736K), 0.0048936 secs] [Times: user=0.00 sys=0.00, real=0.01 secs] 
2020-09-29T18:00:40.959+0200: 37.349: [GC (Allocation Failure) [PSYoungGen: 596420K->19043K(641024K)] 600200K->22823K(2039296K), 0.0080781 secs] [Times: user=0.00 sys=0.00, real=0.01 secs] 
2020-09-29T18:00:41.022+0200: 37.413: [GC (Allocation Failure) [PSYoungGen: 602211K->41669K(638976K)] 605991K->45449K(2037248K), 0.0147071 secs] [Times: user=0.13 sys=0.00, real=0.01 secs] 
2020-09-29T18:00:41.087+0200: 37.478: [GC (Allocation Failure) [PSYoungGen: 622789K->34917K(640000K)] 626569K->38697K(2038272K), 0.0121293 secs] [Times: user=0.13 sys=0.00, real=0.01 secs] 
2020-09-29T18:00:41.150+0200: 37.541: [GC (Allocation Failure) [PSYoungGen: 616037K->39332K(642560K)] 619817K->43112K(2040832K), 0.0140216 secs] [Times: user=0.13 sys=0.00, real=0.01 secs] 
2020-09-29T18:00:41.219+0200: 37.609: [GC (Allocation Failure) [PSYoungGen: 625060K->37156K(642048K)] 628840K->40936K(2040320K), 0.0154696 secs] [Times: user=0.13 sys=0.00, real=0.01 secs] 
2020-09-29T18:00:41.285+0200: 37.676: [GC (Allocation Failure) [PSYoungGen: 622884K->31716K(645120K)] 626664K->35496K(2043392K), 0.0120110 secs] [Times: user=0.13 sys=0.00, real=0.01 secs] 
2020-09-29T18:00:41.347+0200: 37.738: [GC (Allocation Failure) [PSYoungGen: 621540K->47397K(637440K)] 625320K->51177K(2035712K), 0.0166242 secs] [Times: user=0.17 sys=0.02, real=0.02 secs] 
2020-09-29T18:00:41.416+0200: 37.806: [GC (Allocation Failure) [PSYoungGen: 637221K->49253K(635904K)] 641001K->53033K(2034176K), 0.0168726 secs] [Times: user=0.13 sys=0.00, real=0.02 secs] 
2020-09-29T18:00:41.482+0200: 37.873: [GC (Allocation Failure) [PSYoungGen: 628325K->39300K(638976K)] 632105K->43080K(2037248K), 0.0143731 secs] [Times: user=0.13 sys=0.00, real=0.01 secs] 
2020-09-29T18:00:41.547+0200: 37.937: [GC (Allocation Failure) [PSYoungGen: 618372K->44165K(639488K)] 622152K->47945K(2037760K), 0.0152387 secs] [Times: user=0.13 sys=0.00, real=0.02 secs] 
2020-09-29T18:00:41.614+0200: 38.004: [GC (Allocation Failure) [PSYoungGen: 625285K->35685K(640000K)] 629065K->39465K(2038272K), 0.0135290 secs] [Times: user=0.00 sys=0.00, real=0.01 secs] 
2020-09-29T18:00:41.677+0200: 38.067: [GC (Allocation Failure) [PSYoungGen: 616805K->28772K(642048K)] 620585K->32552K(2040320K), 0.0103318 secs] [Times: user=0.00 sys=0.00, real=0.01 secs] 
2020-09-29T18:00:41.738+0200: 38.129: [GC (Allocation Failure) [PSYoungGen: 613476K->25476K(641536K)] 617256K->29256K(2039808K), 0.0096765 secs] [Times: user=0.13 sys=0.00, real=0.01 secs] 
2020-09-29T18:00:41.802+0200: 38.193: [GC (Allocation Failure) [PSYoungGen: 610180K->34275K(644096K)] 613960K->38055K(2042368K), 0.0128947 secs] [Times: user=0.00 sys=0.00, real=0.01 secs] 
2020-09-29T18:00:41.868+0200: 38.259: [GC (Allocation Failure) [PSYoungGen: 621539K->47269K(634880K)] 625319K->51049K(2033152K), 0.0161739 secs] [Times: user=0.13 sys=0.00, real=0.02 secs] 
2020-09-29T18:00:41.936+0200: 38.327: [GC (Allocation Failure) [PSYoungGen: 634533K->46661K(638464K)] 638313K->50441K(2036736K), 0.0153122 secs] [Times: user=0.13 sys=0.00, real=0.01 secs] 
2020-09-29T18:00:42.002+0200: 38.393: [GC (Allocation Failure) [PSYoungGen: 627781K->38405K(640000K)] 631561K->42185K(2038272K), 0.0131347 secs] [Times: user=0.13 sys=0.00, real=0.01 secs] 
2020-09-29T18:00:42.065+0200: 38.456: [GC (Allocation Failure) [PSYoungGen: 619525K->31653K(642560K)] 623305K->35433K(2040832K), 0.0106795 secs] [Times: user=0.13 sys=0.00, real=0.01 secs] 
2020-09-29T18:00:42.133+0200: 38.524: [GC (Allocation Failure) [PSYoungGen: 616869K->42468K(641536K)] 620649K->46248K(2039808K), 0.0160166 secs] [Times: user=0.13 sys=0.00, real=0.02 secs] 
2020-09-29T18:00:42.201+0200: 38.591: [GC (Allocation Failure) [PSYoungGen: 627684K->21987K(640512K)] 631464K->25767K(2038784K), 0.0118196 secs] [Times: user=0.09 sys=0.00, real=0.01 secs] 
2020-09-29T18:00:42.267+0200: 38.657: [GC (Allocation Failure) [PSYoungGen: 606179K->31940K(641536K)] 609959K->35720K(2039808K), 0.0119418 secs] [Times: user=0.13 sys=0.00, real=0.01 secs] 
2020-09-29T18:00:42.329+0200: 38.720: [GC (Allocation Failure) [PSYoungGen: 616132K->26628K(643584K)] 619912K->30408K(2041856K), 0.0098098 secs] [Times: user=0.13 sys=0.00, real=0.01 secs] 
2020-09-29T18:00:42.390+0200: 38.781: [GC (Allocation Failure) [PSYoungGen: 614404K->39972K(643072K)] 618184K->43752K(2041344K), 0.0154831 secs] [Times: user=0.13 sys=0.00, real=0.02 secs] 
2020-09-29T18:00:42.458+0200: 38.848: [GC (Allocation Failure) [PSYoungGen: 627748K->39845K(644096K)] 631528K->43625K(2042368K), 0.0138347 secs] [Times: user=0.00 sys=0.00, real=0.01 secs] 
2020-09-29T18:00:42.522+0200: 38.912: [GC (Allocation Failure) [PSYoungGen: 628645K->27141K(643584K)] 632425K->30921K(2041856K), 0.0099768 secs] [Times: user=0.00 sys=0.00, real=0.01 secs] 
2020-09-29T18:00:42.583+0200: 38.974: [GC (Allocation Failure) [PSYoungGen: 615941K->27620K(645120K)] 619721K->31400K(2043392K), 0.0106798 secs] [Times: user=0.00 sys=0.00, real=0.01 secs] 
2020-09-29T18:00:42.646+0200: 39.037: [GC (Allocation Failure) [PSYoungGen: 618468K->30597K(644608K)] 622248K->34377K(2042880K), 0.0107138 secs] [Times: user=0.00 sys=0.00, real=0.01 secs] 
2020-09-29T18:00:42.710+0200: 39.101: [GC (Allocation Failure) [PSYoungGen: 621445K->28452K(647168K)] 625225K->32232K(2045440K), 0.0112535 secs] [Times: user=0.00 sys=0.00, real=0.01 secs] 
2020-09-29T18:00:42.772+0200: 39.163: [GC (Allocation Failure) [PSYoungGen: 623396K->20580K(646656K)] 627176K->24360K(2044928K), 0.0077186 secs] [Times: user=0.00 sys=0.00, real=0.01 secs] 
2020-09-29T18:00:42.834+0200: 39.225: [GC (Allocation Failure) [PSYoungGen: 615524K->27076K(648192K)] 619304K->30856K(2046464K), 0.0099353 secs] [Times: user=0.00 sys=0.00, real=0.01 secs] 
2020-09-29T18:00:42.897+0200: 39.288: [GC (Allocation Failure) [PSYoungGen: 623556K->34595K(647168K)] 627336K->38375K(2045440K), 0.0136212 secs] [Times: user=0.02 sys=0.00, real=0.01 secs] 
2020-09-29T18:00:42.964+0200: 39.354: [GC (Allocation Failure) [PSYoungGen: 631075K->42756K(644608K)] 634855K->46536K(2042880K), 0.0152871 secs] [Times: user=0.13 sys=0.00, real=0.02 secs] 
2020-09-29T18:00:43.030+0200: 39.421: [GC (Allocation Failure) [PSYoungGen: 637188K->21668K(646656K)] 640968K->25448K(2044928K), 0.0084300 secs] [Times: user=0.13 sys=0.00, real=0.01 secs] 
2020-09-29T18:00:43.092+0200: 39.483: [GC (Allocation Failure) [PSYoungGen: 616100K->27172K(647680K)] 619880K->30952K(2045952K), 0.0104845 secs] [Times: user=0.13 sys=0.00, real=0.01 secs] 
2020-09-29T18:00:43.155+0200: 39.545: [GC (Allocation Failure) [PSYoungGen: 622628K->48453K(644096K)] 626408K->52233K(2042368K), 0.0164879 secs] [Times: user=0.13 sys=0.00, real=0.02 secs] 
2020-09-29T18:00:43.225+0200: 39.616: [GC (Allocation Failure) [PSYoungGen: 643909K->27717K(644608K)] 647689K->31497K(2042880K), 0.0107470 secs] [Times: user=0.00 sys=0.00, real=0.01 secs] 
2020-09-29T18:00:43.289+0200: 39.680: [GC (Allocation Failure) [PSYoungGen: 617541K->29669K(644096K)] 621321K->33449K(2042368K), 0.0109218 secs] [Times: user=0.00 sys=0.00, real=0.01 secs] 
2020-09-29T18:00:43.352+0200: 39.742: [GC (Allocation Failure) [PSYoungGen: 619493K->31331K(648192K)] 623273K->35111K(2046464K), 0.0127618 secs] [Times: user=0.11 sys=0.00, real=0.01 secs] 
2020-09-29T18:00:43.416+0200: 39.807: [GC (Allocation Failure) [PSYoungGen: 627299K->39365K(646656K)] 631079K->43145K(2044928K), 0.0141588 secs] [Times: user=0.13 sys=0.00, real=0.01 secs] 
2020-09-29T18:00:43.483+0200: 39.874: [GC (Allocation Failure) [PSYoungGen: 635333K->33829K(648704K)] 639113K->37609K(2046976K), 0.0112574 secs] [Times: user=0.13 sys=0.00, real=0.01 secs] 
2020-09-29T18:00:43.547+0200: 39.938: [GC (Allocation Failure) [PSYoungGen: 630821K->42917K(640000K)] 634601K->46697K(2038272K), 0.0150714 secs] [Times: user=0.13 sys=0.00, real=0.02 secs] 
2020-09-29T18:00:43.615+0200: 40.006: [GC (Allocation Failure) [PSYoungGen: 639909K->37668K(647168K)] 643689K->41448K(2045440K), 0.0151337 secs] [Times: user=0.11 sys=0.00, real=0.02 secs] 
2020-09-29T18:00:43.682+0200: 40.073: [GC (Allocation Failure) [PSYoungGen: 632612K->30692K(646656K)] 636392K->34472K(2044928K), 0.0116325 secs] [Times: user=0.13 sys=0.00, real=0.01 secs] 
2020-09-29T18:00:43.745+0200: 40.136: [GC (Allocation Failure) [PSYoungGen: 625636K->37701K(648704K)] 629416K->41481K(2046976K), 0.0132110 secs] [Times: user=0.13 sys=0.00, real=0.01 secs] 
2020-09-29T18:00:43.811+0200: 40.202: [GC (Allocation Failure) [PSYoungGen: 635717K->34117K(648192K)] 639497K->37897K(2046464K), 0.0121617 secs] [Times: user=0.13 sys=0.00, real=0.01 secs] 
2020-09-29T18:00:43.877+0200: 40.268: [GC (Allocation Failure) [PSYoungGen: 632133K->44197K(645120K)] 635913K->47977K(2043392K), 0.0181997 secs] [Times: user=0.23 sys=0.00, real=0.02 secs] 
2020-09-29T18:00:43.947+0200: 40.338: [GC (Allocation Failure) [PSYoungGen: 640677K->39141K(647680K)] 644457K->42921K(2045952K), 0.0139175 secs] [Times: user=0.13 sys=0.00, real=0.01 secs] 
2020-09-29T18:00:44.013+0200: 40.404: [GC (Allocation Failure) [PSYoungGen: 635621K->33924K(649216K)] 639401K->37704K(2047488K), 0.0129815 secs] [Times: user=0.13 sys=0.00, real=0.01 secs] 
2020-09-29T18:00:44.078+0200: 40.469: [GC (Allocation Failure) [PSYoungGen: 632452K->30660K(648192K)] 636232K->34440K(2046464K), 0.0150744 secs] [Times: user=0.13 sys=0.00, real=0.02 secs] 
2020-09-29T18:00:44.167+0200: 40.558: [GC (Allocation Failure) [PSYoungGen: 629188K->41317K(647680K)] 632968K->45097K(2045952K), 0.0193877 secs] [Times: user=0.13 sys=0.00, real=0.02 secs] 
2020-09-29T18:00:44.244+0200: 40.635: [GC (Allocation Failure) [PSYoungGen: 639845K->21251K(620032K)] 643625K->25031K(2018304K), 0.0124857 secs] [Times: user=0.13 sys=0.00, real=0.01 secs] 
2020-09-29T18:00:44.316+0200: 40.707: [GC (Allocation Failure) [PSYoungGen: 619779K->45637K(642560K)] 623559K->49417K(2040832K), 0.0206332 secs] [Times: user=0.13 sys=0.00, real=0.02 secs] 
2020-09-29T18:00:44.394+0200: 40.785: [GC (Allocation Failure) [PSYoungGen: 636997K->49061K(640512K)] 640777K->52841K(2038784K), 0.0234952 secs] [Times: user=0.25 sys=0.00, real=0.02 secs] 
2020-09-29T18:00:44.469+0200: 40.860: [GC (Allocation Failure) [PSYoungGen: 640421K->25157K(642048K)] 644201K->28937K(2040320K), 0.0127427 secs] [Times: user=0.11 sys=0.00, real=0.01 secs] 
2020-09-29T18:00:44.536+0200: 40.927: [GC (Allocation Failure) [PSYoungGen: 610373K->36133K(642048K)] 614153K->39913K(2040320K), 0.0173993 secs] [Times: user=0.13 sys=0.00, real=0.02 secs] 
2020-09-29T18:00:44.613+0200: 41.004: [GC (Allocation Failure) [PSYoungGen: 621349K->45285K(640000K)] 625129K->49065K(2038272K), 0.0245441 secs] [Times: user=0.11 sys=0.02, real=0.03 secs] 
2020-09-29T18:00:44.688+0200: 41.079: [GC (Allocation Failure) [PSYoungGen: 630501K->27365K(642048K)] 634281K->31145K(2040320K), 0.0138657 secs] [Times: user=0.13 sys=0.00, real=0.01 secs] 
2020-09-29T18:00:44.758+0200: 41.149: [GC (Allocation Failure) [PSYoungGen: 612581K->37860K(644096K)] 616361K->41640K(2042368K), 0.0194121 secs] [Times: user=0.13 sys=0.00, real=0.02 secs] 
2020-09-29T18:00:44.834+0200: 41.224: [GC (Allocation Failure) [PSYoungGen: 625636K->37637K(642560K)] 629416K->41417K(2040832K), 0.0172381 secs] [Times: user=0.13 sys=0.00, real=0.02 secs] 
2020-09-29T18:00:44.915+0200: 41.305: [GC (Allocation Failure) [PSYoungGen: 625413K->51237K(636928K)] 629193K->55017K(2035200K), 0.0247066 secs] [Times: user=0.11 sys=0.00, real=0.03 secs] 
2020-09-29T18:00:44.993+0200: 41.383: [GC (Allocation Failure) [PSYoungGen: 634405K->46469K(629760K)] 638185K->50249K(2028032K), 0.0217762 secs] [Times: user=0.13 sys=0.00, real=0.02 secs] 
2020-09-29T18:00:45.067+0200: 41.457: [GC (Allocation Failure) [PSYoungGen: 629637K->40196K(641536K)] 633417K->43976K(2039808K), 0.0198400 secs] [Times: user=0.25 sys=0.00, real=0.02 secs] 
2020-09-29T18:00:45.139+0200: 41.529: [GC (Allocation Failure) [PSYoungGen: 622852K->34885K(640000K)] 626632K->38665K(2038272K), 0.0169402 secs] [Times: user=0.13 sys=0.00, real=0.02 secs] 
2020-09-29T18:00:45.210+0200: 41.600: [GC (Allocation Failure) [PSYoungGen: 617541K->26884K(642560K)] 621321K->30664K(2040832K), 0.0151376 secs] [Times: user=0.13 sys=0.00, real=0.01 secs] 
2020-09-29T18:00:45.284+0200: 41.674: [GC (Allocation Failure) [PSYoungGen: 613124K->25092K(611840K)] 616904K->28872K(2010112K), 0.0124055 secs] [Times: user=0.13 sys=0.00, real=0.01 secs] 
2020-09-29T18:00:45.356+0200: 41.746: [GC (Allocation Failure) [PSYoungGen: 611332K->50725K(635904K)] 615112K->54505K(2034176K), 0.0232488 secs] [Times: user=0.13 sys=0.00, real=0.02 secs] 
2020-09-29T18:00:45.432+0200: 41.822: [GC (Allocation Failure) [PSYoungGen: 629797K->41925K(638976K)] 633577K->45705K(2037248K), 0.0193620 secs] [Times: user=0.13 sys=0.00, real=0.02 secs] 
2020-09-29T18:00:45.509+0200: 41.899: [GC (Allocation Failure) [PSYoungGen: 620997K->46757K(637440K)] 624777K->50537K(2035712K), 0.0228997 secs] [Times: user=0.11 sys=0.00, real=0.02 secs] 
2020-09-29T18:00:45.584+0200: 41.974: [GC (Allocation Failure) [PSYoungGen: 624805K->50597K(628736K)] 628585K->54377K(2027008K), 0.0252088 secs] [Times: user=0.11 sys=0.00, real=0.02 secs] 
2020-09-29T18:00:45.662+0200: 42.052: [GC (Allocation Failure) [PSYoungGen: 628645K->25667K(635904K)] 632425K->29447K(2034176K), 0.0146878 secs] [Times: user=0.13 sys=0.00, real=0.02 secs] 
2020-09-29T18:00:45.727+0200: 42.117: [GC (Allocation Failure) [PSYoungGen: 598595K->38053K(635904K)] 602375K->41833K(2034176K), 0.0168034 secs] [Times: user=0.13 sys=0.00, real=0.02 secs] 
2020-09-29T18:00:45.796+0200: 42.186: [GC (Allocation Failure) [PSYoungGen: 610981K->50437K(633856K)] 614761K->54217K(2032128K), 0.0225678 secs] [Times: user=0.25 sys=0.00, real=0.02 secs] 
2020-09-29T18:00:45.870+0200: 42.260: [GC (Allocation Failure) [PSYoungGen: 623365K->49157K(622592K)] 627145K->52937K(2020864K), 0.0222764 secs] [Times: user=0.13 sys=0.00, real=0.02 secs] 
2020-09-29T18:00:45.941+0200: 42.331: [GC (Allocation Failure) [PSYoungGen: 622085K->30788K(635392K)] 625865K->34568K(2033664K), 0.0160510 secs] [Times: user=0.13 sys=0.00, real=0.02 secs] 
2020-09-29T18:00:46.007+0200: 42.397: [GC (Allocation Failure) [PSYoungGen: 602180K->39909K(634880K)] 605960K->43689K(2033152K), 0.0191416 secs] [Times: user=0.13 sys=0.00, real=0.02 secs] 
2020-09-29T18:00:46.076+0200: 42.466: [GC (Allocation Failure) [PSYoungGen: 611301K->34788K(638976K)] 615081K->38568K(2037248K), 0.0178838 secs] [Times: user=0.13 sys=0.00, real=0.02 secs] 
2020-09-29T18:00:46.145+0200: 42.535: [GC (Allocation Failure) [PSYoungGen: 612324K->38053K(637440K)] 616104K->41833K(2035712K), 0.0175573 secs] [Times: user=0.25 sys=0.00, real=0.02 secs] 
2020-09-29T18:00:46.217+0200: 42.608: [GC (Allocation Failure) [PSYoungGen: 615589K->26788K(640000K)] 619369K->30568K(2038272K), 0.0141513 secs] [Times: user=0.13 sys=0.00, real=0.01 secs] 
2020-09-29T18:00:46.283+0200: 42.674: [GC (Allocation Failure) [PSYoungGen: 608932K->34757K(640512K)] 612712K->38537K(2038784K), 0.0160802 secs] [Times: user=0.13 sys=0.00, real=0.02 secs] 
2020-09-29T18:00:46.350+0200: 42.741: [GC (Allocation Failure) [PSYoungGen: 616901K->42693K(642048K)] 620681K->46473K(2040320K), 0.0204054 secs] [Times: user=0.13 sys=0.00, real=0.02 secs] 
2020-09-29T18:00:46.422+0200: 42.813: [GC (Allocation Failure) [PSYoungGen: 627909K->38852K(642048K)] 631689K->42632K(2040320K), 0.0202845 secs] [Times: user=0.14 sys=0.00, real=0.02 secs] 
2020-09-29T18:00:46.497+0200: 42.888: [GC (Allocation Failure) [PSYoungGen: 624068K->22020K(641536K)] 627848K->25800K(2039808K), 0.0118867 secs] [Times: user=0.13 sys=0.00, real=0.01 secs] 
2020-09-29T18:00:46.562+0200: 42.953: [GC (Allocation Failure) [PSYoungGen: 608260K->32132K(642560K)] 612040K->35912K(2040832K), 0.0160277 secs] [Times: user=0.13 sys=0.00, real=0.02 secs] 
2020-09-29T18:00:46.632+0200: 43.022: [GC (Allocation Failure) [PSYoungGen: 618372K->44197K(641536K)] 622152K->47977K(2039808K), 0.0239728 secs] [Times: user=0.11 sys=0.00, real=0.02 secs] 
2020-09-29T18:00:46.709+0200: 43.100: [GC (Allocation Failure) [PSYoungGen: 630437K->42437K(642560K)] 634217K->46217K(2040832K), 0.0203492 secs] [Times: user=0.13 sys=0.00, real=0.02 secs] 
2020-09-29T18:00:46.782+0200: 43.173: [GC (Allocation Failure) [PSYoungGen: 628677K->40805K(643072K)] 632457K->44585K(2041344K), 0.0192353 secs] [Times: user=0.25 sys=0.00, real=0.02 secs] 
2020-09-29T18:00:46.855+0200: 43.245: [GC (Allocation Failure) [PSYoungGen: 627557K->24643K(642560K)] 631337K->28423K(2040832K), 0.0141566 secs] [Times: user=0.13 sys=0.00, real=0.01 secs] 
2020-09-29T18:00:46.933+0200: 43.324: [GC (Allocation Failure) [PSYoungGen: 611395K->37221K(644096K)] 615175K->41001K(2042368K), 0.0175530 secs] [Times: user=0.13 sys=0.00, real=0.02 secs] 
2020-09-29T18:00:47.008+0200: 43.399: [GC (Allocation Failure) [PSYoungGen: 624997K->37061K(642560K)] 628777K->40841K(2040832K), 0.0180188 secs] [Times: user=0.13 sys=0.00, real=0.02 secs] 
2020-09-29T18:00:47.082+0200: 43.472: [GC (Allocation Failure) [PSYoungGen: 624837K->22532K(644096K)] 628617K->26312K(2042368K), 0.0113444 secs] [Times: user=0.13 sys=0.00, real=0.01 secs] 
2020-09-29T18:00:47.151+0200: 43.542: [GC (Allocation Failure) [PSYoungGen: 613892K->23875K(645120K)] 617672K->27655K(2043392K), 0.0130407 secs] [Times: user=0.13 sys=0.00, real=0.01 secs] 
2020-09-29T18:00:47.233+0200: 43.624: [GC (Allocation Failure) [PSYoungGen: 615235K->40741K(644096K)] 619015K->44521K(2042368K), 0.0198297 secs] [Times: user=0.13 sys=0.00, real=0.02 secs] 
2020-09-29T18:00:47.310+0200: 43.700: [GC (Allocation Failure) [PSYoungGen: 631077K->42564K(633344K)] 634857K->46344K(2031616K), 0.0213190 secs] [Times: user=0.13 sys=0.00, real=0.02 secs] 
2020-09-29T18:00:47.382+0200: 43.772: [GC (Allocation Failure) [PSYoungGen: 632900K->44965K(640512K)] 636680K->48745K(2038784K), 0.0217595 secs] [Times: user=0.13 sys=0.00, real=0.02 secs] 
2020-09-29T18:00:47.454+0200: 43.844: [GC (Allocation Failure) [PSYoungGen: 630181K->28517K(642048K)] 633961K->32297K(2040320K), 0.0142904 secs] [Times: user=0.13 sys=0.00, real=0.01 secs] 
2020-09-29T18:00:47.531+0200: 43.921: [GC (Allocation Failure) [PSYoungGen: 613733K->25283K(643072K)] 617513K->29063K(2041344K), 0.0142408 secs] [Times: user=0.13 sys=0.00, real=0.02 secs] 
2020-09-29T18:00:47.610+0200: 44.000: [GC (Allocation Failure) [PSYoungGen: 612035K->23395K(642560K)] 615815K->27175K(2040832K), 0.0146415 secs] [Times: user=0.11 sys=0.00, real=0.01 secs] 
2020-09-29T18:00:47.677+0200: 44.067: [GC (Allocation Failure) [PSYoungGen: 610147K->34404K(645120K)] 613927K->38184K(2043392K), 0.0177380 secs] [Times: user=0.13 sys=0.00, real=0.02 secs] 
2020-09-29T18:00:47.756+0200: 44.146: [GC (Allocation Failure) [PSYoungGen: 623716K->35813K(643072K)] 627496K->39593K(2041344K), 0.0168348 secs] [Times: user=0.13 sys=0.00, real=0.02 secs] 
2020-09-29T18:00:47.830+0200: 44.220: [GC (Allocation Failure) [PSYoungGen: 625125K->50885K(636928K)] 628905K->54665K(2035200K), 0.0233975 secs] [Times: user=0.25 sys=0.00, real=0.02 secs] 
2020-09-29T18:00:47.911+0200: 44.301: [GC (Allocation Failure) [PSYoungGen: 635077K->47173K(631808K)] 638857K->50953K(2030080K), 0.0220545 secs] [Times: user=0.13 sys=0.00, real=0.02 secs] 
2020-09-29T18:00:47.988+0200: 44.378: [GC (Allocation Failure) [PSYoungGen: 631365K->42244K(639488K)] 635145K->46024K(2037760K), 0.0214211 secs] [Times: user=0.25 sys=0.00, real=0.02 secs] 
2020-09-29T18:00:48.063+0200: 44.453: [GC (Allocation Failure) [PSYoungGen: 622340K->18244K(598528K)] 626120K->22024K(1996800K), 0.0092158 secs] [Times: user=0.13 sys=0.00, real=0.01 secs] 
2020-09-29T18:00:48.127+0200: 44.517: [GC (Allocation Failure) [PSYoungGen: 598340K->35845K(641024K)] 602120K->39625K(2039296K), 0.0172614 secs] [Times: user=0.11 sys=0.00, real=0.02 secs] 
2020-09-29T18:00:48.203+0200: 44.593: [GC (Allocation Failure) [PSYoungGen: 616453K->42213K(638464K)] 620233K->45993K(2036736K), 0.0212835 secs] [Times: user=0.23 sys=0.00, real=0.02 secs] 
2020-09-29T18:00:48.281+0200: 44.671: [GC (Allocation Failure) [PSYoungGen: 622821K->48613K(635392K)] 626601K->52393K(2033664K), 0.0226867 secs] [Times: user=0.25 sys=0.00, real=0.02 secs] 
2020-09-29T18:00:48.355+0200: 44.746: [GC (Allocation Failure) [PSYoungGen: 625637K->36036K(637952K)] 629417K->39816K(2036224K), 0.0176428 secs] [Times: user=0.13 sys=0.00, real=0.02 secs] 
2020-09-29T18:00:48.433+0200: 44.824: [GC (Allocation Failure) [PSYoungGen: 613060K->38757K(642048K)] 616840K->42537K(2040320K), 0.0188785 secs] [Times: user=0.13 sys=0.00, real=0.02 secs] 
2020-09-29T18:00:48.515+0200: 44.906: [GC (Allocation Failure) [PSYoungGen: 622437K->48229K(632320K)] 626217K->52009K(2030592K), 0.0222873 secs] [Times: user=0.25 sys=0.00, real=0.02 secs] 
2020-09-29T18:00:48.590+0200: 44.981: [GC (Allocation Failure) [PSYoungGen: 631909K->30245K(640512K)] 635689K->34025K(2038784K), 0.0146710 secs] [Times: user=0.11 sys=0.00, real=0.02 secs] 
2020-09-29T18:00:48.664+0200: 45.055: [GC (Allocation Failure) [PSYoungGen: 611877K->37637K(640000K)] 615657K->41417K(2038272K), 0.0186111 secs] [Times: user=0.13 sys=0.00, real=0.02 secs] 
2020-09-29T18:00:48.738+0200: 45.129: [GC (Allocation Failure) [PSYoungGen: 619269K->29893K(643072K)] 623049K->33673K(2041344K), 0.0138476 secs] [Times: user=0.03 sys=0.00, real=0.01 secs] 
2020-09-29T18:00:48.816+0200: 45.206: [GC (Allocation Failure) [PSYoungGen: 616645K->42469K(642560K)] 620425K->46249K(2040832K), 0.0195984 secs] [Times: user=0.25 sys=0.00, real=0.02 secs] 
2020-09-29T18:00:48.890+0200: 45.280: [GC (Allocation Failure) [PSYoungGen: 629221K->41253K(643072K)] 633001K->45033K(2041344K), 0.0192350 secs] [Times: user=0.13 sys=0.00, real=0.02 secs] 
2020-09-29T18:00:48.965+0200: 45.355: [GC (Allocation Failure) [PSYoungGen: 628005K->24580K(642560K)] 631785K->28360K(2040832K), 0.0129910 secs] [Times: user=0.13 sys=0.00, real=0.01 secs] 
2020-09-29T18:00:49.030+0200: 45.420: [GC (Allocation Failure) [PSYoungGen: 611332K->37029K(644608K)] 615112K->40809K(2042880K), 0.0173252 secs] [Times: user=0.13 sys=0.00, real=0.02 secs] 
2020-09-29T18:00:49.103+0200: 45.493: [GC (Allocation Failure) [PSYoungGen: 625317K->21987K(642560K)] 629097K->25767K(2040832K), 0.0138871 secs] [Times: user=0.13 sys=0.00, real=0.01 secs] 
2020-09-29T18:00:49.178+0200: 45.568: [GC (Allocation Failure) [PSYoungGen: 610275K->36005K(645632K)] 614055K->39785K(2043904K), 0.0210956 secs] [Times: user=0.11 sys=0.00, real=0.02 secs] 
2020-09-29T18:00:49.259+0200: 45.649: [GC (Allocation Failure) [PSYoungGen: 626341K->52133K(642560K)] 630121K->55913K(2040832K), 0.0279782 secs] [Times: user=0.25 sys=0.00, real=0.03 secs] 
2020-09-29T18:00:49.339+0200: 45.729: [GC (Allocation Failure) [PSYoungGen: 642469K->27044K(640512K)] 646249K->30824K(2038784K), 0.0148642 secs] [Times: user=0.13 sys=0.00, real=0.02 secs] 
2020-09-29T18:00:49.410+0200: 45.800: [GC (Allocation Failure) [PSYoungGen: 611236K->49700K(634368K)] 615016K->53480K(2032640K), 0.0273310 secs] [Times: user=0.23 sys=0.01, real=0.03 secs] 
2020-09-29T18:00:49.488+0200: 45.879: [GC (Allocation Failure) [PSYoungGen: 633892K->31012K(639488K)] 637672K->34792K(2037760K), 0.0181645 secs] [Times: user=0.14 sys=0.00, real=0.02 secs] 
2020-09-29T18:00:49.565+0200: 45.955: [GC (Allocation Failure) [PSYoungGen: 610084K->35877K(638464K)] 613864K->39657K(2036736K), 0.0205815 secs] [Times: user=0.22 sys=0.00, real=0.02 secs] 
2020-09-29T18:00:49.640+0200: 46.030: [GC (Allocation Failure) [PSYoungGen: 614949K->40036K(642560K)] 618729K->43816K(2040832K), 0.0262010 secs] [Times: user=0.20 sys=0.00, real=0.03 secs] 
2020-09-29T18:00:49.719+0200: 46.109: [GC (Allocation Failure) [PSYoungGen: 625252K->37317K(641536K)] 629032K->41097K(2039808K), 0.0206809 secs] [Times: user=0.25 sys=0.00, real=0.02 secs] 
2020-09-29T18:00:49.796+0200: 46.186: [GC (Allocation Failure) [PSYoungGen: 622533K->32836K(645120K)] 626313K->36616K(2043392K), 0.0188542 secs] [Times: user=0.13 sys=0.00, real=0.02 secs] 
2020-09-29T18:00:49.878+0200: 46.269: [GC (Allocation Failure) [PSYoungGen: 623172K->48965K(639488K)] 626952K->52745K(2037760K), 0.0264791 secs] [Times: user=0.25 sys=0.00, real=0.03 secs] 
2020-09-29T18:00:49.956+0200: 46.347: [GC (Allocation Failure) [PSYoungGen: 639301K->35940K(644096K)] 643081K->39720K(2042368K), 0.0211400 secs] [Times: user=0.23 sys=0.00, real=0.02 secs] 
2020-09-29T18:00:50.033+0200: 46.423: [GC (Allocation Failure) [PSYoungGen: 623716K->35845K(642560K)] 627496K->39625K(2040832K), 0.0204000 secs] [Times: user=0.25 sys=0.00, real=0.02 secs] 
2020-09-29T18:00:50.112+0200: 46.503: [GC (Allocation Failure) [PSYoungGen: 623621K->35749K(646656K)] 627401K->39529K(2044928K), 0.0190071 secs] [Times: user=0.25 sys=0.00, real=0.02 secs] 
2020-09-29T18:00:50.193+0200: 46.584: [GC (Allocation Failure) [PSYoungGen: 628645K->26949K(645120K)] 632425K->30729K(2043392K), 0.0161665 secs] [Times: user=0.11 sys=0.00, real=0.02 secs] 
2020-09-29T18:00:50.273+0200: 46.664: [GC (Allocation Failure) [PSYoungGen: 619845K->31172K(647168K)] 623625K->34952K(2045440K), 0.0210636 secs] [Times: user=0.13 sys=0.00, real=0.02 secs] 
2020-09-29T18:00:50.347+0200: 46.738: [GC (Allocation Failure) [PSYoungGen: 625604K->37284K(646144K)] 629384K->41064K(2044416K), 0.0214227 secs] [Times: user=0.25 sys=0.00, real=0.02 secs] 
2020-09-29T18:00:50.425+0200: 46.816: [GC (Allocation Failure) [PSYoungGen: 631716K->29124K(648192K)] 635496K->32904K(2046464K), 0.0169641 secs] [Times: user=0.20 sys=0.00, real=0.02 secs] 
2020-09-29T18:00:50.503+0200: 46.894: [GC (Allocation Failure) [PSYoungGen: 626628K->24772K(648192K)] 630408K->28552K(2046464K), 0.0145192 secs] [Times: user=0.00 sys=0.02, real=0.01 secs] 
2020-09-29T18:00:50.572+0200: 46.963: [GC (Allocation Failure) [PSYoungGen: 622276K->47972K(641024K)] 626056K->51752K(2039296K), 0.0296174 secs] [Times: user=0.22 sys=0.00, real=0.03 secs] 
2020-09-29T18:00:50.655+0200: 47.045: [GC (Allocation Failure) [PSYoungGen: 638308K->22276K(612864K)] 642088K->26056K(2011136K), 0.0131225 secs] [Times: user=0.11 sys=0.00, real=0.01 secs] 
2020-09-29T18:00:50.727+0200: 47.118: [GC (Allocation Failure) [PSYoungGen: 612612K->38373K(644608K)] 616392K->42153K(2042880K), 0.0218528 secs] [Times: user=0.13 sys=0.00, real=0.02 secs] 
2020-09-29T18:00:50.805+0200: 47.196: [GC (Allocation Failure) [PSYoungGen: 628197K->40293K(644096K)] 631977K->44073K(2042368K), 0.0218918 secs] [Times: user=0.13 sys=0.00, real=0.02 secs] 
2020-09-29T18:00:50.881+0200: 47.272: [GC (Allocation Failure) [PSYoungGen: 630117K->28420K(645120K)] 633897K->32200K(2043392K), 0.0165156 secs] [Times: user=0.13 sys=0.00, real=0.02 secs] 
2020-09-29T18:00:50.963+0200: 47.354: [GC (Allocation Failure) [PSYoungGen: 619268K->45029K(635904K)] 623048K->48809K(2034176K), 0.0244119 secs] [Times: user=0.11 sys=0.00, real=0.02 secs] 
2020-09-29T18:00:51.052+0200: 47.443: [GC (Allocation Failure) [PSYoungGen: 635877K->19364K(642048K)] 639657K->23144K(2040320K), 0.0115952 secs] [Times: user=0.00 sys=0.00, real=0.01 secs] 
2020-09-29T18:00:51.123+0200: 47.514: [GC (Allocation Failure) [PSYoungGen: 605604K->27620K(642560K)] 609384K->31400K(2040832K), 0.0173314 secs] [Times: user=0.13 sys=0.00, real=0.02 secs] 
2020-09-29T18:00:51.202+0200: 47.593: [GC (Allocation Failure) [PSYoungGen: 613860K->25957K(644608K)] 617640K->29737K(2042880K), 0.0144453 secs] [Times: user=0.11 sys=0.00, real=0.01 secs] 
2020-09-29T18:00:51.287+0200: 47.678: [GC (Allocation Failure) [PSYoungGen: 615269K->40997K(643584K)] 619049K->44777K(2041856K), 0.0205936 secs] [Times: user=0.13 sys=0.00, real=0.02 secs] 
2020-09-29T18:00:51.366+0200: 47.757: [GC (Allocation Failure) [PSYoungGen: 630309K->41220K(642560K)] 634089K->45000K(2040832K), 0.0232884 secs] [Times: user=0.13 sys=0.00, real=0.02 secs] 
2020-09-29T18:00:51.443+0200: 47.834: [GC (Allocation Failure) [PSYoungGen: 628484K->40613K(628224K)] 632264K->44393K(2026496K), 0.0226211 secs] [Times: user=0.13 sys=0.00, real=0.02 secs] 
2020-09-29T18:00:51.527+0200: 47.917: [GC (Allocation Failure) [PSYoungGen: 627877K->39973K(643072K)] 631657K->43753K(2041344K), 0.0209937 secs] [Times: user=0.13 sys=0.00, real=0.02 secs] 
2020-09-29T18:00:51.604+0200: 47.994: [GC (Allocation Failure) [PSYoungGen: 626725K->38821K(642560K)] 630505K->42601K(2040832K), 0.0234714 secs] [Times: user=0.11 sys=0.00, real=0.03 secs] 
2020-09-29T18:00:51.705+0200: 48.095: [GC (Allocation Failure) [PSYoungGen: 625573K->23780K(643584K)] 629353K->27560K(2041856K), 0.0147341 secs] [Times: user=0.11 sys=0.00, real=0.02 secs] 
2020-09-29T18:00:51.789+0200: 48.179: [GC (Allocation Failure) [PSYoungGen: 612068K->23907K(643584K)] 615848K->27687K(2041856K), 0.0161003 secs] [Times: user=0.13 sys=0.00, real=0.02 secs] 
2020-09-29T18:00:51.863+0200: 48.253: [GC (Allocation Failure) [PSYoungGen: 612195K->23812K(644096K)] 615975K->27592K(2042368K), 0.0141573 secs] [Times: user=0.13 sys=0.00, real=0.01 secs] 
2020-09-29T18:00:51.943+0200: 48.333: [GC (Allocation Failure) [PSYoungGen: 612612K->37989K(643584K)] 616392K->41769K(2041856K), 0.0205781 secs] [Times: user=0.13 sys=0.00, real=0.02 secs] 
2020-09-29T18:00:52.021+0200: 48.411: [GC (Allocation Failure) [PSYoungGen: 626789K->52549K(634368K)] 630569K->56329K(2032640K), 0.0279743 secs] [Times: user=0.11 sys=0.00, real=0.03 secs] 
2020-09-29T18:00:52.099+0200: 48.490: [GC (Allocation Failure) [PSYoungGen: 632645K->30373K(639488K)] 636425K->34153K(2037760K), 0.0159850 secs] [Times: user=0.13 sys=0.00, real=0.02 secs] 
2020-09-29T18:00:52.173+0200: 48.564: [GC (Allocation Failure) [PSYoungGen: 610469K->36261K(642560K)] 614249K->40041K(2040832K), 0.0191836 secs] [Times: user=0.25 sys=0.00, real=0.02 secs] 
2020-09-29T18:00:52.251+0200: 48.641: [GC (Allocation Failure) [PSYoungGen: 620965K->31172K(641024K)] 624745K->34952K(2039296K), 0.0177225 secs] [Times: user=0.13 sys=0.00, real=0.02 secs] 
2020-09-29T18:00:52.326+0200: 48.716: [GC (Allocation Failure) [PSYoungGen: 615876K->41637K(643072K)] 619656K->45417K(2041344K), 0.0231240 secs] [Times: user=0.25 sys=0.00, real=0.02 secs] 
2020-09-29T18:00:52.405+0200: 48.796: [GC (Allocation Failure) [PSYoungGen: 629925K->28036K(643584K)] 633705K->31816K(2041856K), 0.0163962 secs] [Times: user=0.13 sys=0.00, real=0.02 secs] 
2020-09-29T18:00:52.481+0200: 48.871: [GC (Allocation Failure) [PSYoungGen: 616324K->27908K(645120K)] 620104K->31688K(2043392K), 0.0159459 secs] [Times: user=0.13 sys=0.00, real=0.02 secs] 
2020-09-29T18:00:52.550+0200: 48.941: [GC (Allocation Failure) [PSYoungGen: 618244K->44005K(634368K)] 622024K->47785K(2032640K), 0.0227934 secs] [Times: user=0.25 sys=0.00, real=0.02 secs] 
2020-09-29T18:00:52.632+0200: 49.022: [GC (Allocation Failure) [PSYoungGen: 634341K->46437K(638464K)] 638121K->50217K(2036736K), 0.0259244 secs] [Times: user=0.11 sys=0.00, real=0.03 secs] 
2020-09-29T18:00:52.713+0200: 49.103: [GC (Allocation Failure) [PSYoungGen: 629605K->55365K(638976K)] 633385K->59145K(2037248K), 0.0298560 secs] [Times: user=0.25 sys=0.00, real=0.03 secs] 
2020-09-29T18:00:52.795+0200: 49.185: [GC (Allocation Failure) [PSYoungGen: 638533K->36933K(637952K)] 642313K->40713K(2036224K), 0.0203724 secs] [Times: user=0.13 sys=0.00, real=0.02 secs] 
2020-09-29T18:00:52.874+0200: 49.264: [GC (Allocation Failure) [PSYoungGen: 614981K->40677K(638464K)] 618761K->44457K(2036736K), 0.0226338 secs] [Times: user=0.23 sys=0.00, real=0.02 secs] 
2020-09-29T18:00:52.957+0200: 49.347: [GC (Allocation Failure) [PSYoungGen: 618725K->30596K(640512K)] 622505K->34376K(2038784K), 0.0172090 secs] [Times: user=0.25 sys=0.00, real=0.02 secs] 
2020-09-29T18:00:53.032+0200: 49.423: [GC (Allocation Failure) [PSYoungGen: 611716K->22948K(639488K)] 615496K->26728K(2037760K), 0.0128630 secs] [Times: user=0.11 sys=0.00, real=0.01 secs] 
2020-09-29T18:00:53.112+0200: 49.502: [GC (Allocation Failure) [PSYoungGen: 604068K->29861K(641024K)] 607848K->33641K(2039296K), 0.0156414 secs] [Times: user=0.13 sys=0.00, real=0.02 secs] 
2020-09-29T18:00:53.184+0200: 49.574: [GC (Allocation Failure) [PSYoungGen: 612005K->37797K(640000K)] 615785K->41577K(2038272K), 0.0210723 secs] [Times: user=0.11 sys=0.00, real=0.02 secs] 
2020-09-29T18:00:53.260+0200: 49.650: [GC (Allocation Failure) [PSYoungGen: 619941K->30885K(643584K)] 623721K->34665K(2041856K), 0.0167689 secs] [Times: user=0.13 sys=0.00, real=0.02 secs] 
2020-09-29T18:00:53.339+0200: 49.729: [GC (Allocation Failure) [PSYoungGen: 618149K->43941K(642560K)] 621929K->47721K(2040832K), 0.0237272 secs] [Times: user=0.13 sys=0.00, real=0.02 secs] 
2020-09-29T18:00:53.416+0200: 49.807: [GC (Allocation Failure) [PSYoungGen: 631205K->29028K(643584K)] 634985K->32808K(2041856K), 0.0174221 secs] [Times: user=0.13 sys=0.00, real=0.02 secs] 
2020-09-29T18:00:53.490+0200: 49.880: [GC (Allocation Failure) [PSYoungGen: 616292K->55269K(642560K)] 620072K->59433K(2040832K), 0.0298609 secs] [Times: user=0.14 sys=0.00, real=0.03 secs] 
2020-09-29T18:00:53.571+0200: 49.961: [GC (Allocation Failure) [PSYoungGen: 642533K->40868K(635392K)] 646697K->45032K(2033664K), 0.0246627 secs] [Times: user=0.11 sys=0.00, real=0.02 secs] 
2020-09-29T18:00:53.647+0200: 50.038: [GC (Allocation Failure) [PSYoungGen: 619940K->30692K(638976K)] 624104K->34856K(2037248K), 0.0203834 secs] [Times: user=0.09 sys=0.00, real=0.02 secs] 
2020-09-29T18:00:53.721+0200: 50.111: [GC (Allocation Failure) [PSYoungGen: 609764K->35524K(642048K)] 613928K->39688K(2040320K), 0.0201078 secs] [Times: user=0.25 sys=0.00, real=0.02 secs] 
2020-09-29T18:00:53.804+0200: 50.194: [GC (Allocation Failure) [PSYoungGen: 618692K->44453K(640000K)] 622856K->48617K(2038272K), 0.0232324 secs] [Times: user=0.13 sys=0.00, real=0.02 secs] 
2020-09-29T18:00:53.886+0200: 50.276: [GC (Allocation Failure) [PSYoungGen: 627621K->23619K(640000K)] 631785K->27783K(2038272K), 0.0152336 secs] [Times: user=0.13 sys=0.00, real=0.02 secs] 
2020-09-29T18:00:53.958+0200: 50.348: [GC (Allocation Failure) [PSYoungGen: 605763K->31012K(640512K)] 609927K->35176K(2038784K), 0.0189071 secs] [Times: user=0.13 sys=0.00, real=0.02 secs] 
2020-09-29T18:00:54.036+0200: 50.426: [GC (Allocation Failure) [PSYoungGen: 613156K->38661K(643072K)] 617320K->42825K(2041344K), 0.0214982 secs] [Times: user=0.13 sys=0.00, real=0.02 secs] 
2020-09-29T18:00:54.111+0200: 50.501: [GC (Allocation Failure) [PSYoungGen: 624901K->35812K(642048K)] 629065K->39976K(2040320K), 0.0136096 secs] [Times: user=0.13 sys=0.00, real=0.01 secs] 
2020-09-29T18:00:54.178+0200: 50.568: [GC (Allocation Failure) [PSYoungGen: 622052K->47781K(639488K)] 626216K->51945K(2037760K), 0.0175967 secs] [Times: user=0.13 sys=0.00, real=0.02 secs] 
2020-09-29T18:00:54.249+0200: 50.639: [GC (Allocation Failure) [PSYoungGen: 632997K->45093K(630784K)] 637161K->49257K(2029056K), 0.0156497 secs] [Times: user=0.13 sys=0.00, real=0.01 secs] 
2020-09-29T18:00:54.317+0200: 50.707: [GC (Allocation Failure) [PSYoungGen: 630309K->42405K(641536K)] 634473K->46569K(2039808K), 0.0161254 secs] [Times: user=0.13 sys=0.00, real=0.02 secs] 
2020-09-29T18:00:54.384+0200: 50.775: [GC (Allocation Failure) [PSYoungGen: 626085K->51845K(635904K)] 630249K->56009K(2034176K), 0.0177205 secs] [Times: user=0.13 sys=0.00, real=0.02 secs] 
2020-09-29T18:00:54.452+0200: 50.843: [GC (Allocation Failure) [PSYoungGen: 635525K->32996K(639488K)] 639689K->37160K(2037760K), 0.0124255 secs] [Times: user=0.13 sys=0.00, real=0.01 secs] 
2020-09-29T18:00:54.515+0200: 50.906: [GC (Allocation Failure) [PSYoungGen: 612068K->36068K(638464K)] 616232K->40232K(2036736K), 0.0135924 secs] [Times: user=0.13 sys=0.00, real=0.01 secs] 
2020-09-29T18:00:54.581+0200: 50.971: [GC (Allocation Failure) [PSYoungGen: 615140K->40869K(642048K)] 619304K->45033K(2040320K), 0.0161700 secs] [Times: user=0.11 sys=0.00, real=0.02 secs] 
2020-09-29T18:00:54.649+0200: 51.039: [GC (Allocation Failure) [PSYoungGen: 625061K->35972K(641024K)] 629225K->40136K(2039296K), 0.0137711 secs] [Times: user=0.13 sys=0.00, real=0.01 secs] 
2020-09-29T18:00:54.716+0200: 51.106: [GC (Allocation Failure) [PSYoungGen: 620164K->30756K(643584K)] 624328K->34920K(2041856K), 0.0114665 secs] [Times: user=0.13 sys=0.00, real=0.01 secs] 
2020-09-29T18:00:54.783+0200: 51.173: [GC (Allocation Failure) [PSYoungGen: 618532K->15588K(603648K)] 622696K->19752K(2001920K), 0.0059397 secs] [Times: user=0.13 sys=0.00, real=0.01 secs] 
2020-09-29T18:00:54.848+0200: 51.238: [GC (Allocation Failure) [PSYoungGen: 603364K->42789K(640512K)] 607528K->46953K(2038784K), 0.0141479 secs] [Times: user=0.13 sys=0.00, real=0.01 secs] 
2020-09-29T18:00:54.917+0200: 51.308: [GC (Allocation Failure) [PSYoungGen: 625957K->38021K(641024K)] 630121K->42185K(2039296K), 0.0137977 secs] [Times: user=0.13 sys=0.00, real=0.01 secs] 
2020-09-29T18:00:54.981+0200: 51.371: [GC (Allocation Failure) [PSYoungGen: 621189K->30884K(643584K)] 625353K->35048K(2041856K), 0.0115693 secs] [Times: user=0.13 sys=0.00, real=0.01 secs] 
2020-09-29T18:00:55.046+0200: 51.437: [GC (Allocation Failure) [PSYoungGen: 618148K->43909K(642560K)] 622312K->48073K(2040832K), 0.0157092 secs] [Times: user=0.13 sys=0.00, real=0.02 secs] 
2020-09-29T18:00:55.113+0200: 51.503: [GC (Allocation Failure) [PSYoungGen: 631173K->26820K(642560K)] 635337K->30984K(2040832K), 0.0103157 secs] [Times: user=0.13 sys=0.00, real=0.01 secs] 
2020-09-29T18:00:55.174+0200: 51.564: [GC (Allocation Failure) [PSYoungGen: 613060K->23973K(642560K)] 617224K->28137K(2040832K), 0.0085934 secs] [Times: user=0.13 sys=0.00, real=0.01 secs] 
2020-09-29T18:00:55.240+0200: 51.631: [GC (Allocation Failure) [PSYoungGen: 610213K->22373K(642560K)] 614377K->26537K(2040832K), 0.0077071 secs] [Times: user=0.00 sys=0.00, real=0.01 secs] 
2020-09-29T18:00:55.301+0200: 51.692: [GC (Allocation Failure) [PSYoungGen: 608613K->33508K(642560K)] 612777K->37672K(2040832K), 0.0126059 secs] [Times: user=0.03 sys=0.00, real=0.01 secs] 
2020-09-29T18:00:55.364+0200: 51.754: [GC (Allocation Failure) [PSYoungGen: 619748K->17252K(643072K)] 623912K->21416K(2041344K), 0.0065541 secs] [Times: user=0.00 sys=0.00, real=0.01 secs] 
2020-09-29T18:00:55.424+0200: 51.814: [GC (Allocation Failure) [PSYoungGen: 606564K->29796K(644096K)] 610728K->33960K(2042368K), 0.0113288 secs] [Times: user=0.13 sys=0.00, real=0.01 secs] 
2020-09-29T18:00:55.486+0200: 51.877: [GC (Allocation Failure) [PSYoungGen: 619108K->31012K(648192K)] 623272K->35176K(2046464K), 0.0116782 secs] [Times: user=0.13 sys=0.00, real=0.01 secs] 
2020-09-29T18:00:55.552+0200: 51.942: [GC (Allocation Failure) [PSYoungGen: 626468K->38533K(646144K)] 630632K->42697K(2044416K), 0.0140734 secs] [Times: user=0.00 sys=0.00, real=0.01 secs] 
2020-09-29T18:00:55.619+0200: 52.010: [GC (Allocation Failure) [PSYoungGen: 633989K->32421K(649216K)] 638153K->36585K(2047488K), 0.0127505 secs] [Times: user=0.13 sys=0.00, real=0.01 secs] 
2020-09-29T18:00:55.684+0200: 52.074: [GC (Allocation Failure) [PSYoungGen: 630437K->28804K(647680K)] 634601K->32968K(2045952K), 0.0101473 secs] [Times: user=0.13 sys=0.00, real=0.01 secs] 
2020-09-29T18:00:55.746+0200: 52.136: [GC (Allocation Failure) [PSYoungGen: 626820K->38949K(648192K)] 630984K->43113K(2046464K), 0.0126689 secs] [Times: user=0.13 sys=0.00, real=0.01 secs] 
2020-09-29T18:00:55.812+0200: 52.203: [GC (Allocation Failure) [PSYoungGen: 638501K->49637K(649216K)] 642665K->54657K(2047488K), 0.0178996 secs] [Times: user=0.13 sys=0.00, real=0.02 secs] 
2020-09-29T18:00:55.884+0200: 52.275: [GC (Allocation Failure) [PSYoungGen: 649189K->34789K(643072K)] 654209K->39809K(2041344K), 0.0139572 secs] [Times: user=0.13 sys=0.00, real=0.01 secs] 
2020-09-29T18:00:55.954+0200: 52.344: [GC (Allocation Failure) [PSYoungGen: 628197K->26116K(646144K)] 633217K->31136K(2044416K), 0.0109923 secs] [Times: user=0.13 sys=0.00, real=0.01 secs] 
2020-09-29T18:00:56.019+0200: 52.409: [GC (Allocation Failure) [PSYoungGen: 619524K->43524K(642560K)] 624544K->48544K(2040832K), 0.0183997 secs] [Times: user=0.22 sys=0.00, real=0.02 secs] 
2020-09-29T18:00:56.092+0200: 52.482: [GC (Allocation Failure) [PSYoungGen: 633860K->45925K(636416K)] 638880K->50945K(2034688K), 0.0183222 secs] [Times: user=0.11 sys=0.00, real=0.02 secs] 
2020-09-29T18:00:56.164+0200: 52.555: [GC (Allocation Failure) [PSYoungGen: 636261K->48325K(637440K)] 641281K->53345K(2035712K), 0.0174366 secs] [Times: user=0.13 sys=0.00, real=0.02 secs] 
2020-09-29T18:00:56.234+0200: 52.625: [GC (Allocation Failure) [PSYoungGen: 629445K->40453K(640000K)] 634465K->45473K(2038272K), 0.0142169 secs] [Times: user=0.13 sys=0.00, real=0.02 secs] 
2020-09-29T18:00:56.299+0200: 52.690: [GC (Allocation Failure) [PSYoungGen: 621573K->33221K(642048K)] 626593K->38241K(2040320K), 0.0123650 secs] [Times: user=0.11 sys=0.00, real=0.01 secs] 
2020-09-29T18:00:56.361+0200: 52.752: [GC (Allocation Failure) [PSYoungGen: 617413K->12323K(596992K)] 622433K->17343K(1995264K), 0.0051715 secs] [Times: user=0.13 sys=0.00, real=0.01 secs] 
2020-09-29T18:00:56.417+0200: 52.807: [GC (Allocation Failure) [PSYoungGen: 596515K->35877K(642048K)] 601535K->40897K(2040320K), 0.0122642 secs] [Times: user=0.13 sys=0.00, real=0.01 secs] 
2020-09-29T18:00:56.484+0200: 52.874: [GC (Allocation Failure) [PSYoungGen: 619045K->31141K(640000K)] 624065K->36161K(2038272K), 0.0113618 secs] [Times: user=0.13 sys=0.00, real=0.01 secs] 
2020-09-29T18:00:56.551+0200: 52.941: [GC (Allocation Failure) [PSYoungGen: 614309K->39141K(643584K)] 619329K->44161K(2041856K), 0.0151277 secs] [Times: user=0.00 sys=0.00, real=0.01 secs] 
2020-09-29T18:00:56.619+0200: 53.010: [GC (Allocation Failure) [PSYoungGen: 627429K->39589K(643584K)] 632449K->44609K(2041856K), 0.0148255 secs] [Times: user=0.11 sys=0.00, real=0.02 secs] 
2020-09-29T18:00:56.684+0200: 53.075: [GC (Allocation Failure) [PSYoungGen: 627877K->23780K(644096K)] 632897K->28800K(2042368K), 0.0096852 secs] [Times: user=0.13 sys=0.00, real=0.01 secs] 
2020-09-29T18:00:56.744+0200: 53.135: [GC (Allocation Failure) [PSYoungGen: 613092K->38949K(644096K)] 618112K->43969K(2042368K), 0.0131835 secs] [Times: user=0.13 sys=0.00, real=0.01 secs] 
2020-09-29T18:00:56.808+0200: 53.199: [GC (Allocation Failure) [PSYoungGen: 628261K->40261K(644096K)] 633281K->45281K(2042368K), 0.0138166 secs] [Times: user=0.13 sys=0.00, real=0.01 secs] 
2020-09-29T18:00:56.873+0200: 53.264: [GC (Allocation Failure) [PSYoungGen: 629573K->41733K(631296K)] 634593K->46753K(2029568K), 0.0148645 secs] [Times: user=0.13 sys=0.00, real=0.02 secs] 
2020-09-29T18:00:56.942+0200: 53.332: [GC (Allocation Failure) [PSYoungGen: 631045K->29413K(644608K)] 636065K->34433K(2042880K), 0.0115808 secs] [Times: user=0.00 sys=0.00, real=0.01 secs] 
2020-09-29T18:00:57.004+0200: 53.395: [GC (Allocation Failure) [PSYoungGen: 618725K->30788K(643584K)] 623745K->35808K(2041856K), 0.0119131 secs] [Times: user=0.09 sys=0.00, real=0.01 secs] 
2020-09-29T18:00:57.067+0200: 53.457: [GC (Allocation Failure) [PSYoungGen: 620100K->45893K(640512K)] 625120K->50913K(2038784K), 0.0152617 secs] [Times: user=0.00 sys=0.00, real=0.02 secs] 
2020-09-29T18:00:57.134+0200: 53.525: [GC (Allocation Failure) [PSYoungGen: 633157K->45285K(632832K)] 638177K->50305K(2031104K), 0.0157243 secs] [Times: user=0.11 sys=0.00, real=0.02 secs] 
2020-09-29T18:00:57.203+0200: 53.594: [GC (Allocation Failure) [PSYoungGen: 632549K->29669K(642560K)] 637569K->34689K(2040832K), 0.0140076 secs] [Times: user=0.11 sys=0.00, real=0.01 secs] 
2020-09-29T18:00:57.270+0200: 53.660: [GC (Allocation Failure) [PSYoungGen: 614885K->26116K(641536K)] 619905K->31136K(2039808K), 0.0099039 secs] [Times: user=0.00 sys=0.00, real=0.01 secs] 
2020-09-29T18:00:57.335+0200: 53.726: [GC (Allocation Failure) [PSYoungGen: 611332K->36004K(644608K)] 616352K->41024K(2042880K), 0.0165562 secs] [Times: user=0.13 sys=0.00, real=0.02 secs] 
2020-09-29T18:00:57.406+0200: 53.796: [GC (Allocation Failure) [PSYoungGen: 624804K->50629K(639488K)] 629824K->55649K(2037760K), 0.0220342 secs] [Times: user=0.22 sys=0.00, real=0.02 secs] 
2020-09-29T18:00:57.480+0200: 53.871: [GC (Allocation Failure) [PSYoungGen: 639429K->22693K(640512K)] 644449K->27713K(2038784K), 0.0086480 secs] [Times: user=0.00 sys=0.00, real=0.01 secs] 
2020-09-29T18:00:57.539+0200: 53.930: [GC (Allocation Failure) [PSYoungGen: 604837K->44133K(626688K)] 609857K->49153K(2024960K), 0.0156753 secs] [Times: user=0.13 sys=0.00, real=0.02 secs] 
2020-09-29T18:00:57.607+0200: 53.998: [GC (Allocation Failure) [PSYoungGen: 626277K->38405K(641024K)] 631297K->43425K(2039296K), 0.0142535 secs] [Times: user=0.11 sys=0.00, real=0.01 secs] 
2020-09-29T18:00:57.674+0200: 54.064: [GC (Allocation Failure) [PSYoungGen: 620037K->45701K(639488K)] 625057K->50721K(2037760K), 0.0155439 secs] [Times: user=0.13 sys=0.00, real=0.01 secs] 
2020-09-29T18:00:57.740+0200: 54.130: [GC (Allocation Failure) [PSYoungGen: 627333K->23683K(639488K)] 632353K->28703K(2037760K), 0.0098717 secs] [Times: user=0.00 sys=0.00, real=0.01 secs] 
2020-09-29T18:00:57.800+0200: 54.191: [GC (Allocation Failure) [PSYoungGen: 603779K->43301K(623616K)] 608799K->48321K(2021888K), 0.0152467 secs] [Times: user=0.13 sys=0.00, real=0.02 secs] 
2020-09-29T18:00:57.866+0200: 54.257: [GC (Allocation Failure) [PSYoungGen: 623397K->35397K(641024K)] 628417K->40417K(2039296K), 0.0123509 secs] [Times: user=0.02 sys=0.00, real=0.01 secs] 
2020-09-29T18:00:57.928+0200: 54.319: [GC (Allocation Failure) [PSYoungGen: 616517K->42309K(638976K)] 621537K->47329K(2037248K), 0.0148501 secs] [Times: user=0.13 sys=0.00, real=0.02 secs] 
2020-09-29T18:00:57.994+0200: 54.385: [GC (Allocation Failure) [PSYoungGen: 623429K->35525K(643072K)] 628449K->40545K(2041344K), 0.0122213 secs] [Times: user=0.13 sys=0.00, real=0.01 secs] 
2020-09-29T18:00:58.058+0200: 54.449: [GC (Allocation Failure) [PSYoungGen: 620669K->16610K(641024K)] 625689K->21630K(2039296K), 0.0085277 secs] [Times: user=0.13 sys=0.00, real=0.01 secs] 
2020-09-29T18:00:58.117+0200: 54.507: [GC (Allocation Failure) [PSYoungGen: 601826K->41060K(640512K)] 606846K->46080K(2038784K), 0.0150896 secs] [Times: user=0.13 sys=0.00, real=0.01 secs] 
2020-09-29T18:00:58.184+0200: 54.575: [GC (Allocation Failure) [PSYoungGen: 624228K->20803K(641024K)] 629248K->25823K(2039296K), 0.0122801 secs] [Times: user=0.09 sys=0.00, real=0.01 secs] 
2020-09-29T18:00:58.254+0200: 54.645: [GC (Allocation Failure) [PSYoungGen: 603971K->29765K(642560K)] 608991K->34785K(2040832K), 0.0115929 secs] [Times: user=0.00 sys=0.00, real=0.01 secs] 
2020-09-29T18:00:58.321+0200: 54.712: [GC (Allocation Failure) [PSYoungGen: 614469K->40261K(641024K)] 619489K->45281K(2039296K), 0.0139607 secs] [Times: user=0.13 sys=0.00, real=0.01 secs] 
2020-09-29T18:00:58.385+0200: 54.776: [GC (Allocation Failure) [PSYoungGen: 624965K->23268K(642560K)] 629985K->28288K(2040832K), 0.0083914 secs] [Times: user=0.00 sys=0.00, real=0.01 secs] 
2020-09-29T18:00:58.447+0200: 54.838: [GC (Allocation Failure) [PSYoungGen: 609508K->35269K(642560K)] 614528K->40289K(2040832K), 0.0123983 secs] [Times: user=0.13 sys=0.00, real=0.01 secs] 
2020-09-29T18:00:58.511+0200: 54.902: [GC (Allocation Failure) [PSYoungGen: 621509K->31652K(646144K)] 626529K->36672K(2044416K), 0.0115367 secs] [Times: user=0.13 sys=0.00, real=0.01 secs] 
2020-09-29T18:00:58.577+0200: 54.968: [GC (Allocation Failure) [PSYoungGen: 623012K->21413K(644096K)] 628032K->26433K(2042368K), 0.0071762 secs] [Times: user=0.11 sys=0.00, real=0.01 secs] 
2020-09-29T18:00:58.640+0200: 55.031: [GC (Allocation Failure) [PSYoungGen: 612773K->36869K(646144K)] 617793K->41889K(2044416K), 0.0136252 secs] [Times: user=0.13 sys=0.00, real=0.01 secs] 
2020-09-29T18:00:58.705+0200: 55.096: [GC (Allocation Failure) [PSYoungGen: 630277K->42213K(635904K)] 635297K->47233K(2034176K), 0.0148771 secs] [Times: user=0.13 sys=0.00, real=0.02 secs] 
2020-09-29T18:00:58.772+0200: 55.163: [GC (Allocation Failure) [PSYoungGen: 635621K->33861K(646656K)] 640641K->38881K(2044928K), 0.0116659 secs] [Times: user=0.00 sys=0.00, real=0.01 secs] 
2020-09-29T18:00:58.834+0200: 55.225: [GC (Allocation Failure) [PSYoungGen: 626245K->22115K(644608K)] 631265K->27135K(2042880K), 0.0090473 secs] [Times: user=0.00 sys=0.00, real=0.01 secs] 
2020-09-29T18:00:58.895+0200: 55.286: [GC (Allocation Failure) [PSYoungGen: 614499K->11363K(642560K)] 619519K->16383K(2040832K), 0.0046275 secs] [Times: user=0.00 sys=0.00, real=0.00 secs] 
2020-09-29T18:00:58.950+0200: 55.341: [GC (Allocation Failure) [PSYoungGen: 601699K->41157K(631808K)] 606719K->46177K(2030080K), 0.0144065 secs] [Times: user=0.13 sys=0.00, real=0.01 secs] 
2020-09-29T18:00:59.016+0200: 55.407: [GC (Allocation Failure) [PSYoungGen: 631493K->43525K(638976K)] 636513K->48545K(2037248K), 0.0177710 secs] [Times: user=0.09 sys=0.00, real=0.02 secs] 
2020-09-29T18:00:59.086+0200: 55.476: [GC (Allocation Failure) [PSYoungGen: 626693K->38533K(641024K)] 631713K->43553K(2039296K), 0.0138709 secs] [Times: user=0.13 sys=0.00, real=0.01 secs] 
2020-09-29T18:00:59.151+0200: 55.541: [GC (Allocation Failure) [PSYoungGen: 621701K->47493K(635392K)] 626721K->52513K(2033664K), 0.0157403 secs] [Times: user=0.13 sys=0.00, real=0.01 secs] 
2020-09-29T18:00:59.220+0200: 55.611: [GC (Allocation Failure) [PSYoungGen: 625541K->37316K(638464K)] 630561K->42336K(2036736K), 0.0152536 secs] [Times: user=0.13 sys=0.00, real=0.01 secs] 
2020-09-29T18:00:59.287+0200: 55.677: [GC (Allocation Failure) [PSYoungGen: 615364K->27301K(641024K)] 620384K->32321K(2039296K), 0.0094749 secs] [Times: user=0.00 sys=0.00, real=0.01 secs] 
2020-09-29T18:00:59.346+0200: 55.737: [GC (Allocation Failure) [PSYoungGen: 609445K->34500K(640000K)] 614465K->39520K(2038272K), 0.0128302 secs] [Times: user=0.13 sys=0.00, real=0.01 secs] 
2020-09-29T18:00:59.409+0200: 55.800: [GC (Allocation Failure) [PSYoungGen: 616644K->28101K(644608K)] 621664K->33121K(2042880K), 0.0108525 secs] [Times: user=0.13 sys=0.00, real=0.01 secs] 
2020-09-29T18:00:59.470+0200: 55.861: [GC (Allocation Failure) [PSYoungGen: 617413K->42020K(643584K)] 622433K->47040K(2041856K), 0.0157473 secs] [Times: user=0.13 sys=0.00, real=0.02 secs] 
2020-09-29T18:00:59.538+0200: 55.928: [GC (Allocation Failure) [PSYoungGen: 631332K->29701K(644608K)] 636352K->34721K(2042880K), 0.0105444 secs] [Times: user=0.00 sys=0.00, real=0.01 secs] 
2020-09-29T18:00:59.602+0200: 55.993: [GC (Allocation Failure) [PSYoungGen: 619013K->44869K(634368K)] 624033K->49889K(2032640K), 0.0170364 secs] [Times: user=0.11 sys=0.00, real=0.02 secs] 
2020-09-29T18:00:59.670+0200: 56.061: [GC (Allocation Failure) [PSYoungGen: 634181K->46213K(638464K)] 639201K->51233K(2036736K), 0.0157659 secs] [Times: user=0.13 sys=0.00, real=0.02 secs] 
2020-09-29T18:00:59.737+0200: 56.128: [GC (Allocation Failure) [PSYoungGen: 628357K->25794K(640512K)] 633377K->30814K(2038784K), 0.0109064 secs] [Times: user=0.13 sys=0.00, real=0.01 secs] 
2020-09-29T18:00:59.799+0200: 56.189: [GC (Allocation Failure) [PSYoungGen: 607938K->47301K(636928K)] 612958K->52321K(2035200K), 0.0165686 secs] [Times: user=0.13 sys=0.00, real=0.02 secs] 
2020-09-29T18:00:59.871+0200: 56.262: [GC (Allocation Failure) [PSYoungGen: 626373K->37924K(638976K)] 631393K->42944K(2037248K), 0.0140090 secs] [Times: user=0.13 sys=0.00, real=0.01 secs] 
2020-09-29T18:00:59.937+0200: 56.327: [GC (Allocation Failure) [PSYoungGen: 616996K->27236K(641024K)] 622016K->32256K(2039296K), 0.0104315 secs] [Times: user=0.13 sys=0.00, real=0.01 secs] 
2020-09-29T18:00:59.997+0200: 56.387: [GC (Allocation Failure) [PSYoungGen: 609892K->49317K(632320K)] 614912K->54337K(2030592K), 0.0168813 secs] [Times: user=0.13 sys=0.00, real=0.02 secs] 
2020-09-29T18:01:00.067+0200: 56.458: [GC (Allocation Failure) [PSYoungGen: 631973K->44005K(637952K)] 636993K->49025K(2036224K), 0.0194796 secs] [Times: user=0.13 sys=0.00, real=0.02 secs] 
2020-09-29T18:01:00.137+0200: 56.527: [GC (Allocation Failure) [PSYoungGen: 621029K->33093K(637952K)] 626049K->38113K(2036224K), 0.0117179 secs] [Times: user=0.13 sys=0.00, real=0.01 secs] 
2020-09-29T18:01:00.200+0200: 56.591: [GC (Allocation Failure) [PSYoungGen: 610117K->34980K(641536K)] 615137K->40000K(2039808K), 0.0176403 secs] [Times: user=0.09 sys=0.00, real=0.02 secs] 
2020-09-29T18:01:00.270+0200: 56.660: [GC (Allocation Failure) [PSYoungGen: 617124K->42853K(639488K)] 622144K->47873K(2037760K), 0.0146722 secs] [Times: user=0.00 sys=0.00, real=0.02 secs] 
2020-09-29T18:01:00.335+0200: 56.725: [GC (Allocation Failure) [PSYoungGen: 624997K->36836K(643072K)] 630017K->41856K(2041344K), 0.0131403 secs] [Times: user=0.13 sys=0.00, real=0.01 secs] 
2020-09-29T18:01:00.399+0200: 56.790: [GC (Allocation Failure) [PSYoungGen: 622052K->32292K(641024K)] 627072K->37312K(2039296K), 0.0118225 secs] [Times: user=0.11 sys=0.00, real=0.01 secs] 
2020-09-29T18:01:00.462+0200: 56.853: [GC (Allocation Failure) [PSYoungGen: 617508K->43333K(643072K)] 622528K->48353K(2041344K), 0.0152832 secs] [Times: user=0.13 sys=0.00, real=0.02 secs] 
2020-09-29T18:01:00.528+0200: 56.919: [GC (Allocation Failure) [PSYoungGen: 631621K->43364K(631808K)] 636641K->48384K(2030080K), 0.0156981 secs] [Times: user=0.13 sys=0.00, real=0.02 secs] 
2020-09-29T18:01:00.598+0200: 56.988: [GC (Allocation Failure) [PSYoungGen: 631652K->28836K(643072K)] 636672K->33856K(2041344K), 0.0133353 secs] [Times: user=0.00 sys=0.00, real=0.01 secs] 
2020-09-29T18:01:00.663+0200: 57.053: [GC (Allocation Failure) [PSYoungGen: 616100K->27844K(643072K)] 621120K->32864K(2041344K), 0.0102842 secs] [Times: user=0.00 sys=0.00, real=0.01 secs] 
2020-09-29T18:01:00.726+0200: 57.117: [GC (Allocation Failure) [PSYoungGen: 615108K->25956K(643584K)] 620128K->30976K(2041856K), 0.0100577 secs] [Times: user=0.00 sys=0.00, real=0.01 secs] 
2020-09-29T18:01:00.788+0200: 57.178: [GC (Allocation Failure) [PSYoungGen: 614244K->40005K(643584K)] 619264K->45025K(2041856K), 0.0135375 secs] [Times: user=0.00 sys=0.00, real=0.01 secs] 
2020-09-29T18:01:00.852+0200: 57.243: [GC (Allocation Failure) [PSYoungGen: 628293K->25700K(644096K)] 633313K->30720K(2042368K), 0.0097863 secs] [Times: user=0.00 sys=0.00, real=0.01 secs] 
2020-09-29T18:01:00.919+0200: 57.310: [GC (Allocation Failure) [PSYoungGen: 614500K->38980K(643584K)] 619520K->44000K(2041856K), 0.0140704 secs] [Times: user=0.13 sys=0.00, real=0.01 secs] 
2020-09-29T18:01:00.986+0200: 57.376: [GC (Allocation Failure) [PSYoungGen: 627780K->39845K(644608K)] 632800K->44865K(2042880K), 0.0137472 secs] [Times: user=0.13 sys=0.00, real=0.01 secs] 
2020-09-29T18:01:01.055+0200: 57.446: [GC (Allocation Failure) [PSYoungGen: 630181K->26692K(644608K)] 635201K->31712K(2042880K), 0.0104515 secs] [Times: user=0.00 sys=0.00, real=0.01 secs] 
2020-09-29T18:01:01.117+0200: 57.508: [GC (Allocation Failure) [PSYoungGen: 617028K->14628K(642048K)] 622048K->19648K(2040320K), 0.0055318 secs] [Times: user=0.00 sys=0.00, real=0.01 secs] 
2020-09-29T18:01:01.180+0200: 57.571: [GC (Allocation Failure) [PSYoungGen: 602916K->28677K(643584K)] 607936K->33697K(2041856K), 0.0118325 secs] [Times: user=0.11 sys=0.00, real=0.01 secs] 
2020-09-29T18:01:01.248+0200: 57.639: [GC (Allocation Failure) [PSYoungGen: 616965K->27237K(646144K)] 621985K->32257K(2044416K), 0.0095125 secs] [Times: user=0.13 sys=0.00, real=0.01 secs] 
2020-09-29T18:01:01.314+0200: 57.704: [GC (Allocation Failure) [PSYoungGen: 619621K->31204K(645120K)] 624641K->36224K(2043392K), 0.0111279 secs] [Times: user=0.13 sys=0.00, real=0.01 secs] 
2020-09-29T18:01:01.380+0200: 57.770: [GC (Allocation Failure) [PSYoungGen: 623588K->20772K(648192K)] 628608K->25792K(2046464K), 0.0093071 secs] [Times: user=0.00 sys=0.00, real=0.01 secs] 
2020-09-29T18:01:01.445+0200: 57.836: [GC (Allocation Failure) [PSYoungGen: 618276K->30309K(648192K)] 623296K->35329K(2046464K), 0.0113638 secs] [Times: user=0.00 sys=0.00, real=0.01 secs] 
2020-09-29T18:01:01.513+0200: 57.903: [GC (Allocation Failure) [PSYoungGen: 627813K->39973K(646144K)] 632833K->44993K(2044416K), 0.0138674 secs] [Times: user=0.13 sys=0.00, real=0.01 secs] 
2020-09-29T18:01:01.582+0200: 57.973: [GC (Allocation Failure) [PSYoungGen: 637477K->33827K(648192K)] 642497K->38847K(2046464K), 0.0141469 secs] [Times: user=0.11 sys=0.00, real=0.01 secs] 
2020-09-29T18:01:01.649+0200: 58.040: [GC (Allocation Failure) [PSYoungGen: 631331K->28900K(650752K)] 636351K->33920K(2049024K), 0.0113315 secs] [Times: user=0.13 sys=0.00, real=0.01 secs] 
2020-09-29T18:01:01.714+0200: 58.104: [GC (Allocation Failure) [PSYoungGen: 629988K->27876K(649216K)] 635008K->32896K(2047488K), 0.0100716 secs] [Times: user=0.13 sys=0.00, real=0.01 secs] 
2020-09-29T18:01:01.775+0200: 58.166: [GC (Allocation Failure) [PSYoungGen: 628964K->41061K(647680K)] 633984K->46081K(2045952K), 0.0143091 secs] [Times: user=0.13 sys=0.00, real=0.01 secs] 
2020-09-29T18:01:01.842+0200: 58.232: [GC (Allocation Failure) [PSYoungGen: 641637K->26373K(649728K)] 646657K->31393K(2048000K), 0.0087597 secs] [Times: user=0.13 sys=0.00, real=0.01 secs] 
2020-09-29T18:01:01.904+0200: 58.294: [GC (Allocation Failure) [PSYoungGen: 626949K->23748K(650752K)] 631969K->28768K(2049024K), 0.0089206 secs] [Times: user=0.13 sys=0.00, real=0.01 secs] 
2020-09-29T18:01:01.966+0200: 58.356: [GC (Allocation Failure) [PSYoungGen: 625860K->37796K(640000K)] 630880K->42816K(2038272K), 0.0136066 secs] [Times: user=0.13 sys=0.00, real=0.01 secs] 
2020-09-29T18:01:02.032+0200: 58.422: [GC (Allocation Failure) [PSYoungGen: 639908K->37476K(648704K)] 644928K->42496K(2046976K), 0.0138637 secs] [Times: user=0.13 sys=0.00, real=0.01 secs] 
2020-09-29T18:01:02.097+0200: 58.487: [GC (Allocation Failure) [PSYoungGen: 637028K->19362K(619008K)] 642048K->24382K(2017280K), 0.0102780 secs] [Times: user=0.11 sys=0.00, real=0.01 secs] 
2020-09-29T18:01:02.161+0200: 58.551: [GC (Allocation Failure) [PSYoungGen: 618914K->44677K(642560K)] 623934K->49697K(2040832K), 0.0155075 secs] [Times: user=0.13 sys=0.00, real=0.02 secs] 
2020-09-29T18:01:02.230+0200: 58.621: [GC (Allocation Failure) [PSYoungGen: 637061K->49189K(642048K)] 642081K->54209K(2040320K), 0.0162969 secs] [Times: user=0.13 sys=0.00, real=0.02 secs] 
2020-09-29T18:01:02.298+0200: 58.688: [GC (Allocation Failure) [PSYoungGen: 641573K->37604K(642560K)] 646593K->42624K(2040832K), 0.0148129 secs] [Times: user=0.11 sys=0.00, real=0.01 secs] 
2020-09-29T18:01:02.364+0200: 58.754: [GC (Allocation Failure) [PSYoungGen: 623332K->49061K(634880K)] 628352K->54081K(2033152K), 0.0169327 secs] [Times: user=0.13 sys=0.00, real=0.02 secs] 
2020-09-29T18:01:02.432+0200: 58.822: [GC (Allocation Failure) [PSYoungGen: 634789K->32741K(641024K)] 639809K->37761K(2039296K), 0.0108628 secs] [Times: user=0.13 sys=0.00, real=0.01 secs] 
2020-09-29T18:01:02.494+0200: 58.884: [GC (Allocation Failure) [PSYoungGen: 613861K->39557K(638976K)] 618881K->44577K(2037248K), 0.0141782 secs] [Times: user=0.13 sys=0.00, real=0.01 secs] 
2020-09-29T18:01:02.558+0200: 58.948: [GC (Allocation Failure) [PSYoungGen: 620677K->32773K(643072K)] 625697K->37793K(2041344K), 0.0111058 secs] [Times: user=0.13 sys=0.00, real=0.01 secs] 
2020-09-29T18:01:02.625+0200: 59.016: [GC (Allocation Failure) [PSYoungGen: 618501K->30500K(641536K)] 623521K->35520K(2039808K), 0.0122965 secs] [Times: user=0.11 sys=0.00, real=0.01 secs] 
2020-09-29T18:01:02.691+0200: 59.081: [GC (Allocation Failure) [PSYoungGen: 616228K->42085K(642560K)] 621248K->47105K(2040832K), 0.0143008 secs] [Times: user=0.13 sys=0.00, real=0.02 secs] 
2020-09-29T18:01:02.758+0200: 59.148: [GC (Allocation Failure) [PSYoungGen: 630373K->27972K(643584K)] 635393K->32992K(2041856K), 0.0102968 secs] [Times: user=0.00 sys=0.00, real=0.01 secs] 
2020-09-29T18:01:02.819+0200: 59.209: [GC (Allocation Failure) [PSYoungGen: 616260K->28357K(645120K)] 621280K->33377K(2043392K), 0.0095158 secs] [Times: user=0.00 sys=0.00, real=0.01 secs] 
2020-09-29T18:01:02.879+0200: 59.269: [GC (Allocation Failure) [PSYoungGen: 618693K->44485K(634880K)] 623713K->49505K(2033152K), 0.0152123 secs] [Times: user=0.13 sys=0.00, real=0.02 secs] 
2020-09-29T18:01:02.944+0200: 59.334: [GC (Allocation Failure) [PSYoungGen: 634821K->31620K(644608K)] 639841K->36640K(2042880K), 0.0116082 secs] [Times: user=0.00 sys=0.00, real=0.01 secs] 
2020-09-29T18:01:03.007+0200: 59.397: [GC (Allocation Failure) [PSYoungGen: 620420K->32485K(643072K)] 625440K->37505K(2041344K), 0.0107845 secs] [Times: user=0.00 sys=0.00, real=0.01 secs] 
2020-09-29T18:01:03.069+0200: 59.459: [GC (Allocation Failure) [PSYoungGen: 621285K->52709K(630784K)] 626305K->65721K(2029056K), 0.0218756 secs] [Times: user=0.13 sys=0.00, real=0.02 secs] 
2020-09-29T18:01:03.144+0200: 59.534: [GC (Allocation Failure) [PSYoungGen: 630757K->35684K(638464K)] 643769K->48696K(2036736K), 0.0146884 secs] [Times: user=0.08 sys=0.00, real=0.01 secs] 
2020-09-29T18:01:03.215+0200: 59.605: [GC (Allocation Failure) [PSYoungGen: 613732K->25476K(640512K)] 626744K->38488K(2038784K), 0.0125758 secs] [Times: user=0.09 sys=0.00, real=0.01 secs] 
2020-09-29T18:01:03.285+0200: 59.675: [GC (Allocation Failure) [PSYoungGen: 607620K->46981K(629248K)] 620632K->59993K(2027520K), 0.0190357 secs] [Times: user=0.22 sys=0.00, real=0.02 secs] 
2020-09-29T18:01:03.356+0200: 59.747: [GC (Allocation Failure) [PSYoungGen: 629125K->12579K(635392K)] 642137K->25591K(2033664K), 0.0063046 secs] [Times: user=0.00 sys=0.00, real=0.01 secs] 
2020-09-29T18:01:03.418+0200: 59.808: [GC (Allocation Failure) [PSYoungGen: 587555K->26853K(636928K)] 600567K->39865K(2035200K), 0.0097158 secs] [Times: user=0.13 sys=0.00, real=0.01 secs] 
2020-09-29T18:01:03.478+0200: 59.868: [GC (Allocation Failure) [PSYoungGen: 601829K->54981K(627712K)] 614841K->67993K(2025984K), 0.0187167 secs] [Times: user=0.13 sys=0.00, real=0.02 secs] 
2020-09-29T18:01:03.546+0200: 59.936: [GC (Allocation Failure) [PSYoungGen: 621765K->33893K(632832K)] 634777K->46905K(2031104K), 0.0118590 secs] [Times: user=0.13 sys=0.00, real=0.01 secs] 
2020-09-29T18:01:03.611+0200: 60.001: [GC (Allocation Failure) [PSYoungGen: 600677K->38917K(636928K)] 613689K->51929K(2035200K), 0.0146785 secs] [Times: user=0.09 sys=0.00, real=0.01 secs] 
2020-09-29T18:01:03.676+0200: 60.066: [GC (Allocation Failure) [PSYoungGen: 612357K->38085K(635392K)] 625369K->51097K(2033664K), 0.0132557 secs] [Times: user=0.13 sys=0.00, real=0.01 secs] 
2020-09-29T18:01:03.738+0200: 60.128: [GC (Allocation Failure) [PSYoungGen: 611525K->7554K(633856K)] 624537K->20566K(2032128K), 0.0041714 secs] [Times: user=0.13 sys=0.00, real=0.00 secs] 
2020-09-29T18:01:03.795+0200: 60.185: [GC (Allocation Failure) [PSYoungGen: 581506K->48357K(622592K)] 594518K->61369K(2020864K), 0.0165697 secs] [Times: user=0.13 sys=0.00, real=0.02 secs] 
2020-09-29T18:01:03.862+0200: 60.252: [GC (Allocation Failure) [PSYoungGen: 622309K->33956K(636416K)] 635321K->46968K(2034688K), 0.0129730 secs] [Times: user=0.13 sys=0.00, real=0.01 secs] 
2020-09-29T18:01:03.924+0200: 60.314: [GC (Allocation Failure) [PSYoungGen: 605348K->44773K(633856K)] 618360K->57785K(2032128K), 0.0153486 secs] [Times: user=0.13 sys=0.00, real=0.01 secs] 
2020-09-29T18:01:03.988+0200: 60.378: [GC (Allocation Failure) [PSYoungGen: 616165K->41925K(635904K)] 629177K->54937K(2034176K), 0.0145576 secs] [Times: user=0.13 sys=0.00, real=0.02 secs] 
2020-09-29T18:01:04.053+0200: 60.443: [GC (Allocation Failure) [PSYoungGen: 614341K->23619K(635392K)] 627353K->36631K(2033664K), 0.0100261 secs] [Times: user=0.00 sys=0.00, real=0.01 secs] 
2020-09-29T18:01:04.113+0200: 60.503: [GC (Allocation Failure) [PSYoungGen: 596035K->34756K(638976K)] 609047K->47768K(2037248K), 0.0136293 secs] [Times: user=0.08 sys=0.00, real=0.01 secs] 
2020-09-29T18:01:04.178+0200: 60.568: [GC (Allocation Failure) [PSYoungGen: 611268K->37093K(636416K)] 624280K->50105K(2034688K), 0.0153244 secs] [Times: user=0.11 sys=0.00, real=0.02 secs] 
2020-09-29T18:01:04.246+0200: 60.637: [GC (Allocation Failure) [PSYoungGen: 613605K->38372K(642048K)] 626617K->51384K(2040320K), 0.0142398 secs] [Times: user=0.13 sys=0.00, real=0.01 secs] 
2020-09-29T18:01:04.311+0200: 60.702: [GC (Allocation Failure) [PSYoungGen: 622564K->19107K(641024K)] 635576K->32119K(2039296K), 0.0079369 secs] [Times: user=0.13 sys=0.00, real=0.01 secs] 
2020-09-29T18:01:04.369+0200: 60.760: [GC (Allocation Failure) [PSYoungGen: 603299K->25508K(642048K)] 616311K->38520K(2040320K), 0.0101648 secs] [Times: user=0.01 sys=0.00, real=0.01 secs] 
2020-09-29T18:01:04.430+0200: 60.820: [GC (Allocation Failure) [PSYoungGen: 609700K->34340K(641024K)] 622712K->47352K(2039296K), 0.0126435 secs] [Times: user=0.13 sys=0.00, real=0.01 secs] 
2020-09-29T18:01:04.493+0200: 60.883: [GC (Allocation Failure) [PSYoungGen: 618532K->28387K(645120K)] 631544K->41399K(2043392K), 0.0113150 secs] [Times: user=0.00 sys=0.00, real=0.01 secs] 
2020-09-29T18:01:04.556+0200: 60.946: [GC (Allocation Failure) [PSYoungGen: 618723K->29924K(644096K)] 631735K->42936K(2042368K), 0.0127400 secs] [Times: user=0.11 sys=0.00, real=0.01 secs] 
2020-09-29T18:01:04.634+0200: 61.024: [GC (Allocation Failure) [PSYoungGen: 620260K->32389K(648704K)] 633272K->45401K(2046976K), 0.0119427 secs] [Times: user=0.13 sys=0.00, real=0.01 secs] 
2020-09-29T18:01:04.697+0200: 61.087: [GC (Allocation Failure) [PSYoungGen: 629381K->41445K(647168K)] 642393K->54457K(2045440K), 0.0147878 secs] [Times: user=0.13 sys=0.00, real=0.01 secs] 
2020-09-29T18:01:04.763+0200: 61.154: [GC (Allocation Failure) [PSYoungGen: 638437K->34948K(648704K)] 651449K->47960K(2046976K), 0.0125309 secs] [Times: user=0.13 sys=0.00, real=0.01 secs] 
2020-09-29T18:01:04.827+0200: 61.218: [GC (Allocation Failure) [PSYoungGen: 631940K->15300K(647168K)] 644952K->28312K(2045440K), 0.0057128 secs] [Times: user=0.13 sys=0.00, real=0.01 secs] 
2020-09-29T18:01:04.886+0200: 61.276: [GC (Allocation Failure) [PSYoungGen: 612292K->20707K(647168K)] 625304K->33719K(2045440K), 0.0085846 secs] [Times: user=0.02 sys=0.00, real=0.01 secs] 
2020-09-29T18:01:04.946+0200: 61.337: [GC (Allocation Failure) [PSYoungGen: 616163K->28293K(647168K)] 629175K->41305K(2045440K), 0.0098448 secs] [Times: user=0.00 sys=0.00, real=0.01 secs] 
2020-09-29T18:01:05.007+0200: 61.397: [GC (Allocation Failure) [PSYoungGen: 623749K->21476K(649216K)] 636761K->34488K(2047488K), 0.0079817 secs] [Times: user=0.00 sys=0.00, real=0.01 secs] 
2020-09-29T18:01:05.070+0200: 61.460: [GC (Allocation Failure) [PSYoungGen: 620516K->46309K(645632K)] 633528K->59321K(2043904K), 0.0161160 secs] [Times: user=0.13 sys=0.00, real=0.02 secs] 
2020-09-29T18:01:05.141+0200: 61.531: [GC (Allocation Failure) [PSYoungGen: 645349K->29636K(647168K)] 658361K->42648K(2045440K), 0.0137049 secs] [Times: user=0.11 sys=0.00, real=0.01 secs] 
2020-09-29T18:01:05.207+0200: 61.597: [GC (Allocation Failure) [PSYoungGen: 623556K->21027K(645632K)] 636568K->34039K(2043904K), 0.0124209 secs] [Times: user=0.09 sys=0.00, real=0.01 secs] 
2020-09-29T18:01:05.273+0200: 61.663: [GC (Allocation Failure) [PSYoungGen: 614947K->40709K(644096K)] 627959K->53721K(2042368K), 0.0167638 secs] [Times: user=0.13 sys=0.00, real=0.02 secs] 
2020-09-29T18:01:05.340+0200: 61.731: [GC (Allocation Failure) [PSYoungGen: 633093K->30052K(645632K)] 646105K->43064K(2043904K), 0.0115674 secs] [Times: user=0.13 sys=0.00, real=0.01 secs] 
2020-09-29T18:01:05.403+0200: 61.793: [GC (Allocation Failure) [PSYoungGen: 622436K->34533K(648192K)] 635448K->47545K(2046464K), 0.0115276 secs] [Times: user=0.13 sys=0.00, real=0.01 secs] 
2020-09-29T18:01:05.465+0200: 61.856: [GC (Allocation Failure) [PSYoungGen: 631525K->43140K(640512K)] 644537K->56152K(2038784K), 0.0157330 secs] [Times: user=0.13 sys=0.00, real=0.02 secs] 
2020-09-29T18:01:05.533+0200: 61.923: [GC (Allocation Failure) [PSYoungGen: 640132K->38533K(645632K)] 653144K->51545K(2043904K), 0.0135920 secs] [Times: user=0.13 sys=0.00, real=0.01 secs] 
2020-09-29T18:01:05.600+0200: 61.990: [GC (Allocation Failure) [PSYoungGen: 630917K->28612K(645632K)] 643929K->41624K(2043904K), 0.0108927 secs] [Times: user=0.00 sys=0.00, real=0.01 secs] 
2020-09-29T18:01:05.663+0200: 62.054: [GC (Allocation Failure) [PSYoungGen: 620996K->31236K(648704K)] 634008K->44248K(2046976K), 0.0114264 secs] [Times: user=0.00 sys=0.00, real=0.01 secs] 
2020-09-29T18:01:05.726+0200: 62.117: [GC (Allocation Failure) [PSYoungGen: 627716K->39781K(646656K)] 640728K->52793K(2044928K), 0.0142464 secs] [Times: user=0.13 sys=0.00, real=0.01 secs] 
2020-09-29T18:01:05.792+0200: 62.182: [GC (Allocation Failure) [PSYoungGen: 636261K->33156K(649216K)] 649273K->46168K(2047488K), 0.0126159 secs] [Times: user=0.13 sys=0.00, real=0.01 secs] 
2020-09-29T18:01:05.856+0200: 62.246: [GC (Allocation Failure) [PSYoungGen: 631172K->29284K(647680K)] 644184K->42296K(2045952K), 0.0110250 secs] [Times: user=0.13 sys=0.00, real=0.01 secs] 
2020-09-29T18:01:05.918+0200: 62.308: [GC (Allocation Failure) [PSYoungGen: 627300K->39301K(648192K)] 640312K->52313K(2046464K), 0.0135614 secs] [Times: user=0.13 sys=0.00, real=0.01 secs] 
2020-09-29T18:01:05.984+0200: 62.374: [GC (Allocation Failure) [PSYoungGen: 638853K->37253K(649216K)] 651865K->50265K(2047488K), 0.0126196 secs] [Times: user=0.13 sys=0.00, real=0.01 secs] 
2020-09-29T18:01:06.048+0200: 62.438: [GC (Allocation Failure) [PSYoungGen: 636805K->48869K(641536K)] 649817K->61881K(2039808K), 0.0164747 secs] [Times: user=0.13 sys=0.00, real=0.02 secs] 
2020-09-29T18:01:06.115+0200: 62.505: [GC (Allocation Failure) [PSYoungGen: 641253K->39685K(645632K)] 654265K->52697K(2043904K), 0.0132306 secs] [Times: user=0.00 sys=0.00, real=0.01 secs] 
2020-09-29T18:01:06.181+0200: 62.572: [GC (Allocation Failure) [PSYoungGen: 632069K->30501K(646656K)] 645081K->43513K(2044928K), 0.0134836 secs] [Times: user=0.11 sys=0.00, real=0.01 secs] 
2020-09-29T18:01:06.248+0200: 62.639: [GC (Allocation Failure) [PSYoungGen: 623909K->35941K(645632K)] 636921K->48953K(2043904K), 0.0126642 secs] [Times: user=0.13 sys=0.00, real=0.01 secs] 
2020-09-29T18:01:06.314+0200: 62.704: [GC (Allocation Failure) [PSYoungGen: 629349K->41413K(646144K)] 642361K->54425K(2044416K), 0.0147634 secs] [Times: user=0.13 sys=0.00, real=0.01 secs] 
2020-09-29T18:01:06.379+0200: 62.770: [GC (Allocation Failure) [PSYoungGen: 636869K->48965K(644608K)] 649881K->61977K(2042880K), 0.0163432 secs] [Times: user=0.14 sys=0.00, real=0.02 secs] 
2020-09-29T18:01:06.448+0200: 62.838: [GC (Allocation Failure) [PSYoungGen: 644421K->42821K(642560K)] 657433K->55833K(2040832K), 0.0145675 secs] [Times: user=0.13 sys=0.00, real=0.01 secs] 
2020-09-29T18:01:06.513+0200: 62.904: [GC (Allocation Failure) [PSYoungGen: 631109K->28708K(643584K)] 644121K->41720K(2041856K), 0.0108135 secs] [Times: user=0.13 sys=0.00, real=0.01 secs] 
2020-09-29T18:01:06.575+0200: 62.966: [GC (Allocation Failure) [PSYoungGen: 616996K->28356K(644096K)] 630008K->41368K(2042368K), 0.0117561 secs] [Times: user=0.11 sys=0.00, real=0.01 secs] 
2020-09-29T18:01:06.639+0200: 63.030: [GC (Allocation Failure) [PSYoungGen: 617156K->42949K(643584K)] 630168K->55961K(2041856K), 0.0157324 secs] [Times: user=0.13 sys=0.00, real=0.02 secs] 
2020-09-29T18:01:06.706+0200: 63.097: [GC (Allocation Failure) [PSYoungGen: 631749K->55269K(631296K)] 644761K->70457K(2029568K), 0.0204492 secs] [Times: user=0.25 sys=0.00, real=0.02 secs] 
2020-09-29T18:01:06.776+0200: 63.167: [GC (Allocation Failure) [PSYoungGen: 631269K->44868K(637440K)] 646457K->60056K(2035712K), 0.0163274 secs] [Times: user=0.13 sys=0.00, real=0.02 secs] 
2020-09-29T18:01:06.842+0200: 63.233: [GC (Allocation Failure) [PSYoungGen: 620868K->32933K(638464K)] 636056K->48121K(2036736K), 0.0113054 secs] [Times: user=0.13 sys=0.00, real=0.01 secs] 
2020-09-29T18:01:06.903+0200: 63.294: [GC (Allocation Failure) [PSYoungGen: 609957K->49413K(626688K)] 625145K->64601K(2024960K), 0.0160620 secs] [Times: user=0.13 sys=0.00, real=0.02 secs] 
2020-09-29T18:01:06.970+0200: 63.361: [GC (Allocation Failure) [PSYoungGen: 626437K->38501K(638976K)] 641625K->53689K(2037248K), 0.0137279 secs] [Times: user=0.13 sys=0.00, real=0.01 secs] 
2020-09-29T18:01:07.033+0200: 63.424: [GC (Allocation Failure) [PSYoungGen: 615525K->26499K(636928K)] 630713K->41687K(2035200K), 0.0111388 secs] [Times: user=0.13 sys=0.00, real=0.01 secs] 
2020-09-29T18:01:07.094+0200: 63.485: [GC (Allocation Failure) [PSYoungGen: 603523K->29285K(638976K)] 618711K->44473K(2037248K), 0.0099486 secs] [Times: user=0.13 sys=0.00, real=0.01 secs] 
2020-09-29T18:01:07.155+0200: 63.545: [GC (Allocation Failure) [PSYoungGen: 607845K->33573K(638464K)] 623033K->48761K(2036736K), 0.0139201 secs] [Times: user=0.13 sys=0.00, real=0.01 secs] 
2020-09-29T18:01:07.221+0200: 63.612: [GC (Allocation Failure) [PSYoungGen: 612133K->35748K(642560K)] 627321K->50936K(2040832K), 0.0142834 secs] [Times: user=0.13 sys=0.00, real=0.02 secs] 
2020-09-29T18:01:07.286+0200: 63.677: [GC (Allocation Failure) [PSYoungGen: 619940K->45669K(640512K)] 635128K->60857K(2038784K), 0.0156660 secs] [Times: user=0.13 sys=0.00, real=0.02 secs] 
2020-09-29T18:01:07.355+0200: 63.745: [GC (Allocation Failure) [PSYoungGen: 629861K->41989K(641536K)] 645049K->57177K(2039808K), 0.0145902 secs] [Times: user=0.13 sys=0.00, real=0.01 secs] 
2020-09-29T18:01:07.419+0200: 63.810: [GC (Allocation Failure) [PSYoungGen: 625669K->21508K(605696K)] 640857K->36696K(2003968K), 0.0079131 secs] [Times: user=0.13 sys=0.00, real=0.01 secs] 
2020-09-29T18:01:07.477+0200: 63.868: [GC (Allocation Failure) [PSYoungGen: 605188K->44324K(639488K)] 620376K->59512K(2037760K), 0.0163007 secs] [Times: user=0.13 sys=0.00, real=0.02 secs] 
2020-09-29T18:01:07.545+0200: 63.935: [GC (Allocation Failure) [PSYoungGen: 625444K->37509K(640000K)] 640632K->52697K(2038272K), 0.0129183 secs] [Times: user=0.13 sys=0.00, real=0.01 secs] 
2020-09-29T18:01:07.610+0200: 64.000: [GC (Allocation Failure) [PSYoungGen: 618629K->29668K(642560K)] 633817K->44856K(2040832K), 0.0120227 secs] [Times: user=0.11 sys=0.00, real=0.01 secs] 
2020-09-29T18:01:07.673+0200: 64.064: [GC (Allocation Failure) [PSYoungGen: 615396K->27396K(642048K)] 630584K->42584K(2040320K), 0.0108846 secs] [Times: user=0.11 sys=0.00, real=0.01 secs] 
2020-09-29T18:01:07.735+0200: 64.125: [GC (Allocation Failure) [PSYoungGen: 613124K->25189K(643072K)] 628312K->40377K(2041344K), 0.0082316 secs] [Times: user=0.13 sys=0.00, real=0.01 secs] 
2020-09-29T18:01:07.794+0200: 64.184: [GC (Allocation Failure) [PSYoungGen: 612453K->38149K(643072K)] 627641K->53337K(2041344K), 0.0130898 secs] [Times: user=0.13 sys=0.00, real=0.01 secs] 
2020-09-29T18:01:07.858+0200: 64.249: [GC (Allocation Failure) [PSYoungGen: 625413K->21506K(643072K)] 640601K->36694K(2041344K), 0.0094553 secs] [Times: user=0.13 sys=0.00, real=0.01 secs] 
2020-09-29T18:01:07.919+0200: 64.309: [GC (Allocation Failure) [PSYoungGen: 609794K->35364K(643584K)] 624982K->50552K(2041856K), 0.0131662 secs] [Times: user=0.13 sys=0.00, real=0.01 secs] 
2020-09-29T18:01:07.987+0200: 64.378: [GC (Allocation Failure) [PSYoungGen: 623652K->35685K(646656K)] 638840K->50873K(2044928K), 0.0144063 secs] [Times: user=0.11 sys=0.00, real=0.01 secs] 
2020-09-29T18:01:08.058+0200: 64.448: [GC (Allocation Failure) [PSYoungGen: 628581K->40645K(645120K)] 643769K->55833K(2043392K), 0.0174691 secs] [Times: user=0.13 sys=0.00, real=0.02 secs] 
2020-09-29T18:01:08.128+0200: 64.519: [GC (Allocation Failure) [PSYoungGen: 633541K->18117K(643584K)] 648729K->33305K(2041856K), 0.0061085 secs] [Times: user=0.13 sys=0.00, real=0.01 secs] 
2020-09-29T18:01:08.191+0200: 64.581: [GC (Allocation Failure) [PSYoungGen: 608453K->34245K(644608K)] 623641K->49433K(2042880K), 0.0157319 secs] [Times: user=0.11 sys=0.00, real=0.01 secs] 
2020-09-29T18:01:08.260+0200: 64.651: [GC (Allocation Failure) [PSYoungGen: 624581K->35300K(647680K)] 639769K->50488K(2045952K), 0.0168464 secs] [Times: user=0.13 sys=0.00, real=0.02 secs] 
2020-09-29T18:01:08.329+0200: 64.719: [GC (Allocation Failure) [PSYoungGen: 630756K->28133K(646656K)] 645944K->43321K(2044928K), 0.0129390 secs] [Times: user=0.11 sys=0.00, real=0.01 secs] 
2020-09-29T18:01:08.394+0200: 64.785: [GC (Allocation Failure) [PSYoungGen: 623589K->34436K(649728K)] 638777K->49624K(2048000K), 0.0157505 secs] [Times: user=0.14 sys=0.00, real=0.02 secs] 
2020-09-29T18:01:08.464+0200: 64.854: [GC (Allocation Failure) [PSYoungGen: 633476K->45124K(644608K)] 648664K->60312K(2042880K), 0.0206277 secs] [Times: user=0.13 sys=0.00, real=0.02 secs] 
2020-09-29T18:01:08.538+0200: 64.928: [GC (Allocation Failure) [PSYoungGen: 644164K->28324K(647680K)] 659352K->43512K(2045952K), 0.0139429 secs] [Times: user=0.13 sys=0.00, real=0.01 secs] 
2020-09-29T18:01:08.605+0200: 64.995: [GC (Allocation Failure) [PSYoungGen: 623780K->35909K(646656K)] 638968K->51097K(2044928K), 0.0161251 secs] [Times: user=0.11 sys=0.00, real=0.01 secs] 
2020-09-29T18:01:08.673+0200: 65.064: [GC (Allocation Failure) [PSYoungGen: 631365K->28548K(649216K)] 646553K->43736K(2047488K), 0.0137062 secs] [Times: user=0.11 sys=0.00, real=0.01 secs] 
2020-09-29T18:01:08.740+0200: 65.130: [GC (Allocation Failure) [PSYoungGen: 627076K->22884K(648192K)] 642264K->38072K(2046464K), 0.0118590 secs] [Times: user=0.00 sys=0.00, real=0.01 secs] 
2020-09-29T18:01:08.802+0200: 65.193: [GC (Allocation Failure) [PSYoungGen: 621412K->33541K(650240K)] 636600K->48729K(2048512K), 0.0147318 secs] [Times: user=0.00 sys=0.02, real=0.01 secs] 
2020-09-29T18:01:08.869+0200: 65.260: [GC (Allocation Failure) [PSYoungGen: 633605K->30692K(648704K)] 648793K->45880K(2046976K), 0.0138020 secs] [Times: user=0.13 sys=0.00, real=0.01 secs] 
2020-09-29T18:01:08.934+0200: 65.324: [GC (Allocation Failure) [PSYoungGen: 630756K->29189K(652288K)] 645944K->44377K(2050560K), 0.0133456 secs] [Times: user=0.13 sys=0.00, real=0.01 secs] 
2020-09-29T18:01:09.001+0200: 65.392: [GC (Allocation Failure) [PSYoungGen: 634373K->32164K(651776K)] 649561K->47352K(2050048K), 0.0152039 secs] [Times: user=0.13 sys=0.00, real=0.02 secs] 
2020-09-29T18:01:09.075+0200: 65.465: [GC (Allocation Failure) [PSYoungGen: 637348K->18724K(651776K)] 652536K->33912K(2050048K), 0.0089665 secs] [Times: user=0.13 sys=0.00, real=0.01 secs] 
2020-09-29T18:01:09.143+0200: 65.533: [GC (Allocation Failure) [PSYoungGen: 625444K->37573K(644608K)] 640632K->52761K(2042880K), 0.0163571 secs] [Times: user=0.13 sys=0.00, real=0.02 secs] 
2020-09-29T18:01:09.221+0200: 65.611: [GC (Allocation Failure) [PSYoungGen: 644293K->27747K(652800K)] 659481K->42935K(2051072K), 0.0145416 secs] [Times: user=0.13 sys=0.00, real=0.01 secs] 
2020-09-29T18:01:09.288+0200: 65.679: [GC (Allocation Failure) [PSYoungGen: 633443K->31684K(651776K)] 648631K->46872K(2050048K), 0.0143759 secs] [Times: user=0.13 sys=0.00, real=0.01 secs] 
2020-09-29T18:01:09.355+0200: 65.746: [GC (Allocation Failure) [PSYoungGen: 637380K->34660K(653824K)] 652568K->49848K(2052096K), 0.0169868 secs] [Times: user=0.13 sys=0.00, real=0.02 secs] 
2020-09-29T18:01:09.430+0200: 65.820: [GC (Allocation Failure) [PSYoungGen: 643428K->41573K(650752K)] 658616K->56761K(2049024K), 0.0186663 secs] [Times: user=0.13 sys=0.00, real=0.02 secs] 
2020-09-29T18:01:09.500+0200: 65.891: [GC (Allocation Failure) [PSYoungGen: 650341K->35045K(652288K)] 665529K->50233K(2050560K), 0.0159514 secs] [Times: user=0.13 sys=0.00, real=0.02 secs] 
2020-09-29T18:01:09.572+0200: 65.962: [GC (Allocation Failure) [PSYoungGen: 640229K->46565K(651776K)] 655417K->67481K(2050048K), 0.0259966 secs] [Times: user=0.09 sys=0.00, real=0.03 secs] 
2020-09-29T18:01:09.652+0200: 66.042: [GC (Allocation Failure) [PSYoungGen: 651749K->25732K(641536K)] 672665K->46648K(2039808K), 0.0126826 secs] [Times: user=0.13 sys=0.00, real=0.01 secs] 
2020-09-29T18:01:09.716+0200: 66.106: [GC (Allocation Failure) [PSYoungGen: 620164K->44708K(639488K)] 641080K->65624K(2037760K), 0.0199643 secs] [Times: user=0.13 sys=0.00, real=0.02 secs] 
2020-09-29T18:01:09.787+0200: 66.177: [GC (Allocation Failure) [PSYoungGen: 639140K->23330K(644096K)] 660056K->44246K(2042368K), 0.0129441 secs] [Times: user=0.00 sys=0.00, real=0.01 secs] 
2020-09-29T18:01:09.851+0200: 66.241: [GC (Allocation Failure) [PSYoungGen: 612642K->38244K(644096K)] 633558K->59160K(2042368K), 0.0183783 secs] [Times: user=0.13 sys=0.00, real=0.02 secs] 
2020-09-29T18:01:09.920+0200: 66.310: [GC (Allocation Failure) [PSYoungGen: 627556K->39589K(644608K)] 648472K->60505K(2042880K), 0.0178804 secs] [Times: user=0.13 sys=0.00, real=0.02 secs] 
2020-09-29T18:01:09.988+0200: 66.378: [GC (Allocation Failure) [PSYoungGen: 629925K->28357K(644608K)] 650841K->49273K(2042880K), 0.0123947 secs] [Times: user=0.06 sys=0.00, real=0.01 secs] 
2020-09-29T18:01:10.052+0200: 66.442: [GC (Allocation Failure) [PSYoungGen: 618693K->44485K(641536K)] 639609K->65401K(2039808K), 0.0193997 secs] [Times: user=0.14 sys=0.00, real=0.02 secs] 
2020-09-29T18:01:10.121+0200: 66.511: [GC (Allocation Failure) [PSYoungGen: 632773K->44837K(633344K)] 653689K->65753K(2031616K), 0.0207301 secs] [Times: user=0.13 sys=0.00, real=0.02 secs] 
2020-09-29T18:01:10.195+0200: 66.585: [GC (Allocation Failure) [PSYoungGen: 633125K->29860K(643072K)] 654041K->50776K(2041344K), 0.0172660 secs] [Times: user=0.05 sys=0.00, real=0.02 secs] 
2020-09-29T18:01:10.264+0200: 66.654: [GC (Allocation Failure) [PSYoungGen: 616100K->40036K(642048K)] 637016K->60952K(2040320K), 0.0181745 secs] [Times: user=0.13 sys=0.00, real=0.02 secs] 
2020-09-29T18:01:10.332+0200: 66.722: [GC (Allocation Failure) [PSYoungGen: 626276K->22820K(643072K)] 647192K->43736K(2041344K), 0.0117176 secs] [Times: user=0.13 sys=0.00, real=0.01 secs] 
2020-09-29T18:01:10.395+0200: 66.785: [GC (Allocation Failure) [PSYoungGen: 610084K->35941K(643072K)] 631000K->56857K(2041344K), 0.0162729 secs] [Times: user=0.14 sys=0.00, real=0.02 secs] 
2020-09-29T18:01:10.462+0200: 66.852: [GC (Allocation Failure) [PSYoungGen: 623205K->48997K(637440K)] 644121K->69913K(2035712K), 0.0212988 secs] [Times: user=0.13 sys=0.00, real=0.02 secs] 
2020-09-29T18:01:10.534+0200: 66.924: [GC (Allocation Failure) [PSYoungGen: 632165K->44165K(627712K)] 653081K->65081K(2025984K), 0.0194048 secs] [Times: user=0.25 sys=0.00, real=0.02 secs] 
2020-09-29T18:01:10.610+0200: 67.001: [GC (Allocation Failure) [PSYoungGen: 627333K->53125K(632320K)] 648249K->74041K(2030592K), 0.0252892 secs] [Times: user=0.22 sys=0.00, real=0.03 secs] 
2020-09-29T18:01:10.686+0200: 67.076: [GC (Allocation Failure) [PSYoungGen: 627077K->52837K(627200K)] 647993K->73753K(2025472K), 0.0234781 secs] [Times: user=0.20 sys=0.00, real=0.02 secs] 
2020-09-29T18:01:10.760+0200: 67.150: [GC (Allocation Failure) [PSYoungGen: 626789K->24484K(632832K)] 647705K->45400K(2031104K), 0.0111262 secs] [Times: user=0.00 sys=0.02, real=0.01 secs] 
2020-09-29T18:01:10.821+0200: 67.211: [GC (Allocation Failure) [PSYoungGen: 592292K->30405K(633344K)] 613208K->51321K(2031616K), 0.0137466 secs] [Times: user=0.13 sys=0.00, real=0.01 secs] 
2020-09-29T18:01:10.885+0200: 67.275: [GC (Allocation Failure) [PSYoungGen: 598213K->22404K(634880K)] 619129K->43320K(2033152K), 0.0107413 secs] [Times: user=0.00 sys=0.00, real=0.01 secs] 
2020-09-29T18:01:10.945+0200: 67.335: [GC (Allocation Failure) [PSYoungGen: 593284K->31236K(634880K)] 614200K->52152K(2033152K), 0.0145004 secs] [Times: user=0.11 sys=0.00, real=0.01 secs] 
2020-09-29T18:01:11.009+0200: 67.399: [GC (Allocation Failure) [PSYoungGen: 602116K->41541K(636928K)] 623032K->62457K(2035200K), 0.0185164 secs] [Times: user=0.13 sys=0.00, real=0.02 secs] 
2020-09-29T18:01:11.077+0200: 67.467: [GC (Allocation Failure) [PSYoungGen: 616517K->42277K(636928K)] 637433K->63193K(2035200K), 0.0181955 secs] [Times: user=0.13 sys=0.00, real=0.02 secs] 
2020-09-29T18:01:11.145+0200: 67.535: [GC (Allocation Failure) [PSYoungGen: 617253K->42789K(637440K)] 638169K->63705K(2035712K), 0.0190261 secs] [Times: user=0.22 sys=0.00, real=0.02 secs] 
2020-09-29T18:01:11.218+0200: 67.608: [GC (Allocation Failure) [PSYoungGen: 618789K->30724K(637440K)] 639705K->51640K(2035712K), 0.0155303 secs] [Times: user=0.11 sys=0.00, real=0.02 secs] 
2020-09-29T18:01:11.284+0200: 67.674: [GC (Allocation Failure) [PSYoungGen: 606724K->46213K(636928K)] 627640K->67129K(2035200K), 0.0205106 secs] [Times: user=0.25 sys=0.00, real=0.02 secs] 
2020-09-29T18:01:11.354+0200: 67.744: [GC (Allocation Failure) [PSYoungGen: 623237K->35077K(637952K)] 644153K->55993K(2036224K), 0.0159368 secs] [Times: user=0.13 sys=0.00, real=0.02 secs] 
2020-09-29T18:01:11.421+0200: 67.811: [GC (Allocation Failure) [PSYoungGen: 612101K->24165K(639488K)] 633017K->45081K(2037760K), 0.0107335 secs] [Times: user=0.13 sys=0.00, real=0.01 secs] 
2020-09-29T18:01:11.490+0200: 67.880: [GC (Allocation Failure) [PSYoungGen: 604261K->43781K(624128K)] 625177K->64697K(2022400K), 0.0196725 secs] [Times: user=0.13 sys=0.00, real=0.02 secs] 
2020-09-29T18:01:11.561+0200: 67.951: [GC (Allocation Failure) [PSYoungGen: 623877K->35941K(641024K)] 644793K->56857K(2039296K), 0.0155084 secs] [Times: user=0.13 sys=0.00, real=0.02 secs] 
2020-09-29T18:01:11.632+0200: 68.022: [GC (Allocation Failure) [PSYoungGen: 617061K->42853K(638976K)] 637977K->63769K(2037248K), 0.0207022 secs] [Times: user=0.11 sys=0.00, real=0.02 secs] 
2020-09-29T18:01:11.703+0200: 68.093: [GC (Allocation Failure) [PSYoungGen: 623973K->22085K(640000K)] 644889K->43001K(2038272K), 0.0097659 secs] [Times: user=0.13 sys=0.00, real=0.01 secs] 
2020-09-29T18:01:11.764+0200: 68.154: [GC (Allocation Failure) [PSYoungGen: 604229K->43653K(626176K)] 625145K->64569K(2024448K), 0.0193864 secs] [Times: user=0.13 sys=0.00, real=0.02 secs] 
2020-09-29T18:01:11.832+0200: 68.222: [GC (Allocation Failure) [PSYoungGen: 625797K->8865K(635392K)] 646713K->29781K(2033664K), 0.0069808 secs] [Times: user=0.06 sys=0.00, real=0.01 secs] 
2020-09-29T18:01:11.898+0200: 68.288: [GC (Allocation Failure) [PSYoungGen: 584865K->51365K(627712K)] 605781K->72281K(2025984K), 0.0222012 secs] [Times: user=0.13 sys=0.00, real=0.02 secs] 
2020-09-29T18:01:11.970+0200: 68.360: [GC (Allocation Failure) [PSYoungGen: 627365K->39461K(634880K)] 648281K->60377K(2033152K), 0.0172554 secs] [Times: user=0.13 sys=0.00, real=0.02 secs] 
2020-09-29T18:01:12.040+0200: 68.430: [GC (Allocation Failure) [PSYoungGen: 608805K->33284K(633344K)] 629721K->54200K(2031616K), 0.0165189 secs] [Times: user=0.13 sys=0.00, real=0.02 secs] 
2020-09-29T18:01:12.104+0200: 68.495: [GC (Allocation Failure) [PSYoungGen: 602628K->42053K(637440K)] 623544K->62969K(2035712K), 0.0183837 secs] [Times: user=0.13 sys=0.00, real=0.02 secs] 
2020-09-29T18:01:12.173+0200: 68.563: [GC (Allocation Failure) [PSYoungGen: 618053K->29957K(637440K)] 638969K->50873K(2035712K), 0.0134205 secs] [Times: user=0.13 sys=0.00, real=0.01 secs] 
2020-09-29T18:01:12.239+0200: 68.630: [GC (Allocation Failure) [PSYoungGen: 605957K->45349K(636928K)] 626873K->66265K(2035200K), 0.0200727 secs] [Times: user=0.13 sys=0.00, real=0.02 secs] 
2020-09-29T18:01:12.309+0200: 68.700: [GC (Allocation Failure) [PSYoungGen: 622373K->34469K(637952K)] 643289K->55385K(2036224K), 0.0146309 secs] [Times: user=0.13 sys=0.00, real=0.01 secs] 
2020-09-29T18:01:12.373+0200: 68.764: [GC (Allocation Failure) [PSYoungGen: 611493K->37188K(641536K)] 632409K->58104K(2039808K), 0.0173490 secs] [Times: user=0.13 sys=0.00, real=0.02 secs] 
2020-09-29T18:01:12.441+0200: 68.832: [GC (Allocation Failure) [PSYoungGen: 619844K->31652K(640000K)] 640760K->52568K(2038272K), 0.0142825 secs] [Times: user=0.11 sys=0.02, real=0.01 secs] 
2020-09-29T18:01:12.506+0200: 68.897: [GC (Allocation Failure) [PSYoungGen: 614308K->40133K(643584K)] 635224K->61049K(2041856K), 0.0184243 secs] [Times: user=0.13 sys=0.00, real=0.02 secs] 
2020-09-29T18:01:12.577+0200: 68.968: [GC (Allocation Failure) [PSYoungGen: 627909K->39940K(643072K)] 648825K->60856K(2041344K), 0.0202815 secs] [Times: user=0.14 sys=0.00, real=0.02 secs] 
2020-09-29T18:01:12.650+0200: 69.041: [GC (Allocation Failure) [PSYoungGen: 627716K->25252K(643072K)] 648632K->46168K(2041344K), 0.0125260 secs] [Times: user=0.13 sys=0.00, real=0.01 secs] 
2020-09-29T18:01:12.714+0200: 69.105: [GC (Allocation Failure) [PSYoungGen: 613540K->24997K(643584K)] 634456K->45913K(2041856K), 0.0108870 secs] [Times: user=0.13 sys=0.00, real=0.01 secs] 
2020-09-29T18:01:12.790+0200: 69.181: [GC (Allocation Failure) [PSYoungGen: 613285K->23363K(644096K)] 634201K->44279K(2042368K), 0.0128799 secs] [Times: user=0.13 sys=0.00, real=0.01 secs] 
2020-09-29T18:01:12.853+0200: 69.244: [GC (Allocation Failure) [PSYoungGen: 612675K->24773K(644096K)] 633591K->45689K(2042368K), 0.0106680 secs] [Times: user=0.00 sys=0.00, real=0.01 secs] 
2020-09-29T18:01:12.913+0200: 69.304: [GC (Allocation Failure) [PSYoungGen: 614085K->10593K(641536K)] 635001K->31509K(2039808K), 0.0078025 secs] [Times: user=0.00 sys=0.00, real=0.01 secs] 
2020-09-29T18:01:12.974+0200: 69.365: [GC (Allocation Failure) [PSYoungGen: 597857K->37156K(643072K)] 618773K->58072K(2041344K), 0.0191856 secs] [Times: user=0.11 sys=0.00, real=0.02 secs] 
2020-09-29T18:01:13.047+0200: 69.438: [GC (Allocation Failure) [PSYoungGen: 624420K->50181K(633856K)] 645336K->71097K(2032128K), 0.0220325 secs] [Times: user=0.25 sys=0.00, real=0.02 secs] 
2020-09-29T18:01:13.121+0200: 69.512: [GC (Allocation Failure) [PSYoungGen: 628229K->24676K(638464K)] 649145K->45592K(2036736K), 0.0117211 secs] [Times: user=0.13 sys=0.00, real=0.01 secs] 
2020-09-29T18:01:13.187+0200: 69.578: [GC (Allocation Failure) [PSYoungGen: 602724K->27716K(641536K)] 623640K->48632K(2039808K), 0.0159681 secs] [Times: user=0.09 sys=0.00, real=0.02 secs] 
2020-09-29T18:01:13.255+0200: 69.646: [GC (Allocation Failure) [PSYoungGen: 610372K->21155K(640000K)] 631288K->42071K(2038272K), 0.0122970 secs] [Times: user=0.00 sys=0.00, real=0.01 secs] 
2020-09-29T18:01:13.317+0200: 69.708: [GC (Allocation Failure) [PSYoungGen: 603811K->28837K(644608K)] 624727K->49753K(2042880K), 0.0149522 secs] [Times: user=0.13 sys=0.00, real=0.02 secs] 
2020-09-29T18:01:13.386+0200: 69.777: [GC (Allocation Failure) [PSYoungGen: 617125K->42917K(642560K)] 638041K->63833K(2040832K), 0.0202608 secs] [Times: user=0.13 sys=0.00, real=0.02 secs] 
2020-09-29T18:01:13.459+0200: 69.849: [GC (Allocation Failure) [PSYoungGen: 631205K->43237K(638464K)] 652121K->64153K(2036736K), 0.0204587 secs] [Times: user=0.13 sys=0.00, real=0.02 secs] 
2020-09-29T18:01:13.531+0200: 69.921: [GC (Allocation Failure) [PSYoungGen: 625381K->51109K(633344K)] 646297K->72025K(2031616K), 0.0237863 secs] [Times: user=0.25 sys=0.00, real=0.02 secs] 
2020-09-29T18:01:13.610+0200: 70.000: [GC (Allocation Failure) [PSYoungGen: 633253K->15747K(635392K)] 654169K->36663K(2033664K), 0.0096023 secs] [Times: user=0.11 sys=0.00, real=0.01 secs] 
2020-09-29T18:01:13.672+0200: 70.062: [GC (Allocation Failure) [PSYoungGen: 588675K->41733K(614912K)] 609591K->62649K(2013184K), 0.0198116 secs] [Times: user=0.13 sys=0.00, real=0.02 secs] 
2020-09-29T18:01:13.742+0200: 70.132: [GC (Allocation Failure) [PSYoungGen: 614661K->40389K(635904K)] 635577K->61305K(2034176K), 0.0188896 secs] [Times: user=0.13 sys=0.00, real=0.02 secs] 
2020-09-29T18:01:13.810+0200: 70.200: [GC (Allocation Failure) [PSYoungGen: 612805K->37636K(635392K)] 633721K->58552K(2033664K), 0.0183608 secs] [Times: user=0.13 sys=0.00, real=0.02 secs] 
2020-09-29T18:01:13.878+0200: 70.268: [GC (Allocation Failure) [PSYoungGen: 610052K->49541K(632320K)] 630968K->70457K(2030592K), 0.0230978 secs] [Times: user=0.25 sys=0.00, real=0.02 secs] 
2020-09-29T18:01:13.950+0200: 70.340: [GC (Allocation Failure) [PSYoungGen: 620421K->31653K(634880K)] 641337K->52569K(2033152K), 0.0154888 secs] [Times: user=0.13 sys=0.00, real=0.02 secs] 
2020-09-29T18:01:14.016+0200: 70.406: [GC (Allocation Failure) [PSYoungGen: 602533K->28197K(637952K)] 623449K->49113K(2036224K), 0.0127739 secs] [Times: user=0.13 sys=0.00, real=0.01 secs] 
2020-09-29T18:01:14.083+0200: 70.473: [GC (Allocation Failure) [PSYoungGen: 604197K->29443K(636928K)] 625113K->50359K(2035200K), 0.0163202 secs] [Times: user=0.13 sys=0.00, real=0.02 secs] 
2020-09-29T18:01:14.150+0200: 70.540: [GC (Allocation Failure) [PSYoungGen: 605443K->44869K(637440K)] 626359K->65785K(2035712K), 0.0205600 secs] [Times: user=0.13 sys=0.00, real=0.02 secs] 
2020-09-29T18:01:14.224+0200: 70.614: [GC (Allocation Failure) [PSYoungGen: 622917K->33219K(638464K)] 643833K->54135K(2036736K), 0.0181150 secs] [Times: user=0.13 sys=0.00, real=0.02 secs] 
2020-09-29T18:01:14.294+0200: 70.684: [GC (Allocation Failure) [PSYoungGen: 611267K->21860K(640512K)] 632183K->42776K(2038784K), 0.0117109 secs] [Times: user=0.13 sys=0.00, real=0.01 secs] 
2020-09-29T18:01:14.355+0200: 70.745: [GC (Allocation Failure) [PSYoungGen: 604004K->28900K(640512K)] 624920K->49816K(2038784K), 0.0144362 secs] [Times: user=0.13 sys=0.00, real=0.01 secs] 
2020-09-29T18:01:14.426+0200: 70.816: [GC (Allocation Failure) [PSYoungGen: 611044K->35556K(643584K)] 631960K->56472K(2041856K), 0.0177659 secs] [Times: user=0.14 sys=0.00, real=0.02 secs] 
2020-09-29T18:01:14.500+0200: 70.890: [GC (Allocation Failure) [PSYoungGen: 622308K->33828K(642048K)] 643224K->54744K(2040320K), 0.0179545 secs] [Times: user=0.13 sys=0.00, real=0.02 secs] 
2020-09-29T18:01:14.569+0200: 70.959: [GC (Allocation Failure) [PSYoungGen: 620580K->32645K(647168K)] 641496K->53561K(2045440K), 0.0164182 secs] [Times: user=0.11 sys=0.00, real=0.02 secs] 
2020-09-29T18:01:14.639+0200: 71.029: [GC (Allocation Failure) [PSYoungGen: 626565K->51685K(645632K)] 647481K->73137K(2043904K), 0.0252756 secs] [Times: user=0.25 sys=0.00, real=0.03 secs] 
2020-09-29T18:01:14.716+0200: 71.106: [GC (Allocation Failure) [PSYoungGen: 645605K->16290K(636416K)] 667057K->37742K(2034688K), 0.0111089 secs] [Times: user=0.13 sys=0.00, real=0.01 secs] 
2020-09-29T18:01:14.779+0200: 71.169: [GC (Allocation Failure) [PSYoungGen: 599458K->38917K(641024K)] 620910K->60369K(2039296K), 0.0176005 secs] [Times: user=0.13 sys=0.00, real=0.02 secs] 
2020-09-29T18:01:14.847+0200: 71.238: [GC (Allocation Failure) [PSYoungGen: 622085K->32900K(643584K)] 643537K->54352K(2041856K), 0.0165125 secs] [Times: user=0.25 sys=0.00, real=0.02 secs] 
2020-09-29T18:01:14.915+0200: 71.305: [GC (Allocation Failure) [PSYoungGen: 619140K->43364K(641536K)] 640592K->64816K(2039808K), 0.0212969 secs] [Times: user=0.13 sys=0.00, real=0.02 secs] 
2020-09-29T18:01:14.986+0200: 71.376: [GC (Allocation Failure) [PSYoungGen: 629604K->27973K(643072K)] 651056K->49425K(2041344K), 0.0133071 secs] [Times: user=0.13 sys=0.00, real=0.01 secs] 
2020-09-29T18:01:15.051+0200: 71.441: [GC (Allocation Failure) [PSYoungGen: 614213K->23684K(642048K)] 635665K->45136K(2040320K), 0.0119943 secs] [Times: user=0.13 sys=0.00, real=0.01 secs] 
2020-09-29T18:01:15.117+0200: 71.507: [GC (Allocation Failure) [PSYoungGen: 609924K->34245K(645120K)] 631376K->55697K(2043392K), 0.0162880 secs] [Times: user=0.13 sys=0.00, real=0.02 secs] 
2020-09-29T18:01:15.186+0200: 71.576: [GC (Allocation Failure) [PSYoungGen: 622149K->34116K(643584K)] 643601K->55568K(2041856K), 0.0184982 secs] [Times: user=0.11 sys=0.00, real=0.02 secs] 
2020-09-29T18:01:15.259+0200: 71.650: [GC (Allocation Failure) [PSYoungGen: 623940K->36005K(647680K)] 645392K->57457K(2045952K), 0.0191739 secs] [Times: user=0.11 sys=0.00, real=0.02 secs] 
2020-09-29T18:01:15.330+0200: 71.720: [GC (Allocation Failure) [PSYoungGen: 631973K->30405K(647168K)] 653425K->51857K(2045440K), 0.0147114 secs] [Times: user=0.13 sys=0.00, real=0.02 secs] 
2020-09-29T18:01:15.406+0200: 71.796: [GC (Allocation Failure) [PSYoungGen: 626373K->38437K(648192K)] 647825K->59889K(2046464K), 0.0185612 secs] [Times: user=0.13 sys=0.00, real=0.02 secs] 
2020-09-29T18:01:15.479+0200: 71.869: [GC (Allocation Failure) [PSYoungGen: 636965K->35300K(648704K)] 658417K->56752K(2046976K), 0.0180848 secs] [Times: user=0.13 sys=0.00, real=0.02 secs] 
2020-09-29T18:01:15.549+0200: 71.940: [GC (Allocation Failure) [PSYoungGen: 633828K->45957K(643584K)] 655280K->67409K(2041856K), 0.0220997 secs] [Times: user=0.25 sys=0.00, real=0.02 secs] 
2020-09-29T18:01:15.626+0200: 72.016: [GC (Allocation Failure) [PSYoungGen: 640389K->38821K(646656K)] 661841K->60273K(2044928K), 0.0196072 secs] [Times: user=0.13 sys=0.09, real=0.02 secs] 
2020-09-29T18:01:15.698+0200: 72.088: [GC (Allocation Failure) [PSYoungGen: 633253K->45285K(643072K)] 654705K->66737K(2041344K), 0.0215728 secs] [Times: user=0.13 sys=0.00, real=0.02 secs] 
2020-09-29T18:01:15.773+0200: 72.163: [GC (Allocation Failure) [PSYoungGen: 636645K->20740K(612352K)] 658097K->42192K(2010624K), 0.0113436 secs] [Times: user=0.00 sys=0.00, real=0.01 secs] 
2020-09-29T18:01:15.834+0200: 72.225: [GC (Allocation Failure) [PSYoungGen: 612100K->21444K(643072K)] 633552K->42896K(2041344K), 0.0108165 secs] [Times: user=0.00 sys=0.00, real=0.01 secs] 
2020-09-29T18:01:15.897+0200: 72.287: [GC (Allocation Failure) [PSYoungGen: 609732K->49189K(637952K)] 631184K->70641K(2036224K), 0.0230421 secs] [Times: user=0.13 sys=0.00, real=0.02 secs] 
2020-09-29T18:01:15.971+0200: 72.361: [GC (Allocation Failure) [PSYoungGen: 637477K->35909K(642048K)] 658929K->57361K(2040320K), 0.0167797 secs] [Times: user=0.13 sys=0.00, real=0.02 secs] 
2020-09-29T18:01:16.038+0200: 72.428: [GC (Allocation Failure) [PSYoungGen: 619077K->44837K(640000K)] 640529K->66289K(2038272K), 0.0204482 secs] [Times: user=0.13 sys=0.00, real=0.02 secs] 
2020-09-29T18:01:16.108+0200: 72.498: [GC (Allocation Failure) [PSYoungGen: 628005K->25668K(641024K)] 649457K->47120K(2039296K), 0.0130591 secs] [Times: user=0.13 sys=0.00, real=0.01 secs] 
2020-09-29T18:01:16.175+0200: 72.565: [GC (Allocation Failure) [PSYoungGen: 608324K->47813K(630784K)] 629776K->69265K(2029056K), 0.0268396 secs] [Times: user=0.11 sys=0.00, real=0.03 secs] 
2020-09-29T18:01:16.255+0200: 72.645: [GC (Allocation Failure) [PSYoungGen: 630469K->41860K(638976K)] 651921K->63312K(2037248K), 0.0210516 secs] [Times: user=0.13 sys=0.00, real=0.02 secs] 
2020-09-29T18:01:16.326+0200: 72.716: [GC (Allocation Failure) [PSYoungGen: 620420K->30595K(638464K)] 641872K->52047K(2036736K), 0.0166283 secs] [Times: user=0.13 sys=0.00, real=0.02 secs] 
2020-09-29T18:01:16.393+0200: 72.783: [GC (Allocation Failure) [PSYoungGen: 609155K->34084K(642048K)] 630607K->55536K(2040320K), 0.0169725 secs] [Times: user=0.13 sys=0.00, real=0.02 secs] 
2020-09-29T18:01:16.460+0200: 72.850: [GC (Allocation Failure) [PSYoungGen: 617252K->24419K(640000K)] 638704K->45871K(2038272K), 0.0141180 secs] [Times: user=0.13 sys=0.00, real=0.01 secs] 
2020-09-29T18:01:16.525+0200: 72.915: [GC (Allocation Failure) [PSYoungGen: 607587K->32612K(644096K)] 629039K->54064K(2042368K), 0.0164087 secs] [Times: user=0.11 sys=0.00, real=0.02 secs] 
2020-09-29T18:01:16.593+0200: 72.983: [GC (Allocation Failure) [PSYoungGen: 619876K->31973K(642048K)] 641328K->53425K(2040320K), 0.0157588 secs] [Times: user=0.11 sys=0.00, real=0.02 secs] 
2020-09-29T18:01:16.671+0200: 73.061: [GC (Allocation Failure) [PSYoungGen: 619237K->31140K(646656K)] 640689K->52592K(2044928K), 0.0171914 secs] [Times: user=0.11 sys=0.00, real=0.02 secs] 
2020-09-29T18:01:16.739+0200: 73.129: [GC (Allocation Failure) [PSYoungGen: 624548K->36677K(645632K)] 646000K->58129K(2043904K), 0.0180352 secs] [Times: user=0.13 sys=0.00, real=0.02 secs] 
2020-09-29T18:01:16.809+0200: 73.199: [GC (Allocation Failure) [PSYoungGen: 630085K->42181K(644608K)] 651537K->63633K(2042880K), 0.0204515 secs] [Times: user=0.13 sys=0.00, real=0.02 secs] 
2020-09-29T18:01:16.880+0200: 73.271: [GC (Allocation Failure) [PSYoungGen: 635589K->33957K(646144K)] 657041K->55409K(2044416K), 0.0162800 secs] [Times: user=0.13 sys=0.00, real=0.02 secs] 
2020-09-29T18:01:16.950+0200: 73.340: [GC (Allocation Failure) [PSYoungGen: 627365K->23587K(647680K)] 648817K->45039K(2045952K), 0.0134894 secs] [Times: user=0.13 sys=0.00, real=0.01 secs] 
2020-09-29T18:01:17.015+0200: 73.406: [GC (Allocation Failure) [PSYoungGen: 620067K->45348K(642048K)] 641519K->66800K(2040320K), 0.0225416 secs] [Times: user=0.25 sys=0.00, real=0.02 secs] 
2020-09-29T18:01:17.090+0200: 73.480: [GC (Allocation Failure) [PSYoungGen: 641828K->40229K(645120K)] 663280K->61681K(2043392K), 0.0189546 secs] [Times: user=0.13 sys=0.00, real=0.02 secs] 
2020-09-29T18:01:17.162+0200: 73.552: [GC (Allocation Failure) [PSYoungGen: 631589K->43685K(635392K)] 653041K->65137K(2033664K), 0.0198588 secs] [Times: user=0.13 sys=0.00, real=0.02 secs] 
2020-09-29T18:01:17.237+0200: 73.628: [GC (Allocation Failure) [PSYoungGen: 635045K->32419K(645120K)] 656497K->53871K(2043392K), 0.0178001 secs] [Times: user=0.25 sys=0.00, real=0.02 secs] 
2020-09-29T18:01:17.307+0200: 73.697: [GC (Allocation Failure) [PSYoungGen: 622243K->34245K(643584K)] 643695K->55697K(2041856K), 0.0165871 secs] [Times: user=0.13 sys=0.00, real=0.02 secs] 
2020-09-29T18:01:17.377+0200: 73.767: [GC (Allocation Failure) [PSYoungGen: 624069K->49925K(638976K)] 645521K->71377K(2037248K), 0.0229462 secs] [Times: user=0.25 sys=0.00, real=0.02 secs] 
2020-09-29T18:01:17.450+0200: 73.841: [GC (Allocation Failure) [PSYoungGen: 636165K->33924K(642560K)] 657617K->55376K(2040832K), 0.0172902 secs] [Times: user=0.13 sys=0.00, real=0.02 secs] 
2020-09-29T18:01:17.519+0200: 73.910: [GC (Allocation Failure) [PSYoungGen: 620164K->32293K(645120K)] 641616K->53745K(2043392K), 0.0156544 secs] [Times: user=0.13 sys=0.00, real=0.02 secs] 
2020-09-29T18:01:17.592+0200: 73.982: [GC (Allocation Failure) [PSYoungGen: 622629K->34693K(644096K)] 644081K->56145K(2042368K), 0.0189038 secs] [Times: user=0.11 sys=0.00, real=0.02 secs] 
2020-09-29T18:01:17.665+0200: 74.055: [GC (Allocation Failure) [PSYoungGen: 625029K->37189K(647680K)] 646481K->58641K(2045952K), 0.0174191 secs] [Times: user=0.13 sys=0.00, real=0.02 secs] 
2020-09-29T18:01:17.737+0200: 74.128: [GC (Allocation Failure) [PSYoungGen: 632645K->51173K(646656K)] 654097K->79737K(2044928K), 0.0287580 secs] [Times: user=0.24 sys=0.00, real=0.03 secs] 
2020-09-29T18:01:17.820+0200: 74.211: [GC (Allocation Failure) [PSYoungGen: 646629K->35652K(638464K)] 675193K->64216K(2036736K), 0.0189094 secs] [Times: user=0.13 sys=0.00, real=0.02 secs] 
2020-09-29T18:01:17.892+0200: 74.283: [GC (Allocation Failure) [PSYoungGen: 621892K->33828K(642560K)] 650456K->62392K(2040832K), 0.0173565 secs] [Times: user=0.13 sys=0.00, real=0.02 secs] 
2020-09-29T18:01:17.960+0200: 74.350: [GC (Allocation Failure) [PSYoungGen: 620068K->45893K(640512K)] 648632K->74457K(2038784K), 0.0217471 secs] [Times: user=0.13 sys=0.00, real=0.02 secs] 
2020-09-29T18:01:18.033+0200: 74.423: [GC (Allocation Failure) [PSYoungGen: 631109K->43205K(642048K)] 659673K->71769K(2040320K), 0.0204739 secs] [Times: user=0.25 sys=0.00, real=0.02 secs] 
2020-09-29T18:01:18.103+0200: 74.493: [GC (Allocation Failure) [PSYoungGen: 628421K->40517K(643584K)] 656985K->69081K(2041856K), 0.0190543 secs] [Times: user=0.13 sys=0.00, real=0.02 secs] 
2020-09-29T18:01:18.177+0200: 74.567: [GC (Allocation Failure) [PSYoungGen: 627781K->23651K(642560K)] 656345K->52215K(2040832K), 0.0136851 secs] [Times: user=0.00 sys=0.00, real=0.01 secs] 
2020-09-29T18:01:18.249+0200: 74.639: [GC (Allocation Failure) [PSYoungGen: 610915K->36613K(644096K)] 639479K->65177K(2042368K), 0.0128465 secs] [Times: user=0.13 sys=0.00, real=0.01 secs] 
2020-09-29T18:01:18.313+0200: 74.704: [GC (Allocation Failure) [PSYoungGen: 624389K->50149K(637952K)] 652953K->78713K(2036224K), 0.0163707 secs] [Times: user=0.13 sys=0.00, real=0.02 secs] 
2020-09-29T18:01:18.380+0200: 74.771: [GC (Allocation Failure) [PSYoungGen: 637925K->21891K(638976K)] 666489K->50455K(2037248K), 0.0094112 secs] [Times: user=0.00 sys=0.00, real=0.01 secs] 
2020-09-29T18:01:18.440+0200: 74.831: [GC (Allocation Failure) [PSYoungGen: 603011K->42021K(640000K)] 631575K->70585K(2038272K), 0.0149877 secs] [Times: user=0.13 sys=0.00, real=0.01 secs] 
2020-09-29T18:01:18.505+0200: 74.896: [GC (Allocation Failure) [PSYoungGen: 623141K->48901K(636416K)] 651705K->77465K(2034688K), 0.0168466 secs] [Times: user=0.13 sys=0.00, real=0.02 secs] 
2020-09-29T18:01:18.573+0200: 74.963: [GC (Allocation Failure) [PSYoungGen: 626949K->24453K(602624K)] 655513K->53017K(2000896K), 0.0090591 secs] [Times: user=0.00 sys=0.00, real=0.01 secs] 
2020-09-29T18:01:18.633+0200: 75.024: [GC (Allocation Failure) [PSYoungGen: 602501K->41925K(638464K)] 631065K->70489K(2036736K), 0.0162226 secs] [Times: user=0.13 sys=0.00, real=0.02 secs] 
2020-09-29T18:01:18.699+0200: 75.089: [GC (Allocation Failure) [PSYoungGen: 619461K->45189K(637952K)] 648025K->73753K(2036224K), 0.0151566 secs] [Times: user=0.13 sys=0.00, real=0.02 secs] 
2020-09-29T18:01:18.765+0200: 75.155: [GC (Allocation Failure) [PSYoungGen: 622725K->34789K(639488K)] 651289K->63353K(2037760K), 0.0134229 secs] [Times: user=0.13 sys=0.00, real=0.01 secs] 
2020-09-29T18:01:18.828+0200: 75.219: [GC (Allocation Failure) [PSYoungGen: 613349K->25445K(637952K)] 641913K->54009K(2036224K), 0.0089697 secs] [Times: user=0.13 sys=0.00, real=0.01 secs] 
2020-09-29T18:01:18.887+0200: 75.277: [GC (Allocation Failure) [PSYoungGen: 604005K->43461K(639488K)] 632569K->72025K(2037760K), 0.0156094 secs] [Times: user=0.13 sys=0.00, real=0.02 secs] 
2020-09-29T18:01:18.968+0200: 75.358: [GC (Allocation Failure) [PSYoungGen: 623557K->33925K(639488K)] 652121K->62489K(2037760K), 0.0121650 secs] [Times: user=0.13 sys=0.00, real=0.01 secs] 
2020-09-29T18:01:19.030+0200: 75.420: [GC (Allocation Failure) [PSYoungGen: 614021K->26053K(641024K)] 642585K->54617K(2039296K), 0.0086786 secs] [Times: user=0.13 sys=0.00, real=0.01 secs] 
2020-09-29T18:01:19.092+0200: 75.482: [GC (Allocation Failure) [PSYoungGen: 609218K->19715K(603136K)] 637783K->48279K(2001408K), 0.0082750 secs] [Times: user=0.13 sys=0.00, real=0.01 secs] 
2020-09-29T18:01:19.152+0200: 75.542: [GC (Allocation Failure) [PSYoungGen: 602883K->42373K(639488K)] 631447K->70937K(2037760K), 0.0145940 secs] [Times: user=0.13 sys=0.00, real=0.01 secs] 
2020-09-29T18:01:19.219+0200: 75.609: [GC (Allocation Failure) [PSYoungGen: 623493K->35493K(640000K)] 652057K->64057K(2038272K), 0.0132433 secs] [Times: user=0.11 sys=0.00, real=0.01 secs] 
2020-09-29T18:01:19.283+0200: 75.673: [GC (Allocation Failure) [PSYoungGen: 616613K->26723K(643072K)] 645177K->55287K(2041344K), 0.0119440 secs] [Times: user=0.13 sys=0.00, real=0.01 secs] 
2020-09-29T18:01:19.345+0200: 75.736: [GC (Allocation Failure) [PSYoungGen: 612963K->36868K(642048K)] 641527K->65432K(2040320K), 0.0131696 secs] [Times: user=0.13 sys=0.00, real=0.01 secs] 
2020-09-29T18:01:19.409+0200: 75.799: [GC (Allocation Failure) [PSYoungGen: 623108K->48260K(637952K)] 651672K->76824K(2036224K), 0.0172692 secs] [Times: user=0.13 sys=0.00, real=0.02 secs] 
2020-09-29T18:01:19.477+0200: 75.868: [GC (Allocation Failure) [PSYoungGen: 631428K->43493K(626688K)] 659992K->72057K(2024960K), 0.0156128 secs] [Times: user=0.13 sys=0.00, real=0.02 secs] 
2020-09-29T18:01:19.544+0200: 75.934: [GC (Allocation Failure) [PSYoungGen: 626661K->38757K(642048K)] 655225K->67321K(2040320K), 0.0138261 secs] [Times: user=0.13 sys=0.00, real=0.01 secs] 
2020-09-29T18:01:19.612+0200: 76.002: [GC (Allocation Failure) [PSYoungGen: 622437K->48261K(632320K)] 651001K->76825K(2030592K), 0.0172451 secs] [Times: user=0.11 sys=0.00, real=0.02 secs] 
2020-09-29T18:01:19.679+0200: 76.070: [GC (Allocation Failure) [PSYoungGen: 631941K->30341K(640512K)] 660505K->58905K(2038784K), 0.0101141 secs] [Times: user=0.00 sys=0.00, real=0.01 secs] 
2020-09-29T18:01:19.739+0200: 76.130: [GC (Allocation Failure) [PSYoungGen: 611461K->22500K(639488K)] 640025K->51064K(2037760K), 0.0084547 secs] [Times: user=0.00 sys=0.00, real=0.01 secs] 
2020-09-29T18:01:19.799+0200: 76.190: [GC (Allocation Failure) [PSYoungGen: 603620K->42980K(638976K)] 632184K->71544K(2037248K), 0.0164024 secs] [Times: user=0.11 sys=0.00, real=0.02 secs] 
2020-09-29T18:01:19.866+0200: 76.256: [GC (Allocation Failure) [PSYoungGen: 623076K->19651K(600064K)] 651640K->48215K(1998336K), 0.0079835 secs] [Times: user=0.00 sys=0.00, real=0.01 secs] 
2020-09-29T18:01:19.924+0200: 76.314: [GC (Allocation Failure) [PSYoungGen: 599747K->23907K(639488K)] 628311K->52471K(2037760K), 0.0097494 secs] [Times: user=0.13 sys=0.00, real=0.01 secs] 
2020-09-29T18:01:19.984+0200: 76.375: [GC (Allocation Failure) [PSYoungGen: 603491K->28228K(638976K)] 632055K->56792K(2037248K), 0.0112137 secs] [Times: user=0.11 sys=0.00, real=0.01 secs] 
2020-09-29T18:01:20.046+0200: 76.436: [GC (Allocation Failure) [PSYoungGen: 607812K->33541K(643584K)] 636376K->62105K(2041856K), 0.0107369 secs] [Times: user=0.13 sys=0.00, real=0.01 secs] 
2020-09-29T18:01:20.106+0200: 76.497: [GC (Allocation Failure) [PSYoungGen: 618113K->14308K(641024K)] 646677K->42872K(2039296K), 0.0055586 secs] [Times: user=0.00 sys=0.00, real=0.01 secs] 
2020-09-29T18:01:20.163+0200: 76.554: [GC (Allocation Failure) [PSYoungGen: 600036K->37924K(642560K)] 628600K->66488K(2040832K), 0.0141990 secs] [Times: user=0.13 sys=0.00, real=0.01 secs] 
2020-09-29T18:01:20.230+0200: 76.621: [GC (Allocation Failure) [PSYoungGen: 624164K->49957K(636416K)] 652728K->78521K(2034688K), 0.0199392 secs] [Times: user=0.11 sys=0.00, real=0.02 secs] 
2020-09-29T18:01:20.302+0200: 76.692: [GC (Allocation Failure) [PSYoungGen: 636197K->48261K(632320K)] 664761K->76825K(2030592K), 0.0166469 secs] [Times: user=0.13 sys=0.00, real=0.02 secs] 
2020-09-29T18:01:20.368+0200: 76.759: [GC (Allocation Failure) [PSYoungGen: 620165K->45925K(617984K)] 648729K->74489K(2016256K), 0.0155760 secs] [Times: user=0.13 sys=0.00, real=0.02 secs] 
2020-09-29T18:01:20.433+0200: 76.824: [GC (Allocation Failure) [PSYoungGen: 617829K->43557K(634368K)] 646393K->72121K(2032640K), 0.0145174 secs] [Times: user=0.13 sys=0.00, real=0.01 secs] 
2020-09-29T18:01:20.497+0200: 76.887: [GC (Allocation Failure) [PSYoungGen: 613413K->52773K(623104K)] 641977K->81337K(2021376K), 0.0176525 secs] [Times: user=0.13 sys=0.00, real=0.02 secs] 
2020-09-29T18:01:20.564+0200: 76.955: [GC (Allocation Failure) [PSYoungGen: 622629K->48421K(630272K)] 651193K->76985K(2028544K), 0.0178831 secs] [Times: user=0.11 sys=0.00, real=0.02 secs] 
2020-09-29T18:01:20.633+0200: 77.023: [GC (Allocation Failure) [PSYoungGen: 611109K->36228K(630784K)] 639673K->64792K(2029056K), 0.0133207 secs] [Times: user=0.13 sys=0.00, real=0.01 secs] 
2020-09-29T18:01:20.695+0200: 77.085: [GC (Allocation Failure) [PSYoungGen: 598916K->24645K(632832K)] 627480K->53209K(2031104K), 0.0086678 secs] [Times: user=0.00 sys=0.00, real=0.01 secs] 
2020-09-29T18:01:20.752+0200: 77.143: [GC (Allocation Failure) [PSYoungGen: 591429K->29892K(632832K)] 619993K->58456K(2031104K), 0.0109762 secs] [Times: user=0.13 sys=0.00, real=0.01 secs] 
2020-09-29T18:01:20.812+0200: 77.202: [GC (Allocation Failure) [PSYoungGen: 596676K->49541K(630272K)] 625240K->78105K(2028544K), 0.0165927 secs] [Times: user=0.13 sys=0.00, real=0.02 secs] 
2020-09-29T18:01:20.878+0200: 77.269: [GC (Allocation Failure) [PSYoungGen: 615301K->54789K(621056K)] 643865K->83353K(2019328K), 0.0185025 secs] [Times: user=0.25 sys=0.00, real=0.02 secs] 
2020-09-29T18:01:20.945+0200: 77.336: [GC (Allocation Failure) [PSYoungGen: 620549K->17923K(627200K)] 649113K->46487K(2025472K), 0.0069497 secs] [Times: user=0.00 sys=0.00, real=0.01 secs] 
2020-09-29T18:01:21.000+0200: 77.390: [GC (Allocation Failure) [PSYoungGen: 575491K->28260K(628224K)] 604055K->56824K(2026496K), 0.0111759 secs] [Times: user=0.13 sys=0.00, real=0.01 secs] 
2020-09-29T18:01:21.060+0200: 77.450: [GC (Allocation Failure) [PSYoungGen: 585828K->38916K(632320K)] 614392K->67480K(2030592K), 0.0138214 secs] [Times: user=0.13 sys=0.00, real=0.01 secs] 
2020-09-29T18:01:21.122+0200: 77.513: [GC (Allocation Failure) [PSYoungGen: 602628K->42053K(630272K)] 631192K->70617K(2028544K), 0.0155733 secs] [Times: user=0.13 sys=0.00, real=0.02 secs] 
2020-09-29T18:01:21.188+0200: 77.579: [GC (Allocation Failure) [PSYoungGen: 605765K->45189K(633344K)] 634329K->73753K(2031616K), 0.0222679 secs] [Times: user=0.17 sys=0.00, real=0.02 secs] 
2020-09-29T18:01:21.263+0200: 77.654: [GC (Allocation Failure) [PSYoungGen: 612997K->38789K(633344K)] 641561K->67353K(2031616K), 0.0159037 secs] [Times: user=0.13 sys=0.00, real=0.02 secs] 
2020-09-29T18:01:21.331+0200: 77.722: [GC (Allocation Failure) [PSYoungGen: 606597K->31364K(636928K)] 635161K->59928K(2035200K), 0.0135421 secs] [Times: user=0.02 sys=0.01, real=0.01 secs] 
2020-09-29T18:01:21.395+0200: 77.785: [GC (Allocation Failure) [PSYoungGen: 605316K->31108K(635904K)] 633880K->59672K(2034176K), 0.0116339 secs] [Times: user=0.00 sys=0.00, real=0.01 secs] 
2020-09-29T18:01:21.455+0200: 77.845: [GC (Allocation Failure) [PSYoungGen: 605060K->30852K(639488K)] 633624K->59416K(2037760K), 0.0113007 secs] [Times: user=0.13 sys=0.00, real=0.01 secs] 
2020-09-29T18:01:21.514+0200: 77.905: [GC (Allocation Failure) [PSYoungGen: 609924K->35652K(638464K)] 638488K->64216K(2036736K), 0.0132020 secs] [Times: user=0.13 sys=0.00, real=0.01 secs] 
2020-09-29T18:01:21.577+0200: 77.968: [GC (Allocation Failure) [PSYoungGen: 614724K->40324K(642560K)] 643288K->68888K(2040832K), 0.0154880 secs] [Times: user=0.11 sys=0.00, real=0.02 secs] 
2020-09-29T18:01:21.644+0200: 78.035: [GC (Allocation Failure) [PSYoungGen: 626052K->24227K(642048K)] 654616K->52791K(2040320K), 0.0102418 secs] [Times: user=0.08 sys=0.02, real=0.01 secs] 
2020-09-29T18:01:21.703+0200: 78.094: [GC (Allocation Failure) [PSYoungGen: 609955K->7650K(636928K)] 638519K->36214K(2035200K), 0.0040066 secs] [Times: user=0.13 sys=0.00, real=0.00 secs] 
2020-09-29T18:01:21.755+0200: 78.146: [GC (Allocation Failure) [PSYoungGen: 587746K->6914K(587264K)] 616310K->35478K(1985536K), 0.0040301 secs] [Times: user=0.00 sys=0.00, real=0.00 secs] 
2020-09-29T18:01:21.807+0200: 78.197: [GC (Allocation Failure) [PSYoungGen: 587010K->25923K(640000K)] 615574K->54487K(2038272K), 0.0121283 secs] [Times: user=0.13 sys=0.00, real=0.01 secs] 
2020-09-29T18:01:21.866+0200: 78.256: [GC (Allocation Failure) [PSYoungGen: 604995K->16802K(637952K)] 633559K->45366K(2036224K), 0.0087363 secs] [Times: user=0.00 sys=0.00, real=0.01 secs] 
2020-09-29T18:01:21.923+0200: 78.313: [GC (Allocation Failure) [PSYoungGen: 595874K->21379K(642560K)] 624438K->49943K(2040832K), 0.0093744 secs] [Times: user=0.13 sys=0.00, real=0.01 secs] 
2020-09-29T18:01:21.979+0200: 78.370: [GC (Allocation Failure) [PSYoungGen: 606083K->31811K(641024K)] 634647K->60375K(2039296K), 0.0127476 secs] [Times: user=0.13 sys=0.00, real=0.01 secs] 
2020-09-29T18:01:22.040+0200: 78.430: [GC (Allocation Failure) [PSYoungGen: 616515K->13761K(644096K)] 645079K->42325K(2042368K), 0.0078954 secs] [Times: user=0.00 sys=0.00, real=0.01 secs] 
2020-09-29T18:01:22.095+0200: 78.486: [GC (Allocation Failure) [PSYoungGen: 603073K->15171K(644096K)] 631637K->43735K(2042368K), 0.0068697 secs] [Times: user=0.13 sys=0.00, real=0.01 secs] 
2020-09-29T18:01:22.152+0200: 78.543: [GC (Allocation Failure) [PSYoungGen: 604298K->64K(642048K)] 632862K->28628K(2040320K), 0.0007379 secs] [Times: user=0.00 sys=0.00, real=0.00 secs] 
2020-09-29T18:01:22.209+0200: 78.600: [GC (Allocation Failure) [PSYoungGen: 588352K->27779K(643584K)] 616916K->56343K(2041856K), 0.0118226 secs] [Times: user=0.00 sys=0.00, real=0.01 secs] 
2020-09-29T18:01:22.271+0200: 78.662: [GC (Allocation Failure) [PSYoungGen: 616067K->12738K(646144K)] 644631K->41302K(2044416K), 0.0072937 secs] [Times: user=0.00 sys=0.00, real=0.01 secs] 
2020-09-29T18:01:22.327+0200: 78.718: [GC (Allocation Failure) [PSYoungGen: 605122K->15490K(645120K)] 633686K->44054K(2043392K), 0.0080102 secs] [Times: user=0.13 sys=0.00, real=0.01 secs] 
2020-09-29T18:01:22.384+0200: 78.774: [GC (Allocation Failure) [PSYoungGen: 607874K->19939K(650752K)] 636438K->48503K(2049024K), 0.0086361 secs] [Times: user=0.00 sys=0.00, real=0.01 secs] 
2020-09-29T18:01:22.439+0200: 78.830: [GC (Allocation Failure) [PSYoungGen: 618721K->64K(648192K)] 647285K->28628K(2046464K), 0.0005692 secs] [Times: user=0.00 sys=0.00, real=0.00 secs] 
2020-09-29T18:01:22.494+0200: 78.884: [GC (Allocation Failure) [PSYoungGen: 600128K->25987K(650240K)] 628692K->54551K(2048512K), 0.0112880 secs] [Times: user=0.13 sys=0.00, real=0.01 secs] 
2020-09-29T18:01:22.563+0200: 78.954: [GC (Allocation Failure) [PSYoungGen: 627075K->21922K(649728K)] 655639K->50486K(2048000K), 0.0101619 secs] [Times: user=0.13 sys=0.00, real=0.01 secs] 
2020-09-29T18:01:22.631+0200: 79.022: [GC (Allocation Failure) [PSYoungGen: 623010K->21410K(654336K)] 651574K->49974K(2052608K), 0.0114254 secs] [Times: user=0.00 sys=0.00, real=0.01 secs] 
2020-09-29T18:01:22.704+0200: 79.095: [GC (Allocation Failure) [PSYoungGen: 629154K->13954K(652288K)] 657718K->42518K(2050560K), 0.0067739 secs] [Times: user=0.13 sys=0.00, real=0.01 secs] 
2020-09-29T18:01:22.769+0200: 79.160: [GC (Allocation Failure) [PSYoungGen: 621698K->20098K(657920K)] 650262K->48662K(2056192K), 0.0100741 secs] [Times: user=0.09 sys=0.00, real=0.01 secs] 
2020-09-29T18:01:22.841+0200: 79.232: [GC (Allocation Failure) [PSYoungGen: 635010K->5857K(655872K)] 663574K->34421K(2054144K), 0.0044505 secs] [Times: user=0.00 sys=0.00, real=0.00 secs] 
2020-09-29T18:01:22.905+0200: 79.296: [GC (Allocation Failure) [PSYoungGen: 620769K->4481K(657408K)] 649333K->33045K(2055680K), 0.0036805 secs] [Times: user=0.00 sys=0.00, real=0.00 secs] 
Heap
 PSYoungGen      total 657408K, used 432586K [0x00000000d5580000, 0x0000000100000000, 0x0000000100000000)
  eden space 615936K, 69% used [0x00000000d5580000,0x00000000ef7924a0,0x00000000faf00000)
  from space 41472K, 10% used [0x00000000fd780000,0x00000000fdbe0490,0x0000000100000000)
  to   space 41472K, 0% used [0x00000000faf00000,0x00000000faf00000,0x00000000fd780000)
 ParOldGen       total 1398272K, used 28564K [0x0000000080000000, 0x00000000d5580000, 0x00000000d5580000)
  object space 1398272K, 2% used [0x0000000080000000,0x0000000081be5060,0x00000000d5580000)
 Metaspace       used 2594K, capacity 4486K, committed 4864K, reserved 1056768K
  class space    used 285K, capacity 386K, committed 512K, reserved 1048576K
