Java HotSpot(TM) 64-Bit Server VM (25.261-b12) for windows-amd64 JRE (1.8.0_261-b12), built on Jun 18 2020 06:56:32 by "" with unknown MS VC++:1916
Memory: 4k page, physical 16659684k(9559104k free), swap 23213284k(9195440k free)
CommandLine flags: -XX:InitialHeapSize=2147483648 -XX:MaxHeapSize=2147483648 -XX:+PrintGC -XX:+PrintGCDateStamps -XX:+PrintGCDetails -XX:+PrintGCTimeStamps -XX:+UseCompressedClassPointers -XX:+UseCompressedOops -XX:-UseLargePagesIndividualAllocation -XX:+UseParallelGC 
2020-09-29T17:56:08.078+0200: 0.249: [GC (Allocation Failure) [PSYoungGen: 524800K->24451K(611840K)] 524800K->24459K(2010112K), 0.0161474 secs] [Times: user=0.13 sys=0.00, real=0.02 secs] 
2020-09-29T17:56:08.141+0200: 0.312: [GC (Allocation Failure) [PSYoungGen: 549251K->13059K(611840K)] 549259K->13067K(2010112K), 0.0172033 secs] [Times: user=0.00 sys=0.00, real=0.02 secs] 
2020-09-29T17:56:08.207+0200: 0.378: [GC (Allocation Failure) [PSYoungGen: 537859K->31892K(611840K)] 537867K->31900K(2010112K), 0.0174781 secs] [Times: user=0.20 sys=0.00, real=0.02 secs] 
2020-09-29T17:56:08.271+0200: 0.442: [GC (Allocation Failure) [PSYoungGen: 556692K->37077K(611840K)] 556700K->37085K(2010112K), 0.0187004 secs] [Times: user=0.13 sys=0.00, real=0.02 secs] 
2020-09-29T17:56:08.335+0200: 0.506: [GC (Allocation Failure) [PSYoungGen: 561877K->42341K(611840K)] 561885K->42349K(2010112K), 0.0196295 secs] [Times: user=0.13 sys=0.00, real=0.02 secs] 
2020-09-29T17:56:08.403+0200: 0.573: [GC (Allocation Failure) [PSYoungGen: 567141K->47637K(633856K)] 567149K->47645K(2032128K), 0.0300714 secs] [Times: user=0.14 sys=0.03, real=0.03 secs] 
2020-09-29T17:56:08.488+0200: 0.658: [GC (Allocation Failure) [PSYoungGen: 628757K->40388K(621568K)] 628765K->40816K(2019840K), 0.0233848 secs] [Times: user=0.20 sys=0.03, real=0.02 secs] 
2020-09-29T17:56:08.564+0200: 0.734: [GC (Allocation Failure) [PSYoungGen: 621508K->33028K(642560K)] 621936K->33456K(2040832K), 0.0150695 secs] [Times: user=0.13 sys=0.00, real=0.02 secs] 
2020-09-29T17:56:08.635+0200: 0.805: [GC (Allocation Failure) [PSYoungGen: 616196K->26500K(639488K)] 616624K->26928K(2037760K), 0.0144474 secs] [Times: user=0.13 sys=0.00, real=0.01 secs] 
2020-09-29T17:56:08.705+0200: 0.876: [GC (Allocation Failure) [PSYoungGen: 609668K->35461K(645120K)] 610096K->35889K(2043392K), 0.0168546 secs] [Times: user=0.11 sys=0.00, real=0.02 secs] 
2020-09-29T17:56:08.780+0200: 0.950: [GC (Allocation Failure) [PSYoungGen: 625285K->51045K(641024K)] 625713K->51473K(2039296K), 0.0216943 secs] [Times: user=0.13 sys=0.00, real=0.02 secs] 
2020-09-29T17:56:08.855+0200: 1.025: [GC (Allocation Failure) [PSYoungGen: 640869K->25316K(641024K)] 641297K->25744K(2039296K), 0.0123268 secs] [Times: user=0.13 sys=0.00, real=0.01 secs] 
2020-09-29T17:56:08.922+0200: 1.093: [GC (Allocation Failure) [PSYoungGen: 608484K->34213K(641024K)] 608912K->34641K(2039296K), 0.0149344 secs] [Times: user=0.13 sys=0.00, real=0.02 secs] 
2020-09-29T17:56:08.992+0200: 1.162: [GC (Allocation Failure) [PSYoungGen: 617381K->43269K(640512K)] 617809K->43697K(2038784K), 0.0193795 secs] [Times: user=0.13 sys=0.00, real=0.02 secs] 
2020-09-29T17:56:09.064+0200: 1.234: [GC (Allocation Failure) [PSYoungGen: 628485K->40549K(642048K)] 628913K->40977K(2040320K), 0.0176173 secs] [Times: user=0.13 sys=0.00, real=0.02 secs] 
2020-09-29T17:56:09.133+0200: 1.304: [GC (Allocation Failure) [PSYoungGen: 625765K->24101K(642048K)] 626193K->24529K(2040320K), 0.0111394 secs] [Times: user=0.00 sys=0.00, real=0.01 secs] 
2020-09-29T17:56:09.199+0200: 1.370: [GC (Allocation Failure) [PSYoungGen: 609317K->48805K(634368K)] 609745K->49233K(2032640K), 0.0240192 secs] [Times: user=0.09 sys=0.00, real=0.02 secs] 
2020-09-29T17:56:09.274+0200: 1.444: [GC (Allocation Failure) [PSYoungGen: 634021K->32197K(641024K)] 634449K->32625K(2039296K), 0.0144249 secs] [Times: user=0.13 sys=0.00, real=0.01 secs] 
2020-09-29T17:56:09.345+0200: 1.516: [GC (Allocation Failure) [PSYoungGen: 613317K->51141K(632320K)] 613745K->51569K(2030592K), 0.0239953 secs] [Times: user=0.25 sys=0.00, real=0.02 secs] 
2020-09-29T17:56:09.420+0200: 1.591: [GC (Allocation Failure) [PSYoungGen: 632261K->44293K(636416K)] 632689K->44721K(2034688K), 0.0211047 secs] [Times: user=0.13 sys=0.00, real=0.02 secs] 
2020-09-29T17:56:09.493+0200: 1.664: [GC (Allocation Failure) [PSYoungGen: 619269K->31365K(636928K)] 619697K->31793K(2035200K), 0.0142540 secs] [Times: user=0.13 sys=0.00, real=0.01 secs] 
2020-09-29T17:56:09.558+0200: 1.730: [GC (Allocation Failure) [PSYoungGen: 606341K->31524K(639488K)] 606769K->31952K(2037760K), 0.0161536 secs] [Times: user=0.13 sys=0.00, real=0.02 secs] 
2020-09-29T17:56:09.630+0200: 1.801: [GC (Allocation Failure) [PSYoungGen: 610596K->36421K(638464K)] 611024K->36849K(2036736K), 0.0201906 secs] [Times: user=0.09 sys=0.00, real=0.02 secs] 
2020-09-29T17:56:09.705+0200: 1.876: [GC (Allocation Failure) [PSYoungGen: 615493K->24292K(642048K)] 615921K->24720K(2040320K), 0.0125605 secs] [Times: user=0.13 sys=0.00, real=0.01 secs] 
2020-09-29T17:56:09.780+0200: 1.950: [GC (Allocation Failure) [PSYoungGen: 609508K->35301K(642048K)] 609936K->35729K(2040320K), 0.0169072 secs] [Times: user=0.13 sys=0.00, real=0.02 secs] 
2020-09-29T17:56:09.853+0200: 2.024: [GC (Allocation Failure) [PSYoungGen: 620517K->15779K(641024K)] 620945K->16207K(2039296K), 0.0085784 secs] [Times: user=0.00 sys=0.00, real=0.01 secs] 
2020-09-29T17:56:09.922+0200: 2.092: [GC (Allocation Failure) [PSYoungGen: 602019K->41477K(628224K)] 602447K->41905K(2026496K), 0.0197153 secs] [Times: user=0.13 sys=0.00, real=0.02 secs] 
2020-09-29T17:56:09.995+0200: 2.166: [GC (Allocation Failure) [PSYoungGen: 627717K->39813K(642048K)] 628145K->40241K(2040320K), 0.0181777 secs] [Times: user=0.13 sys=0.00, real=0.02 secs] 
2020-09-29T17:56:10.070+0200: 2.240: [GC (Allocation Failure) [PSYoungGen: 625029K->37157K(642048K)] 625457K->37585K(2040320K), 0.0179514 secs] [Times: user=0.13 sys=0.00, real=0.02 secs] 
2020-09-29T17:56:10.148+0200: 2.319: [GC (Allocation Failure) [PSYoungGen: 622373K->48197K(637440K)] 622801K->48625K(2035712K), 0.0223013 secs] [Times: user=0.13 sys=0.00, real=0.02 secs] 
2020-09-29T17:56:10.226+0200: 2.397: [GC (Allocation Failure) [PSYoungGen: 630341K->42405K(640512K)] 630769K->42833K(2038784K), 0.0206624 secs] [Times: user=0.13 sys=0.00, real=0.02 secs] 
2020-09-29T17:56:10.308+0200: 2.479: [GC (Allocation Failure) [PSYoungGen: 624549K->34980K(642048K)] 624977K->35408K(2040320K), 0.0183186 secs] [Times: user=0.13 sys=0.00, real=0.02 secs] 
2020-09-29T17:56:10.381+0200: 2.551: [GC (Allocation Failure) [PSYoungGen: 618660K->30405K(640512K)] 619088K->30833K(2038784K), 0.0153621 secs] [Times: user=0.13 sys=0.00, real=0.01 secs] 
2020-09-29T17:56:10.456+0200: 2.627: [GC (Allocation Failure) [PSYoungGen: 614085K->25508K(643072K)] 614513K->25936K(2041344K), 0.0138404 secs] [Times: user=0.13 sys=0.00, real=0.01 secs] 
2020-09-29T17:56:10.527+0200: 2.697: [GC (Allocation Failure) [PSYoungGen: 612772K->37956K(643072K)] 613200K->38384K(2041344K), 0.0189383 secs] [Times: user=0.13 sys=0.00, real=0.02 secs] 
2020-09-29T17:56:10.602+0200: 2.772: [GC (Allocation Failure) [PSYoungGen: 625220K->23493K(644096K)] 625648K->23921K(2042368K), 0.0116471 secs] [Times: user=0.00 sys=0.00, real=0.01 secs] 
2020-09-29T17:56:10.665+0200: 2.836: [GC (Allocation Failure) [PSYoungGen: 612805K->37060K(644096K)] 613233K->37488K(2042368K), 0.0191385 secs] [Times: user=0.13 sys=0.00, real=0.02 secs] 
2020-09-29T17:56:10.734+0200: 2.905: [GC (Allocation Failure) [PSYoungGen: 626372K->20260K(644096K)] 626800K->20688K(2042368K), 0.0100677 secs] [Times: user=0.13 sys=0.00, real=0.01 secs] 
2020-09-29T17:56:10.796+0200: 2.967: [GC (Allocation Failure) [PSYoungGen: 610596K->22020K(644608K)] 611024K->22448K(2042880K), 0.0112103 secs] [Times: user=0.13 sys=0.00, real=0.01 secs] 
2020-09-29T17:56:10.865+0200: 3.036: [GC (Allocation Failure) [PSYoungGen: 612356K->24356K(645632K)] 612784K->24784K(2043904K), 0.0124758 secs] [Times: user=0.00 sys=0.00, real=0.01 secs] 
2020-09-29T17:56:10.931+0200: 3.102: [GC (Allocation Failure) [PSYoungGen: 615716K->41541K(633344K)] 616144K->41969K(2031616K), 0.0195355 secs] [Times: user=0.13 sys=0.00, real=0.02 secs] 
2020-09-29T17:56:11.002+0200: 3.173: [GC (Allocation Failure) [PSYoungGen: 632901K->28068K(645632K)] 633329K->28496K(2043904K), 0.0148168 secs] [Times: user=0.13 sys=0.00, real=0.01 secs] 
2020-09-29T17:56:11.067+0200: 3.238: [GC (Allocation Failure) [PSYoungGen: 618916K->30948K(644096K)] 619344K->31376K(2042368K), 0.0161844 secs] [Times: user=0.13 sys=0.00, real=0.02 secs] 
2020-09-29T17:56:11.141+0200: 3.311: [GC (Allocation Failure) [PSYoungGen: 621796K->33861K(648704K)] 622224K->34289K(2046976K), 0.0167400 secs] [Times: user=0.13 sys=0.00, real=0.02 secs] 
2020-09-29T17:56:11.214+0200: 3.385: [GC (Allocation Failure) [PSYoungGen: 631365K->43493K(641024K)] 631793K->43921K(2039296K), 0.0209967 secs] [Times: user=0.11 sys=0.00, real=0.02 secs] 
2020-09-29T17:56:11.289+0200: 3.460: [GC (Allocation Failure) [PSYoungGen: 640997K->52709K(635904K)] 641425K->53425K(2034176K), 0.0253367 secs] [Times: user=0.13 sys=0.00, real=0.02 secs] 
2020-09-29T17:56:11.364+0200: 3.535: [GC (Allocation Failure) [PSYoungGen: 635877K->34629K(641024K)] 636593K->35345K(2039296K), 0.0163631 secs] [Times: user=0.13 sys=0.00, real=0.02 secs] 
2020-09-29T17:56:11.433+0200: 3.604: [GC (Allocation Failure) [PSYoungGen: 617797K->43621K(641024K)] 618513K->44337K(2039296K), 0.0210203 secs] [Times: user=0.13 sys=0.00, real=0.02 secs] 
2020-09-29T17:56:11.508+0200: 3.678: [GC (Allocation Failure) [PSYoungGen: 628837K->40901K(642048K)] 629553K->41617K(2040320K), 0.0199117 secs] [Times: user=0.13 sys=0.00, real=0.02 secs] 
2020-09-29T17:56:11.586+0200: 3.757: [GC (Allocation Failure) [PSYoungGen: 626117K->38181K(643584K)] 626833K->38897K(2041856K), 0.0197295 secs] [Times: user=0.11 sys=0.00, real=0.02 secs] 
2020-09-29T17:56:11.660+0200: 3.830: [GC (Allocation Failure) [PSYoungGen: 624933K->37061K(642048K)] 625649K->37777K(2040320K), 0.0176463 secs] [Times: user=0.25 sys=0.00, real=0.02 secs] 
2020-09-29T17:56:11.730+0200: 3.900: [GC (Allocation Failure) [PSYoungGen: 623813K->19970K(643072K)] 624529K->20686K(2041344K), 0.0125279 secs] [Times: user=0.13 sys=0.00, real=0.01 secs] 
2020-09-29T17:56:11.803+0200: 3.974: [GC (Allocation Failure) [PSYoungGen: 609282K->34468K(644096K)] 609998K->35184K(2042368K), 0.0173228 secs] [Times: user=0.13 sys=0.00, real=0.02 secs] 
2020-09-29T17:56:11.877+0200: 4.047: [GC (Allocation Failure) [PSYoungGen: 623354K->4034K(639488K)] 624070K->4750K(2037760K), 0.0033339 secs] [Times: user=0.13 sys=0.00, real=0.00 secs] 
2020-09-29T17:56:11.930+0200: 4.101: [GC (Allocation Failure) [PSYoungGen: 590274K->15363K(602112K)] 590990K->16079K(2000384K), 0.0085695 secs] [Times: user=0.00 sys=0.00, real=0.01 secs] 
2020-09-29T17:56:12.004+0200: 4.175: [GC (Allocation Failure) [PSYoungGen: 601603K->25091K(643584K)] 602319K->25807K(2041856K), 0.0137750 secs] [Times: user=0.03 sys=0.00, real=0.01 secs] 
2020-09-29T17:56:12.074+0200: 4.245: [GC (Allocation Failure) [PSYoungGen: 611843K->36581K(642048K)] 612559K->37297K(2040320K), 0.0192999 secs] [Times: user=0.11 sys=0.00, real=0.02 secs] 
2020-09-29T17:56:12.147+0200: 4.318: [GC (Allocation Failure) [PSYoungGen: 623333K->35397K(644608K)] 624049K->36113K(2042880K), 0.0163612 secs] [Times: user=0.13 sys=0.00, real=0.02 secs] 
2020-09-29T17:56:12.223+0200: 4.394: [GC (Allocation Failure) [PSYoungGen: 624709K->36805K(643584K)] 625425K->37521K(2041856K), 0.0174068 secs] [Times: user=0.13 sys=0.00, real=0.02 secs] 
2020-09-29T17:56:12.297+0200: 4.468: [GC (Allocation Failure) [PSYoungGen: 626117K->51941K(633344K)] 626833K->52657K(2031616K), 0.0238183 secs] [Times: user=0.25 sys=0.00, real=0.02 secs] 
2020-09-29T17:56:12.370+0200: 4.541: [GC (Allocation Failure) [PSYoungGen: 631013K->26852K(638976K)] 631729K->27568K(2037248K), 0.0138654 secs] [Times: user=0.13 sys=0.00, real=0.01 secs] 
2020-09-29T17:56:12.435+0200: 4.606: [GC (Allocation Failure) [PSYoungGen: 605924K->29860K(642560K)] 606640K->30576K(2040832K), 0.0145005 secs] [Times: user=0.13 sys=0.00, real=0.02 secs] 
2020-09-29T17:56:12.508+0200: 4.679: [GC (Allocation Failure) [PSYoungGen: 614052K->38501K(640512K)] 614768K->39217K(2038784K), 0.0182916 secs] [Times: user=0.13 sys=0.00, real=0.02 secs] 
2020-09-29T17:56:12.580+0200: 4.751: [GC (Allocation Failure) [PSYoungGen: 622693K->48453K(636416K)] 623409K->49169K(2034688K), 0.0246330 secs] [Times: user=0.22 sys=0.00, real=0.03 secs] 
2020-09-29T17:56:12.658+0200: 4.829: [GC (Allocation Failure) [PSYoungGen: 628549K->39108K(639488K)] 629265K->39824K(2037760K), 0.0191700 secs] [Times: user=0.23 sys=0.00, real=0.02 secs] 
2020-09-29T17:56:12.733+0200: 4.904: [GC (Allocation Failure) [PSYoungGen: 619204K->44997K(637952K)] 619920K->45713K(2036224K), 0.0207087 secs] [Times: user=0.14 sys=0.00, real=0.02 secs] 
2020-09-29T17:56:12.809+0200: 4.980: [GC (Allocation Failure) [PSYoungGen: 624069K->36069K(638976K)] 624785K->36785K(2037248K), 0.0172410 secs] [Times: user=0.13 sys=0.00, real=0.02 secs] 
2020-09-29T17:56:12.889+0200: 5.060: [GC (Allocation Failure) [PSYoungGen: 615141K->40965K(641536K)] 615857K->41681K(2039808K), 0.0199034 secs] [Times: user=0.13 sys=0.00, real=0.02 secs] 
2020-09-29T17:56:12.961+0200: 5.132: [GC (Allocation Failure) [PSYoungGen: 624645K->36581K(641024K)] 625361K->37297K(2039296K), 0.0182085 secs] [Times: user=0.13 sys=0.00, real=0.02 secs] 
2020-09-29T17:56:13.030+0200: 5.201: [GC (Allocation Failure) [PSYoungGen: 620261K->30852K(644608K)] 620977K->31568K(2042880K), 0.0165239 secs] [Times: user=0.13 sys=0.00, real=0.02 secs] 
2020-09-29T17:56:13.099+0200: 5.270: [GC (Allocation Failure) [PSYoungGen: 620164K->29508K(643584K)] 620880K->30224K(2041856K), 0.0152627 secs] [Times: user=0.13 sys=0.00, real=0.02 secs] 
2020-09-29T17:56:13.173+0200: 5.344: [GC (Allocation Failure) [PSYoungGen: 618820K->42852K(643072K)] 619536K->43568K(2041344K), 0.0210189 secs] [Times: user=0.25 sys=0.00, real=0.02 secs] 
2020-09-29T17:56:13.253+0200: 5.424: [GC (Allocation Failure) [PSYoungGen: 632164K->54757K(644096K)] 632880K->58585K(2042368K), 0.0270305 secs] [Times: user=0.25 sys=0.00, real=0.03 secs] 
2020-09-29T17:56:13.333+0200: 5.504: [GC (Allocation Failure) [PSYoungGen: 644069K->30787K(633856K)] 647897K->34615K(2032128K), 0.0169771 secs] [Times: user=0.13 sys=0.00, real=0.02 secs] 
2020-09-29T17:56:13.402+0200: 5.573: [GC (Allocation Failure) [PSYoungGen: 609859K->35589K(638976K)] 613687K->39417K(2037248K), 0.0163966 secs] [Times: user=0.13 sys=0.00, real=0.02 secs] 
2020-09-29T17:56:13.475+0200: 5.647: [GC (Allocation Failure) [PSYoungGen: 614661K->25540K(641024K)] 618489K->29368K(2039296K), 0.0130983 secs] [Times: user=0.02 sys=0.00, real=0.01 secs] 
2020-09-29T17:56:13.544+0200: 5.715: [GC (Allocation Failure) [PSYoungGen: 608708K->33732K(641024K)] 612536K->37560K(2039296K), 0.0184943 secs] [Times: user=0.09 sys=0.00, real=0.02 secs] 
2020-09-29T17:56:13.616+0200: 5.787: [GC (Allocation Failure) [PSYoungGen: 616900K->42693K(641536K)] 620728K->46521K(2039808K), 0.0220966 secs] [Times: user=0.11 sys=0.00, real=0.02 secs] 
2020-09-29T17:56:13.691+0200: 5.862: [GC (Allocation Failure) [PSYoungGen: 627909K->53733K(638976K)] 631737K->57561K(2037248K), 0.0247910 secs] [Times: user=0.16 sys=0.00, real=0.03 secs] 
2020-09-29T17:56:13.767+0200: 5.938: [GC (Allocation Failure) [PSYoungGen: 638949K->23012K(635904K)] 642777K->26840K(2034176K), 0.0123116 secs] [Times: user=0.13 sys=0.00, real=0.01 secs] 
2020-09-29T17:56:13.832+0200: 6.004: [GC (Allocation Failure) [PSYoungGen: 599012K->38469K(637440K)] 602840K->42297K(2035712K), 0.0177970 secs] [Times: user=0.14 sys=0.00, real=0.02 secs] 
2020-09-29T17:56:13.901+0200: 6.072: [GC (Allocation Failure) [PSYoungGen: 614469K->40229K(640512K)] 618297K->44057K(2038784K), 0.0190743 secs] [Times: user=0.13 sys=0.00, real=0.02 secs] 
2020-09-29T17:56:13.978+0200: 6.149: [GC (Allocation Failure) [PSYoungGen: 621349K->47109K(628736K)] 625177K->50937K(2027008K), 0.0217987 secs] [Times: user=0.13 sys=0.00, real=0.02 secs] 
2020-09-29T17:56:14.056+0200: 6.227: [GC (Allocation Failure) [PSYoungGen: 628229K->10500K(633856K)] 632057K->14328K(2032128K), 0.0049988 secs] [Times: user=0.00 sys=0.00, real=0.01 secs] 
2020-09-29T17:56:14.119+0200: 6.290: [GC (Allocation Failure) [PSYoungGen: 584452K->37605K(636416K)] 588280K->41433K(2034688K), 0.0176395 secs] [Times: user=0.13 sys=0.00, real=0.02 secs] 
2020-09-29T17:56:14.192+0200: 6.364: [GC (Allocation Failure) [PSYoungGen: 611557K->37349K(640000K)] 615385K->41177K(2038272K), 0.0202420 secs] [Times: user=0.11 sys=0.00, real=0.02 secs] 
2020-09-29T17:56:14.270+0200: 6.440: [GC (Allocation Failure) [PSYoungGen: 616421K->42149K(637952K)] 620249K->45977K(2036224K), 0.0176685 secs] [Times: user=0.13 sys=0.00, real=0.02 secs] 
2020-09-29T17:56:14.343+0200: 6.514: [GC (Allocation Failure) [PSYoungGen: 621221K->46596K(636928K)] 625049K->50424K(2035200K), 0.0179875 secs] [Times: user=0.13 sys=0.00, real=0.02 secs] 
2020-09-29T17:56:14.411+0200: 6.582: [GC (Allocation Failure) [PSYoungGen: 624644K->22948K(601088K)] 628472K->26776K(1999360K), 0.0092129 secs] [Times: user=0.00 sys=0.00, real=0.01 secs] 
2020-09-29T17:56:14.470+0200: 6.641: [GC (Allocation Failure) [PSYoungGen: 600996K->40421K(638976K)] 604824K->44249K(2037248K), 0.0141883 secs] [Times: user=0.13 sys=0.00, real=0.01 secs] 
2020-09-29T17:56:14.539+0200: 6.710: [GC (Allocation Failure) [PSYoungGen: 618469K->44197K(637952K)] 622297K->48025K(2036224K), 0.0161241 secs] [Times: user=0.13 sys=0.00, real=0.02 secs] 
2020-09-29T17:56:14.609+0200: 6.780: [GC (Allocation Failure) [PSYoungGen: 622245K->19108K(636416K)] 626073K->22936K(2034688K), 0.0113551 secs] [Times: user=0.06 sys=0.00, real=0.01 secs] 
2020-09-29T17:56:14.675+0200: 6.846: [GC (Allocation Failure) [PSYoungGen: 595108K->33828K(637440K)] 598936K->37656K(2035712K), 0.0145668 secs] [Times: user=0.09 sys=0.00, real=0.02 secs] 
2020-09-29T17:56:14.742+0200: 6.913: [GC (Allocation Failure) [PSYoungGen: 609828K->35589K(642048K)] 613656K->39417K(2040320K), 0.0132108 secs] [Times: user=0.13 sys=0.00, real=0.01 secs] 
2020-09-29T17:56:14.814+0200: 6.986: [GC (Allocation Failure) [PSYoungGen: 618757K->43461K(640000K)] 622585K->47289K(2038272K), 0.0153156 secs] [Times: user=0.13 sys=0.00, real=0.02 secs] 
2020-09-29T17:56:14.880+0200: 7.051: [GC (Allocation Failure) [PSYoungGen: 626629K->24484K(641536K)] 630457K->28312K(2039808K), 0.0095002 secs] [Times: user=0.00 sys=0.00, real=0.01 secs] 
2020-09-29T17:56:14.940+0200: 7.112: [GC (Allocation Failure) [PSYoungGen: 608164K->30179K(641024K)] 611992K->34007K(2039296K), 0.0120599 secs] [Times: user=0.13 sys=0.00, real=0.01 secs] 
2020-09-29T17:56:15.004+0200: 7.175: [GC (Allocation Failure) [PSYoungGen: 613859K->36451K(644096K)] 617687K->40279K(2042368K), 0.0142408 secs] [Times: user=0.00 sys=0.00, real=0.01 secs] 
2020-09-29T17:56:15.069+0200: 7.241: [GC (Allocation Failure) [PSYoungGen: 624739K->22403K(643072K)] 628567K->26231K(2041344K), 0.0092537 secs] [Times: user=0.00 sys=0.00, real=0.01 secs] 
2020-09-29T17:56:15.141+0200: 7.313: [GC (Allocation Failure) [PSYoungGen: 610691K->50181K(635904K)] 614519K->54009K(2034176K), 0.0173651 secs] [Times: user=0.13 sys=0.00, real=0.02 secs] 
2020-09-29T17:56:15.213+0200: 7.384: [GC (Allocation Failure) [PSYoungGen: 631301K->43365K(624640K)] 635129K->47193K(2022912K), 0.0190634 secs] [Times: user=0.13 sys=0.00, real=0.02 secs] 
2020-09-29T17:56:15.283+0200: 7.454: [GC (Allocation Failure) [PSYoungGen: 624485K->20708K(638464K)] 628313K->24536K(2036736K), 0.0080336 secs] [Times: user=0.13 sys=0.00, real=0.01 secs] 
2020-09-29T17:56:15.344+0200: 7.516: [GC (Allocation Failure) [PSYoungGen: 599780K->39012K(638976K)] 603608K->42840K(2037248K), 0.0150820 secs] [Times: user=0.13 sys=0.00, real=0.01 secs] 
2020-09-29T17:56:15.410+0200: 7.581: [GC (Allocation Failure) [PSYoungGen: 618084K->43845K(637952K)] 621912K->47673K(2036224K), 0.0147824 secs] [Times: user=0.00 sys=0.00, real=0.01 secs] 
2020-09-29T17:56:15.475+0200: 7.646: [GC (Allocation Failure) [PSYoungGen: 622917K->20004K(599552K)] 626745K->23832K(1997824K), 0.0071282 secs] [Times: user=0.00 sys=0.00, real=0.01 secs] 
2020-09-29T17:56:15.539+0200: 7.710: [GC (Allocation Failure) [PSYoungGen: 599076K->38501K(639488K)] 602904K->42329K(2037760K), 0.0132286 secs] [Times: user=0.13 sys=0.00, real=0.01 secs] 
2020-09-29T17:56:15.606+0200: 7.777: [GC (Allocation Failure) [PSYoungGen: 617573K->28868K(638464K)] 621401K->32696K(2036736K), 0.0120287 secs] [Times: user=0.11 sys=0.00, real=0.01 secs] 
2020-09-29T17:56:15.671+0200: 7.842: [GC (Allocation Failure) [PSYoungGen: 607940K->33124K(643072K)] 611768K->36952K(2041344K), 0.0128796 secs] [Times: user=0.13 sys=0.00, real=0.01 secs] 
2020-09-29T17:56:15.737+0200: 7.908: [GC (Allocation Failure) [PSYoungGen: 618340K->30116K(641024K)] 622168K->33944K(2039296K), 0.0127893 secs] [Times: user=0.13 sys=0.00, real=0.01 secs] 
2020-09-29T17:56:15.803+0200: 7.974: [GC (Allocation Failure) [PSYoungGen: 615332K->41093K(643584K)] 619160K->44921K(2041856K), 0.0137741 secs] [Times: user=0.00 sys=0.00, real=0.01 secs] 
2020-09-29T17:56:15.869+0200: 8.040: [GC (Allocation Failure) [PSYoungGen: 630405K->42533K(632320K)] 634233K->46361K(2030592K), 0.0147338 secs] [Times: user=0.13 sys=0.00, real=0.02 secs] 
2020-09-29T17:56:15.936+0200: 8.107: [GC (Allocation Failure) [PSYoungGen: 631845K->43941K(641024K)] 635673K->47769K(2039296K), 0.0152745 secs] [Times: user=0.13 sys=0.00, real=0.01 secs] 
2020-09-29T17:56:16.007+0200: 8.178: [GC (Allocation Failure) [PSYoungGen: 629157K->41029K(642048K)] 632985K->44857K(2040320K), 0.0154067 secs] [Times: user=0.06 sys=0.00, real=0.02 secs] 
2020-09-29T17:56:16.073+0200: 8.245: [GC (Allocation Failure) [PSYoungGen: 626245K->37925K(643584K)] 630073K->41753K(2041856K), 0.0137796 secs] [Times: user=0.13 sys=0.00, real=0.01 secs] 
2020-09-29T17:56:16.138+0200: 8.309: [GC (Allocation Failure) [PSYoungGen: 624677K->35395K(642048K)] 628505K->39223K(2040320K), 0.0135894 secs] [Times: user=0.13 sys=0.00, real=0.02 secs] 
2020-09-29T17:56:16.229+0200: 8.399: [GC (Allocation Failure) [PSYoungGen: 622147K->20548K(643072K)] 625975K->24376K(2041344K), 0.0081763 secs] [Times: user=0.00 sys=0.00, real=0.01 secs] 
2020-09-29T17:56:16.291+0200: 8.462: [GC (Allocation Failure) [PSYoungGen: 609860K->35172K(644096K)] 613688K->39000K(2042368K), 0.0129306 secs] [Times: user=0.13 sys=0.00, real=0.01 secs] 
2020-09-29T17:56:16.357+0200: 8.528: [GC (Allocation Failure) [PSYoungGen: 624484K->36549K(647168K)] 628312K->40377K(2045440K), 0.0126007 secs] [Times: user=0.13 sys=0.00, real=0.01 secs] 
2020-09-29T17:56:16.423+0200: 8.594: [GC (Allocation Failure) [PSYoungGen: 630981K->29445K(646144K)] 634809K->33273K(2044416K), 0.0112212 secs] [Times: user=0.11 sys=0.00, real=0.01 secs] 
2020-09-29T17:56:16.488+0200: 8.659: [GC (Allocation Failure) [PSYoungGen: 623877K->35973K(648704K)] 627705K->39801K(2046976K), 0.0135804 secs] [Times: user=0.11 sys=0.00, real=0.01 secs] 
2020-09-29T17:56:16.559+0200: 8.729: [GC (Allocation Failure) [PSYoungGen: 633477K->31845K(647680K)] 637305K->35673K(2045952K), 0.0126210 secs] [Times: user=0.13 sys=0.00, real=0.01 secs] 
2020-09-29T17:56:16.626+0200: 8.797: [GC (Allocation Failure) [PSYoungGen: 629349K->41413K(647680K)] 633177K->45241K(2045952K), 0.0157113 secs] [Times: user=0.11 sys=0.00, real=0.02 secs] 
2020-09-29T17:56:16.694+0200: 8.865: [GC (Allocation Failure) [PSYoungGen: 639941K->38373K(648704K)] 643769K->42201K(2046976K), 0.0136767 secs] [Times: user=0.13 sys=0.00, real=0.01 secs] 
2020-09-29T17:56:16.761+0200: 8.931: [GC (Allocation Failure) [PSYoungGen: 636901K->33283K(650240K)] 640729K->37111K(2048512K), 0.0129600 secs] [Times: user=0.13 sys=0.00, real=0.01 secs] 
2020-09-29T17:56:16.826+0200: 8.996: [GC (Allocation Failure) [PSYoungGen: 633859K->31108K(649216K)] 637687K->34936K(2047488K), 0.0119189 secs] [Times: user=0.13 sys=0.00, real=0.01 secs] 
2020-09-29T17:56:16.890+0200: 9.061: [GC (Allocation Failure) [PSYoungGen: 631684K->28452K(650752K)] 635512K->32280K(2049024K), 0.0105174 secs] [Times: user=0.13 sys=0.00, real=0.01 secs] 
2020-09-29T17:56:16.954+0200: 9.125: [GC (Allocation Failure) [PSYoungGen: 631076K->43141K(646144K)] 634904K->46969K(2044416K), 0.0150221 secs] [Times: user=0.13 sys=0.00, real=0.02 secs] 
2020-09-29T17:56:17.025+0200: 9.195: [GC (Allocation Failure) [PSYoungGen: 645765K->30469K(649728K)] 649593K->34297K(2048000K), 0.0113490 secs] [Times: user=0.00 sys=0.00, real=0.01 secs] 
2020-09-29T17:56:17.090+0200: 9.260: [GC (Allocation Failure) [PSYoungGen: 630533K->49125K(649216K)] 634361K->60089K(2047488K), 0.0204213 secs] [Times: user=0.13 sys=0.00, real=0.02 secs] 
2020-09-29T17:56:17.164+0200: 9.335: [GC (Allocation Failure) [PSYoungGen: 649189K->26788K(636928K)] 660153K->37752K(2035200K), 0.0104260 secs] [Times: user=0.00 sys=0.00, real=0.01 secs] 
2020-09-29T17:56:17.230+0200: 9.401: [GC (Allocation Failure) [PSYoungGen: 614052K->22147K(643072K)] 625016K->33111K(2041344K), 0.0086754 secs] [Times: user=0.02 sys=0.00, real=0.01 secs] 
2020-09-29T17:56:17.291+0200: 9.461: [GC (Allocation Failure) [PSYoungGen: 609411K->35044K(644608K)] 620375K->46008K(2042880K), 0.0125827 secs] [Times: user=0.13 sys=0.00, real=0.01 secs] 
2020-09-29T17:56:17.355+0200: 9.525: [GC (Allocation Failure) [PSYoungGen: 623844K->35877K(643072K)] 634808K->46841K(2041344K), 0.0131283 secs] [Times: user=0.13 sys=0.00, real=0.01 secs] 
2020-09-29T17:56:17.420+0200: 9.591: [GC (Allocation Failure) [PSYoungGen: 624677K->36388K(647168K)] 635641K->47352K(2045440K), 0.0129735 secs] [Times: user=0.13 sys=0.00, real=0.01 secs] 
2020-09-29T17:56:17.485+0200: 9.656: [GC (Allocation Failure) [PSYoungGen: 630820K->42885K(646144K)] 641784K->53849K(2044416K), 0.0143620 secs] [Times: user=0.13 sys=0.00, real=0.01 secs] 
2020-09-29T17:56:17.551+0200: 9.722: [GC (Allocation Failure) [PSYoungGen: 637317K->21700K(644096K)] 648281K->32664K(2042368K), 0.0077548 secs] [Times: user=0.13 sys=0.00, real=0.01 secs] 
2020-09-29T17:56:17.611+0200: 9.782: [GC (Allocation Failure) [PSYoungGen: 613060K->25125K(645120K)] 624024K->36089K(2043392K), 0.0099802 secs] [Times: user=0.11 sys=0.00, real=0.01 secs] 
2020-09-29T17:56:17.673+0200: 9.844: [GC (Allocation Failure) [PSYoungGen: 616485K->28549K(646656K)] 627449K->39513K(2044928K), 0.0102802 secs] [Times: user=0.13 sys=0.00, real=0.01 secs] 
2020-09-29T17:56:17.735+0200: 9.906: [GC (Allocation Failure) [PSYoungGen: 621957K->47717K(641536K)] 632921K->58681K(2039808K), 0.0155787 secs] [Times: user=0.13 sys=0.00, real=0.02 secs] 
2020-09-29T17:56:17.802+0200: 9.973: [GC (Allocation Failure) [PSYoungGen: 641125K->39589K(643584K)] 652089K->50553K(2041856K), 0.0141771 secs] [Times: user=0.02 sys=0.00, real=0.01 secs] 
2020-09-29T17:56:17.869+0200: 10.040: [GC (Allocation Failure) [PSYoungGen: 627365K->39397K(643072K)] 638329K->50361K(2041344K), 0.0137873 secs] [Times: user=0.13 sys=0.00, real=0.01 secs] 
2020-09-29T17:56:17.935+0200: 10.106: [GC (Allocation Failure) [PSYoungGen: 627173K->39301K(644096K)] 638137K->50265K(2042368K), 0.0139772 secs] [Times: user=0.11 sys=0.00, real=0.01 secs] 
2020-09-29T17:56:18.001+0200: 10.172: [GC (Allocation Failure) [PSYoungGen: 628101K->40165K(643584K)] 639065K->51129K(2041856K), 0.0142564 secs] [Times: user=0.13 sys=0.00, real=0.01 secs] 
2020-09-29T17:56:18.067+0200: 10.238: [GC (Allocation Failure) [PSYoungGen: 628965K->41061K(644608K)] 639929K->52025K(2042880K), 0.0150005 secs] [Times: user=0.00 sys=0.00, real=0.02 secs] 
2020-09-29T17:56:18.133+0200: 10.304: [GC (Allocation Failure) [PSYoungGen: 631397K->15267K(605696K)] 642361K->26231K(2003968K), 0.0068401 secs] [Times: user=0.00 sys=0.00, real=0.01 secs] 
2020-09-29T17:56:18.192+0200: 10.363: [GC (Allocation Failure) [PSYoungGen: 605603K->31269K(644096K)] 616567K->42233K(2042368K), 0.0154506 secs] [Times: user=0.11 sys=0.00, real=0.02 secs] 
2020-09-29T17:56:18.260+0200: 10.431: [GC (Allocation Failure) [PSYoungGen: 619045K->43876K(642560K)] 630009K->54840K(2040832K), 0.0166786 secs] [Times: user=0.13 sys=0.00, real=0.02 secs] 
2020-09-29T17:56:18.329+0200: 10.500: [GC (Allocation Failure) [PSYoungGen: 631652K->28261K(643584K)] 642616K->39225K(2041856K), 0.0104764 secs] [Times: user=0.13 sys=0.00, real=0.01 secs] 
2020-09-29T17:56:18.391+0200: 10.561: [GC (Allocation Failure) [PSYoungGen: 615525K->27589K(642560K)] 626489K->38553K(2040832K), 0.0094575 secs] [Times: user=0.13 sys=0.00, real=0.01 secs] 
2020-09-29T17:56:18.451+0200: 10.621: [GC (Allocation Failure) [PSYoungGen: 614853K->39812K(643584K)] 625817K->50776K(2041856K), 0.0144450 secs] [Times: user=0.13 sys=0.00, real=0.01 secs] 
2020-09-29T17:56:18.517+0200: 10.688: [GC (Allocation Failure) [PSYoungGen: 629124K->41285K(630784K)] 640088K->52249K(2029056K), 0.0143166 secs] [Times: user=0.13 sys=0.00, real=0.01 secs] 
2020-09-29T17:56:18.584+0200: 10.755: [GC (Allocation Failure) [PSYoungGen: 630597K->27780K(644608K)] 641561K->38744K(2042880K), 0.0111099 secs] [Times: user=0.00 sys=0.00, real=0.01 secs] 
2020-09-29T17:56:18.648+0200: 10.818: [GC (Allocation Failure) [PSYoungGen: 617092K->26787K(643584K)] 628056K->37751K(2041856K), 0.0108197 secs] [Times: user=0.00 sys=0.00, real=0.01 secs] 
2020-09-29T17:56:18.709+0200: 10.880: [GC (Allocation Failure) [PSYoungGen: 616099K->28133K(646144K)] 627063K->39097K(2044416K), 0.0095575 secs] [Times: user=0.00 sys=0.00, real=0.01 secs] 
2020-09-29T17:56:18.772+0200: 10.943: [GC (Allocation Failure) [PSYoungGen: 620517K->30277K(645120K)] 631481K->41241K(2043392K), 0.0124005 secs] [Times: user=0.00 sys=0.00, real=0.01 secs] 
2020-09-29T17:56:18.836+0200: 11.007: [GC (Allocation Failure) [PSYoungGen: 622661K->34757K(648704K)] 633625K->45721K(2046976K), 0.0118650 secs] [Times: user=0.03 sys=0.00, real=0.01 secs] 
2020-09-29T17:56:18.902+0200: 11.073: [GC (Allocation Failure) [PSYoungGen: 632261K->30629K(647680K)] 643225K->41593K(2045952K), 0.0111046 secs] [Times: user=0.13 sys=0.00, real=0.01 secs] 
2020-09-29T17:56:18.966+0200: 11.136: [GC (Allocation Failure) [PSYoungGen: 628133K->48613K(636928K)] 639097K->64785K(2035200K), 0.0191772 secs] [Times: user=0.13 sys=0.00, real=0.02 secs] 
2020-09-29T17:56:19.035+0200: 11.206: [GC (Allocation Failure) [PSYoungGen: 636901K->38788K(643584K)] 653073K->54960K(2041856K), 0.0140640 secs] [Times: user=0.05 sys=0.00, real=0.01 secs] 
2020-09-29T17:56:19.101+0200: 11.272: [GC (Allocation Failure) [PSYoungGen: 627076K->25220K(644608K)] 643248K->41392K(2042880K), 0.0101194 secs] [Times: user=0.00 sys=0.00, real=0.01 secs] 
2020-09-29T17:56:19.162+0200: 11.332: [GC (Allocation Failure) [PSYoungGen: 615556K->41157K(631808K)] 631728K->57329K(2030080K), 0.0141119 secs] [Times: user=0.01 sys=0.00, real=0.01 secs] 
2020-09-29T17:56:19.229+0200: 11.400: [GC (Allocation Failure) [PSYoungGen: 631493K->29860K(645120K)] 647665K->46032K(2043392K), 0.0115374 secs] [Times: user=0.13 sys=0.00, real=0.01 secs] 
2020-09-29T17:56:19.293+0200: 11.464: [GC (Allocation Failure) [PSYoungGen: 620196K->45893K(636416K)] 636368K->62065K(2034688K), 0.0160797 secs] [Times: user=0.13 sys=0.00, real=0.02 secs] 
2020-09-29T17:56:19.361+0200: 11.532: [GC (Allocation Failure) [PSYoungGen: 636229K->34629K(644608K)] 652401K->50801K(2042880K), 0.0131011 secs] [Times: user=0.13 sys=0.00, real=0.01 secs] 
2020-09-29T17:56:19.425+0200: 11.596: [GC (Allocation Failure) [PSYoungGen: 622917K->35013K(642560K)] 639089K->51185K(2040832K), 0.0120857 secs] [Times: user=0.13 sys=0.00, real=0.01 secs] 
2020-09-29T17:56:19.488+0200: 11.659: [GC (Allocation Failure) [PSYoungGen: 623301K->35140K(648192K)] 639473K->51312K(2046464K), 0.0122339 secs] [Times: user=0.09 sys=0.00, real=0.01 secs] 
2020-09-29T17:56:19.555+0200: 11.725: [GC (Allocation Failure) [PSYoungGen: 630596K->41381K(646144K)] 646768K->57553K(2044416K), 0.0169335 secs] [Times: user=0.13 sys=0.00, real=0.02 secs] 
2020-09-29T17:56:19.627+0200: 11.798: [GC (Allocation Failure) [PSYoungGen: 636837K->33315K(648192K)] 653009K->49487K(2046464K), 0.0158455 secs] [Times: user=0.11 sys=0.00, real=0.02 secs] 
2020-09-29T17:56:19.698+0200: 11.869: [GC (Allocation Failure) [PSYoungGen: 629795K->41893K(647168K)] 645967K->58065K(2045440K), 0.0158837 secs] [Times: user=0.13 sys=0.00, real=0.02 secs] 
2020-09-29T17:56:19.766+0200: 11.937: [GC (Allocation Failure) [PSYoungGen: 638373K->34755K(648704K)] 654545K->50927K(2046976K), 0.0135224 secs] [Times: user=0.13 sys=0.00, real=0.01 secs] 
2020-09-29T17:56:19.832+0200: 12.003: [GC (Allocation Failure) [PSYoungGen: 632259K->30437K(647680K)] 648431K->46609K(2045952K), 0.0110016 secs] [Times: user=0.13 sys=0.00, real=0.01 secs] 
2020-09-29T17:56:19.895+0200: 12.066: [GC (Allocation Failure) [PSYoungGen: 627941K->24004K(648192K)] 644113K->40176K(2046464K), 0.0092110 secs] [Times: user=0.00 sys=0.00, real=0.01 secs] 
2020-09-29T17:56:19.956+0200: 12.127: [GC (Allocation Failure) [PSYoungGen: 622532K->34372K(648704K)] 638704K->50544K(2046976K), 0.0130873 secs] [Times: user=0.13 sys=0.00, real=0.01 secs] 
2020-09-29T17:56:20.021+0200: 12.192: [GC (Allocation Failure) [PSYoungGen: 632900K->14723K(646144K)] 649072K->30895K(2044416K), 0.0062589 secs] [Times: user=0.00 sys=0.00, real=0.01 secs] 
2020-09-29T17:56:20.079+0200: 12.250: [GC (Allocation Failure) [PSYoungGen: 612227K->37381K(648192K)] 628399K->53553K(2046464K), 0.0130084 secs] [Times: user=0.13 sys=0.00, real=0.01 secs] 
2020-09-29T17:56:20.145+0200: 12.316: [GC (Allocation Failure) [PSYoungGen: 634885K->46949K(641024K)] 651057K->63121K(2039296K), 0.0169733 secs] [Times: user=0.13 sys=0.00, real=0.02 secs] 
2020-09-29T17:56:20.215+0200: 12.386: [GC (Allocation Failure) [PSYoungGen: 637285K->19396K(609792K)] 653457K->35568K(2008064K), 0.0097135 secs] [Times: user=0.13 sys=0.00, real=0.01 secs] 
2020-09-29T17:56:20.276+0200: 12.446: [GC (Allocation Failure) [PSYoungGen: 609732K->35461K(645120K)] 625904K->51633K(2043392K), 0.0125461 secs] [Times: user=0.13 sys=0.00, real=0.01 secs] 
2020-09-29T17:56:20.339+0200: 12.510: [GC (Allocation Failure) [PSYoungGen: 625797K->21859K(644096K)] 641969K->38031K(2042368K), 0.0097485 secs] [Times: user=0.11 sys=0.00, real=0.01 secs] 
2020-09-29T17:56:20.401+0200: 12.572: [GC (Allocation Failure) [PSYoungGen: 612195K->35556K(646144K)] 628367K->51728K(2044416K), 0.0132648 secs] [Times: user=0.13 sys=0.00, real=0.01 secs] 
2020-09-29T17:56:20.467+0200: 12.638: [GC (Allocation Failure) [PSYoungGen: 628452K->25475K(645632K)] 644624K->41647K(2043904K), 0.0106152 secs] [Times: user=0.13 sys=0.00, real=0.01 secs] 
2020-09-29T17:56:20.528+0200: 12.699: [GC (Allocation Failure) [PSYoungGen: 618371K->14115K(645120K)] 634543K->30287K(2043392K), 0.0059993 secs] [Times: user=0.00 sys=0.00, real=0.01 secs] 
2020-09-29T17:56:20.586+0200: 12.757: [GC (Allocation Failure) [PSYoungGen: 607523K->52709K(646144K)] 623695K->76801K(2044416K), 0.0234981 secs] [Times: user=0.11 sys=0.00, real=0.02 secs] 
2020-09-29T17:56:20.662+0200: 12.833: [GC (Allocation Failure) [PSYoungGen: 646117K->24451K(630784K)] 670209K->48543K(2029056K), 0.0103050 secs] [Times: user=0.00 sys=0.00, real=0.01 secs] 
2020-09-29T17:56:20.722+0200: 12.893: [GC (Allocation Failure) [PSYoungGen: 602499K->27460K(638464K)] 626591K->51552K(2036736K), 0.0106329 secs] [Times: user=0.13 sys=0.00, real=0.01 secs] 
2020-09-29T17:56:20.783+0200: 12.954: [GC (Allocation Failure) [PSYoungGen: 605508K->31333K(643072K)] 629600K->55425K(2041344K), 0.0106795 secs] [Times: user=0.13 sys=0.00, real=0.01 secs] 
2020-09-29T17:56:20.844+0200: 13.015: [GC (Allocation Failure) [PSYoungGen: 616037K->41701K(640512K)] 640129K->65793K(2038784K), 0.0142264 secs] [Times: user=0.13 sys=0.00, real=0.01 secs] 
2020-09-29T17:56:20.910+0200: 13.080: [GC (Allocation Failure) [PSYoungGen: 626405K->24805K(642560K)] 650497K->48897K(2040832K), 0.0091778 secs] [Times: user=0.13 sys=0.00, real=0.01 secs] 
2020-09-29T17:56:20.969+0200: 13.140: [GC (Allocation Failure) [PSYoungGen: 610021K->35781K(641536K)] 634113K->59873K(2039808K), 0.0127833 secs] [Times: user=0.13 sys=0.00, real=0.01 secs] 
2020-09-29T17:56:21.033+0200: 13.204: [GC (Allocation Failure) [PSYoungGen: 620997K->30691K(645632K)] 645089K->54783K(2043904K), 0.0122949 secs] [Times: user=0.13 sys=0.00, real=0.01 secs] 
2020-09-29T17:56:21.096+0200: 13.267: [GC (Allocation Failure) [PSYoungGen: 621027K->32100K(643584K)] 645119K->56192K(2041856K), 0.0112927 secs] [Times: user=0.13 sys=0.00, real=0.01 secs] 
2020-09-29T17:56:21.159+0200: 13.330: [GC (Allocation Failure) [PSYoungGen: 622436K->20741K(647680K)] 646528K->44833K(2045952K), 0.0080577 secs] [Times: user=0.13 sys=0.00, real=0.01 secs] 
2020-09-29T17:56:21.222+0200: 13.393: [GC (Allocation Failure) [PSYoungGen: 617221K->28548K(647680K)] 641313K->52640K(2045952K), 0.0127226 secs] [Times: user=0.05 sys=0.02, real=0.01 secs] 
2020-09-29T17:56:21.289+0200: 13.460: [GC (Allocation Failure) [PSYoungGen: 625028K->35429K(649216K)] 649120K->59521K(2047488K), 0.0123039 secs] [Times: user=0.00 sys=0.00, real=0.01 secs] 
2020-09-29T17:56:21.353+0200: 13.524: [GC (Allocation Failure) [PSYoungGen: 634981K->33445K(649216K)] 659073K->57537K(2047488K), 0.0121797 secs] [Times: user=0.13 sys=0.00, real=0.01 secs] 
2020-09-29T17:56:21.417+0200: 13.588: [GC (Allocation Failure) [PSYoungGen: 632997K->31429K(652288K)] 657089K->55521K(2050560K), 0.0111622 secs] [Times: user=0.13 sys=0.00, real=0.01 secs] 
2020-09-29T17:56:21.480+0200: 13.651: [GC (Allocation Failure) [PSYoungGen: 635077K->33509K(650240K)] 659169K->57601K(2048512K), 0.0123378 secs] [Times: user=0.13 sys=0.00, real=0.01 secs] 
2020-09-29T17:56:21.548+0200: 13.719: [GC (Allocation Failure) [PSYoungGen: 637157K->35525K(652800K)] 661249K->59617K(2051072K), 0.0131061 secs] [Times: user=0.13 sys=0.00, real=0.01 secs] 
2020-09-29T17:56:21.615+0200: 13.786: [GC (Allocation Failure) [PSYoungGen: 642245K->40644K(647680K)] 666337K->64736K(2045952K), 0.0166641 secs] [Times: user=0.11 sys=0.00, real=0.02 secs] 
2020-09-29T17:56:21.684+0200: 13.855: [GC (Allocation Failure) [PSYoungGen: 647364K->28932K(651776K)] 671456K->53024K(2050048K), 0.0105001 secs] [Times: user=0.13 sys=0.00, real=0.01 secs] 
2020-09-29T17:56:21.749+0200: 13.920: [GC (Allocation Failure) [PSYoungGen: 632580K->30885K(650752K)] 656672K->54977K(2049024K), 0.0105459 secs] [Times: user=0.13 sys=0.00, real=0.01 secs] 
2020-09-29T17:56:21.812+0200: 13.983: [GC (Allocation Failure) [PSYoungGen: 634533K->46053K(645632K)] 658625K->70657K(2043904K), 0.0166032 secs] [Times: user=0.13 sys=0.00, real=0.02 secs] 
2020-09-29T17:56:21.881+0200: 14.052: [GC (Allocation Failure) [PSYoungGen: 645605K->49637K(649216K)] 670209K->82833K(2047488K), 0.0210147 secs] [Times: user=0.13 sys=0.00, real=0.02 secs] 
2020-09-29T17:56:21.953+0200: 14.124: [GC (Allocation Failure) [PSYoungGen: 649189K->27683K(634880K)] 682385K->60879K(2033152K), 0.0112652 secs] [Times: user=0.13 sys=0.00, real=0.01 secs] 
2020-09-29T17:56:22.015+0200: 14.186: [GC (Allocation Failure) [PSYoungGen: 612899K->23396K(642048K)] 646095K->56592K(2040320K), 0.0086782 secs] [Times: user=0.13 sys=0.00, real=0.01 secs] 
2020-09-29T17:56:22.075+0200: 14.246: [GC (Allocation Failure) [PSYoungGen: 608612K->48069K(636928K)] 641808K->81265K(2035200K), 0.0165067 secs] [Times: user=0.13 sys=0.00, real=0.02 secs] 
2020-09-29T17:56:22.141+0200: 14.312: [GC (Allocation Failure) [PSYoungGen: 628165K->24771K(639488K)] 661361K->57967K(2037760K), 0.0103485 secs] [Times: user=0.13 sys=0.00, real=0.01 secs] 
2020-09-29T17:56:22.205+0200: 14.376: [GC (Allocation Failure) [PSYoungGen: 604867K->30597K(641536K)] 638063K->63793K(2039808K), 0.0140442 secs] [Times: user=0.11 sys=0.00, real=0.01 secs] 
2020-09-29T17:56:22.271+0200: 14.441: [GC (Allocation Failure) [PSYoungGen: 613253K->24613K(640000K)] 646449K->57809K(2038272K), 0.0087912 secs] [Times: user=0.00 sys=0.00, real=0.01 secs] 
2020-09-29T17:56:22.330+0200: 14.501: [GC (Allocation Failure) [PSYoungGen: 607269K->46693K(636416K)] 640465K->79889K(2034688K), 0.0155601 secs] [Times: user=0.13 sys=0.00, real=0.02 secs] 
2020-09-29T17:56:22.396+0200: 14.567: [GC (Allocation Failure) [PSYoungGen: 626789K->38853K(639488K)] 659985K->72049K(2037760K), 0.0138699 secs] [Times: user=0.00 sys=0.00, real=0.01 secs] 
2020-09-29T17:56:22.461+0200: 14.632: [GC (Allocation Failure) [PSYoungGen: 618949K->30147K(642048K)] 652145K->63343K(2040320K), 0.0119246 secs] [Times: user=0.13 sys=0.00, real=0.01 secs] 
2020-09-29T17:56:22.523+0200: 14.694: [GC (Allocation Failure) [PSYoungGen: 613827K->39141K(640512K)] 647023K->72337K(2038784K), 0.0141410 secs] [Times: user=0.13 sys=0.00, real=0.01 secs] 
2020-09-29T17:56:22.589+0200: 14.760: [GC (Allocation Failure) [PSYoungGen: 622821K->33188K(644096K)] 656017K->66384K(2042368K), 0.0161013 secs] [Times: user=0.09 sys=0.00, real=0.02 secs] 
2020-09-29T17:56:22.660+0200: 14.831: [GC (Allocation Failure) [PSYoungGen: 620964K->16516K(642560K)] 654160K->49712K(2040832K), 0.0079144 secs] [Times: user=0.08 sys=0.00, real=0.01 secs] 
2020-09-29T17:56:22.721+0200: 14.892: [GC (Allocation Failure) [PSYoungGen: 604292K->27299K(644608K)] 637488K->60495K(2042880K), 0.0109479 secs] [Times: user=0.13 sys=0.00, real=0.01 secs] 
2020-09-29T17:56:22.783+0200: 14.953: [GC (Allocation Failure) [PSYoungGen: 616099K->25828K(643072K)] 649295K->59024K(2041344K), 0.0101454 secs] [Times: user=0.13 sys=0.00, real=0.01 secs] 
2020-09-29T17:56:22.843+0200: 15.014: [GC (Allocation Failure) [PSYoungGen: 614628K->39269K(643584K)] 647824K->72465K(2041856K), 0.0138446 secs] [Times: user=0.13 sys=0.00, real=0.01 secs] 
2020-09-29T17:56:22.908+0200: 15.079: [GC (Allocation Failure) [PSYoungGen: 629605K->28005K(644608K)] 662801K->61201K(2042880K), 0.0099237 secs] [Times: user=0.13 sys=0.00, real=0.01 secs] 
2020-09-29T17:56:22.969+0200: 15.140: [GC (Allocation Failure) [PSYoungGen: 618341K->30405K(648192K)] 651537K->63601K(2046464K), 0.0097561 secs] [Times: user=0.13 sys=0.00, real=0.01 secs] 
2020-09-29T17:56:23.030+0200: 15.201: [GC (Allocation Failure) [PSYoungGen: 625861K->37828K(646144K)] 659057K->71024K(2044416K), 0.0136571 secs] [Times: user=0.13 sys=0.00, real=0.01 secs] 
2020-09-29T17:56:23.095+0200: 15.266: [GC (Allocation Failure) [PSYoungGen: 633284K->45285K(641536K)] 666480K->78481K(2039808K), 0.0159357 secs] [Times: user=0.13 sys=0.00, real=0.02 secs] 
2020-09-29T17:56:23.164+0200: 15.334: [GC (Allocation Failure) [PSYoungGen: 635621K->34085K(644608K)] 668817K->67281K(2042880K), 0.0120216 secs] [Times: user=0.02 sys=0.00, real=0.01 secs] 
2020-09-29T17:56:23.231+0200: 15.402: [GC (Allocation Failure) [PSYoungGen: 624421K->21637K(646656K)] 657617K->54833K(2044928K), 0.0091547 secs] [Times: user=0.13 sys=0.00, real=0.01 secs] 
2020-09-29T17:56:23.293+0200: 15.464: [GC (Allocation Failure) [PSYoungGen: 616069K->41829K(636416K)] 649265K->75025K(2034688K), 0.0145594 secs] [Times: user=0.13 sys=0.00, real=0.02 secs] 
2020-09-29T17:56:23.359+0200: 15.530: [GC (Allocation Failure) [PSYoungGen: 636261K->33667K(646656K)] 669457K->66863K(2044928K), 0.0135740 secs] [Times: user=0.13 sys=0.00, real=0.01 secs] 
2020-09-29T17:56:23.424+0200: 15.595: [GC (Allocation Failure) [PSYoungGen: 626563K->25029K(645120K)] 659759K->58225K(2043392K), 0.0091665 secs] [Times: user=0.13 sys=0.00, real=0.01 secs] 
2020-09-29T17:56:23.484+0200: 15.655: [GC (Allocation Failure) [PSYoungGen: 617925K->28708K(648704K)] 651121K->61904K(2046976K), 0.0105629 secs] [Times: user=0.13 sys=0.00, real=0.01 secs] 
2020-09-29T17:56:23.546+0200: 15.717: [GC (Allocation Failure) [PSYoungGen: 625700K->50149K(647168K)] 658896K->84553K(2045440K), 0.0174522 secs] [Times: user=0.13 sys=0.00, real=0.02 secs] 
2020-09-29T17:56:23.617+0200: 15.788: [GC (Allocation Failure) [PSYoungGen: 647141K->46917K(633856K)] 681545K->81321K(2032128K), 0.0166358 secs] [Times: user=0.13 sys=0.00, real=0.02 secs] 
2020-09-29T17:56:23.685+0200: 15.856: [GC (Allocation Failure) [PSYoungGen: 629061K->26948K(640512K)] 663465K->61352K(2038784K), 0.0096403 secs] [Times: user=0.13 sys=0.00, real=0.01 secs] 
2020-09-29T17:56:23.744+0200: 15.915: [GC (Allocation Failure) [PSYoungGen: 609092K->34020K(643584K)] 643496K->68424K(2041856K), 0.0122039 secs] [Times: user=0.13 sys=0.00, real=0.01 secs] 
2020-09-29T17:56:23.808+0200: 15.979: [GC (Allocation Failure) [PSYoungGen: 620260K->31908K(641536K)] 654664K->66312K(2039808K), 0.0120774 secs] [Times: user=0.13 sys=0.00, real=0.01 secs] 
2020-09-29T17:56:23.870+0200: 16.041: [GC (Allocation Failure) [PSYoungGen: 618148K->30213K(646656K)] 652552K->64617K(2044928K), 0.0103398 secs] [Times: user=0.13 sys=0.00, real=0.01 secs] 
2020-09-29T17:56:23.932+0200: 16.103: [GC (Allocation Failure) [PSYoungGen: 623109K->48901K(642048K)] 657513K->83305K(2040320K), 0.0165535 secs] [Times: user=0.13 sys=0.00, real=0.02 secs] 
2020-09-29T17:56:23.999+0200: 16.170: [GC (Allocation Failure) [PSYoungGen: 641797K->40197K(643072K)] 676201K->74601K(2041344K), 0.0137870 secs] [Times: user=0.13 sys=0.00, real=0.01 secs] 
2020-09-29T17:56:24.064+0200: 16.235: [GC (Allocation Failure) [PSYoungGen: 626949K->25284K(642560K)] 661353K->59688K(2040832K), 0.0090836 secs] [Times: user=0.13 sys=0.00, real=0.01 secs] 
2020-09-29T17:56:24.124+0200: 16.295: [GC (Allocation Failure) [PSYoungGen: 612036K->37797K(644096K)] 646440K->72201K(2042368K), 0.0131766 secs] [Times: user=0.13 sys=0.00, real=0.01 secs] 
2020-09-29T17:56:24.190+0200: 16.361: [GC (Allocation Failure) [PSYoungGen: 626085K->51813K(640512K)] 660489K->86217K(2038784K), 0.0238188 secs] [Times: user=0.22 sys=0.00, real=0.02 secs] 
2020-09-29T17:56:24.267+0200: 16.438: [GC (Allocation Failure) [PSYoungGen: 640101K->38501K(641536K)] 674505K->72905K(2039808K), 0.0142462 secs] [Times: user=0.13 sys=0.00, real=0.02 secs] 
2020-09-29T17:56:24.332+0200: 16.503: [GC (Allocation Failure) [PSYoungGen: 621669K->47429K(630784K)] 656073K->81833K(2029056K), 0.0171980 secs] [Times: user=0.25 sys=0.00, real=0.02 secs] 
2020-09-29T17:56:24.399+0200: 16.570: [GC (Allocation Failure) [PSYoungGen: 630597K->26659K(639488K)] 665001K->61063K(2037760K), 0.0105942 secs] [Times: user=0.00 sys=0.00, real=0.01 secs] 
2020-09-29T17:56:24.459+0200: 16.630: [GC (Allocation Failure) [PSYoungGen: 606755K->15972K(596480K)] 641159K->50376K(1994752K), 0.0062588 secs] [Times: user=0.00 sys=0.00, real=0.01 secs] 
2020-09-29T17:56:24.515+0200: 16.686: [GC (Allocation Failure) [PSYoungGen: 596068K->35493K(640512K)] 630472K->69897K(2038784K), 0.0118953 secs] [Times: user=0.13 sys=0.00, real=0.01 secs] 
2020-09-29T17:56:24.578+0200: 16.749: [GC (Allocation Failure) [PSYoungGen: 615589K->27332K(638464K)] 649993K->61736K(2036736K), 0.0111499 secs] [Times: user=0.11 sys=0.00, real=0.01 secs] 
2020-09-29T17:56:24.640+0200: 16.811: [GC (Allocation Failure) [PSYoungGen: 607428K->32324K(643584K)] 641832K->66728K(2041856K), 0.0125657 secs] [Times: user=0.13 sys=0.00, real=0.01 secs] 
2020-09-29T17:56:24.703+0200: 16.874: [GC (Allocation Failure) [PSYoungGen: 618564K->44260K(641536K)] 652968K->78664K(2039808K), 0.0157850 secs] [Times: user=0.13 sys=0.00, real=0.02 secs] 
2020-09-29T17:56:24.771+0200: 16.941: [GC (Allocation Failure) [PSYoungGen: 630500K->56229K(630784K)] 664904K->90633K(2029056K), 0.0196239 secs] [Times: user=0.13 sys=0.00, real=0.02 secs] 
2020-09-29T17:56:24.839+0200: 17.010: [GC (Allocation Failure) [PSYoungGen: 630181K->26180K(636416K)] 664585K->60584K(2034688K), 0.0091455 secs] [Times: user=0.13 sys=0.00, real=0.01 secs] 
2020-09-29T17:56:24.898+0200: 17.069: [GC (Allocation Failure) [PSYoungGen: 600132K->25123K(637440K)] 634536K->59527K(2035712K), 0.0100966 secs] [Times: user=0.00 sys=0.00, real=0.01 secs] 
2020-09-29T17:56:24.957+0200: 17.129: [GC (Allocation Failure) [PSYoungGen: 600611K->26116K(636928K)] 635015K->60520K(2035200K), 0.0103410 secs] [Times: user=0.00 sys=0.00, real=0.01 secs] 
2020-09-29T17:56:25.017+0200: 17.188: [GC (Allocation Failure) [PSYoungGen: 601604K->25347K(640000K)] 636008K->59751K(2038272K), 0.0100237 secs] [Times: user=0.13 sys=0.00, real=0.01 secs] 
2020-09-29T17:56:25.076+0200: 17.248: [GC (Allocation Failure) [PSYoungGen: 605443K->44805K(625152K)] 639847K->79209K(2023424K), 0.0151459 secs] [Times: user=0.13 sys=0.00, real=0.02 secs] 
2020-09-29T17:56:25.142+0200: 17.313: [GC (Allocation Failure) [PSYoungGen: 624901K->21251K(638464K)] 659305K->55655K(2036736K), 0.0089016 secs] [Times: user=0.13 sys=0.00, real=0.01 secs] 
2020-09-29T17:56:25.205+0200: 17.376: [GC (Allocation Failure) [PSYoungGen: 598787K->38309K(637952K)] 633191K->72713K(2036224K), 0.0187048 secs] [Times: user=0.22 sys=0.00, real=0.02 secs] 
2020-09-29T17:56:25.279+0200: 17.450: [GC (Allocation Failure) [PSYoungGen: 615845K->41316K(638464K)] 650249K->75720K(2036736K), 0.0199528 secs] [Times: user=0.11 sys=0.00, real=0.02 secs] 
2020-09-29T17:56:25.352+0200: 17.523: [GC (Allocation Failure) [PSYoungGen: 620388K->18725K(638976K)] 654792K->53129K(2037248K), 0.0062724 secs] [Times: user=0.00 sys=0.00, real=0.01 secs] 
2020-09-29T17:56:25.408+0200: 17.579: [GC (Allocation Failure) [PSYoungGen: 597797K->36164K(640512K)] 632201K->70568K(2038784K), 0.0133417 secs] [Times: user=0.13 sys=0.00, real=0.01 secs] 
2020-09-29T17:56:25.471+0200: 17.642: [GC (Allocation Failure) [PSYoungGen: 616772K->42436K(638976K)] 651176K->76840K(2037248K), 0.0154440 secs] [Times: user=0.13 sys=0.00, real=0.02 secs] 
2020-09-29T17:56:25.536+0200: 17.707: [GC (Allocation Failure) [PSYoungGen: 623044K->33508K(642048K)] 657448K->67912K(2040320K), 0.0126893 secs] [Times: user=0.00 sys=0.00, real=0.01 secs] 
2020-09-29T17:56:25.600+0200: 17.771: [GC (Allocation Failure) [PSYoungGen: 616164K->41925K(639488K)] 650568K->76329K(2037760K), 0.0138684 secs] [Times: user=0.13 sys=0.00, real=0.01 secs] 
2020-09-29T17:56:25.666+0200: 17.837: [GC (Allocation Failure) [PSYoungGen: 624581K->50373K(633856K)] 658985K->84777K(2032128K), 0.0166824 secs] [Times: user=0.13 sys=0.00, real=0.02 secs] 
2020-09-29T17:56:25.733+0200: 17.903: [GC (Allocation Failure) [PSYoungGen: 626373K->52165K(628224K)] 660777K->86569K(2026496K), 0.0178071 secs] [Times: user=0.13 sys=0.00, real=0.02 secs] 
2020-09-29T17:56:25.800+0200: 17.971: [GC (Allocation Failure) [PSYoungGen: 628165K->40261K(635904K)] 662569K->74665K(2034176K), 0.0142354 secs] [Times: user=0.13 sys=0.00, real=0.01 secs] 
2020-09-29T17:56:25.863+0200: 18.034: [GC (Allocation Failure) [PSYoungGen: 611653K->23492K(634368K)] 646057K->57896K(2032640K), 0.0093365 secs] [Times: user=0.11 sys=0.02, real=0.01 secs] 
2020-09-29T17:56:25.921+0200: 18.092: [GC (Allocation Failure) [PSYoungGen: 594884K->33381K(637952K)] 629288K->67785K(2036224K), 0.0125190 secs] [Times: user=0.13 sys=0.00, real=0.01 secs] 
2020-09-29T17:56:25.983+0200: 18.154: [GC (Allocation Failure) [PSYoungGen: 608357K->47845K(635904K)] 642761K->82249K(2034176K), 0.0164598 secs] [Times: user=0.13 sys=0.00, real=0.02 secs] 
2020-09-29T17:56:26.049+0200: 18.220: [GC (Allocation Failure) [PSYoungGen: 622821K->34853K(638464K)] 657225K->69257K(2036736K), 0.0116217 secs] [Times: user=0.13 sys=0.00, real=0.01 secs] 
2020-09-29T17:56:26.111+0200: 18.283: [GC (Allocation Failure) [PSYoungGen: 610853K->35364K(636416K)] 645257K->69768K(2034688K), 0.0130605 secs] [Times: user=0.13 sys=0.00, real=0.01 secs] 
2020-09-29T17:56:26.174+0200: 18.345: [GC (Allocation Failure) [PSYoungGen: 611364K->37029K(642560K)] 645768K->71433K(2040832K), 0.0124999 secs] [Times: user=0.13 sys=0.00, real=0.01 secs] 
2020-09-29T17:56:26.239+0200: 18.410: [GC (Allocation Failure) [PSYoungGen: 620709K->31172K(640000K)] 655113K->65576K(2038272K), 0.0119202 secs] [Times: user=0.00 sys=0.00, real=0.01 secs] 
2020-09-29T17:56:26.302+0200: 18.473: [GC (Allocation Failure) [PSYoungGen: 614852K->26660K(643584K)] 649256K->61064K(2041856K), 0.0102033 secs] [Times: user=0.00 sys=0.00, real=0.01 secs] 
2020-09-29T17:56:26.364+0200: 18.536: [GC (Allocation Failure) [PSYoungGen: 614436K->26532K(643072K)] 648840K->60936K(2041344K), 0.0105994 secs] [Times: user=0.00 sys=0.00, real=0.01 secs] 
2020-09-29T17:56:26.425+0200: 18.597: [GC (Allocation Failure) [PSYoungGen: 614308K->53733K(633856K)] 648712K->88137K(2032128K), 0.0182988 secs] [Times: user=0.17 sys=0.02, real=0.02 secs] 
2020-09-29T17:56:26.493+0200: 18.665: [GC (Allocation Failure) [PSYoungGen: 632805K->44901K(624128K)] 667209K->79305K(2022400K), 0.0161344 secs] [Times: user=0.13 sys=0.00, real=0.02 secs] 
2020-09-29T17:56:26.560+0200: 18.731: [GC (Allocation Failure) [PSYoungGen: 623973K->32452K(639488K)] 658377K->66856K(2037760K), 0.0131608 secs] [Times: user=0.11 sys=0.00, real=0.01 secs] 
2020-09-29T17:56:26.625+0200: 18.796: [GC (Allocation Failure) [PSYoungGen: 611012K->22916K(637952K)] 645416K->57320K(2036224K), 0.0090716 secs] [Times: user=0.13 sys=0.00, real=0.01 secs] 
2020-09-29T17:56:26.684+0200: 18.855: [GC (Allocation Failure) [PSYoungGen: 601476K->27301K(640512K)] 635880K->61705K(2038784K), 0.0100305 secs] [Times: user=0.13 sys=0.00, real=0.01 secs] 
2020-09-29T17:56:26.744+0200: 18.915: [GC (Allocation Failure) [PSYoungGen: 608421K->34181K(639488K)] 642825K->68585K(2037760K), 0.0118310 secs] [Times: user=0.13 sys=0.00, real=0.01 secs] 
2020-09-29T17:56:26.807+0200: 18.978: [GC (Allocation Failure) [PSYoungGen: 615301K->41093K(642560K)] 649705K->75497K(2040832K), 0.0139375 secs] [Times: user=0.13 sys=0.00, real=0.01 secs] 
2020-09-29T17:56:26.873+0200: 19.044: [GC (Allocation Failure) [PSYoungGen: 627333K->24996K(642560K)] 661737K->59400K(2040832K), 0.0094441 secs] [Times: user=0.13 sys=0.00, real=0.01 secs] 
2020-09-29T17:56:26.933+0200: 19.104: [GC (Allocation Failure) [PSYoungGen: 611236K->21988K(643072K)] 645640K->56392K(2041344K), 0.0082307 secs] [Times: user=0.00 sys=0.00, real=0.01 secs] 
2020-09-29T17:56:26.992+0200: 19.163: [GC (Allocation Failure) [PSYoungGen: 608740K->33252K(642560K)] 643144K->67656K(2040832K), 0.0127867 secs] [Times: user=0.13 sys=0.00, real=0.01 secs] 
2020-09-29T17:56:27.055+0200: 19.226: [GC (Allocation Failure) [PSYoungGen: 620004K->18469K(644096K)] 654408K->52873K(2042368K), 0.0064532 secs] [Times: user=0.00 sys=0.00, real=0.01 secs] 
2020-09-29T17:56:27.119+0200: 19.290: [GC (Allocation Failure) [PSYoungGen: 608805K->48133K(638976K)] 643209K->82537K(2037248K), 0.0182006 secs] [Times: user=0.13 sys=0.00, real=0.02 secs] 
2020-09-29T17:56:27.189+0200: 19.360: [GC (Allocation Failure) [PSYoungGen: 638469K->21701K(641024K)] 672873K->56105K(2039296K), 0.0095285 secs] [Times: user=0.11 sys=0.00, real=0.01 secs] 
2020-09-29T17:56:27.252+0200: 19.423: [GC (Allocation Failure) [PSYoungGen: 604357K->43781K(626688K)] 638761K->78185K(2024960K), 0.0175644 secs] [Times: user=0.11 sys=0.00, real=0.02 secs] 
2020-09-29T17:56:27.320+0200: 19.491: [GC (Allocation Failure) [PSYoungGen: 626437K->37636K(640512K)] 660841K->72040K(2038784K), 0.0135271 secs] [Times: user=0.13 sys=0.00, real=0.01 secs] 
2020-09-29T17:56:27.386+0200: 19.557: [GC (Allocation Failure) [PSYoungGen: 618756K->44517K(625664K)] 653160K->78921K(2023936K), 0.0167536 secs] [Times: user=0.13 sys=0.00, real=0.02 secs] 
2020-09-29T17:56:27.452+0200: 19.624: [GC (Allocation Failure) [PSYoungGen: 625637K->37797K(640000K)] 660041K->72201K(2038272K), 0.0129015 secs] [Times: user=0.13 sys=0.00, real=0.01 secs] 
2020-09-29T17:56:27.514+0200: 19.686: [GC (Allocation Failure) [PSYoungGen: 617893K->27524K(638976K)] 652297K->61928K(2037248K), 0.0102190 secs] [Times: user=0.13 sys=0.00, real=0.01 secs] 
2020-09-29T17:56:27.575+0200: 19.746: [GC (Allocation Failure) [PSYoungGen: 607620K->17284K(639488K)] 642024K->51688K(2037760K), 0.0068357 secs] [Times: user=0.00 sys=0.00, real=0.01 secs] 
2020-09-29T17:56:27.633+0200: 19.804: [GC (Allocation Failure) [PSYoungGen: 599428K->52613K(634880K)] 633832K->87017K(2033152K), 0.0176028 secs] [Times: user=0.13 sys=0.00, real=0.02 secs] 
2020-09-29T17:56:27.701+0200: 19.872: [GC (Allocation Failure) [PSYoungGen: 634757K->46821K(632832K)] 669161K->81225K(2031104K), 0.0160933 secs] [Times: user=0.13 sys=0.00, real=0.02 secs] 
2020-09-29T17:56:27.766+0200: 19.937: [GC (Allocation Failure) [PSYoungGen: 616677K->42405K(634368K)] 651081K->76809K(2032640K), 0.0146246 secs] [Times: user=0.13 sys=0.00, real=0.01 secs] 
2020-09-29T17:56:27.830+0200: 20.002: [GC (Allocation Failure) [PSYoungGen: 612261K->37221K(636928K)] 646665K->71625K(2035200K), 0.0128639 secs] [Times: user=0.13 sys=0.00, real=0.01 secs] 
2020-09-29T17:56:27.893+0200: 20.064: [GC (Allocation Failure) [PSYoungGen: 609637K->34884K(634368K)] 644041K->69288K(2032640K), 0.0124102 secs] [Times: user=0.13 sys=0.00, real=0.01 secs] 
2020-09-29T17:56:27.955+0200: 20.126: [GC (Allocation Failure) [PSYoungGen: 607300K->19333K(637440K)] 641704K->53737K(2035712K), 0.0068389 secs] [Times: user=0.13 sys=0.00, real=0.01 secs] 
2020-09-29T17:56:28.012+0200: 20.183: [GC (Allocation Failure) [PSYoungGen: 597381K->35812K(638464K)] 631785K->70216K(2036736K), 0.0132528 secs] [Times: user=0.13 sys=0.00, real=0.01 secs] 
2020-09-29T17:56:28.075+0200: 20.247: [GC (Allocation Failure) [PSYoungGen: 613860K->38116K(642048K)] 648264K->72520K(2040320K), 0.0140849 secs] [Times: user=0.13 sys=0.00, real=0.01 secs] 
2020-09-29T17:56:28.141+0200: 20.312: [GC (Allocation Failure) [PSYoungGen: 622308K->17667K(641024K)] 656712K->52071K(2039296K), 0.0078422 secs] [Times: user=0.13 sys=0.00, real=0.01 secs] 
2020-09-29T17:56:28.200+0200: 20.372: [GC (Allocation Failure) [PSYoungGen: 601859K->27365K(642560K)] 636263K->61769K(2040832K), 0.0123726 secs] [Times: user=0.08 sys=0.00, real=0.01 secs] 
2020-09-29T17:56:28.268+0200: 20.440: [GC (Allocation Failure) [PSYoungGen: 612069K->23461K(641024K)] 646473K->57865K(2039296K), 0.0081748 secs] [Times: user=0.13 sys=0.00, real=0.01 secs] 
2020-09-29T17:56:28.330+0200: 20.502: [GC (Allocation Failure) [PSYoungGen: 608165K->33957K(644608K)] 642569K->68361K(2042880K), 0.0119345 secs] [Times: user=0.13 sys=0.00, real=0.01 secs] 
2020-09-29T17:56:28.395+0200: 20.566: [GC (Allocation Failure) [PSYoungGen: 622757K->33636K(643072K)] 657161K->68040K(2041344K), 0.0142184 secs] [Times: user=0.00 sys=0.00, real=0.02 secs] 
2020-09-29T17:56:28.477+0200: 20.647: [GC (Allocation Failure) [PSYoungGen: 622436K->34533K(647680K)] 656840K->68937K(2045952K), 0.0127105 secs] [Times: user=0.13 sys=0.00, real=0.01 secs] 
2020-09-29T17:56:28.541+0200: 20.712: [GC (Allocation Failure) [PSYoungGen: 629477K->25220K(646144K)] 663881K->59624K(2044416K), 0.0098623 secs] [Times: user=0.00 sys=0.00, real=0.01 secs] 
2020-09-29T17:56:28.604+0200: 20.774: [GC (Allocation Failure) [PSYoungGen: 620164K->17572K(647168K)] 654568K->51976K(2045440K), 0.0067805 secs] [Times: user=0.00 sys=0.00, real=0.01 secs] 
2020-09-29T17:56:28.663+0200: 20.833: [GC (Allocation Failure) [PSYoungGen: 614052K->51173K(647680K)] 648456K->87857K(2045952K), 0.0180227 secs] [Times: user=0.13 sys=0.00, real=0.02 secs] 
2020-09-29T17:56:28.733+0200: 20.904: [GC (Allocation Failure) [PSYoungGen: 647653K->48389K(628224K)] 684337K->85073K(2026496K), 0.0165315 secs] [Times: user=0.13 sys=0.00, real=0.02 secs] 
2020-09-29T17:56:28.800+0200: 20.971: [GC (Allocation Failure) [PSYoungGen: 625413K->36933K(637952K)] 662097K->73617K(2036224K), 0.0131409 secs] [Times: user=0.13 sys=0.00, real=0.01 secs] 
2020-09-29T17:56:28.863+0200: 21.033: [GC (Allocation Failure) [PSYoungGen: 613957K->26052K(640512K)] 650641K->62736K(2038784K), 0.0099442 secs] [Times: user=0.13 sys=0.00, real=0.01 secs] 
2020-09-29T17:56:28.928+0200: 21.098: [GC (Allocation Failure) [PSYoungGen: 607172K->46629K(628224K)] 643856K->83313K(2026496K), 0.0161469 secs] [Times: user=0.13 sys=0.00, real=0.02 secs] 
2020-09-29T17:56:28.994+0200: 21.164: [GC (Allocation Failure) [PSYoungGen: 627749K->23555K(638976K)] 664433K->60239K(2037248K), 0.0092235 secs] [Times: user=0.00 sys=0.00, real=0.01 secs] 
2020-09-29T17:56:29.052+0200: 21.223: [GC (Allocation Failure) [PSYoungGen: 601603K->37476K(637952K)] 638287K->74160K(2036224K), 0.0139691 secs] [Times: user=0.00 sys=0.00, real=0.01 secs] 
2020-09-29T17:56:29.118+0200: 21.288: [GC (Allocation Failure) [PSYoungGen: 615524K->40901K(640000K)] 652208K->77585K(2038272K), 0.0148978 secs] [Times: user=0.13 sys=0.00, real=0.01 secs] 
2020-09-29T17:56:29.183+0200: 21.354: [GC (Allocation Failure) [PSYoungGen: 622021K->47749K(629248K)] 658705K->84433K(2027520K), 0.0199178 secs] [Times: user=0.11 sys=0.00, real=0.02 secs] 
2020-09-29T17:56:29.255+0200: 21.425: [GC (Allocation Failure) [PSYoungGen: 628869K->39972K(638464K)] 665553K->76656K(2036736K), 0.0143034 secs] [Times: user=0.00 sys=0.00, real=0.01 secs] 
2020-09-29T17:56:29.318+0200: 21.489: [GC (Allocation Failure) [PSYoungGen: 616996K->40516K(637440K)] 653680K->77200K(2035712K), 0.0141949 secs] [Times: user=0.03 sys=0.00, real=0.01 secs] 
2020-09-29T17:56:29.383+0200: 21.553: [GC (Allocation Failure) [PSYoungGen: 617540K->57029K(629248K)] 654224K->93713K(2027520K), 0.0193950 secs] [Times: user=0.13 sys=0.00, real=0.02 secs] 
2020-09-29T17:56:29.452+0200: 21.623: [GC (Allocation Failure) [PSYoungGen: 626885K->24452K(634368K)] 663569K->61136K(2032640K), 0.0094528 secs] [Times: user=0.13 sys=0.00, real=0.01 secs] 
2020-09-29T17:56:29.511+0200: 21.682: [GC (Allocation Failure) [PSYoungGen: 594308K->33733K(636416K)] 630992K->70417K(2034688K), 0.0112263 secs] [Times: user=0.13 sys=0.00, real=0.01 secs] 
2020-09-29T17:56:29.572+0200: 21.743: [GC (Allocation Failure) [PSYoungGen: 605637K->31107K(634368K)] 642321K->67791K(2032640K), 0.0130707 secs] [Times: user=0.11 sys=0.00, real=0.01 secs] 
2020-09-29T17:56:29.636+0200: 21.807: [GC (Allocation Failure) [PSYoungGen: 603011K->42469K(637952K)] 639695K->79153K(2036224K), 0.0154133 secs] [Times: user=0.13 sys=0.00, real=0.02 secs] 
2020-09-29T17:56:29.701+0200: 21.872: [GC (Allocation Failure) [PSYoungGen: 619493K->31557K(637952K)] 656177K->68241K(2036224K), 0.0106209 secs] [Times: user=0.13 sys=0.00, real=0.01 secs] 
2020-09-29T17:56:29.761+0200: 21.932: [GC (Allocation Failure) [PSYoungGen: 608581K->34341K(641536K)] 645265K->71025K(2039808K), 0.0114214 secs] [Times: user=0.13 sys=0.00, real=0.01 secs] 
2020-09-29T17:56:29.825+0200: 21.995: [GC (Allocation Failure) [PSYoungGen: 616485K->27204K(639488K)] 653169K->63888K(2037760K), 0.0113836 secs] [Times: user=0.13 sys=0.00, real=0.01 secs] 
2020-09-29T17:56:29.887+0200: 22.057: [GC (Allocation Failure) [PSYoungGen: 609348K->48741K(635904K)] 646032K->85425K(2034176K), 0.0176212 secs] [Times: user=0.13 sys=0.00, real=0.02 secs] 
2020-09-29T17:56:29.954+0200: 22.125: [GC (Allocation Failure) [PSYoungGen: 627813K->11619K(590848K)] 664497K->48303K(1989120K), 0.0047890 secs] [Times: user=0.13 sys=0.00, real=0.01 secs] 
2020-09-29T17:56:30.009+0200: 22.179: [GC (Allocation Failure) [PSYoungGen: 590691K->30181K(638976K)] 627375K->66865K(2037248K), 0.0106391 secs] [Times: user=0.00 sys=0.00, real=0.01 secs] 
2020-09-29T17:56:30.071+0200: 22.242: [GC (Allocation Failure) [PSYoungGen: 607205K->32164K(636928K)] 643889K->68848K(2035200K), 0.0130284 secs] [Times: user=0.13 sys=0.00, real=0.01 secs] 
2020-09-29T17:56:30.135+0200: 22.306: [GC (Allocation Failure) [PSYoungGen: 609188K->21156K(641536K)] 645872K->57840K(2039808K), 0.0084595 secs] [Times: user=0.00 sys=0.00, real=0.01 secs] 
2020-09-29T17:56:30.195+0200: 22.366: [GC (Allocation Failure) [PSYoungGen: 605348K->29956K(641536K)] 642032K->66640K(2039808K), 0.0158227 secs] [Times: user=0.09 sys=0.00, real=0.02 secs] 
2020-09-29T17:56:30.263+0200: 22.434: [GC (Allocation Failure) [PSYoungGen: 614148K->38116K(643584K)] 650832K->74800K(2041856K), 0.0144314 secs] [Times: user=0.13 sys=0.00, real=0.02 secs] 
2020-09-29T17:56:30.328+0200: 22.499: [GC (Allocation Failure) [PSYoungGen: 626404K->37636K(643584K)] 663088K->74320K(2041856K), 0.0136332 secs] [Times: user=0.13 sys=0.00, real=0.01 secs] 
2020-09-29T17:56:30.393+0200: 22.564: [GC (Allocation Failure) [PSYoungGen: 625924K->51653K(634880K)] 662608K->88337K(2033152K), 0.0170592 secs] [Times: user=0.13 sys=0.00, real=0.02 secs] 
2020-09-29T17:56:30.461+0200: 22.632: [GC (Allocation Failure) [PSYoungGen: 631749K->29732K(639488K)] 668433K->66416K(2037760K), 0.0121563 secs] [Times: user=0.00 sys=0.00, real=0.01 secs] 
2020-09-29T17:56:30.523+0200: 22.693: [GC (Allocation Failure) [PSYoungGen: 609828K->19331K(640000K)] 646512K->56015K(2038272K), 0.0083566 secs] [Times: user=0.00 sys=0.00, real=0.01 secs] 
2020-09-29T17:56:30.586+0200: 22.757: [GC (Allocation Failure) [PSYoungGen: 601475K->40772K(640512K)] 638159K->77456K(2038784K), 0.0179207 secs] [Times: user=0.11 sys=0.00, real=0.02 secs] 
2020-09-29T17:56:30.658+0200: 22.828: [GC (Allocation Failure) [PSYoungGen: 622916K->33700K(642560K)] 659600K->70384K(2040832K), 0.0158717 secs] [Times: user=0.09 sys=0.00, real=0.02 secs] 
2020-09-29T17:56:30.727+0200: 22.898: [GC (Allocation Failure) [PSYoungGen: 617892K->43653K(640512K)] 654576K->80337K(2038784K), 0.0165173 secs] [Times: user=0.13 sys=0.00, real=0.02 secs] 
2020-09-29T17:56:30.794+0200: 22.965: [GC (Allocation Failure) [PSYoungGen: 627845K->39909K(641536K)] 664529K->76593K(2039808K), 0.0140687 secs] [Times: user=0.13 sys=0.00, real=0.01 secs] 
2020-09-29T17:56:30.858+0200: 23.030: [GC (Allocation Failure) [PSYoungGen: 624101K->21956K(641536K)] 660785K->58640K(2039808K), 0.0096984 secs] [Times: user=0.13 sys=0.00, real=0.01 secs] 
2020-09-29T17:56:30.918+0200: 23.090: [GC (Allocation Failure) [PSYoungGen: 606148K->31845K(643584K)] 642832K->68529K(2041856K), 0.0105953 secs] [Times: user=0.13 sys=0.00, real=0.01 secs] 
2020-09-29T17:56:30.981+0200: 23.152: [GC (Allocation Failure) [PSYoungGen: 618085K->55269K(641536K)] 654769K->94193K(2039808K), 0.0207506 secs] [Times: user=0.11 sys=0.00, real=0.02 secs] 
2020-09-29T17:56:31.052+0200: 23.223: [GC (Allocation Failure) [PSYoungGen: 641509K->27299K(634368K)] 680433K->66223K(2032640K), 0.0106766 secs] [Times: user=0.00 sys=0.00, real=0.01 secs] 
2020-09-29T17:56:31.114+0200: 23.285: [GC (Allocation Failure) [PSYoungGen: 604323K->41124K(637952K)] 643247K->80048K(2036224K), 0.0154264 secs] [Times: user=0.13 sys=0.00, real=0.02 secs] 
2020-09-29T17:56:31.180+0200: 23.351: [GC (Allocation Failure) [PSYoungGen: 618148K->43781K(637440K)] 657072K->82705K(2035712K), 0.0202662 secs] [Times: user=0.09 sys=0.00, real=0.02 secs] 
2020-09-29T17:56:31.252+0200: 23.423: [GC (Allocation Failure) [PSYoungGen: 620805K->32933K(637952K)] 659729K->71857K(2036224K), 0.0121561 secs] [Times: user=0.13 sys=0.00, real=0.01 secs] 
2020-09-29T17:56:31.314+0200: 23.485: [GC (Allocation Failure) [PSYoungGen: 609957K->19651K(638464K)] 648881K->58575K(2036736K), 0.0086882 secs] [Times: user=0.13 sys=0.00, real=0.01 secs] 
2020-09-29T17:56:31.376+0200: 23.547: [GC (Allocation Failure) [PSYoungGen: 598723K->38181K(638976K)] 637647K->77105K(2037248K), 0.0133754 secs] [Times: user=0.13 sys=0.00, real=0.01 secs] 
2020-09-29T17:56:31.439+0200: 23.610: [GC (Allocation Failure) [PSYoungGen: 617253K->43013K(638976K)] 656177K->81937K(2037248K), 0.0148960 secs] [Times: user=0.13 sys=0.00, real=0.02 secs] 
2020-09-29T17:56:31.504+0200: 23.676: [GC (Allocation Failure) [PSYoungGen: 623109K->35108K(639488K)] 662033K->74032K(2037760K), 0.0133707 secs] [Times: user=0.00 sys=0.00, real=0.01 secs] 
2020-09-29T17:56:31.568+0200: 23.739: [GC (Allocation Failure) [PSYoungGen: 615204K->24131K(642048K)] 654128K->63055K(2040320K), 0.0107585 secs] [Times: user=0.00 sys=0.00, real=0.01 secs] 
2020-09-29T17:56:31.631+0200: 23.802: [GC (Allocation Failure) [PSYoungGen: 609347K->35109K(642048K)] 648271K->74033K(2040320K), 0.0123632 secs] [Times: user=0.00 sys=0.00, real=0.01 secs] 
2020-09-29T17:56:31.694+0200: 23.865: [GC (Allocation Failure) [PSYoungGen: 620325K->30756K(645120K)] 659249K->69680K(2043392K), 0.0111160 secs] [Times: user=0.00 sys=0.00, real=0.01 secs] 
2020-09-29T17:56:31.756+0200: 23.927: [GC (Allocation Failure) [PSYoungGen: 621092K->33221K(644096K)] 660016K->72145K(2042368K), 0.0115043 secs] [Times: user=0.00 sys=0.00, real=0.01 secs] 
2020-09-29T17:56:31.820+0200: 23.991: [GC (Allocation Failure) [PSYoungGen: 623557K->49317K(638976K)] 662481K->88241K(2037248K), 0.0167278 secs] [Times: user=0.13 sys=0.00, real=0.02 secs] 
2020-09-29T17:56:31.887+0200: 24.058: [GC (Allocation Failure) [PSYoungGen: 636581K->48677K(636416K)] 675505K->87601K(2034688K), 0.0167827 secs] [Times: user=0.13 sys=0.00, real=0.02 secs] 
2020-09-29T17:56:31.954+0200: 24.125: [GC (Allocation Failure) [PSYoungGen: 635941K->34245K(642048K)] 674865K->73169K(2040320K), 0.0119539 secs] [Times: user=0.09 sys=0.00, real=0.01 secs] 
2020-09-29T17:56:32.016+0200: 24.187: [GC (Allocation Failure) [PSYoungGen: 617925K->29444K(640512K)] 656849K->68368K(2038784K), 0.0106688 secs] [Times: user=0.13 sys=0.00, real=0.01 secs] 
2020-09-29T17:56:32.077+0200: 24.248: [GC (Allocation Failure) [PSYoungGen: 613124K->24356K(642560K)] 652048K->63280K(2040832K), 0.0090852 secs] [Times: user=0.13 sys=0.00, real=0.01 secs] 
2020-09-29T17:56:32.137+0200: 24.308: [GC (Allocation Failure) [PSYoungGen: 610596K->22629K(642560K)] 649520K->61553K(2040832K), 0.0086090 secs] [Times: user=0.13 sys=0.00, real=0.01 secs] 
2020-09-29T17:56:32.198+0200: 24.369: [GC (Allocation Failure) [PSYoungGen: 608869K->34661K(644608K)] 647793K->73585K(2042880K), 0.0153227 secs] [Times: user=0.11 sys=0.00, real=0.02 secs] 
2020-09-29T17:56:32.265+0200: 24.436: [GC (Allocation Failure) [PSYoungGen: 623461K->34788K(643072K)] 662385K->73712K(2041344K), 0.0128604 secs] [Times: user=0.13 sys=0.00, real=0.01 secs] 
2020-09-29T17:56:32.330+0200: 24.501: [GC (Allocation Failure) [PSYoungGen: 623588K->49317K(638976K)] 662512K->88241K(2037248K), 0.0173075 secs] [Times: user=0.13 sys=0.00, real=0.02 secs] 
2020-09-29T17:56:32.398+0200: 24.569: [GC (Allocation Failure) [PSYoungGen: 635557K->33732K(642560K)] 674481K->72656K(2040832K), 0.0127278 secs] [Times: user=0.13 sys=0.00, real=0.01 secs] 
2020-09-29T17:56:32.461+0200: 24.632: [GC (Allocation Failure) [PSYoungGen: 619972K->45765K(640000K)] 658896K->84689K(2038272K), 0.0154516 secs] [Times: user=0.13 sys=0.00, real=0.02 secs] 
2020-09-29T17:56:32.527+0200: 24.698: [GC (Allocation Failure) [PSYoungGen: 630981K->43109K(628736K)] 669905K->82033K(2027008K), 0.0154938 secs] [Times: user=0.13 sys=0.00, real=0.02 secs] 
2020-09-29T17:56:32.595+0200: 24.766: [GC (Allocation Failure) [PSYoungGen: 628325K->39620K(642560K)] 667249K->78544K(2040832K), 0.0151119 secs] [Times: user=0.11 sys=0.00, real=0.01 secs] 
2020-09-29T17:56:32.661+0200: 24.832: [GC (Allocation Failure) [PSYoungGen: 624836K->21283K(641536K)] 663760K->60207K(2039808K), 0.0089045 secs] [Times: user=0.00 sys=0.00, real=0.01 secs] 
2020-09-29T17:56:32.722+0200: 24.892: [GC (Allocation Failure) [PSYoungGen: 606499K->45989K(637952K)] 645423K->84913K(2036224K), 0.0156343 secs] [Times: user=0.13 sys=0.00, real=0.02 secs] 
2020-09-29T17:56:32.787+0200: 24.958: [GC (Allocation Failure) [PSYoungGen: 627109K->39173K(640000K)] 666033K->78097K(2038272K), 0.0137817 secs] [Times: user=0.08 sys=0.00, real=0.01 secs] 
2020-09-29T17:56:32.853+0200: 25.024: [GC (Allocation Failure) [PSYoungGen: 620293K->46053K(638464K)] 659217K->84977K(2036736K), 0.0173636 secs] [Times: user=0.13 sys=0.00, real=0.02 secs] 
2020-09-29T17:56:32.920+0200: 25.092: [GC (Allocation Failure) [PSYoungGen: 627173K->23331K(604672K)] 666097K->62255K(2002944K), 0.0092783 secs] [Times: user=0.13 sys=0.00, real=0.01 secs] 
2020-09-29T17:56:32.979+0200: 25.151: [GC (Allocation Failure) [PSYoungGen: 604451K->30213K(641024K)] 643375K->69137K(2039296K), 0.0109110 secs] [Times: user=0.13 sys=0.00, real=0.01 secs] 
2020-09-29T17:56:33.041+0200: 25.212: [GC (Allocation Failure) [PSYoungGen: 611845K->37637K(639488K)] 650769K->76561K(2037760K), 0.0136106 secs] [Times: user=0.13 sys=0.00, real=0.01 secs] 
2020-09-29T17:56:33.105+0200: 25.276: [GC (Allocation Failure) [PSYoungGen: 619269K->45061K(639488K)] 658193K->83985K(2037760K), 0.0158184 secs] [Times: user=0.13 sys=0.00, real=0.02 secs] 
2020-09-29T17:56:33.171+0200: 25.342: [GC (Allocation Failure) [PSYoungGen: 628229K->40293K(641024K)] 667153K->79217K(2039296K), 0.0146769 secs] [Times: user=0.13 sys=0.00, real=0.02 secs] 
2020-09-29T17:56:33.238+0200: 25.410: [GC (Allocation Failure) [PSYoungGen: 623461K->20611K(640000K)] 662385K->59535K(2038272K), 0.0091042 secs] [Times: user=0.00 sys=0.02, real=0.01 secs] 
2020-09-29T17:56:33.298+0200: 25.469: [GC (Allocation Failure) [PSYoungGen: 603779K->28196K(641024K)] 642703K->67120K(2039296K), 0.0102272 secs] [Times: user=0.13 sys=0.00, real=0.01 secs] 
2020-09-29T17:56:33.360+0200: 25.531: [GC (Allocation Failure) [PSYoungGen: 611364K->35908K(643584K)] 650288K->74832K(2041856K), 0.0125460 secs] [Times: user=0.13 sys=0.00, real=0.01 secs] 
2020-09-29T17:56:33.423+0200: 25.594: [GC (Allocation Failure) [PSYoungGen: 622660K->48421K(635392K)] 661584K->87345K(2033664K), 0.0164665 secs] [Times: user=0.13 sys=0.00, real=0.02 secs] 
2020-09-29T17:56:33.490+0200: 25.661: [GC (Allocation Failure) [PSYoungGen: 635173K->33348K(642560K)] 674097K->72272K(2040832K), 0.0121330 secs] [Times: user=0.00 sys=0.00, real=0.01 secs] 
2020-09-29T17:56:33.552+0200: 25.723: [GC (Allocation Failure) [PSYoungGen: 617540K->29637K(640512K)] 656464K->68561K(2038784K), 0.0110618 secs] [Times: user=0.00 sys=0.00, real=0.01 secs] 
2020-09-29T17:56:33.616+0200: 25.787: [GC (Allocation Failure) [PSYoungGen: 613829K->53317K(633344K)] 652753K->92241K(2031616K), 0.0197456 secs] [Times: user=0.11 sys=0.00, real=0.02 secs] 
2020-09-29T17:56:33.686+0200: 25.857: [GC (Allocation Failure) [PSYoungGen: 631365K->29765K(638464K)] 670289K->68689K(2036736K), 0.0110682 secs] [Times: user=0.13 sys=0.00, real=0.01 secs] 
2020-09-29T17:56:33.747+0200: 25.918: [GC (Allocation Failure) [PSYoungGen: 607813K->19588K(638464K)] 646737K->58512K(2036736K), 0.0071357 secs] [Times: user=0.13 sys=0.00, real=0.01 secs] 
2020-09-29T17:56:33.804+0200: 25.976: [GC (Allocation Failure) [PSYoungGen: 598660K->51813K(631296K)] 637584K->90737K(2029568K), 0.0173589 secs] [Times: user=0.13 sys=0.00, real=0.02 secs] 
2020-09-29T17:56:33.871+0200: 26.042: [GC (Allocation Failure) [PSYoungGen: 630885K->26019K(636416K)] 669809K->64943K(2034688K), 0.0108994 secs] [Times: user=0.13 sys=0.00, real=0.01 secs] 
2020-09-29T17:56:33.932+0200: 26.103: [GC (Allocation Failure) [PSYoungGen: 598947K->21859K(635392K)] 637871K->60783K(2033664K), 0.0094068 secs] [Times: user=0.00 sys=0.00, real=0.01 secs] 
2020-09-29T17:56:33.990+0200: 26.162: [GC (Allocation Failure) [PSYoungGen: 594787K->33700K(639488K)] 633711K->72624K(2037760K), 0.0127269 secs] [Times: user=0.00 sys=0.00, real=0.01 secs] 
2020-09-29T17:56:34.053+0200: 26.224: [GC (Allocation Failure) [PSYoungGen: 610724K->22371K(636416K)] 649648K->61295K(2034688K), 0.0094949 secs] [Times: user=0.00 sys=0.00, real=0.01 secs] 
2020-09-29T17:56:34.115+0200: 26.286: [GC (Allocation Failure) [PSYoungGen: 599395K->38917K(640000K)] 638319K->77841K(2038272K), 0.0134997 secs] [Times: user=0.00 sys=0.00, real=0.01 secs] 
2020-09-29T17:56:34.178+0200: 26.349: [GC (Allocation Failure) [PSYoungGen: 620037K->32101K(640000K)] 658961K->71025K(2038272K), 0.0125418 secs] [Times: user=0.00 sys=0.00, real=0.01 secs] 
2020-09-29T17:56:34.243+0200: 26.414: [GC (Allocation Failure) [PSYoungGen: 613221K->23043K(643072K)] 652145K->61967K(2041344K), 0.0095374 secs] [Times: user=0.00 sys=0.00, real=0.01 secs] 
2020-09-29T17:56:34.305+0200: 26.476: [GC (Allocation Failure) [PSYoungGen: 609795K->19908K(642560K)] 648719K->58832K(2040832K), 0.0076659 secs] [Times: user=0.00 sys=0.00, real=0.01 secs] 
2020-09-29T17:56:34.363+0200: 26.534: [GC (Allocation Failure) [PSYoungGen: 606660K->32453K(645120K)] 645584K->71377K(2043392K), 0.0110490 secs] [Times: user=0.13 sys=0.00, real=0.01 secs] 
2020-09-29T17:56:34.432+0200: 26.603: [GC (Allocation Failure) [PSYoungGen: 621765K->53733K(643072K)] 660689K->100049K(2041344K), 0.0215969 secs] [Times: user=0.13 sys=0.00, real=0.02 secs] 
2020-09-29T17:56:34.504+0200: 26.675: [GC (Allocation Failure) [PSYoungGen: 643045K->20420K(630784K)] 689361K->66736K(2029056K), 0.0080162 secs] [Times: user=0.00 sys=0.00, real=0.01 secs] 
2020-09-29T17:56:34.561+0200: 26.732: [GC (Allocation Failure) [PSYoungGen: 595396K->33604K(636928K)] 641712K->79920K(2035200K), 0.0133842 secs] [Times: user=0.11 sys=0.00, real=0.01 secs] 
2020-09-29T17:56:34.627+0200: 26.798: [GC (Allocation Failure) [PSYoungGen: 608580K->34405K(641536K)] 654896K->80721K(2039808K), 0.0126500 secs] [Times: user=0.11 sys=0.00, real=0.01 secs] 
2020-09-29T17:56:34.689+0200: 26.861: [GC (Allocation Failure) [PSYoungGen: 616549K->26371K(639488K)] 662865K->72687K(2037760K), 0.0103519 secs] [Times: user=0.13 sys=0.00, real=0.01 secs] 
2020-09-29T17:56:34.750+0200: 26.921: [GC (Allocation Failure) [PSYoungGen: 608515K->33604K(644608K)] 654831K->79920K(2042880K), 0.0126708 secs] [Times: user=0.13 sys=0.00, real=0.01 secs] 
2020-09-29T17:56:34.813+0200: 26.985: [GC (Allocation Failure) [PSYoungGen: 621892K->29988K(642560K)] 668208K->76304K(2040832K), 0.0114151 secs] [Times: user=0.13 sys=0.00, real=0.01 secs] 
2020-09-29T17:56:34.876+0200: 27.047: [GC (Allocation Failure) [PSYoungGen: 618276K->29924K(648192K)] 664592K->76240K(2046464K), 0.0114679 secs] [Times: user=0.13 sys=0.00, real=0.01 secs] 
2020-09-29T17:56:34.946+0200: 27.117: [GC (Allocation Failure) [PSYoungGen: 625380K->22275K(646144K)] 671696K->68591K(2044416K), 0.0091841 secs] [Times: user=0.00 sys=0.00, real=0.01 secs] 
2020-09-29T17:56:35.005+0200: 27.177: [GC (Allocation Failure) [PSYoungGen: 617731K->29733K(649728K)] 664047K->76049K(2048000K), 0.0107774 secs] [Times: user=0.00 sys=0.00, real=0.01 secs] 
2020-09-29T17:56:35.069+0200: 27.241: [GC (Allocation Failure) [PSYoungGen: 628773K->25155K(648192K)] 675089K->71471K(2046464K), 0.0121172 secs] [Times: user=0.00 sys=0.00, real=0.01 secs] 
2020-09-29T17:56:35.137+0200: 27.308: [GC (Allocation Failure) [PSYoungGen: 624195K->36293K(649728K)] 670511K->82609K(2048000K), 0.0168707 secs] [Times: user=0.11 sys=0.00, real=0.02 secs] 
2020-09-29T17:56:35.209+0200: 27.381: [GC (Allocation Failure) [PSYoungGen: 637893K->35557K(650240K)] 684209K->81873K(2048512K), 0.0166039 secs] [Times: user=0.11 sys=0.00, real=0.02 secs] 
2020-09-29T17:56:35.279+0200: 27.451: [GC (Allocation Failure) [PSYoungGen: 637157K->48613K(641024K)] 683473K->95425K(2039296K), 0.0167590 secs] [Times: user=0.13 sys=0.00, real=0.02 secs] 
2020-09-29T17:56:35.348+0200: 27.519: [GC (Allocation Failure) [PSYoungGen: 640997K->25796K(645632K)] 687809K->72608K(2043904K), 0.0098803 secs] [Times: user=0.00 sys=0.00, real=0.01 secs] 
2020-09-29T17:56:35.411+0200: 27.582: [GC (Allocation Failure) [PSYoungGen: 618180K->28485K(647680K)] 664992K->75297K(2045952K), 0.0097962 secs] [Times: user=0.00 sys=0.00, real=0.01 secs] 
2020-09-29T17:56:35.473+0200: 27.644: [GC (Allocation Failure) [PSYoungGen: 623429K->35493K(646144K)] 670241K->82305K(2044416K), 0.0130666 secs] [Times: user=0.00 sys=0.00, real=0.01 secs] 
2020-09-29T17:56:35.537+0200: 27.708: [GC (Allocation Failure) [PSYoungGen: 630437K->27652K(649216K)] 677249K->74464K(2047488K), 0.0101080 secs] [Times: user=0.00 sys=0.00, real=0.01 secs] 
2020-09-29T17:56:35.600+0200: 27.771: [GC (Allocation Failure) [PSYoungGen: 626180K->49637K(648192K)] 672992K->98761K(2046464K), 0.0197464 secs] [Times: user=0.11 sys=0.00, real=0.02 secs] 
2020-09-29T17:56:35.672+0200: 27.843: [GC (Allocation Failure) [PSYoungGen: 648165K->35301K(642048K)] 697289K->84425K(2040320K), 0.0151333 secs] [Times: user=0.11 sys=0.00, real=0.02 secs] 
2020-09-29T17:56:35.738+0200: 27.909: [GC (Allocation Failure) [PSYoungGen: 626661K->38757K(645120K)] 675785K->87881K(2043392K), 0.0139579 secs] [Times: user=0.11 sys=0.02, real=0.01 secs] 
2020-09-29T17:56:35.803+0200: 27.974: [GC (Allocation Failure) [PSYoungGen: 630117K->27332K(646144K)] 679241K->76456K(2044416K), 0.0102940 secs] [Times: user=0.00 sys=0.00, real=0.01 secs] 
2020-09-29T17:56:35.864+0200: 28.035: [GC (Allocation Failure) [PSYoungGen: 619716K->45349K(637952K)] 668840K->94473K(2036224K), 0.0160101 secs] [Times: user=0.13 sys=0.00, real=0.02 secs] 
2020-09-29T17:56:35.932+0200: 28.103: [GC (Allocation Failure) [PSYoungGen: 637733K->21316K(642560K)] 686857K->70440K(2040832K), 0.0078723 secs] [Times: user=0.00 sys=0.00, real=0.01 secs] 
2020-09-29T17:56:35.990+0200: 28.161: [GC (Allocation Failure) [PSYoungGen: 608580K->20611K(643072K)] 657704K->69735K(2041344K), 0.0084423 secs] [Times: user=0.00 sys=0.00, real=0.01 secs] 
2020-09-29T17:56:36.048+0200: 28.220: [GC (Allocation Failure) [PSYoungGen: 607875K->47301K(636928K)] 656999K->96425K(2035200K), 0.0166385 secs] [Times: user=0.13 sys=0.00, real=0.02 secs] 
2020-09-29T17:56:36.117+0200: 28.288: [GC (Allocation Failure) [PSYoungGen: 628421K->40549K(640000K)] 677545K->89673K(2038272K), 0.0143752 secs] [Times: user=0.13 sys=0.00, real=0.01 secs] 
2020-09-29T17:56:36.182+0200: 28.353: [GC (Allocation Failure) [PSYoungGen: 621669K->33797K(642048K)] 670793K->82921K(2040320K), 0.0152506 secs] [Times: user=0.11 sys=0.00, real=0.02 secs] 
2020-09-29T17:56:36.249+0200: 28.421: [GC (Allocation Failure) [PSYoungGen: 616965K->41956K(640000K)] 666089K->91080K(2038272K), 0.0153440 secs] [Times: user=0.13 sys=0.00, real=0.02 secs] 
2020-09-29T17:56:36.315+0200: 28.486: [GC (Allocation Failure) [PSYoungGen: 625124K->23589K(642048K)] 674248K->72713K(2040320K), 0.0092742 secs] [Times: user=0.13 sys=0.00, real=0.01 secs] 
2020-09-29T17:56:36.374+0200: 28.546: [GC (Allocation Failure) [PSYoungGen: 608293K->33637K(641536K)] 657417K->82761K(2039808K), 0.0128749 secs] [Times: user=0.13 sys=0.00, real=0.01 secs] 
2020-09-29T17:56:36.443+0200: 28.614: [GC (Allocation Failure) [PSYoungGen: 618341K->29476K(645632K)] 667465K->78600K(2043904K), 0.0146911 secs] [Times: user=0.11 sys=0.00, real=0.01 secs] 
2020-09-29T17:56:36.511+0200: 28.682: [GC (Allocation Failure) [PSYoungGen: 620324K->32132K(644096K)] 669448K->81256K(2042368K), 0.0166624 secs] [Times: user=0.11 sys=0.00, real=0.02 secs] 
2020-09-29T17:56:36.581+0200: 28.752: [GC (Allocation Failure) [PSYoungGen: 622980K->34725K(648192K)] 672104K->83849K(2046464K), 0.0169547 secs] [Times: user=0.20 sys=0.02, real=0.02 secs] 
2020-09-29T17:56:36.658+0200: 28.829: [GC (Allocation Failure) [PSYoungGen: 631205K->43141K(640000K)] 680329K->92265K(2038272K), 0.0186910 secs] [Times: user=0.13 sys=0.02, real=0.02 secs] 
2020-09-29T17:56:36.728+0200: 28.899: [GC (Allocation Failure) [PSYoungGen: 639621K->35140K(648192K)] 688745K->84264K(2046464K), 0.0166432 secs] [Times: user=0.13 sys=0.00, real=0.02 secs] 
2020-09-29T17:56:36.796+0200: 28.967: [GC (Allocation Failure) [PSYoungGen: 631108K->42948K(646656K)] 680232K->92072K(2044928K), 0.0195204 secs] [Times: user=0.13 sys=0.00, real=0.02 secs] 
2020-09-29T17:56:36.866+0200: 29.037: [GC (Allocation Failure) [PSYoungGen: 638916K->37349K(647680K)] 688040K->86473K(2045952K), 0.0169332 secs] [Times: user=0.13 sys=0.00, real=0.02 secs] 
2020-09-29T17:56:36.935+0200: 29.106: [GC (Allocation Failure) [PSYoungGen: 632805K->44261K(640000K)] 681929K->93385K(2038272K), 0.0195851 secs] [Times: user=0.11 sys=0.00, real=0.02 secs] 
2020-09-29T17:56:37.006+0200: 29.176: [GC (Allocation Failure) [PSYoungGen: 639717K->36868K(647168K)] 688841K->85992K(2045440K), 0.0173114 secs] [Times: user=0.13 sys=0.00, real=0.02 secs] 
2020-09-29T17:56:37.076+0200: 29.247: [GC (Allocation Failure) [PSYoungGen: 630788K->42917K(645632K)] 679912K->92041K(2043904K), 0.0187465 secs] [Times: user=0.13 sys=0.00, real=0.02 secs] 
2020-09-29T17:56:37.147+0200: 29.318: [GC (Allocation Failure) [PSYoungGen: 636837K->34948K(647680K)] 685961K->84072K(2045952K), 0.0161580 secs] [Times: user=0.13 sys=0.00, real=0.02 secs] 
2020-09-29T17:56:37.218+0200: 29.389: [GC (Allocation Failure) [PSYoungGen: 630404K->51173K(646656K)] 679528K->105185K(2044928K), 0.0255311 secs] [Times: user=0.25 sys=0.00, real=0.03 secs] 
2020-09-29T17:56:37.295+0200: 29.465: [GC (Allocation Failure) [PSYoungGen: 646629K->50021K(632320K)] 700641K->104033K(2030592K), 0.0217743 secs] [Times: user=0.13 sys=0.00, real=0.02 secs] 
2020-09-29T17:56:37.368+0200: 29.539: [GC (Allocation Failure) [PSYoungGen: 630117K->27940K(639488K)] 684129K->81952K(2037760K), 0.0143509 secs] [Times: user=0.13 sys=0.00, real=0.01 secs] 
2020-09-29T17:56:37.435+0200: 29.606: [GC (Allocation Failure) [PSYoungGen: 608036K->33861K(640512K)] 662048K->87873K(2038784K), 0.0152262 secs] [Times: user=0.13 sys=0.00, real=0.02 secs] 
2020-09-29T17:56:37.501+0200: 29.672: [GC (Allocation Failure) [PSYoungGen: 614981K->40741K(639488K)] 668993K->94753K(2037760K), 0.0185718 secs] [Times: user=0.25 sys=0.00, real=0.02 secs] 
2020-09-29T17:56:37.571+0200: 29.742: [GC (Allocation Failure) [PSYoungGen: 621861K->47621K(638464K)] 675873K->101633K(2036736K), 0.0228132 secs] [Times: user=0.11 sys=0.00, real=0.02 secs] 
2020-09-29T17:56:37.645+0200: 29.815: [GC (Allocation Failure) [PSYoungGen: 628741K->40805K(640000K)] 682753K->94817K(2038272K), 0.0182139 secs] [Times: user=0.13 sys=0.00, real=0.02 secs] 
2020-09-29T17:56:37.712+0200: 29.883: [GC (Allocation Failure) [PSYoungGen: 621925K->47717K(639488K)] 675937K->101729K(2037760K), 0.0207295 secs] [Times: user=0.13 sys=0.00, real=0.02 secs] 
2020-09-29T17:56:37.784+0200: 29.955: [GC (Allocation Failure) [PSYoungGen: 629861K->40805K(640512K)] 683873K->94817K(2038784K), 0.0186534 secs] [Times: user=0.25 sys=0.00, real=0.02 secs] 
2020-09-29T17:56:37.854+0200: 30.024: [GC (Allocation Failure) [PSYoungGen: 622949K->33252K(642560K)] 676961K->87264K(2040832K), 0.0158786 secs] [Times: user=0.13 sys=0.00, real=0.01 secs] 
2020-09-29T17:56:37.920+0200: 30.091: [GC (Allocation Failure) [PSYoungGen: 618980K->31077K(642048K)] 672992K->85089K(2040320K), 0.0128589 secs] [Times: user=0.13 sys=0.00, real=0.01 secs] 
2020-09-29T17:56:37.984+0200: 30.154: [GC (Allocation Failure) [PSYoungGen: 616805K->42597K(643072K)] 670817K->96609K(2041344K), 0.0191051 secs] [Times: user=0.13 sys=0.00, real=0.02 secs] 
2020-09-29T17:56:38.058+0200: 30.228: [GC (Allocation Failure) [PSYoungGen: 629349K->41477K(642560K)] 683361K->95489K(2040832K), 0.0178624 secs] [Times: user=0.13 sys=0.00, real=0.02 secs] 
2020-09-29T17:56:38.127+0200: 30.297: [GC (Allocation Failure) [PSYoungGen: 628229K->26277K(642560K)] 682241K->80289K(2040832K), 0.0122359 secs] [Times: user=0.13 sys=0.00, real=0.01 secs] 
2020-09-29T17:56:38.190+0200: 30.361: [GC (Allocation Failure) [PSYoungGen: 613541K->39301K(643072K)] 667553K->93313K(2041344K), 0.0195473 secs] [Times: user=0.19 sys=0.00, real=0.02 secs] 
2020-09-29T17:56:38.264+0200: 30.435: [GC (Allocation Failure) [PSYoungGen: 626565K->24773K(643072K)] 680577K->78785K(2041344K), 0.0110885 secs] [Times: user=0.13 sys=0.00, real=0.01 secs] 
2020-09-29T17:56:38.326+0200: 30.496: [GC (Allocation Failure) [PSYoungGen: 613061K->24452K(612864K)] 667073K->78464K(2011136K), 0.0118931 secs] [Times: user=0.13 sys=0.00, real=0.01 secs] 
2020-09-29T17:56:38.393+0200: 30.563: [GC (Allocation Failure) [PSYoungGen: 612740K->38533K(644096K)] 666752K->92545K(2042368K), 0.0178469 secs] [Times: user=0.13 sys=0.00, real=0.02 secs] 
2020-09-29T17:56:38.461+0200: 30.631: [GC (Allocation Failure) [PSYoungGen: 626821K->38917K(643072K)] 680833K->92929K(2041344K), 0.0166789 secs] [Times: user=0.13 sys=0.00, real=0.02 secs] 
2020-09-29T17:56:38.528+0200: 30.699: [GC (Allocation Failure) [PSYoungGen: 627205K->38021K(646144K)] 681217K->92033K(2044416K), 0.0177928 secs] [Times: user=0.13 sys=0.00, real=0.02 secs] 
2020-09-29T17:56:38.600+0200: 30.770: [GC (Allocation Failure) [PSYoungGen: 630405K->42565K(645120K)] 684417K->96577K(2043392K), 0.0199811 secs] [Times: user=0.13 sys=0.00, real=0.02 secs] 
2020-09-29T17:56:38.672+0200: 30.843: [GC (Allocation Failure) [PSYoungGen: 634949K->19653K(642560K)] 688961K->73665K(2040832K), 0.0090240 secs] [Times: user=0.13 sys=0.00, real=0.01 secs] 
2020-09-29T17:56:38.733+0200: 30.903: [GC (Allocation Failure) [PSYoungGen: 608965K->54757K(644096K)] 662977K->116041K(2042368K), 0.0283588 secs] [Times: user=0.25 sys=0.00, real=0.03 secs] 
2020-09-29T17:56:38.814+0200: 30.984: [GC (Allocation Failure) [PSYoungGen: 644069K->36036K(632832K)] 705353K->97320K(2031104K), 0.0170468 secs] [Times: user=0.13 sys=0.00, real=0.02 secs] 
2020-09-29T17:56:38.881+0200: 31.052: [GC (Allocation Failure) [PSYoungGen: 614084K->38404K(638464K)] 675368K->99688K(2036736K), 0.0176676 secs] [Times: user=0.13 sys=0.00, real=0.02 secs] 
2020-09-29T17:56:38.950+0200: 31.120: [GC (Allocation Failure) [PSYoungGen: 616452K->55877K(630784K)] 677736K->117161K(2029056K), 0.0231309 secs] [Times: user=0.13 sys=0.00, real=0.02 secs] 
2020-09-29T17:56:39.022+0200: 31.193: [GC (Allocation Failure) [PSYoungGen: 627781K->39812K(635392K)] 689065K->101096K(2033664K), 0.0182215 secs] [Times: user=0.13 sys=0.00, real=0.02 secs] 
2020-09-29T17:56:39.091+0200: 31.262: [GC (Allocation Failure) [PSYoungGen: 611716K->37477K(639488K)] 673000K->98761K(2037760K), 0.0158987 secs] [Times: user=0.13 sys=0.00, real=0.02 secs] 
2020-09-29T17:56:39.159+0200: 31.330: [GC (Allocation Failure) [PSYoungGen: 616037K->41829K(637952K)] 677321K->103113K(2036224K), 0.0188589 secs] [Times: user=0.23 sys=0.00, real=0.02 secs] 
2020-09-29T17:56:39.233+0200: 31.404: [GC (Allocation Failure) [PSYoungGen: 620389K->18339K(637440K)] 681673K->79623K(2035712K), 0.0094230 secs] [Times: user=0.13 sys=0.00, real=0.01 secs] 
2020-09-29T17:56:39.304+0200: 31.475: [GC (Allocation Failure) [PSYoungGen: 597411K->21282K(600576K)] 658695K->82566K(1998848K), 0.0125217 secs] [Times: user=0.00 sys=0.00, real=0.01 secs] 
2020-09-29T17:56:39.366+0200: 31.537: [GC (Allocation Failure) [PSYoungGen: 600354K->53509K(630272K)] 661638K->114793K(2028544K), 0.0234363 secs] [Times: user=0.13 sys=0.00, real=0.02 secs] 
2020-09-29T17:56:39.439+0200: 31.610: [GC (Allocation Failure) [PSYoungGen: 623365K->35300K(634368K)] 684649K->96584K(2032640K), 0.0160208 secs] [Times: user=0.13 sys=0.00, real=0.02 secs] 
2020-09-29T17:56:39.504+0200: 31.674: [GC (Allocation Failure) [PSYoungGen: 605156K->44645K(636416K)] 666440K->105929K(2034688K), 0.0197445 secs] [Times: user=0.25 sys=0.00, real=0.02 secs] 
2020-09-29T17:56:39.573+0200: 31.744: [GC (Allocation Failure) [PSYoungGen: 618597K->30533K(636416K)] 679881K->91817K(2034688K), 0.0149492 secs] [Times: user=0.11 sys=0.00, real=0.02 secs] 
2020-09-29T17:56:39.646+0200: 31.816: [GC (Allocation Failure) [PSYoungGen: 604485K->30149K(638464K)] 665769K->91433K(2036736K), 0.0131005 secs] [Times: user=0.00 sys=0.00, real=0.01 secs] 
2020-09-29T17:56:39.712+0200: 31.883: [GC (Allocation Failure) [PSYoungGen: 607173K->32389K(637440K)] 668457K->93673K(2035712K), 0.0152395 secs] [Times: user=0.13 sys=0.00, real=0.02 secs] 
2020-09-29T17:56:39.778+0200: 31.948: [GC (Allocation Failure) [PSYoungGen: 609413K->35109K(642048K)] 670697K->96393K(2040320K), 0.0152587 secs] [Times: user=0.13 sys=0.00, real=0.01 secs] 
2020-09-29T17:56:39.845+0200: 32.016: [GC (Allocation Failure) [PSYoungGen: 618277K->56805K(640000K)] 679561K->118969K(2038272K), 0.0265080 secs] [Times: user=0.22 sys=0.00, real=0.03 secs] 
2020-09-29T17:56:39.923+0200: 32.093: [GC (Allocation Failure) [PSYoungGen: 639973K->39365K(636928K)] 702137K->101529K(2035200K), 0.0172479 secs] [Times: user=0.13 sys=0.00, real=0.02 secs] 
2020-09-29T17:56:39.992+0200: 32.163: [GC (Allocation Failure) [PSYoungGen: 617413K->43141K(638464K)] 679577K->105305K(2036736K), 0.0188411 secs] [Times: user=0.13 sys=0.00, real=0.02 secs] 
2020-09-29T17:56:40.061+0200: 32.232: [GC (Allocation Failure) [PSYoungGen: 621189K->32708K(640000K)] 683353K->94872K(2038272K), 0.0157289 secs] [Times: user=0.13 sys=0.00, real=0.02 secs] 
2020-09-29T17:56:40.129+0200: 32.299: [GC (Allocation Failure) [PSYoungGen: 612804K->36804K(638976K)] 674968K->98968K(2037248K), 0.0174078 secs] [Times: user=0.25 sys=0.00, real=0.02 secs] 
2020-09-29T17:56:40.197+0200: 32.368: [GC (Allocation Failure) [PSYoungGen: 616900K->29029K(642048K)] 679064K->91193K(2040320K), 0.0155217 secs] [Times: user=0.09 sys=0.00, real=0.02 secs] 
2020-09-29T17:56:40.266+0200: 32.436: [GC (Allocation Failure) [PSYoungGen: 613733K->39429K(641536K)] 675897K->101593K(2039808K), 0.0183145 secs] [Times: user=0.13 sys=0.00, real=0.02 secs] 
2020-09-29T17:56:40.334+0200: 32.505: [GC (Allocation Failure) [PSYoungGen: 624133K->36165K(644608K)] 686297K->98329K(2042880K), 0.0157623 secs] [Times: user=0.13 sys=0.00, real=0.02 secs] 
2020-09-29T17:56:40.401+0200: 32.571: [GC (Allocation Failure) [PSYoungGen: 624965K->23429K(643072K)] 687129K->85593K(2041344K), 0.0109870 secs] [Times: user=0.08 sys=0.00, real=0.01 secs] 
2020-09-29T17:56:40.462+0200: 32.633: [GC (Allocation Failure) [PSYoungGen: 612229K->38021K(645120K)] 674393K->100185K(2043392K), 0.0174510 secs] [Times: user=0.13 sys=0.00, real=0.02 secs] 
2020-09-29T17:56:40.530+0200: 32.701: [GC (Allocation Failure) [PSYoungGen: 628357K->40357K(644096K)] 690521K->102521K(2042368K), 0.0184267 secs] [Times: user=0.13 sys=0.00, real=0.02 secs] 
2020-09-29T17:56:40.601+0200: 32.771: [GC (Allocation Failure) [PSYoungGen: 630693K->53733K(633856K)] 692857K->118617K(2032128K), 0.0265913 secs] [Times: user=0.11 sys=0.00, real=0.03 secs] 
2020-09-29T17:56:40.678+0200: 32.849: [GC (Allocation Failure) [PSYoungGen: 633829K->48645K(629248K)] 698713K->113529K(2027520K), 0.0211966 secs] [Times: user=0.13 sys=0.00, real=0.03 secs] 
2020-09-29T17:56:40.756+0200: 32.927: [GC (Allocation Failure) [PSYoungGen: 628741K->25892K(636928K)] 693625K->90776K(2035200K), 0.0129937 secs] [Times: user=0.00 sys=0.00, real=0.01 secs] 
2020-09-29T17:56:40.818+0200: 32.989: [GC (Allocation Failure) [PSYoungGen: 601892K->39812K(637440K)] 666776K->104696K(2035712K), 0.0191005 secs] [Times: user=0.13 sys=0.00, real=0.02 secs] 
2020-09-29T17:56:40.887+0200: 33.058: [GC (Allocation Failure) [PSYoungGen: 615812K->41573K(640000K)] 680696K->106457K(2038272K), 0.0184653 secs] [Times: user=0.11 sys=0.00, real=0.02 secs] 
2020-09-29T17:56:40.956+0200: 33.126: [GC (Allocation Failure) [PSYoungGen: 622181K->47941K(628736K)] 687065K->112825K(2027008K), 0.0202708 secs] [Times: user=0.25 sys=0.00, real=0.02 secs] 
2020-09-29T17:56:41.026+0200: 33.197: [GC (Allocation Failure) [PSYoungGen: 628549K->54277K(631808K)] 693433K->119161K(2030080K), 0.0229840 secs] [Times: user=0.13 sys=0.00, real=0.02 secs] 
2020-09-29T17:56:41.098+0200: 33.269: [GC (Allocation Failure) [PSYoungGen: 626181K->38245K(635392K)] 691065K->103129K(2033664K), 0.0167730 secs] [Times: user=0.13 sys=0.00, real=0.02 secs] 
2020-09-29T17:56:41.164+0200: 33.335: [GC (Allocation Failure) [PSYoungGen: 610149K->33957K(637952K)] 675033K->98841K(2036224K), 0.0156015 secs] [Times: user=0.13 sys=0.00, real=0.01 secs] 
2020-09-29T17:56:41.235+0200: 33.406: [GC (Allocation Failure) [PSYoungGen: 609957K->35236K(636928K)] 674841K->100120K(2035200K), 0.0164393 secs] [Times: user=0.13 sys=0.00, real=0.02 secs] 
2020-09-29T17:56:41.301+0200: 33.472: [GC (Allocation Failure) [PSYoungGen: 611236K->36965K(641024K)] 676120K->101849K(2039296K), 0.0161965 secs] [Times: user=0.13 sys=0.00, real=0.02 secs] 
2020-09-29T17:56:41.367+0200: 33.538: [GC (Allocation Failure) [PSYoungGen: 618597K->30532K(639488K)] 683481K->95416K(2037760K), 0.0144212 secs] [Times: user=0.13 sys=0.00, real=0.01 secs] 
2020-09-29T17:56:41.432+0200: 33.603: [GC (Allocation Failure) [PSYoungGen: 612164K->23844K(640000K)] 677048K->88728K(2038272K), 0.0114829 secs] [Times: user=0.13 sys=0.00, real=0.01 secs] 
2020-09-29T17:56:41.496+0200: 33.667: [GC (Allocation Failure) [PSYoungGen: 605988K->29956K(640512K)] 670872K->94840K(2038784K), 0.0158054 secs] [Times: user=0.13 sys=0.00, real=0.02 secs] 
2020-09-29T17:56:41.562+0200: 33.733: [GC (Allocation Failure) [PSYoungGen: 612100K->51525K(634368K)] 676984K->116409K(2032640K), 0.0258207 secs] [Times: user=0.22 sys=0.00, real=0.03 secs] 
2020-09-29T17:56:41.640+0200: 33.811: [GC (Allocation Failure) [PSYoungGen: 628549K->26820K(637952K)] 693433K->91704K(2036224K), 0.0142125 secs] [Times: user=0.11 sys=0.00, real=0.01 secs] 
2020-09-29T17:56:41.708+0200: 33.879: [GC (Allocation Failure) [PSYoungGen: 603844K->29476K(639488K)] 668728K->94360K(2037760K), 0.0144536 secs] [Times: user=0.03 sys=0.03, real=0.02 secs] 
2020-09-29T17:56:41.774+0200: 33.945: [GC (Allocation Failure) [PSYoungGen: 608548K->34244K(638464K)] 673432K->99128K(2036736K), 0.0176679 secs] [Times: user=0.13 sys=0.00, real=0.02 secs] 
2020-09-29T17:56:41.841+0200: 34.012: [GC (Allocation Failure) [PSYoungGen: 613316K->37796K(643072K)] 678200K->102680K(2041344K), 0.0188965 secs] [Times: user=0.13 sys=0.00, real=0.02 secs] 
2020-09-29T17:56:41.910+0200: 34.081: [GC (Allocation Failure) [PSYoungGen: 623524K->49221K(635392K)] 688408K->114105K(2033664K), 0.0253307 secs] [Times: user=0.22 sys=0.00, real=0.03 secs] 
2020-09-29T17:56:41.987+0200: 34.158: [GC (Allocation Failure) [PSYoungGen: 634949K->32100K(641024K)] 699833K->96984K(2039296K), 0.0163658 secs] [Times: user=0.14 sys=0.00, real=0.02 secs] 
2020-09-29T17:56:42.053+0200: 34.224: [GC (Allocation Failure) [PSYoungGen: 614244K->39876K(640000K)] 679128K->104760K(2038272K), 0.0195153 secs] [Times: user=0.13 sys=0.00, real=0.03 secs] 
2020-09-29T17:56:42.147+0200: 34.317: [GC (Allocation Failure) [PSYoungGen: 622020K->34181K(643584K)] 686904K->99065K(2041856K), 0.0155942 secs] [Times: user=0.13 sys=0.00, real=0.01 secs] 
2020-09-29T17:56:42.217+0200: 34.387: [GC (Allocation Failure) [PSYoungGen: 620933K->46725K(633856K)] 685817K->111609K(2032128K), 0.0217836 secs] [Times: user=0.11 sys=0.00, real=0.02 secs] 
2020-09-29T17:56:42.292+0200: 34.462: [GC (Allocation Failure) [PSYoungGen: 633477K->44612K(640512K)] 698361K->109496K(2038784K), 0.0218051 secs] [Times: user=0.13 sys=0.00, real=0.02 secs] 
2020-09-29T17:56:42.363+0200: 34.534: [GC (Allocation Failure) [PSYoungGen: 627780K->23427K(606720K)] 692664K->88311K(2004992K), 0.0130540 secs] [Times: user=0.13 sys=0.00, real=0.01 secs] 
2020-09-29T17:56:42.429+0200: 34.600: [GC (Allocation Failure) [PSYoungGen: 606595K->31812K(641536K)] 671479K->96696K(2039808K), 0.0164893 secs] [Times: user=0.13 sys=0.00, real=0.02 secs] 
2020-09-29T17:56:42.497+0200: 34.668: [GC (Allocation Failure) [PSYoungGen: 614980K->40709K(640512K)] 679864K->105593K(2038784K), 0.0199117 secs] [Times: user=0.13 sys=0.00, real=0.02 secs] 
2020-09-29T17:56:42.568+0200: 34.738: [GC (Allocation Failure) [PSYoungGen: 623877K->49701K(636928K)] 688761K->114585K(2035200K), 0.0224877 secs] [Times: user=0.13 sys=0.00, real=0.02 secs] 
2020-09-29T17:56:42.643+0200: 34.813: [GC (Allocation Failure) [PSYoungGen: 629797K->27140K(639488K)] 694681K->92024K(2037760K), 0.0153159 secs] [Times: user=0.11 sys=0.00, real=0.02 secs] 
2020-09-29T17:56:42.709+0200: 34.879: [GC (Allocation Failure) [PSYoungGen: 607236K->32612K(641024K)] 672120K->97496K(2039296K), 0.0164778 secs] [Times: user=0.13 sys=0.00, real=0.02 secs] 
2020-09-29T17:56:42.779+0200: 34.949: [GC (Allocation Failure) [PSYoungGen: 614244K->40005K(639488K)] 679128K->104889K(2037760K), 0.0191517 secs] [Times: user=0.13 sys=0.00, real=0.02 secs] 
2020-09-29T17:56:42.857+0200: 35.028: [GC (Allocation Failure) [PSYoungGen: 621637K->19107K(640000K)] 686521K->83991K(2038272K), 0.0134234 secs] [Times: user=0.08 sys=0.00, real=0.01 secs] 
2020-09-29T17:56:42.935+0200: 35.106: [GC (Allocation Failure) [PSYoungGen: 602275K->26692K(641024K)] 667159K->91576K(2039296K), 0.0145227 secs] [Times: user=0.11 sys=0.00, real=0.02 secs] 
2020-09-29T17:56:43.014+0200: 35.184: [GC (Allocation Failure) [PSYoungGen: 609860K->35044K(643584K)] 674744K->99928K(2041856K), 0.0195170 secs] [Times: user=0.11 sys=0.00, real=0.02 secs] 
2020-09-29T17:56:43.094+0200: 35.265: [GC (Allocation Failure) [PSYoungGen: 621284K->31876K(641536K)] 686168K->96760K(2039808K), 0.0189164 secs] [Times: user=0.09 sys=0.00, real=0.02 secs] 
2020-09-29T17:56:43.168+0200: 35.338: [GC (Allocation Failure) [PSYoungGen: 618116K->28676K(646144K)] 683000K->93560K(2044416K), 0.0168916 secs] [Times: user=0.13 sys=0.00, real=0.02 secs] 
2020-09-29T17:56:43.243+0200: 35.414: [GC (Allocation Failure) [PSYoungGen: 621060K->46757K(639488K)] 685944K->111641K(2037760K), 0.0253204 secs] [Times: user=0.11 sys=0.00, real=0.02 secs] 
2020-09-29T17:56:43.326+0200: 35.497: [GC (Allocation Failure) [PSYoungGen: 639141K->23652K(643584K)] 704025K->88536K(2041856K), 0.0118315 secs] [Times: user=0.13 sys=0.00, real=0.01 secs] 
2020-09-29T17:56:43.393+0200: 35.564: [GC (Allocation Failure) [PSYoungGen: 611428K->48836K(636928K)] 676312K->113720K(2035200K), 0.0246442 secs] [Times: user=0.23 sys=0.00, real=0.03 secs] 
2020-09-29T17:56:43.471+0200: 35.642: [GC (Allocation Failure) [PSYoungGen: 636612K->34949K(642048K)] 701496K->99833K(2040320K), 0.0176105 secs] [Times: user=0.11 sys=0.00, real=0.02 secs] 
2020-09-29T17:56:43.544+0200: 35.715: [GC (Allocation Failure) [PSYoungGen: 618117K->43909K(640000K)] 683001K->108793K(2038272K), 0.0211873 secs] [Times: user=0.11 sys=0.00, real=0.02 secs] 
2020-09-29T17:56:43.622+0200: 35.792: [GC (Allocation Failure) [PSYoungGen: 627077K->39141K(642048K)] 691961K->104025K(2040320K), 0.0205244 secs] [Times: user=0.11 sys=0.00, real=0.02 secs] 
2020-09-29T17:56:43.701+0200: 35.871: [GC (Allocation Failure) [PSYoungGen: 623333K->33956K(641024K)] 688217K->98840K(2039296K), 0.0180955 secs] [Times: user=0.13 sys=0.00, real=0.02 secs] 
2020-09-29T17:56:43.772+0200: 35.943: [GC (Allocation Failure) [PSYoungGen: 618148K->43428K(642560K)] 683032K->108312K(2040832K), 0.0207877 secs] [Times: user=0.13 sys=0.00, real=0.02 secs] 
2020-09-29T17:56:43.846+0200: 36.017: [GC (Allocation Failure) [PSYoungGen: 630692K->40933K(643072K)] 695576K->105817K(2041344K), 0.0200639 secs] [Times: user=0.25 sys=0.00, real=0.02 secs] 
2020-09-29T17:56:43.921+0200: 36.092: [GC (Allocation Failure) [PSYoungGen: 628197K->40293K(644096K)] 693081K->105177K(2042368K), 0.0189803 secs] [Times: user=0.13 sys=0.00, real=0.02 secs] 
2020-09-29T17:56:43.993+0200: 36.163: [GC (Allocation Failure) [PSYoungGen: 629093K->25699K(643584K)] 693977K->90583K(2041856K), 0.0139041 secs] [Times: user=0.13 sys=0.00, real=0.01 secs] 
2020-09-29T17:56:44.061+0200: 36.232: [GC (Allocation Failure) [PSYoungGen: 614499K->40325K(644096K)] 679383K->105209K(2042368K), 0.0195458 secs] [Times: user=0.11 sys=0.00, real=0.02 secs] 
2020-09-29T17:56:44.138+0200: 36.309: [GC (Allocation Failure) [PSYoungGen: 629125K->40036K(643584K)] 694009K->104920K(2041856K), 0.0225148 secs] [Times: user=0.22 sys=0.00, real=0.02 secs] 
2020-09-29T17:56:44.219+0200: 36.390: [GC (Allocation Failure) [PSYoungGen: 628836K->40324K(645120K)] 693720K->105208K(2043392K), 0.0239576 secs] [Times: user=0.22 sys=0.00, real=0.02 secs] 
2020-09-29T17:56:44.300+0200: 36.471: [GC (Allocation Failure) [PSYoungGen: 631172K->53733K(644608K)] 696056K->121769K(2042880K), 0.0275160 secs] [Times: user=0.23 sys=0.00, real=0.03 secs] 
2020-09-29T17:56:44.378+0200: 36.549: [GC (Allocation Failure) [PSYoungGen: 644581K->32292K(636416K)] 712617K->100328K(2034688K), 0.0164237 secs] [Times: user=0.14 sys=0.02, real=0.02 secs] 
2020-09-29T17:56:44.447+0200: 36.618: [GC (Allocation Failure) [PSYoungGen: 614436K->24932K(607232K)] 682472K->92968K(2005504K), 0.0131878 secs] [Times: user=0.13 sys=0.00, real=0.01 secs] 
2020-09-29T17:56:44.511+0200: 36.682: [GC (Allocation Failure) [PSYoungGen: 607076K->32869K(641536K)] 675112K->100905K(2039808K), 0.0151977 secs] [Times: user=0.13 sys=0.00, real=0.02 secs] 
2020-09-29T17:56:44.577+0200: 36.748: [GC (Allocation Failure) [PSYoungGen: 615525K->40580K(640000K)] 683561K->108616K(2038272K), 0.0216870 secs] [Times: user=0.22 sys=0.00, real=0.02 secs] 
2020-09-29T17:56:44.651+0200: 36.821: [GC (Allocation Failure) [PSYoungGen: 623236K->34692K(643584K)] 691272K->102728K(2041856K), 0.0178691 secs] [Times: user=0.13 sys=0.00, real=0.02 secs] 
2020-09-29T17:56:44.721+0200: 36.892: [GC (Allocation Failure) [PSYoungGen: 621444K->47237K(634368K)] 689480K->115273K(2032640K), 0.0217783 secs] [Times: user=0.25 sys=0.00, real=0.02 secs] 
2020-09-29T17:56:44.794+0200: 36.965: [GC (Allocation Failure) [PSYoungGen: 633989K->32389K(642560K)] 702025K->100425K(2040832K), 0.0165386 secs] [Times: user=0.13 sys=0.00, real=0.02 secs] 
2020-09-29T17:56:44.872+0200: 37.043: [GC (Allocation Failure) [PSYoungGen: 617605K->14212K(599552K)] 685641K->82248K(1997824K), 0.0070147 secs] [Times: user=0.13 sys=0.00, real=0.01 secs] 
2020-09-29T17:56:44.932+0200: 37.103: [GC (Allocation Failure) [PSYoungGen: 599428K->38949K(641536K)] 667464K->106985K(2039808K), 0.0193743 secs] [Times: user=0.13 sys=0.00, real=0.02 secs] 
2020-09-29T17:56:45.002+0200: 37.173: [GC (Allocation Failure) [PSYoungGen: 622117K->47813K(631296K)] 690153K->115849K(2029568K), 0.0225466 secs] [Times: user=0.25 sys=0.00, real=0.02 secs] 
2020-09-29T17:56:45.077+0200: 37.248: [GC (Allocation Failure) [PSYoungGen: 630981K->29445K(640000K)] 699017K->97481K(2038272K), 0.0132895 secs] [Times: user=0.13 sys=0.00, real=0.01 secs] 
2020-09-29T17:56:45.141+0200: 37.312: [GC (Allocation Failure) [PSYoungGen: 609541K->35301K(638976K)] 677577K->103337K(2037248K), 0.0170756 secs] [Times: user=0.13 sys=0.00, real=0.02 secs] 
2020-09-29T17:56:45.213+0200: 37.384: [GC (Allocation Failure) [PSYoungGen: 615397K->54917K(631808K)] 683433K->122953K(2030080K), 0.0264214 secs] [Times: user=0.20 sys=0.00, real=0.03 secs] 
2020-09-29T17:56:45.289+0200: 37.460: [GC (Allocation Failure) [PSYoungGen: 629893K->27172K(636928K)] 697929K->95208K(2035200K), 0.0140821 secs] [Times: user=0.13 sys=0.00, real=0.01 secs] 
2020-09-29T17:56:45.353+0200: 37.524: [GC (Allocation Failure) [PSYoungGen: 602148K->25667K(638464K)] 670184K->93703K(2036736K), 0.0139157 secs] [Times: user=0.13 sys=0.00, real=0.01 secs] 
2020-09-29T17:56:45.416+0200: 37.587: [GC (Allocation Failure) [PSYoungGen: 603203K->42597K(637952K)] 671239K->110633K(2036224K), 0.0211198 secs] [Times: user=0.08 sys=0.00, real=0.02 secs] 
2020-09-29T17:56:45.489+0200: 37.660: [GC (Allocation Failure) [PSYoungGen: 620133K->30020K(639488K)] 688169K->98056K(2037760K), 0.0158831 secs] [Times: user=0.13 sys=0.00, real=0.02 secs] 
2020-09-29T17:56:45.555+0200: 37.726: [GC (Allocation Failure) [PSYoungGen: 608580K->48005K(626688K)] 676616K->116041K(2024960K), 0.0222833 secs] [Times: user=0.13 sys=0.00, real=0.02 secs] 
2020-09-29T17:56:45.630+0200: 37.801: [GC (Allocation Failure) [PSYoungGen: 626565K->37284K(639488K)] 694601K->105320K(2037760K), 0.0207935 secs] [Times: user=0.11 sys=0.00, real=0.02 secs] 
2020-09-29T17:56:45.702+0200: 37.873: [GC (Allocation Failure) [PSYoungGen: 615332K->41093K(637440K)] 683368K->109129K(2035712K), 0.0200129 secs] [Times: user=0.13 sys=0.00, real=0.02 secs] 
2020-09-29T17:56:45.771+0200: 37.942: [GC (Allocation Failure) [PSYoungGen: 619141K->29381K(641024K)] 687177K->97417K(2039296K), 0.0142044 secs] [Times: user=0.00 sys=0.00, real=0.01 secs] 
2020-09-29T17:56:45.835+0200: 38.006: [GC (Allocation Failure) [PSYoungGen: 612037K->37092K(640512K)] 680073K->105128K(2038784K), 0.0186166 secs] [Times: user=0.13 sys=0.00, real=0.02 secs] 
2020-09-29T17:56:45.904+0200: 38.075: [GC (Allocation Failure) [PSYoungGen: 619748K->45573K(640000K)] 687784K->113609K(2038272K), 0.0216951 secs] [Times: user=0.13 sys=0.00, real=0.02 secs] 
2020-09-29T17:56:45.976+0200: 38.147: [GC (Allocation Failure) [PSYoungGen: 629765K->28197K(641536K)] 697801K->96233K(2039808K), 0.0128480 secs] [Times: user=0.02 sys=0.00, real=0.01 secs] 
2020-09-29T17:56:46.044+0200: 38.215: [GC (Allocation Failure) [PSYoungGen: 612389K->23652K(641024K)] 680425K->91688K(2039296K), 0.0125969 secs] [Times: user=0.13 sys=0.00, real=0.01 secs] 
2020-09-29T17:56:46.108+0200: 38.279: [GC (Allocation Failure) [PSYoungGen: 607844K->33573K(641536K)] 675880K->101609K(2039808K), 0.0157285 secs] [Times: user=0.13 sys=0.00, real=0.02 secs] 
2020-09-29T17:56:46.177+0200: 38.348: [GC (Allocation Failure) [PSYoungGen: 617765K->43557K(641536K)] 685801K->111593K(2039808K), 0.0227427 secs] [Times: user=0.11 sys=0.00, real=0.02 secs] 
2020-09-29T17:56:46.252+0200: 38.423: [GC (Allocation Failure) [PSYoungGen: 629797K->41893K(628224K)] 697833K->109929K(2026496K), 0.0207268 secs] [Times: user=0.25 sys=0.00, real=0.02 secs] 
2020-09-29T17:56:46.323+0200: 38.494: [GC (Allocation Failure) [PSYoungGen: 628133K->26308K(642560K)] 696169K->94344K(2040832K), 0.0132108 secs] [Times: user=0.13 sys=0.00, real=0.01 secs] 
2020-09-29T17:56:46.394+0200: 38.565: [GC (Allocation Failure) [PSYoungGen: 612036K->23812K(642048K)] 680072K->91848K(2040320K), 0.0120975 secs] [Times: user=0.13 sys=0.00, real=0.01 secs] 
2020-09-29T17:56:46.459+0200: 38.630: [GC (Allocation Failure) [PSYoungGen: 609540K->34756K(644608K)] 677576K->102792K(2042880K), 0.0133065 secs] [Times: user=0.00 sys=0.00, real=0.01 secs] 
2020-09-29T17:56:46.525+0200: 38.696: [GC (Allocation Failure) [PSYoungGen: 623044K->31588K(642560K)] 691080K->99624K(2040832K), 0.0120625 secs] [Times: user=0.13 sys=0.00, real=0.01 secs] 
2020-09-29T17:56:46.588+0200: 38.760: [GC (Allocation Failure) [PSYoungGen: 619876K->43428K(643072K)] 687912K->111464K(2041344K), 0.0173144 secs] [Times: user=0.11 sys=0.00, real=0.02 secs] 
2020-09-29T17:56:46.658+0200: 38.829: [GC (Allocation Failure) [PSYoungGen: 633764K->32133K(644608K)] 701800K->100169K(2042880K), 0.0118917 secs] [Times: user=0.13 sys=0.00, real=0.01 secs] 
2020-09-29T17:56:46.720+0200: 38.892: [GC (Allocation Failure) [PSYoungGen: 622469K->48229K(638976K)] 690505K->116265K(2037248K), 0.0162581 secs] [Times: user=0.13 sys=0.00, real=0.02 secs] 
2020-09-29T17:56:46.787+0200: 38.958: [GC (Allocation Failure) [PSYoungGen: 634469K->46629K(633344K)] 702505K->114665K(2031616K), 0.0159141 secs] [Times: user=0.13 sys=0.00, real=0.02 secs] 
2020-09-29T17:56:46.853+0200: 39.025: [GC (Allocation Failure) [PSYoungGen: 632869K->29284K(641536K)] 700905K->97320K(2039808K), 0.0113883 secs] [Times: user=0.13 sys=0.00, real=0.01 secs] 
2020-09-29T17:56:46.918+0200: 39.089: [GC (Allocation Failure) [PSYoungGen: 612964K->37956K(641024K)] 681000K->105992K(2039296K), 0.0139177 secs] [Times: user=0.13 sys=0.00, real=0.01 secs] 
2020-09-29T17:56:46.982+0200: 39.153: [GC (Allocation Failure) [PSYoungGen: 621636K->47397K(638976K)] 689672K->115433K(2037248K), 0.0160190 secs] [Times: user=0.13 sys=0.00, real=0.02 secs] 
2020-09-29T17:56:47.048+0200: 39.219: [GC (Allocation Failure) [PSYoungGen: 630565K->40996K(641024K)] 698601K->109032K(2039296K), 0.0150276 secs] [Times: user=0.13 sys=0.00, real=0.01 secs] 
2020-09-29T17:56:47.115+0200: 39.286: [GC (Allocation Failure) [PSYoungGen: 624164K->19811K(639488K)] 692200K->87847K(2037760K), 0.0091668 secs] [Times: user=0.00 sys=0.00, real=0.01 secs] 
2020-09-29T17:56:47.175+0200: 39.347: [GC (Allocation Failure) [PSYoungGen: 601955K->25508K(640512K)] 669991K->93544K(2038784K), 0.0117887 secs] [Times: user=0.05 sys=0.02, real=0.01 secs] 
2020-09-29T17:56:47.241+0200: 39.411: [GC (Allocation Failure) [PSYoungGen: 607652K->33092K(642560K)] 675688K->101128K(2040832K), 0.0125166 secs] [Times: user=0.00 sys=0.00, real=0.01 secs] 
2020-09-29T17:56:47.314+0200: 39.485: [GC (Allocation Failure) [PSYoungGen: 617796K->28132K(641024K)] 685832K->96168K(2039296K), 0.0108972 secs] [Times: user=0.13 sys=0.00, real=0.01 secs] 
2020-09-29T17:56:47.378+0200: 39.548: [GC (Allocation Failure) [PSYoungGen: 612836K->24613K(644096K)] 680872K->92649K(2042368K), 0.0098711 secs] [Times: user=0.09 sys=0.00, real=0.01 secs] 
2020-09-29T17:56:47.445+0200: 39.616: [GC (Allocation Failure) [PSYoungGen: 613413K->23971K(643584K)] 681449K->92007K(2041856K), 0.0125745 secs] [Times: user=0.11 sys=0.00, real=0.01 secs] 
2020-09-29T17:56:47.520+0200: 39.691: [GC (Allocation Failure) [PSYoungGen: 612771K->38533K(644608K)] 680807K->106569K(2042880K), 0.0150859 secs] [Times: user=0.11 sys=0.00, real=0.02 secs] 
2020-09-29T17:56:47.597+0200: 39.768: [GC (Allocation Failure) [PSYoungGen: 628869K->26821K(644608K)] 696905K->94857K(2042880K), 0.0099802 secs] [Times: user=0.11 sys=0.00, real=0.01 secs] 
2020-09-29T17:56:47.659+0200: 39.830: [GC (Allocation Failure) [PSYoungGen: 617157K->42981K(641536K)] 685193K->111017K(2039808K), 0.0160288 secs] [Times: user=0.13 sys=0.00, real=0.02 secs] 
2020-09-29T17:56:47.726+0200: 39.896: [GC (Allocation Failure) [PSYoungGen: 631269K->28644K(643584K)] 699305K->96680K(2041856K), 0.0112530 secs] [Times: user=0.00 sys=0.00, real=0.01 secs] 
2020-09-29T17:56:47.787+0200: 39.958: [GC (Allocation Failure) [PSYoungGen: 616932K->28965K(646656K)] 684968K->97001K(2044928K), 0.0097308 secs] [Times: user=0.00 sys=0.00, real=0.01 secs] 
2020-09-29T17:56:47.850+0200: 40.020: [GC (Allocation Failure) [PSYoungGen: 621861K->33124K(645120K)] 689897K->101160K(2043392K), 0.0125009 secs] [Times: user=0.00 sys=0.00, real=0.01 secs] 
2020-09-29T17:56:47.914+0200: 40.084: [GC (Allocation Failure) [PSYoungGen: 626020K->23107K(648192K)] 694056K->91143K(2046464K), 0.0101003 secs] [Times: user=0.00 sys=0.00, real=0.01 secs] 
2020-09-29T17:56:47.976+0200: 40.146: [GC (Allocation Failure) [PSYoungGen: 620611K->42980K(640512K)] 688647K->111016K(2038784K), 0.0164731 secs] [Times: user=0.13 sys=0.00, real=0.02 secs] 
2020-09-29T17:56:48.044+0200: 40.215: [GC (Allocation Failure) [PSYoungGen: 640484K->24260K(646656K)] 708520K->92296K(2044928K), 0.0093331 secs] [Times: user=0.13 sys=0.00, real=0.01 secs] 
2020-09-29T17:56:48.106+0200: 40.276: [GC (Allocation Failure) [PSYoungGen: 618180K->43717K(637952K)] 686216K->111753K(2036224K), 0.0148953 secs] [Times: user=0.13 sys=0.00, real=0.02 secs] 
2020-09-29T17:56:48.174+0200: 40.345: [GC (Allocation Failure) [PSYoungGen: 637637K->36005K(645120K)] 705673K->104041K(2043392K), 0.0135037 secs] [Times: user=0.13 sys=0.00, real=0.01 secs] 
2020-09-29T17:56:48.243+0200: 40.413: [GC (Allocation Failure) [PSYoungGen: 626341K->38372K(644096K)] 694377K->106408K(2042368K), 0.0141479 secs] [Times: user=0.13 sys=0.00, real=0.01 secs] 
2020-09-29T17:56:48.309+0200: 40.479: [GC (Allocation Failure) [PSYoungGen: 628708K->40805K(643584K)] 696744K->108841K(2041856K), 0.0146340 secs] [Times: user=0.13 sys=0.00, real=0.01 secs] 
2020-09-29T17:56:48.376+0200: 40.547: [GC (Allocation Failure) [PSYoungGen: 631141K->43269K(633856K)] 699177K->111305K(2032128K), 0.0145549 secs] [Times: user=0.13 sys=0.00, real=0.02 secs] 
2020-09-29T17:56:48.443+0200: 40.613: [GC (Allocation Failure) [PSYoungGen: 633605K->32037K(645120K)] 701641K->100073K(2043392K), 0.0110128 secs] [Times: user=0.00 sys=0.00, real=0.01 secs] 
2020-09-29T17:56:48.505+0200: 40.676: [GC (Allocation Failure) [PSYoungGen: 621861K->47172K(637440K)] 689897K->115208K(2035712K), 0.0172567 secs] [Times: user=0.13 sys=0.00, real=0.02 secs] 
2020-09-29T17:56:48.573+0200: 40.744: [GC (Allocation Failure) [PSYoungGen: 636996K->35109K(644096K)] 705032K->103145K(2042368K), 0.0133818 secs] [Times: user=0.11 sys=0.00, real=0.01 secs] 
2020-09-29T17:56:48.642+0200: 40.813: [GC (Allocation Failure) [PSYoungGen: 622885K->34981K(642560K)] 690921K->103017K(2040832K), 0.0131874 secs] [Times: user=0.13 sys=0.00, real=0.01 secs] 
2020-09-29T17:56:48.706+0200: 40.877: [GC (Allocation Failure) [PSYoungGen: 622757K->34084K(647168K)] 690793K->102120K(2045440K), 0.0123119 secs] [Times: user=0.13 sys=0.00, real=0.01 secs] 
2020-09-29T17:56:48.769+0200: 40.940: [GC (Allocation Failure) [PSYoungGen: 628004K->40133K(645632K)] 696040K->108169K(2043904K), 0.0139551 secs] [Times: user=0.13 sys=0.00, real=0.01 secs] 
2020-09-29T17:56:48.835+0200: 41.005: [GC (Allocation Failure) [PSYoungGen: 634053K->15651K(643072K)] 702089K->83687K(2041344K), 0.0074168 secs] [Times: user=0.00 sys=0.00, real=0.01 secs] 
2020-09-29T17:56:48.892+0200: 41.063: [GC (Allocation Failure) [PSYoungGen: 607011K->32644K(645120K)] 675047K->100680K(2043392K), 0.0116183 secs] [Times: user=0.13 sys=0.00, real=0.01 secs] 
2020-09-29T17:56:48.955+0200: 41.125: [GC (Allocation Failure) [PSYoungGen: 624004K->35396K(648192K)] 692040K->103432K(2046464K), 0.0131353 secs] [Times: user=0.13 sys=0.00, real=0.01 secs] 
2020-09-29T17:56:49.019+0200: 41.190: [GC (Allocation Failure) [PSYoungGen: 631364K->43493K(639488K)] 699400K->111529K(2037760K), 0.0149356 secs] [Times: user=0.02 sys=0.00, real=0.01 secs] 
2020-09-29T17:56:49.090+0200: 41.261: [GC (Allocation Failure) [PSYoungGen: 639461K->37829K(647168K)] 707497K->105865K(2045440K), 0.0133642 secs] [Times: user=0.13 sys=0.00, real=0.01 secs] 
2020-09-29T17:56:49.163+0200: 41.333: [GC (Allocation Failure) [PSYoungGen: 632261K->30757K(646144K)] 700297K->98793K(2044416K), 0.0142486 secs] [Times: user=0.09 sys=0.00, real=0.01 secs] 
2020-09-29T17:56:49.241+0200: 41.412: [GC (Allocation Failure) [PSYoungGen: 625189K->37093K(648704K)] 693225K->105129K(2046976K), 0.0158896 secs] [Times: user=0.11 sys=0.00, real=0.02 secs] 
2020-09-29T17:56:49.313+0200: 41.483: [GC (Allocation Failure) [PSYoungGen: 634597K->17476K(615424K)] 702633K->85512K(2013696K), 0.0063083 secs] [Times: user=0.13 sys=0.00, real=0.01 secs] 
2020-09-29T17:56:49.373+0200: 41.544: [GC (Allocation Failure) [PSYoungGen: 614980K->27076K(647680K)] 683016K->95112K(2045952K), 0.0100495 secs] [Times: user=0.13 sys=0.00, real=0.01 secs] 
2020-09-29T17:56:49.436+0200: 41.606: [GC (Allocation Failure) [PSYoungGen: 623044K->48805K(645120K)] 691080K->116841K(2043392K), 0.0174492 secs] [Times: user=0.13 sys=0.00, real=0.02 secs] 
2020-09-29T17:56:49.505+0200: 41.676: [GC (Allocation Failure) [PSYoungGen: 644773K->43109K(640000K)] 712809K->111145K(2038272K), 0.0156003 secs] [Times: user=0.13 sys=0.00, real=0.02 secs] 
2020-09-29T17:56:49.572+0200: 41.743: [GC (Allocation Failure) [PSYoungGen: 629349K->24771K(642560K)] 697385K->92807K(2040832K), 0.0105256 secs] [Times: user=0.02 sys=0.00, real=0.01 secs] 
2020-09-29T17:56:49.637+0200: 41.807: [GC (Allocation Failure) [PSYoungGen: 611011K->36805K(644096K)] 679047K->104841K(2042368K), 0.0138138 secs] [Times: user=0.13 sys=0.00, real=0.01 secs] 
2020-09-29T17:56:49.701+0200: 41.872: [GC (Allocation Failure) [PSYoungGen: 624581K->22212K(642560K)] 692617K->90248K(2040832K), 0.0084202 secs] [Times: user=0.13 sys=0.00, real=0.01 secs] 
2020-09-29T17:56:49.762+0200: 41.932: [GC (Allocation Failure) [PSYoungGen: 609988K->35781K(645120K)] 678024K->103817K(2043392K), 0.0127097 secs] [Times: user=0.13 sys=0.00, real=0.01 secs] 
2020-09-29T17:56:49.826+0200: 41.997: [GC (Allocation Failure) [PSYoungGen: 626117K->51877K(642560K)] 694153K->119913K(2040832K), 0.0176644 secs] [Times: user=0.13 sys=0.00, real=0.02 secs] 
2020-09-29T17:56:49.894+0200: 42.065: [GC (Allocation Failure) [PSYoungGen: 642213K->40645K(638464K)] 710249K->108681K(2036736K), 0.0134057 secs] [Times: user=0.06 sys=0.00, real=0.01 secs] 
2020-09-29T17:56:49.960+0200: 42.131: [GC (Allocation Failure) [PSYoungGen: 622789K->34885K(640512K)] 690825K->102921K(2038784K), 0.0114908 secs] [Times: user=0.00 sys=0.00, real=0.01 secs] 
2020-09-29T17:56:50.023+0200: 42.193: [GC (Allocation Failure) [PSYoungGen: 617029K->42789K(641536K)] 685065K->110825K(2039808K), 0.0145394 secs] [Times: user=0.13 sys=0.00, real=0.01 secs] 
2020-09-29T17:56:50.088+0200: 42.258: [GC (Allocation Failure) [PSYoungGen: 628005K->40069K(642048K)] 696041K->108105K(2040320K), 0.0132099 secs] [Times: user=0.13 sys=0.00, real=0.01 secs] 
2020-09-29T17:56:50.152+0200: 42.322: [GC (Allocation Failure) [PSYoungGen: 625285K->36483K(644608K)] 693321K->104519K(2042880K), 0.0143166 secs] [Times: user=0.13 sys=0.00, real=0.01 secs] 
2020-09-29T17:56:50.219+0200: 42.390: [GC (Allocation Failure) [PSYoungGen: 624771K->19268K(642560K)] 692807K->87304K(2040832K), 0.0086137 secs] [Times: user=0.13 sys=0.00, real=0.01 secs] 
2020-09-29T17:56:50.280+0200: 42.451: [GC (Allocation Failure) [PSYoungGen: 607556K->47077K(638464K)] 675592K->115113K(2036736K), 0.0162517 secs] [Times: user=0.13 sys=0.00, real=0.02 secs] 
2020-09-29T17:56:50.346+0200: 42.517: [GC (Allocation Failure) [PSYoungGen: 630245K->28613K(641024K)] 698281K->96649K(2039296K), 0.0104965 secs] [Times: user=0.13 sys=0.00, real=0.01 secs] 
2020-09-29T17:56:50.407+0200: 42.578: [GC (Allocation Failure) [PSYoungGen: 611781K->37509K(643072K)] 679817K->105545K(2041344K), 0.0130291 secs] [Times: user=0.13 sys=0.00, real=0.01 secs] 
2020-09-29T17:56:50.470+0200: 42.641: [GC (Allocation Failure) [PSYoungGen: 623237K->18436K(641536K)] 691273K->86472K(2039808K), 0.0073086 secs] [Times: user=0.13 sys=0.00, real=0.01 secs] 
2020-09-29T17:56:50.530+0200: 42.700: [GC (Allocation Failure) [PSYoungGen: 604164K->29924K(643584K)] 672200K->97960K(2041856K), 0.0109296 secs] [Times: user=0.11 sys=0.00, real=0.01 secs] 
2020-09-29T17:56:50.592+0200: 42.763: [GC (Allocation Failure) [PSYoungGen: 616676K->25572K(642048K)] 684712K->93608K(2040320K), 0.0104896 secs] [Times: user=0.11 sys=0.00, real=0.01 secs] 
2020-09-29T17:56:50.655+0200: 42.826: [GC (Allocation Failure) [PSYoungGen: 612324K->22660K(645120K)] 680360K->90696K(2043392K), 0.0086038 secs] [Times: user=0.13 sys=0.00, real=0.01 secs] 
2020-09-29T17:56:50.715+0200: 42.886: [GC (Allocation Failure) [PSYoungGen: 613508K->38437K(644608K)] 681544K->106473K(2042880K), 0.0140616 secs] [Times: user=0.13 sys=0.00, real=0.01 secs] 
2020-09-29T17:56:50.781+0200: 42.951: [GC (Allocation Failure) [PSYoungGen: 629285K->41317K(642560K)] 697321K->109353K(2040832K), 0.0146954 secs] [Times: user=0.13 sys=0.00, real=0.02 secs] 
2020-09-29T17:56:50.846+0200: 43.017: [GC (Allocation Failure) [PSYoungGen: 629605K->39780K(628224K)] 697641K->107816K(2026496K), 0.0145861 secs] [Times: user=0.13 sys=0.00, real=0.02 secs] 
2020-09-29T17:56:50.912+0200: 43.082: [GC (Allocation Failure) [PSYoungGen: 628068K->26020K(644096K)] 696104K->94056K(2042368K), 0.0100538 secs] [Times: user=0.00 sys=0.00, real=0.01 secs] 
2020-09-29T17:56:50.975+0200: 43.145: [GC (Allocation Failure) [PSYoungGen: 614308K->26212K(643072K)] 682344K->94248K(2041344K), 0.0096427 secs] [Times: user=0.00 sys=0.00, real=0.01 secs] 
2020-09-29T17:56:51.035+0200: 43.205: [GC (Allocation Failure) [PSYoungGen: 614500K->25251K(646144K)] 682536K->93287K(2044416K), 0.0105368 secs] [Times: user=0.09 sys=0.00, real=0.01 secs] 
2020-09-29T17:56:51.096+0200: 43.266: [GC (Allocation Failure) [PSYoungGen: 617635K->43333K(635904K)] 685671K->111369K(2034176K), 0.0148535 secs] [Times: user=0.13 sys=0.00, real=0.01 secs] 
2020-09-29T17:56:51.161+0200: 43.332: [GC (Allocation Failure) [PSYoungGen: 635717K->16804K(642560K)] 703753K->84840K(2040832K), 0.0068772 secs] [Times: user=0.00 sys=0.00, real=0.01 secs] 
2020-09-29T17:56:51.222+0200: 43.393: [GC (Allocation Failure) [PSYoungGen: 604068K->55781K(643072K)] 672104K->125113K(2041344K), 0.0201341 secs] [Times: user=0.25 sys=0.00, real=0.02 secs] 
2020-09-29T17:56:51.295+0200: 43.465: [GC (Allocation Failure) [PSYoungGen: 643045K->29125K(632832K)] 712377K->98457K(2031104K), 0.0099807 secs] [Times: user=0.13 sys=0.00, real=0.01 secs] 
2020-09-29T17:56:51.355+0200: 43.526: [GC (Allocation Failure) [PSYoungGen: 606149K->45605K(623104K)] 675481K->114937K(2021376K), 0.0157896 secs] [Times: user=0.13 sys=0.00, real=0.02 secs] 
2020-09-29T17:56:51.421+0200: 43.591: [GC (Allocation Failure) [PSYoungGen: 622629K->32996K(638976K)] 691961K->102328K(2037248K), 0.0126084 secs] [Times: user=0.13 sys=0.00, real=0.01 secs] 
2020-09-29T17:56:51.483+0200: 43.654: [GC (Allocation Failure) [PSYoungGen: 609508K->35237K(636416K)] 678840K->104569K(2034688K), 0.0124995 secs] [Times: user=0.13 sys=0.00, real=0.01 secs] 
2020-09-29T17:56:51.546+0200: 43.716: [GC (Allocation Failure) [PSYoungGen: 611749K->23557K(641536K)] 681081K->92889K(2039808K), 0.0089317 secs] [Times: user=0.13 sys=0.00, real=0.01 secs] 
2020-09-29T17:56:51.606+0200: 43.777: [GC (Allocation Failure) [PSYoungGen: 607237K->46693K(630784K)] 676569K->116025K(2029056K), 0.0178986 secs] [Times: user=0.11 sys=0.00, real=0.02 secs] 
2020-09-29T17:56:51.674+0200: 43.845: [GC (Allocation Failure) [PSYoungGen: 630373K->26437K(640000K)] 699705K->95769K(2038272K), 0.0098106 secs] [Times: user=0.13 sys=0.00, real=0.01 secs] 
2020-09-29T17:56:51.734+0200: 43.904: [GC (Allocation Failure) [PSYoungGen: 606533K->45957K(626176K)] 675865K->115289K(2024448K), 0.0158837 secs] [Times: user=0.13 sys=0.00, real=0.02 secs] 
2020-09-29T17:56:51.800+0200: 43.970: [GC (Allocation Failure) [PSYoungGen: 626053K->24485K(638976K)] 695385K->93817K(2037248K), 0.0078459 secs] [Times: user=0.13 sys=0.00, real=0.01 secs] 
2020-09-29T17:56:51.858+0200: 44.029: [GC (Allocation Failure) [PSYoungGen: 602533K->42053K(637952K)] 671865K->111385K(2036224K), 0.0149136 secs] [Times: user=0.13 sys=0.00, real=0.01 secs] 
2020-09-29T17:56:51.924+0200: 44.094: [GC (Allocation Failure) [PSYoungGen: 620101K->16739K(637440K)] 689433K->86071K(2035712K), 0.0071249 secs] [Times: user=0.13 sys=0.00, real=0.01 secs] 
2020-09-29T17:56:51.983+0200: 44.154: [GC (Allocation Failure) [PSYoungGen: 593763K->46917K(624128K)] 663095K->116249K(2022400K), 0.0159774 secs] [Times: user=0.13 sys=0.00, real=0.02 secs] 
2020-09-29T17:56:52.049+0200: 44.220: [GC (Allocation Failure) [PSYoungGen: 623941K->21508K(636416K)] 693273K->90840K(2034688K), 0.0087493 secs] [Times: user=0.13 sys=0.00, real=0.01 secs] 
2020-09-29T17:56:52.108+0200: 44.279: [GC (Allocation Failure) [PSYoungGen: 594436K->33861K(635392K)] 663768K->103193K(2033664K), 0.0120902 secs] [Times: user=0.13 sys=0.00, real=0.01 secs] 
2020-09-29T17:56:52.170+0200: 44.340: [GC (Allocation Failure) [PSYoungGen: 606789K->29379K(641024K)] 676121K->98711K(2039296K), 0.0118265 secs] [Times: user=0.13 sys=0.00, real=0.01 secs] 
2020-09-29T17:56:52.234+0200: 44.405: [GC (Allocation Failure) [PSYoungGen: 610499K->36293K(638976K)] 679831K->105625K(2037248K), 0.0128525 secs] [Times: user=0.11 sys=0.00, real=0.01 secs] 
2020-09-29T17:56:52.300+0200: 44.471: [GC (Allocation Failure) [PSYoungGen: 617413K->40868K(641024K)] 686745K->110200K(2039296K), 0.0173816 secs] [Times: user=0.23 sys=0.00, real=0.02 secs] 
2020-09-29T17:56:52.369+0200: 44.540: [GC (Allocation Failure) [PSYoungGen: 625060K->22884K(641536K)] 694392K->92216K(2039808K), 0.0086358 secs] [Times: user=0.00 sys=0.00, real=0.01 secs] 
2020-09-29T17:56:52.428+0200: 44.598: [GC (Allocation Failure) [PSYoungGen: 607076K->17860K(642048K)] 676408K->87192K(2040320K), 0.0067815 secs] [Times: user=0.00 sys=0.00, real=0.01 secs] 
2020-09-29T17:56:52.488+0200: 44.659: [GC (Allocation Failure) [PSYoungGen: 603076K->42468K(627712K)] 672408K->111800K(2025984K), 0.0163509 secs] [Times: user=0.11 sys=0.00, real=0.02 secs] 
2020-09-29T17:56:52.555+0200: 44.725: [GC (Allocation Failure) [PSYoungGen: 627684K->39684K(640000K)] 697016K->109016K(2038272K), 0.0141055 secs] [Times: user=0.13 sys=0.00, real=0.01 secs] 
2020-09-29T17:56:52.620+0200: 44.791: [GC (Allocation Failure) [PSYoungGen: 620804K->17667K(640000K)] 690136K->86999K(2038272K), 0.0077500 secs] [Times: user=0.00 sys=0.00, real=0.01 secs] 
2020-09-29T17:56:52.680+0200: 44.851: [GC (Allocation Failure) [PSYoungGen: 598787K->36900K(641024K)] 668119K->106232K(2039296K), 0.0137501 secs] [Times: user=0.13 sys=0.00, real=0.01 secs] 
2020-09-29T17:56:52.744+0200: 44.915: [GC (Allocation Failure) [PSYoungGen: 619044K->29571K(640000K)] 688376K->98903K(2038272K), 0.0118598 secs] [Times: user=0.13 sys=0.00, real=0.01 secs] 
2020-09-29T17:56:52.806+0200: 44.977: [GC (Allocation Failure) [PSYoungGen: 611715K->51141K(632832K)] 681047K->120473K(2031104K), 0.0168262 secs] [Times: user=0.13 sys=0.00, real=0.02 secs] 
2020-09-29T17:56:52.874+0200: 45.045: [GC (Allocation Failure) [PSYoungGen: 628165K->39588K(637952K)] 697497K->108920K(2036224K), 0.0144136 secs] [Times: user=0.13 sys=0.00, real=0.01 secs] 
2020-09-29T17:56:52.938+0200: 45.109: [GC (Allocation Failure) [PSYoungGen: 616612K->25444K(639488K)] 685944K->94776K(2037760K), 0.0099017 secs] [Times: user=0.13 sys=0.00, real=0.01 secs] 
2020-09-29T17:56:52.999+0200: 45.169: [GC (Allocation Failure) [PSYoungGen: 604516K->43749K(638464K)] 673848K->113081K(2036736K), 0.0152603 secs] [Times: user=0.13 sys=0.00, real=0.01 secs] 
2020-09-29T17:56:53.064+0200: 45.235: [GC (Allocation Failure) [PSYoungGen: 622821K->48581K(633344K)] 692153K->117913K(2031616K), 0.0172800 secs] [Times: user=0.13 sys=0.00, real=0.02 secs] 
2020-09-29T17:56:53.131+0200: 45.302: [GC (Allocation Failure) [PSYoungGen: 621509K->47269K(620544K)] 690841K->116601K(2018816K), 0.0163166 secs] [Times: user=0.13 sys=0.00, real=0.02 secs] 
2020-09-29T17:56:53.198+0200: 45.369: [GC (Allocation Failure) [PSYoungGen: 620197K->45925K(633344K)] 689529K->115257K(2031616K), 0.0212283 secs] [Times: user=0.11 sys=0.00, real=0.02 secs] 
2020-09-29T17:56:53.271+0200: 45.442: [GC (Allocation Failure) [PSYoungGen: 614757K->40453K(633856K)] 684089K->109785K(2032128K), 0.0143078 secs] [Times: user=0.00 sys=0.00, real=0.01 secs] 
2020-09-29T17:56:53.335+0200: 45.506: [GC (Allocation Failure) [PSYoungGen: 609285K->35045K(637440K)] 678617K->104377K(2035712K), 0.0137234 secs] [Times: user=0.13 sys=0.00, real=0.01 secs] 
2020-09-29T17:56:53.398+0200: 45.569: [GC (Allocation Failure) [PSYoungGen: 608997K->34757K(635392K)] 678329K->104089K(2033664K), 0.0124470 secs] [Times: user=0.00 sys=0.00, real=0.01 secs] 
2020-09-29T17:56:53.460+0200: 45.631: [GC (Allocation Failure) [PSYoungGen: 608709K->4513K(632320K)] 678041K->73845K(2030592K), 0.0037180 secs] [Times: user=0.00 sys=0.00, real=0.00 secs] 
2020-09-29T17:56:53.515+0200: 45.686: [GC (Allocation Failure) [PSYoungGen: 577441K->28420K(635904K)] 646773K->97752K(2034176K), 0.0114967 secs] [Times: user=0.13 sys=0.00, real=0.01 secs] 
2020-09-29T17:56:53.581+0200: 45.752: [GC (Allocation Failure) [PSYoungGen: 601348K->40837K(637952K)] 670680K->110169K(2036224K), 0.0189449 secs] [Times: user=0.20 sys=0.00, real=0.02 secs] 
2020-09-29T17:56:53.655+0200: 45.826: [GC (Allocation Failure) [PSYoungGen: 617861K->26659K(637952K)] 687193K->95991K(2036224K), 0.0160473 secs] [Times: user=0.09 sys=0.00, real=0.02 secs] 
2020-09-29T17:56:53.722+0200: 45.893: [GC (Allocation Failure) [PSYoungGen: 603683K->43173K(636928K)] 673015K->112505K(2035200K), 0.0150052 secs] [Times: user=0.13 sys=0.00, real=0.02 secs] 
2020-09-29T17:56:53.787+0200: 45.958: [GC (Allocation Failure) [PSYoungGen: 620197K->45925K(623104K)] 689529K->115257K(2021376K), 0.0155422 secs] [Times: user=0.13 sys=0.00, real=0.02 secs] 
2020-09-29T17:56:53.852+0200: 46.023: [GC (Allocation Failure) [PSYoungGen: 622949K->35077K(638976K)] 692281K->104409K(2037248K), 0.0120299 secs] [Times: user=0.13 sys=0.00, real=0.01 secs] 
2020-09-29T17:56:53.916+0200: 46.087: [GC (Allocation Failure) [PSYoungGen: 611589K->23493K(636416K)] 680921K->92825K(2034688K), 0.0083435 secs] [Times: user=0.00 sys=0.00, real=0.01 secs] 
2020-09-29T17:56:53.975+0200: 46.146: [GC (Allocation Failure) [PSYoungGen: 600005K->39461K(640000K)] 669337K->108793K(2038272K), 0.0134442 secs] [Times: user=0.00 sys=0.00, real=0.01 secs] 
2020-09-29T17:56:54.040+0200: 46.211: [GC (Allocation Failure) [PSYoungGen: 620069K->45829K(626688K)] 689401K->115161K(2024960K), 0.0154961 secs] [Times: user=0.13 sys=0.00, real=0.02 secs] 
2020-09-29T17:56:54.107+0200: 46.278: [GC (Allocation Failure) [PSYoungGen: 626437K->24805K(638976K)] 695769K->94137K(2037248K), 0.0094032 secs] [Times: user=0.11 sys=0.00, real=0.01 secs] 
2020-09-29T17:56:54.172+0200: 46.343: [GC (Allocation Failure) [PSYoungGen: 603365K->26756K(638464K)] 672697K->96088K(2036736K), 0.0098552 secs] [Times: user=0.13 sys=0.00, real=0.01 secs] 
2020-09-29T17:56:54.237+0200: 46.408: [GC (Allocation Failure) [PSYoungGen: 605316K->43684K(637952K)] 674648K->113016K(2036224K), 0.0159991 secs] [Times: user=0.13 sys=0.00, real=0.02 secs] 
2020-09-29T17:56:54.303+0200: 46.474: [GC (Allocation Failure) [PSYoungGen: 622756K->33828K(638976K)] 692088K->103160K(2037248K), 0.0128632 secs] [Times: user=0.00 sys=0.00, real=0.01 secs] 
2020-09-29T17:56:54.366+0200: 46.538: [GC (Allocation Failure) [PSYoungGen: 612900K->24292K(641536K)] 682232K->93624K(2039808K), 0.0110761 secs] [Times: user=0.00 sys=0.00, real=0.01 secs] 
2020-09-29T17:56:54.428+0200: 46.599: [GC (Allocation Failure) [PSYoungGen: 607972K->47301K(631296K)] 677304K->116633K(2029568K), 0.0163752 secs] [Times: user=0.13 sys=0.00, real=0.02 secs] 
2020-09-29T17:56:54.495+0200: 46.666: [GC (Allocation Failure) [PSYoungGen: 630981K->43077K(637952K)] 700313K->112409K(2036224K), 0.0152795 secs] [Times: user=0.13 sys=0.00, real=0.02 secs] 
2020-09-29T17:56:54.560+0200: 46.731: [GC (Allocation Failure) [PSYoungGen: 621125K->33157K(638464K)] 690457K->102489K(2036736K), 0.0122576 secs] [Times: user=0.13 sys=0.00, real=0.01 secs] 
2020-09-29T17:56:54.625+0200: 46.796: [GC (Allocation Failure) [PSYoungGen: 611205K->35876K(642560K)] 680537K->105208K(2040832K), 0.0144720 secs] [Times: user=0.11 sys=0.00, real=0.02 secs] 
2020-09-29T17:56:54.689+0200: 46.861: [GC (Allocation Failure) [PSYoungGen: 620068K->29667K(640512K)] 689400K->98999K(2038784K), 0.0121449 secs] [Times: user=0.13 sys=0.00, real=0.01 secs] 
2020-09-29T17:56:54.752+0200: 46.923: [GC (Allocation Failure) [PSYoungGen: 613859K->25925K(644096K)] 683191K->95257K(2042368K), 0.0090888 secs] [Times: user=0.13 sys=0.00, real=0.01 secs] 
2020-09-29T17:56:54.812+0200: 46.983: [GC (Allocation Failure) [PSYoungGen: 614725K->39716K(643584K)] 684057K->109048K(2041856K), 0.0147233 secs] [Times: user=0.13 sys=0.00, real=0.01 secs] 
2020-09-29T17:56:54.877+0200: 47.048: [GC (Allocation Failure) [PSYoungGen: 628516K->25827K(644608K)] 697848K->95159K(2042880K), 0.0105461 secs] [Times: user=0.13 sys=0.00, real=0.01 secs] 
2020-09-29T17:56:54.938+0200: 47.109: [GC (Allocation Failure) [PSYoungGen: 615651K->8770K(599040K)] 684983K->78102K(1997312K), 0.0048512 secs] [Times: user=0.13 sys=0.00, real=0.01 secs] 
2020-09-29T17:56:54.993+0200: 47.164: [GC (Allocation Failure) [PSYoungGen: 598594K->38117K(642048K)] 667926K->107449K(2040320K), 0.0140087 secs] [Times: user=0.11 sys=0.00, real=0.01 secs] 
2020-09-29T17:56:55.058+0200: 47.229: [GC (Allocation Failure) [PSYoungGen: 623333K->33604K(642048K)] 692665K->102936K(2040320K), 0.0127854 secs] [Times: user=0.13 sys=0.00, real=0.01 secs] 
2020-09-29T17:56:55.122+0200: 47.293: [GC (Allocation Failure) [PSYoungGen: 618820K->29348K(645632K)] 688152K->98680K(2043904K), 0.0110921 secs] [Times: user=0.13 sys=0.00, real=0.01 secs] 
2020-09-29T17:56:55.184+0200: 47.355: [GC (Allocation Failure) [PSYoungGen: 620196K->32229K(644096K)] 689528K->101561K(2042368K), 0.0137670 secs] [Times: user=0.11 sys=0.00, real=0.01 secs] 
2020-09-29T17:56:55.253+0200: 47.424: [GC (Allocation Failure) [PSYoungGen: 623077K->35301K(648704K)] 692409K->104633K(2046976K), 0.0128514 secs] [Times: user=0.13 sys=0.00, real=0.01 secs] 
2020-09-29T17:56:55.317+0200: 47.489: [GC (Allocation Failure) [PSYoungGen: 632805K->31141K(647680K)] 702137K->100473K(2045952K), 0.0108886 secs] [Times: user=0.00 sys=0.00, real=0.01 secs] 
2020-09-29T17:56:55.384+0200: 47.555: [GC (Allocation Failure) [PSYoungGen: 628645K->26244K(650752K)] 697977K->95576K(2049024K), 0.0106081 secs] [Times: user=0.02 sys=0.00, real=0.01 secs] 
2020-09-29T17:56:55.448+0200: 47.619: [GC (Allocation Failure) [PSYoungGen: 628356K->26821K(650240K)] 697688K->96153K(2048512K), 0.0104474 secs] [Times: user=0.13 sys=0.00, real=0.01 secs] 
2020-09-29T17:56:55.511+0200: 47.682: [GC (Allocation Failure) [PSYoungGen: 628933K->26340K(652288K)] 698265K->95672K(2050560K), 0.0098804 secs] [Times: user=0.13 sys=0.00, real=0.01 secs] 
2020-09-29T17:56:55.575+0200: 47.746: [GC (Allocation Failure) [PSYoungGen: 631524K->43557K(649216K)] 700856K->112889K(2047488K), 0.0163631 secs] [Times: user=0.11 sys=0.00, real=0.02 secs] 
2020-09-29T17:56:55.646+0200: 47.817: [GC (Allocation Failure) [PSYoungGen: 648741K->47237K(641024K)] 718073K->116569K(2039296K), 0.0162344 secs] [Times: user=0.13 sys=0.00, real=0.02 secs] 
2020-09-29T17:56:55.712+0200: 47.883: [GC (Allocation Failure) [PSYoungGen: 638597K->22948K(645120K)] 707929K->92280K(2043392K), 0.0135350 secs] [Times: user=0.13 sys=0.00, real=0.01 secs] 
2020-09-29T17:56:55.776+0200: 47.948: [GC (Allocation Failure) [PSYoungGen: 614308K->26245K(646656K)] 683640K->95577K(2044928K), 0.0094033 secs] [Times: user=0.13 sys=0.00, real=0.01 secs] 
2020-09-29T17:56:55.838+0200: 48.009: [GC (Allocation Failure) [PSYoungGen: 619653K->45509K(638976K)] 688985K->114841K(2037248K), 0.0157130 secs] [Times: user=0.13 sys=0.00, real=0.02 secs] 
2020-09-29T17:56:55.906+0200: 48.076: [GC (Allocation Failure) [PSYoungGen: 638917K->37253K(644096K)] 708249K->106585K(2042368K), 0.0129137 secs] [Times: user=0.13 sys=0.00, real=0.01 secs] 
2020-09-29T17:56:55.969+0200: 48.141: [GC (Allocation Failure) [PSYoungGen: 626053K->51877K(641024K)] 695385K->121209K(2039296K), 0.0176312 secs] [Times: user=0.13 sys=0.00, real=0.02 secs] 
2020-09-29T17:56:56.038+0200: 48.209: [GC (Allocation Failure) [PSYoungGen: 640677K->38949K(640000K)] 710009K->108281K(2038272K), 0.0154803 secs] [Times: user=0.13 sys=0.00, real=0.01 secs] 
2020-09-29T17:56:56.104+0200: 48.276: [GC (Allocation Failure) [PSYoungGen: 621093K->46821K(629248K)] 690425K->116153K(2027520K), 0.0160229 secs] [Times: user=0.13 sys=0.00, real=0.02 secs] 
2020-09-29T17:56:56.172+0200: 48.343: [GC (Allocation Failure) [PSYoungGen: 628965K->40580K(639488K)] 698297K->109912K(2037760K), 0.0149981 secs] [Times: user=0.13 sys=0.00, real=0.02 secs] 
2020-09-29T17:56:56.240+0200: 48.411: [GC (Allocation Failure) [PSYoungGen: 619652K->16675K(638464K)] 688984K->86007K(2036736K), 0.0076170 secs] [Times: user=0.00 sys=0.00, real=0.01 secs] 
2020-09-29T17:56:56.299+0200: 48.471: [GC (Allocation Failure) [PSYoungGen: 595747K->33381K(640512K)] 665079K->102713K(2038784K), 0.0122802 secs] [Times: user=0.13 sys=0.00, real=0.01 secs] 
2020-09-29T17:56:56.361+0200: 48.532: [GC (Allocation Failure) [PSYoungGen: 613477K->24035K(638464K)] 682809K->93367K(2036736K), 0.0099579 secs] [Times: user=0.13 sys=0.00, real=0.01 secs] 
2020-09-29T17:56:56.421+0200: 48.593: [GC (Allocation Failure) [PSYoungGen: 604131K->43557K(637952K)] 673463K->112889K(2036224K), 0.0150622 secs] [Times: user=0.13 sys=0.00, real=0.02 secs] 
2020-09-29T17:56:56.488+0200: 48.659: [GC (Allocation Failure) [PSYoungGen: 623653K->35748K(639488K)] 692985K->105080K(2037760K), 0.0129428 secs] [Times: user=0.13 sys=0.00, real=0.01 secs] 
2020-09-29T17:56:56.551+0200: 48.722: [GC (Allocation Failure) [PSYoungGen: 615844K->41637K(641024K)] 685176K->110969K(2039296K), 0.0151802 secs] [Times: user=0.00 sys=0.00, real=0.01 secs] 
2020-09-29T17:56:56.619+0200: 48.790: [GC (Allocation Failure) [PSYoungGen: 625829K->37893K(641536K)] 695161K->107225K(2039808K), 0.0150405 secs] [Times: user=0.11 sys=0.00, real=0.02 secs] 
2020-09-29T17:56:56.684+0200: 48.856: [GC (Allocation Failure) [PSYoungGen: 622085K->34181K(644608K)] 691417K->103513K(2042880K), 0.0122273 secs] [Times: user=0.13 sys=0.00, real=0.01 secs] 
2020-09-29T17:56:56.749+0200: 48.920: [GC (Allocation Failure) [PSYoungGen: 622981K->48741K(637952K)] 692313K->118073K(2036224K), 0.0168576 secs] [Times: user=0.13 sys=0.00, real=0.02 secs] 
2020-09-29T17:56:56.816+0200: 48.987: [GC (Allocation Failure) [PSYoungGen: 637541K->36005K(643584K)] 706873K->105337K(2041856K), 0.0118743 secs] [Times: user=0.11 sys=0.02, real=0.01 secs] 
2020-09-29T17:56:56.878+0200: 49.049: [GC (Allocation Failure) [PSYoungGen: 622245K->34309K(641536K)] 691577K->103641K(2039808K), 0.0120462 secs] [Times: user=0.13 sys=0.00, real=0.01 secs] 
2020-09-29T17:56:56.942+0200: 49.113: [GC (Allocation Failure) [PSYoungGen: 620549K->46309K(641536K)] 689881K->115641K(2039808K), 0.0157102 secs] [Times: user=0.13 sys=0.00, real=0.02 secs] 
2020-09-29T17:56:57.008+0200: 49.179: [GC (Allocation Failure) [PSYoungGen: 633573K->45701K(633344K)] 702905K->115033K(2031616K), 0.0159519 secs] [Times: user=0.13 sys=0.00, real=0.02 secs] 
2020-09-29T17:56:57.076+0200: 49.246: [GC (Allocation Failure) [PSYoungGen: 632965K->31269K(642560K)] 702297K->100601K(2040832K), 0.0113566 secs] [Times: user=0.13 sys=0.00, real=0.01 secs] 
2020-09-29T17:56:57.141+0200: 49.311: [GC (Allocation Failure) [PSYoungGen: 616485K->41156K(641536K)] 685817K->110488K(2039808K), 0.0148321 secs] [Times: user=0.13 sys=0.00, real=0.01 secs] 
2020-09-29T17:56:57.208+0200: 49.379: [GC (Allocation Failure) [PSYoungGen: 626372K->38469K(644608K)] 695704K->107801K(2042880K), 0.0180899 secs] [Times: user=0.11 sys=0.00, real=0.02 secs] 
2020-09-29T17:56:57.278+0200: 49.448: [GC (Allocation Failure) [PSYoungGen: 627269K->39365K(643072K)] 696601K->108697K(2041344K), 0.0138626 secs] [Times: user=0.13 sys=0.00, real=0.01 secs] 
2020-09-29T17:56:57.343+0200: 49.513: [GC (Allocation Failure) [PSYoungGen: 628165K->40068K(646656K)] 697497K->109400K(2044928K), 0.0147312 secs] [Times: user=0.13 sys=0.00, real=0.01 secs] 
2020-09-29T17:56:57.408+0200: 49.579: [GC (Allocation Failure) [PSYoungGen: 633476K->31621K(645632K)] 702808K->100953K(2043904K), 0.0113502 secs] [Times: user=0.13 sys=0.00, real=0.01 secs] 
2020-09-29T17:56:57.472+0200: 49.642: [GC (Allocation Failure) [PSYoungGen: 625029K->37125K(648192K)] 694361K->106457K(2046464K), 0.0153538 secs] [Times: user=0.11 sys=0.00, real=0.02 secs] 
2020-09-29T17:56:57.541+0200: 49.711: [GC (Allocation Failure) [PSYoungGen: 633093K->31589K(646656K)] 702425K->100921K(2044928K), 0.0120500 secs] [Times: user=0.13 sys=0.00, real=0.01 secs] 
2020-09-29T17:56:57.609+0200: 49.779: [GC (Allocation Failure) [PSYoungGen: 627557K->25349K(647168K)] 696889K->94681K(2045440K), 0.0096263 secs] [Times: user=0.11 sys=0.00, real=0.01 secs] 
2020-09-29T17:56:57.675+0200: 49.845: [GC (Allocation Failure) [PSYoungGen: 621829K->47653K(644608K)] 691161K->116985K(2042880K), 0.0164833 secs] [Times: user=0.13 sys=0.00, real=0.02 secs] 
2020-09-29T17:56:57.743+0200: 49.913: [GC (Allocation Failure) [PSYoungGen: 644133K->54245K(634368K)] 713465K->125441K(2032640K), 0.0189026 secs] [Times: user=0.13 sys=0.00, real=0.02 secs] 
2020-09-29T17:56:57.811+0200: 49.982: [GC (Allocation Failure) [PSYoungGen: 634341K->31203K(639488K)] 705537K->102399K(2037760K), 0.0123598 secs] [Times: user=0.13 sys=0.00, real=0.01 secs] 
2020-09-29T17:56:57.873+0200: 50.043: [GC (Allocation Failure) [PSYoungGen: 611299K->21826K(638976K)] 682495K->93022K(2037248K), 0.0095493 secs] [Times: user=0.13 sys=0.00, real=0.01 secs] 
2020-09-29T17:56:57.932+0200: 50.103: [GC (Allocation Failure) [PSYoungGen: 601922K->40388K(639488K)] 673118K->111584K(2037760K), 0.0147453 secs] [Times: user=0.13 sys=0.00, real=0.02 secs] 
2020-09-29T17:56:57.997+0200: 50.168: [GC (Allocation Failure) [PSYoungGen: 620484K->32357K(641536K)] 691680K->103553K(2039808K), 0.0118209 secs] [Times: user=0.13 sys=0.00, real=0.01 secs] 
2020-09-29T17:56:58.059+0200: 50.230: [GC (Allocation Failure) [PSYoungGen: 615013K->26308K(640000K)] 686209K->97504K(2038272K), 0.0106464 secs] [Times: user=0.13 sys=0.00, real=0.01 secs] 
2020-09-29T17:56:58.123+0200: 50.293: [GC (Allocation Failure) [PSYoungGen: 608964K->48389K(636928K)] 680160K->119585K(2035200K), 0.0159767 secs] [Times: user=0.13 sys=0.00, real=0.02 secs] 
2020-09-29T17:56:58.194+0200: 50.364: [GC (Allocation Failure) [PSYoungGen: 628485K->40581K(639488K)] 699681K->111777K(2037760K), 0.0185757 secs] [Times: user=0.09 sys=0.00, real=0.02 secs] 
2020-09-29T17:56:58.263+0200: 50.434: [GC (Allocation Failure) [PSYoungGen: 620677K->32740K(641536K)] 691873K->103936K(2039808K), 0.0122468 secs] [Times: user=0.13 sys=0.00, real=0.01 secs] 
2020-09-29T17:56:58.326+0200: 50.497: [GC (Allocation Failure) [PSYoungGen: 615396K->41221K(640000K)] 686592K->112417K(2038272K), 0.0141647 secs] [Times: user=0.13 sys=0.00, real=0.01 secs] 
2020-09-29T17:56:58.392+0200: 50.562: [GC (Allocation Failure) [PSYoungGen: 623877K->35365K(643584K)] 695073K->106561K(2041856K), 0.0126415 secs] [Times: user=0.13 sys=0.00, real=0.01 secs] 
2020-09-29T17:56:58.455+0200: 50.626: [GC (Allocation Failure) [PSYoungGen: 622117K->34085K(642048K)] 693313K->105281K(2040320K), 0.0120490 secs] [Times: user=0.13 sys=0.00, real=0.01 secs] 
2020-09-29T17:56:58.518+0200: 50.689: [GC (Allocation Failure) [PSYoungGen: 620837K->32196K(645632K)] 692033K->103392K(2043904K), 0.0134252 secs] [Times: user=0.11 sys=0.00, real=0.01 secs] 
2020-09-29T17:56:58.584+0200: 50.755: [GC (Allocation Failure) [PSYoungGen: 623556K->35620K(644608K)] 694752K->106816K(2042880K), 0.0136889 secs] [Times: user=0.11 sys=0.00, real=0.01 secs] 
2020-09-29T17:56:58.652+0200: 50.823: [GC (Allocation Failure) [PSYoungGen: 626980K->36804K(648704K)] 698176K->108000K(2046976K), 0.0219671 secs] [Times: user=0.11 sys=0.00, real=0.02 secs] 
2020-09-29T17:56:58.729+0200: 50.900: [GC (Allocation Failure) [PSYoungGen: 633796K->32293K(647168K)] 704992K->103489K(2045440K), 0.0153386 secs] [Times: user=0.13 sys=0.00, real=0.02 secs] 
2020-09-29T17:56:58.801+0200: 50.972: [GC (Allocation Failure) [PSYoungGen: 629285K->39684K(649216K)] 700481K->110880K(2047488K), 0.0178675 secs] [Times: user=0.13 sys=0.00, real=0.02 secs] 
2020-09-29T17:56:58.871+0200: 51.042: [GC (Allocation Failure) [PSYoungGen: 639236K->37669K(649216K)] 710432K->108865K(2047488K), 0.0158041 secs] [Times: user=0.13 sys=0.00, real=0.02 secs] 
2020-09-29T17:56:58.943+0200: 51.114: [GC (Allocation Failure) [PSYoungGen: 637221K->19332K(646144K)] 708417K->90528K(2044416K), 0.0091905 secs] [Times: user=0.00 sys=0.00, real=0.01 secs] 
2020-09-29T17:56:59.003+0200: 51.174: [GC (Allocation Failure) [PSYoungGen: 616836K->27875K(648192K)] 688032K->99071K(2046464K), 0.0137742 secs] [Times: user=0.13 sys=0.00, real=0.01 secs] 
2020-09-29T17:56:59.071+0200: 51.242: [GC (Allocation Failure) [PSYoungGen: 625379K->20835K(647680K)] 696575K->92031K(2045952K), 0.0106131 secs] [Times: user=0.00 sys=0.00, real=0.01 secs] 
2020-09-29T17:56:59.134+0200: 51.305: [GC (Allocation Failure) [PSYoungGen: 618339K->30437K(648192K)] 689535K->101633K(2046464K), 0.0130037 secs] [Times: user=0.13 sys=0.00, real=0.01 secs] 
2020-09-29T17:56:59.199+0200: 51.370: [GC (Allocation Failure) [PSYoungGen: 627941K->25379K(649728K)] 699137K->96575K(2048000K), 0.0153763 secs] [Times: user=0.09 sys=0.00, real=0.02 secs] 
2020-09-29T17:56:59.269+0200: 51.440: [GC (Allocation Failure) [PSYoungGen: 625955K->23299K(649728K)] 697151K->94495K(2048000K), 0.0118127 secs] [Times: user=0.13 sys=0.00, real=0.01 secs] 
2020-09-29T17:56:59.332+0200: 51.503: [GC (Allocation Failure) [PSYoungGen: 623875K->48613K(640000K)] 695071K->120761K(2038272K), 0.0220963 secs] [Times: user=0.23 sys=0.00, real=0.02 secs] 
2020-09-29T17:56:59.404+0200: 51.575: [GC (Allocation Failure) [PSYoungGen: 639973K->25252K(645120K)] 712121K->97400K(2043392K), 0.0118610 secs] [Times: user=0.13 sys=0.00, real=0.01 secs] 
2020-09-29T17:56:59.467+0200: 51.638: [GC (Allocation Failure) [PSYoungGen: 616612K->41380K(643584K)] 688760K->113528K(2041856K), 0.0194953 secs] [Times: user=0.13 sys=0.00, real=0.02 secs] 
2020-09-29T17:56:59.538+0200: 51.709: [GC (Allocation Failure) [PSYoungGen: 631716K->43076K(633856K)] 703864K->115224K(2032128K), 0.0210030 secs] [Times: user=0.13 sys=0.00, real=0.02 secs] 
2020-09-29T17:56:59.614+0200: 51.784: [GC (Allocation Failure) [PSYoungGen: 633412K->31364K(644608K)] 705560K->103512K(2042880K), 0.0156972 secs] [Times: user=0.03 sys=0.00, real=0.02 secs] 
2020-09-29T17:56:59.680+0200: 51.851: [GC (Allocation Failure) [PSYoungGen: 620164K->45925K(634880K)] 692312K->118073K(2033152K), 0.0205539 secs] [Times: user=0.13 sys=0.00, real=0.02 secs] 
2020-09-29T17:56:59.751+0200: 51.922: [GC (Allocation Failure) [PSYoungGen: 634725K->33093K(644096K)] 706873K->105241K(2042368K), 0.0141500 secs] [Times: user=0.13 sys=0.00, real=0.01 secs] 
2020-09-29T17:56:59.820+0200: 51.990: [GC (Allocation Failure) [PSYoungGen: 620357K->30467K(642048K)] 692505K->102615K(2040320K), 0.0157336 secs] [Times: user=0.13 sys=0.00, real=0.02 secs] 
2020-09-29T17:56:59.886+0200: 52.057: [GC (Allocation Failure) [PSYoungGen: 617731K->13794K(642048K)] 689879K->85942K(2040320K), 0.0087359 secs] [Times: user=0.00 sys=0.00, real=0.01 secs] 
2020-09-29T17:56:59.945+0200: 52.115: [GC (Allocation Failure) [PSYoungGen: 602082K->41541K(630272K)] 674230K->113689K(2028544K), 0.0178184 secs] [Times: user=0.13 sys=0.00, real=0.02 secs] 
2020-09-29T17:57:00.013+0200: 52.184: [GC (Allocation Failure) [PSYoungGen: 629829K->41861K(640512K)] 701977K->114009K(2038784K), 0.0218276 secs] [Times: user=0.11 sys=0.00, real=0.02 secs] 
2020-09-29T17:57:00.085+0200: 52.256: [GC (Allocation Failure) [PSYoungGen: 626053K->21539K(641536K)] 698201K->93687K(2039808K), 0.0111907 secs] [Times: user=0.00 sys=0.00, real=0.01 secs] 
2020-09-29T17:57:00.148+0200: 52.318: [GC (Allocation Failure) [PSYoungGen: 605731K->45093K(637440K)] 677879K->117241K(2035712K), 0.0195822 secs] [Times: user=0.13 sys=0.00, real=0.02 secs] 
2020-09-29T17:57:00.221+0200: 52.392: [GC (Allocation Failure) [PSYoungGen: 625189K->37317K(639488K)] 697337K->109465K(2037760K), 0.0172807 secs] [Times: user=0.11 sys=0.00, real=0.02 secs] 
2020-09-29T17:57:00.295+0200: 52.466: [GC (Allocation Failure) [PSYoungGen: 617413K->28868K(642048K)] 689561K->101016K(2040320K), 0.0151569 secs] [Times: user=0.11 sys=0.00, real=0.01 secs] 
2020-09-29T17:57:00.365+0200: 52.536: [GC (Allocation Failure) [PSYoungGen: 613060K->52549K(636928K)] 685208K->124697K(2035200K), 0.0224834 secs] [Times: user=0.13 sys=0.00, real=0.02 secs] 
2020-09-29T17:57:00.442+0200: 52.612: [GC (Allocation Failure) [PSYoungGen: 636741K->19875K(637440K)] 708889K->92023K(2035712K), 0.0103574 secs] [Times: user=0.00 sys=0.00, real=0.01 secs] 
2020-09-29T17:57:00.506+0200: 52.676: [GC (Allocation Failure) [PSYoungGen: 595875K->29828K(637440K)] 668023K->101976K(2035712K), 0.0146736 secs] [Times: user=0.13 sys=0.00, real=0.01 secs] 
2020-09-29T17:57:00.571+0200: 52.742: [GC (Allocation Failure) [PSYoungGen: 605828K->45349K(635392K)] 677976K->117497K(2033664K), 0.0226518 secs] [Times: user=0.11 sys=0.00, real=0.02 secs] 
2020-09-29T17:57:00.647+0200: 52.817: [GC (Allocation Failure) [PSYoungGen: 621349K->47141K(623616K)] 693497K->119289K(2021888K), 0.0204964 secs] [Times: user=0.13 sys=0.00, real=0.02 secs] 
2020-09-29T17:57:00.719+0200: 52.890: [GC (Allocation Failure) [PSYoungGen: 623141K->48869K(631808K)] 695289K->121017K(2030080K), 0.0208462 secs] [Times: user=0.25 sys=0.00, real=0.02 secs] 
2020-09-29T17:57:00.791+0200: 52.961: [GC (Allocation Failure) [PSYoungGen: 617701K->57125K(626176K)] 689849K->129273K(2024448K), 0.0241952 secs] [Times: user=0.13 sys=0.00, real=0.02 secs] 
2020-09-29T17:57:00.864+0200: 53.035: [GC (Allocation Failure) [PSYoungGen: 625957K->23044K(629248K)] 698105K->95192K(2027520K), 0.0110709 secs] [Times: user=0.00 sys=0.00, real=0.01 secs] 
2020-09-29T17:57:00.927+0200: 53.097: [GC (Allocation Failure) [PSYoungGen: 582660K->35717K(629248K)] 654808K->107865K(2027520K), 0.0155539 secs] [Times: user=0.13 sys=0.00, real=0.01 secs] 
2020-09-29T17:57:00.993+0200: 53.164: [GC (Allocation Failure) [PSYoungGen: 595333K->34436K(634368K)] 667481K->106584K(2032640K), 0.0163742 secs] [Times: user=0.13 sys=0.00, real=0.02 secs] 
2020-09-29T17:57:01.059+0200: 53.229: [GC (Allocation Failure) [PSYoungGen: 602244K->40260K(632320K)] 674392K->112408K(2030592K), 0.0189263 secs] [Times: user=0.13 sys=0.00, real=0.02 secs] 
2020-09-29T17:57:01.128+0200: 53.299: [GC (Allocation Failure) [PSYoungGen: 608068K->17731K(634880K)] 680216K->89879K(2033152K), 0.0100288 secs] [Times: user=0.13 sys=0.00, real=0.01 secs] 
2020-09-29T17:57:01.187+0200: 53.358: [GC (Allocation Failure) [PSYoungGen: 589635K->41636K(635392K)] 661783K->113784K(2033664K), 0.0207496 secs] [Times: user=0.22 sys=0.00, real=0.02 secs] 
2020-09-29T17:57:01.262+0200: 53.432: [GC (Allocation Failure) [PSYoungGen: 613540K->38756K(637440K)] 685688K->110904K(2035712K), 0.0184172 secs] [Times: user=0.13 sys=0.00, real=0.02 secs] 
2020-09-29T17:57:01.329+0200: 53.500: [GC (Allocation Failure) [PSYoungGen: 613220K->39013K(635904K)] 685368K->111161K(2034176K), 0.0168637 secs] [Times: user=0.13 sys=0.00, real=0.02 secs] 
2020-09-29T17:57:01.399+0200: 53.570: [GC (Allocation Failure) [PSYoungGen: 613477K->25509K(639488K)] 685625K->97657K(2037760K), 0.0106166 secs] [Times: user=0.00 sys=0.00, real=0.01 secs] 
2020-09-29T17:57:01.465+0200: 53.636: [GC (Allocation Failure) [PSYoungGen: 605093K->44613K(624640K)] 677241K->116761K(2022912K), 0.0196471 secs] [Times: user=0.13 sys=0.00, real=0.02 secs] 
2020-09-29T17:57:01.534+0200: 53.705: [GC (Allocation Failure) [PSYoungGen: 624197K->20388K(637440K)] 696345K->92536K(2035712K), 0.0103319 secs] [Times: user=0.13 sys=0.00, real=0.01 secs] 
2020-09-29T17:57:01.597+0200: 53.768: [GC (Allocation Failure) [PSYoungGen: 597412K->50565K(627712K)] 669560K->122713K(2025984K), 0.0240118 secs] [Times: user=0.20 sys=0.00, real=0.02 secs] 
2020-09-29T17:57:01.673+0200: 53.844: [GC (Allocation Failure) [PSYoungGen: 627589K->39173K(636416K)] 699737K->111321K(2034688K), 0.0174142 secs] [Times: user=0.13 sys=0.00, real=0.02 secs] 
2020-09-29T17:57:01.744+0200: 53.915: [GC (Allocation Failure) [PSYoungGen: 611589K->23172K(634880K)] 683737K->95320K(2033152K), 0.0103592 secs] [Times: user=0.00 sys=0.00, real=0.01 secs] 
2020-09-29T17:57:01.808+0200: 53.978: [GC (Allocation Failure) [PSYoungGen: 595588K->20068K(636928K)] 667736K->92216K(2035200K), 0.0099314 secs] [Times: user=0.13 sys=0.00, real=0.01 secs] 
2020-09-29T17:57:01.869+0200: 54.040: [GC (Allocation Failure) [PSYoungGen: 595044K->32260K(636928K)] 667192K->104408K(2035200K), 0.0158617 secs] [Times: user=0.13 sys=0.00, real=0.02 secs] 
2020-09-29T17:57:01.936+0200: 54.106: [GC (Allocation Failure) [PSYoungGen: 607236K->31684K(641536K)] 679384K->103832K(2039808K), 0.0145825 secs] [Times: user=0.13 sys=0.00, real=0.01 secs] 
2020-09-29T17:57:02.000+0200: 54.171: [GC (Allocation Failure) [PSYoungGen: 613828K->39589K(639488K)] 685976K->111737K(2037760K), 0.0177624 secs] [Times: user=0.13 sys=0.00, real=0.02 secs] 
2020-09-29T17:57:02.068+0200: 54.239: [GC (Allocation Failure) [PSYoungGen: 621733K->47493K(636416K)] 693881K->119641K(2034688K), 0.0199391 secs] [Times: user=0.13 sys=0.00, real=0.02 secs] 
2020-09-29T17:57:02.142+0200: 54.312: [GC (Allocation Failure) [PSYoungGen: 626565K->38468K(638976K)] 698713K->110616K(2037248K), 0.0178127 secs] [Times: user=0.13 sys=0.00, real=0.02 secs] 
2020-09-29T17:57:02.213+0200: 54.384: [GC (Allocation Failure) [PSYoungGen: 617540K->26947K(641024K)] 689688K->99095K(2039296K), 0.0146416 secs] [Times: user=0.13 sys=0.00, real=0.01 secs] 
2020-09-29T17:57:02.284+0200: 54.454: [GC (Allocation Failure) [PSYoungGen: 609603K->35397K(640512K)] 681751K->107545K(2038784K), 0.0153852 secs] [Times: user=0.13 sys=0.00, real=0.02 secs] 
2020-09-29T17:57:02.350+0200: 54.521: [GC (Allocation Failure) [PSYoungGen: 618053K->15490K(641024K)] 690201K->87638K(2039296K), 0.0094158 secs] [Times: user=0.00 sys=0.00, real=0.01 secs] 
2020-09-29T17:57:02.410+0200: 54.581: [GC (Allocation Failure) [PSYoungGen: 600706K->53925K(639488K)] 672854K->126073K(2037760K), 0.0235803 secs] [Times: user=0.25 sys=0.00, real=0.02 secs] 
2020-09-29T17:57:02.486+0200: 54.656: [GC (Allocation Failure) [PSYoungGen: 639141K->51109K(627200K)] 711289K->123257K(2025472K), 0.0236507 secs] [Times: user=0.22 sys=0.00, real=0.02 secs] 
2020-09-29T17:57:02.559+0200: 54.730: [GC (Allocation Failure) [PSYoungGen: 618917K->29540K(633344K)] 691065K->101688K(2031616K), 0.0168478 secs] [Times: user=0.09 sys=0.00, real=0.02 secs] 
2020-09-29T17:57:02.632+0200: 54.802: [GC (Allocation Failure) [PSYoungGen: 597348K->34020K(637440K)] 669496K->106168K(2035712K), 0.0193032 secs] [Times: user=0.09 sys=0.00, real=0.02 secs] 
2020-09-29T17:57:02.707+0200: 54.878: [GC (Allocation Failure) [PSYoungGen: 607460K->46853K(634880K)] 679608K->119001K(2033152K), 0.0207234 secs] [Times: user=0.16 sys=0.00, real=0.02 secs] 
2020-09-29T17:57:02.777+0200: 54.947: [GC (Allocation Failure) [PSYoungGen: 620293K->31652K(637440K)] 692441K->103800K(2035712K), 0.0147985 secs] [Times: user=0.13 sys=0.00, real=0.02 secs] 
2020-09-29T17:57:02.850+0200: 55.021: [GC (Allocation Failure) [PSYoungGen: 606116K->45637K(635904K)] 678264K->117785K(2034176K), 0.0197698 secs] [Times: user=0.13 sys=0.00, real=0.02 secs] 
2020-09-29T17:57:02.920+0200: 55.090: [GC (Allocation Failure) [PSYoungGen: 620101K->45829K(635392K)] 692249K->117977K(2033664K), 0.0212444 secs] [Times: user=0.11 sys=0.00, real=0.02 secs] 
2020-09-29T17:57:02.991+0200: 55.161: [GC (Allocation Failure) [PSYoungGen: 618757K->29828K(635904K)] 690905K->101976K(2034176K), 0.0146964 secs] [Times: user=0.13 sys=0.00, real=0.02 secs] 
2020-09-29T17:57:03.055+0200: 55.225: [GC (Allocation Failure) [PSYoungGen: 602756K->27140K(637440K)] 674904K->99288K(2035712K), 0.0128351 secs] [Times: user=0.00 sys=0.00, real=0.01 secs] 
2020-09-29T17:57:03.121+0200: 55.291: [GC (Allocation Failure) [PSYoungGen: 602628K->55717K(631296K)] 674776K->127865K(2029568K), 0.0233566 secs] [Times: user=0.13 sys=0.00, real=0.02 secs] 
2020-09-29T17:57:03.197+0200: 55.367: [GC (Allocation Failure) [PSYoungGen: 631205K->29476K(634368K)] 703353K->101624K(2032640K), 0.0158196 secs] [Times: user=0.08 sys=0.02, real=0.01 secs] 
2020-09-29T17:57:03.263+0200: 55.434: [GC (Allocation Failure) [PSYoungGen: 597796K->50949K(619520K)] 669944K->123097K(2017792K), 0.0216049 secs] [Times: user=0.13 sys=0.00, real=0.02 secs] 
2020-09-29T17:57:03.334+0200: 55.504: [GC (Allocation Failure) [PSYoungGen: 619269K->44997K(632320K)] 691417K->117145K(2030592K), 0.0197672 secs] [Times: user=0.13 sys=0.00, real=0.02 secs] 
2020-09-29T17:57:03.402+0200: 55.573: [GC (Allocation Failure) [PSYoungGen: 610245K->34628K(631808K)] 682393K->106776K(2030080K), 0.0163805 secs] [Times: user=0.13 sys=0.00, real=0.02 secs] 
2020-09-29T17:57:03.467+0200: 55.637: [GC (Allocation Failure) [PSYoungGen: 599876K->39301K(636416K)] 672024K->111449K(2034688K), 0.0176096 secs] [Times: user=0.13 sys=0.00, real=0.02 secs] 
2020-09-29T17:57:03.536+0200: 55.706: [GC (Allocation Failure) [PSYoungGen: 611205K->35172K(634368K)] 683353K->107320K(2032640K), 0.0169231 secs] [Times: user=0.14 sys=0.00, real=0.02 secs] 
2020-09-29T17:57:03.603+0200: 55.773: [GC (Allocation Failure) [PSYoungGen: 607076K->32901K(639488K)] 679224K->105049K(2037760K), 0.0162015 secs] [Times: user=0.09 sys=0.00, real=0.02 secs] 
2020-09-29T17:57:03.676+0200: 55.846: [GC (Allocation Failure) [PSYoungGen: 611973K->23235K(638464K)] 684121K->95383K(2036736K), 0.0125754 secs] [Times: user=0.13 sys=0.00, real=0.01 secs] 
2020-09-29T17:57:03.744+0200: 55.914: [GC (Allocation Failure) [PSYoungGen: 602307K->27332K(640000K)] 674455K->99480K(2038272K), 0.0138143 secs] [Times: user=0.13 sys=0.00, real=0.01 secs] 
2020-09-29T17:57:03.812+0200: 55.983: [GC (Allocation Failure) [PSYoungGen: 607428K->31044K(638976K)] 679576K->103192K(2037248K), 0.0158710 secs] [Times: user=0.13 sys=0.00, real=0.02 secs] 
2020-09-29T17:57:03.878+0200: 56.048: [GC (Allocation Failure) [PSYoungGen: 611140K->36901K(643072K)] 683288K->109049K(2041344K), 0.0183927 secs] [Times: user=0.14 sys=0.00, real=0.03 secs] 
2020-09-29T17:57:03.958+0200: 56.129: [GC (Allocation Failure) [PSYoungGen: 622629K->34020K(641536K)] 694777K->106168K(2039808K), 0.0178493 secs] [Times: user=0.13 sys=0.00, real=0.02 secs] 
2020-09-29T17:57:04.027+0200: 56.198: [GC (Allocation Failure) [PSYoungGen: 619748K->44772K(641536K)] 691896K->116920K(2039808K), 0.0221531 secs] [Times: user=0.13 sys=0.00, real=0.02 secs] 
2020-09-29T17:57:04.100+0200: 56.270: [GC (Allocation Failure) [PSYoungGen: 632036K->30341K(643072K)] 704184K->102489K(2041344K), 0.0143702 secs] [Times: user=0.13 sys=0.00, real=0.01 secs] 
2020-09-29T17:57:04.174+0200: 56.345: [GC (Allocation Failure) [PSYoungGen: 617605K->29765K(645120K)] 689753K->101913K(2043392K), 0.0136659 secs] [Times: user=0.13 sys=0.00, real=0.01 secs] 
2020-09-29T17:57:04.243+0200: 56.414: [GC (Allocation Failure) [PSYoungGen: 620101K->32101K(644096K)] 692249K->104249K(2042368K), 0.0165928 secs] [Times: user=0.13 sys=0.00, real=0.02 secs] 
2020-09-29T17:57:04.314+0200: 56.485: [GC (Allocation Failure) [PSYoungGen: 622437K->34116K(648192K)] 694585K->106264K(2046464K), 0.0172864 secs] [Times: user=0.13 sys=0.00, real=0.02 secs] 
2020-09-29T17:57:04.382+0200: 56.553: [GC (Allocation Failure) [PSYoungGen: 629572K->40516K(646144K)] 701720K->112664K(2044416K), 0.0204844 secs] [Times: user=0.13 sys=0.00, real=0.02 secs] 
2020-09-29T17:57:04.454+0200: 56.625: [GC (Allocation Failure) [PSYoungGen: 635972K->33476K(648704K)] 708120K->105624K(2046976K), 0.0167724 secs] [Times: user=0.13 sys=0.00, real=0.02 secs] 
2020-09-29T17:57:04.523+0200: 56.694: [GC (Allocation Failure) [PSYoungGen: 630980K->43013K(641024K)] 703128K->115161K(2039296K), 0.0197823 secs] [Times: user=0.13 sys=0.00, real=0.02 secs] 
2020-09-29T17:57:04.600+0200: 56.771: [GC (Allocation Failure) [PSYoungGen: 640517K->37188K(648192K)] 712665K->109336K(2046464K), 0.0202179 secs] [Times: user=0.11 sys=0.00, real=0.02 secs] 
2020-09-29T17:57:04.680+0200: 56.851: [GC (Allocation Failure) [PSYoungGen: 633668K->45765K(642560K)] 705816K->117913K(2040832K), 0.0216075 secs] [Times: user=0.13 sys=0.00, real=0.02 secs] 
2020-09-29T17:57:04.754+0200: 56.924: [GC (Allocation Failure) [PSYoungGen: 642245K->40453K(646144K)] 714393K->112601K(2044416K), 0.0197383 secs] [Times: user=0.25 sys=0.00, real=0.02 secs] 
2020-09-29T17:57:04.825+0200: 56.995: [GC (Allocation Failure) [PSYoungGen: 633861K->16547K(610304K)] 706009K->88695K(2008576K), 0.0092904 secs] [Times: user=0.13 sys=0.00, real=0.01 secs] 
2020-09-29T17:57:04.893+0200: 57.064: [GC (Allocation Failure) [PSYoungGen: 609955K->35204K(646144K)] 682103K->107352K(2044416K), 0.0183359 secs] [Times: user=0.23 sys=0.00, real=0.02 secs] 
2020-09-29T17:57:04.968+0200: 57.139: [GC (Allocation Failure) [PSYoungGen: 627076K->25285K(644608K)] 699224K->97433K(2042880K), 0.0127275 secs] [Times: user=0.13 sys=0.00, real=0.01 secs] 
2020-09-29T17:57:05.041+0200: 57.212: [GC (Allocation Failure) [PSYoungGen: 617157K->28804K(647168K)] 689305K->100952K(2045440K), 0.0149248 secs] [Times: user=0.13 sys=0.00, real=0.01 secs] 
2020-09-29T17:57:05.112+0200: 57.283: [GC (Allocation Failure) [PSYoungGen: 623236K->35333K(646144K)] 695384K->107481K(2044416K), 0.0167129 secs] [Times: user=0.13 sys=0.00, real=0.02 secs] 
2020-09-29T17:57:05.180+0200: 57.351: [GC (Allocation Failure) [PSYoungGen: 629765K->41861K(646144K)] 701913K->114009K(2044416K), 0.0218376 secs] [Times: user=0.11 sys=0.00, real=0.02 secs] 
2020-09-29T17:57:05.261+0200: 57.432: [GC (Allocation Failure) [PSYoungGen: 637317K->35717K(647168K)] 709465K->107865K(2045440K), 0.0169635 secs] [Times: user=0.13 sys=0.00, real=0.02 secs] 
2020-09-29T17:57:05.334+0200: 57.505: [GC (Allocation Failure) [PSYoungGen: 631173K->29541K(649216K)] 703321K->101689K(2047488K), 0.0139210 secs] [Times: user=0.00 sys=0.00, real=0.01 secs] 
2020-09-29T17:57:05.405+0200: 57.576: [GC (Allocation Failure) [PSYoungGen: 628069K->49637K(648192K)] 700217K->125945K(2046464K), 0.0264317 secs] [Times: user=0.25 sys=0.00, real=0.03 secs] 
2020-09-29T17:57:05.483+0200: 57.654: [GC (Allocation Failure) [PSYoungGen: 648165K->36324K(642048K)] 724473K->112632K(2040320K), 0.0184619 secs] [Times: user=0.13 sys=0.00, real=0.02 secs] 
2020-09-29T17:57:05.555+0200: 57.726: [GC (Allocation Failure) [PSYoungGen: 627684K->25861K(645120K)] 703992K->102169K(2043392K), 0.0132575 secs] [Times: user=0.13 sys=0.00, real=0.01 secs] 
2020-09-29T17:57:05.621+0200: 57.792: [GC (Allocation Failure) [PSYoungGen: 617221K->29349K(646144K)] 693529K->105657K(2044416K), 0.0157790 secs] [Times: user=0.11 sys=0.00, real=0.02 secs] 
2020-09-29T17:57:05.694+0200: 57.865: [GC (Allocation Failure) [PSYoungGen: 621733K->33733K(645120K)] 698041K->110041K(2043392K), 0.0157969 secs] [Times: user=0.13 sys=0.00, real=0.02 secs] 
2020-09-29T17:57:05.760+0200: 57.931: [GC (Allocation Failure) [PSYoungGen: 626117K->51173K(638464K)] 702425K->128129K(2036736K), 0.0245766 secs] [Times: user=0.13 sys=0.00, real=0.03 secs] 
2020-09-29T17:57:05.836+0200: 58.007: [GC (Allocation Failure) [PSYoungGen: 638437K->36548K(643072K)] 715393K->113504K(2041344K), 0.0185707 secs] [Times: user=0.13 sys=0.00, real=0.02 secs] 
2020-09-29T17:57:05.904+0200: 58.076: [GC (Allocation Failure) [PSYoungGen: 623812K->35332K(646144K)] 700768K->112288K(2044416K), 0.0180662 secs] [Times: user=0.13 sys=0.00, real=0.02 secs] 
2020-09-29T17:57:05.973+0200: 58.144: [GC (Allocation Failure) [PSYoungGen: 627204K->35620K(644608K)] 704160K->112576K(2042880K), 0.0184510 secs] [Times: user=0.13 sys=0.00, real=0.02 secs] 
2020-09-29T17:57:06.044+0200: 58.215: [GC (Allocation Failure) [PSYoungGen: 627492K->24483K(646656K)] 704448K->101439K(2044928K), 0.0138014 secs] [Times: user=0.13 sys=0.00, real=0.01 secs] 
2020-09-29T17:57:06.112+0200: 58.283: [GC (Allocation Failure) [PSYoungGen: 619939K->45765K(641536K)] 696895K->122721K(2039808K), 0.0214062 secs] [Times: user=0.25 sys=0.00, real=0.02 secs] 
2020-09-29T17:57:06.187+0200: 58.358: [GC (Allocation Failure) [PSYoungGen: 641221K->25348K(645120K)] 718177K->102304K(2043392K), 0.0147100 secs] [Times: user=0.11 sys=0.00, real=0.01 secs] 
2020-09-29T17:57:06.255+0200: 58.427: [GC (Allocation Failure) [PSYoungGen: 616708K->25540K(645120K)] 693664K->102496K(2043392K), 0.0130079 secs] [Times: user=0.00 sys=0.00, real=0.01 secs] 
2020-09-29T17:57:06.319+0200: 58.490: [GC (Allocation Failure) [PSYoungGen: 616900K->26564K(645632K)] 693856K->103520K(2043904K), 0.0136011 secs] [Times: user=0.00 sys=0.00, real=0.01 secs] 
2020-09-29T17:57:06.383+0200: 58.554: [GC (Allocation Failure) [PSYoungGen: 618436K->44165K(636416K)] 695392K->121121K(2034688K), 0.0212981 secs] [Times: user=0.13 sys=0.00, real=0.02 secs] 
2020-09-29T17:57:06.455+0200: 58.626: [GC (Allocation Failure) [PSYoungGen: 636037K->34405K(645632K)] 712993K->111361K(2043904K), 0.0169068 secs] [Times: user=0.13 sys=0.00, real=0.02 secs] 
2020-09-29T17:57:06.522+0200: 58.693: [GC (Allocation Failure) [PSYoungGen: 624741K->36452K(643584K)] 701697K->113408K(2041856K), 0.0186576 secs] [Times: user=0.13 sys=0.00, real=0.02 secs] 
2020-09-29T17:57:06.593+0200: 58.764: [GC (Allocation Failure) [PSYoungGen: 626788K->25157K(647168K)] 703744K->102113K(2045440K), 0.0120505 secs] [Times: user=0.11 sys=0.00, real=0.01 secs] 
2020-09-29T17:57:06.658+0200: 58.829: [GC (Allocation Failure) [PSYoungGen: 620101K->45925K(641024K)] 697057K->122881K(2039296K), 0.0238790 secs] [Times: user=0.22 sys=0.00, real=0.02 secs] 
2020-09-29T17:57:06.736+0200: 58.907: [GC (Allocation Failure) [PSYoungGen: 640869K->24932K(644608K)] 717825K->101888K(2042880K), 0.0135591 secs] [Times: user=0.13 sys=0.00, real=0.01 secs] 
2020-09-29T17:57:06.800+0200: 58.971: [GC (Allocation Failure) [PSYoungGen: 614756K->40453K(644096K)] 691712K->117409K(2042368K), 0.0195273 secs] [Times: user=0.25 sys=0.00, real=0.02 secs] 
2020-09-29T17:57:06.871+0200: 59.042: [GC (Allocation Failure) [PSYoungGen: 630277K->42405K(642048K)] 707233K->119361K(2040320K), 0.0200674 secs] [Times: user=0.13 sys=0.00, real=0.02 secs] 
2020-09-29T17:57:06.942+0200: 59.113: [GC (Allocation Failure) [PSYoungGen: 629669K->10211K(597504K)] 706625K->87167K(1995776K), 0.0058972 secs] [Times: user=0.00 sys=0.00, real=0.01 secs] 
2020-09-29T17:57:07.007+0200: 59.178: [GC (Allocation Failure) [PSYoungGen: 597475K->36933K(642048K)] 674431K->113889K(2040320K), 0.0183261 secs] [Times: user=0.13 sys=0.00, real=0.02 secs] 
2020-09-29T17:57:07.075+0200: 59.246: [GC (Allocation Failure) [PSYoungGen: 621125K->46853K(631296K)] 698081K->123809K(2029568K), 0.0217583 secs] [Times: user=0.13 sys=0.00, real=0.02 secs] 
2020-09-29T17:57:07.149+0200: 59.320: [GC (Allocation Failure) [PSYoungGen: 631045K->43141K(637952K)] 708001K->120097K(2036224K), 0.0192665 secs] [Times: user=0.13 sys=0.00, real=0.02 secs] 
2020-09-29T17:57:07.227+0200: 59.399: [GC (Allocation Failure) [PSYoungGen: 621189K->33285K(638464K)] 698145K->110241K(2036736K), 0.0168674 secs] [Times: user=0.13 sys=0.00, real=0.02 secs] 
2020-09-29T17:57:07.298+0200: 59.469: [GC (Allocation Failure) [PSYoungGen: 611333K->37093K(642048K)] 688289K->114049K(2040320K), 0.0181850 secs] [Times: user=0.13 sys=0.00, real=0.02 secs] 
2020-09-29T17:57:07.366+0200: 59.537: [GC (Allocation Failure) [PSYoungGen: 620773K->32708K(640512K)] 697729K->109664K(2038784K), 0.0165621 secs] [Times: user=0.13 sys=0.00, real=0.02 secs] 
2020-09-29T17:57:07.432+0200: 59.603: [GC (Allocation Failure) [PSYoungGen: 616388K->54757K(631808K)] 693344K->132753K(2030080K), 0.0253312 secs] [Times: user=0.23 sys=0.02, real=0.03 secs] 
2020-09-29T17:57:07.509+0200: 59.680: [GC (Allocation Failure) [PSYoungGen: 631781K->29059K(637952K)] 709777K->107055K(2036224K), 0.0162257 secs] [Times: user=0.13 sys=0.00, real=0.02 secs] 
2020-09-29T17:57:07.579+0200: 59.750: [GC (Allocation Failure) [PSYoungGen: 606083K->31813K(640512K)] 684079K->109809K(2038784K), 0.0168854 secs] [Times: user=0.11 sys=0.00, real=0.02 secs] 
2020-09-29T17:57:07.647+0200: 59.819: [GC (Allocation Failure) [PSYoungGen: 612421K->51909K(632832K)] 690417K->129905K(2031104K), 0.0245998 secs] [Times: user=0.13 sys=0.00, real=0.02 secs] 
2020-09-29T17:57:07.723+0200: 59.894: [GC (Allocation Failure) [PSYoungGen: 632517K->44613K(636928K)] 710513K->122609K(2035200K), 0.0207275 secs] [Times: user=0.13 sys=0.00, real=0.02 secs] 
2020-09-29T17:57:07.795+0200: 59.966: [GC (Allocation Failure) [PSYoungGen: 619589K->31620K(636928K)] 697585K->109616K(2035200K), 0.0159529 secs] [Times: user=0.13 sys=0.00, real=0.02 secs] 
2020-09-29T17:57:07.865+0200: 60.036: [GC (Allocation Failure) [PSYoungGen: 606596K->46053K(635904K)] 684592K->124049K(2034176K), 0.0222403 secs] [Times: user=0.13 sys=0.00, real=0.02 secs] 
2020-09-29T17:57:07.937+0200: 60.108: [GC (Allocation Failure) [PSYoungGen: 621029K->46821K(622080K)] 699025K->124817K(2020352K), 0.0216887 secs] [Times: user=0.25 sys=0.00, real=0.02 secs] 
2020-09-29T17:57:08.008+0200: 60.180: [GC (Allocation Failure) [PSYoungGen: 621797K->47493K(634368K)] 699793K->125489K(2032640K), 0.0227706 secs] [Times: user=0.13 sys=0.00, real=0.02 secs] 
2020-09-29T17:57:08.081+0200: 60.252: [GC (Allocation Failure) [PSYoungGen: 619397K->31525K(635392K)] 697393K->109521K(2033664K), 0.0146491 secs] [Times: user=0.13 sys=0.00, real=0.01 secs] 
2020-09-29T17:57:08.156+0200: 60.327: [GC (Allocation Failure) [PSYoungGen: 603429K->29092K(636928K)] 681425K->107088K(2035200K), 0.0147715 secs] [Times: user=0.13 sys=0.00, real=0.02 secs] 
2020-09-29T17:57:08.228+0200: 60.399: [GC (Allocation Failure) [PSYoungGen: 603556K->43077K(636416K)] 681552K->121073K(2034688K), 0.0208633 secs] [Times: user=0.13 sys=0.00, real=0.02 secs] 
2020-09-29T17:57:08.302+0200: 60.474: [GC (Allocation Failure) [PSYoungGen: 617541K->43237K(637952K)] 695537K->121233K(2036224K), 0.0210747 secs] [Times: user=0.13 sys=0.00, real=0.02 secs] 
2020-09-29T17:57:08.373+0200: 60.544: [GC (Allocation Failure) [PSYoungGen: 619749K->45509K(637440K)] 697745K->123505K(2035712K), 0.0213628 secs] [Times: user=0.13 sys=0.00, real=0.02 secs] 
2020-09-29T17:57:08.444+0200: 60.616: [GC (Allocation Failure) [PSYoungGen: 622021K->33509K(638976K)] 700017K->111505K(2037248K), 0.0164967 secs] [Times: user=0.13 sys=0.00, real=0.02 secs] 
2020-09-29T17:57:08.513+0200: 60.684: [GC (Allocation Failure) [PSYoungGen: 611557K->35844K(637952K)] 689553K->113840K(2036224K), 0.0181415 secs] [Times: user=0.13 sys=0.00, real=0.02 secs] 
2020-09-29T17:57:08.582+0200: 60.753: [GC (Allocation Failure) [PSYoungGen: 613892K->39044K(642048K)] 691888K->117040K(2040320K), 0.0217604 secs] [Times: user=0.11 sys=0.00, real=0.02 secs] 
2020-09-29T17:57:08.656+0200: 60.827: [GC (Allocation Failure) [PSYoungGen: 622724K->31972K(640512K)] 700720K->109968K(2038784K), 0.0125449 secs] [Times: user=0.13 sys=0.00, real=0.01 secs] 
2020-09-29T17:57:08.722+0200: 60.893: [GC (Allocation Failure) [PSYoungGen: 615652K->26692K(642048K)] 693648K->104688K(2040320K), 0.0102452 secs] [Times: user=0.13 sys=0.00, real=0.01 secs] 
2020-09-29T17:57:08.782+0200: 60.954: [GC (Allocation Failure) [PSYoungGen: 612932K->38084K(642560K)] 690928K->116080K(2040832K), 0.0136894 secs] [Times: user=0.13 sys=0.00, real=0.01 secs] 
2020-09-29T17:57:08.847+0200: 61.018: [GC (Allocation Failure) [PSYoungGen: 624324K->35492K(645632K)] 702320K->113488K(2043904K), 0.0133593 secs] [Times: user=0.13 sys=0.00, real=0.01 secs] 
2020-09-29T17:57:08.912+0200: 61.083: [GC (Allocation Failure) [PSYoungGen: 626340K->52101K(643072K)] 704336K->130097K(2041344K), 0.0176476 secs] [Times: user=0.13 sys=0.00, real=0.02 secs] 
2020-09-29T17:57:08.981+0200: 61.152: [GC (Allocation Failure) [PSYoungGen: 642949K->26276K(640000K)] 720945K->104272K(2038272K), 0.0096789 secs] [Times: user=0.13 sys=0.00, real=0.01 secs] 
2020-09-29T17:57:09.047+0200: 61.218: [GC (Allocation Failure) [PSYoungGen: 610468K->36197K(641536K)] 688464K->114193K(2039808K), 0.0123386 secs] [Times: user=0.13 sys=0.00, real=0.01 secs] 
2020-09-29T17:57:09.110+0200: 61.282: [GC (Allocation Failure) [PSYoungGen: 620389K->46117K(640000K)] 698385K->124113K(2038272K), 0.0154168 secs] [Times: user=0.13 sys=0.00, real=0.02 secs] 
2020-09-29T17:57:09.178+0200: 61.349: [GC (Allocation Failure) [PSYoungGen: 630309K->41732K(641536K)] 708305K->119728K(2039808K), 0.0149876 secs] [Times: user=0.13 sys=0.00, real=0.02 secs] 
2020-09-29T17:57:09.246+0200: 61.417: [GC (Allocation Failure) [PSYoungGen: 625924K->51717K(635904K)] 703920K->129713K(2034176K), 0.0180547 secs] [Times: user=0.13 sys=0.00, real=0.02 secs] 
2020-09-29T17:57:09.315+0200: 61.486: [GC (Allocation Failure) [PSYoungGen: 630789K->28100K(638976K)] 708785K->106096K(2037248K), 0.0108344 secs] [Times: user=0.13 sys=0.00, real=0.01 secs] 
2020-09-29T17:57:09.376+0200: 61.547: [GC (Allocation Failure) [PSYoungGen: 607172K->30564K(640000K)] 685168K->108560K(2038272K), 0.0118571 secs] [Times: user=0.13 sys=0.00, real=0.01 secs] 
2020-09-29T17:57:09.438+0200: 61.609: [GC (Allocation Failure) [PSYoungGen: 610660K->49989K(630272K)] 688656K->127985K(2028544K), 0.0170007 secs] [Times: user=0.13 sys=0.00, real=0.02 secs] 
2020-09-29T17:57:09.505+0200: 61.676: [GC (Allocation Failure) [PSYoungGen: 630085K->26916K(637440K)] 708081K->104912K(2035712K), 0.0107656 secs] [Times: user=0.00 sys=0.00, real=0.01 secs] 
2020-09-29T17:57:09.566+0200: 61.737: [GC (Allocation Failure) [PSYoungGen: 602916K->42277K(637440K)] 680912K->120273K(2035712K), 0.0154163 secs] [Times: user=0.11 sys=0.00, real=0.02 secs] 
2020-09-29T17:57:09.636+0200: 61.807: [GC (Allocation Failure) [PSYoungGen: 618277K->44037K(638464K)] 696273K->122033K(2036736K), 0.0154095 secs] [Times: user=0.13 sys=0.00, real=0.02 secs] 
2020-09-29T17:57:09.701+0200: 61.872: [GC (Allocation Failure) [PSYoungGen: 622085K->47813K(626176K)] 700081K->125809K(2024448K), 0.0165896 secs] [Times: user=0.13 sys=0.00, real=0.02 secs] 
2020-09-29T17:57:09.770+0200: 61.941: [GC (Allocation Failure) [PSYoungGen: 625861K->36229K(638976K)] 703857K->114225K(2037248K), 0.0139927 secs] [Times: user=0.00 sys=0.00, real=0.01 secs] 
2020-09-29T17:57:09.834+0200: 62.005: [GC (Allocation Failure) [PSYoungGen: 613253K->25189K(636928K)] 691249K->103185K(2035200K), 0.0093568 secs] [Times: user=0.00 sys=0.00, real=0.01 secs] 
2020-09-29T17:57:09.896+0200: 62.067: [GC (Allocation Failure) [PSYoungGen: 602213K->41669K(638976K)] 680209K->119665K(2037248K), 0.0168652 secs] [Times: user=0.13 sys=0.00, real=0.02 secs] 
2020-09-29T17:57:09.966+0200: 62.136: [GC (Allocation Failure) [PSYoungGen: 620229K->31396K(638464K)] 698225K->109392K(2036736K), 0.0142463 secs] [Times: user=0.11 sys=0.00, real=0.01 secs] 
2020-09-29T17:57:10.033+0200: 62.204: [GC (Allocation Failure) [PSYoungGen: 609956K->35556K(642048K)] 687952K->113552K(2040320K), 0.0148287 secs] [Times: user=0.11 sys=0.00, real=0.02 secs] 
2020-09-29T17:57:10.099+0200: 62.270: [GC (Allocation Failure) [PSYoungGen: 618724K->30789K(640000K)] 696720K->108785K(2038272K), 0.0106741 secs] [Times: user=0.00 sys=0.00, real=0.01 secs] 
2020-09-29T17:57:10.161+0200: 62.332: [GC (Allocation Failure) [PSYoungGen: 613957K->39268K(643584K)] 691953K->117264K(2041856K), 0.0140445 secs] [Times: user=0.00 sys=0.00, real=0.01 secs] 
2020-09-29T17:57:10.229+0200: 62.400: [GC (Allocation Failure) [PSYoungGen: 626532K->23268K(642560K)] 704528K->101264K(2040832K), 0.0101365 secs] [Times: user=0.13 sys=0.00, real=0.01 secs] 
2020-09-29T17:57:10.291+0200: 62.462: [GC (Allocation Failure) [PSYoungGen: 610532K->22340K(643072K)] 688528K->100336K(2041344K), 0.0081712 secs] [Times: user=0.00 sys=0.00, real=0.01 secs] 
2020-09-29T17:57:10.350+0200: 62.520: [GC (Allocation Failure) [PSYoungGen: 609604K->35397K(643072K)] 687600K->113393K(2041344K), 0.0129860 secs] [Times: user=0.00 sys=0.00, real=0.01 secs] 
2020-09-29T17:57:10.413+0200: 62.584: [GC (Allocation Failure) [PSYoungGen: 622661K->48453K(638464K)] 700657K->126449K(2036736K), 0.0162690 secs] [Times: user=0.13 sys=0.00, real=0.02 secs] 
2020-09-29T17:57:10.480+0200: 62.650: [GC (Allocation Failure) [PSYoungGen: 632645K->30212K(641536K)] 710641K->108208K(2039808K), 0.0116668 secs] [Times: user=0.11 sys=0.00, real=0.01 secs] 
2020-09-29T17:57:10.543+0200: 62.714: [GC (Allocation Failure) [PSYoungGen: 614404K->25283K(643072K)] 692400K->103279K(2041344K), 0.0106719 secs] [Times: user=0.13 sys=0.00, real=0.01 secs] 
2020-09-29T17:57:10.606+0200: 62.776: [GC (Allocation Failure) [PSYoungGen: 612035K->37124K(642560K)] 690031K->115120K(2040832K), 0.0148077 secs] [Times: user=0.11 sys=0.00, real=0.02 secs] 
2020-09-29T17:57:10.672+0200: 62.842: [GC (Allocation Failure) [PSYoungGen: 623876K->49669K(636928K)] 701872K->127665K(2035200K), 0.0162676 secs] [Times: user=0.13 sys=0.00, real=0.02 secs] 
2020-09-29T17:57:10.738+0200: 62.909: [GC (Allocation Failure) [PSYoungGen: 631813K->43813K(626176K)] 709809K->121809K(2024448K), 0.0153364 secs] [Times: user=0.13 sys=0.00, real=0.02 secs] 
2020-09-29T17:57:10.804+0200: 62.975: [GC (Allocation Failure) [PSYoungGen: 625957K->21508K(638976K)] 703953K->99504K(2037248K), 0.0082673 secs] [Times: user=0.00 sys=0.00, real=0.01 secs] 
2020-09-29T17:57:10.863+0200: 63.034: [GC (Allocation Failure) [PSYoungGen: 601604K->54757K(634880K)] 679600K->132753K(2033152K), 0.0183007 secs] [Times: user=0.25 sys=0.00, real=0.02 secs] 
2020-09-29T17:57:10.932+0200: 63.102: [GC (Allocation Failure) [PSYoungGen: 634853K->46084K(632832K)] 712849K->124080K(2031104K), 0.0166789 secs] [Times: user=0.13 sys=0.00, real=0.02 secs] 
2020-09-29T17:57:10.997+0200: 63.168: [GC (Allocation Failure) [PSYoungGen: 614916K->24100K(633856K)] 692912K->102096K(2032128K), 0.0091371 secs] [Times: user=0.13 sys=0.00, real=0.01 secs] 
2020-09-29T17:57:11.076+0200: 63.246: [GC (Allocation Failure) [PSYoungGen: 592932K->29763K(635904K)] 670928K->107759K(2034176K), 0.0117923 secs] [Times: user=0.13 sys=0.00, real=0.01 secs] 
2020-09-29T17:57:11.137+0200: 63.308: [GC (Allocation Failure) [PSYoungGen: 601155K->40581K(634368K)] 679151K->118577K(2032640K), 0.0144163 secs] [Times: user=0.13 sys=0.00, real=0.01 secs] 
2020-09-29T17:57:11.203+0200: 63.373: [GC (Allocation Failure) [PSYoungGen: 611973K->36869K(638976K)] 689969K->114865K(2037248K), 0.0185443 secs] [Times: user=0.09 sys=0.00, real=0.02 secs] 
2020-09-29T17:57:11.272+0200: 63.442: [GC (Allocation Failure) [PSYoungGen: 613893K->39685K(636928K)] 691889K->117681K(2035200K), 0.0140135 secs] [Times: user=0.00 sys=0.01, real=0.01 secs] 
2020-09-29T17:57:11.335+0200: 63.506: [GC (Allocation Failure) [PSYoungGen: 616709K->28741K(641024K)] 694705K->106737K(2039296K), 0.0096316 secs] [Times: user=0.00 sys=0.00, real=0.01 secs] 
2020-09-29T17:57:11.395+0200: 63.565: [GC (Allocation Failure) [PSYoungGen: 611397K->22243K(640512K)] 689393K->100239K(2038784K), 0.0089185 secs] [Times: user=0.13 sys=0.00, real=0.01 secs] 
2020-09-29T17:57:11.454+0200: 63.625: [GC (Allocation Failure) [PSYoungGen: 604899K->29923K(642560K)] 682895K->107919K(2040832K), 0.0122098 secs] [Times: user=0.13 sys=0.00, real=0.01 secs] 
2020-09-29T17:57:11.518+0200: 63.688: [GC (Allocation Failure) [PSYoungGen: 614627K->40325K(641024K)] 692623K->118321K(2039296K), 0.0143750 secs] [Times: user=0.13 sys=0.00, real=0.01 secs] 
2020-09-29T17:57:11.583+0200: 63.754: [GC (Allocation Failure) [PSYoungGen: 625029K->37125K(643584K)] 703025K->115121K(2041856K), 0.0132548 secs] [Times: user=0.00 sys=0.00, real=0.01 secs] 
2020-09-29T17:57:11.648+0200: 63.819: [GC (Allocation Failure) [PSYoungGen: 624389K->36485K(642560K)] 702385K->114481K(2040832K), 0.0131255 secs] [Times: user=0.13 sys=0.00, real=0.01 secs] 
2020-09-29T17:57:11.712+0200: 63.883: [GC (Allocation Failure) [PSYoungGen: 623749K->33220K(646656K)] 701745K->111216K(2044928K), 0.0123459 secs] [Times: user=0.13 sys=0.00, real=0.01 secs] 
2020-09-29T17:57:11.777+0200: 63.948: [GC (Allocation Failure) [PSYoungGen: 626116K->38213K(645120K)] 704112K->116209K(2043392K), 0.0127584 secs] [Times: user=0.13 sys=0.00, real=0.01 secs] 
2020-09-29T17:57:11.841+0200: 64.011: [GC (Allocation Failure) [PSYoungGen: 631109K->28356K(647680K)] 709105K->106352K(2045952K), 0.0109945 secs] [Times: user=0.13 sys=0.00, real=0.01 secs] 
2020-09-29T17:57:11.903+0200: 64.074: [GC (Allocation Failure) [PSYoungGen: 624324K->35716K(647168K)] 702320K->113712K(2045440K), 0.0128193 secs] [Times: user=0.13 sys=0.00, real=0.01 secs] 
2020-09-29T17:57:11.967+0200: 64.138: [GC (Allocation Failure) [PSYoungGen: 631684K->43781K(645632K)] 709680K->121777K(2043904K), 0.0159250 secs] [Times: user=0.13 sys=0.00, real=0.02 secs] 
2020-09-29T17:57:12.035+0200: 64.206: [GC (Allocation Failure) [PSYoungGen: 639237K->21155K(616960K)] 717233K->99151K(2015232K), 0.0084966 secs] [Times: user=0.13 sys=0.00, real=0.01 secs] 
2020-09-29T17:57:12.097+0200: 64.268: [GC (Allocation Failure) [PSYoungGen: 616611K->10402K(642048K)] 694607K->88398K(2040320K), 0.0066152 secs] [Times: user=0.13 sys=0.00, real=0.01 secs] 
2020-09-29T17:57:12.155+0200: 64.326: [GC (Allocation Failure) [PSYoungGen: 599714K->39205K(628736K)] 677710K->117201K(2027008K), 0.0134749 secs] [Times: user=0.13 sys=0.00, real=0.01 secs] 
2020-09-29T17:57:12.222+0200: 64.393: [GC (Allocation Failure) [PSYoungGen: 628517K->40452K(641536K)] 706513K->118448K(2039808K), 0.0157917 secs] [Times: user=0.13 sys=0.00, real=0.02 secs] 
2020-09-29T17:57:12.289+0200: 64.460: [GC (Allocation Failure) [PSYoungGen: 626692K->38404K(642560K)] 704688K->116400K(2040832K), 0.0145961 secs] [Times: user=0.11 sys=0.00, real=0.01 secs] 
2020-09-29T17:57:12.356+0200: 64.526: [GC (Allocation Failure) [PSYoungGen: 624644K->36773K(644096K)] 702640K->114769K(2042368K), 0.0136852 secs] [Times: user=0.13 sys=0.00, real=0.01 secs] 
2020-09-29T17:57:12.427+0200: 64.598: [GC (Allocation Failure) [PSYoungGen: 625061K->35845K(643072K)] 703057K->113841K(2041344K), 0.0170139 secs] [Times: user=0.13 sys=0.00, real=0.02 secs] 
2020-09-29T17:57:12.497+0200: 64.668: [GC (Allocation Failure) [PSYoungGen: 624133K->49989K(637440K)] 702129K->127985K(2035712K), 0.0182551 secs] [Times: user=0.13 sys=0.00, real=0.02 secs] 
2020-09-29T17:57:12.567+0200: 64.738: [GC (Allocation Failure) [PSYoungGen: 634181K->32549K(641536K)] 712177K->110545K(2039808K), 0.0118815 secs] [Times: user=0.00 sys=0.00, real=0.01 secs] 
2020-09-29T17:57:12.632+0200: 64.803: [GC (Allocation Failure) [PSYoungGen: 616741K->42469K(642048K)] 694737K->120465K(2040320K), 0.0164593 secs] [Times: user=0.13 sys=0.00, real=0.02 secs] 
2020-09-29T17:57:12.699+0200: 64.870: [GC (Allocation Failure) [PSYoungGen: 628709K->40293K(642560K)] 706705K->118289K(2040832K), 0.0141958 secs] [Times: user=0.13 sys=0.00, real=0.01 secs] 
2020-09-29T17:57:12.766+0200: 64.936: [GC (Allocation Failure) [PSYoungGen: 626533K->23908K(643072K)] 704529K->101904K(2041344K), 0.0096039 secs] [Times: user=0.13 sys=0.00, real=0.01 secs] 
2020-09-29T17:57:12.825+0200: 64.996: [GC (Allocation Failure) [PSYoungGen: 611172K->21285K(608768K)] 689168K->99281K(2007040K), 0.0072925 secs] [Times: user=0.00 sys=0.02, real=0.01 secs] 
2020-09-29T17:57:12.883+0200: 65.054: [GC (Allocation Failure) [PSYoungGen: 608549K->48005K(636416K)] 686545K->126001K(2034688K), 0.0163827 secs] [Times: user=0.13 sys=0.00, real=0.02 secs] 
2020-09-29T17:57:12.948+0200: 65.119: [GC (Allocation Failure) [PSYoungGen: 628101K->5987K(586240K)] 706097K->83983K(1984512K), 0.0027918 secs] [Times: user=0.00 sys=0.00, real=0.00 secs] 
2020-09-29T17:57:13.002+0200: 65.173: [GC (Allocation Failure) [PSYoungGen: 586083K->38117K(637952K)] 664079K->116113K(2036224K), 0.0134898 secs] [Times: user=0.13 sys=0.00, real=0.01 secs] 
2020-09-29T17:57:13.067+0200: 65.238: [GC (Allocation Failure) [PSYoungGen: 614117K->39877K(636928K)] 692113K->117873K(2035200K), 0.0153631 secs] [Times: user=0.00 sys=0.00, real=0.02 secs] 
2020-09-29T17:57:13.140+0200: 65.311: [GC (Allocation Failure) [PSYoungGen: 615877K->41733K(636928K)] 693873K->119729K(2035200K), 0.0163709 secs] [Times: user=0.11 sys=0.00, real=0.02 secs] 
2020-09-29T17:57:13.210+0200: 65.380: [GC (Allocation Failure) [PSYoungGen: 617733K->43396K(619520K)] 695729K->121392K(2017792K), 0.0210862 secs] [Times: user=0.11 sys=0.00, real=0.02 secs] 
2020-09-29T17:57:13.284+0200: 65.455: [GC (Allocation Failure) [PSYoungGen: 619396K->43620K(635904K)] 697392K->121616K(2034176K), 0.0176541 secs] [Times: user=0.22 sys=0.00, real=0.02 secs] 
2020-09-29T17:57:13.355+0200: 65.525: [GC (Allocation Failure) [PSYoungGen: 617572K->29091K(636416K)] 695568K->107087K(2034688K), 0.0126149 secs] [Times: user=0.13 sys=0.00, real=0.01 secs] 
2020-09-29T17:57:13.417+0200: 65.587: [GC (Allocation Failure) [PSYoungGen: 603043K->28132K(639488K)] 681039K->106128K(2037760K), 0.0111092 secs] [Times: user=0.13 sys=0.00, real=0.02 secs] 
2020-09-29T17:57:13.493+0200: 65.664: [GC (Allocation Failure) [PSYoungGen: 606692K->46053K(624640K)] 684688K->124049K(2022912K), 0.0162368 secs] [Times: user=0.13 sys=0.00, real=0.02 secs] 
2020-09-29T17:57:13.560+0200: 65.730: [GC (Allocation Failure) [PSYoungGen: 624613K->36164K(640000K)] 702609K->114160K(2038272K), 0.0133852 secs] [Times: user=0.13 sys=0.00, real=0.01 secs] 
2020-09-29T17:57:13.625+0200: 65.795: [GC (Allocation Failure) [PSYoungGen: 614724K->25347K(637440K)] 692720K->103343K(2035712K), 0.0114401 secs] [Times: user=0.11 sys=0.00, real=0.01 secs] 
2020-09-29T17:57:13.686+0200: 65.857: [GC (Allocation Failure) [PSYoungGen: 603907K->26340K(641536K)] 681903K->104336K(2039808K), 0.0103682 secs] [Times: user=0.13 sys=0.00, real=0.01 secs] 
2020-09-29T17:57:13.747+0200: 65.917: [GC (Allocation Failure) [PSYoungGen: 609508K->35237K(640512K)] 687504K->113233K(2038784K), 0.0138859 secs] [Times: user=0.13 sys=0.00, real=0.01 secs] 
2020-09-29T17:57:13.813+0200: 65.984: [GC (Allocation Failure) [PSYoungGen: 618405K->15491K(641024K)] 696401K->93487K(2039296K), 0.0064569 secs] [Times: user=0.13 sys=0.00, real=0.01 secs] 
2020-09-29T17:57:13.870+0200: 66.041: [GC (Allocation Failure) [PSYoungGen: 600707K->25349K(642048K)] 678703K->103345K(2040320K), 0.0094248 secs] [Times: user=0.00 sys=0.00, real=0.01 secs] 
2020-09-29T17:57:13.929+0200: 66.099: [GC (Allocation Failure) [PSYoungGen: 610565K->30692K(645632K)] 688561K->108688K(2043904K), 0.0117689 secs] [Times: user=0.00 sys=0.00, real=0.01 secs] 
2020-09-29T17:57:13.991+0200: 66.162: [GC (Allocation Failure) [PSYoungGen: 621028K->46853K(637440K)] 699024K->124849K(2035712K), 0.0162763 secs] [Times: user=0.13 sys=0.00, real=0.02 secs] 
2020-09-29T17:57:14.058+0200: 66.229: [GC (Allocation Failure) [PSYoungGen: 637189K->49317K(634880K)] 715185K->127313K(2033152K), 0.0169709 secs] [Times: user=0.13 sys=0.00, real=0.02 secs] 
2020-09-29T17:57:14.127+0200: 66.297: [GC (Allocation Failure) [PSYoungGen: 627365K->23651K(638464K)] 705361K->101647K(2036736K), 0.0108322 secs] [Times: user=0.11 sys=0.00, real=0.01 secs] 
2020-09-29T17:57:14.188+0200: 66.359: [GC (Allocation Failure) [PSYoungGen: 601699K->27141K(640512K)] 679695K->105137K(2038784K), 0.0141418 secs] [Times: user=0.11 sys=0.00, real=0.02 secs] 
2020-09-29T17:57:14.262+0200: 66.432: [GC (Allocation Failure) [PSYoungGen: 607749K->47109K(628224K)] 685745K->125105K(2026496K), 0.0175063 secs] [Times: user=0.13 sys=0.00, real=0.02 secs] 
2020-09-29T17:57:14.329+0200: 66.500: [GC (Allocation Failure) [PSYoungGen: 627717K->39845K(638464K)] 705713K->117841K(2036736K), 0.0138733 secs] [Times: user=0.13 sys=0.00, real=0.01 secs] 
2020-09-29T17:57:14.393+0200: 66.563: [GC (Allocation Failure) [PSYoungGen: 617381K->43141K(637952K)] 695377K->121137K(2036224K), 0.0150066 secs] [Times: user=0.13 sys=0.00, real=0.02 secs] 
2020-09-29T17:57:14.458+0200: 66.628: [GC (Allocation Failure) [PSYoungGen: 620677K->32741K(640000K)] 698673K->110737K(2038272K), 0.0110402 secs] [Times: user=0.00 sys=0.00, real=0.01 secs] 
2020-09-29T17:57:14.519+0200: 66.689: [GC (Allocation Failure) [PSYoungGen: 611813K->37605K(637952K)] 689809K->115601K(2036224K), 0.0138013 secs] [Times: user=0.13 sys=0.00, real=0.01 secs] 
2020-09-29T17:57:14.584+0200: 66.754: [GC (Allocation Failure) [PSYoungGen: 616677K->28741K(642560K)] 694673K->106737K(2040832K), 0.0100489 secs] [Times: user=0.00 sys=0.00, real=0.01 secs] 
2020-09-29T17:57:14.648+0200: 66.819: [GC (Allocation Failure) [PSYoungGen: 613957K->39749K(641536K)] 691953K->117745K(2039808K), 0.0136493 secs] [Times: user=0.13 sys=0.00, real=0.01 secs] 
2020-09-29T17:57:14.713+0200: 66.883: [GC (Allocation Failure) [PSYoungGen: 624965K->37093K(644096K)] 702961K->115089K(2042368K), 0.0124167 secs] [Times: user=0.13 sys=0.00, real=0.01 secs] 
2020-09-29T17:57:14.779+0200: 66.950: [GC (Allocation Failure) [PSYoungGen: 624869K->36901K(642560K)] 702865K->114897K(2040832K), 0.0138576 secs] [Times: user=0.13 sys=0.00, real=0.02 secs] 
2020-09-29T17:57:14.855+0200: 67.026: [GC (Allocation Failure) [PSYoungGen: 624677K->36773K(647168K)] 702673K->114769K(2045440K), 0.0140201 secs] [Times: user=0.13 sys=0.00, real=0.01 secs] 
2020-09-29T17:57:14.920+0200: 67.091: [GC (Allocation Failure) [PSYoungGen: 630693K->28868K(645632K)] 708689K->106864K(2043904K), 0.0110932 secs] [Times: user=0.13 sys=0.00, real=0.01 secs] 
2020-09-29T17:57:14.983+0200: 67.154: [GC (Allocation Failure) [PSYoungGen: 622788K->20964K(646144K)] 700784K->98960K(2044416K), 0.0080881 secs] [Times: user=0.13 sys=0.00, real=0.01 secs] 
2020-09-29T17:57:15.043+0200: 67.213: [GC (Allocation Failure) [PSYoungGen: 615396K->41157K(635904K)] 693392K->119153K(2034176K), 0.0147277 secs] [Times: user=0.13 sys=0.00, real=0.01 secs] 
2020-09-29T17:57:15.109+0200: 67.280: [GC (Allocation Failure) [PSYoungGen: 635589K->33476K(647168K)] 713585K->111472K(2045440K), 0.0126372 secs] [Times: user=0.13 sys=0.00, real=0.01 secs] 
2020-09-29T17:57:15.173+0200: 67.344: [GC (Allocation Failure) [PSYoungGen: 627396K->39557K(645632K)] 705392K->117553K(2043904K), 0.0155120 secs] [Times: user=0.13 sys=0.00, real=0.02 secs] 
2020-09-29T17:57:15.245+0200: 67.416: [GC (Allocation Failure) [PSYoungGen: 633477K->45573K(642048K)] 711473K->123569K(2040320K), 0.0153382 secs] [Times: user=0.13 sys=0.00, real=0.02 secs] 
2020-09-29T17:57:15.312+0200: 67.483: [GC (Allocation Failure) [PSYoungGen: 635909K->34084K(644608K)] 713905K->112080K(2042880K), 0.0122379 secs] [Times: user=0.13 sys=0.00, real=0.01 secs] 
2020-09-29T17:57:15.375+0200: 67.546: [GC (Allocation Failure) [PSYoungGen: 624420K->20739K(644096K)] 702416K->98735K(2042368K), 0.0093146 secs] [Times: user=0.13 sys=0.00, real=0.01 secs] 
2020-09-29T17:57:15.435+0200: 67.606: [GC (Allocation Failure) [PSYoungGen: 612099K->51557K(643072K)] 690095K->129553K(2041344K), 0.0174821 secs] [Times: user=0.13 sys=0.00, real=0.02 secs] 
2020-09-29T17:57:15.503+0200: 67.674: [GC (Allocation Failure) [PSYoungGen: 642917K->40837K(638976K)] 720913K->118833K(2037248K), 0.0141990 secs] [Times: user=0.13 sys=0.00, real=0.01 secs] 
2020-09-29T17:57:15.569+0200: 67.740: [GC (Allocation Failure) [PSYoungGen: 624005K->49765K(633344K)] 702001K->127761K(2031616K), 0.0187364 secs] [Times: user=0.11 sys=0.00, real=0.02 secs] 
2020-09-29T17:57:15.640+0200: 67.811: [GC (Allocation Failure) [PSYoungGen: 632933K->16931K(635392K)] 710929K->94927K(2033664K), 0.0072036 secs] [Times: user=0.13 sys=0.00, real=0.01 secs] 
2020-09-29T17:57:15.696+0200: 67.867: [GC (Allocation Failure) [PSYoungGen: 591907K->30532K(636928K)] 669903K->108528K(2035200K), 0.0117764 secs] [Times: user=0.00 sys=0.02, real=0.01 secs] 
2020-09-29T17:57:15.758+0200: 67.929: [GC (Allocation Failure) [PSYoungGen: 605508K->31205K(640512K)] 683504K->109201K(2038784K), 0.0108933 secs] [Times: user=0.00 sys=0.00, real=0.01 secs] 
2020-09-29T17:57:15.819+0200: 67.990: [GC (Allocation Failure) [PSYoungGen: 611813K->36324K(638976K)] 689809K->114320K(2037248K), 0.0131676 secs] [Times: user=0.00 sys=0.00, real=0.01 secs] 
2020-09-29T17:57:15.882+0200: 68.053: [GC (Allocation Failure) [PSYoungGen: 616932K->42661K(640512K)] 694928K->120657K(2038784K), 0.0142412 secs] [Times: user=0.13 sys=0.00, real=0.01 secs] 
2020-09-29T17:57:15.948+0200: 68.119: [GC (Allocation Failure) [PSYoungGen: 626853K->38789K(641536K)] 704849K->116785K(2039808K), 0.0137680 secs] [Times: user=0.13 sys=0.00, real=0.01 secs] 
2020-09-29T17:57:16.012+0200: 68.183: [GC (Allocation Failure) [PSYoungGen: 622981K->48869K(637440K)] 700977K->126865K(2035712K), 0.0167244 secs] [Times: user=0.13 sys=0.00, real=0.02 secs] 
2020-09-29T17:57:16.080+0200: 68.251: [GC (Allocation Failure) [PSYoungGen: 629989K->42053K(640000K)] 707985K->120049K(2038272K), 0.0149888 secs] [Times: user=0.13 sys=0.00, real=0.02 secs] 
2020-09-29T17:57:16.145+0200: 68.316: [GC (Allocation Failure) [PSYoungGen: 623173K->32388K(641536K)] 701169K->110384K(2039808K), 0.0123888 secs] [Times: user=0.00 sys=0.00, real=0.02 secs] 
2020-09-29T17:57:16.232+0200: 68.403: [GC (Allocation Failure) [PSYoungGen: 615556K->41285K(640512K)] 693552K->119281K(2038784K), 0.0155040 secs] [Times: user=0.13 sys=0.00, real=0.01 secs] 
2020-09-29T17:57:16.298+0200: 68.469: [GC (Allocation Failure) [PSYoungGen: 624453K->35333K(643584K)] 702449K->113329K(2041856K), 0.0131141 secs] [Times: user=0.13 sys=0.00, real=0.01 secs] 
2020-09-29T17:57:16.363+0200: 68.534: [GC (Allocation Failure) [PSYoungGen: 622085K->34117K(642048K)] 700081K->112113K(2040320K), 0.0122517 secs] [Times: user=0.05 sys=0.00, real=0.01 secs] 
2020-09-29T17:57:16.427+0200: 68.598: [GC (Allocation Failure) [PSYoungGen: 620869K->46693K(640512K)] 698865K->124689K(2038784K), 0.0161806 secs] [Times: user=0.13 sys=0.00, real=0.02 secs] 
2020-09-29T17:57:16.493+0200: 68.664: [GC (Allocation Failure) [PSYoungGen: 632933K->45029K(631296K)] 710929K->123025K(2029568K), 0.0151238 secs] [Times: user=0.13 sys=0.00, real=0.01 secs] 
2020-09-29T17:57:16.559+0200: 68.730: [GC (Allocation Failure) [PSYoungGen: 631269K->56805K(631808K)] 709265K->134977K(2030080K), 0.0189302 secs] [Times: user=0.13 sys=0.00, real=0.02 secs] 
2020-09-29T17:57:16.629+0200: 68.801: [GC (Allocation Failure) [PSYoungGen: 631781K->30373K(636928K)] 709953K->108545K(2035200K), 0.0116322 secs] [Times: user=0.00 sys=0.00, real=0.01 secs] 
2020-09-29T17:57:16.691+0200: 68.862: [GC (Allocation Failure) [PSYoungGen: 605349K->29283K(637952K)] 683521K->107455K(2036224K), 0.0118020 secs] [Times: user=0.13 sys=0.00, real=0.01 secs] 
2020-09-29T17:57:16.752+0200: 68.923: [GC (Allocation Failure) [PSYoungGen: 605795K->45125K(637440K)] 683967K->123297K(2035712K), 0.0155859 secs] [Times: user=0.13 sys=0.00, real=0.02 secs] 
2020-09-29T17:57:16.820+0200: 68.991: [GC (Allocation Failure) [PSYoungGen: 621637K->47365K(636416K)] 699809K->125537K(2034688K), 0.0163610 secs] [Times: user=0.13 sys=0.00, real=0.02 secs] 
2020-09-29T17:57:16.886+0200: 69.057: [GC (Allocation Failure) [PSYoungGen: 622341K->20741K(595968K)] 700513K->98913K(1994240K), 0.0065683 secs] [Times: user=0.00 sys=0.00, real=0.01 secs] 
2020-09-29T17:57:16.944+0200: 69.115: [GC (Allocation Failure) [PSYoungGen: 595717K->31971K(636928K)] 673889K->110143K(2035200K), 0.0125820 secs] [Times: user=0.00 sys=0.00, real=0.01 secs] 
2020-09-29T17:57:17.006+0200: 69.177: [GC (Allocation Failure) [PSYoungGen: 605923K->45349K(635904K)] 684095K->123521K(2034176K), 0.0152134 secs] [Times: user=0.13 sys=0.00, real=0.01 secs] 
2020-09-29T17:57:17.070+0200: 69.241: [GC (Allocation Failure) [PSYoungGen: 619301K->31365K(637952K)] 697473K->109537K(2036224K), 0.0112048 secs] [Times: user=0.00 sys=0.00, real=0.01 secs] 
2020-09-29T17:57:17.132+0200: 69.303: [GC (Allocation Failure) [PSYoungGen: 606853K->32613K(636416K)] 685025K->110785K(2034688K), 0.0107204 secs] [Times: user=0.00 sys=0.00, real=0.01 secs] 
2020-09-29T17:57:17.193+0200: 69.364: [GC (Allocation Failure) [PSYoungGen: 608101K->33029K(641024K)] 686273K->111201K(2039296K), 0.0164149 secs] [Times: user=0.11 sys=0.00, real=0.02 secs] 
2020-09-29T17:57:17.261+0200: 69.432: [GC (Allocation Failure) [PSYoungGen: 614661K->26853K(639488K)] 692833K->105025K(2037760K), 0.0097230 secs] [Times: user=0.13 sys=0.00, real=0.01 secs] 
2020-09-29T17:57:17.325+0200: 69.496: [GC (Allocation Failure) [PSYoungGen: 608485K->18658K(640000K)] 686657K->96830K(2038272K), 0.0086853 secs] [Times: user=0.13 sys=0.00, real=0.01 secs] 
2020-09-29T17:57:17.386+0200: 69.557: [GC (Allocation Failure) [PSYoungGen: 600802K->26052K(640512K)] 678974K->104224K(2038784K), 0.0093560 secs] [Times: user=0.13 sys=0.00, real=0.01 secs] 
2020-09-29T17:57:17.444+0200: 69.615: [GC (Allocation Failure) [PSYoungGen: 608196K->31747K(643584K)] 686368K->109919K(2041856K), 0.0124114 secs] [Times: user=0.02 sys=0.02, real=0.01 secs] 
2020-09-29T17:57:17.506+0200: 69.678: [GC (Allocation Failure) [PSYoungGen: 617987K->43685K(641536K)] 696159K->121857K(2039808K), 0.0156377 secs] [Times: user=0.13 sys=0.00, real=0.02 secs] 
2020-09-29T17:57:17.582+0200: 69.754: [GC (Allocation Failure) [PSYoungGen: 629925K->42021K(641024K)] 708097K->120193K(2039296K), 0.0162118 secs] [Times: user=0.11 sys=0.00, real=0.02 secs] 
2020-09-29T17:57:17.650+0200: 69.821: [GC (Allocation Failure) [PSYoungGen: 626213K->24421K(641536K)] 704385K->102593K(2039808K), 0.0085578 secs] [Times: user=0.00 sys=0.00, real=0.01 secs] 
2020-09-29T17:57:17.710+0200: 69.881: [GC (Allocation Failure) [PSYoungGen: 608613K->34020K(644096K)] 686785K->112192K(2042368K), 0.0126142 secs] [Times: user=0.00 sys=0.00, real=0.01 secs] 
2020-09-29T17:57:17.772+0200: 69.943: [GC (Allocation Failure) [PSYoungGen: 620772K->32581K(641536K)] 698944K->110753K(2039808K), 0.0137157 secs] [Times: user=0.13 sys=0.00, real=0.01 secs] 
2020-09-29T17:57:17.839+0200: 70.010: [GC (Allocation Failure) [PSYoungGen: 619333K->45093K(641536K)] 697505K->123265K(2039808K), 0.0157844 secs] [Times: user=0.09 sys=0.00, real=0.02 secs] 
2020-09-29T17:57:17.908+0200: 70.079: [GC (Allocation Failure) [PSYoungGen: 633381K->29828K(643584K)] 711553K->108000K(2041856K), 0.0122930 secs] [Times: user=0.13 sys=0.00, real=0.01 secs] 
2020-09-29T17:57:17.974+0200: 70.146: [GC (Allocation Failure) [PSYoungGen: 618116K->43781K(641536K)] 696288K->121953K(2039808K), 0.0157977 secs] [Times: user=0.13 sys=0.00, real=0.02 secs] 
2020-09-29T17:57:18.045+0200: 70.217: [GC (Allocation Failure) [PSYoungGen: 631045K->43108K(630784K)] 709217K->121280K(2029056K), 0.0172598 secs] [Times: user=0.13 sys=0.00, real=0.02 secs] 
2020-09-29T17:57:18.115+0200: 70.286: [GC (Allocation Failure) [PSYoungGen: 630372K->27236K(643072K)] 708544K->105408K(2041344K), 0.0108276 secs] [Times: user=0.00 sys=0.00, real=0.01 secs] 
2020-09-29T17:57:18.176+0200: 70.348: [GC (Allocation Failure) [PSYoungGen: 613988K->53509K(640512K)] 692160K->131681K(2038784K), 0.0181405 secs] [Times: user=0.13 sys=0.00, real=0.02 secs] 
2020-09-29T17:57:18.248+0200: 70.419: [GC (Allocation Failure) [PSYoungGen: 640261K->24965K(636416K)] 718433K->103137K(2034688K), 0.0097636 secs] [Times: user=0.13 sys=0.00, real=0.01 secs] 
2020-09-29T17:57:18.309+0200: 70.480: [GC (Allocation Failure) [PSYoungGen: 603013K->42469K(638464K)] 681185K->120641K(2036736K), 0.0159875 secs] [Times: user=0.11 sys=0.00, real=0.02 secs] 
2020-09-29T17:57:18.375+0200: 70.547: [GC (Allocation Failure) [PSYoungGen: 620517K->46213K(635392K)] 698689K->124385K(2033664K), 0.0158122 secs] [Times: user=0.13 sys=0.00, real=0.02 secs] 
2020-09-29T17:57:18.441+0200: 70.612: [GC (Allocation Failure) [PSYoungGen: 621189K->31365K(636928K)] 699361K->109537K(2035200K), 0.0112303 secs] [Times: user=0.13 sys=0.00, real=0.01 secs] 
2020-09-29T17:57:18.502+0200: 70.673: [GC (Allocation Failure) [PSYoungGen: 606341K->31459K(640000K)] 684513K->109631K(2038272K), 0.0118964 secs] [Times: user=0.13 sys=0.00, real=0.01 secs] 
2020-09-29T17:57:18.564+0200: 70.735: [GC (Allocation Failure) [PSYoungGen: 611043K->34340K(638464K)] 689215K->112512K(2036736K), 0.0145250 secs] [Times: user=0.11 sys=0.00, real=0.01 secs] 
2020-09-29T17:57:18.630+0200: 70.801: [GC (Allocation Failure) [PSYoungGen: 613924K->39076K(643072K)] 692096K->117248K(2041344K), 0.0150030 secs] [Times: user=0.00 sys=0.02, real=0.01 secs] 
2020-09-29T17:57:18.696+0200: 70.866: [GC (Allocation Failure) [PSYoungGen: 625316K->37381K(642048K)] 703488K->115553K(2040320K), 0.0127841 secs] [Times: user=0.13 sys=0.00, real=0.01 secs] 
2020-09-29T17:57:18.760+0200: 70.931: [GC (Allocation Failure) [PSYoungGen: 623621K->35653K(646144K)] 701793K->113825K(2044416K), 0.0125548 secs] [Times: user=0.13 sys=0.00, real=0.01 secs] 
2020-09-29T17:57:18.823+0200: 70.994: [GC (Allocation Failure) [PSYoungGen: 627525K->23172K(644608K)] 705697K->101344K(2042880K), 0.0090794 secs] [Times: user=0.01 sys=0.00, real=0.01 secs] 
2020-09-29T17:57:18.884+0200: 71.055: [GC (Allocation Failure) [PSYoungGen: 615044K->40869K(644608K)] 693216K->119041K(2042880K), 0.0296644 secs] [Times: user=0.25 sys=0.00, real=0.03 secs] 
2020-09-29T17:57:18.965+0200: 71.136: [GC (Allocation Failure) [PSYoungGen: 632229K->30532K(645120K)] 710401K->108704K(2043392K), 0.0121044 secs] [Times: user=0.13 sys=0.00, real=0.01 secs] 
2020-09-29T17:57:19.028+0200: 71.199: [GC (Allocation Failure) [PSYoungGen: 621892K->32452K(647168K)] 700064K->110624K(2045440K), 0.0123999 secs] [Times: user=0.13 sys=0.00, real=0.01 secs] 
2020-09-29T17:57:19.094+0200: 71.265: [GC (Allocation Failure) [PSYoungGen: 626884K->38917K(646144K)] 705056K->117089K(2044416K), 0.0133724 secs] [Times: user=0.13 sys=0.00, real=0.01 secs] 
2020-09-29T17:57:19.159+0200: 71.330: [GC (Allocation Failure) [PSYoungGen: 633349K->30884K(648192K)] 711521K->109056K(2046464K), 0.0121594 secs] [Times: user=0.13 sys=0.00, real=0.01 secs] 
2020-09-29T17:57:19.225+0200: 71.396: [GC (Allocation Failure) [PSYoungGen: 627876K->38213K(647680K)] 706048K->116385K(2045952K), 0.0140511 secs] [Times: user=0.13 sys=0.00, real=0.01 secs] 
2020-09-29T17:57:19.291+0200: 71.462: [GC (Allocation Failure) [PSYoungGen: 635205K->33605K(649728K)] 713377K->111777K(2048000K), 0.0136975 secs] [Times: user=0.13 sys=0.00, real=0.01 secs] 
2020-09-29T17:57:19.357+0200: 71.528: [GC (Allocation Failure) [PSYoungGen: 633157K->31621K(648704K)] 711329K->109793K(2046976K), 0.0114818 secs] [Times: user=0.13 sys=0.00, real=0.01 secs] 
2020-09-29T17:57:19.420+0200: 71.591: [GC (Allocation Failure) [PSYoungGen: 631173K->28868K(650752K)] 709345K->107040K(2049024K), 0.0108933 secs] [Times: user=0.13 sys=0.00, real=0.01 secs] 
2020-09-29T17:57:19.484+0200: 71.655: [GC (Allocation Failure) [PSYoungGen: 631492K->29925K(650752K)] 709664K->108097K(2049024K), 0.0104767 secs] [Times: user=0.13 sys=0.00, real=0.01 secs] 
2020-09-29T17:57:19.555+0200: 71.726: [GC (Allocation Failure) [PSYoungGen: 632549K->30981K(652288K)] 710721K->109153K(2050560K), 0.0106853 secs] [Times: user=0.00 sys=0.00, real=0.01 secs] 
2020-09-29T17:57:19.620+0200: 71.791: [GC (Allocation Failure) [PSYoungGen: 636165K->34021K(651776K)] 714337K->112193K(2050048K), 0.0124290 secs] [Times: user=0.13 sys=0.00, real=0.01 secs] 
2020-09-29T17:57:19.685+0200: 71.856: [GC (Allocation Failure) [PSYoungGen: 639205K->37444K(653312K)] 717377K->115616K(2051584K), 0.0137690 secs] [Times: user=0.13 sys=0.00, real=0.01 secs] 
2020-09-29T17:57:19.751+0200: 71.922: [GC (Allocation Failure) [PSYoungGen: 645188K->28964K(653312K)] 723360K->107136K(2051584K), 0.0105523 secs] [Times: user=0.13 sys=0.00, real=0.01 secs] 
2020-09-29T17:57:19.814+0200: 71.985: [GC (Allocation Failure) [PSYoungGen: 636708K->33509K(654848K)] 714880K->111681K(2053120K), 0.0114871 secs] [Times: user=0.13 sys=0.00, real=0.01 secs] 
2020-09-29T17:57:19.878+0200: 72.049: [GC (Allocation Failure) [PSYoungGen: 642789K->41253K(650752K)] 720961K->119425K(2049024K), 0.0142653 secs] [Times: user=0.13 sys=0.00, real=0.01 secs] 
2020-09-29T17:57:19.946+0200: 72.117: [GC (Allocation Failure) [PSYoungGen: 650533K->34916K(653824K)] 728705K->113088K(2052096K), 0.0135468 secs] [Times: user=0.13 sys=0.00, real=0.01 secs] 
2020-09-29T17:57:20.012+0200: 72.183: [GC (Allocation Failure) [PSYoungGen: 642660K->41125K(649216K)] 720832K->119297K(2047488K), 0.0149441 secs] [Times: user=0.13 sys=0.00, real=0.01 secs] 
2020-09-29T17:57:20.080+0200: 72.252: [GC (Allocation Failure) [PSYoungGen: 648869K->46565K(634880K)] 727041K->139049K(2033152K), 0.0238985 secs] [Times: user=0.24 sys=0.02, real=0.02 secs] 
2020-09-29T17:57:20.155+0200: 72.326: [GC (Allocation Failure) [PSYoungGen: 634853K->31908K(643584K)] 727337K->124392K(2041856K), 0.0117050 secs] [Times: user=0.13 sys=0.00, real=0.01 secs] 
2020-09-29T17:57:20.220+0200: 72.391: [GC (Allocation Failure) [PSYoungGen: 620196K->32293K(645632K)] 712680K->124777K(2043904K), 0.0121290 secs] [Times: user=0.13 sys=0.00, real=0.01 secs] 
2020-09-29T17:57:20.284+0200: 72.455: [GC (Allocation Failure) [PSYoungGen: 623653K->35749K(644608K)] 716137K->128233K(2042880K), 0.0126978 secs] [Times: user=0.13 sys=0.00, real=0.01 secs] 
2020-09-29T17:57:20.349+0200: 72.519: [GC (Allocation Failure) [PSYoungGen: 627109K->39077K(647680K)] 719593K->131561K(2045952K), 0.0140100 secs] [Times: user=0.00 sys=0.00, real=0.01 secs] 
2020-09-29T17:57:20.415+0200: 72.586: [GC (Allocation Failure) [PSYoungGen: 635045K->47141K(643584K)] 727529K->139625K(2041856K), 0.0159140 secs] [Times: user=0.13 sys=0.00, real=0.02 secs] 
2020-09-29T17:57:20.482+0200: 72.653: [GC (Allocation Failure) [PSYoungGen: 643109K->27781K(645120K)] 735593K->120265K(2043392K), 0.0101187 secs] [Times: user=0.13 sys=0.00, real=0.01 secs] 
2020-09-29T17:57:20.544+0200: 72.715: [GC (Allocation Failure) [PSYoungGen: 619141K->43269K(634880K)] 711625K->135753K(2033152K), 0.0155003 secs] [Times: user=0.13 sys=0.00, real=0.02 secs] 
2020-09-29T17:57:20.612+0200: 72.783: [GC (Allocation Failure) [PSYoungGen: 634629K->32388K(645120K)] 727113K->124872K(2043392K), 0.0126214 secs] [Times: user=0.11 sys=0.00, real=0.01 secs] 
2020-09-29T17:57:20.676+0200: 72.847: [GC (Allocation Failure) [PSYoungGen: 622724K->34821K(644096K)] 715208K->127305K(2042368K), 0.0122448 secs] [Times: user=0.00 sys=0.00, real=0.01 secs] 
2020-09-29T17:57:20.739+0200: 72.910: [GC (Allocation Failure) [PSYoungGen: 625157K->50949K(638464K)] 717641K->143433K(2036736K), 0.0172692 secs] [Times: user=0.13 sys=0.00, real=0.02 secs] 
2020-09-29T17:57:20.807+0200: 72.978: [GC (Allocation Failure) [PSYoungGen: 637189K->21508K(608256K)] 729673K->113992K(2006528K), 0.0089295 secs] [Times: user=0.00 sys=0.00, real=0.01 secs] 
2020-09-29T17:57:20.866+0200: 73.038: [GC (Allocation Failure) [PSYoungGen: 607748K->17796K(639488K)] 700232K->110280K(2037760K), 0.0076241 secs] [Times: user=0.00 sys=0.00, real=0.01 secs] 
2020-09-29T17:57:20.925+0200: 73.096: [GC (Allocation Failure) [PSYoungGen: 599940K->37636K(640512K)] 692424K->130120K(2038784K), 0.0141183 secs] [Times: user=0.13 sys=0.00, real=0.01 secs] 
2020-09-29T17:57:20.989+0200: 73.161: [GC (Allocation Failure) [PSYoungGen: 619780K->45509K(638464K)] 712264K->137993K(2036736K), 0.0157451 secs] [Times: user=0.13 sys=0.00, real=0.02 secs] 
2020-09-29T17:57:21.057+0200: 73.229: [GC (Allocation Failure) [PSYoungGen: 626629K->38340K(640000K)] 719113K->130824K(2038272K), 0.0142238 secs] [Times: user=0.13 sys=0.00, real=0.02 secs] 
2020-09-29T17:57:21.125+0200: 73.296: [GC (Allocation Failure) [PSYoungGen: 619460K->45189K(638464K)] 711944K->137673K(2036736K), 0.0155130 secs] [Times: user=0.13 sys=0.00, real=0.02 secs] 
2020-09-29T17:57:21.191+0200: 73.362: [GC (Allocation Failure) [PSYoungGen: 626309K->38373K(640000K)] 718793K->130857K(2038272K), 0.0160613 secs] [Times: user=0.20 sys=0.00, real=0.02 secs] 
2020-09-29T17:57:21.259+0200: 73.430: [GC (Allocation Failure) [PSYoungGen: 619493K->45253K(640000K)] 711977K->137737K(2038272K), 0.0155730 secs] [Times: user=0.13 sys=0.00, real=0.02 secs] 
2020-09-29T17:57:21.325+0200: 73.496: [GC (Allocation Failure) [PSYoungGen: 628421K->11683K(594944K)] 720905K->104167K(1993216K), 0.0052093 secs] [Times: user=0.00 sys=0.00, real=0.00 secs] 
2020-09-29T17:57:21.380+0200: 73.552: [GC (Allocation Failure) [PSYoungGen: 594851K->34212K(640512K)] 687335K->126696K(2038784K), 0.0129555 secs] [Times: user=0.00 sys=0.00, real=0.01 secs] 
2020-09-29T17:57:21.448+0200: 73.619: [GC (Allocation Failure) [PSYoungGen: 614308K->40069K(638464K)] 706792K->132553K(2036736K), 0.0153721 secs] [Times: user=0.13 sys=0.00, real=0.02 secs] 
2020-09-29T17:57:21.514+0200: 73.686: [GC (Allocation Failure) [PSYoungGen: 620165K->45957K(637952K)] 712649K->138441K(2036224K), 0.0154842 secs] [Times: user=0.13 sys=0.00, real=0.02 secs] 
2020-09-29T17:57:21.581+0200: 73.752: [GC (Allocation Failure) [PSYoungGen: 626053K->23652K(639488K)] 718537K->116136K(2037760K), 0.0106824 secs] [Times: user=0.11 sys=0.00, real=0.01 secs] 
2020-09-29T17:57:21.645+0200: 73.817: [GC (Allocation Failure) [PSYoungGen: 603748K->13955K(637440K)] 696232K->106439K(2035712K), 0.0063496 secs] [Times: user=0.00 sys=0.00, real=0.01 secs] 
2020-09-29T17:57:21.704+0200: 73.875: [GC (Allocation Failure) [PSYoungGen: 592003K->31429K(638464K)] 684487K->123913K(2036736K), 0.0116716 secs] [Times: user=0.13 sys=0.00, real=0.01 secs] 
2020-09-29T17:57:21.765+0200: 73.936: [GC (Allocation Failure) [PSYoungGen: 609477K->35173K(642560K)] 701961K->127657K(2040832K), 0.0146046 secs] [Times: user=0.11 sys=0.00, real=0.01 secs] 
2020-09-29T17:57:21.831+0200: 74.002: [GC (Allocation Failure) [PSYoungGen: 619365K->31429K(640512K)] 711849K->123913K(2038784K), 0.0112605 secs] [Times: user=0.13 sys=0.00, real=0.01 secs] 
2020-09-29T17:57:21.892+0200: 74.063: [GC (Allocation Failure) [PSYoungGen: 615621K->41413K(643072K)] 708105K->133897K(2041344K), 0.0142765 secs] [Times: user=0.13 sys=0.00, real=0.01 secs] 
2020-09-29T17:57:21.958+0200: 74.130: [GC (Allocation Failure) [PSYoungGen: 629701K->28133K(643584K)] 722185K->120617K(2041856K), 0.0099348 secs] [Times: user=0.00 sys=0.00, real=0.01 secs] 
2020-09-29T17:57:22.021+0200: 74.192: [GC (Allocation Failure) [PSYoungGen: 616421K->42149K(642560K)] 708905K->134633K(2040832K), 0.0145548 secs] [Times: user=0.13 sys=0.00, real=0.01 secs] 
2020-09-29T17:57:22.088+0200: 74.259: [GC (Allocation Failure) [PSYoungGen: 630437K->28837K(643584K)] 722921K->121321K(2041856K), 0.0101429 secs] [Times: user=0.13 sys=0.00, real=0.01 secs] 
2020-09-29T17:57:22.150+0200: 74.322: [GC (Allocation Failure) [PSYoungGen: 617125K->27844K(645632K)] 709609K->120328K(2043904K), 0.0107086 secs] [Times: user=0.13 sys=0.00, real=0.01 secs] 
2020-09-29T17:57:22.215+0200: 74.386: [GC (Allocation Failure) [PSYoungGen: 619204K->44901K(636416K)] 711688K->137385K(2034688K), 0.0157346 secs] [Times: user=0.13 sys=0.00, real=0.02 secs] 
2020-09-29T17:57:22.282+0200: 74.453: [GC (Allocation Failure) [PSYoungGen: 636261K->17507K(642048K)] 728745K->109991K(2040320K), 0.0070270 secs] [Times: user=0.13 sys=0.00, real=0.01 secs] 
2020-09-29T17:57:22.339+0200: 74.511: [GC (Allocation Failure) [PSYoungGen: 603747K->43237K(629760K)] 696231K->135721K(2028032K), 0.0153701 secs] [Times: user=0.13 sys=0.00, real=0.02 secs] 
2020-09-29T17:57:22.407+0200: 74.579: [GC (Allocation Failure) [PSYoungGen: 629477K->41509K(640000K)] 721961K->133993K(2038272K), 0.0153749 secs] [Times: user=0.13 sys=0.00, real=0.02 secs] 
2020-09-29T17:57:22.477+0200: 74.649: [GC (Allocation Failure) [PSYoungGen: 623653K->35781K(640512K)] 716137K->128265K(2038784K), 0.0155415 secs] [Times: user=0.11 sys=0.00, real=0.02 secs] 
2020-09-29T17:57:22.548+0200: 74.719: [GC (Allocation Failure) [PSYoungGen: 617925K->43717K(640000K)] 710409K->136201K(2038272K), 0.0170484 secs] [Times: user=0.13 sys=0.00, real=0.02 secs] 
2020-09-29T17:57:22.619+0200: 74.790: [GC (Allocation Failure) [PSYoungGen: 626885K->25285K(641024K)] 719369K->117769K(2039296K), 0.0085640 secs] [Times: user=0.00 sys=0.00, real=0.01 secs] 
2020-09-29T17:57:22.683+0200: 74.854: [GC (Allocation Failure) [PSYoungGen: 608453K->33156K(643584K)] 700937K->125640K(2041856K), 0.0123034 secs] [Times: user=0.13 sys=0.00, real=0.01 secs] 
2020-09-29T17:57:22.745+0200: 74.917: [GC (Allocation Failure) [PSYoungGen: 619396K->45125K(641536K)] 711880K->137609K(2039808K), 0.0158600 secs] [Times: user=0.13 sys=0.00, real=0.02 secs] 
2020-09-29T17:57:22.813+0200: 74.984: [GC (Allocation Failure) [PSYoungGen: 631365K->29540K(642560K)] 723849K->122024K(2040832K), 0.0123896 secs] [Times: user=0.13 sys=0.00, real=0.01 secs] 
2020-09-29T17:57:22.877+0200: 75.048: [GC (Allocation Failure) [PSYoungGen: 614756K->40549K(641536K)] 707240K->133033K(2039808K), 0.0151403 secs] [Times: user=0.13 sys=0.00, real=0.01 secs] 
2020-09-29T17:57:22.943+0200: 75.114: [GC (Allocation Failure) [PSYoungGen: 625765K->37861K(644096K)] 718249K->130345K(2042368K), 0.0130521 secs] [Times: user=0.00 sys=0.00, real=0.01 secs] 
2020-09-29T17:57:23.007+0200: 75.178: [GC (Allocation Failure) [PSYoungGen: 625637K->22148K(642560K)] 718121K->114632K(2040832K), 0.0079895 secs] [Times: user=0.00 sys=0.00, real=0.01 secs] 
2020-09-29T17:57:23.069+0200: 75.239: [GC (Allocation Failure) [PSYoungGen: 609924K->20003K(642560K)] 702408K->112487K(2040832K), 0.0078864 secs] [Times: user=0.00 sys=0.00, real=0.01 secs] 
2020-09-29T17:57:23.128+0200: 75.299: [GC (Allocation Failure) [PSYoungGen: 607267K->31203K(643072K)] 699751K->123687K(2041344K), 0.0126189 secs] [Times: user=0.11 sys=0.00, real=0.01 secs] 
2020-09-29T17:57:23.192+0200: 75.362: [GC (Allocation Failure) [PSYoungGen: 618467K->29123K(646656K)] 710951K->121607K(2044928K), 0.0157214 secs] [Times: user=0.00 sys=0.00, real=0.02 secs] 
2020-09-29T17:57:23.258+0200: 75.429: [GC (Allocation Failure) [PSYoungGen: 622019K->47812K(641024K)] 714503K->140296K(2039296K), 0.0168705 secs] [Times: user=0.13 sys=0.00, real=0.02 secs] 
2020-09-29T17:57:23.324+0200: 75.495: [GC (Allocation Failure) [PSYoungGen: 640708K->11042K(638976K)] 733192K->103526K(2037248K), 0.0051964 secs] [Times: user=0.00 sys=0.00, real=0.01 secs] 
2020-09-29T17:57:23.378+0200: 75.549: [GC (Allocation Failure) [PSYoungGen: 594210K->20100K(641024K)] 686694K->112584K(2039296K), 0.0076707 secs] [Times: user=0.13 sys=0.00, real=0.01 secs] 
2020-09-29T17:57:23.436+0200: 75.607: [GC (Allocation Failure) [PSYoungGen: 603268K->28932K(644096K)] 695752K->121416K(2042368K), 0.0111870 secs] [Times: user=0.13 sys=0.00, real=0.01 secs] 
2020-09-29T17:57:23.498+0200: 75.668: [GC (Allocation Failure) [PSYoungGen: 616196K->28260K(642048K)] 708680K->120744K(2040320K), 0.0113752 secs] [Times: user=0.13 sys=0.00, real=0.01 secs] 
2020-09-29T17:57:23.558+0200: 75.729: [GC (Allocation Failure) [PSYoungGen: 615524K->27427K(648192K)] 708008K->119911K(2046464K), 0.0111224 secs] [Times: user=0.13 sys=0.00, real=0.01 secs] 
2020-09-29T17:57:23.623+0200: 75.794: [GC (Allocation Failure) [PSYoungGen: 622883K->20675K(646144K)] 715367K->113159K(2044416K), 0.0092202 secs] [Times: user=0.13 sys=0.00, real=0.01 secs] 
2020-09-29T17:57:23.682+0200: 75.853: [GC (Allocation Failure) [PSYoungGen: 616131K->28196K(650752K)] 708615K->120680K(2049024K), 0.0104912 secs] [Times: user=0.13 sys=0.00, real=0.01 secs] 
2020-09-29T17:57:23.744+0200: 75.915: [GC (Allocation Failure) [PSYoungGen: 628772K->26563K(648704K)] 721256K->119047K(2046976K), 0.0116677 secs] [Times: user=0.13 sys=0.00, real=0.01 secs] 
2020-09-29T17:57:23.807+0200: 75.977: [GC (Allocation Failure) [PSYoungGen: 627139K->25380K(653312K)] 719623K->117864K(2051584K), 0.0098169 secs] [Times: user=0.00 sys=0.00, real=0.01 secs] 
2020-09-29T17:57:23.867+0200: 76.038: [GC (Allocation Failure) [PSYoungGen: 632100K->30436K(652288K)] 724584K->122920K(2050560K), 0.0115328 secs] [Times: user=0.00 sys=0.00, real=0.01 secs] 
2020-09-29T17:57:23.932+0200: 76.103: [GC (Allocation Failure) [PSYoungGen: 637156K->35620K(652288K)] 729640K->128104K(2050560K), 0.0147604 secs] [Times: user=0.13 sys=0.00, real=0.02 secs] 
2020-09-29T17:57:23.998+0200: 76.168: [GC (Allocation Failure) [PSYoungGen: 643364K->41828K(649728K)] 735848K->134312K(2048000K), 0.0150837 secs] [Times: user=0.13 sys=0.00, real=0.02 secs] 
2020-09-29T17:57:24.067+0200: 76.238: [GC (Allocation Failure) [PSYoungGen: 649572K->20612K(650240K)] 742056K->113096K(2048512K), 0.0084430 secs] [Times: user=0.09 sys=0.00, real=0.01 secs] 
2020-09-29T17:57:24.137+0200: 76.308: [GC (Allocation Failure) [PSYoungGen: 622212K->18339K(650240K)] 714696K->110823K(2048512K), 0.0088671 secs] [Times: user=0.13 sys=0.00, real=0.01 secs] 
2020-09-29T17:57:24.201+0200: 76.371: [GC (Allocation Failure) [PSYoungGen: 619939K->15330K(650240K)] 712423K->107814K(2048512K), 0.0100542 secs] [Times: user=0.11 sys=0.00, real=0.01 secs] 
2020-09-29T17:57:24.263+0200: 76.434: [GC (Allocation Failure) [PSYoungGen: 616930K->28963K(650240K)] 709414K->121447K(2048512K), 0.0118081 secs] [Times: user=0.13 sys=0.00, real=0.01 secs] 
2020-09-29T17:57:24.324+0200: 76.494: [GC (Allocation Failure) [PSYoungGen: 630563K->28963K(652800K)] 723047K->121447K(2051072K), 0.0121741 secs] [Times: user=0.13 sys=0.00, real=0.02 secs] 
2020-09-29T17:57:24.415+0200: 76.586: [GC (Allocation Failure) [PSYoungGen: 634147K->18242K(651264K)] 726631K->110726K(2049536K), 0.0102321 secs] [Times: user=0.00 sys=0.00, real=0.01 secs] 
2020-09-29T17:57:24.474+0200: 76.645: [GC (Allocation Failure) [PSYoungGen: 623426K->6465K(650240K)] 715910K->98949K(2048512K), 0.0049815 secs] [Times: user=0.00 sys=0.00, real=0.01 secs] 
2020-09-29T17:57:24.528+0200: 76.699: [GC (Allocation Failure) [PSYoungGen: 611137K->22691K(651776K)] 703621K->115175K(2050048K), 0.0102933 secs] [Times: user=0.13 sys=0.00, real=0.01 secs] 
2020-09-29T17:57:24.591+0200: 76.761: [GC (Allocation Failure) [PSYoungGen: 627363K->12067K(653312K)] 719847K->104551K(2051584K), 0.0055176 secs] [Times: user=0.00 sys=0.00, real=0.00 secs] 
2020-09-29T17:57:24.646+0200: 76.817: [GC (Allocation Failure) [PSYoungGen: 619811K->18211K(653312K)] 712295K->110695K(2051584K), 0.0075440 secs] [Times: user=0.00 sys=0.00, real=0.01 secs] 
2020-09-29T17:57:24.707+0200: 76.877: [GC (Allocation Failure) [PSYoungGen: 625955K->9153K(654848K)] 718439K->101637K(2053120K), 0.0061882 secs] [Times: user=0.13 sys=0.00, real=0.01 secs] 
2020-09-29T17:57:24.766+0200: 76.936: [GC (Allocation Failure) [PSYoungGen: 619969K->18403K(654848K)] 712453K->110887K(2053120K), 0.0087632 secs] [Times: user=0.13 sys=0.00, real=0.01 secs] 
2020-09-29T17:57:24.825+0200: 76.995: [GC (Allocation Failure) [PSYoungGen: 629219K->24834K(657408K)] 721703K->117318K(2055680K), 0.0114575 secs] [Times: user=0.13 sys=0.00, real=0.01 secs] 
2020-09-29T17:57:24.885+0200: 77.056: [GC (Allocation Failure) [PSYoungGen: 639746K->24450K(656384K)] 732230K->116934K(2054656K), 0.0109398 secs] [Times: user=0.13 sys=0.00, real=0.01 secs] 
2020-09-29T17:57:24.946+0200: 77.117: [GC (Allocation Failure) [PSYoungGen: 639362K->24131K(658944K)] 731846K->116615K(2057216K), 0.0102054 secs] [Times: user=0.00 sys=0.00, real=0.01 secs] 
2020-09-29T17:57:25.008+0200: 77.178: [GC (Allocation Failure) [PSYoungGen: 642115K->26787K(657920K)] 734599K->119271K(2056192K), 0.0113882 secs] [Times: user=0.00 sys=0.00, real=0.01 secs] 
2020-09-29T17:57:25.068+0200: 77.239: [GC (Allocation Failure) [PSYoungGen: 644771K->13089K(658944K)] 737255K->105573K(2057216K), 0.0073821 secs] [Times: user=0.00 sys=0.00, real=0.01 secs] 
2020-09-29T17:57:25.126+0200: 77.297: [GC (Allocation Failure) [PSYoungGen: 632097K->15266K(658944K)] 724581K->107750K(2057216K), 0.0078815 secs] [Times: user=0.13 sys=0.00, real=0.01 secs] 
2020-09-29T17:57:25.185+0200: 77.356: [GC (Allocation Failure) [PSYoungGen: 634274K->19043K(661504K)] 726758K->111527K(2059776K), 0.0106288 secs] [Times: user=0.11 sys=0.00, real=0.01 secs] 
2020-09-29T17:57:25.247+0200: 77.419: [GC (Allocation Failure) [PSYoungGen: 641635K->11618K(659968K)] 734119K->104102K(2058240K), 0.0061329 secs] [Times: user=0.02 sys=0.00, real=0.01 secs] 
2020-09-29T17:57:25.304+0200: 77.475: [GC (Allocation Failure) [PSYoungGen: 634210K->18979K(663040K)] 726694K->111463K(2061312K), 0.0082997 secs] [Times: user=0.00 sys=0.00, real=0.01 secs] 
2020-09-29T17:57:25.365+0200: 77.536: [GC (Allocation Failure) [PSYoungGen: 644643K->14658K(661504K)] 737127K->107142K(2059776K), 0.0081755 secs] [Times: user=0.00 sys=0.00, real=0.01 secs] 
2020-09-29T17:57:25.424+0200: 77.595: [GC (Allocation Failure) [PSYoungGen: 640322K->25155K(662016K)] 732806K->117639K(2060288K), 0.0102671 secs] [Times: user=0.13 sys=0.00, real=0.01 secs] 
2020-09-29T17:57:25.486+0200: 77.657: [GC (Allocation Failure) [PSYoungGen: 651297K->4002K(631296K)] 743781K->96486K(2029568K), 0.0028417 secs] [Times: user=0.00 sys=0.00, real=0.00 secs] 
2020-09-29T17:57:25.539+0200: 77.710: [GC (Allocation Failure) [PSYoungGen: 631202K->16003K(663552K)] 723686K->108487K(2061824K), 0.0075650 secs] [Times: user=0.00 sys=0.00, real=0.01 secs] 
2020-09-29T17:57:25.604+0200: 77.775: [GC (Allocation Failure) [PSYoungGen: 642691K->27459K(654336K)] 735175K->119943K(2052608K), 0.0112583 secs] [Times: user=0.13 sys=0.00, real=0.01 secs] 
2020-09-29T17:57:25.674+0200: 77.845: [GC (Allocation Failure) [PSYoungGen: 654147K->6849K(661504K)] 746631K->99333K(2059776K), 0.0048909 secs] [Times: user=0.13 sys=0.00, real=0.00 secs] 
2020-09-29T17:57:25.777+0200: 77.948: [GC (Allocation Failure) [PSYoungGen: 630977K->32K(624640K)] 723461K->92516K(2022912K), 0.0005076 secs] [Times: user=0.00 sys=0.00, real=0.00 secs] 
2020-09-29T17:57:25.876+0200: 78.047: [GC (Allocation Failure) [PSYoungGen: 624160K->9025K(661504K)] 716644K->101509K(2059776K), 0.0059354 secs] [Times: user=0.13 sys=0.00, real=0.01 secs] 
Heap
 PSYoungGen      total 661504K, used 405785K [0x00000000d5580000, 0x0000000100000000, 0x0000000100000000)
  eden space 623104K, 63% used [0x00000000d5580000,0x00000000ed8f6328,0x00000000fb600000)
  from space 38400K, 23% used [0x00000000fda80000,0x00000000fe350490,0x0000000100000000)
  to   space 37376K, 0% used [0x00000000fb600000,0x00000000fb600000,0x00000000fda80000)
 ParOldGen       total 1398272K, used 92484K [0x0000000080000000, 0x00000000d5580000, 0x00000000d5580000)
  object space 1398272K, 6% used [0x0000000080000000,0x0000000085a51060,0x00000000d5580000)
 Metaspace       used 2594K, capacity 4486K, committed 4864K, reserved 1056768K
  class space    used 285K, capacity 386K, committed 512K, reserved 1048576K
