Java HotSpot(TM) 64-Bit Server VM (25.261-b12) for windows-amd64 JRE (1.8.0_261-b12), built on Jun 18 2020 06:56:32 by "" with unknown MS VC++:1916
Memory: 4k page, physical 16659684k(9658548k free), swap 23213284k(9154384k free)
CommandLine flags: -XX:InitialHeapSize=2147483648 -XX:MaxHeapSize=2147483648 -XX:+PrintGC -XX:+PrintGCDateStamps -XX:+PrintGCDetails -XX:+PrintGCTimeStamps -XX:+UseCompressedClassPointers -XX:+UseCompressedOops -XX:-UseLargePagesIndividualAllocation -XX:+UseParallelGC 
2020-09-29T17:36:51.677+0200: 0.360: [GC (Allocation Failure) [PSYoungGen: 524800K->4498K(611840K)] 524800K->4506K(2010112K), 0.0042028 secs] [Times: user=0.00 sys=0.00, real=0.00 secs] 
2020-09-29T17:36:51.741+0200: 0.424: [GC (Allocation Failure) [PSYoungGen: 529298K->35220K(611840K)] 529306K->35228K(2010112K), 0.0491458 secs] [Times: user=0.36 sys=0.02, real=0.05 secs] 
2020-09-29T17:36:51.852+0200: 0.533: [GC (Allocation Failure) [PSYoungGen: 560020K->40100K(611840K)] 560028K->40108K(2010112K), 0.0212917 secs] [Times: user=0.11 sys=0.01, real=0.02 secs] 
2020-09-29T17:36:51.924+0200: 0.606: [GC (Allocation Failure) [PSYoungGen: 564900K->30692K(611840K)] 564908K->30700K(2010112K), 0.0123318 secs] [Times: user=0.11 sys=0.00, real=0.01 secs] 
2020-09-29T17:36:51.985+0200: 0.667: [GC (Allocation Failure) [PSYoungGen: 555492K->49653K(611840K)] 555500K->49661K(2010112K), 0.0185064 secs] [Times: user=0.11 sys=0.00, real=0.02 secs] 
2020-09-29T17:36:52.055+0200: 0.737: [GC (Allocation Failure) [PSYoungGen: 574453K->25908K(640000K)] 574461K->25916K(2038272K), 0.0107369 secs] [Times: user=0.00 sys=0.00, real=0.01 secs] 
2020-09-29T17:36:52.124+0200: 0.806: [GC (Allocation Failure) [PSYoungGen: 603956K->28996K(636928K)] 603964K->29416K(2035200K), 0.0172768 secs] [Times: user=0.09 sys=0.02, real=0.02 secs] 
2020-09-29T17:36:52.199+0200: 0.881: [GC (Allocation Failure) [PSYoungGen: 607044K->29411K(646144K)] 607464K->29831K(2044416K), 0.0131463 secs] [Times: user=0.11 sys=0.00, real=0.01 secs] 
2020-09-29T17:36:52.271+0200: 0.953: [GC (Allocation Failure) [PSYoungGen: 620259K->32325K(643584K)] 620679K->32745K(2041856K), 0.0116025 secs] [Times: user=0.00 sys=0.00, real=0.01 secs] 
2020-09-29T17:36:52.345+0200: 1.027: [GC (Allocation Failure) [PSYoungGen: 623173K->48965K(638464K)] 623593K->49385K(2036736K), 0.0188719 secs] [Times: user=0.25 sys=0.00, real=0.02 secs] 
2020-09-29T17:36:52.422+0200: 1.104: [GC (Allocation Failure) [PSYoungGen: 636229K->34597K(643072K)] 636649K->35017K(2041344K), 0.0124835 secs] [Times: user=0.13 sys=0.00, real=0.01 secs] 
2020-09-29T17:36:52.494+0200: 1.176: [GC (Allocation Failure) [PSYoungGen: 621861K->33188K(646656K)] 622281K->33608K(2044928K), 0.0122789 secs] [Times: user=0.13 sys=0.00, real=0.01 secs] 
2020-09-29T17:36:52.569+0200: 1.251: [GC (Allocation Failure) [PSYoungGen: 625572K->37508K(644608K)] 625992K->37928K(2042880K), 0.0174538 secs] [Times: user=0.11 sys=0.00, real=0.02 secs] 
2020-09-29T17:36:52.644+0200: 1.326: [GC (Allocation Failure) [PSYoungGen: 629892K->11587K(643584K)] 630312K->12007K(2041856K), 0.0060359 secs] [Times: user=0.09 sys=0.00, real=0.01 secs] 
2020-09-29T17:36:52.718+0200: 1.400: [GC (Allocation Failure) [PSYoungGen: 602947K->42469K(633856K)] 603367K->42889K(2032128K), 0.0155756 secs] [Times: user=0.09 sys=0.01, real=0.02 secs] 
2020-09-29T17:36:52.793+0200: 1.475: [GC (Allocation Failure) [PSYoungGen: 633829K->43076K(640000K)] 634249K->43496K(2038272K), 0.0155500 secs] [Times: user=0.13 sys=0.00, real=0.02 secs] 
2020-09-29T17:36:52.868+0200: 1.550: [GC (Allocation Failure) [PSYoungGen: 627268K->53061K(637440K)] 627688K->53481K(2035712K), 0.0179493 secs] [Times: user=0.13 sys=0.00, real=0.02 secs] 
2020-09-29T17:36:52.941+0200: 1.623: [GC (Allocation Failure) [PSYoungGen: 637253K->49317K(630272K)] 637673K->49737K(2028544K), 0.0169272 secs] [Times: user=0.25 sys=0.00, real=0.02 secs] 
2020-09-29T17:36:53.021+0200: 1.703: [GC (Allocation Failure) [PSYoungGen: 618149K->43493K(633856K)] 618569K->43913K(2032128K), 0.0152375 secs] [Times: user=0.13 sys=0.00, real=0.02 secs] 
2020-09-29T17:36:53.085+0200: 1.767: [GC (Allocation Failure) [PSYoungGen: 612325K->24195K(634880K)] 612745K->24615K(2033152K), 0.0100568 secs] [Times: user=0.00 sys=0.00, real=0.01 secs] 
2020-09-29T17:36:53.144+0200: 1.826: [GC (Allocation Failure) [PSYoungGen: 594563K->47749K(618496K)] 594983K->48169K(2016768K), 0.0165632 secs] [Times: user=0.13 sys=0.03, real=0.02 secs] 
2020-09-29T17:36:53.210+0200: 1.892: [GC (Allocation Failure) [PSYoungGen: 618117K->43781K(633344K)] 618537K->44201K(2031616K), 0.0150738 secs] [Times: user=0.13 sys=0.00, real=0.01 secs] 
2020-09-29T17:36:53.275+0200: 1.957: [GC (Allocation Failure) [PSYoungGen: 611589K->23492K(633344K)] 612009K->23912K(2031616K), 0.0085424 secs] [Times: user=0.00 sys=0.00, real=0.01 secs] 
2020-09-29T17:36:53.338+0200: 2.020: [GC (Allocation Failure) [PSYoungGen: 591300K->29284K(635392K)] 591720K->29704K(2033664K), 0.0113333 secs] [Times: user=0.13 sys=0.00, real=0.01 secs] 
2020-09-29T17:36:53.398+0200: 2.080: [GC (Allocation Failure) [PSYoungGen: 599652K->39141K(633856K)] 600072K->39561K(2032128K), 0.0139356 secs] [Times: user=0.13 sys=0.00, real=0.01 secs] 
2020-09-29T17:36:53.463+0200: 2.145: [GC (Allocation Failure) [PSYoungGen: 609509K->35237K(639488K)] 609929K->35657K(2037760K), 0.0124406 secs] [Times: user=0.13 sys=0.00, real=0.01 secs] 
2020-09-29T17:36:53.525+0200: 2.207: [GC (Allocation Failure) [PSYoungGen: 612773K->23267K(636928K)] 613193K->23687K(2035200K), 0.0095711 secs] [Times: user=0.00 sys=0.00, real=0.01 secs] 
2020-09-29T17:36:53.585+0200: 2.267: [GC (Allocation Failure) [PSYoungGen: 600803K->24293K(640000K)] 601223K->24713K(2038272K), 0.0093388 secs] [Times: user=0.00 sys=0.00, real=0.01 secs] 
2020-09-29T17:36:53.645+0200: 2.327: [GC (Allocation Failure) [PSYoungGen: 604901K->30725K(639488K)] 605321K->31145K(2037760K), 0.0111433 secs] [Times: user=0.13 sys=0.00, real=0.01 secs] 
2020-09-29T17:36:53.707+0200: 2.389: [GC (Allocation Failure) [PSYoungGen: 611333K->50789K(633856K)] 611753K->51209K(2032128K), 0.0173433 secs] [Times: user=0.13 sys=0.02, real=0.02 secs] 
2020-09-29T17:36:53.775+0200: 2.457: [GC (Allocation Failure) [PSYoungGen: 627813K->26181K(637952K)] 628233K->26601K(2036224K), 0.0095709 secs] [Times: user=0.00 sys=0.00, real=0.01 secs] 
2020-09-29T17:36:53.843+0200: 2.525: [GC (Allocation Failure) [PSYoungGen: 603205K->41157K(638976K)] 603625K->41577K(2037248K), 0.0146338 secs] [Times: user=0.13 sys=0.00, real=0.02 secs] 
2020-09-29T17:36:53.910+0200: 2.592: [GC (Allocation Failure) [PSYoungGen: 620229K->32293K(638976K)] 620649K->32713K(2037248K), 0.0142755 secs] [Times: user=0.11 sys=0.00, real=0.01 secs] 
2020-09-29T17:36:53.984+0200: 2.666: [GC (Allocation Failure) [PSYoungGen: 610568K->20291K(641024K)] 610988K->20711K(2039296K), 0.0102983 secs] [Times: user=0.13 sys=0.00, real=0.01 secs] 
2020-09-29T17:36:54.049+0200: 2.731: [GC (Allocation Failure) [PSYoungGen: 603459K->29317K(641024K)] 603879K->29737K(2039296K), 0.0100544 secs] [Times: user=0.13 sys=0.00, real=0.01 secs] 
2020-09-29T17:36:54.109+0200: 2.791: [GC (Allocation Failure) [PSYoungGen: 612485K->38213K(643072K)] 612905K->38633K(2041344K), 0.0129202 secs] [Times: user=0.13 sys=0.00, real=0.01 secs] 
2020-09-29T17:36:54.172+0200: 2.854: [GC (Allocation Failure) [PSYoungGen: 624965K->37029K(642560K)] 625385K->37449K(2040832K), 0.0133901 secs] [Times: user=0.13 sys=0.00, real=0.01 secs] 
2020-09-29T17:36:54.237+0200: 2.919: [GC (Allocation Failure) [PSYoungGen: 623781K->35269K(645632K)] 624201K->35689K(2043904K), 0.0136108 secs] [Times: user=0.11 sys=0.00, real=0.01 secs] 
2020-09-29T17:36:54.301+0200: 2.983: [GC (Allocation Failure) [PSYoungGen: 626117K->24036K(644096K)] 626537K->24456K(2042368K), 0.0083691 secs] [Times: user=0.13 sys=0.00, real=0.01 secs] 
2020-09-29T17:36:54.363+0200: 3.045: [GC (Allocation Failure) [PSYoungGen: 614884K->40709K(643584K)] 615304K->41129K(2041856K), 0.0137306 secs] [Times: user=0.13 sys=0.00, real=0.01 secs] 
2020-09-29T17:36:54.431+0200: 3.113: [GC (Allocation Failure) [PSYoungGen: 631045K->43077K(633856K)] 631465K->43497K(2032128K), 0.0142152 secs] [Times: user=0.13 sys=0.00, real=0.01 secs] 
2020-09-29T17:36:54.496+0200: 3.178: [GC (Allocation Failure) [PSYoungGen: 633413K->45509K(640000K)] 633833K->45929K(2038272K), 0.0157455 secs] [Times: user=0.11 sys=0.00, real=0.01 secs] 
2020-09-29T17:36:54.563+0200: 3.245: [GC (Allocation Failure) [PSYoungGen: 629701K->27684K(641536K)] 630121K->28104K(2039808K), 0.0114851 secs] [Times: user=0.11 sys=0.00, real=0.01 secs] 
2020-09-29T17:36:54.626+0200: 3.308: [GC (Allocation Failure) [PSYoungGen: 611876K->23845K(642560K)] 612296K->24265K(2040832K), 0.0085884 secs] [Times: user=0.13 sys=0.00, real=0.01 secs] 
2020-09-29T17:36:54.691+0200: 3.373: [GC (Allocation Failure) [PSYoungGen: 609573K->35397K(642048K)] 609993K->35817K(2040320K), 0.0130864 secs] [Times: user=0.11 sys=0.00, real=0.01 secs] 
2020-09-29T17:36:54.754+0200: 3.436: [GC (Allocation Failure) [PSYoungGen: 621125K->46885K(638976K)] 621545K->47305K(2037248K), 0.0163981 secs] [Times: user=0.14 sys=0.00, real=0.02 secs] 
2020-09-29T17:36:54.823+0200: 3.505: [GC (Allocation Failure) [PSYoungGen: 631077K->43109K(627712K)] 631497K->43529K(2025984K), 0.0166450 secs] [Times: user=0.13 sys=0.00, real=0.02 secs] 
2020-09-29T17:36:54.891+0200: 3.573: [GC (Allocation Failure) [PSYoungGen: 627301K->39365K(641536K)] 627721K->39785K(2039808K), 0.0141263 secs] [Times: user=0.13 sys=0.00, real=0.01 secs] 
2020-09-29T17:36:54.955+0200: 3.637: [GC (Allocation Failure) [PSYoungGen: 622533K->48229K(631808K)] 622953K->48649K(2030080K), 0.0164085 secs] [Times: user=0.13 sys=0.00, real=0.02 secs] 
2020-09-29T17:36:55.023+0200: 3.706: [GC (Allocation Failure) [PSYoungGen: 631397K->43557K(639488K)] 631817K->43977K(2037760K), 0.0150006 secs] [Times: user=0.13 sys=0.00, real=0.02 secs] 
2020-09-29T17:36:55.091+0200: 3.773: [GC (Allocation Failure) [PSYoungGen: 623653K->35492K(639488K)] 624073K->35912K(2037760K), 0.0131613 secs] [Times: user=0.13 sys=0.00, real=0.01 secs] 
2020-09-29T17:36:55.154+0200: 3.836: [GC (Allocation Failure) [PSYoungGen: 615588K->27588K(641024K)] 616008K->28008K(2039296K), 0.0101844 secs] [Times: user=0.13 sys=0.00, real=0.01 secs] 
2020-09-29T17:36:55.222+0200: 3.904: [GC (Allocation Failure) [PSYoungGen: 610756K->36357K(641024K)] 611176K->36777K(2039296K), 0.0128863 secs] [Times: user=0.13 sys=0.00, real=0.01 secs] 
2020-09-29T17:36:55.286+0200: 3.968: [GC (Allocation Failure) [PSYoungGen: 619525K->45285K(641024K)] 619945K->45705K(2039296K), 0.0155755 secs] [Times: user=0.00 sys=0.00, real=0.02 secs] 
2020-09-29T17:36:55.354+0200: 4.036: [GC (Allocation Failure) [PSYoungGen: 630501K->42597K(642048K)] 630921K->43017K(2040320K), 0.0144780 secs] [Times: user=0.13 sys=0.00, real=0.01 secs] 
2020-09-29T17:36:55.419+0200: 4.101: [GC (Allocation Failure) [PSYoungGen: 627813K->38756K(643584K)] 628233K->39176K(2041856K), 0.0139394 secs] [Times: user=0.13 sys=0.00, real=0.01 secs] 
2020-09-29T17:36:55.485+0200: 4.167: [GC (Allocation Failure) [PSYoungGen: 625508K->36452K(642048K)] 625928K->36872K(2040320K), 0.0133681 secs] [Times: user=0.13 sys=0.00, real=0.01 secs] 
2020-09-29T17:36:55.552+0200: 4.234: [GC (Allocation Failure) [PSYoungGen: 623204K->34020K(645632K)] 623624K->34440K(2043904K), 0.0124188 secs] [Times: user=0.00 sys=0.00, real=0.01 secs] 
2020-09-29T17:36:55.617+0200: 4.299: [GC (Allocation Failure) [PSYoungGen: 625892K->37957K(645120K)] 626312K->38377K(2043392K), 0.0138402 secs] [Times: user=0.13 sys=0.00, real=0.01 secs] 
2020-09-29T17:36:55.685+0200: 4.368: [GC (Allocation Failure) [PSYoungGen: 629829K->41861K(647168K)] 630249K->42281K(2045440K), 0.0154378 secs] [Times: user=0.13 sys=0.00, real=0.02 secs] 
2020-09-29T17:36:55.752+0200: 4.435: [GC (Allocation Failure) [PSYoungGen: 637317K->35781K(647168K)] 637737K->36201K(2045440K), 0.0118086 secs] [Times: user=0.13 sys=0.00, real=0.01 secs] 
2020-09-29T17:36:55.819+0200: 4.501: [GC (Allocation Failure) [PSYoungGen: 631237K->26820K(646144K)] 631657K->27240K(2044416K), 0.0104565 secs] [Times: user=0.00 sys=0.00, real=0.01 secs] 
2020-09-29T17:36:55.882+0200: 4.564: [GC (Allocation Failure) [PSYoungGen: 622276K->48037K(643584K)] 622696K->48457K(2041856K), 0.0168307 secs] [Times: user=0.13 sys=0.00, real=0.02 secs] 
2020-09-29T17:36:55.956+0200: 4.638: [GC (Allocation Failure) [PSYoungGen: 643493K->28261K(644608K)] 643913K->28681K(2042880K), 0.0115911 secs] [Times: user=0.11 sys=0.00, real=0.01 secs] 
2020-09-29T17:36:56.025+0200: 4.707: [GC (Allocation Failure) [PSYoungGen: 618597K->44325K(634880K)] 619017K->44745K(2033152K), 0.0153256 secs] [Times: user=0.13 sys=0.00, real=0.02 secs] 
2020-09-29T17:36:56.091+0200: 4.773: [GC (Allocation Failure) [PSYoungGen: 634661K->45764K(641536K)] 635081K->46184K(2039808K), 0.0161716 secs] [Times: user=0.13 sys=0.00, real=0.02 secs] 
2020-09-29T17:36:56.159+0200: 4.841: [GC (Allocation Failure) [PSYoungGen: 632004K->30404K(642560K)] 632424K->30824K(2040832K), 0.0115417 secs] [Times: user=0.13 sys=0.00, real=0.01 secs] 
2020-09-29T17:36:56.223+0200: 4.905: [GC (Allocation Failure) [PSYoungGen: 616644K->28164K(643072K)] 617064K->28584K(2041344K), 0.0102820 secs] [Times: user=0.11 sys=0.00, real=0.01 secs] 
2020-09-29T17:36:56.283+0200: 4.965: [GC (Allocation Failure) [PSYoungGen: 614916K->26884K(642560K)] 615336K->27304K(2040832K), 0.0099607 secs] [Times: user=0.13 sys=0.00, real=0.01 secs] 
2020-09-29T17:36:56.346+0200: 5.028: [GC (Allocation Failure) [PSYoungGen: 613636K->53125K(634880K)] 614056K->53545K(2033152K), 0.0176299 secs] [Times: user=0.13 sys=0.00, real=0.02 secs] 
2020-09-29T17:36:56.414+0200: 5.096: [GC (Allocation Failure) [PSYoungGen: 632197K->30052K(638976K)] 632617K->30472K(2037248K), 0.0111285 secs] [Times: user=0.00 sys=0.00, real=0.01 secs] 
2020-09-29T17:36:56.475+0200: 5.157: [GC (Allocation Failure) [PSYoungGen: 609124K->34756K(641536K)] 609544K->35176K(2039808K), 0.0131136 secs] [Times: user=0.00 sys=0.00, real=0.01 secs] 
2020-09-29T17:36:56.539+0200: 5.221: [GC (Allocation Failure) [PSYoungGen: 616900K->42661K(639488K)] 617320K->43081K(2037760K), 0.0145588 secs] [Times: user=0.13 sys=0.00, real=0.01 secs] 
2020-09-29T17:36:56.606+0200: 5.288: [GC (Allocation Failure) [PSYoungGen: 624805K->33189K(642560K)] 625225K->33609K(2040832K), 0.0127319 secs] [Times: user=0.11 sys=0.00, real=0.01 secs] 
2020-09-29T17:36:56.669+0200: 5.351: [GC (Allocation Failure) [PSYoungGen: 618405K->30469K(641536K)] 618825K->30889K(2039808K), 0.0105917 secs] [Times: user=0.13 sys=0.00, real=0.01 secs] 
2020-09-29T17:36:56.731+0200: 5.413: [GC (Allocation Failure) [PSYoungGen: 615685K->38564K(644608K)] 616105K->38984K(2042880K), 0.0144458 secs] [Times: user=0.13 sys=0.00, real=0.01 secs] 
2020-09-29T17:36:56.796+0200: 5.478: [GC (Allocation Failure) [PSYoungGen: 627876K->26277K(643584K)] 628296K->26697K(2041856K), 0.0092671 secs] [Times: user=0.13 sys=0.00, real=0.01 secs] 
2020-09-29T17:36:56.856+0200: 5.538: [GC (Allocation Failure) [PSYoungGen: 615589K->41349K(643584K)] 616009K->41769K(2041856K), 0.0142546 secs] [Times: user=0.13 sys=0.00, real=0.01 secs] 
2020-09-29T17:36:56.922+0200: 5.605: [GC (Allocation Failure) [PSYoungGen: 630661K->28964K(644096K)] 631081K->29384K(2042368K), 0.0107904 secs] [Times: user=0.13 sys=0.00, real=0.01 secs] 
2020-09-29T17:36:56.984+0200: 5.667: [GC (Allocation Failure) [PSYoungGen: 618276K->43941K(642048K)] 618696K->44361K(2040320K), 0.0148286 secs] [Times: user=0.13 sys=0.00, real=0.02 secs] 
2020-09-29T17:36:57.049+0200: 5.732: [GC (Allocation Failure) [PSYoungGen: 632229K->28133K(643584K)] 632649K->28553K(2041856K), 0.0135096 secs] [Times: user=0.00 sys=0.00, real=0.01 secs] 
2020-09-29T17:36:57.118+0200: 5.800: [GC (Allocation Failure) [PSYoungGen: 616421K->40293K(644096K)] 616841K->40713K(2042368K), 0.0135370 secs] [Times: user=0.13 sys=0.00, real=0.01 secs] 
2020-09-29T17:36:57.183+0200: 5.865: [GC (Allocation Failure) [PSYoungGen: 629605K->54757K(644096K)] 630025K->55673K(2042368K), 0.0197016 secs] [Times: user=0.13 sys=0.00, real=0.02 secs] 
2020-09-29T17:36:57.253+0200: 5.935: [GC (Allocation Failure) [PSYoungGen: 644069K->27845K(634880K)] 644985K->28761K(2033152K), 0.0097911 secs] [Times: user=0.13 sys=0.00, real=0.01 secs] 
2020-09-29T17:36:57.312+0200: 5.995: [GC (Allocation Failure) [PSYoungGen: 607941K->33572K(639488K)] 608857K->34488K(2037760K), 0.0123905 secs] [Times: user=0.13 sys=0.00, real=0.01 secs] 
2020-09-29T17:36:57.374+0200: 6.056: [GC (Allocation Failure) [PSYoungGen: 612270K->21923K(640000K)] 613186K->22839K(2038272K), 0.0093514 secs] [Times: user=0.13 sys=0.00, real=0.01 secs] 
2020-09-29T17:36:57.433+0200: 6.115: [GC (Allocation Failure) [PSYoungGen: 604067K->43364K(625664K)] 604983K->44280K(2023936K), 0.0157453 secs] [Times: user=0.13 sys=0.00, real=0.02 secs] 
2020-09-29T17:36:57.498+0200: 6.181: [GC (Allocation Failure) [PSYoungGen: 625508K->36868K(642048K)] 626424K->37784K(2040320K), 0.0136130 secs] [Times: user=0.13 sys=0.00, real=0.01 secs] 
2020-09-29T17:36:57.562+0200: 6.245: [GC (Allocation Failure) [PSYoungGen: 620036K->32165K(640000K)] 620952K->33081K(2038272K), 0.0114526 secs] [Times: user=0.13 sys=0.00, real=0.01 secs] 
2020-09-29T17:36:57.627+0200: 6.309: [GC (Allocation Failure) [PSYoungGen: 615333K->26532K(643584K)] 616249K->27448K(2041856K), 0.0110214 secs] [Times: user=0.11 sys=0.00, real=0.01 secs] 
2020-09-29T17:36:57.690+0200: 6.372: [GC (Allocation Failure) [PSYoungGen: 614308K->40069K(643072K)] 615224K->40985K(2041344K), 0.0147384 secs] [Times: user=0.13 sys=0.00, real=0.01 secs] 
2020-09-29T17:36:57.761+0200: 6.443: [GC (Allocation Failure) [PSYoungGen: 627845K->39973K(644096K)] 628761K->40889K(2042368K), 0.0142395 secs] [Times: user=0.13 sys=0.00, real=0.01 secs] 
2020-09-29T17:36:57.825+0200: 6.507: [GC (Allocation Failure) [PSYoungGen: 628773K->24996K(643584K)] 629689K->25912K(2041856K), 0.0095806 secs] [Times: user=0.13 sys=0.00, real=0.01 secs] 
2020-09-29T17:36:57.887+0200: 6.569: [GC (Allocation Failure) [PSYoungGen: 613796K->25893K(644608K)] 614712K->26809K(2042880K), 0.0093789 secs] [Times: user=0.13 sys=0.00, real=0.01 secs] 
2020-09-29T17:36:57.949+0200: 6.631: [GC (Allocation Failure) [PSYoungGen: 615717K->27588K(644096K)] 616633K->28504K(2042368K), 0.0100687 secs] [Times: user=0.13 sys=0.00, real=0.01 secs] 
2020-09-29T17:36:58.009+0200: 6.691: [GC (Allocation Failure) [PSYoungGen: 617412K->12931K(642560K)] 618328K->13847K(2040832K), 0.0054759 secs] [Times: user=0.00 sys=0.00, real=0.01 secs] 
2020-09-29T17:36:58.066+0200: 6.748: [GC (Allocation Failure) [PSYoungGen: 602243K->25380K(644096K)] 603159K->26296K(2042368K), 0.0094296 secs] [Times: user=0.13 sys=0.00, real=0.01 secs] 
2020-09-29T17:36:58.131+0200: 6.813: [GC (Allocation Failure) [PSYoungGen: 614692K->39428K(643584K)] 615608K->40344K(2041856K), 0.0167484 secs] [Times: user=0.13 sys=0.00, real=0.02 secs] 
2020-09-29T17:36:58.202+0200: 6.884: [GC (Allocation Failure) [PSYoungGen: 629764K->26979K(644608K)] 630680K->27895K(2042880K), 0.0133634 secs] [Times: user=0.13 sys=0.00, real=0.01 secs] 
2020-09-29T17:36:58.267+0200: 6.950: [GC (Allocation Failure) [PSYoungGen: 617315K->28356K(647680K)] 618231K->29272K(2045952K), 0.0125201 secs] [Times: user=0.11 sys=0.00, real=0.01 secs] 
2020-09-29T17:36:58.333+0200: 7.015: [GC (Allocation Failure) [PSYoungGen: 623300K->35397K(646144K)] 624216K->36313K(2044416K), 0.0131476 secs] [Times: user=0.00 sys=0.00, real=0.01 secs] 
2020-09-29T17:36:58.398+0200: 7.080: [GC (Allocation Failure) [PSYoungGen: 630341K->40548K(645120K)] 631257K->41464K(2043392K), 0.0157732 secs] [Times: user=0.11 sys=0.00, real=0.02 secs] 
2020-09-29T17:36:58.466+0200: 7.148: [GC (Allocation Failure) [PSYoungGen: 634980K->32900K(646656K)] 635896K->33816K(2044928K), 0.0118888 secs] [Times: user=0.13 sys=0.00, real=0.01 secs] 
2020-09-29T17:36:58.528+0200: 7.211: [GC (Allocation Failure) [PSYoungGen: 627332K->50661K(635904K)] 628248K->53961K(2034176K), 0.0186133 secs] [Times: user=0.13 sys=0.00, real=0.02 secs] 
2020-09-29T17:36:58.598+0200: 7.281: [GC (Allocation Failure) [PSYoungGen: 635877K->33284K(642048K)] 639177K->36584K(2040320K), 0.0125711 secs] [Times: user=0.00 sys=0.02, real=0.01 secs] 
2020-09-29T17:36:58.663+0200: 7.345: [GC (Allocation Failure) [PSYoungGen: 618500K->43653K(642048K)] 621800K->46953K(2040320K), 0.0147438 secs] [Times: user=0.13 sys=0.00, real=0.01 secs] 
2020-09-29T17:36:58.728+0200: 7.410: [GC (Allocation Failure) [PSYoungGen: 630917K->29349K(643072K)] 634217K->32649K(2041344K), 0.0098793 secs] [Times: user=0.00 sys=0.00, real=0.01 secs] 
2020-09-29T17:36:58.790+0200: 7.472: [GC (Allocation Failure) [PSYoungGen: 616613K->42437K(642048K)] 619913K->45737K(2040320K), 0.0151505 secs] [Times: user=0.13 sys=0.00, real=0.02 secs] 
2020-09-29T17:36:58.856+0200: 7.538: [GC (Allocation Failure) [PSYoungGen: 629701K->28069K(643072K)] 633001K->31369K(2041344K), 0.0110095 secs] [Times: user=0.13 sys=0.00, real=0.01 secs] 
2020-09-29T17:36:58.917+0200: 7.600: [GC (Allocation Failure) [PSYoungGen: 615333K->26756K(644608K)] 618633K->30056K(2042880K), 0.0102610 secs] [Times: user=0.13 sys=0.00, real=0.01 secs] 
2020-09-29T17:36:58.981+0200: 7.664: [GC (Allocation Failure) [PSYoungGen: 616068K->28101K(643584K)] 619368K->31401K(2041856K), 0.0094890 secs] [Times: user=0.13 sys=0.00, real=0.01 secs] 
2020-09-29T17:36:59.046+0200: 7.728: [GC (Allocation Failure) [PSYoungGen: 617413K->29541K(646656K)] 620713K->32841K(2044928K), 0.0103582 secs] [Times: user=0.13 sys=0.00, real=0.01 secs] 
2020-09-29T17:36:59.107+0200: 7.789: [GC (Allocation Failure) [PSYoungGen: 622949K->35045K(645632K)] 626249K->38345K(2043904K), 0.0118678 secs] [Times: user=0.13 sys=0.00, real=0.01 secs] 
2020-09-29T17:36:59.172+0200: 7.854: [GC (Allocation Failure) [PSYoungGen: 628453K->40549K(646144K)] 631753K->43849K(2044416K), 0.0134401 secs] [Times: user=0.13 sys=0.00, real=0.01 secs] 
2020-09-29T17:36:59.250+0200: 7.932: [GC (Allocation Failure) [PSYoungGen: 636005K->34405K(647168K)] 639305K->37705K(2045440K), 0.0119730 secs] [Times: user=0.13 sys=0.00, real=0.01 secs] 
2020-09-29T17:36:59.315+0200: 7.997: [GC (Allocation Failure) [PSYoungGen: 629861K->41989K(645632K)] 633161K->45289K(2043904K), 0.0145015 secs] [Times: user=0.13 sys=0.00, real=0.01 secs] 
2020-09-29T17:36:59.381+0200: 8.063: [GC (Allocation Failure) [PSYoungGen: 637445K->35877K(647168K)] 640745K->39177K(2045440K), 0.0117937 secs] [Times: user=0.00 sys=0.00, real=0.01 secs] 
2020-09-29T17:36:59.444+0200: 8.126: [GC (Allocation Failure) [PSYoungGen: 631333K->43365K(645120K)] 634633K->46665K(2043392K), 0.0151069 secs] [Times: user=0.13 sys=0.00, real=0.02 secs] 
2020-09-29T17:36:59.510+0200: 8.192: [GC (Allocation Failure) [PSYoungGen: 637797K->49861K(644608K)] 641097K->53161K(2042880K), 0.0170750 secs] [Times: user=0.13 sys=0.00, real=0.02 secs] 
2020-09-29T17:36:59.580+0200: 8.262: [GC (Allocation Failure) [PSYoungGen: 644293K->42725K(641536K)] 647593K->46025K(2039808K), 0.0165534 secs] [Times: user=0.11 sys=0.00, real=0.02 secs] 
2020-09-29T17:36:59.649+0200: 8.332: [GC (Allocation Failure) [PSYoungGen: 629989K->55749K(643072K)] 633289K->59049K(2041344K), 0.0186139 secs] [Times: user=0.13 sys=0.00, real=0.02 secs] 
2020-09-29T17:36:59.719+0200: 8.401: [GC (Allocation Failure) [PSYoungGen: 643013K->55077K(625664K)] 646313K->58377K(2023936K), 0.0184692 secs] [Times: user=0.13 sys=0.00, real=0.02 secs] 
2020-09-29T17:36:59.790+0200: 8.473: [GC (Allocation Failure) [PSYoungGen: 624933K->21764K(591872K)] 628233K->25064K(1990144K), 0.0095419 secs] [Times: user=0.00 sys=0.00, real=0.01 secs] 
2020-09-29T17:36:59.851+0200: 8.534: [GC (Allocation Failure) [PSYoungGen: 591620K->29189K(634368K)] 594920K->32489K(2032640K), 0.0125715 secs] [Times: user=0.09 sys=0.00, real=0.01 secs] 
2020-09-29T17:36:59.916+0200: 8.599: [GC (Allocation Failure) [PSYoungGen: 598021K->37509K(633344K)] 601321K->40809K(2031616K), 0.0143518 secs] [Times: user=0.13 sys=0.00, real=0.01 secs] 
2020-09-29T17:36:59.984+0200: 8.667: [GC (Allocation Failure) [PSYoungGen: 606341K->32069K(637952K)] 609641K->35369K(2036224K), 0.0121867 secs] [Times: user=0.13 sys=0.00, real=0.01 secs] 
2020-09-29T17:37:00.049+0200: 8.732: [GC (Allocation Failure) [PSYoungGen: 608069K->33797K(636928K)] 611369K->37097K(2035200K), 0.0128712 secs] [Times: user=0.13 sys=0.00, real=0.01 secs] 
2020-09-29T17:37:00.114+0200: 8.796: [GC (Allocation Failure) [PSYoungGen: 609797K->33219K(641536K)] 613097K->36519K(2039808K), 0.0125871 secs] [Times: user=0.02 sys=0.00, real=0.01 secs] 
2020-09-29T17:37:00.177+0200: 8.860: [GC (Allocation Failure) [PSYoungGen: 615875K->27941K(640000K)] 619175K->31241K(2038272K), 0.0089379 secs] [Times: user=0.00 sys=0.00, real=0.01 secs] 
2020-09-29T17:37:00.238+0200: 8.921: [GC (Allocation Failure) [PSYoungGen: 610597K->36453K(643584K)] 613897K->39753K(2041856K), 0.0132128 secs] [Times: user=0.11 sys=0.01, real=0.01 secs] 
2020-09-29T17:37:00.306+0200: 8.989: [GC (Allocation Failure) [PSYoungGen: 623205K->48901K(635904K)] 626505K->52201K(2034176K), 0.0170071 secs] [Times: user=0.13 sys=0.00, real=0.02 secs] 
2020-09-29T17:37:00.374+0200: 9.057: [GC (Allocation Failure) [PSYoungGen: 635653K->47204K(637952K)] 638953K->50504K(2036224K), 0.0169044 secs] [Times: user=0.13 sys=0.00, real=0.02 secs] 
2020-09-29T17:37:00.440+0200: 9.123: [GC (Allocation Failure) [PSYoungGen: 627300K->38083K(639488K)] 630600K->41383K(2037760K), 0.0145800 secs] [Times: user=0.13 sys=0.00, real=0.01 secs] 
2020-09-29T17:37:00.504+0200: 9.187: [GC (Allocation Failure) [PSYoungGen: 618179K->43909K(640512K)] 621479K->47209K(2038784K), 0.0168468 secs] [Times: user=0.11 sys=0.00, real=0.02 secs] 
2020-09-29T17:37:00.573+0200: 9.256: [GC (Allocation Failure) [PSYoungGen: 627077K->39173K(641024K)] 630377K->42473K(2039296K), 0.0139698 secs] [Times: user=0.11 sys=0.00, real=0.01 secs] 
2020-09-29T17:37:00.639+0200: 9.322: [GC (Allocation Failure) [PSYoungGen: 622341K->48069K(638976K)] 625641K->51369K(2037248K), 0.0167576 secs] [Times: user=0.13 sys=0.00, real=0.02 secs] 
2020-09-29T17:37:00.707+0200: 9.390: [GC (Allocation Failure) [PSYoungGen: 631237K->43333K(641024K)] 634537K->46633K(2039296K), 0.0156119 secs] [Times: user=0.00 sys=0.00, real=0.02 secs] 
2020-09-29T17:37:00.775+0200: 9.458: [GC (Allocation Failure) [PSYoungGen: 626501K->37285K(642560K)] 629801K->40585K(2040832K), 0.0131029 secs] [Times: user=0.13 sys=0.00, real=0.01 secs] 
2020-09-29T17:37:00.838+0200: 9.521: [GC (Allocation Failure) [PSYoungGen: 622501K->20547K(606208K)] 625801K->23847K(2004480K), 0.0083428 secs] [Times: user=0.00 sys=0.00, real=0.01 secs] 
2020-09-29T17:37:00.902+0200: 9.585: [GC (Allocation Failure) [PSYoungGen: 605763K->45157K(640000K)] 609063K->48457K(2038272K), 0.0153259 secs] [Times: user=0.13 sys=0.00, real=0.02 secs] 
2020-09-29T17:37:00.967+0200: 9.650: [GC (Allocation Failure) [PSYoungGen: 627301K->25027K(607232K)] 630601K->28327K(2005504K), 0.0104016 secs] [Times: user=0.13 sys=0.00, real=0.01 secs] 
2020-09-29T17:37:01.027+0200: 9.710: [GC (Allocation Failure) [PSYoungGen: 607171K->17508K(637952K)] 610471K->20808K(2036224K), 0.0073631 secs] [Times: user=0.00 sys=0.00, real=0.01 secs] 
2020-09-29T17:37:01.085+0200: 9.768: [GC (Allocation Failure) [PSYoungGen: 596580K->34884K(638976K)] 599880K->38184K(2037248K), 0.0131698 secs] [Times: user=0.13 sys=0.00, real=0.01 secs] 
2020-09-29T17:37:01.150+0200: 9.832: [GC (Allocation Failure) [PSYoungGen: 613956K->39685K(641536K)] 617256K->42985K(2039808K), 0.0140888 secs] [Times: user=0.13 sys=0.00, real=0.01 secs] 
2020-09-29T17:37:01.214+0200: 9.896: [GC (Allocation Failure) [PSYoungGen: 623365K->35461K(641024K)] 626665K->38761K(2039296K), 0.0133590 secs] [Times: user=0.13 sys=0.00, real=0.01 secs] 
2020-09-29T17:37:01.286+0200: 9.968: [GC (Allocation Failure) [PSYoungGen: 619141K->44933K(641024K)] 622441K->48233K(2039296K), 0.0150541 secs] [Times: user=0.00 sys=0.00, real=0.02 secs] 
2020-09-29T17:37:01.351+0200: 10.033: [GC (Allocation Failure) [PSYoungGen: 631173K->27363K(642560K)] 634473K->30663K(2040832K), 0.0112975 secs] [Times: user=0.00 sys=0.00, real=0.01 secs] 
2020-09-29T17:37:01.414+0200: 10.096: [GC (Allocation Failure) [PSYoungGen: 613603K->36260K(644608K)] 616903K->39560K(2042880K), 0.0136829 secs] [Times: user=0.13 sys=0.00, real=0.01 secs] 
2020-09-29T17:37:01.479+0200: 10.161: [GC (Allocation Failure) [PSYoungGen: 624548K->34341K(642560K)] 627848K->37641K(2040832K), 0.0117479 secs] [Times: user=0.13 sys=0.00, real=0.01 secs] 
2020-09-29T17:37:01.544+0200: 10.226: [GC (Allocation Failure) [PSYoungGen: 622629K->48421K(640000K)] 625929K->51721K(2038272K), 0.0165896 secs] [Times: user=0.11 sys=0.00, real=0.02 secs] 
2020-09-29T17:37:01.613+0200: 10.295: [GC (Allocation Failure) [PSYoungGen: 635685K->32676K(643072K)] 638985K->35976K(2041344K), 0.0130391 secs] [Times: user=0.11 sys=0.00, real=0.01 secs] 
2020-09-29T17:37:01.677+0200: 10.359: [GC (Allocation Failure) [PSYoungGen: 619940K->30404K(645120K)] 623240K->33704K(2043392K), 0.0116771 secs] [Times: user=0.00 sys=0.00, real=0.01 secs] 
2020-09-29T17:37:01.740+0200: 10.422: [GC (Allocation Failure) [PSYoungGen: 620740K->32676K(644096K)] 624040K->35976K(2042368K), 0.0119779 secs] [Times: user=0.00 sys=0.00, real=0.01 secs] 
2020-09-29T17:37:01.804+0200: 10.486: [GC (Allocation Failure) [PSYoungGen: 623012K->33731K(647680K)] 626312K->37031K(2045952K), 0.0128504 secs] [Times: user=0.00 sys=0.00, real=0.01 secs] 
2020-09-29T17:37:01.867+0200: 10.549: [GC (Allocation Failure) [PSYoungGen: 628675K->37380K(646144K)] 631975K->40680K(2044416K), 0.0142043 secs] [Times: user=0.13 sys=0.00, real=0.01 secs] 
2020-09-29T17:37:01.932+0200: 10.614: [GC (Allocation Failure) [PSYoungGen: 632324K->30725K(649216K)] 635624K->34025K(2047488K), 0.0108925 secs] [Times: user=0.13 sys=0.00, real=0.01 secs] 
2020-09-29T17:37:01.995+0200: 10.678: [GC (Allocation Failure) [PSYoungGen: 629253K->41349K(648192K)] 632553K->44649K(2046464K), 0.0144301 secs] [Times: user=0.13 sys=0.00, real=0.02 secs] 
2020-09-29T17:37:02.065+0200: 10.747: [GC (Allocation Failure) [PSYoungGen: 639877K->38213K(648704K)] 643177K->41513K(2046976K), 0.0132653 secs] [Times: user=0.11 sys=0.00, real=0.01 secs] 
2020-09-29T17:37:02.132+0200: 10.814: [GC (Allocation Failure) [PSYoungGen: 636229K->32004K(648192K)] 639529K->35304K(2046464K), 0.0115317 secs] [Times: user=0.00 sys=0.00, real=0.01 secs] 
2020-09-29T17:37:02.199+0200: 10.881: [GC (Allocation Failure) [PSYoungGen: 630020K->28485K(649728K)] 633320K->31785K(2048000K), 0.0111397 secs] [Times: user=0.13 sys=0.00, real=0.01 secs] 
2020-09-29T17:37:02.263+0200: 10.945: [GC (Allocation Failure) [PSYoungGen: 628549K->40613K(641024K)] 631849K->43913K(2039296K), 0.0139475 secs] [Times: user=0.13 sys=0.00, real=0.01 secs] 
2020-09-29T17:37:02.330+0200: 11.012: [GC (Allocation Failure) [PSYoungGen: 640677K->50149K(639488K)] 643977K->55993K(2037760K), 0.0177601 secs] [Times: user=0.13 sys=0.00, real=0.02 secs] 
2020-09-29T17:37:02.399+0200: 11.081: [GC (Allocation Failure) [PSYoungGen: 639461K->40517K(644096K)] 645305K->46361K(2042368K), 0.0135607 secs] [Times: user=0.13 sys=0.00, real=0.01 secs] 
2020-09-29T17:37:02.462+0200: 11.144: [GC (Allocation Failure) [PSYoungGen: 629829K->26308K(643584K)] 635673K->32152K(2041856K), 0.0091134 secs] [Times: user=0.00 sys=0.00, real=0.01 secs] 
2020-09-29T17:37:02.522+0200: 11.204: [GC (Allocation Failure) [PSYoungGen: 615620K->41445K(644096K)] 621464K->47289K(2042368K), 0.0137609 secs] [Times: user=0.00 sys=0.00, real=0.01 secs] 
2020-09-29T17:37:02.590+0200: 11.272: [GC (Allocation Failure) [PSYoungGen: 630757K->54757K(632832K)] 636601K->62281K(2031104K), 0.0206296 secs] [Times: user=0.11 sys=0.00, real=0.02 secs] 
2020-09-29T17:37:02.661+0200: 11.343: [GC (Allocation Failure) [PSYoungGen: 632805K->46661K(625152K)] 640329K->54185K(2023424K), 0.0158711 secs] [Times: user=0.13 sys=0.00, real=0.02 secs] 
2020-09-29T17:37:02.727+0200: 11.410: [GC (Allocation Failure) [PSYoungGen: 624709K->50533K(633856K)] 632233K->58057K(2032128K), 0.0172993 secs] [Times: user=0.13 sys=0.00, real=0.02 secs] 
2020-09-29T17:37:02.794+0200: 11.476: [GC (Allocation Failure) [PSYoungGen: 623461K->35237K(635904K)] 630985K->42761K(2034176K), 0.0128324 secs] [Times: user=0.13 sys=0.00, real=0.01 secs] 
2020-09-29T17:37:02.856+0200: 11.539: [GC (Allocation Failure) [PSYoungGen: 608165K->47653K(635392K)] 615689K->55177K(2033664K), 0.0163894 secs] [Times: user=0.13 sys=0.00, real=0.02 secs] 
2020-09-29T17:37:02.924+0200: 11.606: [GC (Allocation Failure) [PSYoungGen: 621605K->33572K(636416K)] 629129K->41096K(2034688K), 0.0125093 secs] [Times: user=0.13 sys=0.00, real=0.01 secs] 
2020-09-29T17:37:02.986+0200: 11.668: [GC (Allocation Failure) [PSYoungGen: 607524K->32964K(638464K)] 615048K->40488K(2036736K), 0.0125463 secs] [Times: user=0.13 sys=0.00, real=0.01 secs] 
2020-09-29T17:37:03.049+0200: 11.731: [GC (Allocation Failure) [PSYoungGen: 609988K->35236K(637440K)] 617512K->42760K(2035712K), 0.0131234 secs] [Times: user=0.13 sys=0.00, real=0.01 secs] 
2020-09-29T17:37:03.113+0200: 11.795: [GC (Allocation Failure) [PSYoungGen: 612260K->37604K(641536K)] 619784K->45128K(2039808K), 0.0145305 secs] [Times: user=0.13 sys=0.00, real=0.01 secs] 
2020-09-29T17:37:03.178+0200: 11.861: [GC (Allocation Failure) [PSYoungGen: 619748K->45541K(639488K)] 627272K->53065K(2037760K), 0.0153626 secs] [Times: user=0.13 sys=0.00, real=0.02 secs] 
2020-09-29T17:37:03.247+0200: 11.929: [GC (Allocation Failure) [PSYoungGen: 627685K->25220K(638976K)] 635209K->32744K(2037248K), 0.0091356 secs] [Times: user=0.13 sys=0.00, real=0.01 secs] 
2020-09-29T17:37:03.306+0200: 11.988: [GC (Allocation Failure) [PSYoungGen: 606340K->31333K(640000K)] 613864K->38857K(2038272K), 0.0116143 secs] [Times: user=0.13 sys=0.00, real=0.01 secs] 
2020-09-29T17:37:03.367+0200: 12.049: [GC (Allocation Failure) [PSYoungGen: 612453K->38148K(643072K)] 619977K->45672K(2041344K), 0.0144826 secs] [Times: user=0.13 sys=0.00, real=0.01 secs] 
2020-09-29T17:37:03.431+0200: 12.114: [GC (Allocation Failure) [PSYoungGen: 623364K->33957K(641024K)] 630888K->41481K(2039296K), 0.0113822 secs] [Times: user=0.13 sys=0.00, real=0.01 secs] 
2020-09-29T17:37:03.493+0200: 12.175: [GC (Allocation Failure) [PSYoungGen: 619173K->44901K(642048K)] 626697K->52425K(2040320K), 0.0155773 secs] [Times: user=0.13 sys=0.00, real=0.01 secs] 
2020-09-29T17:37:03.558+0200: 12.240: [GC (Allocation Failure) [PSYoungGen: 632165K->55781K(643072K)] 639689K->65401K(2041344K), 0.0196222 secs] [Times: user=0.13 sys=0.00, real=0.02 secs] 
2020-09-29T17:37:03.630+0200: 12.312: [GC (Allocation Failure) [PSYoungGen: 643045K->28547K(631808K)] 652665K->38167K(2030080K), 0.0122714 secs] [Times: user=0.00 sys=0.00, real=0.01 secs] 
2020-09-29T17:37:03.692+0200: 12.374: [GC (Allocation Failure) [PSYoungGen: 604547K->43973K(637440K)] 614167K->53593K(2035712K), 0.0149063 secs] [Times: user=0.00 sys=0.00, real=0.02 secs] 
2020-09-29T17:37:03.757+0200: 12.440: [GC (Allocation Failure) [PSYoungGen: 619973K->32005K(638976K)] 629593K->41625K(2037248K), 0.0110285 secs] [Times: user=0.00 sys=0.00, real=0.01 secs] 
2020-09-29T17:37:03.818+0200: 12.500: [GC (Allocation Failure) [PSYoungGen: 610053K->35236K(637952K)] 619673K->44856K(2036224K), 0.0130835 secs] [Times: user=0.00 sys=0.00, real=0.01 secs] 
2020-09-29T17:37:03.881+0200: 12.564: [GC (Allocation Failure) [PSYoungGen: 613284K->39077K(642048K)] 622904K->48697K(2040320K), 0.0137831 secs] [Times: user=0.13 sys=0.00, real=0.01 secs] 
2020-09-29T17:37:03.945+0200: 12.628: [GC (Allocation Failure) [PSYoungGen: 622757K->34821K(640512K)] 632377K->44441K(2038784K), 0.0124831 secs] [Times: user=0.13 sys=0.00, real=0.01 secs] 
2020-09-29T17:37:04.013+0200: 12.695: [GC (Allocation Failure) [PSYoungGen: 618501K->30597K(643584K)] 628121K->40217K(2041856K), 0.0105953 secs] [Times: user=0.13 sys=0.00, real=0.01 secs] 
2020-09-29T17:37:04.078+0200: 12.760: [GC (Allocation Failure) [PSYoungGen: 618373K->30084K(643072K)] 627993K->39704K(2041344K), 0.0109233 secs] [Times: user=0.13 sys=0.00, real=0.01 secs] 
2020-09-29T17:37:04.140+0200: 12.822: [GC (Allocation Failure) [PSYoungGen: 617860K->16036K(641024K)] 627480K->25656K(2039296K), 0.0067190 secs] [Times: user=0.13 sys=0.00, real=0.01 secs] 
2020-09-29T17:37:04.206+0200: 12.889: [GC (Allocation Failure) [PSYoungGen: 602276K->28037K(642560K)] 611896K->37657K(2040832K), 0.0099343 secs] [Times: user=0.13 sys=0.00, real=0.01 secs] 
2020-09-29T17:37:04.274+0200: 12.956: [GC (Allocation Failure) [PSYoungGen: 614277K->38340K(644096K)] 623897K->47960K(2042368K), 0.0137628 secs] [Times: user=0.13 sys=0.00, real=0.01 secs] 
2020-09-29T17:37:04.338+0200: 13.020: [GC (Allocation Failure) [PSYoungGen: 627140K->25380K(643584K)] 636760K->35000K(2041856K), 0.0092493 secs] [Times: user=0.00 sys=0.00, real=0.01 secs] 
2020-09-29T17:37:04.397+0200: 13.080: [GC (Allocation Failure) [PSYoungGen: 614180K->53669K(633344K)] 623800K->63289K(2031616K), 0.0182110 secs] [Times: user=0.13 sys=0.00, real=0.02 secs] 
2020-09-29T17:37:04.465+0200: 13.147: [GC (Allocation Failure) [PSYoungGen: 632741K->30052K(638976K)] 642361K->39672K(2037248K), 0.0114490 secs] [Times: user=0.13 sys=0.00, real=0.01 secs] 
2020-09-29T17:37:04.526+0200: 13.208: [GC (Allocation Failure) [PSYoungGen: 609124K->34436K(643072K)] 618744K->44056K(2041344K), 0.0127507 secs] [Times: user=0.13 sys=0.00, real=0.01 secs] 
2020-09-29T17:37:04.590+0200: 13.272: [GC (Allocation Failure) [PSYoungGen: 619140K->30756K(640512K)] 628760K->40376K(2038784K), 0.0125498 secs] [Times: user=0.11 sys=0.00, real=0.01 secs] 
2020-09-29T17:37:04.654+0200: 13.336: [GC (Allocation Failure) [PSYoungGen: 615460K->27493K(645120K)] 625080K->37113K(2043392K), 0.0103448 secs] [Times: user=0.13 sys=0.00, real=0.01 secs] 
2020-09-29T17:37:04.715+0200: 13.397: [GC (Allocation Failure) [PSYoungGen: 617829K->28356K(644096K)] 627449K->37976K(2042368K), 0.0108316 secs] [Times: user=0.13 sys=0.00, real=0.01 secs] 
2020-09-29T17:37:04.778+0200: 13.460: [GC (Allocation Failure) [PSYoungGen: 618692K->30756K(647680K)] 628312K->40376K(2045952K), 0.0127233 secs] [Times: user=0.13 sys=0.00, real=0.01 secs] 
2020-09-29T17:37:04.842+0200: 13.524: [GC (Allocation Failure) [PSYoungGen: 625700K->37797K(646144K)] 635320K->47417K(2044416K), 0.0129612 secs] [Times: user=0.13 sys=0.00, real=0.01 secs] 
2020-09-29T17:37:04.907+0200: 13.589: [GC (Allocation Failure) [PSYoungGen: 632741K->44133K(643584K)] 642361K->53753K(2041856K), 0.0151665 secs] [Times: user=0.13 sys=0.00, real=0.01 secs] 
2020-09-29T17:37:04.973+0200: 13.655: [GC (Allocation Failure) [PSYoungGen: 636517K->48677K(641536K)] 646137K->58297K(2039808K), 0.0161092 secs] [Times: user=0.25 sys=0.00, real=0.02 secs] 
2020-09-29T17:37:05.041+0200: 13.724: [GC (Allocation Failure) [PSYoungGen: 641061K->39429K(643072K)] 650681K->49049K(2041344K), 0.0137751 secs] [Times: user=0.13 sys=0.00, real=0.01 secs] 
2020-09-29T17:37:05.107+0200: 13.789: [GC (Allocation Failure) [PSYoungGen: 625669K->23620K(642048K)] 635289K->33240K(2040320K), 0.0086789 secs] [Times: user=0.13 sys=0.00, real=0.01 secs] 
2020-09-29T17:37:05.166+0200: 13.848: [GC (Allocation Failure) [PSYoungGen: 609860K->35685K(644608K)] 619480K->45305K(2042880K), 0.0138104 secs] [Times: user=0.13 sys=0.00, real=0.01 secs] 
2020-09-29T17:37:05.233+0200: 13.916: [GC (Allocation Failure) [PSYoungGen: 623973K->21219K(642560K)] 633593K->30839K(2040832K), 0.0116704 secs] [Times: user=0.11 sys=0.00, real=0.01 secs] 
2020-09-29T17:37:05.300+0200: 13.982: [GC (Allocation Failure) [PSYoungGen: 609507K->21605K(644096K)] 619127K->31225K(2042368K), 0.0092676 secs] [Times: user=0.11 sys=0.00, real=0.01 secs] 
2020-09-29T17:37:05.362+0200: 14.044: [GC (Allocation Failure) [PSYoungGen: 610917K->36709K(644096K)] 620537K->46329K(2042368K), 0.0132605 secs] [Times: user=0.13 sys=0.00, real=0.01 secs] 
2020-09-29T17:37:05.425+0200: 14.108: [GC (Allocation Failure) [PSYoungGen: 626021K->22499K(645120K)] 635641K->32119K(2043392K), 0.0090791 secs] [Times: user=0.13 sys=0.00, real=0.01 secs] 
2020-09-29T17:37:05.485+0200: 14.168: [GC (Allocation Failure) [PSYoungGen: 613347K->25188K(644608K)] 622967K->34808K(2042880K), 0.0091687 secs] [Times: user=0.13 sys=0.00, real=0.01 secs] 
2020-09-29T17:37:05.547+0200: 14.229: [GC (Allocation Failure) [PSYoungGen: 616036K->41765K(642048K)] 625656K->51385K(2040320K), 0.0153280 secs] [Times: user=0.11 sys=0.00, real=0.02 secs] 
2020-09-29T17:37:05.615+0200: 14.297: [GC (Allocation Failure) [PSYoungGen: 631077K->43109K(632832K)] 640697K->52729K(2031104K), 0.0163121 secs] [Times: user=0.13 sys=0.00, real=0.02 secs] 
2020-09-29T17:37:05.682+0200: 14.364: [GC (Allocation Failure) [PSYoungGen: 632421K->44549K(638464K)] 642041K->54169K(2036736K), 0.0150331 secs] [Times: user=0.13 sys=0.00, real=0.02 secs] 
2020-09-29T17:37:05.748+0200: 14.430: [GC (Allocation Failure) [PSYoungGen: 626693K->52453K(634880K)] 636313K->62073K(2033152K), 0.0180015 secs] [Times: user=0.13 sys=0.00, real=0.02 secs] 
2020-09-29T17:37:05.816+0200: 14.499: [GC (Allocation Failure) [PSYoungGen: 634597K->46693K(633344K)] 644217K->56313K(2031616K), 0.0161928 secs] [Times: user=0.13 sys=0.00, real=0.02 secs] 
2020-09-29T17:37:05.881+0200: 14.564: [GC (Allocation Failure) [PSYoungGen: 617573K->43301K(634880K)] 627193K->52921K(2033152K), 0.0149487 secs] [Times: user=0.13 sys=0.00, real=0.01 secs] 
2020-09-29T17:37:05.946+0200: 14.628: [GC (Allocation Failure) [PSYoungGen: 614181K->39941K(637440K)] 623801K->49561K(2035712K), 0.0139396 secs] [Times: user=0.13 sys=0.00, real=0.01 secs] 
2020-09-29T17:37:06.011+0200: 14.693: [GC (Allocation Failure) [PSYoungGen: 613893K->23523K(635392K)] 623513K->33143K(2033664K), 0.0095564 secs] [Times: user=0.13 sys=0.00, real=0.01 secs] 
2020-09-29T17:37:06.069+0200: 14.751: [GC (Allocation Failure) [PSYoungGen: 597475K->36965K(639488K)] 607095K->46585K(2037760K), 0.0133080 secs] [Times: user=0.00 sys=0.00, real=0.01 secs] 
2020-09-29T17:37:06.132+0200: 14.814: [GC (Allocation Failure) [PSYoungGen: 614501K->36453K(636928K)] 624121K->46073K(2035200K), 0.0128603 secs] [Times: user=0.02 sys=0.02, real=0.01 secs] 
2020-09-29T17:37:06.194+0200: 14.876: [GC (Allocation Failure) [PSYoungGen: 613989K->22275K(640512K)] 623609K->31895K(2038784K), 0.0092909 secs] [Times: user=0.00 sys=0.00, real=0.01 secs] 
2020-09-29T17:37:06.255+0200: 14.937: [GC (Allocation Failure) [PSYoungGen: 605443K->42852K(626176K)] 615063K->52472K(2024448K), 0.0150880 secs] [Times: user=0.13 sys=0.00, real=0.01 secs] 
2020-09-29T17:37:06.322+0200: 15.005: [GC (Allocation Failure) [PSYoungGen: 626020K->38053K(642048K)] 635640K->47673K(2040320K), 0.0132878 secs] [Times: user=0.13 sys=0.00, real=0.01 secs] 
2020-09-29T17:37:06.389+0200: 15.071: [GC (Allocation Failure) [PSYoungGen: 621733K->33765K(640512K)] 631353K->43385K(2038784K), 0.0126831 secs] [Times: user=0.13 sys=0.00, real=0.01 secs] 
2020-09-29T17:37:06.453+0200: 15.135: [GC (Allocation Failure) [PSYoungGen: 617445K->29573K(644608K)] 627065K->39193K(2042880K), 0.0098580 secs] [Times: user=0.13 sys=0.00, real=0.01 secs] 
2020-09-29T17:37:06.513+0200: 15.195: [GC (Allocation Failure) [PSYoungGen: 618885K->14403K(604160K)] 628505K->24023K(2002432K), 0.0058990 secs] [Times: user=0.00 sys=0.00, real=0.01 secs] 
2020-09-29T17:37:06.571+0200: 15.254: [GC (Allocation Failure) [PSYoungGen: 603715K->43205K(640000K)] 613335K->52825K(2038272K), 0.0162995 secs] [Times: user=0.11 sys=0.00, real=0.02 secs] 
2020-09-29T17:37:06.639+0200: 15.322: [GC (Allocation Failure) [PSYoungGen: 627397K->39429K(641536K)] 637017K->49049K(2039808K), 0.0144652 secs] [Times: user=0.11 sys=0.00, real=0.02 secs] 
2020-09-29T17:37:06.704+0200: 15.386: [GC (Allocation Failure) [PSYoungGen: 623621K->34852K(644096K)] 633241K->44472K(2042368K), 0.0126780 secs] [Times: user=0.13 sys=0.00, real=0.01 secs] 
2020-09-29T17:37:06.768+0200: 15.450: [GC (Allocation Failure) [PSYoungGen: 621604K->33701K(641536K)] 631224K->43321K(2039808K), 0.0114055 secs] [Times: user=0.13 sys=0.00, real=0.01 secs] 
2020-09-29T17:37:06.830+0200: 15.512: [GC (Allocation Failure) [PSYoungGen: 620453K->31365K(647168K)] 630073K->40985K(2045440K), 0.0116307 secs] [Times: user=0.13 sys=0.00, real=0.01 secs] 
2020-09-29T17:37:06.892+0200: 15.575: [GC (Allocation Failure) [PSYoungGen: 625285K->21347K(645632K)] 634905K->30967K(2043904K), 0.0087134 secs] [Times: user=0.13 sys=0.00, real=0.01 secs] 
2020-09-29T17:37:06.953+0200: 15.636: [GC (Allocation Failure) [PSYoungGen: 615267K->40645K(644608K)] 624887K->50265K(2042880K), 0.0141512 secs] [Times: user=0.13 sys=0.00, real=0.01 secs] 
2020-09-29T17:37:07.019+0200: 15.701: [GC (Allocation Failure) [PSYoungGen: 633029K->45093K(637952K)] 642649K->54713K(2036224K), 0.0156653 secs] [Times: user=0.13 sys=0.00, real=0.02 secs] 
2020-09-29T17:37:07.086+0200: 15.768: [GC (Allocation Failure) [PSYoungGen: 637477K->49541K(636416K)] 647097K->59161K(2034688K), 0.0169638 secs] [Times: user=0.13 sys=0.00, real=0.02 secs] 
2020-09-29T17:37:07.153+0200: 15.836: [GC (Allocation Failure) [PSYoungGen: 630661K->27332K(640000K)] 640281K->36952K(2038272K), 0.0103683 secs] [Times: user=0.13 sys=0.00, real=0.01 secs] 
2020-09-29T17:37:07.215+0200: 15.898: [GC (Allocation Failure) [PSYoungGen: 608452K->33892K(642560K)] 618072K->43512K(2040832K), 0.0124501 secs] [Times: user=0.13 sys=0.00, real=0.01 secs] 
2020-09-29T17:37:07.283+0200: 15.966: [GC (Allocation Failure) [PSYoungGen: 618084K->28516K(640512K)] 627704K->38136K(2038784K), 0.0143261 secs] [Times: user=0.11 sys=0.00, real=0.02 secs] 
2020-09-29T17:37:07.353+0200: 16.036: [GC (Allocation Failure) [PSYoungGen: 612708K->38469K(644096K)] 622328K->48089K(2042368K), 0.0155205 secs] [Times: user=0.13 sys=0.00, real=0.02 secs] 
2020-09-29T17:37:07.424+0200: 16.107: [GC (Allocation Failure) [PSYoungGen: 627269K->24772K(643584K)] 636889K->34392K(2041856K), 0.0103621 secs] [Times: user=0.11 sys=0.00, real=0.01 secs] 
2020-09-29T17:37:07.488+0200: 16.170: [GC (Allocation Failure) [PSYoungGen: 613572K->36420K(645632K)] 623192K->46040K(2043904K), 0.0130282 secs] [Times: user=0.13 sys=0.00, real=0.01 secs] 
2020-09-29T17:37:07.552+0200: 16.234: [GC (Allocation Failure) [PSYoungGen: 627780K->39941K(644608K)] 637400K->49561K(2042880K), 0.0132091 secs] [Times: user=0.00 sys=0.00, real=0.01 secs] 
2020-09-29T17:37:07.617+0200: 16.299: [GC (Allocation Failure) [PSYoungGen: 631301K->12098K(641024K)] 640921K->21718K(2039296K), 0.0060586 secs] [Times: user=0.00 sys=0.00, real=0.01 secs] 
2020-09-29T17:37:07.674+0200: 16.357: [GC (Allocation Failure) [PSYoungGen: 599362K->52549K(640000K)] 608982K->62169K(2038272K), 0.0177478 secs] [Times: user=0.25 sys=0.00, real=0.02 secs] 
2020-09-29T17:37:07.742+0200: 16.425: [GC (Allocation Failure) [PSYoungGen: 639813K->37956K(638976K)] 649433K->47576K(2037248K), 0.0145319 secs] [Times: user=0.13 sys=0.00, real=0.01 secs] 
2020-09-29T17:37:07.808+0200: 16.491: [GC (Allocation Failure) [PSYoungGen: 618052K->28677K(639488K)] 627672K->38297K(2037760K), 0.0108403 secs] [Times: user=0.13 sys=0.00, real=0.01 secs] 
2020-09-29T17:37:07.869+0200: 16.551: [GC (Allocation Failure) [PSYoungGen: 608773K->20228K(641024K)] 618393K->29848K(2039296K), 0.0074463 secs] [Times: user=0.00 sys=0.00, real=0.01 secs] 
2020-09-29T17:37:07.935+0200: 16.617: [GC (Allocation Failure) [PSYoungGen: 603396K->28388K(641024K)] 613016K->38008K(2039296K), 0.0111102 secs] [Times: user=0.13 sys=0.00, real=0.01 secs] 
2020-09-29T17:37:08.004+0200: 16.686: [GC (Allocation Failure) [PSYoungGen: 611556K->20771K(643072K)] 621176K->30391K(2041344K), 0.0084374 secs] [Times: user=0.13 sys=0.00, real=0.01 secs] 
2020-09-29T17:37:08.066+0200: 16.749: [GC (Allocation Failure) [PSYoungGen: 607523K->33124K(642560K)] 617143K->42744K(2040832K), 0.0120722 secs] [Times: user=0.13 sys=0.00, real=0.01 secs] 
2020-09-29T17:37:08.130+0200: 16.812: [GC (Allocation Failure) [PSYoungGen: 619876K->31909K(646656K)] 629496K->41529K(2044928K), 0.0107991 secs] [Times: user=0.00 sys=0.00, real=0.01 secs] 
2020-09-29T17:37:08.196+0200: 16.878: [GC (Allocation Failure) [PSYoungGen: 624293K->20997K(644608K)] 633913K->30617K(2042880K), 0.0080608 secs] [Times: user=0.00 sys=0.00, real=0.01 secs] 
2020-09-29T17:37:08.258+0200: 16.941: [GC (Allocation Failure) [PSYoungGen: 613381K->23619K(648192K)] 623001K->33239K(2046464K), 0.0101654 secs] [Times: user=0.00 sys=0.00, real=0.01 secs] 
2020-09-29T17:37:08.323+0200: 17.006: [GC (Allocation Failure) [PSYoungGen: 620099K->17475K(647168K)] 629719K->27095K(2045440K), 0.0077073 secs] [Times: user=0.00 sys=0.00, real=0.01 secs] 
2020-09-29T17:37:08.382+0200: 17.065: [GC (Allocation Failure) [PSYoungGen: 613955K->25252K(649728K)] 623575K->34872K(2048000K), 0.0097012 secs] [Times: user=0.00 sys=0.00, real=0.01 secs] 
2020-09-29T17:37:08.445+0200: 17.128: [GC (Allocation Failure) [PSYoungGen: 624292K->35172K(648192K)] 633912K->44792K(2046464K), 0.0130793 secs] [Times: user=0.13 sys=0.00, real=0.01 secs] 
2020-09-29T17:37:08.509+0200: 17.191: [GC (Allocation Failure) [PSYoungGen: 634212K->31237K(650240K)] 643832K->40857K(2048512K), 0.0111916 secs] [Times: user=0.13 sys=0.00, real=0.01 secs] 
2020-09-29T17:37:08.572+0200: 17.254: [GC (Allocation Failure) [PSYoungGen: 631813K->43877K(644608K)] 641433K->53497K(2042880K), 0.0167314 secs] [Times: user=0.11 sys=0.00, real=0.02 secs] 
2020-09-29T17:37:08.641+0200: 17.324: [GC (Allocation Failure) [PSYoungGen: 644453K->28164K(648704K)] 654073K->37784K(2046976K), 0.0117067 secs] [Times: user=0.11 sys=0.00, real=0.01 secs] 
2020-09-29T17:37:08.703+0200: 17.386: [GC (Allocation Failure) [PSYoungGen: 624644K->36293K(646656K)] 634264K->45913K(2044928K), 0.0126486 secs] [Times: user=0.13 sys=0.00, real=0.01 secs] 
2020-09-29T17:37:08.768+0200: 17.451: [GC (Allocation Failure) [PSYoungGen: 632773K->44933K(642048K)] 642393K->54553K(2040320K), 0.0152169 secs] [Times: user=0.13 sys=0.00, real=0.02 secs] 
2020-09-29T17:37:08.834+0200: 17.516: [GC (Allocation Failure) [PSYoungGen: 636293K->31876K(645120K)] 645913K->41496K(2043392K), 0.0120745 secs] [Times: user=0.00 sys=0.00, real=0.01 secs] 
2020-09-29T17:37:08.897+0200: 17.579: [GC (Allocation Failure) [PSYoungGen: 623236K->35301K(647680K)] 632856K->44921K(2045952K), 0.0121166 secs] [Times: user=0.00 sys=0.00, real=0.01 secs] 
2020-09-29T17:37:08.960+0200: 17.642: [GC (Allocation Failure) [PSYoungGen: 631269K->25860K(647168K)] 640889K->35480K(2045440K), 0.0102577 secs] [Times: user=0.00 sys=0.00, real=0.01 secs] 
2020-09-29T17:37:09.021+0200: 17.703: [GC (Allocation Failure) [PSYoungGen: 621828K->19268K(647680K)] 631448K->28888K(2045952K), 0.0071169 secs] [Times: user=0.00 sys=0.00, real=0.01 secs] 
2020-09-29T17:37:09.082+0200: 17.764: [GC (Allocation Failure) [PSYoungGen: 616772K->42501K(640512K)] 626392K->52121K(2038784K), 0.0150228 secs] [Times: user=0.13 sys=0.00, real=0.01 secs] 
2020-09-29T17:37:09.148+0200: 17.830: [GC (Allocation Failure) [PSYoungGen: 640005K->22788K(646144K)] 649625K->32408K(2044416K), 0.0087401 secs] [Times: user=0.00 sys=0.00, real=0.01 secs] 
2020-09-29T17:37:09.207+0200: 17.889: [GC (Allocation Failure) [PSYoungGen: 615684K->24164K(645632K)] 625304K->33784K(2043904K), 0.0098331 secs] [Times: user=0.13 sys=0.00, real=0.01 secs] 
2020-09-29T17:37:09.268+0200: 17.950: [GC (Allocation Failure) [PSYoungGen: 617060K->41732K(643072K)] 626680K->51352K(2041344K), 0.0151259 secs] [Times: user=0.13 sys=0.00, real=0.02 secs] 
2020-09-29T17:37:09.334+0200: 18.017: [GC (Allocation Failure) [PSYoungGen: 633092K->31012K(645120K)] 642712K->40632K(2043392K), 0.0121232 secs] [Times: user=0.00 sys=0.00, real=0.01 secs] 
2020-09-29T17:37:09.397+0200: 18.080: [GC (Allocation Failure) [PSYoungGen: 622372K->34469K(648192K)] 631992K->44089K(2046464K), 0.0122611 secs] [Times: user=0.00 sys=0.00, real=0.01 secs] 
2020-09-29T17:37:09.460+0200: 18.143: [GC (Allocation Failure) [PSYoungGen: 630949K->29381K(647168K)] 640569K->39001K(2045440K), 0.0103965 secs] [Times: user=0.00 sys=0.00, real=0.01 secs] 
2020-09-29T17:37:09.523+0200: 18.206: [GC (Allocation Failure) [PSYoungGen: 625861K->24293K(650240K)] 635481K->33913K(2048512K), 0.0080996 secs] [Times: user=0.00 sys=0.00, real=0.01 secs] 
2020-09-29T17:37:09.584+0200: 18.267: [GC (Allocation Failure) [PSYoungGen: 625381K->37445K(649728K)] 635001K->47065K(2048000K), 0.0136814 secs] [Times: user=0.11 sys=0.00, real=0.01 secs] 
2020-09-29T17:37:09.651+0200: 18.334: [GC (Allocation Failure) [PSYoungGen: 638533K->36901K(648704K)] 648153K->46521K(2046976K), 0.0130367 secs] [Times: user=0.13 sys=0.00, real=0.01 secs] 
2020-09-29T17:37:09.716+0200: 18.398: [GC (Allocation Failure) [PSYoungGen: 636453K->48581K(648192K)] 646073K->58201K(2046464K), 0.0163968 secs] [Times: user=0.13 sys=0.00, real=0.02 secs] 
2020-09-29T17:37:09.785+0200: 18.468: [GC (Allocation Failure) [PSYoungGen: 648133K->46565K(635904K)] 657753K->56185K(2034176K), 0.0169133 secs] [Times: user=0.23 sys=0.00, real=0.02 secs] 
2020-09-29T17:37:09.852+0200: 18.535: [GC (Allocation Failure) [PSYoungGen: 631781K->43909K(629248K)] 641401K->53529K(2027520K), 0.0148930 secs] [Times: user=0.13 sys=0.00, real=0.02 secs] 
2020-09-29T17:37:09.917+0200: 18.599: [GC (Allocation Failure) [PSYoungGen: 629125K->40933K(641024K)] 638745K->50553K(2039296K), 0.0142344 secs] [Times: user=0.13 sys=0.00, real=0.01 secs] 
2020-09-29T17:37:09.983+0200: 18.665: [GC (Allocation Failure) [PSYoungGen: 624101K->36165K(641024K)] 633721K->45785K(2039296K), 0.0126703 secs] [Times: user=0.13 sys=0.00, real=0.01 secs] 
2020-09-29T17:37:10.046+0200: 18.728: [GC (Allocation Failure) [PSYoungGen: 619333K->45093K(641024K)] 628953K->54713K(2039296K), 0.0156659 secs] [Times: user=0.13 sys=0.00, real=0.02 secs] 
2020-09-29T17:37:10.112+0200: 18.794: [GC (Allocation Failure) [PSYoungGen: 630309K->28677K(642048K)] 639929K->38297K(2040320K), 0.0104401 secs] [Times: user=0.13 sys=0.00, real=0.01 secs] 
2020-09-29T17:37:10.172+0200: 18.855: [GC (Allocation Failure) [PSYoungGen: 613893K->25957K(642560K)] 623513K->35577K(2040832K), 0.0083456 secs] [Times: user=0.13 sys=0.00, real=0.01 secs] 
2020-09-29T17:37:10.232+0200: 18.915: [GC (Allocation Failure) [PSYoungGen: 612197K->36421K(642560K)] 621817K->46041K(2040832K), 0.0127707 secs] [Times: user=0.13 sys=0.00, real=0.01 secs] 
2020-09-29T17:37:10.295+0200: 18.978: [GC (Allocation Failure) [PSYoungGen: 622661K->48485K(638976K)] 632281K->58105K(2037248K), 0.0169046 secs] [Times: user=0.13 sys=0.00, real=0.02 secs] 
2020-09-29T17:37:10.364+0200: 19.047: [GC (Allocation Failure) [PSYoungGen: 632677K->44709K(629248K)] 642297K->54329K(2027520K), 0.0156183 secs] [Times: user=0.13 sys=0.00, real=0.02 secs] 
2020-09-29T17:37:10.430+0200: 19.112: [GC (Allocation Failure) [PSYoungGen: 628901K->25796K(640512K)] 638521K->35416K(2038784K), 0.0102491 secs] [Times: user=0.00 sys=0.00, real=0.01 secs] 
2020-09-29T17:37:10.493+0200: 19.176: [GC (Allocation Failure) [PSYoungGen: 607940K->33701K(640512K)] 617560K->43321K(2038784K), 0.0120794 secs] [Times: user=0.13 sys=0.00, real=0.01 secs] 
2020-09-29T17:37:10.555+0200: 19.238: [GC (Allocation Failure) [PSYoungGen: 615845K->41637K(642048K)] 625465K->51257K(2040320K), 0.0145996 secs] [Times: user=0.13 sys=0.00, real=0.01 secs] 
2020-09-29T17:37:10.630+0200: 19.312: [GC (Allocation Failure) [PSYoungGen: 626853K->52581K(637952K)] 636473K->62201K(2036224K), 0.0194744 secs] [Times: user=0.13 sys=0.00, real=0.02 secs] 
2020-09-29T17:37:10.700+0200: 19.383: [GC (Allocation Failure) [PSYoungGen: 637797K->35972K(640000K)] 647417K->45592K(2038272K), 0.0131931 secs] [Times: user=0.13 sys=0.00, real=0.01 secs] 
2020-09-29T17:37:10.765+0200: 19.448: [GC (Allocation Failure) [PSYoungGen: 615556K->41317K(638464K)] 625176K->50937K(2036736K), 0.0136750 secs] [Times: user=0.13 sys=0.00, real=0.01 secs] 
2020-09-29T17:37:10.830+0200: 19.512: [GC (Allocation Failure) [PSYoungGen: 620901K->31397K(641536K)] 630521K->41017K(2039808K), 0.0109389 secs] [Times: user=0.13 sys=0.00, real=0.01 secs] 
2020-09-29T17:37:10.892+0200: 19.574: [GC (Allocation Failure) [PSYoungGen: 615077K->40805K(641024K)] 624697K->50425K(2039296K), 0.0149281 secs] [Times: user=0.13 sys=0.00, real=0.02 secs] 
2020-09-29T17:37:10.958+0200: 19.641: [GC (Allocation Failure) [PSYoungGen: 624485K->36581K(644096K)] 634105K->46201K(2042368K), 0.0131742 secs] [Times: user=0.00 sys=0.00, real=0.01 secs] 
2020-09-29T17:37:11.021+0200: 19.704: [GC (Allocation Failure) [PSYoungGen: 624357K->35268K(642560K)] 633977K->44888K(2040832K), 0.0130589 secs] [Times: user=0.00 sys=0.00, real=0.01 secs] 
2020-09-29T17:37:11.088+0200: 19.771: [GC (Allocation Failure) [PSYoungGen: 623044K->20996K(643072K)] 632664K->30616K(2041344K), 0.0081768 secs] [Times: user=0.00 sys=0.00, real=0.01 secs] 
2020-09-29T17:37:11.147+0200: 19.830: [GC (Allocation Failure) [PSYoungGen: 610308K->36069K(644096K)] 619928K->45689K(2042368K), 0.0127617 secs] [Times: user=0.00 sys=0.00, real=0.01 secs] 
2020-09-29T17:37:11.212+0200: 19.895: [GC (Allocation Failure) [PSYoungGen: 625381K->51205K(638464K)] 635001K->60825K(2036736K), 0.0172486 secs] [Times: user=0.13 sys=0.00, real=0.02 secs] 
2020-09-29T17:37:11.280+0200: 19.962: [GC (Allocation Failure) [PSYoungGen: 636421K->34725K(642048K)] 646041K->44345K(2040320K), 0.0121511 secs] [Times: user=0.13 sys=0.00, real=0.01 secs] 
2020-09-29T17:37:11.344+0200: 20.027: [GC (Allocation Failure) [PSYoungGen: 619941K->44932K(640512K)] 629561K->54552K(2038784K), 0.0160173 secs] [Times: user=0.13 sys=0.00, real=0.02 secs] 
2020-09-29T17:37:11.411+0200: 20.094: [GC (Allocation Failure) [PSYoungGen: 630148K->28517K(642048K)] 639768K->38137K(2040320K), 0.0096045 secs] [Times: user=0.00 sys=0.00, real=0.01 secs] 
2020-09-29T17:37:11.476+0200: 20.159: [GC (Allocation Failure) [PSYoungGen: 613733K->53189K(634368K)] 623353K->62809K(2032640K), 0.0175897 secs] [Times: user=0.13 sys=0.00, real=0.02 secs] 
2020-09-29T17:37:11.544+0200: 20.227: [GC (Allocation Failure) [PSYoungGen: 631237K->43365K(638464K)] 640857K->52985K(2036736K), 0.0152070 secs] [Times: user=0.13 sys=0.00, real=0.02 secs] 
2020-09-29T17:37:11.612+0200: 20.295: [GC (Allocation Failure) [PSYoungGen: 621413K->33541K(640000K)] 631033K->43161K(2038272K), 0.0120083 secs] [Times: user=0.09 sys=0.00, real=0.01 secs] 
2020-09-29T17:37:11.676+0200: 20.359: [GC (Allocation Failure) [PSYoungGen: 613637K->24868K(638976K)] 623257K->34488K(2037248K), 0.0092375 secs] [Times: user=0.00 sys=0.00, real=0.01 secs] 
2020-09-29T17:37:11.735+0200: 20.418: [GC (Allocation Failure) [PSYoungGen: 604964K->30725K(640512K)] 614584K->40345K(2038784K), 0.0108367 secs] [Times: user=0.13 sys=0.00, real=0.01 secs] 
2020-09-29T17:37:11.797+0200: 20.479: [GC (Allocation Failure) [PSYoungGen: 611845K->37573K(639488K)] 621465K->47193K(2037760K), 0.0136487 secs] [Times: user=0.13 sys=0.00, real=0.01 secs] 
2020-09-29T17:37:11.860+0200: 20.543: [GC (Allocation Failure) [PSYoungGen: 618693K->13793K(638464K)] 628313K->23413K(2036736K), 0.0076978 secs] [Times: user=0.13 sys=0.00, real=0.01 secs] 
2020-09-29T17:37:11.917+0200: 20.600: [GC (Allocation Failure) [PSYoungGen: 595937K->35269K(640512K)] 605557K->44889K(2038784K), 0.0123952 secs] [Times: user=0.13 sys=0.00, real=0.01 secs] 
2020-09-29T17:37:11.984+0200: 20.667: [GC (Allocation Failure) [PSYoungGen: 617413K->27620K(643584K)] 627033K->37240K(2041856K), 0.0102549 secs] [Times: user=0.13 sys=0.00, real=0.01 secs] 
2020-09-29T17:37:12.047+0200: 20.729: [GC (Allocation Failure) [PSYoungGen: 614884K->40677K(642560K)] 624504K->50297K(2040832K), 0.0146233 secs] [Times: user=0.13 sys=0.00, real=0.01 secs] 
2020-09-29T17:37:12.114+0200: 20.796: [GC (Allocation Failure) [PSYoungGen: 627941K->40037K(643072K)] 637561K->49657K(2041344K), 0.0147099 secs] [Times: user=0.00 sys=0.00, real=0.01 secs] 
2020-09-29T17:37:12.181+0200: 20.864: [GC (Allocation Failure) [PSYoungGen: 627301K->37956K(643072K)] 636921K->47576K(2041344K), 0.0153094 secs] [Times: user=0.13 sys=0.00, real=0.02 secs] 
2020-09-29T17:37:12.249+0200: 20.932: [GC (Allocation Failure) [PSYoungGen: 625220K->37285K(645120K)] 634840K->46905K(2043392K), 0.0137342 secs] [Times: user=0.13 sys=0.00, real=0.01 secs] 
2020-09-29T17:37:12.328+0200: 21.010: [GC (Allocation Failure) [PSYoungGen: 627621K->39749K(644096K)] 637241K->49369K(2042368K), 0.0155404 secs] [Times: user=0.13 sys=0.00, real=0.01 secs] 
2020-09-29T17:37:12.394+0200: 21.076: [GC (Allocation Failure) [PSYoungGen: 630085K->42181K(644608K)] 639705K->51801K(2042880K), 0.0146738 secs] [Times: user=0.13 sys=0.00, real=0.01 secs] 
2020-09-29T17:37:12.463+0200: 21.146: [GC (Allocation Failure) [PSYoungGen: 633541K->45637K(637440K)] 643161K->55257K(2035712K), 0.0148444 secs] [Times: user=0.13 sys=0.00, real=0.01 secs] 
2020-09-29T17:37:12.530+0200: 21.213: [GC (Allocation Failure) [PSYoungGen: 636997K->35044K(644608K)] 646617K->44664K(2042880K), 0.0122531 secs] [Times: user=0.13 sys=0.00, real=0.01 secs] 
2020-09-29T17:37:12.594+0200: 21.276: [GC (Allocation Failure) [PSYoungGen: 623844K->35172K(643072K)] 633464K->44792K(2041344K), 0.0141002 secs] [Times: user=0.11 sys=0.00, real=0.01 secs] 
2020-09-29T17:37:12.659+0200: 21.342: [GC (Allocation Failure) [PSYoungGen: 623972K->34949K(647168K)] 633592K->44569K(2045440K), 0.0121631 secs] [Times: user=0.13 sys=0.00, real=0.01 secs] 
2020-09-29T17:37:12.722+0200: 21.405: [GC (Allocation Failure) [PSYoungGen: 629381K->41509K(646144K)] 639001K->51129K(2044416K), 0.0137762 secs] [Times: user=0.13 sys=0.00, real=0.01 secs] 
2020-09-29T17:37:12.788+0200: 21.471: [GC (Allocation Failure) [PSYoungGen: 635941K->16355K(642048K)] 645561K->25975K(2040320K), 0.0066392 secs] [Times: user=0.00 sys=0.00, real=0.01 secs] 
2020-09-29T17:37:12.845+0200: 21.527: [GC (Allocation Failure) [PSYoungGen: 606691K->30275K(644608K)] 616311K->39895K(2042880K), 0.0120262 secs] [Times: user=0.13 sys=0.00, real=0.01 secs] 
2020-09-29T17:37:12.907+0200: 21.590: [GC (Allocation Failure) [PSYoungGen: 620611K->30980K(647168K)] 630231K->40600K(2045440K), 0.0115925 secs] [Times: user=0.13 sys=0.00, real=0.01 secs] 
2020-09-29T17:37:12.970+0200: 21.653: [GC (Allocation Failure) [PSYoungGen: 624900K->50725K(645120K)] 634520K->60345K(2043392K), 0.0167225 secs] [Times: user=0.13 sys=0.00, real=0.02 secs] 
2020-09-29T17:37:13.038+0200: 21.720: [GC (Allocation Failure) [PSYoungGen: 644645K->41061K(640000K)] 654265K->50681K(2038272K), 0.0144850 secs] [Times: user=0.13 sys=0.00, real=0.01 secs] 
2020-09-29T17:37:13.102+0200: 21.785: [GC (Allocation Failure) [PSYoungGen: 627301K->25732K(642560K)] 636921K->35352K(2040832K), 0.0101491 secs] [Times: user=0.00 sys=0.00, real=0.01 secs] 
2020-09-29T17:37:13.163+0200: 21.846: [GC (Allocation Failure) [PSYoungGen: 611972K->23523K(643072K)] 621592K->33143K(2041344K), 0.0096882 secs] [Times: user=0.00 sys=0.00, real=0.01 secs] 
2020-09-29T17:37:13.223+0200: 21.906: [GC (Allocation Failure) [PSYoungGen: 610787K->21443K(643072K)] 620407K->31063K(2041344K), 0.0095326 secs] [Times: user=0.00 sys=0.00, real=0.01 secs] 
2020-09-29T17:37:13.283+0200: 21.966: [GC (Allocation Failure) [PSYoungGen: 608707K->48068K(635904K)] 618327K->57688K(2034176K), 0.0173220 secs] [Times: user=0.13 sys=0.00, real=0.02 secs] 
2020-09-29T17:37:13.351+0200: 22.034: [GC (Allocation Failure) [PSYoungGen: 628164K->40069K(639488K)] 637784K->49689K(2037760K), 0.0135148 secs] [Times: user=0.13 sys=0.00, real=0.01 secs] 
2020-09-29T17:37:13.417+0200: 22.099: [GC (Allocation Failure) [PSYoungGen: 620165K->32036K(642048K)] 629785K->41656K(2040320K), 0.0118027 secs] [Times: user=0.13 sys=0.00, real=0.01 secs] 
2020-09-29T17:37:13.482+0200: 22.165: [GC (Allocation Failure) [PSYoungGen: 615204K->39813K(640000K)] 624824K->49433K(2038272K), 0.0140355 secs] [Times: user=0.13 sys=0.00, real=0.01 secs] 
2020-09-29T17:37:13.546+0200: 22.229: [GC (Allocation Failure) [PSYoungGen: 622981K->35013K(644096K)] 632601K->44633K(2042368K), 0.0129408 secs] [Times: user=0.13 sys=0.00, real=0.01 secs] 
2020-09-29T17:37:13.611+0200: 22.294: [GC (Allocation Failure) [PSYoungGen: 622277K->34405K(642048K)] 631897K->44025K(2040320K), 0.0124726 secs] [Times: user=0.11 sys=0.00, real=0.01 secs] 
2020-09-29T17:37:13.676+0200: 22.359: [GC (Allocation Failure) [PSYoungGen: 621669K->33733K(647680K)] 631289K->43353K(2045952K), 0.0114648 secs] [Times: user=0.00 sys=0.00, real=0.01 secs] 
2020-09-29T17:37:13.739+0200: 22.421: [GC (Allocation Failure) [PSYoungGen: 628677K->26756K(646144K)] 638297K->36376K(2044416K), 0.0104252 secs] [Times: user=0.00 sys=0.00, real=0.01 secs] 
2020-09-29T17:37:13.801+0200: 22.484: [GC (Allocation Failure) [PSYoungGen: 621700K->47493K(641536K)] 631320K->57113K(2039808K), 0.0158286 secs] [Times: user=0.13 sys=0.00, real=0.02 secs] 
2020-09-29T17:37:13.871+0200: 22.554: [GC (Allocation Failure) [PSYoungGen: 637829K->36165K(644608K)] 647449K->45785K(2042880K), 0.0124244 secs] [Times: user=0.13 sys=0.00, real=0.01 secs] 
2020-09-29T17:37:13.934+0200: 22.617: [GC (Allocation Failure) [PSYoungGen: 626501K->52293K(636928K)] 636121K->61913K(2035200K), 0.0179772 secs] [Times: user=0.13 sys=0.00, real=0.02 secs] 
2020-09-29T17:37:14.002+0200: 22.685: [GC (Allocation Failure) [PSYoungGen: 636485K->34564K(641536K)] 646105K->44184K(2039808K), 0.0125195 secs] [Times: user=0.13 sys=0.00, real=0.01 secs] 
2020-09-29T17:37:14.068+0200: 22.751: [GC (Allocation Failure) [PSYoungGen: 618756K->30501K(644096K)] 628376K->40121K(2042368K), 0.0109022 secs] [Times: user=0.00 sys=0.00, real=0.01 secs] 
2020-09-29T17:37:14.134+0200: 22.817: [GC (Allocation Failure) [PSYoungGen: 618789K->29475K(643072K)] 628409K->39095K(2041344K), 0.0120162 secs] [Times: user=0.13 sys=0.00, real=0.01 secs] 
2020-09-29T17:37:14.196+0200: 22.879: [GC (Allocation Failure) [PSYoungGen: 617763K->28324K(645120K)] 627383K->37944K(2043392K), 0.0106221 secs] [Times: user=0.00 sys=0.01, real=0.01 secs] 
2020-09-29T17:37:14.260+0200: 22.943: [GC (Allocation Failure) [PSYoungGen: 619172K->31269K(644608K)] 628792K->40889K(2042880K), 0.0114744 secs] [Times: user=0.13 sys=0.00, real=0.01 secs] 
2020-09-29T17:37:14.323+0200: 23.006: [GC (Allocation Failure) [PSYoungGen: 622117K->19523K(645120K)] 631737K->29143K(2043392K), 0.0092874 secs] [Times: user=0.13 sys=0.00, real=0.01 secs] 
2020-09-29T17:37:14.384+0200: 23.067: [GC (Allocation Failure) [PSYoungGen: 611907K->36387K(645632K)] 621527K->46007K(2043904K), 0.0137699 secs] [Times: user=0.13 sys=0.00, real=0.01 secs] 
2020-09-29T17:37:14.448+0200: 23.131: [GC (Allocation Failure) [PSYoungGen: 628771K->27173K(647168K)] 638391K->36793K(2045440K), 0.0093631 secs] [Times: user=0.13 sys=0.00, real=0.01 secs] 
2020-09-29T17:37:14.516+0200: 23.198: [GC (Allocation Failure) [PSYoungGen: 621605K->33765K(646144K)] 631225K->43385K(2044416K), 0.0119326 secs] [Times: user=0.13 sys=0.00, real=0.01 secs] 
2020-09-29T17:37:14.580+0200: 23.263: [GC (Allocation Failure) [PSYoungGen: 628197K->26212K(649216K)] 637817K->35832K(2047488K), 0.0111005 secs] [Times: user=0.11 sys=0.00, real=0.01 secs] 
2020-09-29T17:37:14.644+0200: 23.327: [GC (Allocation Failure) [PSYoungGen: 625252K->36452K(648704K)] 634872K->46072K(2046976K), 0.0136536 secs] [Times: user=0.13 sys=0.00, real=0.01 secs] 
2020-09-29T17:37:14.709+0200: 23.391: [GC (Allocation Failure) [PSYoungGen: 635492K->47589K(642048K)] 645112K->57209K(2040320K), 0.0162701 secs] [Times: user=0.13 sys=0.00, real=0.02 secs] 
2020-09-29T17:37:14.776+0200: 23.459: [GC (Allocation Failure) [PSYoungGen: 639973K->22180K(645632K)] 649593K->31800K(2043904K), 0.0103592 secs] [Times: user=0.13 sys=0.00, real=0.01 secs] 
2020-09-29T17:37:14.837+0200: 23.520: [GC (Allocation Failure) [PSYoungGen: 614564K->38756K(644608K)] 624184K->48376K(2042880K), 0.0143606 secs] [Times: user=0.13 sys=0.00, real=0.02 secs] 
2020-09-29T17:37:14.905+0200: 23.588: [GC (Allocation Failure) [PSYoungGen: 630116K->26980K(645120K)] 639736K->36600K(2043392K), 0.0136263 secs] [Times: user=0.11 sys=0.00, real=0.01 secs] 
2020-09-29T17:37:14.982+0200: 23.665: [GC (Allocation Failure) [PSYoungGen: 618340K->44165K(642048K)] 627960K->53785K(2040320K), 0.0158351 secs] [Times: user=0.13 sys=0.00, real=0.02 secs] 
2020-09-29T17:37:15.050+0200: 23.733: [GC (Allocation Failure) [PSYoungGen: 633477K->30244K(644096K)] 643097K->39864K(2042368K), 0.0109730 secs] [Times: user=0.13 sys=0.00, real=0.01 secs] 
2020-09-29T17:37:15.111+0200: 23.794: [GC (Allocation Failure) [PSYoungGen: 619556K->45253K(641024K)] 629176K->54873K(2039296K), 0.0152706 secs] [Times: user=0.13 sys=0.00, real=0.01 secs] 
2020-09-29T17:37:15.177+0200: 23.860: [GC (Allocation Failure) [PSYoungGen: 632517K->44613K(632320K)] 642137K->54233K(2030592K), 0.0154156 secs] [Times: user=0.13 sys=0.00, real=0.01 secs] 
2020-09-29T17:37:15.242+0200: 23.925: [GC (Allocation Failure) [PSYoungGen: 631877K->43973K(639488K)] 641497K->53593K(2037760K), 0.0153612 secs] [Times: user=0.13 sys=0.00, real=0.02 secs] 
2020-09-29T17:37:15.309+0200: 23.992: [GC (Allocation Failure) [PSYoungGen: 626117K->38149K(640512K)] 635737K->47769K(2038784K), 0.0134238 secs] [Times: user=0.13 sys=0.00, real=0.01 secs] 
2020-09-29T17:37:15.373+0200: 24.056: [GC (Allocation Failure) [PSYoungGen: 620293K->30980K(643072K)] 629913K->40600K(2041344K), 0.0117323 secs] [Times: user=0.13 sys=0.00, real=0.01 secs] 
2020-09-29T17:37:15.434+0200: 24.117: [GC (Allocation Failure) [PSYoungGen: 617220K->43045K(642048K)] 626840K->52665K(2040320K), 0.0146295 secs] [Times: user=0.13 sys=0.00, real=0.01 secs] 
2020-09-29T17:37:15.500+0200: 24.183: [GC (Allocation Failure) [PSYoungGen: 629285K->27621K(643072K)] 638905K->37241K(2041344K), 0.0105327 secs] [Times: user=0.11 sys=0.00, real=0.01 secs] 
2020-09-29T17:37:15.561+0200: 24.244: [GC (Allocation Failure) [PSYoungGen: 614373K->53829K(641024K)] 623993K->63449K(2039296K), 0.0179051 secs] [Times: user=0.13 sys=0.00, real=0.02 secs] 
2020-09-29T17:37:15.631+0200: 24.314: [GC (Allocation Failure) [PSYoungGen: 640581K->39045K(638976K)] 650201K->48665K(2037248K), 0.0144882 secs] [Times: user=0.11 sys=0.00, real=0.01 secs] 
2020-09-29T17:37:15.698+0200: 24.381: [GC (Allocation Failure) [PSYoungGen: 620165K->45893K(627200K)] 629785K->55513K(2025472K), 0.0160913 secs] [Times: user=0.13 sys=0.00, real=0.02 secs] 
2020-09-29T17:37:15.765+0200: 24.448: [GC (Allocation Failure) [PSYoungGen: 627013K->39109K(641024K)] 636633K->48729K(2039296K), 0.0129624 secs] [Times: user=0.13 sys=0.00, real=0.01 secs] 
2020-09-29T17:37:15.830+0200: 24.513: [GC (Allocation Failure) [PSYoungGen: 620229K->46021K(638976K)] 629849K->55641K(2037248K), 0.0157294 secs] [Times: user=0.13 sys=0.00, real=0.02 secs] 
2020-09-29T17:37:15.895+0200: 24.578: [GC (Allocation Failure) [PSYoungGen: 627141K->25541K(638976K)] 636761K->35161K(2037248K), 0.0087789 secs] [Times: user=0.00 sys=0.00, real=0.01 secs] 
2020-09-29T17:37:15.955+0200: 24.638: [GC (Allocation Failure) [PSYoungGen: 605637K->31012K(639488K)] 615257K->40632K(2037760K), 0.0119607 secs] [Times: user=0.13 sys=0.00, real=0.01 secs] 
2020-09-29T17:37:16.016+0200: 24.699: [GC (Allocation Failure) [PSYoungGen: 611108K->23205K(640512K)] 620728K->32825K(2038784K), 0.0083162 secs] [Times: user=0.13 sys=0.00, real=0.01 secs] 
2020-09-29T17:37:16.074+0200: 24.757: [GC (Allocation Failure) [PSYoungGen: 605349K->31141K(640512K)] 614969K->40761K(2038784K), 0.0108149 secs] [Times: user=0.13 sys=0.00, real=0.01 secs] 
2020-09-29T17:37:16.134+0200: 24.817: [GC (Allocation Failure) [PSYoungGen: 613285K->6882K(636416K)] 622905K->16502K(2034688K), 0.0037661 secs] [Times: user=0.00 sys=0.00, real=0.01 secs] 
2020-09-29T17:37:16.195+0200: 24.877: [GC (Allocation Failure) [PSYoungGen: 585954K->39141K(638976K)] 595574K->48761K(2037248K), 0.0135309 secs] [Times: user=0.13 sys=0.00, real=0.01 secs] 
2020-09-29T17:37:16.258+0200: 24.940: [GC (Allocation Failure) [PSYoungGen: 618213K->43973K(636416K)] 627833K->53593K(2034688K), 0.0149851 secs] [Times: user=0.13 sys=0.00, real=0.02 secs] 
2020-09-29T17:37:16.324+0200: 25.006: [GC (Allocation Failure) [PSYoungGen: 620997K->46725K(624128K)] 630617K->56345K(2022400K), 0.0160409 secs] [Times: user=0.13 sys=0.00, real=0.02 secs] 
2020-09-29T17:37:16.390+0200: 25.072: [GC (Allocation Failure) [PSYoungGen: 623749K->35877K(638464K)] 633369K->45497K(2036736K), 0.0123165 secs] [Times: user=0.13 sys=0.00, real=0.01 secs] 
2020-09-29T17:37:16.457+0200: 25.139: [GC (Allocation Failure) [PSYoungGen: 611365K->37093K(635904K)] 620985K->46713K(2034176K), 0.0131946 secs] [Times: user=0.13 sys=0.00, real=0.01 secs] 
2020-09-29T17:37:16.522+0200: 25.204: [GC (Allocation Failure) [PSYoungGen: 612581K->36932K(642048K)] 622201K->46552K(2040320K), 0.0148349 secs] [Times: user=0.13 sys=0.00, real=0.01 secs] 
2020-09-29T17:37:16.589+0200: 25.271: [GC (Allocation Failure) [PSYoungGen: 620612K->46341K(640512K)] 630232K->55961K(2038784K), 0.0169990 secs] [Times: user=0.11 sys=0.00, real=0.02 secs] 
2020-09-29T17:37:16.658+0200: 25.340: [GC (Allocation Failure) [PSYoungGen: 630021K->42085K(640512K)] 639641K->51705K(2038784K), 0.0148392 secs] [Times: user=0.13 sys=0.00, real=0.01 secs] 
2020-09-29T17:37:16.722+0200: 25.404: [GC (Allocation Failure) [PSYoungGen: 624229K->22276K(604672K)] 633849K->31896K(2002944K), 0.0084196 secs] [Times: user=0.13 sys=0.00, real=0.01 secs] 
2020-09-29T17:37:16.781+0200: 25.463: [GC (Allocation Failure) [PSYoungGen: 604420K->28548K(641024K)] 614040K->38168K(2039296K), 0.0114602 secs] [Times: user=0.13 sys=0.00, real=0.01 secs] 
2020-09-29T17:37:16.844+0200: 25.526: [GC (Allocation Failure) [PSYoungGen: 610692K->35812K(640000K)] 620312K->45432K(2038272K), 0.0128825 secs] [Times: user=0.13 sys=0.00, real=0.01 secs] 
2020-09-29T17:37:16.907+0200: 25.589: [GC (Allocation Failure) [PSYoungGen: 617956K->28709K(644096K)] 627576K->38329K(2042368K), 0.0111680 secs] [Times: user=0.13 sys=0.00, real=0.01 secs] 
2020-09-29T17:37:16.969+0200: 25.651: [GC (Allocation Failure) [PSYoungGen: 616997K->29061K(643072K)] 626617K->38681K(2041344K), 0.0101787 secs] [Times: user=0.13 sys=0.00, real=0.01 secs] 
2020-09-29T17:37:17.030+0200: 25.712: [GC (Allocation Failure) [PSYoungGen: 617349K->43205K(642048K)] 626969K->52825K(2040320K), 0.0150283 secs] [Times: user=0.13 sys=0.00, real=0.02 secs] 
2020-09-29T17:37:17.095+0200: 25.777: [GC (Allocation Failure) [PSYoungGen: 631493K->12739K(601088K)] 641113K->22359K(1999360K), 0.0056361 secs] [Times: user=0.13 sys=0.00, real=0.01 secs] 
2020-09-29T17:37:17.151+0200: 25.833: [GC (Allocation Failure) [PSYoungGen: 601027K->40421K(641024K)] 610647K->50041K(2039296K), 0.0139661 secs] [Times: user=0.13 sys=0.00, real=0.01 secs] 
2020-09-29T17:37:17.215+0200: 25.897: [GC (Allocation Failure) [PSYoungGen: 624613K->36645K(641536K)] 634233K->46265K(2039808K), 0.0126297 secs] [Times: user=0.13 sys=0.00, real=0.01 secs] 
2020-09-29T17:37:17.278+0200: 25.960: [GC (Allocation Failure) [PSYoungGen: 620837K->46629K(637440K)] 630457K->56249K(2035712K), 0.0155119 secs] [Times: user=0.13 sys=0.00, real=0.02 secs] 
2020-09-29T17:37:17.343+0200: 26.025: [GC (Allocation Failure) [PSYoungGen: 627749K->12228K(593408K)] 637369K->21848K(1991680K), 0.0046494 secs] [Times: user=0.00 sys=0.00, real=0.01 secs] 
2020-09-29T17:37:17.401+0200: 26.083: [GC (Allocation Failure) [PSYoungGen: 593348K->32100K(641024K)] 602968K->41720K(2039296K), 0.0147901 secs] [Times: user=0.11 sys=0.00, real=0.01 secs] 
2020-09-29T17:37:17.471+0200: 26.153: [GC (Allocation Failure) [PSYoungGen: 612708K->38437K(638464K)] 622328K->48057K(2036736K), 0.0156343 secs] [Times: user=0.11 sys=0.00, real=0.02 secs] 
2020-09-29T17:37:17.540+0200: 26.222: [GC (Allocation Failure) [PSYoungGen: 619045K->44773K(637440K)] 628665K->54393K(2035712K), 0.0169005 secs] [Times: user=0.13 sys=0.00, real=0.02 secs] 
2020-09-29T17:37:17.609+0200: 26.291: [GC (Allocation Failure) [PSYoungGen: 624869K->36997K(639488K)] 634489K->46617K(2037760K), 0.0145244 secs] [Times: user=0.11 sys=0.00, real=0.02 secs] 
2020-09-29T17:37:17.675+0200: 26.357: [GC (Allocation Failure) [PSYoungGen: 617093K->29157K(642560K)] 626713K->38777K(2040832K), 0.0100753 secs] [Times: user=0.13 sys=0.00, real=0.01 secs] 
2020-09-29T17:37:17.735+0200: 26.418: [GC (Allocation Failure) [PSYoungGen: 613861K->25060K(641024K)] 623481K->34680K(2039296K), 0.0100224 secs] [Times: user=0.13 sys=0.00, real=0.01 secs] 
2020-09-29T17:37:17.796+0200: 26.479: [GC (Allocation Failure) [PSYoungGen: 609764K->35461K(644608K)] 619384K->45081K(2042880K), 0.0139202 secs] [Times: user=0.11 sys=0.00, real=0.01 secs] 
2020-09-29T17:37:17.861+0200: 26.543: [GC (Allocation Failure) [PSYoungGen: 624261K->34563K(643072K)] 633881K->44183K(2041344K), 0.0132948 secs] [Times: user=0.13 sys=0.00, real=0.01 secs] 
2020-09-29T17:37:17.925+0200: 26.607: [GC (Allocation Failure) [PSYoungGen: 623363K->20836K(646144K)] 632983K->30456K(2044416K), 0.0084647 secs] [Times: user=0.13 sys=0.00, real=0.01 secs] 
2020-09-29T17:37:17.991+0200: 26.673: [GC (Allocation Failure) [PSYoungGen: 614244K->23043K(646144K)] 623864K->32663K(2044416K), 0.0094549 secs] [Times: user=0.00 sys=0.00, real=0.01 secs] 
2020-09-29T17:37:18.051+0200: 26.733: [GC (Allocation Failure) [PSYoungGen: 616451K->26180K(647680K)] 626071K->35800K(2045952K), 0.0100929 secs] [Times: user=0.13 sys=0.00, real=0.01 secs] 
2020-09-29T17:37:18.112+0200: 26.794: [GC (Allocation Failure) [PSYoungGen: 621124K->46917K(642048K)] 630744K->56537K(2040320K), 0.0162391 secs] [Times: user=0.13 sys=0.00, real=0.02 secs] 
2020-09-29T17:37:18.179+0200: 26.861: [GC (Allocation Failure) [PSYoungGen: 641861K->40261K(642560K)] 651481K->49881K(2040832K), 0.0138525 secs] [Times: user=0.13 sys=0.00, real=0.01 secs] 
2020-09-29T17:37:18.244+0200: 26.926: [GC (Allocation Failure) [PSYoungGen: 627525K->53349K(641024K)] 637145K->62969K(2039296K), 0.0176737 secs] [Times: user=0.13 sys=0.00, real=0.02 secs] 
2020-09-29T17:37:18.312+0200: 26.994: [GC (Allocation Failure) [PSYoungGen: 640613K->10851K(631808K)] 650233K->20471K(2030080K), 0.0045081 secs] [Times: user=0.00 sys=0.00, real=0.00 secs] 
2020-09-29T17:37:18.365+0200: 27.047: [GC (Allocation Failure) [PSYoungGen: 584803K->37861K(636416K)] 594423K->47481K(2034688K), 0.0130569 secs] [Times: user=0.00 sys=0.00, real=0.01 secs] 
2020-09-29T17:37:18.427+0200: 27.109: [GC (Allocation Failure) [PSYoungGen: 611813K->37637K(638464K)] 621433K->47257K(2036736K), 0.0135086 secs] [Times: user=0.00 sys=0.00, real=0.01 secs] 
2020-09-29T17:37:18.491+0200: 27.173: [GC (Allocation Failure) [PSYoungGen: 614661K->26693K(637440K)] 624281K->36313K(2035712K), 0.0089234 secs] [Times: user=0.00 sys=0.00, real=0.01 secs] 
2020-09-29T17:37:18.550+0200: 27.232: [GC (Allocation Failure) [PSYoungGen: 603717K->14692K(638976K)] 613337K->24312K(2037248K), 0.0052834 secs] [Times: user=0.13 sys=0.00, real=0.01 secs] 
2020-09-29T17:37:18.605+0200: 27.288: [GC (Allocation Failure) [PSYoungGen: 594788K->33988K(639488K)] 604408K->43608K(2037760K), 0.0137372 secs] [Times: user=0.11 sys=0.00, real=0.01 secs] 
2020-09-29T17:37:18.671+0200: 27.353: [GC (Allocation Failure) [PSYoungGen: 614084K->53573K(629760K)] 623704K->63193K(2028032K), 0.0179131 secs] [Times: user=0.13 sys=0.00, real=0.02 secs] 
2020-09-29T17:37:18.737+0200: 27.420: [GC (Allocation Failure) [PSYoungGen: 625477K->23108K(635392K)] 635097K->32728K(2033664K), 0.0092005 secs] [Times: user=0.13 sys=0.00, real=0.01 secs] 
2020-09-29T17:37:18.796+0200: 27.478: [GC (Allocation Failure) [PSYoungGen: 595012K->19523K(637440K)] 604632K->29143K(2035712K), 0.0081704 secs] [Times: user=0.13 sys=0.00, real=0.01 secs] 
2020-09-29T17:37:18.854+0200: 27.536: [GC (Allocation Failure) [PSYoungGen: 595011K->34501K(636928K)] 604631K->44121K(2035200K), 0.0114736 secs] [Times: user=0.13 sys=0.00, real=0.01 secs] 
2020-09-29T17:37:18.915+0200: 27.597: [GC (Allocation Failure) [PSYoungGen: 609989K->31396K(642048K)] 619609K->41016K(2040320K), 0.0122666 secs] [Times: user=0.13 sys=0.00, real=0.01 secs] 
2020-09-29T17:37:18.977+0200: 27.659: [GC (Allocation Failure) [PSYoungGen: 614052K->39877K(639488K)] 623672K->49497K(2037760K), 0.0142997 secs] [Times: user=0.13 sys=0.00, real=0.02 secs] 
2020-09-29T17:37:19.041+0200: 27.723: [GC (Allocation Failure) [PSYoungGen: 622533K->48261K(634368K)] 632153K->57881K(2032640K), 0.0161871 secs] [Times: user=0.13 sys=0.00, real=0.02 secs] 
2020-09-29T17:37:19.107+0200: 27.789: [GC (Allocation Failure) [PSYoungGen: 625285K->51045K(628224K)] 634905K->60665K(2026496K), 0.0171113 secs] [Times: user=0.13 sys=0.00, real=0.02 secs] 
2020-09-29T17:37:19.173+0200: 27.855: [GC (Allocation Failure) [PSYoungGen: 628069K->25476K(635392K)] 637689K->35096K(2033664K), 0.0099677 secs] [Times: user=0.13 sys=0.00, real=0.01 secs] 
2020-09-29T17:37:19.232+0200: 27.914: [GC (Allocation Failure) [PSYoungGen: 596356K->35460K(634368K)] 605976K->45080K(2032640K), 0.0130455 secs] [Times: user=0.13 sys=0.00, real=0.01 secs] 
2020-09-29T17:37:19.293+0200: 27.976: [GC (Allocation Failure) [PSYoungGen: 606340K->31877K(640000K)] 615960K->41497K(2038272K), 0.0113497 secs] [Times: user=0.13 sys=0.00, real=0.01 secs] 
2020-09-29T17:37:19.354+0200: 28.037: [GC (Allocation Failure) [PSYoungGen: 610949K->22244K(637952K)] 620569K->31864K(2036224K), 0.0083341 secs] [Times: user=0.00 sys=0.00, real=0.01 secs] 
2020-09-29T17:37:19.417+0200: 28.099: [GC (Allocation Failure) [PSYoungGen: 601316K->12644K(638464K)] 610936K->22264K(2036736K), 0.0053620 secs] [Times: user=0.00 sys=0.00, real=0.00 secs] 
2020-09-29T17:37:19.472+0200: 28.155: [GC (Allocation Failure) [PSYoungGen: 592740K->31011K(639488K)] 602360K->40631K(2037760K), 0.0125756 secs] [Times: user=0.13 sys=0.00, real=0.01 secs] 
2020-09-29T17:37:19.534+0200: 28.217: [GC (Allocation Failure) [PSYoungGen: 611107K->23044K(643584K)] 620727K->32664K(2041856K), 0.0092893 secs] [Times: user=0.13 sys=0.00, real=0.01 secs] 
2020-09-29T17:37:19.603+0200: 28.285: [GC (Allocation Failure) [PSYoungGen: 609796K->49221K(636416K)] 619416K->58841K(2034688K), 0.0179400 secs] [Times: user=0.13 sys=0.00, real=0.02 secs] 
2020-09-29T17:37:19.672+0200: 28.354: [GC (Allocation Failure) [PSYoungGen: 635973K->34405K(641024K)] 645593K->44025K(2039296K), 0.0139855 secs] [Times: user=0.11 sys=0.00, real=0.01 secs] 
2020-09-29T17:37:19.735+0200: 28.418: [GC (Allocation Failure) [PSYoungGen: 615525K->27589K(638976K)] 625145K->37209K(2037248K), 0.0093126 secs] [Times: user=0.13 sys=0.00, real=0.01 secs] 
2020-09-29T17:37:19.795+0200: 28.478: [GC (Allocation Failure) [PSYoungGen: 608709K->34533K(644096K)] 618329K->44153K(2042368K), 0.0123334 secs] [Times: user=0.13 sys=0.00, real=0.01 secs] 
2020-09-29T17:37:19.859+0200: 28.541: [GC (Allocation Failure) [PSYoungGen: 622309K->34373K(642560K)] 631929K->43993K(2040832K), 0.0125106 secs] [Times: user=0.13 sys=0.00, real=0.01 secs] 
2020-09-29T17:37:19.925+0200: 28.607: [GC (Allocation Failure) [PSYoungGen: 622149K->33764K(647168K)] 631769K->43384K(2045440K), 0.0126929 secs] [Times: user=0.13 sys=0.00, real=0.01 secs] 
2020-09-29T17:37:19.988+0200: 28.671: [GC (Allocation Failure) [PSYoungGen: 627684K->38725K(645632K)] 637304K->48345K(2043904K), 0.0139715 secs] [Times: user=0.11 sys=0.00, real=0.01 secs] 
2020-09-29T17:37:20.055+0200: 28.737: [GC (Allocation Failure) [PSYoungGen: 632645K->44741K(641536K)] 642265K->54361K(2039808K), 0.0154091 secs] [Times: user=0.13 sys=0.00, real=0.01 secs] 
2020-09-29T17:37:20.121+0200: 28.803: [GC (Allocation Failure) [PSYoungGen: 634053K->30947K(644096K)] 643673K->40567K(2042368K), 0.0123491 secs] [Times: user=0.13 sys=0.00, real=0.01 secs] 
2020-09-29T17:37:20.183+0200: 28.866: [GC (Allocation Failure) [PSYoungGen: 620259K->17700K(643584K)] 629879K->27320K(2041856K), 0.0073531 secs] [Times: user=0.00 sys=0.00, real=0.01 secs] 
2020-09-29T17:37:20.241+0200: 28.923: [GC (Allocation Failure) [PSYoungGen: 608036K->33636K(644608K)] 617656K->43256K(2042880K), 0.0123606 secs] [Times: user=0.00 sys=0.00, real=0.01 secs] 
2020-09-29T17:37:20.304+0200: 28.986: [GC (Allocation Failure) [PSYoungGen: 623972K->35108K(647680K)] 633592K->44728K(2045952K), 0.0130462 secs] [Times: user=0.13 sys=0.00, real=0.01 secs] 
2020-09-29T17:37:20.368+0200: 29.051: [GC (Allocation Failure) [PSYoungGen: 630564K->41348K(636928K)] 640184K->50968K(2035200K), 0.0152667 secs] [Times: user=0.13 sys=0.00, real=0.02 secs] 
2020-09-29T17:37:20.434+0200: 29.117: [GC (Allocation Failure) [PSYoungGen: 636804K->35173K(647680K)] 646424K->44793K(2045952K), 0.0126334 secs] [Times: user=0.13 sys=0.00, real=0.01 secs] 
2020-09-29T17:37:20.498+0200: 29.181: [GC (Allocation Failure) [PSYoungGen: 630117K->28517K(646144K)] 639737K->38137K(2044416K), 0.0102534 secs] [Times: user=0.13 sys=0.00, real=0.01 secs] 
2020-09-29T17:37:20.562+0200: 29.244: [GC (Allocation Failure) [PSYoungGen: 623461K->49285K(640000K)] 633081K->58905K(2038272K), 0.0182040 secs] [Times: user=0.11 sys=0.00, real=0.02 secs] 
2020-09-29T17:37:20.632+0200: 29.315: [GC (Allocation Failure) [PSYoungGen: 638597K->22468K(644096K)] 648217K->32088K(2042368K), 0.0087827 secs] [Times: user=0.00 sys=0.00, real=0.01 secs] 
2020-09-29T17:37:20.699+0200: 29.381: [GC (Allocation Failure) [PSYoungGen: 611780K->37573K(644608K)] 621400K->47193K(2042880K), 0.0136507 secs] [Times: user=0.13 sys=0.00, real=0.01 secs] 
2020-09-29T17:37:20.765+0200: 29.447: [GC (Allocation Failure) [PSYoungGen: 627397K->39397K(644096K)] 637017K->49017K(2042368K), 0.0140169 secs] [Times: user=0.13 sys=0.00, real=0.01 secs] 
2020-09-29T17:37:20.830+0200: 29.513: [GC (Allocation Failure) [PSYoungGen: 629221K->40164K(644608K)] 638841K->49784K(2042880K), 0.0192542 secs] [Times: user=0.20 sys=0.00, real=0.02 secs] 
2020-09-29T17:37:20.901+0200: 29.583: [GC (Allocation Failure) [PSYoungGen: 630500K->28965K(644608K)] 640120K->38585K(2042880K), 0.0105006 secs] [Times: user=0.13 sys=0.00, real=0.01 secs] 
2020-09-29T17:37:20.963+0200: 29.646: [GC (Allocation Failure) [PSYoungGen: 619301K->31365K(646656K)] 628921K->40985K(2044928K), 0.0109641 secs] [Times: user=0.13 sys=0.00, real=0.01 secs] 
2020-09-29T17:37:21.026+0200: 29.709: [GC (Allocation Failure) [PSYoungGen: 624261K->21764K(645120K)] 633881K->31384K(2043392K), 0.0090001 secs] [Times: user=0.02 sys=0.00, real=0.01 secs] 
2020-09-29T17:37:21.087+0200: 29.770: [GC (Allocation Failure) [PSYoungGen: 614660K->39972K(645120K)] 624280K->49592K(2043392K), 0.0142877 secs] [Times: user=0.13 sys=0.00, real=0.02 secs] 
2020-09-29T17:37:21.152+0200: 29.835: [GC (Allocation Failure) [PSYoungGen: 632356K->28611K(645632K)] 641976K->38231K(2043904K), 0.0116755 secs] [Times: user=0.13 sys=0.00, real=0.01 secs] 
2020-09-29T17:37:21.215+0200: 29.897: [GC (Allocation Failure) [PSYoungGen: 620995K->32997K(648704K)] 630615K->42617K(2046976K), 0.0120851 secs] [Times: user=0.13 sys=0.00, real=0.01 secs] 
2020-09-29T17:37:21.278+0200: 29.961: [GC (Allocation Failure) [PSYoungGen: 629477K->26372K(646656K)] 639097K->35992K(2044928K), 0.0098580 secs] [Times: user=0.13 sys=0.00, real=0.01 secs] 
2020-09-29T17:37:21.342+0200: 30.025: [GC (Allocation Failure) [PSYoungGen: 622852K->20611K(648192K)] 632472K->30231K(2046464K), 0.0089542 secs] [Times: user=0.13 sys=0.00, real=0.01 secs] 
2020-09-29T17:37:21.403+0200: 30.086: [GC (Allocation Failure) [PSYoungGen: 619139K->44837K(643584K)] 628759K->54457K(2041856K), 0.0160273 secs] [Times: user=0.13 sys=0.00, real=0.02 secs] 
2020-09-29T17:37:21.470+0200: 30.153: [GC (Allocation Failure) [PSYoungGen: 643365K->53221K(633344K)] 652985K->64945K(2031616K), 0.0188000 secs] [Times: user=0.25 sys=0.00, real=0.02 secs] 
2020-09-29T17:37:21.540+0200: 30.223: [GC (Allocation Failure) [PSYoungGen: 633317K->33892K(639488K)] 645041K->45616K(2037760K), 0.0123768 secs] [Times: user=0.13 sys=0.00, real=0.01 secs] 
2020-09-29T17:37:21.608+0200: 30.290: [GC (Allocation Failure) [PSYoungGen: 613988K->25091K(642048K)] 625712K->36815K(2040320K), 0.0112707 secs] [Times: user=0.11 sys=0.00, real=0.01 secs] 
2020-09-29T17:37:21.669+0200: 30.352: [GC (Allocation Failure) [PSYoungGen: 609795K->49317K(634368K)] 621519K->61041K(2032640K), 0.0167300 secs] [Times: user=0.13 sys=0.00, real=0.02 secs] 
2020-09-29T17:37:21.736+0200: 30.419: [GC (Allocation Failure) [PSYoungGen: 634021K->46085K(635392K)] 645745K->57809K(2033664K), 0.0189503 secs] [Times: user=0.23 sys=0.00, real=0.02 secs] 
2020-09-29T17:37:21.809+0200: 30.492: [GC (Allocation Failure) [PSYoungGen: 621061K->32356K(636928K)] 632785K->44080K(2035200K), 0.0162813 secs] [Times: user=0.09 sys=0.00, real=0.02 secs] 
2020-09-29T17:37:21.879+0200: 30.562: [GC (Allocation Failure) [PSYoungGen: 607332K->33061K(641024K)] 619056K->44785K(2039296K), 0.0125521 secs] [Times: user=0.00 sys=0.00, real=0.01 secs] 
2020-09-29T17:37:21.945+0200: 30.628: [GC (Allocation Failure) [PSYoungGen: 614181K->39172K(638976K)] 625905K->50896K(2037248K), 0.0164870 secs] [Times: user=0.13 sys=0.00, real=0.02 secs] 
2020-09-29T17:37:22.012+0200: 30.695: [GC (Allocation Failure) [PSYoungGen: 620292K->45572K(639488K)] 632016K->57296K(2037760K), 0.0164406 secs] [Times: user=0.13 sys=0.00, real=0.02 secs] 
2020-09-29T17:37:22.078+0200: 30.761: [GC (Allocation Failure) [PSYoungGen: 627716K->39749K(640512K)] 639440K->51473K(2038784K), 0.0138308 secs] [Times: user=0.13 sys=0.00, real=0.01 secs] 
2020-09-29T17:37:22.142+0200: 30.824: [GC (Allocation Failure) [PSYoungGen: 621544K->4034K(634368K)] 633268K->15758K(2032640K), 0.0024588 secs] [Times: user=0.00 sys=0.00, real=0.00 secs] 
2020-09-29T17:37:22.194+0200: 30.876: [GC (Allocation Failure) [PSYoungGen: 581058K->17220K(594432K)] 592782K->28944K(1992704K), 0.0069362 secs] [Times: user=0.00 sys=0.00, real=0.01 secs] 
2020-09-29T17:37:22.253+0200: 30.935: [GC (Allocation Failure) [PSYoungGen: 594244K->33605K(640000K)] 605968K->45329K(2038272K), 0.0108557 secs] [Times: user=0.13 sys=0.00, real=0.01 secs] 
2020-09-29T17:37:22.315+0200: 30.997: [GC (Allocation Failure) [PSYoungGen: 612165K->37220K(637440K)] 623889K->48944K(2035712K), 0.0137867 secs] [Times: user=0.13 sys=0.00, real=0.01 secs] 
2020-09-29T17:37:22.381+0200: 31.063: [GC (Allocation Failure) [PSYoungGen: 615780K->38180K(641536K)] 627504K->49904K(2039808K), 0.0156353 secs] [Times: user=0.13 sys=0.00, real=0.02 secs] 
2020-09-29T17:37:22.449+0200: 31.131: [GC (Allocation Failure) [PSYoungGen: 621860K->18435K(641024K)] 633584K->30159K(2039296K), 0.0088325 secs] [Times: user=0.13 sys=0.00, real=0.01 secs] 
2020-09-29T17:37:22.511+0200: 31.193: [GC (Allocation Failure) [PSYoungGen: 602115K->27268K(643072K)] 613839K->38992K(2041344K), 0.0116647 secs] [Times: user=0.13 sys=0.00, real=0.01 secs] 
2020-09-29T17:37:22.575+0200: 31.257: [GC (Allocation Failure) [PSYoungGen: 612484K->22884K(641024K)] 624208K->34608K(2039296K), 0.0088047 secs] [Times: user=0.11 sys=0.00, real=0.01 secs] 
2020-09-29T17:37:22.638+0200: 31.321: [GC (Allocation Failure) [PSYoungGen: 608100K->32389K(645632K)] 619824K->44113K(2043904K), 0.0145545 secs] [Times: user=0.11 sys=0.00, real=0.02 secs] 
2020-09-29T17:37:22.704+0200: 31.387: [GC (Allocation Failure) [PSYoungGen: 623237K->33571K(644096K)] 634961K->45295K(2042368K), 0.0131129 secs] [Times: user=0.13 sys=0.00, real=0.01 secs] 
2020-09-29T17:37:22.769+0200: 31.451: [GC (Allocation Failure) [PSYoungGen: 624419K->50277K(637440K)] 636143K->62001K(2035712K), 0.0179376 secs] [Times: user=0.23 sys=0.00, real=0.02 secs] 
2020-09-29T17:37:22.838+0200: 31.520: [GC (Allocation Failure) [PSYoungGen: 635493K->33797K(642048K)] 647217K->45521K(2040320K), 0.0118711 secs] [Times: user=0.13 sys=0.00, real=0.01 secs] 
2020-09-29T17:37:22.899+0200: 31.581: [GC (Allocation Failure) [PSYoungGen: 619013K->14692K(642048K)] 630737K->26416K(2040320K), 0.0062289 secs] [Times: user=0.00 sys=0.00, real=0.01 secs] 
2020-09-29T17:37:22.955+0200: 31.638: [GC (Allocation Failure) [PSYoungGen: 601956K->41445K(628736K)] 613680K->53169K(2027008K), 0.0147067 secs] [Times: user=0.13 sys=0.00, real=0.02 secs] 
2020-09-29T17:37:23.021+0200: 31.703: [GC (Allocation Failure) [PSYoungGen: 628709K->40004K(640512K)] 640433K->51728K(2038784K), 0.0148599 secs] [Times: user=0.00 sys=0.00, real=0.01 secs] 
2020-09-29T17:37:23.086+0200: 31.768: [GC (Allocation Failure) [PSYoungGen: 623172K->48837K(632320K)] 634896K->60561K(2030592K), 0.0162092 secs] [Times: user=0.13 sys=0.00, real=0.02 secs] 
2020-09-29T17:37:23.152+0200: 31.834: [GC (Allocation Failure) [PSYoungGen: 632005K->44069K(635904K)] 643729K->55793K(2034176K), 0.0150028 secs] [Times: user=0.13 sys=0.00, real=0.02 secs] 
2020-09-29T17:37:23.216+0200: 31.898: [GC (Allocation Failure) [PSYoungGen: 619045K->44773K(620032K)] 630769K->56497K(2018304K), 0.0152812 secs] [Times: user=0.13 sys=0.00, real=0.01 secs] 
2020-09-29T17:37:23.280+0200: 31.963: [GC (Allocation Failure) [PSYoungGen: 619749K->30820K(637952K)] 631473K->42544K(2036224K), 0.0115952 secs] [Times: user=0.13 sys=0.00, real=0.01 secs] 
2020-09-29T17:37:23.343+0200: 32.025: [GC (Allocation Failure) [PSYoungGen: 605796K->31364K(635904K)] 617520K->43088K(2034176K), 0.0115524 secs] [Times: user=0.13 sys=0.00, real=0.01 secs] 
2020-09-29T17:37:23.405+0200: 32.087: [GC (Allocation Failure) [PSYoungGen: 606340K->45668K(636416K)] 618064K->57392K(2034688K), 0.0162882 secs] [Times: user=0.13 sys=0.00, real=0.02 secs] 
2020-09-29T17:37:23.472+0200: 32.155: [GC (Allocation Failure) [PSYoungGen: 622692K->34117K(637952K)] 634416K->45841K(2036224K), 0.0124937 secs] [Times: user=0.13 sys=0.00, real=0.01 secs] 
2020-09-29T17:37:23.537+0200: 32.219: [GC (Allocation Failure) [PSYoungGen: 611141K->50597K(633856K)] 622865K->62321K(2032128K), 0.0174171 secs] [Times: user=0.13 sys=0.00, real=0.02 secs] 
2020-09-29T17:37:23.604+0200: 32.287: [GC (Allocation Failure) [PSYoungGen: 625573K->21539K(596992K)] 637297K->33263K(1995264K), 0.0098820 secs] [Times: user=0.13 sys=0.00, real=0.01 secs] 
2020-09-29T17:37:23.668+0200: 32.351: [GC (Allocation Failure) [PSYoungGen: 596515K->21923K(636928K)] 608239K->33647K(2035200K), 0.0092627 secs] [Times: user=0.13 sys=0.00, real=0.01 secs] 
2020-09-29T17:37:23.727+0200: 32.410: [GC (Allocation Failure) [PSYoungGen: 596387K->35748K(636416K)] 608111K->47472K(2034688K), 0.0132503 secs] [Times: user=0.13 sys=0.00, real=0.01 secs] 
2020-09-29T17:37:23.790+0200: 32.472: [GC (Allocation Failure) [PSYoungGen: 610212K->35941K(641024K)] 621936K->47665K(2039296K), 0.0118842 secs] [Times: user=0.13 sys=0.00, real=0.01 secs] 
2020-09-29T17:37:23.856+0200: 32.539: [GC (Allocation Failure) [PSYoungGen: 617061K->29125K(638976K)] 628785K->40849K(2037248K), 0.0109991 secs] [Times: user=0.13 sys=0.00, real=0.01 secs] 
2020-09-29T17:37:23.917+0200: 32.599: [GC (Allocation Failure) [PSYoungGen: 610245K->36004K(644096K)] 621969K->47728K(2042368K), 0.0131325 secs] [Times: user=0.13 sys=0.00, real=0.01 secs] 
2020-09-29T17:37:23.981+0200: 32.663: [GC (Allocation Failure) [PSYoungGen: 623780K->34852K(642560K)] 635504K->46576K(2040832K), 0.0130858 secs] [Times: user=0.13 sys=0.00, real=0.01 secs] 
2020-09-29T17:37:24.045+0200: 32.727: [GC (Allocation Failure) [PSYoungGen: 622628K->20324K(644096K)] 634352K->32048K(2042368K), 0.0077495 secs] [Times: user=0.13 sys=0.00, real=0.01 secs] 
2020-09-29T17:37:24.107+0200: 32.789: [GC (Allocation Failure) [PSYoungGen: 611684K->36389K(645120K)] 623408K->48113K(2043392K), 0.0126910 secs] [Times: user=0.13 sys=0.00, real=0.01 secs] 
2020-09-29T17:37:24.170+0200: 32.853: [GC (Allocation Failure) [PSYoungGen: 627749K->24931K(646656K)] 639473K->36655K(2044928K), 0.0105797 secs] [Times: user=0.13 sys=0.00, real=0.01 secs] 
2020-09-29T17:37:24.233+0200: 32.915: [GC (Allocation Failure) [PSYoungGen: 618851K->44677K(638976K)] 630575K->56401K(2037248K), 0.0150093 secs] [Times: user=0.13 sys=0.00, real=0.01 secs] 
2020-09-29T17:37:24.300+0200: 32.983: [GC (Allocation Failure) [PSYoungGen: 638597K->21252K(644096K)] 650321K->32976K(2042368K), 0.0077313 secs] [Times: user=0.13 sys=0.00, real=0.01 secs] 
2020-09-29T17:37:24.366+0200: 33.049: [GC (Allocation Failure) [PSYoungGen: 610564K->35204K(644096K)] 622288K->46928K(2042368K), 0.0135151 secs] [Times: user=0.13 sys=0.00, real=0.01 secs] 
2020-09-29T17:37:24.433+0200: 33.116: [GC (Allocation Failure) [PSYoungGen: 624516K->50245K(636928K)] 636240K->61969K(2035200K), 0.0171231 secs] [Times: user=0.13 sys=0.00, real=0.02 secs] 
2020-09-29T17:37:24.500+0200: 33.183: [GC (Allocation Failure) [PSYoungGen: 633413K->45541K(628736K)] 645137K->57265K(2027008K), 0.0155807 secs] [Times: user=0.13 sys=0.00, real=0.02 secs] 
2020-09-29T17:37:24.566+0200: 33.249: [GC (Allocation Failure) [PSYoungGen: 628709K->26949K(640000K)] 640433K->38673K(2038272K), 0.0095131 secs] [Times: user=0.13 sys=0.00, real=0.01 secs] 
2020-09-29T17:37:24.628+0200: 33.311: [GC (Allocation Failure) [PSYoungGen: 607045K->46533K(626688K)] 618769K->58257K(2024960K), 0.0172126 secs] [Times: user=0.23 sys=0.00, real=0.02 secs] 
2020-09-29T17:37:24.711+0200: 33.393: [GC (Allocation Failure) [PSYoungGen: 626629K->38661K(639488K)] 638353K->50385K(2037760K), 0.0137994 secs] [Times: user=0.13 sys=0.00, real=0.01 secs] 
2020-09-29T17:37:24.774+0200: 33.457: [GC (Allocation Failure) [PSYoungGen: 617221K->43045K(637952K)] 628945K->54769K(2036224K), 0.0146437 secs] [Times: user=0.13 sys=0.00, real=0.02 secs] 
2020-09-29T17:37:24.840+0200: 33.523: [GC (Allocation Failure) [PSYoungGen: 621605K->33669K(641024K)] 633329K->45393K(2039296K), 0.0122994 secs] [Times: user=0.13 sys=0.00, real=0.01 secs] 
2020-09-29T17:37:24.902+0200: 33.585: [GC (Allocation Failure) [PSYoungGen: 615301K->41061K(639488K)] 627025K->52785K(2037760K), 0.0145991 secs] [Times: user=0.13 sys=0.00, real=0.02 secs] 
2020-09-29T17:37:24.967+0200: 33.649: [GC (Allocation Failure) [PSYoungGen: 622693K->34821K(643072K)] 634417K->46545K(2041344K), 0.0120287 secs] [Times: user=0.13 sys=0.00, real=0.01 secs] 
2020-09-29T17:37:25.029+0200: 33.711: [GC (Allocation Failure) [PSYoungGen: 620549K->14563K(600576K)] 632273K->26287K(1998848K), 0.0066861 secs] [Times: user=0.00 sys=0.00, real=0.01 secs] 
2020-09-29T17:37:25.085+0200: 33.768: [GC (Allocation Failure) [PSYoungGen: 600291K->23428K(641536K)] 612015K->35152K(2039808K), 0.0089858 secs] [Times: user=0.00 sys=0.00, real=0.01 secs] 
2020-09-29T17:37:25.149+0200: 33.831: [GC (Allocation Failure) [PSYoungGen: 607108K->32805K(641024K)] 618832K->44529K(2039296K), 0.0115156 secs] [Times: user=0.00 sys=0.00, real=0.01 secs] 
2020-09-29T17:37:25.211+0200: 33.893: [GC (Allocation Failure) [PSYoungGen: 616485K->27171K(645120K)] 628209K->38895K(2043392K), 0.0112851 secs] [Times: user=0.00 sys=0.00, real=0.01 secs] 
2020-09-29T17:37:25.272+0200: 33.955: [GC (Allocation Failure) [PSYoungGen: 616995K->29093K(643584K)] 628719K->40817K(2041856K), 0.0099307 secs] [Times: user=0.00 sys=0.00, real=0.01 secs] 
2020-09-29T17:37:25.337+0200: 34.020: [GC (Allocation Failure) [PSYoungGen: 618917K->29284K(647680K)] 630641K->41008K(2045952K), 0.0113081 secs] [Times: user=0.13 sys=0.00, real=0.01 secs] 
2020-09-29T17:37:25.400+0200: 34.082: [GC (Allocation Failure) [PSYoungGen: 624228K->48133K(643584K)] 635952K->59857K(2041856K), 0.0165569 secs] [Times: user=0.13 sys=0.00, real=0.02 secs] 
2020-09-29T17:37:25.468+0200: 34.150: [GC (Allocation Failure) [PSYoungGen: 643077K->26468K(644608K)] 654801K->38192K(2042880K), 0.0098859 secs] [Times: user=0.13 sys=0.00, real=0.01 secs] 
2020-09-29T17:37:25.532+0200: 34.214: [GC (Allocation Failure) [PSYoungGen: 615780K->41637K(643584K)] 627504K->53361K(2041856K), 0.0144542 secs] [Times: user=0.13 sys=0.00, real=0.01 secs] 
2020-09-29T17:37:25.597+0200: 34.280: [GC (Allocation Failure) [PSYoungGen: 630949K->28932K(644608K)] 642673K->40656K(2042880K), 0.0113382 secs] [Times: user=0.03 sys=0.00, real=0.01 secs] 
2020-09-29T17:37:25.664+0200: 34.347: [GC (Allocation Failure) [PSYoungGen: 618244K->29348K(643584K)] 629968K->41072K(2041856K), 0.0108201 secs] [Times: user=0.00 sys=0.00, real=0.01 secs] 
2020-09-29T17:37:25.727+0200: 34.409: [GC (Allocation Failure) [PSYoungGen: 618660K->28579K(647168K)] 630384K->40303K(2045440K), 0.0111465 secs] [Times: user=0.00 sys=0.00, real=0.01 secs] 
2020-09-29T17:37:25.790+0200: 34.473: [GC (Allocation Failure) [PSYoungGen: 623011K->34436K(646144K)] 634735K->46160K(2044416K), 0.0129902 secs] [Times: user=0.13 sys=0.00, real=0.01 secs] 
2020-09-29T17:37:25.855+0200: 34.537: [GC (Allocation Failure) [PSYoungGen: 628868K->40965K(645632K)] 640592K->52689K(2043904K), 0.0141914 secs] [Times: user=0.13 sys=0.00, real=0.01 secs] 
2020-09-29T17:37:25.921+0200: 34.603: [GC (Allocation Failure) [PSYoungGen: 636421K->31587K(647168K)] 648145K->43311K(2045440K), 0.0124882 secs] [Times: user=0.13 sys=0.00, real=0.01 secs] 
2020-09-29T17:37:25.984+0200: 34.667: [GC (Allocation Failure) [PSYoungGen: 627043K->24773K(648704K)] 638767K->36497K(2046976K), 0.0089014 secs] [Times: user=0.13 sys=0.00, real=0.01 secs] 
2020-09-29T17:37:26.045+0200: 34.728: [GC (Allocation Failure) [PSYoungGen: 623301K->35397K(648704K)] 635025K->47121K(2046976K), 0.0126380 secs] [Times: user=0.13 sys=0.00, real=0.01 secs] 
2020-09-29T17:37:26.110+0200: 34.793: [GC (Allocation Failure) [PSYoungGen: 633925K->46021K(642560K)] 645649K->57745K(2040832K), 0.0156091 secs] [Times: user=0.13 sys=0.00, real=0.02 secs] 
2020-09-29T17:37:26.176+0200: 34.859: [GC (Allocation Failure) [PSYoungGen: 639429K->23108K(646144K)] 651153K->34832K(2044416K), 0.0085531 secs] [Times: user=0.00 sys=0.00, real=0.01 secs] 
2020-09-29T17:37:26.236+0200: 34.918: [GC (Allocation Failure) [PSYoungGen: 616516K->26499K(647168K)] 628240K->38223K(2045440K), 0.0110373 secs] [Times: user=0.13 sys=0.00, real=0.01 secs] 
2020-09-29T17:37:26.298+0200: 34.981: [GC (Allocation Failure) [PSYoungGen: 620931K->46757K(641536K)] 632655K->58481K(2039808K), 0.0162458 secs] [Times: user=0.13 sys=0.00, real=0.02 secs] 
2020-09-29T17:37:26.366+0200: 35.049: [GC (Allocation Failure) [PSYoungGen: 641189K->53285K(633344K)] 652913K->65009K(2031616K), 0.0175451 secs] [Times: user=0.13 sys=0.00, real=0.02 secs] 
2020-09-29T17:37:26.434+0200: 35.116: [GC (Allocation Failure) [PSYoungGen: 631333K->43397K(621568K)] 643057K->55121K(2019840K), 0.0157215 secs] [Times: user=0.13 sys=0.00, real=0.01 secs] 
2020-09-29T17:37:26.499+0200: 35.182: [GC (Allocation Failure) [PSYoungGen: 621445K->32964K(640000K)] 633169K->44688K(2038272K), 0.0124019 secs] [Times: user=0.13 sys=0.00, real=0.01 secs] 
2020-09-29T17:37:26.561+0200: 35.244: [GC (Allocation Failure) [PSYoungGen: 612036K->23876K(637952K)] 623760K->35600K(2036224K), 0.0086774 secs] [Times: user=0.13 sys=0.00, real=0.01 secs] 
2020-09-29T17:37:26.621+0200: 35.304: [GC (Allocation Failure) [PSYoungGen: 602948K->27588K(641024K)] 614672K->39312K(2039296K), 0.0110419 secs] [Times: user=0.11 sys=0.00, real=0.01 secs] 
2020-09-29T17:37:26.683+0200: 35.366: [GC (Allocation Failure) [PSYoungGen: 609732K->35525K(640000K)] 621456K->47249K(2038272K), 0.0127441 secs] [Times: user=0.13 sys=0.00, real=0.01 secs] 
2020-09-29T17:37:26.747+0200: 35.429: [GC (Allocation Failure) [PSYoungGen: 617669K->29701K(644608K)] 629393K->41425K(2042880K), 0.0100370 secs] [Times: user=0.13 sys=0.00, real=0.01 secs] 
2020-09-29T17:37:26.807+0200: 35.490: [GC (Allocation Failure) [PSYoungGen: 618501K->44260K(633344K)] 630225K->55984K(2031616K), 0.0164821 secs] [Times: user=0.13 sys=0.00, real=0.02 secs] 
2020-09-29T17:37:26.874+0200: 35.557: [GC (Allocation Failure) [PSYoungGen: 633060K->31461K(644096K)] 644784K->43185K(2042368K), 0.0109823 secs] [Times: user=0.13 sys=0.00, real=0.01 secs] 
2020-09-29T17:37:26.942+0200: 35.625: [GC (Allocation Failure) [PSYoungGen: 619237K->31397K(642560K)] 630961K->43121K(2040832K), 0.0135005 secs] [Times: user=0.00 sys=0.00, real=0.01 secs] 
2020-09-29T17:37:27.010+0200: 35.693: [GC (Allocation Failure) [PSYoungGen: 619173K->44901K(641536K)] 630897K->56625K(2039808K), 0.0158182 secs] [Times: user=0.13 sys=0.00, real=0.02 secs] 
2020-09-29T17:37:27.077+0200: 35.759: [GC (Allocation Failure) [PSYoungGen: 633189K->31589K(643584K)] 644913K->43313K(2041856K), 0.0108324 secs] [Times: user=0.13 sys=0.00, real=0.01 secs] 
2020-09-29T17:37:27.138+0200: 35.820: [GC (Allocation Failure) [PSYoungGen: 619877K->30436K(646144K)] 631601K->42160K(2044416K), 0.0117018 secs] [Times: user=0.13 sys=0.00, real=0.01 secs] 
2020-09-29T17:37:27.201+0200: 35.883: [GC (Allocation Failure) [PSYoungGen: 622308K->33764K(644608K)] 634032K->45488K(2042880K), 0.0130990 secs] [Times: user=0.13 sys=0.00, real=0.01 secs] 
2020-09-29T17:37:27.265+0200: 35.947: [GC (Allocation Failure) [PSYoungGen: 625636K->34948K(649216K)] 637360K->46672K(2047488K), 0.0127274 secs] [Times: user=0.13 sys=0.00, real=0.01 secs] 
2020-09-29T17:37:27.329+0200: 36.011: [GC (Allocation Failure) [PSYoungGen: 632964K->17604K(647680K)] 644688K->29328K(2045952K), 0.0067899 secs] [Times: user=0.13 sys=0.00, real=0.01 secs] 
2020-09-29T17:37:27.386+0200: 36.069: [GC (Allocation Failure) [PSYoungGen: 615620K->27749K(648704K)] 627344K->39473K(2046976K), 0.0108813 secs] [Times: user=0.13 sys=0.00, real=0.01 secs] 
2020-09-29T17:37:27.451+0200: 36.134: [GC (Allocation Failure) [PSYoungGen: 625253K->37413K(647680K)] 636977K->49137K(2045952K), 0.0126151 secs] [Times: user=0.13 sys=0.00, real=0.01 secs] 
2020-09-29T17:37:27.515+0200: 36.198: [GC (Allocation Failure) [PSYoungGen: 634917K->33189K(650240K)] 646641K->44913K(2048512K), 0.0117108 secs] [Times: user=0.13 sys=0.00, real=0.01 secs] 
2020-09-29T17:37:27.583+0200: 36.266: [GC (Allocation Failure) [PSYoungGen: 633253K->45349K(645632K)] 644977K->57073K(2043904K), 0.0173602 secs] [Times: user=0.11 sys=0.00, real=0.02 secs] 
2020-09-29T17:37:27.653+0200: 36.335: [GC (Allocation Failure) [PSYoungGen: 645413K->29252K(648192K)] 657137K->40976K(2046464K), 0.0110091 secs] [Times: user=0.13 sys=0.00, real=0.01 secs] 
2020-09-29T17:37:27.715+0200: 36.397: [GC (Allocation Failure) [PSYoungGen: 625732K->37252K(647168K)] 637456K->48976K(2045440K), 0.0140139 secs] [Times: user=0.13 sys=0.00, real=0.01 secs] 
2020-09-29T17:37:27.781+0200: 36.463: [GC (Allocation Failure) [PSYoungGen: 633732K->32005K(649728K)] 645456K->43729K(2048000K), 0.0114341 secs] [Times: user=0.13 sys=0.00, real=0.01 secs] 
2020-09-29T17:37:27.843+0200: 36.525: [GC (Allocation Failure) [PSYoungGen: 631045K->27204K(648192K)] 642769K->38928K(2046464K), 0.0108548 secs] [Times: user=0.13 sys=0.00, real=0.01 secs] 
2020-09-29T17:37:27.906+0200: 36.588: [GC (Allocation Failure) [PSYoungGen: 626244K->23972K(650240K)] 637968K->35696K(2048512K), 0.0093475 secs] [Times: user=0.13 sys=0.00, real=0.01 secs] 
2020-09-29T17:37:27.971+0200: 36.653: [GC (Allocation Failure) [PSYoungGen: 625572K->34372K(650240K)] 637296K->46096K(2048512K), 0.0129775 secs] [Times: user=0.13 sys=0.00, real=0.01 secs] 
2020-09-29T17:37:28.035+0200: 36.717: [GC (Allocation Failure) [PSYoungGen: 635972K->46052K(643584K)] 647696K->57776K(2041856K), 0.0163009 secs] [Times: user=0.13 sys=0.00, real=0.02 secs] 
2020-09-29T17:37:28.102+0200: 36.784: [GC (Allocation Failure) [PSYoungGen: 641508K->39941K(635904K)] 653232K->51665K(2034176K), 0.0138951 secs] [Times: user=0.13 sys=0.00, real=0.01 secs] 
2020-09-29T17:37:28.168+0200: 36.850: [GC (Allocation Failure) [PSYoungGen: 635397K->33861K(648704K)] 647121K->45585K(2046976K), 0.0117515 secs] [Times: user=0.13 sys=0.00, real=0.01 secs] 
2020-09-29T17:37:28.231+0200: 36.914: [GC (Allocation Failure) [PSYoungGen: 630341K->27940K(646656K)] 642065K->39664K(2044928K), 0.0107011 secs] [Times: user=0.13 sys=0.00, real=0.01 secs] 
2020-09-29T17:37:28.295+0200: 36.977: [GC (Allocation Failure) [PSYoungGen: 624420K->36549K(649728K)] 636144K->48273K(2048000K), 0.0124129 secs] [Times: user=0.13 sys=0.00, real=0.01 secs] 
2020-09-29T17:37:28.363+0200: 37.046: [GC (Allocation Failure) [PSYoungGen: 636613K->33476K(649216K)] 648337K->45200K(2047488K), 0.0124827 secs] [Times: user=0.13 sys=0.00, real=0.01 secs] 
2020-09-29T17:37:28.428+0200: 37.110: [GC (Allocation Failure) [PSYoungGen: 633540K->45637K(645632K)] 645264K->57361K(2043904K), 0.0161963 secs] [Times: user=0.13 sys=0.00, real=0.02 secs] 
2020-09-29T17:37:28.498+0200: 37.180: [GC (Allocation Failure) [PSYoungGen: 643141K->27237K(648192K)] 654865K->38961K(2046464K), 0.0112493 secs] [Times: user=0.13 sys=0.00, real=0.01 secs] 
2020-09-29T17:37:28.563+0200: 37.245: [GC (Allocation Failure) [PSYoungGen: 624741K->50533K(638976K)] 636465K->62257K(2037248K), 0.0190954 secs] [Times: user=0.11 sys=0.00, real=0.02 secs] 
2020-09-29T17:37:28.637+0200: 37.319: [GC (Allocation Failure) [PSYoungGen: 638821K->37285K(643584K)] 650545K->49009K(2041856K), 0.0154897 secs] [Times: user=0.11 sys=0.00, real=0.01 secs] 
2020-09-29T17:37:28.706+0200: 37.388: [GC (Allocation Failure) [PSYoungGen: 625573K->51301K(637952K)] 637297K->63025K(2036224K), 0.0178414 secs] [Times: user=0.25 sys=0.00, real=0.02 secs] 
2020-09-29T17:37:28.775+0200: 37.458: [GC (Allocation Failure) [PSYoungGen: 635493K->33893K(641536K)] 647217K->45617K(2039808K), 0.0113869 secs] [Times: user=0.13 sys=0.00, real=0.01 secs] 
2020-09-29T17:37:28.838+0200: 37.520: [GC (Allocation Failure) [PSYoungGen: 618085K->56293K(631296K)] 629809K->69169K(2029568K), 0.0192594 secs] [Times: user=0.13 sys=0.00, real=0.02 secs] 
2020-09-29T17:37:28.906+0200: 37.589: [GC (Allocation Failure) [PSYoungGen: 631269K->29124K(636928K)] 644145K->42000K(2035200K), 0.0112822 secs] [Times: user=0.13 sys=0.00, real=0.01 secs] 
2020-09-29T17:37:28.967+0200: 37.650: [GC (Allocation Failure) [PSYoungGen: 604100K->43589K(637952K)] 616976K->56465K(2036224K), 0.0166911 secs] [Times: user=0.11 sys=0.00, real=0.02 secs] 
2020-09-29T17:37:29.037+0200: 37.720: [GC (Allocation Failure) [PSYoungGen: 620101K->32197K(637440K)] 632977K->45073K(2035712K), 0.0112117 secs] [Times: user=0.00 sys=0.00, real=0.01 secs] 
2020-09-29T17:37:29.100+0200: 37.783: [GC (Allocation Failure) [PSYoungGen: 608709K->34405K(640512K)] 621585K->47281K(2038784K), 0.0114075 secs] [Times: user=0.00 sys=0.00, real=0.01 secs] 
2020-09-29T17:37:29.167+0200: 37.849: [GC (Allocation Failure) [PSYoungGen: 615013K->26692K(638976K)] 627889K->39568K(2037248K), 0.0108120 secs] [Times: user=0.13 sys=0.00, real=0.01 secs] 
2020-09-29T17:37:29.226+0200: 37.909: [GC (Allocation Failure) [PSYoungGen: 607300K->14179K(637440K)] 620176K->27055K(2035712K), 0.0062311 secs] [Times: user=0.00 sys=0.00, real=0.01 secs] 
2020-09-29T17:37:29.284+0200: 37.967: [GC (Allocation Failure) [PSYoungGen: 593251K->46405K(625664K)] 606127K->59281K(2023936K), 0.0153815 secs] [Times: user=0.13 sys=0.00, real=0.02 secs] 
2020-09-29T17:37:29.351+0200: 38.033: [GC (Allocation Failure) [PSYoungGen: 625477K->36804K(638976K)] 638353K->49680K(2037248K), 0.0131841 secs] [Times: user=0.02 sys=0.00, real=0.01 secs] 
2020-09-29T17:37:29.413+0200: 38.095: [GC (Allocation Failure) [PSYoungGen: 613828K->38756K(636928K)] 626704K->51632K(2035200K), 0.0148279 secs] [Times: user=0.13 sys=0.00, real=0.01 secs] 
2020-09-29T17:37:29.480+0200: 38.162: [GC (Allocation Failure) [PSYoungGen: 615780K->41605K(640512K)] 628656K->54481K(2038784K), 0.0144659 secs] [Times: user=0.13 sys=0.00, real=0.01 secs] 
2020-09-29T17:37:29.545+0200: 38.227: [GC (Allocation Failure) [PSYoungGen: 623749K->49477K(631808K)] 636625K->62353K(2030080K), 0.0166212 secs] [Times: user=0.13 sys=0.00, real=0.02 secs] 
2020-09-29T17:37:29.613+0200: 38.296: [GC (Allocation Failure) [PSYoungGen: 631621K->29860K(638976K)] 644497K->42736K(2037248K), 0.0119821 secs] [Times: user=0.11 sys=0.00, real=0.01 secs] 
2020-09-29T17:37:29.676+0200: 38.358: [GC (Allocation Failure) [PSYoungGen: 607908K->32612K(637952K)] 620784K->45488K(2036224K), 0.0127293 secs] [Times: user=0.00 sys=0.00, real=0.01 secs] 
2020-09-29T17:37:29.738+0200: 38.420: [GC (Allocation Failure) [PSYoungGen: 610660K->36485K(642560K)] 623536K->49361K(2040832K), 0.0121606 secs] [Times: user=0.13 sys=0.00, real=0.01 secs] 
2020-09-29T17:37:29.801+0200: 38.483: [GC (Allocation Failure) [PSYoungGen: 620677K->32677K(640512K)] 633553K->45553K(2038784K), 0.0109317 secs] [Times: user=0.00 sys=0.00, real=0.01 secs] 
2020-09-29T17:37:29.862+0200: 38.544: [GC (Allocation Failure) [PSYoungGen: 616869K->28836K(644608K)] 629745K->41712K(2042880K), 0.0106511 secs] [Times: user=0.13 sys=0.00, real=0.01 secs] 
2020-09-29T17:37:29.923+0200: 38.606: [GC (Allocation Failure) [PSYoungGen: 618148K->43941K(633344K)] 631024K->56817K(2031616K), 0.0156227 secs] [Times: user=0.13 sys=0.00, real=0.02 secs] 
2020-09-29T17:37:29.990+0200: 38.672: [GC (Allocation Failure) [PSYoungGen: 633253K->45381K(640000K)] 646129K->58257K(2038272K), 0.0152896 secs] [Times: user=0.13 sys=0.00, real=0.02 secs] 
2020-09-29T17:37:30.059+0200: 38.742: [GC (Allocation Failure) [PSYoungGen: 629573K->41605K(641536K)] 642449K->54481K(2039808K), 0.0146256 secs] [Times: user=0.13 sys=0.00, real=0.01 secs] 
2020-09-29T17:37:30.124+0200: 38.807: [GC (Allocation Failure) [PSYoungGen: 625797K->24261K(641024K)] 638673K->37137K(2039296K), 0.0083467 secs] [Times: user=0.13 sys=0.00, real=0.01 secs] 
2020-09-29T17:37:30.189+0200: 38.871: [GC (Allocation Failure) [PSYoungGen: 608453K->47845K(632320K)] 621329K->60721K(2030592K), 0.0165987 secs] [Times: user=0.13 sys=0.00, real=0.02 secs] 
2020-09-29T17:37:30.255+0200: 38.937: [GC (Allocation Failure) [PSYoungGen: 632037K->43172K(639488K)] 644913K->56048K(2037760K), 0.0157886 secs] [Times: user=0.13 sys=0.00, real=0.02 secs] 
2020-09-29T17:37:30.321+0200: 39.004: [GC (Allocation Failure) [PSYoungGen: 623268K->35300K(639488K)] 636144K->48176K(2037760K), 0.0131761 secs] [Times: user=0.13 sys=0.00, real=0.01 secs] 
2020-09-29T17:37:30.384+0200: 39.067: [GC (Allocation Failure) [PSYoungGen: 615396K->54853K(632832K)] 628272K->67729K(2031104K), 0.0183693 secs] [Times: user=0.13 sys=0.00, real=0.02 secs] 
2020-09-29T17:37:30.452+0200: 39.135: [GC (Allocation Failure) [PSYoungGen: 629829K->41317K(636928K)] 642705K->54193K(2035200K), 0.0156137 secs] [Times: user=0.13 sys=0.00, real=0.02 secs] 
2020-09-29T17:37:30.517+0200: 39.200: [GC (Allocation Failure) [PSYoungGen: 616293K->27684K(638464K)] 629169K->40560K(2036736K), 0.0105016 secs] [Times: user=0.13 sys=0.00, real=0.01 secs] 
2020-09-29T17:37:30.578+0200: 39.261: [GC (Allocation Failure) [PSYoungGen: 605732K->44100K(638464K)] 618608K->56976K(2036736K), 0.0170486 secs] [Times: user=0.11 sys=0.00, real=0.02 secs] 
2020-09-29T17:37:30.647+0200: 39.329: [GC (Allocation Failure) [PSYoungGen: 622148K->46500K(637440K)] 635024K->59376K(2035712K), 0.0167162 secs] [Times: user=0.13 sys=0.00, real=0.02 secs] 
2020-09-29T17:37:30.713+0200: 39.395: [GC (Allocation Failure) [PSYoungGen: 623524K->60901K(637952K)] 636400K->75777K(2036224K), 0.0210479 secs] [Times: user=0.13 sys=0.00, real=0.02 secs] 
2020-09-29T17:37:30.784+0200: 39.466: [GC (Allocation Failure) [PSYoungGen: 637925K->38437K(628736K)] 652801K->53313K(2027008K), 0.0138879 secs] [Times: user=0.13 sys=0.00, real=0.01 secs] 
2020-09-29T17:37:30.847+0200: 39.530: [GC (Allocation Failure) [PSYoungGen: 606245K->45669K(633344K)] 621121K->60545K(2031616K), 0.0154289 secs] [Times: user=0.11 sys=0.00, real=0.02 secs] 
2020-09-29T17:37:30.911+0200: 39.594: [GC (Allocation Failure) [PSYoungGen: 613477K->39205K(635904K)] 628353K->54081K(2034176K), 0.0152165 secs] [Times: user=0.13 sys=0.00, real=0.02 secs] 
2020-09-29T17:37:30.975+0200: 39.658: [GC (Allocation Failure) [PSYoungGen: 610597K->36357K(634368K)] 625473K->51233K(2032640K), 0.0125452 secs] [Times: user=0.00 sys=0.00, real=0.01 secs] 
2020-09-29T17:37:31.037+0200: 39.719: [GC (Allocation Failure) [PSYoungGen: 607749K->47173K(636928K)] 622625K->62049K(2035200K), 0.0165478 secs] [Times: user=0.13 sys=0.00, real=0.02 secs] 
2020-09-29T17:37:31.103+0200: 39.785: [GC (Allocation Failure) [PSYoungGen: 622149K->34181K(636928K)] 637025K->49057K(2035200K), 0.0118159 secs] [Times: user=0.13 sys=0.00, real=0.01 secs] 
2020-09-29T17:37:31.164+0200: 39.847: [GC (Allocation Failure) [PSYoungGen: 609157K->34917K(638464K)] 624033K->49793K(2036736K), 0.0130067 secs] [Times: user=0.13 sys=0.00, real=0.01 secs] 
2020-09-29T17:37:31.227+0200: 39.910: [GC (Allocation Failure) [PSYoungGen: 611941K->37733K(637440K)] 626817K->52609K(2035712K), 0.0130300 secs] [Times: user=0.13 sys=0.00, real=0.01 secs] 
2020-09-29T17:37:31.289+0200: 39.972: [GC (Allocation Failure) [PSYoungGen: 614757K->38660K(641536K)] 629633K->53536K(2039808K), 0.0135522 secs] [Times: user=0.13 sys=0.00, real=0.01 secs] 
2020-09-29T17:37:31.353+0200: 40.035: [GC (Allocation Failure) [PSYoungGen: 621316K->47109K(640000K)] 636192K->61985K(2038272K), 0.0161357 secs] [Times: user=0.13 sys=0.00, real=0.02 secs] 
2020-09-29T17:37:31.419+0200: 40.101: [GC (Allocation Failure) [PSYoungGen: 629765K->26212K(639488K)] 644641K->41088K(2037760K), 0.0100257 secs] [Times: user=0.13 sys=0.00, real=0.01 secs] 
2020-09-29T17:37:31.481+0200: 40.163: [GC (Allocation Failure) [PSYoungGen: 607332K->33093K(640000K)] 622208K->47969K(2038272K), 0.0114886 secs] [Times: user=0.13 sys=0.00, real=0.01 secs] 
2020-09-29T17:37:31.542+0200: 40.224: [GC (Allocation Failure) [PSYoungGen: 614213K->8546K(633856K)] 629089K->23422K(2032128K), 0.0044724 secs] [Times: user=0.00 sys=0.00, real=0.00 secs] 
2020-09-29T17:37:31.596+0200: 40.279: [GC (Allocation Failure) [PSYoungGen: 584546K->19139K(637440K)] 599422K->34015K(2035712K), 0.0080639 secs] [Times: user=0.11 sys=0.00, real=0.01 secs] 
2020-09-29T17:37:31.655+0200: 40.338: [GC (Allocation Failure) [PSYoungGen: 595139K->48325K(632320K)] 610015K->63201K(2030592K), 0.0166897 secs] [Times: user=0.13 sys=0.00, real=0.02 secs] 
2020-09-29T17:37:31.721+0200: 40.404: [GC (Allocation Failure) [PSYoungGen: 619205K->58565K(629760K)] 634081K->73441K(2028032K), 0.0196580 secs] [Times: user=0.25 sys=0.00, real=0.02 secs] 
2020-09-29T17:37:31.790+0200: 40.473: [GC (Allocation Failure) [PSYoungGen: 629445K->27492K(630272K)] 644321K->42368K(2028544K), 0.0100269 secs] [Times: user=0.00 sys=0.00, real=0.01 secs] 
2020-09-29T17:37:31.848+0200: 40.531: [GC (Allocation Failure) [PSYoungGen: 588644K->41765K(629760K)] 603520K->56641K(2028032K), 0.0146440 secs] [Times: user=0.00 sys=0.00, real=0.01 secs] 
2020-09-29T17:37:31.911+0200: 40.594: [GC (Allocation Failure) [PSYoungGen: 602917K->39652K(633856K)] 617793K->54528K(2032128K), 0.0143940 secs] [Times: user=0.03 sys=0.00, real=0.02 secs] 
2020-09-29T17:37:31.974+0200: 40.657: [GC (Allocation Failure) [PSYoungGen: 606436K->59557K(626688K)] 621312K->74433K(2024960K), 0.0196819 secs] [Times: user=0.13 sys=0.00, real=0.02 secs] 
2020-09-29T17:37:32.042+0200: 40.725: [GC (Allocation Failure) [PSYoungGen: 626341K->38437K(631296K)] 641217K->53313K(2029568K), 0.0130751 secs] [Times: user=0.13 sys=0.00, real=0.01 secs] 
2020-09-29T17:37:32.108+0200: 40.791: [GC (Allocation Failure) [PSYoungGen: 599077K->23204K(628224K)] 613953K->38080K(2026496K), 0.0110244 secs] [Times: user=0.11 sys=0.00, real=0.01 secs] 
2020-09-29T17:37:32.177+0200: 40.859: [GC (Allocation Failure) [PSYoungGen: 583844K->20035K(631296K)] 598720K->34911K(2029568K), 0.0100296 secs] [Times: user=0.00 sys=0.00, real=0.01 secs] 
2020-09-29T17:37:32.236+0200: 40.919: [GC (Allocation Failure) [PSYoungGen: 583747K->35523K(631296K)] 598623K->50399K(2029568K), 0.0135986 secs] [Times: user=0.13 sys=0.00, real=0.01 secs] 
2020-09-29T17:37:32.298+0200: 40.980: [GC (Allocation Failure) [PSYoungGen: 599235K->37380K(636416K)] 614111K->52256K(2034688K), 0.0137294 secs] [Times: user=0.13 sys=0.00, real=0.01 secs] 
2020-09-29T17:37:32.361+0200: 41.043: [GC (Allocation Failure) [PSYoungGen: 609284K->19716K(634368K)] 624160K->34592K(2032640K), 0.0080670 secs] [Times: user=0.13 sys=0.00, real=0.01 secs] 
2020-09-29T17:37:32.426+0200: 41.108: [GC (Allocation Failure) [PSYoungGen: 591620K->44837K(634368K)] 606496K->59713K(2032640K), 0.0151479 secs] [Times: user=0.13 sys=0.00, real=0.01 secs] 
2020-09-29T17:37:32.489+0200: 41.172: [GC (Allocation Failure) [PSYoungGen: 616741K->28709K(635392K)] 631617K->43585K(2033664K), 0.0150820 secs] [Times: user=0.13 sys=0.00, real=0.02 secs] 
2020-09-29T17:37:32.560+0200: 41.243: [GC (Allocation Failure) [PSYoungGen: 600613K->40101K(637440K)] 615489K->54977K(2035712K), 0.0135116 secs] [Times: user=0.13 sys=0.00, real=0.01 secs] 
2020-09-29T17:37:32.629+0200: 41.311: [GC (Allocation Failure) [PSYoungGen: 615589K->26820K(636928K)] 630465K->41696K(2035200K), 0.0113804 secs] [Times: user=0.00 sys=0.00, real=0.01 secs] 
2020-09-29T17:37:32.690+0200: 41.373: [GC (Allocation Failure) [PSYoungGen: 602308K->41733K(637952K)] 617184K->56609K(2036224K), 0.0147414 secs] [Times: user=0.13 sys=0.00, real=0.01 secs] 
2020-09-29T17:37:32.756+0200: 41.438: [GC (Allocation Failure) [PSYoungGen: 619781K->45573K(624128K)] 634657K->60449K(2022400K), 0.0153287 secs] [Times: user=0.13 sys=0.00, real=0.01 secs] 
2020-09-29T17:37:32.821+0200: 41.503: [GC (Allocation Failure) [PSYoungGen: 623621K->35685K(639488K)] 638497K->50561K(2037760K), 0.0121735 secs] [Times: user=0.13 sys=0.00, real=0.01 secs] 
2020-09-29T17:37:32.883+0200: 41.565: [GC (Allocation Failure) [PSYoungGen: 613733K->53189K(631296K)] 628609K->68065K(2029568K), 0.0179148 secs] [Times: user=0.13 sys=0.00, real=0.02 secs] 
2020-09-29T17:37:32.950+0200: 41.633: [GC (Allocation Failure) [PSYoungGen: 631237K->27205K(636416K)] 646113K->42081K(2034688K), 0.0111142 secs] [Times: user=0.13 sys=0.00, real=0.01 secs] 
2020-09-29T17:37:33.011+0200: 41.693: [GC (Allocation Failure) [PSYoungGen: 600645K->40101K(635904K)] 615521K->54977K(2034176K), 0.0143264 secs] [Times: user=0.13 sys=0.00, real=0.01 secs] 
2020-09-29T17:37:33.074+0200: 41.757: [GC (Allocation Failure) [PSYoungGen: 613541K->39269K(639488K)] 628417K->54145K(2037760K), 0.0132222 secs] [Times: user=0.13 sys=0.00, real=0.01 secs] 
2020-09-29T17:37:33.138+0200: 41.820: [GC (Allocation Failure) [PSYoungGen: 617829K->43589K(637952K)] 632705K->58465K(2036224K), 0.0146948 secs] [Times: user=0.13 sys=0.00, real=0.02 secs] 
2020-09-29T17:37:33.202+0200: 41.885: [GC (Allocation Failure) [PSYoungGen: 622149K->34084K(640512K)] 637025K->48960K(2038784K), 0.0121149 secs] [Times: user=0.13 sys=0.00, real=0.01 secs] 
2020-09-29T17:37:33.264+0200: 41.947: [GC (Allocation Failure) [PSYoungGen: 614692K->40420K(638976K)] 629568K->55296K(2037248K), 0.0147600 secs] [Times: user=0.13 sys=0.00, real=0.02 secs] 
2020-09-29T17:37:33.331+0200: 42.013: [GC (Allocation Failure) [PSYoungGen: 621028K->32804K(642560K)] 635904K->47680K(2040832K), 0.0121273 secs] [Times: user=0.13 sys=0.00, real=0.01 secs] 
2020-09-29T17:37:33.393+0200: 42.075: [GC (Allocation Failure) [PSYoungGen: 618020K->43749K(641536K)] 632896K->58625K(2039808K), 0.0150877 secs] [Times: user=0.13 sys=0.00, real=0.02 secs] 
2020-09-29T17:37:33.459+0200: 42.142: [GC (Allocation Failure) [PSYoungGen: 628965K->24100K(641024K)] 643841K->38976K(2039296K), 0.0102392 secs] [Times: user=0.00 sys=0.00, real=0.01 secs] 
2020-09-29T17:37:33.526+0200: 42.208: [GC (Allocation Failure) [PSYoungGen: 608292K->33381K(641536K)] 623168K->48257K(2039808K), 0.0122427 secs] [Times: user=0.13 sys=0.00, real=0.01 secs] 
2020-09-29T17:37:33.589+0200: 42.272: [GC (Allocation Failure) [PSYoungGen: 617573K->27459K(643584K)] 632449K->42335K(2041856K), 0.0118742 secs] [Times: user=0.11 sys=0.00, real=0.01 secs] 
2020-09-29T17:37:33.653+0200: 42.336: [GC (Allocation Failure) [PSYoungGen: 615235K->27269K(643072K)] 630111K->42145K(2041344K), 0.0107418 secs] [Times: user=0.13 sys=0.00, real=0.01 secs] 
2020-09-29T17:37:33.714+0200: 42.397: [GC (Allocation Failure) [PSYoungGen: 615045K->40869K(643072K)] 629921K->55745K(2041344K), 0.0142216 secs] [Times: user=0.13 sys=0.00, real=0.02 secs] 
2020-09-29T17:37:33.780+0200: 42.462: [GC (Allocation Failure) [PSYoungGen: 629157K->41253K(643584K)] 644033K->56129K(2041856K), 0.0136467 secs] [Times: user=0.13 sys=0.00, real=0.01 secs] 
2020-09-29T17:37:33.843+0200: 42.526: [GC (Allocation Failure) [PSYoungGen: 629541K->26883K(644096K)] 644417K->41759K(2042368K), 0.0110838 secs] [Times: user=0.13 sys=0.00, real=0.02 secs] 
2020-09-29T17:37:33.925+0200: 42.608: [GC (Allocation Failure) [PSYoungGen: 615683K->41413K(643584K)] 630559K->56289K(2041856K), 0.0145148 secs] [Times: user=0.13 sys=0.00, real=0.01 secs] 
2020-09-29T17:37:33.991+0200: 42.673: [GC (Allocation Failure) [PSYoungGen: 630213K->55269K(632320K)] 645089K->70793K(2030592K), 0.0186886 secs] [Times: user=0.13 sys=0.00, real=0.02 secs] 
2020-09-29T17:37:34.058+0200: 42.741: [GC (Allocation Failure) [PSYoungGen: 632293K->28612K(637952K)] 647817K->44136K(2036224K), 0.0105188 secs] [Times: user=0.13 sys=0.00, real=0.01 secs] 
2020-09-29T17:37:34.118+0200: 42.801: [GC (Allocation Failure) [PSYoungGen: 605636K->45029K(636928K)] 621160K->60553K(2035200K), 0.0151409 secs] [Times: user=0.13 sys=0.00, real=0.01 secs] 
2020-09-29T17:37:34.183+0200: 42.866: [GC (Allocation Failure) [PSYoungGen: 622053K->47877K(625152K)] 637577K->63401K(2023424K), 0.0163138 secs] [Times: user=0.13 sys=0.00, real=0.02 secs] 
2020-09-29T17:37:34.249+0200: 42.931: [GC (Allocation Failure) [PSYoungGen: 624901K->35108K(638464K)] 640425K->50632K(2036736K), 0.0132241 secs] [Times: user=0.13 sys=0.00, real=0.01 secs] 
2020-09-29T17:37:34.311+0200: 42.993: [GC (Allocation Failure) [PSYoungGen: 611108K->35780K(636416K)] 626632K->51304K(2034688K), 0.0128530 secs] [Times: user=0.13 sys=0.00, real=0.01 secs] 
2020-09-29T17:37:34.373+0200: 43.056: [GC (Allocation Failure) [PSYoungGen: 611780K->36932K(642048K)] 627304K->52456K(2040320K), 0.0132022 secs] [Times: user=0.13 sys=0.00, real=0.01 secs] 
2020-09-29T17:37:34.438+0200: 43.121: [GC (Allocation Failure) [PSYoungGen: 620100K->32197K(640000K)] 635624K->47721K(2038272K), 0.0121655 secs] [Times: user=0.13 sys=0.00, real=0.01 secs] 
2020-09-29T17:37:34.500+0200: 43.183: [GC (Allocation Failure) [PSYoungGen: 615365K->27493K(643072K)] 630889K->43017K(2041344K), 0.0087479 secs] [Times: user=0.13 sys=0.00, real=0.01 secs] 
2020-09-29T17:37:34.559+0200: 43.242: [GC (Allocation Failure) [PSYoungGen: 614757K->40485K(643072K)] 630281K->56009K(2041344K), 0.0140926 secs] [Times: user=0.13 sys=0.00, real=0.01 secs] 
2020-09-29T17:37:34.625+0200: 43.308: [GC (Allocation Failure) [PSYoungGen: 627749K->26052K(643584K)] 643273K->41576K(2041856K), 0.0112395 secs] [Times: user=0.11 sys=0.00, real=0.01 secs] 
2020-09-29T17:37:34.687+0200: 43.370: [GC (Allocation Failure) [PSYoungGen: 614340K->24803K(643584K)] 629864K->40327K(2041856K), 0.0099547 secs] [Times: user=0.13 sys=0.00, real=0.01 secs] 
2020-09-29T17:37:34.747+0200: 43.430: [GC (Allocation Failure) [PSYoungGen: 613091K->38340K(644096K)] 628615K->53864K(2042368K), 0.0140113 secs] [Times: user=0.13 sys=0.00, real=0.01 secs] 
2020-09-29T17:37:34.813+0200: 43.496: [GC (Allocation Failure) [PSYoungGen: 627140K->52933K(642048K)] 642664K->68457K(2040320K), 0.0178355 secs] [Times: user=0.13 sys=0.00, real=0.02 secs] 
2020-09-29T17:37:34.882+0200: 43.565: [GC (Allocation Failure) [PSYoungGen: 641733K->26180K(637952K)] 657257K->41704K(2036224K), 0.0097346 secs] [Times: user=0.00 sys=0.00, real=0.01 secs] 
2020-09-29T17:37:34.945+0200: 43.628: [GC (Allocation Failure) [PSYoungGen: 607300K->18884K(600064K)] 622824K->34408K(1998336K), 0.0102301 secs] [Times: user=0.00 sys=0.00, real=0.01 secs] 
2020-09-29T17:37:35.008+0200: 43.690: [GC (Allocation Failure) [PSYoungGen: 600004K->39525K(640000K)] 615528K->55049K(2038272K), 0.0136654 secs] [Times: user=0.13 sys=0.00, real=0.01 secs] 
2020-09-29T17:37:35.071+0200: 43.753: [GC (Allocation Failure) [PSYoungGen: 620133K->32197K(639488K)] 635657K->47721K(2037760K), 0.0115112 secs] [Times: user=0.00 sys=0.00, real=0.01 secs] 
2020-09-29T17:37:35.133+0200: 43.815: [GC (Allocation Failure) [PSYoungGen: 612805K->38565K(642560K)] 628329K->54089K(2040832K), 0.0134172 secs] [Times: user=0.13 sys=0.00, real=0.01 secs] 
2020-09-29T17:37:35.200+0200: 43.882: [GC (Allocation Failure) [PSYoungGen: 624293K->50053K(635904K)] 639817K->65577K(2034176K), 0.0169922 secs] [Times: user=0.13 sys=0.00, real=0.02 secs] 
2020-09-29T17:37:35.268+0200: 43.951: [GC (Allocation Failure) [PSYoungGen: 635781K->32261K(640512K)] 651305K->47785K(2038784K), 0.0118725 secs] [Times: user=0.11 sys=0.00, real=0.01 secs] 
2020-09-29T17:37:35.330+0200: 44.013: [GC (Allocation Failure) [PSYoungGen: 612869K->37157K(638976K)] 628393K->52681K(2037248K), 0.0134844 secs] [Times: user=0.13 sys=0.00, real=0.01 secs] 
2020-09-29T17:37:35.394+0200: 44.076: [GC (Allocation Failure) [PSYoungGen: 617765K->28548K(643072K)] 633289K->44072K(2041344K), 0.0105845 secs] [Times: user=0.11 sys=0.00, real=0.01 secs] 
2020-09-29T17:37:35.455+0200: 44.137: [GC (Allocation Failure) [PSYoungGen: 615300K->40549K(642560K)] 630824K->56073K(2040832K), 0.0146268 secs] [Times: user=0.11 sys=0.00, real=0.01 secs] 
2020-09-29T17:37:35.521+0200: 44.203: [GC (Allocation Failure) [PSYoungGen: 627301K->53093K(634880K)] 642825K->68617K(2033152K), 0.0173009 secs] [Times: user=0.13 sys=0.00, real=0.02 secs] 
2020-09-29T17:37:35.589+0200: 44.272: [GC (Allocation Failure) [PSYoungGen: 632165K->30181K(638976K)] 647689K->45705K(2037248K), 0.0119731 secs] [Times: user=0.11 sys=0.00, real=0.01 secs] 
2020-09-29T17:37:35.653+0200: 44.336: [GC (Allocation Failure) [PSYoungGen: 609253K->19554K(637952K)] 624777K->35078K(2036224K), 0.0091553 secs] [Times: user=0.13 sys=0.00, real=0.01 secs] 
2020-09-29T17:37:35.712+0200: 44.394: [GC (Allocation Failure) [PSYoungGen: 598626K->37668K(638976K)] 614150K->53192K(2037248K), 0.0136361 secs] [Times: user=0.13 sys=0.00, real=0.01 secs] 
2020-09-29T17:37:35.776+0200: 44.459: [GC (Allocation Failure) [PSYoungGen: 616740K->42565K(639488K)] 632264K->58089K(2037760K), 0.0144515 secs] [Times: user=0.13 sys=0.00, real=0.01 secs] 
2020-09-29T17:37:35.840+0200: 44.522: [GC (Allocation Failure) [PSYoungGen: 623685K->34884K(640000K)] 639209K->50408K(2038272K), 0.0123444 secs] [Times: user=0.13 sys=0.00, real=0.01 secs] 
2020-09-29T17:37:35.904+0200: 44.586: [GC (Allocation Failure) [PSYoungGen: 616004K->41701K(642048K)] 631528K->57225K(2040320K), 0.0191242 secs] [Times: user=0.09 sys=0.00, real=0.02 secs] 
2020-09-29T17:37:35.974+0200: 44.657: [GC (Allocation Failure) [PSYoungGen: 626917K->52709K(637952K)] 642441K->68233K(2036224K), 0.0188930 secs] [Times: user=0.13 sys=0.00, real=0.02 secs] 
2020-09-29T17:37:36.043+0200: 44.726: [GC (Allocation Failure) [PSYoungGen: 637925K->48996K(634880K)] 653449K->64520K(2033152K), 0.0173469 secs] [Times: user=0.13 sys=0.00, real=0.02 secs] 
2020-09-29T17:37:36.110+0200: 44.792: [GC (Allocation Failure) [PSYoungGen: 622948K->34981K(636416K)] 638472K->50505K(2034688K), 0.0116655 secs] [Times: user=0.13 sys=0.00, real=0.01 secs] 
2020-09-29T17:37:36.171+0200: 44.853: [GC (Allocation Failure) [PSYoungGen: 608933K->34725K(639488K)] 624457K->50249K(2037760K), 0.0117904 secs] [Times: user=0.13 sys=0.00, real=0.01 secs] 
2020-09-29T17:37:36.233+0200: 44.915: [GC (Allocation Failure) [PSYoungGen: 613285K->23588K(637952K)] 628809K->39112K(2036224K), 0.0088752 secs] [Times: user=0.13 sys=0.00, real=0.01 secs] 
2020-09-29T17:37:36.291+0200: 44.974: [GC (Allocation Failure) [PSYoungGen: 602148K->41605K(639488K)] 617672K->57129K(2037760K), 0.0148813 secs] [Times: user=0.13 sys=0.00, real=0.02 secs] 
2020-09-29T17:37:36.356+0200: 45.038: [GC (Allocation Failure) [PSYoungGen: 621189K->33253K(638976K)] 636713K->48777K(2037248K), 0.0118194 secs] [Times: user=0.13 sys=0.00, real=0.01 secs] 
2020-09-29T17:37:36.419+0200: 45.101: [GC (Allocation Failure) [PSYoungGen: 612837K->24453K(641024K)] 628361K->39977K(2039296K), 0.0086369 secs] [Times: user=0.13 sys=0.00, real=0.01 secs] 
2020-09-29T17:37:36.480+0200: 45.163: [GC (Allocation Failure) [PSYoungGen: 607621K->57829K(641024K)] 623145K->76225K(2039296K), 0.0222644 secs] [Times: user=0.13 sys=0.00, real=0.02 secs] 
2020-09-29T17:37:36.555+0200: 45.238: [GC (Allocation Failure) [PSYoungGen: 640997K->27940K(628736K)] 659393K->46336K(2027008K), 0.0129408 secs] [Times: user=0.13 sys=0.00, real=0.01 secs] 
2020-09-29T17:37:36.621+0200: 45.304: [GC (Allocation Failure) [PSYoungGen: 598820K->37700K(634880K)] 617216K->56096K(2033152K), 0.0166189 secs] [Times: user=0.11 sys=0.00, real=0.02 secs] 
2020-09-29T17:37:36.688+0200: 45.371: [GC (Allocation Failure) [PSYoungGen: 608580K->48005K(634368K)] 626976K->66401K(2032640K), 0.0162473 secs] [Times: user=0.13 sys=0.00, real=0.02 secs] 
2020-09-29T17:37:36.754+0200: 45.436: [GC (Allocation Failure) [PSYoungGen: 620933K->46757K(620032K)] 639329K->65153K(2018304K), 0.0166502 secs] [Times: user=0.13 sys=0.00, real=0.02 secs] 
2020-09-29T17:37:36.820+0200: 45.502: [GC (Allocation Failure) [PSYoungGen: 619685K->31717K(636416K)] 638081K->50113K(2034688K), 0.0116966 secs] [Times: user=0.00 sys=0.00, real=0.01 secs] 
2020-09-29T17:37:36.880+0200: 45.563: [GC (Allocation Failure) [PSYoungGen: 604133K->26948K(634880K)] 622529K->45344K(2033152K), 0.0102517 secs] [Times: user=0.00 sys=0.00, real=0.01 secs] 
2020-09-29T17:37:36.940+0200: 45.622: [GC (Allocation Failure) [PSYoungGen: 599364K->38821K(638464K)] 617760K->57217K(2036736K), 0.0137783 secs] [Times: user=0.13 sys=0.00, real=0.01 secs] 
2020-09-29T17:37:37.003+0200: 45.686: [GC (Allocation Failure) [PSYoungGen: 614821K->26724K(636416K)] 633217K->45120K(2034688K), 0.0107564 secs] [Times: user=0.13 sys=0.00, real=0.01 secs] 
2020-09-29T17:37:37.063+0200: 45.746: [GC (Allocation Failure) [PSYoungGen: 602724K->25060K(639488K)] 621120K->43456K(2037760K), 0.0096130 secs] [Times: user=0.13 sys=0.00, real=0.01 secs] 
2020-09-29T17:37:37.124+0200: 45.807: [GC (Allocation Failure) [PSYoungGen: 604644K->44133K(624128K)] 623040K->62529K(2022400K), 0.0155482 secs] [Times: user=0.13 sys=0.00, real=0.02 secs] 
2020-09-29T17:37:37.189+0200: 45.872: [GC (Allocation Failure) [PSYoungGen: 623717K->35716K(641024K)] 642113K->54112K(2039296K), 0.0132128 secs] [Times: user=0.13 sys=0.00, real=0.01 secs] 
2020-09-29T17:37:37.253+0200: 45.936: [GC (Allocation Failure) [PSYoungGen: 616324K->42117K(638464K)] 634720K->60513K(2036736K), 0.0148010 secs] [Times: user=0.11 sys=0.01, real=0.01 secs] 
2020-09-29T17:37:37.317+0200: 46.000: [GC (Allocation Failure) [PSYoungGen: 622725K->34725K(642560K)] 641121K->53121K(2040832K), 0.0125081 secs] [Times: user=0.00 sys=0.00, real=0.01 secs] 
2020-09-29T17:37:37.380+0200: 46.063: [GC (Allocation Failure) [PSYoungGen: 619429K->30180K(641024K)] 637825K->48576K(2039296K), 0.0111457 secs] [Times: user=0.00 sys=0.00, real=0.01 secs] 
2020-09-29T17:37:37.441+0200: 46.123: [GC (Allocation Failure) [PSYoungGen: 614884K->25219K(643584K)] 633280K->43615K(2041856K), 0.0098152 secs] [Times: user=0.13 sys=0.00, real=0.01 secs] 
2020-09-29T17:37:37.502+0200: 46.185: [GC (Allocation Failure) [PSYoungGen: 613507K->39173K(643584K)] 631903K->57569K(2041856K), 0.0142741 secs] [Times: user=0.13 sys=0.00, real=0.01 secs] 
2020-09-29T17:37:37.567+0200: 46.250: [GC (Allocation Failure) [PSYoungGen: 627461K->23107K(644096K)] 645857K->41503K(2042368K), 0.0104328 secs] [Times: user=0.00 sys=0.00, real=0.01 secs] 
2020-09-29T17:37:37.630+0200: 46.312: [GC (Allocation Failure) [PSYoungGen: 612419K->23204K(644096K)] 630815K->41600K(2042368K), 0.0100771 secs] [Times: user=0.00 sys=0.00, real=0.01 secs] 
2020-09-29T17:37:37.690+0200: 46.373: [GC (Allocation Failure) [PSYoungGen: 612516K->38212K(644096K)] 630912K->56608K(2042368K), 0.0142865 secs] [Times: user=0.13 sys=0.00, real=0.01 secs] 
2020-09-29T17:37:37.758+0200: 46.440: [GC (Allocation Failure) [PSYoungGen: 627524K->38916K(644096K)] 645920K->57312K(2042368K), 0.0142038 secs] [Times: user=0.13 sys=0.00, real=0.01 secs] 
2020-09-29T17:37:37.822+0200: 46.505: [GC (Allocation Failure) [PSYoungGen: 628228K->26116K(645120K)] 646624K->44512K(2043392K), 0.0098022 secs] [Times: user=0.00 sys=0.00, real=0.01 secs] 
2020-09-29T17:37:37.883+0200: 46.565: [GC (Allocation Failure) [PSYoungGen: 616964K->28837K(644608K)] 635360K->47233K(2042880K), 0.0098690 secs] [Times: user=0.00 sys=0.00, real=0.01 secs] 
2020-09-29T17:37:37.944+0200: 46.627: [GC (Allocation Failure) [PSYoungGen: 619685K->31556K(648192K)] 638081K->49952K(2046464K), 0.0122919 secs] [Times: user=0.00 sys=0.00, real=0.02 secs] 
2020-09-29T17:37:38.027+0200: 46.710: [GC (Allocation Failure) [PSYoungGen: 627012K->39077K(646144K)] 645408K->57473K(2044416K), 0.0129577 secs] [Times: user=0.13 sys=0.00, real=0.01 secs] 
2020-09-29T17:37:38.092+0200: 46.775: [GC (Allocation Failure) [PSYoungGen: 634533K->30755K(648704K)] 652929K->49151K(2046976K), 0.0122584 secs] [Times: user=0.13 sys=0.00, real=0.01 secs] 
2020-09-29T17:37:38.156+0200: 46.839: [GC (Allocation Failure) [PSYoungGen: 628259K->40453K(647680K)] 646655K->58849K(2045952K), 0.0140324 secs] [Times: user=0.13 sys=0.00, real=0.01 secs] 
2020-09-29T17:37:38.221+0200: 46.904: [GC (Allocation Failure) [PSYoungGen: 637957K->36229K(648704K)] 656353K->54625K(2046976K), 0.0133034 secs] [Times: user=0.13 sys=0.00, real=0.01 secs] 
2020-09-29T17:37:38.287+0200: 46.970: [GC (Allocation Failure) [PSYoungGen: 633733K->45861K(643584K)] 652129K->64257K(2041856K), 0.0161829 secs] [Times: user=0.13 sys=0.00, real=0.02 secs] 
2020-09-29T17:37:38.356+0200: 47.038: [GC (Allocation Failure) [PSYoungGen: 643365K->41829K(644608K)] 661761K->60225K(2042880K), 0.0144357 secs] [Times: user=0.13 sys=0.00, real=0.01 secs] 
2020-09-29T17:37:38.421+0200: 47.103: [GC (Allocation Failure) [PSYoungGen: 633189K->45253K(636928K)] 651585K->63649K(2035200K), 0.0153668 secs] [Times: user=0.13 sys=0.00, real=0.02 secs] 
2020-09-29T17:37:38.488+0200: 47.170: [GC (Allocation Failure) [PSYoungGen: 636613K->35045K(645120K)] 655009K->53441K(2043392K), 0.0134931 secs] [Times: user=0.11 sys=0.00, real=0.01 secs] 
2020-09-29T17:37:38.552+0200: 47.235: [GC (Allocation Failure) [PSYoungGen: 624869K->50661K(640512K)] 643265K->69057K(2038784K), 0.0172571 secs] [Times: user=0.13 sys=0.00, real=0.02 secs] 
2020-09-29T17:37:38.622+0200: 47.305: [GC (Allocation Failure) [PSYoungGen: 640485K->38917K(643072K)] 658881K->57313K(2041344K), 0.0141804 secs] [Times: user=0.13 sys=0.00, real=0.01 secs] 
2020-09-29T17:37:38.686+0200: 47.369: [GC (Allocation Failure) [PSYoungGen: 624645K->35364K(641536K)] 643041K->53760K(2039808K), 0.0131000 secs] [Times: user=0.13 sys=0.00, real=0.01 secs] 
2020-09-29T17:37:38.750+0200: 47.433: [GC (Allocation Failure) [PSYoungGen: 621092K->32516K(645120K)] 639488K->50912K(2043392K), 0.0123546 secs] [Times: user=0.13 sys=0.00, real=0.01 secs] 
2020-09-29T17:37:38.815+0200: 47.498: [GC (Allocation Failure) [PSYoungGen: 622852K->34341K(644096K)] 641248K->52737K(2042368K), 0.0125706 secs] [Times: user=0.13 sys=0.00, real=0.01 secs] 
2020-09-29T17:37:38.878+0200: 47.561: [GC (Allocation Failure) [PSYoungGen: 624677K->36773K(647680K)] 643073K->55169K(2045952K), 0.0119213 secs] [Times: user=0.13 sys=0.00, real=0.01 secs] 
2020-09-29T17:37:38.941+0200: 47.623: [GC (Allocation Failure) [PSYoungGen: 631717K->28261K(646144K)] 650113K->46657K(2044416K), 0.0095415 secs] [Times: user=0.13 sys=0.00, real=0.01 secs] 
2020-09-29T17:37:39.001+0200: 47.684: [GC (Allocation Failure) [PSYoungGen: 623205K->35237K(648704K)] 641601K->53633K(2046976K), 0.0116218 secs] [Times: user=0.13 sys=0.00, real=0.01 secs] 
2020-09-29T17:37:39.066+0200: 47.749: [GC (Allocation Failure) [PSYoungGen: 632741K->31012K(647680K)] 651137K->49408K(2045952K), 0.0120403 secs] [Times: user=0.13 sys=0.00, real=0.01 secs] 
2020-09-29T17:37:39.130+0200: 47.812: [GC (Allocation Failure) [PSYoungGen: 628516K->40581K(648192K)] 646912K->58977K(2046464K), 0.0138263 secs] [Times: user=0.00 sys=0.00, real=0.01 secs] 
2020-09-29T17:37:39.195+0200: 47.877: [GC (Allocation Failure) [PSYoungGen: 639109K->50149K(648704K)] 657505K->69497K(2046976K), 0.0168482 secs] [Times: user=0.13 sys=0.00, real=0.02 secs] 
2020-09-29T17:37:39.263+0200: 47.945: [GC (Allocation Failure) [PSYoungGen: 648677K->18371K(637440K)] 668025K->37719K(2035712K), 0.0084184 secs] [Times: user=0.13 sys=0.00, real=0.01 secs] 
2020-09-29T17:37:39.323+0200: 48.006: [GC (Allocation Failure) [PSYoungGen: 605635K->45125K(632832K)] 624983K->64473K(2031104K), 0.0152741 secs] [Times: user=0.13 sys=0.00, real=0.02 secs] 
2020-09-29T17:37:39.389+0200: 48.072: [GC (Allocation Failure) [PSYoungGen: 632389K->29157K(642560K)] 651737K->48505K(2040832K), 0.0105322 secs] [Times: user=0.13 sys=0.00, real=0.01 secs] 
2020-09-29T17:37:39.450+0200: 48.133: [GC (Allocation Failure) [PSYoungGen: 614373K->40005K(641536K)] 633721K->59353K(2039808K), 0.0138870 secs] [Times: user=0.13 sys=0.00, real=0.01 secs] 
2020-09-29T17:37:39.514+0200: 48.197: [GC (Allocation Failure) [PSYoungGen: 625221K->36452K(644608K)] 644569K->55800K(2042880K), 0.0136540 secs] [Times: user=0.13 sys=0.00, real=0.01 secs] 
2020-09-29T17:37:39.580+0200: 48.263: [GC (Allocation Failure) [PSYoungGen: 625252K->51045K(640000K)] 644600K->70393K(2038272K), 0.0189028 secs] [Times: user=0.22 sys=0.00, real=0.02 secs] 
2020-09-29T17:37:39.651+0200: 48.334: [GC (Allocation Failure) [PSYoungGen: 639845K->38245K(643072K)] 659193K->57593K(2041344K), 0.0133594 secs] [Times: user=0.13 sys=0.00, real=0.01 secs] 
2020-09-29T17:37:39.717+0200: 48.400: [GC (Allocation Failure) [PSYoungGen: 623461K->34532K(641024K)] 642809K->53880K(2039296K), 0.0131509 secs] [Times: user=0.13 sys=0.00, real=0.01 secs] 
2020-09-29T17:37:39.785+0200: 48.467: [GC (Allocation Failure) [PSYoungGen: 619748K->45477K(642048K)] 639096K->64825K(2040320K), 0.0166502 secs] [Times: user=0.13 sys=0.00, real=0.02 secs] 
2020-09-29T17:37:39.851+0200: 48.534: [GC (Allocation Failure) [PSYoungGen: 632741K->28740K(643072K)] 652089K->48088K(2041344K), 0.0112479 secs] [Times: user=0.00 sys=0.00, real=0.01 secs] 
2020-09-29T17:37:39.913+0200: 48.596: [GC (Allocation Failure) [PSYoungGen: 616004K->27173K(643072K)] 635352K->46521K(2041344K), 0.0090510 secs] [Times: user=0.00 sys=0.00, real=0.01 secs] 
2020-09-29T17:37:39.975+0200: 48.658: [GC (Allocation Failure) [PSYoungGen: 614437K->40165K(643072K)] 633785K->59513K(2041344K), 0.0142050 secs] [Times: user=0.13 sys=0.00, real=0.01 secs] 
2020-09-29T17:37:40.040+0200: 48.722: [GC (Allocation Failure) [PSYoungGen: 627429K->25059K(643584K)] 646777K->44407K(2041856K), 0.0101992 secs] [Times: user=0.00 sys=0.00, real=0.01 secs] 
2020-09-29T17:37:40.099+0200: 48.782: [GC (Allocation Failure) [PSYoungGen: 613347K->38020K(643584K)] 632695K->57368K(2041856K), 0.0139980 secs] [Times: user=0.00 sys=0.00, real=0.01 secs] 
2020-09-29T17:37:40.163+0200: 48.846: [GC (Allocation Failure) [PSYoungGen: 626308K->37317K(645632K)] 645656K->56665K(2043904K), 0.0128038 secs] [Times: user=0.13 sys=0.00, real=0.01 secs] 
2020-09-29T17:37:40.227+0200: 48.910: [GC (Allocation Failure) [PSYoungGen: 628677K->24579K(644608K)] 648025K->43927K(2042880K), 0.0101823 secs] [Times: user=0.00 sys=0.00, real=0.01 secs] 
2020-09-29T17:37:40.288+0200: 48.971: [GC (Allocation Failure) [PSYoungGen: 615939K->28037K(646144K)] 635287K->47385K(2044416K), 0.0099276 secs] [Times: user=0.00 sys=0.00, real=0.01 secs] 
2020-09-29T17:37:40.352+0200: 49.035: [GC (Allocation Failure) [PSYoungGen: 620933K->46661K(640000K)] 640281K->66009K(2038272K), 0.0172156 secs] [Times: user=0.13 sys=0.00, real=0.02 secs] 
2020-09-29T17:37:40.422+0200: 49.105: [GC (Allocation Failure) [PSYoungGen: 639557K->37957K(644608K)] 658905K->57305K(2042880K), 0.0125792 secs] [Times: user=0.13 sys=0.00, real=0.01 secs] 
2020-09-29T17:37:40.485+0200: 49.168: [GC (Allocation Failure) [PSYoungGen: 627269K->53029K(642560K)] 646617K->72377K(2040832K), 0.0183952 secs] [Times: user=0.13 sys=0.00, real=0.02 secs] 
2020-09-29T17:37:40.554+0200: 49.237: [GC (Allocation Failure) [PSYoungGen: 642341K->27077K(637440K)] 661689K->46425K(2035712K), 0.0094669 secs] [Times: user=0.00 sys=0.00, real=0.01 secs] 
2020-09-29T17:37:40.623+0200: 49.306: [GC (Allocation Failure) [PSYoungGen: 608197K->19907K(601088K)] 627545K->39255K(1999360K), 0.0083686 secs] [Times: user=0.13 sys=0.00, real=0.01 secs] 
2020-09-29T17:37:40.681+0200: 49.364: [GC (Allocation Failure) [PSYoungGen: 601027K->39109K(640512K)] 620375K->58457K(2038784K), 0.0193578 secs] [Times: user=0.13 sys=0.00, real=0.02 secs] 
2020-09-29T17:37:40.751+0200: 49.433: [GC (Allocation Failure) [PSYoungGen: 620229K->32228K(639488K)] 639577K->51576K(2037760K), 0.0120049 secs] [Times: user=0.13 sys=0.00, real=0.01 secs] 
2020-09-29T17:37:40.816+0200: 49.498: [GC (Allocation Failure) [PSYoungGen: 613348K->39173K(642560K)] 632696K->58521K(2040832K), 0.0136172 secs] [Times: user=0.13 sys=0.00, real=0.01 secs] 
2020-09-29T17:37:40.880+0200: 49.562: [GC (Allocation Failure) [PSYoungGen: 624901K->36965K(642048K)] 644249K->56313K(2040320K), 0.0126770 secs] [Times: user=0.00 sys=0.00, real=0.01 secs] 
2020-09-29T17:37:40.945+0200: 49.627: [GC (Allocation Failure) [PSYoungGen: 622693K->34757K(646144K)] 642041K->54105K(2044416K), 0.0136723 secs] [Times: user=0.11 sys=0.00, real=0.01 secs] 
2020-09-29T17:37:41.010+0200: 49.692: [GC (Allocation Failure) [PSYoungGen: 626117K->51877K(643584K)] 645465K->71225K(2041856K), 0.0184800 secs] [Times: user=0.13 sys=0.00, real=0.02 secs] 
2020-09-29T17:37:41.078+0200: 49.761: [GC (Allocation Failure) [PSYoungGen: 643237K->26500K(640512K)] 662585K->45848K(2038784K), 0.0105505 secs] [Times: user=0.13 sys=0.00, real=0.01 secs] 
2020-09-29T17:37:41.139+0200: 49.822: [GC (Allocation Failure) [PSYoungGen: 611716K->20290K(605696K)] 631064K->39638K(2003968K), 0.0094325 secs] [Times: user=0.13 sys=0.00, real=0.01 secs] 
2020-09-29T17:37:41.198+0200: 49.880: [GC (Allocation Failure) [PSYoungGen: 605506K->14820K(638976K)] 624854K->34168K(2037248K), 0.0054728 secs] [Times: user=0.00 sys=0.00, real=0.01 secs] 
2020-09-29T17:37:41.253+0200: 49.935: [GC (Allocation Failure) [PSYoungGen: 595940K->18627K(640000K)] 615288K->37975K(2038272K), 0.0083739 secs] [Times: user=0.13 sys=0.00, real=0.01 secs] 
2020-09-29T17:37:41.310+0200: 49.993: [GC (Allocation Failure) [PSYoungGen: 599747K->23237K(642048K)] 619095K->42585K(2040320K), 0.0083811 secs] [Times: user=0.13 sys=0.00, real=0.01 secs] 
2020-09-29T17:37:41.370+0200: 50.052: [GC (Allocation Failure) [PSYoungGen: 606917K->30500K(640512K)] 626265K->49848K(2038784K), 0.0121478 secs] [Times: user=0.13 sys=0.00, real=0.01 secs] 
2020-09-29T17:37:41.433+0200: 50.115: [GC (Allocation Failure) [PSYoungGen: 614180K->38597K(642560K)] 633528K->57945K(2040832K), 0.0137393 secs] [Times: user=0.13 sys=0.00, real=0.01 secs] 
2020-09-29T17:37:41.497+0200: 50.180: [GC (Allocation Failure) [PSYoungGen: 626885K->39013K(627712K)] 646233K->58361K(2025984K), 0.0138251 secs] [Times: user=0.13 sys=0.00, real=0.01 secs] 
2020-09-29T17:37:41.564+0200: 50.246: [GC (Allocation Failure) [PSYoungGen: 627301K->38532K(643072K)] 646649K->57880K(2041344K), 0.0154703 secs] [Times: user=0.13 sys=0.00, real=0.02 secs] 
2020-09-29T17:37:41.634+0200: 50.316: [GC (Allocation Failure) [PSYoungGen: 625796K->51589K(638976K)] 645144K->70937K(2037248K), 0.0213254 secs] [Times: user=0.11 sys=0.00, real=0.02 secs] 
2020-09-29T17:37:41.708+0200: 50.391: [GC (Allocation Failure) [PSYoungGen: 638853K->35492K(640512K)] 658201K->54840K(2038784K), 0.0154503 secs] [Times: user=0.13 sys=0.00, real=0.02 secs] 
2020-09-29T17:37:41.776+0200: 50.459: [GC (Allocation Failure) [PSYoungGen: 616100K->40965K(638976K)] 635448K->60313K(2037248K), 0.0147627 secs] [Times: user=0.13 sys=0.00, real=0.01 secs] 
2020-09-29T17:37:41.841+0200: 50.523: [GC (Allocation Failure) [PSYoungGen: 621573K->33637K(642560K)] 640921K->52985K(2040832K), 0.0113719 secs] [Times: user=0.13 sys=0.00, real=0.01 secs] 
2020-09-29T17:37:41.902+0200: 50.585: [GC (Allocation Failure) [PSYoungGen: 617829K->29957K(640512K)] 637177K->49305K(2038784K), 0.0106440 secs] [Times: user=0.13 sys=0.00, real=0.01 secs] 
2020-09-29T17:37:41.970+0200: 50.652: [GC (Allocation Failure) [PSYoungGen: 614149K->39524K(644096K)] 633497K->58872K(2042368K), 0.0165240 secs] [Times: user=0.11 sys=0.00, real=0.02 secs] 
2020-09-29T17:37:42.039+0200: 50.721: [GC (Allocation Failure) [PSYoungGen: 628324K->40421K(643584K)] 647672K->59769K(2041856K), 0.0207181 secs] [Times: user=0.13 sys=0.00, real=0.02 secs] 
2020-09-29T17:37:42.113+0200: 50.795: [GC (Allocation Failure) [PSYoungGen: 629221K->27012K(644608K)] 648569K->46360K(2042880K), 0.0114422 secs] [Times: user=0.09 sys=0.00, real=0.01 secs] 
2020-09-29T17:37:42.175+0200: 50.858: [GC (Allocation Failure) [PSYoungGen: 616836K->42693K(632832K)] 636184K->62041K(2031104K), 0.0148617 secs] [Times: user=0.13 sys=0.00, real=0.02 secs] 
2020-09-29T17:37:42.240+0200: 50.923: [GC (Allocation Failure) [PSYoungGen: 632517K->44581K(640512K)] 651865K->63929K(2038784K), 0.0155205 secs] [Times: user=0.13 sys=0.00, real=0.02 secs] 
2020-09-29T17:37:42.307+0200: 50.989: [GC (Allocation Failure) [PSYoungGen: 629797K->27460K(642048K)] 649145K->46808K(2040320K), 0.0102039 secs] [Times: user=0.13 sys=0.00, real=0.01 secs] 
2020-09-29T17:37:42.367+0200: 51.050: [GC (Allocation Failure) [PSYoungGen: 612676K->37380K(644096K)] 632024K->56728K(2042368K), 0.0133982 secs] [Times: user=0.13 sys=0.00, real=0.01 secs] 
2020-09-29T17:37:42.434+0200: 51.117: [GC (Allocation Failure) [PSYoungGen: 625156K->23108K(642560K)] 644504K->42456K(2040832K), 0.0087785 secs] [Times: user=0.13 sys=0.00, real=0.01 secs] 
2020-09-29T17:37:42.494+0200: 51.176: [GC (Allocation Failure) [PSYoungGen: 610884K->36356K(645120K)] 630232K->55704K(2043392K), 0.0127593 secs] [Times: user=0.13 sys=0.00, real=0.01 secs] 
2020-09-29T17:37:42.557+0200: 51.240: [GC (Allocation Failure) [PSYoungGen: 626180K->38245K(643584K)] 645528K->57593K(2041856K), 0.0132782 secs] [Times: user=0.13 sys=0.00, real=0.01 secs] 
2020-09-29T17:37:42.623+0200: 51.305: [GC (Allocation Failure) [PSYoungGen: 628069K->40165K(645632K)] 647417K->59513K(2043904K), 0.0143934 secs] [Times: user=0.11 sys=0.00, real=0.01 secs] 
2020-09-29T17:37:42.688+0200: 51.371: [GC (Allocation Failure) [PSYoungGen: 632549K->44613K(637440K)] 651897K->63961K(2035712K), 0.0152549 secs] [Times: user=0.13 sys=0.00, real=0.02 secs] 
2020-09-29T17:37:42.753+0200: 51.436: [GC (Allocation Failure) [PSYoungGen: 636997K->19555K(642048K)] 656345K->38903K(2040320K), 0.0077539 secs] [Times: user=0.05 sys=0.00, real=0.01 secs] 
2020-09-29T17:37:42.812+0200: 51.495: [GC (Allocation Failure) [PSYoungGen: 606819K->32067K(643072K)] 626167K->51415K(2041344K), 0.0123772 secs] [Times: user=0.13 sys=0.00, real=0.01 secs] 
2020-09-29T17:37:42.875+0200: 51.557: [GC (Allocation Failure) [PSYoungGen: 619331K->17251K(642560K)] 638679K->36599K(2040832K), 0.0074546 secs] [Times: user=0.13 sys=0.00, real=0.01 secs] 
2020-09-29T17:37:42.932+0200: 51.615: [GC (Allocation Failure) [PSYoungGen: 605539K->45029K(633344K)] 624887K->64377K(2031616K), 0.0154602 secs] [Times: user=0.13 sys=0.00, real=0.02 secs] 
2020-09-29T17:37:42.999+0200: 51.682: [GC (Allocation Failure) [PSYoungGen: 633317K->30916K(643072K)] 652665K->50264K(2041344K), 0.0116921 secs] [Times: user=0.13 sys=0.00, real=0.01 secs] 
2020-09-29T17:37:43.061+0200: 51.743: [GC (Allocation Failure) [PSYoungGen: 616132K->24387K(641024K)] 635480K->43735K(2039296K), 0.0099340 secs] [Times: user=0.13 sys=0.00, real=0.01 secs] 
2020-09-29T17:37:43.121+0200: 51.803: [GC (Allocation Failure) [PSYoungGen: 609603K->35461K(644608K)] 628951K->54809K(2042880K), 0.0122017 secs] [Times: user=0.13 sys=0.00, real=0.01 secs] 
2020-09-29T17:37:43.183+0200: 51.865: [GC (Allocation Failure) [PSYoungGen: 624773K->19716K(643584K)] 644121K->39064K(2041856K), 0.0078627 secs] [Times: user=0.00 sys=0.00, real=0.01 secs] 
2020-09-29T17:37:43.241+0200: 51.924: [GC (Allocation Failure) [PSYoungGen: 609028K->48421K(636416K)] 628376K->67769K(2034688K), 0.0165619 secs] [Times: user=0.13 sys=0.00, real=0.02 secs] 
2020-09-29T17:37:43.309+0200: 51.992: [GC (Allocation Failure) [PSYoungGen: 630565K->42629K(625152K)] 649913K->61977K(2023424K), 0.0136186 secs] [Times: user=0.13 sys=0.00, real=0.01 secs] 
2020-09-29T17:37:43.373+0200: 52.056: [GC (Allocation Failure) [PSYoungGen: 624773K->36837K(641024K)] 644121K->56185K(2039296K), 0.0120490 secs] [Times: user=0.13 sys=0.00, real=0.01 secs] 
2020-09-29T17:37:43.438+0200: 52.121: [GC (Allocation Failure) [PSYoungGen: 618469K->30020K(639488K)] 637817K->49368K(2037760K), 0.0120315 secs] [Times: user=0.13 sys=0.00, real=0.01 secs] 
2020-09-29T17:37:43.500+0200: 52.182: [GC (Allocation Failure) [PSYoungGen: 611652K->37381K(643584K)] 631000K->56729K(2041856K), 0.0133229 secs] [Times: user=0.13 sys=0.00, real=0.01 secs] 
2020-09-29T17:37:43.564+0200: 52.246: [GC (Allocation Failure) [PSYoungGen: 624645K->36709K(642560K)] 643993K->56057K(2040832K), 0.0133295 secs] [Times: user=0.13 sys=0.00, real=0.01 secs] 
2020-09-29T17:37:43.629+0200: 52.312: [GC (Allocation Failure) [PSYoungGen: 623973K->36133K(646144K)] 643321K->55481K(2044416K), 0.0142592 secs] [Times: user=0.00 sys=0.00, real=0.01 secs] 
2020-09-29T17:37:43.694+0200: 52.376: [GC (Allocation Failure) [PSYoungGen: 628517K->25124K(645120K)] 647865K->44472K(2043392K), 0.0098207 secs] [Times: user=0.00 sys=0.00, real=0.01 secs] 
2020-09-29T17:37:43.755+0200: 52.437: [GC (Allocation Failure) [PSYoungGen: 617508K->28036K(647168K)] 636856K->47384K(2045440K), 0.0106537 secs] [Times: user=0.00 sys=0.00, real=0.01 secs] 
2020-09-29T17:37:43.816+0200: 52.499: [GC (Allocation Failure) [PSYoungGen: 622468K->34597K(646144K)] 641816K->53945K(2044416K), 0.0116997 secs] [Times: user=0.13 sys=0.00, real=0.01 secs] 
2020-09-29T17:37:43.880+0200: 52.562: [GC (Allocation Failure) [PSYoungGen: 629029K->24451K(648704K)] 648377K->43799K(2046976K), 0.0101798 secs] [Times: user=0.00 sys=0.00, real=0.01 secs] 
2020-09-29T17:37:43.941+0200: 52.624: [GC (Allocation Failure) [PSYoungGen: 622979K->48741K(647680K)] 642327K->68089K(2045952K), 0.0163191 secs] [Times: user=0.25 sys=0.00, real=0.02 secs] 
2020-09-29T17:37:44.009+0200: 52.692: [GC (Allocation Failure) [PSYoungGen: 647269K->45701K(636416K)] 666617K->65049K(2034688K), 0.0155754 secs] [Times: user=0.13 sys=0.00, real=0.01 secs] 
2020-09-29T17:37:44.075+0200: 52.758: [GC (Allocation Failure) [PSYoungGen: 630917K->43013K(628736K)] 650265K->62361K(2027008K), 0.0147141 secs] [Times: user=0.13 sys=0.00, real=0.01 secs] 
2020-09-29T17:37:44.140+0200: 52.823: [GC (Allocation Failure) [PSYoungGen: 628229K->40261K(642048K)] 647577K->59609K(2040320K), 0.0139188 secs] [Times: user=0.13 sys=0.00, real=0.01 secs] 
2020-09-29T17:37:44.204+0200: 52.887: [GC (Allocation Failure) [PSYoungGen: 624965K->20419K(605184K)] 644313K->39767K(2003456K), 0.0087483 secs] [Times: user=0.13 sys=0.00, real=0.01 secs] 
2020-09-29T17:37:44.263+0200: 52.945: [GC (Allocation Failure) [PSYoungGen: 605123K->28485K(642560K)] 624471K->47833K(2040832K), 0.0106284 secs] [Times: user=0.13 sys=0.00, real=0.01 secs] 
2020-09-29T17:37:44.323+0200: 53.006: [GC (Allocation Failure) [PSYoungGen: 613189K->38949K(641024K)] 632537K->58297K(2039296K), 0.0128862 secs] [Times: user=0.13 sys=0.00, real=0.01 secs] 
2020-09-29T17:37:44.386+0200: 53.069: [GC (Allocation Failure) [PSYoungGen: 623653K->34500K(645120K)] 643001K->53848K(2043392K), 0.0125135 secs] [Times: user=0.13 sys=0.00, real=0.01 secs] 
2020-09-29T17:37:44.449+0200: 53.132: [GC (Allocation Failure) [PSYoungGen: 623812K->17091K(643072K)] 643160K->36439K(2041344K), 0.0087815 secs] [Times: user=0.13 sys=0.00, real=0.01 secs] 
2020-09-29T17:37:44.509+0200: 53.192: [GC (Allocation Failure) [PSYoungGen: 606403K->45380K(638976K)] 625751K->64728K(2037248K), 0.0161844 secs] [Times: user=0.13 sys=0.00, real=0.02 secs] 
2020-09-29T17:37:44.576+0200: 53.259: [GC (Allocation Failure) [PSYoungGen: 629572K->27877K(641536K)] 648920K->47225K(2039808K), 0.0096453 secs] [Times: user=0.11 sys=0.00, real=0.01 secs] 
2020-09-29T17:37:44.640+0200: 53.323: [GC (Allocation Failure) [PSYoungGen: 612069K->51589K(634368K)] 631417K->70937K(2032640K), 0.0173754 secs] [Times: user=0.13 sys=0.00, real=0.02 secs] 
2020-09-29T17:37:44.707+0200: 53.389: [GC (Allocation Failure) [PSYoungGen: 629637K->11940K(590336K)] 648985K->31288K(1988608K), 0.0046061 secs] [Times: user=0.00 sys=0.00, real=0.00 secs] 
2020-09-29T17:37:44.762+0200: 53.444: [GC (Allocation Failure) [PSYoungGen: 589988K->29445K(638976K)] 609336K->48793K(2037248K), 0.0107694 secs] [Times: user=0.13 sys=0.00, real=0.01 secs] 
2020-09-29T17:37:44.823+0200: 53.505: [GC (Allocation Failure) [PSYoungGen: 606469K->46021K(636928K)] 625817K->65369K(2035200K), 0.0154740 secs] [Times: user=0.13 sys=0.00, real=0.02 secs] 
2020-09-29T17:37:44.888+0200: 53.570: [GC (Allocation Failure) [PSYoungGen: 623045K->35013K(638976K)] 642393K->54361K(2037248K), 0.0120924 secs] [Times: user=0.13 sys=0.00, real=0.01 secs] 
2020-09-29T17:37:44.949+0200: 53.632: [GC (Allocation Failure) [PSYoungGen: 612037K->37797K(636928K)] 631385K->57145K(2035200K), 0.0130628 secs] [Times: user=0.13 sys=0.00, real=0.01 secs] 
2020-09-29T17:37:45.012+0200: 53.694: [GC (Allocation Failure) [PSYoungGen: 614821K->25861K(641024K)] 634169K->45209K(2039296K), 0.0087171 secs] [Times: user=0.13 sys=0.00, real=0.01 secs] 
2020-09-29T17:37:45.071+0200: 53.754: [GC (Allocation Failure) [PSYoungGen: 608517K->47973K(630784K)] 627865K->67321K(2029056K), 0.0163799 secs] [Times: user=0.13 sys=0.00, real=0.02 secs] 
2020-09-29T17:37:45.137+0200: 53.820: [GC (Allocation Failure) [PSYoungGen: 630629K->26212K(639488K)] 649977K->45560K(2037760K), 0.0100548 secs] [Times: user=0.13 sys=0.00, real=0.01 secs] 
2020-09-29T17:37:45.197+0200: 53.880: [GC (Allocation Failure) [PSYoungGen: 605284K->58501K(637952K)] 624632K->77849K(2036224K), 0.0193583 secs] [Times: user=0.13 sys=0.00, real=0.02 secs] 
2020-09-29T17:37:45.266+0200: 53.949: [GC (Allocation Failure) [PSYoungGen: 637573K->35941K(633856K)] 656921K->55289K(2032128K), 0.0129037 secs] [Times: user=0.13 sys=0.00, real=0.01 secs] 
2020-09-29T17:37:45.329+0200: 54.011: [GC (Allocation Failure) [PSYoungGen: 608869K->48293K(621568K)] 628217K->67641K(2019840K), 0.0168200 secs] [Times: user=0.13 sys=0.00, real=0.02 secs] 
2020-09-29T17:37:45.395+0200: 54.078: [GC (Allocation Failure) [PSYoungGen: 621221K->47077K(632832K)] 640569K->66425K(2031104K), 0.0163367 secs] [Times: user=0.13 sys=0.00, real=0.02 secs] 
2020-09-29T17:37:45.460+0200: 54.143: [GC (Allocation Failure) [PSYoungGen: 614885K->40581K(633344K)] 634233K->59929K(2031616K), 0.0139429 secs] [Times: user=0.13 sys=0.00, real=0.01 secs] 
2020-09-29T17:37:45.527+0200: 54.209: [GC (Allocation Failure) [PSYoungGen: 608389K->34117K(636928K)] 627737K->53465K(2035200K), 0.0121628 secs] [Times: user=0.13 sys=0.00, real=0.01 secs] 
2020-09-29T17:37:45.591+0200: 54.274: [GC (Allocation Failure) [PSYoungGen: 607557K->33221K(635392K)] 626905K->52569K(2033664K), 0.0126509 secs] [Times: user=0.11 sys=0.00, real=0.01 secs] 
2020-09-29T17:37:45.654+0200: 54.336: [GC (Allocation Failure) [PSYoungGen: 606661K->32485K(639488K)] 626009K->51833K(2037760K), 0.0105058 secs] [Times: user=0.13 sys=0.00, real=0.01 secs] 
2020-09-29T17:37:45.714+0200: 54.396: [GC (Allocation Failure) [PSYoungGen: 611557K->35204K(638464K)] 630905K->54552K(2036736K), 0.0129516 secs] [Times: user=0.13 sys=0.00, real=0.01 secs] 
2020-09-29T17:37:45.776+0200: 54.459: [GC (Allocation Failure) [PSYoungGen: 614276K->23459K(640512K)] 633624K->42807K(2038784K), 0.0095795 secs] [Times: user=0.13 sys=0.00, real=0.01 secs] 
2020-09-29T17:37:45.836+0200: 54.519: [GC (Allocation Failure) [PSYoungGen: 606627K->32389K(641024K)] 625975K->51737K(2039296K), 0.0110170 secs] [Times: user=0.00 sys=0.00, real=0.01 secs] 
2020-09-29T17:37:45.897+0200: 54.579: [GC (Allocation Failure) [PSYoungGen: 615557K->27588K(643584K)] 634905K->46936K(2041856K), 0.0103850 secs] [Times: user=0.00 sys=0.00, real=0.01 secs] 
2020-09-29T17:37:45.957+0200: 54.640: [GC (Allocation Failure) [PSYoungGen: 614852K->38693K(642560K)] 634200K->58041K(2040832K), 0.0137138 secs] [Times: user=0.00 sys=0.00, real=0.01 secs] 
2020-09-29T17:37:46.023+0200: 54.705: [GC (Allocation Failure) [PSYoungGen: 625957K->34436K(645632K)] 645305K->53784K(2043904K), 0.0129311 secs] [Times: user=0.01 sys=0.00, real=0.01 secs] 
2020-09-29T17:37:46.086+0200: 54.769: [GC (Allocation Failure) [PSYoungGen: 625284K->36036K(644096K)] 644632K->55384K(2042368K), 0.0134304 secs] [Times: user=0.13 sys=0.00, real=0.01 secs] 
2020-09-29T17:37:46.151+0200: 54.833: [GC (Allocation Failure) [PSYoungGen: 626884K->38853K(647680K)] 646232K->58201K(2045952K), 0.0134610 secs] [Times: user=0.13 sys=0.00, real=0.01 secs] 
2020-09-29T17:37:46.217+0200: 54.900: [GC (Allocation Failure) [PSYoungGen: 634821K->31972K(647168K)] 654169K->51320K(2045440K), 0.0122775 secs] [Times: user=0.13 sys=0.00, real=0.01 secs] 
2020-09-29T17:37:46.280+0200: 54.963: [GC (Allocation Failure) [PSYoungGen: 627940K->23492K(647680K)] 647288K->42840K(2045952K), 0.0094052 secs] [Times: user=0.13 sys=0.00, real=0.01 secs] 
2020-09-29T17:37:46.341+0200: 55.024: [GC (Allocation Failure) [PSYoungGen: 620996K->33125K(648192K)] 640344K->52473K(2046464K), 0.0117783 secs] [Times: user=0.13 sys=0.00, real=0.01 secs] 
2020-09-29T17:37:46.404+0200: 55.087: [GC (Allocation Failure) [PSYoungGen: 630629K->42757K(645632K)] 649977K->62105K(2043904K), 0.0161661 secs] [Times: user=0.13 sys=0.00, real=0.02 secs] 
2020-09-29T17:37:46.474+0200: 55.157: [GC (Allocation Failure) [PSYoungGen: 639237K->37540K(647680K)] 658585K->56888K(2045952K), 0.0159044 secs] [Times: user=0.13 sys=0.00, real=0.02 secs] 
2020-09-29T17:37:46.545+0200: 55.228: [GC (Allocation Failure) [PSYoungGen: 634020K->46085K(643072K)] 653368K->65433K(2041344K), 0.0180887 secs] [Times: user=0.13 sys=0.00, real=0.02 secs] 
2020-09-29T17:37:46.618+0200: 55.301: [GC (Allocation Failure) [PSYoungGen: 638469K->36005K(645632K)] 657817K->55353K(2043904K), 0.0153606 secs] [Times: user=0.11 sys=0.00, real=0.01 secs] 
2020-09-29T17:37:46.685+0200: 55.367: [GC (Allocation Failure) [PSYoungGen: 628389K->37796K(648192K)] 647737K->57144K(2046464K), 0.0136722 secs] [Times: user=0.13 sys=0.00, real=0.01 secs] 
2020-09-29T17:37:46.749+0200: 55.432: [GC (Allocation Failure) [PSYoungGen: 634276K->32612K(647168K)] 653624K->51960K(2045440K), 0.0121202 secs] [Times: user=0.13 sys=0.00, real=0.01 secs] 
2020-09-29T17:37:46.813+0200: 55.496: [GC (Allocation Failure) [PSYoungGen: 629092K->40964K(648192K)] 648440K->60312K(2046464K), 0.0150180 secs] [Times: user=0.13 sys=0.00, real=0.02 secs] 
2020-09-29T17:37:46.879+0200: 55.562: [GC (Allocation Failure) [PSYoungGen: 639492K->24165K(623104K)] 658840K->43513K(2021376K), 0.0082269 secs] [Times: user=0.00 sys=0.00, real=0.01 secs] 
2020-09-29T17:37:46.939+0200: 55.622: [GC (Allocation Failure) [PSYoungGen: 622693K->34757K(649216K)] 642041K->54105K(2047488K), 0.0118852 secs] [Times: user=0.13 sys=0.00, real=0.01 secs] 
2020-09-29T17:37:47.002+0200: 55.685: [GC (Allocation Failure) [PSYoungGen: 632773K->31012K(647680K)] 652121K->50360K(2045952K), 0.0117675 secs] [Times: user=0.13 sys=0.00, real=0.01 secs] 
2020-09-29T17:37:47.066+0200: 55.749: [GC (Allocation Failure) [PSYoungGen: 629028K->41125K(648192K)] 648376K->60473K(2046464K), 0.0143035 secs] [Times: user=0.13 sys=0.00, real=0.01 secs] 
2020-09-29T17:37:47.132+0200: 55.814: [GC (Allocation Failure) [PSYoungGen: 640677K->49637K(649216K)] 660025K->72033K(2047488K), 0.0184179 secs] [Times: user=0.13 sys=0.00, real=0.02 secs] 
2020-09-29T17:37:47.202+0200: 55.884: [GC (Allocation Failure) [PSYoungGen: 649189K->49637K(632832K)] 671585K->73041K(2031104K), 0.0175850 secs] [Times: user=0.13 sys=0.00, real=0.02 secs] 
2020-09-29T17:37:47.270+0200: 55.952: [GC (Allocation Failure) [PSYoungGen: 632805K->18661K(602112K)] 656209K->42065K(2000384K), 0.0060504 secs] [Times: user=0.00 sys=0.00, real=0.01 secs] 
2020-09-29T17:37:47.325+0200: 56.008: [GC (Allocation Failure) [PSYoungGen: 601829K->26916K(640000K)] 625233K->50320K(2038272K), 0.0105344 secs] [Times: user=0.13 sys=0.00, real=0.01 secs] 
2020-09-29T17:37:47.386+0200: 56.068: [GC (Allocation Failure) [PSYoungGen: 607524K->19685K(639488K)] 630928K->43089K(2037760K), 0.0064372 secs] [Times: user=0.00 sys=0.00, real=0.01 secs] 
2020-09-29T17:37:47.442+0200: 56.125: [GC (Allocation Failure) [PSYoungGen: 600293K->39717K(640000K)] 623697K->63121K(2038272K), 0.0162456 secs] [Times: user=0.13 sys=0.00, real=0.02 secs] 
2020-09-29T17:37:47.508+0200: 56.191: [GC (Allocation Failure) [PSYoungGen: 620325K->32421K(639488K)] 643729K->55825K(2037760K), 0.0138745 secs] [Times: user=0.13 sys=0.00, real=0.01 secs] 
2020-09-29T17:37:47.574+0200: 56.256: [GC (Allocation Failure) [PSYoungGen: 613029K->23299K(642560K)] 636433K->46703K(2040832K), 0.0128089 secs] [Times: user=0.11 sys=0.00, real=0.01 secs] 
2020-09-29T17:37:47.638+0200: 56.320: [GC (Allocation Failure) [PSYoungGen: 609027K->48485K(634368K)] 632431K->71889K(2032640K), 0.0218250 secs] [Times: user=0.11 sys=0.00, real=0.02 secs] 
2020-09-29T17:37:47.710+0200: 56.392: [GC (Allocation Failure) [PSYoungGen: 634213K->46277K(635904K)] 657617K->69681K(2034176K), 0.0202102 secs] [Times: user=0.13 sys=0.00, real=0.02 secs] 
2020-09-29T17:37:47.782+0200: 56.465: [GC (Allocation Failure) [PSYoungGen: 622277K->34373K(637440K)] 645681K->57777K(2035712K), 0.0149274 secs] [Times: user=0.13 sys=0.00, real=0.01 secs] 
2020-09-29T17:37:47.847+0200: 56.529: [GC (Allocation Failure) [PSYoungGen: 610373K->20835K(639488K)] 633777K->44239K(2037760K), 0.0114995 secs] [Times: user=0.13 sys=0.00, real=0.01 secs] 
2020-09-29T17:37:47.908+0200: 56.590: [GC (Allocation Failure) [PSYoungGen: 600931K->26468K(639488K)] 624335K->49872K(2037760K), 0.0127042 secs] [Times: user=0.13 sys=0.00, real=0.01 secs] 
2020-09-29T17:37:47.970+0200: 56.652: [GC (Allocation Failure) [PSYoungGen: 606564K->46021K(636416K)] 629968K->69425K(2034688K), 0.0205086 secs] [Times: user=0.25 sys=0.00, real=0.02 secs] 
2020-09-29T17:37:48.041+0200: 56.724: [GC (Allocation Failure) [PSYoungGen: 624069K->36197K(638464K)] 647473K->59601K(2036736K), 0.0164030 secs] [Times: user=0.13 sys=0.00, real=0.02 secs] 
2020-09-29T17:37:48.108+0200: 56.790: [GC (Allocation Failure) [PSYoungGen: 614245K->40101K(641024K)] 637649K->63505K(2039296K), 0.0178289 secs] [Times: user=0.13 sys=0.00, real=0.02 secs] 
2020-09-29T17:37:48.175+0200: 56.858: [GC (Allocation Failure) [PSYoungGen: 622757K->34340K(640512K)] 646161K->57744K(2038784K), 0.0161371 secs] [Times: user=0.06 sys=0.00, real=0.02 secs] 
2020-09-29T17:37:48.244+0200: 56.927: [GC (Allocation Failure) [PSYoungGen: 616996K->42821K(641024K)] 640400K->66225K(2039296K), 0.0190631 secs] [Times: user=0.13 sys=0.00, real=0.02 secs] 
2020-09-29T17:37:48.313+0200: 56.995: [GC (Allocation Failure) [PSYoungGen: 628037K->24069K(642048K)] 651441K->47473K(2040320K), 0.0104350 secs] [Times: user=0.13 sys=0.00, real=0.01 secs] 
2020-09-29T17:37:48.373+0200: 57.056: [GC (Allocation Failure) [PSYoungGen: 609285K->35109K(644096K)] 632689K->58513K(2042368K), 0.0154715 secs] [Times: user=0.13 sys=0.00, real=0.02 secs] 
2020-09-29T17:37:48.443+0200: 57.126: [GC (Allocation Failure) [PSYoungGen: 622373K->20804K(642048K)] 645777K->44208K(2040320K), 0.0098598 secs] [Times: user=0.00 sys=0.00, real=0.01 secs] 
2020-09-29T17:37:48.507+0200: 57.189: [GC (Allocation Failure) [PSYoungGen: 608068K->31236K(645632K)] 631472K->54640K(2043904K), 0.0139395 secs] [Times: user=0.13 sys=0.00, real=0.01 secs] 
2020-09-29T17:37:48.572+0200: 57.255: [GC (Allocation Failure) [PSYoungGen: 621572K->47333K(637952K)] 644976K->70737K(2036224K), 0.0227843 secs] [Times: user=0.11 sys=0.00, real=0.02 secs] 
2020-09-29T17:37:48.647+0200: 57.330: [GC (Allocation Failure) [PSYoungGen: 637669K->34596K(644608K)] 661073K->58000K(2042880K), 0.0163121 secs] [Times: user=0.13 sys=0.00, real=0.02 secs] 
2020-09-29T17:37:48.713+0200: 57.396: [GC (Allocation Failure) [PSYoungGen: 622372K->34405K(642048K)] 645776K->57809K(2040320K), 0.0157694 secs] [Times: user=0.13 sys=0.00, real=0.02 secs] 
2020-09-29T17:37:48.780+0200: 57.462: [GC (Allocation Failure) [PSYoungGen: 622181K->34277K(648192K)] 645585K->57681K(2046464K), 0.0150673 secs] [Times: user=0.13 sys=0.00, real=0.02 secs] 
2020-09-29T17:37:48.846+0200: 57.528: [GC (Allocation Failure) [PSYoungGen: 629733K->50661K(646144K)] 653137K->78809K(2044416K), 0.0245085 secs] [Times: user=0.25 sys=0.00, real=0.03 secs] 
2020-09-29T17:37:48.924+0200: 57.606: [GC (Allocation Failure) [PSYoungGen: 646117K->35685K(641024K)] 674265K->63833K(2039296K), 0.0160473 secs] [Times: user=0.13 sys=0.00, real=0.02 secs] 
2020-09-29T17:37:48.991+0200: 57.673: [GC (Allocation Failure) [PSYoungGen: 623973K->21316K(609792K)] 652121K->49464K(2008064K), 0.0105835 secs] [Times: user=0.00 sys=0.00, real=0.01 secs] 
2020-09-29T17:37:49.054+0200: 57.736: [GC (Allocation Failure) [PSYoungGen: 609604K->34372K(645120K)] 637752K->62520K(2043392K), 0.0164201 secs] [Times: user=0.13 sys=0.00, real=0.02 secs] 
2020-09-29T17:37:49.121+0200: 57.803: [GC (Allocation Failure) [PSYoungGen: 623684K->33860K(643072K)] 651832K->62008K(2041344K), 0.0165105 secs] [Times: user=0.13 sys=0.00, real=0.02 secs] 
2020-09-29T17:37:49.188+0200: 57.870: [GC (Allocation Failure) [PSYoungGen: 623172K->35237K(648192K)] 651320K->63385K(2046464K), 0.0159695 secs] [Times: user=0.13 sys=0.00, real=0.02 secs] 
2020-09-29T17:37:49.255+0200: 57.937: [GC (Allocation Failure) [PSYoungGen: 631205K->27459K(646656K)] 659353K->55607K(2044928K), 0.0143040 secs] [Times: user=0.00 sys=0.00, real=0.01 secs] 
2020-09-29T17:37:49.321+0200: 58.003: [GC (Allocation Failure) [PSYoungGen: 623427K->33732K(650240K)] 651575K->61880K(2048512K), 0.0157691 secs] [Times: user=0.13 sys=0.00, real=0.02 secs] 
2020-09-29T17:37:49.389+0200: 58.071: [GC (Allocation Failure) [PSYoungGen: 633796K->45861K(646144K)] 661944K->74009K(2044416K), 0.0201767 secs] [Times: user=0.13 sys=0.00, real=0.02 secs] 
2020-09-29T17:37:49.461+0200: 58.143: [GC (Allocation Failure) [PSYoungGen: 645925K->30661K(648192K)] 674073K->58809K(2046464K), 0.0136819 secs] [Times: user=0.13 sys=0.00, real=0.01 secs] 
2020-09-29T17:37:49.525+0200: 58.207: [GC (Allocation Failure) [PSYoungGen: 627141K->25444K(647168K)] 655289K->53592K(2045440K), 0.0126063 secs] [Times: user=0.13 sys=0.00, real=0.01 secs] 
2020-09-29T17:37:49.590+0200: 58.272: [GC (Allocation Failure) [PSYoungGen: 621924K->17603K(645120K)] 650072K->45751K(2043392K), 0.0094062 secs] [Times: user=0.11 sys=0.00, real=0.01 secs] 
2020-09-29T17:37:49.663+0200: 58.345: [GC (Allocation Failure) [PSYoungGen: 612035K->51397K(646144K)] 640183K->79545K(2044416K), 0.0216937 secs] [Times: user=0.13 sys=0.00, real=0.02 secs] 
2020-09-29T17:37:49.736+0200: 58.418: [GC (Allocation Failure) [PSYoungGen: 645829K->14019K(634880K)] 673977K->42167K(2033152K), 0.0073868 secs] [Times: user=0.13 sys=0.00, real=0.01 secs] 
2020-09-29T17:37:49.794+0200: 58.476: [GC (Allocation Failure) [PSYoungGen: 596163K->35653K(640512K)] 624311K->63801K(2038784K), 0.0157880 secs] [Times: user=0.13 sys=0.00, real=0.02 secs] 
2020-09-29T17:37:49.860+0200: 58.542: [GC (Allocation Failure) [PSYoungGen: 617797K->29860K(644096K)] 645945K->58008K(2042368K), 0.0134860 secs] [Times: user=0.13 sys=0.00, real=0.01 secs] 
2020-09-29T17:37:49.923+0200: 58.605: [GC (Allocation Failure) [PSYoungGen: 617124K->29061K(642048K)] 645272K->57209K(2040320K), 0.0128462 secs] [Times: user=0.13 sys=0.00, real=0.01 secs] 
2020-09-29T17:37:49.987+0200: 58.669: [GC (Allocation Failure) [PSYoungGen: 616325K->42021K(642560K)] 644473K->70169K(2040832K), 0.0180899 secs] [Times: user=0.13 sys=0.00, real=0.02 secs] 
2020-09-29T17:37:50.055+0200: 58.737: [GC (Allocation Failure) [PSYoungGen: 631333K->43461K(632832K)] 659481K->71609K(2031104K), 0.0188476 secs] [Times: user=0.13 sys=0.00, real=0.02 secs] 
2020-09-29T17:37:50.125+0200: 58.807: [GC (Allocation Failure) [PSYoungGen: 632773K->31173K(644096K)] 660921K->59321K(2042368K), 0.0145776 secs] [Times: user=0.13 sys=0.00, real=0.02 secs] 
2020-09-29T17:37:50.197+0200: 58.879: [GC (Allocation Failure) [PSYoungGen: 618437K->27396K(642048K)] 646585K->55544K(2040320K), 0.0123956 secs] [Times: user=0.13 sys=0.00, real=0.01 secs] 
2020-09-29T17:37:50.259+0200: 58.942: [GC (Allocation Failure) [PSYoungGen: 614660K->39844K(644096K)] 642808K->67992K(2042368K), 0.0187688 secs] [Times: user=0.13 sys=0.00, real=0.02 secs] 
2020-09-29T17:37:50.328+0200: 59.011: [GC (Allocation Failure) [PSYoungGen: 630180K->28613K(644608K)] 658328K->56761K(2042880K), 0.0125393 secs] [Times: user=0.13 sys=0.00, real=0.01 secs] 
2020-09-29T17:37:50.394+0200: 59.077: [GC (Allocation Failure) [PSYoungGen: 618949K->44741K(641536K)] 647097K->72889K(2039808K), 0.0196191 secs] [Times: user=0.25 sys=0.00, real=0.02 secs] 
2020-09-29T17:37:50.464+0200: 59.146: [GC (Allocation Failure) [PSYoungGen: 633029K->42148K(630784K)] 661177K->70296K(2029056K), 0.0194889 secs] [Times: user=0.13 sys=0.00, real=0.02 secs] 
2020-09-29T17:37:50.533+0200: 59.216: [GC (Allocation Failure) [PSYoungGen: 630436K->42565K(641536K)] 658584K->70713K(2039808K), 0.0175795 secs] [Times: user=0.25 sys=0.00, real=0.02 secs] 
2020-09-29T17:37:50.606+0200: 59.288: [GC (Allocation Failure) [PSYoungGen: 627781K->37924K(642048K)] 655929K->66072K(2040320K), 0.0178080 secs] [Times: user=0.13 sys=0.00, real=0.02 secs] 
2020-09-29T17:37:50.676+0200: 59.359: [GC (Allocation Failure) [PSYoungGen: 623140K->21219K(642048K)] 651288K->49367K(2040320K), 0.0116496 secs] [Times: user=0.00 sys=0.00, real=0.01 secs] 
2020-09-29T17:37:50.738+0200: 59.421: [GC (Allocation Failure) [PSYoungGen: 607459K->31300K(642560K)] 635607K->59448K(2040832K), 0.0144561 secs] [Times: user=0.13 sys=0.00, real=0.02 secs] 
2020-09-29T17:37:50.806+0200: 59.488: [GC (Allocation Failure) [PSYoungGen: 617540K->25412K(644608K)] 645688K->53560K(2042880K), 0.0119235 secs] [Times: user=0.13 sys=0.00, real=0.01 secs] 
2020-09-29T17:37:50.868+0200: 59.550: [GC (Allocation Failure) [PSYoungGen: 615236K->40965K(644096K)] 643384K->69113K(2042368K), 0.0181203 secs] [Times: user=0.13 sys=0.00, real=0.02 secs] 
2020-09-29T17:37:50.936+0200: 59.618: [GC (Allocation Failure) [PSYoungGen: 630789K->54757K(631808K)] 658937K->84665K(2030080K), 0.0243129 secs] [Times: user=0.25 sys=0.00, real=0.02 secs] 
2020-09-29T17:37:51.010+0200: 59.692: [GC (Allocation Failure) [PSYoungGen: 631781K->45701K(623104K)] 661689K->75609K(2021376K), 0.0207897 secs] [Times: user=0.13 sys=0.00, real=0.02 secs] 
2020-09-29T17:37:51.081+0200: 59.764: [GC (Allocation Failure) [PSYoungGen: 622725K->21157K(635904K)] 652633K->51065K(2034176K), 0.0086748 secs] [Times: user=0.11 sys=0.00, real=0.01 secs] 
2020-09-29T17:37:51.139+0200: 59.822: [GC (Allocation Failure) [PSYoungGen: 595109K->48261K(622592K)] 625017K->78169K(2020864K), 0.0204224 secs] [Times: user=0.13 sys=0.00, real=0.02 secs] 
2020-09-29T17:37:51.213+0200: 59.895: [GC (Allocation Failure) [PSYoungGen: 622213K->31652K(636416K)] 652121K->61560K(2034688K), 0.0163623 secs] [Times: user=0.11 sys=0.00, real=0.02 secs] 
2020-09-29T17:37:51.281+0200: 59.963: [GC (Allocation Failure) [PSYoungGen: 603556K->27908K(634368K)] 633464K->57816K(2032640K), 0.0131301 secs] [Times: user=0.13 sys=0.00, real=0.01 secs] 
2020-09-29T17:37:51.344+0200: 60.027: [GC (Allocation Failure) [PSYoungGen: 599812K->38404K(638976K)] 629720K->68312K(2037248K), 0.0180413 secs] [Times: user=0.13 sys=0.00, real=0.02 secs] 
2020-09-29T17:37:51.412+0200: 60.094: [GC (Allocation Failure) [PSYoungGen: 615940K->27236K(637440K)] 645848K->57144K(2035712K), 0.0135324 secs] [Times: user=0.00 sys=0.00, real=0.01 secs] 
2020-09-29T17:37:51.480+0200: 60.163: [GC (Allocation Failure) [PSYoungGen: 604772K->44197K(637952K)] 634680K->74105K(2036224K), 0.0193989 secs] [Times: user=0.13 sys=0.00, real=0.02 secs] 
2020-09-29T17:37:51.549+0200: 60.232: [GC (Allocation Failure) [PSYoungGen: 623269K->35172K(638976K)] 653177K->65080K(2037248K), 0.0166849 secs] [Times: user=0.13 sys=0.00, real=0.02 secs] 
2020-09-29T17:37:51.618+0200: 60.300: [GC (Allocation Failure) [PSYoungGen: 614244K->53701K(631808K)] 644152K->83609K(2030080K), 0.0254640 secs] [Times: user=0.11 sys=0.00, real=0.02 secs] 
2020-09-29T17:37:51.693+0200: 60.376: [GC (Allocation Failure) [PSYoungGen: 627653K->23811K(636416K)] 657561K->53719K(2034688K), 0.0123204 secs] [Times: user=0.00 sys=0.00, real=0.01 secs] 
2020-09-29T17:37:51.756+0200: 60.438: [GC (Allocation Failure) [PSYoungGen: 597763K->35908K(639488K)] 627671K->65816K(2037760K), 0.0174870 secs] [Times: user=0.13 sys=0.00, real=0.02 secs] 
2020-09-29T17:37:51.823+0200: 60.505: [GC (Allocation Failure) [PSYoungGen: 613444K->39205K(636928K)] 643352K->69113K(2035200K), 0.0178153 secs] [Times: user=0.13 sys=0.00, real=0.02 secs] 
2020-09-29T17:37:51.890+0200: 60.573: [GC (Allocation Failure) [PSYoungGen: 616741K->27555K(641024K)] 646649K->57463K(2039296K), 0.0143327 secs] [Times: user=0.13 sys=0.00, real=0.01 secs] 
2020-09-29T17:37:51.954+0200: 60.637: [GC (Allocation Failure) [PSYoungGen: 610211K->21316K(640512K)] 640119K->51224K(2038784K), 0.0110894 secs] [Times: user=0.13 sys=0.00, real=0.01 secs] 
2020-09-29T17:37:52.021+0200: 60.703: [GC (Allocation Failure) [PSYoungGen: 603972K->57093K(628736K)] 633880K->87001K(2027008K), 0.0237419 secs] [Times: user=0.13 sys=0.00, real=0.02 secs] 
2020-09-29T17:37:52.093+0200: 60.776: [GC (Allocation Failure) [PSYoungGen: 627973K->52964K(624128K)] 657881K->82872K(2022400K), 0.0239916 secs] [Times: user=0.25 sys=0.00, real=0.02 secs] 
2020-09-29T17:37:52.166+0200: 60.848: [GC (Allocation Failure) [PSYoungGen: 623844K->35877K(633856K)] 653752K->65785K(2032128K), 0.0156855 secs] [Times: user=0.13 sys=0.00, real=0.02 secs] 
2020-09-29T17:37:52.230+0200: 60.912: [GC (Allocation Failure) [PSYoungGen: 602149K->39364K(631296K)] 632057K->69272K(2029568K), 0.0183903 secs] [Times: user=0.13 sys=0.00, real=0.02 secs] 
2020-09-29T17:37:52.298+0200: 60.980: [GC (Allocation Failure) [PSYoungGen: 605636K->30820K(637440K)] 635544K->60728K(2035712K), 0.0144088 secs] [Times: user=0.13 sys=0.00, real=0.01 secs] 
2020-09-29T17:37:52.361+0200: 61.044: [GC (Allocation Failure) [PSYoungGen: 605284K->44773K(635904K)] 635192K->74681K(2034176K), 0.0198516 secs] [Times: user=0.25 sys=0.00, real=0.02 secs] 
2020-09-29T17:37:52.430+0200: 61.113: [GC (Allocation Failure) [PSYoungGen: 619237K->31301K(637952K)] 649145K->61209K(2036224K), 0.0139231 secs] [Times: user=0.13 sys=0.00, real=0.01 secs] 
2020-09-29T17:37:52.495+0200: 61.178: [GC (Allocation Failure) [PSYoungGen: 607301K->30725K(636928K)] 637209K->60633K(2035200K), 0.0152477 secs] [Times: user=0.13 sys=0.00, real=0.02 secs] 
2020-09-29T17:37:52.560+0200: 61.242: [GC (Allocation Failure) [PSYoungGen: 606725K->46149K(636416K)] 636633K->76057K(2034688K), 0.0215091 secs] [Times: user=0.13 sys=0.00, real=0.02 secs] 
2020-09-29T17:37:52.633+0200: 61.316: [GC (Allocation Failure) [PSYoungGen: 623173K->34148K(637952K)] 653081K->64056K(2036224K), 0.0191194 secs] [Times: user=0.11 sys=0.00, real=0.02 secs] 
2020-09-29T17:37:52.702+0200: 61.385: [GC (Allocation Failure) [PSYoungGen: 611172K->36933K(642048K)] 641080K->66841K(2040320K), 0.0182426 secs] [Times: user=0.13 sys=0.00, real=0.02 secs] 
2020-09-29T17:37:52.776+0200: 61.459: [GC (Allocation Failure) [PSYoungGen: 620101K->32165K(640000K)] 650009K->62073K(2038272K), 0.0164311 secs] [Times: user=0.13 sys=0.00, real=0.02 secs] 
2020-09-29T17:37:52.842+0200: 61.525: [GC (Allocation Failure) [PSYoungGen: 615333K->54789K(632832K)] 645241K->84697K(2031104K), 0.0250381 secs] [Times: user=0.25 sys=0.00, real=0.03 secs] 
2020-09-29T17:37:52.917+0200: 61.600: [GC (Allocation Failure) [PSYoungGen: 631813K->43877K(637952K)] 661721K->73785K(2036224K), 0.0216409 secs] [Times: user=0.13 sys=0.00, real=0.02 secs] 
2020-09-29T17:37:52.991+0200: 61.674: [GC (Allocation Failure) [PSYoungGen: 620901K->32772K(639488K)] 650809K->62680K(2037760K), 0.0168407 secs] [Times: user=0.13 sys=0.00, real=0.02 secs] 
2020-09-29T17:37:53.061+0200: 61.744: [GC (Allocation Failure) [PSYoungGen: 611844K->36229K(638464K)] 641752K->66137K(2036736K), 0.0178067 secs] [Times: user=0.13 sys=0.00, real=0.02 secs] 
2020-09-29T17:37:53.130+0200: 61.813: [GC (Allocation Failure) [PSYoungGen: 615301K->39396K(642560K)] 645209K->69304K(2040832K), 0.0190762 secs] [Times: user=0.13 sys=0.00, real=0.02 secs] 
2020-09-29T17:37:53.201+0200: 61.883: [GC (Allocation Failure) [PSYoungGen: 624100K->36229K(641024K)] 654008K->66137K(2039296K), 0.0178059 secs] [Times: user=0.13 sys=0.00, real=0.02 secs] 
2020-09-29T17:37:53.269+0200: 61.951: [GC (Allocation Failure) [PSYoungGen: 620933K->32805K(644608K)] 650841K->62713K(2042880K), 0.0166140 secs] [Times: user=0.13 sys=0.00, real=0.02 secs] 
2020-09-29T17:37:53.336+0200: 62.018: [GC (Allocation Failure) [PSYoungGen: 622629K->34628K(644096K)] 652537K->64536K(2042368K), 0.0178899 secs] [Times: user=0.13 sys=0.00, real=0.02 secs] 
2020-09-29T17:37:53.404+0200: 62.087: [GC (Allocation Failure) [PSYoungGen: 624452K->36517K(647168K)] 654360K->66425K(2045440K), 0.0177869 secs] [Times: user=0.13 sys=0.00, real=0.02 secs] 
2020-09-29T17:37:53.472+0200: 62.155: [GC (Allocation Failure) [PSYoungGen: 630437K->42501K(645632K)] 660345K->72409K(2043904K), 0.0205126 secs] [Times: user=0.25 sys=0.00, real=0.02 secs] 
2020-09-29T17:37:53.544+0200: 62.226: [GC (Allocation Failure) [PSYoungGen: 636421K->19331K(643584K)] 666329K->49239K(2041856K), 0.0117990 secs] [Times: user=0.13 sys=0.00, real=0.01 secs] 
2020-09-29T17:37:53.609+0200: 62.292: [GC (Allocation Failure) [PSYoungGen: 610691K->35012K(645120K)] 640599K->64920K(2043392K), 0.0191053 secs] [Times: user=0.11 sys=0.02, real=0.02 secs] 
2020-09-29T17:37:53.680+0200: 62.363: [GC (Allocation Failure) [PSYoungGen: 626372K->38501K(647168K)] 656280K->68409K(2045440K), 0.0172328 secs] [Times: user=0.13 sys=0.00, real=0.02 secs] 
2020-09-29T17:37:53.748+0200: 62.431: [GC (Allocation Failure) [PSYoungGen: 633445K->17092K(612352K)] 663353K->47000K(2010624K), 0.0093274 secs] [Times: user=0.13 sys=0.00, real=0.01 secs] 
2020-09-29T17:37:53.809+0200: 62.492: [GC (Allocation Failure) [PSYoungGen: 612036K->24101K(645632K)] 641944K->54009K(2043904K), 0.0111604 secs] [Times: user=0.13 sys=0.00, real=0.01 secs] 
2020-09-29T17:37:53.876+0200: 62.559: [GC (Allocation Failure) [PSYoungGen: 616485K->53221K(645632K)] 646393K->85761K(2043904K), 0.0260489 secs] [Times: user=0.25 sys=0.00, real=0.03 secs] 
2020-09-29T17:37:53.953+0200: 62.636: [GC (Allocation Failure) [PSYoungGen: 645605K->18147K(632320K)] 678145K->50687K(2030592K), 0.0101612 secs] [Times: user=0.11 sys=0.00, real=0.01 secs] 
2020-09-29T17:37:54.013+0200: 62.696: [GC (Allocation Failure) [PSYoungGen: 597219K->36100K(638976K)] 629759K->68640K(2037248K), 0.0192112 secs] [Times: user=0.13 sys=0.00, real=0.02 secs] 
2020-09-29T17:37:54.083+0200: 62.766: [GC (Allocation Failure) [PSYoungGen: 615172K->54597K(630272K)] 647712K->87137K(2028544K), 0.0248130 secs] [Times: user=0.13 sys=0.00, real=0.03 secs] 
2020-09-29T17:37:54.157+0200: 62.839: [GC (Allocation Failure) [PSYoungGen: 626501K->38597K(635392K)] 659041K->71137K(2033664K), 0.0174563 secs] [Times: user=0.13 sys=0.00, real=0.02 secs] 
2020-09-29T17:37:54.223+0200: 62.905: [GC (Allocation Failure) [PSYoungGen: 610501K->22053K(636928K)] 643041K->54593K(2035200K), 0.0110381 secs] [Times: user=0.00 sys=0.00, real=0.01 secs] 
2020-09-29T17:37:54.288+0200: 62.971: [GC (Allocation Failure) [PSYoungGen: 597029K->35971K(636928K)] 629569K->68511K(2035200K), 0.0191359 secs] [Times: user=0.13 sys=0.00, real=0.02 secs] 
2020-09-29T17:37:54.357+0200: 63.040: [GC (Allocation Failure) [PSYoungGen: 610947K->36548K(641024K)] 643487K->69088K(2039296K), 0.0188817 secs] [Times: user=0.13 sys=0.00, real=0.02 secs] 
2020-09-29T17:37:54.425+0200: 63.108: [GC (Allocation Failure) [PSYoungGen: 618180K->26307K(639488K)] 650720K->58847K(2037760K), 0.0153410 secs] [Times: user=0.00 sys=0.02, real=0.02 secs] 
2020-09-29T17:37:54.490+0200: 63.173: [GC (Allocation Failure) [PSYoungGen: 607939K->47429K(636928K)] 640479K->79969K(2035200K), 0.0228656 secs] [Times: user=0.13 sys=0.00, real=0.02 secs] 
2020-09-29T17:37:54.562+0200: 63.245: [GC (Allocation Failure) [PSYoungGen: 627525K->38980K(639488K)] 660065K->71520K(2037760K), 0.0197679 secs] [Times: user=0.25 sys=0.00, real=0.02 secs] 
2020-09-29T17:37:54.634+0200: 63.316: [GC (Allocation Failure) [PSYoungGen: 619076K->31173K(642048K)] 651616K->63713K(2040320K), 0.0159932 secs] [Times: user=0.11 sys=0.00, real=0.02 secs] 
2020-09-29T17:37:54.700+0200: 63.383: [GC (Allocation Failure) [PSYoungGen: 614853K->40613K(640512K)] 647393K->73153K(2038784K), 0.0194978 secs] [Times: user=0.13 sys=0.00, real=0.02 secs] 
2020-09-29T17:37:54.770+0200: 63.453: [GC (Allocation Failure) [PSYoungGen: 624293K->50053K(635904K)] 656833K->82593K(2034176K), 0.0225789 secs] [Times: user=0.13 sys=0.00, real=0.02 secs] 
2020-09-29T17:37:54.844+0200: 63.527: [GC (Allocation Failure) [PSYoungGen: 629125K->41221K(638976K)] 661665K->73761K(2037248K), 0.0192243 secs] [Times: user=0.13 sys=0.00, real=0.02 secs] 
2020-09-29T17:37:54.912+0200: 63.595: [GC (Allocation Failure) [PSYoungGen: 620293K->31940K(641024K)] 652833K->64480K(2039296K), 0.0164511 secs] [Times: user=0.13 sys=0.00, real=0.02 secs] 
2020-09-29T17:37:54.978+0200: 63.661: [GC (Allocation Failure) [PSYoungGen: 613572K->24324K(639488K)] 646112K->56864K(2037760K), 0.0134055 secs] [Times: user=0.13 sys=0.00, real=0.01 secs] 
2020-09-29T17:37:55.042+0200: 63.724: [GC (Allocation Failure) [PSYoungGen: 605956K->31524K(642048K)] 638496K->64064K(2040320K), 0.0154702 secs] [Times: user=0.13 sys=0.00, real=0.01 secs] 
2020-09-29T17:37:55.107+0200: 63.790: [GC (Allocation Failure) [PSYoungGen: 615204K->40612K(640512K)] 647744K->73152K(2038784K), 0.0202346 secs] [Times: user=0.13 sys=0.00, real=0.02 secs] 
2020-09-29T17:37:55.178+0200: 63.860: [GC (Allocation Failure) [PSYoungGen: 624292K->36389K(644096K)] 656832K->68929K(2042368K), 0.0174914 secs] [Times: user=0.13 sys=0.00, real=0.02 secs] 
2020-09-29T17:37:55.245+0200: 63.927: [GC (Allocation Failure) [PSYoungGen: 624165K->16803K(642560K)] 656705K->49343K(2040832K), 0.0104905 secs] [Times: user=0.13 sys=0.00, real=0.01 secs] 
2020-09-29T17:37:55.305+0200: 63.988: [GC (Allocation Failure) [PSYoungGen: 604579K->30341K(644608K)] 637119K->62881K(2042880K), 0.0136070 secs] [Times: user=0.13 sys=0.00, real=0.01 secs] 
2020-09-29T17:37:55.376+0200: 64.059: [GC (Allocation Failure) [PSYoungGen: 619141K->44997K(633856K)] 651681K->77537K(2032128K), 0.0213896 secs] [Times: user=0.25 sys=0.00, real=0.02 secs] 
2020-09-29T17:37:55.447+0200: 64.130: [GC (Allocation Failure) [PSYoungGen: 633797K->31333K(643584K)] 666337K->63873K(2041856K), 0.0149460 secs] [Times: user=0.13 sys=0.00, real=0.01 secs] 
2020-09-29T17:37:55.512+0200: 64.195: [GC (Allocation Failure) [PSYoungGen: 618085K->30213K(642048K)] 650625K->62753K(2040320K), 0.0135219 secs] [Times: user=0.13 sys=0.00, real=0.01 secs] 
2020-09-29T17:37:55.582+0200: 64.265: [GC (Allocation Failure) [PSYoungGen: 616965K->28228K(646144K)] 649505K->60768K(2044416K), 0.0146900 secs] [Times: user=0.00 sys=0.00, real=0.01 secs] 
2020-09-29T17:37:55.648+0200: 64.331: [GC (Allocation Failure) [PSYoungGen: 620612K->16164K(645120K)] 653152K->48704K(2043392K), 0.0084199 secs] [Times: user=0.00 sys=0.00, real=0.01 secs] 
2020-09-29T17:37:55.716+0200: 64.398: [GC (Allocation Failure) [PSYoungGen: 608548K->34309K(646144K)] 641088K->66849K(2044416K), 0.0170680 secs] [Times: user=0.13 sys=0.00, real=0.02 secs] 
2020-09-29T17:37:55.783+0200: 64.466: [GC (Allocation Failure) [PSYoungGen: 626693K->38789K(645120K)] 659233K->71329K(2043392K), 0.0182954 secs] [Times: user=0.25 sys=0.00, real=0.02 secs] 
2020-09-29T17:37:55.858+0200: 64.540: [GC (Allocation Failure) [PSYoungGen: 631173K->42949K(642560K)] 663713K->75489K(2040832K), 0.0209473 secs] [Times: user=0.13 sys=0.00, real=0.02 secs] 
2020-09-29T17:37:55.930+0200: 64.612: [GC (Allocation Failure) [PSYoungGen: 632261K->44389K(633856K)] 664801K->76929K(2032128K), 0.0209415 secs] [Times: user=0.13 sys=0.00, real=0.02 secs] 
2020-09-29T17:37:56.001+0200: 64.683: [GC (Allocation Failure) [PSYoungGen: 633701K->32069K(644096K)] 666241K->64609K(2042368K), 0.0160821 secs] [Times: user=0.13 sys=0.00, real=0.02 secs] 
2020-09-29T17:37:56.068+0200: 64.750: [GC (Allocation Failure) [PSYoungGen: 619333K->29924K(642048K)] 651873K->62464K(2040320K), 0.0144712 secs] [Times: user=0.02 sys=0.02, real=0.01 secs] 
2020-09-29T17:37:56.135+0200: 64.817: [GC (Allocation Failure) [PSYoungGen: 617188K->27395K(646144K)] 649728K->59935K(2044416K), 0.0157343 secs] [Times: user=0.13 sys=0.00, real=0.02 secs] 
2020-09-29T17:37:56.212+0200: 64.895: [GC (Allocation Failure) [PSYoungGen: 619779K->45541K(637952K)] 652319K->78081K(2036224K), 0.0220603 secs] [Times: user=0.13 sys=0.00, real=0.02 secs] 
2020-09-29T17:37:56.292+0200: 64.974: [GC (Allocation Failure) [PSYoungGen: 637925K->33636K(645120K)] 670465K->66176K(2043392K), 0.0177027 secs] [Times: user=0.13 sys=0.00, real=0.02 secs] 
2020-09-29T17:37:56.361+0200: 65.044: [GC (Allocation Failure) [PSYoungGen: 623460K->32708K(643584K)] 656000K->65248K(2041856K), 0.0166851 secs] [Times: user=0.13 sys=0.00, real=0.02 secs] 
2020-09-29T17:37:56.430+0200: 65.112: [GC (Allocation Failure) [PSYoungGen: 622532K->34276K(648704K)] 655072K->66816K(2046976K), 0.0170091 secs] [Times: user=0.13 sys=0.00, real=0.02 secs] 
2020-09-29T17:37:56.497+0200: 65.179: [GC (Allocation Failure) [PSYoungGen: 630756K->29221K(646656K)] 663296K->61761K(2044928K), 0.0139488 secs] [Times: user=0.13 sys=0.00, real=0.01 secs] 
2020-09-29T17:37:56.565+0200: 65.247: [GC (Allocation Failure) [PSYoungGen: 625701K->37540K(649216K)] 658241K->70080K(2047488K), 0.0188704 secs] [Times: user=0.25 sys=0.00, real=0.02 secs] 
2020-09-29T17:37:56.638+0200: 65.320: [GC (Allocation Failure) [PSYoungGen: 637092K->21797K(621568K)] 669632K->54337K(2019840K), 0.0105553 secs] [Times: user=0.11 sys=0.00, real=0.01 secs] 
2020-09-29T17:37:56.700+0200: 65.383: [GC (Allocation Failure) [PSYoungGen: 621349K->30532K(650240K)] 653889K->63072K(2048512K), 0.0154443 secs] [Times: user=0.13 sys=0.00, real=0.01 secs] 
2020-09-29T17:37:56.770+0200: 65.453: [GC (Allocation Failure) [PSYoungGen: 630596K->42661K(643072K)] 663136K->75201K(2041344K), 0.0198799 secs] [Times: user=0.13 sys=0.00, real=0.02 secs] 
2020-09-29T17:37:56.844+0200: 65.527: [GC (Allocation Failure) [PSYoungGen: 642725K->25284K(648192K)] 675265K->57824K(2046464K), 0.0137493 secs] [Times: user=0.13 sys=0.00, real=0.01 secs] 
2020-09-29T17:37:56.910+0200: 65.592: [GC (Allocation Failure) [PSYoungGen: 622788K->34885K(648192K)] 655328K->67425K(2046464K), 0.0178248 secs] [Times: user=0.24 sys=0.00, real=0.02 secs] 
2020-09-29T17:37:56.978+0200: 65.661: [GC (Allocation Failure) [PSYoungGen: 632389K->29860K(650240K)] 664929K->62400K(2048512K), 0.0149310 secs] [Times: user=0.13 sys=0.00, real=0.02 secs] 
2020-09-29T17:37:57.045+0200: 65.727: [GC (Allocation Failure) [PSYoungGen: 630436K->42565K(643584K)] 662976K->75105K(2041856K), 0.0197183 secs] [Times: user=0.13 sys=0.00, real=0.03 secs] 
2020-09-29T17:37:57.133+0200: 65.815: [GC (Allocation Failure) [PSYoungGen: 643141K->27877K(648704K)] 675681K->60417K(2046976K), 0.0130810 secs] [Times: user=0.13 sys=0.00, real=0.01 secs] 
2020-09-29T17:37:57.201+0200: 65.883: [GC (Allocation Failure) [PSYoungGen: 625893K->24260K(648192K)] 658433K->56800K(2046464K), 0.0124840 secs] [Times: user=0.13 sys=0.00, real=0.01 secs] 
2020-09-29T17:37:57.268+0200: 65.950: [GC (Allocation Failure) [PSYoungGen: 622276K->34373K(650240K)] 654816K->66913K(2048512K), 0.0165719 secs] [Times: user=0.13 sys=0.00, real=0.02 secs] 
2020-09-29T17:37:57.339+0200: 66.021: [GC (Allocation Failure) [PSYoungGen: 634949K->47109K(648192K)] 667489K->79649K(2046464K), 0.0223974 secs] [Times: user=0.13 sys=0.00, real=0.02 secs] 
2020-09-29T17:37:57.413+0200: 66.095: [GC (Allocation Failure) [PSYoungGen: 647685K->32357K(647168K)] 680225K->64897K(2045440K), 0.0155711 secs] [Times: user=0.13 sys=0.00, real=0.02 secs] 
2020-09-29T17:37:57.481+0200: 66.163: [GC (Allocation Failure) [PSYoungGen: 628837K->51173K(647680K)] 661377K->87041K(2045952K), 0.0189959 secs] [Times: user=0.13 sys=0.00, real=0.02 secs] 
2020-09-29T17:37:57.552+0200: 66.234: [GC (Allocation Failure) [PSYoungGen: 647653K->49477K(630272K)] 683521K->85345K(2028544K), 0.0168777 secs] [Times: user=0.13 sys=0.00, real=0.02 secs] 
2020-09-29T17:37:57.620+0200: 66.302: [GC (Allocation Failure) [PSYoungGen: 628549K->39716K(638976K)] 664417K->75584K(2037248K), 0.0154022 secs] [Times: user=0.11 sys=0.00, real=0.02 secs] 
2020-09-29T17:37:57.685+0200: 66.367: [GC (Allocation Failure) [PSYoungGen: 618788K->44581K(638976K)] 654656K->80449K(2037248K), 0.0150281 secs] [Times: user=0.13 sys=0.00, real=0.02 secs] 
2020-09-29T17:37:57.750+0200: 66.432: [GC (Allocation Failure) [PSYoungGen: 624677K->20228K(600576K)] 660545K->56096K(1998848K), 0.0081250 secs] [Times: user=0.13 sys=0.00, real=0.01 secs] 
2020-09-29T17:37:57.808+0200: 66.490: [GC (Allocation Failure) [PSYoungGen: 600324K->24419K(638976K)] 636192K->60287K(2037248K), 0.0101995 secs] [Times: user=0.13 sys=0.00, real=0.01 secs] 
2020-09-29T17:37:57.868+0200: 66.550: [GC (Allocation Failure) [PSYoungGen: 602979K->25764K(638464K)] 638847K->61632K(2036736K), 0.0099366 secs] [Times: user=0.00 sys=0.00, real=0.01 secs] 
2020-09-29T17:37:57.928+0200: 66.610: [GC (Allocation Failure) [PSYoungGen: 604324K->26052K(641024K)] 640192K->61920K(2039296K), 0.0105143 secs] [Times: user=0.00 sys=0.00, real=0.01 secs] 
2020-09-29T17:37:57.989+0200: 66.671: [GC (Allocation Failure) [PSYoungGen: 608196K->30436K(640000K)] 644064K->66304K(2038272K), 0.0110210 secs] [Times: user=0.00 sys=0.00, real=0.01 secs] 
2020-09-29T17:37:58.052+0200: 66.735: [GC (Allocation Failure) [PSYoungGen: 612580K->38373K(643072K)] 648448K->74241K(2041344K), 0.0133422 secs] [Times: user=0.00 sys=0.00, real=0.01 secs] 
2020-09-29T17:37:58.116+0200: 66.798: [GC (Allocation Failure) [PSYoungGen: 625637K->22149K(643072K)] 661505K->58017K(2041344K), 0.0071457 secs] [Times: user=0.00 sys=0.00, real=0.01 secs] 
2020-09-29T17:37:58.176+0200: 66.858: [GC (Allocation Failure) [PSYoungGen: 609413K->35205K(644608K)] 645281K->71073K(2042880K), 0.0132592 secs] [Times: user=0.13 sys=0.00, real=0.01 secs] 
2020-09-29T17:37:58.239+0200: 66.921: [GC (Allocation Failure) [PSYoungGen: 624517K->36069K(643584K)] 660385K->71937K(2041856K), 0.0128165 secs] [Times: user=0.00 sys=0.00, real=0.01 secs] 
2020-09-29T17:37:58.303+0200: 66.985: [GC (Allocation Failure) [PSYoungGen: 625381K->35140K(646656K)] 661249K->71008K(2044928K), 0.0127064 secs] [Times: user=0.00 sys=0.00, real=0.01 secs] 
2020-09-29T17:37:58.366+0200: 67.048: [GC (Allocation Failure) [PSYoungGen: 628548K->52197K(645632K)] 664416K->90145K(2043904K), 0.0184817 secs] [Times: user=0.13 sys=0.00, real=0.02 secs] 
2020-09-29T17:37:58.435+0200: 67.117: [GC (Allocation Failure) [PSYoungGen: 645605K->32485K(639488K)] 683553K->70433K(2037760K), 0.0116482 secs] [Times: user=0.13 sys=0.00, real=0.01 secs] 
2020-09-29T17:37:58.499+0200: 67.181: [GC (Allocation Failure) [PSYoungGen: 618725K->44549K(631296K)] 656673K->82497K(2029568K), 0.0160435 secs] [Times: user=0.11 sys=0.00, real=0.02 secs] 
2020-09-29T17:37:58.566+0200: 67.248: [GC (Allocation Failure) [PSYoungGen: 630789K->12898K(637952K)] 668737K->50846K(2036224K), 0.0078888 secs] [Times: user=0.06 sys=0.01, real=0.01 secs] 
2020-09-29T17:37:58.627+0200: 67.309: [GC (Allocation Failure) [PSYoungGen: 592994K->46021K(626176K)] 630942K->83969K(2024448K), 0.0211377 secs] [Times: user=0.20 sys=0.00, real=0.02 secs] 
2020-09-29T17:37:58.698+0200: 67.380: [GC (Allocation Failure) [PSYoungGen: 626117K->23205K(637952K)] 664065K->61153K(2036224K), 0.0078936 secs] [Times: user=0.00 sys=0.00, real=0.01 secs] 
2020-09-29T17:37:58.755+0200: 67.437: [GC (Allocation Failure) [PSYoungGen: 599717K->39141K(637440K)] 637665K->77089K(2035712K), 0.0132908 secs] [Times: user=0.00 sys=0.00, real=0.01 secs] 
2020-09-29T17:37:58.818+0200: 67.500: [GC (Allocation Failure) [PSYoungGen: 615653K->26403K(640000K)] 653601K->64351K(2038272K), 0.0106195 secs] [Times: user=0.00 sys=0.00, real=0.01 secs] 
2020-09-29T17:37:58.880+0200: 67.562: [GC (Allocation Failure) [PSYoungGen: 606499K->31556K(638976K)] 644447K->69504K(2037248K), 0.0125036 secs] [Times: user=0.00 sys=0.00, real=0.01 secs] 
2020-09-29T17:37:58.942+0200: 67.625: [GC (Allocation Failure) [PSYoungGen: 611652K->51109K(633856K)] 649600K->89057K(2032128K), 0.0170926 secs] [Times: user=0.13 sys=0.00, real=0.02 secs] 
2020-09-29T17:37:59.010+0200: 67.692: [GC (Allocation Failure) [PSYoungGen: 628133K->26147K(637952K)] 666081K->64095K(2036224K), 0.0111253 secs] [Times: user=0.13 sys=0.00, real=0.01 secs] 
2020-09-29T17:37:59.070+0200: 67.752: [GC (Allocation Failure) [PSYoungGen: 603171K->26307K(640000K)] 641119K->64255K(2038272K), 0.0107032 secs] [Times: user=0.00 sys=0.00, real=0.01 secs] 
2020-09-29T17:37:59.130+0200: 67.812: [GC (Allocation Failure) [PSYoungGen: 606403K->16836K(638976K)] 644351K->54784K(2037248K), 0.0060778 secs] [Times: user=0.00 sys=0.00, real=0.01 secs] 
2020-09-29T17:37:59.186+0200: 67.869: [GC (Allocation Failure) [PSYoungGen: 596932K->21283K(640512K)] 634880K->59231K(2038784K), 0.0089423 secs] [Times: user=0.13 sys=0.00, real=0.01 secs] 
2020-09-29T17:37:59.249+0200: 67.931: [GC (Allocation Failure) [PSYoungGen: 602915K->28741K(640000K)] 640863K->66689K(2038272K), 0.0095820 secs] [Times: user=0.13 sys=0.00, real=0.01 secs] 
2020-09-29T17:37:59.308+0200: 67.991: [GC (Allocation Failure) [PSYoungGen: 610373K->36133K(643584K)] 648321K->74081K(2041856K), 0.0118975 secs] [Times: user=0.13 sys=0.00, real=0.01 secs] 
2020-09-29T17:37:59.370+0200: 68.053: [GC (Allocation Failure) [PSYoungGen: 623909K->36005K(643072K)] 661857K->73953K(2041344K), 0.0125056 secs] [Times: user=0.13 sys=0.00, real=0.01 secs] 
2020-09-29T17:37:59.433+0200: 68.115: [GC (Allocation Failure) [PSYoungGen: 623781K->35813K(644608K)] 661729K->73761K(2042880K), 0.0123667 secs] [Times: user=0.13 sys=0.00, real=0.01 secs] 
2020-09-29T17:37:59.496+0200: 68.178: [GC (Allocation Failure) [PSYoungGen: 625637K->37797K(644096K)] 663585K->75745K(2042368K), 0.0130972 secs] [Times: user=0.13 sys=0.00, real=0.01 secs] 
2020-09-29T17:37:59.560+0200: 68.242: [GC (Allocation Failure) [PSYoungGen: 627621K->24868K(645632K)] 665569K->62816K(2043904K), 0.0096016 secs] [Times: user=0.13 sys=0.00, real=0.01 secs] 
2020-09-29T17:37:59.627+0200: 68.309: [GC (Allocation Failure) [PSYoungGen: 616740K->28901K(645120K)] 654688K->66849K(2043392K), 0.0109341 secs] [Times: user=0.11 sys=0.00, real=0.01 secs] 
2020-09-29T17:37:59.689+0200: 68.371: [GC (Allocation Failure) [PSYoungGen: 620773K->17603K(647168K)] 658721K->55551K(2045440K), 0.0070148 secs] [Times: user=0.13 sys=0.00, real=0.01 secs] 
2020-09-29T17:37:59.746+0200: 68.428: [GC (Allocation Failure) [PSYoungGen: 613059K->37220K(632832K)] 651007K->75168K(2031104K), 0.0137656 secs] [Times: user=0.13 sys=0.00, real=0.01 secs] 
2020-09-29T17:37:59.811+0200: 68.494: [GC (Allocation Failure) [PSYoungGen: 632676K->43684K(640512K)] 670624K->81632K(2038784K), 0.0157694 secs] [Times: user=0.13 sys=0.00, real=0.02 secs] 
2020-09-29T17:37:59.878+0200: 68.560: [GC (Allocation Failure) [PSYoungGen: 631972K->44037K(632832K)] 669920K->81985K(2031104K), 0.0154295 secs] [Times: user=0.13 sys=0.00, real=0.01 secs] 
2020-09-29T17:37:59.943+0200: 68.625: [GC (Allocation Failure) [PSYoungGen: 632325K->30725K(643584K)] 670273K->68673K(2041856K), 0.0114692 secs] [Times: user=0.00 sys=0.00, real=0.01 secs] 
2020-09-29T17:38:00.005+0200: 68.688: [GC (Allocation Failure) [PSYoungGen: 616965K->42436K(641536K)] 654913K->80384K(2039808K), 0.0171764 secs] [Times: user=0.13 sys=0.00, real=0.02 secs] 
2020-09-29T17:38:00.074+0200: 68.756: [GC (Allocation Failure) [PSYoungGen: 628676K->40773K(641536K)] 666624K->78721K(2039808K), 0.0140790 secs] [Times: user=0.13 sys=0.00, real=0.01 secs] 
2020-09-29T17:38:00.138+0200: 68.821: [GC (Allocation Failure) [PSYoungGen: 625989K->37860K(642048K)] 663937K->75808K(2040320K), 0.0144259 secs] [Times: user=0.13 sys=0.00, real=0.02 secs] 
2020-09-29T17:38:00.203+0200: 68.886: [GC (Allocation Failure) [PSYoungGen: 623076K->48805K(636928K)] 661024K->86753K(2035200K), 0.0166374 secs] [Times: user=0.13 sys=0.00, real=0.02 secs] 
2020-09-29T17:38:00.270+0200: 68.952: [GC (Allocation Failure) [PSYoungGen: 629925K->42117K(640000K)] 667873K->80065K(2038272K), 0.0145724 secs] [Times: user=0.00 sys=0.00, real=0.01 secs] 
2020-09-29T17:38:00.334+0200: 69.017: [GC (Allocation Failure) [PSYoungGen: 623237K->33763K(641536K)] 661185K->71711K(2039808K), 0.0133144 secs] [Times: user=0.00 sys=0.00, real=0.01 secs] 
2020-09-29T17:38:00.397+0200: 69.080: [GC (Allocation Failure) [PSYoungGen: 616419K->28389K(640000K)] 654367K->66337K(2038272K), 0.0095700 secs] [Times: user=0.00 sys=0.00, real=0.01 secs] 
2020-09-29T17:38:00.457+0200: 69.139: [GC (Allocation Failure) [PSYoungGen: 611045K->34051K(644096K)] 648993K->71999K(2042368K), 0.0132620 secs] [Times: user=0.13 sys=0.00, real=0.01 secs] 
2020-09-29T17:38:00.521+0200: 69.203: [GC (Allocation Failure) [PSYoungGen: 621827K->33957K(642560K)] 659775K->71905K(2040832K), 0.0115403 secs] [Times: user=0.00 sys=0.00, real=0.01 secs] 
2020-09-29T17:38:00.583+0200: 69.266: [GC (Allocation Failure) [PSYoungGen: 621733K->33765K(647168K)] 659681K->71713K(2045440K), 0.0126400 secs] [Times: user=0.00 sys=0.00, real=0.01 secs] 
2020-09-29T17:38:00.649+0200: 69.331: [GC (Allocation Failure) [PSYoungGen: 627685K->39813K(645632K)] 665633K->77761K(2043904K), 0.0137534 secs] [Times: user=0.13 sys=0.00, real=0.01 secs] 
2020-09-29T17:38:00.714+0200: 69.396: [GC (Allocation Failure) [PSYoungGen: 633733K->31332K(647680K)] 671681K->69280K(2045952K), 0.0119019 secs] [Times: user=0.13 sys=0.00, real=0.01 secs] 
2020-09-29T17:38:00.778+0200: 69.460: [GC (Allocation Failure) [PSYoungGen: 627300K->39365K(647168K)] 665248K->77313K(2045440K), 0.0137957 secs] [Times: user=0.13 sys=0.00, real=0.01 secs] 
2020-09-29T17:38:00.843+0200: 69.525: [GC (Allocation Failure) [PSYoungGen: 635333K->17828K(645120K)] 673281K->55776K(2043392K), 0.0067355 secs] [Times: user=0.13 sys=0.00, real=0.01 secs] 
2020-09-29T17:38:00.902+0200: 69.585: [GC (Allocation Failure) [PSYoungGen: 612260K->23620K(646656K)] 650208K->61568K(2044928K), 0.0087252 secs] [Times: user=0.13 sys=0.00, real=0.01 secs] 
2020-09-29T17:38:00.962+0200: 69.644: [GC (Allocation Failure) [PSYoungGen: 618052K->29732K(647680K)] 656000K->67680K(2045952K), 0.0111188 secs] [Times: user=0.00 sys=0.00, real=0.01 secs] 
2020-09-29T17:38:01.024+0200: 69.706: [GC (Allocation Failure) [PSYoungGen: 625188K->23589K(646656K)] 663136K->61537K(2044928K), 0.0080632 secs] [Times: user=0.00 sys=0.00, real=0.01 secs] 
2020-09-29T17:38:01.085+0200: 69.767: [GC (Allocation Failure) [PSYoungGen: 619045K->17059K(647168K)] 656993K->55007K(2045440K), 0.0069756 secs] [Times: user=0.00 sys=0.00, real=0.01 secs] 
2020-09-29T17:38:01.143+0200: 69.825: [GC (Allocation Failure) [PSYoungGen: 613539K->39237K(635904K)] 651487K->77185K(2034176K), 0.0142285 secs] [Times: user=0.11 sys=0.00, real=0.01 secs] 
2020-09-29T17:38:01.209+0200: 69.891: [GC (Allocation Failure) [PSYoungGen: 635717K->19492K(646656K)] 673665K->57440K(2044928K), 0.0074907 secs] [Times: user=0.00 sys=0.00, real=0.01 secs] 
2020-09-29T17:38:01.267+0200: 69.949: [GC (Allocation Failure) [PSYoungGen: 613412K->52197K(646144K)] 651360K->90745K(2044416K), 0.0180752 secs] [Times: user=0.13 sys=0.00, real=0.02 secs] 
2020-09-29T17:38:01.336+0200: 70.018: [GC (Allocation Failure) [PSYoungGen: 646117K->31589K(638976K)] 684665K->70137K(2037248K), 0.0111557 secs] [Times: user=0.00 sys=0.00, real=0.01 secs] 
2020-09-29T17:38:01.397+0200: 70.079: [GC (Allocation Failure) [PSYoungGen: 617829K->43557K(630272K)] 656377K->82105K(2028544K), 0.0152475 secs] [Times: user=0.13 sys=0.00, real=0.01 secs] 
2020-09-29T17:38:01.462+0200: 70.144: [GC (Allocation Failure) [PSYoungGen: 629797K->40421K(640000K)] 668345K->78969K(2038272K), 0.0144235 secs] [Times: user=0.13 sys=0.00, real=0.01 secs] 
2020-09-29T17:38:01.526+0200: 70.208: [GC (Allocation Failure) [PSYoungGen: 622565K->48293K(630784K)] 661113K->86841K(2029056K), 0.0168036 secs] [Times: user=0.13 sys=0.00, real=0.02 secs] 
2020-09-29T17:38:01.596+0200: 70.278: [GC (Allocation Failure) [PSYoungGen: 630437K->42565K(637952K)] 668985K->81113K(2036224K), 0.0167918 secs] [Times: user=0.11 sys=0.00, real=0.02 secs] 
2020-09-29T17:38:01.665+0200: 70.348: [GC (Allocation Failure) [PSYoungGen: 619589K->29668K(637952K)] 658137K->68216K(2036224K), 0.0145677 secs] [Times: user=0.11 sys=0.00, real=0.02 secs] 
2020-09-29T17:38:01.730+0200: 70.412: [GC (Allocation Failure) [PSYoungGen: 606692K->31588K(641024K)] 645240K->70136K(2039296K), 0.0114450 secs] [Times: user=0.13 sys=0.00, real=0.01 secs] 
2020-09-29T17:38:01.792+0200: 70.474: [GC (Allocation Failure) [PSYoungGen: 612708K->38501K(638976K)] 651256K->77049K(2037248K), 0.0128460 secs] [Times: user=0.13 sys=0.00, real=0.01 secs] 
2020-09-29T17:38:01.854+0200: 70.537: [GC (Allocation Failure) [PSYoungGen: 619621K->31077K(643072K)] 658169K->69625K(2041344K), 0.0106284 secs] [Times: user=0.13 sys=0.00, real=0.01 secs] 
2020-09-29T17:38:01.915+0200: 70.598: [GC (Allocation Failure) [PSYoungGen: 617317K->43141K(642048K)] 655865K->81689K(2040320K), 0.0149363 secs] [Times: user=0.13 sys=0.00, real=0.02 secs] 
2020-09-29T17:38:01.980+0200: 70.663: [GC (Allocation Failure) [PSYoungGen: 629381K->41445K(642048K)] 667929K->79993K(2040320K), 0.0141624 secs] [Times: user=0.13 sys=0.00, real=0.01 secs] 
2020-09-29T17:38:02.045+0200: 70.727: [GC (Allocation Failure) [PSYoungGen: 626661K->38725K(642048K)] 665209K->77273K(2040320K), 0.0139679 secs] [Times: user=0.13 sys=0.00, real=0.01 secs] 
2020-09-29T17:38:02.113+0200: 70.795: [GC (Allocation Failure) [PSYoungGen: 623941K->48356K(638464K)] 662489K->86904K(2036736K), 0.0195288 secs] [Times: user=0.22 sys=0.00, real=0.02 secs] 
2020-09-29T17:38:02.185+0200: 70.867: [GC (Allocation Failure) [PSYoungGen: 631524K->43557K(627200K)] 670072K->82105K(2025472K), 0.0172423 secs] [Times: user=0.13 sys=0.00, real=0.02 secs] 
2020-09-29T17:38:02.255+0200: 70.937: [GC (Allocation Failure) [PSYoungGen: 626725K->38821K(642560K)] 665273K->77369K(2040832K), 0.0143809 secs] [Times: user=0.00 sys=0.00, real=0.01 secs] 
2020-09-29T17:38:02.320+0200: 71.002: [GC (Allocation Failure) [PSYoungGen: 623013K->35045K(640512K)] 661561K->73593K(2038784K), 0.0123814 secs] [Times: user=0.00 sys=0.00, real=0.01 secs] 
2020-09-29T17:38:02.383+0200: 71.065: [GC (Allocation Failure) [PSYoungGen: 619237K->30948K(644096K)] 657785K->69496K(2042368K), 0.0121755 secs] [Times: user=0.13 sys=0.00, real=0.01 secs] 
2020-09-29T17:38:02.445+0200: 71.128: [GC (Allocation Failure) [PSYoungGen: 619748K->45541K(634368K)] 658296K->84089K(2032640K), 0.0147622 secs] [Times: user=0.13 sys=0.00, real=0.02 secs] 
2020-09-29T17:38:02.510+0200: 71.193: [GC (Allocation Failure) [PSYoungGen: 634341K->31781K(643584K)] 672889K->70329K(2041856K), 0.0122927 secs] [Times: user=0.13 sys=0.00, real=0.01 secs] 
2020-09-29T17:38:02.574+0200: 71.256: [GC (Allocation Failure) [PSYoungGen: 619557K->30756K(643072K)] 658105K->69304K(2041344K), 0.0130508 secs] [Times: user=0.11 sys=0.00, real=0.01 secs] 
2020-09-29T17:38:02.638+0200: 71.321: [GC (Allocation Failure) [PSYoungGen: 618532K->27236K(644096K)] 657080K->65784K(2042368K), 0.0115351 secs] [Times: user=0.13 sys=0.00, real=0.01 secs] 
2020-09-29T17:38:02.701+0200: 71.384: [GC (Allocation Failure) [PSYoungGen: 616548K->42405K(631808K)] 655096K->80953K(2030080K), 0.0150670 secs] [Times: user=0.13 sys=0.00, real=0.02 secs] 
2020-09-29T17:38:02.768+0200: 71.450: [GC (Allocation Failure) [PSYoungGen: 631717K->29316K(644096K)] 670265K->67864K(2042368K), 0.0112376 secs] [Times: user=0.13 sys=0.00, real=0.01 secs] 
2020-09-29T17:38:02.829+0200: 71.512: [GC (Allocation Failure) [PSYoungGen: 618116K->14115K(603136K)] 656664K->52663K(2001408K), 0.0060420 secs] [Times: user=0.13 sys=0.00, real=0.01 secs] 
2020-09-29T17:38:02.886+0200: 71.568: [GC (Allocation Failure) [PSYoungGen: 602915K->28581K(644096K)] 641463K->67129K(2042368K), 0.0102380 secs] [Times: user=0.13 sys=0.00, real=0.01 secs] 
2020-09-29T17:38:02.946+0200: 71.629: [GC (Allocation Failure) [PSYoungGen: 616357K->27716K(642560K)] 654905K->66264K(2040832K), 0.0103121 secs] [Times: user=0.00 sys=0.00, real=0.01 secs] 
2020-09-29T17:38:03.007+0200: 71.690: [GC (Allocation Failure) [PSYoungGen: 615492K->41253K(643072K)] 654040K->79801K(2041344K), 0.0139880 secs] [Times: user=0.13 sys=0.00, real=0.01 secs] 
2020-09-29T17:38:03.072+0200: 71.755: [GC (Allocation Failure) [PSYoungGen: 630565K->41700K(631296K)] 669113K->80248K(2029568K), 0.0148846 secs] [Times: user=0.13 sys=0.00, real=0.01 secs] 
2020-09-29T17:38:03.138+0200: 71.820: [GC (Allocation Failure) [PSYoungGen: 631012K->27812K(644096K)] 669560K->66360K(2042368K), 0.0109798 secs] [Times: user=0.13 sys=0.00, real=0.01 secs] 
2020-09-29T17:38:03.200+0200: 71.883: [GC (Allocation Failure) [PSYoungGen: 616100K->41893K(643072K)] 654648K->80441K(2041344K), 0.0154318 secs] [Times: user=0.13 sys=0.00, real=0.02 secs] 
2020-09-29T17:38:03.266+0200: 71.948: [GC (Allocation Failure) [PSYoungGen: 630181K->25956K(643584K)] 668729K->64504K(2041856K), 0.0099154 secs] [Times: user=0.13 sys=0.00, real=0.01 secs] 
2020-09-29T17:38:03.327+0200: 72.009: [GC (Allocation Failure) [PSYoungGen: 613732K->39397K(643072K)] 652280K->77945K(2041344K), 0.0135393 secs] [Times: user=0.13 sys=0.00, real=0.01 secs] 
2020-09-29T17:38:03.391+0200: 72.074: [GC (Allocation Failure) [PSYoungGen: 627173K->52997K(634368K)] 665721K->91545K(2032640K), 0.0180592 secs] [Times: user=0.13 sys=0.00, real=0.02 secs] 
2020-09-29T17:38:03.459+0200: 72.142: [GC (Allocation Failure) [PSYoungGen: 632069K->30469K(638976K)] 670617K->69017K(2037248K), 0.0104766 secs] [Times: user=0.00 sys=0.00, real=0.01 secs] 
2020-09-29T17:38:03.521+0200: 72.204: [GC (Allocation Failure) [PSYoungGen: 609541K->48997K(634368K)] 648089K->87545K(2032640K), 0.0168796 secs] [Times: user=0.13 sys=0.00, real=0.02 secs] 
2020-09-29T17:38:03.589+0200: 72.272: [GC (Allocation Failure) [PSYoungGen: 624997K->37125K(637440K)] 663545K->75673K(2035712K), 0.0146229 secs] [Times: user=0.11 sys=0.00, real=0.02 secs] 
2020-09-29T17:38:03.654+0200: 72.337: [GC (Allocation Failure) [PSYoungGen: 613125K->38885K(641536K)] 651673K->77433K(2039808K), 0.0135700 secs] [Times: user=0.13 sys=0.00, real=0.01 secs] 
2020-09-29T17:38:03.718+0200: 72.401: [GC (Allocation Failure) [PSYoungGen: 621541K->19621K(640000K)] 660089K->58169K(2038272K), 0.0064103 secs] [Times: user=0.13 sys=0.00, real=0.01 secs] 
2020-09-29T17:38:03.775+0200: 72.458: [GC (Allocation Failure) [PSYoungGen: 602277K->41253K(640512K)] 640825K->79801K(2038784K), 0.0148186 secs] [Times: user=0.13 sys=0.00, real=0.01 secs] 
2020-09-29T17:38:03.840+0200: 72.522: [GC (Allocation Failure) [PSYoungGen: 623397K->58341K(640512K)] 661945K->101337K(2038784K), 0.0211709 secs] [Times: user=0.13 sys=0.00, real=0.02 secs] 
2020-09-29T17:38:03.911+0200: 72.593: [GC (Allocation Failure) [PSYoungGen: 640485K->43397K(627200K)] 683481K->86393K(2025472K), 0.0146565 secs] [Times: user=0.00 sys=0.00, real=0.01 secs] 
2020-09-29T17:38:03.974+0200: 72.657: [GC (Allocation Failure) [PSYoungGen: 612229K->37604K(633856K)] 655225K->80600K(2032128K), 0.0136184 secs] [Times: user=0.00 sys=0.00, real=0.01 secs] 
2020-09-29T17:38:04.036+0200: 72.719: [GC (Allocation Failure) [PSYoungGen: 606436K->30629K(636928K)] 649432K->73625K(2035200K), 0.0117295 secs] [Times: user=0.00 sys=0.00, real=0.01 secs] 
2020-09-29T17:38:04.097+0200: 72.780: [GC (Allocation Failure) [PSYoungGen: 604581K->30245K(635904K)] 647577K->73241K(2034176K), 0.0101638 secs] [Times: user=0.13 sys=0.00, real=0.01 secs] 
2020-09-29T17:38:04.156+0200: 72.839: [GC (Allocation Failure) [PSYoungGen: 604197K->29925K(638976K)] 647193K->72921K(2037248K), 0.0104968 secs] [Times: user=0.13 sys=0.00, real=0.01 secs] 
2020-09-29T17:38:04.217+0200: 72.900: [GC (Allocation Failure) [PSYoungGen: 607973K->32836K(637952K)] 650969K->75832K(2036224K), 0.0123283 secs] [Times: user=0.13 sys=0.00, real=0.01 secs] 
2020-09-29T17:38:04.279+0200: 72.962: [GC (Allocation Failure) [PSYoungGen: 610884K->36613K(642560K)] 653880K->79609K(2040832K), 0.0124735 secs] [Times: user=0.13 sys=0.00, real=0.01 secs] 
2020-09-29T17:38:04.342+0200: 73.024: [GC (Allocation Failure) [PSYoungGen: 620805K->46565K(640512K)] 663801K->89561K(2038784K), 0.0159201 secs] [Times: user=0.13 sys=0.00, real=0.02 secs] 
2020-09-29T17:38:04.407+0200: 73.090: [GC (Allocation Failure) [PSYoungGen: 630757K->42821K(641024K)] 673753K->85817K(2039296K), 0.0148399 secs] [Times: user=0.13 sys=0.00, real=0.01 secs] 
2020-09-29T17:38:04.472+0200: 73.155: [GC (Allocation Failure) [PSYoungGen: 625989K->23075K(606720K)] 668985K->66071K(2004992K), 0.0092042 secs] [Times: user=0.13 sys=0.00, real=0.01 secs] 
2020-09-29T17:38:04.533+0200: 73.216: [GC (Allocation Failure) [PSYoungGen: 606243K->58341K(627200K)] 649239K->102225K(2025472K), 0.0194194 secs] [Times: user=0.25 sys=0.00, real=0.02 secs] 
2020-09-29T17:38:04.603+0200: 73.286: [GC (Allocation Failure) [PSYoungGen: 627173K->53861K(623104K)] 671057K->97745K(2021376K), 0.0196710 secs] [Times: user=0.11 sys=0.00, real=0.02 secs] 
2020-09-29T17:38:04.672+0200: 73.354: [GC (Allocation Failure) [PSYoungGen: 622693K->18883K(629248K)] 666577K->62767K(2027520K), 0.0077654 secs] [Times: user=0.13 sys=0.00, real=0.01 secs] 
2020-09-29T17:38:04.728+0200: 73.411: [GC (Allocation Failure) [PSYoungGen: 580547K->19811K(630272K)] 624431K->63695K(2028544K), 0.0079543 secs] [Times: user=0.00 sys=0.00, real=0.01 secs] 
2020-09-29T17:38:04.787+0200: 73.470: [GC (Allocation Failure) [PSYoungGen: 581475K->48325K(627200K)] 625359K->92209K(2025472K), 0.0182656 secs] [Times: user=0.13 sys=0.00, real=0.02 secs] 
2020-09-29T17:38:04.853+0200: 73.536: [GC (Allocation Failure) [PSYoungGen: 606917K->46341K(628736K)] 650801K->90225K(2027008K), 0.0157095 secs] [Times: user=0.13 sys=0.00, real=0.02 secs] 
2020-09-29T17:38:04.917+0200: 73.600: [GC (Allocation Failure) [PSYoungGen: 604933K->30629K(630784K)] 648817K->74513K(2029056K), 0.0108797 secs] [Times: user=0.13 sys=0.00, real=0.01 secs] 
2020-09-29T17:38:04.976+0200: 73.658: [GC (Allocation Failure) [PSYoungGen: 591269K->28164K(628736K)] 635153K->72048K(2027008K), 0.0107628 secs] [Times: user=0.00 sys=0.00, real=0.01 secs] 
2020-09-29T17:38:05.035+0200: 73.717: [GC (Allocation Failure) [PSYoungGen: 588804K->41796K(633344K)] 632688K->85680K(2031616K), 0.0149637 secs] [Times: user=0.13 sys=0.00, real=0.01 secs] 
2020-09-29T17:38:05.098+0200: 73.781: [GC (Allocation Failure) [PSYoungGen: 608580K->18755K(632320K)] 652464K->62639K(2030592K), 0.0076649 secs] [Times: user=0.00 sys=0.00, real=0.01 secs] 
2020-09-29T17:38:05.164+0200: 73.846: [GC (Allocation Failure) [PSYoungGen: 585539K->38725K(634880K)] 629423K->82609K(2033152K), 0.0130603 secs] [Times: user=0.13 sys=0.00, real=0.01 secs] 
2020-09-29T17:38:05.226+0200: 73.908: [GC (Allocation Failure) [PSYoungGen: 607557K->32068K(632832K)] 651441K->75952K(2031104K), 0.0145474 secs] [Times: user=0.13 sys=0.00, real=0.01 secs] 
2020-09-29T17:38:05.289+0200: 73.971: [GC (Allocation Failure) [PSYoungGen: 600900K->25701K(637952K)] 644784K->69585K(2036224K), 0.0091844 secs] [Times: user=0.00 sys=0.00, real=0.01 secs] 
2020-09-29T17:38:05.348+0200: 74.030: [GC (Allocation Failure) [PSYoungGen: 601701K->26596K(636928K)] 645585K->70480K(2035200K), 0.0105382 secs] [Times: user=0.13 sys=0.00, real=0.01 secs] 
2020-09-29T17:38:05.407+0200: 74.089: [GC (Allocation Failure) [PSYoungGen: 602596K->27972K(641024K)] 646480K->71856K(2039296K), 0.0107634 secs] [Times: user=0.13 sys=0.00, real=0.01 secs] 
2020-09-29T17:38:05.466+0200: 74.148: [GC (Allocation Failure) [PSYoungGen: 609092K->34820K(638976K)] 652976K->78704K(2037248K), 0.0129220 secs] [Times: user=0.13 sys=0.00, real=0.01 secs] 
2020-09-29T17:38:05.528+0200: 74.210: [GC (Allocation Failure) [PSYoungGen: 615940K->27139K(644096K)] 659824K->71023K(2042368K), 0.0111040 secs] [Times: user=0.13 sys=0.00, real=0.01 secs] 
2020-09-29T17:38:05.590+0200: 74.272: [GC (Allocation Failure) [PSYoungGen: 614915K->25827K(642560K)] 658799K->69711K(2040832K), 0.0111785 secs] [Times: user=0.11 sys=0.00, real=0.01 secs] 
2020-09-29T17:38:05.652+0200: 74.334: [GC (Allocation Failure) [PSYoungGen: 613603K->25539K(646144K)] 657487K->69423K(2044416K), 0.0108320 secs] [Times: user=0.13 sys=0.00, real=0.01 secs] 
2020-09-29T17:38:05.712+0200: 74.394: [GC (Allocation Failure) [PSYoungGen: 617923K->43684K(636416K)] 661807K->87568K(2034688K), 0.0160305 secs] [Times: user=0.13 sys=0.00, real=0.02 secs] 
2020-09-29T17:38:05.778+0200: 74.461: [GC (Allocation Failure) [PSYoungGen: 636068K->34436K(645120K)] 679952K->78320K(2043392K), 0.0128065 secs] [Times: user=0.13 sys=0.00, real=0.01 secs] 
2020-09-29T17:38:05.839+0200: 74.521: [GC (Allocation Failure) [PSYoungGen: 624260K->35331K(643584K)] 668144K->79215K(2041856K), 0.0138240 secs] [Times: user=0.13 sys=0.00, real=0.01 secs] 
2020-09-29T17:38:05.899+0200: 74.581: [GC (Allocation Failure) [PSYoungGen: 625155K->9923K(642048K)] 669039K->53807K(2040320K), 0.0040633 secs] [Times: user=0.00 sys=0.00, real=0.00 secs] 
2020-09-29T17:38:05.968+0200: 74.650: [GC (Allocation Failure) [PSYoungGen: 599235K->24963K(644096K)] 643119K->68847K(2042368K), 0.0097429 secs] [Times: user=0.13 sys=0.00, real=0.01 secs] 
2020-09-29T17:38:06.026+0200: 74.708: [GC (Allocation Failure) [PSYoungGen: 614275K->12611K(644608K)] 658159K->56495K(2042880K), 0.0055203 secs] [Times: user=0.00 sys=0.00, real=0.00 secs] 
2020-09-29T17:38:06.079+0200: 74.761: [GC (Allocation Failure) [PSYoungGen: 603971K->29731K(645120K)] 647855K->73615K(2043392K), 0.0119772 secs] [Times: user=0.13 sys=0.00, real=0.01 secs] 
2020-09-29T17:38:06.141+0200: 74.823: [GC (Allocation Failure) [PSYoungGen: 621091K->33187K(647680K)] 664975K->77071K(2045952K), 0.0133310 secs] [Times: user=0.11 sys=0.00, real=0.01 secs] 
2020-09-29T17:38:06.204+0200: 74.887: [GC (Allocation Failure) [PSYoungGen: 629155K->13891K(647168K)] 673039K->57775K(2045440K), 0.0068674 secs] [Times: user=0.11 sys=0.00, real=0.01 secs] 
2020-09-29T17:38:06.260+0200: 74.942: [GC (Allocation Failure) [PSYoungGen: 609859K->6625K(645120K)] 653743K->50509K(2043392K), 0.0052422 secs] [Times: user=0.00 sys=0.00, real=0.01 secs] 
2020-09-29T17:38:06.314+0200: 74.996: [GC (Allocation Failure) [PSYoungGen: 600033K->25795K(646144K)] 643917K->69679K(2044416K), 0.0110604 secs] [Times: user=0.13 sys=0.00, real=0.01 secs] 
2020-09-29T17:38:06.373+0200: 75.055: [GC (Allocation Failure) [PSYoungGen: 619203K->17667K(649728K)] 663087K->61551K(2048000K), 0.0073041 secs] [Times: user=0.02 sys=0.03, real=0.01 secs] 
2020-09-29T17:38:06.450+0200: 75.132: [GC (Allocation Failure) [PSYoungGen: 617219K->14210K(648704K)] 661103K->58094K(2046976K), 0.0086756 secs] [Times: user=0.13 sys=0.00, real=0.01 secs] 
2020-09-29T17:38:06.513+0200: 75.195: [GC (Allocation Failure) [PSYoungGen: 613762K->25859K(652288K)] 657646K->69743K(2050560K), 0.0123584 secs] [Times: user=0.13 sys=0.00, real=0.01 secs] 
2020-09-29T17:38:06.575+0200: 75.257: [GC (Allocation Failure) [PSYoungGen: 629507K->14275K(650240K)] 673391K->58159K(2048512K), 0.0063594 secs] [Times: user=0.00 sys=0.00, real=0.01 secs] 
2020-09-29T17:38:06.631+0200: 75.313: [GC (Allocation Failure) [PSYoungGen: 617923K->13250K(653312K)] 661807K->57134K(2051584K), 0.0069507 secs] [Times: user=0.00 sys=0.00, real=0.01 secs] 
2020-09-29T17:38:06.688+0200: 75.370: [GC (Allocation Failure) [PSYoungGen: 620482K->18883K(652800K)] 664366K->62767K(2051072K), 0.0083021 secs] [Times: user=0.13 sys=0.00, real=0.01 secs] 
2020-09-29T17:38:06.746+0200: 75.428: [GC (Allocation Failure) [PSYoungGen: 626071K->9250K(655360K)] 669955K->53134K(2053632K), 0.0054363 secs] [Times: user=0.00 sys=0.00, real=0.00 secs] 
2020-09-29T17:38:06.803+0200: 75.486: [GC (Allocation Failure) [PSYoungGen: 621090K->33155K(645120K)] 664974K->77039K(2043392K), 0.0127938 secs] [Times: user=0.00 sys=0.00, real=0.01 secs] 
2020-09-29T17:38:06.865+0200: 75.548: [GC (Allocation Failure) [PSYoungGen: 644995K->29795K(651776K)] 688879K->73679K(2050048K), 0.0118575 secs] [Times: user=0.00 sys=0.00, real=0.01 secs] 
2020-09-29T17:38:06.926+0200: 75.608: [GC (Allocation Failure) [PSYoungGen: 635491K->33923K(640000K)] 679375K->77807K(2038272K), 0.0136061 secs] [Times: user=0.13 sys=0.00, real=0.01 secs] 
2020-09-29T17:38:06.996+0200: 75.678: [GC (Allocation Failure) [PSYoungGen: 638121K->7361K(650240K)] 682005K->51245K(2048512K), 0.0049542 secs] [Times: user=0.00 sys=0.00, real=0.00 secs] 
2020-09-29T17:38:07.052+0200: 75.734: [GC (Allocation Failure) [PSYoungGen: 608961K->7137K(650240K)] 652845K->51021K(2048512K), 0.0047849 secs] [Times: user=0.00 sys=0.00, real=0.00 secs] 
2020-09-29T17:38:07.147+0200: 75.829: [GC (Allocation Failure) [PSYoungGen: 608737K->2721K(650240K)] 652621K->46605K(2048512K), 0.0029178 secs] [Times: user=0.00 sys=0.00, real=0.00 secs] 
2020-09-29T17:38:07.242+0200: 75.924: [GC (Allocation Failure) [PSYoungGen: 604321K->2465K(650240K)] 648205K->46349K(2048512K), 0.0029968 secs] [Times: user=0.00 sys=0.00, real=0.00 secs] 
2020-09-29T17:38:07.338+0200: 76.020: [GC (Allocation Failure) [PSYoungGen: 603525K->32K(650240K)] 647410K->43916K(2048512K), 0.0004405 secs] [Times: user=0.00 sys=0.00, real=0.00 secs] 
2020-09-29T17:38:07.429+0200: 76.111: [GC (Allocation Failure) [PSYoungGen: 601632K->13377K(650240K)] 645516K->57261K(2048512K), 0.0078491 secs] [Times: user=0.00 sys=0.00, real=0.01 secs] 
2020-09-29T17:38:07.528+0200: 76.211: [GC (Allocation Failure) [PSYoungGen: 614977K->13153K(655872K)] 658861K->57037K(2054144K), 0.0078558 secs] [Times: user=0.00 sys=0.00, real=0.01 secs] 
2020-09-29T17:38:07.634+0200: 76.316: [GC (Allocation Failure) [PSYoungGen: 623457K->8065K(653312K)] 667341K->51949K(2051584K), 0.0056005 secs] [Times: user=0.00 sys=0.00, real=0.01 secs] 
Heap
 PSYoungGen      total 653312K, used 286172K [0x00000000d5580000, 0x0000000100000000, 0x0000000100000000)
  eden space 610304K, 45% used [0x00000000d5580000,0x00000000e6516f50,0x00000000fa980000)
  from space 43008K, 18% used [0x00000000fa980000,0x00000000fb160490,0x00000000fd380000)
  to   space 41472K, 0% used [0x00000000fd780000,0x00000000fd780000,0x0000000100000000)
 ParOldGen       total 1398272K, used 43884K [0x0000000080000000, 0x00000000d5580000, 0x00000000d5580000)
  object space 1398272K, 3% used [0x0000000080000000,0x0000000082adb060,0x00000000d5580000)
 Metaspace       used 2594K, capacity 4486K, committed 4864K, reserved 1056768K
  class space    used 285K, capacity 386K, committed 512K, reserved 1048576K
