Java HotSpot(TM) 64-Bit Server VM (25.261-b12) for windows-amd64 JRE (1.8.0_261-b12), built on Jun 18 2020 06:56:32 by "" with unknown MS VC++:1916
Memory: 4k page, physical 16659684k(9684508k free), swap 23213284k(9181472k free)
CommandLine flags: -XX:InitialHeapSize=2147483648 -XX:MaxHeapSize=2147483648 -XX:+PrintGC -XX:+PrintGCDateStamps -XX:+PrintGCDetails -XX:+PrintGCTimeStamps -XX:+UseCompressedClassPointers -XX:+UseCompressedOops -XX:-UseLargePagesIndividualAllocation -XX:+UseParallelGC 
2020-09-29T17:41:58.069+0200: 0.285: [GC (Allocation Failure) [PSYoungGen: 524800K->38804K(611840K)] 524800K->38812K(2010112K), 0.0230582 secs] [Times: user=0.09 sys=0.02, real=0.02 secs] 
2020-09-29T17:41:58.148+0200: 0.364: [GC (Allocation Failure) [PSYoungGen: 563604K->44085K(611840K)] 563612K->44093K(2010112K), 0.0392839 secs] [Times: user=0.24 sys=0.02, real=0.04 secs] 
2020-09-29T17:41:58.233+0200: 0.449: [GC (Allocation Failure) [PSYoungGen: 568885K->49301K(611840K)] 568893K->49309K(2010112K), 0.0180527 secs] [Times: user=0.13 sys=0.00, real=0.02 secs] 
2020-09-29T17:41:58.296+0200: 0.512: [GC (Allocation Failure) [PSYoungGen: 574101K->40628K(611840K)] 574109K->40636K(2010112K), 0.0149355 secs] [Times: user=0.13 sys=0.00, real=0.02 secs] 
2020-09-29T17:41:58.356+0200: 0.572: [GC (Allocation Failure) [PSYoungGen: 565428K->30596K(611840K)] 565436K->30604K(2010112K), 0.0142714 secs] [Times: user=0.13 sys=0.00, real=0.01 secs] 
2020-09-29T17:41:58.416+0200: 0.632: [GC (Allocation Failure) [PSYoungGen: 555396K->35861K(646656K)] 555404K->35869K(2044928K), 0.0162352 secs] [Times: user=0.09 sys=0.03, real=0.02 secs] 
2020-09-29T17:41:58.485+0200: 0.702: [GC (Allocation Failure) [PSYoungGen: 629269K->24837K(618496K)] 629277K->25265K(2016768K), 0.0126570 secs] [Times: user=0.11 sys=0.00, real=0.01 secs] 
2020-09-29T17:41:58.552+0200: 0.769: [GC (Allocation Failure) [PSYoungGen: 618245K->30245K(645120K)] 618673K->30673K(2043392K), 0.0127696 secs] [Times: user=0.00 sys=0.00, real=0.01 secs] 
2020-09-29T17:41:58.625+0200: 0.841: [GC (Allocation Failure) [PSYoungGen: 621093K->32708K(644608K)] 621521K->33136K(2042880K), 0.0142807 secs] [Times: user=0.11 sys=0.00, real=0.01 secs] 
2020-09-29T17:41:58.693+0200: 0.909: [GC (Allocation Failure) [PSYoungGen: 623556K->49317K(640000K)] 623984K->49745K(2038272K), 0.0188324 secs] [Times: user=0.11 sys=0.02, real=0.02 secs] 
2020-09-29T17:41:58.761+0200: 0.978: [GC (Allocation Failure) [PSYoungGen: 636581K->17188K(604672K)] 637009K->17616K(2002944K), 0.0065959 secs] [Times: user=0.00 sys=0.00, real=0.01 secs] 
2020-09-29T17:41:58.819+0200: 1.036: [GC (Allocation Failure) [PSYoungGen: 604452K->30212K(642560K)] 604880K->30640K(2040832K), 0.0112723 secs] [Times: user=0.00 sys=0.00, real=0.01 secs] 
2020-09-29T17:41:58.886+0200: 1.102: [GC (Allocation Failure) [PSYoungGen: 615079K->10242K(595968K)] 615507K->10670K(1994240K), 0.0054127 secs] [Times: user=0.00 sys=0.00, real=0.01 secs] 
2020-09-29T17:41:58.948+0200: 1.164: [GC (Allocation Failure) [PSYoungGen: 595458K->34885K(642048K)] 595886K->35313K(2040320K), 0.0115832 secs] [Times: user=0.13 sys=0.00, real=0.01 secs] 
2020-09-29T17:41:59.018+0200: 1.235: [GC (Allocation Failure) [PSYoungGen: 618565K->44421K(640512K)] 618993K->44849K(2038784K), 0.0168384 secs] [Times: user=0.13 sys=0.00, real=0.02 secs] 
2020-09-29T17:41:59.085+0200: 1.301: [GC (Allocation Failure) [PSYoungGen: 628101K->23428K(641024K)] 628529K->23856K(2039296K), 0.0087477 secs] [Times: user=0.00 sys=0.00, real=0.01 secs] 
2020-09-29T17:41:59.147+0200: 1.364: [GC (Allocation Failure) [PSYoungGen: 606084K->31845K(640512K)] 606512K->32273K(2038784K), 0.0109696 secs] [Times: user=0.00 sys=0.00, real=0.01 secs] 
2020-09-29T17:41:59.214+0200: 1.430: [GC (Allocation Failure) [PSYoungGen: 614501K->40325K(642048K)] 614929K->40753K(2040320K), 0.0134195 secs] [Times: user=0.13 sys=0.00, real=0.01 secs] 
2020-09-29T17:41:59.278+0200: 1.495: [GC (Allocation Failure) [PSYoungGen: 626565K->23109K(642560K)] 626993K->23537K(2040832K), 0.0094283 secs] [Times: user=0.13 sys=0.00, real=0.01 secs] 
2020-09-29T17:41:59.347+0200: 1.564: [GC (Allocation Failure) [PSYoungGen: 609349K->33220K(645120K)] 609777K->33648K(2043392K), 0.0140153 secs] [Times: user=0.11 sys=0.00, real=0.01 secs] 
2020-09-29T17:41:59.414+0200: 1.631: [GC (Allocation Failure) [PSYoungGen: 622532K->34565K(643072K)] 622960K->34993K(2041344K), 0.0139797 secs] [Times: user=0.13 sys=0.00, real=0.01 secs] 
2020-09-29T17:41:59.479+0200: 1.696: [GC (Allocation Failure) [PSYoungGen: 623877K->49637K(637440K)] 624305K->50065K(2035712K), 0.0184792 secs] [Times: user=0.13 sys=0.00, real=0.02 secs] 
2020-09-29T17:41:59.549+0200: 1.765: [GC (Allocation Failure) [PSYoungGen: 634853K->16259K(601600K)] 635281K->16687K(1999872K), 0.0066297 secs] [Times: user=0.13 sys=0.00, real=0.01 secs] 
2020-09-29T17:41:59.613+0200: 1.830: [GC (Allocation Failure) [PSYoungGen: 601475K->27205K(643072K)] 601903K->27633K(2041344K), 0.0099405 secs] [Times: user=0.11 sys=0.00, real=0.01 secs] 
2020-09-29T17:41:59.674+0200: 1.891: [GC (Allocation Failure) [PSYoungGen: 612933K->22884K(641536K)] 613361K->23312K(2039808K), 0.0094800 secs] [Times: user=0.13 sys=0.00, real=0.01 secs] 
2020-09-29T17:41:59.736+0200: 1.952: [GC (Allocation Failure) [PSYoungGen: 608612K->34405K(644608K)] 609040K->34833K(2042880K), 0.0117634 secs] [Times: user=0.13 sys=0.00, real=0.01 secs] 
2020-09-29T17:41:59.803+0200: 2.019: [GC (Allocation Failure) [PSYoungGen: 623717K->35845K(643584K)] 624145K->36273K(2041856K), 0.0128097 secs] [Times: user=0.00 sys=0.00, real=0.01 secs] 
2020-09-29T17:41:59.866+0200: 2.083: [GC (Allocation Failure) [PSYoungGen: 625157K->37253K(645632K)] 625585K->37681K(2043904K), 0.0128483 secs] [Times: user=0.13 sys=0.00, real=0.01 secs] 
2020-09-29T17:41:59.933+0200: 2.150: [GC (Allocation Failure) [PSYoungGen: 629637K->41701K(634368K)] 630065K->42129K(2032640K), 0.0141061 secs] [Times: user=0.13 sys=0.00, real=0.01 secs] 
2020-09-29T17:42:00.002+0200: 2.219: [GC (Allocation Failure) [PSYoungGen: 634085K->32421K(646144K)] 634513K->32849K(2044416K), 0.0127127 secs] [Times: user=0.11 sys=0.00, real=0.01 secs] 
2020-09-29T17:42:00.069+0200: 2.285: [GC (Allocation Failure) [PSYoungGen: 623781K->21251K(644096K)] 624209K->21679K(2042368K), 0.0086385 secs] [Times: user=0.00 sys=0.00, real=0.01 secs] 
2020-09-29T17:42:00.133+0200: 2.350: [GC (Allocation Failure) [PSYoungGen: 612611K->38405K(645120K)] 613039K->38833K(2043392K), 0.0154745 secs] [Times: user=0.13 sys=0.00, real=0.02 secs] 
2020-09-29T17:42:00.203+0200: 2.419: [GC (Allocation Failure) [PSYoungGen: 630789K->53221K(645632K)] 631217K->56945K(2043904K), 0.0217756 secs] [Times: user=0.23 sys=0.00, real=0.02 secs] 
2020-09-29T17:42:00.278+0200: 2.495: [GC (Allocation Failure) [PSYoungGen: 645605K->18627K(631296K)] 649329K->22351K(2029568K), 0.0097639 secs] [Times: user=0.13 sys=0.00, real=0.01 secs] 
2020-09-29T17:42:00.343+0200: 2.560: [GC (Allocation Failure) [PSYoungGen: 596675K->36005K(638464K)] 600399K->39729K(2036736K), 0.0129256 secs] [Times: user=0.13 sys=0.00, real=0.01 secs] 
2020-09-29T17:42:00.406+0200: 2.622: [GC (Allocation Failure) [PSYoungGen: 614053K->26085K(641536K)] 617777K->29809K(2039808K), 0.0092562 secs] [Times: user=0.13 sys=0.00, real=0.01 secs] 
2020-09-29T17:42:00.465+0200: 2.681: [GC (Allocation Failure) [PSYoungGen: 609253K->47428K(630784K)] 612977K->51152K(2029056K), 0.0165962 secs] [Times: user=0.13 sys=0.00, real=0.02 secs] 
2020-09-29T17:42:00.531+0200: 2.748: [GC (Allocation Failure) [PSYoungGen: 630596K->26627K(640000K)] 634320K->30351K(2038272K), 0.0110689 secs] [Times: user=0.13 sys=0.00, real=0.01 secs] 
2020-09-29T17:42:00.595+0200: 2.812: [GC (Allocation Failure) [PSYoungGen: 606211K->45669K(625664K)] 609935K->49393K(2023936K), 0.0179743 secs] [Times: user=0.11 sys=0.00, real=0.02 secs] 
2020-09-29T17:42:00.666+0200: 2.883: [GC (Allocation Failure) [PSYoungGen: 625253K->50949K(630784K)] 628977K->54673K(2029056K), 0.0185404 secs] [Times: user=0.13 sys=0.00, real=0.02 secs] 
2020-09-29T17:42:00.734+0200: 2.951: [GC (Allocation Failure) [PSYoungGen: 620805K->46629K(616960K)] 624529K->50353K(2015232K), 0.0159589 secs] [Times: user=0.13 sys=0.00, real=0.02 secs] 
2020-09-29T17:42:00.799+0200: 3.016: [GC (Allocation Failure) [PSYoungGen: 616485K->27780K(634368K)] 620209K->31504K(2032640K), 0.0104967 secs] [Times: user=0.13 sys=0.00, real=0.01 secs] 
2020-09-29T17:42:00.860+0200: 3.077: [GC (Allocation Failure) [PSYoungGen: 596612K->20739K(633344K)] 600336K->24463K(2031616K), 0.0081579 secs] [Times: user=0.13 sys=0.00, real=0.01 secs] 
2020-09-29T17:42:00.922+0200: 3.139: [GC (Allocation Failure) [PSYoungGen: 589571K->26788K(636416K)] 593295K->30512K(2034688K), 0.0103570 secs] [Times: user=0.11 sys=0.00, real=0.01 secs] 
2020-09-29T17:42:00.983+0200: 3.200: [GC (Allocation Failure) [PSYoungGen: 599204K->38629K(634880K)] 602928K->42353K(2033152K), 0.0131594 secs] [Times: user=0.13 sys=0.00, real=0.01 secs] 
2020-09-29T17:42:01.045+0200: 3.262: [GC (Allocation Failure) [PSYoungGen: 611045K->50405K(631296K)] 614769K->54129K(2029568K), 0.0170913 secs] [Times: user=0.13 sys=0.00, real=0.02 secs] 
2020-09-29T17:42:01.112+0200: 3.329: [GC (Allocation Failure) [PSYoungGen: 620261K->46085K(616448K)] 623985K->49809K(2014720K), 0.0161058 secs] [Times: user=0.13 sys=0.00, real=0.02 secs] 
2020-09-29T17:42:01.178+0200: 3.394: [GC (Allocation Failure) [PSYoungGen: 615941K->27268K(634368K)] 619665K->30992K(2032640K), 0.0104139 secs] [Times: user=0.00 sys=0.00, real=0.01 secs] 
2020-09-29T17:42:01.238+0200: 3.454: [GC (Allocation Failure) [PSYoungGen: 596100K->32771K(633344K)] 599824K->36495K(2031616K), 0.0125869 secs] [Times: user=0.13 sys=0.00, real=0.01 secs] 
2020-09-29T17:42:01.300+0200: 3.516: [GC (Allocation Failure) [PSYoungGen: 601603K->40420K(637440K)] 605327K->44144K(2035712K), 0.0146463 secs] [Times: user=0.13 sys=0.00, real=0.01 secs] 
2020-09-29T17:42:01.368+0200: 3.584: [GC (Allocation Failure) [PSYoungGen: 615908K->40548K(636928K)] 619632K->44272K(2035200K), 0.0141713 secs] [Times: user=0.13 sys=0.00, real=0.01 secs] 
2020-09-29T17:42:01.432+0200: 3.648: [GC (Allocation Failure) [PSYoungGen: 616036K->40741K(639488K)] 619760K->44465K(2037760K), 0.0135402 secs] [Times: user=0.13 sys=0.00, real=0.01 secs] 
2020-09-29T17:42:01.497+0200: 3.713: [GC (Allocation Failure) [PSYoungGen: 619813K->31525K(638464K)] 623537K->35249K(2036736K), 0.0115819 secs] [Times: user=0.13 sys=0.00, real=0.01 secs] 
2020-09-29T17:42:01.559+0200: 3.775: [GC (Allocation Failure) [PSYoungGen: 610597K->19908K(639488K)] 614321K->23632K(2037760K), 0.0080909 secs] [Times: user=0.00 sys=0.00, real=0.01 secs] 
2020-09-29T17:42:01.618+0200: 3.834: [GC (Allocation Failure) [PSYoungGen: 601028K->25475K(640000K)] 604752K->29199K(2038272K), 0.0108119 secs] [Times: user=0.00 sys=0.00, real=0.01 secs] 
2020-09-29T17:42:01.679+0200: 3.895: [GC (Allocation Failure) [PSYoungGen: 606595K->45925K(636416K)] 610319K->49649K(2034688K), 0.0154691 secs] [Times: user=0.13 sys=0.00, real=0.02 secs] 
2020-09-29T17:42:01.745+0200: 3.961: [GC (Allocation Failure) [PSYoungGen: 623973K->35108K(638464K)] 627697K->38832K(2036736K), 0.0126507 secs] [Times: user=0.13 sys=0.00, real=0.01 secs] 
2020-09-29T17:42:01.808+0200: 4.024: [GC (Allocation Failure) [PSYoungGen: 613156K->37988K(642560K)] 616880K->41712K(2040832K), 0.0131961 secs] [Times: user=0.13 sys=0.00, real=0.01 secs] 
2020-09-29T17:42:01.873+0200: 4.089: [GC (Allocation Failure) [PSYoungGen: 622692K->19715K(641024K)] 626416K->23439K(2039296K), 0.0081612 secs] [Times: user=0.13 sys=0.00, real=0.01 secs] 
2020-09-29T17:42:01.935+0200: 4.151: [GC (Allocation Failure) [PSYoungGen: 604419K->29892K(643584K)] 608143K->33616K(2041856K), 0.0112780 secs] [Times: user=0.13 sys=0.00, real=0.01 secs] 
2020-09-29T17:42:01.997+0200: 4.212: [GC (Allocation Failure) [PSYoungGen: 616132K->28261K(641536K)] 619856K->31985K(2039808K), 0.0096867 secs] [Times: user=0.13 sys=0.00, real=0.01 secs] 
2020-09-29T17:42:02.059+0200: 4.275: [GC (Allocation Failure) [PSYoungGen: 614501K->40229K(643584K)] 618225K->43953K(2041856K), 0.0136818 secs] [Times: user=0.13 sys=0.00, real=0.01 secs] 
2020-09-29T17:42:02.124+0200: 4.340: [GC (Allocation Failure) [PSYoungGen: 629541K->41669K(631296K)] 633265K->45393K(2029568K), 0.0146796 secs] [Times: user=0.13 sys=0.00, real=0.01 secs] 
2020-09-29T17:42:02.194+0200: 4.410: [GC (Allocation Failure) [PSYoungGen: 630981K->43109K(641024K)] 634705K->46833K(2039296K), 0.0146949 secs] [Times: user=0.13 sys=0.00, real=0.02 secs] 
2020-09-29T17:42:02.260+0200: 4.476: [GC (Allocation Failure) [PSYoungGen: 628325K->40357K(642048K)] 632049K->44081K(2040320K), 0.0139175 secs] [Times: user=0.13 sys=0.00, real=0.01 secs] 
2020-09-29T17:42:02.327+0200: 4.543: [GC (Allocation Failure) [PSYoungGen: 625573K->21637K(641536K)] 629297K->25361K(2039808K), 0.0075862 secs] [Times: user=0.13 sys=0.00, real=0.01 secs] 
2020-09-29T17:42:02.386+0200: 4.601: [GC (Allocation Failure) [PSYoungGen: 606853K->31813K(642048K)] 610577K->35537K(2040320K), 0.0127847 secs] [Times: user=0.13 sys=0.00, real=0.01 secs] 
2020-09-29T17:42:02.448+0200: 4.664: [GC (Allocation Failure) [PSYoungGen: 617029K->42789K(641536K)] 620753K->46513K(2039808K), 0.0141745 secs] [Times: user=0.13 sys=0.00, real=0.01 secs] 
2020-09-29T17:42:02.514+0200: 4.730: [GC (Allocation Failure) [PSYoungGen: 629029K->54757K(641024K)] 632753K->58481K(2039296K), 0.0194817 secs] [Times: user=0.13 sys=0.00, real=0.02 secs] 
2020-09-29T17:42:02.585+0200: 4.800: [GC (Allocation Failure) [PSYoungGen: 640997K->39493K(636928K)] 644721K->43217K(2035200K), 0.0149647 secs] [Times: user=0.11 sys=0.00, real=0.01 secs] 
2020-09-29T17:42:02.651+0200: 4.867: [GC (Allocation Failure) [PSYoungGen: 618565K->44293K(623616K)] 622289K->48017K(2021888K), 0.0154092 secs] [Times: user=0.13 sys=0.00, real=0.01 secs] 
2020-09-29T17:42:02.717+0200: 4.932: [GC (Allocation Failure) [PSYoungGen: 623365K->19876K(637440K)] 627089K->23600K(2035712K), 0.0071857 secs] [Times: user=0.02 sys=0.00, real=0.01 secs] 
2020-09-29T17:42:02.778+0200: 4.994: [GC (Allocation Failure) [PSYoungGen: 596900K->35139K(637952K)] 600624K->38863K(2036224K), 0.0138535 secs] [Times: user=0.13 sys=0.00, real=0.01 secs] 
2020-09-29T17:42:02.841+0200: 5.057: [GC (Allocation Failure) [PSYoungGen: 612163K->36740K(642048K)] 615887K->40464K(2040320K), 0.0133674 secs] [Times: user=0.13 sys=0.00, real=0.01 secs] 
2020-09-29T17:42:02.906+0200: 5.122: [GC (Allocation Failure) [PSYoungGen: 619908K->45701K(640000K)] 623632K->49425K(2038272K), 0.0158355 secs] [Times: user=0.13 sys=0.00, real=0.02 secs] 
2020-09-29T17:42:02.973+0200: 5.189: [GC (Allocation Failure) [PSYoungGen: 628869K->27269K(641024K)] 632593K->30993K(2039296K), 0.0094919 secs] [Times: user=0.11 sys=0.02, real=0.01 secs] 
2020-09-29T17:42:03.035+0200: 5.251: [GC (Allocation Failure) [PSYoungGen: 609925K->35684K(640512K)] 613649K->39408K(2038784K), 0.0132764 secs] [Times: user=0.13 sys=0.00, real=0.01 secs] 
2020-09-29T17:42:03.099+0200: 5.315: [GC (Allocation Failure) [PSYoungGen: 618340K->29796K(644096K)] 622064K->33520K(2042368K), 0.0116198 secs] [Times: user=0.00 sys=0.00, real=0.01 secs] 
2020-09-29T17:42:03.162+0200: 5.378: [GC (Allocation Failure) [PSYoungGen: 618084K->28516K(643072K)] 621808K->32240K(2041344K), 0.0113491 secs] [Times: user=0.00 sys=0.00, real=0.01 secs] 
2020-09-29T17:42:03.225+0200: 5.441: [GC (Allocation Failure) [PSYoungGen: 616804K->28901K(645632K)] 620528K->32625K(2043904K), 0.0100971 secs] [Times: user=0.00 sys=0.00, real=0.01 secs] 
2020-09-29T17:42:03.290+0200: 5.506: [GC (Allocation Failure) [PSYoungGen: 620261K->31492K(644608K)] 623985K->35216K(2042880K), 0.0119789 secs] [Times: user=0.13 sys=0.00, real=0.01 secs] 
2020-09-29T17:42:03.353+0200: 5.569: [GC (Allocation Failure) [PSYoungGen: 622852K->48581K(640000K)] 626576K->52305K(2038272K), 0.0165778 secs] [Times: user=0.13 sys=0.00, real=0.02 secs] 
2020-09-29T17:42:03.421+0200: 5.637: [GC (Allocation Failure) [PSYoungGen: 636869K->35397K(643584K)] 640593K->39121K(2041856K), 0.0134351 secs] [Times: user=0.13 sys=0.00, real=0.01 secs] 
2020-09-29T17:42:03.486+0200: 5.702: [GC (Allocation Failure) [PSYoungGen: 623685K->35685K(647168K)] 627409K->39409K(2045440K), 0.0123717 secs] [Times: user=0.13 sys=0.00, real=0.01 secs] 
2020-09-29T17:42:03.551+0200: 5.767: [GC (Allocation Failure) [PSYoungGen: 629093K->41157K(645120K)] 632817K->44881K(2043392K), 0.0140102 secs] [Times: user=0.13 sys=0.00, real=0.01 secs] 
2020-09-29T17:42:03.617+0200: 5.833: [GC (Allocation Failure) [PSYoungGen: 634565K->32965K(647680K)] 638289K->36689K(2045952K), 0.0133171 secs] [Times: user=0.11 sys=0.00, real=0.01 secs] 
2020-09-29T17:42:03.682+0200: 5.898: [GC (Allocation Failure) [PSYoungGen: 628421K->40517K(646656K)] 632145K->44241K(2044928K), 0.0138786 secs] [Times: user=0.13 sys=0.00, real=0.01 secs] 
2020-09-29T17:42:03.749+0200: 5.965: [GC (Allocation Failure) [PSYoungGen: 635973K->32644K(648192K)] 639697K->36368K(2046464K), 0.0123584 secs] [Times: user=0.13 sys=0.00, real=0.01 secs] 
2020-09-29T17:42:03.813+0200: 6.029: [GC (Allocation Failure) [PSYoungGen: 629124K->25988K(647168K)] 632848K->29712K(2045440K), 0.0095429 secs] [Times: user=0.13 sys=0.00, real=0.01 secs] 
2020-09-29T17:42:03.881+0200: 6.097: [GC (Allocation Failure) [PSYoungGen: 622468K->33700K(649216K)] 626192K->37424K(2047488K), 0.0123355 secs] [Times: user=0.00 sys=0.00, real=0.01 secs] 
2020-09-29T17:42:03.947+0200: 6.163: [GC (Allocation Failure) [PSYoungGen: 632228K->44357K(643072K)] 635952K->48081K(2041344K), 0.0153270 secs] [Times: user=0.13 sys=0.00, real=0.02 secs] 
2020-09-29T17:42:04.015+0200: 6.230: [GC (Allocation Failure) [PSYoungGen: 642885K->40997K(646144K)] 646609K->44721K(2044416K), 0.0151562 secs] [Times: user=0.13 sys=0.00, real=0.01 secs] 
2020-09-29T17:42:04.081+0200: 6.297: [GC (Allocation Failure) [PSYoungGen: 635429K->32580K(646656K)] 639153K->36304K(2044928K), 0.0121804 secs] [Times: user=0.13 sys=0.00, real=0.01 secs] 
2020-09-29T17:42:04.145+0200: 6.361: [GC (Allocation Failure) [PSYoungGen: 627012K->39109K(648192K)] 630736K->42833K(2046464K), 0.0135861 secs] [Times: user=0.13 sys=0.00, real=0.01 secs] 
2020-09-29T17:42:04.213+0200: 6.429: [GC (Allocation Failure) [PSYoungGen: 636101K->48165K(645632K)] 639825K->51889K(2043904K), 0.0174873 secs] [Times: user=0.13 sys=0.00, real=0.02 secs] 
2020-09-29T17:42:04.287+0200: 6.502: [GC (Allocation Failure) [PSYoungGen: 645157K->43493K(643584K)] 648881K->47217K(2041856K), 0.0178451 secs] [Times: user=0.13 sys=0.00, real=0.02 secs] 
2020-09-29T17:42:04.358+0200: 6.574: [GC (Allocation Failure) [PSYoungGen: 633829K->54245K(644608K)] 637553K->63313K(2042880K), 0.0221518 secs] [Times: user=0.22 sys=0.03, real=0.02 secs] 
2020-09-29T17:42:04.432+0200: 6.648: [GC (Allocation Failure) [PSYoungGen: 644581K->20292K(629248K)] 653649K->29360K(2027520K), 0.0083498 secs] [Times: user=0.00 sys=0.00, real=0.01 secs] 
2020-09-29T17:42:04.490+0200: 6.706: [GC (Allocation Failure) [PSYoungGen: 595268K->48357K(623616K)] 604336K->57425K(2021888K), 0.0165098 secs] [Times: user=0.13 sys=0.00, real=0.02 secs] 
2020-09-29T17:42:04.556+0200: 6.772: [GC (Allocation Failure) [PSYoungGen: 623333K->34788K(636928K)] 632401K->43856K(2035200K), 0.0128634 secs] [Times: user=0.13 sys=0.00, real=0.01 secs] 
2020-09-29T17:42:04.620+0200: 6.836: [GC (Allocation Failure) [PSYoungGen: 608228K->33989K(635392K)] 617296K->43057K(2033664K), 0.0131335 secs] [Times: user=0.11 sys=0.00, real=0.01 secs] 
2020-09-29T17:42:04.682+0200: 6.898: [GC (Allocation Failure) [PSYoungGen: 607429K->31653K(639488K)] 616497K->40721K(2037760K), 0.0116887 secs] [Times: user=0.13 sys=0.00, real=0.01 secs] 
2020-09-29T17:42:04.744+0200: 6.960: [GC (Allocation Failure) [PSYoungGen: 610725K->50181K(629760K)] 619793K->59249K(2028032K), 0.0172212 secs] [Times: user=0.13 sys=0.00, real=0.02 secs] 
2020-09-29T17:42:04.811+0200: 7.027: [GC (Allocation Failure) [PSYoungGen: 629253K->41285K(638464K)] 638321K->50353K(2036736K), 0.0143815 secs] [Times: user=0.13 sys=0.00, real=0.01 secs] 
2020-09-29T17:42:04.876+0200: 7.092: [GC (Allocation Failure) [PSYoungGen: 617797K->43557K(636928K)] 626865K->52625K(2035200K), 0.0148041 secs] [Times: user=0.13 sys=0.00, real=0.02 secs] 
2020-09-29T17:42:04.941+0200: 7.157: [GC (Allocation Failure) [PSYoungGen: 620069K->45829K(637952K)] 629137K->54897K(2036224K), 0.0159985 secs] [Times: user=0.13 sys=0.00, real=0.02 secs] 
2020-09-29T17:42:05.006+0200: 7.222: [GC (Allocation Failure) [PSYoungGen: 623877K->34469K(638464K)] 632945K->43537K(2036736K), 0.0126649 secs] [Times: user=0.00 sys=0.00, real=0.01 secs] 
2020-09-29T17:42:05.069+0200: 7.285: [GC (Allocation Failure) [PSYoungGen: 612517K->37252K(641024K)] 621585K->46320K(2039296K), 0.0133734 secs] [Times: user=0.00 sys=0.00, real=0.01 secs] 
2020-09-29T17:42:05.132+0200: 7.348: [GC (Allocation Failure) [PSYoungGen: 618884K->44709K(639488K)] 627952K->53777K(2037760K), 0.0155097 secs] [Times: user=0.13 sys=0.00, real=0.02 secs] 
2020-09-29T17:42:05.198+0200: 7.414: [GC (Allocation Failure) [PSYoungGen: 626341K->38469K(642560K)] 635409K->47537K(2040832K), 0.0139601 secs] [Times: user=0.13 sys=0.00, real=0.01 secs] 
2020-09-29T17:42:05.264+0200: 7.480: [GC (Allocation Failure) [PSYoungGen: 623173K->35205K(641024K)] 632241K->44273K(2039296K), 0.0116788 secs] [Times: user=0.13 sys=0.00, real=0.01 secs] 
2020-09-29T17:42:05.330+0200: 7.546: [GC (Allocation Failure) [PSYoungGen: 619909K->44805K(642560K)] 628977K->53873K(2040832K), 0.0160414 secs] [Times: user=0.13 sys=0.00, real=0.02 secs] 
2020-09-29T17:42:05.396+0200: 7.612: [GC (Allocation Failure) [PSYoungGen: 632069K->44005K(643072K)] 641137K->53073K(2041344K), 0.0154519 secs] [Times: user=0.13 sys=0.00, real=0.02 secs] 
2020-09-29T17:42:05.464+0200: 7.680: [GC (Allocation Failure) [PSYoungGen: 631269K->43429K(643584K)] 640337K->52497K(2041856K), 0.0179458 secs] [Times: user=0.11 sys=0.00, real=0.02 secs] 
2020-09-29T17:42:05.532+0200: 7.749: [GC (Allocation Failure) [PSYoungGen: 631205K->28868K(643072K)] 640273K->37936K(2041344K), 0.0108467 secs] [Times: user=0.13 sys=0.00, real=0.01 secs] 
2020-09-29T17:42:05.595+0200: 7.811: [GC (Allocation Failure) [PSYoungGen: 616644K->42437K(643584K)] 625712K->51505K(2041856K), 0.0152059 secs] [Times: user=0.11 sys=0.00, real=0.01 secs] 
2020-09-29T17:42:05.662+0200: 7.878: [GC (Allocation Failure) [PSYoungGen: 630213K->28388K(643072K)] 639281K->37456K(2041344K), 0.0104564 secs] [Times: user=0.00 sys=0.00, real=0.01 secs] 
2020-09-29T17:42:05.724+0200: 7.941: [GC (Allocation Failure) [PSYoungGen: 616164K->28293K(643072K)] 625232K->37361K(2041344K), 0.0090113 secs] [Times: user=0.00 sys=0.00, real=0.01 secs] 
2020-09-29T17:42:05.784+0200: 8.000: [GC (Allocation Failure) [PSYoungGen: 615557K->41317K(643072K)] 624625K->50385K(2041344K), 0.0139395 secs] [Times: user=0.13 sys=0.00, real=0.01 secs] 
2020-09-29T17:42:05.848+0200: 8.064: [GC (Allocation Failure) [PSYoungGen: 628581K->54341K(634368K)] 637649K->63409K(2032640K), 0.0182265 secs] [Times: user=0.25 sys=0.00, real=0.02 secs] 
2020-09-29T17:42:05.916+0200: 8.132: [GC (Allocation Failure) [PSYoungGen: 633413K->15523K(594944K)] 642481K->24591K(1993216K), 0.0065445 secs] [Times: user=0.00 sys=0.00, real=0.01 secs] 
2020-09-29T17:42:05.972+0200: 8.188: [GC (Allocation Failure) [PSYoungGen: 594595K->47749K(633856K)] 603663K->56817K(2032128K), 0.0163882 secs] [Times: user=0.13 sys=0.00, real=0.02 secs] 
2020-09-29T17:42:06.039+0200: 8.255: [GC (Allocation Failure) [PSYoungGen: 619653K->29924K(635392K)] 628721K->38992K(2033664K), 0.0139966 secs] [Times: user=0.13 sys=0.00, real=0.01 secs] 
2020-09-29T17:42:06.104+0200: 8.320: [GC (Allocation Failure) [PSYoungGen: 601828K->27492K(637440K)] 610896K->36560K(2035712K), 0.0126945 secs] [Times: user=0.13 sys=0.00, real=0.01 secs] 
2020-09-29T17:42:06.169+0200: 8.385: [GC (Allocation Failure) [PSYoungGen: 602468K->26245K(636416K)] 611536K->35313K(2034688K), 0.0102708 secs] [Times: user=0.13 sys=0.00, real=0.01 secs] 
2020-09-29T17:42:06.232+0200: 8.448: [GC (Allocation Failure) [PSYoungGen: 601221K->40613K(638464K)] 610289K->49681K(2036736K), 0.0141018 secs] [Times: user=0.13 sys=0.00, real=0.01 secs] 
2020-09-29T17:42:06.296+0200: 8.512: [GC (Allocation Failure) [PSYoungGen: 618149K->43877K(637952K)] 627217K->52945K(2036224K), 0.0148564 secs] [Times: user=0.13 sys=0.00, real=0.02 secs] 
2020-09-29T17:42:06.360+0200: 8.577: [GC (Allocation Failure) [PSYoungGen: 621413K->46469K(635904K)] 630481K->55537K(2034176K), 0.0160362 secs] [Times: user=0.13 sys=0.00, real=0.02 secs] 
2020-09-29T17:42:06.429+0200: 8.645: [GC (Allocation Failure) [PSYoungGen: 621445K->33509K(636928K)] 630513K->42577K(2035200K), 0.0110148 secs] [Times: user=0.00 sys=0.00, real=0.01 secs] 
2020-09-29T17:42:06.493+0200: 8.709: [GC (Allocation Failure) [PSYoungGen: 608485K->34149K(640512K)] 617553K->43217K(2038784K), 0.0126129 secs] [Times: user=0.13 sys=0.00, real=0.01 secs] 
2020-09-29T17:42:06.556+0200: 8.772: [GC (Allocation Failure) [PSYoungGen: 614245K->40004K(638464K)] 623313K->49072K(2036736K), 0.0148745 secs] [Times: user=0.13 sys=0.00, real=0.02 secs] 
2020-09-29T17:42:06.623+0200: 8.839: [GC (Allocation Failure) [PSYoungGen: 620100K->16196K(638464K)] 629168K->25264K(2036736K), 0.0067644 secs] [Times: user=0.00 sys=0.00, real=0.01 secs] 
2020-09-29T17:42:06.680+0200: 8.896: [GC (Allocation Failure) [PSYoungGen: 597316K->36356K(640000K)] 606384K->45424K(2038272K), 0.0129406 secs] [Times: user=0.13 sys=0.00, real=0.01 secs] 
2020-09-29T17:42:06.742+0200: 8.958: [GC (Allocation Failure) [PSYoungGen: 617476K->29605K(643072K)] 626544K->38673K(2041344K), 0.0106001 secs] [Times: user=0.00 sys=0.00, real=0.01 secs] 
2020-09-29T17:42:06.806+0200: 9.022: [GC (Allocation Failure) [PSYoungGen: 615333K->26149K(641536K)] 624401K->35217K(2039808K), 0.0096482 secs] [Times: user=0.00 sys=0.00, real=0.01 secs] 
2020-09-29T17:42:06.866+0200: 9.082: [GC (Allocation Failure) [PSYoungGen: 611877K->51365K(634368K)] 620945K->60433K(2032640K), 0.0171606 secs] [Times: user=0.13 sys=0.00, real=0.02 secs] 
2020-09-29T17:42:06.933+0200: 9.149: [GC (Allocation Failure) [PSYoungGen: 630437K->28516K(638976K)] 639505K->37584K(2037248K), 0.0107082 secs] [Times: user=0.13 sys=0.00, real=0.01 secs] 
2020-09-29T17:42:07.001+0200: 9.217: [GC (Allocation Failure) [PSYoungGen: 607588K->31588K(642048K)] 616656K->40656K(2040320K), 0.0121928 secs] [Times: user=0.13 sys=0.00, real=0.01 secs] 
2020-09-29T17:42:07.063+0200: 9.279: [GC (Allocation Failure) [PSYoungGen: 615268K->40548K(640512K)] 624336K->49616K(2038784K), 0.0148545 secs] [Times: user=0.13 sys=0.00, real=0.02 secs] 
2020-09-29T17:42:07.127+0200: 9.344: [GC (Allocation Failure) [PSYoungGen: 624228K->36293K(643584K)] 633296K->45361K(2041856K), 0.0131515 secs] [Times: user=0.13 sys=0.00, real=0.01 secs] 
2020-09-29T17:42:07.193+0200: 9.409: [GC (Allocation Failure) [PSYoungGen: 623045K->48805K(635904K)] 632113K->57873K(2034176K), 0.0164145 secs] [Times: user=0.13 sys=0.00, real=0.02 secs] 
2020-09-29T17:42:07.260+0200: 9.476: [GC (Allocation Failure) [PSYoungGen: 635557K->46980K(636928K)] 644625K->56048K(2035200K), 0.0165107 secs] [Times: user=0.13 sys=0.00, real=0.02 secs] 
2020-09-29T17:42:07.326+0200: 9.542: [GC (Allocation Failure) [PSYoungGen: 626052K->23715K(638976K)] 635120K->32783K(2037248K), 0.0099125 secs] [Times: user=0.13 sys=0.00, real=0.01 secs] 
2020-09-29T17:42:07.387+0200: 9.603: [GC (Allocation Failure) [PSYoungGen: 602787K->41989K(638976K)] 611855K->51057K(2037248K), 0.0148071 secs] [Times: user=0.13 sys=0.00, real=0.01 secs] 
2020-09-29T17:42:07.454+0200: 9.670: [GC (Allocation Failure) [PSYoungGen: 621061K->30403K(638976K)] 630129K->39471K(2037248K), 0.0125186 secs] [Times: user=0.11 sys=0.00, real=0.01 secs] 
2020-09-29T17:42:07.516+0200: 9.732: [GC (Allocation Failure) [PSYoungGen: 609475K->18179K(638464K)] 618543K->27247K(2036736K), 0.0075404 secs] [Times: user=0.13 sys=0.00, real=0.01 secs] 
2020-09-29T17:42:07.575+0200: 9.791: [GC (Allocation Failure) [PSYoungGen: 598275K->24037K(639488K)] 607343K->33105K(2037760K), 0.0083130 secs] [Times: user=0.11 sys=0.00, real=0.01 secs] 
2020-09-29T17:42:07.635+0200: 9.851: [GC (Allocation Failure) [PSYoungGen: 604133K->29829K(642048K)] 613201K->38897K(2040320K), 0.0100592 secs] [Times: user=0.13 sys=0.00, real=0.01 secs] 
2020-09-29T17:42:07.701+0200: 9.918: [GC (Allocation Failure) [PSYoungGen: 612997K->38693K(640000K)] 622065K->47761K(2038272K), 0.0132931 secs] [Times: user=0.13 sys=0.00, real=0.01 secs] 
2020-09-29T17:42:07.764+0200: 9.980: [GC (Allocation Failure) [PSYoungGen: 621861K->47685K(636416K)] 630929K->56753K(2034688K), 0.0165179 secs] [Times: user=0.13 sys=0.00, real=0.02 secs] 
2020-09-29T17:42:07.832+0200: 10.048: [GC (Allocation Failure) [PSYoungGen: 627781K->39685K(639488K)] 636849K->48753K(2037760K), 0.0143854 secs] [Times: user=0.13 sys=0.00, real=0.01 secs] 
2020-09-29T17:42:07.896+0200: 10.113: [GC (Allocation Failure) [PSYoungGen: 619781K->30916K(641536K)] 628849K->39984K(2039808K), 0.0118246 secs] [Times: user=0.00 sys=0.00, real=0.01 secs] 
2020-09-29T17:42:07.958+0200: 10.174: [GC (Allocation Failure) [PSYoungGen: 613572K->25701K(640000K)] 622640K->34769K(2038272K), 0.0092415 secs] [Times: user=0.00 sys=0.00, real=0.01 secs] 
2020-09-29T17:42:08.028+0200: 10.244: [GC (Allocation Failure) [PSYoungGen: 608357K->19492K(642048K)] 617425K->28560K(2040320K), 0.0072437 secs] [Times: user=0.00 sys=0.00, real=0.01 secs] 
2020-09-29T17:42:08.089+0200: 10.305: [GC (Allocation Failure) [PSYoungGen: 604708K->43108K(628736K)] 613776K->52176K(2027008K), 0.0162103 secs] [Times: user=0.13 sys=0.00, real=0.02 secs] 
2020-09-29T17:42:08.155+0200: 10.371: [GC (Allocation Failure) [PSYoungGen: 628324K->54149K(630272K)] 637392K->63217K(2028544K), 0.0178685 secs] [Times: user=0.13 sys=0.00, real=0.02 secs] 
2020-09-29T17:42:08.225+0200: 10.441: [GC (Allocation Failure) [PSYoungGen: 626053K->23043K(635392K)] 635121K->32111K(2033664K), 0.0099102 secs] [Times: user=0.00 sys=0.00, real=0.01 secs] 
2020-09-29T17:42:08.284+0200: 10.500: [GC (Allocation Failure) [PSYoungGen: 594947K->19364K(636416K)] 604015K->28432K(2034688K), 0.0078912 secs] [Times: user=0.13 sys=0.00, real=0.01 secs] 
2020-09-29T17:42:08.345+0200: 10.561: [GC (Allocation Failure) [PSYoungGen: 592804K->16130K(635904K)] 601872K->25198K(2034176K), 0.0079889 secs] [Times: user=0.13 sys=0.00, real=0.01 secs] 
2020-09-29T17:42:08.405+0200: 10.621: [GC (Allocation Failure) [PSYoungGen: 589570K->42661K(634368K)] 598638K->51729K(2032640K), 0.0147150 secs] [Times: user=0.13 sys=0.00, real=0.01 secs] 
2020-09-29T17:42:08.472+0200: 10.689: [GC (Allocation Failure) [PSYoungGen: 614565K->26469K(635392K)] 623633K->35537K(2033664K), 0.0091411 secs] [Times: user=0.13 sys=0.00, real=0.01 secs] 
2020-09-29T17:42:08.530+0200: 10.746: [GC (Allocation Failure) [PSYoungGen: 598373K->37829K(637952K)] 607441K->46897K(2036224K), 0.0134355 secs] [Times: user=0.13 sys=0.00, real=0.01 secs] 
2020-09-29T17:42:08.595+0200: 10.811: [GC (Allocation Failure) [PSYoungGen: 614341K->38692K(637440K)] 623409K->47760K(2035712K), 0.0162699 secs] [Times: user=0.11 sys=0.00, real=0.02 secs] 
2020-09-29T17:42:08.662+0200: 10.878: [GC (Allocation Failure) [PSYoungGen: 615204K->39812K(638464K)] 624272K->48880K(2036736K), 0.0142735 secs] [Times: user=0.00 sys=0.00, real=0.01 secs] 
2020-09-29T17:42:08.727+0200: 10.944: [GC (Allocation Failure) [PSYoungGen: 617860K->15619K(638464K)] 626928K->24687K(2036736K), 0.0065848 secs] [Times: user=0.00 sys=0.00, real=0.01 secs] 
2020-09-29T17:42:08.784+0200: 11.001: [GC (Allocation Failure) [PSYoungGen: 593667K->17123K(638464K)] 602735K->26191K(2036736K), 0.0073081 secs] [Times: user=0.11 sys=0.00, real=0.01 secs] 
2020-09-29T17:42:08.841+0200: 11.057: [GC (Allocation Failure) [PSYoungGen: 595171K->48068K(626176K)] 604239K->57136K(2024448K), 0.0167835 secs] [Times: user=0.13 sys=0.00, real=0.02 secs] 
2020-09-29T17:42:08.907+0200: 11.123: [GC (Allocation Failure) [PSYoungGen: 626116K->22307K(636416K)] 635184K->31375K(2034688K), 0.0096112 secs] [Times: user=0.13 sys=0.00, real=0.01 secs] 
2020-09-29T17:42:08.965+0200: 11.182: [GC (Allocation Failure) [PSYoungGen: 594723K->34245K(634880K)] 603791K->43313K(2033152K), 0.0118638 secs] [Times: user=0.13 sys=0.00, real=0.01 secs] 
2020-09-29T17:42:09.026+0200: 11.242: [GC (Allocation Failure) [PSYoungGen: 606661K->46149K(633344K)] 615729K->55217K(2031616K), 0.0156610 secs] [Times: user=0.13 sys=0.00, real=0.02 secs] 
2020-09-29T17:42:09.091+0200: 11.308: [GC (Allocation Failure) [PSYoungGen: 619077K->44773K(617984K)] 628145K->53841K(2016256K), 0.0166051 secs] [Times: user=0.13 sys=0.00, real=0.02 secs] 
2020-09-29T17:42:09.156+0200: 11.373: [GC (Allocation Failure) [PSYoungGen: 617701K->26436K(636416K)] 626769K->35504K(2034688K), 0.0103948 secs] [Times: user=0.13 sys=0.00, real=0.01 secs] 
2020-09-29T17:42:09.216+0200: 11.432: [GC (Allocation Failure) [PSYoungGen: 598340K->37797K(634368K)] 607408K->46865K(2032640K), 0.0129357 secs] [Times: user=0.13 sys=0.00, real=0.01 secs] 
2020-09-29T17:42:09.280+0200: 11.497: [GC (Allocation Failure) [PSYoungGen: 609701K->20676K(637952K)] 618769K->29744K(2036224K), 0.0076106 secs] [Times: user=0.13 sys=0.00, real=0.01 secs] 
2020-09-29T17:42:09.339+0200: 11.555: [GC (Allocation Failure) [PSYoungGen: 597188K->22725K(637440K)] 606256K->31793K(2035712K), 0.0080806 secs] [Times: user=0.00 sys=0.00, real=0.01 secs] 
2020-09-29T17:42:09.396+0200: 11.613: [GC (Allocation Failure) [PSYoungGen: 599237K->38725K(639488K)] 608305K->47793K(2037760K), 0.0132597 secs] [Times: user=0.00 sys=0.00, real=0.01 secs] 
2020-09-29T17:42:09.461+0200: 11.677: [GC (Allocation Failure) [PSYoungGen: 618309K->30180K(638976K)] 627377K->39248K(2037248K), 0.0129399 secs] [Times: user=0.13 sys=0.00, real=0.01 secs] 
2020-09-29T17:42:09.527+0200: 11.743: [GC (Allocation Failure) [PSYoungGen: 609764K->35204K(643072K)] 618832K->44272K(2041344K), 0.0152191 secs] [Times: user=0.13 sys=0.00, real=0.02 secs] 
2020-09-29T17:42:09.596+0200: 11.813: [GC (Allocation Failure) [PSYoungGen: 620932K->46693K(632832K)] 630000K->55761K(2031104K), 0.0193090 secs] [Times: user=0.20 sys=0.00, real=0.02 secs] 
2020-09-29T17:42:09.669+0200: 11.885: [GC (Allocation Failure) [PSYoungGen: 632421K->29284K(641536K)] 641489K->38352K(2039808K), 0.0114619 secs] [Times: user=0.13 sys=0.00, real=0.01 secs] 
2020-09-29T17:42:09.730+0200: 11.947: [GC (Allocation Failure) [PSYoungGen: 611940K->37701K(640000K)] 621008K->46769K(2038272K), 0.0127562 secs] [Times: user=0.13 sys=0.00, real=0.01 secs] 
2020-09-29T17:42:09.794+0200: 12.010: [GC (Allocation Failure) [PSYoungGen: 620357K->31492K(644096K)] 629425K->40560K(2042368K), 0.0119610 secs] [Times: user=0.13 sys=0.00, real=0.01 secs] 
2020-09-29T17:42:09.857+0200: 12.073: [GC (Allocation Failure) [PSYoungGen: 619268K->16451K(642560K)] 628336K->25519K(2040832K), 0.0076863 secs] [Times: user=0.13 sys=0.00, real=0.01 secs] 
2020-09-29T17:42:09.915+0200: 12.132: [GC (Allocation Failure) [PSYoungGen: 604227K->43749K(639488K)] 613295K->52817K(2037760K), 0.0152214 secs] [Times: user=0.13 sys=0.00, real=0.02 secs] 
2020-09-29T17:42:09.981+0200: 12.197: [GC (Allocation Failure) [PSYoungGen: 627941K->53669K(637952K)] 637009K->62737K(2036224K), 0.0179949 secs] [Times: user=0.13 sys=0.00, real=0.02 secs] 
2020-09-29T17:42:10.049+0200: 12.265: [GC (Allocation Failure) [PSYoungGen: 637861K->36229K(638464K)] 646929K->45297K(2036736K), 0.0125922 secs] [Times: user=0.13 sys=0.00, real=0.01 secs] 
2020-09-29T17:42:10.112+0200: 12.328: [GC (Allocation Failure) [PSYoungGen: 613765K->39589K(637952K)] 622833K->48657K(2036224K), 0.0137225 secs] [Times: user=0.13 sys=0.00, real=0.01 secs] 
2020-09-29T17:42:10.175+0200: 12.392: [GC (Allocation Failure) [PSYoungGen: 617125K->27204K(640512K)] 626193K->36272K(2038784K), 0.0105605 secs] [Times: user=0.00 sys=0.00, real=0.01 secs] 
2020-09-29T17:42:10.235+0200: 12.452: [GC (Allocation Failure) [PSYoungGen: 608324K->34053K(639488K)] 617392K->43121K(2037760K), 0.0124871 secs] [Times: user=0.13 sys=0.00, real=0.01 secs] 
2020-09-29T17:42:10.298+0200: 12.514: [GC (Allocation Failure) [PSYoungGen: 615173K->40901K(642560K)] 624241K->49969K(2040832K), 0.0142213 secs] [Times: user=0.13 sys=0.00, real=0.01 secs] 
2020-09-29T17:42:10.362+0200: 12.578: [GC (Allocation Failure) [PSYoungGen: 627141K->39237K(642560K)] 636209K->48305K(2040832K), 0.0138551 secs] [Times: user=0.13 sys=0.00, real=0.01 secs] 
2020-09-29T17:42:10.426+0200: 12.643: [GC (Allocation Failure) [PSYoungGen: 625477K->51333K(634880K)] 634545K->60401K(2033152K), 0.0177241 secs] [Times: user=0.13 sys=0.00, real=0.02 secs] 
2020-09-29T17:42:10.494+0200: 12.710: [GC (Allocation Failure) [PSYoungGen: 630405K->10114K(589312K)] 639473K->19182K(1987584K), 0.0048636 secs] [Times: user=0.00 sys=0.00, real=0.01 secs] 
2020-09-29T17:42:10.550+0200: 12.766: [GC (Allocation Failure) [PSYoungGen: 589186K->28581K(638464K)] 598254K->37649K(2036736K), 0.0104389 secs] [Times: user=0.13 sys=0.00, real=0.01 secs] 
2020-09-29T17:42:10.611+0200: 12.828: [GC (Allocation Failure) [PSYoungGen: 605093K->44485K(636928K)] 614161K->53553K(2035200K), 0.0169016 secs] [Times: user=0.11 sys=0.00, real=0.02 secs] 
2020-09-29T17:42:10.678+0200: 12.895: [GC (Allocation Failure) [PSYoungGen: 620997K->31268K(639488K)] 630065K->40336K(2037760K), 0.0112703 secs] [Times: user=0.00 sys=0.00, real=0.01 secs] 
2020-09-29T17:42:10.739+0200: 12.955: [GC (Allocation Failure) [PSYoungGen: 609316K->35109K(637440K)] 618384K->44177K(2035712K), 0.0122066 secs] [Times: user=0.00 sys=0.00, real=0.01 secs] 
2020-09-29T17:42:10.801+0200: 13.017: [GC (Allocation Failure) [PSYoungGen: 613157K->38917K(642048K)] 622225K->47985K(2040320K), 0.0134364 secs] [Times: user=0.00 sys=0.00, real=0.01 secs] 
2020-09-29T17:42:10.864+0200: 13.080: [GC (Allocation Failure) [PSYoungGen: 623621K->35332K(641536K)] 632689K->44400K(2039808K), 0.0129263 secs] [Times: user=0.00 sys=0.00, real=0.01 secs] 
2020-09-29T17:42:10.928+0200: 13.144: [GC (Allocation Failure) [PSYoungGen: 620036K->31588K(645632K)] 629104K->40656K(2043904K), 0.0113759 secs] [Times: user=0.00 sys=0.00, real=0.01 secs] 
2020-09-29T17:42:10.990+0200: 13.206: [GC (Allocation Failure) [PSYoungGen: 622436K->34501K(644096K)] 631504K->43569K(2042368K), 0.0122882 secs] [Times: user=0.00 sys=0.00, real=0.01 secs] 
2020-09-29T17:42:11.055+0200: 13.271: [GC (Allocation Failure) [PSYoungGen: 625349K->22308K(646144K)] 634417K->31376K(2044416K), 0.0083575 secs] [Times: user=0.00 sys=0.00, real=0.01 secs] 
2020-09-29T17:42:11.116+0200: 13.333: [GC (Allocation Failure) [PSYoungGen: 616740K->27395K(646656K)] 625808K->36463K(2044928K), 0.0107048 secs] [Times: user=0.00 sys=0.00, real=0.01 secs] 
2020-09-29T17:42:11.178+0200: 13.394: [GC (Allocation Failure) [PSYoungGen: 621827K->18531K(646656K)] 630895K->27599K(2044928K), 0.0085695 secs] [Times: user=0.00 sys=0.00, real=0.01 secs] 
2020-09-29T17:42:11.237+0200: 13.454: [GC (Allocation Failure) [PSYoungGen: 613987K->24803K(647168K)] 623055K->33871K(2045440K), 0.0105460 secs] [Times: user=0.13 sys=0.00, real=0.01 secs] 
2020-09-29T17:42:11.298+0200: 13.515: [GC (Allocation Failure) [PSYoungGen: 620259K->30469K(649728K)] 629327K->39537K(2048000K), 0.0109147 secs] [Times: user=0.13 sys=0.00, real=0.01 secs] 
2020-09-29T17:42:11.360+0200: 13.577: [GC (Allocation Failure) [PSYoungGen: 628997K->27269K(647680K)] 638065K->36337K(2045952K), 0.0094864 secs] [Times: user=0.13 sys=0.00, real=0.01 secs] 
2020-09-29T17:42:11.421+0200: 13.638: [GC (Allocation Failure) [PSYoungGen: 625797K->24197K(651776K)] 634865K->33265K(2050048K), 0.0080213 secs] [Times: user=0.13 sys=0.00, real=0.01 secs] 
2020-09-29T17:42:11.483+0200: 13.699: [GC (Allocation Failure) [PSYoungGen: 628357K->40452K(645120K)] 637425K->49520K(2043392K), 0.0147548 secs] [Times: user=0.13 sys=0.00, real=0.01 secs] 
2020-09-29T17:42:11.549+0200: 13.766: [GC (Allocation Failure) [PSYoungGen: 644612K->29285K(651264K)] 653680K->38353K(2049536K), 0.0109218 secs] [Times: user=0.13 sys=0.00, real=0.01 secs] 
2020-09-29T17:42:11.614+0200: 13.831: [GC (Allocation Failure) [PSYoungGen: 631397K->43525K(646144K)] 640465K->52593K(2044416K), 0.0168099 secs] [Times: user=0.13 sys=0.00, real=0.02 secs] 
2020-09-29T17:42:11.683+0200: 13.899: [GC (Allocation Failure) [PSYoungGen: 645637K->29571K(649216K)] 654705K->38639K(2047488K), 0.0114111 secs] [Times: user=0.13 sys=0.00, real=0.01 secs] 
2020-09-29T17:42:11.746+0200: 13.963: [GC (Allocation Failure) [PSYoungGen: 628099K->37956K(648192K)] 637167K->47024K(2046464K), 0.0139258 secs] [Times: user=0.13 sys=0.00, real=0.01 secs] 
2020-09-29T17:42:11.812+0200: 14.029: [GC (Allocation Failure) [PSYoungGen: 636484K->34628K(649728K)] 645552K->43696K(2048000K), 0.0127156 secs] [Times: user=0.13 sys=0.00, real=0.01 secs] 
2020-09-29T17:42:11.878+0200: 14.095: [GC (Allocation Failure) [PSYoungGen: 634180K->45924K(645632K)] 643248K->54992K(2043904K), 0.0164641 secs] [Times: user=0.14 sys=0.00, real=0.02 secs] 
2020-09-29T17:42:11.946+0200: 14.162: [GC (Allocation Failure) [PSYoungGen: 645476K->15491K(643584K)] 654544K->24559K(2041856K), 0.0067062 secs] [Times: user=0.00 sys=0.00, real=0.01 secs] 
2020-09-29T17:42:12.004+0200: 14.220: [GC (Allocation Failure) [PSYoungGen: 606851K->31940K(645120K)] 615919K->41008K(2043392K), 0.0122600 secs] [Times: user=0.00 sys=0.00, real=0.01 secs] 
2020-09-29T17:42:12.069+0200: 14.285: [GC (Allocation Failure) [PSYoungGen: 623300K->32612K(649216K)] 632368K->41680K(2047488K), 0.0123969 secs] [Times: user=0.00 sys=0.00, real=0.01 secs] 
2020-09-29T17:42:12.132+0200: 14.349: [GC (Allocation Failure) [PSYoungGen: 630116K->27364K(647168K)] 639184K->36432K(2045440K), 0.0103333 secs] [Times: user=0.00 sys=0.00, real=0.01 secs] 
2020-09-29T17:42:12.193+0200: 14.410: [GC (Allocation Failure) [PSYoungGen: 624868K->6307K(644608K)] 633936K->15375K(2042880K), 0.0028979 secs] [Times: user=0.00 sys=0.00, real=0.00 secs] 
2020-09-29T17:42:12.250+0200: 14.467: [GC (Allocation Failure) [PSYoungGen: 601763K->40260K(635904K)] 610831K->49328K(2034176K), 0.0147240 secs] [Times: user=0.13 sys=0.00, real=0.02 secs] 
2020-09-29T17:42:12.318+0200: 14.535: [GC (Allocation Failure) [PSYoungGen: 635716K->47813K(636416K)] 644784K->56881K(2034688K), 0.0164921 secs] [Times: user=0.13 sys=0.00, real=0.02 secs] 
2020-09-29T17:42:12.386+0200: 14.603: [GC (Allocation Failure) [PSYoungGen: 630981K->42981K(626176K)] 640049K->52049K(2024448K), 0.0144557 secs] [Times: user=0.13 sys=0.00, real=0.02 secs] 
2020-09-29T17:42:12.450+0200: 14.667: [GC (Allocation Failure) [PSYoungGen: 626149K->21731K(640512K)] 635217K->30799K(2038784K), 0.0102380 secs] [Times: user=0.13 sys=0.00, real=0.01 secs] 
2020-09-29T17:42:12.511+0200: 14.728: [GC (Allocation Failure) [PSYoungGen: 602851K->12642K(639488K)] 611919K->21710K(2037760K), 0.0062137 secs] [Times: user=0.00 sys=0.00, real=0.01 secs] 
2020-09-29T17:42:12.569+0200: 14.786: [GC (Allocation Failure) [PSYoungGen: 593762K->46981K(633344K)] 602830K->56049K(2031616K), 0.0169968 secs] [Times: user=0.11 sys=0.00, real=0.02 secs] 
2020-09-29T17:42:12.637+0200: 14.854: [GC (Allocation Failure) [PSYoungGen: 620933K->32965K(636416K)] 630001K->42033K(2034688K), 0.0125704 secs] [Times: user=0.13 sys=0.00, real=0.01 secs] 
2020-09-29T17:42:12.698+0200: 14.915: [GC (Allocation Failure) [PSYoungGen: 606917K->13603K(637952K)] 615985K->22671K(2036224K), 0.0063233 secs] [Times: user=0.00 sys=0.00, real=0.01 secs] 
2020-09-29T17:42:12.757+0200: 14.974: [GC (Allocation Failure) [PSYoungGen: 591651K->29636K(638464K)] 600719K->38704K(2036736K), 0.0108993 secs] [Times: user=0.00 sys=0.00, real=0.01 secs] 
2020-09-29T17:42:12.818+0200: 15.035: [GC (Allocation Failure) [PSYoungGen: 607684K->47205K(634368K)] 616752K->56273K(2032640K), 0.0165245 secs] [Times: user=0.13 sys=0.00, real=0.02 secs] 
2020-09-29T17:42:12.884+0200: 15.101: [GC (Allocation Failure) [PSYoungGen: 624229K->49925K(627200K)] 633297K->58993K(2025472K), 0.0163754 secs] [Times: user=0.13 sys=0.00, real=0.02 secs] 
2020-09-29T17:42:12.950+0200: 15.167: [GC (Allocation Failure) [PSYoungGen: 626949K->24900K(635904K)] 636017K->33968K(2034176K), 0.0089525 secs] [Times: user=0.13 sys=0.00, real=0.01 secs] 
2020-09-29T17:42:13.012+0200: 15.229: [GC (Allocation Failure) [PSYoungGen: 595780K->35205K(633856K)] 604848K->44273K(2032128K), 0.0119683 secs] [Times: user=0.13 sys=0.00, real=0.01 secs] 
2020-09-29T17:42:13.075+0200: 15.292: [GC (Allocation Failure) [PSYoungGen: 606085K->31845K(640512K)] 615153K->40913K(2038784K), 0.0110228 secs] [Times: user=0.13 sys=0.00, real=0.01 secs] 
2020-09-29T17:42:13.146+0200: 15.362: [GC (Allocation Failure) [PSYoungGen: 611429K->37221K(637952K)] 620497K->46289K(2036224K), 0.0175192 secs] [Times: user=0.13 sys=0.00, real=0.02 secs] 
2020-09-29T17:42:13.214+0200: 15.431: [GC (Allocation Failure) [PSYoungGen: 616805K->27717K(642560K)] 625873K->36785K(2040832K), 0.0141670 secs] [Times: user=0.13 sys=0.00, real=0.02 secs] 
2020-09-29T17:42:13.280+0200: 15.496: [GC (Allocation Failure) [PSYoungGen: 612933K->35525K(641536K)] 622001K->44593K(2039808K), 0.0175140 secs] [Times: user=0.13 sys=0.00, real=0.02 secs] 
2020-09-29T17:42:13.350+0200: 15.567: [GC (Allocation Failure) [PSYoungGen: 620741K->31428K(646144K)] 629809K->40496K(2044416K), 0.0161657 secs] [Times: user=0.13 sys=0.00, real=0.02 secs] 
2020-09-29T17:42:13.418+0200: 15.634: [GC (Allocation Failure) [PSYoungGen: 622788K->34692K(644096K)] 631856K->43760K(2042368K), 0.0181952 secs] [Times: user=0.13 sys=0.00, real=0.02 secs] 
2020-09-29T17:42:13.486+0200: 15.703: [GC (Allocation Failure) [PSYoungGen: 626052K->38149K(647168K)] 635120K->47217K(2045440K), 0.0178117 secs] [Times: user=0.25 sys=0.00, real=0.02 secs] 
2020-09-29T17:42:13.559+0200: 15.776: [GC (Allocation Failure) [PSYoungGen: 633605K->31621K(647168K)] 642673K->40689K(2045440K), 0.0154014 secs] [Times: user=0.13 sys=0.00, real=0.02 secs] 
2020-09-29T17:42:13.632+0200: 15.849: [GC (Allocation Failure) [PSYoungGen: 627077K->39173K(647680K)] 636145K->48241K(2045952K), 0.0207526 secs] [Times: user=0.11 sys=0.00, real=0.02 secs] 
2020-09-29T17:42:13.711+0200: 15.928: [GC (Allocation Failure) [PSYoungGen: 636677K->35109K(648192K)] 645745K->44177K(2046464K), 0.0166634 secs] [Times: user=0.13 sys=0.00, real=0.02 secs] 
2020-09-29T17:42:13.786+0200: 16.002: [GC (Allocation Failure) [PSYoungGen: 632613K->30628K(650240K)] 641681K->39696K(2048512K), 0.0155869 secs] [Times: user=0.13 sys=0.00, real=0.02 secs] 
2020-09-29T17:42:13.862+0200: 16.078: [GC (Allocation Failure) [PSYoungGen: 631204K->9442K(610304K)] 640272K->18510K(2008576K), 0.0068600 secs] [Times: user=0.13 sys=0.00, real=0.01 secs] 
2020-09-29T17:42:13.922+0200: 16.139: [GC (Allocation Failure) [PSYoungGen: 610018K->34980K(648192K)] 619086K->44048K(2046464K), 0.0178501 secs] [Times: user=0.13 sys=0.00, real=0.02 secs] 
2020-09-29T17:42:13.991+0200: 16.208: [GC (Allocation Failure) [PSYoungGen: 631972K->43717K(641024K)] 641040K->52785K(2039296K), 0.0206589 secs] [Times: user=0.13 sys=0.00, real=0.02 secs] 
2020-09-29T17:42:14.065+0200: 16.282: [GC (Allocation Failure) [PSYoungGen: 640709K->38052K(645632K)] 649777K->47120K(2043904K), 0.0189883 secs] [Times: user=0.25 sys=0.00, real=0.02 secs] 
2020-09-29T17:42:14.136+0200: 16.352: [GC (Allocation Failure) [PSYoungGen: 630436K->42533K(635392K)] 639504K->51601K(2033664K), 0.0197148 secs] [Times: user=0.13 sys=0.00, real=0.02 secs] 
2020-09-29T17:42:14.206+0200: 16.423: [GC (Allocation Failure) [PSYoungGen: 634917K->33381K(646144K)] 643985K->42449K(2044416K), 0.0158679 secs] [Times: user=0.02 sys=0.00, real=0.02 secs] 
2020-09-29T17:42:14.279+0200: 16.496: [GC (Allocation Failure) [PSYoungGen: 624741K->50533K(642048K)] 633809K->59601K(2040320K), 0.0233956 secs] [Times: user=0.25 sys=0.00, real=0.02 secs] 
2020-09-29T17:42:14.355+0200: 16.572: [GC (Allocation Failure) [PSYoungGen: 641893K->53989K(632832K)] 650961K->63057K(2031104K), 0.0251751 secs] [Times: user=0.25 sys=0.00, real=0.03 secs] 
2020-09-29T17:42:14.430+0200: 16.647: [GC (Allocation Failure) [PSYoungGen: 629989K->28228K(637440K)] 639057K->37296K(2035712K), 0.0143129 secs] [Times: user=0.13 sys=0.00, real=0.01 secs] 
2020-09-29T17:42:14.504+0200: 16.721: [GC (Allocation Failure) [PSYoungGen: 604228K->11938K(634880K)] 613296K->21006K(2033152K), 0.0078585 secs] [Times: user=0.00 sys=0.00, real=0.01 secs] 
2020-09-29T17:42:14.567+0200: 16.784: [GC (Allocation Failure) [PSYoungGen: 585890K->37924K(636416K)] 594958K->46992K(2034688K), 0.0199618 secs] [Times: user=0.11 sys=0.00, real=0.02 secs] 
2020-09-29T17:42:14.642+0200: 16.859: [GC (Allocation Failure) [PSYoungGen: 611876K->37605K(638976K)] 620944K->46673K(2037248K), 0.0192020 secs] [Times: user=0.23 sys=0.00, real=0.02 secs] 
2020-09-29T17:42:14.711+0200: 16.927: [GC (Allocation Failure) [PSYoungGen: 615141K->54565K(632320K)] 624209K->63633K(2030592K), 0.0249560 secs] [Times: user=0.13 sys=0.00, real=0.03 secs] 
2020-09-29T17:42:14.786+0200: 17.003: [GC (Allocation Failure) [PSYoungGen: 632101K->43076K(634880K)] 641169K->52144K(2033152K), 0.0206218 secs] [Times: user=0.13 sys=0.00, real=0.02 secs] 
2020-09-29T17:42:14.858+0200: 17.074: [GC (Allocation Failure) [PSYoungGen: 613444K->36676K(634368K)] 622512K->45744K(2032640K), 0.0188319 secs] [Times: user=0.13 sys=0.00, real=0.02 secs] 
2020-09-29T17:42:14.926+0200: 17.142: [GC (Allocation Failure) [PSYoungGen: 607044K->18019K(635392K)] 616112K->27087K(2033664K), 0.0100828 secs] [Times: user=0.00 sys=0.00, real=0.01 secs] 
2020-09-29T17:42:14.988+0200: 17.205: [GC (Allocation Failure) [PSYoungGen: 591971K->44549K(619008K)] 601039K->53617K(2017280K), 0.0206903 secs] [Times: user=0.20 sys=0.02, real=0.02 secs] 
2020-09-29T17:42:15.063+0200: 17.280: [GC (Allocation Failure) [PSYoungGen: 618501K->30437K(637440K)] 627569K->39505K(2035712K), 0.0154253 secs] [Times: user=0.13 sys=0.00, real=0.02 secs] 
2020-09-29T17:42:15.132+0200: 17.349: [GC (Allocation Failure) [PSYoungGen: 604901K->29669K(635904K)] 613969K->38737K(2034176K), 0.0152809 secs] [Times: user=0.13 sys=0.00, real=0.02 secs] 
2020-09-29T17:42:15.197+0200: 17.414: [GC (Allocation Failure) [PSYoungGen: 604133K->43621K(636928K)] 613201K->52689K(2035200K), 0.0207568 secs] [Times: user=0.13 sys=0.00, real=0.02 secs] 
2020-09-29T17:42:15.269+0200: 17.485: [GC (Allocation Failure) [PSYoungGen: 620645K->32677K(637952K)] 629713K->41745K(2036224K), 0.0151522 secs] [Times: user=0.13 sys=0.00, real=0.01 secs] 
2020-09-29T17:42:15.337+0200: 17.554: [GC (Allocation Failure) [PSYoungGen: 609701K->34660K(642048K)] 618769K->43728K(2040320K), 0.0178285 secs] [Times: user=0.13 sys=0.00, real=0.02 secs] 
2020-09-29T17:42:15.411+0200: 17.627: [GC (Allocation Failure) [PSYoungGen: 617828K->27011K(640000K)] 626896K->36079K(2038272K), 0.0151531 secs] [Times: user=0.00 sys=0.00, real=0.02 secs] 
2020-09-29T17:42:15.480+0200: 17.697: [GC (Allocation Failure) [PSYoungGen: 610179K->35877K(644608K)] 619247K->44945K(2042880K), 0.0180124 secs] [Times: user=0.13 sys=0.00, real=0.02 secs] 
2020-09-29T17:42:15.552+0200: 17.769: [GC (Allocation Failure) [PSYoungGen: 624677K->22468K(643072K)] 633745K->31536K(2041344K), 0.0118221 secs] [Times: user=0.00 sys=0.00, real=0.01 secs] 
2020-09-29T17:42:15.616+0200: 17.833: [GC (Allocation Failure) [PSYoungGen: 611268K->50725K(635904K)] 620336K->59793K(2034176K), 0.0262275 secs] [Times: user=0.11 sys=0.00, real=0.03 secs] 
2020-09-29T17:42:15.694+0200: 17.910: [GC (Allocation Failure) [PSYoungGen: 631845K->57669K(638976K)] 640913K->66737K(2037248K), 0.0260792 secs] [Times: user=0.13 sys=0.00, real=0.03 secs] 
2020-09-29T17:42:15.769+0200: 17.986: [GC (Allocation Failure) [PSYoungGen: 638789K->37157K(634880K)] 647857K->46225K(2033152K), 0.0180497 secs] [Times: user=0.25 sys=0.00, real=0.02 secs] 
2020-09-29T17:42:15.843+0200: 18.060: [GC (Allocation Failure) [PSYoungGen: 612133K->36900K(636928K)] 621201K->45968K(2035200K), 0.0195608 secs] [Times: user=0.11 sys=0.00, real=0.02 secs] 
2020-09-29T17:42:15.917+0200: 18.133: [GC (Allocation Failure) [PSYoungGen: 611876K->37669K(641024K)] 620944K->46737K(2039296K), 0.0186389 secs] [Times: user=0.13 sys=0.00, real=0.02 secs] 
2020-09-29T17:42:15.985+0200: 18.202: [GC (Allocation Failure) [PSYoungGen: 618789K->44549K(638976K)] 627857K->53617K(2037248K), 0.0213717 secs] [Times: user=0.25 sys=0.00, real=0.02 secs] 
2020-09-29T17:42:16.057+0200: 18.273: [GC (Allocation Failure) [PSYoungGen: 625669K->19523K(638464K)] 634737K->28591K(2036736K), 0.0114146 secs] [Times: user=0.13 sys=0.00, real=0.01 secs] 
2020-09-29T17:42:16.120+0200: 18.337: [GC (Allocation Failure) [PSYoungGen: 599619K->38532K(639488K)] 608687K->47600K(2037760K), 0.0198875 secs] [Times: user=0.13 sys=0.00, real=0.03 secs] 
2020-09-29T17:42:16.199+0200: 18.416: [GC (Allocation Failure) [PSYoungGen: 618628K->44453K(638976K)] 627696K->53521K(2037248K), 0.0206415 secs] [Times: user=0.13 sys=0.00, real=0.02 secs] 
2020-09-29T17:42:16.272+0200: 18.489: [GC (Allocation Failure) [PSYoungGen: 625573K->36388K(640000K)] 634641K->45456K(2038272K), 0.0187067 secs] [Times: user=0.13 sys=0.00, real=0.02 secs] 
2020-09-29T17:42:16.343+0200: 18.559: [GC (Allocation Failure) [PSYoungGen: 617508K->43140K(641024K)] 626576K->52208K(2039296K), 0.0206903 secs] [Times: user=0.25 sys=0.00, real=0.02 secs] 
2020-09-29T17:42:16.415+0200: 18.632: [GC (Allocation Failure) [PSYoungGen: 627332K->39429K(641536K)] 636400K->48497K(2039808K), 0.0190479 secs] [Times: user=0.13 sys=0.00, real=0.02 secs] 
2020-09-29T17:42:16.486+0200: 18.703: [GC (Allocation Failure) [PSYoungGen: 623621K->49381K(637952K)] 632689K->58449K(2036224K), 0.0230934 secs] [Times: user=0.25 sys=0.00, real=0.02 secs] 
2020-09-29T17:42:16.560+0200: 18.776: [GC (Allocation Failure) [PSYoungGen: 631525K->27653K(640512K)] 640593K->36721K(2038784K), 0.0139262 secs] [Times: user=0.13 sys=0.00, real=0.01 secs] 
2020-09-29T17:42:16.630+0200: 18.847: [GC (Allocation Failure) [PSYoungGen: 609797K->21508K(639488K)] 618865K->30576K(2037760K), 0.0119206 secs] [Times: user=0.00 sys=0.00, real=0.01 secs] 
2020-09-29T17:42:16.697+0200: 18.914: [GC (Allocation Failure) [PSYoungGen: 602628K->42053K(640000K)] 611696K->51121K(2038272K), 0.0201256 secs] [Times: user=0.13 sys=0.00, real=0.02 secs] 
2020-09-29T17:42:16.769+0200: 18.986: [GC (Allocation Failure) [PSYoungGen: 623173K->35301K(642048K)] 632241K->44369K(2040320K), 0.0170831 secs] [Times: user=0.25 sys=0.00, real=0.02 secs] 
2020-09-29T17:42:16.838+0200: 19.054: [GC (Allocation Failure) [PSYoungGen: 618469K->43332K(640000K)] 627537K->52400K(2038272K), 0.0209335 secs] [Times: user=0.13 sys=0.00, real=0.02 secs] 
2020-09-29T17:42:16.912+0200: 19.128: [GC (Allocation Failure) [PSYoungGen: 626500K->38565K(643072K)] 635568K->47633K(2041344K), 0.0177775 secs] [Times: user=0.13 sys=0.00, real=0.02 secs] 
2020-09-29T17:42:16.983+0200: 19.199: [GC (Allocation Failure) [PSYoungGen: 624293K->36357K(641536K)] 633361K->45425K(2039808K), 0.0162573 secs] [Times: user=0.13 sys=0.00, real=0.02 secs] 
2020-09-29T17:42:17.049+0200: 19.266: [GC (Allocation Failure) [PSYoungGen: 622085K->30371K(645120K)] 631153K->39439K(2043392K), 0.0164939 secs] [Times: user=0.13 sys=0.00, real=0.02 secs] 
2020-09-29T17:42:17.117+0200: 19.334: [GC (Allocation Failure) [PSYoungGen: 621219K->33317K(644608K)] 630287K->42385K(2042880K), 0.0160896 secs] [Times: user=0.13 sys=0.00, real=0.02 secs] 
2020-09-29T17:42:17.196+0200: 19.412: [GC (Allocation Failure) [PSYoungGen: 624165K->21315K(644096K)] 633233K->30383K(2042368K), 0.0117622 secs] [Times: user=0.13 sys=0.00, real=0.01 secs] 
2020-09-29T17:42:17.263+0200: 19.480: [GC (Allocation Failure) [PSYoungGen: 612675K->21349K(612864K)] 621743K->30417K(2011136K), 0.0104916 secs] [Times: user=0.13 sys=0.00, real=0.01 secs] 
2020-09-29T17:42:17.327+0200: 19.544: [GC (Allocation Failure) [PSYoungGen: 612709K->38437K(645120K)] 621777K->47505K(2043392K), 0.0184134 secs] [Times: user=0.13 sys=0.00, real=0.02 secs] 
2020-09-29T17:42:17.407+0200: 19.623: [GC (Allocation Failure) [PSYoungGen: 629285K->27716K(644608K)] 638353K->36784K(2042880K), 0.0141098 secs] [Times: user=0.13 sys=0.00, real=0.01 secs] 
2020-09-29T17:42:17.474+0200: 19.690: [GC (Allocation Failure) [PSYoungGen: 618564K->29380K(647168K)] 627632K->38448K(2045440K), 0.0156411 secs] [Times: user=0.13 sys=0.00, real=0.02 secs] 
2020-09-29T17:42:17.546+0200: 19.762: [GC (Allocation Failure) [PSYoungGen: 623300K->19460K(645632K)] 632368K->28528K(2043904K), 0.0100407 secs] [Times: user=0.13 sys=0.00, real=0.01 secs] 
2020-09-29T17:42:17.612+0200: 19.828: [GC (Allocation Failure) [PSYoungGen: 613380K->23652K(647168K)] 622448K->32720K(2045440K), 0.0135688 secs] [Times: user=0.11 sys=0.00, real=0.01 secs] 
2020-09-29T17:42:17.678+0200: 19.895: [GC (Allocation Failure) [PSYoungGen: 618596K->29604K(646656K)] 627664K->38672K(2044928K), 0.0148233 secs] [Times: user=0.13 sys=0.00, real=0.02 secs] 
2020-09-29T17:42:17.744+0200: 19.960: [GC (Allocation Failure) [PSYoungGen: 624548K->36709K(648192K)] 633616K->45777K(2046464K), 0.0170270 secs] [Times: user=0.13 sys=0.00, real=0.02 secs] 
2020-09-29T17:42:17.815+0200: 20.031: [GC (Allocation Failure) [PSYoungGen: 635237K->33605K(648704K)] 644305K->42673K(2046976K), 0.0162399 secs] [Times: user=0.13 sys=0.00, real=0.02 secs] 
2020-09-29T17:42:17.887+0200: 20.103: [GC (Allocation Failure) [PSYoungGen: 632133K->44261K(643584K)] 641201K->53329K(2041856K), 0.0204439 secs] [Times: user=0.13 sys=0.00, real=0.02 secs] 
2020-09-29T17:42:17.959+0200: 20.176: [GC (Allocation Failure) [PSYoungGen: 638693K->23332K(646656K)] 647761K->32400K(2044928K), 0.0133136 secs] [Times: user=0.00 sys=0.02, real=0.01 secs] 
2020-09-29T17:42:18.023+0200: 20.240: [GC (Allocation Failure) [PSYoungGen: 617764K->42596K(643072K)] 626832K->51664K(2041344K), 0.0213187 secs] [Times: user=0.13 sys=0.00, real=0.02 secs] 
2020-09-29T17:42:18.095+0200: 20.311: [GC (Allocation Failure) [PSYoungGen: 633956K->45957K(637440K)] 643024K->55025K(2035712K), 0.0209621 secs] [Times: user=0.25 sys=0.00, real=0.02 secs] 
2020-09-29T17:42:18.167+0200: 20.384: [GC (Allocation Failure) [PSYoungGen: 637317K->35653K(644096K)] 646385K->44721K(2042368K), 0.0186138 secs] [Times: user=0.13 sys=0.00, real=0.02 secs] 
2020-09-29T17:42:18.241+0200: 20.458: [GC (Allocation Failure) [PSYoungGen: 623429K->20483K(642560K)] 632497K->29551K(2040832K), 0.0143546 secs] [Times: user=0.13 sys=0.00, real=0.02 secs] 
2020-09-29T17:42:18.320+0200: 20.537: [GC (Allocation Failure) [PSYoungGen: 608259K->47685K(637440K)] 617327K->56753K(2035712K), 0.0262820 secs] [Times: user=0.13 sys=0.00, real=0.03 secs] 
2020-09-29T17:42:18.400+0200: 20.617: [GC (Allocation Failure) [PSYoungGen: 629829K->26756K(640512K)] 638897K->35824K(2038784K), 0.0164734 secs] [Times: user=0.13 sys=0.00, real=0.02 secs] 
2020-09-29T17:42:18.471+0200: 20.688: [GC (Allocation Failure) [PSYoungGen: 608900K->34661K(643584K)] 617968K->43729K(2041856K), 0.0195111 secs] [Times: user=0.25 sys=0.00, real=0.02 secs] 
2020-09-29T17:42:18.546+0200: 20.762: [GC (Allocation Failure) [PSYoungGen: 620901K->32804K(641536K)] 629969K->41872K(2039808K), 0.0187908 secs] [Times: user=0.13 sys=0.00, real=0.02 secs] 
2020-09-29T17:42:18.619+0200: 20.836: [GC (Allocation Failure) [PSYoungGen: 619044K->14403K(642560K)] 628112K->23471K(2040832K), 0.0108554 secs] [Times: user=0.11 sys=0.00, real=0.01 secs] 
2020-09-29T17:42:18.696+0200: 20.912: [GC (Allocation Failure) [PSYoungGen: 603715K->40772K(630272K)] 612783K->49840K(2028544K), 0.0235752 secs] [Times: user=0.13 sys=0.00, real=0.02 secs] 
2020-09-29T17:42:18.773+0200: 20.989: [GC (Allocation Failure) [PSYoungGen: 630084K->23939K(644096K)] 639152K->33007K(2042368K), 0.0160369 secs] [Times: user=0.13 sys=0.00, real=0.02 secs] 
2020-09-29T17:42:18.845+0200: 21.062: [GC (Allocation Failure) [PSYoungGen: 612227K->38021K(643072K)] 621295K->47089K(2041344K), 0.0208112 secs] [Times: user=0.25 sys=0.00, real=0.02 secs] 
2020-09-29T17:42:18.929+0200: 21.145: [GC (Allocation Failure) [PSYoungGen: 626309K->38341K(644096K)] 635377K->47409K(2042368K), 0.0199561 secs] [Times: user=0.13 sys=0.00, real=0.02 secs] 
2020-09-29T17:42:19.003+0200: 21.220: [GC (Allocation Failure) [PSYoungGen: 627653K->22372K(644096K)] 636721K->31440K(2042368K), 0.0129746 secs] [Times: user=0.02 sys=0.00, real=0.01 secs] 
2020-09-29T17:42:19.076+0200: 21.292: [GC (Allocation Failure) [PSYoungGen: 611684K->37476K(644608K)] 620752K->46544K(2042880K), 0.0216727 secs] [Times: user=0.13 sys=0.00, real=0.02 secs] 
2020-09-29T17:42:19.148+0200: 21.365: [GC (Allocation Failure) [PSYoungGen: 627300K->39365K(644096K)] 636368K->48433K(2042368K), 0.0206327 secs] [Times: user=0.13 sys=0.00, real=0.02 secs] 
2020-09-29T17:42:19.221+0200: 21.437: [GC (Allocation Failure) [PSYoungGen: 629189K->41285K(642048K)] 638257K->50353K(2040320K), 0.0223821 secs] [Times: user=0.25 sys=0.00, real=0.02 secs] 
2020-09-29T17:42:19.298+0200: 21.514: [GC (Allocation Failure) [PSYoungGen: 628549K->26885K(643072K)] 637617K->35953K(2041344K), 0.0144804 secs] [Times: user=0.13 sys=0.00, real=0.01 secs] 
2020-09-29T17:42:19.370+0200: 21.586: [GC (Allocation Failure) [PSYoungGen: 614149K->25892K(645120K)] 623217K->34960K(2043392K), 0.0148534 secs] [Times: user=0.13 sys=0.00, real=0.02 secs] 
2020-09-29T17:42:19.449+0200: 21.665: [GC (Allocation Failure) [PSYoungGen: 616228K->27715K(644096K)] 625296K->36783K(2042368K), 0.0175381 secs] [Times: user=0.13 sys=0.00, real=0.02 secs] 
2020-09-29T17:42:19.520+0200: 21.736: [GC (Allocation Failure) [PSYoungGen: 618051K->29988K(648192K)] 627119K->39056K(2046464K), 0.0171780 secs] [Times: user=0.13 sys=0.00, real=0.02 secs] 
2020-09-29T17:42:19.593+0200: 21.809: [GC (Allocation Failure) [PSYoungGen: 625444K->23876K(646144K)] 634512K->32944K(2044416K), 0.0150241 secs] [Times: user=0.11 sys=0.00, real=0.02 secs] 
2020-09-29T17:42:19.660+0200: 21.876: [GC (Allocation Failure) [PSYoungGen: 619332K->28740K(650240K)] 628400K->37808K(2048512K), 0.0177348 secs] [Times: user=0.16 sys=0.03, real=0.02 secs] 
2020-09-29T17:42:19.731+0200: 21.947: [GC (Allocation Failure) [PSYoungGen: 628804K->25540K(648704K)] 637872K->34608K(2046976K), 0.0163034 secs] [Times: user=0.13 sys=0.00, real=0.02 secs] 
2020-09-29T17:42:19.805+0200: 22.021: [GC (Allocation Failure) [PSYoungGen: 625604K->37701K(648704K)] 634672K->46769K(2046976K), 0.0241498 secs] [Times: user=0.11 sys=0.00, real=0.02 secs] 
2020-09-29T17:42:19.890+0200: 22.106: [GC (Allocation Failure) [PSYoungGen: 638277K->36452K(649728K)] 647345K->45520K(2048000K), 0.0215811 secs] [Times: user=0.24 sys=0.00, real=0.02 secs] 
2020-09-29T17:42:19.966+0200: 22.182: [GC (Allocation Failure) [PSYoungGen: 637028K->35365K(650240K)] 646096K->44433K(2048512K), 0.0199109 secs] [Times: user=0.13 sys=0.00, real=0.02 secs] 
2020-09-29T17:42:20.049+0200: 22.265: [GC (Allocation Failure) [PSYoungGen: 636453K->34885K(649728K)] 645521K->43953K(2048000K), 0.0198971 secs] [Times: user=0.25 sys=0.00, real=0.02 secs] 
2020-09-29T17:42:20.124+0200: 22.340: [GC (Allocation Failure) [PSYoungGen: 635862K->18276K(648704K)] 644930K->27344K(2046976K), 0.0101210 secs] [Times: user=0.13 sys=0.00, real=0.01 secs] 
2020-09-29T17:42:20.194+0200: 22.410: [GC (Allocation Failure) [PSYoungGen: 618852K->44581K(645632K)] 627920K->53649K(2043904K), 0.0266092 secs] [Times: user=0.11 sys=0.00, real=0.03 secs] 
2020-09-29T17:42:20.279+0200: 22.495: [GC (Allocation Failure) [PSYoungGen: 645157K->29957K(648192K)] 654225K->39025K(2046464K), 0.0176668 secs] [Times: user=0.11 sys=0.00, real=0.02 secs] 
2020-09-29T17:42:20.350+0200: 22.566: [GC (Allocation Failure) [PSYoungGen: 625925K->38053K(646656K)] 634993K->47121K(2044928K), 0.0211974 secs] [Times: user=0.13 sys=0.00, real=0.02 secs] 
2020-09-29T17:42:20.429+0200: 22.646: [GC (Allocation Failure) [PSYoungGen: 634021K->32389K(649728K)] 643089K->41457K(2048000K), 0.0180891 secs] [Times: user=0.11 sys=0.00, real=0.02 secs] 
2020-09-29T17:42:20.508+0200: 22.724: [GC (Allocation Failure) [PSYoungGen: 630917K->43013K(642048K)] 639985K->52081K(2040320K), 0.0265367 secs] [Times: user=0.11 sys=0.00, real=0.03 secs] 
2020-09-29T17:42:20.593+0200: 22.809: [GC (Allocation Failure) [PSYoungGen: 641541K->40005K(646144K)] 650609K->49073K(2044416K), 0.0249676 secs] [Times: user=0.19 sys=0.00, real=0.03 secs] 
2020-09-29T17:42:20.677+0200: 22.893: [GC (Allocation Failure) [PSYoungGen: 634437K->31716K(646656K)] 643505K->40784K(2044928K), 0.0207223 secs] [Times: user=0.13 sys=0.00, real=0.02 secs] 
2020-09-29T17:42:20.754+0200: 22.970: [GC (Allocation Failure) [PSYoungGen: 626148K->22404K(647168K)] 635216K->31472K(2045440K), 0.0132450 secs] [Times: user=0.09 sys=0.00, real=0.01 secs] 
2020-09-29T17:42:20.830+0200: 23.046: [GC (Allocation Failure) [PSYoungGen: 618884K->27812K(647680K)] 627952K->36880K(2045952K), 0.0177862 secs] [Times: user=0.11 sys=0.00, real=0.02 secs] 
2020-09-29T17:42:20.902+0200: 23.118: [GC (Allocation Failure) [PSYoungGen: 624292K->22340K(648704K)] 633360K->31408K(2046976K), 0.0135440 secs] [Times: user=0.11 sys=0.00, real=0.01 secs] 
2020-09-29T17:42:20.970+0200: 23.186: [GC (Allocation Failure) [PSYoungGen: 620868K->46693K(645632K)] 629936K->55761K(2043904K), 0.0272919 secs] [Times: user=0.22 sys=0.00, real=0.03 secs] 
2020-09-29T17:42:21.054+0200: 23.270: [GC (Allocation Failure) [PSYoungGen: 645221K->43653K(640512K)] 654289K->52721K(2038784K), 0.0252850 secs] [Times: user=0.11 sys=0.00, real=0.03 secs] 
2020-09-29T17:42:21.133+0200: 23.349: [GC (Allocation Failure) [PSYoungGen: 630917K->27395K(643072K)] 639985K->36463K(2041344K), 0.0169013 secs] [Times: user=0.13 sys=0.00, real=0.02 secs] 
2020-09-29T17:42:21.203+0200: 23.419: [GC (Allocation Failure) [PSYoungGen: 614659K->40421K(643072K)] 623727K->49489K(2041344K), 0.0230075 secs] [Times: user=0.24 sys=0.00, real=0.02 secs] 
2020-09-29T17:42:21.276+0200: 23.492: [GC (Allocation Failure) [PSYoungGen: 628709K->26949K(643584K)] 637777K->36017K(2041856K), 0.0142494 secs] [Times: user=0.13 sys=0.00, real=0.01 secs] 
2020-09-29T17:42:21.344+0200: 23.560: [GC (Allocation Failure) [PSYoungGen: 615237K->41029K(642560K)] 624305K->50097K(2040832K), 0.0217427 secs] [Times: user=0.25 sys=0.00, real=0.02 secs] 
2020-09-29T17:42:21.421+0200: 23.637: [GC (Allocation Failure) [PSYoungGen: 629317K->41349K(629760K)] 638385K->50417K(2028032K), 0.0221472 secs] [Times: user=0.25 sys=0.00, real=0.02 secs] 
2020-09-29T17:42:21.496+0200: 23.712: [GC (Allocation Failure) [PSYoungGen: 629637K->25731K(643584K)] 638705K->34799K(2041856K), 0.0166937 secs] [Times: user=0.13 sys=0.00, real=0.02 secs] 
2020-09-29T17:42:21.564+0200: 23.781: [GC (Allocation Failure) [PSYoungGen: 613507K->52997K(641024K)] 622575K->62065K(2039296K), 0.0308721 secs] [Times: user=0.22 sys=0.00, real=0.03 secs] 
2020-09-29T17:42:21.649+0200: 23.865: [GC (Allocation Failure) [PSYoungGen: 640773K->52741K(628736K)] 649841K->61809K(2027008K), 0.0287380 secs] [Times: user=0.25 sys=0.00, real=0.03 secs] 
2020-09-29T17:42:21.727+0200: 23.943: [GC (Allocation Failure) [PSYoungGen: 623621K->35749K(634880K)] 632689K->44817K(2033152K), 0.0190896 secs] [Times: user=0.11 sys=0.00, real=0.02 secs] 
2020-09-29T17:42:21.805+0200: 24.021: [GC (Allocation Failure) [PSYoungGen: 606629K->32389K(638464K)] 615697K->41457K(2036736K), 0.0167835 secs] [Times: user=0.13 sys=0.00, real=0.02 secs] 
2020-09-29T17:42:21.874+0200: 24.090: [GC (Allocation Failure) [PSYoungGen: 608901K->48325K(636928K)] 617969K->57393K(2035200K), 0.0259850 secs] [Times: user=0.25 sys=0.00, real=0.03 secs] 
2020-09-29T17:42:21.955+0200: 24.171: [GC (Allocation Failure) [PSYoungGen: 624837K->36741K(638976K)] 633905K->45809K(2037248K), 0.0203537 secs] [Times: user=0.25 sys=0.00, real=0.02 secs] 
2020-09-29T17:42:22.027+0200: 24.244: [GC (Allocation Failure) [PSYoungGen: 613765K->39204K(636928K)] 622833K->48272K(2035200K), 0.0221252 secs] [Times: user=0.13 sys=0.00, real=0.02 secs] 
2020-09-29T17:42:22.103+0200: 24.319: [GC (Allocation Failure) [PSYoungGen: 616228K->41989K(641024K)] 625296K->51057K(2039296K), 0.0236760 secs] [Times: user=0.13 sys=0.00, real=0.02 secs] 
2020-09-29T17:42:22.176+0200: 24.392: [GC (Allocation Failure) [PSYoungGen: 624645K->33796K(640512K)] 633713K->42864K(2038784K), 0.0195537 secs] [Times: user=0.22 sys=0.00, real=0.02 secs] 
2020-09-29T17:42:22.257+0200: 24.473: [GC (Allocation Failure) [PSYoungGen: 616452K->27908K(642560K)] 625520K->36976K(2040832K), 0.0169060 secs] [Times: user=0.13 sys=0.00, real=0.02 secs] 
2020-09-29T17:42:22.326+0200: 24.542: [GC (Allocation Failure) [PSYoungGen: 613636K->39333K(642048K)] 622704K->48401K(2040320K), 0.0212591 secs] [Times: user=0.08 sys=0.00, real=0.02 secs] 
2020-09-29T17:42:22.403+0200: 24.619: [GC (Allocation Failure) [PSYoungGen: 625061K->37157K(645120K)] 634129K->46225K(2043392K), 0.0205692 secs] [Times: user=0.13 sys=0.00, real=0.02 secs] 
2020-09-29T17:42:22.479+0200: 24.695: [GC (Allocation Failure) [PSYoungGen: 626981K->25060K(643584K)] 636049K->34128K(2041856K), 0.0151694 secs] [Times: user=0.13 sys=0.00, real=0.01 secs] 
2020-09-29T17:42:22.558+0200: 24.774: [GC (Allocation Failure) [PSYoungGen: 614884K->23779K(644608K)] 623952K->32847K(2042880K), 0.0148781 secs] [Times: user=0.13 sys=0.00, real=0.01 secs] 
2020-09-29T17:42:22.631+0200: 24.847: [GC (Allocation Failure) [PSYoungGen: 614115K->39877K(644608K)] 623183K->48945K(2042880K), 0.0246917 secs] [Times: user=0.11 sys=0.00, real=0.02 secs] 
2020-09-29T17:42:22.716+0200: 24.932: [GC (Allocation Failure) [PSYoungGen: 630213K->41188K(643584K)] 639281K->50256K(2041856K), 0.0227814 secs] [Times: user=0.25 sys=0.00, real=0.02 secs] 
2020-09-29T17:42:22.791+0200: 25.007: [GC (Allocation Failure) [PSYoungGen: 630500K->42661K(632320K)] 639568K->51729K(2030592K), 0.0233684 secs] [Times: user=0.13 sys=0.00, real=0.02 secs] 
2020-09-29T17:42:22.867+0200: 25.083: [GC (Allocation Failure) [PSYoungGen: 631973K->43973K(641536K)] 641041K->53041K(2039808K), 0.0245343 secs] [Times: user=0.13 sys=0.00, real=0.02 secs] 
2020-09-29T17:42:22.944+0200: 25.160: [GC (Allocation Failure) [PSYoungGen: 630213K->12995K(599552K)] 639281K->22063K(1997824K), 0.0125519 secs] [Times: user=0.00 sys=0.00, real=0.01 secs] 
2020-09-29T17:42:23.007+0200: 25.224: [GC (Allocation Failure) [PSYoungGen: 599235K->38725K(641536K)] 608303K->47793K(2039808K), 0.0213252 secs] [Times: user=0.13 sys=0.00, real=0.02 secs] 
2020-09-29T17:42:23.079+0200: 25.296: [GC (Allocation Failure) [PSYoungGen: 621893K->47621K(631296K)] 630961K->56689K(2029568K), 0.0254871 secs] [Times: user=0.25 sys=0.00, real=0.03 secs] 
2020-09-29T17:42:23.159+0200: 25.375: [GC (Allocation Failure) [PSYoungGen: 630789K->56581K(628736K)] 639857K->65649K(2027008K), 0.0195446 secs] [Times: user=0.23 sys=0.00, real=0.02 secs] 
2020-09-29T17:42:23.227+0200: 25.443: [GC (Allocation Failure) [PSYoungGen: 625413K->37477K(633856K)] 634481K->46545K(2032128K), 0.0134415 secs] [Times: user=0.13 sys=0.00, real=0.01 secs] 
2020-09-29T17:42:23.291+0200: 25.508: [GC (Allocation Failure) [PSYoungGen: 606309K->45701K(635392K)] 615377K->54769K(2033664K), 0.0156534 secs] [Times: user=0.13 sys=0.00, real=0.02 secs] 
2020-09-29T17:42:23.357+0200: 25.573: [GC (Allocation Failure) [PSYoungGen: 618629K->44453K(635904K)] 627697K->53521K(2034176K), 0.0154299 secs] [Times: user=0.13 sys=0.00, real=0.01 secs] 
2020-09-29T17:42:23.421+0200: 25.637: [GC (Allocation Failure) [PSYoungGen: 617381K->56837K(628224K)] 626449K->65905K(2026496K), 0.0188494 secs] [Times: user=0.13 sys=0.00, real=0.02 secs] 
2020-09-29T17:42:23.489+0200: 25.705: [GC (Allocation Failure) [PSYoungGen: 622597K->33092K(632320K)] 631665K->42160K(2030592K), 0.0127706 secs] [Times: user=0.00 sys=0.00, real=0.01 secs] 
2020-09-29T17:42:23.550+0200: 25.766: [GC (Allocation Failure) [PSYoungGen: 598852K->21572K(632320K)] 607920K->30640K(2030592K), 0.0083011 secs] [Times: user=0.13 sys=0.00, real=0.01 secs] 
2020-09-29T17:42:23.609+0200: 25.825: [GC (Allocation Failure) [PSYoungGen: 588356K->25827K(632832K)] 597424K->34895K(2031104K), 0.0111350 secs] [Times: user=0.11 sys=0.00, real=0.01 secs] 
2020-09-29T17:42:23.668+0200: 25.885: [GC (Allocation Failure) [PSYoungGen: 592611K->31684K(634880K)] 601679K->40752K(2033152K), 0.0119248 secs] [Times: user=0.13 sys=0.00, real=0.01 secs] 
2020-09-29T17:42:23.729+0200: 25.946: [GC (Allocation Failure) [PSYoungGen: 601028K->26821K(633344K)] 610096K->35889K(2031616K), 0.0092140 secs] [Times: user=0.00 sys=0.02, real=0.01 secs] 
2020-09-29T17:42:23.788+0200: 26.004: [GC (Allocation Failure) [PSYoungGen: 596165K->34373K(638464K)] 605233K->43441K(2036736K), 0.0121769 secs] [Times: user=0.00 sys=0.00, real=0.01 secs] 
2020-09-29T17:42:23.851+0200: 26.068: [GC (Allocation Failure) [PSYoungGen: 609861K->35589K(635904K)] 618929K->44657K(2034176K), 0.0118398 secs] [Times: user=0.00 sys=0.00, real=0.01 secs] 
2020-09-29T17:42:23.915+0200: 26.131: [GC (Allocation Failure) [PSYoungGen: 611077K->50533K(633856K)] 620145K->59601K(2032128K), 0.0194958 secs] [Times: user=0.11 sys=0.00, real=0.02 secs] 
2020-09-29T17:42:23.983+0200: 26.199: [GC (Allocation Failure) [PSYoungGen: 626533K->20835K(637440K)] 635601K->29903K(2035712K), 0.0090820 secs] [Times: user=0.13 sys=0.00, real=0.01 secs] 
2020-09-29T17:42:24.040+0200: 26.257: [GC (Allocation Failure) [PSYoungGen: 596835K->36293K(639488K)] 605903K->45361K(2037760K), 0.0125618 secs] [Times: user=0.13 sys=0.00, real=0.01 secs] 
2020-09-29T17:42:24.102+0200: 26.318: [GC (Allocation Failure) [PSYoungGen: 614341K->39428K(637440K)] 623409K->48496K(2035712K), 0.0146020 secs] [Times: user=0.13 sys=0.00, real=0.02 secs] 
2020-09-29T17:42:24.167+0200: 26.383: [GC (Allocation Failure) [PSYoungGen: 617476K->41412K(640512K)] 626544K->50480K(2038784K), 0.0146802 secs] [Times: user=0.13 sys=0.00, real=0.01 secs] 
2020-09-29T17:42:24.232+0200: 26.449: [GC (Allocation Failure) [PSYoungGen: 623556K->21764K(640512K)] 632624K->30832K(2038784K), 0.0089903 secs] [Times: user=0.13 sys=0.00, real=0.01 secs] 
2020-09-29T17:42:24.291+0200: 26.507: [GC (Allocation Failure) [PSYoungGen: 603908K->27940K(641536K)] 612976K->37008K(2039808K), 0.0107092 secs] [Times: user=0.13 sys=0.00, real=0.01 secs] 
2020-09-29T17:42:24.351+0200: 26.568: [GC (Allocation Failure) [PSYoungGen: 611108K->36580K(640512K)] 620176K->45648K(2038784K), 0.0140188 secs] [Times: user=0.13 sys=0.00, real=0.01 secs] 
2020-09-29T17:42:24.416+0200: 26.632: [GC (Allocation Failure) [PSYoungGen: 619748K->31845K(644608K)] 628816K->40913K(2042880K), 0.0109108 secs] [Times: user=0.13 sys=0.00, real=0.01 secs] 
2020-09-29T17:42:24.482+0200: 26.699: [GC (Allocation Failure) [PSYoungGen: 620645K->32741K(643072K)] 629713K->41809K(2041344K), 0.0139055 secs] [Times: user=0.13 sys=0.00, real=0.01 secs] 
2020-09-29T17:42:24.549+0200: 26.765: [GC (Allocation Failure) [PSYoungGen: 621541K->33540K(648192K)] 630609K->42608K(2046464K), 0.0147973 secs] [Times: user=0.09 sys=0.00, real=0.01 secs] 
2020-09-29T17:42:24.621+0200: 26.838: [GC (Allocation Failure) [PSYoungGen: 628996K->40260K(646144K)] 638064K->49328K(2044416K), 0.0171488 secs] [Times: user=0.11 sys=0.00, real=0.02 secs] 
2020-09-29T17:42:24.691+0200: 26.908: [GC (Allocation Failure) [PSYoungGen: 635716K->32772K(648704K)] 644784K->41840K(2046976K), 0.0115631 secs] [Times: user=0.13 sys=0.00, real=0.01 secs] 
2020-09-29T17:42:24.754+0200: 26.970: [GC (Allocation Failure) [PSYoungGen: 629764K->41861K(647168K)] 638832K->50929K(2045440K), 0.0143029 secs] [Times: user=0.00 sys=0.00, real=0.01 secs] 
2020-09-29T17:42:24.820+0200: 27.037: [GC (Allocation Failure) [PSYoungGen: 638853K->51013K(638464K)] 647921K->60081K(2036736K), 0.0172776 secs] [Times: user=0.13 sys=0.00, real=0.02 secs] 
2020-09-29T17:42:24.889+0200: 27.105: [GC (Allocation Failure) [PSYoungGen: 638277K->34468K(643072K)] 647345K->43536K(2041344K), 0.0129315 secs] [Times: user=0.13 sys=0.00, real=0.01 secs] 
2020-09-29T17:42:24.952+0200: 27.169: [GC (Allocation Failure) [PSYoungGen: 621732K->18915K(642560K)] 630800K->27983K(2040832K), 0.0081709 secs] [Times: user=0.13 sys=0.00, real=0.01 secs] 
2020-09-29T17:42:25.013+0200: 27.229: [GC (Allocation Failure) [PSYoungGen: 607203K->32965K(643584K)] 616271K->42033K(2041856K), 0.0117855 secs] [Times: user=0.13 sys=0.00, real=0.01 secs] 
2020-09-29T17:42:25.081+0200: 27.298: [GC (Allocation Failure) [PSYoungGen: 621253K->18884K(644096K)] 630321K->27952K(2042368K), 0.0073564 secs] [Times: user=0.03 sys=0.00, real=0.01 secs] 
2020-09-29T17:42:25.139+0200: 27.355: [GC (Allocation Failure) [PSYoungGen: 609220K->34436K(644608K)] 618288K->43504K(2042880K), 0.0127767 secs] [Times: user=0.13 sys=0.00, real=0.01 secs] 
2020-09-29T17:42:25.202+0200: 27.419: [GC (Allocation Failure) [PSYoungGen: 624772K->22564K(646144K)] 633840K->31632K(2044416K), 0.0086366 secs] [Times: user=0.13 sys=0.00, real=0.01 secs] 
2020-09-29T17:42:25.271+0200: 27.487: [GC (Allocation Failure) [PSYoungGen: 615972K->23202K(646144K)] 625040K->32270K(2044416K), 0.0113454 secs] [Times: user=0.00 sys=0.00, real=0.01 secs] 
2020-09-29T17:42:25.333+0200: 27.550: [GC (Allocation Failure) [PSYoungGen: 616610K->26309K(647680K)] 625678K->35377K(2045952K), 0.0111546 secs] [Times: user=0.00 sys=0.00, real=0.01 secs] 
2020-09-29T17:42:25.396+0200: 27.613: [GC (Allocation Failure) [PSYoungGen: 621765K->33508K(646656K)] 630833K->42576K(2044928K), 0.0119841 secs] [Times: user=0.00 sys=0.00, real=0.01 secs] 
2020-09-29T17:42:25.460+0200: 27.677: [GC (Allocation Failure) [PSYoungGen: 628964K->41093K(645632K)] 638032K->50161K(2043904K), 0.0147143 secs] [Times: user=0.13 sys=0.00, real=0.01 secs] 
2020-09-29T17:42:25.528+0200: 27.744: [GC (Allocation Failure) [PSYoungGen: 636549K->34724K(647168K)] 645617K->43792K(2045440K), 0.0132072 secs] [Times: user=0.13 sys=0.00, real=0.01 secs] 
2020-09-29T17:42:25.594+0200: 27.810: [GC (Allocation Failure) [PSYoungGen: 630180K->42341K(644096K)] 639248K->51409K(2042368K), 0.0160852 secs] [Times: user=0.11 sys=0.00, real=0.02 secs] 
2020-09-29T17:42:25.662+0200: 27.878: [GC (Allocation Failure) [PSYoungGen: 635749K->34085K(646144K)] 644817K->43153K(2044416K), 0.0116469 secs] [Times: user=0.00 sys=0.00, real=0.01 secs] 
2020-09-29T17:42:25.725+0200: 27.941: [GC (Allocation Failure) [PSYoungGen: 627493K->51173K(636416K)] 636561K->62305K(2034688K), 0.0180347 secs] [Times: user=0.13 sys=0.00, real=0.02 secs] 
2020-09-29T17:42:25.793+0200: 28.009: [GC (Allocation Failure) [PSYoungGen: 636389K->35557K(642048K)] 647521K->46689K(2040320K), 0.0133160 secs] [Times: user=0.13 sys=0.00, real=0.01 secs] 
2020-09-29T17:42:25.858+0200: 28.074: [GC (Allocation Failure) [PSYoungGen: 620773K->46501K(640000K)] 631905K->57633K(2038272K), 0.0174621 secs] [Times: user=0.13 sys=0.00, real=0.02 secs] 
2020-09-29T17:42:25.926+0200: 28.143: [GC (Allocation Failure) [PSYoungGen: 631717K->42916K(628224K)] 642849K->54048K(2026496K), 0.0152238 secs] [Times: user=0.00 sys=0.00, real=0.01 secs] 
2020-09-29T17:42:25.991+0200: 28.208: [GC (Allocation Failure) [PSYoungGen: 628132K->40037K(642560K)] 639264K->51169K(2040832K), 0.0136701 secs] [Times: user=0.13 sys=0.00, real=0.01 secs] 
2020-09-29T17:42:26.055+0200: 28.272: [GC (Allocation Failure) [PSYoungGen: 625253K->37381K(641536K)] 636385K->48513K(2039808K), 0.0128529 secs] [Times: user=0.13 sys=0.00, real=0.01 secs] 
2020-09-29T17:42:26.117+0200: 28.334: [GC (Allocation Failure) [PSYoungGen: 622597K->32356K(645120K)] 633729K->43488K(2043392K), 0.0116391 secs] [Times: user=0.13 sys=0.00, real=0.01 secs] 
2020-09-29T17:42:26.180+0200: 28.396: [GC (Allocation Failure) [PSYoungGen: 623204K->35269K(644608K)] 634336K->46401K(2042880K), 0.0121991 secs] [Times: user=0.01 sys=0.00, real=0.01 secs] 
2020-09-29T17:42:26.244+0200: 28.461: [GC (Allocation Failure) [PSYoungGen: 626117K->35332K(647680K)] 637249K->46464K(2045952K), 0.0140321 secs] [Times: user=0.13 sys=0.00, real=0.01 secs] 
2020-09-29T17:42:26.311+0200: 28.528: [GC (Allocation Failure) [PSYoungGen: 630788K->26979K(646656K)] 641920K->38111K(2044928K), 0.0117067 secs] [Times: user=0.13 sys=0.00, real=0.01 secs] 
2020-09-29T17:42:26.374+0200: 28.591: [GC (Allocation Failure) [PSYoungGen: 622435K->48229K(641536K)] 633567K->59361K(2039808K), 0.0165802 secs] [Times: user=0.13 sys=0.00, real=0.02 secs] 
2020-09-29T17:42:26.442+0200: 28.659: [GC (Allocation Failure) [PSYoungGen: 638565K->7139K(597504K)] 649697K->18271K(1995776K), 0.0029312 secs] [Times: user=0.00 sys=0.00, real=0.00 secs] 
2020-09-29T17:42:26.499+0200: 28.716: [GC (Allocation Failure) [PSYoungGen: 597475K->23237K(641536K)] 608607K->34369K(2039808K), 0.0077821 secs] [Times: user=0.13 sys=0.00, real=0.01 secs] 
2020-09-29T17:42:26.557+0200: 28.774: [GC (Allocation Failure) [PSYoungGen: 606917K->32548K(641024K)] 618049K->43680K(2039296K), 0.0114652 secs] [Times: user=0.13 sys=0.00, real=0.01 secs] 
2020-09-29T17:42:26.634+0200: 28.851: [GC (Allocation Failure) [PSYoungGen: 616228K->28228K(645632K)] 627360K->39360K(2043904K), 0.0115049 secs] [Times: user=0.11 sys=0.00, real=0.01 secs] 
2020-09-29T17:42:26.698+0200: 28.915: [GC (Allocation Failure) [PSYoungGen: 619076K->44869K(635904K)] 630208K->56001K(2034176K), 0.0153784 secs] [Times: user=0.13 sys=0.00, real=0.02 secs] 
2020-09-29T17:42:26.764+0200: 28.981: [GC (Allocation Failure) [PSYoungGen: 635717K->31908K(644608K)] 646849K->43040K(2042880K), 0.0122602 secs] [Times: user=0.13 sys=0.00, real=0.01 secs] 
2020-09-29T17:42:26.827+0200: 29.043: [GC (Allocation Failure) [PSYoungGen: 620708K->16003K(643072K)] 631840K->27135K(2041344K), 0.0069610 secs] [Times: user=0.13 sys=0.00, real=0.01 secs] 
2020-09-29T17:42:26.885+0200: 29.101: [GC (Allocation Failure) [PSYoungGen: 604803K->44261K(638976K)] 615935K->55393K(2037248K), 0.0154404 secs] [Times: user=0.13 sys=0.00, real=0.02 secs] 
2020-09-29T17:42:26.951+0200: 29.168: [GC (Allocation Failure) [PSYoungGen: 628453K->40517K(625152K)] 639585K->51649K(2023424K), 0.0145799 secs] [Times: user=0.13 sys=0.00, real=0.02 secs] 
2020-09-29T17:42:27.022+0200: 29.239: [GC (Allocation Failure) [PSYoungGen: 624709K->36805K(642560K)] 635841K->47937K(2040832K), 0.0157240 secs] [Times: user=0.13 sys=0.00, real=0.02 secs] 
2020-09-29T17:42:27.089+0200: 29.305: [GC (Allocation Failure) [PSYoungGen: 621509K->19236K(641024K)] 632641K->30368K(2039296K), 0.0072528 secs] [Times: user=0.00 sys=0.00, real=0.01 secs] 
2020-09-29T17:42:27.146+0200: 29.362: [GC (Allocation Failure) [PSYoungGen: 603940K->28420K(643584K)] 615072K->39552K(2041856K), 0.0107143 secs] [Times: user=0.00 sys=0.00, real=0.01 secs] 
2020-09-29T17:42:27.212+0200: 29.428: [GC (Allocation Failure) [PSYoungGen: 615172K->40228K(642048K)] 626304K->51360K(2040320K), 0.0172162 secs] [Times: user=0.11 sys=0.00, real=0.02 secs] 
2020-09-29T17:42:27.280+0200: 29.496: [GC (Allocation Failure) [PSYoungGen: 626980K->38276K(643584K)] 638112K->49408K(2041856K), 0.0158741 secs] [Times: user=0.11 sys=0.00, real=0.02 secs] 
2020-09-29T17:42:27.347+0200: 29.563: [GC (Allocation Failure) [PSYoungGen: 626052K->37477K(643072K)] 637184K->48609K(2041344K), 0.0130407 secs] [Times: user=0.13 sys=0.00, real=0.01 secs] 
2020-09-29T17:42:27.410+0200: 29.626: [GC (Allocation Failure) [PSYoungGen: 625253K->37381K(644608K)] 636385K->48513K(2042880K), 0.0133821 secs] [Times: user=0.13 sys=0.00, real=0.01 secs] 
2020-09-29T17:42:27.476+0200: 29.692: [GC (Allocation Failure) [PSYoungGen: 627205K->25124K(644096K)] 638337K->36256K(2042368K), 0.0091764 secs] [Times: user=0.00 sys=0.00, real=0.01 secs] 
2020-09-29T17:42:27.540+0200: 29.756: [GC (Allocation Failure) [PSYoungGen: 614948K->38725K(645120K)] 626080K->49857K(2043392K), 0.0141002 secs] [Times: user=0.13 sys=0.00, real=0.01 secs] 
2020-09-29T17:42:27.607+0200: 29.823: [GC (Allocation Failure) [PSYoungGen: 630085K->53733K(645120K)] 641217K->66929K(2043392K), 0.0205126 secs] [Times: user=0.11 sys=0.00, real=0.02 secs] 
2020-09-29T17:42:27.679+0200: 29.895: [GC (Allocation Failure) [PSYoungGen: 645093K->42437K(632832K)] 658289K->55633K(2031104K), 0.0153995 secs] [Times: user=0.13 sys=0.00, real=0.01 secs] 
2020-09-29T17:42:27.744+0200: 29.960: [GC (Allocation Failure) [PSYoungGen: 621509K->33508K(638976K)] 634705K->46704K(2037248K), 0.0120446 secs] [Times: user=0.13 sys=0.00, real=0.01 secs] 
2020-09-29T17:42:27.812+0200: 30.028: [GC (Allocation Failure) [PSYoungGen: 612580K->52101K(632832K)] 625776K->65297K(2031104K), 0.0176943 secs] [Times: user=0.13 sys=0.00, real=0.02 secs] 
2020-09-29T17:42:27.879+0200: 30.094: [GC (Allocation Failure) [PSYoungGen: 627077K->37765K(636928K)] 640273K->50961K(2035200K), 0.0139506 secs] [Times: user=0.13 sys=0.00, real=0.01 secs] 
2020-09-29T17:42:27.942+0200: 30.158: [GC (Allocation Failure) [PSYoungGen: 612741K->38404K(641536K)] 625937K->51600K(2039808K), 0.0143520 secs] [Times: user=0.13 sys=0.00, real=0.01 secs] 
2020-09-29T17:42:28.006+0200: 30.222: [GC (Allocation Failure) [PSYoungGen: 620548K->45125K(639488K)] 633744K->58321K(2037760K), 0.0155409 secs] [Times: user=0.13 sys=0.00, real=0.01 secs] 
2020-09-29T17:42:28.075+0200: 30.291: [GC (Allocation Failure) [PSYoungGen: 627269K->39333K(642560K)] 640465K->52529K(2040832K), 0.0169539 secs] [Times: user=0.11 sys=0.00, real=0.02 secs] 
2020-09-29T17:42:28.145+0200: 30.361: [GC (Allocation Failure) [PSYoungGen: 623525K->33444K(640512K)] 636721K->46640K(2038784K), 0.0140338 secs] [Times: user=0.08 sys=0.00, real=0.01 secs] 
2020-09-29T17:42:28.211+0200: 30.427: [GC (Allocation Failure) [PSYoungGen: 617636K->43429K(643072K)] 630832K->56625K(2041344K), 0.0146299 secs] [Times: user=0.13 sys=0.00, real=0.02 secs] 
2020-09-29T17:42:28.276+0200: 30.492: [GC (Allocation Failure) [PSYoungGen: 630693K->29061K(643072K)] 643889K->42257K(2041344K), 0.0097363 secs] [Times: user=0.00 sys=0.00, real=0.01 secs] 
2020-09-29T17:42:28.338+0200: 30.554: [GC (Allocation Failure) [PSYoungGen: 616325K->26596K(643072K)] 629521K->39792K(2041344K), 0.0114340 secs] [Times: user=0.13 sys=0.00, real=0.01 secs] 
2020-09-29T17:42:28.401+0200: 30.617: [GC (Allocation Failure) [PSYoungGen: 613860K->24772K(612352K)] 627056K->37968K(2010624K), 0.0092292 secs] [Times: user=0.00 sys=0.00, real=0.01 secs] 
2020-09-29T17:42:28.460+0200: 30.676: [GC (Allocation Failure) [PSYoungGen: 612036K->51076K(635392K)] 625232K->64272K(2033664K), 0.0176646 secs] [Times: user=0.13 sys=0.00, real=0.02 secs] 
2020-09-29T17:42:28.527+0200: 30.743: [GC (Allocation Failure) [PSYoungGen: 630148K->26148K(638976K)] 643344K->39344K(2037248K), 0.0096294 secs] [Times: user=0.13 sys=0.00, real=0.01 secs] 
2020-09-29T17:42:28.593+0200: 30.809: [GC (Allocation Failure) [PSYoungGen: 605220K->31013K(641024K)] 618416K->44209K(2039296K), 0.0117393 secs] [Times: user=0.11 sys=0.00, real=0.01 secs] 
2020-09-29T17:42:28.656+0200: 30.872: [GC (Allocation Failure) [PSYoungGen: 612645K->37540K(639488K)] 625841K->50736K(2037760K), 0.0138294 secs] [Times: user=0.13 sys=0.00, real=0.01 secs] 
2020-09-29T17:42:28.719+0200: 30.935: [GC (Allocation Failure) [PSYoungGen: 619172K->44965K(639488K)] 632368K->58161K(2037760K), 0.0153652 secs] [Times: user=0.13 sys=0.00, real=0.02 secs] 
2020-09-29T17:42:28.784+0200: 31.000: [GC (Allocation Failure) [PSYoungGen: 628133K->40197K(641024K)] 641329K->53393K(2039296K), 0.0133324 secs] [Times: user=0.13 sys=0.00, real=0.01 secs] 
2020-09-29T17:42:28.847+0200: 31.063: [GC (Allocation Failure) [PSYoungGen: 623365K->18244K(639488K)] 636561K->31440K(2037760K), 0.0072562 secs] [Times: user=0.13 sys=0.00, real=0.01 secs] 
2020-09-29T17:42:28.908+0200: 31.124: [GC (Allocation Failure) [PSYoungGen: 600388K->53509K(635904K)] 613584K->66705K(2034176K), 0.0179371 secs] [Times: user=0.13 sys=0.00, real=0.02 secs] 
2020-09-29T17:42:28.977+0200: 31.193: [GC (Allocation Failure) [PSYoungGen: 635653K->47749K(633856K)] 648849K->60945K(2032128K), 0.0170372 secs] [Times: user=0.13 sys=0.00, real=0.02 secs] 
2020-09-29T17:42:29.043+0200: 31.259: [GC (Allocation Failure) [PSYoungGen: 618629K->16739K(587776K)] 631825K->29935K(1986048K), 0.0069528 secs] [Times: user=0.00 sys=0.00, real=0.01 secs] 
2020-09-29T17:42:29.102+0200: 31.318: [GC (Allocation Failure) [PSYoungGen: 587619K->39620K(635392K)] 600815K->52816K(2033664K), 0.0142638 secs] [Times: user=0.13 sys=0.00, real=0.01 secs] 
2020-09-29T17:42:29.165+0200: 31.381: [GC (Allocation Failure) [PSYoungGen: 609988K->35749K(633856K)] 623184K->48945K(2032128K), 0.0125226 secs] [Times: user=0.13 sys=0.00, real=0.01 secs] 
2020-09-29T17:42:29.227+0200: 31.443: [GC (Allocation Failure) [PSYoungGen: 606117K->45541K(635904K)] 619313K->58737K(2034176K), 0.0151244 secs] [Times: user=0.13 sys=0.00, real=0.02 secs] 
2020-09-29T17:42:29.296+0200: 31.512: [GC (Allocation Failure) [PSYoungGen: 620517K->46309K(621568K)] 633713K->59505K(2019840K), 0.0164780 secs] [Times: user=0.13 sys=0.00, real=0.02 secs] 
2020-09-29T17:42:29.363+0200: 31.579: [GC (Allocation Failure) [PSYoungGen: 621285K->32805K(637440K)] 634481K->46001K(2035712K), 0.0137113 secs] [Times: user=0.11 sys=0.00, real=0.01 secs] 
2020-09-29T17:42:29.427+0200: 31.643: [GC (Allocation Failure) [PSYoungGen: 607269K->46693K(635904K)] 620465K->59889K(2034176K), 0.0163989 secs] [Times: user=0.13 sys=0.00, real=0.02 secs] 
2020-09-29T17:42:29.493+0200: 31.709: [GC (Allocation Failure) [PSYoungGen: 621157K->46853K(635392K)] 634353K->60049K(2033664K), 0.0160200 secs] [Times: user=0.13 sys=0.00, real=0.02 secs] 
2020-09-29T17:42:29.558+0200: 31.774: [GC (Allocation Failure) [PSYoungGen: 619781K->31044K(635904K)] 632977K->44240K(2034176K), 0.0117801 secs] [Times: user=0.13 sys=0.00, real=0.01 secs] 
2020-09-29T17:42:29.622+0200: 31.838: [GC (Allocation Failure) [PSYoungGen: 603972K->43429K(636928K)] 617168K->56625K(2035200K), 0.0164217 secs] [Times: user=0.11 sys=0.00, real=0.02 secs] 
2020-09-29T17:42:29.688+0200: 31.904: [GC (Allocation Failure) [PSYoungGen: 617893K->43653K(636416K)] 631089K->56849K(2034688K), 0.0149962 secs] [Times: user=0.13 sys=0.00, real=0.02 secs] 
2020-09-29T17:42:29.751+0200: 31.967: [GC (Allocation Failure) [PSYoungGen: 618117K->15747K(634368K)] 631313K->28943K(2032640K), 0.0066546 secs] [Times: user=0.13 sys=0.00, real=0.01 secs] 
2020-09-29T17:42:29.809+0200: 32.025: [GC (Allocation Failure) [PSYoungGen: 588675K->41829K(635904K)] 601871K->55025K(2034176K), 0.0138512 secs] [Times: user=0.13 sys=0.00, real=0.01 secs] 
2020-09-29T17:42:29.874+0200: 32.090: [GC (Allocation Failure) [PSYoungGen: 614757K->38756K(638464K)] 627953K->51952K(2036736K), 0.0144674 secs] [Times: user=0.13 sys=0.00, real=0.01 secs] 
2020-09-29T17:42:29.938+0200: 32.154: [GC (Allocation Failure) [PSYoungGen: 614756K->24483K(636416K)] 627952K->37679K(2034688K), 0.0100477 secs] [Times: user=0.13 sys=0.00, real=0.01 secs] 
2020-09-29T17:42:29.997+0200: 32.213: [GC (Allocation Failure) [PSYoungGen: 600483K->37124K(640512K)] 613679K->50320K(2038784K), 0.0138588 secs] [Times: user=0.13 sys=0.00, real=0.01 secs] 
2020-09-29T17:42:30.060+0200: 32.277: [GC (Allocation Failure) [PSYoungGen: 617220K->27715K(638464K)] 630416K->40911K(2036736K), 0.0114323 secs] [Times: user=0.13 sys=0.00, real=0.01 secs] 
2020-09-29T17:42:30.123+0200: 32.339: [GC (Allocation Failure) [PSYoungGen: 607811K->46949K(637440K)] 621007K->60145K(2035712K), 0.0162094 secs] [Times: user=0.13 sys=0.00, real=0.02 secs] 
2020-09-29T17:42:30.189+0200: 32.405: [GC (Allocation Failure) [PSYoungGen: 627045K->25253K(639488K)] 640241K->38449K(2037760K), 0.0085048 secs] [Times: user=0.13 sys=0.00, real=0.01 secs] 
2020-09-29T17:42:30.249+0200: 32.465: [GC (Allocation Failure) [PSYoungGen: 605349K->44805K(637440K)] 618545K->58001K(2035712K), 0.0154339 secs] [Times: user=0.13 sys=0.00, real=0.02 secs] 
2020-09-29T17:42:30.314+0200: 32.531: [GC (Allocation Failure) [PSYoungGen: 622853K->21029K(638464K)] 636049K->34225K(2036736K), 0.0071505 secs] [Times: user=0.13 sys=0.00, real=0.01 secs] 
2020-09-29T17:42:30.377+0200: 32.594: [GC (Allocation Failure) [PSYoungGen: 599077K->24644K(638976K)] 612273K->37840K(2037248K), 0.0091194 secs] [Times: user=0.13 sys=0.00, real=0.01 secs] 
2020-09-29T17:42:30.437+0200: 32.653: [GC (Allocation Failure) [PSYoungGen: 603204K->42276K(638464K)] 616400K->55472K(2036736K), 0.0151645 secs] [Times: user=0.13 sys=0.00, real=0.01 secs] 
2020-09-29T17:42:30.502+0200: 32.718: [GC (Allocation Failure) [PSYoungGen: 620836K->17154K(637440K)] 634032K->30350K(2035712K), 0.0084682 secs] [Times: user=0.11 sys=0.00, real=0.01 secs] 
2020-09-29T17:42:30.560+0200: 32.776: [GC (Allocation Failure) [PSYoungGen: 594178K->47237K(624640K)] 607374K->60433K(2022912K), 0.0158557 secs] [Times: user=0.13 sys=0.00, real=0.02 secs] 
2020-09-29T17:42:30.627+0200: 32.843: [GC (Allocation Failure) [PSYoungGen: 624261K->35077K(637952K)] 637457K->48273K(2036224K), 0.0131875 secs] [Times: user=0.11 sys=0.00, real=0.01 secs] 
2020-09-29T17:42:30.689+0200: 32.906: [GC (Allocation Failure) [PSYoungGen: 609541K->34692K(635392K)] 622737K->47888K(2033664K), 0.0131564 secs] [Times: user=0.13 sys=0.00, real=0.01 secs] 
2020-09-29T17:42:30.751+0200: 32.967: [GC (Allocation Failure) [PSYoungGen: 609156K->34661K(643072K)] 622352K->47857K(2041344K), 0.0125992 secs] [Times: user=0.13 sys=0.00, real=0.01 secs] 
2020-09-29T17:42:30.814+0200: 33.030: [GC (Allocation Failure) [PSYoungGen: 619365K->30948K(640512K)] 632561K->44144K(2038784K), 0.0113968 secs] [Times: user=0.13 sys=0.00, real=0.01 secs] 
2020-09-29T17:42:30.876+0200: 33.092: [GC (Allocation Failure) [PSYoungGen: 615652K->27653K(645632K)] 628848K->40849K(2043904K), 0.0105804 secs] [Times: user=0.13 sys=0.00, real=0.01 secs] 
2020-09-29T17:42:30.937+0200: 33.153: [GC (Allocation Failure) [PSYoungGen: 619013K->44773K(636416K)] 632209K->57969K(2034688K), 0.0155743 secs] [Times: user=0.13 sys=0.00, real=0.02 secs] 
2020-09-29T17:42:31.005+0200: 33.221: [GC (Allocation Failure) [PSYoungGen: 636133K->34501K(645120K)] 649329K->47697K(2043392K), 0.0117656 secs] [Times: user=0.00 sys=0.00, real=0.01 secs] 
2020-09-29T17:42:31.067+0200: 33.283: [GC (Allocation Failure) [PSYoungGen: 623813K->49637K(638976K)] 637009K->62833K(2037248K), 0.0170276 secs] [Times: user=0.13 sys=0.00, real=0.02 secs] 
2020-09-29T17:42:31.135+0200: 33.351: [GC (Allocation Failure) [PSYoungGen: 638949K->37317K(643072K)] 652145K->50513K(2041344K), 0.0130515 secs] [Times: user=0.13 sys=0.00, real=0.01 secs] 
2020-09-29T17:42:31.198+0200: 33.414: [GC (Allocation Failure) [PSYoungGen: 623045K->34885K(641536K)] 636241K->48081K(2039808K), 0.0131505 secs] [Times: user=0.13 sys=0.00, real=0.01 secs] 
2020-09-29T17:42:31.261+0200: 33.477: [GC (Allocation Failure) [PSYoungGen: 620613K->30917K(645632K)] 633809K->44113K(2043904K), 0.0114280 secs] [Times: user=0.13 sys=0.00, real=0.01 secs] 
2020-09-29T17:42:31.323+0200: 33.539: [GC (Allocation Failure) [PSYoungGen: 622789K->48645K(641024K)] 635985K->61841K(2039296K), 0.0165890 secs] [Times: user=0.13 sys=0.00, real=0.02 secs] 
2020-09-29T17:42:31.391+0200: 33.607: [GC (Allocation Failure) [PSYoungGen: 640517K->38853K(644096K)] 653713K->52049K(2042368K), 0.0137082 secs] [Times: user=0.13 sys=0.00, real=0.01 secs] 
2020-09-29T17:42:31.456+0200: 33.672: [GC (Allocation Failure) [PSYoungGen: 626629K->25061K(642560K)] 639825K->38257K(2040832K), 0.0089219 secs] [Times: user=0.13 sys=0.00, real=0.01 secs] 
2020-09-29T17:42:31.521+0200: 33.737: [GC (Allocation Failure) [PSYoungGen: 612837K->38565K(644608K)] 626033K->51761K(2042880K), 0.0133519 secs] [Times: user=0.00 sys=0.00, real=0.01 secs] 
2020-09-29T17:42:31.586+0200: 33.802: [GC (Allocation Failure) [PSYoungGen: 627877K->25477K(643584K)] 641073K->38673K(2041856K), 0.0094853 secs] [Times: user=0.00 sys=0.00, real=0.01 secs] 
2020-09-29T17:42:31.648+0200: 33.864: [GC (Allocation Failure) [PSYoungGen: 614789K->26724K(645120K)] 627985K->39920K(2043392K), 0.0114996 secs] [Times: user=0.00 sys=0.00, real=0.01 secs] 
2020-09-29T17:42:31.710+0200: 33.926: [GC (Allocation Failure) [PSYoungGen: 617572K->43461K(634368K)] 630768K->56657K(2032640K), 0.0149334 secs] [Times: user=0.13 sys=0.00, real=0.01 secs] 
2020-09-29T17:42:31.776+0200: 33.992: [GC (Allocation Failure) [PSYoungGen: 634309K->32036K(645120K)] 647505K->45232K(2043392K), 0.0120597 secs] [Times: user=0.13 sys=0.00, real=0.01 secs] 
2020-09-29T17:42:31.838+0200: 34.054: [GC (Allocation Failure) [PSYoungGen: 621860K->33989K(643584K)] 635056K->47185K(2041856K), 0.0118626 secs] [Times: user=0.13 sys=0.00, real=0.01 secs] 
2020-09-29T17:42:31.902+0200: 34.119: [GC (Allocation Failure) [PSYoungGen: 623813K->49541K(639488K)] 637009K->62737K(2037760K), 0.0165353 secs] [Times: user=0.13 sys=0.00, real=0.02 secs] 
2020-09-29T17:42:31.969+0200: 34.186: [GC (Allocation Failure) [PSYoungGen: 636805K->35077K(643072K)] 650001K->48273K(2041344K), 0.0123469 secs] [Times: user=0.13 sys=0.00, real=0.01 secs] 
2020-09-29T17:42:32.032+0200: 34.249: [GC (Allocation Failure) [PSYoungGen: 622341K->34244K(646144K)] 635537K->47440K(2044416K), 0.0128510 secs] [Times: user=0.13 sys=0.00, real=0.01 secs] 
2020-09-29T17:42:32.096+0200: 34.312: [GC (Allocation Failure) [PSYoungGen: 626116K->37892K(644608K)] 639312K->51088K(2042880K), 0.0140101 secs] [Times: user=0.13 sys=0.00, real=0.01 secs] 
2020-09-29T17:42:32.161+0200: 34.377: [GC (Allocation Failure) [PSYoungGen: 629764K->27236K(647168K)] 642960K->40432K(2045440K), 0.0101007 secs] [Times: user=0.00 sys=0.00, real=0.01 secs] 
2020-09-29T17:42:32.223+0200: 34.439: [GC (Allocation Failure) [PSYoungGen: 622692K->34789K(647168K)] 635888K->47985K(2045440K), 0.0124733 secs] [Times: user=0.08 sys=0.00, real=0.01 secs] 
2020-09-29T17:42:32.289+0200: 34.505: [GC (Allocation Failure) [PSYoungGen: 630245K->27172K(648704K)] 643441K->40368K(2046976K), 0.0102622 secs] [Times: user=0.00 sys=0.00, real=0.01 secs] 
2020-09-29T17:42:32.350+0200: 34.566: [GC (Allocation Failure) [PSYoungGen: 625700K->37797K(648704K)] 638896K->50993K(2046976K), 0.0136447 secs] [Times: user=0.13 sys=0.00, real=0.01 secs] 
2020-09-29T17:42:32.417+0200: 34.634: [GC (Allocation Failure) [PSYoungGen: 636325K->34693K(650752K)] 649521K->47889K(2049024K), 0.0124611 secs] [Times: user=0.13 sys=0.00, real=0.01 secs] 
2020-09-29T17:42:32.485+0200: 34.701: [GC (Allocation Failure) [PSYoungGen: 635781K->47877K(649216K)] 648977K->61073K(2047488K), 0.0173889 secs] [Times: user=0.13 sys=0.00, real=0.02 secs] 
2020-09-29T17:42:32.574+0200: 34.790: [GC (Allocation Failure) [PSYoungGen: 648965K->19940K(642048K)] 662161K->33136K(2040320K), 0.0078240 secs] [Times: user=0.00 sys=0.00, real=0.01 secs] 
2020-09-29T17:42:32.634+0200: 34.850: [GC (Allocation Failure) [PSYoungGen: 612324K->38117K(645632K)] 625520K->51313K(2043904K), 0.0138969 secs] [Times: user=0.13 sys=0.00, real=0.01 secs] 
2020-09-29T17:42:32.701+0200: 34.917: [GC (Allocation Failure) [PSYoungGen: 630501K->41796K(645120K)] 643697K->54992K(2043392K), 0.0153907 secs] [Times: user=0.13 sys=0.00, real=0.02 secs] 
2020-09-29T17:42:32.767+0200: 34.984: [GC (Allocation Failure) [PSYoungGen: 634180K->31588K(645632K)] 647376K->44784K(2043904K), 0.0116417 secs] [Times: user=0.13 sys=0.00, real=0.01 secs] 
2020-09-29T17:42:32.830+0200: 35.047: [GC (Allocation Failure) [PSYoungGen: 623972K->52197K(629248K)] 637168K->76577K(2027520K), 0.0238523 secs] [Times: user=0.22 sys=0.00, real=0.02 secs] 
2020-09-29T17:42:32.905+0200: 35.121: [GC (Allocation Failure) [PSYoungGen: 629221K->38661K(637952K)] 653601K->63041K(2036224K), 0.0137031 secs] [Times: user=0.13 sys=0.00, real=0.01 secs] 
2020-09-29T17:42:32.971+0200: 35.187: [GC (Allocation Failure) [PSYoungGen: 615685K->41477K(640512K)] 640065K->65857K(2038784K), 0.0142177 secs] [Times: user=0.13 sys=0.00, real=0.01 secs] 
2020-09-29T17:42:33.035+0200: 35.251: [GC (Allocation Failure) [PSYoungGen: 623109K->35237K(640000K)] 647489K->59617K(2038272K), 0.0123670 secs] [Times: user=0.13 sys=0.00, real=0.01 secs] 
2020-09-29T17:42:33.097+0200: 35.314: [GC (Allocation Failure) [PSYoungGen: 616869K->41508K(642560K)] 641249K->65888K(2040832K), 0.0150919 secs] [Times: user=0.05 sys=0.00, real=0.02 secs] 
2020-09-29T17:42:33.163+0200: 35.379: [GC (Allocation Failure) [PSYoungGen: 627236K->39365K(642048K)] 651616K->63745K(2040320K), 0.0129381 secs] [Times: user=0.13 sys=0.00, real=0.01 secs] 
2020-09-29T17:42:33.231+0200: 35.447: [GC (Allocation Failure) [PSYoungGen: 625093K->50853K(637952K)] 649473K->75233K(2036224K), 0.0190227 secs] [Times: user=0.13 sys=0.00, real=0.02 secs] 
2020-09-29T17:42:33.303+0200: 35.519: [GC (Allocation Failure) [PSYoungGen: 634021K->46085K(629760K)] 658401K->70465K(2028032K), 0.0169193 secs] [Times: user=0.13 sys=0.00, real=0.02 secs] 
2020-09-29T17:42:33.372+0200: 35.589: [GC (Allocation Failure) [PSYoungGen: 629253K->39460K(642048K)] 653633K->63840K(2040320K), 0.0160389 secs] [Times: user=0.13 sys=0.00, real=0.02 secs] 
2020-09-29T17:42:33.440+0200: 35.656: [GC (Allocation Failure) [PSYoungGen: 623140K->21477K(640512K)] 647520K->45857K(2038784K), 0.0071764 secs] [Times: user=0.13 sys=0.00, real=0.01 secs] 
2020-09-29T17:42:33.498+0200: 35.714: [GC (Allocation Failure) [PSYoungGen: 605157K->44645K(639488K)] 629537K->69025K(2037760K), 0.0157547 secs] [Times: user=0.13 sys=0.00, real=0.02 secs] 
2020-09-29T17:42:33.563+0200: 35.780: [GC (Allocation Failure) [PSYoungGen: 625765K->22339K(603648K)] 650145K->46719K(2001920K), 0.0090454 secs] [Times: user=0.13 sys=0.00, real=0.01 secs] 
2020-09-29T17:42:33.624+0200: 35.841: [GC (Allocation Failure) [PSYoungGen: 603459K->42532K(639488K)] 627839K->66912K(2037760K), 0.0166991 secs] [Times: user=0.11 sys=0.00, real=0.02 secs] 
2020-09-29T17:42:33.691+0200: 35.907: [GC (Allocation Failure) [PSYoungGen: 622628K->48389K(628736K)] 647008K->72769K(2027008K), 0.0158624 secs] [Times: user=0.13 sys=0.00, real=0.02 secs] 
2020-09-29T17:42:33.756+0200: 35.973: [GC (Allocation Failure) [PSYoungGen: 628485K->39108K(640000K)] 652865K->63488K(2038272K), 0.0145385 secs] [Times: user=0.13 sys=0.00, real=0.01 secs] 
2020-09-29T17:42:33.820+0200: 36.037: [GC (Allocation Failure) [PSYoungGen: 618180K->27875K(637952K)] 642560K->52255K(2036224K), 0.0112518 secs] [Times: user=0.00 sys=0.00, real=0.01 secs] 
2020-09-29T17:42:33.881+0200: 36.098: [GC (Allocation Failure) [PSYoungGen: 606947K->46405K(637952K)] 631327K->70785K(2036224K), 0.0167194 secs] [Times: user=0.13 sys=0.00, real=0.02 secs] 
2020-09-29T17:42:33.948+0200: 36.164: [GC (Allocation Failure) [PSYoungGen: 625477K->37573K(638976K)] 649857K->61953K(2037248K), 0.0132704 secs] [Times: user=0.13 sys=0.00, real=0.01 secs] 
2020-09-29T17:42:34.011+0200: 36.228: [GC (Allocation Failure) [PSYoungGen: 616645K->42469K(641536K)] 641025K->66849K(2039808K), 0.0158009 secs] [Times: user=0.11 sys=0.00, real=0.02 secs] 
2020-09-29T17:42:34.078+0200: 36.295: [GC (Allocation Failure) [PSYoungGen: 626149K->38149K(641024K)] 650529K->62529K(2039296K), 0.0132591 secs] [Times: user=0.13 sys=0.00, real=0.01 secs] 
2020-09-29T17:42:34.142+0200: 36.359: [GC (Allocation Failure) [PSYoungGen: 621829K->47621K(640000K)] 646209K->72001K(2038272K), 0.0163879 secs] [Times: user=0.13 sys=0.00, real=0.02 secs] 
2020-09-29T17:42:34.209+0200: 36.425: [GC (Allocation Failure) [PSYoungGen: 631813K->30213K(641536K)] 656193K->54593K(2039808K), 0.0102533 secs] [Times: user=0.00 sys=0.00, real=0.01 secs] 
2020-09-29T17:42:34.270+0200: 36.486: [GC (Allocation Failure) [PSYoungGen: 614405K->11811K(636416K)] 638785K->36191K(2034688K), 0.0051357 secs] [Times: user=0.00 sys=0.00, real=0.01 secs] 
2020-09-29T17:42:34.328+0200: 36.545: [GC (Allocation Failure) [PSYoungGen: 590883K->29731K(638976K)] 615263K->54111K(2037248K), 0.0118476 secs] [Times: user=0.13 sys=0.00, real=0.01 secs] 
2020-09-29T17:42:34.390+0200: 36.606: [GC (Allocation Failure) [PSYoungGen: 608803K->18786K(638976K)] 633183K->43166K(2037248K), 0.0083407 secs] [Times: user=0.13 sys=0.00, real=0.01 secs] 
2020-09-29T17:42:34.451+0200: 36.667: [GC (Allocation Failure) [PSYoungGen: 598882K->38341K(639488K)] 623262K->62721K(2037760K), 0.0133142 secs] [Times: user=0.13 sys=0.00, real=0.01 secs] 
2020-09-29T17:42:34.515+0200: 36.732: [GC (Allocation Failure) [PSYoungGen: 618437K->44197K(637440K)] 642817K->68577K(2035712K), 0.0154726 secs] [Times: user=0.13 sys=0.00, real=0.01 secs] 
2020-09-29T17:42:34.581+0200: 36.798: [GC (Allocation Failure) [PSYoungGen: 623269K->35365K(638976K)] 647649K->59745K(2037248K), 0.0129375 secs] [Times: user=0.08 sys=0.02, real=0.01 secs] 
2020-09-29T17:42:34.646+0200: 36.862: [GC (Allocation Failure) [PSYoungGen: 614437K->40165K(642048K)] 638817K->64545K(2040320K), 0.0140123 secs] [Times: user=0.00 sys=0.00, real=0.01 secs] 
2020-09-29T17:42:34.709+0200: 36.926: [GC (Allocation Failure) [PSYoungGen: 624869K->22148K(641536K)] 649249K->46528K(2039808K), 0.0081804 secs] [Times: user=0.00 sys=0.00, real=0.01 secs] 
2020-09-29T17:42:34.768+0200: 36.985: [GC (Allocation Failure) [PSYoungGen: 606852K->46245K(637440K)] 631232K->70625K(2035712K), 0.0158939 secs] [Times: user=0.11 sys=0.00, real=0.02 secs] 
2020-09-29T17:42:34.833+0200: 37.050: [GC (Allocation Failure) [PSYoungGen: 626341K->49028K(629248K)] 650721K->73408K(2027520K), 0.0171215 secs] [Times: user=0.13 sys=0.00, real=0.02 secs] 
2020-09-29T17:42:34.901+0200: 37.117: [GC (Allocation Failure) [PSYoungGen: 629124K->54917K(628736K)] 653504K->79297K(2027008K), 0.0182637 secs] [Times: user=0.13 sys=0.00, real=0.02 secs] 
2020-09-29T17:42:34.968+0200: 37.184: [GC (Allocation Failure) [PSYoungGen: 621701K->33765K(632832K)] 646081K->58145K(2031104K), 0.0119560 secs] [Times: user=0.13 sys=0.00, real=0.01 secs] 
2020-09-29T17:42:35.028+0200: 37.244: [GC (Allocation Failure) [PSYoungGen: 600549K->40005K(636416K)] 624929K->64385K(2034688K), 0.0140866 secs] [Times: user=0.13 sys=0.00, real=0.01 secs] 
2020-09-29T17:42:35.091+0200: 37.307: [GC (Allocation Failure) [PSYoungGen: 611909K->37669K(634368K)] 636289K->62049K(2032640K), 0.0135498 secs] [Times: user=0.13 sys=0.00, real=0.01 secs] 
2020-09-29T17:42:35.153+0200: 37.369: [GC (Allocation Failure) [PSYoungGen: 609573K->49061K(634880K)] 633953K->73441K(2033152K), 0.0169143 secs] [Times: user=0.13 sys=0.00, real=0.02 secs] 
2020-09-29T17:42:35.219+0200: 37.435: [GC (Allocation Failure) [PSYoungGen: 624037K->21956K(596992K)] 648417K->46336K(1995264K), 0.0083799 secs] [Times: user=0.13 sys=0.00, real=0.01 secs] 
2020-09-29T17:42:35.276+0200: 37.493: [GC (Allocation Failure) [PSYoungGen: 596932K->34628K(637952K)] 621312K->59008K(2036224K), 0.0129560 secs] [Times: user=0.13 sys=0.00, real=0.01 secs] 
2020-09-29T17:42:35.338+0200: 37.554: [GC (Allocation Failure) [PSYoungGen: 610116K->20356K(636416K)] 634496K->44736K(2034688K), 0.0073936 secs] [Times: user=0.00 sys=0.00, real=0.01 secs] 
2020-09-29T17:42:35.395+0200: 37.612: [GC (Allocation Failure) [PSYoungGen: 595844K->20515K(637440K)] 620224K->44895K(2035712K), 0.0091520 secs] [Times: user=0.00 sys=0.00, real=0.01 secs] 
2020-09-29T17:42:35.453+0200: 37.670: [GC (Allocation Failure) [PSYoungGen: 596515K->35941K(637440K)] 620895K->60321K(2035712K), 0.0122405 secs] [Times: user=0.13 sys=0.00, real=0.01 secs] 
2020-09-29T17:42:35.515+0200: 37.731: [GC (Allocation Failure) [PSYoungGen: 611941K->36133K(641536K)] 636321K->60513K(2039808K), 0.0129048 secs] [Times: user=0.13 sys=0.00, real=0.01 secs] 
2020-09-29T17:42:35.579+0200: 37.796: [GC (Allocation Failure) [PSYoungGen: 618277K->57317K(639488K)] 642657K->82041K(2037760K), 0.0217421 secs] [Times: user=0.22 sys=0.00, real=0.02 secs] 
2020-09-29T17:42:35.652+0200: 37.869: [GC (Allocation Failure) [PSYoungGen: 639461K->37189K(635392K)] 664185K->61913K(2033664K), 0.0137771 secs] [Times: user=0.13 sys=0.00, real=0.01 secs] 
2020-09-29T17:42:35.715+0200: 37.932: [GC (Allocation Failure) [PSYoungGen: 613189K->38885K(637440K)] 637913K->63609K(2035712K), 0.0136366 secs] [Times: user=0.13 sys=0.00, real=0.01 secs] 
2020-09-29T17:42:35.778+0200: 37.995: [GC (Allocation Failure) [PSYoungGen: 614885K->40677K(640000K)] 639609K->65401K(2038272K), 0.0141426 secs] [Times: user=0.13 sys=0.00, real=0.01 secs] 
2020-09-29T17:42:35.842+0200: 38.058: [GC (Allocation Failure) [PSYoungGen: 621285K->32101K(639488K)] 646009K->56825K(2037760K), 0.0115151 secs] [Times: user=0.13 sys=0.00, real=0.01 secs] 
2020-09-29T17:42:35.904+0200: 38.120: [GC (Allocation Failure) [PSYoungGen: 612709K->52133K(634368K)] 637433K->76857K(2032640K), 0.0174885 secs] [Times: user=0.13 sys=0.00, real=0.02 secs] 
2020-09-29T17:42:35.972+0200: 38.188: [GC (Allocation Failure) [PSYoungGen: 629157K->40036K(637952K)] 653881K->64760K(2036224K), 0.0146213 secs] [Times: user=0.13 sys=0.00, real=0.01 secs] 
2020-09-29T17:42:36.036+0200: 38.252: [GC (Allocation Failure) [PSYoungGen: 617060K->42885K(640000K)] 641784K->67609K(2038272K), 0.0147605 secs] [Times: user=0.02 sys=0.00, real=0.02 secs] 
2020-09-29T17:42:36.100+0200: 38.317: [GC (Allocation Failure) [PSYoungGen: 623493K->49221K(630272K)] 648217K->73945K(2028544K), 0.0165131 secs] [Times: user=0.13 sys=0.00, real=0.02 secs] 
2020-09-29T17:42:36.167+0200: 38.384: [GC (Allocation Failure) [PSYoungGen: 629829K->41925K(639488K)] 654553K->66649K(2037760K), 0.0143064 secs] [Times: user=0.13 sys=0.00, real=0.01 secs] 
2020-09-29T17:42:36.231+0200: 38.448: [GC (Allocation Failure) [PSYoungGen: 620485K->46212K(637952K)] 645209K->70936K(2036224K), 0.0161815 secs] [Times: user=0.13 sys=0.00, real=0.02 secs] 
2020-09-29T17:42:36.297+0200: 38.513: [GC (Allocation Failure) [PSYoungGen: 624772K->36293K(640000K)] 649496K->61017K(2038272K), 0.0133867 secs] [Times: user=0.13 sys=0.00, real=0.01 secs] 
2020-09-29T17:42:36.359+0200: 38.576: [GC (Allocation Failure) [PSYoungGen: 614767K->23395K(638976K)] 639491K->48119K(2037248K), 0.0098666 secs] [Times: user=0.13 sys=0.00, real=0.01 secs] 
2020-09-29T17:42:36.420+0200: 38.636: [GC (Allocation Failure) [PSYoungGen: 603491K->29221K(639488K)] 628215K->53945K(2037760K), 0.0096731 secs] [Times: user=0.13 sys=0.00, real=0.01 secs] 
2020-09-29T17:42:36.485+0200: 38.701: [GC (Allocation Failure) [PSYoungGen: 608805K->34565K(638976K)] 633529K->59289K(2037248K), 0.0122197 secs] [Times: user=0.13 sys=0.00, real=0.01 secs] 
2020-09-29T17:42:36.547+0200: 38.763: [GC (Allocation Failure) [PSYoungGen: 614149K->11747K(636928K)] 638873K->36471K(2035200K), 0.0051772 secs] [Times: user=0.13 sys=0.00, real=0.01 secs] 
2020-09-29T17:42:36.604+0200: 38.821: [GC (Allocation Failure) [PSYoungGen: 590819K->41188K(638976K)] 615543K->65912K(2037248K), 0.0167729 secs] [Times: user=0.11 sys=0.00, real=0.02 secs] 
2020-09-29T17:42:36.671+0200: 38.888: [GC (Allocation Failure) [PSYoungGen: 620260K->32293K(641024K)] 644984K->57017K(2039296K), 0.0111333 secs] [Times: user=0.13 sys=0.00, real=0.01 secs] 
2020-09-29T17:42:36.732+0200: 38.949: [GC (Allocation Failure) [PSYoungGen: 613413K->52965K(634368K)] 638137K->77689K(2032640K), 0.0170832 secs] [Times: user=0.13 sys=0.00, real=0.02 secs] 
2020-09-29T17:42:36.799+0200: 39.015: [GC (Allocation Failure) [PSYoungGen: 634085K->30564K(637952K)] 658809K->55288K(2036224K), 0.0115492 secs] [Times: user=0.13 sys=0.00, real=0.01 secs] 
2020-09-29T17:42:36.860+0200: 39.076: [GC (Allocation Failure) [PSYoungGen: 606052K->31813K(636416K)] 630776K->56537K(2034688K), 0.0108104 secs] [Times: user=0.13 sys=0.00, real=0.01 secs] 
2020-09-29T17:42:36.921+0200: 39.137: [GC (Allocation Failure) [PSYoungGen: 607301K->32868K(641536K)] 632025K->57592K(2039808K), 0.0123634 secs] [Times: user=0.13 sys=0.00, real=0.01 secs] 
2020-09-29T17:42:36.986+0200: 39.202: [GC (Allocation Failure) [PSYoungGen: 615012K->39396K(639488K)] 639736K->64120K(2037760K), 0.0160890 secs] [Times: user=0.11 sys=0.00, real=0.02 secs] 
2020-09-29T17:42:37.054+0200: 39.271: [GC (Allocation Failure) [PSYoungGen: 621540K->31076K(643584K)] 646264K->55800K(2041856K), 0.0152192 secs] [Times: user=0.11 sys=0.00, real=0.02 secs] 
2020-09-29T17:42:37.122+0200: 39.338: [GC (Allocation Failure) [PSYoungGen: 617828K->43621K(642048K)] 642552K->68345K(2040320K), 0.0156074 secs] [Times: user=0.13 sys=0.00, real=0.02 secs] 
2020-09-29T17:42:37.188+0200: 39.404: [GC (Allocation Failure) [PSYoungGen: 630373K->42469K(641536K)] 655097K->67193K(2039808K), 0.0146008 secs] [Times: user=0.13 sys=0.00, real=0.01 secs] 
2020-09-29T17:42:37.253+0200: 39.469: [GC (Allocation Failure) [PSYoungGen: 627685K->39717K(642048K)] 652409K->64441K(2040320K), 0.0171031 secs] [Times: user=0.13 sys=0.00, real=0.02 secs] 
2020-09-29T17:42:37.322+0200: 39.539: [GC (Allocation Failure) [PSYoungGen: 624933K->50725K(636928K)] 649657K->75449K(2035200K), 0.0214013 secs] [Times: user=0.13 sys=0.00, real=0.02 secs] 
2020-09-29T17:42:37.393+0200: 39.610: [GC (Allocation Failure) [PSYoungGen: 631845K->29860K(640000K)] 656569K->54584K(2038272K), 0.0145703 secs] [Times: user=0.13 sys=0.00, real=0.02 secs] 
2020-09-29T17:42:37.458+0200: 39.674: [GC (Allocation Failure) [PSYoungGen: 610980K->23013K(639488K)] 635704K->47737K(2037760K), 0.0102160 secs] [Times: user=0.00 sys=0.00, real=0.01 secs] 
2020-09-29T17:42:37.521+0200: 39.738: [GC (Allocation Failure) [PSYoungGen: 604133K->28420K(640000K)] 628857K->53144K(2038272K), 0.0134660 secs] [Times: user=0.00 sys=0.00, real=0.01 secs] 
2020-09-29T17:42:37.590+0200: 39.807: [GC (Allocation Failure) [PSYoungGen: 609540K->35108K(643072K)] 634264K->59832K(2041344K), 0.0176049 secs] [Times: user=0.11 sys=0.00, real=0.02 secs] 
2020-09-29T17:42:37.661+0200: 39.877: [GC (Allocation Failure) [PSYoungGen: 620324K->30884K(641024K)] 645048K->55608K(2039296K), 0.0142153 secs] [Times: user=0.00 sys=0.00, real=0.01 secs] 
2020-09-29T17:42:37.725+0200: 39.941: [GC (Allocation Failure) [PSYoungGen: 616100K->41829K(643072K)] 640824K->66553K(2041344K), 0.0185143 secs] [Times: user=0.13 sys=0.00, real=0.02 secs] 
2020-09-29T17:42:37.794+0200: 40.011: [GC (Allocation Failure) [PSYoungGen: 630117K->28517K(643584K)] 654841K->53241K(2041856K), 0.0124475 secs] [Times: user=0.13 sys=0.00, real=0.01 secs] 
2020-09-29T17:42:37.857+0200: 40.073: [GC (Allocation Failure) [PSYoungGen: 614991K->11522K(640512K)] 639715K->36246K(2038784K), 0.0070373 secs] [Times: user=0.00 sys=0.00, real=0.01 secs] 
2020-09-29T17:42:37.916+0200: 40.132: [GC (Allocation Failure) [PSYoungGen: 597762K->50885K(637440K)] 622486K->75609K(2035712K), 0.0212957 secs] [Times: user=0.13 sys=0.00, real=0.02 secs] 
2020-09-29T17:42:37.991+0200: 40.207: [GC (Allocation Failure) [PSYoungGen: 637125K->21540K(638464K)] 661849K->46264K(2036736K), 0.0099846 secs] [Times: user=0.00 sys=0.00, real=0.01 secs] 
2020-09-29T17:42:38.052+0200: 40.268: [GC (Allocation Failure) [PSYoungGen: 599076K->38085K(637952K)] 623800K->62809K(2036224K), 0.0172371 secs] [Times: user=0.13 sys=0.00, real=0.02 secs] 
2020-09-29T17:42:38.118+0200: 40.335: [GC (Allocation Failure) [PSYoungGen: 615621K->41413K(638464K)] 640345K->66137K(2036736K), 0.0178798 secs] [Times: user=0.13 sys=0.00, real=0.02 secs] 
2020-09-29T17:42:38.187+0200: 40.403: [GC (Allocation Failure) [PSYoungGen: 620485K->30531K(638976K)] 645209K->55255K(2037248K), 0.0148447 secs] [Times: user=0.13 sys=0.00, real=0.01 secs] 
2020-09-29T17:42:38.251+0200: 40.467: [GC (Allocation Failure) [PSYoungGen: 609603K->32516K(643072K)] 634327K->57240K(2041344K), 0.0149912 secs] [Times: user=0.13 sys=0.00, real=0.02 secs] 
2020-09-29T17:42:38.319+0200: 40.535: [GC (Allocation Failure) [PSYoungGen: 617732K->43525K(641024K)] 642456K->68249K(2039296K), 0.0192123 secs] [Times: user=0.13 sys=0.00, real=0.02 secs] 
2020-09-29T17:42:38.391+0200: 40.607: [GC (Allocation Failure) [PSYoungGen: 628741K->40805K(641536K)] 653465K->65529K(2039808K), 0.0188699 secs] [Times: user=0.09 sys=0.00, real=0.02 secs] 
2020-09-29T17:42:38.462+0200: 40.679: [GC (Allocation Failure) [PSYoungGen: 624997K->37157K(641536K)] 649721K->61881K(2039808K), 0.0169629 secs] [Times: user=0.13 sys=0.00, real=0.02 secs] 
2020-09-29T17:42:38.532+0200: 40.748: [GC (Allocation Failure) [PSYoungGen: 621349K->31973K(644608K)] 646073K->56697K(2042880K), 0.0141815 secs] [Times: user=0.13 sys=0.00, real=0.01 secs] 
2020-09-29T17:42:38.599+0200: 40.816: [GC (Allocation Failure) [PSYoungGen: 620773K->18338K(643072K)] 645497K->43062K(2041344K), 0.0110947 secs] [Times: user=0.00 sys=0.00, real=0.01 secs] 
2020-09-29T17:42:38.662+0200: 40.879: [GC (Allocation Failure) [PSYoungGen: 607138K->31620K(645120K)] 631862K->56344K(2043392K), 0.0159657 secs] [Times: user=0.13 sys=0.00, real=0.02 secs] 
2020-09-29T17:42:38.729+0200: 40.946: [GC (Allocation Failure) [PSYoungGen: 621444K->32292K(643584K)] 646168K->57016K(2041856K), 0.0152359 secs] [Times: user=0.13 sys=0.00, real=0.01 secs] 
2020-09-29T17:42:38.794+0200: 41.011: [GC (Allocation Failure) [PSYoungGen: 622116K->32485K(648704K)] 646840K->57209K(2046976K), 0.0144258 secs] [Times: user=0.13 sys=0.00, real=0.02 secs] 
2020-09-29T17:42:38.859+0200: 41.076: [GC (Allocation Failure) [PSYoungGen: 629477K->40868K(647168K)] 654201K->65592K(2045440K), 0.0190252 secs] [Times: user=0.13 sys=0.00, real=0.02 secs] 
2020-09-29T17:42:38.931+0200: 41.147: [GC (Allocation Failure) [PSYoungGen: 637860K->36100K(648704K)] 662584K->60824K(2046976K), 0.0166271 secs] [Times: user=0.13 sys=0.00, real=0.02 secs] 
2020-09-29T17:42:38.999+0200: 41.216: [GC (Allocation Failure) [PSYoungGen: 633604K->32005K(647680K)] 658328K->56729K(2045952K), 0.0141771 secs] [Times: user=0.13 sys=0.00, real=0.01 secs] 
2020-09-29T17:42:39.066+0200: 41.283: [GC (Allocation Failure) [PSYoungGen: 629509K->27364K(650240K)] 654233K->52088K(2048512K), 0.0130100 secs] [Times: user=0.11 sys=0.00, real=0.01 secs] 
2020-09-29T17:42:39.130+0200: 41.347: [GC (Allocation Failure) [PSYoungGen: 628452K->26853K(649728K)] 653176K->51577K(2048000K), 0.0118888 secs] [Times: user=0.00 sys=0.00, real=0.01 secs] 
2020-09-29T17:42:39.198+0200: 41.414: [GC (Allocation Failure) [PSYoungGen: 627941K->40101K(647680K)] 652665K->64825K(2045952K), 0.0184055 secs] [Times: user=0.13 sys=0.00, real=0.02 secs] 
2020-09-29T17:42:39.267+0200: 41.484: [GC (Allocation Failure) [PSYoungGen: 639653K->21155K(621056K)] 664377K->45879K(2019328K), 0.0113863 secs] [Times: user=0.13 sys=0.00, real=0.01 secs] 
2020-09-29T17:42:39.330+0200: 41.546: [GC (Allocation Failure) [PSYoungGen: 620707K->31684K(650752K)] 645431K->56408K(2049024K), 0.0155795 secs] [Times: user=0.13 sys=0.00, real=0.02 secs] 
2020-09-29T17:42:39.399+0200: 41.616: [GC (Allocation Failure) [PSYoungGen: 632260K->30661K(648704K)] 656984K->55385K(2046976K), 0.0140263 secs] [Times: user=0.13 sys=0.00, real=0.01 secs] 
2020-09-29T17:42:39.465+0200: 41.682: [GC (Allocation Failure) [PSYoungGen: 631237K->29541K(652800K)] 655961K->54265K(2051072K), 0.0125657 secs] [Times: user=0.13 sys=0.00, real=0.01 secs] 
2020-09-29T17:42:39.530+0200: 41.747: [GC (Allocation Failure) [PSYoungGen: 635237K->46052K(651776K)] 659961K->71856K(2050048K), 0.0220774 secs] [Times: user=0.23 sys=0.02, real=0.02 secs] 
2020-09-29T17:42:39.606+0200: 41.823: [GC (Allocation Failure) [PSYoungGen: 651748K->37669K(645632K)] 677552K->63473K(2043904K), 0.0189405 secs] [Times: user=0.11 sys=0.00, real=0.02 secs] 
2020-09-29T17:42:39.679+0200: 41.895: [GC (Allocation Failure) [PSYoungGen: 636197K->34565K(648704K)] 662001K->60369K(2046976K), 0.0155806 secs] [Times: user=0.13 sys=0.00, real=0.02 secs] 
2020-09-29T17:42:39.747+0200: 41.963: [GC (Allocation Failure) [PSYoungGen: 633093K->45253K(644096K)] 658897K->71057K(2042368K), 0.0196450 secs] [Times: user=0.13 sys=0.00, real=0.02 secs] 
2020-09-29T17:42:39.818+0200: 42.034: [GC (Allocation Failure) [PSYoungGen: 640709K->22884K(618496K)] 666513K->48688K(2016768K), 0.0116176 secs] [Times: user=0.00 sys=0.00, real=0.01 secs] 
2020-09-29T17:42:39.881+0200: 42.098: [GC (Allocation Failure) [PSYoungGen: 618340K->42372K(644608K)] 644144K->68176K(2042880K), 0.0193345 secs] [Times: user=0.13 sys=0.00, real=0.02 secs] 
2020-09-29T17:42:39.954+0200: 42.171: [GC (Allocation Failure) [PSYoungGen: 634756K->46725K(639488K)] 660560K->72529K(2037760K), 0.0205355 secs] [Times: user=0.25 sys=0.00, real=0.02 secs] 
2020-09-29T17:42:40.025+0200: 42.242: [GC (Allocation Failure) [PSYoungGen: 639109K->36452K(644608K)] 664913K->62256K(2042880K), 0.0172213 secs] [Times: user=0.13 sys=0.00, real=0.02 secs] 
2020-09-29T17:42:40.093+0200: 42.309: [GC (Allocation Failure) [PSYoungGen: 624740K->50565K(638976K)] 650544K->76369K(2037248K), 0.0220587 secs] [Times: user=0.25 sys=0.00, real=0.02 secs] 
2020-09-29T17:42:40.165+0200: 42.381: [GC (Allocation Failure) [PSYoungGen: 638853K->36708K(643072K)] 664657K->62512K(2041344K), 0.0170945 secs] [Times: user=0.13 sys=0.00, real=0.02 secs] 
2020-09-29T17:42:40.233+0200: 42.450: [GC (Allocation Failure) [PSYoungGen: 621924K->33348K(641024K)] 647728K->59152K(2039296K), 0.0152356 secs] [Times: user=0.13 sys=0.00, real=0.02 secs] 
2020-09-29T17:42:40.299+0200: 42.515: [GC (Allocation Failure) [PSYoungGen: 617389K->26307K(644096K)] 643193K->52111K(2042368K), 0.0137524 secs] [Times: user=0.13 sys=0.00, real=0.01 secs] 
2020-09-29T17:42:40.363+0200: 42.579: [GC (Allocation Failure) [PSYoungGen: 615619K->40612K(644096K)] 641423K->66416K(2042368K), 0.0189805 secs] [Times: user=0.25 sys=0.00, real=0.02 secs] 
2020-09-29T17:42:40.432+0200: 42.649: [GC (Allocation Failure) [PSYoungGen: 629924K->26596K(644096K)] 655728K->52400K(2042368K), 0.0133526 secs] [Times: user=0.13 sys=0.00, real=0.01 secs] 
2020-09-29T17:42:40.498+0200: 42.714: [GC (Allocation Failure) [PSYoungGen: 615908K->27268K(644096K)] 641712K->53072K(2042368K), 0.0130273 secs] [Times: user=0.13 sys=0.00, real=0.01 secs] 
2020-09-29T17:42:40.563+0200: 42.780: [GC (Allocation Failure) [PSYoungGen: 616580K->41764K(643584K)] 642384K->67568K(2041856K), 0.0212492 secs] [Times: user=0.22 sys=0.00, real=0.02 secs] 
2020-09-29T17:42:40.636+0200: 42.853: [GC (Allocation Failure) [PSYoungGen: 631076K->29476K(644096K)] 656880K->55280K(2042368K), 0.0153829 secs] [Times: user=0.11 sys=0.00, real=0.02 secs] 
2020-09-29T17:42:40.702+0200: 42.919: [GC (Allocation Failure) [PSYoungGen: 618788K->28195K(645632K)] 644592K->53999K(2043904K), 0.0143929 secs] [Times: user=0.13 sys=0.00, real=0.02 secs] 
2020-09-29T17:42:40.768+0200: 42.985: [GC (Allocation Failure) [PSYoungGen: 620067K->32165K(645120K)] 645871K->57969K(2043392K), 0.0146919 secs] [Times: user=0.13 sys=0.00, real=0.02 secs] 
2020-09-29T17:42:40.834+0200: 43.051: [GC (Allocation Failure) [PSYoungGen: 624037K->35012K(648704K)] 649841K->60816K(2046976K), 0.0167172 secs] [Times: user=0.13 sys=0.00, real=0.02 secs] 
2020-09-29T17:42:40.903+0200: 43.119: [GC (Allocation Failure) [PSYoungGen: 632004K->29284K(647168K)] 657808K->55088K(2045440K), 0.0144126 secs] [Times: user=0.13 sys=0.00, real=0.01 secs] 
2020-09-29T17:42:40.968+0200: 43.185: [GC (Allocation Failure) [PSYoungGen: 626276K->24580K(649728K)] 652080K->50384K(2048000K), 0.0110707 secs] [Times: user=0.13 sys=0.00, real=0.01 secs] 
2020-09-29T17:42:41.036+0200: 43.252: [GC (Allocation Failure) [PSYoungGen: 625156K->49125K(649728K)] 650960K->90417K(2048000K), 0.0312186 secs] [Times: user=0.25 sys=0.00, real=0.03 secs] 
2020-09-29T17:42:41.118+0200: 43.335: [GC (Allocation Failure) [PSYoungGen: 649701K->36229K(633344K)] 690993K->77521K(2031616K), 0.0153296 secs] [Times: user=0.13 sys=0.00, real=0.01 secs] 
2020-09-29T17:42:41.183+0200: 43.400: [GC (Allocation Failure) [PSYoungGen: 620421K->32484K(641536K)] 661713K->73776K(2039808K), 0.0149296 secs] [Times: user=0.13 sys=0.00, real=0.01 secs] 
2020-09-29T17:42:41.248+0200: 43.464: [GC (Allocation Failure) [PSYoungGen: 616676K->42405K(642048K)] 657968K->83697K(2040320K), 0.0193209 secs] [Times: user=0.13 sys=0.00, real=0.02 secs] 
2020-09-29T17:42:41.318+0200: 43.534: [GC (Allocation Failure) [PSYoungGen: 628645K->40773K(642560K)] 669937K->82065K(2040832K), 0.0182597 secs] [Times: user=0.13 sys=0.00, real=0.02 secs] 
2020-09-29T17:42:41.387+0200: 43.603: [GC (Allocation Failure) [PSYoungGen: 627013K->39077K(644096K)] 668305K->80369K(2042368K), 0.0169626 secs] [Times: user=0.13 sys=0.00, real=0.02 secs] 
2020-09-29T17:42:41.455+0200: 43.672: [GC (Allocation Failure) [PSYoungGen: 627365K->37701K(643072K)] 668657K->78993K(2041344K), 0.0173448 secs] [Times: user=0.14 sys=0.00, real=0.02 secs] 
2020-09-29T17:42:41.524+0200: 43.740: [GC (Allocation Failure) [PSYoungGen: 625989K->38085K(646656K)] 667281K->79377K(2044928K), 0.0164140 secs] [Times: user=0.13 sys=0.00, real=0.02 secs] 
2020-09-29T17:42:41.592+0200: 43.809: [GC (Allocation Failure) [PSYoungGen: 630981K->29509K(645120K)] 672273K->70801K(2043392K), 0.0143556 secs] [Times: user=0.11 sys=0.00, real=0.02 secs] 
2020-09-29T17:42:41.665+0200: 43.881: [GC (Allocation Failure) [PSYoungGen: 622405K->34020K(647680K)] 663697K->75312K(2045952K), 0.0153517 secs] [Times: user=0.13 sys=0.00, real=0.02 secs] 
2020-09-29T17:42:41.736+0200: 43.953: [GC (Allocation Failure) [PSYoungGen: 629476K->27845K(646656K)] 670768K->69137K(2044928K), 0.0122291 secs] [Times: user=0.13 sys=0.00, real=0.01 secs] 
2020-09-29T17:42:41.807+0200: 44.024: [GC (Allocation Failure) [PSYoungGen: 623301K->49061K(641024K)] 664593K->90353K(2039296K), 0.0209879 secs] [Times: user=0.13 sys=0.00, real=0.02 secs] 
2020-09-29T17:42:41.878+0200: 44.095: [GC (Allocation Failure) [PSYoungGen: 639397K->51461K(642048K)] 680689K->92753K(2040320K), 0.0225131 secs] [Times: user=0.20 sys=0.00, real=0.02 secs] 
2020-09-29T17:42:41.951+0200: 44.168: [GC (Allocation Failure) [PSYoungGen: 641797K->40068K(642048K)] 683089K->81360K(2040320K), 0.0185844 secs] [Times: user=0.13 sys=0.00, real=0.02 secs] 
2020-09-29T17:42:42.021+0200: 44.238: [GC (Allocation Failure) [PSYoungGen: 625284K->37349K(642048K)] 666576K->78641K(2040320K), 0.0167985 secs] [Times: user=0.13 sys=0.00, real=0.02 secs] 
2020-09-29T17:42:42.092+0200: 44.308: [GC (Allocation Failure) [PSYoungGen: 622565K->48036K(639488K)] 663857K->89328K(2037760K), 0.0215851 secs] [Times: user=0.13 sys=0.00, real=0.02 secs] 
2020-09-29T17:42:42.163+0200: 44.380: [GC (Allocation Failure) [PSYoungGen: 632228K->44261K(641536K)] 673520K->85553K(2039808K), 0.0189240 secs] [Times: user=0.13 sys=0.00, real=0.02 secs] 
2020-09-29T17:42:42.232+0200: 44.448: [GC (Allocation Failure) [PSYoungGen: 628453K->40581K(643072K)] 669745K->81873K(2041344K), 0.0183637 secs] [Times: user=0.13 sys=0.00, real=0.02 secs] 
2020-09-29T17:42:42.301+0200: 44.518: [GC (Allocation Failure) [PSYoungGen: 626309K->52037K(637952K)] 667601K->93329K(2036224K), 0.0235434 secs] [Times: user=0.13 sys=0.00, real=0.02 secs] 
2020-09-29T17:42:42.375+0200: 44.592: [GC (Allocation Failure) [PSYoungGen: 637765K->34340K(640512K)] 679057K->75632K(2038784K), 0.0173218 secs] [Times: user=0.13 sys=0.00, real=0.02 secs] 
2020-09-29T17:42:42.443+0200: 44.659: [GC (Allocation Failure) [PSYoungGen: 615972K->27492K(640000K)] 657264K->68784K(2038272K), 0.0140329 secs] [Times: user=0.00 sys=0.00, real=0.01 secs] 
2020-09-29T17:42:42.522+0200: 44.738: [GC (Allocation Failure) [PSYoungGen: 609124K->31587K(641024K)] 650416K->72879K(2039296K), 0.0170935 secs] [Times: user=0.13 sys=0.00, real=0.02 secs] 
2020-09-29T17:42:42.590+0200: 44.806: [GC (Allocation Failure) [PSYoungGen: 613731K->39493K(640000K)] 655023K->80785K(2038272K), 0.0193998 secs] [Times: user=0.11 sys=0.00, real=0.02 secs] 
2020-09-29T17:42:42.661+0200: 44.877: [GC (Allocation Failure) [PSYoungGen: 621637K->33669K(643584K)] 662929K->74961K(2041856K), 0.0156161 secs] [Times: user=0.13 sys=0.00, real=0.02 secs] 
2020-09-29T17:42:42.726+0200: 44.943: [GC (Allocation Failure) [PSYoungGen: 620933K->33029K(642560K)] 662225K->74321K(2040832K), 0.0157484 secs] [Times: user=0.13 sys=0.00, real=0.02 secs] 
2020-09-29T17:42:42.792+0200: 45.009: [GC (Allocation Failure) [PSYoungGen: 620293K->46085K(641024K)] 661585K->87377K(2039296K), 0.0211825 secs] [Times: user=0.13 sys=0.00, real=0.02 secs] 
2020-09-29T17:42:42.864+0200: 45.081: [GC (Allocation Failure) [PSYoungGen: 632325K->30789K(642560K)] 673617K->72081K(2040832K), 0.0137657 secs] [Times: user=0.00 sys=0.00, real=0.01 secs] 
2020-09-29T17:42:42.929+0200: 45.145: [GC (Allocation Failure) [PSYoungGen: 617029K->42789K(643072K)] 658321K->84081K(2041344K), 0.0198625 secs] [Times: user=0.13 sys=0.00, real=0.02 secs] 
2020-09-29T17:42:42.999+0200: 45.216: [GC (Allocation Failure) [PSYoungGen: 630053K->28292K(643072K)] 671345K->69584K(2041344K), 0.0144456 secs] [Times: user=0.13 sys=0.00, real=0.01 secs] 
2020-09-29T17:42:43.063+0200: 45.280: [GC (Allocation Failure) [PSYoungGen: 615556K->40804K(643584K)] 656848K->82096K(2041856K), 0.0204133 secs] [Times: user=0.25 sys=0.00, real=0.02 secs] 
2020-09-29T17:42:43.133+0200: 45.350: [GC (Allocation Failure) [PSYoungGen: 628580K->26981K(643072K)] 669872K->68273K(2041344K), 0.0142545 secs] [Times: user=0.13 sys=0.00, real=0.02 secs] 
2020-09-29T17:42:43.199+0200: 45.415: [GC (Allocation Failure) [PSYoungGen: 614757K->25572K(643584K)] 656049K->66864K(2041856K), 0.0127273 secs] [Times: user=0.13 sys=0.00, real=0.01 secs] 
2020-09-29T17:42:43.272+0200: 45.488: [GC (Allocation Failure) [PSYoungGen: 613860K->25797K(643584K)] 655152K->67089K(2041856K), 0.0126028 secs] [Times: user=0.00 sys=0.00, real=0.01 secs] 
2020-09-29T17:42:43.341+0200: 45.558: [GC (Allocation Failure) [PSYoungGen: 614085K->39877K(644096K)] 655377K->81169K(2042368K), 0.0184671 secs] [Times: user=0.13 sys=0.00, real=0.02 secs] 
2020-09-29T17:42:43.415+0200: 45.631: [GC (Allocation Failure) [PSYoungGen: 629189K->41157K(630784K)] 670481K->82449K(2029056K), 0.0200939 secs] [Times: user=0.13 sys=0.00, real=0.02 secs] 
2020-09-29T17:42:43.486+0200: 45.702: [GC (Allocation Failure) [PSYoungGen: 630469K->28901K(644608K)] 671761K->70193K(2042880K), 0.0127341 secs] [Times: user=0.13 sys=0.00, real=0.01 secs] 
2020-09-29T17:42:43.549+0200: 45.765: [GC (Allocation Failure) [PSYoungGen: 618213K->44005K(633344K)] 659505K->85297K(2031616K), 0.0209110 secs] [Times: user=0.25 sys=0.00, real=0.02 secs] 
2020-09-29T17:42:43.621+0200: 45.838: [GC (Allocation Failure) [PSYoungGen: 633317K->45381K(640000K)] 674609K->86673K(2038272K), 0.0206871 secs] [Times: user=0.13 sys=0.00, real=0.02 secs] 
2020-09-29T17:42:43.694+0200: 45.910: [GC (Allocation Failure) [PSYoungGen: 629573K->27588K(641536K)] 670865K->68880K(2039808K), 0.0146509 secs] [Times: user=0.13 sys=0.00, real=0.01 secs] 
2020-09-29T17:42:43.758+0200: 45.975: [GC (Allocation Failure) [PSYoungGen: 611780K->34852K(643584K)] 653072K->76144K(2041856K), 0.0169380 secs] [Times: user=0.13 sys=0.00, real=0.02 secs] 
2020-09-29T17:42:43.825+0200: 46.042: [GC (Allocation Failure) [PSYoungGen: 621604K->15651K(642048K)] 662896K->56943K(2040320K), 0.0085444 secs] [Times: user=0.13 sys=0.00, real=0.01 secs] 
2020-09-29T17:42:43.887+0200: 46.104: [GC (Allocation Failure) [PSYoungGen: 602403K->41893K(640512K)] 643695K->83185K(2038784K), 0.0200851 secs] [Times: user=0.09 sys=0.00, real=0.02 secs] 
2020-09-29T17:42:43.957+0200: 46.174: [GC (Allocation Failure) [PSYoungGen: 626085K->36356K(641536K)] 667377K->77648K(2039808K), 0.0184603 secs] [Times: user=0.13 sys=0.00, real=0.02 secs] 
2020-09-29T17:42:44.025+0200: 46.242: [GC (Allocation Failure) [PSYoungGen: 620548K->29604K(644096K)] 661840K->70896K(2042368K), 0.0156296 secs] [Times: user=0.13 sys=0.00, real=0.02 secs] 
2020-09-29T17:42:44.092+0200: 46.308: [GC (Allocation Failure) [PSYoungGen: 617892K->29893K(643072K)] 659184K->71185K(2041344K), 0.0146471 secs] [Times: user=0.11 sys=0.00, real=0.01 secs] 
2020-09-29T17:42:44.159+0200: 46.376: [GC (Allocation Failure) [PSYoungGen: 618181K->29348K(646656K)] 659473K->70640K(2044928K), 0.0154212 secs] [Times: user=0.13 sys=0.00, real=0.02 secs] 
2020-09-29T17:42:44.228+0200: 46.444: [GC (Allocation Failure) [PSYoungGen: 622756K->33827K(645632K)] 664048K->75119K(2043904K), 0.0181465 secs] [Times: user=0.13 sys=0.00, real=0.02 secs] 
2020-09-29T17:42:44.296+0200: 46.512: [GC (Allocation Failure) [PSYoungGen: 627235K->39333K(646656K)] 668527K->80625K(2044928K), 0.0183512 secs] [Times: user=0.13 sys=0.00, real=0.02 secs] 
2020-09-29T17:42:44.370+0200: 46.587: [GC (Allocation Failure) [PSYoungGen: 635813K->32932K(647680K)] 677105K->74224K(2045952K), 0.0171769 secs] [Times: user=0.13 sys=0.00, real=0.02 secs] 
2020-09-29T17:42:44.441+0200: 46.657: [GC (Allocation Failure) [PSYoungGen: 629412K->40100K(648192K)] 670704K->81392K(2046464K), 0.0209132 secs] [Times: user=0.22 sys=0.00, real=0.02 secs] 
2020-09-29T17:42:44.516+0200: 46.733: [GC (Allocation Failure) [PSYoungGen: 638628K->37029K(648704K)] 679920K->78321K(2046976K), 0.0175328 secs] [Times: user=0.13 sys=0.00, real=0.02 secs] 
2020-09-29T17:42:44.587+0200: 46.804: [GC (Allocation Failure) [PSYoungGen: 635557K->33989K(650752K)] 676849K->75281K(2049024K), 0.0165626 secs] [Times: user=0.11 sys=0.00, real=0.02 secs] 
2020-09-29T17:42:44.657+0200: 46.873: [GC (Allocation Failure) [PSYoungGen: 635077K->33445K(649216K)] 676369K->74737K(2047488K), 0.0156350 secs] [Times: user=0.13 sys=0.00, real=0.01 secs] 
2020-09-29T17:42:44.724+0200: 46.940: [GC (Allocation Failure) [PSYoungGen: 634533K->32965K(652800K)] 675825K->74257K(2051072K), 0.0164159 secs] [Times: user=0.13 sys=0.00, real=0.02 secs] 
2020-09-29T17:42:44.792+0200: 47.008: [GC (Allocation Failure) [PSYoungGen: 638661K->20165K(626176K)] 679953K->61457K(2024448K), 0.0094910 secs] [Times: user=0.13 sys=0.00, real=0.01 secs] 
2020-09-29T17:42:44.853+0200: 47.070: [GC (Allocation Failure) [PSYoungGen: 625861K->37989K(650240K)] 667153K->79281K(2048512K), 0.0187003 secs] [Times: user=0.13 sys=0.00, real=0.02 secs] 
2020-09-29T17:42:44.926+0200: 47.142: [GC (Allocation Failure) [PSYoungGen: 640613K->38981K(642048K)] 681905K->80273K(2040320K), 0.0183676 secs] [Times: user=0.13 sys=0.00, real=0.02 secs] 
2020-09-29T17:42:44.997+0200: 47.214: [GC (Allocation Failure) [PSYoungGen: 641605K->22116K(649216K)] 682897K->63408K(2047488K), 0.0127185 secs] [Times: user=0.13 sys=0.00, real=0.01 secs] 
2020-09-29T17:42:45.062+0200: 47.279: [GC (Allocation Failure) [PSYoungGen: 622692K->34084K(649728K)] 663984K->75376K(2048000K), 0.0180335 secs] [Times: user=0.13 sys=0.00, real=0.02 secs] 
2020-09-29T17:42:45.132+0200: 47.349: [GC (Allocation Failure) [PSYoungGen: 634660K->33093K(652288K)] 675952K->74385K(2050560K), 0.0161290 secs] [Times: user=0.13 sys=0.00, real=0.02 secs] 
2020-09-29T17:42:45.207+0200: 47.424: [GC (Allocation Failure) [PSYoungGen: 637253K->35621K(650752K)] 678545K->76913K(2049024K), 0.0174450 secs] [Times: user=0.13 sys=0.00, real=0.02 secs] 
2020-09-29T17:42:45.276+0200: 47.492: [GC (Allocation Failure) [PSYoungGen: 639781K->37572K(651776K)] 681073K->78864K(2050048K), 0.0191166 secs] [Times: user=0.13 sys=0.00, real=0.02 secs] 
2020-09-29T17:42:45.347+0200: 47.563: [GC (Allocation Failure) [PSYoungGen: 643268K->39972K(646144K)] 684560K->81264K(2044416K), 0.0196772 secs] [Times: user=0.25 sys=0.00, real=0.02 secs] 
2020-09-29T17:42:45.418+0200: 47.634: [GC (Allocation Failure) [PSYoungGen: 645668K->43396K(647168K)] 686960K->84688K(2045440K), 0.0211671 secs] [Times: user=0.13 sys=0.00, real=0.02 secs] 
2020-09-29T17:42:45.490+0200: 47.707: [GC (Allocation Failure) [PSYoungGen: 642948K->41381K(641024K)] 684240K->82673K(2039296K), 0.0202910 secs] [Times: user=0.13 sys=0.00, real=0.02 secs] 
2020-09-29T17:42:45.561+0200: 47.778: [GC (Allocation Failure) [PSYoungGen: 640933K->39237K(648704K)] 682225K->80529K(2046976K), 0.0193914 secs] [Times: user=0.13 sys=0.00, real=0.02 secs] 
2020-09-29T17:42:45.634+0200: 47.850: [GC (Allocation Failure) [PSYoungGen: 637253K->48932K(647168K)] 678545K->90224K(2045440K), 0.0258542 secs] [Times: user=0.11 sys=0.00, real=0.02 secs] 
2020-09-29T17:42:45.711+0200: 47.928: [GC (Allocation Failure) [PSYoungGen: 646948K->31364K(644096K)] 688240K->72656K(2042368K), 0.0150913 secs] [Times: user=0.13 sys=0.00, real=0.02 secs] 
2020-09-29T17:42:45.777+0200: 47.993: [GC (Allocation Failure) [PSYoungGen: 623748K->35396K(645632K)] 665040K->76688K(2043904K), 0.0177792 secs] [Times: user=0.13 sys=0.00, real=0.02 secs] 
2020-09-29T17:42:45.845+0200: 48.062: [GC (Allocation Failure) [PSYoungGen: 627780K->39877K(647680K)] 669072K->81169K(2045952K), 0.0193701 secs] [Times: user=0.25 sys=0.00, real=0.02 secs] 
2020-09-29T17:42:45.917+0200: 48.133: [GC (Allocation Failure) [PSYoungGen: 635845K->17283K(613376K)] 677137K->58575K(2011648K), 0.0102794 secs] [Times: user=0.11 sys=0.00, real=0.01 secs] 
2020-09-29T17:42:45.979+0200: 48.195: [GC (Allocation Failure) [PSYoungGen: 613251K->38949K(645632K)] 654543K->80241K(2043904K), 0.0178016 secs] [Times: user=0.13 sys=0.00, real=0.02 secs] 
2020-09-29T17:42:46.052+0200: 48.268: [GC (Allocation Failure) [PSYoungGen: 631333K->28420K(645632K)] 672625K->69712K(2043904K), 0.0140248 secs] [Times: user=0.00 sys=0.00, real=0.01 secs] 
2020-09-29T17:42:46.131+0200: 48.347: [GC (Allocation Failure) [PSYoungGen: 620804K->46597K(641024K)] 662096K->87889K(2039296K), 0.0212442 secs] [Times: user=0.13 sys=0.00, real=0.02 secs] 
2020-09-29T17:42:46.202+0200: 48.419: [GC (Allocation Failure) [PSYoungGen: 634885K->32580K(643584K)] 676177K->73872K(2041856K), 0.0177434 secs] [Times: user=0.13 sys=0.00, real=0.02 secs] 
2020-09-29T17:42:46.270+0200: 48.486: [GC (Allocation Failure) [PSYoungGen: 620868K->46661K(640000K)] 662160K->87953K(2038272K), 0.0218544 secs] [Times: user=0.13 sys=0.00, real=0.02 secs] 
2020-09-29T17:42:46.342+0200: 48.558: [GC (Allocation Failure) [PSYoungGen: 632901K->44997K(631296K)] 674193K->86289K(2029568K), 0.0212945 secs] [Times: user=0.13 sys=0.00, real=0.02 secs] 
2020-09-29T17:42:46.413+0200: 48.629: [GC (Allocation Failure) [PSYoungGen: 631237K->13603K(637440K)] 672529K->54895K(2035712K), 0.0075381 secs] [Times: user=0.00 sys=0.00, real=0.01 secs] 
2020-09-29T17:42:46.473+0200: 48.689: [GC (Allocation Failure) [PSYoungGen: 593699K->46853K(627200K)] 634991K->88145K(2025472K), 0.0216297 secs] [Times: user=0.13 sys=0.00, real=0.02 secs] 
2020-09-29T17:42:46.544+0200: 48.760: [GC (Allocation Failure) [PSYoungGen: 626949K->39045K(638976K)] 668241K->80337K(2037248K), 0.0175557 secs] [Times: user=0.13 sys=0.00, real=0.02 secs] 
2020-09-29T17:42:46.612+0200: 48.829: [GC (Allocation Failure) [PSYoungGen: 616581K->27396K(637440K)] 657873K->68688K(2035712K), 0.0153235 secs] [Times: user=0.08 sys=0.00, real=0.02 secs] 
2020-09-29T17:42:46.678+0200: 48.895: [GC (Allocation Failure) [PSYoungGen: 604932K->30660K(641024K)] 646224K->71952K(2039296K), 0.0177042 secs] [Times: user=0.13 sys=0.00, real=0.02 secs] 
2020-09-29T17:42:46.746+0200: 48.963: [GC (Allocation Failure) [PSYoungGen: 612804K->52229K(634880K)] 654096K->93521K(2033152K), 0.0235210 secs] [Times: user=0.13 sys=0.00, real=0.02 secs] 
2020-09-29T17:42:46.819+0200: 49.035: [GC (Allocation Failure) [PSYoungGen: 634373K->46501K(634880K)] 675665K->87793K(2033152K), 0.0216284 secs] [Times: user=0.13 sys=0.00, real=0.02 secs] 
2020-09-29T17:42:46.890+0200: 49.106: [GC (Allocation Failure) [PSYoungGen: 619429K->31493K(635904K)] 660721K->72785K(2034176K), 0.0149423 secs] [Times: user=0.13 sys=0.00, real=0.01 secs] 
2020-09-29T17:42:46.955+0200: 49.172: [GC (Allocation Failure) [PSYoungGen: 604421K->26660K(637952K)] 645713K->67952K(2036224K), 0.0149886 secs] [Times: user=0.11 sys=0.00, real=0.02 secs] 
2020-09-29T17:42:47.024+0200: 49.241: [GC (Allocation Failure) [PSYoungGen: 603172K->42693K(637440K)] 644464K->83985K(2035712K), 0.0206513 secs] [Times: user=0.13 sys=0.00, real=0.02 secs] 
2020-09-29T17:42:47.094+0200: 49.311: [GC (Allocation Failure) [PSYoungGen: 619205K->44997K(636928K)] 660497K->86289K(2035200K), 0.0211689 secs] [Times: user=0.25 sys=0.00, real=0.02 secs] 
2020-09-29T17:42:47.164+0200: 49.381: [GC (Allocation Failure) [PSYoungGen: 620997K->33093K(637440K)] 662289K->74385K(2035712K), 0.0150883 secs] [Times: user=0.13 sys=0.00, real=0.01 secs] 
2020-09-29T17:42:47.228+0200: 49.445: [GC (Allocation Failure) [PSYoungGen: 609093K->48485K(634880K)] 650385K->89777K(2033152K), 0.0226624 secs] [Times: user=0.13 sys=0.00, real=0.02 secs] 
2020-09-29T17:42:47.300+0200: 49.517: [GC (Allocation Failure) [PSYoungGen: 623461K->19652K(594944K)] 664753K->60944K(1993216K), 0.0073264 secs] [Times: user=0.11 sys=0.02, real=0.01 secs] 
2020-09-29T17:42:47.357+0200: 49.574: [GC (Allocation Failure) [PSYoungGen: 594628K->34085K(638464K)] 635920K->75377K(2036736K), 0.0116123 secs] [Times: user=0.13 sys=0.00, real=0.01 secs] 
2020-09-29T17:42:47.419+0200: 49.635: [GC (Allocation Failure) [PSYoungGen: 610085K->22181K(636416K)] 651377K->63473K(2034688K), 0.0075531 secs] [Times: user=0.13 sys=0.00, real=0.01 secs] 
2020-09-29T17:42:47.475+0200: 49.692: [GC (Allocation Failure) [PSYoungGen: 598181K->20834K(638464K)] 639473K->62126K(2036736K), 0.0094994 secs] [Times: user=0.00 sys=0.00, real=0.01 secs] 
2020-09-29T17:42:47.535+0200: 49.752: [GC (Allocation Failure) [PSYoungGen: 598882K->21155K(638464K)] 640174K->62447K(2036736K), 0.0092540 secs] [Times: user=0.06 sys=0.00, real=0.01 secs] 
2020-09-29T17:42:47.596+0200: 49.812: [GC (Allocation Failure) [PSYoungGen: 599203K->24805K(640512K)] 640495K->66097K(2038784K), 0.0093837 secs] [Times: user=0.11 sys=0.00, real=0.01 secs] 
2020-09-29T17:42:47.657+0200: 49.873: [GC (Allocation Failure) [PSYoungGen: 605413K->30755K(638976K)] 646705K->72047K(2037248K), 0.0121149 secs] [Times: user=0.13 sys=0.00, real=0.01 secs] 
2020-09-29T17:42:47.719+0200: 49.935: [GC (Allocation Failure) [PSYoungGen: 611363K->23461K(644096K)] 652655K->64753K(2042368K), 0.0075459 secs] [Times: user=0.13 sys=0.00, real=0.01 secs] 
2020-09-29T17:42:47.776+0200: 49.993: [GC (Allocation Failure) [PSYoungGen: 611749K->21571K(643072K)] 653041K->62863K(2041344K), 0.0086434 secs] [Times: user=0.00 sys=0.00, real=0.01 secs] 
2020-09-29T17:42:47.835+0200: 50.052: [GC (Allocation Failure) [PSYoungGen: 609859K->34212K(645632K)] 651151K->75504K(2043904K), 0.0125500 secs] [Times: user=0.13 sys=0.00, real=0.01 secs] 
2020-09-29T17:42:47.899+0200: 50.115: [GC (Allocation Failure) [PSYoungGen: 626084K->51781K(644096K)] 667376K->93073K(2042368K), 0.0176703 secs] [Times: user=0.13 sys=0.00, real=0.02 secs] 
2020-09-29T17:42:47.967+0200: 50.184: [GC (Allocation Failure) [PSYoungGen: 643653K->27363K(640000K)] 684945K->68655K(2038272K), 0.0118507 secs] [Times: user=0.13 sys=0.00, real=0.01 secs] 
2020-09-29T17:42:48.030+0200: 50.247: [GC (Allocation Failure) [PSYoungGen: 612579K->38309K(642048K)] 653871K->79601K(2040320K), 0.0132021 secs] [Times: user=0.13 sys=0.00, real=0.01 secs] 
2020-09-29T17:42:48.093+0200: 50.310: [GC (Allocation Failure) [PSYoungGen: 623525K->34564K(643584K)] 664817K->75856K(2041856K), 0.0129514 secs] [Times: user=0.13 sys=0.00, real=0.01 secs] 
2020-09-29T17:42:48.156+0200: 50.373: [GC (Allocation Failure) [PSYoungGen: 621316K->31684K(642048K)] 662608K->72976K(2040320K), 0.0118707 secs] [Times: user=0.13 sys=0.00, real=0.01 secs] 
2020-09-29T17:42:48.218+0200: 50.435: [GC (Allocation Failure) [PSYoungGen: 618436K->53221K(631296K)] 659728K->99129K(2029568K), 0.0199466 secs] [Times: user=0.13 sys=0.00, real=0.02 secs] 
2020-09-29T17:42:48.289+0200: 50.506: [GC (Allocation Failure) [PSYoungGen: 631269K->33220K(638464K)] 677177K->79128K(2036736K), 0.0124330 secs] [Times: user=0.13 sys=0.00, real=0.01 secs] 
2020-09-29T17:42:48.352+0200: 50.568: [GC (Allocation Failure) [PSYoungGen: 611268K->50789K(633344K)] 657176K->96697K(2031616K), 0.0173591 secs] [Times: user=0.13 sys=0.00, real=0.02 secs] 
2020-09-29T17:42:48.419+0200: 50.636: [GC (Allocation Failure) [PSYoungGen: 625765K->37508K(636928K)] 671673K->83416K(2035200K), 0.0141719 secs] [Times: user=0.13 sys=0.00, real=0.02 secs] 
2020-09-29T17:42:48.483+0200: 50.700: [GC (Allocation Failure) [PSYoungGen: 611816K->35812K(641536K)] 657724K->81720K(2039808K), 0.0136319 secs] [Times: user=0.13 sys=0.00, real=0.01 secs] 
2020-09-29T17:42:48.546+0200: 50.762: [GC (Allocation Failure) [PSYoungGen: 617444K->29509K(638976K)] 663352K->75417K(2037248K), 0.0104026 secs] [Times: user=0.13 sys=0.00, real=0.01 secs] 
2020-09-29T17:42:48.608+0200: 50.824: [GC (Allocation Failure) [PSYoungGen: 611141K->36869K(644096K)] 657049K->82777K(2042368K), 0.0140027 secs] [Times: user=0.11 sys=0.00, real=0.01 secs] 
2020-09-29T17:42:48.673+0200: 50.890: [GC (Allocation Failure) [PSYoungGen: 624133K->36293K(642048K)] 670041K->82201K(2040320K), 0.0124370 secs] [Times: user=0.13 sys=0.00, real=0.01 secs] 
2020-09-29T17:42:48.735+0200: 50.952: [GC (Allocation Failure) [PSYoungGen: 623557K->35589K(647168K)] 669465K->81497K(2045440K), 0.0124881 secs] [Times: user=0.13 sys=0.00, real=0.01 secs] 
2020-09-29T17:42:48.799+0200: 51.015: [GC (Allocation Failure) [PSYoungGen: 629509K->26948K(645632K)] 675417K->72856K(2043904K), 0.0106949 secs] [Times: user=0.13 sys=0.00, real=0.01 secs] 
2020-09-29T17:42:48.860+0200: 51.077: [GC (Allocation Failure) [PSYoungGen: 620868K->46629K(642048K)] 666776K->92537K(2040320K), 0.0159227 secs] [Times: user=0.13 sys=0.00, real=0.02 secs] 
2020-09-29T17:42:48.927+0200: 51.144: [GC (Allocation Failure) [PSYoungGen: 636965K->35333K(644608K)] 682873K->81241K(2042880K), 0.0120865 secs] [Times: user=0.00 sys=0.00, real=0.01 secs] 
2020-09-29T17:42:48.990+0200: 51.207: [GC (Allocation Failure) [PSYoungGen: 625669K->23684K(645120K)] 671577K->69592K(2043392K), 0.0090421 secs] [Times: user=0.00 sys=0.00, real=0.01 secs] 
2020-09-29T17:42:49.052+0200: 51.269: [GC (Allocation Failure) [PSYoungGen: 616068K->41828K(634368K)] 661976K->87736K(2032640K), 0.0151463 secs] [Times: user=0.13 sys=0.00, real=0.01 secs] 
2020-09-29T17:42:49.118+0200: 51.335: [GC (Allocation Failure) [PSYoungGen: 634212K->31748K(646144K)] 680120K->77656K(2044416K), 0.0120366 secs] [Times: user=0.13 sys=0.00, real=0.01 secs] 
2020-09-29T17:42:49.182+0200: 51.399: [GC (Allocation Failure) [PSYoungGen: 624132K->36197K(645120K)] 670040K->82105K(2043392K), 0.0137052 secs] [Times: user=0.13 sys=0.00, real=0.01 secs] 
2020-09-29T17:42:49.246+0200: 51.463: [GC (Allocation Failure) [PSYoungGen: 628581K->24739K(646656K)] 674489K->70647K(2044928K), 0.0105007 secs] [Times: user=0.13 sys=0.00, real=0.01 secs] 
2020-09-29T17:42:49.307+0200: 51.523: [GC (Allocation Failure) [PSYoungGen: 620195K->32229K(647168K)] 666103K->78137K(2045440K), 0.0115034 secs] [Times: user=0.13 sys=0.00, real=0.01 secs] 
2020-09-29T17:42:49.369+0200: 51.586: [GC (Allocation Failure) [PSYoungGen: 627685K->39781K(647680K)] 673593K->85689K(2045952K), 0.0138101 secs] [Times: user=0.13 sys=0.00, real=0.01 secs] 
2020-09-29T17:42:49.435+0200: 51.651: [GC (Allocation Failure) [PSYoungGen: 637285K->35557K(648192K)] 683193K->81465K(2046464K), 0.0121745 secs] [Times: user=0.13 sys=0.00, real=0.01 secs] 
2020-09-29T17:42:49.499+0200: 51.716: [GC (Allocation Failure) [PSYoungGen: 633061K->43300K(646144K)] 678969K->89208K(2044416K), 0.0157623 secs] [Times: user=0.13 sys=0.00, real=0.02 secs] 
2020-09-29T17:42:49.566+0200: 51.783: [GC (Allocation Failure) [PSYoungGen: 639780K->38213K(647680K)] 685688K->84121K(2045952K), 0.0144012 secs] [Times: user=0.11 sys=0.00, real=0.01 secs] 
2020-09-29T17:42:49.633+0200: 51.850: [GC (Allocation Failure) [PSYoungGen: 634693K->33125K(649216K)] 680601K->79033K(2047488K), 0.0126624 secs] [Times: user=0.13 sys=0.00, real=0.01 secs] 
2020-09-29T17:42:49.697+0200: 51.914: [GC (Allocation Failure) [PSYoungGen: 631653K->43685K(642560K)] 677561K->89593K(2040832K), 0.0155886 secs] [Times: user=0.13 sys=0.00, real=0.02 secs] 
2020-09-29T17:42:49.767+0200: 51.983: [GC (Allocation Failure) [PSYoungGen: 642213K->39332K(648192K)] 688121K->85240K(2046464K), 0.0164142 secs] [Times: user=0.11 sys=0.00, real=0.02 secs] 
2020-09-29T17:42:49.837+0200: 52.054: [GC (Allocation Failure) [PSYoungGen: 636324K->33956K(647680K)] 682232K->79864K(2045952K), 0.0134412 secs] [Times: user=0.13 sys=0.00, real=0.01 secs] 
2020-09-29T17:42:49.905+0200: 52.122: [GC (Allocation Failure) [PSYoungGen: 630948K->42436K(647680K)] 676856K->88344K(2045952K), 0.0176589 secs] [Times: user=0.13 sys=0.00, real=0.02 secs] 
2020-09-29T17:42:49.976+0200: 52.192: [GC (Allocation Failure) [PSYoungGen: 639940K->38373K(648192K)] 685848K->84281K(2046464K), 0.0142952 secs] [Times: user=0.13 sys=0.00, real=0.01 secs] 
2020-09-29T17:42:50.041+0200: 52.258: [GC (Allocation Failure) [PSYoungGen: 635877K->34149K(649728K)] 681785K->80057K(2048000K), 0.0121958 secs] [Times: user=0.13 sys=0.00, real=0.01 secs] 
2020-09-29T17:42:50.106+0200: 52.322: [GC (Allocation Failure) [PSYoungGen: 633701K->31268K(648704K)] 679609K->77176K(2046976K), 0.0112942 secs] [Times: user=0.13 sys=0.00, real=0.01 secs] 
2020-09-29T17:42:50.168+0200: 52.385: [GC (Allocation Failure) [PSYoungGen: 629401K->11939K(644608K)] 675309K->57847K(2042880K), 0.0055246 secs] [Times: user=0.00 sys=0.00, real=0.01 secs] 
2020-09-29T17:42:50.225+0200: 52.442: [GC (Allocation Failure) [PSYoungGen: 607395K->33156K(647168K)] 653303K->79064K(2045440K), 0.0119613 secs] [Times: user=0.00 sys=0.00, real=0.01 secs] 
2020-09-29T17:42:50.288+0200: 52.504: [GC (Allocation Failure) [PSYoungGen: 628612K->9794K(643584K)] 674520K->55702K(2041856K), 0.0052963 secs] [Times: user=0.00 sys=0.00, real=0.00 secs] 
2020-09-29T17:42:50.344+0200: 52.560: [GC (Allocation Failure) [PSYoungGen: 603202K->42661K(636416K)] 649110K->88569K(2034688K), 0.0151515 secs] [Times: user=0.13 sys=0.00, real=0.01 secs] 
2020-09-29T17:42:50.410+0200: 52.627: [GC (Allocation Failure) [PSYoungGen: 636069K->34500K(645632K)] 681977K->80408K(2043904K), 0.0133225 secs] [Times: user=0.13 sys=0.00, real=0.01 secs] 
2020-09-29T17:42:50.475+0200: 52.692: [GC (Allocation Failure) [PSYoungGen: 625348K->36772K(644096K)] 671256K->82680K(2042368K), 0.0138387 secs] [Times: user=0.13 sys=0.00, real=0.01 secs] 
2020-09-29T17:42:50.541+0200: 52.758: [GC (Allocation Failure) [PSYoungGen: 627620K->23684K(646656K)] 673528K->69592K(2044928K), 0.0090936 secs] [Times: user=0.00 sys=0.00, real=0.01 secs] 
2020-09-29T17:42:50.605+0200: 52.821: [GC (Allocation Failure) [PSYoungGen: 617604K->43365K(637440K)] 663512K->89273K(2035712K), 0.0162198 secs] [Times: user=0.11 sys=0.00, real=0.02 secs] 
2020-09-29T17:42:50.673+0200: 52.889: [GC (Allocation Failure) [PSYoungGen: 637285K->21636K(644608K)] 683193K->67544K(2042880K), 0.0077582 secs] [Times: user=0.13 sys=0.00, real=0.01 secs] 
2020-09-29T17:42:50.731+0200: 52.948: [GC (Allocation Failure) [PSYoungGen: 611460K->23140K(644096K)] 657368K->69048K(2042368K), 0.0091800 secs] [Times: user=0.13 sys=0.00, real=0.01 secs] 
2020-09-29T17:42:50.791+0200: 53.008: [GC (Allocation Failure) [PSYoungGen: 612964K->38789K(644096K)] 658872K->84697K(2042368K), 0.0127845 secs] [Times: user=0.13 sys=0.00, real=0.01 secs] 
2020-09-29T17:42:50.854+0200: 53.071: [GC (Allocation Failure) [PSYoungGen: 629125K->40900K(631296K)] 675033K->86808K(2029568K), 0.0149216 secs] [Times: user=0.13 sys=0.00, real=0.01 secs] 
2020-09-29T17:42:50.922+0200: 53.138: [GC (Allocation Failure) [PSYoungGen: 631236K->28644K(645120K)] 677144K->74552K(2043392K), 0.0109221 secs] [Times: user=0.13 sys=0.00, real=0.01 secs] 
2020-09-29T17:42:50.983+0200: 53.200: [GC (Allocation Failure) [PSYoungGen: 618468K->44229K(634368K)] 664376K->90137K(2032640K), 0.0164792 secs] [Times: user=0.13 sys=0.00, real=0.02 secs] 
2020-09-29T17:42:51.051+0200: 53.267: [GC (Allocation Failure) [PSYoungGen: 634053K->32516K(644608K)] 679961K->78424K(2042880K), 0.0124137 secs] [Times: user=0.00 sys=0.00, real=0.01 secs] 
2020-09-29T17:42:51.114+0200: 53.331: [GC (Allocation Failure) [PSYoungGen: 620804K->32901K(642560K)] 666712K->78809K(2040832K), 0.0130607 secs] [Times: user=0.00 sys=0.00, real=0.01 secs] 
2020-09-29T17:42:51.177+0200: 53.394: [GC (Allocation Failure) [PSYoungGen: 621189K->30724K(648192K)] 667097K->76632K(2046464K), 0.0119296 secs] [Times: user=0.00 sys=0.00, real=0.01 secs] 
2020-09-29T17:42:51.240+0200: 53.457: [GC (Allocation Failure) [PSYoungGen: 626692K->38821K(646656K)] 672600K->84729K(2044928K), 0.0137024 secs] [Times: user=0.00 sys=0.00, real=0.01 secs] 
2020-09-29T17:42:51.305+0200: 53.522: [GC (Allocation Failure) [PSYoungGen: 634789K->46821K(641536K)] 680697K->92729K(2039808K), 0.0158570 secs] [Times: user=0.13 sys=0.00, real=0.02 secs] 
2020-09-29T17:42:51.372+0200: 53.589: [GC (Allocation Failure) [PSYoungGen: 637157K->34981K(644608K)] 683065K->80889K(2042880K), 0.0126170 secs] [Times: user=0.13 sys=0.00, real=0.01 secs] 
2020-09-29T17:42:51.436+0200: 53.653: [GC (Allocation Failure) [PSYoungGen: 625317K->35909K(647680K)] 671225K->81817K(2045952K), 0.0124377 secs] [Times: user=0.13 sys=0.00, real=0.01 secs] 
2020-09-29T17:42:51.501+0200: 53.717: [GC (Allocation Failure) [PSYoungGen: 631365K->28836K(646656K)] 677273K->74744K(2044928K), 0.0111855 secs] [Times: user=0.13 sys=0.00, real=0.01 secs] 
2020-09-29T17:42:51.563+0200: 53.780: [GC (Allocation Failure) [PSYoungGen: 624292K->50053K(640000K)] 670200K->95961K(2038272K), 0.0178285 secs] [Times: user=0.11 sys=0.00, real=0.03 secs] 
2020-09-29T17:42:51.642+0200: 53.858: [GC (Allocation Failure) [PSYoungGen: 639365K->36484K(644096K)] 685273K->82392K(2042368K), 0.0134902 secs] [Times: user=0.13 sys=0.00, real=0.01 secs] 
2020-09-29T17:42:51.705+0200: 53.922: [GC (Allocation Failure) [PSYoungGen: 625796K->36357K(647680K)] 671704K->82265K(2045952K), 0.0129403 secs] [Times: user=0.13 sys=0.00, real=0.01 secs] 
2020-09-29T17:42:51.770+0200: 53.987: [GC (Allocation Failure) [PSYoungGen: 630789K->29221K(645632K)] 676697K->75129K(2043904K), 0.0104678 secs] [Times: user=0.00 sys=0.00, real=0.01 secs] 
2020-09-29T17:42:51.831+0200: 54.048: [GC (Allocation Failure) [PSYoungGen: 623653K->35781K(649216K)] 669561K->81689K(2047488K), 0.0130737 secs] [Times: user=0.13 sys=0.00, real=0.01 secs] 
2020-09-29T17:42:51.896+0200: 54.113: [GC (Allocation Failure) [PSYoungGen: 633797K->32229K(647680K)] 679705K->78137K(2045952K), 0.0117345 secs] [Times: user=0.00 sys=0.00, real=0.01 secs] 
2020-09-29T17:42:51.959+0200: 54.176: [GC (Allocation Failure) [PSYoungGen: 630245K->42309K(647168K)] 676153K->88217K(2045440K), 0.0143794 secs] [Times: user=0.13 sys=0.00, real=0.01 secs] 
2020-09-29T17:42:52.025+0200: 54.242: [GC (Allocation Failure) [PSYoungGen: 640837K->39173K(648704K)] 686745K->85081K(2046976K), 0.0137239 secs] [Times: user=0.13 sys=0.00, real=0.01 secs] 
2020-09-29T17:42:52.090+0200: 54.306: [GC (Allocation Failure) [PSYoungGen: 637701K->36101K(650240K)] 683609K->82009K(2048512K), 0.0130789 secs] [Times: user=0.13 sys=0.00, real=0.01 secs] 
2020-09-29T17:42:52.155+0200: 54.372: [GC (Allocation Failure) [PSYoungGen: 636165K->34629K(648704K)] 682073K->80537K(2046976K), 0.0118532 secs] [Times: user=0.13 sys=0.00, real=0.01 secs] 
2020-09-29T17:42:52.218+0200: 54.435: [GC (Allocation Failure) [PSYoungGen: 634693K->16034K(646144K)] 680601K->61942K(2044416K), 0.0078826 secs] [Times: user=0.13 sys=0.00, real=0.01 secs] 
2020-09-29T17:42:52.277+0200: 54.494: [GC (Allocation Failure) [PSYoungGen: 614562K->40357K(638976K)] 660470K->86265K(2037248K), 0.0138217 secs] [Times: user=0.13 sys=0.00, real=0.01 secs] 
2020-09-29T17:42:52.342+0200: 54.558: [GC (Allocation Failure) [PSYoungGen: 638885K->34980K(649728K)] 684793K->80888K(2048000K), 0.0127545 secs] [Times: user=0.13 sys=0.00, real=0.01 secs] 
2020-09-29T17:42:52.406+0200: 54.623: [GC (Allocation Failure) [PSYoungGen: 634020K->45861K(645120K)] 679928K->91769K(2043392K), 0.0161147 secs] [Times: user=0.13 sys=0.00, real=0.02 secs] 
2020-09-29T17:42:52.473+0200: 54.690: [GC (Allocation Failure) [PSYoungGen: 644901K->29476K(647680K)] 690809K->75384K(2045952K), 0.0110218 secs] [Times: user=0.00 sys=0.00, real=0.01 secs] 
2020-09-29T17:42:52.536+0200: 54.752: [GC (Allocation Failure) [PSYoungGen: 625444K->37541K(647168K)] 671352K->83449K(2045440K), 0.0128871 secs] [Times: user=0.00 sys=0.00, real=0.01 secs] 
2020-09-29T17:42:52.601+0200: 54.818: [GC (Allocation Failure) [PSYoungGen: 633509K->45573K(644096K)] 679417K->91481K(2042368K), 0.0171849 secs] [Times: user=0.11 sys=0.00, real=0.02 secs] 
2020-09-29T17:42:52.670+0200: 54.887: [GC (Allocation Failure) [PSYoungGen: 638981K->35940K(646144K)] 684889K->81848K(2044416K), 0.0133971 secs] [Times: user=0.13 sys=0.00, real=0.01 secs] 
2020-09-29T17:42:52.741+0200: 54.958: [GC (Allocation Failure) [PSYoungGen: 629348K->41413K(646656K)] 675256K->87321K(2044928K), 0.0144184 secs] [Times: user=0.13 sys=0.00, real=0.01 secs] 
2020-09-29T17:42:52.807+0200: 55.023: [GC (Allocation Failure) [PSYoungGen: 636869K->20996K(616960K)] 682777K->66904K(2015232K), 0.0082262 secs] [Times: user=0.00 sys=0.00, real=0.01 secs] 
2020-09-29T17:42:52.866+0200: 55.082: [GC (Allocation Failure) [PSYoungGen: 616452K->53221K(634368K)] 662360K->101721K(2032640K), 0.0197972 secs] [Times: user=0.13 sys=0.00, real=0.02 secs] 
2020-09-29T17:42:52.936+0200: 55.152: [GC (Allocation Failure) [PSYoungGen: 634341K->20451K(601600K)] 682841K->68951K(1999872K), 0.0084591 secs] [Times: user=0.13 sys=0.00, real=0.01 secs] 
2020-09-29T17:42:52.996+0200: 55.212: [GC (Allocation Failure) [PSYoungGen: 601571K->40933K(639488K)] 650071K->89433K(2037760K), 0.0156652 secs] [Times: user=0.13 sys=0.00, real=0.02 secs] 
2020-09-29T17:42:53.062+0200: 55.278: [GC (Allocation Failure) [PSYoungGen: 621029K->18723K(599040K)] 669529K->67223K(1997312K), 0.0076275 secs] [Times: user=0.13 sys=0.00, real=0.01 secs] 
2020-09-29T17:42:53.121+0200: 55.337: [GC (Allocation Failure) [PSYoungGen: 598819K->38277K(640000K)] 647319K->86777K(2038272K), 0.0130004 secs] [Times: user=0.13 sys=0.00, real=0.01 secs] 
2020-09-29T17:42:53.185+0200: 55.401: [GC (Allocation Failure) [PSYoungGen: 618373K->30341K(638976K)] 666873K->78841K(2037248K), 0.0107934 secs] [Times: user=0.13 sys=0.00, real=0.01 secs] 
2020-09-29T17:42:53.247+0200: 55.463: [GC (Allocation Failure) [PSYoungGen: 610437K->49957K(634368K)] 658937K->98457K(2032640K), 0.0166060 secs] [Times: user=0.13 sys=0.00, real=0.02 secs] 
2020-09-29T17:42:53.313+0200: 55.529: [GC (Allocation Failure) [PSYoungGen: 626981K->24612K(637952K)] 675481K->73112K(2036224K), 0.0093045 secs] [Times: user=0.13 sys=0.00, real=0.01 secs] 
2020-09-29T17:42:53.372+0200: 55.588: [GC (Allocation Failure) [PSYoungGen: 601636K->41061K(638976K)] 650136K->89561K(2037248K), 0.0145126 secs] [Times: user=0.13 sys=0.00, real=0.01 secs] 
2020-09-29T17:42:53.436+0200: 55.653: [GC (Allocation Failure) [PSYoungGen: 619621K->45124K(624128K)] 668121K->93624K(2022400K), 0.0157772 secs] [Times: user=0.13 sys=0.00, real=0.02 secs] 
2020-09-29T17:42:53.502+0200: 55.718: [GC (Allocation Failure) [PSYoungGen: 623684K->35781K(640000K)] 672184K->84281K(2038272K), 0.0127265 secs] [Times: user=0.13 sys=0.00, real=0.01 secs] 
2020-09-29T17:42:53.565+0200: 55.781: [GC (Allocation Failure) [PSYoungGen: 614853K->26116K(637952K)] 663353K->74616K(2036224K), 0.0119582 secs] [Times: user=0.11 sys=0.00, real=0.01 secs] 
2020-09-29T17:42:53.628+0200: 55.844: [GC (Allocation Failure) [PSYoungGen: 605188K->44677K(638464K)] 653688K->93177K(2036736K), 0.0159870 secs] [Times: user=0.11 sys=0.00, real=0.02 secs] 
2020-09-29T17:42:53.694+0200: 55.910: [GC (Allocation Failure) [PSYoungGen: 624773K->22629K(639488K)] 673273K->71129K(2037760K), 0.0078396 secs] [Times: user=0.00 sys=0.00, real=0.01 secs] 
2020-09-29T17:42:53.752+0200: 55.968: [GC (Allocation Failure) [PSYoungGen: 602725K->42117K(638464K)] 651225K->90617K(2036736K), 0.0148261 secs] [Times: user=0.13 sys=0.00, real=0.01 secs] 
2020-09-29T17:42:53.816+0200: 56.032: [GC (Allocation Failure) [PSYoungGen: 621189K->18020K(597504K)] 669689K->66520K(1995776K), 0.0070857 secs] [Times: user=0.13 sys=0.00, real=0.01 secs] 
2020-09-29T17:42:53.873+0200: 56.089: [GC (Allocation Failure) [PSYoungGen: 597092K->36196K(640512K)] 645592K->84696K(2038784K), 0.0135588 secs] [Times: user=0.13 sys=0.00, real=0.01 secs] 
2020-09-29T17:42:53.936+0200: 56.153: [GC (Allocation Failure) [PSYoungGen: 616292K->42021K(638464K)] 664792K->90521K(2036736K), 0.0148519 secs] [Times: user=0.13 sys=0.00, real=0.01 secs] 
2020-09-29T17:42:54.001+0200: 56.217: [GC (Allocation Failure) [PSYoungGen: 622117K->19076K(638976K)] 670617K->67576K(2037248K), 0.0076632 secs] [Times: user=0.13 sys=0.00, real=0.01 secs] 
2020-09-29T17:42:54.058+0200: 56.274: [GC (Allocation Failure) [PSYoungGen: 599172K->37893K(639488K)] 647672K->86393K(2037760K), 0.0132770 secs] [Times: user=0.13 sys=0.00, real=0.01 secs] 
2020-09-29T17:42:54.121+0200: 56.337: [GC (Allocation Failure) [PSYoungGen: 617989K->28067K(642048K)] 666489K->76567K(2040320K), 0.0110048 secs] [Times: user=0.13 sys=0.00, real=0.01 secs] 
2020-09-29T17:42:54.181+0200: 56.398: [GC (Allocation Failure) [PSYoungGen: 611747K->35492K(640512K)] 660247K->83992K(2038784K), 0.0134546 secs] [Times: user=0.13 sys=0.00, real=0.01 secs] 
2020-09-29T17:42:54.247+0200: 56.463: [GC (Allocation Failure) [PSYoungGen: 619172K->13378K(640512K)] 667672K->61878K(2038784K), 0.0064958 secs] [Times: user=0.00 sys=0.00, real=0.01 secs] 
2020-09-29T17:42:54.303+0200: 56.519: [GC (Allocation Failure) [PSYoungGen: 598594K->36868K(642048K)] 647094K->85368K(2040320K), 0.0198594 secs] [Times: user=0.13 sys=0.00, real=0.02 secs] 
2020-09-29T17:42:54.374+0200: 56.590: [GC (Allocation Failure) [PSYoungGen: 622084K->33604K(644608K)] 670584K->82104K(2042880K), 0.0119737 secs] [Times: user=0.13 sys=0.00, real=0.01 secs] 
2020-09-29T17:42:54.438+0200: 56.654: [GC (Allocation Failure) [PSYoungGen: 621892K->47653K(636416K)] 670392K->96153K(2034688K), 0.0166353 secs] [Times: user=0.13 sys=0.00, real=0.02 secs] 
2020-09-29T17:42:54.505+0200: 56.721: [GC (Allocation Failure) [PSYoungGen: 635941K->48005K(634880K)] 684441K->96505K(2033152K), 0.0161437 secs] [Times: user=0.13 sys=0.00, real=0.02 secs] 
2020-09-29T17:42:54.572+0200: 56.788: [GC (Allocation Failure) [PSYoungGen: 625029K->37093K(637952K)] 673529K->85593K(2036224K), 0.0144711 secs] [Times: user=0.09 sys=0.00, real=0.01 secs] 
2020-09-29T17:42:54.638+0200: 56.854: [GC (Allocation Failure) [PSYoungGen: 614117K->24772K(640512K)] 662617K->73272K(2038784K), 0.0096438 secs] [Times: user=0.13 sys=0.00, real=0.01 secs] 
2020-09-29T17:42:54.698+0200: 56.914: [GC (Allocation Failure) [PSYoungGen: 606404K->45605K(627712K)] 654904K->94105K(2025984K), 0.0157449 secs] [Times: user=0.13 sys=0.00, real=0.02 secs] 
2020-09-29T17:42:54.763+0200: 56.979: [GC (Allocation Failure) [PSYoungGen: 627237K->39365K(639488K)] 675737K->87865K(2037760K), 0.0135635 secs] [Times: user=0.13 sys=0.00, real=0.01 secs] 
2020-09-29T17:42:54.827+0200: 57.043: [GC (Allocation Failure) [PSYoungGen: 618437K->44164K(638464K)] 666937K->92664K(2036736K), 0.0153847 secs] [Times: user=0.13 sys=0.00, real=0.02 secs] 
2020-09-29T17:42:54.892+0200: 57.108: [GC (Allocation Failure) [PSYoungGen: 623236K->33476K(640512K)] 671736K->81976K(2038784K), 0.0124038 secs] [Times: user=0.13 sys=0.00, real=0.01 secs] 
2020-09-29T17:42:54.954+0200: 57.170: [GC (Allocation Failure) [PSYoungGen: 614084K->9923K(590848K)] 662584K->58423K(1989120K), 0.0041906 secs] [Times: user=0.13 sys=0.00, real=0.00 secs] 
2020-09-29T17:42:55.011+0200: 57.227: [GC (Allocation Failure) [PSYoungGen: 590531K->43653K(636416K)] 639031K->92153K(2034688K), 0.0153574 secs] [Times: user=0.13 sys=0.00, real=0.02 secs] 
2020-09-29T17:42:55.079+0200: 57.295: [GC (Allocation Failure) [PSYoungGen: 619653K->28771K(637440K)] 668153K->77271K(2035712K), 0.0155286 secs] [Times: user=0.11 sys=0.00, real=0.02 secs] 
2020-09-29T17:42:55.146+0200: 57.362: [GC (Allocation Failure) [PSYoungGen: 604771K->30436K(641024K)] 653271K->78936K(2039296K), 0.0130874 secs] [Times: user=0.00 sys=0.00, real=0.01 secs] 
2020-09-29T17:42:55.213+0200: 57.429: [GC (Allocation Failure) [PSYoungGen: 611556K->22595K(638976K)] 660056K->71095K(2037248K), 0.0096471 secs] [Times: user=0.00 sys=0.00, real=0.01 secs] 
2020-09-29T17:42:55.275+0200: 57.491: [GC (Allocation Failure) [PSYoungGen: 603715K->43205K(638464K)] 652215K->91705K(2036736K), 0.0144436 secs] [Times: user=0.13 sys=0.00, real=0.01 secs] 
2020-09-29T17:42:55.339+0200: 57.555: [GC (Allocation Failure) [PSYoungGen: 624325K->36389K(640000K)] 672825K->84889K(2038272K), 0.0125608 secs] [Times: user=0.13 sys=0.00, real=0.01 secs] 
2020-09-29T17:42:55.402+0200: 57.618: [GC (Allocation Failure) [PSYoungGen: 617509K->43237K(639488K)] 666009K->91737K(2037760K), 0.0151646 secs] [Times: user=0.13 sys=0.00, real=0.02 secs] 
2020-09-29T17:42:55.467+0200: 57.683: [GC (Allocation Failure) [PSYoungGen: 625381K->37509K(640512K)] 673881K->86009K(2038784K), 0.0132985 secs] [Times: user=0.13 sys=0.00, real=0.01 secs] 
2020-09-29T17:42:55.531+0200: 57.747: [GC (Allocation Failure) [PSYoungGen: 619653K->31717K(643072K)] 668153K->80217K(2041344K), 0.0109454 secs] [Times: user=0.13 sys=0.00, real=0.01 secs] 
2020-09-29T17:42:55.593+0200: 57.809: [GC (Allocation Failure) [PSYoungGen: 617445K->29509K(641536K)] 665945K->78009K(2039808K), 0.0110033 secs] [Times: user=0.11 sys=0.00, real=0.01 secs] 
2020-09-29T17:42:55.657+0200: 57.873: [GC (Allocation Failure) [PSYoungGen: 615237K->41029K(643584K)] 663737K->89529K(2041856K), 0.0146546 secs] [Times: user=0.13 sys=0.00, real=0.02 secs] 
2020-09-29T17:42:55.737+0200: 57.953: [GC (Allocation Failure) [PSYoungGen: 630341K->25314K(644096K)] 678841K->73814K(2042368K), 0.0111485 secs] [Times: user=0.13 sys=0.00, real=0.01 secs] 
2020-09-29T17:42:55.798+0200: 58.014: [GC (Allocation Failure) [PSYoungGen: 614626K->39652K(644096K)] 663126K->88152K(2042368K), 0.0145857 secs] [Times: user=0.13 sys=0.00, real=0.01 secs] 
2020-09-29T17:42:55.863+0200: 58.079: [GC (Allocation Failure) [PSYoungGen: 628964K->40901K(630272K)] 677464K->89401K(2028544K), 0.0143831 secs] [Times: user=0.05 sys=0.02, real=0.02 secs] 
2020-09-29T17:42:55.929+0200: 58.145: [GC (Allocation Failure) [PSYoungGen: 630213K->42309K(642560K)] 678713K->90809K(2040832K), 0.0152166 secs] [Times: user=0.13 sys=0.00, real=0.02 secs] 
2020-09-29T17:42:55.994+0200: 58.210: [GC (Allocation Failure) [PSYoungGen: 629573K->55333K(643072K)] 678073K->103833K(2041344K), 0.0186942 secs] [Times: user=0.13 sys=0.00, real=0.02 secs] 
2020-09-29T17:42:56.064+0200: 58.280: [GC (Allocation Failure) [PSYoungGen: 642597K->39429K(635904K)] 691097K->87929K(2034176K), 0.0140178 secs] [Times: user=0.13 sys=0.00, real=0.01 secs] 
2020-09-29T17:42:56.128+0200: 58.344: [GC (Allocation Failure) [PSYoungGen: 619525K->45317K(625664K)] 668025K->93817K(2023936K), 0.0160020 secs] [Times: user=0.13 sys=0.00, real=0.02 secs] 
2020-09-29T17:42:56.193+0200: 58.410: [GC (Allocation Failure) [PSYoungGen: 625413K->37541K(641024K)] 673913K->86041K(2039296K), 0.0134498 secs] [Times: user=0.00 sys=0.00, real=0.01 secs] 
2020-09-29T17:42:56.257+0200: 58.473: [GC (Allocation Failure) [PSYoungGen: 618661K->30725K(638976K)] 667161K->79225K(2037248K), 0.0109272 secs] [Times: user=0.00 sys=0.00, real=0.01 secs] 
2020-09-29T17:42:56.318+0200: 58.534: [GC (Allocation Failure) [PSYoungGen: 611845K->23812K(640512K)] 660345K->72312K(2038784K), 0.0090297 secs] [Times: user=0.00 sys=0.00, real=0.01 secs] 
2020-09-29T17:42:56.377+0200: 58.593: [GC (Allocation Failure) [PSYoungGen: 606980K->31685K(641024K)] 655480K->80185K(2039296K), 0.0112302 secs] [Times: user=0.13 sys=0.00, real=0.01 secs] 
2020-09-29T17:42:56.438+0200: 58.654: [GC (Allocation Failure) [PSYoungGen: 613136K->23908K(642560K)] 661636K->72408K(2040832K), 0.0101615 secs] [Times: user=0.13 sys=0.00, real=0.01 secs] 
2020-09-29T17:42:56.499+0200: 58.715: [GC (Allocation Failure) [PSYoungGen: 610148K->35941K(642560K)] 658648K->84441K(2040832K), 0.0119060 secs] [Times: user=0.13 sys=0.00, real=0.01 secs] 
2020-09-29T17:42:56.562+0200: 58.778: [GC (Allocation Failure) [PSYoungGen: 622181K->47909K(637952K)] 670681K->96409K(2036224K), 0.0165324 secs] [Times: user=0.13 sys=0.00, real=0.02 secs] 
2020-09-29T17:42:56.630+0200: 58.846: [GC (Allocation Failure) [PSYoungGen: 631077K->56869K(640512K)] 679577K->105369K(2038784K), 0.0208085 secs] [Times: user=0.11 sys=0.00, real=0.02 secs] 
2020-09-29T17:42:56.700+0200: 58.916: [GC (Allocation Failure) [PSYoungGen: 640037K->22211K(630272K)] 688537K->70711K(2028544K), 0.0095342 secs] [Times: user=0.13 sys=0.00, real=0.01 secs] 
2020-09-29T17:42:56.759+0200: 58.975: [GC (Allocation Failure) [PSYoungGen: 594115K->32421K(635392K)] 642615K->80921K(2033664K), 0.0117686 secs] [Times: user=0.13 sys=0.00, real=0.01 secs] 
2020-09-29T17:42:56.820+0200: 59.036: [GC (Allocation Failure) [PSYoungGen: 604325K->28099K(638464K)] 652825K->76599K(2036736K), 0.0113756 secs] [Times: user=0.00 sys=0.00, real=0.01 secs] 
2020-09-29T17:42:56.881+0200: 59.097: [GC (Allocation Failure) [PSYoungGen: 605123K->30532K(637440K)] 653623K->79032K(2035712K), 0.0117296 secs] [Times: user=0.00 sys=0.00, real=0.01 secs] 
2020-09-29T17:42:56.942+0200: 59.158: [GC (Allocation Failure) [PSYoungGen: 607556K->29699K(641536K)] 656056K->78199K(2039808K), 0.0118768 secs] [Times: user=0.00 sys=0.00, real=0.01 secs] 
2020-09-29T17:42:57.003+0200: 59.219: [GC (Allocation Failure) [PSYoungGen: 612355K->37797K(640000K)] 660855K->86297K(2038272K), 0.0126653 secs] [Times: user=0.13 sys=0.00, real=0.01 secs] 
2020-09-29T17:42:57.066+0200: 59.282: [GC (Allocation Failure) [PSYoungGen: 620453K->16547K(640512K)] 668953K->65047K(2038784K), 0.0075284 secs] [Times: user=0.09 sys=0.00, real=0.01 secs] 
2020-09-29T17:42:57.124+0200: 59.340: [GC (Allocation Failure) [PSYoungGen: 600739K->26245K(641536K)] 649239K->74745K(2039808K), 0.0093142 secs] [Times: user=0.13 sys=0.00, real=0.01 secs] 
2020-09-29T17:42:57.183+0200: 59.399: [GC (Allocation Failure) [PSYoungGen: 610437K->34980K(644096K)] 658937K->83480K(2042368K), 0.0134708 secs] [Times: user=0.13 sys=0.00, real=0.01 secs] 
2020-09-29T17:42:57.247+0200: 59.463: [GC (Allocation Failure) [PSYoungGen: 623268K->35365K(643072K)] 671768K->83865K(2041344K), 0.0121763 secs] [Times: user=0.13 sys=0.00, real=0.01 secs] 
2020-09-29T17:42:57.311+0200: 59.527: [GC (Allocation Failure) [PSYoungGen: 623653K->49413K(636928K)] 672153K->97913K(2035200K), 0.0171461 secs] [Times: user=0.13 sys=0.00, real=0.02 secs] 
2020-09-29T17:42:57.378+0200: 59.594: [GC (Allocation Failure) [PSYoungGen: 632581K->30083K(641024K)] 681081K->78583K(2039296K), 0.0116818 secs] [Times: user=0.13 sys=0.00, real=0.01 secs] 
2020-09-29T17:42:57.440+0200: 59.656: [GC (Allocation Failure) [PSYoungGen: 613251K->25220K(643584K)] 661751K->73720K(2041856K), 0.0099857 secs] [Times: user=0.13 sys=0.00, real=0.01 secs] 
2020-09-29T17:42:57.500+0200: 59.716: [GC (Allocation Failure) [PSYoungGen: 612996K->24196K(643072K)] 661496K->72696K(2041344K), 0.0096609 secs] [Times: user=0.13 sys=0.00, real=0.01 secs] 
2020-09-29T17:42:57.563+0200: 59.779: [GC (Allocation Failure) [PSYoungGen: 611972K->23653K(645120K)] 660472K->72153K(2043392K), 0.0099214 secs] [Times: user=0.11 sys=0.00, real=0.01 secs] 
2020-09-29T17:42:57.628+0200: 59.844: [GC (Allocation Failure) [PSYoungGen: 613989K->25348K(644096K)] 662489K->73848K(2042368K), 0.0097434 secs] [Times: user=0.13 sys=0.00, real=0.01 secs] 
2020-09-29T17:42:57.689+0200: 59.905: [GC (Allocation Failure) [PSYoungGen: 615684K->39940K(644096K)] 664184K->88440K(2042368K), 0.0145916 secs] [Times: user=0.13 sys=0.00, real=0.01 secs] 
2020-09-29T17:42:57.755+0200: 59.971: [GC (Allocation Failure) [PSYoungGen: 631300K->43269K(634880K)] 679800K->91769K(2033152K), 0.0153999 secs] [Times: user=0.13 sys=0.00, real=0.01 secs] 
2020-09-29T17:42:57.822+0200: 60.038: [GC (Allocation Failure) [PSYoungGen: 634629K->46725K(636928K)] 683129K->95225K(2035200K), 0.0159138 secs] [Times: user=0.13 sys=0.00, real=0.02 secs] 
2020-09-29T17:42:57.888+0200: 60.104: [GC (Allocation Failure) [PSYoungGen: 627845K->39236K(640000K)] 676345K->87736K(2038272K), 0.0143510 secs] [Times: user=0.13 sys=0.00, real=0.02 secs] 
2020-09-29T17:42:57.952+0200: 60.169: [GC (Allocation Failure) [PSYoungGen: 620356K->45989K(637440K)] 668856K->94489K(2035712K), 0.0160919 secs] [Times: user=0.13 sys=0.00, real=0.02 secs] 
2020-09-29T17:42:58.018+0200: 60.235: [GC (Allocation Failure) [PSYoungGen: 625061K->37157K(638976K)] 673561K->85657K(2037248K), 0.0140985 secs] [Times: user=0.11 sys=0.00, real=0.01 secs] 
2020-09-29T17:42:58.084+0200: 60.300: [GC (Allocation Failure) [PSYoungGen: 616229K->42021K(640512K)] 664729K->90521K(2038784K), 0.0148416 secs] [Times: user=0.00 sys=0.00, real=0.01 secs] 
2020-09-29T17:42:58.149+0200: 60.365: [GC (Allocation Failure) [PSYoungGen: 624165K->49893K(632320K)] 672665K->98393K(2030592K), 0.0169799 secs] [Times: user=0.13 sys=0.00, real=0.02 secs] 
2020-09-29T17:42:58.216+0200: 60.432: [GC (Allocation Failure) [PSYoungGen: 632037K->29060K(638464K)] 680537K->77560K(2036736K), 0.0112693 secs] [Times: user=0.13 sys=0.00, real=0.01 secs] 
2020-09-29T17:42:58.277+0200: 60.493: [GC (Allocation Failure) [PSYoungGen: 606596K->31300K(637952K)] 655096K->79800K(2036224K), 0.0113209 secs] [Times: user=0.13 sys=0.00, real=0.01 secs] 
2020-09-29T17:42:58.338+0200: 60.554: [GC (Allocation Failure) [PSYoungGen: 608836K->48325K(635904K)] 657336K->96825K(2034176K), 0.0162869 secs] [Times: user=0.13 sys=0.00, real=0.02 secs] 
2020-09-29T17:42:58.404+0200: 60.621: [GC (Allocation Failure) [PSYoungGen: 625349K->23716K(637952K)] 673849K->72216K(2036224K), 0.0090160 secs] [Times: user=0.13 sys=0.00, real=0.01 secs] 
2020-09-29T17:42:58.463+0200: 60.679: [GC (Allocation Failure) [PSYoungGen: 600740K->40165K(638976K)] 649240K->88665K(2037248K), 0.0143266 secs] [Times: user=0.13 sys=0.00, real=0.01 secs] 
2020-09-29T17:42:58.527+0200: 60.743: [GC (Allocation Failure) [PSYoungGen: 618213K->43973K(637952K)] 666713K->92473K(2036224K), 0.0158144 secs] [Times: user=0.13 sys=0.00, real=0.02 secs] 
2020-09-29T17:42:58.593+0200: 60.810: [GC (Allocation Failure) [PSYoungGen: 622021K->47813K(635392K)] 670521K->96313K(2033664K), 0.0175154 secs] [Times: user=0.11 sys=0.00, real=0.02 secs] 
2020-09-29T17:42:58.663+0200: 60.879: [GC (Allocation Failure) [PSYoungGen: 622789K->48581K(623616K)] 671289K->97081K(2021888K), 0.0165958 secs] [Times: user=0.13 sys=0.00, real=0.02 secs] 
2020-09-29T17:42:58.729+0200: 60.946: [GC (Allocation Failure) [PSYoungGen: 623557K->49285K(633344K)] 672057K->97785K(2031616K), 0.0164030 secs] [Times: user=0.13 sys=0.00, real=0.02 secs] 
2020-09-29T17:42:58.795+0200: 61.011: [GC (Allocation Failure) [PSYoungGen: 619141K->44965K(634368K)] 667641K->93465K(2032640K), 0.0149227 secs] [Times: user=0.13 sys=0.00, real=0.01 secs] 
2020-09-29T17:42:58.859+0200: 61.076: [GC (Allocation Failure) [PSYoungGen: 614821K->25988K(633856K)] 663321K->74488K(2032128K), 0.0099416 secs] [Times: user=0.13 sys=0.00, real=0.01 secs] 
2020-09-29T17:42:58.918+0200: 61.135: [GC (Allocation Failure) [PSYoungGen: 595844K->35301K(634368K)] 644344K->83801K(2032640K), 0.0120674 secs] [Times: user=0.13 sys=0.00, real=0.01 secs] 
2020-09-29T17:42:58.979+0200: 61.195: [GC (Allocation Failure) [PSYoungGen: 605157K->15300K(633344K)] 653657K->63800K(2031616K), 0.0059403 secs] [Times: user=0.00 sys=0.00, real=0.01 secs] 
2020-09-29T17:42:59.034+0200: 61.251: [GC (Allocation Failure) [PSYoungGen: 586180K->25347K(634880K)] 634680K->73847K(2033152K), 0.0102701 secs] [Times: user=0.13 sys=0.00, real=0.01 secs] 
2020-09-29T17:42:59.096+0200: 61.313: [GC (Allocation Failure) [PSYoungGen: 596227K->49317K(631296K)] 644727K->97817K(2029568K), 0.0159467 secs] [Times: user=0.13 sys=0.00, real=0.02 secs] 
2020-09-29T17:42:59.161+0200: 61.377: [GC (Allocation Failure) [PSYoungGen: 617125K->28067K(633344K)] 665625K->76567K(2031616K), 0.0111253 secs] [Times: user=0.00 sys=0.00, real=0.01 secs] 
2020-09-29T17:42:59.220+0200: 61.437: [GC (Allocation Failure) [PSYoungGen: 595875K->19266K(634368K)] 644375K->67766K(2032640K), 0.0090915 secs] [Times: user=0.13 sys=0.00, real=0.01 secs] 
2020-09-29T17:42:59.280+0200: 61.496: [GC (Allocation Failure) [PSYoungGen: 589122K->42181K(634368K)] 637622K->90681K(2032640K), 0.0153833 secs] [Times: user=0.13 sys=0.00, real=0.02 secs] 
2020-09-29T17:42:59.344+0200: 61.560: [GC (Allocation Failure) [PSYoungGen: 612037K->23716K(635392K)] 660537K->72216K(2033664K), 0.0088304 secs] [Times: user=0.13 sys=0.00, real=0.01 secs] 
2020-09-29T17:42:59.402+0200: 61.619: [GC (Allocation Failure) [PSYoungGen: 594596K->17189K(634368K)] 643096K->65689K(2032640K), 0.0066152 secs] [Times: user=0.00 sys=0.00, real=0.01 secs] 
2020-09-29T17:42:59.458+0200: 61.675: [GC (Allocation Failure) [PSYoungGen: 588069K->27204K(637952K)] 636569K->75704K(2036224K), 0.0113133 secs] [Times: user=0.00 sys=0.00, real=0.01 secs] 
2020-09-29T17:42:59.520+0200: 61.737: [GC (Allocation Failure) [PSYoungGen: 601668K->41125K(635392K)] 650168K->89625K(2033664K), 0.0149437 secs] [Times: user=0.00 sys=0.00, real=0.02 secs] 
2020-09-29T17:42:59.587+0200: 61.804: [GC (Allocation Failure) [PSYoungGen: 615589K->27717K(639488K)] 664089K->76217K(2037760K), 0.0125607 secs] [Times: user=0.09 sys=0.00, real=0.01 secs] 
2020-09-29T17:42:59.652+0200: 61.868: [GC (Allocation Failure) [PSYoungGen: 605765K->45189K(623616K)] 654265K->93689K(2021888K), 0.0192777 secs] [Times: user=0.11 sys=0.00, real=0.02 secs] 
2020-09-29T17:42:59.721+0200: 61.937: [GC (Allocation Failure) [PSYoungGen: 623237K->48196K(631808K)] 671737K->96696K(2030080K), 0.0170588 secs] [Times: user=0.13 sys=0.00, real=0.02 secs] 
2020-09-29T17:42:59.788+0200: 62.004: [GC (Allocation Failure) [PSYoungGen: 618052K->29060K(634368K)] 666552K->77560K(2032640K), 0.0115903 secs] [Times: user=0.00 sys=0.00, real=0.01 secs] 
2020-09-29T17:42:59.848+0200: 62.064: [GC (Allocation Failure) [PSYoungGen: 598916K->38309K(637952K)] 647416K->86809K(2036224K), 0.0132458 secs] [Times: user=0.03 sys=0.00, real=0.01 secs] 
2020-09-29T17:42:59.912+0200: 62.128: [GC (Allocation Failure) [PSYoungGen: 613797K->25893K(636416K)] 662297K->74393K(2034688K), 0.0086878 secs] [Times: user=0.00 sys=0.00, real=0.01 secs] 
2020-09-29T17:42:59.970+0200: 62.186: [GC (Allocation Failure) [PSYoungGen: 601381K->40869K(638976K)] 649881K->89369K(2037248K), 0.0139057 secs] [Times: user=0.13 sys=0.00, real=0.01 secs] 
2020-09-29T17:43:00.035+0200: 62.251: [GC (Allocation Failure) [PSYoungGen: 619941K->45605K(625152K)] 668441K->94105K(2023424K), 0.0170271 secs] [Times: user=0.23 sys=0.00, real=0.02 secs] 
2020-09-29T17:43:00.102+0200: 62.318: [GC (Allocation Failure) [PSYoungGen: 624677K->34243K(639488K)] 673177K->82743K(2037760K), 0.0131702 secs] [Times: user=0.13 sys=0.00, real=0.01 secs] 
2020-09-29T17:43:00.164+0200: 62.380: [GC (Allocation Failure) [PSYoungGen: 612291K->37476K(637440K)] 660791K->85976K(2035712K), 0.0136862 secs] [Times: user=0.13 sys=0.00, real=0.01 secs] 
2020-09-29T17:43:00.228+0200: 62.443: [GC (Allocation Failure) [PSYoungGen: 615524K->13156K(637952K)] 664024K->61656K(2036224K), 0.0046678 secs] [Times: user=0.00 sys=0.00, real=0.00 secs] 
2020-09-29T17:43:00.282+0200: 62.498: [GC (Allocation Failure) [PSYoungGen: 593252K->31491K(639488K)] 641752K->79991K(2037760K), 0.0119732 secs] [Times: user=0.13 sys=0.00, real=0.01 secs] 
2020-09-29T17:43:00.344+0200: 62.560: [GC (Allocation Failure) [PSYoungGen: 611587K->37220K(642560K)] 660087K->85720K(2040832K), 0.0137992 secs] [Times: user=0.13 sys=0.00, real=0.01 secs] 
2020-09-29T17:43:00.408+0200: 62.624: [GC (Allocation Failure) [PSYoungGen: 622948K->48805K(634880K)] 671448K->97305K(2033152K), 0.0163039 secs] [Times: user=0.13 sys=0.00, real=0.02 secs] 
2020-09-29T17:43:00.475+0200: 62.691: [GC (Allocation Failure) [PSYoungGen: 634533K->59365K(625152K)] 683033K->108649K(2023424K), 0.0199963 secs] [Times: user=0.13 sys=0.00, real=0.02 secs] 
2020-09-29T17:43:00.543+0200: 62.759: [GC (Allocation Failure) [PSYoungGen: 625125K->38021K(632320K)] 674409K->87305K(2030592K), 0.0130835 secs] [Times: user=0.13 sys=0.00, real=0.01 secs] 
2020-09-29T17:43:00.607+0200: 62.823: [GC (Allocation Failure) [PSYoungGen: 603781K->41796K(636416K)] 653065K->91080K(2034688K), 0.0165275 secs] [Times: user=0.11 sys=0.00, real=0.02 secs] 
2020-09-29T17:43:00.674+0200: 62.889: [GC (Allocation Failure) [PSYoungGen: 614724K->40549K(635392K)] 664008K->89833K(2033664K), 0.0140269 secs] [Times: user=0.13 sys=0.00, real=0.01 secs] 
2020-09-29T17:43:00.737+0200: 62.953: [GC (Allocation Failure) [PSYoungGen: 613477K->39237K(639488K)] 662761K->88521K(2037760K), 0.0139132 secs] [Times: user=0.13 sys=0.00, real=0.01 secs] 
2020-09-29T17:43:00.802+0200: 63.018: [GC (Allocation Failure) [PSYoungGen: 617797K->25795K(637952K)] 667081K->75079K(2036224K), 0.0100317 secs] [Times: user=0.00 sys=0.00, real=0.01 secs] 
2020-09-29T17:43:00.862+0200: 63.078: [GC (Allocation Failure) [PSYoungGen: 604355K->28419K(640512K)] 653639K->77703K(2038784K), 0.0110288 secs] [Times: user=0.13 sys=0.00, real=0.01 secs] 
2020-09-29T17:43:00.923+0200: 63.138: [GC (Allocation Failure) [PSYoungGen: 609539K->48997K(630272K)] 658823K->98281K(2028544K), 0.0164156 secs] [Times: user=0.13 sys=0.00, real=0.02 secs] 
2020-09-29T17:43:00.989+0200: 63.205: [GC (Allocation Failure) [PSYoungGen: 630117K->42277K(638464K)] 679401K->91561K(2036736K), 0.0149023 secs] [Times: user=0.00 sys=0.00, real=0.01 secs] 
2020-09-29T17:43:01.054+0200: 63.269: [GC (Allocation Failure) [PSYoungGen: 619813K->31909K(637952K)] 669097K->81193K(2036224K), 0.0107875 secs] [Times: user=0.00 sys=0.00, real=0.01 secs] 
2020-09-29T17:43:01.114+0200: 63.330: [GC (Allocation Failure) [PSYoungGen: 609445K->48837K(635392K)] 658729K->98121K(2033664K), 0.0166801 secs] [Times: user=0.13 sys=0.00, real=0.02 secs] 
2020-09-29T17:43:01.180+0200: 63.396: [GC (Allocation Failure) [PSYoungGen: 624837K->50629K(626688K)] 674121K->99913K(2024960K), 0.0174275 secs] [Times: user=0.13 sys=0.00, real=0.02 secs] 
2020-09-29T17:43:01.251+0200: 63.467: [GC (Allocation Failure) [PSYoungGen: 626629K->37252K(637440K)] 675913K->86536K(2035712K), 0.0150909 secs] [Times: user=0.13 sys=0.00, real=0.02 secs] 
2020-09-29T17:43:01.317+0200: 63.533: [GC (Allocation Failure) [PSYoungGen: 611204K->36868K(635392K)] 660488K->86152K(2033664K), 0.0149274 secs] [Times: user=0.11 sys=0.00, real=0.02 secs] 
2020-09-29T17:43:01.384+0200: 63.600: [GC (Allocation Failure) [PSYoungGen: 610820K->50277K(634880K)] 660104K->99561K(2033152K), 0.0169593 secs] [Times: user=0.13 sys=0.00, real=0.02 secs] 
2020-09-29T17:43:01.451+0200: 63.667: [GC (Allocation Failure) [PSYoungGen: 625253K->34755K(636928K)] 674537K->84039K(2035200K), 0.0162014 secs] [Times: user=0.11 sys=0.00, real=0.02 secs] 
2020-09-29T17:43:01.516+0200: 63.732: [GC (Allocation Failure) [PSYoungGen: 609731K->49157K(635904K)] 659015K->98441K(2034176K), 0.0167249 secs] [Times: user=0.13 sys=0.00, real=0.02 secs] 
2020-09-29T17:43:01.584+0200: 63.800: [GC (Allocation Failure) [PSYoungGen: 624133K->49893K(625152K)] 673417K->99177K(2023424K), 0.0190290 secs] [Times: user=0.11 sys=0.00, real=0.02 secs] 
2020-09-29T17:43:01.654+0200: 63.870: [GC (Allocation Failure) [PSYoungGen: 624869K->50629K(633344K)] 674153K->99913K(2031616K), 0.0176677 secs] [Times: user=0.13 sys=0.00, real=0.02 secs] 
2020-09-29T17:43:01.721+0200: 63.937: [GC (Allocation Failure) [PSYoungGen: 620485K->32517K(634368K)] 669769K->81801K(2032640K), 0.0120404 secs] [Times: user=0.13 sys=0.00, real=0.01 secs] 
2020-09-29T17:43:01.781+0200: 63.997: [GC (Allocation Failure) [PSYoungGen: 602373K->27652K(633856K)] 651657K->76936K(2032128K), 0.0112003 secs] [Times: user=0.13 sys=0.00, real=0.01 secs] 
2020-09-29T17:43:01.841+0200: 64.057: [GC (Allocation Failure) [PSYoungGen: 597508K->36837K(634368K)] 646792K->86121K(2032640K), 0.0123519 secs] [Times: user=0.13 sys=0.00, real=0.01 secs] 
2020-09-29T17:43:01.903+0200: 64.119: [GC (Allocation Failure) [PSYoungGen: 606693K->32389K(637440K)] 655977K->81673K(2035712K), 0.0116483 secs] [Times: user=0.13 sys=0.00, real=0.01 secs] 
2020-09-29T17:43:01.966+0200: 64.182: [GC (Allocation Failure) [PSYoungGen: 607365K->32549K(636416K)] 656649K->81833K(2034688K), 0.0117702 secs] [Times: user=0.13 sys=0.00, real=0.01 secs] 
2020-09-29T17:43:02.026+0200: 64.242: [GC (Allocation Failure) [PSYoungGen: 607525K->31396K(639488K)] 656809K->80680K(2037760K), 0.0122037 secs] [Times: user=0.13 sys=0.00, real=0.01 secs] 
2020-09-29T17:43:02.088+0200: 64.304: [GC (Allocation Failure) [PSYoungGen: 610468K->35172K(638464K)] 659752K->84456K(2036736K), 0.0127287 secs] [Times: user=0.13 sys=0.00, real=0.01 secs] 
2020-09-29T17:43:02.151+0200: 64.366: [GC (Allocation Failure) [PSYoungGen: 614244K->38053K(643072K)] 663528K->87337K(2041344K), 0.0136944 secs] [Times: user=0.13 sys=0.00, real=0.01 secs] 
2020-09-29T17:43:02.214+0200: 64.430: [GC (Allocation Failure) [PSYoungGen: 623269K->35012K(641024K)] 672553K->84296K(2039296K), 0.0125841 secs] [Times: user=0.13 sys=0.00, real=0.01 secs] 
2020-09-29T17:43:02.276+0200: 64.492: [GC (Allocation Failure) [PSYoungGen: 620228K->31428K(645120K)] 669512K->80712K(2043392K), 0.0115817 secs] [Times: user=0.13 sys=0.00, real=0.01 secs] 
2020-09-29T17:43:02.338+0200: 64.554: [GC (Allocation Failure) [PSYoungGen: 622276K->34341K(644608K)] 671560K->83625K(2042880K), 0.0123263 secs] [Times: user=0.13 sys=0.00, real=0.01 secs] 
2020-09-29T17:43:02.402+0200: 64.618: [GC (Allocation Failure) [PSYoungGen: 625189K->36772K(647680K)] 674473K->86056K(2045952K), 0.0133344 secs] [Times: user=0.13 sys=0.00, real=0.01 secs] 
2020-09-29T17:43:02.466+0200: 64.682: [GC (Allocation Failure) [PSYoungGen: 631716K->43781K(646144K)] 681000K->93065K(2044416K), 0.0156842 secs] [Times: user=0.13 sys=0.00, real=0.02 secs] 
2020-09-29T17:43:02.533+0200: 64.749: [GC (Allocation Failure) [PSYoungGen: 638725K->37157K(648192K)] 688009K->86441K(2046464K), 0.0134604 secs] [Times: user=0.13 sys=0.00, real=0.01 secs] 
2020-09-29T17:43:02.601+0200: 64.817: [GC (Allocation Failure) [PSYoungGen: 633125K->43204K(646656K)] 682409K->92488K(2044928K), 0.0165118 secs] [Times: user=0.13 sys=0.00, real=0.02 secs] 
2020-09-29T17:43:02.670+0200: 64.886: [GC (Allocation Failure) [PSYoungGen: 639172K->36804K(648192K)] 688456K->86088K(2046464K), 0.0134890 secs] [Times: user=0.13 sys=0.00, real=0.01 secs] 
2020-09-29T17:43:02.735+0200: 64.951: [GC (Allocation Failure) [PSYoungGen: 633284K->45381K(642048K)] 682568K->94665K(2040320K), 0.0153677 secs] [Times: user=0.13 sys=0.00, real=0.02 secs] 
2020-09-29T17:43:02.803+0200: 65.019: [GC (Allocation Failure) [PSYoungGen: 641861K->40229K(647680K)] 691145K->89513K(2045952K), 0.0137956 secs] [Times: user=0.13 sys=0.00, real=0.01 secs] 
2020-09-29T17:43:02.868+0200: 65.084: [GC (Allocation Failure) [PSYoungGen: 635685K->17539K(613376K)] 684969K->66823K(2011648K), 0.0081277 secs] [Times: user=0.00 sys=0.00, real=0.01 secs] 
2020-09-29T17:43:02.927+0200: 65.143: [GC (Allocation Failure) [PSYoungGen: 612995K->25125K(645120K)] 662279K->74409K(2043392K), 0.0086169 secs] [Times: user=0.00 sys=0.00, real=0.01 secs] 
2020-09-29T17:43:02.989+0200: 65.205: [GC (Allocation Failure) [PSYoungGen: 616485K->28581K(645120K)] 665769K->77865K(2043392K), 0.0098750 secs] [Times: user=0.00 sys=0.00, real=0.01 secs] 
2020-09-29T17:43:03.050+0200: 65.266: [GC (Allocation Failure) [PSYoungGen: 619941K->31524K(646656K)] 669225K->80808K(2044928K), 0.0120894 secs] [Times: user=0.13 sys=0.00, real=0.01 secs] 
2020-09-29T17:43:03.112+0200: 65.328: [GC (Allocation Failure) [PSYoungGen: 624932K->34276K(645632K)] 674216K->83560K(2043904K), 0.0128973 secs] [Times: user=0.13 sys=0.00, real=0.01 secs] 
2020-09-29T17:43:03.176+0200: 65.392: [GC (Allocation Failure) [PSYoungGen: 627684K->39781K(647680K)] 676968K->89065K(2045952K), 0.0142553 secs] [Times: user=0.13 sys=0.00, real=0.01 secs] 
2020-09-29T17:43:03.241+0200: 65.457: [GC (Allocation Failure) [PSYoungGen: 637285K->33059K(648192K)] 686569K->82343K(2046464K), 0.0132095 secs] [Times: user=0.02 sys=0.00, real=0.01 secs] 
2020-09-29T17:43:03.305+0200: 65.521: [GC (Allocation Failure) [PSYoungGen: 630563K->28196K(649728K)] 679847K->77480K(2048000K), 0.0107474 secs] [Times: user=0.00 sys=0.00, real=0.01 secs] 
2020-09-29T17:43:03.368+0200: 65.584: [GC (Allocation Failure) [PSYoungGen: 628260K->40389K(640512K)] 677544K->89673K(2038784K), 0.0137496 secs] [Times: user=0.13 sys=0.00, real=0.01 secs] 
2020-09-29T17:43:03.434+0200: 65.650: [GC (Allocation Failure) [PSYoungGen: 640453K->22883K(647680K)] 689737K->72167K(2045952K), 0.0095284 secs] [Times: user=0.13 sys=0.00, real=0.01 secs] 
2020-09-29T17:43:03.495+0200: 65.711: [GC (Allocation Failure) [PSYoungGen: 620387K->32549K(648192K)] 669671K->81833K(2046464K), 0.0112621 secs] [Times: user=0.13 sys=0.00, real=0.01 secs] 
2020-09-29T17:43:03.559+0200: 65.775: [GC (Allocation Failure) [PSYoungGen: 630053K->41316K(647680K)] 679337K->90600K(2045952K), 0.0166197 secs] [Times: user=0.11 sys=0.00, real=0.02 secs] 
2020-09-29T17:43:03.628+0200: 65.845: [GC (Allocation Failure) [PSYoungGen: 639844K->38309K(648704K)] 689128K->87593K(2046976K), 0.0142043 secs] [Times: user=0.11 sys=0.00, real=0.01 secs] 
2020-09-29T17:43:03.694+0200: 65.910: [GC (Allocation Failure) [PSYoungGen: 636837K->48933K(640512K)] 686121K->98217K(2038784K), 0.0167327 secs] [Times: user=0.13 sys=0.00, real=0.02 secs] 
2020-09-29T17:43:03.761+0200: 65.977: [GC (Allocation Failure) [PSYoungGen: 639269K->51365K(642048K)] 688553K->100649K(2040320K), 0.0175678 secs] [Times: user=0.13 sys=0.00, real=0.02 secs] 
2020-09-29T17:43:03.830+0200: 66.046: [GC (Allocation Failure) [PSYoungGen: 641701K->53765K(631808K)] 690985K->103049K(2030080K), 0.0176882 secs] [Times: user=0.13 sys=0.00, real=0.03 secs] 
2020-09-29T17:43:03.913+0200: 66.129: [GC (Allocation Failure) [PSYoungGen: 628741K->40837K(636928K)] 678025K->90121K(2035200K), 0.0166847 secs] [Times: user=0.13 sys=0.00, real=0.02 secs] 
2020-09-29T17:43:03.979+0200: 66.195: [GC (Allocation Failure) [PSYoungGen: 615813K->26052K(638464K)] 665097K->75336K(2036736K), 0.0101058 secs] [Times: user=0.13 sys=0.00, real=0.01 secs] 
2020-09-29T17:43:04.038+0200: 66.254: [GC (Allocation Failure) [PSYoungGen: 604100K->29700K(638464K)] 653384K->78984K(2036736K), 0.0115321 secs] [Times: user=0.00 sys=0.00, real=0.01 secs] 
2020-09-29T17:43:04.100+0200: 66.316: [GC (Allocation Failure) [PSYoungGen: 607748K->33541K(641024K)] 657032K->82825K(2039296K), 0.0115411 secs] [Times: user=0.00 sys=0.00, real=0.01 secs] 
2020-09-29T17:43:04.161+0200: 66.377: [GC (Allocation Failure) [PSYoungGen: 613491K->24323K(638976K)] 662775K->73607K(2037248K), 0.0101828 secs] [Times: user=0.00 sys=0.00, real=0.01 secs] 
2020-09-29T17:43:04.221+0200: 66.437: [GC (Allocation Failure) [PSYoungGen: 605443K->31205K(642048K)] 654727K->80489K(2040320K), 0.0110580 secs] [Times: user=0.13 sys=0.00, real=0.01 secs] 
2020-09-29T17:43:04.283+0200: 66.499: [GC (Allocation Failure) [PSYoungGen: 614885K->40388K(640512K)] 664169K->89672K(2038784K), 0.0146913 secs] [Times: user=0.13 sys=0.00, real=0.02 secs] 
2020-09-29T17:43:04.350+0200: 66.566: [GC (Allocation Failure) [PSYoungGen: 624068K->36165K(644096K)] 673352K->85449K(2042368K), 0.0129053 secs] [Times: user=0.00 sys=0.00, real=0.01 secs] 
2020-09-29T17:43:04.416+0200: 66.632: [GC (Allocation Failure) [PSYoungGen: 623941K->49733K(637952K)] 673225K->99017K(2036224K), 0.0182572 secs] [Times: user=0.13 sys=0.00, real=0.02 secs] 
2020-09-29T17:43:04.487+0200: 66.703: [GC (Allocation Failure) [PSYoungGen: 637509K->20899K(640000K)] 686793K->70183K(2038272K), 0.0098393 secs] [Times: user=0.13 sys=0.00, real=0.01 secs] 
2020-09-29T17:43:04.546+0200: 66.762: [GC (Allocation Failure) [PSYoungGen: 601567K->24195K(640512K)] 650851K->73479K(2038784K), 0.0106614 secs] [Times: user=0.11 sys=0.00, real=0.01 secs] 
2020-09-29T17:43:04.609+0200: 66.825: [GC (Allocation Failure) [PSYoungGen: 606339K->31812K(642560K)] 655623K->81096K(2040832K), 0.0118384 secs] [Times: user=0.11 sys=0.00, real=0.01 secs] 
2020-09-29T17:43:04.672+0200: 66.888: [GC (Allocation Failure) [PSYoungGen: 616004K->41797K(640512K)] 665288K->91081K(2038784K), 0.0142779 secs] [Times: user=0.13 sys=0.00, real=0.01 secs] 
2020-09-29T17:43:04.736+0200: 66.952: [GC (Allocation Failure) [PSYoungGen: 625989K->38085K(643072K)] 675273K->87369K(2041344K), 0.0137483 secs] [Times: user=0.13 sys=0.00, real=0.01 secs] 
2020-09-29T17:43:04.800+0200: 67.016: [GC (Allocation Failure) [PSYoungGen: 624325K->22053K(642048K)] 673609K->71337K(2040320K), 0.0079431 secs] [Times: user=0.11 sys=0.00, real=0.01 secs] 
2020-09-29T17:43:04.858+0200: 67.074: [GC (Allocation Failure) [PSYoungGen: 608293K->33989K(645120K)] 657577K->83273K(2043392K), 0.0122711 secs] [Times: user=0.13 sys=0.00, real=0.01 secs] 
2020-09-29T17:43:04.922+0200: 67.138: [GC (Allocation Failure) [PSYoungGen: 622789K->48581K(637440K)] 672073K->97865K(2035712K), 0.0165968 secs] [Times: user=0.13 sys=0.00, real=0.02 secs] 
2020-09-29T17:43:04.988+0200: 67.205: [GC (Allocation Failure) [PSYoungGen: 637381K->34980K(643584K)] 686665K->84264K(2041856K), 0.0122942 secs] [Times: user=0.08 sys=0.00, real=0.01 secs] 
2020-09-29T17:43:05.051+0200: 67.267: [GC (Allocation Failure) [PSYoungGen: 621220K->47077K(633344K)] 670504K->96361K(2031616K), 0.0162661 secs] [Times: user=0.25 sys=0.00, real=0.02 secs] 
2020-09-29T17:43:05.117+0200: 67.333: [GC (Allocation Failure) [PSYoungGen: 633317K->45317K(638976K)] 682601K->94601K(2037248K), 0.0151549 secs] [Times: user=0.13 sys=0.00, real=0.01 secs] 
2020-09-29T17:43:05.182+0200: 67.398: [GC (Allocation Failure) [PSYoungGen: 626437K->38469K(640000K)] 675721K->87753K(2038272K), 0.0135121 secs] [Times: user=0.13 sys=0.00, real=0.01 secs] 
2020-09-29T17:43:05.247+0200: 67.464: [GC (Allocation Failure) [PSYoungGen: 619589K->45381K(639488K)] 668873K->94665K(2037760K), 0.0154173 secs] [Times: user=0.13 sys=0.00, real=0.02 secs] 
2020-09-29T17:43:05.314+0200: 67.530: [GC (Allocation Failure) [PSYoungGen: 627525K->39493K(640512K)] 676809K->88777K(2038784K), 0.0138323 secs] [Times: user=0.13 sys=0.00, real=0.01 secs] 
2020-09-29T17:43:05.378+0200: 67.594: [GC (Allocation Failure) [PSYoungGen: 621637K->47493K(638976K)] 670921K->96777K(2037248K), 0.0160447 secs] [Times: user=0.13 sys=0.00, real=0.02 secs] 
2020-09-29T17:43:05.443+0200: 67.659: [GC (Allocation Failure) [PSYoungGen: 629637K->28005K(640512K)] 678921K->77289K(2038784K), 0.0098445 secs] [Times: user=0.00 sys=0.00, real=0.01 secs] 
2020-09-29T17:43:05.503+0200: 67.720: [GC (Allocation Failure) [PSYoungGen: 610149K->49637K(636416K)] 659433K->98921K(2034688K), 0.0170153 secs] [Times: user=0.25 sys=0.00, real=0.02 secs] 
2020-09-29T17:43:05.571+0200: 67.787: [GC (Allocation Failure) [PSYoungGen: 627685K->24773K(603136K)] 676969K->74057K(2001408K), 0.0094709 secs] [Times: user=0.00 sys=0.00, real=0.01 secs] 
2020-09-29T17:43:05.632+0200: 67.848: [GC (Allocation Failure) [PSYoungGen: 602821K->28036K(638464K)] 652105K->77320K(2036736K), 0.0106362 secs] [Times: user=0.00 sys=0.00, real=0.01 secs] 
2020-09-29T17:43:05.692+0200: 67.908: [GC (Allocation Failure) [PSYoungGen: 605572K->45061K(637952K)] 654856K->94345K(2036224K), 0.0150706 secs] [Times: user=0.00 sys=0.00, real=0.02 secs] 
2020-09-29T17:43:05.758+0200: 67.974: [GC (Allocation Failure) [PSYoungGen: 622597K->34372K(639488K)] 671881K->83656K(2037760K), 0.0122647 secs] [Times: user=0.13 sys=0.00, real=0.01 secs] 
2020-09-29T17:43:05.820+0200: 68.036: [GC (Allocation Failure) [PSYoungGen: 612932K->38596K(637952K)] 662216K->87880K(2036224K), 0.0143294 secs] [Times: user=0.13 sys=0.00, real=0.01 secs] 
2020-09-29T17:43:05.884+0200: 68.100: [GC (Allocation Failure) [PSYoungGen: 617156K->41540K(642048K)] 666440K->90824K(2040320K), 0.0150908 secs] [Times: user=0.13 sys=0.00, real=0.01 secs] 
2020-09-29T17:43:05.948+0200: 68.165: [GC (Allocation Failure) [PSYoungGen: 626244K->23940K(641536K)] 675528K->73224K(2039808K), 0.0095405 secs] [Times: user=0.00 sys=0.00, real=0.01 secs] 
2020-09-29T17:43:06.008+0200: 68.224: [GC (Allocation Failure) [PSYoungGen: 608644K->30147K(642560K)] 657928K->79431K(2040832K), 0.0117355 secs] [Times: user=0.01 sys=0.00, real=0.01 secs] 
2020-09-29T17:43:06.069+0200: 68.285: [GC (Allocation Failure) [PSYoungGen: 615363K->26373K(641536K)] 664647K->75657K(2039808K), 0.0097493 secs] [Times: user=0.00 sys=0.00, real=0.01 secs] 
2020-09-29T17:43:06.129+0200: 68.345: [GC (Allocation Failure) [PSYoungGen: 611589K->35493K(644608K)] 660873K->84777K(2042880K), 0.0127896 secs] [Times: user=0.13 sys=0.00, real=0.01 secs] 
2020-09-29T17:43:06.192+0200: 68.408: [GC (Allocation Failure) [PSYoungGen: 623781K->35460K(642560K)] 673065K->84744K(2040832K), 0.0131599 secs] [Times: user=0.00 sys=0.00, real=0.01 secs] 
2020-09-29T17:43:06.255+0200: 68.472: [GC (Allocation Failure) [PSYoungGen: 623748K->20643K(645120K)] 673032K->69927K(2043392K), 0.0088295 secs] [Times: user=0.00 sys=0.00, real=0.01 secs] 
2020-09-29T17:43:06.316+0200: 68.532: [GC (Allocation Failure) [PSYoungGen: 613027K->38853K(645632K)] 662311K->88137K(2043904K), 0.0139562 secs] [Times: user=0.13 sys=0.00, real=0.01 secs] 
2020-09-29T17:43:06.381+0200: 68.597: [GC (Allocation Failure) [PSYoungGen: 631237K->26467K(646144K)] 680521K->75751K(2044416K), 0.0112927 secs] [Times: user=0.00 sys=0.00, real=0.01 secs] 
2020-09-29T17:43:06.442+0200: 68.659: [GC (Allocation Failure) [PSYoungGen: 619363K->31396K(645632K)] 668647K->80680K(2043904K), 0.0112566 secs] [Times: user=0.00 sys=0.00, real=0.01 secs] 
2020-09-29T17:43:06.507+0200: 68.723: [GC (Allocation Failure) [PSYoungGen: 624292K->36389K(648192K)] 673576K->85673K(2046464K), 0.0147104 secs] [Times: user=0.13 sys=0.00, real=0.02 secs] 
2020-09-29T17:43:06.576+0200: 68.792: [GC (Allocation Failure) [PSYoungGen: 633381K->30404K(647680K)] 682665K->79688K(2045952K), 0.0223005 secs] [Times: user=0.11 sys=0.00, real=0.02 secs] 
2020-09-29T17:43:06.653+0200: 68.870: [GC (Allocation Failure) [PSYoungGen: 627396K->49125K(637440K)] 676680K->102393K(2035712K), 0.0203920 secs] [Times: user=0.13 sys=0.00, real=0.02 secs] 
2020-09-29T17:43:06.724+0200: 68.941: [GC (Allocation Failure) [PSYoungGen: 637413K->39877K(643584K)] 690681K->93145K(2041856K), 0.0135510 secs] [Times: user=0.00 sys=0.00, real=0.01 secs] 
2020-09-29T17:43:06.788+0200: 69.005: [GC (Allocation Failure) [PSYoungGen: 628165K->40293K(644096K)] 681433K->93561K(2042368K), 0.0142826 secs] [Times: user=0.13 sys=0.00, real=0.01 secs] 
2020-09-29T17:43:06.853+0200: 69.070: [GC (Allocation Failure) [PSYoungGen: 629605K->27973K(644096K)] 682873K->81241K(2042368K), 0.0097253 secs] [Times: user=0.00 sys=0.00, real=0.01 secs] 
2020-09-29T17:43:06.914+0200: 69.130: [GC (Allocation Failure) [PSYoungGen: 617285K->26564K(645120K)] 670553K->79832K(2043392K), 0.0106394 secs] [Times: user=0.00 sys=0.00, real=0.01 secs] 
2020-09-29T17:43:06.975+0200: 69.192: [GC (Allocation Failure) [PSYoungGen: 617412K->29093K(644608K)] 670680K->82361K(2042880K), 0.0109375 secs] [Times: user=0.00 sys=0.00, real=0.01 secs] 
2020-09-29T17:43:07.036+0200: 69.253: [GC (Allocation Failure) [PSYoungGen: 619941K->31365K(647680K)] 673209K->84633K(2045952K), 0.0109712 secs] [Times: user=0.00 sys=0.00, real=0.01 secs] 
2020-09-29T17:43:07.101+0200: 69.317: [GC (Allocation Failure) [PSYoungGen: 626309K->37893K(646144K)] 679577K->91161K(2044416K), 0.0133362 secs] [Times: user=0.13 sys=0.00, real=0.01 secs] 
2020-09-29T17:43:07.167+0200: 69.384: [GC (Allocation Failure) [PSYoungGen: 632837K->30660K(648704K)] 686105K->83928K(2046976K), 0.0130887 secs] [Times: user=0.11 sys=0.00, real=0.01 secs] 
2020-09-29T17:43:07.233+0200: 69.449: [GC (Allocation Failure) [PSYoungGen: 628164K->26181K(647680K)] 681432K->79449K(2045952K), 0.0100598 secs] [Times: user=0.11 sys=0.00, real=0.01 secs] 
2020-09-29T17:43:07.297+0200: 69.514: [GC (Allocation Failure) [PSYoungGen: 623685K->22149K(648192K)] 676953K->75417K(2046464K), 0.0086922 secs] [Times: user=0.11 sys=0.00, real=0.01 secs] 
2020-09-29T17:43:07.359+0200: 69.575: [GC (Allocation Failure) [PSYoungGen: 620677K->46469K(645120K)] 673945K->99737K(2043392K), 0.0164535 secs] [Times: user=0.13 sys=0.00, real=0.02 secs] 
2020-09-29T17:43:07.427+0200: 69.644: [GC (Allocation Failure) [PSYoungGen: 644997K->27940K(646144K)] 698265K->81208K(2044416K), 0.0103750 secs] [Times: user=0.00 sys=0.00, real=0.01 secs] 
2020-09-29T17:43:07.490+0200: 69.707: [GC (Allocation Failure) [PSYoungGen: 620324K->46149K(638976K)] 673592K->99417K(2037248K), 0.0170954 secs] [Times: user=0.11 sys=0.00, real=0.02 secs] 
2020-09-29T17:43:07.562+0200: 69.778: [GC (Allocation Failure) [PSYoungGen: 638533K->36324K(644608K)] 691801K->89592K(2042880K), 0.0153517 secs] [Times: user=0.11 sys=0.00, real=0.01 secs] 
2020-09-29T17:43:07.632+0200: 69.848: [GC (Allocation Failure) [PSYoungGen: 625636K->51365K(641024K)] 678904K->104633K(2039296K), 0.0188660 secs] [Times: user=0.13 sys=0.00, real=0.02 secs] 
2020-09-29T17:43:07.705+0200: 69.922: [GC (Allocation Failure) [PSYoungGen: 640677K->39077K(641536K)] 693945K->92345K(2039808K), 0.0138024 secs] [Times: user=0.11 sys=0.00, real=0.01 secs] 
2020-09-29T17:43:07.771+0200: 69.988: [GC (Allocation Failure) [PSYoungGen: 622757K->33125K(641024K)] 676025K->86393K(2039296K), 0.0117311 secs] [Times: user=0.00 sys=0.00, real=0.01 secs] 
2020-09-29T17:43:07.836+0200: 70.052: [GC (Allocation Failure) [PSYoungGen: 616805K->42597K(642048K)] 670073K->95865K(2040320K), 0.0157079 secs] [Times: user=0.11 sys=0.00, real=0.02 secs] 
2020-09-29T17:43:07.904+0200: 70.121: [GC (Allocation Failure) [PSYoungGen: 628837K->54629K(641024K)] 682105K->107897K(2039296K), 0.0196119 secs] [Times: user=0.11 sys=0.00, real=0.02 secs] 
2020-09-29T17:43:07.976+0200: 70.193: [GC (Allocation Failure) [PSYoungGen: 640869K->25573K(634880K)] 694137K->78841K(2033152K), 0.0089053 secs] [Times: user=0.00 sys=0.00, real=0.01 secs] 
2020-09-29T17:43:08.037+0200: 70.253: [GC (Allocation Failure) [PSYoungGen: 602597K->41956K(637952K)] 655865K->95224K(2036224K), 0.0153462 secs] [Times: user=0.13 sys=0.00, real=0.01 secs] 
2020-09-29T17:43:08.102+0200: 70.319: [GC (Allocation Failure) [PSYoungGen: 618980K->30244K(639488K)] 672248K->83512K(2037760K), 0.0121320 secs] [Times: user=0.11 sys=0.00, real=0.01 secs] 
2020-09-29T17:43:08.165+0200: 70.382: [GC (Allocation Failure) [PSYoungGen: 609316K->19715K(638464K)] 662584K->72983K(2036736K), 0.0084017 secs] [Times: user=0.00 sys=0.00, real=0.01 secs] 
2020-09-29T17:43:08.227+0200: 70.444: [GC (Allocation Failure) [PSYoungGen: 598787K->38309K(640000K)] 652055K->91577K(2038272K), 0.0139092 secs] [Times: user=0.13 sys=0.00, real=0.01 secs] 
2020-09-29T17:43:08.295+0200: 70.512: [GC (Allocation Failure) [PSYoungGen: 618405K->29027K(638976K)] 671673K->82295K(2037248K), 0.0114760 secs] [Times: user=0.13 sys=0.00, real=0.01 secs] 
2020-09-29T17:43:08.358+0200: 70.575: [GC (Allocation Failure) [PSYoungGen: 609123K->48581K(635904K)] 662391K->101849K(2034176K), 0.0163989 secs] [Times: user=0.13 sys=0.00, real=0.02 secs] 
2020-09-29T17:43:08.427+0200: 70.644: [GC (Allocation Failure) [PSYoungGen: 626629K->22020K(638464K)] 679897K->75288K(2036736K), 0.0088469 secs] [Times: user=0.00 sys=0.00, real=0.01 secs] 
2020-09-29T17:43:08.490+0200: 70.707: [GC (Allocation Failure) [PSYoungGen: 600068K->39493K(638976K)] 653336K->92761K(2037248K), 0.0137766 secs] [Times: user=0.02 sys=0.02, real=0.01 secs] 
2020-09-29T17:43:08.558+0200: 70.775: [GC (Allocation Failure) [PSYoungGen: 618053K->43781K(638464K)] 671321K->97049K(2036736K), 0.0158183 secs] [Times: user=0.11 sys=0.00, real=0.02 secs] 
2020-09-29T17:43:08.627+0200: 70.843: [GC (Allocation Failure) [PSYoungGen: 622341K->34405K(640512K)] 675609K->87673K(2038784K), 0.0148183 secs] [Times: user=0.09 sys=0.00, real=0.01 secs] 
2020-09-29T17:43:08.694+0200: 70.911: [GC (Allocation Failure) [PSYoungGen: 614501K->24067K(638464K)] 667769K->77335K(2036736K), 0.0128828 secs] [Times: user=0.00 sys=0.03, real=0.01 secs] 
2020-09-29T17:43:08.758+0200: 70.975: [GC (Allocation Failure) [PSYoungGen: 604163K->29829K(642048K)] 657431K->83097K(2040320K), 0.0108887 secs] [Times: user=0.00 sys=0.00, real=0.01 secs] 
2020-09-29T17:43:08.821+0200: 71.037: [GC (Allocation Failure) [PSYoungGen: 614021K->39749K(641024K)] 667289K->93017K(2039296K), 0.0153553 secs] [Times: user=0.11 sys=0.00, real=0.01 secs] 
2020-09-29T17:43:08.889+0200: 71.106: [GC (Allocation Failure) [PSYoungGen: 623941K->49765K(635392K)] 677209K->103033K(2033664K), 0.0185075 secs] [Times: user=0.11 sys=0.00, real=0.02 secs] 
2020-09-29T17:43:08.961+0200: 71.177: [GC (Allocation Failure) [PSYoungGen: 628837K->27269K(638976K)] 682105K->80537K(2037248K), 0.0110346 secs] [Times: user=0.00 sys=0.00, real=0.01 secs] 
2020-09-29T17:43:09.026+0200: 71.242: [GC (Allocation Failure) [PSYoungGen: 606341K->45765K(636928K)] 659609K->99033K(2035200K), 0.0169748 secs] [Times: user=0.13 sys=0.00, real=0.02 secs] 
2020-09-29T17:43:09.097+0200: 71.313: [GC (Allocation Failure) [PSYoungGen: 623813K->21252K(599552K)] 677081K->74520K(1997824K), 0.0099403 secs] [Times: user=0.11 sys=0.00, real=0.01 secs] 
2020-09-29T17:43:09.160+0200: 71.376: [GC (Allocation Failure) [PSYoungGen: 599300K->52421K(630784K)] 652568K->105689K(2029056K), 0.0203185 secs] [Times: user=0.22 sys=0.00, real=0.02 secs] 
2020-09-29T17:43:09.230+0200: 71.446: [GC (Allocation Failure) [PSYoungGen: 622277K->34117K(634368K)] 675545K->87385K(2032640K), 0.0127677 secs] [Times: user=0.13 sys=0.00, real=0.01 secs] 
2020-09-29T17:43:09.294+0200: 71.510: [GC (Allocation Failure) [PSYoungGen: 603973K->43397K(636416K)] 657241K->96665K(2034688K), 0.0152281 secs] [Times: user=0.13 sys=0.00, real=0.02 secs] 
2020-09-29T17:43:09.361+0200: 71.577: [GC (Allocation Failure) [PSYoungGen: 617349K->29445K(636416K)] 670617K->82713K(2034688K), 0.0106682 secs] [Times: user=0.11 sys=0.00, real=0.01 secs] 
2020-09-29T17:43:09.425+0200: 71.641: [GC (Allocation Failure) [PSYoungGen: 603397K->28580K(638976K)] 656665K->81848K(2037248K), 0.0108922 secs] [Times: user=0.11 sys=0.00, real=0.01 secs] 
2020-09-29T17:43:09.487+0200: 71.703: [GC (Allocation Failure) [PSYoungGen: 606628K->31684K(637952K)] 659896K->84952K(2036224K), 0.0135395 secs] [Times: user=0.11 sys=0.00, real=0.01 secs] 
2020-09-29T17:43:09.551+0200: 71.768: [GC (Allocation Failure) [PSYoungGen: 609732K->19779K(640512K)] 663000K->73047K(2038784K), 0.0086222 secs] [Times: user=0.00 sys=0.00, real=0.01 secs] 
2020-09-29T17:43:09.613+0200: 71.830: [GC (Allocation Failure) [PSYoungGen: 601923K->41317K(623616K)] 655191K->94585K(2021888K), 0.0168112 secs] [Times: user=0.19 sys=0.00, real=0.02 secs] 
2020-09-29T17:43:09.682+0200: 71.898: [GC (Allocation Failure) [PSYoungGen: 623461K->33380K(642048K)] 676729K->86648K(2040320K), 0.0130181 secs] [Times: user=0.13 sys=0.00, real=0.01 secs] 
2020-09-29T17:43:09.747+0200: 71.964: [GC (Allocation Failure) [PSYoungGen: 616548K->27620K(640000K)] 669816K->80888K(2038272K), 0.0117719 secs] [Times: user=0.11 sys=0.00, real=0.01 secs] 
2020-09-29T17:43:09.813+0200: 72.030: [GC (Allocation Failure) [PSYoungGen: 610788K->20323K(643072K)] 664056K->73591K(2041344K), 0.0088919 secs] [Times: user=0.11 sys=0.00, real=0.01 secs] 
2020-09-29T17:43:09.874+0200: 72.091: [GC (Allocation Failure) [PSYoungGen: 607587K->30980K(643072K)] 660855K->84248K(2041344K), 0.0124875 secs] [Times: user=0.11 sys=0.00, real=0.01 secs] 
2020-09-29T17:43:09.939+0200: 72.156: [GC (Allocation Failure) [PSYoungGen: 618244K->43844K(641024K)] 671512K->97112K(2039296K), 0.0170993 secs] [Times: user=0.11 sys=0.00, real=0.02 secs] 
2020-09-29T17:43:10.009+0200: 72.225: [GC (Allocation Failure) [PSYoungGen: 631108K->43237K(630784K)] 684376K->96505K(2029056K), 0.0165170 secs] [Times: user=0.11 sys=0.00, real=0.02 secs] 
2020-09-29T17:43:10.078+0200: 72.294: [GC (Allocation Failure) [PSYoungGen: 630501K->42404K(640512K)] 683769K->95672K(2038784K), 0.0153523 secs] [Times: user=0.13 sys=0.00, real=0.01 secs] 
2020-09-29T17:43:10.146+0200: 72.363: [GC (Allocation Failure) [PSYoungGen: 625572K->37573K(641024K)] 678840K->90841K(2039296K), 0.0140805 secs] [Times: user=0.00 sys=0.00, real=0.01 secs] 
2020-09-29T17:43:10.212+0200: 72.429: [GC (Allocation Failure) [PSYoungGen: 620741K->31875K(643584K)] 674009K->85143K(2041856K), 0.0135512 secs] [Times: user=0.11 sys=0.00, real=0.01 secs] 
2020-09-29T17:43:10.277+0200: 72.494: [GC (Allocation Failure) [PSYoungGen: 618627K->15458K(642048K)] 671895K->68726K(2040320K), 0.0075175 secs] [Times: user=0.00 sys=0.00, real=0.01 secs] 
2020-09-29T17:43:10.341+0200: 72.557: [GC (Allocation Failure) [PSYoungGen: 602210K->41669K(640512K)] 655478K->94937K(2038784K), 0.0146244 secs] [Times: user=0.13 sys=0.00, real=0.01 secs] 
2020-09-29T17:43:10.407+0200: 72.623: [GC (Allocation Failure) [PSYoungGen: 625861K->19652K(641536K)] 679129K->72920K(2039808K), 0.0083965 secs] [Times: user=0.11 sys=0.00, real=0.01 secs] 
2020-09-29T17:43:10.468+0200: 72.684: [GC (Allocation Failure) [PSYoungGen: 603844K->29701K(643584K)] 657112K->82969K(2041856K), 0.0114340 secs] [Times: user=0.11 sys=0.00, real=0.01 secs] 
2020-09-29T17:43:10.535+0200: 72.752: [GC (Allocation Failure) [PSYoungGen: 615941K->41669K(641536K)] 669209K->94937K(2039808K), 0.0149556 secs] [Times: user=0.11 sys=0.00, real=0.01 secs] 
2020-09-29T17:43:10.603+0200: 72.820: [GC (Allocation Failure) [PSYoungGen: 627909K->39204K(642560K)] 681177K->92472K(2040832K), 0.0156383 secs] [Times: user=0.11 sys=0.00, real=0.02 secs] 
2020-09-29T17:43:10.673+0200: 72.889: [GC (Allocation Failure) [PSYoungGen: 624932K->36997K(642048K)] 678200K->90265K(2040320K), 0.0145400 secs] [Times: user=0.11 sys=0.00, real=0.01 secs] 
2020-09-29T17:43:10.739+0200: 72.956: [GC (Allocation Failure) [PSYoungGen: 622725K->48549K(636416K)] 675993K->101817K(2034688K), 0.0176012 secs] [Times: user=0.11 sys=0.00, real=0.02 secs] 
2020-09-29T17:43:10.811+0200: 73.027: [GC (Allocation Failure) [PSYoungGen: 629669K->28037K(640000K)] 682937K->81305K(2038272K), 0.0100860 secs] [Times: user=0.11 sys=0.00, real=0.01 secs] 
2020-09-29T17:43:10.874+0200: 73.091: [GC (Allocation Failure) [PSYoungGen: 609157K->29732K(642560K)] 662425K->83000K(2040832K), 0.0118456 secs] [Times: user=0.13 sys=0.00, real=0.01 secs] 
2020-09-29T17:43:10.939+0200: 73.156: [GC (Allocation Failure) [PSYoungGen: 614436K->26115K(641024K)] 667704K->79383K(2039296K), 0.0110683 secs] [Times: user=0.11 sys=0.00, real=0.01 secs] 
2020-09-29T17:43:11.003+0200: 73.220: [GC (Allocation Failure) [PSYoungGen: 610819K->36292K(644608K)] 664087K->89560K(2042880K), 0.0129456 secs] [Times: user=0.11 sys=0.00, real=0.01 secs] 
2020-09-29T17:43:11.070+0200: 73.287: [GC (Allocation Failure) [PSYoungGen: 625604K->37701K(643584K)] 678872K->90969K(2041856K), 0.0135011 secs] [Times: user=0.11 sys=0.00, real=0.01 secs] 
2020-09-29T17:43:11.140+0200: 73.357: [GC (Allocation Failure) [PSYoungGen: 627013K->39109K(645120K)] 680281K->92377K(2043392K), 0.0154020 secs] [Times: user=0.11 sys=0.00, real=0.01 secs] 
2020-09-29T17:43:11.210+0200: 73.426: [GC (Allocation Failure) [PSYoungGen: 630469K->42404K(633856K)] 683737K->95672K(2032128K), 0.0150595 secs] [Times: user=0.13 sys=0.00, real=0.01 secs] 
2020-09-29T17:43:11.278+0200: 73.495: [GC (Allocation Failure) [PSYoungGen: 633764K->32165K(645632K)] 687032K->85433K(2043904K), 0.0107164 secs] [Times: user=0.13 sys=0.00, real=0.01 secs] 
2020-09-29T17:43:11.345+0200: 73.561: [GC (Allocation Failure) [PSYoungGen: 623013K->34884K(644096K)] 676281K->88152K(2042368K), 0.0134671 secs] [Times: user=0.11 sys=0.00, real=0.01 secs] 
2020-09-29T17:43:11.411+0200: 73.628: [GC (Allocation Failure) [PSYoungGen: 625732K->37188K(648192K)] 679000K->90456K(2046464K), 0.0140628 secs] [Times: user=0.00 sys=0.00, real=0.01 secs] 
2020-09-29T17:43:11.478+0200: 73.695: [GC (Allocation Failure) [PSYoungGen: 633668K->45765K(642560K)] 686936K->99033K(2040832K), 0.0160958 secs] [Times: user=0.13 sys=0.00, real=0.02 secs] 
2020-09-29T17:43:11.548+0200: 73.764: [GC (Allocation Failure) [PSYoungGen: 642245K->24612K(645632K)] 695513K->77880K(2043904K), 0.0102873 secs] [Times: user=0.11 sys=0.00, real=0.01 secs] 
2020-09-29T17:43:11.612+0200: 73.828: [GC (Allocation Failure) [PSYoungGen: 616996K->42757K(635392K)] 670264K->96025K(2033664K), 0.0196199 secs] [Times: user=0.19 sys=0.00, real=0.02 secs] 
2020-09-29T17:43:11.686+0200: 73.903: [GC (Allocation Failure) [PSYoungGen: 635141K->33541K(645632K)] 688409K->86809K(2043904K), 0.0131504 secs] [Times: user=0.11 sys=0.00, real=0.01 secs] 
2020-09-29T17:43:11.751+0200: 73.968: [GC (Allocation Failure) [PSYoungGen: 624901K->21699K(644608K)] 678169K->74967K(2042880K), 0.0095960 secs] [Times: user=0.11 sys=0.00, real=0.01 secs] 
2020-09-29T17:43:11.813+0200: 74.029: [GC (Allocation Failure) [PSYoungGen: 613059K->38116K(645632K)] 666327K->91384K(2043904K), 0.0157541 secs] [Times: user=0.11 sys=0.00, real=0.02 secs] 
2020-09-29T17:43:11.880+0200: 74.097: [GC (Allocation Failure) [PSYoungGen: 629988K->13410K(605696K)] 683256K->66678K(2003968K), 0.0070868 secs] [Times: user=0.00 sys=0.00, real=0.01 secs] 
2020-09-29T17:43:11.939+0200: 74.156: [GC (Allocation Failure) [PSYoungGen: 605282K->44741K(638976K)] 658550K->98009K(2037248K), 0.0156960 secs] [Times: user=0.13 sys=0.00, real=0.02 secs] 
2020-09-29T17:43:12.006+0200: 74.223: [GC (Allocation Failure) [PSYoungGen: 628933K->27301K(641536K)] 682201K->80569K(2039808K), 0.0107747 secs] [Times: user=0.00 sys=0.00, real=0.02 secs] 
2020-09-29T17:43:12.074+0200: 74.290: [GC (Allocation Failure) [PSYoungGen: 611493K->20164K(643072K)] 664761K->73432K(2041344K), 0.0085701 secs] [Times: user=0.13 sys=0.00, real=0.01 secs] 
2020-09-29T17:43:12.134+0200: 74.350: [GC (Allocation Failure) [PSYoungGen: 607428K->18180K(643072K)] 660696K->71448K(2041344K), 0.0075361 secs] [Times: user=0.00 sys=0.00, real=0.01 secs] 
2020-09-29T17:43:12.194+0200: 74.411: [GC (Allocation Failure) [PSYoungGen: 605444K->30084K(645632K)] 658712K->83352K(2043904K), 0.0116362 secs] [Times: user=0.00 sys=0.00, real=0.01 secs] 
2020-09-29T17:43:12.261+0200: 74.477: [GC (Allocation Failure) [PSYoungGen: 619908K->45669K(635904K)] 673176K->98937K(2034176K), 0.0162220 secs] [Times: user=0.13 sys=0.00, real=0.02 secs] 
2020-09-29T17:43:12.329+0200: 74.545: [GC (Allocation Failure) [PSYoungGen: 635493K->33957K(643584K)] 688761K->87225K(2041856K), 0.0115942 secs] [Times: user=0.13 sys=0.00, real=0.01 secs] 
2020-09-29T17:43:12.391+0200: 74.607: [GC (Allocation Failure) [PSYoungGen: 620709K->46469K(633344K)] 673977K->99737K(2031616K), 0.0168181 secs] [Times: user=0.11 sys=0.00, real=0.02 secs] 
2020-09-29T17:43:12.462+0200: 74.678: [GC (Allocation Failure) [PSYoungGen: 633221K->31621K(643072K)] 686489K->84889K(2041344K), 0.0121453 secs] [Times: user=0.13 sys=0.00, real=0.01 secs] 
2020-09-29T17:43:12.526+0200: 74.742: [GC (Allocation Failure) [PSYoungGen: 616325K->26531K(640512K)] 669593K->79799K(2038784K), 0.0120702 secs] [Times: user=0.13 sys=0.00, real=0.01 secs] 
2020-09-29T17:43:12.591+0200: 74.807: [GC (Allocation Failure) [PSYoungGen: 611235K->36804K(644608K)] 664503K->90072K(2042880K), 0.0146953 secs] [Times: user=0.11 sys=0.00, real=0.01 secs] 
2020-09-29T17:43:12.659+0200: 74.875: [GC (Allocation Failure) [PSYoungGen: 626628K->52389K(642560K)] 679896K->105657K(2040832K), 0.0186587 secs] [Times: user=0.24 sys=0.00, real=0.02 secs] 
2020-09-29T17:43:12.732+0200: 74.948: [GC (Allocation Failure) [PSYoungGen: 642213K->40645K(637440K)] 695481K->93913K(2035712K), 0.0163955 secs] [Times: user=0.13 sys=0.00, real=0.02 secs] 
2020-09-29T17:43:12.804+0200: 75.020: [GC (Allocation Failure) [PSYoungGen: 621765K->33861K(640000K)] 675033K->87129K(2038272K), 0.0143775 secs] [Times: user=0.13 sys=0.00, real=0.01 secs] 
2020-09-29T17:43:12.876+0200: 75.092: [GC (Allocation Failure) [PSYoungGen: 614981K->40741K(642048K)] 668249K->94009K(2040320K), 0.0156829 secs] [Times: user=0.13 sys=0.00, real=0.02 secs] 
2020-09-29T17:43:12.942+0200: 75.158: [GC (Allocation Failure) [PSYoungGen: 625957K->35876K(642048K)] 679225K->89144K(2040320K), 0.0130528 secs] [Times: user=0.00 sys=0.00, real=0.01 secs] 
2020-09-29T17:43:13.004+0200: 75.220: [GC (Allocation Failure) [PSYoungGen: 621092K->17762K(642048K)] 674360K->71030K(2040320K), 0.0085402 secs] [Times: user=0.13 sys=0.00, real=0.01 secs] 
2020-09-29T17:43:13.061+0200: 75.278: [GC (Allocation Failure) [PSYoungGen: 605026K->30820K(643072K)] 658294K->84088K(2041344K), 0.0117120 secs] [Times: user=0.11 sys=0.00, real=0.01 secs] 
2020-09-29T17:43:13.122+0200: 75.338: [GC (Allocation Failure) [PSYoungGen: 618084K->15907K(642560K)] 671352K->69175K(2040832K), 0.0066606 secs] [Times: user=0.00 sys=0.00, real=0.01 secs] 
2020-09-29T17:43:13.178+0200: 75.394: [GC (Allocation Failure) [PSYoungGen: 604195K->29476K(643584K)] 657463K->82744K(2041856K), 0.0109459 secs] [Times: user=0.00 sys=0.00, real=0.01 secs] 
2020-09-29T17:43:13.238+0200: 75.454: [GC (Allocation Failure) [PSYoungGen: 617764K->29636K(647168K)] 671032K->82904K(2045440K), 0.0109612 secs] [Times: user=0.13 sys=0.00, real=0.01 secs] 
2020-09-29T17:43:13.298+0200: 75.514: [GC (Allocation Failure) [PSYoungGen: 622367K->19939K(645120K)] 675635K->73207K(2043392K), 0.0089323 secs] [Times: user=0.13 sys=0.00, real=0.01 secs] 
2020-09-29T17:43:13.356+0200: 75.572: [GC (Allocation Failure) [PSYoungGen: 613347K->9923K(644096K)] 666615K->63191K(2042368K), 0.0045550 secs] [Times: user=0.00 sys=0.00, real=0.00 secs] 
2020-09-29T17:43:13.422+0200: 75.638: [GC (Allocation Failure) [PSYoungGen: 602307K->13441K(645632K)] 655575K->66709K(2043904K), 0.0084533 secs] [Times: user=0.13 sys=0.00, real=0.01 secs] 
2020-09-29T17:43:13.480+0200: 75.695: [GC (Allocation Failure) [PSYoungGen: 605825K->17763K(646656K)] 659093K->71031K(2044928K), 0.0082194 secs] [Times: user=0.00 sys=0.00, real=0.01 secs] 
2020-09-29T17:43:13.546+0200: 75.762: [GC (Allocation Failure) [PSYoungGen: 611171K->7105K(645632K)] 664439K->60373K(2043904K), 0.0050957 secs] [Times: user=0.00 sys=0.00, real=0.01 secs] 
2020-09-29T17:43:13.614+0200: 75.830: [GC (Allocation Failure) [PSYoungGen: 600513K->12547K(647168K)] 653781K->65815K(2045440K), 0.0054808 secs] [Times: user=0.00 sys=0.00, real=0.00 secs] 
2020-09-29T17:43:13.686+0200: 75.902: [GC (Allocation Failure) [PSYoungGen: 606979K->32835K(646144K)] 660247K->86103K(2044416K), 0.0129995 secs] [Times: user=0.13 sys=0.00, real=0.01 secs] 
2020-09-29T17:43:13.749+0200: 75.965: [GC (Allocation Failure) [PSYoungGen: 627267K->11201K(647168K)] 680535K->64469K(2045440K), 0.0072808 secs] [Times: user=0.13 sys=0.00, real=0.01 secs] 
2020-09-29T17:43:13.804+0200: 76.020: [GC (Allocation Failure) [PSYoungGen: 605633K->17731K(646144K)] 658901K->70999K(2044416K), 0.0075953 secs] [Times: user=0.00 sys=0.00, real=0.01 secs] 
2020-09-29T17:43:13.862+0200: 76.078: [GC (Allocation Failure) [PSYoungGen: 612163K->22914K(651264K)] 665431K->76182K(2049536K), 0.0104292 secs] [Times: user=0.11 sys=0.00, real=0.01 secs] 
2020-09-29T17:43:13.922+0200: 76.138: [GC (Allocation Failure) [PSYoungGen: 624514K->22979K(649216K)] 677782K->76247K(2047488K), 0.0091059 secs] [Times: user=0.13 sys=0.00, real=0.01 secs] 
2020-09-29T17:43:13.980+0200: 76.196: [GC (Allocation Failure) [PSYoungGen: 624579K->22883K(655872K)] 677847K->76151K(2054144K), 0.0100864 secs] [Times: user=0.13 sys=0.00, real=0.01 secs] 
2020-09-29T17:43:14.039+0200: 76.255: [GC (Allocation Failure) [PSYoungGen: 633699K->18467K(653824K)] 686967K->71735K(2052096K), 0.0084973 secs] [Times: user=0.00 sys=0.00, real=0.01 secs] 
2020-09-29T17:43:14.097+0200: 76.313: [GC (Allocation Failure) [PSYoungGen: 629283K->27747K(656896K)] 682551K->81015K(2055168K), 0.0113795 secs] [Times: user=0.13 sys=0.00, real=0.01 secs] 
2020-09-29T17:43:14.164+0200: 76.380: [GC (Allocation Failure) [PSYoungGen: 642659K->12482K(656896K)] 695927K->65750K(2055168K), 0.0065609 secs] [Times: user=0.00 sys=0.00, real=0.01 secs] 
2020-09-29T17:43:14.220+0200: 76.436: [GC (Allocation Failure) [PSYoungGen: 627394K->10690K(657408K)] 680662K->63958K(2055680K), 0.0054795 secs] [Times: user=0.13 sys=0.00, real=0.01 secs] 
2020-09-29T17:43:14.279+0200: 76.495: [GC (Allocation Failure) [PSYoungGen: 626114K->24547K(656896K)] 679382K->77815K(2055168K), 0.0102257 secs] [Times: user=0.13 sys=0.00, real=0.01 secs] 
2020-09-29T17:43:14.343+0200: 76.559: [GC (Allocation Failure) [PSYoungGen: 639561K->6081K(656896K)] 692829K->59349K(2055168K), 0.0045356 secs] [Times: user=0.00 sys=0.00, real=0.00 secs] 
2020-09-29T17:43:14.403+0200: 76.619: [GC (Allocation Failure) [PSYoungGen: 622017K->20482K(657408K)] 675285K->73750K(2055680K), 0.0099806 secs] [Times: user=0.13 sys=0.00, real=0.01 secs] 
2020-09-29T17:43:14.464+0200: 76.680: [GC (Allocation Failure) [PSYoungGen: 636418K->21026K(660480K)] 689686K->74294K(2058752K), 0.0095147 secs] [Times: user=0.00 sys=0.00, real=0.01 secs] 
2020-09-29T17:43:14.529+0200: 76.745: [GC (Allocation Failure) [PSYoungGen: 641570K->12354K(658944K)] 694838K->65622K(2057216K), 0.0064591 secs] [Times: user=0.00 sys=0.00, real=0.01 secs] 
2020-09-29T17:43:14.593+0200: 76.809: [GC (Allocation Failure) [PSYoungGen: 632898K->3617K(659968K)] 686166K->56885K(2058240K), 0.0031477 secs] [Times: user=0.00 sys=0.00, real=0.00 secs] 
2020-09-29T17:43:14.659+0200: 76.875: [GC (Allocation Failure) [PSYoungGen: 625697K->9697K(660480K)] 678965K->62965K(2058752K), 0.0062187 secs] [Times: user=0.13 sys=0.00, real=0.01 secs] 
2020-09-29T17:43:14.718+0200: 76.934: [GC (Allocation Failure) [PSYoungGen: 631777K->16546K(663040K)] 685045K->69814K(2061312K), 0.0077811 secs] [Times: user=0.13 sys=0.00, real=0.01 secs] 
2020-09-29T17:43:14.780+0200: 76.997: [GC (Allocation Failure) [PSYoungGen: 641698K->12770K(660992K)] 694966K->66038K(2059264K), 0.0068552 secs] [Times: user=0.11 sys=0.00, real=0.01 secs] 
2020-09-29T17:43:14.875+0200: 77.091: [GC (Allocation Failure) [PSYoungGen: 637922K->6721K(664576K)] 691190K->59989K(2062848K), 0.0043980 secs] [Times: user=0.00 sys=0.00, real=0.00 secs] 
2020-09-29T17:43:14.977+0200: 77.193: [GC (Allocation Failure) [PSYoungGen: 636993K->7905K(664576K)] 690261K->61173K(2062848K), 0.0050784 secs] [Times: user=0.00 sys=0.00, real=0.01 secs] 
2020-09-29T17:43:15.078+0200: 77.294: [GC (Allocation Failure) [PSYoungGen: 638177K->9281K(666112K)] 691445K->62549K(2064384K), 0.0059500 secs] [Times: user=0.13 sys=0.00, real=0.01 secs] 
2020-09-29T17:43:15.180+0200: 77.396: [GC (Allocation Failure) [PSYoungGen: 641601K->12577K(665088K)] 694869K->65845K(2063360K), 0.0075033 secs] [Times: user=0.00 sys=0.00, real=0.01 secs] 
Heap
 PSYoungGen      total 665088K, used 36573K [0x00000000d5580000, 0x0000000100000000, 0x0000000100000000)
  eden space 632320K, 3% used [0x00000000d5580000,0x00000000d6cef0e0,0x00000000fbf00000)
  from space 32768K, 38% used [0x00000000fbf00000,0x00000000fcb48490,0x00000000fdf00000)
  to   space 31232K, 0% used [0x00000000fe180000,0x00000000fe180000,0x0000000100000000)
 ParOldGen       total 1398272K, used 53268K [0x0000000080000000, 0x00000000d5580000, 0x00000000d5580000)
  object space 1398272K, 3% used [0x0000000080000000,0x0000000083405060,0x00000000d5580000)
 Metaspace       used 2594K, capacity 4486K, committed 4864K, reserved 1056768K
  class space    used 285K, capacity 386K, committed 512K, reserved 1048576K
