Java HotSpot(TM) 64-Bit Server VM (25.261-b12) for windows-amd64 JRE (1.8.0_261-b12), built on Jun 18 2020 06:56:32 by "" with unknown MS VC++:1916
Memory: 4k page, physical 16659684k(9638248k free), swap 23213284k(9198420k free)
CommandLine flags: -XX:InitialHeapSize=2147483648 -XX:MaxHeapSize=2147483648 -XX:+PrintGC -XX:+PrintGCDateStamps -XX:+PrintGCDetails -XX:+PrintGCTimeStamps -XX:+UseCompressedClassPointers -XX:+UseCompressedOops -XX:-UseLargePagesIndividualAllocation -XX:+UseParallelGC 
2020-09-29T17:49:41.069+0200: 0.301: [GC (Allocation Failure) [PSYoungGen: 524800K->38836K(611840K)] 524800K->38844K(2010112K), 0.0209215 secs] [Times: user=0.13 sys=0.00, real=0.02 secs] 
2020-09-29T17:49:41.135+0200: 0.367: [GC (Allocation Failure) [PSYoungGen: 563636K->30325K(611840K)] 563644K->30333K(2010112K), 0.0419482 secs] [Times: user=0.14 sys=0.13, real=0.04 secs] 
2020-09-29T17:49:41.231+0200: 0.464: [GC (Allocation Failure) [PSYoungGen: 555125K->62965K(611840K)] 555133K->62973K(2010112K), 0.0231655 secs] [Times: user=0.14 sys=0.00, real=0.02 secs] 
2020-09-29T17:49:41.300+0200: 0.532: [GC (Allocation Failure) [PSYoungGen: 587765K->27093K(611840K)] 587773K->27101K(2010112K), 0.0088809 secs] [Times: user=0.13 sys=0.00, real=0.01 secs] 
2020-09-29T17:49:41.354+0200: 0.586: [GC (Allocation Failure) [PSYoungGen: 551893K->44212K(611840K)] 551901K->44220K(2010112K), 0.0158869 secs] [Times: user=0.13 sys=0.00, real=0.01 secs] 
2020-09-29T17:49:41.414+0200: 0.646: [GC (Allocation Failure) [PSYoungGen: 569012K->34900K(636928K)] 569020K->34908K(2035200K), 0.0164525 secs] [Times: user=0.13 sys=0.00, real=0.02 secs] 
2020-09-29T17:49:41.480+0200: 0.712: [GC (Allocation Failure) [PSYoungGen: 607316K->32741K(634368K)] 607324K->33157K(2032640K), 0.0130813 secs] [Times: user=0.11 sys=0.02, real=0.01 secs] 
2020-09-29T17:49:41.542+0200: 0.774: [GC (Allocation Failure) [PSYoungGen: 605157K->44645K(638464K)] 605573K->45061K(2036736K), 0.0164200 secs] [Times: user=0.11 sys=0.01, real=0.02 secs] 
2020-09-29T17:49:41.610+0200: 0.842: [GC (Allocation Failure) [PSYoungGen: 622693K->34757K(638464K)] 623109K->35173K(2036736K), 0.0146067 secs] [Times: user=0.11 sys=0.00, real=0.02 secs] 
2020-09-29T17:49:41.675+0200: 0.907: [GC (Allocation Failure) [PSYoungGen: 612805K->20579K(636928K)] 613221K->20995K(2035200K), 0.0091239 secs] [Times: user=0.13 sys=0.00, real=0.01 secs] 
2020-09-29T17:49:41.741+0200: 0.973: [GC (Allocation Failure) [PSYoungGen: 598627K->24357K(638464K)] 599043K->24773K(2036736K), 0.0082645 secs] [Times: user=0.00 sys=0.00, real=0.01 secs] 
2020-09-29T17:49:41.805+0200: 1.037: [GC (Allocation Failure) [PSYoungGen: 602405K->28165K(640000K)] 602821K->28581K(2038272K), 0.0096727 secs] [Times: user=0.00 sys=0.00, real=0.01 secs] 
2020-09-29T17:49:41.869+0200: 1.101: [GC (Allocation Failure) [PSYoungGen: 608261K->34053K(638976K)] 608677K->34469K(2037248K), 0.0120023 secs] [Times: user=0.13 sys=0.00, real=0.01 secs] 
2020-09-29T17:49:41.934+0200: 1.166: [GC (Allocation Failure) [PSYoungGen: 614149K->24516K(642560K)] 614565K->24932K(2040832K), 0.0119344 secs] [Times: user=0.11 sys=0.00, real=0.01 secs] 
2020-09-29T17:49:41.998+0200: 1.230: [GC (Allocation Failure) [PSYoungGen: 610244K->36005K(642048K)] 610660K->36421K(2040320K), 0.0130256 secs] [Times: user=0.13 sys=0.00, real=0.01 secs] 
2020-09-29T17:49:42.067+0200: 1.300: [GC (Allocation Failure) [PSYoungGen: 621733K->47461K(637952K)] 622149K->47877K(2036224K), 0.0172620 secs] [Times: user=0.09 sys=0.03, real=0.02 secs] 
2020-09-29T17:49:42.136+0200: 1.368: [GC (Allocation Failure) [PSYoungGen: 630629K->42725K(626176K)] 631045K->43141K(2024448K), 0.0148728 secs] [Times: user=0.13 sys=0.00, real=0.02 secs] 
2020-09-29T17:49:42.202+0200: 1.434: [GC (Allocation Failure) [PSYoungGen: 625893K->37957K(642048K)] 626309K->38373K(2040320K), 0.0132800 secs] [Times: user=0.13 sys=0.00, real=0.01 secs] 
2020-09-29T17:49:42.268+0200: 1.500: [GC (Allocation Failure) [PSYoungGen: 621637K->33444K(640512K)] 622053K->33860K(2038784K), 0.0118966 secs] [Times: user=0.13 sys=0.00, real=0.01 secs] 
2020-09-29T17:49:42.335+0200: 1.567: [GC (Allocation Failure) [PSYoungGen: 617124K->42789K(642560K)] 617540K->43205K(2040832K), 0.0154716 secs] [Times: user=0.13 sys=0.00, real=0.02 secs] 
2020-09-29T17:49:42.401+0200: 1.633: [GC (Allocation Failure) [PSYoungGen: 630053K->26052K(643072K)] 630469K->26468K(2041344K), 0.0094758 secs] [Times: user=0.00 sys=0.00, real=0.01 secs] 
2020-09-29T17:49:42.461+0200: 1.693: [GC (Allocation Failure) [PSYoungGen: 613316K->25381K(643072K)] 613732K->25797K(2041344K), 0.0087351 secs] [Times: user=0.00 sys=0.00, real=0.01 secs] 
2020-09-29T17:49:42.526+0200: 1.759: [GC (Allocation Failure) [PSYoungGen: 612645K->38405K(643072K)] 613061K->38821K(2041344K), 0.0132541 secs] [Times: user=0.13 sys=0.00, real=0.01 secs] 
2020-09-29T17:49:42.596+0200: 1.829: [GC (Allocation Failure) [PSYoungGen: 625669K->21763K(643072K)] 626085K->22179K(2041344K), 0.0107259 secs] [Times: user=0.09 sys=0.02, real=0.01 secs] 
2020-09-29T17:49:42.661+0200: 1.893: [GC (Allocation Failure) [PSYoungGen: 610051K->32964K(643584K)] 610467K->33380K(2041856K), 0.0123681 secs] [Times: user=0.00 sys=0.00, real=0.01 secs] 
2020-09-29T17:49:42.723+0200: 1.956: [GC (Allocation Failure) [PSYoungGen: 621252K->19204K(644608K)] 621668K->19620K(2042880K), 0.0071663 secs] [Times: user=0.05 sys=0.00, real=0.01 secs] 
2020-09-29T17:49:42.784+0200: 2.016: [GC (Allocation Failure) [PSYoungGen: 610564K->36325K(645120K)] 610980K->36741K(2043392K), 0.0130707 secs] [Times: user=0.13 sys=0.00, real=0.01 secs] 
2020-09-29T17:49:42.847+0200: 2.080: [GC (Allocation Failure) [PSYoungGen: 627685K->21955K(646144K)] 628101K->22371K(2044416K), 0.0089970 secs] [Times: user=0.11 sys=0.02, real=0.01 secs] 
2020-09-29T17:49:42.910+0200: 2.143: [GC (Allocation Failure) [PSYoungGen: 614851K->26308K(645632K)] 615267K->26724K(2043904K), 0.0098078 secs] [Times: user=0.13 sys=0.00, real=0.01 secs] 
2020-09-29T17:49:42.979+0200: 2.212: [GC (Allocation Failure) [PSYoungGen: 619204K->31269K(649216K)] 619620K->31685K(2047488K), 0.0103967 secs] [Times: user=0.13 sys=0.00, real=0.01 secs] 
2020-09-29T17:49:43.056+0200: 2.288: [GC (Allocation Failure) [PSYoungGen: 628773K->12483K(647168K)] 629189K->12899K(2045440K), 0.0053018 secs] [Times: user=0.00 sys=0.00, real=0.01 secs] 
2020-09-29T17:49:43.112+0200: 2.345: [GC (Allocation Failure) [PSYoungGen: 609987K->20259K(648704K)] 610403K->20675K(2046976K), 0.0081488 secs] [Times: user=0.13 sys=0.00, real=0.01 secs] 
2020-09-29T17:49:43.175+0200: 2.408: [GC (Allocation Failure) [PSYoungGen: 617763K->29829K(647680K)] 618179K->30245K(2045952K), 0.0110875 secs] [Times: user=0.13 sys=0.00, real=0.01 secs] 
2020-09-29T17:49:43.242+0200: 2.475: [GC (Allocation Failure) [PSYoungGen: 627333K->39461K(646144K)] 627749K->39877K(2044416K), 0.0135374 secs] [Times: user=0.13 sys=0.00, real=0.01 secs] 
2020-09-29T17:49:43.309+0200: 2.542: [GC (Allocation Failure) [PSYoungGen: 636965K->18852K(648192K)] 637381K->19268K(2046464K), 0.0080367 secs] [Times: user=0.13 sys=0.00, real=0.01 secs] 
2020-09-29T17:49:43.369+0200: 2.602: [GC (Allocation Failure) [PSYoungGen: 616356K->25669K(650240K)] 616772K->26085K(2048512K), 0.0092204 secs] [Times: user=0.00 sys=0.00, real=0.01 secs] 
2020-09-29T17:49:43.432+0200: 2.664: [GC (Allocation Failure) [PSYoungGen: 625221K->37253K(648192K)] 625637K->37669K(2046464K), 0.0129707 secs] [Times: user=0.13 sys=0.00, real=0.01 secs] 
2020-09-29T17:49:43.502+0200: 2.735: [GC (Allocation Failure) [PSYoungGen: 636805K->48933K(638464K)] 637221K->49349K(2036736K), 0.0172239 secs] [Times: user=0.13 sys=0.00, real=0.02 secs] 
2020-09-29T17:49:43.571+0200: 2.803: [GC (Allocation Failure) [PSYoungGen: 637221K->21700K(643584K)] 637637K->22116K(2041856K), 0.0081026 secs] [Times: user=0.00 sys=0.00, real=0.01 secs] 
2020-09-29T17:49:43.634+0200: 2.867: [GC (Allocation Failure) [PSYoungGen: 609988K->19333K(644608K)] 610404K->19749K(2042880K), 0.0079784 secs] [Times: user=0.00 sys=0.00, real=0.01 secs] 
2020-09-29T17:49:43.693+0200: 2.925: [GC (Allocation Failure) [PSYoungGen: 609157K->34917K(644096K)] 609573K->35333K(2042368K), 0.0131528 secs] [Times: user=0.00 sys=0.00, real=0.01 secs] 
2020-09-29T17:49:43.756+0200: 2.989: [GC (Allocation Failure) [PSYoungGen: 624741K->36772K(645120K)] 625157K->37188K(2043392K), 0.0136950 secs] [Times: user=0.13 sys=0.00, real=0.01 secs] 
2020-09-29T17:49:43.822+0200: 3.055: [GC (Allocation Failure) [PSYoungGen: 628132K->40293K(631808K)] 628548K->40709K(2030080K), 0.0142059 secs] [Times: user=0.13 sys=0.00, real=0.01 secs] 
2020-09-29T17:49:43.888+0200: 3.120: [GC (Allocation Failure) [PSYoungGen: 631653K->29701K(645632K)] 632069K->30117K(2043904K), 0.0106987 secs] [Times: user=0.13 sys=0.00, real=0.01 secs] 
2020-09-29T17:49:43.949+0200: 3.182: [GC (Allocation Failure) [PSYoungGen: 620037K->44356K(634880K)] 620453K->44772K(2033152K), 0.0159319 secs] [Times: user=0.13 sys=0.00, real=0.02 secs] 
2020-09-29T17:49:44.015+0200: 3.248: [GC (Allocation Failure) [PSYoungGen: 634692K->31909K(645120K)] 635108K->32325K(2043392K), 0.0112696 secs] [Times: user=0.13 sys=0.00, real=0.01 secs] 
2020-09-29T17:49:44.078+0200: 3.310: [GC (Allocation Failure) [PSYoungGen: 621221K->33317K(643072K)] 621637K->33733K(2041344K), 0.0120679 secs] [Times: user=0.13 sys=0.00, real=0.01 secs] 
2020-09-29T17:49:44.143+0200: 3.375: [GC (Allocation Failure) [PSYoungGen: 622629K->48389K(638976K)] 623045K->48805K(2037248K), 0.0167023 secs] [Times: user=0.13 sys=0.00, real=0.02 secs] 
2020-09-29T17:49:44.211+0200: 3.443: [GC (Allocation Failure) [PSYoungGen: 635653K->47620K(635392K)] 636069K->48036K(2033664K), 0.0170740 secs] [Times: user=0.13 sys=0.00, real=0.02 secs] 
2020-09-29T17:49:44.278+0200: 3.511: [GC (Allocation Failure) [PSYoungGen: 634884K->46981K(635904K)] 635300K->47397K(2034176K), 0.0164538 secs] [Times: user=0.13 sys=0.00, real=0.02 secs] 
2020-09-29T17:49:44.345+0200: 3.578: [GC (Allocation Failure) [PSYoungGen: 624005K->35652K(637952K)] 624421K->36068K(2036224K), 0.0135677 secs] [Times: user=0.13 sys=0.00, real=0.01 secs] 
2020-09-29T17:49:44.409+0200: 3.641: [GC (Allocation Failure) [PSYoungGen: 612676K->38405K(642048K)] 613092K->38821K(2040320K), 0.0130888 secs] [Times: user=0.13 sys=0.00, real=0.01 secs] 
2020-09-29T17:49:44.474+0200: 3.707: [GC (Allocation Failure) [PSYoungGen: 622085K->47909K(631808K)] 622501K->48325K(2030080K), 0.0163600 secs] [Times: user=0.13 sys=0.00, real=0.02 secs] 
2020-09-29T17:49:44.542+0200: 3.774: [GC (Allocation Failure) [PSYoungGen: 631589K->43685K(639488K)] 632005K->44101K(2037760K), 0.0147276 secs] [Times: user=0.13 sys=0.00, real=0.01 secs] 
2020-09-29T17:49:44.609+0200: 3.842: [GC (Allocation Failure) [PSYoungGen: 623781K->32516K(639488K)] 624197K->32932K(2037760K), 0.0144966 secs] [Times: user=0.11 sys=0.00, real=0.02 secs] 
2020-09-29T17:49:44.677+0200: 3.909: [GC (Allocation Failure) [PSYoungGen: 612612K->24613K(640512K)] 613028K->25029K(2038784K), 0.0107841 secs] [Times: user=0.00 sys=0.00, real=0.01 secs] 
2020-09-29T17:49:44.746+0200: 3.979: [GC (Allocation Failure) [PSYoungGen: 606757K->30628K(640512K)] 607173K->31044K(2038784K), 0.0131000 secs] [Times: user=0.13 sys=0.00, real=0.01 secs] 
2020-09-29T17:49:44.812+0200: 4.045: [GC (Allocation Failure) [PSYoungGen: 612772K->36996K(643584K)] 613188K->37412K(2041856K), 0.0146520 secs] [Times: user=0.13 sys=0.00, real=0.01 secs] 
2020-09-29T17:49:44.881+0200: 4.113: [GC (Allocation Failure) [PSYoungGen: 623236K->20963K(641536K)] 623652K->21379K(2039808K), 0.0088338 secs] [Times: user=0.00 sys=0.00, real=0.01 secs] 
2020-09-29T17:49:44.940+0200: 4.173: [GC (Allocation Failure) [PSYoungGen: 607203K->30852K(644096K)] 607619K->31268K(2042368K), 0.0119876 secs] [Times: user=0.13 sys=0.00, real=0.01 secs] 
2020-09-29T17:49:45.003+0200: 4.236: [GC (Allocation Failure) [PSYoungGen: 618628K->29765K(642560K)] 619044K->30181K(2040832K), 0.0106604 secs] [Times: user=0.13 sys=0.00, real=0.01 secs] 
2020-09-29T17:49:45.069+0200: 4.301: [GC (Allocation Failure) [PSYoungGen: 617541K->29476K(646656K)] 617957K->29892K(2044928K), 0.0115691 secs] [Times: user=0.00 sys=0.00, real=0.01 secs] 
2020-09-29T17:49:45.133+0200: 4.366: [GC (Allocation Failure) [PSYoungGen: 622884K->32324K(645632K)] 623300K->32740K(2043904K), 0.0121922 secs] [Times: user=0.13 sys=0.00, real=0.01 secs] 
2020-09-29T17:49:45.196+0200: 4.429: [GC (Allocation Failure) [PSYoungGen: 625732K->37700K(648704K)] 626148K->38116K(2046976K), 0.0141287 secs] [Times: user=0.13 sys=0.00, real=0.01 secs] 
2020-09-29T17:49:45.265+0200: 4.498: [GC (Allocation Failure) [PSYoungGen: 635716K->47813K(646144K)] 636132K->48229K(2044416K), 0.0164603 secs] [Times: user=0.13 sys=0.00, real=0.02 secs] 
2020-09-29T17:49:45.335+0200: 4.568: [GC (Allocation Failure) [PSYoungGen: 645829K->28612K(645120K)] 646245K->29028K(2043392K), 0.0111927 secs] [Times: user=0.00 sys=0.00, real=0.01 secs] 
2020-09-29T17:49:45.400+0200: 4.633: [GC (Allocation Failure) [PSYoungGen: 620996K->31396K(645632K)] 621412K->31812K(2043904K), 0.0116158 secs] [Times: user=0.13 sys=0.00, real=0.01 secs] 
2020-09-29T17:49:45.463+0200: 4.696: [GC (Allocation Failure) [PSYoungGen: 623780K->49477K(638976K)] 624196K->49893K(2037248K), 0.0164457 secs] [Times: user=0.13 sys=0.00, real=0.02 secs] 
2020-09-29T17:49:45.531+0200: 4.764: [GC (Allocation Failure) [PSYoungGen: 636741K->35205K(643072K)] 637157K->35621K(2041344K), 0.0123720 secs] [Times: user=0.13 sys=0.00, real=0.01 secs] 
2020-09-29T17:49:45.597+0200: 4.829: [GC (Allocation Failure) [PSYoungGen: 622469K->34373K(646656K)] 622885K->34789K(2044928K), 0.0135962 secs] [Times: user=0.11 sys=0.00, real=0.01 secs] 
2020-09-29T17:49:45.663+0200: 4.896: [GC (Allocation Failure) [PSYoungGen: 627269K->24644K(645120K)] 627685K->25060K(2043392K), 0.0092740 secs] [Times: user=0.00 sys=0.00, real=0.01 secs] 
2020-09-29T17:49:45.723+0200: 4.956: [GC (Allocation Failure) [PSYoungGen: 617540K->29605K(647168K)] 617956K->30021K(2045440K), 0.0114094 secs] [Times: user=0.00 sys=0.00, real=0.01 secs] 
2020-09-29T17:49:45.786+0200: 5.018: [GC (Allocation Failure) [PSYoungGen: 624037K->36069K(646144K)] 624453K->36485K(2044416K), 0.0128225 secs] [Times: user=0.01 sys=0.00, real=0.01 secs] 
2020-09-29T17:49:45.850+0200: 5.083: [GC (Allocation Failure) [PSYoungGen: 630501K->27652K(648704K)] 630917K->28068K(2046976K), 0.0109558 secs] [Times: user=0.00 sys=0.00, real=0.01 secs] 
2020-09-29T17:49:45.912+0200: 5.145: [GC (Allocation Failure) [PSYoungGen: 625668K->37317K(648192K)] 626084K->37733K(2046464K), 0.0139005 secs] [Times: user=0.00 sys=0.02, real=0.01 secs] 
2020-09-29T17:49:45.977+0200: 5.210: [GC (Allocation Failure) [PSYoungGen: 635333K->31844K(650240K)] 635749K->32260K(2048512K), 0.0123836 secs] [Times: user=0.13 sys=0.00, real=0.01 secs] 
2020-09-29T17:49:46.041+0200: 5.274: [GC (Allocation Failure) [PSYoungGen: 632420K->44613K(645632K)] 632836K->45029K(2043904K), 0.0153406 secs] [Times: user=0.13 sys=0.00, real=0.02 secs] 
2020-09-29T17:49:46.108+0200: 5.341: [GC (Allocation Failure) [PSYoungGen: 645189K->43557K(644608K)] 645605K->43973K(2042880K), 0.0150083 secs] [Times: user=0.13 sys=0.00, real=0.01 secs] 
2020-09-29T17:49:46.176+0200: 5.409: [GC (Allocation Failure) [PSYoungGen: 636965K->49093K(642560K)] 637381K->49509K(2040832K), 0.0172233 secs] [Times: user=0.13 sys=0.00, real=0.02 secs] 
2020-09-29T17:49:46.244+0200: 5.477: [GC (Allocation Failure) [PSYoungGen: 642501K->24068K(642560K)] 642917K->24484K(2040832K), 0.0092971 secs] [Times: user=0.00 sys=0.00, real=0.01 secs] 
2020-09-29T17:49:46.305+0200: 5.538: [GC (Allocation Failure) [PSYoungGen: 610308K->49733K(636416K)] 610724K->50149K(2034688K), 0.0169529 secs] [Times: user=0.13 sys=0.00, real=0.02 secs] 
2020-09-29T17:49:46.372+0200: 5.605: [GC (Allocation Failure) [PSYoungGen: 635973K->19875K(637440K)] 636389K->20291K(2035712K), 0.0088450 secs] [Times: user=0.11 sys=0.00, real=0.01 secs] 
2020-09-29T17:49:46.431+0200: 5.664: [GC (Allocation Failure) [PSYoungGen: 597923K->35621K(638464K)] 598339K->36037K(2036736K), 0.0123679 secs] [Times: user=0.13 sys=0.00, real=0.01 secs] 
2020-09-29T17:49:46.492+0200: 5.725: [GC (Allocation Failure) [PSYoungGen: 613669K->39461K(641536K)] 614085K->39877K(2039808K), 0.0135012 secs] [Times: user=0.13 sys=0.00, real=0.01 secs] 
2020-09-29T17:49:46.557+0200: 5.790: [GC (Allocation Failure) [PSYoungGen: 623141K->34213K(641024K)] 623557K->34629K(2039296K), 0.0121324 secs] [Times: user=0.13 sys=0.00, real=0.01 secs] 
2020-09-29T17:49:46.621+0200: 5.853: [GC (Allocation Failure) [PSYoungGen: 617893K->27972K(644096K)] 618309K->28388K(2042368K), 0.0111807 secs] [Times: user=0.11 sys=0.00, real=0.01 secs] 
2020-09-29T17:49:46.689+0200: 5.922: [GC (Allocation Failure) [PSYoungGen: 616772K->26435K(643584K)] 617188K->26851K(2041856K), 0.0112162 secs] [Times: user=0.08 sys=0.00, real=0.01 secs] 
2020-09-29T17:49:46.750+0200: 5.983: [GC (Allocation Failure) [PSYoungGen: 615235K->25796K(645120K)] 615651K->26212K(2043392K), 0.0103133 secs] [Times: user=0.13 sys=0.00, real=0.01 secs] 
2020-09-29T17:49:46.815+0200: 6.047: [GC (Allocation Failure) [PSYoungGen: 616644K->42437K(633344K)] 617060K->42853K(2031616K), 0.0149671 secs] [Times: user=0.13 sys=0.00, real=0.01 secs] 
2020-09-29T17:49:46.882+0200: 6.115: [GC (Allocation Failure) [PSYoungGen: 633285K->44132K(640000K)] 633701K->44548K(2038272K), 0.0170000 secs] [Times: user=0.11 sys=0.00, real=0.02 secs] 
2020-09-29T17:49:46.950+0200: 6.183: [GC (Allocation Failure) [PSYoungGen: 629348K->27396K(642048K)] 629764K->27812K(2040320K), 0.0102520 secs] [Times: user=0.13 sys=0.00, real=0.01 secs] 
2020-09-29T17:49:47.011+0200: 6.244: [GC (Allocation Failure) [PSYoungGen: 612612K->38373K(643584K)] 613028K->38789K(2041856K), 0.0130867 secs] [Times: user=0.13 sys=0.00, real=0.01 secs] 
2020-09-29T17:49:47.077+0200: 6.310: [GC (Allocation Failure) [PSYoungGen: 626149K->22564K(643072K)] 626565K->22980K(2041344K), 0.0091343 secs] [Times: user=0.13 sys=0.00, real=0.01 secs] 
2020-09-29T17:49:47.140+0200: 6.373: [GC (Allocation Failure) [PSYoungGen: 610340K->49861K(635392K)] 610756K->50277K(2033664K), 0.0179895 secs] [Times: user=0.13 sys=0.00, real=0.02 secs] 
2020-09-29T17:49:47.208+0200: 6.440: [GC (Allocation Failure) [PSYoungGen: 629957K->14115K(594432K)] 630373K->14531K(1992704K), 0.0060426 secs] [Times: user=0.00 sys=0.00, real=0.01 secs] 
2020-09-29T17:49:47.270+0200: 6.503: [GC (Allocation Failure) [PSYoungGen: 594211K->47397K(633344K)] 594627K->47813K(2031616K), 0.0161609 secs] [Times: user=0.13 sys=0.00, real=0.02 secs] 
2020-09-29T17:49:47.338+0200: 6.571: [GC (Allocation Failure) [PSYoungGen: 620325K->31845K(635904K)] 620741K->32261K(2034176K), 0.0108857 secs] [Times: user=0.13 sys=0.00, real=0.01 secs] 
2020-09-29T17:49:47.398+0200: 6.631: [GC (Allocation Failure) [PSYoungGen: 604773K->30597K(640512K)] 605189K->31013K(2038784K), 0.0106303 secs] [Times: user=0.00 sys=0.00, real=0.01 secs] 
2020-09-29T17:49:47.460+0200: 6.693: [GC (Allocation Failure) [PSYoungGen: 610693K->35365K(638464K)] 611109K->35781K(2036736K), 0.0127477 secs] [Times: user=0.13 sys=0.00, real=0.01 secs] 
2020-09-29T17:49:47.524+0200: 6.756: [GC (Allocation Failure) [PSYoungGen: 615461K->41221K(641024K)] 615877K->41637K(2039296K), 0.0144200 secs] [Times: user=0.13 sys=0.00, real=0.01 secs] 
2020-09-29T17:49:47.590+0200: 6.822: [GC (Allocation Failure) [PSYoungGen: 625413K->51141K(635392K)] 625829K->51557K(2033664K), 0.0180005 secs] [Times: user=0.13 sys=0.00, real=0.02 secs] 
2020-09-29T17:49:47.659+0200: 6.891: [GC (Allocation Failure) [PSYoungGen: 635333K->32612K(639488K)] 635749K->33028K(2037760K), 0.0125724 secs] [Times: user=0.13 sys=0.00, real=0.01 secs] 
2020-09-29T17:49:47.723+0200: 6.955: [GC (Allocation Failure) [PSYoungGen: 611172K->22724K(637952K)] 611588K->23140K(2036224K), 0.0090939 secs] [Times: user=0.13 sys=0.00, real=0.01 secs] 
2020-09-29T17:49:47.783+0200: 7.015: [GC (Allocation Failure) [PSYoungGen: 601284K->40805K(640000K)] 601700K->41221K(2038272K), 0.0140778 secs] [Times: user=0.13 sys=0.00, real=0.01 secs] 
2020-09-29T17:49:47.848+0200: 7.081: [GC (Allocation Failure) [PSYoungGen: 621413K->47141K(628224K)] 621829K->47557K(2026496K), 0.0161815 secs] [Times: user=0.13 sys=0.01, real=0.02 secs] 
2020-09-29T17:49:47.916+0200: 7.149: [GC (Allocation Failure) [PSYoungGen: 627749K->39877K(638976K)] 628165K->40293K(2037248K), 0.0143623 secs] [Times: user=0.13 sys=0.00, real=0.02 secs] 
2020-09-29T17:49:47.981+0200: 7.213: [GC (Allocation Failure) [PSYoungGen: 617925K->43717K(637952K)] 618341K->44133K(2036224K), 0.0158557 secs] [Times: user=0.13 sys=0.00, real=0.02 secs] 
2020-09-29T17:49:48.052+0200: 7.284: [GC (Allocation Failure) [PSYoungGen: 621765K->46596K(635904K)] 622181K->47012K(2034176K), 0.0164599 secs] [Times: user=0.13 sys=0.00, real=0.02 secs] 
2020-09-29T17:49:48.118+0200: 7.350: [GC (Allocation Failure) [PSYoungGen: 622596K->32676K(637440K)] 623012K->33092K(2035712K), 0.0120156 secs] [Times: user=0.02 sys=0.00, real=0.01 secs] 
2020-09-29T17:49:48.184+0200: 7.416: [GC (Allocation Failure) [PSYoungGen: 608676K->20484K(636928K)] 609092K->20900K(2035200K), 0.0077766 secs] [Times: user=0.00 sys=0.00, real=0.01 secs] 
2020-09-29T17:49:48.259+0200: 7.491: [GC (Allocation Failure) [PSYoungGen: 597508K->35428K(637952K)] 597924K->35844K(2036224K), 0.0129975 secs] [Times: user=0.13 sys=0.00, real=0.01 secs] 
2020-09-29T17:49:48.324+0200: 7.556: [GC (Allocation Failure) [PSYoungGen: 612452K->38181K(642048K)] 612868K->38597K(2040320K), 0.0136902 secs] [Times: user=0.13 sys=0.00, real=0.01 secs] 
2020-09-29T17:49:48.389+0200: 7.621: [GC (Allocation Failure) [PSYoungGen: 621861K->33252K(640512K)] 622277K->33668K(2038784K), 0.0123651 secs] [Times: user=0.13 sys=0.00, real=0.01 secs] 
2020-09-29T17:49:48.454+0200: 7.686: [GC (Allocation Failure) [PSYoungGen: 616932K->25444K(643584K)] 617348K->25860K(2041856K), 0.0102569 secs] [Times: user=0.13 sys=0.00, real=0.01 secs] 
2020-09-29T17:49:48.519+0200: 7.751: [GC (Allocation Failure) [PSYoungGen: 613732K->25668K(643584K)] 614148K->26084K(2041856K), 0.0094966 secs] [Times: user=0.13 sys=0.00, real=0.01 secs] 
2020-09-29T17:49:48.582+0200: 7.814: [GC (Allocation Failure) [PSYoungGen: 613956K->20707K(643072K)] 614372K->21123K(2041344K), 0.0097087 secs] [Times: user=0.11 sys=0.00, real=0.01 secs] 
2020-09-29T17:49:48.644+0200: 7.876: [GC (Allocation Failure) [PSYoungGen: 608995K->19203K(643584K)] 609411K->19619K(2041856K), 0.0096673 secs] [Times: user=0.13 sys=0.00, real=0.01 secs] 
2020-09-29T17:49:48.704+0200: 7.936: [GC (Allocation Failure) [PSYoungGen: 607491K->31812K(646144K)] 607907K->32228K(2044416K), 0.0126845 secs] [Times: user=0.13 sys=0.00, real=0.01 secs] 
2020-09-29T17:49:48.767+0200: 7.999: [GC (Allocation Failure) [PSYoungGen: 622660K->32835K(643584K)] 623076K->33251K(2041856K), 0.0129272 secs] [Times: user=0.13 sys=0.00, real=0.01 secs] 
2020-09-29T17:49:48.830+0200: 8.062: [GC (Allocation Failure) [PSYoungGen: 622313K->18851K(646656K)] 622729K->19267K(2044928K), 0.0080293 secs] [Times: user=0.13 sys=0.00, real=0.01 secs] 
2020-09-29T17:49:48.892+0200: 8.124: [GC (Allocation Failure) [PSYoungGen: 614307K->40037K(635904K)] 614723K->40453K(2034176K), 0.0137100 secs] [Times: user=0.13 sys=0.00, real=0.01 secs] 
2020-09-29T17:49:48.962+0200: 8.194: [GC (Allocation Failure) [PSYoungGen: 635493K->33060K(647168K)] 635909K->33476K(2045440K), 0.0126405 secs] [Times: user=0.13 sys=0.00, real=0.01 secs] 
2020-09-29T17:49:49.029+0200: 8.262: [GC (Allocation Failure) [PSYoungGen: 626980K->36995K(645632K)] 627396K->37411K(2043904K), 0.0143244 secs] [Times: user=0.13 sys=0.00, real=0.01 secs] 
2020-09-29T17:49:49.095+0200: 8.327: [GC (Allocation Failure) [PSYoungGen: 630915K->29092K(648704K)] 631331K->29508K(2046976K), 0.0113208 secs] [Times: user=0.13 sys=0.00, real=0.01 secs] 
2020-09-29T17:49:49.161+0200: 8.393: [GC (Allocation Failure) [PSYoungGen: 626084K->23268K(647168K)] 626500K->23684K(2045440K), 0.0093633 secs] [Times: user=0.00 sys=0.00, real=0.01 secs] 
2020-09-29T17:49:49.232+0200: 8.465: [GC (Allocation Failure) [PSYoungGen: 620260K->31684K(650752K)] 620676K->32100K(2049024K), 0.0130258 secs] [Times: user=0.13 sys=0.00, real=0.01 secs] 
2020-09-29T17:49:49.301+0200: 8.533: [GC (Allocation Failure) [PSYoungGen: 632772K->31141K(649216K)] 633188K->31557K(2047488K), 0.0114051 secs] [Times: user=0.09 sys=0.00, real=0.01 secs] 
2020-09-29T17:49:49.363+0200: 8.596: [GC (Allocation Failure) [PSYoungGen: 632229K->30725K(653824K)] 632645K->31141K(2052096K), 0.0105407 secs] [Times: user=0.00 sys=0.02, real=0.01 secs] 
2020-09-29T17:49:49.428+0200: 8.660: [GC (Allocation Failure) [PSYoungGen: 637957K->22661K(652288K)] 638373K->23077K(2050560K), 0.0076170 secs] [Times: user=0.00 sys=0.00, real=0.01 secs] 
2020-09-29T17:49:49.491+0200: 8.723: [GC (Allocation Failure) [PSYoungGen: 629893K->45029K(637440K)] 630309K->56053K(2035712K), 0.0207645 secs] [Times: user=0.13 sys=0.00, real=0.02 secs] 
2020-09-29T17:49:49.564+0200: 8.796: [GC (Allocation Failure) [PSYoungGen: 637413K->32580K(645632K)] 648437K->43604K(2043904K), 0.0134424 secs] [Times: user=0.11 sys=0.00, real=0.01 secs] 
2020-09-29T17:49:49.630+0200: 8.862: [GC (Allocation Failure) [PSYoungGen: 624964K->37029K(648192K)] 635988K->48053K(2046464K), 0.0133555 secs] [Times: user=0.00 sys=0.00, real=0.01 secs] 
2020-09-29T17:49:49.694+0200: 8.926: [GC (Allocation Failure) [PSYoungGen: 634021K->44549K(642048K)] 645045K->55573K(2040320K), 0.0158947 secs] [Times: user=0.13 sys=0.00, real=0.02 secs] 
2020-09-29T17:49:49.761+0200: 8.994: [GC (Allocation Failure) [PSYoungGen: 641541K->39973K(644608K)] 652565K->50997K(2042880K), 0.0141960 secs] [Times: user=0.13 sys=0.00, real=0.02 secs] 
2020-09-29T17:49:49.827+0200: 9.059: [GC (Allocation Failure) [PSYoungGen: 631333K->29797K(645120K)] 642357K->40821K(2043392K), 0.0101973 secs] [Times: user=0.13 sys=0.00, real=0.01 secs] 
2020-09-29T17:49:49.894+0200: 9.126: [GC (Allocation Failure) [PSYoungGen: 621157K->31588K(647680K)] 632181K->42612K(2045952K), 0.0123860 secs] [Times: user=0.13 sys=0.00, real=0.01 secs] 
2020-09-29T17:49:49.958+0200: 9.190: [GC (Allocation Failure) [PSYoungGen: 626532K->37380K(646144K)] 637556K->48404K(2044416K), 0.0137339 secs] [Times: user=0.00 sys=0.00, real=0.01 secs] 
2020-09-29T17:49:50.022+0200: 9.254: [GC (Allocation Failure) [PSYoungGen: 632324K->29924K(648704K)] 643348K->40948K(2046976K), 0.0108758 secs] [Times: user=0.00 sys=0.00, real=0.01 secs] 
2020-09-29T17:49:50.086+0200: 9.318: [GC (Allocation Failure) [PSYoungGen: 627940K->50149K(648192K)] 638964K->64661K(2046464K), 0.0186037 secs] [Times: user=0.13 sys=0.00, real=0.02 secs] 
2020-09-29T17:49:50.156+0200: 9.388: [GC (Allocation Failure) [PSYoungGen: 648165K->50117K(631808K)] 662677K->64629K(2030080K), 0.0173043 secs] [Times: user=0.13 sys=0.00, real=0.02 secs] 
2020-09-29T17:49:50.223+0200: 9.455: [GC (Allocation Failure) [PSYoungGen: 631237K->43333K(640000K)] 645749K->57845K(2038272K), 0.0147995 secs] [Times: user=0.13 sys=0.00, real=0.01 secs] 
2020-09-29T17:49:50.287+0200: 9.519: [GC (Allocation Failure) [PSYoungGen: 624453K->19171K(636928K)] 638965K->33683K(2035200K), 0.0083681 secs] [Times: user=0.00 sys=0.00, real=0.01 secs] 
2020-09-29T17:49:50.344+0200: 9.576: [GC (Allocation Failure) [PSYoungGen: 597219K->19492K(638464K)] 611731K->34004K(2036736K), 0.0074005 secs] [Times: user=0.13 sys=0.00, real=0.01 secs] 
2020-09-29T17:49:50.401+0200: 9.634: [GC (Allocation Failure) [PSYoungGen: 597540K->36933K(640000K)] 612052K->51445K(2038272K), 0.0133288 secs] [Times: user=0.13 sys=0.00, real=0.01 secs] 
2020-09-29T17:49:50.464+0200: 9.696: [GC (Allocation Failure) [PSYoungGen: 616517K->22402K(638464K)] 631029K->36914K(2036736K), 0.0099553 secs] [Times: user=0.02 sys=0.00, real=0.01 secs] 
2020-09-29T17:49:50.523+0200: 9.756: [GC (Allocation Failure) [PSYoungGen: 601986K->27524K(641536K)] 616498K->42036K(2039808K), 0.0115577 secs] [Times: user=0.00 sys=0.00, real=0.01 secs] 
2020-09-29T17:49:50.586+0200: 9.818: [GC (Allocation Failure) [PSYoungGen: 610692K->35140K(640512K)] 625204K->49652K(2038784K), 0.0139900 secs] [Times: user=0.11 sys=0.00, real=0.01 secs] 
2020-09-29T17:49:50.653+0200: 9.885: [GC (Allocation Failure) [PSYoungGen: 618308K->29731K(645120K)] 632820K->44243K(2043392K), 0.0128480 secs] [Times: user=0.13 sys=0.00, real=0.01 secs] 
2020-09-29T17:49:50.716+0200: 9.948: [GC (Allocation Failure) [PSYoungGen: 619043K->31076K(643072K)] 633555K->45588K(2041344K), 0.0115501 secs] [Times: user=0.13 sys=0.00, real=0.01 secs] 
2020-09-29T17:49:50.778+0200: 10.010: [GC (Allocation Failure) [PSYoungGen: 620388K->32165K(648704K)] 634900K->46677K(2046976K), 0.0113256 secs] [Times: user=0.13 sys=0.00, real=0.01 secs] 
2020-09-29T17:49:50.840+0200: 10.072: [GC (Allocation Failure) [PSYoungGen: 628645K->25315K(646656K)] 643157K->39827K(2044928K), 0.0107750 secs] [Times: user=0.13 sys=0.00, real=0.01 secs] 
2020-09-29T17:49:50.902+0200: 10.134: [GC (Allocation Failure) [PSYoungGen: 621795K->33220K(650240K)] 636307K->47732K(2048512K), 0.0126387 secs] [Times: user=0.13 sys=0.00, real=0.01 secs] 
2020-09-29T17:49:50.970+0200: 10.202: [GC (Allocation Failure) [PSYoungGen: 633796K->48613K(649216K)] 648308K->74053K(2047488K), 0.0224480 secs] [Times: user=0.25 sys=0.00, real=0.02 secs] 
2020-09-29T17:49:51.044+0200: 10.277: [GC (Allocation Failure) [PSYoungGen: 649189K->44933K(630784K)] 674629K->70373K(2029056K), 0.0157710 secs] [Times: user=0.13 sys=0.00, real=0.02 secs] 
2020-09-29T17:49:51.111+0200: 10.343: [GC (Allocation Failure) [PSYoungGen: 626053K->38085K(640000K)] 651493K->63525K(2038272K), 0.0138863 secs] [Times: user=0.13 sys=0.00, real=0.01 secs] 
2020-09-29T17:49:51.175+0200: 10.407: [GC (Allocation Failure) [PSYoungGen: 619205K->30085K(642560K)] 644645K->55525K(2040832K), 0.0107686 secs] [Times: user=0.13 sys=0.00, real=0.01 secs] 
2020-09-29T17:49:51.236+0200: 10.468: [GC (Allocation Failure) [PSYoungGen: 615301K->36451K(641536K)] 640741K->61891K(2039808K), 0.0140209 secs] [Times: user=0.13 sys=0.00, real=0.01 secs] 
2020-09-29T17:49:51.299+0200: 10.531: [GC (Allocation Failure) [PSYoungGen: 621667K->19876K(642560K)] 647107K->45316K(2040832K), 0.0076879 secs] [Times: user=0.13 sys=0.00, real=0.01 secs] 
2020-09-29T17:49:51.357+0200: 10.590: [GC (Allocation Failure) [PSYoungGen: 608164K->32996K(643584K)] 633604K->58436K(2041856K), 0.0123591 secs] [Times: user=0.13 sys=0.00, real=0.01 secs] 
2020-09-29T17:49:51.420+0200: 10.652: [GC (Allocation Failure) [PSYoungGen: 621284K->47045K(639488K)] 646724K->72485K(2037760K), 0.0165612 secs] [Times: user=0.13 sys=0.00, real=0.02 secs] 
2020-09-29T17:49:51.487+0200: 10.719: [GC (Allocation Failure) [PSYoungGen: 633285K->31717K(642560K)] 658725K->57157K(2040832K), 0.0112735 secs] [Times: user=0.13 sys=0.00, real=0.01 secs] 
2020-09-29T17:49:51.548+0200: 10.780: [GC (Allocation Failure) [PSYoungGen: 617957K->30053K(645120K)] 643397K->55493K(2043392K), 0.0098431 secs] [Times: user=0.13 sys=0.00, real=0.01 secs] 
2020-09-29T17:49:51.614+0200: 10.846: [GC (Allocation Failure) [PSYoungGen: 620389K->31429K(644096K)] 645829K->56869K(2042368K), 0.0132922 secs] [Times: user=0.00 sys=0.00, real=0.01 secs] 
2020-09-29T17:49:51.682+0200: 10.914: [GC (Allocation Failure) [PSYoungGen: 621765K->18532K(644608K)] 647205K->43972K(2042880K), 0.0082159 secs] [Times: user=0.00 sys=0.00, real=0.01 secs] 
2020-09-29T17:49:51.744+0200: 10.976: [GC (Allocation Failure) [PSYoungGen: 610916K->36805K(645632K)] 636356K->62245K(2043904K), 0.0138626 secs] [Times: user=0.13 sys=0.00, real=0.01 secs] 
2020-09-29T17:49:51.809+0200: 11.042: [GC (Allocation Failure) [PSYoungGen: 629189K->41221K(644096K)] 654629K->66661K(2042368K), 0.0146410 secs] [Times: user=0.13 sys=0.00, real=0.01 secs] 
2020-09-29T17:49:51.875+0200: 11.107: [GC (Allocation Failure) [PSYoungGen: 632581K->44613K(636416K)] 658021K->70053K(2034688K), 0.0155652 secs] [Times: user=0.13 sys=0.00, real=0.02 secs] 
2020-09-29T17:49:51.941+0200: 11.173: [GC (Allocation Failure) [PSYoungGen: 635973K->33028K(644608K)] 661413K->58468K(2042880K), 0.0127000 secs] [Times: user=0.13 sys=0.00, real=0.01 secs] 
2020-09-29T17:49:52.004+0200: 11.236: [GC (Allocation Failure) [PSYoungGen: 621828K->19749K(643072K)] 647268K->45189K(2041344K), 0.0067121 secs] [Times: user=0.13 sys=0.00, real=0.01 secs] 
2020-09-29T17:49:52.062+0200: 11.294: [GC (Allocation Failure) [PSYoungGen: 608549K->47941K(637952K)] 633989K->73381K(2036224K), 0.0164534 secs] [Times: user=0.13 sys=0.00, real=0.02 secs] 
2020-09-29T17:49:52.129+0200: 11.361: [GC (Allocation Failure) [PSYoungGen: 631109K->43237K(626688K)] 656549K->68677K(2024960K), 0.0150518 secs] [Times: user=0.13 sys=0.00, real=0.02 secs] 
2020-09-29T17:49:52.194+0200: 11.427: [GC (Allocation Failure) [PSYoungGen: 626405K->37316K(641536K)] 651845K->62756K(2039808K), 0.0138063 secs] [Times: user=0.13 sys=0.00, real=0.01 secs] 
2020-09-29T17:49:52.258+0200: 11.490: [GC (Allocation Failure) [PSYoungGen: 619972K->32005K(640000K)] 645412K->57445K(2038272K), 0.0114192 secs] [Times: user=0.02 sys=0.00, real=0.01 secs] 
2020-09-29T17:49:52.320+0200: 11.552: [GC (Allocation Failure) [PSYoungGen: 614661K->40452K(643072K)] 640101K->65892K(2041344K), 0.0145063 secs] [Times: user=0.13 sys=0.00, real=0.01 secs] 
2020-09-29T17:49:52.385+0200: 11.617: [GC (Allocation Failure) [PSYoungGen: 627716K->38531K(643072K)] 653156K->63971K(2041344K), 0.0146032 secs] [Times: user=0.13 sys=0.00, real=0.01 secs] 
2020-09-29T17:49:52.449+0200: 11.681: [GC (Allocation Failure) [PSYoungGen: 625795K->24132K(644096K)] 651235K->49572K(2042368K), 0.0090308 secs] [Times: user=0.13 sys=0.00, real=0.01 secs] 
2020-09-29T17:49:52.508+0200: 11.741: [GC (Allocation Failure) [PSYoungGen: 613444K->39205K(644096K)] 638884K->64645K(2042368K), 0.0131524 secs] [Times: user=0.13 sys=0.00, real=0.01 secs] 
2020-09-29T17:49:52.572+0200: 11.805: [GC (Allocation Failure) [PSYoungGen: 628517K->25764K(644608K)] 653957K->51204K(2042880K), 0.0105185 secs] [Times: user=0.11 sys=0.00, real=0.01 secs] 
2020-09-29T17:49:52.636+0200: 11.868: [GC (Allocation Failure) [PSYoungGen: 616100K->40644K(631296K)] 641540K->66084K(2029568K), 0.0156342 secs] [Times: user=0.13 sys=0.00, real=0.02 secs] 
2020-09-29T17:49:52.703+0200: 11.935: [GC (Allocation Failure) [PSYoungGen: 630980K->29381K(645120K)] 656420K->54821K(2043392K), 0.0112096 secs] [Times: user=0.13 sys=0.00, real=0.01 secs] 
2020-09-29T17:49:52.765+0200: 11.997: [GC (Allocation Failure) [PSYoungGen: 619717K->45541K(635904K)] 645157K->70981K(2034176K), 0.0156001 secs] [Times: user=0.13 sys=0.00, real=0.02 secs] 
2020-09-29T17:49:52.831+0200: 12.063: [GC (Allocation Failure) [PSYoungGen: 635877K->18595K(641024K)] 661317K->44035K(2039296K), 0.0075381 secs] [Times: user=0.13 sys=0.00, real=0.01 secs] 
2020-09-29T17:49:52.888+0200: 12.121: [GC (Allocation Failure) [PSYoungGen: 603811K->43237K(628736K)] 629251K->68677K(2027008K), 0.0147887 secs] [Times: user=0.13 sys=0.00, real=0.02 secs] 
2020-09-29T17:49:52.954+0200: 12.186: [GC (Allocation Failure) [PSYoungGen: 628453K->39653K(641536K)] 653893K->65093K(2039808K), 0.0142948 secs] [Times: user=0.13 sys=0.00, real=0.01 secs] 
2020-09-29T17:49:53.018+0200: 12.251: [GC (Allocation Failure) [PSYoungGen: 623333K->35397K(641024K)] 648773K->60837K(2039296K), 0.0125416 secs] [Times: user=0.13 sys=0.00, real=0.01 secs] 
2020-09-29T17:49:53.081+0200: 12.314: [GC (Allocation Failure) [PSYoungGen: 619077K->30949K(644608K)] 644517K->56389K(2042880K), 0.0112891 secs] [Times: user=0.13 sys=0.00, real=0.01 secs] 
2020-09-29T17:49:53.144+0200: 12.376: [GC (Allocation Failure) [PSYoungGen: 620261K->32325K(643584K)] 645701K->57765K(2041856K), 0.0112737 secs] [Times: user=0.13 sys=0.00, real=0.01 secs] 
2020-09-29T17:49:53.207+0200: 12.440: [GC (Allocation Failure) [PSYoungGen: 621637K->33733K(647680K)] 647077K->59173K(2045952K), 0.0122126 secs] [Times: user=0.13 sys=0.00, real=0.01 secs] 
2020-09-29T17:49:53.270+0200: 12.502: [GC (Allocation Failure) [PSYoungGen: 628677K->25733K(646144K)] 654117K->51173K(2044416K), 0.0091049 secs] [Times: user=0.00 sys=0.00, real=0.01 secs] 
2020-09-29T17:49:53.330+0200: 12.563: [GC (Allocation Failure) [PSYoungGen: 620677K->46373K(642048K)] 646117K->71813K(2040320K), 0.0164045 secs] [Times: user=0.11 sys=0.00, real=0.02 secs] 
2020-09-29T17:49:53.399+0200: 12.631: [GC (Allocation Failure) [PSYoungGen: 637733K->36165K(645120K)] 663173K->61605K(2043392K), 0.0129261 secs] [Times: user=0.13 sys=0.00, real=0.01 secs] 
2020-09-29T17:49:53.462+0200: 12.695: [GC (Allocation Failure) [PSYoungGen: 627525K->39620K(646656K)] 652965K->65060K(2044928K), 0.0147138 secs] [Times: user=0.13 sys=0.00, real=0.02 secs] 
2020-09-29T17:49:53.527+0200: 12.760: [GC (Allocation Failure) [PSYoungGen: 634052K->31588K(646656K)] 659492K->57028K(2044928K), 0.0122788 secs] [Times: user=0.13 sys=0.00, real=0.01 secs] 
2020-09-29T17:49:53.592+0200: 12.824: [GC (Allocation Failure) [PSYoungGen: 626020K->37060K(648192K)] 651460K->62500K(2046464K), 0.0153969 secs] [Times: user=0.11 sys=0.00, real=0.02 secs] 
2020-09-29T17:49:53.660+0200: 12.893: [GC (Allocation Failure) [PSYoungGen: 634052K->46117K(643584K)] 659492K->71557K(2041856K), 0.0177323 secs] [Times: user=0.16 sys=0.02, real=0.02 secs] 
2020-09-29T17:49:53.729+0200: 12.962: [GC (Allocation Failure) [PSYoungGen: 643109K->41509K(645632K)] 668549K->66949K(2043904K), 0.0139707 secs] [Times: user=0.13 sys=0.00, real=0.01 secs] 
2020-09-29T17:49:53.794+0200: 13.026: [GC (Allocation Failure) [PSYoungGen: 633893K->32293K(645632K)] 659333K->57733K(2043904K), 0.0115329 secs] [Times: user=0.13 sys=0.00, real=0.01 secs] 
2020-09-29T17:49:53.856+0200: 13.088: [GC (Allocation Failure) [PSYoungGen: 624677K->21315K(644608K)] 650117K->46755K(2042880K), 0.0092268 secs] [Times: user=0.13 sys=0.00, real=0.01 secs] 
2020-09-29T17:49:53.916+0200: 13.148: [GC (Allocation Failure) [PSYoungGen: 613699K->38756K(645632K)] 639139K->64196K(2043904K), 0.0141089 secs] [Times: user=0.13 sys=0.00, real=0.01 secs] 
2020-09-29T17:49:53.981+0200: 13.213: [GC (Allocation Failure) [PSYoungGen: 631140K->29605K(646656K)] 656580K->55045K(2044928K), 0.0106199 secs] [Times: user=0.13 sys=0.00, real=0.01 secs] 
2020-09-29T17:49:54.043+0200: 13.275: [GC (Allocation Failure) [PSYoungGen: 623013K->35109K(645632K)] 648453K->60549K(2043904K), 0.0123900 secs] [Times: user=0.13 sys=0.00, real=0.01 secs] 
2020-09-29T17:49:54.106+0200: 13.338: [GC (Allocation Failure) [PSYoungGen: 628517K->26885K(648192K)] 653957K->52325K(2046464K), 0.0093046 secs] [Times: user=0.13 sys=0.00, real=0.01 secs] 
2020-09-29T17:49:54.166+0200: 13.398: [GC (Allocation Failure) [PSYoungGen: 624389K->34789K(648192K)] 649829K->60229K(2046464K), 0.0128335 secs] [Times: user=0.13 sys=0.00, real=0.01 secs] 
2020-09-29T17:49:54.230+0200: 13.463: [GC (Allocation Failure) [PSYoungGen: 632293K->28837K(650240K)] 657733K->54277K(2048512K), 0.0112981 secs] [Times: user=0.13 sys=0.00, real=0.01 secs] 
2020-09-29T17:49:54.296+0200: 13.529: [GC (Allocation Failure) [PSYoungGen: 629925K->28389K(649728K)] 655365K->53829K(2048000K), 0.0109133 secs] [Times: user=0.13 sys=0.00, real=0.02 secs] 
2020-09-29T17:49:54.376+0200: 13.608: [GC (Allocation Failure) [PSYoungGen: 629477K->41573K(647680K)] 654917K->67013K(2045952K), 0.0144165 secs] [Times: user=0.13 sys=0.00, real=0.01 secs] 
2020-09-29T17:49:54.441+0200: 13.674: [GC (Allocation Failure) [PSYoungGen: 641125K->24835K(649216K)] 666565K->50275K(2047488K), 0.0099417 secs] [Times: user=0.11 sys=0.00, real=0.01 secs] 
2020-09-29T17:49:54.503+0200: 13.735: [GC (Allocation Failure) [PSYoungGen: 624387K->49637K(640000K)] 649827K->75541K(2038272K), 0.0167856 secs] [Times: user=0.13 sys=0.00, real=0.02 secs] 
2020-09-29T17:49:54.571+0200: 13.803: [GC (Allocation Failure) [PSYoungGen: 639973K->38981K(644608K)] 665877K->64885K(2042880K), 0.0143173 secs] [Times: user=0.11 sys=0.00, real=0.01 secs] 
2020-09-29T17:49:54.637+0200: 13.870: [GC (Allocation Failure) [PSYoungGen: 629317K->41220K(644096K)] 655221K->67124K(2042368K), 0.0150225 secs] [Times: user=0.13 sys=0.00, real=0.02 secs] 
2020-09-29T17:49:54.704+0200: 13.937: [GC (Allocation Failure) [PSYoungGen: 631556K->29924K(644608K)] 657460K->55828K(2042880K), 0.0114112 secs] [Times: user=0.13 sys=0.00, real=0.01 secs] 
2020-09-29T17:49:54.766+0200: 13.998: [GC (Allocation Failure) [PSYoungGen: 620260K->31108K(646656K)] 646164K->57012K(2044928K), 0.0124220 secs] [Times: user=0.11 sys=0.00, real=0.01 secs] 
2020-09-29T17:49:54.831+0200: 14.064: [GC (Allocation Failure) [PSYoungGen: 624004K->49765K(643072K)] 649908K->75669K(2041344K), 0.0180137 secs] [Times: user=0.24 sys=0.00, real=0.02 secs] 
2020-09-29T17:49:54.902+0200: 14.135: [GC (Allocation Failure) [PSYoungGen: 642661K->25796K(643072K)] 668565K->51700K(2041344K), 0.0104913 secs] [Times: user=0.13 sys=0.00, real=0.01 secs] 
2020-09-29T17:49:54.966+0200: 14.199: [GC (Allocation Failure) [PSYoungGen: 613060K->38789K(643072K)] 638964K->64693K(2041344K), 0.0149899 secs] [Times: user=0.13 sys=0.00, real=0.01 secs] 
2020-09-29T17:49:55.033+0200: 14.266: [GC (Allocation Failure) [PSYoungGen: 626053K->24517K(643584K)] 651957K->50421K(2041856K), 0.0084692 secs] [Times: user=0.13 sys=0.00, real=0.01 secs] 
2020-09-29T17:49:55.092+0200: 14.325: [GC (Allocation Failure) [PSYoungGen: 612805K->21124K(643584K)] 638709K->47028K(2041856K), 0.0082242 secs] [Times: user=0.13 sys=0.00, real=0.01 secs] 
2020-09-29T17:49:55.151+0200: 14.383: [GC (Allocation Failure) [PSYoungGen: 609412K->48869K(636416K)] 635316K->74773K(2034688K), 0.0168424 secs] [Times: user=0.13 sys=0.00, real=0.02 secs] 
2020-09-29T17:49:55.218+0200: 14.451: [GC (Allocation Failure) [PSYoungGen: 629989K->42117K(623616K)] 655893K->68021K(2021888K), 0.0154160 secs] [Times: user=0.13 sys=0.00, real=0.02 secs] 
2020-09-29T17:49:55.284+0200: 14.516: [GC (Allocation Failure) [PSYoungGen: 623237K->35269K(642048K)] 649141K->61173K(2040320K), 0.0129731 secs] [Times: user=0.13 sys=0.00, real=0.01 secs] 
2020-09-29T17:49:55.347+0200: 14.579: [GC (Allocation Failure) [PSYoungGen: 617925K->29315K(639488K)] 643829K->55219K(2037760K), 0.0118915 secs] [Times: user=0.13 sys=0.00, real=0.01 secs] 
2020-09-29T17:49:55.408+0200: 14.641: [GC (Allocation Failure) [PSYoungGen: 611971K->37765K(644096K)] 637875K->63669K(2042368K), 0.0131139 secs] [Times: user=0.13 sys=0.00, real=0.01 secs] 
2020-09-29T17:49:55.471+0200: 14.704: [GC (Allocation Failure) [PSYoungGen: 626053K->38149K(643072K)] 651957K->64053K(2041344K), 0.0133265 secs] [Times: user=0.13 sys=0.00, real=0.01 secs] 
2020-09-29T17:49:55.535+0200: 14.768: [GC (Allocation Failure) [PSYoungGen: 626437K->52197K(636416K)] 652341K->78101K(2034688K), 0.0177757 secs] [Times: user=0.25 sys=0.00, real=0.02 secs] 
2020-09-29T17:49:55.604+0200: 14.837: [GC (Allocation Failure) [PSYoungGen: 634341K->32164K(640512K)] 660245K->58068K(2038784K), 0.0130574 secs] [Times: user=0.11 sys=0.00, real=0.01 secs] 
2020-09-29T17:49:55.668+0200: 14.900: [GC (Allocation Failure) [PSYoungGen: 614308K->40037K(642560K)] 640212K->65941K(2040832K), 0.0133835 secs] [Times: user=0.13 sys=0.00, real=0.01 secs] 
2020-09-29T17:49:55.732+0200: 14.965: [GC (Allocation Failure) [PSYoungGen: 625253K->21986K(641536K)] 651157K->47890K(2039808K), 0.0104103 secs] [Times: user=0.13 sys=0.00, real=0.01 secs] 
2020-09-29T17:49:55.792+0200: 15.025: [GC (Allocation Failure) [PSYoungGen: 607202K->18180K(640000K)] 633106K->44084K(2038272K), 0.0070382 secs] [Times: user=0.00 sys=0.00, real=0.01 secs] 
2020-09-29T17:49:55.849+0200: 15.082: [GC (Allocation Failure) [PSYoungGen: 601348K->25828K(641024K)] 627252K->51732K(2039296K), 0.0098601 secs] [Times: user=0.00 sys=0.00, real=0.01 secs] 
2020-09-29T17:49:55.909+0200: 15.141: [GC (Allocation Failure) [PSYoungGen: 608996K->48421K(634880K)] 634900K->74325K(2033152K), 0.0169095 secs] [Times: user=0.14 sys=0.00, real=0.02 secs] 
2020-09-29T17:49:55.976+0200: 15.209: [GC (Allocation Failure) [PSYoungGen: 626469K->24869K(638464K)] 652373K->50773K(2036736K), 0.0091472 secs] [Times: user=0.00 sys=0.00, real=0.01 secs] 
2020-09-29T17:49:56.035+0200: 15.268: [GC (Allocation Failure) [PSYoungGen: 602917K->42085K(638464K)] 628821K->67989K(2036736K), 0.0150144 secs] [Times: user=0.13 sys=0.00, real=0.01 secs] 
2020-09-29T17:49:56.099+0200: 15.332: [GC (Allocation Failure) [PSYoungGen: 621157K->30915K(638976K)] 647061K->56819K(2037248K), 0.0126592 secs] [Times: user=0.00 sys=0.00, real=0.01 secs] 
2020-09-29T17:49:56.162+0200: 15.395: [GC (Allocation Failure) [PSYoungGen: 609987K->35781K(642560K)] 635891K->61685K(2040832K), 0.0130126 secs] [Times: user=0.00 sys=0.00, real=0.01 secs] 
2020-09-29T17:49:56.226+0200: 15.458: [GC (Allocation Failure) [PSYoungGen: 620485K->46309K(631296K)] 646389K->72213K(2029568K), 0.0164653 secs] [Times: user=0.13 sys=0.00, real=0.02 secs] 
2020-09-29T17:49:56.292+0200: 15.525: [GC (Allocation Failure) [PSYoungGen: 631013K->42981K(639488K)] 656917K->68885K(2037760K), 0.0150913 secs] [Times: user=0.13 sys=0.00, real=0.01 secs] 
2020-09-29T17:49:56.357+0200: 15.590: [GC (Allocation Failure) [PSYoungGen: 624101K->49829K(631296K)] 650005K->75733K(2029568K), 0.0170769 secs] [Times: user=0.13 sys=0.00, real=0.02 secs] 
2020-09-29T17:49:56.424+0200: 15.657: [GC (Allocation Failure) [PSYoungGen: 630949K->29381K(637952K)] 656853K->55285K(2036224K), 0.0110868 secs] [Times: user=0.13 sys=0.00, real=0.01 secs] 
2020-09-29T17:49:56.484+0200: 15.717: [GC (Allocation Failure) [PSYoungGen: 605381K->31011K(636928K)] 631285K->56915K(2035200K), 0.0120575 secs] [Times: user=0.13 sys=0.00, real=0.01 secs] 
2020-09-29T17:49:56.546+0200: 15.778: [GC (Allocation Failure) [PSYoungGen: 607011K->46501K(636416K)] 632915K->72405K(2034688K), 0.0162980 secs] [Times: user=0.13 sys=0.00, real=0.02 secs] 
2020-09-29T17:49:56.615+0200: 15.847: [GC (Allocation Failure) [PSYoungGen: 623525K->49157K(626688K)] 649429K->75061K(2024960K), 0.0191430 secs] [Times: user=0.11 sys=0.00, real=0.02 secs] 
2020-09-29T17:49:56.687+0200: 15.919: [GC (Allocation Failure) [PSYoungGen: 626181K->37221K(637952K)] 652085K->63125K(2036224K), 0.0147729 secs] [Times: user=0.13 sys=0.00, real=0.01 secs] 
2020-09-29T17:49:56.752+0200: 15.984: [GC (Allocation Failure) [PSYoungGen: 612197K->22148K(635904K)] 638101K->48052K(2034176K), 0.0096528 secs] [Times: user=0.11 sys=0.00, real=0.01 secs] 
2020-09-29T17:49:56.810+0200: 16.043: [GC (Allocation Failure) [PSYoungGen: 597124K->22885K(637440K)] 623028K->48789K(2035712K), 0.0090293 secs] [Times: user=0.13 sys=0.00, real=0.01 secs] 
2020-09-29T17:49:56.869+0200: 16.101: [GC (Allocation Failure) [PSYoungGen: 598885K->24228K(637440K)] 624789K->50132K(2035712K), 0.0092969 secs] [Times: user=0.00 sys=0.00, real=0.01 secs] 
2020-09-29T17:49:56.927+0200: 16.160: [GC (Allocation Failure) [PSYoungGen: 600228K->36612K(640000K)] 626132K->62516K(2038272K), 0.0137232 secs] [Times: user=0.00 sys=0.00, real=0.01 secs] 
2020-09-29T17:49:56.991+0200: 16.223: [GC (Allocation Failure) [PSYoungGen: 616196K->26244K(638464K)] 642100K->52148K(2036736K), 0.0100131 secs] [Times: user=0.00 sys=0.00, real=0.01 secs] 
2020-09-29T17:49:57.051+0200: 16.283: [GC (Allocation Failure) [PSYoungGen: 605828K->31300K(643072K)] 631732K->57204K(2041344K), 0.0118356 secs] [Times: user=0.13 sys=0.00, real=0.01 secs] 
2020-09-29T17:49:57.113+0200: 16.345: [GC (Allocation Failure) [PSYoungGen: 616516K->28260K(641024K)] 642420K->54164K(2039296K), 0.0109531 secs] [Times: user=0.13 sys=0.00, real=0.01 secs] 
2020-09-29T17:49:57.174+0200: 16.406: [GC (Allocation Failure) [PSYoungGen: 613476K->23043K(645120K)] 639380K->48947K(2043392K), 0.0092919 secs] [Times: user=0.13 sys=0.00, real=0.01 secs] 
2020-09-29T17:49:57.234+0200: 16.466: [GC (Allocation Failure) [PSYoungGen: 613891K->37508K(644608K)] 639795K->63412K(2042880K), 0.0142231 secs] [Times: user=0.13 sys=0.00, real=0.01 secs] 
2020-09-29T17:49:57.299+0200: 16.531: [GC (Allocation Failure) [PSYoungGen: 628356K->25764K(646144K)] 654260K->51668K(2044416K), 0.0101248 secs] [Times: user=0.13 sys=0.00, real=0.01 secs] 
2020-09-29T17:49:57.360+0200: 16.593: [GC (Allocation Failure) [PSYoungGen: 618148K->43909K(636416K)] 644052K->69813K(2034688K), 0.0149372 secs] [Times: user=0.13 sys=0.00, real=0.02 secs] 
2020-09-29T17:49:57.426+0200: 16.658: [GC (Allocation Failure) [PSYoungGen: 636293K->33764K(645632K)] 662197K->59668K(2043904K), 0.0124577 secs] [Times: user=0.13 sys=0.00, real=0.01 secs] 
2020-09-29T17:49:57.489+0200: 16.721: [GC (Allocation Failure) [PSYoungGen: 624100K->36197K(643584K)] 650004K->62101K(2041856K), 0.0131813 secs] [Times: user=0.00 sys=0.00, real=0.01 secs] 
2020-09-29T17:49:57.553+0200: 16.785: [GC (Allocation Failure) [PSYoungGen: 626533K->23907K(646656K)] 652437K->49811K(2044928K), 0.0099827 secs] [Times: user=0.00 sys=0.00, real=0.01 secs] 
2020-09-29T17:49:57.616+0200: 16.848: [GC (Allocation Failure) [PSYoungGen: 617827K->52197K(646144K)] 643731K->83125K(2044416K), 0.0210919 secs] [Times: user=0.13 sys=0.00, real=0.02 secs] 
2020-09-29T17:49:57.688+0200: 16.920: [GC (Allocation Failure) [PSYoungGen: 646117K->35333K(636928K)] 677045K->66261K(2035200K), 0.0120768 secs] [Times: user=0.13 sys=0.00, real=0.01 secs] 
2020-09-29T17:49:57.750+0200: 16.982: [GC (Allocation Failure) [PSYoungGen: 619525K->30980K(641536K)] 650453K->61908K(2039808K), 0.0119837 secs] [Times: user=0.13 sys=0.00, real=0.01 secs] 
2020-09-29T17:49:57.815+0200: 17.047: [GC (Allocation Failure) [PSYoungGen: 615172K->40868K(643072K)] 646100K->71796K(2041344K), 0.0160438 secs] [Times: user=0.13 sys=0.00, real=0.02 secs] 
2020-09-29T17:49:57.884+0200: 17.117: [GC (Allocation Failure) [PSYoungGen: 628132K->40100K(643072K)] 659060K->71028K(2041344K), 0.0154184 secs] [Times: user=0.13 sys=0.00, real=0.02 secs] 
2020-09-29T17:49:57.953+0200: 17.185: [GC (Allocation Failure) [PSYoungGen: 627364K->38116K(644096K)] 658292K->69044K(2042368K), 0.0164155 secs] [Times: user=0.11 sys=0.00, real=0.02 secs] 
2020-09-29T17:49:58.021+0200: 17.254: [GC (Allocation Failure) [PSYoungGen: 626404K->50821K(639488K)] 657332K->81749K(2037760K), 0.0176048 secs] [Times: user=0.13 sys=0.00, real=0.02 secs] 
2020-09-29T17:49:58.090+0200: 17.322: [GC (Allocation Failure) [PSYoungGen: 639109K->51301K(634368K)] 670037K->82229K(2032640K), 0.0173917 secs] [Times: user=0.13 sys=0.00, real=0.02 secs] 
2020-09-29T17:49:58.157+0200: 17.389: [GC (Allocation Failure) [PSYoungGen: 627301K->39301K(637440K)] 658229K->70229K(2035712K), 0.0132824 secs] [Times: user=0.13 sys=0.00, real=0.01 secs] 
2020-09-29T17:49:58.220+0200: 17.452: [GC (Allocation Failure) [PSYoungGen: 615301K->40196K(641024K)] 646229K->71124K(2039296K), 0.0158191 secs] [Times: user=0.13 sys=0.00, real=0.01 secs] 
2020-09-29T17:49:58.285+0200: 17.518: [GC (Allocation Failure) [PSYoungGen: 621828K->20068K(639488K)] 652756K->50996K(2037760K), 0.0074188 secs] [Times: user=0.03 sys=0.00, real=0.01 secs] 
2020-09-29T17:49:58.343+0200: 17.575: [GC (Allocation Failure) [PSYoungGen: 601700K->41157K(640512K)] 632628K->72085K(2038784K), 0.0140020 secs] [Times: user=0.13 sys=0.00, real=0.01 secs] 
2020-09-29T17:49:58.407+0200: 17.640: [GC (Allocation Failure) [PSYoungGen: 622277K->34341K(639488K)] 653205K->65269K(2037760K), 0.0126673 secs] [Times: user=0.13 sys=0.00, real=0.01 secs] 
2020-09-29T17:49:58.471+0200: 17.703: [GC (Allocation Failure) [PSYoungGen: 615461K->41253K(642560K)] 646389K->72181K(2040832K), 0.0138966 secs] [Times: user=0.13 sys=0.00, real=0.01 secs] 
2020-09-29T17:49:58.535+0200: 17.767: [GC (Allocation Failure) [PSYoungGen: 626981K->39013K(642048K)] 657909K->69941K(2040320K), 0.0137554 secs] [Times: user=0.13 sys=0.00, real=0.01 secs] 
2020-09-29T17:49:58.600+0200: 17.833: [GC (Allocation Failure) [PSYoungGen: 624741K->22949K(642560K)] 655669K->53877K(2040832K), 0.0081157 secs] [Times: user=0.00 sys=0.00, real=0.01 secs] 
2020-09-29T17:49:58.660+0200: 17.893: [GC (Allocation Failure) [PSYoungGen: 610213K->36004K(643072K)] 641141K->66932K(2041344K), 0.0135986 secs] [Times: user=0.01 sys=0.02, real=0.01 secs] 
2020-09-29T17:49:58.725+0200: 17.957: [GC (Allocation Failure) [PSYoungGen: 623268K->35301K(646656K)] 654196K->66229K(2044928K), 0.0127672 secs] [Times: user=0.00 sys=0.00, real=0.01 secs] 
2020-09-29T17:49:58.789+0200: 18.021: [GC (Allocation Failure) [PSYoungGen: 627685K->25093K(644608K)] 658613K->56021K(2042880K), 0.0098432 secs] [Times: user=0.00 sys=0.00, real=0.01 secs] 
2020-09-29T17:49:58.851+0200: 18.083: [GC (Allocation Failure) [PSYoungGen: 617477K->43237K(643072K)] 648405K->74165K(2041344K), 0.0145096 secs] [Times: user=0.13 sys=0.00, real=0.01 secs] 
2020-09-29T17:49:58.916+0200: 18.148: [GC (Allocation Failure) [PSYoungGen: 633573K->32005K(644608K)] 664501K->62933K(2042880K), 0.0119035 secs] [Times: user=0.13 sys=0.00, real=0.01 secs] 
2020-09-29T17:49:58.978+0200: 18.211: [GC (Allocation Failure) [PSYoungGen: 622341K->34116K(647680K)] 653269K->65044K(2045952K), 0.0122884 secs] [Times: user=0.13 sys=0.00, real=0.01 secs] 
2020-09-29T17:49:59.042+0200: 18.275: [GC (Allocation Failure) [PSYoungGen: 629060K->41157K(646144K)] 659988K->72085K(2044416K), 0.0143099 secs] [Times: user=0.13 sys=0.00, real=0.01 secs] 
2020-09-29T17:49:59.107+0200: 18.339: [GC (Allocation Failure) [PSYoungGen: 636101K->31396K(647680K)] 667029K->62324K(2045952K), 0.0117370 secs] [Times: user=0.13 sys=0.00, real=0.01 secs] 
2020-09-29T17:49:59.170+0200: 18.402: [GC (Allocation Failure) [PSYoungGen: 626852K->37668K(646656K)] 657780K->68596K(2044928K), 0.0134282 secs] [Times: user=0.13 sys=0.00, real=0.01 secs] 
2020-09-29T17:49:59.235+0200: 18.467: [GC (Allocation Failure) [PSYoungGen: 633124K->31557K(649216K)] 664052K->62485K(2047488K), 0.0122184 secs] [Times: user=0.13 sys=0.00, real=0.01 secs] 
2020-09-29T17:49:59.301+0200: 18.533: [GC (Allocation Failure) [PSYoungGen: 630597K->42661K(642048K)] 661525K->73589K(2040320K), 0.0151045 secs] [Times: user=0.00 sys=0.00, real=0.01 secs] 
2020-09-29T17:49:59.367+0200: 18.599: [GC (Allocation Failure) [PSYoungGen: 641701K->26405K(647680K)] 672629K->57333K(2045952K), 0.0085997 secs] [Times: user=0.00 sys=0.00, real=0.01 secs] 
2020-09-29T17:49:59.427+0200: 18.659: [GC (Allocation Failure) [PSYoungGen: 622885K->48677K(645632K)] 653813K->79605K(2043904K), 0.0166597 secs] [Times: user=0.13 sys=0.00, real=0.02 secs] 
2020-09-29T17:49:59.494+0200: 18.726: [GC (Allocation Failure) [PSYoungGen: 645157K->27907K(643584K)] 676085K->58835K(2041856K), 0.0110242 secs] [Times: user=0.13 sys=0.00, real=0.01 secs] 
2020-09-29T17:49:59.557+0200: 18.789: [GC (Allocation Failure) [PSYoungGen: 618243K->44005K(634368K)] 649171K->74933K(2032640K), 0.0155183 secs] [Times: user=0.13 sys=0.00, real=0.02 secs] 
2020-09-29T17:49:59.625+0200: 18.858: [GC (Allocation Failure) [PSYoungGen: 634341K->32837K(644608K)] 665269K->63765K(2042880K), 0.0128693 secs] [Times: user=0.11 sys=0.00, real=0.01 secs] 
2020-09-29T17:49:59.690+0200: 18.922: [GC (Allocation Failure) [PSYoungGen: 622149K->17891K(607232K)] 653077K->48819K(2005504K), 0.0080711 secs] [Times: user=0.13 sys=0.00, real=0.01 secs] 
2020-09-29T17:49:59.749+0200: 18.982: [GC (Allocation Failure) [PSYoungGen: 607203K->31395K(645120K)] 638131K->62323K(2043392K), 0.0124070 secs] [Times: user=0.13 sys=0.00, real=0.01 secs] 
2020-09-29T17:49:59.814+0200: 19.046: [GC (Allocation Failure) [PSYoungGen: 620707K->44996K(643072K)] 651635K->75924K(2041344K), 0.0174838 secs] [Times: user=0.13 sys=0.00, real=0.02 secs] 
2020-09-29T17:49:59.882+0200: 19.115: [GC (Allocation Failure) [PSYoungGen: 634308K->46405K(637952K)] 665236K->77333K(2036224K), 0.0162026 secs] [Times: user=0.13 sys=0.00, real=0.02 secs] 
2020-09-29T17:49:59.948+0200: 19.181: [GC (Allocation Failure) [PSYoungGen: 628549K->26116K(640512K)] 659477K->57044K(2038784K), 0.0104262 secs] [Times: user=0.13 sys=0.00, real=0.01 secs] 
2020-09-29T17:50:00.010+0200: 19.242: [GC (Allocation Failure) [PSYoungGen: 608260K->47653K(636928K)] 639188K->78581K(2035200K), 0.0179926 secs] [Times: user=0.13 sys=0.00, real=0.02 secs] 
2020-09-29T17:50:00.078+0200: 19.310: [GC (Allocation Failure) [PSYoungGen: 626725K->24197K(638976K)] 657653K->55125K(2037248K), 0.0085323 secs] [Times: user=0.13 sys=0.00, real=0.01 secs] 
2020-09-29T17:50:00.136+0200: 19.368: [GC (Allocation Failure) [PSYoungGen: 603269K->42725K(637952K)] 634197K->73653K(2036224K), 0.0153824 secs] [Times: user=0.13 sys=0.00, real=0.02 secs] 
2020-09-29T17:50:00.200+0200: 19.433: [GC (Allocation Failure) [PSYoungGen: 620773K->32388K(638464K)] 651701K->63316K(2036736K), 0.0120981 secs] [Times: user=0.13 sys=0.00, real=0.01 secs] 
2020-09-29T17:50:00.263+0200: 19.496: [GC (Allocation Failure) [PSYoungGen: 610436K->49861K(634368K)] 641364K->80789K(2032640K), 0.0174547 secs] [Times: user=0.13 sys=0.00, real=0.02 secs] 
2020-09-29T17:50:00.330+0200: 19.563: [GC (Allocation Failure) [PSYoungGen: 625861K->21475K(637440K)] 656789K->52403K(2035712K), 0.0092596 secs] [Times: user=0.13 sys=0.00, real=0.01 secs] 
2020-09-29T17:50:00.388+0200: 19.621: [GC (Allocation Failure) [PSYoungGen: 597475K->22596K(637440K)] 628403K->53524K(2035712K), 0.0084259 secs] [Times: user=0.13 sys=0.00, real=0.01 secs] 
2020-09-29T17:50:00.446+0200: 19.679: [GC (Allocation Failure) [PSYoungGen: 598596K->23012K(637440K)] 629524K->53940K(2035712K), 0.0089316 secs] [Times: user=0.00 sys=0.00, real=0.01 secs] 
2020-09-29T17:50:00.505+0200: 19.737: [GC (Allocation Failure) [PSYoungGen: 599012K->38469K(638976K)] 629940K->69397K(2037248K), 0.0129704 secs] [Times: user=0.00 sys=0.00, real=0.01 secs] 
2020-09-29T17:50:00.570+0200: 19.803: [GC (Allocation Failure) [PSYoungGen: 617029K->28067K(638464K)] 647957K->58995K(2036736K), 0.0119131 secs] [Times: user=0.00 sys=0.00, real=0.01 secs] 
2020-09-29T17:50:00.634+0200: 19.866: [GC (Allocation Failure) [PSYoungGen: 606627K->31908K(643072K)] 637555K->62836K(2041344K), 0.0136709 secs] [Times: user=0.13 sys=0.00, real=0.01 secs] 
2020-09-29T17:50:00.698+0200: 19.930: [GC (Allocation Failure) [PSYoungGen: 617124K->28484K(641024K)] 648052K->59412K(2039296K), 0.0110546 secs] [Times: user=0.13 sys=0.00, real=0.01 secs] 
2020-09-29T17:50:00.760+0200: 19.993: [GC (Allocation Failure) [PSYoungGen: 613700K->53157K(633344K)] 644628K->84085K(2031616K), 0.0182652 secs] [Times: user=0.13 sys=0.00, real=0.02 secs] 
2020-09-29T17:50:00.828+0200: 20.061: [GC (Allocation Failure) [PSYoungGen: 632229K->30085K(638976K)] 663157K->61013K(2037248K), 0.0107855 secs] [Times: user=0.13 sys=0.00, real=0.01 secs] 
2020-09-29T17:50:00.890+0200: 20.123: [GC (Allocation Failure) [PSYoungGen: 609157K->48645K(634880K)] 640085K->79573K(2033152K), 0.0169853 secs] [Times: user=0.13 sys=0.00, real=0.02 secs] 
2020-09-29T17:50:00.957+0200: 20.189: [GC (Allocation Failure) [PSYoungGen: 625669K->37668K(637952K)] 656597K->68596K(2036224K), 0.0136422 secs] [Times: user=0.13 sys=0.00, real=0.01 secs] 
2020-09-29T17:50:01.021+0200: 20.254: [GC (Allocation Failure) [PSYoungGen: 614692K->26725K(640512K)] 645620K->57653K(2038784K), 0.0124701 secs] [Times: user=0.00 sys=0.00, real=0.01 secs] 
2020-09-29T17:50:01.086+0200: 20.318: [GC (Allocation Failure) [PSYoungGen: 607845K->32836K(639488K)] 638773K->63764K(2037760K), 0.0145233 secs] [Times: user=0.11 sys=0.00, real=0.01 secs] 
2020-09-29T17:50:01.151+0200: 20.384: [GC (Allocation Failure) [PSYoungGen: 613956K->8962K(637440K)] 644884K->39890K(2035712K), 0.0049821 secs] [Times: user=0.00 sys=0.00, real=0.00 secs] 
2020-09-29T17:50:01.206+0200: 20.439: [GC (Allocation Failure) [PSYoungGen: 590082K->29477K(640000K)] 621010K->60405K(2038272K), 0.0105293 secs] [Times: user=0.13 sys=0.00, real=0.01 secs] 
2020-09-29T17:50:01.267+0200: 20.500: [GC (Allocation Failure) [PSYoungGen: 610597K->36261K(643072K)] 641525K->67189K(2041344K), 0.0130007 secs] [Times: user=0.13 sys=0.00, real=0.01 secs] 
2020-09-29T17:50:01.331+0200: 20.564: [GC (Allocation Failure) [PSYoungGen: 623013K->32708K(642560K)] 653941K->63636K(2040832K), 0.0124292 secs] [Times: user=0.13 sys=0.00, real=0.01 secs] 
2020-09-29T17:50:01.396+0200: 20.629: [GC (Allocation Failure) [PSYoungGen: 619460K->45221K(640000K)] 650388K->76149K(2038272K), 0.0168468 secs] [Times: user=0.13 sys=0.00, real=0.02 secs] 
2020-09-29T17:50:01.466+0200: 20.698: [GC (Allocation Failure) [PSYoungGen: 631461K->43557K(630272K)] 662389K->74485K(2028544K), 0.0188376 secs] [Times: user=0.11 sys=0.00, real=0.02 secs] 
2020-09-29T17:50:01.538+0200: 20.770: [GC (Allocation Failure) [PSYoungGen: 629797K->26180K(642048K)] 660725K->57108K(2040320K), 0.0112589 secs] [Times: user=0.00 sys=0.00, real=0.01 secs] 
2020-09-29T17:50:01.601+0200: 20.834: [GC (Allocation Failure) [PSYoungGen: 610372K->35620K(641024K)] 641300K->66548K(2039296K), 0.0142484 secs] [Times: user=0.11 sys=0.00, real=0.01 secs] 
2020-09-29T17:50:01.667+0200: 20.899: [GC (Allocation Failure) [PSYoungGen: 619812K->45445K(639488K)] 650740K->76373K(2037760K), 0.0159054 secs] [Times: user=0.13 sys=0.00, real=0.02 secs] 
2020-09-29T17:50:01.733+0200: 20.965: [GC (Allocation Failure) [PSYoungGen: 629637K->28004K(641536K)] 660565K->58932K(2039808K), 0.0107815 secs] [Times: user=0.13 sys=0.00, real=0.01 secs] 
2020-09-29T17:50:01.793+0200: 21.026: [GC (Allocation Failure) [PSYoungGen: 612196K->51653K(634368K)] 643124K->82581K(2032640K), 0.0172607 secs] [Times: user=0.13 sys=0.00, real=0.02 secs] 
2020-09-29T17:50:01.860+0200: 21.093: [GC (Allocation Failure) [PSYoungGen: 629701K->27715K(638464K)] 660629K->58643K(2036736K), 0.0114396 secs] [Times: user=0.13 sys=0.00, real=0.01 secs] 
2020-09-29T17:50:01.922+0200: 21.155: [GC (Allocation Failure) [PSYoungGen: 605763K->45189K(636416K)] 636691K->76117K(2034688K), 0.0155991 secs] [Times: user=0.13 sys=0.00, real=0.02 secs] 
2020-09-29T17:50:01.988+0200: 21.221: [GC (Allocation Failure) [PSYoungGen: 622213K->47973K(625152K)] 653141K->78901K(2023424K), 0.0211229 secs] [Times: user=0.23 sys=0.00, real=0.02 secs] 
2020-09-29T17:50:02.060+0200: 21.293: [GC (Allocation Failure) [PSYoungGen: 624997K->22373K(635904K)] 655925K->53301K(2034176K), 0.0101867 secs] [Times: user=0.13 sys=0.00, real=0.01 secs] 
2020-09-29T17:50:02.119+0200: 21.352: [GC (Allocation Failure) [PSYoungGen: 595301K->34725K(635904K)] 626229K->65653K(2034176K), 0.0159203 secs] [Times: user=0.13 sys=0.00, real=0.02 secs] 
2020-09-29T17:50:02.185+0200: 21.417: [GC (Allocation Failure) [PSYoungGen: 607653K->47109K(635392K)] 638581K->78037K(2033664K), 0.0206726 secs] [Times: user=0.13 sys=0.00, real=0.02 secs] 
2020-09-29T17:50:02.255+0200: 21.487: [GC (Allocation Failure) [PSYoungGen: 622085K->34213K(636928K)] 653013K->65141K(2035200K), 0.0152646 secs] [Times: user=0.13 sys=0.00, real=0.01 secs] 
2020-09-29T17:50:02.319+0200: 21.552: [GC (Allocation Failure) [PSYoungGen: 609189K->33797K(640512K)] 640117K->64725K(2038784K), 0.0149274 secs] [Times: user=0.13 sys=0.00, real=0.02 secs] 
2020-09-29T17:50:02.385+0200: 21.618: [GC (Allocation Failure) [PSYoungGen: 614405K->40197K(638976K)] 645333K->71125K(2037248K), 0.0182388 secs] [Times: user=0.11 sys=0.00, real=0.02 secs] 
2020-09-29T17:50:02.454+0200: 21.687: [GC (Allocation Failure) [PSYoungGen: 620805K->46565K(638464K)] 651733K->77493K(2036736K), 0.0205787 secs] [Times: user=0.25 sys=0.00, real=0.02 secs] 
2020-09-29T17:50:02.524+0200: 21.757: [GC (Allocation Failure) [PSYoungGen: 627685K->38724K(640000K)] 658613K->69652K(2038272K), 0.0182597 secs] [Times: user=0.13 sys=0.00, real=0.02 secs] 
2020-09-29T17:50:02.594+0200: 21.827: [GC (Allocation Failure) [PSYoungGen: 619844K->45637K(639488K)] 650772K->76565K(2037760K), 0.0214754 secs] [Times: user=0.22 sys=0.00, real=0.02 secs] 
2020-09-29T17:50:02.667+0200: 21.899: [GC (Allocation Failure) [PSYoungGen: 627781K->25381K(640512K)] 658709K->56309K(2038784K), 0.0107547 secs] [Times: user=0.13 sys=0.00, real=0.01 secs] 
2020-09-29T17:50:02.727+0200: 21.960: [GC (Allocation Failure) [PSYoungGen: 607525K->47045K(637440K)] 638453K->77973K(2035712K), 0.0210421 secs] [Times: user=0.13 sys=0.00, real=0.02 secs] 
2020-09-29T17:50:02.798+0200: 22.031: [GC (Allocation Failure) [PSYoungGen: 626117K->36324K(638976K)] 657045K->67252K(2037248K), 0.0171448 secs] [Times: user=0.13 sys=0.00, real=0.02 secs] 
2020-09-29T17:50:02.865+0200: 22.098: [GC (Allocation Failure) [PSYoungGen: 615396K->41157K(641536K)] 646324K->72085K(2039808K), 0.0182632 secs] [Times: user=0.13 sys=0.00, real=0.02 secs] 
2020-09-29T17:50:02.933+0200: 22.166: [GC (Allocation Failure) [PSYoungGen: 624325K->36357K(640512K)] 655253K->67285K(2038784K), 0.0165675 secs] [Times: user=0.11 sys=0.00, real=0.02 secs] 
2020-09-29T17:50:03.003+0200: 22.236: [GC (Allocation Failure) [PSYoungGen: 619525K->45381K(641024K)] 650453K->76309K(2039296K), 0.0200217 secs] [Times: user=0.25 sys=0.00, real=0.02 secs] 
2020-09-29T17:50:03.073+0200: 22.306: [GC (Allocation Failure) [PSYoungGen: 630597K->42661K(642048K)] 661525K->73589K(2040320K), 0.0189216 secs] [Times: user=0.13 sys=0.00, real=0.02 secs] 
2020-09-29T17:50:03.142+0200: 22.375: [GC (Allocation Failure) [PSYoungGen: 627877K->24357K(640512K)] 658805K->55285K(2038784K), 0.0107873 secs] [Times: user=0.13 sys=0.00, real=0.01 secs] 
2020-09-29T17:50:03.204+0200: 22.436: [GC (Allocation Failure) [PSYoungGen: 608549K->34373K(641536K)] 639477K->65301K(2039808K), 0.0156842 secs] [Times: user=0.13 sys=0.00, real=0.02 secs] 
2020-09-29T17:50:03.270+0200: 22.502: [GC (Allocation Failure) [PSYoungGen: 618565K->30597K(643584K)] 649493K->61525K(2041856K), 0.0141913 secs] [Times: user=0.00 sys=0.00, real=0.01 secs] 
2020-09-29T17:50:03.334+0200: 22.566: [GC (Allocation Failure) [PSYoungGen: 618373K->44165K(632320K)] 649301K->75093K(2030592K), 0.0195768 secs] [Times: user=0.13 sys=0.00, real=0.02 secs] 
2020-09-29T17:50:03.404+0200: 22.637: [GC (Allocation Failure) [PSYoungGen: 631941K->26212K(642560K)] 662869K->57140K(2040832K), 0.0125984 secs] [Times: user=0.13 sys=0.00, real=0.01 secs] 
2020-09-29T17:50:03.469+0200: 22.702: [GC (Allocation Failure) [PSYoungGen: 612452K->21507K(608256K)] 643380K->52435K(2006528K), 0.0108007 secs] [Times: user=0.13 sys=0.00, real=0.01 secs] 
2020-09-29T17:50:03.533+0200: 22.766: [GC (Allocation Failure) [PSYoungGen: 607747K->16708K(640000K)] 638675K->47636K(2038272K), 0.0074822 secs] [Times: user=0.13 sys=0.00, real=0.01 secs] 
2020-09-29T17:50:03.591+0200: 22.824: [GC (Allocation Failure) [PSYoungGen: 599876K->52965K(636416K)] 630804K->83893K(2034688K), 0.0246335 secs] [Times: user=0.22 sys=0.00, real=0.02 secs] 
2020-09-29T17:50:03.669+0200: 22.902: [GC (Allocation Failure) [PSYoungGen: 636133K->33956K(638976K)] 667061K->64884K(2037248K), 0.0157062 secs] [Times: user=0.13 sys=0.00, real=0.02 secs] 
2020-09-29T17:50:03.734+0200: 22.967: [GC (Allocation Failure) [PSYoungGen: 610468K->22084K(636416K)] 641396K->53012K(2034688K), 0.0111284 secs] [Times: user=0.08 sys=0.00, real=0.01 secs] 
2020-09-29T17:50:03.794+0200: 23.027: [GC (Allocation Failure) [PSYoungGen: 598596K->38053K(640000K)] 629524K->68981K(2038272K), 0.0165959 secs] [Times: user=0.13 sys=0.00, real=0.02 secs] 
2020-09-29T17:50:03.861+0200: 23.094: [GC (Allocation Failure) [PSYoungGen: 618149K->43973K(638976K)] 649077K->74901K(2037248K), 0.0198383 secs] [Times: user=0.25 sys=0.00, real=0.02 secs] 
2020-09-29T17:50:03.930+0200: 23.163: [GC (Allocation Failure) [PSYoungGen: 624069K->20354K(638976K)] 654997K->51282K(2037248K), 0.0119717 secs] [Times: user=0.13 sys=0.00, real=0.01 secs] 
2020-09-29T17:50:03.993+0200: 23.226: [GC (Allocation Failure) [PSYoungGen: 599426K->38917K(638976K)] 630354K->69845K(2037248K), 0.0166516 secs] [Times: user=0.13 sys=0.00, real=0.02 secs] 
2020-09-29T17:50:04.062+0200: 23.295: [GC (Allocation Failure) [PSYoungGen: 617989K->28708K(641024K)] 648917K->59636K(2039296K), 0.0139241 secs] [Times: user=0.13 sys=0.00, real=0.01 secs] 
2020-09-29T17:50:04.132+0200: 23.365: [GC (Allocation Failure) [PSYoungGen: 610340K->36101K(639488K)] 641268K->67029K(2037760K), 0.0164566 secs] [Times: user=0.13 sys=0.00, real=0.02 secs] 
2020-09-29T17:50:04.200+0200: 23.433: [GC (Allocation Failure) [PSYoungGen: 617733K->43493K(639488K)] 648661K->74421K(2037760K), 0.0197079 secs] [Times: user=0.13 sys=0.00, real=0.02 secs] 
2020-09-29T17:50:04.270+0200: 23.503: [GC (Allocation Failure) [PSYoungGen: 626661K->38725K(641024K)] 657589K->69653K(2039296K), 0.0168757 secs] [Times: user=0.13 sys=0.00, real=0.02 secs] 
2020-09-29T17:50:04.336+0200: 23.569: [GC (Allocation Failure) [PSYoungGen: 621893K->47621K(636928K)] 652821K->78549K(2035200K), 0.0209975 secs] [Times: user=0.13 sys=0.00, real=0.02 secs] 
2020-09-29T17:50:04.407+0200: 23.640: [GC (Allocation Failure) [PSYoungGen: 627717K->39717K(639488K)] 658645K->70645K(2037760K), 0.0173296 secs] [Times: user=0.13 sys=0.00, real=0.02 secs] 
2020-09-29T17:50:04.474+0200: 23.707: [GC (Allocation Failure) [PSYoungGen: 619813K->45541K(638464K)] 650741K->76469K(2036736K), 0.0202856 secs] [Times: user=0.13 sys=0.00, real=0.02 secs] 
2020-09-29T17:50:04.544+0200: 23.777: [GC (Allocation Failure) [PSYoungGen: 625637K->23684K(639488K)] 656565K->54612K(2037760K), 0.0112171 secs] [Times: user=0.13 sys=0.00, real=0.01 secs] 
2020-09-29T17:50:04.606+0200: 23.839: [GC (Allocation Failure) [PSYoungGen: 603780K->29477K(640512K)] 634708K->60405K(2038784K), 0.0136004 secs] [Times: user=0.11 sys=0.00, real=0.01 secs] 
2020-09-29T17:50:04.672+0200: 23.905: [GC (Allocation Failure) [PSYoungGen: 610597K->50085K(631296K)] 641525K->81013K(2029568K), 0.0220053 secs] [Times: user=0.25 sys=0.00, real=0.02 secs] 
2020-09-29T17:50:04.744+0200: 23.977: [GC (Allocation Failure) [PSYoungGen: 631205K->43301K(637440K)] 662133K->74229K(2035712K), 0.0191199 secs] [Times: user=0.13 sys=0.00, real=0.02 secs] 
2020-09-29T17:50:04.813+0200: 24.045: [GC (Allocation Failure) [PSYoungGen: 619301K->31364K(637440K)] 650229K->62292K(2035712K), 0.0144653 secs] [Times: user=0.13 sys=0.00, real=0.01 secs] 
2020-09-29T17:50:04.880+0200: 24.113: [GC (Allocation Failure) [PSYoungGen: 607364K->46757K(636416K)] 638292K->77685K(2034688K), 0.0211171 secs] [Times: user=0.13 sys=0.00, real=0.02 secs] 
2020-09-29T17:50:04.951+0200: 24.183: [GC (Allocation Failure) [PSYoungGen: 622757K->48517K(624640K)] 653685K->79445K(2022912K), 0.0208061 secs] [Times: user=0.13 sys=0.00, real=0.02 secs] 
2020-09-29T17:50:05.022+0200: 24.255: [GC (Allocation Failure) [PSYoungGen: 624517K->36549K(637952K)] 655445K->67477K(2036224K), 0.0165407 secs] [Times: user=0.13 sys=0.00, real=0.02 secs] 
2020-09-29T17:50:05.090+0200: 24.323: [GC (Allocation Failure) [PSYoungGen: 611525K->37285K(635904K)] 642453K->68213K(2034176K), 0.0161350 secs] [Times: user=0.13 sys=0.00, real=0.02 secs] 
2020-09-29T17:50:05.156+0200: 24.389: [GC (Allocation Failure) [PSYoungGen: 612261K->23139K(638464K)] 643189K->54067K(2036736K), 0.0128354 secs] [Times: user=0.13 sys=0.00, real=0.01 secs] 
2020-09-29T17:50:05.223+0200: 24.456: [GC (Allocation Failure) [PSYoungGen: 602211K->55397K(634880K)] 633139K->86325K(2033152K), 0.0239901 secs] [Times: user=0.13 sys=0.00, real=0.02 secs] 
2020-09-29T17:50:05.297+0200: 24.530: [GC (Allocation Failure) [PSYoungGen: 634469K->60293K(623616K)] 665397K->91221K(2021888K), 0.0255680 secs] [Times: user=0.25 sys=0.00, real=0.03 secs] 
2020-09-29T17:50:05.370+0200: 24.603: [GC (Allocation Failure) [PSYoungGen: 619909K->45605K(629248K)] 650837K->76533K(2027520K), 0.0196162 secs] [Times: user=0.13 sys=0.00, real=0.02 secs] 
2020-09-29T17:50:05.438+0200: 24.671: [GC (Allocation Failure) [PSYoungGen: 605221K->44068K(632320K)] 636149K->74996K(2030592K), 0.0198758 secs] [Times: user=0.25 sys=0.00, real=0.02 secs] 
2020-09-29T17:50:05.506+0200: 24.739: [GC (Allocation Failure) [PSYoungGen: 607780K->46244K(630272K)] 638708K->77172K(2028544K), 0.0211627 secs] [Times: user=0.13 sys=0.00, real=0.02 secs] 
2020-09-29T17:50:05.576+0200: 24.809: [GC (Allocation Failure) [PSYoungGen: 609956K->35717K(634368K)] 640884K->66645K(2032640K), 0.0173089 secs] [Times: user=0.11 sys=0.00, real=0.02 secs] 
2020-09-29T17:50:05.644+0200: 24.877: [GC (Allocation Failure) [PSYoungGen: 604037K->43557K(632832K)] 634965K->74485K(2031104K), 0.0192244 secs] [Times: user=0.23 sys=0.00, real=0.02 secs] 
2020-09-29T17:50:05.713+0200: 24.946: [GC (Allocation Failure) [PSYoungGen: 611877K->22019K(632832K)] 642805K->52947K(2031104K), 0.0117017 secs] [Times: user=0.13 sys=0.00, real=0.01 secs] 
2020-09-29T17:50:05.777+0200: 25.010: [GC (Allocation Failure) [PSYoungGen: 591875K->31140K(634368K)] 622803K->62068K(2032640K), 0.0155589 secs] [Times: user=0.11 sys=0.00, real=0.02 secs] 
2020-09-29T17:50:05.846+0200: 25.079: [GC (Allocation Failure) [PSYoungGen: 600996K->26628K(635904K)] 631924K->57556K(2034176K), 0.0128514 secs] [Times: user=0.13 sys=0.00, real=0.01 secs] 
2020-09-29T17:50:05.909+0200: 25.142: [GC (Allocation Failure) [PSYoungGen: 599044K->37796K(635392K)] 629972K->68724K(2033664K), 0.0179807 secs] [Times: user=0.16 sys=0.00, real=0.02 secs] 
2020-09-29T17:50:05.976+0200: 25.209: [GC (Allocation Failure) [PSYoungGen: 610212K->36005K(640000K)] 641140K->66933K(2038272K), 0.0162255 secs] [Times: user=0.13 sys=0.00, real=0.02 secs] 
2020-09-29T17:50:06.043+0200: 25.276: [GC (Allocation Failure) [PSYoungGen: 615589K->41349K(638464K)] 646517K->72277K(2036736K), 0.0179527 secs] [Times: user=0.13 sys=0.00, real=0.02 secs] 
2020-09-29T17:50:06.111+0200: 25.344: [GC (Allocation Failure) [PSYoungGen: 620933K->32292K(642048K)] 651861K->63220K(2040320K), 0.0159788 secs] [Times: user=0.13 sys=0.00, real=0.02 secs] 
2020-09-29T17:50:06.177+0200: 25.410: [GC (Allocation Failure) [PSYoungGen: 616484K->42277K(641024K)] 647412K->73205K(2039296K), 0.0182789 secs] [Times: user=0.13 sys=0.00, real=0.02 secs] 
2020-09-29T17:50:06.245+0200: 25.478: [GC (Allocation Failure) [PSYoungGen: 626469K->38565K(643584K)] 657397K->69493K(2041856K), 0.0166824 secs] [Times: user=0.13 sys=0.00, real=0.02 secs] 
2020-09-29T17:50:06.312+0200: 25.545: [GC (Allocation Failure) [PSYoungGen: 625317K->35748K(642048K)] 656245K->66676K(2040320K), 0.0166938 secs] [Times: user=0.13 sys=0.00, real=0.02 secs] 
2020-09-29T17:50:06.378+0200: 25.611: [GC (Allocation Failure) [PSYoungGen: 622500K->34596K(646144K)] 653428K->65524K(2044416K), 0.0169980 secs] [Times: user=0.16 sys=0.00, real=0.02 secs] 
2020-09-29T17:50:06.446+0200: 25.679: [GC (Allocation Failure) [PSYoungGen: 626980K->39013K(645120K)] 657908K->69941K(2043392K), 0.0165498 secs] [Times: user=0.13 sys=0.00, real=0.02 secs] 
2020-09-29T17:50:06.513+0200: 25.746: [GC (Allocation Failure) [PSYoungGen: 631397K->41381K(647168K)] 662325K->72309K(2045440K), 0.0189204 secs] [Times: user=0.13 sys=0.00, real=0.02 secs] 
2020-09-29T17:50:06.584+0200: 25.816: [GC (Allocation Failure) [PSYoungGen: 636837K->34532K(647168K)] 667765K->65460K(2045440K), 0.0207117 secs] [Times: user=0.11 sys=0.00, real=0.02 secs] 
2020-09-29T17:50:06.657+0200: 25.889: [GC (Allocation Failure) [PSYoungGen: 629988K->42085K(646656K)] 660916K->73013K(2044928K), 0.0183211 secs] [Times: user=0.13 sys=0.00, real=0.02 secs] 
2020-09-29T17:50:06.726+0200: 25.958: [GC (Allocation Failure) [PSYoungGen: 637541K->22148K(617984K)] 668469K->53076K(2016256K), 0.0105164 secs] [Times: user=0.00 sys=0.00, real=0.01 secs] 
2020-09-29T17:50:06.788+0200: 26.020: [GC (Allocation Failure) [PSYoungGen: 617604K->29669K(646656K)] 648532K->60597K(2044928K), 0.0125788 secs] [Times: user=0.00 sys=0.00, real=0.01 secs] 
2020-09-29T17:50:06.855+0200: 26.087: [GC (Allocation Failure) [PSYoungGen: 623589K->35524K(646144K)] 654517K->66452K(2044416K), 0.0172170 secs] [Times: user=0.13 sys=0.00, real=0.02 secs] 
2020-09-29T17:50:06.922+0200: 26.154: [GC (Allocation Failure) [PSYoungGen: 629444K->25027K(647168K)] 660372K->55955K(2045440K), 0.0133414 secs] [Times: user=0.13 sys=0.00, real=0.01 secs] 
2020-09-29T17:50:06.986+0200: 26.218: [GC (Allocation Failure) [PSYoungGen: 621507K->47365K(644096K)] 652435K->78293K(2042368K), 0.0209857 secs] [Times: user=0.25 sys=0.00, real=0.02 secs] 
2020-09-29T17:50:07.059+0200: 26.291: [GC (Allocation Failure) [PSYoungGen: 643845K->28485K(645120K)] 674773K->59413K(2043392K), 0.0143761 secs] [Times: user=0.13 sys=0.00, real=0.01 secs] 
2020-09-29T17:50:07.127+0200: 26.359: [GC (Allocation Failure) [PSYoungGen: 619333K->31525K(644608K)] 650261K->62453K(2042880K), 0.0160345 secs] [Times: user=0.13 sys=0.00, real=0.02 secs] 
2020-09-29T17:50:07.201+0200: 26.433: [GC (Allocation Failure) [PSYoungGen: 622373K->33219K(647680K)] 653301K->64147K(2045952K), 0.0180835 secs] [Times: user=0.13 sys=0.00, real=0.02 secs] 
2020-09-29T17:50:07.271+0200: 26.503: [GC (Allocation Failure) [PSYoungGen: 628163K->40229K(646144K)] 659091K->71157K(2044416K), 0.0193735 secs] [Times: user=0.13 sys=0.00, real=0.02 secs] 
2020-09-29T17:50:07.344+0200: 26.576: [GC (Allocation Failure) [PSYoungGen: 635173K->47205K(642048K)] 666101K->78133K(2040320K), 0.0222811 secs] [Times: user=0.25 sys=0.00, real=0.02 secs] 
2020-09-29T17:50:07.417+0200: 26.649: [GC (Allocation Failure) [PSYoungGen: 637541K->35844K(644608K)] 668469K->66772K(2042880K), 0.0182469 secs] [Times: user=0.13 sys=0.00, real=0.02 secs] 
2020-09-29T17:50:07.490+0200: 26.722: [GC (Allocation Failure) [PSYoungGen: 626180K->23812K(645120K)] 657108K->54740K(2043392K), 0.0128319 secs] [Times: user=0.00 sys=0.00, real=0.01 secs] 
2020-09-29T17:50:07.553+0200: 26.785: [GC (Allocation Failure) [PSYoungGen: 616196K->28324K(645632K)] 647124K->59252K(2043904K), 0.0145769 secs] [Times: user=0.02 sys=0.00, real=0.02 secs] 
2020-09-29T17:50:07.619+0200: 26.851: [GC (Allocation Failure) [PSYoungGen: 620708K->31940K(647680K)] 651636K->62868K(2045952K), 0.0175898 secs] [Times: user=0.11 sys=0.00, real=0.02 secs] 
2020-09-29T17:50:07.689+0200: 26.921: [GC (Allocation Failure) [PSYoungGen: 626884K->37028K(646144K)] 657812K->67956K(2044416K), 0.0184782 secs] [Times: user=0.14 sys=0.02, real=0.02 secs] 
2020-09-29T17:50:07.759+0200: 26.991: [GC (Allocation Failure) [PSYoungGen: 631972K->16549K(645120K)] 662900K->47477K(2043392K), 0.0070634 secs] [Times: user=0.00 sys=0.00, real=0.01 secs] 
2020-09-29T17:50:07.825+0200: 27.057: [GC (Allocation Failure) [PSYoungGen: 610981K->50373K(645120K)] 641909K->81301K(2043392K), 0.0233211 secs] [Times: user=0.14 sys=0.00, real=0.02 secs] 
2020-09-29T17:50:07.899+0200: 27.131: [GC (Allocation Failure) [PSYoungGen: 644805K->29541K(642048K)] 675733K->60469K(2040320K), 0.0136742 secs] [Times: user=0.13 sys=0.00, real=0.01 secs] 
2020-09-29T17:50:07.973+0200: 27.205: [GC (Allocation Failure) [PSYoungGen: 617829K->28484K(643584K)] 648757K->59412K(2041856K), 0.0149135 secs] [Times: user=0.13 sys=0.00, real=0.01 secs] 
2020-09-29T17:50:08.038+0200: 27.270: [GC (Allocation Failure) [PSYoungGen: 616772K->41924K(642560K)] 647700K->72852K(2040832K), 0.0215200 secs] [Times: user=0.13 sys=0.00, real=0.02 secs] 
2020-09-29T17:50:08.109+0200: 27.341: [GC (Allocation Failure) [PSYoungGen: 630212K->9122K(597504K)] 661140K->40050K(1995776K), 0.0062184 secs] [Times: user=0.13 sys=0.00, real=0.01 secs] 
2020-09-29T17:50:08.167+0200: 27.399: [GC (Allocation Failure) [PSYoungGen: 597410K->35684K(642560K)] 628338K->66612K(2040832K), 0.0184079 secs] [Times: user=0.13 sys=0.00, real=0.02 secs] 
2020-09-29T17:50:08.237+0200: 27.469: [GC (Allocation Failure) [PSYoungGen: 620900K->32260K(641536K)] 651828K->63188K(2039808K), 0.0160924 secs] [Times: user=0.13 sys=0.00, real=0.02 secs] 
2020-09-29T17:50:08.304+0200: 27.536: [GC (Allocation Failure) [PSYoungGen: 617476K->43237K(641024K)] 648404K->74165K(2039296K), 0.0202684 secs] [Times: user=0.13 sys=0.00, real=0.02 secs] 
2020-09-29T17:50:08.374+0200: 27.606: [GC (Allocation Failure) [PSYoungGen: 630501K->55781K(643072K)] 661429K->87149K(2041344K), 0.0257598 secs] [Times: user=0.25 sys=0.00, real=0.03 secs] 
2020-09-29T17:50:08.450+0200: 27.682: [GC (Allocation Failure) [PSYoungGen: 643045K->42021K(630784K)] 674413K->73389K(2029056K), 0.0209262 secs] [Times: user=0.13 sys=0.00, real=0.02 secs] 
2020-09-29T17:50:08.525+0200: 27.757: [GC (Allocation Failure) [PSYoungGen: 616997K->40900K(636928K)] 648365K->72268K(2035200K), 0.0209134 secs] [Times: user=0.13 sys=0.00, real=0.02 secs] 
2020-09-29T17:50:08.598+0200: 27.830: [GC (Allocation Failure) [PSYoungGen: 615876K->41637K(638464K)] 647244K->73005K(2036736K), 0.0214636 secs] [Times: user=0.22 sys=0.00, real=0.02 secs] 
2020-09-29T17:50:08.671+0200: 27.903: [GC (Allocation Failure) [PSYoungGen: 619173K->42340K(637952K)] 650541K->73708K(2036224K), 0.0212862 secs] [Times: user=0.13 sys=0.00, real=0.02 secs] 
2020-09-29T17:50:08.741+0200: 27.973: [GC (Allocation Failure) [PSYoungGen: 619876K->30405K(639488K)] 651244K->61773K(2037760K), 0.0159392 secs] [Times: user=0.13 sys=0.00, real=0.02 secs] 
2020-09-29T17:50:08.807+0200: 28.039: [GC (Allocation Failure) [PSYoungGen: 609989K->35781K(638976K)] 641357K->67149K(2037248K), 0.0176619 secs] [Times: user=0.13 sys=0.00, real=0.02 secs] 
2020-09-29T17:50:08.874+0200: 28.106: [GC (Allocation Failure) [PSYoungGen: 615365K->27012K(642048K)] 646733K->58380K(2040320K), 0.0141036 secs] [Times: user=0.13 sys=0.00, real=0.01 secs] 
2020-09-29T17:50:08.940+0200: 28.172: [GC (Allocation Failure) [PSYoungGen: 611716K->22435K(641536K)] 643084K->53803K(2039808K), 0.0129613 secs] [Times: user=0.13 sys=0.00, real=0.01 secs] 
2020-09-29T17:50:09.007+0200: 28.239: [GC (Allocation Failure) [PSYoungGen: 607139K->31460K(643584K)] 638507K->62828K(2041856K), 0.0158920 secs] [Times: user=0.11 sys=0.00, real=0.02 secs] 
2020-09-29T17:50:09.077+0200: 28.309: [GC (Allocation Failure) [PSYoungGen: 618212K->43909K(642048K)] 649580K->75277K(2040320K), 0.0207774 secs] [Times: user=0.13 sys=0.00, real=0.02 secs] 
2020-09-29T17:50:09.149+0200: 28.381: [GC (Allocation Failure) [PSYoungGen: 630661K->38660K(643072K)] 662029K->70028K(2041344K), 0.0198996 secs] [Times: user=0.13 sys=0.00, real=0.02 secs] 
2020-09-29T17:50:09.219+0200: 28.451: [GC (Allocation Failure) [PSYoungGen: 624900K->35524K(642048K)] 656268K->66892K(2040320K), 0.0177008 secs] [Times: user=0.13 sys=0.00, real=0.02 secs] 
2020-09-29T17:50:09.288+0200: 28.520: [GC (Allocation Failure) [PSYoungGen: 621764K->47589K(638976K)] 653132K->78957K(2037248K), 0.0227027 secs] [Times: user=0.13 sys=0.00, real=0.03 secs] 
2020-09-29T17:50:09.368+0200: 28.600: [GC (Allocation Failure) [PSYoungGen: 632805K->31141K(642048K)] 664173K->62509K(2040320K), 0.0154489 secs] [Times: user=0.13 sys=0.00, real=0.01 secs] 
2020-09-29T17:50:09.434+0200: 28.666: [GC (Allocation Failure) [PSYoungGen: 616357K->27428K(643584K)] 647725K->58796K(2041856K), 0.0138820 secs] [Times: user=0.13 sys=0.00, real=0.01 secs] 
2020-09-29T17:50:09.499+0200: 28.731: [GC (Allocation Failure) [PSYoungGen: 615204K->40901K(643072K)] 646572K->72269K(2041344K), 0.0192367 secs] [Times: user=0.13 sys=0.00, real=0.02 secs] 
2020-09-29T17:50:09.573+0200: 28.805: [GC (Allocation Failure) [PSYoungGen: 628677K->26916K(644096K)] 660045K->58284K(2042368K), 0.0139578 secs] [Times: user=0.11 sys=0.00, real=0.01 secs] 
2020-09-29T17:50:09.641+0200: 28.873: [GC (Allocation Failure) [PSYoungGen: 615716K->27620K(643584K)] 647084K->58988K(2041856K), 0.0140556 secs] [Times: user=0.13 sys=0.00, real=0.01 secs] 
2020-09-29T17:50:09.706+0200: 28.938: [GC (Allocation Failure) [PSYoungGen: 616420K->42149K(642560K)] 647788K->73517K(2040832K), 0.0202947 secs] [Times: user=0.25 sys=0.00, real=0.02 secs] 
2020-09-29T17:50:09.777+0200: 29.009: [GC (Allocation Failure) [PSYoungGen: 630437K->42533K(631296K)] 661805K->73901K(2029568K), 0.0206522 secs] [Times: user=0.11 sys=0.00, real=0.02 secs] 
2020-09-29T17:50:09.850+0200: 29.082: [GC (Allocation Failure) [PSYoungGen: 630821K->42885K(642048K)] 662189K->74253K(2040320K), 0.0206081 secs] [Times: user=0.11 sys=0.00, real=0.02 secs] 
2020-09-29T17:50:09.923+0200: 29.155: [GC (Allocation Failure) [PSYoungGen: 629125K->26852K(642560K)] 660493K->58220K(2040832K), 0.0149238 secs] [Times: user=0.11 sys=0.00, real=0.01 secs] 
2020-09-29T17:50:09.989+0200: 29.221: [GC (Allocation Failure) [PSYoungGen: 613092K->25189K(643072K)] 644460K->56557K(2041344K), 0.0114543 secs] [Times: user=0.00 sys=0.00, real=0.01 secs] 
2020-09-29T17:50:10.055+0200: 29.288: [GC (Allocation Failure) [PSYoungGen: 611941K->37701K(642560K)] 643309K->69069K(2040832K), 0.0198129 secs] [Times: user=0.11 sys=0.00, real=0.02 secs] 
2020-09-29T17:50:10.133+0200: 29.365: [GC (Allocation Failure) [PSYoungGen: 624453K->22917K(644096K)] 655821K->54285K(2042368K), 0.0104703 secs] [Times: user=0.00 sys=0.00, real=0.01 secs] 
2020-09-29T17:50:10.197+0200: 29.430: [GC (Allocation Failure) [PSYoungGen: 612229K->36676K(644096K)] 643597K->68044K(2042368K), 0.0199054 secs] [Times: user=0.11 sys=0.00, real=0.02 secs] 
2020-09-29T17:50:10.271+0200: 29.504: [GC (Allocation Failure) [PSYoungGen: 625988K->23267K(645120K)] 657356K->54635K(2043392K), 0.0136393 secs] [Times: user=0.00 sys=0.00, real=0.01 secs] 
2020-09-29T17:50:10.336+0200: 29.568: [GC (Allocation Failure) [PSYoungGen: 614115K->53573K(644608K)] 645483K->84941K(2042880K), 0.0246549 secs] [Times: user=0.13 sys=0.00, real=0.02 secs] 
2020-09-29T17:50:10.415+0200: 29.647: [GC (Allocation Failure) [PSYoungGen: 644421K->42885K(633344K)] 675789K->74253K(2031616K), 0.0209573 secs] [Times: user=0.13 sys=0.00, real=0.02 secs] 
2020-09-29T17:50:10.492+0200: 29.725: [GC (Allocation Failure) [PSYoungGen: 621957K->32421K(638976K)] 653325K->63789K(2037248K), 0.0166198 secs] [Times: user=0.11 sys=0.00, real=0.02 secs] 
2020-09-29T17:50:10.564+0200: 29.796: [GC (Allocation Failure) [PSYoungGen: 611493K->37253K(642048K)] 642861K->68621K(2040320K), 0.0189230 secs] [Times: user=0.11 sys=0.00, real=0.02 secs] 
2020-09-29T17:50:10.641+0200: 29.873: [GC (Allocation Failure) [PSYoungGen: 620933K->46789K(630784K)] 652301K->78157K(2029056K), 0.0222564 secs] [Times: user=0.24 sys=0.00, real=0.02 secs] 
2020-09-29T17:50:10.719+0200: 29.951: [GC (Allocation Failure) [PSYoungGen: 630469K->42533K(640000K)] 661837K->73901K(2038272K), 0.0222524 secs] [Times: user=0.23 sys=0.00, real=0.02 secs] 
2020-09-29T17:50:10.795+0200: 30.028: [GC (Allocation Failure) [PSYoungGen: 623653K->35749K(640000K)] 655021K->67117K(2038272K), 0.0164344 secs] [Times: user=0.13 sys=0.00, real=0.02 secs] 
2020-09-29T17:50:10.863+0200: 30.095: [GC (Allocation Failure) [PSYoungGen: 616869K->42597K(642048K)] 648237K->73965K(2040320K), 0.0208937 secs] [Times: user=0.25 sys=0.00, real=0.02 secs] 
2020-09-29T17:50:10.934+0200: 30.166: [GC (Allocation Failure) [PSYoungGen: 627813K->39941K(642048K)] 659181K->71309K(2040320K), 0.0195023 secs] [Times: user=0.13 sys=0.00, real=0.02 secs] 
2020-09-29T17:50:11.005+0200: 30.237: [GC (Allocation Failure) [PSYoungGen: 625157K->37189K(644608K)] 656525K->68557K(2042880K), 0.0185506 secs] [Times: user=0.13 sys=0.00, real=0.02 secs] 
2020-09-29T17:50:11.075+0200: 30.308: [GC (Allocation Failure) [PSYoungGen: 625989K->24453K(643072K)] 657357K->55821K(2041344K), 0.0105780 secs] [Times: user=0.13 sys=0.00, real=0.01 secs] 
2020-09-29T17:50:11.138+0200: 30.371: [GC (Allocation Failure) [PSYoungGen: 613253K->37700K(645632K)] 644621K->69068K(2043904K), 0.0193265 secs] [Times: user=0.13 sys=0.00, real=0.02 secs] 
2020-09-29T17:50:11.212+0200: 30.444: [GC (Allocation Failure) [PSYoungGen: 628548K->26595K(644096K)] 659916K->57963K(2042368K), 0.0154297 secs] [Times: user=0.13 sys=0.00, real=0.02 secs] 
2020-09-29T17:50:11.281+0200: 30.514: [GC (Allocation Failure) [PSYoungGen: 617443K->29477K(646144K)] 648811K->60845K(2044416K), 0.0130243 secs] [Times: user=0.13 sys=0.00, real=0.01 secs] 
2020-09-29T17:50:11.349+0200: 30.582: [GC (Allocation Failure) [PSYoungGen: 621861K->19107K(645120K)] 653229K->50475K(2043392K), 0.0114843 secs] [Times: user=0.00 sys=0.00, real=0.01 secs] 
2020-09-29T17:50:11.415+0200: 30.647: [GC (Allocation Failure) [PSYoungGen: 611491K->36516K(646144K)] 642859K->67884K(2044416K), 0.0183377 secs] [Times: user=0.13 sys=0.00, real=0.02 secs] 
2020-09-29T17:50:11.486+0200: 30.718: [GC (Allocation Failure) [PSYoungGen: 628900K->40933K(645120K)] 660268K->72301K(2043392K), 0.0197559 secs] [Times: user=0.23 sys=0.00, real=0.02 secs] 
2020-09-29T17:50:11.563+0200: 30.795: [GC (Allocation Failure) [PSYoungGen: 633317K->31813K(646656K)] 664685K->63181K(2044928K), 0.0160326 secs] [Times: user=0.11 sys=0.00, real=0.02 secs] 
2020-09-29T17:50:11.634+0200: 30.867: [GC (Allocation Failure) [PSYoungGen: 624709K->50469K(643584K)] 656077K->81837K(2041856K), 0.0254837 secs] [Times: user=0.11 sys=0.00, real=0.02 secs] 
2020-09-29T17:50:11.714+0200: 30.947: [GC (Allocation Failure) [PSYoungGen: 643365K->39845K(642560K)] 674733K->71213K(2040832K), 0.0190892 secs] [Times: user=0.13 sys=0.00, real=0.02 secs] 
2020-09-29T17:50:11.784+0200: 31.017: [GC (Allocation Failure) [PSYoungGen: 627109K->38276K(643072K)] 658477K->69644K(2041344K), 0.0195859 secs] [Times: user=0.23 sys=0.01, real=0.02 secs] 
2020-09-29T17:50:11.854+0200: 31.087: [GC (Allocation Failure) [PSYoungGen: 625540K->23684K(643072K)] 656908K->55052K(2041344K), 0.0121289 secs] [Times: user=0.13 sys=0.00, real=0.01 secs] 
2020-09-29T17:50:11.916+0200: 31.149: [GC (Allocation Failure) [PSYoungGen: 611972K->34756K(643584K)] 643340K->66124K(2041856K), 0.0172627 secs] [Times: user=0.13 sys=0.00, real=0.02 secs] 
2020-09-29T17:50:11.984+0200: 31.217: [GC (Allocation Failure) [PSYoungGen: 623044K->48805K(639488K)] 654412K->80173K(2037760K), 0.0264399 secs] [Times: user=0.23 sys=0.00, real=0.03 secs] 
2020-09-29T17:50:12.066+0200: 31.298: [GC (Allocation Failure) [PSYoungGen: 635045K->19172K(605696K)] 666413K->50540K(2003968K), 0.0081920 secs] [Times: user=0.13 sys=0.00, real=0.01 secs] 
2020-09-29T17:50:12.125+0200: 31.357: [GC (Allocation Failure) [PSYoungGen: 605412K->31301K(643072K)] 636780K->62669K(2041344K), 0.0108087 secs] [Times: user=0.13 sys=0.00, real=0.01 secs] 
2020-09-29T17:50:12.186+0200: 31.418: [GC (Allocation Failure) [PSYoungGen: 617029K->26660K(641536K)] 648397K->58028K(2039808K), 0.0099573 secs] [Times: user=0.13 sys=0.00, real=0.01 secs] 
2020-09-29T17:50:12.245+0200: 31.478: [GC (Allocation Failure) [PSYoungGen: 612388K->38117K(644096K)] 643756K->69485K(2042368K), 0.0132006 secs] [Times: user=0.13 sys=0.00, real=0.01 secs] 
2020-09-29T17:50:12.312+0200: 31.544: [GC (Allocation Failure) [PSYoungGen: 627429K->25155K(644096K)] 658797K->56523K(2042368K), 0.0114965 secs] [Times: user=0.13 sys=0.00, real=0.01 secs] 
2020-09-29T17:50:12.374+0200: 31.606: [GC (Allocation Failure) [PSYoungGen: 614467K->40293K(643584K)] 645835K->71661K(2041856K), 0.0135149 secs] [Times: user=0.13 sys=0.00, real=0.01 secs] 
2020-09-29T17:50:12.438+0200: 31.670: [GC (Allocation Failure) [PSYoungGen: 629605K->41701K(631296K)] 660973K->73069K(2029568K), 0.0139322 secs] [Times: user=0.13 sys=0.00, real=0.01 secs] 
2020-09-29T17:50:12.503+0200: 31.735: [GC (Allocation Failure) [PSYoungGen: 631013K->43077K(641536K)] 662381K->74445K(2039808K), 0.0150231 secs] [Times: user=0.13 sys=0.00, real=0.01 secs] 
2020-09-29T17:50:12.568+0200: 31.800: [GC (Allocation Failure) [PSYoungGen: 629317K->27268K(642560K)] 660685K->58636K(2040832K), 0.0104476 secs] [Times: user=0.00 sys=0.00, real=0.01 secs] 
2020-09-29T17:50:12.631+0200: 31.863: [GC (Allocation Failure) [PSYoungGen: 613508K->39301K(643584K)] 644876K->70669K(2041856K), 0.0136676 secs] [Times: user=0.00 sys=0.00, real=0.01 secs] 
2020-09-29T17:50:12.695+0200: 31.927: [GC (Allocation Failure) [PSYoungGen: 627077K->38180K(643072K)] 658445K->69548K(2041344K), 0.0141748 secs] [Times: user=0.13 sys=0.00, real=0.01 secs] 
2020-09-29T17:50:12.759+0200: 31.991: [GC (Allocation Failure) [PSYoungGen: 625956K->35812K(646144K)] 657324K->67180K(2044416K), 0.0137328 secs] [Times: user=0.13 sys=0.00, real=0.01 secs] 
2020-09-29T17:50:12.824+0200: 32.056: [GC (Allocation Failure) [PSYoungGen: 627172K->36868K(644096K)] 658540K->68236K(2042368K), 0.0137743 secs] [Times: user=0.13 sys=0.00, real=0.01 secs] 
2020-09-29T17:50:12.888+0200: 32.120: [GC (Allocation Failure) [PSYoungGen: 628228K->40293K(647168K)] 659596K->71661K(2045440K), 0.0139352 secs] [Times: user=0.13 sys=0.00, real=0.01 secs] 
2020-09-29T17:50:12.953+0200: 32.185: [GC (Allocation Failure) [PSYoungGen: 635749K->34148K(647168K)] 667117K->65516K(2045440K), 0.0124288 secs] [Times: user=0.13 sys=0.00, real=0.01 secs] 
2020-09-29T17:50:13.016+0200: 32.249: [GC (Allocation Failure) [PSYoungGen: 629604K->39973K(648192K)] 660972K->71341K(2046464K), 0.0136917 secs] [Times: user=0.13 sys=0.00, real=0.01 secs] 
2020-09-29T17:50:13.083+0200: 32.315: [GC (Allocation Failure) [PSYoungGen: 637477K->35012K(648192K)] 668845K->66380K(2046464K), 0.0130618 secs] [Times: user=0.00 sys=0.00, real=0.01 secs] 
2020-09-29T17:50:13.147+0200: 32.379: [GC (Allocation Failure) [PSYoungGen: 632516K->29188K(649728K)] 663884K->60556K(2048000K), 0.0105495 secs] [Times: user=0.00 sys=0.00, real=0.01 secs] 
2020-09-29T17:50:13.210+0200: 32.442: [GC (Allocation Failure) [PSYoungGen: 629252K->49125K(649216K)] 660620K->86349K(2047488K), 0.0194105 secs] [Times: user=0.13 sys=0.00, real=0.02 secs] 
2020-09-29T17:50:13.283+0200: 32.515: [GC (Allocation Failure) [PSYoungGen: 649189K->39332K(640000K)] 686413K->76556K(2038272K), 0.0144240 secs] [Times: user=0.13 sys=0.00, real=0.01 secs] 
2020-09-29T17:50:13.349+0200: 32.581: [GC (Allocation Failure) [PSYoungGen: 629668K->28037K(644608K)] 666892K->65261K(2042880K), 0.0101561 secs] [Times: user=0.00 sys=0.00, real=0.01 secs] 
2020-09-29T17:50:13.409+0200: 32.641: [GC (Allocation Failure) [PSYoungGen: 618338K->12066K(639488K)] 655562K->49290K(2037760K), 0.0063160 secs] [Times: user=0.13 sys=0.00, real=0.01 secs] 
2020-09-29T17:50:13.465+0200: 32.697: [GC (Allocation Failure) [PSYoungGen: 597282K->23077K(642048K)] 634506K->60301K(2040320K), 0.0081988 secs] [Times: user=0.00 sys=0.00, real=0.01 secs] 
2020-09-29T17:50:13.524+0200: 32.756: [GC (Allocation Failure) [PSYoungGen: 608293K->17571K(641536K)] 645517K->54795K(2039808K), 0.0073091 secs] [Times: user=0.00 sys=0.00, real=0.01 secs] 
2020-09-29T17:50:13.582+0200: 32.814: [GC (Allocation Failure) [PSYoungGen: 602787K->40420K(625664K)] 640011K->77644K(2023936K), 0.0159468 secs] [Times: user=0.11 sys=0.00, real=0.02 secs] 
2020-09-29T17:50:13.652+0200: 32.884: [GC (Allocation Failure) [PSYoungGen: 625636K->37700K(642048K)] 662860K->74924K(2040320K), 0.0203784 secs] [Times: user=0.09 sys=0.00, real=0.02 secs] 
2020-09-29T17:50:13.725+0200: 32.957: [GC (Allocation Failure) [PSYoungGen: 622404K->48133K(633344K)] 659628K->85357K(2031616K), 0.0180034 secs] [Times: user=0.13 sys=0.00, real=0.02 secs] 
2020-09-29T17:50:13.796+0200: 33.028: [GC (Allocation Failure) [PSYoungGen: 632837K->16066K(636928K)] 670061K->53290K(2035200K), 0.0089657 secs] [Times: user=0.13 sys=0.00, real=0.01 secs] 
2020-09-29T17:50:13.856+0200: 33.088: [GC (Allocation Failure) [PSYoungGen: 593090K->46213K(623616K)] 630314K->83437K(2021888K), 0.0159726 secs] [Times: user=0.13 sys=0.00, real=0.02 secs] 
2020-09-29T17:50:13.921+0200: 33.153: [GC (Allocation Failure) [PSYoungGen: 623237K->48965K(630784K)] 660461K->86189K(2029056K), 0.0169280 secs] [Times: user=0.13 sys=0.00, real=0.02 secs] 
2020-09-29T17:50:13.987+0200: 33.219: [GC (Allocation Failure) [PSYoungGen: 616773K->42565K(633344K)] 653997K->79789K(2031616K), 0.0146069 secs] [Times: user=0.13 sys=0.00, real=0.01 secs] 
2020-09-29T17:50:14.051+0200: 33.283: [GC (Allocation Failure) [PSYoungGen: 610373K->36133K(636416K)] 647597K->73357K(2034688K), 0.0128951 secs] [Times: user=0.11 sys=0.00, real=0.01 secs] 
2020-09-29T17:50:14.113+0200: 33.345: [GC (Allocation Failure) [PSYoungGen: 607525K->46981K(633856K)] 644749K->84205K(2032128K), 0.0163346 secs] [Times: user=0.13 sys=0.00, real=0.02 secs] 
2020-09-29T17:50:14.178+0200: 33.410: [GC (Allocation Failure) [PSYoungGen: 618373K->57797K(625664K)] 655597K->95021K(2023936K), 0.0188649 secs] [Times: user=0.13 sys=0.00, real=0.02 secs] 
2020-09-29T17:50:14.245+0200: 33.477: [GC (Allocation Failure) [PSYoungGen: 619461K->43716K(630272K)] 656685K->80940K(2028544K), 0.0157427 secs] [Times: user=0.13 sys=0.00, real=0.02 secs] 
2020-09-29T17:50:14.311+0200: 33.543: [GC (Allocation Failure) [PSYoungGen: 605380K->28899K(632320K)] 642604K->66123K(2030592K), 0.0129217 secs] [Times: user=0.13 sys=0.00, real=0.01 secs] 
2020-09-29T17:50:14.374+0200: 33.606: [GC (Allocation Failure) [PSYoungGen: 593635K->32708K(631296K)] 630859K->69932K(2029568K), 0.0128883 secs] [Times: user=0.13 sys=0.00, real=0.01 secs] 
2020-09-29T17:50:14.435+0200: 33.667: [GC (Allocation Failure) [PSYoungGen: 597444K->36869K(636416K)] 634668K->74093K(2034688K), 0.0129207 secs] [Times: user=0.13 sys=0.00, real=0.01 secs] 
2020-09-29T17:50:14.497+0200: 33.729: [GC (Allocation Failure) [PSYoungGen: 608261K->20356K(633856K)] 645485K->57580K(2032128K), 0.0075245 secs] [Times: user=0.00 sys=0.00, real=0.01 secs] 
2020-09-29T17:50:14.553+0200: 33.785: [GC (Allocation Failure) [PSYoungGen: 591748K->31205K(637952K)] 628972K->68429K(2036224K), 0.0117472 secs] [Times: user=0.00 sys=0.00, real=0.01 secs] 
2020-09-29T17:50:14.616+0200: 33.848: [GC (Allocation Failure) [PSYoungGen: 606181K->31909K(635904K)] 643405K->69133K(2034176K), 0.0126080 secs] [Times: user=0.00 sys=0.00, real=0.01 secs] 
2020-09-29T17:50:14.679+0200: 33.911: [GC (Allocation Failure) [PSYoungGen: 606885K->31779K(641536K)] 644109K->69003K(2039808K), 0.0125511 secs] [Times: user=0.00 sys=0.00, real=0.01 secs] 
2020-09-29T17:50:14.742+0200: 33.974: [GC (Allocation Failure) [PSYoungGen: 613923K->39172K(639488K)] 651147K->76396K(2037760K), 0.0142246 secs] [Times: user=0.13 sys=0.00, real=0.01 secs] 
2020-09-29T17:50:14.807+0200: 34.039: [GC (Allocation Failure) [PSYoungGen: 621316K->32132K(643584K)] 658540K->69356K(2041856K), 0.0123362 secs] [Times: user=0.13 sys=0.00, real=0.01 secs] 
2020-09-29T17:50:14.870+0200: 34.103: [GC (Allocation Failure) [PSYoungGen: 618884K->30917K(642048K)] 656108K->68141K(2040320K), 0.0104433 secs] [Times: user=0.13 sys=0.00, real=0.01 secs] 
2020-09-29T17:50:14.931+0200: 34.163: [GC (Allocation Failure) [PSYoungGen: 617669K->14914K(642048K)] 654893K->52138K(2040320K), 0.0073099 secs] [Times: user=0.00 sys=0.00, real=0.01 secs] 
2020-09-29T17:50:14.989+0200: 34.221: [GC (Allocation Failure) [PSYoungGen: 603202K->42693K(631296K)] 640426K->79917K(2029568K), 0.0145474 secs] [Times: user=0.00 sys=0.00, real=0.01 secs] 
2020-09-29T17:50:15.056+0200: 34.288: [GC (Allocation Failure) [PSYoungGen: 630981K->42820K(640000K)] 668205K->80044K(2038272K), 0.0158812 secs] [Times: user=0.13 sys=0.00, real=0.02 secs] 
2020-09-29T17:50:15.121+0200: 34.354: [GC (Allocation Failure) [PSYoungGen: 625988K->22757K(641024K)] 663212K->59981K(2039296K), 0.0082700 secs] [Times: user=0.00 sys=0.00, real=0.01 secs] 
2020-09-29T17:50:15.181+0200: 34.414: [GC (Allocation Failure) [PSYoungGen: 605925K->45445K(636928K)] 643149K->82669K(2035200K), 0.0157640 secs] [Times: user=0.13 sys=0.00, real=0.02 secs] 
2020-09-29T17:50:15.248+0200: 34.480: [GC (Allocation Failure) [PSYoungGen: 624517K->20676K(638976K)] 661741K->57900K(2037248K), 0.0079703 secs] [Times: user=0.13 sys=0.00, real=0.01 secs] 
2020-09-29T17:50:15.306+0200: 34.538: [GC (Allocation Failure) [PSYoungGen: 599748K->25541K(640512K)] 636972K->62765K(2038784K), 0.0087777 secs] [Times: user=0.00 sys=0.00, real=0.01 secs] 
2020-09-29T17:50:15.366+0200: 34.598: [GC (Allocation Failure) [PSYoungGen: 606661K->58341K(639488K)] 643885K->96957K(2037760K), 0.0203638 secs] [Times: user=0.13 sys=0.00, real=0.02 secs] 
2020-09-29T17:50:15.438+0200: 34.670: [GC (Allocation Failure) [PSYoungGen: 639461K->38756K(630272K)] 678077K->77372K(2028544K), 0.0139532 secs] [Times: user=0.13 sys=0.00, real=0.01 secs] 
2020-09-29T17:50:15.501+0200: 34.733: [GC (Allocation Failure) [PSYoungGen: 609636K->49093K(620032K)] 648252K->87709K(2018304K), 0.0166214 secs] [Times: user=0.13 sys=0.00, real=0.02 secs] 
2020-09-29T17:50:15.566+0200: 34.798: [GC (Allocation Failure) [PSYoungGen: 619973K->18020K(631808K)] 658589K->56636K(2030080K), 0.0069366 secs] [Times: user=0.11 sys=0.00, real=0.01 secs] 
2020-09-29T17:50:15.623+0200: 34.855: [GC (Allocation Failure) [PSYoungGen: 583780K->36517K(632320K)] 622396K->75133K(2030592K), 0.0137315 secs] [Times: user=0.11 sys=0.00, real=0.01 secs] 
2020-09-29T17:50:15.686+0200: 34.919: [GC (Allocation Failure) [PSYoungGen: 602277K->41380K(635392K)] 640893K->79996K(2033664K), 0.0151960 secs] [Times: user=0.13 sys=0.00, real=0.02 secs] 
2020-09-29T17:50:15.750+0200: 34.983: [GC (Allocation Failure) [PSYoungGen: 612772K->52165K(623616K)] 651388K->90781K(2021888K), 0.0177662 secs] [Times: user=0.13 sys=0.00, real=0.02 secs] 
2020-09-29T17:50:15.817+0200: 35.050: [GC (Allocation Failure) [PSYoungGen: 623557K->48868K(629248K)] 662173K->87484K(2027520K), 0.0173263 secs] [Times: user=0.13 sys=0.00, real=0.02 secs] 
2020-09-29T17:50:15.883+0200: 35.115: [GC (Allocation Failure) [PSYoungGen: 611556K->50981K(613888K)] 650172K->89597K(2012160K), 0.0171057 secs] [Times: user=0.13 sys=0.00, real=0.02 secs] 
2020-09-29T17:50:15.948+0200: 35.180: [GC (Allocation Failure) [PSYoungGen: 613669K->38308K(631808K)] 652285K->76924K(2030080K), 0.0144413 secs] [Times: user=0.13 sys=0.00, real=0.02 secs] 
2020-09-29T17:50:16.010+0200: 35.243: [GC (Allocation Failure) [PSYoungGen: 600484K->26213K(629248K)] 639100K->64829K(2027520K), 0.0088795 secs] [Times: user=0.00 sys=0.00, real=0.01 secs] 
2020-09-29T17:50:16.068+0200: 35.301: [GC (Allocation Failure) [PSYoungGen: 588389K->23971K(632832K)] 627005K->62587K(2031104K), 0.0102145 secs] [Times: user=0.00 sys=0.00, real=0.01 secs] 
2020-09-29T17:50:16.127+0200: 35.359: [GC (Allocation Failure) [PSYoungGen: 590243K->43301K(632320K)] 628859K->81917K(2030592K), 0.0155767 secs] [Times: user=0.13 sys=0.00, real=0.02 secs] 
2020-09-29T17:50:16.191+0200: 35.423: [GC (Allocation Failure) [PSYoungGen: 609573K->33317K(635392K)] 648189K->71933K(2033664K), 0.0120354 secs] [Times: user=0.13 sys=0.00, real=0.01 secs] 
2020-09-29T17:50:16.256+0200: 35.488: [GC (Allocation Failure) [PSYoungGen: 603173K->56293K(626176K)] 641789K->94909K(2024448K), 0.0210742 secs] [Times: user=0.13 sys=0.00, real=0.02 secs] 
2020-09-29T17:50:16.328+0200: 35.560: [GC (Allocation Failure) [PSYoungGen: 626149K->23332K(630784K)] 664765K->61948K(2029056K), 0.0101471 secs] [Times: user=0.11 sys=0.00, real=0.01 secs] 
2020-09-29T17:50:16.390+0200: 35.622: [GC (Allocation Failure) [PSYoungGen: 586020K->39205K(630784K)] 624636K->77821K(2029056K), 0.0146002 secs] [Times: user=0.13 sys=0.00, real=0.01 secs] 
2020-09-29T17:50:16.454+0200: 35.686: [GC (Allocation Failure) [PSYoungGen: 601893K->27589K(634368K)] 640509K->66205K(2032640K), 0.0108476 secs] [Times: user=0.13 sys=0.00, real=0.01 secs] 
2020-09-29T17:50:16.513+0200: 35.746: [GC (Allocation Failure) [PSYoungGen: 596421K->33027K(633344K)] 635037K->71643K(2031616K), 0.0127677 secs] [Times: user=0.13 sys=0.00, real=0.01 secs] 
2020-09-29T17:50:16.576+0200: 35.808: [GC (Allocation Failure) [PSYoungGen: 601859K->41221K(637440K)] 640475K->79837K(2035712K), 0.0152900 secs] [Times: user=0.11 sys=0.00, real=0.02 secs] 
2020-09-29T17:50:16.643+0200: 35.875: [GC (Allocation Failure) [PSYoungGen: 616197K->26628K(636416K)] 654813K->65244K(2034688K), 0.0105582 secs] [Times: user=0.13 sys=0.00, real=0.01 secs] 
2020-09-29T17:50:16.702+0200: 35.934: [GC (Allocation Failure) [PSYoungGen: 601604K->26180K(638976K)] 640220K->64796K(2037248K), 0.0094813 secs] [Times: user=0.13 sys=0.00, real=0.01 secs] 
2020-09-29T17:50:16.761+0200: 35.993: [GC (Allocation Failure) [PSYoungGen: 604228K->29701K(637952K)] 642844K->68317K(2036224K), 0.0107465 secs] [Times: user=0.13 sys=0.00, real=0.01 secs] 
2020-09-29T17:50:16.821+0200: 36.054: [GC (Allocation Failure) [PSYoungGen: 607749K->47205K(635392K)] 646365K->85821K(2033664K), 0.0159183 secs] [Times: user=0.13 sys=0.00, real=0.02 secs] 
2020-09-29T17:50:16.887+0200: 36.119: [GC (Allocation Failure) [PSYoungGen: 624229K->50021K(627200K)] 662845K->88637K(2025472K), 0.0173640 secs] [Times: user=0.13 sys=0.00, real=0.02 secs] 
2020-09-29T17:50:16.954+0200: 36.186: [GC (Allocation Failure) [PSYoungGen: 627045K->39109K(636928K)] 665661K->77725K(2035200K), 0.0133504 secs] [Times: user=0.13 sys=0.00, real=0.01 secs] 
2020-09-29T17:50:17.016+0200: 36.249: [GC (Allocation Failure) [PSYoungGen: 612549K->24388K(635392K)] 651165K->63004K(2033664K), 0.0094279 secs] [Times: user=0.13 sys=0.00, real=0.01 secs] 
2020-09-29T17:50:17.076+0200: 36.309: [GC (Allocation Failure) [PSYoungGen: 597828K->37156K(639488K)] 636444K->75772K(2037760K), 0.0140641 secs] [Times: user=0.13 sys=0.00, real=0.01 secs] 
2020-09-29T17:50:17.141+0200: 36.373: [GC (Allocation Failure) [PSYoungGen: 615204K->40997K(637440K)] 653820K->79613K(2035712K), 0.0141123 secs] [Times: user=0.13 sys=0.00, real=0.01 secs] 
2020-09-29T17:50:17.204+0200: 36.437: [GC (Allocation Failure) [PSYoungGen: 619045K->43973K(638976K)] 657661K->82589K(2037248K), 0.0158102 secs] [Times: user=0.13 sys=0.00, real=0.02 secs] 
2020-09-29T17:50:17.270+0200: 36.502: [GC (Allocation Failure) [PSYoungGen: 624069K->36101K(639488K)] 662685K->74717K(2037760K), 0.0125611 secs] [Times: user=0.00 sys=0.00, real=0.01 secs] 
2020-09-29T17:50:17.332+0200: 36.564: [GC (Allocation Failure) [PSYoungGen: 616197K->27525K(641536K)] 654813K->66141K(2039808K), 0.0095991 secs] [Times: user=0.13 sys=0.00, real=0.01 secs] 
2020-09-29T17:50:17.392+0200: 36.624: [GC (Allocation Failure) [PSYoungGen: 611717K->37509K(641536K)] 650333K->76125K(2039808K), 0.0131076 secs] [Times: user=0.13 sys=0.00, real=0.01 secs] 
2020-09-29T17:50:17.456+0200: 36.688: [GC (Allocation Failure) [PSYoungGen: 621701K->33829K(644608K)] 660317K->72445K(2042880K), 0.0113456 secs] [Times: user=0.13 sys=0.00, real=0.01 secs] 
2020-09-29T17:50:17.519+0200: 36.751: [GC (Allocation Failure) [PSYoungGen: 623141K->35141K(643584K)] 661757K->73757K(2041856K), 0.0117427 secs] [Times: user=0.13 sys=0.00, real=0.01 secs] 
2020-09-29T17:50:17.582+0200: 36.814: [GC (Allocation Failure) [PSYoungGen: 624453K->34084K(647680K)] 663069K->72700K(2045952K), 0.0138258 secs] [Times: user=0.09 sys=0.00, real=0.01 secs] 
2020-09-29T17:50:17.649+0200: 36.881: [GC (Allocation Failure) [PSYoungGen: 629540K->26116K(646656K)] 668156K->64732K(2044928K), 0.0101800 secs] [Times: user=0.00 sys=0.00, real=0.01 secs] 
2020-09-29T17:50:17.710+0200: 36.943: [GC (Allocation Failure) [PSYoungGen: 621572K->32579K(648704K)] 660188K->71195K(2046976K), 0.0127118 secs] [Times: user=0.00 sys=0.00, real=0.01 secs] 
2020-09-29T17:50:17.774+0200: 37.006: [GC (Allocation Failure) [PSYoungGen: 630083K->28421K(647680K)] 668699K->67037K(2045952K), 0.0106895 secs] [Times: user=0.00 sys=0.00, real=0.01 secs] 
2020-09-29T17:50:17.836+0200: 37.068: [GC (Allocation Failure) [PSYoungGen: 625925K->24100K(649216K)] 664541K->62716K(2047488K), 0.0098897 secs] [Times: user=0.00 sys=0.00, real=0.01 secs] 
2020-09-29T17:50:17.898+0200: 37.130: [GC (Allocation Failure) [PSYoungGen: 623652K->35845K(649216K)] 662268K->74461K(2047488K), 0.0126508 secs] [Times: user=0.00 sys=0.00, real=0.01 secs] 
2020-09-29T17:50:17.961+0200: 37.194: [GC (Allocation Failure) [PSYoungGen: 635397K->47429K(642560K)] 674013K->86045K(2040832K), 0.0160798 secs] [Times: user=0.13 sys=0.00, real=0.02 secs] 
2020-09-29T17:50:18.029+0200: 37.261: [GC (Allocation Failure) [PSYoungGen: 640837K->38820K(646144K)] 679453K->77436K(2044416K), 0.0143334 secs] [Times: user=0.13 sys=0.00, real=0.01 secs] 
2020-09-29T17:50:18.094+0200: 37.326: [GC (Allocation Failure) [PSYoungGen: 632228K->30500K(647168K)] 670844K->69116K(2045440K), 0.0118181 secs] [Times: user=0.13 sys=0.00, real=0.01 secs] 
2020-09-29T17:50:18.157+0200: 37.389: [GC (Allocation Failure) [PSYoungGen: 624932K->36805K(646144K)] 663548K->75421K(2044416K), 0.0129184 secs] [Times: user=0.13 sys=0.00, real=0.01 secs] 
2020-09-29T17:50:18.220+0200: 37.453: [GC (Allocation Failure) [PSYoungGen: 631237K->43333K(645120K)] 669853K->81949K(2043392K), 0.0154400 secs] [Times: user=0.13 sys=0.00, real=0.02 secs] 
2020-09-29T17:50:18.287+0200: 37.519: [GC (Allocation Failure) [PSYoungGen: 637765K->33797K(646656K)] 676381K->72413K(2044928K), 0.0120512 secs] [Times: user=0.00 sys=0.00, real=0.01 secs] 
2020-09-29T17:50:18.350+0200: 37.582: [GC (Allocation Failure) [PSYoungGen: 628229K->40325K(647680K)] 666845K->78941K(2045952K), 0.0153113 secs] [Times: user=0.13 sys=0.00, real=0.02 secs] 
2020-09-29T17:50:18.417+0200: 37.649: [GC (Allocation Failure) [PSYoungGen: 636805K->35173K(647680K)] 675421K->73789K(2045952K), 0.0126792 secs] [Times: user=0.13 sys=0.00, real=0.01 secs] 
2020-09-29T17:50:18.480+0200: 37.713: [GC (Allocation Failure) [PSYoungGen: 631653K->42660K(646144K)] 670269K->81276K(2044416K), 0.0156633 secs] [Times: user=0.13 sys=0.00, real=0.02 secs] 
2020-09-29T17:50:18.548+0200: 37.781: [GC (Allocation Failure) [PSYoungGen: 639140K->37541K(647680K)] 677756K->76157K(2045952K), 0.0135177 secs] [Times: user=0.13 sys=0.00, real=0.01 secs] 
2020-09-29T17:50:18.615+0200: 37.847: [GC (Allocation Failure) [PSYoungGen: 634021K->32229K(649216K)] 672637K->70845K(2047488K), 0.0126701 secs] [Times: user=0.00 sys=0.00, real=0.01 secs] 
2020-09-29T17:50:18.680+0200: 37.912: [GC (Allocation Failure) [PSYoungGen: 631269K->43173K(642560K)] 669885K->81789K(2040832K), 0.0164470 secs] [Times: user=0.11 sys=0.00, real=0.02 secs] 
2020-09-29T17:50:18.748+0200: 37.980: [GC (Allocation Failure) [PSYoungGen: 642213K->39844K(648704K)] 680829K->78460K(2046976K), 0.0143637 secs] [Times: user=0.13 sys=0.00, real=0.01 secs] 
2020-09-29T17:50:18.814+0200: 38.046: [GC (Allocation Failure) [PSYoungGen: 637860K->36229K(648192K)] 676476K->74845K(2046464K), 0.0132039 secs] [Times: user=0.13 sys=0.00, real=0.01 secs] 
2020-09-29T17:50:18.879+0200: 38.111: [GC (Allocation Failure) [PSYoungGen: 634245K->32613K(650240K)] 672861K->71229K(2048512K), 0.0108885 secs] [Times: user=0.13 sys=0.00, real=0.01 secs] 
2020-09-29T17:50:18.942+0200: 38.174: [GC (Allocation Failure) [PSYoungGen: 633701K->31012K(649728K)] 672317K->69628K(2048000K), 0.0112750 secs] [Times: user=0.00 sys=0.00, real=0.01 secs] 
2020-09-29T17:50:19.006+0200: 38.238: [GC (Allocation Failure) [PSYoungGen: 632100K->30500K(650752K)] 670716K->69116K(2049024K), 0.0116235 secs] [Times: user=0.00 sys=0.00, real=0.01 secs] 
2020-09-29T17:50:19.069+0200: 38.301: [GC (Allocation Failure) [PSYoungGen: 632612K->31013K(650240K)] 671228K->69629K(2048512K), 0.0103516 secs] [Times: user=0.00 sys=0.00, real=0.01 secs] 
2020-09-29T17:50:19.131+0200: 38.363: [GC (Allocation Failure) [PSYoungGen: 633125K->45221K(646656K)] 671741K->83837K(2044928K), 0.0153953 secs] [Times: user=0.13 sys=0.00, real=0.02 secs] 
2020-09-29T17:50:19.197+0200: 38.430: [GC (Allocation Failure) [PSYoungGen: 643749K->42053K(641024K)] 682365K->80669K(2039296K), 0.0152402 secs] [Times: user=0.13 sys=0.00, real=0.02 secs] 
2020-09-29T17:50:19.263+0200: 38.496: [GC (Allocation Failure) [PSYoungGen: 640581K->39077K(648192K)] 679197K->77693K(2046464K), 0.0137376 secs] [Times: user=0.11 sys=0.00, real=0.01 secs] 
2020-09-29T17:50:19.328+0200: 38.561: [GC (Allocation Failure) [PSYoungGen: 636069K->48101K(645120K)] 674685K->86717K(2043392K), 0.0160767 secs] [Times: user=0.13 sys=0.00, real=0.02 secs] 
2020-09-29T17:50:19.396+0200: 38.628: [GC (Allocation Failure) [PSYoungGen: 645093K->43493K(644608K)] 683709K->82109K(2042880K), 0.0154083 secs] [Times: user=0.13 sys=0.00, real=0.02 secs] 
2020-09-29T17:50:19.462+0200: 38.694: [GC (Allocation Failure) [PSYoungGen: 634853K->29988K(645120K)] 673469K->68604K(2043392K), 0.0112652 secs] [Times: user=0.00 sys=0.00, real=0.01 secs] 
2020-09-29T17:50:19.524+0200: 38.756: [GC (Allocation Failure) [PSYoungGen: 621348K->33157K(645632K)] 659964K->71773K(2043904K), 0.0120567 secs] [Times: user=0.13 sys=0.00, real=0.01 secs] 
2020-09-29T17:50:19.589+0200: 38.821: [GC (Allocation Failure) [PSYoungGen: 625029K->36996K(645120K)] 663645K->75612K(2043392K), 0.0148804 secs] [Times: user=0.11 sys=0.00, real=0.02 secs] 
2020-09-29T17:50:19.656+0200: 38.888: [GC (Allocation Failure) [PSYoungGen: 628868K->27204K(647168K)] 667484K->65820K(2045440K), 0.0109054 secs] [Times: user=0.13 sys=0.00, real=0.01 secs] 
2020-09-29T17:50:19.718+0200: 38.950: [GC (Allocation Failure) [PSYoungGen: 622660K->48389K(644096K)] 661276K->87005K(2042368K), 0.0162887 secs] [Times: user=0.13 sys=0.00, real=0.02 secs] 
2020-09-29T17:50:19.786+0200: 39.018: [GC (Allocation Failure) [PSYoungGen: 643845K->28004K(644096K)] 682461K->66620K(2042368K), 0.0101819 secs] [Times: user=0.00 sys=0.00, real=0.01 secs] 
2020-09-29T17:50:19.846+0200: 39.078: [GC (Allocation Failure) [PSYoungGen: 617316K->29284K(644096K)] 655932K->67900K(2042368K), 0.0114619 secs] [Times: user=0.13 sys=0.00, real=0.01 secs] 
2020-09-29T17:50:19.911+0200: 39.143: [GC (Allocation Failure) [PSYoungGen: 618596K->14948K(641536K)] 657212K->53564K(2039808K), 0.0061732 secs] [Times: user=0.00 sys=0.00, real=0.01 secs] 
2020-09-29T17:50:19.972+0200: 39.204: [GC (Allocation Failure) [PSYoungGen: 602212K->39908K(643072K)] 640828K->78524K(2041344K), 0.0147492 secs] [Times: user=0.13 sys=0.00, real=0.02 secs] 
2020-09-29T17:50:20.037+0200: 39.269: [GC (Allocation Failure) [PSYoungGen: 627172K->37988K(643584K)] 665788K->76604K(2041856K), 0.0139310 secs] [Times: user=0.00 sys=0.00, real=0.01 secs] 
2020-09-29T17:50:20.102+0200: 39.334: [GC (Allocation Failure) [PSYoungGen: 625764K->36613K(643072K)] 664380K->75229K(2041344K), 0.0133858 secs] [Times: user=0.13 sys=0.00, real=0.01 secs] 
2020-09-29T17:50:20.168+0200: 39.401: [GC (Allocation Failure) [PSYoungGen: 624389K->50181K(636928K)] 663005K->88797K(2035200K), 0.0185674 secs] [Times: user=0.13 sys=0.00, real=0.02 secs] 
2020-09-29T17:50:20.237+0200: 39.469: [GC (Allocation Failure) [PSYoungGen: 633349K->30372K(641024K)] 671965K->68988K(2039296K), 0.0115489 secs] [Times: user=0.13 sys=0.00, real=0.01 secs] 
2020-09-29T17:50:20.299+0200: 39.531: [GC (Allocation Failure) [PSYoungGen: 613540K->39301K(643072K)] 652156K->77917K(2041344K), 0.0140546 secs] [Times: user=0.13 sys=0.00, real=0.01 secs] 
2020-09-29T17:50:20.363+0200: 39.596: [GC (Allocation Failure) [PSYoungGen: 625541K->21187K(642048K)] 664157K->59803K(2040320K), 0.0092717 secs] [Times: user=0.00 sys=0.00, real=0.01 secs] 
2020-09-29T17:50:20.423+0200: 39.655: [GC (Allocation Failure) [PSYoungGen: 607427K->46757K(637440K)] 646043K->85373K(2035712K), 0.0155676 secs] [Times: user=0.13 sys=0.00, real=0.01 secs] 
2020-09-29T17:50:20.488+0200: 39.721: [GC (Allocation Failure) [PSYoungGen: 627877K->38980K(640000K)] 666493K->77596K(2038272K), 0.0141551 secs] [Times: user=0.13 sys=0.00, real=0.01 secs] 
2020-09-29T17:50:20.552+0200: 39.784: [GC (Allocation Failure) [PSYoungGen: 620100K->45828K(638976K)] 658716K->84444K(2037248K), 0.0162008 secs] [Times: user=0.13 sys=0.00, real=0.02 secs] 
2020-09-29T17:50:20.621+0200: 39.853: [GC (Allocation Failure) [PSYoungGen: 626948K->38692K(640000K)] 665564K->77308K(2038272K), 0.0153832 secs] [Times: user=0.11 sys=0.00, real=0.01 secs] 
2020-09-29T17:50:20.687+0200: 39.919: [GC (Allocation Failure) [PSYoungGen: 619812K->45541K(639488K)] 658428K->84157K(2037760K), 0.0156209 secs] [Times: user=0.13 sys=0.00, real=0.02 secs] 
2020-09-29T17:50:20.753+0200: 39.985: [GC (Allocation Failure) [PSYoungGen: 627685K->39781K(640512K)] 666301K->78397K(2038784K), 0.0132184 secs] [Times: user=0.13 sys=0.00, real=0.01 secs] 
2020-09-29T17:50:20.816+0200: 40.048: [GC (Allocation Failure) [PSYoungGen: 621925K->33828K(643072K)] 660541K->72444K(2041344K), 0.0122137 secs] [Times: user=0.13 sys=0.00, real=0.01 secs] 
2020-09-29T17:50:20.878+0200: 40.111: [GC (Allocation Failure) [PSYoungGen: 619556K->45317K(641536K)] 658172K->83933K(2039808K), 0.0160884 secs] [Times: user=0.14 sys=0.00, real=0.02 secs] 
2020-09-29T17:50:20.945+0200: 40.177: [GC (Allocation Failure) [PSYoungGen: 631045K->29220K(642048K)] 669661K->67836K(2040320K), 0.0112885 secs] [Times: user=0.00 sys=0.00, real=0.01 secs] 
2020-09-29T17:50:21.006+0200: 40.239: [GC (Allocation Failure) [PSYoungGen: 614436K->26565K(642048K)] 653052K->65181K(2040320K), 0.0086214 secs] [Times: user=0.00 sys=0.00, real=0.01 secs] 
2020-09-29T17:50:21.066+0200: 40.298: [GC (Allocation Failure) [PSYoungGen: 611781K->37541K(643584K)] 650397K->76157K(2041856K), 0.0132277 secs] [Times: user=0.13 sys=0.00, real=0.01 secs] 
2020-09-29T17:50:21.129+0200: 40.362: [GC (Allocation Failure) [PSYoungGen: 624293K->36357K(642048K)] 662909K->74973K(2040320K), 0.0129886 secs] [Times: user=0.05 sys=0.02, real=0.01 secs] 
2020-09-29T17:50:21.193+0200: 40.425: [GC (Allocation Failure) [PSYoungGen: 623109K->35237K(647168K)] 661725K->73853K(2045440K), 0.0121669 secs] [Times: user=0.00 sys=0.00, real=0.01 secs] 
2020-09-29T17:50:21.256+0200: 40.488: [GC (Allocation Failure) [PSYoungGen: 629157K->26756K(645632K)] 667773K->65372K(2043904K), 0.0100800 secs] [Times: user=0.00 sys=0.00, real=0.01 secs] 
2020-09-29T17:50:21.317+0200: 40.549: [GC (Allocation Failure) [PSYoungGen: 620676K->32484K(647680K)] 659292K->71100K(2045952K), 0.0121959 secs] [Times: user=0.00 sys=0.00, real=0.01 secs] 
2020-09-29T17:50:21.380+0200: 40.613: [GC (Allocation Failure) [PSYoungGen: 627940K->9410K(605184K)] 666556K->48026K(2003456K), 0.0054349 secs] [Times: user=0.00 sys=0.00, real=0.01 secs] 
2020-09-29T17:50:21.437+0200: 40.669: [GC (Allocation Failure) [PSYoungGen: 604866K->44325K(641024K)] 643482K->82941K(2039296K), 0.0154688 secs] [Times: user=0.13 sys=0.00, real=0.02 secs] 
2020-09-29T17:50:21.503+0200: 40.735: [GC (Allocation Failure) [PSYoungGen: 631589K->29989K(643072K)] 670205K->68605K(2041344K), 0.0103830 secs] [Times: user=0.13 sys=0.00, real=0.01 secs] 
2020-09-29T17:50:21.567+0200: 40.799: [GC (Allocation Failure) [PSYoungGen: 617253K->43077K(641536K)] 655869K->81693K(2039808K), 0.0157779 secs] [Times: user=0.03 sys=0.02, real=0.02 secs] 
2020-09-29T17:50:21.635+0200: 40.867: [GC (Allocation Failure) [PSYoungGen: 630341K->24324K(643072K)] 668957K->62940K(2041344K), 0.0107209 secs] [Times: user=0.13 sys=0.00, real=0.01 secs] 
2020-09-29T17:50:21.697+0200: 40.929: [GC (Allocation Failure) [PSYoungGen: 611588K->37316K(644096K)] 650204K->75932K(2042368K), 0.0138275 secs] [Times: user=0.13 sys=0.00, real=0.01 secs] 
2020-09-29T17:50:21.761+0200: 40.993: [GC (Allocation Failure) [PSYoungGen: 625604K->37316K(643072K)] 664220K->75932K(2041344K), 0.0134604 secs] [Times: user=0.13 sys=0.00, real=0.01 secs] 
2020-09-29T17:50:21.825+0200: 41.057: [GC (Allocation Failure) [PSYoungGen: 625604K->37733K(645632K)] 664220K->76349K(2043904K), 0.0129645 secs] [Times: user=0.13 sys=0.00, real=0.01 secs] 
2020-09-29T17:50:21.892+0200: 41.124: [GC (Allocation Failure) [PSYoungGen: 629093K->38916K(644608K)] 667709K->77532K(2042880K), 0.0192723 secs] [Times: user=0.22 sys=0.00, real=0.02 secs] 
2020-09-29T17:50:21.964+0200: 41.197: [GC (Allocation Failure) [PSYoungGen: 630276K->28452K(646144K)] 668892K->67068K(2044416K), 0.0128428 secs] [Times: user=0.13 sys=0.00, real=0.01 secs] 
2020-09-29T17:50:22.030+0200: 41.263: [GC (Allocation Failure) [PSYoungGen: 621348K->31812K(645632K)] 659964K->70428K(2043904K), 0.0120429 secs] [Times: user=0.13 sys=0.00, real=0.01 secs] 
2020-09-29T17:50:22.094+0200: 41.326: [GC (Allocation Failure) [PSYoungGen: 624708K->50501K(639488K)] 663324K->89117K(2037760K), 0.0176197 secs] [Times: user=0.13 sys=0.00, real=0.02 secs] 
2020-09-29T17:50:22.162+0200: 41.395: [GC (Allocation Failure) [PSYoungGen: 638789K->36132K(643584K)] 677405K->74748K(2041856K), 0.0131366 secs] [Times: user=0.00 sys=0.00, real=0.01 secs] 
2020-09-29T17:50:22.227+0200: 41.459: [GC (Allocation Failure) [PSYoungGen: 624420K->36549K(646656K)] 663036K->75165K(2044928K), 0.0133488 secs] [Times: user=0.13 sys=0.00, real=0.01 secs] 
2020-09-29T17:50:22.292+0200: 41.524: [GC (Allocation Failure) [PSYoungGen: 629445K->41477K(645120K)] 668061K->80093K(2043392K), 0.0145575 secs] [Times: user=0.13 sys=0.00, real=0.01 secs] 
2020-09-29T17:50:22.358+0200: 41.590: [GC (Allocation Failure) [PSYoungGen: 634373K->46501K(642048K)] 672989K->85117K(2040320K), 0.0161621 secs] [Times: user=0.13 sys=0.00, real=0.02 secs] 
2020-09-29T17:50:22.425+0200: 41.657: [GC (Allocation Failure) [PSYoungGen: 635813K->33924K(644096K)] 674429K->72540K(2042368K), 0.0126592 secs] [Times: user=0.13 sys=0.00, real=0.01 secs] 
2020-09-29T17:50:22.488+0200: 41.720: [GC (Allocation Failure) [PSYoungGen: 623236K->35365K(646656K)] 661852K->73981K(2044928K), 0.0124308 secs] [Times: user=0.13 sys=0.00, real=0.01 secs] 
2020-09-29T17:50:22.551+0200: 41.783: [GC (Allocation Failure) [PSYoungGen: 628261K->37764K(645120K)] 666877K->76380K(2043392K), 0.0141936 secs] [Times: user=0.13 sys=0.00, real=0.01 secs] 
2020-09-29T17:50:22.618+0200: 41.850: [GC (Allocation Failure) [PSYoungGen: 630660K->42725K(646656K)] 669276K->81341K(2044928K), 0.0163438 secs] [Times: user=0.11 sys=0.00, real=0.02 secs] 
2020-09-29T17:50:22.690+0200: 41.922: [GC (Allocation Failure) [PSYoungGen: 638181K->36613K(647168K)] 676797K->75229K(2045440K), 0.0136810 secs] [Times: user=0.13 sys=0.00, real=0.01 secs] 
2020-09-29T17:50:22.755+0200: 41.987: [GC (Allocation Failure) [PSYoungGen: 632069K->29316K(648192K)] 670685K->67932K(2046464K), 0.0101248 secs] [Times: user=0.00 sys=0.00, real=0.01 secs] 
2020-09-29T17:50:22.817+0200: 42.049: [GC (Allocation Failure) [PSYoungGen: 626820K->25188K(623104K)] 665436K->63804K(2021376K), 0.0096285 secs] [Times: user=0.00 sys=0.00, real=0.01 secs] 
2020-09-29T17:50:22.878+0200: 42.110: [GC (Allocation Failure) [PSYoungGen: 622692K->34821K(649216K)] 661308K->73437K(2047488K), 0.0139590 secs] [Times: user=0.13 sys=0.00, real=0.01 secs] 
2020-09-29T17:50:22.943+0200: 42.175: [GC (Allocation Failure) [PSYoungGen: 632837K->29828K(647680K)] 671453K->68444K(2045952K), 0.0110415 secs] [Times: user=0.00 sys=0.00, real=0.01 secs] 
2020-09-29T17:50:23.006+0200: 42.238: [GC (Allocation Failure) [PSYoungGen: 627844K->49125K(638464K)] 666460K->92101K(2036736K), 0.0190430 secs] [Times: user=0.13 sys=0.00, real=0.02 secs] 
2020-09-29T17:50:23.075+0200: 42.308: [GC (Allocation Failure) [PSYoungGen: 638437K->39717K(644096K)] 681413K->82693K(2042368K), 0.0137228 secs] [Times: user=0.13 sys=0.00, real=0.01 secs] 
2020-09-29T17:50:23.140+0200: 42.372: [GC (Allocation Failure) [PSYoungGen: 629029K->39461K(645632K)] 672005K->82437K(2043904K), 0.0145978 secs] [Times: user=0.13 sys=0.00, real=0.01 secs] 
2020-09-29T17:50:23.205+0200: 42.437: [GC (Allocation Failure) [PSYoungGen: 630821K->42821K(644608K)] 673797K->85797K(2042880K), 0.0148042 secs] [Times: user=0.13 sys=0.00, real=0.02 secs] 
2020-09-29T17:50:23.270+0200: 42.502: [GC (Allocation Failure) [PSYoungGen: 634181K->32581K(645632K)] 677157K->75557K(2043904K), 0.0110257 secs] [Times: user=0.00 sys=0.00, real=0.01 secs] 
2020-09-29T17:50:23.332+0200: 42.564: [GC (Allocation Failure) [PSYoungGen: 623554K->20642K(612864K)] 666531K->63618K(2011136K), 0.0093245 secs] [Times: user=0.13 sys=0.00, real=0.01 secs] 
2020-09-29T17:50:23.392+0200: 42.624: [GC (Allocation Failure) [PSYoungGen: 612514K->38085K(645632K)] 655490K->81061K(2043904K), 0.0136816 secs] [Times: user=0.13 sys=0.00, real=0.01 secs] 
2020-09-29T17:50:23.456+0200: 42.689: [GC (Allocation Failure) [PSYoungGen: 629445K->41573K(644608K)] 672421K->84549K(2042880K), 0.0146695 secs] [Times: user=0.13 sys=0.00, real=0.01 secs] 
2020-09-29T17:50:23.521+0200: 42.754: [GC (Allocation Failure) [PSYoungGen: 632933K->31269K(645632K)] 675909K->74245K(2043904K), 0.0112707 secs] [Times: user=0.00 sys=0.00, real=0.01 secs] 
2020-09-29T17:50:23.585+0200: 42.817: [GC (Allocation Failure) [PSYoungGen: 623141K->35237K(645120K)] 666117K->78213K(2043392K), 0.0132199 secs] [Times: user=0.00 sys=0.00, real=0.01 secs] 
2020-09-29T17:50:23.651+0200: 42.883: [GC (Allocation Failure) [PSYoungGen: 627109K->39172K(647680K)] 670085K->82148K(2045952K), 0.0143110 secs] [Times: user=0.13 sys=0.00, real=0.01 secs] 
2020-09-29T17:50:23.718+0200: 42.950: [GC (Allocation Failure) [PSYoungGen: 635140K->47269K(643584K)] 678116K->90245K(2041856K), 0.0185905 secs] [Times: user=0.11 sys=0.00, real=0.02 secs] 
2020-09-29T17:50:23.788+0200: 43.021: [GC (Allocation Failure) [PSYoungGen: 643237K->26756K(645120K)] 686213K->69732K(2043392K), 0.0103211 secs] [Times: user=0.00 sys=0.00, real=0.01 secs] 
2020-09-29T17:50:23.850+0200: 43.082: [GC (Allocation Failure) [PSYoungGen: 618116K->29316K(645120K)] 661092K->72292K(2043392K), 0.0113757 secs] [Times: user=0.00 sys=0.00, real=0.01 secs] 
2020-09-29T17:50:23.912+0200: 43.144: [GC (Allocation Failure) [PSYoungGen: 620676K->29539K(646144K)] 663652K->72515K(2044416K), 0.0118201 secs] [Times: user=0.00 sys=0.00, real=0.01 secs] 
2020-09-29T17:50:23.974+0200: 43.206: [GC (Allocation Failure) [PSYoungGen: 622435K->31460K(645632K)] 665411K->74436K(2043904K), 0.0117108 secs] [Times: user=0.00 sys=0.00, real=0.01 secs] 
2020-09-29T17:50:24.036+0200: 43.268: [GC (Allocation Failure) [PSYoungGen: 624356K->50085K(638976K)] 667332K->93061K(2037248K), 0.0170655 secs] [Times: user=0.13 sys=0.00, real=0.02 secs] 
2020-09-29T17:50:24.106+0200: 43.338: [GC (Allocation Failure) [PSYoungGen: 637349K->35781K(643072K)] 680325K->78757K(2041344K), 0.0137589 secs] [Times: user=0.13 sys=0.00, real=0.01 secs] 
2020-09-29T17:50:24.171+0200: 43.404: [GC (Allocation Failure) [PSYoungGen: 623045K->35173K(646656K)] 666021K->78149K(2044928K), 0.0126705 secs] [Times: user=0.13 sys=0.00, real=0.01 secs] 
2020-09-29T17:50:24.235+0200: 43.468: [GC (Allocation Failure) [PSYoungGen: 628069K->52197K(645120K)] 671045K->96717K(2043392K), 0.0182871 secs] [Times: user=0.13 sys=0.00, real=0.02 secs] 
2020-09-29T17:50:24.304+0200: 43.537: [GC (Allocation Failure) [PSYoungGen: 645093K->44196K(637952K)] 689613K->88716K(2036224K), 0.0301728 secs] [Times: user=0.25 sys=0.00, real=0.03 secs] 
2020-09-29T17:50:24.385+0200: 43.617: [GC (Allocation Failure) [PSYoungGen: 628388K->40517K(641536K)] 672908K->85037K(2039808K), 0.0143248 secs] [Times: user=0.13 sys=0.00, real=0.01 secs] 
2020-09-29T17:50:24.450+0200: 43.682: [GC (Allocation Failure) [PSYoungGen: 624709K->50437K(637440K)] 669229K->94957K(2035712K), 0.0167535 secs] [Times: user=0.13 sys=0.00, real=0.02 secs] 
2020-09-29T17:50:24.516+0200: 43.748: [GC (Allocation Failure) [PSYoungGen: 631557K->29989K(640000K)] 676077K->74509K(2038272K), 0.0101397 secs] [Times: user=0.13 sys=0.00, real=0.01 secs] 
2020-09-29T17:50:24.577+0200: 43.809: [GC (Allocation Failure) [PSYoungGen: 611109K->35173K(641536K)] 655629K->79693K(2039808K), 0.0139161 secs] [Times: user=0.11 sys=0.00, real=0.01 secs] 
2020-09-29T17:50:24.643+0200: 43.875: [GC (Allocation Failure) [PSYoungGen: 617829K->29475K(640000K)] 662349K->73995K(2038272K), 0.0120213 secs] [Times: user=0.13 sys=0.00, real=0.01 secs] 
2020-09-29T17:50:24.704+0200: 43.937: [GC (Allocation Failure) [PSYoungGen: 612131K->37861K(643584K)] 656651K->82381K(2041856K), 0.0136037 secs] [Times: user=0.13 sys=0.00, real=0.01 secs] 
2020-09-29T17:50:24.769+0200: 44.002: [GC (Allocation Failure) [PSYoungGen: 624101K->36229K(641536K)] 668621K->80749K(2039808K), 0.0141753 secs] [Times: user=0.11 sys=0.00, real=0.01 secs] 
2020-09-29T17:50:24.834+0200: 44.066: [GC (Allocation Failure) [PSYoungGen: 622469K->34340K(646144K)] 666989K->78860K(2044416K), 0.0125872 secs] [Times: user=0.00 sys=0.00, real=0.01 secs] 
2020-09-29T17:50:24.899+0200: 44.131: [GC (Allocation Failure) [PSYoungGen: 626724K->52517K(645120K)] 671244K->97037K(2043392K), 0.0190770 secs] [Times: user=0.13 sys=0.00, real=0.02 secs] 
2020-09-29T17:50:24.973+0200: 44.206: [GC (Allocation Failure) [PSYoungGen: 644901K->29541K(638976K)] 689421K->74061K(2037248K), 0.0111656 secs] [Times: user=0.00 sys=0.00, real=0.01 secs] 
2020-09-29T17:50:25.038+0200: 44.270: [GC (Allocation Failure) [PSYoungGen: 614757K->26820K(642048K)] 659277K->71340K(2040320K), 0.0113969 secs] [Times: user=0.00 sys=0.00, real=0.01 secs] 
2020-09-29T17:50:25.104+0200: 44.336: [GC (Allocation Failure) [PSYoungGen: 612036K->37797K(643584K)] 656556K->82317K(2041856K), 0.0130606 secs] [Times: user=0.13 sys=0.00, real=0.01 secs] 
2020-09-29T17:50:25.169+0200: 44.402: [GC (Allocation Failure) [PSYoungGen: 624549K->36645K(642048K)] 669069K->81165K(2040320K), 0.0139447 secs] [Times: user=0.13 sys=0.00, real=0.01 secs] 
2020-09-29T17:50:25.233+0200: 44.466: [GC (Allocation Failure) [PSYoungGen: 623397K->35460K(647168K)] 667917K->79980K(2045440K), 0.0127891 secs] [Times: user=0.13 sys=0.00, real=0.01 secs] 
2020-09-29T17:50:25.298+0200: 44.530: [GC (Allocation Failure) [PSYoungGen: 629380K->40964K(645632K)] 673900K->85484K(2043904K), 0.0167253 secs] [Times: user=0.09 sys=0.00, real=0.02 secs] 
2020-09-29T17:50:25.366+0200: 44.599: [GC (Allocation Failure) [PSYoungGen: 634884K->46885K(642560K)] 679404K->91405K(2040832K), 0.0200712 secs] [Times: user=0.11 sys=0.00, real=0.02 secs] 
2020-09-29T17:50:25.438+0200: 44.670: [GC (Allocation Failure) [PSYoungGen: 637221K->33252K(644608K)] 681741K->77772K(2042880K), 0.0130589 secs] [Times: user=0.13 sys=0.00, real=0.01 secs] 
2020-09-29T17:50:25.502+0200: 44.734: [GC (Allocation Failure) [PSYoungGen: 623588K->35717K(646656K)] 668108K->80237K(2044928K), 0.0126434 secs] [Times: user=0.13 sys=0.00, real=0.01 secs] 
2020-09-29T17:50:25.565+0200: 44.798: [GC (Allocation Failure) [PSYoungGen: 629125K->27173K(645632K)] 673645K->71693K(2043904K), 0.0114350 secs] [Times: user=0.11 sys=0.00, real=0.01 secs] 
2020-09-29T17:50:25.629+0200: 44.861: [GC (Allocation Failure) [PSYoungGen: 620581K->32612K(647168K)] 665101K->77132K(2045440K), 0.0128897 secs] [Times: user=0.11 sys=0.00, real=0.01 secs] 
2020-09-29T17:50:25.692+0200: 44.925: [GC (Allocation Failure) [PSYoungGen: 627556K->39044K(646656K)] 672076K->83564K(2044928K), 0.0142348 secs] [Times: user=0.00 sys=0.00, real=0.02 secs] 
2020-09-29T17:50:25.758+0200: 44.990: [GC (Allocation Failure) [PSYoungGen: 633988K->46149K(643584K)] 678508K->90669K(2041856K), 0.0168183 secs] [Times: user=0.11 sys=0.00, real=0.02 secs] 
2020-09-29T17:50:25.827+0200: 45.060: [GC (Allocation Failure) [PSYoungGen: 638533K->36036K(645632K)] 683053K->80556K(2043904K), 0.0133288 secs] [Times: user=0.13 sys=0.00, real=0.01 secs] 
2020-09-29T17:50:25.892+0200: 45.124: [GC (Allocation Failure) [PSYoungGen: 628420K->25668K(646144K)] 672940K->70188K(2044416K), 0.0100878 secs] [Times: user=0.13 sys=0.00, real=0.01 secs] 
2020-09-29T17:50:25.953+0200: 45.186: [GC (Allocation Failure) [PSYoungGen: 620100K->45797K(640512K)] 664620K->90317K(2038784K), 0.0158959 secs] [Times: user=0.13 sys=0.00, real=0.02 secs] 
2020-09-29T17:50:26.020+0200: 45.252: [GC (Allocation Failure) [PSYoungGen: 640229K->37925K(645632K)] 684749K->82445K(2043904K), 0.0139815 secs] [Times: user=0.00 sys=0.00, real=0.01 secs] 
2020-09-29T17:50:26.085+0200: 45.318: [GC (Allocation Failure) [PSYoungGen: 629285K->41349K(644608K)] 673805K->85869K(2042880K), 0.0142675 secs] [Times: user=0.13 sys=0.00, real=0.01 secs] 
2020-09-29T17:50:26.151+0200: 45.383: [GC (Allocation Failure) [PSYoungGen: 632709K->28548K(645632K)] 677229K->73068K(2043904K), 0.0107351 secs] [Times: user=0.13 sys=0.00, real=0.01 secs] 
2020-09-29T17:50:26.212+0200: 45.444: [GC (Allocation Failure) [PSYoungGen: 620932K->46693K(639488K)] 665452K->91213K(2037760K), 0.0164603 secs] [Times: user=0.13 sys=0.00, real=0.02 secs] 
2020-09-29T17:50:26.279+0200: 45.512: [GC (Allocation Failure) [PSYoungGen: 639077K->51205K(637440K)] 683597K->95725K(2035712K), 0.0177682 secs] [Times: user=0.13 sys=0.00, real=0.02 secs] 
2020-09-29T17:50:26.347+0200: 45.579: [GC (Allocation Failure) [PSYoungGen: 633349K->45477K(627712K)] 677869K->89997K(2025984K), 0.0159269 secs] [Times: user=0.13 sys=0.00, real=0.02 secs] 
2020-09-29T17:50:26.414+0200: 45.646: [GC (Allocation Failure) [PSYoungGen: 627621K->24836K(638976K)] 672141K->69356K(2037248K), 0.0100267 secs] [Times: user=0.00 sys=0.00, real=0.01 secs] 
2020-09-29T17:50:26.476+0200: 45.708: [GC (Allocation Failure) [PSYoungGen: 604932K->44421K(624640K)] 649452K->88941K(2022912K), 0.0148703 secs] [Times: user=0.13 sys=0.00, real=0.01 secs] 
2020-09-29T17:50:26.540+0200: 45.773: [GC (Allocation Failure) [PSYoungGen: 624517K->36549K(641024K)] 669037K->81069K(2039296K), 0.0131360 secs] [Times: user=0.13 sys=0.00, real=0.01 secs] 
2020-09-29T17:50:26.605+0200: 45.838: [GC (Allocation Failure) [PSYoungGen: 617669K->29508K(638976K)] 662189K->74028K(2037248K), 0.0113360 secs] [Times: user=0.11 sys=0.00, real=0.01 secs] 
2020-09-29T17:50:26.670+0200: 45.902: [GC (Allocation Failure) [PSYoungGen: 610628K->36485K(643072K)] 655148K->81005K(2041344K), 0.0150776 secs] [Times: user=0.13 sys=0.00, real=0.01 secs] 
2020-09-29T17:50:26.739+0200: 45.972: [GC (Allocation Failure) [PSYoungGen: 621701K->47429K(641024K)] 666221K->91949K(2039296K), 0.0177366 secs] [Times: user=0.13 sys=0.00, real=0.02 secs] 
2020-09-29T17:50:26.810+0200: 46.043: [GC (Allocation Failure) [PSYoungGen: 632645K->30052K(641536K)] 677165K->74572K(2039808K), 0.0131938 secs] [Times: user=0.13 sys=0.00, real=0.01 secs] 
2020-09-29T17:50:26.875+0200: 46.107: [GC (Allocation Failure) [PSYoungGen: 613732K->39299K(641024K)] 658252K->83819K(2039296K), 0.0149280 secs] [Times: user=0.13 sys=0.00, real=0.02 secs] 
2020-09-29T17:50:26.940+0200: 46.172: [GC (Allocation Failure) [PSYoungGen: 622979K->35077K(644096K)] 667499K->79597K(2042368K), 0.0129862 secs] [Times: user=0.13 sys=0.00, real=0.01 secs] 
2020-09-29T17:50:27.003+0200: 46.235: [GC (Allocation Failure) [PSYoungGen: 623365K->18563K(607232K)] 667885K->63083K(2005504K), 0.0078449 secs] [Times: user=0.13 sys=0.00, real=0.01 secs] 
2020-09-29T17:50:27.066+0200: 46.298: [GC (Allocation Failure) [PSYoungGen: 606851K->32677K(644096K)] 651371K->77197K(2042368K), 0.0147086 secs] [Times: user=0.08 sys=0.00, real=0.02 secs] 
2020-09-29T17:50:27.132+0200: 46.365: [GC (Allocation Failure) [PSYoungGen: 620453K->46149K(634368K)] 664973K->90669K(2032640K), 0.0158431 secs] [Times: user=0.13 sys=0.00, real=0.02 secs] 
2020-09-29T17:50:27.199+0200: 46.431: [GC (Allocation Failure) [PSYoungGen: 633925K->46021K(638976K)] 678445K->90541K(2037248K), 0.0153728 secs] [Times: user=0.13 sys=0.00, real=0.02 secs] 
2020-09-29T17:50:27.265+0200: 46.497: [GC (Allocation Failure) [PSYoungGen: 628165K->53925K(636416K)] 672685K->98445K(2034688K), 0.0179912 secs] [Times: user=0.13 sys=0.00, real=0.02 secs] 
2020-09-29T17:50:27.333+0200: 46.566: [GC (Allocation Failure) [PSYoungGen: 636069K->32580K(637952K)] 680589K->77100K(2036224K), 0.0120444 secs] [Times: user=0.00 sys=0.00, real=0.01 secs] 
2020-09-29T17:50:27.398+0200: 46.630: [GC (Allocation Failure) [PSYoungGen: 608068K->47525K(636416K)] 652588K->92045K(2034688K), 0.0166505 secs] [Times: user=0.13 sys=0.00, real=0.02 secs] 
2020-09-29T17:50:27.464+0200: 46.696: [GC (Allocation Failure) [PSYoungGen: 623013K->48773K(634368K)] 667533K->93293K(2032640K), 0.0168133 secs] [Times: user=0.13 sys=0.00, real=0.02 secs] 
2020-09-29T17:50:27.530+0200: 46.762: [GC (Allocation Failure) [PSYoungGen: 620677K->16515K(588800K)] 665197K->61035K(1987072K), 0.0071276 secs] [Times: user=0.13 sys=0.00, real=0.01 secs] 
2020-09-29T17:50:27.588+0200: 46.821: [GC (Allocation Failure) [PSYoungGen: 588419K->41541K(634880K)] 632939K->86061K(2033152K), 0.0157822 secs] [Times: user=0.11 sys=0.00, real=0.02 secs] 
2020-09-29T17:50:27.654+0200: 46.886: [GC (Allocation Failure) [PSYoungGen: 611397K->35844K(633856K)] 655917K->80364K(2032128K), 0.0133728 secs] [Times: user=0.13 sys=0.00, real=0.01 secs] 
2020-09-29T17:50:27.719+0200: 46.951: [GC (Allocation Failure) [PSYoungGen: 605700K->29733K(637952K)] 650220K->74253K(2036224K), 0.0103803 secs] [Times: user=0.13 sys=0.00, real=0.01 secs] 
2020-09-29T17:50:27.779+0200: 47.011: [GC (Allocation Failure) [PSYoungGen: 605733K->30820K(636928K)] 650253K->75340K(2035200K), 0.0118432 secs] [Times: user=0.13 sys=0.00, real=0.01 secs] 
2020-09-29T17:50:27.841+0200: 47.074: [GC (Allocation Failure) [PSYoungGen: 606820K->46341K(636416K)] 651340K->90861K(2034688K), 0.0170203 secs] [Times: user=0.13 sys=0.00, real=0.02 secs] 
2020-09-29T17:50:27.907+0200: 47.140: [GC (Allocation Failure) [PSYoungGen: 623365K->35365K(637952K)] 667885K->79885K(2036224K), 0.0124481 secs] [Times: user=0.13 sys=0.00, real=0.01 secs] 
2020-09-29T17:50:27.971+0200: 47.204: [GC (Allocation Failure) [PSYoungGen: 612389K->36485K(642048K)] 656909K->81005K(2040320K), 0.0132716 secs] [Times: user=0.13 sys=0.00, real=0.01 secs] 
2020-09-29T17:50:28.034+0200: 47.267: [GC (Allocation Failure) [PSYoungGen: 619653K->45477K(640000K)] 664173K->89997K(2038272K), 0.0161741 secs] [Times: user=0.14 sys=0.00, real=0.02 secs] 
2020-09-29T17:50:28.101+0200: 47.333: [GC (Allocation Failure) [PSYoungGen: 628645K->40677K(642048K)] 673165K->85197K(2040320K), 0.0139025 secs] [Times: user=0.13 sys=0.00, real=0.01 secs] 
2020-09-29T17:50:28.165+0200: 47.397: [GC (Allocation Failure) [PSYoungGen: 624869K->50597K(634880K)] 669389K->95117K(2033152K), 0.0173371 secs] [Times: user=0.13 sys=0.00, real=0.02 secs] 
2020-09-29T17:50:28.232+0200: 47.465: [GC (Allocation Failure) [PSYoungGen: 634789K->33125K(640000K)] 679309K->77645K(2038272K), 0.0113282 secs] [Times: user=0.13 sys=0.00, real=0.01 secs] 
2020-09-29T17:50:28.293+0200: 47.526: [GC (Allocation Failure) [PSYoungGen: 613221K->25124K(638976K)] 657741K->69644K(2037248K), 0.0094706 secs] [Times: user=0.13 sys=0.00, real=0.01 secs] 
2020-09-29T17:50:28.353+0200: 47.585: [GC (Allocation Failure) [PSYoungGen: 605220K->44677K(638464K)] 649740K->89197K(2036736K), 0.0150647 secs] [Times: user=0.13 sys=0.00, real=0.02 secs] 
2020-09-29T17:50:28.418+0200: 47.650: [GC (Allocation Failure) [PSYoungGen: 623749K->35845K(638976K)] 668269K->80365K(2037248K), 0.0128138 secs] [Times: user=0.13 sys=0.00, real=0.01 secs] 
2020-09-29T17:50:28.481+0200: 47.714: [GC (Allocation Failure) [PSYoungGen: 614917K->40421K(642048K)] 659437K->84941K(2040320K), 0.0143627 secs] [Times: user=0.13 sys=0.00, real=0.02 secs] 
2020-09-29T17:50:28.546+0200: 47.779: [GC (Allocation Failure) [PSYoungGen: 624613K->35748K(641024K)] 669133K->80268K(2039296K), 0.0134709 secs] [Times: user=0.13 sys=0.00, real=0.01 secs] 
2020-09-29T17:50:28.611+0200: 47.844: [GC (Allocation Failure) [PSYoungGen: 619940K->29700K(643584K)] 664460K->74220K(2041856K), 0.0123670 secs] [Times: user=0.11 sys=0.00, real=0.01 secs] 
2020-09-29T17:50:28.674+0200: 47.907: [GC (Allocation Failure) [PSYoungGen: 617988K->26275K(643584K)] 662508K->70795K(2041856K), 0.0106904 secs] [Times: user=0.13 sys=0.00, real=0.01 secs] 
2020-09-29T17:50:28.735+0200: 47.968: [GC (Allocation Failure) [PSYoungGen: 614563K->40325K(644096K)] 659083K->84845K(2042368K), 0.0145876 secs] [Times: user=0.13 sys=0.00, real=0.02 secs] 
2020-09-29T17:50:28.803+0200: 48.035: [GC (Allocation Failure) [PSYoungGen: 629125K->41189K(643584K)] 673645K->85709K(2041856K), 0.0153881 secs] [Times: user=0.13 sys=0.00, real=0.02 secs] 
2020-09-29T17:50:28.870+0200: 48.102: [GC (Allocation Failure) [PSYoungGen: 629989K->42053K(644096K)] 674509K->86573K(2042368K), 0.0154703 secs] [Times: user=0.13 sys=0.00, real=0.02 secs] 
2020-09-29T17:50:28.936+0200: 48.168: [GC (Allocation Failure) [PSYoungGen: 631365K->28388K(644096K)] 675885K->72908K(2042368K), 0.0116030 secs] [Times: user=0.13 sys=0.00, real=0.01 secs] 
2020-09-29T17:50:28.998+0200: 48.231: [GC (Allocation Failure) [PSYoungGen: 617700K->42276K(643072K)] 662220K->86796K(2041344K), 0.0153418 secs] [Times: user=0.13 sys=0.00, real=0.02 secs] 
2020-09-29T17:50:29.064+0200: 48.297: [GC (Allocation Failure) [PSYoungGen: 630564K->42725K(643584K)] 675084K->87245K(2041856K), 0.0149599 secs] [Times: user=0.13 sys=0.00, real=0.02 secs] 
2020-09-29T17:50:29.130+0200: 48.362: [GC (Allocation Failure) [PSYoungGen: 631013K->29349K(643584K)] 675533K->73869K(2041856K), 0.0097637 secs] [Times: user=0.00 sys=0.00, real=0.01 secs] 
2020-09-29T17:50:29.190+0200: 48.423: [GC (Allocation Failure) [PSYoungGen: 617637K->28836K(643584K)] 662157K->73356K(2041856K), 0.0104782 secs] [Times: user=0.13 sys=0.00, real=0.01 secs] 
2020-09-29T17:50:29.251+0200: 48.484: [GC (Allocation Failure) [PSYoungGen: 617124K->42885K(643072K)] 661644K->87405K(2041344K), 0.0153214 secs] [Times: user=0.13 sys=0.00, real=0.02 secs] 
2020-09-29T17:50:29.316+0200: 48.549: [GC (Allocation Failure) [PSYoungGen: 631173K->43333K(631808K)] 675693K->87853K(2030080K), 0.0160792 secs] [Times: user=0.03 sys=0.02, real=0.02 secs] 
2020-09-29T17:50:29.382+0200: 48.615: [GC (Allocation Failure) [PSYoungGen: 631621K->29989K(643584K)] 676141K->74509K(2041856K), 0.0115299 secs] [Times: user=0.00 sys=0.00, real=0.01 secs] 
2020-09-29T17:50:29.448+0200: 48.680: [GC (Allocation Failure) [PSYoungGen: 617765K->43525K(631808K)] 662285K->88045K(2030080K), 0.0153117 secs] [Times: user=0.13 sys=0.00, real=0.02 secs] 
2020-09-29T17:50:29.514+0200: 48.746: [GC (Allocation Failure) [PSYoungGen: 631301K->29733K(643584K)] 675821K->74253K(2041856K), 0.0107057 secs] [Times: user=0.13 sys=0.00, real=0.01 secs] 
2020-09-29T17:50:29.577+0200: 48.810: [GC (Allocation Failure) [PSYoungGen: 616997K->14115K(601600K)] 661517K->58635K(1999872K), 0.0067459 secs] [Times: user=0.11 sys=0.00, real=0.01 secs] 
2020-09-29T17:50:29.636+0200: 48.868: [GC (Allocation Failure) [PSYoungGen: 601379K->25732K(642048K)] 645899K->70252K(2040320K), 0.0099840 secs] [Times: user=0.13 sys=0.00, real=0.01 secs] 
2020-09-29T17:50:29.697+0200: 48.929: [GC (Allocation Failure) [PSYoungGen: 610436K->19203K(641536K)] 654956K->63723K(2039808K), 0.0079747 secs] [Times: user=0.00 sys=0.00, real=0.01 secs] 
2020-09-29T17:50:29.754+0200: 48.987: [GC (Allocation Failure) [PSYoungGen: 603907K->41733K(640000K)] 648427K->86253K(2038272K), 0.0148023 secs] [Times: user=0.00 sys=0.00, real=0.02 secs] 
2020-09-29T17:50:29.827+0200: 49.060: [GC (Allocation Failure) [PSYoungGen: 624901K->19938K(641024K)] 669421K->64458K(2039296K), 0.0096576 secs] [Times: user=0.13 sys=0.00, real=0.01 secs] 
2020-09-29T17:50:29.887+0200: 49.120: [GC (Allocation Failure) [PSYoungGen: 603106K->26212K(643072K)] 647626K->70732K(2041344K), 0.0104617 secs] [Times: user=0.13 sys=0.00, real=0.01 secs] 
2020-09-29T17:50:29.948+0200: 49.181: [GC (Allocation Failure) [PSYoungGen: 611428K->37189K(641024K)] 655948K->81709K(2039296K), 0.0136674 secs] [Times: user=0.13 sys=0.00, real=0.01 secs] 
2020-09-29T17:50:30.012+0200: 49.245: [GC (Allocation Failure) [PSYoungGen: 622405K->34533K(644608K)] 666925K->79053K(2042880K), 0.0122005 secs] [Times: user=0.13 sys=0.00, real=0.01 secs] 
2020-09-29T17:50:30.074+0200: 49.307: [GC (Allocation Failure) [PSYoungGen: 623333K->35429K(643072K)] 667853K->79949K(2041344K), 0.0129392 secs] [Times: user=0.13 sys=0.00, real=0.01 secs] 
2020-09-29T17:50:30.138+0200: 49.370: [GC (Allocation Failure) [PSYoungGen: 624229K->36357K(646144K)] 668749K->80877K(2044416K), 0.0136296 secs] [Times: user=0.13 sys=0.00, real=0.01 secs] 
2020-09-29T17:50:30.202+0200: 49.435: [GC (Allocation Failure) [PSYoungGen: 629253K->27621K(645632K)] 673773K->72141K(2043904K), 0.0100665 secs] [Times: user=0.13 sys=0.00, real=0.01 secs] 
2020-09-29T17:50:30.264+0200: 49.496: [GC (Allocation Failure) [PSYoungGen: 620517K->30435K(648704K)] 665037K->74955K(2046976K), 0.0122465 secs] [Times: user=0.13 sys=0.00, real=0.01 secs] 
2020-09-29T17:50:30.327+0200: 49.560: [GC (Allocation Failure) [PSYoungGen: 627427K->25797K(647168K)] 671947K->70317K(2045440K), 0.0097313 secs] [Times: user=0.13 sys=0.00, real=0.01 secs] 
2020-09-29T17:50:30.388+0200: 49.621: [GC (Allocation Failure) [PSYoungGen: 622789K->48581K(641024K)] 667309K->93101K(2039296K), 0.0169139 secs] [Times: user=0.13 sys=0.00, real=0.02 secs] 
2020-09-29T17:50:30.457+0200: 49.689: [GC (Allocation Failure) [PSYoungGen: 639941K->38309K(645120K)] 684461K->82829K(2043392K), 0.0162908 secs] [Times: user=0.23 sys=0.00, real=0.02 secs] 
2020-09-29T17:50:30.528+0200: 49.761: [GC (Allocation Failure) [PSYoungGen: 629669K->26563K(645632K)] 674189K->71083K(2043904K), 0.0128436 secs] [Times: user=0.13 sys=0.00, real=0.01 secs] 
2020-09-29T17:50:30.596+0200: 49.828: [GC (Allocation Failure) [PSYoungGen: 618435K->44197K(636416K)] 662955K->88717K(2034688K), 0.0206491 secs] [Times: user=0.19 sys=0.00, real=0.02 secs] 
2020-09-29T17:50:30.670+0200: 49.903: [GC (Allocation Failure) [PSYoungGen: 636069K->32772K(645632K)] 680589K->77292K(2043904K), 0.0125533 secs] [Times: user=0.13 sys=0.00, real=0.01 secs] 
2020-09-29T17:50:30.734+0200: 49.966: [GC (Allocation Failure) [PSYoungGen: 623108K->48933K(639488K)] 667628K->93453K(2037760K), 0.0166726 secs] [Times: user=0.13 sys=0.00, real=0.02 secs] 
2020-09-29T17:50:30.801+0200: 50.034: [GC (Allocation Failure) [PSYoungGen: 639269K->37701K(643072K)] 683789K->82221K(2041344K), 0.0132280 secs] [Times: user=0.00 sys=0.00, real=0.01 secs] 
2020-09-29T17:50:30.865+0200: 50.098: [GC (Allocation Failure) [PSYoungGen: 623941K->35685K(642048K)] 668461K->80205K(2040320K), 0.0130022 secs] [Times: user=0.00 sys=0.00, real=0.01 secs] 
2020-09-29T17:50:30.928+0200: 50.161: [GC (Allocation Failure) [PSYoungGen: 621925K->17891K(643072K)] 666445K->62411K(2041344K), 0.0091578 secs] [Times: user=0.00 sys=0.00, real=0.01 secs] 
2020-09-29T17:50:30.988+0200: 50.221: [GC (Allocation Failure) [PSYoungGen: 607203K->32933K(644096K)] 651723K->77453K(2042368K), 0.0115870 secs] [Times: user=0.13 sys=0.00, real=0.01 secs] 
2020-09-29T17:50:31.054+0200: 50.286: [GC (Allocation Failure) [PSYoungGen: 622245K->20452K(645632K)] 666765K->64972K(2043904K), 0.0075345 secs] [Times: user=0.00 sys=0.00, real=0.01 secs] 
2020-09-29T17:50:31.113+0200: 50.346: [GC (Allocation Failure) [PSYoungGen: 612836K->38629K(631296K)] 657356K->83149K(2029568K), 0.0132673 secs] [Times: user=0.13 sys=0.00, real=0.01 secs] 
2020-09-29T17:50:31.178+0200: 50.410: [GC (Allocation Failure) [PSYoungGen: 631013K->43013K(642048K)] 675533K->87533K(2040320K), 0.0155904 secs] [Times: user=0.13 sys=0.00, real=0.02 secs] 
2020-09-29T17:50:31.243+0200: 50.476: [GC (Allocation Failure) [PSYoungGen: 631301K->27972K(643584K)] 675821K->72492K(2041856K), 0.0106878 secs] [Times: user=0.13 sys=0.00, real=0.01 secs] 
2020-09-29T17:50:31.304+0200: 50.537: [GC (Allocation Failure) [PSYoungGen: 616260K->28196K(645632K)] 660780K->72716K(2043904K), 0.0114854 secs] [Times: user=0.00 sys=0.00, real=0.01 secs] 
2020-09-29T17:50:31.367+0200: 50.600: [GC (Allocation Failure) [PSYoungGen: 619556K->44676K(636416K)] 664076K->89196K(2034688K), 0.0165599 secs] [Times: user=0.13 sys=0.00, real=0.02 secs] 
2020-09-29T17:50:31.434+0200: 50.667: [GC (Allocation Failure) [PSYoungGen: 636036K->46788K(638464K)] 680556K->91308K(2036736K), 0.0167743 secs] [Times: user=0.13 sys=0.00, real=0.02 secs] 
2020-09-29T17:50:31.500+0200: 50.733: [GC (Allocation Failure) [PSYoungGen: 629956K->25476K(641024K)] 674476K->69996K(2039296K), 0.0095262 secs] [Times: user=0.13 sys=0.00, real=0.01 secs] 
2020-09-29T17:50:31.560+0200: 50.793: [GC (Allocation Failure) [PSYoungGen: 608644K->34052K(643584K)] 653164K->78572K(2041856K), 0.0136698 secs] [Times: user=0.11 sys=0.00, real=0.01 secs] 
2020-09-29T17:50:31.626+0200: 50.859: [GC (Allocation Failure) [PSYoungGen: 620292K->32132K(641536K)] 664812K->76652K(2039808K), 0.0126998 secs] [Times: user=0.13 sys=0.00, real=0.01 secs] 
2020-09-29T17:50:31.689+0200: 50.922: [GC (Allocation Failure) [PSYoungGen: 618372K->14052K(642048K)] 662892K->58572K(2040320K), 0.0056117 secs] [Times: user=0.13 sys=0.00, real=0.01 secs] 
2020-09-29T17:50:31.745+0200: 50.978: [GC (Allocation Failure) [PSYoungGen: 602340K->26277K(643584K)] 646860K->70797K(2041856K), 0.0094526 secs] [Times: user=0.13 sys=0.00, real=0.01 secs] 
2020-09-29T17:50:31.805+0200: 51.038: [GC (Allocation Failure) [PSYoungGen: 614565K->24739K(646144K)] 659085K->69259K(2044416K), 0.0099875 secs] [Times: user=0.00 sys=0.00, real=0.01 secs] 
2020-09-29T17:50:31.866+0200: 51.099: [GC (Allocation Failure) [PSYoungGen: 617123K->29189K(645120K)] 661643K->73709K(2043392K), 0.0105990 secs] [Times: user=0.00 sys=0.00, real=0.01 secs] 
2020-09-29T17:50:31.928+0200: 51.160: [GC (Allocation Failure) [PSYoungGen: 621573K->47333K(640000K)] 666093K->91853K(2038272K), 0.0161025 secs] [Times: user=0.13 sys=0.00, real=0.02 secs] 
2020-09-29T17:50:31.995+0200: 51.228: [GC (Allocation Failure) [PSYoungGen: 636645K->21349K(644096K)] 681165K->65869K(2042368K), 0.0072495 secs] [Times: user=0.00 sys=0.00, real=0.01 secs] 
2020-09-29T17:50:32.053+0200: 51.286: [GC (Allocation Failure) [PSYoungGen: 610661K->22277K(645120K)] 655181K->66797K(2043392K), 0.0076866 secs] [Times: user=0.00 sys=0.00, real=0.01 secs] 
2020-09-29T17:50:32.111+0200: 51.344: [GC (Allocation Failure) [PSYoungGen: 612613K->36740K(644096K)] 657133K->81260K(2042368K), 0.0141554 secs] [Times: user=0.13 sys=0.00, real=0.01 secs] 
2020-09-29T17:50:32.176+0200: 51.409: [GC (Allocation Failure) [PSYoungGen: 627076K->39173K(643072K)] 671596K->83693K(2041344K), 0.0137180 secs] [Times: user=0.00 sys=0.00, real=0.01 secs] 
2020-09-29T17:50:32.240+0200: 51.472: [GC (Allocation Failure) [PSYoungGen: 628485K->54277K(644096K)] 673005K->98797K(2042368K), 0.0186280 secs] [Times: user=0.13 sys=0.00, real=0.02 secs] 
2020-09-29T17:50:32.309+0200: 51.541: [GC (Allocation Failure) [PSYoungGen: 643589K->27940K(635904K)] 688109K->72460K(2034176K), 0.0111928 secs] [Times: user=0.13 sys=0.00, real=0.01 secs] 
2020-09-29T17:50:32.370+0200: 51.603: [GC (Allocation Failure) [PSYoungGen: 609060K->34628K(640000K)] 653580K->79148K(2038272K), 0.0130804 secs] [Times: user=0.13 sys=0.00, real=0.01 secs] 
2020-09-29T17:50:32.433+0200: 51.666: [GC (Allocation Failure) [PSYoungGen: 615748K->41573K(640000K)] 660268K->86093K(2038272K), 0.0141973 secs] [Times: user=0.13 sys=0.00, real=0.01 secs] 
2020-09-29T17:50:32.497+0200: 51.730: [GC (Allocation Failure) [PSYoungGen: 624741K->21988K(641024K)] 669261K->66508K(2039296K), 0.0084954 secs] [Times: user=0.13 sys=0.00, real=0.02 secs] 
2020-09-29T17:50:32.571+0200: 51.804: [GC (Allocation Failure) [PSYoungGen: 605156K->43108K(638464K)] 649676K->87628K(2036736K), 0.0169592 secs] [Times: user=0.11 sys=0.00, real=0.02 secs] 
2020-09-29T17:50:32.639+0200: 51.872: [GC (Allocation Failure) [PSYoungGen: 624228K->35076K(640000K)] 668748K->79596K(2038272K), 0.0137784 secs] [Times: user=0.13 sys=0.00, real=0.01 secs] 
2020-09-29T17:50:32.706+0200: 51.939: [GC (Allocation Failure) [PSYoungGen: 616196K->27844K(643584K)] 660716K->72364K(2041856K), 0.0132883 secs] [Times: user=0.09 sys=0.00, real=0.01 secs] 
2020-09-29T17:50:32.772+0200: 52.005: [GC (Allocation Failure) [PSYoungGen: 614596K->40389K(642048K)] 659116K->84909K(2040320K), 0.0182443 secs] [Times: user=0.11 sys=0.00, real=0.02 secs] 
2020-09-29T17:50:32.843+0200: 52.076: [GC (Allocation Failure) [PSYoungGen: 627141K->25412K(643584K)] 671661K->69932K(2041856K), 0.0110019 secs] [Times: user=0.13 sys=0.00, real=0.01 secs] 
2020-09-29T17:50:32.905+0200: 52.138: [GC (Allocation Failure) [PSYoungGen: 613188K->25285K(643072K)] 657708K->69805K(2041344K), 0.0084516 secs] [Times: user=0.13 sys=0.00, real=0.01 secs] 
2020-09-29T17:50:32.965+0200: 52.198: [GC (Allocation Failure) [PSYoungGen: 613061K->24932K(645120K)] 657581K->69452K(2043392K), 0.0110454 secs] [Times: user=0.13 sys=0.00, real=0.01 secs] 
2020-09-29T17:50:33.030+0200: 52.263: [GC (Allocation Failure) [PSYoungGen: 615780K->26917K(644608K)] 660300K->71437K(2042880K), 0.0100236 secs] [Times: user=0.13 sys=0.00, real=0.01 secs] 
2020-09-29T17:50:33.090+0200: 52.323: [GC (Allocation Failure) [PSYoungGen: 617765K->27620K(648192K)] 662285K->72140K(2046464K), 0.0109846 secs] [Times: user=0.13 sys=0.00, real=0.01 secs] 
2020-09-29T17:50:33.152+0200: 52.385: [GC (Allocation Failure) [PSYoungGen: 623588K->20706K(646656K)] 668108K->65226K(2044928K), 0.0097686 secs] [Times: user=0.13 sys=0.00, real=0.01 secs] 
2020-09-29T17:50:33.214+0200: 52.447: [GC (Allocation Failure) [PSYoungGen: 616674K->28036K(650240K)] 661194K->72556K(2048512K), 0.0121256 secs] [Times: user=0.13 sys=0.00, real=0.01 secs] 
2020-09-29T17:50:33.280+0200: 52.513: [GC (Allocation Failure) [PSYoungGen: 627588K->24228K(648192K)] 672108K->68748K(2046464K), 0.0108148 secs] [Times: user=0.11 sys=0.00, real=0.01 secs] 
2020-09-29T17:50:33.345+0200: 52.578: [GC (Allocation Failure) [PSYoungGen: 623780K->34179K(650752K)] 668300K->78699K(2049024K), 0.0156884 secs] [Times: user=0.11 sys=0.00, real=0.02 secs] 
2020-09-29T17:50:33.415+0200: 52.648: [GC (Allocation Failure) [PSYoungGen: 636803K->48101K(650752K)] 681323K->93341K(2049024K), 0.0166455 secs] [Times: user=0.13 sys=0.00, real=0.02 secs] 
2020-09-29T17:50:33.483+0200: 52.716: [GC (Allocation Failure) [PSYoungGen: 650725K->48101K(631296K)] 695965K->95117K(2029568K), 0.0174473 secs] [Times: user=0.13 sys=0.00, real=0.02 secs] 
2020-09-29T17:50:33.551+0200: 52.784: [GC (Allocation Failure) [PSYoungGen: 631269K->45221K(628736K)] 678285K->92237K(2027008K), 0.0158467 secs] [Times: user=0.03 sys=0.00, real=0.02 secs] 
2020-09-29T17:50:33.618+0200: 52.851: [GC (Allocation Failure) [PSYoungGen: 628389K->40485K(639488K)] 675405K->87501K(2037760K), 0.0157338 secs] [Times: user=0.11 sys=0.00, real=0.02 secs] 
2020-09-29T17:50:33.685+0200: 52.918: [GC (Allocation Failure) [PSYoungGen: 620069K->31204K(638976K)] 667085K->78220K(2037248K), 0.0117033 secs] [Times: user=0.13 sys=0.00, real=0.01 secs] 
2020-09-29T17:50:33.746+0200: 52.979: [GC (Allocation Failure) [PSYoungGen: 610788K->20644K(641024K)] 657804K->67660K(2039296K), 0.0079847 secs] [Times: user=0.00 sys=0.00, real=0.01 secs] 
2020-09-29T17:50:33.804+0200: 53.037: [GC (Allocation Failure) [PSYoungGen: 603812K->29317K(641024K)] 650828K->76333K(2039296K), 0.0101149 secs] [Times: user=0.00 sys=0.00, real=0.01 secs] 
2020-09-29T17:50:33.868+0200: 53.101: [GC (Allocation Failure) [PSYoungGen: 612485K->8866K(639488K)] 659501K->55882K(2037760K), 0.0052534 secs] [Times: user=0.00 sys=0.00, real=0.00 secs] 
2020-09-29T17:50:33.923+0200: 53.156: [GC (Allocation Failure) [PSYoungGen: 592034K->31461K(641024K)] 639050K->78477K(2039296K), 0.0111701 secs] [Times: user=0.13 sys=0.00, real=0.01 secs] 
2020-09-29T17:50:33.984+0200: 53.217: [GC (Allocation Failure) [PSYoungGen: 614629K->40453K(641024K)] 661645K->87469K(2039296K), 0.0145580 secs] [Times: user=0.13 sys=0.00, real=0.02 secs] 
2020-09-29T17:50:34.051+0200: 53.284: [GC (Allocation Failure) [PSYoungGen: 625669K->37765K(642048K)] 672685K->84781K(2040320K), 0.0138708 secs] [Times: user=0.00 sys=0.00, real=0.01 secs] 
2020-09-29T17:50:34.115+0200: 53.348: [GC (Allocation Failure) [PSYoungGen: 622981K->48741K(634368K)] 669997K->95757K(2032640K), 0.0168242 secs] [Times: user=0.13 sys=0.00, real=0.02 secs] 
2020-09-29T17:50:34.181+0200: 53.414: [GC (Allocation Failure) [PSYoungGen: 626789K->38597K(638464K)] 673805K->85613K(2036736K), 0.0134374 secs] [Times: user=0.13 sys=0.00, real=0.01 secs] 
2020-09-29T17:50:34.244+0200: 53.477: [GC (Allocation Failure) [PSYoungGen: 616645K->25987K(640512K)] 663661K->73003K(2038784K), 0.0100813 secs] [Times: user=0.13 sys=0.00, real=0.01 secs] 
2020-09-29T17:50:34.305+0200: 53.538: [GC (Allocation Failure) [PSYoungGen: 607107K->31587K(639488K)] 654123K->78603K(2037760K), 0.0125514 secs] [Times: user=0.13 sys=0.00, real=0.01 secs] 
2020-09-29T17:50:34.368+0200: 53.600: [GC (Allocation Failure) [PSYoungGen: 612707K->24132K(643584K)] 659723K->71148K(2041856K), 0.0092260 secs] [Times: user=0.00 sys=0.00, real=0.01 secs] 
2020-09-29T17:50:34.430+0200: 53.662: [GC (Allocation Failure) [PSYoungGen: 611396K->37157K(642560K)] 658412K->84173K(2040832K), 0.0127755 secs] [Times: user=0.00 sys=0.00, real=0.01 secs] 
2020-09-29T17:50:34.493+0200: 53.726: [GC (Allocation Failure) [PSYoungGen: 624421K->50245K(634880K)] 671437K->97261K(2033152K), 0.0169842 secs] [Times: user=0.13 sys=0.00, real=0.02 secs] 
2020-09-29T17:50:34.560+0200: 53.793: [GC (Allocation Failure) [PSYoungGen: 630341K->56069K(636416K)] 677357K->103085K(2034688K), 0.0191683 secs] [Times: user=0.13 sys=0.00, real=0.02 secs] 
2020-09-29T17:50:34.631+0200: 53.864: [GC (Allocation Failure) [PSYoungGen: 636165K->48293K(629248K)] 683181K->95309K(2027520K), 0.0178698 secs] [Times: user=0.13 sys=0.00, real=0.02 secs] 
2020-09-29T17:50:34.700+0200: 53.933: [GC (Allocation Failure) [PSYoungGen: 615077K->40837K(632832K)] 662093K->87853K(2031104K), 0.0184068 secs] [Times: user=0.11 sys=0.00, real=0.02 secs] 
2020-09-29T17:50:34.770+0200: 54.002: [GC (Allocation Failure) [PSYoungGen: 607621K->33349K(636416K)] 654637K->80365K(2034688K), 0.0128906 secs] [Times: user=0.09 sys=0.00, real=0.01 secs] 
2020-09-29T17:50:34.834+0200: 54.067: [GC (Allocation Failure) [PSYoungGen: 605253K->44709K(634368K)] 652269K->91725K(2032640K), 0.0176812 secs] [Times: user=0.13 sys=0.00, real=0.02 secs] 
2020-09-29T17:50:34.901+0200: 54.134: [GC (Allocation Failure) [PSYoungGen: 616613K->41572K(637440K)] 663629K->88588K(2035712K), 0.0149312 secs] [Times: user=0.13 sys=0.00, real=0.01 secs] 
2020-09-29T17:50:34.966+0200: 54.199: [GC (Allocation Failure) [PSYoungGen: 616036K->41829K(635904K)] 663052K->88845K(2034176K), 0.0161621 secs] [Times: user=0.13 sys=0.00, real=0.02 secs] 
2020-09-29T17:50:35.031+0200: 54.264: [GC (Allocation Failure) [PSYoungGen: 616293K->42021K(639488K)] 663309K->89037K(2037760K), 0.0149860 secs] [Times: user=0.13 sys=0.00, real=0.02 secs] 
2020-09-29T17:50:35.097+0200: 54.330: [GC (Allocation Failure) [PSYoungGen: 621093K->18818K(598016K)] 668109K->65834K(1996288K), 0.0086336 secs] [Times: user=0.13 sys=0.00, real=0.01 secs] 
2020-09-29T17:50:35.156+0200: 54.388: [GC (Allocation Failure) [PSYoungGen: 597890K->37349K(640000K)] 644906K->84365K(2038272K), 0.0131943 secs] [Times: user=0.13 sys=0.00, real=0.01 secs] 
2020-09-29T17:50:35.219+0200: 54.452: [GC (Allocation Failure) [PSYoungGen: 616421K->42181K(637952K)] 663437K->89197K(2036224K), 0.0144044 secs] [Times: user=0.13 sys=0.00, real=0.02 secs] 
2020-09-29T17:50:35.300+0200: 54.533: [GC (Allocation Failure) [PSYoungGen: 621253K->31492K(641536K)] 668269K->78508K(2039808K), 0.0124220 secs] [Times: user=0.13 sys=0.00, real=0.01 secs] 
2020-09-29T17:50:35.362+0200: 54.595: [GC (Allocation Failure) [PSYoungGen: 614660K->40453K(640512K)] 661676K->87469K(2038784K), 0.0134945 secs] [Times: user=0.13 sys=0.00, real=0.01 secs] 
2020-09-29T17:50:35.427+0200: 54.660: [GC (Allocation Failure) [PSYoungGen: 623621K->49381K(637952K)] 670637K->96397K(2036224K), 0.0161359 secs] [Times: user=0.13 sys=0.00, real=0.02 secs] 
2020-09-29T17:50:35.494+0200: 54.727: [GC (Allocation Failure) [PSYoungGen: 630501K->28869K(640000K)] 677517K->75885K(2038272K), 0.0109161 secs] [Times: user=0.13 sys=0.00, real=0.01 secs] 
2020-09-29T17:50:35.557+0200: 54.789: [GC (Allocation Failure) [PSYoungGen: 609989K->35685K(642048K)] 657005K->82701K(2040320K), 0.0136626 secs] [Times: user=0.13 sys=0.00, real=0.01 secs] 
2020-09-29T17:50:35.622+0200: 54.855: [GC (Allocation Failure) [PSYoungGen: 618853K->44645K(640000K)] 665869K->91661K(2038272K), 0.0171619 secs] [Times: user=0.11 sys=0.00, real=0.02 secs] 
2020-09-29T17:50:35.689+0200: 54.922: [GC (Allocation Failure) [PSYoungGen: 627813K->25989K(641024K)] 674829K->73005K(2039296K), 0.0099887 secs] [Times: user=0.13 sys=0.00, real=0.01 secs] 
2020-09-29T17:50:35.750+0200: 54.982: [GC (Allocation Failure) [PSYoungGen: 609157K->46340K(629760K)] 656173K->93356K(2028032K), 0.0166304 secs] [Times: user=0.13 sys=0.00, real=0.02 secs] 
2020-09-29T17:50:35.816+0200: 55.049: [GC (Allocation Failure) [PSYoungGen: 629508K->41573K(640512K)] 676524K->88589K(2038784K), 0.0145275 secs] [Times: user=0.08 sys=0.00, real=0.02 secs] 
2020-09-29T17:50:35.882+0200: 55.114: [GC (Allocation Failure) [PSYoungGen: 622693K->47173K(628736K)] 669709K->94189K(2027008K), 0.0164860 secs] [Times: user=0.13 sys=0.00, real=0.02 secs] 
2020-09-29T17:50:35.948+0200: 55.180: [GC (Allocation Failure) [PSYoungGen: 628293K->40101K(640512K)] 675309K->87117K(2038784K), 0.0144226 secs] [Times: user=0.13 sys=0.00, real=0.01 secs] 
2020-09-29T17:50:36.012+0200: 55.244: [GC (Allocation Failure) [PSYoungGen: 620709K->32805K(638976K)] 667725K->79821K(2037248K), 0.0118530 secs] [Times: user=0.13 sys=0.00, real=0.01 secs] 
2020-09-29T17:50:36.074+0200: 55.306: [GC (Allocation Failure) [PSYoungGen: 613413K->39205K(643072K)] 660429K->86221K(2041344K), 0.0131379 secs] [Times: user=0.13 sys=0.00, real=0.01 secs] 
2020-09-29T17:50:36.139+0200: 55.371: [GC (Allocation Failure) [PSYoungGen: 624933K->37029K(641536K)] 671949K->84045K(2039808K), 0.0129055 secs] [Times: user=0.13 sys=0.00, real=0.01 secs] 
2020-09-29T17:50:36.202+0200: 55.434: [GC (Allocation Failure) [PSYoungGen: 622757K->48581K(640512K)] 669773K->95597K(2038784K), 0.0168348 secs] [Times: user=0.13 sys=0.00, real=0.02 secs] 
2020-09-29T17:50:36.269+0200: 55.501: [GC (Allocation Failure) [PSYoungGen: 634821K->33125K(642560K)] 681837K->80141K(2040832K), 0.0113936 secs] [Times: user=0.13 sys=0.00, real=0.01 secs] 
2020-09-29T17:50:36.330+0200: 55.562: [GC (Allocation Failure) [PSYoungGen: 619365K->31237K(643584K)] 666381K->78253K(2041856K), 0.0116341 secs] [Times: user=0.13 sys=0.00, real=0.01 secs] 
2020-09-29T17:50:36.392+0200: 55.625: [GC (Allocation Failure) [PSYoungGen: 619013K->29092K(643072K)] 666029K->76108K(2041344K), 0.0109427 secs] [Times: user=0.13 sys=0.00, real=0.01 secs] 
2020-09-29T17:50:36.454+0200: 55.686: [GC (Allocation Failure) [PSYoungGen: 616868K->13282K(638464K)] 663884K->60298K(2036736K), 0.0063515 secs] [Times: user=0.13 sys=0.00, real=0.01 secs] 
2020-09-29T17:50:36.510+0200: 55.742: [GC (Allocation Failure) [PSYoungGen: 596450K->20483K(641024K)] 643466K->67499K(2039296K), 0.0084836 secs] [Times: user=0.00 sys=0.00, real=0.01 secs] 
2020-09-29T17:50:36.569+0200: 55.801: [GC (Allocation Failure) [PSYoungGen: 603651K->42661K(638976K)] 650667K->89677K(2037248K), 0.0163514 secs] [Times: user=0.11 sys=0.00, real=0.02 secs] 
2020-09-29T17:50:36.637+0200: 55.869: [GC (Allocation Failure) [PSYoungGen: 623781K->35588K(640000K)] 670797K->82604K(2038272K), 0.0138166 secs] [Times: user=0.13 sys=0.00, real=0.01 secs] 
2020-09-29T17:50:36.701+0200: 55.933: [GC (Allocation Failure) [PSYoungGen: 616708K->42405K(640000K)] 663724K->89421K(2038272K), 0.0153740 secs] [Times: user=0.13 sys=0.00, real=0.02 secs] 
2020-09-29T17:50:36.767+0200: 55.999: [GC (Allocation Failure) [PSYoungGen: 625573K->51365K(634880K)] 672589K->98381K(2033152K), 0.0175867 secs] [Times: user=0.13 sys=0.00, real=0.02 secs] 
2020-09-29T17:50:36.834+0200: 56.067: [GC (Allocation Failure) [PSYoungGen: 634533K->46629K(635392K)] 681549K->93645K(2033664K), 0.0160971 secs] [Times: user=0.09 sys=0.00, real=0.02 secs] 
2020-09-29T17:50:36.900+0200: 56.132: [GC (Allocation Failure) [PSYoungGen: 620581K->32452K(636416K)] 667597K->79468K(2034688K), 0.0123628 secs] [Times: user=0.13 sys=0.00, real=0.01 secs] 
2020-09-29T17:50:36.961+0200: 56.193: [GC (Allocation Failure) [PSYoungGen: 606404K->44549K(636928K)] 653420K->91565K(2035200K), 0.0159810 secs] [Times: user=0.13 sys=0.00, real=0.02 secs] 
2020-09-29T17:50:37.028+0200: 56.260: [GC (Allocation Failure) [PSYoungGen: 620549K->15267K(591360K)] 667565K->62283K(1989632K), 0.0064509 secs] [Times: user=0.00 sys=0.00, real=0.01 secs] 
2020-09-29T17:50:37.084+0200: 56.316: [GC (Allocation Failure) [PSYoungGen: 591267K->30532K(637952K)] 638283K->77548K(2036224K), 0.0117063 secs] [Times: user=0.00 sys=0.00, real=0.01 secs] 
2020-09-29T17:50:37.146+0200: 56.378: [GC (Allocation Failure) [PSYoungGen: 605508K->30340K(635904K)] 652524K->77356K(2034176K), 0.0124862 secs] [Times: user=0.00 sys=0.00, real=0.01 secs] 
2020-09-29T17:50:37.208+0200: 56.440: [GC (Allocation Failure) [PSYoungGen: 605316K->44645K(637440K)] 652332K->91661K(2035712K), 0.0155839 secs] [Times: user=0.00 sys=0.00, real=0.02 secs] 
2020-09-29T17:50:37.273+0200: 56.505: [GC (Allocation Failure) [PSYoungGen: 622693K->34693K(638464K)] 669709K->81709K(2036736K), 0.0125027 secs] [Times: user=0.00 sys=0.00, real=0.01 secs] 
2020-09-29T17:50:37.334+0200: 56.567: [GC (Allocation Failure) [PSYoungGen: 612741K->38565K(641536K)] 659757K->85581K(2039808K), 0.0134592 secs] [Times: user=0.00 sys=0.00, real=0.01 secs] 
2020-09-29T17:50:37.399+0200: 56.632: [GC (Allocation Failure) [PSYoungGen: 621733K->32195K(640512K)] 668749K->79211K(2038784K), 0.0126164 secs] [Times: user=0.13 sys=0.00, real=0.01 secs] 
2020-09-29T17:50:37.462+0200: 56.694: [GC (Allocation Failure) [PSYoungGen: 615363K->41125K(643072K)] 662379K->88141K(2041344K), 0.0145445 secs] [Times: user=0.13 sys=0.00, real=0.02 secs] 
2020-09-29T17:50:37.526+0200: 56.759: [GC (Allocation Failure) [PSYoungGen: 628389K->40453K(643072K)] 675405K->87469K(2041344K), 0.0142331 secs] [Times: user=0.13 sys=0.00, real=0.01 secs] 
2020-09-29T17:50:37.592+0200: 56.825: [GC (Allocation Failure) [PSYoungGen: 627717K->39845K(644096K)] 674733K->86861K(2042368K), 0.0143552 secs] [Times: user=0.11 sys=0.00, real=0.02 secs] 
2020-09-29T17:50:37.659+0200: 56.891: [GC (Allocation Failure) [PSYoungGen: 628645K->40677K(643584K)] 675661K->87693K(2041856K), 0.0140614 secs] [Times: user=0.13 sys=0.00, real=0.01 secs] 
2020-09-29T17:50:37.724+0200: 56.957: [GC (Allocation Failure) [PSYoungGen: 629477K->54245K(634368K)] 676493K->102253K(2032640K), 0.0189509 secs] [Times: user=0.13 sys=0.00, real=0.02 secs] 
2020-09-29T17:50:37.793+0200: 57.025: [GC (Allocation Failure) [PSYoungGen: 634341K->32932K(639488K)] 682349K->80940K(2037760K), 0.0125173 secs] [Times: user=0.13 sys=0.00, real=0.01 secs] 
2020-09-29T17:50:37.855+0200: 57.087: [GC (Allocation Failure) [PSYoungGen: 613028K->22724K(639488K)] 661036K->70732K(2037760K), 0.0087014 secs] [Times: user=0.01 sys=0.00, real=0.01 secs] 
2020-09-29T17:50:37.913+0200: 57.145: [GC (Allocation Failure) [PSYoungGen: 603844K->56997K(638464K)] 651852K->105005K(2036736K), 0.0187983 secs] [Times: user=0.13 sys=0.00, real=0.02 secs] 
2020-09-29T17:50:37.982+0200: 57.215: [GC (Allocation Failure) [PSYoungGen: 638117K->50149K(627200K)] 686125K->98157K(2025472K), 0.0184736 secs] [Times: user=0.13 sys=0.00, real=0.02 secs] 
2020-09-29T17:50:38.049+0200: 57.282: [GC (Allocation Failure) [PSYoungGen: 616933K->28356K(632832K)] 664941K->76364K(2031104K), 0.0109597 secs] [Times: user=0.13 sys=0.00, real=0.01 secs] 
2020-09-29T17:50:38.109+0200: 57.342: [GC (Allocation Failure) [PSYoungGen: 595140K->48229K(632320K)] 643148K->96237K(2030592K), 0.0168165 secs] [Times: user=0.13 sys=0.00, real=0.02 secs] 
2020-09-29T17:50:38.176+0200: 57.408: [GC (Allocation Failure) [PSYoungGen: 615013K->40484K(632832K)] 663021K->88492K(2031104K), 0.0163333 secs] [Times: user=0.13 sys=0.00, real=0.02 secs] 
2020-09-29T17:50:38.240+0200: 57.473: [GC (Allocation Failure) [PSYoungGen: 607268K->33029K(636416K)] 655276K->81037K(2034688K), 0.0117598 secs] [Times: user=0.00 sys=0.00, real=0.01 secs] 
2020-09-29T17:50:38.301+0200: 57.534: [GC (Allocation Failure) [PSYoungGen: 605445K->31013K(634880K)] 653453K->79021K(2033152K), 0.0105786 secs] [Times: user=0.00 sys=0.00, real=0.01 secs] 
2020-09-29T17:50:38.361+0200: 57.594: [GC (Allocation Failure) [PSYoungGen: 603429K->42885K(637952K)] 651437K->90893K(2036224K), 0.0146317 secs] [Times: user=0.13 sys=0.00, real=0.01 secs] 
2020-09-29T17:50:38.425+0200: 57.658: [GC (Allocation Failure) [PSYoungGen: 618885K->30115K(636928K)] 666893K->78123K(2035200K), 0.0121754 secs] [Times: user=0.13 sys=0.00, real=0.01 secs] 
2020-09-29T17:50:38.487+0200: 57.719: [GC (Allocation Failure) [PSYoungGen: 606115K->31364K(639488K)] 654123K->79372K(2037760K), 0.0125982 secs] [Times: user=0.13 sys=0.00, real=0.01 secs] 
2020-09-29T17:50:38.549+0200: 57.781: [GC (Allocation Failure) [PSYoungGen: 610436K->33316K(638464K)] 658444K->81324K(2036736K), 0.0127050 secs] [Times: user=0.13 sys=0.00, real=0.01 secs] 
2020-09-29T17:50:38.612+0200: 57.845: [GC (Allocation Failure) [PSYoungGen: 612388K->23237K(641024K)] 660396K->71245K(2039296K), 0.0086006 secs] [Times: user=0.11 sys=0.00, real=0.01 secs] 
2020-09-29T17:50:38.675+0200: 57.907: [GC (Allocation Failure) [PSYoungGen: 606405K->32133K(641024K)] 654413K->80141K(2039296K), 0.0112838 secs] [Times: user=0.13 sys=0.00, real=0.01 secs] 
2020-09-29T17:50:38.736+0200: 57.969: [GC (Allocation Failure) [PSYoungGen: 615301K->41125K(642560K)] 663309K->89133K(2040832K), 0.0148865 secs] [Times: user=0.13 sys=0.00, real=0.01 secs] 
2020-09-29T17:50:38.801+0200: 58.034: [GC (Allocation Failure) [PSYoungGen: 627365K->39429K(642560K)] 675373K->87437K(2040832K), 0.0140586 secs] [Times: user=0.00 sys=0.00, real=0.01 secs] 
2020-09-29T17:50:38.866+0200: 58.098: [GC (Allocation Failure) [PSYoungGen: 625669K->51525K(635904K)] 673677K->99533K(2034176K), 0.0179946 secs] [Times: user=0.13 sys=0.00, real=0.02 secs] 
2020-09-29T17:50:38.934+0200: 58.166: [GC (Allocation Failure) [PSYoungGen: 631621K->43685K(639488K)] 679629K->91693K(2037760K), 0.0149855 secs] [Times: user=0.13 sys=0.00, real=0.01 secs] 
2020-09-29T17:50:38.999+0200: 58.232: [GC (Allocation Failure) [PSYoungGen: 623781K->34180K(640512K)] 671789K->82188K(2038784K), 0.0134095 secs] [Times: user=0.13 sys=0.00, real=0.01 secs] 
2020-09-29T17:50:39.063+0200: 58.296: [GC (Allocation Failure) [PSYoungGen: 615300K->26597K(639488K)] 663308K->74605K(2037760K), 0.0098896 secs] [Times: user=0.13 sys=0.00, real=0.01 secs] 
2020-09-29T17:50:39.122+0200: 58.355: [GC (Allocation Failure) [PSYoungGen: 607717K->32228K(642048K)] 655725K->80236K(2040320K), 0.0117910 secs] [Times: user=0.13 sys=0.00, real=0.01 secs] 
2020-09-29T17:50:39.192+0200: 58.424: [GC (Allocation Failure) [PSYoungGen: 616420K->28357K(641024K)] 664428K->76365K(2039296K), 0.0118199 secs] [Times: user=0.00 sys=0.00, real=0.01 secs] 
2020-09-29T17:50:39.254+0200: 58.487: [GC (Allocation Failure) [PSYoungGen: 612549K->23396K(642560K)] 660557K->71404K(2040832K), 0.0083912 secs] [Times: user=0.00 sys=0.00, real=0.01 secs] 
2020-09-29T17:50:39.314+0200: 58.547: [GC (Allocation Failure) [PSYoungGen: 609636K->33027K(642560K)] 657644K->81035K(2040832K), 0.0139098 secs] [Times: user=0.11 sys=0.00, real=0.02 secs] 
2020-09-29T17:50:39.389+0200: 58.621: [GC (Allocation Failure) [PSYoungGen: 619267K->45093K(640512K)] 667275K->93101K(2038784K), 0.0157880 secs] [Times: user=0.13 sys=0.00, real=0.02 secs] 
2020-09-29T17:50:39.455+0200: 58.688: [GC (Allocation Failure) [PSYoungGen: 631333K->43365K(629760K)] 679341K->91373K(2028032K), 0.0151337 secs] [Times: user=0.13 sys=0.00, real=0.02 secs] 
2020-09-29T17:50:39.521+0200: 58.753: [GC (Allocation Failure) [PSYoungGen: 629605K->28069K(642560K)] 677613K->76077K(2040832K), 0.0092772 secs] [Times: user=0.00 sys=0.00, real=0.01 secs] 
2020-09-29T17:50:39.581+0200: 58.814: [GC (Allocation Failure) [PSYoungGen: 613285K->23524K(641536K)] 661293K->71532K(2039808K), 0.0095639 secs] [Times: user=0.11 sys=0.00, real=0.01 secs] 
2020-09-29T17:50:39.644+0200: 58.876: [GC (Allocation Failure) [PSYoungGen: 608740K->48133K(636416K)] 656748K->96141K(2034688K), 0.0163054 secs] [Times: user=0.13 sys=0.00, real=0.02 secs] 
2020-09-29T17:50:39.710+0200: 58.943: [GC (Allocation Failure) [PSYoungGen: 628229K->54117K(634368K)] 676237K->102125K(2032640K), 0.0180937 secs] [Times: user=0.11 sys=0.00, real=0.02 secs] 
2020-09-29T17:50:39.780+0200: 59.013: [GC (Allocation Failure) [PSYoungGen: 634213K->46277K(633856K)] 682221K->94285K(2032128K), 0.0169837 secs] [Times: user=0.13 sys=0.00, real=0.02 secs] 
2020-09-29T17:50:39.850+0200: 59.083: [GC (Allocation Failure) [PSYoungGen: 616133K->41861K(634368K)] 664141K->89869K(2032640K), 0.0165424 secs] [Times: user=0.13 sys=0.00, real=0.02 secs] 
2020-09-29T17:50:39.918+0200: 59.151: [GC (Allocation Failure) [PSYoungGen: 611717K->37477K(637952K)] 659725K->85485K(2036224K), 0.0151661 secs] [Times: user=0.13 sys=0.00, real=0.02 secs] 
2020-09-29T17:50:39.984+0200: 59.217: [GC (Allocation Failure) [PSYoungGen: 611941K->37060K(635392K)] 659949K->85068K(2033664K), 0.0134114 secs] [Times: user=0.13 sys=0.00, real=0.01 secs] 
2020-09-29T17:50:40.048+0200: 59.280: [GC (Allocation Failure) [PSYoungGen: 611524K->23589K(638976K)] 659532K->71597K(2037248K), 0.0081365 secs] [Times: user=0.13 sys=0.00, real=0.01 secs] 
2020-09-29T17:50:40.106+0200: 59.338: [GC (Allocation Failure) [PSYoungGen: 603685K->27331K(639488K)] 651693K->75339K(2037760K), 0.0115894 secs] [Times: user=0.13 sys=0.00, real=0.01 secs] 
2020-09-29T17:50:40.167+0200: 59.399: [GC (Allocation Failure) [PSYoungGen: 607427K->46853K(636928K)] 655435K->94861K(2035200K), 0.0160018 secs] [Times: user=0.13 sys=0.00, real=0.02 secs] 
2020-09-29T17:50:40.233+0200: 59.466: [GC (Allocation Failure) [PSYoungGen: 624901K->35908K(638464K)] 672909K->83916K(2036736K), 0.0145410 secs] [Times: user=0.13 sys=0.00, real=0.01 secs] 
2020-09-29T17:50:40.298+0200: 59.530: [GC (Allocation Failure) [PSYoungGen: 613956K->25988K(640512K)] 661964K->73996K(2038784K), 0.0101018 secs] [Times: user=0.13 sys=0.00, real=0.01 secs] 
2020-09-29T17:50:40.358+0200: 59.590: [GC (Allocation Failure) [PSYoungGen: 608132K->33893K(640512K)] 656140K->81901K(2038784K), 0.0117418 secs] [Times: user=0.13 sys=0.00, real=0.01 secs] 
2020-09-29T17:50:40.427+0200: 59.660: [GC (Allocation Failure) [PSYoungGen: 616037K->27845K(643072K)] 664045K->75853K(2041344K), 0.0108707 secs] [Times: user=0.00 sys=0.00, real=0.01 secs] 
2020-09-29T17:50:40.490+0200: 59.722: [GC (Allocation Failure) [PSYoungGen: 614597K->26661K(642560K)] 662605K->74669K(2040832K), 0.0094991 secs] [Times: user=0.00 sys=0.00, real=0.01 secs] 
2020-09-29T17:50:40.550+0200: 59.782: [GC (Allocation Failure) [PSYoungGen: 613413K->25188K(644608K)] 661421K->73196K(2042880K), 0.0096092 secs] [Times: user=0.13 sys=0.00, real=0.01 secs] 
2020-09-29T17:50:40.612+0200: 59.844: [GC (Allocation Failure) [PSYoungGen: 615012K->40869K(630784K)] 663020K->88877K(2029056K), 0.0156336 secs] [Times: user=0.11 sys=0.00, real=0.02 secs] 
2020-09-29T17:50:40.679+0200: 59.911: [GC (Allocation Failure) [PSYoungGen: 630693K->42821K(641536K)] 678701K->90829K(2039808K), 0.0147618 secs] [Times: user=0.13 sys=0.00, real=0.02 secs] 
2020-09-29T17:50:40.754+0200: 59.987: [GC (Allocation Failure) [PSYoungGen: 629061K->54821K(641536K)] 677069K->102829K(2039808K), 0.0186597 secs] [Times: user=0.25 sys=0.00, real=0.02 secs] 
2020-09-29T17:50:40.823+0200: 60.056: [GC (Allocation Failure) [PSYoungGen: 641061K->37668K(637440K)] 689069K->85676K(2035712K), 0.0144451 secs] [Times: user=0.13 sys=0.00, real=0.02 secs] 
2020-09-29T17:50:40.888+0200: 60.121: [GC (Allocation Failure) [PSYoungGen: 617764K->28613K(639488K)] 665772K->76621K(2037760K), 0.0105853 secs] [Times: user=0.13 sys=0.00, real=0.01 secs] 
2020-09-29T17:50:40.951+0200: 60.183: [GC (Allocation Failure) [PSYoungGen: 608709K->34469K(642048K)] 656717K->82477K(2040320K), 0.0130905 secs] [Times: user=0.13 sys=0.00, real=0.01 secs] 
2020-09-29T17:50:41.014+0200: 60.246: [GC (Allocation Failure) [PSYoungGen: 617637K->43429K(640000K)] 665645K->91437K(2038272K), 0.0163974 secs] [Times: user=0.13 sys=0.00, real=0.02 secs] 
2020-09-29T17:50:41.081+0200: 60.313: [GC (Allocation Failure) [PSYoungGen: 626597K->24965K(641536K)] 674605K->72973K(2039808K), 0.0083893 secs] [Times: user=0.13 sys=0.00, real=0.01 secs] 
2020-09-29T17:50:41.144+0200: 60.376: [GC (Allocation Failure) [PSYoungGen: 609157K->34437K(641536K)] 657165K->82445K(2039808K), 0.0127963 secs] [Times: user=0.13 sys=0.00, real=0.01 secs] 
2020-09-29T17:50:41.207+0200: 60.439: [GC (Allocation Failure) [PSYoungGen: 618629K->30725K(644608K)] 666637K->78733K(2042880K), 0.0102510 secs] [Times: user=0.13 sys=0.00, real=0.01 secs] 
2020-09-29T17:50:41.267+0200: 60.500: [GC (Allocation Failure) [PSYoungGen: 619171K->29828K(643584K)] 667179K->77836K(2041856K), 0.0120957 secs] [Times: user=0.11 sys=0.00, real=0.01 secs] 
2020-09-29T17:50:41.330+0200: 60.563: [GC (Allocation Failure) [PSYoungGen: 619140K->44901K(641536K)] 667148K->92909K(2039808K), 0.0158201 secs] [Times: user=0.13 sys=0.00, real=0.02 secs] 
2020-09-29T17:50:41.396+0200: 60.629: [GC (Allocation Failure) [PSYoungGen: 633189K->31621K(643584K)] 681197K->79629K(2041856K), 0.0110166 secs] [Times: user=0.00 sys=0.00, real=0.01 secs] 
2020-09-29T17:50:41.458+0200: 60.690: [GC (Allocation Failure) [PSYoungGen: 619909K->31973K(646144K)] 667917K->79981K(2044416K), 0.0111009 secs] [Times: user=0.00 sys=0.00, real=0.01 secs] 
2020-09-29T17:50:41.519+0200: 60.752: [GC (Allocation Failure) [PSYoungGen: 624357K->50181K(643072K)] 672365K->98189K(2041344K), 0.0179745 secs] [Times: user=0.14 sys=0.00, real=0.02 secs] 
2020-09-29T17:50:41.589+0200: 60.822: [GC (Allocation Failure) [PSYoungGen: 642565K->24163K(641024K)] 690573K->72171K(2039296K), 0.0107639 secs] [Times: user=0.11 sys=0.00, real=0.01 secs] 
2020-09-29T17:50:41.653+0200: 60.885: [GC (Allocation Failure) [PSYoungGen: 609379K->48709K(634368K)] 657387K->96717K(2032640K), 0.0168074 secs] [Times: user=0.13 sys=0.00, real=0.02 secs] 
2020-09-29T17:50:41.720+0200: 60.952: [GC (Allocation Failure) [PSYoungGen: 633925K->31588K(641024K)] 681933K->79596K(2039296K), 0.0125930 secs] [Times: user=0.11 sys=0.00, real=0.01 secs] 
2020-09-29T17:50:41.782+0200: 61.014: [GC (Allocation Failure) [PSYoungGen: 613220K->37380K(639488K)] 661228K->85388K(2037760K), 0.0140824 secs] [Times: user=0.13 sys=0.00, real=0.01 secs] 
2020-09-29T17:50:41.846+0200: 61.078: [GC (Allocation Failure) [PSYoungGen: 619012K->31109K(643584K)] 667020K->79117K(2041856K), 0.0110064 secs] [Times: user=0.13 sys=0.00, real=0.01 secs] 
2020-09-29T17:50:41.907+0200: 61.140: [GC (Allocation Failure) [PSYoungGen: 618373K->42372K(642560K)] 666381K->90380K(2040832K), 0.0151176 secs] [Times: user=0.13 sys=0.00, real=0.01 secs] 
2020-09-29T17:50:41.973+0200: 61.205: [GC (Allocation Failure) [PSYoungGen: 629636K->27172K(643584K)] 677644K->75180K(2041856K), 0.0100802 secs] [Times: user=0.00 sys=0.00, real=0.01 secs] 
2020-09-29T17:50:42.033+0200: 61.266: [GC (Allocation Failure) [PSYoungGen: 614948K->25956K(643072K)] 662956K->73964K(2041344K), 0.0109922 secs] [Times: user=0.13 sys=0.00, real=0.02 secs] 
2020-09-29T17:50:42.103+0200: 61.336: [GC (Allocation Failure) [PSYoungGen: 613732K->53285K(634368K)] 661740K->101293K(2032640K), 0.0182427 secs] [Times: user=0.13 sys=0.00, real=0.02 secs] 
2020-09-29T17:50:42.171+0200: 61.404: [GC (Allocation Failure) [PSYoungGen: 632357K->28644K(638976K)] 680365K->76652K(2037248K), 0.0112409 secs] [Times: user=0.13 sys=0.00, real=0.01 secs] 
2020-09-29T17:50:42.232+0200: 61.465: [GC (Allocation Failure) [PSYoungGen: 607716K->33413K(642048K)] 655724K->81421K(2040320K), 0.0124817 secs] [Times: user=0.13 sys=0.00, real=0.01 secs] 
2020-09-29T17:50:42.295+0200: 61.528: [GC (Allocation Failure) [PSYoungGen: 616581K->56101K(639488K)] 664589K->104109K(2037760K), 0.0188173 secs] [Times: user=0.13 sys=0.00, real=0.02 secs] 
2020-09-29T17:50:42.365+0200: 61.597: [GC (Allocation Failure) [PSYoungGen: 639269K->22884K(633344K)] 687277K->70892K(2031616K), 0.0083803 secs] [Times: user=0.00 sys=0.00, real=0.01 secs] 
2020-09-29T17:50:42.422+0200: 61.655: [GC (Allocation Failure) [PSYoungGen: 596836K->49925K(624128K)] 644844K->97933K(2022400K), 0.0171534 secs] [Times: user=0.13 sys=0.00, real=0.02 secs] 
2020-09-29T17:50:42.488+0200: 61.721: [GC (Allocation Failure) [PSYoungGen: 623877K->32036K(635904K)] 671885K->80044K(2034176K), 0.0125169 secs] [Times: user=0.08 sys=0.03, real=0.01 secs] 
2020-09-29T17:50:42.550+0200: 61.782: [GC (Allocation Failure) [PSYoungGen: 602916K->28452K(633856K)] 650924K->76460K(2032128K), 0.0106775 secs] [Times: user=0.13 sys=0.00, real=0.01 secs] 
2020-09-29T17:50:42.612+0200: 61.845: [GC (Allocation Failure) [PSYoungGen: 599332K->38789K(638464K)] 647340K->86797K(2036736K), 0.0145981 secs] [Times: user=0.11 sys=0.00, real=0.02 secs] 
2020-09-29T17:50:42.676+0200: 61.908: [GC (Allocation Failure) [PSYoungGen: 615301K->26692K(636928K)] 663309K->74700K(2035200K), 0.0101358 secs] [Times: user=0.00 sys=0.00, real=0.01 secs] 
2020-09-29T17:50:42.735+0200: 61.968: [GC (Allocation Failure) [PSYoungGen: 603204K->42437K(638976K)] 651212K->90445K(2037248K), 0.0150964 secs] [Times: user=0.13 sys=0.00, real=0.02 secs] 
2020-09-29T17:50:42.800+0200: 62.033: [GC (Allocation Failure) [PSYoungGen: 621509K->33541K(638976K)] 669517K->81549K(2037248K), 0.0113156 secs] [Times: user=0.13 sys=0.00, real=0.01 secs] 
2020-09-29T17:50:42.861+0200: 62.094: [GC (Allocation Failure) [PSYoungGen: 612613K->37029K(642560K)] 660621K->85037K(2040832K), 0.0136091 secs] [Times: user=0.13 sys=0.00, real=0.01 secs] 
2020-09-29T17:50:42.925+0200: 62.157: [GC (Allocation Failure) [PSYoungGen: 621733K->31971K(641024K)] 669741K->79979K(2039296K), 0.0128097 secs] [Times: user=0.13 sys=0.00, real=0.01 secs] 
2020-09-29T17:50:42.988+0200: 62.221: [GC (Allocation Failure) [PSYoungGen: 616675K->54757K(632832K)] 664683K->104013K(2031104K), 0.0193726 secs] [Times: user=0.20 sys=0.00, real=0.02 secs] 
2020-09-29T17:50:43.058+0200: 62.291: [GC (Allocation Failure) [PSYoungGen: 632805K->46277K(624640K)] 682061K->95533K(2022912K), 0.0156979 secs] [Times: user=0.13 sys=0.00, real=0.02 secs] 
2020-09-29T17:50:43.124+0200: 62.357: [GC (Allocation Failure) [PSYoungGen: 624325K->21252K(636416K)] 673581K->70508K(2034688K), 0.0081098 secs] [Times: user=0.13 sys=0.00, real=0.01 secs] 
2020-09-29T17:50:43.182+0200: 62.414: [GC (Allocation Failure) [PSYoungGen: 596228K->35460K(636928K)] 645484K->84716K(2035200K), 0.0134166 secs] [Times: user=0.13 sys=0.00, real=0.01 secs] 
2020-09-29T17:50:43.244+0200: 62.477: [GC (Allocation Failure) [PSYoungGen: 610436K->35204K(641024K)] 659692K->84460K(2039296K), 0.0134344 secs] [Times: user=0.13 sys=0.00, real=0.01 secs] 
2020-09-29T17:50:43.311+0200: 62.543: [GC (Allocation Failure) [PSYoungGen: 616324K->41156K(638976K)] 665580K->90412K(2037248K), 0.0163831 secs] [Times: user=0.13 sys=0.00, real=0.02 secs] 
2020-09-29T17:50:43.380+0200: 62.613: [GC (Allocation Failure) [PSYoungGen: 622276K->34341K(643072K)] 671532K->83597K(2041344K), 0.0151014 secs] [Times: user=0.13 sys=0.00, real=0.01 secs] 
2020-09-29T17:50:43.448+0200: 62.681: [GC (Allocation Failure) [PSYoungGen: 620069K->32101K(641536K)] 669325K->81357K(2039808K), 0.0129989 secs] [Times: user=0.13 sys=0.00, real=0.01 secs] 
2020-09-29T17:50:43.513+0200: 62.746: [GC (Allocation Failure) [PSYoungGen: 617829K->28292K(644608K)] 667085K->77548K(2042880K), 0.0100440 secs] [Times: user=0.13 sys=0.00, real=0.01 secs] 
2020-09-29T17:50:43.574+0200: 62.807: [GC (Allocation Failure) [PSYoungGen: 618116K->43909K(633856K)] 667372K->93165K(2032128K), 0.0161511 secs] [Times: user=0.11 sys=0.00, real=0.02 secs] 
2020-09-29T17:50:43.645+0200: 62.878: [GC (Allocation Failure) [PSYoungGen: 633733K->17027K(640512K)] 682989K->66283K(2038784K), 0.0075030 secs] [Times: user=0.00 sys=0.00, real=0.01 secs] 
2020-09-29T17:50:43.704+0200: 62.937: [GC (Allocation Failure) [PSYoungGen: 602243K->27876K(642048K)] 651499K->77132K(2040320K), 0.0107134 secs] [Times: user=0.13 sys=0.00, real=0.01 secs] 
2020-09-29T17:50:43.765+0200: 62.998: [GC (Allocation Failure) [PSYoungGen: 613092K->10178K(640000K)] 662348K->59434K(2038272K), 0.0050877 secs] [Times: user=0.13 sys=0.00, real=0.00 secs] 
2020-09-29T17:50:43.820+0200: 63.053: [GC (Allocation Failure) [PSYoungGen: 594370K->47493K(631808K)] 643626K->96749K(2030080K), 0.0160601 secs] [Times: user=0.13 sys=0.00, real=0.02 secs] 
2020-09-29T17:50:43.886+0200: 63.119: [GC (Allocation Failure) [PSYoungGen: 631685K->43781K(635904K)] 680941K->93037K(2034176K), 0.0149155 secs] [Times: user=0.13 sys=0.00, real=0.02 secs] 
2020-09-29T17:50:43.952+0200: 63.185: [GC (Allocation Failure) [PSYoungGen: 618757K->44549K(620032K)] 668013K->93805K(2018304K), 0.0161000 secs] [Times: user=0.13 sys=0.00, real=0.02 secs] 
2020-09-29T17:50:44.018+0200: 63.250: [GC (Allocation Failure) [PSYoungGen: 619525K->45253K(633344K)] 668781K->94509K(2031616K), 0.0154814 secs] [Times: user=0.13 sys=0.00, real=0.02 secs] 
2020-09-29T17:50:44.083+0200: 63.316: [GC (Allocation Failure) [PSYoungGen: 615109K->38980K(634368K)] 664365K->88236K(2032640K), 0.0145236 secs] [Times: user=0.03 sys=0.00, real=0.02 secs] 
2020-09-29T17:50:44.146+0200: 63.379: [GC (Allocation Failure) [PSYoungGen: 608836K->32323K(638464K)] 658092K->81579K(2036736K), 0.0127398 secs] [Times: user=0.00 sys=0.00, real=0.01 secs] 
2020-09-29T17:50:44.208+0200: 63.441: [GC (Allocation Failure) [PSYoungGen: 608323K->46212K(636416K)] 657579K->95468K(2034688K), 0.0166448 secs] [Times: user=0.13 sys=0.00, real=0.02 secs] 
2020-09-29T17:50:44.275+0200: 63.508: [GC (Allocation Failure) [PSYoungGen: 622212K->33829K(638976K)] 671468K->83085K(2037248K), 0.0123192 secs] [Times: user=0.13 sys=0.00, real=0.01 secs] 
2020-09-29T17:50:44.336+0200: 63.569: [GC (Allocation Failure) [PSYoungGen: 610853K->36645K(636928K)] 660109K->85901K(2035200K), 0.0127312 secs] [Times: user=0.13 sys=0.00, real=0.01 secs] 
2020-09-29T17:50:44.400+0200: 63.633: [GC (Allocation Failure) [PSYoungGen: 613669K->53157K(632832K)] 662925K->102413K(2031104K), 0.0186089 secs] [Times: user=0.13 sys=0.00, real=0.02 secs] 
2020-09-29T17:50:44.468+0200: 63.701: [GC (Allocation Failure) [PSYoungGen: 628133K->40165K(636928K)] 677389K->89421K(2035200K), 0.0144749 secs] [Times: user=0.13 sys=0.00, real=0.01 secs] 
2020-09-29T17:50:44.531+0200: 63.764: [GC (Allocation Failure) [PSYoungGen: 615141K->40933K(640000K)] 664397K->90189K(2038272K), 0.0143389 secs] [Times: user=0.13 sys=0.00, real=0.01 secs] 
2020-09-29T17:50:44.597+0200: 63.830: [GC (Allocation Failure) [PSYoungGen: 621029K->32580K(638976K)] 670285K->81836K(2037248K), 0.0128362 secs] [Times: user=0.05 sys=0.01, real=0.01 secs] 
2020-09-29T17:50:44.661+0200: 63.893: [GC (Allocation Failure) [PSYoungGen: 612676K->52165K(634880K)] 661932K->101421K(2033152K), 0.0175189 secs] [Times: user=0.13 sys=0.00, real=0.02 secs] 
2020-09-29T17:50:44.728+0200: 63.960: [GC (Allocation Failure) [PSYoungGen: 629189K->41285K(637952K)] 678445K->90541K(2036224K), 0.0137712 secs] [Times: user=0.13 sys=0.00, real=0.01 secs] 
2020-09-29T17:50:44.794+0200: 64.026: [GC (Allocation Failure) [PSYoungGen: 618309K->29797K(639488K)] 667565K->79053K(2037760K), 0.0110825 secs] [Times: user=0.13 sys=0.00, real=0.01 secs] 
2020-09-29T17:50:44.854+0200: 64.087: [GC (Allocation Failure) [PSYoungGen: 609381K->17155K(596992K)] 658637K->66411K(1995264K), 0.0074007 secs] [Times: user=0.00 sys=0.00, real=0.01 secs] 
2020-09-29T17:50:44.910+0200: 64.143: [GC (Allocation Failure) [PSYoungGen: 596739K->22020K(637952K)] 645995K->71276K(2036224K), 0.0079463 secs] [Times: user=0.00 sys=0.00, real=0.01 secs] 
2020-09-29T17:50:44.967+0200: 64.200: [GC (Allocation Failure) [PSYoungGen: 599044K->38405K(637952K)] 648300K->87661K(2036224K), 0.0138164 secs] [Times: user=0.13 sys=0.00, real=0.01 secs] 
2020-09-29T17:50:45.030+0200: 64.263: [GC (Allocation Failure) [PSYoungGen: 615429K->25701K(640000K)] 664685K->74957K(2038272K), 0.0092642 secs] [Times: user=0.13 sys=0.00, real=0.01 secs] 
2020-09-29T17:50:45.090+0200: 64.323: [GC (Allocation Failure) [PSYoungGen: 605797K->30564K(638976K)] 655053K->79820K(2037248K), 0.0119745 secs] [Times: user=0.13 sys=0.00, real=0.01 secs] 
2020-09-29T17:50:45.152+0200: 64.385: [GC (Allocation Failure) [PSYoungGen: 610660K->36421K(643072K)] 659916K->85677K(2041344K), 0.0131924 secs] [Times: user=0.13 sys=0.00, real=0.01 secs] 
2020-09-29T17:50:45.216+0200: 64.449: [GC (Allocation Failure) [PSYoungGen: 622149K->33604K(641536K)] 671405K->82860K(2039808K), 0.0130277 secs] [Times: user=0.11 sys=0.00, real=0.01 secs] 
2020-09-29T17:50:45.279+0200: 64.512: [GC (Allocation Failure) [PSYoungGen: 619332K->29123K(646144K)] 668588K->78379K(2044416K), 0.0117845 secs] [Times: user=0.13 sys=0.00, real=0.01 secs] 
2020-09-29T17:50:45.342+0200: 64.575: [GC (Allocation Failure) [PSYoungGen: 621507K->32612K(645120K)] 670763K->81868K(2043392K), 0.0119680 secs] [Times: user=0.13 sys=0.00, real=0.01 secs] 
2020-09-29T17:50:45.404+0200: 64.637: [GC (Allocation Failure) [PSYoungGen: 624996K->37125K(648192K)] 674252K->86381K(2046464K), 0.0128945 secs] [Times: user=0.13 sys=0.00, real=0.01 secs] 
2020-09-29T17:50:45.470+0200: 64.703: [GC (Allocation Failure) [PSYoungGen: 634117K->32452K(647680K)] 683373K->81708K(2045952K), 0.0119361 secs] [Times: user=0.13 sys=0.00, real=0.01 secs] 
2020-09-29T17:50:45.532+0200: 64.765: [GC (Allocation Failure) [PSYoungGen: 629444K->26469K(649728K)] 678700K->75725K(2048000K), 0.0100424 secs] [Times: user=0.13 sys=0.00, real=0.01 secs] 
2020-09-29T17:50:45.595+0200: 64.828: [GC (Allocation Failure) [PSYoungGen: 627045K->37539K(649728K)] 676301K->86795K(2048000K), 0.0155372 secs] [Times: user=0.11 sys=0.00, real=0.02 secs] 
2020-09-29T17:50:45.663+0200: 64.896: [GC (Allocation Failure) [PSYoungGen: 638115K->35556K(650752K)] 687371K->84812K(2049024K), 0.0131582 secs] [Times: user=0.13 sys=0.00, real=0.01 secs] 
2020-09-29T17:50:45.728+0200: 64.961: [GC (Allocation Failure) [PSYoungGen: 637156K->20707K(649728K)] 686412K->69963K(2048000K), 0.0088468 secs] [Times: user=0.00 sys=0.00, real=0.01 secs] 
2020-09-29T17:50:45.788+0200: 65.021: [GC (Allocation Failure) [PSYoungGen: 622307K->34308K(650752K)] 671563K->83564K(2049024K), 0.0128332 secs] [Times: user=0.13 sys=0.00, real=0.01 secs] 
2020-09-29T17:50:45.852+0200: 65.085: [GC (Allocation Failure) [PSYoungGen: 635908K->34341K(649728K)] 685164K->83597K(2048000K), 0.0111495 secs] [Times: user=0.01 sys=0.00, real=0.01 secs] 
2020-09-29T17:50:45.917+0200: 65.150: [GC (Allocation Failure) [PSYoungGen: 635941K->34341K(652288K)] 685197K->83597K(2050560K), 0.0121608 secs] [Times: user=0.13 sys=0.00, real=0.01 secs] 
2020-09-29T17:50:45.982+0200: 65.214: [GC (Allocation Failure) [PSYoungGen: 639525K->22916K(651776K)] 688781K->72172K(2050048K), 0.0087901 secs] [Times: user=0.13 sys=0.00, real=0.01 secs] 
2020-09-29T17:50:46.044+0200: 65.276: [GC (Allocation Failure) [PSYoungGen: 628100K->25061K(652288K)] 677356K->74317K(2050560K), 0.0085436 secs] [Times: user=0.13 sys=0.00, real=0.01 secs] 
2020-09-29T17:50:46.105+0200: 65.337: [GC (Allocation Failure) [PSYoungGen: 630757K->27909K(652288K)] 680013K->77165K(2050560K), 0.0103671 secs] [Times: user=0.13 sys=0.00, real=0.01 secs] 
2020-09-29T17:50:46.169+0200: 65.401: [GC (Allocation Failure) [PSYoungGen: 633605K->45541K(634880K)] 682861K->108557K(2033152K), 0.0253029 secs] [Times: user=0.23 sys=0.00, real=0.03 secs] 
2020-09-29T17:50:46.246+0200: 65.478: [GC (Allocation Failure) [PSYoungGen: 634853K->33381K(644096K)] 697869K->96397K(2042368K), 0.0123938 secs] [Times: user=0.13 sys=0.00, real=0.01 secs] 
2020-09-29T17:50:46.309+0200: 65.541: [GC (Allocation Failure) [PSYoungGen: 622693K->48485K(638976K)] 685709K->111501K(2037248K), 0.0166996 secs] [Times: user=0.13 sys=0.00, real=0.02 secs] 
2020-09-29T17:50:46.376+0200: 65.608: [GC (Allocation Failure) [PSYoungGen: 634725K->32741K(642560K)] 697741K->95757K(2040832K), 0.0115211 secs] [Times: user=0.13 sys=0.00, real=0.01 secs] 
2020-09-29T17:50:46.438+0200: 65.670: [GC (Allocation Failure) [PSYoungGen: 618981K->13762K(641024K)] 681997K->76778K(2039296K), 0.0072871 secs] [Times: user=0.13 sys=0.00, real=0.01 secs] 
2020-09-29T17:50:46.500+0200: 65.732: [GC (Allocation Failure) [PSYoungGen: 600002K->39333K(642560K)] 663018K->102349K(2040832K), 0.0142746 secs] [Times: user=0.13 sys=0.00, real=0.02 secs] 
2020-09-29T17:50:46.565+0200: 65.797: [GC (Allocation Failure) [PSYoungGen: 625573K->36933K(643584K)] 688589K->99949K(2041856K), 0.0137212 secs] [Times: user=0.13 sys=0.00, real=0.01 secs] 
2020-09-29T17:50:46.631+0200: 65.863: [GC (Allocation Failure) [PSYoungGen: 624197K->34564K(642560K)] 687213K->97580K(2040832K), 0.0136467 secs] [Times: user=0.00 sys=0.00, real=0.01 secs] 
2020-09-29T17:50:46.696+0200: 65.928: [GC (Allocation Failure) [PSYoungGen: 621828K->33957K(647168K)] 684844K->96973K(2045440K), 0.0116260 secs] [Times: user=0.00 sys=0.00, real=0.01 secs] 
2020-09-29T17:50:46.758+0200: 65.990: [GC (Allocation Failure) [PSYoungGen: 627877K->24675K(645632K)] 690893K->87691K(2043904K), 0.0105985 secs] [Times: user=0.00 sys=0.00, real=0.01 secs] 
2020-09-29T17:50:46.820+0200: 66.052: [GC (Allocation Failure) [PSYoungGen: 618595K->30629K(648704K)] 681611K->93645K(2046976K), 0.0107044 secs] [Times: user=0.00 sys=0.00, real=0.01 secs] 
2020-09-29T17:50:46.884+0200: 66.116: [GC (Allocation Failure) [PSYoungGen: 628133K->40293K(647680K)] 691149K->103309K(2045952K), 0.0139561 secs] [Times: user=0.13 sys=0.00, real=0.01 secs] 
2020-09-29T17:50:46.949+0200: 66.181: [GC (Allocation Failure) [PSYoungGen: 636027K->17380K(645632K)] 699043K->80396K(2043904K), 0.0071523 secs] [Times: user=0.00 sys=0.00, real=0.01 secs] 
2020-09-29T17:50:47.007+0200: 66.240: [GC (Allocation Failure) [PSYoungGen: 611812K->37573K(646656K)] 674828K->100589K(2044928K), 0.0127659 secs] [Times: user=0.00 sys=0.00, real=0.01 secs] 
2020-09-29T17:50:47.076+0200: 66.309: [GC (Allocation Failure) [PSYoungGen: 632005K->30469K(648192K)] 695021K->93485K(2046464K), 0.0129141 secs] [Times: user=0.13 sys=0.00, real=0.01 secs] 
2020-09-29T17:50:47.148+0200: 66.381: [GC (Allocation Failure) [PSYoungGen: 626437K->24420K(646656K)] 689453K->87436K(2044928K), 0.0117884 secs] [Times: user=0.00 sys=0.00, real=0.01 secs] 
2020-09-29T17:50:47.212+0200: 66.445: [GC (Allocation Failure) [PSYoungGen: 620388K->32228K(650240K)] 683404K->95244K(2048512K), 0.0123274 secs] [Times: user=0.13 sys=0.00, real=0.01 secs] 
2020-09-29T17:50:47.276+0200: 66.509: [GC (Allocation Failure) [PSYoungGen: 632292K->44389K(644608K)] 695308K->107405K(2042880K), 0.0150016 secs] [Times: user=0.13 sys=0.00, real=0.01 secs] 
2020-09-29T17:50:47.344+0200: 66.576: [GC (Allocation Failure) [PSYoungGen: 644453K->27877K(648192K)] 707469K->90893K(2046464K), 0.0100075 secs] [Times: user=0.13 sys=0.00, real=0.01 secs] 
2020-09-29T17:50:47.405+0200: 66.638: [GC (Allocation Failure) [PSYoungGen: 624357K->36421K(647168K)] 687373K->99437K(2045440K), 0.0124140 secs] [Times: user=0.13 sys=0.00, real=0.01 secs] 
2020-09-29T17:50:47.469+0200: 66.702: [GC (Allocation Failure) [PSYoungGen: 632901K->45029K(642560K)] 695917K->108045K(2040832K), 0.0176046 secs] [Times: user=0.11 sys=0.00, real=0.02 secs] 
2020-09-29T17:50:47.539+0200: 66.771: [GC (Allocation Failure) [PSYoungGen: 637413K->34020K(645632K)] 700429K->97036K(2043904K), 0.0128462 secs] [Times: user=0.13 sys=0.00, real=0.01 secs] 
2020-09-29T17:50:47.604+0200: 66.837: [GC (Allocation Failure) [PSYoungGen: 626404K->37796K(647680K)] 689420K->100812K(2045952K), 0.0150115 secs] [Times: user=0.11 sys=0.00, real=0.01 secs] 
2020-09-29T17:50:47.671+0200: 66.904: [GC (Allocation Failure) [PSYoungGen: 634276K->46309K(643072K)] 697292K->109325K(2041344K), 0.0156845 secs] [Times: user=0.13 sys=0.00, real=0.02 secs] 
2020-09-29T17:50:47.738+0200: 66.971: [GC (Allocation Failure) [PSYoungGen: 642789K->39845K(645120K)] 705805K->102861K(2043392K), 0.0143321 secs] [Times: user=0.13 sys=0.00, real=0.01 secs] 
2020-09-29T17:50:47.803+0200: 67.036: [GC (Allocation Failure) [PSYoungGen: 631205K->29444K(645120K)] 694221K->92460K(2043392K), 0.0111004 secs] [Times: user=0.00 sys=0.00, real=0.01 secs] 
2020-09-29T17:50:47.865+0200: 67.098: [GC (Allocation Failure) [PSYoungGen: 620804K->44260K(643072K)] 683820K->107276K(2041344K), 0.0162352 secs] [Times: user=0.13 sys=0.00, real=0.02 secs] 
2020-09-29T17:50:47.934+0200: 67.167: [GC (Allocation Failure) [PSYoungGen: 634596K->32900K(644608K)] 697612K->95916K(2042880K), 0.0129489 secs] [Times: user=0.13 sys=0.00, real=0.01 secs] 
2020-09-29T17:50:47.998+0200: 67.231: [GC (Allocation Failure) [PSYoungGen: 623236K->33220K(646656K)] 686252K->96236K(2044928K), 0.0127869 secs] [Times: user=0.13 sys=0.00, real=0.01 secs] 
2020-09-29T17:50:48.062+0200: 67.295: [GC (Allocation Failure) [PSYoungGen: 626628K->38532K(645632K)] 689644K->101548K(2043904K), 0.0146338 secs] [Times: user=0.13 sys=0.00, real=0.01 secs] 
2020-09-29T17:50:48.129+0200: 67.362: [GC (Allocation Failure) [PSYoungGen: 631940K->27779K(647680K)] 694956K->90795K(2045952K), 0.0112948 secs] [Times: user=0.00 sys=0.00, real=0.01 secs] 
2020-09-29T17:50:48.192+0200: 67.424: [GC (Allocation Failure) [PSYoungGen: 623747K->49477K(645632K)] 686763K->112493K(2043904K), 0.0167474 secs] [Times: user=0.13 sys=0.00, real=0.02 secs] 
2020-09-29T17:50:48.259+0200: 67.492: [GC (Allocation Failure) [PSYoungGen: 645445K->30149K(643584K)] 708461K->93165K(2041856K), 0.0111387 secs] [Times: user=0.13 sys=0.00, real=0.01 secs] 
2020-09-29T17:50:48.323+0200: 67.555: [GC (Allocation Failure) [PSYoungGen: 620485K->32645K(644608K)] 683501K->95661K(2042880K), 0.0108505 secs] [Times: user=0.13 sys=0.00, real=0.01 secs] 
2020-09-29T17:50:48.384+0200: 67.617: [GC (Allocation Failure) [PSYoungGen: 622981K->35045K(647680K)] 685997K->98061K(2045952K), 0.0116614 secs] [Times: user=0.13 sys=0.00, real=0.01 secs] 
2020-09-29T17:50:48.449+0200: 67.682: [GC (Allocation Failure) [PSYoungGen: 629477K->41573K(645632K)] 692493K->104589K(2043904K), 0.0143841 secs] [Times: user=0.13 sys=0.00, real=0.02 secs] 
2020-09-29T17:50:48.516+0200: 67.749: [GC (Allocation Failure) [PSYoungGen: 636005K->48133K(641536K)] 699021K->111149K(2039808K), 0.0173649 secs] [Times: user=0.13 sys=0.00, real=0.02 secs] 
2020-09-29T17:50:48.585+0200: 67.818: [GC (Allocation Failure) [PSYoungGen: 637445K->35845K(644096K)] 700461K->98861K(2042368K), 0.0136149 secs] [Times: user=0.11 sys=0.00, real=0.01 secs] 
2020-09-29T17:50:48.652+0200: 67.885: [GC (Allocation Failure) [PSYoungGen: 625157K->35108K(646656K)] 688173K->98124K(2044928K), 0.0130328 secs] [Times: user=0.13 sys=0.00, real=0.01 secs] 
2020-09-29T17:50:48.715+0200: 67.948: [GC (Allocation Failure) [PSYoungGen: 628516K->52197K(645632K)] 691532K->117197K(2043904K), 0.0188385 secs] [Times: user=0.13 sys=0.00, real=0.02 secs] 
2020-09-29T17:50:48.786+0200: 68.019: [GC (Allocation Failure) [PSYoungGen: 645605K->46117K(636416K)] 710605K->111117K(2034688K), 0.0165839 secs] [Times: user=0.13 sys=0.00, real=0.02 secs] 
2020-09-29T17:50:48.852+0200: 68.085: [GC (Allocation Failure) [PSYoungGen: 629285K->41060K(641024K)] 694285K->106060K(2039296K), 0.0148133 secs] [Times: user=0.13 sys=0.00, real=0.02 secs] 
2020-09-29T17:50:48.925+0200: 68.157: [GC (Allocation Failure) [PSYoungGen: 624228K->49957K(637952K)] 689228K->114957K(2036224K), 0.0170809 secs] [Times: user=0.13 sys=0.00, real=0.02 secs] 
2020-09-29T17:50:48.992+0200: 68.225: [GC (Allocation Failure) [PSYoungGen: 631077K->43237K(640000K)] 696077K->108237K(2038272K), 0.0160583 secs] [Times: user=0.13 sys=0.00, real=0.02 secs] 
2020-09-29T17:50:49.059+0200: 68.292: [GC (Allocation Failure) [PSYoungGen: 624357K->36036K(641536K)] 689357K->101036K(2039808K), 0.0139475 secs] [Times: user=0.13 sys=0.00, real=0.01 secs] 
2020-09-29T17:50:49.123+0200: 68.356: [GC (Allocation Failure) [PSYoungGen: 619716K->31429K(641024K)] 684716K->96429K(2039296K), 0.0115627 secs] [Times: user=0.13 sys=0.00, real=0.01 secs] 
2020-09-29T17:50:49.186+0200: 68.419: [GC (Allocation Failure) [PSYoungGen: 615109K->8993K(635392K)] 680109K->73993K(2033664K), 0.0058768 secs] [Times: user=0.00 sys=0.02, real=0.01 secs] 
2020-09-29T17:50:49.242+0200: 68.474: [GC (Allocation Failure) [PSYoungGen: 587041K->40197K(638464K)] 652041K->105197K(2036736K), 0.0185893 secs] [Times: user=0.13 sys=0.00, real=0.02 secs] 
2020-09-29T17:50:49.311+0200: 68.544: [GC (Allocation Failure) [PSYoungGen: 618245K->44037K(638464K)] 683245K->109037K(2036736K), 0.0196285 secs] [Times: user=0.13 sys=0.00, real=0.02 secs] 
2020-09-29T17:50:49.380+0200: 68.613: [GC (Allocation Failure) [PSYoungGen: 623109K->35205K(638976K)] 688109K->100205K(2037248K), 0.0172451 secs] [Times: user=0.13 sys=0.00, real=0.02 secs] 
2020-09-29T17:50:49.449+0200: 68.681: [GC (Allocation Failure) [PSYoungGen: 614277K->39973K(642048K)] 679277K->104973K(2040320K), 0.0175141 secs] [Times: user=0.13 sys=0.00, real=0.02 secs] 
2020-09-29T17:50:49.517+0200: 68.749: [GC (Allocation Failure) [PSYoungGen: 623653K->35781K(640512K)] 688653K->100781K(2038784K), 0.0161948 secs] [Times: user=0.13 sys=0.00, real=0.02 secs] 
2020-09-29T17:50:49.589+0200: 68.822: [GC (Allocation Failure) [PSYoungGen: 619461K->31557K(644096K)] 684461K->96557K(2042368K), 0.0146829 secs] [Times: user=0.11 sys=0.00, real=0.01 secs] 
2020-09-29T17:50:49.655+0200: 68.888: [GC (Allocation Failure) [PSYoungGen: 620357K->46149K(635392K)] 685357K->111149K(2033664K), 0.0201600 secs] [Times: user=0.13 sys=0.00, real=0.02 secs] 
2020-09-29T17:50:49.725+0200: 68.958: [GC (Allocation Failure) [PSYoungGen: 634949K->33188K(643584K)] 699949K->98188K(2041856K), 0.0160119 secs] [Times: user=0.13 sys=0.00, real=0.02 secs] 
2020-09-29T17:50:49.792+0200: 69.025: [GC (Allocation Failure) [PSYoungGen: 620452K->31011K(642560K)] 685452K->96011K(2040832K), 0.0160816 secs] [Times: user=0.13 sys=0.00, real=0.02 secs] 
2020-09-29T17:50:49.859+0200: 69.091: [GC (Allocation Failure) [PSYoungGen: 618275K->44069K(642048K)] 683275K->109069K(2040320K), 0.0189311 secs] [Times: user=0.13 sys=0.00, real=0.02 secs] 
2020-09-29T17:50:49.928+0200: 69.161: [GC (Allocation Failure) [PSYoungGen: 631333K->43429K(643072K)] 696333K->108429K(2041344K), 0.0196445 secs] [Times: user=0.13 sys=0.00, real=0.02 secs] 
2020-09-29T17:50:49.998+0200: 69.230: [GC (Allocation Failure) [PSYoungGen: 630693K->28356K(643072K)] 695693K->93356K(2041344K), 0.0140383 secs] [Times: user=0.13 sys=0.00, real=0.01 secs] 
2020-09-29T17:50:50.062+0200: 69.294: [GC (Allocation Failure) [PSYoungGen: 615620K->27205K(643072K)] 680620K->92205K(2041344K), 0.0120528 secs] [Times: user=0.13 sys=0.00, real=0.01 secs] 
2020-09-29T17:50:50.125+0200: 69.357: [GC (Allocation Failure) [PSYoungGen: 614469K->40261K(643584K)] 679469K->105261K(2041856K), 0.0182825 secs] [Times: user=0.13 sys=0.00, real=0.02 secs] 
2020-09-29T17:50:50.193+0200: 69.426: [GC (Allocation Failure) [PSYoungGen: 628037K->40133K(643072K)] 693037K->105133K(2041344K), 0.0182365 secs] [Times: user=0.13 sys=0.00, real=0.02 secs] 
2020-09-29T17:50:50.262+0200: 69.494: [GC (Allocation Failure) [PSYoungGen: 627909K->53701K(634880K)] 692909K->118701K(2033152K), 0.0228542 secs] [Times: user=0.13 sys=0.00, real=0.02 secs] 
2020-09-29T17:50:50.335+0200: 69.567: [GC (Allocation Failure) [PSYoungGen: 633797K->31365K(639488K)] 698797K->96365K(2037760K), 0.0143692 secs] [Times: user=0.13 sys=0.00, real=0.01 secs] 
2020-09-29T17:50:50.400+0200: 69.632: [GC (Allocation Failure) [PSYoungGen: 611461K->37157K(642560K)] 676461K->102157K(2040832K), 0.0166381 secs] [Times: user=0.13 sys=0.00, real=0.02 secs] 
2020-09-29T17:50:50.470+0200: 69.702: [GC (Allocation Failure) [PSYoungGen: 621349K->47045K(640512K)] 686349K->112045K(2038784K), 0.0209527 secs] [Times: user=0.25 sys=0.00, real=0.02 secs] 
2020-09-29T17:50:50.540+0200: 69.773: [GC (Allocation Failure) [PSYoungGen: 631237K->29572K(641024K)] 696237K->94572K(2039296K), 0.0142073 secs] [Times: user=0.13 sys=0.00, real=0.02 secs] 
2020-09-29T17:50:50.610+0200: 69.842: [GC (Allocation Failure) [PSYoungGen: 612740K->22884K(606208K)] 677740K->87884K(2004480K), 0.0117655 secs] [Times: user=0.11 sys=0.00, real=0.01 secs] 
2020-09-29T17:50:50.672+0200: 69.904: [GC (Allocation Failure) [PSYoungGen: 606052K->31813K(642048K)] 671052K->96813K(2040320K), 0.0131295 secs] [Times: user=0.13 sys=0.00, real=0.01 secs] 
2020-09-29T17:50:50.735+0200: 69.967: [GC (Allocation Failure) [PSYoungGen: 615493K->27589K(640512K)] 680493K->92589K(2038784K), 0.0125128 secs] [Times: user=0.13 sys=0.00, real=0.01 secs] 
2020-09-29T17:50:50.801+0200: 70.033: [GC (Allocation Failure) [PSYoungGen: 611269K->35172K(644608K)] 676269K->100172K(2042880K), 0.0167363 secs] [Times: user=0.11 sys=0.00, real=0.02 secs] 
2020-09-29T17:50:50.870+0200: 70.102: [GC (Allocation Failure) [PSYoungGen: 623460K->35525K(642560K)] 688460K->100525K(2040832K), 0.0159407 secs] [Times: user=0.13 sys=0.00, real=0.02 secs] 
2020-09-29T17:50:50.938+0200: 70.170: [GC (Allocation Failure) [PSYoungGen: 623813K->35877K(647680K)] 688813K->100877K(2045952K), 0.0162976 secs] [Times: user=0.13 sys=0.00, real=0.02 secs] 
2020-09-29T17:50:51.005+0200: 70.237: [GC (Allocation Failure) [PSYoungGen: 631333K->42789K(646656K)] 696333K->107789K(2044928K), 0.0194555 secs] [Times: user=0.13 sys=0.00, real=0.02 secs] 
2020-09-29T17:50:51.076+0200: 70.308: [GC (Allocation Failure) [PSYoungGen: 638245K->23045K(645632K)] 703245K->88045K(2043904K), 0.0096891 secs] [Times: user=0.13 sys=0.00, real=0.01 secs] 
2020-09-29T17:50:51.141+0200: 70.374: [GC (Allocation Failure) [PSYoungGen: 616453K->28453K(646144K)] 681453K->93453K(2044416K), 0.0126435 secs] [Times: user=0.13 sys=0.00, real=0.01 secs] 
2020-09-29T17:50:51.207+0200: 70.439: [GC (Allocation Failure) [PSYoungGen: 621861K->32548K(648192K)] 686861K->97548K(2046464K), 0.0149579 secs] [Times: user=0.13 sys=0.00, real=0.01 secs] 
2020-09-29T17:50:51.273+0200: 70.505: [GC (Allocation Failure) [PSYoungGen: 628516K->26436K(646656K)] 693516K->91436K(2044928K), 0.0119473 secs] [Times: user=0.00 sys=0.00, real=0.01 secs] 
2020-09-29T17:50:51.336+0200: 70.568: [GC (Allocation Failure) [PSYoungGen: 622404K->33028K(650240K)] 687404K->98028K(2048512K), 0.0157107 secs] [Times: user=0.13 sys=0.00, real=0.02 secs] 
2020-09-29T17:50:51.405+0200: 70.637: [GC (Allocation Failure) [PSYoungGen: 633092K->45125K(645632K)] 698092K->110125K(2043904K), 0.0206784 secs] [Times: user=0.13 sys=0.00, real=0.02 secs] 
2020-09-29T17:50:51.477+0200: 70.709: [GC (Allocation Failure) [PSYoungGen: 645189K->28804K(648192K)] 710189K->93804K(2046464K), 0.0134302 secs] [Times: user=0.13 sys=0.00, real=0.01 secs] 
2020-09-29T17:50:51.542+0200: 70.774: [GC (Allocation Failure) [PSYoungGen: 625284K->36837K(647168K)] 690284K->101837K(2045440K), 0.0173332 secs] [Times: user=0.13 sys=0.00, real=0.02 secs] 
2020-09-29T17:50:51.616+0200: 70.849: [GC (Allocation Failure) [PSYoungGen: 633317K->45509K(643584K)] 698317K->110509K(2041856K), 0.0229690 secs] [Times: user=0.11 sys=0.00, real=0.02 secs] 
2020-09-29T17:50:51.694+0200: 70.926: [GC (Allocation Failure) [PSYoungGen: 638917K->37253K(646144K)] 703917K->102253K(2044416K), 0.0172433 secs] [Times: user=0.13 sys=0.00, real=0.02 secs] 
2020-09-29T17:50:51.765+0200: 70.997: [GC (Allocation Failure) [PSYoungGen: 630661K->29125K(647680K)] 695661K->94125K(2045952K), 0.0122780 secs] [Times: user=0.13 sys=0.00, real=0.01 secs] 
2020-09-29T17:50:51.829+0200: 71.062: [GC (Allocation Failure) [PSYoungGen: 625093K->22179K(647168K)] 690093K->87179K(2045440K), 0.0118646 secs] [Times: user=0.13 sys=0.00, real=0.01 secs] 
2020-09-29T17:50:51.893+0200: 71.125: [GC (Allocation Failure) [PSYoungGen: 618147K->30245K(648192K)] 683147K->95245K(2046464K), 0.0126424 secs] [Times: user=0.13 sys=0.00, real=0.01 secs] 
2020-09-29T17:50:51.960+0200: 71.192: [GC (Allocation Failure) [PSYoungGen: 626725K->38821K(647168K)] 691725K->103821K(2045440K), 0.0175977 secs] [Times: user=0.13 sys=0.00, real=0.02 secs] 
2020-09-29T17:50:52.029+0200: 71.261: [GC (Allocation Failure) [PSYoungGen: 635301K->16931K(645120K)] 700301K->81931K(2043392K), 0.0099161 secs] [Times: user=0.13 sys=0.00, real=0.01 secs] 
2020-09-29T17:50:52.090+0200: 71.323: [GC (Allocation Failure) [PSYoungGen: 611363K->37093K(646656K)] 676363K->102093K(2044928K), 0.0162382 secs] [Times: user=0.13 sys=0.00, real=0.02 secs] 
2020-09-29T17:50:52.158+0200: 71.390: [GC (Allocation Failure) [PSYoungGen: 631525K->43653K(642560K)] 696525K->108653K(2040832K), 0.0188051 secs] [Times: user=0.25 sys=0.00, real=0.02 secs] 
2020-09-29T17:50:52.226+0200: 71.459: [GC (Allocation Failure) [PSYoungGen: 633989K->16292K(606720K)] 698989K->81292K(2004992K), 0.0080714 secs] [Times: user=0.00 sys=0.00, real=0.01 secs] 
2020-09-29T17:50:52.297+0200: 71.529: [GC (Allocation Failure) [PSYoungGen: 606628K->31205K(646144K)] 671628K->96205K(2044416K), 0.0139492 secs] [Times: user=0.13 sys=0.00, real=0.01 secs] 
2020-09-29T17:50:52.362+0200: 71.595: [GC (Allocation Failure) [PSYoungGen: 622053K->34117K(643584K)] 687053K->99117K(2041856K), 0.0154614 secs] [Times: user=0.13 sys=0.00, real=0.02 secs] 
2020-09-29T17:50:52.428+0200: 71.661: [GC (Allocation Failure) [PSYoungGen: 624965K->37093K(647168K)] 689965K->102093K(2045440K), 0.0174310 secs] [Times: user=0.13 sys=0.00, real=0.02 secs] 
2020-09-29T17:50:52.496+0200: 71.729: [GC (Allocation Failure) [PSYoungGen: 632549K->51685K(647168K)] 697549K->123285K(2045440K), 0.0266680 secs] [Times: user=0.24 sys=0.02, real=0.03 secs] 
2020-09-29T17:50:52.574+0200: 71.807: [GC (Allocation Failure) [PSYoungGen: 647141K->38501K(634880K)] 718741K->110101K(2033152K), 0.0185215 secs] [Times: user=0.11 sys=0.00, real=0.02 secs] 
2020-09-29T17:50:52.649+0200: 71.882: [GC (Allocation Failure) [PSYoungGen: 621669K->17154K(600576K)] 693269K->88754K(1998848K), 0.0104538 secs] [Times: user=0.00 sys=0.00, real=0.01 secs] 
2020-09-29T17:50:52.712+0200: 71.944: [GC (Allocation Failure) [PSYoungGen: 600322K->24515K(641024K)] 671922K->96115K(2039296K), 0.0132411 secs] [Times: user=0.13 sys=0.00, real=0.01 secs] 
2020-09-29T17:50:52.776+0200: 72.008: [GC (Allocation Failure) [PSYoungGen: 606659K->32036K(640000K)] 678259K->103636K(2038272K), 0.0152108 secs] [Times: user=0.13 sys=0.00, real=0.01 secs] 
2020-09-29T17:50:52.843+0200: 72.076: [GC (Allocation Failure) [PSYoungGen: 614180K->25380K(644096K)] 685780K->96980K(2042368K), 0.0122659 secs] [Times: user=0.13 sys=0.00, real=0.01 secs] 
2020-09-29T17:50:52.906+0200: 72.138: [GC (Allocation Failure) [PSYoungGen: 613668K->36260K(643072K)] 685268K->107860K(2041344K), 0.0164204 secs] [Times: user=0.13 sys=0.00, real=0.02 secs] 
2020-09-29T17:50:52.974+0200: 72.206: [GC (Allocation Failure) [PSYoungGen: 624548K->35077K(646144K)] 696148K->106677K(2044416K), 0.0164638 secs] [Times: user=0.13 sys=0.00, real=0.02 secs] 
2020-09-29T17:50:53.041+0200: 72.274: [GC (Allocation Failure) [PSYoungGen: 627461K->25700K(645120K)] 699061K->97300K(2043392K), 0.0115948 secs] [Times: user=0.13 sys=0.00, real=0.01 secs] 
2020-09-29T17:50:53.105+0200: 72.337: [GC (Allocation Failure) [PSYoungGen: 618084K->27620K(648192K)] 689684K->99220K(2046464K), 0.0137527 secs] [Times: user=0.11 sys=0.00, real=0.01 secs] 
2020-09-29T17:50:53.173+0200: 72.405: [GC (Allocation Failure) [PSYoungGen: 623588K->48548K(644608K)] 695188K->120148K(2042880K), 0.0224654 secs] [Times: user=0.24 sys=0.00, real=0.02 secs] 
2020-09-29T17:50:53.250+0200: 72.482: [GC (Allocation Failure) [PSYoungGen: 644516K->28260K(645120K)] 716116K->99860K(2043392K), 0.0138471 secs] [Times: user=0.13 sys=0.00, real=0.01 secs] 
2020-09-29T17:50:53.318+0200: 72.551: [GC (Allocation Failure) [PSYoungGen: 619108K->31140K(644608K)] 690708K->102740K(2042880K), 0.0141240 secs] [Times: user=0.02 sys=0.02, real=0.01 secs] 
2020-09-29T17:50:53.383+0200: 72.616: [GC (Allocation Failure) [PSYoungGen: 621988K->47781K(639488K)] 693588K->119381K(2037760K), 0.0212617 secs] [Times: user=0.13 sys=0.00, real=0.02 secs] 
2020-09-29T17:50:53.456+0200: 72.689: [GC (Allocation Failure) [PSYoungGen: 635045K->18597K(606208K)] 706645K->90197K(2004480K), 0.0089100 secs] [Times: user=0.13 sys=0.00, real=0.01 secs] 
2020-09-29T17:50:53.515+0200: 72.748: [GC (Allocation Failure) [PSYoungGen: 605861K->30628K(644608K)] 677461K->102228K(2042880K), 0.0147369 secs] [Times: user=0.13 sys=0.00, real=0.01 secs] 
2020-09-29T17:50:53.581+0200: 72.813: [GC (Allocation Failure) [PSYoungGen: 618916K->30820K(642560K)] 690516K->102420K(2040832K), 0.0156867 secs] [Times: user=0.11 sys=0.00, real=0.02 secs] 
2020-09-29T17:50:53.649+0200: 72.881: [GC (Allocation Failure) [PSYoungGen: 619108K->29636K(648192K)] 690708K->101236K(2046464K), 0.0147206 secs] [Times: user=0.13 sys=0.00, real=0.02 secs] 
2020-09-29T17:50:53.716+0200: 72.948: [GC (Allocation Failure) [PSYoungGen: 625604K->21124K(646656K)] 697204K->92724K(2044928K), 0.0097428 secs] [Times: user=0.13 sys=0.00, real=0.01 secs] 
2020-09-29T17:50:53.778+0200: 73.010: [GC (Allocation Failure) [PSYoungGen: 617092K->29253K(649728K)] 688692K->100853K(2048000K), 0.0117204 secs] [Times: user=0.13 sys=0.00, real=0.01 secs] 
2020-09-29T17:50:53.848+0200: 73.080: [GC (Allocation Failure) [PSYoungGen: 628293K->40325K(648192K)] 699893K->111925K(2046464K), 0.0174108 secs] [Times: user=0.13 sys=0.00, real=0.02 secs] 
2020-09-29T17:50:53.917+0200: 73.149: [GC (Allocation Failure) [PSYoungGen: 639365K->37797K(647168K)] 710965K->109397K(2045440K), 0.0173083 secs] [Times: user=0.13 sys=0.00, real=0.02 secs] 
2020-09-29T17:50:53.985+0200: 73.217: [GC (Allocation Failure) [PSYoungGen: 634277K->32645K(647680K)] 705877K->104245K(2045952K), 0.0147700 secs] [Times: user=0.13 sys=0.00, real=0.01 secs] 
2020-09-29T17:50:54.057+0200: 73.290: [GC (Allocation Failure) [PSYoungGen: 629125K->41253K(646144K)] 700725K->112853K(2044416K), 0.0175646 secs] [Times: user=0.13 sys=0.00, real=0.02 secs] 
2020-09-29T17:50:54.129+0200: 73.361: [GC (Allocation Failure) [PSYoungGen: 637733K->21475K(647680K)] 709333K->93075K(2045952K), 0.0110394 secs] [Times: user=0.13 sys=0.00, real=0.01 secs] 
2020-09-29T17:50:54.192+0200: 73.424: [GC (Allocation Failure) [PSYoungGen: 617955K->43332K(642560K)] 689555K->114932K(2040832K), 0.0199172 secs] [Times: user=0.13 sys=0.00, real=0.02 secs] 
2020-09-29T17:50:54.265+0200: 73.498: [GC (Allocation Failure) [PSYoungGen: 634692K->46789K(638464K)] 706292K->118389K(2036736K), 0.0224341 secs] [Times: user=0.25 sys=0.00, real=0.02 secs] 
2020-09-29T17:50:54.339+0200: 73.571: [GC (Allocation Failure) [PSYoungGen: 638149K->50213K(634880K)] 709749K->121813K(2033152K), 0.0237411 secs] [Times: user=0.13 sys=0.00, real=0.02 secs] 
2020-09-29T17:50:54.412+0200: 73.644: [GC (Allocation Failure) [PSYoungGen: 628261K->24964K(638464K)] 699861K->96564K(2036736K), 0.0124877 secs] [Times: user=0.00 sys=0.00, real=0.01 secs] 
2020-09-29T17:50:54.474+0200: 73.706: [GC (Allocation Failure) [PSYoungGen: 603012K->42373K(638976K)] 674612K->113973K(2037248K), 0.0208280 secs] [Times: user=0.13 sys=0.00, real=0.02 secs] 
2020-09-29T17:50:54.544+0200: 73.776: [GC (Allocation Failure) [PSYoungGen: 621445K->19556K(599040K)] 693045K->91156K(1997312K), 0.0100144 secs] [Times: user=0.13 sys=0.00, real=0.01 secs] 
2020-09-29T17:50:54.614+0200: 73.847: [GC (Allocation Failure) [PSYoungGen: 598628K->36900K(640000K)] 670228K->108500K(2038272K), 0.0214033 secs] [Times: user=0.09 sys=0.00, real=0.02 secs] 
2020-09-29T17:50:54.695+0200: 73.927: [GC (Allocation Failure) [PSYoungGen: 616484K->27715K(638464K)] 688084K->99315K(2036736K), 0.0153891 secs] [Times: user=0.13 sys=0.00, real=0.02 secs] 
2020-09-29T17:50:54.775+0200: 74.007: [GC (Allocation Failure) [PSYoungGen: 607299K->46789K(636416K)] 678899K->118389K(2034688K), 0.0220743 secs] [Times: user=0.13 sys=0.00, real=0.02 secs] 
2020-09-29T17:50:54.846+0200: 74.079: [GC (Allocation Failure) [PSYoungGen: 625861K->37957K(638976K)] 697461K->109557K(2037248K), 0.0174210 secs] [Times: user=0.25 sys=0.00, real=0.02 secs] 
2020-09-29T17:50:54.920+0200: 74.152: [GC (Allocation Failure) [PSYoungGen: 617029K->29061K(641536K)] 688629K->100661K(2039808K), 0.0136157 secs] [Times: user=0.13 sys=0.00, real=0.01 secs] 
2020-09-29T17:50:54.985+0200: 74.217: [GC (Allocation Failure) [PSYoungGen: 612229K->51781K(635392K)] 683829K->123381K(2033664K), 0.0241857 secs] [Times: user=0.25 sys=0.00, real=0.02 secs] 
2020-09-29T17:50:55.061+0200: 74.293: [GC (Allocation Failure) [PSYoungGen: 634949K->31652K(638976K)] 706549K->103252K(2037248K), 0.0162255 secs] [Times: user=0.13 sys=0.00, real=0.02 secs] 
2020-09-29T17:50:55.129+0200: 74.361: [GC (Allocation Failure) [PSYoungGen: 609188K->18916K(637440K)] 680788K->90516K(2035712K), 0.0094326 secs] [Times: user=0.13 sys=0.00, real=0.01 secs] 
2020-09-29T17:50:55.200+0200: 74.433: [GC (Allocation Failure) [PSYoungGen: 596452K->22212K(638976K)] 668052K->93812K(2037248K), 0.0120910 secs] [Times: user=0.13 sys=0.00, real=0.01 secs] 
2020-09-29T17:50:55.262+0200: 74.495: [GC (Allocation Failure) [PSYoungGen: 600772K->10914K(589824K)] 672372K->82514K(1988096K), 0.0078697 secs] [Times: user=0.13 sys=0.00, real=0.01 secs] 
2020-09-29T17:50:55.319+0200: 74.551: [GC (Allocation Failure) [PSYoungGen: 589474K->28964K(640512K)] 661074K->100564K(2038784K), 0.0156317 secs] [Times: user=0.13 sys=0.00, real=0.02 secs] 
2020-09-29T17:50:55.382+0200: 74.615: [GC (Allocation Failure) [PSYoungGen: 608548K->33731K(637952K)] 680148K->105331K(2036224K), 0.0183941 secs] [Times: user=0.13 sys=0.00, real=0.02 secs] 
2020-09-29T17:50:55.450+0200: 74.682: [GC (Allocation Failure) [PSYoungGen: 613315K->38948K(642048K)] 684915K->110548K(2040320K), 0.0197369 secs] [Times: user=0.13 sys=0.00, real=0.02 secs] 
2020-09-29T17:50:55.518+0200: 74.750: [GC (Allocation Failure) [PSYoungGen: 624164K->36260K(642048K)] 695764K->107860K(2040320K), 0.0185270 secs] [Times: user=0.25 sys=0.00, real=0.02 secs] 
2020-09-29T17:50:55.587+0200: 74.819: [GC (Allocation Failure) [PSYoungGen: 621476K->33411K(644608K)] 693076K->105011K(2042880K), 0.0199486 secs] [Times: user=0.11 sys=0.00, real=0.02 secs] 
2020-09-29T17:50:55.661+0200: 74.893: [GC (Allocation Failure) [PSYoungGen: 621699K->19939K(642560K)] 693299K->91539K(2040832K), 0.0115062 secs] [Times: user=0.00 sys=0.00, real=0.02 secs] 
2020-09-29T17:50:55.732+0200: 74.964: [GC (Allocation Failure) [PSYoungGen: 608227K->33988K(645632K)] 679827K->105588K(2043904K), 0.0181079 secs] [Times: user=0.13 sys=0.00, real=0.02 secs] 
2020-09-29T17:50:55.801+0200: 75.033: [GC (Allocation Failure) [PSYoungGen: 625348K->23812K(644608K)] 696948K->95412K(2042880K), 0.0125453 secs] [Times: user=0.00 sys=0.00, real=0.01 secs] 
2020-09-29T17:50:55.865+0200: 75.097: [GC (Allocation Failure) [PSYoungGen: 615172K->10850K(644608K)] 686772K->82450K(2042880K), 0.0074173 secs] [Times: user=0.00 sys=0.00, real=0.01 secs] 
2020-09-29T17:50:55.921+0200: 75.153: [GC (Allocation Failure) [PSYoungGen: 603234K->28995K(645632K)] 674834K->100595K(2043904K), 0.0161051 secs] [Times: user=0.13 sys=0.00, real=0.02 secs] 
2020-09-29T17:50:55.985+0200: 75.218: [GC (Allocation Failure) [PSYoungGen: 621379K->19779K(648704K)] 692979K->91379K(2046976K), 0.0114856 secs] [Times: user=0.13 sys=0.00, real=0.01 secs] 
2020-09-29T17:50:56.046+0200: 75.278: [GC (Allocation Failure) [PSYoungGen: 617283K->15522K(647680K)] 688883K->87122K(2045952K), 0.0102722 secs] [Times: user=0.13 sys=0.00, real=0.01 secs] 
2020-09-29T17:50:56.108+0200: 75.341: [GC (Allocation Failure) [PSYoungGen: 613026K->24931K(650752K)] 684626K->96531K(2049024K), 0.0139208 secs] [Times: user=0.13 sys=0.00, real=0.01 secs] 
2020-09-29T17:50:56.172+0200: 75.404: [GC (Allocation Failure) [PSYoungGen: 625507K->9922K(648704K)] 697107K->81522K(2046976K), 0.0070130 secs] [Times: user=0.13 sys=0.00, real=0.01 secs] 
2020-09-29T17:50:56.228+0200: 75.460: [GC (Allocation Failure) [PSYoungGen: 610498K->22595K(652288K)] 682098K->94195K(2050560K), 0.0126615 secs] [Times: user=0.13 sys=0.00, real=0.01 secs] 
2020-09-29T17:50:56.291+0200: 75.523: [GC (Allocation Failure) [PSYoungGen: 626243K->9698K(650240K)] 697843K->81298K(2048512K), 0.0071249 secs] [Times: user=0.00 sys=0.00, real=0.01 secs] 
2020-09-29T17:50:56.349+0200: 75.581: [GC (Allocation Failure) [PSYoungGen: 613346K->25411K(653312K)] 684946K->97011K(2051584K), 0.0143543 secs] [Times: user=0.00 sys=0.00, real=0.01 secs] 
2020-09-29T17:50:56.414+0200: 75.647: [GC (Allocation Failure) [PSYoungGen: 631619K->15138K(651776K)] 703219K->86738K(2050048K), 0.0096847 secs] [Times: user=0.00 sys=0.00, real=0.01 secs] 
2020-09-29T17:50:56.479+0200: 75.711: [GC (Allocation Failure) [PSYoungGen: 621346K->18915K(655872K)] 692946K->90515K(2054144K), 0.0109916 secs] [Times: user=0.13 sys=0.00, real=0.01 secs] 
2020-09-29T17:50:56.543+0200: 75.776: [GC (Allocation Failure) [PSYoungGen: 630243K->13954K(654336K)] 701843K->85554K(2052608K), 0.0094901 secs] [Times: user=0.13 sys=0.00, real=0.01 secs] 
2020-09-29T17:50:56.612+0200: 75.845: [GC (Allocation Failure) [PSYoungGen: 625282K->7938K(656384K)] 696882K->79538K(2054656K), 0.0062036 secs] [Times: user=0.11 sys=0.00, real=0.01 secs] 
2020-09-29T17:50:56.686+0200: 75.919: [GC (Allocation Failure) [PSYoungGen: 621826K->20322K(656384K)] 693426K->91922K(2054656K), 0.0129916 secs] [Times: user=0.13 sys=0.00, real=0.01 secs] 
2020-09-29T17:50:56.768+0200: 76.000: [GC (Allocation Failure) [PSYoungGen: 634210K->18786K(659968K)] 705810K->90386K(2058240K), 0.0119748 secs] [Times: user=0.13 sys=0.00, real=0.01 secs] 
2020-09-29T17:50:56.854+0200: 76.086: [GC (Allocation Failure) [PSYoungGen: 638306K->23042K(658432K)] 709906K->94642K(2056704K), 0.0145614 secs] [Times: user=0.13 sys=0.00, real=0.01 secs] 
2020-09-29T17:50:56.937+0200: 76.169: [GC (Allocation Failure) [PSYoungGen: 642562K->13666K(661504K)] 714162K->85266K(2059776K), 0.0098280 secs] [Times: user=0.13 sys=0.00, real=0.01 secs] 
2020-09-29T17:50:57.014+0200: 76.247: [GC (Allocation Failure) [PSYoungGen: 637282K->8321K(660992K)] 708882K->79921K(2059264K), 0.0078868 secs] [Times: user=0.13 sys=0.00, real=0.01 secs] 
2020-09-29T17:50:57.091+0200: 76.323: [GC (Allocation Failure) [PSYoungGen: 631937K->16706K(663040K)] 703537K->88306K(2061312K), 0.0109556 secs] [Times: user=0.13 sys=0.00, real=0.01 secs] 
2020-09-29T17:50:57.171+0200: 76.403: [GC (Allocation Failure) [PSYoungGen: 642370K->13442K(661504K)] 713970K->85042K(2059776K), 0.0090508 secs] [Times: user=0.13 sys=0.00, real=0.01 secs] 
2020-09-29T17:50:57.248+0200: 76.480: [GC (Allocation Failure) [PSYoungGen: 639106K->10242K(664064K)] 710706K->81842K(2062336K), 0.0077180 secs] [Times: user=0.13 sys=0.00, real=0.01 secs] 
2020-09-29T17:50:57.324+0200: 76.557: [GC (Allocation Failure) [PSYoungGen: 639490K->9345K(664064K)] 711090K->80945K(2062336K), 0.0082232 secs] [Times: user=0.00 sys=0.00, real=0.01 secs] 
Heap
 PSYoungGen      total 664064K, used 421328K [0x00000000d5580000, 0x0000000100000000, 0x0000000100000000)
  eden space 629248K, 65% used [0x00000000d5580000,0x00000000ee7d3e20,0x00000000fbc00000)
  from space 34816K, 26% used [0x00000000fbc00000,0x00000000fc520490,0x00000000fde00000)
  to   space 34304K, 0% used [0x00000000fde80000,0x00000000fde80000,0x0000000100000000)
 ParOldGen       total 1398272K, used 71600K [0x0000000080000000, 0x00000000d5580000, 0x00000000d5580000)
  object space 1398272K, 5% used [0x0000000080000000,0x00000000845ec050,0x00000000d5580000)
 Metaspace       used 2594K, capacity 4486K, committed 4864K, reserved 1056768K
  class space    used 285K, capacity 386K, committed 512K, reserved 1048576K
