Java HotSpot(TM) 64-Bit Server VM (25.261-b12) for windows-amd64 JRE (1.8.0_261-b12), built on Jun 18 2020 06:56:32 by "" with unknown MS VC++:1916
Memory: 4k page, physical 16659684k(9698024k free), swap 23213284k(9194520k free)
CommandLine flags: -XX:InitialHeapSize=2147483648 -XX:MaxHeapSize=2147483648 -XX:+PrintGC -XX:+PrintGCDateStamps -XX:+PrintGCDetails -XX:+PrintGCTimeStamps -XX:+UseCompressedClassPointers -XX:+UseCompressedOops -XX:-UseLargePagesIndividualAllocation -XX:+UseParallelGC 
2020-09-29T17:45:49.500+0200: 0.263: [GC (Allocation Failure) [PSYoungGen: 524800K->23746K(611840K)] 524800K->23754K(2010112K), 0.0147441 secs] [Times: user=0.09 sys=0.03, real=0.02 secs] 
2020-09-29T17:45:49.561+0200: 0.324: [GC (Allocation Failure) [PSYoungGen: 548546K->26883K(611840K)] 548554K->26891K(2010112K), 0.0254230 secs] [Times: user=0.09 sys=0.00, real=0.02 secs] 
2020-09-29T17:45:49.632+0200: 0.395: [GC (Allocation Failure) [PSYoungGen: 551683K->29236K(611840K)] 551691K->29244K(2010112K), 0.0115603 secs] [Times: user=0.00 sys=0.00, real=0.01 secs] 
2020-09-29T17:45:49.689+0200: 0.452: [GC (Allocation Failure) [PSYoungGen: 554036K->18226K(611840K)] 554044K->18234K(2010112K), 0.0082908 secs] [Times: user=0.13 sys=0.00, real=0.01 secs] 
2020-09-29T17:45:49.742+0200: 0.505: [GC (Allocation Failure) [PSYoungGen: 543026K->50821K(611840K)] 543034K->50829K(2010112K), 0.0185511 secs] [Times: user=0.13 sys=0.00, real=0.02 secs] 
2020-09-29T17:45:49.806+0200: 0.569: [GC (Allocation Failure) [PSYoungGen: 575621K->42165K(642560K)] 575629K->42173K(2040832K), 0.0198037 secs] [Times: user=0.11 sys=0.02, real=0.02 secs] 
2020-09-29T17:45:49.878+0200: 0.641: [GC (Allocation Failure) [PSYoungGen: 635573K->33061K(646144K)] 635581K->33485K(2044416K), 0.0141967 secs] [Times: user=0.08 sys=0.05, real=0.01 secs] 
2020-09-29T17:45:49.944+0200: 0.707: [GC (Allocation Failure) [PSYoungGen: 626469K->50661K(634880K)] 626893K->52613K(2033152K), 0.0184082 secs] [Times: user=0.13 sys=0.00, real=0.02 secs] 
2020-09-29T17:45:50.013+0200: 0.776: [GC (Allocation Failure) [PSYoungGen: 634853K->48581K(632832K)] 636805K->50533K(2031104K), 0.0155542 secs] [Times: user=0.13 sys=0.00, real=0.02 secs] 
2020-09-29T17:45:50.079+0200: 0.842: [GC (Allocation Failure) [PSYoungGen: 632773K->44805K(636416K)] 634725K->46757K(2034688K), 0.0161669 secs] [Times: user=0.13 sys=0.00, real=0.02 secs] 
2020-09-29T17:45:50.145+0200: 0.908: [GC (Allocation Failure) [PSYoungGen: 620805K->32933K(637440K)] 622757K->34885K(2035712K), 0.0104738 secs] [Times: user=0.00 sys=0.00, real=0.01 secs] 
2020-09-29T17:45:50.205+0200: 0.968: [GC (Allocation Failure) [PSYoungGen: 608933K->34725K(641536K)] 610885K->36677K(2039808K), 0.0113415 secs] [Times: user=0.13 sys=0.00, real=0.01 secs] 
2020-09-29T17:45:50.271+0200: 1.034: [GC (Allocation Failure) [PSYoungGen: 616869K->28708K(639488K)] 618821K->30660K(2037760K), 0.0100037 secs] [Times: user=0.00 sys=0.00, real=0.01 secs] 
2020-09-29T17:45:50.335+0200: 1.099: [GC (Allocation Failure) [PSYoungGen: 610852K->36645K(643584K)] 612804K->38597K(2041856K), 0.0130449 secs] [Times: user=0.13 sys=0.00, real=0.01 secs] 
2020-09-29T17:45:50.403+0200: 1.167: [GC (Allocation Failure) [PSYoungGen: 623397K->49189K(636416K)] 625349K->51141K(2034688K), 0.0159107 secs] [Times: user=0.13 sys=0.00, real=0.02 secs] 
2020-09-29T17:45:50.471+0200: 1.234: [GC (Allocation Failure) [PSYoungGen: 635941K->34277K(642560K)] 637893K->36229K(2040832K), 0.0116422 secs] [Times: user=0.13 sys=0.00, real=0.01 secs] 
2020-09-29T17:45:50.533+0200: 1.296: [GC (Allocation Failure) [PSYoungGen: 618469K->44293K(640512K)] 620421K->46245K(2038784K), 0.0141005 secs] [Times: user=0.13 sys=0.00, real=0.01 secs] 
2020-09-29T17:45:50.602+0200: 1.365: [GC (Allocation Failure) [PSYoungGen: 628485K->26757K(641536K)] 630437K->28709K(2039808K), 0.0097599 secs] [Times: user=0.00 sys=0.00, real=0.01 secs] 
2020-09-29T17:45:50.668+0200: 1.431: [GC (Allocation Failure) [PSYoungGen: 610949K->22756K(641536K)] 612901K->24708K(2039808K), 0.0104759 secs] [Times: user=0.13 sys=0.00, real=0.01 secs] 
2020-09-29T17:45:50.733+0200: 1.496: [GC (Allocation Failure) [PSYoungGen: 606948K->46373K(637440K)] 608900K->48325K(2035712K), 0.0169999 secs] [Times: user=0.13 sys=0.00, real=0.02 secs] 
2020-09-29T17:45:50.803+0200: 1.566: [GC (Allocation Failure) [PSYoungGen: 626469K->38533K(639488K)] 628421K->40485K(2037760K), 0.0155943 secs] [Times: user=0.13 sys=0.00, real=0.02 secs] 
2020-09-29T17:45:50.871+0200: 1.634: [GC (Allocation Failure) [PSYoungGen: 618629K->30404K(642048K)] 620581K->32356K(2040320K), 0.0115020 secs] [Times: user=0.13 sys=0.00, real=0.01 secs] 
2020-09-29T17:45:50.934+0200: 1.698: [GC (Allocation Failure) [PSYoungGen: 614596K->40389K(641024K)] 616548K->42341K(2039296K), 0.0135569 secs] [Times: user=0.13 sys=0.00, real=0.01 secs] 
2020-09-29T17:45:51.001+0200: 1.764: [GC (Allocation Failure) [PSYoungGen: 624581K->22981K(641536K)] 626533K->24933K(2039808K), 0.0080852 secs] [Times: user=0.11 sys=0.00, real=0.01 secs] 
2020-09-29T17:45:51.062+0200: 1.826: [GC (Allocation Failure) [PSYoungGen: 608197K->32484K(642048K)] 610149K->34436K(2040320K), 0.0116681 secs] [Times: user=0.13 sys=0.00, real=0.01 secs] 
2020-09-29T17:45:51.124+0200: 1.887: [GC (Allocation Failure) [PSYoungGen: 617700K->29765K(645120K)] 619652K->31717K(2043392K), 0.0106622 secs] [Times: user=0.13 sys=0.00, real=0.01 secs] 
2020-09-29T17:45:51.187+0200: 1.951: [GC (Allocation Failure) [PSYoungGen: 619589K->31268K(643584K)] 621541K->33220K(2041856K), 0.0111030 secs] [Times: user=0.13 sys=0.00, real=0.01 secs] 
2020-09-29T17:45:51.251+0200: 2.014: [GC (Allocation Failure) [PSYoungGen: 621092K->46885K(640512K)] 623044K->48837K(2038784K), 0.0157942 secs] [Times: user=0.13 sys=0.00, real=0.02 secs] 
2020-09-29T17:45:51.319+0200: 2.082: [GC (Allocation Failure) [PSYoungGen: 635173K->47301K(635904K)] 637125K->49253K(2034176K), 0.0175774 secs] [Times: user=0.13 sys=0.00, real=0.02 secs] 
2020-09-29T17:45:51.388+0200: 2.151: [GC (Allocation Failure) [PSYoungGen: 635589K->34021K(642560K)] 637541K->35973K(2040832K), 0.0121634 secs] [Times: user=0.13 sys=0.00, real=0.01 secs] 
2020-09-29T17:45:51.450+0200: 2.214: [GC (Allocation Failure) [PSYoungGen: 618725K->44517K(641024K)] 620677K->46469K(2039296K), 0.0146968 secs] [Times: user=0.13 sys=0.00, real=0.01 secs] 
2020-09-29T17:45:51.515+0200: 2.279: [GC (Allocation Failure) [PSYoungGen: 629221K->41253K(642048K)] 631173K->43205K(2040320K), 0.0140558 secs] [Times: user=0.13 sys=0.00, real=0.01 secs] 
2020-09-29T17:45:51.580+0200: 2.344: [GC (Allocation Failure) [PSYoungGen: 625957K->51685K(636416K)] 627909K->53637K(2034688K), 0.0186432 secs] [Times: user=0.22 sys=0.00, real=0.03 secs] 
2020-09-29T17:45:51.657+0200: 2.421: [GC (Allocation Failure) [PSYoungGen: 636389K->48549K(636416K)] 638341K->50501K(2034688K), 0.0156650 secs] [Times: user=0.13 sys=0.00, real=0.02 secs] 
2020-09-29T17:45:51.722+0200: 2.485: [GC (Allocation Failure) [PSYoungGen: 624549K->35908K(637440K)] 626501K->37860K(2035712K), 0.0132022 secs] [Times: user=0.13 sys=0.00, real=0.01 secs] 
2020-09-29T17:45:51.786+0200: 2.549: [GC (Allocation Failure) [PSYoungGen: 611908K->24005K(637440K)] 613860K->25957K(2035712K), 0.0076980 secs] [Times: user=0.00 sys=0.00, real=0.01 secs] 
2020-09-29T17:45:51.852+0200: 2.615: [GC (Allocation Failure) [PSYoungGen: 601029K->40421K(637952K)] 602981K->42373K(2036224K), 0.0135515 secs] [Times: user=0.13 sys=0.00, real=0.01 secs] 
2020-09-29T17:45:51.917+0200: 2.680: [GC (Allocation Failure) [PSYoungGen: 617445K->43205K(639488K)] 619397K->45157K(2037760K), 0.0145321 secs] [Times: user=0.13 sys=0.00, real=0.01 secs] 
2020-09-29T17:45:51.983+0200: 2.746: [GC (Allocation Failure) [PSYoungGen: 623301K->35429K(639488K)] 625253K->37381K(2037760K), 0.0122280 secs] [Times: user=0.13 sys=0.00, real=0.01 secs] 
2020-09-29T17:45:52.047+0200: 2.810: [GC (Allocation Failure) [PSYoungGen: 615525K->41285K(642048K)] 617477K->43237K(2040320K), 0.0138155 secs] [Times: user=0.13 sys=0.00, real=0.01 secs] 
2020-09-29T17:45:52.112+0200: 2.876: [GC (Allocation Failure) [PSYoungGen: 625477K->35940K(641024K)] 627429K->37892K(2039296K), 0.0132177 secs] [Times: user=0.13 sys=0.00, real=0.01 secs] 
2020-09-29T17:45:52.177+0200: 2.940: [GC (Allocation Failure) [PSYoungGen: 620132K->45925K(641024K)] 622084K->47877K(2039296K), 0.0154207 secs] [Times: user=0.13 sys=0.00, real=0.01 secs] 
2020-09-29T17:45:52.248+0200: 3.011: [GC (Allocation Failure) [PSYoungGen: 631141K->56805K(642048K)] 633093K->58773K(2040320K), 0.0183552 secs] [Times: user=0.13 sys=0.00, real=0.02 secs] 
2020-09-29T17:45:52.316+0200: 3.080: [GC (Allocation Failure) [PSYoungGen: 642021K->40453K(636928K)] 643989K->42421K(2035200K), 0.0137498 secs] [Times: user=0.06 sys=0.00, real=0.01 secs] 
2020-09-29T17:45:52.383+0200: 3.146: [GC (Allocation Failure) [PSYoungGen: 620549K->46373K(626688K)] 622517K->48341K(2024960K), 0.0155176 secs] [Times: user=0.13 sys=0.00, real=0.02 secs] 
2020-09-29T17:45:52.449+0200: 3.212: [GC (Allocation Failure) [PSYoungGen: 626469K->52133K(634880K)] 628437K->54101K(2033152K), 0.0172806 secs] [Times: user=0.13 sys=0.00, real=0.02 secs] 
2020-09-29T17:45:52.515+0200: 3.278: [GC (Allocation Failure) [PSYoungGen: 627109K->39269K(636928K)] 629077K->41237K(2035200K), 0.0126654 secs] [Times: user=0.13 sys=0.00, real=0.01 secs] 
2020-09-29T17:45:52.577+0200: 3.341: [GC (Allocation Failure) [PSYoungGen: 614245K->25796K(636416K)] 616213K->27764K(2034688K), 0.0103461 secs] [Times: user=0.11 sys=0.00, real=0.01 secs] 
2020-09-29T17:45:52.648+0200: 3.411: [GC (Allocation Failure) [PSYoungGen: 601796K->41253K(637440K)] 603764K->43221K(2035712K), 0.0131931 secs] [Times: user=0.13 sys=0.00, real=0.01 secs] 
2020-09-29T17:45:52.710+0200: 3.474: [GC (Allocation Failure) [PSYoungGen: 617253K->29253K(638976K)] 619221K->31221K(2037248K), 0.0099843 secs] [Times: user=0.00 sys=0.00, real=0.01 secs] 
2020-09-29T17:45:52.771+0200: 3.534: [GC (Allocation Failure) [PSYoungGen: 608325K->34149K(638976K)] 610293K->36117K(2037248K), 0.0110554 secs] [Times: user=0.00 sys=0.00, real=0.01 secs] 
2020-09-29T17:45:52.838+0200: 3.602: [GC (Allocation Failure) [PSYoungGen: 613221K->25285K(640000K)] 615189K->27253K(2038272K), 0.0091204 secs] [Times: user=0.00 sys=0.00, real=0.01 secs] 
2020-09-29T17:45:52.900+0200: 3.663: [GC (Allocation Failure) [PSYoungGen: 606405K->58853K(640000K)] 608373K->61413K(2038272K), 0.0190452 secs] [Times: user=0.13 sys=0.00, real=0.02 secs] 
2020-09-29T17:45:52.970+0200: 3.733: [GC (Allocation Failure) [PSYoungGen: 639973K->39045K(632832K)] 642533K->41605K(2031104K), 0.0134113 secs] [Times: user=0.13 sys=0.00, real=0.01 secs] 
2020-09-29T17:45:53.032+0200: 3.796: [GC (Allocation Failure) [PSYoungGen: 612997K->36997K(636416K)] 615557K->39557K(2034688K), 0.0124026 secs] [Times: user=0.13 sys=0.00, real=0.01 secs] 
2020-09-29T17:45:53.098+0200: 3.862: [GC (Allocation Failure) [PSYoungGen: 610949K->35237K(639488K)] 613509K->37797K(2037760K), 0.0126834 secs] [Times: user=0.00 sys=0.00, real=0.01 secs] 
2020-09-29T17:45:53.163+0200: 3.927: [GC (Allocation Failure) [PSYoungGen: 613797K->38884K(637952K)] 616357K->41444K(2036224K), 0.0135495 secs] [Times: user=0.13 sys=0.00, real=0.01 secs] 
2020-09-29T17:45:53.231+0200: 3.994: [GC (Allocation Failure) [PSYoungGen: 617444K->29477K(641536K)] 620004K->32037K(2039808K), 0.0104495 secs] [Times: user=0.13 sys=0.00, real=0.01 secs] 
2020-09-29T17:45:53.293+0200: 4.056: [GC (Allocation Failure) [PSYoungGen: 613669K->39429K(641536K)] 616229K->41989K(2039808K), 0.0133710 secs] [Times: user=0.13 sys=0.00, real=0.01 secs] 
2020-09-29T17:45:53.357+0200: 4.120: [GC (Allocation Failure) [PSYoungGen: 623621K->21893K(641024K)] 626181K->24453K(2039296K), 0.0079210 secs] [Times: user=0.13 sys=0.00, real=0.01 secs] 
2020-09-29T17:45:53.416+0200: 4.179: [GC (Allocation Failure) [PSYoungGen: 607109K->32933K(642048K)] 609669K->35493K(2040320K), 0.0107324 secs] [Times: user=0.13 sys=0.00, real=0.01 secs] 
2020-09-29T17:45:53.482+0200: 4.245: [GC (Allocation Failure) [PSYoungGen: 618149K->30181K(644096K)] 620709K->32741K(2042368K), 0.0118156 secs] [Times: user=0.13 sys=0.00, real=0.01 secs] 
2020-09-29T17:45:53.545+0200: 4.308: [GC (Allocation Failure) [PSYoungGen: 618981K->31141K(643584K)] 621541K->33701K(2041856K), 0.0102181 secs] [Times: user=0.13 sys=0.00, real=0.01 secs] 
2020-09-29T17:45:53.607+0200: 4.371: [GC (Allocation Failure) [PSYoungGen: 619941K->31460K(646656K)] 622501K->34020K(2044928K), 0.0115887 secs] [Times: user=0.11 sys=0.00, real=0.01 secs] 
2020-09-29T17:45:53.670+0200: 4.434: [GC (Allocation Failure) [PSYoungGen: 624868K->19395K(645632K)] 627428K->21955K(2043904K), 0.0075670 secs] [Times: user=0.13 sys=0.00, real=0.01 secs] 
2020-09-29T17:45:53.730+0200: 4.493: [GC (Allocation Failure) [PSYoungGen: 612803K->37540K(646144K)] 615363K->40100K(2044416K), 0.0133119 secs] [Times: user=0.13 sys=0.00, real=0.01 secs] 
2020-09-29T17:45:53.796+0200: 4.559: [GC (Allocation Failure) [PSYoungGen: 630436K->42533K(635904K)] 632996K->45093K(2034176K), 0.0143790 secs] [Times: user=0.13 sys=0.00, real=0.01 secs] 
2020-09-29T17:45:53.861+0200: 4.624: [GC (Allocation Failure) [PSYoungGen: 635429K->33797K(646656K)] 637989K->36357K(2044928K), 0.0117275 secs] [Times: user=0.13 sys=0.00, real=0.01 secs] 
2020-09-29T17:45:53.927+0200: 4.691: [GC (Allocation Failure) [PSYoungGen: 626181K->51909K(644608K)] 628741K->54469K(2042880K), 0.0166813 secs] [Times: user=0.13 sys=0.00, real=0.02 secs] 
2020-09-29T17:45:53.995+0200: 4.758: [GC (Allocation Failure) [PSYoungGen: 644293K->27877K(640512K)] 646853K->30437K(2038784K), 0.0102494 secs] [Times: user=0.13 sys=0.00, real=0.01 secs] 
2020-09-29T17:45:54.059+0200: 4.823: [GC (Allocation Failure) [PSYoungGen: 614117K->39941K(642560K)] 616677K->42501K(2040832K), 0.0133077 secs] [Times: user=0.13 sys=0.00, real=0.01 secs] 
2020-09-29T17:45:54.123+0200: 4.887: [GC (Allocation Failure) [PSYoungGen: 626181K->51941K(634880K)] 628741K->54501K(2033152K), 0.0171696 secs] [Times: user=0.13 sys=0.00, real=0.02 secs] 
2020-09-29T17:45:54.190+0200: 4.953: [GC (Allocation Failure) [PSYoungGen: 631013K->43045K(638976K)] 633573K->45605K(2037248K), 0.0144175 secs] [Times: user=0.13 sys=0.00, real=0.01 secs] 
2020-09-29T17:45:54.254+0200: 5.017: [GC (Allocation Failure) [PSYoungGen: 622117K->34277K(640512K)] 624677K->36837K(2038784K), 0.0116659 secs] [Times: user=0.00 sys=0.00, real=0.01 secs] 
2020-09-29T17:45:54.316+0200: 5.080: [GC (Allocation Failure) [PSYoungGen: 614885K->11107K(591872K)] 617445K->13667K(1990144K), 0.0106995 secs] [Times: user=0.00 sys=0.00, real=0.01 secs] 
2020-09-29T17:45:54.379+0200: 5.142: [GC (Allocation Failure) [PSYoungGen: 591715K->43429K(636928K)] 594275K->45989K(2035200K), 0.0146480 secs] [Times: user=0.13 sys=0.00, real=0.01 secs] 
2020-09-29T17:45:54.444+0200: 5.207: [GC (Allocation Failure) [PSYoungGen: 619429K->31525K(637440K)] 621989K->34085K(2035712K), 0.0112069 secs] [Times: user=0.00 sys=0.00, real=0.01 secs] 
2020-09-29T17:45:54.506+0200: 5.269: [GC (Allocation Failure) [PSYoungGen: 607525K->19269K(638464K)] 610085K->21829K(2036736K), 0.0066884 secs] [Times: user=0.00 sys=0.00, real=0.01 secs] 
2020-09-29T17:45:54.568+0200: 5.331: [GC (Allocation Failure) [PSYoungGen: 598341K->23972K(638976K)] 600901K->26532K(2037248K), 0.0096916 secs] [Times: user=0.00 sys=0.00, real=0.01 secs] 
2020-09-29T17:45:54.630+0200: 5.393: [GC (Allocation Failure) [PSYoungGen: 603044K->42468K(637952K)] 605604K->45028K(2036224K), 0.0152059 secs] [Times: user=0.13 sys=0.00, real=0.01 secs] 
2020-09-29T17:45:54.695+0200: 5.458: [GC (Allocation Failure) [PSYoungGen: 621540K->33605K(638976K)] 624100K->36165K(2037248K), 0.0116025 secs] [Times: user=0.00 sys=0.00, real=0.01 secs] 
2020-09-29T17:45:54.757+0200: 5.520: [GC (Allocation Failure) [PSYoungGen: 612677K->38469K(642048K)] 615237K->41029K(2040320K), 0.0125902 secs] [Times: user=0.02 sys=0.00, real=0.01 secs] 
2020-09-29T17:45:54.825+0200: 5.588: [GC (Allocation Failure) [PSYoungGen: 623173K->32996K(641536K)] 625733K->35556K(2039808K), 0.0120561 secs] [Times: user=0.13 sys=0.00, real=0.01 secs] 
2020-09-29T17:45:54.888+0200: 5.651: [GC (Allocation Failure) [PSYoungGen: 617700K->54757K(630784K)] 620260K->59637K(2029056K), 0.0186271 secs] [Times: user=0.13 sys=0.00, real=0.02 secs] 
2020-09-29T17:45:54.956+0200: 5.719: [GC (Allocation Failure) [PSYoungGen: 630757K->28291K(637440K)] 635637K->33171K(2035712K), 0.0107748 secs] [Times: user=0.13 sys=0.00, real=0.01 secs] 
2020-09-29T17:45:55.016+0200: 5.779: [GC (Allocation Failure) [PSYoungGen: 604291K->28131K(640000K)] 609171K->33011K(2038272K), 0.0108157 secs] [Times: user=0.13 sys=0.00, real=0.01 secs] 
2020-09-29T17:45:55.076+0200: 5.839: [GC (Allocation Failure) [PSYoungGen: 607715K->31620K(638464K)] 612595K->36500K(2036736K), 0.0117304 secs] [Times: user=0.13 sys=0.00, real=0.01 secs] 
2020-09-29T17:45:55.137+0200: 5.900: [GC (Allocation Failure) [PSYoungGen: 611204K->22148K(642048K)] 616084K->27028K(2040320K), 0.0080536 secs] [Times: user=0.13 sys=0.00, real=0.01 secs] 
2020-09-29T17:45:55.197+0200: 5.960: [GC (Allocation Failure) [PSYoungGen: 606852K->46021K(630784K)] 611732K->50901K(2029056K), 0.0157326 secs] [Times: user=0.13 sys=0.00, real=0.02 secs] 
2020-09-29T17:45:55.263+0200: 6.026: [GC (Allocation Failure) [PSYoungGen: 630725K->13218K(637440K)] 635605K->18098K(2035712K), 0.0060445 secs] [Times: user=0.00 sys=0.00, real=0.01 secs] 
2020-09-29T17:45:55.320+0200: 6.083: [GC (Allocation Failure) [PSYoungGen: 591266K->29540K(638464K)] 596146K->34420K(2036736K), 0.0109952 secs] [Times: user=0.00 sys=0.00, real=0.01 secs] 
2020-09-29T17:45:55.381+0200: 6.144: [GC (Allocation Failure) [PSYoungGen: 607588K->47045K(634368K)] 612468K->51925K(2032640K), 0.0156890 secs] [Times: user=0.13 sys=0.00, real=0.02 secs] 
2020-09-29T17:45:55.449+0200: 6.212: [GC (Allocation Failure) [PSYoungGen: 623045K->20772K(637440K)] 627925K->25652K(2035712K), 0.0098203 secs] [Times: user=0.13 sys=0.00, real=0.01 secs] 
2020-09-29T17:45:55.512+0200: 6.275: [GC (Allocation Failure) [PSYoungGen: 596772K->36069K(639488K)] 601652K->40949K(2037760K), 0.0134872 secs] [Times: user=0.13 sys=0.00, real=0.01 secs] 
2020-09-29T17:45:55.579+0200: 6.342: [GC (Allocation Failure) [PSYoungGen: 615141K->27077K(638464K)] 620021K->31957K(2036736K), 0.0118801 secs] [Times: user=0.11 sys=0.00, real=0.01 secs] 
2020-09-29T17:45:55.643+0200: 6.406: [GC (Allocation Failure) [PSYoungGen: 606149K->31845K(643584K)] 611029K->36725K(2041856K), 0.0115878 secs] [Times: user=0.13 sys=0.00, real=0.01 secs] 
2020-09-29T17:45:55.707+0200: 6.470: [GC (Allocation Failure) [PSYoungGen: 618085K->29092K(641536K)] 622965K->33972K(2039808K), 0.0103962 secs] [Times: user=0.13 sys=0.00, real=0.01 secs] 
2020-09-29T17:45:55.768+0200: 6.531: [GC (Allocation Failure) [PSYoungGen: 615332K->41125K(642560K)] 620212K->46005K(2040832K), 0.0136089 secs] [Times: user=0.13 sys=0.00, real=0.01 secs] 
2020-09-29T17:45:55.832+0200: 6.595: [GC (Allocation Failure) [PSYoungGen: 630437K->28356K(644096K)] 635317K->33236K(2042368K), 0.0101055 secs] [Times: user=0.09 sys=0.00, real=0.01 secs] 
2020-09-29T17:45:55.893+0200: 6.656: [GC (Allocation Failure) [PSYoungGen: 617668K->29124K(647168K)] 622548K->34004K(2045440K), 0.0102185 secs] [Times: user=0.13 sys=0.00, real=0.01 secs] 
2020-09-29T17:45:55.955+0200: 6.718: [GC (Allocation Failure) [PSYoungGen: 623044K->48805K(643072K)] 627924K->53685K(2041344K), 0.0169984 secs] [Times: user=0.11 sys=0.00, real=0.02 secs] 
2020-09-29T17:45:56.024+0200: 6.787: [GC (Allocation Failure) [PSYoungGen: 642725K->41157K(642048K)] 647605K->46037K(2040320K), 0.0147853 secs] [Times: user=0.11 sys=0.00, real=0.02 secs] 
2020-09-29T17:45:56.090+0200: 6.853: [GC (Allocation Failure) [PSYoungGen: 627397K->39493K(642560K)] 632277K->44373K(2040832K), 0.0140475 secs] [Times: user=0.13 sys=0.00, real=0.01 secs] 
2020-09-29T17:45:56.155+0200: 6.918: [GC (Allocation Failure) [PSYoungGen: 625733K->23171K(642560K)] 630613K->28051K(2040832K), 0.0095592 secs] [Times: user=0.13 sys=0.00, real=0.01 secs] 
2020-09-29T17:45:56.214+0200: 6.977: [GC (Allocation Failure) [PSYoungGen: 609411K->35141K(642560K)] 614291K->40021K(2040832K), 0.0111570 secs] [Times: user=0.13 sys=0.00, real=0.01 secs] 
2020-09-29T17:45:56.277+0200: 7.040: [GC (Allocation Failure) [PSYoungGen: 621381K->31875K(646144K)] 626261K->36755K(2044416K), 0.0120302 secs] [Times: user=0.13 sys=0.00, real=0.01 secs] 
2020-09-29T17:45:56.340+0200: 7.103: [GC (Allocation Failure) [PSYoungGen: 623747K->35845K(644608K)] 628627K->40725K(2042880K), 0.0124581 secs] [Times: user=0.13 sys=0.00, real=0.01 secs] 
2020-09-29T17:45:56.404+0200: 7.167: [GC (Allocation Failure) [PSYoungGen: 627717K->51652K(637952K)] 632597K->56532K(2036224K), 0.0179580 secs] [Times: user=0.13 sys=0.00, real=0.02 secs] 
2020-09-29T17:45:56.472+0200: 7.235: [GC (Allocation Failure) [PSYoungGen: 637892K->22629K(609280K)] 642772K->27509K(2007552K), 0.0075849 secs] [Times: user=0.13 sys=0.00, real=0.01 secs] 
2020-09-29T17:45:56.531+0200: 7.294: [GC (Allocation Failure) [PSYoungGen: 608869K->34340K(644608K)] 613749K->39220K(2042880K), 0.0124615 secs] [Times: user=0.13 sys=0.00, real=0.01 secs] 
2020-09-29T17:45:56.595+0200: 7.358: [GC (Allocation Failure) [PSYoungGen: 622116K->17379K(642048K)] 626996K->22259K(2040320K), 0.0075116 secs] [Times: user=0.11 sys=0.00, real=0.01 secs] 
2020-09-29T17:45:56.662+0200: 7.425: [GC (Allocation Failure) [PSYoungGen: 605155K->30917K(645632K)] 610035K->35797K(2043904K), 0.0106611 secs] [Times: user=0.00 sys=0.00, real=0.01 secs] 
2020-09-29T17:45:56.723+0200: 7.486: [GC (Allocation Failure) [PSYoungGen: 621253K->47013K(637440K)] 626133K->51893K(2035712K), 0.0158685 secs] [Times: user=0.13 sys=0.00, real=0.02 secs] 
2020-09-29T17:45:56.789+0200: 7.553: [GC (Allocation Failure) [PSYoungGen: 637349K->35684K(643584K)] 642229K->40564K(2041856K), 0.0126501 secs] [Times: user=0.13 sys=0.00, real=0.01 secs] 
2020-09-29T17:45:56.852+0200: 7.615: [GC (Allocation Failure) [PSYoungGen: 622436K->34437K(642048K)] 627316K->39317K(2040320K), 0.0110314 secs] [Times: user=0.00 sys=0.00, real=0.01 secs] 
2020-09-29T17:45:56.914+0200: 7.677: [GC (Allocation Failure) [PSYoungGen: 621189K->33093K(647168K)] 626069K->37973K(2045440K), 0.0117453 secs] [Times: user=0.00 sys=0.00, real=0.01 secs] 
2020-09-29T17:45:56.977+0200: 7.740: [GC (Allocation Failure) [PSYoungGen: 627013K->51685K(645632K)] 631893K->57613K(2043904K), 0.0177603 secs] [Times: user=0.13 sys=0.00, real=0.02 secs] 
2020-09-29T17:45:57.046+0200: 7.809: [GC (Allocation Failure) [PSYoungGen: 645605K->31461K(641536K)] 651533K->37389K(2039808K), 0.0104062 secs] [Times: user=0.13 sys=0.00, real=0.01 secs] 
2020-09-29T17:45:57.108+0200: 7.871: [GC (Allocation Failure) [PSYoungGen: 619749K->29956K(643584K)] 625677K->35884K(2041856K), 0.0110113 secs] [Times: user=0.13 sys=0.00, real=0.01 secs] 
2020-09-29T17:45:57.168+0200: 7.931: [GC (Allocation Failure) [PSYoungGen: 618244K->15524K(641536K)] 624172K->21452K(2039808K), 0.0059043 secs] [Times: user=0.00 sys=0.00, real=0.01 secs] 
2020-09-29T17:45:57.224+0200: 7.988: [GC (Allocation Failure) [PSYoungGen: 602788K->42309K(629760K)] 608716K->48237K(2028032K), 0.0147638 secs] [Times: user=0.13 sys=0.00, real=0.02 secs] 
2020-09-29T17:45:57.289+0200: 8.052: [GC (Allocation Failure) [PSYoungGen: 629573K->39877K(642048K)] 635501K->45805K(2040320K), 0.0141105 secs] [Times: user=0.13 sys=0.00, real=0.01 secs] 
2020-09-29T17:45:57.355+0200: 8.118: [GC (Allocation Failure) [PSYoungGen: 625093K->36580K(642048K)] 631021K->42508K(2040320K), 0.0141442 secs] [Times: user=0.13 sys=0.00, real=0.01 secs] 
2020-09-29T17:45:57.420+0200: 8.183: [GC (Allocation Failure) [PSYoungGen: 621796K->33925K(645632K)] 627724K->39853K(2043904K), 0.0111707 secs] [Times: user=0.13 sys=0.00, real=0.01 secs] 
2020-09-29T17:45:57.483+0200: 8.246: [GC (Allocation Failure) [PSYoungGen: 624261K->49957K(640512K)] 630189K->55885K(2038784K), 0.0167941 secs] [Times: user=0.13 sys=0.00, real=0.02 secs] 
2020-09-29T17:45:57.551+0200: 8.314: [GC (Allocation Failure) [PSYoungGen: 640293K->38757K(642560K)] 646221K->44685K(2040832K), 0.0132570 secs] [Times: user=0.00 sys=0.00, real=0.01 secs] 
2020-09-29T17:45:57.619+0200: 8.382: [GC (Allocation Failure) [PSYoungGen: 623973K->36037K(641536K)] 629901K->41965K(2039808K), 0.0157736 secs] [Times: user=0.11 sys=0.00, real=0.02 secs] 
2020-09-29T17:45:57.689+0200: 8.452: [GC (Allocation Failure) [PSYoungGen: 621253K->46949K(640512K)] 627181K->52877K(2038784K), 0.0155122 secs] [Times: user=0.13 sys=0.00, real=0.02 secs] 
2020-09-29T17:45:57.756+0200: 8.519: [GC (Allocation Failure) [PSYoungGen: 633189K->45349K(631808K)] 639117K->51277K(2030080K), 0.0149938 secs] [Times: user=0.13 sys=0.00, real=0.01 secs] 
2020-09-29T17:45:57.822+0200: 8.585: [GC (Allocation Failure) [PSYoungGen: 631589K->42148K(642048K)] 637517K->48076K(2040320K), 0.0144296 secs] [Times: user=0.13 sys=0.00, real=0.01 secs] 
2020-09-29T17:45:57.887+0200: 8.650: [GC (Allocation Failure) [PSYoungGen: 626852K->37284K(641536K)] 632780K->43212K(2039808K), 0.0132460 secs] [Times: user=0.13 sys=0.00, real=0.01 secs] 
2020-09-29T17:45:57.950+0200: 8.714: [GC (Allocation Failure) [PSYoungGen: 621988K->47268K(640512K)] 627916K->53196K(2038784K), 0.0168063 secs] [Times: user=0.13 sys=0.00, real=0.02 secs] 
2020-09-29T17:45:58.018+0200: 8.781: [GC (Allocation Failure) [PSYoungGen: 632484K->30821K(642048K)] 638412K->36749K(2040320K), 0.0105230 secs] [Times: user=0.13 sys=0.00, real=0.01 secs] 
2020-09-29T17:45:58.089+0200: 8.852: [GC (Allocation Failure) [PSYoungGen: 616037K->25251K(641024K)] 621965K->31179K(2039296K), 0.0098803 secs] [Times: user=0.13 sys=0.00, real=0.01 secs] 
2020-09-29T17:45:58.150+0200: 8.913: [GC (Allocation Failure) [PSYoungGen: 609443K->34308K(641536K)] 615371K->40236K(2039808K), 0.0122618 secs] [Times: user=0.13 sys=0.00, real=0.01 secs] 
2020-09-29T17:45:58.213+0200: 8.976: [GC (Allocation Failure) [PSYoungGen: 618500K->44293K(641024K)] 624428K->50221K(2039296K), 0.0148931 secs] [Times: user=0.13 sys=0.00, real=0.01 secs] 
2020-09-29T17:45:58.278+0200: 9.041: [GC (Allocation Failure) [PSYoungGen: 629509K->41092K(642048K)] 635437K->47020K(2040320K), 0.0142285 secs] [Times: user=0.13 sys=0.00, real=0.01 secs] 
2020-09-29T17:45:58.342+0200: 9.105: [GC (Allocation Failure) [PSYoungGen: 626308K->38373K(644608K)] 632236K->44301K(2042880K), 0.0131548 secs] [Times: user=0.13 sys=0.00, real=0.01 secs] 
2020-09-29T17:45:58.408+0200: 9.172: [GC (Allocation Failure) [PSYoungGen: 627173K->10050K(599040K)] 633101K->15978K(1997312K), 0.0061324 secs] [Times: user=0.13 sys=0.00, real=0.01 secs] 
2020-09-29T17:45:58.465+0200: 9.228: [GC (Allocation Failure) [PSYoungGen: 598850K->51973K(633344K)] 604778K->57901K(2031616K), 0.0170993 secs] [Times: user=0.13 sys=0.00, real=0.02 secs] 
2020-09-29T17:45:58.531+0200: 9.294: [GC (Allocation Failure) [PSYoungGen: 627973K->40037K(637440K)] 633901K->45965K(2035712K), 0.0140131 secs] [Times: user=0.13 sys=0.00, real=0.01 secs] 
2020-09-29T17:45:58.597+0200: 9.360: [GC (Allocation Failure) [PSYoungGen: 616037K->41829K(638976K)] 621965K->47757K(2037248K), 0.0153550 secs] [Times: user=0.11 sys=0.00, real=0.02 secs] 
2020-09-29T17:45:58.664+0200: 9.427: [GC (Allocation Failure) [PSYoungGen: 620389K->46117K(638464K)] 626317K->52045K(2036736K), 0.0150387 secs] [Times: user=0.13 sys=0.00, real=0.01 secs] 
2020-09-29T17:45:58.728+0200: 9.491: [GC (Allocation Failure) [PSYoungGen: 624677K->36709K(640000K)] 630605K->42637K(2038272K), 0.0125036 secs] [Times: user=0.13 sys=0.00, real=0.01 secs] 
2020-09-29T17:45:58.795+0200: 9.558: [GC (Allocation Failure) [PSYoungGen: 616293K->27876K(638464K)] 622221K->33804K(2036736K), 0.0127289 secs] [Times: user=0.11 sys=0.00, real=0.01 secs] 
2020-09-29T17:45:58.861+0200: 9.624: [GC (Allocation Failure) [PSYoungGen: 607460K->33060K(641536K)] 613388K->38988K(2039808K), 0.0145707 secs] [Times: user=0.11 sys=0.00, real=0.01 secs] 
2020-09-29T17:45:58.928+0200: 9.691: [GC (Allocation Failure) [PSYoungGen: 616228K->27237K(640512K)] 622156K->33165K(2038784K), 0.0090697 secs] [Times: user=0.00 sys=0.00, real=0.01 secs] 
2020-09-29T17:45:58.990+0200: 9.753: [GC (Allocation Failure) [PSYoungGen: 610405K->36133K(644096K)] 616333K->42061K(2042368K), 0.0125842 secs] [Times: user=0.00 sys=0.00, real=0.01 secs] 
2020-09-29T17:45:59.053+0200: 9.816: [GC (Allocation Failure) [PSYoungGen: 623397K->33700K(642048K)] 629325K->39628K(2040320K), 0.0120785 secs] [Times: user=0.00 sys=0.00, real=0.01 secs] 
2020-09-29T17:45:59.116+0200: 9.879: [GC (Allocation Failure) [PSYoungGen: 620964K->46757K(640512K)] 626892K->52685K(2038784K), 0.0155012 secs] [Times: user=0.13 sys=0.00, real=0.02 secs] 
2020-09-29T17:45:59.184+0200: 9.947: [GC (Allocation Failure) [PSYoungGen: 634021K->55781K(643072K)] 639949K->65653K(2041344K), 0.0198560 secs] [Times: user=0.13 sys=0.00, real=0.02 secs] 
2020-09-29T17:45:59.255+0200: 10.018: [GC (Allocation Failure) [PSYoungGen: 643045K->45509K(629760K)] 652917K->55381K(2028032K), 0.0157060 secs] [Times: user=0.13 sys=0.00, real=0.01 secs] 
2020-09-29T17:45:59.320+0200: 10.083: [GC (Allocation Failure) [PSYoungGen: 619461K->31461K(636416K)] 629333K->41333K(2034688K), 0.0108357 secs] [Times: user=0.00 sys=0.00, real=0.01 secs] 
2020-09-29T17:45:59.380+0200: 10.143: [GC (Allocation Failure) [PSYoungGen: 605413K->44837K(637440K)] 615285K->54709K(2035712K), 0.0165324 secs] [Times: user=0.11 sys=0.00, real=0.02 secs] 
2020-09-29T17:45:59.445+0200: 10.208: [GC (Allocation Failure) [PSYoungGen: 620837K->31524K(637440K)] 630709K->41396K(2035712K), 0.0117888 secs] [Times: user=0.00 sys=0.00, real=0.01 secs] 
2020-09-29T17:45:59.506+0200: 10.269: [GC (Allocation Failure) [PSYoungGen: 607524K->33221K(639488K)] 617396K->43093K(2037760K), 0.0124579 secs] [Times: user=0.00 sys=0.00, real=0.01 secs] 
2020-09-29T17:45:59.569+0200: 10.332: [GC (Allocation Failure) [PSYoungGen: 612293K->51749K(631296K)] 622165K->61621K(2029568K), 0.0203464 secs] [Times: user=0.09 sys=0.00, real=0.02 secs] 
2020-09-29T17:45:59.641+0200: 10.405: [GC (Allocation Failure) [PSYoungGen: 630821K->27109K(636416K)] 640693K->36981K(2034688K), 0.0100857 secs] [Times: user=0.11 sys=0.00, real=0.01 secs] 
2020-09-29T17:45:59.701+0200: 10.464: [GC (Allocation Failure) [PSYoungGen: 601061K->40549K(636416K)] 610933K->50421K(2034688K), 0.0139379 secs] [Times: user=0.13 sys=0.00, real=0.01 secs] 
2020-09-29T17:45:59.764+0200: 10.528: [GC (Allocation Failure) [PSYoungGen: 614501K->39652K(640000K)] 624373K->49524K(2038272K), 0.0141858 secs] [Times: user=0.13 sys=0.00, real=0.02 secs] 
2020-09-29T17:45:59.829+0200: 10.592: [GC (Allocation Failure) [PSYoungGen: 618724K->44517K(637952K)] 628596K->54389K(2036224K), 0.0152056 secs] [Times: user=0.13 sys=0.00, real=0.02 secs] 
2020-09-29T17:45:59.894+0200: 10.657: [GC (Allocation Failure) [PSYoungGen: 623589K->21957K(637952K)] 633461K->31829K(2036224K), 0.0083600 secs] [Times: user=0.11 sys=0.02, real=0.01 secs] 
2020-09-29T17:45:59.960+0200: 10.723: [GC (Allocation Failure) [PSYoungGen: 601029K->54149K(633344K)] 610901K->64021K(2031616K), 0.0174600 secs] [Times: user=0.13 sys=0.00, real=0.02 secs] 
2020-09-29T17:46:00.029+0200: 10.792: [GC (Allocation Failure) [PSYoungGen: 633221K->29572K(635904K)] 643093K->39444K(2034176K), 0.0127179 secs] [Times: user=0.13 sys=0.00, real=0.01 secs] 
2020-09-29T17:46:00.090+0200: 10.853: [GC (Allocation Failure) [PSYoungGen: 601476K->40933K(634880K)] 611348K->50805K(2033152K), 0.0143309 secs] [Times: user=0.13 sys=0.00, real=0.02 secs] 
2020-09-29T17:46:00.154+0200: 10.917: [GC (Allocation Failure) [PSYoungGen: 612837K->52293K(631808K)] 622709K->62165K(2030080K), 0.0166769 secs] [Times: user=0.13 sys=0.00, real=0.02 secs] 
2020-09-29T17:46:00.220+0200: 10.984: [GC (Allocation Failure) [PSYoungGen: 622149K->47909K(617984K)] 632021K->57781K(2016256K), 0.0172128 secs] [Times: user=0.11 sys=0.00, real=0.02 secs] 
2020-09-29T17:46:00.288+0200: 11.051: [GC (Allocation Failure) [PSYoungGen: 617765K->29060K(634368K)] 627637K->38932K(2032640K), 0.0109909 secs] [Times: user=0.00 sys=0.00, real=0.01 secs] 
2020-09-29T17:46:00.349+0200: 11.112: [GC (Allocation Failure) [PSYoungGen: 598404K->37829K(633856K)] 608276K->47701K(2032128K), 0.0131960 secs] [Times: user=0.00 sys=0.00, real=0.01 secs] 
2020-09-29T17:46:00.411+0200: 11.174: [GC (Allocation Failure) [PSYoungGen: 607173K->46565K(635392K)] 617045K->56437K(2033664K), 0.0158017 secs] [Times: user=0.00 sys=0.02, real=0.02 secs] 
2020-09-29T17:46:00.476+0200: 11.239: [GC (Allocation Failure) [PSYoungGen: 619493K->44420K(635904K)] 629365K->54292K(2034176K), 0.0151739 secs] [Times: user=0.13 sys=0.00, real=0.01 secs] 
2020-09-29T17:46:00.540+0200: 11.304: [GC (Allocation Failure) [PSYoungGen: 617348K->43173K(637952K)] 627220K->53045K(2036224K), 0.0149655 secs] [Times: user=0.13 sys=0.00, real=0.02 secs] 
2020-09-29T17:46:00.606+0200: 11.370: [GC (Allocation Failure) [PSYoungGen: 619173K->29027K(636928K)] 629045K->38899K(2035200K), 0.0120244 secs] [Times: user=0.11 sys=0.00, real=0.01 secs] 
2020-09-29T17:46:00.670+0200: 11.433: [GC (Allocation Failure) [PSYoungGen: 605027K->29636K(638464K)] 614899K->39508K(2036736K), 0.0111190 secs] [Times: user=0.13 sys=0.00, real=0.01 secs] 
2020-09-29T17:46:00.731+0200: 11.494: [GC (Allocation Failure) [PSYoungGen: 607172K->32901K(637952K)] 617044K->42773K(2036224K), 0.0113804 secs] [Times: user=0.13 sys=0.00, real=0.01 secs] 
2020-09-29T17:46:00.792+0200: 11.555: [GC (Allocation Failure) [PSYoungGen: 610437K->36261K(641536K)] 620309K->46133K(2039808K), 0.0121949 secs] [Times: user=0.13 sys=0.00, real=0.01 secs] 
2020-09-29T17:46:00.854+0200: 11.617: [GC (Allocation Failure) [PSYoungGen: 618405K->44165K(639488K)] 628277K->54037K(2037760K), 0.0148830 secs] [Times: user=0.13 sys=0.00, real=0.01 secs] 
2020-09-29T17:46:00.920+0200: 11.683: [GC (Allocation Failure) [PSYoungGen: 626309K->35812K(642560K)] 636181K->45684K(2040832K), 0.0134760 secs] [Times: user=0.13 sys=0.00, real=0.01 secs] 
2020-09-29T17:46:00.984+0200: 11.747: [GC (Allocation Failure) [PSYoungGen: 620516K->32581K(641024K)] 630388K->42453K(2039296K), 0.0106414 secs] [Times: user=0.13 sys=0.00, real=0.01 secs] 
2020-09-29T17:46:01.046+0200: 11.810: [GC (Allocation Failure) [PSYoungGen: 617285K->27972K(643584K)] 627157K->37844K(2041856K), 0.0106027 secs] [Times: user=0.13 sys=0.00, real=0.01 secs] 
2020-09-29T17:46:01.109+0200: 11.872: [GC (Allocation Failure) [PSYoungGen: 615748K->27813K(643072K)] 625620K->37685K(2041344K), 0.0094857 secs] [Times: user=0.13 sys=0.00, real=0.01 secs] 
2020-09-29T17:46:01.172+0200: 11.934: [GC (Allocation Failure) [PSYoungGen: 615589K->40676K(643584K)] 625461K->50548K(2041856K), 0.0137292 secs] [Times: user=0.13 sys=0.00, real=0.01 secs] 
2020-09-29T17:46:01.235+0200: 11.998: [GC (Allocation Failure) [PSYoungGen: 628964K->25988K(643584K)] 638836K->35860K(2041856K), 0.0098988 secs] [Times: user=0.13 sys=0.00, real=0.01 secs] 
2020-09-29T17:46:01.295+0200: 12.058: [GC (Allocation Failure) [PSYoungGen: 614276K->38212K(644608K)] 624148K->48084K(2042880K), 0.0136652 secs] [Times: user=0.13 sys=0.00, real=0.01 secs] 
2020-09-29T17:46:01.360+0200: 12.123: [GC (Allocation Failure) [PSYoungGen: 628036K->38437K(644096K)] 637908K->48309K(2042368K), 0.0132605 secs] [Times: user=0.13 sys=0.00, real=0.01 secs] 
2020-09-29T17:46:01.424+0200: 12.187: [GC (Allocation Failure) [PSYoungGen: 628261K->25731K(645632K)] 638133K->35603K(2043904K), 0.0100896 secs] [Times: user=0.13 sys=0.00, real=0.01 secs] 
2020-09-29T17:46:01.485+0200: 12.248: [GC (Allocation Failure) [PSYoungGen: 618115K->30117K(645632K)] 627987K->39989K(2043904K), 0.0098107 secs] [Times: user=0.13 sys=0.00, real=0.01 secs] 
2020-09-29T17:46:01.546+0200: 12.309: [GC (Allocation Failure) [PSYoungGen: 622501K->48261K(639488K)] 632373K->58133K(2037760K), 0.0162086 secs] [Times: user=0.13 sys=0.00, real=0.02 secs] 
2020-09-29T17:46:01.615+0200: 12.377: [GC (Allocation Failure) [PSYoungGen: 635525K->32932K(643072K)] 645397K->42804K(2041344K), 0.0130727 secs] [Times: user=0.00 sys=0.00, real=0.01 secs] 
2020-09-29T17:46:01.679+0200: 12.442: [GC (Allocation Failure) [PSYoungGen: 620196K->31108K(645632K)] 630068K->40980K(2043904K), 0.0127980 secs] [Times: user=0.00 sys=0.00, real=0.01 secs] 
2020-09-29T17:46:01.743+0200: 12.506: [GC (Allocation Failure) [PSYoungGen: 622468K->18947K(644608K)] 632340K->28819K(2042880K), 0.0082245 secs] [Times: user=0.00 sys=0.00, real=0.01 secs] 
2020-09-29T17:46:01.808+0200: 12.571: [GC (Allocation Failure) [PSYoungGen: 610307K->34788K(646144K)] 620179K->44660K(2044416K), 0.0128231 secs] [Times: user=0.13 sys=0.00, real=0.01 secs] 
2020-09-29T17:46:01.872+0200: 12.634: [GC (Allocation Failure) [PSYoungGen: 626660K->52389K(644608K)] 636532K->62261K(2042880K), 0.0176237 secs] [Times: user=0.13 sys=0.00, real=0.02 secs] 
2020-09-29T17:46:01.940+0200: 12.703: [GC (Allocation Failure) [PSYoungGen: 644261K->26693K(639488K)] 654133K->36565K(2037760K), 0.0097511 secs] [Times: user=0.13 sys=0.00, real=0.01 secs] 
2020-09-29T17:46:02.000+0200: 12.763: [GC (Allocation Failure) [PSYoungGen: 611909K->22724K(642048K)] 621781K->32596K(2040320K), 0.0086153 secs] [Times: user=0.13 sys=0.00, real=0.01 secs] 
2020-09-29T17:46:02.059+0200: 12.823: [GC (Allocation Failure) [PSYoungGen: 607940K->19203K(642048K)] 617812K->29075K(2040320K), 0.0080019 secs] [Times: user=0.00 sys=0.00, real=0.01 secs] 
2020-09-29T17:46:02.120+0200: 12.882: [GC (Allocation Failure) [PSYoungGen: 604419K->43973K(629248K)] 614291K->53845K(2027520K), 0.0150598 secs] [Times: user=0.13 sys=0.00, real=0.01 secs] 
2020-09-29T17:46:02.185+0200: 12.947: [GC (Allocation Failure) [PSYoungGen: 629189K->41060K(638976K)] 639061K->50932K(2037248K), 0.0143536 secs] [Times: user=0.13 sys=0.00, real=0.01 secs] 
2020-09-29T17:46:02.248+0200: 13.012: [GC (Allocation Failure) [PSYoungGen: 621156K->46917K(627200K)] 631028K->56789K(2025472K), 0.0155436 secs] [Times: user=0.13 sys=0.00, real=0.02 secs] 
2020-09-29T17:46:02.314+0200: 13.077: [GC (Allocation Failure) [PSYoungGen: 627013K->39141K(638464K)] 636885K->49013K(2036736K), 0.0133037 secs] [Times: user=0.13 sys=0.00, real=0.01 secs] 
2020-09-29T17:46:02.378+0200: 13.141: [GC (Allocation Failure) [PSYoungGen: 616165K->28165K(637440K)] 626037K->38037K(2035712K), 0.0091651 secs] [Times: user=0.13 sys=0.00, real=0.01 secs] 
2020-09-29T17:46:02.437+0200: 13.200: [GC (Allocation Failure) [PSYoungGen: 605189K->29668K(641024K)] 615061K->39540K(2039296K), 0.0113859 secs] [Times: user=0.13 sys=0.00, real=0.01 secs] 
2020-09-29T17:46:02.499+0200: 13.262: [GC (Allocation Failure) [PSYoungGen: 611300K->22563K(639488K)] 621172K->32435K(2037760K), 0.0094389 secs] [Times: user=0.13 sys=0.00, real=0.01 secs] 
2020-09-29T17:46:02.562+0200: 13.325: [GC (Allocation Failure) [PSYoungGen: 604195K->29925K(643584K)] 614067K->39797K(2041856K), 0.0103265 secs] [Times: user=0.13 sys=0.00, real=0.01 secs] 
2020-09-29T17:46:02.624+0200: 13.388: [GC (Allocation Failure) [PSYoungGen: 616165K->41156K(641536K)] 626037K->51028K(2039808K), 0.0154236 secs] [Times: user=0.11 sys=0.00, real=0.02 secs] 
2020-09-29T17:46:02.691+0200: 13.454: [GC (Allocation Failure) [PSYoungGen: 627396K->39429K(642560K)] 637268K->49301K(2040832K), 0.0147906 secs] [Times: user=0.11 sys=0.00, real=0.01 secs] 
2020-09-29T17:46:02.758+0200: 13.521: [GC (Allocation Failure) [PSYoungGen: 625669K->23300K(642560K)] 635541K->33172K(2040832K), 0.0083449 secs] [Times: user=0.00 sys=0.00, real=0.01 secs] 
2020-09-29T17:46:02.818+0200: 13.581: [GC (Allocation Failure) [PSYoungGen: 609540K->48965K(635904K)] 619412K->58837K(2034176K), 0.0163632 secs] [Times: user=0.13 sys=0.00, real=0.02 secs] 
2020-09-29T17:46:02.885+0200: 13.648: [GC (Allocation Failure) [PSYoungGen: 629061K->41189K(639488K)] 638933K->51061K(2037760K), 0.0145664 secs] [Times: user=0.13 sys=0.00, real=0.02 secs] 
2020-09-29T17:46:02.949+0200: 13.712: [GC (Allocation Failure) [PSYoungGen: 621285K->32869K(641536K)] 631157K->42741K(2039808K), 0.0119302 secs] [Times: user=0.13 sys=0.00, real=0.01 secs] 
2020-09-29T17:46:03.011+0200: 13.774: [GC (Allocation Failure) [PSYoungGen: 615013K->40644K(639488K)] 624885K->50516K(2037760K), 0.0150733 secs] [Times: user=0.11 sys=0.00, real=0.02 secs] 
2020-09-29T17:46:03.077+0200: 13.839: [GC (Allocation Failure) [PSYoungGen: 622788K->33348K(643072K)] 632660K->43220K(2041344K), 0.0119442 secs] [Times: user=0.13 sys=0.00, real=0.01 secs] 
2020-09-29T17:46:03.138+0200: 13.902: [GC (Allocation Failure) [PSYoungGen: 619076K->29988K(641536K)] 628948K->39860K(2039808K), 0.0108874 secs] [Times: user=0.13 sys=0.00, real=0.01 secs] 
2020-09-29T17:46:03.201+0200: 13.964: [GC (Allocation Failure) [PSYoungGen: 615716K->27813K(645120K)] 625588K->37685K(2043392K), 0.0095374 secs] [Times: user=0.13 sys=0.00, real=0.01 secs] 
2020-09-29T17:46:03.263+0200: 14.026: [GC (Allocation Failure) [PSYoungGen: 618661K->30661K(644608K)] 628533K->40533K(2042880K), 0.0107192 secs] [Times: user=0.13 sys=0.00, real=0.01 secs] 
2020-09-29T17:46:03.324+0200: 14.087: [GC (Allocation Failure) [PSYoungGen: 621509K->33605K(648192K)] 631381K->43477K(2046464K), 0.0118971 secs] [Times: user=0.13 sys=0.00, real=0.01 secs] 
2020-09-29T17:46:03.387+0200: 14.150: [GC (Allocation Failure) [PSYoungGen: 629573K->40837K(646656K)] 639445K->50709K(2044928K), 0.0144113 secs] [Times: user=0.13 sys=0.00, real=0.01 secs] 
2020-09-29T17:46:03.454+0200: 14.216: [GC (Allocation Failure) [PSYoungGen: 636805K->33699K(648704K)] 646677K->43571K(2046976K), 0.0129717 secs] [Times: user=0.13 sys=0.00, real=0.01 secs] 
2020-09-29T17:46:03.518+0200: 14.281: [GC (Allocation Failure) [PSYoungGen: 630691K->41892K(647168K)] 640563K->51764K(2045440K), 0.0162310 secs] [Times: user=0.13 sys=0.00, real=0.02 secs] 
2020-09-29T17:46:03.586+0200: 14.349: [GC (Allocation Failure) [PSYoungGen: 638884K->36324K(648704K)] 648756K->46196K(2046976K), 0.0140268 secs] [Times: user=0.11 sys=0.00, real=0.01 secs] 
2020-09-29T17:46:03.654+0200: 14.417: [GC (Allocation Failure) [PSYoungGen: 633828K->32229K(647680K)] 643700K->42101K(2045952K), 0.0112891 secs] [Times: user=0.13 sys=0.00, real=0.01 secs] 
2020-09-29T17:46:03.717+0200: 14.479: [GC (Allocation Failure) [PSYoungGen: 629733K->25348K(648704K)] 639605K->35220K(2046976K), 0.0113918 secs] [Times: user=0.11 sys=0.00, real=0.01 secs] 
2020-09-29T17:46:03.780+0200: 14.543: [GC (Allocation Failure) [PSYoungGen: 624900K->22212K(622080K)] 634772K->32084K(2020352K), 0.0086010 secs] [Times: user=0.13 sys=0.00, real=0.01 secs] 
2020-09-29T17:46:03.841+0200: 14.604: [GC (Allocation Failure) [PSYoungGen: 621764K->33797K(650240K)] 631636K->43669K(2048512K), 0.0118350 secs] [Times: user=0.13 sys=0.00, real=0.01 secs] 
2020-09-29T17:46:03.905+0200: 14.668: [GC (Allocation Failure) [PSYoungGen: 633861K->45925K(646144K)] 643733K->55797K(2044416K), 0.0161291 secs] [Times: user=0.13 sys=0.00, real=0.02 secs] 
2020-09-29T17:46:03.974+0200: 14.737: [GC (Allocation Failure) [PSYoungGen: 645989K->44293K(643072K)] 655861K->54165K(2041344K), 0.0151699 secs] [Times: user=0.13 sys=0.00, real=0.01 secs] 
2020-09-29T17:46:04.040+0200: 14.803: [GC (Allocation Failure) [PSYoungGen: 635653K->33348K(645120K)] 645525K->43220K(2043392K), 0.0125604 secs] [Times: user=0.13 sys=0.00, real=0.01 secs] 
2020-09-29T17:46:04.103+0200: 14.866: [GC (Allocation Failure) [PSYoungGen: 624708K->23173K(645632K)] 634580K->33045K(2043904K), 0.0078402 secs] [Times: user=0.00 sys=0.00, real=0.01 secs] 
2020-09-29T17:46:04.165+0200: 14.927: [GC (Allocation Failure) [PSYoungGen: 616581K->52709K(646144K)] 626453K->65821K(2044416K), 0.0186336 secs] [Times: user=0.13 sys=0.00, real=0.02 secs] 
2020-09-29T17:46:04.234+0200: 14.997: [GC (Allocation Failure) [PSYoungGen: 646117K->34117K(637952K)] 659229K->47229K(2036224K), 0.0115469 secs] [Times: user=0.13 sys=0.00, real=0.01 secs] 
2020-09-29T17:46:04.297+0200: 15.060: [GC (Allocation Failure) [PSYoungGen: 619333K->45125K(630784K)] 632445K->58237K(2029056K), 0.0161680 secs] [Times: user=0.13 sys=0.00, real=0.02 secs] 
2020-09-29T17:46:04.366+0200: 15.129: [GC (Allocation Failure) [PSYoungGen: 630341K->42405K(640512K)] 643453K->55517K(2038784K), 0.0163281 secs] [Times: user=0.13 sys=0.00, real=0.02 secs] 
2020-09-29T17:46:04.436+0200: 15.198: [GC (Allocation Failure) [PSYoungGen: 624549K->35684K(640512K)] 637661K->48796K(2038784K), 0.0147652 secs] [Times: user=0.13 sys=0.00, real=0.01 secs] 
2020-09-29T17:46:04.504+0200: 15.267: [GC (Allocation Failure) [PSYoungGen: 617828K->43525K(641536K)] 630940K->56637K(2039808K), 0.0146464 secs] [Times: user=0.13 sys=0.00, real=0.01 secs] 
2020-09-29T17:46:04.569+0200: 15.332: [GC (Allocation Failure) [PSYoungGen: 628741K->54405K(640000K)] 641853K->67517K(2038272K), 0.0195588 secs] [Times: user=0.11 sys=0.00, real=0.02 secs] 
2020-09-29T17:46:04.641+0200: 15.404: [GC (Allocation Failure) [PSYoungGen: 639621K->22819K(633856K)] 652733K->35931K(2032128K), 0.0093990 secs] [Times: user=0.13 sys=0.00, real=0.01 secs] 
2020-09-29T17:46:04.700+0200: 15.463: [GC (Allocation Failure) [PSYoungGen: 597795K->37189K(636928K)] 610907K->50301K(2035200K), 0.0120834 secs] [Times: user=0.13 sys=0.00, real=0.01 secs] 
2020-09-29T17:46:04.762+0200: 15.525: [GC (Allocation Failure) [PSYoungGen: 612165K->37861K(641536K)] 625277K->50973K(2039808K), 0.0140210 secs] [Times: user=0.13 sys=0.00, real=0.01 secs] 
2020-09-29T17:46:04.826+0200: 15.589: [GC (Allocation Failure) [PSYoungGen: 620005K->44420K(639488K)] 633117K->57532K(2037760K), 0.0158917 secs] [Times: user=0.13 sys=0.00, real=0.02 secs] 
2020-09-29T17:46:04.892+0200: 15.654: [GC (Allocation Failure) [PSYoungGen: 626564K->20644K(638976K)] 639676K->33756K(2037248K), 0.0078460 secs] [Times: user=0.13 sys=0.00, real=0.01 secs] 
2020-09-29T17:46:04.950+0200: 15.712: [GC (Allocation Failure) [PSYoungGen: 601764K->23844K(640000K)] 614876K->36956K(2038272K), 0.0090620 secs] [Times: user=0.13 sys=0.00, real=0.01 secs] 
2020-09-29T17:46:05.009+0200: 15.772: [GC (Allocation Failure) [PSYoungGen: 604964K->43941K(637952K)] 618076K->57053K(2036224K), 0.0149056 secs] [Times: user=0.13 sys=0.00, real=0.01 secs] 
2020-09-29T17:46:05.074+0200: 15.837: [GC (Allocation Failure) [PSYoungGen: 623013K->34532K(638976K)] 636125K->47644K(2037248K), 0.0123564 secs] [Times: user=0.13 sys=0.00, real=0.01 secs] 
2020-09-29T17:46:05.136+0200: 15.898: [GC (Allocation Failure) [PSYoungGen: 613604K->25124K(641536K)] 626716K->38236K(2039808K), 0.0090976 secs] [Times: user=0.00 sys=0.00, real=0.01 secs] 
2020-09-29T17:46:05.199+0200: 15.962: [GC (Allocation Failure) [PSYoungGen: 608804K->34565K(641024K)] 621916K->47677K(2039296K), 0.0121674 secs] [Times: user=0.13 sys=0.00, real=0.01 secs] 
2020-09-29T17:46:05.262+0200: 16.025: [GC (Allocation Failure) [PSYoungGen: 618245K->28548K(644608K)] 631357K->41660K(2042880K), 0.0104852 secs] [Times: user=0.13 sys=0.00, real=0.01 secs] 
2020-09-29T17:46:05.323+0200: 16.086: [GC (Allocation Failure) [PSYoungGen: 617860K->29572K(643584K)] 630972K->42684K(2041856K), 0.0107120 secs] [Times: user=0.13 sys=0.00, real=0.01 secs] 
2020-09-29T17:46:05.384+0200: 16.147: [GC (Allocation Failure) [PSYoungGen: 618884K->14434K(642560K)] 631996K->27546K(2040832K), 0.0068202 secs] [Times: user=0.00 sys=0.00, real=0.01 secs] 
2020-09-29T17:46:05.445+0200: 16.207: [GC (Allocation Failure) [PSYoungGen: 603746K->43205K(632832K)] 616858K->56317K(2031104K), 0.0145137 secs] [Times: user=0.13 sys=0.00, real=0.01 secs] 
2020-09-29T17:46:05.510+0200: 16.273: [GC (Allocation Failure) [PSYoungGen: 632517K->30949K(644096K)] 645629K->44061K(2042368K), 0.0109777 secs] [Times: user=0.13 sys=0.00, real=0.01 secs] 
2020-09-29T17:46:05.575+0200: 16.338: [GC (Allocation Failure) [PSYoungGen: 618725K->44485K(632320K)] 631837K->57597K(2030592K), 0.0159818 secs] [Times: user=0.11 sys=0.00, real=0.01 secs] 
2020-09-29T17:46:05.643+0200: 16.406: [GC (Allocation Failure) [PSYoungGen: 632261K->42405K(640000K)] 645373K->55517K(2038272K), 0.0148247 secs] [Times: user=0.11 sys=0.00, real=0.01 secs] 
2020-09-29T17:46:05.708+0200: 16.471: [GC (Allocation Failure) [PSYoungGen: 625573K->36836K(641024K)] 638685K->49948K(2039296K), 0.0134701 secs] [Times: user=0.00 sys=0.00, real=0.01 secs] 
2020-09-29T17:46:05.772+0200: 16.535: [GC (Allocation Failure) [PSYoungGen: 620004K->45733K(639488K)] 633116K->58845K(2037760K), 0.0172226 secs] [Times: user=0.13 sys=0.00, real=0.02 secs] 
2020-09-29T17:46:05.841+0200: 16.604: [GC (Allocation Failure) [PSYoungGen: 628901K->40645K(641024K)] 642013K->53757K(2039296K), 0.0141994 secs] [Times: user=0.13 sys=0.00, real=0.01 secs] 
2020-09-29T17:46:05.906+0200: 16.668: [GC (Allocation Failure) [PSYoungGen: 623813K->35909K(643072K)] 636925K->49021K(2041344K), 0.0123181 secs] [Times: user=0.13 sys=0.00, real=0.01 secs] 
2020-09-29T17:46:05.974+0200: 16.736: [GC (Allocation Failure) [PSYoungGen: 621637K->14019K(641536K)] 634749K->27131K(2039808K), 0.0059507 secs] [Times: user=0.00 sys=0.00, real=0.01 secs] 
2020-09-29T17:46:06.029+0200: 16.792: [GC (Allocation Failure) [PSYoungGen: 599747K->39301K(642048K)] 612859K->52413K(2040320K), 0.0134854 secs] [Times: user=0.13 sys=0.00, real=0.01 secs] 
2020-09-29T17:46:06.093+0200: 16.856: [GC (Allocation Failure) [PSYoungGen: 624005K->32963K(641536K)] 637117K->46075K(2039808K), 0.0125011 secs] [Times: user=0.13 sys=0.00, real=0.01 secs] 
2020-09-29T17:46:06.160+0200: 16.922: [GC (Allocation Failure) [PSYoungGen: 617667K->29733K(645120K)] 630779K->42845K(2043392K), 0.0133004 secs] [Times: user=0.11 sys=0.00, real=0.01 secs] 
2020-09-29T17:46:06.226+0200: 16.988: [GC (Allocation Failure) [PSYoungGen: 619557K->31685K(643584K)] 632669K->44797K(2041856K), 0.0131274 secs] [Times: user=0.00 sys=0.00, real=0.01 secs] 
2020-09-29T17:46:06.292+0200: 17.055: [GC (Allocation Failure) [PSYoungGen: 621509K->47269K(640512K)] 634621K->60381K(2038784K), 0.0168889 secs] [Times: user=0.13 sys=0.00, real=0.02 secs] 
2020-09-29T17:46:06.359+0200: 17.122: [GC (Allocation Failure) [PSYoungGen: 635557K->47653K(636416K)] 648669K->60765K(2034688K), 0.0162188 secs] [Times: user=0.13 sys=0.00, real=0.02 secs] 
2020-09-29T17:46:06.426+0200: 17.189: [GC (Allocation Failure) [PSYoungGen: 635941K->34341K(642560K)] 649053K->47453K(2040832K), 0.0125286 secs] [Times: user=0.00 sys=0.00, real=0.01 secs] 
2020-09-29T17:46:06.490+0200: 17.253: [GC (Allocation Failure) [PSYoungGen: 618533K->30693K(640512K)] 631645K->43805K(2038784K), 0.0106736 secs] [Times: user=0.00 sys=0.00, real=0.01 secs] 
2020-09-29T17:46:06.551+0200: 17.314: [GC (Allocation Failure) [PSYoungGen: 614885K->40613K(643584K)] 627997K->53725K(2041856K), 0.0143295 secs] [Times: user=0.13 sys=0.00, real=0.01 secs] 
2020-09-29T17:46:06.620+0200: 17.383: [GC (Allocation Failure) [PSYoungGen: 628901K->39077K(643584K)] 642013K->52189K(2041856K), 0.0150780 secs] [Times: user=0.11 sys=0.00, real=0.01 secs] 
2020-09-29T17:46:06.685+0200: 17.448: [GC (Allocation Failure) [PSYoungGen: 627365K->37540K(645632K)] 640477K->50652K(2043904K), 0.0138794 secs] [Times: user=0.13 sys=0.00, real=0.01 secs] 
2020-09-29T17:46:06.750+0200: 17.513: [GC (Allocation Failure) [PSYoungGen: 628900K->27044K(644608K)] 642012K->40156K(2042880K), 0.0099500 secs] [Times: user=0.13 sys=0.00, real=0.01 secs] 
2020-09-29T17:46:06.811+0200: 17.574: [GC (Allocation Failure) [PSYoungGen: 618404K->29539K(646656K)] 631516K->42651K(2044928K), 0.0116230 secs] [Times: user=0.13 sys=0.00, real=0.01 secs] 
2020-09-29T17:46:06.873+0200: 17.636: [GC (Allocation Failure) [PSYoungGen: 622947K->34244K(645632K)] 636059K->47356K(2043904K), 0.0122746 secs] [Times: user=0.13 sys=0.00, real=0.01 secs] 
2020-09-29T17:46:06.937+0200: 17.699: [GC (Allocation Failure) [PSYoungGen: 627652K->39717K(647168K)] 640764K->52829K(2045440K), 0.0136961 secs] [Times: user=0.13 sys=0.00, real=0.01 secs] 
2020-09-29T17:46:07.003+0200: 17.765: [GC (Allocation Failure) [PSYoungGen: 636197K->48357K(645120K)] 649309K->61469K(2043392K), 0.0154960 secs] [Times: user=0.13 sys=0.00, real=0.01 secs] 
2020-09-29T17:46:07.068+0200: 17.832: [GC (Allocation Failure) [PSYoungGen: 644837K->26979K(644096K)] 657949K->40091K(2042368K), 0.0101548 secs] [Times: user=0.00 sys=0.00, real=0.01 secs] 
2020-09-29T17:46:07.132+0200: 17.894: [GC (Allocation Failure) [PSYoungGen: 617315K->42436K(632832K)] 630427K->55548K(2031104K), 0.0144191 secs] [Times: user=0.13 sys=0.00, real=0.01 secs] 
2020-09-29T17:46:07.196+0200: 17.959: [GC (Allocation Failure) [PSYoungGen: 632772K->30916K(645120K)] 645884K->44028K(2043392K), 0.0114031 secs] [Times: user=0.13 sys=0.00, real=0.01 secs] 
2020-09-29T17:46:07.258+0200: 18.021: [GC (Allocation Failure) [PSYoungGen: 621252K->32099K(644096K)] 634364K->45211K(2042368K), 0.0121228 secs] [Times: user=0.00 sys=0.00, real=0.01 secs] 
2020-09-29T17:46:07.321+0200: 18.084: [GC (Allocation Failure) [PSYoungGen: 622435K->48261K(640000K)] 635547K->61373K(2038272K), 0.0158461 secs] [Times: user=0.13 sys=0.00, real=0.01 secs] 
2020-09-29T17:46:07.387+0200: 18.150: [GC (Allocation Failure) [PSYoungGen: 635525K->33828K(643072K)] 648637K->46940K(2041344K), 0.0125408 secs] [Times: user=0.13 sys=0.00, real=0.01 secs] 
2020-09-29T17:46:07.450+0200: 18.213: [GC (Allocation Failure) [PSYoungGen: 621092K->33253K(645632K)] 634204K->46365K(2043904K), 0.0111357 secs] [Times: user=0.13 sys=0.00, real=0.01 secs] 
2020-09-29T17:46:07.511+0200: 18.274: [GC (Allocation Failure) [PSYoungGen: 624613K->50373K(642048K)] 637725K->63485K(2040320K), 0.0158718 secs] [Times: user=0.13 sys=0.00, real=0.02 secs] 
2020-09-29T17:46:07.578+0200: 18.341: [GC (Allocation Failure) [PSYoungGen: 641733K->20900K(640000K)] 654845K->34012K(2038272K), 0.0084309 secs] [Times: user=0.11 sys=0.00, real=0.01 secs] 
2020-09-29T17:46:07.638+0200: 18.401: [GC (Allocation Failure) [PSYoungGen: 604068K->29189K(641024K)] 617180K->42301K(2039296K), 0.0112823 secs] [Times: user=0.13 sys=0.00, real=0.01 secs] 
2020-09-29T17:46:07.700+0200: 18.462: [GC (Allocation Failure) [PSYoungGen: 612357K->24453K(642560K)] 625469K->37565K(2040832K), 0.0081987 secs] [Times: user=0.13 sys=0.00, real=0.01 secs] 
2020-09-29T17:46:07.757+0200: 18.521: [GC (Allocation Failure) [PSYoungGen: 610181K->35973K(642048K)] 623293K->49085K(2040320K), 0.0122892 secs] [Times: user=0.00 sys=0.00, real=0.01 secs] 
2020-09-29T17:46:07.823+0200: 18.585: [GC (Allocation Failure) [PSYoungGen: 621701K->31811K(645632K)] 634813K->44923K(2043904K), 0.0125549 secs] [Times: user=0.13 sys=0.00, real=0.01 secs] 
2020-09-29T17:46:07.887+0200: 18.649: [GC (Allocation Failure) [PSYoungGen: 622659K->19907K(644096K)] 635771K->33019K(2042368K), 0.0079535 secs] [Times: user=0.00 sys=0.00, real=0.01 secs] 
2020-09-29T17:46:07.945+0200: 18.708: [GC (Allocation Failure) [PSYoungGen: 610755K->50181K(635904K)] 623867K->63293K(2034176K), 0.0167267 secs] [Times: user=0.13 sys=0.00, real=0.02 secs] 
2020-09-29T17:46:08.013+0200: 18.776: [GC (Allocation Failure) [PSYoungGen: 632325K->30661K(640512K)] 645437K->43773K(2038784K), 0.0106183 secs] [Times: user=0.13 sys=0.00, real=0.01 secs] 
2020-09-29T17:46:08.074+0200: 18.837: [GC (Allocation Failure) [PSYoungGen: 612805K->38533K(643072K)] 625917K->51645K(2041344K), 0.0123969 secs] [Times: user=0.13 sys=0.00, real=0.01 secs] 
2020-09-29T17:46:08.137+0200: 18.900: [GC (Allocation Failure) [PSYoungGen: 625285K->36228K(642560K)] 638397K->49340K(2040832K), 0.0125552 secs] [Times: user=0.13 sys=0.00, real=0.01 secs] 
2020-09-29T17:46:08.200+0200: 18.962: [GC (Allocation Failure) [PSYoungGen: 622980K->35045K(646144K)] 636092K->48157K(2044416K), 0.0114605 secs] [Times: user=0.13 sys=0.00, real=0.01 secs] 
2020-09-29T17:46:08.262+0200: 19.025: [GC (Allocation Failure) [PSYoungGen: 626917K->36773K(644608K)] 640029K->49885K(2042880K), 0.0131359 secs] [Times: user=0.13 sys=0.00, real=0.01 secs] 
2020-09-29T17:46:08.325+0200: 19.088: [GC (Allocation Failure) [PSYoungGen: 628645K->25956K(647168K)] 641757K->39068K(2045440K), 0.0099654 secs] [Times: user=0.13 sys=0.00, real=0.01 secs] 
2020-09-29T17:46:08.387+0200: 19.149: [GC (Allocation Failure) [PSYoungGen: 621412K->33445K(647168K)] 634524K->46557K(2045440K), 0.0113792 secs] [Times: user=0.13 sys=0.00, real=0.01 secs] 
2020-09-29T17:46:08.449+0200: 19.212: [GC (Allocation Failure) [PSYoungGen: 628901K->49637K(636928K)] 642013K->67709K(2035200K), 0.0189245 secs] [Times: user=0.13 sys=0.00, real=0.02 secs] 
2020-09-29T17:46:08.519+0200: 19.282: [GC (Allocation Failure) [PSYoungGen: 636901K->40357K(643072K)] 654973K->58429K(2041344K), 0.0135044 secs] [Times: user=0.13 sys=0.00, real=0.01 secs] 
2020-09-29T17:46:08.589+0200: 19.352: [GC (Allocation Failure) [PSYoungGen: 627621K->39044K(644096K)] 645693K->57116K(2042368K), 0.0150399 secs] [Times: user=0.11 sys=0.00, real=0.02 secs] 
2020-09-29T17:46:08.656+0200: 19.419: [GC (Allocation Failure) [PSYoungGen: 627332K->39493K(643072K)] 645404K->57565K(2041344K), 0.0134572 secs] [Times: user=0.13 sys=0.00, real=0.01 secs] 
2020-09-29T17:46:08.720+0200: 19.483: [GC (Allocation Failure) [PSYoungGen: 627781K->36836K(646656K)] 645853K->54908K(2044928K), 0.0126733 secs] [Times: user=0.13 sys=0.00, real=0.01 secs] 
2020-09-29T17:46:08.784+0200: 19.547: [GC (Allocation Failure) [PSYoungGen: 629732K->27876K(645120K)] 647804K->45948K(2043392K), 0.0101005 secs] [Times: user=0.13 sys=0.00, real=0.01 secs] 
2020-09-29T17:46:08.848+0200: 19.610: [GC (Allocation Failure) [PSYoungGen: 620772K->31683K(647168K)] 638844K->49755K(2045440K), 0.0121492 secs] [Times: user=0.13 sys=0.00, real=0.01 secs] 
2020-09-29T17:46:08.911+0200: 19.674: [GC (Allocation Failure) [PSYoungGen: 626627K->38501K(646656K)] 644699K->56573K(2044928K), 0.0134325 secs] [Times: user=0.00 sys=0.00, real=0.01 secs] 
2020-09-29T17:46:08.977+0200: 19.740: [GC (Allocation Failure) [PSYoungGen: 633445K->45221K(644608K)] 651517K->63293K(2042880K), 0.0154513 secs] [Times: user=0.13 sys=0.00, real=0.02 secs] 
2020-09-29T17:46:09.043+0200: 19.805: [GC (Allocation Failure) [PSYoungGen: 638629K->23397K(616960K)] 656701K->41469K(2015232K), 0.0084221 secs] [Times: user=0.00 sys=0.00, real=0.01 secs] 
2020-09-29T17:46:09.102+0200: 19.865: [GC (Allocation Failure) [PSYoungGen: 616805K->28965K(646144K)] 634877K->47037K(2044416K), 0.0092511 secs] [Times: user=0.00 sys=0.00, real=0.01 secs] 
2020-09-29T17:46:09.162+0200: 19.924: [GC (Allocation Failure) [PSYoungGen: 621349K->33445K(645120K)] 639421K->51517K(2043392K), 0.0112322 secs] [Times: user=0.00 sys=0.00, real=0.01 secs] 
2020-09-29T17:46:09.227+0200: 19.989: [GC (Allocation Failure) [PSYoungGen: 625829K->21956K(646656K)] 643901K->40028K(2044928K), 0.0079037 secs] [Times: user=0.00 sys=0.00, real=0.01 secs] 
2020-09-29T17:46:09.285+0200: 20.048: [GC (Allocation Failure) [PSYoungGen: 617412K->11202K(606720K)] 635484K->29274K(2004992K), 0.0052227 secs] [Times: user=0.06 sys=0.02, real=0.00 secs] 
2020-09-29T17:46:09.342+0200: 20.104: [GC (Allocation Failure) [PSYoungGen: 606658K->46085K(637952K)] 624730K->64157K(2036224K), 0.0154202 secs] [Times: user=0.13 sys=0.00, real=0.01 secs] 
2020-09-29T17:46:09.407+0200: 20.169: [GC (Allocation Failure) [PSYoungGen: 630277K->42373K(626688K)] 648349K->60445K(2024960K), 0.0141667 secs] [Times: user=0.13 sys=0.00, real=0.01 secs] 
2020-09-29T17:46:09.471+0200: 20.234: [GC (Allocation Failure) [PSYoungGen: 626565K->36356K(642048K)] 644637K->54428K(2040320K), 0.0132237 secs] [Times: user=0.13 sys=0.00, real=0.01 secs] 
2020-09-29T17:46:09.534+0200: 20.297: [GC (Allocation Failure) [PSYoungGen: 620036K->31556K(640512K)] 638108K->49628K(2038784K), 0.0117889 secs] [Times: user=0.13 sys=0.00, real=0.01 secs] 
2020-09-29T17:46:09.599+0200: 20.362: [GC (Allocation Failure) [PSYoungGen: 615236K->40997K(642048K)] 633308K->59069K(2040320K), 0.0154881 secs] [Times: user=0.11 sys=0.00, real=0.02 secs] 
2020-09-29T17:46:09.666+0200: 20.429: [GC (Allocation Failure) [PSYoungGen: 628261K->38724K(643072K)] 646333K->56796K(2041344K), 0.0135988 secs] [Times: user=0.13 sys=0.00, real=0.01 secs] 
2020-09-29T17:46:09.730+0200: 20.492: [GC (Allocation Failure) [PSYoungGen: 625988K->38085K(644608K)] 644060K->56157K(2042880K), 0.0129970 secs] [Times: user=0.13 sys=0.00, real=0.01 secs] 
2020-09-29T17:46:09.794+0200: 20.556: [GC (Allocation Failure) [PSYoungGen: 627397K->37893K(643584K)] 645469K->55965K(2041856K), 0.0128620 secs] [Times: user=0.13 sys=0.00, real=0.01 secs] 
2020-09-29T17:46:09.859+0200: 20.622: [GC (Allocation Failure) [PSYoungGen: 627205K->24900K(645632K)] 645277K->42972K(2043904K), 0.0100074 secs] [Times: user=0.13 sys=0.00, real=0.01 secs] 
2020-09-29T17:46:09.922+0200: 20.686: [GC (Allocation Failure) [PSYoungGen: 617284K->42372K(634880K)] 635356K->60444K(2033152K), 0.0175776 secs] [Times: user=0.11 sys=0.00, real=0.02 secs] 
2020-09-29T17:46:09.995+0200: 20.757: [GC (Allocation Failure) [PSYoungGen: 634756K->33221K(646144K)] 652828K->51293K(2044416K), 0.0129982 secs] [Times: user=0.13 sys=0.00, real=0.01 secs] 
2020-09-29T17:46:10.060+0200: 20.823: [GC (Allocation Failure) [PSYoungGen: 625093K->21378K(644608K)] 643165K->39450K(2042880K), 0.0093577 secs] [Times: user=0.13 sys=0.00, real=0.01 secs] 
2020-09-29T17:46:10.120+0200: 20.883: [GC (Allocation Failure) [PSYoungGen: 613250K->24772K(645632K)] 631322K->42844K(2043904K), 0.0087710 secs] [Times: user=0.00 sys=0.00, real=0.01 secs] 
2020-09-29T17:46:10.180+0200: 20.943: [GC (Allocation Failure) [PSYoungGen: 617156K->27396K(645632K)] 635228K->45468K(2043904K), 0.0098694 secs] [Times: user=0.00 sys=0.00, real=0.01 secs] 
2020-09-29T17:46:10.240+0200: 21.003: [GC (Allocation Failure) [PSYoungGen: 619780K->15075K(645120K)] 637852K->33147K(2043392K), 0.0062985 secs] [Times: user=0.00 sys=0.00, real=0.00 secs] 
2020-09-29T17:46:10.297+0200: 21.059: [GC (Allocation Failure) [PSYoungGen: 608483K->34213K(646144K)] 626555K->52285K(2044416K), 0.0121281 secs] [Times: user=0.13 sys=0.00, real=0.01 secs] 
2020-09-29T17:46:10.360+0200: 21.122: [GC (Allocation Failure) [PSYoungGen: 627621K->39684K(644608K)] 645693K->57756K(2042880K), 0.0140901 secs] [Times: user=0.13 sys=0.00, real=0.01 secs] 
2020-09-29T17:46:10.425+0200: 21.188: [GC (Allocation Failure) [PSYoungGen: 632068K->44165K(636928K)] 650140K->62237K(2035200K), 0.0147310 secs] [Times: user=0.13 sys=0.00, real=0.02 secs] 
2020-09-29T17:46:10.491+0200: 21.253: [GC (Allocation Failure) [PSYoungGen: 636549K->33284K(645120K)] 654621K->51356K(2043392K), 0.0122665 secs] [Times: user=0.00 sys=0.00, real=0.01 secs] 
2020-09-29T17:46:10.554+0200: 21.317: [GC (Allocation Failure) [PSYoungGen: 622596K->34629K(643072K)] 640668K->52701K(2041344K), 0.0132314 secs] [Times: user=0.00 sys=0.00, real=0.01 secs] 
2020-09-29T17:46:10.620+0200: 21.383: [GC (Allocation Failure) [PSYoungGen: 623941K->34084K(648192K)] 642013K->52156K(2046464K), 0.0133961 secs] [Times: user=0.11 sys=0.00, real=0.01 secs] 
2020-09-29T17:46:10.687+0200: 21.450: [GC (Allocation Failure) [PSYoungGen: 630052K->42181K(646656K)] 648124K->60253K(2044928K), 0.0137568 secs] [Times: user=0.13 sys=0.00, real=0.01 secs] 
2020-09-29T17:46:10.752+0200: 21.515: [GC (Allocation Failure) [PSYoungGen: 638149K->21859K(645632K)] 656221K->39931K(2043904K), 0.0087018 secs] [Times: user=0.13 sys=0.00, real=0.01 secs] 
2020-09-29T17:46:10.812+0200: 21.575: [GC (Allocation Failure) [PSYoungGen: 615267K->41061K(634880K)] 633339K->59133K(2033152K), 0.0141322 secs] [Times: user=0.13 sys=0.00, real=0.01 secs] 
2020-09-29T17:46:10.878+0200: 21.641: [GC (Allocation Failure) [PSYoungGen: 634469K->46533K(640000K)] 652541K->64605K(2038272K), 0.0156410 secs] [Times: user=0.13 sys=0.00, real=0.02 secs] 
2020-09-29T17:46:10.945+0200: 21.708: [GC (Allocation Failure) [PSYoungGen: 632773K->29316K(642560K)] 650845K->47388K(2040832K), 0.0127218 secs] [Times: user=0.00 sys=0.00, real=0.01 secs] 
2020-09-29T17:46:11.010+0200: 21.773: [GC (Allocation Failure) [PSYoungGen: 615556K->41317K(642560K)] 633628K->59389K(2040832K), 0.0141974 secs] [Times: user=0.13 sys=0.00, real=0.01 secs] 
2020-09-29T17:46:11.074+0200: 21.837: [GC (Allocation Failure) [PSYoungGen: 628581K->40709K(643072K)] 646653K->58781K(2041344K), 0.0138876 secs] [Times: user=0.13 sys=0.00, real=0.01 secs] 
2020-09-29T17:46:11.138+0200: 21.901: [GC (Allocation Failure) [PSYoungGen: 627973K->40037K(643584K)] 646045K->58109K(2041856K), 0.0139890 secs] [Times: user=0.13 sys=0.00, real=0.01 secs] 
2020-09-29T17:46:11.204+0200: 21.968: [GC (Allocation Failure) [PSYoungGen: 627813K->26149K(643072K)] 645885K->44221K(2041344K), 0.0099045 secs] [Times: user=0.13 sys=0.00, real=0.01 secs] 
2020-09-29T17:46:11.265+0200: 22.028: [GC (Allocation Failure) [PSYoungGen: 613925K->25508K(644096K)] 631997K->43580K(2042368K), 0.0100036 secs] [Times: user=0.13 sys=0.00, real=0.01 secs] 
2020-09-29T17:46:11.327+0200: 22.090: [GC (Allocation Failure) [PSYoungGen: 614308K->26373K(643584K)] 632380K->44445K(2041856K), 0.0092435 secs] [Times: user=0.13 sys=0.00, real=0.01 secs] 
2020-09-29T17:46:11.392+0200: 22.155: [GC (Allocation Failure) [PSYoungGen: 615173K->40901K(643584K)] 633245K->58973K(2041856K), 0.0137159 secs] [Times: user=0.13 sys=0.00, real=0.01 secs] 
2020-09-29T17:46:11.456+0200: 22.219: [GC (Allocation Failure) [PSYoungGen: 630213K->28645K(644096K)] 648285K->46717K(2042368K), 0.0115428 secs] [Times: user=0.11 sys=0.00, real=0.01 secs] 
2020-09-29T17:46:11.519+0200: 22.282: [GC (Allocation Failure) [PSYoungGen: 617957K->53733K(631808K)] 636029K->75405K(2030080K), 0.0194078 secs] [Times: user=0.20 sys=0.00, real=0.02 secs] 
2020-09-29T17:46:11.590+0200: 22.353: [GC (Allocation Failure) [PSYoungGen: 631781K->46788K(625152K)] 653453K->68460K(2023424K), 0.0177632 secs] [Times: user=0.11 sys=0.00, real=0.02 secs] 
2020-09-29T17:46:11.660+0200: 22.423: [GC (Allocation Failure) [PSYoungGen: 624836K->36933K(639488K)] 646508K->58605K(2037760K), 0.0129735 secs] [Times: user=0.11 sys=0.00, real=0.01 secs] 
2020-09-29T17:46:11.722+0200: 22.485: [GC (Allocation Failure) [PSYoungGen: 614469K->40165K(636928K)] 636141K->61837K(2035200K), 0.0139966 secs] [Times: user=0.13 sys=0.00, real=0.01 secs] 
2020-09-29T17:46:11.785+0200: 22.548: [GC (Allocation Failure) [PSYoungGen: 617701K->42148K(640512K)] 639373K->63820K(2038784K), 0.0148763 secs] [Times: user=0.13 sys=0.00, real=0.01 secs] 
2020-09-29T17:46:11.850+0200: 22.613: [GC (Allocation Failure) [PSYoungGen: 624292K->50085K(632320K)] 645964K->71757K(2030592K), 0.0162593 secs] [Times: user=0.13 sys=0.00, real=0.02 secs] 
2020-09-29T17:46:11.916+0200: 22.679: [GC (Allocation Failure) [PSYoungGen: 632229K->28804K(638464K)] 653901K->50476K(2036736K), 0.0108467 secs] [Times: user=0.13 sys=0.00, real=0.01 secs] 
2020-09-29T17:46:11.977+0200: 22.740: [GC (Allocation Failure) [PSYoungGen: 606340K->17444K(595456K)] 628012K->39116K(1993728K), 0.0071367 secs] [Times: user=0.00 sys=0.00, real=0.01 secs] 
2020-09-29T17:46:12.034+0200: 22.798: [GC (Allocation Failure) [PSYoungGen: 594980K->18212K(636416K)] 616652K->39884K(2034688K), 0.0067512 secs] [Times: user=0.13 sys=0.00, real=0.01 secs] 
2020-09-29T17:46:12.091+0200: 22.854: [GC (Allocation Failure) [PSYoungGen: 593188K->29764K(636928K)] 614860K->51436K(2035200K), 0.0110618 secs] [Times: user=0.13 sys=0.00, real=0.01 secs] 
2020-09-29T17:46:12.151+0200: 22.914: [GC (Allocation Failure) [PSYoungGen: 604740K->30501K(641024K)] 626412K->52173K(2039296K), 0.0100700 secs] [Times: user=0.13 sys=0.00, real=0.01 secs] 
2020-09-29T17:46:12.211+0200: 22.974: [GC (Allocation Failure) [PSYoungGen: 611621K->20419K(638976K)] 633293K->42091K(2037248K), 0.0080468 secs] [Times: user=0.00 sys=0.00, real=0.01 secs] 
2020-09-29T17:46:12.271+0200: 23.035: [GC (Allocation Failure) [PSYoungGen: 601539K->25957K(642560K)] 623211K->47629K(2040832K), 0.0095023 secs] [Times: user=0.00 sys=0.00, real=0.01 secs] 
2020-09-29T17:46:12.331+0200: 23.094: [GC (Allocation Failure) [PSYoungGen: 610661K->50181K(635392K)] 632333K->71853K(2033664K), 0.0170640 secs] [Times: user=0.25 sys=0.00, real=0.02 secs] 
2020-09-29T17:46:12.398+0200: 23.162: [GC (Allocation Failure) [PSYoungGen: 634885K->30404K(640512K)] 656557K->52076K(2038784K), 0.0111955 secs] [Times: user=0.00 sys=0.00, real=0.01 secs] 
2020-09-29T17:46:12.461+0200: 23.224: [GC (Allocation Failure) [PSYoungGen: 609988K->35781K(637952K)] 631660K->57453K(2036224K), 0.0120430 secs] [Times: user=0.13 sys=0.00, real=0.01 secs] 
2020-09-29T17:46:12.523+0200: 23.286: [GC (Allocation Failure) [PSYoungGen: 615365K->27429K(643072K)] 637037K->49101K(2041344K), 0.0088856 secs] [Times: user=0.00 sys=0.00, real=0.01 secs] 
2020-09-29T17:46:12.586+0200: 23.349: [GC (Allocation Failure) [PSYoungGen: 613669K->24835K(642048K)] 635341K->46507K(2040320K), 0.0105341 secs] [Times: user=0.00 sys=0.00, real=0.01 secs] 
2020-09-29T17:46:12.648+0200: 23.411: [GC (Allocation Failure) [PSYoungGen: 611075K->36805K(644608K)] 632747K->58477K(2042880K), 0.0125612 secs] [Times: user=0.00 sys=0.00, real=0.01 secs] 
2020-09-29T17:46:12.711+0200: 23.474: [GC (Allocation Failure) [PSYoungGen: 626629K->52389K(642560K)] 648301K->74061K(2040832K), 0.0176397 secs] [Times: user=0.13 sys=0.00, real=0.02 secs] 
2020-09-29T17:46:12.779+0200: 23.542: [GC (Allocation Failure) [PSYoungGen: 642213K->26981K(638464K)] 663885K->48653K(2036736K), 0.0094729 secs] [Times: user=0.13 sys=0.00, real=0.01 secs] 
2020-09-29T17:46:12.838+0200: 23.602: [GC (Allocation Failure) [PSYoungGen: 609125K->34853K(640512K)] 630797K->56525K(2038784K), 0.0123281 secs] [Times: user=0.13 sys=0.00, real=0.01 secs] 
2020-09-29T17:46:12.900+0200: 23.664: [GC (Allocation Failure) [PSYoungGen: 616997K->42789K(640512K)] 638669K->64461K(2038784K), 0.0139983 secs] [Times: user=0.13 sys=0.00, real=0.01 secs] 
2020-09-29T17:46:12.965+0200: 23.728: [GC (Allocation Failure) [PSYoungGen: 626981K->38852K(641536K)] 648653K->60524K(2039808K), 0.0135265 secs] [Times: user=0.13 sys=0.00, real=0.01 secs] 
2020-09-29T17:46:13.029+0200: 23.793: [GC (Allocation Failure) [PSYoungGen: 623044K->48805K(636928K)] 644716K->70477K(2035200K), 0.0176592 secs] [Times: user=0.13 sys=0.00, real=0.02 secs] 
2020-09-29T17:46:13.097+0200: 23.860: [GC (Allocation Failure) [PSYoungGen: 628901K->40933K(639488K)] 650573K->62605K(2037760K), 0.0138929 secs] [Times: user=0.13 sys=0.00, real=0.01 secs] 
2020-09-29T17:46:13.160+0200: 23.923: [GC (Allocation Failure) [PSYoungGen: 621029K->32101K(641024K)] 642701K->53773K(2039296K), 0.0118544 secs] [Times: user=0.13 sys=0.00, real=0.01 secs] 
2020-09-29T17:46:13.221+0200: 23.985: [GC (Allocation Failure) [PSYoungGen: 614245K->25380K(640000K)] 635917K->47052K(2038272K), 0.0092897 secs] [Times: user=0.13 sys=0.00, real=0.01 secs] 
2020-09-29T17:46:13.280+0200: 24.043: [GC (Allocation Failure) [PSYoungGen: 607524K->33285K(643072K)] 629196K->54957K(2041344K), 0.0105035 secs] [Times: user=0.13 sys=0.00, real=0.01 secs] 
2020-09-29T17:46:13.341+0200: 24.104: [GC (Allocation Failure) [PSYoungGen: 619013K->30372K(641536K)] 640685K->52044K(2039808K), 0.0115892 secs] [Times: user=0.13 sys=0.00, real=0.01 secs] 
2020-09-29T17:46:13.402+0200: 24.165: [GC (Allocation Failure) [PSYoungGen: 616100K->12195K(640512K)] 637772K->33867K(2038784K), 0.0055712 secs] [Times: user=0.00 sys=0.00, real=0.01 secs] 
2020-09-29T17:46:13.457+0200: 24.221: [GC (Allocation Failure) [PSYoungGen: 598435K->23460K(642560K)] 620107K->45132K(2040832K), 0.0083904 secs] [Times: user=0.05 sys=0.00, real=0.01 secs] 
2020-09-29T17:46:13.518+0200: 24.281: [GC (Allocation Failure) [PSYoungGen: 609700K->49061K(635392K)] 631372K->70733K(2033664K), 0.0195012 secs] [Times: user=0.22 sys=0.00, real=0.02 secs] 
2020-09-29T17:46:13.591+0200: 24.354: [GC (Allocation Failure) [PSYoungGen: 629157K->26180K(639488K)] 650829K->47852K(2037760K), 0.0111277 secs] [Times: user=0.11 sys=0.00, real=0.01 secs] 
2020-09-29T17:46:13.656+0200: 24.419: [GC (Allocation Failure) [PSYoungGen: 606276K->45701K(636416K)] 627948K->67373K(2034688K), 0.0177078 secs] [Times: user=0.11 sys=0.00, real=0.02 secs] 
2020-09-29T17:46:13.725+0200: 24.488: [GC (Allocation Failure) [PSYoungGen: 623749K->35780K(638464K)] 645421K->57452K(2036736K), 0.0129766 secs] [Times: user=0.00 sys=0.00, real=0.01 secs] 
2020-09-29T17:46:13.787+0200: 24.551: [GC (Allocation Failure) [PSYoungGen: 613828K->39427K(641024K)] 635500K->61099K(2039296K), 0.0146899 secs] [Times: user=0.13 sys=0.00, real=0.02 secs] 
2020-09-29T17:46:13.852+0200: 24.615: [GC (Allocation Failure) [PSYoungGen: 622083K->18340K(640512K)] 643755K->40012K(2038784K), 0.0064484 secs] [Times: user=0.00 sys=0.00, real=0.01 secs] 
2020-09-29T17:46:13.909+0200: 24.672: [GC (Allocation Failure) [PSYoungGen: 600996K->40421K(639488K)] 622668K->62093K(2037760K), 0.0135328 secs] [Times: user=0.13 sys=0.00, real=0.01 secs] 
2020-09-29T17:46:13.972+0200: 24.735: [GC (Allocation Failure) [PSYoungGen: 621541K->31236K(640000K)] 643213K->52908K(2038272K), 0.0118711 secs] [Times: user=0.13 sys=0.00, real=0.01 secs] 
2020-09-29T17:46:14.034+0200: 24.797: [GC (Allocation Failure) [PSYoungGen: 612356K->38053K(642560K)] 634028K->59725K(2040832K), 0.0128797 secs] [Times: user=0.13 sys=0.00, real=0.01 secs] 
2020-09-29T17:46:14.098+0200: 24.861: [GC (Allocation Failure) [PSYoungGen: 623781K->49541K(635392K)] 645453K->71213K(2033664K), 0.0163651 secs] [Times: user=0.13 sys=0.00, real=0.02 secs] 
2020-09-29T17:46:14.165+0200: 24.928: [GC (Allocation Failure) [PSYoungGen: 635269K->59877K(625664K)] 656941K->82677K(2023936K), 0.0198089 secs] [Times: user=0.13 sys=0.00, real=0.02 secs] 
2020-09-29T17:46:14.233+0200: 24.996: [GC (Allocation Failure) [PSYoungGen: 625637K->25253K(632320K)] 648437K->48053K(2030592K), 0.0084682 secs] [Times: user=0.13 sys=0.00, real=0.01 secs] 
2020-09-29T17:46:14.294+0200: 25.057: [GC (Allocation Failure) [PSYoungGen: 591013K->44133K(632832K)] 613813K->66933K(2031104K), 0.0141399 secs] [Times: user=0.13 sys=0.00, real=0.01 secs] 
2020-09-29T17:46:14.356+0200: 25.119: [GC (Allocation Failure) [PSYoungGen: 610917K->20003K(632832K)] 633717K->42803K(2031104K), 0.0080327 secs] [Times: user=0.13 sys=0.00, real=0.01 secs] 
2020-09-29T17:46:14.413+0200: 25.176: [GC (Allocation Failure) [PSYoungGen: 586787K->39909K(634368K)] 609587K->62709K(2032640K), 0.0135111 secs] [Times: user=0.13 sys=0.00, real=0.01 secs] 
2020-09-29T17:46:14.478+0200: 25.242: [GC (Allocation Failure) [PSYoungGen: 608229K->33796K(632832K)] 631029K->56596K(2031104K), 0.0125321 secs] [Times: user=0.13 sys=0.00, real=0.01 secs] 
2020-09-29T17:46:14.540+0200: 25.303: [GC (Allocation Failure) [PSYoungGen: 602116K->41605K(637440K)] 624916K->64405K(2035712K), 0.0147363 secs] [Times: user=0.13 sys=0.00, real=0.02 secs] 
2020-09-29T17:46:14.606+0200: 25.369: [GC (Allocation Failure) [PSYoungGen: 617093K->28868K(636928K)] 639893K->51668K(2035200K), 0.0113540 secs] [Times: user=0.11 sys=0.00, real=0.01 secs] 
2020-09-29T17:46:14.667+0200: 25.430: [GC (Allocation Failure) [PSYoungGen: 604356K->57413K(627200K)] 627156K->80213K(2025472K), 0.0256962 secs] [Times: user=0.25 sys=0.00, real=0.03 secs] 
2020-09-29T17:46:14.741+0200: 25.504: [GC (Allocation Failure) [PSYoungGen: 624197K->21956K(632832K)] 646997K->44756K(2031104K), 0.0108446 secs] [Times: user=0.00 sys=0.00, real=0.01 secs] 
2020-09-29T17:46:14.803+0200: 25.566: [GC (Allocation Failure) [PSYoungGen: 588740K->41893K(633856K)] 611540K->64693K(2032128K), 0.0195041 secs] [Times: user=0.13 sys=0.00, real=0.02 secs] 
2020-09-29T17:46:14.872+0200: 25.635: [GC (Allocation Failure) [PSYoungGen: 609701K->35397K(632832K)] 632501K->58197K(2031104K), 0.0169177 secs] [Times: user=0.13 sys=0.00, real=0.02 secs] 
2020-09-29T17:46:14.940+0200: 25.703: [GC (Allocation Failure) [PSYoungGen: 603205K->41092K(637440K)] 626005K->63892K(2035712K), 0.0206082 secs] [Times: user=0.25 sys=0.00, real=0.02 secs] 
2020-09-29T17:46:15.010+0200: 25.773: [GC (Allocation Failure) [PSYoungGen: 616068K->40964K(636416K)] 638868K->63764K(2034688K), 0.0203126 secs] [Times: user=0.13 sys=0.00, real=0.02 secs] 
2020-09-29T17:46:15.079+0200: 25.843: [GC (Allocation Failure) [PSYoungGen: 615940K->41701K(638976K)] 638740K->64501K(2037248K), 0.0193413 secs] [Times: user=0.25 sys=0.00, real=0.02 secs] 
2020-09-29T17:46:15.149+0200: 25.912: [GC (Allocation Failure) [PSYoungGen: 620261K->17699K(596480K)] 643061K->40499K(1994752K), 0.0096214 secs] [Times: user=0.00 sys=0.00, real=0.01 secs] 
2020-09-29T17:46:15.208+0200: 25.971: [GC (Allocation Failure) [PSYoungGen: 596259K->49349K(632832K)] 619059K->72149K(2031104K), 0.0225253 secs] [Times: user=0.13 sys=0.00, real=0.02 secs] 
2020-09-29T17:46:15.279+0200: 26.043: [GC (Allocation Failure) [PSYoungGen: 621253K->33252K(635392K)] 644053K->56052K(2033664K), 0.0171620 secs] [Times: user=0.13 sys=0.00, real=0.02 secs] 
2020-09-29T17:46:15.345+0200: 26.108: [GC (Allocation Failure) [PSYoungGen: 605156K->30917K(638464K)] 627956K->53717K(2036736K), 0.0145704 secs] [Times: user=0.13 sys=0.00, real=0.01 secs] 
2020-09-29T17:46:15.413+0200: 26.176: [GC (Allocation Failure) [PSYoungGen: 607941K->33604K(637440K)] 630741K->56404K(2035712K), 0.0172982 secs] [Times: user=0.13 sys=0.00, real=0.02 secs] 
2020-09-29T17:46:15.480+0200: 26.243: [GC (Allocation Failure) [PSYoungGen: 610628K->36485K(642560K)] 633428K->59285K(2040832K), 0.0168760 secs] [Times: user=0.13 sys=0.00, real=0.02 secs] 
2020-09-29T17:46:15.547+0200: 26.311: [GC (Allocation Failure) [PSYoungGen: 620677K->30308K(640512K)] 643477K->53108K(2038784K), 0.0148829 secs] [Times: user=0.13 sys=0.00, real=0.02 secs] 
2020-09-29T17:46:15.614+0200: 26.378: [GC (Allocation Failure) [PSYoungGen: 614500K->25892K(644096K)] 637300K->48692K(2042368K), 0.0138278 secs] [Times: user=0.00 sys=0.00, real=0.01 secs] 
2020-09-29T17:46:15.680+0200: 26.443: [GC (Allocation Failure) [PSYoungGen: 614692K->23907K(643584K)] 637492K->46707K(2041856K), 0.0131712 secs] [Times: user=0.13 sys=0.00, real=0.01 secs] 
2020-09-29T17:46:15.743+0200: 26.507: [GC (Allocation Failure) [PSYoungGen: 612707K->38437K(644608K)] 635507K->61237K(2042880K), 0.0178316 secs] [Times: user=0.13 sys=0.00, real=0.02 secs] 
2020-09-29T17:46:15.813+0200: 26.576: [GC (Allocation Failure) [PSYoungGen: 628261K->26244K(644096K)] 651061K->49044K(2042368K), 0.0134662 secs] [Times: user=0.13 sys=0.00, real=0.01 secs] 
2020-09-29T17:46:15.878+0200: 26.641: [GC (Allocation Failure) [PSYoungGen: 616068K->41829K(643072K)] 638868K->64629K(2041344K), 0.0196506 secs] [Times: user=0.25 sys=0.00, real=0.02 secs] 
2020-09-29T17:46:15.948+0200: 26.711: [GC (Allocation Failure) [PSYoungGen: 631141K->29124K(644096K)] 653941K->51924K(2042368K), 0.0135962 secs] [Times: user=0.13 sys=0.00, real=0.01 secs] 
2020-09-29T17:46:16.018+0200: 26.780: [GC (Allocation Failure) [PSYoungGen: 618436K->53733K(630784K)] 641236K->80645K(2029056K), 0.0271110 secs] [Times: user=0.25 sys=0.00, real=0.03 secs] 
2020-09-29T17:46:16.094+0200: 26.856: [GC (Allocation Failure) [PSYoungGen: 630757K->47013K(624128K)] 657669K->73925K(2022400K), 0.0217420 secs] [Times: user=0.25 sys=0.00, real=0.02 secs] 
2020-09-29T17:46:16.168+0200: 26.930: [GC (Allocation Failure) [PSYoungGen: 624037K->34948K(638464K)] 650949K->61860K(2036736K), 0.0176166 secs] [Times: user=0.13 sys=0.00, real=0.02 secs] 
2020-09-29T17:46:16.235+0200: 26.998: [GC (Allocation Failure) [PSYoungGen: 610948K->36741K(636416K)] 637860K->63653K(2034688K), 0.0171474 secs] [Times: user=0.11 sys=0.00, real=0.02 secs] 
2020-09-29T17:46:16.301+0200: 27.065: [GC (Allocation Failure) [PSYoungGen: 612741K->38469K(642560K)] 639653K->65381K(2040832K), 0.0174832 secs] [Times: user=0.13 sys=0.00, real=0.02 secs] 
2020-09-29T17:46:16.369+0200: 27.132: [GC (Allocation Failure) [PSYoungGen: 623173K->48933K(633856K)] 650085K->75845K(2032128K), 0.0218990 secs] [Times: user=0.13 sys=0.00, real=0.02 secs] 
2020-09-29T17:46:16.441+0200: 27.204: [GC (Allocation Failure) [PSYoungGen: 633637K->32133K(641024K)] 660549K->59045K(2039296K), 0.0146891 secs] [Times: user=0.13 sys=0.00, real=0.02 secs] 
2020-09-29T17:46:16.506+0200: 27.269: [GC (Allocation Failure) [PSYoungGen: 614277K->53669K(635904K)] 641189K->80581K(2034176K), 0.0244296 secs] [Times: user=0.13 sys=0.00, real=0.02 secs] 
2020-09-29T17:46:16.582+0200: 27.345: [GC (Allocation Failure) [PSYoungGen: 635813K->34245K(638464K)] 662725K->61157K(2036736K), 0.0169351 secs] [Times: user=0.22 sys=0.00, real=0.02 secs] 
2020-09-29T17:46:16.650+0200: 27.413: [GC (Allocation Failure) [PSYoungGen: 610757K->36517K(636928K)] 637669K->63429K(2035200K), 0.0168134 secs] [Times: user=0.13 sys=0.00, real=0.02 secs] 
2020-09-29T17:46:16.716+0200: 27.479: [GC (Allocation Failure) [PSYoungGen: 613029K->24740K(640000K)] 639941K->51652K(2038272K), 0.0122761 secs] [Times: user=0.13 sys=0.00, real=0.01 secs] 
2020-09-29T17:46:16.780+0200: 27.543: [GC (Allocation Failure) [PSYoungGen: 605860K->31653K(640000K)] 632772K->58565K(2038272K), 0.0152668 secs] [Times: user=0.13 sys=0.00, real=0.02 secs] 
2020-09-29T17:46:16.845+0200: 27.608: [GC (Allocation Failure) [PSYoungGen: 612773K->52101K(633856K)] 639685K->79013K(2032128K), 0.0236524 secs] [Times: user=0.25 sys=0.00, real=0.02 secs] 
2020-09-29T17:46:16.917+0200: 27.681: [GC (Allocation Failure) [PSYoungGen: 628101K->39621K(637440K)] 655013K->66533K(2035712K), 0.0184399 secs] [Times: user=0.13 sys=0.00, real=0.02 secs] 
2020-09-29T17:46:16.985+0200: 27.749: [GC (Allocation Failure) [PSYoungGen: 615621K->41477K(640000K)] 642533K->68389K(2038272K), 0.0194568 secs] [Times: user=0.25 sys=0.00, real=0.02 secs] 
2020-09-29T17:46:17.055+0200: 27.818: [GC (Allocation Failure) [PSYoungGen: 621573K->32708K(638976K)] 648485K->59620K(2037248K), 0.0165665 secs] [Times: user=0.13 sys=0.00, real=0.02 secs] 
2020-09-29T17:46:17.121+0200: 27.884: [GC (Allocation Failure) [PSYoungGen: 612804K->21859K(640000K)] 639716K->48771K(2038272K), 0.0119600 secs] [Times: user=0.13 sys=0.00, real=0.01 secs] 
2020-09-29T17:46:17.183+0200: 27.946: [GC (Allocation Failure) [PSYoungGen: 604003K->43461K(625664K)] 630915K->70373K(2023936K), 0.0220909 secs] [Times: user=0.11 sys=0.00, real=0.02 secs] 
2020-09-29T17:46:17.254+0200: 28.018: [GC (Allocation Failure) [PSYoungGen: 625605K->37188K(642048K)] 652517K->64100K(2040320K), 0.0180529 secs] [Times: user=0.13 sys=0.00, real=0.02 secs] 
2020-09-29T17:46:17.322+0200: 28.085: [GC (Allocation Failure) [PSYoungGen: 620356K->31363K(640000K)] 647268K->58275K(2038272K), 0.0168634 secs] [Times: user=0.13 sys=0.00, real=0.02 secs] 
2020-09-29T17:46:17.389+0200: 28.152: [GC (Allocation Failure) [PSYoungGen: 614531K->26661K(643072K)] 641443K->53573K(2041344K), 0.0121803 secs] [Times: user=0.13 sys=0.00, real=0.01 secs] 
2020-09-29T17:46:17.453+0200: 28.216: [GC (Allocation Failure) [PSYoungGen: 613925K->39492K(643072K)] 640837K->66404K(2041344K), 0.0189297 secs] [Times: user=0.13 sys=0.00, real=0.02 secs] 
2020-09-29T17:46:17.522+0200: 28.286: [GC (Allocation Failure) [PSYoungGen: 626756K->38821K(644608K)] 653668K->65733K(2042880K), 0.0179518 secs] [Times: user=0.13 sys=0.00, real=0.02 secs] 
2020-09-29T17:46:17.595+0200: 28.358: [GC (Allocation Failure) [PSYoungGen: 628133K->25029K(643584K)] 655045K->51941K(2041856K), 0.0123366 secs] [Times: user=0.11 sys=0.00, real=0.01 secs] 
2020-09-29T17:46:17.661+0200: 28.424: [GC (Allocation Failure) [PSYoungGen: 614341K->53765K(634368K)] 641253K->80677K(2032640K), 0.0246861 secs] [Times: user=0.13 sys=0.00, real=0.02 secs] 
2020-09-29T17:46:17.735+0200: 28.498: [GC (Allocation Failure) [PSYoungGen: 633861K->31045K(639488K)] 660773K->57957K(2037760K), 0.0146936 secs] [Times: user=0.13 sys=0.00, real=0.02 secs] 
2020-09-29T17:46:17.805+0200: 28.568: [GC (Allocation Failure) [PSYoungGen: 611141K->35588K(642560K)] 638053K->62500K(2040832K), 0.0173776 secs] [Times: user=0.13 sys=0.00, real=0.02 secs] 
2020-09-29T17:46:17.875+0200: 28.638: [GC (Allocation Failure) [PSYoungGen: 619780K->45541K(640512K)] 646692K->72453K(2038784K), 0.0203781 secs] [Times: user=0.25 sys=0.00, real=0.02 secs] 
2020-09-29T17:46:17.949+0200: 28.712: [GC (Allocation Failure) [PSYoungGen: 629733K->41765K(641536K)] 656645K->68677K(2039808K), 0.0192810 secs] [Times: user=0.13 sys=0.00, real=0.02 secs] 
2020-09-29T17:46:18.021+0200: 28.784: [GC (Allocation Failure) [PSYoungGen: 625445K->35427K(641024K)] 652357K->62339K(2039296K), 0.0181041 secs] [Times: user=0.13 sys=0.00, real=0.02 secs] 
2020-09-29T17:46:18.089+0200: 28.852: [GC (Allocation Failure) [PSYoungGen: 619107K->15524K(638976K)] 646019K->42436K(2037248K), 0.0081118 secs] [Times: user=0.00 sys=0.00, real=0.01 secs] 
2020-09-29T17:46:18.147+0200: 28.910: [GC (Allocation Failure) [PSYoungGen: 598692K->38149K(641024K)] 625604K->65061K(2039296K), 0.0179328 secs] [Times: user=0.13 sys=0.00, real=0.02 secs] 
2020-09-29T17:46:18.217+0200: 28.980: [GC (Allocation Failure) [PSYoungGen: 621317K->33349K(644096K)] 648229K->60261K(2042368K), 0.0156443 secs] [Times: user=0.11 sys=0.00, real=0.02 secs] 
2020-09-29T17:46:18.284+0200: 29.047: [GC (Allocation Failure) [PSYoungGen: 621125K->17219K(642560K)] 648037K->44131K(2040832K), 0.0094261 secs] [Times: user=0.13 sys=0.00, real=0.01 secs] 
2020-09-29T17:46:18.343+0200: 29.107: [GC (Allocation Failure) [PSYoungGen: 604995K->29348K(644608K)] 631907K->56260K(2042880K), 0.0150543 secs] [Times: user=0.13 sys=0.00, real=0.02 secs] 
2020-09-29T17:46:18.419+0200: 29.182: [GC (Allocation Failure) [PSYoungGen: 618148K->28611K(643072K)] 645060K->55523K(2041344K), 0.0157257 secs] [Times: user=0.13 sys=0.00, real=0.02 secs] 
2020-09-29T17:46:18.484+0200: 29.247: [GC (Allocation Failure) [PSYoungGen: 617411K->29381K(647168K)] 644323K->56293K(2045440K), 0.0139246 secs] [Times: user=0.13 sys=0.00, real=0.01 secs] 
2020-09-29T17:46:18.552+0200: 29.315: [GC (Allocation Failure) [PSYoungGen: 623301K->34724K(645632K)] 650213K->61636K(2043904K), 0.0169133 secs] [Times: user=0.13 sys=0.00, real=0.02 secs] 
2020-09-29T17:46:18.626+0200: 29.389: [GC (Allocation Failure) [PSYoungGen: 628644K->40709K(646144K)] 655556K->67621K(2044416K), 0.0199024 secs] [Times: user=0.22 sys=0.00, real=0.02 secs] 
2020-09-29T17:46:18.699+0200: 29.462: [GC (Allocation Failure) [PSYoungGen: 636165K->48261K(644096K)] 663077K->75173K(2042368K), 0.0220825 secs] [Times: user=0.13 sys=0.00, real=0.02 secs] 
2020-09-29T17:46:18.772+0200: 29.535: [GC (Allocation Failure) [PSYoungGen: 643717K->42117K(641024K)] 670629K->69029K(2039296K), 0.0194634 secs] [Times: user=0.13 sys=0.00, real=0.02 secs] 
2020-09-29T17:46:18.842+0200: 29.605: [GC (Allocation Failure) [PSYoungGen: 628357K->39684K(642560K)] 655269K->66596K(2040832K), 0.0193475 secs] [Times: user=0.13 sys=0.00, real=0.03 secs] 
2020-09-29T17:46:18.920+0200: 29.683: [GC (Allocation Failure) [PSYoungGen: 625924K->38021K(644608K)] 652836K->64933K(2042880K), 0.0182725 secs] [Times: user=0.13 sys=0.00, real=0.02 secs] 
2020-09-29T17:46:18.989+0200: 29.752: [GC (Allocation Failure) [PSYoungGen: 626821K->22691K(643072K)] 653733K->49603K(2041344K), 0.0127904 secs] [Times: user=0.00 sys=0.00, real=0.01 secs] 
2020-09-29T17:46:19.053+0200: 29.815: [GC (Allocation Failure) [PSYoungGen: 611491K->51013K(635904K)] 638403K->77925K(2034176K), 0.0234194 secs] [Times: user=0.13 sys=0.00, real=0.02 secs] 
2020-09-29T17:46:19.126+0200: 29.889: [GC (Allocation Failure) [PSYoungGen: 632133K->44229K(625664K)] 659045K->71141K(2023936K), 0.0210055 secs] [Times: user=0.25 sys=0.00, real=0.02 secs] 
2020-09-29T17:46:19.197+0200: 29.960: [GC (Allocation Failure) [PSYoungGen: 625349K->37284K(641536K)] 652261K->64196K(2039808K), 0.0178678 secs] [Times: user=0.13 sys=0.00, real=0.02 secs] 
2020-09-29T17:46:19.265+0200: 30.028: [GC (Allocation Failure) [PSYoungGen: 619428K->29924K(639488K)] 646340K->56836K(2037760K), 0.0148863 secs] [Times: user=0.13 sys=0.00, real=0.01 secs] 
2020-09-29T17:46:19.330+0200: 30.092: [GC (Allocation Failure) [PSYoungGen: 612068K->20644K(641024K)] 638980K->47556K(2039296K), 0.0104088 secs] [Times: user=0.13 sys=0.00, real=0.01 secs] 
2020-09-29T17:46:19.390+0200: 30.153: [GC (Allocation Failure) [PSYoungGen: 604836K->44325K(628736K)] 631748K->71237K(2027008K), 0.0202862 secs] [Times: user=0.13 sys=0.00, real=0.02 secs] 
2020-09-29T17:46:19.462+0200: 30.225: [GC (Allocation Failure) [PSYoungGen: 628517K->40645K(640512K)] 655429K->67557K(2038784K), 0.0190697 secs] [Times: user=0.13 sys=0.00, real=0.02 secs] 
2020-09-29T17:46:19.531+0200: 30.294: [GC (Allocation Failure) [PSYoungGen: 622277K->33381K(640000K)] 649189K->60293K(2038272K), 0.0162655 secs] [Times: user=0.13 sys=0.00, real=0.02 secs] 
2020-09-29T17:46:19.600+0200: 30.363: [GC (Allocation Failure) [PSYoungGen: 615013K->24580K(642560K)] 641925K->51492K(2040832K), 0.0135902 secs] [Times: user=0.13 sys=0.00, real=0.01 secs] 
2020-09-29T17:46:19.669+0200: 30.432: [GC (Allocation Failure) [PSYoungGen: 610820K->36581K(642560K)] 637732K->63493K(2040832K), 0.0197525 secs] [Times: user=0.13 sys=0.00, real=0.02 secs] 
2020-09-29T17:46:19.743+0200: 30.506: [GC (Allocation Failure) [PSYoungGen: 622821K->33316K(645632K)] 649733K->60228K(2043904K), 0.0200790 secs] [Times: user=0.13 sys=0.00, real=0.02 secs] 
2020-09-29T17:46:19.819+0200: 30.581: [GC (Allocation Failure) [PSYoungGen: 624164K->33893K(644096K)] 651076K->60805K(2042368K), 0.0188160 secs] [Times: user=0.13 sys=0.00, real=0.02 secs] 
2020-09-29T17:46:19.890+0200: 30.653: [GC (Allocation Failure) [PSYoungGen: 624741K->35652K(648704K)] 651653K->62564K(2046976K), 0.0198152 secs] [Times: user=0.13 sys=0.00, real=0.02 secs] 
2020-09-29T17:46:19.964+0200: 30.727: [GC (Allocation Failure) [PSYoungGen: 632644K->28868K(647168K)] 659556K->55780K(2045440K), 0.0167044 secs] [Times: user=0.13 sys=0.00, real=0.02 secs] 
2020-09-29T17:46:20.034+0200: 30.797: [GC (Allocation Failure) [PSYoungGen: 625860K->49637K(638976K)] 652772K->78477K(2037248K), 0.0276999 secs] [Times: user=0.23 sys=0.00, real=0.03 secs] 
2020-09-29T17:46:20.115+0200: 30.878: [GC (Allocation Failure) [PSYoungGen: 638949K->39365K(644096K)] 667789K->68205K(2042368K), 0.0211138 secs] [Times: user=0.13 sys=0.00, real=0.02 secs] 
2020-09-29T17:46:20.198+0200: 30.961: [GC (Allocation Failure) [PSYoungGen: 628677K->40741K(645120K)] 657517K->69581K(2043392K), 0.0220044 secs] [Times: user=0.13 sys=0.00, real=0.03 secs] 
2020-09-29T17:46:20.287+0200: 31.050: [GC (Allocation Failure) [PSYoungGen: 631589K->30021K(644608K)] 660429K->58861K(2042880K), 0.0174872 secs] [Times: user=0.11 sys=0.00, real=0.02 secs] 
2020-09-29T17:46:20.356+0200: 31.119: [GC (Allocation Failure) [PSYoungGen: 620869K->32644K(646656K)] 649709K->61484K(2044928K), 0.0190172 secs] [Times: user=0.13 sys=0.00, real=0.02 secs] 
2020-09-29T17:46:20.437+0200: 31.200: [GC (Allocation Failure) [PSYoungGen: 626052K->38148K(645632K)] 654892K->66988K(2043904K), 0.0213623 secs] [Times: user=0.25 sys=0.00, real=0.02 secs] 
2020-09-29T17:46:20.509+0200: 31.272: [GC (Allocation Failure) [PSYoungGen: 631556K->27875K(647680K)] 660396K->56715K(2045952K), 0.0170054 secs] [Times: user=0.13 sys=0.00, real=0.02 secs] 
2020-09-29T17:46:20.584+0200: 31.347: [GC (Allocation Failure) [PSYoungGen: 623843K->49541K(645632K)] 652683K->78381K(2043904K), 0.0273884 secs] [Times: user=0.13 sys=0.00, real=0.03 secs] 
2020-09-29T17:46:20.665+0200: 31.428: [GC (Allocation Failure) [PSYoungGen: 645509K->30244K(643584K)] 674349K->59084K(2041856K), 0.0179576 secs] [Times: user=0.13 sys=0.00, real=0.02 secs] 
2020-09-29T17:46:20.741+0200: 31.504: [GC (Allocation Failure) [PSYoungGen: 620580K->32260K(644608K)] 649420K->61100K(2042880K), 0.0181012 secs] [Times: user=0.11 sys=0.00, real=0.02 secs] 
2020-09-29T17:46:20.812+0200: 31.575: [GC (Allocation Failure) [PSYoungGen: 622596K->34564K(647168K)] 651436K->63404K(2045440K), 0.0190714 secs] [Times: user=0.13 sys=0.00, real=0.02 secs] 
2020-09-29T17:46:20.882+0200: 31.645: [GC (Allocation Failure) [PSYoungGen: 628484K->40549K(645632K)] 657324K->69389K(2043904K), 0.0221867 secs] [Times: user=0.13 sys=0.00, real=0.02 secs] 
2020-09-29T17:46:20.955+0200: 31.718: [GC (Allocation Failure) [PSYoungGen: 634469K->16066K(643072K)] 663309K->44906K(2041344K), 0.0121752 secs] [Times: user=0.13 sys=0.00, real=0.01 secs] 
2020-09-29T17:46:21.020+0200: 31.783: [GC (Allocation Failure) [PSYoungGen: 607426K->46917K(638464K)] 636266K->75757K(2036736K), 0.0250275 secs] [Times: user=0.13 sys=0.00, real=0.03 secs] 
2020-09-29T17:46:21.101+0200: 31.864: [GC (Allocation Failure) [PSYoungGen: 638277K->21956K(641536K)] 667117K->50796K(2039808K), 0.0119819 secs] [Times: user=0.00 sys=0.00, real=0.01 secs] 
2020-09-29T17:46:21.165+0200: 31.927: [GC (Allocation Failure) [PSYoungGen: 607172K->16674K(602112K)] 636012K->45514K(2000384K), 0.0127441 secs] [Times: user=0.00 sys=0.02, real=0.01 secs] 
2020-09-29T17:46:21.237+0200: 31.999: [GC (Allocation Failure) [PSYoungGen: 601890K->41317K(639488K)] 630730K->70157K(2037760K), 0.0213597 secs] [Times: user=0.25 sys=0.00, real=0.02 secs] 
2020-09-29T17:46:21.315+0200: 32.078: [GC (Allocation Failure) [PSYoungGen: 623461K->49221K(631808K)] 652301K->78061K(2030080K), 0.0262940 secs] [Times: user=0.22 sys=0.00, real=0.03 secs] 
2020-09-29T17:46:21.392+0200: 32.155: [GC (Allocation Failure) [PSYoungGen: 631365K->15234K(635904K)] 660205K->44074K(2034176K), 0.0110054 secs] [Times: user=0.13 sys=0.00, real=0.01 secs] 
2020-09-29T17:46:21.454+0200: 32.217: [GC (Allocation Failure) [PSYoungGen: 589186K->42277K(616448K)] 618026K->71117K(2014720K), 0.0229616 secs] [Times: user=0.25 sys=0.00, real=0.02 secs] 
2020-09-29T17:46:21.528+0200: 32.291: [GC (Allocation Failure) [PSYoungGen: 616229K->41989K(635904K)] 645069K->70829K(2034176K), 0.0215168 secs] [Times: user=0.13 sys=0.00, real=0.02 secs] 
2020-09-29T17:46:21.601+0200: 32.364: [GC (Allocation Failure) [PSYoungGen: 614917K->40709K(635904K)] 643757K->69549K(2034176K), 0.0224642 secs] [Times: user=0.13 sys=0.00, real=0.02 secs] 
2020-09-29T17:46:21.674+0200: 32.437: [GC (Allocation Failure) [PSYoungGen: 613637K->38308K(637952K)] 642477K->67148K(2036224K), 0.0217973 secs] [Times: user=0.24 sys=0.00, real=0.02 secs] 
2020-09-29T17:46:21.747+0200: 32.510: [GC (Allocation Failure) [PSYoungGen: 613796K->20772K(636416K)] 642636K->49612K(2034688K), 0.0122045 secs] [Times: user=0.13 sys=0.00, real=0.01 secs] 
2020-09-29T17:46:21.809+0200: 32.572: [GC (Allocation Failure) [PSYoungGen: 596260K->31332K(640000K)] 625100K->60172K(2038272K), 0.0181326 secs] [Times: user=0.13 sys=0.00, real=0.02 secs] 
2020-09-29T17:46:21.877+0200: 32.640: [GC (Allocation Failure) [PSYoungGen: 610404K->20867K(637952K)] 639244K->49707K(2036224K), 0.0136138 secs] [Times: user=0.13 sys=0.00, real=0.01 secs] 
2020-09-29T17:46:21.948+0200: 32.711: [GC (Allocation Failure) [PSYoungGen: 599939K->53125K(630272K)] 628779K->81965K(2028544K), 0.0272568 secs] [Times: user=0.25 sys=0.00, real=0.03 secs] 
2020-09-29T17:46:22.025+0200: 32.788: [GC (Allocation Failure) [PSYoungGen: 625029K->37125K(635392K)] 653869K->65965K(2033664K), 0.0205393 secs] [Times: user=0.13 sys=0.00, real=0.02 secs] 
2020-09-29T17:46:22.097+0200: 32.860: [GC (Allocation Failure) [PSYoungGen: 609029K->34757K(640000K)] 637869K->63597K(2038272K), 0.0186660 secs] [Times: user=0.25 sys=0.00, real=0.02 secs] 
2020-09-29T17:46:22.173+0200: 32.936: [GC (Allocation Failure) [PSYoungGen: 613317K->24642K(637440K)] 642157K->53482K(2035712K), 0.0165817 secs] [Times: user=0.11 sys=0.00, real=0.02 secs] 
2020-09-29T17:46:22.240+0200: 33.003: [GC (Allocation Failure) [PSYoungGen: 603202K->28997K(642048K)] 632042K->57837K(2040320K), 0.0154754 secs] [Times: user=0.11 sys=0.00, real=0.02 secs] 
2020-09-29T17:46:22.307+0200: 33.070: [GC (Allocation Failure) [PSYoungGen: 612677K->35492K(640512K)] 641517K->64332K(2038784K), 0.0191068 secs] [Times: user=0.13 sys=0.00, real=0.02 secs] 
2020-09-29T17:46:22.376+0200: 33.139: [GC (Allocation Failure) [PSYoungGen: 619172K->31237K(645632K)] 648012K->60077K(2043904K), 0.0183330 secs] [Times: user=0.11 sys=0.00, real=0.02 secs] 
2020-09-29T17:46:22.446+0200: 33.209: [GC (Allocation Failure) [PSYoungGen: 621573K->33060K(643584K)] 650413K->61900K(2041856K), 0.0186122 secs] [Times: user=0.13 sys=0.00, real=0.02 secs] 
2020-09-29T17:46:22.516+0200: 33.279: [GC (Allocation Failure) [PSYoungGen: 623396K->16483K(645120K)] 652236K->45323K(2043392K), 0.0114925 secs] [Times: user=0.13 sys=0.00, real=0.01 secs] 
2020-09-29T17:46:22.581+0200: 33.344: [GC (Allocation Failure) [PSYoungGen: 609891K->34628K(646144K)] 638731K->63468K(2044416K), 0.0212692 secs] [Times: user=0.22 sys=0.00, real=0.02 secs] 
2020-09-29T17:46:22.658+0200: 33.421: [GC (Allocation Failure) [PSYoungGen: 628036K->40133K(645120K)] 656876K->68973K(2043392K), 0.0225783 secs] [Times: user=0.20 sys=0.00, real=0.02 secs] 
2020-09-29T17:46:22.732+0200: 33.495: [GC (Allocation Failure) [PSYoungGen: 633541K->45573K(639488K)] 662381K->74413K(2037760K), 0.0239672 secs] [Times: user=0.25 sys=0.00, real=0.02 secs] 
2020-09-29T17:46:22.807+0200: 33.570: [GC (Allocation Failure) [PSYoungGen: 638981K->23685K(643584K)] 667821K->52525K(2041856K), 0.0130264 secs] [Times: user=0.13 sys=0.00, real=0.01 secs] 
2020-09-29T17:46:22.875+0200: 33.638: [GC (Allocation Failure) [PSYoungGen: 611973K->51461K(640000K)] 640813K->80301K(2038272K), 0.0266600 secs] [Times: user=0.25 sys=0.00, real=0.03 secs] 
2020-09-29T17:46:22.953+0200: 33.716: [GC (Allocation Failure) [PSYoungGen: 639749K->23363K(638976K)] 668589K->52203K(2037248K), 0.0143487 secs] [Times: user=0.13 sys=0.00, real=0.01 secs] 
2020-09-29T17:46:23.022+0200: 33.785: [GC (Allocation Failure) [PSYoungGen: 603459K->14724K(594944K)] 632299K->43564K(1993216K), 0.0082210 secs] [Times: user=0.00 sys=0.00, real=0.01 secs] 
2020-09-29T17:46:23.084+0200: 33.847: [GC (Allocation Failure) [PSYoungGen: 594820K->33508K(641024K)] 623660K->62348K(2039296K), 0.0197767 secs] [Times: user=0.13 sys=0.00, real=0.02 secs] 
2020-09-29T17:46:23.153+0200: 33.916: [GC (Allocation Failure) [PSYoungGen: 614628K->40293K(638976K)] 643468K->69133K(2037248K), 0.0214508 secs] [Times: user=0.13 sys=0.00, real=0.02 secs] 
2020-09-29T17:46:23.225+0200: 33.988: [GC (Allocation Failure) [PSYoungGen: 621413K->33381K(643072K)] 650253K->62221K(2041344K), 0.0183281 secs] [Times: user=0.13 sys=0.00, real=0.02 secs] 
2020-09-29T17:46:23.293+0200: 34.057: [GC (Allocation Failure) [PSYoungGen: 618085K->29892K(640512K)] 646925K->58732K(2038784K), 0.0171864 secs] [Times: user=0.13 sys=0.00, real=0.02 secs] 
2020-09-29T17:46:23.368+0200: 34.131: [GC (Allocation Failure) [PSYoungGen: 614596K->39748K(643584K)] 643436K->68588K(2041856K), 0.0220970 secs] [Times: user=0.13 sys=0.00, real=0.02 secs] 
2020-09-29T17:46:23.442+0200: 34.205: [GC (Allocation Failure) [PSYoungGen: 629060K->41093K(630784K)] 657900K->69933K(2029056K), 0.0222114 secs] [Times: user=0.13 sys=0.00, real=0.02 secs] 
2020-09-29T17:46:23.515+0200: 34.278: [GC (Allocation Failure) [PSYoungGen: 630405K->27076K(644096K)] 659245K->55916K(2042368K), 0.0151785 secs] [Times: user=0.13 sys=0.00, real=0.01 secs] 
2020-09-29T17:46:23.583+0200: 34.346: [GC (Allocation Failure) [PSYoungGen: 615876K->41637K(643584K)] 644716K->70477K(2041856K), 0.0249454 secs] [Times: user=0.08 sys=0.00, real=0.03 secs] 
2020-09-29T17:46:23.661+0200: 34.424: [GC (Allocation Failure) [PSYoungGen: 630437K->28100K(644608K)] 659277K->56940K(2042880K), 0.0154678 secs] [Times: user=0.13 sys=0.00, real=0.02 secs] 
2020-09-29T17:46:23.727+0200: 34.490: [GC (Allocation Failure) [PSYoungGen: 617412K->28803K(643584K)] 646252K->57643K(2041856K), 0.0169648 secs] [Times: user=0.13 sys=0.00, real=0.02 secs] 
2020-09-29T17:46:23.795+0200: 34.558: [GC (Allocation Failure) [PSYoungGen: 618115K->43652K(641536K)] 646955K->72492K(2039808K), 0.0237169 secs] [Times: user=0.25 sys=0.00, real=0.02 secs] 
2020-09-29T17:46:23.869+0200: 34.632: [GC (Allocation Failure) [PSYoungGen: 631940K->44037K(632832K)] 660780K->72877K(2031104K), 0.0227864 secs] [Times: user=0.13 sys=0.00, real=0.02 secs] 
2020-09-29T17:46:23.944+0200: 34.707: [GC (Allocation Failure) [PSYoungGen: 632325K->44357K(640000K)] 661165K->73197K(2038272K), 0.0233998 secs] [Times: user=0.13 sys=0.00, real=0.02 secs] 
2020-09-29T17:46:24.022+0200: 34.785: [GC (Allocation Failure) [PSYoungGen: 627525K->39621K(641024K)] 656365K->68461K(2039296K), 0.0197626 secs] [Times: user=0.13 sys=0.00, real=0.02 secs] 
2020-09-29T17:46:24.096+0200: 34.859: [GC (Allocation Failure) [PSYoungGen: 622789K->34853K(643584K)] 651629K->63693K(2041856K), 0.0196842 secs] [Times: user=0.23 sys=0.00, real=0.02 secs] 
2020-09-29T17:46:24.169+0200: 34.933: [GC (Allocation Failure) [PSYoungGen: 621093K->46917K(641536K)] 649933K->75757K(2039808K), 0.0239530 secs] [Times: user=0.25 sys=0.00, real=0.02 secs] 
2020-09-29T17:46:24.245+0200: 35.009: [GC (Allocation Failure) [PSYoungGen: 633157K->31525K(642560K)] 661997K->60365K(2040832K), 0.0166345 secs] [Times: user=0.13 sys=0.00, real=0.02 secs] 
2020-09-29T17:46:24.315+0200: 35.078: [GC (Allocation Failure) [PSYoungGen: 616741K->42597K(641536K)] 645581K->71437K(2039808K), 0.0219870 secs] [Times: user=0.25 sys=0.00, real=0.02 secs] 
2020-09-29T17:46:24.388+0200: 35.151: [GC (Allocation Failure) [PSYoungGen: 627813K->39877K(643072K)] 656653K->68717K(2041344K), 0.0210553 secs] [Times: user=0.13 sys=0.00, real=0.02 secs] 
2020-09-29T17:46:24.463+0200: 35.226: [GC (Allocation Failure) [PSYoungGen: 626117K->38213K(642048K)] 654957K->67053K(2040320K), 0.0198099 secs] [Times: user=0.13 sys=0.00, real=0.02 secs] 
2020-09-29T17:46:24.543+0200: 35.306: [GC (Allocation Failure) [PSYoungGen: 624453K->36196K(646144K)] 653293K->65036K(2044416K), 0.0206477 secs] [Times: user=0.13 sys=0.00, real=0.02 secs] 
2020-09-29T17:46:24.617+0200: 35.381: [GC (Allocation Failure) [PSYoungGen: 628068K->12419K(604672K)] 656908K->41259K(2002944K), 0.0082707 secs] [Times: user=0.00 sys=0.00, real=0.01 secs] 
2020-09-29T17:46:24.681+0200: 35.444: [GC (Allocation Failure) [PSYoungGen: 604291K->30117K(644608K)] 633131K->58957K(2042880K), 0.0106558 secs] [Times: user=0.00 sys=0.00, real=0.01 secs] 
2020-09-29T17:46:24.742+0200: 35.505: [GC (Allocation Failure) [PSYoungGen: 619429K->54245K(643584K)] 648269K->87621K(2041856K), 0.0200574 secs] [Times: user=0.13 sys=0.00, real=0.02 secs] 
2020-09-29T17:46:24.813+0200: 35.576: [GC (Allocation Failure) [PSYoungGen: 643557K->32548K(634368K)] 676933K->65924K(2032640K), 0.0119721 secs] [Times: user=0.13 sys=0.00, real=0.01 secs] 
2020-09-29T17:46:24.874+0200: 35.637: [GC (Allocation Failure) [PSYoungGen: 611620K->23717K(638976K)] 644996K->57093K(2037248K), 0.0081170 secs] [Times: user=0.13 sys=0.00, real=0.01 secs] 
2020-09-29T17:46:24.932+0200: 35.695: [GC (Allocation Failure) [PSYoungGen: 602789K->42213K(638464K)] 636165K->75589K(2036736K), 0.0140183 secs] [Times: user=0.13 sys=0.00, real=0.01 secs] 
2020-09-29T17:46:24.997+0200: 35.760: [GC (Allocation Failure) [PSYoungGen: 621285K->33317K(638976K)] 654661K->66693K(2037248K), 0.0120133 secs] [Times: user=0.13 sys=0.00, real=0.01 secs] 
2020-09-29T17:46:25.059+0200: 35.823: [GC (Allocation Failure) [PSYoungGen: 612389K->38181K(642560K)] 645765K->71557K(2040832K), 0.0133082 secs] [Times: user=0.13 sys=0.00, real=0.01 secs] 
2020-09-29T17:46:25.123+0200: 35.886: [GC (Allocation Failure) [PSYoungGen: 622885K->35013K(641024K)] 656261K->68389K(2039296K), 0.0120699 secs] [Times: user=0.13 sys=0.00, real=0.01 secs] 
2020-09-29T17:46:25.186+0200: 35.949: [GC (Allocation Failure) [PSYoungGen: 619717K->31781K(645120K)] 653093K->65157K(2043392K), 0.0110852 secs] [Times: user=0.13 sys=0.00, real=0.01 secs] 
2020-09-29T17:46:25.247+0200: 36.010: [GC (Allocation Failure) [PSYoungGen: 622117K->47877K(638464K)] 655493K->81253K(2036736K), 0.0163495 secs] [Times: user=0.13 sys=0.00, real=0.02 secs] 
2020-09-29T17:46:25.314+0200: 36.077: [GC (Allocation Failure) [PSYoungGen: 638213K->36645K(644608K)] 671589K->70021K(2042880K), 0.0120050 secs] [Times: user=0.13 sys=0.00, real=0.01 secs] 
2020-09-29T17:46:25.376+0200: 36.139: [GC (Allocation Failure) [PSYoungGen: 624933K->37029K(642560K)] 658309K->70405K(2040832K), 0.0125046 secs] [Times: user=0.13 sys=0.00, real=0.01 secs] 
2020-09-29T17:46:25.439+0200: 36.202: [GC (Allocation Failure) [PSYoungGen: 625317K->37445K(647168K)] 658693K->70821K(2045440K), 0.0128371 secs] [Times: user=0.13 sys=0.00, real=0.01 secs] 
2020-09-29T17:46:25.503+0200: 36.266: [GC (Allocation Failure) [PSYoungGen: 631877K->27171K(646144K)] 665253K->60547K(2044416K), 0.0117311 secs] [Times: user=0.11 sys=0.00, real=0.01 secs] 
2020-09-29T17:46:25.566+0200: 36.329: [GC (Allocation Failure) [PSYoungGen: 621603K->33477K(648192K)] 654979K->66853K(2046464K), 0.0119542 secs] [Times: user=0.09 sys=0.00, real=0.01 secs] 
2020-09-29T17:46:25.631+0200: 36.394: [GC (Allocation Failure) [PSYoungGen: 629957K->27269K(647168K)] 663333K->60645K(2045440K), 0.0104646 secs] [Times: user=0.00 sys=0.00, real=0.01 secs] 
2020-09-29T17:46:25.692+0200: 36.456: [GC (Allocation Failure) [PSYoungGen: 623749K->35652K(649728K)] 657125K->69028K(2048000K), 0.0131940 secs] [Times: user=0.00 sys=0.00, real=0.01 secs] 
2020-09-29T17:46:25.757+0200: 36.520: [GC (Allocation Failure) [PSYoungGen: 634692K->46789K(646144K)] 668068K->80165K(2044416K), 0.0157786 secs] [Times: user=0.13 sys=0.00, real=0.02 secs] 
2020-09-29T17:46:25.824+0200: 36.587: [GC (Allocation Failure) [PSYoungGen: 645829K->44229K(643584K)] 679205K->77605K(2041856K), 0.0144420 secs] [Times: user=0.13 sys=0.00, real=0.01 secs] 
2020-09-29T17:46:25.890+0200: 36.654: [GC (Allocation Failure) [PSYoungGen: 635589K->33989K(645120K)] 668965K->67365K(2043392K), 0.0113881 secs] [Times: user=0.13 sys=0.00, real=0.01 secs] 
2020-09-29T17:46:25.952+0200: 36.716: [GC (Allocation Failure) [PSYoungGen: 623591K->48356K(641024K)] 656967K->81732K(2039296K), 0.0170894 secs] [Times: user=0.13 sys=0.00, real=0.02 secs] 
2020-09-29T17:46:26.020+0200: 36.783: [GC (Allocation Failure) [PSYoungGen: 636644K->18595K(607232K)] 670020K->51971K(2005504K), 0.0075135 secs] [Times: user=0.00 sys=0.00, real=0.01 secs] 
2020-09-29T17:46:26.081+0200: 36.844: [GC (Allocation Failure) [PSYoungGen: 606883K->46341K(637952K)] 640259K->79717K(2036224K), 0.0161690 secs] [Times: user=0.13 sys=0.00, real=0.02 secs] 
2020-09-29T17:46:26.147+0200: 36.910: [GC (Allocation Failure) [PSYoungGen: 627461K->36164K(640000K)] 660837K->69540K(2038272K), 0.0131448 secs] [Times: user=0.00 sys=0.00, real=0.01 secs] 
2020-09-29T17:46:26.209+0200: 36.972: [GC (Allocation Failure) [PSYoungGen: 617284K->28101K(642560K)] 650660K->61477K(2040832K), 0.0092721 secs] [Times: user=0.00 sys=0.00, real=0.01 secs] 
2020-09-29T17:46:26.270+0200: 37.033: [GC (Allocation Failure) [PSYoungGen: 613829K->39428K(642048K)] 647205K->72804K(2040320K), 0.0143356 secs] [Times: user=0.00 sys=0.00, real=0.01 secs] 
2020-09-29T17:46:26.334+0200: 37.098: [GC (Allocation Failure) [PSYoungGen: 625156K->19619K(641536K)] 658532K->52995K(2039808K), 0.0086746 secs] [Times: user=0.00 sys=0.00, real=0.01 secs] 
2020-09-29T17:46:26.394+0200: 37.157: [GC (Allocation Failure) [PSYoungGen: 605859K->31717K(642560K)] 639235K->65093K(2040832K), 0.0113408 secs] [Times: user=0.13 sys=0.00, real=0.01 secs] 
2020-09-29T17:46:26.456+0200: 37.219: [GC (Allocation Failure) [PSYoungGen: 617957K->29989K(645632K)] 651333K->63365K(2043904K), 0.0106799 secs] [Times: user=0.13 sys=0.00, real=0.01 secs] 
2020-09-29T17:46:26.516+0200: 37.280: [GC (Allocation Failure) [PSYoungGen: 620837K->44772K(635904K)] 654213K->78148K(2034176K), 0.0153910 secs] [Times: user=0.13 sys=0.00, real=0.02 secs] 
2020-09-29T17:46:26.585+0200: 37.348: [GC (Allocation Failure) [PSYoungGen: 635620K->33508K(645120K)] 668996K->66884K(2043392K), 0.0143195 secs] [Times: user=0.11 sys=0.00, real=0.01 secs] 
2020-09-29T17:46:26.651+0200: 37.414: [GC (Allocation Failure) [PSYoungGen: 623332K->18627K(643584K)] 656708K->52003K(2041856K), 0.0080503 secs] [Times: user=0.00 sys=0.00, real=0.01 secs] 
2020-09-29T17:46:26.709+0200: 37.473: [GC (Allocation Failure) [PSYoungGen: 608451K->32868K(646144K)] 641827K->66244K(2044416K), 0.0115367 secs] [Times: user=0.00 sys=0.00, real=0.01 secs] 
2020-09-29T17:46:26.772+0200: 37.535: [GC (Allocation Failure) [PSYoungGen: 624228K->36357K(644096K)] 657604K->69733K(2042368K), 0.0117221 secs] [Times: user=0.00 sys=0.00, real=0.01 secs] 
2020-09-29T17:46:26.834+0200: 37.597: [GC (Allocation Failure) [PSYoungGen: 627717K->36517K(647680K)] 661093K->69893K(2045952K), 0.0128889 secs] [Times: user=0.00 sys=0.00, real=0.01 secs] 
2020-09-29T17:46:26.898+0200: 37.661: [GC (Allocation Failure) [PSYoungGen: 632485K->44549K(641024K)] 665861K->77925K(2039296K), 0.0150162 secs] [Times: user=0.13 sys=0.00, real=0.02 secs] 
2020-09-29T17:46:26.964+0200: 37.727: [GC (Allocation Failure) [PSYoungGen: 640517K->37764K(646144K)] 673893K->71140K(2044416K), 0.0132663 secs] [Times: user=0.13 sys=0.00, real=0.01 secs] 
2020-09-29T17:46:27.030+0200: 37.794: [GC (Allocation Failure) [PSYoungGen: 630660K->41860K(645632K)] 664036K->75236K(2043904K), 0.0231434 secs] [Times: user=0.13 sys=0.00, real=0.02 secs] 
2020-09-29T17:46:27.105+0200: 37.868: [GC (Allocation Failure) [PSYoungGen: 634756K->19428K(643584K)] 668132K->52804K(2041856K), 0.0072246 secs] [Times: user=0.00 sys=0.00, real=0.01 secs] 
2020-09-29T17:46:27.162+0200: 37.925: [GC (Allocation Failure) [PSYoungGen: 609764K->19971K(610816K)] 643140K->53347K(2009088K), 0.0082061 secs] [Times: user=0.00 sys=0.00, real=0.01 secs] 
2020-09-29T17:46:27.221+0200: 37.984: [GC (Allocation Failure) [PSYoungGen: 610307K->19651K(644096K)] 643683K->53027K(2042368K), 0.0082768 secs] [Times: user=0.11 sys=0.00, real=0.01 secs] 
2020-09-29T17:46:27.279+0200: 38.043: [GC (Allocation Failure) [PSYoungGen: 608963K->34725K(644096K)] 642339K->68101K(2042368K), 0.0116002 secs] [Times: user=0.13 sys=0.00, real=0.01 secs] 
2020-09-29T17:46:27.342+0200: 38.106: [GC (Allocation Failure) [PSYoungGen: 624037K->49797K(635904K)] 657413K->83173K(2034176K), 0.0162080 secs] [Times: user=0.13 sys=0.00, real=0.02 secs] 
2020-09-29T17:46:27.409+0200: 38.172: [GC (Allocation Failure) [PSYoungGen: 631941K->44005K(626176K)] 665317K->77381K(2024448K), 0.0146404 secs] [Times: user=0.13 sys=0.00, real=0.01 secs] 
2020-09-29T17:46:27.473+0200: 38.236: [GC (Allocation Failure) [PSYoungGen: 626149K->23235K(639488K)] 659525K->56611K(2037760K), 0.0093360 secs] [Times: user=0.00 sys=0.00, real=0.01 secs] 
2020-09-29T17:46:27.532+0200: 38.295: [GC (Allocation Failure) [PSYoungGen: 602819K->42213K(638976K)] 636195K->75589K(2037248K), 0.0146995 secs] [Times: user=0.13 sys=0.00, real=0.01 secs] 
2020-09-29T17:46:27.599+0200: 38.362: [GC (Allocation Failure) [PSYoungGen: 621797K->32164K(641024K)] 655173K->65540K(2039296K), 0.0142288 secs] [Times: user=0.00 sys=0.00, real=0.01 secs] 
2020-09-29T17:46:27.664+0200: 38.427: [GC (Allocation Failure) [PSYoungGen: 613284K->38821K(638976K)] 646660K->72197K(2037248K), 0.0135758 secs] [Times: user=0.13 sys=0.00, real=0.01 secs] 
2020-09-29T17:46:27.728+0200: 38.491: [GC (Allocation Failure) [PSYoungGen: 619941K->30211K(643072K)] 653317K->63587K(2041344K), 0.0114937 secs] [Times: user=0.13 sys=0.00, real=0.01 secs] 
2020-09-29T17:46:27.790+0200: 38.554: [GC (Allocation Failure) [PSYoungGen: 615939K->41829K(641536K)] 649315K->75205K(2039808K), 0.0141074 secs] [Times: user=0.13 sys=0.00, real=0.01 secs] 
2020-09-29T17:46:27.854+0200: 38.618: [GC (Allocation Failure) [PSYoungGen: 627557K->25124K(643072K)] 660933K->58500K(2041344K), 0.0096960 secs] [Times: user=0.13 sys=0.00, real=0.01 secs] 
2020-09-29T17:46:27.915+0200: 38.678: [GC (Allocation Failure) [PSYoungGen: 611876K->35972K(642560K)] 645252K->69348K(2040832K), 0.0132437 secs] [Times: user=0.13 sys=0.00, real=0.01 secs] 
2020-09-29T17:46:27.979+0200: 38.742: [GC (Allocation Failure) [PSYoungGen: 622724K->34789K(646144K)] 656100K->68165K(2044416K), 0.0118414 secs] [Times: user=0.13 sys=0.00, real=0.01 secs] 
2020-09-29T17:46:28.044+0200: 38.807: [GC (Allocation Failure) [PSYoungGen: 626661K->23492K(644608K)] 660037K->56868K(2042880K), 0.0083760 secs] [Times: user=0.13 sys=0.00, real=0.01 secs] 
2020-09-29T17:46:28.103+0200: 38.867: [GC (Allocation Failure) [PSYoungGen: 615364K->52709K(633856K)] 648740K->88157K(2032128K), 0.0183976 secs] [Times: user=0.13 sys=0.00, real=0.02 secs] 
2020-09-29T17:46:28.171+0200: 38.934: [GC (Allocation Failure) [PSYoungGen: 633829K->34053K(640000K)] 669277K->69501K(2038272K), 0.0111977 secs] [Times: user=0.13 sys=0.00, real=0.01 secs] 
2020-09-29T17:46:28.232+0200: 38.996: [GC (Allocation Failure) [PSYoungGen: 615173K->11779K(638976K)] 650621K->47227K(2037248K), 0.0051188 secs] [Times: user=0.00 sys=0.00, real=0.01 secs] 
2020-09-29T17:46:28.287+0200: 39.051: [GC (Allocation Failure) [PSYoungGen: 593923K->32995K(640512K)] 629371K->68443K(2038784K), 0.0123337 secs] [Times: user=0.00 sys=0.00, real=0.01 secs] 
2020-09-29T17:46:28.350+0200: 39.113: [GC (Allocation Failure) [PSYoungGen: 615139K->37476K(643584K)] 650587K->72924K(2041856K), 0.0138555 secs] [Times: user=0.00 sys=0.00, real=0.01 secs] 
2020-09-29T17:46:28.414+0200: 39.178: [GC (Allocation Failure) [PSYoungGen: 625252K->23524K(643072K)] 660700K->58972K(2041344K), 0.0088862 secs] [Times: user=0.00 sys=0.00, real=0.01 secs] 
2020-09-29T17:46:28.475+0200: 39.239: [GC (Allocation Failure) [PSYoungGen: 611300K->36965K(644608K)] 646748K->72413K(2042880K), 0.0130322 secs] [Times: user=0.00 sys=0.00, real=0.01 secs] 
2020-09-29T17:46:28.539+0200: 39.302: [GC (Allocation Failure) [PSYoungGen: 626789K->38660K(644096K)] 662237K->74108K(2042368K), 0.0140497 secs] [Times: user=0.13 sys=0.00, real=0.01 secs] 
2020-09-29T17:46:28.605+0200: 39.368: [GC (Allocation Failure) [PSYoungGen: 628484K->40228K(643584K)] 663932K->75676K(2041856K), 0.0173206 secs] [Times: user=0.11 sys=0.00, real=0.02 secs] 
2020-09-29T17:46:28.674+0200: 39.438: [GC (Allocation Failure) [PSYoungGen: 629540K->27909K(644096K)] 664988K->63357K(2042368K), 0.0099968 secs] [Times: user=0.13 sys=0.00, real=0.01 secs] 
2020-09-29T17:46:28.735+0200: 39.498: [GC (Allocation Failure) [PSYoungGen: 617221K->42949K(642048K)] 652669K->78397K(2040320K), 0.0146946 secs] [Times: user=0.13 sys=0.00, real=0.02 secs] 
2020-09-29T17:46:28.800+0200: 39.563: [GC (Allocation Failure) [PSYoungGen: 631237K->42469K(630784K)] 666685K->77917K(2029056K), 0.0144298 secs] [Times: user=0.11 sys=0.00, real=0.02 secs] 
2020-09-29T17:46:28.865+0200: 39.629: [GC (Allocation Failure) [PSYoungGen: 630757K->42853K(641536K)] 666205K->78301K(2039808K), 0.0141153 secs] [Times: user=0.13 sys=0.00, real=0.02 secs] 
2020-09-29T17:46:28.930+0200: 39.693: [GC (Allocation Failure) [PSYoungGen: 628069K->40100K(642048K)] 663517K->75548K(2040320K), 0.0144597 secs] [Times: user=0.13 sys=0.00, real=0.01 secs] 
2020-09-29T17:46:28.995+0200: 39.758: [GC (Allocation Failure) [PSYoungGen: 625316K->51077K(635392K)] 660764K->86525K(2033664K), 0.0169052 secs] [Times: user=0.13 sys=0.00, real=0.02 secs] 
2020-09-29T17:46:29.061+0200: 39.825: [GC (Allocation Failure) [PSYoungGen: 630149K->42245K(638976K)] 665597K->77693K(2037248K), 0.0144521 secs] [Times: user=0.13 sys=0.00, real=0.01 secs] 
2020-09-29T17:46:29.126+0200: 39.889: [GC (Allocation Failure) [PSYoungGen: 621317K->47045K(637440K)] 656765K->82493K(2035712K), 0.0162171 secs] [Times: user=0.13 sys=0.00, real=0.02 secs] 
2020-09-29T17:46:29.191+0200: 39.955: [GC (Allocation Failure) [PSYoungGen: 625093K->36901K(638464K)] 660541K->72349K(2036736K), 0.0127275 secs] [Times: user=0.09 sys=0.02, real=0.01 secs] 
2020-09-29T17:46:29.254+0200: 40.017: [GC (Allocation Failure) [PSYoungGen: 614949K->40453K(641536K)] 650397K->75901K(2039808K), 0.0142971 secs] [Times: user=0.00 sys=0.00, real=0.01 secs] 
2020-09-29T17:46:29.318+0200: 40.081: [GC (Allocation Failure) [PSYoungGen: 623109K->20676K(640000K)] 658557K->56124K(2038272K), 0.0075756 secs] [Times: user=0.00 sys=0.00, real=0.01 secs] 
2020-09-29T17:46:29.386+0200: 40.150: [GC (Allocation Failure) [PSYoungGen: 603332K->29125K(641024K)] 638780K->64573K(2039296K), 0.0114614 secs] [Times: user=0.13 sys=0.00, real=0.01 secs] 
2020-09-29T17:46:29.452+0200: 40.215: [GC (Allocation Failure) [PSYoungGen: 611269K->37029K(640000K)] 646717K->72477K(2038272K), 0.0140370 secs] [Times: user=0.13 sys=0.00, real=0.01 secs] 
2020-09-29T17:46:29.518+0200: 40.282: [GC (Allocation Failure) [PSYoungGen: 619173K->31205K(643584K)] 654621K->66653K(2041856K), 0.0115495 secs] [Times: user=0.11 sys=0.00, real=0.01 secs] 
2020-09-29T17:46:29.582+0200: 40.346: [GC (Allocation Failure) [PSYoungGen: 618469K->29860K(642560K)] 653917K->65308K(2040832K), 0.0121766 secs] [Times: user=0.00 sys=0.00, real=0.01 secs] 
2020-09-29T17:46:29.646+0200: 40.410: [GC (Allocation Failure) [PSYoungGen: 617124K->24547K(644608K)] 652572K->59995K(2042880K), 0.0102725 secs] [Times: user=0.00 sys=0.00, real=0.01 secs] 
2020-09-29T17:46:29.708+0200: 40.472: [GC (Allocation Failure) [PSYoungGen: 614883K->54245K(644608K)] 650331K->89717K(2042880K), 0.0176040 secs] [Times: user=0.13 sys=0.00, real=0.02 secs] 
2020-09-29T17:46:29.776+0200: 40.540: [GC (Allocation Failure) [PSYoungGen: 644581K->40741K(635392K)] 680053K->76213K(2033664K), 0.0151917 secs] [Times: user=0.13 sys=0.00, real=0.02 secs] 
2020-09-29T17:46:29.843+0200: 40.607: [GC (Allocation Failure) [PSYoungGen: 621861K->33893K(640000K)] 657333K->69365K(2038272K), 0.0128068 secs] [Times: user=0.13 sys=0.00, real=0.01 secs] 
2020-09-29T17:46:29.907+0200: 40.670: [GC (Allocation Failure) [PSYoungGen: 615013K->40773K(642048K)] 650485K->76245K(2040320K), 0.0139899 secs] [Times: user=0.13 sys=0.00, real=0.01 secs] 
2020-09-29T17:46:29.972+0200: 40.736: [GC (Allocation Failure) [PSYoungGen: 625477K->22116K(641536K)] 660949K->57588K(2039808K), 0.0081932 secs] [Times: user=0.13 sys=0.00, real=0.01 secs] 
2020-09-29T17:46:30.030+0200: 40.794: [GC (Allocation Failure) [PSYoungGen: 606820K->46277K(637440K)] 642292K->81749K(2035712K), 0.0156762 secs] [Times: user=0.13 sys=0.00, real=0.02 secs] 
2020-09-29T17:46:30.096+0200: 40.860: [GC (Allocation Failure) [PSYoungGen: 626373K->38437K(639488K)] 661845K->73909K(2037760K), 0.0142332 secs] [Times: user=0.13 sys=0.00, real=0.01 secs] 
2020-09-29T17:46:30.161+0200: 40.925: [GC (Allocation Failure) [PSYoungGen: 618533K->29925K(642048K)] 654005K->65397K(2040320K), 0.0104323 secs] [Times: user=0.00 sys=0.00, real=0.01 secs] 
2020-09-29T17:46:30.222+0200: 40.985: [GC (Allocation Failure) [PSYoungGen: 614117K->25892K(641024K)] 649589K->61364K(2039296K), 0.0095521 secs] [Times: user=0.13 sys=0.00, real=0.01 secs] 
2020-09-29T17:46:30.281+0200: 41.045: [GC (Allocation Failure) [PSYoungGen: 610084K->35813K(644096K)] 645556K->71285K(2042368K), 0.0118685 secs] [Times: user=0.13 sys=0.00, real=0.01 secs] 
2020-09-29T17:46:30.344+0200: 41.107: [GC (Allocation Failure) [PSYoungGen: 623589K->21924K(642560K)] 659061K->57396K(2040832K), 0.0080629 secs] [Times: user=0.13 sys=0.00, real=0.01 secs] 
2020-09-29T17:46:30.403+0200: 41.167: [GC (Allocation Failure) [PSYoungGen: 609700K->20196K(643072K)] 645172K->55668K(2041344K), 0.0082094 secs] [Times: user=0.13 sys=0.00, real=0.01 secs] 
2020-09-29T17:46:30.462+0200: 41.226: [GC (Allocation Failure) [PSYoungGen: 608484K->32452K(643584K)] 643956K->67924K(2041856K), 0.0124182 secs] [Times: user=0.13 sys=0.00, real=0.01 secs] 
2020-09-29T17:46:30.525+0200: 41.289: [GC (Allocation Failure) [PSYoungGen: 620740K->32260K(648192K)] 656212K->67732K(2046464K), 0.0122460 secs] [Times: user=0.13 sys=0.00, real=0.01 secs] 
2020-09-29T17:46:30.589+0200: 41.353: [GC (Allocation Failure) [PSYoungGen: 627716K->25860K(646144K)] 663188K->61332K(2044416K), 0.0104088 secs] [Times: user=0.11 sys=0.00, real=0.01 secs] 
2020-09-29T17:46:30.653+0200: 41.417: [GC (Allocation Failure) [PSYoungGen: 621316K->50149K(631296K)] 656788K->96245K(2029568K), 0.0220730 secs] [Times: user=0.13 sys=0.00, real=0.02 secs] 
2020-09-29T17:46:30.726+0200: 41.490: [GC (Allocation Failure) [PSYoungGen: 631269K->39940K(640000K)] 677365K->86036K(2038272K), 0.0148237 secs] [Times: user=0.13 sys=0.00, real=0.01 secs] 
2020-09-29T17:46:30.791+0200: 41.554: [GC (Allocation Failure) [PSYoungGen: 621060K->46789K(636928K)] 667156K->92885K(2035200K), 0.0160056 secs] [Times: user=0.13 sys=0.00, real=0.02 secs] 
2020-09-29T17:46:30.856+0200: 41.620: [GC (Allocation Failure) [PSYoungGen: 624837K->36452K(638464K)] 670933K->82548K(2036736K), 0.0127194 secs] [Times: user=0.13 sys=0.00, real=0.01 secs] 
2020-09-29T17:46:30.918+0200: 41.682: [GC (Allocation Failure) [PSYoungGen: 614500K->53861K(632320K)] 660596K->99957K(2030592K), 0.0173026 secs] [Times: user=0.13 sys=0.00, real=0.02 secs] 
2020-09-29T17:46:30.985+0200: 41.749: [GC (Allocation Failure) [PSYoungGen: 627813K->24356K(636416K)] 673909K->70452K(2034688K), 0.0094910 secs] [Times: user=0.13 sys=0.00, real=0.01 secs] 
2020-09-29T17:46:31.044+0200: 41.808: [GC (Allocation Failure) [PSYoungGen: 598308K->51365K(630272K)] 644404K->97461K(2028544K), 0.0165452 secs] [Times: user=0.13 sys=0.00, real=0.02 secs] 
2020-09-29T17:46:31.109+0200: 41.873: [GC (Allocation Failure) [PSYoungGen: 619173K->31205K(633344K)] 665269K->77301K(2031616K), 0.0108623 secs] [Times: user=0.13 sys=0.00, real=0.02 secs] 
2020-09-29T17:46:31.179+0200: 41.942: [GC (Allocation Failure) [PSYoungGen: 599013K->38405K(637440K)] 645109K->84501K(2035712K), 0.0153376 secs] [Times: user=0.13 sys=0.00, real=0.02 secs] 
2020-09-29T17:46:31.253+0200: 42.015: [GC (Allocation Failure) [PSYoungGen: 611845K->23812K(634880K)] 657941K->69908K(2033152K), 0.0096617 secs] [Times: user=0.11 sys=0.00, real=0.01 secs] 
2020-09-29T17:46:31.314+0200: 42.077: [GC (Allocation Failure) [PSYoungGen: 597252K->36741K(639488K)] 643348K->82837K(2037760K), 0.0149197 secs] [Times: user=0.13 sys=0.00, real=0.02 secs] 
2020-09-29T17:46:31.381+0200: 42.144: [GC (Allocation Failure) [PSYoungGen: 614789K->40581K(637440K)] 660885K->86677K(2035712K), 0.0165364 secs] [Times: user=0.11 sys=0.00, real=0.02 secs] 
2020-09-29T17:46:31.451+0200: 42.214: [GC (Allocation Failure) [PSYoungGen: 618629K->29284K(641024K)] 664725K->75380K(2039296K), 0.0110438 secs] [Times: user=0.11 sys=0.00, real=0.01 secs] 
2020-09-29T17:46:31.513+0200: 42.276: [GC (Allocation Failure) [PSYoungGen: 611940K->22596K(640512K)] 658036K->68692K(2038784K), 0.0088264 secs] [Times: user=0.13 sys=0.00, real=0.01 secs] 
2020-09-29T17:46:31.573+0200: 42.336: [GC (Allocation Failure) [PSYoungGen: 605252K->28516K(642560K)] 651348K->74612K(2040832K), 0.0113648 secs] [Times: user=0.11 sys=0.00, real=0.01 secs] 
2020-09-29T17:46:31.638+0200: 42.400: [GC (Allocation Failure) [PSYoungGen: 613220K->38981K(641024K)] 659316K->85077K(2039296K), 0.0137210 secs] [Times: user=0.13 sys=0.00, real=0.01 secs] 
2020-09-29T17:46:31.702+0200: 42.464: [GC (Allocation Failure) [PSYoungGen: 623685K->49445K(636416K)] 669781K->95541K(2034688K), 0.0162391 secs] [Times: user=0.13 sys=0.00, real=0.02 secs] 
2020-09-29T17:46:31.768+0200: 42.531: [GC (Allocation Failure) [PSYoungGen: 629541K->40869K(639488K)] 675637K->86965K(2037760K), 0.0139997 secs] [Times: user=0.13 sys=0.00, real=0.01 secs] 
2020-09-29T17:46:31.832+0200: 42.595: [GC (Allocation Failure) [PSYoungGen: 620965K->46725K(636928K)] 667061K->92821K(2035200K), 0.0151266 secs] [Times: user=0.13 sys=0.00, real=0.01 secs] 
2020-09-29T17:46:31.897+0200: 42.659: [GC (Allocation Failure) [PSYoungGen: 624773K->23012K(601088K)] 670869K->69108K(1999360K), 0.0090753 secs] [Times: user=0.00 sys=0.00, real=0.01 secs] 
2020-09-29T17:46:31.955+0200: 42.718: [GC (Allocation Failure) [PSYoungGen: 601060K->40581K(638976K)] 647156K->86677K(2037248K), 0.0132801 secs] [Times: user=0.13 sys=0.00, real=0.01 secs] 
2020-09-29T17:46:32.018+0200: 42.781: [GC (Allocation Failure) [PSYoungGen: 618629K->44357K(637952K)] 664725K->90453K(2036224K), 0.0150753 secs] [Times: user=0.13 sys=0.00, real=0.02 secs] 
2020-09-29T17:46:32.084+0200: 42.847: [GC (Allocation Failure) [PSYoungGen: 622405K->33828K(640000K)] 668501K->79924K(2038272K), 0.0141809 secs] [Times: user=0.00 sys=0.00, real=0.01 secs] 
2020-09-29T17:46:32.156+0200: 42.918: [GC (Allocation Failure) [PSYoungGen: 613412K->38340K(638464K)] 659508K->84436K(2036736K), 0.0153244 secs] [Times: user=0.13 sys=0.00, real=0.02 secs] 
2020-09-29T17:46:32.224+0200: 42.987: [GC (Allocation Failure) [PSYoungGen: 617924K->27972K(642048K)] 664020K->74068K(2040320K), 0.0121999 secs] [Times: user=0.00 sys=0.00, real=0.01 secs] 
2020-09-29T17:46:32.287+0200: 43.050: [GC (Allocation Failure) [PSYoungGen: 612676K->52133K(636928K)] 658772K->98229K(2035200K), 0.0168582 secs] [Times: user=0.13 sys=0.00, real=0.02 secs] 
2020-09-29T17:46:32.355+0200: 43.118: [GC (Allocation Failure) [PSYoungGen: 636837K->21508K(637440K)] 682933K->67604K(2035712K), 0.0079814 secs] [Times: user=0.00 sys=0.00, real=0.01 secs] 
2020-09-29T17:46:32.412+0200: 43.175: [GC (Allocation Failure) [PSYoungGen: 598532K->37925K(637952K)] 644628K->84021K(2036224K), 0.0126138 secs] [Times: user=0.00 sys=0.00, real=0.01 secs] 
2020-09-29T17:46:32.478+0200: 43.241: [GC (Allocation Failure) [PSYoungGen: 614949K->40516K(640512K)] 661045K->86612K(2038784K), 0.0158375 secs] [Times: user=0.13 sys=0.00, real=0.02 secs] 
2020-09-29T17:46:32.543+0200: 43.306: [GC (Allocation Failure) [PSYoungGen: 621636K->33540K(639488K)] 667732K->79636K(2037760K), 0.0123488 secs] [Times: user=0.13 sys=0.00, real=0.01 secs] 
2020-09-29T17:46:32.607+0200: 43.370: [GC (Allocation Failure) [PSYoungGen: 614660K->25443K(642048K)] 660756K->71539K(2040320K), 0.0108477 secs] [Times: user=0.11 sys=0.00, real=0.01 secs] 
2020-09-29T17:46:32.669+0200: 43.432: [GC (Allocation Failure) [PSYoungGen: 610659K->36389K(642048K)] 656755K->82485K(2040320K), 0.0131089 secs] [Times: user=0.13 sys=0.00, real=0.01 secs] 
2020-09-29T17:46:32.733+0200: 43.496: [GC (Allocation Failure) [PSYoungGen: 621605K->47365K(639488K)] 667701K->93461K(2037760K), 0.0158441 secs] [Times: user=0.13 sys=0.00, real=0.02 secs] 
2020-09-29T17:46:32.800+0200: 43.563: [GC (Allocation Failure) [PSYoungGen: 631557K->29764K(641536K)] 677653K->75860K(2039808K), 0.0109856 secs] [Times: user=0.13 sys=0.00, real=0.01 secs] 
2020-09-29T17:46:32.863+0200: 43.626: [GC (Allocation Failure) [PSYoungGen: 613956K->53413K(633856K)] 660052K->99509K(2032128K), 0.0179306 secs] [Times: user=0.13 sys=0.00, real=0.02 secs] 
2020-09-29T17:46:32.931+0200: 43.694: [GC (Allocation Failure) [PSYoungGen: 630437K->42501K(637952K)] 676533K->88597K(2036224K), 0.0143402 secs] [Times: user=0.13 sys=0.00, real=0.01 secs] 
2020-09-29T17:46:32.996+0200: 43.759: [GC (Allocation Failure) [PSYoungGen: 619525K->31621K(639488K)] 665621K->77717K(2037760K), 0.0105708 secs] [Times: user=0.13 sys=0.00, real=0.01 secs] 
2020-09-29T17:46:33.056+0200: 43.819: [GC (Allocation Failure) [PSYoungGen: 610693K->36421K(638464K)] 656789K->82517K(2036736K), 0.0126112 secs] [Times: user=0.13 sys=0.00, real=0.01 secs] 
2020-09-29T17:46:33.120+0200: 43.883: [GC (Allocation Failure) [PSYoungGen: 615493K->40708K(642048K)] 661589K->86804K(2040320K), 0.0150498 secs] [Times: user=0.13 sys=0.00, real=0.02 secs] 
2020-09-29T17:46:33.185+0200: 43.948: [GC (Allocation Failure) [PSYoungGen: 625412K->37477K(641536K)] 671508K->83573K(2039808K), 0.0122783 secs] [Times: user=0.13 sys=0.00, real=0.01 secs] 
2020-09-29T17:46:33.249+0200: 44.012: [GC (Allocation Failure) [PSYoungGen: 622181K->48005K(640000K)] 668277K->94101K(2038272K), 0.0159633 secs] [Times: user=0.13 sys=0.00, real=0.02 secs] 
2020-09-29T17:46:33.314+0200: 44.077: [GC (Allocation Failure) [PSYoungGen: 633221K->29187K(642048K)] 679317K->75283K(2040320K), 0.0116453 secs] [Times: user=0.13 sys=0.00, real=0.01 secs] 
2020-09-29T17:46:33.376+0200: 44.139: [GC (Allocation Failure) [PSYoungGen: 614403K->26437K(642048K)] 660499K->72533K(2040320K), 0.0086848 secs] [Times: user=0.13 sys=0.00, real=0.01 secs] 
2020-09-29T17:46:33.435+0200: 44.198: [GC (Allocation Failure) [PSYoungGen: 611653K->37381K(642048K)] 657749K->83477K(2040320K), 0.0120987 secs] [Times: user=0.13 sys=0.00, real=0.01 secs] 
2020-09-29T17:46:33.497+0200: 44.260: [GC (Allocation Failure) [PSYoungGen: 622597K->46756K(640512K)] 668693K->92852K(2038784K), 0.0160620 secs] [Times: user=0.13 sys=0.00, real=0.02 secs] 
2020-09-29T17:46:33.565+0200: 44.328: [GC (Allocation Failure) [PSYoungGen: 631972K->44037K(629760K)] 678068K->90133K(2028032K), 0.0160468 secs] [Times: user=0.11 sys=0.00, real=0.02 secs] 
2020-09-29T17:46:33.636+0200: 44.399: [GC (Allocation Failure) [PSYoungGen: 629253K->41317K(642048K)] 675349K->87413K(2040320K), 0.0181813 secs] [Times: user=0.11 sys=0.00, real=0.02 secs] 
2020-09-29T17:46:33.708+0200: 44.471: [GC (Allocation Failure) [PSYoungGen: 626021K->23332K(641536K)] 672117K->69428K(2039808K), 0.0108445 secs] [Times: user=0.00 sys=0.00, real=0.01 secs] 
2020-09-29T17:46:33.771+0200: 44.534: [GC (Allocation Failure) [PSYoungGen: 608036K->47429K(637440K)] 654132K->93525K(2035712K), 0.0155483 secs] [Times: user=0.13 sys=0.00, real=0.02 secs] 
2020-09-29T17:46:33.838+0200: 44.601: [GC (Allocation Failure) [PSYoungGen: 627525K->25988K(639488K)] 673621K->72084K(2037760K), 0.0097418 secs] [Times: user=0.13 sys=0.00, real=0.01 secs] 
2020-09-29T17:46:33.900+0200: 44.663: [GC (Allocation Failure) [PSYoungGen: 606084K->2433K(632320K)] 652180K->48529K(2030592K), 0.0025571 secs] [Times: user=0.00 sys=0.00, real=0.00 secs] 
2020-09-29T17:46:33.952+0200: 44.715: [GC (Allocation Failure) [PSYoungGen: 575361K->28324K(635904K)] 621457K->74420K(2034176K), 0.0100434 secs] [Times: user=0.13 sys=0.00, real=0.01 secs] 
2020-09-29T17:46:34.017+0200: 44.780: [GC (Allocation Failure) [PSYoungGen: 601252K->54405K(627712K)] 647348K->100501K(2025984K), 0.0178522 secs] [Times: user=0.13 sys=0.00, real=0.02 secs] 
2020-09-29T17:46:34.084+0200: 44.847: [GC (Allocation Failure) [PSYoungGen: 621189K->46821K(613888K)] 667285K->92917K(2012160K), 0.0157968 secs] [Times: user=0.13 sys=0.00, real=0.02 secs] 
2020-09-29T17:46:34.149+0200: 44.912: [GC (Allocation Failure) [PSYoungGen: 613605K->24516K(632832K)] 659701K->70612K(2031104K), 0.0085773 secs] [Times: user=0.00 sys=0.00, real=0.01 secs] 
2020-09-29T17:46:34.205+0200: 44.968: [GC (Allocation Failure) [PSYoungGen: 590276K->13890K(631808K)] 636372K->59986K(2030080K), 0.0064755 secs] [Times: user=0.13 sys=0.00, real=0.01 secs] 
2020-09-29T17:46:34.260+0200: 45.023: [GC (Allocation Failure) [PSYoungGen: 579650K->46373K(628224K)] 625746K->92469K(2026496K), 0.0155542 secs] [Times: user=0.13 sys=0.00, real=0.02 secs] 
2020-09-29T17:46:34.324+0200: 45.087: [GC (Allocation Failure) [PSYoungGen: 608037K->47493K(609280K)] 654133K->93589K(2007552K), 0.0159365 secs] [Times: user=0.13 sys=0.00, real=0.02 secs] 
2020-09-29T17:46:34.388+0200: 45.151: [GC (Allocation Failure) [PSYoungGen: 609157K->48581K(626176K)] 655253K->94677K(2024448K), 0.0162217 secs] [Times: user=0.13 sys=0.00, real=0.02 secs] 
2020-09-29T17:46:34.452+0200: 45.215: [GC (Allocation Failure) [PSYoungGen: 605125K->44581K(627712K)] 651221K->90677K(2025984K), 0.0152986 secs] [Times: user=0.13 sys=0.00, real=0.02 secs] 
2020-09-29T17:46:34.515+0200: 45.278: [GC (Allocation Failure) [PSYoungGen: 601125K->25060K(629248K)] 647221K->71156K(2027520K), 0.0095246 secs] [Times: user=0.13 sys=0.00, real=0.01 secs] 
2020-09-29T17:46:34.573+0200: 45.336: [GC (Allocation Failure) [PSYoungGen: 583652K->36741K(628224K)] 629748K->82837K(2026496K), 0.0139224 secs] [Times: user=0.11 sys=0.00, real=0.01 secs] 
2020-09-29T17:46:34.638+0200: 45.401: [GC (Allocation Failure) [PSYoungGen: 595333K->34757K(635392K)] 641429K->80853K(2033664K), 0.0129798 secs] [Times: user=0.13 sys=0.00, real=0.01 secs] 
2020-09-29T17:46:34.699+0200: 45.462: [GC (Allocation Failure) [PSYoungGen: 603589K->43045K(632320K)] 649685K->89141K(2030592K), 0.0149686 secs] [Times: user=0.13 sys=0.00, real=0.02 secs] 
2020-09-29T17:46:34.763+0200: 45.526: [GC (Allocation Failure) [PSYoungGen: 611877K->36068K(637952K)] 657973K->82164K(2036224K), 0.0129463 secs] [Times: user=0.13 sys=0.00, real=0.01 secs] 
2020-09-29T17:46:34.825+0200: 45.588: [GC (Allocation Failure) [PSYoungGen: 610532K->34915K(635392K)] 656628K->81011K(2033664K), 0.0135239 secs] [Times: user=0.11 sys=0.00, real=0.01 secs] 
2020-09-29T17:46:34.889+0200: 45.652: [GC (Allocation Failure) [PSYoungGen: 609379K->46948K(636928K)] 655475K->93044K(2035200K), 0.0164232 secs] [Times: user=0.13 sys=0.00, real=0.02 secs] 
2020-09-29T17:46:34.954+0200: 45.717: [GC (Allocation Failure) [PSYoungGen: 624996K->37093K(638464K)] 671092K->83189K(2036736K), 0.0121534 secs] [Times: user=0.13 sys=0.00, real=0.01 secs] 
2020-09-29T17:46:35.016+0200: 45.779: [GC (Allocation Failure) [PSYoungGen: 615141K->40837K(641536K)] 661237K->86933K(2039808K), 0.0140906 secs] [Times: user=0.13 sys=0.00, real=0.01 secs] 
2020-09-29T17:46:35.080+0200: 45.843: [GC (Allocation Failure) [PSYoungGen: 624005K->49829K(633344K)] 670101K->95925K(2031616K), 0.0164761 secs] [Times: user=0.13 sys=0.00, real=0.02 secs] 
2020-09-29T17:46:35.146+0200: 45.909: [GC (Allocation Failure) [PSYoungGen: 632997K->28708K(638976K)] 679093K->74804K(2037248K), 0.0107050 secs] [Times: user=0.00 sys=0.00, real=0.01 secs] 
2020-09-29T17:46:35.207+0200: 45.970: [GC (Allocation Failure) [PSYoungGen: 607780K->33605K(638976K)] 653876K->79701K(2037248K), 0.0120379 secs] [Times: user=0.13 sys=0.00, real=0.01 secs] 
2020-09-29T17:46:35.269+0200: 46.032: [GC (Allocation Failure) [PSYoungGen: 612677K->52069K(634368K)] 658773K->98165K(2032640K), 0.0173156 secs] [Times: user=0.17 sys=0.00, real=0.02 secs] 
2020-09-29T17:46:35.335+0200: 46.098: [GC (Allocation Failure) [PSYoungGen: 628069K->21924K(598016K)] 674165K->68020K(1996288K), 0.0080902 secs] [Times: user=0.00 sys=0.00, real=0.01 secs] 
2020-09-29T17:46:35.393+0200: 46.156: [GC (Allocation Failure) [PSYoungGen: 597924K->37349K(638976K)] 644020K->83445K(2037248K), 0.0132354 secs] [Times: user=0.13 sys=0.00, real=0.01 secs] 
2020-09-29T17:46:35.455+0200: 46.218: [GC (Allocation Failure) [PSYoungGen: 613861K->39557K(636416K)] 659957K->85653K(2034688K), 0.0136732 secs] [Times: user=0.13 sys=0.00, real=0.01 secs] 
2020-09-29T17:46:35.519+0200: 46.282: [GC (Allocation Failure) [PSYoungGen: 616069K->41701K(641024K)] 662165K->87797K(2039296K), 0.0145554 secs] [Times: user=0.13 sys=0.00, real=0.01 secs] 
2020-09-29T17:46:35.584+0200: 46.347: [GC (Allocation Failure) [PSYoungGen: 624357K->50181K(633344K)] 670453K->96277K(2031616K), 0.0180051 secs] [Times: user=0.11 sys=0.00, real=0.02 secs] 
2020-09-29T17:46:35.653+0200: 46.416: [GC (Allocation Failure) [PSYoungGen: 632837K->17284K(635392K)] 678933K->63380K(2033664K), 0.0063377 secs] [Times: user=0.00 sys=0.00, real=0.01 secs] 
2020-09-29T17:46:35.714+0200: 46.477: [GC (Allocation Failure) [PSYoungGen: 592260K->45381K(620544K)] 638356K->91477K(2018816K), 0.0155831 secs] [Times: user=0.13 sys=0.00, real=0.02 secs] 
2020-09-29T17:46:35.779+0200: 46.542: [GC (Allocation Failure) [PSYoungGen: 620357K->32004K(637440K)] 666453K->78100K(2035712K), 0.0120494 secs] [Times: user=0.13 sys=0.00, real=0.01 secs] 
2020-09-29T17:46:35.843+0200: 46.606: [GC (Allocation Failure) [PSYoungGen: 606980K->31620K(636416K)] 653076K->77716K(2034688K), 0.0113824 secs] [Times: user=0.13 sys=0.00, real=0.01 secs] 
2020-09-29T17:46:35.904+0200: 46.667: [GC (Allocation Failure) [PSYoungGen: 606596K->30565K(640512K)] 652692K->76661K(2038784K), 0.0112288 secs] [Times: user=0.13 sys=0.00, real=0.01 secs] 
2020-09-29T17:46:35.966+0200: 46.729: [GC (Allocation Failure) [PSYoungGen: 611173K->36965K(638976K)] 657269K->83061K(2037248K), 0.0129601 secs] [Times: user=0.13 sys=0.00, real=0.01 secs] 
2020-09-29T17:46:36.028+0200: 46.791: [GC (Allocation Failure) [PSYoungGen: 617573K->43301K(641024K)] 663669K->89397K(2039296K), 0.0148485 secs] [Times: user=0.13 sys=0.00, real=0.01 secs] 
2020-09-29T17:46:36.092+0200: 46.855: [GC (Allocation Failure) [PSYoungGen: 627493K->38149K(641536K)] 673589K->84245K(2039808K), 0.0128767 secs] [Times: user=0.13 sys=0.00, real=0.01 secs] 
2020-09-29T17:46:36.156+0200: 46.919: [GC (Allocation Failure) [PSYoungGen: 622341K->48101K(638976K)] 668437K->94197K(2037248K), 0.0162274 secs] [Times: user=0.13 sys=0.00, real=0.02 secs] 
2020-09-29T17:46:36.221+0200: 46.984: [GC (Allocation Failure) [PSYoungGen: 631269K->42340K(641024K)] 677365K->88436K(2039296K), 0.0151112 secs] [Times: user=0.13 sys=0.00, real=0.02 secs] 
2020-09-29T17:46:36.288+0200: 47.051: [GC (Allocation Failure) [PSYoungGen: 625508K->37605K(643072K)] 671604K->83701K(2041344K), 0.0130147 secs] [Times: user=0.13 sys=0.00, real=0.01 secs] 
2020-09-29T17:46:36.351+0200: 47.114: [GC (Allocation Failure) [PSYoungGen: 623333K->49125K(634880K)] 669429K->95221K(2033152K), 0.0164948 secs] [Times: user=0.13 sys=0.00, real=0.02 secs] 
2020-09-29T17:46:36.418+0200: 47.181: [GC (Allocation Failure) [PSYoungGen: 634853K->33221K(641536K)] 680949K->79317K(2039808K), 0.0122555 secs] [Times: user=0.11 sys=0.00, real=0.01 secs] 
2020-09-29T17:46:36.480+0200: 47.243: [GC (Allocation Failure) [PSYoungGen: 616901K->42564K(641024K)] 662997K->88660K(2039296K), 0.0151260 secs] [Times: user=0.13 sys=0.00, real=0.01 secs] 
2020-09-29T17:46:36.545+0200: 47.308: [GC (Allocation Failure) [PSYoungGen: 626244K->52005K(635904K)] 672340K->98101K(2034176K), 0.0172740 secs] [Times: user=0.13 sys=0.00, real=0.02 secs] 
2020-09-29T17:46:36.614+0200: 47.377: [GC (Allocation Failure) [PSYoungGen: 631077K->56901K(636416K)] 677173K->102997K(2034688K), 0.0201326 secs] [Times: user=0.13 sys=0.00, real=0.02 secs] 
2020-09-29T17:46:36.684+0200: 47.447: [GC (Allocation Failure) [PSYoungGen: 635973K->32837K(634368K)] 682069K->78933K(2032640K), 0.0114405 secs] [Times: user=0.13 sys=0.00, real=0.01 secs] 
2020-09-29T17:46:36.746+0200: 47.509: [GC (Allocation Failure) [PSYoungGen: 604741K->12898K(585216K)] 650837K->58994K(1983488K), 0.0062457 secs] [Times: user=0.00 sys=0.00, real=0.01 secs] 
2020-09-29T17:46:36.801+0200: 47.564: [GC (Allocation Failure) [PSYoungGen: 584802K->36100K(635392K)] 630898K->82196K(2033664K), 0.0130070 secs] [Times: user=0.00 sys=0.00, real=0.01 secs] 
2020-09-29T17:46:36.863+0200: 47.626: [GC (Allocation Failure) [PSYoungGen: 605444K->30500K(632832K)] 651540K->76596K(2031104K), 0.0110889 secs] [Times: user=0.13 sys=0.00, real=0.01 secs] 
2020-09-29T17:46:36.923+0200: 47.686: [GC (Allocation Failure) [PSYoungGen: 599844K->25540K(636928K)] 645940K->71636K(2035200K), 0.0109468 secs] [Times: user=0.11 sys=0.00, real=0.01 secs] 
2020-09-29T17:46:36.984+0200: 47.747: [GC (Allocation Failure) [PSYoungGen: 600004K->6115K(580608K)] 646100K->52211K(1978880K), 0.0027037 secs] [Times: user=0.00 sys=0.00, real=0.00 secs] 
2020-09-29T17:46:37.035+0200: 47.798: [GC (Allocation Failure) [PSYoungGen: 580579K->47301K(630272K)] 626675K->93397K(2028544K), 0.0159640 secs] [Times: user=0.25 sys=0.00, real=0.02 secs] 
2020-09-29T17:46:37.099+0200: 47.862: [GC (Allocation Failure) [PSYoungGen: 613061K->52485K(618496K)] 659157K->98581K(2016768K), 0.0174058 secs] [Times: user=0.13 sys=0.00, real=0.02 secs] 
2020-09-29T17:46:37.165+0200: 47.928: [GC (Allocation Failure) [PSYoungGen: 618245K->27267K(630784K)] 664341K->73363K(2029056K), 0.0106060 secs] [Times: user=0.00 sys=0.00, real=0.01 secs] 
2020-09-29T17:46:37.224+0200: 47.987: [GC (Allocation Failure) [PSYoungGen: 587907K->26723K(628736K)] 634003K->72819K(2027008K), 0.0104316 secs] [Times: user=0.00 sys=0.00, real=0.01 secs] 
2020-09-29T17:46:37.282+0200: 48.045: [GC (Allocation Failure) [PSYoungGen: 587363K->24613K(633856K)] 633459K->70709K(2032128K), 0.0086537 secs] [Times: user=0.13 sys=0.00, real=0.01 secs] 
2020-09-29T17:46:37.339+0200: 48.102: [GC (Allocation Failure) [PSYoungGen: 591909K->29701K(632320K)] 638005K->75797K(2030592K), 0.0105751 secs] [Times: user=0.13 sys=0.00, real=0.01 secs] 
2020-09-29T17:46:37.398+0200: 48.162: [GC (Allocation Failure) [PSYoungGen: 596997K->50085K(629248K)] 643093K->96181K(2027520K), 0.0165211 secs] [Times: user=0.13 sys=0.00, real=0.02 secs] 
2020-09-29T17:46:37.463+0200: 48.227: [GC (Allocation Failure) [PSYoungGen: 616869K->42500K(632832K)] 662965K->88596K(2031104K), 0.0150530 secs] [Times: user=0.13 sys=0.00, real=0.02 secs] 
2020-09-29T17:46:37.527+0200: 48.291: [GC (Allocation Failure) [PSYoungGen: 609284K->32900K(635904K)] 655380K->78996K(2034176K), 0.0115902 secs] [Times: user=0.13 sys=0.00, real=0.01 secs] 
2020-09-29T17:46:37.589+0200: 48.352: [GC (Allocation Failure) [PSYoungGen: 603268K->41189K(633344K)] 649364K->87285K(2031616K), 0.0149839 secs] [Times: user=0.11 sys=0.00, real=0.02 secs] 
2020-09-29T17:46:37.655+0200: 48.418: [GC (Allocation Failure) [PSYoungGen: 611557K->22436K(636416K)] 657653K->68532K(2034688K), 0.0086900 secs] [Times: user=0.13 sys=0.00, real=0.01 secs] 
2020-09-29T17:46:37.713+0200: 48.476: [GC (Allocation Failure) [PSYoungGen: 596388K->35781K(636416K)] 642484K->81877K(2034688K), 0.0126185 secs] [Times: user=0.13 sys=0.00, real=0.01 secs] 
2020-09-29T17:46:37.775+0200: 48.538: [GC (Allocation Failure) [PSYoungGen: 609733K->35461K(641024K)] 655829K->81557K(2039296K), 0.0123784 secs] [Times: user=0.13 sys=0.00, real=0.01 secs] 
2020-09-29T17:46:37.843+0200: 48.606: [GC (Allocation Failure) [PSYoungGen: 616581K->42373K(638976K)] 662677K->88469K(2037248K), 0.0150908 secs] [Times: user=0.11 sys=0.00, real=0.02 secs] 
2020-09-29T17:46:37.909+0200: 48.672: [GC (Allocation Failure) [PSYoungGen: 623493K->35589K(643072K)] 669589K->81685K(2041344K), 0.0120110 secs] [Times: user=0.13 sys=0.00, real=0.01 secs] 
2020-09-29T17:46:37.972+0200: 48.736: [GC (Allocation Failure) [PSYoungGen: 620293K->18628K(640512K)] 666389K->64724K(2038784K), 0.0080264 secs] [Times: user=0.00 sys=0.00, real=0.01 secs] 
2020-09-29T17:46:38.034+0200: 48.797: [GC (Allocation Failure) [PSYoungGen: 603332K->27844K(643072K)] 649428K->73940K(2041344K), 0.0108438 secs] [Times: user=0.13 sys=0.00, real=0.01 secs] 
2020-09-29T17:46:38.096+0200: 48.859: [GC (Allocation Failure) [PSYoungGen: 614084K->38916K(642048K)] 660180K->85012K(2040320K), 0.0139097 secs] [Times: user=0.13 sys=0.00, real=0.01 secs] 
2020-09-29T17:46:38.160+0200: 48.923: [GC (Allocation Failure) [PSYoungGen: 625156K->50949K(634368K)] 671252K->97045K(2032640K), 0.0169144 secs] [Times: user=0.25 sys=0.00, real=0.02 secs] 
2020-09-29T17:46:38.227+0200: 48.990: [GC (Allocation Failure) [PSYoungGen: 630021K->40677K(638976K)] 676117K->86773K(2037248K), 0.0139896 secs] [Times: user=0.13 sys=0.00, real=0.01 secs] 
2020-09-29T17:46:38.290+0200: 49.053: [GC (Allocation Failure) [PSYoungGen: 619749K->14467K(637440K)] 665845K->60563K(2035712K), 0.0062191 secs] [Times: user=0.00 sys=0.00, real=0.01 secs] 
2020-09-29T17:46:38.346+0200: 49.110: [GC (Allocation Failure) [PSYoungGen: 592515K->45637K(624128K)] 638611K->91733K(2022400K), 0.0163940 secs] [Times: user=0.09 sys=0.00, real=0.02 secs] 
2020-09-29T17:46:38.415+0200: 49.178: [GC (Allocation Failure) [PSYoungGen: 623685K->35685K(638976K)] 669781K->81781K(2037248K), 0.0139647 secs] [Times: user=0.13 sys=0.00, real=0.01 secs] 
2020-09-29T17:46:38.481+0200: 49.245: [GC (Allocation Failure) [PSYoungGen: 612197K->23140K(636416K)] 658293K->69236K(2034688K), 0.0097600 secs] [Times: user=0.13 sys=0.00, real=0.01 secs] 
2020-09-29T17:46:38.546+0200: 49.310: [GC (Allocation Failure) [PSYoungGen: 599652K->39077K(640000K)] 645748K->85173K(2038272K), 0.0138001 secs] [Times: user=0.13 sys=0.00, real=0.01 secs] 
2020-09-29T17:46:38.612+0200: 49.375: [GC (Allocation Failure) [PSYoungGen: 619685K->45445K(626176K)] 665781K->91541K(2024448K), 0.0182220 secs] [Times: user=0.22 sys=0.00, real=0.02 secs] 
2020-09-29T17:46:38.681+0200: 49.444: [GC (Allocation Failure) [PSYoungGen: 626053K->36836K(640512K)] 672149K->82932K(2038784K), 0.0131729 secs] [Times: user=0.13 sys=0.00, real=0.01 secs] 
2020-09-29T17:46:38.743+0200: 49.507: [GC (Allocation Failure) [PSYoungGen: 616932K->14596K(638464K)] 663028K->60692K(2036736K), 0.0056456 secs] [Times: user=0.00 sys=0.00, real=0.01 secs] 
2020-09-29T17:46:38.799+0200: 49.562: [GC (Allocation Failure) [PSYoungGen: 594692K->47845K(633856K)] 640788K->93941K(2032128K), 0.0156114 secs] [Times: user=0.13 sys=0.00, real=0.01 secs] 
2020-09-29T17:46:38.864+0200: 49.627: [GC (Allocation Failure) [PSYoungGen: 621797K->33893K(636416K)] 667893K->79989K(2034688K), 0.0119863 secs] [Times: user=0.00 sys=0.00, real=0.01 secs] 
2020-09-29T17:46:38.925+0200: 49.688: [GC (Allocation Failure) [PSYoungGen: 607845K->19684K(638976K)] 653941K->65780K(2037248K), 0.0072362 secs] [Times: user=0.13 sys=0.00, real=0.01 secs] 
2020-09-29T17:46:38.984+0200: 49.747: [GC (Allocation Failure) [PSYoungGen: 598756K->38245K(638976K)] 644852K->84341K(2037248K), 0.0155659 secs] [Times: user=0.11 sys=0.00, real=0.02 secs] 
2020-09-29T17:46:39.048+0200: 49.811: [GC (Allocation Failure) [PSYoungGen: 617317K->29317K(641536K)] 663413K->75413K(2039808K), 0.0099190 secs] [Times: user=0.13 sys=0.00, real=0.01 secs] 
2020-09-29T17:46:39.107+0200: 49.871: [GC (Allocation Failure) [PSYoungGen: 611461K->23557K(639488K)] 657557K->69653K(2037760K), 0.0075507 secs] [Times: user=0.13 sys=0.00, real=0.01 secs] 
2020-09-29T17:46:39.169+0200: 49.933: [GC (Allocation Failure) [PSYoungGen: 605701K->30308K(644096K)] 651797K->76404K(2042368K), 0.0113163 secs] [Times: user=0.13 sys=0.00, real=0.01 secs] 
2020-09-29T17:46:39.232+0200: 49.995: [GC (Allocation Failure) [PSYoungGen: 617572K->43269K(642048K)] 663668K->89365K(2040320K), 0.0145092 secs] [Times: user=0.13 sys=0.00, real=0.01 secs] 
2020-09-29T17:46:39.297+0200: 50.060: [GC (Allocation Failure) [PSYoungGen: 630533K->42629K(640000K)] 676629K->88725K(2038272K), 0.0176042 secs] [Times: user=0.13 sys=0.00, real=0.02 secs] 
2020-09-29T17:46:39.364+0200: 50.127: [GC (Allocation Failure) [PSYoungGen: 625797K->37829K(641024K)] 671893K->83925K(2039296K), 0.0131952 secs] [Times: user=0.00 sys=0.00, real=0.01 secs] 
2020-09-29T17:46:39.427+0200: 50.190: [GC (Allocation Failure) [PSYoungGen: 620997K->33029K(644096K)] 667093K->79125K(2042368K), 0.0108803 secs] [Times: user=0.00 sys=0.00, real=0.01 secs] 
2020-09-29T17:46:39.489+0200: 50.252: [GC (Allocation Failure) [PSYoungGen: 620293K->44229K(642048K)] 666389K->90325K(2040320K), 0.0151156 secs] [Times: user=0.13 sys=0.00, real=0.01 secs] 
2020-09-29T17:46:39.554+0200: 50.317: [GC (Allocation Failure) [PSYoungGen: 631493K->15395K(639488K)] 677589K->61491K(2037760K), 0.0063161 secs] [Times: user=0.00 sys=0.00, real=0.01 secs] 
2020-09-29T17:46:39.612+0200: 50.375: [GC (Allocation Failure) [PSYoungGen: 598563K->23780K(641024K)] 644659K->69876K(2039296K), 0.0099992 secs] [Times: user=0.11 sys=0.00, real=0.01 secs] 
2020-09-29T17:46:39.673+0200: 50.436: [GC (Allocation Failure) [PSYoungGen: 606948K->31523K(644096K)] 653044K->77619K(2042368K), 0.0122571 secs] [Times: user=0.13 sys=0.00, real=0.01 secs] 
2020-09-29T17:46:39.735+0200: 50.499: [GC (Allocation Failure) [PSYoungGen: 618787K->30853K(642048K)] 664883K->76949K(2040320K), 0.0107582 secs] [Times: user=0.13 sys=0.00, real=0.01 secs] 
2020-09-29T17:46:39.797+0200: 50.560: [GC (Allocation Failure) [PSYoungGen: 618117K->30149K(647680K)] 664213K->76245K(2045952K), 0.0105952 secs] [Times: user=0.13 sys=0.00, real=0.01 secs] 
2020-09-29T17:46:39.859+0200: 50.622: [GC (Allocation Failure) [PSYoungGen: 625093K->23493K(646144K)] 671189K->69589K(2044416K), 0.0077410 secs] [Times: user=0.13 sys=0.00, real=0.01 secs] 
2020-09-29T17:46:39.917+0200: 50.680: [GC (Allocation Failure) [PSYoungGen: 618437K->30565K(650240K)] 664533K->76661K(2048512K), 0.0102341 secs] [Times: user=0.13 sys=0.00, real=0.01 secs] 
2020-09-29T17:46:39.979+0200: 50.742: [GC (Allocation Failure) [PSYoungGen: 630117K->26564K(648192K)] 676213K->72660K(2046464K), 0.0101186 secs] [Times: user=0.02 sys=0.00, real=0.01 secs] 
2020-09-29T17:46:40.041+0200: 50.804: [GC (Allocation Failure) [PSYoungGen: 626116K->22820K(651264K)] 672212K->68916K(2049536K), 0.0088914 secs] [Times: user=0.00 sys=0.00, real=0.01 secs] 
2020-09-29T17:46:40.101+0200: 50.865: [GC (Allocation Failure) [PSYoungGen: 626468K->38341K(642048K)] 672564K->84437K(2040320K), 0.0133352 secs] [Times: user=0.13 sys=0.00, real=0.01 secs] 
2020-09-29T17:46:40.167+0200: 50.930: [GC (Allocation Failure) [PSYoungGen: 641989K->40293K(646144K)] 688085K->86389K(2044416K), 0.0136865 secs] [Times: user=0.13 sys=0.00, real=0.01 secs] 
2020-09-29T17:46:40.232+0200: 50.996: [GC (Allocation Failure) [PSYoungGen: 637797K->35012K(648192K)] 683893K->81108K(2046464K), 0.0121555 secs] [Times: user=0.13 sys=0.00, real=0.01 secs] 
2020-09-29T17:46:40.296+0200: 51.059: [GC (Allocation Failure) [PSYoungGen: 632516K->50149K(633344K)] 678612K->104373K(2031616K), 0.0204424 secs] [Times: user=0.13 sys=0.00, real=0.02 secs] 
2020-09-29T17:46:40.367+0200: 51.130: [GC (Allocation Failure) [PSYoungGen: 633317K->26277K(641024K)] 687541K->80501K(2039296K), 0.0086662 secs] [Times: user=0.00 sys=0.00, real=0.01 secs] 
2020-09-29T17:46:40.426+0200: 51.190: [GC (Allocation Failure) [PSYoungGen: 609445K->34308K(644096K)] 663669K->88532K(2042368K), 0.0124032 secs] [Times: user=0.00 sys=0.00, real=0.01 secs] 
2020-09-29T17:46:40.490+0200: 51.254: [GC (Allocation Failure) [PSYoungGen: 621572K->33283K(642048K)] 675796K->87507K(2040320K), 0.0126513 secs] [Times: user=0.00 sys=0.00, real=0.01 secs] 
2020-09-29T17:46:40.553+0200: 51.316: [GC (Allocation Failure) [PSYoungGen: 620547K->32677K(647680K)] 674771K->86901K(2045952K), 0.0118709 secs] [Times: user=0.00 sys=0.00, real=0.01 secs] 
2020-09-29T17:46:40.619+0200: 51.382: [GC (Allocation Failure) [PSYoungGen: 627621K->26053K(646144K)] 681845K->80277K(2044416K), 0.0090913 secs] [Times: user=0.00 sys=0.00, real=0.01 secs] 
2020-09-29T17:46:40.679+0200: 51.443: [GC (Allocation Failure) [PSYoungGen: 620997K->46628K(641024K)] 675221K->100852K(2039296K), 0.0163769 secs] [Times: user=0.13 sys=0.00, real=0.02 secs] 
2020-09-29T17:46:40.746+0200: 51.510: [GC (Allocation Failure) [PSYoungGen: 636964K->21701K(644608K)] 691188K->75925K(2042880K), 0.0074094 secs] [Times: user=0.00 sys=0.00, real=0.01 secs] 
2020-09-29T17:46:40.804+0200: 51.568: [GC (Allocation Failure) [PSYoungGen: 612037K->36036K(645632K)] 666261K->90260K(2043904K), 0.0137368 secs] [Times: user=0.13 sys=0.00, real=0.01 secs] 
2020-09-29T17:46:40.868+0200: 51.632: [GC (Allocation Failure) [PSYoungGen: 627396K->22211K(644608K)] 681620K->76435K(2042880K), 0.0091491 secs] [Times: user=0.00 sys=0.00, real=0.01 secs] 
2020-09-29T17:46:40.929+0200: 51.693: [GC (Allocation Failure) [PSYoungGen: 613571K->10468K(642560K)] 667795K->64692K(2040832K), 0.0040545 secs] [Times: user=0.00 sys=0.00, real=0.00 secs] 
2020-09-29T17:46:40.984+0200: 51.747: [GC (Allocation Failure) [PSYoungGen: 599780K->37732K(627200K)] 654004K->91956K(2025472K), 0.0136493 secs] [Times: user=0.13 sys=0.00, real=0.01 secs] 
2020-09-29T17:46:41.049+0200: 51.813: [GC (Allocation Failure) [PSYoungGen: 627044K->36549K(644096K)] 681268K->90773K(2042368K), 0.0141331 secs] [Times: user=0.11 sys=0.00, real=0.01 secs] 
2020-09-29T17:46:41.115+0200: 51.879: [GC (Allocation Failure) [PSYoungGen: 625349K->37253K(643584K)] 679573K->91477K(2041856K), 0.0129937 secs] [Times: user=0.00 sys=0.00, real=0.01 secs] 
2020-09-29T17:46:41.179+0200: 51.943: [GC (Allocation Failure) [PSYoungGen: 626053K->38181K(644096K)] 680277K->92405K(2042368K), 0.0131131 secs] [Times: user=0.13 sys=0.00, real=0.01 secs] 
2020-09-29T17:46:41.243+0200: 52.007: [GC (Allocation Failure) [PSYoungGen: 627493K->23428K(644096K)] 681717K->77652K(2042368K), 0.0094449 secs] [Times: user=0.00 sys=0.00, real=0.01 secs] 
2020-09-29T17:46:41.303+0200: 52.067: [GC (Allocation Failure) [PSYoungGen: 612740K->24132K(645632K)] 666964K->78356K(2043904K), 0.0082947 secs] [Times: user=0.00 sys=0.00, real=0.01 secs] 
2020-09-29T17:46:41.368+0200: 52.132: [GC (Allocation Failure) [PSYoungGen: 615492K->39365K(644608K)] 669716K->93589K(2042880K), 0.0137155 secs] [Times: user=0.13 sys=0.00, real=0.01 secs] 
2020-09-29T17:46:41.432+0200: 52.196: [GC (Allocation Failure) [PSYoungGen: 630725K->41316K(642560K)] 684949K->95540K(2040832K), 0.0144379 secs] [Times: user=0.13 sys=0.00, real=0.02 secs] 
2020-09-29T17:46:41.499+0200: 52.262: [GC (Allocation Failure) [PSYoungGen: 629604K->40228K(628736K)] 683828K->94452K(2027008K), 0.0143480 secs] [Times: user=0.13 sys=0.00, real=0.01 secs] 
2020-09-29T17:46:41.563+0200: 52.327: [GC (Allocation Failure) [PSYoungGen: 628516K->24739K(643584K)] 682740K->78963K(2041856K), 0.0095818 secs] [Times: user=0.13 sys=0.00, real=0.01 secs] 
2020-09-29T17:46:41.625+0200: 52.388: [GC (Allocation Failure) [PSYoungGen: 612515K->38245K(643072K)] 666739K->92469K(2041344K), 0.0147254 secs] [Times: user=0.11 sys=0.00, real=0.02 secs] 
2020-09-29T17:46:41.690+0200: 52.454: [GC (Allocation Failure) [PSYoungGen: 626021K->35236K(645120K)] 680245K->89460K(2043392K), 0.0128559 secs] [Times: user=0.13 sys=0.00, real=0.01 secs] 
2020-09-29T17:46:41.754+0200: 52.518: [GC (Allocation Failure) [PSYoungGen: 625060K->37125K(643584K)] 679284K->91349K(2041856K), 0.0132758 secs] [Times: user=0.00 sys=0.00, real=0.01 secs] 
2020-09-29T17:46:41.819+0200: 52.582: [GC (Allocation Failure) [PSYoungGen: 626949K->38692K(645632K)] 681173K->92916K(2043904K), 0.0137175 secs] [Times: user=0.13 sys=0.00, real=0.01 secs] 
2020-09-29T17:46:41.883+0200: 52.647: [GC (Allocation Failure) [PSYoungGen: 631076K->29445K(645632K)] 685300K->83669K(2043904K), 0.0110390 secs] [Times: user=0.00 sys=0.00, real=0.01 secs] 
2020-09-29T17:46:41.946+0200: 52.709: [GC (Allocation Failure) [PSYoungGen: 621829K->33636K(648704K)] 676053K->87860K(2046976K), 0.0121147 secs] [Times: user=0.13 sys=0.00, real=0.01 secs] 
2020-09-29T17:46:42.009+0200: 52.772: [GC (Allocation Failure) [PSYoungGen: 630116K->26052K(646656K)] 684340K->80276K(2044928K), 0.0102169 secs] [Times: user=0.00 sys=0.00, real=0.01 secs] 
2020-09-29T17:46:42.070+0200: 52.833: [GC (Allocation Failure) [PSYoungGen: 622532K->20035K(648192K)] 676756K->74259K(2046464K), 0.0088329 secs] [Times: user=0.00 sys=0.00, real=0.01 secs] 
2020-09-29T17:46:42.131+0200: 52.895: [GC (Allocation Failure) [PSYoungGen: 618563K->30693K(648704K)] 672787K->84917K(2046976K), 0.0101737 secs] [Times: user=0.00 sys=0.00, real=0.01 secs] 
2020-09-29T17:46:42.194+0200: 52.957: [GC (Allocation Failure) [PSYoungGen: 629221K->40388K(647168K)] 683445K->94612K(2045440K), 0.0144242 secs] [Times: user=0.13 sys=0.00, real=0.02 secs] 
2020-09-29T17:46:42.260+0200: 53.023: [GC (Allocation Failure) [PSYoungGen: 638916K->19523K(618496K)] 693140K->73747K(2016768K), 0.0085750 secs] [Times: user=0.00 sys=0.00, real=0.01 secs] 
2020-09-29T17:46:42.319+0200: 53.082: [GC (Allocation Failure) [PSYoungGen: 618051K->50661K(632832K)] 672275K->111693K(2031104K), 0.0202971 secs] [Times: user=0.13 sys=0.00, real=0.02 secs] 
2020-09-29T17:46:42.390+0200: 53.153: [GC (Allocation Failure) [PSYoungGen: 632805K->51845K(634368K)] 693837K->112877K(2032640K), 0.0169867 secs] [Times: user=0.13 sys=0.00, real=0.02 secs] 
2020-09-29T17:46:42.456+0200: 53.220: [GC (Allocation Failure) [PSYoungGen: 633989K->32100K(637952K)] 695021K->93132K(2036224K), 0.0115244 secs] [Times: user=0.13 sys=0.00, real=0.01 secs] 
2020-09-29T17:46:42.518+0200: 53.281: [GC (Allocation Failure) [PSYoungGen: 607076K->32740K(635904K)] 668108K->93772K(2034176K), 0.0114709 secs] [Times: user=0.13 sys=0.00, real=0.01 secs] 
2020-09-29T17:46:42.581+0200: 53.344: [GC (Allocation Failure) [PSYoungGen: 607716K->33380K(642560K)] 668748K->94412K(2040832K), 0.0127601 secs] [Times: user=0.11 sys=0.00, real=0.01 secs] 
2020-09-29T17:46:42.645+0200: 53.409: [GC (Allocation Failure) [PSYoungGen: 617572K->43365K(640512K)] 678604K->104397K(2038784K), 0.0147588 secs] [Times: user=0.00 sys=0.00, real=0.02 secs] 
2020-09-29T17:46:42.710+0200: 53.474: [GC (Allocation Failure) [PSYoungGen: 627557K->53349K(632320K)] 688589K->114381K(2030592K), 0.0190209 secs] [Times: user=0.13 sys=0.00, real=0.02 secs] 
2020-09-29T17:46:42.778+0200: 53.542: [GC (Allocation Failure) [PSYoungGen: 628325K->25156K(636928K)] 689357K->86188K(2035200K), 0.0091008 secs] [Times: user=0.13 sys=0.00, real=0.01 secs] 
2020-09-29T17:46:42.836+0200: 53.600: [GC (Allocation Failure) [PSYoungGen: 600132K->39397K(638464K)] 661164K->100429K(2036736K), 0.0136932 secs] [Times: user=0.13 sys=0.00, real=0.01 secs] 
2020-09-29T17:46:42.900+0200: 53.663: [GC (Allocation Failure) [PSYoungGen: 616421K->27012K(637440K)] 677453K->88044K(2035712K), 0.0101826 secs] [Times: user=0.00 sys=0.00, real=0.01 secs] 
2020-09-29T17:46:42.960+0200: 53.723: [GC (Allocation Failure) [PSYoungGen: 604036K->28516K(640512K)] 665068K->89548K(2038784K), 0.0106435 secs] [Times: user=0.00 sys=0.00, real=0.01 secs] 
2020-09-29T17:46:43.021+0200: 53.784: [GC (Allocation Failure) [PSYoungGen: 609636K->20771K(639488K)] 670668K->81803K(2037760K), 0.0085825 secs] [Times: user=0.00 sys=0.00, real=0.01 secs] 
2020-09-29T17:46:43.079+0200: 53.843: [GC (Allocation Failure) [PSYoungGen: 601891K->41349K(639488K)] 662923K->102381K(2037760K), 0.0145792 secs] [Times: user=0.13 sys=0.00, real=0.02 secs] 
2020-09-29T17:46:43.145+0200: 53.908: [GC (Allocation Failure) [PSYoungGen: 622469K->48197K(629760K)] 683501K->109229K(2028032K), 0.0165161 secs] [Times: user=0.13 sys=0.00, real=0.02 secs] 
2020-09-29T17:46:43.211+0200: 53.974: [GC (Allocation Failure) [PSYoungGen: 629317K->25668K(637952K)] 690349K->86700K(2036224K), 0.0108218 secs] [Times: user=0.00 sys=0.00, real=0.01 secs] 
2020-09-29T17:46:43.271+0200: 54.034: [GC (Allocation Failure) [PSYoungGen: 602180K->39237K(637440K)] 663212K->100269K(2035712K), 0.0136055 secs] [Times: user=0.00 sys=0.00, real=0.01 secs] 
2020-09-29T17:46:43.335+0200: 54.098: [GC (Allocation Failure) [PSYoungGen: 615749K->26789K(640000K)] 676781K->87821K(2038272K), 0.0091750 secs] [Times: user=0.00 sys=0.00, real=0.01 secs] 
2020-09-29T17:46:43.394+0200: 54.157: [GC (Allocation Failure) [PSYoungGen: 606885K->46277K(626688K)] 667917K->107309K(2024960K), 0.0155030 secs] [Times: user=0.13 sys=0.00, real=0.01 secs] 
2020-09-29T17:46:43.460+0200: 54.223: [GC (Allocation Failure) [PSYoungGen: 626373K->37316K(640000K)] 687405K->98348K(2038272K), 0.0130058 secs] [Times: user=0.13 sys=0.00, real=0.01 secs] 
2020-09-29T17:46:43.524+0200: 54.287: [GC (Allocation Failure) [PSYoungGen: 616388K->55941K(635392K)] 677420K->116973K(2033664K), 0.0194784 secs] [Times: user=0.13 sys=0.00, real=0.02 secs] 
2020-09-29T17:46:43.597+0200: 54.360: [GC (Allocation Failure) [PSYoungGen: 635013K->33253K(636416K)] 696045K->94285K(2034688K), 0.0148203 secs] [Times: user=0.09 sys=0.00, real=0.02 secs] 
2020-09-29T17:46:43.666+0200: 54.430: [GC (Allocation Failure) [PSYoungGen: 606181K->29475K(635392K)] 667213K->90507K(2033664K), 0.0137405 secs] [Times: user=0.13 sys=0.00, real=0.01 secs] 
2020-09-29T17:46:43.734+0200: 54.498: [GC (Allocation Failure) [PSYoungGen: 602403K->27492K(638464K)] 663435K->88524K(2036736K), 0.0098395 secs] [Times: user=0.13 sys=0.00, real=0.01 secs] 
2020-09-29T17:46:43.796+0200: 54.560: [GC (Allocation Failure) [PSYoungGen: 605028K->30789K(637952K)] 666060K->91821K(2036224K), 0.0120365 secs] [Times: user=0.11 sys=0.00, real=0.01 secs] 
2020-09-29T17:46:43.859+0200: 54.622: [GC (Allocation Failure) [PSYoungGen: 608325K->34053K(642560K)] 669357K->95085K(2040832K), 0.0120644 secs] [Times: user=0.13 sys=0.00, real=0.01 secs] 
2020-09-29T17:46:43.923+0200: 54.687: [GC (Allocation Failure) [PSYoungGen: 618245K->44037K(640512K)] 679277K->105069K(2038784K), 0.0149740 secs] [Times: user=0.13 sys=0.00, real=0.01 secs] 
2020-09-29T17:46:43.989+0200: 54.753: [GC (Allocation Failure) [PSYoungGen: 628229K->40228K(641536K)] 689261K->101260K(2039808K), 0.0144998 secs] [Times: user=0.00 sys=0.02, real=0.01 secs] 
2020-09-29T17:46:44.055+0200: 54.818: [GC (Allocation Failure) [PSYoungGen: 623908K->46756K(630784K)] 684940K->107788K(2029056K), 0.0161946 secs] [Times: user=0.13 sys=0.00, real=0.02 secs] 
2020-09-29T17:46:44.121+0200: 54.884: [GC (Allocation Failure) [PSYoungGen: 630436K->28837K(640512K)] 691468K->89869K(2038784K), 0.0100468 secs] [Times: user=0.13 sys=0.00, real=0.01 secs] 
2020-09-29T17:46:44.189+0200: 54.952: [GC (Allocation Failure) [PSYoungGen: 610469K->21634K(640000K)] 671501K->82666K(2038272K), 0.0094914 secs] [Times: user=0.13 sys=0.00, real=0.01 secs] 
2020-09-29T17:46:44.248+0200: 55.012: [GC (Allocation Failure) [PSYoungGen: 603266K->42693K(638976K)] 664298K->103725K(2037248K), 0.0142655 secs] [Times: user=0.13 sys=0.00, real=0.01 secs] 
2020-09-29T17:46:44.313+0200: 55.077: [GC (Allocation Failure) [PSYoungGen: 622789K->48549K(628736K)] 683821K->109581K(2027008K), 0.0157936 secs] [Times: user=0.13 sys=0.00, real=0.02 secs] 
2020-09-29T17:46:44.380+0200: 55.143: [GC (Allocation Failure) [PSYoungGen: 628645K->39333K(638976K)] 689677K->100365K(2037248K), 0.0133980 secs] [Times: user=0.00 sys=0.00, real=0.01 secs] 
2020-09-29T17:46:44.443+0200: 55.206: [GC (Allocation Failure) [PSYoungGen: 616869K->42661K(637440K)] 677901K->103693K(2035712K), 0.0147244 secs] [Times: user=0.13 sys=0.00, real=0.01 secs] 
2020-09-29T17:46:44.507+0200: 55.271: [GC (Allocation Failure) [PSYoungGen: 620197K->32261K(640512K)] 681229K->93293K(2038784K), 0.0112785 secs] [Times: user=0.00 sys=0.00, real=0.01 secs] 
2020-09-29T17:46:44.569+0200: 55.333: [GC (Allocation Failure) [PSYoungGen: 612869K->52357K(633344K)] 673901K->113389K(2031616K), 0.0188646 secs] [Times: user=0.11 sys=0.00, real=0.02 secs] 
2020-09-29T17:46:44.640+0200: 55.403: [GC (Allocation Failure) [PSYoungGen: 632965K->16292K(633856K)] 693997K->77324K(2032128K), 0.0057579 secs] [Times: user=0.13 sys=0.00, real=0.01 secs] 
2020-09-29T17:46:44.694+0200: 55.458: [GC (Allocation Failure) [PSYoungGen: 588196K->41285K(635392K)] 649228K->102317K(2033664K), 0.0138684 secs] [Times: user=0.13 sys=0.00, real=0.01 secs] 
2020-09-29T17:46:44.759+0200: 55.522: [GC (Allocation Failure) [PSYoungGen: 613189K->38885K(637952K)] 674221K->99917K(2036224K), 0.0181674 secs] [Times: user=0.13 sys=0.00, real=0.02 secs] 
2020-09-29T17:46:44.827+0200: 55.590: [GC (Allocation Failure) [PSYoungGen: 614373K->24611K(636416K)] 675405K->85643K(2034688K), 0.0095529 secs] [Times: user=0.13 sys=0.00, real=0.01 secs] 
2020-09-29T17:46:44.886+0200: 55.648: [GC (Allocation Failure) [PSYoungGen: 600099K->24580K(638976K)] 661131K->85612K(2037248K), 0.0092540 secs] [Times: user=0.00 sys=0.00, real=0.01 secs] 
2020-09-29T17:46:44.945+0200: 55.707: [GC (Allocation Failure) [PSYoungGen: 603140K->56229K(634880K)] 664172K->117261K(2033152K), 0.0181148 secs] [Times: user=0.13 sys=0.00, real=0.02 secs] 
2020-09-29T17:46:45.013+0200: 55.775: [GC (Allocation Failure) [PSYoungGen: 634789K->46885K(629760K)] 695821K->107917K(2028032K), 0.0153596 secs] [Times: user=0.13 sys=0.00, real=0.02 secs] 
2020-09-29T17:46:45.078+0200: 55.840: [GC (Allocation Failure) [PSYoungGen: 612645K->38469K(632320K)] 673677K->99501K(2030592K), 0.0122086 secs] [Times: user=0.13 sys=0.00, real=0.01 secs] 
2020-09-29T17:46:45.138+0200: 55.901: [GC (Allocation Failure) [PSYoungGen: 604229K->29925K(636416K)] 665261K->90957K(2034688K), 0.0101783 secs] [Times: user=0.13 sys=0.00, real=0.01 secs] 
2020-09-29T17:46:45.199+0200: 55.962: [GC (Allocation Failure) [PSYoungGen: 602853K->41316K(635392K)] 663885K->102348K(2033664K), 0.0145303 secs] [Times: user=0.13 sys=0.00, real=0.01 secs] 
2020-09-29T17:46:45.263+0200: 56.025: [GC (Allocation Failure) [PSYoungGen: 614244K->25860K(637440K)] 675276K->86892K(2035712K), 0.0097430 secs] [Times: user=0.13 sys=0.00, real=0.01 secs] 
2020-09-29T17:46:45.321+0200: 56.084: [GC (Allocation Failure) [PSYoungGen: 601860K->27589K(637440K)] 662892K->88621K(2035712K), 0.0093363 secs] [Times: user=0.00 sys=0.00, real=0.01 secs] 
2020-09-29T17:46:45.382+0200: 56.145: [GC (Allocation Failure) [PSYoungGen: 603589K->43013K(638464K)] 664621K->104045K(2036736K), 0.0142121 secs] [Times: user=0.13 sys=0.00, real=0.01 secs] 
2020-09-29T17:46:45.450+0200: 56.213: [GC (Allocation Failure) [PSYoungGen: 621061K->33189K(638464K)] 682093K->94221K(2036736K), 0.0119361 secs] [Times: user=0.13 sys=0.00, real=0.01 secs] 
2020-09-29T17:46:45.511+0200: 56.274: [GC (Allocation Failure) [PSYoungGen: 611237K->50693K(633856K)] 672269K->111725K(2032128K), 0.0164653 secs] [Times: user=0.13 sys=0.00, real=0.02 secs] 
2020-09-29T17:46:45.578+0200: 56.341: [GC (Allocation Failure) [PSYoungGen: 625669K->23235K(636928K)] 686701K->84267K(2035200K), 0.0095063 secs] [Times: user=0.11 sys=0.00, real=0.01 secs] 
2020-09-29T17:46:45.640+0200: 56.403: [GC (Allocation Failure) [PSYoungGen: 598211K->23876K(637440K)] 659243K->84908K(2035712K), 0.0099039 secs] [Times: user=0.13 sys=0.00, real=0.01 secs] 
2020-09-29T17:46:45.699+0200: 56.462: [GC (Allocation Failure) [PSYoungGen: 599364K->38853K(636928K)] 660396K->99885K(2035200K), 0.0131955 secs] [Times: user=0.13 sys=0.00, real=0.01 secs] 
2020-09-29T17:46:45.762+0200: 56.525: [GC (Allocation Failure) [PSYoungGen: 614341K->38308K(640000K)] 675373K->99340K(2038272K), 0.0135683 secs] [Times: user=0.13 sys=0.00, real=0.01 secs] 
2020-09-29T17:46:45.825+0200: 56.587: [GC (Allocation Failure) [PSYoungGen: 617892K->28517K(638464K)] 678924K->89549K(2036736K), 0.0095970 secs] [Times: user=0.13 sys=0.00, real=0.01 secs] 
2020-09-29T17:46:45.884+0200: 56.647: [GC (Allocation Failure) [PSYoungGen: 608101K->47461K(635904K)] 669133K->108493K(2034176K), 0.0162369 secs] [Times: user=0.13 sys=0.00, real=0.02 secs] 
2020-09-29T17:46:45.949+0200: 56.713: [GC (Allocation Failure) [PSYoungGen: 625509K->37541K(638464K)] 686541K->98573K(2036736K), 0.0125191 secs] [Times: user=0.13 sys=0.00, real=0.01 secs] 
2020-09-29T17:46:46.011+0200: 56.775: [GC (Allocation Failure) [PSYoungGen: 615589K->41445K(641024K)] 676621K->102477K(2039296K), 0.0135099 secs] [Times: user=0.13 sys=0.00, real=0.01 secs] 
2020-09-29T17:46:46.074+0200: 56.838: [GC (Allocation Failure) [PSYoungGen: 624101K->34564K(640512K)] 685133K->95596K(2038784K), 0.0127298 secs] [Times: user=0.13 sys=0.00, real=0.01 secs] 
2020-09-29T17:46:46.141+0200: 56.904: [GC (Allocation Failure) [PSYoungGen: 617220K->26628K(642560K)] 678252K->87660K(2040832K), 0.0123729 secs] [Times: user=0.11 sys=0.00, real=0.01 secs] 
2020-09-29T17:46:46.210+0200: 56.973: [GC (Allocation Failure) [PSYoungGen: 612868K->38052K(642560K)] 673900K->99084K(2040832K), 0.0150810 secs] [Times: user=0.13 sys=0.00, real=0.01 secs] 
2020-09-29T17:46:46.277+0200: 57.041: [GC (Allocation Failure) [PSYoungGen: 624292K->50021K(636928K)] 685324K->111053K(2035200K), 0.0168637 secs] [Times: user=0.13 sys=0.00, real=0.02 secs] 
2020-09-29T17:46:46.344+0200: 57.107: [GC (Allocation Failure) [PSYoungGen: 632165K->44261K(626688K)] 693197K->105293K(2024960K), 0.0147949 secs] [Times: user=0.13 sys=0.00, real=0.01 secs] 
2020-09-29T17:46:46.409+0200: 57.172: [GC (Allocation Failure) [PSYoungGen: 626405K->23748K(638976K)] 687437K->84780K(2037248K), 0.0095675 secs] [Times: user=0.13 sys=0.00, real=0.01 secs] 
2020-09-29T17:46:46.468+0200: 57.231: [GC (Allocation Failure) [PSYoungGen: 603844K->56965K(637440K)] 664876K->117997K(2035712K), 0.0187881 secs] [Times: user=0.13 sys=0.00, real=0.02 secs] 
2020-09-29T17:46:46.537+0200: 57.301: [GC (Allocation Failure) [PSYoungGen: 637061K->49093K(628224K)] 698093K->110125K(2026496K), 0.0165134 secs] [Times: user=0.13 sys=0.00, real=0.02 secs] 
2020-09-29T17:46:46.604+0200: 57.367: [GC (Allocation Failure) [PSYoungGen: 615877K->27235K(632832K)] 676909K->88267K(2031104K), 0.0123511 secs] [Times: user=0.11 sys=0.00, real=0.01 secs] 
2020-09-29T17:46:46.666+0200: 57.429: [GC (Allocation Failure) [PSYoungGen: 594019K->17154K(632320K)] 655051K->78186K(2030592K), 0.0082658 secs] [Times: user=0.00 sys=0.00, real=0.01 secs] 
2020-09-29T17:46:46.722+0200: 57.486: [GC (Allocation Failure) [PSYoungGen: 583938K->36933K(632832K)] 644970K->97965K(2031104K), 0.0123697 secs] [Times: user=0.13 sys=0.00, real=0.01 secs] 
2020-09-29T17:46:46.785+0200: 57.549: [GC (Allocation Failure) [PSYoungGen: 603717K->41860K(635904K)] 664749K->102892K(2034176K), 0.0147088 secs] [Times: user=0.00 sys=0.00, real=0.01 secs] 
2020-09-29T17:46:46.849+0200: 57.613: [GC (Allocation Failure) [PSYoungGen: 614276K->40037K(635392K)] 675308K->101069K(2033664K), 0.0130609 secs] [Times: user=0.00 sys=0.00, real=0.01 secs] 
2020-09-29T17:46:46.912+0200: 57.675: [GC (Allocation Failure) [PSYoungGen: 612453K->38213K(639488K)] 673485K->99245K(2037760K), 0.0135668 secs] [Times: user=0.00 sys=0.00, real=0.01 secs] 
2020-09-29T17:46:46.976+0200: 57.739: [GC (Allocation Failure) [PSYoungGen: 616261K->28357K(637440K)] 677293K->89389K(2035712K), 0.0095311 secs] [Times: user=0.00 sys=0.00, real=0.01 secs] 
2020-09-29T17:46:47.036+0200: 57.800: [GC (Allocation Failure) [PSYoungGen: 606405K->31973K(641536K)] 667437K->93005K(2039808K), 0.0112112 secs] [Times: user=0.00 sys=0.00, real=0.01 secs] 
2020-09-29T17:46:47.098+0200: 57.861: [GC (Allocation Failure) [PSYoungGen: 614629K->39780K(640000K)] 675661K->100812K(2038272K), 0.0142018 secs] [Times: user=0.00 sys=0.00, real=0.01 secs] 
2020-09-29T17:46:47.162+0200: 57.925: [GC (Allocation Failure) [PSYoungGen: 622436K->48133K(637952K)] 683468K->109165K(2036224K), 0.0164539 secs] [Times: user=0.13 sys=0.00, real=0.02 secs] 
2020-09-29T17:46:47.228+0200: 57.992: [GC (Allocation Failure) [PSYoungGen: 629253K->40133K(640000K)] 690285K->101165K(2038272K), 0.0138092 secs] [Times: user=0.13 sys=0.00, real=0.01 secs] 
2020-09-29T17:46:47.293+0200: 58.057: [GC (Allocation Failure) [PSYoungGen: 621253K->30627K(641536K)] 682285K->91659K(2039808K), 0.0118116 secs] [Times: user=0.13 sys=0.00, real=0.01 secs] 
2020-09-29T17:46:47.356+0200: 58.119: [GC (Allocation Failure) [PSYoungGen: 614307K->40069K(641024K)] 675339K->101101K(2039296K), 0.0136197 secs] [Times: user=0.13 sys=0.00, real=0.01 secs] 
2020-09-29T17:46:47.420+0200: 58.184: [GC (Allocation Failure) [PSYoungGen: 623749K->49541K(637440K)] 684781K->110573K(2035712K), 0.0165746 secs] [Times: user=0.13 sys=0.00, real=0.02 secs] 
2020-09-29T17:46:47.487+0200: 58.250: [GC (Allocation Failure) [PSYoungGen: 630661K->27716K(640000K)] 691693K->88748K(2038272K), 0.0097671 secs] [Times: user=0.13 sys=0.00, real=0.01 secs] 
2020-09-29T17:46:47.547+0200: 58.311: [GC (Allocation Failure) [PSYoungGen: 608836K->31812K(641536K)] 669868K->92844K(2039808K), 0.0120266 secs] [Times: user=0.13 sys=0.00, real=0.01 secs] 
2020-09-29T17:46:47.611+0200: 58.374: [GC (Allocation Failure) [PSYoungGen: 614468K->40261K(640000K)] 675500K->101293K(2038272K), 0.0150894 secs] [Times: user=0.11 sys=0.00, real=0.01 secs] 
2020-09-29T17:46:47.677+0200: 58.440: [GC (Allocation Failure) [PSYoungGen: 622917K->34180K(643584K)] 683949K->95212K(2041856K), 0.0133881 secs] [Times: user=0.00 sys=0.00, real=0.01 secs] 
2020-09-29T17:46:47.740+0200: 58.504: [GC (Allocation Failure) [PSYoungGen: 620932K->29092K(642048K)] 681964K->90124K(2040320K), 0.0106533 secs] [Times: user=0.00 sys=0.00, real=0.01 secs] 
2020-09-29T17:46:47.801+0200: 58.565: [GC (Allocation Failure) [PSYoungGen: 615844K->41637K(643072K)] 676876K->102669K(2041344K), 0.0139012 secs] [Times: user=0.00 sys=0.00, real=0.01 secs] 
2020-09-29T17:46:47.866+0200: 58.629: [GC (Allocation Failure) [PSYoungGen: 629925K->26243K(643584K)] 690957K->87275K(2041856K), 0.0101173 secs] [Times: user=0.00 sys=0.00, real=0.01 secs] 
2020-09-29T17:46:47.926+0200: 58.690: [GC (Allocation Failure) [PSYoungGen: 614531K->25923K(644096K)] 675563K->86955K(2042368K), 0.0108320 secs] [Times: user=0.00 sys=0.00, real=0.01 secs] 
2020-09-29T17:46:47.989+0200: 58.752: [GC (Allocation Failure) [PSYoungGen: 614723K->26821K(643584K)] 675755K->87853K(2041856K), 0.0106477 secs] [Times: user=0.00 sys=0.00, real=0.01 secs] 
2020-09-29T17:46:48.051+0200: 58.814: [GC (Allocation Failure) [PSYoungGen: 615621K->41381K(643584K)] 676653K->102413K(2041856K), 0.0145439 secs] [Times: user=0.00 sys=0.00, real=0.01 secs] 
2020-09-29T17:46:48.116+0200: 58.879: [GC (Allocation Failure) [PSYoungGen: 630693K->27396K(644096K)] 691725K->88428K(2042368K), 0.0103307 secs] [Times: user=0.00 sys=0.00, real=0.01 secs] 
2020-09-29T17:46:48.177+0200: 58.940: [GC (Allocation Failure) [PSYoungGen: 616708K->42469K(642560K)] 677740K->103501K(2040832K), 0.0150526 secs] [Times: user=0.02 sys=0.00, real=0.01 secs] 
2020-09-29T17:46:48.242+0200: 59.005: [GC (Allocation Failure) [PSYoungGen: 629803K->26436K(643584K)] 690835K->87468K(2041856K), 0.0102579 secs] [Times: user=0.00 sys=0.00, real=0.01 secs] 
2020-09-29T17:46:48.305+0200: 59.068: [GC (Allocation Failure) [PSYoungGen: 614724K->40517K(643072K)] 675756K->101549K(2041344K), 0.0148414 secs] [Times: user=0.13 sys=0.00, real=0.01 secs] 
2020-09-29T17:46:48.370+0200: 59.134: [GC (Allocation Failure) [PSYoungGen: 628805K->22051K(643584K)] 689837K->83083K(2041856K), 0.0091922 secs] [Times: user=0.13 sys=0.00, real=0.01 secs] 
2020-09-29T17:46:48.431+0200: 59.195: [GC (Allocation Failure) [PSYoungGen: 610339K->21091K(643584K)] 671371K->82123K(2041856K), 0.0083964 secs] [Times: user=0.00 sys=0.00, real=0.01 secs] 
2020-09-29T17:46:48.490+0200: 59.253: [GC (Allocation Failure) [PSYoungGen: 609379K->48869K(637440K)] 670411K->109901K(2035712K), 0.0165320 secs] [Times: user=0.13 sys=0.00, real=0.02 secs] 
2020-09-29T17:46:48.556+0200: 59.320: [GC (Allocation Failure) [PSYoungGen: 637157K->18852K(640000K)] 698189K->79884K(2038272K), 0.0078113 secs] [Times: user=0.00 sys=0.00, real=0.01 secs] 
2020-09-29T17:46:48.615+0200: 59.379: [GC (Allocation Failure) [PSYoungGen: 599972K->38245K(640000K)] 661004K->99277K(2038272K), 0.0144589 secs] [Times: user=0.13 sys=0.00, real=0.02 secs] 
2020-09-29T17:46:48.679+0200: 59.443: [GC (Allocation Failure) [PSYoungGen: 619365K->44356K(636928K)] 680397K->105388K(2035200K), 0.0158847 secs] [Times: user=0.13 sys=0.00, real=0.02 secs] 
2020-09-29T17:46:48.745+0200: 59.509: [GC (Allocation Failure) [PSYoungGen: 622404K->34437K(638464K)] 683436K->95469K(2036736K), 0.0113196 secs] [Times: user=0.13 sys=0.00, real=0.01 secs] 
2020-09-29T17:46:48.806+0200: 59.570: [GC (Allocation Failure) [PSYoungGen: 612485K->37156K(642048K)] 673517K->98188K(2040320K), 0.0166325 secs] [Times: user=0.13 sys=0.00, real=0.02 secs] 
2020-09-29T17:46:48.878+0200: 59.641: [GC (Allocation Failure) [PSYoungGen: 621348K->29571K(641024K)] 682380K->90603K(2039296K), 0.0148362 secs] [Times: user=0.13 sys=0.00, real=0.01 secs] 
2020-09-29T17:46:48.945+0200: 59.708: [GC (Allocation Failure) [PSYoungGen: 613763K->53157K(633344K)] 674795K->114189K(2031616K), 0.0225982 secs] [Times: user=0.13 sys=0.00, real=0.02 secs] 
2020-09-29T17:46:49.017+0200: 59.780: [GC (Allocation Failure) [PSYoungGen: 631205K->43269K(638464K)] 692237K->104301K(2036736K), 0.0190294 secs] [Times: user=0.25 sys=0.00, real=0.02 secs] 
2020-09-29T17:46:49.086+0200: 59.848: [GC (Allocation Failure) [PSYoungGen: 621317K->32900K(640000K)] 682349K->93932K(2038272K), 0.0155470 secs] [Times: user=0.13 sys=0.00, real=0.02 secs] 
2020-09-29T17:46:49.154+0200: 59.916: [GC (Allocation Failure) [PSYoungGen: 612484K->37796K(638464K)] 673516K->98828K(2036736K), 0.0178318 secs] [Times: user=0.13 sys=0.00, real=0.02 secs] 
2020-09-29T17:46:49.228+0200: 59.991: [GC (Allocation Failure) [PSYoungGen: 617380K->43141K(640512K)] 678412K->104173K(2038784K), 0.0200561 secs] [Times: user=0.11 sys=0.00, real=0.02 secs] 
2020-09-29T17:46:49.302+0200: 60.065: [GC (Allocation Failure) [PSYoungGen: 626309K->38405K(641024K)] 687341K->99437K(2039296K), 0.0160504 secs] [Times: user=0.13 sys=0.00, real=0.02 secs] 
2020-09-29T17:46:49.368+0200: 60.131: [GC (Allocation Failure) [PSYoungGen: 621573K->32197K(643584K)] 682605K->93229K(2041856K), 0.0142904 secs] [Times: user=0.13 sys=0.00, real=0.01 secs] 
2020-09-29T17:46:49.434+0200: 60.197: [GC (Allocation Failure) [PSYoungGen: 619461K->31492K(642560K)] 680493K->92524K(2040832K), 0.0146489 secs] [Times: user=0.13 sys=0.00, real=0.01 secs] 
2020-09-29T17:46:49.499+0200: 60.262: [GC (Allocation Failure) [PSYoungGen: 618756K->30052K(645632K)] 679788K->91084K(2043904K), 0.0131076 secs] [Times: user=0.13 sys=0.00, real=0.01 secs] 
2020-09-29T17:46:49.573+0200: 60.335: [GC (Allocation Failure) [PSYoungGen: 621412K->16002K(607744K)] 682444K->77034K(2006016K), 0.0103400 secs] [Times: user=0.00 sys=0.00, real=0.01 secs] 
2020-09-29T17:46:49.637+0200: 60.400: [GC (Allocation Failure) [PSYoungGen: 607362K->46757K(637952K)] 668394K->107789K(2036224K), 0.0201252 secs] [Times: user=0.13 sys=0.00, real=0.02 secs] 
2020-09-29T17:46:49.709+0200: 60.472: [GC (Allocation Failure) [PSYoungGen: 629925K->28325K(641024K)] 690957K->89357K(2039296K), 0.0112726 secs] [Times: user=0.00 sys=0.00, real=0.01 secs] 
2020-09-29T17:46:49.771+0200: 60.533: [GC (Allocation Failure) [PSYoungGen: 611493K->50949K(634880K)] 672525K->111981K(2033152K), 0.0218993 secs] [Times: user=0.13 sys=0.00, real=0.02 secs] 
2020-09-29T17:46:49.842+0200: 60.605: [GC (Allocation Failure) [PSYoungGen: 628997K->39717K(638464K)] 690029K->100749K(2036736K), 0.0177894 secs] [Times: user=0.13 sys=0.00, real=0.02 secs] 
2020-09-29T17:46:49.909+0200: 60.672: [GC (Allocation Failure) [PSYoungGen: 617765K->15716K(636416K)] 678797K->76748K(2034688K), 0.0079691 secs] [Times: user=0.13 sys=0.00, real=0.01 secs] 
2020-09-29T17:46:49.974+0200: 60.736: [GC (Allocation Failure) [PSYoungGen: 592740K->31045K(637952K)] 653772K->92077K(2036224K), 0.0139212 secs] [Times: user=0.00 sys=0.00, real=0.01 secs] 
2020-09-29T17:46:50.037+0200: 60.799: [GC (Allocation Failure) [PSYoungGen: 608069K->47525K(634880K)] 669101K->108557K(2033152K), 0.0204976 secs] [Times: user=0.13 sys=0.00, real=0.02 secs] 
2020-09-29T17:46:50.106+0200: 60.869: [GC (Allocation Failure) [PSYoungGen: 623525K->21700K(637440K)] 684557K->82732K(2035712K), 0.0101629 secs] [Times: user=0.13 sys=0.00, real=0.01 secs] 
2020-09-29T17:46:50.170+0200: 60.933: [GC (Allocation Failure) [PSYoungGen: 597700K->21315K(638464K)] 658732K->82347K(2036736K), 0.0108427 secs] [Times: user=0.08 sys=0.00, real=0.01 secs] 
2020-09-29T17:46:50.231+0200: 60.993: [GC (Allocation Failure) [PSYoungGen: 598851K->23395K(637952K)] 659883K->84427K(2036224K), 0.0119610 secs] [Times: user=0.13 sys=0.00, real=0.01 secs] 
2020-09-29T17:46:50.293+0200: 61.056: [GC (Allocation Failure) [PSYoungGen: 600931K->54053K(628224K)] 661963K->115085K(2026496K), 0.0226362 secs] [Times: user=0.13 sys=0.00, real=0.02 secs] 
2020-09-29T17:46:50.365+0200: 61.128: [GC (Allocation Failure) [PSYoungGen: 622885K->48645K(617984K)] 683917K->109677K(2016256K), 0.0211082 secs] [Times: user=0.13 sys=0.00, real=0.02 secs] 
2020-09-29T17:46:50.435+0200: 61.198: [GC (Allocation Failure) [PSYoungGen: 617477K->27845K(633344K)] 678509K->88877K(2031616K), 0.0133182 secs] [Times: user=0.13 sys=0.00, real=0.01 secs] 
2020-09-29T17:46:50.498+0200: 61.261: [GC (Allocation Failure) [PSYoungGen: 594117K->17315K(631808K)] 655149K->78347K(2030080K), 0.0097654 secs] [Times: user=0.13 sys=0.00, real=0.01 secs] 
2020-09-29T17:46:50.556+0200: 61.319: [GC (Allocation Failure) [PSYoungGen: 583587K->36741K(635392K)] 644619K->97773K(2033664K), 0.0151899 secs] [Times: user=0.13 sys=0.00, real=0.02 secs] 
2020-09-29T17:46:50.621+0200: 61.384: [GC (Allocation Failure) [PSYoungGen: 607109K->32740K(633856K)] 668141K->93772K(2032128K), 0.0168393 secs] [Times: user=0.11 sys=0.00, real=0.02 secs] 
2020-09-29T17:46:50.688+0200: 61.451: [GC (Allocation Failure) [PSYoungGen: 603108K->42436K(636416K)] 664140K->103468K(2034688K), 0.0188661 secs] [Times: user=0.13 sys=0.00, real=0.02 secs] 
2020-09-29T17:46:50.756+0200: 61.519: [GC (Allocation Failure) [PSYoungGen: 618436K->44165K(620544K)] 679468K->105197K(2018816K), 0.0189775 secs] [Times: user=0.13 sys=0.00, real=0.02 secs] 
2020-09-29T17:46:50.826+0200: 61.589: [GC (Allocation Failure) [PSYoungGen: 620165K->45893K(634368K)] 681197K->106925K(2032640K), 0.0193251 secs] [Times: user=0.13 sys=0.00, real=0.02 secs] 
2020-09-29T17:46:50.894+0200: 61.657: [GC (Allocation Failure) [PSYoungGen: 617797K->29957K(635392K)] 678829K->90989K(2033664K), 0.0128582 secs] [Times: user=0.13 sys=0.00, real=0.01 secs] 
2020-09-29T17:46:50.956+0200: 61.719: [GC (Allocation Failure) [PSYoungGen: 601861K->54917K(627712K)] 662893K->115949K(2025984K), 0.0231170 secs] [Times: user=0.25 sys=0.00, real=0.02 secs] 
2020-09-29T17:46:51.027+0200: 61.791: [GC (Allocation Failure) [PSYoungGen: 620677K->32773K(632320K)] 681709K->93805K(2030592K), 0.0142896 secs] [Times: user=0.13 sys=0.00, real=0.02 secs] 
2020-09-29T17:46:51.092+0200: 61.855: [GC (Allocation Failure) [PSYoungGen: 598533K->9219K(630272K)] 659565K->70251K(2028544K), 0.0048894 secs] [Times: user=0.00 sys=0.00, real=0.00 secs] 
2020-09-29T17:46:51.145+0200: 61.908: [GC (Allocation Failure) [PSYoungGen: 574979K->39108K(632320K)] 636011K->100140K(2030592K), 0.0184438 secs] [Times: user=0.13 sys=0.00, real=0.02 secs] 
2020-09-29T17:46:51.212+0200: 61.975: [GC (Allocation Failure) [PSYoungGen: 604868K->29603K(635904K)] 665900K->90635K(2034176K), 0.0149026 secs] [Times: user=0.13 sys=0.00, real=0.02 secs] 
2020-09-29T17:46:51.285+0200: 62.048: [GC (Allocation Failure) [PSYoungGen: 600483K->39877K(633856K)] 661515K->100909K(2032128K), 0.0173066 secs] [Times: user=0.20 sys=0.00, real=0.02 secs] 
2020-09-29T17:46:51.351+0200: 62.114: [GC (Allocation Failure) [PSYoungGen: 610757K->36549K(638976K)] 671789K->97581K(2037248K), 0.0165324 secs] [Times: user=0.13 sys=0.00, real=0.02 secs] 
2020-09-29T17:46:51.418+0200: 62.181: [GC (Allocation Failure) [PSYoungGen: 613573K->39333K(636928K)] 674605K->100365K(2035200K), 0.0166742 secs] [Times: user=0.13 sys=0.00, real=0.02 secs] 
2020-09-29T17:46:51.484+0200: 62.248: [GC (Allocation Failure) [PSYoungGen: 616357K->40644K(640000K)] 677389K->101676K(2038272K), 0.0180739 secs] [Times: user=0.13 sys=0.00, real=0.02 secs] 
2020-09-29T17:46:51.553+0200: 62.316: [GC (Allocation Failure) [PSYoungGen: 621252K->30725K(639488K)] 682284K->91757K(2037760K), 0.0156135 secs] [Times: user=0.11 sys=0.00, real=0.02 secs] 
2020-09-29T17:46:51.626+0200: 62.390: [GC (Allocation Failure) [PSYoungGen: 611333K->36005K(643584K)] 672365K->97037K(2041856K), 0.0161856 secs] [Times: user=0.11 sys=0.00, real=0.02 secs] 
2020-09-29T17:46:51.695+0200: 62.459: [GC (Allocation Failure) [PSYoungGen: 622245K->34052K(641536K)] 683277K->95084K(2039808K), 0.0159916 secs] [Times: user=0.13 sys=0.00, real=0.02 secs] 
2020-09-29T17:46:51.761+0200: 62.524: [GC (Allocation Failure) [PSYoungGen: 620292K->31205K(646144K)] 681324K->92237K(2044416K), 0.0142420 secs] [Times: user=0.13 sys=0.00, real=0.01 secs] 
2020-09-29T17:46:51.827+0200: 62.590: [GC (Allocation Failure) [PSYoungGen: 623589K->35685K(645120K)] 684621K->96717K(2043392K), 0.0158936 secs] [Times: user=0.13 sys=0.00, real=0.02 secs] 
2020-09-29T17:46:51.893+0200: 62.656: [GC (Allocation Failure) [PSYoungGen: 628069K->40165K(646656K)] 689101K->101197K(2044928K), 0.0176525 secs] [Times: user=0.13 sys=0.00, real=0.02 secs] 
2020-09-29T17:46:51.963+0200: 62.726: [GC (Allocation Failure) [PSYoungGen: 635621K->33700K(647168K)] 696653K->94732K(2045440K), 0.0159324 secs] [Times: user=0.13 sys=0.00, real=0.02 secs] 
2020-09-29T17:46:52.030+0200: 62.793: [GC (Allocation Failure) [PSYoungGen: 629156K->41252K(647680K)] 690188K->102284K(2045952K), 0.0185663 secs] [Times: user=0.13 sys=0.00, real=0.02 secs] 
2020-09-29T17:46:52.099+0200: 62.863: [GC (Allocation Failure) [PSYoungGen: 638756K->37125K(648192K)] 699788K->98157K(2046464K), 0.0161696 secs] [Times: user=0.13 sys=0.00, real=0.02 secs] 
2020-09-29T17:46:52.168+0200: 62.931: [GC (Allocation Failure) [PSYoungGen: 634629K->17444K(645120K)] 695661K->78476K(2043392K), 0.0077957 secs] [Times: user=0.03 sys=0.00, real=0.01 secs] 
2020-09-29T17:46:52.228+0200: 62.991: [GC (Allocation Failure) [PSYoungGen: 612900K->38629K(647168K)] 673932K->99661K(2045440K), 0.0171024 secs] [Times: user=0.13 sys=0.00, real=0.02 secs] 
2020-09-29T17:46:52.297+0200: 63.060: [GC (Allocation Failure) [PSYoungGen: 634085K->32292K(648704K)] 695117K->93324K(2046976K), 0.0150478 secs] [Times: user=0.13 sys=0.00, real=0.02 secs] 
2020-09-29T17:46:52.363+0200: 63.126: [GC (Allocation Failure) [PSYoungGen: 629284K->13412K(610816K)] 690316K->74444K(2009088K), 0.0059537 secs] [Times: user=0.13 sys=0.00, real=0.01 secs] 
2020-09-29T17:46:52.425+0200: 63.188: [GC (Allocation Failure) [PSYoungGen: 610404K->35172K(647680K)] 671436K->96204K(2045952K), 0.0163984 secs] [Times: user=0.09 sys=0.00, real=0.02 secs] 
2020-09-29T17:46:52.493+0200: 63.256: [GC (Allocation Failure) [PSYoungGen: 630628K->42757K(638464K)] 691660K->103789K(2036736K), 0.0184706 secs] [Times: user=0.13 sys=0.00, real=0.02 secs] 
2020-09-29T17:46:52.563+0200: 63.326: [GC (Allocation Failure) [PSYoungGen: 638213K->36613K(646144K)] 699245K->97645K(2044416K), 0.0165211 secs] [Times: user=0.13 sys=0.00, real=0.02 secs] 
2020-09-29T17:46:52.635+0200: 63.398: [GC (Allocation Failure) [PSYoungGen: 629509K->27043K(645632K)] 690541K->88075K(2043904K), 0.0149990 secs] [Times: user=0.11 sys=0.00, real=0.02 secs] 
2020-09-29T17:46:52.703+0200: 63.466: [GC (Allocation Failure) [PSYoungGen: 619939K->32069K(648704K)] 680971K->93101K(2046976K), 0.0142777 secs] [Times: user=0.13 sys=0.00, real=0.01 secs] 
2020-09-29T17:46:52.769+0200: 63.532: [GC (Allocation Failure) [PSYoungGen: 629061K->27044K(647168K)] 690093K->88076K(2045440K), 0.0123829 secs] [Times: user=0.13 sys=0.00, real=0.01 secs] 
2020-09-29T17:46:52.833+0200: 63.596: [GC (Allocation Failure) [PSYoungGen: 624036K->35972K(649728K)] 685068K->97004K(2048000K), 0.0166061 secs] [Times: user=0.13 sys=0.00, real=0.02 secs] 
2020-09-29T17:46:52.901+0200: 63.664: [GC (Allocation Failure) [PSYoungGen: 636036K->33187K(649216K)] 697068K->94219K(2047488K), 0.0163470 secs] [Times: user=0.13 sys=0.00, real=0.02 secs] 
2020-09-29T17:46:52.969+0200: 63.732: [GC (Allocation Failure) [PSYoungGen: 633251K->29956K(652288K)] 694283K->90988K(2050560K), 0.0144829 secs] [Times: user=0.13 sys=0.00, real=0.01 secs] 
2020-09-29T17:46:53.035+0200: 63.798: [GC (Allocation Failure) [PSYoungGen: 634628K->46565K(651264K)] 695660K->107661K(2049536K), 0.0197015 secs] [Times: user=0.25 sys=0.00, real=0.02 secs] 
2020-09-29T17:46:53.106+0200: 63.870: [GC (Allocation Failure) [PSYoungGen: 651237K->36165K(647168K)] 712333K->97261K(2045440K), 0.0155179 secs] [Times: user=0.13 sys=0.00, real=0.02 secs] 
2020-09-29T17:46:53.173+0200: 63.936: [GC (Allocation Failure) [PSYoungGen: 635717K->34021K(649216K)] 696813K->95117K(2047488K), 0.0155158 secs] [Times: user=0.13 sys=0.00, real=0.01 secs] 
2020-09-29T17:46:53.241+0200: 64.004: [GC (Allocation Failure) [PSYoungGen: 633573K->28707K(651264K)] 694669K->89803K(2049536K), 0.0148230 secs] [Times: user=0.13 sys=0.00, real=0.01 secs] 
2020-09-29T17:46:53.307+0200: 64.071: [GC (Allocation Failure) [PSYoungGen: 631843K->43909K(647168K)] 692939K->105005K(2045440K), 0.0183922 secs] [Times: user=0.13 sys=0.00, real=0.02 secs] 
2020-09-29T17:46:53.380+0200: 64.143: [GC (Allocation Failure) [PSYoungGen: 647045K->45509K(643584K)] 708141K->106605K(2041856K), 0.0196850 secs] [Times: user=0.13 sys=0.00, real=0.02 secs] 
2020-09-29T17:46:53.451+0200: 64.214: [GC (Allocation Failure) [PSYoungGen: 638917K->35171K(646144K)] 700013K->96267K(2044416K), 0.0170540 secs] [Times: user=0.13 sys=0.00, real=0.02 secs] 
2020-09-29T17:46:53.519+0200: 64.283: [GC (Allocation Failure) [PSYoungGen: 628579K->25572K(647680K)] 689675K->86668K(2045952K), 0.0122487 secs] [Times: user=0.03 sys=0.00, real=0.01 secs] 
2020-09-29T17:46:53.586+0200: 64.350: [GC (Allocation Failure) [PSYoungGen: 622052K->34117K(647680K)] 683148K->95213K(2045952K), 0.0163275 secs] [Times: user=0.11 sys=0.00, real=0.02 secs] 
2020-09-29T17:46:53.661+0200: 64.424: [GC (Allocation Failure) [PSYoungGen: 630597K->42789K(646144K)] 691693K->103885K(2044416K), 0.0192535 secs] [Times: user=0.13 sys=0.00, real=0.02 secs] 
2020-09-29T17:46:53.733+0200: 64.496: [GC (Allocation Failure) [PSYoungGen: 639269K->37637K(647680K)] 700365K->98733K(2045952K), 0.0165136 secs] [Times: user=0.13 sys=0.00, real=0.02 secs] 
2020-09-29T17:46:53.803+0200: 64.566: [GC (Allocation Failure) [PSYoungGen: 634117K->18307K(645120K)] 695213K->79403K(2043392K), 0.0099679 secs] [Times: user=0.00 sys=0.00, real=0.01 secs] 
2020-09-29T17:46:53.878+0200: 64.642: [GC (Allocation Failure) [PSYoungGen: 612739K->52165K(646656K)] 673835K->113261K(2044928K), 0.0236002 secs] [Times: user=0.25 sys=0.00, real=0.02 secs] 
2020-09-29T17:46:53.957+0200: 64.720: [GC (Allocation Failure) [PSYoungGen: 646597K->31172K(639488K)] 707693K->92268K(2037760K), 0.0154562 secs] [Times: user=0.00 sys=0.00, real=0.01 secs] 
2020-09-29T17:46:54.027+0200: 64.790: [GC (Allocation Failure) [PSYoungGen: 618436K->43364K(630784K)] 679532K->104460K(2029056K), 0.0213459 secs] [Times: user=0.13 sys=0.00, real=0.02 secs] 
2020-09-29T17:46:54.098+0200: 64.861: [GC (Allocation Failure) [PSYoungGen: 630628K->41636K(642048K)] 691724K->102732K(2040320K), 0.0205806 secs] [Times: user=0.13 sys=0.00, real=0.02 secs] 
2020-09-29T17:46:54.171+0200: 64.935: [GC (Allocation Failure) [PSYoungGen: 626852K->25284K(642048K)] 687948K->86380K(2040320K), 0.0126021 secs] [Times: user=0.13 sys=0.00, real=0.01 secs] 
2020-09-29T17:46:54.240+0200: 65.003: [GC (Allocation Failure) [PSYoungGen: 610500K->49989K(635904K)] 671596K->111085K(2034176K), 0.0231352 secs] [Times: user=0.13 sys=0.00, real=0.02 secs] 
2020-09-29T17:46:54.313+0200: 65.076: [GC (Allocation Failure) [PSYoungGen: 629061K->22819K(638976K)] 690157K->83915K(2037248K), 0.0123431 secs] [Times: user=0.13 sys=0.00, real=0.01 secs] 
2020-09-29T17:46:54.378+0200: 65.142: [GC (Allocation Failure) [PSYoungGen: 601891K->27621K(640000K)] 662987K->88717K(2038272K), 0.0117916 secs] [Times: user=0.05 sys=0.00, real=0.01 secs] 
2020-09-29T17:46:54.440+0200: 65.203: [GC (Allocation Failure) [PSYoungGen: 607717K->47141K(627712K)] 668813K->108237K(2025984K), 0.0218532 secs] [Times: user=0.25 sys=0.00, real=0.02 secs] 
2020-09-29T17:46:54.513+0200: 65.277: [GC (Allocation Failure) [PSYoungGen: 627237K->25605K(638464K)] 688333K->86701K(2036736K), 0.0122985 secs] [Times: user=0.13 sys=0.00, real=0.01 secs] 
2020-09-29T17:46:54.588+0200: 65.351: [GC (Allocation Failure) [PSYoungGen: 603141K->42597K(637952K)] 664237K->103693K(2036224K), 0.0216816 secs] [Times: user=0.11 sys=0.00, real=0.02 secs] 
2020-09-29T17:46:54.660+0200: 65.424: [GC (Allocation Failure) [PSYoungGen: 620133K->32261K(640000K)] 681229K->93357K(2038272K), 0.0141481 secs] [Times: user=0.13 sys=0.00, real=0.01 secs] 
2020-09-29T17:46:54.727+0200: 65.490: [GC (Allocation Failure) [PSYoungGen: 611333K->37125K(637952K)] 672429K->98221K(2036224K), 0.0177520 secs] [Times: user=0.13 sys=0.00, real=0.02 secs] 
2020-09-29T17:46:54.795+0200: 65.558: [GC (Allocation Failure) [PSYoungGen: 616197K->41829K(641536K)] 677293K->102925K(2039808K), 0.0197589 secs] [Times: user=0.13 sys=0.00, real=0.02 secs] 
2020-09-29T17:46:54.864+0200: 65.628: [GC (Allocation Failure) [PSYoungGen: 626021K->38085K(641536K)] 687117K->99181K(2039808K), 0.0178746 secs] [Times: user=0.13 sys=0.00, real=0.02 secs] 
2020-09-29T17:46:54.932+0200: 65.696: [GC (Allocation Failure) [PSYoungGen: 622277K->34405K(644608K)] 683373K->95501K(2042880K), 0.0156153 secs] [Times: user=0.11 sys=0.00, real=0.02 secs] 
2020-09-29T17:46:55.000+0200: 65.764: [GC (Allocation Failure) [PSYoungGen: 623205K->35333K(643072K)] 684301K->96429K(2041344K), 0.0169115 secs] [Times: user=0.13 sys=0.00, real=0.02 secs] 
2020-09-29T17:46:55.069+0200: 65.833: [GC (Allocation Failure) [PSYoungGen: 624133K->36229K(647680K)] 685229K->97325K(2045952K), 0.0168967 secs] [Times: user=0.13 sys=0.00, real=0.02 secs] 
2020-09-29T17:46:55.136+0200: 65.900: [GC (Allocation Failure) [PSYoungGen: 631173K->27812K(646144K)] 692269K->88908K(2044416K), 0.0138325 secs] [Times: user=0.13 sys=0.00, real=0.01 secs] 
2020-09-29T17:46:55.201+0200: 65.965: [GC (Allocation Failure) [PSYoungGen: 622756K->34853K(649216K)] 683852K->95949K(2047488K), 0.0163804 secs] [Times: user=0.13 sys=0.00, real=0.02 secs] 
2020-09-29T17:46:55.271+0200: 66.034: [GC (Allocation Failure) [PSYoungGen: 632869K->30244K(647680K)] 693965K->91340K(2045952K), 0.0153916 secs] [Times: user=0.13 sys=0.00, real=0.02 secs] 
2020-09-29T17:46:55.338+0200: 66.101: [GC (Allocation Failure) [PSYoungGen: 628260K->40421K(648704K)] 689356K->101517K(2046976K), 0.0185268 secs] [Times: user=0.13 sys=0.00, real=0.02 secs] 
2020-09-29T17:46:55.408+0200: 66.171: [GC (Allocation Failure) [PSYoungGen: 639973K->36453K(649216K)] 701069K->97549K(2047488K), 0.0181771 secs] [Times: user=0.23 sys=0.00, real=0.02 secs] 
2020-09-29T17:46:55.481+0200: 66.244: [GC (Allocation Failure) [PSYoungGen: 636005K->48101K(643072K)] 697101K->109197K(2041344K), 0.0217082 secs] [Times: user=0.13 sys=0.00, real=0.02 secs] 
2020-09-29T17:46:55.560+0200: 66.323: [GC (Allocation Failure) [PSYoungGen: 642533K->25988K(646656K)] 703629K->87084K(2044928K), 0.0155009 secs] [Times: user=0.11 sys=0.00, real=0.02 secs] 
2020-09-29T17:46:55.637+0200: 66.401: [GC (Allocation Failure) [PSYoungGen: 620420K->32548K(647680K)] 681516K->93644K(2045952K), 0.0168839 secs] [Times: user=0.13 sys=0.00, real=0.02 secs] 
2020-09-29T17:46:55.707+0200: 66.471: [GC (Allocation Failure) [PSYoungGen: 628004K->40133K(646656K)] 689100K->101229K(2044928K), 0.0182364 secs] [Times: user=0.13 sys=0.00, real=0.02 secs] 
2020-09-29T17:46:55.777+0200: 66.541: [GC (Allocation Failure) [PSYoungGen: 635589K->33189K(648704K)] 696685K->94285K(2046976K), 0.0152487 secs] [Times: user=0.13 sys=0.00, real=0.02 secs] 
2020-09-29T17:46:55.844+0200: 66.608: [GC (Allocation Failure) [PSYoungGen: 630181K->27395K(647168K)] 691277K->88491K(2045440K), 0.0145946 secs] [Times: user=0.13 sys=0.00, real=0.01 secs] 
2020-09-29T17:46:55.910+0200: 66.673: [GC (Allocation Failure) [PSYoungGen: 624387K->36485K(649216K)] 685483K->97581K(2047488K), 0.0175165 secs] [Times: user=0.13 sys=0.00, real=0.02 secs] 
2020-09-29T17:46:55.981+0200: 66.744: [GC (Allocation Failure) [PSYoungGen: 635525K->47653K(647168K)] 696621K->108749K(2045440K), 0.0217340 secs] [Times: user=0.13 sys=0.00, real=0.02 secs] 
2020-09-29T17:46:56.054+0200: 66.817: [GC (Allocation Failure) [PSYoungGen: 646693K->31076K(647168K)] 707789K->92172K(2045440K), 0.0157582 secs] [Times: user=0.13 sys=0.00, real=0.02 secs] 
2020-09-29T17:46:56.120+0200: 66.883: [GC (Allocation Failure) [PSYoungGen: 626532K->23876K(619520K)] 687628K->84972K(2017792K), 0.0113007 secs] [Times: user=0.13 sys=0.00, real=0.01 secs] 
2020-09-29T17:46:56.187+0200: 66.950: [GC (Allocation Failure) [PSYoungGen: 619332K->45093K(641536K)] 680428K->106189K(2039808K), 0.0212591 secs] [Times: user=0.25 sys=0.00, real=0.02 secs] 
2020-09-29T17:46:56.259+0200: 67.023: [GC (Allocation Failure) [PSYoungGen: 634405K->16996K(606720K)] 695501K->78092K(2004992K), 0.0090879 secs] [Times: user=0.00 sys=0.00, real=0.01 secs] 
2020-09-29T17:46:56.323+0200: 67.087: [GC (Allocation Failure) [PSYoungGen: 606308K->17124K(642048K)] 667404K->78220K(2040320K), 0.0086914 secs] [Times: user=0.02 sys=0.00, real=0.01 secs] 
2020-09-29T17:46:56.390+0200: 67.153: [GC (Allocation Failure) [PSYoungGen: 603364K->27555K(642560K)] 664460K->88651K(2040832K), 0.0150909 secs] [Times: user=0.13 sys=0.00, real=0.01 secs] 
2020-09-29T17:46:56.460+0200: 67.223: [GC (Allocation Failure) [PSYoungGen: 613795K->37796K(644096K)] 674891K->98892K(2042368K), 0.0187267 secs] [Times: user=0.13 sys=0.00, real=0.02 secs] 
2020-09-29T17:46:56.529+0200: 67.292: [GC (Allocation Failure) [PSYoungGen: 627108K->24100K(644096K)] 688204K->85196K(2042368K), 0.0129591 secs] [Times: user=0.13 sys=0.00, real=0.01 secs] 
2020-09-29T17:46:56.594+0200: 67.357: [GC (Allocation Failure) [PSYoungGen: 613412K->37540K(645120K)] 674508K->98636K(2043392K), 0.0206789 secs] [Times: user=0.20 sys=0.00, real=0.02 secs] 
2020-09-29T17:46:56.669+0200: 67.433: [GC (Allocation Failure) [PSYoungGen: 628900K->25283K(645120K)] 689996K->86379K(2043392K), 0.0138166 secs] [Times: user=0.13 sys=0.00, real=0.01 secs] 
2020-09-29T17:46:56.735+0200: 67.498: [GC (Allocation Failure) [PSYoungGen: 616643K->52709K(631808K)] 677739K->117165K(2030080K), 0.0262274 secs] [Times: user=0.25 sys=0.00, real=0.03 secs] 
2020-09-29T17:46:56.811+0200: 67.574: [GC (Allocation Failure) [PSYoungGen: 631781K->47333K(626688K)] 696237K->111789K(2024960K), 0.0222103 secs] [Times: user=0.25 sys=0.00, real=0.02 secs] 
2020-09-29T17:46:56.882+0200: 67.646: [GC (Allocation Failure) [PSYoungGen: 626405K->36580K(638464K)] 690861K->101036K(2036736K), 0.0182701 secs] [Times: user=0.13 sys=0.00, real=0.02 secs] 
2020-09-29T17:46:56.952+0200: 67.715: [GC (Allocation Failure) [PSYoungGen: 612580K->24645K(636416K)] 677036K->89101K(2034688K), 0.0112233 secs] [Times: user=0.13 sys=0.00, real=0.01 secs] 
2020-09-29T17:46:57.022+0200: 67.785: [GC (Allocation Failure) [PSYoungGen: 600645K->40101K(639488K)] 665101K->104557K(2037760K), 0.0218465 secs] [Times: user=0.13 sys=0.00, real=0.02 secs] 
2020-09-29T17:46:57.100+0200: 67.864: [GC (Allocation Failure) [PSYoungGen: 620197K->18179K(639488K)] 684653K->82635K(2037760K), 0.0101231 secs] [Times: user=0.00 sys=0.00, real=0.01 secs] 
2020-09-29T17:46:57.166+0200: 67.929: [GC (Allocation Failure) [PSYoungGen: 598275K->36772K(640512K)] 662731K->101228K(2038784K), 0.0184428 secs] [Times: user=0.13 sys=0.00, real=0.02 secs] 
2020-09-29T17:46:57.234+0200: 67.997: [GC (Allocation Failure) [PSYoungGen: 617892K->28932K(639488K)] 682348K->93388K(2037760K), 0.0153874 secs] [Times: user=0.13 sys=0.00, real=0.02 secs] 
2020-09-29T17:46:57.298+0200: 68.062: [GC (Allocation Failure) [PSYoungGen: 610052K->33092K(644608K)] 674508K->97548K(2042880K), 0.0164151 secs] [Times: user=0.13 sys=0.00, real=0.02 secs] 
2020-09-29T17:46:57.365+0200: 68.128: [GC (Allocation Failure) [PSYoungGen: 620868K->46597K(634880K)] 685324K->111053K(2033152K), 0.0219197 secs] [Times: user=0.13 sys=0.00, real=0.02 secs] 
2020-09-29T17:46:57.438+0200: 68.201: [GC (Allocation Failure) [PSYoungGen: 634373K->31013K(643072K)] 698829K->95469K(2041344K), 0.0150291 secs] [Times: user=0.13 sys=0.00, real=0.02 secs] 
2020-09-29T17:46:57.505+0200: 68.268: [GC (Allocation Failure) [PSYoungGen: 616741K->42277K(641536K)] 681197K->106733K(2039808K), 0.0198502 secs] [Times: user=0.13 sys=0.00, real=0.02 secs] 
2020-09-29T17:46:57.578+0200: 68.341: [GC (Allocation Failure) [PSYoungGen: 628005K->38660K(643072K)] 692461K->103116K(2041344K), 0.0219457 secs] [Times: user=0.20 sys=0.00, real=0.02 secs] 
2020-09-29T17:46:57.656+0200: 68.419: [GC (Allocation Failure) [PSYoungGen: 625412K->36548K(642560K)] 689868K->101004K(2040832K), 0.0193958 secs] [Times: user=0.11 sys=0.00, real=0.02 secs] 
2020-09-29T17:46:57.728+0200: 68.491: [GC (Allocation Failure) [PSYoungGen: 623300K->21636K(643584K)] 687756K->86092K(2041856K), 0.0108721 secs] [Times: user=0.00 sys=0.00, real=0.01 secs] 
2020-09-29T17:46:57.790+0200: 68.553: [GC (Allocation Failure) [PSYoungGen: 610948K->36549K(644096K)] 675404K->101005K(2042368K), 0.0173713 secs] [Times: user=0.13 sys=0.00, real=0.02 secs] 
2020-09-29T17:46:57.859+0200: 68.623: [GC (Allocation Failure) [PSYoungGen: 625861K->36260K(646656K)] 690317K->100716K(2044928K), 0.0184689 secs] [Times: user=0.13 sys=0.00, real=0.02 secs] 
2020-09-29T17:46:57.928+0200: 68.692: [GC (Allocation Failure) [PSYoungGen: 629156K->40452K(645120K)] 693612K->104908K(2043392K), 0.0198713 secs] [Times: user=0.13 sys=0.00, real=0.02 secs] 
2020-09-29T17:46:58.001+0200: 68.764: [GC (Allocation Failure) [PSYoungGen: 633348K->45477K(642048K)] 697804K->109933K(2040320K), 0.0215607 secs] [Times: user=0.25 sys=0.00, real=0.02 secs] 
2020-09-29T17:46:58.072+0200: 68.836: [GC (Allocation Failure) [PSYoungGen: 634789K->33125K(644096K)] 699245K->97581K(2042368K), 0.0149705 secs] [Times: user=0.13 sys=0.00, real=0.01 secs] 
2020-09-29T17:46:58.145+0200: 68.908: [GC (Allocation Failure) [PSYoungGen: 622437K->33252K(646656K)] 686893K->97708K(2044928K), 0.0170470 secs] [Times: user=0.13 sys=0.00, real=0.02 secs] 
2020-09-29T17:46:58.212+0200: 68.976: [GC (Allocation Failure) [PSYoungGen: 626148K->38245K(645120K)] 690604K->102701K(2043392K), 0.0178895 secs] [Times: user=0.13 sys=0.00, real=0.02 secs] 
2020-09-29T17:46:58.281+0200: 69.045: [GC (Allocation Failure) [PSYoungGen: 631141K->29541K(647680K)] 695597K->93997K(2045952K), 0.0141661 secs] [Times: user=0.13 sys=0.00, real=0.01 secs] 
2020-09-29T17:46:58.349+0200: 69.112: [GC (Allocation Failure) [PSYoungGen: 625509K->34531K(647168K)] 689965K->98987K(2045440K), 0.0178441 secs] [Times: user=0.13 sys=0.00, real=0.02 secs] 
2020-09-29T17:46:58.421+0200: 69.185: [GC (Allocation Failure) [PSYoungGen: 630499K->39748K(648192K)] 694955K->104204K(2046464K), 0.0193689 secs] [Times: user=0.13 sys=0.00, real=0.02 secs] 
2020-09-29T17:46:58.495+0200: 69.258: [GC (Allocation Failure) [PSYoungGen: 638276K->35908K(648704K)] 702732K->100364K(2046976K), 0.0179376 secs] [Times: user=0.13 sys=0.00, real=0.02 secs] 
2020-09-29T17:46:58.564+0200: 69.327: [GC (Allocation Failure) [PSYoungGen: 634436K->46533K(645120K)] 698892K->110989K(2043392K), 0.0215745 secs] [Times: user=0.25 sys=0.00, real=0.02 secs] 
2020-09-29T17:46:58.638+0200: 69.401: [GC (Allocation Failure) [PSYoungGen: 643013K->39236K(647680K)] 707469K->103692K(2045952K), 0.0202529 secs] [Times: user=0.11 sys=0.00, real=0.02 secs] 
2020-09-29T17:46:58.711+0200: 69.474: [GC (Allocation Failure) [PSYoungGen: 635716K->34149K(648704K)] 700172K->98605K(2046976K), 0.0158048 secs] [Times: user=0.13 sys=0.00, real=0.02 secs] 
2020-09-29T17:46:58.779+0200: 69.542: [GC (Allocation Failure) [PSYoungGen: 632165K->29700K(648192K)] 696621K->94156K(2046464K), 0.0149582 secs] [Times: user=0.13 sys=0.00, real=0.01 secs] 
2020-09-29T17:46:58.851+0200: 69.614: [GC (Allocation Failure) [PSYoungGen: 627716K->49637K(638976K)] 692172K->117885K(2037248K), 0.0182921 secs] [Times: user=0.13 sys=0.00, real=0.02 secs] 
2020-09-29T17:46:58.919+0200: 69.682: [GC (Allocation Failure) [PSYoungGen: 638949K->12547K(602112K)] 707197K->80795K(2000384K), 0.0053694 secs] [Times: user=0.00 sys=0.00, real=0.01 secs] 
2020-09-29T17:46:58.976+0200: 69.739: [GC (Allocation Failure) [PSYoungGen: 601859K->41285K(640512K)] 670107K->109533K(2038784K), 0.0144647 secs] [Times: user=0.13 sys=0.00, real=0.01 secs] 
2020-09-29T17:46:59.040+0200: 69.804: [GC (Allocation Failure) [PSYoungGen: 624453K->50309K(633856K)] 692701K->118557K(2032128K), 0.0169453 secs] [Times: user=0.13 sys=0.00, real=0.02 secs] 
2020-09-29T17:46:59.108+0200: 69.870: [GC (Allocation Failure) [PSYoungGen: 633477K->29828K(638976K)] 701725K->98076K(2037248K), 0.0108333 secs] [Times: user=0.13 sys=0.00, real=0.01 secs] 
2020-09-29T17:46:59.167+0200: 69.931: [GC (Allocation Failure) [PSYoungGen: 607876K->32548K(637952K)] 676124K->100796K(2036224K), 0.0113257 secs] [Times: user=0.13 sys=0.00, real=0.01 secs] 
2020-09-29T17:46:59.229+0200: 69.991: [GC (Allocation Failure) [PSYoungGen: 610596K->35684K(643072K)] 678844K->103932K(2041344K), 0.0129543 secs] [Times: user=0.13 sys=0.00, real=0.01 secs] 
2020-09-29T17:46:59.291+0200: 70.054: [GC (Allocation Failure) [PSYoungGen: 620388K->46181K(640512K)] 688636K->114429K(2038784K), 0.0147223 secs] [Times: user=0.13 sys=0.00, real=0.02 secs] 
2020-09-29T17:46:59.356+0200: 70.119: [GC (Allocation Failure) [PSYoungGen: 630885K->13442K(636928K)] 699133K->81690K(2035200K), 0.0067185 secs] [Times: user=0.00 sys=0.00, real=0.01 secs] 
2020-09-29T17:46:59.412+0200: 70.175: [GC (Allocation Failure) [PSYoungGen: 592514K->16387K(595968K)] 660762K->84635K(1994240K), 0.0068322 secs] [Times: user=0.00 sys=0.00, real=0.01 secs] 
2020-09-29T17:46:59.470+0200: 70.233: [GC (Allocation Failure) [PSYoungGen: 595459K->33957K(641024K)] 663707K->102205K(2039296K), 0.0115841 secs] [Times: user=0.13 sys=0.00, real=0.01 secs] 
2020-09-29T17:46:59.532+0200: 70.295: [GC (Allocation Failure) [PSYoungGen: 614565K->39653K(638464K)] 682813K->107901K(2036736K), 0.0138226 secs] [Times: user=0.13 sys=0.00, real=0.01 secs] 
2020-09-29T17:46:59.596+0200: 70.360: [GC (Allocation Failure) [PSYoungGen: 620261K->45156K(636928K)] 688509K->113404K(2035200K), 0.0172511 secs] [Times: user=0.22 sys=0.00, real=0.02 secs] 
2020-09-29T17:46:59.664+0200: 70.428: [GC (Allocation Failure) [PSYoungGen: 624228K->35397K(638976K)] 692476K->103645K(2037248K), 0.0123337 secs] [Times: user=0.13 sys=0.00, real=0.01 secs] 
2020-09-29T17:46:59.727+0200: 70.490: [GC (Allocation Failure) [PSYoungGen: 614469K->24837K(642048K)] 682717K->93085K(2040320K), 0.0089785 secs] [Times: user=0.00 sys=0.00, real=0.01 secs] 
2020-09-29T17:46:59.791+0200: 70.554: [GC (Allocation Failure) [PSYoungGen: 609029K->33284K(641024K)] 677277K->101532K(2039296K), 0.0131374 secs] [Times: user=0.13 sys=0.00, real=0.01 secs] 
2020-09-29T17:46:59.854+0200: 70.617: [GC (Allocation Failure) [PSYoungGen: 617476K->29541K(645120K)] 685724K->97789K(2043392K), 0.0105643 secs] [Times: user=0.13 sys=0.00, real=0.01 secs] 
2020-09-29T17:46:59.917+0200: 70.680: [GC (Allocation Failure) [PSYoungGen: 619877K->31524K(644096K)] 688125K->99772K(2042368K), 0.0112351 secs] [Times: user=0.13 sys=0.00, real=0.01 secs] 
2020-09-29T17:46:59.982+0200: 70.745: [GC (Allocation Failure) [PSYoungGen: 621860K->33571K(648704K)] 690108K->101819K(2046976K), 0.0127784 secs] [Times: user=0.13 sys=0.00, real=0.01 secs] 
2020-09-29T17:47:00.047+0200: 70.810: [GC (Allocation Failure) [PSYoungGen: 630563K->26659K(647168K)] 698811K->94907K(2045440K), 0.0117278 secs] [Times: user=0.13 sys=0.00, real=0.01 secs] 
2020-09-29T17:47:00.110+0200: 70.872: [GC (Allocation Failure) [PSYoungGen: 623651K->35589K(649728K)] 691899K->103837K(2048000K), 0.0123281 secs] [Times: user=0.13 sys=0.00, real=0.01 secs] 
2020-09-29T17:47:00.175+0200: 70.938: [GC (Allocation Failure) [PSYoungGen: 635653K->47492K(647680K)] 703901K->115740K(2045952K), 0.0164175 secs] [Times: user=0.13 sys=0.00, real=0.02 secs] 
2020-09-29T17:47:00.243+0200: 71.006: [GC (Allocation Failure) [PSYoungGen: 647556K->30884K(646656K)] 715804K->99132K(2044928K), 0.0116569 secs] [Times: user=0.13 sys=0.00, real=0.01 secs] 
2020-09-29T17:47:00.306+0200: 71.069: [GC (Allocation Failure) [PSYoungGen: 626340K->38469K(647168K)] 694588K->106717K(2045440K), 0.0136166 secs] [Times: user=0.13 sys=0.00, real=0.01 secs] 
2020-09-29T17:47:00.372+0200: 71.135: [GC (Allocation Failure) [PSYoungGen: 633925K->45989K(642048K)] 702173K->114237K(2040320K), 0.0191707 secs] [Times: user=0.11 sys=0.00, real=0.02 secs] 
2020-09-29T17:47:00.443+0200: 71.206: [GC (Allocation Failure) [PSYoungGen: 636325K->48485K(638976K)] 704573K->116733K(2037248K), 0.0176441 secs] [Times: user=0.11 sys=0.00, real=0.02 secs] 
2020-09-29T17:47:00.513+0200: 71.276: [GC (Allocation Failure) [PSYoungGen: 638821K->37189K(643584K)] 707069K->105437K(2041856K), 0.0154680 secs] [Times: user=0.11 sys=0.00, real=0.02 secs] 
2020-09-29T17:47:00.581+0200: 71.343: [GC (Allocation Failure) [PSYoungGen: 623941K->49797K(636928K)] 692189K->118045K(2035200K), 0.0172567 secs] [Times: user=0.11 sys=0.00, real=0.02 secs] 
2020-09-29T17:47:00.650+0200: 71.413: [GC (Allocation Failure) [PSYoungGen: 636549K->48549K(637440K)] 704797K->116797K(2035712K), 0.0168218 secs] [Times: user=0.13 sys=0.00, real=0.02 secs] 
2020-09-29T17:47:00.717+0200: 71.479: [GC (Allocation Failure) [PSYoungGen: 627621K->38853K(638976K)] 695869K->107101K(2037248K), 0.0134614 secs] [Times: user=0.13 sys=0.00, real=0.01 secs] 
2020-09-29T17:47:00.780+0200: 71.543: [GC (Allocation Failure) [PSYoungGen: 617925K->27587K(640000K)] 686173K->95835K(2038272K), 0.0108090 secs] [Times: user=0.13 sys=0.00, real=0.01 secs] 
2020-09-29T17:47:00.842+0200: 71.605: [GC (Allocation Failure) [PSYoungGen: 609731K->49157K(631808K)] 677979K->117405K(2030080K), 0.0163487 secs] [Times: user=0.13 sys=0.00, real=0.02 secs] 
2020-09-29T17:47:00.908+0200: 71.671: [GC (Allocation Failure) [PSYoungGen: 631301K->43365K(638976K)] 699549K->111613K(2037248K), 0.0144782 secs] [Times: user=0.13 sys=0.00, real=0.01 secs] 
2020-09-29T17:47:00.975+0200: 71.738: [GC (Allocation Failure) [PSYoungGen: 621925K->47653K(626688K)] 690173K->115901K(2024960K), 0.0161612 secs] [Times: user=0.13 sys=0.00, real=0.02 secs] 
2020-09-29T17:47:01.041+0200: 71.803: [GC (Allocation Failure) [PSYoungGen: 626213K->37829K(639488K)] 694461K->106077K(2037760K), 0.0130010 secs] [Times: user=0.13 sys=0.00, real=0.01 secs] 
2020-09-29T17:47:01.103+0200: 71.866: [GC (Allocation Failure) [PSYoungGen: 616389K->26500K(637952K)] 684637K->94748K(2036224K), 0.0119050 secs] [Times: user=0.13 sys=0.00, real=0.01 secs] 
2020-09-29T17:47:01.164+0200: 71.927: [GC (Allocation Failure) [PSYoungGen: 605060K->30532K(640000K)] 673308K->98780K(2038272K), 0.0112468 secs] [Times: user=0.00 sys=0.00, real=0.01 secs] 
2020-09-29T17:47:01.225+0200: 71.988: [GC (Allocation Failure) [PSYoungGen: 611140K->36836K(639488K)] 679388K->105084K(2037760K), 0.0134358 secs] [Times: user=0.00 sys=0.00, real=0.01 secs] 
2020-09-29T17:47:01.293+0200: 72.056: [GC (Allocation Failure) [PSYoungGen: 617444K->43205K(641024K)] 685692K->111453K(2039296K), 0.0154487 secs] [Times: user=0.13 sys=0.00, real=0.02 secs] 
2020-09-29T17:47:01.359+0200: 72.122: [GC (Allocation Failure) [PSYoungGen: 627397K->25412K(641536K)] 695645K->93660K(2039808K), 0.0097701 secs] [Times: user=0.13 sys=0.00, real=0.01 secs] 
2020-09-29T17:47:01.418+0200: 72.182: [GC (Allocation Failure) [PSYoungGen: 609604K->20068K(639488K)] 677852K->88316K(2037760K), 0.0077886 secs] [Times: user=0.13 sys=0.00, real=0.01 secs] 
2020-09-29T17:47:01.476+0200: 72.240: [GC (Allocation Failure) [PSYoungGen: 602212K->27619K(640512K)] 670460K->95867K(2038784K), 0.0112206 secs] [Times: user=0.00 sys=0.00, real=0.01 secs] 
2020-09-29T17:47:01.541+0200: 72.304: [GC (Allocation Failure) [PSYoungGen: 609763K->35525K(643584K)] 678011K->103773K(2041856K), 0.0148271 secs] [Times: user=0.13 sys=0.00, real=0.02 secs] 
2020-09-29T17:47:01.612+0200: 72.375: [GC (Allocation Failure) [PSYoungGen: 621765K->32580K(641536K)] 690013K->100828K(2039808K), 0.0142041 secs] [Times: user=0.09 sys=0.00, real=0.01 secs] 
2020-09-29T17:47:01.683+0200: 72.446: [GC (Allocation Failure) [PSYoungGen: 618820K->30885K(646144K)] 687068K->99133K(2044416K), 0.0112666 secs] [Times: user=0.13 sys=0.00, real=0.01 secs] 
2020-09-29T17:47:01.745+0200: 72.508: [GC (Allocation Failure) [PSYoungGen: 623269K->35397K(645120K)] 691517K->103645K(2043392K), 0.0125763 secs] [Times: user=0.13 sys=0.00, real=0.01 secs] 
2020-09-29T17:47:01.808+0200: 72.571: [GC (Allocation Failure) [PSYoungGen: 627781K->37444K(648192K)] 696029K->105692K(2046464K), 0.0134155 secs] [Times: user=0.13 sys=0.00, real=0.01 secs] 
2020-09-29T17:47:01.874+0200: 72.638: [GC (Allocation Failure) [PSYoungGen: 634436K->50661K(647680K)] 702684K->128325K(2045952K), 0.0210931 secs] [Times: user=0.20 sys=0.05, real=0.02 secs] 
2020-09-29T17:47:01.946+0200: 72.709: [GC (Allocation Failure) [PSYoungGen: 647653K->27235K(634368K)] 725317K->104899K(2032640K), 0.0107239 secs] [Times: user=0.00 sys=0.00, real=0.01 secs] 
2020-09-29T17:47:02.008+0200: 72.771: [GC (Allocation Failure) [PSYoungGen: 610403K->34019K(641024K)] 688067K->111683K(2039296K), 0.0131255 secs] [Times: user=0.13 sys=0.00, real=0.01 secs] 
2020-09-29T17:47:02.070+0200: 72.834: [GC (Allocation Failure) [PSYoungGen: 617187K->28068K(643072K)] 694851K->105732K(2041344K), 0.0101799 secs] [Times: user=0.00 sys=0.00, real=0.01 secs] 
2020-09-29T17:47:02.131+0200: 72.894: [GC (Allocation Failure) [PSYoungGen: 614820K->40452K(642560K)] 692484K->118116K(2040832K), 0.0142180 secs] [Times: user=0.13 sys=0.00, real=0.01 secs] 
2020-09-29T17:47:02.195+0200: 72.959: [GC (Allocation Failure) [PSYoungGen: 627204K->39108K(644096K)] 704868K->116772K(2042368K), 0.0138115 secs] [Times: user=0.13 sys=0.00, real=0.01 secs] 
2020-09-29T17:47:02.260+0200: 73.023: [GC (Allocation Failure) [PSYoungGen: 627396K->39429K(643072K)] 705060K->117093K(2041344K), 0.0133864 secs] [Times: user=0.13 sys=0.00, real=0.01 secs] 
2020-09-29T17:47:02.325+0200: 73.088: [GC (Allocation Failure) [PSYoungGen: 627717K->38404K(645632K)] 705381K->116068K(2043904K), 0.0138958 secs] [Times: user=0.13 sys=0.00, real=0.01 secs] 
2020-09-29T17:47:02.389+0200: 73.152: [GC (Allocation Failure) [PSYoungGen: 629764K->28165K(644608K)] 707428K->105829K(2042880K), 0.0098742 secs] [Times: user=0.13 sys=0.00, real=0.01 secs] 
2020-09-29T17:47:02.450+0200: 73.213: [GC (Allocation Failure) [PSYoungGen: 619525K->45317K(642560K)] 697189K->122981K(2040832K), 0.0152774 secs] [Times: user=0.13 sys=0.00, real=0.01 secs] 
2020-09-29T17:47:02.518+0200: 73.282: [GC (Allocation Failure) [PSYoungGen: 634629K->33093K(644096K)] 712293K->110757K(2042368K), 0.0113337 secs] [Times: user=0.13 sys=0.00, real=0.01 secs] 
2020-09-29T17:47:02.584+0200: 73.347: [GC (Allocation Failure) [PSYoungGen: 622405K->18756K(643072K)] 700069K->96420K(2041344K), 0.0079744 secs] [Times: user=0.00 sys=0.00, real=0.01 secs] 
2020-09-29T17:47:02.646+0200: 73.410: [GC (Allocation Failure) [PSYoungGen: 608068K->33861K(644096K)] 685732K->111525K(2042368K), 0.0123175 secs] [Times: user=0.00 sys=0.00, real=0.01 secs] 
2020-09-29T17:47:02.709+0200: 73.472: [GC (Allocation Failure) [PSYoungGen: 623173K->48933K(638464K)] 700837K->126597K(2036736K), 0.0171354 secs] [Times: user=0.13 sys=0.00, real=0.02 secs] 
2020-09-29T17:47:02.776+0200: 73.539: [GC (Allocation Failure) [PSYoungGen: 634149K->32549K(642048K)] 711813K->110213K(2040320K), 0.0108376 secs] [Times: user=0.13 sys=0.00, real=0.01 secs] 
2020-09-29T17:47:02.837+0200: 73.601: [GC (Allocation Failure) [PSYoungGen: 617765K->43365K(641536K)] 695429K->121029K(2039808K), 0.0149170 secs] [Times: user=0.13 sys=0.00, real=0.02 secs] 
2020-09-29T17:47:02.903+0200: 73.667: [GC (Allocation Failure) [PSYoungGen: 629605K->41765K(642560K)] 707269K->119429K(2040832K), 0.0149859 secs] [Times: user=0.13 sys=0.00, real=0.01 secs] 
2020-09-29T17:47:02.969+0200: 73.733: [GC (Allocation Failure) [PSYoungGen: 628005K->40101K(643584K)] 705669K->117765K(2041856K), 0.0136209 secs] [Times: user=0.13 sys=0.00, real=0.01 secs] 
2020-09-29T17:47:03.034+0200: 73.797: [GC (Allocation Failure) [PSYoungGen: 627365K->39525K(642560K)] 705029K->117189K(2040832K), 0.0136787 secs] [Times: user=0.13 sys=0.00, real=0.01 secs] 
2020-09-29T17:47:03.098+0200: 73.861: [GC (Allocation Failure) [PSYoungGen: 626789K->24709K(643584K)] 704453K->102373K(2041856K), 0.0095358 secs] [Times: user=0.00 sys=0.00, real=0.01 secs] 
2020-09-29T17:47:03.159+0200: 73.922: [GC (Allocation Failure) [PSYoungGen: 614021K->39524K(644096K)] 691685K->117188K(2042368K), 0.0142728 secs] [Times: user=0.13 sys=0.00, real=0.01 secs] 
2020-09-29T17:47:03.225+0200: 73.989: [GC (Allocation Failure) [PSYoungGen: 628836K->26084K(644608K)] 706500K->103748K(2042880K), 0.0099733 secs] [Times: user=0.00 sys=0.00, real=0.01 secs] 
2020-09-29T17:47:03.286+0200: 74.049: [GC (Allocation Failure) [PSYoungGen: 616420K->28517K(644608K)] 694084K->106181K(2042880K), 0.0098524 secs] [Times: user=0.00 sys=0.00, real=0.01 secs] 
2020-09-29T17:47:03.348+0200: 74.111: [GC (Allocation Failure) [PSYoungGen: 618853K->42052K(644096K)] 696517K->119716K(2042368K), 0.0148874 secs] [Times: user=0.00 sys=0.00, real=0.01 secs] 
2020-09-29T17:47:03.413+0200: 74.176: [GC (Allocation Failure) [PSYoungGen: 632388K->28708K(644608K)] 710052K->106372K(2042880K), 0.0106389 secs] [Times: user=0.00 sys=0.00, real=0.01 secs] 
2020-09-29T17:47:03.474+0200: 74.237: [GC (Allocation Failure) [PSYoungGen: 619044K->28707K(646144K)] 696708K->106371K(2044416K), 0.0113001 secs] [Times: user=0.00 sys=0.00, real=0.01 secs] 
2020-09-29T17:47:03.534+0200: 74.297: [GC (Allocation Failure) [PSYoungGen: 621091K->46948K(639488K)] 698755K->124612K(2037760K), 0.0158323 secs] [Times: user=0.13 sys=0.00, real=0.02 secs] 
2020-09-29T17:47:03.600+0200: 74.364: [GC (Allocation Failure) [PSYoungGen: 639332K->37700K(644096K)] 716996K->115364K(2042368K), 0.0148497 secs] [Times: user=0.11 sys=0.00, real=0.02 secs] 
2020-09-29T17:47:03.665+0200: 74.428: [GC (Allocation Failure) [PSYoungGen: 625988K->24420K(643072K)] 703652K->102084K(2041344K), 0.0092876 secs] [Times: user=0.00 sys=0.00, real=0.01 secs] 
2020-09-29T17:47:03.723+0200: 74.486: [GC (Allocation Failure) [PSYoungGen: 612708K->24740K(644608K)] 690372K->102404K(2042880K), 0.0087345 secs] [Times: user=0.00 sys=0.00, real=0.01 secs] 
2020-09-29T17:47:03.781+0200: 74.545: [GC (Allocation Failure) [PSYoungGen: 614564K->12964K(603136K)] 692228K->90628K(2001408K), 0.0050138 secs] [Times: user=0.13 sys=0.00, real=0.01 secs] 
2020-09-29T17:47:03.840+0200: 74.603: [GC (Allocation Failure) [PSYoungGen: 602788K->13155K(642048K)] 680452K->90819K(2040320K), 0.0056728 secs] [Times: user=0.00 sys=0.00, real=0.01 secs] 
2020-09-29T17:47:03.893+0200: 74.656: [GC (Allocation Failure) [PSYoungGen: 599395K->25187K(642560K)] 677059K->102851K(2040832K), 0.0099740 secs] [Times: user=0.13 sys=0.00, real=0.01 secs] 
2020-09-29T17:47:03.951+0200: 74.714: [GC (Allocation Failure) [PSYoungGen: 611427K->23427K(645632K)] 689091K->101091K(2043904K), 0.0096279 secs] [Times: user=0.13 sys=0.00, real=0.01 secs] 
2020-09-29T17:47:04.009+0200: 74.772: [GC (Allocation Failure) [PSYoungGen: 614275K->12514K(644096K)] 691939K->90178K(2042368K), 0.0063050 secs] [Times: user=0.00 sys=0.00, real=0.01 secs] 
2020-09-29T17:47:04.066+0200: 74.829: [GC (Allocation Failure) [PSYoungGen: 603362K->15395K(646144K)] 681026K->93059K(2044416K), 0.0063340 secs] [Times: user=0.13 sys=0.00, real=0.01 secs] 
2020-09-29T17:47:04.120+0200: 74.883: [GC (Allocation Failure) [PSYoungGen: 608291K->20419K(645632K)] 685955K->98083K(2043904K), 0.0078724 secs] [Times: user=0.00 sys=0.00, real=0.01 secs] 
2020-09-29T17:47:04.176+0200: 74.939: [GC (Allocation Failure) [PSYoungGen: 613315K->24898K(650240K)] 690979K->102562K(2048512K), 0.0107005 secs] [Times: user=0.13 sys=0.00, real=0.01 secs] 
2020-09-29T17:47:04.234+0200: 74.997: [GC (Allocation Failure) [PSYoungGen: 623938K->22403K(647680K)] 701602K->100067K(2045952K), 0.0090298 secs] [Times: user=0.13 sys=0.00, real=0.01 secs] 
2020-09-29T17:47:04.294+0200: 75.057: [GC (Allocation Failure) [PSYoungGen: 621138K->2049K(648192K)] 698802K->79713K(2046464K), 0.0026920 secs] [Times: user=0.00 sys=0.00, real=0.00 secs] 
2020-09-29T17:47:04.345+0200: 75.107: [GC (Allocation Failure) [PSYoungGen: 603649K->15811K(650240K)] 681313K->93475K(2048512K), 0.0069644 secs] [Times: user=0.13 sys=0.00, real=0.01 secs] 
2020-09-29T17:47:04.404+0200: 75.166: [GC (Allocation Failure) [PSYoungGen: 617411K->29507K(650752K)] 695075K->107171K(2049024K), 0.0115521 secs] [Times: user=0.13 sys=0.00, real=0.01 secs] 
2020-09-29T17:47:04.465+0200: 75.228: [GC (Allocation Failure) [PSYoungGen: 633155K->17762K(651264K)] 710819K->95426K(2049536K), 0.0085195 secs] [Times: user=0.00 sys=0.00, real=0.01 secs] 
2020-09-29T17:47:04.523+0200: 75.285: [GC (Allocation Failure) [PSYoungGen: 621410K->33539K(649728K)] 699074K->111203K(2048000K), 0.0127391 secs] [Times: user=0.00 sys=0.00, real=0.01 secs] 
2020-09-29T17:47:04.584+0200: 75.347: [GC (Allocation Failure) [PSYoungGen: 637187K->20194K(651264K)] 714851K->97858K(2049536K), 0.0099567 secs] [Times: user=0.00 sys=0.00, real=0.01 secs] 
2020-09-29T17:47:04.645+0200: 75.407: [GC (Allocation Failure) [PSYoungGen: 623842K->35971K(648704K)] 701506K->113635K(2046976K), 0.0140631 secs] [Times: user=0.13 sys=0.00, real=0.01 secs] 
2020-09-29T17:47:04.706+0200: 75.468: [GC (Allocation Failure) [PSYoungGen: 638595K->23363K(650752K)] 716259K->101027K(2049024K), 0.0091918 secs] [Times: user=0.13 sys=0.00, real=0.01 secs] 
2020-09-29T17:47:04.762+0200: 75.525: [GC (Allocation Failure) [PSYoungGen: 625987K->10659K(652800K)] 703651K->88323K(2051072K), 0.0048511 secs] [Times: user=0.00 sys=0.00, real=0.00 secs] 
2020-09-29T17:47:04.816+0200: 75.578: [GC (Allocation Failure) [PSYoungGen: 617379K->13633K(652800K)] 695043K->91297K(2051072K), 0.0079290 secs] [Times: user=0.13 sys=0.00, real=0.01 secs] 
2020-09-29T17:47:04.872+0200: 75.634: [GC (Allocation Failure) [PSYoungGen: 620353K->32419K(650240K)] 698017K->110083K(2048512K), 0.0127067 secs] [Times: user=0.13 sys=0.00, real=0.01 secs] 
2020-09-29T17:47:04.934+0200: 75.697: [GC (Allocation Failure) [PSYoungGen: 635243K->2049K(607232K)] 712907K->79713K(2005504K), 0.0028616 secs] [Times: user=0.00 sys=0.00, real=0.00 secs] 
2020-09-29T17:47:04.986+0200: 75.749: [GC (Allocation Failure) [PSYoungGen: 606721K->32579K(647680K)] 684385K->110243K(2045952K), 0.0128404 secs] [Times: user=0.13 sys=0.00, real=0.01 secs] 
2020-09-29T17:47:05.047+0200: 75.810: [GC (Allocation Failure) [PSYoungGen: 632131K->30531K(630272K)] 709795K->108195K(2028544K), 0.0119967 secs] [Times: user=0.13 sys=0.00, real=0.01 secs] 
2020-09-29T17:47:05.107+0200: 75.870: [GC (Allocation Failure) [PSYoungGen: 630083K->28483K(649216K)] 707747K->106147K(2047488K), 0.0114261 secs] [Times: user=0.13 sys=0.00, real=0.01 secs] 
2020-09-29T17:47:05.168+0200: 75.930: [GC (Allocation Failure) [PSYoungGen: 627523K->9665K(648704K)] 705187K->87329K(2046976K), 0.0061788 secs] [Times: user=0.00 sys=0.00, real=0.01 secs] 
2020-09-29T17:47:05.223+0200: 75.986: [GC (Allocation Failure) [PSYoungGen: 608705K->4962K(648704K)] 686369K->82626K(2046976K), 0.0031393 secs] [Times: user=0.00 sys=0.00, real=0.00 secs] 
2020-09-29T17:47:05.276+0200: 76.040: [GC (Allocation Failure) [PSYoungGen: 604514K->64K(600064K)] 682178K->77728K(1998336K), 0.0005760 secs] [Times: user=0.00 sys=0.00, real=0.00 secs] 
2020-09-29T17:47:05.327+0200: 76.091: [GC (Allocation Failure) [PSYoungGen: 599616K->11809K(650752K)] 677280K->89473K(2049024K), 0.0066140 secs] [Times: user=0.13 sys=0.00, real=0.01 secs] 
2020-09-29T17:47:05.393+0200: 76.157: [GC (Allocation Failure) [PSYoungGen: 612385K->9121K(648704K)] 690049K->86785K(2046976K), 0.0057782 secs] [Times: user=0.13 sys=0.00, real=0.01 secs] 
2020-09-29T17:47:05.490+0200: 76.253: [GC (Allocation Failure) [PSYoungGen: 609697K->7969K(653824K)] 687361K->85633K(2052096K), 0.0051157 secs] [Times: user=0.00 sys=0.00, real=0.00 secs] 
2020-09-29T17:47:05.588+0200: 76.351: [GC (Allocation Failure) [PSYoungGen: 615201K->13633K(652288K)] 692865K->91297K(2050560K), 0.0079209 secs] [Times: user=0.00 sys=0.00, real=0.01 secs] 
2020-09-29T17:47:05.688+0200: 76.452: [GC (Allocation Failure) [PSYoungGen: 620865K->5697K(657408K)] 698529K->83361K(2055680K), 0.0042371 secs] [Times: user=0.13 sys=0.00, real=0.01 secs] 
2020-09-29T17:47:05.786+0200: 76.549: [GC (Allocation Failure) [PSYoungGen: 620609K->5249K(656384K)] 698273K->82913K(2054656K), 0.0042234 secs] [Times: user=0.00 sys=0.00, real=0.00 secs] 
Heap
 PSYoungGen      total 656384K, used 146176K [0x00000000d5580000, 0x0000000100000000, 0x0000000100000000)
  eden space 614912K, 22% used [0x00000000d5580000,0x00000000ddf1fbc0,0x00000000fae00000)
  from space 41472K, 12% used [0x00000000fae00000,0x00000000fb320490,0x00000000fd680000)
  to   space 40448K, 0% used [0x00000000fd880000,0x00000000fd880000,0x0000000100000000)
 ParOldGen       total 1398272K, used 77664K [0x0000000080000000, 0x00000000d5580000, 0x00000000d5580000)
  object space 1398272K, 5% used [0x0000000080000000,0x0000000084bd8050,0x00000000d5580000)
 Metaspace       used 2594K, capacity 4486K, committed 4864K, reserved 1056768K
  class space    used 285K, capacity 386K, committed 512K, reserved 1048576K
