Java HotSpot(TM) 64-Bit Server VM (25.261-b12) for windows-amd64 JRE (1.8.0_261-b12), built on Jun 18 2020 06:56:32 by "" with unknown MS VC++:1916
Memory: 4k page, physical 16659684k(9586024k free), swap 23213284k(9220680k free)
CommandLine flags: -XX:InitialHeapSize=2147483648 -XX:MaxHeapSize=2147483648 -XX:+PrintGC -XX:+PrintGCDateStamps -XX:+PrintGCDetails -XX:+PrintGCTimeStamps -XX:+UseCompressedClassPointers -XX:+UseCompressedOops -XX:-UseLargePagesIndividualAllocation -XX:+UseParallelGC 
2020-09-29T17:57:26.499+0200: 0.246: [GC (Allocation Failure) [PSYoungGen: 524800K->23666K(611840K)] 524800K->23674K(2010112K), 0.0143551 secs] [Times: user=0.13 sys=0.00, real=0.01 secs] 
2020-09-29T17:57:26.560+0200: 0.308: [GC (Allocation Failure) [PSYoungGen: 548466K->28244K(611840K)] 548474K->28252K(2010112K), 0.0239480 secs] [Times: user=0.11 sys=0.00, real=0.02 secs] 
2020-09-29T17:57:26.632+0200: 0.379: [GC (Allocation Failure) [PSYoungGen: 553044K->30644K(611840K)] 553052K->30652K(2010112K), 0.0126521 secs] [Times: user=0.00 sys=0.00, real=0.01 secs] 
2020-09-29T17:57:26.691+0200: 0.438: [GC (Allocation Failure) [PSYoungGen: 555444K->19779K(611840K)] 555452K->19787K(2010112K), 0.0084923 secs] [Times: user=0.13 sys=0.00, real=0.01 secs] 
2020-09-29T17:57:26.745+0200: 0.492: [GC (Allocation Failure) [PSYoungGen: 544579K->38741K(611840K)] 544587K->38749K(2010112K), 0.0143588 secs] [Times: user=0.13 sys=0.00, real=0.01 secs] 
2020-09-29T17:57:26.805+0200: 0.552: [GC (Allocation Failure) [PSYoungGen: 561976K->416K(648192K)] 561984K->424K(2046464K), 0.0007304 secs] [Times: user=0.00 sys=0.00, real=0.00 secs] 
2020-09-29T17:57:26.861+0200: 0.609: [GC (Allocation Failure) [PSYoungGen: 607136K->32325K(639488K)] 607144K->32745K(2037760K), 0.0108280 secs] [Times: user=0.13 sys=0.00, real=0.01 secs] 
2020-09-29T17:57:26.935+0200: 0.683: [GC (Allocation Failure) [PSYoungGen: 639045K->47589K(633856K)] 639465K->51489K(2032128K), 0.0231718 secs] [Times: user=0.25 sys=0.00, real=0.02 secs] 
2020-09-29T17:57:27.011+0200: 0.758: [GC (Allocation Failure) [PSYoungGen: 633829K->19332K(642560K)] 637729K->23232K(2040832K), 0.0070635 secs] [Times: user=0.00 sys=0.00, real=0.01 secs] 
2020-09-29T17:57:27.078+0200: 0.826: [GC (Allocation Failure) [PSYoungGen: 605572K->31365K(645120K)] 609472K->35265K(2043392K), 0.0141190 secs] [Times: user=0.06 sys=0.00, real=0.01 secs] 
2020-09-29T17:57:27.149+0200: 0.896: [GC (Allocation Failure) [PSYoungGen: 621701K->32964K(644096K)] 625601K->36864K(2042368K), 0.0127074 secs] [Times: user=0.13 sys=0.00, real=0.01 secs] 
2020-09-29T17:57:27.216+0200: 0.963: [GC (Allocation Failure) [PSYoungGen: 623300K->35236K(645120K)] 627200K->39136K(2043392K), 0.0164614 secs] [Times: user=0.13 sys=0.00, real=0.02 secs] 
2020-09-29T17:57:27.288+0200: 1.035: [GC (Allocation Failure) [PSYoungGen: 627620K->39620K(632320K)] 631520K->43520K(2030592K), 0.0161243 secs] [Times: user=0.13 sys=0.00, real=0.02 secs] 
2020-09-29T17:57:27.357+0200: 1.105: [GC (Allocation Failure) [PSYoungGen: 632004K->30308K(646656K)] 635904K->34208K(2044928K), 0.0126149 secs] [Times: user=0.13 sys=0.00, real=0.01 secs] 
2020-09-29T17:57:27.424+0200: 1.172: [GC (Allocation Failure) [PSYoungGen: 622180K->47941K(640000K)] 626080K->51841K(2038272K), 0.0170542 secs] [Times: user=0.13 sys=0.00, real=0.02 secs] 
2020-09-29T17:57:27.492+0200: 1.239: [GC (Allocation Failure) [PSYoungGen: 639813K->24132K(643072K)] 643713K->28032K(2041344K), 0.0087237 secs] [Times: user=0.00 sys=0.00, real=0.01 secs] 
2020-09-29T17:57:27.551+0200: 1.298: [GC (Allocation Failure) [PSYoungGen: 610372K->18244K(642048K)] 614272K->22144K(2040320K), 0.0074363 secs] [Times: user=0.13 sys=0.00, real=0.01 secs] 
2020-09-29T17:57:27.612+0200: 1.359: [GC (Allocation Failure) [PSYoungGen: 604484K->43973K(637440K)] 608384K->47873K(2035712K), 0.0163833 secs] [Times: user=0.11 sys=0.00, real=0.02 secs] 
2020-09-29T17:57:27.679+0200: 1.427: [GC (Allocation Failure) [PSYoungGen: 626117K->37700K(640512K)] 630017K->41600K(2038784K), 0.0137061 secs] [Times: user=0.13 sys=0.00, real=0.01 secs] 
2020-09-29T17:57:27.743+0200: 1.491: [GC (Allocation Failure) [PSYoungGen: 619844K->31396K(643584K)] 623744K->35296K(2041856K), 0.0116966 secs] [Times: user=0.13 sys=0.00, real=0.01 secs] 
2020-09-29T17:57:27.806+0200: 1.554: [GC (Allocation Failure) [PSYoungGen: 617124K->42949K(641024K)] 621024K->46849K(2039296K), 0.0150264 secs] [Times: user=0.13 sys=0.00, real=0.02 secs] 
2020-09-29T17:57:27.872+0200: 1.619: [GC (Allocation Failure) [PSYoungGen: 628677K->12195K(639488K)] 632577K->16095K(2037760K), 0.0051452 secs] [Times: user=0.00 sys=0.00, real=0.01 secs] 
2020-09-29T17:57:27.935+0200: 1.683: [GC (Allocation Failure) [PSYoungGen: 594339K->33861K(640512K)] 598239K->37761K(2038784K), 0.0119042 secs] [Times: user=0.13 sys=0.00, real=0.01 secs] 
2020-09-29T17:57:27.998+0200: 1.746: [GC (Allocation Failure) [PSYoungGen: 616005K->39172K(641024K)] 619905K->43072K(2039296K), 0.0142076 secs] [Times: user=0.13 sys=0.00, real=0.02 secs] 
2020-09-29T17:57:28.063+0200: 1.811: [GC (Allocation Failure) [PSYoungGen: 623364K->19138K(641536K)] 627264K->23038K(2039808K), 0.0084892 secs] [Times: user=0.13 sys=0.00, real=0.01 secs] 
2020-09-29T17:57:28.122+0200: 1.869: [GC (Allocation Failure) [PSYoungGen: 603330K->28035K(644096K)] 607230K->31935K(2042368K), 0.0114813 secs] [Times: user=0.13 sys=0.00, real=0.01 secs] 
2020-09-29T17:57:28.185+0200: 1.933: [GC (Allocation Failure) [PSYoungGen: 615299K->40901K(642048K)] 619199K->44801K(2040320K), 0.0184418 secs] [Times: user=0.09 sys=0.00, real=0.02 secs] 
2020-09-29T17:57:28.257+0200: 2.004: [GC (Allocation Failure) [PSYoungGen: 628165K->26532K(644096K)] 632065K->30432K(2042368K), 0.0103768 secs] [Times: user=0.00 sys=0.00, real=0.01 secs] 
2020-09-29T17:57:28.318+0200: 2.066: [GC (Allocation Failure) [PSYoungGen: 614308K->26277K(642560K)] 618208K->30177K(2040832K), 0.0102688 secs] [Times: user=0.00 sys=0.00, real=0.01 secs] 
2020-09-29T17:57:28.381+0200: 2.128: [GC (Allocation Failure) [PSYoungGen: 614053K->25764K(647168K)] 617953K->29664K(2045440K), 0.0092635 secs] [Times: user=0.00 sys=0.00, real=0.01 secs] 
2020-09-29T17:57:28.443+0200: 2.190: [GC (Allocation Failure) [PSYoungGen: 619684K->31461K(645632K)] 623584K->35361K(2043904K), 0.0114997 secs] [Times: user=0.00 sys=0.00, real=0.01 secs] 
2020-09-29T17:57:28.505+0200: 2.253: [GC (Allocation Failure) [PSYoungGen: 625381K->37092K(647680K)] 629281K->40992K(2045952K), 0.0135226 secs] [Times: user=0.00 sys=0.00, real=0.01 secs] 
2020-09-29T17:57:28.570+0200: 2.318: [GC (Allocation Failure) [PSYoungGen: 634596K->32709K(648192K)] 638496K->36609K(2046464K), 0.0124557 secs] [Times: user=0.11 sys=0.00, real=0.01 secs] 
2020-09-29T17:57:28.636+0200: 2.383: [GC (Allocation Failure) [PSYoungGen: 630213K->28581K(650752K)] 634113K->32481K(2049024K), 0.0097927 secs] [Times: user=0.13 sys=0.00, real=0.01 secs] 
2020-09-29T17:57:28.700+0200: 2.448: [GC (Allocation Failure) [PSYoungGen: 630181K->27780K(649728K)] 634081K->31680K(2048000K), 0.0102883 secs] [Times: user=0.13 sys=0.00, real=0.01 secs] 
2020-09-29T17:57:28.762+0200: 2.510: [GC (Allocation Failure) [PSYoungGen: 629380K->26340K(652800K)] 633280K->30240K(2051072K), 0.0099817 secs] [Times: user=0.13 sys=0.00, real=0.01 secs] 
2020-09-29T17:57:28.825+0200: 2.573: [GC (Allocation Failure) [PSYoungGen: 632548K->26339K(652288K)] 636448K->30239K(2050560K), 0.0106051 secs] [Times: user=0.13 sys=0.00, real=0.01 secs] 
2020-09-29T17:57:28.888+0200: 2.635: [GC (Allocation Failure) [PSYoungGen: 632547K->29443K(655360K)] 636447K->33343K(2053632K), 0.0113273 secs] [Times: user=0.13 sys=0.00, real=0.01 secs] 
2020-09-29T17:57:28.952+0200: 2.699: [GC (Allocation Failure) [PSYoungGen: 639747K->43493K(653824K)] 643647K->55641K(2052096K), 0.0191813 secs] [Times: user=0.13 sys=0.00, real=0.02 secs] 
2020-09-29T17:57:29.024+0200: 2.771: [GC (Allocation Failure) [PSYoungGen: 653797K->45029K(636416K)] 665945K->58945K(2034688K), 0.0161330 secs] [Times: user=0.13 sys=0.00, real=0.02 secs] 
2020-09-29T17:57:29.091+0200: 2.839: [GC (Allocation Failure) [PSYoungGen: 636389K->35844K(645120K)] 650305K->49760K(2043392K), 0.0129577 secs] [Times: user=0.13 sys=0.00, real=0.01 secs] 
2020-09-29T17:57:29.158+0200: 2.905: [GC (Allocation Failure) [PSYoungGen: 627204K->39301K(645120K)] 641120K->53217K(2043392K), 0.0137568 secs] [Times: user=0.13 sys=0.00, real=0.01 secs] 
2020-09-29T17:57:29.225+0200: 2.973: [GC (Allocation Failure) [PSYoungGen: 631685K->27012K(645632K)] 645601K->40928K(2043904K), 0.0108470 secs] [Times: user=0.00 sys=0.00, real=0.01 secs] 
2020-09-29T17:57:29.288+0200: 3.035: [GC (Allocation Failure) [PSYoungGen: 619396K->31461K(648192K)] 633312K->45377K(2046464K), 0.0106896 secs] [Times: user=0.00 sys=0.00, real=0.01 secs] 
2020-09-29T17:57:29.353+0200: 3.101: [GC (Allocation Failure) [PSYoungGen: 627429K->24036K(646656K)] 641345K->37952K(2044928K), 0.0096037 secs] [Times: user=0.00 sys=0.00, real=0.01 secs] 
2020-09-29T17:57:29.414+0200: 3.162: [GC (Allocation Failure) [PSYoungGen: 620004K->44804K(642048K)] 633920K->58720K(2040320K), 0.0160151 secs] [Times: user=0.13 sys=0.00, real=0.02 secs] 
2020-09-29T17:57:29.481+0200: 3.229: [GC (Allocation Failure) [PSYoungGen: 636164K->48325K(640000K)] 650080K->62241K(2038272K), 0.0168538 secs] [Times: user=0.13 sys=0.00, real=0.02 secs] 
2020-09-29T17:57:29.550+0200: 3.297: [GC (Allocation Failure) [PSYoungGen: 639685K->24421K(642048K)] 653601K->38337K(2040320K), 0.0086113 secs] [Times: user=0.13 sys=0.00, real=0.01 secs] 
2020-09-29T17:57:29.613+0200: 3.360: [GC (Allocation Failure) [PSYoungGen: 609637K->21252K(642048K)] 623553K->35168K(2040320K), 0.0097014 secs] [Times: user=0.11 sys=0.00, real=0.01 secs] 
2020-09-29T17:57:29.679+0200: 3.427: [GC (Allocation Failure) [PSYoungGen: 606468K->32261K(644608K)] 620384K->46177K(2042880K), 0.0116453 secs] [Times: user=0.00 sys=0.00, real=0.01 secs] 
2020-09-29T17:57:29.747+0200: 3.495: [GC (Allocation Failure) [PSYoungGen: 620037K->43684K(642048K)] 633953K->57600K(2040320K), 0.0162667 secs] [Times: user=0.13 sys=0.00, real=0.02 secs] 
2020-09-29T17:57:29.815+0200: 3.562: [GC (Allocation Failure) [PSYoungGen: 631460K->29380K(644096K)] 645376K->43296K(2042368K), 0.0109747 secs] [Times: user=0.13 sys=0.00, real=0.01 secs] 
2020-09-29T17:57:29.878+0200: 3.625: [GC (Allocation Failure) [PSYoungGen: 617156K->41796K(642560K)] 631072K->55712K(2040832K), 0.0146546 secs] [Times: user=0.13 sys=0.00, real=0.01 secs] 
2020-09-29T17:57:29.943+0200: 3.691: [GC (Allocation Failure) [PSYoungGen: 629572K->41669K(642048K)] 643488K->55585K(2040320K), 0.0143868 secs] [Times: user=0.02 sys=0.00, real=0.01 secs] 
2020-09-29T17:57:30.008+0200: 3.756: [GC (Allocation Failure) [PSYoungGen: 627909K->37412K(642560K)] 641825K->51328K(2040832K), 0.0137162 secs] [Times: user=0.13 sys=0.00, real=0.01 secs] 
2020-09-29T17:57:30.072+0200: 3.820: [GC (Allocation Failure) [PSYoungGen: 623652K->33124K(645120K)] 637568K->47040K(2043392K), 0.0123378 secs] [Times: user=0.13 sys=0.00, real=0.01 secs] 
2020-09-29T17:57:30.135+0200: 3.883: [GC (Allocation Failure) [PSYoungGen: 622948K->48773K(638976K)] 636864K->62689K(2037248K), 0.0162094 secs] [Times: user=0.13 sys=0.00, real=0.02 secs] 
2020-09-29T17:57:30.205+0200: 3.953: [GC (Allocation Failure) [PSYoungGen: 638597K->36997K(643584K)] 652513K->50913K(2041856K), 0.0189175 secs] [Times: user=0.20 sys=0.00, real=0.02 secs] 
2020-09-29T17:57:30.279+0200: 4.027: [GC (Allocation Failure) [PSYoungGen: 623749K->49509K(636416K)] 637665K->63425K(2034688K), 0.0193096 secs] [Times: user=0.11 sys=0.00, real=0.02 secs] 
2020-09-29T17:57:30.352+0200: 4.100: [GC (Allocation Failure) [PSYoungGen: 636261K->34693K(642048K)] 650177K->48609K(2040320K), 0.0136156 secs] [Times: user=0.13 sys=0.00, real=0.01 secs] 
2020-09-29T17:57:30.418+0200: 4.165: [GC (Allocation Failure) [PSYoungGen: 618885K->31013K(641024K)] 632801K->44929K(2039296K), 0.0112456 secs] [Times: user=0.13 sys=0.00, real=0.01 secs] 
2020-09-29T17:57:30.479+0200: 4.227: [GC (Allocation Failure) [PSYoungGen: 615205K->11746K(637952K)] 629121K->25662K(2036224K), 0.0055376 secs] [Times: user=0.00 sys=0.00, real=0.00 secs] 
2020-09-29T17:57:30.537+0200: 4.285: [GC (Allocation Failure) [PSYoungGen: 593890K->33284K(640512K)] 607806K->47200K(2038784K), 0.0124290 secs] [Times: user=0.00 sys=0.00, real=0.01 secs] 
2020-09-29T17:57:30.603+0200: 4.351: [GC (Allocation Failure) [PSYoungGen: 615428K->41189K(642048K)] 629344K->55105K(2040320K), 0.0152748 secs] [Times: user=0.11 sys=0.00, real=0.02 secs] 
2020-09-29T17:57:30.669+0200: 4.417: [GC (Allocation Failure) [PSYoungGen: 627429K->24228K(642560K)] 641345K->38144K(2040832K), 0.0092961 secs] [Times: user=0.13 sys=0.00, real=0.01 secs] 
2020-09-29T17:57:30.728+0200: 4.476: [GC (Allocation Failure) [PSYoungGen: 610468K->34436K(644608K)] 624384K->48352K(2042880K), 0.0129023 secs] [Times: user=0.13 sys=0.00, real=0.01 secs] 
2020-09-29T17:57:30.793+0200: 4.540: [GC (Allocation Failure) [PSYoungGen: 622724K->32004K(642560K)] 636640K->45920K(2040832K), 0.0121019 secs] [Times: user=0.11 sys=0.00, real=0.01 secs] 
2020-09-29T17:57:30.857+0200: 4.605: [GC (Allocation Failure) [PSYoungGen: 620292K->46085K(640512K)] 634208K->60001K(2038784K), 0.0163337 secs] [Times: user=0.13 sys=0.00, real=0.02 secs] 
2020-09-29T17:57:30.925+0200: 4.673: [GC (Allocation Failure) [PSYoungGen: 634373K->32644K(643584K)] 648289K->46560K(2041856K), 0.0122803 secs] [Times: user=0.13 sys=0.00, real=0.01 secs] 
2020-09-29T17:57:30.989+0200: 4.736: [GC (Allocation Failure) [PSYoungGen: 620932K->32068K(646656K)] 634848K->45984K(2044928K), 0.0116066 secs] [Times: user=0.00 sys=0.00, real=0.01 secs] 
2020-09-29T17:57:31.053+0200: 4.800: [GC (Allocation Failure) [PSYoungGen: 624964K->50821K(644096K)] 638880K->64737K(2042368K), 0.0175923 secs] [Times: user=0.11 sys=0.00, real=0.02 secs] 
2020-09-29T17:57:31.123+0200: 4.871: [GC (Allocation Failure) [PSYoungGen: 643717K->42117K(640000K)] 657633K->56033K(2038272K), 0.0153923 secs] [Times: user=0.13 sys=0.00, real=0.02 secs] 
2020-09-29T17:57:31.191+0200: 4.939: [GC (Allocation Failure) [PSYoungGen: 627333K->24803K(642048K)] 641249K->38719K(2040320K), 0.0126079 secs] [Times: user=0.08 sys=0.02, real=0.01 secs] 
2020-09-29T17:57:31.256+0200: 5.004: [GC (Allocation Failure) [PSYoungGen: 610019K->35749K(644096K)] 623935K->49665K(2042368K), 0.0120857 secs] [Times: user=0.00 sys=0.00, real=0.01 secs] 
2020-09-29T17:57:31.320+0200: 5.068: [GC (Allocation Failure) [PSYoungGen: 623013K->35141K(642048K)] 636929K->49057K(2040320K), 0.0117016 secs] [Times: user=0.00 sys=0.00, real=0.01 secs] 
2020-09-29T17:57:31.383+0200: 5.131: [GC (Allocation Failure) [PSYoungGen: 622405K->48101K(640000K)] 636321K->62017K(2038272K), 0.0164461 secs] [Times: user=0.13 sys=0.00, real=0.02 secs] 
2020-09-29T17:57:31.450+0200: 5.198: [GC (Allocation Failure) [PSYoungGen: 635365K->33028K(643072K)] 649281K->46944K(2041344K), 0.0122945 secs] [Times: user=0.13 sys=0.00, real=0.01 secs] 
2020-09-29T17:57:31.514+0200: 5.262: [GC (Allocation Failure) [PSYoungGen: 620292K->46021K(641024K)] 634208K->59937K(2039296K), 0.0161876 secs] [Times: user=0.13 sys=0.00, real=0.02 secs] 
2020-09-29T17:57:31.582+0200: 5.330: [GC (Allocation Failure) [PSYoungGen: 632261K->30693K(642560K)] 646177K->44609K(2040832K), 0.0120111 secs] [Times: user=0.11 sys=0.00, real=0.01 secs] 
2020-09-29T17:57:31.646+0200: 5.393: [GC (Allocation Failure) [PSYoungGen: 616933K->27396K(643584K)] 630849K->41312K(2041856K), 0.0102950 secs] [Times: user=0.00 sys=0.00, real=0.01 secs] 
2020-09-29T17:57:31.706+0200: 5.454: [GC (Allocation Failure) [PSYoungGen: 615172K->26051K(643072K)] 629088K->39967K(2041344K), 0.0104562 secs] [Times: user=0.13 sys=0.00, real=0.01 secs] 
2020-09-29T17:57:31.768+0200: 5.515: [GC (Allocation Failure) [PSYoungGen: 613827K->39621K(644096K)] 627743K->53537K(2042368K), 0.0145498 secs] [Times: user=0.11 sys=0.00, real=0.01 secs] 
2020-09-29T17:57:31.835+0200: 5.582: [GC (Allocation Failure) [PSYoungGen: 628421K->24804K(643584K)] 642337K->38720K(2041856K), 0.0090647 secs] [Times: user=0.00 sys=0.00, real=0.01 secs] 
2020-09-29T17:57:31.903+0200: 5.650: [GC (Allocation Failure) [PSYoungGen: 613604K->50501K(635904K)] 627520K->64417K(2034176K), 0.0172357 secs] [Times: user=0.13 sys=0.00, real=0.02 secs] 
2020-09-29T17:57:31.971+0200: 5.719: [GC (Allocation Failure) [PSYoungGen: 631621K->43332K(624640K)] 645537K->57248K(2022912K), 0.0155502 secs] [Times: user=0.13 sys=0.00, real=0.02 secs] 
2020-09-29T17:57:32.037+0200: 5.785: [GC (Allocation Failure) [PSYoungGen: 624452K->50213K(634368K)] 638368K->64129K(2032640K), 0.0166999 secs] [Times: user=0.13 sys=0.00, real=0.02 secs] 
2020-09-29T17:57:32.104+0200: 5.851: [GC (Allocation Failure) [PSYoungGen: 625189K->23557K(636928K)] 639105K->37473K(2035200K), 0.0077106 secs] [Times: user=0.00 sys=0.00, real=0.01 secs] 
2020-09-29T17:57:32.161+0200: 5.909: [GC (Allocation Failure) [PSYoungGen: 598533K->38053K(638976K)] 612449K->51969K(2037248K), 0.0125546 secs] [Times: user=0.00 sys=0.00, real=0.01 secs] 
2020-09-29T17:57:32.229+0200: 5.976: [GC (Allocation Failure) [PSYoungGen: 615077K->40837K(636928K)] 628993K->54753K(2035200K), 0.0144223 secs] [Times: user=0.13 sys=0.00, real=0.01 secs] 
2020-09-29T17:57:32.293+0200: 6.041: [GC (Allocation Failure) [PSYoungGen: 617861K->26661K(640000K)] 631777K->40577K(2038272K), 0.0094641 secs] [Times: user=0.13 sys=0.00, real=0.01 secs] 
2020-09-29T17:57:32.353+0200: 6.101: [GC (Allocation Failure) [PSYoungGen: 607269K->46725K(627712K)] 621185K->60641K(2025984K), 0.0167086 secs] [Times: user=0.13 sys=0.00, real=0.02 secs] 
2020-09-29T17:57:32.420+0200: 6.168: [GC (Allocation Failure) [PSYoungGen: 627333K->25765K(638464K)] 641249K->39681K(2036736K), 0.0088306 secs] [Times: user=0.13 sys=0.00, real=0.01 secs] 
2020-09-29T17:57:32.479+0200: 6.227: [GC (Allocation Failure) [PSYoungGen: 603813K->29381K(638464K)] 617729K->43297K(2036736K), 0.0109917 secs] [Times: user=0.13 sys=0.00, real=0.01 secs] 
2020-09-29T17:57:32.541+0200: 6.289: [GC (Allocation Failure) [PSYoungGen: 607429K->19076K(638976K)] 621345K->32992K(2037248K), 0.0073513 secs] [Times: user=0.00 sys=0.00, real=0.01 secs] 
2020-09-29T17:57:32.599+0200: 6.347: [GC (Allocation Failure) [PSYoungGen: 599172K->37444K(639488K)] 613088K->51360K(2037760K), 0.0153651 secs] [Times: user=0.11 sys=0.00, real=0.02 secs] 
2020-09-29T17:57:32.666+0200: 6.414: [GC (Allocation Failure) [PSYoungGen: 617540K->43140K(638464K)] 631456K->57056K(2036736K), 0.0156788 secs] [Times: user=0.13 sys=0.00, real=0.02 secs] 
2020-09-29T17:57:32.732+0200: 6.479: [GC (Allocation Failure) [PSYoungGen: 623236K->33859K(639488K)] 637152K->47775K(2037760K), 0.0132992 secs] [Times: user=0.13 sys=0.00, real=0.01 secs] 
2020-09-29T17:57:32.795+0200: 6.543: [GC (Allocation Failure) [PSYoungGen: 613955K->39717K(642048K)] 627871K->53633K(2040320K), 0.0158071 secs] [Times: user=0.11 sys=0.00, real=0.02 secs] 
2020-09-29T17:57:32.862+0200: 6.610: [GC (Allocation Failure) [PSYoungGen: 624933K->35748K(642048K)] 638849K->49664K(2040320K), 0.0138267 secs] [Times: user=0.13 sys=0.00, real=0.01 secs] 
2020-09-29T17:57:32.928+0200: 6.676: [GC (Allocation Failure) [PSYoungGen: 620964K->33093K(645632K)] 634880K->47009K(2043904K), 0.0125915 secs] [Times: user=0.00 sys=0.00, real=0.01 secs] 
2020-09-29T17:57:32.992+0200: 6.740: [GC (Allocation Failure) [PSYoungGen: 623941K->49701K(641024K)] 637857K->63617K(2039296K), 0.0168496 secs] [Times: user=0.13 sys=0.00, real=0.02 secs] 
2020-09-29T17:57:33.060+0200: 6.808: [GC (Allocation Failure) [PSYoungGen: 640549K->52645K(633856K)] 654465K->66561K(2032128K), 0.0177457 secs] [Times: user=0.13 sys=0.00, real=0.02 secs] 
2020-09-29T17:57:33.130+0200: 6.878: [GC (Allocation Failure) [PSYoungGen: 629669K->26373K(637952K)] 643585K->40289K(2036224K), 0.0087631 secs] [Times: user=0.00 sys=0.00, real=0.01 secs] 
2020-09-29T17:57:33.190+0200: 6.938: [GC (Allocation Failure) [PSYoungGen: 603397K->42853K(638464K)] 617313K->56769K(2036736K), 0.0217586 secs] [Times: user=0.20 sys=0.00, real=0.02 secs] 
2020-09-29T17:57:33.268+0200: 7.016: [GC (Allocation Failure) [PSYoungGen: 620901K->32997K(638464K)] 634817K->46913K(2036736K), 0.0150524 secs] [Times: user=0.11 sys=0.00, real=0.02 secs] 
2020-09-29T17:57:33.335+0200: 7.083: [GC (Allocation Failure) [PSYoungGen: 611045K->36805K(642048K)] 624961K->50721K(2040320K), 0.0136439 secs] [Times: user=0.13 sys=0.00, real=0.01 secs] 
2020-09-29T17:57:33.402+0200: 7.149: [GC (Allocation Failure) [PSYoungGen: 619973K->45765K(640000K)] 633889K->59681K(2038272K), 0.0155214 secs] [Times: user=0.13 sys=0.00, real=0.02 secs] 
2020-09-29T17:57:33.467+0200: 7.215: [GC (Allocation Failure) [PSYoungGen: 628933K->27365K(641024K)] 642849K->41281K(2039296K), 0.0098368 secs] [Times: user=0.13 sys=0.00, real=0.01 secs] 
2020-09-29T17:57:33.534+0200: 7.282: [GC (Allocation Failure) [PSYoungGen: 610533K->50021K(633344K)] 624449K->63937K(2031616K), 0.0171673 secs] [Times: user=0.25 sys=0.00, real=0.02 secs] 
2020-09-29T17:57:33.605+0200: 7.353: [GC (Allocation Failure) [PSYoungGen: 633189K->45189K(637440K)] 647105K->59105K(2035712K), 0.0161007 secs] [Times: user=0.11 sys=0.00, real=0.02 secs] 
2020-09-29T17:57:33.673+0200: 7.421: [GC (Allocation Failure) [PSYoungGen: 622213K->34341K(637952K)] 636129K->48257K(2036224K), 0.0123984 secs] [Times: user=0.13 sys=0.00, real=0.01 secs] 
2020-09-29T17:57:33.738+0200: 7.486: [GC (Allocation Failure) [PSYoungGen: 611365K->37125K(641024K)] 625281K->51041K(2039296K), 0.0123740 secs] [Times: user=0.13 sys=0.00, real=0.01 secs] 
2020-09-29T17:57:33.801+0200: 7.549: [GC (Allocation Failure) [PSYoungGen: 618757K->44517K(639488K)] 632673K->58433K(2037760K), 0.0152182 secs] [Times: user=0.00 sys=0.00, real=0.01 secs] 
2020-09-29T17:57:33.867+0200: 7.615: [GC (Allocation Failure) [PSYoungGen: 626149K->22883K(638976K)] 640065K->36799K(2037248K), 0.0100947 secs] [Times: user=0.00 sys=0.00, real=0.01 secs] 
2020-09-29T17:57:33.928+0200: 7.676: [GC (Allocation Failure) [PSYoungGen: 604003K->29764K(640000K)] 617919K->43680K(2038272K), 0.0115644 secs] [Times: user=0.00 sys=0.00, real=0.01 secs] 
2020-09-29T17:57:33.989+0200: 7.737: [GC (Allocation Failure) [PSYoungGen: 610884K->20451K(638976K)] 624800K->34367K(2037248K), 0.0090802 secs] [Times: user=0.00 sys=0.00, real=0.01 secs] 
2020-09-29T17:57:34.048+0200: 7.796: [GC (Allocation Failure) [PSYoungGen: 601571K->25828K(640000K)] 615487K->39744K(2038272K), 0.0097692 secs] [Times: user=0.13 sys=0.00, real=0.01 secs] 
2020-09-29T17:57:34.108+0200: 7.856: [GC (Allocation Failure) [PSYoungGen: 606948K->46437K(636928K)] 620864K->60353K(2035200K), 0.0174558 secs] [Times: user=0.13 sys=0.00, real=0.02 secs] 
2020-09-29T17:57:34.178+0200: 7.925: [GC (Allocation Failure) [PSYoungGen: 625509K->37573K(638976K)] 639425K->51489K(2037248K), 0.0130271 secs] [Times: user=0.00 sys=0.00, real=0.01 secs] 
2020-09-29T17:57:34.244+0200: 7.992: [GC (Allocation Failure) [PSYoungGen: 616645K->26628K(641024K)] 630561K->40544K(2039296K), 0.0098366 secs] [Times: user=0.02 sys=0.00, real=0.01 secs] 
2020-09-29T17:57:34.304+0200: 8.051: [GC (Allocation Failure) [PSYoungGen: 609284K->19524K(640512K)] 623200K->33440K(2038784K), 0.0076563 secs] [Times: user=0.00 sys=0.00, real=0.01 secs] 
2020-09-29T17:57:34.363+0200: 8.111: [GC (Allocation Failure) [PSYoungGen: 602180K->39781K(641024K)] 616096K->53697K(2039296K), 0.0140353 secs] [Times: user=0.11 sys=0.02, real=0.01 secs] 
2020-09-29T17:57:34.429+0200: 8.177: [GC (Allocation Failure) [PSYoungGen: 622949K->34405K(641024K)] 636865K->48321K(2039296K), 0.0123775 secs] [Times: user=0.00 sys=0.00, real=0.01 secs] 
2020-09-29T17:57:34.492+0200: 8.240: [GC (Allocation Failure) [PSYoungGen: 617573K->43236K(640000K)] 631489K->57152K(2038272K), 0.0152952 secs] [Times: user=0.11 sys=0.00, real=0.01 secs] 
2020-09-29T17:57:34.559+0200: 8.307: [GC (Allocation Failure) [PSYoungGen: 627428K->25829K(641536K)] 641344K->39745K(2039808K), 0.0090845 secs] [Times: user=0.13 sys=0.00, real=0.01 secs] 
2020-09-29T17:57:34.628+0200: 8.376: [GC (Allocation Failure) [PSYoungGen: 610021K->35749K(644096K)] 623937K->49665K(2042368K), 0.0160872 secs] [Times: user=0.09 sys=0.00, real=0.02 secs] 
2020-09-29T17:57:34.695+0200: 8.443: [GC (Allocation Failure) [PSYoungGen: 623525K->33444K(642560K)] 637441K->47360K(2040832K), 0.0131675 secs] [Times: user=0.13 sys=0.00, real=0.01 secs] 
2020-09-29T17:57:34.759+0200: 8.507: [GC (Allocation Failure) [PSYoungGen: 621220K->29060K(647168K)] 635136K->42976K(2045440K), 0.0110928 secs] [Times: user=0.13 sys=0.00, real=0.01 secs] 
2020-09-29T17:57:34.821+0200: 8.569: [GC (Allocation Failure) [PSYoungGen: 623492K->21188K(646144K)] 637408K->35104K(2044416K), 0.0080525 secs] [Times: user=0.00 sys=0.00, real=0.01 secs] 
2020-09-29T17:57:34.882+0200: 8.630: [GC (Allocation Failure) [PSYoungGen: 615620K->25891K(647680K)] 629536K->39807K(2045952K), 0.0103168 secs] [Times: user=0.00 sys=0.00, real=0.01 secs] 
2020-09-29T17:57:34.943+0200: 8.691: [GC (Allocation Failure) [PSYoungGen: 621347K->46917K(642560K)] 635263K->60833K(2040832K), 0.0156991 secs] [Times: user=0.13 sys=0.00, real=0.02 secs] 
2020-09-29T17:57:35.011+0200: 8.759: [GC (Allocation Failure) [PSYoungGen: 642373K->40741K(642560K)] 656289K->54657K(2040832K), 0.0144132 secs] [Times: user=0.13 sys=0.00, real=0.02 secs] 
2020-09-29T17:57:35.077+0200: 8.826: [GC (Allocation Failure) [PSYoungGen: 628005K->26116K(643072K)] 641921K->40032K(2041344K), 0.0103885 secs] [Times: user=0.13 sys=0.00, real=0.01 secs] 
2020-09-29T17:57:35.140+0200: 8.888: [GC (Allocation Failure) [PSYoungGen: 613380K->23908K(644608K)] 627296K->37824K(2042880K), 0.0093772 secs] [Times: user=0.13 sys=0.00, real=0.01 secs] 
2020-09-29T17:57:35.205+0200: 8.953: [GC (Allocation Failure) [PSYoungGen: 613732K->39557K(644096K)] 627648K->53473K(2042368K), 0.0173187 secs] [Times: user=0.09 sys=0.00, real=0.02 secs] 
2020-09-29T17:57:35.275+0200: 9.022: [GC (Allocation Failure) [PSYoungGen: 629381K->24004K(644608K)] 643297K->37920K(2042880K), 0.0089161 secs] [Times: user=0.00 sys=0.00, real=0.01 secs] 
2020-09-29T17:57:35.337+0200: 9.084: [GC (Allocation Failure) [PSYoungGen: 613828K->38436K(644096K)] 627744K->52352K(2042368K), 0.0138766 secs] [Times: user=0.13 sys=0.00, real=0.01 secs] 
2020-09-29T17:57:35.402+0200: 9.150: [GC (Allocation Failure) [PSYoungGen: 628260K->39620K(643584K)] 642176K->53536K(2041856K), 0.0146982 secs] [Times: user=0.13 sys=0.00, real=0.02 secs] 
2020-09-29T17:57:35.468+0200: 9.215: [GC (Allocation Failure) [PSYoungGen: 628932K->22082K(644096K)] 642848K->35998K(2042368K), 0.0097196 secs] [Times: user=0.13 sys=0.00, real=0.01 secs] 
2020-09-29T17:57:35.531+0200: 9.279: [GC (Allocation Failure) [PSYoungGen: 611394K->37125K(644608K)] 625310K->51041K(2042880K), 0.0129230 secs] [Times: user=0.13 sys=0.00, real=0.01 secs] 
2020-09-29T17:57:35.603+0200: 9.350: [GC (Allocation Failure) [PSYoungGen: 626949K->39045K(644096K)] 640865K->52961K(2042368K), 0.0172094 secs] [Times: user=0.11 sys=0.00, real=0.02 secs] 
2020-09-29T17:57:35.675+0200: 9.422: [GC (Allocation Failure) [PSYoungGen: 628869K->27268K(645632K)] 642785K->41184K(2043904K), 0.0129534 secs] [Times: user=0.11 sys=0.00, real=0.01 secs] 
2020-09-29T17:57:35.741+0200: 9.489: [GC (Allocation Failure) [PSYoungGen: 618628K->29413K(644608K)] 632544K->43329K(2042880K), 0.0107783 secs] [Times: user=0.00 sys=0.00, real=0.01 secs] 
2020-09-29T17:57:35.803+0200: 9.550: [GC (Allocation Failure) [PSYoungGen: 620773K->18915K(646144K)] 634689K->32831K(2044416K), 0.0076111 secs] [Times: user=0.00 sys=0.00, real=0.01 secs] 
2020-09-29T17:57:35.869+0200: 9.616: [GC (Allocation Failure) [PSYoungGen: 613347K->39173K(633856K)] 627263K->53089K(2032128K), 0.0140921 secs] [Times: user=0.13 sys=0.00, real=0.01 secs] 
2020-09-29T17:57:35.935+0200: 9.682: [GC (Allocation Failure) [PSYoungGen: 633605K->32036K(647680K)] 647521K->45952K(2045952K), 0.0115932 secs] [Times: user=0.13 sys=0.00, real=0.01 secs] 
2020-09-29T17:57:35.997+0200: 9.744: [GC (Allocation Failure) [PSYoungGen: 626468K->24869K(645632K)] 640384K->38785K(2043904K), 0.0091243 secs] [Times: user=0.13 sys=0.00, real=0.01 secs] 
2020-09-29T17:57:36.064+0200: 9.811: [GC (Allocation Failure) [PSYoungGen: 619301K->29701K(650240K)] 633217K->43617K(2048512K), 0.0109185 secs] [Times: user=0.13 sys=0.00, real=0.01 secs] 
2020-09-29T17:57:36.128+0200: 9.876: [GC (Allocation Failure) [PSYoungGen: 629765K->26819K(648704K)] 643681K->40735K(2046976K), 0.0110376 secs] [Times: user=0.13 sys=0.00, real=0.01 secs] 
2020-09-29T17:57:36.193+0200: 9.940: [GC (Allocation Failure) [PSYoungGen: 626883K->47589K(637952K)] 640799K->66465K(2036224K), 0.0249495 secs] [Times: user=0.09 sys=0.00, real=0.02 secs] 
2020-09-29T17:57:36.270+0200: 10.017: [GC (Allocation Failure) [PSYoungGen: 637925K->41252K(631808K)] 656801K->60128K(2030080K), 0.0146991 secs] [Times: user=0.13 sys=0.00, real=0.01 secs] 
2020-09-29T17:57:36.335+0200: 10.083: [GC (Allocation Failure) [PSYoungGen: 631588K->43717K(640512K)] 650464K->62593K(2038784K), 0.0149585 secs] [Times: user=0.13 sys=0.00, real=0.01 secs] 
2020-09-29T17:57:36.401+0200: 10.148: [GC (Allocation Failure) [PSYoungGen: 628933K->26244K(642048K)] 647809K->45120K(2040320K), 0.0102054 secs] [Times: user=0.13 sys=0.00, real=0.01 secs] 
2020-09-29T17:57:36.463+0200: 10.210: [GC (Allocation Failure) [PSYoungGen: 611460K->23364K(643072K)] 630336K->42240K(2041344K), 0.0089776 secs] [Times: user=0.00 sys=0.00, real=0.01 secs] 
2020-09-29T17:57:36.522+0200: 10.270: [GC (Allocation Failure) [PSYoungGen: 610628K->36036K(643072K)] 629504K->54912K(2041344K), 0.0128420 secs] [Times: user=0.00 sys=0.00, real=0.01 secs] 
2020-09-29T17:57:36.587+0200: 10.334: [GC (Allocation Failure) [PSYoungGen: 623300K->35365K(645632K)] 642176K->54241K(2043904K), 0.0133608 secs] [Times: user=0.11 sys=0.00, real=0.02 secs] 
2020-09-29T17:57:36.660+0200: 10.407: [GC (Allocation Failure) [PSYoungGen: 626213K->38277K(644096K)] 645089K->57153K(2042368K), 0.0128819 secs] [Times: user=0.13 sys=0.00, real=0.01 secs] 
2020-09-29T17:57:36.723+0200: 10.470: [GC (Allocation Failure) [PSYoungGen: 629125K->41221K(644608K)] 648001K->60097K(2042880K), 0.0146901 secs] [Times: user=0.13 sys=0.00, real=0.01 secs] 
2020-09-29T17:57:36.790+0200: 10.537: [GC (Allocation Failure) [PSYoungGen: 632581K->44709K(636416K)] 651457K->63585K(2034688K), 0.0150542 secs] [Times: user=0.13 sys=0.00, real=0.02 secs] 
2020-09-29T17:57:36.856+0200: 10.603: [GC (Allocation Failure) [PSYoungGen: 636069K->48165K(637952K)] 654945K->67041K(2036224K), 0.0164170 secs] [Times: user=0.13 sys=0.00, real=0.02 secs] 
2020-09-29T17:57:36.922+0200: 10.670: [GC (Allocation Failure) [PSYoungGen: 630309K->26565K(640512K)] 649185K->45441K(2038784K), 0.0108482 secs] [Times: user=0.11 sys=0.00, real=0.01 secs] 
2020-09-29T17:57:36.986+0200: 10.734: [GC (Allocation Failure) [PSYoungGen: 608709K->48197K(635904K)] 627585K->67073K(2034176K), 0.0166161 secs] [Times: user=0.13 sys=0.00, real=0.02 secs] 
2020-09-29T17:57:37.053+0200: 10.800: [GC (Allocation Failure) [PSYoungGen: 626245K->37445K(638464K)] 645121K->56321K(2036736K), 0.0134680 secs] [Times: user=0.00 sys=0.00, real=0.01 secs] 
2020-09-29T17:57:37.117+0200: 10.865: [GC (Allocation Failure) [PSYoungGen: 615493K->26436K(641024K)] 634369K->45312K(2039296K), 0.0108779 secs] [Times: user=0.00 sys=0.00, real=0.01 secs] 
2020-09-29T17:57:37.178+0200: 10.925: [GC (Allocation Failure) [PSYoungGen: 609092K->18979K(602112K)] 627968K->37855K(2000384K), 0.0092455 secs] [Times: user=0.00 sys=0.00, real=0.01 secs] 
2020-09-29T17:57:37.240+0200: 10.987: [GC (Allocation Failure) [PSYoungGen: 601635K->26500K(641024K)] 620511K->45376K(2039296K), 0.0099233 secs] [Times: user=0.00 sys=0.00, real=0.01 secs] 
2020-09-29T17:57:37.300+0200: 11.048: [GC (Allocation Failure) [PSYoungGen: 608644K->33924K(640000K)] 627520K->52800K(2038272K), 0.0126902 secs] [Times: user=0.13 sys=0.00, real=0.01 secs] 
2020-09-29T17:57:37.364+0200: 11.111: [GC (Allocation Failure) [PSYoungGen: 616068K->26692K(644608K)] 634944K->45568K(2042880K), 0.0093629 secs] [Times: user=0.00 sys=0.00, real=0.01 secs] 
2020-09-29T17:57:37.425+0200: 11.172: [GC (Allocation Failure) [PSYoungGen: 616004K->41797K(631296K)] 634880K->60673K(2029568K), 0.0140161 secs] [Times: user=0.13 sys=0.00, real=0.01 secs] 
2020-09-29T17:57:37.490+0200: 11.237: [GC (Allocation Failure) [PSYoungGen: 631109K->28196K(644608K)] 649985K->47072K(2042880K), 0.0110390 secs] [Times: user=0.00 sys=0.00, real=0.01 secs] 
2020-09-29T17:57:37.551+0200: 11.298: [GC (Allocation Failure) [PSYoungGen: 616996K->42629K(643072K)] 635872K->61505K(2041344K), 0.0147563 secs] [Times: user=0.09 sys=0.00, real=0.01 secs] 
2020-09-29T17:57:37.618+0200: 11.366: [GC (Allocation Failure) [PSYoungGen: 631429K->29668K(644608K)] 650305K->48544K(2042880K), 0.0123262 secs] [Times: user=0.11 sys=0.00, real=0.01 secs] 
2020-09-29T17:57:37.682+0200: 11.430: [GC (Allocation Failure) [PSYoungGen: 618468K->44261K(633344K)] 637344K->63137K(2031616K), 0.0149493 secs] [Times: user=0.11 sys=0.00, real=0.02 secs] 
2020-09-29T17:57:37.748+0200: 11.495: [GC (Allocation Failure) [PSYoungGen: 633061K->29731K(644096K)] 651937K->48607K(2042368K), 0.0118057 secs] [Times: user=0.13 sys=0.00, real=0.01 secs] 
2020-09-29T17:57:37.811+0200: 11.558: [GC (Allocation Failure) [PSYoungGen: 617507K->43012K(642560K)] 636383K->61888K(2040832K), 0.0154840 secs] [Times: user=0.13 sys=0.00, real=0.02 secs] 
2020-09-29T17:57:37.878+0200: 11.625: [GC (Allocation Failure) [PSYoungGen: 630788K->28836K(643584K)] 649664K->47712K(2041856K), 0.0114930 secs] [Times: user=0.11 sys=0.00, real=0.01 secs] 
2020-09-29T17:57:37.940+0200: 11.688: [GC (Allocation Failure) [PSYoungGen: 616100K->25508K(642560K)] 634976K->44384K(2040832K), 0.0100772 secs] [Times: user=0.13 sys=0.00, real=0.01 secs] 
2020-09-29T17:57:38.004+0200: 11.752: [GC (Allocation Failure) [PSYoungGen: 612772K->38501K(644608K)] 631648K->57377K(2042880K), 0.0138132 secs] [Times: user=0.08 sys=0.00, real=0.01 secs] 
2020-09-29T17:57:38.083+0200: 11.830: [GC (Allocation Failure) [PSYoungGen: 628325K->54117K(644096K)] 647201K->72993K(2042368K), 0.0279972 secs] [Times: user=0.11 sys=0.00, real=0.03 secs] 
2020-09-29T17:57:38.178+0200: 11.926: [GC (Allocation Failure) [PSYoungGen: 643941K->42373K(633856K)] 662817K->61249K(2032128K), 0.0214604 secs] [Times: user=0.08 sys=0.00, real=0.02 secs] 
2020-09-29T17:57:38.255+0200: 12.003: [GC (Allocation Failure) [PSYoungGen: 621445K->31845K(638976K)] 640321K->50721K(2037248K), 0.0143736 secs] [Times: user=0.00 sys=0.00, real=0.01 secs] 
2020-09-29T17:57:38.322+0200: 12.069: [GC (Allocation Failure) [PSYoungGen: 610917K->21763K(640512K)] 629793K->40639K(2038784K), 0.0126170 secs] [Times: user=0.09 sys=0.00, real=0.01 secs] 
2020-09-29T17:57:38.391+0200: 12.138: [GC (Allocation Failure) [PSYoungGen: 603907K->43429K(625664K)] 622783K->62305K(2023936K), 0.0167304 secs] [Times: user=0.13 sys=0.00, real=0.02 secs] 
2020-09-29T17:57:38.467+0200: 12.215: [GC (Allocation Failure) [PSYoungGen: 625573K->51269K(632320K)] 644449K->70145K(2030592K), 0.0199861 secs] [Times: user=0.09 sys=0.00, real=0.02 secs] 
2020-09-29T17:57:38.539+0200: 12.287: [GC (Allocation Failure) [PSYoungGen: 624197K->49957K(623104K)] 643073K->68833K(2021376K), 0.0202840 secs] [Times: user=0.09 sys=0.00, real=0.02 secs] 
2020-09-29T17:57:38.613+0200: 12.360: [GC (Allocation Failure) [PSYoungGen: 622885K->34885K(635904K)] 641761K->53761K(2034176K), 0.0158943 secs] [Times: user=0.09 sys=0.00, real=0.02 secs] 
2020-09-29T17:57:38.684+0200: 12.431: [GC (Allocation Failure) [PSYoungGen: 605765K->29988K(633856K)] 624641K->48864K(2032128K), 0.0142228 secs] [Times: user=0.08 sys=0.00, real=0.01 secs] 
2020-09-29T17:57:38.747+0200: 12.495: [GC (Allocation Failure) [PSYoungGen: 600868K->40357K(638464K)] 619744K->59233K(2036736K), 0.0140231 secs] [Times: user=0.13 sys=0.00, real=0.01 secs] 
2020-09-29T17:57:38.811+0200: 12.558: [GC (Allocation Failure) [PSYoungGen: 616869K->42565K(636928K)] 635745K->61441K(2035200K), 0.0144465 secs] [Times: user=0.13 sys=0.00, real=0.01 secs] 
2020-09-29T17:57:38.874+0200: 12.622: [GC (Allocation Failure) [PSYoungGen: 619077K->30564K(639488K)] 637953K->49440K(2037760K), 0.0112823 secs] [Times: user=0.13 sys=0.00, real=0.01 secs] 
2020-09-29T17:57:38.936+0200: 12.683: [GC (Allocation Failure) [PSYoungGen: 609636K->49061K(628224K)] 628512K->67937K(2026496K), 0.0167629 secs] [Times: user=0.13 sys=0.00, real=0.02 secs] 
2020-09-29T17:57:39.004+0200: 12.751: [GC (Allocation Failure) [PSYoungGen: 628133K->53925K(630272K)] 647009K->72801K(2028544K), 0.0199898 secs] [Times: user=0.23 sys=0.00, real=0.02 secs] 
2020-09-29T17:57:39.074+0200: 12.822: [GC (Allocation Failure) [PSYoungGen: 622757K->20996K(590336K)] 641633K->39872K(1988608K), 0.0081157 secs] [Times: user=0.00 sys=0.00, real=0.01 secs] 
2020-09-29T17:57:39.132+0200: 12.880: [GC (Allocation Failure) [PSYoungGen: 589828K->29221K(634368K)] 608704K->48097K(2032640K), 0.0098929 secs] [Times: user=0.00 sys=0.00, real=0.01 secs] 
2020-09-29T17:57:39.193+0200: 12.940: [GC (Allocation Failure) [PSYoungGen: 598053K->37156K(633344K)] 616929K->56032K(2031616K), 0.0177535 secs] [Times: user=0.11 sys=0.00, real=0.02 secs] 
2020-09-29T17:57:39.262+0200: 13.010: [GC (Allocation Failure) [PSYoungGen: 605988K->45413K(635904K)] 624864K->64289K(2034176K), 0.0170203 secs] [Times: user=0.13 sys=0.00, real=0.02 secs] 
2020-09-29T17:57:39.328+0200: 13.076: [GC (Allocation Failure) [PSYoungGen: 619365K->31365K(636416K)] 638241K->50241K(2034688K), 0.0109935 secs] [Times: user=0.13 sys=0.00, real=0.01 secs] 
2020-09-29T17:57:39.389+0200: 13.136: [GC (Allocation Failure) [PSYoungGen: 605317K->42756K(637952K)] 624193K->61632K(2036224K), 0.0165896 secs] [Times: user=0.11 sys=0.00, real=0.02 secs] 
2020-09-29T17:57:39.456+0200: 13.204: [GC (Allocation Failure) [PSYoungGen: 619780K->45541K(622592K)] 638656K->64417K(2020864K), 0.0161145 secs] [Times: user=0.13 sys=0.00, real=0.02 secs] 
2020-09-29T17:57:39.522+0200: 13.270: [GC (Allocation Failure) [PSYoungGen: 622565K->34597K(638976K)] 641441K->53473K(2037248K), 0.0125757 secs] [Times: user=0.00 sys=0.00, real=0.01 secs] 
2020-09-29T17:57:39.585+0200: 13.333: [GC (Allocation Failure) [PSYoungGen: 612133K->51685K(629248K)] 631009K->70561K(2027520K), 0.0188839 secs] [Times: user=0.11 sys=0.00, real=0.02 secs] 
2020-09-29T17:57:39.655+0200: 13.403: [GC (Allocation Failure) [PSYoungGen: 629221K->25507K(635392K)] 648097K->44383K(2033664K), 0.0102232 secs] [Times: user=0.13 sys=0.00, real=0.01 secs] 
2020-09-29T17:57:39.718+0200: 13.465: [GC (Allocation Failure) [PSYoungGen: 598435K->24133K(635904K)] 617311K->43009K(2034176K), 0.0082605 secs] [Times: user=0.13 sys=0.00, real=0.01 secs] 
2020-09-29T17:57:39.777+0200: 13.524: [GC (Allocation Failure) [PSYoungGen: 597061K->33219K(637952K)] 615937K->52095K(2036224K), 0.0148740 secs] [Times: user=0.13 sys=0.00, real=0.01 secs] 
2020-09-29T17:57:39.842+0200: 13.590: [GC (Allocation Failure) [PSYoungGen: 608707K->33444K(636416K)] 627583K->52320K(2034688K), 0.0128283 secs] [Times: user=0.13 sys=0.00, real=0.01 secs] 
2020-09-29T17:57:39.909+0200: 13.656: [GC (Allocation Failure) [PSYoungGen: 608932K->34532K(642048K)] 627808K->53408K(2040320K), 0.0126112 secs] [Times: user=0.11 sys=0.00, real=0.01 secs] 
2020-09-29T17:57:39.972+0200: 13.720: [GC (Allocation Failure) [PSYoungGen: 617700K->56805K(640000K)] 636576K->75937K(2038272K), 0.0190011 secs] [Times: user=0.25 sys=0.00, real=0.02 secs] 
2020-09-29T17:57:40.043+0200: 13.790: [GC (Allocation Failure) [PSYoungGen: 639973K->38693K(636928K)] 659105K->57825K(2035200K), 0.0144725 secs] [Times: user=0.13 sys=0.00, real=0.01 secs] 
2020-09-29T17:57:40.107+0200: 13.855: [GC (Allocation Failure) [PSYoungGen: 616741K->28804K(638464K)] 635873K->47936K(2036736K), 0.0109722 secs] [Times: user=0.13 sys=0.00, real=0.01 secs] 
2020-09-29T17:57:40.173+0200: 13.920: [GC (Allocation Failure) [PSYoungGen: 606852K->17029K(636928K)] 625984K->36161K(2035200K), 0.0058002 secs] [Times: user=0.13 sys=0.00, real=0.01 secs] 
2020-09-29T17:57:40.238+0200: 13.985: [GC (Allocation Failure) [PSYoungGen: 594053K->47173K(624640K)] 613185K->66305K(2022912K), 0.0163529 secs] [Times: user=0.11 sys=0.00, real=0.02 secs] 
2020-09-29T17:57:40.304+0200: 14.052: [GC (Allocation Failure) [PSYoungGen: 624197K->48580K(632832K)] 643329K->67712K(2031104K), 0.0168962 secs] [Times: user=0.13 sys=0.00, real=0.02 secs] 
2020-09-29T17:57:40.371+0200: 14.118: [GC (Allocation Failure) [PSYoungGen: 618436K->43941K(634368K)] 637568K->63073K(2032640K), 0.0152120 secs] [Times: user=0.13 sys=0.00, real=0.01 secs] 
2020-09-29T17:57:40.436+0200: 14.184: [GC (Allocation Failure) [PSYoungGen: 613797K->37668K(636928K)] 632929K->56800K(2035200K), 0.0138900 secs] [Times: user=0.13 sys=0.00, real=0.01 secs] 
2020-09-29T17:57:40.501+0200: 14.249: [GC (Allocation Failure) [PSYoungGen: 610084K->35812K(634368K)] 629216K->54944K(2032640K), 0.0134374 secs] [Times: user=0.13 sys=0.00, real=0.01 secs] 
2020-09-29T17:57:40.566+0200: 14.313: [GC (Allocation Failure) [PSYoungGen: 608228K->20003K(636928K)] 627360K->39135K(2035200K), 0.0099475 secs] [Times: user=0.09 sys=0.00, real=0.01 secs] 
2020-09-29T17:57:40.627+0200: 14.375: [GC (Allocation Failure) [PSYoungGen: 597027K->22789K(637952K)] 616159K->41921K(2036224K), 0.0080377 secs] [Times: user=0.13 sys=0.00, real=0.01 secs] 
2020-09-29T17:57:40.686+0200: 14.433: [GC (Allocation Failure) [PSYoungGen: 599813K->39301K(638976K)] 618945K->58433K(2037248K), 0.0139795 secs] [Times: user=0.13 sys=0.00, real=0.01 secs] 
2020-09-29T17:57:40.750+0200: 14.497: [GC (Allocation Failure) [PSYoungGen: 617349K->29028K(637952K)] 636481K->48160K(2036224K), 0.0106684 secs] [Times: user=0.13 sys=0.00, real=0.01 secs] 
2020-09-29T17:57:40.812+0200: 14.560: [GC (Allocation Failure) [PSYoungGen: 607076K->31877K(642560K)] 626208K->51009K(2040832K), 0.0116458 secs] [Times: user=0.13 sys=0.00, real=0.01 secs] 
2020-09-29T17:57:40.876+0200: 14.623: [GC (Allocation Failure) [PSYoungGen: 616069K->41829K(640512K)] 635201K->60961K(2038784K), 0.0142057 secs] [Times: user=0.13 sys=0.00, real=0.01 secs] 
2020-09-29T17:57:40.941+0200: 14.688: [GC (Allocation Failure) [PSYoungGen: 626021K->23940K(642048K)] 645153K->43072K(2040320K), 0.0088010 secs] [Times: user=0.13 sys=0.00, real=0.01 secs] 
2020-09-29T17:57:41.001+0200: 14.749: [GC (Allocation Failure) [PSYoungGen: 608644K->34340K(641536K)] 627776K->53472K(2039808K), 0.0121390 secs] [Times: user=0.13 sys=0.00, real=0.01 secs] 
2020-09-29T17:57:41.066+0200: 14.813: [GC (Allocation Failure) [PSYoungGen: 619044K->29700K(645632K)] 638176K->48832K(2043904K), 0.0120473 secs] [Times: user=0.11 sys=0.00, real=0.01 secs] 
2020-09-29T17:57:41.131+0200: 14.878: [GC (Allocation Failure) [PSYoungGen: 620548K->32388K(644096K)] 639680K->51520K(2042368K), 0.0115495 secs] [Times: user=0.00 sys=0.00, real=0.01 secs] 
2020-09-29T17:57:41.194+0200: 14.942: [GC (Allocation Failure) [PSYoungGen: 623236K->35301K(648192K)] 642368K->54433K(2046464K), 0.0169895 secs] [Times: user=0.08 sys=0.00, real=0.02 secs] 
2020-09-29T17:57:41.264+0200: 15.011: [GC (Allocation Failure) [PSYoungGen: 631781K->43909K(640512K)] 650913K->63041K(2038784K), 0.0156818 secs] [Times: user=0.13 sys=0.00, real=0.02 secs] 
2020-09-29T17:57:41.331+0200: 15.078: [GC (Allocation Failure) [PSYoungGen: 640389K->38629K(646656K)] 659521K->57761K(2044928K), 0.0137928 secs] [Times: user=0.13 sys=0.00, real=0.01 secs] 
2020-09-29T17:57:41.396+0200: 15.144: [GC (Allocation Failure) [PSYoungGen: 632549K->31013K(646144K)] 651681K->50145K(2044416K), 0.0116593 secs] [Times: user=0.00 sys=0.00, real=0.01 secs] 
2020-09-29T17:57:41.459+0200: 15.206: [GC (Allocation Failure) [PSYoungGen: 624933K->36965K(648192K)] 644065K->56097K(2046464K), 0.0126760 secs] [Times: user=0.00 sys=0.00, real=0.01 secs] 
2020-09-29T17:57:41.523+0200: 15.271: [GC (Allocation Failure) [PSYoungGen: 633957K->32389K(647680K)] 653089K->51521K(2045952K), 0.0117864 secs] [Times: user=0.00 sys=0.00, real=0.01 secs] 
2020-09-29T17:57:41.592+0200: 15.339: [GC (Allocation Failure) [PSYoungGen: 629381K->26308K(649728K)] 648513K->45440K(2048000K), 0.0114466 secs] [Times: user=0.11 sys=0.00, real=0.01 secs] 
2020-09-29T17:57:41.659+0200: 15.406: [GC (Allocation Failure) [PSYoungGen: 626372K->38021K(649216K)] 645504K->57153K(2047488K), 0.0153806 secs] [Times: user=0.09 sys=0.00, real=0.02 secs] 
2020-09-29T17:57:41.729+0200: 15.476: [GC (Allocation Failure) [PSYoungGen: 638085K->22372K(648192K)] 657217K->41504K(2046464K), 0.0091858 secs] [Times: user=0.00 sys=0.00, real=0.01 secs] 
2020-09-29T17:57:41.793+0200: 15.540: [GC (Allocation Failure) [PSYoungGen: 620900K->32933K(648704K)] 640032K->52065K(2046976K), 0.0138025 secs] [Times: user=0.13 sys=0.00, real=0.01 secs] 
2020-09-29T17:57:41.860+0200: 15.607: [GC (Allocation Failure) [PSYoungGen: 631461K->29861K(651776K)] 650593K->48993K(2050048K), 0.0104415 secs] [Times: user=0.13 sys=0.00, real=0.01 secs] 
2020-09-29T17:57:41.923+0200: 15.670: [GC (Allocation Failure) [PSYoungGen: 633509K->45669K(649728K)] 652641K->64801K(2048000K), 0.0148813 secs] [Times: user=0.13 sys=0.00, real=0.01 secs] 
2020-09-29T17:57:41.989+0200: 15.737: [GC (Allocation Failure) [PSYoungGen: 649317K->46980K(640512K)] 668449K->66112K(2038784K), 0.0165713 secs] [Times: user=0.13 sys=0.00, real=0.02 secs] 
2020-09-29T17:57:42.057+0200: 15.805: [GC (Allocation Failure) [PSYoungGen: 638340K->50437K(642048K)] 657472K->69569K(2040320K), 0.0217227 secs] [Times: user=0.13 sys=0.00, real=0.02 secs] 
2020-09-29T17:57:42.133+0200: 15.880: [GC (Allocation Failure) [PSYoungGen: 641797K->53893K(631808K)] 660929K->73025K(2030080K), 0.0182281 secs] [Times: user=0.13 sys=0.00, real=0.02 secs] 
2020-09-29T17:57:42.203+0200: 15.950: [GC (Allocation Failure) [PSYoungGen: 628869K->40997K(636928K)] 648001K->60129K(2035200K), 0.0183055 secs] [Times: user=0.11 sys=0.00, real=0.02 secs] 
2020-09-29T17:57:42.271+0200: 16.019: [GC (Allocation Failure) [PSYoungGen: 615973K->25315K(638464K)] 635105K->44447K(2036736K), 0.0105829 secs] [Times: user=0.00 sys=0.00, real=0.01 secs] 
2020-09-29T17:57:42.332+0200: 16.079: [GC (Allocation Failure) [PSYoungGen: 603363K->15141K(593408K)] 622495K->34273K(1991680K), 0.0049210 secs] [Times: user=0.13 sys=0.00, real=0.00 secs] 
2020-09-29T17:57:42.386+0200: 16.133: [GC (Allocation Failure) [PSYoungGen: 593189K->46309K(633856K)] 612321K->65441K(2032128K), 0.0159423 secs] [Times: user=0.13 sys=0.00, real=0.02 secs] 
2020-09-29T17:57:42.451+0200: 16.199: [GC (Allocation Failure) [PSYoungGen: 618213K->29668K(635392K)] 637345K->48800K(2033664K), 0.0110630 secs] [Times: user=0.13 sys=0.00, real=0.01 secs] 
2020-09-29T17:57:42.512+0200: 16.259: [GC (Allocation Failure) [PSYoungGen: 601572K->26628K(637952K)] 620704K->45760K(2036224K), 0.0097563 secs] [Times: user=0.13 sys=0.00, real=0.01 secs] 
2020-09-29T17:57:42.571+0200: 16.319: [GC (Allocation Failure) [PSYoungGen: 602628K->12259K(636928K)] 621760K->31391K(2035200K), 0.0055910 secs] [Times: user=0.00 sys=0.00, real=0.01 secs] 
2020-09-29T17:57:42.629+0200: 16.376: [GC (Allocation Failure) [PSYoungGen: 588259K->24676K(638464K)] 607391K->43808K(2036736K), 0.0103464 secs] [Times: user=0.11 sys=0.00, real=0.01 secs] 
2020-09-29T17:57:42.689+0200: 16.436: [GC (Allocation Failure) [PSYoungGen: 601188K->25475K(636928K)] 620320K->44607K(2035200K), 0.0105570 secs] [Times: user=0.13 sys=0.00, real=0.01 secs] 
2020-09-29T17:57:42.749+0200: 16.496: [GC (Allocation Failure) [PSYoungGen: 601987K->41349K(637952K)] 621119K->60481K(2036224K), 0.0150561 secs] [Times: user=0.13 sys=0.00, real=0.01 secs] 
2020-09-29T17:57:42.814+0200: 16.562: [GC (Allocation Failure) [PSYoungGen: 620421K->32581K(638976K)] 639553K->51713K(2037248K), 0.0111786 secs] [Times: user=0.13 sys=0.00, real=0.01 secs] 
2020-09-29T17:57:42.877+0200: 16.624: [GC (Allocation Failure) [PSYoungGen: 611653K->20355K(642048K)] 630785K->39487K(2040320K), 0.0087744 secs] [Times: user=0.13 sys=0.00, real=0.01 secs] 
2020-09-29T17:57:42.936+0200: 16.684: [GC (Allocation Failure) [PSYoungGen: 605059K->44485K(629248K)] 624191K->63617K(2027520K), 0.0157629 secs] [Times: user=0.13 sys=0.00, real=0.02 secs] 
2020-09-29T17:57:43.002+0200: 16.750: [GC (Allocation Failure) [PSYoungGen: 629189K->52389K(630272K)] 648321K->71521K(2028544K), 0.0191631 secs] [Times: user=0.23 sys=0.00, real=0.02 secs] 
2020-09-29T17:57:43.071+0200: 16.818: [GC (Allocation Failure) [PSYoungGen: 623269K->35365K(634880K)] 642401K->54497K(2033152K), 0.0123122 secs] [Times: user=0.13 sys=0.00, real=0.01 secs] 
2020-09-29T17:57:43.136+0200: 16.883: [GC (Allocation Failure) [PSYoungGen: 606245K->30084K(639488K)] 625377K->49216K(2037760K), 0.0115986 secs] [Times: user=0.13 sys=0.00, real=0.01 secs] 
2020-09-29T17:57:43.199+0200: 16.946: [GC (Allocation Failure) [PSYoungGen: 608132K->33893K(637440K)] 627264K->53025K(2035712K), 0.0152787 secs] [Times: user=0.09 sys=0.00, real=0.02 secs] 
2020-09-29T17:57:43.265+0200: 17.012: [GC (Allocation Failure) [PSYoungGen: 611941K->23236K(642560K)] 631073K->42368K(2040832K), 0.0093957 secs] [Times: user=0.13 sys=0.00, real=0.01 secs] 
2020-09-29T17:57:43.325+0200: 17.072: [GC (Allocation Failure) [PSYoungGen: 608964K->33092K(642048K)] 628096K->52224K(2040320K), 0.0124862 secs] [Times: user=0.13 sys=0.00, real=0.01 secs] 
2020-09-29T17:57:43.388+0200: 17.136: [GC (Allocation Failure) [PSYoungGen: 618820K->30661K(646144K)] 637952K->49793K(2044416K), 0.0111677 secs] [Times: user=0.13 sys=0.00, real=0.01 secs] 
2020-09-29T17:57:43.451+0200: 17.199: [GC (Allocation Failure) [PSYoungGen: 622533K->34661K(644608K)] 641665K->53793K(2042880K), 0.0118466 secs] [Times: user=0.13 sys=0.00, real=0.01 secs] 
2020-09-29T17:57:43.517+0200: 17.265: [GC (Allocation Failure) [PSYoungGen: 626533K->38596K(646656K)] 645665K->57728K(2044928K), 0.0137329 secs] [Times: user=0.13 sys=0.00, real=0.01 secs] 
2020-09-29T17:57:43.587+0200: 17.334: [GC (Allocation Failure) [PSYoungGen: 634052K->31812K(647168K)] 653184K->50944K(2045440K), 0.0124184 secs] [Times: user=0.00 sys=0.01, real=0.01 secs] 
2020-09-29T17:57:43.652+0200: 17.400: [GC (Allocation Failure) [PSYoungGen: 627268K->25316K(649216K)] 646400K->44448K(2047488K), 0.0099403 secs] [Times: user=0.13 sys=0.00, real=0.01 secs] 
2020-09-29T17:57:43.717+0200: 17.465: [GC (Allocation Failure) [PSYoungGen: 624356K->35812K(648704K)] 643488K->54944K(2046976K), 0.0131448 secs] [Times: user=0.13 sys=0.00, real=0.01 secs] 
2020-09-29T17:57:43.783+0200: 17.530: [GC (Allocation Failure) [PSYoungGen: 634852K->32452K(651264K)] 653984K->51584K(2049536K), 0.0118412 secs] [Times: user=0.13 sys=0.00, real=0.01 secs] 
2020-09-29T17:57:43.846+0200: 17.594: [GC (Allocation Failure) [PSYoungGen: 634564K->32965K(649728K)] 653696K->52097K(2048000K), 0.0118632 secs] [Times: user=0.13 sys=0.00, real=0.01 secs] 
2020-09-29T17:57:43.910+0200: 17.658: [GC (Allocation Failure) [PSYoungGen: 635077K->31940K(653824K)] 654209K->51072K(2052096K), 0.0126376 secs] [Times: user=0.01 sys=0.02, real=0.01 secs] 
2020-09-29T17:57:43.975+0200: 17.722: [GC (Allocation Failure) [PSYoungGen: 639172K->36643K(652288K)] 658304K->55775K(2050560K), 0.0140297 secs] [Times: user=0.13 sys=0.00, real=0.01 secs] 
2020-09-29T17:57:44.041+0200: 17.789: [GC (Allocation Failure) [PSYoungGen: 643875K->28613K(653824K)] 663007K->47745K(2052096K), 0.0099445 secs] [Times: user=0.00 sys=0.00, real=0.01 secs] 
2020-09-29T17:57:44.106+0200: 17.853: [GC (Allocation Failure) [PSYoungGen: 636869K->34980K(653312K)] 656001K->54112K(2051584K), 0.0134897 secs] [Times: user=0.13 sys=0.00, real=0.01 secs] 
2020-09-29T17:57:44.174+0200: 17.922: [GC (Allocation Failure) [PSYoungGen: 643236K->27461K(654336K)] 662368K->46593K(2052608K), 0.0107646 secs] [Times: user=0.13 sys=0.00, real=0.01 secs] 
2020-09-29T17:57:44.242+0200: 17.989: [GC (Allocation Failure) [PSYoungGen: 637253K->34308K(654336K)] 656385K->53440K(2052608K), 0.0132641 secs] [Times: user=0.13 sys=0.00, real=0.01 secs] 
2020-09-29T17:57:44.308+0200: 18.055: [GC (Allocation Failure) [PSYoungGen: 644100K->28324K(655360K)] 663232K->47456K(2053632K), 0.0108251 secs] [Times: user=0.13 sys=0.00, real=0.01 secs] 
2020-09-29T17:57:44.371+0200: 18.119: [GC (Allocation Failure) [PSYoungGen: 639652K->37668K(649216K)] 658784K->56800K(2047488K), 0.0136297 secs] [Times: user=0.13 sys=0.00, real=0.01 secs] 
2020-09-29T17:57:44.438+0200: 18.185: [GC (Allocation Failure) [PSYoungGen: 648996K->44517K(646144K)] 668128K->66441K(2044416K), 0.0162782 secs] [Times: user=0.13 sys=0.00, real=0.02 secs] 
2020-09-29T17:57:44.509+0200: 18.257: [GC (Allocation Failure) [PSYoungGen: 646117K->33604K(650240K)] 668041K->55528K(2048512K), 0.0163611 secs] [Times: user=0.11 sys=0.00, real=0.02 secs] 
2020-09-29T17:57:44.581+0200: 18.328: [GC (Allocation Failure) [PSYoungGen: 635204K->47269K(644096K)] 657128K->69193K(2042368K), 0.0178135 secs] [Times: user=0.13 sys=0.02, real=0.02 secs] 
2020-09-29T17:57:44.654+0200: 18.402: [GC (Allocation Failure) [PSYoungGen: 643749K->28068K(647680K)] 665673K->49992K(2045952K), 0.0126749 secs] [Times: user=0.13 sys=0.00, real=0.01 secs] 
2020-09-29T17:57:44.719+0200: 18.466: [GC (Allocation Failure) [PSYoungGen: 624548K->35076K(649728K)] 646472K->57000K(2048000K), 0.0129362 secs] [Times: user=0.13 sys=0.00, real=0.01 secs] 
2020-09-29T17:57:44.784+0200: 18.532: [GC (Allocation Failure) [PSYoungGen: 634116K->17283K(648192K)] 656040K->39207K(2046464K), 0.0078068 secs] [Times: user=0.13 sys=0.00, real=0.01 secs] 
2020-09-29T17:57:44.843+0200: 18.590: [GC (Allocation Failure) [PSYoungGen: 616323K->28421K(649216K)] 638247K->50345K(2047488K), 0.0102781 secs] [Times: user=0.13 sys=0.00, real=0.01 secs] 
2020-09-29T17:57:44.909+0200: 18.657: [GC (Allocation Failure) [PSYoungGen: 626949K->38788K(648192K)] 648873K->60712K(2046464K), 0.0148380 secs] [Times: user=0.01 sys=0.00, real=0.02 secs] 
2020-09-29T17:57:44.976+0200: 18.723: [GC (Allocation Failure) [PSYoungGen: 637316K->49445K(639488K)] 659240K->71369K(2037760K), 0.0169507 secs] [Times: user=0.13 sys=0.00, real=0.02 secs] 
2020-09-29T17:57:45.044+0200: 18.791: [GC (Allocation Failure) [PSYoungGen: 638757K->50853K(640512K)] 660681K->72777K(2038784K), 0.0169986 secs] [Times: user=0.13 sys=0.00, real=0.02 secs] 
2020-09-29T17:57:45.111+0200: 18.859: [GC (Allocation Failure) [PSYoungGen: 640165K->37764K(642048K)] 662089K->59688K(2040320K), 0.0146360 secs] [Times: user=0.13 sys=0.00, real=0.01 secs] 
2020-09-29T17:57:45.177+0200: 18.925: [GC (Allocation Failure) [PSYoungGen: 621444K->19075K(640512K)] 643368K->40999K(2038784K), 0.0080678 secs] [Times: user=0.00 sys=0.00, real=0.01 secs] 
2020-09-29T17:57:45.239+0200: 18.986: [GC (Allocation Failure) [PSYoungGen: 602755K->42181K(640000K)] 624679K->64105K(2038272K), 0.0158915 secs] [Times: user=0.13 sys=0.00, real=0.02 secs] 
2020-09-29T17:57:45.306+0200: 19.053: [GC (Allocation Failure) [PSYoungGen: 624325K->22789K(640512K)] 646249K->44713K(2038784K), 0.0078315 secs] [Times: user=0.00 sys=0.00, real=0.01 secs] 
2020-09-29T17:57:45.364+0200: 19.111: [GC (Allocation Failure) [PSYoungGen: 604933K->44357K(637440K)] 626857K->66281K(2035712K), 0.0151648 secs] [Times: user=0.00 sys=0.00, real=0.01 secs] 
2020-09-29T17:57:45.429+0200: 19.176: [GC (Allocation Failure) [PSYoungGen: 623429K->35493K(638976K)] 645353K->57417K(2037248K), 0.0130364 secs] [Times: user=0.02 sys=0.00, real=0.01 secs] 
2020-09-29T17:57:45.492+0200: 19.239: [GC (Allocation Failure) [PSYoungGen: 614565K->26276K(642048K)] 636489K->48200K(2040320K), 0.0096270 secs] [Times: user=0.00 sys=0.00, real=0.01 secs] 
2020-09-29T17:57:45.551+0200: 19.299: [GC (Allocation Failure) [PSYoungGen: 610980K->35748K(641536K)] 632904K->57672K(2039808K), 0.0133660 secs] [Times: user=0.11 sys=0.02, real=0.01 secs] 
2020-09-29T17:57:45.617+0200: 19.364: [GC (Allocation Failure) [PSYoungGen: 620452K->32068K(645632K)] 642376K->53992K(2043904K), 0.0128262 secs] [Times: user=0.02 sys=0.00, real=0.01 secs] 
2020-09-29T17:57:45.681+0200: 19.428: [GC (Allocation Failure) [PSYoungGen: 622916K->34756K(644096K)] 644840K->56680K(2042368K), 0.0122748 secs] [Times: user=0.13 sys=0.00, real=0.01 secs] 
2020-09-29T17:57:45.743+0200: 19.491: [GC (Allocation Failure) [PSYoungGen: 625604K->22691K(647168K)] 647528K->44615K(2045440K), 0.0088561 secs] [Times: user=0.00 sys=0.00, real=0.01 secs] 
2020-09-29T17:57:45.804+0200: 19.552: [GC (Allocation Failure) [PSYoungGen: 618147K->42277K(637952K)] 640071K->64201K(2036224K), 0.0147474 secs] [Times: user=0.13 sys=0.00, real=0.02 secs] 
2020-09-29T17:57:45.871+0200: 19.618: [GC (Allocation Failure) [PSYoungGen: 637733K->36037K(646656K)] 659657K->57961K(2044928K), 0.0128507 secs] [Times: user=0.13 sys=0.00, real=0.01 secs] 
2020-09-29T17:57:45.934+0200: 19.682: [GC (Allocation Failure) [PSYoungGen: 629445K->25379K(645632K)] 651369K->47303K(2043904K), 0.0104986 secs] [Times: user=0.13 sys=0.00, real=0.01 secs] 
2020-09-29T17:57:45.996+0200: 19.744: [GC (Allocation Failure) [PSYoungGen: 618787K->44581K(642560K)] 640711K->66505K(2040832K), 0.0151002 secs] [Times: user=0.13 sys=0.00, real=0.01 secs] 
2020-09-29T17:57:46.063+0200: 19.811: [GC (Allocation Failure) [PSYoungGen: 634917K->15971K(606720K)] 656841K->37895K(2004992K), 0.0068188 secs] [Times: user=0.13 sys=0.00, real=0.01 secs] 
2020-09-29T17:57:46.123+0200: 19.870: [GC (Allocation Failure) [PSYoungGen: 606307K->45733K(638464K)] 628231K->67657K(2036736K), 0.0161329 secs] [Times: user=0.13 sys=0.00, real=0.02 secs] 
2020-09-29T17:57:46.192+0200: 19.940: [GC (Allocation Failure) [PSYoungGen: 628901K->22883K(641024K)] 650825K->44807K(2039296K), 0.0127781 secs] [Times: user=0.00 sys=0.00, real=0.01 secs] 
2020-09-29T17:57:46.257+0200: 20.005: [GC (Allocation Failure) [PSYoungGen: 606051K->31845K(643584K)] 627975K->53769K(2041856K), 0.0105454 secs] [Times: user=0.00 sys=0.00, real=0.01 secs] 
2020-09-29T17:57:46.319+0200: 20.066: [GC (Allocation Failure) [PSYoungGen: 618085K->42692K(641536K)] 640009K->64616K(2039808K), 0.0157643 secs] [Times: user=0.13 sys=0.00, real=0.02 secs] 
2020-09-29T17:57:46.385+0200: 20.133: [GC (Allocation Failure) [PSYoungGen: 628932K->25828K(643072K)] 650856K->47752K(2041344K), 0.0096413 secs] [Times: user=0.03 sys=0.00, real=0.01 secs] 
2020-09-29T17:57:46.445+0200: 20.193: [GC (Allocation Failure) [PSYoungGen: 612068K->36900K(642048K)] 633992K->58824K(2040320K), 0.0137249 secs] [Times: user=0.13 sys=0.00, real=0.01 secs] 
2020-09-29T17:57:46.512+0200: 20.260: [GC (Allocation Failure) [PSYoungGen: 623140K->34371K(645632K)] 645064K->56295K(2043904K), 0.0138933 secs] [Times: user=0.13 sys=0.00, real=0.01 secs] 
2020-09-29T17:57:46.579+0200: 20.326: [GC (Allocation Failure) [PSYoungGen: 625219K->37317K(644096K)] 647143K->59241K(2042368K), 0.0134008 secs] [Times: user=0.11 sys=0.00, real=0.01 secs] 
2020-09-29T17:57:46.647+0200: 20.394: [GC (Allocation Failure) [PSYoungGen: 628165K->40261K(645120K)] 650089K->62185K(2043392K), 0.0145652 secs] [Times: user=0.13 sys=0.00, real=0.01 secs] 
2020-09-29T17:57:46.711+0200: 20.459: [GC (Allocation Failure) [PSYoungGen: 632645K->14340K(607232K)] 654569K->36264K(2005504K), 0.0054930 secs] [Times: user=0.00 sys=0.00, real=0.01 secs] 
2020-09-29T17:57:46.785+0200: 20.532: [GC (Allocation Failure) [PSYoungGen: 606724K->32581K(646144K)] 628648K->54505K(2044416K), 0.0356716 secs] [Times: user=0.08 sys=0.00, real=0.03 secs] 
2020-09-29T17:57:46.882+0200: 20.630: [GC (Allocation Failure) [PSYoungGen: 623941K->35941K(644096K)] 645865K->57865K(2042368K), 0.0165034 secs] [Times: user=0.11 sys=0.00, real=0.02 secs] 
2020-09-29T17:57:46.955+0200: 20.703: [GC (Allocation Failure) [PSYoungGen: 627301K->10114K(643072K)] 649225K->32038K(2041344K), 0.0061681 secs] [Times: user=0.11 sys=0.00, real=0.01 secs] 
2020-09-29T17:57:47.019+0200: 20.767: [GC (Allocation Failure) [PSYoungGen: 601474K->40965K(632832K)] 623398K->62889K(2031104K), 0.0200988 secs] [Times: user=0.16 sys=0.00, real=0.02 secs] 
2020-09-29T17:57:47.095+0200: 20.843: [GC (Allocation Failure) [PSYoungGen: 632325K->44453K(638464K)] 654249K->66377K(2036736K), 0.0189444 secs] [Times: user=0.22 sys=0.00, real=0.02 secs] 
2020-09-29T17:57:47.168+0200: 20.916: [GC (Allocation Failure) [PSYoungGen: 627621K->38500K(641024K)] 649545K->60424K(2039296K), 0.0177603 secs] [Times: user=0.13 sys=0.00, real=0.02 secs] 
2020-09-29T17:57:47.239+0200: 20.986: [GC (Allocation Failure) [PSYoungGen: 621668K->32932K(643584K)] 643592K->54856K(2041856K), 0.0131562 secs] [Times: user=0.00 sys=0.00, real=0.01 secs] 
2020-09-29T17:57:47.304+0200: 21.052: [GC (Allocation Failure) [PSYoungGen: 619172K->30788K(641536K)] 641096K->52712K(2039808K), 0.0116035 secs] [Times: user=0.00 sys=0.00, real=0.01 secs] 
2020-09-29T17:57:47.368+0200: 21.115: [GC (Allocation Failure) [PSYoungGen: 617028K->42821K(641536K)] 638952K->64745K(2039808K), 0.0148833 secs] [Times: user=0.13 sys=0.00, real=0.01 secs] 
2020-09-29T17:57:47.433+0200: 21.181: [GC (Allocation Failure) [PSYoungGen: 631109K->29477K(643584K)] 653033K->51401K(2041856K), 0.0107318 secs] [Times: user=0.13 sys=0.00, real=0.01 secs] 
2020-09-29T17:57:47.496+0200: 21.244: [GC (Allocation Failure) [PSYoungGen: 617765K->26883K(646144K)] 639689K->48807K(2044416K), 0.0107114 secs] [Times: user=0.13 sys=0.00, real=0.01 secs] 
2020-09-29T17:57:47.559+0200: 21.307: [GC (Allocation Failure) [PSYoungGen: 619267K->30884K(645120K)] 641191K->52808K(2043392K), 0.0125712 secs] [Times: user=0.11 sys=0.00, real=0.01 secs] 
2020-09-29T17:57:47.624+0200: 21.372: [GC (Allocation Failure) [PSYoungGen: 623268K->34917K(648704K)] 645192K->56841K(2046976K), 0.0126203 secs] [Times: user=0.13 sys=0.00, real=0.01 secs] 
2020-09-29T17:57:47.688+0200: 21.436: [GC (Allocation Failure) [PSYoungGen: 632421K->30212K(647680K)] 654345K->52136K(2045952K), 0.0114232 secs] [Times: user=0.13 sys=0.00, real=0.01 secs] 
2020-09-29T17:57:47.787+0200: 21.535: [GC (Allocation Failure) [PSYoungGen: 627716K->39813K(647680K)] 649640K->61737K(2045952K), 0.0166444 secs] [Times: user=0.11 sys=0.00, real=0.02 secs] 
2020-09-29T17:57:47.858+0200: 21.606: [GC (Allocation Failure) [PSYoungGen: 638341K->50149K(648704K)] 660265K->72289K(2046976K), 0.0230949 secs] [Times: user=0.11 sys=0.00, real=0.02 secs] 
2020-09-29T17:57:47.935+0200: 21.683: [GC (Allocation Failure) [PSYoungGen: 648677K->47333K(634368K)] 670817K->69473K(2032640K), 0.0196222 secs] [Times: user=0.11 sys=0.00, real=0.02 secs] 
2020-09-29T17:57:48.014+0200: 21.762: [GC (Allocation Failure) [PSYoungGen: 631525K->28708K(641536K)] 653665K->50848K(2039808K), 0.0134515 secs] [Times: user=0.11 sys=0.00, real=0.01 secs] 
2020-09-29T17:57:48.081+0200: 21.829: [GC (Allocation Failure) [PSYoungGen: 612900K->25029K(642560K)] 635040K->47169K(2040832K), 0.0097254 secs] [Times: user=0.11 sys=0.00, real=0.01 secs] 
2020-09-29T17:57:48.143+0200: 21.891: [GC (Allocation Failure) [PSYoungGen: 611269K->36933K(642560K)] 633409K->59073K(2040832K), 0.0124206 secs] [Times: user=0.13 sys=0.00, real=0.01 secs] 
2020-09-29T17:57:48.208+0200: 21.956: [GC (Allocation Failure) [PSYoungGen: 623173K->34692K(645632K)] 645313K->56832K(2043904K), 0.0143494 secs] [Times: user=0.01 sys=0.00, real=0.02 secs] 
2020-09-29T17:57:48.276+0200: 22.024: [GC (Allocation Failure) [PSYoungGen: 625540K->51397K(642560K)] 647680K->73537K(2040832K), 0.0173349 secs] [Times: user=0.13 sys=0.00, real=0.02 secs] 
2020-09-29T17:57:48.346+0200: 22.094: [GC (Allocation Failure) [PSYoungGen: 642245K->26405K(641536K)] 664385K->48545K(2039808K), 0.0140577 secs] [Times: user=0.06 sys=0.00, real=0.01 secs] 
2020-09-29T17:57:48.412+0200: 22.160: [GC (Allocation Failure) [PSYoungGen: 611621K->37413K(642048K)] 633761K->59553K(2040320K), 0.0133615 secs] [Times: user=0.00 sys=0.00, real=0.01 secs] 
2020-09-29T17:57:48.477+0200: 22.224: [GC (Allocation Failure) [PSYoungGen: 622629K->34532K(645120K)] 644769K->56672K(2043392K), 0.0127068 secs] [Times: user=0.13 sys=0.00, real=0.01 secs] 
2020-09-29T17:57:48.540+0200: 22.288: [GC (Allocation Failure) [PSYoungGen: 623844K->33988K(643072K)] 645984K->56128K(2041344K), 0.0121887 secs] [Times: user=0.13 sys=0.00, real=0.01 secs] 
2020-09-29T17:57:48.606+0200: 22.353: [GC (Allocation Failure) [PSYoungGen: 623300K->19843K(644608K)] 645440K->41983K(2042880K), 0.0092866 secs] [Times: user=0.08 sys=0.00, real=0.01 secs] 
2020-09-29T17:57:48.704+0200: 22.452: [GC (Allocation Failure) [PSYoungGen: 612227K->37925K(645632K)] 634367K->60065K(2043904K), 0.0151789 secs] [Times: user=0.11 sys=0.00, real=0.02 secs] 
2020-09-29T17:57:48.773+0200: 22.521: [GC (Allocation Failure) [PSYoungGen: 630309K->42501K(643072K)] 652449K->64641K(2041344K), 0.0179531 secs] [Times: user=0.09 sys=0.00, real=0.02 secs] 
2020-09-29T17:57:48.843+0200: 22.591: [GC (Allocation Failure) [PSYoungGen: 632837K->31205K(644608K)] 654977K->53345K(2042880K), 0.0138653 secs] [Times: user=0.11 sys=0.00, real=0.01 secs] 
2020-09-29T17:57:48.915+0200: 22.663: [GC (Allocation Failure) [PSYoungGen: 621541K->47301K(640000K)] 643681K->69441K(2038272K), 0.0296118 secs] [Times: user=0.23 sys=0.00, real=0.03 secs] 
2020-09-29T17:57:48.998+0200: 22.746: [GC (Allocation Failure) [PSYoungGen: 634565K->46725K(634368K)] 656705K->68865K(2032640K), 0.0203907 secs] [Times: user=0.13 sys=0.00, real=0.02 secs] 
2020-09-29T17:57:49.068+0200: 22.816: [GC (Allocation Failure) [PSYoungGen: 633989K->32292K(642560K)] 656129K->54432K(2040832K), 0.0146549 secs] [Times: user=0.13 sys=0.00, real=0.01 secs] 
2020-09-29T17:57:49.135+0200: 22.882: [GC (Allocation Failure) [PSYoungGen: 616996K->13826K(599040K)] 639136K->35966K(1997312K), 0.0081341 secs] [Times: user=0.00 sys=0.00, real=0.01 secs] 
2020-09-29T17:57:49.194+0200: 22.942: [GC (Allocation Failure) [PSYoungGen: 598530K->37989K(641536K)] 620670K->60129K(2039808K), 0.0187474 secs] [Times: user=0.11 sys=0.00, real=0.02 secs] 
2020-09-29T17:57:49.264+0200: 23.012: [GC (Allocation Failure) [PSYoungGen: 621157K->18915K(640512K)] 643297K->41055K(2038784K), 0.0097601 secs] [Times: user=0.13 sys=0.00, real=0.01 secs] 
2020-09-29T17:57:49.331+0200: 23.079: [GC (Allocation Failure) [PSYoungGen: 602083K->27589K(642560K)] 624223K->49729K(2040832K), 0.0121464 secs] [Times: user=0.11 sys=0.00, real=0.01 secs] 
2020-09-29T17:57:49.394+0200: 23.141: [GC (Allocation Failure) [PSYoungGen: 612293K->38052K(641024K)] 634433K->60192K(2039296K), 0.0178712 secs] [Times: user=0.25 sys=0.00, real=0.02 secs] 
2020-09-29T17:57:49.461+0200: 23.209: [GC (Allocation Failure) [PSYoungGen: 622756K->34853K(644608K)] 644896K->56993K(2042880K), 0.0159005 secs] [Times: user=0.13 sys=0.00, real=0.02 secs] 
2020-09-29T17:57:49.529+0200: 23.277: [GC (Allocation Failure) [PSYoungGen: 623653K->49381K(638464K)] 645793K->71521K(2036736K), 0.0215956 secs] [Times: user=0.13 sys=0.00, real=0.02 secs] 
2020-09-29T17:57:49.603+0200: 23.351: [GC (Allocation Failure) [PSYoungGen: 638181K->36613K(642048K)] 660321K->58753K(2040320K), 0.0170836 secs] [Times: user=0.11 sys=0.00, real=0.02 secs] 
2020-09-29T17:57:49.670+0200: 23.418: [GC (Allocation Failure) [PSYoungGen: 620293K->46085K(640512K)] 642433K->68225K(2038784K), 0.0190138 secs] [Times: user=0.13 sys=0.00, real=0.02 secs] 
2020-09-29T17:57:49.743+0200: 23.491: [GC (Allocation Failure) [PSYoungGen: 629765K->55557K(630272K)] 651905K->77697K(2028544K), 0.0228896 secs] [Times: user=0.13 sys=0.00, real=0.02 secs] 
2020-09-29T17:57:49.818+0200: 23.566: [GC (Allocation Failure) [PSYoungGen: 627461K->39493K(635392K)] 649601K->61633K(2033664K), 0.0168244 secs] [Times: user=0.13 sys=0.00, real=0.02 secs] 
2020-09-29T17:57:49.884+0200: 23.632: [GC (Allocation Failure) [PSYoungGen: 611397K->50821K(632320K)] 633537K->72961K(2030592K), 0.0222545 secs] [Times: user=0.13 sys=0.00, real=0.02 secs] 
2020-09-29T17:57:49.955+0200: 23.703: [GC (Allocation Failure) [PSYoungGen: 621701K->33732K(634880K)] 643841K->55872K(2033152K), 0.0157795 secs] [Times: user=0.13 sys=0.00, real=0.02 secs] 
2020-09-29T17:57:50.023+0200: 23.771: [GC (Allocation Failure) [PSYoungGen: 604612K->28836K(636928K)] 626752K->50976K(2035200K), 0.0135492 secs] [Times: user=0.13 sys=0.00, real=0.01 secs] 
2020-09-29T17:57:50.091+0200: 23.839: [GC (Allocation Failure) [PSYoungGen: 603300K->27876K(636416K)] 625440K->50016K(2034688K), 0.0132134 secs] [Times: user=0.13 sys=0.00, real=0.01 secs] 
2020-09-29T17:57:50.154+0200: 23.902: [GC (Allocation Failure) [PSYoungGen: 602340K->26916K(638464K)] 624480K->49056K(2036736K), 0.0131528 secs] [Times: user=0.13 sys=0.00, real=0.01 secs] 
2020-09-29T17:57:50.221+0200: 23.969: [GC (Allocation Failure) [PSYoungGen: 604452K->28228K(637952K)] 626592K->50368K(2036224K), 0.0138762 secs] [Times: user=0.08 sys=0.00, real=0.02 secs] 
2020-09-29T17:57:50.294+0200: 24.041: [GC (Allocation Failure) [PSYoungGen: 605764K->45189K(637440K)] 627904K->67329K(2035712K), 0.0193330 secs] [Times: user=0.13 sys=0.00, real=0.02 secs] 
2020-09-29T17:57:50.362+0200: 24.110: [GC (Allocation Failure) [PSYoungGen: 623237K->35236K(638464K)] 645377K->57376K(2036736K), 0.0165307 secs] [Times: user=0.13 sys=0.00, real=0.02 secs] 
2020-09-29T17:57:50.430+0200: 24.178: [GC (Allocation Failure) [PSYoungGen: 613284K->25348K(641024K)] 635424K->47488K(2039296K), 0.0114465 secs] [Times: user=0.00 sys=0.00, real=0.01 secs] 
2020-09-29T17:57:50.498+0200: 24.246: [GC (Allocation Failure) [PSYoungGen: 608004K->19459K(640512K)] 630144K->41599K(2038784K), 0.0104123 secs] [Times: user=0.13 sys=0.00, real=0.01 secs] 
2020-09-29T17:57:50.559+0200: 24.307: [GC (Allocation Failure) [PSYoungGen: 602115K->27043K(642048K)] 624255K->49183K(2040320K), 0.0155393 secs] [Times: user=0.11 sys=0.00, real=0.02 secs] 
2020-09-29T17:57:50.627+0200: 24.375: [GC (Allocation Failure) [PSYoungGen: 610723K->21955K(640512K)] 632863K->44095K(2038784K), 0.0115189 secs] [Times: user=0.13 sys=0.00, real=0.01 secs] 
2020-09-29T17:57:50.688+0200: 24.436: [GC (Allocation Failure) [PSYoungGen: 605635K->45061K(637440K)] 627775K->67201K(2035712K), 0.0191741 secs] [Times: user=0.25 sys=0.00, real=0.02 secs] 
2020-09-29T17:57:50.763+0200: 24.511: [GC (Allocation Failure) [PSYoungGen: 626181K->21730K(640000K)] 648321K->43870K(2038272K), 0.0126583 secs] [Times: user=0.13 sys=0.00, real=0.01 secs] 
2020-09-29T17:57:50.825+0200: 24.573: [GC (Allocation Failure) [PSYoungGen: 602850K->27396K(642560K)] 624990K->49536K(2040832K), 0.0123972 secs] [Times: user=0.13 sys=0.00, real=0.01 secs] 
2020-09-29T17:57:50.888+0200: 24.636: [GC (Allocation Failure) [PSYoungGen: 611588K->37317K(640512K)] 633728K->59457K(2038784K), 0.0168049 secs] [Times: user=0.13 sys=0.00, real=0.02 secs] 
2020-09-29T17:57:50.955+0200: 24.703: [GC (Allocation Failure) [PSYoungGen: 621509K->33124K(644608K)] 643649K->55264K(2042880K), 0.0160482 secs] [Times: user=0.13 sys=0.00, real=0.02 secs] 
2020-09-29T17:57:51.025+0200: 24.773: [GC (Allocation Failure) [PSYoungGen: 621412K->33348K(642560K)] 643552K->55488K(2040832K), 0.0164410 secs] [Times: user=0.13 sys=0.00, real=0.02 secs] 
2020-09-29T17:57:51.093+0200: 24.841: [GC (Allocation Failure) [PSYoungGen: 621636K->47365K(639488K)] 643776K->69505K(2037760K), 0.0206580 secs] [Times: user=0.14 sys=0.00, real=0.02 secs] 
2020-09-29T17:57:51.165+0200: 24.914: [GC (Allocation Failure) [PSYoungGen: 634629K->18916K(606208K)] 656769K->41056K(2004480K), 0.0084184 secs] [Times: user=0.00 sys=0.00, real=0.01 secs] 
2020-09-29T17:57:51.228+0200: 24.976: [GC (Allocation Failure) [PSYoungGen: 606180K->45669K(637440K)] 628320K->67809K(2035712K), 0.0202028 secs] [Times: user=0.11 sys=0.00, real=0.02 secs] 
2020-09-29T17:57:51.299+0200: 25.048: [GC (Allocation Failure) [PSYoungGen: 626789K->52581K(633856K)] 648929K->74721K(2032128K), 0.0223697 secs] [Times: user=0.23 sys=0.00, real=0.02 secs] 
2020-09-29T17:57:51.372+0200: 25.120: [GC (Allocation Failure) [PSYoungGen: 633701K->45861K(633344K)] 655841K->68001K(2031616K), 0.0200380 secs] [Times: user=0.13 sys=0.00, real=0.02 secs] 
2020-09-29T17:57:51.442+0200: 25.190: [GC (Allocation Failure) [PSYoungGen: 615717K->41413K(634368K)] 637857K->63553K(2032640K), 0.0186033 secs] [Times: user=0.13 sys=0.00, real=0.02 secs] 
2020-09-29T17:57:51.511+0200: 25.259: [GC (Allocation Failure) [PSYoungGen: 611269K->37029K(637952K)] 633409K->59169K(2036224K), 0.0166729 secs] [Times: user=0.13 sys=0.00, real=0.02 secs] 
2020-09-29T17:57:51.578+0200: 25.326: [GC (Allocation Failure) [PSYoungGen: 611493K->36005K(635392K)] 633633K->58145K(2033664K), 0.0177880 secs] [Times: user=0.11 sys=0.00, real=0.02 secs] 
2020-09-29T17:57:51.649+0200: 25.396: [GC (Allocation Failure) [PSYoungGen: 610469K->22212K(640000K)] 632609K->44352K(2038272K), 0.0111858 secs] [Times: user=0.00 sys=0.00, real=0.01 secs] 
2020-09-29T17:57:51.710+0200: 25.457: [GC (Allocation Failure) [PSYoungGen: 603332K->41828K(640000K)] 625472K->63968K(2038272K), 0.0191297 secs] [Times: user=0.13 sys=0.00, real=0.02 secs] 
2020-09-29T17:57:51.779+0200: 25.526: [GC (Allocation Failure) [PSYoungGen: 622948K->20387K(638976K)] 645088K->42527K(2037248K), 0.0112271 secs] [Times: user=0.13 sys=0.00, real=0.01 secs] 
2020-09-29T17:57:51.839+0200: 25.587: [GC (Allocation Failure) [PSYoungGen: 600483K->39941K(639488K)] 622623K->62081K(2037760K), 0.0182105 secs] [Times: user=0.13 sys=0.00, real=0.02 secs] 
2020-09-29T17:57:51.907+0200: 25.655: [GC (Allocation Failure) [PSYoungGen: 620037K->45829K(636928K)] 642177K->67969K(2035200K), 0.0192648 secs] [Times: user=0.14 sys=0.00, real=0.02 secs] 
2020-09-29T17:57:51.976+0200: 25.723: [GC (Allocation Failure) [PSYoungGen: 623877K->35877K(638464K)] 646017K->58017K(2036736K), 0.0158532 secs] [Times: user=0.13 sys=0.00, real=0.02 secs] 
2020-09-29T17:57:52.044+0200: 25.791: [GC (Allocation Failure) [PSYoungGen: 613925K->26051K(641024K)] 636065K->48191K(2039296K), 0.0129466 secs] [Times: user=0.13 sys=0.00, real=0.01 secs] 
2020-09-29T17:57:52.107+0200: 25.855: [GC (Allocation Failure) [PSYoungGen: 608707K->18275K(640512K)] 630847K->40415K(2038784K), 0.0100098 secs] [Times: user=0.13 sys=0.00, real=0.01 secs] 
2020-09-29T17:57:52.168+0200: 25.916: [GC (Allocation Failure) [PSYoungGen: 600931K->40357K(640512K)] 623071K->62497K(2038784K), 0.0175516 secs] [Times: user=0.13 sys=0.00, real=0.02 secs] 
2020-09-29T17:57:52.239+0200: 25.986: [GC (Allocation Failure) [PSYoungGen: 622501K->17412K(600064K)] 644641K->39552K(1998336K), 0.0081309 secs] [Times: user=0.00 sys=0.00, real=0.01 secs] 
2020-09-29T17:57:52.298+0200: 26.045: [GC (Allocation Failure) [PSYoungGen: 599556K->25220K(641536K)] 621696K->47360K(2039808K), 0.0120657 secs] [Times: user=0.13 sys=0.00, real=0.01 secs] 
2020-09-29T17:57:52.366+0200: 26.113: [GC (Allocation Failure) [PSYoungGen: 607876K->19908K(640000K)] 630016K->42048K(2038272K), 0.0097277 secs] [Times: user=0.00 sys=0.00, real=0.01 secs] 
2020-09-29T17:57:52.425+0200: 26.173: [GC (Allocation Failure) [PSYoungGen: 602564K->55717K(628736K)] 624704K->77857K(2027008K), 0.0233634 secs] [Times: user=0.25 sys=0.00, real=0.02 secs] 
2020-09-29T17:57:52.499+0200: 26.246: [GC (Allocation Failure) [PSYoungGen: 627621K->24099K(635392K)] 649761K->46239K(2033664K), 0.0127879 secs] [Times: user=0.13 sys=0.00, real=0.01 secs] 
2020-09-29T17:57:52.564+0200: 26.311: [GC (Allocation Failure) [PSYoungGen: 596003K->49125K(629760K)] 618143K->71265K(2028032K), 0.0235219 secs] [Times: user=0.22 sys=0.00, real=0.02 secs] 
2020-09-29T17:57:52.639+0200: 26.386: [GC (Allocation Failure) [PSYoungGen: 616933K->56421K(624640K)] 639073K->78561K(2022912K), 0.0238989 secs] [Times: user=0.25 sys=0.00, real=0.02 secs] 
2020-09-29T17:57:52.716+0200: 26.463: [GC (Allocation Failure) [PSYoungGen: 624229K->49989K(625152K)] 646369K->72129K(2023424K), 0.0224407 secs] [Times: user=0.11 sys=0.00, real=0.02 secs] 
2020-09-29T17:57:52.789+0200: 26.536: [GC (Allocation Failure) [PSYoungGen: 604485K->43845K(626688K)] 626625K->65985K(2024960K), 0.0208450 secs] [Times: user=0.11 sys=0.00, real=0.02 secs] 
2020-09-29T17:57:52.858+0200: 26.605: [GC (Allocation Failure) [PSYoungGen: 598341K->37893K(630784K)] 620481K->60033K(2029056K), 0.0168588 secs] [Times: user=0.13 sys=0.00, real=0.02 secs] 
2020-09-29T17:57:52.923+0200: 26.671: [GC (Allocation Failure) [PSYoungGen: 597509K->50533K(627712K)] 619649K->72673K(2025984K), 0.0207785 secs] [Times: user=0.25 sys=0.00, real=0.02 secs] 
2020-09-29T17:57:52.994+0200: 26.741: [GC (Allocation Failure) [PSYoungGen: 610149K->32708K(631296K)] 632289K->54848K(2029568K), 0.0155038 secs] [Times: user=0.13 sys=0.00, real=0.02 secs] 
2020-09-29T17:57:53.057+0200: 26.805: [GC (Allocation Failure) [PSYoungGen: 594372K->32740K(629248K)] 616512K->54880K(2027520K), 0.0154357 secs] [Times: user=0.13 sys=0.00, real=0.02 secs] 
2020-09-29T17:57:53.123+0200: 26.870: [GC (Allocation Failure) [PSYoungGen: 594404K->33797K(634880K)] 616544K->55937K(2033152K), 0.0150447 secs] [Times: user=0.13 sys=0.00, real=0.02 secs] 
2020-09-29T17:57:53.188+0200: 26.935: [GC (Allocation Failure) [PSYoungGen: 602629K->28357K(632832K)] 624769K->50497K(2031104K), 0.0132068 secs] [Times: user=0.11 sys=0.00, real=0.01 secs] 
2020-09-29T17:57:53.251+0200: 26.998: [GC (Allocation Failure) [PSYoungGen: 597189K->50341K(630784K)] 619329K->72481K(2029056K), 0.0213570 secs] [Times: user=0.25 sys=0.00, real=0.02 secs] 
2020-09-29T17:57:53.321+0200: 27.069: [GC (Allocation Failure) [PSYoungGen: 618149K->29796K(633344K)] 640289K->51936K(2031616K), 0.0141424 secs] [Times: user=0.13 sys=0.00, real=0.01 secs] 
2020-09-29T17:57:53.384+0200: 27.131: [GC (Allocation Failure) [PSYoungGen: 597604K->49669K(630784K)] 619744K->71809K(2029056K), 0.0212824 secs] [Times: user=0.13 sys=0.00, real=0.02 secs] 
2020-09-29T17:57:53.454+0200: 27.201: [GC (Allocation Failure) [PSYoungGen: 616453K->42277K(632832K)] 638593K->64417K(2031104K), 0.0182203 secs] [Times: user=0.13 sys=0.00, real=0.02 secs] 
2020-09-29T17:57:53.527+0200: 27.274: [GC (Allocation Failure) [PSYoungGen: 609061K->44900K(634368K)] 631201K->67040K(2032640K), 0.0203605 secs] [Times: user=0.13 sys=0.00, real=0.02 secs] 
2020-09-29T17:57:53.598+0200: 27.345: [GC (Allocation Failure) [PSYoungGen: 614756K->40517K(634368K)] 636896K->62657K(2032640K), 0.0182209 secs] [Times: user=0.22 sys=0.00, real=0.02 secs] 
2020-09-29T17:57:53.667+0200: 27.414: [GC (Allocation Failure) [PSYoungGen: 610373K->36037K(638464K)] 632513K->58177K(2036736K), 0.0162813 secs] [Times: user=0.13 sys=0.00, real=0.02 secs] 
2020-09-29T17:57:53.734+0200: 27.481: [GC (Allocation Failure) [PSYoungGen: 612037K->35620K(636416K)] 634177K->57760K(2034688K), 0.0166753 secs] [Times: user=0.13 sys=0.00, real=0.02 secs] 
2020-09-29T17:57:53.800+0200: 27.548: [GC (Allocation Failure) [PSYoungGen: 611620K->37349K(641536K)] 633760K->59489K(2039808K), 0.0154703 secs] [Times: user=0.13 sys=0.00, real=0.02 secs] 
2020-09-29T17:57:53.866+0200: 27.613: [GC (Allocation Failure) [PSYoungGen: 620005K->32165K(640000K)] 642145K->54305K(2038272K), 0.0139850 secs] [Times: user=0.02 sys=0.00, real=0.01 secs] 
2020-09-29T17:57:53.935+0200: 27.683: [GC (Allocation Failure) [PSYoungGen: 614821K->25956K(642048K)] 636961K->48096K(2040320K), 0.0132555 secs] [Times: user=0.13 sys=0.00, real=0.01 secs] 
2020-09-29T17:57:54.002+0200: 27.750: [GC (Allocation Failure) [PSYoungGen: 611172K->23269K(608768K)] 633312K->45409K(2007040K), 0.0107195 secs] [Times: user=0.13 sys=0.00, real=0.01 secs] 
2020-09-29T17:57:54.069+0200: 27.816: [GC (Allocation Failure) [PSYoungGen: 608485K->34245K(643584K)] 630625K->56385K(2041856K), 0.0161574 secs] [Times: user=0.13 sys=0.00, real=0.02 secs] 
2020-09-29T17:57:54.139+0200: 27.886: [GC (Allocation Failure) [PSYoungGen: 620485K->16578K(641536K)] 642625K->38718K(2039808K), 0.0110777 secs] [Times: user=0.13 sys=0.00, real=0.01 secs] 
2020-09-29T17:57:54.203+0200: 27.951: [GC (Allocation Failure) [PSYoungGen: 602818K->26404K(643584K)] 624958K->48544K(2041856K), 0.0153995 secs] [Times: user=0.11 sys=0.00, real=0.02 secs] 
2020-09-29T17:57:54.277+0200: 28.024: [GC (Allocation Failure) [PSYoungGen: 613668K->53125K(640512K)] 635808K->75265K(2038784K), 0.0249780 secs] [Times: user=0.25 sys=0.00, real=0.03 secs] 
2020-09-29T17:57:54.354+0200: 28.101: [GC (Allocation Failure) [PSYoungGen: 640389K->23876K(637440K)] 662529K->46016K(2035712K), 0.0125420 secs] [Times: user=0.13 sys=0.00, real=0.01 secs] 
2020-09-29T17:57:54.418+0200: 28.165: [GC (Allocation Failure) [PSYoungGen: 602948K->42437K(621568K)] 625088K->64577K(2019840K), 0.0205063 secs] [Times: user=0.13 sys=0.00, real=0.02 secs] 
2020-09-29T17:57:54.488+0200: 28.235: [GC (Allocation Failure) [PSYoungGen: 621509K->31587K(640512K)] 643649K->53727K(2038784K), 0.0175967 secs] [Times: user=0.24 sys=0.00, real=0.02 secs] 
2020-09-29T17:57:54.556+0200: 28.303: [GC (Allocation Failure) [PSYoungGen: 611683K->51109K(631296K)] 633823K->73249K(2029568K), 0.0236985 secs] [Times: user=0.13 sys=0.00, real=0.02 secs] 
2020-09-29T17:57:54.633+0200: 28.380: [GC (Allocation Failure) [PSYoungGen: 631205K->43301K(636416K)] 653345K->65441K(2034688K), 0.0222083 secs] [Times: user=0.11 sys=0.00, real=0.02 secs] 
2020-09-29T17:57:54.705+0200: 28.452: [GC (Allocation Failure) [PSYoungGen: 617253K->27939K(636416K)] 639393K->50079K(2034688K), 0.0152094 secs] [Times: user=0.13 sys=0.00, real=0.02 secs] 
2020-09-29T17:57:54.771+0200: 28.519: [GC (Allocation Failure) [PSYoungGen: 601891K->55077K(628224K)] 624031K->77217K(2026496K), 0.0260734 secs] [Times: user=0.13 sys=0.00, real=0.03 secs] 
2020-09-29T17:57:54.851+0200: 28.598: [GC (Allocation Failure) [PSYoungGen: 621861K->33925K(632832K)] 644001K->56065K(2031104K), 0.0173492 secs] [Times: user=0.13 sys=0.00, real=0.02 secs] 
2020-09-29T17:57:54.921+0200: 28.668: [GC (Allocation Failure) [PSYoungGen: 600709K->40133K(636416K)] 622849K->62273K(2034688K), 0.0187866 secs] [Times: user=0.13 sys=0.00, real=0.02 secs] 
2020-09-29T17:57:55.008+0200: 28.755: [GC (Allocation Failure) [PSYoungGen: 612549K->38213K(634880K)] 634689K->60353K(2033152K), 0.0188882 secs] [Times: user=0.13 sys=0.00, real=0.02 secs] 
2020-09-29T17:57:55.076+0200: 28.823: [GC (Allocation Failure) [PSYoungGen: 610629K->20772K(636928K)] 632769K->42912K(2035200K), 0.0105490 secs] [Times: user=0.13 sys=0.00, real=0.01 secs] 
2020-09-29T17:57:55.142+0200: 28.889: [GC (Allocation Failure) [PSYoungGen: 597796K->50949K(628224K)] 619936K->73089K(2026496K), 0.0243851 secs] [Times: user=0.22 sys=0.00, real=0.02 secs] 
2020-09-29T17:57:55.219+0200: 28.966: [GC (Allocation Failure) [PSYoungGen: 627973K->26052K(635904K)] 650113K->48192K(2034176K), 0.0145047 secs] [Times: user=0.13 sys=0.00, real=0.01 secs] 
2020-09-29T17:57:55.284+0200: 29.032: [GC (Allocation Failure) [PSYoungGen: 597956K->37413K(634880K)] 620096K->59553K(2033152K), 0.0171764 secs] [Times: user=0.13 sys=0.00, real=0.02 secs] 
2020-09-29T17:57:55.361+0200: 29.108: [GC (Allocation Failure) [PSYoungGen: 609317K->19715K(636928K)] 631457K->41855K(2035200K), 0.0107850 secs] [Times: user=0.13 sys=0.00, real=0.01 secs] 
2020-09-29T17:57:55.422+0200: 29.170: [GC (Allocation Failure) [PSYoungGen: 595715K->35141K(637440K)] 617855K->57281K(2035712K), 0.0167520 secs] [Times: user=0.13 sys=0.00, real=0.02 secs] 
2020-09-29T17:57:55.498+0200: 29.245: [GC (Allocation Failure) [PSYoungGen: 611141K->36837K(641536K)] 633281K->58977K(2039808K), 0.0186378 secs] [Times: user=0.13 sys=0.00, real=0.02 secs] 
2020-09-29T17:57:55.568+0200: 29.315: [GC (Allocation Failure) [PSYoungGen: 619493K->45349K(640000K)] 641633K->67489K(2038272K), 0.0212153 secs] [Times: user=0.13 sys=0.00, real=0.02 secs] 
2020-09-29T17:57:55.645+0200: 29.393: [GC (Allocation Failure) [PSYoungGen: 628005K->51844K(632832K)] 650145K->73984K(2031104K), 0.0265163 secs] [Times: user=0.13 sys=0.00, real=0.03 secs] 
2020-09-29T17:57:55.722+0200: 29.470: [GC (Allocation Failure) [PSYoungGen: 625796K->37829K(636416K)] 647936K->59969K(2034688K), 0.0168407 secs] [Times: user=0.25 sys=0.00, real=0.02 secs] 
2020-09-29T17:57:55.789+0200: 29.536: [GC (Allocation Failure) [PSYoungGen: 611781K->37573K(641024K)] 633921K->59713K(2039296K), 0.0181115 secs] [Times: user=0.13 sys=0.00, real=0.02 secs] 
2020-09-29T17:57:55.859+0200: 29.607: [GC (Allocation Failure) [PSYoungGen: 618693K->27939K(638976K)] 640833K->50079K(2037248K), 0.0154731 secs] [Times: user=0.13 sys=0.00, real=0.02 secs] 
2020-09-29T17:57:55.926+0200: 29.673: [GC (Allocation Failure) [PSYoungGen: 609059K->21157K(640512K)] 631199K->43297K(2038784K), 0.0099330 secs] [Times: user=0.11 sys=0.02, real=0.01 secs] 
2020-09-29T17:57:55.991+0200: 29.739: [GC (Allocation Failure) [PSYoungGen: 604325K->30149K(641024K)] 626465K->52289K(2039296K), 0.0152049 secs] [Times: user=0.13 sys=0.00, real=0.02 secs] 
2020-09-29T17:57:56.064+0200: 29.811: [GC (Allocation Failure) [PSYoungGen: 613317K->24260K(642560K)] 635457K->46400K(2040832K), 0.0135137 secs] [Times: user=0.13 sys=0.00, real=0.01 secs] 
2020-09-29T17:57:56.132+0200: 29.879: [GC (Allocation Failure) [PSYoungGen: 609988K->49477K(635392K)] 632128K->71617K(2033664K), 0.0228010 secs] [Times: user=0.13 sys=0.00, real=0.02 secs] 
2020-09-29T17:57:56.209+0200: 29.956: [GC (Allocation Failure) [PSYoungGen: 635205K->47237K(634880K)] 657345K->69377K(2033152K), 0.0277354 secs] [Times: user=0.11 sys=0.00, real=0.03 secs] 
2020-09-29T17:57:56.287+0200: 30.035: [GC (Allocation Failure) [PSYoungGen: 622213K->48037K(623104K)] 644353K->70177K(2021376K), 0.0228309 secs] [Times: user=0.13 sys=0.00, real=0.02 secs] 
2020-09-29T17:57:56.360+0200: 30.108: [GC (Allocation Failure) [PSYoungGen: 623013K->35109K(637440K)] 645153K->57249K(2035712K), 0.0165968 secs] [Times: user=0.13 sys=0.00, real=0.02 secs] 
2020-09-29T17:57:56.427+0200: 30.174: [GC (Allocation Failure) [PSYoungGen: 609061K->34308K(635392K)] 631201K->56448K(2033664K), 0.0171712 secs] [Times: user=0.13 sys=0.00, real=0.02 secs] 
2020-09-29T17:57:56.493+0200: 30.240: [GC (Allocation Failure) [PSYoungGen: 608260K->47621K(635392K)] 630400K->69761K(2033664K), 0.0217360 secs] [Times: user=0.13 sys=0.00, real=0.02 secs] 
2020-09-29T17:57:56.567+0200: 30.314: [GC (Allocation Failure) [PSYoungGen: 623621K->20515K(596992K)] 645761K->42655K(1995264K), 0.0127442 secs] [Times: user=0.00 sys=0.00, real=0.01 secs] 
2020-09-29T17:57:56.634+0200: 30.381: [GC (Allocation Failure) [PSYoungGen: 596515K->35973K(639488K)] 618655K->58113K(2037760K), 0.0179845 secs] [Times: user=0.11 sys=0.00, real=0.02 secs] 
2020-09-29T17:57:56.701+0200: 30.449: [GC (Allocation Failure) [PSYoungGen: 613509K->24163K(636928K)] 635649K->46303K(2035200K), 0.0137193 secs] [Times: user=0.13 sys=0.00, real=0.01 secs] 
2020-09-29T17:57:56.764+0200: 30.512: [GC (Allocation Failure) [PSYoungGen: 601699K->41061K(640000K)] 623839K->63201K(2038272K), 0.0194016 secs] [Times: user=0.13 sys=0.00, real=0.02 secs] 
2020-09-29T17:57:56.833+0200: 30.581: [GC (Allocation Failure) [PSYoungGen: 621669K->33829K(639488K)] 643809K->55969K(2037760K), 0.0149319 secs] [Times: user=0.00 sys=0.00, real=0.02 secs] 
2020-09-29T17:57:56.900+0200: 30.647: [GC (Allocation Failure) [PSYoungGen: 614437K->40197K(642048K)] 636577K->62337K(2040320K), 0.0190089 secs] [Times: user=0.13 sys=0.00, real=0.02 secs] 
2020-09-29T17:57:56.971+0200: 30.718: [GC (Allocation Failure) [PSYoungGen: 624901K->37029K(641536K)] 647041K->59169K(2039808K), 0.0176133 secs] [Times: user=0.14 sys=0.00, real=0.02 secs] 
2020-09-29T17:57:57.041+0200: 30.788: [GC (Allocation Failure) [PSYoungGen: 621733K->33797K(645120K)] 643873K->55937K(2043392K), 0.0157539 secs] [Times: user=0.13 sys=0.00, real=0.02 secs] 
2020-09-29T17:57:57.115+0200: 30.863: [GC (Allocation Failure) [PSYoungGen: 623621K->35685K(643584K)] 645761K->57825K(2041856K), 0.0181491 secs] [Times: user=0.13 sys=0.00, real=0.02 secs] 
2020-09-29T17:57:57.185+0200: 30.932: [GC (Allocation Failure) [PSYoungGen: 625509K->20259K(645120K)] 647649K->42399K(2043392K), 0.0133352 secs] [Times: user=0.11 sys=0.00, real=0.01 secs] 
2020-09-29T17:57:57.253+0200: 31.001: [GC (Allocation Failure) [PSYoungGen: 613667K->39397K(646144K)] 635807K->61537K(2044416K), 0.0189556 secs] [Times: user=0.24 sys=0.00, real=0.02 secs] 
2020-09-29T17:57:57.323+0200: 31.070: [GC (Allocation Failure) [PSYoungGen: 632805K->43620K(643072K)] 654945K->65760K(2041344K), 0.0211350 secs] [Times: user=0.13 sys=0.00, real=0.02 secs] 
2020-09-29T17:57:57.396+0200: 31.144: [GC (Allocation Failure) [PSYoungGen: 633956K->31076K(644608K)] 656096K->53216K(2042880K), 0.0162879 secs] [Times: user=0.13 sys=0.00, real=0.02 secs] 
2020-09-29T17:57:57.462+0200: 31.210: [GC (Allocation Failure) [PSYoungGen: 621412K->32003K(646656K)] 643552K->54143K(2044928K), 0.0173293 secs] [Times: user=0.13 sys=0.00, real=0.02 secs] 
2020-09-29T17:57:57.531+0200: 31.278: [GC (Allocation Failure) [PSYoungGen: 625411K->19683K(645632K)] 647551K->41823K(2043904K), 0.0115320 secs] [Times: user=0.13 sys=0.00, real=0.01 secs] 
2020-09-29T17:57:57.596+0200: 31.344: [GC (Allocation Failure) [PSYoungGen: 613091K->38437K(646144K)] 635231K->60577K(2044416K), 0.0199771 secs] [Times: user=0.23 sys=0.00, real=0.02 secs] 
2020-09-29T17:57:57.669+0200: 31.417: [GC (Allocation Failure) [PSYoungGen: 631333K->26980K(645632K)] 653473K->49120K(2043904K), 0.0137408 secs] [Times: user=0.13 sys=0.00, real=0.01 secs] 
2020-09-29T17:57:57.737+0200: 31.485: [GC (Allocation Failure) [PSYoungGen: 619876K->45701K(641536K)] 642016K->67841K(2039808K), 0.0205586 secs] [Times: user=0.25 sys=0.00, real=0.02 secs] 
2020-09-29T17:57:57.810+0200: 31.558: [GC (Allocation Failure) [PSYoungGen: 635013K->33445K(644096K)] 657153K->55585K(2042368K), 0.0148386 secs] [Times: user=0.13 sys=0.00, real=0.02 secs] 
2020-09-29T17:57:57.877+0200: 31.625: [GC (Allocation Failure) [PSYoungGen: 622757K->33572K(647680K)] 644897K->55712K(2045952K), 0.0173842 secs] [Times: user=0.13 sys=0.00, real=0.02 secs] 
2020-09-29T17:57:57.945+0200: 31.692: [GC (Allocation Failure) [PSYoungGen: 628004K->24068K(645632K)] 650144K->46208K(2043904K), 0.0125993 secs] [Times: user=0.00 sys=0.00, real=0.01 secs] 
2020-09-29T17:57:58.017+0200: 31.764: [GC (Allocation Failure) [PSYoungGen: 618500K->29988K(648704K)] 640640K->52128K(2046976K), 0.0153688 secs] [Times: user=0.13 sys=0.00, real=0.02 secs] 
2020-09-29T17:57:58.085+0200: 31.832: [GC (Allocation Failure) [PSYoungGen: 627492K->39172K(647680K)] 649632K->61312K(2045952K), 0.0195663 secs] [Times: user=0.13 sys=0.00, real=0.02 secs] 
2020-09-29T17:57:58.159+0200: 31.907: [GC (Allocation Failure) [PSYoungGen: 636676K->34020K(649728K)] 658816K->56160K(2048000K), 0.0180201 secs] [Times: user=0.11 sys=0.00, real=0.02 secs] 
2020-09-29T17:57:58.232+0200: 31.980: [GC (Allocation Failure) [PSYoungGen: 633060K->45125K(644608K)] 655200K->67265K(2042880K), 0.0217107 secs] [Times: user=0.13 sys=0.00, real=0.02 secs] 
2020-09-29T17:57:58.306+0200: 32.054: [GC (Allocation Failure) [PSYoungGen: 644165K->27876K(647168K)] 666305K->50016K(2045440K), 0.0142114 secs] [Times: user=0.13 sys=0.00, real=0.02 secs] 
2020-09-29T17:57:58.372+0200: 32.120: [GC (Allocation Failure) [PSYoungGen: 622820K->34885K(646656K)] 644960K->57025K(2044928K), 0.0159898 secs] [Times: user=0.13 sys=0.00, real=0.02 secs] 
2020-09-29T17:57:58.439+0200: 32.187: [GC (Allocation Failure) [PSYoungGen: 629829K->41989K(646656K)] 651969K->64129K(2044928K), 0.0198601 secs] [Times: user=0.25 sys=0.00, real=0.02 secs] 
2020-09-29T17:57:58.515+0200: 32.263: [GC (Allocation Failure) [PSYoungGen: 638469K->36805K(647680K)] 660609K->58945K(2045952K), 0.0183069 secs] [Times: user=0.13 sys=0.00, real=0.02 secs] 
2020-09-29T17:57:58.588+0200: 32.336: [GC (Allocation Failure) [PSYoungGen: 633285K->17379K(645120K)] 655425K->39519K(2043392K), 0.0104370 secs] [Times: user=0.11 sys=0.00, real=0.01 secs] 
2020-09-29T17:57:58.654+0200: 32.402: [GC (Allocation Failure) [PSYoungGen: 611811K->37541K(646656K)] 633951K->59681K(2044928K), 0.0200806 secs] [Times: user=0.11 sys=0.00, real=0.02 secs] 
2020-09-29T17:57:58.725+0200: 32.473: [GC (Allocation Failure) [PSYoungGen: 631973K->29604K(648192K)] 654113K->51744K(2046464K), 0.0148894 secs] [Times: user=0.13 sys=0.00, real=0.02 secs] 
2020-09-29T17:57:58.793+0200: 32.540: [GC (Allocation Failure) [PSYoungGen: 626084K->38020K(647168K)] 648224K->60160K(2045440K), 0.0191352 secs] [Times: user=0.13 sys=0.00, real=0.02 secs] 
2020-09-29T17:57:58.865+0200: 32.612: [GC (Allocation Failure) [PSYoungGen: 634500K->18980K(646144K)] 656640K->41120K(2044416K), 0.0090906 secs] [Times: user=0.00 sys=0.00, real=0.01 secs] 
2020-09-29T17:57:58.927+0200: 32.674: [GC (Allocation Failure) [PSYoungGen: 614436K->39365K(634880K)] 636576K->61505K(2033152K), 0.0139378 secs] [Times: user=0.00 sys=0.00, real=0.01 secs] 
2020-09-29T17:57:58.992+0200: 32.739: [GC (Allocation Failure) [PSYoungGen: 634821K->33285K(648192K)] 656961K->55425K(2046464K), 0.0122319 secs] [Times: user=0.00 sys=0.00, real=0.01 secs] 
2020-09-29T17:57:59.056+0200: 32.804: [GC (Allocation Failure) [PSYoungGen: 629253K->41317K(646656K)] 651393K->63457K(2044928K), 0.0143391 secs] [Times: user=0.13 sys=0.00, real=0.01 secs] 
2020-09-29T17:57:59.123+0200: 32.870: [GC (Allocation Failure) [PSYoungGen: 637285K->32772K(648704K)] 659425K->54912K(2046976K), 0.0121902 secs] [Times: user=0.13 sys=0.00, real=0.01 secs] 
2020-09-29T17:57:59.187+0200: 32.935: [GC (Allocation Failure) [PSYoungGen: 629764K->41893K(647168K)] 651904K->64033K(2045440K), 0.0185322 secs] [Times: user=0.11 sys=0.00, real=0.02 secs] 
2020-09-29T17:57:59.259+0200: 33.006: [GC (Allocation Failure) [PSYoungGen: 638885K->50949K(638976K)] 661025K->73089K(2037248K), 0.0172709 secs] [Times: user=0.13 sys=0.00, real=0.02 secs] 
2020-09-29T17:57:59.326+0200: 33.074: [GC (Allocation Failure) [PSYoungGen: 638213K->35652K(643072K)] 660353K->57792K(2041344K), 0.0128259 secs] [Times: user=0.13 sys=0.00, real=0.01 secs] 
2020-09-29T17:57:59.389+0200: 33.137: [GC (Allocation Failure) [PSYoungGen: 622916K->34949K(646144K)] 645056K->57089K(2044416K), 0.0115368 secs] [Times: user=0.13 sys=0.00, real=0.01 secs] 
2020-09-29T17:57:59.452+0200: 33.200: [GC (Allocation Failure) [PSYoungGen: 626821K->38917K(644608K)] 648961K->61057K(2042880K), 0.0134940 secs] [Times: user=0.13 sys=0.00, real=0.01 secs] 
2020-09-29T17:57:59.517+0200: 33.265: [GC (Allocation Failure) [PSYoungGen: 630789K->42853K(645632K)] 652929K->64993K(2043904K), 0.0149182 secs] [Times: user=0.11 sys=0.00, real=0.02 secs] 
2020-09-29T17:57:59.585+0200: 33.332: [GC (Allocation Failure) [PSYoungGen: 636261K->48389K(642048K)] 658401K->70529K(2040320K), 0.0187432 secs] [Times: user=0.11 sys=0.00, real=0.02 secs] 
2020-09-29T17:57:59.657+0200: 33.404: [GC (Allocation Failure) [PSYoungGen: 641797K->40197K(644096K)] 663937K->62337K(2042368K), 0.0132094 secs] [Times: user=0.13 sys=0.00, real=0.01 secs] 
2020-09-29T17:57:59.722+0200: 33.469: [GC (Allocation Failure) [PSYoungGen: 628997K->40869K(643584K)] 651137K->63009K(2041856K), 0.0143915 secs] [Times: user=0.11 sys=0.00, real=0.01 secs] 
2020-09-29T17:57:59.787+0200: 33.535: [GC (Allocation Failure) [PSYoungGen: 629669K->41732K(645120K)] 651809K->63872K(2043392K), 0.0151243 secs] [Times: user=0.13 sys=0.00, real=0.02 secs] 
2020-09-29T17:57:59.853+0200: 33.601: [GC (Allocation Failure) [PSYoungGen: 633092K->43908K(645120K)] 655232K->66048K(2043392K), 0.0151633 secs] [Times: user=0.13 sys=0.00, real=0.02 secs] 
2020-09-29T17:57:59.919+0200: 33.667: [GC (Allocation Failure) [PSYoungGen: 635268K->47397K(642048K)] 657408K->69537K(2040320K), 0.0163076 secs] [Times: user=0.13 sys=0.00, real=0.02 secs] 
2020-09-29T17:57:59.986+0200: 33.734: [GC (Allocation Failure) [PSYoungGen: 635685K->34117K(643584K)] 657825K->56257K(2041856K), 0.0124169 secs] [Times: user=0.13 sys=0.00, real=0.01 secs] 
2020-09-29T17:58:00.053+0200: 33.801: [GC (Allocation Failure) [PSYoungGen: 622405K->34437K(644608K)] 644545K->56577K(2042880K), 0.0131804 secs] [Times: user=0.02 sys=0.00, real=0.01 secs] 
2020-09-29T17:58:00.118+0200: 33.866: [GC (Allocation Failure) [PSYoungGen: 623749K->49573K(638976K)] 645889K->71713K(2037248K), 0.0171492 secs] [Times: user=0.13 sys=0.00, real=0.02 secs] 
2020-09-29T17:58:00.188+0200: 33.936: [GC (Allocation Failure) [PSYoungGen: 638885K->35524K(643072K)] 661025K->57664K(2041344K), 0.0160161 secs] [Times: user=0.11 sys=0.00, real=0.02 secs] 
2020-09-29T17:58:00.256+0200: 34.003: [GC (Allocation Failure) [PSYoungGen: 621764K->47589K(633856K)] 643904K->69729K(2032128K), 0.0166701 secs] [Times: user=0.13 sys=0.00, real=0.02 secs] 
2020-09-29T17:58:00.323+0200: 34.071: [GC (Allocation Failure) [PSYoungGen: 633829K->17187K(637440K)] 655969K->39327K(2035712K), 0.0073478 secs] [Times: user=0.00 sys=0.00, real=0.01 secs] 
2020-09-29T17:58:00.380+0200: 34.128: [GC (Allocation Failure) [PSYoungGen: 597283K->36613K(639488K)] 619423K->58753K(2037760K), 0.0128026 secs] [Times: user=0.00 sys=0.00, real=0.01 secs] 
2020-09-29T17:58:00.444+0200: 34.192: [GC (Allocation Failure) [PSYoungGen: 616709K->28805K(641536K)] 638849K->50945K(2039808K), 0.0095648 secs] [Times: user=0.00 sys=0.00, real=0.01 secs] 
2020-09-29T17:58:00.503+0200: 34.251: [GC (Allocation Failure) [PSYoungGen: 612485K->37508K(641024K)] 634625K->59648K(2039296K), 0.0134028 secs] [Times: user=0.00 sys=0.02, real=0.01 secs] 
2020-09-29T17:58:00.569+0200: 34.317: [GC (Allocation Failure) [PSYoungGen: 621188K->33285K(644608K)] 643328K->55425K(2042880K), 0.0153971 secs] [Times: user=0.11 sys=0.00, real=0.02 secs] 
2020-09-29T17:58:00.640+0200: 34.388: [GC (Allocation Failure) [PSYoungGen: 622597K->34661K(643584K)] 644737K->56801K(2041856K), 0.0147671 secs] [Times: user=0.11 sys=0.00, real=0.01 secs] 
2020-09-29T17:58:00.708+0200: 34.456: [GC (Allocation Failure) [PSYoungGen: 623973K->36101K(647680K)] 646113K->58241K(2045952K), 0.0132021 secs] [Times: user=0.00 sys=0.00, real=0.01 secs] 
2020-09-29T17:58:00.776+0200: 34.524: [GC (Allocation Failure) [PSYoungGen: 631045K->29413K(646144K)] 653185K->51553K(2044416K), 0.0121814 secs] [Times: user=0.13 sys=0.00, real=0.01 secs] 
2020-09-29T17:58:00.841+0200: 34.589: [GC (Allocation Failure) [PSYoungGen: 624357K->50149K(640512K)] 646497K->72289K(2038784K), 0.0170889 secs] [Times: user=0.13 sys=0.00, real=0.02 secs] 
2020-09-29T17:58:00.910+0200: 34.657: [GC (Allocation Failure) [PSYoungGen: 639461K->37893K(644096K)] 661601K->60033K(2042368K), 0.0125699 secs] [Times: user=0.13 sys=0.00, real=0.01 secs] 
2020-09-29T17:58:00.973+0200: 34.721: [GC (Allocation Failure) [PSYoungGen: 627205K->38725K(646656K)] 649345K->60865K(2044928K), 0.0136075 secs] [Times: user=0.00 sys=0.00, real=0.01 secs] 
2020-09-29T17:58:01.039+0200: 34.787: [GC (Allocation Failure) [PSYoungGen: 632133K->44229K(645632K)] 654273K->66369K(2043904K), 0.0156473 secs] [Times: user=0.11 sys=0.00, real=0.02 secs] 
2020-09-29T17:58:01.110+0200: 34.857: [GC (Allocation Failure) [PSYoungGen: 637637K->36069K(646656K)] 659777K->58209K(2044928K), 0.0134505 secs] [Times: user=0.13 sys=0.00, real=0.01 secs] 
2020-09-29T17:58:01.176+0200: 34.923: [GC (Allocation Failure) [PSYoungGen: 629477K->40164K(645632K)] 651617K->62304K(2043904K), 0.0170263 secs] [Times: user=0.20 sys=0.02, real=0.02 secs] 
2020-09-29T17:58:01.246+0200: 34.994: [GC (Allocation Failure) [PSYoungGen: 633572K->31941K(647680K)] 655712K->54081K(2045952K), 0.0112420 secs] [Times: user=0.13 sys=0.00, real=0.01 secs] 
2020-09-29T17:58:01.309+0200: 35.056: [GC (Allocation Failure) [PSYoungGen: 627909K->25476K(621568K)] 650049K->47616K(2019840K), 0.0090047 secs] [Times: user=0.13 sys=0.00, real=0.01 secs] 
2020-09-29T17:58:01.369+0200: 35.117: [GC (Allocation Failure) [PSYoungGen: 621444K->30884K(647168K)] 643584K->53024K(2045440K), 0.0117393 secs] [Times: user=0.13 sys=0.00, real=0.01 secs] 
2020-09-29T17:58:01.433+0200: 35.181: [GC (Allocation Failure) [PSYoungGen: 625828K->51653K(646656K)] 647968K->73793K(2044928K), 0.0174912 secs] [Times: user=0.13 sys=0.00, real=0.02 secs] 
2020-09-29T17:58:01.502+0200: 35.249: [GC (Allocation Failure) [PSYoungGen: 646597K->31301K(641536K)] 668737K->53441K(2039808K), 0.0113651 secs] [Times: user=0.13 sys=0.00, real=0.01 secs] 
2020-09-29T17:58:01.564+0200: 35.312: [GC (Allocation Failure) [PSYoungGen: 620613K->44548K(634368K)] 642753K->66688K(2032640K), 0.0169722 secs] [Times: user=0.11 sys=0.00, real=0.02 secs] 
2020-09-29T17:58:01.634+0200: 35.381: [GC (Allocation Failure) [PSYoungGen: 633860K->45925K(640512K)] 656000K->68065K(2038784K), 0.0163065 secs] [Times: user=0.13 sys=0.00, real=0.02 secs] 
2020-09-29T17:58:01.700+0200: 35.448: [GC (Allocation Failure) [PSYoungGen: 630117K->42213K(641536K)] 652257K->64353K(2039808K), 0.0149104 secs] [Times: user=0.13 sys=0.00, real=0.01 secs] 
2020-09-29T17:58:01.767+0200: 35.514: [GC (Allocation Failure) [PSYoungGen: 626405K->23140K(640000K)] 648545K->45280K(2038272K), 0.0085034 secs] [Times: user=0.13 sys=0.00, real=0.01 secs] 
2020-09-29T17:58:01.828+0200: 35.576: [GC (Allocation Failure) [PSYoungGen: 606308K->31876K(641024K)] 628448K->54016K(2039296K), 0.0119864 secs] [Times: user=0.13 sys=0.00, real=0.01 secs] 
2020-09-29T17:58:01.890+0200: 35.638: [GC (Allocation Failure) [PSYoungGen: 615044K->25957K(642560K)] 637184K->48097K(2040832K), 0.0090781 secs] [Times: user=0.13 sys=0.00, real=0.01 secs] 
2020-09-29T17:58:01.949+0200: 35.697: [GC (Allocation Failure) [PSYoungGen: 611685K->21444K(642048K)] 633825K->43584K(2040320K), 0.0082116 secs] [Times: user=0.00 sys=0.00, real=0.01 secs] 
2020-09-29T17:58:02.009+0200: 35.757: [GC (Allocation Failure) [PSYoungGen: 607172K->32901K(644096K)] 629312K->55041K(2042368K), 0.0112485 secs] [Times: user=0.13 sys=0.00, real=0.01 secs] 
2020-09-29T17:58:02.071+0200: 35.819: [GC (Allocation Failure) [PSYoungGen: 620165K->30756K(642048K)] 642305K->52896K(2040320K), 0.0114481 secs] [Times: user=0.02 sys=0.00, real=0.01 secs] 
2020-09-29T17:58:02.134+0200: 35.882: [GC (Allocation Failure) [PSYoungGen: 618020K->30085K(646656K)] 640160K->52225K(2044928K), 0.0104126 secs] [Times: user=0.02 sys=0.00, real=0.01 secs] 
2020-09-29T17:58:02.197+0200: 35.945: [GC (Allocation Failure) [PSYoungGen: 623493K->20611K(645632K)] 645633K->42751K(2043904K), 0.0119653 secs] [Times: user=0.11 sys=0.00, real=0.01 secs] 
2020-09-29T17:58:02.265+0200: 36.013: [GC (Allocation Failure) [PSYoungGen: 614019K->39268K(645632K)] 636159K->61408K(2043904K), 0.0140335 secs] [Times: user=0.13 sys=0.00, real=0.01 secs] 
2020-09-29T17:58:02.331+0200: 36.078: [GC (Allocation Failure) [PSYoungGen: 632676K->31045K(646144K)] 654816K->53185K(2044416K), 0.0103310 secs] [Times: user=0.13 sys=0.00, real=0.01 secs] 
2020-09-29T17:58:02.394+0200: 36.142: [GC (Allocation Failure) [PSYoungGen: 624453K->36292K(648192K)] 646593K->58432K(2046464K), 0.0131537 secs] [Times: user=0.13 sys=0.00, real=0.01 secs] 
2020-09-29T17:58:02.459+0200: 36.206: [GC (Allocation Failure) [PSYoungGen: 633284K->31653K(647680K)] 655424K->53793K(2045952K), 0.0105491 secs] [Times: user=0.00 sys=0.00, real=0.01 secs] 
2020-09-29T17:58:02.520+0200: 36.268: [GC (Allocation Failure) [PSYoungGen: 628645K->26244K(650240K)] 650785K->48384K(2048512K), 0.0100936 secs] [Times: user=0.00 sys=0.00, real=0.01 secs] 
2020-09-29T17:58:02.584+0200: 36.331: [GC (Allocation Failure) [PSYoungGen: 627332K->25284K(649728K)] 649472K->47424K(2048000K), 0.0102508 secs] [Times: user=0.00 sys=0.00, real=0.01 secs] 
2020-09-29T17:58:02.650+0200: 36.398: [GC (Allocation Failure) [PSYoungGen: 626372K->38533K(648704K)] 648512K->60673K(2046976K), 0.0143749 secs] [Times: user=0.13 sys=0.00, real=0.01 secs] 
2020-09-29T17:58:02.720+0200: 36.467: [GC (Allocation Failure) [PSYoungGen: 639109K->22660K(649728K)] 661249K->44800K(2048000K), 0.0117913 secs] [Times: user=0.11 sys=0.00, real=0.01 secs] 
2020-09-29T17:58:02.785+0200: 36.532: [GC (Allocation Failure) [PSYoungGen: 623236K->34180K(650240K)] 645376K->56320K(2048512K), 0.0144915 secs] [Times: user=0.11 sys=0.00, real=0.01 secs] 
2020-09-29T17:58:02.853+0200: 36.601: [GC (Allocation Failure) [PSYoungGen: 635268K->47365K(648704K)] 657408K->69505K(2046976K), 0.0170792 secs] [Times: user=0.11 sys=0.00, real=0.02 secs] 
2020-09-29T17:58:02.922+0200: 36.670: [GC (Allocation Failure) [PSYoungGen: 648453K->31749K(646656K)] 670593K->53889K(2044928K), 0.0112847 secs] [Times: user=0.13 sys=0.00, real=0.01 secs] 
2020-09-29T17:58:02.985+0200: 36.732: [GC (Allocation Failure) [PSYoungGen: 628229K->40389K(636928K)] 650369K->62529K(2035200K), 0.0142444 secs] [Times: user=0.13 sys=0.00, real=0.01 secs] 
2020-09-29T17:58:03.050+0200: 36.798: [GC (Allocation Failure) [PSYoungGen: 636869K->34020K(648704K)] 659009K->56160K(2046976K), 0.0126899 secs] [Times: user=0.05 sys=0.00, real=0.01 secs] 
2020-09-29T17:58:03.115+0200: 36.863: [GC (Allocation Failure) [PSYoungGen: 630500K->26596K(646656K)] 652640K->48736K(2044928K), 0.0112831 secs] [Times: user=0.00 sys=0.00, real=0.01 secs] 
2020-09-29T17:58:03.179+0200: 36.926: [GC (Allocation Failure) [PSYoungGen: 623076K->48805K(640000K)] 645216K->70945K(2038272K), 0.0198072 secs] [Times: user=0.11 sys=0.00, real=0.02 secs] 
2020-09-29T17:58:03.252+0200: 37.000: [GC (Allocation Failure) [PSYoungGen: 639141K->37605K(644608K)] 661281K->59745K(2042880K), 0.0138928 secs] [Times: user=0.13 sys=0.00, real=0.01 secs] 
2020-09-29T17:58:03.319+0200: 37.067: [GC (Allocation Failure) [PSYoungGen: 627941K->26341K(646144K)] 650081K->48481K(2044416K), 0.0086899 secs] [Times: user=0.00 sys=0.00, real=0.01 secs] 
2020-09-29T17:58:03.379+0200: 37.127: [GC (Allocation Failure) [PSYoungGen: 619237K->45029K(637952K)] 641377K->67169K(2036224K), 0.0158068 secs] [Times: user=0.14 sys=0.00, real=0.02 secs] 
2020-09-29T17:58:03.446+0200: 37.194: [GC (Allocation Failure) [PSYoungGen: 637925K->49989K(637440K)] 660065K->72129K(2035712K), 0.0171529 secs] [Times: user=0.13 sys=0.00, real=0.02 secs] 
2020-09-29T17:58:03.513+0200: 37.261: [GC (Allocation Failure) [PSYoungGen: 632133K->29028K(640512K)] 654273K->51168K(2038784K), 0.0108358 secs] [Times: user=0.13 sys=0.00, real=0.01 secs] 
2020-09-29T17:58:03.575+0200: 37.323: [GC (Allocation Failure) [PSYoungGen: 611172K->36644K(643072K)] 633312K->58784K(2041344K), 0.0145768 secs] [Times: user=0.11 sys=0.00, real=0.01 secs] 
2020-09-29T17:58:03.642+0200: 37.390: [GC (Allocation Failure) [PSYoungGen: 621860K->47589K(632832K)] 644000K->69729K(2031104K), 0.0171743 secs] [Times: user=0.13 sys=0.00, real=0.02 secs] 
2020-09-29T17:58:03.709+0200: 37.457: [GC (Allocation Failure) [PSYoungGen: 632805K->31173K(641536K)] 654945K->53313K(2039808K), 0.0117920 secs] [Times: user=0.00 sys=0.00, real=0.01 secs] 
2020-09-29T17:58:03.772+0200: 37.519: [GC (Allocation Failure) [PSYoungGen: 614341K->26021K(640512K)] 636481K->48161K(2038784K), 0.0101793 secs] [Times: user=0.00 sys=0.00, real=0.01 secs] 
2020-09-29T17:58:03.832+0200: 37.580: [GC (Allocation Failure) [PSYoungGen: 609189K->18979K(641024K)] 631329K->41119K(2039296K), 0.0083538 secs] [Times: user=0.11 sys=0.00, real=0.01 secs] 
2020-09-29T17:58:03.892+0200: 37.639: [GC (Allocation Failure) [PSYoungGen: 603171K->42308K(626688K)] 625311K->64448K(2024960K), 0.0150956 secs] [Times: user=0.13 sys=0.00, real=0.02 secs] 
2020-09-29T17:58:03.957+0200: 37.705: [GC (Allocation Failure) [PSYoungGen: 626500K->38565K(641536K)] 648640K->60705K(2039808K), 0.0136739 secs] [Times: user=0.13 sys=0.00, real=0.01 secs] 
2020-09-29T17:58:04.021+0200: 37.769: [GC (Allocation Failure) [PSYoungGen: 621733K->18403K(640512K)] 643873K->40543K(2038784K), 0.0076134 secs] [Times: user=0.00 sys=0.00, real=0.01 secs] 
2020-09-29T17:58:04.079+0200: 37.826: [GC (Allocation Failure) [PSYoungGen: 601571K->41061K(640000K)] 623711K->63201K(2038272K), 0.0145166 secs] [Times: user=0.13 sys=0.00, real=0.01 secs] 
2020-09-29T17:58:04.144+0200: 37.892: [GC (Allocation Failure) [PSYoungGen: 623205K->47844K(630272K)] 645345K->69984K(2028544K), 0.0169414 secs] [Times: user=0.14 sys=0.02, real=0.02 secs] 
2020-09-29T17:58:04.214+0200: 37.962: [GC (Allocation Failure) [PSYoungGen: 629988K->42053K(637952K)] 652128K->64193K(2036224K), 0.0165217 secs] [Times: user=0.13 sys=0.00, real=0.02 secs] 
2020-09-29T17:58:04.281+0200: 38.029: [GC (Allocation Failure) [PSYoungGen: 619077K->44805K(622080K)] 641217K->66945K(2020352K), 0.0154925 secs] [Times: user=0.13 sys=0.00, real=0.02 secs] 
2020-09-29T17:58:04.348+0200: 38.096: [GC (Allocation Failure) [PSYoungGen: 621829K->33796K(638976K)] 643969K->55936K(2037248K), 0.0120973 secs] [Times: user=0.00 sys=0.00, real=0.01 secs] 
2020-09-29T17:58:04.411+0200: 38.159: [GC (Allocation Failure) [PSYoungGen: 610820K->36517K(636928K)] 632960K->58657K(2035200K), 0.0152845 secs] [Times: user=0.11 sys=0.00, real=0.02 secs] 
2020-09-29T17:58:04.477+0200: 38.225: [GC (Allocation Failure) [PSYoungGen: 613541K->37636K(643072K)] 635681K->59776K(2041344K), 0.0143624 secs] [Times: user=0.13 sys=0.00, real=0.02 secs] 
2020-09-29T17:58:04.542+0200: 38.290: [GC (Allocation Failure) [PSYoungGen: 623364K->34851K(641536K)] 645504K->56991K(2039808K), 0.0135359 secs] [Times: user=0.13 sys=0.00, real=0.01 secs] 
2020-09-29T17:58:04.609+0200: 38.356: [GC (Allocation Failure) [PSYoungGen: 620579K->32676K(645632K)] 642719K->54816K(2043904K), 0.0137283 secs] [Times: user=0.11 sys=0.00, real=0.01 secs] 
2020-09-29T17:58:04.673+0200: 38.421: [GC (Allocation Failure) [PSYoungGen: 624036K->33668K(644608K)] 646176K->55808K(2042880K), 0.0126825 secs] [Times: user=0.13 sys=0.00, real=0.01 secs] 
2020-09-29T17:58:04.736+0200: 38.484: [GC (Allocation Failure) [PSYoungGen: 625028K->37093K(648192K)] 647168K->59233K(2046464K), 0.0125266 secs] [Times: user=0.13 sys=0.00, real=0.01 secs] 
2020-09-29T17:58:04.800+0200: 38.548: [GC (Allocation Failure) [PSYoungGen: 633061K->28933K(646656K)] 655201K->51073K(2044928K), 0.0101034 secs] [Times: user=0.13 sys=0.00, real=0.01 secs] 
2020-09-29T17:58:04.861+0200: 38.609: [GC (Allocation Failure) [PSYoungGen: 624901K->50661K(640000K)] 647041K->72801K(2038272K), 0.0169450 secs] [Times: user=0.13 sys=0.00, real=0.02 secs] 
2020-09-29T17:58:04.930+0200: 38.678: [GC (Allocation Failure) [PSYoungGen: 639973K->38148K(644096K)] 662113K->60288K(2042368K), 0.0139136 secs] [Times: user=0.13 sys=0.00, real=0.01 secs] 
2020-09-29T17:58:04.995+0200: 38.743: [GC (Allocation Failure) [PSYoungGen: 627460K->25893K(644608K)] 649600K->48033K(2042880K), 0.0090441 secs] [Times: user=0.00 sys=0.02, real=0.01 secs] 
2020-09-29T17:58:05.058+0200: 38.806: [GC (Allocation Failure) [PSYoungGen: 617253K->28036K(645120K)] 639393K->50176K(2043392K), 0.0097755 secs] [Times: user=0.13 sys=0.00, real=0.01 secs] 
2020-09-29T17:58:05.120+0200: 38.868: [GC (Allocation Failure) [PSYoungGen: 619396K->31141K(646656K)] 641536K->53281K(2044928K), 0.0117208 secs] [Times: user=0.13 sys=0.00, real=0.01 secs] 
2020-09-29T17:58:05.183+0200: 38.931: [GC (Allocation Failure) [PSYoungGen: 624549K->18467K(645632K)] 646689K->40607K(2043904K), 0.0090229 secs] [Times: user=0.11 sys=0.00, real=0.01 secs] 
2020-09-29T17:58:05.245+0200: 38.993: [GC (Allocation Failure) [PSYoungGen: 611875K->37669K(646144K)] 634015K->59809K(2044416K), 0.0135319 secs] [Times: user=0.13 sys=0.00, real=0.01 secs] 
2020-09-29T17:58:05.310+0200: 39.058: [GC (Allocation Failure) [PSYoungGen: 630565K->42629K(635904K)] 652705K->64769K(2034176K), 0.0148838 secs] [Times: user=0.13 sys=0.00, real=0.02 secs] 
2020-09-29T17:58:05.376+0200: 39.124: [GC (Allocation Failure) [PSYoungGen: 635525K->33893K(646144K)] 657665K->56033K(2044416K), 0.0123824 secs] [Times: user=0.13 sys=0.00, real=0.01 secs] 
2020-09-29T17:58:05.441+0200: 39.189: [GC (Allocation Failure) [PSYoungGen: 625765K->37348K(644608K)] 647905K->59488K(2042880K), 0.0135719 secs] [Times: user=0.11 sys=0.00, real=0.01 secs] 
2020-09-29T17:58:05.506+0200: 39.254: [GC (Allocation Failure) [PSYoungGen: 629220K->27108K(647680K)] 651360K->49248K(2045952K), 0.0099892 secs] [Times: user=0.00 sys=0.00, real=0.01 secs] 
2020-09-29T17:58:05.568+0200: 39.316: [GC (Allocation Failure) [PSYoungGen: 623076K->35173K(647168K)] 645216K->57313K(2045440K), 0.0131786 secs] [Times: user=0.00 sys=0.00, real=0.01 secs] 
2020-09-29T17:58:05.634+0200: 39.382: [GC (Allocation Failure) [PSYoungGen: 631141K->42661K(645632K)] 653281K->64801K(2043904K), 0.0153719 secs] [Times: user=0.13 sys=0.00, real=0.02 secs] 
2020-09-29T17:58:05.701+0200: 39.449: [GC (Allocation Failure) [PSYoungGen: 638117K->22692K(618496K)] 660257K->44832K(2016768K), 0.0085852 secs] [Times: user=0.13 sys=0.00, real=0.01 secs] 
2020-09-29T17:58:05.761+0200: 39.509: [GC (Allocation Failure) [PSYoungGen: 618148K->42628K(643584K)] 640288K->64768K(2041856K), 0.0155449 secs] [Times: user=0.13 sys=0.00, real=0.02 secs] 
2020-09-29T17:58:05.827+0200: 39.575: [GC (Allocation Failure) [PSYoungGen: 633988K->17763K(609280K)] 656128K->39903K(2007552K), 0.0078005 secs] [Times: user=0.13 sys=0.00, real=0.01 secs] 
2020-09-29T17:58:05.892+0200: 39.640: [GC (Allocation Failure) [PSYoungGen: 609123K->34308K(645632K)] 631263K->56448K(2043904K), 0.0129635 secs] [Times: user=0.13 sys=0.00, real=0.01 secs] 
2020-09-29T17:58:05.957+0200: 39.705: [GC (Allocation Failure) [PSYoungGen: 625156K->37285K(644096K)] 647296K->59425K(2042368K), 0.0136105 secs] [Times: user=0.00 sys=0.00, real=0.01 secs] 
2020-09-29T17:58:06.022+0200: 39.770: [GC (Allocation Failure) [PSYoungGen: 628133K->40229K(645120K)] 650273K->62369K(2043392K), 0.0142832 secs] [Times: user=0.13 sys=0.00, real=0.01 secs] 
2020-09-29T17:58:06.090+0200: 39.838: [GC (Allocation Failure) [PSYoungGen: 632613K->31013K(645632K)] 654753K->53153K(2043904K), 0.0135365 secs] [Times: user=0.11 sys=0.00, real=0.01 secs] 
2020-09-29T17:58:06.161+0200: 39.909: [GC (Allocation Failure) [PSYoungGen: 623397K->49125K(638976K)] 645537K->71265K(2037248K), 0.0194007 secs] [Times: user=0.09 sys=0.00, real=0.02 secs] 
2020-09-29T17:58:06.235+0200: 39.983: [GC (Allocation Failure) [PSYoungGen: 636389K->48453K(635904K)] 658529K->70593K(2034176K), 0.0174139 secs] [Times: user=0.13 sys=0.00, real=0.02 secs] 
2020-09-29T17:58:06.304+0200: 40.052: [GC (Allocation Failure) [PSYoungGen: 635717K->34117K(642048K)] 657857K->56257K(2040320K), 0.0113028 secs] [Times: user=0.00 sys=0.00, real=0.01 secs] 
2020-09-29T17:58:06.365+0200: 40.113: [GC (Allocation Failure) [PSYoungGen: 617797K->43493K(640512K)] 639937K->65633K(2038784K), 0.0148971 secs] [Times: user=0.13 sys=0.00, real=0.02 secs] 
2020-09-29T17:58:06.430+0200: 40.178: [GC (Allocation Failure) [PSYoungGen: 627173K->52933K(633344K)] 649313K->75073K(2031616K), 0.0178316 secs] [Times: user=0.13 sys=0.00, real=0.02 secs] 
2020-09-29T17:58:06.498+0200: 40.246: [GC (Allocation Failure) [PSYoungGen: 628933K->27076K(637440K)] 651073K->49216K(2035712K), 0.0100419 secs] [Times: user=0.13 sys=0.00, real=0.01 secs] 
2020-09-29T17:58:06.558+0200: 40.306: [GC (Allocation Failure) [PSYoungGen: 603076K->42469K(638464K)] 625216K->64609K(2036736K), 0.0151366 secs] [Times: user=0.13 sys=0.00, real=0.01 secs] 
2020-09-29T17:58:06.625+0200: 40.373: [GC (Allocation Failure) [PSYoungGen: 620005K->31172K(637952K)] 642145K->53312K(2036224K), 0.0129148 secs] [Times: user=0.11 sys=0.00, real=0.01 secs] 
2020-09-29T17:58:06.688+0200: 40.436: [GC (Allocation Failure) [PSYoungGen: 608708K->34469K(641024K)] 630848K->56609K(2039296K), 0.0120929 secs] [Times: user=0.13 sys=0.00, real=0.01 secs] 
2020-09-29T17:58:06.750+0200: 40.498: [GC (Allocation Failure) [PSYoungGen: 616101K->14180K(639488K)] 638241K->36320K(2037760K), 0.0055356 secs] [Times: user=0.13 sys=0.00, real=0.01 secs] 
2020-09-29T17:58:06.805+0200: 40.553: [GC (Allocation Failure) [PSYoungGen: 595812K->32645K(641536K)] 617952K->54785K(2039808K), 0.0120618 secs] [Times: user=0.13 sys=0.00, real=0.01 secs] 
2020-09-29T17:58:06.868+0200: 40.616: [GC (Allocation Failure) [PSYoungGen: 614789K->54149K(636416K)] 636929K->76289K(2034688K), 0.0178694 secs] [Times: user=0.13 sys=0.00, real=0.02 secs] 
2020-09-29T17:58:06.936+0200: 40.684: [GC (Allocation Failure) [PSYoungGen: 636293K->19203K(635392K)] 658433K->41343K(2033664K), 0.0087995 secs] [Times: user=0.13 sys=0.00, real=0.01 secs] 
2020-09-29T17:58:06.995+0200: 40.743: [GC (Allocation Failure) [PSYoungGen: 592131K->45253K(618496K)] 614271K->67393K(2016768K), 0.0155881 secs] [Times: user=0.13 sys=0.00, real=0.02 secs] 
2020-09-29T17:58:07.060+0200: 40.808: [GC (Allocation Failure) [PSYoungGen: 618181K->43973K(634880K)] 640321K->66113K(2033152K), 0.0152113 secs] [Times: user=0.13 sys=0.00, real=0.02 secs] 
2020-09-29T17:58:07.127+0200: 40.874: [GC (Allocation Failure) [PSYoungGen: 614853K->26597K(634880K)] 636993K->48737K(2033152K), 0.0106826 secs] [Times: user=0.13 sys=0.00, real=0.01 secs] 
2020-09-29T17:58:07.188+0200: 40.935: [GC (Allocation Failure) [PSYoungGen: 597477K->36933K(637952K)] 619617K->59073K(2036224K), 0.0139208 secs] [Times: user=0.11 sys=0.00, real=0.01 secs] 
2020-09-29T17:58:07.253+0200: 41.000: [GC (Allocation Failure) [PSYoungGen: 611909K->37637K(635904K)] 634049K->59777K(2034176K), 0.0134127 secs] [Times: user=0.13 sys=0.00, real=0.01 secs] 
2020-09-29T17:58:07.315+0200: 41.063: [GC (Allocation Failure) [PSYoungGen: 612613K->22788K(640000K)] 634753K->44928K(2038272K), 0.0083862 secs] [Times: user=0.13 sys=0.00, real=0.01 secs] 
2020-09-29T17:58:07.373+0200: 41.121: [GC (Allocation Failure) [PSYoungGen: 603908K->43301K(624640K)] 626048K->65441K(2022912K), 0.0143080 secs] [Times: user=0.13 sys=0.00, real=0.01 secs] 
2020-09-29T17:58:07.439+0200: 41.186: [GC (Allocation Failure) [PSYoungGen: 624421K->33380K(641024K)] 646561K->55520K(2039296K), 0.0126439 secs] [Times: user=0.13 sys=0.00, real=0.01 secs] 
2020-09-29T17:58:07.500+0200: 41.248: [GC (Allocation Failure) [PSYoungGen: 614500K->25027K(638976K)] 636640K->47167K(2037248K), 0.0099777 secs] [Times: user=0.13 sys=0.00, real=0.01 secs] 
2020-09-29T17:58:07.561+0200: 41.309: [GC (Allocation Failure) [PSYoungGen: 606147K->45541K(637440K)] 628287K->67681K(2035712K), 0.0180461 secs] [Times: user=0.11 sys=0.00, real=0.02 secs] 
2020-09-29T17:58:07.632+0200: 41.379: [GC (Allocation Failure) [PSYoungGen: 625637K->37733K(639488K)] 647777K->59873K(2037760K), 0.0145338 secs] [Times: user=0.13 sys=0.00, real=0.01 secs] 
2020-09-29T17:58:07.696+0200: 41.444: [GC (Allocation Failure) [PSYoungGen: 617829K->43621K(640000K)] 639969K->65761K(2038272K), 0.0146844 secs] [Times: user=0.13 sys=0.00, real=0.01 secs] 
2020-09-29T17:58:07.762+0200: 41.509: [GC (Allocation Failure) [PSYoungGen: 625765K->21475K(603648K)] 647905K->43615K(2001920K), 0.0089833 secs] [Times: user=0.02 sys=0.00, real=0.01 secs] 
2020-09-29T17:58:07.821+0200: 41.568: [GC (Allocation Failure) [PSYoungGen: 603619K->28452K(641536K)] 625759K->50592K(2039808K), 0.0108225 secs] [Times: user=0.00 sys=0.00, real=0.01 secs] 
2020-09-29T17:58:07.882+0200: 41.629: [GC (Allocation Failure) [PSYoungGen: 611108K->21763K(640000K)] 633248K->43903K(2038272K), 0.0092781 secs] [Times: user=0.00 sys=0.00, real=0.01 secs] 
2020-09-29T17:58:07.941+0200: 41.689: [GC (Allocation Failure) [PSYoungGen: 604419K->43877K(638464K)] 626559K->66017K(2036736K), 0.0159243 secs] [Times: user=0.13 sys=0.02, real=0.02 secs] 
2020-09-29T17:58:08.015+0200: 41.762: [GC (Allocation Failure) [PSYoungGen: 624997K->37093K(640000K)] 647137K->59233K(2038272K), 0.0131857 secs] [Times: user=0.13 sys=0.00, real=0.01 secs] 
2020-09-29T17:58:08.078+0200: 41.826: [GC (Allocation Failure) [PSYoungGen: 618213K->43909K(638976K)] 640353K->66049K(2037248K), 0.0149769 secs] [Times: user=0.13 sys=0.00, real=0.01 secs] 
2020-09-29T17:58:08.145+0200: 41.892: [GC (Allocation Failure) [PSYoungGen: 625029K->23012K(640000K)] 647169K->45152K(2038272K), 0.0084136 secs] [Times: user=0.00 sys=0.00, real=0.01 secs] 
2020-09-29T17:58:08.210+0200: 41.958: [GC (Allocation Failure) [PSYoungGen: 604132K->29444K(642048K)] 626272K->51584K(2040320K), 0.0150755 secs] [Times: user=0.13 sys=0.00, real=0.02 secs] 
2020-09-29T17:58:08.278+0200: 42.026: [GC (Allocation Failure) [PSYoungGen: 612612K->35685K(640000K)] 634752K->57825K(2038272K), 0.0139043 secs] [Times: user=0.13 sys=0.00, real=0.01 secs] 
2020-09-29T17:58:08.342+0200: 42.090: [GC (Allocation Failure) [PSYoungGen: 618853K->43749K(640512K)] 640993K->65889K(2038784K), 0.0150368 secs] [Times: user=0.13 sys=0.00, real=0.02 secs] 
2020-09-29T17:58:08.408+0200: 42.155: [GC (Allocation Failure) [PSYoungGen: 628965K->41093K(626688K)] 651105K->63233K(2024960K), 0.0144267 secs] [Times: user=0.13 sys=0.00, real=0.01 secs] 
2020-09-29T17:58:08.474+0200: 42.221: [GC (Allocation Failure) [PSYoungGen: 626309K->52069K(634368K)] 648449K->74209K(2032640K), 0.0207669 secs] [Times: user=0.13 sys=0.00, real=0.02 secs] 
2020-09-29T17:58:08.547+0200: 42.294: [GC (Allocation Failure) [PSYoungGen: 629093K->24931K(637952K)] 651233K->47071K(2036224K), 0.0115595 secs] [Times: user=0.09 sys=0.00, real=0.01 secs] 
2020-09-29T17:58:08.611+0200: 42.358: [GC (Allocation Failure) [PSYoungGen: 601955K->41157K(638464K)] 624095K->63297K(2036736K), 0.0161530 secs] [Times: user=0.11 sys=0.00, real=0.02 secs] 
2020-09-29T17:58:08.677+0200: 42.425: [GC (Allocation Failure) [PSYoungGen: 618693K->16388K(594432K)] 640833K->38528K(1992704K), 0.0063590 secs] [Times: user=0.00 sys=0.00, real=0.01 secs] 
2020-09-29T17:58:08.734+0200: 42.482: [GC (Allocation Failure) [PSYoungGen: 593924K->33317K(640000K)] 616064K->55457K(2038272K), 0.0123556 secs] [Times: user=0.13 sys=0.00, real=0.01 secs] 
2020-09-29T17:58:08.796+0200: 42.543: [GC (Allocation Failure) [PSYoungGen: 611877K->37157K(637440K)] 634017K->59297K(2035712K), 0.0129173 secs] [Times: user=0.13 sys=0.00, real=0.01 secs] 
2020-09-29T17:58:08.858+0200: 42.606: [GC (Allocation Failure) [PSYoungGen: 615717K->25443K(642048K)] 637857K->47583K(2040320K), 0.0097764 secs] [Times: user=0.13 sys=0.00, real=0.01 secs] 
2020-09-29T17:58:08.918+0200: 42.666: [GC (Allocation Failure) [PSYoungGen: 610147K->20771K(641536K)] 632287K->42911K(2039808K), 0.0085360 secs] [Times: user=0.00 sys=0.00, real=0.01 secs] 
2020-09-29T17:58:08.978+0200: 42.725: [GC (Allocation Failure) [PSYoungGen: 605475K->29860K(644096K)] 627615K->52000K(2042368K), 0.0108142 secs] [Times: user=0.02 sys=0.00, real=0.01 secs] 
2020-09-29T17:58:09.041+0200: 42.788: [GC (Allocation Failure) [PSYoungGen: 617124K->42853K(642048K)] 639264K->64993K(2040320K), 0.0147802 secs] [Times: user=0.13 sys=0.00, real=0.01 secs] 
2020-09-29T17:58:09.106+0200: 42.854: [GC (Allocation Failure) [PSYoungGen: 630117K->42245K(640512K)] 652257K->64385K(2038784K), 0.0147029 secs] [Times: user=0.13 sys=0.00, real=0.02 secs] 
2020-09-29T17:58:09.173+0200: 42.921: [GC (Allocation Failure) [PSYoungGen: 624853K->7010K(591360K)] 646993K->29150K(1989632K), 0.0041436 secs] [Times: user=0.13 sys=0.00, real=0.00 secs] 
2020-09-29T17:58:09.231+0200: 42.979: [GC (Allocation Failure) [PSYoungGen: 591202K->43620K(635904K)] 613342K->65760K(2034176K), 0.0159831 secs] [Times: user=0.13 sys=0.00, real=0.02 secs] 
2020-09-29T17:58:09.297+0200: 43.045: [GC (Allocation Failure) [PSYoungGen: 619620K->30276K(637440K)] 641760K->52416K(2035712K), 0.0114295 secs] [Times: user=0.13 sys=0.00, real=0.01 secs] 
2020-09-29T17:58:09.358+0200: 43.106: [GC (Allocation Failure) [PSYoungGen: 606276K->31652K(642560K)] 628416K->53792K(2040832K), 0.0124697 secs] [Times: user=0.11 sys=0.00, real=0.01 secs] 
2020-09-29T17:58:09.421+0200: 43.169: [GC (Allocation Failure) [PSYoungGen: 615332K->41125K(640000K)] 637472K->63265K(2038272K), 0.0145195 secs] [Times: user=0.13 sys=0.00, real=0.02 secs] 
2020-09-29T17:58:09.485+0200: 43.233: [GC (Allocation Failure) [PSYoungGen: 624805K->36869K(642560K)] 646945K->59009K(2040832K), 0.0135157 secs] [Times: user=0.13 sys=0.00, real=0.01 secs] 
2020-09-29T17:58:09.549+0200: 43.297: [GC (Allocation Failure) [PSYoungGen: 622085K->33764K(641536K)] 644225K->55904K(2039808K), 0.0125975 secs] [Times: user=0.13 sys=0.00, real=0.01 secs] 
2020-09-29T17:58:09.615+0200: 43.363: [GC (Allocation Failure) [PSYoungGen: 618980K->44548K(640512K)] 641120K->66688K(2038784K), 0.0199992 secs] [Times: user=0.11 sys=0.00, real=0.02 secs] 
2020-09-29T17:58:09.686+0200: 43.434: [GC (Allocation Failure) [PSYoungGen: 630788K->42949K(629248K)] 652928K->65089K(2027520K), 0.0142647 secs] [Times: user=0.13 sys=0.00, real=0.01 secs] 
2020-09-29T17:58:09.752+0200: 43.499: [GC (Allocation Failure) [PSYoungGen: 629189K->41253K(641536K)] 651329K->63393K(2039808K), 0.0145604 secs] [Times: user=0.13 sys=0.00, real=0.01 secs] 
2020-09-29T17:58:09.817+0200: 43.564: [GC (Allocation Failure) [PSYoungGen: 625445K->37509K(641536K)] 647585K->59649K(2039808K), 0.0127977 secs] [Times: user=0.00 sys=0.00, real=0.01 secs] 
2020-09-29T17:58:09.881+0200: 43.628: [GC (Allocation Failure) [PSYoungGen: 621701K->47429K(638976K)] 643841K->69569K(2037248K), 0.0158035 secs] [Times: user=0.13 sys=0.00, real=0.01 secs] 
2020-09-29T17:58:09.946+0200: 43.694: [GC (Allocation Failure) [PSYoungGen: 630597K->42725K(641024K)] 652737K->64865K(2039296K), 0.0140862 secs] [Times: user=0.13 sys=0.00, real=0.01 secs] 
2020-09-29T17:58:10.010+0200: 43.758: [GC (Allocation Failure) [PSYoungGen: 625893K->36836K(643072K)] 648033K->58976K(2041344K), 0.0132748 secs] [Times: user=0.13 sys=0.00, real=0.01 secs] 
2020-09-29T17:58:10.074+0200: 43.822: [GC (Allocation Failure) [PSYoungGen: 622052K->32676K(641024K)] 644192K->54816K(2039296K), 0.0125168 secs] [Times: user=0.13 sys=0.00, real=0.01 secs] 
2020-09-29T17:58:10.139+0200: 43.886: [GC (Allocation Failure) [PSYoungGen: 617892K->43685K(642560K)] 640032K->65825K(2040832K), 0.0157938 secs] [Times: user=0.13 sys=0.00, real=0.02 secs] 
2020-09-29T17:58:10.208+0200: 43.956: [GC (Allocation Failure) [PSYoungGen: 630949K->29252K(643072K)] 653089K->51392K(2041344K), 0.0135310 secs] [Times: user=0.00 sys=0.00, real=0.01 secs] 
2020-09-29T17:58:10.273+0200: 44.021: [GC (Allocation Failure) [PSYoungGen: 616516K->28645K(644096K)] 638656K->50785K(2042368K), 0.0099296 secs] [Times: user=0.00 sys=0.00, real=0.01 secs] 
2020-09-29T17:58:10.333+0200: 44.081: [GC (Allocation Failure) [PSYoungGen: 617445K->28867K(643584K)] 639585K->51007K(2041856K), 0.0115701 secs] [Times: user=0.00 sys=0.00, real=0.01 secs] 
2020-09-29T17:58:10.396+0200: 44.143: [GC (Allocation Failure) [PSYoungGen: 617667K->43365K(642560K)] 639807K->65505K(2040832K), 0.0146304 secs] [Times: user=0.00 sys=0.00, real=0.01 secs] 
2020-09-29T17:58:10.462+0200: 44.209: [GC (Allocation Failure) [PSYoungGen: 631653K->41733K(630272K)] 653793K->63873K(2028544K), 0.0140845 secs] [Times: user=0.13 sys=0.00, real=0.01 secs] 
2020-09-29T17:58:10.527+0200: 44.274: [GC (Allocation Failure) [PSYoungGen: 630021K->55781K(632832K)] 652161K->77937K(2031104K), 0.0178776 secs] [Times: user=0.13 sys=0.00, real=0.02 secs] 
2020-09-29T17:58:10.596+0200: 44.343: [GC (Allocation Failure) [PSYoungGen: 632805K->29731K(637952K)] 654961K->51887K(2036224K), 0.0128490 secs] [Times: user=0.11 sys=0.00, real=0.01 secs] 
2020-09-29T17:58:10.660+0200: 44.408: [GC (Allocation Failure) [PSYoungGen: 606755K->46116K(636928K)] 628911K->68272K(2035200K), 0.0165495 secs] [Times: user=0.19 sys=0.00, real=0.02 secs] 
2020-09-29T17:58:10.726+0200: 44.474: [GC (Allocation Failure) [PSYoungGen: 623140K->35205K(637952K)] 645296K->57361K(2036224K), 0.0118427 secs] [Times: user=0.00 sys=0.00, real=0.01 secs] 
2020-09-29T17:58:10.789+0200: 44.537: [GC (Allocation Failure) [PSYoungGen: 612229K->23269K(638464K)] 634385K->45425K(2036736K), 0.0085328 secs] [Times: user=0.00 sys=0.00, real=0.01 secs] 
2020-09-29T17:58:10.847+0200: 44.595: [GC (Allocation Failure) [PSYoungGen: 602341K->41765K(638976K)] 624497K->63921K(2037248K), 0.0140589 secs] [Times: user=0.00 sys=0.02, real=0.02 secs] 
2020-09-29T17:58:10.912+0200: 44.660: [GC (Allocation Failure) [PSYoungGen: 620837K->32356K(641024K)] 642993K->54512K(2039296K), 0.0116822 secs] [Times: user=0.00 sys=0.00, real=0.01 secs] 
2020-09-29T17:58:10.974+0200: 44.722: [GC (Allocation Failure) [PSYoungGen: 613988K->39813K(639488K)] 636144K->61969K(2037760K), 0.0140120 secs] [Times: user=0.00 sys=0.00, real=0.01 secs] 
2020-09-29T17:58:11.039+0200: 44.787: [GC (Allocation Failure) [PSYoungGen: 621445K->46564K(638976K)] 643601K->68720K(2037248K), 0.0165889 secs] [Times: user=0.13 sys=0.00, real=0.02 secs] 
2020-09-29T17:58:11.108+0200: 44.856: [GC (Allocation Failure) [PSYoungGen: 628708K->40676K(640512K)] 650864K->62832K(2038784K), 0.0196777 secs] [Times: user=0.13 sys=0.00, real=0.02 secs] 
2020-09-29T17:58:11.179+0200: 44.927: [GC (Allocation Failure) [PSYoungGen: 622820K->33987K(642560K)] 644976K->56143K(2040832K), 0.0185038 secs] [Times: user=0.11 sys=0.00, real=0.02 secs] 
2020-09-29T17:58:11.250+0200: 44.998: [GC (Allocation Failure) [PSYoungGen: 619203K->44997K(641536K)] 641359K->67153K(2039808K), 0.0198875 secs] [Times: user=0.14 sys=0.00, real=0.02 secs] 
2020-09-29T17:58:11.321+0200: 45.069: [GC (Allocation Failure) [PSYoungGen: 630213K->27459K(641536K)] 652369K->49615K(2039808K), 0.0141755 secs] [Times: user=0.13 sys=0.00, real=0.01 secs] 
2020-09-29T17:58:11.386+0200: 45.134: [GC (Allocation Failure) [PSYoungGen: 611651K->37317K(641536K)] 633807K->59473K(2039808K), 0.0157981 secs] [Times: user=0.13 sys=0.00, real=0.02 secs] 
2020-09-29T17:58:11.455+0200: 45.203: [GC (Allocation Failure) [PSYoungGen: 621509K->47269K(639488K)] 643665K->69425K(2037760K), 0.0203443 secs] [Times: user=0.23 sys=0.00, real=0.02 secs] 
2020-09-29T17:58:11.525+0200: 45.273: [GC (Allocation Failure) [PSYoungGen: 631461K->29797K(641536K)] 653617K->51953K(2039808K), 0.0123669 secs] [Times: user=0.13 sys=0.00, real=0.01 secs] 
2020-09-29T17:58:11.597+0200: 45.345: [GC (Allocation Failure) [PSYoungGen: 613989K->25347K(642048K)] 636145K->47503K(2040320K), 0.0151096 secs] [Times: user=0.09 sys=0.00, real=0.02 secs] 
2020-09-29T17:58:11.668+0200: 45.416: [GC (Allocation Failure) [PSYoungGen: 610563K->36068K(642048K)] 632719K->58224K(2040320K), 0.0170801 secs] [Times: user=0.13 sys=0.00, real=0.02 secs] 
2020-09-29T17:58:11.738+0200: 45.486: [GC (Allocation Failure) [PSYoungGen: 621284K->32484K(645120K)] 643440K->54640K(2043392K), 0.0161397 secs] [Times: user=0.22 sys=0.00, real=0.02 secs] 
2020-09-29T17:58:11.805+0200: 45.553: [GC (Allocation Failure) [PSYoungGen: 622820K->20099K(644096K)] 644976K->42255K(2042368K), 0.0106712 secs] [Times: user=0.00 sys=0.00, real=0.01 secs] 
2020-09-29T17:58:11.866+0200: 45.614: [GC (Allocation Failure) [PSYoungGen: 610435K->36197K(645632K)] 632591K->58353K(2043904K), 0.0150883 secs] [Times: user=0.13 sys=0.00, real=0.02 secs] 
2020-09-29T17:58:11.932+0200: 45.680: [GC (Allocation Failure) [PSYoungGen: 627045K->52837K(644096K)] 649201K->74993K(2042368K), 0.0225709 secs] [Times: user=0.13 sys=0.00, real=0.02 secs] 
2020-09-29T17:58:12.004+0200: 45.752: [GC (Allocation Failure) [PSYoungGen: 643685K->42085K(636928K)] 665841K->64241K(2035200K), 0.0178682 secs] [Times: user=0.13 sys=0.00, real=0.02 secs] 
2020-09-29T17:58:12.073+0200: 45.821: [GC (Allocation Failure) [PSYoungGen: 624229K->35492K(640512K)] 646385K->57648K(2038784K), 0.0164160 secs] [Times: user=0.13 sys=0.00, real=0.02 secs] 
2020-09-29T17:58:12.142+0200: 45.890: [GC (Allocation Failure) [PSYoungGen: 617636K->43333K(641536K)] 639792K->65489K(2039808K), 0.0187555 secs] [Times: user=0.25 sys=0.00, real=0.02 secs] 
2020-09-29T17:58:12.215+0200: 45.963: [GC (Allocation Failure) [PSYoungGen: 628549K->40389K(642048K)] 650705K->62545K(2040320K), 0.0180269 secs] [Times: user=0.13 sys=0.00, real=0.02 secs] 
2020-09-29T17:58:12.285+0200: 46.033: [GC (Allocation Failure) [PSYoungGen: 625605K->22532K(641024K)] 647761K->44688K(2039296K), 0.0102798 secs] [Times: user=0.00 sys=0.00, real=0.01 secs] 
2020-09-29T17:58:12.345+0200: 46.093: [GC (Allocation Failure) [PSYoungGen: 607748K->31365K(642048K)] 629904K->53521K(2040320K), 0.0151337 secs] [Times: user=0.13 sys=0.00, real=0.01 secs] 
2020-09-29T17:58:12.411+0200: 46.159: [GC (Allocation Failure) [PSYoungGen: 616581K->55781K(632832K)] 638737K->78073K(2031104K), 0.0244212 secs] [Times: user=0.13 sys=0.00, real=0.03 secs] 
2020-09-29T17:58:12.488+0200: 46.236: [GC (Allocation Failure) [PSYoungGen: 632805K->31236K(637952K)] 655097K->53528K(2036224K), 0.0149213 secs] [Times: user=0.13 sys=0.00, real=0.02 secs] 
2020-09-29T17:58:12.552+0200: 46.301: [GC (Allocation Failure) [PSYoungGen: 608260K->34021K(640512K)] 630552K->56313K(2038784K), 0.0151374 secs] [Times: user=0.13 sys=0.00, real=0.02 secs] 
2020-09-29T17:58:12.621+0200: 46.369: [GC (Allocation Failure) [PSYoungGen: 614629K->25988K(638976K)] 636921K->48280K(2037248K), 0.0140206 secs] [Times: user=0.11 sys=0.00, real=0.01 secs] 
2020-09-29T17:58:12.687+0200: 46.435: [GC (Allocation Failure) [PSYoungGen: 606596K->30628K(642048K)] 628888K->52920K(2040320K), 0.0145353 secs] [Times: user=0.13 sys=0.00, real=0.01 secs] 
2020-09-29T17:58:12.751+0200: 46.499: [GC (Allocation Failure) [PSYoungGen: 614820K->40581K(641024K)] 637112K->62873K(2039296K), 0.0169719 secs] [Times: user=0.13 sys=0.00, real=0.02 secs] 
2020-09-29T17:58:12.819+0200: 46.567: [GC (Allocation Failure) [PSYoungGen: 624773K->36164K(644096K)] 647065K->58456K(2042368K), 0.0161458 secs] [Times: user=0.13 sys=0.00, real=0.02 secs] 
2020-09-29T17:58:12.891+0200: 46.638: [GC (Allocation Failure) [PSYoungGen: 623940K->49765K(637952K)] 646232K->72057K(2036224K), 0.0218112 secs] [Times: user=0.25 sys=0.00, real=0.02 secs] 
2020-09-29T17:58:12.963+0200: 46.710: [GC (Allocation Failure) [PSYoungGen: 637541K->35909K(643072K)] 659833K->58201K(2041344K), 0.0158442 secs] [Times: user=0.13 sys=0.00, real=0.02 secs] 
2020-09-29T17:58:13.030+0200: 46.777: [GC (Allocation Failure) [PSYoungGen: 621125K->45476K(641024K)] 643417K->67768K(2039296K), 0.0204825 secs] [Times: user=0.13 sys=0.00, real=0.02 secs] 
2020-09-29T17:58:13.100+0200: 46.848: [GC (Allocation Failure) [PSYoungGen: 630692K->28836K(642048K)] 652984K->51128K(2040320K), 0.0138961 secs] [Times: user=0.13 sys=0.00, real=0.01 secs] 
2020-09-29T17:58:13.166+0200: 46.913: [GC (Allocation Failure) [PSYoungGen: 613540K->52901K(637952K)] 635832K->75193K(2036224K), 0.0255341 secs] [Times: user=0.13 sys=0.00, real=0.03 secs] 
2020-09-29T17:58:13.244+0200: 46.991: [GC (Allocation Failure) [PSYoungGen: 637605K->49669K(633856K)] 659897K->71961K(2032128K), 0.0213879 secs] [Times: user=0.13 sys=0.00, real=0.02 secs] 
2020-09-29T17:58:13.317+0200: 47.065: [GC (Allocation Failure) [PSYoungGen: 622597K->34500K(635904K)] 644889K->56792K(2034176K), 0.0177064 secs] [Times: user=0.19 sys=0.00, real=0.02 secs] 
2020-09-29T17:58:13.386+0200: 47.133: [GC (Allocation Failure) [PSYoungGen: 607428K->46853K(636416K)] 629720K->69145K(2034688K), 0.0204704 secs] [Times: user=0.13 sys=0.00, real=0.02 secs] 
2020-09-29T17:58:13.457+0200: 47.205: [GC (Allocation Failure) [PSYoungGen: 621829K->47589K(622592K)] 644121K->69881K(2020864K), 0.0210548 secs] [Times: user=0.23 sys=0.02, real=0.02 secs] 
2020-09-29T17:58:13.527+0200: 47.275: [GC (Allocation Failure) [PSYoungGen: 622565K->34180K(637440K)] 644857K->56472K(2035712K), 0.0162469 secs] [Times: user=0.13 sys=0.00, real=0.02 secs] 
2020-09-29T17:58:13.593+0200: 47.341: [GC (Allocation Failure) [PSYoungGen: 609156K->48645K(636416K)] 631448K->70937K(2034688K), 0.0210594 secs] [Times: user=0.25 sys=0.00, real=0.02 secs] 
2020-09-29T17:58:13.664+0200: 47.411: [GC (Allocation Failure) [PSYoungGen: 623621K->34723K(637440K)] 645913K->57015K(2035712K), 0.0169768 secs] [Times: user=0.13 sys=0.00, real=0.02 secs] 
2020-09-29T17:58:13.730+0200: 47.477: [GC (Allocation Failure) [PSYoungGen: 609699K->34181K(636416K)] 631991K->56473K(2034688K), 0.0148453 secs] [Times: user=0.13 sys=0.00, real=0.01 secs] 
2020-09-29T17:58:13.794+0200: 47.541: [GC (Allocation Failure) [PSYoungGen: 609157K->48613K(635392K)] 631449K->70905K(2033664K), 0.0209155 secs] [Times: user=0.13 sys=0.00, real=0.02 secs] 
2020-09-29T17:58:13.864+0200: 47.612: [GC (Allocation Failure) [PSYoungGen: 623589K->35621K(636928K)] 645881K->57913K(2035200K), 0.0155140 secs] [Times: user=0.00 sys=0.02, real=0.02 secs] 
2020-09-29T17:58:13.939+0200: 47.686: [GC (Allocation Failure) [PSYoungGen: 610597K->35364K(639488K)] 632889K->57656K(2037760K), 0.0169336 secs] [Times: user=0.13 sys=0.00, real=0.02 secs] 
2020-09-29T17:58:14.007+0200: 47.754: [GC (Allocation Failure) [PSYoungGen: 614436K->24452K(638464K)] 636728K->46744K(2036736K), 0.0113784 secs] [Times: user=0.00 sys=0.00, real=0.01 secs] 
2020-09-29T17:58:14.069+0200: 47.817: [GC (Allocation Failure) [PSYoungGen: 603524K->28996K(639488K)] 625816K->51288K(2037760K), 0.0136324 secs] [Times: user=0.13 sys=0.00, real=0.01 secs] 
2020-09-29T17:58:14.134+0200: 47.881: [GC (Allocation Failure) [PSYoungGen: 608580K->33155K(638976K)] 630872K->55447K(2037248K), 0.0167504 secs] [Times: user=0.13 sys=0.00, real=0.02 secs] 
2020-09-29T17:58:14.203+0200: 47.950: [GC (Allocation Failure) [PSYoungGen: 612739K->38565K(642560K)] 635031K->60857K(2040832K), 0.0198392 secs] [Times: user=0.09 sys=0.00, real=0.02 secs] 
2020-09-29T17:58:14.276+0200: 48.023: [GC (Allocation Failure) [PSYoungGen: 623269K->49029K(633856K)] 645561K->71321K(2032128K), 0.0208505 secs] [Times: user=0.13 sys=0.00, real=0.02 secs] 
2020-09-29T17:58:14.349+0200: 48.096: [GC (Allocation Failure) [PSYoungGen: 633733K->30852K(640512K)] 656025K->53144K(2038784K), 0.0152493 secs] [Times: user=0.13 sys=0.00, real=0.02 secs] 
2020-09-29T17:58:14.413+0200: 48.161: [GC (Allocation Failure) [PSYoungGen: 612484K->24581K(640000K)] 634776K->46873K(2038272K), 0.0104884 secs] [Times: user=0.00 sys=0.00, real=0.01 secs] 
2020-09-29T17:58:14.475+0200: 48.223: [GC (Allocation Failure) [PSYoungGen: 605128K->30467K(642048K)] 627421K->52759K(2040320K), 0.0158520 secs] [Times: user=0.13 sys=0.00, real=0.02 secs] 
2020-09-29T17:58:14.546+0200: 48.293: [GC (Allocation Failure) [PSYoungGen: 614147K->25828K(640512K)] 636439K->48120K(2038784K), 0.0132968 secs] [Times: user=0.13 sys=0.00, real=0.01 secs] 
2020-09-29T17:58:14.611+0200: 48.359: [GC (Allocation Failure) [PSYoungGen: 609508K->21124K(642048K)] 631800K->43416K(2040320K), 0.0100732 secs] [Times: user=0.13 sys=0.00, real=0.01 secs] 
2020-09-29T17:58:14.674+0200: 48.422: [GC (Allocation Failure) [PSYoungGen: 606340K->45797K(631296K)] 628632K->68089K(2029568K), 0.0237709 secs] [Times: user=0.23 sys=0.00, real=0.02 secs] 
2020-09-29T17:58:14.748+0200: 48.496: [GC (Allocation Failure) [PSYoungGen: 631013K->28036K(641024K)] 653305K->50328K(2039296K), 0.0135875 secs] [Times: user=0.13 sys=0.00, real=0.01 secs] 
2020-09-29T17:58:14.812+0200: 48.560: [GC (Allocation Failure) [PSYoungGen: 610180K->49573K(631808K)] 632472K->71865K(2030080K), 0.0209199 secs] [Times: user=0.25 sys=0.00, real=0.02 secs] 
2020-09-29T17:58:14.886+0200: 48.633: [GC (Allocation Failure) [PSYoungGen: 631717K->27300K(638976K)] 654009K->49592K(2037248K), 0.0126301 secs] [Times: user=0.13 sys=0.00, real=0.01 secs] 
2020-09-29T17:58:14.948+0200: 48.696: [GC (Allocation Failure) [PSYoungGen: 605348K->16516K(637952K)] 627640K->38808K(2036224K), 0.0079740 secs] [Times: user=0.00 sys=0.00, real=0.01 secs] 
2020-09-29T17:58:15.007+0200: 48.754: [GC (Allocation Failure) [PSYoungGen: 594564K->34021K(640512K)] 616856K->56313K(2038784K), 0.0158262 secs] [Times: user=0.13 sys=0.00, real=0.02 secs] 
2020-09-29T17:58:15.073+0200: 48.821: [GC (Allocation Failure) [PSYoungGen: 614117K->38949K(638464K)] 636409K->61241K(2036736K), 0.0175719 secs] [Times: user=0.13 sys=0.00, real=0.02 secs] 
2020-09-29T17:58:15.144+0200: 48.891: [GC (Allocation Failure) [PSYoungGen: 619045K->31076K(643072K)] 641337K->53368K(2041344K), 0.0145849 secs] [Times: user=0.13 sys=0.00, real=0.01 secs] 
2020-09-29T17:58:15.211+0200: 48.959: [GC (Allocation Failure) [PSYoungGen: 616292K->42021K(641024K)] 638584K->64313K(2039296K), 0.0201414 secs] [Times: user=0.13 sys=0.00, real=0.02 secs] 
2020-09-29T17:58:15.286+0200: 49.033: [GC (Allocation Failure) [PSYoungGen: 627237K->25476K(642560K)] 649529K->47768K(2040832K), 0.0115719 secs] [Times: user=0.00 sys=0.00, real=0.01 secs] 
2020-09-29T17:58:15.347+0200: 49.095: [GC (Allocation Failure) [PSYoungGen: 611204K->36933K(642048K)] 633496K->59225K(2040320K), 0.0169200 secs] [Times: user=0.25 sys=0.00, real=0.02 secs] 
2020-09-29T17:58:15.415+0200: 49.162: [GC (Allocation Failure) [PSYoungGen: 622661K->33380K(645632K)] 644953K->55672K(2043904K), 0.0157730 secs] [Times: user=0.13 sys=0.00, real=0.02 secs] 
2020-09-29T17:58:15.482+0200: 49.230: [GC (Allocation Failure) [PSYoungGen: 623716K->49381K(640000K)] 646008K->71673K(2038272K), 0.0216427 secs] [Times: user=0.13 sys=0.00, real=0.02 secs] 
2020-09-29T17:58:15.555+0200: 49.303: [GC (Allocation Failure) [PSYoungGen: 639717K->38020K(643072K)] 662009K->60312K(2041344K), 0.0180235 secs] [Times: user=0.13 sys=0.00, real=0.02 secs] 
2020-09-29T17:58:15.623+0200: 49.371: [GC (Allocation Failure) [PSYoungGen: 624260K->35588K(642048K)] 646552K->57880K(2040320K), 0.0167467 secs] [Times: user=0.13 sys=0.00, real=0.02 secs] 
2020-09-29T17:58:15.690+0200: 49.437: [GC (Allocation Failure) [PSYoungGen: 621828K->33508K(646144K)] 644120K->55800K(2044416K), 0.0160071 secs] [Times: user=0.13 sys=0.00, real=0.02 secs] 
2020-09-29T17:58:15.759+0200: 49.506: [GC (Allocation Failure) [PSYoungGen: 625892K->23235K(645120K)] 648184K->45527K(2043392K), 0.0116922 secs] [Times: user=0.13 sys=0.00, real=0.01 secs] 
2020-09-29T17:58:15.824+0200: 49.571: [GC (Allocation Failure) [PSYoungGen: 615619K->24995K(646144K)] 637911K->47287K(2044416K), 0.0132318 secs] [Times: user=0.13 sys=0.00, real=0.01 secs] 
2020-09-29T17:58:15.893+0200: 49.640: [GC (Allocation Failure) [PSYoungGen: 618403K->44165K(637952K)] 640695K->66457K(2036224K), 0.0193889 secs] [Times: user=0.25 sys=0.00, real=0.02 secs] 
2020-09-29T17:58:15.968+0200: 49.715: [GC (Allocation Failure) [PSYoungGen: 637573K->35973K(645632K)] 659865K->58265K(2043904K), 0.0162172 secs] [Times: user=0.13 sys=0.00, real=0.02 secs] 
2020-09-29T17:58:16.039+0200: 49.786: [GC (Allocation Failure) [PSYoungGen: 626821K->37828K(644096K)] 649113K->60120K(2042368K), 0.0175965 secs] [Times: user=0.13 sys=0.00, real=0.02 secs] 
2020-09-29T17:58:16.112+0200: 49.859: [GC (Allocation Failure) [PSYoungGen: 628676K->40773K(645120K)] 650968K->63065K(2043392K), 0.0216249 secs] [Times: user=0.23 sys=0.00, real=0.02 secs] 
2020-09-29T17:58:16.190+0200: 49.937: [GC (Allocation Failure) [PSYoungGen: 633157K->30755K(645632K)] 655449K->53047K(2043904K), 0.0197204 secs] [Times: user=0.19 sys=0.00, real=0.02 secs] 
2020-09-29T17:58:16.265+0200: 50.013: [GC (Allocation Failure) [PSYoungGen: 623139K->33124K(648192K)] 645431K->55416K(2046464K), 0.0159916 secs] [Times: user=0.13 sys=0.00, real=0.02 secs] 
2020-09-29T17:58:16.338+0200: 50.085: [GC (Allocation Failure) [PSYoungGen: 629092K->24835K(646656K)] 651384K->47127K(2044928K), 0.0146454 secs] [Times: user=0.11 sys=0.00, real=0.01 secs] 
2020-09-29T17:58:16.407+0200: 50.155: [GC (Allocation Failure) [PSYoungGen: 620803K->31684K(649216K)] 643095K->53976K(2047488K), 0.0165201 secs] [Times: user=0.13 sys=0.00, real=0.02 secs] 
2020-09-29T17:58:16.479+0200: 50.227: [GC (Allocation Failure) [PSYoungGen: 630212K->28645K(648192K)] 652504K->50937K(2046464K), 0.0136818 secs] [Times: user=0.13 sys=0.00, real=0.01 secs] 
2020-09-29T17:58:16.549+0200: 50.296: [GC (Allocation Failure) [PSYoungGen: 627173K->39237K(648192K)] 649465K->61529K(2046464K), 0.0188911 secs] [Times: user=0.23 sys=0.00, real=0.02 secs] 
2020-09-29T17:58:16.627+0200: 50.374: [GC (Allocation Failure) [PSYoungGen: 638789K->37253K(649216K)] 661081K->59545K(2047488K), 0.0183023 secs] [Times: user=0.24 sys=0.00, real=0.02 secs] 
2020-09-29T17:58:16.700+0200: 50.448: [GC (Allocation Failure) [PSYoungGen: 636805K->34212K(650752K)] 659097K->56504K(2049024K), 0.0177907 secs] [Times: user=0.11 sys=0.00, real=0.02 secs] 
2020-09-29T17:58:16.774+0200: 50.521: [GC (Allocation Failure) [PSYoungGen: 635812K->47941K(649728K)] 658104K->70233K(2048000K), 0.0224394 secs] [Times: user=0.13 sys=0.00, real=0.02 secs] 
2020-09-29T17:58:16.852+0200: 50.600: [GC (Allocation Failure) [PSYoungGen: 649541K->34180K(647680K)] 671833K->56472K(2045952K), 0.0178936 secs] [Times: user=0.13 sys=0.00, real=0.02 secs] 
2020-09-29T17:58:16.925+0200: 50.673: [GC (Allocation Failure) [PSYoungGen: 632708K->44805K(643584K)] 655000K->67097K(2041856K), 0.0222385 secs] [Times: user=0.20 sys=0.00, real=0.02 secs] 
2020-09-29T17:58:17.003+0200: 50.750: [GC (Allocation Failure) [PSYoungGen: 643333K->41669K(645632K)] 665625K->63961K(2043904K), 0.0215275 secs] [Times: user=0.22 sys=0.00, real=0.02 secs] 
2020-09-29T17:58:17.080+0200: 50.827: [GC (Allocation Failure) [PSYoungGen: 635077K->29924K(646144K)] 657369K->52216K(2044416K), 0.0152142 secs] [Times: user=0.13 sys=0.00, real=0.02 secs] 
2020-09-29T17:58:17.152+0200: 50.899: [GC (Allocation Failure) [PSYoungGen: 623332K->35461K(648192K)] 645624K->57753K(2046464K), 0.0155686 secs] [Times: user=0.13 sys=0.00, real=0.02 secs] 
2020-09-29T17:58:17.225+0200: 50.973: [GC (Allocation Failure) [PSYoungGen: 631429K->28643K(646656K)] 653721K->50935K(2044928K), 0.0167576 secs] [Times: user=0.13 sys=0.00, real=0.02 secs] 
2020-09-29T17:58:17.298+0200: 51.046: [GC (Allocation Failure) [PSYoungGen: 624611K->50309K(640000K)] 646903K->72601K(2038272K), 0.0237464 secs] [Times: user=0.23 sys=0.00, real=0.02 secs] 
2020-09-29T17:58:17.377+0200: 51.125: [GC (Allocation Failure) [PSYoungGen: 639621K->37636K(644096K)] 661913K->59928K(2042368K), 0.0203557 secs] [Times: user=0.23 sys=0.00, real=0.02 secs] 
2020-09-29T17:58:17.452+0200: 51.200: [GC (Allocation Failure) [PSYoungGen: 626948K->39045K(646656K)] 649240K->61337K(2044928K), 0.0182624 secs] [Times: user=0.13 sys=0.00, real=0.02 secs] 
2020-09-29T17:58:17.526+0200: 51.274: [GC (Allocation Failure) [PSYoungGen: 632453K->44261K(637952K)] 654745K->66553K(2036224K), 0.0208452 secs] [Times: user=0.13 sys=0.00, real=0.02 secs] 
2020-09-29T17:58:17.602+0200: 51.350: [GC (Allocation Failure) [PSYoungGen: 637669K->36068K(646656K)] 659961K->58360K(2044928K), 0.0179442 secs] [Times: user=0.13 sys=0.00, real=0.02 secs] 
2020-09-29T17:58:17.675+0200: 51.423: [GC (Allocation Failure) [PSYoungGen: 628964K->26788K(645120K)] 651256K->49080K(2043392K), 0.0145625 secs] [Times: user=0.11 sys=0.00, real=0.01 secs] 
2020-09-29T17:58:17.745+0200: 51.493: [GC (Allocation Failure) [PSYoungGen: 619684K->31717K(647168K)] 641976K->54009K(2045440K), 0.0170233 secs] [Times: user=0.11 sys=0.00, real=0.02 secs] 
2020-09-29T17:58:17.816+0200: 51.564: [GC (Allocation Failure) [PSYoungGen: 626149K->51685K(646144K)] 648441K->74193K(2044416K), 0.0241558 secs] [Times: user=0.22 sys=0.00, real=0.02 secs] 
2020-09-29T17:58:17.894+0200: 51.642: [GC (Allocation Failure) [PSYoungGen: 646117K->29219K(640000K)] 668625K->51727K(2038272K), 0.0165454 secs] [Times: user=0.22 sys=0.00, real=0.02 secs] 
2020-09-29T17:58:17.964+0200: 51.712: [GC (Allocation Failure) [PSYoungGen: 616483K->28228K(643072K)] 638991K->50736K(2041344K), 0.0153174 secs] [Times: user=0.13 sys=0.00, real=0.02 secs] 
2020-09-29T17:58:18.033+0200: 51.781: [GC (Allocation Failure) [PSYoungGen: 615492K->41317K(643584K)] 638000K->63825K(2041856K), 0.0221498 secs] [Times: user=0.22 sys=0.00, real=0.02 secs] 
2020-09-29T17:58:18.112+0200: 51.860: [GC (Allocation Failure) [PSYoungGen: 629605K->41637K(643584K)] 652113K->64145K(2041856K), 0.0212450 secs] [Times: user=0.22 sys=0.00, real=0.02 secs] 
2020-09-29T17:58:18.190+0200: 51.938: [GC (Allocation Failure) [PSYoungGen: 629925K->39140K(644608K)] 652433K->61648K(2042880K), 0.0261509 secs] [Times: user=0.13 sys=0.00, real=0.03 secs] 
2020-09-29T17:58:18.279+0200: 52.027: [GC (Allocation Failure) [PSYoungGen: 628452K->39748K(643584K)] 650960K->62256K(2041856K), 0.0197056 secs] [Times: user=0.13 sys=0.00, real=0.02 secs] 
2020-09-29T17:58:18.355+0200: 52.103: [GC (Allocation Failure) [PSYoungGen: 629060K->40164K(645632K)] 651568K->62672K(2043904K), 0.0221296 secs] [Times: user=0.13 sys=0.00, real=0.02 secs] 
2020-09-29T17:58:18.437+0200: 52.185: [GC (Allocation Failure) [PSYoungGen: 632036K->29828K(645120K)] 654544K->52336K(2043392K), 0.0154641 secs] [Times: user=0.13 sys=0.00, real=0.02 secs] 
2020-09-29T17:58:18.508+0200: 52.256: [GC (Allocation Failure) [PSYoungGen: 621700K->19396K(643072K)] 644208K->41904K(2041344K), 0.0097590 secs] [Times: user=0.00 sys=0.00, real=0.01 secs] 
2020-09-29T17:58:18.573+0200: 52.321: [GC (Allocation Failure) [PSYoungGen: 609732K->49157K(640000K)] 632240K->71665K(2038272K), 0.0228632 secs] [Times: user=0.13 sys=0.00, real=0.02 secs] 
2020-09-29T17:58:18.651+0200: 52.398: [GC (Allocation Failure) [PSYoungGen: 639493K->37893K(643072K)] 662001K->60401K(2041344K), 0.0194151 secs] [Times: user=0.11 sys=0.00, real=0.02 secs] 
2020-09-29T17:58:18.724+0200: 52.472: [GC (Allocation Failure) [PSYoungGen: 623109K->34212K(641024K)] 645617K->56720K(2039296K), 0.0173330 secs] [Times: user=0.13 sys=0.00, real=0.02 secs] 
2020-09-29T17:58:18.796+0200: 52.543: [GC (Allocation Failure) [PSYoungGen: 619428K->45285K(642048K)] 641936K->67793K(2040320K), 0.0217016 secs] [Times: user=0.25 sys=0.00, real=0.02 secs] 
2020-09-29T17:58:18.870+0200: 52.618: [GC (Allocation Failure) [PSYoungGen: 632549K->29764K(643072K)] 655057K->52272K(2041344K), 0.0147633 secs] [Times: user=0.13 sys=0.00, real=0.01 secs] 
2020-09-29T17:58:18.939+0200: 52.687: [GC (Allocation Failure) [PSYoungGen: 617028K->42789K(642560K)] 639536K->65297K(2040832K), 0.0197517 secs] [Times: user=0.25 sys=0.00, real=0.02 secs] 
2020-09-29T17:58:19.014+0200: 52.761: [GC (Allocation Failure) [PSYoungGen: 630053K->28068K(643072K)] 652561K->50576K(2041344K), 0.0157018 secs] [Times: user=0.11 sys=0.00, real=0.02 secs] 
2020-09-29T17:58:19.084+0200: 52.831: [GC (Allocation Failure) [PSYoungGen: 615332K->40996K(643584K)] 637840K->63504K(2041856K), 0.0207932 secs] [Times: user=0.13 sys=0.00, real=0.02 secs] 
2020-09-29T17:58:19.160+0200: 52.907: [GC (Allocation Failure) [PSYoungGen: 628772K->27109K(643072K)] 651280K->49617K(2041344K), 0.0141966 secs] [Times: user=0.09 sys=0.00, real=0.01 secs] 
2020-09-29T17:58:19.231+0200: 52.978: [GC (Allocation Failure) [PSYoungGen: 614885K->40004K(644096K)] 637393K->62512K(2042368K), 0.0206821 secs] [Times: user=0.13 sys=0.00, real=0.02 secs] 
2020-09-29T17:58:19.307+0200: 53.054: [GC (Allocation Failure) [PSYoungGen: 628804K->27269K(643584K)] 651312K->49777K(2041856K), 0.0136399 secs] [Times: user=0.11 sys=0.00, real=0.01 secs] 
2020-09-29T17:58:19.375+0200: 53.122: [GC (Allocation Failure) [PSYoungGen: 616069K->41797K(643072K)] 638577K->64305K(2041344K), 0.0191676 secs] [Times: user=0.13 sys=0.00, real=0.02 secs] 
2020-09-29T17:58:19.449+0200: 53.196: [GC (Allocation Failure) [PSYoungGen: 630085K->41124K(643584K)] 652593K->63632K(2041856K), 0.0200678 secs] [Times: user=0.13 sys=0.00, real=0.02 secs] 
2020-09-29T17:58:19.524+0200: 53.272: [GC (Allocation Failure) [PSYoungGen: 629412K->27877K(644096K)] 651920K->50385K(2042368K), 0.0143558 secs] [Times: user=0.13 sys=0.00, real=0.02 secs] 
2020-09-29T17:58:19.593+0200: 53.341: [GC (Allocation Failure) [PSYoungGen: 616677K->42437K(643584K)] 639185K->64945K(2041856K), 0.0201981 secs] [Times: user=0.16 sys=0.00, real=0.02 secs] 
2020-09-29T17:58:19.668+0200: 53.415: [GC (Allocation Failure) [PSYoungGen: 631237K->43301K(642560K)] 653745K->65809K(2040832K), 0.0196836 secs] [Times: user=0.13 sys=0.00, real=0.02 secs] 
2020-09-29T17:58:19.741+0200: 53.489: [GC (Allocation Failure) [PSYoungGen: 630565K->28004K(643072K)] 653073K->50512K(2041344K), 0.0158325 secs] [Times: user=0.11 sys=0.00, real=0.02 secs] 
2020-09-29T17:58:19.812+0200: 53.560: [GC (Allocation Failure) [PSYoungGen: 615268K->41029K(643072K)] 637776K->63537K(2041344K), 0.0195727 secs] [Times: user=0.13 sys=0.00, real=0.02 secs] 
2020-09-29T17:58:19.887+0200: 53.634: [GC (Allocation Failure) [PSYoungGen: 628293K->26661K(643072K)] 650801K->49169K(2041344K), 0.0118922 secs] [Times: user=0.13 sys=0.00, real=0.01 secs] 
2020-09-29T17:58:19.955+0200: 53.702: [GC (Allocation Failure) [PSYoungGen: 613925K->23812K(643584K)] 636433K->46320K(2041856K), 0.0125965 secs] [Times: user=0.11 sys=0.00, real=0.01 secs] 
2020-09-29T17:58:20.023+0200: 53.770: [GC (Allocation Failure) [PSYoungGen: 612100K->51429K(640000K)] 634608K->73937K(2038272K), 0.0243117 secs] [Times: user=0.13 sys=0.00, real=0.02 secs] 
2020-09-29T17:58:20.102+0200: 53.850: [GC (Allocation Failure) [PSYoungGen: 639717K->23012K(638976K)] 662225K->45520K(2037248K), 0.0124587 secs] [Times: user=0.13 sys=0.00, real=0.01 secs] 
2020-09-29T17:58:20.171+0200: 53.918: [GC (Allocation Failure) [PSYoungGen: 603108K->28707K(639488K)] 625616K->51215K(2037760K), 0.0163038 secs] [Times: user=0.13 sys=0.00, real=0.02 secs] 
2020-09-29T17:58:20.243+0200: 53.990: [GC (Allocation Failure) [PSYoungGen: 608803K->34149K(643072K)] 631311K->56657K(2041344K), 0.0167818 secs] [Times: user=0.13 sys=0.00, real=0.02 secs] 
2020-09-29T17:58:20.314+0200: 54.062: [GC (Allocation Failure) [PSYoungGen: 618853K->29060K(640512K)] 641361K->51568K(2038784K), 0.0156352 secs] [Times: user=0.11 sys=0.00, real=0.02 secs] 
2020-09-29T17:58:20.383+0200: 54.131: [GC (Allocation Failure) [PSYoungGen: 613764K->37668K(645120K)] 636272K->60176K(2043392K), 0.0202497 secs] [Times: user=0.11 sys=0.00, real=0.02 secs] 
2020-09-29T17:58:20.457+0200: 54.205: [GC (Allocation Failure) [PSYoungGen: 628004K->25700K(644096K)] 650512K->48208K(2042368K), 0.0133711 secs] [Times: user=0.09 sys=0.00, real=0.01 secs] 
2020-09-29T17:58:20.526+0200: 54.273: [GC (Allocation Failure) [PSYoungGen: 616036K->41765K(642560K)] 638544K->64273K(2040832K), 0.0197851 secs] [Times: user=0.11 sys=0.00, real=0.02 secs] 
2020-09-29T17:58:20.600+0200: 54.347: [GC (Allocation Failure) [PSYoungGen: 631077K->41317K(630784K)] 653585K->63825K(2029056K), 0.0196225 secs] [Times: user=0.13 sys=0.00, real=0.02 secs] 
2020-09-29T17:58:20.674+0200: 54.422: [GC (Allocation Failure) [PSYoungGen: 630629K->42757K(641536K)] 653137K->65265K(2039808K), 0.0214709 secs] [Times: user=0.22 sys=0.00, real=0.02 secs] 
2020-09-29T17:58:20.749+0200: 54.497: [GC (Allocation Failure) [PSYoungGen: 628997K->12867K(599552K)] 651505K->35375K(1997824K), 0.0072520 secs] [Times: user=0.13 sys=0.00, real=0.01 secs] 
2020-09-29T17:58:20.810+0200: 54.558: [GC (Allocation Failure) [PSYoungGen: 599107K->52165K(631808K)] 621615K->74673K(2030080K), 0.0257144 secs] [Times: user=0.23 sys=0.00, real=0.03 secs] 
2020-09-29T17:58:20.888+0200: 54.636: [GC (Allocation Failure) [PSYoungGen: 626117K->23876K(636416K)] 648625K->46384K(2034688K), 0.0126912 secs] [Times: user=0.13 sys=0.00, real=0.01 secs] 
2020-09-29T17:58:20.954+0200: 54.702: [GC (Allocation Failure) [PSYoungGen: 597828K->35748K(639488K)] 620336K->58256K(2037760K), 0.0194334 secs] [Times: user=0.22 sys=0.00, real=0.02 secs] 
2020-09-29T17:58:21.026+0200: 54.774: [GC (Allocation Failure) [PSYoungGen: 613284K->23427K(636928K)] 635792K->45935K(2035200K), 0.0137378 secs] [Times: user=0.13 sys=0.00, real=0.01 secs] 
2020-09-29T17:58:21.092+0200: 54.840: [GC (Allocation Failure) [PSYoungGen: 600963K->26564K(641536K)] 623471K->49072K(2039808K), 0.0105934 secs] [Times: user=0.11 sys=0.00, real=0.01 secs] 
2020-09-29T17:58:21.157+0200: 54.905: [GC (Allocation Failure) [PSYoungGen: 609220K->48709K(631808K)] 631728K->71217K(2030080K), 0.0162184 secs] [Times: user=0.13 sys=0.00, real=0.02 secs] 
2020-09-29T17:58:21.229+0200: 54.977: [GC (Allocation Failure) [PSYoungGen: 631365K->43268K(635904K)] 653873K->65776K(2034176K), 0.0191566 secs] [Times: user=0.09 sys=0.00, real=0.02 secs] 
2020-09-29T17:58:21.303+0200: 55.051: [GC (Allocation Failure) [PSYoungGen: 618244K->43941K(619008K)] 640752K->66449K(2017280K), 0.0159753 secs] [Times: user=0.13 sys=0.00, real=0.02 secs] 
2020-09-29T17:58:21.372+0200: 55.120: [GC (Allocation Failure) [PSYoungGen: 618917K->31013K(638464K)] 641425K->53521K(2036736K), 0.0120218 secs] [Times: user=0.13 sys=0.00, real=0.01 secs] 
2020-09-29T17:58:21.437+0200: 55.185: [GC (Allocation Failure) [PSYoungGen: 607013K->46469K(636416K)] 629521K->68977K(2034688K), 0.0172636 secs] [Times: user=0.11 sys=0.00, real=0.02 secs] 
2020-09-29T17:58:21.507+0200: 55.255: [GC (Allocation Failure) [PSYoungGen: 622469K->33379K(638464K)] 644977K->55887K(2036736K), 0.0143540 secs] [Times: user=0.13 sys=0.00, real=0.01 secs] 
2020-09-29T17:58:21.574+0200: 55.322: [GC (Allocation Failure) [PSYoungGen: 609891K->35589K(636928K)] 632399K->58097K(2035200K), 0.0135114 secs] [Times: user=0.13 sys=0.00, real=0.01 secs] 
2020-09-29T17:58:21.640+0200: 55.388: [GC (Allocation Failure) [PSYoungGen: 612101K->51493K(633856K)] 634609K->74001K(2032128K), 0.0196012 secs] [Times: user=0.13 sys=0.00, real=0.02 secs] 
2020-09-29T17:58:21.712+0200: 55.460: [GC (Allocation Failure) [PSYoungGen: 627493K->25924K(637440K)] 650001K->48432K(2035712K), 0.0107993 secs] [Times: user=0.13 sys=0.00, real=0.01 secs] 
2020-09-29T17:58:21.776+0200: 55.524: [GC (Allocation Failure) [PSYoungGen: 601924K->41253K(638464K)] 624432K->63761K(2036736K), 0.0159761 secs] [Times: user=0.11 sys=0.00, real=0.02 secs] 
2020-09-29T17:58:21.844+0200: 55.592: [GC (Allocation Failure) [PSYoungGen: 618789K->44260K(637952K)] 641297K->66768K(2036224K), 0.0162643 secs] [Times: user=0.11 sys=0.00, real=0.02 secs] 
2020-09-29T17:58:21.914+0200: 55.662: [GC (Allocation Failure) [PSYoungGen: 621796K->33733K(639488K)] 644304K->56241K(2037760K), 0.0132592 secs] [Times: user=0.11 sys=0.00, real=0.01 secs] 
2020-09-29T17:58:21.980+0200: 55.728: [GC (Allocation Failure) [PSYoungGen: 612293K->38085K(637952K)] 634801K->60593K(2036224K), 0.0128375 secs] [Times: user=0.13 sys=0.00, real=0.01 secs] 
2020-09-29T17:58:22.046+0200: 55.794: [GC (Allocation Failure) [PSYoungGen: 616645K->28420K(642048K)] 639153K->50928K(2040320K), 0.0113977 secs] [Times: user=0.11 sys=0.00, real=0.01 secs] 
2020-09-29T17:58:22.110+0200: 55.859: [GC (Allocation Failure) [PSYoungGen: 613124K->10563K(595456K)] 635632K->33071K(1993728K), 0.0047804 secs] [Times: user=0.13 sys=0.00, real=0.01 secs] 
2020-09-29T17:58:22.169+0200: 55.917: [GC (Allocation Failure) [PSYoungGen: 595267K->34052K(642048K)] 617775K->56560K(2040320K), 0.0133437 secs] [Times: user=0.13 sys=0.00, real=0.01 secs] 
2020-09-29T17:58:22.238+0200: 55.986: [GC (Allocation Failure) [PSYoungGen: 616708K->56165K(638976K)] 639216K->78673K(2037248K), 0.0191815 secs] [Times: user=0.23 sys=0.00, real=0.02 secs] 
2020-09-29T17:58:22.311+0200: 56.059: [GC (Allocation Failure) [PSYoungGen: 638821K->37092K(637952K)] 661329K->59600K(2036224K), 0.0139124 secs] [Times: user=0.13 sys=0.00, real=0.01 secs] 
2020-09-29T17:58:22.378+0200: 56.126: [GC (Allocation Failure) [PSYoungGen: 615140K->40516K(638464K)] 637648K->63024K(2036736K), 0.0148322 secs] [Times: user=0.09 sys=0.00, real=0.01 secs] 
2020-09-29T17:58:22.447+0200: 56.195: [GC (Allocation Failure) [PSYoungGen: 618564K->30597K(640512K)] 641072K->53105K(2038784K), 0.0117299 secs] [Times: user=0.13 sys=0.00, real=0.01 secs] 
2020-09-29T17:58:22.509+0200: 56.257: [GC (Allocation Failure) [PSYoungGen: 611205K->36901K(638976K)] 633713K->59409K(2037248K), 0.0125801 secs] [Times: user=0.13 sys=0.00, real=0.01 secs] 
2020-09-29T17:58:22.572+0200: 56.320: [GC (Allocation Failure) [PSYoungGen: 617509K->29605K(643072K)] 640017K->52113K(2041344K), 0.0112570 secs] [Times: user=0.13 sys=0.00, real=0.01 secs] 
2020-09-29T17:58:22.634+0200: 56.382: [GC (Allocation Failure) [PSYoungGen: 616357K->28388K(642560K)] 638865K->50896K(2040832K), 0.0127587 secs] [Times: user=0.11 sys=0.00, real=0.01 secs] 
2020-09-29T17:58:22.700+0200: 56.448: [GC (Allocation Failure) [PSYoungGen: 615140K->40901K(643072K)] 637648K->63409K(2041344K), 0.0150360 secs] [Times: user=0.13 sys=0.00, real=0.01 secs] 
2020-09-29T17:58:22.765+0200: 56.513: [GC (Allocation Failure) [PSYoungGen: 629189K->54981K(643584K)] 651697K->77489K(2041856K), 0.0184288 secs] [Times: user=0.13 sys=0.00, real=0.02 secs] 
2020-09-29T17:58:22.834+0200: 56.582: [GC (Allocation Failure) [PSYoungGen: 643269K->38948K(636416K)] 665777K->61456K(2034688K), 0.0142692 secs] [Times: user=0.13 sys=0.00, real=0.01 secs] 
2020-09-29T17:58:22.898+0200: 56.646: [GC (Allocation Failure) [PSYoungGen: 620068K->32069K(640000K)] 642576K->54577K(2038272K), 0.0115813 secs] [Times: user=0.13 sys=0.00, real=0.01 secs] 
2020-09-29T17:58:22.960+0200: 56.708: [GC (Allocation Failure) [PSYoungGen: 613189K->35972K(643072K)] 635697K->58480K(2041344K), 0.0138782 secs] [Times: user=0.13 sys=0.00, real=0.01 secs] 
2020-09-29T17:58:23.025+0200: 56.773: [GC (Allocation Failure) [PSYoungGen: 621700K->17188K(641536K)] 644208K->39696K(2039808K), 0.0065933 secs] [Times: user=0.00 sys=0.00, real=0.01 secs] 
2020-09-29T17:58:23.082+0200: 56.830: [GC (Allocation Failure) [PSYoungGen: 602916K->26371K(642560K)] 625424K->48879K(2040832K), 0.0105823 secs] [Times: user=0.00 sys=0.00, real=0.01 secs] 
2020-09-29T17:58:23.143+0200: 56.891: [GC (Allocation Failure) [PSYoungGen: 611587K->37349K(641536K)] 634095K->59857K(2039808K), 0.0133685 secs] [Times: user=0.13 sys=0.00, real=0.01 secs] 
2020-09-29T17:58:23.209+0200: 56.957: [GC (Allocation Failure) [PSYoungGen: 622565K->30852K(645120K)] 645073K->53360K(2043392K), 0.0158840 secs] [Times: user=0.09 sys=0.00, real=0.02 secs] 
2020-09-29T17:58:23.278+0200: 57.026: [GC (Allocation Failure) [PSYoungGen: 620676K->32709K(643584K)] 643184K->55217K(2041856K), 0.0118160 secs] [Times: user=0.13 sys=0.00, real=0.01 secs] 
2020-09-29T17:58:23.341+0200: 57.089: [GC (Allocation Failure) [PSYoungGen: 622533K->33508K(648192K)] 645041K->56016K(2046464K), 0.0127356 secs] [Times: user=0.13 sys=0.00, real=0.01 secs] 
2020-09-29T17:58:23.406+0200: 57.153: [GC (Allocation Failure) [PSYoungGen: 629476K->50661K(646656K)] 651984K->77649K(2044928K), 0.0193001 secs] [Times: user=0.13 sys=0.00, real=0.02 secs] 
2020-09-29T17:58:23.478+0200: 57.226: [GC (Allocation Failure) [PSYoungGen: 646629K->35909K(641536K)] 673617K->62897K(2039808K), 0.0125436 secs] [Times: user=0.13 sys=0.00, real=0.01 secs] 
2020-09-29T17:58:23.541+0200: 57.290: [GC (Allocation Failure) [PSYoungGen: 625221K->36164K(644096K)] 652209K->63152K(2042368K), 0.0133313 secs] [Times: user=0.13 sys=0.00, real=0.01 secs] 
2020-09-29T17:58:23.606+0200: 57.354: [GC (Allocation Failure) [PSYoungGen: 625476K->22245K(644096K)] 652464K->49233K(2042368K), 0.0085720 secs] [Times: user=0.11 sys=0.00, real=0.01 secs] 
2020-09-29T17:58:23.666+0200: 57.414: [GC (Allocation Failure) [PSYoungGen: 613605K->39365K(645120K)] 640593K->66353K(2043392K), 0.0134189 secs] [Times: user=0.13 sys=0.00, real=0.02 secs] 
2020-09-29T17:58:23.732+0200: 57.479: [GC (Allocation Failure) [PSYoungGen: 630725K->42309K(643584K)] 657713K->69297K(2041856K), 0.0148518 secs] [Times: user=0.13 sys=0.00, real=0.01 secs] 
2020-09-29T17:58:23.797+0200: 57.545: [GC (Allocation Failure) [PSYoungGen: 632645K->30916K(644608K)] 659633K->57904K(2042880K), 0.0122745 secs] [Times: user=0.13 sys=0.00, real=0.01 secs] 
2020-09-29T17:58:23.861+0200: 57.609: [GC (Allocation Failure) [PSYoungGen: 621252K->30179K(646656K)] 648240K->57167K(2044928K), 0.0119718 secs] [Times: user=0.13 sys=0.00, real=0.01 secs] 
2020-09-29T17:58:23.925+0200: 57.673: [GC (Allocation Failure) [PSYoungGen: 623587K->35685K(645632K)] 650575K->62673K(2043904K), 0.0123809 secs] [Times: user=0.13 sys=0.00, real=0.01 secs] 
2020-09-29T17:58:23.989+0200: 57.737: [GC (Allocation Failure) [PSYoungGen: 629093K->51173K(636416K)] 656081K->81761K(2034688K), 0.0190333 secs] [Times: user=0.13 sys=0.00, real=0.02 secs] 
2020-09-29T17:58:24.059+0200: 57.807: [GC (Allocation Failure) [PSYoungGen: 636389K->38469K(642048K)] 666977K->69057K(2040320K), 0.0130468 secs] [Times: user=0.13 sys=0.00, real=0.01 secs] 
2020-09-29T17:58:24.123+0200: 57.872: [GC (Allocation Failure) [PSYoungGen: 623685K->49413K(637440K)] 654273K->80001K(2035712K), 0.0175233 secs] [Times: user=0.13 sys=0.00, real=0.02 secs] 
2020-09-29T17:58:24.195+0200: 57.943: [GC (Allocation Failure) [PSYoungGen: 631557K->43076K(640512K)] 662145K->73664K(2038784K), 0.0230713 secs] [Times: user=0.09 sys=0.00, real=0.02 secs] 
2020-09-29T17:58:24.272+0200: 58.020: [GC (Allocation Failure) [PSYoungGen: 625220K->37221K(642560K)] 655808K->67809K(2040832K), 0.0151575 secs] [Times: user=0.13 sys=0.00, real=0.01 secs] 
2020-09-29T17:58:24.341+0200: 58.088: [GC (Allocation Failure) [PSYoungGen: 621925K->33572K(641024K)] 652513K->64160K(2039296K), 0.0140517 secs] [Times: user=0.13 sys=0.00, real=0.01 secs] 
2020-09-29T17:58:24.405+0200: 58.152: [GC (Allocation Failure) [PSYoungGen: 618276K->42149K(643584K)] 648864K->72737K(2041856K), 0.0149756 secs] [Times: user=0.13 sys=0.00, real=0.02 secs] 
2020-09-29T17:58:24.471+0200: 58.218: [GC (Allocation Failure) [PSYoungGen: 630437K->42565K(643584K)] 661025K->73153K(2041856K), 0.0147171 secs] [Times: user=0.13 sys=0.00, real=0.01 secs] 
2020-09-29T17:58:24.536+0200: 58.283: [GC (Allocation Failure) [PSYoungGen: 630853K->28484K(643584K)] 661441K->59072K(2041856K), 0.0108547 secs] [Times: user=0.00 sys=0.00, real=0.01 secs] 
2020-09-29T17:58:24.598+0200: 58.345: [GC (Allocation Failure) [PSYoungGen: 616772K->28709K(643584K)] 647360K->59297K(2041856K), 0.0108512 secs] [Times: user=0.13 sys=0.00, real=0.01 secs] 
2020-09-29T17:58:24.660+0200: 58.408: [GC (Allocation Failure) [PSYoungGen: 616997K->41124K(644096K)] 647585K->71712K(2042368K), 0.0148809 secs] [Times: user=0.01 sys=0.02, real=0.01 secs] 
2020-09-29T17:58:24.726+0200: 58.474: [GC (Allocation Failure) [PSYoungGen: 629924K->42053K(643584K)] 660512K->72641K(2041856K), 0.0139163 secs] [Times: user=0.13 sys=0.00, real=0.01 secs] 
2020-09-29T17:58:24.792+0200: 58.539: [GC (Allocation Failure) [PSYoungGen: 630853K->29125K(644096K)] 661441K->59713K(2042368K), 0.0107668 secs] [Times: user=0.13 sys=0.00, real=0.01 secs] 
2020-09-29T17:58:24.853+0200: 58.600: [GC (Allocation Failure) [PSYoungGen: 618437K->30437K(644096K)] 649025K->61025K(2042368K), 0.0104847 secs] [Times: user=0.02 sys=0.00, real=0.01 secs] 
2020-09-29T17:58:24.914+0200: 58.661: [GC (Allocation Failure) [PSYoungGen: 619749K->45573K(641536K)] 650337K->76161K(2039808K), 0.0155755 secs] [Times: user=0.13 sys=0.00, real=0.01 secs] 
2020-09-29T17:58:24.980+0200: 58.727: [GC (Allocation Failure) [PSYoungGen: 632837K->55781K(643072K)] 663425K->89105K(2041344K), 0.0198228 secs] [Times: user=0.13 sys=0.00, real=0.02 secs] 
2020-09-29T17:58:25.050+0200: 58.797: [GC (Allocation Failure) [PSYoungGen: 643045K->44229K(631808K)] 676369K->77553K(2030080K), 0.0155357 secs] [Times: user=0.13 sys=0.00, real=0.02 secs] 
2020-09-29T17:58:25.116+0200: 58.863: [GC (Allocation Failure) [PSYoungGen: 620229K->30884K(637440K)] 653553K->64208K(2035712K), 0.0116599 secs] [Times: user=0.00 sys=0.00, real=0.01 secs] 
2020-09-29T17:58:25.178+0200: 58.925: [GC (Allocation Failure) [PSYoungGen: 606884K->31588K(638976K)] 640208K->64912K(2037248K), 0.0117537 secs] [Times: user=0.00 sys=0.00, real=0.01 secs] 
2020-09-29T17:58:25.242+0200: 58.989: [GC (Allocation Failure) [PSYoungGen: 609636K->49189K(627712K)] 642960K->82513K(2025984K), 0.0173881 secs] [Times: user=0.13 sys=0.00, real=0.02 secs] 
2020-09-29T17:58:25.310+0200: 59.057: [GC (Allocation Failure) [PSYoungGen: 627237K->52933K(631808K)] 660561K->86257K(2030080K), 0.0185482 secs] [Times: user=0.13 sys=0.00, real=0.02 secs] 
2020-09-29T17:58:25.377+0200: 59.125: [GC (Allocation Failure) [PSYoungGen: 622789K->34692K(634368K)] 656113K->68016K(2032640K), 0.0130399 secs] [Times: user=0.13 sys=0.00, real=0.01 secs] 
2020-09-29T17:58:25.441+0200: 59.188: [GC (Allocation Failure) [PSYoungGen: 604548K->43973K(636416K)] 637872K->77297K(2034688K), 0.0151630 secs] [Times: user=0.13 sys=0.00, real=0.02 secs] 
2020-09-29T17:58:25.505+0200: 59.253: [GC (Allocation Failure) [PSYoungGen: 616901K->42693K(635392K)] 650225K->76017K(2033664K), 0.0147081 secs] [Times: user=0.00 sys=0.00, real=0.01 secs] 
2020-09-29T17:58:25.570+0200: 59.317: [GC (Allocation Failure) [PSYoungGen: 615621K->27429K(636928K)] 648945K->60753K(2035200K), 0.0096742 secs] [Times: user=0.00 sys=0.00, real=0.01 secs] 
2020-09-29T17:58:25.629+0200: 59.377: [GC (Allocation Failure) [PSYoungGen: 603429K->56517K(632832K)] 636753K->89841K(2031104K), 0.0194846 secs] [Times: user=0.25 sys=0.00, real=0.02 secs] 
2020-09-29T17:58:25.700+0200: 59.447: [GC (Allocation Failure) [PSYoungGen: 632517K->44645K(634368K)] 665841K->77969K(2032640K), 0.0163217 secs] [Times: user=0.13 sys=0.00, real=0.02 secs] 
2020-09-29T17:58:25.766+0200: 59.513: [GC (Allocation Failure) [PSYoungGen: 613477K->39205K(633344K)] 646801K->72529K(2031616K), 0.0129262 secs] [Times: user=0.13 sys=0.00, real=0.01 secs] 
2020-09-29T17:58:25.828+0200: 59.576: [GC (Allocation Failure) [PSYoungGen: 608037K->47461K(636416K)] 641361K->80785K(2034688K), 0.0164620 secs] [Times: user=0.13 sys=0.00, real=0.02 secs] 
2020-09-29T17:58:25.894+0200: 59.642: [GC (Allocation Failure) [PSYoungGen: 621413K->45860K(636416K)] 654737K->79184K(2034688K), 0.0166958 secs] [Times: user=0.25 sys=0.00, real=0.02 secs] 
2020-09-29T17:58:25.960+0200: 59.708: [GC (Allocation Failure) [PSYoungGen: 619812K->31460K(636928K)] 653136K->64784K(2035200K), 0.0113367 secs] [Times: user=0.00 sys=0.00, real=0.01 secs] 
2020-09-29T17:58:26.021+0200: 59.768: [GC (Allocation Failure) [PSYoungGen: 606436K->43172K(636928K)] 639760K->76496K(2035200K), 0.0155448 secs] [Times: user=0.13 sys=0.00, real=0.02 secs] 
2020-09-29T17:58:26.086+0200: 59.833: [GC (Allocation Failure) [PSYoungGen: 618148K->9889K(631808K)] 651472K->43213K(2030080K), 0.0060689 secs] [Times: user=0.00 sys=0.00, real=0.01 secs] 
2020-09-29T17:58:26.143+0200: 59.890: [GC (Allocation Failure) [PSYoungGen: 580769K->32004K(634880K)] 614093K->65328K(2033152K), 0.0124467 secs] [Times: user=0.13 sys=0.00, real=0.01 secs] 
2020-09-29T17:58:26.207+0200: 59.954: [GC (Allocation Failure) [PSYoungGen: 602884K->42373K(636928K)] 636208K->75697K(2035200K), 0.0188401 secs] [Times: user=0.22 sys=0.00, real=0.02 secs] 
2020-09-29T17:58:26.277+0200: 60.024: [GC (Allocation Failure) [PSYoungGen: 616837K->28324K(636416K)] 650161K->61648K(2034688K), 0.0109582 secs] [Times: user=0.13 sys=0.00, real=0.01 secs] 
2020-09-29T17:58:26.338+0200: 60.085: [GC (Allocation Failure) [PSYoungGen: 602788K->42116K(637952K)] 636112K->75440K(2036224K), 0.0150568 secs] [Times: user=0.13 sys=0.00, real=0.01 secs] 
2020-09-29T17:58:26.402+0200: 60.149: [GC (Allocation Failure) [PSYoungGen: 618628K->29155K(637440K)] 651952K->62479K(2035712K), 0.0116787 secs] [Times: user=0.13 sys=0.00, real=0.01 secs] 
2020-09-29T17:58:26.463+0200: 60.211: [GC (Allocation Failure) [PSYoungGen: 605667K->45125K(637952K)] 638991K->78449K(2036224K), 0.0156750 secs] [Times: user=0.13 sys=0.00, real=0.02 secs] 
2020-09-29T17:58:26.536+0200: 60.283: [GC (Allocation Failure) [PSYoungGen: 623173K->33732K(638464K)] 656497K->67056K(2036736K), 0.0251392 secs] [Times: user=0.13 sys=0.00, real=0.03 secs] 
2020-09-29T17:58:26.611+0200: 60.358: [GC (Allocation Failure) [PSYoungGen: 611780K->23204K(638976K)] 645104K->56528K(2037248K), 0.0092334 secs] [Times: user=0.13 sys=0.00, real=0.01 secs] 
2020-09-29T17:58:26.670+0200: 60.417: [GC (Allocation Failure) [PSYoungGen: 603300K->42693K(639488K)] 636624K->76017K(2037760K), 0.0152187 secs] [Times: user=0.13 sys=0.00, real=0.01 secs] 
2020-09-29T17:58:26.737+0200: 60.484: [GC (Allocation Failure) [PSYoungGen: 622789K->48581K(635392K)] 656113K->81905K(2033664K), 0.0160008 secs] [Times: user=0.13 sys=0.00, real=0.02 secs] 
2020-09-29T17:58:26.803+0200: 60.550: [GC (Allocation Failure) [PSYoungGen: 624581K->36677K(637440K)] 657905K->70001K(2035712K), 0.0134416 secs] [Times: user=0.00 sys=0.00, real=0.01 secs] 
2020-09-29T17:58:26.866+0200: 60.614: [GC (Allocation Failure) [PSYoungGen: 612677K->37764K(641536K)] 646001K->71088K(2039808K), 0.0136720 secs] [Times: user=0.13 sys=0.00, real=0.01 secs] 
2020-09-29T17:58:26.930+0200: 60.678: [GC (Allocation Failure) [PSYoungGen: 619908K->31941K(639488K)] 653232K->65265K(2037760K), 0.0113937 secs] [Times: user=0.00 sys=0.00, real=0.01 secs] 
2020-09-29T17:58:26.992+0200: 60.739: [GC (Allocation Failure) [PSYoungGen: 614085K->38181K(644096K)] 647409K->71505K(2042368K), 0.0128812 secs] [Times: user=0.01 sys=0.00, real=0.01 secs] 
2020-09-29T17:58:27.057+0200: 60.804: [GC (Allocation Failure) [PSYoungGen: 625957K->51781K(640000K)] 659281K->85105K(2038272K), 0.0175527 secs] [Times: user=0.13 sys=0.00, real=0.02 secs] 
2020-09-29T17:58:27.129+0200: 60.876: [GC (Allocation Failure) [PSYoungGen: 639557K->37925K(642048K)] 672881K->71249K(2040320K), 0.0150864 secs] [Times: user=0.06 sys=0.00, real=0.02 secs] 
2020-09-29T17:58:27.198+0200: 60.946: [GC (Allocation Failure) [PSYoungGen: 621605K->33701K(640512K)] 654929K->67025K(2038784K), 0.0159345 secs] [Times: user=0.11 sys=0.00, real=0.02 secs] 
2020-09-29T17:58:27.266+0200: 61.013: [GC (Allocation Failure) [PSYoungGen: 617381K->29445K(643584K)] 650705K->62769K(2041856K), 0.0094888 secs] [Times: user=0.13 sys=0.00, real=0.01 secs] 
2020-09-29T17:58:27.326+0200: 61.074: [GC (Allocation Failure) [PSYoungGen: 617221K->29284K(643072K)] 650545K->62608K(2041344K), 0.0109718 secs] [Times: user=0.13 sys=0.00, real=0.01 secs] 
2020-09-29T17:58:27.388+0200: 61.135: [GC (Allocation Failure) [PSYoungGen: 617060K->28260K(644096K)] 650384K->61584K(2042368K), 0.0104364 secs] [Times: user=0.13 sys=0.00, real=0.01 secs] 
2020-09-29T17:58:27.453+0200: 61.200: [GC (Allocation Failure) [PSYoungGen: 617572K->43333K(632832K)] 650896K->76657K(2031104K), 0.0146785 secs] [Times: user=0.13 sys=0.00, real=0.01 secs] 
2020-09-29T17:58:27.518+0200: 61.265: [GC (Allocation Failure) [PSYoungGen: 632645K->55781K(630784K)] 665969K->91633K(2029056K), 0.0196997 secs] [Times: user=0.25 sys=0.00, real=0.02 secs] 
2020-09-29T17:58:27.587+0200: 61.335: [GC (Allocation Failure) [PSYoungGen: 630757K->31460K(636928K)] 666609K->67312K(2035200K), 0.0121086 secs] [Times: user=0.13 sys=0.00, real=0.01 secs] 
2020-09-29T17:58:27.648+0200: 61.396: [GC (Allocation Failure) [PSYoungGen: 606436K->32101K(639488K)] 642288K->67953K(2037760K), 0.0106505 secs] [Times: user=0.00 sys=0.00, real=0.01 secs] 
2020-09-29T17:58:27.709+0200: 61.456: [GC (Allocation Failure) [PSYoungGen: 610661K->35332K(637952K)] 646513K->71184K(2036224K), 0.0128765 secs] [Times: user=0.00 sys=0.00, real=0.01 secs] 
2020-09-29T17:58:27.773+0200: 61.521: [GC (Allocation Failure) [PSYoungGen: 613892K->53253K(633344K)] 649744K->89105K(2031616K), 0.0179234 secs] [Times: user=0.13 sys=0.00, real=0.02 secs] 
2020-09-29T17:58:27.842+0200: 61.589: [GC (Allocation Failure) [PSYoungGen: 629253K->41381K(637440K)] 665105K->77233K(2035712K), 0.0143746 secs] [Times: user=0.11 sys=0.00, real=0.01 secs] 
2020-09-29T17:58:27.909+0200: 61.656: [GC (Allocation Failure) [PSYoungGen: 617381K->41060K(640000K)] 653233K->76912K(2038272K), 0.0164467 secs] [Times: user=0.11 sys=0.00, real=0.02 secs] 
2020-09-29T17:58:27.976+0200: 61.724: [GC (Allocation Failure) [PSYoungGen: 620644K->31267K(638464K)] 656496K->67119K(2036736K), 0.0128285 secs] [Times: user=0.13 sys=0.00, real=0.01 secs] 
2020-09-29T17:58:28.040+0200: 61.788: [GC (Allocation Failure) [PSYoungGen: 610851K->36549K(642048K)] 646703K->72401K(2040320K), 0.0137509 secs] [Times: user=0.11 sys=0.00, real=0.01 secs] 
2020-09-29T17:58:28.106+0200: 61.854: [GC (Allocation Failure) [PSYoungGen: 620229K->32293K(640512K)] 656081K->68145K(2038784K), 0.0142809 secs] [Times: user=0.11 sys=0.00, real=0.01 secs] 
2020-09-29T17:58:28.174+0200: 61.922: [GC (Allocation Failure) [PSYoungGen: 615973K->27651K(643072K)] 651825K->63503K(2041344K), 0.0120316 secs] [Times: user=0.11 sys=0.00, real=0.01 secs] 
2020-09-29T17:58:28.241+0200: 61.989: [GC (Allocation Failure) [PSYoungGen: 614915K->26725K(643072K)] 650767K->62577K(2041344K), 0.0119864 secs] [Times: user=0.00 sys=0.00, real=0.01 secs] 
2020-09-29T17:58:28.307+0200: 62.055: [GC (Allocation Failure) [PSYoungGen: 613989K->25541K(643584K)] 649841K->61393K(2041856K), 0.0094975 secs] [Times: user=0.00 sys=0.02, real=0.01 secs] 
2020-09-29T17:58:28.369+0200: 62.117: [GC (Allocation Failure) [PSYoungGen: 613829K->23715K(643584K)] 649681K->59567K(2041856K), 0.0102118 secs] [Times: user=0.01 sys=0.00, real=0.01 secs] 
2020-09-29T17:58:28.432+0200: 62.179: [GC (Allocation Failure) [PSYoungGen: 612003K->37797K(644096K)] 647855K->73649K(2042368K), 0.0144742 secs] [Times: user=0.11 sys=0.00, real=0.01 secs] 
2020-09-29T17:58:28.500+0200: 62.247: [GC (Allocation Failure) [PSYoungGen: 626597K->24740K(643584K)] 662449K->60592K(2041856K), 0.0107872 secs] [Times: user=0.11 sys=0.00, real=0.01 secs] 
2020-09-29T17:58:28.563+0200: 62.311: [GC (Allocation Failure) [PSYoungGen: 613540K->39109K(644608K)] 649392K->74961K(2042880K), 0.0148045 secs] [Times: user=0.13 sys=0.00, real=0.02 secs] 
2020-09-29T17:58:28.631+0200: 62.378: [GC (Allocation Failure) [PSYoungGen: 629445K->40068K(630784K)] 665297K->75920K(2029056K), 0.0158817 secs] [Times: user=0.11 sys=0.00, real=0.02 secs] 
2020-09-29T17:58:28.700+0200: 62.447: [GC (Allocation Failure) [PSYoungGen: 630404K->42020K(643072K)] 666256K->77872K(2041344K), 0.0169201 secs] [Times: user=0.11 sys=0.00, real=0.02 secs] 
2020-09-29T17:58:28.769+0200: 62.517: [GC (Allocation Failure) [PSYoungGen: 630308K->28709K(643584K)] 666160K->64561K(2041856K), 0.0142149 secs] [Times: user=0.09 sys=0.00, real=0.01 secs] 
2020-09-29T17:58:28.839+0200: 62.586: [GC (Allocation Failure) [PSYoungGen: 616997K->42789K(641536K)] 652849K->78641K(2039808K), 0.0171153 secs] [Times: user=0.11 sys=0.00, real=0.02 secs] 
2020-09-29T17:58:28.908+0200: 62.656: [GC (Allocation Failure) [PSYoungGen: 630053K->55781K(643072K)] 665905K->91641K(2041344K), 0.0202641 secs] [Times: user=0.22 sys=0.00, real=0.02 secs] 
2020-09-29T17:58:28.981+0200: 62.728: [GC (Allocation Failure) [PSYoungGen: 643045K->41477K(633856K)] 678905K->77337K(2032128K), 0.0139470 secs] [Times: user=0.13 sys=0.00, real=0.01 secs] 
2020-09-29T17:58:29.046+0200: 62.794: [GC (Allocation Failure) [PSYoungGen: 619525K->31300K(638464K)] 655385K->67160K(2036736K), 0.0126247 secs] [Times: user=0.11 sys=0.00, real=0.01 secs] 
2020-09-29T17:58:29.110+0200: 62.858: [GC (Allocation Failure) [PSYoungGen: 609348K->48805K(635392K)] 645208K->84665K(2033664K), 0.0184161 secs] [Times: user=0.11 sys=0.00, real=0.02 secs] 
2020-09-29T17:58:29.183+0200: 62.930: [GC (Allocation Failure) [PSYoungGen: 624805K->50597K(626688K)] 660665K->86457K(2024960K), 0.0217804 secs] [Times: user=0.11 sys=0.00, real=0.02 secs] 
2020-09-29T17:58:29.256+0200: 63.004: [GC (Allocation Failure) [PSYoungGen: 626597K->38500K(637440K)] 662457K->74360K(2035712K), 0.0137709 secs] [Times: user=0.13 sys=0.00, real=0.01 secs] 
2020-09-29T17:58:29.319+0200: 63.067: [GC (Allocation Failure) [PSYoungGen: 612452K->24421K(635392K)] 648312K->60281K(2033664K), 0.0083008 secs] [Times: user=0.00 sys=0.00, real=0.01 secs] 
2020-09-29T17:58:29.378+0200: 63.125: [GC (Allocation Failure) [PSYoungGen: 598373K->21891K(636928K)] 634233K->57751K(2035200K), 0.0088100 secs] [Times: user=0.13 sys=0.00, real=0.01 secs] 
2020-09-29T17:58:29.436+0200: 63.183: [GC (Allocation Failure) [PSYoungGen: 596867K->35973K(636928K)] 632727K->71833K(2035200K), 0.0131625 secs] [Times: user=0.13 sys=0.00, real=0.01 secs] 
2020-09-29T17:58:29.498+0200: 63.246: [GC (Allocation Failure) [PSYoungGen: 610949K->36773K(641536K)] 646809K->72633K(2039808K), 0.0127711 secs] [Times: user=0.13 sys=0.00, real=0.01 secs] 
2020-09-29T17:58:29.562+0200: 63.309: [GC (Allocation Failure) [PSYoungGen: 618405K->14370K(638976K)] 654265K->50230K(2037248K), 0.0072634 secs] [Times: user=0.13 sys=0.00, real=0.01 secs] 
2020-09-29T17:58:29.621+0200: 63.368: [GC (Allocation Failure) [PSYoungGen: 596002K->35461K(641536K)] 631862K->71321K(2039808K), 0.0131438 secs] [Times: user=0.11 sys=0.00, real=0.01 secs] 
2020-09-29T17:58:29.684+0200: 63.432: [GC (Allocation Failure) [PSYoungGen: 617605K->29701K(639488K)] 653465K->65561K(2037760K), 0.0111822 secs] [Times: user=0.13 sys=0.00, real=0.01 secs] 
2020-09-29T17:58:29.746+0200: 63.493: [GC (Allocation Failure) [PSYoungGen: 611845K->51269K(634880K)] 647705K->87129K(2033152K), 0.0168998 secs] [Times: user=0.13 sys=0.00, real=0.02 secs] 
2020-09-29T17:58:29.814+0200: 63.561: [GC (Allocation Failure) [PSYoungGen: 630341K->27716K(638976K)] 666201K->63576K(2037248K), 0.0113243 secs] [Times: user=0.11 sys=0.00, real=0.01 secs] 
2020-09-29T17:58:29.876+0200: 63.623: [GC (Allocation Failure) [PSYoungGen: 606788K->58853K(625664K)] 642648K->95721K(2023936K), 0.0199645 secs] [Times: user=0.25 sys=0.00, real=0.02 secs] 
2020-09-29T17:58:29.945+0200: 63.692: [GC (Allocation Failure) [PSYoungGen: 625637K->52453K(619520K)] 662505K->89321K(2017792K), 0.0174206 secs] [Times: user=0.13 sys=0.00, real=0.02 secs] 
2020-09-29T17:58:30.011+0200: 63.759: [GC (Allocation Failure) [PSYoungGen: 619237K->44997K(630784K)] 656105K->81865K(2029056K), 0.0156843 secs] [Times: user=0.13 sys=0.00, real=0.02 secs] 
2020-09-29T17:58:30.076+0200: 63.823: [GC (Allocation Failure) [PSYoungGen: 607173K->46597K(630272K)] 644041K->83465K(2028544K), 0.0160206 secs] [Times: user=0.13 sys=0.00, real=0.02 secs] 
2020-09-29T17:58:30.141+0200: 63.889: [GC (Allocation Failure) [PSYoungGen: 608773K->34533K(632832K)] 645641K->71401K(2031104K), 0.0125348 secs] [Times: user=0.13 sys=0.00, real=0.01 secs] 
2020-09-29T17:58:30.204+0200: 63.952: [GC (Allocation Failure) [PSYoungGen: 599781K->39237K(631296K)] 636649K->76105K(2029568K), 0.0180695 secs] [Times: user=0.09 sys=0.00, real=0.02 secs] 
2020-09-29T17:58:30.274+0200: 64.022: [GC (Allocation Failure) [PSYoungGen: 604485K->43716K(636416K)] 641353K->80584K(2034688K), 0.0171524 secs] [Times: user=0.13 sys=0.00, real=0.02 secs] 
2020-09-29T17:58:30.343+0200: 64.091: [GC (Allocation Failure) [PSYoungGen: 616644K->27332K(635392K)] 653512K->64200K(2033664K), 0.0110198 secs] [Times: user=0.13 sys=0.00, real=0.01 secs] 
2020-09-29T17:58:30.406+0200: 64.154: [GC (Allocation Failure) [PSYoungGen: 600260K->24932K(636416K)] 637128K->61800K(2034688K), 0.0119520 secs] [Times: user=0.13 sys=0.00, real=0.01 secs] 
2020-09-29T17:58:30.470+0200: 64.217: [GC (Allocation Failure) [PSYoungGen: 598884K->52005K(626176K)] 635752K->88873K(2024448K), 0.0173724 secs] [Times: user=0.13 sys=0.00, real=0.02 secs] 
2020-09-29T17:58:30.536+0200: 64.284: [GC (Allocation Failure) [PSYoungGen: 625957K->37829K(635904K)] 662825K->74697K(2034176K), 0.0132278 secs] [Times: user=0.00 sys=0.00, real=0.01 secs] 
2020-09-29T17:58:30.600+0200: 64.348: [GC (Allocation Failure) [PSYoungGen: 608197K->47589K(633344K)] 645065K->84457K(2031616K), 0.0157002 secs] [Times: user=0.13 sys=0.00, real=0.02 secs] 
2020-09-29T17:58:30.668+0200: 64.415: [GC (Allocation Failure) [PSYoungGen: 617957K->28996K(635392K)] 654825K->65864K(2033664K), 0.0108846 secs] [Times: user=0.13 sys=0.00, real=0.01 secs] 
2020-09-29T17:58:30.728+0200: 64.475: [GC (Allocation Failure) [PSYoungGen: 600388K->39332K(634880K)] 637256K->76200K(2033152K), 0.0146409 secs] [Times: user=0.13 sys=0.00, real=0.02 secs] 
2020-09-29T17:58:30.792+0200: 64.539: [GC (Allocation Failure) [PSYoungGen: 610724K->36356K(639488K)] 647592K->73224K(2037760K), 0.0134454 secs] [Times: user=0.13 sys=0.00, real=0.01 secs] 
2020-09-29T17:58:30.856+0200: 64.603: [GC (Allocation Failure) [PSYoungGen: 614916K->24003K(637952K)] 651784K->60871K(2036224K), 0.0097937 secs] [Times: user=0.13 sys=0.00, real=0.01 secs] 
2020-09-29T17:58:30.916+0200: 64.663: [GC (Allocation Failure) [PSYoungGen: 602563K->28325K(640000K)] 639431K->65193K(2038272K), 0.0092124 secs] [Times: user=0.00 sys=0.00, real=0.01 secs] 
2020-09-29T17:58:30.978+0200: 64.725: [GC (Allocation Failure) [PSYoungGen: 608933K->34725K(639488K)] 645801K->71593K(2037760K), 0.0115578 secs] [Times: user=0.13 sys=0.00, real=0.01 secs] 
2020-09-29T17:58:31.042+0200: 64.789: [GC (Allocation Failure) [PSYoungGen: 615333K->25413K(642560K)] 652201K->62281K(2040832K), 0.0094330 secs] [Times: user=0.00 sys=0.00, real=0.01 secs] 
2020-09-29T17:58:31.102+0200: 64.850: [GC (Allocation Failure) [PSYoungGen: 611141K->36901K(642048K)] 648009K->73769K(2040320K), 0.0121101 secs] [Times: user=0.13 sys=0.00, real=0.01 secs] 
2020-09-29T17:58:31.166+0200: 64.914: [GC (Allocation Failure) [PSYoungGen: 622629K->32036K(645120K)] 659497K->68904K(2043392K), 0.0123032 secs] [Times: user=0.13 sys=0.00, real=0.01 secs] 
2020-09-29T17:58:31.232+0200: 64.979: [GC (Allocation Failure) [PSYoungGen: 621860K->33860K(643584K)] 658728K->70728K(2041856K), 0.0132633 secs] [Times: user=0.13 sys=0.00, real=0.01 secs] 
2020-09-29T17:58:31.297+0200: 65.045: [GC (Allocation Failure) [PSYoungGen: 623684K->21443K(645632K)] 660552K->58311K(2043904K), 0.0085718 secs] [Times: user=0.13 sys=0.00, real=0.01 secs] 
2020-09-29T17:58:31.361+0200: 65.109: [GC (Allocation Failure) [PSYoungGen: 614851K->24772K(646144K)] 651719K->61640K(2044416K), 0.0095022 secs] [Times: user=0.13 sys=0.00, real=0.01 secs] 
2020-09-29T17:58:31.421+0200: 65.169: [GC (Allocation Failure) [PSYoungGen: 618180K->15652K(644608K)] 655048K->52520K(2042880K), 0.0060025 secs] [Times: user=0.13 sys=0.00, real=0.01 secs] 
2020-09-29T17:58:31.479+0200: 65.227: [GC (Allocation Failure) [PSYoungGen: 608036K->33444K(645632K)] 644904K->70312K(2043904K), 0.0123614 secs] [Times: user=0.13 sys=0.00, real=0.01 secs] 
2020-09-29T17:58:31.542+0200: 65.290: [GC (Allocation Failure) [PSYoungGen: 625828K->37989K(646144K)] 662696K->74857K(2044416K), 0.0141408 secs] [Times: user=0.13 sys=0.00, real=0.01 secs] 
2020-09-29T17:58:31.610+0200: 65.357: [GC (Allocation Failure) [PSYoungGen: 632421K->30404K(646656K)] 669289K->67272K(2044928K), 0.0116371 secs] [Times: user=0.11 sys=0.00, real=0.01 secs] 
2020-09-29T17:58:31.674+0200: 65.422: [GC (Allocation Failure) [PSYoungGen: 624836K->36836K(648192K)] 661704K->73704K(2046464K), 0.0135615 secs] [Times: user=0.13 sys=0.00, real=0.01 secs] 
2020-09-29T17:58:31.739+0200: 65.487: [GC (Allocation Failure) [PSYoungGen: 634340K->46469K(644096K)] 671208K->83337K(2042368K), 0.0165535 secs] [Times: user=0.13 sys=0.00, real=0.02 secs] 
2020-09-29T17:58:31.808+0200: 65.556: [GC (Allocation Failure) [PSYoungGen: 643973K->42308K(642560K)] 680841K->79176K(2040832K), 0.0153406 secs] [Times: user=0.13 sys=0.00, real=0.02 secs] 
2020-09-29T17:58:31.876+0200: 65.624: [GC (Allocation Failure) [PSYoungGen: 630596K->12292K(601088K)] 667464K->49160K(1999360K), 0.0055580 secs] [Times: user=0.09 sys=0.00, real=0.01 secs] 
2020-09-29T17:58:31.934+0200: 65.682: [GC (Allocation Failure) [PSYoungGen: 600580K->39813K(641024K)] 637448K->76681K(2039296K), 0.0138047 secs] [Times: user=0.13 sys=0.00, real=0.01 secs] 
2020-09-29T17:58:31.999+0200: 65.746: [GC (Allocation Failure) [PSYoungGen: 624005K->49701K(634368K)] 660873K->86569K(2032640K), 0.0167115 secs] [Times: user=0.13 sys=0.00, real=0.02 secs] 
2020-09-29T17:58:32.066+0200: 65.813: [GC (Allocation Failure) [PSYoungGen: 633893K->27908K(639488K)] 670761K->64776K(2037760K), 0.0108740 secs] [Times: user=0.13 sys=0.00, real=0.01 secs] 
2020-09-29T17:58:32.129+0200: 65.877: [GC (Allocation Failure) [PSYoungGen: 606468K->31588K(637952K)] 643336K->68456K(2036224K), 0.0121256 secs] [Times: user=0.09 sys=0.02, real=0.01 secs] 
2020-09-29T17:58:32.192+0200: 65.940: [GC (Allocation Failure) [PSYoungGen: 610148K->35492K(643072K)] 647016K->72360K(2041344K), 0.0175891 secs] [Times: user=0.11 sys=0.00, real=0.02 secs] 
2020-09-29T17:58:32.262+0200: 66.009: [GC (Allocation Failure) [PSYoungGen: 621220K->30277K(641536K)] 658088K->67145K(2039808K), 0.0110101 secs] [Times: user=0.13 sys=0.00, real=0.01 secs] 
2020-09-29T17:58:32.323+0200: 66.071: [GC (Allocation Failure) [PSYoungGen: 616005K->54245K(632320K)] 652873K->92225K(2030592K), 0.0181608 secs] [Times: user=0.13 sys=0.00, real=0.02 secs] 
2020-09-29T17:58:32.392+0200: 66.140: [GC (Allocation Failure) [PSYoungGen: 632293K->31556K(638464K)] 670273K->69536K(2036736K), 0.0121569 secs] [Times: user=0.13 sys=0.00, real=0.01 secs] 
2020-09-29T17:58:32.454+0200: 66.201: [GC (Allocation Failure) [PSYoungGen: 609604K->34789K(642560K)] 647584K->72769K(2040832K), 0.0126892 secs] [Times: user=0.13 sys=0.00, real=0.01 secs] 
2020-09-29T17:58:32.517+0200: 66.265: [GC (Allocation Failure) [PSYoungGen: 618981K->44741K(640512K)] 656961K->82721K(2038784K), 0.0160357 secs] [Times: user=0.13 sys=0.00, real=0.02 secs] 
2020-09-29T17:58:32.585+0200: 66.333: [GC (Allocation Failure) [PSYoungGen: 628933K->27301K(641536K)] 666913K->65281K(2039808K), 0.0091597 secs] [Times: user=0.00 sys=0.00, real=0.01 secs] 
2020-09-29T17:58:32.646+0200: 66.393: [GC (Allocation Failure) [PSYoungGen: 610981K->21668K(641024K)] 648961K->59648K(2039296K), 0.0083274 secs] [Times: user=0.00 sys=0.00, real=0.01 secs] 
2020-09-29T17:58:32.704+0200: 66.452: [GC (Allocation Failure) [PSYoungGen: 605348K->30181K(643072K)] 643328K->68161K(2041344K), 0.0109119 secs] [Times: user=0.13 sys=0.00, real=0.01 secs] 
2020-09-29T17:58:32.765+0200: 66.513: [GC (Allocation Failure) [PSYoungGen: 615909K->26212K(641536K)] 653889K->64192K(2039808K), 0.0095693 secs] [Times: user=0.13 sys=0.00, real=0.01 secs] 
2020-09-29T17:58:32.825+0200: 66.573: [GC (Allocation Failure) [PSYoungGen: 611940K->22211K(644608K)] 649920K->60191K(2042880K), 0.0092913 secs] [Times: user=0.13 sys=0.00, real=0.01 secs] 
2020-09-29T17:58:32.886+0200: 66.634: [GC (Allocation Failure) [PSYoungGen: 612035K->37733K(644096K)] 650015K->75713K(2042368K), 0.0140589 secs] [Times: user=0.13 sys=0.00, real=0.01 secs] 
2020-09-29T17:58:32.953+0200: 66.701: [GC (Allocation Failure) [PSYoungGen: 627557K->53381K(633344K)] 665537K->91361K(2031616K), 0.0195511 secs] [Times: user=0.25 sys=0.00, real=0.02 secs] 
2020-09-29T17:58:33.026+0200: 66.774: [GC (Allocation Failure) [PSYoungGen: 632453K->15875K(595456K)] 670433K->53855K(1993728K), 0.0076752 secs] [Times: user=0.00 sys=0.00, real=0.01 secs] 
2020-09-29T17:58:33.087+0200: 66.835: [GC (Allocation Failure) [PSYoungGen: 594947K->17987K(638464K)] 632927K->55967K(2036736K), 0.0095711 secs] [Times: user=0.00 sys=0.00, real=0.01 secs] 
2020-09-29T17:58:33.149+0200: 66.897: [GC (Allocation Failure) [PSYoungGen: 596035K->35429K(638464K)] 634015K->73409K(2036736K), 0.0123513 secs] [Times: user=0.13 sys=0.00, real=0.01 secs] 
2020-09-29T17:58:33.213+0200: 66.961: [GC (Allocation Failure) [PSYoungGen: 613477K->22852K(641024K)] 651457K->60832K(2039296K), 0.0117370 secs] [Times: user=0.11 sys=0.00, real=0.01 secs] 
2020-09-29T17:58:33.277+0200: 67.024: [GC (Allocation Failure) [PSYoungGen: 604996K->30725K(640000K)] 642976K->68705K(2038272K), 0.0107325 secs] [Times: user=0.13 sys=0.00, real=0.01 secs] 
2020-09-29T17:58:33.337+0200: 67.085: [GC (Allocation Failure) [PSYoungGen: 612869K->36772K(644096K)] 650849K->74752K(2042368K), 0.0135495 secs] [Times: user=0.13 sys=0.00, real=0.01 secs] 
2020-09-29T17:58:33.402+0200: 67.149: [GC (Allocation Failure) [PSYoungGen: 625572K->51333K(640512K)] 663552K->89313K(2038784K), 0.0165942 secs] [Times: user=0.13 sys=0.00, real=0.02 secs] 
2020-09-29T17:58:33.471+0200: 67.219: [GC (Allocation Failure) [PSYoungGen: 640133K->38052K(639488K)] 678113K->76032K(2037760K), 0.0139886 secs] [Times: user=0.13 sys=0.00, real=0.01 secs] 
2020-09-29T17:58:33.535+0200: 67.283: [GC (Allocation Failure) [PSYoungGen: 619172K->17443K(599040K)] 657152K->55423K(1997312K), 0.0071413 secs] [Times: user=0.13 sys=0.00, real=0.01 secs] 
2020-09-29T17:58:33.595+0200: 67.343: [GC (Allocation Failure) [PSYoungGen: 598563K->38053K(640000K)] 636543K->76033K(2038272K), 0.0146857 secs] [Times: user=0.11 sys=0.00, real=0.01 secs] 
2020-09-29T17:58:33.661+0200: 67.409: [GC (Allocation Failure) [PSYoungGen: 618661K->30341K(639488K)] 656641K->68321K(2037760K), 0.0112971 secs] [Times: user=0.00 sys=0.00, real=0.01 secs] 
2020-09-29T17:58:33.723+0200: 67.471: [GC (Allocation Failure) [PSYoungGen: 610949K->23108K(643072K)] 648929K->61088K(2041344K), 0.0084754 secs] [Times: user=0.00 sys=0.00, real=0.01 secs] 
2020-09-29T17:58:33.782+0200: 67.530: [GC (Allocation Failure) [PSYoungGen: 609348K->19619K(642048K)] 647328K->57599K(2040320K), 0.0079524 secs] [Times: user=0.13 sys=0.00, real=0.01 secs] 
2020-09-29T17:58:33.840+0200: 67.588: [GC (Allocation Failure) [PSYoungGen: 605859K->29540K(645632K)] 643839K->67520K(2043904K), 0.0109677 secs] [Times: user=0.13 sys=0.00, real=0.01 secs] 
2020-09-29T17:58:33.903+0200: 67.651: [GC (Allocation Failure) [PSYoungGen: 619876K->31973K(643584K)] 657856K->69953K(2041856K), 0.0106162 secs] [Times: user=0.13 sys=0.00, real=0.01 secs] 
2020-09-29T17:58:33.965+0200: 67.713: [GC (Allocation Failure) [PSYoungGen: 622309K->32580K(648704K)] 660289K->70560K(2046976K), 0.0123298 secs] [Times: user=0.13 sys=0.00, real=0.01 secs] 
2020-09-29T17:58:34.028+0200: 67.776: [GC (Allocation Failure) [PSYoungGen: 629572K->12835K(647168K)] 667552K->50815K(2045440K), 0.0055507 secs] [Times: user=0.00 sys=0.00, real=0.01 secs] 
2020-09-29T17:58:34.086+0200: 67.834: [GC (Allocation Failure) [PSYoungGen: 609827K->49349K(636416K)] 647807K->87329K(2034688K), 0.0163562 secs] [Times: user=0.13 sys=0.00, real=0.02 secs] 
2020-09-29T17:58:34.154+0200: 67.902: [GC (Allocation Failure) [PSYoungGen: 634565K->32709K(642048K)] 672545K->70689K(2040320K), 0.0117433 secs] [Times: user=0.13 sys=0.00, real=0.01 secs] 
2020-09-29T17:58:34.219+0200: 67.967: [GC (Allocation Failure) [PSYoungGen: 617925K->43685K(638976K)] 655905K->81665K(2037248K), 0.0164613 secs] [Times: user=0.13 sys=0.00, real=0.02 secs] 
2020-09-29T17:58:34.286+0200: 68.034: [GC (Allocation Failure) [PSYoungGen: 627877K->39973K(641536K)] 665857K->77953K(2039808K), 0.0141467 secs] [Times: user=0.00 sys=0.00, real=0.01 secs] 
2020-09-29T17:58:34.351+0200: 68.098: [GC (Allocation Failure) [PSYoungGen: 624165K->36069K(642560K)] 662145K->74049K(2040832K), 0.0130697 secs] [Times: user=0.03 sys=0.00, real=0.01 secs] 
2020-09-29T17:58:34.414+0200: 68.162: [GC (Allocation Failure) [PSYoungGen: 621285K->15939K(641536K)] 659265K->53919K(2039808K), 0.0067818 secs] [Times: user=0.00 sys=0.00, real=0.01 secs] 
2020-09-29T17:58:34.471+0200: 68.218: [GC (Allocation Failure) [PSYoungGen: 601027K->9922K(640000K)] 639007K->47902K(2038272K), 0.0051590 secs] [Times: user=0.13 sys=0.00, real=0.01 secs] 
2020-09-29T17:58:34.526+0200: 68.273: [GC (Allocation Failure) [PSYoungGen: 593090K->30084K(641024K)] 631070K->68064K(2039296K), 0.0108006 secs] [Times: user=0.13 sys=0.00, real=0.01 secs] 
2020-09-29T17:58:34.587+0200: 68.335: [GC (Allocation Failure) [PSYoungGen: 613252K->52677K(631296K)] 651232K->90657K(2029568K), 0.0190173 secs] [Times: user=0.11 sys=0.00, real=0.02 secs] 
2020-09-29T17:58:34.658+0200: 68.406: [GC (Allocation Failure) [PSYoungGen: 628677K->40773K(616960K)] 666657K->78753K(2015232K), 0.0141872 secs] [Times: user=0.13 sys=0.00, real=0.01 secs] 
2020-09-29T17:58:34.723+0200: 68.471: [GC (Allocation Failure) [PSYoungGen: 616773K->42533K(635904K)] 654753K->80513K(2034176K), 0.0146491 secs] [Times: user=0.00 sys=0.00, real=0.01 secs] 
2020-09-29T17:58:34.788+0200: 68.536: [GC (Allocation Failure) [PSYoungGen: 616485K->41989K(616448K)] 654465K->79969K(2014720K), 0.0152880 secs] [Times: user=0.13 sys=0.00, real=0.01 secs] 
2020-09-29T17:58:34.853+0200: 68.601: [GC (Allocation Failure) [PSYoungGen: 615941K->55397K(626688K)] 653921K->93377K(2024960K), 0.0186264 secs] [Times: user=0.13 sys=0.00, real=0.02 secs] 
2020-09-29T17:58:34.920+0200: 68.668: [GC (Allocation Failure) [PSYoungGen: 619109K->31237K(631296K)] 657089K->69217K(2029568K), 0.0108088 secs] [Times: user=0.13 sys=0.00, real=0.01 secs] 
2020-09-29T17:58:34.980+0200: 68.728: [GC (Allocation Failure) [PSYoungGen: 594949K->48005K(630272K)] 632929K->85985K(2028544K), 0.0178501 secs] [Times: user=0.13 sys=0.00, real=0.02 secs] 
2020-09-29T17:58:35.046+0200: 68.794: [GC (Allocation Failure) [PSYoungGen: 612741K->24325K(631808K)] 650721K->62305K(2030080K), 0.0092108 secs] [Times: user=0.13 sys=0.00, real=0.01 secs] 
2020-09-29T17:58:35.105+0200: 68.853: [GC (Allocation Failure) [PSYoungGen: 589061K->27236K(634368K)] 627041K->65216K(2032640K), 0.0105763 secs] [Times: user=0.13 sys=0.00, real=0.01 secs] 
2020-09-29T17:58:35.165+0200: 68.913: [GC (Allocation Failure) [PSYoungGen: 595556K->34436K(632832K)] 633536K->72416K(2031104K), 0.0135486 secs] [Times: user=0.13 sys=0.00, real=0.01 secs] 
2020-09-29T17:58:35.231+0200: 68.979: [GC (Allocation Failure) [PSYoungGen: 602756K->28549K(638464K)] 640736K->66529K(2036736K), 0.0119898 secs] [Times: user=0.13 sys=0.00, real=0.01 secs] 
2020-09-29T17:58:35.294+0200: 69.042: [GC (Allocation Failure) [PSYoungGen: 605061K->29636K(636928K)] 643041K->67616K(2035200K), 0.0135926 secs] [Times: user=0.13 sys=0.00, real=0.01 secs] 
2020-09-29T17:58:35.357+0200: 69.105: [GC (Allocation Failure) [PSYoungGen: 606148K->44069K(637440K)] 644128K->82049K(2035712K), 0.0193749 secs] [Times: user=0.13 sys=0.00, real=0.02 secs] 
2020-09-29T17:58:35.426+0200: 69.174: [GC (Allocation Failure) [PSYoungGen: 623141K->34404K(638976K)] 661121K->72384K(2037248K), 0.0166278 secs] [Times: user=0.13 sys=0.00, real=0.02 secs] 
2020-09-29T17:58:35.495+0200: 69.243: [GC (Allocation Failure) [PSYoungGen: 613476K->38468K(642048K)] 651456K->76448K(2040320K), 0.0179638 secs] [Times: user=0.13 sys=0.00, real=0.02 secs] 
2020-09-29T17:58:35.566+0200: 69.314: [GC (Allocation Failure) [PSYoungGen: 623172K->48933K(633856K)] 661152K->86913K(2032128K), 0.0235936 secs] [Times: user=0.22 sys=0.00, real=0.02 secs] 
2020-09-29T17:58:35.642+0200: 69.390: [GC (Allocation Failure) [PSYoungGen: 633637K->45733K(636416K)] 671617K->83713K(2034688K), 0.0199905 secs] [Times: user=0.25 sys=0.00, real=0.02 secs] 
2020-09-29T17:58:35.711+0200: 69.459: [GC (Allocation Failure) [PSYoungGen: 622757K->48581K(625664K)] 660737K->86561K(2023936K), 0.0212446 secs] [Times: user=0.13 sys=0.00, real=0.02 secs] 
2020-09-29T17:58:35.782+0200: 69.530: [GC (Allocation Failure) [PSYoungGen: 625605K->51397K(631296K)] 663585K->89377K(2029568K), 0.0218417 secs] [Times: user=0.25 sys=0.00, real=0.02 secs] 
2020-09-29T17:58:35.853+0200: 69.601: [GC (Allocation Failure) [PSYoungGen: 620229K->32261K(633856K)] 658209K->70241K(2032128K), 0.0143640 secs] [Times: user=0.13 sys=0.00, real=0.01 secs] 
2020-09-29T17:58:35.923+0200: 69.670: [GC (Allocation Failure) [PSYoungGen: 601093K->37252K(637440K)] 639073K->75232K(2035712K), 0.0173872 secs] [Times: user=0.13 sys=0.00, real=0.02 secs] 
2020-09-29T17:58:35.993+0200: 69.741: [GC (Allocation Failure) [PSYoungGen: 611204K->23301K(635392K)] 649184K->61281K(2033664K), 0.0101083 secs] [Times: user=0.00 sys=0.00, real=0.01 secs] 
2020-09-29T17:58:36.056+0200: 69.803: [GC (Allocation Failure) [PSYoungGen: 597253K->50405K(631808K)] 635233K->88385K(2030080K), 0.0216827 secs] [Times: user=0.13 sys=0.00, real=0.02 secs] 
2020-09-29T17:58:36.130+0200: 69.878: [GC (Allocation Failure) [PSYoungGen: 620261K->31972K(634368K)] 658241K->69952K(2032640K), 0.0155152 secs] [Times: user=0.13 sys=0.00, real=0.02 secs] 
2020-09-29T17:58:36.198+0200: 69.946: [GC (Allocation Failure) [PSYoungGen: 601828K->26563K(636416K)] 639808K->64543K(2034688K), 0.0158921 secs] [Times: user=0.11 sys=0.00, real=0.02 secs] 
2020-09-29T17:58:36.264+0200: 70.012: [GC (Allocation Failure) [PSYoungGen: 600003K->24931K(635904K)] 637983K->62911K(2034176K), 0.0129424 secs] [Times: user=0.11 sys=0.00, real=0.01 secs] 
2020-09-29T17:58:36.326+0200: 70.074: [GC (Allocation Failure) [PSYoungGen: 598371K->21252K(636928K)] 636351K->59232K(2035200K), 0.0097243 secs] [Times: user=0.13 sys=0.00, real=0.01 secs] 
2020-09-29T17:58:36.385+0200: 70.133: [GC (Allocation Failure) [PSYoungGen: 596228K->34468K(636928K)] 634208K->72448K(2035200K), 0.0165768 secs] [Times: user=0.13 sys=0.00, real=0.02 secs] 
2020-09-29T17:58:36.451+0200: 70.199: [GC (Allocation Failure) [PSYoungGen: 609444K->33892K(642048K)] 647424K->71872K(2040320K), 0.0158838 secs] [Times: user=0.13 sys=0.00, real=0.02 secs] 
2020-09-29T17:58:36.517+0200: 70.265: [GC (Allocation Failure) [PSYoungGen: 616548K->42341K(639488K)] 654528K->80321K(2037760K), 0.0187352 secs] [Times: user=0.25 sys=0.00, real=0.02 secs] 
2020-09-29T17:58:36.587+0200: 70.335: [GC (Allocation Failure) [PSYoungGen: 624997K->37061K(643072K)] 662977K->75041K(2041344K), 0.0178290 secs] [Times: user=0.11 sys=0.00, real=0.02 secs] 
2020-09-29T17:58:36.658+0200: 70.406: [GC (Allocation Failure) [PSYoungGen: 622789K->20996K(641536K)] 660769K->58976K(2039808K), 0.0100474 secs] [Times: user=0.11 sys=0.00, real=0.01 secs] 
2020-09-29T17:58:36.718+0200: 70.466: [GC (Allocation Failure) [PSYoungGen: 606724K->46117K(637440K)] 644704K->84097K(2035712K), 0.0203399 secs] [Times: user=0.13 sys=0.00, real=0.02 secs] 
2020-09-29T17:58:36.789+0200: 70.537: [GC (Allocation Failure) [PSYoungGen: 627237K->38116K(640000K)] 665217K->76096K(2038272K), 0.0177870 secs] [Times: user=0.13 sys=0.00, real=0.02 secs] 
2020-09-29T17:58:36.857+0200: 70.605: [GC (Allocation Failure) [PSYoungGen: 619236K->31013K(642560K)] 657216K->68993K(2040832K), 0.0137381 secs] [Times: user=0.13 sys=0.00, real=0.01 secs] 
2020-09-29T17:58:36.921+0200: 70.669: [GC (Allocation Failure) [PSYoungGen: 616229K->27525K(641536K)] 654209K->65505K(2039808K), 0.0126580 secs] [Times: user=0.13 sys=0.00, real=0.01 secs] 
2020-09-29T17:58:36.984+0200: 70.731: [GC (Allocation Failure) [PSYoungGen: 612741K->52197K(634368K)] 650721K->90177K(2032640K), 0.0218018 secs] [Times: user=0.25 sys=0.00, real=0.02 secs] 
2020-09-29T17:58:37.056+0200: 70.804: [GC (Allocation Failure) [PSYoungGen: 631269K->43365K(622592K)] 669249K->81345K(2020864K), 0.0194290 secs] [Times: user=0.13 sys=0.00, real=0.02 secs] 
2020-09-29T17:58:37.127+0200: 70.875: [GC (Allocation Failure) [PSYoungGen: 622437K->34340K(640512K)] 660417K->72320K(2038784K), 0.0163244 secs] [Times: user=0.13 sys=0.00, real=0.02 secs] 
2020-09-29T17:58:37.194+0200: 70.942: [GC (Allocation Failure) [PSYoungGen: 614436K->25796K(638464K)] 652416K->63776K(2036736K), 0.0133431 secs] [Times: user=0.02 sys=0.02, real=0.01 secs] 
2020-09-29T17:58:37.259+0200: 71.007: [GC (Allocation Failure) [PSYoungGen: 605892K->17957K(638976K)] 643872K->55937K(2037248K), 0.0071589 secs] [Times: user=0.00 sys=0.00, real=0.01 secs] 
2020-09-29T17:58:37.317+0200: 71.065: [GC (Allocation Failure) [PSYoungGen: 599077K->38565K(640000K)] 637057K->76545K(2038272K), 0.0172516 secs] [Times: user=0.13 sys=0.00, real=0.02 secs] 
2020-09-29T17:58:37.385+0200: 71.133: [GC (Allocation Failure) [PSYoungGen: 619685K->31716K(642560K)] 657665K->69696K(2040832K), 0.0152969 secs] [Times: user=0.13 sys=0.00, real=0.02 secs] 
2020-09-29T17:58:37.455+0200: 71.203: [GC (Allocation Failure) [PSYoungGen: 616420K->28485K(641024K)] 654400K->66465K(2039296K), 0.0132113 secs] [Times: user=0.13 sys=0.00, real=0.01 secs] 
2020-09-29T17:58:37.518+0200: 71.266: [GC (Allocation Failure) [PSYoungGen: 613189K->52645K(633856K)] 651169K->90625K(2032128K), 0.0222610 secs] [Times: user=0.25 sys=0.00, real=0.02 secs] 
2020-09-29T17:58:37.592+0200: 71.340: [GC (Allocation Failure) [PSYoungGen: 631717K->43492K(622592K)] 669697K->81472K(2020864K), 0.0210322 secs] [Times: user=0.11 sys=0.00, real=0.02 secs] 
2020-09-29T17:58:37.665+0200: 71.412: [GC (Allocation Failure) [PSYoungGen: 622564K->34597K(640512K)] 660544K->72577K(2038784K), 0.0161429 secs] [Times: user=0.13 sys=0.00, real=0.02 secs] 
2020-09-29T17:58:37.731+0200: 71.479: [GC (Allocation Failure) [PSYoungGen: 614693K->37316K(638464K)] 652673K->75296K(2036736K), 0.0168772 secs] [Times: user=0.13 sys=0.00, real=0.02 secs] 
2020-09-29T17:58:37.799+0200: 71.547: [GC (Allocation Failure) [PSYoungGen: 617412K->43141K(640512K)] 655392K->81121K(2038784K), 0.0190082 secs] [Times: user=0.25 sys=0.00, real=0.02 secs] 
2020-09-29T17:58:37.869+0200: 71.617: [GC (Allocation Failure) [PSYoungGen: 627333K->37509K(641536K)] 665313K->75489K(2039808K), 0.0173676 secs] [Times: user=0.13 sys=0.00, real=0.02 secs] 
2020-09-29T17:58:37.937+0200: 71.685: [GC (Allocation Failure) [PSYoungGen: 621701K->33797K(644608K)] 659681K->71777K(2042880K), 0.0153587 secs] [Times: user=0.13 sys=0.00, real=0.01 secs] 
2020-09-29T17:58:38.004+0200: 71.751: [GC (Allocation Failure) [PSYoungGen: 623109K->35237K(643584K)] 661089K->73217K(2041856K), 0.0160537 secs] [Times: user=0.14 sys=0.00, real=0.02 secs] 
2020-09-29T17:58:38.071+0200: 71.819: [GC (Allocation Failure) [PSYoungGen: 624549K->36613K(647680K)] 662529K->74593K(2045952K), 0.0157642 secs] [Times: user=0.13 sys=0.00, real=0.02 secs] 
2020-09-29T17:58:38.140+0200: 71.887: [GC (Allocation Failure) [PSYoungGen: 631557K->42084K(646144K)] 669537K->80064K(2044416K), 0.0193681 secs] [Times: user=0.13 sys=0.00, real=0.02 secs] 
2020-09-29T17:58:38.212+0200: 71.960: [GC (Allocation Failure) [PSYoungGen: 637028K->35461K(648192K)] 675008K->73441K(2046464K), 0.0151562 secs] [Times: user=0.13 sys=0.00, real=0.02 secs] 
2020-09-29T17:58:38.280+0200: 72.028: [GC (Allocation Failure) [PSYoungGen: 631941K->43716K(647168K)] 669921K->81696K(2045440K), 0.0198345 secs] [Times: user=0.13 sys=0.00, real=0.02 secs] 
2020-09-29T17:58:38.356+0200: 72.104: [GC (Allocation Failure) [PSYoungGen: 640196K->38597K(648192K)] 678176K->76577K(2046464K), 0.0162184 secs] [Times: user=0.13 sys=0.00, real=0.02 secs] 
2020-09-29T17:58:38.424+0200: 72.172: [GC (Allocation Failure) [PSYoungGen: 635077K->33092K(647168K)] 673057K->71072K(2045440K), 0.0150983 secs] [Times: user=0.13 sys=0.00, real=0.01 secs] 
2020-09-29T17:58:38.490+0200: 72.238: [GC (Allocation Failure) [PSYoungGen: 629572K->41637K(647680K)] 667552K->79617K(2045952K), 0.0175857 secs] [Times: user=0.13 sys=0.00, real=0.02 secs] 
2020-09-29T17:58:38.565+0200: 72.313: [GC (Allocation Failure) [PSYoungGen: 639141K->36964K(648192K)] 677121K->74944K(2046464K), 0.0187029 secs] [Times: user=0.22 sys=0.00, real=0.02 secs] 
2020-09-29T17:58:38.638+0200: 72.386: [GC (Allocation Failure) [PSYoungGen: 634468K->46565K(645120K)] 672448K->84545K(2043392K), 0.0207323 secs] [Times: user=0.11 sys=0.00, real=0.02 secs] 
2020-09-29T17:58:38.709+0200: 72.457: [GC (Allocation Failure) [PSYoungGen: 642021K->40421K(647168K)] 680001K->78401K(2045440K), 0.0175171 secs] [Times: user=0.13 sys=0.00, real=0.02 secs] 
2020-09-29T17:58:38.778+0200: 72.526: [GC (Allocation Failure) [PSYoungGen: 635877K->34309K(648192K)] 673857K->72289K(2046464K), 0.0154387 secs] [Times: user=0.13 sys=0.00, real=0.02 secs] 
2020-09-29T17:58:38.845+0200: 72.592: [GC (Allocation Failure) [PSYoungGen: 631301K->43333K(647680K)] 669281K->81313K(2045952K), 0.0187639 secs] [Times: user=0.13 sys=0.00, real=0.02 secs] 
2020-09-29T17:58:38.915+0200: 72.663: [GC (Allocation Failure) [PSYoungGen: 640325K->38757K(648704K)] 678305K->76737K(2046976K), 0.0169798 secs] [Times: user=0.13 sys=0.00, real=0.02 secs] 
2020-09-29T17:58:38.985+0200: 72.733: [GC (Allocation Failure) [PSYoungGen: 636261K->48389K(646144K)] 674241K->86369K(2044416K), 0.0209346 secs] [Times: user=0.25 sys=0.00, real=0.02 secs] 
2020-09-29T17:58:39.057+0200: 72.805: [GC (Allocation Failure) [PSYoungGen: 645893K->44197K(646144K)] 683873K->82177K(2044416K), 0.0198053 secs] [Times: user=0.13 sys=0.00, real=0.02 secs] 
2020-09-29T17:58:39.129+0200: 72.877: [GC (Allocation Failure) [PSYoungGen: 637605K->36101K(646144K)] 675585K->74081K(2044416K), 0.0165887 secs] [Times: user=0.20 sys=0.02, real=0.02 secs] 
2020-09-29T17:58:39.198+0200: 72.946: [GC (Allocation Failure) [PSYoungGen: 629509K->41605K(647168K)] 667489K->79585K(2045440K), 0.0209826 secs] [Times: user=0.09 sys=0.00, real=0.02 secs] 
2020-09-29T17:58:39.273+0200: 73.021: [GC (Allocation Failure) [PSYoungGen: 636549K->34917K(646656K)] 674529K->72897K(2044928K), 0.0158389 secs] [Times: user=0.13 sys=0.00, real=0.02 secs] 
2020-09-29T17:58:39.340+0200: 73.088: [GC (Allocation Failure) [PSYoungGen: 629861K->42021K(647680K)] 667841K->80001K(2045952K), 0.0190337 secs] [Times: user=0.13 sys=0.00, real=0.02 secs] 
2020-09-29T17:58:39.411+0200: 73.159: [GC (Allocation Failure) [PSYoungGen: 637989K->50085K(646144K)] 675969K->88065K(2044416K), 0.0212717 secs] [Times: user=0.13 sys=0.00, real=0.02 secs] 
2020-09-29T17:58:39.487+0200: 73.235: [GC (Allocation Failure) [PSYoungGen: 646053K->44421K(643072K)] 684033K->82401K(2041344K), 0.0190267 secs] [Times: user=0.23 sys=0.00, real=0.02 secs] 
2020-09-29T17:58:39.556+0200: 73.304: [GC (Allocation Failure) [PSYoungGen: 634757K->18308K(608768K)] 672737K->56288K(2007040K), 0.0085515 secs] [Times: user=0.00 sys=0.00, real=0.01 secs] 
2020-09-29T17:58:39.617+0200: 73.365: [GC (Allocation Failure) [PSYoungGen: 608644K->19716K(638976K)] 646624K->57696K(2037248K), 0.0094550 secs] [Times: user=0.00 sys=0.00, real=0.01 secs] 
2020-09-29T17:58:39.678+0200: 73.425: [GC (Allocation Failure) [PSYoungGen: 601860K->41285K(640512K)] 639840K->79265K(2038784K), 0.0183618 secs] [Times: user=0.13 sys=0.00, real=0.02 secs] 
2020-09-29T17:58:39.746+0200: 73.494: [GC (Allocation Failure) [PSYoungGen: 623429K->19139K(638976K)] 661409K->57119K(2037248K), 0.0101067 secs] [Times: user=0.13 sys=0.00, real=0.01 secs] 
2020-09-29T17:58:39.809+0200: 73.557: [GC (Allocation Failure) [PSYoungGen: 600259K->26117K(640000K)] 638239K->64097K(2038272K), 0.0115913 secs] [Times: user=0.13 sys=0.00, real=0.01 secs] 
2020-09-29T17:58:39.871+0200: 73.619: [GC (Allocation Failure) [PSYoungGen: 607237K->57829K(626688K)] 645217K->98233K(2024960K), 0.0263218 secs] [Times: user=0.25 sys=0.00, real=0.03 secs] 
2020-09-29T17:58:39.946+0200: 73.693: [GC (Allocation Failure) [PSYoungGen: 626661K->41253K(633856K)] 667065K->81657K(2032128K), 0.0182093 secs] [Times: user=0.13 sys=0.00, real=0.02 secs] 
2020-09-29T17:58:40.014+0200: 73.762: [GC (Allocation Failure) [PSYoungGen: 610085K->35813K(637440K)] 650489K->76217K(2035712K), 0.0154030 secs] [Times: user=0.13 sys=0.00, real=0.02 secs] 
2020-09-29T17:58:40.079+0200: 73.826: [GC (Allocation Failure) [PSYoungGen: 609253K->32964K(634880K)] 649657K->73368K(2033152K), 0.0158172 secs] [Times: user=0.13 sys=0.00, real=0.02 secs] 
2020-09-29T17:58:40.144+0200: 73.892: [GC (Allocation Failure) [PSYoungGen: 606404K->29989K(640000K)] 646808K->70393K(2038272K), 0.0141150 secs] [Times: user=0.13 sys=0.00, real=0.01 secs] 
2020-09-29T17:58:40.211+0200: 73.959: [GC (Allocation Failure) [PSYoungGen: 610085K->33060K(638976K)] 650489K->73464K(2037248K), 0.0196491 secs] [Times: user=0.11 sys=0.00, real=0.02 secs] 
2020-09-29T17:58:40.282+0200: 74.029: [GC (Allocation Failure) [PSYoungGen: 613156K->38885K(642560K)] 653560K->79289K(2040832K), 0.0192792 secs] [Times: user=0.22 sys=0.00, real=0.02 secs] 
2020-09-29T17:58:40.352+0200: 74.100: [GC (Allocation Failure) [PSYoungGen: 624101K->36229K(641536K)] 664505K->76633K(2039808K), 0.0183707 secs] [Times: user=0.13 sys=0.00, real=0.02 secs] 
2020-09-29T17:58:40.426+0200: 74.174: [GC (Allocation Failure) [PSYoungGen: 621445K->47141K(640512K)] 661849K->87545K(2038784K), 0.0215928 secs] [Times: user=0.13 sys=0.00, real=0.02 secs] 
2020-09-29T17:58:40.498+0200: 74.246: [GC (Allocation Failure) [PSYoungGen: 633381K->31845K(642560K)] 673785K->72249K(2040832K), 0.0150177 secs] [Times: user=0.13 sys=0.00, real=0.02 secs] 
2020-09-29T17:58:40.567+0200: 74.314: [GC (Allocation Failure) [PSYoungGen: 618085K->26595K(643584K)] 658489K->66999K(2041856K), 0.0156491 secs] [Times: user=0.00 sys=0.00, real=0.02 secs] 
2020-09-29T17:58:40.634+0200: 74.382: [GC (Allocation Failure) [PSYoungGen: 614883K->54405K(643072K)] 655287K->94809K(2041344K), 0.0250391 secs] [Times: user=0.11 sys=0.00, real=0.02 secs] 
2020-09-29T17:58:40.710+0200: 74.457: [GC (Allocation Failure) [PSYoungGen: 642693K->27365K(634880K)] 683097K->67769K(2033152K), 0.0129296 secs] [Times: user=0.00 sys=0.00, real=0.01 secs] 
2020-09-29T17:58:40.774+0200: 74.521: [GC (Allocation Failure) [PSYoungGen: 606437K->31396K(638976K)] 646841K->71800K(2037248K), 0.0161710 secs] [Times: user=0.13 sys=0.00, real=0.02 secs] 
2020-09-29T17:58:40.842+0200: 74.589: [GC (Allocation Failure) [PSYoungGen: 610468K->35044K(642560K)] 650872K->75448K(2040832K), 0.0178672 secs] [Times: user=0.13 sys=0.00, real=0.02 secs] 
2020-09-29T17:58:40.911+0200: 74.658: [GC (Allocation Failure) [PSYoungGen: 619236K->44997K(640512K)] 659640K->85401K(2038784K), 0.0208451 secs] [Times: user=0.13 sys=0.00, real=0.02 secs] 
2020-09-29T17:58:40.983+0200: 74.730: [GC (Allocation Failure) [PSYoungGen: 629189K->27172K(641536K)] 669593K->67576K(2039808K), 0.0133495 secs] [Times: user=0.13 sys=0.00, real=0.01 secs] 
2020-09-29T17:58:41.047+0200: 74.794: [GC (Allocation Failure) [PSYoungGen: 610852K->50245K(634368K)] 651256K->90649K(2032640K), 0.0237374 secs] [Times: user=0.25 sys=0.00, real=0.02 secs] 
2020-09-29T17:58:41.121+0200: 74.868: [GC (Allocation Failure) [PSYoungGen: 633925K->31780K(639488K)] 674329K->72184K(2037760K), 0.0160357 secs] [Times: user=0.13 sys=0.00, real=0.02 secs] 
2020-09-29T17:58:41.187+0200: 74.935: [GC (Allocation Failure) [PSYoungGen: 610852K->36581K(638464K)] 651256K->76985K(2036736K), 0.0191061 secs] [Times: user=0.09 sys=0.00, real=0.02 secs] 
2020-09-29T17:58:41.258+0200: 75.006: [GC (Allocation Failure) [PSYoungGen: 615653K->41413K(642048K)] 656057K->81817K(2040320K), 0.0211364 secs] [Times: user=0.13 sys=0.00, real=0.02 secs] 
2020-09-29T17:58:41.329+0200: 75.077: [GC (Allocation Failure) [PSYoungGen: 626629K->38757K(642048K)] 667033K->79161K(2040320K), 0.0177585 secs] [Times: user=0.13 sys=0.00, real=0.02 secs] 
2020-09-29T17:58:41.398+0200: 75.145: [GC (Allocation Failure) [PSYoungGen: 623973K->35204K(645120K)] 664377K->75608K(2043392K), 0.0178114 secs] [Times: user=0.13 sys=0.00, real=0.02 secs] 
2020-09-29T17:58:41.466+0200: 75.214: [GC (Allocation Failure) [PSYoungGen: 625028K->50757K(641024K)] 665432K->91161K(2039296K), 0.0237684 secs] [Times: user=0.25 sys=0.00, real=0.02 secs] 
2020-09-29T17:58:41.545+0200: 75.292: [GC (Allocation Failure) [PSYoungGen: 640581K->39045K(643072K)] 680985K->79449K(2041344K), 0.0201085 secs] [Times: user=0.11 sys=0.00, real=0.02 secs] 
2020-09-29T17:58:41.620+0200: 75.367: [GC (Allocation Failure) [PSYoungGen: 624773K->36805K(641536K)] 665177K->77209K(2039808K), 0.0202440 secs] [Times: user=0.11 sys=0.00, real=0.02 secs] 
2020-09-29T17:58:41.695+0200: 75.442: [GC (Allocation Failure) [PSYoungGen: 622533K->19876K(641536K)] 662937K->60280K(2039808K), 0.0099934 secs] [Times: user=0.00 sys=0.00, real=0.01 secs] 
2020-09-29T17:58:41.757+0200: 75.505: [GC (Allocation Failure) [PSYoungGen: 607140K->46597K(634368K)] 647544K->87001K(2032640K), 0.0218258 secs] [Times: user=0.13 sys=0.00, real=0.02 secs] 
2020-09-29T17:58:41.830+0200: 75.578: [GC (Allocation Failure) [PSYoungGen: 633861K->32261K(642048K)] 674265K->72665K(2040320K), 0.0166222 secs] [Times: user=0.11 sys=0.00, real=0.02 secs] 
2020-09-29T17:58:41.898+0200: 75.645: [GC (Allocation Failure) [PSYoungGen: 616453K->28067K(641024K)] 656857K->68471K(2039296K), 0.0157296 secs] [Times: user=0.13 sys=0.00, real=0.02 secs] 
2020-09-29T17:58:41.969+0200: 75.716: [GC (Allocation Failure) [PSYoungGen: 612259K->23172K(642560K)] 652663K->63576K(2040832K), 0.0123465 secs] [Times: user=0.13 sys=0.00, real=0.01 secs] 
2020-09-29T17:58:42.032+0200: 75.779: [GC (Allocation Failure) [PSYoungGen: 609412K->34947K(642560K)] 649816K->75351K(2040832K), 0.0186008 secs] [Times: user=0.13 sys=0.00, real=0.02 secs] 
2020-09-29T17:58:42.102+0200: 75.850: [GC (Allocation Failure) [PSYoungGen: 621187K->46949K(639488K)] 661591K->87353K(2037760K), 0.0253405 secs] [Times: user=0.13 sys=0.00, real=0.03 secs] 
2020-09-29T17:58:42.180+0200: 75.927: [GC (Allocation Failure) [PSYoungGen: 632165K->44229K(629760K)] 672569K->84633K(2028032K), 0.0230592 secs] [Times: user=0.11 sys=0.00, real=0.02 secs] 
2020-09-29T17:58:42.254+0200: 76.002: [GC (Allocation Failure) [PSYoungGen: 629445K->11234K(636928K)] 669849K->51638K(2035200K), 0.0078333 secs] [Times: user=0.11 sys=0.00, real=0.01 secs] 
2020-09-29T17:58:42.313+0200: 76.061: [GC (Allocation Failure) [PSYoungGen: 590306K->29509K(638976K)] 630710K->69913K(2037248K), 0.0138529 secs] [Times: user=0.13 sys=0.00, real=0.01 secs] 
2020-09-29T17:58:42.378+0200: 76.126: [GC (Allocation Failure) [PSYoungGen: 608581K->33380K(643072K)] 648985K->73784K(2041344K), 0.0169598 secs] [Times: user=0.25 sys=0.00, real=0.02 secs] 
2020-09-29T17:58:42.445+0200: 76.193: [GC (Allocation Failure) [PSYoungGen: 618084K->14211K(640512K)] 658488K->54615K(2038784K), 0.0079923 secs] [Times: user=0.00 sys=0.00, real=0.01 secs] 
2020-09-29T17:58:42.503+0200: 76.251: [GC (Allocation Failure) [PSYoungGen: 598915K->52037K(632320K)] 639319K->92441K(2030592K), 0.0258549 secs] [Times: user=0.20 sys=0.00, real=0.03 secs] 
2020-09-29T17:58:42.580+0200: 76.328: [GC (Allocation Failure) [PSYoungGen: 627013K->25381K(636928K)] 667417K->65785K(2035200K), 0.0120459 secs] [Times: user=0.11 sys=0.00, real=0.01 secs] 
2020-09-29T17:58:42.647+0200: 76.394: [GC (Allocation Failure) [PSYoungGen: 600357K->24228K(639488K)] 640761K->64632K(2037760K), 0.0119987 secs] [Times: user=0.00 sys=0.00, real=0.01 secs] 
2020-09-29T17:58:42.707+0200: 76.454: [GC (Allocation Failure) [PSYoungGen: 602788K->26563K(637952K)] 643192K->66967K(2036224K), 0.0147882 secs] [Times: user=0.13 sys=0.00, real=0.01 secs] 
2020-09-29T17:58:42.775+0200: 76.523: [GC (Allocation Failure) [PSYoungGen: 605123K->16419K(641024K)] 645527K->56823K(2039296K), 0.0090751 secs] [Times: user=0.00 sys=0.00, real=0.01 secs] 
2020-09-29T17:58:42.833+0200: 76.581: [GC (Allocation Failure) [PSYoungGen: 599587K->24323K(641024K)] 639991K->64727K(2039296K), 0.0127413 secs] [Times: user=0.00 sys=0.00, real=0.01 secs] 
2020-09-29T17:58:42.905+0200: 76.652: [GC (Allocation Failure) [PSYoungGen: 607491K->19491K(644096K)] 647895K->59895K(2042368K), 0.0104221 secs] [Times: user=0.13 sys=0.00, real=0.01 secs] 
2020-09-29T17:58:42.965+0200: 76.712: [GC (Allocation Failure) [PSYoungGen: 607779K->18244K(643072K)] 648183K->58648K(2041344K), 0.0100438 secs] [Times: user=0.13 sys=0.00, real=0.01 secs] 
2020-09-29T17:58:43.028+0200: 76.775: [GC (Allocation Failure) [PSYoungGen: 606532K->32324K(645632K)] 646936K->72728K(2043904K), 0.0168693 secs] [Times: user=0.13 sys=0.00, real=0.02 secs] 
2020-09-29T17:58:43.106+0200: 76.853: [GC (Allocation Failure) [PSYoungGen: 623684K->5698K(597504K)] 664088K->46102K(1995776K), 0.0046397 secs] [Times: user=0.00 sys=0.00, real=0.01 secs] 
2020-09-29T17:58:43.174+0200: 76.922: [GC (Allocation Failure) [PSYoungGen: 597058K->7490K(644096K)] 637462K->47894K(2042368K), 0.0057523 secs] [Times: user=0.11 sys=0.00, real=0.01 secs] 
2020-09-29T17:58:43.256+0200: 77.003: [GC (Allocation Failure) [PSYoungGen: 596802K->8931K(644096K)] 637206K->49335K(2042368K), 0.0051296 secs] [Times: user=0.00 sys=0.00, real=0.00 secs] 
2020-09-29T17:58:43.314+0200: 77.062: [GC (Allocation Failure) [PSYoungGen: 598243K->37667K(639488K)] 638647K->78071K(2037760K), 0.0202391 secs] [Times: user=0.25 sys=0.00, real=0.02 secs] 
2020-09-29T17:58:43.384+0200: 77.133: [GC (Allocation Failure) [PSYoungGen: 622883K->21283K(642048K)] 663287K->61687K(2040320K), 0.0114515 secs] [Times: user=0.13 sys=0.00, real=0.01 secs] 
2020-09-29T17:58:43.460+0200: 77.207: [GC (Allocation Failure) [PSYoungGen: 606499K->17826K(647168K)] 646903K->58230K(2045440K), 0.0114911 secs] [Times: user=0.00 sys=0.00, real=0.01 secs] 
2020-09-29T17:58:43.538+0200: 77.285: [GC (Allocation Failure) [PSYoungGen: 611234K->20866K(645120K)] 651638K->61270K(2043392K), 0.0126885 secs] [Times: user=0.00 sys=0.00, real=0.01 secs] 
2020-09-29T17:58:43.612+0200: 77.359: [GC (Allocation Failure) [PSYoungGen: 614274K->26211K(650752K)] 654678K->66615K(2049024K), 0.0159598 secs] [Times: user=0.11 sys=0.00, real=0.02 secs] 
2020-09-29T17:58:43.682+0200: 77.430: [GC (Allocation Failure) [PSYoungGen: 627299K->12035K(649216K)] 667703K->52439K(2047488K), 0.0070119 secs] [Times: user=0.00 sys=0.00, real=0.01 secs] 
2020-09-29T17:58:43.741+0200: 77.488: [GC (Allocation Failure) [PSYoungGen: 613123K->25219K(652800K)] 653527K->65623K(2051072K), 0.0140184 secs] [Times: user=0.13 sys=0.00, real=0.01 secs] 
2020-09-29T17:58:43.806+0200: 77.554: [GC (Allocation Failure) [PSYoungGen: 630403K->15171K(651264K)] 670807K->55575K(2049536K), 0.0087248 secs] [Times: user=0.00 sys=0.00, real=0.01 secs] 
2020-09-29T17:58:43.883+0200: 77.631: [GC (Allocation Failure) [PSYoungGen: 620355K->17218K(655360K)] 660759K->57622K(2053632K), 0.0111162 secs] [Times: user=0.02 sys=0.01, real=0.01 secs] 
2020-09-29T17:58:43.962+0200: 77.710: [GC (Allocation Failure) [PSYoungGen: 627522K->25986K(653824K)] 667926K->66390K(2052096K), 0.0154937 secs] [Times: user=0.13 sys=0.00, real=0.02 secs] 
2020-09-29T17:58:44.044+0200: 77.791: [GC (Allocation Failure) [PSYoungGen: 635745K->5057K(654848K)] 676149K->45461K(2053120K), 0.0052203 secs] [Times: user=0.00 sys=0.00, real=0.01 secs] 
2020-09-29T17:58:44.128+0200: 77.875: [GC (Allocation Failure) [PSYoungGen: 616897K->15266K(655360K)] 657301K->55670K(2053632K), 0.0107513 secs] [Times: user=0.13 sys=0.00, real=0.01 secs] 
2020-09-29T17:58:44.207+0200: 77.954: [GC (Allocation Failure) [PSYoungGen: 627106K->11906K(657408K)] 667510K->52310K(2055680K), 0.0082561 secs] [Times: user=0.13 sys=0.00, real=0.01 secs] 
2020-09-29T17:58:44.287+0200: 78.034: [GC (Allocation Failure) [PSYoungGen: 627330K->10177K(656896K)] 667734K->50581K(2055168K), 0.0088019 secs] [Times: user=0.00 sys=0.00, real=0.01 secs] 
2020-09-29T17:58:44.369+0200: 78.116: [GC (Allocation Failure) [PSYoungGen: 625601K->9569K(658944K)] 666005K->49973K(2057216K), 0.0085362 secs] [Times: user=0.00 sys=0.00, real=0.01 secs] 
2020-09-29T17:58:44.503+0200: 78.250: [GC (Allocation Failure) [PSYoungGen: 628065K->11297K(658432K)] 668469K->51701K(2056704K), 0.0092524 secs] [Times: user=0.13 sys=0.00, real=0.01 secs] 
2020-09-29T17:58:44.645+0200: 78.393: [GC (Allocation Failure) [PSYoungGen: 629793K->32K(659456K)] 670197K->40436K(2057728K), 0.0028224 secs] [Times: user=0.00 sys=0.00, real=0.00 secs] 
2020-09-29T17:58:44.782+0200: 78.530: [GC (Allocation Failure) [PSYoungGen: 621088K->4961K(659968K)] 661492K->45365K(2058240K), 0.0114245 secs] [Times: user=0.00 sys=0.00, real=0.01 secs] 
2020-09-29T17:58:44.927+0200: 78.675: [GC (Allocation Failure) [PSYoungGen: 626017K->10625K(662528K)] 666421K->51029K(2060800K), 0.0091839 secs] [Times: user=0.00 sys=0.00, real=0.01 secs] 
Heap
 PSYoungGen      total 662528K, used 139437K [0x00000000d5580000, 0x0000000100000000, 0x0000000100000000)
  eden space 624128K, 20% used [0x00000000d5580000,0x00000000dd34b078,0x00000000fb700000)
  from space 38400K, 27% used [0x00000000fda80000,0x00000000fe4e0490,0x0000000100000000)
  to   space 36352K, 0% used [0x00000000fb700000,0x00000000fb700000,0x00000000fda80000)
 ParOldGen       total 1398272K, used 40404K [0x0000000080000000, 0x00000000d5580000, 0x00000000d5580000)
  object space 1398272K, 2% used [0x0000000080000000,0x0000000082775060,0x00000000d5580000)
 Metaspace       used 2594K, capacity 4486K, committed 4864K, reserved 1056768K
  class space    used 285K, capacity 386K, committed 512K, reserved 1048576K
