Java HotSpot(TM) 64-Bit Server VM (25.261-b12) for windows-amd64 JRE (1.8.0_261-b12), built on Jun 18 2020 06:56:32 by "" with unknown MS VC++:1916
Memory: 4k page, physical 16659684k(9620180k free), swap 23213284k(9185148k free)
CommandLine flags: -XX:InitialHeapSize=2147483648 -XX:MaxHeapSize=2147483648 -XX:+PrintGC -XX:+PrintGCDateStamps -XX:+PrintGCDetails -XX:+PrintGCTimeStamps -XX:+UseCompressedClassPointers -XX:+UseCompressedOops -XX:-UseLargePagesIndividualAllocation -XX:+UseParallelGC 
2020-09-29T17:53:31.926+0200: 0.228: [GC (Allocation Failure) [PSYoungGen: 524800K->24403K(611840K)] 524800K->24411K(2010112K), 0.0144806 secs] [Times: user=0.00 sys=0.00, real=0.01 secs] 
2020-09-29T17:53:31.986+0200: 0.289: [GC (Allocation Failure) [PSYoungGen: 549203K->11955K(611840K)] 549211K->11963K(2010112K), 0.0234813 secs] [Times: user=0.09 sys=0.01, real=0.02 secs] 
2020-09-29T17:53:32.058+0200: 0.360: [GC (Allocation Failure) [PSYoungGen: 536755K->44484K(611840K)] 536763K->44492K(2010112K), 0.0183340 secs] [Times: user=0.11 sys=0.02, real=0.02 secs] 
2020-09-29T17:53:32.122+0200: 0.424: [GC (Allocation Failure) [PSYoungGen: 569284K->36053K(611840K)] 569292K->36061K(2010112K), 0.0160697 secs] [Times: user=0.13 sys=0.00, real=0.02 secs] 
2020-09-29T17:53:32.184+0200: 0.486: [GC (Allocation Failure) [PSYoungGen: 560853K->27637K(611840K)] 560861K->27645K(2010112K), 0.0099599 secs] [Times: user=0.13 sys=0.00, real=0.01 secs] 
2020-09-29T17:53:32.239+0200: 0.541: [GC (Allocation Failure) [PSYoungGen: 552437K->17941K(651264K)] 552445K->17949K(2049536K), 0.0078484 secs] [Times: user=0.00 sys=0.00, real=0.01 secs] 
2020-09-29T17:53:32.301+0200: 0.603: [GC (Allocation Failure) [PSYoungGen: 621077K->32163K(650752K)] 621085K->32567K(2049024K), 0.0142005 secs] [Times: user=0.08 sys=0.05, real=0.01 secs] 
2020-09-29T17:53:32.367+0200: 0.669: [GC (Allocation Failure) [PSYoungGen: 635299K->33572K(651264K)] 635703K->33976K(2049536K), 0.0140960 secs] [Times: user=0.13 sys=0.00, real=0.01 secs] 
2020-09-29T17:53:32.433+0200: 0.735: [GC (Allocation Failure) [PSYoungGen: 637220K->47589K(651264K)] 637624K->49633K(2049536K), 0.0172659 secs] [Times: user=0.13 sys=0.00, real=0.02 secs] 
2020-09-29T17:53:32.504+0200: 0.806: [GC (Allocation Failure) [PSYoungGen: 651237K->47589K(627712K)] 653281K->53345K(2025984K), 0.0190822 secs] [Times: user=0.23 sys=0.02, real=0.02 secs] 
2020-09-29T17:53:32.574+0200: 0.876: [GC (Allocation Failure) [PSYoungGen: 627685K->29669K(639488K)] 633441K->35425K(2037760K), 0.0113792 secs] [Times: user=0.11 sys=0.00, real=0.01 secs] 
2020-09-29T17:53:32.637+0200: 0.939: [GC (Allocation Failure) [PSYoungGen: 609765K->35012K(643072K)] 615521K->40768K(2041344K), 0.0128203 secs] [Times: user=0.13 sys=0.00, real=0.01 secs] 
2020-09-29T17:53:32.700+0200: 1.002: [GC (Allocation Failure) [PSYoungGen: 620740K->46565K(632320K)] 626496K->52321K(2030592K), 0.0161238 secs] [Times: user=0.13 sys=0.00, real=0.02 secs] 
2020-09-29T17:53:32.766+0200: 1.068: [GC (Allocation Failure) [PSYoungGen: 632293K->28196K(641536K)] 638049K->33952K(2039808K), 0.0104790 secs] [Times: user=0.13 sys=0.00, real=0.01 secs] 
2020-09-29T17:53:32.826+0200: 1.128: [GC (Allocation Failure) [PSYoungGen: 611364K->37125K(640512K)] 617120K->42881K(2038784K), 0.0126780 secs] [Times: user=0.13 sys=0.00, real=0.01 secs] 
2020-09-29T17:53:32.889+0200: 1.191: [GC (Allocation Failure) [PSYoungGen: 620293K->32196K(644608K)] 626049K->37952K(2042880K), 0.0117090 secs] [Times: user=0.13 sys=0.00, real=0.01 secs] 
2020-09-29T17:53:32.951+0200: 1.253: [GC (Allocation Failure) [PSYoungGen: 620484K->18787K(642560K)] 626240K->24543K(2040832K), 0.0075323 secs] [Times: user=0.13 sys=0.00, real=0.01 secs] 
2020-09-29T17:53:33.010+0200: 1.312: [GC (Allocation Failure) [PSYoungGen: 607075K->32805K(646144K)] 612831K->38561K(2044416K), 0.0105959 secs] [Times: user=0.00 sys=0.00, real=0.01 secs] 
2020-09-29T17:53:33.071+0200: 1.373: [GC (Allocation Failure) [PSYoungGen: 624165K->49893K(641536K)] 629921K->55649K(2039808K), 0.0162890 secs] [Times: user=0.13 sys=0.00, real=0.02 secs] 
2020-09-29T17:53:33.139+0200: 1.441: [GC (Allocation Failure) [PSYoungGen: 641253K->24484K(642560K)] 647009K->30240K(2040832K), 0.0088080 secs] [Times: user=0.11 sys=0.00, real=0.01 secs] 
2020-09-29T17:53:33.201+0200: 1.503: [GC (Allocation Failure) [PSYoungGen: 609700K->49157K(634880K)] 615456K->54913K(2033152K), 0.0169957 secs] [Times: user=0.13 sys=0.00, real=0.02 secs] 
2020-09-29T17:53:33.268+0200: 1.570: [GC (Allocation Failure) [PSYoungGen: 634373K->30852K(640512K)] 640129K->36608K(2038784K), 0.0106064 secs] [Times: user=0.13 sys=0.00, real=0.01 secs] 
2020-09-29T17:53:33.328+0200: 1.630: [GC (Allocation Failure) [PSYoungGen: 611460K->37221K(638976K)] 617216K->42977K(2037248K), 0.0126597 secs] [Times: user=0.13 sys=0.00, real=0.01 secs] 
2020-09-29T17:53:33.391+0200: 1.693: [GC (Allocation Failure) [PSYoungGen: 617829K->43589K(640000K)] 623585K->49345K(2038272K), 0.0156560 secs] [Times: user=0.13 sys=0.00, real=0.02 secs] 
2020-09-29T17:53:33.457+0200: 1.759: [GC (Allocation Failure) [PSYoungGen: 626757K->23909K(641024K)] 632513K->29665K(2039296K), 0.0086655 secs] [Times: user=0.06 sys=0.01, real=0.01 secs] 
2020-09-29T17:53:33.516+0200: 1.818: [GC (Allocation Failure) [PSYoungGen: 607077K->18660K(640000K)] 612833K->24416K(2038272K), 0.0067492 secs] [Times: user=0.13 sys=0.00, real=0.01 secs] 
2020-09-29T17:53:33.573+0200: 1.875: [GC (Allocation Failure) [PSYoungGen: 600804K->26597K(640512K)] 606560K->32353K(2038784K), 0.0091813 secs] [Times: user=0.00 sys=0.00, real=0.01 secs] 
2020-09-29T17:53:33.634+0200: 1.936: [GC (Allocation Failure) [PSYoungGen: 608741K->32900K(644096K)] 614497K->38656K(2042368K), 0.0124666 secs] [Times: user=0.13 sys=0.00, real=0.01 secs] 
2020-09-29T17:53:33.698+0200: 2.000: [GC (Allocation Failure) [PSYoungGen: 620164K->32132K(642048K)] 625920K->37888K(2040320K), 0.0117087 secs] [Times: user=0.13 sys=0.00, real=0.01 secs] 
2020-09-29T17:53:33.760+0200: 2.062: [GC (Allocation Failure) [PSYoungGen: 619396K->29893K(648192K)] 625152K->35649K(2046464K), 0.0107967 secs] [Times: user=0.13 sys=0.00, real=0.01 secs] 
2020-09-29T17:53:33.822+0200: 2.124: [GC (Allocation Failure) [PSYoungGen: 625861K->22788K(646656K)] 631617K->28544K(2044928K), 0.0083248 secs] [Times: user=0.00 sys=0.00, real=0.01 secs] 
2020-09-29T17:53:33.896+0200: 2.198: [GC (Allocation Failure) [PSYoungGen: 618756K->30788K(650240K)] 624512K->36544K(2048512K), 0.0114684 secs] [Times: user=0.00 sys=0.00, real=0.01 secs] 
2020-09-29T17:53:33.959+0200: 2.262: [GC (Allocation Failure) [PSYoungGen: 630340K->28709K(648192K)] 636096K->34465K(2046464K), 0.0101227 secs] [Times: user=0.00 sys=0.00, real=0.01 secs] 
2020-09-29T17:53:34.021+0200: 2.323: [GC (Allocation Failure) [PSYoungGen: 628261K->40389K(647680K)] 634017K->46145K(2045952K), 0.0135421 secs] [Times: user=0.00 sys=0.00, real=0.01 secs] 
2020-09-29T17:53:34.089+0200: 2.392: [GC (Allocation Failure) [PSYoungGen: 640965K->38468K(639488K)] 646721K->44224K(2037760K), 0.0140736 secs] [Times: user=0.13 sys=0.00, real=0.01 secs] 
2020-09-29T17:53:34.157+0200: 2.460: [GC (Allocation Failure) [PSYoungGen: 639044K->36804K(649216K)] 644800K->42560K(2047488K), 0.0143900 secs] [Times: user=0.13 sys=0.00, real=0.01 secs] 
2020-09-29T17:53:34.227+0200: 2.529: [GC (Allocation Failure) [PSYoungGen: 635844K->33444K(648704K)] 641600K->39200K(2046976K), 0.0147716 secs] [Times: user=0.13 sys=0.00, real=0.02 secs] 
2020-09-29T17:53:34.296+0200: 2.599: [GC (Allocation Failure) [PSYoungGen: 632484K->28100K(651264K)] 638240K->33856K(2049536K), 0.0117325 secs] [Times: user=0.13 sys=0.00, real=0.01 secs] 
2020-09-29T17:53:34.360+0200: 2.662: [GC (Allocation Failure) [PSYoungGen: 630724K->27972K(650240K)] 636480K->33728K(2048512K), 0.0107000 secs] [Times: user=0.13 sys=0.00, real=0.01 secs] 
2020-09-29T17:53:34.423+0200: 2.725: [GC (Allocation Failure) [PSYoungGen: 630596K->42757K(646656K)] 636352K->48513K(2044928K), 0.0150208 secs] [Times: user=0.13 sys=0.00, real=0.01 secs] 
2020-09-29T17:53:34.490+0200: 2.792: [GC (Allocation Failure) [PSYoungGen: 642309K->39717K(639488K)] 648065K->45473K(2037760K), 0.0140674 secs] [Times: user=0.00 sys=0.00, real=0.01 secs] 
2020-09-29T17:53:34.555+0200: 2.858: [GC (Allocation Failure) [PSYoungGen: 639269K->18980K(646656K)] 645025K->24736K(2044928K), 0.0072940 secs] [Times: user=0.00 sys=0.00, real=0.01 secs] 
2020-09-29T17:53:34.615+0200: 2.918: [GC (Allocation Failure) [PSYoungGen: 615460K->39205K(635904K)] 621216K->44961K(2034176K), 0.0144471 secs] [Times: user=0.11 sys=0.00, real=0.01 secs] 
2020-09-29T17:53:34.681+0200: 2.984: [GC (Allocation Failure) [PSYoungGen: 635685K->17187K(645120K)] 641441K->22943K(2043392K), 0.0074722 secs] [Times: user=0.00 sys=0.00, real=0.01 secs] 
2020-09-29T17:53:34.740+0200: 3.043: [GC (Allocation Failure) [PSYoungGen: 610595K->36100K(646144K)] 616351K->41856K(2044416K), 0.0128835 secs] [Times: user=0.00 sys=0.00, real=0.01 secs] 
2020-09-29T17:53:34.805+0200: 3.108: [GC (Allocation Failure) [PSYoungGen: 629508K->52197K(633344K)] 635264K->60977K(2031616K), 0.0191504 secs] [Times: user=0.13 sys=0.00, real=0.02 secs] 
2020-09-29T17:53:34.874+0200: 3.177: [GC (Allocation Failure) [PSYoungGen: 633317K->33669K(640000K)] 642097K->42449K(2038272K), 0.0121641 secs] [Times: user=0.13 sys=0.00, real=0.01 secs] 
2020-09-29T17:53:34.936+0200: 3.239: [GC (Allocation Failure) [PSYoungGen: 614789K->40133K(642048K)] 623569K->48913K(2040320K), 0.0141871 secs] [Times: user=0.13 sys=0.00, real=0.01 secs] 
2020-09-29T17:53:35.001+0200: 3.303: [GC (Allocation Failure) [PSYoungGen: 625349K->51045K(636416K)] 634129K->59825K(2034688K), 0.0168480 secs] [Times: user=0.13 sys=0.00, real=0.02 secs] 
2020-09-29T17:53:35.067+0200: 3.370: [GC (Allocation Failure) [PSYoungGen: 636261K->33157K(640000K)] 645041K->41937K(2038272K), 0.0125882 secs] [Times: user=0.00 sys=0.00, real=0.01 secs] 
2020-09-29T17:53:35.129+0200: 3.432: [GC (Allocation Failure) [PSYoungGen: 612741K->36740K(638464K)] 621521K->45520K(2036736K), 0.0137240 secs] [Times: user=0.00 sys=0.00, real=0.01 secs] 
2020-09-29T17:53:35.193+0200: 3.495: [GC (Allocation Failure) [PSYoungGen: 616324K->28389K(643072K)] 625104K->37169K(2041344K), 0.0111273 secs] [Times: user=0.00 sys=0.00, real=0.01 secs] 
2020-09-29T17:53:35.255+0200: 3.557: [GC (Allocation Failure) [PSYoungGen: 614629K->25348K(642048K)] 623409K->34128K(2040320K), 0.0109995 secs] [Times: user=0.00 sys=0.00, real=0.01 secs] 
2020-09-29T17:53:35.318+0200: 3.620: [GC (Allocation Failure) [PSYoungGen: 611588K->21668K(643072K)] 620368K->30448K(2041344K), 0.0079003 secs] [Times: user=0.00 sys=0.00, real=0.01 secs] 
2020-09-29T17:53:35.384+0200: 3.686: [GC (Allocation Failure) [PSYoungGen: 608932K->34597K(643072K)] 617712K->43377K(2041344K), 0.0115696 secs] [Times: user=0.02 sys=0.00, real=0.01 secs] 
2020-09-29T17:53:35.446+0200: 3.748: [GC (Allocation Failure) [PSYoungGen: 621861K->47685K(637952K)] 630641K->56465K(2036224K), 0.0167163 secs] [Times: user=0.13 sys=0.00, real=0.02 secs] 
2020-09-29T17:53:35.515+0200: 3.816: [GC (Allocation Failure) [PSYoungGen: 631877K->43909K(628224K)] 640657K->52689K(2026496K), 0.0148865 secs] [Times: user=0.13 sys=0.00, real=0.01 secs] 
2020-09-29T17:53:35.581+0200: 3.883: [GC (Allocation Failure) [PSYoungGen: 628101K->38308K(641536K)] 636881K->47088K(2039808K), 0.0145361 secs] [Times: user=0.11 sys=0.00, real=0.01 secs] 
2020-09-29T17:53:35.651+0200: 3.952: [GC (Allocation Failure) [PSYoungGen: 621476K->16324K(640512K)] 630256K->25104K(2038784K), 0.0063738 secs] [Times: user=0.00 sys=0.00, real=0.01 secs] 
2020-09-29T17:53:35.707+0200: 4.009: [GC (Allocation Failure) [PSYoungGen: 599492K->52581K(631296K)] 608272K->61361K(2029568K), 0.0176140 secs] [Times: user=0.14 sys=0.00, real=0.02 secs] 
2020-09-29T17:53:35.774+0200: 4.076: [GC (Allocation Failure) [PSYoungGen: 625509K->22755K(635904K)] 634289K->31535K(2034176K), 0.0092022 secs] [Times: user=0.00 sys=0.00, real=0.01 secs] 
2020-09-29T17:53:35.832+0200: 4.134: [GC (Allocation Failure) [PSYoungGen: 595683K->48773K(631296K)] 604463K->57553K(2029568K), 0.0168144 secs] [Times: user=0.22 sys=0.02, real=0.02 secs] 
2020-09-29T17:53:35.898+0200: 4.200: [GC (Allocation Failure) [PSYoungGen: 617605K->43397K(633856K)] 626385K->52177K(2032128K), 0.0148714 secs] [Times: user=0.13 sys=0.00, real=0.02 secs] 
2020-09-29T17:53:35.962+0200: 4.264: [GC (Allocation Failure) [PSYoungGen: 612229K->24196K(634880K)] 621009K->32976K(2033152K), 0.0089640 secs] [Times: user=0.00 sys=0.00, real=0.01 secs] 
2020-09-29T17:53:36.023+0200: 4.325: [GC (Allocation Failure) [PSYoungGen: 594052K->30435K(633856K)] 602832K->39215K(2032128K), 0.0117213 secs] [Times: user=0.00 sys=0.00, real=0.01 secs] 
2020-09-29T17:53:36.085+0200: 4.387: [GC (Allocation Failure) [PSYoungGen: 600291K->39685K(637440K)] 609071K->48465K(2035712K), 0.0134235 secs] [Times: user=0.13 sys=0.00, real=0.01 secs] 
2020-09-29T17:53:36.148+0200: 4.450: [GC (Allocation Failure) [PSYoungGen: 615173K->27012K(636928K)] 623953K->35792K(2035200K), 0.0096127 secs] [Times: user=0.00 sys=0.00, real=0.01 secs] 
2020-09-29T17:53:36.208+0200: 4.510: [GC (Allocation Failure) [PSYoungGen: 602500K->28197K(640000K)] 611280K->36977K(2038272K), 0.0101601 secs] [Times: user=0.00 sys=0.00, real=0.01 secs] 
2020-09-29T17:53:36.275+0200: 4.577: [GC (Allocation Failure) [PSYoungGen: 608293K->33253K(638976K)] 617073K->42033K(2037248K), 0.0144777 secs] [Times: user=0.11 sys=0.00, real=0.01 secs] 
2020-09-29T17:53:36.339+0200: 4.641: [GC (Allocation Failure) [PSYoungGen: 613349K->39173K(643072K)] 622129K->47953K(2041344K), 0.0141072 secs] [Times: user=0.13 sys=0.00, real=0.01 secs] 
2020-09-29T17:53:36.405+0200: 4.707: [GC (Allocation Failure) [PSYoungGen: 625925K->36772K(642560K)] 634705K->45552K(2040832K), 0.0130089 secs] [Times: user=0.13 sys=0.00, real=0.01 secs] 
2020-09-29T17:53:36.469+0200: 4.771: [GC (Allocation Failure) [PSYoungGen: 623524K->48644K(637952K)] 632304K->57424K(2036224K), 0.0168388 secs] [Times: user=0.13 sys=0.00, real=0.02 secs] 
2020-09-29T17:53:36.536+0200: 4.838: [GC (Allocation Failure) [PSYoungGen: 631812K->29540K(641024K)] 640592K->38320K(2039296K), 0.0106178 secs] [Times: user=0.00 sys=0.00, real=0.01 secs] 
2020-09-29T17:53:36.597+0200: 4.900: [GC (Allocation Failure) [PSYoungGen: 612708K->38084K(643072K)] 621488K->46864K(2041344K), 0.0152045 secs] [Times: user=0.01 sys=0.00, real=0.02 secs] 
2020-09-29T17:53:36.666+0200: 4.968: [GC (Allocation Failure) [PSYoungGen: 624324K->36036K(642048K)] 633104K->44816K(2040320K), 0.0125946 secs] [Times: user=0.13 sys=0.00, real=0.01 secs] 
2020-09-29T17:53:36.729+0200: 5.031: [GC (Allocation Failure) [PSYoungGen: 622276K->34405K(646656K)] 631056K->43185K(2044928K), 0.0116244 secs] [Times: user=0.13 sys=0.00, real=0.01 secs] 
2020-09-29T17:53:36.794+0200: 5.096: [GC (Allocation Failure) [PSYoungGen: 627301K->9410K(602624K)] 636081K->18190K(2000896K), 0.0046014 secs] [Times: user=0.00 sys=0.00, real=0.01 secs] 
2020-09-29T17:53:36.853+0200: 5.155: [GC (Allocation Failure) [PSYoungGen: 602306K->41572K(641536K)] 611086K->50352K(2039808K), 0.0179622 secs] [Times: user=0.11 sys=0.00, real=0.02 secs] 
2020-09-29T17:53:36.921+0200: 5.224: [GC (Allocation Failure) [PSYoungGen: 627812K->37477K(642560K)] 636592K->46257K(2040832K), 0.0145987 secs] [Times: user=0.13 sys=0.00, real=0.02 secs] 
2020-09-29T17:53:36.986+0200: 5.289: [GC (Allocation Failure) [PSYoungGen: 623717K->32804K(645632K)] 632497K->41584K(2043904K), 0.0124150 secs] [Times: user=0.13 sys=0.00, real=0.01 secs] 
2020-09-29T17:53:37.050+0200: 5.352: [GC (Allocation Failure) [PSYoungGen: 623140K->35205K(643584K)] 631920K->43985K(2041856K), 0.0123261 secs] [Times: user=0.13 sys=0.00, real=0.01 secs] 
2020-09-29T17:53:37.113+0200: 5.415: [GC (Allocation Failure) [PSYoungGen: 625541K->22884K(646656K)] 634321K->31664K(2044928K), 0.0078947 secs] [Times: user=0.13 sys=0.00, real=0.01 secs] 
2020-09-29T17:53:37.171+0200: 5.474: [GC (Allocation Failure) [PSYoungGen: 617316K->29381K(646656K)] 626096K->38161K(2044928K), 0.0095234 secs] [Times: user=0.13 sys=0.00, real=0.01 secs] 
2020-09-29T17:53:37.232+0200: 5.534: [GC (Allocation Failure) [PSYoungGen: 623813K->35909K(648704K)] 632593K->44689K(2046976K), 0.0127437 secs] [Times: user=0.13 sys=0.00, real=0.01 secs] 
2020-09-29T17:53:37.296+0200: 5.598: [GC (Allocation Failure) [PSYoungGen: 633925K->30852K(648192K)] 642705K->39632K(2046464K), 0.0108189 secs] [Times: user=0.13 sys=0.00, real=0.01 secs] 
2020-09-29T17:53:37.361+0200: 5.664: [GC (Allocation Failure) [PSYoungGen: 628868K->49125K(637440K)] 637648K->63369K(2035712K), 0.0193292 secs] [Times: user=0.23 sys=0.01, real=0.02 secs] 
2020-09-29T17:53:37.431+0200: 5.733: [GC (Allocation Failure) [PSYoungGen: 637413K->41316K(629760K)] 651657K->55560K(2028032K), 0.0153051 secs] [Times: user=0.13 sys=0.00, real=0.02 secs] 
2020-09-29T17:53:37.498+0200: 5.800: [GC (Allocation Failure) [PSYoungGen: 629604K->40868K(643072K)] 643848K->55112K(2041344K), 0.0147162 secs] [Times: user=0.13 sys=0.00, real=0.02 secs] 
2020-09-29T17:53:37.563+0200: 5.865: [GC (Allocation Failure) [PSYoungGen: 628132K->26469K(643072K)] 642376K->40713K(2041344K), 0.0098574 secs] [Times: user=0.11 sys=0.00, real=0.01 secs] 
2020-09-29T17:53:37.624+0200: 5.927: [GC (Allocation Failure) [PSYoungGen: 613733K->22403K(642560K)] 627977K->36647K(2040832K), 0.0101638 secs] [Times: user=0.13 sys=0.00, real=0.01 secs] 
2020-09-29T17:53:37.685+0200: 5.988: [GC (Allocation Failure) [PSYoungGen: 609667K->35461K(643072K)] 623911K->49705K(2041344K), 0.0125233 secs] [Times: user=0.13 sys=0.00, real=0.01 secs] 
2020-09-29T17:53:37.748+0200: 6.051: [GC (Allocation Failure) [PSYoungGen: 622725K->33028K(646656K)] 636969K->47272K(2044928K), 0.0123863 secs] [Times: user=0.13 sys=0.00, real=0.01 secs] 
2020-09-29T17:53:37.812+0200: 6.114: [GC (Allocation Failure) [PSYoungGen: 625412K->37253K(644608K)] 639656K->51497K(2042880K), 0.0126744 secs] [Times: user=0.13 sys=0.00, real=0.01 secs] 
2020-09-29T17:53:37.875+0200: 6.178: [GC (Allocation Failure) [PSYoungGen: 629637K->41701K(645120K)] 643881K->55945K(2043392K), 0.0150201 secs] [Times: user=0.08 sys=0.00, real=0.02 secs] 
2020-09-29T17:53:37.941+0200: 6.244: [GC (Allocation Failure) [PSYoungGen: 635109K->33541K(646144K)] 649353K->47785K(2044416K), 0.0109720 secs] [Times: user=0.01 sys=0.00, real=0.01 secs] 
2020-09-29T17:53:38.004+0200: 6.306: [GC (Allocation Failure) [PSYoungGen: 626949K->25060K(647680K)] 641193K->39304K(2045952K), 0.0098390 secs] [Times: user=0.00 sys=0.00, real=0.01 secs] 
2020-09-29T17:53:38.069+0200: 6.372: [GC (Allocation Failure) [PSYoungGen: 621540K->32996K(647680K)] 635784K->47240K(2045952K), 0.0119398 secs] [Times: user=0.00 sys=0.00, real=0.01 secs] 
2020-09-29T17:53:38.133+0200: 6.435: [GC (Allocation Failure) [PSYoungGen: 629476K->26340K(649728K)] 643720K->40584K(2048000K), 0.0097136 secs] [Times: user=0.00 sys=0.00, real=0.01 secs] 
2020-09-29T17:53:38.196+0200: 6.499: [GC (Allocation Failure) [PSYoungGen: 626404K->38405K(649216K)] 640648K->52649K(2047488K), 0.0132387 secs] [Times: user=0.13 sys=0.00, real=0.01 secs] 
2020-09-29T17:53:38.261+0200: 6.563: [GC (Allocation Failure) [PSYoungGen: 638469K->36484K(649728K)] 652713K->50728K(2048000K), 0.0126780 secs] [Times: user=0.13 sys=0.00, real=0.01 secs] 
2020-09-29T17:53:38.326+0200: 6.628: [GC (Allocation Failure) [PSYoungGen: 636548K->34949K(649216K)] 650792K->49193K(2047488K), 0.0125599 secs] [Times: user=0.13 sys=0.00, real=0.01 secs] 
2020-09-29T17:53:38.390+0200: 6.693: [GC (Allocation Failure) [PSYoungGen: 635013K->33413K(652288K)] 649257K->47657K(2050560K), 0.0121490 secs] [Times: user=0.13 sys=0.00, real=0.01 secs] 
2020-09-29T17:53:38.457+0200: 6.760: [GC (Allocation Failure) [PSYoungGen: 637573K->46565K(650752K)] 651817K->63793K(2049024K), 0.0174593 secs] [Times: user=0.22 sys=0.02, real=0.02 secs] 
2020-09-29T17:53:38.528+0200: 6.830: [GC (Allocation Failure) [PSYoungGen: 650725K->23300K(643584K)] 667953K->40528K(2041856K), 0.0085571 secs] [Times: user=0.13 sys=0.00, real=0.01 secs] 
2020-09-29T17:53:38.590+0200: 6.892: [GC (Allocation Failure) [PSYoungGen: 618756K->29061K(647168K)] 635984K->46289K(2045440K), 0.0143399 secs] [Times: user=0.09 sys=0.00, real=0.01 secs] 
2020-09-29T17:53:38.661+0200: 6.963: [GC (Allocation Failure) [PSYoungGen: 624517K->35780K(648704K)] 641745K->53008K(2046976K), 0.0146236 secs] [Times: user=0.02 sys=0.00, real=0.02 secs] 
2020-09-29T17:53:38.730+0200: 7.032: [GC (Allocation Failure) [PSYoungGen: 633284K->31717K(647680K)] 650512K->48945K(2045952K), 0.0135796 secs] [Times: user=0.11 sys=0.00, real=0.01 secs] 
2020-09-29T17:53:38.796+0200: 7.099: [GC (Allocation Failure) [PSYoungGen: 629221K->26404K(650240K)] 646449K->43632K(2048512K), 0.0100712 secs] [Times: user=0.13 sys=0.00, real=0.01 secs] 
2020-09-29T17:53:38.857+0200: 7.160: [GC (Allocation Failure) [PSYoungGen: 628004K->24484K(650240K)] 645232K->41712K(2048512K), 0.0089531 secs] [Times: user=0.13 sys=0.00, real=0.01 secs] 
2020-09-29T17:53:38.918+0200: 7.220: [GC (Allocation Failure) [PSYoungGen: 626084K->24485K(650752K)] 643312K->41713K(2049024K), 0.0080824 secs] [Times: user=0.13 sys=0.00, real=0.01 secs] 
2020-09-29T17:53:38.978+0200: 7.281: [GC (Allocation Failure) [PSYoungGen: 626597K->37060K(650240K)] 643825K->54288K(2048512K), 0.0134875 secs] [Times: user=0.13 sys=0.00, real=0.01 secs] 
2020-09-29T17:53:39.043+0200: 7.346: [GC (Allocation Failure) [PSYoungGen: 639172K->37573K(649216K)] 656400K->54801K(2047488K), 0.0134968 secs] [Times: user=0.13 sys=0.00, real=0.01 secs] 
2020-09-29T17:53:39.110+0200: 7.412: [GC (Allocation Failure) [PSYoungGen: 638149K->49125K(649728K)] 655377K->67409K(2048000K), 0.0167551 secs] [Times: user=0.13 sys=0.00, real=0.02 secs] 
2020-09-29T17:53:39.178+0200: 7.481: [GC (Allocation Failure) [PSYoungGen: 649701K->35621K(642560K)] 667985K->53905K(2040832K), 0.0121837 secs] [Times: user=0.00 sys=0.00, real=0.01 secs] 
2020-09-29T17:53:39.242+0200: 7.544: [GC (Allocation Failure) [PSYoungGen: 629029K->41125K(634880K)] 647313K->59409K(2033152K), 0.0143023 secs] [Times: user=0.13 sys=0.00, real=0.01 secs] 
2020-09-29T17:53:39.307+0200: 7.610: [GC (Allocation Failure) [PSYoungGen: 634533K->30565K(646656K)] 652817K->48849K(2044928K), 0.0115497 secs] [Times: user=0.13 sys=0.00, real=0.01 secs] 
2020-09-29T17:53:39.371+0200: 7.674: [GC (Allocation Failure) [PSYoungGen: 623973K->35781K(645632K)] 642257K->54065K(2043904K), 0.0127594 secs] [Times: user=0.13 sys=0.00, real=0.01 secs] 
2020-09-29T17:53:39.440+0200: 7.742: [GC (Allocation Failure) [PSYoungGen: 629189K->27301K(648192K)] 647473K->45585K(2046464K), 0.0097678 secs] [Times: user=0.11 sys=0.00, real=0.01 secs] 
2020-09-29T17:53:39.502+0200: 7.805: [GC (Allocation Failure) [PSYoungGen: 624805K->23108K(648192K)] 643089K->41392K(2046464K), 0.0084310 secs] [Times: user=0.13 sys=0.00, real=0.01 secs] 
2020-09-29T17:53:39.570+0200: 7.872: [GC (Allocation Failure) [PSYoungGen: 620612K->29027K(649216K)] 638896K->47311K(2047488K), 0.0121076 secs] [Times: user=0.00 sys=0.00, real=0.01 secs] 
2020-09-29T17:53:39.635+0200: 7.937: [GC (Allocation Failure) [PSYoungGen: 627555K->24900K(648192K)] 645839K->43184K(2046464K), 0.0098715 secs] [Times: user=0.00 sys=0.00, real=0.01 secs] 
2020-09-29T17:53:39.700+0200: 8.002: [GC (Allocation Failure) [PSYoungGen: 623428K->33380K(650752K)] 641712K->51664K(2049024K), 0.0124293 secs] [Times: user=0.13 sys=0.00, real=0.01 secs] 
2020-09-29T17:53:39.764+0200: 8.066: [GC (Allocation Failure) [PSYoungGen: 634980K->47077K(648704K)] 653264K->65361K(2046976K), 0.0164071 secs] [Times: user=0.13 sys=0.00, real=0.02 secs] 
2020-09-29T17:53:39.833+0200: 8.135: [GC (Allocation Failure) [PSYoungGen: 648677K->47141K(638464K)] 666961K->65425K(2036736K), 0.0160435 secs] [Times: user=0.13 sys=0.00, real=0.02 secs] 
2020-09-29T17:53:39.899+0200: 8.202: [GC (Allocation Failure) [PSYoungGen: 635429K->47525K(635904K)] 653713K->65809K(2034176K), 0.0159491 secs] [Times: user=0.13 sys=0.00, real=0.02 secs] 
2020-09-29T17:53:39.966+0200: 8.268: [GC (Allocation Failure) [PSYoungGen: 635813K->19460K(638976K)] 654097K->37744K(2037248K), 0.0074978 secs] [Times: user=0.13 sys=0.00, real=0.01 secs] 
2020-09-29T17:53:40.022+0200: 8.325: [GC (Allocation Failure) [PSYoungGen: 600580K->40037K(640000K)] 618864K->58321K(2038272K), 0.0140605 secs] [Times: user=0.13 sys=0.00, real=0.01 secs] 
2020-09-29T17:53:40.087+0200: 8.390: [GC (Allocation Failure) [PSYoungGen: 621157K->33253K(642560K)] 639441K->51537K(2040832K), 0.0115581 secs] [Times: user=0.13 sys=0.00, real=0.01 secs] 
2020-09-29T17:53:40.149+0200: 8.451: [GC (Allocation Failure) [PSYoungGen: 617445K->43173K(640512K)] 635729K->61457K(2038784K), 0.0148529 secs] [Times: user=0.13 sys=0.00, real=0.02 secs] 
2020-09-29T17:53:40.215+0200: 8.517: [GC (Allocation Failure) [PSYoungGen: 627365K->25669K(642048K)] 645649K->43953K(2040320K), 0.0085886 secs] [Times: user=0.13 sys=0.00, real=0.01 secs] 
2020-09-29T17:53:40.273+0200: 8.575: [GC (Allocation Failure) [PSYoungGen: 610373K->18789K(641536K)] 628657K->37073K(2039808K), 0.0063832 secs] [Times: user=0.00 sys=0.00, real=0.01 secs] 
2020-09-29T17:53:40.329+0200: 8.631: [GC (Allocation Failure) [PSYoungGen: 603493K->26051K(642560K)] 621777K->44335K(2040832K), 0.0108353 secs] [Times: user=0.13 sys=0.00, real=0.01 secs] 
2020-09-29T17:53:40.389+0200: 8.692: [GC (Allocation Failure) [PSYoungGen: 611267K->22372K(641536K)] 629551K->40656K(2039808K), 0.0084488 secs] [Times: user=0.13 sys=0.00, real=0.01 secs] 
2020-09-29T17:53:40.449+0200: 8.752: [GC (Allocation Failure) [PSYoungGen: 607588K->47077K(636416K)] 625872K->65361K(2034688K), 0.0164329 secs] [Times: user=0.13 sys=0.00, real=0.02 secs] 
2020-09-29T17:53:40.515+0200: 8.818: [GC (Allocation Failure) [PSYoungGen: 628197K->26180K(640000K)] 646481K->44464K(2038272K), 0.0096670 secs] [Times: user=0.13 sys=0.00, real=0.01 secs] 
2020-09-29T17:53:40.576+0200: 8.878: [GC (Allocation Failure) [PSYoungGen: 607300K->33029K(643584K)] 625584K->51313K(2041856K), 0.0125736 secs] [Times: user=0.11 sys=0.00, real=0.01 secs] 
2020-09-29T17:53:40.641+0200: 8.943: [GC (Allocation Failure) [PSYoungGen: 619269K->29988K(641536K)] 637553K->48272K(2039808K), 0.0123901 secs] [Times: user=0.13 sys=0.00, real=0.01 secs] 
2020-09-29T17:53:40.704+0200: 9.007: [GC (Allocation Failure) [PSYoungGen: 616228K->53221K(632320K)] 634512K->73913K(2030592K), 0.0200836 secs] [Times: user=0.22 sys=0.02, real=0.02 secs] 
2020-09-29T17:53:40.774+0200: 9.076: [GC (Allocation Failure) [PSYoungGen: 632293K->33221K(638976K)] 652985K->53913K(2037248K), 0.0110417 secs] [Times: user=0.00 sys=0.00, real=0.01 secs] 
2020-09-29T17:53:40.834+0200: 9.136: [GC (Allocation Failure) [PSYoungGen: 612293K->37413K(642560K)] 632985K->58105K(2040832K), 0.0132326 secs] [Times: user=0.00 sys=0.00, real=0.01 secs] 
2020-09-29T17:53:40.897+0200: 9.200: [GC (Allocation Failure) [PSYoungGen: 622117K->47973K(632832K)] 642809K->68665K(2031104K), 0.0160121 secs] [Times: user=0.13 sys=0.00, real=0.02 secs] 
2020-09-29T17:53:40.964+0200: 9.267: [GC (Allocation Failure) [PSYoungGen: 632677K->30853K(641024K)] 653369K->51545K(2039296K), 0.0115916 secs] [Times: user=0.13 sys=0.00, real=0.01 secs] 
2020-09-29T17:53:41.026+0200: 9.328: [GC (Allocation Failure) [PSYoungGen: 612485K->38277K(639488K)] 633177K->58969K(2037760K), 0.0127087 secs] [Times: user=0.13 sys=0.00, real=0.01 secs] 
2020-09-29T17:53:41.089+0200: 9.391: [GC (Allocation Failure) [PSYoungGen: 619909K->18212K(640000K)] 640601K->38904K(2038272K), 0.0061696 secs] [Times: user=0.00 sys=0.00, real=0.01 secs] 
2020-09-29T17:53:41.147+0200: 9.450: [GC (Allocation Failure) [PSYoungGen: 601380K->23492K(641024K)] 622072K->44184K(2039296K), 0.0094494 secs] [Times: user=0.00 sys=0.00, real=0.01 secs] 
2020-09-29T17:53:41.207+0200: 9.510: [GC (Allocation Failure) [PSYoungGen: 606660K->29091K(643584K)] 627352K->49783K(2041856K), 0.0113007 secs] [Times: user=0.00 sys=0.00, real=0.01 secs] 
2020-09-29T17:53:41.269+0200: 9.572: [GC (Allocation Failure) [PSYoungGen: 615843K->41669K(642048K)] 636535K->62361K(2040320K), 0.0149088 secs] [Times: user=0.13 sys=0.00, real=0.01 secs] 
2020-09-29T17:53:41.334+0200: 9.637: [GC (Allocation Failure) [PSYoungGen: 628421K->26596K(643584K)] 649113K->47288K(2041856K), 0.0101360 secs] [Times: user=0.00 sys=0.00, real=0.01 secs] 
2020-09-29T17:53:41.397+0200: 9.700: [GC (Allocation Failure) [PSYoungGen: 613860K->39653K(642560K)] 634552K->60345K(2040832K), 0.0146375 secs] [Times: user=0.13 sys=0.00, real=0.01 secs] 
2020-09-29T17:53:41.463+0200: 9.766: [GC (Allocation Failure) [PSYoungGen: 626917K->52677K(633856K)] 647609K->73369K(2032128K), 0.0189157 secs] [Times: user=0.13 sys=0.00, real=0.02 secs] 
2020-09-29T17:53:41.531+0200: 9.834: [GC (Allocation Failure) [PSYoungGen: 630725K->42821K(621056K)] 651417K->63513K(2019328K), 0.0144901 secs] [Times: user=0.13 sys=0.00, real=0.02 secs] 
2020-09-29T17:53:41.597+0200: 9.899: [GC (Allocation Failure) [PSYoungGen: 620869K->46565K(634880K)] 641561K->67257K(2033152K), 0.0170797 secs] [Times: user=0.23 sys=0.00, real=0.02 secs] 
2020-09-29T17:53:41.665+0200: 9.967: [GC (Allocation Failure) [PSYoungGen: 620517K->46245K(620544K)] 641209K->66937K(2018816K), 0.0157957 secs] [Times: user=0.13 sys=0.00, real=0.02 secs] 
2020-09-29T17:53:41.729+0200: 10.032: [GC (Allocation Failure) [PSYoungGen: 620197K->17764K(633856K)] 640889K->38456K(2032128K), 0.0063570 secs] [Times: user=0.00 sys=0.00, real=0.01 secs] 
2020-09-29T17:53:41.784+0200: 10.087: [GC (Allocation Failure) [PSYoungGen: 588644K->41861K(634880K)] 609336K->62553K(2033152K), 0.0149101 secs] [Times: user=0.13 sys=0.00, real=0.02 secs] 
2020-09-29T17:53:41.848+0200: 10.151: [GC (Allocation Failure) [PSYoungGen: 612741K->38533K(637440K)] 633433K->59225K(2035712K), 0.0126437 secs] [Times: user=0.00 sys=0.00, real=0.01 secs] 
2020-09-29T17:53:41.910+0200: 10.212: [GC (Allocation Failure) [PSYoungGen: 612485K->38149K(635392K)] 633177K->58841K(2033664K), 0.0122872 secs] [Times: user=0.13 sys=0.00, real=0.01 secs] 
2020-09-29T17:53:41.971+0200: 10.274: [GC (Allocation Failure) [PSYoungGen: 612101K->35876K(641536K)] 632793K->56568K(2039808K), 0.0131576 secs] [Times: user=0.13 sys=0.00, real=0.01 secs] 
2020-09-29T17:53:42.034+0200: 10.336: [GC (Allocation Failure) [PSYoungGen: 618020K->15109K(639488K)] 638712K->35801K(2037760K), 0.0050368 secs] [Times: user=0.13 sys=0.00, real=0.01 secs] 
2020-09-29T17:53:42.090+0200: 10.392: [GC (Allocation Failure) [PSYoungGen: 597253K->35172K(642048K)] 617945K->55864K(2040320K), 0.0127995 secs] [Times: user=0.13 sys=0.00, real=0.01 secs] 
2020-09-29T17:53:42.152+0200: 10.454: [GC (Allocation Failure) [PSYoungGen: 617828K->10787K(639488K)] 638520K->31479K(2037760K), 0.0049452 secs] [Times: user=0.00 sys=0.00, real=0.01 secs] 
2020-09-29T17:53:42.207+0200: 10.509: [GC (Allocation Failure) [PSYoungGen: 593443K->16707K(640000K)] 614135K->37399K(2038272K), 0.0070056 secs] [Times: user=0.00 sys=0.00, real=0.01 secs] 
2020-09-29T17:53:42.265+0200: 10.567: [GC (Allocation Failure) [PSYoungGen: 597827K->19044K(640000K)] 618519K->39736K(2038272K), 0.0072482 secs] [Times: user=0.13 sys=0.00, real=0.01 secs] 
2020-09-29T17:53:42.321+0200: 10.624: [GC (Allocation Failure) [PSYoungGen: 600164K->25989K(643072K)] 620856K->46681K(2041344K), 0.0087512 secs] [Times: user=0.00 sys=0.00, real=0.01 secs] 
2020-09-29T17:53:42.380+0200: 10.683: [GC (Allocation Failure) [PSYoungGen: 611205K->35747K(641024K)] 631897K->56439K(2039296K), 0.0143780 secs] [Times: user=0.02 sys=0.00, real=0.01 secs] 
2020-09-29T17:53:42.445+0200: 10.747: [GC (Allocation Failure) [PSYoungGen: 620963K->32645K(644608K)] 641655K->53337K(2042880K), 0.0122212 secs] [Times: user=0.13 sys=0.00, real=0.01 secs] 
2020-09-29T17:53:42.509+0200: 10.811: [GC (Allocation Failure) [PSYoungGen: 621445K->32548K(643072K)] 642137K->53240K(2041344K), 0.0127349 secs] [Times: user=0.13 sys=0.00, real=0.01 secs] 
2020-09-29T17:53:42.572+0200: 10.875: [GC (Allocation Failure) [PSYoungGen: 621348K->32068K(647680K)] 642040K->52760K(2045952K), 0.0130555 secs] [Times: user=0.11 sys=0.00, real=0.01 secs] 
2020-09-29T17:53:42.638+0200: 10.941: [GC (Allocation Failure) [PSYoungGen: 627012K->51173K(646144K)] 647704K->73417K(2044416K), 0.0179469 secs] [Times: user=0.13 sys=0.00, real=0.02 secs] 
2020-09-29T17:53:42.707+0200: 11.009: [GC (Allocation Failure) [PSYoungGen: 646117K->29508K(641024K)] 668361K->51752K(2039296K), 0.0105428 secs] [Times: user=0.00 sys=0.00, real=0.01 secs] 
2020-09-29T17:53:42.768+0200: 11.071: [GC (Allocation Failure) [PSYoungGen: 617796K->28836K(643584K)] 640040K->51080K(2041856K), 0.0104687 secs] [Times: user=0.13 sys=0.00, real=0.01 secs] 
2020-09-29T17:53:42.829+0200: 11.131: [GC (Allocation Failure) [PSYoungGen: 617124K->27621K(646656K)] 639368K->49865K(2044928K), 0.0102643 secs] [Times: user=0.13 sys=0.00, real=0.01 secs] 
2020-09-29T17:53:42.890+0200: 11.193: [GC (Allocation Failure) [PSYoungGen: 620517K->18147K(645120K)] 642761K->40391K(2043392K), 0.0080211 secs] [Times: user=0.11 sys=0.00, real=0.01 secs] 
2020-09-29T17:53:42.949+0200: 11.252: [GC (Allocation Failure) [PSYoungGen: 611043K->34307K(647168K)] 633287K->56551K(2045440K), 0.0134112 secs] [Times: user=0.13 sys=0.00, real=0.01 secs] 
2020-09-29T17:53:43.022+0200: 11.324: [GC (Allocation Failure) [PSYoungGen: 628739K->40805K(635392K)] 650983K->63049K(2033664K), 0.0156328 secs] [Times: user=0.13 sys=0.00, real=0.01 secs] 
2020-09-29T17:53:43.088+0200: 11.391: [GC (Allocation Failure) [PSYoungGen: 635237K->46148K(638976K)] 657481K->68392K(2037248K), 0.0159883 secs] [Times: user=0.13 sys=0.00, real=0.02 secs] 
2020-09-29T17:53:43.155+0200: 11.457: [GC (Allocation Failure) [PSYoungGen: 631364K->43397K(628736K)] 653608K->65641K(2027008K), 0.0144395 secs] [Times: user=0.13 sys=0.00, real=0.01 secs] 
2020-09-29T17:53:43.220+0200: 11.522: [GC (Allocation Failure) [PSYoungGen: 628613K->54405K(630272K)] 650857K->76649K(2028544K), 0.0176827 secs] [Times: user=0.13 sys=0.00, real=0.02 secs] 
2020-09-29T17:53:43.286+0200: 11.589: [GC (Allocation Failure) [PSYoungGen: 626309K->52133K(624128K)] 648553K->74377K(2022400K), 0.0170050 secs] [Times: user=0.13 sys=0.00, real=0.02 secs] 
2020-09-29T17:53:43.352+0200: 11.654: [GC (Allocation Failure) [PSYoungGen: 624037K->33796K(634368K)] 646281K->56040K(2032640K), 0.0122077 secs] [Times: user=0.13 sys=0.00, real=0.01 secs] 
2020-09-29T17:53:43.415+0200: 11.717: [GC (Allocation Failure) [PSYoungGen: 601604K->40997K(632320K)] 623848K->63241K(2030592K), 0.0143111 secs] [Times: user=0.13 sys=0.00, real=0.01 secs] 
2020-09-29T17:53:43.478+0200: 11.780: [GC (Allocation Failure) [PSYoungGen: 608805K->34565K(637952K)] 631049K->56809K(2036224K), 0.0117618 secs] [Times: user=0.13 sys=0.00, real=0.01 secs] 
2020-09-29T17:53:43.540+0200: 11.842: [GC (Allocation Failure) [PSYoungGen: 609541K->35237K(635904K)] 631785K->57481K(2034176K), 0.0130014 secs] [Times: user=0.13 sys=0.00, real=0.01 secs] 
2020-09-29T17:53:43.604+0200: 11.906: [GC (Allocation Failure) [PSYoungGen: 610213K->34084K(641536K)] 632457K->56328K(2039808K), 0.0136726 secs] [Times: user=0.11 sys=0.00, real=0.01 secs] 
2020-09-29T17:53:43.668+0200: 11.970: [GC (Allocation Failure) [PSYoungGen: 616740K->26533K(640000K)] 638984K->48777K(2038272K), 0.0098862 secs] [Times: user=0.13 sys=0.00, real=0.01 secs] 
2020-09-29T17:53:43.729+0200: 12.032: [GC (Allocation Failure) [PSYoungGen: 609189K->34949K(643584K)] 631433K->57193K(2041856K), 0.0140475 secs] [Times: user=0.13 sys=0.00, real=0.01 secs] 
2020-09-29T17:53:43.797+0200: 12.099: [GC (Allocation Failure) [PSYoungGen: 621189K->30820K(641536K)] 643433K->53064K(2039808K), 0.0139337 secs] [Times: user=0.11 sys=0.00, real=0.01 secs] 
2020-09-29T17:53:43.863+0200: 12.166: [GC (Allocation Failure) [PSYoungGen: 617060K->28292K(645632K)] 639304K->50536K(2043904K), 0.0123594 secs] [Times: user=0.06 sys=0.01, real=0.01 secs] 
2020-09-29T17:53:43.928+0200: 12.230: [GC (Allocation Failure) [PSYoungGen: 619652K->30948K(644608K)] 641896K->53192K(2042880K), 0.0113362 secs] [Times: user=0.00 sys=0.00, real=0.01 secs] 
2020-09-29T17:53:43.990+0200: 12.292: [GC (Allocation Failure) [PSYoungGen: 622308K->34373K(648192K)] 644552K->56617K(2046464K), 0.0124758 secs] [Times: user=0.00 sys=0.00, real=0.01 secs] 
2020-09-29T17:53:44.054+0200: 12.356: [GC (Allocation Failure) [PSYoungGen: 630341K->42405K(646656K)] 652585K->64649K(2044928K), 0.0144725 secs] [Times: user=0.13 sys=0.00, real=0.01 secs] 
2020-09-29T17:53:44.120+0200: 12.423: [GC (Allocation Failure) [PSYoungGen: 638373K->36708K(648192K)] 660617K->58952K(2046464K), 0.0126764 secs] [Times: user=0.13 sys=0.00, real=0.01 secs] 
2020-09-29T17:53:44.184+0200: 12.487: [GC (Allocation Failure) [PSYoungGen: 633188K->30916K(647168K)] 655432K->53160K(2045440K), 0.0117987 secs] [Times: user=0.13 sys=0.00, real=0.01 secs] 
2020-09-29T17:53:44.249+0200: 12.552: [GC (Allocation Failure) [PSYoungGen: 627396K->39493K(648704K)] 649640K->61737K(2046976K), 0.0138968 secs] [Times: user=0.13 sys=0.00, real=0.01 secs] 
2020-09-29T17:53:44.314+0200: 12.617: [GC (Allocation Failure) [PSYoungGen: 638021K->35715K(648704K)] 660265K->57959K(2046976K), 0.0137515 secs] [Times: user=0.13 sys=0.00, real=0.01 secs] 
2020-09-29T17:53:44.380+0200: 12.682: [GC (Allocation Failure) [PSYoungGen: 634243K->46469K(644608K)] 656487K->68713K(2042880K), 0.0158537 secs] [Times: user=0.13 sys=0.00, real=0.02 secs] 
2020-09-29T17:53:44.447+0200: 12.750: [GC (Allocation Failure) [PSYoungGen: 641925K->26565K(647168K)] 664169K->48809K(2045440K), 0.0093227 secs] [Times: user=0.00 sys=0.02, real=0.01 secs] 
2020-09-29T17:53:44.509+0200: 12.811: [GC (Allocation Failure) [PSYoungGen: 622021K->34117K(648192K)] 644265K->56361K(2046464K), 0.0117761 secs] [Times: user=0.13 sys=0.00, real=0.01 secs] 
2020-09-29T17:53:44.573+0200: 12.876: [GC (Allocation Failure) [PSYoungGen: 630597K->42789K(647168K)] 652841K->65033K(2045440K), 0.0161620 secs] [Times: user=0.13 sys=0.00, real=0.02 secs] 
2020-09-29T17:53:44.641+0200: 12.944: [GC (Allocation Failure) [PSYoungGen: 639269K->23941K(646144K)] 661513K->46185K(2044416K), 0.0084830 secs] [Times: user=0.11 sys=0.00, real=0.01 secs] 
2020-09-29T17:53:44.701+0200: 13.004: [GC (Allocation Failure) [PSYoungGen: 618373K->30436K(646656K)] 640617K->52680K(2044928K), 0.0109348 secs] [Times: user=0.13 sys=0.00, real=0.01 secs] 
2020-09-29T17:53:44.763+0200: 13.066: [GC (Allocation Failure) [PSYoungGen: 624868K->34436K(649216K)] 647112K->56680K(2047488K), 0.0124594 secs] [Times: user=0.13 sys=0.00, real=0.01 secs] 
2020-09-29T17:53:44.828+0200: 13.130: [GC (Allocation Failure) [PSYoungGen: 632452K->44549K(643072K)] 654696K->66793K(2041344K), 0.0149214 secs] [Times: user=0.13 sys=0.00, real=0.01 secs] 
2020-09-29T17:53:44.894+0200: 13.197: [GC (Allocation Failure) [PSYoungGen: 642565K->39651K(647168K)] 664809K->61895K(2045440K), 0.0154759 secs] [Times: user=0.13 sys=0.00, real=0.01 secs] 
2020-09-29T17:53:44.961+0200: 13.263: [GC (Allocation Failure) [PSYoungGen: 635107K->47141K(643072K)] 657351K->69385K(2041344K), 0.0164195 secs] [Times: user=0.13 sys=0.00, real=0.02 secs] 
2020-09-29T17:53:45.028+0200: 13.331: [GC (Allocation Failure) [PSYoungGen: 642597K->54245K(634368K)] 664841K->76857K(2032640K), 0.0181807 secs] [Times: user=0.13 sys=0.00, real=0.02 secs] 
2020-09-29T17:53:45.096+0200: 13.399: [GC (Allocation Failure) [PSYoungGen: 634341K->33253K(639488K)] 656953K->55865K(2037760K), 0.0121484 secs] [Times: user=0.13 sys=0.00, real=0.01 secs] 
2020-09-29T17:53:45.158+0200: 13.461: [GC (Allocation Failure) [PSYoungGen: 613349K->39109K(642560K)] 635961K->61721K(2040832K), 0.0126728 secs] [Times: user=0.13 sys=0.00, real=0.01 secs] 
2020-09-29T17:53:45.221+0200: 13.524: [GC (Allocation Failure) [PSYoungGen: 623301K->49061K(633344K)] 645913K->71673K(2031616K), 0.0165552 secs] [Times: user=0.13 sys=0.00, real=0.02 secs] 
2020-09-29T17:53:45.288+0200: 13.591: [GC (Allocation Failure) [PSYoungGen: 633253K->45028K(640000K)] 655865K->67640K(2038272K), 0.0160737 secs] [Times: user=0.13 sys=0.00, real=0.02 secs] 
2020-09-29T17:53:45.354+0200: 13.656: [GC (Allocation Failure) [PSYoungGen: 626148K->51941K(633344K)] 648760K->74553K(2031616K), 0.0175897 secs] [Times: user=0.13 sys=0.00, real=0.02 secs] 
2020-09-29T17:53:45.422+0200: 13.724: [GC (Allocation Failure) [PSYoungGen: 633061K->28708K(637440K)] 655673K->51320K(2035712K), 0.0114308 secs] [Times: user=0.13 sys=0.00, real=0.01 secs] 
2020-09-29T17:53:45.483+0200: 13.786: [GC (Allocation Failure) [PSYoungGen: 604708K->30212K(637440K)] 627320K->52824K(2035712K), 0.0113438 secs] [Times: user=0.13 sys=0.00, real=0.01 secs] 
2020-09-29T17:53:45.544+0200: 13.847: [GC (Allocation Failure) [PSYoungGen: 606212K->31749K(638976K)] 628824K->54361K(2037248K), 0.0111039 secs] [Times: user=0.13 sys=0.00, real=0.01 secs] 
2020-09-29T17:53:45.607+0200: 13.909: [GC (Allocation Failure) [PSYoungGen: 609797K->21860K(637952K)] 632409K->44472K(2036224K), 0.0097980 secs] [Times: user=0.11 sys=0.00, real=0.01 secs] 
2020-09-29T17:53:45.667+0200: 13.970: [GC (Allocation Failure) [PSYoungGen: 599908K->39269K(639488K)] 622520K->61881K(2037760K), 0.0124291 secs] [Times: user=0.13 sys=0.00, real=0.01 secs] 
2020-09-29T17:53:45.729+0200: 14.032: [GC (Allocation Failure) [PSYoungGen: 617829K->29893K(637952K)] 640441K->52505K(2036224K), 0.0108900 secs] [Times: user=0.13 sys=0.00, real=0.01 secs] 
2020-09-29T17:53:45.791+0200: 14.094: [GC (Allocation Failure) [PSYoungGen: 608453K->17669K(638464K)] 631065K->40281K(2036736K), 0.0061112 secs] [Times: user=0.00 sys=0.00, real=0.01 secs] 
2020-09-29T17:53:45.847+0200: 14.149: [GC (Allocation Failure) [PSYoungGen: 597765K->37253K(639488K)] 620377K->59865K(2037760K), 0.0130204 secs] [Times: user=0.13 sys=0.00, real=0.01 secs] 
2020-09-29T17:53:45.910+0200: 14.212: [GC (Allocation Failure) [PSYoungGen: 617349K->29284K(642560K)] 639961K->51896K(2040832K), 0.0108236 secs] [Times: user=0.13 sys=0.00, real=0.01 secs] 
2020-09-29T17:53:45.971+0200: 14.273: [GC (Allocation Failure) [PSYoungGen: 613988K->39749K(641024K)] 636600K->62361K(2039296K), 0.0141518 secs] [Times: user=0.13 sys=0.00, real=0.01 secs] 
2020-09-29T17:53:46.035+0200: 14.338: [GC (Allocation Failure) [PSYoungGen: 624453K->22629K(642560K)] 647065K->45241K(2040832K), 0.0079760 secs] [Times: user=0.03 sys=0.00, real=0.01 secs] 
2020-09-29T17:53:46.099+0200: 14.402: [GC (Allocation Failure) [PSYoungGen: 608869K->33092K(642560K)] 631481K->55704K(2040832K), 0.0124142 secs] [Times: user=0.00 sys=0.00, real=0.01 secs] 
2020-09-29T17:53:46.162+0200: 14.465: [GC (Allocation Failure) [PSYoungGen: 619332K->45125K(640512K)] 641944K->67737K(2038784K), 0.0156811 secs] [Times: user=0.13 sys=0.00, real=0.02 secs] 
2020-09-29T17:53:46.228+0200: 14.531: [GC (Allocation Failure) [PSYoungGen: 631365K->43429K(629760K)] 653977K->66041K(2028032K), 0.0143684 secs] [Times: user=0.13 sys=0.00, real=0.02 secs] 
2020-09-29T17:53:46.293+0200: 14.596: [GC (Allocation Failure) [PSYoungGen: 629669K->25124K(642048K)] 652281K->47736K(2040320K), 0.0101300 secs] [Times: user=0.13 sys=0.00, real=0.01 secs] 
2020-09-29T17:53:46.353+0200: 14.656: [GC (Allocation Failure) [PSYoungGen: 609828K->49253K(634368K)] 632440K->71865K(2032640K), 0.0161590 secs] [Times: user=0.13 sys=0.00, real=0.02 secs] 
2020-09-29T17:53:46.420+0200: 14.723: [GC (Allocation Failure) [PSYoungGen: 633957K->32389K(640512K)] 656569K->55001K(2038784K), 0.0120970 secs] [Times: user=0.13 sys=0.00, real=0.01 secs] 
2020-09-29T17:53:46.485+0200: 14.788: [GC (Allocation Failure) [PSYoungGen: 612485K->38277K(638464K)] 635097K->60889K(2036736K), 0.0180234 secs] [Times: user=0.11 sys=0.00, real=0.02 secs] 
2020-09-29T17:53:46.559+0200: 14.862: [GC (Allocation Failure) [PSYoungGen: 618373K->43460K(640512K)] 640985K->66072K(2038784K), 0.0165931 secs] [Times: user=0.13 sys=0.00, real=0.02 secs] 
2020-09-29T17:53:46.629+0200: 14.931: [GC (Allocation Failure) [PSYoungGen: 626628K->38725K(641024K)] 649240K->61337K(2039296K), 0.0137620 secs] [Times: user=0.00 sys=0.00, real=0.01 secs] 
2020-09-29T17:53:46.694+0200: 14.996: [GC (Allocation Failure) [PSYoungGen: 621893K->20229K(641024K)] 644505K->42841K(2039296K), 0.0064951 secs] [Times: user=0.00 sys=0.00, real=0.01 secs] 
2020-09-29T17:53:46.750+0200: 15.053: [GC (Allocation Failure) [PSYoungGen: 604421K->43941K(628224K)] 627033K->66553K(2026496K), 0.0151375 secs] [Times: user=0.13 sys=0.00, real=0.02 secs] 
2020-09-29T17:53:46.816+0200: 15.118: [GC (Allocation Failure) [PSYoungGen: 628133K->25444K(641024K)] 650745K->48056K(2039296K), 0.0097526 secs] [Times: user=0.13 sys=0.00, real=0.01 secs] 
2020-09-29T17:53:46.875+0200: 15.178: [GC (Allocation Failure) [PSYoungGen: 608100K->32068K(640512K)] 630712K->54680K(2038784K), 0.0116929 secs] [Times: user=0.13 sys=0.00, real=0.01 secs] 
2020-09-29T17:53:46.940+0200: 15.242: [GC (Allocation Failure) [PSYoungGen: 614724K->39332K(643072K)] 637336K->61944K(2041344K), 0.0144387 secs] [Times: user=0.13 sys=0.00, real=0.01 secs] 
2020-09-29T17:53:47.004+0200: 15.307: [GC (Allocation Failure) [PSYoungGen: 626084K->38149K(642560K)] 648696K->60761K(2040832K), 0.0136366 secs] [Times: user=0.00 sys=0.00, real=0.01 secs] 
2020-09-29T17:53:47.068+0200: 15.370: [GC (Allocation Failure) [PSYoungGen: 624901K->35075K(645632K)] 647513K->57687K(2043904K), 0.0141654 secs] [Times: user=0.13 sys=0.00, real=0.01 secs] 
2020-09-29T17:53:47.133+0200: 15.435: [GC (Allocation Failure) [PSYoungGen: 625923K->51685K(642560K)] 648535K->74297K(2040832K), 0.0175666 secs] [Times: user=0.13 sys=0.00, real=0.02 secs] 
2020-09-29T17:53:47.200+0200: 15.503: [GC (Allocation Failure) [PSYoungGen: 642533K->27333K(641536K)] 665145K->49945K(2039808K), 0.0100090 secs] [Times: user=0.11 sys=0.00, real=0.01 secs] 
2020-09-29T17:53:47.260+0200: 15.563: [GC (Allocation Failure) [PSYoungGen: 612549K->37989K(642048K)] 635161K->60601K(2040320K), 0.0136725 secs] [Times: user=0.13 sys=0.00, real=0.01 secs] 
2020-09-29T17:53:47.324+0200: 15.626: [GC (Allocation Failure) [PSYoungGen: 623205K->19972K(642048K)] 645817K->42584K(2040320K), 0.0076335 secs] [Times: user=0.00 sys=0.00, real=0.01 secs] 
2020-09-29T17:53:47.381+0200: 15.684: [GC (Allocation Failure) [PSYoungGen: 606212K->45701K(632320K)] 628824K->68313K(2030592K), 0.0157867 secs] [Times: user=0.13 sys=0.00, real=0.02 secs] 
2020-09-29T17:53:47.448+0200: 15.750: [GC (Allocation Failure) [PSYoungGen: 631941K->44037K(638464K)] 654553K->66649K(2036736K), 0.0148687 secs] [Times: user=0.13 sys=0.00, real=0.02 secs] 
2020-09-29T17:53:47.513+0200: 15.816: [GC (Allocation Failure) [PSYoungGen: 624133K->36229K(639488K)] 646745K->58841K(2037760K), 0.0126613 secs] [Times: user=0.13 sys=0.00, real=0.01 secs] 
2020-09-29T17:53:47.578+0200: 15.881: [GC (Allocation Failure) [PSYoungGen: 616325K->55813K(631808K)] 638937K->78425K(2030080K), 0.0202897 secs] [Times: user=0.22 sys=0.00, real=0.02 secs] 
2020-09-29T17:53:47.650+0200: 15.952: [GC (Allocation Failure) [PSYoungGen: 630789K->29156K(636928K)] 653401K->51768K(2035200K), 0.0110173 secs] [Times: user=0.02 sys=0.00, real=0.01 secs] 
2020-09-29T17:53:47.710+0200: 16.013: [GC (Allocation Failure) [PSYoungGen: 604132K->29476K(638464K)] 626744K->52088K(2036736K), 0.0116216 secs] [Times: user=0.00 sys=0.00, real=0.01 secs] 
2020-09-29T17:53:47.772+0200: 16.075: [GC (Allocation Failure) [PSYoungGen: 606500K->30949K(637440K)] 629112K->53561K(2035712K), 0.0104999 secs] [Times: user=0.00 sys=0.00, real=0.01 secs] 
2020-09-29T17:53:47.833+0200: 16.135: [GC (Allocation Failure) [PSYoungGen: 607973K->32772K(641536K)] 630585K->55384K(2039808K), 0.0118233 secs] [Times: user=0.00 sys=0.00, real=0.01 secs] 
2020-09-29T17:53:47.894+0200: 16.197: [GC (Allocation Failure) [PSYoungGen: 615428K->27589K(640000K)] 638040K->50201K(2038272K), 0.0093347 secs] [Times: user=0.03 sys=0.02, real=0.01 secs] 
2020-09-29T17:53:47.955+0200: 16.257: [GC (Allocation Failure) [PSYoungGen: 610245K->35909K(644096K)] 632857K->58521K(2042368K), 0.0121063 secs] [Times: user=0.13 sys=0.00, real=0.01 secs] 
2020-09-29T17:53:48.018+0200: 16.321: [GC (Allocation Failure) [PSYoungGen: 623173K->48997K(636416K)] 645785K->71609K(2034688K), 0.0162158 secs] [Times: user=0.13 sys=0.00, real=0.02 secs] 
2020-09-29T17:53:48.086+0200: 16.389: [GC (Allocation Failure) [PSYoungGen: 636261K->48261K(635904K)] 658873K->70873K(2034176K), 0.0166126 secs] [Times: user=0.13 sys=0.00, real=0.02 secs] 
2020-09-29T17:53:48.152+0200: 16.455: [GC (Allocation Failure) [PSYoungGen: 625526K->7522K(585728K)] 648138K->30134K(1984000K), 0.0040087 secs] [Times: user=0.00 sys=0.00, real=0.00 secs] 
2020-09-29T17:53:48.206+0200: 16.508: [GC (Allocation Failure) [PSYoungGen: 585570K->38692K(636928K)] 608182K->61304K(2035200K), 0.0143513 secs] [Times: user=0.13 sys=0.00, real=0.01 secs] 
2020-09-29T17:53:48.270+0200: 16.573: [GC (Allocation Failure) [PSYoungGen: 612644K->37988K(635904K)] 635256K->60600K(2034176K), 0.0141199 secs] [Times: user=0.00 sys=0.00, real=0.01 secs] 
2020-09-29T17:53:48.334+0200: 16.637: [GC (Allocation Failure) [PSYoungGen: 611940K->35524K(641024K)] 634552K->58136K(2039296K), 0.0132159 secs] [Times: user=0.02 sys=0.02, real=0.01 secs] 
2020-09-29T17:53:48.397+0200: 16.700: [GC (Allocation Failure) [PSYoungGen: 616132K->41893K(638464K)] 638744K->64505K(2036736K), 0.0141079 secs] [Times: user=0.13 sys=0.00, real=0.01 secs] 
2020-09-29T17:53:48.461+0200: 16.764: [GC (Allocation Failure) [PSYoungGen: 622501K->34340K(642560K)] 645113K->56952K(2040832K), 0.0124280 secs] [Times: user=0.13 sys=0.00, real=0.01 secs] 
2020-09-29T17:53:48.524+0200: 16.826: [GC (Allocation Failure) [PSYoungGen: 619044K->31141K(641024K)] 641656K->53753K(2039296K), 0.0110271 secs] [Times: user=0.00 sys=0.00, real=0.01 secs] 
2020-09-29T17:53:48.590+0200: 16.892: [GC (Allocation Failure) [PSYoungGen: 615845K->41637K(643072K)] 638457K->64249K(2041344K), 0.0155339 secs] [Times: user=0.11 sys=0.00, real=0.02 secs] 
2020-09-29T17:53:48.657+0200: 16.959: [GC (Allocation Failure) [PSYoungGen: 629925K->25284K(643584K)] 652537K->47896K(2041856K), 0.0101320 secs] [Times: user=0.13 sys=0.00, real=0.01 secs] 
2020-09-29T17:53:48.718+0200: 17.021: [GC (Allocation Failure) [PSYoungGen: 613572K->53061K(634368K)] 636184K->75673K(2032640K), 0.0189671 secs] [Times: user=0.11 sys=0.00, real=0.02 secs] 
2020-09-29T17:53:48.787+0200: 17.089: [GC (Allocation Failure) [PSYoungGen: 632133K->27940K(638976K)] 654745K->50552K(2037248K), 0.0107189 secs] [Times: user=0.00 sys=0.00, real=0.01 secs] 
2020-09-29T17:53:48.847+0200: 17.150: [GC (Allocation Failure) [PSYoungGen: 607012K->46405K(636416K)] 629624K->69017K(2034688K), 0.0157684 secs] [Times: user=0.11 sys=0.00, real=0.02 secs] 
2020-09-29T17:53:48.913+0200: 17.215: [GC (Allocation Failure) [PSYoungGen: 623429K->34820K(637952K)] 646041K->57432K(2036224K), 0.0131004 secs] [Times: user=0.02 sys=0.00, real=0.01 secs] 
2020-09-29T17:53:48.978+0200: 17.281: [GC (Allocation Failure) [PSYoungGen: 611844K->37092K(642048K)] 634456K->59704K(2040320K), 0.0155309 secs] [Times: user=0.13 sys=0.00, real=0.02 secs] 
2020-09-29T17:53:49.046+0200: 17.348: [GC (Allocation Failure) [PSYoungGen: 620260K->16611K(640000K)] 642872K->39223K(2038272K), 0.0083899 secs] [Times: user=0.11 sys=0.00, real=0.01 secs] 
2020-09-29T17:53:49.108+0200: 17.410: [GC (Allocation Failure) [PSYoungGen: 599779K->39237K(641536K)] 622391K->61849K(2039808K), 0.0150924 secs] [Times: user=0.13 sys=0.00, real=0.01 secs] 
2020-09-29T17:53:49.174+0200: 17.476: [GC (Allocation Failure) [PSYoungGen: 622405K->31203K(640512K)] 645017K->53815K(2038784K), 0.0122114 secs] [Times: user=0.13 sys=0.00, real=0.01 secs] 
2020-09-29T17:53:49.236+0200: 17.539: [GC (Allocation Failure) [PSYoungGen: 614371K->40165K(643072K)] 636983K->62777K(2041344K), 0.0138112 secs] [Times: user=0.13 sys=0.00, real=0.01 secs] 
2020-09-29T17:53:49.300+0200: 17.603: [GC (Allocation Failure) [PSYoungGen: 627429K->37988K(643072K)] 650041K->60600K(2041344K), 0.0132932 secs] [Times: user=0.13 sys=0.00, real=0.01 secs] 
2020-09-29T17:53:49.364+0200: 17.666: [GC (Allocation Failure) [PSYoungGen: 625252K->37381K(645120K)] 647864K->59993K(2043392K), 0.0123090 secs] [Times: user=0.00 sys=0.00, real=0.01 secs] 
2020-09-29T17:53:49.431+0200: 17.733: [GC (Allocation Failure) [PSYoungGen: 627717K->24835K(644096K)] 650329K->47447K(2042368K), 0.0106353 secs] [Times: user=0.00 sys=0.00, real=0.01 secs] 
2020-09-29T17:53:49.492+0200: 17.794: [GC (Allocation Failure) [PSYoungGen: 615171K->24292K(645120K)] 637783K->46904K(2043392K), 0.0090585 secs] [Times: user=0.00 sys=0.00, real=0.01 secs] 
2020-09-29T17:53:49.552+0200: 17.854: [GC (Allocation Failure) [PSYoungGen: 615652K->25540K(645120K)] 638264K->48152K(2043392K), 0.0095203 secs] [Times: user=0.00 sys=0.00, real=0.01 secs] 
2020-09-29T17:53:49.614+0200: 17.917: [GC (Allocation Failure) [PSYoungGen: 616900K->42628K(642560K)] 639512K->65240K(2040832K), 0.0168191 secs] [Times: user=0.13 sys=0.00, real=0.02 secs] 
2020-09-29T17:53:49.683+0200: 17.985: [GC (Allocation Failure) [PSYoungGen: 631940K->29924K(644096K)] 654552K->52536K(2042368K), 0.0107048 secs] [Times: user=0.13 sys=0.00, real=0.01 secs] 
2020-09-29T17:53:49.745+0200: 18.047: [GC (Allocation Failure) [PSYoungGen: 619236K->29507K(647168K)] 641848K->52119K(2045440K), 0.0119230 secs] [Times: user=0.13 sys=0.00, real=0.01 secs] 
2020-09-29T17:53:49.809+0200: 18.111: [GC (Allocation Failure) [PSYoungGen: 623427K->6913K(601088K)] 646039K->29525K(1999360K), 0.0045461 secs] [Times: user=0.00 sys=0.00, real=0.00 secs] 
2020-09-29T17:53:49.864+0200: 18.166: [GC (Allocation Failure) [PSYoungGen: 600833K->25284K(645632K)] 623445K->47896K(2043904K), 0.0097184 secs] [Times: user=0.00 sys=0.00, real=0.01 secs] 
2020-09-29T17:53:49.924+0200: 18.226: [GC (Allocation Failure) [PSYoungGen: 616644K->28549K(644608K)] 639256K->51161K(2042880K), 0.0110006 secs] [Times: user=0.13 sys=0.00, real=0.01 secs] 
2020-09-29T17:53:49.986+0200: 18.288: [GC (Allocation Failure) [PSYoungGen: 619909K->31973K(649216K)] 642521K->54585K(2047488K), 0.0116164 secs] [Times: user=0.13 sys=0.00, real=0.01 secs] 
2020-09-29T17:53:50.049+0200: 18.352: [GC (Allocation Failure) [PSYoungGen: 629989K->42085K(640512K)] 652601K->64697K(2038784K), 0.0144967 secs] [Times: user=0.09 sys=0.00, real=0.01 secs] 
2020-09-29T17:53:50.118+0200: 18.420: [GC (Allocation Failure) [PSYoungGen: 640101K->38180K(645632K)] 662713K->60792K(2043904K), 0.0133498 secs] [Times: user=0.13 sys=0.00, real=0.01 secs] 
2020-09-29T17:53:50.183+0200: 18.485: [GC (Allocation Failure) [PSYoungGen: 631588K->29412K(646144K)] 654200K->52024K(2044416K), 0.0113601 secs] [Times: user=0.13 sys=0.00, real=0.01 secs] 
2020-09-29T17:53:50.245+0200: 18.548: [GC (Allocation Failure) [PSYoungGen: 622820K->34821K(648704K)] 645432K->57433K(2046976K), 0.0121661 secs] [Times: user=0.13 sys=0.00, real=0.01 secs] 
2020-09-29T17:53:50.308+0200: 18.611: [GC (Allocation Failure) [PSYoungGen: 632325K->44485K(642048K)] 654937K->67097K(2040320K), 0.0151372 secs] [Times: user=0.13 sys=0.00, real=0.02 secs] 
2020-09-29T17:53:50.375+0200: 18.677: [GC (Allocation Failure) [PSYoungGen: 641989K->39076K(645632K)] 664601K->61688K(2043904K), 0.0143465 secs] [Times: user=0.13 sys=0.00, real=0.01 secs] 
2020-09-29T17:53:50.440+0200: 18.743: [GC (Allocation Failure) [PSYoungGen: 631460K->28739K(645632K)] 654072K->51351K(2043904K), 0.0113009 secs] [Times: user=0.13 sys=0.00, real=0.01 secs] 
2020-09-29T17:53:50.504+0200: 18.807: [GC (Allocation Failure) [PSYoungGen: 621123K->31940K(648192K)] 643735K->54552K(2046464K), 0.0118495 secs] [Times: user=0.00 sys=0.00, real=0.01 secs] 
2020-09-29T17:53:50.567+0200: 18.869: [GC (Allocation Failure) [PSYoungGen: 627908K->39684K(646656K)] 650520K->62296K(2044928K), 0.0139155 secs] [Times: user=0.00 sys=0.00, real=0.01 secs] 
2020-09-29T17:53:50.634+0200: 18.937: [GC (Allocation Failure) [PSYoungGen: 635652K->34053K(649216K)] 658264K->56665K(2047488K), 0.0116930 secs] [Times: user=0.11 sys=0.00, real=0.01 secs] 
2020-09-29T17:53:50.697+0200: 19.000: [GC (Allocation Failure) [PSYoungGen: 632069K->30533K(647680K)] 654681K->53145K(2045952K), 0.0101180 secs] [Times: user=0.13 sys=0.00, real=0.01 secs] 
2020-09-29T17:53:50.759+0200: 19.061: [GC (Allocation Failure) [PSYoungGen: 628549K->40068K(648192K)] 651161K->62680K(2046464K), 0.0141791 secs] [Times: user=0.13 sys=0.00, real=0.01 secs] 
2020-09-29T17:53:50.827+0200: 19.129: [GC (Allocation Failure) [PSYoungGen: 639620K->37956K(649216K)] 662232K->60568K(2047488K), 0.0149309 secs] [Times: user=0.13 sys=0.00, real=0.02 secs] 
2020-09-29T17:53:50.893+0200: 19.195: [GC (Allocation Failure) [PSYoungGen: 637508K->18596K(647168K)] 660120K->41208K(2045440K), 0.0076369 secs] [Times: user=0.13 sys=0.00, real=0.01 secs] 
2020-09-29T17:53:50.951+0200: 19.254: [GC (Allocation Failure) [PSYoungGen: 616100K->41893K(639488K)] 638712K->64505K(2037760K), 0.0143331 secs] [Times: user=0.13 sys=0.00, real=0.01 secs] 
2020-09-29T17:53:51.020+0200: 19.323: [GC (Allocation Failure) [PSYoungGen: 639397K->51365K(637440K)] 662009K->73977K(2035712K), 0.0196201 secs] [Times: user=0.13 sys=0.00, real=0.02 secs] 
2020-09-29T17:53:51.090+0200: 19.393: [GC (Allocation Failure) [PSYoungGen: 636581K->48645K(634368K)] 659193K->71257K(2032640K), 0.0162132 secs] [Times: user=0.13 sys=0.00, real=0.02 secs] 
2020-09-29T17:53:51.157+0200: 19.459: [GC (Allocation Failure) [PSYoungGen: 633861K->32260K(640512K)] 656473K->54872K(2038784K), 0.0113775 secs] [Times: user=0.13 sys=0.00, real=0.01 secs] 
2020-09-29T17:53:51.218+0200: 19.520: [GC (Allocation Failure) [PSYoungGen: 612868K->22883K(638976K)] 635480K->45495K(2037248K), 0.0098399 secs] [Times: user=0.11 sys=0.00, real=0.01 secs] 
2020-09-29T17:53:51.277+0200: 19.580: [GC (Allocation Failure) [PSYoungGen: 603491K->28131K(641536K)] 626103K->50743K(2039808K), 0.0109678 secs] [Times: user=0.13 sys=0.00, real=0.01 secs] 
2020-09-29T17:53:51.338+0200: 19.641: [GC (Allocation Failure) [PSYoungGen: 611299K->37061K(640512K)] 633911K->59673K(2038784K), 0.0124115 secs] [Times: user=0.13 sys=0.00, real=0.01 secs] 
2020-09-29T17:53:51.403+0200: 19.706: [GC (Allocation Failure) [PSYoungGen: 620229K->31876K(644608K)] 642841K->54488K(2042880K), 0.0122043 secs] [Times: user=0.13 sys=0.00, real=0.01 secs] 
2020-09-29T17:53:51.466+0200: 19.769: [GC (Allocation Failure) [PSYoungGen: 620676K->46437K(635392K)] 643288K->69049K(2033664K), 0.0155363 secs] [Times: user=0.13 sys=0.00, real=0.02 secs] 
2020-09-29T17:53:51.533+0200: 19.836: [GC (Allocation Failure) [PSYoungGen: 635237K->33220K(643584K)] 657849K->55832K(2041856K), 0.0122173 secs] [Times: user=0.13 sys=0.00, real=0.02 secs] 
2020-09-29T17:53:51.612+0200: 19.914: [GC (Allocation Failure) [PSYoungGen: 619972K->31908K(642048K)] 642584K->54520K(2040320K), 0.0129050 secs] [Times: user=0.11 sys=0.00, real=0.01 secs] 
2020-09-29T17:53:51.676+0200: 19.978: [GC (Allocation Failure) [PSYoungGen: 618660K->43557K(642048K)] 641272K->66169K(2040320K), 0.0152612 secs] [Times: user=0.13 sys=0.00, real=0.01 secs] 
2020-09-29T17:53:51.742+0200: 20.044: [GC (Allocation Failure) [PSYoungGen: 631845K->43941K(632320K)] 654457K->66553K(2030592K), 0.0147243 secs] [Times: user=0.13 sys=0.00, real=0.01 secs] 
2020-09-29T17:53:51.810+0200: 20.112: [GC (Allocation Failure) [PSYoungGen: 632229K->28677K(643072K)] 654841K->51289K(2041344K), 0.0099017 secs] [Times: user=0.13 sys=0.00, real=0.01 secs] 
2020-09-29T17:53:51.871+0200: 20.173: [GC (Allocation Failure) [PSYoungGen: 615429K->41157K(642560K)] 638041K->63769K(2040832K), 0.0147767 secs] [Times: user=0.13 sys=0.00, real=0.01 secs] 
2020-09-29T17:53:51.936+0200: 20.238: [GC (Allocation Failure) [PSYoungGen: 627909K->40005K(643584K)] 650521K->62617K(2041856K), 0.0137770 secs] [Times: user=0.13 sys=0.00, real=0.01 secs] 
2020-09-29T17:53:52.001+0200: 20.303: [GC (Allocation Failure) [PSYoungGen: 627781K->39909K(643072K)] 650393K->62521K(2041344K), 0.0134676 secs] [Times: user=0.13 sys=0.00, real=0.01 secs] 
2020-09-29T17:53:52.064+0200: 20.366: [GC (Allocation Failure) [PSYoungGen: 627685K->39781K(645120K)] 650297K->62393K(2043392K), 0.0137783 secs] [Times: user=0.13 sys=0.00, real=0.01 secs] 
2020-09-29T17:53:52.129+0200: 20.431: [GC (Allocation Failure) [PSYoungGen: 630629K->53733K(644608K)] 653241K->78921K(2042880K), 0.0191097 secs] [Times: user=0.25 sys=0.00, real=0.02 secs] 
2020-09-29T17:53:52.200+0200: 20.502: [GC (Allocation Failure) [PSYoungGen: 644581K->30820K(636416K)] 669769K->56008K(2034688K), 0.0115805 secs] [Times: user=0.13 sys=0.00, real=0.01 secs] 
2020-09-29T17:53:52.262+0200: 20.564: [GC (Allocation Failure) [PSYoungGen: 612964K->24228K(606720K)] 638152K->49416K(2004992K), 0.0097119 secs] [Times: user=0.13 sys=0.00, real=0.01 secs] 
2020-09-29T17:53:52.322+0200: 20.624: [GC (Allocation Failure) [PSYoungGen: 606372K->30147K(641024K)] 631560K->55335K(2039296K), 0.0120030 secs] [Times: user=0.13 sys=0.00, real=0.01 secs] 
2020-09-29T17:53:52.383+0200: 20.685: [GC (Allocation Failure) [PSYoungGen: 612291K->38085K(640000K)] 637479K->63273K(2038272K), 0.0123980 secs] [Times: user=0.13 sys=0.00, real=0.01 secs] 
2020-09-29T17:53:52.447+0200: 20.749: [GC (Allocation Failure) [PSYoungGen: 620229K->31684K(643584K)] 645417K->56872K(2041856K), 0.0116643 secs] [Times: user=0.13 sys=0.00, real=0.01 secs] 
2020-09-29T17:53:52.510+0200: 20.812: [GC (Allocation Failure) [PSYoungGen: 618948K->44677K(632320K)] 644136K->69865K(2030592K), 0.0145745 secs] [Times: user=0.13 sys=0.00, real=0.02 secs] 
2020-09-29T17:53:52.576+0200: 20.878: [GC (Allocation Failure) [PSYoungGen: 631941K->27619K(642560K)] 657129K->52807K(2040832K), 0.0116066 secs] [Times: user=0.11 sys=0.00, real=0.01 secs] 
2020-09-29T17:53:52.640+0200: 20.942: [GC (Allocation Failure) [PSYoungGen: 613347K->39141K(642048K)] 638535K->64329K(2040320K), 0.0132730 secs] [Times: user=0.13 sys=0.00, real=0.01 secs] 
2020-09-29T17:53:52.704+0200: 21.006: [GC (Allocation Failure) [PSYoungGen: 624869K->36452K(645120K)] 650057K->61640K(2043392K), 0.0129913 secs] [Times: user=0.13 sys=0.00, real=0.01 secs] 
2020-09-29T17:53:52.767+0200: 21.069: [GC (Allocation Failure) [PSYoungGen: 626276K->38405K(643584K)] 651464K->63593K(2041856K), 0.0132264 secs] [Times: user=0.13 sys=0.00, real=0.01 secs] 
2020-09-29T17:53:52.831+0200: 21.133: [GC (Allocation Failure) [PSYoungGen: 628229K->39173K(646656K)] 653417K->64361K(2044928K), 0.0139143 secs] [Times: user=0.13 sys=0.00, real=0.01 secs] 
2020-09-29T17:53:52.897+0200: 21.199: [GC (Allocation Failure) [PSYoungGen: 633093K->29828K(646144K)] 658281K->55016K(2044416K), 0.0105345 secs] [Times: user=0.00 sys=0.00, real=0.01 secs] 
2020-09-29T17:53:52.958+0200: 21.260: [GC (Allocation Failure) [PSYoungGen: 623748K->35716K(648704K)] 648936K->60904K(2046976K), 0.0133163 secs] [Times: user=0.00 sys=0.00, real=0.01 secs] 
2020-09-29T17:53:53.022+0200: 21.325: [GC (Allocation Failure) [PSYoungGen: 632708K->44869K(642048K)] 657896K->70057K(2040320K), 0.0156996 secs] [Times: user=0.13 sys=0.00, real=0.02 secs] 
2020-09-29T17:53:53.089+0200: 21.392: [GC (Allocation Failure) [PSYoungGen: 641861K->26341K(646656K)] 667049K->51529K(2044928K), 0.0095828 secs] [Times: user=0.13 sys=0.00, real=0.01 secs] 
2020-09-29T17:53:53.150+0200: 21.452: [GC (Allocation Failure) [PSYoungGen: 620773K->32004K(646656K)] 645961K->57192K(2044928K), 0.0118945 secs] [Times: user=0.13 sys=0.00, real=0.01 secs] 
2020-09-29T17:53:53.213+0200: 21.515: [GC (Allocation Failure) [PSYoungGen: 626436K->38533K(647680K)] 651624K->63721K(2045952K), 0.0132866 secs] [Times: user=0.13 sys=0.00, real=0.01 secs] 
2020-09-29T17:53:53.278+0200: 21.580: [GC (Allocation Failure) [PSYoungGen: 634501K->46565K(642560K)] 659689K->71753K(2040832K), 0.0152696 secs] [Times: user=0.13 sys=0.00, real=0.01 secs] 
2020-09-29T17:53:53.344+0200: 21.647: [GC (Allocation Failure) [PSYoungGen: 642533K->22979K(644096K)] 667721K->48167K(2042368K), 0.0095754 secs] [Times: user=0.13 sys=0.00, real=0.01 secs] 
2020-09-29T17:53:53.404+0200: 21.707: [GC (Allocation Failure) [PSYoungGen: 613315K->39013K(644608K)] 638503K->64201K(2042880K), 0.0133208 secs] [Times: user=0.13 sys=0.00, real=0.01 secs] 
2020-09-29T17:53:53.468+0200: 21.771: [GC (Allocation Failure) [PSYoungGen: 629349K->41413K(645120K)] 654537K->66601K(2043392K), 0.0193295 secs] [Times: user=0.13 sys=0.00, real=0.02 secs] 
2020-09-29T17:53:53.539+0200: 21.841: [GC (Allocation Failure) [PSYoungGen: 632773K->44869K(636416K)] 657961K->70057K(2034688K), 0.0212223 secs] [Times: user=0.13 sys=0.00, real=0.02 secs] 
2020-09-29T17:53:53.612+0200: 21.915: [GC (Allocation Failure) [PSYoungGen: 636229K->48325K(638464K)] 661417K->73513K(2036736K), 0.0245804 secs] [Times: user=0.22 sys=0.00, real=0.03 secs] 
2020-09-29T17:53:53.687+0200: 21.989: [GC (Allocation Failure) [PSYoungGen: 631493K->29893K(641024K)] 656681K->55081K(2039296K), 0.0132556 secs] [Times: user=0.13 sys=0.00, real=0.01 secs] 
2020-09-29T17:53:53.755+0200: 22.057: [GC (Allocation Failure) [PSYoungGen: 613061K->38212K(643072K)] 638249K->63400K(2041344K), 0.0193681 secs] [Times: user=0.13 sys=0.00, real=0.02 secs] 
2020-09-29T17:53:53.826+0200: 22.128: [GC (Allocation Failure) [PSYoungGen: 623940K->36005K(641536K)] 649128K->61193K(2039808K), 0.0169492 secs] [Times: user=0.13 sys=0.00, real=0.02 secs] 
2020-09-29T17:53:53.893+0200: 22.195: [GC (Allocation Failure) [PSYoungGen: 621733K->47429K(640512K)] 646921K->72617K(2038784K), 0.0226140 secs] [Times: user=0.23 sys=0.00, real=0.02 secs] 
2020-09-29T17:53:53.966+0200: 22.268: [GC (Allocation Failure) [PSYoungGen: 633669K->17604K(604160K)] 658857K->42792K(2002432K), 0.0087568 secs] [Times: user=0.13 sys=0.00, real=0.01 secs] 
2020-09-29T17:53:54.025+0200: 22.328: [GC (Allocation Failure) [PSYoungGen: 603844K->28196K(641536K)] 629032K->53384K(2039808K), 0.0132300 secs] [Times: user=0.13 sys=0.00, real=0.01 secs] 
2020-09-29T17:53:54.095+0200: 22.397: [GC (Allocation Failure) [PSYoungGen: 611876K->51301K(635392K)] 637064K->76489K(2033664K), 0.0237344 secs] [Times: user=0.25 sys=0.00, real=0.02 secs] 
2020-09-29T17:53:54.168+0200: 22.470: [GC (Allocation Failure) [PSYoungGen: 634981K->30371K(638976K)] 660169K->55559K(2037248K), 0.0165423 secs] [Times: user=0.13 sys=0.00, real=0.02 secs] 
2020-09-29T17:53:54.238+0200: 22.540: [GC (Allocation Failure) [PSYoungGen: 608419K->17988K(637952K)] 633607K->43176K(2036224K), 0.0092913 secs] [Times: user=0.13 sys=0.00, real=0.01 secs] 
2020-09-29T17:53:54.299+0200: 22.601: [GC (Allocation Failure) [PSYoungGen: 596036K->20197K(638464K)] 621224K->45385K(2036736K), 0.0090340 secs] [Times: user=0.13 sys=0.00, real=0.01 secs] 
2020-09-29T17:53:54.362+0200: 22.664: [GC (Allocation Failure) [PSYoungGen: 598245K->37733K(638464K)] 623433K->62921K(2036736K), 0.0183138 secs] [Times: user=0.25 sys=0.00, real=0.02 secs] 
2020-09-29T17:53:54.431+0200: 22.734: [GC (Allocation Failure) [PSYoungGen: 615781K->27845K(641024K)] 640969K->53033K(2039296K), 0.0121459 secs] [Times: user=0.13 sys=0.00, real=0.01 secs] 
2020-09-29T17:53:54.507+0200: 22.809: [GC (Allocation Failure) [PSYoungGen: 609477K->35012K(639488K)] 634665K->60200K(2037760K), 0.0188193 secs] [Times: user=0.13 sys=0.00, real=0.02 secs] 
2020-09-29T17:53:54.582+0200: 22.884: [GC (Allocation Failure) [PSYoungGen: 616644K->42405K(640512K)] 641832K->67593K(2038784K), 0.0225953 secs] [Times: user=0.20 sys=0.00, real=0.02 secs] 
2020-09-29T17:53:54.659+0200: 22.960: [GC (Allocation Failure) [PSYoungGen: 626597K->38661K(641536K)] 651785K->63849K(2039808K), 0.0182993 secs] [Times: user=0.24 sys=0.00, real=0.02 secs] 
2020-09-29T17:53:54.726+0200: 23.028: [GC (Allocation Failure) [PSYoungGen: 622853K->48645K(636928K)] 648041K->73833K(2035200K), 0.0221494 secs] [Times: user=0.13 sys=0.00, real=0.02 secs] 
2020-09-29T17:53:54.799+0200: 23.100: [GC (Allocation Failure) [PSYoungGen: 628741K->23492K(639488K)] 653929K->48680K(2037760K), 0.0123387 secs] [Times: user=0.11 sys=0.00, real=0.01 secs] 
2020-09-29T17:53:54.861+0200: 23.162: [GC (Allocation Failure) [PSYoungGen: 603588K->29349K(641024K)] 628776K->54537K(2039296K), 0.0138751 secs] [Times: user=0.13 sys=0.00, real=0.01 secs] 
2020-09-29T17:53:54.931+0200: 23.232: [GC (Allocation Failure) [PSYoungGen: 610981K->18052K(639488K)] 636169K->43240K(2037760K), 0.0101750 secs] [Times: user=0.00 sys=0.00, real=0.01 secs] 
2020-09-29T17:53:54.990+0200: 23.292: [GC (Allocation Failure) [PSYoungGen: 599684K->21411K(641024K)] 624872K->46599K(2039296K), 0.0115673 secs] [Times: user=0.00 sys=0.00, real=0.01 secs] 
2020-09-29T17:53:55.052+0200: 23.354: [GC (Allocation Failure) [PSYoungGen: 604067K->29316K(640512K)] 629255K->54504K(2038784K), 0.0147380 secs] [Times: user=0.00 sys=0.00, real=0.01 secs] 
2020-09-29T17:53:55.117+0200: 23.419: [GC (Allocation Failure) [PSYoungGen: 611972K->37765K(643584K)] 637160K->62953K(2041856K), 0.0175244 secs] [Times: user=0.13 sys=0.00, real=0.02 secs] 
2020-09-29T17:53:55.189+0200: 23.491: [GC (Allocation Failure) [PSYoungGen: 626053K->24228K(643584K)] 651241K->49416K(2041856K), 0.0127041 secs] [Times: user=0.13 sys=0.00, real=0.01 secs] 
2020-09-29T17:53:55.252+0200: 23.554: [GC (Allocation Failure) [PSYoungGen: 612516K->23460K(645632K)] 637704K->48648K(2043904K), 0.0125003 secs] [Times: user=0.13 sys=0.00, real=0.01 secs] 
2020-09-29T17:53:55.315+0200: 23.617: [GC (Allocation Failure) [PSYoungGen: 614820K->26276K(644608K)] 640008K->51464K(2042880K), 0.0128504 secs] [Times: user=0.13 sys=0.00, real=0.01 secs] 
2020-09-29T17:53:55.380+0200: 23.682: [GC (Allocation Failure) [PSYoungGen: 617636K->29669K(649216K)] 642824K->54857K(2047488K), 0.0139237 secs] [Times: user=0.00 sys=0.00, real=0.01 secs] 
2020-09-29T17:53:55.451+0200: 23.753: [GC (Allocation Failure) [PSYoungGen: 627173K->39333K(647168K)] 652361K->64521K(2045440K), 0.0187546 secs] [Times: user=0.13 sys=0.00, real=0.02 secs] 
2020-09-29T17:53:55.522+0200: 23.823: [GC (Allocation Failure) [PSYoungGen: 636837K->48837K(638464K)] 662025K->74025K(2036736K), 0.0225804 secs] [Times: user=0.13 sys=0.00, real=0.02 secs] 
2020-09-29T17:53:55.596+0200: 23.898: [GC (Allocation Failure) [PSYoungGen: 636101K->34597K(643072K)] 661289K->59785K(2041344K), 0.0169669 secs] [Times: user=0.11 sys=0.00, real=0.02 secs] 
2020-09-29T17:53:55.665+0200: 23.967: [GC (Allocation Failure) [PSYoungGen: 621861K->47621K(637440K)] 647049K->72809K(2035712K), 0.0218053 secs] [Times: user=0.13 sys=0.00, real=0.02 secs] 
2020-09-29T17:53:55.738+0200: 24.040: [GC (Allocation Failure) [PSYoungGen: 630789K->11906K(595456K)] 655977K->37094K(1993728K), 0.0078021 secs] [Times: user=0.13 sys=0.00, real=0.01 secs] 
2020-09-29T17:53:55.803+0200: 24.105: [GC (Allocation Failure) [PSYoungGen: 595074K->47877K(633344K)] 620262K->73065K(2031616K), 0.0221465 secs] [Times: user=0.13 sys=0.00, real=0.02 secs] 
2020-09-29T17:53:55.881+0200: 24.183: [GC (Allocation Failure) [PSYoungGen: 621829K->19043K(636416K)] 647017K->44231K(2034688K), 0.0103715 secs] [Times: user=0.00 sys=0.00, real=0.01 secs] 
2020-09-29T17:53:55.942+0200: 24.244: [GC (Allocation Failure) [PSYoungGen: 592995K->31940K(640000K)] 618183K->57128K(2038272K), 0.0159480 secs] [Times: user=0.02 sys=0.01, real=0.02 secs] 
2020-09-29T17:53:56.011+0200: 24.313: [GC (Allocation Failure) [PSYoungGen: 609988K->33956K(636928K)] 635176K->59144K(2035200K), 0.0176619 secs] [Times: user=0.13 sys=0.00, real=0.02 secs] 
2020-09-29T17:53:56.078+0200: 24.380: [GC (Allocation Failure) [PSYoungGen: 612004K->23363K(642560K)] 637192K->48551K(2040832K), 0.0132466 secs] [Times: user=0.13 sys=0.00, real=0.01 secs] 
2020-09-29T17:53:56.144+0200: 24.446: [GC (Allocation Failure) [PSYoungGen: 609091K->34853K(642048K)] 634279K->60041K(2040320K), 0.0172429 secs] [Times: user=0.25 sys=0.00, real=0.02 secs] 
2020-09-29T17:53:56.211+0200: 24.513: [GC (Allocation Failure) [PSYoungGen: 620581K->32580K(646144K)] 645769K->57768K(2044416K), 0.0163415 secs] [Times: user=0.13 sys=0.00, real=0.02 secs] 
2020-09-29T17:53:56.280+0200: 24.582: [GC (Allocation Failure) [PSYoungGen: 623940K->49669K(641536K)] 649128K->74857K(2039808K), 0.0222317 secs] [Times: user=0.23 sys=0.00, real=0.02 secs] 
2020-09-29T17:53:56.354+0200: 24.656: [GC (Allocation Failure) [PSYoungGen: 641029K->39397K(641536K)] 666217K->64585K(2039808K), 0.0192478 secs] [Times: user=0.13 sys=0.00, real=0.02 secs] 
2020-09-29T17:53:56.423+0200: 24.725: [GC (Allocation Failure) [PSYoungGen: 623589K->35588K(641536K)] 648777K->60776K(2039808K), 0.0179706 secs] [Times: user=0.13 sys=0.00, real=0.02 secs] 
2020-09-29T17:53:56.491+0200: 24.793: [GC (Allocation Failure) [PSYoungGen: 619780K->45605K(639488K)] 644968K->70793K(2037760K), 0.0204657 secs] [Times: user=0.13 sys=0.00, real=0.02 secs] 
2020-09-29T17:53:56.562+0200: 24.864: [GC (Allocation Failure) [PSYoungGen: 629797K->41156K(641536K)] 654985K->66344K(2039808K), 0.0205761 secs] [Times: user=0.25 sys=0.00, real=0.02 secs] 
2020-09-29T17:53:56.639+0200: 24.941: [GC (Allocation Failure) [PSYoungGen: 625348K->37413K(643072K)] 650536K->62601K(2041344K), 0.0221218 secs] [Times: user=0.20 sys=0.00, real=0.02 secs] 
2020-09-29T17:53:56.715+0200: 25.017: [GC (Allocation Failure) [PSYoungGen: 623141K->34916K(641536K)] 648329K->60104K(2039808K), 0.0175176 secs] [Times: user=0.13 sys=0.00, real=0.02 secs] 
2020-09-29T17:53:56.785+0200: 25.087: [GC (Allocation Failure) [PSYoungGen: 620644K->32741K(646144K)] 645832K->57929K(2044416K), 0.0157830 secs] [Times: user=0.11 sys=0.00, real=0.02 secs] 
2020-09-29T17:53:56.852+0200: 25.154: [GC (Allocation Failure) [PSYoungGen: 624613K->36677K(644608K)] 649801K->61865K(2042880K), 0.0167784 secs] [Times: user=0.13 sys=0.00, real=0.02 secs] 
2020-09-29T17:53:56.919+0200: 25.222: [GC (Allocation Failure) [PSYoungGen: 628549K->39876K(647168K)] 653737K->65064K(2045440K), 0.0200039 secs] [Times: user=0.13 sys=0.00, real=0.02 secs] 
2020-09-29T17:53:56.990+0200: 25.293: [GC (Allocation Failure) [PSYoungGen: 635332K->47461K(643072K)] 660520K->72649K(2041344K), 0.0224458 secs] [Times: user=0.13 sys=0.00, real=0.03 secs] 
2020-09-29T17:53:57.072+0200: 25.375: [GC (Allocation Failure) [PSYoungGen: 642917K->41188K(645120K)] 668105K->66376K(2043392K), 0.0205120 secs] [Times: user=0.13 sys=0.00, real=0.02 secs] 
2020-09-29T17:53:57.144+0200: 25.446: [GC (Allocation Failure) [PSYoungGen: 632036K->14532K(605696K)] 657224K->39720K(2003968K), 0.0068556 secs] [Times: user=0.13 sys=0.00, real=0.01 secs] 
2020-09-29T17:53:57.203+0200: 25.505: [GC (Allocation Failure) [PSYoungGen: 605380K->44805K(639488K)] 630568K->69993K(2037760K), 0.0202867 secs] [Times: user=0.14 sys=0.02, real=0.02 secs] 
2020-09-29T17:53:57.277+0200: 25.579: [GC (Allocation Failure) [PSYoungGen: 627973K->40101K(641024K)] 653161K->65289K(2039296K), 0.0193618 secs] [Times: user=0.11 sys=0.00, real=0.02 secs] 
2020-09-29T17:53:57.346+0200: 25.648: [GC (Allocation Failure) [PSYoungGen: 623269K->48997K(636928K)] 648457K->74185K(2035200K), 0.0225618 secs] [Times: user=0.25 sys=0.00, real=0.02 secs] 
2020-09-29T17:53:57.419+0200: 25.721: [GC (Allocation Failure) [PSYoungGen: 629093K->41125K(639488K)] 654281K->66313K(2037760K), 0.0196639 secs] [Times: user=0.13 sys=0.00, real=0.02 secs] 
2020-09-29T17:53:57.489+0200: 25.791: [GC (Allocation Failure) [PSYoungGen: 621221K->32932K(641536K)] 646409K->58120K(2039808K), 0.0164845 secs] [Times: user=0.13 sys=0.00, real=0.02 secs] 
2020-09-29T17:53:57.556+0200: 25.858: [GC (Allocation Failure) [PSYoungGen: 616100K->41797K(640512K)] 641288K->66985K(2038784K), 0.0195300 secs] [Times: user=0.13 sys=0.00, real=0.02 secs] 
2020-09-29T17:53:57.627+0200: 25.929: [GC (Allocation Failure) [PSYoungGen: 624965K->21666K(640000K)] 650153K->46854K(2038272K), 0.0141487 secs] [Times: user=0.11 sys=0.00, real=0.01 secs] 
2020-09-29T17:53:57.692+0200: 25.994: [GC (Allocation Failure) [PSYoungGen: 604834K->44229K(627712K)] 630022K->69417K(2025984K), 0.0203639 secs] [Times: user=0.13 sys=0.00, real=0.02 secs] 
2020-09-29T17:53:57.767+0200: 26.069: [GC (Allocation Failure) [PSYoungGen: 627397K->38212K(642048K)] 652585K->63400K(2040320K), 0.0187925 secs] [Times: user=0.14 sys=0.02, real=0.02 secs] 
2020-09-29T17:53:57.837+0200: 26.139: [GC (Allocation Failure) [PSYoungGen: 621380K->47237K(640000K)] 646568K->72425K(2038272K), 0.0218557 secs] [Times: user=0.13 sys=0.00, real=0.02 secs] 
2020-09-29T17:53:57.913+0200: 26.215: [GC (Allocation Failure) [PSYoungGen: 630405K->42501K(640512K)] 655593K->67689K(2038784K), 0.0190662 secs] [Times: user=0.13 sys=0.00, real=0.02 secs] 
2020-09-29T17:53:57.982+0200: 26.284: [GC (Allocation Failure) [PSYoungGen: 624133K->36229K(640000K)] 649321K->61417K(2038272K), 0.0177387 secs] [Times: user=0.13 sys=0.00, real=0.02 secs] 
2020-09-29T17:53:58.056+0200: 26.358: [GC (Allocation Failure) [PSYoungGen: 617861K->29829K(642560K)] 643049K->55017K(2040832K), 0.0150082 secs] [Times: user=0.13 sys=0.00, real=0.02 secs] 
2020-09-29T17:53:58.121+0200: 26.423: [GC (Allocation Failure) [PSYoungGen: 615557K->41317K(642048K)] 640745K->66505K(2040320K), 0.0201848 secs] [Times: user=0.13 sys=0.00, real=0.02 secs] 
2020-09-29T17:53:58.195+0200: 26.498: [GC (Allocation Failure) [PSYoungGen: 627045K->24453K(642048K)] 652233K->49641K(2040320K), 0.0119672 secs] [Times: user=0.00 sys=0.00, real=0.01 secs] 
2020-09-29T17:53:58.257+0200: 26.559: [GC (Allocation Failure) [PSYoungGen: 610693K->50181K(636928K)] 635881K->75369K(2035200K), 0.0234257 secs] [Times: user=0.13 sys=0.00, real=0.02 secs] 
2020-09-29T17:53:58.331+0200: 26.633: [GC (Allocation Failure) [PSYoungGen: 636421K->20901K(637440K)] 661609K->46089K(2035712K), 0.0099725 secs] [Times: user=0.13 sys=0.00, real=0.01 secs] 
2020-09-29T17:53:58.392+0200: 26.694: [GC (Allocation Failure) [PSYoungGen: 598949K->38373K(638464K)] 624137K->63561K(2036736K), 0.0172480 secs] [Times: user=0.13 sys=0.00, real=0.02 secs] 
2020-09-29T17:53:58.461+0200: 26.763: [GC (Allocation Failure) [PSYoungGen: 616421K->27876K(641024K)] 641609K->53064K(2039296K), 0.0162333 secs] [Times: user=0.13 sys=0.00, real=0.02 secs] 
2020-09-29T17:53:58.528+0200: 26.830: [GC (Allocation Failure) [PSYoungGen: 610020K->20516K(640000K)] 635208K->45704K(2038272K), 0.0118609 secs] [Times: user=0.13 sys=0.00, real=0.01 secs] 
2020-09-29T17:53:58.603+0200: 26.905: [GC (Allocation Failure) [PSYoungGen: 602660K->26596K(641536K)] 627848K->51784K(2039808K), 0.0170291 secs] [Times: user=0.13 sys=0.00, real=0.02 secs] 
2020-09-29T17:53:58.674+0200: 26.976: [GC (Allocation Failure) [PSYoungGen: 609764K->34340K(640512K)] 634952K->59528K(2038784K), 0.0193649 secs] [Times: user=0.25 sys=0.00, real=0.02 secs] 
2020-09-29T17:53:58.747+0200: 27.049: [GC (Allocation Failure) [PSYoungGen: 617508K->43269K(640512K)] 642696K->68457K(2038784K), 0.0238901 secs] [Times: user=0.25 sys=0.00, real=0.02 secs] 
2020-09-29T17:53:58.824+0200: 27.127: [GC (Allocation Failure) [PSYoungGen: 628485K->38692K(642048K)] 653673K->63880K(2040320K), 0.0222514 secs] [Times: user=0.13 sys=0.00, real=0.02 secs] 
2020-09-29T17:53:58.898+0200: 27.200: [GC (Allocation Failure) [PSYoungGen: 623908K->35940K(644608K)] 649096K->61128K(2042880K), 0.0210377 secs] [Times: user=0.13 sys=0.00, real=0.02 secs] 
2020-09-29T17:53:58.971+0200: 27.274: [GC (Allocation Failure) [PSYoungGen: 624740K->36708K(643072K)] 649928K->61896K(2041344K), 0.0215696 secs] [Times: user=0.25 sys=0.00, real=0.02 secs] 
2020-09-29T17:53:59.046+0200: 27.348: [GC (Allocation Failure) [PSYoungGen: 625508K->21955K(644608K)] 650696K->47143K(2042880K), 0.0141060 secs] [Times: user=0.13 sys=0.00, real=0.01 secs] 
2020-09-29T17:53:59.117+0200: 27.419: [GC (Allocation Failure) [PSYoungGen: 613315K->39045K(645120K)] 638503K->64233K(2043392K), 0.0208222 secs] [Times: user=0.13 sys=0.00, real=0.02 secs] 
2020-09-29T17:53:59.191+0200: 27.494: [GC (Allocation Failure) [PSYoungGen: 630405K->42244K(643072K)] 655593K->67432K(2041344K), 0.0231287 secs] [Times: user=0.14 sys=0.00, real=0.02 secs] 
2020-09-29T17:53:59.265+0200: 27.567: [GC (Allocation Failure) [PSYoungGen: 631556K->29828K(644096K)] 656744K->55016K(2042368K), 0.0176710 secs] [Times: user=0.13 sys=0.00, real=0.02 secs] 
2020-09-29T17:53:59.333+0200: 27.635: [GC (Allocation Failure) [PSYoungGen: 619140K->29955K(646656K)] 644328K->55143K(2044928K), 0.0178783 secs] [Times: user=0.13 sys=0.00, real=0.02 secs] 
2020-09-29T17:53:59.404+0200: 27.706: [GC (Allocation Failure) [PSYoungGen: 622851K->34949K(645120K)] 648039K->60137K(2043392K), 0.0179150 secs] [Times: user=0.13 sys=0.00, real=0.02 secs] 
2020-09-29T17:53:59.486+0200: 27.788: [GC (Allocation Failure) [PSYoungGen: 627845K->39973K(647680K)] 653033K->65161K(2045952K), 0.0211531 secs] [Times: user=0.25 sys=0.00, real=0.02 secs] 
2020-09-29T17:53:59.561+0200: 27.863: [GC (Allocation Failure) [PSYoungGen: 636453K->5442K(602112K)] 661641K->30630K(2000384K), 0.0048578 secs] [Times: user=0.00 sys=0.00, real=0.00 secs] 
2020-09-29T17:53:59.634+0200: 27.936: [GC (Allocation Failure) [PSYoungGen: 601922K->41220K(642048K)] 627110K->66408K(2040320K), 0.0258904 secs] [Times: user=0.11 sys=0.00, real=0.03 secs] 
2020-09-29T17:53:59.714+0200: 28.016: [GC (Allocation Failure) [PSYoungGen: 628484K->54245K(641536K)] 653672K->79433K(2039808K), 0.0283193 secs] [Times: user=0.25 sys=0.00, real=0.03 secs] 
2020-09-29T17:53:59.794+0200: 28.096: [GC (Allocation Failure) [PSYoungGen: 641509K->24067K(634368K)] 666697K->49255K(2032640K), 0.0156348 secs] [Times: user=0.13 sys=0.00, real=0.02 secs] 
2020-09-29T17:53:59.863+0200: 28.165: [GC (Allocation Failure) [PSYoungGen: 601091K->38852K(637952K)] 626279K->64040K(2036224K), 0.0216712 secs] [Times: user=0.25 sys=0.00, real=0.02 secs] 
2020-09-29T17:53:59.933+0200: 28.236: [GC (Allocation Failure) [PSYoungGen: 615876K->23523K(639488K)] 641064K->48711K(2037760K), 0.0157895 secs] [Times: user=0.13 sys=0.00, real=0.02 secs] 
2020-09-29T17:54:00.001+0200: 28.304: [GC (Allocation Failure) [PSYoungGen: 603107K->42597K(622592K)] 628295K->67785K(2020864K), 0.0216076 secs] [Times: user=0.25 sys=0.00, real=0.02 secs] 
2020-09-29T17:54:00.078+0200: 28.380: [GC (Allocation Failure) [PSYoungGen: 622181K->16772K(638464K)] 647369K->41960K(2036736K), 0.0091949 secs] [Times: user=0.13 sys=0.00, real=0.01 secs] 
2020-09-29T17:54:00.141+0200: 28.443: [GC (Allocation Failure) [PSYoungGen: 594820K->32868K(638464K)] 620008K->58056K(2036736K), 0.0192401 secs] [Times: user=0.13 sys=0.00, real=0.02 secs] 
2020-09-29T17:54:00.212+0200: 28.514: [GC (Allocation Failure) [PSYoungGen: 610916K->36677K(642048K)] 636104K->61865K(2040320K), 0.0193356 secs] [Times: user=0.13 sys=0.00, real=0.02 secs] 
2020-09-29T17:54:00.284+0200: 28.586: [GC (Allocation Failure) [PSYoungGen: 620869K->32965K(641024K)] 646057K->58153K(2039296K), 0.0172030 secs] [Times: user=0.13 sys=0.00, real=0.02 secs] 
2020-09-29T17:54:00.352+0200: 28.654: [GC (Allocation Failure) [PSYoungGen: 617157K->42821K(641024K)] 642345K->68009K(2039296K), 0.0228693 secs] [Times: user=0.13 sys=0.00, real=0.02 secs] 
2020-09-29T17:54:00.425+0200: 28.728: [GC (Allocation Failure) [PSYoungGen: 629061K->41125K(627712K)] 654249K->66313K(2025984K), 0.0211563 secs] [Times: user=0.25 sys=0.00, real=0.02 secs] 
2020-09-29T17:54:00.498+0200: 28.800: [GC (Allocation Failure) [PSYoungGen: 627365K->25669K(643072K)] 652553K->50857K(2041344K), 0.0141178 secs] [Times: user=0.13 sys=0.00, real=0.01 secs] 
2020-09-29T17:54:00.566+0200: 28.868: [GC (Allocation Failure) [PSYoungGen: 611909K->37637K(642048K)] 637097K->62825K(2040320K), 0.0202278 secs] [Times: user=0.25 sys=0.00, real=0.02 secs] 
2020-09-29T17:54:00.640+0200: 28.943: [GC (Allocation Failure) [PSYoungGen: 623877K->21411K(643584K)] 649065K->46599K(2041856K), 0.0144350 secs] [Times: user=0.11 sys=0.00, real=0.01 secs] 
2020-09-29T17:54:00.711+0200: 29.013: [GC (Allocation Failure) [PSYoungGen: 609699K->34884K(643584K)] 634887K->60072K(2041856K), 0.0196192 secs] [Times: user=0.13 sys=0.00, real=0.02 secs] 
2020-09-29T17:54:00.784+0200: 29.086: [GC (Allocation Failure) [PSYoungGen: 623172K->35237K(646144K)] 648360K->60425K(2044416K), 0.0194601 secs] [Times: user=0.25 sys=0.00, real=0.02 secs] 
2020-09-29T17:54:00.854+0200: 29.156: [GC (Allocation Failure) [PSYoungGen: 627621K->24261K(645120K)] 652809K->49449K(2043392K), 0.0135939 secs] [Times: user=0.13 sys=0.00, real=0.01 secs] 
2020-09-29T17:54:00.922+0200: 29.224: [GC (Allocation Failure) [PSYoungGen: 616645K->42373K(643584K)] 641833K->67561K(2041856K), 0.0232760 secs] [Times: user=0.23 sys=0.00, real=0.02 secs] 
2020-09-29T17:54:00.996+0200: 29.299: [GC (Allocation Failure) [PSYoungGen: 633733K->31172K(645120K)] 658921K->56360K(2043392K), 0.0178665 secs] [Times: user=0.13 sys=0.00, real=0.02 secs] 
2020-09-29T17:54:01.067+0200: 29.369: [GC (Allocation Failure) [PSYoungGen: 622532K->48325K(639488K)] 647720K->73513K(2037760K), 0.0246034 secs] [Times: user=0.13 sys=0.00, real=0.03 secs] 
2020-09-29T17:54:01.145+0200: 29.447: [GC (Allocation Failure) [PSYoungGen: 635589K->47653K(635392K)] 660777K->72841K(2033664K), 0.0249006 secs] [Times: user=0.13 sys=0.00, real=0.03 secs] 
2020-09-29T17:54:01.222+0200: 29.524: [GC (Allocation Failure) [PSYoungGen: 634917K->47077K(636928K)] 660105K->72265K(2035200K), 0.0253180 secs] [Times: user=0.25 sys=0.00, real=0.03 secs] 
2020-09-29T17:54:01.297+0200: 29.600: [GC (Allocation Failure) [PSYoungGen: 625125K->23300K(638464K)] 650313K->48488K(2036736K), 0.0133543 secs] [Times: user=0.13 sys=0.00, real=0.01 secs] 
2020-09-29T17:54:01.361+0200: 29.663: [GC (Allocation Failure) [PSYoungGen: 601348K->23939K(638976K)] 626536K->49127K(2037248K), 0.0152723 secs] [Times: user=0.13 sys=0.00, real=0.01 secs] 
2020-09-29T17:54:01.426+0200: 29.728: [GC (Allocation Failure) [PSYoungGen: 602499K->27013K(638464K)] 627687K->52201K(2036736K), 0.0147194 secs] [Times: user=0.00 sys=0.00, real=0.01 secs] 
2020-09-29T17:54:01.493+0200: 29.796: [GC (Allocation Failure) [PSYoungGen: 605573K->28164K(641536K)] 630761K->53352K(2039808K), 0.0167245 secs] [Times: user=0.13 sys=0.00, real=0.02 secs] 
2020-09-29T17:54:01.562+0200: 29.864: [GC (Allocation Failure) [PSYoungGen: 610820K->36581K(640000K)] 636008K->61769K(2038272K), 0.0206455 secs] [Times: user=0.13 sys=0.00, real=0.02 secs] 
2020-09-29T17:54:01.634+0200: 29.936: [GC (Allocation Failure) [PSYoungGen: 619237K->44965K(638464K)] 644425K->70153K(2036736K), 0.0242706 secs] [Times: user=0.13 sys=0.00, real=0.02 secs] 
2020-09-29T17:54:01.712+0200: 30.014: [GC (Allocation Failure) [PSYoungGen: 627109K->23939K(640512K)] 652297K->49127K(2038784K), 0.0155551 secs] [Times: user=0.13 sys=0.00, real=0.02 secs] 
2020-09-29T17:54:01.777+0200: 30.080: [GC (Allocation Failure) [PSYoungGen: 606083K->31396K(643072K)] 631271K->56584K(2041344K), 0.0182459 secs] [Times: user=0.13 sys=0.00, real=0.02 secs] 
2020-09-29T17:54:01.851+0200: 30.153: [GC (Allocation Failure) [PSYoungGen: 616612K->42341K(641024K)] 641800K->67529K(2039296K), 0.0241551 secs] [Times: user=0.11 sys=0.00, real=0.02 secs] 
2020-09-29T17:54:01.927+0200: 30.230: [GC (Allocation Failure) [PSYoungGen: 627557K->38500K(642560K)] 652745K->63688K(2040832K), 0.0222113 secs] [Times: user=0.13 sys=0.00, real=0.02 secs] 
2020-09-29T17:54:02.001+0200: 30.304: [GC (Allocation Failure) [PSYoungGen: 624228K->36325K(642048K)] 649416K->61513K(2040320K), 0.0211276 secs] [Times: user=0.22 sys=0.00, real=0.02 secs] 
2020-09-29T17:54:02.074+0200: 30.376: [GC (Allocation Failure) [PSYoungGen: 622053K->34117K(646144K)] 647241K->59305K(2044416K), 0.0183764 secs] [Times: user=0.13 sys=0.00, real=0.02 secs] 
2020-09-29T17:54:02.147+0200: 30.449: [GC (Allocation Failure) [PSYoungGen: 625477K->23748K(644096K)] 650665K->48936K(2042368K), 0.0127407 secs] [Times: user=0.00 sys=0.00, real=0.01 secs] 
2020-09-29T17:54:02.219+0200: 30.521: [GC (Allocation Failure) [PSYoungGen: 615108K->40997K(644096K)] 640296K->66185K(2042368K), 0.0229110 secs] [Times: user=0.23 sys=0.00, real=0.02 secs] 
2020-09-29T17:54:02.293+0200: 30.595: [GC (Allocation Failure) [PSYoungGen: 632357K->15716K(607232K)] 657545K->40904K(2005504K), 0.0092248 secs] [Times: user=0.13 sys=0.00, real=0.01 secs] 
2020-09-29T17:54:02.355+0200: 30.658: [GC (Allocation Failure) [PSYoungGen: 607076K->46533K(637952K)] 632264K->71721K(2036224K), 0.0250236 secs] [Times: user=0.25 sys=0.00, real=0.03 secs] 
2020-09-29T17:54:02.430+0200: 30.733: [GC (Allocation Failure) [PSYoungGen: 629701K->41668K(625152K)] 654889K->66856K(2023424K), 0.0235163 secs] [Times: user=0.13 sys=0.00, real=0.02 secs] 
2020-09-29T17:54:02.509+0200: 30.812: [GC (Allocation Failure) [PSYoungGen: 624836K->18980K(639488K)] 650024K->44168K(2037760K), 0.0111887 secs] [Times: user=0.13 sys=0.00, real=0.01 secs] 
2020-09-29T17:54:02.579+0200: 30.882: [GC (Allocation Failure) [PSYoungGen: 600100K->39557K(640000K)] 625288K->64745K(2038272K), 0.0225633 secs] [Times: user=0.22 sys=0.00, real=0.02 secs] 
2020-09-29T17:54:02.659+0200: 30.961: [GC (Allocation Failure) [PSYoungGen: 620677K->32741K(642560K)] 645865K->57929K(2040832K), 0.0168894 secs] [Times: user=0.09 sys=0.02, real=0.02 secs] 
2020-09-29T17:54:02.730+0200: 31.033: [GC (Allocation Failure) [PSYoungGen: 616933K->28997K(640512K)] 642121K->54185K(2038784K), 0.0158471 secs] [Times: user=0.13 sys=0.00, real=0.02 secs] 
2020-09-29T17:54:02.813+0200: 31.115: [GC (Allocation Failure) [PSYoungGen: 613189K->24387K(644608K)] 638377K->49575K(2042880K), 0.0150143 secs] [Times: user=0.13 sys=0.00, real=0.02 secs] 
2020-09-29T17:54:02.883+0200: 31.185: [GC (Allocation Failure) [PSYoungGen: 614211K->53637K(643584K)] 639399K->78825K(2041856K), 0.0278805 secs] [Times: user=0.25 sys=0.00, real=0.03 secs] 
2020-09-29T17:54:02.962+0200: 31.265: [GC (Allocation Failure) [PSYoungGen: 643461K->27941K(637440K)] 668649K->53129K(2035712K), 0.0156951 secs] [Times: user=0.13 sys=0.00, real=0.02 secs] 
2020-09-29T17:54:03.029+0200: 31.331: [GC (Allocation Failure) [PSYoungGen: 610085K->34052K(640512K)] 635273K->59240K(2038784K), 0.0196644 secs] [Times: user=0.13 sys=0.00, real=0.02 secs] 
2020-09-29T17:54:03.102+0200: 31.405: [GC (Allocation Failure) [PSYoungGen: 616196K->28197K(644096K)] 641384K->53385K(2042368K), 0.0158515 secs] [Times: user=0.13 sys=0.00, real=0.02 secs] 
2020-09-29T17:54:03.171+0200: 31.474: [GC (Allocation Failure) [PSYoungGen: 615973K->40996K(642560K)] 641161K->66184K(2040832K), 0.0223102 secs] [Times: user=0.25 sys=0.00, real=0.02 secs] 
2020-09-29T17:54:03.246+0200: 31.548: [GC (Allocation Failure) [PSYoungGen: 628772K->25668K(644096K)] 653960K->50856K(2042368K), 0.0147186 secs] [Times: user=0.13 sys=0.00, real=0.01 secs] 
2020-09-29T17:54:03.312+0200: 31.615: [GC (Allocation Failure) [PSYoungGen: 613956K->39685K(643072K)] 639144K->64873K(2041344K), 0.0211038 secs] [Times: user=0.25 sys=0.00, real=0.02 secs] 
2020-09-29T17:54:03.389+0200: 31.691: [GC (Allocation Failure) [PSYoungGen: 627973K->40101K(643584K)] 653161K->65289K(2041856K), 0.0206906 secs] [Times: user=0.13 sys=0.00, real=0.02 secs] 
2020-09-29T17:54:03.465+0200: 31.768: [GC (Allocation Failure) [PSYoungGen: 628389K->26820K(643584K)] 653577K->52008K(2041856K), 0.0110313 secs] [Times: user=0.13 sys=0.00, real=0.01 secs] 
2020-09-29T17:54:03.527+0200: 31.829: [GC (Allocation Failure) [PSYoungGen: 615108K->25989K(645120K)] 640296K->51177K(2043392K), 0.0086577 secs] [Times: user=0.13 sys=0.00, real=0.01 secs] 
2020-09-29T17:54:03.587+0200: 31.890: [GC (Allocation Failure) [PSYoungGen: 616325K->28421K(644096K)] 641513K->53609K(2042368K), 0.0107596 secs] [Times: user=0.11 sys=0.00, real=0.01 secs] 
2020-09-29T17:54:03.651+0200: 31.954: [GC (Allocation Failure) [PSYoungGen: 618757K->29860K(647680K)] 643945K->55048K(2045952K), 0.0119257 secs] [Times: user=0.13 sys=0.00, real=0.01 secs] 
2020-09-29T17:54:03.714+0200: 32.017: [GC (Allocation Failure) [PSYoungGen: 624804K->19779K(646144K)] 649992K->44967K(2044416K), 0.0082277 secs] [Times: user=0.00 sys=0.00, real=0.01 secs] 
2020-09-29T17:54:03.779+0200: 32.082: [GC (Allocation Failure) [PSYoungGen: 614723K->26436K(648704K)] 639911K->51624K(2046976K), 0.0100997 secs] [Times: user=0.13 sys=0.00, real=0.01 secs] 
2020-09-29T17:54:03.840+0200: 32.143: [GC (Allocation Failure) [PSYoungGen: 623940K->49701K(647680K)] 649128K->74889K(2045952K), 0.0196193 secs] [Times: user=0.13 sys=0.00, real=0.02 secs] 
2020-09-29T17:54:03.912+0200: 32.214: [GC (Allocation Failure) [PSYoungGen: 647205K->45541K(634368K)] 672393K->70729K(2032640K), 0.0151261 secs] [Times: user=0.13 sys=0.00, real=0.02 secs] 
2020-09-29T17:54:03.977+0200: 32.278: [GC (Allocation Failure) [PSYoungGen: 628709K->13283K(596480K)] 653897K->38471K(1994752K), 0.0051857 secs] [Times: user=0.00 sys=0.00, real=0.01 secs] 
2020-09-29T17:54:04.032+0200: 32.333: [GC (Allocation Failure) [PSYoungGen: 596451K->35877K(641024K)] 621639K->61065K(2039296K), 0.0122655 secs] [Times: user=0.13 sys=0.00, real=0.01 secs] 
2020-09-29T17:54:04.096+0200: 32.398: [GC (Allocation Failure) [PSYoungGen: 618021K->43813K(626176K)] 643209K->69001K(2024448K), 0.0158025 secs] [Times: user=0.11 sys=0.00, real=0.02 secs] 
2020-09-29T17:54:04.166+0200: 32.468: [GC (Allocation Failure) [PSYoungGen: 625957K->19746K(639488K)] 651145K->44934K(2037760K), 0.0102306 secs] [Times: user=0.02 sys=0.02, real=0.01 secs] 
2020-09-29T17:54:04.229+0200: 32.531: [GC (Allocation Failure) [PSYoungGen: 599842K->39301K(639488K)] 625030K->64489K(2037760K), 0.0148494 secs] [Times: user=0.13 sys=0.00, real=0.01 secs] 
2020-09-29T17:54:04.296+0200: 32.598: [GC (Allocation Failure) [PSYoungGen: 619397K->16259K(639488K)] 644585K->41447K(2037760K), 0.0073162 secs] [Times: user=0.13 sys=0.00, real=0.01 secs] 
2020-09-29T17:54:04.354+0200: 32.656: [GC (Allocation Failure) [PSYoungGen: 596355K->21444K(639488K)] 621543K->46632K(2037760K), 0.0082088 secs] [Times: user=0.00 sys=0.00, real=0.01 secs] 
2020-09-29T17:54:04.412+0200: 32.713: [GC (Allocation Failure) [PSYoungGen: 601540K->26660K(643072K)] 626728K->51848K(2041344K), 0.0106842 secs] [Times: user=0.00 sys=0.00, real=0.01 secs] 
2020-09-29T17:54:04.473+0200: 32.775: [GC (Allocation Failure) [PSYoungGen: 611364K->50789K(635904K)] 636552K->75977K(2034176K), 0.0169730 secs] [Times: user=0.25 sys=0.00, real=0.02 secs] 
2020-09-29T17:54:04.540+0200: 32.842: [GC (Allocation Failure) [PSYoungGen: 635493K->47525K(632320K)] 660681K->72713K(2030592K), 0.0162361 secs] [Times: user=0.13 sys=0.00, real=0.02 secs] 
2020-09-29T17:54:04.607+0200: 32.908: [GC (Allocation Failure) [PSYoungGen: 618405K->44197K(615424K)] 643593K->69385K(2013696K), 0.0172108 secs] [Times: user=0.11 sys=0.00, real=0.02 secs] 
2020-09-29T17:54:04.673+0200: 32.975: [GC (Allocation Failure) [PSYoungGen: 615077K->39845K(634880K)] 640265K->65033K(2033152K), 0.0139971 secs] [Times: user=0.13 sys=0.00, real=0.01 secs] 
2020-09-29T17:54:04.736+0200: 33.038: [GC (Allocation Failure) [PSYoungGen: 609701K->17507K(633856K)] 634889K->42695K(2032128K), 0.0077400 secs] [Times: user=0.13 sys=0.00, real=0.01 secs] 
2020-09-29T17:54:04.794+0200: 33.095: [GC (Allocation Failure) [PSYoungGen: 587363K->37893K(635904K)] 612551K->63081K(2034176K), 0.0138791 secs] [Times: user=0.13 sys=0.00, real=0.01 secs] 
2020-09-29T17:54:04.856+0200: 33.158: [GC (Allocation Failure) [PSYoungGen: 609797K->34724K(634880K)] 634985K->59912K(2033152K), 0.0127974 secs] [Times: user=0.13 sys=0.00, real=0.01 secs] 
2020-09-29T17:54:04.918+0200: 33.220: [GC (Allocation Failure) [PSYoungGen: 606628K->46149K(635392K)] 631816K->71337K(2033664K), 0.0151411 secs] [Times: user=0.13 sys=0.00, real=0.02 secs] 
2020-09-29T17:54:04.983+0200: 33.285: [GC (Allocation Failure) [PSYoungGen: 621125K->32324K(636928K)] 646313K->57512K(2035200K), 0.0116869 secs] [Times: user=0.13 sys=0.00, real=0.01 secs] 
2020-09-29T17:54:05.044+0200: 33.345: [GC (Allocation Failure) [PSYoungGen: 607300K->32900K(641024K)] 632488K->58088K(2039296K), 0.0117019 secs] [Times: user=0.13 sys=0.00, real=0.01 secs] 
2020-09-29T17:54:05.107+0200: 33.409: [GC (Allocation Failure) [PSYoungGen: 614020K->22915K(638976K)] 639208K->48103K(2037248K), 0.0098153 secs] [Times: user=0.13 sys=0.00, real=0.01 secs] 
2020-09-29T17:54:05.167+0200: 33.468: [GC (Allocation Failure) [PSYoungGen: 604035K->14884K(639488K)] 629223K->40072K(2037760K), 0.0064549 secs] [Times: user=0.00 sys=0.00, real=0.01 secs] 
2020-09-29T17:54:05.224+0200: 33.526: [GC (Allocation Failure) [PSYoungGen: 597028K->36485K(640512K)] 622216K->61673K(2038784K), 0.0126143 secs] [Times: user=0.00 sys=0.00, real=0.01 secs] 
2020-09-29T17:54:05.291+0200: 33.593: [GC (Allocation Failure) [PSYoungGen: 618629K->44389K(637440K)] 643817K->69577K(2035712K), 0.0146588 secs] [Times: user=0.13 sys=0.00, real=0.01 secs] 
2020-09-29T17:54:05.356+0200: 33.658: [GC (Allocation Failure) [PSYoungGen: 624485K->34853K(639488K)] 649673K->60041K(2037760K), 0.0124563 secs] [Times: user=0.13 sys=0.00, real=0.01 secs] 
2020-09-29T17:54:05.419+0200: 33.720: [GC (Allocation Failure) [PSYoungGen: 614949K->40741K(640512K)] 640137K->65929K(2038784K), 0.0143266 secs] [Times: user=0.13 sys=0.00, real=0.01 secs] 
2020-09-29T17:54:05.483+0200: 33.785: [GC (Allocation Failure) [PSYoungGen: 623909K->21444K(641024K)] 649097K->46632K(2039296K), 0.0081595 secs] [Times: user=0.13 sys=0.00, real=0.01 secs] 
2020-09-29T17:54:05.544+0200: 33.846: [GC (Allocation Failure) [PSYoungGen: 604612K->15491K(640000K)] 629800K->40679K(2038272K), 0.0067699 secs] [Times: user=0.00 sys=0.00, real=0.01 secs] 
2020-09-29T17:54:05.602+0200: 33.904: [GC (Allocation Failure) [PSYoungGen: 597635K->34563K(640512K)] 622823K->59751K(2038784K), 0.0142756 secs] [Times: user=0.11 sys=0.00, real=0.01 secs] 
2020-09-29T17:54:05.667+0200: 33.969: [GC (Allocation Failure) [PSYoungGen: 616707K->28773K(644096K)] 641895K->53961K(2042368K), 0.0097663 secs] [Times: user=0.00 sys=0.00, real=0.01 secs] 
2020-09-29T17:54:05.727+0200: 34.029: [GC (Allocation Failure) [PSYoungGen: 616037K->27908K(642048K)] 641225K->53096K(2040320K), 0.0103477 secs] [Times: user=0.00 sys=0.00, real=0.01 secs] 
2020-09-29T17:54:05.789+0200: 34.091: [GC (Allocation Failure) [PSYoungGen: 615172K->40228K(643072K)] 640360K->65416K(2041344K), 0.0144182 secs] [Times: user=0.13 sys=0.00, real=0.01 secs] 
2020-09-29T17:54:05.854+0200: 34.156: [GC (Allocation Failure) [PSYoungGen: 630564K->42629K(633344K)] 655752K->67817K(2031616K), 0.0140135 secs] [Times: user=0.13 sys=0.00, real=0.01 secs] 
2020-09-29T17:54:05.919+0200: 34.221: [GC (Allocation Failure) [PSYoungGen: 632965K->44997K(637952K)] 658153K->70185K(2036224K), 0.0151782 secs] [Times: user=0.13 sys=0.00, real=0.02 secs] 
2020-09-29T17:54:05.986+0200: 34.288: [GC (Allocation Failure) [PSYoungGen: 627141K->37956K(640512K)] 652329K->63144K(2038784K), 0.0135545 secs] [Times: user=0.13 sys=0.00, real=0.01 secs] 
2020-09-29T17:54:06.049+0200: 34.351: [GC (Allocation Failure) [PSYoungGen: 620100K->29252K(643072K)] 645288K->54440K(2041344K), 0.0113922 secs] [Times: user=0.11 sys=0.00, real=0.01 secs] 
2020-09-29T17:54:06.115+0200: 34.416: [GC (Allocation Failure) [PSYoungGen: 614980K->40741K(641536K)] 640168K->65929K(2039808K), 0.0158797 secs] [Times: user=0.13 sys=0.00, real=0.02 secs] 
2020-09-29T17:54:06.183+0200: 34.485: [GC (Allocation Failure) [PSYoungGen: 626469K->24100K(643072K)] 651657K->49288K(2041344K), 0.0114349 secs] [Times: user=0.13 sys=0.00, real=0.01 secs] 
2020-09-29T17:54:06.247+0200: 34.549: [GC (Allocation Failure) [PSYoungGen: 610852K->36452K(642560K)] 636040K->61640K(2040832K), 0.0138385 secs] [Times: user=0.13 sys=0.00, real=0.01 secs] 
2020-09-29T17:54:06.311+0200: 34.613: [GC (Allocation Failure) [PSYoungGen: 623204K->21189K(644096K)] 648392K->46377K(2042368K), 0.0074985 secs] [Times: user=0.13 sys=0.00, real=0.01 secs] 
2020-09-29T17:54:06.369+0200: 34.671: [GC (Allocation Failure) [PSYoungGen: 610501K->21668K(644096K)] 635689K->46856K(2042368K), 0.0083866 secs] [Times: user=0.00 sys=0.00, real=0.01 secs] 
2020-09-29T17:54:06.429+0200: 34.731: [GC (Allocation Failure) [PSYoungGen: 610980K->50437K(634368K)] 636168K->75625K(2032640K), 0.0168400 secs] [Times: user=0.13 sys=0.00, real=0.02 secs] 
2020-09-29T17:54:06.496+0200: 34.798: [GC (Allocation Failure) [PSYoungGen: 630533K->25539K(639488K)] 655721K->50727K(2037760K), 0.0104192 secs] [Times: user=0.13 sys=0.00, real=0.01 secs] 
2020-09-29T17:54:06.556+0200: 34.858: [GC (Allocation Failure) [PSYoungGen: 605635K->31333K(643072K)] 630823K->56521K(2041344K), 0.0124357 secs] [Times: user=0.11 sys=0.00, real=0.01 secs] 
2020-09-29T17:54:06.621+0200: 34.923: [GC (Allocation Failure) [PSYoungGen: 616549K->42341K(641024K)] 641737K->67529K(2039296K), 0.0154582 secs] [Times: user=0.13 sys=0.00, real=0.01 secs] 
2020-09-29T17:54:06.686+0200: 34.988: [GC (Allocation Failure) [PSYoungGen: 627557K->39685K(642048K)] 652745K->64873K(2040320K), 0.0131406 secs] [Times: user=0.13 sys=0.00, real=0.01 secs] 
2020-09-29T17:54:06.750+0200: 35.052: [GC (Allocation Failure) [PSYoungGen: 624901K->22212K(642048K)] 650089K->47400K(2040320K), 0.0079961 secs] [Times: user=0.13 sys=0.00, real=0.01 secs] 
2020-09-29T17:54:06.808+0200: 35.110: [GC (Allocation Failure) [PSYoungGen: 607428K->31428K(644096K)] 632616K->56616K(2042368K), 0.0120490 secs] [Times: user=0.13 sys=0.00, real=0.01 secs] 
2020-09-29T17:54:06.870+0200: 35.172: [GC (Allocation Failure) [PSYoungGen: 618692K->30757K(642048K)] 643880K->55945K(2040320K), 0.0109468 secs] [Times: user=0.13 sys=0.00, real=0.01 secs] 
2020-09-29T17:54:06.931+0200: 35.233: [GC (Allocation Failure) [PSYoungGen: 618021K->43845K(642048K)] 643209K->69033K(2040320K), 0.0156259 secs] [Times: user=0.13 sys=0.00, real=0.02 secs] 
2020-09-29T17:54:06.998+0200: 35.300: [GC (Allocation Failure) [PSYoungGen: 633157K->31493K(644096K)] 658345K->56681K(2042368K), 0.0110567 secs] [Times: user=0.13 sys=0.00, real=0.01 secs] 
2020-09-29T17:54:07.059+0200: 35.361: [GC (Allocation Failure) [PSYoungGen: 620805K->30755K(647168K)] 645993K->55943K(2045440K), 0.0121096 secs] [Times: user=0.13 sys=0.00, real=0.01 secs] 
2020-09-29T17:54:07.123+0200: 35.425: [GC (Allocation Failure) [PSYoungGen: 624452K->20420K(645632K)] 649640K->45608K(2043904K), 0.0078827 secs] [Times: user=0.13 sys=0.00, real=0.01 secs] 
2020-09-29T17:54:07.186+0200: 35.488: [GC (Allocation Failure) [PSYoungGen: 614340K->25508K(647680K)] 639528K->50696K(2045952K), 0.0106059 secs] [Times: user=0.13 sys=0.00, real=0.01 secs] 
2020-09-29T17:54:07.249+0200: 35.551: [GC (Allocation Failure) [PSYoungGen: 620964K->32868K(646656K)] 646152K->58056K(2044928K), 0.0123885 secs] [Times: user=0.13 sys=0.00, real=0.01 secs] 
2020-09-29T17:54:07.313+0200: 35.615: [GC (Allocation Failure) [PSYoungGen: 628324K->26339K(650240K)] 653512K->51527K(2048512K), 0.0110995 secs] [Times: user=0.13 sys=0.00, real=0.01 secs] 
2020-09-29T17:54:07.375+0200: 35.677: [GC (Allocation Failure) [PSYoungGen: 626915K->38372K(649216K)] 652103K->63560K(2047488K), 0.0138502 secs] [Times: user=0.13 sys=0.00, real=0.01 secs] 
2020-09-29T17:54:07.441+0200: 35.743: [GC (Allocation Failure) [PSYoungGen: 638948K->37349K(648192K)] 664136K->62537K(2046464K), 0.0142852 secs] [Times: user=0.03 sys=0.00, real=0.02 secs] 
2020-09-29T17:54:07.509+0200: 35.811: [GC (Allocation Failure) [PSYoungGen: 635877K->47941K(646656K)] 661065K->73129K(2044928K), 0.0158706 secs] [Times: user=0.13 sys=0.00, real=0.01 secs] 
2020-09-29T17:54:07.577+0200: 35.879: [GC (Allocation Failure) [PSYoungGen: 646469K->28996K(644608K)] 671657K->54184K(2042880K), 0.0128518 secs] [Times: user=0.11 sys=0.00, real=0.01 secs] 
2020-09-29T17:54:07.642+0200: 35.944: [GC (Allocation Failure) [PSYoungGen: 621380K->16228K(608768K)] 646568K->41416K(2007040K), 0.0061420 secs] [Times: user=0.13 sys=0.00, real=0.01 secs] 
2020-09-29T17:54:07.698+0200: 36.000: [GC (Allocation Failure) [PSYoungGen: 608612K->34309K(646144K)] 633800K->59497K(2044416K), 0.0120971 secs] [Times: user=0.13 sys=0.00, real=0.01 secs] 
2020-09-29T17:54:07.761+0200: 36.063: [GC (Allocation Failure) [PSYoungGen: 626693K->36868K(645120K)] 651881K->62056K(2043392K), 0.0136176 secs] [Times: user=0.13 sys=0.00, real=0.01 secs] 
2020-09-29T17:54:07.826+0200: 36.128: [GC (Allocation Failure) [PSYoungGen: 629252K->40932K(644096K)] 654440K->66120K(2042368K), 0.0143655 secs] [Times: user=0.13 sys=0.00, real=0.02 secs] 
2020-09-29T17:54:07.891+0200: 36.193: [GC (Allocation Failure) [PSYoungGen: 632292K->44421K(635904K)] 657480K->69609K(2034176K), 0.0153590 secs] [Times: user=0.13 sys=0.00, real=0.02 secs] 
2020-09-29T17:54:07.957+0200: 36.259: [GC (Allocation Failure) [PSYoungGen: 635781K->33700K(645120K)] 660969K->58888K(2043392K), 0.0123534 secs] [Times: user=0.13 sys=0.00, real=0.01 secs] 
2020-09-29T17:54:08.020+0200: 36.322: [GC (Allocation Failure) [PSYoungGen: 623012K->34180K(643072K)] 648200K->59368K(2041344K), 0.0127921 secs] [Times: user=0.00 sys=0.00, real=0.01 secs] 
2020-09-29T17:54:08.084+0200: 36.386: [GC (Allocation Failure) [PSYoungGen: 623492K->35204K(648192K)] 648680K->60392K(2046464K), 0.0133149 secs] [Times: user=0.00 sys=0.00, real=0.01 secs] 
2020-09-29T17:54:08.148+0200: 36.450: [GC (Allocation Failure) [PSYoungGen: 631684K->43781K(640512K)] 656872K->68969K(2038784K), 0.0147829 secs] [Times: user=0.13 sys=0.00, real=0.02 secs] 
2020-09-29T17:54:08.214+0200: 36.516: [GC (Allocation Failure) [PSYoungGen: 640261K->38725K(646656K)] 665449K->63913K(2044928K), 0.0127132 secs] [Times: user=0.13 sys=0.00, real=0.01 secs] 
2020-09-29T17:54:08.277+0200: 36.579: [GC (Allocation Failure) [PSYoungGen: 633157K->29188K(646656K)] 658345K->54376K(2044928K), 0.0111040 secs] [Times: user=0.13 sys=0.00, real=0.01 secs] 
2020-09-29T17:54:08.339+0200: 36.641: [GC (Allocation Failure) [PSYoungGen: 623620K->35685K(648704K)] 648808K->60873K(2046976K), 0.0118060 secs] [Times: user=0.13 sys=0.00, real=0.01 secs] 
2020-09-29T17:54:08.402+0200: 36.704: [GC (Allocation Failure) [PSYoungGen: 632677K->30724K(647168K)] 657865K->55912K(2045440K), 0.0118636 secs] [Times: user=0.13 sys=0.00, real=0.01 secs] 
2020-09-29T17:54:08.465+0200: 36.767: [GC (Allocation Failure) [PSYoungGen: 627716K->24933K(648704K)] 652904K->50121K(2046976K), 0.0093565 secs] [Times: user=0.11 sys=0.00, real=0.01 secs] 
2020-09-29T17:54:08.526+0200: 36.828: [GC (Allocation Failure) [PSYoungGen: 624485K->36356K(649216K)] 649673K->61544K(2047488K), 0.0133409 secs] [Times: user=0.13 sys=0.00, real=0.01 secs] 
2020-09-29T17:54:08.592+0200: 36.894: [GC (Allocation Failure) [PSYoungGen: 635908K->32389K(651264K)] 661096K->57577K(2049536K), 0.0124306 secs] [Times: user=0.11 sys=0.00, real=0.01 secs] 
2020-09-29T17:54:08.659+0200: 36.961: [GC (Allocation Failure) [PSYoungGen: 634501K->31940K(649728K)] 659689K->57128K(2048000K), 0.0115881 secs] [Times: user=0.13 sys=0.00, real=0.01 secs] 
2020-09-29T17:54:08.722+0200: 37.024: [GC (Allocation Failure) [PSYoungGen: 634052K->32356K(653312K)] 659240K->57544K(2051584K), 0.0121728 secs] [Times: user=0.13 sys=0.00, real=0.01 secs] 
2020-09-29T17:54:08.787+0200: 37.089: [GC (Allocation Failure) [PSYoungGen: 639076K->35588K(652288K)] 664264K->60776K(2050560K), 0.0139729 secs] [Times: user=0.00 sys=0.00, real=0.01 secs] 
2020-09-29T17:54:08.854+0200: 37.156: [GC (Allocation Failure) [PSYoungGen: 642308K->26468K(652800K)] 667496K->51656K(2051072K), 0.0103372 secs] [Times: user=0.13 sys=0.00, real=0.01 secs] 
2020-09-29T17:54:08.916+0200: 37.218: [GC (Allocation Failure) [PSYoungGen: 634212K->45541K(653312K)] 659400K->71361K(2051584K), 0.0157164 secs] [Times: user=0.13 sys=0.00, real=0.02 secs] 
2020-09-29T17:54:08.984+0200: 37.286: [GC (Allocation Failure) [PSYoungGen: 653285K->23364K(645120K)] 679105K->49184K(2043392K), 0.0084625 secs] [Times: user=0.13 sys=0.00, real=0.01 secs] 
2020-09-29T17:54:09.043+0200: 37.345: [GC (Allocation Failure) [PSYoungGen: 622916K->34693K(649216K)] 648736K->60513K(2047488K), 0.0125470 secs] [Times: user=0.13 sys=0.00, real=0.01 secs] 
2020-09-29T17:54:09.108+0200: 37.410: [GC (Allocation Failure) [PSYoungGen: 634245K->15907K(647680K)] 660065K->41727K(2045952K), 0.0067066 secs] [Times: user=0.13 sys=0.00, real=0.01 secs] 
2020-09-29T17:54:09.166+0200: 37.468: [GC (Allocation Failure) [PSYoungGen: 615459K->41253K(641024K)] 641279K->67073K(2039296K), 0.0136327 secs] [Times: user=0.13 sys=0.00, real=0.01 secs] 
2020-09-29T17:54:09.231+0200: 37.533: [GC (Allocation Failure) [PSYoungGen: 640805K->39205K(646144K)] 666625K->65025K(2044416K), 0.0134067 secs] [Times: user=0.13 sys=0.00, real=0.01 secs] 
2020-09-29T17:54:09.295+0200: 37.597: [GC (Allocation Failure) [PSYoungGen: 633637K->31653K(646656K)] 659457K->57473K(2044928K), 0.0115688 secs] [Times: user=0.13 sys=0.00, real=0.01 secs] 
2020-09-29T17:54:09.358+0200: 37.660: [GC (Allocation Failure) [PSYoungGen: 626085K->38245K(648192K)] 651905K->64065K(2046464K), 0.0133617 secs] [Times: user=0.13 sys=0.00, real=0.01 secs] 
2020-09-29T17:54:09.423+0200: 37.725: [GC (Allocation Failure) [PSYoungGen: 635749K->32996K(648192K)] 661569K->58816K(2046464K), 0.0118366 secs] [Times: user=0.13 sys=0.00, real=0.01 secs] 
2020-09-29T17:54:09.486+0200: 37.788: [GC (Allocation Failure) [PSYoungGen: 630500K->49125K(636416K)] 656320K->81993K(2034688K), 0.0196146 secs] [Times: user=0.25 sys=0.00, real=0.02 secs] 
2020-09-29T17:54:09.557+0200: 37.859: [GC (Allocation Failure) [PSYoungGen: 636389K->28196K(643072K)] 669257K->61064K(2041344K), 0.0113297 secs] [Times: user=0.11 sys=0.00, real=0.01 secs] 
2020-09-29T17:54:09.621+0200: 37.923: [GC (Allocation Failure) [PSYoungGen: 615460K->41157K(642560K)] 648328K->74025K(2040832K), 0.0147441 secs] [Times: user=0.13 sys=0.00, real=0.01 secs] 
2020-09-29T17:54:09.686+0200: 37.988: [GC (Allocation Failure) [PSYoungGen: 628421K->12099K(599552K)] 661289K->44967K(1997824K), 0.0053064 secs] [Times: user=0.00 sys=0.00, real=0.00 secs] 
2020-09-29T17:54:09.745+0200: 38.047: [GC (Allocation Failure) [PSYoungGen: 599363K->23524K(642048K)] 632231K->56392K(2040320K), 0.0087870 secs] [Times: user=0.00 sys=0.00, real=0.01 secs] 
2020-09-29T17:54:09.804+0200: 38.106: [GC (Allocation Failure) [PSYoungGen: 607716K->32548K(641024K)] 640584K->65416K(2039296K), 0.0119739 secs] [Times: user=0.00 sys=0.00, real=0.01 secs] 
2020-09-29T17:54:09.866+0200: 38.168: [GC (Allocation Failure) [PSYoungGen: 616740K->54757K(631808K)] 649608K->88985K(2030080K), 0.0190698 secs] [Times: user=0.13 sys=0.00, real=0.02 secs] 
2020-09-29T17:54:09.934+0200: 38.236: [GC (Allocation Failure) [PSYoungGen: 631781K->16515K(593920K)] 666009K->50743K(1992192K), 0.0070612 secs] [Times: user=0.00 sys=0.00, real=0.01 secs] 
2020-09-29T17:54:09.990+0200: 38.293: [GC (Allocation Failure) [PSYoungGen: 593539K->32997K(640000K)] 627767K->67225K(2038272K), 0.0120181 secs] [Times: user=0.00 sys=0.00, real=0.01 secs] 
2020-09-29T17:54:10.052+0200: 38.354: [GC (Allocation Failure) [PSYoungGen: 611557K->8644K(637440K)] 645785K->42872K(2035712K), 0.0032172 secs] [Times: user=0.00 sys=0.00, real=0.00 secs] 
2020-09-29T17:54:10.105+0200: 38.407: [GC (Allocation Failure) [PSYoungGen: 587204K->22212K(640000K)] 621432K->56440K(2038272K), 0.0085577 secs] [Times: user=0.00 sys=0.00, real=0.01 secs] 
2020-09-29T17:54:10.164+0200: 38.466: [GC (Allocation Failure) [PSYoungGen: 601796K->40644K(638464K)] 636024K->74872K(2036736K), 0.0149059 secs] [Times: user=0.13 sys=0.00, real=0.01 secs] 
2020-09-29T17:54:10.229+0200: 38.531: [GC (Allocation Failure) [PSYoungGen: 620228K->31844K(641536K)] 654456K->66072K(2039808K), 0.0118536 secs] [Times: user=0.13 sys=0.00, real=0.01 secs] 
2020-09-29T17:54:10.291+0200: 38.593: [GC (Allocation Failure) [PSYoungGen: 613476K->38628K(638976K)] 647704K->72856K(2037248K), 0.0141204 secs] [Times: user=0.13 sys=0.00, real=0.01 secs] 
2020-09-29T17:54:10.355+0200: 38.658: [GC (Allocation Failure) [PSYoungGen: 620260K->45989K(635904K)] 654488K->80217K(2034176K), 0.0155504 secs] [Times: user=0.13 sys=0.00, real=0.02 secs] 
2020-09-29T17:54:10.421+0200: 38.723: [GC (Allocation Failure) [PSYoungGen: 624037K->36165K(638464K)] 658265K->70393K(2036736K), 0.0127820 secs] [Times: user=0.13 sys=0.00, real=0.01 secs] 
2020-09-29T17:54:10.484+0200: 38.786: [GC (Allocation Failure) [PSYoungGen: 614213K->39973K(640000K)] 648441K->74201K(2038272K), 0.0144083 secs] [Times: user=0.13 sys=0.00, real=0.01 secs] 
2020-09-29T17:54:10.549+0200: 38.851: [GC (Allocation Failure) [PSYoungGen: 621093K->32068K(640000K)] 655321K->66296K(2038272K), 0.0129720 secs] [Times: user=0.11 sys=0.00, real=0.01 secs] 
2020-09-29T17:54:10.614+0200: 38.916: [GC (Allocation Failure) [PSYoungGen: 613188K->25253K(643072K)] 647416K->59481K(2041344K), 0.0089475 secs] [Times: user=0.00 sys=0.00, real=0.01 secs] 
2020-09-29T17:54:10.674+0200: 38.976: [GC (Allocation Failure) [PSYoungGen: 611493K->36580K(642048K)] 645721K->70808K(2040320K), 0.0138471 secs] [Times: user=0.13 sys=0.00, real=0.01 secs] 
2020-09-29T17:54:10.738+0200: 39.040: [GC (Allocation Failure) [PSYoungGen: 622820K->48581K(636928K)] 657048K->82809K(2035200K), 0.0160599 secs] [Times: user=0.11 sys=0.02, real=0.02 secs] 
2020-09-29T17:54:10.804+0200: 39.106: [GC (Allocation Failure) [PSYoungGen: 630725K->42821K(625152K)] 664953K->77049K(2023424K), 0.0145042 secs] [Times: user=0.13 sys=0.00, real=0.01 secs] 
2020-09-29T17:54:10.868+0200: 39.170: [GC (Allocation Failure) [PSYoungGen: 624965K->35364K(642048K)] 659193K->69592K(2040320K), 0.0122981 secs] [Times: user=0.13 sys=0.00, real=0.01 secs] 
2020-09-29T17:54:10.930+0200: 39.233: [GC (Allocation Failure) [PSYoungGen: 618532K->30597K(640000K)] 652760K->64825K(2038272K), 0.0100427 secs] [Times: user=0.00 sys=0.00, real=0.01 secs] 
2020-09-29T17:54:10.991+0200: 39.293: [GC (Allocation Failure) [PSYoungGen: 613765K->39525K(643584K)] 647993K->73753K(2041856K), 0.0143986 secs] [Times: user=0.13 sys=0.00, real=0.01 secs] 
2020-09-29T17:54:11.055+0200: 39.357: [GC (Allocation Failure) [PSYoungGen: 627301K->25669K(643072K)] 661529K->59897K(2041344K), 0.0084086 secs] [Times: user=0.00 sys=0.00, real=0.01 secs] 
2020-09-29T17:54:11.115+0200: 39.417: [GC (Allocation Failure) [PSYoungGen: 613445K->39301K(644096K)] 647673K->73529K(2042368K), 0.0131524 secs] [Times: user=0.00 sys=0.00, real=0.01 secs] 
2020-09-29T17:54:11.179+0200: 39.482: [GC (Allocation Failure) [PSYoungGen: 628613K->40677K(644096K)] 662841K->74905K(2042368K), 0.0132575 secs] [Times: user=0.13 sys=0.00, real=0.01 secs] 
2020-09-29T17:54:11.243+0200: 39.545: [GC (Allocation Failure) [PSYoungGen: 629989K->40965K(644096K)] 664217K->75193K(2042368K), 0.0143605 secs] [Times: user=0.13 sys=0.00, real=0.01 secs] 
2020-09-29T17:54:11.308+0200: 39.610: [GC (Allocation Failure) [PSYoungGen: 630277K->26821K(644096K)] 664505K->61049K(2042368K), 0.0096606 secs] [Times: user=0.13 sys=0.00, real=0.01 secs] 
2020-09-29T17:54:11.368+0200: 39.670: [GC (Allocation Failure) [PSYoungGen: 616133K->25508K(644608K)] 650361K->59736K(2042880K), 0.0096168 secs] [Times: user=0.00 sys=0.00, real=0.01 secs] 
2020-09-29T17:54:11.428+0200: 39.730: [GC (Allocation Failure) [PSYoungGen: 615332K->24228K(644096K)] 649560K->58456K(2042368K), 0.0090532 secs] [Times: user=0.00 sys=0.00, real=0.01 secs] 
2020-09-29T17:54:11.488+0200: 39.790: [GC (Allocation Failure) [PSYoungGen: 614052K->39813K(644608K)] 648280K->74041K(2042880K), 0.0135251 secs] [Times: user=0.13 sys=0.00, real=0.01 secs] 
2020-09-29T17:54:11.554+0200: 39.856: [GC (Allocation Failure) [PSYoungGen: 630149K->41540K(632320K)] 664377K->75768K(2030592K), 0.0162871 secs] [Times: user=0.13 sys=0.00, real=0.02 secs] 
2020-09-29T17:54:11.625+0200: 39.928: [GC (Allocation Failure) [PSYoungGen: 631876K->44005K(640512K)] 666104K->78233K(2038784K), 0.0191194 secs] [Times: user=0.11 sys=0.00, real=0.02 secs] 
2020-09-29T17:54:11.699+0200: 40.001: [GC (Allocation Failure) [PSYoungGen: 629221K->41317K(642048K)] 663449K->75545K(2040320K), 0.0167864 secs] [Times: user=0.13 sys=0.00, real=0.02 secs] 
2020-09-29T17:54:11.767+0200: 40.070: [GC (Allocation Failure) [PSYoungGen: 626533K->21508K(641024K)] 660761K->55736K(2039296K), 0.0079687 secs] [Times: user=0.13 sys=0.00, real=0.01 secs] 
2020-09-29T17:54:11.825+0200: 40.127: [GC (Allocation Failure) [PSYoungGen: 605700K->31301K(641536K)] 639928K->65529K(2039808K), 0.0103402 secs] [Times: user=0.13 sys=0.00, real=0.01 secs] 
2020-09-29T17:54:11.885+0200: 40.188: [GC (Allocation Failure) [PSYoungGen: 615493K->25796K(644096K)] 649721K->60024K(2042368K), 0.0098284 secs] [Times: user=0.13 sys=0.00, real=0.01 secs] 
2020-09-29T17:54:11.946+0200: 40.248: [GC (Allocation Failure) [PSYoungGen: 614596K->26180K(643584K)] 648824K->60408K(2041856K), 0.0092334 secs] [Times: user=0.00 sys=0.00, real=0.01 secs] 
2020-09-29T17:54:12.006+0200: 40.308: [GC (Allocation Failure) [PSYoungGen: 614980K->40709K(643584K)] 649208K->74937K(2041856K), 0.0133516 secs] [Times: user=0.00 sys=0.00, real=0.02 secs] 
2020-09-29T17:54:12.079+0200: 40.381: [GC (Allocation Failure) [PSYoungGen: 630021K->27971K(644096K)] 664249K->62199K(2042368K), 0.0110372 secs] [Times: user=0.13 sys=0.00, real=0.01 secs] 
2020-09-29T17:54:12.142+0200: 40.443: [GC (Allocation Failure) [PSYoungGen: 617283K->43045K(642048K)] 651511K->77273K(2040320K), 0.0146304 secs] [Times: user=0.13 sys=0.00, real=0.01 secs] 
2020-09-29T17:54:12.218+0200: 40.520: [GC (Allocation Failure) [PSYoungGen: 631333K->13315K(602112K)] 665561K->47543K(2000384K), 0.0056830 secs] [Times: user=0.00 sys=0.00, real=0.01 secs] 
2020-09-29T17:54:12.273+0200: 40.575: [GC (Allocation Failure) [PSYoungGen: 601603K->25893K(643584K)] 635831K->60121K(2041856K), 0.0095564 secs] [Times: user=0.00 sys=0.00, real=0.01 secs] 
2020-09-29T17:54:12.333+0200: 40.635: [GC (Allocation Failure) [PSYoungGen: 612645K->24291K(642048K)] 646873K->58519K(2040320K), 0.0101125 secs] [Times: user=0.00 sys=0.00, real=0.01 secs] 
2020-09-29T17:54:12.394+0200: 40.695: [GC (Allocation Failure) [PSYoungGen: 611043K->21156K(645632K)] 645271K->55384K(2043904K), 0.0089749 secs] [Times: user=0.13 sys=0.00, real=0.01 secs] 
2020-09-29T17:54:12.453+0200: 40.755: [GC (Allocation Failure) [PSYoungGen: 612516K->37861K(644608K)] 646744K->72089K(2042880K), 0.0133414 secs] [Times: user=0.13 sys=0.00, real=0.01 secs] 
2020-09-29T17:54:12.517+0200: 40.819: [GC (Allocation Failure) [PSYoungGen: 629221K->27428K(646656K)] 663449K->61656K(2044928K), 0.0098417 secs] [Times: user=0.13 sys=0.00, real=0.01 secs] 
2020-09-29T17:54:12.579+0200: 40.881: [GC (Allocation Failure) [PSYoungGen: 619812K->18084K(644608K)] 654040K->52312K(2042880K), 0.0068087 secs] [Times: user=0.11 sys=0.00, real=0.01 secs] 
2020-09-29T17:54:12.639+0200: 40.941: [GC (Allocation Failure) [PSYoungGen: 610468K->36261K(645632K)] 644696K->70489K(2043904K), 0.0141458 secs] [Times: user=0.13 sys=0.00, real=0.01 secs] 
2020-09-29T17:54:12.705+0200: 41.007: [GC (Allocation Failure) [PSYoungGen: 629669K->25060K(646144K)] 663897K->59288K(2044416K), 0.0100068 secs] [Times: user=0.13 sys=0.00, real=0.01 secs] 
2020-09-29T17:54:12.766+0200: 41.068: [GC (Allocation Failure) [PSYoungGen: 618468K->29124K(649728K)] 652696K->63352K(2048000K), 0.0109934 secs] [Times: user=0.13 sys=0.00, real=0.01 secs] 
2020-09-29T17:54:12.828+0200: 41.130: [GC (Allocation Failure) [PSYoungGen: 627652K->39749K(647680K)] 661880K->73977K(2045952K), 0.0136116 secs] [Times: user=0.13 sys=0.00, real=0.01 secs] 
2020-09-29T17:54:12.893+0200: 41.195: [GC (Allocation Failure) [PSYoungGen: 638277K->35523K(648192K)] 672505K->69751K(2046464K), 0.0135029 secs] [Times: user=0.13 sys=0.00, real=0.01 secs] 
2020-09-29T17:54:12.957+0200: 41.259: [GC (Allocation Failure) [PSYoungGen: 633027K->45189K(643072K)] 667255K->79417K(2041344K), 0.0145311 secs] [Times: user=0.13 sys=0.00, real=0.01 secs] 
2020-09-29T17:54:13.023+0200: 41.325: [GC (Allocation Failure) [PSYoungGen: 642693K->41061K(642560K)] 676921K->75289K(2040832K), 0.0133692 secs] [Times: user=0.13 sys=0.00, real=0.01 secs] 
2020-09-29T17:54:13.087+0200: 41.389: [GC (Allocation Failure) [PSYoungGen: 629349K->40004K(628736K)] 663577K->74232K(2027008K), 0.0141145 secs] [Times: user=0.13 sys=0.00, real=0.01 secs] 
2020-09-29T17:54:13.151+0200: 41.453: [GC (Allocation Failure) [PSYoungGen: 628292K->54021K(632832K)] 662520K->88249K(2031104K), 0.0174405 secs] [Times: user=0.13 sys=0.00, real=0.02 secs] 
2020-09-29T17:54:13.218+0200: 41.520: [GC (Allocation Failure) [PSYoungGen: 631045K->29445K(637952K)] 665273K->63673K(2036224K), 0.0109086 secs] [Times: user=0.13 sys=0.00, real=0.01 secs] 
2020-09-29T17:54:13.278+0200: 41.580: [GC (Allocation Failure) [PSYoungGen: 606469K->31012K(641024K)] 640697K->65240K(2039296K), 0.0109486 secs] [Times: user=0.13 sys=0.00, real=0.01 secs] 
2020-09-29T17:54:13.339+0200: 41.641: [GC (Allocation Failure) [PSYoungGen: 612644K->22978K(639488K)] 646872K->57206K(2037760K), 0.0098290 secs] [Times: user=0.13 sys=0.00, real=0.01 secs] 
2020-09-29T17:54:13.399+0200: 41.701: [GC (Allocation Failure) [PSYoungGen: 604610K->29732K(643072K)] 638838K->63960K(2041344K), 0.0103275 secs] [Times: user=0.00 sys=0.00, real=0.01 secs] 
2020-09-29T17:54:13.459+0200: 41.761: [GC (Allocation Failure) [PSYoungGen: 615460K->27525K(641536K)] 649688K->61753K(2039808K), 0.0089298 secs] [Times: user=0.00 sys=0.00, real=0.01 secs] 
2020-09-29T17:54:13.519+0200: 41.821: [GC (Allocation Failure) [PSYoungGen: 613253K->38756K(644096K)] 647481K->72984K(2042368K), 0.0143771 secs] [Times: user=0.13 sys=0.00, real=0.01 secs] 
2020-09-29T17:54:13.585+0200: 41.887: [GC (Allocation Failure) [PSYoungGen: 628068K->39524K(644096K)] 662296K->73752K(2042368K), 0.0148530 secs] [Times: user=0.11 sys=0.00, real=0.01 secs] 
2020-09-29T17:54:13.652+0200: 41.954: [GC (Allocation Failure) [PSYoungGen: 628836K->37796K(644608K)] 663064K->72024K(2042880K), 0.0136088 secs] [Times: user=0.13 sys=0.00, real=0.01 secs] 
2020-09-29T17:54:13.717+0200: 42.019: [GC (Allocation Failure) [PSYoungGen: 627620K->39781K(644096K)] 661848K->74009K(2042368K), 0.0137858 secs] [Times: user=0.13 sys=0.00, real=0.01 secs] 
2020-09-29T17:54:13.781+0200: 42.083: [GC (Allocation Failure) [PSYoungGen: 629605K->26340K(645120K)] 663833K->60568K(2043392K), 0.0095531 secs] [Times: user=0.13 sys=0.00, real=0.01 secs] 
2020-09-29T17:54:13.841+0200: 42.143: [GC (Allocation Failure) [PSYoungGen: 617188K->28133K(644608K)] 651416K->62361K(2042880K), 0.0097861 secs] [Times: user=0.13 sys=0.00, real=0.01 secs] 
2020-09-29T17:54:13.903+0200: 42.205: [GC (Allocation Failure) [PSYoungGen: 618981K->44741K(641024K)] 653209K->78969K(2039296K), 0.0153584 secs] [Times: user=0.13 sys=0.00, real=0.02 secs] 
2020-09-29T17:54:13.969+0200: 42.271: [GC (Allocation Failure) [PSYoungGen: 633029K->30373K(643584K)] 667257K->64601K(2041856K), 0.0103200 secs] [Times: user=0.13 sys=0.00, real=0.01 secs] 
2020-09-29T17:54:14.032+0200: 42.334: [GC (Allocation Failure) [PSYoungGen: 618661K->44421K(641024K)] 652889K->78649K(2039296K), 0.0152988 secs] [Times: user=0.13 sys=0.00, real=0.01 secs] 
2020-09-29T17:54:14.098+0200: 42.400: [GC (Allocation Failure) [PSYoungGen: 631685K->29476K(643072K)] 665913K->63704K(2041344K), 0.0109490 secs] [Times: user=0.13 sys=0.00, real=0.01 secs] 
2020-09-29T17:54:14.159+0200: 42.461: [GC (Allocation Failure) [PSYoungGen: 616740K->42533K(642048K)] 650968K->76761K(2040320K), 0.0148244 secs] [Times: user=0.13 sys=0.00, real=0.02 secs] 
2020-09-29T17:54:14.224+0200: 42.526: [GC (Allocation Failure) [PSYoungGen: 629797K->26885K(643072K)] 664025K->61113K(2041344K), 0.0096072 secs] [Times: user=0.00 sys=0.00, real=0.01 secs] 
2020-09-29T17:54:14.285+0200: 42.587: [GC (Allocation Failure) [PSYoungGen: 614149K->39877K(644096K)] 648377K->74105K(2042368K), 0.0172995 secs] [Times: user=0.22 sys=0.00, real=0.02 secs] 
2020-09-29T17:54:14.353+0200: 42.655: [GC (Allocation Failure) [PSYoungGen: 629189K->41349K(630784K)] 663417K->75577K(2029056K), 0.0143371 secs] [Times: user=0.13 sys=0.00, real=0.02 secs] 
2020-09-29T17:54:14.419+0200: 42.721: [GC (Allocation Failure) [PSYoungGen: 630661K->42565K(642560K)] 664889K->76793K(2040832K), 0.0151283 secs] [Times: user=0.13 sys=0.00, real=0.02 secs] 
2020-09-29T17:54:14.484+0200: 42.786: [GC (Allocation Failure) [PSYoungGen: 629829K->41893K(643072K)] 664057K->76121K(2041344K), 0.0151392 secs] [Times: user=0.13 sys=0.00, real=0.02 secs] 
2020-09-29T17:54:14.549+0200: 42.851: [GC (Allocation Failure) [PSYoungGen: 629157K->41221K(643072K)] 663385K->75449K(2041344K), 0.0145921 secs] [Times: user=0.13 sys=0.00, real=0.01 secs] 
2020-09-29T17:54:14.616+0200: 42.918: [GC (Allocation Failure) [PSYoungGen: 628485K->39588K(643072K)] 662713K->73816K(2041344K), 0.0152146 secs] [Times: user=0.13 sys=0.00, real=0.02 secs] 
2020-09-29T17:54:14.683+0200: 42.985: [GC (Allocation Failure) [PSYoungGen: 626852K->38917K(645120K)] 661080K->73145K(2043392K), 0.0134382 secs] [Times: user=0.13 sys=0.00, real=0.01 secs] 
2020-09-29T17:54:14.748+0200: 43.050: [GC (Allocation Failure) [PSYoungGen: 629253K->25763K(644096K)] 663481K->59991K(2042368K), 0.0101820 secs] [Times: user=0.13 sys=0.00, real=0.02 secs] 
2020-09-29T17:54:14.815+0200: 43.118: [GC (Allocation Failure) [PSYoungGen: 616099K->41829K(644608K)] 650327K->76057K(2042880K), 0.0146370 secs] [Times: user=0.13 sys=0.00, real=0.01 secs] 
2020-09-29T17:54:14.881+0200: 43.184: [GC (Allocation Failure) [PSYoungGen: 632165K->30597K(644608K)] 666393K->64825K(2042880K), 0.0109921 secs] [Times: user=0.00 sys=0.00, real=0.01 secs] 
2020-09-29T17:54:14.944+0200: 43.246: [GC (Allocation Failure) [PSYoungGen: 620933K->32997K(646144K)] 655161K->67225K(2044416K), 0.0120397 secs] [Times: user=0.00 sys=0.00, real=0.01 secs] 
2020-09-29T17:54:15.007+0200: 43.309: [GC (Allocation Failure) [PSYoungGen: 625381K->37253K(645120K)] 659609K->71481K(2043392K), 0.0129567 secs] [Times: user=0.13 sys=0.00, real=0.01 secs] 
2020-09-29T17:54:15.071+0200: 43.373: [GC (Allocation Failure) [PSYoungGen: 629637K->28037K(647680K)] 663865K->62265K(2045952K), 0.0095076 secs] [Times: user=0.00 sys=0.00, real=0.01 secs] 
2020-09-29T17:54:15.132+0200: 43.435: [GC (Allocation Failure) [PSYoungGen: 624517K->36581K(647680K)] 658745K->70809K(2045952K), 0.0141895 secs] [Times: user=0.13 sys=0.00, real=0.01 secs] 
2020-09-29T17:54:15.198+0200: 43.501: [GC (Allocation Failure) [PSYoungGen: 633061K->45093K(644608K)] 667289K->79321K(2042880K), 0.0148329 secs] [Times: user=0.13 sys=0.00, real=0.02 secs] 
2020-09-29T17:54:15.264+0200: 43.567: [GC (Allocation Failure) [PSYoungGen: 639525K->36036K(646656K)] 673753K->70264K(2044928K), 0.0129837 secs] [Times: user=0.13 sys=0.00, real=0.01 secs] 
2020-09-29T17:54:15.328+0200: 43.630: [GC (Allocation Failure) [PSYoungGen: 630468K->40676K(647168K)] 664696K->74904K(2045440K), 0.0148853 secs] [Times: user=0.13 sys=0.00, real=0.01 secs] 
2020-09-29T17:54:15.394+0200: 43.697: [GC (Allocation Failure) [PSYoungGen: 637156K->20644K(617472K)] 671384K->54872K(2015744K), 0.0080796 secs] [Times: user=0.08 sys=0.00, real=0.01 secs] 
2020-09-29T17:54:15.453+0200: 43.756: [GC (Allocation Failure) [PSYoungGen: 617124K->27683K(647168K)] 651352K->61911K(2045440K), 0.0107081 secs] [Times: user=0.13 sys=0.00, real=0.01 secs] 
2020-09-29T17:54:15.516+0200: 43.818: [GC (Allocation Failure) [PSYoungGen: 622627K->34757K(646656K)] 656855K->68985K(2044928K), 0.0124681 secs] [Times: user=0.13 sys=0.00, real=0.01 secs] 
2020-09-29T17:54:15.581+0200: 43.883: [GC (Allocation Failure) [PSYoungGen: 629701K->50149K(636416K)] 663929K->89665K(2034688K), 0.0213209 secs] [Times: user=0.22 sys=0.00, real=0.02 secs] 
2020-09-29T17:54:15.654+0200: 43.957: [GC (Allocation Failure) [PSYoungGen: 636389K->40133K(642560K)] 675905K->79649K(2040832K), 0.0148891 secs] [Times: user=0.13 sys=0.00, real=0.01 secs] 
2020-09-29T17:54:15.719+0200: 44.022: [GC (Allocation Failure) [PSYoungGen: 626373K->52101K(635904K)] 665889K->91617K(2034176K), 0.0175469 secs] [Times: user=0.13 sys=0.00, real=0.02 secs] 
2020-09-29T17:54:15.787+0200: 44.090: [GC (Allocation Failure) [PSYoungGen: 632197K->44293K(624640K)] 671713K->83809K(2022912K), 0.0149653 secs] [Times: user=0.13 sys=0.00, real=0.02 secs] 
2020-09-29T17:54:15.852+0200: 44.154: [GC (Allocation Failure) [PSYoungGen: 624389K->50181K(634880K)] 663905K->89697K(2033152K), 0.0170994 secs] [Times: user=0.13 sys=0.00, real=0.02 secs] 
2020-09-29T17:54:15.918+0200: 44.221: [GC (Allocation Failure) [PSYoungGen: 625157K->37189K(636928K)] 664673K->76705K(2035200K), 0.0127578 secs] [Times: user=0.13 sys=0.00, real=0.01 secs] 
2020-09-29T17:54:15.981+0200: 44.283: [GC (Allocation Failure) [PSYoungGen: 612165K->51589K(633856K)] 651681K->91105K(2032128K), 0.0177824 secs] [Times: user=0.13 sys=0.00, real=0.02 secs] 
2020-09-29T17:54:16.048+0200: 44.351: [GC (Allocation Failure) [PSYoungGen: 625541K->36612K(636416K)] 665057K->76128K(2034688K), 0.0133931 secs] [Times: user=0.11 sys=0.00, real=0.01 secs] 
2020-09-29T17:54:16.111+0200: 44.414: [GC (Allocation Failure) [PSYoungGen: 610564K->21378K(634880K)] 650080K->60894K(2033152K), 0.0095498 secs] [Times: user=0.13 sys=0.00, real=0.01 secs] 
2020-09-29T17:54:16.170+0200: 44.473: [GC (Allocation Failure) [PSYoungGen: 595330K->33636K(636416K)] 634846K->73152K(2034688K), 0.0123682 secs] [Times: user=0.13 sys=0.00, real=0.01 secs] 
2020-09-29T17:54:16.232+0200: 44.535: [GC (Allocation Failure) [PSYoungGen: 607588K->33317K(639488K)] 647104K->72833K(2037760K), 0.0112946 secs] [Times: user=0.13 sys=0.00, real=0.01 secs] 
2020-09-29T17:54:16.292+0200: 44.595: [GC (Allocation Failure) [PSYoungGen: 611877K->20741K(637952K)] 651393K->60257K(2036224K), 0.0071742 secs] [Times: user=0.00 sys=0.00, real=0.01 secs] 
2020-09-29T17:54:16.349+0200: 44.651: [GC (Allocation Failure) [PSYoungGen: 599301K->24356K(638976K)] 638817K->63872K(2037248K), 0.0096218 secs] [Times: user=0.00 sys=0.00, real=0.01 secs] 
2020-09-29T17:54:16.407+0200: 44.710: [GC (Allocation Failure) [PSYoungGen: 603428K->10564K(589824K)] 642944K->50080K(1988096K), 0.0040734 secs] [Times: user=0.13 sys=0.00, real=0.00 secs] 
2020-09-29T17:54:16.461+0200: 44.763: [GC (Allocation Failure) [PSYoungGen: 589636K->42789K(635392K)] 629152K->82305K(2033664K), 0.0149363 secs] [Times: user=0.13 sys=0.00, real=0.02 secs] 
2020-09-29T17:54:16.525+0200: 44.828: [GC (Allocation Failure) [PSYoungGen: 616741K->27460K(636416K)] 656257K->66976K(2034688K), 0.0112097 secs] [Times: user=0.13 sys=0.00, real=0.01 secs] 
2020-09-29T17:54:16.587+0200: 44.889: [GC (Allocation Failure) [PSYoungGen: 601412K->40837K(637440K)] 640928K->80353K(2035712K), 0.0153338 secs] [Times: user=0.11 sys=0.00, real=0.02 secs] 
2020-09-29T17:54:16.653+0200: 44.956: [GC (Allocation Failure) [PSYoungGen: 617861K->43460K(620544K)] 657377K->82976K(2018816K), 0.0169182 secs] [Times: user=0.13 sys=0.00, real=0.02 secs] 
2020-09-29T17:54:16.719+0200: 45.022: [GC (Allocation Failure) [PSYoungGen: 620484K->31684K(639488K)] 660000K->71200K(2037760K), 0.0116400 secs] [Times: user=0.13 sys=0.00, real=0.01 secs] 
2020-09-29T17:54:16.781+0200: 45.083: [GC (Allocation Failure) [PSYoungGen: 609732K->33540K(637440K)] 649248K->73056K(2035712K), 0.0139798 secs] [Times: user=0.11 sys=0.00, real=0.01 secs] 
2020-09-29T17:54:16.844+0200: 45.147: [GC (Allocation Failure) [PSYoungGen: 611588K->23653K(642048K)] 651104K->63169K(2040320K), 0.0081688 secs] [Times: user=0.13 sys=0.00, real=0.01 secs] 
2020-09-29T17:54:16.906+0200: 45.208: [GC (Allocation Failure) [PSYoungGen: 608357K->34117K(641536K)] 647873K->73633K(2039808K), 0.0117657 secs] [Times: user=0.13 sys=0.00, real=0.01 secs] 
2020-09-29T17:54:16.968+0200: 45.270: [GC (Allocation Failure) [PSYoungGen: 618821K->44613K(640000K)] 658337K->84129K(2038272K), 0.0142331 secs] [Times: user=0.13 sys=0.00, real=0.01 secs] 
2020-09-29T17:54:17.032+0200: 45.335: [GC (Allocation Failure) [PSYoungGen: 629829K->41893K(627200K)] 669345K->81409K(2025472K), 0.0140126 secs] [Times: user=0.13 sys=0.00, real=0.01 secs] 
2020-09-29T17:54:17.097+0200: 45.399: [GC (Allocation Failure) [PSYoungGen: 627109K->38276K(642560K)] 666625K->77792K(2040832K), 0.0136483 secs] [Times: user=0.13 sys=0.00, real=0.01 secs] 
2020-09-29T17:54:17.161+0200: 45.463: [GC (Allocation Failure) [PSYoungGen: 623492K->34788K(641536K)] 663008K->74304K(2039808K), 0.0131489 secs] [Times: user=0.00 sys=0.00, real=0.01 secs] 
2020-09-29T17:54:17.224+0200: 45.526: [GC (Allocation Failure) [PSYoungGen: 620004K->16901K(641536K)] 659520K->56417K(2039808K), 0.0057018 secs] [Times: user=0.00 sys=0.00, real=0.01 secs] 
2020-09-29T17:54:17.279+0200: 45.582: [GC (Allocation Failure) [PSYoungGen: 604165K->27875K(643072K)] 643681K->67391K(2041344K), 0.0112850 secs] [Times: user=0.13 sys=0.00, real=0.01 secs] 
2020-09-29T17:54:17.341+0200: 45.644: [GC (Allocation Failure) [PSYoungGen: 615139K->36899K(645120K)] 654655K->76415K(2043392K), 0.0140438 secs] [Times: user=0.13 sys=0.00, real=0.01 secs] 
2020-09-29T17:54:17.406+0200: 45.709: [GC (Allocation Failure) [PSYoungGen: 627747K->39813K(644608K)] 667263K->79329K(2042880K), 0.0138074 secs] [Times: user=0.13 sys=0.00, real=0.01 secs] 
2020-09-29T17:54:17.471+0200: 45.773: [GC (Allocation Failure) [PSYoungGen: 630661K->27811K(645632K)] 670177K->67327K(2043904K), 0.0113992 secs] [Times: user=0.13 sys=0.00, real=0.01 secs] 
2020-09-29T17:54:17.533+0200: 45.835: [GC (Allocation Failure) [PSYoungGen: 619171K->44965K(636416K)] 658687K->84481K(2034688K), 0.0157541 secs] [Times: user=0.13 sys=0.00, real=0.02 secs] 
2020-09-29T17:54:17.603+0200: 45.906: [GC (Allocation Failure) [PSYoungGen: 636325K->34308K(645632K)] 675841K->73824K(2043904K), 0.0183707 secs] [Times: user=0.09 sys=0.00, real=0.02 secs] 
2020-09-29T17:54:17.677+0200: 45.979: [GC (Allocation Failure) [PSYoungGen: 624644K->33956K(643584K)] 664160K->73472K(2041856K), 0.0165576 secs] [Times: user=0.13 sys=0.00, real=0.02 secs] 
2020-09-29T17:54:17.747+0200: 46.049: [GC (Allocation Failure) [PSYoungGen: 624292K->35268K(648704K)] 663808K->74784K(2046976K), 0.0163958 secs] [Times: user=0.13 sys=0.00, real=0.02 secs] 
2020-09-29T17:54:17.815+0200: 46.117: [GC (Allocation Failure) [PSYoungGen: 632260K->44357K(641536K)] 671776K->83873K(2039808K), 0.0208248 secs] [Times: user=0.23 sys=0.00, real=0.02 secs] 
2020-09-29T17:54:17.887+0200: 46.189: [GC (Allocation Failure) [PSYoungGen: 641349K->39685K(646656K)] 680865K->79201K(2044928K), 0.0180777 secs] [Times: user=0.13 sys=0.00, real=0.02 secs] 
2020-09-29T17:54:17.955+0200: 46.258: [GC (Allocation Failure) [PSYoungGen: 634117K->17701K(612352K)] 673633K->57217K(2010624K), 0.0069373 secs] [Times: user=0.13 sys=0.00, real=0.01 secs] 
2020-09-29T17:54:18.013+0200: 46.316: [GC (Allocation Failure) [PSYoungGen: 612133K->37925K(645632K)] 651649K->77441K(2043904K), 0.0170404 secs] [Times: user=0.13 sys=0.00, real=0.02 secs] 
2020-09-29T17:54:18.082+0200: 46.384: [GC (Allocation Failure) [PSYoungGen: 629797K->27780K(645120K)] 669313K->67296K(2043392K), 0.0127437 secs] [Times: user=0.00 sys=0.00, real=0.01 secs] 
2020-09-29T17:54:18.145+0200: 46.447: [GC (Allocation Failure) [PSYoungGen: 619652K->45445K(642048K)] 659168K->84961K(2040320K), 0.0195020 secs] [Times: user=0.13 sys=0.00, real=0.02 secs] 
2020-09-29T17:54:18.216+0200: 46.519: [GC (Allocation Failure) [PSYoungGen: 634757K->46821K(636416K)] 674273K->86337K(2034688K), 0.0193687 secs] [Times: user=0.13 sys=0.00, real=0.02 secs] 
2020-09-29T17:54:18.285+0200: 46.588: [GC (Allocation Failure) [PSYoungGen: 636133K->46724K(637440K)] 675649K->86240K(2035712K), 0.0206473 secs] [Times: user=0.13 sys=0.00, real=0.02 secs] 
2020-09-29T17:54:18.355+0200: 46.657: [GC (Allocation Failure) [PSYoungGen: 626820K->38692K(639488K)] 666336K->78208K(2037760K), 0.0178553 secs] [Times: user=0.13 sys=0.00, real=0.02 secs] 
2020-09-29T17:54:18.422+0200: 46.725: [GC (Allocation Failure) [PSYoungGen: 618788K->44581K(639488K)] 658304K->84097K(2037760K), 0.0191273 secs] [Times: user=0.13 sys=0.00, real=0.02 secs] 
2020-09-29T17:54:18.492+0200: 46.795: [GC (Allocation Failure) [PSYoungGen: 626725K->38757K(640512K)] 666241K->78273K(2038784K), 0.0175979 secs] [Times: user=0.13 sys=0.00, real=0.02 secs] 
2020-09-29T17:54:18.560+0200: 46.862: [GC (Allocation Failure) [PSYoungGen: 620901K->32965K(643072K)] 660417K->72481K(2041344K), 0.0151168 secs] [Times: user=0.13 sys=0.00, real=0.02 secs] 
2020-09-29T17:54:18.627+0200: 46.929: [GC (Allocation Failure) [PSYoungGen: 619717K->31620K(642560K)] 659233K->71136K(2040832K), 0.0154256 secs] [Times: user=0.11 sys=0.00, real=0.01 secs] 
2020-09-29T17:54:18.693+0200: 46.996: [GC (Allocation Failure) [PSYoungGen: 618372K->14340K(640000K)] 657888K->53856K(2038272K), 0.0064234 secs] [Times: user=0.00 sys=0.00, real=0.01 secs] 
2020-09-29T17:54:18.749+0200: 47.052: [GC (Allocation Failure) [PSYoungGen: 599556K->38661K(642048K)] 639072K->78177K(2040320K), 0.0168182 secs] [Times: user=0.13 sys=0.00, real=0.02 secs] 
2020-09-29T17:54:18.817+0200: 47.119: [GC (Allocation Failure) [PSYoungGen: 623877K->49637K(636416K)] 663393K->89153K(2034688K), 0.0216021 secs] [Times: user=0.13 sys=0.00, real=0.02 secs] 
2020-09-29T17:54:18.889+0200: 47.191: [GC (Allocation Failure) [PSYoungGen: 629733K->41893K(639488K)] 669249K->81409K(2037760K), 0.0175794 secs] [Times: user=0.13 sys=0.00, real=0.02 secs] 
2020-09-29T17:54:18.955+0200: 47.258: [GC (Allocation Failure) [PSYoungGen: 621989K->28868K(640512K)] 661505K->68384K(2038784K), 0.0141216 secs] [Times: user=0.13 sys=0.00, real=0.01 secs] 
2020-09-29T17:54:19.019+0200: 47.322: [GC (Allocation Failure) [PSYoungGen: 609988K->49413K(630784K)] 649504K->88929K(2029056K), 0.0212393 secs] [Times: user=0.25 sys=0.00, real=0.02 secs] 
2020-09-29T17:54:19.094+0200: 47.397: [GC (Allocation Failure) [PSYoungGen: 630533K->42629K(638464K)] 670049K->82145K(2036736K), 0.0188861 secs] [Times: user=0.13 sys=0.00, real=0.02 secs] 
2020-09-29T17:54:19.163+0200: 47.465: [GC (Allocation Failure) [PSYoungGen: 620165K->45861K(623616K)] 659681K->85377K(2021888K), 0.0200029 secs] [Times: user=0.13 sys=0.00, real=0.02 secs] 
2020-09-29T17:54:19.232+0200: 47.535: [GC (Allocation Failure) [PSYoungGen: 623397K->49157K(634368K)] 662913K->88673K(2032640K), 0.0208975 secs] [Times: user=0.13 sys=0.00, real=0.02 secs] 
2020-09-29T17:54:19.304+0200: 47.607: [GC (Allocation Failure) [PSYoungGen: 622085K->47877K(621056K)] 661601K->87393K(2019328K), 0.0201643 secs] [Times: user=0.13 sys=0.00, real=0.02 secs] 
2020-09-29T17:54:19.376+0200: 47.678: [GC (Allocation Failure) [PSYoungGen: 620805K->46597K(635392K)] 660321K->86113K(2033664K), 0.0201614 secs] [Times: user=0.25 sys=0.00, real=0.02 secs] 
2020-09-29T17:54:19.446+0200: 47.748: [GC (Allocation Failure) [PSYoungGen: 618501K->30148K(635392K)] 658017K->69664K(2033664K), 0.0152021 secs] [Times: user=0.13 sys=0.00, real=0.01 secs] 
2020-09-29T17:54:19.510+0200: 47.813: [GC (Allocation Failure) [PSYoungGen: 602052K->39588K(637952K)] 641568K->79104K(2036224K), 0.0184712 secs] [Times: user=0.13 sys=0.00, real=0.02 secs] 
2020-09-29T17:54:19.579+0200: 47.881: [GC (Allocation Failure) [PSYoungGen: 614564K->40293K(635904K)] 654080K->79809K(2034176K), 0.0184882 secs] [Times: user=0.11 sys=0.00, real=0.02 secs] 
2020-09-29T17:54:19.648+0200: 47.951: [GC (Allocation Failure) [PSYoungGen: 615269K->26884K(638976K)] 654785K->66400K(2037248K), 0.0126731 secs] [Times: user=0.13 sys=0.00, real=0.01 secs] 
2020-09-29T17:54:19.710+0200: 48.013: [GC (Allocation Failure) [PSYoungGen: 606980K->32741K(639488K)] 646496K->72257K(2037760K), 0.0154360 secs] [Times: user=0.13 sys=0.00, real=0.02 secs] 
2020-09-29T17:54:19.775+0200: 48.078: [GC (Allocation Failure) [PSYoungGen: 612837K->37444K(642560K)] 652353K->76960K(2040832K), 0.0170748 secs] [Times: user=0.13 sys=0.00, real=0.02 secs] 
2020-09-29T17:54:19.843+0200: 48.146: [GC (Allocation Failure) [PSYoungGen: 621636K->31875K(640512K)] 661152K->71391K(2038784K), 0.0162036 secs] [Times: user=0.13 sys=0.00, real=0.02 secs] 
2020-09-29T17:54:19.910+0200: 48.212: [GC (Allocation Failure) [PSYoungGen: 616067K->28101K(643072K)] 655583K->67617K(2041344K), 0.0118772 secs] [Times: user=0.00 sys=0.00, real=0.01 secs] 
2020-09-29T17:54:19.972+0200: 48.275: [GC (Allocation Failure) [PSYoungGen: 615365K->11587K(599040K)] 654881K->51103K(1997312K), 0.0060303 secs] [Times: user=0.02 sys=0.00, real=0.01 secs] 
2020-09-29T17:54:20.038+0200: 48.341: [GC (Allocation Failure) [PSYoungGen: 598851K->24292K(641536K)] 638367K->63808K(2039808K), 0.0109743 secs] [Times: user=0.00 sys=0.00, real=0.01 secs] 
2020-09-29T17:54:20.099+0200: 48.402: [GC (Allocation Failure) [PSYoungGen: 607972K->33765K(641024K)] 647488K->73281K(2039296K), 0.0147880 secs] [Times: user=0.00 sys=0.00, real=0.02 secs] 
2020-09-29T17:54:20.164+0200: 48.466: [GC (Allocation Failure) [PSYoungGen: 617445K->43237K(640512K)] 656961K->82753K(2038784K), 0.0181421 secs] [Times: user=0.13 sys=0.00, real=0.02 secs] 
2020-09-29T17:54:20.233+0200: 48.535: [GC (Allocation Failure) [PSYoungGen: 628453K->40485K(642048K)] 667969K->80001K(2040320K), 0.0168625 secs] [Times: user=0.13 sys=0.00, real=0.02 secs] 
2020-09-29T17:54:20.300+0200: 48.602: [GC (Allocation Failure) [PSYoungGen: 625701K->37797K(643072K)] 665217K->77313K(2041344K), 0.0169893 secs] [Times: user=0.13 sys=0.00, real=0.02 secs] 
2020-09-29T17:54:20.371+0200: 48.673: [GC (Allocation Failure) [PSYoungGen: 624037K->21669K(642048K)] 663553K->61185K(2040320K), 0.0098309 secs] [Times: user=0.13 sys=0.00, real=0.01 secs] 
2020-09-29T17:54:20.432+0200: 48.734: [GC (Allocation Failure) [PSYoungGen: 607909K->47365K(636928K)] 647425K->86881K(2035200K), 0.0201588 secs] [Times: user=0.13 sys=0.00, real=0.02 secs] 
2020-09-29T17:54:20.502+0200: 48.804: [GC (Allocation Failure) [PSYoungGen: 628485K->40581K(640000K)] 668001K->80097K(2038272K), 0.0185105 secs] [Times: user=0.13 sys=0.00, real=0.02 secs] 
2020-09-29T17:54:20.571+0200: 48.873: [GC (Allocation Failure) [PSYoungGen: 621701K->19203K(639488K)] 661217K->58719K(2037760K), 0.0106040 secs] [Times: user=0.00 sys=0.00, real=0.01 secs] 
2020-09-29T17:54:20.635+0200: 48.937: [GC (Allocation Failure) [PSYoungGen: 600323K->38628K(640000K)] 639839K->78144K(2038272K), 0.0180905 secs] [Times: user=0.13 sys=0.00, real=0.02 secs] 
2020-09-29T17:54:20.703+0200: 49.004: [GC (Allocation Failure) [PSYoungGen: 619748K->45541K(637440K)] 659264K->85057K(2035712K), 0.0201440 secs] [Times: user=0.13 sys=0.00, real=0.02 secs] 
2020-09-29T17:54:20.772+0200: 49.074: [GC (Allocation Failure) [PSYoungGen: 624613K->20451K(638976K)] 664129K->59967K(2037248K), 0.0104241 secs] [Times: user=0.00 sys=0.00, real=0.01 secs] 
2020-09-29T17:54:20.832+0200: 49.134: [GC (Allocation Failure) [PSYoungGen: 599523K->24484K(639488K)] 639039K->64000K(2037760K), 0.0119158 secs] [Times: user=0.13 sys=0.00, real=0.01 secs] 
2020-09-29T17:54:20.893+0200: 49.195: [GC (Allocation Failure) [PSYoungGen: 604068K->28964K(638976K)] 643584K->68480K(2037248K), 0.0141721 secs] [Times: user=0.13 sys=0.00, real=0.01 secs] 
2020-09-29T17:54:20.958+0200: 49.260: [GC (Allocation Failure) [PSYoungGen: 608548K->46661K(636416K)] 648064K->86177K(2034688K), 0.0205299 secs] [Times: user=0.13 sys=0.00, real=0.02 secs] 
2020-09-29T17:54:21.031+0200: 49.333: [GC (Allocation Failure) [PSYoungGen: 625733K->51493K(630784K)] 665249K->91009K(2029056K), 0.0220554 secs] [Times: user=0.25 sys=0.00, real=0.02 secs] 
2020-09-29T17:54:21.107+0200: 49.409: [GC (Allocation Failure) [PSYoungGen: 630565K->28772K(636416K)] 670081K->68288K(2034688K), 0.0132730 secs] [Times: user=0.13 sys=0.00, real=0.01 secs] 
2020-09-29T17:54:21.172+0200: 49.474: [GC (Allocation Failure) [PSYoungGen: 601188K->26852K(634880K)] 640704K->66368K(2033152K), 0.0126339 secs] [Times: user=0.13 sys=0.00, real=0.01 secs] 
2020-09-29T17:54:21.234+0200: 49.536: [GC (Allocation Failure) [PSYoungGen: 599268K->38693K(638976K)] 638784K->78209K(2037248K), 0.0166710 secs] [Times: user=0.13 sys=0.00, real=0.02 secs] 
2020-09-29T17:54:21.305+0200: 49.607: [GC (Allocation Failure) [PSYoungGen: 616741K->27780K(637952K)] 656257K->67296K(2036224K), 0.0134597 secs] [Times: user=0.13 sys=0.00, real=0.01 secs] 
2020-09-29T17:54:21.368+0200: 49.670: [GC (Allocation Failure) [PSYoungGen: 605828K->31557K(642048K)] 645344K->71073K(2040320K), 0.0143041 secs] [Times: user=0.11 sys=0.00, real=0.01 secs] 
2020-09-29T17:54:21.439+0200: 49.742: [GC (Allocation Failure) [PSYoungGen: 614725K->54181K(637440K)] 654241K->93697K(2035712K), 0.0234771 secs] [Times: user=0.23 sys=0.00, real=0.02 secs] 
2020-09-29T17:54:21.513+0200: 49.815: [GC (Allocation Failure) [PSYoungGen: 637349K->35749K(639488K)] 676865K->75265K(2037760K), 0.0159695 secs] [Times: user=0.13 sys=0.00, real=0.02 secs] 
2020-09-29T17:54:21.579+0200: 49.881: [GC (Allocation Failure) [PSYoungGen: 613797K->38341K(637440K)] 653313K->77857K(2035712K), 0.0175507 secs] [Times: user=0.11 sys=0.00, real=0.02 secs] 
2020-09-29T17:54:21.647+0200: 49.950: [GC (Allocation Failure) [PSYoungGen: 616389K->42213K(641024K)] 655905K->81729K(2039296K), 0.0191503 secs] [Times: user=0.13 sys=0.00, real=0.02 secs] 
2020-09-29T17:54:21.717+0200: 50.020: [GC (Allocation Failure) [PSYoungGen: 625381K->23749K(607232K)] 664897K->63265K(2005504K), 0.0103333 secs] [Times: user=0.13 sys=0.00, real=0.01 secs] 
2020-09-29T17:54:21.778+0200: 50.080: [GC (Allocation Failure) [PSYoungGen: 606917K->44388K(638464K)] 646433K->83904K(2036736K), 0.0201726 secs] [Times: user=0.13 sys=0.00, real=0.02 secs] 
2020-09-29T17:54:21.848+0200: 50.150: [GC (Allocation Failure) [PSYoungGen: 624484K->22340K(639488K)] 664000K->61856K(2037760K), 0.0104705 secs] [Times: user=0.00 sys=0.00, real=0.01 secs] 
2020-09-29T17:54:21.907+0200: 50.210: [GC (Allocation Failure) [PSYoungGen: 602436K->25348K(640512K)] 641952K->64864K(2038784K), 0.0122052 secs] [Times: user=0.13 sys=0.00, real=0.01 secs] 
2020-09-29T17:54:21.970+0200: 50.273: [GC (Allocation Failure) [PSYoungGen: 606468K->32229K(639488K)] 645984K->71745K(2037760K), 0.0143619 secs] [Times: user=0.13 sys=0.00, real=0.01 secs] 
2020-09-29T17:54:22.034+0200: 50.336: [GC (Allocation Failure) [PSYoungGen: 613349K->25413K(643072K)] 652865K->64929K(2041344K), 0.0106116 secs] [Times: user=0.13 sys=0.00, real=0.01 secs] 
2020-09-29T17:54:22.096+0200: 50.398: [GC (Allocation Failure) [PSYoungGen: 612165K->37957K(642560K)] 651681K->77473K(2040832K), 0.0167011 secs] [Times: user=0.13 sys=0.00, real=0.02 secs] 
2020-09-29T17:54:22.163+0200: 50.466: [GC (Allocation Failure) [PSYoungGen: 624709K->21828K(644096K)] 664225K->61344K(2042368K), 0.0106476 secs] [Times: user=0.00 sys=0.00, real=0.01 secs] 
2020-09-29T17:54:22.225+0200: 50.527: [GC (Allocation Failure) [PSYoungGen: 610628K->36357K(643584K)] 650144K->75873K(2041856K), 0.0155417 secs] [Times: user=0.13 sys=0.00, real=0.02 secs] 
2020-09-29T17:54:22.290+0200: 50.593: [GC (Allocation Failure) [PSYoungGen: 625157K->37253K(645120K)] 664673K->76769K(2043392K), 0.0168758 secs] [Times: user=0.13 sys=0.00, real=0.02 secs] 
2020-09-29T17:54:22.357+0200: 50.660: [GC (Allocation Failure) [PSYoungGen: 628101K->25796K(644608K)] 667617K->65312K(2042880K), 0.0116329 secs] [Times: user=0.13 sys=0.00, real=0.01 secs] 
2020-09-29T17:54:22.420+0200: 50.722: [GC (Allocation Failure) [PSYoungGen: 616644K->41828K(643584K)] 656160K->81344K(2041856K), 0.0189725 secs] [Times: user=0.13 sys=0.00, real=0.02 secs] 
2020-09-29T17:54:22.489+0200: 50.792: [GC (Allocation Failure) [PSYoungGen: 632164K->44261K(634880K)] 671680K->83777K(2033152K), 0.0180666 secs] [Times: user=0.13 sys=0.00, real=0.02 secs] 
2020-09-29T17:54:22.558+0200: 50.861: [GC (Allocation Failure) [PSYoungGen: 634597K->32611K(644096K)] 674113K->72127K(2042368K), 0.0159999 secs] [Times: user=0.13 sys=0.00, real=0.02 secs] 
2020-09-29T17:54:22.626+0200: 50.928: [GC (Allocation Failure) [PSYoungGen: 620387K->31620K(642560K)] 659903K->71136K(2040832K), 0.0177423 secs] [Times: user=0.11 sys=0.00, real=0.02 secs] 
2020-09-29T17:54:22.698+0200: 51.001: [GC (Allocation Failure) [PSYoungGen: 619396K->30180K(647168K)] 658912K->69696K(2045440K), 0.0154765 secs] [Times: user=0.13 sys=0.00, real=0.02 secs] 
2020-09-29T17:54:22.768+0200: 51.070: [GC (Allocation Failure) [PSYoungGen: 624100K->20067K(645632K)] 663616K->59583K(2043904K), 0.0113393 secs] [Times: user=0.13 sys=0.00, real=0.01 secs] 
2020-09-29T17:54:22.831+0200: 51.134: [GC (Allocation Failure) [PSYoungGen: 613987K->52197K(634368K)] 653503K->92849K(2032640K), 0.0242036 secs] [Times: user=0.25 sys=0.00, real=0.02 secs] 
2020-09-29T17:54:22.906+0200: 51.209: [GC (Allocation Failure) [PSYoungGen: 634341K->47621K(630272K)] 674993K->88273K(2028544K), 0.0210281 secs] [Times: user=0.25 sys=0.00, real=0.02 secs] 
2020-09-29T17:54:22.979+0200: 51.281: [GC (Allocation Failure) [PSYoungGen: 629765K->55589K(628736K)] 670417K->96241K(2027008K), 0.0283100 secs] [Times: user=0.22 sys=0.00, real=0.03 secs] 
2020-09-29T17:54:23.055+0200: 51.357: [GC (Allocation Failure) [PSYoungGen: 623397K->35332K(633344K)] 664049K->75984K(2031616K), 0.0175442 secs] [Times: user=0.13 sys=0.00, real=0.02 secs] 
2020-09-29T17:54:23.121+0200: 51.423: [GC (Allocation Failure) [PSYoungGen: 603140K->26756K(636416K)] 643792K->67408K(2034688K), 0.0143923 secs] [Times: user=0.13 sys=0.00, real=0.01 secs] 
2020-09-29T17:54:23.187+0200: 51.490: [GC (Allocation Failure) [PSYoungGen: 600196K->24002K(635904K)] 640848K->64654K(2034176K), 0.0145379 secs] [Times: user=0.13 sys=0.00, real=0.01 secs] 
2020-09-29T17:54:23.257+0200: 51.560: [GC (Allocation Failure) [PSYoungGen: 597442K->23173K(637440K)] 638094K->63825K(2035712K), 0.0103782 secs] [Times: user=0.00 sys=0.00, real=0.01 secs] 
2020-09-29T17:54:23.318+0200: 51.621: [GC (Allocation Failure) [PSYoungGen: 598661K->51781K(627712K)] 639313K->92433K(2025984K), 0.0234820 secs] [Times: user=0.13 sys=0.00, real=0.02 secs] 
2020-09-29T17:54:23.391+0200: 51.694: [GC (Allocation Failure) [PSYoungGen: 627269K->39429K(635392K)] 667921K->80081K(2033664K), 0.0192054 secs] [Times: user=0.13 sys=0.00, real=0.02 secs] 
2020-09-29T17:54:23.459+0200: 51.762: [GC (Allocation Failure) [PSYoungGen: 609797K->35493K(633856K)] 650449K->76145K(2032128K), 0.0161414 secs] [Times: user=0.13 sys=0.00, real=0.02 secs] 
2020-09-29T17:54:23.524+0200: 51.827: [GC (Allocation Failure) [PSYoungGen: 605861K->29315K(638976K)] 646513K->69967K(2037248K), 0.0157874 secs] [Times: user=0.13 sys=0.00, real=0.02 secs] 
2020-09-29T17:54:23.590+0200: 51.893: [GC (Allocation Failure) [PSYoungGen: 607363K->33125K(637952K)] 648015K->73777K(2036224K), 0.0160136 secs] [Times: user=0.11 sys=0.00, real=0.02 secs] 
2020-09-29T17:54:23.659+0200: 51.961: [GC (Allocation Failure) [PSYoungGen: 611173K->36965K(642560K)] 651825K->77617K(2040832K), 0.0174844 secs] [Times: user=0.24 sys=0.00, real=0.02 secs] 
2020-09-29T17:54:23.726+0200: 52.029: [GC (Allocation Failure) [PSYoungGen: 621669K->47429K(632320K)] 662321K->88081K(2030592K), 0.0216744 secs] [Times: user=0.13 sys=0.00, real=0.02 secs] 
2020-09-29T17:54:23.798+0200: 52.100: [GC (Allocation Failure) [PSYoungGen: 632133K->30405K(641536K)] 672785K->71057K(2039808K), 0.0141576 secs] [Times: user=0.13 sys=0.00, real=0.01 secs] 
2020-09-29T17:54:23.861+0200: 52.164: [GC (Allocation Failure) [PSYoungGen: 613573K->23524K(640512K)] 654225K->64176K(2038784K), 0.0117130 secs] [Times: user=0.13 sys=0.00, real=0.01 secs] 
2020-09-29T17:54:23.923+0200: 52.225: [GC (Allocation Failure) [PSYoungGen: 606692K->30468K(643072K)] 647344K->71120K(2041344K), 0.0160094 secs] [Times: user=0.13 sys=0.00, real=0.02 secs] 
2020-09-29T17:54:23.988+0200: 52.291: [GC (Allocation Failure) [PSYoungGen: 616196K->28325K(641536K)] 656848K->68977K(2039808K), 0.0127215 secs] [Times: user=0.02 sys=0.02, real=0.01 secs] 
2020-09-29T17:54:24.053+0200: 52.356: [GC (Allocation Failure) [PSYoungGen: 614053K->39044K(644096K)] 654705K->79696K(2042368K), 0.0193237 secs] [Times: user=0.13 sys=0.00, real=0.02 secs] 
2020-09-29T17:54:24.123+0200: 52.425: [GC (Allocation Failure) [PSYoungGen: 628356K->40453K(644096K)] 669008K->81105K(2042368K), 0.0180420 secs] [Times: user=0.13 sys=0.00, real=0.02 secs] 
2020-09-29T17:54:24.190+0200: 52.493: [GC (Allocation Failure) [PSYoungGen: 629765K->41861K(642048K)] 670417K->82513K(2040320K), 0.0182975 secs] [Times: user=0.25 sys=0.00, real=0.02 secs] 
2020-09-29T17:54:24.263+0200: 52.566: [GC (Allocation Failure) [PSYoungGen: 629125K->26980K(643072K)] 669777K->67632K(2041344K), 0.0132670 secs] [Times: user=0.13 sys=0.00, real=0.01 secs] 
2020-09-29T17:54:24.326+0200: 52.629: [GC (Allocation Failure) [PSYoungGen: 614244K->25605K(644096K)] 654896K->66257K(2042368K), 0.0119286 secs] [Times: user=0.13 sys=0.00, real=0.01 secs] 
2020-09-29T17:54:24.388+0200: 52.691: [GC (Allocation Failure) [PSYoungGen: 614405K->24644K(643584K)] 655057K->65296K(2041856K), 0.0132059 secs] [Times: user=0.11 sys=0.00, real=0.01 secs] 
2020-09-29T17:54:24.453+0200: 52.756: [GC (Allocation Failure) [PSYoungGen: 613444K->25541K(645632K)] 654096K->66193K(2043904K), 0.0116046 secs] [Times: user=0.13 sys=0.00, real=0.01 secs] 
2020-09-29T17:54:24.515+0200: 52.818: [GC (Allocation Failure) [PSYoungGen: 616901K->26212K(644608K)] 657553K->66864K(2042880K), 0.0145901 secs] [Times: user=0.11 sys=0.00, real=0.01 secs] 
2020-09-29T17:54:24.582+0200: 52.884: [GC (Allocation Failure) [PSYoungGen: 617572K->41508K(643584K)] 658224K->82160K(2041856K), 0.0213445 secs] [Times: user=0.11 sys=0.00, real=0.02 secs] 
2020-09-29T17:54:24.658+0200: 52.961: [GC (Allocation Failure) [PSYoungGen: 632868K->44965K(636416K)] 673520K->85617K(2034688K), 0.0223616 secs] [Times: user=0.23 sys=0.00, real=0.02 secs] 
2020-09-29T17:54:24.731+0200: 53.034: [GC (Allocation Failure) [PSYoungGen: 636325K->32227K(644608K)] 676977K->72879K(2042880K), 0.0172589 secs] [Times: user=0.13 sys=0.00, real=0.02 secs] 
2020-09-29T17:54:24.800+0200: 53.103: [GC (Allocation Failure) [PSYoungGen: 620515K->46309K(634880K)] 661167K->86961K(2033152K), 0.0213505 secs] [Times: user=0.25 sys=0.00, real=0.02 secs] 
2020-09-29T17:54:24.871+0200: 53.174: [GC (Allocation Failure) [PSYoungGen: 634597K->32613K(643584K)] 675249K->73265K(2041856K), 0.0160013 secs] [Times: user=0.13 sys=0.00, real=0.02 secs] 
2020-09-29T17:54:24.938+0200: 53.240: [GC (Allocation Failure) [PSYoungGen: 619365K->43684K(642048K)] 660017K->84336K(2040320K), 0.0209709 secs] [Times: user=0.25 sys=0.00, real=0.02 secs] 
2020-09-29T17:54:25.009+0200: 53.311: [GC (Allocation Failure) [PSYoungGen: 630436K->28837K(643072K)] 671088K->69489K(2041344K), 0.0142908 secs] [Times: user=0.13 sys=0.00, real=0.01 secs] 
2020-09-29T17:54:25.074+0200: 53.377: [GC (Allocation Failure) [PSYoungGen: 615589K->39972K(642560K)] 656241K->80624K(2040832K), 0.0200741 secs] [Times: user=0.13 sys=0.00, real=0.02 secs] 
2020-09-29T17:54:25.144+0200: 53.447: [GC (Allocation Failure) [PSYoungGen: 626724K->38789K(644096K)] 667376K->79441K(2042368K), 0.0171625 secs] [Times: user=0.25 sys=0.00, real=0.02 secs] 
2020-09-29T17:54:25.215+0200: 53.518: [GC (Allocation Failure) [PSYoungGen: 627589K->53381K(642560K)] 668241K->94033K(2040832K), 0.0244045 secs] [Times: user=0.25 sys=0.00, real=0.03 secs] 
2020-09-29T17:54:25.290+0200: 53.593: [GC (Allocation Failure) [PSYoungGen: 642181K->40453K(638464K)] 682833K->81105K(2036736K), 0.0186899 secs] [Times: user=0.13 sys=0.00, real=0.02 secs] 
2020-09-29T17:54:25.358+0200: 53.661: [GC (Allocation Failure) [PSYoungGen: 622597K->32515K(640512K)] 663249K->73167K(2038784K), 0.0176026 secs] [Times: user=0.13 sys=0.00, real=0.02 secs] 
2020-09-29T17:54:25.425+0200: 53.728: [GC (Allocation Failure) [PSYoungGen: 614659K->38692K(643072K)] 655311K->79344K(2041344K), 0.0189232 secs] [Times: user=0.20 sys=0.00, real=0.02 secs] 
2020-09-29T17:54:25.494+0200: 53.797: [GC (Allocation Failure) [PSYoungGen: 624420K->50213K(636416K)] 665072K->90865K(2034688K), 0.0234481 secs] [Times: user=0.13 sys=0.00, real=0.02 secs] 
2020-09-29T17:54:25.568+0200: 53.870: [GC (Allocation Failure) [PSYoungGen: 635941K->47973K(637952K)] 676593K->88625K(2036224K), 0.0225343 secs] [Times: user=0.13 sys=0.00, real=0.02 secs] 
2020-09-29T17:54:25.641+0200: 53.944: [GC (Allocation Failure) [PSYoungGen: 627045K->38148K(638976K)] 667697K->78800K(2037248K), 0.0203845 secs] [Times: user=0.22 sys=0.00, real=0.03 secs] 
2020-09-29T17:54:25.719+0200: 54.021: [GC (Allocation Failure) [PSYoungGen: 617220K->28293K(640512K)] 657872K->68945K(2038784K), 0.0143097 secs] [Times: user=0.13 sys=0.00, real=0.01 secs] 
2020-09-29T17:54:25.783+0200: 54.085: [GC (Allocation Failure) [PSYoungGen: 610437K->35813K(640512K)] 651089K->76465K(2038784K), 0.0167261 secs] [Times: user=0.13 sys=0.00, real=0.02 secs] 
2020-09-29T17:54:25.857+0200: 54.159: [GC (Allocation Failure) [PSYoungGen: 617957K->43685K(642048K)] 658609K->84337K(2040320K), 0.0222407 secs] [Times: user=0.11 sys=0.00, real=0.02 secs] 
2020-09-29T17:54:25.934+0200: 54.236: [GC (Allocation Failure) [PSYoungGen: 628901K->40997K(642048K)] 669553K->81649K(2040320K), 0.0190923 secs] [Times: user=0.13 sys=0.00, real=0.02 secs] 
2020-09-29T17:54:26.005+0200: 54.307: [GC (Allocation Failure) [PSYoungGen: 626213K->24100K(641536K)] 666865K->64752K(2039808K), 0.0122121 secs] [Times: user=0.00 sys=0.00, real=0.01 secs] 
2020-09-29T17:54:26.067+0200: 54.370: [GC (Allocation Failure) [PSYoungGen: 609316K->34981K(642048K)] 649968K->75633K(2040320K), 0.0162699 secs] [Times: user=0.13 sys=0.00, real=0.02 secs] 
2020-09-29T17:54:26.136+0200: 54.438: [GC (Allocation Failure) [PSYoungGen: 620197K->45957K(640512K)] 660849K->86609K(2038784K), 0.0206664 secs] [Times: user=0.13 sys=0.00, real=0.02 secs] 
2020-09-29T17:54:26.210+0200: 54.512: [GC (Allocation Failure) [PSYoungGen: 631173K->43237K(642048K)] 671825K->83889K(2040320K), 0.0199379 secs] [Times: user=0.13 sys=0.00, real=0.02 secs] 
2020-09-29T17:54:26.281+0200: 54.583: [GC (Allocation Failure) [PSYoungGen: 628453K->25699K(641024K)] 669105K->66351K(2039296K), 0.0138395 secs] [Times: user=0.13 sys=0.00, real=0.01 secs] 
2020-09-29T17:54:26.347+0200: 54.649: [GC (Allocation Failure) [PSYoungGen: 609891K->8099K(592384K)] 650543K->48751K(1990656K), 0.0045889 secs] [Times: user=0.11 sys=0.02, real=0.01 secs] 
2020-09-29T17:54:26.404+0200: 54.706: [GC (Allocation Failure) [PSYoungGen: 592291K->17539K(638464K)] 632943K->58191K(2036736K), 0.0094492 secs] [Times: user=0.13 sys=0.00, real=0.01 secs] 
2020-09-29T17:54:26.464+0200: 54.766: [GC (Allocation Failure) [PSYoungGen: 595587K->19779K(638464K)] 636239K->60431K(2036736K), 0.0113059 secs] [Times: user=0.13 sys=0.00, real=0.01 secs] 
2020-09-29T17:54:26.526+0200: 54.829: [GC (Allocation Failure) [PSYoungGen: 597827K->23621K(640512K)] 638479K->64273K(2038784K), 0.0113671 secs] [Times: user=0.13 sys=0.00, real=0.01 secs] 
2020-09-29T17:54:26.589+0200: 54.891: [GC (Allocation Failure) [PSYoungGen: 604229K->43685K(624640K)] 644881K->84337K(2022912K), 0.0223107 secs] [Times: user=0.11 sys=0.00, real=0.02 secs] 
2020-09-29T17:54:26.662+0200: 54.964: [GC (Allocation Failure) [PSYoungGen: 624293K->35716K(640000K)] 664945K->76368K(2038272K), 0.0166163 secs] [Times: user=0.13 sys=0.00, real=0.02 secs] 
2020-09-29T17:54:26.728+0200: 55.031: [GC (Allocation Failure) [PSYoungGen: 615300K->41061K(638464K)] 655952K->81713K(2036736K), 0.0199690 secs] [Times: user=0.13 sys=0.00, real=0.02 secs] 
2020-09-29T17:54:26.798+0200: 55.101: [GC (Allocation Failure) [PSYoungGen: 620645K->32036K(641536K)] 661297K->72688K(2039808K), 0.0159063 secs] [Times: user=0.13 sys=0.00, real=0.02 secs] 
2020-09-29T17:54:26.863+0200: 55.166: [GC (Allocation Failure) [PSYoungGen: 613668K->37220K(638976K)] 654320K->77872K(2037248K), 0.0182888 secs] [Times: user=0.19 sys=0.02, real=0.02 secs] 
2020-09-29T17:54:26.931+0200: 55.234: [GC (Allocation Failure) [PSYoungGen: 618852K->30916K(644096K)] 659504K->71568K(2042368K), 0.0154554 secs] [Times: user=0.13 sys=0.00, real=0.02 secs] 
2020-09-29T17:54:27.001+0200: 55.303: [GC (Allocation Failure) [PSYoungGen: 618692K->44421K(632320K)] 659344K->85073K(2030592K), 0.0204303 secs] [Times: user=0.25 sys=0.00, real=0.02 secs] 
2020-09-29T17:54:27.077+0200: 55.379: [GC (Allocation Failure) [PSYoungGen: 632197K->56805K(629760K)] 672849K->98561K(2028032K), 0.0275561 secs] [Times: user=0.23 sys=0.00, real=0.03 secs] 
2020-09-29T17:54:27.158+0200: 55.460: [GC (Allocation Failure) [PSYoungGen: 629733K->29317K(635904K)] 671489K->71073K(2034176K), 0.0142866 secs] [Times: user=0.11 sys=0.00, real=0.01 secs] 
2020-09-29T17:54:27.223+0200: 55.525: [GC (Allocation Failure) [PSYoungGen: 602245K->41733K(637440K)] 644001K->83489K(2035712K), 0.0196362 secs] [Times: user=0.13 sys=0.02, real=0.02 secs] 
2020-09-29T17:54:27.294+0200: 55.596: [GC (Allocation Failure) [PSYoungGen: 617221K->28419K(636928K)] 658977K->70175K(2035200K), 0.0157470 secs] [Times: user=0.13 sys=0.00, real=0.02 secs] 
2020-09-29T17:54:27.359+0200: 55.661: [GC (Allocation Failure) [PSYoungGen: 603907K->29637K(640000K)] 645663K->71393K(2038272K), 0.0135572 secs] [Times: user=0.13 sys=0.00, real=0.01 secs] 
2020-09-29T17:54:27.428+0200: 55.730: [GC (Allocation Failure) [PSYoungGen: 609221K->34501K(638464K)] 650977K->76257K(2036736K), 0.0169260 secs] [Times: user=0.13 sys=0.00, real=0.02 secs] 
2020-09-29T17:54:27.495+0200: 55.797: [GC (Allocation Failure) [PSYoungGen: 614085K->24389K(642560K)] 655841K->66145K(2040832K), 0.0114649 secs] [Times: user=0.13 sys=0.00, real=0.01 secs] 
2020-09-29T17:54:27.557+0200: 55.858: [GC (Allocation Failure) [PSYoungGen: 610117K->35556K(642048K)] 651873K->77312K(2040320K), 0.0178409 secs] [Times: user=0.13 sys=0.00, real=0.02 secs] 
2020-09-29T17:54:27.626+0200: 55.928: [GC (Allocation Failure) [PSYoungGen: 621284K->32037K(645632K)] 663040K->73793K(2043904K), 0.0120644 secs] [Times: user=0.11 sys=0.00, real=0.01 secs] 
2020-09-29T17:54:27.691+0200: 55.992: [GC (Allocation Failure) [PSYoungGen: 622885K->35013K(644096K)] 664641K->76769K(2042368K), 0.0125834 secs] [Times: user=0.13 sys=0.00, real=0.01 secs] 
2020-09-29T17:54:27.755+0200: 56.057: [GC (Allocation Failure) [PSYoungGen: 625861K->23332K(647168K)] 667617K->65088K(2045440K), 0.0092681 secs] [Times: user=0.00 sys=0.00, real=0.01 secs] 
2020-09-29T17:54:27.820+0200: 56.121: [GC (Allocation Failure) [PSYoungGen: 618788K->44581K(640512K)] 660544K->86337K(2038784K), 0.0156015 secs] [Times: user=0.13 sys=0.00, real=0.02 secs] 
2020-09-29T17:54:27.886+0200: 56.188: [GC (Allocation Failure) [PSYoungGen: 640037K->23108K(645120K)] 681793K->64864K(2043392K), 0.0089728 secs] [Times: user=0.00 sys=0.00, real=0.01 secs] 
2020-09-29T17:54:27.946+0200: 56.248: [GC (Allocation Failure) [PSYoungGen: 613956K->24516K(644608K)] 655712K->66272K(2042880K), 0.0095254 secs] [Times: user=0.00 sys=0.00, real=0.01 secs] 
2020-09-29T17:54:28.008+0200: 56.310: [GC (Allocation Failure) [PSYoungGen: 615364K->25379K(646656K)] 657120K->67135K(2044928K), 0.0102311 secs] [Times: user=0.00 sys=0.00, real=0.01 secs] 
2020-09-29T17:54:28.070+0200: 56.371: [GC (Allocation Failure) [PSYoungGen: 618787K->30692K(645632K)] 660543K->72448K(2043904K), 0.0114617 secs] [Times: user=0.00 sys=0.00, real=0.01 secs] 
2020-09-29T17:54:28.133+0200: 56.435: [GC (Allocation Failure) [PSYoungGen: 624100K->21731K(648704K)] 665856K->63487K(2046976K), 0.0105875 secs] [Times: user=0.00 sys=0.00, real=0.01 secs] 
2020-09-29T17:54:28.195+0200: 56.497: [GC (Allocation Failure) [PSYoungGen: 619747K->30980K(648192K)] 661503K->72736K(2046464K), 0.0128459 secs] [Times: user=0.00 sys=0.00, real=0.01 secs] 
2020-09-29T17:54:28.260+0200: 56.562: [GC (Allocation Failure) [PSYoungGen: 628996K->41157K(646144K)] 670752K->82913K(2044416K), 0.0154612 secs] [Times: user=0.11 sys=0.00, real=0.02 secs] 
2020-09-29T17:54:28.328+0200: 56.630: [GC (Allocation Failure) [PSYoungGen: 638661K->21027K(648192K)] 680417K->62783K(2046464K), 0.0091772 secs] [Times: user=0.13 sys=0.00, real=0.01 secs] 
2020-09-29T17:54:28.389+0200: 56.691: [GC (Allocation Failure) [PSYoungGen: 618531K->28996K(650240K)] 660287K->70752K(2048512K), 0.0113299 secs] [Times: user=0.13 sys=0.00, real=0.01 secs] 
2020-09-29T17:54:28.451+0200: 56.753: [GC (Allocation Failure) [PSYoungGen: 628548K->22948K(648192K)] 670304K->64704K(2046464K), 0.0092389 secs] [Times: user=0.13 sys=0.00, real=0.01 secs] 
2020-09-29T17:54:28.512+0200: 56.814: [GC (Allocation Failure) [PSYoungGen: 622500K->48101K(640512K)] 664256K->89961K(2038784K), 0.0161895 secs] [Times: user=0.13 sys=0.00, real=0.02 secs] 
2020-09-29T17:54:28.580+0200: 56.882: [GC (Allocation Failure) [PSYoungGen: 640485K->39109K(631808K)] 682345K->80969K(2030080K), 0.0151972 secs] [Times: user=0.11 sys=0.00, real=0.02 secs] 
2020-09-29T17:54:28.648+0200: 56.950: [GC (Allocation Failure) [PSYoungGen: 631493K->28867K(646656K)] 673353K->70727K(2044928K), 0.0112206 secs] [Times: user=0.00 sys=0.00, real=0.01 secs] 
2020-09-29T17:54:28.711+0200: 57.013: [GC (Allocation Failure) [PSYoungGen: 621763K->47493K(640512K)] 663623K->89353K(2038784K), 0.0171235 secs] [Times: user=0.13 sys=0.00, real=0.02 secs] 
2020-09-29T17:54:28.780+0200: 57.082: [GC (Allocation Failure) [PSYoungGen: 640389K->22243K(643072K)] 682249K->64103K(2041344K), 0.0098362 secs] [Times: user=0.09 sys=0.01, real=0.01 secs] 
2020-09-29T17:54:28.840+0200: 57.142: [GC (Allocation Failure) [PSYoungGen: 608995K->34757K(642560K)] 650855K->76617K(2040832K), 0.0111732 secs] [Times: user=0.13 sys=0.00, real=0.01 secs] 
2020-09-29T17:54:28.902+0200: 57.204: [GC (Allocation Failure) [PSYoungGen: 621509K->18628K(643584K)] 663369K->60488K(2041856K), 0.0066869 secs] [Times: user=0.00 sys=0.00, real=0.01 secs] 
2020-09-29T17:54:28.960+0200: 57.262: [GC (Allocation Failure) [PSYoungGen: 607940K->33092K(644096K)] 649800K->74952K(2042368K), 0.0119480 secs] [Times: user=0.00 sys=0.00, real=0.01 secs] 
2020-09-29T17:54:29.022+0200: 57.325: [GC (Allocation Failure) [PSYoungGen: 622404K->34469K(646656K)] 664264K->76329K(2044928K), 0.0116454 secs] [Times: user=0.00 sys=0.00, real=0.01 secs] 
2020-09-29T17:54:29.086+0200: 57.388: [GC (Allocation Failure) [PSYoungGen: 627877K->52197K(645632K)] 669737K->95457K(2043904K), 0.0184496 secs] [Times: user=0.13 sys=0.00, real=0.02 secs] 
2020-09-29T17:54:29.156+0200: 57.458: [GC (Allocation Failure) [PSYoungGen: 645605K->45477K(632320K)] 688865K->88737K(2030592K), 0.0152333 secs] [Times: user=0.13 sys=0.00, real=0.02 secs] 
2020-09-29T17:54:29.220+0200: 57.522: [GC (Allocation Failure) [PSYoungGen: 624549K->36677K(638976K)] 667809K->79937K(2037248K), 0.0119851 secs] [Times: user=0.13 sys=0.00, real=0.01 secs] 
2020-09-29T17:54:29.284+0200: 57.586: [GC (Allocation Failure) [PSYoungGen: 615749K->41445K(640512K)] 659009K->84705K(2038784K), 0.0139330 secs] [Times: user=0.11 sys=0.00, real=0.01 secs] 
2020-09-29T17:54:29.347+0200: 57.649: [GC (Allocation Failure) [PSYoungGen: 623589K->35685K(640512K)] 666849K->78945K(2038784K), 0.0121998 secs] [Times: user=0.13 sys=0.00, real=0.01 secs] 
2020-09-29T17:54:29.409+0200: 57.711: [GC (Allocation Failure) [PSYoungGen: 617829K->29573K(643584K)] 661089K->72833K(2041856K), 0.0112035 secs] [Times: user=0.13 sys=0.00, real=0.01 secs] 
2020-09-29T17:54:29.472+0200: 57.774: [GC (Allocation Failure) [PSYoungGen: 617349K->42693K(643072K)] 660609K->85953K(2041344K), 0.0148374 secs] [Times: user=0.13 sys=0.00, real=0.02 secs] 
2020-09-29T17:54:29.537+0200: 57.839: [GC (Allocation Failure) [PSYoungGen: 630469K->27491K(643584K)] 673729K->70751K(2041856K), 0.0107095 secs] [Times: user=0.00 sys=0.00, real=0.01 secs] 
2020-09-29T17:54:29.599+0200: 57.901: [GC (Allocation Failure) [PSYoungGen: 615267K->25444K(643072K)] 658527K->68704K(2041344K), 0.0107195 secs] [Times: user=0.00 sys=0.00, real=0.01 secs] 
2020-09-29T17:54:29.662+0200: 57.964: [GC (Allocation Failure) [PSYoungGen: 613220K->38276K(644608K)] 656480K->81536K(2042880K), 0.0139150 secs] [Times: user=0.00 sys=0.00, real=0.01 secs] 
2020-09-29T17:54:29.726+0200: 58.028: [GC (Allocation Failure) [PSYoungGen: 628100K->53893K(644096K)] 671360K->97153K(2042368K), 0.0178165 secs] [Times: user=0.13 sys=0.00, real=0.02 secs] 
2020-09-29T17:54:29.795+0200: 58.097: [GC (Allocation Failure) [PSYoungGen: 643717K->27620K(635904K)] 686977K->70880K(2034176K), 0.0103890 secs] [Times: user=0.13 sys=0.00, real=0.01 secs] 
2020-09-29T17:54:29.855+0200: 58.157: [GC (Allocation Failure) [PSYoungGen: 608740K->20004K(601600K)] 652000K->63264K(1999872K), 0.0075279 secs] [Times: user=0.00 sys=0.00, real=0.01 secs] 
2020-09-29T17:54:29.913+0200: 58.215: [GC (Allocation Failure) [PSYoungGen: 601124K->40581K(639488K)] 644384K->83841K(2037760K), 0.0143000 secs] [Times: user=0.13 sys=0.00, real=0.01 secs] 
2020-09-29T17:54:29.977+0200: 58.279: [GC (Allocation Failure) [PSYoungGen: 620677K->17699K(639488K)] 663937K->60959K(2037760K), 0.0078105 secs] [Times: user=0.00 sys=0.00, real=0.01 secs] 
2020-09-29T17:54:30.035+0200: 58.337: [GC (Allocation Failure) [PSYoungGen: 597795K->37221K(640512K)] 641055K->80481K(2038784K), 0.0143061 secs] [Times: user=0.13 sys=0.00, real=0.01 secs] 
2020-09-29T17:54:30.104+0200: 58.406: [GC (Allocation Failure) [PSYoungGen: 618341K->30404K(639488K)] 661601K->73664K(2037760K), 0.0114334 secs] [Times: user=0.13 sys=0.00, real=0.01 secs] 
2020-09-29T17:54:30.165+0200: 58.467: [GC (Allocation Failure) [PSYoungGen: 611524K->37253K(643072K)] 654784K->80513K(2041344K), 0.0128017 secs] [Times: user=0.13 sys=0.00, real=0.01 secs] 
2020-09-29T17:54:30.228+0200: 58.530: [GC (Allocation Failure) [PSYoungGen: 624005K->36069K(642560K)] 667265K->79329K(2040832K), 0.0121837 secs] [Times: user=0.13 sys=0.00, real=0.01 secs] 
2020-09-29T17:54:30.293+0200: 58.595: [GC (Allocation Failure) [PSYoungGen: 622821K->34724K(646144K)] 666081K->77984K(2044416K), 0.0132848 secs] [Times: user=0.13 sys=0.00, real=0.01 secs] 
2020-09-29T17:54:30.358+0200: 58.660: [GC (Allocation Failure) [PSYoungGen: 626596K->38757K(644608K)] 669856K->82017K(2042880K), 0.0134114 secs] [Times: user=0.13 sys=0.00, real=0.01 secs] 
2020-09-29T17:54:30.422+0200: 58.724: [GC (Allocation Failure) [PSYoungGen: 630629K->42564K(644096K)] 673889K->85824K(2042368K), 0.0158152 secs] [Times: user=0.13 sys=0.00, real=0.02 secs] 
2020-09-29T17:54:30.489+0200: 58.791: [GC (Allocation Failure) [PSYoungGen: 633924K->46053K(637440K)] 677184K->89313K(2035712K), 0.0146536 secs] [Times: user=0.00 sys=0.00, real=0.01 secs] 
2020-09-29T17:54:30.554+0200: 58.857: [GC (Allocation Failure) [PSYoungGen: 637413K->22052K(641536K)] 680673K->65312K(2039808K), 0.0074341 secs] [Times: user=0.00 sys=0.00, real=0.01 secs] 
2020-09-29T17:54:30.614+0200: 58.916: [GC (Allocation Failure) [PSYoungGen: 607268K->32004K(642048K)] 650528K->75264K(2040320K), 0.0129815 secs] [Times: user=0.00 sys=0.00, real=0.01 secs] 
2020-09-29T17:54:30.677+0200: 58.980: [GC (Allocation Failure) [PSYoungGen: 617220K->29156K(645120K)] 660480K->72416K(2043392K), 0.0103583 secs] [Times: user=0.00 sys=0.00, real=0.01 secs] 
2020-09-29T17:54:30.742+0200: 59.044: [GC (Allocation Failure) [PSYoungGen: 619492K->14594K(605184K)] 662752K->57854K(2003456K), 0.0089374 secs] [Times: user=0.00 sys=0.00, real=0.01 secs] 
2020-09-29T17:54:30.805+0200: 59.107: [GC (Allocation Failure) [PSYoungGen: 604930K->30532K(645632K)] 648190K->73792K(2043904K), 0.0125869 secs] [Times: user=0.13 sys=0.00, real=0.01 secs] 
2020-09-29T17:54:30.871+0200: 59.173: [GC (Allocation Failure) [PSYoungGen: 620868K->32484K(643584K)] 664128K->75744K(2041856K), 0.0128681 secs] [Times: user=0.13 sys=0.00, real=0.01 secs] 
2020-09-29T17:54:30.935+0200: 59.237: [GC (Allocation Failure) [PSYoungGen: 622820K->51173K(629248K)] 666080K->105473K(2027520K), 0.0227736 secs] [Times: user=0.13 sys=0.01, real=0.02 secs] 
2020-09-29T17:54:31.007+0200: 59.309: [GC (Allocation Failure) [PSYoungGen: 629221K->38661K(638464K)] 683521K->92961K(2036736K), 0.0146448 secs] [Times: user=0.13 sys=0.00, real=0.02 secs] 
2020-09-29T17:54:31.072+0200: 59.374: [GC (Allocation Failure) [PSYoungGen: 616709K->27076K(640512K)] 671009K->81376K(2038784K), 0.0104764 secs] [Times: user=0.00 sys=0.00, real=0.01 secs] 
2020-09-29T17:54:31.132+0200: 59.434: [GC (Allocation Failure) [PSYoungGen: 608196K->33925K(639488K)] 662496K->88225K(2037760K), 0.0115421 secs] [Times: user=0.00 sys=0.00, real=0.01 secs] 
2020-09-29T17:54:31.193+0200: 59.495: [GC (Allocation Failure) [PSYoungGen: 615045K->26853K(643584K)] 669345K->81153K(2041856K), 0.0093636 secs] [Times: user=0.00 sys=0.00, real=0.01 secs] 
2020-09-29T17:54:31.254+0200: 59.556: [GC (Allocation Failure) [PSYoungGen: 614117K->39780K(642560K)] 668417K->94080K(2040832K), 0.0142590 secs] [Times: user=0.13 sys=0.00, real=0.01 secs] 
2020-09-29T17:54:31.320+0200: 59.622: [GC (Allocation Failure) [PSYoungGen: 627044K->39109K(643584K)] 681344K->93409K(2041856K), 0.0138215 secs] [Times: user=0.13 sys=0.00, real=0.01 secs] 
2020-09-29T17:54:31.384+0200: 59.687: [GC (Allocation Failure) [PSYoungGen: 627397K->39493K(643584K)] 681697K->93793K(2041856K), 0.0138211 secs] [Times: user=0.13 sys=0.00, real=0.01 secs] 
2020-09-29T17:54:31.449+0200: 59.751: [GC (Allocation Failure) [PSYoungGen: 627781K->25060K(644096K)] 682081K->79360K(2042368K), 0.0094455 secs] [Times: user=0.13 sys=0.00, real=0.01 secs] 
2020-09-29T17:54:31.509+0200: 59.811: [GC (Allocation Failure) [PSYoungGen: 614372K->40069K(644096K)] 668672K->94369K(2042368K), 0.0139434 secs] [Times: user=0.13 sys=0.00, real=0.01 secs] 
2020-09-29T17:54:31.575+0200: 59.877: [GC (Allocation Failure) [PSYoungGen: 629381K->54757K(632832K)] 683681K->109401K(2031104K), 0.0196230 secs] [Times: user=0.11 sys=0.00, real=0.02 secs] 
2020-09-29T17:54:31.646+0200: 59.948: [GC (Allocation Failure) [PSYoungGen: 632805K->31621K(638464K)] 687449K->86265K(2036736K), 0.0107405 secs] [Times: user=0.00 sys=0.00, real=0.01 secs] 
2020-09-29T17:54:31.706+0200: 60.008: [GC (Allocation Failure) [PSYoungGen: 609669K->33604K(641536K)] 664313K->88248K(2039808K), 0.0126667 secs] [Times: user=0.13 sys=0.00, real=0.01 secs] 
2020-09-29T17:54:31.770+0200: 60.072: [GC (Allocation Failure) [PSYoungGen: 616260K->28133K(640000K)] 670904K->82777K(2038272K), 0.0112950 secs] [Times: user=0.00 sys=0.00, real=0.01 secs] 
2020-09-29T17:54:31.832+0200: 60.135: [GC (Allocation Failure) [PSYoungGen: 610789K->22211K(642560K)] 665433K->76855K(2040832K), 0.0094764 secs] [Times: user=0.05 sys=0.00, real=0.01 secs] 
2020-09-29T17:54:31.891+0200: 60.193: [GC (Allocation Failure) [PSYoungGen: 608451K->32772K(642560K)] 663095K->87416K(2040832K), 0.0122959 secs] [Times: user=0.13 sys=0.00, real=0.01 secs] 
2020-09-29T17:54:31.954+0200: 60.256: [GC (Allocation Failure) [PSYoungGen: 619012K->30372K(645632K)] 673656K->85016K(2043904K), 0.0106235 secs] [Times: user=0.13 sys=0.00, real=0.01 secs] 
2020-09-29T17:54:32.014+0200: 60.317: [GC (Allocation Failure) [PSYoungGen: 621732K->18019K(644608K)] 676376K->72663K(2042880K), 0.0071834 secs] [Times: user=0.13 sys=0.00, real=0.01 secs] 
2020-09-29T17:54:32.073+0200: 60.375: [GC (Allocation Failure) [PSYoungGen: 609379K->17570K(644096K)] 664023K->72214K(2042368K), 0.0082424 secs] [Times: user=0.00 sys=0.00, real=0.01 secs] 
2020-09-29T17:54:32.131+0200: 60.433: [GC (Allocation Failure) [PSYoungGen: 607906K->33573K(644608K)] 662550K->88217K(2042880K), 0.0118483 secs] [Times: user=0.00 sys=0.00, real=0.01 secs] 
2020-09-29T17:54:32.194+0200: 60.496: [GC (Allocation Failure) [PSYoungGen: 623909K->49733K(635904K)] 678553K->104377K(2034176K), 0.0162221 secs] [Times: user=0.13 sys=0.00, real=0.02 secs] 
2020-09-29T17:54:32.260+0200: 60.562: [GC (Allocation Failure) [PSYoungGen: 632901K->44933K(628224K)] 687545K->99577K(2026496K), 0.0150101 secs] [Times: user=0.13 sys=0.00, real=0.02 secs] 
2020-09-29T17:54:32.326+0200: 60.628: [GC (Allocation Failure) [PSYoungGen: 628101K->25700K(640512K)] 682745K->80344K(2038784K), 0.0112944 secs] [Times: user=0.11 sys=0.00, real=0.01 secs] 
2020-09-29T17:54:32.387+0200: 60.689: [GC (Allocation Failure) [PSYoungGen: 606308K->45797K(626688K)] 660952K->100441K(2024960K), 0.0153729 secs] [Times: user=0.13 sys=0.00, real=0.01 secs] 
2020-09-29T17:54:32.452+0200: 60.755: [GC (Allocation Failure) [PSYoungGen: 626405K->38469K(639488K)] 681049K->93113K(2037760K), 0.0135177 secs] [Times: user=0.13 sys=0.00, real=0.01 secs] 
2020-09-29T17:54:32.516+0200: 60.819: [GC (Allocation Failure) [PSYoungGen: 617029K->42821K(637952K)] 671673K->97465K(2036224K), 0.0148752 secs] [Times: user=0.13 sys=0.00, real=0.01 secs] 
2020-09-29T17:54:32.582+0200: 60.884: [GC (Allocation Failure) [PSYoungGen: 621381K->32516K(640512K)] 676025K->87160K(2038784K), 0.0130259 secs] [Times: user=0.11 sys=0.00, real=0.01 secs] 
2020-09-29T17:54:32.647+0200: 60.950: [GC (Allocation Failure) [PSYoungGen: 613124K->23396K(638976K)] 667768K->78040K(2037248K), 0.0086965 secs] [Times: user=0.00 sys=0.00, real=0.01 secs] 
2020-09-29T17:54:32.707+0200: 61.009: [GC (Allocation Failure) [PSYoungGen: 604004K->13026K(637952K)] 658648K->67670K(2036224K), 0.0062903 secs] [Times: user=0.13 sys=0.00, real=0.01 secs] 
2020-09-29T17:54:32.766+0200: 61.068: [GC (Allocation Failure) [PSYoungGen: 593122K->29380K(639488K)] 647766K->84024K(2037760K), 0.0113738 secs] [Times: user=0.13 sys=0.00, real=0.01 secs] 
2020-09-29T17:54:32.827+0200: 61.129: [GC (Allocation Failure) [PSYoungGen: 609476K->48933K(633856K)] 664120K->103577K(2032128K), 0.0166205 secs] [Times: user=0.13 sys=0.00, real=0.02 secs] 
2020-09-29T17:54:32.893+0200: 61.195: [GC (Allocation Failure) [PSYoungGen: 625957K->36452K(637952K)] 680601K->91096K(2036224K), 0.0136269 secs] [Times: user=0.13 sys=0.00, real=0.01 secs] 
2020-09-29T17:54:32.959+0200: 61.262: [GC (Allocation Failure) [PSYoungGen: 613476K->21539K(640000K)] 668120K->76183K(2038272K), 0.0086391 secs] [Times: user=0.00 sys=0.00, real=0.01 secs] 
2020-09-29T17:54:33.018+0200: 61.320: [GC (Allocation Failure) [PSYoungGen: 602147K->41573K(639488K)] 656791K->96217K(2037760K), 0.0139239 secs] [Times: user=0.13 sys=0.00, real=0.01 secs] 
2020-09-29T17:54:33.082+0200: 61.384: [GC (Allocation Failure) [PSYoungGen: 622181K->33316K(642048K)] 676825K->87960K(2040320K), 0.0124563 secs] [Times: user=0.13 sys=0.00, real=0.01 secs] 
2020-09-29T17:54:33.144+0200: 61.447: [GC (Allocation Failure) [PSYoungGen: 615972K->41700K(639488K)] 670616K->96344K(2037760K), 0.0143530 secs] [Times: user=0.13 sys=0.00, real=0.01 secs] 
2020-09-29T17:54:33.208+0200: 61.511: [GC (Allocation Failure) [PSYoungGen: 624356K->36389K(642560K)] 679000K->91033K(2040832K), 0.0125706 secs] [Times: user=0.00 sys=0.00, real=0.01 secs] 
2020-09-29T17:54:33.271+0200: 61.573: [GC (Allocation Failure) [PSYoungGen: 621093K->33157K(641024K)] 675737K->87801K(2039296K), 0.0126461 secs] [Times: user=0.00 sys=0.00, real=0.01 secs] 
2020-09-29T17:54:33.334+0200: 61.636: [GC (Allocation Failure) [PSYoungGen: 617861K->29957K(645632K)] 672505K->84601K(2043904K), 0.0100760 secs] [Times: user=0.00 sys=0.00, real=0.01 secs] 
2020-09-29T17:54:33.396+0200: 61.698: [GC (Allocation Failure) [PSYoungGen: 621317K->33445K(644608K)] 675961K->88089K(2042880K), 0.0115740 secs] [Times: user=0.00 sys=0.00, real=0.01 secs] 
2020-09-29T17:54:33.458+0200: 61.761: [GC (Allocation Failure) [PSYoungGen: 624805K->36100K(648704K)] 679449K->90744K(2046976K), 0.0126333 secs] [Times: user=0.00 sys=0.00, real=0.01 secs] 
2020-09-29T17:54:33.522+0200: 61.824: [GC (Allocation Failure) [PSYoungGen: 633604K->45349K(643072K)] 688248K->99993K(2041344K), 0.0143527 secs] [Times: user=0.13 sys=0.00, real=0.01 secs] 
2020-09-29T17:54:33.589+0200: 61.891: [GC (Allocation Failure) [PSYoungGen: 642853K->41317K(645120K)] 697497K->95961K(2043392K), 0.0151271 secs] [Times: user=0.11 sys=0.00, real=0.02 secs] 
2020-09-29T17:54:33.656+0200: 61.959: [GC (Allocation Failure) [PSYoungGen: 633701K->30852K(645632K)] 688345K->85496K(2043904K), 0.0106372 secs] [Times: user=0.13 sys=0.00, real=0.01 secs] 
2020-09-29T17:54:33.718+0200: 62.020: [GC (Allocation Failure) [PSYoungGen: 623236K->35365K(648192K)] 677880K->90009K(2046464K), 0.0119649 secs] [Times: user=0.13 sys=0.00, real=0.01 secs] 
2020-09-29T17:54:33.781+0200: 62.083: [GC (Allocation Failure) [PSYoungGen: 630821K->25411K(646144K)] 685465K->80055K(2044416K), 0.0103634 secs] [Times: user=0.13 sys=0.00, real=0.01 secs] 
2020-09-29T17:54:33.843+0200: 62.145: [GC (Allocation Failure) [PSYoungGen: 620867K->16964K(645632K)] 675511K->71608K(2043904K), 0.0063809 secs] [Times: user=0.13 sys=0.00, real=0.01 secs] 
2020-09-29T17:54:33.900+0200: 62.202: [GC (Allocation Failure) [PSYoungGen: 611396K->21892K(646656K)] 666040K->76536K(2044928K), 0.0076721 secs] [Times: user=0.00 sys=0.00, real=0.01 secs] 
2020-09-29T17:54:33.958+0200: 62.261: [GC (Allocation Failure) [PSYoungGen: 616324K->40036K(644608K)] 670968K->94680K(2042880K), 0.0147961 secs] [Times: user=0.13 sys=0.00, real=0.02 secs] 
2020-09-29T17:54:34.024+0200: 62.326: [GC (Allocation Failure) [PSYoungGen: 632420K->16002K(608768K)] 687064K->70646K(2007040K), 0.0078649 secs] [Times: user=0.00 sys=0.00, real=0.01 secs] 
2020-09-29T17:54:34.083+0200: 62.385: [GC (Allocation Failure) [PSYoungGen: 608386K->32676K(646656K)] 663030K->87320K(2044928K), 0.0117063 secs] [Times: user=0.00 sys=0.00, real=0.01 secs] 
2020-09-29T17:54:34.145+0200: 62.447: [GC (Allocation Failure) [PSYoungGen: 625060K->22723K(644608K)] 679704K->77367K(2042880K), 0.0093461 secs] [Times: user=0.00 sys=0.00, real=0.01 secs] 
2020-09-29T17:54:34.205+0200: 62.507: [GC (Allocation Failure) [PSYoungGen: 615107K->27109K(648704K)] 669751K->81753K(2046976K), 0.0093528 secs] [Times: user=0.13 sys=0.00, real=0.01 secs] 
2020-09-29T17:54:34.265+0200: 62.567: [GC (Allocation Failure) [PSYoungGen: 624101K->21732K(647168K)] 678745K->76376K(2045440K), 0.0080094 secs] [Times: user=0.13 sys=0.00, real=0.01 secs] 
2020-09-29T17:54:34.324+0200: 62.626: [GC (Allocation Failure) [PSYoungGen: 618724K->26787K(651264K)] 673368K->81431K(2049536K), 0.0109924 secs] [Times: user=0.13 sys=0.00, real=0.01 secs] 
2020-09-29T17:54:34.387+0200: 62.689: [GC (Allocation Failure) [PSYoungGen: 628387K->25411K(649216K)] 683031K->80055K(2047488K), 0.0105746 secs] [Times: user=0.13 sys=0.00, real=0.01 secs] 
2020-09-29T17:54:34.449+0200: 62.752: [GC (Allocation Failure) [PSYoungGen: 627011K->38821K(648192K)] 681655K->93465K(2046464K), 0.0136693 secs] [Times: user=0.13 sys=0.00, real=0.01 secs] 
2020-09-29T17:54:34.515+0200: 62.818: [GC (Allocation Failure) [PSYoungGen: 640421K->38885K(640512K)] 695065K->93529K(2038784K), 0.0130805 secs] [Times: user=0.13 sys=0.00, real=0.01 secs] 
2020-09-29T17:54:34.581+0200: 62.883: [GC (Allocation Failure) [PSYoungGen: 640485K->38917K(646656K)] 695129K->93561K(2044928K), 0.0142674 secs] [Times: user=0.11 sys=0.00, real=0.01 secs] 
2020-09-29T17:54:34.648+0200: 62.950: [GC (Allocation Failure) [PSYoungGen: 635397K->33765K(647680K)] 690041K->88409K(2045952K), 0.0123493 secs] [Times: user=0.00 sys=0.00, real=0.01 secs] 
2020-09-29T17:54:34.711+0200: 63.013: [GC (Allocation Failure) [PSYoungGen: 629315K->25540K(649216K)] 683959K->80184K(2047488K), 0.0098553 secs] [Times: user=0.00 sys=0.00, real=0.01 secs] 
2020-09-29T17:54:34.773+0200: 63.075: [GC (Allocation Failure) [PSYoungGen: 624580K->22884K(648704K)] 679224K->77528K(2046976K), 0.0085886 secs] [Times: user=0.00 sys=0.00, real=0.01 secs] 
2020-09-29T17:54:34.833+0200: 63.135: [GC (Allocation Failure) [PSYoungGen: 621924K->33957K(650240K)] 676568K->88601K(2048512K), 0.0117816 secs] [Times: user=0.00 sys=0.00, real=0.01 secs] 
2020-09-29T17:54:34.896+0200: 63.199: [GC (Allocation Failure) [PSYoungGen: 635045K->17794K(649728K)] 689689K->72438K(2048000K), 0.0082814 secs] [Times: user=0.00 sys=0.00, real=0.01 secs] 
2020-09-29T17:54:34.956+0200: 63.258: [GC (Allocation Failure) [PSYoungGen: 618882K->28068K(651776K)] 673526K->82712K(2050048K), 0.0110016 secs] [Times: user=0.13 sys=0.00, real=0.01 secs] 
2020-09-29T17:54:35.019+0200: 63.321: [GC (Allocation Failure) [PSYoungGen: 630692K->29156K(649728K)] 685336K->83800K(2048000K), 0.0106244 secs] [Times: user=0.13 sys=0.00, real=0.01 secs] 
2020-09-29T17:54:35.081+0200: 63.383: [GC (Allocation Failure) [PSYoungGen: 631780K->43813K(646144K)] 686424K->98457K(2044416K), 0.0140466 secs] [Times: user=0.13 sys=0.00, real=0.01 secs] 
2020-09-29T17:54:35.146+0200: 63.449: [GC (Allocation Failure) [PSYoungGen: 644389K->42853K(643584K)] 699033K->97497K(2041856K), 0.0137557 secs] [Times: user=0.00 sys=0.00, real=0.01 secs] 
2020-09-29T17:54:35.211+0200: 63.514: [GC (Allocation Failure) [PSYoungGen: 643429K->41925K(643072K)] 698073K->96569K(2041344K), 0.0142109 secs] [Times: user=0.13 sys=0.00, real=0.02 secs] 
2020-09-29T17:54:35.276+0200: 63.578: [GC (Allocation Failure) [PSYoungGen: 633285K->31589K(645120K)] 687929K->86233K(2043392K), 0.0109422 secs] [Times: user=0.13 sys=0.00, real=0.01 secs] 
2020-09-29T17:54:35.341+0200: 63.644: [GC (Allocation Failure) [PSYoungGen: 622949K->20260K(646144K)] 677593K->74904K(2044416K), 0.0081798 secs] [Times: user=0.13 sys=0.00, real=0.01 secs] 
2020-09-29T17:54:35.401+0200: 63.704: [GC (Allocation Failure) [PSYoungGen: 614692K->39908K(634368K)] 669336K->94552K(2032640K), 0.0146415 secs] [Times: user=0.13 sys=0.00, real=0.01 secs] 
2020-09-29T17:54:35.470+0200: 63.772: [GC (Allocation Failure) [PSYoungGen: 634340K->46405K(639488K)] 688984K->101049K(2037760K), 0.0151851 secs] [Times: user=0.13 sys=0.00, real=0.01 secs] 
2020-09-29T17:54:35.535+0200: 63.838: [GC (Allocation Failure) [PSYoungGen: 632645K->27268K(642560K)] 687289K->81912K(2040832K), 0.0104711 secs] [Times: user=0.13 sys=0.00, real=0.01 secs] 
2020-09-29T17:54:35.600+0200: 63.903: [GC (Allocation Failure) [PSYoungGen: 613508K->52901K(633344K)] 668152K->107545K(2031616K), 0.0185551 secs] [Times: user=0.13 sys=0.00, real=0.02 secs] 
2020-09-29T17:54:35.670+0200: 63.972: [GC (Allocation Failure) [PSYoungGen: 630949K->28292K(638464K)] 685593K->82936K(2036736K), 0.0107008 secs] [Times: user=0.13 sys=0.00, real=0.01 secs] 
2020-09-29T17:54:35.731+0200: 64.034: [GC (Allocation Failure) [PSYoungGen: 606340K->31780K(642048K)] 660984K->86424K(2040320K), 0.0121549 secs] [Times: user=0.13 sys=0.00, real=0.01 secs] 
2020-09-29T17:54:35.794+0200: 64.096: [GC (Allocation Failure) [PSYoungGen: 614948K->40773K(640000K)] 669592K->95417K(2038272K), 0.0138630 secs] [Times: user=0.13 sys=0.00, real=0.01 secs] 
2020-09-29T17:54:35.857+0200: 64.160: [GC (Allocation Failure) [PSYoungGen: 623941K->36005K(643584K)] 678585K->90649K(2041856K), 0.0122819 secs] [Times: user=0.13 sys=0.00, real=0.01 secs] 
2020-09-29T17:54:35.921+0200: 64.223: [GC (Allocation Failure) [PSYoungGen: 622245K->33284K(641536K)] 676889K->87928K(2039808K), 0.0117650 secs] [Times: user=0.13 sys=0.00, real=0.01 secs] 
2020-09-29T17:54:35.983+0200: 64.286: [GC (Allocation Failure) [PSYoungGen: 619524K->31589K(646656K)] 674168K->86233K(2044928K), 0.0119034 secs] [Times: user=0.13 sys=0.00, real=0.01 secs] 
2020-09-29T17:54:36.046+0200: 64.349: [GC (Allocation Failure) [PSYoungGen: 624485K->36517K(645120K)] 679129K->91161K(2043392K), 0.0133864 secs] [Times: user=0.13 sys=0.00, real=0.01 secs] 
2020-09-29T17:54:36.111+0200: 64.413: [GC (Allocation Failure) [PSYoungGen: 629413K->26308K(647680K)] 684057K->80952K(2045952K), 0.0094955 secs] [Times: user=0.13 sys=0.00, real=0.01 secs] 
2020-09-29T17:54:36.172+0200: 64.475: [GC (Allocation Failure) [PSYoungGen: 622788K->33957K(647680K)] 677432K->88601K(2045952K), 0.0125119 secs] [Times: user=0.13 sys=0.00, real=0.01 secs] 
2020-09-29T17:54:36.236+0200: 64.538: [GC (Allocation Failure) [PSYoungGen: 630437K->13058K(645120K)] 685081K->67702K(2043392K), 0.0068057 secs] [Times: user=0.13 sys=0.00, real=0.01 secs] 
2020-09-29T17:54:36.295+0200: 64.597: [GC (Allocation Failure) [PSYoungGen: 608514K->34309K(647168K)] 663158K->88953K(2045440K), 0.0122443 secs] [Times: user=0.13 sys=0.00, real=0.01 secs] 
2020-09-29T17:54:36.359+0200: 64.662: [GC (Allocation Failure) [PSYoungGen: 629765K->27172K(649216K)] 684409K->81816K(2047488K), 0.0106819 secs] [Times: user=0.13 sys=0.00, real=0.01 secs] 
2020-09-29T17:54:36.422+0200: 64.724: [GC (Allocation Failure) [PSYoungGen: 625700K->37765K(648192K)] 680344K->92409K(2046464K), 0.0130799 secs] [Times: user=0.13 sys=0.00, real=0.01 secs] 
2020-09-29T17:54:36.487+0200: 64.790: [GC (Allocation Failure) [PSYoungGen: 636293K->48421K(640512K)] 690937K->103065K(2038784K), 0.0165166 secs] [Times: user=0.14 sys=0.00, real=0.02 secs] 
2020-09-29T17:54:36.554+0200: 64.857: [GC (Allocation Failure) [PSYoungGen: 638757K->21315K(644608K)] 693401K->75959K(2042880K), 0.0098903 secs] [Times: user=0.00 sys=0.00, real=0.02 secs] 
2020-09-29T17:54:36.626+0200: 64.929: [GC (Allocation Failure) [PSYoungGen: 611651K->22371K(645120K)] 666295K->77015K(2043392K), 0.0091261 secs] [Times: user=0.13 sys=0.00, real=0.01 secs] 
2020-09-29T17:54:36.686+0200: 64.989: [GC (Allocation Failure) [PSYoungGen: 613219K->37892K(644608K)] 667863K->92536K(2042880K), 0.0139762 secs] [Times: user=0.13 sys=0.00, real=0.01 secs] 
2020-09-29T17:54:36.751+0200: 65.053: [GC (Allocation Failure) [PSYoungGen: 628740K->39076K(644608K)] 683384K->93720K(2042880K), 0.0144324 secs] [Times: user=0.13 sys=0.00, real=0.01 secs] 
2020-09-29T17:54:36.819+0200: 65.122: [GC (Allocation Failure) [PSYoungGen: 629412K->41477K(632320K)] 684056K->96121K(2030592K), 0.0158285 secs] [Times: user=0.13 sys=0.00, real=0.02 secs] 
2020-09-29T17:54:36.888+0200: 65.191: [GC (Allocation Failure) [PSYoungGen: 631813K->26115K(644096K)] 686457K->80759K(2042368K), 0.0117965 secs] [Times: user=0.13 sys=0.00, real=0.01 secs] 
2020-09-29T17:54:36.953+0200: 65.256: [GC (Allocation Failure) [PSYoungGen: 614915K->40645K(643584K)] 669559K->95289K(2041856K), 0.0149679 secs] [Times: user=0.13 sys=0.00, real=0.01 secs] 
2020-09-29T17:54:37.019+0200: 65.322: [GC (Allocation Failure) [PSYoungGen: 629445K->27877K(644608K)] 684089K->82521K(2042880K), 0.0100617 secs] [Times: user=0.13 sys=0.00, real=0.01 secs] 
2020-09-29T17:54:37.081+0200: 65.384: [GC (Allocation Failure) [PSYoungGen: 617189K->42917K(632320K)] 671833K->97561K(2030592K), 0.0153747 secs] [Times: user=0.09 sys=0.00, real=0.02 secs] 
2020-09-29T17:54:37.148+0200: 65.450: [GC (Allocation Failure) [PSYoungGen: 632229K->44293K(640000K)] 686873K->98937K(2038272K), 0.0154546 secs] [Times: user=0.13 sys=0.00, real=0.02 secs] 
2020-09-29T17:54:37.213+0200: 65.516: [GC (Allocation Failure) [PSYoungGen: 628485K->39205K(641536K)] 683129K->93849K(2039808K), 0.0134433 secs] [Times: user=0.13 sys=0.00, real=0.01 secs] 
2020-09-29T17:54:37.276+0200: 65.579: [GC (Allocation Failure) [PSYoungGen: 623397K->49221K(635904K)] 678041K->103865K(2034176K), 0.0163216 secs] [Times: user=0.13 sys=0.00, real=0.02 secs] 
2020-09-29T17:54:37.343+0200: 65.645: [GC (Allocation Failure) [PSYoungGen: 628293K->54053K(633344K)] 682937K->108697K(2031616K), 0.0178349 secs] [Times: user=0.13 sys=0.00, real=0.02 secs] 
2020-09-29T17:54:37.410+0200: 65.713: [GC (Allocation Failure) [PSYoungGen: 633125K->29988K(635904K)] 687769K->84632K(2034176K), 0.0118191 secs] [Times: user=0.00 sys=0.00, real=0.01 secs] 
2020-09-29T17:54:37.471+0200: 65.774: [GC (Allocation Failure) [PSYoungGen: 601892K->27685K(634880K)] 656536K->82329K(2033152K), 0.0087741 secs] [Times: user=0.13 sys=0.00, real=0.01 secs] 
2020-09-29T17:54:37.530+0200: 65.832: [GC (Allocation Failure) [PSYoungGen: 599589K->24452K(637440K)] 654233K->79096K(2035712K), 0.0088941 secs] [Times: user=0.13 sys=0.00, real=0.01 secs] 
2020-09-29T17:54:37.592+0200: 65.895: [GC (Allocation Failure) [PSYoungGen: 599940K->24867K(636928K)] 654584K->79511K(2035200K), 0.0111639 secs] [Times: user=0.11 sys=0.00, real=0.01 secs] 
2020-09-29T17:54:37.654+0200: 65.957: [GC (Allocation Failure) [PSYoungGen: 600355K->39588K(638976K)] 654999K->94232K(2037248K), 0.0141905 secs] [Times: user=0.13 sys=0.00, real=0.01 secs] 
2020-09-29T17:54:37.717+0200: 66.020: [GC (Allocation Failure) [PSYoungGen: 617636K->29316K(637952K)] 672280K->83960K(2036224K), 0.0110313 secs] [Times: user=0.13 sys=0.00, real=0.01 secs] 
2020-09-29T17:54:37.778+0200: 66.081: [GC (Allocation Failure) [PSYoungGen: 607364K->32933K(642560K)] 662008K->87577K(2040832K), 0.0120854 secs] [Times: user=0.13 sys=0.00, real=0.01 secs] 
2020-09-29T17:54:37.842+0200: 66.145: [GC (Allocation Failure) [PSYoungGen: 617125K->41284K(640512K)] 671769K->95928K(2038784K), 0.0154543 secs] [Times: user=0.13 sys=0.00, real=0.02 secs] 
2020-09-29T17:54:37.907+0200: 66.210: [GC (Allocation Failure) [PSYoungGen: 625476K->20355K(641024K)] 680120K->74999K(2039296K), 0.0083933 secs] [Times: user=0.13 sys=0.00, real=0.01 secs] 
2020-09-29T17:54:37.967+0200: 66.269: [GC (Allocation Failure) [PSYoungGen: 604547K->26500K(641536K)] 659191K->81144K(2039808K), 0.0096719 secs] [Times: user=0.13 sys=0.00, real=0.01 secs] 
2020-09-29T17:54:38.027+0200: 66.329: [GC (Allocation Failure) [PSYoungGen: 610692K->33412K(645120K)] 665336K->88056K(2043392K), 0.0122254 secs] [Times: user=0.13 sys=0.00, real=0.01 secs] 
2020-09-29T17:54:38.091+0200: 66.393: [GC (Allocation Failure) [PSYoungGen: 622724K->48549K(637952K)] 677368K->103193K(2036224K), 0.0167107 secs] [Times: user=0.13 sys=0.00, real=0.02 secs] 
2020-09-29T17:54:38.158+0200: 66.460: [GC (Allocation Failure) [PSYoungGen: 637861K->36037K(643072K)] 692505K->90681K(2041344K), 0.0124584 secs] [Times: user=0.13 sys=0.00, real=0.01 secs] 
2020-09-29T17:54:38.221+0200: 66.523: [GC (Allocation Failure) [PSYoungGen: 621253K->33381K(641024K)] 675897K->88025K(2039296K), 0.0118074 secs] [Times: user=0.13 sys=0.00, real=0.01 secs] 
2020-09-29T17:54:38.283+0200: 66.585: [GC (Allocation Failure) [PSYoungGen: 618597K->44421K(641536K)] 673241K->99065K(2039808K), 0.0152994 secs] [Times: user=0.13 sys=0.00, real=0.02 secs] 
2020-09-29T17:54:38.349+0200: 66.651: [GC (Allocation Failure) [PSYoungGen: 631685K->43781K(631296K)] 686329K->98425K(2029568K), 0.0147739 secs] [Times: user=0.00 sys=0.00, real=0.01 secs] 
2020-09-29T17:54:38.414+0200: 66.716: [GC (Allocation Failure) [PSYoungGen: 631045K->43109K(641024K)] 685689K->97753K(2039296K), 0.0145793 secs] [Times: user=0.13 sys=0.00, real=0.01 secs] 
2020-09-29T17:54:38.479+0200: 66.781: [GC (Allocation Failure) [PSYoungGen: 627301K->22115K(606720K)] 681945K->76759K(2004992K), 0.0091696 secs] [Times: user=0.00 sys=0.00, real=0.01 secs] 
2020-09-29T17:54:38.540+0200: 66.842: [GC (Allocation Failure) [PSYoungGen: 606307K->30436K(642560K)] 660951K->85080K(2040832K), 0.0116262 secs] [Times: user=0.13 sys=0.00, real=0.01 secs] 
2020-09-29T17:54:38.603+0200: 66.905: [GC (Allocation Failure) [PSYoungGen: 615140K->26116K(641024K)] 669784K->80760K(2039296K), 0.0107860 secs] [Times: user=0.11 sys=0.00, real=0.01 secs] 
2020-09-29T17:54:38.665+0200: 66.967: [GC (Allocation Failure) [PSYoungGen: 610820K->36613K(644096K)] 665464K->91257K(2042368K), 0.0129295 secs] [Times: user=0.13 sys=0.00, real=0.01 secs] 
2020-09-29T17:54:38.728+0200: 67.030: [GC (Allocation Failure) [PSYoungGen: 624901K->35204K(643072K)] 679545K->89848K(2041344K), 0.0132549 secs] [Times: user=0.13 sys=0.00, real=0.01 secs] 
2020-09-29T17:54:38.792+0200: 67.094: [GC (Allocation Failure) [PSYoungGen: 623492K->35140K(647680K)] 678136K->89784K(2045952K), 0.0130473 secs] [Times: user=0.13 sys=0.00, real=0.01 secs] 
2020-09-29T17:54:38.857+0200: 67.159: [GC (Allocation Failure) [PSYoungGen: 630084K->28485K(646144K)] 684728K->83129K(2044416K), 0.0103289 secs] [Times: user=0.13 sys=0.00, real=0.01 secs] 
2020-09-29T17:54:38.918+0200: 67.220: [GC (Allocation Failure) [PSYoungGen: 623429K->49253K(640000K)] 678073K->103897K(2038272K), 0.0167058 secs] [Times: user=0.13 sys=0.00, real=0.02 secs] 
2020-09-29T17:54:38.985+0200: 67.287: [GC (Allocation Failure) [PSYoungGen: 638565K->36037K(644096K)] 693209K->90681K(2042368K), 0.0121543 secs] [Times: user=0.13 sys=0.00, real=0.01 secs] 
2020-09-29T17:54:39.048+0200: 67.350: [GC (Allocation Failure) [PSYoungGen: 625349K->22020K(644608K)] 679993K->76664K(2042880K), 0.0093331 secs] [Times: user=0.13 sys=0.00, real=0.01 secs] 
2020-09-29T17:54:39.109+0200: 67.411: [GC (Allocation Failure) [PSYoungGen: 613380K->38084K(645120K)] 668024K->92728K(2043392K), 0.0142396 secs] [Times: user=0.13 sys=0.00, real=0.01 secs] 
2020-09-29T17:54:39.177+0200: 67.479: [GC (Allocation Failure) [PSYoungGen: 629444K->26723K(646144K)] 684088K->81367K(2044416K), 0.0123074 secs] [Times: user=0.00 sys=0.00, real=0.01 secs] 
2020-09-29T17:54:39.243+0200: 67.545: [GC (Allocation Failure) [PSYoungGen: 619619K->45253K(638464K)] 674263K->99897K(2036736K), 0.0174240 secs] [Times: user=0.13 sys=0.00, real=0.02 secs] 
2020-09-29T17:54:39.313+0200: 67.615: [GC (Allocation Failure) [PSYoungGen: 638149K->36421K(645120K)] 692793K->91065K(2043392K), 0.0127440 secs] [Times: user=0.13 sys=0.00, real=0.01 secs] 
2020-09-29T17:54:39.376+0200: 67.678: [GC (Allocation Failure) [PSYoungGen: 626245K->36163K(643584K)] 680889K->90807K(2041856K), 0.0138499 secs] [Times: user=0.11 sys=0.00, real=0.01 secs] 
2020-09-29T17:54:39.441+0200: 67.743: [GC (Allocation Failure) [PSYoungGen: 625987K->38085K(647168K)] 680631K->92729K(2045440K), 0.0132668 secs] [Times: user=0.13 sys=0.00, real=0.01 secs] 
2020-09-29T17:54:39.506+0200: 67.808: [GC (Allocation Failure) [PSYoungGen: 633029K->45093K(640512K)] 687673K->99737K(2038784K), 0.0154167 secs] [Times: user=0.13 sys=0.00, real=0.01 secs] 
2020-09-29T17:54:39.574+0200: 67.876: [GC (Allocation Failure) [PSYoungGen: 640037K->23203K(644096K)] 694681K->77847K(2042368K), 0.0113079 secs] [Times: user=0.11 sys=0.00, real=0.01 secs] 
2020-09-29T17:54:39.641+0200: 67.943: [GC (Allocation Failure) [PSYoungGen: 613539K->39333K(644608K)] 668183K->93977K(2042880K), 0.0142446 secs] [Times: user=0.13 sys=0.00, real=0.01 secs] 
2020-09-29T17:54:39.706+0200: 68.008: [GC (Allocation Failure) [PSYoungGen: 629669K->41797K(644096K)] 684313K->96441K(2042368K), 0.0137367 secs] [Times: user=0.13 sys=0.00, real=0.01 secs] 
2020-09-29T17:54:39.771+0200: 68.074: [GC (Allocation Failure) [PSYoungGen: 632133K->44229K(634880K)] 686777K->98873K(2033152K), 0.0160226 secs] [Times: user=0.13 sys=0.00, real=0.02 secs] 
2020-09-29T17:54:39.838+0200: 68.140: [GC (Allocation Failure) [PSYoungGen: 634565K->32901K(644608K)] 689209K->87545K(2042880K), 0.0114067 secs] [Times: user=0.13 sys=0.00, real=0.01 secs] 
2020-09-29T17:54:39.901+0200: 68.203: [GC (Allocation Failure) [PSYoungGen: 622213K->47973K(637440K)] 676857K->102617K(2035712K), 0.0163266 secs] [Times: user=0.13 sys=0.00, real=0.02 secs] 
2020-09-29T17:54:39.967+0200: 68.270: [GC (Allocation Failure) [PSYoungGen: 637285K->35749K(643584K)] 691929K->90393K(2041856K), 0.0131208 secs] [Times: user=0.13 sys=0.00, real=0.01 secs] 
2020-09-29T17:54:40.031+0200: 68.333: [GC (Allocation Failure) [PSYoungGen: 622501K->34565K(642048K)] 677145K->89209K(2040320K), 0.0118136 secs] [Times: user=0.13 sys=0.00, real=0.01 secs] 
2020-09-29T17:54:40.094+0200: 68.396: [GC (Allocation Failure) [PSYoungGen: 621317K->31716K(645632K)] 675961K->86360K(2043904K), 0.0119390 secs] [Times: user=0.13 sys=0.00, real=0.01 secs] 
2020-09-29T17:54:40.157+0200: 68.459: [GC (Allocation Failure) [PSYoungGen: 623076K->33540K(644608K)] 677720K->88184K(2042880K), 0.0127340 secs] [Times: user=0.13 sys=0.00, real=0.01 secs] 
2020-09-29T17:54:40.220+0200: 68.522: [GC (Allocation Failure) [PSYoungGen: 624900K->36195K(648192K)] 679544K->90839K(2046464K), 0.0139729 secs] [Times: user=0.13 sys=0.00, real=0.01 secs] 
2020-09-29T17:54:40.285+0200: 68.587: [GC (Allocation Failure) [PSYoungGen: 632163K->50661K(646656K)] 686807K->112505K(2044928K), 0.0202309 secs] [Times: user=0.22 sys=0.03, real=0.02 secs] 
2020-09-29T17:54:40.356+0200: 68.659: [GC (Allocation Failure) [PSYoungGen: 646279K->22052K(634368K)] 708123K->83896K(2032640K), 0.0086289 secs] [Times: user=0.13 sys=0.00, real=0.01 secs] 
2020-09-29T17:54:40.415+0200: 68.717: [GC (Allocation Failure) [PSYoungGen: 604196K->29668K(640512K)] 666040K->91512K(2038784K), 0.0109392 secs] [Times: user=0.00 sys=0.00, real=0.01 secs] 
2020-09-29T17:54:40.476+0200: 68.778: [GC (Allocation Failure) [PSYoungGen: 611812K->37541K(643072K)] 673656K->99385K(2041344K), 0.0129415 secs] [Times: user=0.02 sys=0.03, real=0.01 secs] 
2020-09-29T17:54:40.540+0200: 68.842: [GC (Allocation Failure) [PSYoungGen: 623269K->20452K(641536K)] 685113K->82296K(2039808K), 0.0071070 secs] [Times: user=0.00 sys=0.00, real=0.01 secs] 
2020-09-29T17:54:40.599+0200: 68.902: [GC (Allocation Failure) [PSYoungGen: 606180K->30085K(643584K)] 668024K->91929K(2041856K), 0.0124178 secs] [Times: user=0.00 sys=0.00, real=0.01 secs] 
2020-09-29T17:54:40.665+0200: 68.967: [GC (Allocation Failure) [PSYoungGen: 617349K->43173K(642560K)] 679193K->105017K(2040832K), 0.0144756 secs] [Times: user=0.13 sys=0.00, real=0.02 secs] 
2020-09-29T17:54:40.730+0200: 69.033: [GC (Allocation Failure) [PSYoungGen: 630437K->28484K(643584K)] 692281K->90328K(2041856K), 0.0110886 secs] [Times: user=0.13 sys=0.00, real=0.01 secs] 
2020-09-29T17:54:40.792+0200: 69.094: [GC (Allocation Failure) [PSYoungGen: 615748K->38340K(642560K)] 677592K->100184K(2040832K), 0.0137490 secs] [Times: user=0.13 sys=0.00, real=0.01 secs] 
2020-09-29T17:54:40.856+0200: 69.158: [GC (Allocation Failure) [PSYoungGen: 625604K->37669K(645120K)] 687448K->99513K(2043392K), 0.0129203 secs] [Times: user=0.13 sys=0.00, real=0.01 secs] 
2020-09-29T17:54:40.921+0200: 69.223: [GC (Allocation Failure) [PSYoungGen: 628005K->26437K(644096K)] 689849K->88281K(2042368K), 0.0089794 secs] [Times: user=0.13 sys=0.00, real=0.01 secs] 
2020-09-29T17:54:40.980+0200: 69.282: [GC (Allocation Failure) [PSYoungGen: 616773K->42533K(642560K)] 678617K->104377K(2040832K), 0.0151005 secs] [Times: user=0.13 sys=0.00, real=0.01 secs] 
2020-09-29T17:54:41.046+0200: 69.348: [GC (Allocation Failure) [PSYoungGen: 631845K->43941K(633344K)] 693689K->105785K(2031616K), 0.0146271 secs] [Times: user=0.13 sys=0.00, real=0.01 secs] 
2020-09-29T17:54:41.111+0200: 69.414: [GC (Allocation Failure) [PSYoungGen: 633253K->44516K(640000K)] 695097K->106360K(2038272K), 0.0155877 secs] [Times: user=0.13 sys=0.00, real=0.02 secs] 
2020-09-29T17:54:41.177+0200: 69.479: [GC (Allocation Failure) [PSYoungGen: 628708K->39876K(641536K)] 690552K->101720K(2039808K), 0.0142047 secs] [Times: user=0.00 sys=0.00, real=0.01 secs] 
2020-09-29T17:54:41.241+0200: 69.543: [GC (Allocation Failure) [PSYoungGen: 624068K->34979K(644096K)] 685912K->96823K(2042368K), 0.0131102 secs] [Times: user=0.00 sys=0.00, real=0.01 secs] 
2020-09-29T17:54:41.305+0200: 69.607: [GC (Allocation Failure) [PSYoungGen: 622755K->34885K(642560K)] 684599K->96729K(2040832K), 0.0126204 secs] [Times: user=0.13 sys=0.00, real=0.01 secs] 
2020-09-29T17:54:41.368+0200: 69.670: [GC (Allocation Failure) [PSYoungGen: 622661K->20932K(643584K)] 684505K->82776K(2041856K), 0.0079985 secs] [Times: user=0.00 sys=0.00, real=0.01 secs] 
2020-09-29T17:54:41.428+0200: 69.730: [GC (Allocation Failure) [PSYoungGen: 611268K->37093K(644608K)] 673112K->98937K(2042880K), 0.0132260 secs] [Times: user=0.00 sys=0.00, real=0.01 secs] 
2020-09-29T17:54:41.492+0200: 69.794: [GC (Allocation Failure) [PSYoungGen: 627429K->24739K(645632K)] 689273K->86583K(2043904K), 0.0095328 secs] [Times: user=0.00 sys=0.00, real=0.01 secs] 
2020-09-29T17:54:41.552+0200: 69.854: [GC (Allocation Failure) [PSYoungGen: 617123K->28932K(645632K)] 678967K->90776K(2043904K), 0.0110539 secs] [Times: user=0.00 sys=0.00, real=0.01 secs] 
2020-09-29T17:54:41.617+0200: 69.919: [GC (Allocation Failure) [PSYoungGen: 621316K->30307K(647680K)] 683160K->92151K(2045952K), 0.0141906 secs] [Times: user=0.09 sys=0.00, real=0.01 secs] 
2020-09-29T17:54:41.683+0200: 69.985: [GC (Allocation Failure) [PSYoungGen: 625763K->24133K(646656K)] 687607K->85977K(2044928K), 0.0080868 secs] [Times: user=0.00 sys=0.00, real=0.01 secs] 
2020-09-29T17:54:41.742+0200: 70.044: [GC (Allocation Failure) [PSYoungGen: 619589K->31140K(649728K)] 681433K->92984K(2048000K), 0.0115133 secs] [Times: user=0.00 sys=0.00, real=0.01 secs] 
2020-09-29T17:54:41.805+0200: 70.107: [GC (Allocation Failure) [PSYoungGen: 630180K->42277K(641536K)] 692024K->104121K(2039808K), 0.0139740 secs] [Times: user=0.13 sys=0.00, real=0.01 secs] 
2020-09-29T17:54:41.871+0200: 70.173: [GC (Allocation Failure) [PSYoungGen: 641317K->39653K(646656K)] 703161K->101497K(2044928K), 0.0138975 secs] [Times: user=0.13 sys=0.00, real=0.01 secs] 
2020-09-29T17:54:41.936+0200: 70.239: [GC (Allocation Failure) [PSYoungGen: 635109K->33573K(647168K)] 696953K->95417K(2045440K), 0.0120241 secs] [Times: user=0.13 sys=0.00, real=0.01 secs] 
2020-09-29T17:54:41.999+0200: 70.302: [GC (Allocation Failure) [PSYoungGen: 629029K->41093K(646656K)] 690873K->102937K(2044928K), 0.0146304 secs] [Times: user=0.13 sys=0.00, real=0.02 secs] 
2020-09-29T17:54:42.078+0200: 70.381: [GC (Allocation Failure) [PSYoungGen: 637573K->35973K(647680K)] 699417K->97817K(2045952K), 0.0126951 secs] [Times: user=0.13 sys=0.00, real=0.01 secs] 
2020-09-29T17:54:42.142+0200: 70.445: [GC (Allocation Failure) [PSYoungGen: 632453K->44581K(644608K)] 694297K->106425K(2042880K), 0.0148759 secs] [Times: user=0.13 sys=0.00, real=0.02 secs] 
2020-09-29T17:54:42.208+0200: 70.510: [GC (Allocation Failure) [PSYoungGen: 639013K->34788K(646656K)] 700857K->96632K(2044928K), 0.0131930 secs] [Times: user=0.00 sys=0.00, real=0.01 secs] 
2020-09-29T17:54:42.274+0200: 70.576: [GC (Allocation Failure) [PSYoungGen: 629220K->41317K(647168K)] 691064K->103161K(2045440K), 0.0185125 secs] [Times: user=0.11 sys=0.00, real=0.02 secs] 
2020-09-29T17:54:42.346+0200: 70.649: [GC (Allocation Failure) [PSYoungGen: 637797K->49925K(646656K)] 699641K->111769K(2044928K), 0.0234626 secs] [Times: user=0.22 sys=0.00, real=0.02 secs] 
2020-09-29T17:54:42.422+0200: 70.725: [GC (Allocation Failure) [PSYoungGen: 646405K->44773K(639488K)] 708249K->106617K(2037760K), 0.0152270 secs] [Times: user=0.13 sys=0.00, real=0.02 secs] 
2020-09-29T17:54:42.487+0200: 70.790: [GC (Allocation Failure) [PSYoungGen: 632037K->44197K(631808K)] 693881K->106041K(2030080K), 0.0154886 secs] [Times: user=0.13 sys=0.00, real=0.02 secs] 
2020-09-29T17:54:42.553+0200: 70.856: [GC (Allocation Failure) [PSYoungGen: 631461K->29765K(642560K)] 693305K->91609K(2040832K), 0.0094133 secs] [Times: user=0.00 sys=0.00, real=0.01 secs] 
2020-09-29T17:54:42.615+0200: 70.918: [GC (Allocation Failure) [PSYoungGen: 616005K->41637K(642560K)] 677849K->103481K(2040832K), 0.0157174 secs] [Times: user=0.11 sys=0.00, real=0.02 secs] 
2020-09-29T17:54:42.683+0200: 70.985: [GC (Allocation Failure) [PSYoungGen: 627877K->39941K(644096K)] 689721K->101785K(2042368K), 0.0136583 secs] [Times: user=0.13 sys=0.00, real=0.01 secs] 
2020-09-29T17:54:42.747+0200: 71.050: [GC (Allocation Failure) [PSYoungGen: 628229K->40293K(643072K)] 690073K->102137K(2041344K), 0.0135245 secs] [Times: user=0.13 sys=0.00, real=0.01 secs] 
2020-09-29T17:54:42.813+0200: 71.115: [GC (Allocation Failure) [PSYoungGen: 628581K->40581K(646144K)] 690425K->102425K(2044416K), 0.0132796 secs] [Times: user=0.13 sys=0.00, real=0.01 secs] 
2020-09-29T17:54:42.878+0200: 71.180: [GC (Allocation Failure) [PSYoungGen: 632965K->31429K(645120K)] 694809K->93273K(2043392K), 0.0106594 secs] [Times: user=0.11 sys=0.00, real=0.01 secs] 
2020-09-29T17:54:42.944+0200: 71.246: [GC (Allocation Failure) [PSYoungGen: 623813K->35877K(647168K)] 685657K->97721K(2045440K), 0.0164967 secs] [Times: user=0.11 sys=0.00, real=0.02 secs] 
2020-09-29T17:54:43.013+0200: 71.315: [GC (Allocation Failure) [PSYoungGen: 630309K->26883K(646144K)] 692153K->88727K(2044416K), 0.0132266 secs] [Times: user=0.09 sys=0.00, real=0.01 secs] 
2020-09-29T17:54:43.086+0200: 71.388: [GC (Allocation Failure) [PSYoungGen: 621315K->31045K(647168K)] 683159K->92889K(2045440K), 0.0109565 secs] [Times: user=0.00 sys=0.00, real=0.01 secs] 
2020-09-29T17:54:43.149+0200: 71.451: [GC (Allocation Failure) [PSYoungGen: 625989K->23428K(646656K)] 687833K->85272K(2044928K), 0.0085671 secs] [Times: user=0.00 sys=0.00, real=0.01 secs] 
2020-09-29T17:54:43.209+0200: 71.511: [GC (Allocation Failure) [PSYoungGen: 618372K->43364K(643584K)] 680216K->105208K(2041856K), 0.0152217 secs] [Times: user=0.13 sys=0.00, real=0.01 secs] 
2020-09-29T17:54:43.275+0200: 71.577: [GC (Allocation Failure) [PSYoungGen: 634724K->33093K(645120K)] 696568K->94937K(2043392K), 0.0115752 secs] [Times: user=0.13 sys=0.00, real=0.01 secs] 
2020-09-29T17:54:43.340+0200: 71.642: [GC (Allocation Failure) [PSYoungGen: 624453K->36517K(647680K)] 686297K->98361K(2045952K), 0.0167957 secs] [Times: user=0.13 sys=0.00, real=0.02 secs] 
2020-09-29T17:54:43.435+0200: 71.737: [GC (Allocation Failure) [PSYoungGen: 631973K->29284K(646656K)] 693817K->91128K(2044928K), 0.0207709 secs] [Times: user=0.05 sys=0.00, real=0.02 secs] 
2020-09-29T17:54:43.536+0200: 71.838: [GC (Allocation Failure) [PSYoungGen: 624740K->36773K(649216K)] 686584K->98617K(2047488K), 0.0187748 secs] [Times: user=0.13 sys=0.00, real=0.02 secs] 
2020-09-29T17:54:43.640+0200: 71.942: [GC (Allocation Failure) [PSYoungGen: 635301K->18372K(616960K)] 697145K->80216K(2015232K), 0.0114001 secs] [Times: user=0.09 sys=0.00, real=0.01 secs] 
2020-09-29T17:54:43.749+0200: 72.051: [GC (Allocation Failure) [PSYoungGen: 616900K->28452K(648704K)] 678744K->90296K(2046976K), 0.0163726 secs] [Times: user=0.11 sys=0.00, real=0.02 secs] 
2020-09-29T17:54:43.850+0200: 72.152: [GC (Allocation Failure) [PSYoungGen: 625956K->38053K(647680K)] 687800K->99897K(2045952K), 0.0184156 secs] [Times: user=0.13 sys=0.00, real=0.02 secs] 
2020-09-29T17:54:43.941+0200: 72.243: [GC (Allocation Failure) [PSYoungGen: 635557K->47653K(641024K)] 697401K->109497K(2039296K), 0.0218423 secs] [Times: user=0.17 sys=0.00, real=0.02 secs] 
2020-09-29T17:54:44.020+0200: 72.322: [GC (Allocation Failure) [PSYoungGen: 637989K->20323K(610816K)] 699833K->82167K(2009088K), 0.0113753 secs] [Times: user=0.00 sys=0.00, real=0.01 secs] 
2020-09-29T17:54:44.094+0200: 72.396: [GC (Allocation Failure) [PSYoungGen: 610659K->50149K(635904K)] 672503K->111993K(2034176K), 0.0240647 secs] [Times: user=0.22 sys=0.00, real=0.02 secs] 
2020-09-29T17:54:44.176+0200: 72.478: [GC (Allocation Failure) [PSYoungGen: 631269K->43333K(624640K)] 693113K->105177K(2022912K), 0.0178880 secs] [Times: user=0.17 sys=0.00, real=0.02 secs] 
2020-09-29T17:54:44.253+0200: 72.556: [GC (Allocation Failure) [PSYoungGen: 624453K->36516K(641536K)] 686297K->98360K(2039808K), 0.0176080 secs] [Times: user=0.20 sys=0.00, real=0.02 secs] 
2020-09-29T17:54:44.329+0200: 72.632: [GC (Allocation Failure) [PSYoungGen: 618660K->44421K(639488K)] 680504K->106265K(2037760K), 0.0193995 secs] [Times: user=0.22 sys=0.00, real=0.02 secs] 
2020-09-29T17:54:44.407+0200: 72.709: [GC (Allocation Failure) [PSYoungGen: 626565K->38693K(642048K)] 688409K->100537K(2040320K), 0.0183142 secs] [Times: user=0.09 sys=0.00, real=0.02 secs] 
2020-09-29T17:54:44.498+0200: 72.800: [GC (Allocation Failure) [PSYoungGen: 622373K->34308K(640512K)] 684217K->96152K(2038784K), 0.0212300 secs] [Times: user=0.06 sys=0.00, real=0.02 secs] 
2020-09-29T17:54:44.584+0200: 72.886: [GC (Allocation Failure) [PSYoungGen: 617988K->43749K(641536K)] 679832K->105593K(2039808K), 0.0200954 secs] [Times: user=0.11 sys=0.00, real=0.02 secs] 
2020-09-29T17:54:44.672+0200: 72.974: [GC (Allocation Failure) [PSYoungGen: 629989K->27588K(642560K)] 691833K->89432K(2040832K), 0.0136536 secs] [Times: user=0.13 sys=0.00, real=0.01 secs] 
2020-09-29T17:54:44.752+0200: 73.054: [GC (Allocation Failure) [PSYoungGen: 613828K->23587K(642048K)] 675672K->85431K(2040320K), 0.0135705 secs] [Times: user=0.08 sys=0.00, real=0.01 secs] 
2020-09-29T17:54:44.828+0200: 73.131: [GC (Allocation Failure) [PSYoungGen: 609827K->32452K(642560K)] 671671K->94296K(2040832K), 0.0184061 secs] [Times: user=0.09 sys=0.00, real=0.02 secs] 
2020-09-29T17:54:44.904+0200: 73.207: [GC (Allocation Failure) [PSYoungGen: 618692K->30628K(645632K)] 680536K->92472K(2043904K), 0.0135643 secs] [Times: user=0.13 sys=0.00, real=0.01 secs] 
2020-09-29T17:54:44.987+0200: 73.289: [GC (Allocation Failure) [PSYoungGen: 621476K->33605K(644096K)] 683320K->95449K(2042368K), 0.0195846 secs] [Times: user=0.20 sys=0.00, real=0.02 secs] 
2020-09-29T17:54:45.076+0200: 73.378: [GC (Allocation Failure) [PSYoungGen: 624453K->35940K(648192K)] 686297K->97784K(2046464K), 0.0228628 secs] [Times: user=0.09 sys=0.00, real=0.02 secs] 
2020-09-29T17:54:45.166+0200: 73.468: [GC (Allocation Failure) [PSYoungGen: 632420K->29380K(647168K)] 694264K->91224K(2045440K), 0.0181928 secs] [Times: user=0.09 sys=0.00, real=0.02 secs] 
2020-09-29T17:54:45.262+0200: 73.564: [GC (Allocation Failure) [PSYoungGen: 625860K->35812K(649728K)] 687704K->97656K(2048000K), 0.0176240 secs] [Times: user=0.13 sys=0.00, real=0.02 secs] 
2020-09-29T17:54:45.355+0200: 73.657: [GC (Allocation Failure) [PSYoungGen: 635876K->47653K(648192K)] 697720K->109497K(2046464K), 0.0227730 secs] [Times: user=0.13 sys=0.00, real=0.02 secs] 
2020-09-29T17:54:45.450+0200: 73.753: [GC (Allocation Failure) [PSYoungGen: 647717K->32421K(647168K)] 709561K->94265K(2045440K), 0.0164756 secs] [Times: user=0.11 sys=0.00, real=0.02 secs] 
2020-09-29T17:54:45.545+0200: 73.848: [GC (Allocation Failure) [PSYoungGen: 628901K->40196K(636928K)] 690745K->102040K(2035200K), 0.0209834 secs] [Times: user=0.11 sys=0.00, real=0.02 secs] 
2020-09-29T17:54:45.637+0200: 73.940: [GC (Allocation Failure) [PSYoungGen: 636676K->34628K(648704K)] 698520K->96472K(2046976K), 0.0246759 secs] [Times: user=0.16 sys=0.00, real=0.02 secs] 
2020-09-29T17:54:45.724+0200: 74.027: [GC (Allocation Failure) [PSYoungGen: 631620K->30053K(647168K)] 693464K->91897K(2045440K), 0.0141279 secs] [Times: user=0.00 sys=0.00, real=0.01 secs] 
2020-09-29T17:54:45.798+0200: 74.101: [GC (Allocation Failure) [PSYoungGen: 627045K->38372K(649216K)] 688889K->100216K(2047488K), 0.0179169 secs] [Times: user=0.09 sys=0.00, real=0.02 secs] 
2020-09-29T17:54:45.874+0200: 74.176: [GC (Allocation Failure) [PSYoungGen: 637924K->49637K(649216K)] 699768K->111761K(2047488K), 0.0221780 secs] [Times: user=0.23 sys=0.00, real=0.02 secs] 
2020-09-29T17:54:45.958+0200: 74.260: [GC (Allocation Failure) [PSYoungGen: 649189K->20356K(638976K)] 711313K->82480K(2037248K), 0.0116523 secs] [Times: user=0.00 sys=0.00, real=0.01 secs] 
2020-09-29T17:54:46.037+0200: 74.339: [GC (Allocation Failure) [PSYoungGen: 609668K->35493K(644096K)] 671792K->97617K(2042368K), 0.0163951 secs] [Times: user=0.13 sys=0.00, real=0.02 secs] 
2020-09-29T17:54:46.111+0200: 74.413: [GC (Allocation Failure) [PSYoungGen: 624805K->36869K(647168K)] 686929K->98993K(2045440K), 0.0163078 secs] [Times: user=0.11 sys=0.00, real=0.02 secs] 
2020-09-29T17:54:46.184+0200: 74.487: [GC (Allocation Failure) [PSYoungGen: 631301K->43429K(637952K)] 693425K->105553K(2036224K), 0.0180645 secs] [Times: user=0.11 sys=0.00, real=0.02 secs] 
2020-09-29T17:54:46.259+0200: 74.562: [GC (Allocation Failure) [PSYoungGen: 637861K->49893K(639488K)] 699985K->112017K(2037760K), 0.0184702 secs] [Times: user=0.13 sys=0.00, real=0.02 secs] 
2020-09-29T17:54:46.336+0200: 74.639: [GC (Allocation Failure) [PSYoungGen: 636133K->31011K(642560K)] 698257K->93135K(2040832K), 0.0147308 secs] [Times: user=0.13 sys=0.00, real=0.02 secs] 
2020-09-29T17:54:46.407+0200: 74.709: [GC (Allocation Failure) [PSYoungGen: 617251K->43013K(642048K)] 679375K->105137K(2040320K), 0.0182465 secs] [Times: user=0.11 sys=0.00, real=0.02 secs] 
2020-09-29T17:54:46.481+0200: 74.783: [GC (Allocation Failure) [PSYoungGen: 629253K->10243K(596992K)] 691377K->72367K(1995264K), 0.0052351 secs] [Times: user=0.00 sys=0.00, real=0.01 secs] 
2020-09-29T17:54:46.560+0200: 74.861: [GC (Allocation Failure) [PSYoungGen: 596483K->21443K(640000K)] 658607K->83567K(2038272K), 0.0119705 secs] [Times: user=0.11 sys=0.00, real=0.01 secs] 
2020-09-29T17:54:46.628+0200: 74.930: [GC (Allocation Failure) [PSYoungGen: 602563K->42052K(623616K)] 664687K->104176K(2021888K), 0.0201745 secs] [Times: user=0.20 sys=0.00, real=0.02 secs] 
2020-09-29T17:54:46.708+0200: 75.010: [GC (Allocation Failure) [PSYoungGen: 623172K->34467K(642048K)] 685296K->96591K(2040320K), 0.0184504 secs] [Times: user=0.13 sys=0.00, real=0.02 secs] 
2020-09-29T17:54:46.783+0200: 75.085: [GC (Allocation Failure) [PSYoungGen: 617123K->27459K(639488K)] 679247K->89583K(2037760K), 0.0126487 secs] [Times: user=0.09 sys=0.00, real=0.01 secs] 
2020-09-29T17:54:46.856+0200: 75.158: [GC (Allocation Failure) [PSYoungGen: 610115K->35844K(644096K)] 672239K->97968K(2042368K), 0.0180325 secs] [Times: user=0.11 sys=0.00, real=0.02 secs] 
2020-09-29T17:54:46.929+0200: 75.231: [GC (Allocation Failure) [PSYoungGen: 624132K->33475K(643072K)] 686256K->95599K(2041344K), 0.0158777 secs] [Times: user=0.13 sys=0.00, real=0.02 secs] 
2020-09-29T17:54:47.002+0200: 75.304: [GC (Allocation Failure) [PSYoungGen: 621763K->20131K(645120K)] 683887K->82255K(2043392K), 0.0109322 secs] [Times: user=0.11 sys=0.00, real=0.01 secs] 
2020-09-29T17:54:47.077+0200: 75.379: [GC (Allocation Failure) [PSYoungGen: 612515K->24643K(645632K)] 674639K->86767K(2043904K), 0.0118344 secs] [Times: user=0.13 sys=0.00, real=0.01 secs] 
2020-09-29T17:54:47.145+0200: 75.447: [GC (Allocation Failure) [PSYoungGen: 617027K->29155K(648192K)] 679151K->91279K(2046464K), 0.0165081 secs] [Times: user=0.22 sys=0.00, real=0.02 secs] 
2020-09-29T17:54:47.284+0200: 75.586: [GC (Allocation Failure) [PSYoungGen: 625123K->20322K(646656K)] 687247K->82446K(2044928K), 0.0505169 secs] [Times: user=0.08 sys=0.00, real=0.05 secs] 
2020-09-29T17:54:47.486+0200: 75.788: [GC (Allocation Failure) [PSYoungGen: 616290K->14338K(647168K)] 678414K->76462K(2045440K), 0.0462054 secs] [Times: user=0.03 sys=0.00, real=0.04 secs] 
2020-09-29T17:54:47.690+0200: 75.993: [GC (Allocation Failure) [PSYoungGen: 610818K->22787K(647680K)] 672942K->84911K(2045952K), 0.0209799 secs] [Times: user=0.13 sys=0.00, real=0.02 secs] 
2020-09-29T17:54:47.805+0200: 76.107: [GC (Allocation Failure) [PSYoungGen: 619267K->16802K(648704K)] 681391K->78926K(2046976K), 0.0174196 secs] [Times: user=0.06 sys=0.00, real=0.02 secs] 
2020-09-29T17:54:47.924+0200: 76.226: [GC (Allocation Failure) [PSYoungGen: 615330K->27363K(648704K)] 677454K->89487K(2046976K), 0.0256660 secs] [Times: user=0.11 sys=0.00, real=0.02 secs] 
2020-09-29T17:54:48.039+0200: 76.342: [GC (Allocation Failure) [PSYoungGen: 625891K->24163K(652800K)] 688015K->86287K(2051072K), 0.0173591 secs] [Times: user=0.08 sys=0.00, real=0.02 secs] 
2020-09-29T17:54:48.169+0200: 76.471: [GC (Allocation Failure) [PSYoungGen: 629347K->12418K(651264K)] 691471K->74542K(2049536K), 0.0112341 secs] [Times: user=0.08 sys=0.00, real=0.01 secs] 
2020-09-29T17:54:48.295+0200: 76.597: [GC (Allocation Failure) [PSYoungGen: 617602K->16098K(652800K)] 679726K->78222K(2051072K), 0.0122176 secs] [Times: user=0.08 sys=0.00, real=0.01 secs] 
2020-09-29T17:54:48.421+0200: 76.724: [GC (Allocation Failure) [PSYoungGen: 622306K->20706K(652288K)] 684430K->82830K(2050560K), 0.0193052 secs] [Times: user=0.06 sys=0.00, real=0.02 secs] 
2020-09-29T17:54:48.545+0200: 76.848: [GC (Allocation Failure) [PSYoungGen: 626914K->9793K(653312K)] 689038K->71917K(2051584K), 0.0086875 secs] [Times: user=0.08 sys=0.00, real=0.01 secs] 
2020-09-29T17:54:48.646+0200: 76.948: [GC (Allocation Failure) [PSYoungGen: 618561K->2625K(611840K)] 680685K->64749K(2010112K), 0.0028817 secs] [Times: user=0.00 sys=0.00, real=0.00 secs] 
2020-09-29T17:54:48.733+0200: 77.035: [GC (Allocation Failure) [PSYoungGen: 611393K->9698K(653312K)] 673517K->71822K(2051584K), 0.0079394 secs] [Times: user=0.09 sys=0.00, real=0.01 secs] 
2020-09-29T17:54:48.866+0200: 77.168: [GC (Allocation Failure) [PSYoungGen: 616930K->15298K(652800K)] 679054K->77422K(2051072K), 0.0107912 secs] [Times: user=0.00 sys=0.00, real=0.01 secs] 
2020-09-29T17:54:48.974+0200: 77.277: [GC (Allocation Failure) [PSYoungGen: 622530K->20930K(656896K)] 684654K->83054K(2055168K), 0.0116046 secs] [Times: user=0.00 sys=0.00, real=0.01 secs] 
2020-09-29T17:54:49.042+0200: 77.344: [GC (Allocation Failure) [PSYoungGen: 632956K->2881K(655360K)] 695080K->65005K(2053632K), 0.0029667 secs] [Times: user=0.00 sys=0.00, real=0.00 secs] 
2020-09-29T17:54:49.100+0200: 77.402: [GC (Allocation Failure) [PSYoungGen: 616257K->14754K(658432K)] 678381K->76878K(2056704K), 0.0081764 secs] [Times: user=0.00 sys=0.00, real=0.01 secs] 
2020-09-29T17:54:49.168+0200: 77.470: [GC (Allocation Failure) [PSYoungGen: 630690K->13505K(656384K)] 692814K->75629K(2054656K), 0.0092927 secs] [Times: user=0.13 sys=0.00, real=0.01 secs] 
2020-09-29T17:54:49.260+0200: 77.562: [GC (Allocation Failure) [PSYoungGen: 629441K->14242K(661504K)] 691565K->76366K(2059776K), 0.0085909 secs] [Times: user=0.00 sys=0.00, real=0.01 secs] 
2020-09-29T17:54:49.331+0200: 77.634: [GC (Allocation Failure) [PSYoungGen: 636834K->7874K(659968K)] 698958K->69998K(2058240K), 0.0051896 secs] [Times: user=0.13 sys=0.00, real=0.01 secs] 
2020-09-29T17:54:49.416+0200: 77.718: [GC (Allocation Failure) [PSYoungGen: 630466K->12961K(664064K)] 692590K->75085K(2062336K), 0.0095110 secs] [Times: user=0.00 sys=0.00, real=0.01 secs] 
2020-09-29T17:54:49.541+0200: 77.843: [GC (Allocation Failure) [PSYoungGen: 640161K->11233K(662016K)] 702285K->73357K(2060288K), 0.0071113 secs] [Times: user=0.00 sys=0.00, real=0.01 secs] 
2020-09-29T17:54:49.667+0200: 77.969: [GC (Allocation Failure) [PSYoungGen: 638433K->9505K(666112K)] 700557K->71629K(2064384K), 0.0075635 secs] [Times: user=0.00 sys=0.00, real=0.01 secs] 
2020-09-29T17:54:49.781+0200: 78.084: [GC (Allocation Failure) [PSYoungGen: 641825K->12513K(665088K)] 703949K->74637K(2063360K), 0.0074992 secs] [Times: user=0.13 sys=0.00, real=0.01 secs] 
Heap
 PSYoungGen      total 665088K, used 310778K [0x00000000d5580000, 0x0000000100000000, 0x0000000100000000)
  eden space 632320K, 47% used [0x00000000d5580000,0x00000000e78c6660,0x00000000fbf00000)
  from space 32768K, 38% used [0x00000000fbf00000,0x00000000fcb38490,0x00000000fdf00000)
  to   space 31744K, 0% used [0x00000000fe100000,0x00000000fe100000,0x0000000100000000)
 ParOldGen       total 1398272K, used 62124K [0x0000000080000000, 0x00000000d5580000, 0x00000000d5580000)
  object space 1398272K, 4% used [0x0000000080000000,0x0000000083cab060,0x00000000d5580000)
 Metaspace       used 2594K, capacity 4486K, committed 4864K, reserved 1056768K
  class space    used 285K, capacity 386K, committed 512K, reserved 1048576K
