Java HotSpot(TM) 64-Bit Server VM (25.261-b12) for windows-amd64 JRE (1.8.0_261-b12), built on Jun 18 2020 06:56:32 by "" with unknown MS VC++:1916
Memory: 4k page, physical 16659684k(9664496k free), swap 23213284k(9189224k free)
CommandLine flags: -XX:InitialHeapSize=2147483648 -XX:MaxHeapSize=2147483648 -XX:+PrintGC -XX:+PrintGCDateStamps -XX:+PrintGCDetails -XX:+PrintGCTimeStamps -XX:+UseCompressedClassPointers -XX:+UseCompressedOops -XX:-UseLargePagesIndividualAllocation -XX:+UseParallelGC 
2020-09-29T17:39:25.178+0200: 0.237: [GC (Allocation Failure) [PSYoungGen: 524800K->23714K(611840K)] 524800K->23722K(2010112K), 0.0355085 secs] [Times: user=0.23 sys=0.02, real=0.04 secs] 
2020-09-29T17:39:25.274+0200: 0.333: [GC (Allocation Failure) [PSYoungGen: 548514K->27700K(611840K)] 548522K->27708K(2010112K), 0.0235767 secs] [Times: user=0.11 sys=0.02, real=0.02 secs] 
2020-09-29T17:39:25.342+0200: 0.401: [GC (Allocation Failure) [PSYoungGen: 552500K->17044K(611840K)] 552508K->17052K(2010112K), 0.0072168 secs] [Times: user=0.11 sys=0.02, real=0.01 secs] 
2020-09-29T17:39:25.395+0200: 0.454: [GC (Allocation Failure) [PSYoungGen: 541844K->36069K(611840K)] 541852K->36077K(2010112K), 0.0128602 secs] [Times: user=0.00 sys=0.00, real=0.01 secs] 
2020-09-29T17:39:25.453+0200: 0.512: [GC (Allocation Failure) [PSYoungGen: 560869K->41285K(611840K)] 560877K->41293K(2010112K), 0.0156376 secs] [Times: user=0.13 sys=0.00, real=0.02 secs] 
2020-09-29T17:39:25.514+0200: 0.573: [GC (Allocation Failure) [PSYoungGen: 566085K->46485K(637440K)] 566093K->46493K(2035712K), 0.0216977 secs] [Times: user=0.19 sys=0.06, real=0.02 secs] 
2020-09-29T17:39:25.592+0200: 0.650: [GC (Allocation Failure) [PSYoungGen: 636821K->34117K(644608K)] 636829K->34533K(2042880K), 0.0152655 secs] [Times: user=0.09 sys=0.03, real=0.02 secs] 
2020-09-29T17:39:25.660+0200: 0.719: [GC (Allocation Failure) [PSYoungGen: 624453K->36517K(647168K)] 624869K->36933K(2045440K), 0.0128053 secs] [Times: user=0.03 sys=0.00, real=0.01 secs] 
2020-09-29T17:39:25.724+0200: 0.783: [GC (Allocation Failure) [PSYoungGen: 631461K->43525K(638976K)] 631877K->43941K(2037248K), 0.0145839 secs] [Times: user=0.13 sys=0.00, real=0.02 secs] 
2020-09-29T17:39:25.792+0200: 0.851: [GC (Allocation Failure) [PSYoungGen: 638469K->36805K(645632K)] 638885K->37221K(2043904K), 0.0135029 secs] [Times: user=0.13 sys=0.00, real=0.01 secs] 
2020-09-29T17:39:25.859+0200: 0.918: [GC (Allocation Failure) [PSYoungGen: 628677K->53221K(645120K)] 629093K->54781K(2043392K), 0.0180182 secs] [Times: user=0.13 sys=0.00, real=0.02 secs] 
2020-09-29T17:39:25.929+0200: 0.988: [GC (Allocation Failure) [PSYoungGen: 645093K->53733K(623616K)] 646653K->59885K(2021888K), 0.0198027 secs] [Times: user=0.13 sys=0.00, real=0.02 secs] 
2020-09-29T17:39:25.999+0200: 1.058: [GC (Allocation Failure) [PSYoungGen: 623589K->40325K(634368K)] 629741K->46477K(2032640K), 0.0144869 secs] [Times: user=0.13 sys=0.00, real=0.01 secs] 
2020-09-29T17:39:26.063+0200: 1.122: [GC (Allocation Failure) [PSYoungGen: 610181K->36005K(637952K)] 616333K->42157K(2036224K), 0.0122055 secs] [Times: user=0.13 sys=0.00, real=0.01 secs] 
2020-09-29T17:39:26.125+0200: 1.184: [GC (Allocation Failure) [PSYoungGen: 611493K->36069K(636416K)] 617645K->42221K(2034688K), 0.0129262 secs] [Times: user=0.13 sys=0.00, real=0.01 secs] 
2020-09-29T17:39:26.187+0200: 1.245: [GC (Allocation Failure) [PSYoungGen: 611557K->37317K(642048K)] 617709K->43469K(2040320K), 0.0131003 secs] [Times: user=0.13 sys=0.00, real=0.01 secs] 
2020-09-29T17:39:26.251+0200: 1.310: [GC (Allocation Failure) [PSYoungGen: 620485K->32196K(640000K)] 626637K->38348K(2038272K), 0.0118977 secs] [Times: user=0.13 sys=0.00, real=0.01 secs] 
2020-09-29T17:39:26.312+0200: 1.371: [GC (Allocation Failure) [PSYoungGen: 615364K->41125K(643072K)] 621516K->47277K(2041344K), 0.0136919 secs] [Times: user=0.13 sys=0.00, real=0.01 secs] 
2020-09-29T17:39:26.376+0200: 1.435: [GC (Allocation Failure) [PSYoungGen: 627877K->25188K(642560K)] 634029K->31340K(2040832K), 0.0095022 secs] [Times: user=0.13 sys=0.00, real=0.01 secs] 
2020-09-29T17:39:26.444+0200: 1.503: [GC (Allocation Failure) [PSYoungGen: 611940K->37733K(644096K)] 618092K->43885K(2042368K), 0.0130619 secs] [Times: user=0.01 sys=0.00, real=0.01 secs] 
2020-09-29T17:39:26.508+0200: 1.567: [GC (Allocation Failure) [PSYoungGen: 625509K->36228K(642560K)] 631661K->42380K(2040832K), 0.0128904 secs] [Times: user=0.13 sys=0.00, real=0.01 secs] 
2020-09-29T17:39:26.572+0200: 1.631: [GC (Allocation Failure) [PSYoungGen: 624004K->34404K(647168K)] 630156K->40556K(2045440K), 0.0137558 secs] [Times: user=0.11 sys=0.00, real=0.01 secs] 
2020-09-29T17:39:26.639+0200: 1.698: [GC (Allocation Failure) [PSYoungGen: 628836K->51685K(646144K)] 634988K->60685K(2044416K), 0.0191971 secs] [Times: user=0.13 sys=0.00, real=0.02 secs] 
2020-09-29T17:39:26.709+0200: 1.768: [GC (Allocation Failure) [PSYoungGen: 646117K->47461K(634880K)] 655117K->56461K(2033152K), 0.0155229 secs] [Times: user=0.13 sys=0.00, real=0.02 secs] 
2020-09-29T17:39:26.776+0200: 1.835: [GC (Allocation Failure) [PSYoungGen: 629605K->26020K(608256K)] 638605K->35020K(2006528K), 0.0099429 secs] [Times: user=0.01 sys=0.00, real=0.01 secs] 
2020-09-29T17:39:26.836+0200: 1.895: [GC (Allocation Failure) [PSYoungGen: 608164K->32451K(641024K)] 617164K->41451K(2039296K), 0.0126756 secs] [Times: user=0.13 sys=0.00, real=0.01 secs] 
2020-09-29T17:39:26.902+0200: 1.961: [GC (Allocation Failure) [PSYoungGen: 614595K->38885K(640000K)] 623595K->47885K(2038272K), 0.0134543 secs] [Times: user=0.13 sys=0.00, real=0.01 secs] 
2020-09-29T17:39:26.970+0200: 2.029: [GC (Allocation Failure) [PSYoungGen: 621029K->46789K(639488K)] 630029K->55789K(2037760K), 0.0224797 secs] [Times: user=0.19 sys=0.00, real=0.02 secs] 
2020-09-29T17:39:27.048+0200: 2.107: [GC (Allocation Failure) [PSYoungGen: 629957K->28164K(641024K)] 638957K->37164K(2039296K), 0.0130050 secs] [Times: user=0.09 sys=0.00, real=0.01 secs] 
2020-09-29T17:39:27.115+0200: 2.174: [GC (Allocation Failure) [PSYoungGen: 611332K->37157K(643072K)] 620332K->46157K(2041344K), 0.0129601 secs] [Times: user=0.00 sys=0.00, real=0.01 secs] 
2020-09-29T17:39:27.181+0200: 2.240: [GC (Allocation Failure) [PSYoungGen: 622373K->48165K(641024K)] 631373K->57165K(2039296K), 0.0177009 secs] [Times: user=0.13 sys=0.00, real=0.02 secs] 
2020-09-29T17:39:27.249+0200: 2.308: [GC (Allocation Failure) [PSYoungGen: 633381K->30308K(641536K)] 642381K->39308K(2039808K), 0.0108220 secs] [Times: user=0.13 sys=0.00, real=0.01 secs] 
2020-09-29T17:39:27.310+0200: 2.369: [GC (Allocation Failure) [PSYoungGen: 613988K->39781K(641024K)] 622988K->48781K(2039296K), 0.0136545 secs] [Times: user=0.13 sys=0.00, real=0.01 secs] 
2020-09-29T17:39:27.375+0200: 2.434: [GC (Allocation Failure) [PSYoungGen: 623461K->35333K(644096K)] 632461K->44333K(2042368K), 0.0123101 secs] [Times: user=0.13 sys=0.00, real=0.01 secs] 
2020-09-29T17:39:27.442+0200: 2.501: [GC (Allocation Failure) [PSYoungGen: 623109K->35205K(642560K)] 632109K->44205K(2040832K), 0.0133717 secs] [Times: user=0.00 sys=0.00, real=0.01 secs] 
2020-09-29T17:39:27.507+0200: 2.566: [GC (Allocation Failure) [PSYoungGen: 622981K->19523K(643072K)] 631981K->28523K(2041344K), 0.0080360 secs] [Times: user=0.00 sys=0.00, real=0.01 secs] 
2020-09-29T17:39:27.565+0200: 2.624: [GC (Allocation Failure) [PSYoungGen: 608835K->20164K(609792K)] 617835K->29164K(2008064K), 0.0088572 secs] [Times: user=0.11 sys=0.00, real=0.01 secs] 
2020-09-29T17:39:27.626+0200: 2.685: [GC (Allocation Failure) [PSYoungGen: 609476K->32228K(645120K)] 618476K->41228K(2043392K), 0.0117601 secs] [Times: user=0.11 sys=0.00, real=0.01 secs] 
2020-09-29T17:39:27.688+0200: 2.747: [GC (Allocation Failure) [PSYoungGen: 621540K->32452K(643072K)] 630540K->41452K(2041344K), 0.0119134 secs] [Times: user=0.13 sys=0.00, real=0.01 secs] 
2020-09-29T17:39:27.751+0200: 2.810: [GC (Allocation Failure) [PSYoungGen: 621764K->17891K(645632K)] 630764K->26891K(2043904K), 0.0075516 secs] [Times: user=0.13 sys=0.00, real=0.01 secs] 
2020-09-29T17:39:27.810+0200: 2.869: [GC (Allocation Failure) [PSYoungGen: 611299K->37093K(646144K)] 620299K->46093K(2044416K), 0.0126175 secs] [Times: user=0.13 sys=0.00, real=0.01 secs] 
2020-09-29T17:39:27.874+0200: 2.933: [GC (Allocation Failure) [PSYoungGen: 630501K->52709K(632832K)] 639501K->65189K(2031104K), 0.0189579 secs] [Times: user=0.13 sys=0.00, real=0.02 secs] 
2020-09-29T17:39:27.943+0200: 3.002: [GC (Allocation Failure) [PSYoungGen: 631916K->18915K(599040K)] 644396K->31395K(1997312K), 0.0079955 secs] [Times: user=0.00 sys=0.00, real=0.01 secs] 
2020-09-29T17:39:28.001+0200: 3.060: [GC (Allocation Failure) [PSYoungGen: 599011K->38436K(640000K)] 611491K->50916K(2038272K), 0.0145520 secs] [Times: user=0.13 sys=0.00, real=0.01 secs] 
2020-09-29T17:39:28.065+0200: 3.124: [GC (Allocation Failure) [PSYoungGen: 618532K->43012K(638976K)] 631012K->55492K(2037248K), 0.0151101 secs] [Times: user=0.13 sys=0.00, real=0.01 secs] 
2020-09-29T17:39:28.131+0200: 3.190: [GC (Allocation Failure) [PSYoungGen: 623108K->35141K(641536K)] 635588K->47621K(2039808K), 0.0120735 secs] [Times: user=0.00 sys=0.00, real=0.01 secs] 
2020-09-29T17:39:28.194+0200: 3.253: [GC (Allocation Failure) [PSYoungGen: 616773K->42533K(638976K)] 629253K->55013K(2037248K), 0.0147212 secs] [Times: user=0.13 sys=0.00, real=0.01 secs] 
2020-09-29T17:39:28.258+0200: 3.317: [GC (Allocation Failure) [PSYoungGen: 624165K->36261K(642560K)] 636645K->48741K(2040832K), 0.0128879 secs] [Times: user=0.13 sys=0.00, real=0.01 secs] 
2020-09-29T17:39:28.321+0200: 3.380: [GC (Allocation Failure) [PSYoungGen: 620453K->18469K(640512K)] 632933K->30949K(2038784K), 0.0061302 secs] [Times: user=0.00 sys=0.00, real=0.01 secs] 
2020-09-29T17:39:28.377+0200: 3.436: [GC (Allocation Failure) [PSYoungGen: 602661K->28389K(643072K)] 615141K->40869K(2041344K), 0.0107131 secs] [Times: user=0.13 sys=0.00, real=0.01 secs] 
2020-09-29T17:39:28.440+0200: 3.499: [GC (Allocation Failure) [PSYoungGen: 614629K->40453K(642048K)] 627109K->52933K(2040320K), 0.0135656 secs] [Times: user=0.13 sys=0.00, real=0.01 secs] 
2020-09-29T17:39:28.505+0200: 3.565: [GC (Allocation Failure) [PSYoungGen: 626693K->38725K(643072K)] 639173K->51205K(2041344K), 0.0129097 secs] [Times: user=0.00 sys=0.00, real=0.01 secs] 
2020-09-29T17:39:28.569+0200: 3.628: [GC (Allocation Failure) [PSYoungGen: 625477K->37317K(642560K)] 637957K->49797K(2040832K), 0.0139455 secs] [Times: user=0.11 sys=0.00, real=0.01 secs] 
2020-09-29T17:39:28.635+0200: 3.694: [GC (Allocation Failure) [PSYoungGen: 624069K->34340K(646144K)] 636549K->46820K(2044416K), 0.0130425 secs] [Times: user=0.13 sys=0.00, real=0.01 secs] 
2020-09-29T17:39:28.698+0200: 3.758: [GC (Allocation Failure) [PSYoungGen: 625700K->37797K(644096K)] 638180K->50277K(2042368K), 0.0124619 secs] [Times: user=0.13 sys=0.00, real=0.01 secs] 
2020-09-29T17:39:28.762+0200: 3.821: [GC (Allocation Failure) [PSYoungGen: 629157K->39525K(646656K)] 641637K->52005K(2044928K), 0.0135509 secs] [Times: user=0.13 sys=0.00, real=0.01 secs] 
2020-09-29T17:39:28.827+0200: 3.886: [GC (Allocation Failure) [PSYoungGen: 633957K->32004K(646656K)] 646437K->44484K(2044928K), 0.0119668 secs] [Times: user=0.13 sys=0.00, real=0.01 secs] 
2020-09-29T17:39:28.890+0200: 3.949: [GC (Allocation Failure) [PSYoungGen: 626436K->38501K(648192K)] 638916K->50981K(2046464K), 0.0130663 secs] [Times: user=0.13 sys=0.00, real=0.01 secs] 
2020-09-29T17:39:28.954+0200: 4.013: [GC (Allocation Failure) [PSYoungGen: 635493K->33348K(647680K)] 647973K->45828K(2045952K), 0.0120458 secs] [Times: user=0.13 sys=0.00, real=0.01 secs] 
2020-09-29T17:39:29.017+0200: 4.076: [GC (Allocation Failure) [PSYoungGen: 630340K->28548K(649728K)] 642820K->41028K(2048000K), 0.0104117 secs] [Times: user=0.13 sys=0.00, real=0.01 secs] 
2020-09-29T17:39:29.079+0200: 4.138: [GC (Allocation Failure) [PSYoungGen: 628612K->49125K(649216K)] 641092K->66797K(2047488K), 0.0185848 secs] [Times: user=0.13 sys=0.00, real=0.02 secs] 
2020-09-29T17:39:29.150+0200: 4.209: [GC (Allocation Failure) [PSYoungGen: 649189K->38308K(641024K)] 666861K->55980K(2039296K), 0.0154034 secs] [Times: user=0.13 sys=0.00, real=0.01 secs] 
2020-09-29T17:39:29.216+0200: 4.275: [GC (Allocation Failure) [PSYoungGen: 629668K->41765K(633344K)] 647340K->59437K(2031616K), 0.0147128 secs] [Times: user=0.13 sys=0.00, real=0.01 secs] 
2020-09-29T17:39:29.283+0200: 4.342: [GC (Allocation Failure) [PSYoungGen: 633125K->45157K(642560K)] 650797K->62829K(2040832K), 0.0149775 secs] [Times: user=0.13 sys=0.00, real=0.02 secs] 
2020-09-29T17:39:29.348+0200: 4.408: [GC (Allocation Failure) [PSYoungGen: 633445K->45541K(633856K)] 651117K->63213K(2032128K), 0.0152225 secs] [Times: user=0.01 sys=0.00, real=0.02 secs] 
2020-09-29T17:39:29.414+0200: 4.474: [GC (Allocation Failure) [PSYoungGen: 633829K->31492K(643072K)] 651501K->49164K(2041344K), 0.0120755 secs] [Times: user=0.13 sys=0.00, real=0.01 secs] 
2020-09-29T17:39:29.476+0200: 4.535: [GC (Allocation Failure) [PSYoungGen: 618244K->44005K(642560K)] 635916K->61677K(2040832K), 0.0152981 secs] [Times: user=0.13 sys=0.00, real=0.02 secs] 
2020-09-29T17:39:29.542+0200: 4.601: [GC (Allocation Failure) [PSYoungGen: 630757K->42885K(642560K)] 648429K->60557K(2040832K), 0.0141757 secs] [Times: user=0.13 sys=0.00, real=0.01 secs] 
2020-09-29T17:39:29.608+0200: 4.667: [GC (Allocation Failure) [PSYoungGen: 629125K->41093K(642560K)] 646797K->58765K(2040832K), 0.0151990 secs] [Times: user=0.11 sys=0.00, real=0.01 secs] 
2020-09-29T17:39:29.674+0200: 4.733: [GC (Allocation Failure) [PSYoungGen: 627333K->25445K(642560K)] 645005K->43117K(2040832K), 0.0086840 secs] [Times: user=0.13 sys=0.00, real=0.01 secs] 
2020-09-29T17:39:29.733+0200: 4.792: [GC (Allocation Failure) [PSYoungGen: 612709K->38469K(643072K)] 630381K->56141K(2041344K), 0.0133297 secs] [Times: user=0.13 sys=0.00, real=0.01 secs] 
2020-09-29T17:39:29.797+0200: 4.857: [GC (Allocation Failure) [PSYoungGen: 625733K->22339K(642560K)] 643405K->40011K(2040832K), 0.0088521 secs] [Times: user=0.13 sys=0.00, real=0.01 secs] 
2020-09-29T17:39:29.857+0200: 4.916: [GC (Allocation Failure) [PSYoungGen: 610627K->49989K(638464K)] 628299K->67661K(2036736K), 0.0162111 secs] [Times: user=0.13 sys=0.00, real=0.02 secs] 
2020-09-29T17:39:29.924+0200: 4.983: [GC (Allocation Failure) [PSYoungGen: 638277K->36004K(642048K)] 655949K->53676K(2040320K), 0.0133201 secs] [Times: user=0.13 sys=0.00, real=0.01 secs] 
2020-09-29T17:39:29.987+0200: 5.047: [GC (Allocation Failure) [PSYoungGen: 619172K->30244K(640000K)] 636844K->47916K(2038272K), 0.0113400 secs] [Times: user=0.13 sys=0.00, real=0.01 secs] 
2020-09-29T17:39:30.048+0200: 5.107: [GC (Allocation Failure) [PSYoungGen: 613412K->25316K(642560K)] 631084K->42988K(2040832K), 0.0094490 secs] [Times: user=0.13 sys=0.00, real=0.01 secs] 
2020-09-29T17:39:30.107+0200: 5.167: [GC (Allocation Failure) [PSYoungGen: 611556K->51077K(637440K)] 629228K->68749K(2035712K), 0.0171447 secs] [Times: user=0.13 sys=0.00, real=0.02 secs] 
2020-09-29T17:39:30.176+0200: 5.235: [GC (Allocation Failure) [PSYoungGen: 637317K->49349K(634880K)] 654989K->67021K(2033152K), 0.0170664 secs] [Times: user=0.13 sys=0.00, real=0.02 secs] 
2020-09-29T17:39:30.242+0200: 5.301: [GC (Allocation Failure) [PSYoungGen: 624325K->36421K(636928K)] 641997K->54093K(2035200K), 0.0134680 secs] [Times: user=0.13 sys=0.00, real=0.01 secs] 
2020-09-29T17:39:30.306+0200: 5.365: [GC (Allocation Failure) [PSYoungGen: 611397K->22980K(638464K)] 629069K->40652K(2036736K), 0.0089144 secs] [Times: user=0.00 sys=0.00, real=0.01 secs] 
2020-09-29T17:39:30.366+0200: 5.425: [GC (Allocation Failure) [PSYoungGen: 601028K->26755K(638464K)] 618700K->44427K(2036736K), 0.0107779 secs] [Times: user=0.00 sys=0.00, real=0.01 secs] 
2020-09-29T17:39:30.429+0200: 5.488: [GC (Allocation Failure) [PSYoungGen: 604803K->30629K(640512K)] 622475K->48301K(2038784K), 0.0108277 secs] [Times: user=0.00 sys=0.00, real=0.01 secs] 
2020-09-29T17:39:30.489+0200: 5.548: [GC (Allocation Failure) [PSYoungGen: 611237K->37029K(638976K)] 628909K->54701K(2037248K), 0.0119095 secs] [Times: user=0.00 sys=0.00, real=0.01 secs] 
2020-09-29T17:39:30.551+0200: 5.610: [GC (Allocation Failure) [PSYoungGen: 617637K->29285K(643072K)] 635309K->46957K(2041344K), 0.0109103 secs] [Times: user=0.00 sys=0.00, real=0.01 secs] 
2020-09-29T17:39:30.614+0200: 5.673: [GC (Allocation Failure) [PSYoungGen: 615525K->27685K(642048K)] 633197K->45357K(2040320K), 0.0105702 secs] [Times: user=0.00 sys=0.00, real=0.01 secs] 
2020-09-29T17:39:30.674+0200: 5.733: [GC (Allocation Failure) [PSYoungGen: 613925K->39653K(644096K)] 631597K->57325K(2042368K), 0.0136876 secs] [Times: user=0.13 sys=0.00, real=0.01 secs] 
2020-09-29T17:39:30.738+0200: 5.797: [GC (Allocation Failure) [PSYoungGen: 628965K->41061K(630784K)] 646637K->58733K(2029056K), 0.0139850 secs] [Times: user=0.13 sys=0.00, real=0.01 secs] 
2020-09-29T17:39:30.803+0200: 5.862: [GC (Allocation Failure) [PSYoungGen: 630373K->25539K(644096K)] 648045K->43211K(2042368K), 0.0107813 secs] [Times: user=0.00 sys=0.00, real=0.01 secs] 
2020-09-29T17:39:30.864+0200: 5.923: [GC (Allocation Failure) [PSYoungGen: 614339K->26373K(643584K)] 632011K->44045K(2041856K), 0.0089634 secs] [Times: user=0.00 sys=0.00, real=0.01 secs] 
2020-09-29T17:39:30.924+0200: 5.983: [GC (Allocation Failure) [PSYoungGen: 615173K->54245K(633344K)] 632845K->72237K(2031616K), 0.0181880 secs] [Times: user=0.25 sys=0.00, real=0.02 secs] 
2020-09-29T17:39:30.991+0200: 6.050: [GC (Allocation Failure) [PSYoungGen: 633317K->30853K(638976K)] 651309K->48845K(2037248K), 0.0103139 secs] [Times: user=0.00 sys=0.00, real=0.01 secs] 
2020-09-29T17:39:31.051+0200: 6.110: [GC (Allocation Failure) [PSYoungGen: 609925K->35684K(642560K)] 627917K->53676K(2040832K), 0.0131822 secs] [Times: user=0.00 sys=0.00, real=0.01 secs] 
2020-09-29T17:39:31.115+0200: 6.174: [GC (Allocation Failure) [PSYoungGen: 619876K->45573K(640512K)] 637868K->63565K(2038784K), 0.0154979 secs] [Times: user=0.13 sys=0.00, real=0.02 secs] 
2020-09-29T17:39:31.181+0200: 6.240: [GC (Allocation Failure) [PSYoungGen: 629765K->55557K(630784K)] 647757K->73549K(2029056K), 0.0189995 secs] [Times: user=0.13 sys=0.00, real=0.02 secs] 
2020-09-29T17:39:31.250+0200: 6.309: [GC (Allocation Failure) [PSYoungGen: 628485K->23876K(635904K)] 646477K->41868K(2034176K), 0.0087344 secs] [Times: user=0.13 sys=0.00, real=0.01 secs] 
2020-09-29T17:39:31.308+0200: 6.366: [GC (Allocation Failure) [PSYoungGen: 596804K->35813K(638464K)] 614796K->53805K(2036736K), 0.0131095 secs] [Times: user=0.13 sys=0.00, real=0.01 secs] 
2020-09-29T17:39:31.371+0200: 6.429: [GC (Allocation Failure) [PSYoungGen: 611301K->23011K(635904K)] 629293K->41003K(2034176K), 0.0090112 secs] [Times: user=0.13 sys=0.00, real=0.01 secs] 
2020-09-29T17:39:31.429+0200: 6.487: [GC (Allocation Failure) [PSYoungGen: 598499K->37188K(640000K)] 616491K->55180K(2038272K), 0.0140846 secs] [Times: user=0.13 sys=0.00, real=0.01 secs] 
2020-09-29T17:39:31.492+0200: 6.551: [GC (Allocation Failure) [PSYoungGen: 616772K->27940K(638464K)] 634764K->45932K(2036736K), 0.0107260 secs] [Times: user=0.00 sys=0.00, real=0.01 secs] 
2020-09-29T17:39:31.552+0200: 6.611: [GC (Allocation Failure) [PSYoungGen: 607524K->33285K(643072K)] 625516K->51277K(2041344K), 0.0121277 secs] [Times: user=0.00 sys=0.00, real=0.01 secs] 
2020-09-29T17:39:31.616+0200: 6.675: [GC (Allocation Failure) [PSYoungGen: 618501K->29764K(641024K)] 636493K->47756K(2039296K), 0.0116371 secs] [Times: user=0.00 sys=0.00, real=0.01 secs] 
2020-09-29T17:39:31.678+0200: 6.737: [GC (Allocation Failure) [PSYoungGen: 614980K->23940K(644608K)] 632972K->41932K(2042880K), 0.0099648 secs] [Times: user=0.00 sys=0.00, real=0.01 secs] 
2020-09-29T17:39:31.739+0200: 6.797: [GC (Allocation Failure) [PSYoungGen: 614276K->39780K(644608K)] 632268K->57772K(2042880K), 0.0145137 secs] [Times: user=0.00 sys=0.00, real=0.01 secs] 
2020-09-29T17:39:31.805+0200: 6.863: [GC (Allocation Failure) [PSYoungGen: 630116K->26019K(645120K)] 648108K->44011K(2043392K), 0.0103760 secs] [Times: user=0.00 sys=0.00, real=0.01 secs] 
2020-09-29T17:39:31.865+0200: 6.924: [GC (Allocation Failure) [PSYoungGen: 616867K->27620K(644608K)] 634859K->45612K(2042880K), 0.0104531 secs] [Times: user=0.00 sys=0.00, real=0.01 secs] 
2020-09-29T17:39:31.928+0200: 6.986: [GC (Allocation Failure) [PSYoungGen: 618468K->44229K(642048K)] 636460K->62221K(2040320K), 0.0157365 secs] [Times: user=0.13 sys=0.00, real=0.02 secs] 
2020-09-29T17:39:31.994+0200: 7.053: [GC (Allocation Failure) [PSYoungGen: 633541K->31908K(644096K)] 651533K->49900K(2042368K), 0.0117519 secs] [Times: user=0.13 sys=0.00, real=0.01 secs] 
2020-09-29T17:39:32.057+0200: 7.115: [GC (Allocation Failure) [PSYoungGen: 621220K->47045K(639488K)] 639212K->65037K(2037760K), 0.0154845 secs] [Times: user=0.13 sys=0.00, real=0.02 secs] 
2020-09-29T17:39:32.124+0200: 7.182: [GC (Allocation Failure) [PSYoungGen: 633285K->44100K(630784K)] 651277K->62092K(2029056K), 0.0151136 secs] [Times: user=0.13 sys=0.00, real=0.01 secs] 
2020-09-29T17:39:32.189+0200: 7.247: [GC (Allocation Failure) [PSYoungGen: 630340K->28709K(642048K)] 648332K->46701K(2040320K), 0.0098939 secs] [Times: user=0.13 sys=0.00, real=0.01 secs] 
2020-09-29T17:39:32.250+0200: 7.308: [GC (Allocation Failure) [PSYoungGen: 613413K->39237K(641536K)] 631405K->57229K(2039808K), 0.0149217 secs] [Times: user=0.13 sys=0.00, real=0.02 secs] 
2020-09-29T17:39:32.315+0200: 7.373: [GC (Allocation Failure) [PSYoungGen: 623941K->35812K(644608K)] 641933K->53804K(2042880K), 0.0141796 secs] [Times: user=0.11 sys=0.00, real=0.01 secs] 
2020-09-29T17:39:32.384+0200: 7.442: [GC (Allocation Failure) [PSYoungGen: 623668K->18819K(643072K)] 641660K->36811K(2041344K), 0.0075145 secs] [Times: user=0.00 sys=0.00, real=0.01 secs] 
2020-09-29T17:39:32.441+0200: 7.499: [GC (Allocation Failure) [PSYoungGen: 607619K->17156K(642560K)] 625611K->35148K(2040832K), 0.0062863 secs] [Times: user=0.13 sys=0.00, real=0.01 secs] 
2020-09-29T17:39:32.498+0200: 7.556: [GC (Allocation Failure) [PSYoungGen: 604420K->43909K(631296K)] 622412K->61901K(2029568K), 0.0207912 secs] [Times: user=0.13 sys=0.00, real=0.02 secs] 
2020-09-29T17:39:32.570+0200: 7.628: [GC (Allocation Failure) [PSYoungGen: 631173K->27267K(642560K)] 649165K->45259K(2040832K), 0.0114696 secs] [Times: user=0.00 sys=0.00, real=0.01 secs] 
2020-09-29T17:39:32.633+0200: 7.691: [GC (Allocation Failure) [PSYoungGen: 611971K->24068K(641024K)] 629963K->42060K(2039296K), 0.0090935 secs] [Times: user=0.00 sys=0.00, real=0.01 secs] 
2020-09-29T17:39:32.692+0200: 7.750: [GC (Allocation Failure) [PSYoungGen: 608772K->34245K(644608K)] 626764K->52237K(2042880K), 0.0124477 secs] [Times: user=0.00 sys=0.00, real=0.01 secs] 
2020-09-29T17:39:32.755+0200: 7.813: [GC (Allocation Failure) [PSYoungGen: 623045K->35173K(643072K)] 641037K->53165K(2041344K), 0.0122622 secs] [Times: user=0.00 sys=0.00, real=0.01 secs] 
2020-09-29T17:39:32.818+0200: 7.877: [GC (Allocation Failure) [PSYoungGen: 623973K->49733K(637440K)] 641965K->67725K(2035712K), 0.0171446 secs] [Times: user=0.13 sys=0.00, real=0.02 secs] 
2020-09-29T17:39:32.885+0200: 7.944: [GC (Allocation Failure) [PSYoungGen: 633925K->32325K(641536K)] 651917K->50317K(2039808K), 0.0107771 secs] [Times: user=0.13 sys=0.00, real=0.01 secs] 
2020-09-29T17:39:32.946+0200: 8.005: [GC (Allocation Failure) [PSYoungGen: 616517K->27204K(644608K)] 634509K->45196K(2042880K), 0.0104543 secs] [Times: user=0.00 sys=0.00, real=0.01 secs] 
2020-09-29T17:39:33.007+0200: 8.065: [GC (Allocation Failure) [PSYoungGen: 616516K->28356K(643584K)] 634508K->46348K(2041856K), 0.0107101 secs] [Times: user=0.00 sys=0.00, real=0.01 secs] 
2020-09-29T17:39:33.068+0200: 8.126: [GC (Allocation Failure) [PSYoungGen: 617668K->29765K(647168K)] 635660K->47757K(2045440K), 0.0102207 secs] [Times: user=0.00 sys=0.00, real=0.01 secs] 
2020-09-29T17:39:33.132+0200: 8.191: [GC (Allocation Failure) [PSYoungGen: 623685K->49445K(643584K)] 641677K->67437K(2041856K), 0.0216016 secs] [Times: user=0.11 sys=0.00, real=0.02 secs] 
2020-09-29T17:39:33.208+0200: 8.266: [GC (Allocation Failure) [PSYoungGen: 643365K->28165K(644096K)] 661357K->46157K(2042368K), 0.0116628 secs] [Times: user=0.00 sys=0.00, real=0.01 secs] 
2020-09-29T17:39:33.272+0200: 8.331: [GC (Allocation Failure) [PSYoungGen: 616965K->42725K(631808K)] 634957K->60717K(2030080K), 0.0153998 secs] [Times: user=0.13 sys=0.00, real=0.01 secs] 
2020-09-29T17:39:33.338+0200: 8.396: [GC (Allocation Failure) [PSYoungGen: 631525K->43620K(640512K)] 649517K->61612K(2038784K), 0.0157294 secs] [Times: user=0.13 sys=0.00, real=0.02 secs] 
2020-09-29T17:39:33.404+0200: 8.462: [GC (Allocation Failure) [PSYoungGen: 627812K->25155K(641536K)] 645804K->43147K(2039808K), 0.0098066 secs] [Times: user=0.13 sys=0.00, real=0.01 secs] 
2020-09-29T17:39:33.464+0200: 8.522: [GC (Allocation Failure) [PSYoungGen: 609347K->35109K(643584K)] 627339K->53101K(2041856K), 0.0111322 secs] [Times: user=0.13 sys=0.00, real=0.01 secs] 
2020-09-29T17:39:33.525+0200: 8.584: [GC (Allocation Failure) [PSYoungGen: 621861K->47589K(634368K)] 639853K->65581K(2032640K), 0.0161697 secs] [Times: user=0.11 sys=0.00, real=0.02 secs] 
2020-09-29T17:39:33.593+0200: 8.652: [GC (Allocation Failure) [PSYoungGen: 634341K->32805K(642560K)] 652333K->50797K(2040832K), 0.0120490 secs] [Times: user=0.11 sys=0.00, real=0.01 secs] 
2020-09-29T17:39:33.659+0200: 8.717: [GC (Allocation Failure) [PSYoungGen: 617509K->43205K(641024K)] 635501K->61197K(2039296K), 0.0142918 secs] [Times: user=0.13 sys=0.00, real=0.01 secs] 
2020-09-29T17:39:33.723+0200: 8.781: [GC (Allocation Failure) [PSYoungGen: 627909K->39973K(642560K)] 645901K->57965K(2040832K), 0.0132141 secs] [Times: user=0.13 sys=0.00, real=0.01 secs] 
2020-09-29T17:39:33.787+0200: 8.846: [GC (Allocation Failure) [PSYoungGen: 625701K->37797K(642048K)] 643693K->55789K(2040320K), 0.0129884 secs] [Times: user=0.00 sys=0.00, real=0.01 secs] 
2020-09-29T17:39:33.851+0200: 8.909: [GC (Allocation Failure) [PSYoungGen: 623525K->20579K(642048K)] 641517K->38571K(2040320K), 0.0084805 secs] [Times: user=0.00 sys=0.00, real=0.01 secs] 
2020-09-29T17:39:33.909+0200: 8.968: [GC (Allocation Failure) [PSYoungGen: 607843K->33637K(643072K)] 625835K->51629K(2041344K), 0.0116772 secs] [Times: user=0.13 sys=0.00, real=0.01 secs] 
2020-09-29T17:39:33.972+0200: 9.030: [GC (Allocation Failure) [PSYoungGen: 620901K->32997K(646656K)] 638893K->50989K(2044928K), 0.0107006 secs] [Times: user=0.08 sys=0.00, real=0.01 secs] 
2020-09-29T17:39:34.033+0200: 9.091: [GC (Allocation Failure) [PSYoungGen: 625893K->37957K(645120K)] 643885K->55949K(2043392K), 0.0126663 secs] [Times: user=0.13 sys=0.00, real=0.01 secs] 
2020-09-29T17:39:34.097+0200: 9.155: [GC (Allocation Failure) [PSYoungGen: 630853K->42917K(644096K)] 648845K->60909K(2042368K), 0.0139573 secs] [Times: user=0.13 sys=0.00, real=0.01 secs] 
2020-09-29T17:39:34.161+0200: 9.219: [GC (Allocation Failure) [PSYoungGen: 635301K->28772K(645632K)] 653293K->46764K(2043904K), 0.0100911 secs] [Times: user=0.00 sys=0.00, real=0.01 secs] 
2020-09-29T17:39:34.221+0200: 9.280: [GC (Allocation Failure) [PSYoungGen: 621156K->33156K(647680K)] 639148K->51148K(2045952K), 0.0122689 secs] [Times: user=0.13 sys=0.00, real=0.01 secs] 
2020-09-29T17:39:34.286+0200: 9.344: [GC (Allocation Failure) [PSYoungGen: 628100K->38340K(646144K)] 646092K->56332K(2044416K), 0.0137572 secs] [Times: user=0.00 sys=0.00, real=0.01 secs] 
2020-09-29T17:39:34.352+0200: 9.410: [GC (Allocation Failure) [PSYoungGen: 633284K->31460K(648704K)] 651276K->49452K(2046976K), 0.0112390 secs] [Times: user=0.00 sys=0.00, real=0.01 secs] 
2020-09-29T17:39:34.414+0200: 9.472: [GC (Allocation Failure) [PSYoungGen: 629476K->27716K(648192K)] 647468K->45708K(2046464K), 0.0104598 secs] [Times: user=0.00 sys=0.00, real=0.01 secs] 
2020-09-29T17:39:34.475+0200: 9.534: [GC (Allocation Failure) [PSYoungGen: 625732K->23332K(648192K)] 643724K->41324K(2046464K), 0.0081086 secs] [Times: user=0.00 sys=0.00, real=0.01 secs] 
2020-09-29T17:39:34.535+0200: 9.593: [GC (Allocation Failure) [PSYoungGen: 621860K->47685K(646656K)] 639852K->65677K(2044928K), 0.0161875 secs] [Times: user=0.13 sys=0.00, real=0.02 secs] 
2020-09-29T17:39:34.604+0200: 9.662: [GC (Allocation Failure) [PSYoungGen: 646213K->15298K(640512K)] 664205K->33290K(2038784K), 0.0075555 secs] [Times: user=0.00 sys=0.00, real=0.01 secs] 
2020-09-29T17:39:34.665+0200: 9.723: [GC (Allocation Failure) [PSYoungGen: 603586K->27844K(643584K)] 621578K->45836K(2041856K), 0.0128661 secs] [Times: user=0.13 sys=0.00, real=0.01 secs] 
2020-09-29T17:39:34.731+0200: 9.789: [GC (Allocation Failure) [PSYoungGen: 616132K->28197K(646656K)] 634124K->46189K(2044928K), 0.0104019 secs] [Times: user=0.13 sys=0.00, real=0.01 secs] 
2020-09-29T17:39:34.795+0200: 9.854: [GC (Allocation Failure) [PSYoungGen: 621093K->33221K(645120K)] 639085K->51213K(2043392K), 0.0139850 secs] [Times: user=0.13 sys=0.00, real=0.01 secs] 
2020-09-29T17:39:34.862+0200: 9.920: [GC (Allocation Failure) [PSYoungGen: 626117K->38148K(647168K)] 644109K->56140K(2045440K), 0.0134435 secs] [Times: user=0.13 sys=0.00, real=0.01 secs] 
2020-09-29T17:39:34.926+0200: 9.985: [GC (Allocation Failure) [PSYoungGen: 634628K->32997K(647680K)] 652620K->50989K(2045952K), 0.0118776 secs] [Times: user=0.13 sys=0.00, real=0.01 secs] 
2020-09-29T17:39:34.989+0200: 10.048: [GC (Allocation Failure) [PSYoungGen: 629477K->41509K(646144K)] 647469K->59501K(2044416K), 0.0141678 secs] [Times: user=0.00 sys=0.00, real=0.01 secs] 
2020-09-29T17:39:35.055+0200: 10.113: [GC (Allocation Failure) [PSYoungGen: 637989K->36421K(647680K)] 655981K->54413K(2045952K), 0.0117573 secs] [Times: user=0.00 sys=0.00, real=0.01 secs] 
2020-09-29T17:39:35.117+0200: 10.176: [GC (Allocation Failure) [PSYoungGen: 632901K->31333K(649728K)] 650893K->49325K(2048000K), 0.0105547 secs] [Times: user=0.00 sys=0.00, real=0.01 secs] 
2020-09-29T17:39:35.179+0200: 10.237: [GC (Allocation Failure) [PSYoungGen: 630373K->26724K(648192K)] 648365K->44716K(2046464K), 0.0101439 secs] [Times: user=0.00 sys=0.00, real=0.01 secs] 
2020-09-29T17:39:35.240+0200: 10.299: [GC (Allocation Failure) [PSYoungGen: 625764K->49125K(639488K)] 643756K->69493K(2037760K), 0.0178834 secs] [Times: user=0.13 sys=0.00, real=0.02 secs] 
2020-09-29T17:39:35.308+0200: 10.367: [GC (Allocation Failure) [PSYoungGen: 639461K->37636K(644608K)] 659829K->58004K(2042880K), 0.0151269 secs] [Times: user=0.13 sys=0.00, real=0.01 secs] 
2020-09-29T17:39:35.375+0200: 10.434: [GC (Allocation Failure) [PSYoungGen: 627972K->25764K(645632K)] 648340K->46132K(2043904K), 0.0098916 secs] [Times: user=0.13 sys=0.00, real=0.01 secs] 
2020-09-29T17:39:35.435+0200: 10.494: [GC (Allocation Failure) [PSYoungGen: 618148K->43909K(636416K)] 638516K->64277K(2034688K), 0.0151362 secs] [Times: user=0.13 sys=0.00, real=0.02 secs] 
2020-09-29T17:39:35.501+0200: 10.560: [GC (Allocation Failure) [PSYoungGen: 636293K->34661K(645632K)] 656661K->55029K(2043904K), 0.0109973 secs] [Times: user=0.13 sys=0.00, real=0.01 secs] 
2020-09-29T17:39:35.563+0200: 10.622: [GC (Allocation Failure) [PSYoungGen: 625509K->36740K(644096K)] 645877K->57108K(2042368K), 0.0137476 secs] [Times: user=0.13 sys=0.00, real=0.01 secs] 
2020-09-29T17:39:35.629+0200: 10.688: [GC (Allocation Failure) [PSYoungGen: 627588K->39653K(647168K)] 647956K->60021K(2045440K), 0.0144139 secs] [Times: user=0.00 sys=0.00, real=0.01 secs] 
2020-09-29T17:39:35.694+0200: 10.753: [GC (Allocation Failure) [PSYoungGen: 635109K->31268K(647168K)] 655477K->51636K(2045440K), 0.0119364 secs] [Times: user=0.00 sys=0.00, real=0.01 secs] 
2020-09-29T17:39:35.756+0200: 10.816: [GC (Allocation Failure) [PSYoungGen: 626724K->8803K(642560K)] 647092K->29171K(2040832K), 0.0039305 secs] [Times: user=0.00 sys=0.00, real=0.00 secs] 
2020-09-29T17:39:35.812+0200: 10.871: [GC (Allocation Failure) [PSYoungGen: 600163K->24995K(645120K)] 620531K->45363K(2043392K), 0.0100149 secs] [Times: user=0.13 sys=0.00, real=0.01 secs] 
2020-09-29T17:39:35.874+0200: 10.933: [GC (Allocation Failure) [PSYoungGen: 616355K->42181K(642560K)] 636723K->62549K(2040832K), 0.0184646 secs] [Times: user=0.11 sys=0.00, real=0.02 secs] 
2020-09-29T17:39:35.944+0200: 11.003: [GC (Allocation Failure) [PSYoungGen: 631493K->28164K(644096K)] 651861K->48532K(2042368K), 0.0103796 secs] [Times: user=0.00 sys=0.00, real=0.01 secs] 
2020-09-29T17:39:36.005+0200: 11.064: [GC (Allocation Failure) [PSYoungGen: 617476K->43237K(641536K)] 637844K->63605K(2039808K), 0.0151375 secs] [Times: user=0.13 sys=0.00, real=0.01 secs] 
2020-09-29T17:39:36.071+0200: 11.130: [GC (Allocation Failure) [PSYoungGen: 631525K->28836K(643584K)] 651893K->49204K(2041856K), 0.0109806 secs] [Times: user=0.00 sys=0.01, real=0.01 secs] 
2020-09-29T17:39:36.132+0200: 11.191: [GC (Allocation Failure) [PSYoungGen: 617124K->26020K(645632K)] 637492K->46388K(2043904K), 0.0101063 secs] [Times: user=0.00 sys=0.00, real=0.01 secs] 
2020-09-29T17:39:36.192+0200: 11.251: [GC (Allocation Failure) [PSYoungGen: 617380K->43173K(634880K)] 637748K->63541K(2033152K), 0.0144909 secs] [Times: user=0.02 sys=0.00, real=0.02 secs] 
2020-09-29T17:39:36.258+0200: 11.317: [GC (Allocation Failure) [PSYoungGen: 634533K->32933K(645632K)] 654901K->53301K(2043904K), 0.0115568 secs] [Times: user=0.03 sys=0.00, real=0.01 secs] 
2020-09-29T17:39:36.320+0200: 11.379: [GC (Allocation Failure) [PSYoungGen: 623269K->35301K(643584K)] 643637K->55669K(2041856K), 0.0137732 secs] [Times: user=0.13 sys=0.00, real=0.01 secs] 
2020-09-29T17:39:36.386+0200: 11.445: [GC (Allocation Failure) [PSYoungGen: 625637K->37701K(647168K)] 646005K->58069K(2045440K), 0.0129361 secs] [Times: user=0.13 sys=0.00, real=0.01 secs] 
2020-09-29T17:39:36.449+0200: 11.508: [GC (Allocation Failure) [PSYoungGen: 633157K->31140K(647168K)] 653525K->51508K(2045440K), 0.0119005 secs] [Times: user=0.13 sys=0.00, real=0.01 secs] 
2020-09-29T17:39:36.513+0200: 11.573: [GC (Allocation Failure) [PSYoungGen: 626596K->38629K(647680K)] 646964K->58997K(2045952K), 0.0141820 secs] [Times: user=0.11 sys=0.00, real=0.02 secs] 
2020-09-29T17:39:36.580+0200: 11.640: [GC (Allocation Failure) [PSYoungGen: 636133K->48261K(646144K)] 656501K->68629K(2044416K), 0.0170605 secs] [Times: user=0.13 sys=0.00, real=0.03 secs] 
2020-09-29T17:39:36.658+0200: 11.717: [GC (Allocation Failure) [PSYoungGen: 645765K->43396K(641024K)] 666133K->63764K(2039296K), 0.0153820 secs] [Times: user=0.13 sys=0.00, real=0.02 secs] 
2020-09-29T17:39:36.723+0200: 11.783: [GC (Allocation Failure) [PSYoungGen: 631684K->43813K(632320K)] 652052K->64181K(2030592K), 0.0149218 secs] [Times: user=0.00 sys=0.00, real=0.01 secs] 
2020-09-29T17:39:36.789+0200: 11.848: [GC (Allocation Failure) [PSYoungGen: 632101K->43813K(641536K)] 652469K->64181K(2039808K), 0.0149190 secs] [Times: user=0.13 sys=0.00, real=0.01 secs] 
2020-09-29T17:39:36.854+0200: 11.913: [GC (Allocation Failure) [PSYoungGen: 629029K->41093K(642048K)] 649397K->61461K(2040320K), 0.0143777 secs] [Times: user=0.13 sys=0.00, real=0.01 secs] 
2020-09-29T17:39:36.919+0200: 11.978: [GC (Allocation Failure) [PSYoungGen: 626309K->51909K(635904K)] 646677K->72277K(2034176K), 0.0175259 secs] [Times: user=0.13 sys=0.00, real=0.02 secs] 
2020-09-29T17:39:36.987+0200: 12.046: [GC (Allocation Failure) [PSYoungGen: 632005K->44036K(639488K)] 652373K->64404K(2037760K), 0.0160385 secs] [Times: user=0.13 sys=0.00, real=0.02 secs] 
2020-09-29T17:39:37.052+0200: 12.112: [GC (Allocation Failure) [PSYoungGen: 624132K->36229K(641024K)] 644500K->56597K(2039296K), 0.0124499 secs] [Times: user=0.00 sys=0.00, real=0.01 secs] 
2020-09-29T17:39:37.115+0200: 12.174: [GC (Allocation Failure) [PSYoungGen: 618373K->27587K(640000K)] 638741K->47955K(2038272K), 0.0110449 secs] [Times: user=0.00 sys=0.00, real=0.01 secs] 
2020-09-29T17:39:37.177+0200: 12.236: [GC (Allocation Failure) [PSYoungGen: 609731K->34532K(642048K)] 630099K->54900K(2040320K), 0.0125355 secs] [Times: user=0.00 sys=0.00, real=0.01 secs] 
2020-09-29T17:39:37.239+0200: 12.298: [GC (Allocation Failure) [PSYoungGen: 618724K->44485K(641024K)] 639092K->64853K(2039296K), 0.0152871 secs] [Times: user=0.13 sys=0.00, real=0.01 secs] 
2020-09-29T17:39:37.305+0200: 12.364: [GC (Allocation Failure) [PSYoungGen: 628677K->26852K(641536K)] 649045K->47220K(2039808K), 0.0105380 secs] [Times: user=0.00 sys=0.00, real=0.01 secs] 
2020-09-29T17:39:37.366+0200: 12.425: [GC (Allocation Failure) [PSYoungGen: 611044K->36773K(641536K)] 631412K->57141K(2039808K), 0.0129981 secs] [Times: user=0.00 sys=0.01, real=0.01 secs] 
2020-09-29T17:39:37.430+0200: 12.489: [GC (Allocation Failure) [PSYoungGen: 620965K->18276K(641024K)] 641333K->38644K(2039296K), 0.0069684 secs] [Times: user=0.00 sys=0.00, real=0.01 secs] 
2020-09-29T17:39:37.489+0200: 12.548: [GC (Allocation Failure) [PSYoungGen: 603492K->42885K(628224K)] 623860K->63253K(2026496K), 0.0149273 secs] [Times: user=0.13 sys=0.00, real=0.01 secs] 
2020-09-29T17:39:37.554+0200: 12.613: [GC (Allocation Failure) [PSYoungGen: 628101K->53925K(632832K)] 648469K->74293K(2031104K), 0.0179014 secs] [Times: user=0.13 sys=0.00, real=0.02 secs] 
2020-09-29T17:39:37.623+0200: 12.683: [GC (Allocation Failure) [PSYoungGen: 628901K->27269K(636928K)] 649269K->47637K(2035200K), 0.0095391 secs] [Times: user=0.11 sys=0.00, real=0.01 secs] 
2020-09-29T17:39:37.682+0200: 12.741: [GC (Allocation Failure) [PSYoungGen: 602245K->39909K(638464K)] 622613K->60277K(2036736K), 0.0141787 secs] [Times: user=0.13 sys=0.00, real=0.01 secs] 
2020-09-29T17:39:37.746+0200: 12.805: [GC (Allocation Failure) [PSYoungGen: 616933K->41284K(637440K)] 637301K->61652K(2035712K), 0.0148365 secs] [Times: user=0.13 sys=0.00, real=0.01 secs] 
2020-09-29T17:39:37.811+0200: 12.870: [GC (Allocation Failure) [PSYoungGen: 618308K->57765K(629248K)] 638676K->78133K(2027520K), 0.0189742 secs] [Times: user=0.13 sys=0.00, real=0.02 secs] 
2020-09-29T17:39:37.878+0200: 12.937: [GC (Allocation Failure) [PSYoungGen: 627621K->24292K(594432K)] 647989K->44660K(1992704K), 0.0089274 secs] [Times: user=0.13 sys=0.00, real=0.01 secs] 
2020-09-29T17:39:37.935+0200: 12.995: [GC (Allocation Failure) [PSYoungGen: 594148K->33541K(635904K)] 614516K->53909K(2034176K), 0.0109541 secs] [Times: user=0.11 sys=0.00, real=0.01 secs] 
2020-09-29T17:39:37.996+0200: 13.055: [GC (Allocation Failure) [PSYoungGen: 604421K->30181K(633856K)] 624789K->50549K(2032128K), 0.0107091 secs] [Times: user=0.13 sys=0.00, real=0.01 secs] 
2020-09-29T17:39:38.056+0200: 13.114: [GC (Allocation Failure) [PSYoungGen: 601061K->25028K(637440K)] 621429K->45396K(2035712K), 0.0094964 secs] [Times: user=0.00 sys=0.00, real=0.01 secs] 
2020-09-29T17:39:38.114+0200: 13.173: [GC (Allocation Failure) [PSYoungGen: 600516K->23684K(636928K)] 620884K->44052K(2035200K), 0.0094203 secs] [Times: user=0.00 sys=0.00, real=0.01 secs] 
2020-09-29T17:39:38.174+0200: 13.232: [GC (Allocation Failure) [PSYoungGen: 599172K->38629K(638976K)] 619540K->58997K(2037248K), 0.0131954 secs] [Times: user=0.13 sys=0.00, real=0.01 secs] 
2020-09-29T17:39:38.236+0200: 13.295: [GC (Allocation Failure) [PSYoungGen: 616677K->28773K(637952K)] 637045K->49141K(2036224K), 0.0099177 secs] [Times: user=0.13 sys=0.00, real=0.01 secs] 
2020-09-29T17:39:38.296+0200: 13.354: [GC (Allocation Failure) [PSYoungGen: 606821K->46309K(636416K)] 627189K->66677K(2034688K), 0.0159165 secs] [Times: user=0.13 sys=0.00, real=0.02 secs] 
2020-09-29T17:39:38.362+0200: 13.420: [GC (Allocation Failure) [PSYoungGen: 624357K->22629K(638464K)] 644725K->42997K(2036736K), 0.0080442 secs] [Times: user=0.13 sys=0.00, real=0.01 secs] 
2020-09-29T17:39:38.421+0200: 13.479: [GC (Allocation Failure) [PSYoungGen: 600677K->39012K(639488K)] 621045K->59380K(2037760K), 0.0148879 secs] [Times: user=0.13 sys=0.00, real=0.01 secs] 
2020-09-29T17:39:38.486+0200: 13.544: [GC (Allocation Failure) [PSYoungGen: 618596K->30404K(638976K)] 638964K->50772K(2037248K), 0.0116554 secs] [Times: user=0.13 sys=0.00, real=0.01 secs] 
2020-09-29T17:39:38.547+0200: 13.605: [GC (Allocation Failure) [PSYoungGen: 609988K->35749K(643072K)] 630356K->56117K(2041344K), 0.0128159 secs] [Times: user=0.13 sys=0.00, real=0.01 secs] 
2020-09-29T17:39:38.611+0200: 13.670: [GC (Allocation Failure) [PSYoungGen: 620965K->33061K(641024K)] 641333K->53429K(2039296K), 0.0122939 secs] [Times: user=0.11 sys=0.00, real=0.01 secs] 
2020-09-29T17:39:38.675+0200: 13.733: [GC (Allocation Failure) [PSYoungGen: 618277K->30341K(646144K)] 638645K->50709K(2044416K), 0.0104315 secs] [Times: user=0.13 sys=0.00, real=0.01 secs] 
2020-09-29T17:39:38.735+0200: 13.794: [GC (Allocation Failure) [PSYoungGen: 622725K->32932K(645120K)] 643093K->53300K(2043392K), 0.0117560 secs] [Times: user=0.13 sys=0.00, real=0.01 secs] 
2020-09-29T17:39:38.798+0200: 13.856: [GC (Allocation Failure) [PSYoungGen: 625316K->50949K(638464K)] 645684K->71317K(2036736K), 0.0167683 secs] [Times: user=0.13 sys=0.00, real=0.02 secs] 
2020-09-29T17:39:38.865+0200: 13.924: [GC (Allocation Failure) [PSYoungGen: 638213K->36581K(643072K)] 658581K->56949K(2041344K), 0.0117887 secs] [Times: user=0.00 sys=0.00, real=0.01 secs] 
2020-09-29T17:39:38.928+0200: 13.986: [GC (Allocation Failure) [PSYoungGen: 623845K->35973K(646656K)] 644213K->56341K(2044928K), 0.0123620 secs] [Times: user=0.00 sys=0.00, real=0.01 secs] 
2020-09-29T17:39:38.993+0200: 14.052: [GC (Allocation Failure) [PSYoungGen: 628357K->39556K(644608K)] 648725K->59924K(2042880K), 0.0145820 secs] [Times: user=0.13 sys=0.00, real=0.01 secs] 
2020-09-29T17:39:39.058+0200: 14.117: [GC (Allocation Failure) [PSYoungGen: 631940K->43428K(644608K)] 652308K->63796K(2042880K), 0.0155268 secs] [Times: user=0.13 sys=0.00, real=0.02 secs] 
2020-09-29T17:39:39.124+0200: 14.182: [GC (Allocation Failure) [PSYoungGen: 635812K->34149K(645632K)] 656180K->54517K(2043904K), 0.0113104 secs] [Times: user=0.13 sys=0.00, real=0.01 secs] 
2020-09-29T17:39:39.186+0200: 14.244: [GC (Allocation Failure) [PSYoungGen: 626533K->38629K(647680K)] 646901K->58997K(2045952K), 0.0133870 secs] [Times: user=0.13 sys=0.00, real=0.01 secs] 
2020-09-29T17:39:39.250+0200: 14.308: [GC (Allocation Failure) [PSYoungGen: 634085K->31269K(646656K)] 654453K->51637K(2044928K), 0.0105046 secs] [Times: user=0.13 sys=0.00, real=0.01 secs] 
2020-09-29T17:39:39.313+0200: 14.372: [GC (Allocation Failure) [PSYoungGen: 626725K->24260K(646144K)] 647093K->44628K(2044416K), 0.0090211 secs] [Times: user=0.13 sys=0.00, real=0.02 secs] 
2020-09-29T17:39:39.395+0200: 14.453: [GC (Allocation Failure) [PSYoungGen: 619716K->30692K(647168K)] 640084K->51060K(2045440K), 0.0117561 secs] [Times: user=0.13 sys=0.00, real=0.01 secs] 
2020-09-29T17:39:39.458+0200: 14.516: [GC (Allocation Failure) [PSYoungGen: 626148K->23492K(648192K)] 646516K->43860K(2046464K), 0.0094329 secs] [Times: user=0.00 sys=0.00, real=0.01 secs] 
2020-09-29T17:39:39.524+0200: 14.582: [GC (Allocation Failure) [PSYoungGen: 620996K->18082K(615936K)] 641364K->38450K(2014208K), 0.0083505 secs] [Times: user=0.00 sys=0.00, real=0.01 secs] 
2020-09-29T17:39:39.584+0200: 14.643: [GC (Allocation Failure) [PSYoungGen: 615586K->12962K(644096K)] 635954K->33330K(2042368K), 0.0064808 secs] [Times: user=0.00 sys=0.00, real=0.01 secs] 
2020-09-29T17:39:39.643+0200: 14.701: [GC (Allocation Failure) [PSYoungGen: 605346K->44805K(637440K)] 625714K->65173K(2035712K), 0.0155129 secs] [Times: user=0.11 sys=0.00, real=0.02 secs] 
2020-09-29T17:39:39.709+0200: 14.767: [GC (Allocation Failure) [PSYoungGen: 637189K->20483K(643072K)] 657557K->40851K(2041344K), 0.0083738 secs] [Times: user=0.00 sys=0.00, real=0.01 secs] 
2020-09-29T17:39:39.772+0200: 14.830: [GC (Allocation Failure) [PSYoungGen: 607235K->46725K(633856K)] 627603K->67093K(2032128K), 0.0163756 secs] [Times: user=0.13 sys=0.00, real=0.02 secs] 
2020-09-29T17:39:39.838+0200: 14.897: [GC (Allocation Failure) [PSYoungGen: 633477K->43748K(636416K)] 653845K->64116K(2034688K), 0.0155749 secs] [Times: user=0.13 sys=0.00, real=0.02 secs] 
2020-09-29T17:39:39.903+0200: 14.962: [GC (Allocation Failure) [PSYoungGen: 620772K->18980K(637952K)] 641140K->39348K(2036224K), 0.0071841 secs] [Times: user=0.00 sys=0.02, real=0.01 secs] 
2020-09-29T17:39:39.960+0200: 15.019: [GC (Allocation Failure) [PSYoungGen: 596004K->34916K(640000K)] 616372K->55284K(2038272K), 0.0127354 secs] [Times: user=0.00 sys=0.00, real=0.01 secs] 
2020-09-29T17:39:40.023+0200: 15.081: [GC (Allocation Failure) [PSYoungGen: 614500K->26116K(638464K)] 634868K->46484K(2036736K), 0.0103613 secs] [Times: user=0.00 sys=0.00, real=0.01 secs] 
2020-09-29T17:39:40.083+0200: 15.141: [GC (Allocation Failure) [PSYoungGen: 605700K->30275K(644096K)] 626068K->50643K(2042368K), 0.0117841 secs] [Times: user=0.00 sys=0.00, real=0.01 secs] 
2020-09-29T17:39:40.144+0200: 15.203: [GC (Allocation Failure) [PSYoungGen: 617027K->28325K(641536K)] 637395K->48693K(2039808K), 0.0106097 secs] [Times: user=0.13 sys=0.00, real=0.01 secs] 
2020-09-29T17:39:40.205+0200: 15.263: [GC (Allocation Failure) [PSYoungGen: 615077K->53221K(633344K)] 635445K->74821K(2031616K), 0.0180822 secs] [Times: user=0.13 sys=0.00, real=0.02 secs] 
2020-09-29T17:39:40.273+0200: 15.331: [GC (Allocation Failure) [PSYoungGen: 633317K->31972K(639488K)] 654917K->53572K(2037760K), 0.0117578 secs] [Times: user=0.00 sys=0.00, real=0.01 secs] 
2020-09-29T17:39:40.334+0200: 15.393: [GC (Allocation Failure) [PSYoungGen: 612068K->37412K(642560K)] 633668K->59012K(2040832K), 0.0138347 secs] [Times: user=0.00 sys=0.00, real=0.01 secs] 
2020-09-29T17:39:40.400+0200: 15.459: [GC (Allocation Failure) [PSYoungGen: 622628K->48421K(633856K)] 644228K->70021K(2032128K), 0.0173474 secs] [Times: user=0.13 sys=0.00, real=0.02 secs] 
2020-09-29T17:39:40.471+0200: 15.529: [GC (Allocation Failure) [PSYoungGen: 633637K->32069K(641024K)] 655237K->53669K(2039296K), 0.0140084 secs] [Times: user=0.11 sys=0.00, real=0.01 secs] 
2020-09-29T17:39:40.538+0200: 15.596: [GC (Allocation Failure) [PSYoungGen: 613701K->39493K(639488K)] 635301K->61093K(2037760K), 0.0156383 secs] [Times: user=0.13 sys=0.00, real=0.02 secs] 
2020-09-29T17:39:40.607+0200: 15.665: [GC (Allocation Failure) [PSYoungGen: 621125K->46853K(637440K)] 642725K->68453K(2035712K), 0.0174072 secs] [Times: user=0.11 sys=0.00, real=0.02 secs] 
2020-09-29T17:39:40.675+0200: 15.733: [GC (Allocation Failure) [PSYoungGen: 626949K->39077K(639488K)] 648549K->60677K(2037760K), 0.0134072 secs] [Times: user=0.13 sys=0.00, real=0.02 secs] 
2020-09-29T17:39:40.747+0200: 15.805: [GC (Allocation Failure) [PSYoungGen: 619173K->17187K(637952K)] 640773K->38787K(2036224K), 0.0074930 secs] [Times: user=0.00 sys=0.00, real=0.01 secs] 
2020-09-29T17:39:40.805+0200: 15.864: [GC (Allocation Failure) [PSYoungGen: 597283K->22053K(639488K)] 618883K->43653K(2037760K), 0.0071880 secs] [Times: user=0.00 sys=0.00, real=0.01 secs] 
2020-09-29T17:39:40.862+0200: 15.921: [GC (Allocation Failure) [PSYoungGen: 602149K->41573K(638976K)] 623749K->63173K(2037248K), 0.0145754 secs] [Times: user=0.13 sys=0.00, real=0.02 secs] 
2020-09-29T17:39:40.926+0200: 15.984: [GC (Allocation Failure) [PSYoungGen: 621669K->47493K(627712K)] 643269K->69093K(2025984K), 0.0159022 secs] [Times: user=0.13 sys=0.01, real=0.02 secs] 
2020-09-29T17:39:40.993+0200: 16.051: [GC (Allocation Failure) [PSYoungGen: 627589K->39653K(637952K)] 649189K->61253K(2036224K), 0.0137318 secs] [Times: user=0.13 sys=0.00, real=0.01 secs] 
2020-09-29T17:39:41.056+0200: 16.114: [GC (Allocation Failure) [PSYoungGen: 615653K->26532K(636928K)] 637253K->48132K(2035200K), 0.0105668 secs] [Times: user=0.00 sys=0.00, real=0.01 secs] 
2020-09-29T17:39:41.115+0200: 16.174: [GC (Allocation Failure) [PSYoungGen: 602532K->41989K(638976K)] 624132K->63589K(2037248K), 0.0136309 secs] [Times: user=0.00 sys=0.00, real=0.01 secs] 
2020-09-29T17:39:41.179+0200: 16.237: [GC (Allocation Failure) [PSYoungGen: 621061K->33157K(638976K)] 642661K->54757K(2037248K), 0.0119055 secs] [Times: user=0.00 sys=0.00, real=0.01 secs] 
2020-09-29T17:39:41.240+0200: 16.299: [GC (Allocation Failure) [PSYoungGen: 612229K->23940K(641024K)] 633829K->45540K(2039296K), 0.0085820 secs] [Times: user=0.00 sys=0.00, real=0.01 secs] 
2020-09-29T17:39:41.299+0200: 16.357: [GC (Allocation Failure) [PSYoungGen: 607108K->17347K(600576K)] 628708K->38947K(1998848K), 0.0068333 secs] [Times: user=0.13 sys=0.00, real=0.01 secs] 
2020-09-29T17:39:41.356+0200: 16.414: [GC (Allocation Failure) [PSYoungGen: 600515K->39684K(640512K)] 622115K->61284K(2038784K), 0.0141251 secs] [Times: user=0.13 sys=0.00, real=0.01 secs] 
2020-09-29T17:39:41.420+0200: 16.478: [GC (Allocation Failure) [PSYoungGen: 621828K->19202K(640512K)] 643428K->40802K(2038784K), 0.0091200 secs] [Times: user=0.13 sys=0.00, real=0.01 secs] 
2020-09-29T17:39:41.479+0200: 16.537: [GC (Allocation Failure) [PSYoungGen: 601346K->26436K(642048K)] 622946K->48036K(2040320K), 0.0097673 secs] [Times: user=0.13 sys=0.00, real=0.01 secs] 
2020-09-29T17:39:41.540+0200: 16.598: [GC (Allocation Failure) [PSYoungGen: 610116K->35941K(640512K)] 631716K->57541K(2038784K), 0.0140724 secs] [Times: user=0.13 sys=0.00, real=0.01 secs] 
2020-09-29T17:39:41.607+0200: 16.665: [GC (Allocation Failure) [PSYoungGen: 619621K->45381K(637952K)] 641221K->66981K(2036224K), 0.0163540 secs] [Times: user=0.11 sys=0.00, real=0.02 secs] 
2020-09-29T17:39:41.673+0200: 16.731: [GC (Allocation Failure) [PSYoungGen: 627525K->39621K(640512K)] 649125K->61221K(2038784K), 0.0127500 secs] [Times: user=0.13 sys=0.00, real=0.01 secs] 
2020-09-29T17:39:41.735+0200: 16.794: [GC (Allocation Failure) [PSYoungGen: 621765K->32389K(642560K)] 643365K->53989K(2040832K), 0.0119837 secs] [Times: user=0.13 sys=0.00, real=0.01 secs] 
2020-09-29T17:39:41.798+0200: 16.856: [GC (Allocation Failure) [PSYoungGen: 616581K->28645K(640512K)] 638181K->50245K(2038784K), 0.0093374 secs] [Times: user=0.13 sys=0.00, real=0.01 secs] 
2020-09-29T17:39:41.858+0200: 16.916: [GC (Allocation Failure) [PSYoungGen: 612837K->38629K(644096K)] 634437K->60229K(2042368K), 0.0135497 secs] [Times: user=0.13 sys=0.00, real=0.01 secs] 
2020-09-29T17:39:41.921+0200: 16.980: [GC (Allocation Failure) [PSYoungGen: 627941K->23748K(644096K)] 649541K->45348K(2042368K), 0.0092458 secs] [Times: user=0.13 sys=0.00, real=0.01 secs] 
2020-09-29T17:39:41.981+0200: 17.040: [GC (Allocation Failure) [PSYoungGen: 613060K->38821K(644608K)] 634660K->60421K(2042880K), 0.0130751 secs] [Times: user=0.13 sys=0.00, real=0.01 secs] 
2020-09-29T17:39:42.045+0200: 17.104: [GC (Allocation Failure) [PSYoungGen: 629157K->52260K(643072K)] 650757K->73860K(2041344K), 0.0183321 secs] [Times: user=0.13 sys=0.00, real=0.03 secs] 
2020-09-29T17:39:42.130+0200: 17.188: [GC (Allocation Failure) [PSYoungGen: 642596K->41029K(636928K)] 664196K->62629K(2035200K), 0.0155866 secs] [Times: user=0.13 sys=0.00, real=0.02 secs] 
2020-09-29T17:39:42.199+0200: 17.258: [GC (Allocation Failure) [PSYoungGen: 622149K->34148K(640000K)] 643749K->55748K(2038272K), 0.0132390 secs] [Times: user=0.13 sys=0.00, real=0.01 secs] 
2020-09-29T17:39:42.265+0200: 17.324: [GC (Allocation Failure) [PSYoungGen: 615268K->27365K(642560K)] 636868K->48965K(2040832K), 0.0118852 secs] [Times: user=0.11 sys=0.00, real=0.01 secs] 
2020-09-29T17:39:42.330+0200: 17.388: [GC (Allocation Failure) [PSYoungGen: 613093K->38885K(642048K)] 634693K->60485K(2040320K), 0.0163286 secs] [Times: user=0.11 sys=0.00, real=0.02 secs] 
2020-09-29T17:39:42.399+0200: 17.458: [GC (Allocation Failure) [PSYoungGen: 624613K->36741K(644608K)] 646213K->58341K(2042880K), 0.0128840 secs] [Times: user=0.13 sys=0.00, real=0.01 secs] 
2020-09-29T17:39:42.464+0200: 17.523: [GC (Allocation Failure) [PSYoungGen: 625541K->22564K(643072K)] 647141K->44164K(2041344K), 0.0082340 secs] [Times: user=0.00 sys=0.00, real=0.01 secs] 
2020-09-29T17:39:42.523+0200: 17.581: [GC (Allocation Failure) [PSYoungGen: 611364K->50789K(635904K)] 632964K->72389K(2034176K), 0.0177666 secs] [Times: user=0.11 sys=0.00, real=0.02 secs] 
2020-09-29T17:39:42.593+0200: 17.651: [GC (Allocation Failure) [PSYoungGen: 631909K->29413K(640000K)] 653509K->51013K(2038272K), 0.0136434 secs] [Times: user=0.11 sys=0.00, real=0.01 secs] 
2020-09-29T17:39:42.658+0200: 17.716: [GC (Allocation Failure) [PSYoungGen: 610533K->50053K(634368K)] 632133K->71653K(2032640K), 0.0161838 secs] [Times: user=0.13 sys=0.00, real=0.02 secs] 
2020-09-29T17:39:42.723+0200: 17.782: [GC (Allocation Failure) [PSYoungGen: 627077K->52773K(630272K)] 648677K->74373K(2028544K), 0.0174407 secs] [Times: user=0.23 sys=0.00, real=0.02 secs] 
2020-09-29T17:39:42.792+0200: 17.850: [GC (Allocation Failure) [PSYoungGen: 629797K->39492K(636416K)] 651397K->61092K(2034688K), 0.0139096 secs] [Times: user=0.13 sys=0.00, real=0.01 secs] 
2020-09-29T17:39:42.855+0200: 17.914: [GC (Allocation Failure) [PSYoungGen: 611396K->37157K(634368K)] 632996K->58757K(2032640K), 0.0135259 secs] [Times: user=0.13 sys=0.00, real=0.01 secs] 
2020-09-29T17:39:42.917+0200: 17.976: [GC (Allocation Failure) [PSYoungGen: 609061K->34853K(640512K)] 630661K->56453K(2038784K), 0.0121940 secs] [Times: user=0.13 sys=0.00, real=0.01 secs] 
2020-09-29T17:39:42.979+0200: 18.038: [GC (Allocation Failure) [PSYoungGen: 615461K->27493K(638976K)] 637061K->49093K(2037248K), 0.0097650 secs] [Times: user=0.13 sys=0.00, real=0.01 secs] 
2020-09-29T17:39:43.040+0200: 18.099: [GC (Allocation Failure) [PSYoungGen: 608101K->47429K(637440K)] 629701K->69029K(2035712K), 0.0153604 secs] [Times: user=0.13 sys=0.00, real=0.02 secs] 
2020-09-29T17:39:43.105+0200: 18.163: [GC (Allocation Failure) [PSYoungGen: 626501K->37924K(638976K)] 648101K->59524K(2037248K), 0.0135088 secs] [Times: user=0.13 sys=0.00, real=0.01 secs] 
2020-09-29T17:39:43.168+0200: 18.227: [GC (Allocation Failure) [PSYoungGen: 616996K->13187K(636928K)] 638596K->34787K(2035200K), 0.0056072 secs] [Times: user=0.00 sys=0.00, real=0.01 secs] 
2020-09-29T17:39:43.224+0200: 18.282: [GC (Allocation Failure) [PSYoungGen: 592259K->45381K(624640K)] 613859K->66981K(2022912K), 0.0156781 secs] [Times: user=0.14 sys=0.00, real=0.02 secs] 
2020-09-29T17:39:43.289+0200: 18.347: [GC (Allocation Failure) [PSYoungGen: 624453K->20932K(637440K)] 646053K->42532K(2035712K), 0.0074545 secs] [Times: user=0.00 sys=0.00, real=0.01 secs] 
2020-09-29T17:39:43.347+0200: 18.406: [GC (Allocation Failure) [PSYoungGen: 596932K->36229K(637440K)] 618532K->57829K(2035712K), 0.0132428 secs] [Times: user=0.13 sys=0.00, real=0.01 secs] 
2020-09-29T17:39:43.412+0200: 18.470: [GC (Allocation Failure) [PSYoungGen: 612229K->37925K(641024K)] 633829K->59525K(2039296K), 0.0135352 secs] [Times: user=0.00 sys=0.00, real=0.01 secs] 
2020-09-29T17:39:43.475+0200: 18.534: [GC (Allocation Failure) [PSYoungGen: 619557K->31685K(639488K)] 641157K->53285K(2037760K), 0.0118749 secs] [Times: user=0.00 sys=0.00, real=0.01 secs] 
2020-09-29T17:39:43.538+0200: 18.596: [GC (Allocation Failure) [PSYoungGen: 613317K->24260K(642560K)] 634917K->45860K(2040832K), 0.0092637 secs] [Times: user=0.00 sys=0.00, real=0.01 secs] 
2020-09-29T17:39:43.600+0200: 18.659: [GC (Allocation Failure) [PSYoungGen: 610500K->36261K(642560K)] 632100K->57861K(2040832K), 0.0156524 secs] [Times: user=0.11 sys=0.00, real=0.02 secs] 
2020-09-29T17:39:43.667+0200: 18.726: [GC (Allocation Failure) [PSYoungGen: 622501K->34565K(646144K)] 644101K->56165K(2044416K), 0.0109925 secs] [Times: user=0.13 sys=0.00, real=0.01 secs] 
2020-09-29T17:39:43.729+0200: 18.787: [GC (Allocation Failure) [PSYoungGen: 625925K->37989K(644096K)] 647525K->59589K(2042368K), 0.0134993 secs] [Times: user=0.13 sys=0.00, real=0.01 secs] 
2020-09-29T17:39:43.794+0200: 18.852: [GC (Allocation Failure) [PSYoungGen: 629349K->41477K(645120K)] 650949K->63077K(2043392K), 0.0135387 secs] [Times: user=0.13 sys=0.00, real=0.01 secs] 
2020-09-29T17:39:43.858+0200: 18.916: [GC (Allocation Failure) [PSYoungGen: 633861K->32293K(645632K)] 655461K->53893K(2043904K), 0.0115456 secs] [Times: user=0.13 sys=0.00, real=0.01 secs] 
2020-09-29T17:39:43.920+0200: 18.978: [GC (Allocation Failure) [PSYoungGen: 624677K->36709K(647680K)] 646277K->58309K(2045952K), 0.0128600 secs] [Times: user=0.13 sys=0.00, real=0.01 secs] 
2020-09-29T17:39:43.983+0200: 19.042: [GC (Allocation Failure) [PSYoungGen: 632165K->44196K(640000K)] 653765K->65796K(2038272K), 0.0157957 secs] [Times: user=0.13 sys=0.00, real=0.02 secs] 
2020-09-29T17:39:44.050+0200: 19.109: [GC (Allocation Failure) [PSYoungGen: 639652K->37892K(647168K)] 661252K->59492K(2045440K), 0.0140367 secs] [Times: user=0.11 sys=0.00, real=0.01 secs] 
2020-09-29T17:39:44.115+0200: 19.174: [GC (Allocation Failure) [PSYoungGen: 632324K->15843K(610304K)] 653924K->37443K(2008576K), 0.0066111 secs] [Times: user=0.00 sys=0.00, real=0.01 secs] 
2020-09-29T17:39:44.176+0200: 19.234: [GC (Allocation Failure) [PSYoungGen: 610275K->49765K(637952K)] 631875K->71365K(2036224K), 0.0164881 secs] [Times: user=0.25 sys=0.00, real=0.02 secs] 
2020-09-29T17:39:44.243+0200: 19.302: [GC (Allocation Failure) [PSYoungGen: 633957K->31045K(641536K)] 655557K->52645K(2039808K), 0.0111268 secs] [Times: user=0.00 sys=0.00, real=0.01 secs] 
2020-09-29T17:39:44.304+0200: 19.362: [GC (Allocation Failure) [PSYoungGen: 615237K->40965K(642560K)] 636837K->62565K(2040832K), 0.0138430 secs] [Times: user=0.13 sys=0.00, real=0.01 secs] 
2020-09-29T17:39:44.368+0200: 19.426: [GC (Allocation Failure) [PSYoungGen: 627205K->38404K(642560K)] 648805K->60004K(2040832K), 0.0138588 secs] [Times: user=0.13 sys=0.00, real=0.01 secs] 
2020-09-29T17:39:44.432+0200: 19.490: [GC (Allocation Failure) [PSYoungGen: 624644K->36741K(645120K)] 646244K->58341K(2043392K), 0.0127232 secs] [Times: user=0.13 sys=0.00, real=0.01 secs] 
2020-09-29T17:39:44.495+0200: 19.553: [GC (Allocation Failure) [PSYoungGen: 626565K->38629K(643584K)] 648165K->60229K(2041856K), 0.0133471 secs] [Times: user=0.13 sys=0.00, real=0.01 secs] 
2020-09-29T17:39:44.559+0200: 19.617: [GC (Allocation Failure) [PSYoungGen: 628453K->24868K(645120K)] 650053K->46468K(2043392K), 0.0091029 secs] [Times: user=0.13 sys=0.00, real=0.01 secs] 
2020-09-29T17:39:44.620+0200: 19.679: [GC (Allocation Failure) [PSYoungGen: 617252K->42949K(635392K)] 638852K->64549K(2033664K), 0.0166313 secs] [Times: user=0.11 sys=0.00, real=0.02 secs] 
2020-09-29T17:39:44.688+0200: 19.747: [GC (Allocation Failure) [PSYoungGen: 635333K->33700K(646144K)] 656933K->55300K(2044416K), 0.0119579 secs] [Times: user=0.13 sys=0.00, real=0.01 secs] 
2020-09-29T17:39:44.750+0200: 19.809: [GC (Allocation Failure) [PSYoungGen: 625572K->33636K(644608K)] 647172K->55236K(2042880K), 0.0123114 secs] [Times: user=0.13 sys=0.00, real=0.01 secs] 
2020-09-29T17:39:44.815+0200: 19.873: [GC (Allocation Failure) [PSYoungGen: 625508K->37285K(648192K)] 647108K->58885K(2046464K), 0.0125536 secs] [Times: user=0.13 sys=0.00, real=0.01 secs] 
2020-09-29T17:39:44.878+0200: 19.937: [GC (Allocation Failure) [PSYoungGen: 633765K->31717K(647168K)] 655365K->53317K(2045440K), 0.0111826 secs] [Times: user=0.13 sys=0.00, real=0.01 secs] 
2020-09-29T17:39:44.941+0200: 19.999: [GC (Allocation Failure) [PSYoungGen: 628197K->40292K(648192K)] 649797K->61892K(2046464K), 0.0145497 secs] [Times: user=0.13 sys=0.00, real=0.01 secs] 
2020-09-29T17:39:45.007+0200: 20.066: [GC (Allocation Failure) [PSYoungGen: 638820K->36100K(648704K)] 660420K->57700K(2046976K), 0.0129043 secs] [Times: user=0.00 sys=0.02, real=0.01 secs] 
2020-09-29T17:39:45.071+0200: 20.130: [GC (Allocation Failure) [PSYoungGen: 634628K->18019K(646144K)] 656228K->39619K(2044416K), 0.0078064 secs] [Times: user=0.00 sys=0.00, real=0.01 secs] 
2020-09-29T17:39:45.130+0200: 20.188: [GC (Allocation Failure) [PSYoungGen: 615523K->41317K(638976K)] 637123K->62917K(2037248K), 0.0141082 secs] [Times: user=0.00 sys=0.00, real=0.01 secs] 
2020-09-29T17:39:45.195+0200: 20.254: [GC (Allocation Failure) [PSYoungGen: 638821K->35524K(648704K)] 660421K->57124K(2046976K), 0.0136438 secs] [Times: user=0.13 sys=0.00, real=0.01 secs] 
2020-09-29T17:39:45.259+0200: 20.318: [GC (Allocation Failure) [PSYoungGen: 632516K->44581K(642048K)] 654116K->66181K(2040320K), 0.0154288 secs] [Times: user=0.13 sys=0.00, real=0.02 secs] 
2020-09-29T17:39:45.326+0200: 20.385: [GC (Allocation Failure) [PSYoungGen: 641573K->38724K(647168K)] 663173K->60324K(2045440K), 0.0142941 secs] [Times: user=0.13 sys=0.00, real=0.01 secs] 
2020-09-29T17:39:45.391+0200: 20.450: [GC (Allocation Failure) [PSYoungGen: 633668K->30980K(646656K)] 655268K->52580K(2044928K), 0.0115243 secs] [Times: user=0.13 sys=0.00, real=0.01 secs] 
2020-09-29T17:39:45.454+0200: 20.512: [GC (Allocation Failure) [PSYoungGen: 625924K->38021K(648192K)] 647524K->59621K(2046464K), 0.0134874 secs] [Times: user=0.13 sys=0.00, real=0.01 secs] 
2020-09-29T17:39:45.517+0200: 20.576: [GC (Allocation Failure) [PSYoungGen: 635013K->32420K(647680K)] 656613K->54020K(2045952K), 0.0124864 secs] [Times: user=0.13 sys=0.00, real=0.01 secs] 
2020-09-29T17:39:45.583+0200: 20.641: [GC (Allocation Failure) [PSYoungGen: 629412K->26884K(649216K)] 651012K->48484K(2047488K), 0.0106190 secs] [Times: user=0.00 sys=0.00, real=0.01 secs] 
2020-09-29T17:39:45.647+0200: 20.705: [GC (Allocation Failure) [PSYoungGen: 626436K->23428K(623104K)] 648036K->45028K(2021376K), 0.0090445 secs] [Times: user=0.00 sys=0.00, real=0.01 secs] 
2020-09-29T17:39:45.708+0200: 20.767: [GC (Allocation Failure) [PSYoungGen: 622980K->48805K(640512K)] 644580K->70405K(2038784K), 0.0159537 secs] [Times: user=0.13 sys=0.00, real=0.02 secs] 
2020-09-29T17:39:45.775+0200: 20.834: [GC (Allocation Failure) [PSYoungGen: 639141K->37509K(644608K)] 660741K->59109K(2042880K), 0.0130984 secs] [Times: user=0.13 sys=0.00, real=0.01 secs] 
2020-09-29T17:39:45.838+0200: 20.897: [GC (Allocation Failure) [PSYoungGen: 627845K->25668K(645632K)] 649445K->47268K(2043904K), 0.0099618 secs] [Times: user=0.13 sys=0.00, real=0.01 secs] 
2020-09-29T17:39:45.899+0200: 20.958: [GC (Allocation Failure) [PSYoungGen: 618052K->43749K(636416K)] 639652K->65349K(2034688K), 0.0147728 secs] [Times: user=0.13 sys=0.00, real=0.02 secs] 
2020-09-29T17:39:45.964+0200: 21.023: [GC (Allocation Failure) [PSYoungGen: 636133K->34597K(646144K)] 657733K->56197K(2044416K), 0.0121118 secs] [Times: user=0.13 sys=0.00, real=0.01 secs] 
2020-09-29T17:39:46.027+0200: 21.086: [GC (Allocation Failure) [PSYoungGen: 625957K->23268K(644096K)] 647557K->44868K(2042368K), 0.0086369 secs] [Times: user=0.00 sys=0.00, real=0.01 secs] 
2020-09-29T17:39:46.086+0200: 21.145: [GC (Allocation Failure) [PSYoungGen: 614628K->53221K(634368K)] 636228K->75613K(2032640K), 0.0185164 secs] [Times: user=0.13 sys=0.00, real=0.02 secs] 
2020-09-29T17:39:46.155+0200: 21.214: [GC (Allocation Failure) [PSYoungGen: 634341K->33477K(640000K)] 656733K->55869K(2038272K), 0.0124235 secs] [Times: user=0.13 sys=0.00, real=0.02 secs] 
2020-09-29T17:39:46.223+0200: 21.282: [GC (Allocation Failure) [PSYoungGen: 614597K->40357K(642560K)] 636989K->62749K(2040832K), 0.0145868 secs] [Times: user=0.00 sys=0.00, real=0.01 secs] 
2020-09-29T17:39:46.289+0200: 21.347: [GC (Allocation Failure) [PSYoungGen: 626085K->37061K(642048K)] 648477K->59453K(2040320K), 0.0135931 secs] [Times: user=0.13 sys=0.00, real=0.01 secs] 
2020-09-29T17:39:46.353+0200: 21.412: [GC (Allocation Failure) [PSYoungGen: 622789K->48581K(638976K)] 645181K->70973K(2037248K), 0.0164438 secs] [Times: user=0.13 sys=0.00, real=0.02 secs] 
2020-09-29T17:39:46.420+0200: 21.479: [GC (Allocation Failure) [PSYoungGen: 632773K->31109K(641536K)] 655165K->53501K(2039808K), 0.0107922 secs] [Times: user=0.13 sys=0.00, real=0.01 secs] 
2020-09-29T17:39:46.481+0200: 21.539: [GC (Allocation Failure) [PSYoungGen: 615301K->22244K(641024K)] 637693K->44636K(2039296K), 0.0089400 secs] [Times: user=0.13 sys=0.00, real=0.01 secs] 
2020-09-29T17:39:46.539+0200: 21.598: [GC (Allocation Failure) [PSYoungGen: 606436K->30788K(641536K)] 628828K->53180K(2039808K), 0.0122615 secs] [Times: user=0.13 sys=0.00, real=0.01 secs] 
2020-09-29T17:39:46.604+0200: 21.663: [GC (Allocation Failure) [PSYoungGen: 614980K->40708K(643072K)] 637372K->63100K(2041344K), 0.0156859 secs] [Times: user=0.11 sys=0.00, real=0.02 secs] 
2020-09-29T17:39:46.670+0200: 21.729: [GC (Allocation Failure) [PSYoungGen: 627972K->26180K(643072K)] 650364K->48572K(2041344K), 0.0095536 secs] [Times: user=0.13 sys=0.00, real=0.01 secs] 
2020-09-29T17:39:46.733+0200: 21.792: [GC (Allocation Failure) [PSYoungGen: 613444K->39173K(643584K)] 635836K->61565K(2041856K), 0.0138064 secs] [Times: user=0.13 sys=0.00, real=0.01 secs] 
2020-09-29T17:39:46.798+0200: 21.857: [GC (Allocation Failure) [PSYoungGen: 627461K->39621K(643584K)] 649853K->62013K(2041856K), 0.0137116 secs] [Times: user=0.13 sys=0.00, real=0.01 secs] 
2020-09-29T17:39:46.862+0200: 21.921: [GC (Allocation Failure) [PSYoungGen: 627909K->39973K(644096K)] 650301K->62365K(2042368K), 0.0140703 secs] [Times: user=0.13 sys=0.00, real=0.01 secs] 
2020-09-29T17:39:46.927+0200: 21.986: [GC (Allocation Failure) [PSYoungGen: 629285K->27685K(644096K)] 651677K->50077K(2042368K), 0.0098000 secs] [Times: user=0.00 sys=0.00, real=0.01 secs] 
2020-09-29T17:39:46.988+0200: 22.047: [GC (Allocation Failure) [PSYoungGen: 616997K->54245K(633344K)] 639389K->78733K(2031616K), 0.0194146 secs] [Times: user=0.25 sys=0.00, real=0.02 secs] 
2020-09-29T17:39:47.057+0200: 22.116: [GC (Allocation Failure) [PSYoungGen: 633317K->33220K(638976K)] 657805K->57708K(2037248K), 0.0128023 secs] [Times: user=0.13 sys=0.00, real=0.01 secs] 
2020-09-29T17:39:47.119+0200: 22.178: [GC (Allocation Failure) [PSYoungGen: 612292K->22659K(639488K)] 636780K->47147K(2037760K), 0.0093685 secs] [Times: user=0.00 sys=0.00, real=0.01 secs] 
2020-09-29T17:39:47.178+0200: 22.237: [GC (Allocation Failure) [PSYoungGen: 603779K->29540K(640000K)] 628267K->54028K(2038272K), 0.0110160 secs] [Times: user=0.00 sys=0.00, real=0.01 secs] 
2020-09-29T17:39:47.240+0200: 22.299: [GC (Allocation Failure) [PSYoungGen: 610660K->35973K(643072K)] 635148K->60461K(2041344K), 0.0138860 secs] [Times: user=0.11 sys=0.00, real=0.01 secs] 
2020-09-29T17:39:47.305+0200: 22.363: [GC (Allocation Failure) [PSYoungGen: 621701K->47525K(633344K)] 646189K->72013K(2031616K), 0.0164769 secs] [Times: user=0.13 sys=0.00, real=0.02 secs] 
2020-09-29T17:39:47.372+0200: 22.430: [GC (Allocation Failure) [PSYoungGen: 633253K->31524K(642048K)] 657741K->56012K(2040320K), 0.0118129 secs] [Times: user=0.13 sys=0.00, real=0.01 secs] 
2020-09-29T17:39:47.433+0200: 22.492: [GC (Allocation Failure) [PSYoungGen: 615204K->39364K(640512K)] 639692K->63852K(2038784K), 0.0142994 secs] [Times: user=0.13 sys=0.00, real=0.01 secs] 
2020-09-29T17:39:47.497+0200: 22.556: [GC (Allocation Failure) [PSYoungGen: 623044K->35077K(644608K)] 647532K->59565K(2042880K), 0.0125211 secs] [Times: user=0.13 sys=0.00, real=0.01 secs] 
2020-09-29T17:39:47.561+0200: 22.620: [GC (Allocation Failure) [PSYoungGen: 623365K->34532K(642560K)] 647853K->59020K(2040832K), 0.0144643 secs] [Times: user=0.11 sys=0.00, real=0.01 secs] 
2020-09-29T17:39:47.628+0200: 22.687: [GC (Allocation Failure) [PSYoungGen: 622820K->19684K(644096K)] 647308K->44172K(2042368K), 0.0083530 secs] [Times: user=0.11 sys=0.00, real=0.01 secs] 
2020-09-29T17:39:47.687+0200: 22.746: [GC (Allocation Failure) [PSYoungGen: 611044K->21859K(613376K)] 635532K->46347K(2011648K), 0.0091284 secs] [Times: user=0.13 sys=0.00, real=0.01 secs] 
2020-09-29T17:39:47.748+0200: 22.807: [GC (Allocation Failure) [PSYoungGen: 613219K->37732K(645120K)] 637707K->62220K(2043392K), 0.0146009 secs] [Times: user=0.13 sys=0.00, real=0.02 secs] 
2020-09-29T17:39:47.814+0200: 22.872: [GC (Allocation Failure) [PSYoungGen: 628580K->26501K(644608K)] 653068K->50989K(2042880K), 0.0099668 secs] [Times: user=0.13 sys=0.00, real=0.01 secs] 
2020-09-29T17:39:47.874+0200: 22.932: [GC (Allocation Failure) [PSYoungGen: 617349K->40292K(644096K)] 641837K->64780K(2042368K), 0.0148373 secs] [Times: user=0.13 sys=0.00, real=0.01 secs] 
2020-09-29T17:39:47.939+0200: 22.997: [GC (Allocation Failure) [PSYoungGen: 631652K->29861K(645120K)] 656140K->54349K(2043392K), 0.0107086 secs] [Times: user=0.13 sys=0.00, real=0.01 secs] 
2020-09-29T17:39:48.000+0200: 23.059: [GC (Allocation Failure) [PSYoungGen: 621221K->33317K(648192K)] 645709K->57805K(2046464K), 0.0109500 secs] [Times: user=0.13 sys=0.00, real=0.01 secs] 
2020-09-29T17:39:48.063+0200: 23.121: [GC (Allocation Failure) [PSYoungGen: 629285K->27685K(646656K)] 653773K->52173K(2044928K), 0.0098110 secs] [Times: user=0.13 sys=0.00, real=0.01 secs] 
2020-09-29T17:39:48.124+0200: 23.182: [GC (Allocation Failure) [PSYoungGen: 623653K->35717K(649728K)] 648141K->60205K(2048000K), 0.0123070 secs] [Times: user=0.13 sys=0.00, real=0.01 secs] 
2020-09-29T17:39:48.188+0200: 23.247: [GC (Allocation Failure) [PSYoungGen: 635781K->47877K(648192K)] 660269K->72365K(2046464K), 0.0176949 secs] [Times: user=0.13 sys=0.00, real=0.02 secs] 
2020-09-29T17:39:48.262+0200: 23.320: [GC (Allocation Failure) [PSYoungGen: 647941K->46373K(637952K)] 672429K->70861K(2036224K), 0.0174348 secs] [Times: user=0.13 sys=0.00, real=0.02 secs] 
2020-09-29T17:39:48.332+0200: 23.391: [GC (Allocation Failure) [PSYoungGen: 633637K->45765K(633344K)] 658125K->70253K(2031616K), 0.0179493 secs] [Times: user=0.13 sys=0.00, real=0.02 secs] 
2020-09-29T17:39:48.403+0200: 23.461: [GC (Allocation Failure) [PSYoungGen: 633029K->31172K(642560K)] 657517K->55660K(2040832K), 0.0129171 secs] [Times: user=0.13 sys=0.00, real=0.01 secs] 
2020-09-29T17:39:48.466+0200: 23.524: [GC (Allocation Failure) [PSYoungGen: 616388K->42117K(641536K)] 640876K->66605K(2039808K), 0.0146001 secs] [Times: user=0.13 sys=0.00, real=0.01 secs] 
2020-09-29T17:39:48.530+0200: 23.589: [GC (Allocation Failure) [PSYoungGen: 627333K->39397K(643072K)] 651821K->63885K(2041344K), 0.0134923 secs] [Times: user=0.13 sys=0.00, real=0.01 secs] 
2020-09-29T17:39:48.597+0200: 23.655: [GC (Allocation Failure) [PSYoungGen: 626149K->51909K(638976K)] 650637K->76397K(2037248K), 0.0185798 secs] [Times: user=0.22 sys=0.00, real=0.02 secs] 
2020-09-29T17:39:48.666+0200: 23.725: [GC (Allocation Failure) [PSYoungGen: 638661K->36324K(641536K)] 663149K->60812K(2039808K), 0.0129020 secs] [Times: user=0.13 sys=0.00, real=0.01 secs] 
2020-09-29T17:39:48.729+0200: 23.788: [GC (Allocation Failure) [PSYoungGen: 618468K->30340K(639488K)] 642956K->54828K(2037760K), 0.0112012 secs] [Times: user=0.13 sys=0.00, real=0.01 secs] 
2020-09-29T17:39:48.791+0200: 23.850: [GC (Allocation Failure) [PSYoungGen: 612484K->22275K(640000K)] 636972K->46763K(2038272K), 0.0095852 secs] [Times: user=0.00 sys=0.00, real=0.01 secs] 
2020-09-29T17:39:48.851+0200: 23.909: [GC (Allocation Failure) [PSYoungGen: 605443K->15651K(599040K)] 629931K->40139K(1997312K), 0.0063706 secs] [Times: user=0.00 sys=0.00, real=0.01 secs] 
2020-09-29T17:39:48.907+0200: 23.966: [GC (Allocation Failure) [PSYoungGen: 598819K->38309K(640512K)] 623307K->62797K(2038784K), 0.0133200 secs] [Times: user=0.13 sys=0.00, real=0.01 secs] 
2020-09-29T17:39:48.970+0200: 24.029: [GC (Allocation Failure) [PSYoungGen: 619941K->30724K(640000K)] 644429K->55212K(2038272K), 0.0117210 secs] [Times: user=0.13 sys=0.00, real=0.01 secs] 
2020-09-29T17:39:49.031+0200: 24.090: [GC (Allocation Failure) [PSYoungGen: 612356K->5794K(637440K)] 636844K->30282K(2035712K), 0.0035130 secs] [Times: user=0.00 sys=0.00, real=0.00 secs] 
2020-09-29T17:39:49.088+0200: 24.147: [GC (Allocation Failure) [PSYoungGen: 586914K->39652K(621056K)] 611402K->64140K(2019328K), 0.0145810 secs] [Times: user=0.13 sys=0.00, real=0.01 secs] 
2020-09-29T17:39:49.152+0200: 24.211: [GC (Allocation Failure) [PSYoungGen: 620772K->46565K(634368K)] 645260K->71053K(2032640K), 0.0158162 secs] [Times: user=0.13 sys=0.00, real=0.02 secs] 
2020-09-29T17:39:49.217+0200: 24.276: [GC (Allocation Failure) [PSYoungGen: 621541K->60933K(636416K)] 646029K->85421K(2034688K), 0.0196855 secs] [Times: user=0.13 sys=0.00, real=0.02 secs] 
2020-09-29T17:39:49.286+0200: 24.345: [GC (Allocation Failure) [PSYoungGen: 635909K->5057K(619008K)] 660397K->29545K(2017280K), 0.0036226 secs] [Times: user=0.00 sys=0.00, real=0.00 secs] 
2020-09-29T17:39:49.337+0200: 24.396: [GC (Allocation Failure) [PSYoungGen: 561601K->38532K(627712K)] 586089K->63020K(2025984K), 0.0136393 secs] [Times: user=0.13 sys=0.00, real=0.01 secs] 
2020-09-29T17:39:49.399+0200: 24.457: [GC (Allocation Failure) [PSYoungGen: 595076K->34565K(632320K)] 619564K->59053K(2030592K), 0.0116717 secs] [Times: user=0.00 sys=0.00, real=0.01 secs] 
2020-09-29T17:39:49.461+0200: 24.520: [GC (Allocation Failure) [PSYoungGen: 597253K->35685K(629248K)] 621741K->60173K(2027520K), 0.0124719 secs] [Times: user=0.13 sys=0.00, real=0.01 secs] 
2020-09-29T17:39:49.522+0200: 24.581: [GC (Allocation Failure) [PSYoungGen: 598373K->51493K(627712K)] 622861K->75981K(2025984K), 0.0171552 secs] [Times: user=0.13 sys=0.00, real=0.02 secs] 
2020-09-29T17:39:49.589+0200: 24.648: [GC (Allocation Failure) [PSYoungGen: 615205K->54661K(618496K)] 639693K->79149K(2016768K), 0.0197223 secs] [Times: user=0.11 sys=0.00, real=0.02 secs] 
2020-09-29T17:39:49.659+0200: 24.717: [GC (Allocation Failure) [PSYoungGen: 618373K->28964K(629760K)] 642861K->53452K(2028032K), 0.0108066 secs] [Times: user=0.13 sys=0.00, real=0.01 secs] 
2020-09-29T17:39:49.717+0200: 24.776: [GC (Allocation Failure) [PSYoungGen: 587556K->26948K(627712K)] 612044K->51436K(2025984K), 0.0096659 secs] [Times: user=0.13 sys=0.00, real=0.01 secs] 
2020-09-29T17:39:49.775+0200: 24.833: [GC (Allocation Failure) [PSYoungGen: 585540K->23780K(632320K)] 610028K->48268K(2030592K), 0.0095611 secs] [Times: user=0.00 sys=0.00, real=0.01 secs] 
2020-09-29T17:39:49.834+0200: 24.892: [GC (Allocation Failure) [PSYoungGen: 588516K->27716K(631296K)] 613004K->52204K(2029568K), 0.0109371 secs] [Times: user=0.00 sys=0.00, real=0.01 secs] 
2020-09-29T17:39:49.894+0200: 24.953: [GC (Allocation Failure) [PSYoungGen: 592452K->45573K(631296K)] 616940K->70061K(2029568K), 0.0155675 secs] [Times: user=0.13 sys=0.00, real=0.02 secs] 
2020-09-29T17:39:49.959+0200: 25.017: [GC (Allocation Failure) [PSYoungGen: 612357K->38117K(632832K)] 636845K->62605K(2031104K), 0.0132327 secs] [Times: user=0.00 sys=0.00, real=0.01 secs] 
2020-09-29T17:39:50.021+0200: 25.080: [GC (Allocation Failure) [PSYoungGen: 604901K->44132K(633856K)] 629389K->68620K(2032128K), 0.0161839 secs] [Times: user=0.13 sys=0.00, real=0.02 secs] 
2020-09-29T17:39:50.086+0200: 25.144: [GC (Allocation Failure) [PSYoungGen: 613988K->8804K(579072K)] 638476K->33292K(1977344K), 0.0031297 secs] [Times: user=0.00 sys=0.00, real=0.00 secs] 
2020-09-29T17:39:50.138+0200: 25.196: [GC (Allocation Failure) [PSYoungGen: 578660K->18052K(633344K)] 603148K->42540K(2031616K), 0.0067097 secs] [Times: user=0.01 sys=0.02, real=0.01 secs] 
2020-09-29T17:39:50.193+0200: 25.252: [GC (Allocation Failure) [PSYoungGen: 585348K->38021K(632832K)] 609836K->62509K(2031104K), 0.0167998 secs] [Times: user=0.13 sys=0.00, real=0.02 secs] 
2020-09-29T17:39:50.259+0200: 25.317: [GC (Allocation Failure) [PSYoungGen: 605317K->58501K(621056K)] 629805K->82989K(2019328K), 0.0239354 secs] [Times: user=0.13 sys=0.00, real=0.02 secs] 
2020-09-29T17:39:50.330+0200: 25.389: [GC (Allocation Failure) [PSYoungGen: 615045K->39364K(627712K)] 639533K->63852K(2025984K), 0.0177627 secs] [Times: user=0.25 sys=0.00, real=0.02 secs] 
2020-09-29T17:39:50.396+0200: 25.455: [GC (Allocation Failure) [PSYoungGen: 595908K->21700K(630784K)] 620396K->46188K(2029056K), 0.0101080 secs] [Times: user=0.00 sys=0.00, real=0.01 secs] 
2020-09-29T17:39:50.455+0200: 25.513: [GC (Allocation Failure) [PSYoungGen: 583364K->36421K(629760K)] 607852K->60909K(2028032K), 0.0161869 secs] [Times: user=0.13 sys=0.00, real=0.02 secs] 
2020-09-29T17:39:50.519+0200: 25.578: [GC (Allocation Failure) [PSYoungGen: 598085K->37541K(635392K)] 622573K->62029K(2033664K), 0.0167801 secs] [Times: user=0.20 sys=0.00, real=0.02 secs] 
2020-09-29T17:39:50.589+0200: 25.647: [GC (Allocation Failure) [PSYoungGen: 607397K->45636K(633344K)] 631885K->70124K(2031616K), 0.0204247 secs] [Times: user=0.13 sys=0.00, real=0.02 secs] 
2020-09-29T17:39:50.659+0200: 25.718: [GC (Allocation Failure) [PSYoungGen: 615492K->26596K(635392K)] 639980K->51084K(2033664K), 0.0141830 secs] [Times: user=0.09 sys=0.00, real=0.01 secs] 
2020-09-29T17:39:50.722+0200: 25.781: [GC (Allocation Failure) [PSYoungGen: 597476K->36677K(634368K)] 621964K->61165K(2032640K), 0.0168281 secs] [Times: user=0.20 sys=0.02, real=0.02 secs] 
2020-09-29T17:39:50.789+0200: 25.847: [GC (Allocation Failure) [PSYoungGen: 607557K->33093K(640000K)] 632045K->57581K(2038272K), 0.0155049 secs] [Times: user=0.13 sys=0.00, real=0.01 secs] 
2020-09-29T17:39:50.854+0200: 25.912: [GC (Allocation Failure) [PSYoungGen: 611653K->37445K(637440K)] 636141K->61933K(2035712K), 0.0172970 secs] [Times: user=0.13 sys=0.00, real=0.02 secs] 
2020-09-29T17:39:50.921+0200: 25.980: [GC (Allocation Failure) [PSYoungGen: 614999K->7938K(636416K)] 639487K->32426K(2034688K), 0.0054740 secs] [Times: user=0.00 sys=0.00, real=0.01 secs] 
2020-09-29T17:39:50.975+0200: 26.034: [GC (Allocation Failure) [PSYoungGen: 587010K->53829K(633344K)] 611498K->78317K(2031616K), 0.0223742 secs] [Times: user=0.13 sys=0.00, real=0.02 secs] 
2020-09-29T17:39:51.047+0200: 26.106: [GC (Allocation Failure) [PSYoungGen: 632901K->31301K(636416K)] 657389K->55789K(2034688K), 0.0134092 secs] [Times: user=0.13 sys=0.00, real=0.01 secs] 
2020-09-29T17:39:51.109+0200: 26.168: [GC (Allocation Failure) [PSYoungGen: 602693K->42117K(633856K)] 627181K->66605K(2032128K), 0.0182218 secs] [Times: user=0.13 sys=0.00, real=0.02 secs] 
2020-09-29T17:39:51.177+0200: 26.235: [GC (Allocation Failure) [PSYoungGen: 613509K->39140K(637440K)] 637997K->63628K(2035712K), 0.0183747 secs] [Times: user=0.13 sys=0.00, real=0.02 secs] 
2020-09-29T17:39:51.244+0200: 26.303: [GC (Allocation Failure) [PSYoungGen: 613604K->39365K(635904K)] 638092K->63853K(2034176K), 0.0169603 secs] [Times: user=0.13 sys=0.00, real=0.02 secs] 
2020-09-29T17:39:51.313+0200: 26.372: [GC (Allocation Failure) [PSYoungGen: 613829K->39396K(639488K)] 638317K->63884K(2037760K), 0.0181579 secs] [Times: user=0.13 sys=0.00, real=0.02 secs] 
2020-09-29T17:39:51.382+0200: 26.441: [GC (Allocation Failure) [PSYoungGen: 618468K->30501K(638464K)] 642956K->54989K(2036736K), 0.0127108 secs] [Times: user=0.13 sys=0.00, real=0.01 secs] 
2020-09-29T17:39:51.446+0200: 26.505: [GC (Allocation Failure) [PSYoungGen: 609573K->35365K(643072K)] 634061K->59853K(2041344K), 0.0154986 secs] [Times: user=0.13 sys=0.00, real=0.01 secs] 
2020-09-29T17:39:51.512+0200: 26.570: [GC (Allocation Failure) [PSYoungGen: 620581K->32645K(641024K)] 645069K->57133K(2039296K), 0.0144884 secs] [Times: user=0.13 sys=0.00, real=0.01 secs] 
2020-09-29T17:39:51.578+0200: 26.636: [GC (Allocation Failure) [PSYoungGen: 617861K->29188K(645632K)] 642349K->53676K(2043904K), 0.0152594 secs] [Times: user=0.11 sys=0.00, real=0.01 secs] 
2020-09-29T17:39:51.646+0200: 26.704: [GC (Allocation Failure) [PSYoungGen: 620548K->32677K(644608K)] 645036K->57165K(2042880K), 0.0139001 secs] [Times: user=0.00 sys=0.00, real=0.01 secs] 
2020-09-29T17:39:51.710+0200: 26.769: [GC (Allocation Failure) [PSYoungGen: 624037K->22018K(646656K)] 648525K->46506K(2044928K), 0.0123130 secs] [Times: user=0.00 sys=0.00, real=0.01 secs] 
2020-09-29T17:39:51.775+0200: 26.834: [GC (Allocation Failure) [PSYoungGen: 616450K->42245K(636928K)] 640938K->66733K(2035200K), 0.0188566 secs] [Times: user=0.13 sys=0.00, real=0.02 secs] 
2020-09-29T17:39:51.845+0200: 26.904: [GC (Allocation Failure) [PSYoungGen: 636677K->48741K(637952K)] 661165K->73229K(2036224K), 0.0204883 secs] [Times: user=0.25 sys=0.00, real=0.02 secs] 
2020-09-29T17:39:51.917+0200: 26.976: [GC (Allocation Failure) [PSYoungGen: 632883K->29156K(641536K)] 657372K->53644K(2039808K), 0.0139454 secs] [Times: user=0.13 sys=0.00, real=0.01 secs] 
2020-09-29T17:39:51.981+0200: 27.040: [GC (Allocation Failure) [PSYoungGen: 613348K->39077K(643072K)] 637836K->63565K(2041344K), 0.0167256 secs] [Times: user=0.13 sys=0.00, real=0.02 secs] 
2020-09-29T17:39:52.048+0200: 27.107: [GC (Allocation Failure) [PSYoungGen: 625829K->37893K(642560K)] 650317K->62381K(2040832K), 0.0166645 secs] [Times: user=0.13 sys=0.00, real=0.02 secs] 
2020-09-29T17:39:52.115+0200: 27.173: [GC (Allocation Failure) [PSYoungGen: 624645K->50373K(636928K)] 649133K->74861K(2035200K), 0.0218532 secs] [Times: user=0.13 sys=0.00, real=0.02 secs] 
2020-09-29T17:39:52.187+0200: 27.246: [GC (Allocation Failure) [PSYoungGen: 632517K->30917K(640512K)] 657005K->55405K(2038784K), 0.0145366 secs] [Times: user=0.13 sys=0.00, real=0.01 secs] 
2020-09-29T17:39:52.251+0200: 27.310: [GC (Allocation Failure) [PSYoungGen: 613061K->37540K(643584K)] 637549K->62028K(2041856K), 0.0166689 secs] [Times: user=0.13 sys=0.00, real=0.02 secs] 
2020-09-29T17:39:52.320+0200: 27.378: [GC (Allocation Failure) [PSYoungGen: 623780K->34884K(641536K)] 648268K->59372K(2039808K), 0.0161000 secs] [Times: user=0.13 sys=0.00, real=0.02 secs] 
2020-09-29T17:39:52.386+0200: 27.445: [GC (Allocation Failure) [PSYoungGen: 621124K->19012K(642048K)] 645612K->43500K(2040320K), 0.0095900 secs] [Times: user=0.13 sys=0.00, real=0.01 secs] 
2020-09-29T17:39:52.447+0200: 27.505: [GC (Allocation Failure) [PSYoungGen: 607300K->33060K(643584K)] 631788K->57548K(2041856K), 0.0148850 secs] [Times: user=0.13 sys=0.00, real=0.01 secs] 
2020-09-29T17:39:52.519+0200: 27.577: [GC (Allocation Failure) [PSYoungGen: 621348K->32644K(647168K)] 645836K->57132K(2045440K), 0.0153814 secs] [Times: user=0.13 sys=0.00, real=0.01 secs] 
2020-09-29T17:39:52.585+0200: 27.644: [GC (Allocation Failure) [PSYoungGen: 626564K->38021K(645632K)] 651052K->62509K(2043904K), 0.0186905 secs] [Times: user=0.11 sys=0.00, real=0.02 secs] 
2020-09-29T17:39:52.658+0200: 27.717: [GC (Allocation Failure) [PSYoungGen: 631941K->51685K(633856K)] 656429K->82157K(2032128K), 0.0256160 secs] [Times: user=0.25 sys=0.00, real=0.03 secs] 
2020-09-29T17:39:52.733+0200: 27.792: [GC (Allocation Failure) [PSYoungGen: 633829K->24581K(640512K)] 664301K->55053K(2038784K), 0.0113906 secs] [Times: user=0.13 sys=0.00, real=0.01 secs] 
2020-09-29T17:39:52.796+0200: 27.854: [GC (Allocation Failure) [PSYoungGen: 606725K->32549K(642048K)] 637197K->63021K(2040320K), 0.0139802 secs] [Times: user=0.13 sys=0.00, real=0.01 secs] 
2020-09-29T17:39:52.859+0200: 27.918: [GC (Allocation Failure) [PSYoungGen: 616229K->25827K(640512K)] 646701K->56299K(2038784K), 0.0135571 secs] [Times: user=0.13 sys=0.00, real=0.01 secs] 
2020-09-29T17:39:52.924+0200: 27.983: [GC (Allocation Failure) [PSYoungGen: 609507K->35269K(644608K)] 639979K->65741K(2042880K), 0.0155534 secs] [Times: user=0.11 sys=0.00, real=0.01 secs] 
2020-09-29T17:39:52.990+0200: 28.048: [GC (Allocation Failure) [PSYoungGen: 623557K->33412K(642560K)] 654029K->63884K(2040832K), 0.0161397 secs] [Times: user=0.13 sys=0.00, real=0.02 secs] 
2020-09-29T17:39:53.057+0200: 28.116: [GC (Allocation Failure) [PSYoungGen: 621700K->33604K(648192K)] 652172K->64076K(2046464K), 0.0164807 secs] [Times: user=0.13 sys=0.00, real=0.02 secs] 
2020-09-29T17:39:53.128+0200: 28.187: [GC (Allocation Failure) [PSYoungGen: 629060K->27397K(646144K)] 659532K->57869K(2044416K), 0.0123663 secs] [Times: user=0.11 sys=0.00, real=0.01 secs] 
2020-09-29T17:39:53.194+0200: 28.253: [GC (Allocation Failure) [PSYoungGen: 622853K->19812K(647168K)] 653325K->50284K(2045440K), 0.0093248 secs] [Times: user=0.00 sys=0.00, real=0.01 secs] 
2020-09-29T17:39:53.255+0200: 28.314: [GC (Allocation Failure) [PSYoungGen: 616292K->27077K(647680K)] 646764K->57549K(2045952K), 0.0118797 secs] [Times: user=0.00 sys=0.00, real=0.01 secs] 
2020-09-29T17:39:53.318+0200: 28.377: [GC (Allocation Failure) [PSYoungGen: 623557K->21444K(648704K)] 654029K->51916K(2046976K), 0.0098554 secs] [Times: user=0.00 sys=0.00, real=0.01 secs] 
2020-09-29T17:39:53.381+0200: 28.440: [GC (Allocation Failure) [PSYoungGen: 619972K->44356K(643072K)] 650444K->74828K(2041344K), 0.0203562 secs] [Times: user=0.13 sys=0.00, real=0.02 secs] 
2020-09-29T17:39:53.453+0200: 28.512: [GC (Allocation Failure) [PSYoungGen: 642884K->40804K(643584K)] 673356K->71276K(2041856K), 0.0186865 secs] [Times: user=0.13 sys=0.00, real=0.02 secs] 
2020-09-29T17:39:53.521+0200: 28.580: [GC (Allocation Failure) [PSYoungGen: 631140K->24931K(644608K)] 661612K->55403K(2042880K), 0.0133229 secs] [Times: user=0.00 sys=0.00, real=0.01 secs] 
2020-09-29T17:39:53.587+0200: 28.646: [GC (Allocation Failure) [PSYoungGen: 615267K->40997K(643072K)] 645739K->71469K(2041344K), 0.0183986 secs] [Times: user=0.11 sys=0.00, real=0.02 secs] 
2020-09-29T17:39:53.658+0200: 28.717: [GC (Allocation Failure) [PSYoungGen: 630309K->28036K(644096K)] 660781K->58508K(2042368K), 0.0131079 secs] [Times: user=0.13 sys=0.00, real=0.01 secs] 
2020-09-29T17:39:53.722+0200: 28.781: [GC (Allocation Failure) [PSYoungGen: 617348K->43173K(641536K)] 647820K->73645K(2039808K), 0.0193704 secs] [Times: user=0.25 sys=0.00, real=0.02 secs] 
2020-09-29T17:39:53.792+0200: 28.851: [GC (Allocation Failure) [PSYoungGen: 631461K->29284K(643584K)] 661933K->59756K(2041856K), 0.0143324 secs] [Times: user=0.13 sys=0.00, real=0.01 secs] 
2020-09-29T17:39:53.857+0200: 28.916: [GC (Allocation Failure) [PSYoungGen: 617572K->29284K(646144K)] 648044K->59756K(2044416K), 0.0137604 secs] [Times: user=0.13 sys=0.00, real=0.01 secs] 
2020-09-29T17:39:53.923+0200: 28.982: [GC (Allocation Failure) [PSYoungGen: 621668K->33765K(645120K)] 652140K->64237K(2043392K), 0.0141787 secs] [Times: user=0.13 sys=0.00, real=0.01 secs] 
2020-09-29T17:39:53.990+0200: 29.049: [GC (Allocation Failure) [PSYoungGen: 626149K->51173K(637440K)] 656621K->82253K(2035712K), 0.0224216 secs] [Times: user=0.13 sys=0.00, real=0.02 secs] 
2020-09-29T17:39:54.063+0200: 29.121: [GC (Allocation Failure) [PSYoungGen: 637413K->36517K(642560K)] 668493K->67597K(2040832K), 0.0168128 secs] [Times: user=0.13 sys=0.00, real=0.02 secs] 
2020-09-29T17:39:54.130+0200: 29.189: [GC (Allocation Failure) [PSYoungGen: 622757K->33348K(645632K)] 653837K->64428K(2043904K), 0.0157509 secs] [Times: user=0.13 sys=0.00, real=0.01 secs] 
2020-09-29T17:39:54.197+0200: 29.256: [GC (Allocation Failure) [PSYoungGen: 624196K->36261K(644096K)] 655276K->67341K(2042368K), 0.0165268 secs] [Times: user=0.13 sys=0.00, real=0.02 secs] 
2020-09-29T17:39:54.264+0200: 29.323: [GC (Allocation Failure) [PSYoungGen: 627109K->24707K(647168K)] 658189K->55787K(2045440K), 0.0126661 secs] [Times: user=0.13 sys=0.00, real=0.01 secs] 
2020-09-29T17:39:54.327+0200: 29.386: [GC (Allocation Failure) [PSYoungGen: 620163K->32261K(647168K)] 651243K->63341K(2045440K), 0.0138595 secs] [Times: user=0.13 sys=0.00, real=0.02 secs] 
2020-09-29T17:39:54.399+0200: 29.458: [GC (Allocation Failure) [PSYoungGen: 627717K->39845K(646656K)] 658797K->70925K(2044928K), 0.0169568 secs] [Times: user=0.13 sys=0.00, real=0.02 secs] 
2020-09-29T17:39:54.468+0200: 29.527: [GC (Allocation Failure) [PSYoungGen: 636325K->33540K(647680K)] 667405K->64620K(2045952K), 0.0154249 secs] [Times: user=0.13 sys=0.00, real=0.02 secs] 
2020-09-29T17:39:54.534+0200: 29.593: [GC (Allocation Failure) [PSYoungGen: 630020K->27460K(649728K)] 661100K->58540K(2048000K), 0.0125823 secs] [Times: user=0.13 sys=0.00, real=0.01 secs] 
2020-09-29T17:39:54.603+0200: 29.662: [GC (Allocation Failure) [PSYoungGen: 627524K->22404K(649216K)] 658604K->53484K(2047488K), 0.0112323 secs] [Times: user=0.11 sys=0.00, real=0.01 secs] 
2020-09-29T17:39:54.669+0200: 29.728: [GC (Allocation Failure) [PSYoungGen: 622468K->34533K(650240K)] 653548K->65613K(2048512K), 0.0151601 secs] [Times: user=0.13 sys=0.00, real=0.02 secs] 
2020-09-29T17:39:54.735+0200: 29.794: [GC (Allocation Failure) [PSYoungGen: 635109K->32357K(649216K)] 666189K->63437K(2047488K), 0.0143512 secs] [Times: user=0.13 sys=0.00, real=0.01 secs] 
2020-09-29T17:39:54.807+0200: 29.866: [GC (Allocation Failure) [PSYoungGen: 632933K->45061K(645632K)] 664013K->76141K(2043904K), 0.0196766 secs] [Times: user=0.13 sys=0.00, real=0.02 secs] 
2020-09-29T17:39:54.877+0200: 29.936: [GC (Allocation Failure) [PSYoungGen: 643589K->26212K(648704K)] 674669K->57292K(2046976K), 0.0129791 secs] [Times: user=0.13 sys=0.00, real=0.01 secs] 
2020-09-29T17:39:54.945+0200: 30.004: [GC (Allocation Failure) [PSYoungGen: 624740K->35844K(649728K)] 655820K->66924K(2048000K), 0.0159845 secs] [Times: user=0.13 sys=0.00, real=0.02 secs] 
2020-09-29T17:39:55.015+0200: 30.074: [GC (Allocation Failure) [PSYoungGen: 635396K->33733K(648704K)] 666476K->64813K(2046976K), 0.0152380 secs] [Times: user=0.13 sys=0.00, real=0.01 secs] 
2020-09-29T17:39:55.085+0200: 30.144: [GC (Allocation Failure) [PSYoungGen: 633285K->45381K(645120K)] 664365K->76461K(2043392K), 0.0203856 secs] [Times: user=0.13 sys=0.00, real=0.02 secs] 
2020-09-29T17:39:55.157+0200: 30.216: [GC (Allocation Failure) [PSYoungGen: 642885K->27493K(648192K)] 673965K->58573K(2046464K), 0.0115432 secs] [Times: user=0.13 sys=0.00, real=0.01 secs] 
2020-09-29T17:39:55.225+0200: 30.284: [GC (Allocation Failure) [PSYoungGen: 624997K->36868K(648704K)] 656077K->67948K(2046976K), 0.0180675 secs] [Times: user=0.13 sys=0.00, real=0.02 secs] 
2020-09-29T17:39:55.296+0200: 30.355: [GC (Allocation Failure) [PSYoungGen: 634884K->47013K(645120K)] 665964K->78093K(2043392K), 0.0209339 secs] [Times: user=0.14 sys=0.00, real=0.02 secs] 
2020-09-29T17:39:55.367+0200: 30.426: [GC (Allocation Failure) [PSYoungGen: 645029K->28708K(646144K)] 676109K->59788K(2044416K), 0.0145673 secs] [Times: user=0.13 sys=0.00, real=0.01 secs] 
2020-09-29T17:39:55.437+0200: 30.496: [GC (Allocation Failure) [PSYoungGen: 621604K->33637K(645632K)] 652684K->64717K(2043904K), 0.0161357 secs] [Times: user=0.13 sys=0.00, real=0.02 secs] 
2020-09-29T17:39:55.504+0200: 30.563: [GC (Allocation Failure) [PSYoungGen: 626533K->36836K(648704K)] 657613K->67916K(2046976K), 0.0184089 secs] [Times: user=0.13 sys=0.00, real=0.02 secs] 
2020-09-29T17:39:55.574+0200: 30.633: [GC (Allocation Failure) [PSYoungGen: 634340K->30980K(647680K)] 665420K->62060K(2045952K), 0.0159390 secs] [Times: user=0.11 sys=0.00, real=0.02 secs] 
2020-09-29T17:39:55.645+0200: 30.704: [GC (Allocation Failure) [PSYoungGen: 628484K->39557K(648704K)] 659564K->70637K(2046976K), 0.0188848 secs] [Times: user=0.13 sys=0.00, real=0.02 secs] 
2020-09-29T17:39:55.715+0200: 30.774: [GC (Allocation Failure) [PSYoungGen: 639109K->34852K(649216K)] 670189K->65932K(2047488K), 0.0178147 secs] [Times: user=0.13 sys=0.00, real=0.02 secs] 
2020-09-29T17:39:55.785+0200: 30.844: [GC (Allocation Failure) [PSYoungGen: 634404K->30372K(651264K)] 665484K->61452K(2049536K), 0.0157546 secs] [Times: user=0.13 sys=0.00, real=0.01 secs] 
2020-09-29T17:39:55.851+0200: 30.910: [GC (Allocation Failure) [PSYoungGen: 633508K->31973K(650752K)] 664588K->63053K(2049024K), 0.0145131 secs] [Times: user=0.13 sys=0.00, real=0.01 secs] 
2020-09-29T17:39:55.918+0200: 30.976: [GC (Allocation Failure) [PSYoungGen: 635109K->33509K(652800K)] 666189K->64589K(2051072K), 0.0154736 secs] [Times: user=0.13 sys=0.00, real=0.02 secs] 
2020-09-29T17:39:55.985+0200: 31.044: [GC (Allocation Failure) [PSYoungGen: 639205K->37637K(651776K)] 670285K->68717K(2050048K), 0.0176491 secs] [Times: user=0.13 sys=0.00, real=0.02 secs] 
2020-09-29T17:39:56.056+0200: 31.115: [GC (Allocation Failure) [PSYoungGen: 643333K->41765K(649728K)] 674413K->72845K(2048000K), 0.0198579 secs] [Times: user=0.13 sys=0.00, real=0.02 secs] 
2020-09-29T17:39:56.128+0200: 31.187: [GC (Allocation Failure) [PSYoungGen: 645413K->14019K(617984K)] 676493K->45099K(2016256K), 0.0082064 secs] [Times: user=0.13 sys=0.00, real=0.01 secs] 
2020-09-29T17:39:56.188+0200: 31.247: [GC (Allocation Failure) [PSYoungGen: 617667K->43461K(644608K)] 648747K->74541K(2042880K), 0.0201000 secs] [Times: user=0.25 sys=0.00, real=0.02 secs] 
2020-09-29T17:39:56.259+0200: 31.318: [GC (Allocation Failure) [PSYoungGen: 637893K->20547K(615424K)] 668973K->51627K(2013696K), 0.0115493 secs] [Times: user=0.13 sys=0.00, real=0.01 secs] 
2020-09-29T17:39:56.328+0200: 31.387: [GC (Allocation Failure) [PSYoungGen: 614979K->40741K(644096K)] 646059K->71821K(2042368K), 0.0183474 secs] [Times: user=0.13 sys=0.00, real=0.02 secs] 
2020-09-29T17:39:56.400+0200: 31.459: [GC (Allocation Failure) [PSYoungGen: 632101K->30533K(645120K)] 663181K->61613K(2043392K), 0.0154633 secs] [Times: user=0.13 sys=0.00, real=0.01 secs] 
2020-09-29T17:39:56.465+0200: 31.524: [GC (Allocation Failure) [PSYoungGen: 621893K->33380K(648704K)] 652973K->64460K(2046976K), 0.0182125 secs] [Times: user=0.13 sys=0.00, real=0.02 secs] 
2020-09-29T17:39:56.535+0200: 31.593: [GC (Allocation Failure) [PSYoungGen: 629860K->40356K(646656K)] 660940K->71436K(2044928K), 0.0200802 secs] [Times: user=0.25 sys=0.00, real=0.02 secs] 
2020-09-29T17:39:56.609+0200: 31.668: [GC (Allocation Failure) [PSYoungGen: 636836K->32964K(649216K)] 667916K->64044K(2047488K), 0.0181499 secs] [Times: user=0.11 sys=0.00, real=0.02 secs] 
2020-09-29T17:39:56.682+0200: 31.741: [GC (Allocation Failure) [PSYoungGen: 630980K->29188K(647680K)] 662060K->60268K(2045952K), 0.0145041 secs] [Times: user=0.13 sys=0.00, real=0.02 secs] 
2020-09-29T17:39:56.748+0200: 31.807: [GC (Allocation Failure) [PSYoungGen: 627204K->39301K(648704K)] 658284K->70381K(2046976K), 0.0188331 secs] [Times: user=0.13 sys=0.00, real=0.02 secs] 
2020-09-29T17:39:56.818+0200: 31.877: [GC (Allocation Failure) [PSYoungGen: 638853K->37285K(649216K)] 669933K->68365K(2047488K), 0.0171676 secs] [Times: user=0.13 sys=0.00, real=0.02 secs] 
2020-09-29T17:39:56.886+0200: 31.945: [GC (Allocation Failure) [PSYoungGen: 636837K->35301K(650752K)] 667917K->66381K(2049024K), 0.0178524 secs] [Times: user=0.13 sys=0.00, real=0.02 secs] 
2020-09-29T17:39:56.955+0200: 32.014: [GC (Allocation Failure) [PSYoungGen: 636901K->33412K(649728K)] 667981K->64492K(2048000K), 0.0170622 secs] [Times: user=0.13 sys=0.00, real=0.02 secs] 
2020-09-29T17:39:57.026+0200: 32.085: [GC (Allocation Failure) [PSYoungGen: 635012K->33445K(652800K)] 666092K->64525K(2051072K), 0.0167773 secs] [Times: user=0.11 sys=0.00, real=0.02 secs] 
2020-09-29T17:39:57.097+0200: 32.156: [GC (Allocation Failure) [PSYoungGen: 639141K->37381K(651776K)] 670221K->68461K(2050048K), 0.0181426 secs] [Times: user=0.25 sys=0.00, real=0.02 secs] 
2020-09-29T17:39:57.166+0200: 32.226: [GC (Allocation Failure) [PSYoungGen: 643077K->41380K(650752K)] 674157K->72460K(2049024K), 0.0200079 secs] [Times: user=0.13 sys=0.00, real=0.02 secs] 
2020-09-29T17:39:57.245+0200: 32.304: [GC (Allocation Failure) [PSYoungGen: 646052K->47077K(651776K)] 677132K->89157K(2050048K), 0.0287291 secs] [Times: user=0.25 sys=0.00, real=0.03 secs] 
2020-09-29T17:39:57.326+0200: 32.385: [GC (Allocation Failure) [PSYoungGen: 651749K->32580K(638464K)] 693829K->74660K(2036736K), 0.0178466 secs] [Times: user=0.11 sys=0.00, real=0.02 secs] 
2020-09-29T17:39:57.395+0200: 32.454: [GC (Allocation Failure) [PSYoungGen: 623940K->49701K(641536K)] 666020K->91781K(2039808K), 0.0228309 secs] [Times: user=0.13 sys=0.00, real=0.02 secs] 
2020-09-29T17:39:57.468+0200: 32.527: [GC (Allocation Failure) [PSYoungGen: 641061K->53061K(634880K)] 683141K->95141K(2033152K), 0.0248598 secs] [Times: user=0.25 sys=0.00, real=0.02 secs] 
2020-09-29T17:39:57.542+0200: 32.601: [GC (Allocation Failure) [PSYoungGen: 631109K->43205K(638464K)] 673189K->85285K(2036736K), 0.0191970 secs] [Times: user=0.13 sys=0.00, real=0.02 secs] 
2020-09-29T17:39:57.613+0200: 32.672: [GC (Allocation Failure) [PSYoungGen: 621253K->33349K(640000K)] 663333K->75429K(2038272K), 0.0163943 secs] [Times: user=0.14 sys=0.00, real=0.02 secs] 
2020-09-29T17:39:57.680+0200: 32.739: [GC (Allocation Failure) [PSYoungGen: 613445K->52805K(633344K)] 655525K->94885K(2031616K), 0.0247115 secs] [Times: user=0.13 sys=0.00, real=0.02 secs] 
2020-09-29T17:39:57.754+0200: 32.813: [GC (Allocation Failure) [PSYoungGen: 632901K->31076K(637440K)] 674981K->73156K(2035712K), 0.0158737 secs] [Times: user=0.13 sys=0.00, real=0.02 secs] 
2020-09-29T17:39:57.819+0200: 32.878: [GC (Allocation Failure) [PSYoungGen: 606564K->29827K(636928K)] 648644K->71907K(2035200K), 0.0161045 secs] [Times: user=0.13 sys=0.00, real=0.02 secs] 
2020-09-29T17:39:57.884+0200: 32.943: [GC (Allocation Failure) [PSYoungGen: 605315K->29123K(638464K)] 647395K->71203K(2036736K), 0.0161174 secs] [Times: user=0.13 sys=0.00, real=0.02 secs] 
2020-09-29T17:39:57.950+0200: 33.009: [GC (Allocation Failure) [PSYoungGen: 606659K->46085K(624128K)] 648739K->88165K(2022400K), 0.0211112 secs] [Times: user=0.13 sys=0.00, real=0.02 secs] 
2020-09-29T17:39:58.020+0200: 33.079: [GC (Allocation Failure) [PSYoungGen: 623621K->32196K(638464K)] 665701K->74276K(2036736K), 0.0166853 secs] [Times: user=0.13 sys=0.00, real=0.02 secs] 
2020-09-29T17:39:58.087+0200: 33.146: [GC (Allocation Failure) [PSYoungGen: 609220K->33828K(637440K)] 651300K->75908K(2035712K), 0.0165255 secs] [Times: user=0.13 sys=0.00, real=0.02 secs] 
2020-09-29T17:39:58.154+0200: 33.213: [GC (Allocation Failure) [PSYoungGen: 610852K->32548K(641536K)] 652932K->74628K(2039808K), 0.0165856 secs] [Times: user=0.13 sys=0.00, real=0.02 secs] 
2020-09-29T17:39:58.221+0200: 33.280: [GC (Allocation Failure) [PSYoungGen: 615204K->25859K(640000K)] 657284K->67939K(2038272K), 0.0141089 secs] [Times: user=0.13 sys=0.00, real=0.01 secs] 
2020-09-29T17:39:58.284+0200: 33.344: [GC (Allocation Failure) [PSYoungGen: 608515K->34245K(643584K)] 650595K->76325K(2041856K), 0.0171660 secs] [Times: user=0.14 sys=0.00, real=0.02 secs] 
2020-09-29T17:39:58.352+0200: 33.411: [GC (Allocation Failure) [PSYoungGen: 620485K->32613K(641536K)] 662565K->74693K(2039808K), 0.0155734 secs] [Times: user=0.13 sys=0.00, real=0.02 secs] 
2020-09-29T17:39:58.423+0200: 33.482: [GC (Allocation Failure) [PSYoungGen: 618853K->30596K(645632K)] 660933K->72676K(2043904K), 0.0159665 secs] [Times: user=0.13 sys=0.00, real=0.02 secs] 
2020-09-29T17:39:58.497+0200: 33.555: [GC (Allocation Failure) [PSYoungGen: 621956K->32676K(644608K)] 664036K->74756K(2042880K), 0.0159434 secs] [Times: user=0.13 sys=0.00, real=0.02 secs] 
2020-09-29T17:39:58.569+0200: 33.627: [GC (Allocation Failure) [PSYoungGen: 624036K->33861K(648704K)] 666116K->75941K(2046976K), 0.0179410 secs] [Times: user=0.11 sys=0.00, real=0.02 secs] 
2020-09-29T17:39:58.642+0200: 33.700: [GC (Allocation Failure) [PSYoungGen: 630853K->50149K(647168K)] 672933K->98637K(2045440K), 0.0281010 secs] [Times: user=0.23 sys=0.00, real=0.03 secs] 
2020-09-29T17:39:58.721+0200: 33.779: [GC (Allocation Failure) [PSYoungGen: 647141K->24644K(636928K)] 695629K->73132K(2035200K), 0.0119941 secs] [Times: user=0.13 sys=0.00, real=0.01 secs] 
2020-09-29T17:39:58.784+0200: 33.843: [GC (Allocation Failure) [PSYoungGen: 609860K->18658K(604160K)] 658348K->67146K(2002432K), 0.0111642 secs] [Times: user=0.13 sys=0.00, real=0.01 secs] 
2020-09-29T17:39:58.845+0200: 33.904: [GC (Allocation Failure) [PSYoungGen: 603874K->41956K(640000K)] 652362K->90444K(2038272K), 0.0205495 secs] [Times: user=0.25 sys=0.00, real=0.02 secs] 
2020-09-29T17:39:58.919+0200: 33.977: [GC (Allocation Failure) [PSYoungGen: 624100K->20835K(640512K)] 672588K->69323K(2038784K), 0.0121373 secs] [Times: user=0.11 sys=0.00, real=0.01 secs] 
2020-09-29T17:39:58.982+0200: 34.040: [GC (Allocation Failure) [PSYoungGen: 602979K->28613K(642048K)] 651467K->77101K(2040320K), 0.0152589 secs] [Times: user=0.11 sys=0.00, real=0.01 secs] 
2020-09-29T17:39:59.048+0200: 34.106: [GC (Allocation Failure) [PSYoungGen: 612293K->51749K(635904K)] 660781K->100237K(2034176K), 0.0247247 secs] [Times: user=0.23 sys=0.00, real=0.02 secs] 
2020-09-29T17:39:59.122+0200: 34.181: [GC (Allocation Failure) [PSYoungGen: 635429K->47557K(633344K)] 683917K->96045K(2031616K), 0.0217510 secs] [Times: user=0.13 sys=0.00, real=0.02 secs] 
2020-09-29T17:39:59.201+0200: 34.259: [GC (Allocation Failure) [PSYoungGen: 619461K->45189K(617472K)] 667949K->93677K(2015744K), 0.0214118 secs] [Times: user=0.13 sys=0.00, real=0.02 secs] 
2020-09-29T17:39:59.274+0200: 34.333: [GC (Allocation Failure) [PSYoungGen: 617093K->29125K(636416K)] 665581K->77613K(2034688K), 0.0147973 secs] [Times: user=0.13 sys=0.00, real=0.02 secs] 
2020-09-29T17:39:59.340+0200: 34.399: [GC (Allocation Failure) [PSYoungGen: 601541K->40004K(634880K)] 650029K->88492K(2033152K), 0.0198845 secs] [Times: user=0.13 sys=0.00, real=0.02 secs] 
2020-09-29T17:39:59.409+0200: 34.467: [GC (Allocation Failure) [PSYoungGen: 612420K->37701K(639488K)] 660908K->86189K(2037760K), 0.0180044 secs] [Times: user=0.25 sys=0.00, real=0.02 secs] 
2020-09-29T17:39:59.480+0200: 34.538: [GC (Allocation Failure) [PSYoungGen: 615749K->12035K(637440K)] 664237K->60523K(2035712K), 0.0069540 secs] [Times: user=0.00 sys=0.00, real=0.01 secs] 
2020-09-29T17:39:59.536+0200: 34.594: [GC (Allocation Failure) [PSYoungGen: 590083K->43173K(636416K)] 638571K->91661K(2034688K), 0.0203350 secs] [Times: user=0.13 sys=0.00, real=0.02 secs] 
2020-09-29T17:39:59.608+0200: 34.666: [GC (Allocation Failure) [PSYoungGen: 618149K->42788K(636928K)] 666637K->91276K(2035200K), 0.0243934 secs] [Times: user=0.22 sys=0.00, real=0.02 secs] 
2020-09-29T17:39:59.683+0200: 34.741: [GC (Allocation Failure) [PSYoungGen: 617764K->43589K(635904K)] 666252K->92077K(2034176K), 0.0199197 secs] [Times: user=0.13 sys=0.00, real=0.02 secs] 
2020-09-29T17:39:59.751+0200: 34.810: [GC (Allocation Failure) [PSYoungGen: 617541K->29605K(636416K)] 666029K->78093K(2034688K), 0.0142677 secs] [Times: user=0.13 sys=0.00, real=0.02 secs] 
2020-09-29T17:39:59.817+0200: 34.875: [GC (Allocation Failure) [PSYoungGen: 603557K->29221K(638976K)] 652045K->77709K(2037248K), 0.0131859 secs] [Times: user=0.00 sys=0.00, real=0.01 secs] 
2020-09-29T17:39:59.879+0200: 34.938: [GC (Allocation Failure) [PSYoungGen: 607269K->46757K(625152K)] 655757K->95245K(2023424K), 0.0223423 secs] [Times: user=0.22 sys=0.00, real=0.02 secs] 
2020-09-29T17:39:59.951+0200: 35.009: [GC (Allocation Failure) [PSYoungGen: 624805K->36324K(640000K)] 673293K->84812K(2038272K), 0.0178904 secs] [Times: user=0.13 sys=0.00, real=0.02 secs] 
2020-09-29T17:40:00.020+0200: 35.079: [GC (Allocation Failure) [PSYoungGen: 614884K->54277K(633344K)] 663372K->102765K(2031616K), 0.0263523 secs] [Times: user=0.22 sys=0.00, real=0.03 secs] 
2020-09-29T17:40:00.097+0200: 35.156: [GC (Allocation Failure) [PSYoungGen: 632837K->44933K(635392K)] 681325K->93421K(2033664K), 0.0211676 secs] [Times: user=0.25 sys=0.00, real=0.02 secs] 
2020-09-29T17:40:00.168+0200: 35.226: [GC (Allocation Failure) [PSYoungGen: 616837K->27428K(635392K)] 665325K->75916K(2033664K), 0.0142172 secs] [Times: user=0.13 sys=0.00, real=0.01 secs] 
2020-09-29T17:40:00.234+0200: 35.293: [GC (Allocation Failure) [PSYoungGen: 599332K->24708K(636416K)] 647820K->73196K(2034688K), 0.0101191 secs] [Times: user=0.13 sys=0.00, real=0.01 secs] 
2020-09-29T17:40:00.293+0200: 35.352: [GC (Allocation Failure) [PSYoungGen: 598148K->22915K(635904K)] 646636K->71403K(2034176K), 0.0092324 secs] [Times: user=0.13 sys=0.00, real=0.01 secs] 
2020-09-29T17:40:00.353+0200: 35.411: [GC (Allocation Failure) [PSYoungGen: 596355K->35845K(638976K)] 644843K->84333K(2037248K), 0.0127426 secs] [Times: user=0.13 sys=0.00, real=0.01 secs] 
2020-09-29T17:40:00.416+0200: 35.474: [GC (Allocation Failure) [PSYoungGen: 612357K->37252K(636416K)] 660845K->85740K(2034688K), 0.0139765 secs] [Times: user=0.13 sys=0.00, real=0.01 secs] 
2020-09-29T17:40:00.479+0200: 35.537: [GC (Allocation Failure) [PSYoungGen: 613764K->39493K(641536K)] 662252K->87981K(2039808K), 0.0142211 secs] [Times: user=0.13 sys=0.00, real=0.01 secs] 
2020-09-29T17:40:00.546+0200: 35.604: [GC (Allocation Failure) [PSYoungGen: 622661K->18084K(640512K)] 671149K->66572K(2038784K), 0.0072958 secs] [Times: user=0.13 sys=0.00, real=0.01 secs] 
2020-09-29T17:40:00.608+0200: 35.667: [GC (Allocation Failure) [PSYoungGen: 601252K->40549K(640512K)] 649740K->89037K(2038784K), 0.0152114 secs] [Times: user=0.11 sys=0.00, real=0.01 secs] 
2020-09-29T17:40:00.674+0200: 35.732: [GC (Allocation Failure) [PSYoungGen: 622693K->33444K(640512K)] 671181K->81932K(2038784K), 0.0124130 secs] [Times: user=0.13 sys=0.00, real=0.01 secs] 
2020-09-29T17:40:00.736+0200: 35.794: [GC (Allocation Failure) [PSYoungGen: 615588K->54981K(632320K)] 664076K->103469K(2030592K), 0.0179374 secs] [Times: user=0.13 sys=0.00, real=0.02 secs] 
2020-09-29T17:40:00.804+0200: 35.862: [GC (Allocation Failure) [PSYoungGen: 630981K->41412K(637440K)] 679469K->89900K(2035712K), 0.0152190 secs] [Times: user=0.13 sys=0.00, real=0.02 secs] 
2020-09-29T17:40:00.869+0200: 35.927: [GC (Allocation Failure) [PSYoungGen: 617412K->43237K(637952K)] 665900K->91725K(2036224K), 0.0150019 secs] [Times: user=0.13 sys=0.00, real=0.02 secs] 
2020-09-29T17:40:00.933+0200: 35.991: [GC (Allocation Failure) [PSYoungGen: 620261K->31620K(637952K)] 668749K->80108K(2036224K), 0.0112410 secs] [Times: user=0.13 sys=0.00, real=0.01 secs] 
2020-09-29T17:40:00.996+0200: 36.054: [GC (Allocation Failure) [PSYoungGen: 608644K->34149K(641024K)] 657132K->82637K(2039296K), 0.0121389 secs] [Times: user=0.13 sys=0.00, real=0.01 secs] 
2020-09-29T17:40:01.062+0200: 36.120: [GC (Allocation Failure) [PSYoungGen: 615781K->41509K(639488K)] 664269K->89997K(2037760K), 0.0147894 secs] [Times: user=0.13 sys=0.00, real=0.01 secs] 
2020-09-29T17:40:01.126+0200: 36.185: [GC (Allocation Failure) [PSYoungGen: 623141K->19748K(639488K)] 671629K->68236K(2037760K), 0.0073508 secs] [Times: user=0.13 sys=0.00, real=0.01 secs] 
2020-09-29T17:40:01.184+0200: 36.243: [GC (Allocation Failure) [PSYoungGen: 601892K->27012K(640512K)] 650380K->75500K(2038784K), 0.0098217 secs] [Times: user=0.13 sys=0.00, real=0.01 secs] 
2020-09-29T17:40:01.245+0200: 36.303: [GC (Allocation Failure) [PSYoungGen: 609156K->32612K(643072K)] 657644K->81100K(2041344K), 0.0125536 secs] [Times: user=0.13 sys=0.00, real=0.01 secs] 
2020-09-29T17:40:01.308+0200: 36.367: [GC (Allocation Failure) [PSYoungGen: 617828K->43525K(641024K)] 666316K->92013K(2039296K), 0.0149414 secs] [Times: user=0.13 sys=0.00, real=0.01 secs] 
2020-09-29T17:40:01.373+0200: 36.432: [GC (Allocation Failure) [PSYoungGen: 628741K->40420K(642048K)] 677229K->88908K(2040320K), 0.0145714 secs] [Times: user=0.13 sys=0.00, real=0.02 secs] 
2020-09-29T17:40:01.438+0200: 36.497: [GC (Allocation Failure) [PSYoungGen: 625636K->37572K(642048K)] 674124K->86060K(2040320K), 0.0134506 secs] [Times: user=0.13 sys=0.00, real=0.01 secs] 
2020-09-29T17:40:01.502+0200: 36.560: [GC (Allocation Failure) [PSYoungGen: 622788K->34789K(645120K)] 671276K->83277K(2043392K), 0.0127879 secs] [Times: user=0.13 sys=0.00, real=0.01 secs] 
2020-09-29T17:40:01.570+0200: 36.629: [GC (Allocation Failure) [PSYoungGen: 624613K->33540K(643584K)] 673101K->82028K(2041856K), 0.0159703 secs] [Times: user=0.11 sys=0.00, real=0.02 secs] 
2020-09-29T17:40:01.643+0200: 36.701: [GC (Allocation Failure) [PSYoungGen: 623364K->33604K(647680K)] 671852K->82092K(2045952K), 0.0151154 secs] [Times: user=0.06 sys=0.00, real=0.02 secs] 
2020-09-29T17:40:01.712+0200: 36.770: [GC (Allocation Failure) [PSYoungGen: 629060K->24612K(646656K)] 677548K->73100K(2044928K), 0.0090580 secs] [Times: user=0.00 sys=0.00, real=0.01 secs] 
2020-09-29T17:40:01.773+0200: 36.832: [GC (Allocation Failure) [PSYoungGen: 620068K->32101K(648704K)] 668556K->80589K(2046976K), 0.0106476 secs] [Times: user=0.00 sys=0.00, real=0.01 secs] 
2020-09-29T17:40:01.837+0200: 36.896: [GC (Allocation Failure) [PSYoungGen: 629605K->41701K(647680K)] 678093K->90189K(2045952K), 0.0141591 secs] [Times: user=0.13 sys=0.00, real=0.02 secs] 
2020-09-29T17:40:01.903+0200: 36.961: [GC (Allocation Failure) [PSYoungGen: 639205K->37605K(648192K)] 687693K->86093K(2046464K), 0.0131928 secs] [Times: user=0.13 sys=0.00, real=0.01 secs] 
2020-09-29T17:40:01.967+0200: 37.026: [GC (Allocation Failure) [PSYoungGen: 634597K->32804K(647680K)] 683085K->81292K(2045952K), 0.0116857 secs] [Times: user=0.13 sys=0.00, real=0.01 secs] 
2020-09-29T17:40:02.031+0200: 37.089: [GC (Allocation Failure) [PSYoungGen: 629796K->28325K(649728K)] 678284K->76813K(2048000K), 0.0097445 secs] [Times: user=0.13 sys=0.00, real=0.01 secs] 
2020-09-29T17:40:02.092+0200: 37.151: [GC (Allocation Failure) [PSYoungGen: 628389K->39940K(649216K)] 676877K->88428K(2047488K), 0.0146583 secs] [Times: user=0.13 sys=0.00, real=0.02 secs] 
2020-09-29T17:40:02.158+0200: 37.217: [GC (Allocation Failure) [PSYoungGen: 640004K->38020K(649216K)] 688492K->86508K(2047488K), 0.0138472 secs] [Times: user=0.13 sys=0.00, real=0.01 secs] 
2020-09-29T17:40:02.223+0200: 37.282: [GC (Allocation Failure) [PSYoungGen: 637572K->35716K(649216K)] 686060K->84204K(2047488K), 0.0131731 secs] [Times: user=0.01 sys=0.00, real=0.01 secs] 
2020-09-29T17:40:02.289+0200: 37.347: [GC (Allocation Failure) [PSYoungGen: 635268K->33444K(651776K)] 683756K->81932K(2050048K), 0.0122482 secs] [Times: user=0.00 sys=0.00, real=0.01 secs] 
2020-09-29T17:40:02.353+0200: 37.412: [GC (Allocation Failure) [PSYoungGen: 637092K->35396K(650752K)] 685580K->83884K(2049024K), 0.0136066 secs] [Times: user=0.11 sys=0.00, real=0.01 secs] 
2020-09-29T17:40:02.420+0200: 37.479: [GC (Allocation Failure) [PSYoungGen: 639044K->46052K(643584K)] 687532K->98860K(2041856K), 0.0183228 secs] [Times: user=0.13 sys=0.00, real=0.02 secs] 
2020-09-29T17:40:02.490+0200: 37.548: [GC (Allocation Failure) [PSYoungGen: 643556K->32389K(648192K)] 696364K->85197K(2046464K), 0.0115416 secs] [Times: user=0.00 sys=0.00, real=0.01 secs] 
2020-09-29T17:40:02.552+0200: 37.611: [GC (Allocation Failure) [PSYoungGen: 629893K->28037K(648704K)] 682701K->80845K(2046976K), 0.0097028 secs] [Times: user=0.00 sys=0.00, real=0.01 secs] 
2020-09-29T17:40:02.619+0200: 37.677: [GC (Allocation Failure) [PSYoungGen: 626565K->37732K(648704K)] 679373K->90540K(2046976K), 0.0146472 secs] [Times: user=0.13 sys=0.00, real=0.01 secs] 
2020-09-29T17:40:02.685+0200: 37.743: [GC (Allocation Failure) [PSYoungGen: 636260K->34693K(650752K)] 689068K->87501K(2049024K), 0.0118137 secs] [Times: user=0.13 sys=0.00, real=0.01 secs] 
2020-09-29T17:40:02.750+0200: 37.809: [GC (Allocation Failure) [PSYoungGen: 635781K->47877K(649216K)] 688589K->100685K(2047488K), 0.0164484 secs] [Times: user=0.13 sys=0.00, real=0.02 secs] 
2020-09-29T17:40:02.819+0200: 37.877: [GC (Allocation Failure) [PSYoungGen: 648965K->47333K(640000K)] 701773K->100141K(2038272K), 0.0161840 secs] [Times: user=0.13 sys=0.00, real=0.02 secs] 
2020-09-29T17:40:02.886+0200: 37.944: [GC (Allocation Failure) [PSYoungGen: 637669K->22405K(612864K)] 690477K->75213K(2011136K), 0.0076756 secs] [Times: user=0.00 sys=0.00, real=0.01 secs] 
2020-09-29T17:40:02.945+0200: 38.003: [GC (Allocation Failure) [PSYoungGen: 612741K->38533K(644608K)] 665549K->91341K(2042880K), 0.0131461 secs] [Times: user=0.00 sys=0.01, real=0.01 secs] 
2020-09-29T17:40:03.010+0200: 38.069: [GC (Allocation Failure) [PSYoungGen: 627845K->39748K(643584K)] 680653K->92556K(2041856K), 0.0143767 secs] [Times: user=0.13 sys=0.00, real=0.02 secs] 
2020-09-29T17:40:03.075+0200: 38.133: [GC (Allocation Failure) [PSYoungGen: 629060K->53733K(635904K)] 681868K->107589K(2034176K), 0.0183116 secs] [Times: user=0.13 sys=0.00, real=0.02 secs] 
2020-09-29T17:40:03.143+0200: 38.202: [GC (Allocation Failure) [PSYoungGen: 635877K->49157K(631808K)] 689733K->103013K(2030080K), 0.0167441 secs] [Times: user=0.13 sys=0.00, real=0.02 secs] 
2020-09-29T17:40:03.210+0200: 38.269: [GC (Allocation Failure) [PSYoungGen: 631301K->28164K(638464K)] 685157K->82020K(2036736K), 0.0112576 secs] [Times: user=0.00 sys=0.00, real=0.01 secs] 
2020-09-29T17:40:03.271+0200: 38.329: [GC (Allocation Failure) [PSYoungGen: 606212K->16164K(594432K)] 660068K->70020K(1992704K), 0.0073593 secs] [Times: user=0.00 sys=0.00, real=0.01 secs] 
2020-09-29T17:40:03.329+0200: 38.388: [GC (Allocation Failure) [PSYoungGen: 594212K->33476K(638976K)] 648068K->87332K(2037248K), 0.0119494 secs] [Times: user=0.13 sys=0.00, real=0.01 secs] 
2020-09-29T17:40:03.391+0200: 38.449: [GC (Allocation Failure) [PSYoungGen: 610500K->20772K(636928K)] 664356K->74628K(2035200K), 0.0085921 secs] [Times: user=0.13 sys=0.00, real=0.01 secs] 
2020-09-29T17:40:03.449+0200: 38.507: [GC (Allocation Failure) [PSYoungGen: 597796K->21892K(638976K)] 651652K->75748K(2037248K), 0.0086597 secs] [Times: user=0.00 sys=0.00, real=0.01 secs] 
2020-09-29T17:40:03.506+0200: 38.565: [GC (Allocation Failure) [PSYoungGen: 600452K->39909K(638464K)] 654308K->93765K(2036736K), 0.0138162 secs] [Times: user=0.13 sys=0.00, real=0.01 secs] 
2020-09-29T17:40:03.570+0200: 38.629: [GC (Allocation Failure) [PSYoungGen: 618469K->30437K(641024K)] 672325K->84293K(2039296K), 0.0117247 secs] [Times: user=0.00 sys=0.00, real=0.01 secs] 
2020-09-29T17:40:03.633+0200: 38.692: [GC (Allocation Failure) [PSYoungGen: 612069K->51429K(633344K)] 665925K->105285K(2031616K), 0.0174877 secs] [Times: user=0.13 sys=0.00, real=0.02 secs] 
2020-09-29T17:40:03.701+0200: 38.760: [GC (Allocation Failure) [PSYoungGen: 633061K->45125K(634880K)] 686917K->98981K(2033152K), 0.0154780 secs] [Times: user=0.13 sys=0.00, real=0.02 secs] 
2020-09-29T17:40:03.766+0200: 38.824: [GC (Allocation Failure) [PSYoungGen: 618053K->29380K(635904K)] 671909K->83236K(2034176K), 0.0105365 secs] [Times: user=0.13 sys=0.00, real=0.01 secs] 
2020-09-29T17:40:03.828+0200: 38.886: [GC (Allocation Failure) [PSYoungGen: 602308K->41637K(637952K)] 656164K->95493K(2036224K), 0.0144354 secs] [Times: user=0.13 sys=0.00, real=0.01 secs] 
2020-09-29T17:40:03.891+0200: 38.950: [GC (Allocation Failure) [PSYoungGen: 618149K->42468K(637440K)] 672005K->96324K(2035712K), 0.0151218 secs] [Times: user=0.13 sys=0.00, real=0.01 secs] 
2020-09-29T17:40:03.956+0200: 39.014: [GC (Allocation Failure) [PSYoungGen: 618980K->31109K(639488K)] 672836K->84965K(2037760K), 0.0103898 secs] [Times: user=0.13 sys=0.00, real=0.01 secs] 
2020-09-29T17:40:04.018+0200: 39.077: [GC (Allocation Failure) [PSYoungGen: 609669K->35397K(637952K)] 663525K->89253K(2036224K), 0.0125192 secs] [Times: user=0.13 sys=0.00, real=0.01 secs] 
2020-09-29T17:40:04.080+0200: 39.139: [GC (Allocation Failure) [PSYoungGen: 613957K->25860K(642048K)] 667813K->79716K(2040320K), 0.0097371 secs] [Times: user=0.13 sys=0.00, real=0.01 secs] 
2020-09-29T17:40:04.140+0200: 39.199: [GC (Allocation Failure) [PSYoungGen: 610564K->36357K(641536K)] 664420K->90213K(2039808K), 0.0125438 secs] [Times: user=0.13 sys=0.00, real=0.01 secs] 
2020-09-29T17:40:04.209+0200: 39.267: [GC (Allocation Failure) [PSYoungGen: 621061K->33125K(645120K)] 674917K->86981K(2043392K), 0.0118548 secs] [Times: user=0.00 sys=0.00, real=0.01 secs] 
2020-09-29T17:40:04.271+0200: 39.330: [GC (Allocation Failure) [PSYoungGen: 622949K->35077K(643584K)] 676805K->88933K(2041856K), 0.0125049 secs] [Times: user=0.00 sys=0.00, real=0.01 secs] 
2020-09-29T17:40:04.335+0200: 39.394: [GC (Allocation Failure) [PSYoungGen: 624901K->50597K(638976K)] 678757K->104453K(2037248K), 0.0174119 secs] [Times: user=0.13 sys=0.00, real=0.02 secs] 
2020-09-29T17:40:04.403+0200: 39.462: [GC (Allocation Failure) [PSYoungGen: 637861K->49989K(637440K)] 691717K->103845K(2035712K), 0.0178183 secs] [Times: user=0.08 sys=0.02, real=0.02 secs] 
2020-09-29T17:40:04.471+0200: 39.530: [GC (Allocation Failure) [PSYoungGen: 637253K->21061K(637952K)] 691109K->74917K(2036224K), 0.0081534 secs] [Times: user=0.13 sys=0.00, real=0.01 secs] 
2020-09-29T17:40:04.529+0200: 39.588: [GC (Allocation Failure) [PSYoungGen: 600133K->38725K(638976K)] 653989K->92581K(2037248K), 0.0138002 secs] [Times: user=0.13 sys=0.00, real=0.01 secs] 
2020-09-29T17:40:04.593+0200: 39.652: [GC (Allocation Failure) [PSYoungGen: 617797K->29604K(641536K)] 671653K->83460K(2039808K), 0.0116436 secs] [Times: user=0.11 sys=0.00, real=0.01 secs] 
2020-09-29T17:40:04.661+0200: 39.720: [GC (Allocation Failure) [PSYoungGen: 612772K->52293K(635904K)] 666628K->106149K(2034176K), 0.0173219 secs] [Times: user=0.13 sys=0.00, real=0.02 secs] 
2020-09-29T17:40:04.730+0200: 39.789: [GC (Allocation Failure) [PSYoungGen: 635461K->47493K(635392K)] 689317K->101349K(2033664K), 0.0163855 secs] [Times: user=0.13 sys=0.00, real=0.02 secs] 
2020-09-29T17:40:04.797+0200: 39.855: [GC (Allocation Failure) [PSYoungGen: 621445K->28931K(636416K)] 675301K->82787K(2034688K), 0.0117400 secs] [Times: user=0.13 sys=0.00, real=0.01 secs] 
2020-09-29T17:40:04.857+0200: 39.915: [GC (Allocation Failure) [PSYoungGen: 602883K->28549K(637952K)] 656739K->82405K(2036224K), 0.0100478 secs] [Times: user=0.13 sys=0.00, real=0.01 secs] 
2020-09-29T17:40:04.917+0200: 39.976: [GC (Allocation Failure) [PSYoungGen: 604549K->43588K(636928K)] 658405K->97444K(2035200K), 0.0157774 secs] [Times: user=0.13 sys=0.00, real=0.02 secs] 
2020-09-29T17:40:04.982+0200: 40.041: [GC (Allocation Failure) [PSYoungGen: 619588K->31685K(638976K)] 673444K->85541K(2037248K), 0.0103690 secs] [Times: user=0.13 sys=0.00, real=0.01 secs] 
2020-09-29T17:40:05.041+0200: 40.100: [GC (Allocation Failure) [PSYoungGen: 609221K->34245K(637440K)] 663077K->88101K(2035712K), 0.0119838 secs] [Times: user=0.13 sys=0.00, real=0.01 secs] 
2020-09-29T17:40:05.103+0200: 40.162: [GC (Allocation Failure) [PSYoungGen: 611781K->23396K(641024K)] 665637K->77252K(2039296K), 0.0085848 secs] [Times: user=0.00 sys=0.00, real=0.01 secs] 
2020-09-29T17:40:05.163+0200: 40.221: [GC (Allocation Failure) [PSYoungGen: 606564K->31684K(641024K)] 660420K->85540K(2039296K), 0.0117354 secs] [Times: user=0.00 sys=0.00, real=0.01 secs] 
2020-09-29T17:40:05.225+0200: 40.284: [GC (Allocation Failure) [PSYoungGen: 614852K->39845K(642560K)] 668708K->93701K(2040832K), 0.0142839 secs] [Times: user=0.13 sys=0.00, real=0.01 secs] 
2020-09-29T17:40:05.289+0200: 40.348: [GC (Allocation Failure) [PSYoungGen: 626085K->38213K(642560K)] 679941K->92069K(2040832K), 0.0137197 secs] [Times: user=0.13 sys=0.00, real=0.01 secs] 
2020-09-29T17:40:05.354+0200: 40.413: [GC (Allocation Failure) [PSYoungGen: 624453K->34885K(645632K)] 678309K->88741K(2043904K), 0.0135348 secs] [Times: user=0.13 sys=0.00, real=0.01 secs] 
2020-09-29T17:40:05.421+0200: 40.479: [GC (Allocation Failure) [PSYoungGen: 625221K->23589K(643584K)] 679077K->77445K(2041856K), 0.0088097 secs] [Times: user=0.13 sys=0.00, real=0.01 secs] 
2020-09-29T17:40:05.482+0200: 40.540: [GC (Allocation Failure) [PSYoungGen: 613925K->53413K(634880K)] 667781K->107269K(2033152K), 0.0177423 secs] [Times: user=0.13 sys=0.00, real=0.02 secs] 
2020-09-29T17:40:05.549+0200: 40.608: [GC (Allocation Failure) [PSYoungGen: 634533K->17347K(598528K)] 688389K->71203K(1996800K), 0.0074226 secs] [Times: user=0.13 sys=0.00, real=0.01 secs] 
2020-09-29T17:40:05.609+0200: 40.668: [GC (Allocation Failure) [PSYoungGen: 598467K->23523K(640000K)] 652323K->77379K(2038272K), 0.0103163 secs] [Times: user=0.11 sys=0.00, real=0.01 secs] 
2020-09-29T17:40:05.669+0200: 40.728: [GC (Allocation Failure) [PSYoungGen: 603260K->27876K(638976K)] 657116K->81732K(2037248K), 0.0111291 secs] [Times: user=0.13 sys=0.00, real=0.01 secs] 
2020-09-29T17:40:05.731+0200: 40.790: [GC (Allocation Failure) [PSYoungGen: 607972K->47429K(635392K)] 661828K->101285K(2033664K), 0.0161116 secs] [Times: user=0.13 sys=0.00, real=0.02 secs] 
2020-09-29T17:40:05.798+0200: 40.857: [GC (Allocation Failure) [PSYoungGen: 625477K->35139K(638464K)] 679333K->88995K(2036736K), 0.0130662 secs] [Times: user=0.13 sys=0.00, real=0.01 secs] 
2020-09-29T17:40:05.861+0200: 40.919: [GC (Allocation Failure) [PSYoungGen: 613187K->38789K(641536K)] 667043K->92645K(2039808K), 0.0130378 secs] [Times: user=0.13 sys=0.00, real=0.01 secs] 
2020-09-29T17:40:05.925+0200: 40.983: [GC (Allocation Failure) [PSYoungGen: 621957K->32388K(640512K)] 675813K->86244K(2038784K), 0.0115968 secs] [Times: user=0.13 sys=0.00, real=0.01 secs] 
2020-09-29T17:40:05.986+0200: 41.045: [GC (Allocation Failure) [PSYoungGen: 615556K->41349K(642048K)] 669412K->95205K(2040320K), 0.0144487 secs] [Times: user=0.13 sys=0.00, real=0.01 secs] 
2020-09-29T17:40:06.050+0200: 41.109: [GC (Allocation Failure) [PSYoungGen: 627589K->39685K(642560K)] 681445K->93541K(2040832K), 0.0140286 secs] [Times: user=0.13 sys=0.00, real=0.01 secs] 
2020-09-29T17:40:06.114+0200: 41.173: [GC (Allocation Failure) [PSYoungGen: 625925K->38053K(644096K)] 679781K->91909K(2042368K), 0.0129014 secs] [Times: user=0.00 sys=0.00, real=0.01 secs] 
2020-09-29T17:40:06.177+0200: 41.236: [GC (Allocation Failure) [PSYoungGen: 626341K->38405K(643072K)] 680197K->92261K(2041344K), 0.0128670 secs] [Times: user=0.00 sys=0.00, real=0.01 secs] 
2020-09-29T17:40:06.240+0200: 41.299: [GC (Allocation Failure) [PSYoungGen: 626693K->37284K(646656K)] 680549K->91140K(2044928K), 0.0139790 secs] [Times: user=0.13 sys=0.00, real=0.01 secs] 
2020-09-29T17:40:06.305+0200: 41.364: [GC (Allocation Failure) [PSYoungGen: 630180K->42277K(645120K)] 684036K->96133K(2043392K), 0.0141238 secs] [Times: user=0.13 sys=0.00, real=0.01 secs] 
2020-09-29T17:40:06.369+0200: 41.428: [GC (Allocation Failure) [PSYoungGen: 635173K->17699K(642560K)] 689029K->71555K(2040832K), 0.0074011 secs] [Times: user=0.00 sys=0.00, real=0.01 secs] 
2020-09-29T17:40:06.430+0200: 41.489: [GC (Allocation Failure) [PSYoungGen: 607011K->31395K(644096K)] 660867K->85251K(2042368K), 0.0124319 secs] [Times: user=0.13 sys=0.00, real=0.01 secs] 
2020-09-29T17:40:06.494+0200: 41.553: [GC (Allocation Failure) [PSYoungGen: 620707K->46437K(640512K)] 674563K->100293K(2038784K), 0.0157820 secs] [Times: user=0.13 sys=0.00, real=0.02 secs] 
2020-09-29T17:40:06.560+0200: 41.619: [GC (Allocation Failure) [PSYoungGen: 633701K->45797K(633344K)] 687557K->99653K(2031616K), 0.0174114 secs] [Times: user=0.11 sys=0.00, real=0.02 secs] 
2020-09-29T17:40:06.629+0200: 41.688: [GC (Allocation Failure) [PSYoungGen: 633061K->31525K(642560K)] 686917K->85381K(2040832K), 0.0112447 secs] [Times: user=0.00 sys=0.00, real=0.01 secs] 
2020-09-29T17:40:06.697+0200: 41.756: [GC (Allocation Failure) [PSYoungGen: 616741K->42276K(641536K)] 670597K->96132K(2039808K), 0.0157009 secs] [Times: user=0.13 sys=0.00, real=0.02 secs] 
2020-09-29T17:40:06.763+0200: 41.822: [GC (Allocation Failure) [PSYoungGen: 627492K->24515K(642048K)] 681348K->78371K(2040320K), 0.0102234 secs] [Times: user=0.13 sys=0.00, real=0.01 secs] 
2020-09-29T17:40:06.824+0200: 41.883: [GC (Allocation Failure) [PSYoungGen: 609731K->35301K(642048K)] 663587K->89157K(2040320K), 0.0127007 secs] [Times: user=0.13 sys=0.00, real=0.01 secs] 
2020-09-29T17:40:06.887+0200: 41.946: [GC (Allocation Failure) [PSYoungGen: 620517K->32549K(645632K)] 674373K->86405K(2043904K), 0.0118704 secs] [Times: user=0.13 sys=0.00, real=0.01 secs] 
2020-09-29T17:40:06.950+0200: 42.009: [GC (Allocation Failure) [PSYoungGen: 623397K->34212K(644096K)] 677253K->88068K(2042368K), 0.0130114 secs] [Times: user=0.13 sys=0.00, real=0.01 secs] 
2020-09-29T17:40:07.014+0200: 42.072: [GC (Allocation Failure) [PSYoungGen: 625060K->37189K(648192K)] 678916K->91045K(2046464K), 0.0128672 secs] [Times: user=0.13 sys=0.00, real=0.01 secs] 
2020-09-29T17:40:07.077+0200: 42.136: [GC (Allocation Failure) [PSYoungGen: 633669K->32069K(647168K)] 687525K->85925K(2045440K), 0.0107441 secs] [Times: user=0.13 sys=0.00, real=0.01 secs] 
2020-09-29T17:40:07.140+0200: 42.199: [GC (Allocation Failure) [PSYoungGen: 628549K->50149K(637440K)] 682405K->108133K(2035712K), 0.0186021 secs] [Times: user=0.13 sys=0.00, real=0.02 secs] 
2020-09-29T17:40:07.210+0200: 42.269: [GC (Allocation Failure) [PSYoungGen: 637413K->39973K(643072K)] 695397K->97957K(2041344K), 0.0143201 secs] [Times: user=0.13 sys=0.00, real=0.01 secs] 
2020-09-29T17:40:07.278+0200: 42.337: [GC (Allocation Failure) [PSYoungGen: 627237K->39365K(645120K)] 685221K->97349K(2043392K), 0.0130259 secs] [Times: user=0.13 sys=0.00, real=0.01 secs] 
2020-09-29T17:40:07.342+0200: 42.401: [GC (Allocation Failure) [PSYoungGen: 629701K->40036K(644096K)] 687685K->98020K(2042368K), 0.0141577 secs] [Times: user=0.13 sys=0.00, real=0.01 secs] 
2020-09-29T17:40:07.408+0200: 42.467: [GC (Allocation Failure) [PSYoungGen: 630372K->27492K(645632K)] 688356K->85476K(2043904K), 0.0121461 secs] [Times: user=0.11 sys=0.00, real=0.01 secs] 
2020-09-29T17:40:07.476+0200: 42.535: [GC (Allocation Failure) [PSYoungGen: 619876K->45669K(638464K)] 677860K->103653K(2036736K), 0.0160239 secs] [Times: user=0.13 sys=0.00, real=0.02 secs] 
2020-09-29T17:40:07.543+0200: 42.602: [GC (Allocation Failure) [PSYoungGen: 638053K->35492K(645120K)] 696037K->93476K(2043392K), 0.0131073 secs] [Times: user=0.13 sys=0.00, real=0.01 secs] 
2020-09-29T17:40:07.607+0200: 42.666: [GC (Allocation Failure) [PSYoungGen: 625316K->36324K(643584K)] 683300K->94308K(2041856K), 0.0129285 secs] [Times: user=0.13 sys=0.00, real=0.01 secs] 
2020-09-29T17:40:07.675+0200: 42.733: [GC (Allocation Failure) [PSYoungGen: 626148K->38245K(647680K)] 684132K->96229K(2045952K), 0.0171355 secs] [Times: user=0.11 sys=0.02, real=0.02 secs] 
2020-09-29T17:40:07.747+0200: 42.806: [GC (Allocation Failure) [PSYoungGen: 633701K->45829K(641536K)] 691685K->103813K(2039808K), 0.0170062 secs] [Times: user=0.13 sys=0.00, real=0.02 secs] 
2020-09-29T17:40:07.818+0200: 42.877: [GC (Allocation Failure) [PSYoungGen: 641285K->39653K(646656K)] 699269K->97637K(2044928K), 0.0154438 secs] [Times: user=0.13 sys=0.00, real=0.02 secs] 
2020-09-29T17:40:07.888+0200: 42.947: [GC (Allocation Failure) [PSYoungGen: 633573K->45637K(640000K)] 691557K->103621K(2038272K), 0.0149600 secs] [Times: user=0.13 sys=0.00, real=0.02 secs] 
2020-09-29T17:40:07.955+0200: 43.013: [GC (Allocation Failure) [PSYoungGen: 639557K->36964K(646656K)] 697541K->94948K(2044928K), 0.0139545 secs] [Times: user=0.13 sys=0.00, real=0.02 secs] 
2020-09-29T17:40:08.032+0200: 43.091: [GC (Allocation Failure) [PSYoungGen: 630372K->42501K(645632K)] 688356K->100485K(2043904K), 0.0151507 secs] [Times: user=0.13 sys=0.00, real=0.01 secs] 
2020-09-29T17:40:08.097+0200: 43.156: [GC (Allocation Failure) [PSYoungGen: 635909K->33252K(646656K)] 693893K->91236K(2044928K), 0.0122496 secs] [Times: user=0.05 sys=0.00, real=0.01 secs] 
2020-09-29T17:40:08.160+0200: 43.219: [GC (Allocation Failure) [PSYoungGen: 627684K->39557K(646656K)] 685668K->97541K(2044928K), 0.0139750 secs] [Times: user=0.09 sys=0.00, real=0.01 secs] 
2020-09-29T17:40:08.226+0200: 43.285: [GC (Allocation Failure) [PSYoungGen: 633989K->32357K(647680K)] 691973K->90341K(2045952K), 0.0114979 secs] [Times: user=0.00 sys=0.00, real=0.01 secs] 
2020-09-29T17:40:08.288+0200: 43.347: [GC (Allocation Failure) [PSYoungGen: 628837K->40772K(647680K)] 686821K->98756K(2045952K), 0.0147488 secs] [Times: user=0.13 sys=0.00, real=0.01 secs] 
2020-09-29T17:40:08.354+0200: 43.413: [GC (Allocation Failure) [PSYoungGen: 637252K->35044K(648704K)] 695236K->93028K(2046976K), 0.0129181 secs] [Times: user=0.13 sys=0.00, real=0.01 secs] 
2020-09-29T17:40:08.418+0200: 43.477: [GC (Allocation Failure) [PSYoungGen: 633060K->30308K(648192K)] 691044K->88292K(2046464K), 0.0114649 secs] [Times: user=0.13 sys=0.00, real=0.01 secs] 
2020-09-29T17:40:08.482+0200: 43.541: [GC (Allocation Failure) [PSYoungGen: 628324K->39876K(649216K)] 686308K->97860K(2047488K), 0.0147618 secs] [Times: user=0.13 sys=0.00, real=0.01 secs] 
2020-09-29T17:40:08.547+0200: 43.606: [GC (Allocation Failure) [PSYoungGen: 638916K->23620K(623104K)] 696900K->81604K(2021376K), 0.0095100 secs] [Times: user=0.13 sys=0.00, real=0.01 secs] 
2020-09-29T17:40:08.610+0200: 43.669: [GC (Allocation Failure) [PSYoungGen: 622660K->19780K(645632K)] 680644K->77764K(2043904K), 0.0077297 secs] [Times: user=0.11 sys=0.00, real=0.01 secs] 
2020-09-29T17:40:08.669+0200: 43.728: [GC (Allocation Failure) [PSYoungGen: 614212K->38628K(646656K)] 672196K->96612K(2044928K), 0.0138714 secs] [Times: user=0.13 sys=0.00, real=0.01 secs] 
2020-09-29T17:40:08.734+0200: 43.793: [GC (Allocation Failure) [PSYoungGen: 633060K->45157K(642560K)] 691044K->103141K(2040832K), 0.0158358 secs] [Times: user=0.11 sys=0.00, real=0.02 secs] 
2020-09-29T17:40:08.802+0200: 43.861: [GC (Allocation Failure) [PSYoungGen: 635493K->33925K(644608K)] 693477K->91909K(2042880K), 0.0114380 secs] [Times: user=0.00 sys=0.00, real=0.01 secs] 
2020-09-29T17:40:08.864+0200: 43.923: [GC (Allocation Failure) [PSYoungGen: 624261K->22244K(645120K)] 682245K->80228K(2043392K), 0.0089348 secs] [Times: user=0.00 sys=0.00, real=0.01 secs] 
2020-09-29T17:40:08.926+0200: 43.985: [GC (Allocation Failure) [PSYoungGen: 614628K->26532K(645632K)] 672612K->84516K(2043904K), 0.0103838 secs] [Times: user=0.00 sys=0.00, real=0.01 secs] 
2020-09-29T17:40:08.987+0200: 44.046: [GC (Allocation Failure) [PSYoungGen: 618916K->30788K(647680K)] 676900K->88772K(2045952K), 0.0113184 secs] [Times: user=0.13 sys=0.00, real=0.01 secs] 
2020-09-29T17:40:09.049+0200: 44.108: [GC (Allocation Failure) [PSYoungGen: 625732K->37829K(646144K)] 683716K->95813K(2044416K), 0.0135078 secs] [Times: user=0.13 sys=0.00, real=0.01 secs] 
2020-09-29T17:40:09.113+0200: 44.172: [GC (Allocation Failure) [PSYoungGen: 632773K->31173K(648704K)] 690757K->89157K(2046976K), 0.0108226 secs] [Times: user=0.13 sys=0.00, real=0.01 secs] 
2020-09-29T17:40:09.175+0200: 44.234: [GC (Allocation Failure) [PSYoungGen: 628677K->50149K(647680K)] 686661K->112381K(2045952K), 0.0185745 secs] [Times: user=0.22 sys=0.03, real=0.02 secs] 
2020-09-29T17:40:09.245+0200: 44.304: [GC (Allocation Failure) [PSYoungGen: 647653K->36581K(641536K)] 709885K->98813K(2039808K), 0.0128393 secs] [Times: user=0.13 sys=0.00, real=0.01 secs] 
2020-09-29T17:40:09.309+0200: 44.368: [GC (Allocation Failure) [PSYoungGen: 626917K->38981K(644608K)] 689149K->101213K(2042880K), 0.0127850 secs] [Times: user=0.13 sys=0.00, real=0.01 secs] 
2020-09-29T17:40:09.372+0200: 44.431: [GC (Allocation Failure) [PSYoungGen: 629317K->39781K(645632K)] 691549K->102013K(2043904K), 0.0141561 secs] [Times: user=0.13 sys=0.00, real=0.01 secs] 
2020-09-29T17:40:09.437+0200: 44.496: [GC (Allocation Failure) [PSYoungGen: 631653K->42021K(645120K)] 693885K->104253K(2043392K), 0.0151337 secs] [Times: user=0.13 sys=0.00, real=0.01 secs] 
2020-09-29T17:40:09.504+0200: 44.563: [GC (Allocation Failure) [PSYoungGen: 633893K->31908K(645632K)] 696125K->94140K(2043904K), 0.0114998 secs] [Times: user=0.00 sys=0.00, real=0.01 secs] 
2020-09-29T17:40:09.567+0200: 44.626: [GC (Allocation Failure) [PSYoungGen: 623780K->34660K(645120K)] 686012K->96892K(2043392K), 0.0136603 secs] [Times: user=0.00 sys=0.00, real=0.01 secs] 
2020-09-29T17:40:09.632+0200: 44.691: [GC (Allocation Failure) [PSYoungGen: 626532K->23492K(646144K)] 688764K->85724K(2044416K), 0.0093552 secs] [Times: user=0.00 sys=0.00, real=0.01 secs] 
2020-09-29T17:40:09.693+0200: 44.752: [GC (Allocation Failure) [PSYoungGen: 617924K->43460K(637952K)] 680156K->105692K(2036224K), 0.0157702 secs] [Times: user=0.13 sys=0.00, real=0.01 secs] 
2020-09-29T17:40:09.760+0200: 44.819: [GC (Allocation Failure) [PSYoungGen: 637892K->36132K(646656K)] 700124K->98364K(2044928K), 0.0134709 secs] [Times: user=0.13 sys=0.00, real=0.01 secs] 
2020-09-29T17:40:09.824+0200: 44.883: [GC (Allocation Failure) [PSYoungGen: 629028K->41157K(645120K)] 691260K->103389K(2043392K), 0.0141186 secs] [Times: user=0.13 sys=0.00, real=0.02 secs] 
2020-09-29T17:40:09.889+0200: 44.948: [GC (Allocation Failure) [PSYoungGen: 634053K->30756K(647168K)] 696285K->92988K(2045440K), 0.0118899 secs] [Times: user=0.13 sys=0.00, real=0.01 secs] 
2020-09-29T17:40:09.952+0200: 45.011: [GC (Allocation Failure) [PSYoungGen: 625188K->49189K(644096K)] 687420K->111421K(2042368K), 0.0165572 secs] [Times: user=0.13 sys=0.00, real=0.02 secs] 
2020-09-29T17:40:10.019+0200: 45.078: [GC (Allocation Failure) [PSYoungGen: 643621K->41957K(643072K)] 705853K->104189K(2041344K), 0.0143378 secs] [Times: user=0.13 sys=0.00, real=0.01 secs] 
2020-09-29T17:40:10.083+0200: 45.142: [GC (Allocation Failure) [PSYoungGen: 630245K->28645K(643584K)] 692477K->90877K(2041856K), 0.0102726 secs] [Times: user=0.00 sys=0.00, real=0.01 secs] 
2020-09-29T17:40:10.145+0200: 45.204: [GC (Allocation Failure) [PSYoungGen: 616933K->27108K(644096K)] 679165K->89340K(2042368K), 0.0105188 secs] [Times: user=0.00 sys=0.00, real=0.01 secs] 
2020-09-29T17:40:10.214+0200: 45.273: [GC (Allocation Failure) [PSYoungGen: 616420K->42181K(631808K)] 678652K->104413K(2030080K), 0.0161179 secs] [Times: user=0.13 sys=0.00, real=0.02 secs] 
2020-09-29T17:40:10.280+0200: 45.339: [GC (Allocation Failure) [PSYoungGen: 631493K->43589K(641536K)] 693725K->105821K(2039808K), 0.0152164 secs] [Times: user=0.13 sys=0.00, real=0.02 secs] 
2020-09-29T17:40:10.345+0200: 45.405: [GC (Allocation Failure) [PSYoungGen: 629829K->25155K(642560K)] 692061K->87387K(2040832K), 0.0103874 secs] [Times: user=0.13 sys=0.00, real=0.01 secs] 
2020-09-29T17:40:10.406+0200: 45.465: [GC (Allocation Failure) [PSYoungGen: 611395K->37189K(644096K)] 673627K->99421K(2042368K), 0.0131100 secs] [Times: user=0.13 sys=0.00, real=0.01 secs] 
2020-09-29T17:40:10.470+0200: 45.529: [GC (Allocation Failure) [PSYoungGen: 624965K->36997K(642560K)] 687197K->99229K(2040832K), 0.0128133 secs] [Times: user=0.13 sys=0.00, real=0.01 secs] 
2020-09-29T17:40:10.537+0200: 45.596: [GC (Allocation Failure) [PSYoungGen: 624773K->35300K(647168K)] 687005K->97532K(2045440K), 0.0126295 secs] [Times: user=0.00 sys=0.00, real=0.01 secs] 
2020-09-29T17:40:10.602+0200: 45.661: [GC (Allocation Failure) [PSYoungGen: 629220K->51685K(645632K)] 691452K->117141K(2043904K), 0.0196027 secs] [Times: user=0.11 sys=0.00, real=0.02 secs] 
2020-09-29T17:40:10.674+0200: 45.733: [GC (Allocation Failure) [PSYoungGen: 645605K->33444K(640512K)] 711061K->98900K(2038784K), 0.0120134 secs] [Times: user=0.13 sys=0.00, real=0.01 secs] 
2020-09-29T17:40:10.736+0200: 45.795: [GC (Allocation Failure) [PSYoungGen: 620708K->32805K(643072K)] 686164K->98261K(2041344K), 0.0109295 secs] [Times: user=0.13 sys=0.00, real=0.01 secs] 
2020-09-29T17:40:10.798+0200: 45.857: [GC (Allocation Failure) [PSYoungGen: 620069K->30691K(644608K)] 685525K->96147K(2042880K), 0.0121138 secs] [Times: user=0.13 sys=0.00, real=0.01 secs] 
2020-09-29T17:40:10.861+0200: 45.920: [GC (Allocation Failure) [PSYoungGen: 620515K->46277K(636416K)] 685971K->111733K(2034688K), 0.0158956 secs] [Times: user=0.13 sys=0.00, real=0.02 secs] 
2020-09-29T17:40:10.927+0200: 45.986: [GC (Allocation Failure) [PSYoungGen: 636101K->33892K(644096K)] 701557K->99348K(2042368K), 0.0127112 secs] [Times: user=0.00 sys=0.00, real=0.01 secs] 
2020-09-29T17:40:10.990+0200: 46.049: [GC (Allocation Failure) [PSYoungGen: 621668K->33508K(642560K)] 687124K->98964K(2040832K), 0.0120739 secs] [Times: user=0.00 sys=0.00, real=0.01 secs] 
2020-09-29T17:40:11.052+0200: 46.111: [GC (Allocation Failure) [PSYoungGen: 621284K->33445K(646144K)] 686740K->98901K(2044416K), 0.0121863 secs] [Times: user=0.00 sys=0.00, real=0.01 secs] 
2020-09-29T17:40:11.115+0200: 46.174: [GC (Allocation Failure) [PSYoungGen: 625829K->36324K(645120K)] 691285K->101780K(2043392K), 0.0131902 secs] [Times: user=0.00 sys=0.00, real=0.01 secs] 
2020-09-29T17:40:11.179+0200: 46.238: [GC (Allocation Failure) [PSYoungGen: 628708K->37860K(648704K)] 694164K->103316K(2046976K), 0.0135562 secs] [Times: user=0.13 sys=0.00, real=0.01 secs] 
2020-09-29T17:40:11.247+0200: 46.306: [GC (Allocation Failure) [PSYoungGen: 635364K->47461K(645120K)] 700820K->112917K(2043392K), 0.0209273 secs] [Times: user=0.11 sys=0.00, real=0.02 secs] 
2020-09-29T17:40:11.323+0200: 46.382: [GC (Allocation Failure) [PSYoungGen: 644965K->28517K(646144K)] 710421K->93973K(2044416K), 0.0127291 secs] [Times: user=0.11 sys=0.00, real=0.01 secs] 
2020-09-29T17:40:11.394+0200: 46.453: [GC (Allocation Failure) [PSYoungGen: 621925K->19747K(613376K)] 687381K->85203K(2011648K), 0.0082093 secs] [Times: user=0.13 sys=0.00, real=0.01 secs] 
2020-09-29T17:40:11.453+0200: 46.512: [GC (Allocation Failure) [PSYoungGen: 613155K->23748K(644608K)] 678611K->89204K(2042880K), 0.0087095 secs] [Times: user=0.13 sys=0.00, real=0.01 secs] 
2020-09-29T17:40:11.511+0200: 46.571: [GC (Allocation Failure) [PSYoungGen: 614084K->25028K(644608K)] 679540K->90484K(2042880K), 0.0097615 secs] [Times: user=0.13 sys=0.00, real=0.01 secs] 
2020-09-29T17:40:11.573+0200: 46.632: [GC (Allocation Failure) [PSYoungGen: 615364K->26020K(646144K)] 680820K->91476K(2044416K), 0.0104370 secs] [Times: user=0.11 sys=0.00, real=0.01 secs] 
2020-09-29T17:40:11.636+0200: 46.695: [GC (Allocation Failure) [PSYoungGen: 618404K->29188K(645120K)] 683860K->94644K(2043392K), 0.0109311 secs] [Times: user=0.13 sys=0.00, real=0.01 secs] 
2020-09-29T17:40:11.699+0200: 46.758: [GC (Allocation Failure) [PSYoungGen: 621572K->45733K(641536K)] 687028K->111189K(2039808K), 0.0159051 secs] [Times: user=0.13 sys=0.00, real=0.02 secs] 
2020-09-29T17:40:11.766+0200: 46.825: [GC (Allocation Failure) [PSYoungGen: 636069K->34437K(644608K)] 701525K->99893K(2042880K), 0.0122584 secs] [Times: user=0.13 sys=0.00, real=0.01 secs] 
2020-09-29T17:40:11.831+0200: 46.890: [GC (Allocation Failure) [PSYoungGen: 624773K->49988K(637952K)] 690229K->115444K(2036224K), 0.0169340 secs] [Times: user=0.25 sys=0.00, real=0.02 secs] 
2020-09-29T17:40:11.898+0200: 46.957: [GC (Allocation Failure) [PSYoungGen: 635204K->19684K(605184K)] 700660K->85140K(2003456K), 0.0074241 secs] [Times: user=0.00 sys=0.00, real=0.01 secs] 
2020-09-29T17:40:11.960+0200: 47.019: [GC (Allocation Failure) [PSYoungGen: 604900K->44389K(638464K)] 670356K->109845K(2036736K), 0.0155008 secs] [Times: user=0.13 sys=0.00, real=0.02 secs] 
2020-09-29T17:40:12.026+0200: 47.086: [GC (Allocation Failure) [PSYoungGen: 625509K->51173K(632320K)] 690965K->116629K(2030592K), 0.0171703 secs] [Times: user=0.13 sys=0.00, real=0.02 secs] 
2020-09-29T17:40:12.094+0200: 47.152: [GC (Allocation Failure) [PSYoungGen: 632293K->44453K(635904K)] 697749K->109909K(2034176K), 0.0154395 secs] [Times: user=0.13 sys=0.00, real=0.02 secs] 
2020-09-29T17:40:12.159+0200: 47.217: [GC (Allocation Failure) [PSYoungGen: 617381K->29445K(635904K)] 682837K->94901K(2034176K), 0.0107743 secs] [Times: user=0.13 sys=0.00, real=0.01 secs] 
2020-09-29T17:40:12.219+0200: 47.277: [GC (Allocation Failure) [PSYoungGen: 602373K->41797K(637440K)] 667829K->107253K(2035712K), 0.0149993 secs] [Times: user=0.13 sys=0.00, real=0.01 secs] 
2020-09-29T17:40:12.283+0200: 47.342: [GC (Allocation Failure) [PSYoungGen: 617285K->42884K(636928K)] 682741K->108340K(2035200K), 0.0152454 secs] [Times: user=0.13 sys=0.00, real=0.02 secs] 
2020-09-29T17:40:12.348+0200: 47.406: [GC (Allocation Failure) [PSYoungGen: 618372K->30404K(638976K)] 683828K->95860K(2037248K), 0.0114497 secs] [Times: user=0.13 sys=0.00, real=0.01 secs] 
2020-09-29T17:40:12.409+0200: 47.467: [GC (Allocation Failure) [PSYoungGen: 607940K->33669K(637440K)] 673396K->99125K(2035712K), 0.0118155 secs] [Times: user=0.13 sys=0.00, real=0.01 secs] 
2020-09-29T17:40:12.474+0200: 47.532: [GC (Allocation Failure) [PSYoungGen: 611205K->23236K(640512K)] 676661K->88692K(2038784K), 0.0088877 secs] [Times: user=0.00 sys=0.00, real=0.01 secs] 
2020-09-29T17:40:12.532+0200: 47.590: [GC (Allocation Failure) [PSYoungGen: 605380K->31141K(640512K)] 670836K->96597K(2038784K), 0.0105143 secs] [Times: user=0.13 sys=0.00, real=0.01 secs] 
2020-09-29T17:40:12.595+0200: 47.653: [GC (Allocation Failure) [PSYoungGen: 613285K->39077K(642560K)] 678741K->104533K(2040832K), 0.0175041 secs] [Times: user=0.11 sys=0.00, real=0.02 secs] 
2020-09-29T17:40:12.668+0200: 47.726: [GC (Allocation Failure) [PSYoungGen: 624805K->50565K(636416K)] 690261K->116021K(2034688K), 0.0169411 secs] [Times: user=0.13 sys=0.00, real=0.02 secs] 
2020-09-29T17:40:12.735+0200: 47.793: [GC (Allocation Failure) [PSYoungGen: 636293K->34693K(641024K)] 701749K->100149K(2039296K), 0.0126614 secs] [Times: user=0.11 sys=0.00, real=0.01 secs] 
2020-09-29T17:40:12.799+0200: 47.857: [GC (Allocation Failure) [PSYoungGen: 615813K->26148K(638976K)] 681269K->91604K(2037248K), 0.0096161 secs] [Times: user=0.13 sys=0.00, real=0.01 secs] 
2020-09-29T17:40:12.858+0200: 47.916: [GC (Allocation Failure) [PSYoungGen: 607268K->33093K(643072K)] 672724K->98549K(2041344K), 0.0108770 secs] [Times: user=0.13 sys=0.00, real=0.01 secs] 
2020-09-29T17:40:12.920+0200: 47.978: [GC (Allocation Failure) [PSYoungGen: 618821K->44549K(641536K)] 684277K->110005K(2039808K), 0.0150921 secs] [Times: user=0.13 sys=0.00, real=0.01 secs] 
2020-09-29T17:40:12.985+0200: 48.044: [GC (Allocation Failure) [PSYoungGen: 630277K->42405K(641536K)] 695733K->107861K(2039808K), 0.0144102 secs] [Times: user=0.13 sys=0.00, real=0.02 secs] 
2020-09-29T17:40:13.051+0200: 48.109: [GC (Allocation Failure) [PSYoungGen: 626597K->38693K(641536K)] 692053K->104149K(2039808K), 0.0164040 secs] [Times: user=0.22 sys=0.00, real=0.02 secs] 
2020-09-29T17:40:13.126+0200: 48.184: [GC (Allocation Failure) [PSYoungGen: 622885K->20964K(641536K)] 688341K->86420K(2039808K), 0.0101324 secs] [Times: user=0.11 sys=0.00, real=0.01 secs] 
2020-09-29T17:40:13.192+0200: 48.251: [GC (Allocation Failure) [PSYoungGen: 606180K->31941K(642048K)] 671636K->97397K(2040320K), 0.0115775 secs] [Times: user=0.00 sys=0.00, real=0.01 secs] 
2020-09-29T17:40:13.255+0200: 48.314: [GC (Allocation Failure) [PSYoungGen: 617157K->42917K(641536K)] 682613K->108373K(2039808K), 0.0152982 secs] [Times: user=0.00 sys=0.00, real=0.02 secs] 
2020-09-29T17:40:13.321+0200: 48.379: [GC (Allocation Failure) [PSYoungGen: 629157K->26276K(642560K)] 694613K->91732K(2040832K), 0.0100964 secs] [Times: user=0.00 sys=0.00, real=0.01 secs] 
2020-09-29T17:40:13.381+0200: 48.440: [GC (Allocation Failure) [PSYoungGen: 612516K->38117K(644096K)] 677972K->103573K(2042368K), 0.0129818 secs] [Times: user=0.00 sys=0.00, real=0.01 secs] 
2020-09-29T17:40:13.445+0200: 48.503: [GC (Allocation Failure) [PSYoungGen: 626405K->38533K(643072K)] 691861K->103989K(2041344K), 0.0130684 secs] [Times: user=0.13 sys=0.00, real=0.01 secs] 
2020-09-29T17:40:13.509+0200: 48.568: [GC (Allocation Failure) [PSYoungGen: 626821K->38917K(645120K)] 692277K->104373K(2043392K), 0.0134641 secs] [Times: user=0.13 sys=0.00, real=0.01 secs] 
2020-09-29T17:40:13.577+0200: 48.635: [GC (Allocation Failure) [PSYoungGen: 629765K->27364K(644608K)] 695221K->92820K(2042880K), 0.0105250 secs] [Times: user=0.11 sys=0.00, real=0.01 secs] 
2020-09-29T17:40:13.641+0200: 48.699: [GC (Allocation Failure) [PSYoungGen: 618212K->43973K(642560K)] 683668K->109429K(2040832K), 0.0167618 secs] [Times: user=0.11 sys=0.00, real=0.02 secs] 
2020-09-29T17:40:13.708+0200: 48.766: [GC (Allocation Failure) [PSYoungGen: 633285K->45349K(634880K)] 698741K->110805K(2033152K), 0.0153251 secs] [Times: user=0.00 sys=0.00, real=0.02 secs] 
2020-09-29T17:40:13.774+0200: 48.833: [GC (Allocation Failure) [PSYoungGen: 634661K->46629K(638464K)] 700117K->112085K(2036736K), 0.0154783 secs] [Times: user=0.11 sys=0.00, real=0.02 secs] 
2020-09-29T17:40:13.842+0200: 48.900: [GC (Allocation Failure) [PSYoungGen: 628773K->40837K(640512K)] 694229K->106293K(2038784K), 0.0138039 secs] [Times: user=0.13 sys=0.00, real=0.01 secs] 
2020-09-29T17:40:13.905+0200: 48.963: [GC (Allocation Failure) [PSYoungGen: 622981K->48741K(637440K)] 688437K->114197K(2035712K), 0.0160928 secs] [Times: user=0.13 sys=0.00, real=0.02 secs] 
2020-09-29T17:40:13.970+0200: 49.029: [GC (Allocation Failure) [PSYoungGen: 628837K->40965K(639488K)] 694293K->106421K(2037760K), 0.0142950 secs] [Times: user=0.13 sys=0.00, real=0.01 secs] 
2020-09-29T17:40:14.034+0200: 49.092: [GC (Allocation Failure) [PSYoungGen: 621061K->46789K(638976K)] 686517K->112245K(2037248K), 0.0150976 secs] [Times: user=0.13 sys=0.00, real=0.02 secs] 
2020-09-29T17:40:14.100+0200: 49.159: [GC (Allocation Failure) [PSYoungGen: 627909K->24964K(606208K)] 693365K->90420K(2004480K), 0.0104943 secs] [Times: user=0.00 sys=0.00, real=0.01 secs] 
2020-09-29T17:40:14.161+0200: 49.219: [GC (Allocation Failure) [PSYoungGen: 606084K->31877K(640000K)] 671540K->97333K(2038272K), 0.0113886 secs] [Times: user=0.00 sys=0.00, real=0.01 secs] 
2020-09-29T17:40:14.223+0200: 49.282: [GC (Allocation Failure) [PSYoungGen: 612485K->38181K(639488K)] 677941K->103637K(2037760K), 0.0161963 secs] [Times: user=0.17 sys=0.00, real=0.02 secs] 
2020-09-29T17:40:14.290+0200: 49.348: [GC (Allocation Failure) [PSYoungGen: 618789K->44485K(641024K)] 684245K->109941K(2039296K), 0.0151725 secs] [Times: user=0.13 sys=0.00, real=0.02 secs] 
2020-09-29T17:40:14.355+0200: 49.413: [GC (Allocation Failure) [PSYoungGen: 628677K->25442K(609792K)] 694133K->90898K(2008064K), 0.0109211 secs] [Times: user=0.13 sys=0.00, real=0.01 secs] 
2020-09-29T17:40:14.415+0200: 49.473: [GC (Allocation Failure) [PSYoungGen: 609634K->35429K(643072K)] 675090K->100885K(2041344K), 0.0124940 secs] [Times: user=0.13 sys=0.00, real=0.01 secs] 
2020-09-29T17:40:14.478+0200: 49.536: [GC (Allocation Failure) [PSYoungGen: 620645K->32741K(641024K)] 686101K->98197K(2039296K), 0.0114349 secs] [Times: user=0.13 sys=0.00, real=0.01 secs] 
2020-09-29T17:40:14.540+0200: 49.599: [GC (Allocation Failure) [PSYoungGen: 617957K->29093K(644608K)] 683413K->94549K(2042880K), 0.0103558 secs] [Times: user=0.00 sys=0.00, real=0.01 secs] 
2020-09-29T17:40:14.604+0200: 49.663: [GC (Allocation Failure) [PSYoungGen: 618917K->28516K(644096K)] 684373K->93972K(2042368K), 0.0114754 secs] [Times: user=0.11 sys=0.00, real=0.01 secs] 
2020-09-29T17:40:14.672+0200: 49.730: [GC (Allocation Failure) [PSYoungGen: 618340K->28932K(645632K)] 683796K->94388K(2043904K), 0.0117125 secs] [Times: user=0.13 sys=0.00, real=0.01 secs] 
2020-09-29T17:40:14.734+0200: 49.793: [GC (Allocation Failure) [PSYoungGen: 620804K->19044K(645120K)] 686260K->84500K(2043392K), 0.0069583 secs] [Times: user=0.13 sys=0.00, real=0.01 secs] 
2020-09-29T17:40:14.793+0200: 49.852: [GC (Allocation Failure) [PSYoungGen: 610916K->35364K(646144K)] 676372K->100820K(2044416K), 0.0139891 secs] [Times: user=0.13 sys=0.00, real=0.01 secs] 
2020-09-29T17:40:14.858+0200: 49.916: [GC (Allocation Failure) [PSYoungGen: 627748K->25412K(645120K)] 693204K->90868K(2043392K), 0.0092459 secs] [Times: user=0.13 sys=0.00, real=0.01 secs] 
2020-09-29T17:40:14.917+0200: 49.975: [GC (Allocation Failure) [PSYoungGen: 617796K->27427K(647680K)] 683252K->92883K(2045952K), 0.0111257 secs] [Times: user=0.13 sys=0.00, real=0.01 secs] 
2020-09-29T17:40:14.979+0200: 50.038: [GC (Allocation Failure) [PSYoungGen: 622883K->34917K(646656K)] 688339K->100373K(2044928K), 0.0115057 secs] [Times: user=0.13 sys=0.00, real=0.01 secs] 
2020-09-29T17:40:15.042+0200: 50.100: [GC (Allocation Failure) [PSYoungGen: 630373K->28837K(649728K)] 695829K->94293K(2048000K), 0.0105284 secs] [Times: user=0.13 sys=0.00, real=0.01 secs] 
2020-09-29T17:40:15.103+0200: 50.161: [GC (Allocation Failure) [PSYoungGen: 628323K->10372K(610304K)] 693780K->75828K(2008576K), 0.0037630 secs] [Times: user=0.00 sys=0.00, real=0.00 secs] 
2020-09-29T17:40:15.157+0200: 50.216: [GC (Allocation Failure) [PSYoungGen: 609924K->32197K(649216K)] 675380K->97653K(2047488K), 0.0119769 secs] [Times: user=0.13 sys=0.00, real=0.01 secs] 
2020-09-29T17:40:15.221+0200: 50.279: [GC (Allocation Failure) [PSYoungGen: 630213K->27748K(647680K)] 695669K->93204K(2045952K), 0.0104664 secs] [Times: user=0.13 sys=0.00, real=0.01 secs] 
2020-09-29T17:40:15.285+0200: 50.343: [GC (Allocation Failure) [PSYoungGen: 625764K->35908K(649728K)] 691220K->101364K(2048000K), 0.0127942 secs] [Times: user=0.13 sys=0.00, real=0.01 secs] 
2020-09-29T17:40:15.351+0200: 50.409: [GC (Allocation Failure) [PSYoungGen: 637508K->34437K(650240K)] 702964K->99893K(2048512K), 0.0121908 secs] [Times: user=0.00 sys=0.00, real=0.01 secs] 
2020-09-29T17:40:15.415+0200: 50.473: [GC (Allocation Failure) [PSYoungGen: 636037K->32580K(651776K)] 701493K->98036K(2050048K), 0.0122451 secs] [Times: user=0.13 sys=0.00, real=0.01 secs] 
2020-09-29T17:40:15.482+0200: 50.541: [GC (Allocation Failure) [PSYoungGen: 636228K->34629K(650752K)] 701684K->100085K(2049024K), 0.0136335 secs] [Times: user=0.13 sys=0.00, real=0.01 secs] 
2020-09-29T17:40:15.553+0200: 50.611: [GC (Allocation Failure) [PSYoungGen: 638277K->22468K(651776K)] 703733K->87924K(2050048K), 0.0103052 secs] [Times: user=0.00 sys=0.00, real=0.01 secs] 
2020-09-29T17:40:15.618+0200: 50.677: [GC (Allocation Failure) [PSYoungGen: 627140K->37989K(643072K)] 692596K->103445K(2041344K), 0.0150287 secs] [Times: user=0.11 sys=0.00, real=0.02 secs] 
2020-09-29T17:40:15.687+0200: 50.745: [GC (Allocation Failure) [PSYoungGen: 642661K->39524K(647680K)] 708117K->104980K(2045952K), 0.0142492 secs] [Times: user=0.13 sys=0.00, real=0.01 secs] 
2020-09-29T17:40:15.753+0200: 50.811: [GC (Allocation Failure) [PSYoungGen: 639076K->37317K(649216K)] 704532K->102773K(2047488K), 0.0131180 secs] [Times: user=0.13 sys=0.00, real=0.01 secs] 
2020-09-29T17:40:15.819+0200: 50.877: [GC (Allocation Failure) [PSYoungGen: 636869K->20515K(648192K)] 702325K->85971K(2046464K), 0.0085043 secs] [Times: user=0.00 sys=0.00, real=0.01 secs] 
2020-09-29T17:40:15.880+0200: 50.938: [GC (Allocation Failure) [PSYoungGen: 619043K->44837K(643584K)] 684499K->110293K(2041856K), 0.0152760 secs] [Times: user=0.13 sys=0.00, real=0.01 secs] 
2020-09-29T17:40:15.947+0200: 51.005: [GC (Allocation Failure) [PSYoungGen: 643365K->41797K(642560K)] 708821K->107253K(2040832K), 0.0145842 secs] [Times: user=0.13 sys=0.00, real=0.01 secs] 
2020-09-29T17:40:16.012+0200: 51.070: [GC (Allocation Failure) [PSYoungGen: 631109K->29509K(644096K)] 696565K->94965K(2042368K), 0.0104776 secs] [Times: user=0.13 sys=0.00, real=0.01 secs] 
2020-09-29T17:40:16.072+0200: 51.131: [GC (Allocation Failure) [PSYoungGen: 618821K->30596K(647168K)] 684277K->96052K(2045440K), 0.0115949 secs] [Times: user=0.13 sys=0.00, real=0.01 secs] 
2020-09-29T17:40:16.135+0200: 51.193: [GC (Allocation Failure) [PSYoungGen: 624516K->34403K(645632K)] 689972K->99859K(2043904K), 0.0133455 secs] [Times: user=0.13 sys=0.00, real=0.01 secs] 
2020-09-29T17:40:16.198+0200: 51.257: [GC (Allocation Failure) [PSYoungGen: 628323K->40389K(646656K)] 693779K->105845K(2044928K), 0.0142281 secs] [Times: user=0.13 sys=0.00, real=0.02 secs] 
2020-09-29T17:40:16.264+0200: 51.322: [GC (Allocation Failure) [PSYoungGen: 636869K->35269K(647680K)] 702325K->100725K(2045952K), 0.0120073 secs] [Times: user=0.13 sys=0.00, real=0.01 secs] 
2020-09-29T17:40:16.329+0200: 51.387: [GC (Allocation Failure) [PSYoungGen: 631749K->41221K(646656K)] 697205K->106677K(2044928K), 0.0149305 secs] [Times: user=0.13 sys=0.00, real=0.02 secs] 
2020-09-29T17:40:16.395+0200: 51.453: [GC (Allocation Failure) [PSYoungGen: 637701K->34340K(647680K)] 703157K->99796K(2045952K), 0.0127281 secs] [Times: user=0.00 sys=0.00, real=0.01 secs] 
2020-09-29T17:40:16.458+0200: 51.517: [GC (Allocation Failure) [PSYoungGen: 630820K->27364K(649216K)] 696276K->92820K(2047488K), 0.0095125 secs] [Times: user=0.00 sys=0.00, real=0.01 secs] 
2020-09-29T17:40:16.520+0200: 51.578: [GC (Allocation Failure) [PSYoungGen: 626916K->25317K(649216K)] 692372K->90773K(2047488K), 0.0082036 secs] [Times: user=0.00 sys=0.00, real=0.01 secs] 
2020-09-29T17:40:16.580+0200: 51.639: [GC (Allocation Failure) [PSYoungGen: 624869K->22564K(648704K)] 690325K->88020K(2046976K), 0.0088464 secs] [Times: user=0.11 sys=0.00, real=0.01 secs] 
2020-09-29T17:40:16.642+0200: 51.700: [GC (Allocation Failure) [PSYoungGen: 622116K->47877K(647680K)] 687572K->113333K(2045952K), 0.0163199 secs] [Times: user=0.13 sys=0.00, real=0.02 secs] 
2020-09-29T17:40:16.710+0200: 51.768: [GC (Allocation Failure) [PSYoungGen: 647429K->45893K(637440K)] 712885K->111349K(2035712K), 0.0157109 secs] [Times: user=0.13 sys=0.00, real=0.01 secs] 
2020-09-29T17:40:16.777+0200: 51.836: [GC (Allocation Failure) [PSYoungGen: 632133K->30469K(642560K)] 697589K->95925K(2040832K), 0.0119197 secs] [Times: user=0.11 sys=0.00, real=0.01 secs] 
2020-09-29T17:40:16.839+0200: 51.898: [GC (Allocation Failure) [PSYoungGen: 616709K->27172K(644608K)] 682165K->92628K(2042880K), 0.0093797 secs] [Times: user=0.02 sys=0.00, real=0.01 secs] 
2020-09-29T17:40:16.900+0200: 51.959: [GC (Allocation Failure) [PSYoungGen: 616996K->42789K(632832K)] 682452K->108245K(2031104K), 0.0145730 secs] [Times: user=0.13 sys=0.00, real=0.01 secs] 
2020-09-29T17:40:16.966+0200: 52.024: [GC (Allocation Failure) [PSYoungGen: 632613K->44709K(639488K)] 698069K->110165K(2037760K), 0.0155055 secs] [Times: user=0.13 sys=0.00, real=0.01 secs] 
2020-09-29T17:40:17.031+0200: 52.090: [GC (Allocation Failure) [PSYoungGen: 628901K->54629K(638976K)] 694357K->120085K(2037248K), 0.0178602 secs] [Times: user=0.13 sys=0.00, real=0.02 secs] 
2020-09-29T17:40:17.100+0200: 52.158: [GC (Allocation Failure) [PSYoungGen: 638821K->35652K(638976K)] 704277K->101108K(2037248K), 0.0127435 secs] [Times: user=0.00 sys=0.00, real=0.01 secs] 
2020-09-29T17:40:17.162+0200: 52.220: [GC (Allocation Failure) [PSYoungGen: 614724K->37508K(638976K)] 680180K->102964K(2037248K), 0.0136580 secs] [Times: user=0.00 sys=0.00, real=0.01 secs] 
2020-09-29T17:40:17.225+0200: 52.284: [GC (Allocation Failure) [PSYoungGen: 616580K->42405K(641024K)] 682036K->107861K(2039296K), 0.0142110 secs] [Times: user=0.13 sys=0.00, real=0.01 secs] 
2020-09-29T17:40:17.290+0200: 52.349: [GC (Allocation Failure) [PSYoungGen: 625573K->37509K(641024K)] 691029K->102965K(2039296K), 0.0140069 secs] [Times: user=0.13 sys=0.00, real=0.01 secs] 
2020-09-29T17:40:17.354+0200: 52.413: [GC (Allocation Failure) [PSYoungGen: 620677K->19044K(640000K)] 686133K->84500K(2038272K), 0.0071864 secs] [Times: user=0.00 sys=0.00, real=0.01 secs] 
2020-09-29T17:40:17.412+0200: 52.471: [GC (Allocation Failure) [PSYoungGen: 603236K->27716K(641536K)] 668692K->93172K(2039808K), 0.0101505 secs] [Times: user=0.00 sys=0.00, real=0.01 secs] 
2020-09-29T17:40:17.474+0200: 52.533: [GC (Allocation Failure) [PSYoungGen: 611908K->23876K(642560K)] 677364K->89332K(2040832K), 0.0089158 secs] [Times: user=0.00 sys=0.00, real=0.01 secs] 
2020-09-29T17:40:17.535+0200: 52.593: [GC (Allocation Failure) [PSYoungGen: 610116K->49477K(635904K)] 675572K->114933K(2034176K), 0.0169070 secs] [Times: user=0.13 sys=0.00, real=0.02 secs] 
2020-09-29T17:40:17.604+0200: 52.663: [GC (Allocation Failure) [PSYoungGen: 635717K->34149K(641024K)] 701173K->99605K(2039296K), 0.0125800 secs] [Times: user=0.11 sys=0.00, real=0.01 secs] 
2020-09-29T17:40:17.667+0200: 52.727: [GC (Allocation Failure) [PSYoungGen: 615269K->41029K(638976K)] 680725K->106485K(2037248K), 0.0142221 secs] [Times: user=0.13 sys=0.00, real=0.01 secs] 
2020-09-29T17:40:17.731+0200: 52.791: [GC (Allocation Failure) [PSYoungGen: 622149K->47588K(636416K)] 687605K->113044K(2034688K), 0.0172196 secs] [Times: user=0.13 sys=0.00, real=0.02 secs] 
2020-09-29T17:40:17.801+0200: 52.860: [GC (Allocation Failure) [PSYoungGen: 626660K->23555K(638976K)] 692116K->89011K(2037248K), 0.0098539 secs] [Times: user=0.13 sys=0.00, real=0.01 secs] 
2020-09-29T17:40:17.864+0200: 52.922: [GC (Allocation Failure) [PSYoungGen: 602627K->42117K(638976K)] 668083K->107573K(2037248K), 0.0147879 secs] [Times: user=0.00 sys=0.00, real=0.01 secs] 
2020-09-29T17:40:17.928+0200: 52.986: [GC (Allocation Failure) [PSYoungGen: 621189K->46917K(626176K)] 686645K->112373K(2024448K), 0.0154725 secs] [Times: user=0.13 sys=0.00, real=0.02 secs] 
2020-09-29T17:40:17.993+0200: 53.051: [GC (Allocation Failure) [PSYoungGen: 625989K->36292K(639488K)] 691445K->101748K(2037760K), 0.0131123 secs] [Times: user=0.13 sys=0.00, real=0.01 secs] 
2020-09-29T17:40:18.056+0200: 53.114: [GC (Allocation Failure) [PSYoungGen: 614340K->39844K(637440K)] 679796K->105300K(2035712K), 0.0145752 secs] [Times: user=0.13 sys=0.00, real=0.02 secs] 
2020-09-29T17:40:18.121+0200: 53.179: [GC (Allocation Failure) [PSYoungGen: 617892K->29893K(641536K)] 683348K->95349K(2039808K), 0.0105125 secs] [Times: user=0.13 sys=0.00, real=0.01 secs] 
2020-09-29T17:40:18.181+0200: 53.240: [GC (Allocation Failure) [PSYoungGen: 613573K->23043K(641024K)] 679029K->88499K(2039296K), 0.0095981 secs] [Times: user=0.00 sys=0.00, real=0.01 secs] 
2020-09-29T17:40:18.241+0200: 53.299: [GC (Allocation Failure) [PSYoungGen: 606723K->16549K(639488K)] 672179K->82005K(2037760K), 0.0058250 secs] [Times: user=0.00 sys=0.00, real=0.01 secs] 
2020-09-29T17:40:18.296+0200: 53.354: [GC (Allocation Failure) [PSYoungGen: 598693K->38181K(640512K)] 664149K->103637K(2038784K), 0.0130968 secs] [Times: user=0.13 sys=0.00, real=0.01 secs] 
2020-09-29T17:40:18.359+0200: 53.418: [GC (Allocation Failure) [PSYoungGen: 620325K->45477K(636928K)] 685781K->110933K(2035200K), 0.0157786 secs] [Times: user=0.13 sys=0.00, real=0.02 secs] 
2020-09-29T17:40:18.426+0200: 53.485: [GC (Allocation Failure) [PSYoungGen: 624549K->50341K(629760K)] 690005K->115797K(2028032K), 0.0167216 secs] [Times: user=0.13 sys=0.00, real=0.02 secs] 
2020-09-29T17:40:18.492+0200: 53.551: [GC (Allocation Failure) [PSYoungGen: 629413K->41509K(636928K)] 694869K->106965K(2035200K), 0.0139706 secs] [Times: user=0.13 sys=0.00, real=0.01 secs] 
2020-09-29T17:40:18.557+0200: 53.616: [GC (Allocation Failure) [PSYoungGen: 615461K->40100K(635904K)] 680917K->105556K(2034176K), 0.0142651 secs] [Times: user=0.13 sys=0.00, real=0.02 secs] 
2020-09-29T17:40:18.622+0200: 53.681: [GC (Allocation Failure) [PSYoungGen: 614052K->39813K(639488K)] 679508K->105269K(2037760K), 0.0146968 secs] [Times: user=0.11 sys=0.00, real=0.02 secs] 
2020-09-29T17:40:18.687+0200: 53.746: [GC (Allocation Failure) [PSYoungGen: 618373K->44069K(637952K)] 683829K->109525K(2036224K), 0.0151317 secs] [Times: user=0.13 sys=0.00, real=0.01 secs] 
2020-09-29T17:40:18.752+0200: 53.810: [GC (Allocation Failure) [PSYoungGen: 622629K->34212K(641024K)] 688085K->99668K(2039296K), 0.0127293 secs] [Times: user=0.13 sys=0.00, real=0.01 secs] 
2020-09-29T17:40:18.817+0200: 53.875: [GC (Allocation Failure) [PSYoungGen: 615844K->27428K(639488K)] 681300K->92884K(2037760K), 0.0113610 secs] [Times: user=0.00 sys=0.00, real=0.01 secs] 
2020-09-29T17:40:18.879+0200: 53.938: [GC (Allocation Failure) [PSYoungGen: 609060K->20804K(640000K)] 674516K->86260K(2038272K), 0.0077650 secs] [Times: user=0.00 sys=0.00, real=0.01 secs] 
2020-09-29T17:40:18.937+0200: 53.996: [GC (Allocation Failure) [PSYoungGen: 602948K->28741K(640512K)] 668404K->94197K(2038784K), 0.0100702 secs] [Times: user=0.13 sys=0.00, real=0.01 secs] 
2020-09-29T17:40:18.998+0200: 54.057: [GC (Allocation Failure) [PSYoungGen: 610885K->33764K(643584K)] 676341K->99220K(2041856K), 0.0122113 secs] [Times: user=0.13 sys=0.00, real=0.01 secs] 
2020-09-29T17:40:19.060+0200: 54.119: [GC (Allocation Failure) [PSYoungGen: 620004K->30787K(641536K)] 685460K->96243K(2039808K), 0.0116406 secs] [Times: user=0.13 sys=0.00, real=0.01 secs] 
2020-09-29T17:40:19.122+0200: 54.181: [GC (Allocation Failure) [PSYoungGen: 617027K->29061K(646144K)] 682483K->94517K(2044416K), 0.0101800 secs] [Times: user=0.13 sys=0.00, real=0.01 secs] 
2020-09-29T17:40:19.184+0200: 54.243: [GC (Allocation Failure) [PSYoungGen: 621445K->16547K(645120K)] 686901K->82003K(2043392K), 0.0070535 secs] [Times: user=0.00 sys=0.00, real=0.01 secs] 
2020-09-29T17:40:19.243+0200: 54.302: [GC (Allocation Failure) [PSYoungGen: 608931K->17187K(644096K)] 674387K->82643K(2042368K), 0.0071553 secs] [Times: user=0.00 sys=0.00, real=0.01 secs] 
2020-09-29T17:40:19.300+0200: 54.359: [GC (Allocation Failure) [PSYoungGen: 607523K->31428K(644608K)] 672979K->96884K(2042880K), 0.0114597 secs] [Times: user=0.13 sys=0.00, real=0.01 secs] 
2020-09-29T17:40:19.362+0200: 54.421: [GC (Allocation Failure) [PSYoungGen: 621764K->47493K(638464K)] 687220K->112949K(2036736K), 0.0160239 secs] [Times: user=0.13 sys=0.00, real=0.02 secs] 
2020-09-29T17:40:19.429+0200: 54.487: [GC (Allocation Failure) [PSYoungGen: 633733K->16290K(602624K)] 699189K->81746K(2000896K), 0.0079112 secs] [Times: user=0.00 sys=0.00, real=0.01 secs] 
2020-09-29T17:40:19.487+0200: 54.546: [GC (Allocation Failure) [PSYoungGen: 602530K->28325K(644608K)] 667986K->93781K(2042880K), 0.0100180 secs] [Times: user=0.13 sys=0.00, real=0.01 secs] 
2020-09-29T17:40:19.547+0200: 54.606: [GC (Allocation Failure) [PSYoungGen: 616101K->41861K(642048K)] 681557K->107317K(2040320K), 0.0143837 secs] [Times: user=0.13 sys=0.00, real=0.01 secs] 
2020-09-29T17:40:19.613+0200: 54.672: [GC (Allocation Failure) [PSYoungGen: 629637K->41701K(639488K)] 695093K->107157K(2037760K), 0.0160552 secs] [Times: user=0.20 sys=0.01, real=0.02 secs] 
2020-09-29T17:40:19.680+0200: 54.739: [GC (Allocation Failure) [PSYoungGen: 624869K->36772K(641024K)] 690325K->102228K(2039296K), 0.0128254 secs] [Times: user=0.13 sys=0.00, real=0.01 secs] 
2020-09-29T17:40:19.743+0200: 54.801: [GC (Allocation Failure) [PSYoungGen: 619940K->31460K(644096K)] 685396K->96916K(2042368K), 0.0122130 secs] [Times: user=0.13 sys=0.00, real=0.01 secs] 
2020-09-29T17:40:19.807+0200: 54.866: [GC (Allocation Failure) [PSYoungGen: 618724K->44549K(642048K)] 684180K->110005K(2040320K), 0.0151354 secs] [Times: user=0.13 sys=0.00, real=0.02 secs] 
2020-09-29T17:40:19.874+0200: 54.933: [GC (Allocation Failure) [PSYoungGen: 631813K->43845K(638976K)] 697269K->109301K(2037248K), 0.0147565 secs] [Times: user=0.13 sys=0.00, real=0.01 secs] 
2020-09-29T17:40:19.939+0200: 54.998: [GC (Allocation Failure) [PSYoungGen: 625989K->38085K(640512K)] 691445K->103541K(2038784K), 0.0130934 secs] [Times: user=0.13 sys=0.00, real=0.01 secs] 
2020-09-29T17:40:20.002+0200: 55.061: [GC (Allocation Failure) [PSYoungGen: 620229K->32196K(643584K)] 685685K->97652K(2041856K), 0.0119429 secs] [Times: user=0.13 sys=0.00, real=0.01 secs] 
2020-09-29T17:40:20.064+0200: 55.123: [GC (Allocation Failure) [PSYoungGen: 618948K->55269K(642048K)] 684404K->123821K(2040320K), 0.0196041 secs] [Times: user=0.22 sys=0.03, real=0.02 secs] 
2020-09-29T17:40:20.133+0200: 55.192: [GC (Allocation Failure) [PSYoungGen: 642021K->28869K(633856K)] 710573K->97421K(2032128K), 0.0102256 secs] [Times: user=0.00 sys=0.00, real=0.01 secs] 
2020-09-29T17:40:20.192+0200: 55.251: [GC (Allocation Failure) [PSYoungGen: 605893K->45125K(622592K)] 674445K->113677K(2020864K), 0.0152905 secs] [Times: user=0.00 sys=0.00, real=0.02 secs] 
2020-09-29T17:40:20.256+0200: 55.315: [GC (Allocation Failure) [PSYoungGen: 622149K->32389K(638464K)] 690701K->100941K(2036736K), 0.0118390 secs] [Times: user=0.00 sys=0.00, real=0.01 secs] 
2020-09-29T17:40:20.318+0200: 55.377: [GC (Allocation Failure) [PSYoungGen: 608901K->34212K(636928K)] 677453K->102764K(2035200K), 0.0124265 secs] [Times: user=0.00 sys=0.00, real=0.01 secs] 
2020-09-29T17:40:20.381+0200: 55.440: [GC (Allocation Failure) [PSYoungGen: 610724K->21476K(639488K)] 679276K->90028K(2037760K), 0.0081787 secs] [Times: user=0.00 sys=0.00, real=0.01 secs] 
2020-09-29T17:40:20.439+0200: 55.498: [GC (Allocation Failure) [PSYoungGen: 602596K->26308K(640000K)] 671148K->94860K(2038272K), 0.0104538 secs] [Times: user=0.13 sys=0.00, real=0.01 secs] 
2020-09-29T17:40:20.500+0200: 55.559: [GC (Allocation Failure) [PSYoungGen: 607428K->45732K(636928K)] 675980K->114284K(2035200K), 0.0163399 secs] [Times: user=0.13 sys=0.00, real=0.02 secs] 
2020-09-29T17:40:20.566+0200: 55.625: [GC (Allocation Failure) [PSYoungGen: 624804K->36933K(638976K)] 693356K->105485K(2037248K), 0.0137217 secs] [Times: user=0.11 sys=0.00, real=0.01 secs] 
2020-09-29T17:40:20.633+0200: 55.691: [GC (Allocation Failure) [PSYoungGen: 616005K->41829K(640000K)] 684557K->110381K(2038272K), 0.0144052 secs] [Times: user=0.13 sys=0.00, real=0.01 secs] 
2020-09-29T17:40:20.699+0200: 55.758: [GC (Allocation Failure) [PSYoungGen: 623973K->36037K(640512K)] 692525K->104589K(2038784K), 0.0127402 secs] [Times: user=0.13 sys=0.00, real=0.01 secs] 
2020-09-29T17:40:20.763+0200: 55.822: [GC (Allocation Failure) [PSYoungGen: 618181K->30181K(644096K)] 686733K->98733K(2042368K), 0.0107029 secs] [Times: user=0.13 sys=0.00, real=0.01 secs] 
2020-09-29T17:40:20.824+0200: 55.883: [GC (Allocation Failure) [PSYoungGen: 618469K->28804K(643072K)] 687021K->97356K(2041344K), 0.0109354 secs] [Times: user=0.13 sys=0.00, real=0.01 secs] 
2020-09-29T17:40:20.886+0200: 55.945: [GC (Allocation Failure) [PSYoungGen: 617092K->27556K(645120K)] 685644K->96108K(2043392K), 0.0118401 secs] [Times: user=0.13 sys=0.00, real=0.01 secs] 
2020-09-29T17:40:20.949+0200: 56.008: [GC (Allocation Failure) [PSYoungGen: 618404K->28484K(644608K)] 686956K->97036K(2042880K), 0.0108560 secs] [Times: user=0.13 sys=0.00, real=0.01 secs] 
2020-09-29T17:40:21.010+0200: 56.069: [GC (Allocation Failure) [PSYoungGen: 619332K->52709K(631808K)] 687884K->127221K(2030080K), 0.0205548 secs] [Times: user=0.13 sys=0.00, real=0.02 secs] 
2020-09-29T17:40:21.080+0200: 56.139: [GC (Allocation Failure) [PSYoungGen: 631781K->36261K(638976K)] 706293K->110773K(2037248K), 0.0128973 secs] [Times: user=0.13 sys=0.00, real=0.01 secs] 
2020-09-29T17:40:21.147+0200: 56.206: [GC (Allocation Failure) [PSYoungGen: 615333K->54757K(631808K)] 689845K->129269K(2030080K), 0.0183841 secs] [Times: user=0.13 sys=0.00, real=0.02 secs] 
2020-09-29T17:40:21.215+0200: 56.273: [GC (Allocation Failure) [PSYoungGen: 628709K->40773K(636416K)] 703221K->115285K(2034688K), 0.0142335 secs] [Times: user=0.13 sys=0.00, real=0.01 secs] 
2020-09-29T17:40:21.278+0200: 56.337: [GC (Allocation Failure) [PSYoungGen: 614725K->54213K(630784K)] 689237K->128725K(2029056K), 0.0182970 secs] [Times: user=0.13 sys=0.00, real=0.02 secs] 
2020-09-29T17:40:21.346+0200: 56.405: [GC (Allocation Failure) [PSYoungGen: 624069K->36036K(634368K)] 698581K->110548K(2032640K), 0.0131876 secs] [Times: user=0.11 sys=0.00, real=0.01 secs] 
2020-09-29T17:40:21.410+0200: 56.469: [GC (Allocation Failure) [PSYoungGen: 605892K->45349K(635904K)] 680404K->119861K(2034176K), 0.0161093 secs] [Times: user=0.25 sys=0.00, real=0.02 secs] 
2020-09-29T17:40:21.475+0200: 56.534: [GC (Allocation Failure) [PSYoungGen: 618277K->43204K(635904K)] 692789K->117716K(2034176K), 0.0161293 secs] [Times: user=0.13 sys=0.00, real=0.02 secs] 
2020-09-29T17:40:21.541+0200: 56.600: [GC (Allocation Failure) [PSYoungGen: 616132K->27171K(636928K)] 690644K->101683K(2035200K), 0.0111663 secs] [Times: user=0.13 sys=0.00, real=0.01 secs] 
2020-09-29T17:40:21.605+0200: 56.664: [GC (Allocation Failure) [PSYoungGen: 602147K->27683K(636928K)] 676659K->102195K(2035200K), 0.0161619 secs] [Times: user=0.09 sys=0.00, real=0.03 secs] 
2020-09-29T17:40:21.683+0200: 56.742: [GC (Allocation Failure) [PSYoungGen: 602659K->42085K(637952K)] 677171K->116597K(2036224K), 0.0173075 secs] [Times: user=0.13 sys=0.00, real=0.02 secs] 
2020-09-29T17:40:21.752+0200: 56.811: [GC (Allocation Failure) [PSYoungGen: 618597K->44357K(637440K)] 693109K->118869K(2035712K), 0.0156387 secs] [Times: user=0.13 sys=0.00, real=0.01 secs] 
2020-09-29T17:40:21.819+0200: 56.878: [GC (Allocation Failure) [PSYoungGen: 620869K->31269K(638976K)] 695381K->105781K(2037248K), 0.0109777 secs] [Times: user=0.00 sys=0.00, real=0.01 secs] 
2020-09-29T17:40:21.879+0200: 56.938: [GC (Allocation Failure) [PSYoungGen: 609317K->17315K(595456K)] 683829K->91827K(1993728K), 0.0074851 secs] [Times: user=0.00 sys=0.00, real=0.01 secs] 
2020-09-29T17:40:21.937+0200: 56.996: [GC (Allocation Failure) [PSYoungGen: 595363K->34084K(640000K)] 669875K->108596K(2038272K), 0.0121326 secs] [Times: user=0.13 sys=0.00, real=0.01 secs] 
2020-09-29T17:40:21.998+0200: 57.057: [GC (Allocation Failure) [PSYoungGen: 612644K->36291K(637440K)] 687156K->110803K(2035712K), 0.0136330 secs] [Times: user=0.13 sys=0.00, real=0.01 secs] 
2020-09-29T17:40:22.061+0200: 57.120: [GC (Allocation Failure) [PSYoungGen: 614851K->26756K(642560K)] 689363K->101268K(2040832K), 0.0103769 secs] [Times: user=0.13 sys=0.00, real=0.01 secs] 
2020-09-29T17:40:22.121+0200: 57.180: [GC (Allocation Failure) [PSYoungGen: 612484K->51909K(637952K)] 686996K->126421K(2036224K), 0.0175169 secs] [Times: user=0.13 sys=0.00, real=0.02 secs] 
2020-09-29T17:40:22.189+0200: 57.248: [GC (Allocation Failure) [PSYoungGen: 637637K->34052K(640000K)] 712149K->108564K(2038272K), 0.0126074 secs] [Times: user=0.13 sys=0.00, real=0.01 secs] 
2020-09-29T17:40:22.252+0200: 57.311: [GC (Allocation Failure) [PSYoungGen: 613636K->38756K(638464K)] 688148K->113268K(2036736K), 0.0140413 secs] [Times: user=0.13 sys=0.00, real=0.01 secs] 
2020-09-29T17:40:22.315+0200: 57.374: [GC (Allocation Failure) [PSYoungGen: 618340K->29828K(642560K)] 692852K->104340K(2040832K), 0.0121212 secs] [Times: user=0.13 sys=0.00, real=0.01 secs] 
2020-09-29T17:40:22.377+0200: 57.436: [GC (Allocation Failure) [PSYoungGen: 615044K->26660K(641536K)] 689556K->101172K(2039808K), 0.0128404 secs] [Times: user=0.13 sys=0.00, real=0.01 secs] 
2020-09-29T17:40:22.440+0200: 57.499: [GC (Allocation Failure) [PSYoungGen: 611876K->51429K(634880K)] 686388K->125941K(2033152K), 0.0220037 secs] [Times: user=0.25 sys=0.00, real=0.02 secs] 
2020-09-29T17:40:22.512+0200: 57.570: [GC (Allocation Failure) [PSYoungGen: 630501K->56261K(635392K)] 705013K->130773K(2033664K), 0.0235588 secs] [Times: user=0.13 sys=0.00, real=0.02 secs] 
2020-09-29T17:40:22.588+0200: 57.647: [GC (Allocation Failure) [PSYoungGen: 635333K->32228K(635392K)] 709845K->106740K(2033664K), 0.0164617 secs] [Times: user=0.11 sys=0.00, real=0.02 secs] 
2020-09-29T17:40:22.659+0200: 57.718: [GC (Allocation Failure) [PSYoungGen: 604132K->29604K(635392K)] 678644K->104116K(2033664K), 0.0135940 secs] [Times: user=0.09 sys=0.00, real=0.01 secs] 
2020-09-29T17:40:22.725+0200: 57.784: [GC (Allocation Failure) [PSYoungGen: 601508K->40644K(637952K)] 676020K->115156K(2036224K), 0.0186474 secs] [Times: user=0.13 sys=0.00, real=0.02 secs] 
2020-09-29T17:40:22.793+0200: 57.852: [GC (Allocation Failure) [PSYoungGen: 616132K->25988K(636416K)] 690644K->100500K(2034688K), 0.0118486 secs] [Times: user=0.13 sys=0.00, real=0.01 secs] 
2020-09-29T17:40:22.858+0200: 57.917: [GC (Allocation Failure) [PSYoungGen: 601476K->40997K(638976K)] 675988K->115509K(2037248K), 0.0190327 secs] [Times: user=0.13 sys=0.00, real=0.02 secs] 
2020-09-29T17:40:22.927+0200: 57.986: [GC (Allocation Failure) [PSYoungGen: 619045K->31109K(637952K)] 693557K->105621K(2036224K), 0.0139298 secs] [Times: user=0.00 sys=0.00, real=0.01 secs] 
2020-09-29T17:40:22.991+0200: 58.050: [GC (Allocation Failure) [PSYoungGen: 609157K->33540K(642048K)] 683669K->108052K(2040320K), 0.0150704 secs] [Times: user=0.13 sys=0.00, real=0.02 secs] 
2020-09-29T17:40:23.059+0200: 58.118: [GC (Allocation Failure) [PSYoungGen: 616708K->42437K(640000K)] 691220K->116949K(2038272K), 0.0185715 secs] [Times: user=0.13 sys=0.00, real=0.02 secs] 
2020-09-29T17:40:23.129+0200: 58.188: [GC (Allocation Failure) [PSYoungGen: 625605K->37637K(643072K)] 700117K->112149K(2041344K), 0.0168505 secs] [Times: user=0.13 sys=0.00, real=0.02 secs] 
2020-09-29T17:40:23.197+0200: 58.256: [GC (Allocation Failure) [PSYoungGen: 623365K->35461K(641536K)] 697877K->109973K(2039808K), 0.0164081 secs] [Times: user=0.13 sys=0.00, real=0.02 secs] 
2020-09-29T17:40:23.268+0200: 58.327: [GC (Allocation Failure) [PSYoungGen: 621061K->30915K(645632K)] 695573K->105427K(2043904K), 0.0146769 secs] [Times: user=0.13 sys=0.00, real=0.02 secs] 
2020-09-29T17:40:23.337+0200: 58.396: [GC (Allocation Failure) [PSYoungGen: 622787K->34628K(645120K)] 697299K->109140K(2043392K), 0.0154400 secs] [Times: user=0.13 sys=0.00, real=0.02 secs] 
2020-09-29T17:40:23.402+0200: 58.462: [GC (Allocation Failure) [PSYoungGen: 626500K->24933K(646144K)] 701012K->99445K(2044416K), 0.0107912 secs] [Times: user=0.13 sys=0.00, real=0.01 secs] 
2020-09-29T17:40:23.474+0200: 58.533: [GC (Allocation Failure) [PSYoungGen: 619365K->29092K(646656K)] 693877K->103604K(2044928K), 0.0141162 secs] [Times: user=0.00 sys=0.00, real=0.01 secs] 
2020-09-29T17:40:23.544+0200: 58.603: [GC (Allocation Failure) [PSYoungGen: 623524K->35621K(648704K)] 698036K->110133K(2046976K), 0.0151917 secs] [Times: user=0.13 sys=0.00, real=0.02 secs] 
2020-09-29T17:40:23.614+0200: 58.673: [GC (Allocation Failure) [PSYoungGen: 633125K->30468K(647680K)] 707637K->104980K(2045952K), 0.0151035 secs] [Times: user=0.11 sys=0.00, real=0.01 secs] 
2020-09-29T17:40:23.681+0200: 58.740: [GC (Allocation Failure) [PSYoungGen: 627972K->39876K(647680K)] 702484K->114388K(2045952K), 0.0190203 secs] [Times: user=0.13 sys=0.00, real=0.02 secs] 
2020-09-29T17:40:23.750+0200: 58.810: [GC (Allocation Failure) [PSYoungGen: 638404K->50149K(648704K)] 712916K->124909K(2046976K), 0.0218584 secs] [Times: user=0.25 sys=0.00, real=0.02 secs] 
2020-09-29T17:40:23.825+0200: 58.884: [GC (Allocation Failure) [PSYoungGen: 648677K->32420K(642560K)] 723437K->107180K(2040832K), 0.0155447 secs] [Times: user=0.13 sys=0.00, real=0.02 secs] 
2020-09-29T17:40:23.897+0200: 58.956: [GC (Allocation Failure) [PSYoungGen: 624804K->36933K(645632K)] 699564K->111693K(2043904K), 0.0164726 secs] [Times: user=0.13 sys=0.00, real=0.02 secs] 
2020-09-29T17:40:23.964+0200: 59.023: [GC (Allocation Failure) [PSYoungGen: 629317K->26949K(647168K)] 704077K->101709K(2045440K), 0.0124269 secs] [Times: user=0.11 sys=0.00, real=0.01 secs] 
2020-09-29T17:40:24.028+0200: 59.087: [GC (Allocation Failure) [PSYoungGen: 622405K->48101K(643584K)] 697165K->122861K(2041856K), 0.0200808 secs] [Times: user=0.13 sys=0.00, real=0.02 secs] 
2020-09-29T17:40:24.099+0200: 59.158: [GC (Allocation Failure) [PSYoungGen: 643557K->41989K(643072K)] 718317K->116749K(2041344K), 0.0185060 secs] [Times: user=0.13 sys=0.00, real=0.02 secs] 
2020-09-29T17:40:24.168+0200: 59.227: [GC (Allocation Failure) [PSYoungGen: 630277K->42308K(643584K)] 705037K->117068K(2041856K), 0.0194609 secs] [Times: user=0.13 sys=0.00, real=0.02 secs] 
2020-09-29T17:40:24.237+0200: 59.297: [GC (Allocation Failure) [PSYoungGen: 630596K->27332K(643584K)] 705356K->102092K(2041856K), 0.0125079 secs] [Times: user=0.13 sys=0.00, real=0.01 secs] 
2020-09-29T17:40:24.300+0200: 59.359: [GC (Allocation Failure) [PSYoungGen: 615620K->41445K(643584K)] 690380K->116205K(2041856K), 0.0178688 secs] [Times: user=0.25 sys=0.00, real=0.02 secs] 
2020-09-29T17:40:24.370+0200: 59.429: [GC (Allocation Failure) [PSYoungGen: 629733K->25539K(643584K)] 704493K->100299K(2041856K), 0.0134256 secs] [Times: user=0.13 sys=0.00, real=0.01 secs] 
2020-09-29T17:40:24.442+0200: 59.501: [GC (Allocation Failure) [PSYoungGen: 613827K->53253K(642048K)] 688587K->128013K(2040320K), 0.0222452 secs] [Times: user=0.13 sys=0.00, real=0.02 secs] 
2020-09-29T17:40:24.515+0200: 59.574: [GC (Allocation Failure) [PSYoungGen: 641541K->26052K(635904K)] 716301K->100812K(2034176K), 0.0130931 secs] [Times: user=0.13 sys=0.00, real=0.01 secs] 
2020-09-29T17:40:24.578+0200: 59.638: [GC (Allocation Failure) [PSYoungGen: 605124K->44549K(624128K)] 679884K->119309K(2022400K), 0.0212610 secs] [Times: user=0.22 sys=0.00, real=0.02 secs] 
2020-09-29T17:40:24.652+0200: 59.711: [GC (Allocation Failure) [PSYoungGen: 623621K->49381K(634368K)] 698381K->124141K(2032640K), 0.0212933 secs] [Times: user=0.13 sys=0.00, real=0.02 secs] 
2020-09-29T17:40:24.722+0200: 59.781: [GC (Allocation Failure) [PSYoungGen: 623333K->35461K(636416K)] 698093K->110221K(2034688K), 0.0160513 secs] [Times: user=0.25 sys=0.00, real=0.02 secs] 
2020-09-29T17:40:24.789+0200: 59.848: [GC (Allocation Failure) [PSYoungGen: 609413K->35109K(640000K)] 684173K->109869K(2038272K), 0.0162488 secs] [Times: user=0.13 sys=0.00, real=0.02 secs] 
2020-09-29T17:40:24.855+0200: 59.915: [GC (Allocation Failure) [PSYoungGen: 614181K->39812K(637952K)] 688941K->114572K(2036224K), 0.0181989 secs] [Times: user=0.13 sys=0.00, real=0.02 secs] 
2020-09-29T17:40:24.923+0200: 59.982: [GC (Allocation Failure) [PSYoungGen: 618884K->25636K(641024K)] 693644K->100396K(2039296K), 0.0130575 secs] [Times: user=0.13 sys=0.00, real=0.01 secs] 
2020-09-29T17:40:24.986+0200: 60.045: [GC (Allocation Failure) [PSYoungGen: 608804K->34468K(641024K)] 683564K->109228K(2039296K), 0.0161240 secs] [Times: user=0.13 sys=0.00, real=0.02 secs] 
2020-09-29T17:40:25.053+0200: 60.112: [GC (Allocation Failure) [PSYoungGen: 617636K->43365K(641536K)] 692396K->118125K(2039808K), 0.0183585 secs] [Times: user=0.13 sys=0.00, real=0.02 secs] 
2020-09-29T17:40:25.123+0200: 60.182: [GC (Allocation Failure) [PSYoungGen: 628581K->26756K(642048K)] 703341K->101516K(2040320K), 0.0132139 secs] [Times: user=0.13 sys=0.00, real=0.01 secs] 
2020-09-29T17:40:25.186+0200: 60.245: [GC (Allocation Failure) [PSYoungGen: 611972K->37669K(643584K)] 686732K->112429K(2041856K), 0.0163100 secs] [Times: user=0.13 sys=0.00, real=0.02 secs] 
2020-09-29T17:40:25.253+0200: 60.311: [GC (Allocation Failure) [PSYoungGen: 624421K->36517K(642048K)] 699181K->111277K(2040320K), 0.0160677 secs] [Times: user=0.13 sys=0.00, real=0.01 secs] 
2020-09-29T17:40:25.324+0200: 60.383: [GC (Allocation Failure) [PSYoungGen: 623269K->34597K(646656K)] 698029K->109357K(2044928K), 0.0159402 secs] [Times: user=0.13 sys=0.00, real=0.02 secs] 
2020-09-29T17:40:25.396+0200: 60.455: [GC (Allocation Failure) [PSYoungGen: 628005K->40101K(645632K)] 702765K->114861K(2043904K), 0.0174674 secs] [Times: user=0.13 sys=0.00, real=0.02 secs] 
2020-09-29T17:40:25.464+0200: 60.523: [GC (Allocation Failure) [PSYoungGen: 633509K->14210K(642048K)] 708269K->88970K(2040320K), 0.0084038 secs] [Times: user=0.00 sys=0.00, real=0.01 secs] 
2020-09-29T17:40:25.523+0200: 60.582: [GC (Allocation Failure) [PSYoungGen: 604546K->30309K(644608K)] 679306K->105069K(2042880K), 0.0129970 secs] [Times: user=0.13 sys=0.00, real=0.01 secs] 
2020-09-29T17:40:25.590+0200: 60.649: [GC (Allocation Failure) [PSYoungGen: 620645K->46437K(640000K)] 695405K->121197K(2038272K), 0.0216279 secs] [Times: user=0.11 sys=0.00, real=0.02 secs] 
2020-09-29T17:40:25.669+0200: 60.728: [GC (Allocation Failure) [PSYoungGen: 633701K->45604K(633344K)] 708461K->120364K(2031616K), 0.0209999 secs] [Times: user=0.11 sys=0.00, real=0.03 secs] 
2020-09-29T17:40:25.751+0200: 60.809: [GC (Allocation Failure) [PSYoungGen: 632868K->31269K(642560K)] 707628K->106029K(2040832K), 0.0133640 secs] [Times: user=0.13 sys=0.00, real=0.01 secs] 
2020-09-29T17:40:25.821+0200: 60.879: [GC (Allocation Failure) [PSYoungGen: 616485K->28581K(641536K)] 691245K->103341K(2039808K), 0.0126059 secs] [Times: user=0.11 sys=0.00, real=0.01 secs] 
2020-09-29T17:40:25.883+0200: 60.941: [GC (Allocation Failure) [PSYoungGen: 613797K->39589K(643584K)] 688557K->114349K(2041856K), 0.0174313 secs] [Times: user=0.13 sys=0.00, real=0.02 secs] 
2020-09-29T17:40:25.952+0200: 61.011: [GC (Allocation Failure) [PSYoungGen: 627877K->25028K(643584K)] 702637K->99788K(2041856K), 0.0113124 secs] [Times: user=0.13 sys=0.00, real=0.01 secs] 
2020-09-29T17:40:26.024+0200: 61.082: [GC (Allocation Failure) [PSYoungGen: 613316K->38949K(644096K)] 688076K->113709K(2042368K), 0.0173132 secs] [Times: user=0.13 sys=0.00, real=0.02 secs] 
2020-09-29T17:40:26.092+0200: 61.151: [GC (Allocation Failure) [PSYoungGen: 628261K->26596K(644096K)] 703021K->101356K(2042368K), 0.0131200 secs] [Times: user=0.13 sys=0.00, real=0.01 secs] 
2020-09-29T17:40:26.156+0200: 61.214: [GC (Allocation Failure) [PSYoungGen: 615908K->27428K(645632K)] 690668K->102188K(2043904K), 0.0120937 secs] [Times: user=0.13 sys=0.00, real=0.01 secs] 
2020-09-29T17:40:26.218+0200: 61.276: [GC (Allocation Failure) [PSYoungGen: 618788K->27748K(644608K)] 693548K->102508K(2042880K), 0.0128398 secs] [Times: user=0.13 sys=0.00, real=0.01 secs] 
2020-09-29T17:40:26.282+0200: 61.340: [GC (Allocation Failure) [PSYoungGen: 619108K->31173K(648192K)] 693868K->105933K(2046464K), 0.0136041 secs] [Times: user=0.13 sys=0.00, real=0.01 secs] 
2020-09-29T17:40:26.353+0200: 61.412: [GC (Allocation Failure) [PSYoungGen: 627141K->25573K(646656K)] 701901K->100333K(2044928K), 0.0113427 secs] [Times: user=0.13 sys=0.00, real=0.01 secs] 
2020-09-29T17:40:26.419+0200: 61.477: [GC (Allocation Failure) [PSYoungGen: 621541K->31939K(650752K)] 696301K->106699K(2049024K), 0.0159008 secs] [Times: user=0.13 sys=0.00, real=0.02 secs] 
2020-09-29T17:40:26.489+0200: 61.547: [GC (Allocation Failure) [PSYoungGen: 632515K->30467K(648704K)] 707275K->105227K(2046976K), 0.0151354 secs] [Times: user=0.00 sys=0.00, real=0.01 secs] 
2020-09-29T17:40:26.555+0200: 61.613: [GC (Allocation Failure) [PSYoungGen: 631043K->29509K(653312K)] 705803K->104269K(2051584K), 0.0131140 secs] [Times: user=0.11 sys=0.00, real=0.01 secs] 
2020-09-29T17:40:26.624+0200: 61.682: [GC (Allocation Failure) [PSYoungGen: 635717K->34117K(651776K)] 710477K->108877K(2050048K), 0.0150437 secs] [Times: user=0.13 sys=0.00, real=0.01 secs] 
2020-09-29T17:40:26.690+0200: 61.748: [GC (Allocation Failure) [PSYoungGen: 640325K->24964K(653824K)] 715085K->99724K(2052096K), 0.0117387 secs] [Times: user=0.13 sys=0.00, real=0.01 secs] 
2020-09-29T17:40:26.756+0200: 61.814: [GC (Allocation Failure) [PSYoungGen: 633220K->31685K(653312K)] 707980K->106445K(2051584K), 0.0143928 secs] [Times: user=0.00 sys=0.00, real=0.01 secs] 
2020-09-29T17:40:26.825+0200: 61.884: [GC (Allocation Failure) [PSYoungGen: 639941K->36676K(653824K)] 714701K->111436K(2052096K), 0.0172948 secs] [Times: user=0.13 sys=0.00, real=0.02 secs] 
2020-09-29T17:40:26.894+0200: 61.952: [GC (Allocation Failure) [PSYoungGen: 646468K->16357K(626176K)] 721228K->91117K(2024448K), 0.0066656 secs] [Times: user=0.13 sys=0.00, real=0.01 secs] 
2020-09-29T17:40:26.954+0200: 62.012: [GC (Allocation Failure) [PSYoungGen: 626149K->22820K(653312K)] 700909K->97580K(2051584K), 0.0144519 secs] [Times: user=0.06 sys=0.00, real=0.01 secs] 
2020-09-29T17:40:27.025+0200: 62.083: [GC (Allocation Failure) [PSYoungGen: 630052K->41348K(648704K)] 704812K->116108K(2046976K), 0.0185401 secs] [Times: user=0.13 sys=0.00, real=0.02 secs] 
2020-09-29T17:40:27.098+0200: 62.156: [GC (Allocation Failure) [PSYoungGen: 648580K->30307K(651776K)] 723340K->105067K(2050048K), 0.0154245 secs] [Times: user=0.11 sys=0.00, real=0.01 secs] 
2020-09-29T17:40:27.164+0200: 62.223: [GC (Allocation Failure) [PSYoungGen: 633443K->18213K(650240K)] 708203K->92973K(2048512K), 0.0076487 secs] [Times: user=0.00 sys=0.00, real=0.01 secs] 
2020-09-29T17:40:27.227+0200: 62.285: [GC (Allocation Failure) [PSYoungGen: 621349K->45988K(643072K)] 696109K->120748K(2041344K), 0.0207139 secs] [Times: user=0.13 sys=0.00, real=0.02 secs] 
2020-09-29T17:40:27.298+0200: 62.356: [GC (Allocation Failure) [PSYoungGen: 641444K->26149K(647168K)] 716204K->100909K(2045440K), 0.0108115 secs] [Times: user=0.13 sys=0.00, real=0.01 secs] 
2020-09-29T17:40:27.360+0200: 62.418: [GC (Allocation Failure) [PSYoungGen: 621605K->19716K(648704K)] 696365K->94476K(2046976K), 0.0100524 secs] [Times: user=0.13 sys=0.00, real=0.01 secs] 
2020-09-29T17:40:27.421+0200: 62.480: [GC (Allocation Failure) [PSYoungGen: 617732K->28004K(648192K)] 692492K->102764K(2046464K), 0.0150446 secs] [Times: user=0.13 sys=0.00, real=0.02 secs] 
2020-09-29T17:40:27.489+0200: 62.547: [GC (Allocation Failure) [PSYoungGen: 626020K->38149K(647168K)] 700780K->112909K(2045440K), 0.0181191 secs] [Times: user=0.13 sys=0.00, real=0.02 secs] 
2020-09-29T17:40:27.559+0200: 62.618: [GC (Allocation Failure) [PSYoungGen: 636677K->33284K(648704K)] 711437K->108044K(2046976K), 0.0163474 secs] [Times: user=0.13 sys=0.00, real=0.02 secs] 
2020-09-29T17:40:27.633+0200: 62.691: [GC (Allocation Failure) [PSYoungGen: 631812K->49125K(633344K)] 706572K->132269K(2031616K), 0.0301401 secs] [Times: user=0.25 sys=0.00, real=0.03 secs] 
2020-09-29T17:40:27.714+0200: 62.772: [GC (Allocation Failure) [PSYoungGen: 633317K->11715K(595968K)] 716461K->94859K(1994240K), 0.0069742 secs] [Times: user=0.00 sys=0.00, real=0.01 secs] 
2020-09-29T17:40:27.779+0200: 62.837: [GC (Allocation Failure) [PSYoungGen: 595907K->33924K(642048K)] 679051K->117068K(2040320K), 0.0167791 secs] [Times: user=0.13 sys=0.00, real=0.02 secs] 
2020-09-29T17:40:27.855+0200: 62.913: [GC (Allocation Failure) [PSYoungGen: 617604K->42693K(640512K)] 700748K->125837K(2038784K), 0.0209681 secs] [Times: user=0.13 sys=0.00, real=0.02 secs] 
2020-09-29T17:40:27.926+0200: 62.985: [GC (Allocation Failure) [PSYoungGen: 626373K->52133K(630272K)] 709517K->135277K(2028544K), 0.0243611 secs] [Times: user=0.22 sys=0.00, real=0.02 secs] 
2020-09-29T17:40:28.000+0200: 63.058: [GC (Allocation Failure) [PSYoungGen: 624037K->22276K(635392K)] 707181K->105420K(2033664K), 0.0107001 secs] [Times: user=0.13 sys=0.00, real=0.01 secs] 
2020-09-29T17:40:28.067+0200: 63.126: [GC (Allocation Failure) [PSYoungGen: 594180K->32612K(638976K)] 677324K->115756K(2037248K), 0.0163342 secs] [Times: user=0.13 sys=0.00, real=0.02 secs] 
2020-09-29T17:40:28.134+0200: 63.192: [GC (Allocation Failure) [PSYoungGen: 609124K->48613K(625152K)] 692268K->131757K(2023424K), 0.0223371 secs] [Times: user=0.13 sys=0.00, real=0.02 secs] 
2020-09-29T17:40:28.206+0200: 63.264: [GC (Allocation Failure) [PSYoungGen: 625125K->21572K(636416K)] 708269K->104716K(2034688K), 0.0106047 secs] [Times: user=0.13 sys=0.00, real=0.01 secs] 
2020-09-29T17:40:28.268+0200: 63.327: [GC (Allocation Failure) [PSYoungGen: 595012K->47748K(621568K)] 678156K->130892K(2019840K), 0.0250832 secs] [Times: user=0.19 sys=0.00, real=0.03 secs] 
2020-09-29T17:40:28.345+0200: 63.403: [GC (Allocation Failure) [PSYoungGen: 621188K->33285K(636928K)] 704332K->116429K(2035200K), 0.0163447 secs] [Times: user=0.13 sys=0.00, real=0.02 secs] 
2020-09-29T17:40:28.421+0200: 63.479: [GC (Allocation Failure) [PSYoungGen: 605701K->45125K(634368K)] 688845K->128269K(2032640K), 0.0216703 secs] [Times: user=0.25 sys=0.00, real=0.02 secs] 
2020-09-29T17:40:28.494+0200: 63.553: [GC (Allocation Failure) [PSYoungGen: 617541K->28484K(637440K)] 700685K->111628K(2035712K), 0.0144823 secs] [Times: user=0.13 sys=0.00, real=0.02 secs] 
2020-09-29T17:40:28.560+0200: 63.619: [GC (Allocation Failure) [PSYoungGen: 602948K->27941K(635904K)] 686092K->111085K(2034176K), 0.0131152 secs] [Times: user=0.13 sys=0.00, real=0.01 secs] 
2020-09-29T17:40:28.624+0200: 63.683: [GC (Allocation Failure) [PSYoungGen: 602405K->27748K(640000K)] 685549K->110892K(2038272K), 0.0148883 secs] [Times: user=0.13 sys=0.00, real=0.01 secs] 
2020-09-29T17:40:28.690+0200: 63.748: [GC (Allocation Failure) [PSYoungGen: 607332K->31140K(638464K)] 690476K->114284K(2036736K), 0.0151979 secs] [Times: user=0.11 sys=0.00, real=0.01 secs] 
2020-09-29T17:40:28.756+0200: 63.815: [GC (Allocation Failure) [PSYoungGen: 610724K->33060K(644608K)] 693868K->116204K(2042880K), 0.0163401 secs] [Times: user=0.13 sys=0.00, real=0.02 secs] 
2020-09-29T17:40:28.825+0200: 63.884: [GC (Allocation Failure) [PSYoungGen: 620836K->32901K(642048K)] 703980K->116045K(2040320K), 0.0153994 secs] [Times: user=0.13 sys=0.00, real=0.02 secs] 
2020-09-29T17:40:28.893+0200: 63.952: [GC (Allocation Failure) [PSYoungGen: 620677K->32773K(648192K)] 703821K->115917K(2046464K), 0.0148266 secs] [Times: user=0.13 sys=0.00, real=0.02 secs] 
2020-09-29T17:40:28.959+0200: 64.018: [GC (Allocation Failure) [PSYoungGen: 628741K->39716K(646656K)] 711885K->122860K(2044928K), 0.0194723 secs] [Times: user=0.13 sys=0.00, real=0.02 secs] 
2020-09-29T17:40:29.030+0200: 64.089: [GC (Allocation Failure) [PSYoungGen: 635684K->34181K(649216K)] 718828K->117325K(2047488K), 0.0163970 secs] [Times: user=0.13 sys=0.00, real=0.02 secs] 
2020-09-29T17:40:29.098+0200: 64.156: [GC (Allocation Failure) [PSYoungGen: 632197K->44229K(642560K)] 715341K->127373K(2040832K), 0.0207033 secs] [Times: user=0.25 sys=0.00, real=0.02 secs] 
2020-09-29T17:40:29.172+0200: 64.231: [GC (Allocation Failure) [PSYoungGen: 642245K->26083K(647168K)] 725389K->109227K(2045440K), 0.0147088 secs] [Times: user=0.13 sys=0.00, real=0.02 secs] 
2020-09-29T17:40:29.244+0200: 64.303: [GC (Allocation Failure) [PSYoungGen: 621027K->31972K(646656K)] 704171K->115116K(2044928K), 0.0158023 secs] [Times: user=0.13 sys=0.00, real=0.02 secs] 
2020-09-29T17:40:29.314+0200: 64.372: [GC (Allocation Failure) [PSYoungGen: 626916K->38981K(647680K)] 710060K->122125K(2045952K), 0.0184498 secs] [Times: user=0.13 sys=0.00, real=0.02 secs] 
2020-09-29T17:40:29.384+0200: 64.442: [GC (Allocation Failure) [PSYoungGen: 636485K->34757K(648192K)] 719629K->117901K(2046464K), 0.0169775 secs] [Times: user=0.11 sys=0.00, real=0.02 secs] 
2020-09-29T17:40:29.453+0200: 64.511: [GC (Allocation Failure) [PSYoungGen: 632261K->42500K(646656K)] 715405K->125644K(2044928K), 0.0209032 secs] [Times: user=0.13 sys=0.00, real=0.02 secs] 
2020-09-29T17:40:29.525+0200: 64.584: [GC (Allocation Failure) [PSYoungGen: 640004K->38405K(648192K)] 723148K->121549K(2046464K), 0.0175608 secs] [Times: user=0.13 sys=0.00, real=0.02 secs] 
2020-09-29T17:40:29.601+0200: 64.660: [GC (Allocation Failure) [PSYoungGen: 635909K->34373K(649728K)] 719053K->117517K(2048000K), 0.0161329 secs] [Times: user=0.13 sys=0.00, real=0.02 secs] 
2020-09-29T17:40:29.674+0200: 64.732: [GC (Allocation Failure) [PSYoungGen: 633925K->45989K(645632K)] 717069K->129133K(2043904K), 0.0213133 secs] [Times: user=0.25 sys=0.00, real=0.02 secs] 
2020-09-29T17:40:29.748+0200: 64.806: [GC (Allocation Failure) [PSYoungGen: 645541K->29860K(647680K)] 728685K->113004K(2045952K), 0.0144074 secs] [Times: user=0.13 sys=0.00, real=0.01 secs] 
2020-09-29T17:40:29.834+0200: 64.892: [GC (Allocation Failure) [PSYoungGen: 625828K->37765K(647168K)] 708972K->120909K(2045440K), 0.0185020 secs] [Times: user=0.13 sys=0.00, real=0.02 secs] 
2020-09-29T17:40:29.903+0200: 64.962: [GC (Allocation Failure) [PSYoungGen: 633733K->32133K(649216K)] 716877K->115277K(2047488K), 0.0148386 secs] [Times: user=0.13 sys=0.00, real=0.01 secs] 
2020-09-29T17:40:29.969+0200: 65.027: [GC (Allocation Failure) [PSYoungGen: 630661K->26628K(648192K)] 713805K->109772K(2046464K), 0.0141315 secs] [Times: user=0.13 sys=0.00, real=0.01 secs] 
2020-09-29T17:40:30.034+0200: 65.093: [GC (Allocation Failure) [PSYoungGen: 625156K->49637K(640000K)] 708300K->134037K(2038272K), 0.0238022 secs] [Times: user=0.25 sys=0.00, real=0.02 secs] 
2020-09-29T17:40:30.108+0200: 65.166: [GC (Allocation Failure) [PSYoungGen: 639973K->39685K(644608K)] 724373K->124085K(2042880K), 0.0182273 secs] [Times: user=0.13 sys=0.00, real=0.02 secs] 
2020-09-29T17:40:30.179+0200: 65.237: [GC (Allocation Failure) [PSYoungGen: 630021K->14436K(641024K)] 714421K->98836K(2039296K), 0.0067866 secs] [Times: user=0.00 sys=0.00, real=0.01 secs] 
2020-09-29T17:40:30.244+0200: 65.302: [GC (Allocation Failure) [PSYoungGen: 601700K->26628K(643072K)] 686100K->111028K(2041344K), 0.0134058 secs] [Times: user=0.13 sys=0.00, real=0.01 secs] 
2020-09-29T17:40:30.311+0200: 65.370: [GC (Allocation Failure) [PSYoungGen: 613892K->50692K(635392K)] 698292K->135092K(2033664K), 0.0242955 secs] [Times: user=0.25 sys=0.00, real=0.02 secs] 
2020-09-29T17:40:30.385+0200: 65.444: [GC (Allocation Failure) [PSYoungGen: 630788K->29253K(639488K)] 715188K->113653K(2037760K), 0.0141484 secs] [Times: user=0.13 sys=0.00, real=0.02 secs] 
2020-09-29T17:40:30.451+0200: 65.509: [GC (Allocation Failure) [PSYoungGen: 609349K->34051K(643072K)] 693749K->118451K(2041344K), 0.0182892 secs] [Times: user=0.13 sys=0.00, real=0.02 secs] 
2020-09-29T17:40:30.519+0200: 65.577: [GC (Allocation Failure) [PSYoungGen: 619267K->30436K(641024K)] 703667K->114836K(2039296K), 0.0157160 secs] [Times: user=0.13 sys=0.00, real=0.02 secs] 
2020-09-29T17:40:30.586+0200: 65.644: [GC (Allocation Failure) [PSYoungGen: 615652K->40804K(643584K)] 700052K->125204K(2041856K), 0.0209143 secs] [Times: user=0.13 sys=0.00, real=0.02 secs] 
2020-09-29T17:40:30.661+0200: 65.719: [GC (Allocation Failure) [PSYoungGen: 630116K->27651K(644096K)] 714516K->112051K(2042368K), 0.0147866 secs] [Times: user=0.00 sys=0.00, real=0.01 secs] 
2020-09-29T17:40:30.729+0200: 65.788: [GC (Allocation Failure) [PSYoungGen: 616963K->27299K(645632K)] 701363K->111699K(2043904K), 0.0148180 secs] [Times: user=0.13 sys=0.00, real=0.01 secs] 
2020-09-29T17:40:30.796+0200: 65.854: [GC (Allocation Failure) [PSYoungGen: 618659K->53221K(644608K)] 703059K->142469K(2042880K), 0.0277018 secs] [Times: user=0.25 sys=0.00, real=0.03 secs] 
2020-09-29T17:40:30.874+0200: 65.933: [GC (Allocation Failure) [PSYoungGen: 644581K->34213K(636416K)] 733829K->123461K(2034688K), 0.0153273 secs] [Times: user=0.13 sys=0.00, real=0.02 secs] 
2020-09-29T17:40:30.940+0200: 65.998: [GC (Allocation Failure) [PSYoungGen: 616357K->55845K(638464K)] 705605K->145093K(2036736K), 0.0250781 secs] [Times: user=0.25 sys=0.00, real=0.02 secs] 
2020-09-29T17:40:31.017+0200: 66.075: [GC (Allocation Failure) [PSYoungGen: 637989K->36421K(636416K)] 727237K->125669K(2034688K), 0.0168394 secs] [Times: user=0.13 sys=0.00, real=0.02 secs] 
2020-09-29T17:40:31.084+0200: 66.143: [GC (Allocation Failure) [PSYoungGen: 612421K->51877K(628224K)] 701669K->141125K(2026496K), 0.0232479 secs] [Times: user=0.13 sys=0.00, real=0.02 secs] 
2020-09-29T17:40:31.157+0200: 66.216: [GC (Allocation Failure) [PSYoungGen: 627877K->39941K(636928K)] 717125K->129189K(2035200K), 0.0185014 secs] [Times: user=0.13 sys=0.00, real=0.02 secs] 
2020-09-29T17:40:31.230+0200: 66.288: [GC (Allocation Failure) [PSYoungGen: 612869K->52325K(625664K)] 702117K->141573K(2023936K), 0.0242551 secs] [Times: user=0.13 sys=0.00, real=0.02 secs] 
2020-09-29T17:40:31.306+0200: 66.365: [GC (Allocation Failure) [PSYoungGen: 625253K->37317K(635904K)] 714501K->126565K(2034176K), 0.0196595 secs] [Times: user=0.11 sys=0.00, real=0.02 secs] 
2020-09-29T17:40:31.378+0200: 66.437: [GC (Allocation Failure) [PSYoungGen: 608709K->16291K(634368K)] 697957K->105539K(2032640K), 0.0091519 secs] [Times: user=0.13 sys=0.00, real=0.01 secs] 
2020-09-29T17:40:31.436+0200: 66.495: [GC (Allocation Failure) [PSYoungGen: 587683K->54469K(627200K)] 676931K->143717K(2025472K), 0.0241313 secs] [Times: user=0.25 sys=0.00, real=0.02 secs] 
2020-09-29T17:40:31.508+0200: 66.567: [GC (Allocation Failure) [PSYoungGen: 617157K->42917K(630784K)] 706405K->132165K(2029056K), 0.0202152 secs] [Times: user=0.13 sys=0.00, real=0.02 secs] 
2020-09-29T17:40:31.579+0200: 66.638: [GC (Allocation Failure) [PSYoungGen: 605605K->44837K(633344K)] 694853K->134085K(2031616K), 0.0234039 secs] [Times: user=0.22 sys=0.00, real=0.02 secs] 
2020-09-29T17:40:31.653+0200: 66.711: [GC (Allocation Failure) [PSYoungGen: 611621K->23140K(632320K)] 700869K->112388K(2030592K), 0.0120773 secs] [Times: user=0.13 sys=0.00, real=0.01 secs] 
2020-09-29T17:40:31.714+0200: 66.773: [GC (Allocation Failure) [PSYoungGen: 589924K->42917K(633856K)] 679172K->132165K(2032128K), 0.0199588 secs] [Times: user=0.13 sys=0.00, real=0.02 secs] 
2020-09-29T17:40:31.791+0200: 66.849: [GC (Allocation Failure) [PSYoungGen: 610725K->36485K(632832K)] 699973K->125733K(2031104K), 0.0170732 secs] [Times: user=0.13 sys=0.00, real=0.02 secs] 
2020-09-29T17:40:31.861+0200: 66.919: [GC (Allocation Failure) [PSYoungGen: 604293K->42340K(636928K)] 693541K->131588K(2035200K), 0.0207148 secs] [Times: user=0.25 sys=0.00, real=0.02 secs] 
2020-09-29T17:40:31.932+0200: 66.991: [GC (Allocation Failure) [PSYoungGen: 616292K->41829K(635904K)] 705540K->131077K(2034176K), 0.0203220 secs] [Times: user=0.13 sys=0.00, real=0.02 secs] 
2020-09-29T17:40:32.001+0200: 67.060: [GC (Allocation Failure) [PSYoungGen: 615781K->23811K(637440K)] 705029K->113059K(2035712K), 0.0128013 secs] [Times: user=0.13 sys=0.00, real=0.01 secs] 
2020-09-29T17:40:32.063+0200: 67.122: [GC (Allocation Failure) [PSYoungGen: 600835K->40229K(637952K)] 690083K->129477K(2036224K), 0.0192238 secs] [Times: user=0.14 sys=0.00, real=0.02 secs] 
2020-09-29T17:40:32.131+0200: 67.190: [GC (Allocation Failure) [PSYoungGen: 617253K->43013K(639488K)] 706501K->132261K(2037760K), 0.0188166 secs] [Times: user=0.13 sys=0.00, real=0.02 secs] 
2020-09-29T17:40:32.200+0200: 67.258: [GC (Allocation Failure) [PSYoungGen: 622597K->48325K(628224K)] 711845K->137573K(2026496K), 0.0220981 secs] [Times: user=0.13 sys=0.00, real=0.02 secs] 
2020-09-29T17:40:32.271+0200: 67.330: [GC (Allocation Failure) [PSYoungGen: 627909K->53669K(631808K)] 717157K->142917K(2030080K), 0.0240151 secs] [Times: user=0.13 sys=0.00, real=0.02 secs] 
2020-09-29T17:40:32.345+0200: 67.403: [GC (Allocation Failure) [PSYoungGen: 624549K->36613K(634880K)] 713797K->125861K(2033152K), 0.0165822 secs] [Times: user=0.13 sys=0.00, real=0.02 secs] 
2020-09-29T17:40:32.416+0200: 67.474: [GC (Allocation Failure) [PSYoungGen: 607493K->33285K(637440K)] 696741K->122533K(2035712K), 0.0106957 secs] [Times: user=0.00 sys=0.00, real=0.01 secs] 
2020-09-29T17:40:32.482+0200: 67.540: [GC (Allocation Failure) [PSYoungGen: 608261K->47685K(636416K)] 697509K->136933K(2034688K), 0.0161021 secs] [Times: user=0.13 sys=0.00, real=0.02 secs] 
2020-09-29T17:40:32.548+0200: 67.606: [GC (Allocation Failure) [PSYoungGen: 622661K->48421K(635392K)] 711909K->137669K(2033664K), 0.0162562 secs] [Times: user=0.13 sys=0.00, real=0.02 secs] 
2020-09-29T17:40:32.615+0200: 67.674: [GC (Allocation Failure) [PSYoungGen: 621349K->19395K(592384K)] 710597K->108643K(1990656K), 0.0088005 secs] [Times: user=0.00 sys=0.00, real=0.01 secs] 
2020-09-29T17:40:32.675+0200: 67.734: [GC (Allocation Failure) [PSYoungGen: 592323K->45445K(634368K)] 681571K->134693K(2032640K), 0.0154781 secs] [Times: user=0.03 sys=0.00, real=0.02 secs] 
2020-09-29T17:40:32.742+0200: 67.801: [GC (Allocation Failure) [PSYoungGen: 615301K->27204K(634368K)] 704549K->116452K(2032640K), 0.0110696 secs] [Times: user=0.00 sys=0.00, real=0.01 secs] 
2020-09-29T17:40:32.803+0200: 67.861: [GC (Allocation Failure) [PSYoungGen: 597060K->36517K(636928K)] 686308K->125765K(2035200K), 0.0128154 secs] [Times: user=0.00 sys=0.00, real=0.01 secs] 
2020-09-29T17:40:32.864+0200: 67.923: [GC (Allocation Failure) [PSYoungGen: 609445K->34148K(634880K)] 698693K->123396K(2033152K), 0.0131551 secs] [Times: user=0.00 sys=0.00, real=0.01 secs] 
2020-09-29T17:40:32.927+0200: 67.986: [GC (Allocation Failure) [PSYoungGen: 607076K->32804K(640000K)] 696324K->122052K(2038272K), 0.0124119 secs] [Times: user=0.00 sys=0.00, real=0.01 secs] 
2020-09-29T17:40:32.990+0200: 68.049: [GC (Allocation Failure) [PSYoungGen: 612388K->37380K(638464K)] 701636K->126628K(2036736K), 0.0140660 secs] [Times: user=0.00 sys=0.00, real=0.01 secs] 
2020-09-29T17:40:33.053+0200: 68.112: [GC (Allocation Failure) [PSYoungGen: 616964K->27652K(642048K)] 706212K->116900K(2040320K), 0.0100890 secs] [Times: user=0.00 sys=0.00, real=0.01 secs] 
2020-09-29T17:40:33.113+0200: 68.172: [GC (Allocation Failure) [PSYoungGen: 612868K->24645K(642048K)] 702116K->113893K(2040320K), 0.0082881 secs] [Times: user=0.13 sys=0.00, real=0.01 secs] 
2020-09-29T17:40:33.171+0200: 68.230: [GC (Allocation Failure) [PSYoungGen: 609861K->35140K(644096K)] 699109K->124388K(2042368K), 0.0122848 secs] [Times: user=0.13 sys=0.00, real=0.01 secs] 
2020-09-29T17:40:33.237+0200: 68.296: [GC (Allocation Failure) [PSYoungGen: 622404K->34501K(642048K)] 711652K->123749K(2040320K), 0.0145276 secs] [Times: user=0.11 sys=0.00, real=0.02 secs] 
2020-09-29T17:40:33.310+0200: 68.368: [GC (Allocation Failure) [PSYoungGen: 621765K->33765K(647680K)] 711013K->123013K(2045952K), 0.0146825 secs] [Times: user=0.13 sys=0.00, real=0.01 secs] 
2020-09-29T17:40:33.378+0200: 68.437: [GC (Allocation Failure) [PSYoungGen: 628709K->26437K(646144K)] 717957K->115685K(2044416K), 0.0096772 secs] [Times: user=0.02 sys=0.00, real=0.01 secs] 
2020-09-29T17:40:33.440+0200: 68.499: [GC (Allocation Failure) [PSYoungGen: 621381K->33541K(649216K)] 710629K->122789K(2047488K), 0.0122749 secs] [Times: user=0.13 sys=0.00, real=0.01 secs] 
2020-09-29T17:40:33.506+0200: 68.564: [GC (Allocation Failure) [PSYoungGen: 631557K->49637K(647680K)] 720805K->146485K(2045952K), 0.0201906 secs] [Times: user=0.13 sys=0.00, real=0.02 secs] 
2020-09-29T17:40:33.578+0200: 68.637: [GC (Allocation Failure) [PSYoungGen: 647163K->38339K(639488K)] 744011K->135187K(2037760K), 0.0162279 secs] [Times: user=0.11 sys=0.00, real=0.02 secs] 
2020-09-29T17:40:33.646+0200: 68.705: [GC (Allocation Failure) [PSYoungGen: 626627K->38437K(643584K)] 723475K->135285K(2041856K), 0.0130376 secs] [Times: user=0.00 sys=0.00, real=0.01 secs] 
2020-09-29T17:40:33.713+0200: 68.771: [GC (Allocation Failure) [PSYoungGen: 626725K->38757K(645632K)] 723573K->135605K(2043904K), 0.0135542 secs] [Times: user=0.13 sys=0.00, real=0.01 secs] 
2020-09-29T17:40:33.778+0200: 68.837: [GC (Allocation Failure) [PSYoungGen: 630117K->28261K(644608K)] 726965K->125109K(2042880K), 0.0102927 secs] [Times: user=0.13 sys=0.00, real=0.01 secs] 
2020-09-29T17:40:33.839+0200: 68.898: [GC (Allocation Failure) [PSYoungGen: 619621K->31717K(646656K)] 716469K->128565K(2044928K), 0.0117006 secs] [Times: user=0.13 sys=0.00, real=0.01 secs] 
2020-09-29T17:40:33.905+0200: 68.963: [GC (Allocation Failure) [PSYoungGen: 625125K->22469K(645632K)] 721973K->119317K(2043904K), 0.0076820 secs] [Times: user=0.13 sys=0.00, real=0.01 secs] 
2020-09-29T17:40:33.963+0200: 69.022: [GC (Allocation Failure) [PSYoungGen: 615877K->27972K(646656K)] 712725K->124820K(2044928K), 0.0102024 secs] [Times: user=0.13 sys=0.00, real=0.01 secs] 
2020-09-29T17:40:34.024+0200: 69.083: [GC (Allocation Failure) [PSYoungGen: 621892K->32932K(646144K)] 718740K->129780K(2044416K), 0.0121873 secs] [Times: user=0.13 sys=0.00, real=0.01 secs] 
2020-09-29T17:40:34.087+0200: 69.146: [GC (Allocation Failure) [PSYoungGen: 626852K->24772K(648704K)] 723700K->121620K(2046976K), 0.0090867 secs] [Times: user=0.00 sys=0.00, real=0.01 secs] 
2020-09-29T17:40:34.147+0200: 69.206: [GC (Allocation Failure) [PSYoungGen: 623300K->35397K(648704K)] 720148K->132245K(2046976K), 0.0127945 secs] [Times: user=0.00 sys=0.00, real=0.01 secs] 
2020-09-29T17:40:34.213+0200: 69.272: [GC (Allocation Failure) [PSYoungGen: 633925K->18469K(648192K)] 730773K->115317K(2046464K), 0.0060520 secs] [Times: user=0.00 sys=0.00, real=0.01 secs] 
2020-09-29T17:40:34.277+0200: 69.336: [GC (Allocation Failure) [PSYoungGen: 616997K->14755K(613376K)] 713845K->111603K(2011648K), 0.0060828 secs] [Times: user=0.00 sys=0.00, real=0.01 secs] 
2020-09-29T17:40:34.335+0200: 69.394: [GC (Allocation Failure) [PSYoungGen: 613283K->38404K(645632K)] 710131K->135252K(2043904K), 0.0135677 secs] [Times: user=0.13 sys=0.00, real=0.01 secs] 
2020-09-29T17:40:34.400+0200: 69.459: [GC (Allocation Failure) [PSYoungGen: 632836K->30053K(646656K)] 729684K->126901K(2044928K), 0.0118282 secs] [Times: user=0.13 sys=0.00, real=0.01 secs] 
2020-09-29T17:40:34.463+0200: 69.522: [GC (Allocation Failure) [PSYoungGen: 624485K->36645K(647680K)] 721333K->133493K(2045952K), 0.0131618 secs] [Times: user=0.13 sys=0.00, real=0.01 secs] 
2020-09-29T17:40:34.532+0200: 69.591: [GC (Allocation Failure) [PSYoungGen: 634149K->32517K(648192K)] 730997K->129365K(2046464K), 0.0131981 secs] [Times: user=0.13 sys=0.00, real=0.01 secs] 
2020-09-29T17:40:34.599+0200: 69.658: [GC (Allocation Failure) [PSYoungGen: 630021K->49125K(635392K)] 726869K->152597K(2033664K), 0.0254871 secs] [Times: user=0.11 sys=0.00, real=0.03 secs] 
2020-09-29T17:40:34.679+0200: 69.738: [GC (Allocation Failure) [PSYoungGen: 635365K->9698K(595968K)] 738837K->113170K(1994240K), 0.0056315 secs] [Times: user=0.00 sys=0.00, real=0.01 secs] 
2020-09-29T17:40:34.735+0200: 69.794: [GC (Allocation Failure) [PSYoungGen: 595938K->32420K(643072K)] 699410K->135892K(2041344K), 0.0123087 secs] [Times: user=0.13 sys=0.00, real=0.01 secs] 
2020-09-29T17:40:34.799+0200: 69.858: [GC (Allocation Failure) [PSYoungGen: 617124K->42853K(640512K)] 720596K->146325K(2038784K), 0.0152965 secs] [Times: user=0.11 sys=0.00, real=0.01 secs] 
2020-09-29T17:40:34.865+0200: 69.924: [GC (Allocation Failure) [PSYoungGen: 627557K->39235K(641024K)] 731029K->142707K(2039296K), 0.0149964 secs] [Times: user=0.13 sys=0.00, real=0.02 secs] 
2020-09-29T17:40:34.930+0200: 69.988: [GC (Allocation Failure) [PSYoungGen: 622403K->48197K(631808K)] 725875K->151669K(2030080K), 0.0163122 secs] [Times: user=0.13 sys=0.00, real=0.02 secs] 
2020-09-29T17:40:34.996+0200: 70.055: [GC (Allocation Failure) [PSYoungGen: 631365K->43396K(636928K)] 734837K->146868K(2035200K), 0.0161772 secs] [Times: user=0.13 sys=0.00, real=0.02 secs] 
2020-09-29T17:40:35.061+0200: 70.120: [GC (Allocation Failure) [PSYoungGen: 619396K->31013K(637440K)] 722868K->134485K(2035712K), 0.0111343 secs] [Times: user=0.13 sys=0.00, real=0.01 secs] 
2020-09-29T17:40:35.121+0200: 70.180: [GC (Allocation Failure) [PSYoungGen: 607013K->46373K(635904K)] 710485K->149845K(2034176K), 0.0157003 secs] [Times: user=0.13 sys=0.00, real=0.02 secs] 
2020-09-29T17:40:35.186+0200: 70.245: [GC (Allocation Failure) [PSYoungGen: 622373K->48165K(624640K)] 725845K->151637K(2022912K), 0.0160821 secs] [Times: user=0.13 sys=0.00, real=0.02 secs] 
2020-09-29T17:40:35.251+0200: 70.310: [GC (Allocation Failure) [PSYoungGen: 624165K->34372K(637440K)] 727637K->137844K(2035712K), 0.0130731 secs] [Times: user=0.13 sys=0.00, real=0.01 secs] 
2020-09-29T17:40:35.313+0200: 70.372: [GC (Allocation Failure) [PSYoungGen: 608324K->30788K(635392K)] 711796K->134260K(2033664K), 0.0115294 secs] [Times: user=0.13 sys=0.00, real=0.01 secs] 
2020-09-29T17:40:35.377+0200: 70.436: [GC (Allocation Failure) [PSYoungGen: 604740K->44229K(637952K)] 708212K->147701K(2036224K), 0.0153977 secs] [Times: user=0.13 sys=0.00, real=0.01 secs] 
2020-09-29T17:40:35.444+0200: 70.503: [GC (Allocation Failure) [PSYoungGen: 622277K->48005K(626176K)] 725749K->151477K(2024448K), 0.0168557 secs] [Times: user=0.13 sys=0.00, real=0.02 secs] 
2020-09-29T17:40:35.511+0200: 70.570: [GC (Allocation Failure) [PSYoungGen: 626053K->37701K(638976K)] 729525K->141173K(2037248K), 0.0144029 secs] [Times: user=0.13 sys=0.00, real=0.02 secs] 
2020-09-29T17:40:35.575+0200: 70.634: [GC (Allocation Failure) [PSYoungGen: 614725K->25764K(636928K)] 718197K->129236K(2035200K), 0.0105738 secs] [Times: user=0.11 sys=0.00, real=0.01 secs] 
2020-09-29T17:40:35.638+0200: 70.697: [GC (Allocation Failure) [PSYoungGen: 602788K->27844K(639488K)] 706260K->131316K(2037760K), 0.0107243 secs] [Times: user=0.13 sys=0.00, real=0.01 secs] 
2020-09-29T17:40:35.698+0200: 70.757: [GC (Allocation Failure) [PSYoungGen: 607428K->14658K(594432K)] 710900K->118130K(1992704K), 0.0074715 secs] [Times: user=0.00 sys=0.00, real=0.01 secs] 
2020-09-29T17:40:35.755+0200: 70.814: [GC (Allocation Failure) [PSYoungGen: 594242K->47397K(633344K)] 697714K->150869K(2031616K), 0.0152833 secs] [Times: user=0.13 sys=0.00, real=0.01 secs] 
2020-09-29T17:40:35.819+0200: 70.878: [GC (Allocation Failure) [PSYoungGen: 620325K->15012K(588288K)] 723797K->118484K(1986560K), 0.0057754 secs] [Times: user=0.00 sys=0.00, real=0.01 secs] 
2020-09-29T17:40:35.874+0200: 70.933: [GC (Allocation Failure) [PSYoungGen: 587940K->27429K(637440K)] 691412K->130901K(2035712K), 0.0102661 secs] [Times: user=0.13 sys=0.00, real=0.01 secs] 
2020-09-29T17:40:35.935+0200: 70.993: [GC (Allocation Failure) [PSYoungGen: 601381K->39781K(635392K)] 704853K->143253K(2033664K), 0.0139649 secs] [Times: user=0.13 sys=0.00, real=0.01 secs] 
2020-09-29T17:40:35.998+0200: 71.057: [GC (Allocation Failure) [PSYoungGen: 613733K->39493K(637952K)] 717205K->142965K(2036224K), 0.0139630 secs] [Times: user=0.13 sys=0.00, real=0.01 secs] 
2020-09-29T17:40:36.061+0200: 71.120: [GC (Allocation Failure) [PSYoungGen: 616005K->40356K(637440K)] 719477K->143828K(2035712K), 0.0141185 secs] [Times: user=0.13 sys=0.00, real=0.01 secs] 
2020-09-29T17:40:36.125+0200: 71.184: [GC (Allocation Failure) [PSYoungGen: 616868K->56293K(627200K)] 720340K->159765K(2025472K), 0.0192359 secs] [Times: user=0.13 sys=0.00, real=0.02 secs] 
2020-09-29T17:40:36.193+0200: 71.252: [GC (Allocation Failure) [PSYoungGen: 623077K->35173K(632832K)] 726549K->138645K(2031104K), 0.0119441 secs] [Times: user=0.00 sys=0.00, real=0.01 secs] 
2020-09-29T17:40:36.253+0200: 71.312: [GC (Allocation Failure) [PSYoungGen: 601957K->27717K(636416K)] 705429K->131189K(2034688K), 0.0096622 secs] [Times: user=0.11 sys=0.00, real=0.01 secs] 
2020-09-29T17:40:36.312+0200: 71.371: [GC (Allocation Failure) [PSYoungGen: 600645K->40133K(635392K)] 704117K->143605K(2033664K), 0.0139418 secs] [Times: user=0.13 sys=0.00, real=0.01 secs] 
2020-09-29T17:40:36.376+0200: 71.435: [GC (Allocation Failure) [PSYoungGen: 613061K->38596K(638976K)] 716533K->142068K(2037248K), 0.0137580 secs] [Times: user=0.13 sys=0.00, real=0.01 secs] 
2020-09-29T17:40:36.443+0200: 71.502: [GC (Allocation Failure) [PSYoungGen: 616132K->40805K(637440K)] 719604K->144277K(2035712K), 0.0164961 secs] [Times: user=0.13 sys=0.00, real=0.02 secs] 
2020-09-29T17:40:36.511+0200: 71.570: [GC (Allocation Failure) [PSYoungGen: 618341K->44101K(638976K)] 721813K->147573K(2037248K), 0.0145379 secs] [Times: user=0.13 sys=0.00, real=0.01 secs] 
2020-09-29T17:40:36.578+0200: 71.637: [GC (Allocation Failure) [PSYoungGen: 624197K->21764K(602112K)] 727669K->125236K(2000384K), 0.0092441 secs] [Times: user=0.11 sys=0.00, real=0.01 secs] 
2020-09-29T17:40:36.639+0200: 71.698: [GC (Allocation Failure) [PSYoungGen: 601860K->27620K(640000K)] 705332K->131092K(2038272K), 0.0102863 secs] [Times: user=0.13 sys=0.00, real=0.01 secs] 
2020-09-29T17:40:36.698+0200: 71.757: [GC (Allocation Failure) [PSYoungGen: 607716K->16930K(638976K)] 711188K->120402K(2037248K), 0.0079468 secs] [Times: user=0.00 sys=0.00, real=0.01 secs] 
2020-09-29T17:40:36.755+0200: 71.814: [GC (Allocation Failure) [PSYoungGen: 597026K->22789K(640000K)] 700498K->126261K(2038272K), 0.0078917 secs] [Times: user=0.00 sys=0.00, real=0.01 secs] 
2020-09-29T17:40:36.814+0200: 71.873: [GC (Allocation Failure) [PSYoungGen: 602885K->26948K(638976K)] 706357K->130420K(2037248K), 0.0100347 secs] [Times: user=0.13 sys=0.00, real=0.01 secs] 
2020-09-29T17:40:36.875+0200: 71.934: [GC (Allocation Failure) [PSYoungGen: 607044K->32709K(643584K)] 710516K->136181K(2041856K), 0.0129216 secs] [Times: user=0.11 sys=0.00, real=0.01 secs] 
2020-09-29T17:40:36.938+0200: 71.997: [GC (Allocation Failure) [PSYoungGen: 618949K->31045K(641536K)] 722421K->134517K(2039808K), 0.0103722 secs] [Times: user=0.13 sys=0.00, real=0.01 secs] 
2020-09-29T17:40:36.999+0200: 72.058: [GC (Allocation Failure) [PSYoungGen: 617285K->28900K(647680K)] 720757K->132372K(2045952K), 0.0111729 secs] [Times: user=0.13 sys=0.00, real=0.01 secs] 
2020-09-29T17:40:37.061+0200: 72.120: [GC (Allocation Failure) [PSYoungGen: 623844K->21956K(646144K)] 727316K->125428K(2044416K), 0.0083891 secs] [Times: user=0.13 sys=0.00, real=0.01 secs] 
2020-09-29T17:40:37.121+0200: 72.180: [GC (Allocation Failure) [PSYoungGen: 616900K->42661K(643584K)] 720372K->146133K(2041856K), 0.0149182 secs] [Times: user=0.13 sys=0.00, real=0.01 secs] 
2020-09-29T17:40:37.186+0200: 72.245: [GC (Allocation Failure) [PSYoungGen: 635045K->18242K(610816K)] 738517K->121714K(2009088K), 0.0086131 secs] [Times: user=0.13 sys=0.00, real=0.01 secs] 
2020-09-29T17:40:37.246+0200: 72.305: [GC (Allocation Failure) [PSYoungGen: 610626K->50085K(635904K)] 714098K->153557K(2034176K), 0.0169293 secs] [Times: user=0.13 sys=0.00, real=0.02 secs] 
2020-09-29T17:40:37.313+0200: 72.372: [GC (Allocation Failure) [PSYoungGen: 632229K->29284K(640512K)] 735701K->132756K(2038784K), 0.0108284 secs] [Times: user=0.13 sys=0.00, real=0.01 secs] 
2020-09-29T17:40:37.374+0200: 72.433: [GC (Allocation Failure) [PSYoungGen: 611428K->35556K(643584K)] 714900K->139028K(2041856K), 0.0129364 secs] [Times: user=0.13 sys=0.00, real=0.01 secs] 
2020-09-29T17:40:37.437+0200: 72.496: [GC (Allocation Failure) [PSYoungGen: 622820K->33763K(642560K)] 726292K->137235K(2040832K), 0.0130222 secs] [Times: user=0.13 sys=0.00, real=0.01 secs] 
2020-09-29T17:40:37.501+0200: 72.560: [GC (Allocation Failure) [PSYoungGen: 621027K->33028K(647168K)] 724499K->136500K(2045440K), 0.0121708 secs] [Times: user=0.13 sys=0.00, real=0.01 secs] 
2020-09-29T17:40:37.567+0200: 72.626: [GC (Allocation Failure) [PSYoungGen: 626436K->21283K(645120K)] 729908K->124755K(2043392K), 0.0106119 secs] [Times: user=0.00 sys=0.00, real=0.01 secs] 
2020-09-29T17:40:37.630+0200: 72.689: [GC (Allocation Failure) [PSYoungGen: 614691K->39524K(645120K)] 718163K->142996K(2043392K), 0.0144092 secs] [Times: user=0.00 sys=0.02, real=0.01 secs] 
2020-09-29T17:40:37.695+0200: 72.754: [GC (Allocation Failure) [PSYoungGen: 632932K->43429K(636928K)] 736404K->146901K(2035200K), 0.0149311 secs] [Times: user=0.13 sys=0.00, real=0.02 secs] 
2020-09-29T17:40:37.762+0200: 72.821: [GC (Allocation Failure) [PSYoungGen: 636837K->32645K(646144K)] 740309K->136117K(2044416K), 0.0129858 secs] [Times: user=0.11 sys=0.00, real=0.01 secs] 
2020-09-29T17:40:37.826+0200: 72.885: [GC (Allocation Failure) [PSYoungGen: 624005K->34148K(644096K)] 727477K->137620K(2042368K), 0.0129140 secs] [Times: user=0.13 sys=0.00, real=0.01 secs] 
2020-09-29T17:40:37.890+0200: 72.949: [GC (Allocation Failure) [PSYoungGen: 625508K->37605K(647680K)] 728980K->141077K(2045952K), 0.0133039 secs] [Times: user=0.13 sys=0.00, real=0.01 secs] 
2020-09-29T17:40:37.954+0200: 73.013: [GC (Allocation Failure) [PSYoungGen: 634085K->46213K(643072K)] 737557K->149685K(2041344K), 0.0157421 secs] [Times: user=0.13 sys=0.00, real=0.02 secs] 
2020-09-29T17:40:38.022+0200: 73.081: [GC (Allocation Failure) [PSYoungGen: 642693K->41061K(644096K)] 746165K->144533K(2042368K), 0.0140923 secs] [Times: user=0.13 sys=0.00, real=0.01 secs] 
2020-09-29T17:40:38.086+0200: 73.145: [GC (Allocation Failure) [PSYoungGen: 631397K->26851K(644608K)] 734869K->130323K(2042880K), 0.0107219 secs] [Times: user=0.00 sys=0.00, real=0.01 secs] 
2020-09-29T17:40:38.147+0200: 73.206: [GC (Allocation Failure) [PSYoungGen: 617187K->28868K(645632K)] 720659K->132340K(2043904K), 0.0102823 secs] [Times: user=0.00 sys=0.00, real=0.01 secs] 
2020-09-29T17:40:38.206+0200: 73.265: [GC (Allocation Failure) [PSYoungGen: 620740K->19204K(645120K)] 724212K->122676K(2043392K), 0.0067512 secs] [Times: user=0.13 sys=0.00, real=0.01 secs] 
2020-09-29T17:40:38.268+0200: 73.327: [GC (Allocation Failure) [PSYoungGen: 611076K->36804K(645632K)] 714548K->140276K(2043904K), 0.0138366 secs] [Times: user=0.13 sys=0.00, real=0.01 secs] 
2020-09-29T17:40:38.331+0200: 73.391: [GC (Allocation Failure) [PSYoungGen: 628676K->27076K(645120K)] 732148K->130548K(2043392K), 0.0101924 secs] [Times: user=0.00 sys=0.00, real=0.01 secs] 
2020-09-29T17:40:38.391+0200: 73.450: [GC (Allocation Failure) [PSYoungGen: 618948K->30563K(648192K)] 722420K->134035K(2046464K), 0.0123304 secs] [Times: user=0.13 sys=0.00, real=0.01 secs] 
2020-09-29T17:40:38.454+0200: 73.513: [GC (Allocation Failure) [PSYoungGen: 626531K->37155K(646656K)] 730003K->140627K(2044928K), 0.0142253 secs] [Times: user=0.13 sys=0.00, real=0.01 secs] 
2020-09-29T17:40:38.518+0200: 73.577: [GC (Allocation Failure) [PSYoungGen: 633123K->31331K(649728K)] 736595K->134803K(2048000K), 0.0128306 secs] [Times: user=0.13 sys=0.00, real=0.01 secs] 
2020-09-29T17:40:38.582+0200: 73.641: [GC (Allocation Failure) [PSYoungGen: 630371K->28420K(648192K)] 733843K->131892K(2046464K), 0.0111994 secs] [Times: user=0.00 sys=0.00, real=0.01 secs] 
2020-09-29T17:40:38.645+0200: 73.704: [GC (Allocation Failure) [PSYoungGen: 627460K->25251K(651264K)] 730932K->128723K(2049536K), 0.0099893 secs] [Times: user=0.00 sys=0.00, real=0.01 secs] 
2020-09-29T17:40:38.705+0200: 73.765: [GC (Allocation Failure) [PSYoungGen: 628387K->11555K(614912K)] 731859K->115027K(2013184K), 0.0050582 secs] [Times: user=0.13 sys=0.00, real=0.01 secs] 
2020-09-29T17:40:38.760+0200: 73.819: [GC (Allocation Failure) [PSYoungGen: 614691K->13123K(648192K)] 718163K->116595K(2046464K), 0.0061636 secs] [Times: user=0.00 sys=0.00, real=0.01 secs] 
2020-09-29T17:40:38.820+0200: 73.879: [GC (Allocation Failure) [PSYoungGen: 611651K->21860K(648704K)] 715123K->125332K(2046976K), 0.0087191 secs] [Times: user=0.00 sys=0.00, real=0.01 secs] 
2020-09-29T17:40:38.882+0200: 73.941: [GC (Allocation Failure) [PSYoungGen: 620388K->32484K(649728K)] 723860K->135956K(2048000K), 0.0121077 secs] [Times: user=0.00 sys=0.00, real=0.01 secs] 
2020-09-29T17:40:38.946+0200: 74.005: [GC (Allocation Failure) [PSYoungGen: 633060K->15810K(649728K)] 736532K->119282K(2048000K), 0.0070531 secs] [Times: user=0.00 sys=0.00, real=0.01 secs] 
2020-09-29T17:40:39.003+0200: 74.062: [GC (Allocation Failure) [PSYoungGen: 616386K->12290K(649728K)] 719858K->115762K(2048000K), 0.0059133 secs] [Times: user=0.13 sys=0.00, real=0.01 secs] 
2020-09-29T17:40:39.058+0200: 74.117: [GC (Allocation Failure) [PSYoungGen: 612866K->38660K(639488K)] 716338K->142132K(2037760K), 0.0143311 secs] [Times: user=0.13 sys=0.00, real=0.01 secs] 
2020-09-29T17:40:39.122+0200: 74.181: [GC (Allocation Failure) [PSYoungGen: 639236K->37668K(644096K)] 742708K->141140K(2042368K), 0.0135261 secs] [Times: user=0.13 sys=0.00, real=0.01 secs] 
2020-09-29T17:40:39.185+0200: 74.244: [GC (Allocation Failure) [PSYoungGen: 630052K->27844K(645632K)] 733524K->131316K(2043904K), 0.0109537 secs] [Times: user=0.13 sys=0.00, real=0.01 secs] 
2020-09-29T17:40:39.246+0200: 74.305: [GC (Allocation Failure) [PSYoungGen: 620228K->18500K(648704K)] 723700K->121972K(2046976K), 0.0070710 secs] [Times: user=0.00 sys=0.00, real=0.01 secs] 
2020-09-29T17:40:39.302+0200: 74.361: [GC (Allocation Failure) [PSYoungGen: 616516K->42372K(640512K)] 719988K->145844K(2038784K), 0.0153169 secs] [Times: user=0.13 sys=0.00, real=0.01 secs] 
2020-09-29T17:40:39.368+0200: 74.427: [GC (Allocation Failure) [PSYoungGen: 640388K->38756K(643072K)] 743860K->142228K(2041344K), 0.0144787 secs] [Times: user=0.13 sys=0.00, real=0.01 secs] 
2020-09-29T17:40:39.432+0200: 74.491: [GC (Allocation Failure) [PSYoungGen: 628068K->26468K(644096K)] 731540K->129940K(2042368K), 0.0097379 secs] [Times: user=0.00 sys=0.00, real=0.01 secs] 
2020-09-29T17:40:39.490+0200: 74.549: [GC (Allocation Failure) [PSYoungGen: 615780K->27171K(648192K)] 719252K->130643K(2046464K), 0.0113016 secs] [Times: user=0.00 sys=0.00, real=0.01 secs] 
2020-09-29T17:40:39.551+0200: 74.610: [GC (Allocation Failure) [PSYoungGen: 622627K->34755K(646144K)] 726099K->138227K(2044416K), 0.0150322 secs] [Times: user=0.00 sys=0.00, real=0.01 secs] 
2020-09-29T17:40:39.617+0200: 74.676: [GC (Allocation Failure) [PSYoungGen: 630211K->14915K(647168K)] 733683K->118387K(2045440K), 0.0065227 secs] [Times: user=0.00 sys=0.00, real=0.01 secs] 
2020-09-29T17:40:39.675+0200: 74.734: [GC (Allocation Failure) [PSYoungGen: 611395K->37123K(633856K)] 714867K->140595K(2032128K), 0.0144818 secs] [Times: user=0.13 sys=0.00, real=0.01 secs] 
2020-09-29T17:40:39.743+0200: 74.802: [GC (Allocation Failure) [PSYoungGen: 633603K->3937K(642560K)] 737075K->107409K(2040832K), 0.0040613 secs] [Times: user=0.00 sys=0.00, real=0.00 secs] 
2020-09-29T17:40:39.826+0200: 74.885: [GC (Allocation Failure) [PSYoungGen: 594273K->33827K(644608K)] 697745K->137299K(2042880K), 0.0143819 secs] [Times: user=0.13 sys=0.00, real=0.02 secs] 
2020-09-29T17:40:39.901+0200: 74.959: [GC (Allocation Failure) [PSYoungGen: 624163K->36227K(643584K)] 727635K->139699K(2041856K), 0.0133856 secs] [Times: user=0.13 sys=0.00, real=0.01 secs] 
2020-09-29T17:40:39.963+0200: 75.022: [GC (Allocation Failure) [PSYoungGen: 625539K->10307K(600064K)] 729011K->113779K(1998336K), 0.0048487 secs] [Times: user=0.00 sys=0.00, real=0.00 secs] 
2020-09-29T17:40:40.015+0200: 75.073: [GC (Allocation Failure) [PSYoungGen: 599619K->25315K(646144K)] 703091K->128787K(2044416K), 0.0108062 secs] [Times: user=0.09 sys=0.00, real=0.01 secs] 
2020-09-29T17:40:40.074+0200: 75.132: [GC (Allocation Failure) [PSYoungGen: 616163K->13505K(643584K)] 719635K->116977K(2041856K), 0.0075819 secs] [Times: user=0.00 sys=0.00, real=0.01 secs] 
2020-09-29T17:40:40.129+0200: 75.187: [GC (Allocation Failure) [PSYoungGen: 603958K->13409K(647680K)] 707430K->116881K(2045952K), 0.0077985 secs] [Times: user=0.13 sys=0.00, real=0.01 secs] 
2020-09-29T17:40:40.184+0200: 75.242: [GC (Allocation Failure) [PSYoungGen: 608865K->20931K(646656K)] 712337K->124403K(2044928K), 0.0085033 secs] [Times: user=0.00 sys=0.00, real=0.01 secs] 
2020-09-29T17:40:40.239+0200: 75.297: [GC (Allocation Failure) [PSYoungGen: 616387K->11873K(650240K)] 719859K->115345K(2048512K), 0.0072069 secs] [Times: user=0.00 sys=0.00, real=0.01 secs] 
2020-09-29T17:40:40.296+0200: 75.354: [GC (Allocation Failure) [PSYoungGen: 612961K->25123K(649728K)] 716433K->128595K(2048000K), 0.0101296 secs] [Times: user=0.13 sys=0.00, real=0.01 secs] 
2020-09-29T17:40:40.356+0200: 75.415: [GC (Allocation Failure) [PSYoungGen: 626211K->23138K(654336K)] 729683K->126610K(2052608K), 0.0100266 secs] [Times: user=0.13 sys=0.00, real=0.01 secs] 
2020-09-29T17:40:40.415+0200: 75.473: [GC (Allocation Failure) [PSYoungGen: 630370K->14050K(651776K)] 733842K->117522K(2050048K), 0.0071640 secs] [Times: user=0.00 sys=0.00, real=0.01 secs] 
2020-09-29T17:40:40.476+0200: 75.535: [GC (Allocation Failure) [PSYoungGen: 621282K->19714K(656896K)] 724754K->123186K(2055168K), 0.0099035 secs] [Times: user=0.00 sys=0.00, real=0.01 secs] 
2020-09-29T17:40:40.540+0200: 75.598: [GC (Allocation Failure) [PSYoungGen: 632578K->3425K(654848K)] 736050K->106897K(2053120K), 0.0035410 secs] [Times: user=0.00 sys=0.00, real=0.00 secs] 
2020-09-29T17:40:40.599+0200: 75.657: [GC (Allocation Failure) [PSYoungGen: 616289K->14690K(656896K)] 719761K->118162K(2055168K), 0.0079439 secs] [Times: user=0.00 sys=0.00, real=0.01 secs] 
2020-09-29T17:40:40.660+0200: 75.719: [GC (Allocation Failure) [PSYoungGen: 628066K->12770K(655360K)] 731538K->116242K(2053632K), 0.0065423 secs] [Times: user=0.13 sys=0.00, real=0.01 secs] 
2020-09-29T17:40:40.718+0200: 75.777: [GC (Allocation Failure) [PSYoungGen: 626146K->9473K(658944K)] 729618K->112945K(2057216K), 0.0059618 secs] [Times: user=0.13 sys=0.00, real=0.01 secs] 
2020-09-29T17:40:40.777+0200: 75.836: [GC (Allocation Failure) [PSYoungGen: 627969K->12514K(658432K)] 731441K->115986K(2056704K), 0.0067034 secs] [Times: user=0.00 sys=0.00, real=0.01 secs] 
2020-09-29T17:40:40.837+0200: 75.896: [GC (Allocation Failure) [PSYoungGen: 631010K->15746K(662016K)] 734482K->119218K(2060288K), 0.0079339 secs] [Times: user=0.00 sys=0.00, real=0.01 secs] 
2020-09-29T17:40:40.905+0200: 75.964: [GC (Allocation Failure) [PSYoungGen: 638850K->8033K(659968K)] 742322K->111505K(2058240K), 0.0051528 secs] [Times: user=0.00 sys=0.00, real=0.01 secs] 
2020-09-29T17:40:40.999+0200: 76.057: [GC (Allocation Failure) [PSYoungGen: 631137K->32K(660480K)] 734609K->103504K(2058752K), 0.0005678 secs] [Times: user=0.00 sys=0.00, real=0.00 secs] 
Heap
 PSYoungGen      total 660480K, used 475936K [0x00000000d5580000, 0x0000000100000000, 0x0000000100000000)
  eden space 624128K, 76% used [0x00000000d5580000,0x00000000f26402e0,0x00000000fb700000)
  from space 36352K, 0% used [0x00000000fdc80000,0x00000000fdc88000,0x0000000100000000)
  to   space 37376K, 0% used [0x00000000fb700000,0x00000000fb700000,0x00000000fdb80000)
 ParOldGen       total 1398272K, used 103472K [0x0000000080000000, 0x00000000d5580000, 0x00000000d5580000)
  object space 1398272K, 7% used [0x0000000080000000,0x000000008650c050,0x00000000d5580000)
 Metaspace       used 2594K, capacity 4486K, committed 4864K, reserved 1056768K
  class space    used 285K, capacity 386K, committed 512K, reserved 1048576K
