Java HotSpot(TM) 64-Bit Server VM (25.261-b12) for windows-amd64 JRE (1.8.0_261-b12), built on Jun 18 2020 06:56:32 by "" with unknown MS VC++:1916
Memory: 4k page, physical 16659684k(9675104k free), swap 23213284k(9198440k free)
CommandLine flags: -XX:InitialHeapSize=2147483648 -XX:MaxHeapSize=2147483648 -XX:+PrintGC -XX:+PrintGCDateStamps -XX:+PrintGCDetails -XX:+PrintGCTimeStamps -XX:+UseCompressedClassPointers -XX:+UseCompressedOops -XX:-UseLargePagesIndividualAllocation -XX:+UseParallelGC 
2020-09-29T17:40:41.756+0200: 0.283: [GC (Allocation Failure) [PSYoungGen: 524800K->24403K(611840K)] 524800K->24411K(2010112K), 0.0340402 secs] [Times: user=0.22 sys=0.03, real=0.03 secs] 
2020-09-29T17:40:41.840+0200: 0.366: [GC (Allocation Failure) [PSYoungGen: 549203K->43269K(611840K)] 549211K->43277K(2010112K), 0.0296536 secs] [Times: user=0.13 sys=0.00, real=0.03 secs] 
2020-09-29T17:40:41.920+0200: 0.446: [GC (Allocation Failure) [PSYoungGen: 568069K->34037K(611840K)] 568077K->34045K(2010112K), 0.0133216 secs] [Times: user=0.13 sys=0.00, real=0.01 secs] 
2020-09-29T17:40:41.985+0200: 0.511: [GC (Allocation Failure) [PSYoungGen: 558837K->38548K(611840K)] 558845K->38556K(2010112K), 0.0154803 secs] [Times: user=0.11 sys=0.00, real=0.02 secs] 
2020-09-29T17:40:42.051+0200: 0.578: [GC (Allocation Failure) [PSYoungGen: 563348K->14612K(611840K)] 563356K->14620K(2010112K), 0.0056670 secs] [Times: user=0.13 sys=0.00, real=0.01 secs] 
2020-09-29T17:40:42.109+0200: 0.636: [GC (Allocation Failure) [PSYoungGen: 539412K->31956K(652288K)] 539420K->31964K(2050560K), 0.0159602 secs] [Times: user=0.11 sys=0.02, real=0.02 secs] 
2020-09-29T17:40:42.188+0200: 0.715: [GC (Allocation Failure) [PSYoungGen: 635092K->33156K(649728K)] 635100K->33576K(2048000K), 0.0139073 secs] [Times: user=0.13 sys=0.00, real=0.01 secs] 
2020-09-29T17:40:42.255+0200: 0.781: [GC (Allocation Failure) [PSYoungGen: 636292K->45541K(642048K)] 636712K->48649K(2040320K), 0.0179213 secs] [Times: user=0.11 sys=0.02, real=0.02 secs] 
2020-09-29T17:40:42.325+0200: 0.852: [GC (Allocation Failure) [PSYoungGen: 642021K->29093K(647680K)] 645129K->32201K(2045952K), 0.0103489 secs] [Times: user=0.13 sys=0.00, real=0.01 secs] 
2020-09-29T17:40:42.387+0200: 0.914: [GC (Allocation Failure) [PSYoungGen: 625573K->23909K(649216K)] 628681K->27017K(2047488K), 0.0086213 secs] [Times: user=0.13 sys=0.00, real=0.01 secs] 
2020-09-29T17:40:42.447+0200: 0.974: [GC (Allocation Failure) [PSYoungGen: 622949K->20516K(648704K)] 626057K->23624K(2046976K), 0.0073115 secs] [Times: user=0.00 sys=0.00, real=0.01 secs] 
2020-09-29T17:40:42.506+0200: 1.033: [GC (Allocation Failure) [PSYoungGen: 619556K->45349K(641536K)] 622664K->48457K(2039808K), 0.0157153 secs] [Times: user=0.13 sys=0.00, real=0.02 secs] 
2020-09-29T17:40:42.578+0200: 1.105: [GC (Allocation Failure) [PSYoungGen: 636709K->33667K(645120K)] 639817K->36775K(2043392K), 0.0140228 secs] [Times: user=0.11 sys=0.00, real=0.01 secs] 
2020-09-29T17:40:42.646+0200: 1.173: [GC (Allocation Failure) [PSYoungGen: 625027K->23493K(647168K)] 628135K->26601K(2045440K), 0.0076479 secs] [Times: user=0.00 sys=0.00, real=0.01 secs] 
2020-09-29T17:40:42.708+0200: 1.234: [GC (Allocation Failure) [PSYoungGen: 618949K->44645K(640512K)] 622057K->47753K(2038784K), 0.0154239 secs] [Times: user=0.13 sys=0.00, real=0.02 secs] 
2020-09-29T17:40:42.774+0200: 1.301: [GC (Allocation Failure) [PSYoungGen: 640101K->24324K(645120K)] 643209K->27432K(2043392K), 0.0089486 secs] [Times: user=0.00 sys=0.00, real=0.01 secs] 
2020-09-29T17:40:42.835+0200: 1.362: [GC (Allocation Failure) [PSYoungGen: 615172K->53733K(644608K)] 618280K->57609K(2042880K), 0.0177413 secs] [Times: user=0.13 sys=0.00, real=0.02 secs] 
2020-09-29T17:40:42.905+0200: 1.432: [GC (Allocation Failure) [PSYoungGen: 644581K->30116K(637440K)] 648457K->33992K(2035712K), 0.0108705 secs] [Times: user=0.13 sys=0.00, real=0.01 secs] 
2020-09-29T17:40:42.973+0200: 1.500: [GC (Allocation Failure) [PSYoungGen: 613284K->37700K(641024K)] 617160K->41576K(2039296K), 0.0139550 secs] [Times: user=0.00 sys=0.00, real=0.01 secs] 
2020-09-29T17:40:43.038+0200: 1.565: [GC (Allocation Failure) [PSYoungGen: 620868K->32740K(643584K)] 624744K->36616K(2041856K), 0.0113077 secs] [Times: user=0.00 sys=0.00, real=0.01 secs] 
2020-09-29T17:40:43.100+0200: 1.627: [GC (Allocation Failure) [PSYoungGen: 618980K->44741K(641536K)] 622856K->48617K(2039808K), 0.0157498 secs] [Times: user=0.13 sys=0.00, real=0.02 secs] 
2020-09-29T17:40:43.165+0200: 1.692: [GC (Allocation Failure) [PSYoungGen: 630981K->29349K(643072K)] 634857K->33225K(2041344K), 0.0102637 secs] [Times: user=0.00 sys=0.01, real=0.01 secs] 
2020-09-29T17:40:43.229+0200: 1.756: [GC (Allocation Failure) [PSYoungGen: 615589K->55013K(641536K)] 619465K->58889K(2039808K), 0.0183911 secs] [Times: user=0.13 sys=0.00, real=0.02 secs] 
2020-09-29T17:40:43.298+0200: 1.824: [GC (Allocation Failure) [PSYoungGen: 641253K->39653K(636416K)] 645129K->43529K(2034688K), 0.0128511 secs] [Times: user=0.08 sys=0.00, real=0.01 secs] 
2020-09-29T17:40:43.362+0200: 1.889: [GC (Allocation Failure) [PSYoungGen: 618725K->29156K(638976K)] 622601K->33032K(2037248K), 0.0103498 secs] [Times: user=0.13 sys=0.00, real=0.01 secs] 
2020-09-29T17:40:43.422+0200: 1.948: [GC (Allocation Failure) [PSYoungGen: 608228K->33925K(641536K)] 612104K->37801K(2039808K), 0.0353156 secs] [Times: user=0.13 sys=0.00, real=0.04 secs] 
2020-09-29T17:40:43.509+0200: 2.036: [GC (Allocation Failure) [PSYoungGen: 616581K->42373K(640000K)] 620457K->46249K(2038272K), 0.0142452 secs] [Times: user=0.13 sys=0.00, real=0.01 secs] 
2020-09-29T17:40:43.577+0200: 2.104: [GC (Allocation Failure) [PSYoungGen: 625029K->50853K(635392K)] 628905K->54729K(2033664K), 0.0179479 secs] [Times: user=0.11 sys=0.00, real=0.02 secs] 
2020-09-29T17:40:43.647+0200: 2.173: [GC (Allocation Failure) [PSYoungGen: 628901K->40997K(638464K)] 632777K->44873K(2036736K), 0.0170302 secs] [Times: user=0.13 sys=0.00, real=0.02 secs] 
2020-09-29T17:40:43.713+0200: 2.240: [GC (Allocation Failure) [PSYoungGen: 619045K->28932K(640000K)] 622921K->32808K(2038272K), 0.0107512 secs] [Times: user=0.13 sys=0.00, real=0.01 secs] 
2020-09-29T17:40:43.773+0200: 2.300: [GC (Allocation Failure) [PSYoungGen: 609540K->34500K(639488K)] 613416K->38376K(2037760K), 0.0129291 secs] [Times: user=0.13 sys=0.00, real=0.01 secs] 
2020-09-29T17:40:43.837+0200: 2.363: [GC (Allocation Failure) [PSYoungGen: 615108K->40901K(642048K)] 618984K->44777K(2040320K), 0.0136851 secs] [Times: user=0.13 sys=0.00, real=0.01 secs] 
2020-09-29T17:40:43.901+0200: 2.428: [GC (Allocation Failure) [PSYoungGen: 625605K->37669K(641536K)] 629481K->41545K(2039808K), 0.0130561 secs] [Times: user=0.13 sys=0.00, real=0.01 secs] 
2020-09-29T17:40:43.965+0200: 2.492: [GC (Allocation Failure) [PSYoungGen: 622373K->34276K(645120K)] 626249K->38152K(2043392K), 0.0128078 secs] [Times: user=0.13 sys=0.00, real=0.01 secs] 
2020-09-29T17:40:44.030+0200: 2.556: [GC (Allocation Failure) [PSYoungGen: 624612K->50405K(641024K)] 628488K->54281K(2039296K), 0.0166251 secs] [Times: user=0.13 sys=0.00, real=0.02 secs] 
2020-09-29T17:40:44.097+0200: 2.624: [GC (Allocation Failure) [PSYoungGen: 640741K->39173K(643584K)] 644617K->43049K(2041856K), 0.0137659 secs] [Times: user=0.08 sys=0.00, real=0.01 secs] 
2020-09-29T17:40:44.161+0200: 2.688: [GC (Allocation Failure) [PSYoungGen: 625925K->51717K(638976K)] 629801K->55593K(2037248K), 0.0176530 secs] [Times: user=0.13 sys=0.00, real=0.02 secs] 
2020-09-29T17:40:44.230+0200: 2.757: [GC (Allocation Failure) [PSYoungGen: 638469K->36869K(641536K)] 642345K->40745K(2039808K), 0.0125197 secs] [Times: user=0.13 sys=0.00, real=0.01 secs] 
2020-09-29T17:40:44.293+0200: 2.820: [GC (Allocation Failure) [PSYoungGen: 619525K->30276K(640000K)] 623401K->34152K(2038272K), 0.0108007 secs] [Times: user=0.13 sys=0.00, real=0.01 secs] 
2020-09-29T17:40:44.353+0200: 2.880: [GC (Allocation Failure) [PSYoungGen: 612932K->38373K(643584K)] 616808K->42249K(2041856K), 0.0130915 secs] [Times: user=0.13 sys=0.00, real=0.01 secs] 
2020-09-29T17:40:44.416+0200: 2.943: [GC (Allocation Failure) [PSYoungGen: 624613K->35140K(641536K)] 628489K->39016K(2039808K), 0.0126639 secs] [Times: user=0.13 sys=0.00, real=0.01 secs] 
2020-09-29T17:40:44.480+0200: 3.006: [GC (Allocation Failure) [PSYoungGen: 621380K->47205K(641536K)] 625256K->51081K(2039808K), 0.0160640 secs] [Times: user=0.13 sys=0.00, real=0.02 secs] 
2020-09-29T17:40:44.548+0200: 3.075: [GC (Allocation Failure) [PSYoungGen: 634469K->32900K(643072K)] 638345K->36776K(2041344K), 0.0123129 secs] [Times: user=0.13 sys=0.00, real=0.01 secs] 
2020-09-29T17:40:44.612+0200: 3.139: [GC (Allocation Failure) [PSYoungGen: 620164K->32165K(644096K)] 624040K->36041K(2042368K), 0.0122427 secs] [Times: user=0.11 sys=0.00, real=0.01 secs] 
2020-09-29T17:40:44.676+0200: 3.203: [GC (Allocation Failure) [PSYoungGen: 620965K->46789K(635904K)] 624841K->50665K(2034176K), 0.0169509 secs] [Times: user=0.13 sys=0.00, real=0.02 secs] 
2020-09-29T17:40:44.744+0200: 3.271: [GC (Allocation Failure) [PSYoungGen: 635589K->32676K(643072K)] 639465K->36552K(2041344K), 0.0124160 secs] [Times: user=0.13 sys=0.00, real=0.01 secs] 
2020-09-29T17:40:44.808+0200: 3.334: [GC (Allocation Failure) [PSYoungGen: 619428K->30212K(642560K)] 623304K->34088K(2040832K), 0.0113132 secs] [Times: user=0.13 sys=0.00, real=0.01 secs] 
2020-09-29T17:40:44.871+0200: 3.398: [GC (Allocation Failure) [PSYoungGen: 616964K->55269K(633344K)] 620840K->60217K(2031616K), 0.0192255 secs] [Times: user=0.11 sys=0.00, real=0.02 secs] 
2020-09-29T17:40:44.940+0200: 3.466: [GC (Allocation Failure) [PSYoungGen: 633317K->32869K(638464K)] 638265K->37817K(2036736K), 0.0115369 secs] [Times: user=0.13 sys=0.00, real=0.01 secs] 
2020-09-29T17:40:45.002+0200: 3.528: [GC (Allocation Failure) [PSYoungGen: 610917K->36581K(641024K)] 615865K->41529K(2039296K), 0.0126268 secs] [Times: user=0.13 sys=0.00, real=0.01 secs] 
2020-09-29T17:40:45.064+0200: 3.590: [GC (Allocation Failure) [PSYoungGen: 618213K->26948K(639488K)] 623161K->31896K(2037760K), 0.0103205 secs] [Times: user=0.13 sys=0.00, real=0.01 secs] 
2020-09-29T17:40:45.126+0200: 3.653: [GC (Allocation Failure) [PSYoungGen: 608580K->34340K(642560K)] 613528K->39288K(2040832K), 0.0123131 secs] [Times: user=0.13 sys=0.00, real=0.01 secs] 
2020-09-29T17:40:45.189+0200: 3.716: [GC (Allocation Failure) [PSYoungGen: 619044K->30916K(641024K)] 623992K->35864K(2039296K), 0.0118418 secs] [Times: user=0.13 sys=0.00, real=0.01 secs] 
2020-09-29T17:40:45.254+0200: 3.780: [GC (Allocation Failure) [PSYoungGen: 615620K->26660K(643584K)] 620568K->31608K(2041856K), 0.0123368 secs] [Times: user=0.11 sys=0.00, real=0.01 secs] 
2020-09-29T17:40:45.319+0200: 3.845: [GC (Allocation Failure) [PSYoungGen: 614948K->11363K(600064K)] 619896K->16311K(1998336K), 0.0057431 secs] [Times: user=0.00 sys=0.00, real=0.00 secs] 
2020-09-29T17:40:45.378+0200: 3.905: [GC (Allocation Failure) [PSYoungGen: 599651K->25157K(642560K)] 604599K->30105K(2040832K), 0.0089750 secs] [Times: user=0.13 sys=0.00, real=0.01 secs] 
2020-09-29T17:40:45.443+0200: 3.970: [GC (Allocation Failure) [PSYoungGen: 610373K->49861K(635392K)] 615321K->54809K(2033664K), 0.0167845 secs] [Times: user=0.13 sys=0.00, real=0.02 secs] 
2020-09-29T17:40:45.511+0200: 4.038: [GC (Allocation Failure) [PSYoungGen: 635077K->17858K(638464K)] 640025K->22806K(2036736K), 0.0083944 secs] [Times: user=0.00 sys=0.00, real=0.01 secs] 
2020-09-29T17:40:45.569+0200: 4.096: [GC (Allocation Failure) [PSYoungGen: 595906K->34437K(638464K)] 600854K->39385K(2036736K), 0.0130846 secs] [Times: user=0.00 sys=0.00, real=0.01 secs] 
2020-09-29T17:40:45.637+0200: 4.163: [GC (Allocation Failure) [PSYoungGen: 612485K->36452K(641536K)] 617433K->41400K(2039808K), 0.0135668 secs] [Times: user=0.13 sys=0.00, real=0.01 secs] 
2020-09-29T17:40:45.701+0200: 4.228: [GC (Allocation Failure) [PSYoungGen: 619620K->30115K(640512K)] 624568K->35063K(2038784K), 0.0138237 secs] [Times: user=0.11 sys=0.00, real=0.01 secs] 
2020-09-29T17:40:45.765+0200: 4.291: [GC (Allocation Failure) [PSYoungGen: 613283K->25349K(644608K)] 618231K->30297K(2042880K), 0.0086265 secs] [Times: user=0.13 sys=0.00, real=0.01 secs] 
2020-09-29T17:40:45.826+0200: 4.352: [GC (Allocation Failure) [PSYoungGen: 614661K->40421K(643584K)] 619609K->45369K(2041856K), 0.0140848 secs] [Times: user=0.13 sys=0.00, real=0.01 secs] 
2020-09-29T17:40:45.892+0200: 4.418: [GC (Allocation Failure) [PSYoungGen: 629733K->41797K(641536K)] 634681K->46745K(2039808K), 0.0138613 secs] [Times: user=0.13 sys=0.00, real=0.01 secs] 
2020-09-29T17:40:45.959+0200: 4.485: [GC (Allocation Failure) [PSYoungGen: 628037K->25988K(642560K)] 632985K->30936K(2040832K), 0.0089438 secs] [Times: user=0.00 sys=0.00, real=0.01 secs] 
2020-09-29T17:40:46.018+0200: 4.545: [GC (Allocation Failure) [PSYoungGen: 612228K->51557K(633344K)] 617176K->56505K(2031616K), 0.0167011 secs] [Times: user=0.13 sys=0.00, real=0.02 secs] 
2020-09-29T17:40:46.085+0200: 4.611: [GC (Allocation Failure) [PSYoungGen: 629605K->40804K(638464K)] 634553K->45752K(2036736K), 0.0149916 secs] [Times: user=0.13 sys=0.00, real=0.01 secs] 
2020-09-29T17:40:46.149+0200: 4.675: [GC (Allocation Failure) [PSYoungGen: 618852K->30307K(640512K)] 623800K->35255K(2038784K), 0.0134060 secs] [Times: user=0.13 sys=0.00, real=0.01 secs] 
2020-09-29T17:40:46.212+0200: 4.739: [GC (Allocation Failure) [PSYoungGen: 610915K->36549K(638976K)] 615863K->41497K(2037248K), 0.0123762 secs] [Times: user=0.13 sys=0.00, real=0.01 secs] 
2020-09-29T17:40:46.275+0200: 4.801: [GC (Allocation Failure) [PSYoungGen: 617157K->42981K(641024K)] 622105K->47929K(2039296K), 0.0152448 secs] [Times: user=0.13 sys=0.00, real=0.01 secs] 
2020-09-29T17:40:46.340+0200: 4.867: [GC (Allocation Failure) [PSYoungGen: 627173K->52933K(637440K)] 632121K->57881K(2035712K), 0.0180557 secs] [Times: user=0.13 sys=0.00, real=0.02 secs] 
2020-09-29T17:40:46.408+0200: 4.935: [GC (Allocation Failure) [PSYoungGen: 637125K->34372K(638976K)] 642073K->39320K(2037248K), 0.0130323 secs] [Times: user=0.13 sys=0.00, real=0.01 secs] 
2020-09-29T17:40:46.471+0200: 4.998: [GC (Allocation Failure) [PSYoungGen: 611908K->36612K(637440K)] 616856K->41560K(2035712K), 0.0146780 secs] [Times: user=0.13 sys=0.00, real=0.02 secs] 
2020-09-29T17:40:46.536+0200: 5.062: [GC (Allocation Failure) [PSYoungGen: 614148K->53573K(632832K)] 619096K->58521K(2031104K), 0.0186209 secs] [Times: user=0.13 sys=0.00, real=0.02 secs] 
2020-09-29T17:40:46.606+0200: 5.133: [GC (Allocation Failure) [PSYoungGen: 628549K->26948K(636928K)] 633497K->31896K(2035200K), 0.0112572 secs] [Times: user=0.11 sys=0.00, real=0.01 secs] 
2020-09-29T17:40:46.670+0200: 5.196: [GC (Allocation Failure) [PSYoungGen: 601924K->27044K(637952K)] 606872K->31992K(2036224K), 0.0106242 secs] [Times: user=0.13 sys=0.00, real=0.01 secs] 
2020-09-29T17:40:46.730+0200: 5.256: [GC (Allocation Failure) [PSYoungGen: 603556K->29093K(637440K)] 608504K->34041K(2035712K), 0.0106600 secs] [Times: user=0.13 sys=0.00, real=0.01 secs] 
2020-09-29T17:40:46.791+0200: 5.317: [GC (Allocation Failure) [PSYoungGen: 605605K->42788K(638976K)] 610553K->47736K(2037248K), 0.0154598 secs] [Times: user=0.13 sys=0.00, real=0.02 secs] 
2020-09-29T17:40:46.856+0200: 5.383: [GC (Allocation Failure) [PSYoungGen: 621860K->32100K(638976K)] 626808K->37048K(2037248K), 0.0115390 secs] [Times: user=0.13 sys=0.00, real=0.01 secs] 
2020-09-29T17:40:46.918+0200: 5.444: [GC (Allocation Failure) [PSYoungGen: 611172K->36965K(642560K)] 616120K->41913K(2040832K), 0.0129716 secs] [Times: user=0.13 sys=0.00, real=0.01 secs] 
2020-09-29T17:40:46.981+0200: 5.507: [GC (Allocation Failure) [PSYoungGen: 621157K->46853K(640512K)] 626105K->51801K(2038784K), 0.0159844 secs] [Times: user=0.13 sys=0.00, real=0.02 secs] 
2020-09-29T17:40:47.049+0200: 5.575: [GC (Allocation Failure) [PSYoungGen: 631045K->43173K(640512K)] 635993K->48121K(2038784K), 0.0148368 secs] [Times: user=0.13 sys=0.00, real=0.01 secs] 
2020-09-29T17:40:47.115+0200: 5.642: [GC (Allocation Failure) [PSYoungGen: 625317K->37349K(640512K)] 630265K->42297K(2038784K), 0.0130988 secs] [Times: user=0.00 sys=0.00, real=0.01 secs] 
2020-09-29T17:40:47.181+0200: 5.707: [GC (Allocation Failure) [PSYoungGen: 619493K->29444K(642560K)] 624441K->34392K(2040832K), 0.0111727 secs] [Times: user=0.00 sys=0.02, real=0.01 secs] 
2020-09-29T17:40:47.242+0200: 5.769: [GC (Allocation Failure) [PSYoungGen: 615172K->40517K(642048K)] 620120K->45465K(2040320K), 0.0141886 secs] [Times: user=0.13 sys=0.00, real=0.01 secs] 
2020-09-29T17:40:47.307+0200: 5.833: [GC (Allocation Failure) [PSYoungGen: 626245K->51973K(635904K)] 631193K->56921K(2034176K), 0.0173769 secs] [Times: user=0.13 sys=0.00, real=0.02 secs] 
2020-09-29T17:40:47.375+0200: 5.901: [GC (Allocation Failure) [PSYoungGen: 632069K->28867K(639488K)] 637017K->33815K(2037760K), 0.0119461 secs] [Times: user=0.13 sys=0.00, real=0.01 secs] 
2020-09-29T17:40:47.438+0200: 5.965: [GC (Allocation Failure) [PSYoungGen: 608963K->34564K(641536K)] 613911K->39512K(2039808K), 0.0141715 secs] [Times: user=0.13 sys=0.00, real=0.01 secs] 
2020-09-29T17:40:47.506+0200: 6.033: [GC (Allocation Failure) [PSYoungGen: 617220K->28996K(640000K)] 622168K->33944K(2038272K), 0.0177991 secs] [Times: user=0.13 sys=0.00, real=0.02 secs] 
2020-09-29T17:40:47.582+0200: 6.108: [GC (Allocation Failure) [PSYoungGen: 611652K->23364K(642048K)] 616600K->28312K(2040320K), 0.0104920 secs] [Times: user=0.11 sys=0.00, real=0.01 secs] 
2020-09-29T17:40:47.650+0200: 6.176: [GC (Allocation Failure) [PSYoungGen: 608580K->34213K(642048K)] 613528K->39161K(2040320K), 0.0166060 secs] [Times: user=0.09 sys=0.00, real=0.02 secs] 
2020-09-29T17:40:47.719+0200: 6.246: [GC (Allocation Failure) [PSYoungGen: 619429K->45221K(640512K)] 624377K->50169K(2038784K), 0.0171479 secs] [Times: user=0.13 sys=0.00, real=0.02 secs] 
2020-09-29T17:40:47.790+0200: 6.317: [GC (Allocation Failure) [PSYoungGen: 630437K->27043K(642048K)] 635385K->31991K(2040320K), 0.0117021 secs] [Times: user=0.13 sys=0.00, real=0.01 secs] 
2020-09-29T17:40:47.860+0200: 6.386: [GC (Allocation Failure) [PSYoungGen: 612259K->51749K(634368K)] 617207K->56697K(2032640K), 0.0187962 secs] [Times: user=0.13 sys=0.00, real=0.02 secs] 
2020-09-29T17:40:47.930+0200: 6.457: [GC (Allocation Failure) [PSYoungGen: 629797K->40805K(638464K)] 634745K->45753K(2036736K), 0.0158839 secs] [Times: user=0.13 sys=0.00, real=0.02 secs] 
2020-09-29T17:40:48.001+0200: 6.528: [GC (Allocation Failure) [PSYoungGen: 618853K->43652K(638464K)] 623801K->48600K(2036736K), 0.0182814 secs] [Times: user=0.09 sys=0.00, real=0.02 secs] 
2020-09-29T17:40:48.074+0200: 6.600: [GC (Allocation Failure) [PSYoungGen: 622724K->48581K(627712K)] 627672K->53529K(2025984K), 0.0218329 secs] [Times: user=0.11 sys=0.00, real=0.02 secs] 
2020-09-29T17:40:48.151+0200: 6.677: [GC (Allocation Failure) [PSYoungGen: 627653K->39588K(639488K)] 632601K->44536K(2037760K), 0.0184386 secs] [Times: user=0.11 sys=0.00, real=0.02 secs] 
2020-09-29T17:40:48.227+0200: 6.753: [GC (Allocation Failure) [PSYoungGen: 617636K->43397K(637440K)] 622584K->48345K(2035712K), 0.0192957 secs] [Times: user=0.11 sys=0.00, real=0.02 secs] 
2020-09-29T17:40:48.301+0200: 6.828: [GC (Allocation Failure) [PSYoungGen: 621445K->32452K(640512K)] 626393K->37400K(2038784K), 0.0159046 secs] [Times: user=0.11 sys=0.00, real=0.02 secs] 
2020-09-29T17:40:48.373+0200: 6.899: [GC (Allocation Failure) [PSYoungGen: 614084K->39460K(640000K)] 619032K->44408K(2038272K), 0.0167300 secs] [Times: user=0.13 sys=0.00, real=0.02 secs] 
2020-09-29T17:40:48.445+0200: 6.972: [GC (Allocation Failure) [PSYoungGen: 621092K->32517K(643072K)] 626040K->37465K(2041344K), 0.0149693 secs] [Times: user=0.11 sys=0.00, real=0.02 secs] 
2020-09-29T17:40:48.518+0200: 7.045: [GC (Allocation Failure) [PSYoungGen: 618757K->29605K(642048K)] 623705K->34553K(2040320K), 0.0133196 secs] [Times: user=0.09 sys=0.00, real=0.01 secs] 
2020-09-29T17:40:48.590+0200: 7.117: [GC (Allocation Failure) [PSYoungGen: 615845K->41477K(643584K)] 620793K->46425K(2041856K), 0.0173689 secs] [Times: user=0.11 sys=0.00, real=0.02 secs] 
2020-09-29T17:40:48.664+0200: 7.191: [GC (Allocation Failure) [PSYoungGen: 628247K->9441K(597504K)] 633195K->14389K(1995776K), 0.0071041 secs] [Times: user=0.00 sys=0.00, real=0.01 secs] 
2020-09-29T17:40:48.728+0200: 7.254: [GC (Allocation Failure) [PSYoungGen: 597217K->50341K(633344K)] 602165K->55289K(2031616K), 0.0222510 secs] [Times: user=0.11 sys=0.00, real=0.02 secs] 
2020-09-29T17:40:48.804+0200: 7.331: [GC (Allocation Failure) [PSYoungGen: 625317K->37093K(636928K)] 630265K->42041K(2035200K), 0.0191725 secs] [Times: user=0.09 sys=0.00, real=0.02 secs] 
2020-09-29T17:40:48.879+0200: 7.405: [GC (Allocation Failure) [PSYoungGen: 612069K->37861K(641024K)] 617017K->42809K(2039296K), 0.0173917 secs] [Times: user=0.11 sys=0.00, real=0.02 secs] 
2020-09-29T17:40:48.955+0200: 7.482: [GC (Allocation Failure) [PSYoungGen: 619493K->44932K(639488K)] 624441K->49880K(2037760K), 0.0208319 secs] [Times: user=0.19 sys=0.00, real=0.02 secs] 
2020-09-29T17:40:49.031+0200: 7.557: [GC (Allocation Failure) [PSYoungGen: 626564K->38661K(642048K)] 631512K->43609K(2040320K), 0.0162251 secs] [Times: user=0.11 sys=0.00, real=0.02 secs] 
2020-09-29T17:40:49.105+0200: 7.631: [GC (Allocation Failure) [PSYoungGen: 621829K->47044K(640000K)] 626777K->51992K(2038272K), 0.0205951 secs] [Times: user=0.09 sys=0.00, real=0.02 secs] 
2020-09-29T17:40:49.179+0200: 7.706: [GC (Allocation Failure) [PSYoungGen: 630212K->42212K(641024K)] 635160K->47160K(2039296K), 0.0185825 secs] [Times: user=0.09 sys=0.00, real=0.02 secs] 
2020-09-29T17:40:49.251+0200: 7.778: [GC (Allocation Failure) [PSYoungGen: 624356K->36133K(640000K)] 629304K->41081K(2038272K), 0.0161151 secs] [Times: user=0.09 sys=0.00, real=0.02 secs] 
2020-09-29T17:40:49.325+0200: 7.851: [GC (Allocation Failure) [PSYoungGen: 618277K->30437K(642560K)] 623225K->35385K(2040832K), 0.0147473 secs] [Times: user=0.09 sys=0.00, real=0.01 secs] 
2020-09-29T17:40:49.398+0200: 7.925: [GC (Allocation Failure) [PSYoungGen: 616165K->41765K(642048K)] 621113K->46713K(2040320K), 0.0191259 secs] [Times: user=0.11 sys=0.00, real=0.02 secs] 
2020-09-29T17:40:49.472+0200: 7.998: [GC (Allocation Failure) [PSYoungGen: 627493K->25572K(642048K)] 632441K->30520K(2040320K), 0.0110219 secs] [Times: user=0.09 sys=0.00, real=0.01 secs] 
2020-09-29T17:40:49.540+0200: 8.066: [GC (Allocation Failure) [PSYoungGen: 611812K->51269K(637952K)] 616760K->56217K(2036224K), 0.0224383 secs] [Times: user=0.11 sys=0.00, real=0.02 secs] 
2020-09-29T17:40:49.617+0200: 8.144: [GC (Allocation Failure) [PSYoungGen: 637509K->35621K(641024K)] 642457K->40569K(2039296K), 0.0179488 secs] [Times: user=0.09 sys=0.00, real=0.02 secs] 
2020-09-29T17:40:49.690+0200: 8.216: [GC (Allocation Failure) [PSYoungGen: 616741K->28708K(638976K)] 621689K->33656K(2037248K), 0.0162570 secs] [Times: user=0.08 sys=0.00, real=0.02 secs] 
2020-09-29T17:40:49.761+0200: 8.287: [GC (Allocation Failure) [PSYoungGen: 609828K->49317K(636928K)] 614776K->54265K(2035200K), 0.0212456 secs] [Times: user=0.11 sys=0.00, real=0.02 secs] 
2020-09-29T17:40:49.836+0200: 8.363: [GC (Allocation Failure) [PSYoungGen: 628389K->26533K(638976K)] 633337K->31481K(2037248K), 0.0117248 secs] [Times: user=0.00 sys=0.00, real=0.01 secs] 
2020-09-29T17:40:49.904+0200: 8.430: [GC (Allocation Failure) [PSYoungGen: 605605K->31237K(640000K)] 610553K->36185K(2038272K), 0.0153932 secs] [Times: user=0.11 sys=0.00, real=0.01 secs] 
2020-09-29T17:40:49.975+0200: 8.501: [GC (Allocation Failure) [PSYoungGen: 611333K->37125K(638976K)] 616281K->42073K(2037248K), 0.0174428 secs] [Times: user=0.08 sys=0.00, real=0.02 secs] 
2020-09-29T17:40:50.052+0200: 8.578: [GC (Allocation Failure) [PSYoungGen: 617221K->28836K(642560K)] 622169K->33784K(2040832K), 0.0142638 secs] [Times: user=0.00 sys=0.00, real=0.01 secs] 
2020-09-29T17:40:50.122+0200: 8.648: [GC (Allocation Failure) [PSYoungGen: 614564K->40261K(642048K)] 619512K->45209K(2040320K), 0.0161383 secs] [Times: user=0.11 sys=0.00, real=0.02 secs] 
2020-09-29T17:40:50.193+0200: 8.719: [GC (Allocation Failure) [PSYoungGen: 625989K->38117K(644608K)] 630937K->43065K(2042880K), 0.0144885 secs] [Times: user=0.00 sys=0.00, real=0.01 secs] 
2020-09-29T17:40:50.262+0200: 8.789: [GC (Allocation Failure) [PSYoungGen: 626917K->39013K(643072K)] 631865K->43961K(2041344K), 0.0163396 secs] [Times: user=0.11 sys=0.00, real=0.02 secs] 
2020-09-29T17:40:50.333+0200: 8.860: [GC (Allocation Failure) [PSYoungGen: 627813K->38532K(646144K)] 632761K->43480K(2044416K), 0.0211114 secs] [Times: user=0.09 sys=0.00, real=0.02 secs] 
2020-09-29T17:40:50.409+0200: 8.936: [GC (Allocation Failure) [PSYoungGen: 630916K->41796K(645120K)] 635864K->46744K(2043392K), 0.0201707 secs] [Times: user=0.19 sys=0.00, real=0.02 secs] 
2020-09-29T17:40:50.485+0200: 9.011: [GC (Allocation Failure) [PSYoungGen: 634180K->52709K(631808K)] 639128K->64841K(2030080K), 0.0281556 secs] [Times: user=0.20 sys=0.00, real=0.03 secs] 
2020-09-29T17:40:50.567+0200: 9.094: [GC (Allocation Failure) [PSYoungGen: 631781K->37413K(638976K)] 643913K->49545K(2037248K), 0.0193759 secs] [Times: user=0.09 sys=0.00, real=0.02 secs] 
2020-09-29T17:40:50.644+0200: 9.171: [GC (Allocation Failure) [PSYoungGen: 616485K->42213K(641536K)] 628617K->54345K(2039808K), 0.0174299 secs] [Times: user=0.22 sys=0.00, real=0.02 secs] 
2020-09-29T17:40:50.716+0200: 9.243: [GC (Allocation Failure) [PSYoungGen: 625893K->37892K(641024K)] 638025K->50024K(2039296K), 0.0174391 secs] [Times: user=0.09 sys=0.00, real=0.02 secs] 
2020-09-29T17:40:50.788+0200: 9.315: [GC (Allocation Failure) [PSYoungGen: 621572K->18563K(638976K)] 633704K->30695K(2037248K), 0.0107689 secs] [Times: user=0.00 sys=0.00, real=0.01 secs] 
2020-09-29T17:40:50.855+0200: 9.382: [GC (Allocation Failure) [PSYoungGen: 601731K->41189K(641024K)] 613863K->53321K(2039296K), 0.0180048 secs] [Times: user=0.11 sys=0.00, real=0.02 secs] 
2020-09-29T17:40:50.925+0200: 9.452: [GC (Allocation Failure) [PSYoungGen: 624357K->36421K(643584K)] 636489K->48553K(2041856K), 0.0155169 secs] [Times: user=0.09 sys=0.00, real=0.02 secs] 
2020-09-29T17:40:50.996+0200: 9.523: [GC (Allocation Failure) [PSYoungGen: 622661K->34404K(641536K)] 634793K->46536K(2039808K), 0.0174812 secs] [Times: user=0.11 sys=0.00, real=0.02 secs] 
2020-09-29T17:40:51.069+0200: 9.596: [GC (Allocation Failure) [PSYoungGen: 620644K->32709K(645632K)] 632776K->44841K(2043904K), 0.0146462 secs] [Times: user=0.11 sys=0.00, real=0.01 secs] 
2020-09-29T17:40:51.138+0200: 9.664: [GC (Allocation Failure) [PSYoungGen: 624069K->49797K(641536K)] 636201K->61929K(2039808K), 0.0187519 secs] [Times: user=0.09 sys=0.00, real=0.02 secs] 
2020-09-29T17:40:51.209+0200: 9.736: [GC (Allocation Failure) [PSYoungGen: 641157K->25892K(642048K)] 653289K->38024K(2040320K), 0.0101688 secs] [Times: user=0.00 sys=0.00, real=0.01 secs] 
2020-09-29T17:40:51.274+0200: 9.801: [GC (Allocation Failure) [PSYoungGen: 611108K->36869K(642048K)] 623240K->49001K(2040320K), 0.0139872 secs] [Times: user=0.11 sys=0.00, real=0.01 secs] 
2020-09-29T17:40:51.341+0200: 9.868: [GC (Allocation Failure) [PSYoungGen: 622085K->34181K(645120K)] 634217K->46313K(2043392K), 0.0161555 secs] [Times: user=0.09 sys=0.00, real=0.02 secs] 
2020-09-29T17:40:51.412+0200: 9.938: [GC (Allocation Failure) [PSYoungGen: 624517K->50373K(641024K)] 636649K->62505K(2039296K), 0.0225803 secs] [Times: user=0.11 sys=0.00, real=0.02 secs] 
2020-09-29T17:40:51.488+0200: 10.015: [GC (Allocation Failure) [PSYoungGen: 640709K->39077K(643584K)] 652841K->51209K(2041856K), 0.0160581 secs] [Times: user=0.16 sys=0.01, real=0.02 secs] 
2020-09-29T17:40:51.558+0200: 10.085: [GC (Allocation Failure) [PSYoungGen: 625829K->36068K(642048K)] 637961K->48200K(2040320K), 0.0178249 secs] [Times: user=0.11 sys=0.00, real=0.02 secs] 
2020-09-29T17:40:51.631+0200: 10.157: [GC (Allocation Failure) [PSYoungGen: 622820K->34949K(645632K)] 634952K->47081K(2043904K), 0.0173055 secs] [Times: user=0.09 sys=0.00, real=0.02 secs] 
2020-09-29T17:40:51.703+0200: 10.230: [GC (Allocation Failure) [PSYoungGen: 626309K->24517K(644608K)] 638441K->36649K(2042880K), 0.0098081 secs] [Times: user=0.09 sys=0.00, real=0.01 secs] 
2020-09-29T17:40:51.767+0200: 10.294: [GC (Allocation Failure) [PSYoungGen: 615877K->28005K(645632K)] 628009K->40137K(2043904K), 0.0121183 secs] [Times: user=0.09 sys=0.00, real=0.01 secs] 
2020-09-29T17:40:51.833+0200: 10.360: [GC (Allocation Failure) [PSYoungGen: 619877K->31396K(645120K)] 632009K->43528K(2043392K), 0.0133091 secs] [Times: user=0.00 sys=0.00, real=0.01 secs] 
2020-09-29T17:40:51.904+0200: 10.431: [GC (Allocation Failure) [PSYoungGen: 623268K->49061K(639488K)] 635400K->61193K(2037760K), 0.0217677 secs] [Times: user=0.11 sys=0.00, real=0.02 secs] 
2020-09-29T17:40:51.979+0200: 10.506: [GC (Allocation Failure) [PSYoungGen: 636325K->48389K(635904K)] 648457K->60521K(2034176K), 0.0186741 secs] [Times: user=0.11 sys=0.00, real=0.02 secs] 
2020-09-29T17:40:52.052+0200: 10.579: [GC (Allocation Failure) [PSYoungGen: 635653K->58341K(627200K)] 647785K->73497K(2025472K), 0.0270763 secs] [Times: user=0.11 sys=0.00, real=0.03 secs] 
2020-09-29T17:40:52.131+0200: 10.657: [GC (Allocation Failure) [PSYoungGen: 627173K->14756K(583680K)] 642329K->29912K(1981952K), 0.0070776 secs] [Times: user=0.00 sys=0.00, real=0.01 secs] 
2020-09-29T17:40:52.191+0200: 10.718: [GC (Allocation Failure) [PSYoungGen: 583588K->36709K(634880K)] 598744K->51865K(2033152K), 0.0172585 secs] [Times: user=0.20 sys=0.00, real=0.02 secs] 
2020-09-29T17:40:52.260+0200: 10.787: [GC (Allocation Failure) [PSYoungGen: 604517K->30245K(631808K)] 619673K->45401K(2030080K), 0.0114621 secs] [Times: user=0.13 sys=0.00, real=0.01 secs] 
2020-09-29T17:40:52.323+0200: 10.850: [GC (Allocation Failure) [PSYoungGen: 598053K->36804K(638464K)] 613209K->51960K(2036736K), 0.0142001 secs] [Times: user=0.11 sys=0.00, real=0.02 secs] 
2020-09-29T17:40:52.389+0200: 10.916: [GC (Allocation Failure) [PSYoungGen: 612804K->24933K(636416K)] 627960K->40089K(2034688K), 0.0082712 secs] [Times: user=0.13 sys=0.00, real=0.01 secs] 
2020-09-29T17:40:52.448+0200: 10.975: [GC (Allocation Failure) [PSYoungGen: 600933K->26597K(640000K)] 616089K->41753K(2038272K), 0.0106406 secs] [Times: user=0.11 sys=0.00, real=0.01 secs] 
2020-09-29T17:40:52.509+0200: 11.036: [GC (Allocation Failure) [PSYoungGen: 606693K->30212K(638976K)] 621849K->45368K(2037248K), 0.0112293 secs] [Times: user=0.13 sys=0.00, real=0.01 secs] 
2020-09-29T17:40:52.572+0200: 11.099: [GC (Allocation Failure) [PSYoungGen: 610308K->49733K(634368K)] 625464K->64889K(2032640K), 0.0203199 secs] [Times: user=0.11 sys=0.00, real=0.02 secs] 
2020-09-29T17:40:52.645+0200: 11.171: [GC (Allocation Failure) [PSYoungGen: 626757K->36420K(637952K)] 641913K->51576K(2036224K), 0.0152321 secs] [Times: user=0.00 sys=0.00, real=0.02 secs] 
2020-09-29T17:40:52.712+0200: 11.239: [GC (Allocation Failure) [PSYoungGen: 613444K->23972K(640512K)] 628600K->39128K(2038784K), 0.0097454 secs] [Times: user=0.00 sys=0.00, real=0.01 secs] 
2020-09-29T17:40:52.777+0200: 11.304: [GC (Allocation Failure) [PSYoungGen: 606116K->30723K(640512K)] 621272K->45879K(2038784K), 0.0121273 secs] [Times: user=0.13 sys=0.00, real=0.01 secs] 
2020-09-29T17:40:52.842+0200: 11.369: [GC (Allocation Failure) [PSYoungGen: 612867K->38565K(643072K)] 628023K->53721K(2041344K), 0.0163125 secs] [Times: user=0.13 sys=0.00, real=0.02 secs] 
2020-09-29T17:40:52.912+0200: 11.439: [GC (Allocation Failure) [PSYoungGen: 624805K->36804K(642048K)] 639961K->51960K(2040320K), 0.0185811 secs] [Times: user=0.11 sys=0.00, real=0.02 secs] 
2020-09-29T17:40:52.985+0200: 11.512: [GC (Allocation Failure) [PSYoungGen: 623044K->21284K(643072K)] 638200K->36440K(2041344K), 0.0089588 secs] [Times: user=0.13 sys=0.00, real=0.01 secs] 
2020-09-29T17:40:53.045+0200: 11.572: [GC (Allocation Failure) [PSYoungGen: 609572K->33445K(643584K)] 624728K->48601K(2041856K), 0.0165115 secs] [Times: user=0.09 sys=0.02, real=0.02 secs] 
2020-09-29T17:40:53.114+0200: 11.641: [GC (Allocation Failure) [PSYoungGen: 621733K->13252K(643072K)] 636889K->28408K(2041344K), 0.0055984 secs] [Times: user=0.00 sys=0.00, real=0.01 secs] 
2020-09-29T17:40:53.175+0200: 11.701: [GC (Allocation Failure) [PSYoungGen: 603588K->43013K(633856K)] 618744K->58169K(2032128K), 0.0143324 secs] [Times: user=0.13 sys=0.00, real=0.01 secs] 
2020-09-29T17:40:53.240+0200: 11.766: [GC (Allocation Failure) [PSYoungGen: 633349K->43812K(638464K)] 648505K->58968K(2036736K), 0.0159006 secs] [Times: user=0.13 sys=0.00, real=0.02 secs] 
2020-09-29T17:40:53.306+0200: 11.832: [GC (Allocation Failure) [PSYoungGen: 625956K->21892K(640512K)] 641112K->37048K(2038784K), 0.0084048 secs] [Times: user=0.00 sys=0.00, real=0.01 secs] 
2020-09-29T17:40:53.364+0200: 11.890: [GC (Allocation Failure) [PSYoungGen: 604036K->28899K(643072K)] 619192K->44055K(2041344K), 0.0114852 secs] [Times: user=0.00 sys=0.00, real=0.01 secs] 
2020-09-29T17:40:53.426+0200: 11.952: [GC (Allocation Failure) [PSYoungGen: 614115K->25540K(641024K)] 629271K->40696K(2039296K), 0.0095435 secs] [Times: user=0.13 sys=0.00, real=0.01 secs] 
2020-09-29T17:40:53.486+0200: 12.013: [GC (Allocation Failure) [PSYoungGen: 610756K->35652K(645120K)] 625912K->50808K(2043392K), 0.0134390 secs] [Times: user=0.13 sys=0.00, real=0.01 secs] 
2020-09-29T17:40:53.550+0200: 12.077: [GC (Allocation Failure) [PSYoungGen: 625988K->38117K(644096K)] 641144K->53273K(2042368K), 0.0137825 secs] [Times: user=0.13 sys=0.00, real=0.01 secs] 
2020-09-29T17:40:53.617+0200: 12.143: [GC (Allocation Failure) [PSYoungGen: 628453K->24323K(645632K)] 643609K->39479K(2043904K), 0.0108326 secs] [Times: user=0.00 sys=0.00, real=0.01 secs] 
2020-09-29T17:40:53.679+0200: 12.206: [GC (Allocation Failure) [PSYoungGen: 615683K->40229K(644608K)] 630839K->55385K(2042880K), 0.0138315 secs] [Times: user=0.13 sys=0.00, real=0.01 secs] 
2020-09-29T17:40:53.745+0200: 12.271: [GC (Allocation Failure) [PSYoungGen: 631589K->43653K(640512K)] 646745K->58809K(2038784K), 0.0149633 secs] [Times: user=0.13 sys=0.00, real=0.02 secs] 
2020-09-29T17:40:53.810+0200: 12.336: [GC (Allocation Failure) [PSYoungGen: 629893K->28004K(642560K)] 645049K->43160K(2040832K), 0.0103190 secs] [Times: user=0.13 sys=0.00, real=0.01 secs] 
2020-09-29T17:40:53.874+0200: 12.400: [GC (Allocation Failure) [PSYoungGen: 614244K->26084K(644608K)] 629400K->41240K(2042880K), 0.0091824 secs] [Times: user=0.13 sys=0.00, real=0.01 secs] 
2020-09-29T17:40:53.936+0200: 12.463: [GC (Allocation Failure) [PSYoungGen: 615908K->27652K(644096K)] 631064K->42808K(2042368K), 0.0101834 secs] [Times: user=0.13 sys=0.00, real=0.01 secs] 
2020-09-29T17:40:53.998+0200: 12.525: [GC (Allocation Failure) [PSYoungGen: 617476K->52709K(631808K)] 632632K->72001K(2030080K), 0.0193711 secs] [Times: user=0.13 sys=0.00, real=0.02 secs] 
2020-09-29T17:40:54.070+0200: 12.597: [GC (Allocation Failure) [PSYoungGen: 631781K->34437K(638976K)] 651073K->53729K(2037248K), 0.0165757 secs] [Times: user=0.11 sys=0.00, real=0.02 secs] 
2020-09-29T17:40:54.141+0200: 12.668: [GC (Allocation Failure) [PSYoungGen: 613509K->24643K(642048K)] 632801K->43935K(2040320K), 0.0124605 secs] [Times: user=0.11 sys=0.00, real=0.01 secs] 
2020-09-29T17:40:54.206+0200: 12.732: [GC (Allocation Failure) [PSYoungGen: 609347K->48837K(633856K)] 628639K->68129K(2032128K), 0.0164827 secs] [Times: user=0.13 sys=0.00, real=0.02 secs] 
2020-09-29T17:40:54.272+0200: 12.798: [GC (Allocation Failure) [PSYoungGen: 633541K->44005K(636928K)] 652833K->63297K(2035200K), 0.0151714 secs] [Times: user=0.13 sys=0.00, real=0.01 secs] 
2020-09-29T17:40:54.336+0200: 12.863: [GC (Allocation Failure) [PSYoungGen: 621029K->31524K(637952K)] 640321K->50816K(2036224K), 0.0114296 secs] [Times: user=0.13 sys=0.00, real=0.01 secs] 
2020-09-29T17:40:54.397+0200: 12.924: [GC (Allocation Failure) [PSYoungGen: 608548K->48005K(635392K)] 627840K->67297K(2033664K), 0.0162869 secs] [Times: user=0.13 sys=0.00, real=0.02 secs] 
2020-09-29T17:40:54.463+0200: 12.990: [GC (Allocation Failure) [PSYoungGen: 624005K->49733K(626176K)] 643297K->69025K(2024448K), 0.0169935 secs] [Times: user=0.13 sys=0.00, real=0.02 secs] 
2020-09-29T17:40:54.529+0200: 13.056: [GC (Allocation Failure) [PSYoungGen: 625733K->37732K(637440K)] 645025K->57024K(2035712K), 0.0136696 secs] [Times: user=0.13 sys=0.00, real=0.01 secs] 
2020-09-29T17:40:54.594+0200: 13.120: [GC (Allocation Failure) [PSYoungGen: 611172K->22468K(634880K)] 630464K->41760K(2033152K), 0.0087815 secs] [Times: user=0.11 sys=0.00, real=0.01 secs] 
2020-09-29T17:40:54.653+0200: 13.180: [GC (Allocation Failure) [PSYoungGen: 595908K->34756K(639488K)] 615200K->54048K(2037760K), 0.0125395 secs] [Times: user=0.13 sys=0.00, real=0.01 secs] 
2020-09-29T17:40:54.715+0200: 13.242: [GC (Allocation Failure) [PSYoungGen: 612292K->38085K(636928K)] 631584K->57377K(2035200K), 0.0136164 secs] [Times: user=0.13 sys=0.00, real=0.01 secs] 
2020-09-29T17:40:54.779+0200: 13.305: [GC (Allocation Failure) [PSYoungGen: 615621K->41381K(641536K)] 634913K->60673K(2039808K), 0.0152107 secs] [Times: user=0.13 sys=0.00, real=0.01 secs] 
2020-09-29T17:40:54.845+0200: 13.372: [GC (Allocation Failure) [PSYoungGen: 625061K->37093K(641024K)] 644353K->56385K(2039296K), 0.0129680 secs] [Times: user=0.13 sys=0.00, real=0.01 secs] 
2020-09-29T17:40:54.908+0200: 13.435: [GC (Allocation Failure) [PSYoungGen: 620773K->32901K(644608K)] 640065K->52193K(2042880K), 0.0115659 secs] [Times: user=0.13 sys=0.00, real=0.01 secs] 
2020-09-29T17:40:54.975+0200: 13.501: [GC (Allocation Failure) [PSYoungGen: 621701K->33797K(643072K)] 640993K->53089K(2041344K), 0.0118132 secs] [Times: user=0.00 sys=0.00, real=0.01 secs] 
2020-09-29T17:40:55.037+0200: 13.564: [GC (Allocation Failure) [PSYoungGen: 622597K->34693K(647168K)] 641889K->53985K(2045440K), 0.0119107 secs] [Times: user=0.00 sys=0.00, real=0.01 secs] 
2020-09-29T17:40:55.100+0200: 13.627: [GC (Allocation Failure) [PSYoungGen: 628613K->26884K(645632K)] 647905K->46176K(2043904K), 0.0098781 secs] [Times: user=0.00 sys=0.00, real=0.01 secs] 
2020-09-29T17:40:55.165+0200: 13.692: [GC (Allocation Failure) [PSYoungGen: 620804K->31428K(648192K)] 640096K->50720K(2046464K), 0.0117787 secs] [Times: user=0.13 sys=0.00, real=0.01 secs] 
2020-09-29T17:40:55.230+0200: 13.757: [GC (Allocation Failure) [PSYoungGen: 627908K->40037K(647168K)] 647200K->59329K(2045440K), 0.0137138 secs] [Times: user=0.13 sys=0.00, real=0.01 secs] 
2020-09-29T17:40:55.295+0200: 13.822: [GC (Allocation Failure) [PSYoungGen: 636517K->34852K(649216K)] 655809K->54144K(2047488K), 0.0130604 secs] [Times: user=0.13 sys=0.00, real=0.01 secs] 
2020-09-29T17:40:55.360+0200: 13.887: [GC (Allocation Failure) [PSYoungGen: 632868K->44965K(643072K)] 652160K->64257K(2041344K), 0.0151541 secs] [Times: user=0.13 sys=0.00, real=0.02 secs] 
2020-09-29T17:40:55.426+0200: 13.953: [GC (Allocation Failure) [PSYoungGen: 642981K->41317K(646144K)] 662273K->60609K(2044416K), 0.0141460 secs] [Times: user=0.00 sys=0.00, real=0.01 secs] 
2020-09-29T17:40:55.491+0200: 14.018: [GC (Allocation Failure) [PSYoungGen: 635749K->46180K(641024K)] 655041K->65472K(2039296K), 0.0164410 secs] [Times: user=0.13 sys=0.00, real=0.02 secs] 
2020-09-29T17:40:55.558+0200: 14.085: [GC (Allocation Failure) [PSYoungGen: 640612K->25092K(643584K)] 659904K->44384K(2041856K), 0.0098115 secs] [Times: user=0.13 sys=0.00, real=0.01 secs] 
2020-09-29T17:40:55.621+0200: 14.147: [GC (Allocation Failure) [PSYoungGen: 614404K->24836K(644096K)] 633696K->44128K(2042368K), 0.0106981 secs] [Times: user=0.13 sys=0.00, real=0.01 secs] 
2020-09-29T17:40:55.682+0200: 14.209: [GC (Allocation Failure) [PSYoungGen: 614148K->25285K(644096K)] 633440K->44577K(2042368K), 0.0089245 secs] [Times: user=0.00 sys=0.00, real=0.01 secs] 
2020-09-29T17:40:55.742+0200: 14.268: [GC (Allocation Failure) [PSYoungGen: 614597K->40389K(644096K)] 633889K->59681K(2042368K), 0.0132697 secs] [Times: user=0.13 sys=0.00, real=0.01 secs] 
2020-09-29T17:40:55.805+0200: 14.332: [GC (Allocation Failure) [PSYoungGen: 629701K->54757K(632832K)] 648993K->74689K(2031104K), 0.0183133 secs] [Times: user=0.13 sys=0.00, real=0.02 secs] 
2020-09-29T17:40:55.873+0200: 14.400: [GC (Allocation Failure) [PSYoungGen: 632805K->31941K(638464K)] 652737K->51873K(2036736K), 0.0108182 secs] [Times: user=0.13 sys=0.00, real=0.01 secs] 
2020-09-29T17:40:55.933+0200: 14.460: [GC (Allocation Failure) [PSYoungGen: 609989K->34308K(641536K)] 629921K->54240K(2039808K), 0.0125940 secs] [Times: user=0.13 sys=0.00, real=0.01 secs] 
2020-09-29T17:40:55.996+0200: 14.523: [GC (Allocation Failure) [PSYoungGen: 616964K->28900K(640000K)] 636896K->48832K(2038272K), 0.0101018 secs] [Times: user=0.13 sys=0.00, real=0.01 secs] 
2020-09-29T17:40:56.056+0200: 14.583: [GC (Allocation Failure) [PSYoungGen: 611556K->37349K(644096K)] 631488K->57281K(2042368K), 0.0136899 secs] [Times: user=0.13 sys=0.00, real=0.01 secs] 
2020-09-29T17:40:56.120+0200: 14.647: [GC (Allocation Failure) [PSYoungGen: 625125K->35588K(642560K)] 645057K->55520K(2040832K), 0.0134857 secs] [Times: user=0.13 sys=0.00, real=0.01 secs] 
2020-09-29T17:40:56.185+0200: 14.712: [GC (Allocation Failure) [PSYoungGen: 623364K->33188K(647168K)] 643296K->53120K(2045440K), 0.0125491 secs] [Times: user=0.13 sys=0.00, real=0.01 secs] 
2020-09-29T17:40:56.248+0200: 14.775: [GC (Allocation Failure) [PSYoungGen: 627108K->39237K(645632K)] 647040K->59169K(2043904K), 0.0136673 secs] [Times: user=0.13 sys=0.00, real=0.01 secs] 
2020-09-29T17:40:56.313+0200: 14.839: [GC (Allocation Failure) [PSYoungGen: 633157K->45124K(644096K)] 653089K->65056K(2042368K), 0.0159913 secs] [Times: user=0.13 sys=0.00, real=0.02 secs] 
2020-09-29T17:40:56.379+0200: 14.906: [GC (Allocation Failure) [PSYoungGen: 637508K->22245K(614912K)] 657440K->42177K(2013184K), 0.0074254 secs] [Times: user=0.13 sys=0.00, real=0.01 secs] 
2020-09-29T17:40:56.440+0200: 14.967: [GC (Allocation Failure) [PSYoungGen: 614629K->40388K(644608K)] 634561K->60320K(2042880K), 0.0149857 secs] [Times: user=0.13 sys=0.00, real=0.01 secs] 
2020-09-29T17:40:56.507+0200: 15.033: [GC (Allocation Failure) [PSYoungGen: 630724K->13218K(603648K)] 650656K->33150K(2001920K), 0.0062921 secs] [Times: user=0.00 sys=0.00, real=0.01 secs] 
2020-09-29T17:40:56.564+0200: 15.091: [GC (Allocation Failure) [PSYoungGen: 603554K->43045K(640512K)] 623486K->62977K(2038784K), 0.0165169 secs] [Times: user=0.11 sys=0.00, real=0.02 secs] 
2020-09-29T17:40:56.633+0200: 15.160: [GC (Allocation Failure) [PSYoungGen: 627237K->53029K(637440K)] 647169K->72961K(2035712K), 0.0192664 secs] [Times: user=0.13 sys=0.00, real=0.02 secs] 
2020-09-29T17:40:56.703+0200: 15.229: [GC (Allocation Failure) [PSYoungGen: 637221K->49253K(631296K)] 657153K->69185K(2029568K), 0.0167471 secs] [Times: user=0.13 sys=0.00, real=0.02 secs] 
2020-09-29T17:40:56.768+0200: 15.295: [GC (Allocation Failure) [PSYoungGen: 619109K->31237K(634368K)] 639041K->51169K(2032640K), 0.0110219 secs] [Times: user=0.13 sys=0.00, real=0.01 secs] 
2020-09-29T17:40:56.827+0200: 15.354: [GC (Allocation Failure) [PSYoungGen: 601093K->39236K(637952K)] 621025K->59168K(2036224K), 0.0141557 secs] [Times: user=0.13 sys=0.00, real=0.02 secs] 
2020-09-29T17:40:56.891+0200: 15.417: [GC (Allocation Failure) [PSYoungGen: 614212K->38692K(635904K)] 634144K->58624K(2034176K), 0.0138397 secs] [Times: user=0.13 sys=0.00, real=0.01 secs] 
2020-09-29T17:40:56.954+0200: 15.480: [GC (Allocation Failure) [PSYoungGen: 613668K->37669K(641536K)] 633600K->57601K(2039808K), 0.0133494 secs] [Times: user=0.13 sys=0.00, real=0.01 secs] 
2020-09-29T17:40:57.016+0200: 15.543: [GC (Allocation Failure) [PSYoungGen: 619813K->44900K(639488K)] 639745K->64832K(2037760K), 0.0158379 secs] [Times: user=0.13 sys=0.00, real=0.02 secs] 
2020-09-29T17:40:57.082+0200: 15.609: [GC (Allocation Failure) [PSYoungGen: 627044K->39109K(642560K)] 646976K->59041K(2040832K), 0.0131927 secs] [Times: user=0.13 sys=0.00, real=0.01 secs] 
2020-09-29T17:40:57.145+0200: 15.672: [GC (Allocation Failure) [PSYoungGen: 623813K->35877K(641024K)] 643745K->55809K(2039296K), 0.0123467 secs] [Times: user=0.00 sys=0.00, real=0.01 secs] 
2020-09-29T17:40:57.214+0200: 15.741: [GC (Allocation Failure) [PSYoungGen: 620581K->46309K(641536K)] 640513K->66241K(2039808K), 0.0160172 secs] [Times: user=0.13 sys=0.00, real=0.02 secs] 
2020-09-29T17:40:57.281+0200: 15.807: [GC (Allocation Failure) [PSYoungGen: 632549K->44613K(631296K)] 652481K->64545K(2029568K), 0.0149194 secs] [Times: user=0.13 sys=0.00, real=0.01 secs] 
2020-09-29T17:40:57.345+0200: 15.872: [GC (Allocation Failure) [PSYoungGen: 630853K->27331K(641024K)] 650785K->47263K(2039296K), 0.0109860 secs] [Times: user=0.13 sys=0.00, real=0.01 secs] 
2020-09-29T17:40:57.407+0200: 15.933: [GC (Allocation Failure) [PSYoungGen: 611523K->20419K(604672K)] 631455K->40351K(2002944K), 0.0083969 secs] [Times: user=0.13 sys=0.00, real=0.01 secs] 
2020-09-29T17:40:57.469+0200: 15.996: [GC (Allocation Failure) [PSYoungGen: 604611K->30340K(641536K)] 624543K->50272K(2039808K), 0.0119286 secs] [Times: user=0.13 sys=0.00, real=0.01 secs] 
2020-09-29T17:40:57.533+0200: 16.060: [GC (Allocation Failure) [PSYoungGen: 613508K->24868K(640512K)] 633440K->44800K(2038784K), 0.0095455 secs] [Times: user=0.13 sys=0.00, real=0.01 secs] 
2020-09-29T17:40:57.594+0200: 16.121: [GC (Allocation Failure) [PSYoungGen: 608036K->47460K(636928K)] 627968K->67392K(2035200K), 0.0183251 secs] [Times: user=0.11 sys=0.00, real=0.02 secs] 
2020-09-29T17:40:57.664+0200: 16.190: [GC (Allocation Failure) [PSYoungGen: 627556K->39492K(639488K)] 647488K->59424K(2037760K), 0.0141934 secs] [Times: user=0.13 sys=0.00, real=0.01 secs] 
2020-09-29T17:40:57.728+0200: 16.255: [GC (Allocation Failure) [PSYoungGen: 619588K->29924K(641536K)] 639520K->49856K(2039808K), 0.0113375 secs] [Times: user=0.13 sys=0.00, real=0.01 secs] 
2020-09-29T17:40:57.789+0200: 16.316: [GC (Allocation Failure) [PSYoungGen: 613092K->52517K(635904K)] 633024K->72449K(2034176K), 0.0175476 secs] [Times: user=0.13 sys=0.00, real=0.02 secs] 
2020-09-29T17:40:57.857+0200: 16.384: [GC (Allocation Failure) [PSYoungGen: 635685K->47781K(634368K)] 655617K->67713K(2032640K), 0.0161154 secs] [Times: user=0.13 sys=0.00, real=0.02 secs] 
2020-09-29T17:40:57.922+0200: 16.449: [GC (Allocation Failure) [PSYoungGen: 620709K->32708K(635904K)] 640641K->52640K(2034176K), 0.0122671 secs] [Times: user=0.13 sys=0.00, real=0.01 secs] 
2020-09-29T17:40:57.984+0200: 16.511: [GC (Allocation Failure) [PSYoungGen: 605636K->31397K(638464K)] 625568K->51329K(2036736K), 0.0109281 secs] [Times: user=0.11 sys=0.00, real=0.01 secs] 
2020-09-29T17:40:58.046+0200: 16.573: [GC (Allocation Failure) [PSYoungGen: 608421K->34213K(637440K)] 628353K->54145K(2035712K), 0.0113839 secs] [Times: user=0.13 sys=0.00, real=0.01 secs] 
2020-09-29T17:40:58.107+0200: 16.634: [GC (Allocation Failure) [PSYoungGen: 611237K->50693K(634368K)] 631169K->70625K(2032640K), 0.0168678 secs] [Times: user=0.13 sys=0.00, real=0.02 secs] 
2020-09-29T17:40:58.173+0200: 16.700: [GC (Allocation Failure) [PSYoungGen: 626693K->52421K(628736K)] 646625K->72353K(2027008K), 0.0176007 secs] [Times: user=0.13 sys=0.00, real=0.02 secs] 
2020-09-29T17:40:58.241+0200: 16.768: [GC (Allocation Failure) [PSYoungGen: 628421K->26852K(634880K)] 648353K->46784K(2033152K), 0.0097383 secs] [Times: user=0.00 sys=0.00, real=0.01 secs] 
2020-09-29T17:40:58.299+0200: 16.826: [GC (Allocation Failure) [PSYoungGen: 597220K->19716K(634368K)] 617152K->39648K(2032640K), 0.0075159 secs] [Times: user=0.13 sys=0.00, real=0.01 secs] 
2020-09-29T17:40:58.355+0200: 16.882: [GC (Allocation Failure) [PSYoungGen: 590084K->26403K(635392K)] 610016K->46335K(2033664K), 0.0100193 secs] [Times: user=0.13 sys=0.00, real=0.01 secs] 
2020-09-29T17:40:58.414+0200: 16.941: [GC (Allocation Failure) [PSYoungGen: 597283K->36773K(634368K)] 617215K->56705K(2032640K), 0.0131724 secs] [Times: user=0.13 sys=0.00, real=0.01 secs] 
2020-09-29T17:40:58.480+0200: 17.007: [GC (Allocation Failure) [PSYoungGen: 607653K->46981K(634368K)] 627585K->66913K(2032640K), 0.0158511 secs] [Times: user=0.13 sys=0.00, real=0.02 secs] 
2020-09-29T17:40:58.547+0200: 17.074: [GC (Allocation Failure) [PSYoungGen: 619909K->45701K(619008K)] 639841K->65633K(2017280K), 0.0158462 secs] [Times: user=0.13 sys=0.00, real=0.02 secs] 
2020-09-29T17:40:58.615+0200: 17.142: [GC (Allocation Failure) [PSYoungGen: 618629K->30725K(636416K)] 638561K->50657K(2034688K), 0.0122314 secs] [Times: user=0.00 sys=0.00, real=0.01 secs] 
2020-09-29T17:40:58.676+0200: 17.203: [GC (Allocation Failure) [PSYoungGen: 603653K->43109K(635392K)] 623585K->63041K(2033664K), 0.0150379 secs] [Times: user=0.01 sys=0.00, real=0.02 secs] 
2020-09-29T17:40:58.741+0200: 17.267: [GC (Allocation Failure) [PSYoungGen: 616037K->41764K(637952K)] 635969K->61696K(2036224K), 0.0148202 secs] [Times: user=0.13 sys=0.00, real=0.01 secs] 
2020-09-29T17:40:58.807+0200: 17.334: [GC (Allocation Failure) [PSYoungGen: 617764K->43204K(636928K)] 637696K->63136K(2035200K), 0.0165890 secs] [Times: user=0.13 sys=0.00, real=0.02 secs] 
2020-09-29T17:40:58.876+0200: 17.402: [GC (Allocation Failure) [PSYoungGen: 619204K->31237K(638976K)] 639136K->51169K(2037248K), 0.0131103 secs] [Times: user=0.11 sys=0.00, real=0.01 secs] 
2020-09-29T17:40:58.941+0200: 17.468: [GC (Allocation Failure) [PSYoungGen: 609285K->34981K(637952K)] 629217K->54913K(2036224K), 0.0153169 secs] [Times: user=0.11 sys=0.00, real=0.02 secs] 
2020-09-29T17:40:59.008+0200: 17.535: [GC (Allocation Failure) [PSYoungGen: 613029K->24643K(640512K)] 632961K->44575K(2038784K), 0.0103637 secs] [Times: user=0.00 sys=0.00, real=0.01 secs] 
2020-09-29T17:40:59.068+0200: 17.595: [GC (Allocation Failure) [PSYoungGen: 606787K->29988K(640512K)] 626719K->49920K(2038784K), 0.0117415 secs] [Times: user=0.00 sys=0.00, real=0.01 secs] 
2020-09-29T17:40:59.132+0200: 17.659: [GC (Allocation Failure) [PSYoungGen: 612132K->51589K(634368K)] 632064K->71521K(2032640K), 0.0197113 secs] [Times: user=0.11 sys=0.00, real=0.02 secs] 
2020-09-29T17:40:59.202+0200: 17.729: [GC (Allocation Failure) [PSYoungGen: 628613K->25605K(637952K)] 648545K->45537K(2036224K), 0.0096081 secs] [Times: user=0.11 sys=0.00, real=0.01 secs] 
2020-09-29T17:40:59.262+0200: 17.789: [GC (Allocation Failure) [PSYoungGen: 602629K->13667K(635392K)] 622561K->33599K(2033664K), 0.0071435 secs] [Times: user=0.00 sys=0.00, real=0.01 secs] 
2020-09-29T17:40:59.319+0200: 17.846: [GC (Allocation Failure) [PSYoungGen: 588643K->28037K(636928K)] 608575K->47969K(2035200K), 0.0098579 secs] [Times: user=0.00 sys=0.00, real=0.01 secs] 
2020-09-29T17:40:59.380+0200: 17.907: [GC (Allocation Failure) [PSYoungGen: 603013K->42501K(636928K)] 622945K->62433K(2035200K), 0.0147187 secs] [Times: user=0.13 sys=0.00, real=0.01 secs] 
2020-09-29T17:40:59.445+0200: 17.971: [GC (Allocation Failure) [PSYoungGen: 619525K->45189K(622592K)] 639457K->65121K(2020864K), 0.0153249 secs] [Times: user=0.13 sys=0.00, real=0.02 secs] 
2020-09-29T17:40:59.510+0200: 18.037: [GC (Allocation Failure) [PSYoungGen: 622213K->47941K(632320K)] 642145K->67873K(2030592K), 0.0161770 secs] [Times: user=0.13 sys=0.00, real=0.02 secs] 
2020-09-29T17:40:59.579+0200: 18.106: [GC (Allocation Failure) [PSYoungGen: 617797K->15524K(585728K)] 637729K->35456K(1984000K), 0.0059950 secs] [Times: user=0.11 sys=0.00, real=0.01 secs] 
2020-09-29T17:40:59.635+0200: 18.162: [GC (Allocation Failure) [PSYoungGen: 585380K->52197K(626688K)] 605312K->72129K(2024960K), 0.0183921 secs] [Times: user=0.13 sys=0.00, real=0.02 secs] 
2020-09-29T17:40:59.703+0200: 18.230: [GC (Allocation Failure) [PSYoungGen: 613861K->39653K(630272K)] 633793K->59585K(2028544K), 0.0135474 secs] [Times: user=0.13 sys=0.00, real=0.01 secs] 
2020-09-29T17:40:59.765+0200: 18.292: [GC (Allocation Failure) [PSYoungGen: 601317K->26852K(633344K)] 621249K->46784K(2031616K), 0.0104797 secs] [Times: user=0.13 sys=0.00, real=0.01 secs] 
2020-09-29T17:40:59.826+0200: 18.353: [GC (Allocation Failure) [PSYoungGen: 593636K->32356K(632320K)] 613568K->52288K(2030592K), 0.0122862 secs] [Times: user=0.13 sys=0.00, real=0.01 secs] 
2020-09-29T17:40:59.888+0200: 18.415: [GC (Allocation Failure) [PSYoungGen: 599140K->52293K(628736K)] 619072K->72225K(2027008K), 0.0171940 secs] [Times: user=0.13 sys=0.00, real=0.02 secs] 
2020-09-29T17:40:59.954+0200: 18.481: [GC (Allocation Failure) [PSYoungGen: 618053K->28964K(632320K)] 637985K->48896K(2030592K), 0.0111948 secs] [Times: user=0.13 sys=0.00, real=0.01 secs] 
2020-09-29T17:41:00.019+0200: 18.545: [GC (Allocation Failure) [PSYoungGen: 594724K->33220K(636416K)] 614656K->53152K(2034688K), 0.0135482 secs] [Times: user=0.09 sys=0.00, real=0.01 secs] 
2020-09-29T17:41:00.082+0200: 18.608: [GC (Allocation Failure) [PSYoungGen: 604612K->29093K(633856K)] 624544K->49025K(2032128K), 0.0113439 secs] [Times: user=0.13 sys=0.00, real=0.01 secs] 
2020-09-29T17:41:00.142+0200: 18.669: [GC (Allocation Failure) [PSYoungGen: 600485K->26213K(638976K)] 620417K->46145K(2037248K), 0.0086611 secs] [Times: user=0.13 sys=0.00, real=0.01 secs] 
2020-09-29T17:41:00.200+0200: 18.727: [GC (Allocation Failure) [PSYoungGen: 604261K->43717K(637952K)] 624193K->63649K(2036224K), 0.0152404 secs] [Times: user=0.13 sys=0.00, real=0.02 secs] 
2020-09-29T17:41:00.265+0200: 18.792: [GC (Allocation Failure) [PSYoungGen: 621765K->47557K(633856K)] 641697K->67489K(2032128K), 0.0161127 secs] [Times: user=0.13 sys=0.00, real=0.02 secs] 
2020-09-29T17:41:00.331+0200: 18.858: [GC (Allocation Failure) [PSYoungGen: 620485K->30916K(635904K)] 640417K->50848K(2034176K), 0.0117420 secs] [Times: user=0.13 sys=0.00, real=0.01 secs] 
2020-09-29T17:41:00.395+0200: 18.922: [GC (Allocation Failure) [PSYoungGen: 603844K->43237K(637440K)] 623776K->63169K(2035712K), 0.0141611 secs] [Times: user=0.00 sys=0.00, real=0.01 secs] 
2020-09-29T17:41:00.462+0200: 18.989: [GC (Allocation Failure) [PSYoungGen: 619237K->30276K(637440K)] 639169K->50208K(2035712K), 0.0108257 secs] [Times: user=0.00 sys=0.00, real=0.01 secs] 
2020-09-29T17:41:00.524+0200: 19.051: [GC (Allocation Failure) [PSYoungGen: 606276K->29219K(640000K)] 626208K->49151K(2038272K), 0.0114655 secs] [Times: user=0.00 sys=0.00, real=0.01 secs] 
2020-09-29T17:41:00.587+0200: 19.113: [GC (Allocation Failure) [PSYoungGen: 609315K->48709K(629248K)] 629247K->68641K(2027520K), 0.0193200 secs] [Times: user=0.11 sys=0.00, real=0.02 secs] 
2020-09-29T17:41:00.658+0200: 19.184: [GC (Allocation Failure) [PSYoungGen: 628805K->40837K(638464K)] 648737K->60769K(2036736K), 0.0148834 secs] [Times: user=0.13 sys=0.00, real=0.01 secs] 
2020-09-29T17:41:00.722+0200: 19.249: [GC (Allocation Failure) [PSYoungGen: 617861K->12897K(590336K)] 637793K->32829K(1988608K), 0.0072606 secs] [Times: user=0.13 sys=0.00, real=0.01 secs] 
2020-09-29T17:41:00.784+0200: 19.311: [GC (Allocation Failure) [PSYoungGen: 589921K->15428K(635392K)] 609853K->35360K(2033664K), 0.0055963 secs] [Times: user=0.13 sys=0.00, real=0.01 secs] 
2020-09-29T17:41:00.840+0200: 19.367: [GC (Allocation Failure) [PSYoungGen: 588356K->27332K(635904K)] 608288K->47264K(2034176K), 0.0104852 secs] [Times: user=0.13 sys=0.00, real=0.01 secs] 
2020-09-29T17:41:00.899+0200: 19.426: [GC (Allocation Failure) [PSYoungGen: 600260K->53381K(627712K)] 620192K->73313K(2025984K), 0.0177678 secs] [Times: user=0.13 sys=0.00, real=0.02 secs] 
2020-09-29T17:41:00.965+0200: 19.492: [GC (Allocation Failure) [PSYoungGen: 620165K->32133K(632832K)] 640097K->52065K(2031104K), 0.0107437 secs] [Times: user=0.13 sys=0.00, real=0.01 secs] 
2020-09-29T17:41:01.025+0200: 19.552: [GC (Allocation Failure) [PSYoungGen: 598917K->38405K(636928K)] 618849K->58337K(2035200K), 0.0135847 secs] [Times: user=0.13 sys=0.00, real=0.01 secs] 
2020-09-29T17:41:01.088+0200: 19.614: [GC (Allocation Failure) [PSYoungGen: 612357K->37988K(635904K)] 632289K->57920K(2034176K), 0.0135482 secs] [Times: user=0.13 sys=0.00, real=0.01 secs] 
2020-09-29T17:41:01.151+0200: 19.678: [GC (Allocation Failure) [PSYoungGen: 611940K->37701K(640000K)] 631872K->57633K(2038272K), 0.0132273 secs] [Times: user=0.13 sys=0.00, real=0.01 secs] 
2020-09-29T17:41:01.213+0200: 19.740: [GC (Allocation Failure) [PSYoungGen: 617285K->42660K(638464K)] 637217K->62592K(2036736K), 0.0151713 secs] [Times: user=0.13 sys=0.00, real=0.02 secs] 
2020-09-29T17:41:01.278+0200: 19.805: [GC (Allocation Failure) [PSYoungGen: 622244K->34341K(641536K)] 642176K->54273K(2039808K), 0.0115727 secs] [Times: user=0.13 sys=0.00, real=0.01 secs] 
2020-09-29T17:41:01.342+0200: 19.869: [GC (Allocation Failure) [PSYoungGen: 616485K->40740K(639488K)] 636417K->60672K(2037760K), 0.0158837 secs] [Times: user=0.13 sys=0.00, real=0.02 secs] 
2020-09-29T17:41:01.413+0200: 19.940: [GC (Allocation Failure) [PSYoungGen: 622884K->34308K(643584K)] 642816K->54240K(2041856K), 0.0127234 secs] [Times: user=0.00 sys=0.00, real=0.01 secs] 
2020-09-29T17:41:01.476+0200: 20.003: [GC (Allocation Failure) [PSYoungGen: 621060K->33157K(642048K)] 640992K->53089K(2040320K), 0.0115107 secs] [Times: user=0.00 sys=0.00, real=0.01 secs] 
2020-09-29T17:41:01.538+0200: 20.064: [GC (Allocation Failure) [PSYoungGen: 619909K->31780K(646144K)] 639841K->51712K(2044416K), 0.0121031 secs] [Times: user=0.00 sys=0.00, real=0.01 secs] 
2020-09-29T17:41:01.605+0200: 20.131: [GC (Allocation Failure) [PSYoungGen: 624164K->36228K(645120K)] 644096K->56160K(2043392K), 0.0135321 secs] [Times: user=0.11 sys=0.00, real=0.01 secs] 
2020-09-29T17:41:01.670+0200: 20.197: [GC (Allocation Failure) [PSYoungGen: 628612K->25251K(646656K)] 648544K->45183K(2044928K), 0.0103764 secs] [Times: user=0.13 sys=0.00, real=0.01 secs] 
2020-09-29T17:41:01.732+0200: 20.259: [GC (Allocation Failure) [PSYoungGen: 620707K->18339K(613888K)] 640639K->38271K(2012160K), 0.0081263 secs] [Times: user=0.13 sys=0.00, real=0.01 secs] 
2020-09-29T17:41:01.791+0200: 20.318: [GC (Allocation Failure) [PSYoungGen: 613795K->39557K(645120K)] 633727K->59489K(2043392K), 0.0129637 secs] [Times: user=0.13 sys=0.00, real=0.01 secs] 
2020-09-29T17:41:01.855+0200: 20.382: [GC (Allocation Failure) [PSYoungGen: 631941K->28740K(645632K)] 651873K->48672K(2043904K), 0.0106169 secs] [Times: user=0.13 sys=0.00, real=0.01 secs] 
2020-09-29T17:41:01.917+0200: 20.444: [GC (Allocation Failure) [PSYoungGen: 621124K->46885K(640512K)] 641056K->66817K(2038784K), 0.0155768 secs] [Times: user=0.13 sys=0.00, real=0.02 secs] 
2020-09-29T17:41:01.984+0200: 20.511: [GC (Allocation Failure) [PSYoungGen: 635173K->15875K(604672K)] 655105K->35807K(2002944K), 0.0065674 secs] [Times: user=0.13 sys=0.00, real=0.01 secs] 
2020-09-29T17:41:02.044+0200: 20.571: [GC (Allocation Failure) [PSYoungGen: 604163K->29861K(644608K)] 624095K->49793K(2042880K), 0.0104457 secs] [Times: user=0.13 sys=0.00, real=0.01 secs] 
2020-09-29T17:41:02.106+0200: 20.633: [GC (Allocation Failure) [PSYoungGen: 618149K->43204K(642560K)] 638081K->63136K(2040832K), 0.0150099 secs] [Times: user=0.13 sys=0.00, real=0.02 secs] 
2020-09-29T17:41:02.171+0200: 20.698: [GC (Allocation Failure) [PSYoungGen: 631492K->28101K(644096K)] 651424K->48033K(2042368K), 0.0095397 secs] [Times: user=0.13 sys=0.00, real=0.01 secs] 
2020-09-29T17:41:02.232+0200: 20.759: [GC (Allocation Failure) [PSYoungGen: 615877K->27941K(642560K)] 635809K->47873K(2040832K), 0.0104164 secs] [Times: user=0.13 sys=0.00, real=0.01 secs] 
2020-09-29T17:41:02.293+0200: 20.820: [GC (Allocation Failure) [PSYoungGen: 615717K->41445K(643072K)] 635649K->61377K(2041344K), 0.0144813 secs] [Times: user=0.13 sys=0.00, real=0.02 secs] 
2020-09-29T17:41:02.361+0200: 20.887: [GC (Allocation Failure) [PSYoungGen: 630757K->42180K(631808K)] 650689K->62112K(2030080K), 0.0176142 secs] [Times: user=0.11 sys=0.00, real=0.02 secs] 
2020-09-29T17:41:02.428+0200: 20.955: [GC (Allocation Failure) [PSYoungGen: 631492K->43589K(640000K)] 651424K->63521K(2038272K), 0.0149782 secs] [Times: user=0.13 sys=0.00, real=0.02 secs] 
2020-09-29T17:41:02.493+0200: 21.020: [GC (Allocation Failure) [PSYoungGen: 627781K->26213K(641536K)] 647713K->46145K(2039808K), 0.0091234 secs] [Times: user=0.00 sys=0.00, real=0.01 secs] 
2020-09-29T17:41:02.553+0200: 21.079: [GC (Allocation Failure) [PSYoungGen: 610405K->49893K(634880K)] 630337K->69825K(2033152K), 0.0167504 secs] [Times: user=0.13 sys=0.00, real=0.02 secs] 
2020-09-29T17:41:02.621+0200: 21.147: [GC (Allocation Failure) [PSYoungGen: 627941K->26244K(638464K)] 647873K->46176K(2036736K), 0.0109724 secs] [Times: user=0.11 sys=0.00, real=0.01 secs] 
2020-09-29T17:41:02.682+0200: 21.209: [GC (Allocation Failure) [PSYoungGen: 604292K->41636K(639488K)] 624224K->61568K(2037760K), 0.0149311 secs] [Times: user=0.13 sys=0.00, real=0.02 secs] 
2020-09-29T17:41:02.747+0200: 21.274: [GC (Allocation Failure) [PSYoungGen: 621732K->47525K(627712K)] 641664K->67457K(2025984K), 0.0157845 secs] [Times: user=0.13 sys=0.00, real=0.02 secs] 
2020-09-29T17:41:02.813+0200: 21.340: [GC (Allocation Failure) [PSYoungGen: 627621K->39717K(638464K)] 647553K->59649K(2036736K), 0.0135787 secs] [Times: user=0.13 sys=0.00, real=0.01 secs] 
2020-09-29T17:41:02.878+0200: 21.405: [GC (Allocation Failure) [PSYoungGen: 616741K->41221K(637440K)] 636673K->61153K(2035712K), 0.0141748 secs] [Times: user=0.13 sys=0.00, real=0.01 secs] 
2020-09-29T17:41:02.944+0200: 21.471: [GC (Allocation Failure) [PSYoungGen: 618245K->15363K(636416K)] 638177K->35295K(2034688K), 0.0081732 secs] [Times: user=0.00 sys=0.00, real=0.01 secs] 
2020-09-29T17:41:03.004+0200: 21.531: [GC (Allocation Failure) [PSYoungGen: 592387K->45541K(622592K)] 612319K->65473K(2020864K), 0.0194832 secs] [Times: user=0.13 sys=0.00, real=0.02 secs] 
2020-09-29T17:41:03.076+0200: 21.603: [GC (Allocation Failure) [PSYoungGen: 622565K->19844K(636416K)] 642497K->39776K(2034688K), 0.0095157 secs] [Times: user=0.09 sys=0.00, real=0.01 secs] 
2020-09-29T17:41:03.135+0200: 21.662: [GC (Allocation Failure) [PSYoungGen: 593796K->33124K(636416K)] 613728K->53056K(2034688K), 0.0120271 secs] [Times: user=0.13 sys=0.00, real=0.01 secs] 
2020-09-29T17:41:03.197+0200: 21.724: [GC (Allocation Failure) [PSYoungGen: 607076K->46533K(634880K)] 627008K->66465K(2033152K), 0.0158800 secs] [Times: user=0.13 sys=0.00, real=0.02 secs] 
2020-09-29T17:41:03.262+0200: 21.789: [GC (Allocation Failure) [PSYoungGen: 621509K->32452K(636928K)] 641441K->52384K(2035200K), 0.0121221 secs] [Times: user=0.13 sys=0.00, real=0.01 secs] 
2020-09-29T17:41:03.324+0200: 21.851: [GC (Allocation Failure) [PSYoungGen: 607428K->32708K(641024K)] 627360K->52640K(2039296K), 0.0123011 secs] [Times: user=0.13 sys=0.00, real=0.01 secs] 
2020-09-29T17:41:03.386+0200: 21.913: [GC (Allocation Failure) [PSYoungGen: 613828K->23203K(638976K)] 633760K->43135K(2037248K), 0.0105866 secs] [Times: user=0.13 sys=0.00, real=0.01 secs] 
2020-09-29T17:41:03.446+0200: 21.973: [GC (Allocation Failure) [PSYoungGen: 604323K->29187K(642560K)] 624255K->49119K(2040832K), 0.0115231 secs] [Times: user=0.13 sys=0.00, real=0.01 secs] 
2020-09-29T17:41:03.509+0200: 22.036: [GC (Allocation Failure) [PSYoungGen: 613891K->39717K(641024K)] 633823K->59649K(2039296K), 0.0131653 secs] [Times: user=0.13 sys=0.00, real=0.01 secs] 
2020-09-29T17:41:03.574+0200: 22.101: [GC (Allocation Failure) [PSYoungGen: 624421K->50117K(635392K)] 644353K->70049K(2033664K), 0.0200699 secs] [Times: user=0.11 sys=0.00, real=0.02 secs] 
2020-09-29T17:41:03.645+0200: 22.172: [GC (Allocation Failure) [PSYoungGen: 629189K->39429K(638976K)] 649121K->59361K(2037248K), 0.0141231 secs] [Times: user=0.00 sys=0.00, real=0.01 secs] 
2020-09-29T17:41:03.709+0200: 22.236: [GC (Allocation Failure) [PSYoungGen: 618501K->43141K(638976K)] 638433K->63073K(2037248K), 0.0153074 secs] [Times: user=0.13 sys=0.00, real=0.01 secs] 
2020-09-29T17:41:03.774+0200: 22.301: [GC (Allocation Failure) [PSYoungGen: 623237K->35237K(639488K)] 643169K->55169K(2037760K), 0.0118512 secs] [Times: user=0.13 sys=0.00, real=0.01 secs] 
2020-09-29T17:41:03.836+0200: 22.363: [GC (Allocation Failure) [PSYoungGen: 615333K->27364K(642048K)] 635265K->47296K(2040320K), 0.0107914 secs] [Times: user=0.00 sys=0.00, real=0.01 secs] 
2020-09-29T17:41:03.898+0200: 22.425: [GC (Allocation Failure) [PSYoungGen: 612068K->37092K(641536K)] 632000K->57024K(2039808K), 0.0137250 secs] [Times: user=0.13 sys=0.00, real=0.01 secs] 
2020-09-29T17:41:03.962+0200: 22.489: [GC (Allocation Failure) [PSYoungGen: 621796K->33187K(645120K)] 641728K->53119K(2043392K), 0.0132398 secs] [Times: user=0.13 sys=0.00, real=0.01 secs] 
2020-09-29T17:41:04.029+0200: 22.556: [GC (Allocation Failure) [PSYoungGen: 623011K->34020K(643584K)] 642943K->53952K(2041856K), 0.0135021 secs] [Times: user=0.11 sys=0.00, real=0.01 secs] 
2020-09-29T17:41:04.099+0200: 22.626: [GC (Allocation Failure) [PSYoungGen: 623844K->34149K(648192K)] 643776K->54081K(2046464K), 0.0123544 secs] [Times: user=0.00 sys=0.00, real=0.01 secs] 
2020-09-29T17:41:04.162+0200: 22.689: [GC (Allocation Failure) [PSYoungGen: 630117K->40484K(646656K)] 650049K->60416K(2044928K), 0.0157092 secs] [Times: user=0.11 sys=0.00, real=0.02 secs] 
2020-09-29T17:41:04.229+0200: 22.756: [GC (Allocation Failure) [PSYoungGen: 636452K->33605K(648704K)] 656384K->53537K(2046976K), 0.0118256 secs] [Times: user=0.13 sys=0.00, real=0.01 secs] 
2020-09-29T17:41:04.292+0200: 22.819: [GC (Allocation Failure) [PSYoungGen: 631109K->43269K(641024K)] 651041K->63201K(2039296K), 0.0149697 secs] [Times: user=0.13 sys=0.00, real=0.01 secs] 
2020-09-29T17:41:04.358+0200: 22.885: [GC (Allocation Failure) [PSYoungGen: 640773K->23877K(646144K)] 660705K->43809K(2044416K), 0.0092536 secs] [Times: user=0.13 sys=0.00, real=0.01 secs] 
2020-09-29T17:41:04.418+0200: 22.945: [GC (Allocation Failure) [PSYoungGen: 618309K->42788K(637440K)] 638241K->62720K(2035712K), 0.0177835 secs] [Times: user=0.11 sys=0.00, real=0.02 secs] 
2020-09-29T17:41:04.487+0200: 23.014: [GC (Allocation Failure) [PSYoungGen: 637220K->34820K(647168K)] 657152K->54752K(2045440K), 0.0126923 secs] [Times: user=0.13 sys=0.00, real=0.01 secs] 
2020-09-29T17:41:04.550+0200: 23.078: [GC (Allocation Failure) [PSYoungGen: 628740K->40165K(645632K)] 648672K->60097K(2043904K), 0.0141236 secs] [Times: user=0.00 sys=0.02, real=0.02 secs] 
2020-09-29T17:41:04.617+0200: 23.144: [GC (Allocation Failure) [PSYoungGen: 634085K->32485K(648192K)] 654017K->52417K(2046464K), 0.0119378 secs] [Times: user=0.11 sys=0.00, real=0.01 secs] 
2020-09-29T17:41:04.683+0200: 23.210: [GC (Allocation Failure) [PSYoungGen: 628965K->41093K(647168K)] 648897K->61025K(2045440K), 0.0140937 secs] [Times: user=0.13 sys=0.00, real=0.01 secs] 
2020-09-29T17:41:04.747+0200: 23.274: [GC (Allocation Failure) [PSYoungGen: 637573K->35332K(648704K)] 657505K->55264K(2046976K), 0.0128983 secs] [Times: user=0.13 sys=0.00, real=0.01 secs] 
2020-09-29T17:41:04.812+0200: 23.339: [GC (Allocation Failure) [PSYoungGen: 632836K->28388K(647680K)] 652768K->48320K(2045952K), 0.0108696 secs] [Times: user=0.13 sys=0.00, real=0.01 secs] 
2020-09-29T17:41:04.874+0200: 23.401: [GC (Allocation Failure) [PSYoungGen: 625892K->38085K(649216K)] 645824K->58017K(2047488K), 0.0135471 secs] [Times: user=0.13 sys=0.00, real=0.01 secs] 
2020-09-29T17:41:04.939+0200: 23.466: [GC (Allocation Failure) [PSYoungGen: 637125K->21893K(621056K)] 657057K->41825K(2019328K), 0.0069032 secs] [Times: user=0.13 sys=0.00, real=0.01 secs] 
2020-09-29T17:41:04.997+0200: 23.524: [GC (Allocation Failure) [PSYoungGen: 620933K->45669K(643072K)] 640865K->65601K(2041344K), 0.0160814 secs] [Times: user=0.13 sys=0.00, real=0.02 secs] 
2020-09-29T17:41:05.063+0200: 23.590: [GC (Allocation Failure) [PSYoungGen: 638053K->3297K(595968K)] 657985K->23229K(1994240K), 0.0028658 secs] [Times: user=0.00 sys=0.00, real=0.00 secs] 
2020-09-29T17:41:05.120+0200: 23.647: [GC (Allocation Failure) [PSYoungGen: 595681K->19043K(642048K)] 615613K->38975K(2040320K), 0.0083156 secs] [Times: user=0.00 sys=0.00, real=0.01 secs] 
2020-09-29T17:41:05.178+0200: 23.705: [GC (Allocation Failure) [PSYoungGen: 604259K->29859K(642048K)] 624191K->49791K(2040320K), 0.0117963 secs] [Times: user=0.00 sys=0.00, real=0.01 secs] 
2020-09-29T17:41:05.240+0200: 23.767: [GC (Allocation Failure) [PSYoungGen: 615075K->40357K(642560K)] 635007K->60289K(2040832K), 0.0141967 secs] [Times: user=0.13 sys=0.00, real=0.02 secs] 
2020-09-29T17:41:05.304+0200: 23.831: [GC (Allocation Failure) [PSYoungGen: 628645K->20355K(643584K)] 648577K->40287K(2041856K), 0.0083327 secs] [Times: user=0.00 sys=0.00, real=0.01 secs] 
2020-09-29T17:41:05.363+0200: 23.890: [GC (Allocation Failure) [PSYoungGen: 608643K->34437K(644608K)] 628575K->54369K(2042880K), 0.0120475 secs] [Times: user=0.13 sys=0.00, real=0.01 secs] 
2020-09-29T17:41:05.425+0200: 23.952: [GC (Allocation Failure) [PSYoungGen: 623749K->35813K(643584K)] 643681K->55745K(2041856K), 0.0120001 secs] [Times: user=0.08 sys=0.00, real=0.01 secs] 
2020-09-29T17:41:05.489+0200: 24.016: [GC (Allocation Failure) [PSYoungGen: 625125K->20451K(645632K)] 645057K->40383K(2043904K), 0.0088659 secs] [Times: user=0.00 sys=0.00, real=0.01 secs] 
2020-09-29T17:41:05.548+0200: 24.075: [GC (Allocation Failure) [PSYoungGen: 612323K->24197K(645120K)] 632255K->44129K(2043392K), 0.0085932 secs] [Times: user=0.13 sys=0.00, real=0.01 secs] 
2020-09-29T17:41:05.610+0200: 24.137: [GC (Allocation Failure) [PSYoungGen: 616069K->26532K(648192K)] 636001K->46464K(2046464K), 0.0108641 secs] [Times: user=0.11 sys=0.00, real=0.01 secs] 
2020-09-29T17:41:05.672+0200: 24.199: [GC (Allocation Failure) [PSYoungGen: 622500K->48101K(644096K)] 642432K->68033K(2042368K), 0.0176029 secs] [Times: user=0.13 sys=0.00, real=0.02 secs] 
2020-09-29T17:41:05.740+0200: 24.267: [GC (Allocation Failure) [PSYoungGen: 644069K->27972K(645632K)] 664001K->47904K(2043904K), 0.0102504 secs] [Times: user=0.00 sys=0.00, real=0.01 secs] 
2020-09-29T17:41:05.801+0200: 24.328: [GC (Allocation Failure) [PSYoungGen: 618820K->30917K(644096K)] 638752K->50849K(2042368K), 0.0105966 secs] [Times: user=0.00 sys=0.00, real=0.01 secs] 
2020-09-29T17:41:05.866+0200: 24.393: [GC (Allocation Failure) [PSYoungGen: 621765K->33444K(648704K)] 641697K->53376K(2046976K), 0.0128043 secs] [Times: user=0.00 sys=0.02, real=0.01 secs] 
2020-09-29T17:41:05.930+0200: 24.457: [GC (Allocation Failure) [PSYoungGen: 630948K->29285K(647680K)] 650880K->49217K(2045952K), 0.0099885 secs] [Times: user=0.00 sys=0.00, real=0.01 secs] 
2020-09-29T17:41:05.994+0200: 24.521: [GC (Allocation Failure) [PSYoungGen: 626789K->25253K(651264K)] 646721K->45185K(2049536K), 0.0089338 secs] [Times: user=0.00 sys=0.00, real=0.01 secs] 
2020-09-29T17:41:06.056+0200: 24.583: [GC (Allocation Failure) [PSYoungGen: 627877K->39941K(643072K)] 647809K->59873K(2041344K), 0.0139025 secs] [Times: user=0.13 sys=0.00, real=0.01 secs] 
2020-09-29T17:41:06.122+0200: 24.649: [GC (Allocation Failure) [PSYoungGen: 642565K->11619K(646144K)] 662497K->31551K(2044416K), 0.0054683 secs] [Times: user=0.00 sys=0.00, real=0.01 secs] 
2020-09-29T17:41:06.178+0200: 24.705: [GC (Allocation Failure) [PSYoungGen: 608099K->47589K(644096K)] 628031K->67521K(2042368K), 0.0165031 secs] [Times: user=0.13 sys=0.00, real=0.02 secs] 
2020-09-29T17:41:06.245+0200: 24.772: [GC (Allocation Failure) [PSYoungGen: 644069K->13412K(641024K)] 664001K->33344K(2039296K), 0.0049822 secs] [Times: user=0.00 sys=0.00, real=0.01 secs] 
2020-09-29T17:41:06.300+0200: 24.828: [GC (Allocation Failure) [PSYoungGen: 599652K->37156K(642560K)] 619584K->57088K(2040832K), 0.0138482 secs] [Times: user=0.02 sys=0.00, real=0.01 secs] 
2020-09-29T17:41:06.364+0200: 24.892: [GC (Allocation Failure) [PSYoungGen: 623396K->35397K(643072K)] 643328K->55329K(2041344K), 0.0123575 secs] [Times: user=0.00 sys=0.00, real=0.01 secs] 
2020-09-29T17:41:06.427+0200: 24.954: [GC (Allocation Failure) [PSYoungGen: 622149K->34117K(642560K)] 642081K->54049K(2040832K), 0.0125789 secs] [Times: user=0.00 sys=0.00, real=0.01 secs] 
2020-09-29T17:41:06.491+0200: 25.018: [GC (Allocation Failure) [PSYoungGen: 620869K->31555K(646144K)] 640801K->51487K(2044416K), 0.0130006 secs] [Times: user=0.00 sys=0.02, real=0.01 secs] 
2020-09-29T17:41:06.554+0200: 25.081: [GC (Allocation Failure) [PSYoungGen: 622915K->35013K(644096K)] 642847K->54945K(2042368K), 0.0124349 secs] [Times: user=0.00 sys=0.00, real=0.01 secs] 
2020-09-29T17:41:06.619+0200: 25.146: [GC (Allocation Failure) [PSYoungGen: 626373K->24420K(647680K)] 646305K->44352K(2045952K), 0.0098309 secs] [Times: user=0.13 sys=0.00, real=0.01 secs] 
2020-09-29T17:41:06.682+0200: 25.209: [GC (Allocation Failure) [PSYoungGen: 620388K->46149K(642560K)] 640320K->66081K(2040832K), 0.0160703 secs] [Times: user=0.13 sys=0.00, real=0.02 secs] 
2020-09-29T17:41:06.749+0200: 25.276: [GC (Allocation Failure) [PSYoungGen: 642117K->39972K(643072K)] 662049K->59904K(2041344K), 0.0146099 secs] [Times: user=0.13 sys=0.00, real=0.01 secs] 
2020-09-29T17:41:06.814+0200: 25.341: [GC (Allocation Failure) [PSYoungGen: 628260K->37892K(643584K)] 648192K->57824K(2041856K), 0.0135138 secs] [Times: user=0.13 sys=0.00, real=0.01 secs] 
2020-09-29T17:41:06.879+0200: 25.406: [GC (Allocation Failure) [PSYoungGen: 626180K->37124K(644608K)] 646112K->57056K(2042880K), 0.0130133 secs] [Times: user=0.00 sys=0.00, real=0.01 secs] 
2020-09-29T17:41:06.944+0200: 25.471: [GC (Allocation Failure) [PSYoungGen: 626948K->38980K(644096K)] 646880K->58912K(2042368K), 0.0142103 secs] [Times: user=0.13 sys=0.00, real=0.01 secs] 
2020-09-29T17:41:07.008+0200: 25.535: [GC (Allocation Failure) [PSYoungGen: 628804K->24771K(645120K)] 648736K->44703K(2043392K), 0.0099782 secs] [Times: user=0.00 sys=0.00, real=0.01 secs] 
2020-09-29T17:41:07.069+0200: 25.596: [GC (Allocation Failure) [PSYoungGen: 616131K->28229K(645120K)] 636063K->48161K(2043392K), 0.0094422 secs] [Times: user=0.00 sys=0.00, real=0.01 secs] 
2020-09-29T17:41:07.129+0200: 25.656: [GC (Allocation Failure) [PSYoungGen: 619589K->45349K(641024K)] 639521K->65281K(2039296K), 0.0155617 secs] [Times: user=0.13 sys=0.00, real=0.02 secs] 
2020-09-29T17:41:07.196+0200: 25.723: [GC (Allocation Failure) [PSYoungGen: 633637K->45669K(634368K)] 653569K->65601K(2032640K), 0.0150305 secs] [Times: user=0.13 sys=0.00, real=0.01 secs] 
2020-09-29T17:41:07.261+0200: 25.788: [GC (Allocation Failure) [PSYoungGen: 633957K->32357K(643072K)] 653889K->52289K(2041344K), 0.0109879 secs] [Times: user=0.13 sys=0.00, real=0.01 secs] 
2020-09-29T17:41:07.324+0200: 25.851: [GC (Allocation Failure) [PSYoungGen: 618085K->29892K(641536K)] 638017K->49824K(2039808K), 0.0125324 secs] [Times: user=0.13 sys=0.00, real=0.01 secs] 
2020-09-29T17:41:07.390+0200: 25.917: [GC (Allocation Failure) [PSYoungGen: 615620K->41381K(643072K)] 635552K->61313K(2041344K), 0.0156153 secs] [Times: user=0.13 sys=0.00, real=0.02 secs] 
2020-09-29T17:41:07.461+0200: 25.988: [GC (Allocation Failure) [PSYoungGen: 629669K->41412K(643584K)] 649601K->61344K(2041856K), 0.0159808 secs] [Times: user=0.13 sys=0.00, real=0.02 secs] 
2020-09-29T17:41:07.529+0200: 26.056: [GC (Allocation Failure) [PSYoungGen: 629700K->26341K(643584K)] 649632K->46273K(2041856K), 0.0098042 secs] [Times: user=0.13 sys=0.00, real=0.01 secs] 
2020-09-29T17:41:07.591+0200: 26.118: [GC (Allocation Failure) [PSYoungGen: 614629K->38148K(643584K)] 634561K->58080K(2041856K), 0.0153571 secs] [Times: user=0.11 sys=0.00, real=0.01 secs] 
2020-09-29T17:41:07.657+0200: 26.185: [GC (Allocation Failure) [PSYoungGen: 626436K->38469K(645120K)] 646368K->58401K(2043392K), 0.0138024 secs] [Times: user=0.13 sys=0.00, real=0.01 secs] 
2020-09-29T17:41:07.722+0200: 26.249: [GC (Allocation Failure) [PSYoungGen: 629317K->27716K(644608K)] 649249K->47648K(2042880K), 0.0103564 secs] [Times: user=0.11 sys=0.01, real=0.01 secs] 
2020-09-29T17:41:07.783+0200: 26.310: [GC (Allocation Failure) [PSYoungGen: 618564K->44325K(642560K)] 638496K->64257K(2040832K), 0.0149804 secs] [Times: user=0.13 sys=0.00, real=0.02 secs] 
2020-09-29T17:41:07.850+0200: 26.377: [GC (Allocation Failure) [PSYoungGen: 633637K->32005K(644096K)] 653569K->51937K(2042368K), 0.0117857 secs] [Times: user=0.00 sys=0.00, real=0.01 secs] 
2020-09-29T17:41:07.915+0200: 26.442: [GC (Allocation Failure) [PSYoungGen: 621317K->47141K(640000K)] 641249K->67073K(2038272K), 0.0154701 secs] [Times: user=0.13 sys=0.00, real=0.02 secs] 
2020-09-29T17:41:07.982+0200: 26.510: [GC (Allocation Failure) [PSYoungGen: 633381K->44965K(631296K)] 653313K->64897K(2029568K), 0.0157381 secs] [Times: user=0.13 sys=0.00, real=0.02 secs] 
2020-09-29T17:41:08.051+0200: 26.578: [GC (Allocation Failure) [PSYoungGen: 631205K->29605K(642048K)] 651137K->49537K(2040320K), 0.0106807 secs] [Times: user=0.00 sys=0.00, real=0.01 secs] 
2020-09-29T17:41:08.112+0200: 26.639: [GC (Allocation Failure) [PSYoungGen: 614309K->39716K(641536K)] 634241K->59648K(2039808K), 0.0159627 secs] [Times: user=0.11 sys=0.00, real=0.02 secs] 
2020-09-29T17:41:08.178+0200: 26.705: [GC (Allocation Failure) [PSYoungGen: 624420K->36421K(644608K)] 644352K->56353K(2042880K), 0.0134267 secs] [Times: user=0.02 sys=0.00, real=0.01 secs] 
2020-09-29T17:41:08.242+0200: 26.769: [GC (Allocation Failure) [PSYoungGen: 625221K->35812K(643072K)] 645153K->55744K(2041344K), 0.0130451 secs] [Times: user=0.13 sys=0.00, real=0.01 secs] 
2020-09-29T17:41:08.305+0200: 26.833: [GC (Allocation Failure) [PSYoungGen: 624612K->36773K(647680K)] 644544K->56705K(2045952K), 0.0119240 secs] [Times: user=0.13 sys=0.00, real=0.01 secs] 
2020-09-29T17:41:08.369+0200: 26.896: [GC (Allocation Failure) [PSYoungGen: 631717K->15941K(611328K)] 651649K->35873K(2009600K), 0.0054850 secs] [Times: user=0.00 sys=0.00, real=0.01 secs] 
2020-09-29T17:41:08.431+0200: 26.958: [GC (Allocation Failure) [PSYoungGen: 610885K->34404K(647680K)] 630817K->54336K(2045952K), 0.0124427 secs] [Times: user=0.13 sys=0.00, real=0.01 secs] 
2020-09-29T17:41:08.495+0200: 27.022: [GC (Allocation Failure) [PSYoungGen: 628836K->26627K(645632K)] 648768K->46559K(2043904K), 0.0103708 secs] [Times: user=0.13 sys=0.00, real=0.01 secs] 
2020-09-29T17:41:08.559+0200: 27.085: [GC (Allocation Failure) [PSYoungGen: 621059K->45732K(642560K)] 640991K->65664K(2040832K), 0.0182271 secs] [Times: user=0.13 sys=0.00, real=0.02 secs] 
2020-09-29T17:41:08.630+0200: 27.156: [GC (Allocation Failure) [PSYoungGen: 637092K->49253K(641024K)] 657024K->69185K(2039296K), 0.0182196 secs] [Times: user=0.11 sys=0.00, real=0.02 secs] 
2020-09-29T17:41:08.700+0200: 27.226: [GC (Allocation Failure) [PSYoungGen: 640613K->39013K(642560K)] 660545K->58945K(2040832K), 0.0132212 secs] [Times: user=0.13 sys=0.00, real=0.01 secs] 
2020-09-29T17:41:08.764+0200: 27.290: [GC (Allocation Failure) [PSYoungGen: 624229K->36101K(641536K)] 644161K->56033K(2039808K), 0.0128832 secs] [Times: user=0.13 sys=0.00, real=0.01 secs] 
2020-09-29T17:41:08.827+0200: 27.353: [GC (Allocation Failure) [PSYoungGen: 621317K->31396K(645632K)] 641249K->51328K(2043904K), 0.0113936 secs] [Times: user=0.13 sys=0.00, real=0.01 secs] 
2020-09-29T17:41:08.889+0200: 27.415: [GC (Allocation Failure) [PSYoungGen: 622756K->20004K(644608K)] 642688K->39936K(2042880K), 0.0071902 secs] [Times: user=0.13 sys=0.00, real=0.01 secs] 
2020-09-29T17:41:08.947+0200: 27.474: [GC (Allocation Failure) [PSYoungGen: 611364K->35363K(646144K)] 631296K->55295K(2044416K), 0.0135139 secs] [Times: user=0.13 sys=0.00, real=0.01 secs] 
2020-09-29T17:41:09.013+0200: 27.539: [GC (Allocation Failure) [PSYoungGen: 627235K->39173K(644608K)] 647167K->59105K(2042880K), 0.0141050 secs] [Times: user=0.13 sys=0.00, real=0.01 secs] 
2020-09-29T17:41:09.080+0200: 27.606: [GC (Allocation Failure) [PSYoungGen: 631045K->41668K(645120K)] 650977K->61600K(2043392K), 0.0162256 secs] [Times: user=0.13 sys=0.00, real=0.02 secs] 
2020-09-29T17:41:09.147+0200: 27.673: [GC (Allocation Failure) [PSYoungGen: 634052K->32485K(645632K)] 653984K->52417K(2043904K), 0.0117708 secs] [Times: user=0.00 sys=0.00, real=0.01 secs] 
2020-09-29T17:41:09.210+0200: 27.737: [GC (Allocation Failure) [PSYoungGen: 624869K->50565K(638464K)] 644801K->70497K(2036736K), 0.0169843 secs] [Times: user=0.13 sys=0.00, real=0.02 secs] 
2020-09-29T17:41:09.278+0200: 27.804: [GC (Allocation Failure) [PSYoungGen: 636805K->34852K(642560K)] 656737K->54784K(2040832K), 0.0127269 secs] [Times: user=0.13 sys=0.00, real=0.01 secs] 
2020-09-29T17:41:09.341+0200: 27.867: [GC (Allocation Failure) [PSYoungGen: 621092K->32132K(645120K)] 641024K->52064K(2043392K), 0.0117773 secs] [Times: user=0.13 sys=0.00, real=0.01 secs] 
2020-09-29T17:41:09.403+0200: 27.930: [GC (Allocation Failure) [PSYoungGen: 622468K->34277K(644096K)] 642400K->54209K(2042368K), 0.0123541 secs] [Times: user=0.13 sys=0.00, real=0.01 secs] 
2020-09-29T17:41:09.466+0200: 27.993: [GC (Allocation Failure) [PSYoungGen: 624613K->36741K(648192K)] 644545K->56673K(2046464K), 0.0122099 secs] [Times: user=0.13 sys=0.00, real=0.01 secs] 
2020-09-29T17:41:09.531+0200: 28.057: [GC (Allocation Failure) [PSYoungGen: 632709K->29860K(646656K)] 652641K->49792K(2044928K), 0.0110526 secs] [Times: user=0.13 sys=0.00, real=0.01 secs] 
2020-09-29T17:41:09.595+0200: 28.121: [GC (Allocation Failure) [PSYoungGen: 625828K->37989K(648704K)] 645760K->57921K(2046976K), 0.0154739 secs] [Times: user=0.09 sys=0.00, real=0.01 secs] 
2020-09-29T17:41:09.664+0200: 28.190: [GC (Allocation Failure) [PSYoungGen: 636005K->33637K(648192K)] 655937K->53569K(2046464K), 0.0121641 secs] [Times: user=0.00 sys=0.00, real=0.01 secs] 
2020-09-29T17:41:09.727+0200: 28.254: [GC (Allocation Failure) [PSYoungGen: 631653K->29156K(650240K)] 651585K->49088K(2048512K), 0.0106779 secs] [Times: user=0.00 sys=0.00, real=0.01 secs] 
2020-09-29T17:41:09.790+0200: 28.317: [GC (Allocation Failure) [PSYoungGen: 630244K->42341K(643584K)] 650176K->62273K(2041856K), 0.0139611 secs] [Times: user=0.13 sys=0.00, real=0.01 secs] 
2020-09-29T17:41:09.858+0200: 28.384: [GC (Allocation Failure) [PSYoungGen: 643429K->41797K(646656K)] 663361K->61729K(2044928K), 0.0144573 secs] [Times: user=0.13 sys=0.00, real=0.01 secs] 
2020-09-29T17:41:09.923+0200: 28.449: [GC (Allocation Failure) [PSYoungGen: 638277K->35939K(647680K)] 658209K->55871K(2045952K), 0.0141392 secs] [Times: user=0.13 sys=0.00, real=0.01 secs] 
2020-09-29T17:41:09.988+0200: 28.514: [GC (Allocation Failure) [PSYoungGen: 632419K->30853K(649728K)] 652351K->50785K(2048000K), 0.0107125 secs] [Times: user=0.13 sys=0.00, real=0.01 secs] 
2020-09-29T17:41:10.051+0200: 28.577: [GC (Allocation Failure) [PSYoungGen: 630917K->27524K(649216K)] 650849K->47456K(2047488K), 0.0100763 secs] [Times: user=0.13 sys=0.00, real=0.01 secs] 
2020-09-29T17:41:10.113+0200: 28.639: [GC (Allocation Failure) [PSYoungGen: 627588K->39685K(648704K)] 647520K->59617K(2046976K), 0.0143866 secs] [Times: user=0.13 sys=0.00, real=0.01 secs] 
2020-09-29T17:41:10.178+0200: 28.704: [GC (Allocation Failure) [PSYoungGen: 639237K->21219K(621056K)] 659169K->41151K(2019328K), 0.0087186 secs] [Times: user=0.00 sys=0.00, real=0.01 secs] 
2020-09-29T17:41:10.238+0200: 28.764: [GC (Allocation Failure) [PSYoungGen: 620771K->32356K(649728K)] 640703K->52288K(2048000K), 0.0122466 secs] [Times: user=0.13 sys=0.00, real=0.01 secs] 
2020-09-29T17:41:10.301+0200: 28.827: [GC (Allocation Failure) [PSYoungGen: 631396K->29797K(648192K)] 651328K->49729K(2046464K), 0.0104063 secs] [Times: user=0.13 sys=0.00, real=0.01 secs] 
2020-09-29T17:41:10.363+0200: 28.889: [GC (Allocation Failure) [PSYoungGen: 628837K->25829K(650752K)] 648769K->45761K(2049024K), 0.0100308 secs] [Times: user=0.13 sys=0.00, real=0.01 secs] 
2020-09-29T17:41:10.424+0200: 28.951: [GC (Allocation Failure) [PSYoungGen: 627941K->40069K(642560K)] 647873K->60001K(2040832K), 0.0137807 secs] [Times: user=0.13 sys=0.00, real=0.01 secs] 
2020-09-29T17:41:10.490+0200: 29.016: [GC (Allocation Failure) [PSYoungGen: 642181K->40645K(647168K)] 662113K->60577K(2045440K), 0.0139664 secs] [Times: user=0.00 sys=0.00, real=0.01 secs] 
2020-09-29T17:41:10.555+0200: 29.081: [GC (Allocation Failure) [PSYoungGen: 638149K->21572K(619520K)] 658081K->41504K(2017792K), 0.0086238 secs] [Times: user=0.00 sys=0.00, real=0.01 secs] 
2020-09-29T17:41:10.617+0200: 29.143: [GC (Allocation Failure) [PSYoungGen: 619076K->44901K(642560K)] 639008K->64833K(2040832K), 0.0166102 secs] [Times: user=0.11 sys=0.00, real=0.02 secs] 
2020-09-29T17:41:10.685+0200: 29.211: [GC (Allocation Failure) [PSYoungGen: 636261K->48325K(640000K)] 656193K->68257K(2038272K), 0.0156381 secs] [Times: user=0.13 sys=0.00, real=0.02 secs] 
2020-09-29T17:41:10.752+0200: 29.278: [GC (Allocation Failure) [PSYoungGen: 639685K->24421K(642048K)] 659617K->44353K(2040320K), 0.0082856 secs] [Times: user=0.13 sys=0.00, real=0.01 secs] 
2020-09-29T17:41:10.810+0200: 29.336: [GC (Allocation Failure) [PSYoungGen: 609637K->35396K(642048K)] 629569K->55328K(2040320K), 0.0124724 secs] [Times: user=0.13 sys=0.00, real=0.01 secs] 
2020-09-29T17:41:10.873+0200: 29.400: [GC (Allocation Failure) [PSYoungGen: 620612K->32644K(645632K)] 640544K->52576K(2043904K), 0.0119399 secs] [Times: user=0.13 sys=0.00, real=0.01 secs] 
2020-09-29T17:41:10.936+0200: 29.462: [GC (Allocation Failure) [PSYoungGen: 623492K->34373K(644096K)] 643424K->54305K(2042368K), 0.0118575 secs] [Times: user=0.13 sys=0.00, real=0.01 secs] 
2020-09-29T17:41:10.998+0200: 29.525: [GC (Allocation Failure) [PSYoungGen: 625221K->37317K(648192K)] 645153K->57249K(2046464K), 0.0134836 secs] [Times: user=0.13 sys=0.00, real=0.01 secs] 
2020-09-29T17:41:11.062+0200: 29.589: [GC (Allocation Failure) [PSYoungGen: 634309K->29796K(647680K)] 654241K->49728K(2045952K), 0.0109392 secs] [Times: user=0.13 sys=0.00, real=0.01 secs] 
2020-09-29T17:41:11.125+0200: 29.651: [GC (Allocation Failure) [PSYoungGen: 626788K->50149K(638464K)] 646720K->72449K(2036736K), 0.0183220 secs] [Times: user=0.13 sys=0.00, real=0.02 secs] 
2020-09-29T17:41:11.194+0200: 29.720: [GC (Allocation Failure) [PSYoungGen: 638437K->36035K(643584K)] 660737K->58335K(2041856K), 0.0135109 secs] [Times: user=0.00 sys=0.00, real=0.01 secs] 
2020-09-29T17:41:11.258+0200: 29.785: [GC (Allocation Failure) [PSYoungGen: 624323K->36453K(647168K)] 646623K->58753K(2045440K), 0.0121000 secs] [Times: user=0.02 sys=0.02, real=0.01 secs] 
2020-09-29T17:41:11.321+0200: 29.847: [GC (Allocation Failure) [PSYoungGen: 630373K->28837K(645632K)] 652673K->51137K(2043904K), 0.0096572 secs] [Times: user=0.00 sys=0.00, real=0.01 secs] 
2020-09-29T17:41:11.382+0200: 29.908: [GC (Allocation Failure) [PSYoungGen: 622757K->34821K(648704K)] 645057K->57121K(2046976K), 0.0121655 secs] [Times: user=0.00 sys=0.00, real=0.01 secs] 
2020-09-29T17:41:11.445+0200: 29.972: [GC (Allocation Failure) [PSYoungGen: 631813K->50149K(647168K)] 654113K->79801K(2045440K), 0.0208012 secs] [Times: user=0.13 sys=0.00, real=0.02 secs] 
2020-09-29T17:41:11.517+0200: 30.044: [GC (Allocation Failure) [PSYoungGen: 647141K->37605K(641024K)] 676793K->67257K(2039296K), 0.0131650 secs] [Times: user=0.13 sys=0.00, real=0.01 secs] 
2020-09-29T17:41:11.582+0200: 30.108: [GC (Allocation Failure) [PSYoungGen: 626917K->39013K(644096K)] 656569K->68665K(2042368K), 0.0143650 secs] [Times: user=0.09 sys=0.00, real=0.01 secs] 
2020-09-29T17:41:11.649+0200: 30.175: [GC (Allocation Failure) [PSYoungGen: 628325K->40357K(645632K)] 657977K->70009K(2043904K), 0.0142197 secs] [Times: user=0.13 sys=0.00, real=0.01 secs] 
2020-09-29T17:41:11.715+0200: 30.242: [GC (Allocation Failure) [PSYoungGen: 632229K->44261K(636416K)] 661881K->73913K(2034688K), 0.0156229 secs] [Times: user=0.13 sys=0.00, real=0.02 secs] 
2020-09-29T17:41:11.782+0200: 30.308: [GC (Allocation Failure) [PSYoungGen: 636133K->48293K(640512K)] 665785K->77945K(2038784K), 0.0160341 secs] [Times: user=0.13 sys=0.00, real=0.02 secs] 
2020-09-29T17:41:11.848+0200: 30.374: [GC (Allocation Failure) [PSYoungGen: 634533K->2209K(588800K)] 664185K->31861K(1987072K), 0.0023545 secs] [Times: user=0.13 sys=0.00, real=0.00 secs] 
2020-09-29T17:41:11.900+0200: 30.426: [GC (Allocation Failure) [PSYoungGen: 588449K->27941K(638976K)] 618101K->57593K(2037248K), 0.0097438 secs] [Times: user=0.00 sys=0.00, real=0.01 secs] 
2020-09-29T17:41:11.961+0200: 30.487: [GC (Allocation Failure) [PSYoungGen: 605989K->45445K(637952K)] 635641K->75097K(2036224K), 0.0174161 secs] [Times: user=0.13 sys=0.00, real=0.02 secs] 
2020-09-29T17:41:12.030+0200: 30.556: [GC (Allocation Failure) [PSYoungGen: 623493K->19684K(636928K)] 653145K->49336K(2035200K), 0.0085718 secs] [Times: user=0.13 sys=0.00, real=0.02 secs] 
2020-09-29T17:41:12.098+0200: 30.624: [GC (Allocation Failure) [PSYoungGen: 595684K->35141K(637440K)] 625336K->64793K(2035712K), 0.0136608 secs] [Times: user=0.05 sys=0.00, real=0.01 secs] 
2020-09-29T17:41:12.162+0200: 30.689: [GC (Allocation Failure) [PSYoungGen: 611141K->35908K(641536K)] 640793K->65560K(2039808K), 0.0126505 secs] [Times: user=0.00 sys=0.00, real=0.01 secs] 
2020-09-29T17:41:12.226+0200: 30.752: [GC (Allocation Failure) [PSYoungGen: 618564K->29892K(640000K)] 648216K->59544K(2038272K), 0.0117754 secs] [Times: user=0.00 sys=0.00, real=0.01 secs] 
2020-09-29T17:41:12.287+0200: 30.814: [GC (Allocation Failure) [PSYoungGen: 612548K->38341K(643584K)] 642200K->67993K(2041856K), 0.0125352 secs] [Times: user=0.00 sys=0.00, real=0.01 secs] 
2020-09-29T17:41:12.350+0200: 30.877: [GC (Allocation Failure) [PSYoungGen: 626117K->36644K(643072K)] 655769K->66296K(2041344K), 0.0133599 secs] [Times: user=0.03 sys=0.00, real=0.01 secs] 
2020-09-29T17:41:12.414+0200: 30.940: [GC (Allocation Failure) [PSYoungGen: 624420K->36485K(646144K)] 654072K->66137K(2044416K), 0.0124123 secs] [Times: user=0.00 sys=0.00, real=0.01 secs] 
2020-09-29T17:41:12.477+0200: 31.003: [GC (Allocation Failure) [PSYoungGen: 628869K->27108K(645120K)] 658521K->56760K(2043392K), 0.0102584 secs] [Times: user=0.00 sys=0.00, real=0.01 secs] 
2020-09-29T17:41:12.538+0200: 31.064: [GC (Allocation Failure) [PSYoungGen: 619492K->45317K(641536K)] 649144K->74969K(2039808K), 0.0157670 secs] [Times: user=0.13 sys=0.00, real=0.02 secs] 
2020-09-29T17:41:12.606+0200: 31.132: [GC (Allocation Failure) [PSYoungGen: 634629K->32036K(644096K)] 664281K->61688K(2042368K), 0.0130178 secs] [Times: user=0.11 sys=0.00, real=0.01 secs] 
2020-09-29T17:41:12.670+0200: 31.197: [GC (Allocation Failure) [PSYoungGen: 621348K->47108K(640512K)] 651000K->76760K(2038784K), 0.0164419 secs] [Times: user=0.13 sys=0.00, real=0.02 secs] 
2020-09-29T17:41:12.738+0200: 31.264: [GC (Allocation Failure) [PSYoungGen: 634372K->30115K(643072K)] 664024K->59767K(2041344K), 0.0117322 secs] [Times: user=0.13 sys=0.00, real=0.01 secs] 
2020-09-29T17:41:12.800+0200: 31.326: [GC (Allocation Failure) [PSYoungGen: 617379K->54757K(631808K)] 647031K->86385K(2030080K), 0.0190017 secs] [Times: user=0.25 sys=0.00, real=0.02 secs] 
2020-09-29T17:41:12.869+0200: 31.396: [GC (Allocation Failure) [PSYoungGen: 631781K->45893K(623104K)] 663409K->77521K(2021376K), 0.0150742 secs] [Times: user=0.13 sys=0.00, real=0.02 secs] 
2020-09-29T17:41:12.935+0200: 31.461: [GC (Allocation Failure) [PSYoungGen: 622917K->35013K(638976K)] 654545K->66641K(2037248K), 0.0117672 secs] [Times: user=0.13 sys=0.00, real=0.01 secs] 
2020-09-29T17:41:12.996+0200: 31.523: [GC (Allocation Failure) [PSYoungGen: 612549K->38309K(637440K)] 644177K->69937K(2035712K), 0.0133214 secs] [Times: user=0.13 sys=0.00, real=0.01 secs] 
2020-09-29T17:41:13.059+0200: 31.586: [GC (Allocation Failure) [PSYoungGen: 615845K->41541K(641536K)] 647473K->73169K(2039808K), 0.0144244 secs] [Times: user=0.13 sys=0.00, real=0.01 secs] 
2020-09-29T17:41:13.124+0200: 31.650: [GC (Allocation Failure) [PSYoungGen: 625221K->35908K(641024K)] 656849K->67536K(2039296K), 0.0131118 secs] [Times: user=0.13 sys=0.00, real=0.01 secs] 
2020-09-29T17:41:13.188+0200: 31.715: [GC (Allocation Failure) [PSYoungGen: 619588K->31461K(643584K)] 651216K->63089K(2041856K), 0.0116125 secs] [Times: user=0.13 sys=0.00, real=0.01 secs] 
2020-09-29T17:41:13.250+0200: 31.777: [GC (Allocation Failure) [PSYoungGen: 619237K->17221K(605184K)] 650865K->48849K(2003456K), 0.0058905 secs] [Times: user=0.13 sys=0.00, real=0.01 secs] 
2020-09-29T17:41:13.307+0200: 31.833: [GC (Allocation Failure) [PSYoungGen: 604997K->30853K(643072K)] 636625K->62481K(2041344K), 0.0105215 secs] [Times: user=0.13 sys=0.00, real=0.01 secs] 
2020-09-29T17:41:13.368+0200: 31.894: [GC (Allocation Failure) [PSYoungGen: 617093K->29189K(642048K)] 648721K->60817K(2040320K), 0.0108006 secs] [Times: user=0.00 sys=0.00, real=0.01 secs] 
2020-09-29T17:41:13.429+0200: 31.955: [GC (Allocation Failure) [PSYoungGen: 615429K->24644K(644608K)] 647057K->56272K(2042880K), 0.0088709 secs] [Times: user=0.00 sys=0.00, real=0.01 secs] 
2020-09-29T17:41:13.489+0200: 32.015: [GC (Allocation Failure) [PSYoungGen: 614468K->26020K(644096K)] 646096K->57648K(2042368K), 0.0099781 secs] [Times: user=0.00 sys=0.00, real=0.01 secs] 
2020-09-29T17:41:13.549+0200: 32.075: [GC (Allocation Failure) [PSYoungGen: 615844K->12260K(642560K)] 647472K->43888K(2040832K), 0.0043444 secs] [Times: user=0.13 sys=0.00, real=0.00 secs] 
2020-09-29T17:41:13.605+0200: 32.132: [GC (Allocation Failure) [PSYoungGen: 601572K->41029K(630784K)] 633200K->72657K(2029056K), 0.0156154 secs] [Times: user=0.11 sys=0.00, real=0.02 secs] 
2020-09-29T17:41:13.672+0200: 32.199: [GC (Allocation Failure) [PSYoungGen: 630341K->11970K(640512K)] 661969K->43598K(2038784K), 0.0057562 secs] [Times: user=0.13 sys=0.00, real=0.01 secs] 
2020-09-29T17:41:13.728+0200: 32.255: [GC (Allocation Failure) [PSYoungGen: 596162K->34724K(641536K)] 627790K->66352K(2039808K), 0.0131901 secs] [Times: user=0.13 sys=0.00, real=0.01 secs] 
2020-09-29T17:41:13.792+0200: 32.319: [GC (Allocation Failure) [PSYoungGen: 618916K->13699K(641536K)] 650544K->45327K(2039808K), 0.0061453 secs] [Times: user=0.00 sys=0.00, real=0.01 secs] 
2020-09-29T17:41:13.849+0200: 32.375: [GC (Allocation Failure) [PSYoungGen: 598915K->37603K(623104K)] 630543K->69231K(2021376K), 0.0141483 secs] [Times: user=0.00 sys=0.00, real=0.01 secs] 
2020-09-29T17:41:13.913+0200: 32.439: [GC (Allocation Failure) [PSYoungGen: 622819K->21221K(643072K)] 654447K->52849K(2041344K), 0.0070963 secs] [Times: user=0.00 sys=0.00, real=0.01 secs] 
2020-09-29T17:41:13.973+0200: 32.499: [GC (Allocation Failure) [PSYoungGen: 606949K->29027K(641536K)] 638577K->60655K(2039808K), 0.0117089 secs] [Times: user=0.13 sys=0.00, real=0.01 secs] 
2020-09-29T17:41:14.034+0200: 32.561: [GC (Allocation Failure) [PSYoungGen: 614755K->39460K(642560K)] 646383K->71088K(2040832K), 0.0142633 secs] [Times: user=0.13 sys=0.00, real=0.02 secs] 
2020-09-29T17:41:14.102+0200: 32.628: [GC (Allocation Failure) [PSYoungGen: 628772K->27141K(644096K)] 660400K->58769K(2042368K), 0.0127406 secs] [Times: user=0.11 sys=0.00, real=0.01 secs] 
2020-09-29T17:41:14.168+0200: 32.695: [GC (Allocation Failure) [PSYoungGen: 616453K->52709K(630784K)] 648081K->87497K(2029056K), 0.0210279 secs] [Times: user=0.13 sys=0.00, real=0.02 secs] 
2020-09-29T17:41:14.242+0200: 32.769: [GC (Allocation Failure) [PSYoungGen: 630757K->45573K(624128K)] 665545K->80361K(2022400K), 0.0174490 secs] [Times: user=0.13 sys=0.00, real=0.02 secs] 
2020-09-29T17:41:14.309+0200: 32.836: [GC (Allocation Failure) [PSYoungGen: 623621K->34916K(638976K)] 658409K->69704K(2037248K), 0.0127823 secs] [Times: user=0.13 sys=0.00, real=0.01 secs] 
2020-09-29T17:41:14.371+0200: 32.898: [GC (Allocation Failure) [PSYoungGen: 611428K->22051K(636416K)] 646216K->56839K(2034688K), 0.0089464 secs] [Times: user=0.13 sys=0.00, real=0.01 secs] 
2020-09-29T17:41:14.429+0200: 32.956: [GC (Allocation Failure) [PSYoungGen: 598563K->51621K(630272K)] 633351K->86409K(2028544K), 0.0174932 secs] [Times: user=0.13 sys=0.00, real=0.02 secs] 
2020-09-29T17:41:14.496+0200: 33.022: [GC (Allocation Failure) [PSYoungGen: 622501K->34564K(634880K)] 657289K->69352K(2033152K), 0.0121678 secs] [Times: user=0.13 sys=0.00, real=0.01 secs] 
2020-09-29T17:41:14.556+0200: 33.083: [GC (Allocation Failure) [PSYoungGen: 605444K->44837K(634880K)] 640232K->79625K(2033152K), 0.0153586 secs] [Times: user=0.13 sys=0.00, real=0.02 secs] 
2020-09-29T17:41:14.622+0200: 33.149: [GC (Allocation Failure) [PSYoungGen: 618789K->44549K(619008K)] 653577K->79337K(2017280K), 0.0175769 secs] [Times: user=0.11 sys=0.00, real=0.02 secs] 
2020-09-29T17:41:14.689+0200: 33.216: [GC (Allocation Failure) [PSYoungGen: 618501K->30629K(637440K)] 653289K->65417K(2035712K), 0.0100386 secs] [Times: user=0.13 sys=0.00, real=0.01 secs] 
2020-09-29T17:41:14.749+0200: 33.276: [GC (Allocation Failure) [PSYoungGen: 605093K->30917K(635904K)] 639881K->65705K(2034176K), 0.0104686 secs] [Times: user=0.13 sys=0.00, real=0.02 secs] 
2020-09-29T17:41:14.834+0200: 33.361: [GC (Allocation Failure) [PSYoungGen: 605381K->30628K(641024K)] 640169K->65416K(2039296K), 0.0141515 secs] [Times: user=0.13 sys=0.00, real=0.01 secs] 
2020-09-29T17:41:14.899+0200: 33.426: [GC (Allocation Failure) [PSYoungGen: 612260K->37957K(639488K)] 647048K->72745K(2037760K), 0.0136500 secs] [Times: user=0.11 sys=0.00, real=0.01 secs] 
2020-09-29T17:41:14.963+0200: 33.490: [GC (Allocation Failure) [PSYoungGen: 619589K->28867K(643072K)] 654377K->63655K(2041344K), 0.0120961 secs] [Times: user=0.13 sys=0.00, real=0.01 secs] 
2020-09-29T17:41:15.026+0200: 33.553: [GC (Allocation Failure) [PSYoungGen: 615107K->40869K(642048K)] 649895K->75657K(2040320K), 0.0142385 secs] [Times: user=0.13 sys=0.00, real=0.01 secs] 
2020-09-29T17:41:15.092+0200: 33.619: [GC (Allocation Failure) [PSYoungGen: 627109K->24420K(643072K)] 661897K->59208K(2041344K), 0.0100809 secs] [Times: user=0.11 sys=0.00, real=0.01 secs] 
2020-09-29T17:41:15.153+0200: 33.680: [GC (Allocation Failure) [PSYoungGen: 611684K->37477K(643072K)] 646472K->72265K(2041344K), 0.0132358 secs] [Times: user=0.13 sys=0.00, real=0.01 secs] 
2020-09-29T17:41:15.217+0200: 33.744: [GC (Allocation Failure) [PSYoungGen: 624741K->35172K(645632K)] 659529K->69960K(2043904K), 0.0130640 secs] [Times: user=0.13 sys=0.00, real=0.01 secs] 
2020-09-29T17:41:15.281+0200: 33.808: [GC (Allocation Failure) [PSYoungGen: 626020K->38117K(644096K)] 660808K->72905K(2042368K), 0.0129451 secs] [Times: user=0.13 sys=0.00, real=0.01 secs] 
2020-09-29T17:41:15.345+0200: 33.871: [GC (Allocation Failure) [PSYoungGen: 628965K->41061K(645120K)] 663753K->75849K(2043392K), 0.0139678 secs] [Times: user=0.13 sys=0.00, real=0.01 secs] 
2020-09-29T17:41:15.410+0200: 33.937: [GC (Allocation Failure) [PSYoungGen: 633445K->45573K(638464K)] 668233K->80361K(2036736K), 0.0153298 secs] [Times: user=0.13 sys=0.00, real=0.01 secs] 
2020-09-29T17:41:15.476+0200: 34.003: [GC (Allocation Failure) [PSYoungGen: 637957K->36325K(645632K)] 672745K->71113K(2043904K), 0.0123021 secs] [Times: user=0.00 sys=0.00, real=0.01 secs] 
2020-09-29T17:41:15.539+0200: 34.066: [GC (Allocation Failure) [PSYoungGen: 626661K->24836K(643584K)] 661449K->59624K(2041856K), 0.0097858 secs] [Times: user=0.00 sys=0.00, real=0.01 secs] 
2020-09-29T17:41:15.601+0200: 34.128: [GC (Allocation Failure) [PSYoungGen: 615172K->53733K(634880K)] 649960K->89361K(2033152K), 0.0199743 secs] [Times: user=0.11 sys=0.00, real=0.02 secs] 
2020-09-29T17:41:15.672+0200: 34.199: [GC (Allocation Failure) [PSYoungGen: 634853K->34181K(640000K)] 670481K->69809K(2038272K), 0.0114653 secs] [Times: user=0.13 sys=0.00, real=0.01 secs] 
2020-09-29T17:41:15.733+0200: 34.260: [GC (Allocation Failure) [PSYoungGen: 615301K->27300K(642048K)] 650929K->62928K(2040320K), 0.0105193 secs] [Times: user=0.13 sys=0.00, real=0.01 secs] 
2020-09-29T17:41:15.795+0200: 34.321: [GC (Allocation Failure) [PSYoungGen: 612004K->37797K(641536K)] 647632K->73425K(2039808K), 0.0122444 secs] [Times: user=0.13 sys=0.00, real=0.01 secs] 
2020-09-29T17:41:15.858+0200: 34.385: [GC (Allocation Failure) [PSYoungGen: 622501K->30052K(644096K)] 658129K->65680K(2042368K), 0.0117715 secs] [Times: user=0.13 sys=0.00, real=0.01 secs] 
2020-09-29T17:41:15.920+0200: 34.447: [GC (Allocation Failure) [PSYoungGen: 618340K->44101K(643072K)] 653968K->79729K(2041344K), 0.0145134 secs] [Times: user=0.13 sys=0.00, real=0.01 secs] 
2020-09-29T17:41:15.985+0200: 34.512: [GC (Allocation Failure) [PSYoungGen: 632389K->30532K(643584K)] 668017K->66160K(2041856K), 0.0108835 secs] [Times: user=0.13 sys=0.00, real=0.01 secs] 
2020-09-29T17:41:16.046+0200: 34.573: [GC (Allocation Failure) [PSYoungGen: 618308K->27748K(643072K)] 653936K->63376K(2041344K), 0.0101692 secs] [Times: user=0.13 sys=0.00, real=0.01 secs] 
2020-09-29T17:41:16.107+0200: 34.634: [GC (Allocation Failure) [PSYoungGen: 615524K->41221K(643584K)] 651152K->76849K(2041856K), 0.0146452 secs] [Times: user=0.13 sys=0.00, real=0.01 secs] 
2020-09-29T17:41:16.173+0200: 34.699: [GC (Allocation Failure) [PSYoungGen: 630533K->54757K(644096K)] 666161K->91833K(2042368K), 0.0185094 secs] [Times: user=0.13 sys=0.00, real=0.02 secs] 
2020-09-29T17:41:16.242+0200: 34.768: [GC (Allocation Failure) [PSYoungGen: 644069K->43844K(632832K)] 681145K->80920K(2031104K), 0.0164477 secs] [Times: user=0.13 sys=0.00, real=0.02 secs] 
2020-09-29T17:41:16.307+0200: 34.834: [GC (Allocation Failure) [PSYoungGen: 621892K->33765K(638464K)] 658968K->70841K(2036736K), 0.0111740 secs] [Times: user=0.13 sys=0.00, real=0.01 secs] 
2020-09-29T17:41:16.368+0200: 34.895: [GC (Allocation Failure) [PSYoungGen: 611813K->37444K(641536K)] 648889K->74520K(2039808K), 0.0137722 secs] [Times: user=0.13 sys=0.00, real=0.01 secs] 
2020-09-29T17:41:16.431+0200: 34.958: [GC (Allocation Failure) [PSYoungGen: 619588K->45252K(639488K)] 656664K->82328K(2037760K), 0.0160821 secs] [Times: user=0.13 sys=0.00, real=0.02 secs] 
2020-09-29T17:41:16.497+0200: 35.024: [GC (Allocation Failure) [PSYoungGen: 627396K->39461K(642560K)] 664472K->76537K(2040832K), 0.0139398 secs] [Times: user=0.13 sys=0.00, real=0.01 secs] 
2020-09-29T17:41:16.561+0200: 35.088: [GC (Allocation Failure) [PSYoungGen: 624165K->36293K(641024K)] 661241K->73369K(2039296K), 0.0130163 secs] [Times: user=0.13 sys=0.00, real=0.01 secs] 
2020-09-29T17:41:16.626+0200: 35.153: [GC (Allocation Failure) [PSYoungGen: 620997K->32804K(644608K)] 658073K->69880K(2042880K), 0.0133503 secs] [Times: user=0.11 sys=0.00, real=0.01 secs] 
2020-09-29T17:41:16.690+0200: 35.217: [GC (Allocation Failure) [PSYoungGen: 622116K->34149K(643584K)] 659192K->71225K(2041856K), 0.0121511 secs] [Times: user=0.13 sys=0.00, real=0.01 secs] 
2020-09-29T17:41:16.753+0200: 35.279: [GC (Allocation Failure) [PSYoungGen: 623461K->35269K(646656K)] 660537K->72345K(2044928K), 0.0134850 secs] [Times: user=0.13 sys=0.00, real=0.01 secs] 
2020-09-29T17:41:16.817+0200: 35.344: [GC (Allocation Failure) [PSYoungGen: 628677K->25701K(645632K)] 665753K->62777K(2043904K), 0.0088614 secs] [Times: user=0.00 sys=0.00, real=0.01 secs] 
2020-09-29T17:41:16.878+0200: 35.404: [GC (Allocation Failure) [PSYoungGen: 619109K->44901K(643072K)] 656185K->81977K(2041344K), 0.0148660 secs] [Times: user=0.13 sys=0.00, real=0.01 secs] 
2020-09-29T17:41:16.943+0200: 35.469: [GC (Allocation Failure) [PSYoungGen: 635237K->18339K(608768K)] 672313K->55415K(2007040K), 0.0079431 secs] [Times: user=0.00 sys=0.00, real=0.01 secs] 
2020-09-29T17:41:17.005+0200: 35.532: [GC (Allocation Failure) [PSYoungGen: 608675K->48197K(637952K)] 645751K->85273K(2036224K), 0.0156307 secs] [Times: user=0.13 sys=0.00, real=0.02 secs] 
2020-09-29T17:41:17.070+0200: 35.597: [GC (Allocation Failure) [PSYoungGen: 630341K->11939K(594432K)] 667417K->49015K(1992704K), 0.0052272 secs] [Times: user=0.00 sys=0.00, real=0.01 secs] 
2020-09-29T17:41:17.126+0200: 35.653: [GC (Allocation Failure) [PSYoungGen: 594083K->33541K(641024K)] 631159K->70617K(2039296K), 0.0120367 secs] [Times: user=0.13 sys=0.00, real=0.01 secs] 
2020-09-29T17:41:17.188+0200: 35.715: [GC (Allocation Failure) [PSYoungGen: 614149K->39877K(638464K)] 651225K->76953K(2036736K), 0.0133133 secs] [Times: user=0.13 sys=0.00, real=0.01 secs] 
2020-09-29T17:41:17.251+0200: 35.778: [GC (Allocation Failure) [PSYoungGen: 620485K->18404K(640000K)] 657561K->55480K(2038272K), 0.0077390 secs] [Times: user=0.13 sys=0.00, real=0.01 secs] 
2020-09-29T17:41:17.310+0200: 35.837: [GC (Allocation Failure) [PSYoungGen: 600548K->38852K(640512K)] 637624K->75928K(2038784K), 0.0157137 secs] [Times: user=0.13 sys=0.00, real=0.02 secs] 
2020-09-29T17:41:17.378+0200: 35.905: [GC (Allocation Failure) [PSYoungGen: 620996K->17347K(640000K)] 658072K->54423K(2038272K), 0.0085868 secs] [Times: user=0.09 sys=0.00, real=0.01 secs] 
2020-09-29T17:41:17.439+0200: 35.966: [GC (Allocation Failure) [PSYoungGen: 599491K->38949K(640512K)] 636567K->76025K(2038784K), 0.0180381 secs] [Times: user=0.11 sys=0.00, real=0.02 secs] 
2020-09-29T17:41:17.508+0200: 36.035: [GC (Allocation Failure) [PSYoungGen: 621093K->46853K(635392K)] 658169K->83929K(2033664K), 0.0159065 secs] [Times: user=0.13 sys=0.00, real=0.02 secs] 
2020-09-29T17:41:17.575+0200: 36.102: [GC (Allocation Failure) [PSYoungGen: 623877K->35973K(637952K)] 660953K->73049K(2036224K), 0.0138110 secs] [Times: user=0.11 sys=0.00, real=0.01 secs] 
2020-09-29T17:41:17.640+0200: 36.167: [GC (Allocation Failure) [PSYoungGen: 612997K->37028K(641024K)] 650073K->74104K(2039296K), 0.0148495 secs] [Times: user=0.11 sys=0.00, real=0.01 secs] 
2020-09-29T17:41:17.704+0200: 36.231: [GC (Allocation Failure) [PSYoungGen: 619172K->29989K(640000K)] 656248K->67065K(2038272K), 0.0100407 secs] [Times: user=0.13 sys=0.00, real=0.01 secs] 
2020-09-29T17:41:17.764+0200: 36.291: [GC (Allocation Failure) [PSYoungGen: 612133K->37957K(643584K)] 649209K->75033K(2041856K), 0.0131852 secs] [Times: user=0.13 sys=0.00, real=0.01 secs] 
2020-09-29T17:41:17.828+0200: 36.355: [GC (Allocation Failure) [PSYoungGen: 625221K->23556K(642560K)] 662297K->60632K(2040832K), 0.0083235 secs] [Times: user=0.13 sys=0.00, real=0.01 secs] 
2020-09-29T17:41:17.887+0200: 36.414: [GC (Allocation Failure) [PSYoungGen: 610820K->36581K(644608K)] 647896K->73657K(2042880K), 0.0133019 secs] [Times: user=0.13 sys=0.00, real=0.01 secs] 
2020-09-29T17:41:17.951+0200: 36.478: [GC (Allocation Failure) [PSYoungGen: 625893K->37925K(643584K)] 662969K->75001K(2041856K), 0.0138670 secs] [Times: user=0.13 sys=0.00, real=0.01 secs] 
2020-09-29T17:41:18.016+0200: 36.543: [GC (Allocation Failure) [PSYoungGen: 627237K->39365K(645120K)] 664313K->76441K(2043392K), 0.0131912 secs] [Times: user=0.13 sys=0.00, real=0.01 secs] 
2020-09-29T17:41:18.080+0200: 36.607: [GC (Allocation Failure) [PSYoungGen: 630725K->42789K(634368K)] 667801K->79865K(2032640K), 0.0147593 secs] [Times: user=0.13 sys=0.00, real=0.02 secs] 
2020-09-29T17:41:18.146+0200: 36.673: [GC (Allocation Failure) [PSYoungGen: 634149K->45860K(640000K)] 671225K->82936K(2038272K), 0.0161405 secs] [Times: user=0.13 sys=0.00, real=0.02 secs] 
2020-09-29T17:41:18.214+0200: 36.741: [GC (Allocation Failure) [PSYoungGen: 631076K->42916K(628224K)] 668152K->79992K(2026496K), 0.0177014 secs] [Times: user=0.11 sys=0.00, real=0.02 secs] 
2020-09-29T17:41:18.282+0200: 36.809: [GC (Allocation Failure) [PSYoungGen: 628132K->38468K(643072K)] 665208K->75544K(2041344K), 0.0140705 secs] [Times: user=0.13 sys=0.00, real=0.01 secs] 
2020-09-29T17:41:18.346+0200: 36.873: [GC (Allocation Failure) [PSYoungGen: 624196K->36293K(641536K)] 661272K->73369K(2039808K), 0.0128280 secs] [Times: user=0.13 sys=0.00, real=0.01 secs] 
2020-09-29T17:41:18.409+0200: 36.936: [GC (Allocation Failure) [PSYoungGen: 622021K->33157K(645632K)] 659097K->70233K(2043904K), 0.0114879 secs] [Times: user=0.13 sys=0.00, real=0.01 secs] 
2020-09-29T17:41:18.471+0200: 36.998: [GC (Allocation Failure) [PSYoungGen: 624517K->36517K(644608K)] 661593K->73593K(2042880K), 0.0125123 secs] [Times: user=0.13 sys=0.00, real=0.01 secs] 
2020-09-29T17:41:18.534+0200: 37.061: [GC (Allocation Failure) [PSYoungGen: 627877K->40005K(647680K)] 664953K->77081K(2045952K), 0.0131346 secs] [Times: user=0.13 sys=0.00, real=0.01 secs] 
2020-09-29T17:41:18.599+0200: 37.126: [GC (Allocation Failure) [PSYoungGen: 635973K->34405K(647168K)] 673049K->71481K(2045440K), 0.0127066 secs] [Times: user=0.00 sys=0.00, real=0.01 secs] 
2020-09-29T17:41:18.664+0200: 37.191: [GC (Allocation Failure) [PSYoungGen: 630373K->38851K(649216K)] 667449K->75927K(2047488K), 0.0147883 secs] [Times: user=0.13 sys=0.00, real=0.01 secs] 
2020-09-29T17:41:18.730+0200: 37.257: [GC (Allocation Failure) [PSYoungGen: 637891K->36004K(648704K)] 674967K->73080K(2046976K), 0.0130014 secs] [Times: user=0.13 sys=0.00, real=0.01 secs] 
2020-09-29T17:41:18.795+0200: 37.322: [GC (Allocation Failure) [PSYoungGen: 635044K->33477K(650752K)] 672120K->70553K(2049024K), 0.0113065 secs] [Times: user=0.13 sys=0.00, real=0.01 secs] 
2020-09-29T17:41:18.859+0200: 37.386: [GC (Allocation Failure) [PSYoungGen: 635589K->20324K(622592K)] 672665K->57400K(2020864K), 0.0075463 secs] [Times: user=0.13 sys=0.00, real=0.01 secs] 
2020-09-29T17:41:18.920+0200: 37.447: [GC (Allocation Failure) [PSYoungGen: 622436K->34565K(650752K)] 659512K->71641K(2049024K), 0.0123114 secs] [Times: user=0.13 sys=0.00, real=0.01 secs] 
2020-09-29T17:41:18.984+0200: 37.511: [GC (Allocation Failure) [PSYoungGen: 635653K->34053K(649216K)] 672729K->71129K(2047488K), 0.0107182 secs] [Times: user=0.13 sys=0.00, real=0.01 secs] 
2020-09-29T17:41:19.046+0200: 37.573: [GC (Allocation Failure) [PSYoungGen: 635141K->47077K(644608K)] 672217K->84241K(2042880K), 0.0157851 secs] [Times: user=0.13 sys=0.00, real=0.02 secs] 
2020-09-29T17:41:19.113+0200: 37.640: [GC (Allocation Failure) [PSYoungGen: 644581K->42532K(640512K)] 681745K->79696K(2038784K), 0.0155642 secs] [Times: user=0.14 sys=0.02, real=0.02 secs] 
2020-09-29T17:41:19.180+0200: 37.707: [GC (Allocation Failure) [PSYoungGen: 640036K->38437K(648192K)] 677200K->75601K(2046464K), 0.0129212 secs] [Times: user=0.13 sys=0.00, real=0.01 secs] 
2020-09-29T17:41:19.244+0200: 37.771: [GC (Allocation Failure) [PSYoungGen: 634917K->33381K(647168K)] 672081K->70545K(2045440K), 0.0123193 secs] [Times: user=0.13 sys=0.00, real=0.01 secs] 
2020-09-29T17:41:19.308+0200: 37.835: [GC (Allocation Failure) [PSYoungGen: 629861K->26787K(648704K)] 667025K->63951K(2046976K), 0.0107658 secs] [Times: user=0.13 sys=0.00, real=0.01 secs] 
2020-09-29T17:41:19.370+0200: 37.897: [GC (Allocation Failure) [PSYoungGen: 625315K->37413K(648704K)] 662479K->74577K(2046976K), 0.0125932 secs] [Times: user=0.13 sys=0.00, real=0.01 secs] 
2020-09-29T17:41:19.433+0200: 37.960: [GC (Allocation Failure) [PSYoungGen: 635941K->34373K(650240K)] 673105K->71537K(2048512K), 0.0115484 secs] [Times: user=0.13 sys=0.00, real=0.01 secs] 
2020-09-29T17:41:19.496+0200: 38.023: [GC (Allocation Failure) [PSYoungGen: 634949K->33316K(649216K)] 672113K->70480K(2047488K), 0.0120599 secs] [Times: user=0.13 sys=0.00, real=0.01 secs] 
2020-09-29T17:41:19.560+0200: 38.087: [GC (Allocation Failure) [PSYoungGen: 633892K->32293K(651776K)] 671056K->69457K(2050048K), 0.0115787 secs] [Times: user=0.13 sys=0.00, real=0.01 secs] 
2020-09-29T17:41:19.625+0200: 38.152: [GC (Allocation Failure) [PSYoungGen: 636453K->47077K(651264K)] 673617K->85665K(2049536K), 0.0168998 secs] [Times: user=0.11 sys=0.00, real=0.02 secs] 
2020-09-29T17:41:19.694+0200: 38.221: [GC (Allocation Failure) [PSYoungGen: 651237K->36228K(648192K)] 689825K->74816K(2046464K), 0.0133094 secs] [Times: user=0.13 sys=0.00, real=0.01 secs] 
2020-09-29T17:41:19.759+0200: 38.286: [GC (Allocation Failure) [PSYoungGen: 636804K->35205K(649728K)] 675392K->73793K(2048000K), 0.0128863 secs] [Times: user=0.13 sys=0.00, real=0.01 secs] 
2020-09-29T17:41:19.824+0200: 38.351: [GC (Allocation Failure) [PSYoungGen: 635781K->47909K(644608K)] 674369K->86497K(2042880K), 0.0161952 secs] [Times: user=0.13 sys=0.00, real=0.02 secs] 
2020-09-29T17:41:19.892+0200: 38.419: [GC (Allocation Failure) [PSYoungGen: 644389K->28964K(647680K)] 682977K->67552K(2045952K), 0.0103899 secs] [Times: user=0.13 sys=0.00, real=0.01 secs] 
2020-09-29T17:41:19.954+0200: 38.481: [GC (Allocation Failure) [PSYoungGen: 625444K->36260K(648704K)] 664032K->74848K(2046976K), 0.0151610 secs] [Times: user=0.11 sys=0.00, real=0.02 secs] 
2020-09-29T17:41:20.020+0200: 38.547: [GC (Allocation Failure) [PSYoungGen: 633764K->45829K(643584K)] 672352K->84417K(2041856K), 0.0159000 secs] [Times: user=0.13 sys=0.00, real=0.02 secs] 
2020-09-29T17:41:20.087+0200: 38.614: [GC (Allocation Failure) [PSYoungGen: 643333K->41701K(646656K)] 681921K->80289K(2044928K), 0.0140242 secs] [Times: user=0.13 sys=0.00, real=0.01 secs] 
2020-09-29T17:41:20.152+0200: 38.679: [GC (Allocation Failure) [PSYoungGen: 636133K->48293K(643072K)] 674721K->86881K(2041344K), 0.0165495 secs] [Times: user=0.13 sys=0.00, real=0.02 secs] 
2020-09-29T17:41:20.219+0200: 38.746: [GC (Allocation Failure) [PSYoungGen: 642725K->41125K(645120K)] 681313K->79713K(2043392K), 0.0144162 secs] [Times: user=0.13 sys=0.00, real=0.01 secs] 
2020-09-29T17:41:20.287+0200: 38.815: [GC (Allocation Failure) [PSYoungGen: 631461K->29861K(644096K)] 670049K->68449K(2042368K), 0.0120690 secs] [Times: user=0.00 sys=0.00, real=0.01 secs] 
2020-09-29T17:41:20.352+0200: 38.879: [GC (Allocation Failure) [PSYoungGen: 620197K->32133K(645120K)] 658785K->70721K(2043392K), 0.0121590 secs] [Times: user=0.13 sys=0.00, real=0.01 secs] 
2020-09-29T17:41:20.418+0200: 38.946: [GC (Allocation Failure) [PSYoungGen: 622981K->34500K(644608K)] 661569K->73088K(2042880K), 0.0125691 secs] [Times: user=0.13 sys=0.00, real=0.01 secs] 
2020-09-29T17:41:20.482+0200: 39.009: [GC (Allocation Failure) [PSYoungGen: 625348K->37413K(647680K)] 663936K->76001K(2045952K), 0.0132947 secs] [Times: user=0.13 sys=0.00, real=0.01 secs] 
2020-09-29T17:41:20.546+0200: 39.074: [GC (Allocation Failure) [PSYoungGen: 632357K->30276K(646144K)] 670945K->68864K(2044416K), 0.0118298 secs] [Times: user=0.13 sys=0.00, real=0.01 secs] 
2020-09-29T17:41:20.611+0200: 39.138: [GC (Allocation Failure) [PSYoungGen: 625220K->34628K(649216K)] 663808K->73216K(2047488K), 0.0141042 secs] [Times: user=0.11 sys=0.00, real=0.01 secs] 
2020-09-29T17:41:20.676+0200: 39.204: [GC (Allocation Failure) [PSYoungGen: 633156K->45253K(644096K)] 671744K->83841K(2042368K), 0.0193656 secs] [Times: user=0.13 sys=0.00, real=0.02 secs] 
2020-09-29T17:41:20.747+0200: 39.274: [GC (Allocation Failure) [PSYoungGen: 643781K->28549K(647168K)] 682369K->67137K(2045440K), 0.0128086 secs] [Times: user=0.13 sys=0.00, real=0.01 secs] 
2020-09-29T17:41:20.811+0200: 39.338: [GC (Allocation Failure) [PSYoungGen: 624005K->35652K(647168K)] 662593K->74240K(2045440K), 0.0162715 secs] [Times: user=0.13 sys=0.00, real=0.02 secs] 
2020-09-29T17:41:20.879+0200: 39.406: [GC (Allocation Failure) [PSYoungGen: 631108K->43173K(646144K)] 669696K->81761K(2044416K), 0.0192566 secs] [Times: user=0.13 sys=0.00, real=0.02 secs] 
2020-09-29T17:41:20.952+0200: 39.479: [GC (Allocation Failure) [PSYoungGen: 638629K->37061K(647168K)] 677217K->75649K(2045440K), 0.0163484 secs] [Times: user=0.13 sys=0.00, real=0.02 secs] 
2020-09-29T17:41:21.019+0200: 39.546: [GC (Allocation Failure) [PSYoungGen: 632517K->30852K(648704K)] 671105K->69440K(2046976K), 0.0149901 secs] [Times: user=0.06 sys=0.00, real=0.01 secs] 
2020-09-29T17:41:21.085+0200: 39.612: [GC (Allocation Failure) [PSYoungGen: 629380K->25187K(624128K)] 667968K->63775K(2022400K), 0.0130780 secs] [Times: user=0.13 sys=0.00, real=0.01 secs] 
2020-09-29T17:41:21.162+0200: 39.689: [GC (Allocation Failure) [PSYoungGen: 623715K->19139K(646144K)] 662303K->57727K(2044416K), 0.0102690 secs] [Times: user=0.00 sys=0.00, real=0.01 secs] 
2020-09-29T17:41:21.223+0200: 39.750: [GC (Allocation Failure) [PSYoungGen: 614595K->40005K(635904K)] 653183K->78593K(2034176K), 0.0179018 secs] [Times: user=0.13 sys=0.00, real=0.02 secs] 
2020-09-29T17:41:21.292+0200: 39.819: [GC (Allocation Failure) [PSYoungGen: 635461K->14946K(643584K)] 674049K->53534K(2041856K), 0.0086319 secs] [Times: user=0.01 sys=0.00, real=0.01 secs] 
2020-09-29T17:41:21.352+0200: 39.879: [GC (Allocation Failure) [PSYoungGen: 606306K->45765K(637440K)] 644894K->84353K(2035712K), 0.0199611 secs] [Times: user=0.13 sys=0.00, real=0.02 secs] 
2020-09-29T17:41:21.422+0200: 39.949: [GC (Allocation Failure) [PSYoungGen: 637125K->34084K(644096K)] 675713K->72672K(2042368K), 0.0160754 secs] [Times: user=0.13 sys=0.00, real=0.02 secs] 
2020-09-29T17:41:21.489+0200: 40.016: [GC (Allocation Failure) [PSYoungGen: 621348K->47141K(634880K)] 659936K->85729K(2033152K), 0.0206761 secs] [Times: user=0.13 sys=0.00, real=0.02 secs] 
2020-09-29T17:41:21.560+0200: 40.087: [GC (Allocation Failure) [PSYoungGen: 634405K->30916K(643072K)] 672993K->69504K(2041344K), 0.0153251 secs] [Times: user=0.11 sys=0.00, real=0.02 secs] 
2020-09-29T17:41:21.627+0200: 40.154: [GC (Allocation Failure) [PSYoungGen: 616644K->27236K(641536K)] 655232K->65824K(2039808K), 0.0129030 secs] [Times: user=0.11 sys=0.00, real=0.01 secs] 
2020-09-29T17:41:21.690+0200: 40.216: [GC (Allocation Failure) [PSYoungGen: 612964K->38180K(644096K)] 651552K->76768K(2042368K), 0.0172532 secs] [Times: user=0.13 sys=0.00, real=0.02 secs] 
2020-09-29T17:41:21.758+0200: 40.284: [GC (Allocation Failure) [PSYoungGen: 626980K->25381K(643584K)] 665568K->63969K(2041856K), 0.0107430 secs] [Times: user=0.00 sys=0.00, real=0.01 secs] 
2020-09-29T17:41:21.819+0200: 40.345: [GC (Allocation Failure) [PSYoungGen: 614181K->39909K(644608K)] 652769K->78497K(2042880K), 0.0176091 secs] [Times: user=0.13 sys=0.00, real=0.02 secs] 
2020-09-29T17:41:21.887+0200: 40.413: [GC (Allocation Failure) [PSYoungGen: 630245K->28132K(644608K)] 668833K->66720K(2042880K), 0.0138050 secs] [Times: user=0.13 sys=0.00, real=0.01 secs] 
2020-09-29T17:41:21.956+0200: 40.482: [GC (Allocation Failure) [PSYoungGen: 618468K->30244K(646656K)] 657056K->68832K(2044928K), 0.0150430 secs] [Times: user=0.13 sys=0.00, real=0.01 secs] 
2020-09-29T17:41:22.035+0200: 40.561: [GC (Allocation Failure) [PSYoungGen: 623652K->34884K(645632K)] 662240K->73472K(2043904K), 0.0184486 secs] [Times: user=0.20 sys=0.00, real=0.02 secs] 
2020-09-29T17:41:22.105+0200: 40.631: [GC (Allocation Failure) [PSYoungGen: 628292K->40357K(646144K)] 666880K->78945K(2044416K), 0.0185846 secs] [Times: user=0.13 sys=0.00, real=0.02 secs] 
2020-09-29T17:41:22.180+0200: 40.706: [GC (Allocation Failure) [PSYoungGen: 635813K->34213K(647168K)] 674401K->72801K(2045440K), 0.0156510 secs] [Times: user=0.13 sys=0.00, real=0.01 secs] 
2020-09-29T17:41:22.246+0200: 40.773: [GC (Allocation Failure) [PSYoungGen: 629669K->41637K(646656K)] 668257K->80225K(2044928K), 0.0179625 secs] [Times: user=0.13 sys=0.00, real=0.02 secs] 
2020-09-29T17:41:22.316+0200: 40.842: [GC (Allocation Failure) [PSYoungGen: 638117K->48964K(645632K)] 676705K->87552K(2043904K), 0.0221430 secs] [Times: user=0.25 sys=0.00, real=0.02 secs] 
2020-09-29T17:41:22.389+0200: 40.915: [GC (Allocation Failure) [PSYoungGen: 645444K->43877K(640512K)] 684032K->82465K(2038784K), 0.0186391 secs] [Times: user=0.13 sys=0.00, real=0.02 secs] 
2020-09-29T17:41:22.457+0200: 40.983: [GC (Allocation Failure) [PSYoungGen: 631141K->43237K(630784K)] 669729K->81825K(2029056K), 0.0190291 secs] [Times: user=0.25 sys=0.00, real=0.02 secs] 
2020-09-29T17:41:22.528+0200: 41.054: [GC (Allocation Failure) [PSYoungGen: 630501K->42501K(642560K)] 669089K->81089K(2040832K), 0.0183642 secs] [Times: user=0.13 sys=0.00, real=0.02 secs] 
2020-09-29T17:41:22.598+0200: 41.124: [GC (Allocation Failure) [PSYoungGen: 628741K->26916K(642560K)] 667329K->65504K(2040832K), 0.0137016 secs] [Times: user=0.11 sys=0.00, real=0.01 secs] 
2020-09-29T17:41:22.667+0200: 41.193: [GC (Allocation Failure) [PSYoungGen: 613156K->37380K(644096K)] 651744K->75968K(2042368K), 0.0168974 secs] [Times: user=0.13 sys=0.00, real=0.02 secs] 
2020-09-29T17:41:22.734+0200: 41.260: [GC (Allocation Failure) [PSYoungGen: 625156K->50917K(638976K)] 663744K->89505K(2037248K), 0.0218140 secs] [Times: user=0.25 sys=0.00, real=0.02 secs] 
2020-09-29T17:41:22.806+0200: 41.332: [GC (Allocation Failure) [PSYoungGen: 638693K->37093K(642560K)] 677281K->75681K(2040832K), 0.0162501 secs] [Times: user=0.13 sys=0.00, real=0.02 secs] 
2020-09-29T17:41:22.873+0200: 41.400: [GC (Allocation Failure) [PSYoungGen: 621797K->33508K(641024K)] 660385K->72096K(2039296K), 0.0155201 secs] [Times: user=0.13 sys=0.00, real=0.02 secs] 
2020-09-29T17:41:22.939+0200: 41.465: [GC (Allocation Failure) [PSYoungGen: 618212K->29092K(643584K)] 656800K->67680K(2041856K), 0.0136918 secs] [Times: user=0.13 sys=0.00, real=0.02 secs] 
2020-09-29T17:41:23.022+0200: 41.548: [GC (Allocation Failure) [PSYoungGen: 617380K->55269K(643584K)] 655968K->95345K(2041856K), 0.0236995 secs] [Times: user=0.13 sys=0.00, real=0.02 secs] 
2020-09-29T17:41:23.097+0200: 41.623: [GC (Allocation Failure) [PSYoungGen: 643557K->43525K(633344K)] 683633K->83601K(2031616K), 0.0192498 secs] [Times: user=0.25 sys=0.00, real=0.02 secs] 
2020-09-29T17:41:23.167+0200: 41.693: [GC (Allocation Failure) [PSYoungGen: 621573K->33348K(638464K)] 661649K->73424K(2036736K), 0.0163312 secs] [Times: user=0.13 sys=0.00, real=0.02 secs] 
2020-09-29T17:41:23.233+0200: 41.759: [GC (Allocation Failure) [PSYoungGen: 611396K->37157K(641536K)] 651472K->77233K(2039808K), 0.0173049 secs] [Times: user=0.13 sys=0.00, real=0.02 secs] 
2020-09-29T17:41:23.300+0200: 41.827: [GC (Allocation Failure) [PSYoungGen: 619301K->29540K(639488K)] 659377K->69616K(2037760K), 0.0134272 secs] [Times: user=0.13 sys=0.00, real=0.01 secs] 
2020-09-29T17:41:23.366+0200: 41.892: [GC (Allocation Failure) [PSYoungGen: 611684K->22051K(640512K)] 651760K->62127K(2038784K), 0.0109857 secs] [Times: user=0.00 sys=0.00, real=0.01 secs] 
2020-09-29T17:41:23.427+0200: 41.954: [GC (Allocation Failure) [PSYoungGen: 605219K->44228K(627712K)] 645295K->84304K(2025984K), 0.0197358 secs] [Times: user=0.13 sys=0.00, real=0.02 secs] 
2020-09-29T17:41:23.497+0200: 42.024: [GC (Allocation Failure) [PSYoungGen: 627396K->24292K(640000K)] 667472K->64368K(2038272K), 0.0112295 secs] [Times: user=0.13 sys=0.00, real=0.01 secs] 
2020-09-29T17:41:23.558+0200: 42.085: [GC (Allocation Failure) [PSYoungGen: 605412K->44869K(626176K)] 645488K->84945K(2024448K), 0.0196777 secs] [Times: user=0.13 sys=0.00, real=0.02 secs] 
2020-09-29T17:41:23.629+0200: 42.155: [GC (Allocation Failure) [PSYoungGen: 625989K->24292K(639488K)] 666065K->64368K(2037760K), 0.0127101 secs] [Times: user=0.11 sys=0.00, real=0.01 secs] 
2020-09-29T17:41:23.691+0200: 42.217: [GC (Allocation Failure) [PSYoungGen: 603876K->28580K(638976K)] 643952K->68656K(2037248K), 0.0140291 secs] [Times: user=0.13 sys=0.00, real=0.01 secs] 
2020-09-29T17:41:23.754+0200: 42.281: [GC (Allocation Failure) [PSYoungGen: 608164K->33828K(642560K)] 648240K->73904K(2040832K), 0.0159985 secs] [Times: user=0.01 sys=0.00, real=0.02 secs] 
2020-09-29T17:41:23.820+0200: 42.347: [GC (Allocation Failure) [PSYoungGen: 618020K->28164K(640512K)] 658096K->68240K(2038784K), 0.0136898 secs] [Times: user=0.13 sys=0.00, real=0.01 secs] 
2020-09-29T17:41:23.883+0200: 42.411: [GC (Allocation Failure) [PSYoungGen: 612356K->38053K(644096K)] 652432K->78129K(2042368K), 0.0157907 secs] [Times: user=0.13 sys=0.00, real=0.02 secs] 
2020-09-29T17:41:23.949+0200: 42.476: [GC (Allocation Failure) [PSYoungGen: 626853K->24452K(643584K)] 666929K->64528K(2041856K), 0.0110810 secs] [Times: user=0.13 sys=0.00, real=0.01 secs] 
2020-09-29T17:41:24.014+0200: 42.541: [GC (Allocation Failure) [PSYoungGen: 613252K->38788K(644608K)] 653328K->78864K(2042880K), 0.0184734 secs] [Times: user=0.11 sys=0.00, real=0.02 secs] 
2020-09-29T17:41:24.086+0200: 42.613: [GC (Allocation Failure) [PSYoungGen: 629124K->25091K(644608K)] 669200K->65167K(2042880K), 0.0135651 secs] [Times: user=0.13 sys=0.00, real=0.01 secs] 
2020-09-29T17:41:24.153+0200: 42.680: [GC (Allocation Failure) [PSYoungGen: 615427K->27300K(646144K)] 655503K->67376K(2044416K), 0.0132225 secs] [Times: user=0.13 sys=0.00, real=0.01 secs] 
2020-09-29T17:41:24.220+0200: 42.747: [GC (Allocation Failure) [PSYoungGen: 619684K->30820K(645120K)] 659760K->70896K(2043392K), 0.0147023 secs] [Times: user=0.13 sys=0.00, real=0.01 secs] 
2020-09-29T17:41:24.285+0200: 42.813: [GC (Allocation Failure) [PSYoungGen: 623204K->34661K(648704K)] 663280K->74737K(2046976K), 0.0154102 secs] [Times: user=0.13 sys=0.00, real=0.02 secs] 
2020-09-29T17:41:24.353+0200: 42.879: [GC (Allocation Failure) [PSYoungGen: 632677K->50149K(648192K)] 672753K->98417K(2046464K), 0.0266809 secs] [Times: user=0.25 sys=0.00, real=0.03 secs] 
2020-09-29T17:41:24.431+0200: 42.957: [GC (Allocation Failure) [PSYoungGen: 648165K->40900K(633856K)] 696433K->89168K(2032128K), 0.0188426 secs] [Times: user=0.13 sys=0.00, real=0.02 secs] 
2020-09-29T17:41:24.500+0200: 43.026: [GC (Allocation Failure) [PSYoungGen: 624068K->36036K(641024K)] 672336K->84304K(2039296K), 0.0165469 secs] [Times: user=0.13 sys=0.00, real=0.02 secs] 
2020-09-29T17:41:24.566+0200: 43.092: [GC (Allocation Failure) [PSYoungGen: 619204K->29956K(644096K)] 667472K->78224K(2042368K), 0.0158898 secs] [Times: user=0.11 sys=0.00, real=0.02 secs] 
2020-09-29T17:41:24.634+0200: 43.160: [GC (Allocation Failure) [PSYoungGen: 618244K->30309K(643072K)] 666512K->78577K(2041344K), 0.0141790 secs] [Times: user=0.13 sys=0.00, real=0.01 secs] 
2020-09-29T17:41:24.698+0200: 43.225: [GC (Allocation Failure) [PSYoungGen: 618597K->29987K(646144K)] 666865K->78255K(2044416K), 0.0148758 secs] [Times: user=0.13 sys=0.00, real=0.02 secs] 
2020-09-29T17:41:24.764+0200: 43.290: [GC (Allocation Failure) [PSYoungGen: 622371K->34469K(645120K)] 670639K->82737K(2043392K), 0.0157006 secs] [Times: user=0.13 sys=0.00, real=0.02 secs] 
2020-09-29T17:41:24.837+0200: 43.364: [GC (Allocation Failure) [PSYoungGen: 626853K->38500K(648192K)] 675121K->86768K(2046464K), 0.0190555 secs] [Times: user=0.13 sys=0.00, real=0.02 secs] 
2020-09-29T17:41:24.908+0200: 43.434: [GC (Allocation Failure) [PSYoungGen: 636004K->48069K(645632K)] 684272K->96337K(2043904K), 0.0206275 secs] [Times: user=0.25 sys=0.00, real=0.02 secs] 
2020-09-29T17:41:24.982+0200: 43.509: [GC (Allocation Failure) [PSYoungGen: 645573K->43973K(641536K)] 693841K->92241K(2039808K), 0.0193650 secs] [Times: user=0.13 sys=0.00, real=0.02 secs] 
2020-09-29T17:41:25.053+0200: 43.579: [GC (Allocation Failure) [PSYoungGen: 632261K->43332K(631808K)] 680529K->91600K(2030080K), 0.0195549 secs] [Times: user=0.13 sys=0.00, real=0.02 secs] 
2020-09-29T17:41:25.123+0200: 43.649: [GC (Allocation Failure) [PSYoungGen: 631620K->29924K(643584K)] 679888K->78192K(2041856K), 0.0141257 secs] [Times: user=0.13 sys=0.00, real=0.01 secs] 
2020-09-29T17:41:25.192+0200: 43.719: [GC (Allocation Failure) [PSYoungGen: 617700K->43493K(643072K)] 665968K->91761K(2041344K), 0.0188023 secs] [Times: user=0.13 sys=0.00, real=0.02 secs] 
2020-09-29T17:41:25.262+0200: 43.788: [GC (Allocation Failure) [PSYoungGen: 631269K->28516K(643072K)] 679537K->76784K(2041344K), 0.0128724 secs] [Times: user=0.13 sys=0.00, real=0.01 secs] 
2020-09-29T17:41:25.325+0200: 43.852: [GC (Allocation Failure) [PSYoungGen: 615780K->41573K(643072K)] 664048K->89841K(2041344K), 0.0185559 secs] [Times: user=0.13 sys=0.00, real=0.02 secs] 
2020-09-29T17:41:25.394+0200: 43.920: [GC (Allocation Failure) [PSYoungGen: 628837K->24899K(643072K)] 677105K->73167K(2041344K), 0.0125477 secs] [Times: user=0.13 sys=0.00, real=0.01 secs] 
2020-09-29T17:41:25.456+0200: 43.983: [GC (Allocation Failure) [PSYoungGen: 612163K->51685K(638976K)] 660431K->99953K(2037248K), 0.0213906 secs] [Times: user=0.25 sys=0.00, real=0.02 secs] 
2020-09-29T17:41:25.528+0200: 44.055: [GC (Allocation Failure) [PSYoungGen: 638949K->37349K(641536K)] 687217K->85617K(2039808K), 0.0160541 secs] [Times: user=0.13 sys=0.00, real=0.02 secs] 
2020-09-29T17:41:25.596+0200: 44.122: [GC (Allocation Failure) [PSYoungGen: 618981K->31077K(638976K)] 667249K->79345K(2037248K), 0.0143375 secs] [Times: user=0.11 sys=0.00, real=0.01 secs] 
2020-09-29T17:41:25.662+0200: 44.189: [GC (Allocation Failure) [PSYoungGen: 612709K->22532K(641024K)] 660977K->70800K(2039296K), 0.0107002 secs] [Times: user=0.00 sys=0.00, real=0.01 secs] 
2020-09-29T17:41:25.728+0200: 44.254: [GC (Allocation Failure) [PSYoungGen: 606724K->46149K(630784K)] 654992K->94417K(2029056K), 0.0158114 secs] [Times: user=0.13 sys=0.00, real=0.02 secs] 
2020-09-29T17:41:25.794+0200: 44.320: [GC (Allocation Failure) [PSYoungGen: 630341K->27173K(640512K)] 678609K->75441K(2038784K), 0.0103944 secs] [Times: user=0.13 sys=0.00, real=0.01 secs] 
2020-09-29T17:41:25.855+0200: 44.382: [GC (Allocation Failure) [PSYoungGen: 608805K->19875K(640000K)] 657073K->68143K(2038272K), 0.0078844 secs] [Times: user=0.00 sys=0.00, real=0.01 secs] 
2020-09-29T17:41:25.915+0200: 44.442: [GC (Allocation Failure) [PSYoungGen: 601507K->27077K(641536K)] 649775K->75345K(2039808K), 0.0095190 secs] [Times: user=0.00 sys=0.00, real=0.01 secs] 
2020-09-29T17:41:25.975+0200: 44.501: [GC (Allocation Failure) [PSYoungGen: 609733K->32772K(640000K)] 658001K->81040K(2038272K), 0.0125289 secs] [Times: user=0.00 sys=0.00, real=0.01 secs] 
2020-09-29T17:41:26.037+0200: 44.563: [GC (Allocation Failure) [PSYoungGen: 615428K->54917K(632320K)] 663696K->103185K(2030592K), 0.0181036 secs] [Times: user=0.13 sys=0.00, real=0.02 secs] 
2020-09-29T17:41:26.104+0200: 44.631: [GC (Allocation Failure) [PSYoungGen: 631941K->44005K(621056K)] 680209K->92273K(2019328K), 0.0150634 secs] [Times: user=0.13 sys=0.00, real=0.02 secs] 
2020-09-29T17:41:26.169+0200: 44.696: [GC (Allocation Failure) [PSYoungGen: 621029K->33093K(638976K)] 669297K->81361K(2037248K), 0.0124477 secs] [Times: user=0.13 sys=0.00, real=0.01 secs] 
2020-09-29T17:41:26.232+0200: 44.759: [GC (Allocation Failure) [PSYoungGen: 610629K->32483K(637440K)] 658897K->80751K(2035712K), 0.0124337 secs] [Times: user=0.13 sys=0.00, real=0.01 secs] 
2020-09-29T17:41:26.294+0200: 44.821: [GC (Allocation Failure) [PSYoungGen: 610019K->49477K(634880K)] 658287K->97745K(2033152K), 0.0174916 secs] [Times: user=0.13 sys=0.00, real=0.02 secs] 
2020-09-29T17:41:26.361+0200: 44.887: [GC (Allocation Failure) [PSYoungGen: 626501K->37765K(637952K)] 674769K->86033K(2036224K), 0.0132153 secs] [Times: user=0.13 sys=0.00, real=0.01 secs] 
2020-09-29T17:41:26.424+0200: 44.950: [GC (Allocation Failure) [PSYoungGen: 614789K->40549K(641024K)] 663057K->88817K(2039296K), 0.0138498 secs] [Times: user=0.13 sys=0.00, real=0.01 secs] 
2020-09-29T17:41:26.487+0200: 45.014: [GC (Allocation Failure) [PSYoungGen: 622693K->33700K(640000K)] 670961K->81968K(2038272K), 0.0121290 secs] [Times: user=0.13 sys=0.00, real=0.01 secs] 
2020-09-29T17:41:26.550+0200: 45.077: [GC (Allocation Failure) [PSYoungGen: 615844K->38852K(643584K)] 664112K->87120K(2041856K), 0.0140536 secs] [Times: user=0.13 sys=0.00, real=0.01 secs] 
2020-09-29T17:41:26.616+0200: 45.143: [GC (Allocation Failure) [PSYoungGen: 626116K->37989K(642560K)] 674384K->86257K(2040832K), 0.0153107 secs] [Times: user=0.11 sys=0.00, real=0.02 secs] 
2020-09-29T17:41:26.684+0200: 45.210: [GC (Allocation Failure) [PSYoungGen: 625253K->37317K(646656K)] 673521K->85585K(2044928K), 0.0135660 secs] [Times: user=0.13 sys=0.00, real=0.01 secs] 
2020-09-29T17:41:26.749+0200: 45.275: [GC (Allocation Failure) [PSYoungGen: 630213K->41508K(645120K)] 678481K->89776K(2043392K), 0.0148394 secs] [Times: user=0.13 sys=0.00, real=0.01 secs] 
2020-09-29T17:41:26.815+0200: 45.341: [GC (Allocation Failure) [PSYoungGen: 634404K->45125K(643584K)] 682672K->93393K(2041856K), 0.0158474 secs] [Times: user=0.13 sys=0.00, real=0.02 secs] 
2020-09-29T17:41:26.882+0200: 45.408: [GC (Allocation Failure) [PSYoungGen: 636485K->33861K(645120K)] 684753K->82129K(2043392K), 0.0120128 secs] [Times: user=0.00 sys=0.00, real=0.01 secs] 
2020-09-29T17:41:26.944+0200: 45.470: [GC (Allocation Failure) [PSYoungGen: 625221K->37285K(647168K)] 673489K->85553K(2045440K), 0.0128845 secs] [Times: user=0.00 sys=0.00, real=0.01 secs] 
2020-09-29T17:41:27.011+0200: 45.537: [GC (Allocation Failure) [PSYoungGen: 631717K->30084K(646144K)] 679985K->78352K(2044416K), 0.0145051 secs] [Times: user=0.09 sys=0.00, real=0.01 secs] 
2020-09-29T17:41:27.077+0200: 45.604: [GC (Allocation Failure) [PSYoungGen: 624516K->36420K(648704K)] 672784K->84688K(2046976K), 0.0127749 secs] [Times: user=0.13 sys=0.00, real=0.01 secs] 
2020-09-29T17:41:27.141+0200: 45.668: [GC (Allocation Failure) [PSYoungGen: 633412K->30628K(647168K)] 681680K->78896K(2045440K), 0.0116764 secs] [Times: user=0.13 sys=0.00, real=0.01 secs] 
2020-09-29T17:41:27.206+0200: 45.733: [GC (Allocation Failure) [PSYoungGen: 627620K->39749K(648704K)] 675888K->88017K(2046976K), 0.0137869 secs] [Times: user=0.06 sys=0.02, real=0.01 secs] 
2020-09-29T17:41:27.272+0200: 45.799: [GC (Allocation Failure) [PSYoungGen: 638277K->22211K(621056K)] 686545K->70479K(2019328K), 0.0088358 secs] [Times: user=0.00 sys=0.00, real=0.01 secs] 
2020-09-29T17:41:27.333+0200: 45.860: [GC (Allocation Failure) [PSYoungGen: 620739K->46405K(642560K)] 669007K->94673K(2040832K), 0.0154875 secs] [Times: user=0.13 sys=0.00, real=0.02 secs] 
2020-09-29T17:41:27.399+0200: 45.926: [GC (Allocation Failure) [PSYoungGen: 637765K->49444K(641024K)] 686033K->97712K(2039296K), 0.0173800 secs] [Times: user=0.13 sys=0.00, real=0.02 secs] 
2020-09-29T17:41:27.467+0200: 45.994: [GC (Allocation Failure) [PSYoungGen: 640804K->24100K(641024K)] 689072K->72368K(2039296K), 0.0088731 secs] [Times: user=0.13 sys=0.00, real=0.01 secs] 
2020-09-29T17:41:27.526+0200: 46.053: [GC (Allocation Failure) [PSYoungGen: 608292K->18053K(602624K)] 656560K->66321K(2000896K), 0.0060992 secs] [Times: user=0.00 sys=0.00, real=0.01 secs] 
2020-09-29T17:41:27.584+0200: 46.111: [GC (Allocation Failure) [PSYoungGen: 602245K->41733K(640512K)] 650513K->90001K(2038784K), 0.0148185 secs] [Times: user=0.11 sys=0.00, real=0.01 secs] 
2020-09-29T17:41:27.650+0200: 46.177: [GC (Allocation Failure) [PSYoungGen: 623877K->35588K(640512K)] 672145K->83856K(2038784K), 0.0129434 secs] [Times: user=0.13 sys=0.00, real=0.01 secs] 
2020-09-29T17:41:27.713+0200: 46.240: [GC (Allocation Failure) [PSYoungGen: 617732K->43461K(640512K)] 666000K->91729K(2038784K), 0.0145987 secs] [Times: user=0.13 sys=0.00, real=0.01 secs] 
2020-09-29T17:41:27.777+0200: 46.304: [GC (Allocation Failure) [PSYoungGen: 627653K->39044K(641536K)] 675921K->87312K(2039808K), 0.0142372 secs] [Times: user=0.13 sys=0.00, real=0.02 secs] 
2020-09-29T17:41:27.843+0200: 46.370: [GC (Allocation Failure) [PSYoungGen: 623236K->48997K(637440K)] 671504K->97265K(2035712K), 0.0165669 secs] [Times: user=0.13 sys=0.00, real=0.02 secs] 
2020-09-29T17:41:27.909+0200: 46.436: [GC (Allocation Failure) [PSYoungGen: 630117K->12481K(593920K)] 678385K->60749K(1992192K), 0.0070123 secs] [Times: user=0.13 sys=0.00, real=0.01 secs] 
2020-09-29T17:41:27.965+0200: 46.492: [GC (Allocation Failure) [PSYoungGen: 593601K->16196K(636416K)] 641869K->64464K(2034688K), 0.0064417 secs] [Times: user=0.00 sys=0.00, real=0.01 secs] 
2020-09-29T17:41:28.020+0200: 46.547: [GC (Allocation Failure) [PSYoungGen: 591172K->29285K(636928K)] 639440K->77553K(2035200K), 0.0104607 secs] [Times: user=0.00 sys=0.00, real=0.01 secs] 
2020-09-29T17:41:28.080+0200: 46.607: [GC (Allocation Failure) [PSYoungGen: 604261K->43717K(636928K)] 652529K->91985K(2035200K), 0.0154452 secs] [Times: user=0.13 sys=0.00, real=0.02 secs] 
2020-09-29T17:41:28.145+0200: 46.672: [GC (Allocation Failure) [PSYoungGen: 620741K->32805K(637952K)] 669009K->81073K(2036224K), 0.0119332 secs] [Times: user=0.00 sys=0.00, real=0.01 secs] 
2020-09-29T17:41:28.207+0200: 46.734: [GC (Allocation Failure) [PSYoungGen: 609829K->18979K(639488K)] 658097K->67247K(2037760K), 0.0075983 secs] [Times: user=0.00 sys=0.00, real=0.01 secs] 
2020-09-29T17:41:28.265+0200: 46.792: [GC (Allocation Failure) [PSYoungGen: 600099K->39332K(640000K)] 648367K->87600K(2038272K), 0.0148073 secs] [Times: user=0.13 sys=0.00, real=0.01 secs] 
2020-09-29T17:41:28.331+0200: 46.858: [GC (Allocation Failure) [PSYoungGen: 620452K->46213K(635392K)] 668720K->94481K(2033664K), 0.0156907 secs] [Times: user=0.09 sys=0.01, real=0.02 secs] 
2020-09-29T17:41:28.396+0200: 46.924: [GC (Allocation Failure) [PSYoungGen: 623237K->48997K(626176K)] 671505K->97265K(2024448K), 0.0165706 secs] [Times: user=0.13 sys=0.00, real=0.02 secs] 
2020-09-29T17:41:28.462+0200: 46.989: [GC (Allocation Failure) [PSYoungGen: 626021K->38052K(636928K)] 674289K->86320K(2035200K), 0.0140435 secs] [Times: user=0.13 sys=0.00, real=0.01 secs] 
2020-09-29T17:41:28.527+0200: 47.054: [GC (Allocation Failure) [PSYoungGen: 611492K->37253K(635392K)] 659760K->85521K(2033664K), 0.0130019 secs] [Times: user=0.13 sys=0.00, real=0.01 secs] 
2020-09-29T17:41:28.591+0200: 47.118: [GC (Allocation Failure) [PSYoungGen: 610693K->19683K(637952K)] 658961K->67951K(2036224K), 0.0089598 secs] [Times: user=0.11 sys=0.00, real=0.01 secs] 
2020-09-29T17:41:28.650+0200: 47.177: [GC (Allocation Failure) [PSYoungGen: 597731K->19586K(638464K)] 645999K->67854K(2036736K), 0.0084885 secs] [Times: user=0.00 sys=0.00, real=0.01 secs] 
2020-09-29T17:41:28.708+0200: 47.235: [GC (Allocation Failure) [PSYoungGen: 597634K->21091K(639488K)] 645902K->69359K(2037760K), 0.0090619 secs] [Times: user=0.00 sys=0.00, real=0.01 secs] 
2020-09-29T17:41:28.767+0200: 47.294: [GC (Allocation Failure) [PSYoungGen: 600163K->39589K(638464K)] 648431K->87857K(2036736K), 0.0136327 secs] [Times: user=0.13 sys=0.00, real=0.01 secs] 
2020-09-29T17:41:28.831+0200: 47.358: [GC (Allocation Failure) [PSYoungGen: 618661K->44389K(635392K)] 666929K->92657K(2033664K), 0.0153120 secs] [Times: user=0.13 sys=0.00, real=0.01 secs] 
2020-09-29T17:41:28.896+0200: 47.423: [GC (Allocation Failure) [PSYoungGen: 620389K->32453K(637440K)] 668657K->80721K(2035712K), 0.0116427 secs] [Times: user=0.00 sys=0.00, real=0.01 secs] 
2020-09-29T17:41:28.957+0200: 47.484: [GC (Allocation Failure) [PSYoungGen: 608453K->32485K(642560K)] 656721K->80753K(2040832K), 0.0119290 secs] [Times: user=0.00 sys=0.00, real=0.01 secs] 
2020-09-29T17:41:29.019+0200: 47.546: [GC (Allocation Failure) [PSYoungGen: 616165K->41957K(640000K)] 664433K->90225K(2038272K), 0.0139005 secs] [Times: user=0.13 sys=0.00, real=0.01 secs] 
2020-09-29T17:41:29.085+0200: 47.612: [GC (Allocation Failure) [PSYoungGen: 625637K->51429K(633344K)] 673905K->99697K(2031616K), 0.0197585 secs] [Times: user=0.13 sys=0.00, real=0.02 secs] 
2020-09-29T17:41:29.157+0200: 47.684: [GC (Allocation Failure) [PSYoungGen: 627429K->39461K(637440K)] 675697K->87729K(2035712K), 0.0179091 secs] [Times: user=0.11 sys=0.00, real=0.02 secs] 
2020-09-29T17:41:29.227+0200: 47.754: [GC (Allocation Failure) [PSYoungGen: 615461K->41253K(639488K)] 663729K->89521K(2037760K), 0.0149525 secs] [Times: user=0.13 sys=0.00, real=0.02 secs] 
2020-09-29T17:41:29.292+0200: 47.819: [GC (Allocation Failure) [PSYoungGen: 620837K->32100K(638976K)] 669105K->80368K(2037248K), 0.0120949 secs] [Times: user=0.13 sys=0.00, real=0.01 secs] 
2020-09-29T17:41:29.355+0200: 47.882: [GC (Allocation Failure) [PSYoungGen: 611684K->51173K(634368K)] 659952K->99441K(2032640K), 0.0173110 secs] [Times: user=0.13 sys=0.00, real=0.02 secs] 
2020-09-29T17:41:29.422+0200: 47.949: [GC (Allocation Failure) [PSYoungGen: 627173K->37764K(637440K)] 675441K->86032K(2035712K), 0.0136844 secs] [Times: user=0.13 sys=0.00, real=0.01 secs] 
2020-09-29T17:41:29.485+0200: 48.012: [GC (Allocation Failure) [PSYoungGen: 613764K->39557K(641024K)] 662032K->87825K(2039296K), 0.0140507 secs] [Times: user=0.13 sys=0.00, real=0.01 secs] 
2020-09-29T17:41:29.548+0200: 48.075: [GC (Allocation Failure) [PSYoungGen: 621189K->33221K(639488K)] 669457K->81489K(2037760K), 0.0109817 secs] [Times: user=0.13 sys=0.00, real=0.01 secs] 
2020-09-29T17:41:29.611+0200: 48.138: [GC (Allocation Failure) [PSYoungGen: 614853K->39363K(643584K)] 663121K->87631K(2041856K), 0.0162576 secs] [Times: user=0.11 sys=0.00, real=0.02 secs] 
2020-09-29T17:41:29.678+0200: 48.205: [GC (Allocation Failure) [PSYoungGen: 626627K->38693K(642560K)] 674895K->86961K(2040832K), 0.0140639 secs] [Times: user=0.13 sys=0.00, real=0.01 secs] 
2020-09-29T17:41:29.742+0200: 48.269: [GC (Allocation Failure) [PSYoungGen: 625957K->34596K(646144K)] 674225K->82864K(2044416K), 0.0127959 secs] [Times: user=0.13 sys=0.00, real=0.01 secs] 
2020-09-29T17:41:29.808+0200: 48.334: [GC (Allocation Failure) [PSYoungGen: 626980K->24003K(645120K)] 675248K->72271K(2043392K), 0.0111037 secs] [Times: user=0.13 sys=0.00, real=0.01 secs] 
2020-09-29T17:41:29.871+0200: 48.398: [GC (Allocation Failure) [PSYoungGen: 616387K->41604K(645120K)] 664655K->89872K(2043392K), 0.0149524 secs] [Times: user=0.13 sys=0.00, real=0.01 secs] 
2020-09-29T17:41:29.937+0200: 48.463: [GC (Allocation Failure) [PSYoungGen: 632964K->31365K(645120K)] 681232K->79633K(2043392K), 0.0114983 secs] [Times: user=0.13 sys=0.00, real=0.01 secs] 
2020-09-29T17:41:29.999+0200: 48.525: [GC (Allocation Failure) [PSYoungGen: 622725K->48549K(639488K)] 670993K->96817K(2037760K), 0.0162167 secs] [Times: user=0.13 sys=0.00, real=0.02 secs] 
2020-09-29T17:41:30.066+0200: 48.592: [GC (Allocation Failure) [PSYoungGen: 634789K->46853K(633344K)] 683057K->95121K(2031616K), 0.0158744 secs] [Times: user=0.13 sys=0.00, real=0.02 secs] 
2020-09-29T17:41:30.132+0200: 48.658: [GC (Allocation Failure) [PSYoungGen: 633093K->45125K(640000K)] 681361K->93393K(2038272K), 0.0154119 secs] [Times: user=0.13 sys=0.00, real=0.02 secs] 
2020-09-29T17:41:30.197+0200: 48.723: [GC (Allocation Failure) [PSYoungGen: 627269K->37380K(640512K)] 675537K->85648K(2038784K), 0.0135999 secs] [Times: user=0.13 sys=0.00, real=0.01 secs] 
2020-09-29T17:41:30.261+0200: 48.787: [GC (Allocation Failure) [PSYoungGen: 619524K->45093K(641024K)] 667792K->93361K(2039296K), 0.0149629 secs] [Times: user=0.13 sys=0.00, real=0.02 secs] 
2020-09-29T17:41:30.326+0200: 48.852: [GC (Allocation Failure) [PSYoungGen: 629285K->25507K(609792K)] 677553K->73775K(2008064K), 0.0104051 secs] [Times: user=0.13 sys=0.00, real=0.01 secs] 
2020-09-29T17:41:30.387+0200: 48.913: [GC (Allocation Failure) [PSYoungGen: 609699K->17123K(637952K)] 657967K->65391K(2036224K), 0.0070262 secs] [Times: user=0.00 sys=0.00, real=0.01 secs] 
2020-09-29T17:41:30.444+0200: 48.970: [GC (Allocation Failure) [PSYoungGen: 597219K->36196K(639488K)] 645487K->84464K(2037760K), 0.0132124 secs] [Times: user=0.00 sys=0.00, real=0.01 secs] 
2020-09-29T17:41:30.508+0200: 49.034: [GC (Allocation Failure) [PSYoungGen: 616292K->25220K(642048K)] 664560K->73488K(2040320K), 0.0094369 secs] [Times: user=0.00 sys=0.00, real=0.01 secs] 
2020-09-29T17:41:30.572+0200: 49.098: [GC (Allocation Failure) [PSYoungGen: 609924K->34437K(641536K)] 658192K->82705K(2039808K), 0.0130965 secs] [Times: user=0.11 sys=0.00, real=0.01 secs] 
2020-09-29T17:41:30.637+0200: 49.163: [GC (Allocation Failure) [PSYoungGen: 619141K->15748K(641024K)] 667409K->64016K(2039296K), 0.0057421 secs] [Times: user=0.00 sys=0.00, real=0.01 secs] 
2020-09-29T17:41:30.693+0200: 49.219: [GC (Allocation Failure) [PSYoungGen: 601988K->55141K(641536K)] 650256K->103409K(2039808K), 0.0179719 secs] [Times: user=0.13 sys=0.00, real=0.02 secs] 
2020-09-29T17:41:30.761+0200: 49.287: [GC (Allocation Failure) [PSYoungGen: 641381K->39813K(634368K)] 689649K->88081K(2032640K), 0.0141098 secs] [Times: user=0.13 sys=0.00, real=0.01 secs] 
2020-09-29T17:41:30.825+0200: 49.351: [GC (Allocation Failure) [PSYoungGen: 616837K->27972K(637952K)] 665105K->76240K(2036224K), 0.0104317 secs] [Times: user=0.13 sys=0.00, real=0.01 secs] 
2020-09-29T17:41:30.885+0200: 49.411: [GC (Allocation Failure) [PSYoungGen: 604996K->28707K(640512K)] 653264K->76975K(2038784K), 0.0115324 secs] [Times: user=0.13 sys=0.00, real=0.01 secs] 
2020-09-29T17:41:30.946+0200: 49.472: [GC (Allocation Failure) [PSYoungGen: 609315K->19523K(638976K)] 657583K->67791K(2037248K), 0.0080800 secs] [Times: user=0.00 sys=0.00, real=0.01 secs] 
2020-09-29T17:41:31.003+0200: 49.529: [GC (Allocation Failure) [PSYoungGen: 600131K->39621K(640512K)] 648399K->87889K(2038784K), 0.0127639 secs] [Times: user=0.13 sys=0.00, real=0.01 secs] 
2020-09-29T17:41:31.065+0200: 49.592: [GC (Allocation Failure) [PSYoungGen: 621765K->46948K(629248K)] 670033K->95216K(2027520K), 0.0163211 secs] [Times: user=0.13 sys=0.00, real=0.02 secs] 
2020-09-29T17:41:31.132+0200: 49.658: [GC (Allocation Failure) [PSYoungGen: 629092K->40356K(638464K)] 677360K->88624K(2036736K), 0.0310158 secs] [Times: user=0.25 sys=0.00, real=0.03 secs] 
2020-09-29T17:41:31.225+0200: 49.751: [GC (Allocation Failure) [PSYoungGen: 617892K->29827K(637952K)] 666160K->78095K(2036224K), 0.0116980 secs] [Times: user=0.00 sys=0.00, real=0.01 secs] 
2020-09-29T17:41:31.286+0200: 49.812: [GC (Allocation Failure) [PSYoungGen: 607363K->33061K(642048K)] 655631K->81329K(2040320K), 0.0108219 secs] [Times: user=0.00 sys=0.00, real=0.01 secs] 
2020-09-29T17:41:31.347+0200: 49.873: [GC (Allocation Failure) [PSYoungGen: 616229K->42021K(640000K)] 664497K->90289K(2038272K), 0.0146123 secs] [Times: user=0.13 sys=0.00, real=0.01 secs] 
2020-09-29T17:41:31.412+0200: 49.938: [GC (Allocation Failure) [PSYoungGen: 625189K->37253K(643072K)] 673457K->85521K(2041344K), 0.0118199 secs] [Times: user=0.00 sys=0.00, real=0.01 secs] 
2020-09-29T17:41:31.474+0200: 50.000: [GC (Allocation Failure) [PSYoungGen: 622981K->20676K(641536K)] 671249K->68944K(2039808K), 0.0074933 secs] [Times: user=0.00 sys=0.00, real=0.01 secs] 
2020-09-29T17:41:31.534+0200: 50.060: [GC (Allocation Failure) [PSYoungGen: 606404K->45893K(638464K)] 654672K->94161K(2036736K), 0.0149361 secs] [Times: user=0.13 sys=0.00, real=0.02 secs] 
2020-09-29T17:41:31.600+0200: 50.127: [GC (Allocation Failure) [PSYoungGen: 628037K->40133K(640512K)] 676305K->88401K(2038784K), 0.0136034 secs] [Times: user=0.13 sys=0.00, real=0.01 secs] 
2020-09-29T17:41:31.665+0200: 50.191: [GC (Allocation Failure) [PSYoungGen: 622277K->48005K(635904K)] 670545K->96273K(2034176K), 0.0166322 secs] [Times: user=0.13 sys=0.00, real=0.02 secs] 
2020-09-29T17:41:31.731+0200: 50.257: [GC (Allocation Failure) [PSYoungGen: 626053K->36612K(638464K)] 674321K->84880K(2036736K), 0.0133510 secs] [Times: user=0.13 sys=0.00, real=0.01 secs] 
2020-09-29T17:41:31.795+0200: 50.321: [GC (Allocation Failure) [PSYoungGen: 614660K->54149K(632320K)] 662928K->102417K(2030592K), 0.0209248 secs] [Times: user=0.11 sys=0.00, real=0.02 secs] 
2020-09-29T17:41:31.868+0200: 50.395: [GC (Allocation Failure) [PSYoungGen: 628101K->40101K(636416K)] 676369K->88369K(2034688K), 0.0146463 secs] [Times: user=0.13 sys=0.00, real=0.01 secs] 
2020-09-29T17:41:31.935+0200: 50.461: [GC (Allocation Failure) [PSYoungGen: 614053K->39749K(640000K)] 662321K->88017K(2038272K), 0.0151697 secs] [Times: user=0.13 sys=0.00, real=0.02 secs] 
2020-09-29T17:41:32.002+0200: 50.528: [GC (Allocation Failure) [PSYoungGen: 619333K->45029K(638464K)] 667601K->93297K(2036736K), 0.0149079 secs] [Times: user=0.13 sys=0.00, real=0.01 secs] 
2020-09-29T17:41:32.066+0200: 50.592: [GC (Allocation Failure) [PSYoungGen: 624613K->36709K(641024K)] 672881K->84977K(2039296K), 0.0128390 secs] [Times: user=0.13 sys=0.00, real=0.01 secs] 
2020-09-29T17:41:32.129+0200: 50.655: [GC (Allocation Failure) [PSYoungGen: 618853K->30532K(640000K)] 667121K->78800K(2038272K), 0.0114290 secs] [Times: user=0.13 sys=0.00, real=0.01 secs] 
2020-09-29T17:41:32.191+0200: 50.717: [GC (Allocation Failure) [PSYoungGen: 612676K->23396K(640512K)] 660944K->71664K(2038784K), 0.0086373 secs] [Times: user=0.13 sys=0.00, real=0.01 secs] 
2020-09-29T17:41:32.249+0200: 50.775: [GC (Allocation Failure) [PSYoungGen: 606564K->44900K(628224K)] 654832K->93168K(2026496K), 0.0159502 secs] [Times: user=0.13 sys=0.00, real=0.02 secs] 
2020-09-29T17:41:32.315+0200: 50.841: [GC (Allocation Failure) [PSYoungGen: 628068K->53829K(631808K)] 676336K->102097K(2030080K), 0.0182080 secs] [Times: user=0.14 sys=0.00, real=0.02 secs] 
2020-09-29T17:41:32.383+0200: 50.910: [GC (Allocation Failure) [PSYoungGen: 626757K->52549K(625664K)] 675025K->100817K(2023936K), 0.0175187 secs] [Times: user=0.13 sys=0.00, real=0.02 secs] 
2020-09-29T17:41:32.450+0200: 50.977: [GC (Allocation Failure) [PSYoungGen: 625477K->23781K(633344K)] 673745K->72049K(2031616K), 0.0087759 secs] [Times: user=0.13 sys=0.00, real=0.01 secs] 
2020-09-29T17:41:32.508+0200: 51.035: [GC (Allocation Failure) [PSYoungGen: 591589K->17317K(585216K)] 639857K->65585K(1983488K), 0.0060732 secs] [Times: user=0.00 sys=0.00, real=0.01 secs] 
2020-09-29T17:41:32.563+0200: 51.090: [GC (Allocation Failure) [PSYoungGen: 585125K->38277K(634368K)] 633393K->86545K(2032640K), 0.0143354 secs] [Times: user=0.11 sys=0.00, real=0.01 secs] 
2020-09-29T17:41:32.628+0200: 51.155: [GC (Allocation Failure) [PSYoungGen: 606085K->30788K(632320K)] 654353K->79056K(2030592K), 0.0123672 secs] [Times: user=0.11 sys=0.00, real=0.01 secs] 
2020-09-29T17:41:32.689+0200: 51.216: [GC (Allocation Failure) [PSYoungGen: 598596K->38021K(637952K)] 646864K->86289K(2036224K), 0.0135636 secs] [Times: user=0.13 sys=0.00, real=0.01 secs] 
2020-09-29T17:41:32.752+0200: 51.279: [GC (Allocation Failure) [PSYoungGen: 613509K->39269K(636416K)] 661777K->87537K(2034688K), 0.0138213 secs] [Times: user=0.13 sys=0.00, real=0.01 secs] 
2020-09-29T17:41:32.815+0200: 51.342: [GC (Allocation Failure) [PSYoungGen: 614757K->40485K(640512K)] 663025K->88753K(2038784K), 0.0142078 secs] [Times: user=0.13 sys=0.00, real=0.01 secs] 
2020-09-29T17:41:32.881+0200: 51.408: [GC (Allocation Failure) [PSYoungGen: 621605K->31429K(639488K)] 669873K->79697K(2037760K), 0.0113259 secs] [Times: user=0.00 sys=0.00, real=0.01 secs] 
2020-09-29T17:41:32.942+0200: 51.469: [GC (Allocation Failure) [PSYoungGen: 612549K->38309K(643072K)] 660817K->86577K(2041344K), 0.0130839 secs] [Times: user=0.00 sys=0.00, real=0.01 secs] 
2020-09-29T17:41:33.007+0200: 51.534: [GC (Allocation Failure) [PSYoungGen: 624037K->36133K(641536K)] 672305K->84401K(2039808K), 0.0124003 secs] [Times: user=0.01 sys=0.00, real=0.01 secs] 
2020-09-29T17:41:33.072+0200: 51.598: [GC (Allocation Failure) [PSYoungGen: 621861K->47621K(640512K)] 670129K->95889K(2038784K), 0.0161761 secs] [Times: user=0.13 sys=0.00, real=0.02 secs] 
2020-09-29T17:41:33.139+0200: 51.666: [GC (Allocation Failure) [PSYoungGen: 633861K->45957K(632320K)] 682129K->94225K(2030592K), 0.0159839 secs] [Times: user=0.13 sys=0.00, real=0.02 secs] 
2020-09-29T17:41:33.205+0200: 51.732: [GC (Allocation Failure) [PSYoungGen: 632197K->44261K(641024K)] 680465K->92529K(2039296K), 0.0152778 secs] [Times: user=0.13 sys=0.00, real=0.02 secs] 
2020-09-29T17:41:33.273+0200: 51.800: [GC (Allocation Failure) [PSYoungGen: 627429K->39525K(641024K)] 675697K->87793K(2039296K), 0.0133533 secs] [Times: user=0.13 sys=0.00, real=0.01 secs] 
2020-09-29T17:41:33.337+0200: 51.864: [GC (Allocation Failure) [PSYoungGen: 622693K->20676K(639488K)] 670961K->68944K(2037760K), 0.0090981 secs] [Times: user=0.00 sys=0.00, real=0.01 secs] 
2020-09-29T17:41:33.396+0200: 51.923: [GC (Allocation Failure) [PSYoungGen: 603844K->28293K(641024K)] 652112K->76561K(2039296K), 0.0103666 secs] [Times: user=0.00 sys=0.00, real=0.01 secs] 
2020-09-29T17:41:33.458+0200: 51.985: [GC (Allocation Failure) [PSYoungGen: 611461K->36964K(643584K)] 659729K->85232K(2041856K), 0.0146851 secs] [Times: user=0.00 sys=0.00, real=0.01 secs] 
2020-09-29T17:41:33.523+0200: 52.050: [GC (Allocation Failure) [PSYoungGen: 623204K->35301K(641536K)] 671472K->83569K(2039808K), 0.0122640 secs] [Times: user=0.00 sys=0.00, real=0.01 secs] 
2020-09-29T17:41:33.586+0200: 52.113: [GC (Allocation Failure) [PSYoungGen: 621541K->33605K(646656K)] 669809K->81873K(2044928K), 0.0125113 secs] [Times: user=0.11 sys=0.00, real=0.01 secs] 
2020-09-29T17:41:33.652+0200: 52.179: [GC (Allocation Failure) [PSYoungGen: 626501K->38468K(645120K)] 674769K->86736K(2043392K), 0.0144500 secs] [Times: user=0.13 sys=0.00, real=0.02 secs] 
2020-09-29T17:41:33.718+0200: 52.245: [GC (Allocation Failure) [PSYoungGen: 631364K->43365K(645120K)] 679632K->91633K(2043392K), 0.0153025 secs] [Times: user=0.13 sys=0.00, real=0.02 secs] 
2020-09-29T17:41:33.784+0200: 52.311: [GC (Allocation Failure) [PSYoungGen: 636773K->35013K(646144K)] 685041K->83281K(2044416K), 0.0116577 secs] [Times: user=0.13 sys=0.00, real=0.01 secs] 
2020-09-29T17:41:33.847+0200: 52.374: [GC (Allocation Failure) [PSYoungGen: 628421K->25797K(646144K)] 676689K->74065K(2044416K), 0.0101912 secs] [Times: user=0.13 sys=0.00, real=0.02 secs] 
2020-09-29T17:41:33.916+0200: 52.443: [GC (Allocation Failure) [PSYoungGen: 620229K->31108K(646656K)] 668497K->79376K(2044928K), 0.0116961 secs] [Times: user=0.13 sys=0.00, real=0.01 secs] 
2020-09-29T17:41:33.979+0200: 52.506: [GC (Allocation Failure) [PSYoungGen: 625540K->37060K(648704K)] 673808K->85328K(2046976K), 0.0134612 secs] [Times: user=0.13 sys=0.00, real=0.01 secs] 
2020-09-29T17:41:34.043+0200: 52.570: [GC (Allocation Failure) [PSYoungGen: 634564K->31652K(647680K)] 682832K->79920K(2045952K), 0.0117644 secs] [Times: user=0.13 sys=0.00, real=0.01 secs] 
2020-09-29T17:41:34.108+0200: 52.634: [GC (Allocation Failure) [PSYoungGen: 629156K->41317K(648192K)] 677424K->89585K(2046464K), 0.0139217 secs] [Times: user=0.13 sys=0.00, real=0.01 secs] 
2020-09-29T17:41:34.173+0200: 52.700: [GC (Allocation Failure) [PSYoungGen: 639845K->38181K(648704K)] 688113K->86449K(2046976K), 0.0133460 secs] [Times: user=0.13 sys=0.00, real=0.01 secs] 
2020-09-29T17:41:34.244+0200: 52.770: [GC (Allocation Failure) [PSYoungGen: 636709K->19492K(646144K)] 684977K->67760K(2044416K), 0.0155726 secs] [Times: user=0.13 sys=0.00, real=0.02 secs] 
2020-09-29T17:41:34.312+0200: 52.838: [GC (Allocation Failure) [PSYoungGen: 615972K->41797K(638464K)] 664240K->90065K(2036736K), 0.0145176 secs] [Times: user=0.13 sys=0.00, real=0.01 secs] 
2020-09-29T17:41:34.377+0200: 52.904: [GC (Allocation Failure) [PSYoungGen: 638277K->48164K(640512K)] 686545K->96432K(2038784K), 0.0174187 secs] [Times: user=0.13 sys=0.00, real=0.02 secs] 
2020-09-29T17:41:34.445+0200: 52.971: [GC (Allocation Failure) [PSYoungGen: 636452K->33892K(643584K)] 684720K->82160K(2041856K), 0.0123889 secs] [Times: user=0.00 sys=0.00, real=0.01 secs] 
2020-09-29T17:41:34.508+0200: 53.034: [GC (Allocation Failure) [PSYoungGen: 622180K->19236K(642560K)] 670448K->67504K(2040832K), 0.0070956 secs] [Times: user=0.00 sys=0.00, real=0.01 secs] 
2020-09-29T17:41:34.566+0200: 53.092: [GC (Allocation Failure) [PSYoungGen: 607524K->47013K(635392K)] 655792K->95281K(2033664K), 0.0167218 secs] [Times: user=0.13 sys=0.00, real=0.02 secs] 
2020-09-29T17:41:34.635+0200: 53.161: [GC (Allocation Failure) [PSYoungGen: 635301K->31139K(642560K)] 683569K->79407K(2040832K), 0.0118745 secs] [Times: user=0.13 sys=0.00, real=0.01 secs] 
2020-09-29T17:41:34.697+0200: 53.223: [GC (Allocation Failure) [PSYoungGen: 615843K->41605K(641024K)] 664111K->89873K(2039296K), 0.0146340 secs] [Times: user=0.13 sys=0.00, real=0.01 secs] 
2020-09-29T17:41:34.762+0200: 53.288: [GC (Allocation Failure) [PSYoungGen: 626309K->38276K(643584K)] 674577K->86544K(2041856K), 0.0142365 secs] [Times: user=0.13 sys=0.00, real=0.01 secs] 
2020-09-29T17:41:34.827+0200: 53.353: [GC (Allocation Failure) [PSYoungGen: 625028K->37189K(642048K)] 673296K->85457K(2040320K), 0.0136620 secs] [Times: user=0.13 sys=0.00, real=0.01 secs] 
2020-09-29T17:41:34.891+0200: 53.417: [GC (Allocation Failure) [PSYoungGen: 623941K->36037K(646656K)] 672209K->84305K(2044928K), 0.0130140 secs] [Times: user=0.11 sys=0.00, real=0.01 secs] 
2020-09-29T17:41:34.955+0200: 53.482: [GC (Allocation Failure) [PSYoungGen: 628933K->52197K(645120K)] 677201K->102849K(2043392K), 0.0183984 secs] [Times: user=0.14 sys=0.00, real=0.02 secs] 
2020-09-29T17:41:35.024+0200: 53.551: [GC (Allocation Failure) [PSYoungGen: 645093K->16995K(634880K)] 695745K->67647K(2033152K), 0.0069695 secs] [Times: user=0.00 sys=0.00, real=0.01 secs] 
2020-09-29T17:41:35.082+0200: 53.609: [GC (Allocation Failure) [PSYoungGen: 598115K->36389K(640000K)] 648767K->87041K(2038272K), 0.0134743 secs] [Times: user=0.11 sys=0.00, real=0.01 secs] 
2020-09-29T17:41:35.145+0200: 53.671: [GC (Allocation Failure) [PSYoungGen: 617509K->25987K(642048K)] 668161K->76639K(2040320K), 0.0109426 secs] [Times: user=0.13 sys=0.00, real=0.01 secs] 
2020-09-29T17:41:35.206+0200: 53.732: [GC (Allocation Failure) [PSYoungGen: 611203K->36933K(642048K)] 661855K->87585K(2040320K), 0.0137985 secs] [Times: user=0.11 sys=0.00, real=0.02 secs] 
2020-09-29T17:41:35.288+0200: 53.814: [GC (Allocation Failure) [PSYoungGen: 622149K->34181K(645632K)] 672801K->84833K(2043904K), 0.0120563 secs] [Times: user=0.00 sys=0.00, real=0.01 secs] 
2020-09-29T17:41:35.350+0200: 53.877: [GC (Allocation Failure) [PSYoungGen: 624517K->22052K(643584K)] 675169K->72704K(2041856K), 0.0080411 secs] [Times: user=0.00 sys=0.00, real=0.01 secs] 
2020-09-29T17:41:35.409+0200: 53.936: [GC (Allocation Failure) [PSYoungGen: 612388K->22724K(645120K)] 663040K->73376K(2043392K), 0.0087513 secs] [Times: user=0.13 sys=0.00, real=0.01 secs] 
2020-09-29T17:41:35.470+0200: 53.997: [GC (Allocation Failure) [PSYoungGen: 614084K->22468K(645120K)] 664736K->73120K(2043392K), 0.0088755 secs] [Times: user=0.13 sys=0.00, real=0.01 secs] 
2020-09-29T17:41:35.532+0200: 54.058: [GC (Allocation Failure) [PSYoungGen: 613828K->53221K(633344K)] 664480K->103889K(2031616K), 0.0183403 secs] [Times: user=0.13 sys=0.00, real=0.02 secs] 
2020-09-29T17:41:35.601+0200: 54.127: [GC (Allocation Failure) [PSYoungGen: 633317K->31141K(639488K)] 683985K->81809K(2037760K), 0.0115868 secs] [Times: user=0.00 sys=0.00, real=0.01 secs] 
2020-09-29T17:41:35.664+0200: 54.190: [GC (Allocation Failure) [PSYoungGen: 611237K->37029K(642560K)] 661905K->87697K(2040832K), 0.0133455 secs] [Times: user=0.13 sys=0.00, real=0.01 secs] 
2020-09-29T17:41:35.727+0200: 54.254: [GC (Allocation Failure) [PSYoungGen: 622245K->17155K(641536K)] 672913K->67823K(2039808K), 0.0078486 secs] [Times: user=0.00 sys=0.00, real=0.01 secs] 
2020-09-29T17:41:35.786+0200: 54.312: [GC (Allocation Failure) [PSYoungGen: 602371K->28004K(644096K)] 653039K->78672K(2042368K), 0.0110555 secs] [Times: user=0.00 sys=0.00, real=0.01 secs] 
2020-09-29T17:41:35.847+0200: 54.373: [GC (Allocation Failure) [PSYoungGen: 615268K->24644K(642048K)] 665936K->75312K(2040320K), 0.0098876 secs] [Times: user=0.13 sys=0.00, real=0.01 secs] 
2020-09-29T17:41:35.907+0200: 54.434: [GC (Allocation Failure) [PSYoungGen: 611908K->23428K(645632K)] 662576K->74096K(2043904K), 0.0090015 secs] [Times: user=0.13 sys=0.00, real=0.01 secs] 
2020-09-29T17:41:35.967+0200: 54.494: [GC (Allocation Failure) [PSYoungGen: 615300K->27012K(645120K)] 665968K->77680K(2043392K), 0.0096098 secs] [Times: user=0.13 sys=0.00, real=0.01 secs] 
2020-09-29T17:41:36.027+0200: 54.554: [GC (Allocation Failure) [PSYoungGen: 618884K->30981K(649216K)] 669552K->81649K(2047488K), 0.0111556 secs] [Times: user=0.13 sys=0.00, real=0.01 secs] 
2020-09-29T17:41:36.089+0200: 54.616: [GC (Allocation Failure) [PSYoungGen: 628997K->25251K(647680K)] 679665K->75919K(2045952K), 0.0103885 secs] [Times: user=0.13 sys=0.00, real=0.01 secs] 
2020-09-29T17:41:36.151+0200: 54.677: [GC (Allocation Failure) [PSYoungGen: 623267K->21443K(650752K)] 673935K->72111K(2049024K), 0.0092179 secs] [Times: user=0.00 sys=0.00, real=0.01 secs] 
2020-09-29T17:41:36.211+0200: 54.738: [GC (Allocation Failure) [PSYoungGen: 623555K->34149K(650240K)] 674223K->84817K(2048512K), 0.0132166 secs] [Times: user=0.13 sys=0.00, real=0.01 secs] 
2020-09-29T17:41:36.276+0200: 54.803: [GC (Allocation Failure) [PSYoungGen: 636261K->20419K(651264K)] 686929K->71087K(2049536K), 0.0084540 secs] [Times: user=0.00 sys=0.00, real=0.01 secs] 
2020-09-29T17:41:36.337+0200: 54.864: [GC (Allocation Failure) [PSYoungGen: 623555K->35653K(638976K)] 674223K->86321K(2037248K), 0.0120811 secs] [Times: user=0.13 sys=0.00, real=0.01 secs] 
2020-09-29T17:41:36.401+0200: 54.928: [GC (Allocation Failure) [PSYoungGen: 638789K->37157K(648192K)] 689457K->87825K(2046464K), 0.0122962 secs] [Times: user=0.13 sys=0.00, real=0.01 secs] 
2020-09-29T17:41:36.468+0200: 54.994: [GC (Allocation Failure) [PSYoungGen: 636709K->47717K(647680K)] 687377K->98385K(2045952K), 0.0165497 secs] [Times: user=0.13 sys=0.00, real=0.02 secs] 
2020-09-29T17:41:36.536+0200: 55.063: [GC (Allocation Failure) [PSYoungGen: 647269K->45509K(636416K)] 697937K->96177K(2034688K), 0.0174519 secs] [Times: user=0.13 sys=0.00, real=0.02 secs] 
2020-09-29T17:41:36.606+0200: 55.132: [GC (Allocation Failure) [PSYoungGen: 630725K->42789K(628224K)] 681393K->93457K(2026496K), 0.0159991 secs] [Times: user=0.11 sys=0.00, real=0.02 secs] 
2020-09-29T17:41:36.672+0200: 55.198: [GC (Allocation Failure) [PSYoungGen: 626539K->5987K(636416K)] 677207K->56655K(2034688K), 0.0027556 secs] [Times: user=0.00 sys=0.00, real=0.00 secs] 
2020-09-29T17:41:36.723+0200: 55.250: [GC (Allocation Failure) [PSYoungGen: 584035K->37157K(638464K)] 634703K->87825K(2036736K), 0.0131605 secs] [Times: user=0.00 sys=0.00, real=0.01 secs] 
2020-09-29T17:41:36.786+0200: 55.313: [GC (Allocation Failure) [PSYoungGen: 615205K->27333K(641024K)] 665873K->78001K(2039296K), 0.0099059 secs] [Times: user=0.00 sys=0.00, real=0.01 secs] 
2020-09-29T17:41:36.845+0200: 55.372: [GC (Allocation Failure) [PSYoungGen: 608453K->47877K(629248K)] 659121K->98545K(2027520K), 0.0163486 secs] [Times: user=0.13 sys=0.00, real=0.02 secs] 
2020-09-29T17:41:36.912+0200: 55.438: [GC (Allocation Failure) [PSYoungGen: 628997K->27300K(639488K)] 679665K->77968K(2037760K), 0.0103486 secs] [Times: user=0.00 sys=0.00, real=0.01 secs] 
2020-09-29T17:41:36.976+0200: 55.502: [GC (Allocation Failure) [PSYoungGen: 605348K->30180K(637440K)] 656016K->80848K(2035712K), 0.0113675 secs] [Times: user=0.00 sys=0.00, real=0.01 secs] 
2020-09-29T17:41:37.037+0200: 55.563: [GC (Allocation Failure) [PSYoungGen: 608228K->47685K(635392K)] 658896K->98353K(2033664K), 0.0161777 secs] [Times: user=0.13 sys=0.00, real=0.02 secs] 
2020-09-29T17:41:37.102+0200: 55.629: [GC (Allocation Failure) [PSYoungGen: 625733K->37412K(638464K)] 676401K->88080K(2036736K), 0.0137863 secs] [Times: user=0.13 sys=0.00, real=0.01 secs] 
2020-09-29T17:41:37.168+0200: 55.695: [GC (Allocation Failure) [PSYoungGen: 615460K->41189K(639488K)] 666128K->91857K(2037760K), 0.0141547 secs] [Times: user=0.13 sys=0.00, real=0.02 secs] 
2020-09-29T17:41:37.232+0200: 55.759: [GC (Allocation Failure) [PSYoungGen: 621285K->32196K(639488K)] 671953K->82864K(2037760K), 0.0123164 secs] [Times: user=0.13 sys=0.00, real=0.01 secs] 
2020-09-29T17:41:37.294+0200: 55.821: [GC (Allocation Failure) [PSYoungGen: 612292K->38085K(642560K)] 662960K->88753K(2040832K), 0.0131176 secs] [Times: user=0.13 sys=0.00, real=0.01 secs] 
2020-09-29T17:41:37.357+0200: 55.884: [GC (Allocation Failure) [PSYoungGen: 623301K->19651K(641536K)] 673969K->70319K(2039808K), 0.0077795 secs] [Times: user=0.13 sys=0.00, real=0.01 secs] 
2020-09-29T17:41:37.415+0200: 55.942: [GC (Allocation Failure) [PSYoungGen: 604867K->42692K(640000K)] 655535K->93360K(2038272K), 0.0154289 secs] [Times: user=0.13 sys=0.00, real=0.02 secs] 
2020-09-29T17:41:37.481+0200: 56.007: [GC (Allocation Failure) [PSYoungGen: 625860K->37861K(641024K)] 676528K->88529K(2039296K), 0.0130538 secs] [Times: user=0.13 sys=0.00, real=0.01 secs] 
2020-09-29T17:41:37.544+0200: 56.071: [GC (Allocation Failure) [PSYoungGen: 621029K->46725K(636928K)] 671697K->97393K(2035200K), 0.0161644 secs] [Times: user=0.13 sys=0.00, real=0.02 secs] 
2020-09-29T17:41:37.613+0200: 56.139: [GC (Allocation Failure) [PSYoungGen: 626821K->24004K(639488K)] 677489K->74672K(2037760K), 0.0095196 secs] [Times: user=0.11 sys=0.00, real=0.01 secs] 
2020-09-29T17:41:37.674+0200: 56.201: [GC (Allocation Failure) [PSYoungGen: 604100K->28676K(641536K)] 654768K->79344K(2039808K), 0.0147141 secs] [Times: user=0.09 sys=0.00, real=0.01 secs] 
2020-09-29T17:41:37.741+0200: 56.268: [GC (Allocation Failure) [PSYoungGen: 611332K->34180K(640000K)] 662000K->84848K(2038272K), 0.0132103 secs] [Times: user=0.00 sys=0.02, real=0.01 secs] 
2020-09-29T17:41:37.808+0200: 56.335: [GC (Allocation Failure) [PSYoungGen: 616836K->42597K(641536K)] 667504K->93265K(2039808K), 0.0163628 secs] [Times: user=0.13 sys=0.00, real=0.02 secs] 
2020-09-29T17:41:37.878+0200: 56.404: [GC (Allocation Failure) [PSYoungGen: 628837K->25475K(642560K)] 679505K->76143K(2040832K), 0.0113671 secs] [Times: user=0.13 sys=0.00, real=0.01 secs] 
2020-09-29T17:41:37.939+0200: 56.466: [GC (Allocation Failure) [PSYoungGen: 611715K->37413K(644096K)] 662383K->88081K(2042368K), 0.0133763 secs] [Times: user=0.13 sys=0.00, real=0.01 secs] 
2020-09-29T17:41:38.004+0200: 56.531: [GC (Allocation Failure) [PSYoungGen: 625701K->37796K(643072K)] 676369K->88464K(2041344K), 0.0133807 secs] [Times: user=0.13 sys=0.00, real=0.01 secs] 
2020-09-29T17:41:38.067+0200: 56.594: [GC (Allocation Failure) [PSYoungGen: 626084K->22340K(644608K)] 676752K->73008K(2042880K), 0.0085586 secs] [Times: user=0.00 sys=0.00, real=0.01 secs] 
2020-09-29T17:41:38.126+0200: 56.653: [GC (Allocation Failure) [PSYoungGen: 612676K->38469K(644608K)] 663344K->89137K(2042880K), 0.0130709 secs] [Times: user=0.13 sys=0.00, real=0.01 secs] 
2020-09-29T17:41:38.189+0200: 56.716: [GC (Allocation Failure) [PSYoungGen: 628805K->27140K(645632K)] 679473K->77808K(2043904K), 0.0105303 secs] [Times: user=0.13 sys=0.00, real=0.01 secs] 
2020-09-29T17:41:38.250+0200: 56.777: [GC (Allocation Failure) [PSYoungGen: 618500K->44261K(635904K)] 669168K->94929K(2034176K), 0.0158626 secs] [Times: user=0.11 sys=0.00, real=0.02 secs] 
2020-09-29T17:41:38.317+0200: 56.844: [GC (Allocation Failure) [PSYoungGen: 635621K->33188K(645120K)] 686289K->83856K(2043392K), 0.0124785 secs] [Times: user=0.00 sys=0.00, real=0.01 secs] 
2020-09-29T17:41:38.381+0200: 56.908: [GC (Allocation Failure) [PSYoungGen: 623012K->34789K(643584K)] 673680K->85457K(2041856K), 0.0128259 secs] [Times: user=0.00 sys=0.00, real=0.01 secs] 
2020-09-29T17:41:38.446+0200: 56.973: [GC (Allocation Failure) [PSYoungGen: 624613K->36645K(647680K)] 675281K->87313K(2045952K), 0.0130543 secs] [Times: user=0.13 sys=0.00, real=0.01 secs] 
2020-09-29T17:41:38.510+0200: 57.037: [GC (Allocation Failure) [PSYoungGen: 632613K->31045K(647168K)] 683281K->81713K(2045440K), 0.0105647 secs] [Times: user=0.13 sys=0.00, real=0.01 secs] 
2020-09-29T17:41:38.573+0200: 57.099: [GC (Allocation Failure) [PSYoungGen: 627013K->39141K(648704K)] 677681K->89809K(2046976K), 0.0149060 secs] [Times: user=0.09 sys=0.00, real=0.02 secs] 
2020-09-29T17:41:38.642+0200: 57.169: [GC (Allocation Failure) [PSYoungGen: 637669K->34244K(648704K)] 688337K->84912K(2046976K), 0.0135592 secs] [Times: user=0.11 sys=0.00, real=0.01 secs] 
2020-09-29T17:41:38.707+0200: 57.234: [GC (Allocation Failure) [PSYoungGen: 632772K->31205K(650752K)] 683440K->81873K(2049024K), 0.0109141 secs] [Times: user=0.13 sys=0.00, real=0.01 secs] 
2020-09-29T17:41:38.770+0200: 57.297: [GC (Allocation Failure) [PSYoungGen: 633317K->45381K(647680K)] 683985K->96049K(2045952K), 0.0151790 secs] [Times: user=0.00 sys=0.00, real=0.02 secs] 
2020-09-29T17:41:38.838+0200: 57.365: [GC (Allocation Failure) [PSYoungGen: 647493K->32229K(649216K)] 698161K->82897K(2047488K), 0.0118188 secs] [Times: user=0.13 sys=0.00, real=0.01 secs] 
2020-09-29T17:41:38.901+0200: 57.428: [GC (Allocation Failure) [PSYoungGen: 630757K->29157K(648192K)] 681425K->79825K(2046464K), 0.0097772 secs] [Times: user=0.13 sys=0.00, real=0.01 secs] 
2020-09-29T17:41:38.962+0200: 57.489: [GC (Allocation Failure) [PSYoungGen: 627685K->38468K(649728K)] 678353K->89136K(2048000K), 0.0139923 secs] [Times: user=0.13 sys=0.00, real=0.01 secs] 
2020-09-29T17:41:39.028+0200: 57.554: [GC (Allocation Failure) [PSYoungGen: 639044K->37381K(649728K)] 689712K->88049K(2048000K), 0.0131920 secs] [Times: user=0.13 sys=0.00, real=0.01 secs] 
2020-09-29T17:41:39.096+0200: 57.622: [GC (Allocation Failure) [PSYoungGen: 637957K->34531K(651264K)] 688625K->85199K(2049536K), 0.0167494 secs] [Times: user=0.11 sys=0.00, real=0.02 secs] 
2020-09-29T17:41:39.166+0200: 57.693: [GC (Allocation Failure) [PSYoungGen: 637155K->19396K(622080K)] 687823K->70064K(2020352K), 0.0084835 secs] [Times: user=0.00 sys=0.00, real=0.01 secs] 
2020-09-29T17:41:39.229+0200: 57.756: [GC (Allocation Failure) [PSYoungGen: 622020K->33476K(651264K)] 672688K->84144K(2049536K), 0.0130391 secs] [Times: user=0.13 sys=0.00, real=0.01 secs] 
2020-09-29T17:41:39.297+0200: 57.824: [GC (Allocation Failure) [PSYoungGen: 635588K->32453K(649728K)] 686256K->83121K(2048000K), 0.0133497 secs] [Times: user=0.11 sys=0.00, real=0.01 secs] 
2020-09-29T17:41:39.365+0200: 57.892: [GC (Allocation Failure) [PSYoungGen: 634565K->15619K(648704K)] 685233K->66287K(2046976K), 0.0079111 secs] [Times: user=0.00 sys=0.00, real=0.01 secs] 
2020-09-29T17:41:39.429+0200: 57.955: [GC (Allocation Failure) [PSYoungGen: 618243K->44037K(647168K)] 668911K->94705K(2045440K), 0.0167835 secs] [Times: user=0.13 sys=0.00, real=0.02 secs] 
2020-09-29T17:41:39.500+0200: 58.027: [GC (Allocation Failure) [PSYoungGen: 646661K->30468K(649216K)] 697329K->81136K(2047488K), 0.0131862 secs] [Times: user=0.09 sys=0.00, real=0.01 secs] 
2020-09-29T17:41:39.568+0200: 58.095: [GC (Allocation Failure) [PSYoungGen: 628484K->40613K(647680K)] 679152K->91281K(2045952K), 0.0171553 secs] [Times: user=0.11 sys=0.00, real=0.02 secs] 
2020-09-29T17:41:39.640+0200: 58.167: [GC (Allocation Failure) [PSYoungGen: 638629K->50661K(637952K)] 689297K->101337K(2036224K), 0.0174580 secs] [Times: user=0.13 sys=0.00, real=0.02 secs] 
2020-09-29T17:41:39.710+0200: 58.237: [GC (Allocation Failure) [PSYoungGen: 637925K->36325K(643072K)] 688601K->87001K(2041344K), 0.0146454 secs] [Times: user=0.13 sys=0.00, real=0.01 secs] 
2020-09-29T17:41:39.776+0200: 58.303: [GC (Allocation Failure) [PSYoungGen: 623589K->21860K(644096K)] 674265K->72536K(2042368K), 0.0096105 secs] [Times: user=0.11 sys=0.00, real=0.01 secs] 
2020-09-29T17:41:39.838+0200: 58.365: [GC (Allocation Failure) [PSYoungGen: 612196K->37124K(644608K)] 662872K->87800K(2042880K), 0.0133400 secs] [Times: user=0.13 sys=0.00, real=0.01 secs] 
2020-09-29T17:41:39.902+0200: 58.429: [GC (Allocation Failure) [PSYoungGen: 627460K->39557K(645120K)] 678136K->90233K(2043392K), 0.0142093 secs] [Times: user=0.13 sys=0.00, real=0.02 secs] 
2020-09-29T17:41:39.967+0200: 58.494: [GC (Allocation Failure) [PSYoungGen: 630917K->43045K(634880K)] 681593K->93721K(2033152K), 0.0145305 secs] [Times: user=0.13 sys=0.00, real=0.02 secs] 
2020-09-29T17:41:40.032+0200: 58.559: [GC (Allocation Failure) [PSYoungGen: 634405K->17924K(642048K)] 685081K->68600K(2040320K), 0.0065997 secs] [Times: user=0.13 sys=0.00, real=0.01 secs] 
2020-09-29T17:41:40.089+0200: 58.615: [GC (Allocation Failure) [PSYoungGen: 605188K->30661K(643072K)] 655864K->81337K(2041344K), 0.0105430 secs] [Times: user=0.13 sys=0.00, real=0.01 secs] 
2020-09-29T17:41:40.152+0200: 58.679: [GC (Allocation Failure) [PSYoungGen: 617925K->29093K(645632K)] 668601K->79769K(2043904K), 0.0108599 secs] [Times: user=0.13 sys=0.00, real=0.01 secs] 
2020-09-29T17:41:40.215+0200: 58.741: [GC (Allocation Failure) [PSYoungGen: 620453K->30724K(644608K)] 671129K->81400K(2042880K), 0.0110320 secs] [Times: user=0.13 sys=0.00, real=0.01 secs] 
2020-09-29T17:41:40.277+0200: 58.804: [GC (Allocation Failure) [PSYoungGen: 622084K->31940K(649216K)] 672760K->82616K(2047488K), 0.0119406 secs] [Times: user=0.13 sys=0.00, real=0.01 secs] 
2020-09-29T17:41:40.340+0200: 58.867: [GC (Allocation Failure) [PSYoungGen: 629956K->42085K(640512K)] 680632K->92761K(2038784K), 0.0142466 secs] [Times: user=0.13 sys=0.00, real=0.02 secs] 
2020-09-29T17:41:40.406+0200: 58.933: [GC (Allocation Failure) [PSYoungGen: 640101K->38469K(647168K)] 690777K->89145K(2045440K), 0.0131635 secs] [Times: user=0.13 sys=0.00, real=0.01 secs] 
2020-09-29T17:41:40.470+0200: 58.997: [GC (Allocation Failure) [PSYoungGen: 633925K->45700K(641536K)] 684601K->96376K(2039808K), 0.0160939 secs] [Times: user=0.13 sys=0.00, real=0.02 secs] 
2020-09-29T17:41:40.537+0200: 59.064: [GC (Allocation Failure) [PSYoungGen: 641156K->39428K(645120K)] 691832K->90104K(2043392K), 0.0140238 secs] [Times: user=0.13 sys=0.00, real=0.01 secs] 
2020-09-29T17:41:40.604+0200: 59.130: [GC (Allocation Failure) [PSYoungGen: 630276K->28324K(644608K)] 680952K->79000K(2042880K), 0.0110188 secs] [Times: user=0.11 sys=0.00, real=0.01 secs] 
2020-09-29T17:41:40.665+0200: 59.192: [GC (Allocation Failure) [PSYoungGen: 619172K->44869K(641536K)] 669848K->95545K(2039808K), 0.0148734 secs] [Times: user=0.13 sys=0.00, real=0.02 secs] 
2020-09-29T17:41:40.732+0200: 59.259: [GC (Allocation Failure) [PSYoungGen: 633157K->15332K(603648K)] 683833K->66008K(2001920K), 0.0055711 secs] [Times: user=0.00 sys=0.00, real=0.01 secs] 
2020-09-29T17:41:40.788+0200: 59.315: [GC (Allocation Failure) [PSYoungGen: 603620K->43141K(640000K)] 654296K->93817K(2038272K), 0.0152419 secs] [Times: user=0.13 sys=0.00, real=0.01 secs] 
2020-09-29T17:41:40.855+0200: 59.382: [GC (Allocation Failure) [PSYoungGen: 626309K->37124K(641024K)] 676985K->87800K(2039296K), 0.0155524 secs] [Times: user=0.13 sys=0.00, real=0.02 secs] 
2020-09-29T17:41:40.924+0200: 59.451: [GC (Allocation Failure) [PSYoungGen: 620292K->32389K(644096K)] 670968K->83065K(2042368K), 0.0131715 secs] [Times: user=0.11 sys=0.00, real=0.01 secs] 
2020-09-29T17:41:40.990+0200: 59.517: [GC (Allocation Failure) [PSYoungGen: 620165K->45861K(633856K)] 670841K->96537K(2032128K), 0.0161602 secs] [Times: user=0.13 sys=0.00, real=0.02 secs] 
2020-09-29T17:41:41.059+0200: 59.586: [GC (Allocation Failure) [PSYoungGen: 633637K->31300K(643072K)] 684313K->81976K(2041344K), 0.0120000 secs] [Times: user=0.13 sys=0.00, real=0.01 secs] 
2020-09-29T17:41:41.121+0200: 59.648: [GC (Allocation Failure) [PSYoungGen: 617540K->43333K(642048K)] 668216K->94009K(2040320K), 0.0150823 secs] [Times: user=0.13 sys=0.00, real=0.01 secs] 
2020-09-29T17:41:41.186+0200: 59.713: [GC (Allocation Failure) [PSYoungGen: 629573K->26980K(642560K)] 680249K->77656K(2040832K), 0.0106375 secs] [Times: user=0.13 sys=0.00, real=0.01 secs] 
2020-09-29T17:41:41.247+0200: 59.774: [GC (Allocation Failure) [PSYoungGen: 613220K->39013K(642560K)] 663896K->89689K(2040832K), 0.0144678 secs] [Times: user=0.13 sys=0.00, real=0.02 secs] 
2020-09-29T17:41:41.313+0200: 59.840: [GC (Allocation Failure) [PSYoungGen: 625253K->35621K(645632K)] 675929K->86297K(2043904K), 0.0130181 secs] [Times: user=0.13 sys=0.00, real=0.01 secs] 
2020-09-29T17:41:41.376+0200: 59.903: [GC (Allocation Failure) [PSYoungGen: 625957K->37989K(643584K)] 676633K->88665K(2041856K), 0.0133533 secs] [Times: user=0.13 sys=0.00, real=0.01 secs] 
2020-09-29T17:41:41.441+0200: 59.967: [GC (Allocation Failure) [PSYoungGen: 628325K->26789K(646144K)] 679001K->77465K(2044416K), 0.0088632 secs] [Times: user=0.13 sys=0.00, real=0.01 secs] 
2020-09-29T17:41:41.500+0200: 60.027: [GC (Allocation Failure) [PSYoungGen: 620197K->45957K(639488K)] 670873K->96633K(2037760K), 0.0156158 secs] [Times: user=0.13 sys=0.00, real=0.02 secs] 
2020-09-29T17:41:41.567+0200: 60.094: [GC (Allocation Failure) [PSYoungGen: 639365K->37700K(645120K)] 690041K->88376K(2043392K), 0.0149831 secs] [Times: user=0.00 sys=0.00, real=0.02 secs] 
2020-09-29T17:41:41.634+0200: 60.161: [GC (Allocation Failure) [PSYoungGen: 628036K->25891K(644096K)] 678712K->76567K(2042368K), 0.0109696 secs] [Times: user=0.13 sys=0.00, real=0.01 secs] 
2020-09-29T17:41:41.698+0200: 60.225: [GC (Allocation Failure) [PSYoungGen: 616227K->41668K(644096K)] 666903K->92344K(2042368K), 0.0154119 secs] [Times: user=0.13 sys=0.00, real=0.02 secs] 
2020-09-29T17:41:41.765+0200: 60.292: [GC (Allocation Failure) [PSYoungGen: 632004K->28708K(644608K)] 682680K->79384K(2042880K), 0.0111325 secs] [Times: user=0.13 sys=0.00, real=0.01 secs] 
2020-09-29T17:41:41.827+0200: 60.354: [GC (Allocation Failure) [PSYoungGen: 619044K->44837K(642048K)] 669720K->95513K(2040320K), 0.0148566 secs] [Times: user=0.13 sys=0.00, real=0.02 secs] 
2020-09-29T17:41:41.894+0200: 60.421: [GC (Allocation Failure) [PSYoungGen: 633125K->45189K(633856K)] 683801K->95865K(2032128K), 0.0171869 secs] [Times: user=0.25 sys=0.00, real=0.02 secs] 
2020-09-29T17:41:41.961+0200: 60.488: [GC (Allocation Failure) [PSYoungGen: 633477K->28771K(642560K)] 684153K->79447K(2040832K), 0.0113488 secs] [Times: user=0.02 sys=0.00, real=0.01 secs] 
2020-09-29T17:41:42.023+0200: 60.550: [GC (Allocation Failure) [PSYoungGen: 614499K->39813K(642048K)] 665175K->90489K(2040320K), 0.0144742 secs] [Times: user=0.13 sys=0.00, real=0.01 secs] 
2020-09-29T17:41:42.088+0200: 60.614: [GC (Allocation Failure) [PSYoungGen: 625541K->22819K(642048K)] 676217K->73495K(2040320K), 0.0093491 secs] [Times: user=0.00 sys=0.00, real=0.01 secs] 
2020-09-29T17:41:42.147+0200: 60.673: [GC (Allocation Failure) [PSYoungGen: 609059K->32965K(642560K)] 659735K->83641K(2040832K), 0.0119557 secs] [Times: user=0.00 sys=0.00, real=0.01 secs] 
2020-09-29T17:41:42.209+0200: 60.736: [GC (Allocation Failure) [PSYoungGen: 619205K->44964K(640512K)] 669881K->95640K(2038784K), 0.0163246 secs] [Times: user=0.13 sys=0.00, real=0.02 secs] 
2020-09-29T17:41:42.275+0200: 60.802: [GC (Allocation Failure) [PSYoungGen: 631204K->29251K(642560K)] 681880K->79927K(2040832K), 0.0111715 secs] [Times: user=0.13 sys=0.00, real=0.01 secs] 
2020-09-29T17:41:42.337+0200: 60.864: [GC (Allocation Failure) [PSYoungGen: 615491K->24708K(643584K)] 666167K->75384K(2041856K), 0.0094365 secs] [Times: user=0.00 sys=0.00, real=0.01 secs] 
2020-09-29T17:41:42.397+0200: 60.924: [GC (Allocation Failure) [PSYoungGen: 612996K->38789K(643584K)] 663672K->89465K(2041856K), 0.0144918 secs] [Times: user=0.13 sys=0.00, real=0.01 secs] 
2020-09-29T17:41:42.462+0200: 60.989: [GC (Allocation Failure) [PSYoungGen: 627077K->52837K(634880K)] 677753K->103513K(2033152K), 0.0176739 secs] [Times: user=0.13 sys=0.00, real=0.02 secs] 
2020-09-29T17:41:42.529+0200: 61.056: [GC (Allocation Failure) [PSYoungGen: 632933K->30884K(639488K)] 683609K->81560K(2037760K), 0.0114391 secs] [Times: user=0.13 sys=0.00, real=0.01 secs] 
2020-09-29T17:41:42.593+0200: 61.120: [GC (Allocation Failure) [PSYoungGen: 610980K->50405K(634368K)] 661656K->101081K(2032640K), 0.0167169 secs] [Times: user=0.11 sys=0.00, real=0.02 secs] 
2020-09-29T17:41:42.661+0200: 61.187: [GC (Allocation Failure) [PSYoungGen: 626405K->36613K(637440K)] 677081K->87289K(2035712K), 0.0134248 secs] [Times: user=0.00 sys=0.00, real=0.01 secs] 
2020-09-29T17:41:42.723+0200: 61.250: [GC (Allocation Failure) [PSYoungGen: 612613K->38341K(641536K)] 663289K->89017K(2039808K), 0.0131843 secs] [Times: user=0.00 sys=0.00, real=0.01 secs] 
2020-09-29T17:41:42.790+0200: 61.317: [GC (Allocation Failure) [PSYoungGen: 620997K->46437K(640000K)] 671673K->97113K(2038272K), 0.0170323 secs] [Times: user=0.13 sys=0.00, real=0.02 secs] 
2020-09-29T17:41:42.858+0200: 61.384: [GC (Allocation Failure) [PSYoungGen: 629093K->41125K(641024K)] 679769K->91801K(2039296K), 0.0144104 secs] [Times: user=0.13 sys=0.00, real=0.01 secs] 
2020-09-29T17:41:42.923+0200: 61.449: [GC (Allocation Failure) [PSYoungGen: 623269K->48420K(630784K)] 673945K->99096K(2029056K), 0.0167202 secs] [Times: user=0.13 sys=0.00, real=0.02 secs] 
2020-09-29T17:41:42.989+0200: 61.516: [GC (Allocation Failure) [PSYoungGen: 630564K->28933K(639488K)] 681240K->79609K(2037760K), 0.0103301 secs] [Times: user=0.00 sys=0.00, real=0.01 secs] 
2020-09-29T17:41:43.049+0200: 61.576: [GC (Allocation Failure) [PSYoungGen: 609029K->48485K(628736K)] 659705K->99161K(2027008K), 0.0162431 secs] [Times: user=0.13 sys=0.00, real=0.02 secs] 
2020-09-29T17:41:43.115+0200: 61.642: [GC (Allocation Failure) [PSYoungGen: 628581K->40389K(639488K)] 679257K->91065K(2037760K), 0.0142798 secs] [Times: user=0.13 sys=0.00, real=0.01 secs] 
2020-09-29T17:41:43.179+0200: 61.706: [GC (Allocation Failure) [PSYoungGen: 618949K->44709K(637952K)] 669625K->95385K(2036224K), 0.0156691 secs] [Times: user=0.13 sys=0.00, real=0.02 secs] 
2020-09-29T17:41:43.244+0200: 61.771: [GC (Allocation Failure) [PSYoungGen: 623269K->21188K(636928K)] 673945K->71864K(2035200K), 0.0083904 secs] [Times: user=0.00 sys=0.00, real=0.01 secs] 
2020-09-29T17:41:43.303+0200: 61.830: [GC (Allocation Failure) [PSYoungGen: 599236K->24901K(638464K)] 649912K->75577K(2036736K), 0.0084311 secs] [Times: user=0.00 sys=0.00, real=0.01 secs] 
2020-09-29T17:41:43.366+0200: 61.892: [GC (Allocation Failure) [PSYoungGen: 602949K->42405K(638464K)] 653625K->93081K(2036736K), 0.0139964 secs] [Times: user=0.13 sys=0.00, real=0.01 secs] 
2020-09-29T17:41:43.429+0200: 61.956: [GC (Allocation Failure) [PSYoungGen: 620453K->31844K(638464K)] 671129K->82520K(2036736K), 0.0119597 secs] [Times: user=0.00 sys=0.00, real=0.01 secs] 
2020-09-29T17:41:43.492+0200: 62.019: [GC (Allocation Failure) [PSYoungGen: 609892K->35653K(642048K)] 660568K->86329K(2040320K), 0.0137177 secs] [Times: user=0.13 sys=0.00, real=0.01 secs] 
2020-09-29T17:41:43.556+0200: 62.083: [GC (Allocation Failure) [PSYoungGen: 618821K->30917K(640000K)] 669497K->81593K(2038272K), 0.0114836 secs] [Times: user=0.11 sys=0.00, real=0.01 secs] 
2020-09-29T17:41:43.620+0200: 62.147: [GC (Allocation Failure) [PSYoungGen: 614085K->39845K(643584K)] 664761K->90521K(2041856K), 0.0134977 secs] [Times: user=0.13 sys=0.00, real=0.01 secs] 
2020-09-29T17:41:43.684+0200: 62.211: [GC (Allocation Failure) [PSYoungGen: 627621K->24260K(643072K)] 678297K->74936K(2041344K), 0.0091685 secs] [Times: user=0.13 sys=0.00, real=0.01 secs] 
2020-09-29T17:41:43.743+0200: 62.270: [GC (Allocation Failure) [PSYoungGen: 612036K->37797K(644608K)] 662712K->88473K(2042880K), 0.0128569 secs] [Times: user=0.13 sys=0.00, real=0.01 secs] 
2020-09-29T17:41:43.808+0200: 62.335: [GC (Allocation Failure) [PSYoungGen: 626597K->38565K(643072K)] 677273K->89241K(2041344K), 0.0140704 secs] [Times: user=0.13 sys=0.00, real=0.01 secs] 
2020-09-29T17:41:43.874+0200: 62.401: [GC (Allocation Failure) [PSYoungGen: 627365K->39461K(645632K)] 678041K->90137K(2043904K), 0.0136577 secs] [Times: user=0.13 sys=0.00, real=0.01 secs] 
2020-09-29T17:41:43.939+0200: 62.466: [GC (Allocation Failure) [PSYoungGen: 631333K->28579K(645120K)] 682009K->79255K(2043392K), 0.0115120 secs] [Times: user=0.13 sys=0.00, real=0.01 secs] 
2020-09-29T17:41:44.002+0200: 62.529: [GC (Allocation Failure) [PSYoungGen: 620451K->28964K(646656K)] 671127K->79640K(2044928K), 0.0115581 secs] [Times: user=0.13 sys=0.00, real=0.01 secs] 
2020-09-29T17:41:44.064+0200: 62.591: [GC (Allocation Failure) [PSYoungGen: 622884K->47844K(642048K)] 673560K->98520K(2040320K), 0.0167962 secs] [Times: user=0.13 sys=0.00, real=0.02 secs] 
2020-09-29T17:41:44.132+0200: 62.658: [GC (Allocation Failure) [PSYoungGen: 641764K->26533K(643584K)] 692440K->77209K(2041856K), 0.0091649 secs] [Times: user=0.00 sys=0.00, real=0.01 secs] 
2020-09-29T17:41:44.191+0200: 62.718: [GC (Allocation Failure) [PSYoungGen: 614821K->40453K(643584K)] 665497K->91129K(2041856K), 0.0137863 secs] [Times: user=0.13 sys=0.00, real=0.01 secs] 
2020-09-29T17:41:44.256+0200: 62.783: [GC (Allocation Failure) [PSYoungGen: 628741K->40260K(644096K)] 679417K->90936K(2042368K), 0.0147887 secs] [Times: user=0.13 sys=0.00, real=0.01 secs] 
2020-09-29T17:41:44.322+0200: 62.848: [GC (Allocation Failure) [PSYoungGen: 629060K->41221K(643584K)] 679736K->91897K(2041856K), 0.0140272 secs] [Times: user=0.13 sys=0.00, real=0.01 secs] 
2020-09-29T17:41:44.386+0200: 62.913: [GC (Allocation Failure) [PSYoungGen: 630021K->26916K(644096K)] 680697K->77592K(2042368K), 0.0096191 secs] [Times: user=0.13 sys=0.00, real=0.01 secs] 
2020-09-29T17:41:44.446+0200: 62.973: [GC (Allocation Failure) [PSYoungGen: 616228K->12963K(602624K)] 666904K->63639K(2000896K), 0.0052405 secs] [Times: user=0.00 sys=0.00, real=0.01 secs] 
2020-09-29T17:41:44.502+0200: 63.029: [GC (Allocation Failure) [PSYoungGen: 602275K->41733K(641024K)] 652951K->92409K(2039296K), 0.0147023 secs] [Times: user=0.13 sys=0.00, real=0.01 secs] 
2020-09-29T17:41:44.568+0200: 63.095: [GC (Allocation Failure) [PSYoungGen: 625925K->38021K(641536K)] 676601K->88697K(2039808K), 0.0136447 secs] [Times: user=0.00 sys=0.00, real=0.01 secs] 
2020-09-29T17:41:44.633+0200: 63.160: [GC (Allocation Failure) [PSYoungGen: 622213K->34309K(644608K)] 672889K->84985K(2042880K), 0.0118360 secs] [Times: user=0.13 sys=0.00, real=0.01 secs] 
2020-09-29T17:41:44.699+0200: 63.226: [GC (Allocation Failure) [PSYoungGen: 622085K->46916K(634880K)] 672761K->97592K(2033152K), 0.0161640 secs] [Times: user=0.13 sys=0.00, real=0.02 secs] 
2020-09-29T17:41:44.765+0200: 63.292: [GC (Allocation Failure) [PSYoungGen: 634692K->31556K(643072K)] 685368K->82232K(2041344K), 0.0120188 secs] [Times: user=0.13 sys=0.00, real=0.01 secs] 
2020-09-29T17:41:44.829+0200: 63.356: [GC (Allocation Failure) [PSYoungGen: 617284K->28068K(641536K)] 667960K->78744K(2039808K), 0.0127809 secs] [Times: user=0.11 sys=0.00, real=0.01 secs] 
2020-09-29T17:41:44.892+0200: 63.419: [GC (Allocation Failure) [PSYoungGen: 613796K->39557K(644096K)] 664472K->90233K(2042368K), 0.0137544 secs] [Times: user=0.13 sys=0.00, real=0.01 secs] 
2020-09-29T17:41:44.956+0200: 63.483: [GC (Allocation Failure) [PSYoungGen: 628869K->24100K(644096K)] 679545K->74776K(2042368K), 0.0089825 secs] [Times: user=0.13 sys=0.00, real=0.01 secs] 
2020-09-29T17:41:45.015+0200: 63.542: [GC (Allocation Failure) [PSYoungGen: 613412K->38756K(644608K)] 664088K->89432K(2042880K), 0.0139311 secs] [Times: user=0.13 sys=0.00, real=0.01 secs] 
2020-09-29T17:41:45.080+0200: 63.607: [GC (Allocation Failure) [PSYoungGen: 628580K->54245K(644096K)] 679256K->104969K(2042368K), 0.0174254 secs] [Times: user=0.13 sys=0.00, real=0.02 secs] 
2020-09-29T17:41:45.148+0200: 63.675: [GC (Allocation Failure) [PSYoungGen: 644069K->28293K(635904K)] 694793K->79017K(2034176K), 0.0101041 secs] [Times: user=0.00 sys=0.00, real=0.01 secs] 
2020-09-29T17:41:45.209+0200: 63.736: [GC (Allocation Failure) [PSYoungGen: 609413K->19300K(600576K)] 660137K->70024K(1998848K), 0.0075277 secs] [Times: user=0.00 sys=0.00, real=0.01 secs] 
2020-09-29T17:41:45.267+0200: 63.794: [GC (Allocation Failure) [PSYoungGen: 600420K->39748K(640000K)] 651144K->90472K(2038272K), 0.0142132 secs] [Times: user=0.13 sys=0.00, real=0.01 secs] 
2020-09-29T17:41:45.333+0200: 63.860: [GC (Allocation Failure) [PSYoungGen: 620356K->32421K(639488K)] 671080K->83145K(2037760K), 0.0110933 secs] [Times: user=0.00 sys=0.00, real=0.01 secs] 
2020-09-29T17:41:45.393+0200: 63.920: [GC (Allocation Failure) [PSYoungGen: 613029K->38757K(642560K)] 663753K->89481K(2040832K), 0.0136137 secs] [Times: user=0.13 sys=0.00, real=0.01 secs] 
2020-09-29T17:41:45.458+0200: 63.985: [GC (Allocation Failure) [PSYoungGen: 624485K->36324K(642048K)] 675209K->87048K(2040320K), 0.0129856 secs] [Times: user=0.00 sys=0.00, real=0.01 secs] 
2020-09-29T17:41:45.521+0200: 64.048: [GC (Allocation Failure) [PSYoungGen: 622052K->47813K(638976K)] 672776K->98537K(2037248K), 0.0164004 secs] [Times: user=0.13 sys=0.00, real=0.02 secs] 
2020-09-29T17:41:45.589+0200: 64.116: [GC (Allocation Failure) [PSYoungGen: 632005K->43012K(627712K)] 682729K->93736K(2025984K), 0.0165402 secs] [Times: user=0.11 sys=0.00, real=0.02 secs] 
2020-09-29T17:41:45.656+0200: 64.183: [GC (Allocation Failure) [PSYoungGen: 627204K->24451K(641024K)] 677928K->75175K(2039296K), 0.0096480 secs] [Times: user=0.13 sys=0.00, real=0.01 secs] 
2020-09-29T17:41:45.716+0200: 64.243: [GC (Allocation Failure) [PSYoungGen: 607619K->47077K(630272K)] 658343K->97801K(2028544K), 0.0160586 secs] [Times: user=0.13 sys=0.00, real=0.02 secs] 
2020-09-29T17:41:45.782+0200: 64.310: [GC (Allocation Failure) [PSYoungGen: 630245K->42341K(638976K)] 680969K->93065K(2037248K), 0.0142144 secs] [Times: user=0.13 sys=0.00, real=0.01 secs] 
2020-09-29T17:41:45.848+0200: 64.375: [GC (Allocation Failure) [PSYoungGen: 621413K->47205K(626688K)] 672137K->97929K(2024960K), 0.0194918 secs] [Times: user=0.13 sys=0.00, real=0.02 secs] 
2020-09-29T17:41:45.917+0200: 64.444: [GC (Allocation Failure) [PSYoungGen: 626277K->36195K(639488K)] 677001K->86919K(2037760K), 0.0142708 secs] [Times: user=0.13 sys=0.00, real=0.01 secs] 
2020-09-29T17:41:45.980+0200: 64.507: [GC (Allocation Failure) [PSYoungGen: 614755K->39236K(637952K)] 665479K->89960K(2036224K), 0.0145635 secs] [Times: user=0.13 sys=0.00, real=0.01 secs] 
2020-09-29T17:41:46.044+0200: 64.571: [GC (Allocation Failure) [PSYoungGen: 617796K->29701K(641536K)] 668520K->80425K(2039808K), 0.0107340 secs] [Times: user=0.13 sys=0.00, real=0.01 secs] 
2020-09-29T17:41:46.105+0200: 64.632: [GC (Allocation Failure) [PSYoungGen: 613893K->53317K(637952K)] 664617K->104041K(2036224K), 0.0179595 secs] [Times: user=0.13 sys=0.00, real=0.02 secs] 
2020-09-29T17:41:46.174+0200: 64.701: [GC (Allocation Failure) [PSYoungGen: 637509K->35909K(639488K)] 688233K->86633K(2037760K), 0.0124751 secs] [Times: user=0.13 sys=0.00, real=0.01 secs] 
2020-09-29T17:41:46.236+0200: 64.763: [GC (Allocation Failure) [PSYoungGen: 614469K->26051K(637952K)] 665193K->76775K(2036224K), 0.0106280 secs] [Times: user=0.13 sys=0.00, real=0.01 secs] 
2020-09-29T17:41:46.296+0200: 64.823: [GC (Allocation Failure) [PSYoungGen: 604611K->44005K(638464K)] 655335K->94729K(2036736K), 0.0152360 secs] [Times: user=0.13 sys=0.00, real=0.02 secs] 
2020-09-29T17:41:46.361+0200: 64.889: [GC (Allocation Failure) [PSYoungGen: 623077K->48805K(628224K)] 673801K->99529K(2026496K), 0.0163397 secs] [Times: user=0.13 sys=0.00, real=0.02 secs] 
2020-09-29T17:41:46.428+0200: 64.955: [GC (Allocation Failure) [PSYoungGen: 627877K->39973K(638976K)] 678601K->90697K(2037248K), 0.0134894 secs] [Times: user=0.03 sys=0.00, real=0.01 secs] 
2020-09-29T17:41:46.491+0200: 65.018: [GC (Allocation Failure) [PSYoungGen: 617509K->42340K(637440K)] 668233K->93064K(2035712K), 0.0153778 secs] [Times: user=0.13 sys=0.00, real=0.02 secs] 
2020-09-29T17:41:46.555+0200: 65.082: [GC (Allocation Failure) [PSYoungGen: 619876K->13442K(634880K)] 670600K->64166K(2033152K), 0.0065238 secs] [Times: user=0.00 sys=0.00, real=0.01 secs] 
2020-09-29T17:41:46.614+0200: 65.141: [GC (Allocation Failure) [PSYoungGen: 589442K->28164K(637440K)] 640166K->78888K(2035712K), 0.0115544 secs] [Times: user=0.00 sys=0.00, real=0.01 secs] 
2020-09-29T17:41:46.676+0200: 65.203: [GC (Allocation Failure) [PSYoungGen: 603751K->27172K(639488K)] 654475K->77896K(2037760K), 0.0097963 secs] [Times: user=0.00 sys=0.00, real=0.01 secs] 
2020-09-29T17:41:46.736+0200: 65.263: [GC (Allocation Failure) [PSYoungGen: 606244K->32037K(638464K)] 656968K->82761K(2036736K), 0.0107475 secs] [Times: user=0.13 sys=0.00, real=0.01 secs] 
2020-09-29T17:41:46.796+0200: 65.323: [GC (Allocation Failure) [PSYoungGen: 611109K->36805K(642560K)] 661833K->87529K(2040832K), 0.0128855 secs] [Times: user=0.13 sys=0.00, real=0.01 secs] 
2020-09-29T17:41:46.859+0200: 65.386: [GC (Allocation Failure) [PSYoungGen: 621509K->47269K(632320K)] 672233K->97993K(2030592K), 0.0164687 secs] [Times: user=0.13 sys=0.00, real=0.02 secs] 
2020-09-29T17:41:46.927+0200: 65.454: [GC (Allocation Failure) [PSYoungGen: 631973K->30405K(641536K)] 682697K->81129K(2039808K), 0.0113391 secs] [Times: user=0.00 sys=0.00, real=0.01 secs] 
2020-09-29T17:41:46.990+0200: 65.517: [GC (Allocation Failure) [PSYoungGen: 613573K->39236K(640512K)] 664297K->89960K(2038784K), 0.0158295 secs] [Times: user=0.13 sys=0.00, real=0.02 secs] 
2020-09-29T17:41:47.058+0200: 65.585: [GC (Allocation Failure) [PSYoungGen: 622404K->34469K(644096K)] 673128K->85193K(2042368K), 0.0134901 secs] [Times: user=0.13 sys=0.00, real=0.01 secs] 
2020-09-29T17:41:47.125+0200: 65.652: [GC (Allocation Failure) [PSYoungGen: 622245K->47941K(635904K)] 672969K->98665K(2034176K), 0.0173169 secs] [Times: user=0.13 sys=0.00, real=0.02 secs] 
2020-09-29T17:41:47.195+0200: 65.722: [GC (Allocation Failure) [PSYoungGen: 635717K->34181K(643072K)] 686441K->84905K(2041344K), 0.0130270 secs] [Times: user=0.13 sys=0.00, real=0.01 secs] 
2020-09-29T17:41:47.258+0200: 65.785: [GC (Allocation Failure) [PSYoungGen: 619909K->31973K(641536K)] 670633K->82697K(2039808K), 0.0108146 secs] [Times: user=0.00 sys=0.00, real=0.01 secs] 
2020-09-29T17:41:47.320+0200: 65.847: [GC (Allocation Failure) [PSYoungGen: 617701K->42116K(643072K)] 668425K->92840K(2041344K), 0.0148106 secs] [Times: user=0.13 sys=0.00, real=0.02 secs] 
2020-09-29T17:41:47.385+0200: 65.912: [GC (Allocation Failure) [PSYoungGen: 630404K->13476K(602112K)] 681128K->64200K(2000384K), 0.0052108 secs] [Times: user=0.00 sys=0.00, real=0.01 secs] 
2020-09-29T17:41:47.441+0200: 65.968: [GC (Allocation Failure) [PSYoungGen: 601764K->41189K(641536K)] 652488K->91913K(2039808K), 0.0144568 secs] [Times: user=0.13 sys=0.00, real=0.01 secs] 
2020-09-29T17:41:47.505+0200: 66.032: [GC (Allocation Failure) [PSYoungGen: 625381K->22019K(641536K)] 676105K->72743K(2039808K), 0.0092911 secs] [Times: user=0.00 sys=0.00, real=0.02 secs] 
2020-09-29T17:41:47.572+0200: 66.099: [GC (Allocation Failure) [PSYoungGen: 606211K->45605K(637440K)] 656935K->96329K(2035712K), 0.0177259 secs] [Times: user=0.11 sys=0.00, real=0.02 secs] 
2020-09-29T17:41:47.641+0200: 66.168: [GC (Allocation Failure) [PSYoungGen: 625701K->36197K(639488K)] 676425K->86921K(2037760K), 0.0125997 secs] [Times: user=0.11 sys=0.00, real=0.01 secs] 
2020-09-29T17:41:47.703+0200: 66.231: [GC (Allocation Failure) [PSYoungGen: 616293K->39748K(642048K)] 667017K->90472K(2040320K), 0.0145207 secs] [Times: user=0.13 sys=0.00, real=0.01 secs] 
2020-09-29T17:41:47.770+0200: 66.296: [GC (Allocation Failure) [PSYoungGen: 624452K->50181K(635392K)] 675176K->100905K(2033664K), 0.0168677 secs] [Times: user=0.23 sys=0.00, real=0.02 secs] 
2020-09-29T17:41:47.837+0200: 66.363: [GC (Allocation Failure) [PSYoungGen: 634885K->32325K(640000K)] 685609K->83049K(2038272K), 0.0126414 secs] [Times: user=0.11 sys=0.00, real=0.01 secs] 
2020-09-29T17:41:47.899+0200: 66.425: [GC (Allocation Failure) [PSYoungGen: 611909K->37637K(638464K)] 662633K->88361K(2036736K), 0.0134137 secs] [Times: user=0.13 sys=0.00, real=0.01 secs] 
2020-09-29T17:41:47.964+0200: 66.490: [GC (Allocation Failure) [PSYoungGen: 617221K->27843K(642560K)] 667945K->78567K(2040832K), 0.0120011 secs] [Times: user=0.13 sys=0.00, real=0.01 secs] 
2020-09-29T17:41:48.026+0200: 66.552: [GC (Allocation Failure) [PSYoungGen: 613571K->39333K(642048K)] 664295K->90057K(2040320K), 0.0138746 secs] [Times: user=0.13 sys=0.00, real=0.01 secs] 
2020-09-29T17:41:48.090+0200: 66.616: [GC (Allocation Failure) [PSYoungGen: 625061K->22083K(642048K)] 675785K->72807K(2040320K), 0.0093598 secs] [Times: user=0.13 sys=0.00, real=0.01 secs] 
2020-09-29T17:41:48.150+0200: 66.676: [GC (Allocation Failure) [PSYoungGen: 608323K->34085K(642560K)] 659047K->84809K(2040832K), 0.0118864 secs] [Times: user=0.13 sys=0.00, real=0.01 secs] 
2020-09-29T17:41:48.215+0200: 66.741: [GC (Allocation Failure) [PSYoungGen: 620325K->31812K(646144K)] 671049K->82536K(2044416K), 0.0116851 secs] [Times: user=0.13 sys=0.00, real=0.01 secs] 
2020-09-29T17:41:48.279+0200: 66.805: [GC (Allocation Failure) [PSYoungGen: 623684K->35813K(644608K)] 674408K->86537K(2042880K), 0.0127190 secs] [Times: user=0.11 sys=0.00, real=0.01 secs] 
2020-09-29T17:41:48.343+0200: 66.869: [GC (Allocation Failure) [PSYoungGen: 627685K->38917K(647680K)] 678409K->89641K(2045952K), 0.0139615 secs] [Times: user=0.13 sys=0.00, real=0.01 secs] 
2020-09-29T17:41:48.407+0200: 66.934: [GC (Allocation Failure) [PSYoungGen: 634885K->31844K(647168K)] 685609K->82568K(2045440K), 0.0118985 secs] [Times: user=0.13 sys=0.00, real=0.01 secs] 
2020-09-29T17:41:48.470+0200: 66.997: [GC (Allocation Failure) [PSYoungGen: 627812K->39364K(647680K)] 678536K->90088K(2045952K), 0.0140267 secs] [Times: user=0.13 sys=0.00, real=0.01 secs] 
2020-09-29T17:41:48.537+0200: 67.063: [GC (Allocation Failure) [PSYoungGen: 636868K->47460K(645120K)] 687592K->98184K(2043392K), 0.0173399 secs] [Times: user=0.13 sys=0.00, real=0.02 secs] 
2020-09-29T17:41:48.608+0200: 67.135: [GC (Allocation Failure) [PSYoungGen: 644964K->28900K(645632K)] 695688K->79624K(2043904K), 0.0143910 secs] [Times: user=0.09 sys=0.00, real=0.01 secs] 
2020-09-29T17:41:48.676+0200: 67.202: [GC (Allocation Failure) [PSYoungGen: 620772K->46565K(638464K)] 671496K->97289K(2036736K), 0.0170667 secs] [Times: user=0.23 sys=0.00, real=0.02 secs] 
2020-09-29T17:41:48.746+0200: 67.273: [GC (Allocation Failure) [PSYoungGen: 638437K->23141K(642560K)] 689161K->73865K(2040832K), 0.0090204 secs] [Times: user=0.13 sys=0.00, real=0.01 secs] 
2020-09-29T17:41:48.808+0200: 67.334: [GC (Allocation Failure) [PSYoungGen: 610405K->49925K(637440K)] 661129K->100649K(2035712K), 0.0164655 secs] [Times: user=0.13 sys=0.00, real=0.02 secs] 
2020-09-29T17:41:48.876+0200: 67.402: [GC (Allocation Failure) [PSYoungGen: 637189K->20259K(638464K)] 687913K->70983K(2036736K), 0.0148995 secs] [Times: user=0.00 sys=0.00, real=0.02 secs] 
2020-09-29T17:41:48.941+0200: 67.467: [GC (Allocation Failure) [PSYoungGen: 599331K->36869K(638976K)] 650055K->87593K(2037248K), 0.0158801 secs] [Times: user=0.11 sys=0.00, real=0.02 secs] 
2020-09-29T17:41:49.007+0200: 67.534: [GC (Allocation Failure) [PSYoungGen: 615941K->26371K(641536K)] 666665K->77095K(2039808K), 0.0109636 secs] [Times: user=0.00 sys=0.00, real=0.01 secs] 
2020-09-29T17:41:49.068+0200: 67.594: [GC (Allocation Failure) [PSYoungGen: 610051K->49317K(633344K)] 660775K->100041K(2031616K), 0.0164399 secs] [Times: user=0.13 sys=0.00, real=0.02 secs] 
2020-09-29T17:41:49.134+0200: 67.660: [GC (Allocation Failure) [PSYoungGen: 632997K->27941K(639488K)] 683721K->78665K(2037760K), 0.0103005 secs] [Times: user=0.00 sys=0.00, real=0.01 secs] 
2020-09-29T17:41:49.194+0200: 67.720: [GC (Allocation Failure) [PSYoungGen: 607013K->29604K(638464K)] 657737K->80328K(2036736K), 0.0110891 secs] [Times: user=0.00 sys=0.00, real=0.01 secs] 
2020-09-29T17:41:49.255+0200: 67.782: [GC (Allocation Failure) [PSYoungGen: 608676K->34469K(643072K)] 659400K->85193K(2041344K), 0.0119951 secs] [Times: user=0.00 sys=0.00, real=0.01 secs] 
2020-09-29T17:41:49.318+0200: 67.844: [GC (Allocation Failure) [PSYoungGen: 619685K->31781K(641024K)] 670409K->82505K(2039296K), 0.0109486 secs] [Times: user=0.00 sys=0.00, real=0.01 secs] 
2020-09-29T17:41:49.382+0200: 67.909: [GC (Allocation Failure) [PSYoungGen: 616997K->42789K(642560K)] 667721K->93513K(2040832K), 0.0146972 secs] [Times: user=0.13 sys=0.00, real=0.02 secs] 
2020-09-29T17:41:49.448+0200: 67.974: [GC (Allocation Failure) [PSYoungGen: 631077K->29412K(643584K)] 681801K->80136K(2041856K), 0.0109327 secs] [Times: user=0.13 sys=0.00, real=0.01 secs] 
2020-09-29T17:41:49.509+0200: 68.036: [GC (Allocation Failure) [PSYoungGen: 617700K->43397K(641536K)] 668424K->94121K(2039808K), 0.0151734 secs] [Times: user=0.13 sys=0.00, real=0.02 secs] 
2020-09-29T17:41:49.576+0200: 68.102: [GC (Allocation Failure) [PSYoungGen: 630661K->42789K(630272K)] 681385K->93513K(2028544K), 0.0157934 secs] [Times: user=0.11 sys=0.00, real=0.02 secs] 
2020-09-29T17:41:49.643+0200: 68.170: [GC (Allocation Failure) [PSYoungGen: 630053K->28421K(643072K)] 680777K->79145K(2041344K), 0.0103279 secs] [Times: user=0.13 sys=0.00, real=0.01 secs] 
2020-09-29T17:41:49.703+0200: 68.230: [GC (Allocation Failure) [PSYoungGen: 615173K->23684K(642560K)] 665897K->74408K(2040832K), 0.0094718 secs] [Times: user=0.13 sys=0.00, real=0.01 secs] 
2020-09-29T17:41:49.763+0200: 68.289: [GC (Allocation Failure) [PSYoungGen: 610436K->36197K(644608K)] 661160K->86921K(2042880K), 0.0122065 secs] [Times: user=0.13 sys=0.00, real=0.01 secs] 
2020-09-29T17:41:49.826+0200: 68.352: [GC (Allocation Failure) [PSYoungGen: 624997K->37029K(643072K)] 675721K->87753K(2041344K), 0.0121229 secs] [Times: user=0.13 sys=0.00, real=0.01 secs] 
2020-09-29T17:41:49.889+0200: 68.415: [GC (Allocation Failure) [PSYoungGen: 625829K->23780K(645632K)] 676553K->74504K(2043904K), 0.0085592 secs] [Times: user=0.13 sys=0.00, real=0.01 secs] 
2020-09-29T17:41:49.948+0200: 68.474: [GC (Allocation Failure) [PSYoungGen: 616164K->27237K(645632K)] 666888K->77961K(2043904K), 0.0089951 secs] [Times: user=0.00 sys=0.00, real=0.01 secs] 
2020-09-29T17:41:50.009+0200: 68.535: [GC (Allocation Failure) [PSYoungGen: 619621K->31813K(648192K)] 670345K->82537K(2046464K), 0.0112383 secs] [Times: user=0.00 sys=0.00, real=0.01 secs] 
2020-09-29T17:41:50.071+0200: 68.597: [GC (Allocation Failure) [PSYoungGen: 627781K->39781K(646656K)] 678505K->90505K(2044928K), 0.0142703 secs] [Times: user=0.13 sys=0.00, real=0.01 secs] 
2020-09-29T17:41:50.136+0200: 68.662: [GC (Allocation Failure) [PSYoungGen: 635749K->47877K(640000K)] 686473K->98601K(2038272K), 0.0161517 secs] [Times: user=0.13 sys=0.00, real=0.02 secs] 
2020-09-29T17:41:50.203+0200: 68.729: [GC (Allocation Failure) [PSYoungGen: 636165K->19491K(608256K)] 686889K->70215K(2006528K), 0.0075292 secs] [Times: user=0.13 sys=0.00, real=0.01 secs] 
2020-09-29T17:41:50.261+0200: 68.787: [GC (Allocation Failure) [PSYoungGen: 607779K->47205K(637952K)] 658503K->97929K(2036224K), 0.0157436 secs] [Times: user=0.13 sys=0.00, real=0.02 secs] 
2020-09-29T17:41:50.327+0200: 68.854: [GC (Allocation Failure) [PSYoungGen: 629349K->27365K(640512K)] 680073K->78089K(2038784K), 0.0090142 secs] [Times: user=0.13 sys=0.00, real=0.01 secs] 
2020-09-29T17:41:50.386+0200: 68.913: [GC (Allocation Failure) [PSYoungGen: 609509K->35269K(643072K)] 660233K->85993K(2041344K), 0.0115368 secs] [Times: user=0.13 sys=0.00, real=0.01 secs] 
2020-09-29T17:41:50.448+0200: 68.974: [GC (Allocation Failure) [PSYoungGen: 620997K->46725K(632832K)] 671721K->97449K(2031104K), 0.0159233 secs] [Times: user=0.13 sys=0.00, real=0.02 secs] 
2020-09-29T17:41:50.515+0200: 69.041: [GC (Allocation Failure) [PSYoungGen: 632453K->30788K(642048K)] 683177K->81512K(2040320K), 0.0113449 secs] [Times: user=0.13 sys=0.00, real=0.01 secs] 
2020-09-29T17:41:50.577+0200: 69.104: [GC (Allocation Failure) [PSYoungGen: 614468K->26116K(640512K)] 665192K->76840K(2038784K), 0.0104818 secs] [Times: user=0.11 sys=0.00, real=0.01 secs] 
2020-09-29T17:41:50.639+0200: 69.166: [GC (Allocation Failure) [PSYoungGen: 609796K->49285K(635904K)] 660520K->100009K(2034176K), 0.0166663 secs] [Times: user=0.13 sys=0.00, real=0.02 secs] 
2020-09-29T17:41:50.706+0200: 69.232: [GC (Allocation Failure) [PSYoungGen: 629381K->41380K(639488K)] 680105K->92104K(2037760K), 0.0146834 secs] [Times: user=0.13 sys=0.00, real=0.01 secs] 
2020-09-29T17:41:50.771+0200: 69.297: [GC (Allocation Failure) [PSYoungGen: 621476K->31556K(641024K)] 672200K->82280K(2039296K), 0.0119725 secs] [Times: user=0.00 sys=0.00, real=0.01 secs] 
2020-09-29T17:41:50.832+0200: 69.359: [GC (Allocation Failure) [PSYoungGen: 613188K->38244K(639488K)] 663912K->88968K(2037760K), 0.0139353 secs] [Times: user=0.13 sys=0.00, real=0.01 secs] 
2020-09-29T17:41:50.896+0200: 69.422: [GC (Allocation Failure) [PSYoungGen: 619876K->16996K(639488K)] 670600K->67720K(2037760K), 0.0063075 secs] [Times: user=0.00 sys=0.00, real=0.01 secs] 
2020-09-29T17:41:50.953+0200: 69.479: [GC (Allocation Failure) [PSYoungGen: 600164K->39589K(641024K)] 650888K->90313K(2039296K), 0.0135712 secs] [Times: user=0.13 sys=0.00, real=0.01 secs] 
2020-09-29T17:41:51.017+0200: 69.543: [GC (Allocation Failure) [PSYoungGen: 622757K->34116K(643584K)] 673481K->84840K(2041856K), 0.0144933 secs] [Times: user=0.11 sys=0.00, real=0.01 secs] 
2020-09-29T17:41:51.081+0200: 69.607: [GC (Allocation Failure) [PSYoungGen: 620356K->32356K(641536K)] 671080K->83080K(2039808K), 0.0117609 secs] [Times: user=0.13 sys=0.00, real=0.01 secs] 
2020-09-29T17:41:51.143+0200: 69.670: [GC (Allocation Failure) [PSYoungGen: 618596K->30629K(646656K)] 669320K->81353K(2044928K), 0.0110760 secs] [Times: user=0.13 sys=0.00, real=0.01 secs] 
2020-09-29T17:41:51.205+0200: 69.731: [GC (Allocation Failure) [PSYoungGen: 623525K->35589K(645120K)] 674249K->86313K(2043392K), 0.0123448 secs] [Times: user=0.13 sys=0.00, real=0.01 secs] 
2020-09-29T17:41:51.268+0200: 69.795: [GC (Allocation Failure) [PSYoungGen: 628485K->40581K(646656K)] 679209K->91305K(2044928K), 0.0139152 secs] [Times: user=0.13 sys=0.00, real=0.01 secs] 
2020-09-29T17:41:51.334+0200: 69.861: [GC (Allocation Failure) [PSYoungGen: 636037K->34501K(647168K)] 686761K->85225K(2045440K), 0.0125287 secs] [Times: user=0.00 sys=0.00, real=0.01 secs] 
2020-09-29T17:41:51.398+0200: 69.924: [GC (Allocation Failure) [PSYoungGen: 629957K->42053K(646656K)] 680681K->92777K(2044928K), 0.0138535 secs] [Times: user=0.13 sys=0.00, real=0.01 secs] 
2020-09-29T17:41:51.463+0200: 69.989: [GC (Allocation Failure) [PSYoungGen: 638533K->20164K(616960K)] 689257K->70888K(2015232K), 0.0072253 secs] [Times: user=0.00 sys=0.00, real=0.01 secs] 
2020-09-29T17:41:51.523+0200: 70.049: [GC (Allocation Failure) [PSYoungGen: 616644K->28515K(647168K)] 667368K->79239K(2045440K), 0.0112814 secs] [Times: user=0.00 sys=0.00, real=0.01 secs] 
2020-09-29T17:41:51.586+0200: 70.112: [GC (Allocation Failure) [PSYoungGen: 623459K->35524K(646656K)] 674183K->86248K(2044928K), 0.0147031 secs] [Times: user=0.11 sys=0.00, real=0.02 secs] 
2020-09-29T17:41:51.660+0200: 70.186: [GC (Allocation Failure) [PSYoungGen: 630468K->42181K(645120K)] 681192K->92905K(2043392K), 0.0143952 secs] [Times: user=0.13 sys=0.00, real=0.01 secs] 
2020-09-29T17:41:51.725+0200: 70.252: [GC (Allocation Failure) [PSYoungGen: 636613K->33443K(646656K)] 687337K->84167K(2044928K), 0.0132077 secs] [Times: user=0.00 sys=0.00, real=0.01 secs] 
2020-09-29T17:41:51.790+0200: 70.316: [GC (Allocation Failure) [PSYoungGen: 627875K->26213K(648704K)] 678599K->76937K(2046976K), 0.0087550 secs] [Times: user=0.00 sys=0.00, real=0.01 secs] 
2020-09-29T17:41:51.852+0200: 70.379: [GC (Allocation Failure) [PSYoungGen: 624229K->34501K(648192K)] 674953K->85225K(2046464K), 0.0121215 secs] [Times: user=0.13 sys=0.00, real=0.01 secs] 
2020-09-29T17:41:51.916+0200: 70.443: [GC (Allocation Failure) [PSYoungGen: 632517K->29892K(650752K)] 683241K->80616K(2049024K), 0.0116197 secs] [Times: user=0.13 sys=0.00, real=0.01 secs] 
2020-09-29T17:41:51.981+0200: 70.507: [GC (Allocation Failure) [PSYoungGen: 631492K->29893K(649728K)] 682216K->80617K(2048000K), 0.0105849 secs] [Times: user=0.13 sys=0.00, real=0.01 secs] 
2020-09-29T17:41:52.044+0200: 70.571: [GC (Allocation Failure) [PSYoungGen: 631493K->29893K(652288K)] 682217K->80617K(2050560K), 0.0134322 secs] [Times: user=0.11 sys=0.00, real=0.01 secs] 
2020-09-29T17:41:52.109+0200: 70.635: [GC (Allocation Failure) [PSYoungGen: 635077K->46404K(651776K)] 685801K->97128K(2050048K), 0.0167437 secs] [Times: user=0.13 sys=0.00, real=0.02 secs] 
2020-09-29T17:41:52.177+0200: 70.704: [GC (Allocation Failure) [PSYoungGen: 651588K->36357K(647680K)] 702312K->87081K(2045952K), 0.0125720 secs] [Times: user=0.00 sys=0.00, real=0.01 secs] 
2020-09-29T17:41:52.241+0200: 70.768: [GC (Allocation Failure) [PSYoungGen: 636933K->49061K(649728K)] 687657K->99785K(2048000K), 0.0163983 secs] [Times: user=0.13 sys=0.00, real=0.02 secs] 
2020-09-29T17:41:52.310+0200: 70.836: [GC (Allocation Failure) [PSYoungGen: 649637K->20068K(639488K)] 700361K->70792K(2037760K), 0.0076996 secs] [Times: user=0.13 sys=0.00, real=0.01 secs] 
2020-09-29T17:41:52.368+0200: 70.894: [GC (Allocation Failure) [PSYoungGen: 610404K->36101K(644608K)] 661128K->86825K(2042880K), 0.0127418 secs] [Times: user=0.13 sys=0.00, real=0.01 secs] 
2020-09-29T17:41:52.431+0200: 70.958: [GC (Allocation Failure) [PSYoungGen: 626437K->37764K(646656K)] 677161K->88488K(2044928K), 0.0140206 secs] [Times: user=0.13 sys=0.00, real=0.01 secs] 
2020-09-29T17:41:52.496+0200: 71.023: [GC (Allocation Failure) [PSYoungGen: 631172K->52197K(645632K)] 681896K->107633K(2043904K), 0.0192175 secs] [Times: user=0.13 sys=0.00, real=0.02 secs] 
2020-09-29T17:41:52.572+0200: 71.099: [GC (Allocation Failure) [PSYoungGen: 645605K->35109K(638464K)] 701041K->90545K(2036736K), 0.0153913 secs] [Times: user=0.11 sys=0.00, real=0.02 secs] 
2020-09-29T17:41:52.646+0200: 71.172: [GC (Allocation Failure) [PSYoungGen: 620325K->30404K(642048K)] 675761K->85840K(2040320K), 0.0138569 secs] [Times: user=0.00 sys=0.00, real=0.01 secs] 
2020-09-29T17:41:52.711+0200: 71.238: [GC (Allocation Failure) [PSYoungGen: 615620K->26341K(643072K)] 671056K->81777K(2041344K), 0.0092715 secs] [Times: user=0.00 sys=0.00, real=0.01 secs] 
2020-09-29T17:41:52.772+0200: 71.298: [GC (Allocation Failure) [PSYoungGen: 613093K->38821K(642560K)] 668529K->94257K(2040832K), 0.0129100 secs] [Times: user=0.00 sys=0.00, real=0.01 secs] 
2020-09-29T17:41:52.837+0200: 71.363: [GC (Allocation Failure) [PSYoungGen: 625573K->22788K(643584K)] 681009K->78224K(2041856K), 0.0089908 secs] [Times: user=0.00 sys=0.00, real=0.01 secs] 
2020-09-29T17:41:52.896+0200: 71.423: [GC (Allocation Failure) [PSYoungGen: 611076K->35940K(643584K)] 666512K->91376K(2041856K), 0.0129901 secs] [Times: user=0.00 sys=0.00, real=0.01 secs] 
2020-09-29T17:41:52.960+0200: 71.486: [GC (Allocation Failure) [PSYoungGen: 624228K->34724K(646656K)] 679664K->90160K(2044928K), 0.0130870 secs] [Times: user=0.01 sys=0.00, real=0.02 secs] 
2020-09-29T17:41:53.031+0200: 71.557: [GC (Allocation Failure) [PSYoungGen: 627620K->52197K(645120K)] 683056K->108769K(2043392K), 0.0179704 secs] [Times: user=0.13 sys=0.00, real=0.02 secs] 
2020-09-29T17:41:53.101+0200: 71.627: [GC (Allocation Failure) [PSYoungGen: 645093K->44677K(635904K)] 701665K->101249K(2034176K), 0.0164559 secs] [Times: user=0.13 sys=0.00, real=0.02 secs] 
2020-09-29T17:41:53.168+0200: 71.695: [GC (Allocation Failure) [PSYoungGen: 626821K->37508K(640512K)] 683393K->94080K(2038784K), 0.0137372 secs] [Times: user=0.13 sys=0.00, real=0.01 secs] 
2020-09-29T17:41:53.231+0200: 71.758: [GC (Allocation Failure) [PSYoungGen: 619652K->28291K(643072K)] 676224K->84863K(2041344K), 0.0118376 secs] [Times: user=0.13 sys=0.00, real=0.01 secs] 
2020-09-29T17:41:53.293+0200: 71.820: [GC (Allocation Failure) [PSYoungGen: 615043K->40837K(642560K)] 671615K->97409K(2040832K), 0.0142711 secs] [Times: user=0.13 sys=0.00, real=0.02 secs] 
2020-09-29T17:41:53.358+0200: 71.885: [GC (Allocation Failure) [PSYoungGen: 627589K->39653K(644096K)] 684161K->96225K(2042368K), 0.0134609 secs] [Times: user=0.13 sys=0.00, real=0.01 secs] 
2020-09-29T17:41:53.423+0200: 71.949: [GC (Allocation Failure) [PSYoungGen: 627941K->40037K(643072K)] 684513K->96609K(2041344K), 0.0137688 secs] [Times: user=0.13 sys=0.00, real=0.01 secs] 
2020-09-29T17:41:53.487+0200: 72.014: [GC (Allocation Failure) [PSYoungGen: 628325K->37092K(646144K)] 684897K->93664K(2044416K), 0.0133260 secs] [Times: user=0.13 sys=0.00, real=0.01 secs] 
2020-09-29T17:41:53.552+0200: 72.079: [GC (Allocation Failure) [PSYoungGen: 628964K->40836K(644608K)] 685536K->97408K(2042880K), 0.0142043 secs] [Times: user=0.00 sys=0.00, real=0.01 secs] 
2020-09-29T17:41:53.620+0200: 72.146: [GC (Allocation Failure) [PSYoungGen: 630824K->26723K(645632K)] 687396K->83295K(2043904K), 0.0123787 secs] [Times: user=0.11 sys=0.00, real=0.01 secs] 
2020-09-29T17:41:53.684+0200: 72.210: [GC (Allocation Failure) [PSYoungGen: 620131K->45925K(639488K)] 676703K->102497K(2037760K), 0.0155229 secs] [Times: user=0.13 sys=0.00, real=0.01 secs] 
2020-09-29T17:41:53.750+0200: 72.277: [GC (Allocation Failure) [PSYoungGen: 639333K->37701K(645632K)] 695905K->94273K(2043904K), 0.0137339 secs] [Times: user=0.13 sys=0.00, real=0.01 secs] 
2020-09-29T17:41:53.815+0200: 72.341: [GC (Allocation Failure) [PSYoungGen: 628549K->24740K(644096K)] 685121K->81312K(2042368K), 0.0087923 secs] [Times: user=0.13 sys=0.00, real=0.01 secs] 
2020-09-29T17:41:53.875+0200: 72.402: [GC (Allocation Failure) [PSYoungGen: 615588K->41349K(645120K)] 672160K->97921K(2043392K), 0.0142597 secs] [Times: user=0.13 sys=0.00, real=0.01 secs] 
2020-09-29T17:41:53.943+0200: 72.469: [GC (Allocation Failure) [PSYoungGen: 632709K->28484K(645120K)] 689281K->85056K(2043392K), 0.0106626 secs] [Times: user=0.00 sys=0.00, real=0.01 secs] 
2020-09-29T17:41:54.004+0200: 72.531: [GC (Allocation Failure) [PSYoungGen: 619844K->31844K(646144K)] 676416K->88416K(2044416K), 0.0123463 secs] [Times: user=0.13 sys=0.00, real=0.01 secs] 
2020-09-29T17:41:54.067+0200: 72.594: [GC (Allocation Failure) [PSYoungGen: 624228K->36293K(645120K)] 680800K->92865K(2043392K), 0.0127553 secs] [Times: user=0.00 sys=0.00, real=0.01 secs] 
2020-09-29T17:41:54.133+0200: 72.659: [GC (Allocation Failure) [PSYoungGen: 628677K->40773K(646656K)] 685249K->97345K(2044928K), 0.0146883 secs] [Times: user=0.13 sys=0.00, real=0.02 secs] 
2020-09-29T17:41:54.199+0200: 72.725: [GC (Allocation Failure) [PSYoungGen: 636229K->33956K(647168K)] 692801K->90528K(2045440K), 0.0118444 secs] [Times: user=0.13 sys=0.00, real=0.01 secs] 
2020-09-29T17:41:54.263+0200: 72.790: [GC (Allocation Failure) [PSYoungGen: 629412K->25380K(647680K)] 685984K->81952K(2045952K), 0.0101061 secs] [Times: user=0.13 sys=0.00, real=0.01 secs] 
2020-09-29T17:41:54.325+0200: 72.851: [GC (Allocation Failure) [PSYoungGen: 622884K->19490K(617472K)] 679456K->76062K(2015744K), 0.0091023 secs] [Times: user=0.13 sys=0.00, real=0.01 secs] 
2020-09-29T17:41:54.387+0200: 72.914: [GC (Allocation Failure) [PSYoungGen: 616994K->26564K(647680K)] 673566K->83136K(2045952K), 0.0104233 secs] [Times: user=0.13 sys=0.00, real=0.01 secs] 
2020-09-29T17:41:54.449+0200: 72.975: [GC (Allocation Failure) [PSYoungGen: 622532K->17763K(647168K)] 679104K->74335K(2045440K), 0.0071603 secs] [Times: user=0.00 sys=0.00, real=0.01 secs] 
2020-09-29T17:41:54.507+0200: 73.034: [GC (Allocation Failure) [PSYoungGen: 613731K->39236K(645120K)] 670303K->95808K(2043392K), 0.0143765 secs] [Times: user=0.13 sys=0.00, real=0.01 secs] 
2020-09-29T17:41:54.572+0200: 73.099: [GC (Allocation Failure) [PSYoungGen: 632644K->30021K(646144K)] 689216K->86593K(2044416K), 0.0126182 secs] [Times: user=0.11 sys=0.00, real=0.01 secs] 
2020-09-29T17:41:54.639+0200: 73.166: [GC (Allocation Failure) [PSYoungGen: 623429K->20131K(647680K)] 680001K->76703K(2045952K), 0.0084151 secs] [Times: user=0.13 sys=0.00, real=0.01 secs] 
2020-09-29T17:41:54.699+0200: 73.225: [GC (Allocation Failure) [PSYoungGen: 616611K->42373K(638976K)] 673183K->98945K(2037248K), 0.0143786 secs] [Times: user=0.13 sys=0.00, real=0.01 secs] 
2020-09-29T17:41:54.766+0200: 73.293: [GC (Allocation Failure) [PSYoungGen: 638853K->37221K(645632K)] 695425K->93793K(2043904K), 0.0125389 secs] [Times: user=0.13 sys=0.00, real=0.01 secs] 
2020-09-29T17:41:54.832+0200: 73.359: [GC (Allocation Failure) [PSYoungGen: 629605K->41796K(634368K)] 686177K->98368K(2032640K), 0.0148788 secs] [Times: user=0.13 sys=0.00, real=0.01 secs] 
2020-09-29T17:41:54.898+0200: 73.424: [GC (Allocation Failure) [PSYoungGen: 634180K->45924K(638976K)] 690752K->102496K(2037248K), 0.0162057 secs] [Times: user=0.13 sys=0.00, real=0.02 secs] 
2020-09-29T17:41:54.964+0200: 73.491: [GC (Allocation Failure) [PSYoungGen: 630116K->39972K(641536K)] 686688K->96544K(2039808K), 0.0150964 secs] [Times: user=0.13 sys=0.00, real=0.02 secs] 
2020-09-29T17:41:55.029+0200: 73.556: [GC (Allocation Failure) [PSYoungGen: 624164K->22243K(641024K)] 680736K->78815K(2039296K), 0.0090509 secs] [Times: user=0.13 sys=0.00, real=0.01 secs] 
2020-09-29T17:41:55.089+0200: 73.615: [GC (Allocation Failure) [PSYoungGen: 606435K->45861K(630272K)] 663007K->102433K(2028544K), 0.0156771 secs] [Times: user=0.13 sys=0.00, real=0.02 secs] 
2020-09-29T17:41:55.155+0200: 73.682: [GC (Allocation Failure) [PSYoungGen: 630053K->42117K(639488K)] 686625K->98689K(2037760K), 0.0153206 secs] [Times: user=0.13 sys=0.00, real=0.02 secs] 
2020-09-29T17:41:55.220+0200: 73.747: [GC (Allocation Failure) [PSYoungGen: 622213K->47940K(628224K)] 678785K->104512K(2026496K), 0.0168500 secs] [Times: user=0.13 sys=0.00, real=0.02 secs] 
2020-09-29T17:41:55.287+0200: 73.814: [GC (Allocation Failure) [PSYoungGen: 628036K->40069K(638464K)] 684608K->96641K(2036736K), 0.0141849 secs] [Times: user=0.13 sys=0.00, real=0.02 secs] 
2020-09-29T17:41:55.351+0200: 73.878: [GC (Allocation Failure) [PSYoungGen: 617093K->29221K(637440K)] 673665K->85793K(2035712K), 0.0099906 secs] [Times: user=0.00 sys=0.00, real=0.01 secs] 
2020-09-29T17:41:55.411+0200: 73.938: [GC (Allocation Failure) [PSYoungGen: 606245K->45669K(637440K)] 662817K->102241K(2035712K), 0.0151998 secs] [Times: user=0.13 sys=0.00, real=0.02 secs] 
2020-09-29T17:41:55.476+0200: 74.002: [GC (Allocation Failure) [PSYoungGen: 623717K->35781K(638464K)] 680289K->92353K(2036736K), 0.0118273 secs] [Times: user=0.00 sys=0.00, real=0.01 secs] 
2020-09-29T17:41:55.539+0200: 74.065: [GC (Allocation Failure) [PSYoungGen: 613829K->51300K(634368K)] 670401K->107872K(2032640K), 0.0181675 secs] [Times: user=0.13 sys=0.00, real=0.02 secs] 
2020-09-29T17:41:55.608+0200: 74.135: [GC (Allocation Failure) [PSYoungGen: 627300K->53093K(629248K)] 683872K->109665K(2027520K), 0.0195204 secs] [Times: user=0.11 sys=0.00, real=0.02 secs] 
2020-09-29T17:41:55.677+0200: 74.203: [GC (Allocation Failure) [PSYoungGen: 629093K->26885K(634368K)] 685665K->83457K(2032640K), 0.0095882 secs] [Times: user=0.00 sys=0.00, real=0.02 secs] 
2020-09-29T17:41:55.747+0200: 74.273: [GC (Allocation Failure) [PSYoungGen: 596741K->20675K(590848K)] 653313K->77247K(1989120K), 0.0093979 secs] [Times: user=0.13 sys=0.00, real=0.01 secs] 
2020-09-29T17:41:55.805+0200: 74.332: [GC (Allocation Failure) [PSYoungGen: 590531K->43621K(634368K)] 647103K->100193K(2032640K), 0.0151092 secs] [Times: user=0.13 sys=0.00, real=0.01 secs] 
2020-09-29T17:41:55.868+0200: 74.395: [GC (Allocation Failure) [PSYoungGen: 612965K->22275K(633856K)] 669537K->78847K(2032128K), 0.0085326 secs] [Times: user=0.00 sys=0.00, real=0.01 secs] 
2020-09-29T17:41:55.924+0200: 74.451: [GC (Allocation Failure) [PSYoungGen: 591619K->31012K(636416K)] 648191K->87584K(2034688K), 0.0114694 secs] [Times: user=0.13 sys=0.00, real=0.01 secs] 
2020-09-29T17:41:55.984+0200: 74.510: [GC (Allocation Failure) [PSYoungGen: 602916K->42308K(634368K)] 659488K->98880K(2032640K), 0.0155110 secs] [Times: user=0.13 sys=0.00, real=0.02 secs] 
2020-09-29T17:41:56.047+0200: 74.574: [GC (Allocation Failure) [PSYoungGen: 614212K->26276K(637440K)] 670784K->82848K(2035712K), 0.0096255 secs] [Times: user=0.13 sys=0.00, real=0.01 secs] 
2020-09-29T17:41:56.106+0200: 74.632: [GC (Allocation Failure) [PSYoungGen: 601252K->27076K(636416K)] 657824K->83648K(2034688K), 0.0101592 secs] [Times: user=0.13 sys=0.00, real=0.01 secs] 
2020-09-29T17:41:56.165+0200: 74.692: [GC (Allocation Failure) [PSYoungGen: 602052K->27812K(640000K)] 658624K->84384K(2038272K), 0.0112862 secs] [Times: user=0.13 sys=0.00, real=0.01 secs] 
2020-09-29T17:41:56.225+0200: 74.752: [GC (Allocation Failure) [PSYoungGen: 607396K->16132K(638464K)] 663968K->72704K(2036736K), 0.0065597 secs] [Times: user=0.00 sys=0.00, real=0.01 secs] 
2020-09-29T17:41:56.280+0200: 74.807: [GC (Allocation Failure) [PSYoungGen: 595716K->35172K(641024K)] 652288K->91744K(2039296K), 0.0132945 secs] [Times: user=0.13 sys=0.00, real=0.01 secs] 
2020-09-29T17:41:56.342+0200: 74.868: [GC (Allocation Failure) [PSYoungGen: 616804K->28803K(639488K)] 673376K->85375K(2037760K), 0.0118868 secs] [Times: user=0.13 sys=0.00, real=0.01 secs] 
2020-09-29T17:41:56.402+0200: 74.928: [GC (Allocation Failure) [PSYoungGen: 610435K->22499K(643584K)] 667007K->79071K(2041856K), 0.0089186 secs] [Times: user=0.01 sys=0.00, real=0.01 secs] 
2020-09-29T17:41:56.457+0200: 74.984: [GC (Allocation Failure) [PSYoungGen: 610275K->36003K(643072K)] 666847K->92575K(2041344K), 0.0137342 secs] [Times: user=0.13 sys=0.00, real=0.01 secs] 
2020-09-29T17:41:56.517+0200: 75.043: [GC (Allocation Failure) [PSYoungGen: 623779K->8451K(641024K)] 680351K->65023K(2039296K), 0.0040502 secs] [Times: user=0.13 sys=0.00, real=0.00 secs] 
2020-09-29T17:41:56.568+0200: 75.095: [GC (Allocation Failure) [PSYoungGen: 594691K->20515K(642560K)] 651263K->77087K(2040832K), 0.0087372 secs] [Times: user=0.00 sys=0.00, real=0.01 secs] 
2020-09-29T17:41:56.626+0200: 75.153: [GC (Allocation Failure) [PSYoungGen: 606755K->2881K(640512K)] 663327K->59453K(2038784K), 0.0026585 secs] [Times: user=0.00 sys=0.00, real=0.00 secs] 
2020-09-29T17:41:56.676+0200: 75.203: [GC (Allocation Failure) [PSYoungGen: 588097K->9313K(642048K)] 644669K->65885K(2040320K), 0.0057632 secs] [Times: user=0.00 sys=0.00, real=0.01 secs] 
2020-09-29T17:41:56.731+0200: 75.258: [GC (Allocation Failure) [PSYoungGen: 594529K->6626K(642560K)] 651101K->63198K(2040832K), 0.0038479 secs] [Times: user=0.00 sys=0.00, real=0.00 secs] 
2020-09-29T17:41:56.792+0200: 75.319: [GC (Allocation Failure) [PSYoungGen: 592866K->18658K(642560K)] 649438K->75230K(2040832K), 0.0090158 secs] [Times: user=0.13 sys=0.00, real=0.01 secs] 
2020-09-29T17:41:56.852+0200: 75.378: [GC (Allocation Failure) [PSYoungGen: 604898K->16898K(647680K)] 661470K->73470K(2045952K), 0.0086745 secs] [Times: user=0.00 sys=0.00, real=0.01 secs] 
2020-09-29T17:41:56.911+0200: 75.438: [GC (Allocation Failure) [PSYoungGen: 610818K->8545K(645120K)] 667390K->65117K(2043392K), 0.0054343 secs] [Times: user=0.00 sys=0.00, real=0.01 secs] 
2020-09-29T17:41:56.966+0200: 75.493: [GC (Allocation Failure) [PSYoungGen: 602465K->14594K(650240K)] 659037K->71166K(2048512K), 0.0075421 secs] [Times: user=0.13 sys=0.00, real=0.01 secs] 
2020-09-29T17:41:57.024+0200: 75.551: [GC (Allocation Failure) [PSYoungGen: 614146K->12386K(648192K)] 670718K->68958K(2046464K), 0.0061263 secs] [Times: user=0.00 sys=0.00, real=0.01 secs] 
2020-09-29T17:41:57.080+0200: 75.607: [GC (Allocation Failure) [PSYoungGen: 611589K->8801K(653312K)] 668161K->65373K(2051584K), 0.0055813 secs] [Times: user=0.13 sys=0.00, real=0.01 secs] 
2020-09-29T17:41:57.151+0200: 75.678: [GC (Allocation Failure) [PSYoungGen: 615009K->11649K(651776K)] 671581K->68221K(2050048K), 0.0066904 secs] [Times: user=0.00 sys=0.00, real=0.01 secs] 
2020-09-29T17:41:57.252+0200: 75.779: [GC (Allocation Failure) [PSYoungGen: 617857K->2593K(654848K)] 674429K->59165K(2053120K), 0.0027872 secs] [Times: user=0.13 sys=0.00, real=0.00 secs] 
2020-09-29T17:41:57.348+0200: 75.875: [GC (Allocation Failure) [PSYoungGen: 613409K->11841K(654848K)] 669981K->68413K(2053120K), 0.0070628 secs] [Times: user=0.00 sys=0.00, real=0.01 secs] 
Heap
 PSYoungGen      total 654848K, used 540820K [0x00000000d5580000, 0x0000000100000000, 0x0000000100000000)
  eden space 610816K, 86% used [0x00000000d5580000,0x00000000f5a14bc8,0x00000000faa00000)
  from space 44032K, 26% used [0x00000000faa00000,0x00000000fb590490,0x00000000fd500000)
  to   space 41984K, 0% used [0x00000000fd700000,0x00000000fd700000,0x0000000100000000)
 ParOldGen       total 1398272K, used 56572K [0x0000000080000000, 0x00000000d5580000, 0x00000000d5580000)
  object space 1398272K, 4% used [0x0000000080000000,0x000000008373f060,0x00000000d5580000)
 Metaspace       used 2594K, capacity 4486K, committed 4864K, reserved 1056768K
  class space    used 285K, capacity 386K, committed 512K, reserved 1048576K
