Java HotSpot(TM) 64-Bit Server VM (25.261-b12) for windows-amd64 JRE (1.8.0_261-b12), built on Jun 18 2020 06:56:32 by "" with unknown MS VC++:1916
Memory: 4k page, physical 16659684k(9447004k free), swap 23213284k(9059636k free)
CommandLine flags: -XX:InitialHeapSize=2147483648 -XX:MaxHeapSize=2147483648 -XX:+PrintGC -XX:+PrintGCDateStamps -XX:+PrintGCDetails -XX:+PrintGCTimeStamps -XX:+UseCompressedClassPointers -XX:+UseCompressedOops -XX:-UseLargePagesIndividualAllocation -XX:+UseParallelGC 
2020-09-29T17:54:50.365+0200: 0.249: [GC (Allocation Failure) [PSYoungGen: 524800K->24387K(611840K)] 524800K->24395K(2010112K), 0.0358995 secs] [Times: user=0.23 sys=0.02, real=0.04 secs] 
2020-09-29T17:54:50.456+0200: 0.340: [GC (Allocation Failure) [PSYoungGen: 549187K->42804K(611840K)] 549195K->42812K(2010112K), 0.0295410 secs] [Times: user=0.09 sys=0.03, real=0.03 secs] 
2020-09-29T17:54:50.531+0200: 0.415: [GC (Allocation Failure) [PSYoungGen: 567604K->45621K(611840K)] 567612K->45629K(2010112K), 0.0175090 secs] [Times: user=0.13 sys=0.00, real=0.02 secs] 
2020-09-29T17:54:50.596+0200: 0.479: [GC (Allocation Failure) [PSYoungGen: 570421K->37093K(611840K)] 570429K->37101K(2010112K), 0.0135303 secs] [Times: user=0.11 sys=0.00, real=0.01 secs] 
2020-09-29T17:54:50.656+0200: 0.540: [GC (Allocation Failure) [PSYoungGen: 561893K->12914K(611840K)] 561901K->12922K(2010112K), 0.0066437 secs] [Times: user=0.13 sys=0.00, real=0.01 secs] 
2020-09-29T17:54:50.708+0200: 0.592: [GC (Allocation Failure) [PSYoungGen: 537714K->45493K(636416K)] 537722K->45501K(2034688K), 0.0212670 secs] [Times: user=0.11 sys=0.02, real=0.02 secs] 
2020-09-29T17:54:50.790+0200: 0.673: [GC (Allocation Failure) [PSYoungGen: 626613K->22915K(640000K)] 626621K->23331K(2038272K), 0.0305496 secs] [Times: user=0.24 sys=0.01, real=0.03 secs] 
2020-09-29T17:54:50.875+0200: 0.759: [GC (Allocation Failure) [PSYoungGen: 604035K->43557K(636928K)] 604451K->43973K(2035200K), 0.0150801 secs] [Times: user=0.13 sys=0.00, real=0.02 secs] 
2020-09-29T17:54:50.941+0200: 0.825: [GC (Allocation Failure) [PSYoungGen: 622629K->19556K(638976K)] 623045K->19972K(2037248K), 0.0080695 secs] [Times: user=0.13 sys=0.00, real=0.01 secs] 
2020-09-29T17:54:51.001+0200: 0.884: [GC (Allocation Failure) [PSYoungGen: 598628K->38085K(640000K)] 599044K->38501K(2038272K), 0.0131111 secs] [Times: user=0.13 sys=0.00, real=0.01 secs] 
2020-09-29T17:54:51.065+0200: 0.949: [GC (Allocation Failure) [PSYoungGen: 618693K->44485K(625152K)] 619109K->44901K(2023424K), 0.0154048 secs] [Times: user=0.13 sys=0.00, real=0.02 secs] 
2020-09-29T17:54:51.132+0200: 1.016: [GC (Allocation Failure) [PSYoungGen: 625093K->36996K(640000K)] 625509K->37412K(2038272K), 0.0134095 secs] [Times: user=0.13 sys=0.00, real=0.01 secs] 
2020-09-29T17:54:51.197+0200: 1.081: [GC (Allocation Failure) [PSYoungGen: 616580K->27364K(638464K)] 616996K->27780K(2036736K), 0.0137165 secs] [Times: user=0.09 sys=0.00, real=0.01 secs] 
2020-09-29T17:54:51.266+0200: 1.149: [GC (Allocation Failure) [PSYoungGen: 606948K->46469K(636928K)] 607364K->46885K(2035200K), 0.0156392 secs] [Times: user=0.13 sys=0.00, real=0.02 secs] 
2020-09-29T17:54:51.334+0200: 1.218: [GC (Allocation Failure) [PSYoungGen: 625541K->37605K(638976K)] 625957K->38021K(2037248K), 0.0137876 secs] [Times: user=0.13 sys=0.00, real=0.01 secs] 
2020-09-29T17:54:51.399+0200: 1.282: [GC (Allocation Failure) [PSYoungGen: 616677K->28644K(641536K)] 617093K->29060K(2039808K), 0.0100949 secs] [Times: user=0.00 sys=0.00, real=0.01 secs] 
2020-09-29T17:54:51.462+0200: 1.346: [GC (Allocation Failure) [PSYoungGen: 611812K->36004K(640512K)] 612228K->36420K(2038784K), 0.0135611 secs] [Times: user=0.13 sys=0.00, real=0.01 secs] 
2020-09-29T17:54:51.528+0200: 1.411: [GC (Allocation Failure) [PSYoungGen: 619172K->44933K(640000K)] 619588K->45349K(2038272K), 0.0160369 secs] [Times: user=0.13 sys=0.00, real=0.02 secs] 
2020-09-29T17:54:51.596+0200: 1.479: [GC (Allocation Failure) [PSYoungGen: 629125K->25634K(641536K)] 629541K->26050K(2039808K), 0.0123633 secs] [Times: user=0.11 sys=0.00, real=0.01 secs] 
2020-09-29T17:54:51.660+0200: 1.544: [GC (Allocation Failure) [PSYoungGen: 609826K->35301K(644096K)] 610242K->35717K(2042368K), 0.0127562 secs] [Times: user=0.13 sys=0.00, real=0.01 secs] 
2020-09-29T17:54:51.724+0200: 1.608: [GC (Allocation Failure) [PSYoungGen: 622565K->54757K(642048K)] 622981K->62445K(2040320K), 0.0215011 secs] [Times: user=0.13 sys=0.00, real=0.02 secs] 
2020-09-29T17:54:51.797+0200: 1.681: [GC (Allocation Failure) [PSYoungGen: 642021K->47749K(627712K)] 649709K->55437K(2025984K), 0.0157368 secs] [Times: user=0.13 sys=0.00, real=0.02 secs] 
2020-09-29T17:54:51.863+0200: 1.747: [GC (Allocation Failure) [PSYoungGen: 618629K->30532K(634880K)] 626317K->38220K(2033152K), 0.0117232 secs] [Times: user=0.13 sys=0.00, real=0.01 secs] 
2020-09-29T17:54:51.923+0200: 1.807: [GC (Allocation Failure) [PSYoungGen: 601412K->26948K(636416K)] 609100K->34636K(2034688K), 0.0101583 secs] [Times: user=0.13 sys=0.00, real=0.01 secs] 
2020-09-29T17:54:51.984+0200: 1.868: [GC (Allocation Failure) [PSYoungGen: 600388K->25732K(635904K)] 608076K->33420K(2034176K), 0.0098821 secs] [Times: user=0.13 sys=0.00, real=0.01 secs] 
2020-09-29T17:54:52.047+0200: 1.931: [GC (Allocation Failure) [PSYoungGen: 599172K->38661K(638464K)] 606860K->46349K(2036736K), 0.0157746 secs] [Times: user=0.11 sys=0.00, real=0.02 secs] 
2020-09-29T17:54:52.117+0200: 2.000: [GC (Allocation Failure) [PSYoungGen: 615173K->23812K(636928K)] 622861K->31500K(2035200K), 0.0098749 secs] [Times: user=0.00 sys=0.00, real=0.01 secs] 
2020-09-29T17:54:52.176+0200: 2.059: [GC (Allocation Failure) [PSYoungGen: 600324K->39268K(640000K)] 608012K->46956K(2038272K), 0.0167374 secs] [Times: user=0.23 sys=0.00, real=0.02 secs] 
2020-09-29T17:54:52.244+0200: 2.128: [GC (Allocation Failure) [PSYoungGen: 619364K->31461K(638976K)] 627052K->39149K(2037248K), 0.0105918 secs] [Times: user=0.00 sys=0.02, real=0.01 secs] 
2020-09-29T17:54:52.305+0200: 2.189: [GC (Allocation Failure) [PSYoungGen: 611557K->37285K(642560K)] 619245K->44973K(2040832K), 0.0122134 secs] [Times: user=0.13 sys=0.00, real=0.01 secs] 
2020-09-29T17:54:52.368+0200: 2.251: [GC (Allocation Failure) [PSYoungGen: 622501K->32740K(641536K)] 630189K->40428K(2039808K), 0.0116890 secs] [Times: user=0.00 sys=0.00, real=0.01 secs] 
2020-09-29T17:54:52.429+0200: 2.313: [GC (Allocation Failure) [PSYoungGen: 617956K->40996K(643584K)] 625644K->48684K(2041856K), 0.0143062 secs] [Times: user=0.13 sys=0.00, real=0.01 secs] 
2020-09-29T17:54:52.494+0200: 2.377: [GC (Allocation Failure) [PSYoungGen: 630308K->28741K(644096K)] 637996K->36429K(2042368K), 0.0102451 secs] [Times: user=0.00 sys=0.00, real=0.01 secs] 
2020-09-29T17:54:52.555+0200: 2.439: [GC (Allocation Failure) [PSYoungGen: 618053K->43781K(642048K)] 625741K->51469K(2040320K), 0.0163877 secs] [Times: user=0.11 sys=0.00, real=0.02 secs] 
2020-09-29T17:54:52.624+0200: 2.508: [GC (Allocation Failure) [PSYoungGen: 632069K->30308K(643584K)] 639757K->37996K(2041856K), 0.0111982 secs] [Times: user=0.13 sys=0.00, real=0.01 secs] 
2020-09-29T17:54:52.686+0200: 2.570: [GC (Allocation Failure) [PSYoungGen: 618596K->30372K(645632K)] 626284K->38060K(2043904K), 0.0115803 secs] [Times: user=0.13 sys=0.00, real=0.01 secs] 
2020-09-29T17:54:52.753+0200: 2.636: [GC (Allocation Failure) [PSYoungGen: 621732K->33829K(644608K)] 629420K->41517K(2042880K), 0.0116944 secs] [Times: user=0.13 sys=0.00, real=0.01 secs] 
2020-09-29T17:54:52.818+0200: 2.702: [GC (Allocation Failure) [PSYoungGen: 625189K->50981K(638976K)] 632877K->58669K(2037248K), 0.0173759 secs] [Times: user=0.11 sys=0.01, real=0.02 secs] 
2020-09-29T17:54:52.887+0200: 2.770: [GC (Allocation Failure) [PSYoungGen: 638245K->22820K(610304K)] 645933K->30508K(2008576K), 0.0090403 secs] [Times: user=0.13 sys=0.00, real=0.01 secs] 
2020-09-29T17:54:52.948+0200: 2.832: [GC (Allocation Failure) [PSYoungGen: 610084K->35877K(644096K)] 617772K->43565K(2042368K), 0.0143624 secs] [Times: user=0.13 sys=0.00, real=0.02 secs] 
2020-09-29T17:54:53.015+0200: 2.898: [GC (Allocation Failure) [PSYoungGen: 623653K->49413K(637440K)] 631341K->57101K(2035712K), 0.0172813 secs] [Times: user=0.13 sys=0.00, real=0.02 secs] 
2020-09-29T17:54:53.083+0200: 2.966: [GC (Allocation Failure) [PSYoungGen: 637189K->35685K(643072K)] 644877K->43373K(2041344K), 0.0117422 secs] [Times: user=0.00 sys=0.00, real=0.01 secs] 
2020-09-29T17:54:53.147+0200: 3.031: [GC (Allocation Failure) [PSYoungGen: 620901K->32965K(641024K)] 628589K->40653K(2039296K), 0.0113096 secs] [Times: user=0.00 sys=0.00, real=0.01 secs] 
2020-09-29T17:54:53.211+0200: 3.094: [GC (Allocation Failure) [PSYoungGen: 618181K->43941K(642048K)] 625869K->51629K(2040320K), 0.0187368 secs] [Times: user=0.11 sys=0.00, real=0.02 secs] 
2020-09-29T17:54:53.280+0200: 3.164: [GC (Allocation Failure) [PSYoungGen: 631205K->29316K(643072K)] 638893K->37004K(2041344K), 0.0108084 secs] [Times: user=0.13 sys=0.00, real=0.01 secs] 
2020-09-29T17:54:53.344+0200: 3.228: [GC (Allocation Failure) [PSYoungGen: 616580K->42341K(642560K)] 624268K->50029K(2040832K), 0.0147612 secs] [Times: user=0.13 sys=0.00, real=0.01 secs] 
2020-09-29T17:54:53.412+0200: 3.296: [GC (Allocation Failure) [PSYoungGen: 629605K->41733K(643072K)] 637293K->49421K(2041344K), 0.0143051 secs] [Times: user=0.13 sys=0.00, real=0.01 secs] 
2020-09-29T17:54:53.479+0200: 3.363: [GC (Allocation Failure) [PSYoungGen: 628997K->40037K(644096K)] 636685K->47725K(2042368K), 0.0141015 secs] [Times: user=0.13 sys=0.00, real=0.01 secs] 
2020-09-29T17:54:53.548+0200: 3.432: [GC (Allocation Failure) [PSYoungGen: 628325K->26597K(643072K)] 636013K->34285K(2041344K), 0.0091874 secs] [Times: user=0.13 sys=0.00, real=0.01 secs] 
2020-09-29T17:54:53.614+0200: 3.498: [GC (Allocation Failure) [PSYoungGen: 614885K->38852K(644608K)] 622573K->46540K(2042880K), 0.0171599 secs] [Times: user=0.11 sys=0.00, real=0.02 secs] 
2020-09-29T17:54:53.685+0200: 3.569: [GC (Allocation Failure) [PSYoungGen: 628676K->25540K(644096K)] 636364K->33228K(2042368K), 0.0119004 secs] [Times: user=0.11 sys=0.00, real=0.01 secs] 
2020-09-29T17:54:53.751+0200: 3.635: [GC (Allocation Failure) [PSYoungGen: 615364K->41221K(644608K)] 623052K->48909K(2042880K), 0.0156907 secs] [Times: user=0.13 sys=0.00, real=0.02 secs] 
2020-09-29T17:54:53.818+0200: 3.702: [GC (Allocation Failure) [PSYoungGen: 631557K->43621K(634368K)] 639245K->51309K(2032640K), 0.0150664 secs] [Times: user=0.13 sys=0.00, real=0.01 secs] 
2020-09-29T17:54:53.884+0200: 3.768: [GC (Allocation Failure) [PSYoungGen: 633957K->44325K(641536K)] 641645K->52013K(2039808K), 0.0152343 secs] [Times: user=0.13 sys=0.00, real=0.01 secs] 
2020-09-29T17:54:53.950+0200: 3.834: [GC (Allocation Failure) [PSYoungGen: 630565K->27780K(642560K)] 638253K->35468K(2040832K), 0.0105371 secs] [Times: user=0.13 sys=0.00, real=0.01 secs] 
2020-09-29T17:54:54.012+0200: 3.896: [GC (Allocation Failure) [PSYoungGen: 614020K->39845K(643584K)] 621708K->47533K(2041856K), 0.0138733 secs] [Times: user=0.13 sys=0.00, real=0.01 secs] 
2020-09-29T17:54:54.078+0200: 3.962: [GC (Allocation Failure) [PSYoungGen: 627109K->23972K(642560K)] 634797K->31660K(2040832K), 0.0092015 secs] [Times: user=0.13 sys=0.00, real=0.01 secs] 
2020-09-29T17:54:54.142+0200: 4.026: [GC (Allocation Failure) [PSYoungGen: 611236K->37061K(644608K)] 618924K->44749K(2042880K), 0.0127498 secs] [Times: user=0.13 sys=0.00, real=0.01 secs] 
2020-09-29T17:54:54.208+0200: 4.092: [GC (Allocation Failure) [PSYoungGen: 625861K->24132K(643072K)] 633549K->31820K(2041344K), 0.0113297 secs] [Times: user=0.00 sys=0.00, real=0.01 secs] 
2020-09-29T17:54:54.274+0200: 4.158: [GC (Allocation Failure) [PSYoungGen: 612932K->37188K(645632K)] 620620K->44876K(2043904K), 0.0133512 secs] [Times: user=0.13 sys=0.00, real=0.01 secs] 
2020-09-29T17:54:54.338+0200: 4.222: [GC (Allocation Failure) [PSYoungGen: 628548K->24772K(644608K)] 636236K->32460K(2042880K), 0.0097661 secs] [Times: user=0.00 sys=0.02, real=0.01 secs] 
2020-09-29T17:54:54.398+0200: 4.282: [GC (Allocation Failure) [PSYoungGen: 616132K->40772K(644608K)] 623820K->48460K(2042880K), 0.0145956 secs] [Times: user=0.13 sys=0.00, real=0.02 secs] 
2020-09-29T17:54:54.463+0200: 4.347: [GC (Allocation Failure) [PSYoungGen: 632132K->30404K(645120K)] 639820K->38092K(2043392K), 0.0112734 secs] [Times: user=0.13 sys=0.00, real=0.01 secs] 
2020-09-29T17:54:54.525+0200: 4.409: [GC (Allocation Failure) [PSYoungGen: 621764K->47461K(640000K)] 629452K->55149K(2038272K), 0.0158666 secs] [Times: user=0.13 sys=0.00, real=0.02 secs] 
2020-09-29T17:54:54.594+0200: 4.477: [GC (Allocation Failure) [PSYoungGen: 634725K->33157K(643072K)] 642413K->40845K(2041344K), 0.0130557 secs] [Times: user=0.11 sys=0.00, real=0.01 secs] 
2020-09-29T17:54:54.661+0200: 4.544: [GC (Allocation Failure) [PSYoungGen: 620421K->46181K(640512K)] 628109K->53869K(2038784K), 0.0160847 secs] [Times: user=0.13 sys=0.00, real=0.02 secs] 
2020-09-29T17:54:54.728+0200: 4.611: [GC (Allocation Failure) [PSYoungGen: 632421K->44549K(631296K)] 640109K->52237K(2029568K), 0.0150699 secs] [Times: user=0.13 sys=0.00, real=0.02 secs] 
2020-09-29T17:54:54.794+0200: 4.677: [GC (Allocation Failure) [PSYoungGen: 630789K->26659K(641536K)] 638477K->34347K(2039808K), 0.0108286 secs] [Times: user=0.13 sys=0.00, real=0.01 secs] 
2020-09-29T17:54:54.857+0200: 4.740: [GC (Allocation Failure) [PSYoungGen: 610851K->36581K(641536K)] 618539K->44269K(2039808K), 0.0124627 secs] [Times: user=0.13 sys=0.00, real=0.01 secs] 
2020-09-29T17:54:54.921+0200: 4.805: [GC (Allocation Failure) [PSYoungGen: 620773K->45220K(640512K)] 628461K->52908K(2038784K), 0.0159524 secs] [Times: user=0.13 sys=0.00, real=0.02 secs] 
2020-09-29T17:54:54.987+0200: 4.871: [GC (Allocation Failure) [PSYoungGen: 630436K->42501K(642048K)] 638124K->50189K(2040320K), 0.0144128 secs] [Times: user=0.11 sys=0.00, real=0.02 secs] 
2020-09-29T17:54:55.053+0200: 4.936: [GC (Allocation Failure) [PSYoungGen: 627717K->23620K(641024K)] 635405K->31308K(2039296K), 0.0096054 secs] [Times: user=0.00 sys=0.00, real=0.01 secs] 
2020-09-29T17:54:55.114+0200: 4.997: [GC (Allocation Failure) [PSYoungGen: 607812K->47269K(631808K)] 615500K->54957K(2030080K), 0.0163851 secs] [Times: user=0.13 sys=0.00, real=0.02 secs] 
2020-09-29T17:54:55.180+0200: 5.063: [GC (Allocation Failure) [PSYoungGen: 631461K->43525K(639488K)] 639149K->51213K(2037760K), 0.0181026 secs] [Times: user=0.11 sys=0.00, real=0.02 secs] 
2020-09-29T17:54:55.250+0200: 5.133: [GC (Allocation Failure) [PSYoungGen: 623621K->35717K(639488K)] 631309K->43405K(2037760K), 0.0118886 secs] [Times: user=0.13 sys=0.00, real=0.01 secs] 
2020-09-29T17:54:55.311+0200: 5.195: [GC (Allocation Failure) [PSYoungGen: 615813K->27813K(641536K)] 623501K->35501K(2039808K), 0.0090517 secs] [Times: user=0.13 sys=0.00, real=0.01 secs] 
2020-09-29T17:54:55.371+0200: 5.254: [GC (Allocation Failure) [PSYoungGen: 611493K->37349K(641024K)] 619181K->45037K(2039296K), 0.0129207 secs] [Times: user=0.13 sys=0.00, real=0.01 secs] 
2020-09-29T17:54:55.435+0200: 5.319: [GC (Allocation Failure) [PSYoungGen: 621029K->33028K(644608K)] 628717K->40716K(2042880K), 0.0122857 secs] [Times: user=0.13 sys=0.00, real=0.01 secs] 
2020-09-29T17:54:55.499+0200: 5.382: [GC (Allocation Failure) [PSYoungGen: 621828K->33893K(643072K)] 629516K->41581K(2041344K), 0.0121258 secs] [Times: user=0.13 sys=0.00, real=0.01 secs] 
2020-09-29T17:54:55.566+0200: 5.450: [GC (Allocation Failure) [PSYoungGen: 622693K->33508K(647168K)] 630381K->41196K(2045440K), 0.0120983 secs] [Times: user=0.11 sys=0.00, real=0.01 secs] 
2020-09-29T17:54:55.633+0200: 5.516: [GC (Allocation Failure) [PSYoungGen: 627428K->39461K(645632K)] 635116K->47149K(2043904K), 0.0161634 secs] [Times: user=0.11 sys=0.00, real=0.02 secs] 
2020-09-29T17:54:55.700+0200: 5.584: [GC (Allocation Failure) [PSYoungGen: 633381K->30212K(647680K)] 641069K->37900K(2045952K), 0.0113598 secs] [Times: user=0.13 sys=0.00, real=0.01 secs] 
2020-09-29T17:54:55.763+0200: 5.646: [GC (Allocation Failure) [PSYoungGen: 626180K->38309K(647168K)] 633868K->45997K(2045440K), 0.0134259 secs] [Times: user=0.13 sys=0.00, real=0.01 secs] 
2020-09-29T17:54:55.830+0200: 5.713: [GC (Allocation Failure) [PSYoungGen: 634277K->32645K(649216K)] 641965K->40333K(2047488K), 0.0114091 secs] [Times: user=0.13 sys=0.00, real=0.01 secs] 
2020-09-29T17:54:55.894+0200: 5.777: [GC (Allocation Failure) [PSYoungGen: 631173K->29572K(648192K)] 638861K->37260K(2046464K), 0.0109319 secs] [Times: user=0.13 sys=0.00, real=0.01 secs] 
2020-09-29T17:54:55.959+0200: 5.842: [GC (Allocation Failure) [PSYoungGen: 628100K->39812K(648704K)] 635788K->47500K(2046976K), 0.0142788 secs] [Times: user=0.00 sys=0.00, real=0.01 secs] 
2020-09-29T17:54:56.025+0200: 5.909: [GC (Allocation Failure) [PSYoungGen: 639364K->37829K(649216K)] 647052K->45517K(2047488K), 0.0124620 secs] [Times: user=0.13 sys=0.00, real=0.01 secs] 
2020-09-29T17:54:56.095+0200: 5.979: [GC (Allocation Failure) [PSYoungGen: 637381K->49125K(642560K)] 645069K->57109K(2040832K), 0.0177110 secs] [Times: user=0.13 sys=0.00, real=0.02 secs] 
2020-09-29T17:54:56.165+0200: 6.048: [GC (Allocation Failure) [PSYoungGen: 642533K->40484K(646144K)] 650517K->48468K(2044416K), 0.0139592 secs] [Times: user=0.13 sys=0.00, real=0.01 secs] 
2020-09-29T17:54:56.233+0200: 6.116: [GC (Allocation Failure) [PSYoungGen: 633892K->31652K(646656K)] 641876K->39636K(2044928K), 0.0116063 secs] [Times: user=0.13 sys=0.00, real=0.01 secs] 
2020-09-29T17:54:56.296+0200: 6.180: [GC (Allocation Failure) [PSYoungGen: 625572K->51301K(645632K)] 633556K->59285K(2043904K), 0.0172239 secs] [Times: user=0.13 sys=0.00, real=0.02 secs] 
2020-09-29T17:54:56.366+0200: 6.249: [GC (Allocation Failure) [PSYoungGen: 645221K->28772K(640512K)] 653205K->36756K(2038784K), 0.0101370 secs] [Times: user=0.00 sys=0.00, real=0.01 secs] 
2020-09-29T17:54:56.428+0200: 6.311: [GC (Allocation Failure) [PSYoungGen: 616036K->28036K(643072K)] 624020K->36020K(2041344K), 0.0097847 secs] [Times: user=0.00 sys=0.00, real=0.01 secs] 
2020-09-29T17:54:56.496+0200: 6.379: [GC (Allocation Failure) [PSYoungGen: 615300K->25476K(643072K)] 623284K->33460K(2041344K), 0.0100958 secs] [Times: user=0.13 sys=0.00, real=0.01 secs] 
2020-09-29T17:54:56.560+0200: 6.444: [GC (Allocation Failure) [PSYoungGen: 612740K->38469K(643072K)] 620724K->46453K(2041344K), 0.0138715 secs] [Times: user=0.13 sys=0.00, real=0.01 secs] 
2020-09-29T17:54:56.629+0200: 6.513: [GC (Allocation Failure) [PSYoungGen: 625733K->37637K(645120K)] 633717K->45621K(2043392K), 0.0145550 secs] [Times: user=0.11 sys=0.00, real=0.02 secs] 
2020-09-29T17:54:56.695+0200: 6.578: [GC (Allocation Failure) [PSYoungGen: 627973K->39365K(644096K)] 635957K->47349K(2042368K), 0.0130553 secs] [Times: user=0.13 sys=0.00, real=0.01 secs] 
2020-09-29T17:54:56.760+0200: 6.643: [GC (Allocation Failure) [PSYoungGen: 629701K->41541K(645632K)] 637685K->49525K(2043904K), 0.0145583 secs] [Times: user=0.13 sys=0.00, real=0.01 secs] 
2020-09-29T17:54:56.826+0200: 6.709: [GC (Allocation Failure) [PSYoungGen: 633925K->32356K(645632K)] 641909K->40340K(2043904K), 0.0120020 secs] [Times: user=0.13 sys=0.00, real=0.01 secs] 
2020-09-29T17:54:56.888+0200: 6.772: [GC (Allocation Failure) [PSYoungGen: 624740K->21604K(645120K)] 632724K->29588K(2043392K), 0.0080009 secs] [Times: user=0.13 sys=0.00, real=0.01 secs] 
2020-09-29T17:54:56.947+0200: 6.831: [GC (Allocation Failure) [PSYoungGen: 613988K->26085K(645632K)] 621972K->34069K(2043904K), 0.0093340 secs] [Times: user=0.00 sys=0.00, real=0.01 secs] 
2020-09-29T17:54:57.012+0200: 6.896: [GC (Allocation Failure) [PSYoungGen: 618469K->44197K(642560K)] 626453K->52181K(2040832K), 0.0152568 secs] [Times: user=0.13 sys=0.00, real=0.01 secs] 
2020-09-29T17:54:57.078+0200: 6.961: [GC (Allocation Failure) [PSYoungGen: 633509K->31877K(644096K)] 641493K->39861K(2042368K), 0.0105076 secs] [Times: user=0.13 sys=0.00, real=0.01 secs] 
2020-09-29T17:54:57.145+0200: 7.028: [GC (Allocation Failure) [PSYoungGen: 621189K->33285K(647168K)] 629173K->41269K(2045440K), 0.0139925 secs] [Times: user=0.00 sys=0.00, real=0.01 secs] 
2020-09-29T17:54:57.213+0200: 7.096: [GC (Allocation Failure) [PSYoungGen: 626693K->38757K(645120K)] 634677K->46741K(2043392K), 0.0134484 secs] [Times: user=0.13 sys=0.00, real=0.01 secs] 
2020-09-29T17:54:57.279+0200: 7.162: [GC (Allocation Failure) [PSYoungGen: 632165K->43300K(644096K)] 640149K->51284K(2042368K), 0.0152878 secs] [Times: user=0.13 sys=0.00, real=0.01 secs] 
2020-09-29T17:54:57.345+0200: 7.229: [GC (Allocation Failure) [PSYoungGen: 635684K->53221K(645632K)] 643668K->69373K(2043904K), 0.0216125 secs] [Times: user=0.23 sys=0.02, real=0.02 secs] 
2020-09-29T17:54:57.418+0200: 7.302: [GC (Allocation Failure) [PSYoungGen: 645605K->38436K(634368K)] 661757K->54588K(2032640K), 0.0139847 secs] [Times: user=0.13 sys=0.00, real=0.01 secs] 
2020-09-29T17:54:57.482+0200: 7.366: [GC (Allocation Failure) [PSYoungGen: 619556K->45285K(626688K)] 635708K->61437K(2024960K), 0.0154522 secs] [Times: user=0.13 sys=0.00, real=0.02 secs] 
2020-09-29T17:54:57.549+0200: 7.432: [GC (Allocation Failure) [PSYoungGen: 626405K->37573K(641536K)] 642557K->53725K(2039808K), 0.0134210 secs] [Times: user=0.13 sys=0.00, real=0.01 secs] 
2020-09-29T17:54:57.615+0200: 7.499: [GC (Allocation Failure) [PSYoungGen: 619717K->31813K(639488K)] 635869K->47965K(2037760K), 0.0117852 secs] [Times: user=0.00 sys=0.00, real=0.01 secs] 
2020-09-29T17:54:57.678+0200: 7.561: [GC (Allocation Failure) [PSYoungGen: 613957K->39749K(643072K)] 630109K->55901K(2041344K), 0.0135990 secs] [Times: user=0.00 sys=0.00, real=0.01 secs] 
2020-09-29T17:54:57.741+0200: 7.625: [GC (Allocation Failure) [PSYoungGen: 625989K->21060K(642048K)] 642141K->37212K(2040320K), 0.0084019 secs] [Times: user=0.00 sys=0.00, real=0.01 secs] 
2020-09-29T17:54:57.801+0200: 7.684: [GC (Allocation Failure) [PSYoungGen: 607300K->46821K(637952K)] 623452K->62973K(2036224K), 0.0162426 secs] [Times: user=0.11 sys=0.02, real=0.02 secs] 
2020-09-29T17:54:57.867+0200: 7.750: [GC (Allocation Failure) [PSYoungGen: 627941K->40037K(640000K)] 644093K->56189K(2038272K), 0.0134281 secs] [Times: user=0.13 sys=0.00, real=0.01 secs] 
2020-09-29T17:54:57.934+0200: 7.817: [GC (Allocation Failure) [PSYoungGen: 621157K->46885K(638464K)] 637309K->63037K(2036736K), 0.0160899 secs] [Times: user=0.13 sys=0.00, real=0.02 secs] 
2020-09-29T17:54:58.000+0200: 7.884: [GC (Allocation Failure) [PSYoungGen: 628005K->39428K(640000K)] 644157K->55580K(2038272K), 0.0146133 secs] [Times: user=0.13 sys=0.00, real=0.02 secs] 
2020-09-29T17:54:58.064+0200: 7.948: [GC (Allocation Failure) [PSYoungGen: 620548K->32581K(642560K)] 636700K->48733K(2040832K), 0.0113413 secs] [Times: user=0.13 sys=0.00, real=0.01 secs] 
2020-09-29T17:54:58.127+0200: 8.011: [GC (Allocation Failure) [PSYoungGen: 617797K->43557K(641536K)] 633949K->59709K(2039808K), 0.0149896 secs] [Times: user=0.13 sys=0.00, real=0.01 secs] 
2020-09-29T17:54:58.196+0200: 8.079: [GC (Allocation Failure) [PSYoungGen: 628773K->40933K(643072K)] 644925K->57085K(2041344K), 0.0197555 secs] [Times: user=0.11 sys=0.00, real=0.02 secs] 
2020-09-29T17:54:58.268+0200: 8.151: [GC (Allocation Failure) [PSYoungGen: 627685K->39076K(642560K)] 643837K->55228K(2040832K), 0.0137710 secs] [Times: user=0.13 sys=0.00, real=0.01 secs] 
2020-09-29T17:54:58.332+0200: 8.216: [GC (Allocation Failure) [PSYoungGen: 625828K->37957K(646144K)] 641980K->54109K(2044416K), 0.0130369 secs] [Times: user=0.13 sys=0.00, real=0.01 secs] 
2020-09-29T17:54:58.396+0200: 8.280: [GC (Allocation Failure) [PSYoungGen: 629829K->27652K(644608K)] 645981K->43804K(2042880K), 0.0096023 secs] [Times: user=0.00 sys=0.00, real=0.01 secs] 
2020-09-29T17:54:58.459+0200: 8.343: [GC (Allocation Failure) [PSYoungGen: 619524K->45285K(642560K)] 635676K->61437K(2040832K), 0.0157026 secs] [Times: user=0.13 sys=0.00, real=0.02 secs] 
2020-09-29T17:54:58.525+0200: 8.409: [GC (Allocation Failure) [PSYoungGen: 634597K->32997K(644096K)] 650749K->49149K(2042368K), 0.0113388 secs] [Times: user=0.13 sys=0.00, real=0.01 secs] 
2020-09-29T17:54:58.589+0200: 8.472: [GC (Allocation Failure) [PSYoungGen: 622309K->34405K(646144K)] 638461K->50557K(2044416K), 0.0117657 secs] [Times: user=0.11 sys=0.00, real=0.01 secs] 
2020-09-29T17:54:58.653+0200: 8.537: [GC (Allocation Failure) [PSYoungGen: 626789K->52549K(645120K)] 642941K->68701K(2043392K), 0.0177089 secs] [Times: user=0.13 sys=0.00, real=0.02 secs] 
2020-09-29T17:54:58.725+0200: 8.609: [GC (Allocation Failure) [PSYoungGen: 644933K->29572K(638976K)] 661085K->45724K(2037248K), 0.0138364 secs] [Times: user=0.13 sys=0.00, real=0.01 secs] 
2020-09-29T17:54:58.792+0200: 8.675: [GC (Allocation Failure) [PSYoungGen: 614788K->25155K(610816K)] 630940K->41307K(2009088K), 0.0114192 secs] [Times: user=0.13 sys=0.00, real=0.01 secs] 
2020-09-29T17:54:58.856+0200: 8.740: [GC (Allocation Failure) [PSYoungGen: 610371K->35364K(643584K)] 626523K->51516K(2041856K), 0.0135374 secs] [Times: user=0.13 sys=0.00, real=0.01 secs] 
2020-09-29T17:54:58.920+0200: 8.804: [GC (Allocation Failure) [PSYoungGen: 621604K->31908K(641536K)] 637756K->48060K(2039808K), 0.0115841 secs] [Times: user=0.13 sys=0.00, real=0.01 secs] 
2020-09-29T17:54:58.982+0200: 8.866: [GC (Allocation Failure) [PSYoungGen: 618148K->43781K(642560K)] 634300K->59933K(2040832K), 0.0146079 secs] [Times: user=0.13 sys=0.00, real=0.01 secs] 
2020-09-29T17:54:59.047+0200: 8.931: [GC (Allocation Failure) [PSYoungGen: 632069K->13090K(601600K)] 648221K->29242K(1999872K), 0.0062368 secs] [Times: user=0.13 sys=0.00, real=0.01 secs] 
2020-09-29T17:54:59.104+0200: 8.988: [GC (Allocation Failure) [PSYoungGen: 601378K->54501K(630784K)] 617530K->70653K(2029056K), 0.0200190 secs] [Times: user=0.13 sys=0.00, real=0.02 secs] 
2020-09-29T17:54:59.174+0200: 9.058: [GC (Allocation Failure) [PSYoungGen: 627429K->39493K(635904K)] 643581K->55645K(2034176K), 0.0139538 secs] [Times: user=0.13 sys=0.00, real=0.01 secs] 
2020-09-29T17:54:59.240+0200: 9.124: [GC (Allocation Failure) [PSYoungGen: 612421K->37892K(639488K)] 628573K->54044K(2037760K), 0.0143609 secs] [Times: user=0.13 sys=0.00, real=0.02 secs] 
2020-09-29T17:54:59.305+0200: 9.189: [GC (Allocation Failure) [PSYoungGen: 615940K->27460K(637440K)] 632092K->43612K(2035712K), 0.0101664 secs] [Times: user=0.00 sys=0.00, real=0.01 secs] 
2020-09-29T17:54:59.364+0200: 9.248: [GC (Allocation Failure) [PSYoungGen: 605508K->31237K(641536K)] 621660K->47389K(2039808K), 0.0098636 secs] [Times: user=0.00 sys=0.00, real=0.01 secs] 
2020-09-29T17:54:59.432+0200: 9.316: [GC (Allocation Failure) [PSYoungGen: 614405K->24996K(640512K)] 630557K->41148K(2038784K), 0.0098328 secs] [Times: user=0.13 sys=0.00, real=0.01 secs] 
2020-09-29T17:54:59.492+0200: 9.376: [GC (Allocation Failure) [PSYoungGen: 608164K->33732K(644096K)] 624316K->49884K(2042368K), 0.0124544 secs] [Times: user=0.00 sys=0.00, real=0.01 secs] 
2020-09-29T17:54:59.555+0200: 9.439: [GC (Allocation Failure) [PSYoungGen: 620996K->46789K(634368K)] 637148K->62941K(2032640K), 0.0157332 secs] [Times: user=0.13 sys=0.00, real=0.02 secs] 
2020-09-29T17:54:59.624+0200: 9.507: [GC (Allocation Failure) [PSYoungGen: 634053K->46181K(638464K)] 650205K->62333K(2036736K), 0.0197006 secs] [Times: user=0.11 sys=0.00, real=0.02 secs] 
2020-09-29T17:54:59.693+0200: 9.577: [GC (Allocation Failure) [PSYoungGen: 627301K->25092K(640000K)] 643453K->41244K(2038272K), 0.0089815 secs] [Times: user=0.00 sys=0.00, real=0.01 secs] 
2020-09-29T17:54:59.752+0200: 9.636: [GC (Allocation Failure) [PSYoungGen: 606212K->31076K(641536K)] 622364K->47228K(2039808K), 0.0114934 secs] [Times: user=0.13 sys=0.00, real=0.01 secs] 
2020-09-29T17:54:59.814+0200: 9.698: [GC (Allocation Failure) [PSYoungGen: 613732K->38276K(640000K)] 629884K->54428K(2038272K), 0.0138164 secs] [Times: user=0.13 sys=0.00, real=0.01 secs] 
2020-09-29T17:54:59.878+0200: 9.762: [GC (Allocation Failure) [PSYoungGen: 620932K->32964K(644096K)] 637084K->49116K(2042368K), 0.0120449 secs] [Times: user=0.13 sys=0.00, real=0.01 secs] 
2020-09-29T17:54:59.940+0200: 9.824: [GC (Allocation Failure) [PSYoungGen: 620740K->46469K(634368K)] 636892K->62621K(2032640K), 0.0155254 secs] [Times: user=0.13 sys=0.00, real=0.02 secs] 
2020-09-29T17:55:00.007+0200: 9.890: [GC (Allocation Failure) [PSYoungGen: 634245K->30819K(643072K)] 650397K->46971K(2041344K), 0.0145837 secs] [Times: user=0.11 sys=0.00, real=0.01 secs] 
2020-09-29T17:55:00.071+0200: 9.955: [GC (Allocation Failure) [PSYoungGen: 617059K->28933K(642048K)] 633211K->45085K(2040320K), 0.0099533 secs] [Times: user=0.00 sys=0.00, real=0.01 secs] 
2020-09-29T17:55:00.133+0200: 10.016: [GC (Allocation Failure) [PSYoungGen: 615173K->25924K(644096K)] 631325K->42076K(2042368K), 0.0100732 secs] [Times: user=0.00 sys=0.00, real=0.01 secs] 
2020-09-29T17:55:00.195+0200: 10.078: [GC (Allocation Failure) [PSYoungGen: 615236K->40965K(630784K)] 631388K->57117K(2029056K), 0.0188760 secs] [Times: user=0.09 sys=0.00, real=0.02 secs] 
2020-09-29T17:55:00.267+0200: 10.150: [GC (Allocation Failure) [PSYoungGen: 630277K->42373K(642560K)] 646429K->58525K(2040832K), 0.0164400 secs] [Times: user=0.11 sys=0.00, real=0.02 secs] 
2020-09-29T17:55:00.334+0200: 10.217: [GC (Allocation Failure) [PSYoungGen: 629637K->41701K(629248K)] 645789K->57853K(2027520K), 0.0139906 secs] [Times: user=0.00 sys=0.00, real=0.01 secs] 
2020-09-29T17:55:00.399+0200: 10.283: [GC (Allocation Failure) [PSYoungGen: 628965K->26277K(643072K)] 645117K->42429K(2041344K), 0.0086867 secs] [Times: user=0.00 sys=0.00, real=0.01 secs] 
2020-09-29T17:55:00.461+0200: 10.345: [GC (Allocation Failure) [PSYoungGen: 613029K->38853K(642560K)] 629181K->55005K(2040832K), 0.0134557 secs] [Times: user=0.13 sys=0.00, real=0.01 secs] 
2020-09-29T17:55:00.528+0200: 10.412: [GC (Allocation Failure) [PSYoungGen: 625605K->36227K(645632K)] 641757K->52379K(2043904K), 0.0139950 secs] [Times: user=0.11 sys=0.00, real=0.01 secs] 
2020-09-29T17:55:00.595+0200: 10.478: [GC (Allocation Failure) [PSYoungGen: 626563K->38661K(643584K)] 642715K->54813K(2041856K), 0.0140424 secs] [Times: user=0.11 sys=0.00, real=0.01 secs] 
2020-09-29T17:55:00.665+0200: 10.549: [GC (Allocation Failure) [PSYoungGen: 628997K->25317K(646144K)] 645149K->41469K(2044416K), 0.0094075 secs] [Times: user=0.00 sys=0.00, real=0.01 secs] 
2020-09-29T17:55:00.727+0200: 10.611: [GC (Allocation Failure) [PSYoungGen: 618725K->44549K(638464K)] 634877K->60701K(2036736K), 0.0158602 secs] [Times: user=0.13 sys=0.00, real=0.02 secs] 
2020-09-29T17:55:00.796+0200: 10.680: [GC (Allocation Failure) [PSYoungGen: 637957K->19044K(642048K)] 654109K->35196K(2040320K), 0.0081360 secs] [Times: user=0.13 sys=0.00, real=0.01 secs] 
2020-09-29T17:55:00.861+0200: 10.745: [GC (Allocation Failure) [PSYoungGen: 606308K->17507K(605184K)] 622460K->33659K(2003456K), 0.0081515 secs] [Times: user=0.11 sys=0.00, real=0.01 secs] 
2020-09-29T17:55:00.920+0200: 10.804: [GC (Allocation Failure) [PSYoungGen: 604771K->29924K(644608K)] 620923K->46076K(2042880K), 0.0113057 secs] [Times: user=0.13 sys=0.00, real=0.01 secs] 
2020-09-29T17:55:00.981+0200: 10.865: [GC (Allocation Failure) [PSYoungGen: 618212K->42148K(642560K)] 634364K->58300K(2040832K), 0.0148984 secs] [Times: user=0.13 sys=0.00, real=0.02 secs] 
2020-09-29T17:55:01.047+0200: 10.931: [GC (Allocation Failure) [PSYoungGen: 630436K->42501K(640000K)] 646588K->58653K(2038272K), 0.0146581 secs] [Times: user=0.13 sys=0.00, real=0.02 secs] 
2020-09-29T17:55:01.114+0200: 10.998: [GC (Allocation Failure) [PSYoungGen: 626693K->23716K(641536K)] 642845K->39868K(2039808K), 0.0090118 secs] [Times: user=0.00 sys=0.00, real=0.01 secs] 
2020-09-29T17:55:01.174+0200: 11.058: [GC (Allocation Failure) [PSYoungGen: 607908K->47365K(636928K)] 624060K->63517K(2035200K), 0.0158590 secs] [Times: user=0.13 sys=0.00, real=0.02 secs] 
2020-09-29T17:55:01.242+0200: 11.126: [GC (Allocation Failure) [PSYoungGen: 627461K->25220K(639488K)] 643613K->41372K(2037760K), 0.0101966 secs] [Times: user=0.00 sys=0.00, real=0.01 secs] 
2020-09-29T17:55:01.308+0200: 11.191: [GC (Allocation Failure) [PSYoungGen: 605316K->44741K(636928K)] 621468K->60893K(2035200K), 0.0155341 secs] [Times: user=0.13 sys=0.00, real=0.01 secs] 
2020-09-29T17:55:01.373+0200: 11.256: [GC (Allocation Failure) [PSYoungGen: 622789K->34244K(638464K)] 638941K->50396K(2036736K), 0.0122617 secs] [Times: user=0.13 sys=0.00, real=0.01 secs] 
2020-09-29T17:55:01.437+0200: 11.321: [GC (Allocation Failure) [PSYoungGen: 612292K->38149K(642048K)] 628444K->54301K(2040320K), 0.0147467 secs] [Times: user=0.09 sys=0.00, real=0.01 secs] 
2020-09-29T17:55:01.503+0200: 11.387: [GC (Allocation Failure) [PSYoungGen: 622341K->32900K(641024K)] 638493K->49052K(2039296K), 0.0118384 secs] [Times: user=0.13 sys=0.00, real=0.01 secs] 
2020-09-29T17:55:01.565+0200: 11.449: [GC (Allocation Failure) [PSYoungGen: 617092K->26725K(644608K)] 633244K->42877K(2042880K), 0.0096690 secs] [Times: user=0.11 sys=0.00, real=0.01 secs] 
2020-09-29T17:55:01.628+0200: 11.511: [GC (Allocation Failure) [PSYoungGen: 616037K->28197K(643584K)] 632189K->44349K(2041856K), 0.0105242 secs] [Times: user=0.11 sys=0.00, real=0.01 secs] 
2020-09-29T17:55:01.689+0200: 11.573: [GC (Allocation Failure) [PSYoungGen: 617509K->29573K(646656K)] 633661K->45725K(2044928K), 0.0103285 secs] [Times: user=0.13 sys=0.00, real=0.01 secs] 
2020-09-29T17:55:01.754+0200: 11.637: [GC (Allocation Failure) [PSYoungGen: 622981K->17507K(645632K)] 639133K->33659K(2043904K), 0.0078508 secs] [Times: user=0.13 sys=0.00, real=0.01 secs] 
2020-09-29T17:55:01.816+0200: 11.699: [GC (Allocation Failure) [PSYoungGen: 610915K->22820K(646656K)] 627067K->38972K(2044928K), 0.0080517 secs] [Times: user=0.13 sys=0.00, real=0.01 secs] 
2020-09-29T17:55:01.874+0200: 11.758: [GC (Allocation Failure) [PSYoungGen: 616740K->25188K(646144K)] 632892K->41340K(2044416K), 0.0092169 secs] [Times: user=0.13 sys=0.00, real=0.01 secs] 
2020-09-29T17:55:01.940+0200: 11.824: [GC (Allocation Failure) [PSYoungGen: 619108K->30563K(649728K)] 635260K->46715K(2048000K), 0.0121680 secs] [Times: user=0.13 sys=0.00, real=0.01 secs] 
2020-09-29T17:55:02.004+0200: 11.887: [GC (Allocation Failure) [PSYoungGen: 629091K->25187K(647680K)] 645243K->41339K(2045952K), 0.0102467 secs] [Times: user=0.13 sys=0.00, real=0.01 secs] 
2020-09-29T17:55:02.067+0200: 11.951: [GC (Allocation Failure) [PSYoungGen: 623715K->19299K(650752K)] 639867K->35451K(2049024K), 0.0097650 secs] [Times: user=0.00 sys=0.00, real=0.01 secs] 
2020-09-29T17:55:02.130+0200: 12.014: [GC (Allocation Failure) [PSYoungGen: 621923K->33892K(650752K)] 638075K->50044K(2049024K), 0.0150409 secs] [Times: user=0.11 sys=0.00, real=0.01 secs] 
2020-09-29T17:55:02.200+0200: 12.083: [GC (Allocation Failure) [PSYoungGen: 636516K->48101K(640512K)] 652668K->64733K(2038784K), 0.0231888 secs] [Times: user=0.19 sys=0.03, real=0.02 secs] 
2020-09-29T17:55:02.274+0200: 12.158: [GC (Allocation Failure) [PSYoungGen: 640485K->39397K(631808K)] 657117K->56029K(2030080K), 0.0134998 secs] [Times: user=0.13 sys=0.00, real=0.01 secs] 
2020-09-29T17:55:02.340+0200: 12.223: [GC (Allocation Failure) [PSYoungGen: 631781K->54245K(630272K)] 648413K->74101K(2028544K), 0.0198935 secs] [Times: user=0.13 sys=0.00, real=0.02 secs] 
2020-09-29T17:55:02.409+0200: 12.293: [GC (Allocation Failure) [PSYoungGen: 630245K->30661K(637440K)] 650101K->50517K(2035712K), 0.0100642 secs] [Times: user=0.11 sys=0.00, real=0.01 secs] 
2020-09-29T17:55:02.469+0200: 12.352: [GC (Allocation Failure) [PSYoungGen: 606661K->46149K(635392K)] 626517K->66005K(2033664K), 0.0154243 secs] [Times: user=0.13 sys=0.00, real=0.01 secs] 
2020-09-29T17:55:02.534+0200: 12.417: [GC (Allocation Failure) [PSYoungGen: 622149K->34149K(637440K)] 642005K->54005K(2035712K), 0.0118891 secs] [Times: user=0.13 sys=0.00, real=0.01 secs] 
2020-09-29T17:55:02.596+0200: 12.480: [GC (Allocation Failure) [PSYoungGen: 610149K->35940K(642048K)] 630005K->55796K(2040320K), 0.0149849 secs] [Times: user=0.09 sys=0.00, real=0.02 secs] 
2020-09-29T17:55:02.664+0200: 12.547: [GC (Allocation Failure) [PSYoungGen: 619108K->29669K(640000K)] 638964K->49525K(2038272K), 0.0121761 secs] [Times: user=0.00 sys=0.00, real=0.01 secs] 
2020-09-29T17:55:02.726+0200: 12.610: [GC (Allocation Failure) [PSYoungGen: 612837K->22627K(643072K)] 632693K->42483K(2041344K), 0.0092929 secs] [Times: user=0.00 sys=0.00, real=0.01 secs] 
2020-09-29T17:55:02.786+0200: 12.669: [GC (Allocation Failure) [PSYoungGen: 609891K->35621K(643072K)] 629747K->55477K(2041344K), 0.0118153 secs] [Times: user=0.00 sys=0.00, real=0.01 secs] 
2020-09-29T17:55:02.847+0200: 12.731: [GC (Allocation Failure) [PSYoungGen: 622885K->34180K(646656K)] 642741K->54036K(2044928K), 0.0125430 secs] [Times: user=0.13 sys=0.00, real=0.01 secs] 
2020-09-29T17:55:02.911+0200: 12.794: [GC (Allocation Failure) [PSYoungGen: 626564K->52197K(644608K)] 646420K->72101K(2042880K), 0.0174444 secs] [Times: user=0.13 sys=0.00, real=0.02 secs] 
2020-09-29T17:55:02.979+0200: 12.863: [GC (Allocation Failure) [PSYoungGen: 644581K->43077K(637440K)] 664485K->62981K(2035712K), 0.0147842 secs] [Times: user=0.13 sys=0.00, real=0.01 secs] 
2020-09-29T17:55:03.044+0200: 12.927: [GC (Allocation Failure) [PSYoungGen: 626245K->36260K(641024K)] 646149K->56164K(2039296K), 0.0124165 secs] [Times: user=0.13 sys=0.00, real=0.01 secs] 
2020-09-29T17:55:03.107+0200: 12.990: [GC (Allocation Failure) [PSYoungGen: 619428K->31525K(644096K)] 639332K->51429K(2042368K), 0.0104791 secs] [Times: user=0.13 sys=0.00, real=0.01 secs] 
2020-09-29T17:55:03.169+0200: 13.052: [GC (Allocation Failure) [PSYoungGen: 619813K->45605K(634368K)] 639717K->65509K(2032640K), 0.0156398 secs] [Times: user=0.13 sys=0.00, real=0.02 secs] 
2020-09-29T17:55:03.238+0200: 13.121: [GC (Allocation Failure) [PSYoungGen: 633893K->45989K(639488K)] 653797K->65893K(2037760K), 0.0158686 secs] [Times: user=0.13 sys=0.00, real=0.02 secs] 
2020-09-29T17:55:03.305+0200: 13.188: [GC (Allocation Failure) [PSYoungGen: 629157K->41221K(641024K)] 649061K->61125K(2039296K), 0.0136802 secs] [Times: user=0.13 sys=0.00, real=0.01 secs] 
2020-09-29T17:55:03.370+0200: 13.253: [GC (Allocation Failure) [PSYoungGen: 624389K->35972K(643072K)] 644293K->55876K(2041344K), 0.0133351 secs] [Times: user=0.13 sys=0.00, real=0.01 secs] 
2020-09-29T17:55:03.434+0200: 13.317: [GC (Allocation Failure) [PSYoungGen: 621700K->33701K(641536K)] 641604K->53605K(2039808K), 0.0120131 secs] [Times: user=0.13 sys=0.00, real=0.01 secs] 
2020-09-29T17:55:03.496+0200: 13.380: [GC (Allocation Failure) [PSYoungGen: 619429K->31493K(644608K)] 639333K->51397K(2042880K), 0.0111860 secs] [Times: user=0.13 sys=0.00, real=0.01 secs] 
2020-09-29T17:55:03.558+0200: 13.441: [GC (Allocation Failure) [PSYoungGen: 621317K->33445K(644096K)] 641221K->53349K(2042368K), 0.0123935 secs] [Times: user=0.13 sys=0.00, real=0.01 secs] 
2020-09-29T17:55:03.623+0200: 13.507: [GC (Allocation Failure) [PSYoungGen: 623269K->34149K(647168K)] 643173K->54053K(2045440K), 0.0138445 secs] [Times: user=0.11 sys=0.00, real=0.01 secs] 
2020-09-29T17:55:03.689+0200: 13.572: [GC (Allocation Failure) [PSYoungGen: 628581K->26308K(646144K)] 648485K->46212K(2044416K), 0.0100483 secs] [Times: user=0.13 sys=0.00, real=0.01 secs] 
2020-09-29T17:55:03.750+0200: 13.634: [GC (Allocation Failure) [PSYoungGen: 620740K->32773K(648192K)] 640644K->52677K(2046464K), 0.0116449 secs] [Times: user=0.13 sys=0.00, real=0.01 secs] 
2020-09-29T17:55:03.813+0200: 13.697: [GC (Allocation Failure) [PSYoungGen: 629253K->27140K(647168K)] 649157K->47044K(2045440K), 0.0099739 secs] [Times: user=0.13 sys=0.00, real=0.01 secs] 
2020-09-29T17:55:03.874+0200: 13.758: [GC (Allocation Failure) [PSYoungGen: 623620K->35717K(649216K)] 643524K->55621K(2047488K), 0.0119117 secs] [Times: user=0.13 sys=0.00, real=0.01 secs] 
2020-09-29T17:55:03.938+0200: 13.821: [GC (Allocation Failure) [PSYoungGen: 634245K->31972K(648192K)] 654149K->51876K(2046464K), 0.0119812 secs] [Times: user=0.13 sys=0.00, real=0.01 secs] 
2020-09-29T17:55:04.001+0200: 13.884: [GC (Allocation Failure) [PSYoungGen: 630500K->42597K(646656K)] 650404K->62501K(2044928K), 0.0141647 secs] [Times: user=0.13 sys=0.00, real=0.01 secs] 
2020-09-29T17:55:04.066+0200: 13.950: [GC (Allocation Failure) [PSYoungGen: 641125K->23779K(622592K)] 661029K->43683K(2020864K), 0.0092999 secs] [Times: user=0.06 sys=0.02, real=0.01 secs] 
2020-09-29T17:55:04.127+0200: 14.011: [GC (Allocation Failure) [PSYoungGen: 622307K->31524K(649728K)] 642211K->51428K(2048000K), 0.0117250 secs] [Times: user=0.13 sys=0.00, real=0.01 secs] 
2020-09-29T17:55:04.195+0200: 14.078: [GC (Allocation Failure) [PSYoungGen: 630564K->42084K(648192K)] 650468K->61988K(2046464K), 0.0192766 secs] [Times: user=0.11 sys=0.00, real=0.02 secs] 
2020-09-29T17:55:04.267+0200: 14.150: [GC (Allocation Failure) [PSYoungGen: 641124K->50661K(636928K)] 661028K->73069K(2035200K), 0.0180548 secs] [Times: user=0.13 sys=0.00, real=0.02 secs] 
2020-09-29T17:55:04.335+0200: 14.218: [GC (Allocation Failure) [PSYoungGen: 636901K->37925K(642560K)] 659309K->60333K(2040832K), 0.0131101 secs] [Times: user=0.00 sys=0.00, real=0.01 secs] 
2020-09-29T17:55:04.400+0200: 14.283: [GC (Allocation Failure) [PSYoungGen: 624165K->36197K(645632K)] 646573K->58605K(2043904K), 0.0127051 secs] [Times: user=0.13 sys=0.00, real=0.01 secs] 
2020-09-29T17:55:04.463+0200: 14.346: [GC (Allocation Failure) [PSYoungGen: 627045K->38148K(644096K)] 649453K->60556K(2042368K), 0.0134047 secs] [Times: user=0.13 sys=0.00, real=0.01 secs] 
2020-09-29T17:55:04.527+0200: 14.411: [GC (Allocation Failure) [PSYoungGen: 628996K->41093K(646656K)] 651404K->63501K(2044928K), 0.0140839 secs] [Times: user=0.13 sys=0.00, real=0.01 secs] 
2020-09-29T17:55:04.593+0200: 14.477: [GC (Allocation Failure) [PSYoungGen: 635525K->20261K(614912K)] 657933K->42669K(2013184K), 0.0075333 secs] [Times: user=0.11 sys=0.00, real=0.01 secs] 
2020-09-29T17:55:04.654+0200: 14.538: [GC (Allocation Failure) [PSYoungGen: 614693K->40453K(645120K)] 637101K->62861K(2043392K), 0.0142612 secs] [Times: user=0.13 sys=0.00, real=0.01 secs] 
2020-09-29T17:55:04.720+0200: 14.603: [GC (Allocation Failure) [PSYoungGen: 631813K->29060K(645120K)] 654221K->51468K(2043392K), 0.0111778 secs] [Times: user=0.13 sys=0.00, real=0.01 secs] 
2020-09-29T17:55:04.782+0200: 14.666: [GC (Allocation Failure) [PSYoungGen: 620420K->18725K(643584K)] 642828K->41133K(2041856K), 0.0066905 secs] [Times: user=0.13 sys=0.00, real=0.01 secs] 
2020-09-29T17:55:04.839+0200: 14.723: [GC (Allocation Failure) [PSYoungGen: 609061K->34885K(644608K)] 631469K->57293K(2042880K), 0.0124882 secs] [Times: user=0.13 sys=0.00, real=0.01 secs] 
2020-09-29T17:55:04.902+0200: 14.786: [GC (Allocation Failure) [PSYoungGen: 625221K->23621K(646656K)] 647629K->46029K(2044928K), 0.0077931 secs] [Times: user=0.00 sys=0.00, real=0.01 secs] 
2020-09-29T17:55:04.967+0200: 14.851: [GC (Allocation Failure) [PSYoungGen: 617541K->43333K(637440K)] 639949K->65741K(2035712K), 0.0150314 secs] [Times: user=0.13 sys=0.00, real=0.02 secs] 
2020-09-29T17:55:05.034+0200: 14.917: [GC (Allocation Failure) [PSYoungGen: 637253K->49317K(637440K)] 659661K->71725K(2035712K), 0.0165810 secs] [Times: user=0.13 sys=0.00, real=0.02 secs] 
2020-09-29T17:55:05.100+0200: 14.984: [GC (Allocation Failure) [PSYoungGen: 632485K->44581K(628224K)] 654893K->66989K(2026496K), 0.0151659 secs] [Times: user=0.13 sys=0.00, real=0.02 secs] 
2020-09-29T17:55:05.166+0200: 15.050: [GC (Allocation Failure) [PSYoungGen: 627749K->39781K(640512K)] 650157K->62189K(2038784K), 0.0141121 secs] [Times: user=0.13 sys=0.00, real=0.01 secs] 
2020-09-29T17:55:05.233+0200: 15.116: [GC (Allocation Failure) [PSYoungGen: 620901K->46661K(628224K)] 643309K->69069K(2026496K), 0.0151389 secs] [Times: user=0.13 sys=0.00, real=0.01 secs] 
2020-09-29T17:55:05.298+0200: 15.182: [GC (Allocation Failure) [PSYoungGen: 627781K->24836K(638976K)] 650189K->47244K(2037248K), 0.0097497 secs] [Times: user=0.13 sys=0.00, real=0.01 secs] 
2020-09-29T17:55:05.358+0200: 15.242: [GC (Allocation Failure) [PSYoungGen: 603908K->43333K(638976K)] 626316K->65741K(2037248K), 0.0145301 secs] [Times: user=0.13 sys=0.00, real=0.01 secs] 
2020-09-29T17:55:05.423+0200: 15.307: [GC (Allocation Failure) [PSYoungGen: 622405K->48165K(634880K)] 644813K->70573K(2033152K), 0.0178831 secs] [Times: user=0.11 sys=0.00, real=0.02 secs] 
2020-09-29T17:55:05.491+0200: 15.375: [GC (Allocation Failure) [PSYoungGen: 623141K->48933K(624128K)] 645549K->71341K(2022400K), 0.0165215 secs] [Times: user=0.13 sys=0.00, real=0.02 secs] 
2020-09-29T17:55:05.557+0200: 15.441: [GC (Allocation Failure) [PSYoungGen: 623909K->49669K(632320K)] 646317K->72077K(2030592K), 0.0172925 secs] [Times: user=0.13 sys=0.00, real=0.02 secs] 
2020-09-29T17:55:05.625+0200: 15.509: [GC (Allocation Failure) [PSYoungGen: 618501K->44197K(633856K)] 640909K->66605K(2032128K), 0.0173547 secs] [Times: user=0.11 sys=0.00, real=0.02 secs] 
2020-09-29T17:55:05.692+0200: 15.576: [GC (Allocation Failure) [PSYoungGen: 613029K->38725K(636928K)] 635437K->61133K(2035200K), 0.0146360 secs] [Times: user=0.00 sys=0.02, real=0.02 secs] 
2020-09-29T17:55:05.756+0200: 15.640: [GC (Allocation Failure) [PSYoungGen: 611653K->37477K(634880K)] 634061K->59885K(2033152K), 0.0120424 secs] [Times: user=0.00 sys=0.00, real=0.01 secs] 
2020-09-29T17:55:05.817+0200: 15.701: [GC (Allocation Failure) [PSYoungGen: 610405K->36165K(640000K)] 632813K->58573K(2038272K), 0.0128594 secs] [Times: user=0.00 sys=0.00, real=0.01 secs] 
2020-09-29T17:55:05.880+0200: 15.763: [GC (Allocation Failure) [PSYoungGen: 615749K->27620K(638464K)] 638157K->50028K(2036736K), 0.0101643 secs] [Times: user=0.00 sys=0.00, real=0.01 secs] 
2020-09-29T17:55:05.939+0200: 15.823: [GC (Allocation Failure) [PSYoungGen: 607204K->45508K(638464K)] 629612K->67916K(2036736K), 0.0204065 secs] [Times: user=0.25 sys=0.00, real=0.02 secs] 
2020-09-29T17:55:06.009+0200: 15.893: [GC (Allocation Failure) [PSYoungGen: 624580K->36677K(638976K)] 646988K->59085K(2037248K), 0.0159328 secs] [Times: user=0.13 sys=0.00, real=0.02 secs] 
2020-09-29T17:55:06.076+0200: 15.960: [GC (Allocation Failure) [PSYoungGen: 615749K->27845K(640512K)] 638157K->50253K(2038784K), 0.0116820 secs] [Times: user=0.13 sys=0.00, real=0.01 secs] 
2020-09-29T17:55:06.141+0200: 16.025: [GC (Allocation Failure) [PSYoungGen: 609989K->35172K(640512K)] 632397K->57580K(2038784K), 0.0164574 secs] [Times: user=0.13 sys=0.00, real=0.02 secs] 
2020-09-29T17:55:06.212+0200: 16.096: [GC (Allocation Failure) [PSYoungGen: 617316K->29124K(642560K)] 639724K->51532K(2040832K), 0.0144997 secs] [Times: user=0.13 sys=0.00, real=0.02 secs] 
2020-09-29T17:55:06.281+0200: 16.165: [GC (Allocation Failure) [PSYoungGen: 614852K->40581K(642048K)] 637260K->62989K(2040320K), 0.0181426 secs] [Times: user=0.13 sys=0.00, real=0.02 secs] 
2020-09-29T17:55:06.349+0200: 16.233: [GC (Allocation Failure) [PSYoungGen: 626309K->38405K(644608K)] 648717K->60813K(2042880K), 0.0159791 secs] [Times: user=0.13 sys=0.00, real=0.02 secs] 
2020-09-29T17:55:06.415+0200: 16.299: [GC (Allocation Failure) [PSYoungGen: 627205K->9635K(598528K)] 649613K->32043K(1996800K), 0.0053507 secs] [Times: user=0.00 sys=0.00, real=0.01 secs] 
2020-09-29T17:55:06.472+0200: 16.356: [GC (Allocation Failure) [PSYoungGen: 598435K->37893K(642560K)] 620843K->60301K(2040832K), 0.0184274 secs] [Times: user=0.23 sys=0.00, real=0.02 secs] 
2020-09-29T17:55:06.545+0200: 16.429: [GC (Allocation Failure) [PSYoungGen: 623109K->21476K(641536K)] 645517K->43884K(2039808K), 0.0101768 secs] [Times: user=0.11 sys=0.00, real=0.01 secs] 
2020-09-29T17:55:06.609+0200: 16.493: [GC (Allocation Failure) [PSYoungGen: 606692K->14339K(640512K)] 629100K->36747K(2038784K), 0.0080384 secs] [Times: user=0.11 sys=0.00, real=0.01 secs] 
2020-09-29T17:55:06.672+0200: 16.556: [GC (Allocation Failure) [PSYoungGen: 598531K->24325K(641536K)] 620939K->46733K(2039808K), 0.0102472 secs] [Times: user=0.13 sys=0.00, real=0.01 secs] 
2020-09-29T17:55:06.733+0200: 16.617: [GC (Allocation Failure) [PSYoungGen: 608517K->32869K(644608K)] 630925K->55277K(2042880K), 0.0143394 secs] [Times: user=0.13 sys=0.00, real=0.01 secs] 
2020-09-29T17:55:06.797+0200: 16.681: [GC (Allocation Failure) [PSYoungGen: 621157K->44292K(632832K)] 643565K->66700K(2031104K), 0.0197153 secs] [Times: user=0.25 sys=0.00, real=0.02 secs] 
2020-09-29T17:55:06.868+0200: 16.752: [GC (Allocation Failure) [PSYoungGen: 632580K->44677K(637952K)] 654988K->67085K(2036224K), 0.0191079 secs] [Times: user=0.13 sys=0.00, real=0.02 secs] 
2020-09-29T17:55:06.938+0200: 16.821: [GC (Allocation Failure) [PSYoungGen: 625797K->51589K(632832K)] 648205K->73997K(2031104K), 0.0216558 secs] [Times: user=0.23 sys=0.00, real=0.02 secs] 
2020-09-29T17:55:07.011+0200: 16.895: [GC (Allocation Failure) [PSYoungGen: 632709K->43109K(634880K)] 655117K->65517K(2033152K), 0.0185513 secs] [Times: user=0.13 sys=0.00, real=0.02 secs] 
2020-09-29T17:55:07.081+0200: 16.965: [GC (Allocation Failure) [PSYoungGen: 615013K->39172K(635392K)] 637421K->61580K(2033664K), 0.0182882 secs] [Times: user=0.25 sys=0.00, real=0.02 secs] 
2020-09-29T17:55:07.150+0200: 17.034: [GC (Allocation Failure) [PSYoungGen: 611076K->36901K(639488K)] 633484K->59309K(2037760K), 0.0163112 secs] [Times: user=0.13 sys=0.00, real=0.02 secs] 
2020-09-29T17:55:07.220+0200: 17.104: [GC (Allocation Failure) [PSYoungGen: 614437K->26052K(636928K)] 636845K->48460K(2035200K), 0.0122973 secs] [Times: user=0.11 sys=0.00, real=0.01 secs] 
2020-09-29T17:55:07.282+0200: 17.166: [GC (Allocation Failure) [PSYoungGen: 603588K->29188K(641024K)] 625996K->51596K(2039296K), 0.0142222 secs] [Times: user=0.13 sys=0.00, real=0.01 secs] 
2020-09-29T17:55:07.346+0200: 17.230: [GC (Allocation Failure) [PSYoungGen: 611332K->35652K(640000K)] 633740K->58060K(2038272K), 0.0165266 secs] [Times: user=0.13 sys=0.00, real=0.02 secs] 
2020-09-29T17:55:07.412+0200: 17.296: [GC (Allocation Failure) [PSYoungGen: 617796K->26467K(643584K)] 640204K->48875K(2041856K), 0.0137006 secs] [Times: user=0.13 sys=0.00, real=0.01 secs] 
2020-09-29T17:55:07.476+0200: 17.360: [GC (Allocation Failure) [PSYoungGen: 614243K->26309K(643072K)] 636651K->48717K(2041344K), 0.0105614 secs] [Times: user=0.00 sys=0.00, real=0.01 secs] 
2020-09-29T17:55:07.542+0200: 17.426: [GC (Allocation Failure) [PSYoungGen: 614085K->24483K(645120K)] 636493K->46891K(2043392K), 0.0122104 secs] [Times: user=0.13 sys=0.00, real=0.01 secs] 
2020-09-29T17:55:07.607+0200: 17.491: [GC (Allocation Failure) [PSYoungGen: 615331K->26820K(644608K)] 637739K->49228K(2042880K), 0.0143148 secs] [Times: user=0.11 sys=0.00, real=0.01 secs] 
2020-09-29T17:55:07.673+0200: 17.557: [GC (Allocation Failure) [PSYoungGen: 617668K->43300K(642048K)] 640076K->65708K(2040320K), 0.0197950 secs] [Times: user=0.25 sys=0.00, real=0.02 secs] 
2020-09-29T17:55:07.743+0200: 17.627: [GC (Allocation Failure) [PSYoungGen: 632612K->44645K(634368K)] 655020K->67053K(2032640K), 0.0186325 secs] [Times: user=0.13 sys=0.00, real=0.02 secs] 
2020-09-29T17:55:07.813+0200: 17.697: [GC (Allocation Failure) [PSYoungGen: 633957K->56805K(627712K)] 656365K->82093K(2025984K), 0.0256593 secs] [Times: user=0.25 sys=0.00, real=0.03 secs] 
2020-09-29T17:55:07.889+0200: 17.773: [GC (Allocation Failure) [PSYoungGen: 627685K->56357K(627712K)] 652973K->81645K(2025984K), 0.0231212 secs] [Times: user=0.25 sys=0.00, real=0.02 secs] 
2020-09-29T17:55:07.961+0200: 17.845: [GC (Allocation Failure) [PSYoungGen: 627237K->53093K(625152K)] 652525K->78381K(2023424K), 0.0225055 secs] [Times: user=0.13 sys=0.00, real=0.02 secs] 
2020-09-29T17:55:08.032+0200: 17.916: [GC (Allocation Failure) [PSYoungGen: 609637K->49061K(627712K)] 634925K->74349K(2025984K), 0.0205399 secs] [Times: user=0.25 sys=0.00, real=0.02 secs] 
2020-09-29T17:55:08.103+0200: 17.987: [GC (Allocation Failure) [PSYoungGen: 605605K->44965K(629248K)] 630893K->70253K(2027520K), 0.0193443 secs] [Times: user=0.13 sys=0.00, real=0.02 secs] 
2020-09-29T17:55:08.190+0200: 18.073: [GC (Allocation Failure) [PSYoungGen: 603045K->40516K(627712K)] 628333K->65804K(2025984K), 0.0273880 secs] [Times: user=0.16 sys=0.00, real=0.03 secs] 
2020-09-29T17:55:08.280+0200: 18.164: [GC (Allocation Failure) [PSYoungGen: 598596K->38053K(633856K)] 623884K->63341K(2032128K), 0.0251561 secs] [Times: user=0.14 sys=0.00, real=0.03 secs] 
2020-09-29T17:55:08.366+0200: 18.250: [GC (Allocation Failure) [PSYoungGen: 604837K->44261K(631808K)] 630125K->69549K(2030080K), 0.0204289 secs] [Times: user=0.11 sys=0.00, real=0.02 secs] 
2020-09-29T17:55:08.445+0200: 18.329: [GC (Allocation Failure) [PSYoungGen: 611045K->36740K(636416K)] 636333K->62028K(2034688K), 0.0237078 secs] [Times: user=0.11 sys=0.00, real=0.02 secs] 
2020-09-29T17:55:08.541+0200: 18.425: [GC (Allocation Failure) [PSYoungGen: 609156K->19683K(634880K)] 634444K->44971K(2033152K), 0.0122565 secs] [Times: user=0.09 sys=0.00, real=0.01 secs] 
2020-09-29T17:55:08.625+0200: 18.509: [GC (Allocation Failure) [PSYoungGen: 592099K->31653K(636416K)] 617387K->56941K(2034688K), 0.0157056 secs] [Times: user=0.09 sys=0.00, real=0.02 secs] 
2020-09-29T17:55:08.697+0200: 18.581: [GC (Allocation Failure) [PSYoungGen: 604069K->29829K(634880K)] 629357K->55117K(2033152K), 0.0138512 secs] [Times: user=0.13 sys=0.00, real=0.01 secs] 
2020-09-29T17:55:08.760+0200: 18.644: [GC (Allocation Failure) [PSYoungGen: 602245K->41637K(637952K)] 627533K->66925K(2036224K), 0.0185244 secs] [Times: user=0.13 sys=0.00, real=0.02 secs] 
2020-09-29T17:55:08.829+0200: 18.712: [GC (Allocation Failure) [PSYoungGen: 618149K->43941K(637440K)] 643437K->69229K(2035712K), 0.0178139 secs] [Times: user=0.13 sys=0.00, real=0.02 secs] 
2020-09-29T17:55:08.896+0200: 18.779: [GC (Allocation Failure) [PSYoungGen: 620453K->32164K(638976K)] 645741K->57452K(2037248K), 0.0150760 secs] [Times: user=0.02 sys=0.00, real=0.02 secs] 
2020-09-29T17:55:08.960+0200: 18.844: [GC (Allocation Failure) [PSYoungGen: 610212K->20867K(637952K)] 635500K->46155K(2036224K), 0.0114463 secs] [Times: user=0.00 sys=0.00, real=0.01 secs] 
2020-09-29T17:55:09.021+0200: 18.905: [GC (Allocation Failure) [PSYoungGen: 598915K->24613K(638976K)] 624203K->49901K(2037248K), 0.0100658 secs] [Times: user=0.00 sys=0.00, real=0.01 secs] 
2020-09-29T17:55:09.080+0200: 18.964: [GC (Allocation Failure) [PSYoungGen: 603173K->42629K(638464K)] 628461K->67917K(2036736K), 0.0183536 secs] [Times: user=0.25 sys=0.00, real=0.02 secs] 
2020-09-29T17:55:09.150+0200: 19.034: [GC (Allocation Failure) [PSYoungGen: 621189K->33285K(640512K)] 646477K->58573K(2038784K), 0.0142944 secs] [Times: user=0.13 sys=0.00, real=0.01 secs] 
2020-09-29T17:55:09.218+0200: 19.102: [GC (Allocation Failure) [PSYoungGen: 613381K->39173K(638464K)] 638669K->64461K(2036736K), 0.0177904 secs] [Times: user=0.11 sys=0.00, real=0.02 secs] 
2020-09-29T17:55:09.292+0200: 19.176: [GC (Allocation Failure) [PSYoungGen: 619269K->30948K(643072K)] 644557K->56236K(2041344K), 0.0224675 secs] [Times: user=0.08 sys=0.00, real=0.02 secs] 
2020-09-29T17:55:09.370+0200: 19.254: [GC (Allocation Failure) [PSYoungGen: 616676K->41476K(641536K)] 641964K->66764K(2039808K), 0.0188549 secs] [Times: user=0.13 sys=0.00, real=0.02 secs] 
2020-09-29T17:55:09.440+0200: 19.324: [GC (Allocation Failure) [PSYoungGen: 627204K->52965K(634368K)] 652492K->78253K(2032640K), 0.0227007 secs] [Times: user=0.25 sys=0.00, real=0.02 secs] 
2020-09-29T17:55:09.513+0200: 19.396: [GC (Allocation Failure) [PSYoungGen: 631013K->42820K(638464K)] 656301K->68108K(2036736K), 0.0192332 secs] [Times: user=0.13 sys=0.00, real=0.02 secs] 
2020-09-29T17:55:09.583+0200: 19.467: [GC (Allocation Failure) [PSYoungGen: 620868K->32932K(640000K)] 646156K->58220K(2038272K), 0.0169034 secs] [Times: user=0.11 sys=0.00, real=0.02 secs] 
2020-09-29T17:55:09.654+0200: 19.537: [GC (Allocation Failure) [PSYoungGen: 612516K->21572K(638464K)] 637804K->46860K(2036736K), 0.0114258 secs] [Times: user=0.11 sys=0.00, real=0.01 secs] 
2020-09-29T17:55:09.715+0200: 19.598: [GC (Allocation Failure) [PSYoungGen: 601156K->26788K(640000K)] 626444K->52076K(2038272K), 0.0115830 secs] [Times: user=0.13 sys=0.00, real=0.01 secs] 
2020-09-29T17:55:09.776+0200: 19.659: [GC (Allocation Failure) [PSYoungGen: 607396K->15780K(596480K)] 632684K->41068K(1994752K), 0.0074305 secs] [Times: user=0.00 sys=0.00, real=0.01 secs] 
2020-09-29T17:55:09.833+0200: 19.717: [GC (Allocation Failure) [PSYoungGen: 596388K->49477K(632832K)] 621676K->74765K(2031104K), 0.0212249 secs] [Times: user=0.13 sys=0.00, real=0.02 secs] 
2020-09-29T17:55:09.907+0200: 19.790: [GC (Allocation Failure) [PSYoungGen: 622405K->34501K(635904K)] 647693K->59789K(2034176K), 0.0157492 secs] [Times: user=0.11 sys=0.00, real=0.02 secs] 
2020-09-29T17:55:09.974+0200: 19.858: [GC (Allocation Failure) [PSYoungGen: 607429K->33189K(640512K)] 632717K->58477K(2038784K), 0.0143938 secs] [Times: user=0.02 sys=0.00, real=0.02 secs] 
2020-09-29T17:55:10.041+0200: 19.925: [GC (Allocation Failure) [PSYoungGen: 613285K->39109K(638464K)] 638573K->64397K(2036736K), 0.0170272 secs] [Times: user=0.13 sys=0.00, real=0.02 secs] 
2020-09-29T17:55:10.112+0200: 19.995: [GC (Allocation Failure) [PSYoungGen: 619205K->27939K(642560K)] 644493K->53227K(2040832K), 0.0137477 secs] [Times: user=0.13 sys=0.00, real=0.01 secs] 
2020-09-29T17:55:10.175+0200: 20.059: [GC (Allocation Failure) [PSYoungGen: 613155K->52581K(637952K)] 638443K->77869K(2036224K), 0.0221797 secs] [Times: user=0.25 sys=0.00, real=0.02 secs] 
2020-09-29T17:55:10.251+0200: 20.134: [GC (Allocation Failure) [PSYoungGen: 637797K->35171K(640000K)] 663085K->60459K(2038272K), 0.0172068 secs] [Times: user=0.13 sys=0.00, real=0.02 secs] 
2020-09-29T17:55:10.318+0200: 20.202: [GC (Allocation Failure) [PSYoungGen: 614243K->39940K(637952K)] 639531K->65228K(2036224K), 0.0182621 secs] [Times: user=0.13 sys=0.00, real=0.02 secs] 
2020-09-29T17:55:10.386+0200: 20.270: [GC (Allocation Failure) [PSYoungGen: 619012K->44805K(638976K)] 644300K->70093K(2037248K), 0.0192280 secs] [Times: user=0.13 sys=0.00, real=0.02 secs] 
2020-09-29T17:55:10.456+0200: 20.339: [GC (Allocation Failure) [PSYoungGen: 625925K->24357K(640000K)] 651213K->49645K(2038272K), 0.0099998 secs] [Times: user=0.13 sys=0.00, real=0.01 secs] 
2020-09-29T17:55:10.519+0200: 20.402: [GC (Allocation Failure) [PSYoungGen: 605477K->31141K(641536K)] 630765K->56429K(2039808K), 0.0130011 secs] [Times: user=0.13 sys=0.00, real=0.01 secs] 
2020-09-29T17:55:10.583+0200: 20.466: [GC (Allocation Failure) [PSYoungGen: 613797K->39044K(640000K)] 639085K->64332K(2038272K), 0.0197256 secs] [Times: user=0.11 sys=0.00, real=0.02 secs] 
2020-09-29T17:55:10.654+0200: 20.538: [GC (Allocation Failure) [PSYoungGen: 621700K->47429K(637952K)] 646988K->72717K(2036224K), 0.0199088 secs] [Times: user=0.13 sys=0.00, real=0.02 secs] 
2020-09-29T17:55:10.725+0200: 20.609: [GC (Allocation Failure) [PSYoungGen: 628549K->40164K(640000K)] 653837K->65452K(2038272K), 0.0181768 secs] [Times: user=0.13 sys=0.00, real=0.02 secs] 
2020-09-29T17:55:10.794+0200: 20.677: [GC (Allocation Failure) [PSYoungGen: 621284K->33349K(642560K)] 646572K->58637K(2040832K), 0.0144315 secs] [Times: user=0.13 sys=0.00, real=0.01 secs] 
2020-09-29T17:55:10.858+0200: 20.741: [GC (Allocation Failure) [PSYoungGen: 618053K->43845K(641024K)] 643341K->69133K(2039296K), 0.0176002 secs] [Times: user=0.13 sys=0.00, real=0.02 secs] 
2020-09-29T17:55:10.927+0200: 20.811: [GC (Allocation Failure) [PSYoungGen: 628549K->40613K(642560K)] 653837K->65901K(2040832K), 0.0194898 secs] [Times: user=0.13 sys=0.00, real=0.02 secs] 
2020-09-29T17:55:10.997+0200: 20.880: [GC (Allocation Failure) [PSYoungGen: 625829K->37989K(641536K)] 651117K->63277K(2039808K), 0.0181779 secs] [Times: user=0.13 sys=0.00, real=0.02 secs] 
2020-09-29T17:55:11.065+0200: 20.948: [GC (Allocation Failure) [PSYoungGen: 623205K->35237K(645632K)] 648493K->60525K(2043904K), 0.0158633 secs] [Times: user=0.13 sys=0.00, real=0.02 secs] 
2020-09-29T17:55:11.137+0200: 21.021: [GC (Allocation Failure) [PSYoungGen: 626085K->35908K(644096K)] 651373K->61196K(2042368K), 0.0183652 secs] [Times: user=0.13 sys=0.00, real=0.02 secs] 
2020-09-29T17:55:11.210+0200: 21.093: [GC (Allocation Failure) [PSYoungGen: 626756K->38917K(647680K)] 652044K->64205K(2045952K), 0.0195015 secs] [Times: user=0.11 sys=0.00, real=0.02 secs] 
2020-09-29T17:55:11.282+0200: 21.166: [GC (Allocation Failure) [PSYoungGen: 634373K->32709K(646656K)] 659661K->57997K(2044928K), 0.0154407 secs] [Times: user=0.11 sys=0.00, real=0.02 secs] 
2020-09-29T17:55:11.349+0200: 21.232: [GC (Allocation Failure) [PSYoungGen: 628165K->39364K(648704K)] 653453K->64652K(2046976K), 0.0193601 secs] [Times: user=0.13 sys=0.00, real=0.02 secs] 
2020-09-29T17:55:11.420+0200: 21.303: [GC (Allocation Failure) [PSYoungGen: 637380K->35749K(648192K)] 662668K->61037K(2046464K), 0.0163501 secs] [Times: user=0.13 sys=0.00, real=0.02 secs] 
2020-09-29T17:55:11.490+0200: 21.374: [GC (Allocation Failure) [PSYoungGen: 633765K->30372K(649728K)] 659053K->55660K(2048000K), 0.0154369 secs] [Times: user=0.13 sys=0.00, real=0.02 secs] 
2020-09-29T17:55:11.557+0200: 21.440: [GC (Allocation Failure) [PSYoungGen: 630948K->27781K(628736K)] 656236K->53069K(2027008K), 0.0146230 secs] [Times: user=0.11 sys=0.00, real=0.02 secs] 
2020-09-29T17:55:11.625+0200: 21.509: [GC (Allocation Failure) [PSYoungGen: 628357K->26276K(649216K)] 653645K->51564K(2047488K), 0.0138533 secs] [Times: user=0.13 sys=0.00, real=0.01 secs] 
2020-09-29T17:55:11.692+0200: 21.575: [GC (Allocation Failure) [PSYoungGen: 625828K->36612K(649216K)] 651116K->61900K(2047488K), 0.0183299 secs] [Times: user=0.13 sys=0.00, real=0.02 secs] 
2020-09-29T17:55:11.762+0200: 21.646: [GC (Allocation Failure) [PSYoungGen: 636164K->33957K(651264K)] 661452K->59245K(2049536K), 0.0163303 secs] [Times: user=0.13 sys=0.00, real=0.02 secs] 
2020-09-29T17:55:11.831+0200: 21.715: [GC (Allocation Failure) [PSYoungGen: 636069K->34020K(649728K)] 661357K->59308K(2048000K), 0.0163229 secs] [Times: user=0.13 sys=0.00, real=0.02 secs] 
2020-09-29T17:55:11.900+0200: 21.784: [GC (Allocation Failure) [PSYoungGen: 636132K->46565K(645120K)] 661420K->73397K(2043392K), 0.0227881 secs] [Times: user=0.13 sys=0.00, real=0.02 secs] 
2020-09-29T17:55:11.975+0200: 21.858: [GC (Allocation Failure) [PSYoungGen: 645093K->31396K(648704K)] 671925K->58228K(2046976K), 0.0159243 secs] [Times: user=0.13 sys=0.00, real=0.02 secs] 
2020-09-29T17:55:12.043+0200: 21.926: [GC (Allocation Failure) [PSYoungGen: 629924K->42053K(647168K)] 656756K->68885K(2045440K), 0.0199562 secs] [Times: user=0.13 sys=0.00, real=0.02 secs] 
2020-09-29T17:55:12.114+0200: 21.998: [GC (Allocation Failure) [PSYoungGen: 639557K->37893K(648192K)] 666389K->64725K(2046464K), 0.0184022 secs] [Times: user=0.13 sys=0.00, real=0.02 secs] 
2020-09-29T17:55:12.184+0200: 22.068: [GC (Allocation Failure) [PSYoungGen: 635397K->31652K(649216K)] 662229K->58484K(2047488K), 0.0173754 secs] [Times: user=0.11 sys=0.00, real=0.02 secs] 
2020-09-29T17:55:12.256+0200: 22.139: [GC (Allocation Failure) [PSYoungGen: 630692K->42276K(641536K)] 657524K->69108K(2039808K), 0.0212830 secs] [Times: user=0.13 sys=0.00, real=0.02 secs] 
2020-09-29T17:55:12.328+0200: 22.212: [GC (Allocation Failure) [PSYoungGen: 641316K->39685K(648704K)] 668148K->66517K(2046976K), 0.0186078 secs] [Times: user=0.13 sys=0.00, real=0.02 secs] 
2020-09-29T17:55:12.398+0200: 22.282: [GC (Allocation Failure) [PSYoungGen: 637701K->49829K(648192K)] 664533K->76661K(2046464K), 0.0227238 secs] [Times: user=0.13 sys=0.00, real=0.02 secs] 
2020-09-29T17:55:12.472+0200: 22.356: [GC (Allocation Failure) [PSYoungGen: 647845K->46341K(638976K)] 674677K->73173K(2037248K), 0.0219652 secs] [Times: user=0.25 sys=0.00, real=0.02 secs] 
2020-09-29T17:55:12.546+0200: 22.429: [GC (Allocation Failure) [PSYoungGen: 634629K->32773K(643584K)] 661461K->59605K(2041856K), 0.0160748 secs] [Times: user=0.13 sys=0.00, real=0.02 secs] 
2020-09-29T17:55:12.615+0200: 22.498: [GC (Allocation Failure) [PSYoungGen: 621061K->32484K(644608K)] 647893K->59316K(2042880K), 0.0184065 secs] [Times: user=0.11 sys=0.00, real=0.02 secs] 
2020-09-29T17:55:12.686+0200: 22.570: [GC (Allocation Failure) [PSYoungGen: 622308K->32452K(644096K)] 649140K->59284K(2042368K), 0.0162277 secs] [Times: user=0.13 sys=0.00, real=0.02 secs] 
2020-09-29T17:55:12.753+0200: 22.636: [GC (Allocation Failure) [PSYoungGen: 622276K->20195K(642560K)] 649108K->47027K(2040832K), 0.0124110 secs] [Times: user=0.13 sys=0.00, real=0.01 secs] 
2020-09-29T17:55:12.819+0200: 22.702: [GC (Allocation Failure) [PSYoungGen: 609507K->35269K(644096K)] 636339K->62101K(2042368K), 0.0162919 secs] [Times: user=0.13 sys=0.00, real=0.02 secs] 
2020-09-29T17:55:12.886+0200: 22.769: [GC (Allocation Failure) [PSYoungGen: 624581K->36228K(647680K)] 651413K->63060K(2045952K), 0.0179759 secs] [Times: user=0.13 sys=0.00, real=0.02 secs] 
2020-09-29T17:55:12.957+0200: 22.841: [GC (Allocation Failure) [PSYoungGen: 631172K->27908K(646144K)] 658004K->54740K(2044416K), 0.0141334 secs] [Times: user=0.05 sys=0.00, real=0.01 secs] 
2020-09-29T17:55:13.025+0200: 22.909: [GC (Allocation Failure) [PSYoungGen: 622852K->20580K(646656K)] 649684K->47412K(2044928K), 0.0102631 secs] [Times: user=0.00 sys=0.00, real=0.01 secs] 
2020-09-29T17:55:13.087+0200: 22.970: [GC (Allocation Failure) [PSYoungGen: 616036K->41284K(636928K)] 642868K->68116K(2035200K), 0.0202818 secs] [Times: user=0.13 sys=0.00, real=0.02 secs] 
2020-09-29T17:55:13.159+0200: 23.043: [GC (Allocation Failure) [PSYoungGen: 636740K->35141K(647168K)] 663572K->61973K(2045440K), 0.0163226 secs] [Times: user=0.11 sys=0.00, real=0.02 secs] 
2020-09-29T17:55:13.234+0200: 23.117: [GC (Allocation Failure) [PSYoungGen: 629061K->25701K(645632K)] 655893K->52533K(2043904K), 0.0130110 secs] [Times: user=0.13 sys=0.00, real=0.01 secs] 
2020-09-29T17:55:13.298+0200: 23.182: [GC (Allocation Failure) [PSYoungGen: 619621K->45413K(642560K)] 646453K->72245K(2040832K), 0.0209054 secs] [Times: user=0.25 sys=0.00, real=0.02 secs] 
2020-09-29T17:55:13.371+0200: 23.255: [GC (Allocation Failure) [PSYoungGen: 636773K->35173K(645120K)] 663605K->62005K(2043392K), 0.0162318 secs] [Times: user=0.13 sys=0.00, real=0.02 secs] 
2020-09-29T17:55:13.441+0200: 23.324: [GC (Allocation Failure) [PSYoungGen: 626533K->38565K(646656K)] 653365K->65397K(2044928K), 0.0180925 secs] [Times: user=0.23 sys=0.00, real=0.02 secs] 
2020-09-29T17:55:13.512+0200: 23.395: [GC (Allocation Failure) [PSYoungGen: 632997K->31460K(646656K)] 659829K->58292K(2044928K), 0.0166790 secs] [Times: user=0.11 sys=0.00, real=0.02 secs] 
2020-09-29T17:55:13.583+0200: 23.466: [GC (Allocation Failure) [PSYoungGen: 625892K->38021K(648192K)] 652724K->64853K(2046464K), 0.0227286 secs] [Times: user=0.09 sys=0.00, real=0.02 secs] 
2020-09-29T17:55:13.662+0200: 23.546: [GC (Allocation Failure) [PSYoungGen: 635525K->47589K(645120K)] 662357K->74421K(2043392K), 0.0234123 secs] [Times: user=0.13 sys=0.00, real=0.02 secs] 
2020-09-29T17:55:13.742+0200: 23.625: [GC (Allocation Failure) [PSYoungGen: 645093K->29765K(645632K)] 671925K->56597K(2043904K), 0.0148876 secs] [Times: user=0.13 sys=0.00, real=0.01 secs] 
2020-09-29T17:55:13.809+0200: 23.692: [GC (Allocation Failure) [PSYoungGen: 621637K->32420K(645120K)] 648469K->59252K(2043392K), 0.0167066 secs] [Times: user=0.13 sys=0.00, real=0.02 secs] 
2020-09-29T17:55:13.878+0200: 23.761: [GC (Allocation Failure) [PSYoungGen: 624292K->36389K(648192K)] 651124K->63221K(2046464K), 0.0162477 secs] [Times: user=0.13 sys=0.00, real=0.02 secs] 
2020-09-29T17:55:13.945+0200: 23.828: [GC (Allocation Failure) [PSYoungGen: 632869K->43140K(640000K)] 659701K->69972K(2038272K), 0.0205424 secs] [Times: user=0.13 sys=0.00, real=0.02 secs] 
2020-09-29T17:55:14.017+0200: 23.900: [GC (Allocation Failure) [PSYoungGen: 639620K->38021K(647680K)] 666452K->64853K(2045952K), 0.0173341 secs] [Times: user=0.13 sys=0.00, real=0.02 secs] 
2020-09-29T17:55:14.086+0200: 23.969: [GC (Allocation Failure) [PSYoungGen: 633477K->31780K(646656K)] 660309K->58612K(2044928K), 0.0159262 secs] [Times: user=0.13 sys=0.00, real=0.02 secs] 
2020-09-29T17:55:14.156+0200: 24.039: [GC (Allocation Failure) [PSYoungGen: 627236K->25348K(648192K)] 654068K->52180K(2046464K), 0.0131250 secs] [Times: user=0.13 sys=0.00, real=0.01 secs] 
2020-09-29T17:55:14.223+0200: 24.106: [GC (Allocation Failure) [PSYoungGen: 622852K->48613K(646144K)] 649684K->75445K(2044416K), 0.0231496 secs] [Times: user=0.23 sys=0.00, real=0.02 secs] 
2020-09-29T17:55:14.300+0200: 24.183: [GC (Allocation Failure) [PSYoungGen: 646117K->30853K(645120K)] 672949K->57685K(2043392K), 0.0154089 secs] [Times: user=0.13 sys=0.00, real=0.02 secs] 
2020-09-29T17:55:14.366+0200: 24.249: [GC (Allocation Failure) [PSYoungGen: 623237K->19844K(612352K)] 650069K->46676K(2010624K), 0.0100799 secs] [Times: user=0.00 sys=0.00, real=0.01 secs] 
2020-09-29T17:55:14.426+0200: 24.310: [GC (Allocation Failure) [PSYoungGen: 612228K->36772K(645632K)] 639060K->63604K(2043904K), 0.0178154 secs] [Times: user=0.13 sys=0.02, real=0.02 secs] 
2020-09-29T17:55:14.495+0200: 24.378: [GC (Allocation Failure) [PSYoungGen: 628132K->40132K(644608K)] 654964K->66964K(2042880K), 0.0200235 secs] [Times: user=0.13 sys=0.00, real=0.02 secs] 
2020-09-29T17:55:14.567+0200: 24.451: [GC (Allocation Failure) [PSYoungGen: 631492K->29444K(646144K)] 658324K->56276K(2044416K), 0.0154968 secs] [Times: user=0.11 sys=0.00, real=0.02 secs] 
2020-09-29T17:55:14.635+0200: 24.519: [GC (Allocation Failure) [PSYoungGen: 621828K->32741K(645120K)] 648660K->59573K(2043392K), 0.0171135 secs] [Times: user=0.11 sys=0.00, real=0.02 secs] 
2020-09-29T17:55:14.704+0200: 24.587: [GC (Allocation Failure) [PSYoungGen: 625125K->37221K(648192K)] 651957K->64053K(2046464K), 0.0176639 secs] [Times: user=0.13 sys=0.00, real=0.02 secs] 
2020-09-29T17:55:14.775+0200: 24.658: [GC (Allocation Failure) [PSYoungGen: 634213K->46309K(643584K)] 661045K->73141K(2041856K), 0.0222765 secs] [Times: user=0.09 sys=0.00, real=0.02 secs] 
2020-09-29T17:55:14.848+0200: 24.731: [GC (Allocation Failure) [PSYoungGen: 643301K->41701K(644608K)] 670133K->68533K(2042880K), 0.0216717 secs] [Times: user=0.22 sys=0.00, real=0.02 secs] 
2020-09-29T17:55:14.920+0200: 24.804: [GC (Allocation Failure) [PSYoungGen: 633061K->45157K(636928K)] 659893K->71989K(2035200K), 0.0204762 secs] [Times: user=0.13 sys=0.00, real=0.02 secs] 
2020-09-29T17:55:14.994+0200: 24.877: [GC (Allocation Failure) [PSYoungGen: 636517K->33444K(644608K)] 663349K->60276K(2042880K), 0.0168652 secs] [Times: user=0.13 sys=0.00, real=0.02 secs] 
2020-09-29T17:55:15.063+0200: 24.946: [GC (Allocation Failure) [PSYoungGen: 622756K->34757K(643584K)] 649588K->61589K(2041856K), 0.0163066 secs] [Times: user=0.13 sys=0.00, real=0.02 secs] 
2020-09-29T17:55:15.131+0200: 25.014: [GC (Allocation Failure) [PSYoungGen: 624069K->34180K(647168K)] 650901K->61012K(2045440K), 0.0175413 secs] [Times: user=0.13 sys=0.00, real=0.02 secs] 
2020-09-29T17:55:15.202+0200: 25.085: [GC (Allocation Failure) [PSYoungGen: 628612K->40741K(646144K)] 655444K->67573K(2044416K), 0.0209353 secs] [Times: user=0.11 sys=0.00, real=0.02 secs] 
2020-09-29T17:55:15.275+0200: 25.158: [GC (Allocation Failure) [PSYoungGen: 635173K->33541K(648192K)] 662005K->60373K(2046464K), 0.0157489 secs] [Times: user=0.13 sys=0.00, real=0.02 secs] 
2020-09-29T17:55:15.343+0200: 25.226: [GC (Allocation Failure) [PSYoungGen: 630021K->42053K(647168K)] 656853K->68885K(2045440K), 0.0200129 secs] [Times: user=0.13 sys=0.00, real=0.02 secs] 
2020-09-29T17:55:15.421+0200: 25.304: [GC (Allocation Failure) [PSYoungGen: 638533K->21891K(645120K)] 665365K->48723K(2043392K), 0.0116380 secs] [Times: user=0.13 sys=0.00, real=0.01 secs] 
2020-09-29T17:55:15.485+0200: 25.368: [GC (Allocation Failure) [PSYoungGen: 615299K->52709K(646144K)] 642131K->81437K(2044416K), 0.0251470 secs] [Times: user=0.25 sys=0.00, real=0.03 secs] 
2020-09-29T17:55:15.561+0200: 25.445: [GC (Allocation Failure) [PSYoungGen: 646117K->16195K(632832K)] 674845K->44923K(2031104K), 0.0096278 secs] [Times: user=0.13 sys=0.00, real=0.01 secs] 
2020-09-29T17:55:15.622+0200: 25.506: [GC (Allocation Failure) [PSYoungGen: 596291K->35781K(639488K)] 625019K->64509K(2037760K), 0.0175932 secs] [Times: user=0.11 sys=0.00, real=0.02 secs] 
2020-09-29T17:55:15.693+0200: 25.577: [GC (Allocation Failure) [PSYoungGen: 615877K->27556K(642560K)] 644605K->56284K(2040832K), 0.0140692 secs] [Times: user=0.00 sys=0.00, real=0.01 secs] 
2020-09-29T17:55:15.758+0200: 25.641: [GC (Allocation Failure) [PSYoungGen: 612772K->38244K(641536K)] 641500K->66972K(2039808K), 0.0187493 secs] [Times: user=0.13 sys=0.00, real=0.02 secs] 
2020-09-29T17:55:15.827+0200: 25.710: [GC (Allocation Failure) [PSYoungGen: 623460K->35300K(645120K)] 652188K->64028K(2043392K), 0.0172023 secs] [Times: user=0.13 sys=0.00, real=0.02 secs] 
2020-09-29T17:55:15.904+0200: 25.787: [GC (Allocation Failure) [PSYoungGen: 624612K->22981K(643072K)] 653340K->51709K(2041344K), 0.0108790 secs] [Times: user=0.11 sys=0.00, real=0.01 secs] 
2020-09-29T17:55:15.968+0200: 25.852: [GC (Allocation Failure) [PSYoungGen: 612293K->38117K(645120K)] 641021K->66845K(2043392K), 0.0160624 secs] [Times: user=0.11 sys=0.00, real=0.02 secs] 
2020-09-29T17:55:16.037+0200: 25.921: [GC (Allocation Failure) [PSYoungGen: 629477K->53733K(645120K)] 658205K->83901K(2043392K), 0.0190899 secs] [Times: user=0.13 sys=0.00, real=0.02 secs] 
2020-09-29T17:55:16.109+0200: 25.992: [GC (Allocation Failure) [PSYoungGen: 645093K->44997K(631808K)] 675261K->75165K(2030080K), 0.0152577 secs] [Times: user=0.13 sys=0.00, real=0.01 secs] 
2020-09-29T17:55:16.174+0200: 26.057: [GC (Allocation Failure) [PSYoungGen: 623045K->48773K(627200K)] 653213K->78941K(2025472K), 0.0171475 secs] [Times: user=0.13 sys=0.00, real=0.02 secs] 
2020-09-29T17:55:16.244+0200: 26.128: [GC (Allocation Failure) [PSYoungGen: 626821K->38981K(638464K)] 656989K->69149K(2036736K), 0.0141376 secs] [Times: user=0.13 sys=0.00, real=0.01 secs] 
2020-09-29T17:55:16.309+0200: 26.193: [GC (Allocation Failure) [PSYoungGen: 614981K->40709K(636416K)] 645149K->70877K(2034688K), 0.0151419 secs] [Times: user=0.13 sys=0.00, real=0.01 secs] 
2020-09-29T17:55:16.373+0200: 26.257: [GC (Allocation Failure) [PSYoungGen: 616709K->39460K(641536K)] 646877K->69628K(2039808K), 0.0144552 secs] [Times: user=0.13 sys=0.00, real=0.02 secs] 
2020-09-29T17:55:16.438+0200: 26.322: [GC (Allocation Failure) [PSYoungGen: 622116K->47845K(640000K)] 652284K->78013K(2038272K), 0.0155176 secs] [Times: user=0.13 sys=0.00, real=0.02 secs] 
2020-09-29T17:55:16.504+0200: 26.388: [GC (Allocation Failure) [PSYoungGen: 630501K->26052K(638976K)] 660669K->56220K(2037248K), 0.0092366 secs] [Times: user=0.00 sys=0.00, real=0.01 secs] 
2020-09-29T17:55:16.566+0200: 26.450: [GC (Allocation Failure) [PSYoungGen: 606148K->45637K(626176K)] 636316K->75805K(2024448K), 0.0170739 secs] [Times: user=0.20 sys=0.00, real=0.02 secs] 
2020-09-29T17:55:16.635+0200: 26.519: [GC (Allocation Failure) [PSYoungGen: 625733K->36836K(640512K)] 655901K->67004K(2038784K), 0.0139510 secs] [Times: user=0.13 sys=0.00, real=0.01 secs] 
2020-09-29T17:55:16.699+0200: 26.583: [GC (Allocation Failure) [PSYoungGen: 617444K->43205K(638976K)] 647612K->73373K(2037248K), 0.0144382 secs] [Times: user=0.13 sys=0.00, real=0.01 secs] 
2020-09-29T17:55:16.764+0200: 26.648: [GC (Allocation Failure) [PSYoungGen: 623813K->35909K(642048K)] 653981K->66077K(2040320K), 0.0126194 secs] [Times: user=0.13 sys=0.00, real=0.01 secs] 
2020-09-29T17:55:16.827+0200: 26.711: [GC (Allocation Failure) [PSYoungGen: 620101K->43973K(641024K)] 650269K->74141K(2039296K), 0.0146587 secs] [Times: user=0.13 sys=0.00, real=0.02 secs] 
2020-09-29T17:55:16.892+0200: 26.776: [GC (Allocation Failure) [PSYoungGen: 628165K->39972K(643584K)] 658333K->70140K(2041856K), 0.0139643 secs] [Times: user=0.13 sys=0.00, real=0.01 secs] 
2020-09-29T17:55:16.957+0200: 26.841: [GC (Allocation Failure) [PSYoungGen: 626724K->38853K(642048K)] 656892K->69021K(2040320K), 0.0135560 secs] [Times: user=0.00 sys=0.00, real=0.01 secs] 
2020-09-29T17:55:17.022+0200: 26.906: [GC (Allocation Failure) [PSYoungGen: 625605K->35779K(645632K)] 655773K->65947K(2043904K), 0.0139756 secs] [Times: user=0.02 sys=0.00, real=0.01 secs] 
2020-09-29T17:55:17.087+0200: 26.971: [GC (Allocation Failure) [PSYoungGen: 627651K->39685K(645120K)] 657819K->69853K(2043392K), 0.0134948 secs] [Times: user=0.13 sys=0.00, real=0.01 secs] 
2020-09-29T17:55:17.151+0200: 27.035: [GC (Allocation Failure) [PSYoungGen: 631557K->43621K(646144K)] 661725K->73789K(2044416K), 0.0145798 secs] [Times: user=0.13 sys=0.00, real=0.01 secs] 
2020-09-29T17:55:17.220+0200: 27.104: [GC (Allocation Failure) [PSYoungGen: 638053K->36453K(646656K)] 668221K->66621K(2044928K), 0.0137033 secs] [Times: user=0.13 sys=0.00, real=0.01 secs] 
2020-09-29T17:55:17.290+0200: 27.174: [GC (Allocation Failure) [PSYoungGen: 630885K->28036K(646144K)] 661053K->58204K(2044416K), 0.0125989 secs] [Times: user=0.13 sys=0.00, real=0.01 secs] 
2020-09-29T17:55:17.358+0200: 27.242: [GC (Allocation Failure) [PSYoungGen: 622468K->34437K(646656K)] 652636K->64605K(2044928K), 0.0140792 secs] [Times: user=0.11 sys=0.00, real=0.01 secs] 
2020-09-29T17:55:17.425+0200: 27.309: [GC (Allocation Failure) [PSYoungGen: 628869K->24867K(646144K)] 659037K->55035K(2044416K), 0.0098229 secs] [Times: user=0.11 sys=0.01, real=0.01 secs] 
2020-09-29T17:55:17.486+0200: 27.370: [GC (Allocation Failure) [PSYoungGen: 619299K->31429K(646656K)] 649467K->61597K(2044928K), 0.0113983 secs] [Times: user=0.13 sys=0.00, real=0.01 secs] 
2020-09-29T17:55:17.549+0200: 27.433: [GC (Allocation Failure) [PSYoungGen: 625861K->37156K(648192K)] 656029K->67324K(2046464K), 0.0131734 secs] [Times: user=0.13 sys=0.00, real=0.01 secs] 
2020-09-29T17:55:17.615+0200: 27.499: [GC (Allocation Failure) [PSYoungGen: 633636K->16738K(613376K)] 663804K->46906K(2011648K), 0.0085669 secs] [Times: user=0.00 sys=0.00, real=0.01 secs] 
2020-09-29T17:55:17.675+0200: 27.559: [GC (Allocation Failure) [PSYoungGen: 613218K->25285K(646656K)] 643386K->55453K(2044928K), 0.0083602 secs] [Times: user=0.03 sys=0.02, real=0.01 secs] 
2020-09-29T17:55:17.735+0200: 27.619: [GC (Allocation Failure) [PSYoungGen: 619717K->44356K(638976K)] 649885K->74524K(2037248K), 0.0155379 secs] [Times: user=0.13 sys=0.00, real=0.02 secs] 
2020-09-29T17:55:17.803+0200: 27.687: [GC (Allocation Failure) [PSYoungGen: 638788K->37125K(645632K)] 668956K->67293K(2043904K), 0.0125461 secs] [Times: user=0.00 sys=0.00, real=0.01 secs] 
2020-09-29T17:55:17.867+0200: 27.751: [GC (Allocation Failure) [PSYoungGen: 628485K->25636K(644608K)] 658653K->55804K(2042880K), 0.0096295 secs] [Times: user=0.00 sys=0.00, real=0.01 secs] 
2020-09-29T17:55:17.928+0200: 27.812: [GC (Allocation Failure) [PSYoungGen: 616996K->42725K(643584K)] 647164K->72893K(2041856K), 0.0148844 secs] [Times: user=0.13 sys=0.00, real=0.02 secs] 
2020-09-29T17:55:17.995+0200: 27.878: [GC (Allocation Failure) [PSYoungGen: 633061K->30180K(644608K)] 663229K->60348K(2042880K), 0.0112579 secs] [Times: user=0.13 sys=0.00, real=0.01 secs] 
2020-09-29T17:55:18.057+0200: 27.941: [GC (Allocation Failure) [PSYoungGen: 620516K->32229K(647168K)] 650684K->62397K(2045440K), 0.0111801 secs] [Times: user=0.13 sys=0.00, real=0.01 secs] 
2020-09-29T17:55:18.122+0200: 28.005: [GC (Allocation Failure) [PSYoungGen: 626149K->38213K(645632K)] 656317K->68381K(2043904K), 0.0127965 secs] [Times: user=0.13 sys=0.00, real=0.01 secs] 
2020-09-29T17:55:18.186+0200: 28.070: [GC (Allocation Failure) [PSYoungGen: 632133K->44325K(643072K)] 662301K->74493K(2041344K), 0.0192978 secs] [Times: user=0.11 sys=0.00, real=0.02 secs] 
2020-09-29T17:55:18.258+0200: 28.141: [GC (Allocation Failure) [PSYoungGen: 635685K->47717K(639488K)] 665853K->77885K(2037760K), 0.0160214 secs] [Times: user=0.13 sys=0.00, real=0.02 secs] 
2020-09-29T17:55:18.325+0200: 28.209: [GC (Allocation Failure) [PSYoungGen: 639077K->7618K(636416K)] 669245K->37786K(2034688K), 0.0045045 secs] [Times: user=0.00 sys=0.00, real=0.00 secs] 
2020-09-29T17:55:18.381+0200: 28.264: [GC (Allocation Failure) [PSYoungGen: 587714K->39844K(639488K)] 617882K->70012K(2037760K), 0.0136977 secs] [Times: user=0.00 sys=0.00, real=0.01 secs] 
2020-09-29T17:55:18.446+0200: 28.330: [GC (Allocation Failure) [PSYoungGen: 619940K->31525K(642048K)] 650108K->61693K(2040320K), 0.0119201 secs] [Times: user=0.13 sys=0.00, real=0.01 secs] 
2020-09-29T17:55:18.508+0200: 28.392: [GC (Allocation Failure) [PSYoungGen: 614693K->26085K(640000K)] 644861K->56253K(2038272K), 0.0088558 secs] [Times: user=0.00 sys=0.00, real=0.01 secs] 
2020-09-29T17:55:18.568+0200: 28.451: [GC (Allocation Failure) [PSYoungGen: 609253K->35077K(644096K)] 639421K->65245K(2042368K), 0.0127605 secs] [Times: user=0.00 sys=0.00, real=0.01 secs] 
2020-09-29T17:55:18.635+0200: 28.519: [GC (Allocation Failure) [PSYoungGen: 622210K->17379K(642560K)] 652378K->47547K(2040832K), 0.0082977 secs] [Times: user=0.00 sys=0.00, real=0.01 secs] 
2020-09-29T17:55:18.694+0200: 28.578: [GC (Allocation Failure) [PSYoungGen: 605155K->30949K(645632K)] 635323K->61117K(2043904K), 0.0106693 secs] [Times: user=0.00 sys=0.00, real=0.01 secs] 
2020-09-29T17:55:18.756+0200: 28.640: [GC (Allocation Failure) [PSYoungGen: 621285K->31908K(643584K)] 651453K->62076K(2041856K), 0.0119483 secs] [Times: user=0.00 sys=0.00, real=0.01 secs] 
2020-09-29T17:55:18.819+0200: 28.703: [GC (Allocation Failure) [PSYoungGen: 622244K->33956K(649216K)] 652412K->64124K(2047488K), 0.0135760 secs] [Times: user=0.02 sys=0.00, real=0.01 secs] 
2020-09-29T17:55:18.884+0200: 28.768: [GC (Allocation Failure) [PSYoungGen: 631972K->30309K(647680K)] 662140K->60477K(2045952K), 0.0106538 secs] [Times: user=0.13 sys=0.00, real=0.01 secs] 
2020-09-29T17:55:18.947+0200: 28.830: [GC (Allocation Failure) [PSYoungGen: 628325K->48613K(637952K)] 658493K->84213K(2036224K), 0.0187652 secs] [Times: user=0.13 sys=0.00, real=0.02 secs] 
2020-09-29T17:55:19.017+0200: 28.901: [GC (Allocation Failure) [PSYoungGen: 637925K->28165K(644096K)] 673525K->63765K(2042368K), 0.0099154 secs] [Times: user=0.13 sys=0.00, real=0.01 secs] 
2020-09-29T17:55:19.078+0200: 28.962: [GC (Allocation Failure) [PSYoungGen: 617477K->29061K(646144K)] 653077K->64661K(2044416K), 0.0097663 secs] [Times: user=0.13 sys=0.00, real=0.01 secs] 
2020-09-29T17:55:19.141+0200: 29.025: [GC (Allocation Failure) [PSYoungGen: 621445K->32932K(645120K)] 657045K->68532K(2043392K), 0.0125259 secs] [Times: user=0.13 sys=0.00, real=0.01 secs] 
2020-09-29T17:55:19.206+0200: 29.090: [GC (Allocation Failure) [PSYoungGen: 625316K->23524K(648192K)] 660916K->59124K(2046464K), 0.0126352 secs] [Times: user=0.09 sys=0.00, real=0.01 secs] 
2020-09-29T17:55:19.271+0200: 29.154: [GC (Allocation Failure) [PSYoungGen: 621028K->31204K(648192K)] 656628K->66804K(2046464K), 0.0117672 secs] [Times: user=0.00 sys=0.00, real=0.01 secs] 
2020-09-29T17:55:19.334+0200: 29.218: [GC (Allocation Failure) [PSYoungGen: 628708K->39525K(647680K)] 664308K->75125K(2045952K), 0.0134378 secs] [Times: user=0.03 sys=0.00, real=0.01 secs] 
2020-09-29T17:55:19.399+0200: 29.283: [GC (Allocation Failure) [PSYoungGen: 638053K->32836K(648704K)] 673653K->68436K(2046976K), 0.0118656 secs] [Times: user=0.13 sys=0.00, real=0.01 secs] 
2020-09-29T17:55:19.463+0200: 29.347: [GC (Allocation Failure) [PSYoungGen: 631364K->29701K(651776K)] 666964K->65301K(2050048K), 0.0099257 secs] [Times: user=0.00 sys=0.00, real=0.01 secs] 
2020-09-29T17:55:19.525+0200: 29.408: [GC (Allocation Failure) [PSYoungGen: 633349K->45445K(649216K)] 668949K->81045K(2047488K), 0.0152324 secs] [Times: user=0.13 sys=0.00, real=0.01 secs] 
2020-09-29T17:55:19.594+0200: 29.478: [GC (Allocation Failure) [PSYoungGen: 649093K->31940K(649728K)] 684693K->67540K(2048000K), 0.0127682 secs] [Times: user=0.11 sys=0.00, real=0.01 secs] 
2020-09-29T17:55:19.660+0200: 29.544: [GC (Allocation Failure) [PSYoungGen: 632004K->30373K(649216K)] 667604K->65973K(2047488K), 0.0108121 secs] [Times: user=0.13 sys=0.00, real=0.01 secs] 
2020-09-29T17:55:19.727+0200: 29.611: [GC (Allocation Failure) [PSYoungGen: 630437K->28292K(651264K)] 666037K->63892K(2049536K), 0.0106830 secs] [Times: user=0.00 sys=0.00, real=0.01 secs] 
2020-09-29T17:55:19.789+0200: 29.673: [GC (Allocation Failure) [PSYoungGen: 631428K->28804K(650752K)] 667028K->64404K(2049024K), 0.0107794 secs] [Times: user=0.00 sys=0.00, real=0.01 secs] 
2020-09-29T17:55:19.853+0200: 29.737: [GC (Allocation Failure) [PSYoungGen: 631940K->30405K(653312K)] 667540K->66005K(2051584K), 0.0100347 secs] [Times: user=0.00 sys=0.00, real=0.01 secs] 
2020-09-29T17:55:19.917+0200: 29.801: [GC (Allocation Failure) [PSYoungGen: 636613K->34436K(651776K)] 672213K->70036K(2050048K), 0.0124317 secs] [Times: user=0.13 sys=0.00, real=0.01 secs] 
2020-09-29T17:55:19.983+0200: 29.866: [GC (Allocation Failure) [PSYoungGen: 640644K->39077K(650752K)] 676244K->74677K(2049024K), 0.0135174 secs] [Times: user=0.13 sys=0.00, real=0.01 secs] 
2020-09-29T17:55:20.049+0200: 29.933: [GC (Allocation Failure) [PSYoungGen: 644773K->43269K(649216K)] 680373K->78869K(2047488K), 0.0151201 secs] [Times: user=0.13 sys=0.00, real=0.01 secs] 
2020-09-29T17:55:20.117+0200: 30.000: [GC (Allocation Failure) [PSYoungGen: 648965K->16676K(646656K)] 684565K->52276K(2044928K), 0.0064521 secs] [Times: user=0.00 sys=0.00, real=0.01 secs] 
2020-09-29T17:55:20.174+0200: 30.058: [GC (Allocation Failure) [PSYoungGen: 614180K->25828K(648192K)] 649780K->61428K(2046464K), 0.0104907 secs] [Times: user=0.13 sys=0.00, real=0.01 secs] 
2020-09-29T17:55:20.238+0200: 30.122: [GC (Allocation Failure) [PSYoungGen: 623332K->49157K(640000K)] 658932K->84757K(2038272K), 0.0162683 secs] [Times: user=0.20 sys=0.00, real=0.02 secs] 
2020-09-29T17:55:20.306+0200: 30.190: [GC (Allocation Failure) [PSYoungGen: 639493K->36900K(644608K)] 675093K->72500K(2042880K), 0.0131723 secs] [Times: user=0.13 sys=0.00, real=0.01 secs] 
2020-09-29T17:55:20.370+0200: 30.254: [GC (Allocation Failure) [PSYoungGen: 627236K->23299K(645632K)] 662836K->58899K(2043904K), 0.0094487 secs] [Times: user=0.13 sys=0.00, real=0.01 secs] 
2020-09-29T17:55:20.430+0200: 30.314: [GC (Allocation Failure) [PSYoungGen: 615171K->40868K(632832K)] 650771K->76468K(2031104K), 0.0142852 secs] [Times: user=0.13 sys=0.00, real=0.01 secs] 
2020-09-29T17:55:20.496+0200: 30.380: [GC (Allocation Failure) [PSYoungGen: 632740K->29796K(645632K)] 668340K->65396K(2043904K), 0.0113968 secs] [Times: user=0.13 sys=0.00, real=0.01 secs] 
2020-09-29T17:55:20.559+0200: 30.443: [GC (Allocation Failure) [PSYoungGen: 621156K->18787K(644608K)] 656756K->54387K(2042880K), 0.0078933 secs] [Times: user=0.00 sys=0.02, real=0.01 secs] 
2020-09-29T17:55:20.619+0200: 30.503: [GC (Allocation Failure) [PSYoungGen: 610147K->34020K(646656K)] 645747K->69620K(2044928K), 0.0130288 secs] [Times: user=0.13 sys=0.00, real=0.01 secs] 
2020-09-29T17:55:20.683+0200: 30.567: [GC (Allocation Failure) [PSYoungGen: 626916K->38981K(645120K)] 662516K->74581K(2043392K), 0.0137303 secs] [Times: user=0.13 sys=0.00, real=0.01 secs] 
2020-09-29T17:55:20.752+0200: 30.635: [GC (Allocation Failure) [PSYoungGen: 631877K->14531K(644096K)] 667477K->50131K(2042368K), 0.0066551 secs] [Times: user=0.13 sys=0.00, real=0.01 secs] 
2020-09-29T17:55:20.809+0200: 30.693: [GC (Allocation Failure) [PSYoungGen: 605891K->31621K(645120K)] 641491K->67221K(2043392K), 0.0108341 secs] [Times: user=0.13 sys=0.00, real=0.01 secs] 
2020-09-29T17:55:20.871+0200: 30.755: [GC (Allocation Failure) [PSYoungGen: 622981K->48773K(637952K)] 658581K->84373K(2036224K), 0.0159698 secs] [Times: user=0.13 sys=0.00, real=0.02 secs] 
2020-09-29T17:55:20.938+0200: 30.822: [GC (Allocation Failure) [PSYoungGen: 635013K->33252K(642560K)] 670613K->68852K(2040832K), 0.0123502 secs] [Times: user=0.13 sys=0.00, real=0.01 secs] 
2020-09-29T17:55:21.002+0200: 30.886: [GC (Allocation Failure) [PSYoungGen: 619492K->31589K(646656K)] 655092K->67189K(2044928K), 0.0108224 secs] [Times: user=0.13 sys=0.00, real=0.01 secs] 
2020-09-29T17:55:21.064+0200: 30.948: [GC (Allocation Failure) [PSYoungGen: 623973K->49765K(642560K)] 659573K->85365K(2040832K), 0.0169153 secs] [Times: user=0.13 sys=0.00, real=0.02 secs] 
2020-09-29T17:55:21.133+0200: 31.017: [GC (Allocation Failure) [PSYoungGen: 642149K->25476K(643072K)] 677749K->61076K(2041344K), 0.0093954 secs] [Times: user=0.00 sys=0.00, real=0.01 secs] 
2020-09-29T17:55:21.194+0200: 31.078: [GC (Allocation Failure) [PSYoungGen: 612228K->37989K(642560K)] 647828K->73589K(2040832K), 0.0179779 secs] [Times: user=0.09 sys=0.00, real=0.02 secs] 
2020-09-29T17:55:21.264+0200: 31.148: [GC (Allocation Failure) [PSYoungGen: 624741K->36901K(644608K)] 660341K->72501K(2042880K), 0.0126416 secs] [Times: user=0.13 sys=0.00, real=0.01 secs] 
2020-09-29T17:55:21.327+0200: 31.211: [GC (Allocation Failure) [PSYoungGen: 626213K->38277K(643584K)] 661813K->73877K(2041856K), 0.0147051 secs] [Times: user=0.13 sys=0.00, real=0.02 secs] 
2020-09-29T17:55:21.393+0200: 31.277: [GC (Allocation Failure) [PSYoungGen: 627589K->38788K(645120K)] 663189K->74388K(2043392K), 0.0136880 secs] [Times: user=0.13 sys=0.00, real=0.01 secs] 
2020-09-29T17:55:21.457+0200: 31.341: [GC (Allocation Failure) [PSYoungGen: 630148K->42245K(633856K)] 665748K->77845K(2032128K), 0.0138929 secs] [Times: user=0.00 sys=0.00, real=0.01 secs] 
2020-09-29T17:55:21.522+0200: 31.406: [GC (Allocation Failure) [PSYoungGen: 633605K->45701K(640512K)] 669205K->81301K(2038784K), 0.0157711 secs] [Times: user=0.13 sys=0.00, real=0.02 secs] 
2020-09-29T17:55:21.591+0200: 31.475: [GC (Allocation Failure) [PSYoungGen: 631941K->29572K(642560K)] 667541K->65172K(2040832K), 0.0127348 secs] [Times: user=0.09 sys=0.00, real=0.01 secs] 
2020-09-29T17:55:21.656+0200: 31.540: [GC (Allocation Failure) [PSYoungGen: 615812K->41381K(643072K)] 651412K->76981K(2041344K), 0.0144399 secs] [Times: user=0.13 sys=0.00, real=0.01 secs] 
2020-09-29T17:55:21.721+0200: 31.605: [GC (Allocation Failure) [PSYoungGen: 628645K->40741K(643072K)] 664245K->76341K(2041344K), 0.0141444 secs] [Times: user=0.13 sys=0.00, real=0.01 secs] 
2020-09-29T17:55:21.786+0200: 31.670: [GC (Allocation Failure) [PSYoungGen: 628005K->26437K(643584K)] 663605K->62037K(2041856K), 0.0096392 secs] [Times: user=0.00 sys=0.00, real=0.01 secs] 
2020-09-29T17:55:21.848+0200: 31.731: [GC (Allocation Failure) [PSYoungGen: 614725K->23331K(643584K)] 650325K->58931K(2041856K), 0.0096593 secs] [Times: user=0.13 sys=0.00, real=0.01 secs] 
2020-09-29T17:55:21.908+0200: 31.791: [GC (Allocation Failure) [PSYoungGen: 611619K->34756K(645632K)] 647219K->70356K(2043904K), 0.0136135 secs] [Times: user=0.13 sys=0.00, real=0.01 secs] 
2020-09-29T17:55:21.971+0200: 31.855: [GC (Allocation Failure) [PSYoungGen: 625092K->50821K(641536K)] 660692K->86421K(2039808K), 0.0166471 secs] [Times: user=0.13 sys=0.00, real=0.02 secs] 
2020-09-29T17:55:22.039+0200: 31.923: [GC (Allocation Failure) [PSYoungGen: 641157K->39557K(642048K)] 676757K->75157K(2040320K), 0.0152513 secs] [Times: user=0.11 sys=0.00, real=0.01 secs] 
2020-09-29T17:55:22.106+0200: 31.990: [GC (Allocation Failure) [PSYoungGen: 624261K->36003K(641536K)] 659861K->71603K(2039808K), 0.0149830 secs] [Times: user=0.11 sys=0.00, real=0.02 secs] 
2020-09-29T17:55:22.171+0200: 32.055: [GC (Allocation Failure) [PSYoungGen: 620707K->46565K(640000K)] 656307K->82165K(2038272K), 0.0176744 secs] [Times: user=0.13 sys=0.00, real=0.02 secs] 
2020-09-29T17:55:22.242+0200: 32.126: [GC (Allocation Failure) [PSYoungGen: 631781K->12930K(598528K)] 667381K->48530K(1996800K), 0.0064284 secs] [Times: user=0.00 sys=0.00, real=0.01 secs] 
2020-09-29T17:55:22.300+0200: 32.183: [GC (Allocation Failure) [PSYoungGen: 598146K->21922K(640000K)] 633746K->57522K(2038272K), 0.0096758 secs] [Times: user=0.13 sys=0.00, real=0.01 secs] 
2020-09-29T17:55:22.360+0200: 32.243: [GC (Allocation Failure) [PSYoungGen: 603042K->41732K(623104K)] 638642K->77332K(2021376K), 0.0146474 secs] [Times: user=0.13 sys=0.00, real=0.01 secs] 
2020-09-29T17:55:22.425+0200: 32.308: [GC (Allocation Failure) [PSYoungGen: 622852K->48645K(634368K)] 658452K->84245K(2032640K), 0.0159976 secs] [Times: user=0.13 sys=0.00, real=0.02 secs] 
2020-09-29T17:55:22.490+0200: 32.374: [GC (Allocation Failure) [PSYoungGen: 623621K->35717K(636928K)] 659221K->71317K(2035200K), 0.0124426 secs] [Times: user=0.00 sys=0.00, real=0.01 secs] 
2020-09-29T17:55:22.552+0200: 32.435: [GC (Allocation Failure) [PSYoungGen: 610693K->36357K(641536K)] 646293K->71957K(2039808K), 0.0124749 secs] [Times: user=0.00 sys=0.00, real=0.01 secs] 
2020-09-29T17:55:22.617+0200: 32.501: [GC (Allocation Failure) [PSYoungGen: 618501K->14915K(639488K)] 654101K->50515K(2037760K), 0.0064314 secs] [Times: user=0.00 sys=0.00, real=0.01 secs] 
2020-09-29T17:55:22.677+0200: 32.561: [GC (Allocation Failure) [PSYoungGen: 597059K->36517K(641536K)] 632659K->72117K(2039808K), 0.0134846 secs] [Times: user=0.00 sys=0.00, real=0.01 secs] 
2020-09-29T17:55:22.742+0200: 32.626: [GC (Allocation Failure) [PSYoungGen: 619173K->44901K(640000K)] 654773K->80501K(2038272K), 0.0154546 secs] [Times: user=0.13 sys=0.00, real=0.02 secs] 
2020-09-29T17:55:22.809+0200: 32.693: [GC (Allocation Failure) [PSYoungGen: 627557K->39588K(640512K)] 663157K->75188K(2038784K), 0.0169224 secs] [Times: user=0.11 sys=0.00, real=0.02 secs] 
2020-09-29T17:55:22.881+0200: 32.765: [GC (Allocation Failure) [PSYoungGen: 621220K->33220K(640000K)] 656820K->68820K(2038272K), 0.0151696 secs] [Times: user=0.13 sys=0.00, real=0.01 secs] 
2020-09-29T17:55:22.950+0200: 32.833: [GC (Allocation Failure) [PSYoungGen: 614852K->24099K(642560K)] 650452K->59699K(2040832K), 0.0108858 secs] [Times: user=0.13 sys=0.00, real=0.01 secs] 
2020-09-29T17:55:23.012+0200: 32.895: [GC (Allocation Failure) [PSYoungGen: 610339K->35653K(642560K)] 645939K->71253K(2040832K), 0.0121575 secs] [Times: user=0.13 sys=0.00, real=0.01 secs] 
2020-09-29T17:55:23.074+0200: 32.958: [GC (Allocation Failure) [PSYoungGen: 621893K->33957K(646144K)] 657493K->69557K(2044416K), 0.0114435 secs] [Times: user=0.13 sys=0.00, real=0.01 secs] 
2020-09-29T17:55:23.140+0200: 33.024: [GC (Allocation Failure) [PSYoungGen: 625317K->36004K(644096K)] 660917K->71604K(2042368K), 0.0138991 secs] [Times: user=0.13 sys=0.00, real=0.01 secs] 
2020-09-29T17:55:23.207+0200: 33.091: [GC (Allocation Failure) [PSYoungGen: 627364K->39397K(647168K)] 662964K->74997K(2045440K), 0.0171570 secs] [Times: user=0.19 sys=0.02, real=0.02 secs] 
2020-09-29T17:55:23.277+0200: 33.161: [GC (Allocation Failure) [PSYoungGen: 634853K->46981K(642560K)] 670453K->82581K(2040832K), 0.0158662 secs] [Times: user=0.13 sys=0.00, real=0.02 secs] 
2020-09-29T17:55:23.344+0200: 33.228: [GC (Allocation Failure) [PSYoungGen: 642437K->24740K(643584K)] 678037K->60340K(2041856K), 0.0103085 secs] [Times: user=0.13 sys=0.00, real=0.01 secs] 
2020-09-29T17:55:23.406+0200: 33.289: [GC (Allocation Failure) [PSYoungGen: 614052K->25796K(644096K)] 649652K->61396K(2042368K), 0.0092189 secs] [Times: user=0.13 sys=0.00, real=0.01 secs] 
2020-09-29T17:55:23.465+0200: 33.349: [GC (Allocation Failure) [PSYoungGen: 615108K->25508K(645120K)] 650708K->61108K(2043392K), 0.0098229 secs] [Times: user=0.13 sys=0.00, real=0.01 secs] 
2020-09-29T17:55:23.526+0200: 33.410: [GC (Allocation Failure) [PSYoungGen: 616356K->27812K(644608K)] 651956K->63412K(2042880K), 0.0105739 secs] [Times: user=0.13 sys=0.00, real=0.01 secs] 
2020-09-29T17:55:23.589+0200: 33.473: [GC (Allocation Failure) [PSYoungGen: 618660K->44453K(642048K)] 654260K->80053K(2040320K), 0.0155027 secs] [Times: user=0.11 sys=0.00, real=0.02 secs] 
2020-09-29T17:55:23.657+0200: 33.541: [GC (Allocation Failure) [PSYoungGen: 633765K->45893K(635392K)] 669365K->81493K(2033664K), 0.0162145 secs] [Times: user=0.13 sys=0.00, real=0.02 secs] 
2020-09-29T17:55:23.725+0200: 33.608: [GC (Allocation Failure) [PSYoungGen: 635205K->47301K(636416K)] 670805K->82901K(2034688K), 0.0161420 secs] [Times: user=0.13 sys=0.00, real=0.02 secs] 
2020-09-29T17:55:23.790+0200: 33.674: [GC (Allocation Failure) [PSYoungGen: 626373K->38405K(638976K)] 661973K->74005K(2037248K), 0.0131849 secs] [Times: user=0.13 sys=0.00, real=0.01 secs] 
2020-09-29T17:55:23.854+0200: 33.738: [GC (Allocation Failure) [PSYoungGen: 617477K->42756K(640512K)] 653077K->78356K(2038784K), 0.0153826 secs] [Times: user=0.13 sys=0.00, real=0.01 secs] 
2020-09-29T17:55:23.920+0200: 33.803: [GC (Allocation Failure) [PSYoungGen: 624900K->22980K(640512K)] 660500K->58580K(2038784K), 0.0094140 secs] [Times: user=0.13 sys=0.00, real=0.01 secs] 
2020-09-29T17:55:23.979+0200: 33.862: [GC (Allocation Failure) [PSYoungGen: 605124K->29028K(641536K)] 640724K->64628K(2039808K), 0.0106633 secs] [Times: user=0.13 sys=0.00, real=0.01 secs] 
2020-09-29T17:55:24.041+0200: 33.924: [GC (Allocation Failure) [PSYoungGen: 612196K->24101K(640512K)] 647796K->59701K(2038784K), 0.0083292 secs] [Times: user=0.00 sys=0.00, real=0.01 secs] 
2020-09-29T17:55:24.100+0200: 33.983: [GC (Allocation Failure) [PSYoungGen: 607269K->31908K(643584K)] 642869K->67508K(2041856K), 0.0116068 secs] [Times: user=0.00 sys=0.00, real=0.01 secs] 
2020-09-29T17:55:24.162+0200: 34.045: [GC (Allocation Failure) [PSYoungGen: 618148K->43877K(641536K)] 653748K->79477K(2039808K), 0.0151480 secs] [Times: user=0.13 sys=0.00, real=0.02 secs] 
2020-09-29T17:55:24.231+0200: 34.115: [GC (Allocation Failure) [PSYoungGen: 630117K->42213K(641024K)] 665717K->77813K(2039296K), 0.0151006 secs] [Times: user=0.13 sys=0.00, real=0.02 secs] 
2020-09-29T17:55:24.298+0200: 34.182: [GC (Allocation Failure) [PSYoungGen: 626405K->37444K(641536K)] 662005K->73044K(2039808K), 0.0135625 secs] [Times: user=0.13 sys=0.00, real=0.02 secs] 
2020-09-29T17:55:24.368+0200: 34.252: [GC (Allocation Failure) [PSYoungGen: 621636K->33797K(644608K)] 657236K->69397K(2042880K), 0.0112895 secs] [Times: user=0.13 sys=0.00, real=0.01 secs] 
2020-09-29T17:55:24.431+0200: 34.315: [GC (Allocation Failure) [PSYoungGen: 622597K->48101K(636928K)] 658197K->83701K(2035200K), 0.0162122 secs] [Times: user=0.13 sys=0.00, real=0.02 secs] 
2020-09-29T17:55:24.498+0200: 34.382: [GC (Allocation Failure) [PSYoungGen: 636901K->35365K(643584K)] 672501K->70965K(2041856K), 0.0124307 secs] [Times: user=0.13 sys=0.00, real=0.01 secs] 
2020-09-29T17:55:24.561+0200: 34.445: [GC (Allocation Failure) [PSYoungGen: 622117K->33764K(642048K)] 657717K->69364K(2040320K), 0.0123743 secs] [Times: user=0.13 sys=0.00, real=0.01 secs] 
2020-09-29T17:55:24.628+0200: 34.512: [GC (Allocation Failure) [PSYoungGen: 620516K->46213K(641024K)] 656116K->81813K(2039296K), 0.0164524 secs] [Times: user=0.14 sys=0.01, real=0.02 secs] 
2020-09-29T17:55:24.696+0200: 34.580: [GC (Allocation Failure) [PSYoungGen: 633477K->31941K(643072K)] 669077K->67541K(2041344K), 0.0115202 secs] [Times: user=0.13 sys=0.00, real=0.01 secs] 
2020-09-29T17:55:24.758+0200: 34.642: [GC (Allocation Failure) [PSYoungGen: 619205K->44933K(641024K)] 654805K->80533K(2039296K), 0.0154962 secs] [Times: user=0.13 sys=0.00, real=0.02 secs] 
2020-09-29T17:55:24.825+0200: 34.709: [GC (Allocation Failure) [PSYoungGen: 631173K->28612K(642560K)] 666773K->64212K(2040832K), 0.0105271 secs] [Times: user=0.13 sys=0.00, real=0.01 secs] 
2020-09-29T17:55:24.886+0200: 34.770: [GC (Allocation Failure) [PSYoungGen: 614852K->40581K(643584K)] 650452K->76181K(2041856K), 0.0144413 secs] [Times: user=0.13 sys=0.00, real=0.02 secs] 
2020-09-29T17:55:24.952+0200: 34.836: [GC (Allocation Failure) [PSYoungGen: 628357K->38916K(643072K)] 663957K->74516K(2041344K), 0.0138567 secs] [Times: user=0.13 sys=0.00, real=0.01 secs] 
2020-09-29T17:55:25.016+0200: 34.900: [GC (Allocation Failure) [PSYoungGen: 626692K->38404K(645632K)] 662292K->74004K(2043904K), 0.0141792 secs] [Times: user=0.13 sys=0.00, real=0.01 secs] 
2020-09-29T17:55:25.082+0200: 34.966: [GC (Allocation Failure) [PSYoungGen: 629764K->39940K(644608K)] 665364K->75540K(2042880K), 0.0147788 secs] [Times: user=0.00 sys=0.00, real=0.01 secs] 
2020-09-29T17:55:25.150+0200: 35.034: [GC (Allocation Failure) [PSYoungGen: 631300K->43365K(644608K)] 666900K->78965K(2042880K), 0.0151381 secs] [Times: user=0.13 sys=0.00, real=0.01 secs] 
2020-09-29T17:55:25.219+0200: 35.103: [GC (Allocation Failure) [PSYoungGen: 635749K->32420K(645632K)] 671349K->68020K(2043904K), 0.0138618 secs] [Times: user=0.13 sys=0.00, real=0.01 secs] 
2020-09-29T17:55:25.286+0200: 35.170: [GC (Allocation Failure) [PSYoungGen: 624804K->36933K(647680K)] 660404K->72533K(2045952K), 0.0124398 secs] [Times: user=0.00 sys=0.00, real=0.01 secs] 
2020-09-29T17:55:25.350+0200: 35.234: [GC (Allocation Failure) [PSYoungGen: 631877K->29124K(646144K)] 667477K->64724K(2044416K), 0.0113474 secs] [Times: user=0.00 sys=0.00, real=0.01 secs] 
2020-09-29T17:55:25.413+0200: 35.297: [GC (Allocation Failure) [PSYoungGen: 624068K->35588K(648704K)] 659668K->71188K(2046976K), 0.0126201 secs] [Times: user=0.00 sys=0.00, real=0.01 secs] 
2020-09-29T17:55:25.476+0200: 35.360: [GC (Allocation Failure) [PSYoungGen: 633092K->50149K(647680K)] 668692K->94397K(2045952K), 0.0205773 secs] [Times: user=0.13 sys=0.00, real=0.02 secs] 
2020-09-29T17:55:25.548+0200: 35.432: [GC (Allocation Failure) [PSYoungGen: 647653K->25411K(635392K)] 691901K->69659K(2033664K), 0.0102221 secs] [Times: user=0.13 sys=0.00, real=0.01 secs] 
2020-09-29T17:55:25.612+0200: 35.496: [GC (Allocation Failure) [PSYoungGen: 609603K->35172K(641536K)] 653851K->79420K(2039808K), 0.0133854 secs] [Times: user=0.11 sys=0.00, real=0.01 secs] 
2020-09-29T17:55:25.676+0200: 35.560: [GC (Allocation Failure) [PSYoungGen: 619364K->45157K(641024K)] 663612K->89405K(2039296K), 0.0150411 secs] [Times: user=0.00 sys=0.00, real=0.02 secs] 
2020-09-29T17:55:25.756+0200: 35.640: [GC (Allocation Failure) [PSYoungGen: 630373K->42469K(642048K)] 674621K->86717K(2040320K), 0.0146185 secs] [Times: user=0.13 sys=0.00, real=0.01 secs] 
2020-09-29T17:55:25.821+0200: 35.705: [GC (Allocation Failure) [PSYoungGen: 627685K->39813K(643584K)] 671933K->84061K(2041856K), 0.0129008 secs] [Times: user=0.13 sys=0.00, real=0.01 secs] 
2020-09-29T17:55:25.885+0200: 35.769: [GC (Allocation Failure) [PSYoungGen: 626565K->23396K(642048K)] 670813K->67644K(2040320K), 0.0085926 secs] [Times: user=0.00 sys=0.00, real=0.01 secs] 
2020-09-29T17:55:25.944+0200: 35.828: [GC (Allocation Failure) [PSYoungGen: 610148K->35909K(644096K)] 654396K->80157K(2042368K), 0.0120316 secs] [Times: user=0.00 sys=0.00, real=0.01 secs] 
2020-09-29T17:55:26.009+0200: 35.893: [GC (Allocation Failure) [PSYoungGen: 623685K->21988K(642560K)] 667933K->66236K(2040832K), 0.0083843 secs] [Times: user=0.00 sys=0.00, real=0.01 secs] 
2020-09-29T17:55:26.068+0200: 35.952: [GC (Allocation Failure) [PSYoungGen: 609764K->21892K(642560K)] 654012K->66140K(2040832K), 0.0080866 secs] [Times: user=0.00 sys=0.00, real=0.01 secs] 
2020-09-29T17:55:26.127+0200: 36.011: [GC (Allocation Failure) [PSYoungGen: 609156K->34885K(643072K)] 653404K->79133K(2041344K), 0.0119962 secs] [Times: user=0.13 sys=0.00, real=0.01 secs] 
2020-09-29T17:55:26.191+0200: 36.075: [GC (Allocation Failure) [PSYoungGen: 622149K->34277K(646656K)] 666397K->78525K(2044928K), 0.0163053 secs] [Times: user=0.19 sys=0.00, real=0.02 secs] 
2020-09-29T17:55:26.261+0200: 36.145: [GC (Allocation Failure) [PSYoungGen: 627173K->39269K(645120K)] 671421K->83517K(2043392K), 0.0139775 secs] [Times: user=0.13 sys=0.00, real=0.01 secs] 
2020-09-29T17:55:26.327+0200: 36.211: [GC (Allocation Failure) [PSYoungGen: 632165K->29316K(647680K)] 676413K->73564K(2045952K), 0.0105841 secs] [Times: user=0.13 sys=0.00, real=0.01 secs] 
2020-09-29T17:55:26.389+0200: 36.273: [GC (Allocation Failure) [PSYoungGen: 624772K->34948K(646656K)] 669020K->79196K(2044928K), 0.0133504 secs] [Times: user=0.13 sys=0.00, real=0.01 secs] 
2020-09-29T17:55:26.453+0200: 36.337: [GC (Allocation Failure) [PSYoungGen: 630404K->42437K(646656K)] 674652K->86685K(2044928K), 0.0145988 secs] [Times: user=0.13 sys=0.00, real=0.01 secs] 
2020-09-29T17:55:26.521+0200: 36.405: [GC (Allocation Failure) [PSYoungGen: 638917K->37124K(647680K)] 683165K->81372K(2045952K), 0.0135532 secs] [Times: user=0.13 sys=0.00, real=0.01 secs] 
2020-09-29T17:55:26.587+0200: 36.471: [GC (Allocation Failure) [PSYoungGen: 633604K->31812K(649216K)] 677852K->76060K(2047488K), 0.0129584 secs] [Times: user=0.11 sys=0.00, real=0.01 secs] 
2020-09-29T17:55:26.654+0200: 36.538: [GC (Allocation Failure) [PSYoungGen: 630340K->26564K(648192K)] 674588K->70812K(2046464K), 0.0105489 secs] [Times: user=0.13 sys=0.00, real=0.01 secs] 
2020-09-29T17:55:26.715+0200: 36.599: [GC (Allocation Failure) [PSYoungGen: 625092K->49637K(640000K)] 669340K->94981K(2038272K), 0.0173659 secs] [Times: user=0.13 sys=0.00, real=0.02 secs] 
2020-09-29T17:55:26.784+0200: 36.668: [GC (Allocation Failure) [PSYoungGen: 639973K->37829K(644608K)] 685317K->83173K(2042880K), 0.0129299 secs] [Times: user=0.13 sys=0.00, real=0.01 secs] 
2020-09-29T17:55:26.848+0200: 36.732: [GC (Allocation Failure) [PSYoungGen: 628165K->53221K(636416K)] 673509K->99117K(2034688K), 0.0178266 secs] [Times: user=0.13 sys=0.00, real=0.02 secs] 
2020-09-29T17:55:26.917+0200: 36.801: [GC (Allocation Failure) [PSYoungGen: 636389K->35461K(641024K)] 682285K->81357K(2039296K), 0.0119357 secs] [Times: user=0.13 sys=0.00, real=0.01 secs] 
2020-09-29T17:55:26.979+0200: 36.863: [GC (Allocation Failure) [PSYoungGen: 618629K->44356K(640512K)] 664525K->90252K(2038784K), 0.0155581 secs] [Times: user=0.13 sys=0.00, real=0.01 secs] 
2020-09-29T17:55:27.045+0200: 36.929: [GC (Allocation Failure) [PSYoungGen: 628548K->26885K(641536K)] 674444K->72781K(2039808K), 0.0094550 secs] [Times: user=0.13 sys=0.00, real=0.02 secs] 
2020-09-29T17:55:27.118+0200: 37.003: [GC (Allocation Failure) [PSYoungGen: 611077K->36805K(643584K)] 656973K->82701K(2041856K), 0.0133947 secs] [Times: user=0.13 sys=0.00, real=0.01 secs] 
2020-09-29T17:55:27.183+0200: 37.067: [GC (Allocation Failure) [PSYoungGen: 623045K->35141K(641536K)] 668941K->81037K(2039808K), 0.0154857 secs] [Times: user=0.11 sys=0.00, real=0.01 secs] 
2020-09-29T17:55:27.251+0200: 37.135: [GC (Allocation Failure) [PSYoungGen: 621381K->33477K(646144K)] 667277K->79373K(2044416K), 0.0121170 secs] [Times: user=0.13 sys=0.00, real=0.01 secs] 
2020-09-29T17:55:27.316+0200: 37.200: [GC (Allocation Failure) [PSYoungGen: 625861K->36132K(645120K)] 671757K->82028K(2043392K), 0.0146736 secs] [Times: user=0.11 sys=0.00, real=0.02 secs] 
2020-09-29T17:55:27.383+0200: 37.267: [GC (Allocation Failure) [PSYoungGen: 628516K->40581K(647680K)] 674412K->86477K(2045952K), 0.0142576 secs] [Times: user=0.13 sys=0.00, real=0.01 secs] 
2020-09-29T17:55:27.448+0200: 37.333: [GC (Allocation Failure) [PSYoungGen: 637061K->49189K(646144K)] 682957K->95085K(2044416K), 0.0167850 secs] [Times: user=0.13 sys=0.00, real=0.02 secs] 
2020-09-29T17:55:27.516+0200: 37.400: [GC (Allocation Failure) [PSYoungGen: 645669K->29860K(643072K)] 691565K->75756K(2041344K), 0.0106229 secs] [Times: user=0.13 sys=0.00, real=0.01 secs] 
2020-09-29T17:55:27.580+0200: 37.464: [GC (Allocation Failure) [PSYoungGen: 620196K->31748K(644608K)] 666092K->77644K(2042880K), 0.0122816 secs] [Times: user=0.11 sys=0.00, real=0.01 secs] 
2020-09-29T17:55:27.644+0200: 37.528: [GC (Allocation Failure) [PSYoungGen: 622084K->30500K(646144K)] 667980K->76396K(2044416K), 0.0117760 secs] [Times: user=0.13 sys=0.00, real=0.01 secs] 
2020-09-29T17:55:27.707+0200: 37.591: [GC (Allocation Failure) [PSYoungGen: 623396K->49157K(642560K)] 669292K->95053K(2040832K), 0.0174162 secs] [Times: user=0.13 sys=0.00, real=0.02 secs] 
2020-09-29T17:55:27.777+0200: 37.661: [GC (Allocation Failure) [PSYoungGen: 642053K->40485K(643584K)] 687949K->86381K(2041856K), 0.0135880 secs] [Times: user=0.13 sys=0.00, real=0.01 secs] 
2020-09-29T17:55:27.841+0200: 37.725: [GC (Allocation Failure) [PSYoungGen: 628261K->26661K(643072K)] 674157K->72557K(2041344K), 0.0098336 secs] [Times: user=0.13 sys=0.00, real=0.01 secs] 
2020-09-29T17:55:27.902+0200: 37.786: [GC (Allocation Failure) [PSYoungGen: 614437K->37797K(644608K)] 660333K->83693K(2042880K), 0.0139726 secs] [Times: user=0.13 sys=0.00, real=0.01 secs] 
2020-09-29T17:55:27.968+0200: 37.852: [GC (Allocation Failure) [PSYoungGen: 627109K->39205K(643584K)] 673005K->85101K(2041856K), 0.0139471 secs] [Times: user=0.13 sys=0.00, real=0.01 secs] 
2020-09-29T17:55:28.033+0200: 37.918: [GC (Allocation Failure) [PSYoungGen: 628517K->39620K(646144K)] 674413K->85516K(2044416K), 0.0143634 secs] [Times: user=0.13 sys=0.00, real=0.02 secs] 
2020-09-29T17:55:28.099+0200: 37.983: [GC (Allocation Failure) [PSYoungGen: 632516K->30756K(645632K)] 678412K->76652K(2043904K), 0.0112591 secs] [Times: user=0.00 sys=0.00, real=0.01 secs] 
2020-09-29T17:55:28.163+0200: 38.048: [GC (Allocation Failure) [PSYoungGen: 623652K->35813K(648192K)] 669548K->81709K(2046464K), 0.0122792 secs] [Times: user=0.00 sys=0.00, real=0.01 secs] 
2020-09-29T17:55:28.230+0200: 38.114: [GC (Allocation Failure) [PSYoungGen: 631781K->30117K(646656K)] 677677K->76013K(2044928K), 0.0118969 secs] [Times: user=0.13 sys=0.00, real=0.01 secs] 
2020-09-29T17:55:28.302+0200: 38.185: [GC (Allocation Failure) [PSYoungGen: 626085K->38213K(648704K)] 671981K->84109K(2046976K), 0.0143693 secs] [Times: user=0.00 sys=0.00, real=0.01 secs] 
2020-09-29T17:55:28.371+0200: 38.255: [GC (Allocation Failure) [PSYoungGen: 636229K->48293K(646656K)] 682125K->94189K(2044928K), 0.0175286 secs] [Times: user=0.13 sys=0.00, real=0.02 secs] 
2020-09-29T17:55:28.444+0200: 38.327: [GC (Allocation Failure) [PSYoungGen: 646309K->30500K(645632K)] 692205K->76396K(2043904K), 0.0139923 secs] [Times: user=0.01 sys=0.00, real=0.01 secs] 
2020-09-29T17:55:28.511+0200: 38.395: [GC (Allocation Failure) [PSYoungGen: 623908K->36005K(646144K)] 669804K->81901K(2044416K), 0.0121489 secs] [Times: user=0.13 sys=0.00, real=0.01 secs] 
2020-09-29T17:55:28.575+0200: 38.459: [GC (Allocation Failure) [PSYoungGen: 629413K->41477K(646656K)] 675309K->87373K(2044928K), 0.0156442 secs] [Times: user=0.11 sys=0.00, real=0.02 secs] 
2020-09-29T17:55:28.647+0200: 38.530: [GC (Allocation Failure) [PSYoungGen: 636933K->19043K(614912K)] 682829K->64939K(2013184K), 0.0083467 secs] [Times: user=0.00 sys=0.00, real=0.01 secs] 
2020-09-29T17:55:28.706+0200: 38.590: [GC (Allocation Failure) [PSYoungGen: 614499K->40261K(645632K)] 660395K->86157K(2043904K), 0.0141699 secs] [Times: user=0.13 sys=0.00, real=0.01 secs] 
2020-09-29T17:55:28.772+0200: 38.656: [GC (Allocation Failure) [PSYoungGen: 632645K->44741K(637440K)] 678541K->90637K(2035712K), 0.0157768 secs] [Times: user=0.13 sys=0.00, real=0.02 secs] 
2020-09-29T17:55:28.840+0200: 38.724: [GC (Allocation Failure) [PSYoungGen: 637125K->49189K(637952K)] 683021K->95085K(2036224K), 0.0166977 secs] [Times: user=0.13 sys=0.00, real=0.02 secs] 
2020-09-29T17:55:28.907+0200: 38.791: [GC (Allocation Failure) [PSYoungGen: 632357K->16963K(600576K)] 678253K->62859K(1998848K), 0.0068893 secs] [Times: user=0.13 sys=0.00, real=0.01 secs] 
2020-09-29T17:55:28.967+0200: 38.851: [GC (Allocation Failure) [PSYoungGen: 600131K->39557K(640512K)] 646027K->85453K(2038784K), 0.0139155 secs] [Times: user=0.13 sys=0.00, real=0.01 secs] 
2020-09-29T17:55:29.033+0200: 38.916: [GC (Allocation Failure) [PSYoungGen: 620677K->16419K(639488K)] 666573K->62315K(2037760K), 0.0070400 secs] [Times: user=0.13 sys=0.00, real=0.01 secs] 
2020-09-29T17:55:29.091+0200: 38.975: [GC (Allocation Failure) [PSYoungGen: 597539K->36068K(641024K)] 643435K->81964K(2039296K), 0.0135883 secs] [Times: user=0.13 sys=0.00, real=0.01 secs] 
2020-09-29T17:55:29.157+0200: 39.041: [GC (Allocation Failure) [PSYoungGen: 617700K->43332K(639488K)] 663596K->89228K(2037760K), 0.0150644 secs] [Times: user=0.13 sys=0.00, real=0.01 secs] 
2020-09-29T17:55:29.226+0200: 39.110: [GC (Allocation Failure) [PSYoungGen: 624964K->22981K(640512K)] 670860K->68877K(2038784K), 0.0085466 secs] [Times: user=0.00 sys=0.00, real=0.01 secs] 
2020-09-29T17:55:29.286+0200: 39.170: [GC (Allocation Failure) [PSYoungGen: 604613K->57701K(639488K)] 650509K->103597K(2037760K), 0.0184420 secs] [Times: user=0.13 sys=0.00, real=0.02 secs] 
2020-09-29T17:55:29.354+0200: 39.238: [GC (Allocation Failure) [PSYoungGen: 639333K->36004K(634368K)] 685229K->81900K(2032640K), 0.0128844 secs] [Times: user=0.13 sys=0.00, real=0.01 secs] 
2020-09-29T17:55:29.419+0200: 39.303: [GC (Allocation Failure) [PSYoungGen: 610980K->35108K(636928K)] 656876K->81004K(2035200K), 0.0137247 secs] [Times: user=0.13 sys=0.00, real=0.01 secs] 
2020-09-29T17:55:29.482+0200: 39.366: [GC (Allocation Failure) [PSYoungGen: 610084K->20739K(638976K)] 655980K->66635K(2037248K), 0.0087904 secs] [Times: user=0.13 sys=0.00, real=0.01 secs] 
2020-09-29T17:55:29.542+0200: 39.426: [GC (Allocation Failure) [PSYoungGen: 599811K->38277K(638976K)] 645707K->84173K(2037248K), 0.0129119 secs] [Times: user=0.13 sys=0.00, real=0.01 secs] 
2020-09-29T17:55:29.607+0200: 39.490: [GC (Allocation Failure) [PSYoungGen: 617349K->29348K(641536K)] 663245K->75244K(2039808K), 0.0119741 secs] [Times: user=0.11 sys=0.00, real=0.01 secs] 
2020-09-29T17:55:29.669+0200: 39.553: [GC (Allocation Failure) [PSYoungGen: 612004K->37541K(640000K)] 657900K->83437K(2038272K), 0.0132165 secs] [Times: user=0.13 sys=0.00, real=0.01 secs] 
2020-09-29T17:55:29.733+0200: 39.616: [GC (Allocation Failure) [PSYoungGen: 620197K->17059K(640512K)] 666093K->62955K(2038784K), 0.0071608 secs] [Times: user=0.13 sys=0.00, real=0.01 secs] 
2020-09-29T17:55:29.794+0200: 39.678: [GC (Allocation Failure) [PSYoungGen: 601251K->54373K(638976K)] 647147K->100269K(2037248K), 0.0180136 secs] [Times: user=0.13 sys=0.00, real=0.02 secs] 
2020-09-29T17:55:29.862+0200: 39.746: [GC (Allocation Failure) [PSYoungGen: 638565K->36997K(636928K)] 684461K->82893K(2035200K), 0.0129719 secs] [Times: user=0.13 sys=0.00, real=0.01 secs] 
2020-09-29T17:55:29.925+0200: 39.809: [GC (Allocation Failure) [PSYoungGen: 614021K->25539K(637952K)] 659917K->71435K(2036224K), 0.0107510 secs] [Times: user=0.11 sys=0.02, real=0.01 secs] 
2020-09-29T17:55:29.986+0200: 39.870: [GC (Allocation Failure) [PSYoungGen: 602563K->41861K(638976K)] 648459K->87757K(2037248K), 0.0149596 secs] [Times: user=0.13 sys=0.00, real=0.01 secs] 
2020-09-29T17:55:30.051+0200: 39.935: [GC (Allocation Failure) [PSYoungGen: 620933K->46629K(626176K)] 666829K->92525K(2024448K), 0.0205506 secs] [Times: user=0.13 sys=0.00, real=0.02 secs] 
2020-09-29T17:55:30.122+0200: 40.006: [GC (Allocation Failure) [PSYoungGen: 625701K->37797K(638976K)] 671597K->83693K(2037248K), 0.0166853 secs] [Times: user=0.13 sys=0.00, real=0.02 secs] 
2020-09-29T17:55:30.194+0200: 40.078: [GC (Allocation Failure) [PSYoungGen: 614821K->24036K(636928K)] 660717K->69932K(2035200K), 0.0132667 secs] [Times: user=0.08 sys=0.00, real=0.01 secs] 
2020-09-29T17:55:30.258+0200: 40.142: [GC (Allocation Failure) [PSYoungGen: 601060K->39109K(640000K)] 646956K->85005K(2038272K), 0.0170574 secs] [Times: user=0.13 sys=0.00, real=0.02 secs] 
2020-09-29T17:55:30.325+0200: 40.209: [GC (Allocation Failure) [PSYoungGen: 619205K->44933K(638976K)] 665101K->90829K(2037248K), 0.0192865 secs] [Times: user=0.13 sys=0.00, real=0.02 secs] 
2020-09-29T17:55:30.394+0200: 40.278: [GC (Allocation Failure) [PSYoungGen: 625029K->37125K(641024K)] 670925K->83021K(2039296K), 0.0160817 secs] [Times: user=0.13 sys=0.00, real=0.02 secs] 
2020-09-29T17:55:30.464+0200: 40.348: [GC (Allocation Failure) [PSYoungGen: 618245K->29828K(638976K)] 664141K->75724K(2037248K), 0.0136544 secs] [Times: user=0.13 sys=0.00, real=0.01 secs] 
2020-09-29T17:55:30.531+0200: 40.415: [GC (Allocation Failure) [PSYoungGen: 610948K->36709K(643584K)] 656844K->82605K(2041856K), 0.0153120 secs] [Times: user=0.13 sys=0.00, real=0.02 secs] 
2020-09-29T17:55:30.598+0200: 40.482: [GC (Allocation Failure) [PSYoungGen: 623461K->34596K(642048K)] 669357K->80492K(2040320K), 0.0176042 secs] [Times: user=0.11 sys=0.00, real=0.02 secs] 
2020-09-29T17:55:30.668+0200: 40.552: [GC (Allocation Failure) [PSYoungGen: 621348K->33477K(646656K)] 667244K->79373K(2044928K), 0.0153738 secs] [Times: user=0.13 sys=0.00, real=0.02 secs] 
2020-09-29T17:55:30.735+0200: 40.619: [GC (Allocation Failure) [PSYoungGen: 626885K->38693K(645632K)] 672781K->84589K(2043904K), 0.0170233 secs] [Times: user=0.13 sys=0.00, real=0.02 secs] 
2020-09-29T17:55:30.803+0200: 40.687: [GC (Allocation Failure) [PSYoungGen: 632101K->30436K(647680K)] 677997K->76332K(2045952K), 0.0140559 secs] [Times: user=0.13 sys=0.00, real=0.01 secs] 
2020-09-29T17:55:30.868+0200: 40.752: [GC (Allocation Failure) [PSYoungGen: 626404K->38501K(647168K)] 672300K->84397K(2045440K), 0.0163847 secs] [Times: user=0.13 sys=0.00, real=0.02 secs] 
2020-09-29T17:55:30.937+0200: 40.821: [GC (Allocation Failure) [PSYoungGen: 634469K->18052K(645120K)] 680365K->63948K(2043392K), 0.0080195 secs] [Times: user=0.13 sys=0.00, real=0.01 secs] 
2020-09-29T17:55:30.997+0200: 40.881: [GC (Allocation Failure) [PSYoungGen: 612484K->38181K(646656K)] 658380K->84077K(2044928K), 0.0155895 secs] [Times: user=0.13 sys=0.00, real=0.02 secs] 
2020-09-29T17:55:31.065+0200: 40.949: [GC (Allocation Failure) [PSYoungGen: 632613K->44709K(642048K)] 678509K->90605K(2040320K), 0.0198178 secs] [Times: user=0.25 sys=0.00, real=0.02 secs] 
2020-09-29T17:55:31.140+0200: 41.024: [GC (Allocation Failure) [PSYoungGen: 635045K->33413K(644608K)] 680941K->79309K(2042880K), 0.0152083 secs] [Times: user=0.13 sys=0.00, real=0.01 secs] 
2020-09-29T17:55:31.208+0200: 41.092: [GC (Allocation Failure) [PSYoungGen: 623749K->49509K(638976K)] 669645K->95405K(2037248K), 0.0227200 secs] [Times: user=0.09 sys=0.00, real=0.02 secs] 
2020-09-29T17:55:31.282+0200: 41.165: [GC (Allocation Failure) [PSYoungGen: 635749K->47909K(634368K)] 681645K->93805K(2032640K), 0.0204513 secs] [Times: user=0.25 sys=0.00, real=0.02 secs] 
2020-09-29T17:55:31.353+0200: 41.237: [GC (Allocation Failure) [PSYoungGen: 634149K->30980K(641536K)] 680045K->76876K(2039808K), 0.0144713 secs] [Times: user=0.13 sys=0.00, real=0.02 secs] 
2020-09-29T17:55:31.418+0200: 41.301: [GC (Allocation Failure) [PSYoungGen: 614148K->25381K(640512K)] 660044K->71277K(2038784K), 0.0115421 secs] [Times: user=0.11 sys=0.00, real=0.01 secs] 
2020-09-29T17:55:31.481+0200: 41.364: [GC (Allocation Failure) [PSYoungGen: 608549K->29124K(642560K)] 654445K->75020K(2040832K), 0.0139382 secs] [Times: user=0.13 sys=0.00, real=0.01 secs] 
2020-09-29T17:55:31.545+0200: 41.428: [GC (Allocation Failure) [PSYoungGen: 614340K->38564K(641536K)] 660236K->84460K(2039808K), 0.0174601 secs] [Times: user=0.13 sys=0.00, real=0.02 secs] 
2020-09-29T17:55:31.614+0200: 41.497: [GC (Allocation Failure) [PSYoungGen: 623780K->35813K(645120K)] 669676K->81709K(2043392K), 0.0178561 secs] [Times: user=0.11 sys=0.00, real=0.02 secs] 
2020-09-29T17:55:31.684+0200: 41.568: [GC (Allocation Failure) [PSYoungGen: 625125K->20804K(643072K)] 671021K->66700K(2041344K), 0.0100131 secs] [Times: user=0.11 sys=0.00, real=0.01 secs] 
2020-09-29T17:55:31.745+0200: 41.629: [GC (Allocation Failure) [PSYoungGen: 610116K->49573K(636416K)] 656012K->95469K(2034688K), 0.0206934 secs] [Times: user=0.13 sys=0.00, real=0.02 secs] 
2020-09-29T17:55:31.816+0200: 41.700: [GC (Allocation Failure) [PSYoungGen: 631717K->43877K(626176K)] 677613K->89773K(2024448K), 0.0190714 secs] [Times: user=0.25 sys=0.00, real=0.02 secs] 
2020-09-29T17:55:31.885+0200: 41.768: [GC (Allocation Failure) [PSYoungGen: 626021K->38085K(641536K)] 671917K->83981K(2039808K), 0.0168034 secs] [Times: user=0.13 sys=0.00, real=0.02 secs] 
2020-09-29T17:55:31.958+0200: 41.842: [GC (Allocation Failure) [PSYoungGen: 620741K->32420K(640000K)] 666637K->78316K(2038272K), 0.0147031 secs] [Times: user=0.00 sys=0.00, real=0.02 secs] 
2020-09-29T17:55:32.026+0200: 41.909: [GC (Allocation Failure) [PSYoungGen: 615076K->27013K(643072K)] 660972K->72909K(2041344K), 0.0111566 secs] [Times: user=0.13 sys=0.00, real=0.01 secs] 
2020-09-29T17:55:32.094+0200: 41.977: [GC (Allocation Failure) [PSYoungGen: 614277K->25507K(643072K)] 660173K->71403K(2041344K), 0.0133461 secs] [Times: user=0.13 sys=0.00, real=0.01 secs] 
2020-09-29T17:55:32.158+0200: 42.041: [GC (Allocation Failure) [PSYoungGen: 612771K->38533K(644096K)] 658667K->84429K(2042368K), 0.0166311 secs] [Times: user=0.13 sys=0.00, real=0.02 secs] 
2020-09-29T17:55:32.229+0200: 42.112: [GC (Allocation Failure) [PSYoungGen: 625738K->8546K(597504K)] 671634K->54442K(1995776K), 0.0058085 secs] [Times: user=0.00 sys=0.00, real=0.01 secs] 
2020-09-29T17:55:32.285+0200: 42.169: [GC (Allocation Failure) [PSYoungGen: 597346K->36677K(642560K)] 643242K->82573K(2040832K), 0.0163157 secs] [Times: user=0.08 sys=0.00, real=0.02 secs] 
2020-09-29T17:55:32.354+0200: 42.237: [GC (Allocation Failure) [PSYoungGen: 621893K->45924K(631296K)] 667789K->91820K(2029568K), 0.0205627 secs] [Times: user=0.13 sys=0.00, real=0.02 secs] 
2020-09-29T17:55:32.424+0200: 42.308: [GC (Allocation Failure) [PSYoungGen: 631140K->27555K(641024K)] 677036K->73451K(2039296K), 0.0139636 secs] [Times: user=0.13 sys=0.00, real=0.01 secs] 
2020-09-29T17:55:32.490+0200: 42.374: [GC (Allocation Failure) [PSYoungGen: 609699K->49189K(631808K)] 655595K->95085K(2030080K), 0.0207813 secs] [Times: user=0.13 sys=0.00, real=0.02 secs] 
2020-09-29T17:55:32.562+0200: 42.446: [GC (Allocation Failure) [PSYoungGen: 631333K->43333K(636928K)] 677229K->89229K(2035200K), 0.0229387 secs] [Times: user=0.19 sys=0.00, real=0.02 secs] 
2020-09-29T17:55:32.637+0200: 42.521: [GC (Allocation Failure) [PSYoungGen: 619333K->31461K(637440K)] 665229K->77357K(2035712K), 0.0131577 secs] [Times: user=0.13 sys=0.00, real=0.01 secs] 
2020-09-29T17:55:32.708+0200: 42.592: [GC (Allocation Failure) [PSYoungGen: 607461K->30852K(640512K)] 653357K->76748K(2038784K), 0.0157565 secs] [Times: user=0.13 sys=0.00, real=0.02 secs] 
2020-09-29T17:55:32.774+0200: 42.658: [GC (Allocation Failure) [PSYoungGen: 611460K->36452K(638976K)] 657356K->82348K(2037248K), 0.0173026 secs] [Times: user=0.11 sys=0.00, real=0.02 secs] 
2020-09-29T17:55:32.841+0200: 42.725: [GC (Allocation Failure) [PSYoungGen: 617060K->28004K(643584K)] 662956K->73900K(2041856K), 0.0138483 secs] [Times: user=0.13 sys=0.00, real=0.01 secs] 
2020-09-29T17:55:32.904+0200: 42.788: [GC (Allocation Failure) [PSYoungGen: 615268K->26148K(642560K)] 661164K->72044K(2040832K), 0.0127607 secs] [Times: user=0.13 sys=0.00, real=0.01 secs] 
2020-09-29T17:55:32.968+0200: 42.852: [GC (Allocation Failure) [PSYoungGen: 613412K->23875K(644608K)] 659308K->69771K(2042880K), 0.0116690 secs] [Times: user=0.13 sys=0.00, real=0.01 secs] 
2020-09-29T17:55:33.034+0200: 42.918: [GC (Allocation Failure) [PSYoungGen: 613699K->39397K(644096K)] 659595K->85293K(2042368K), 0.0169887 secs] [Times: user=0.13 sys=0.02, real=0.02 secs] 
2020-09-29T17:55:33.102+0200: 42.986: [GC (Allocation Failure) [PSYoungGen: 629221K->27589K(645120K)] 675117K->73485K(2043392K), 0.0120880 secs] [Times: user=0.13 sys=0.00, real=0.01 secs] 
2020-09-29T17:55:33.167+0200: 43.051: [GC (Allocation Failure) [PSYoungGen: 617925K->30021K(644096K)] 663821K->75917K(2042368K), 0.0133532 secs] [Times: user=0.13 sys=0.00, real=0.01 secs] 
2020-09-29T17:55:33.239+0200: 43.123: [GC (Allocation Failure) [PSYoungGen: 620357K->46149K(640000K)] 666253K->92045K(2038272K), 0.0205402 secs] [Times: user=0.13 sys=0.00, real=0.02 secs] 
2020-09-29T17:55:33.313+0200: 43.197: [GC (Allocation Failure) [PSYoungGen: 634437K->17123K(605696K)] 680333K->63019K(2003968K), 0.0094727 secs] [Times: user=0.11 sys=0.00, real=0.01 secs] 
2020-09-29T17:55:33.391+0200: 43.275: [GC (Allocation Failure) [PSYoungGen: 605411K->55781K(628736K)] 651307K->104317K(2027008K), 0.0249252 secs] [Times: user=0.25 sys=0.00, real=0.02 secs] 
2020-09-29T17:55:33.466+0200: 43.350: [GC (Allocation Failure) [PSYoungGen: 628709K->25955K(635904K)] 677245K->74491K(2034176K), 0.0131230 secs] [Times: user=0.13 sys=0.00, real=0.01 secs] 
2020-09-29T17:55:33.528+0200: 43.412: [GC (Allocation Failure) [PSYoungGen: 597096K->18979K(637440K)] 645632K->67515K(2035712K), 0.0101951 secs] [Times: user=0.13 sys=0.00, real=0.01 secs] 
2020-09-29T17:55:33.590+0200: 43.474: [GC (Allocation Failure) [PSYoungGen: 594467K->33124K(636928K)] 643003K->81660K(2035200K), 0.0166318 secs] [Times: user=0.11 sys=0.00, real=0.02 secs] 
2020-09-29T17:55:33.658+0200: 43.542: [GC (Allocation Failure) [PSYoungGen: 608612K->48037K(633856K)] 657148K->96573K(2032128K), 0.0202645 secs] [Times: user=0.25 sys=0.00, real=0.02 secs] 
2020-09-29T17:55:33.728+0200: 43.612: [GC (Allocation Failure) [PSYoungGen: 623013K->17667K(636928K)] 671549K->66203K(2035200K), 0.0096760 secs] [Times: user=0.00 sys=0.00, real=0.01 secs] 
2020-09-29T17:55:33.788+0200: 43.671: [GC (Allocation Failure) [PSYoungGen: 592643K->30116K(639488K)] 641179K->78652K(2037760K), 0.0145185 secs] [Times: user=0.13 sys=0.00, real=0.01 secs] 
2020-09-29T17:55:33.851+0200: 43.735: [GC (Allocation Failure) [PSYoungGen: 607652K->16995K(636928K)] 656188K->65531K(2035200K), 0.0090075 secs] [Times: user=0.00 sys=0.00, real=0.02 secs] 
2020-09-29T17:55:33.919+0200: 43.803: [GC (Allocation Failure) [PSYoungGen: 594531K->33316K(641536K)] 643067K->81852K(2039808K), 0.0153550 secs] [Times: user=0.13 sys=0.00, real=0.02 secs] 
2020-09-29T17:55:33.987+0200: 43.870: [GC (Allocation Failure) [PSYoungGen: 615460K->27588K(639488K)] 663996K->76124K(2037760K), 0.0129858 secs] [Times: user=0.13 sys=0.00, real=0.01 secs] 
2020-09-29T17:55:34.051+0200: 43.934: [GC (Allocation Failure) [PSYoungGen: 609732K->20964K(644096K)] 658268K->69500K(2042368K), 0.0096626 secs] [Times: user=0.01 sys=0.00, real=0.01 secs] 
2020-09-29T17:55:34.112+0200: 43.996: [GC (Allocation Failure) [PSYoungGen: 609764K->34725K(643584K)] 658300K->83261K(2041856K), 0.0158571 secs] [Times: user=0.13 sys=0.00, real=0.02 secs] 
2020-09-29T17:55:34.179+0200: 44.062: [GC (Allocation Failure) [PSYoungGen: 623525K->35525K(645120K)] 672061K->84061K(2043392K), 0.0161638 secs] [Times: user=0.13 sys=0.00, real=0.02 secs] 
2020-09-29T17:55:34.250+0200: 44.134: [GC (Allocation Failure) [PSYoungGen: 626373K->36676K(644608K)] 674909K->85212K(2042880K), 0.0168285 secs] [Times: user=0.13 sys=0.00, real=0.02 secs] 
2020-09-29T17:55:34.318+0200: 44.202: [GC (Allocation Failure) [PSYoungGen: 627524K->39589K(644096K)] 676060K->88125K(2042368K), 0.0166543 secs] [Times: user=0.13 sys=0.00, real=0.02 secs] 
2020-09-29T17:55:34.387+0200: 44.271: [GC (Allocation Failure) [PSYoungGen: 629925K->28325K(644608K)] 678461K->76861K(2042880K), 0.0120209 secs] [Times: user=0.13 sys=0.00, real=0.01 secs] 
2020-09-29T17:55:34.450+0200: 44.334: [GC (Allocation Failure) [PSYoungGen: 618661K->28291K(647680K)] 667197K->76827K(2045952K), 0.0142640 secs] [Times: user=0.13 sys=0.00, real=0.01 secs] 
2020-09-29T17:55:34.515+0200: 44.399: [GC (Allocation Failure) [PSYoungGen: 623120K->20738K(646144K)] 671656K->69274K(2044416K), 0.0113571 secs] [Times: user=0.13 sys=0.00, real=0.01 secs] 
2020-09-29T17:55:34.577+0200: 44.461: [GC (Allocation Failure) [PSYoungGen: 615682K->27749K(649216K)] 664218K->76285K(2047488K), 0.0132836 secs] [Times: user=0.11 sys=0.00, real=0.01 secs] 
2020-09-29T17:55:34.644+0200: 44.528: [GC (Allocation Failure) [PSYoungGen: 625765K->37925K(647680K)] 674301K->86461K(2045952K), 0.0161905 secs] [Times: user=0.11 sys=0.03, real=0.02 secs] 
2020-09-29T17:55:34.712+0200: 44.596: [GC (Allocation Failure) [PSYoungGen: 635941K->34309K(648704K)] 684477K->82845K(2046976K), 0.0149433 secs] [Times: user=0.13 sys=0.00, real=0.02 secs] 
2020-09-29T17:55:34.781+0200: 44.665: [GC (Allocation Failure) [PSYoungGen: 632325K->29988K(648192K)] 680861K->78524K(2046464K), 0.0141528 secs] [Times: user=0.13 sys=0.00, real=0.01 secs] 
2020-09-29T17:55:34.847+0200: 44.731: [GC (Allocation Failure) [PSYoungGen: 628004K->26468K(651264K)] 676540K->75004K(2049536K), 0.0124753 secs] [Times: user=0.13 sys=0.00, real=0.01 secs] 
2020-09-29T17:55:34.915+0200: 44.799: [GC (Allocation Failure) [PSYoungGen: 629604K->26627K(650752K)] 678140K->75163K(2049024K), 0.0134286 secs] [Times: user=0.13 sys=0.00, real=0.01 secs] 
2020-09-29T17:55:34.982+0200: 44.866: [GC (Allocation Failure) [PSYoungGen: 629763K->41893K(647168K)] 678299K->90429K(2045440K), 0.0183554 secs] [Times: user=0.13 sys=0.00, real=0.02 secs] 
2020-09-29T17:55:35.052+0200: 44.936: [GC (Allocation Failure) [PSYoungGen: 642469K->25155K(649728K)] 691005K->73691K(2048000K), 0.0133627 secs] [Times: user=0.00 sys=0.00, real=0.01 secs] 
2020-09-29T17:55:35.119+0200: 45.003: [GC (Allocation Failure) [PSYoungGen: 625731K->48613K(638976K)] 674267K->99909K(2037248K), 0.0237319 secs] [Times: user=0.13 sys=0.00, real=0.02 secs] 
2020-09-29T17:55:35.202+0200: 45.086: [GC (Allocation Failure) [PSYoungGen: 638949K->38948K(644608K)] 690245K->90244K(2042880K), 0.0223387 secs] [Times: user=0.19 sys=0.00, real=0.02 secs] 
2020-09-29T17:55:35.280+0200: 45.164: [GC (Allocation Failure) [PSYoungGen: 629284K->27524K(645632K)] 680580K->78820K(2043904K), 0.0138105 secs] [Times: user=0.13 sys=0.00, real=0.01 secs] 
2020-09-29T17:55:35.348+0200: 45.232: [GC (Allocation Failure) [PSYoungGen: 618884K->44709K(636416K)] 670180K->96005K(2034688K), 0.0207581 secs] [Times: user=0.13 sys=0.00, real=0.02 secs] 
2020-09-29T17:55:35.420+0200: 45.304: [GC (Allocation Failure) [PSYoungGen: 636069K->34437K(645120K)] 687365K->85733K(2043392K), 0.0155528 secs] [Times: user=0.13 sys=0.00, real=0.01 secs] 
2020-09-29T17:55:35.491+0200: 45.375: [GC (Allocation Failure) [PSYoungGen: 623749K->49509K(638976K)] 675045K->100805K(2037248K), 0.0224967 secs] [Times: user=0.13 sys=0.00, real=0.02 secs] 
2020-09-29T17:55:35.564+0200: 45.448: [GC (Allocation Failure) [PSYoungGen: 638821K->37221K(643072K)] 690117K->88517K(2041344K), 0.0184709 secs] [Times: user=0.22 sys=0.00, real=0.02 secs] 
2020-09-29T17:55:35.642+0200: 45.526: [GC (Allocation Failure) [PSYoungGen: 622949K->35077K(641536K)] 674245K->86373K(2039808K), 0.0179696 secs] [Times: user=0.11 sys=0.02, real=0.02 secs] 
2020-09-29T17:55:35.710+0200: 45.594: [GC (Allocation Failure) [PSYoungGen: 620805K->31268K(645632K)] 672101K->82564K(2043904K), 0.0163976 secs] [Times: user=0.13 sys=0.00, real=0.02 secs] 
2020-09-29T17:55:35.777+0200: 45.661: [GC (Allocation Failure) [PSYoungGen: 622628K->34436K(644608K)] 673924K->85732K(2042880K), 0.0177251 secs] [Times: user=0.13 sys=0.00, real=0.02 secs] 
2020-09-29T17:55:35.846+0200: 45.730: [GC (Allocation Failure) [PSYoungGen: 625796K->37925K(648192K)] 677092K->89221K(2046464K), 0.0188299 secs] [Times: user=0.25 sys=0.00, real=0.02 secs] 
2020-09-29T17:55:35.920+0200: 45.804: [GC (Allocation Failure) [PSYoungGen: 634917K->46949K(644096K)] 686213K->98245K(2042368K), 0.0214828 secs] [Times: user=0.13 sys=0.00, real=0.02 secs] 
2020-09-29T17:55:35.992+0200: 45.876: [GC (Allocation Failure) [PSYoungGen: 643941K->26531K(645120K)] 695237K->77827K(2043392K), 0.0144990 secs] [Times: user=0.13 sys=0.00, real=0.01 secs] 
2020-09-29T17:55:36.058+0200: 45.942: [GC (Allocation Failure) [PSYoungGen: 617891K->43525K(635392K)] 669187K->94821K(2033664K), 0.0203534 secs] [Times: user=0.13 sys=0.00, real=0.02 secs] 
2020-09-29T17:55:36.131+0200: 46.016: [GC (Allocation Failure) [PSYoungGen: 634885K->32132K(645120K)] 686181K->83428K(2043392K), 0.0164232 secs] [Times: user=0.13 sys=0.00, real=0.02 secs] 
2020-09-29T17:55:36.201+0200: 46.085: [GC (Allocation Failure) [PSYoungGen: 622468K->48197K(638976K)] 673764K->99493K(2037248K), 0.0244371 secs] [Times: user=0.20 sys=0.00, real=0.02 secs] 
2020-09-29T17:55:36.280+0200: 46.164: [GC (Allocation Failure) [PSYoungGen: 638533K->21475K(640512K)] 689829K->72771K(2038784K), 0.0121109 secs] [Times: user=0.13 sys=0.00, real=0.01 secs] 
2020-09-29T17:55:36.342+0200: 46.226: [GC (Allocation Failure) [PSYoungGen: 605667K->45093K(629760K)] 656963K->96389K(2028032K), 0.0203984 secs] [Times: user=0.13 sys=0.00, real=0.02 secs] 
2020-09-29T17:55:36.414+0200: 46.298: [GC (Allocation Failure) [PSYoungGen: 629285K->26660K(641024K)] 680581K->77956K(2039296K), 0.0127684 secs] [Times: user=0.13 sys=0.00, real=0.01 secs] 
2020-09-29T17:55:36.479+0200: 46.364: [GC (Allocation Failure) [PSYoungGen: 609316K->21381K(640512K)] 660612K->72677K(2038784K), 0.0095835 secs] [Times: user=0.13 sys=0.00, real=0.01 secs] 
2020-09-29T17:55:36.539+0200: 46.423: [GC (Allocation Failure) [PSYoungGen: 604037K->28131K(642048K)] 655333K->79427K(2040320K), 0.0149783 secs] [Times: user=0.13 sys=0.00, real=0.01 secs] 
2020-09-29T17:55:36.607+0200: 46.490: [GC (Allocation Failure) [PSYoungGen: 611811K->37573K(640512K)] 663107K->88869K(2038784K), 0.0190270 secs] [Times: user=0.11 sys=0.00, real=0.02 secs] 
2020-09-29T17:55:36.677+0200: 46.560: [GC (Allocation Failure) [PSYoungGen: 621253K->33445K(645120K)] 672549K->84741K(2043392K), 0.0153347 secs] [Times: user=0.00 sys=0.00, real=0.01 secs] 
2020-09-29T17:55:36.747+0200: 46.630: [GC (Allocation Failure) [PSYoungGen: 622245K->31876K(642560K)] 673541K->83172K(2040832K), 0.0160153 secs] [Times: user=0.13 sys=0.00, real=0.02 secs] 
2020-09-29T17:55:36.813+0200: 46.696: [GC (Allocation Failure) [PSYoungGen: 620676K->31075K(647680K)] 671972K->82371K(2045952K), 0.0168701 secs] [Times: user=0.13 sys=0.00, real=0.02 secs] 
2020-09-29T17:55:36.881+0200: 46.764: [GC (Allocation Failure) [PSYoungGen: 626531K->38468K(646656K)] 677827K->89764K(2044928K), 0.0189964 secs] [Times: user=0.13 sys=0.00, real=0.02 secs] 
2020-09-29T17:55:36.955+0200: 46.838: [GC (Allocation Failure) [PSYoungGen: 633924K->45989K(642560K)] 685220K->97285K(2040832K), 0.0218303 secs] [Times: user=0.25 sys=0.00, real=0.02 secs] 
2020-09-29T17:55:37.027+0200: 46.911: [GC (Allocation Failure) [PSYoungGen: 637349K->49413K(641024K)] 688645K->100709K(2039296K), 0.0226174 secs] [Times: user=0.13 sys=0.00, real=0.02 secs] 
2020-09-29T17:55:37.101+0200: 46.984: [GC (Allocation Failure) [PSYoungGen: 640773K->39205K(642560K)] 692069K->90501K(2040832K), 0.0178121 secs] [Times: user=0.13 sys=0.00, real=0.02 secs] 
2020-09-29T17:55:37.169+0200: 47.052: [GC (Allocation Failure) [PSYoungGen: 624421K->19171K(641536K)] 675717K->70467K(2039808K), 0.0107522 secs] [Times: user=0.13 sys=0.00, real=0.01 secs] 
2020-09-29T17:55:37.233+0200: 47.116: [GC (Allocation Failure) [PSYoungGen: 604387K->11459K(638464K)] 655683K->62755K(2036736K), 0.0071138 secs] [Times: user=0.13 sys=0.00, real=0.01 secs] 
2020-09-29T17:55:37.299+0200: 47.182: [GC (Allocation Failure) [PSYoungGen: 592579K->31109K(640000K)] 643875K->82405K(2038272K), 0.0145159 secs] [Times: user=0.13 sys=0.00, real=0.01 secs] 
2020-09-29T17:55:37.365+0200: 47.249: [GC (Allocation Failure) [PSYoungGen: 612229K->23459K(643072K)] 663525K->74755K(2041344K), 0.0131496 secs] [Times: user=0.00 sys=0.00, real=0.01 secs] 
2020-09-29T17:55:37.429+0200: 47.312: [GC (Allocation Failure) [PSYoungGen: 609699K->49093K(635392K)] 660995K->100389K(2033664K), 0.0226269 secs] [Times: user=0.13 sys=0.00, real=0.02 secs] 
2020-09-29T17:55:37.504+0200: 47.387: [GC (Allocation Failure) [PSYoungGen: 635333K->47461K(633856K)] 686629K->98757K(2032128K), 0.0209007 secs] [Times: user=0.25 sys=0.00, real=0.02 secs] 
2020-09-29T17:55:37.574+0200: 47.457: [GC (Allocation Failure) [PSYoungGen: 621413K->47173K(621568K)] 672709K->98469K(2019840K), 0.0229197 secs] [Times: user=0.11 sys=0.00, real=0.02 secs] 
2020-09-29T17:55:37.648+0200: 47.531: [GC (Allocation Failure) [PSYoungGen: 621125K->46949K(632320K)] 672421K->98245K(2030592K), 0.0221409 secs] [Times: user=0.13 sys=0.00, real=0.02 secs] 
2020-09-29T17:55:37.720+0200: 47.603: [GC (Allocation Failure) [PSYoungGen: 614757K->40453K(633344K)] 666053K->91749K(2031616K), 0.0193167 secs] [Times: user=0.25 sys=0.00, real=0.02 secs] 
2020-09-29T17:55:37.788+0200: 47.671: [GC (Allocation Failure) [PSYoungGen: 608261K->34053K(636928K)] 659557K->85349K(2035200K), 0.0163329 secs] [Times: user=0.13 sys=0.00, real=0.02 secs] 
2020-09-29T17:55:37.854+0200: 47.737: [GC (Allocation Failure) [PSYoungGen: 606981K->32580K(634880K)] 658277K->83876K(2033152K), 0.0160550 secs] [Times: user=0.13 sys=0.00, real=0.02 secs] 
2020-09-29T17:55:37.920+0200: 47.803: [GC (Allocation Failure) [PSYoungGen: 605508K->29220K(639488K)] 656804K->80516K(2037760K), 0.0150032 secs] [Times: user=0.13 sys=0.00, real=0.01 secs] 
2020-09-29T17:55:37.987+0200: 47.871: [GC (Allocation Failure) [PSYoungGen: 608292K->46245K(625664K)] 659588K->97541K(2023936K), 0.0222783 secs] [Times: user=0.24 sys=0.00, real=0.02 secs] 
2020-09-29T17:55:38.060+0200: 47.944: [GC (Allocation Failure) [PSYoungGen: 625317K->37317K(640512K)] 676613K->88613K(2038784K), 0.0175301 secs] [Times: user=0.13 sys=0.00, real=0.02 secs] 
2020-09-29T17:55:38.128+0200: 48.011: [GC (Allocation Failure) [PSYoungGen: 616901K->27331K(637952K)] 668197K->78627K(2036224K), 0.0150630 secs] [Times: user=0.13 sys=0.00, real=0.01 secs] 
2020-09-29T17:55:38.194+0200: 48.078: [GC (Allocation Failure) [PSYoungGen: 606915K->46309K(636928K)] 658211K->97605K(2035200K), 0.0243879 secs] [Times: user=0.11 sys=0.00, real=0.02 secs] 
2020-09-29T17:55:38.270+0200: 48.153: [GC (Allocation Failure) [PSYoungGen: 625381K->37445K(638976K)] 676677K->88741K(2037248K), 0.0171157 secs] [Times: user=0.13 sys=0.00, real=0.02 secs] 
2020-09-29T17:55:38.339+0200: 48.223: [GC (Allocation Failure) [PSYoungGen: 616517K->28645K(642048K)] 667813K->79941K(2040320K), 0.0127310 secs] [Times: user=0.13 sys=0.00, real=0.01 secs] 
2020-09-29T17:55:38.403+0200: 48.287: [GC (Allocation Failure) [PSYoungGen: 613349K->39109K(641536K)] 664645K->90405K(2039808K), 0.0181735 secs] [Times: user=0.13 sys=0.00, real=0.02 secs] 
2020-09-29T17:55:38.474+0200: 48.358: [GC (Allocation Failure) [PSYoungGen: 623813K->35877K(644608K)] 675109K->87173K(2042880K), 0.0169975 secs] [Times: user=0.13 sys=0.00, real=0.02 secs] 
2020-09-29T17:55:38.543+0200: 48.427: [GC (Allocation Failure) [PSYoungGen: 624677K->50373K(639488K)] 675973K->101669K(2037760K), 0.0233180 secs] [Times: user=0.13 sys=0.00, real=0.02 secs] 
2020-09-29T17:55:38.619+0200: 48.503: [GC (Allocation Failure) [PSYoungGen: 639173K->51269K(635392K)] 690469K->102565K(2033664K), 0.0257380 secs] [Times: user=0.13 sys=0.00, real=0.03 secs] 
2020-09-29T17:55:38.696+0200: 48.579: [GC (Allocation Failure) [PSYoungGen: 629317K->40164K(638464K)] 680613K->91460K(2036736K), 0.0193561 secs] [Times: user=0.13 sys=0.00, real=0.02 secs] 
2020-09-29T17:55:38.765+0200: 48.649: [GC (Allocation Failure) [PSYoungGen: 618212K->30245K(640512K)] 669508K->81541K(2038784K), 0.0135565 secs] [Times: user=0.13 sys=0.00, real=0.01 secs] 
2020-09-29T17:55:38.831+0200: 48.715: [GC (Allocation Failure) [PSYoungGen: 611877K->35108K(640000K)] 663173K->86404K(2038272K), 0.0183716 secs] [Times: user=0.24 sys=0.00, real=0.02 secs] 
2020-09-29T17:55:38.900+0200: 48.784: [GC (Allocation Failure) [PSYoungGen: 616740K->42340K(642048K)] 668036K->93636K(2040320K), 0.0201461 secs] [Times: user=0.13 sys=0.00, real=0.02 secs] 
2020-09-29T17:55:38.970+0200: 48.854: [GC (Allocation Failure) [PSYoungGen: 627556K->24356K(609792K)] 678852K->75652K(2008064K), 0.0125444 secs] [Times: user=0.13 sys=0.00, real=0.01 secs] 
2020-09-29T17:55:39.033+0200: 48.917: [GC (Allocation Failure) [PSYoungGen: 609572K->49061K(636416K)] 660868K->100357K(2034688K), 0.0229828 secs] [Times: user=0.25 sys=0.00, real=0.02 secs] 
2020-09-29T17:55:39.107+0200: 48.990: [GC (Allocation Failure) [PSYoungGen: 628133K->40229K(638976K)] 679429K->91525K(2037248K), 0.0180776 secs] [Times: user=0.13 sys=0.00, real=0.02 secs] 
2020-09-29T17:55:39.174+0200: 49.058: [GC (Allocation Failure) [PSYoungGen: 619301K->45061K(639488K)] 670597K->96357K(2037760K), 0.0227063 secs] [Times: user=0.23 sys=0.00, real=0.02 secs] 
2020-09-29T17:55:39.249+0200: 49.133: [GC (Allocation Failure) [PSYoungGen: 626181K->37412K(640000K)] 677477K->88708K(2038272K), 0.0189977 secs] [Times: user=0.13 sys=0.00, real=0.02 secs] 
2020-09-29T17:55:39.319+0200: 49.203: [GC (Allocation Failure) [PSYoungGen: 618532K->44293K(641536K)] 669828K->95589K(2039808K), 0.0210106 secs] [Times: user=0.13 sys=0.00, real=0.02 secs] 
2020-09-29T17:55:39.391+0200: 49.275: [GC (Allocation Failure) [PSYoungGen: 628485K->40517K(641536K)] 679781K->91813K(2039808K), 0.0180851 secs] [Times: user=0.13 sys=0.00, real=0.02 secs] 
2020-09-29T17:55:39.463+0200: 49.346: [GC (Allocation Failure) [PSYoungGen: 624709K->36773K(644096K)] 676005K->88069K(2042368K), 0.0182790 secs] [Times: user=0.13 sys=0.00, real=0.02 secs] 
2020-09-29T17:55:39.532+0200: 49.416: [GC (Allocation Failure) [PSYoungGen: 625061K->50885K(639488K)] 676357K->102181K(2037760K), 0.0228166 secs] [Times: user=0.25 sys=0.00, real=0.02 secs] 
2020-09-29T17:55:39.608+0200: 49.492: [GC (Allocation Failure) [PSYoungGen: 639173K->22789K(638976K)] 690469K->74085K(2037248K), 0.0124175 secs] [Times: user=0.11 sys=0.00, real=0.01 secs] 
2020-09-29T17:55:39.672+0200: 49.556: [GC (Allocation Failure) [PSYoungGen: 603909K->43332K(640000K)] 655205K->94628K(2038272K), 0.0212315 secs] [Times: user=0.25 sys=0.00, real=0.02 secs] 
2020-09-29T17:55:39.743+0200: 49.627: [GC (Allocation Failure) [PSYoungGen: 624452K->36453K(641536K)] 675748K->87749K(2039808K), 0.0174288 secs] [Times: user=0.13 sys=0.00, real=0.02 secs] 
2020-09-29T17:55:39.814+0200: 49.697: [GC (Allocation Failure) [PSYoungGen: 619109K->31172K(640000K)] 670405K->82468K(2038272K), 0.0175845 secs] [Times: user=0.11 sys=0.00, real=0.02 secs] 
2020-09-29T17:55:39.881+0200: 49.765: [GC (Allocation Failure) [PSYoungGen: 613828K->39556K(643584K)] 665124K->90852K(2041856K), 0.0200558 secs] [Times: user=0.13 sys=0.00, real=0.02 secs] 
2020-09-29T17:55:39.951+0200: 49.835: [GC (Allocation Failure) [PSYoungGen: 626308K->51941K(638976K)] 677604K->103237K(2037248K), 0.0237574 secs] [Times: user=0.25 sys=0.00, real=0.02 secs] 
2020-09-29T17:55:40.025+0200: 49.909: [GC (Allocation Failure) [PSYoungGen: 638693K->23397K(638976K)] 689989K->74693K(2037248K), 0.0098946 secs] [Times: user=0.00 sys=0.00, real=0.01 secs] 
2020-09-29T17:55:40.087+0200: 49.970: [GC (Allocation Failure) [PSYoungGen: 603493K->40900K(639488K)] 654789K->92196K(2037760K), 0.0148827 secs] [Times: user=0.13 sys=0.00, real=0.02 secs] 
2020-09-29T17:55:40.153+0200: 50.037: [GC (Allocation Failure) [PSYoungGen: 620996K->33061K(641536K)] 672292K->84357K(2039808K), 0.0121798 secs] [Times: user=0.13 sys=0.00, real=0.01 secs] 
2020-09-29T17:55:40.218+0200: 50.101: [GC (Allocation Failure) [PSYoungGen: 616229K->12867K(596480K)] 667525K->64163K(1994752K), 0.0062613 secs] [Times: user=0.13 sys=0.00, real=0.01 secs] 
2020-09-29T17:55:40.284+0200: 50.168: [GC (Allocation Failure) [PSYoungGen: 596035K->34052K(641536K)] 647331K->85348K(2039808K), 0.0129879 secs] [Times: user=0.13 sys=0.00, real=0.01 secs] 
2020-09-29T17:55:40.348+0200: 50.232: [GC (Allocation Failure) [PSYoungGen: 615684K->55141K(636928K)] 666980K->106437K(2035200K), 0.0185673 secs] [Times: user=0.13 sys=0.00, real=0.02 secs] 
2020-09-29T17:55:40.417+0200: 50.300: [GC (Allocation Failure) [PSYoungGen: 636773K->35141K(638464K)] 688069K->86437K(2036736K), 0.0120757 secs] [Times: user=0.13 sys=0.00, real=0.01 secs] 
2020-09-29T17:55:40.478+0200: 50.362: [GC (Allocation Failure) [PSYoungGen: 611653K->22627K(636928K)] 662949K->73923K(2035200K), 0.0099231 secs] [Times: user=0.00 sys=0.00, real=0.01 secs] 
2020-09-29T17:55:40.538+0200: 50.422: [GC (Allocation Failure) [PSYoungGen: 599139K->38533K(639488K)] 650435K->89829K(2037760K), 0.0132274 secs] [Times: user=0.13 sys=0.00, real=0.01 secs] 
2020-09-29T17:55:40.603+0200: 50.486: [GC (Allocation Failure) [PSYoungGen: 617605K->29701K(638464K)] 668901K->80997K(2036736K), 0.0110159 secs] [Times: user=0.02 sys=0.00, real=0.01 secs] 
2020-09-29T17:55:40.665+0200: 50.549: [GC (Allocation Failure) [PSYoungGen: 608773K->17378K(638976K)] 660069K->68674K(2037248K), 0.0083796 secs] [Times: user=0.00 sys=0.00, real=0.01 secs] 
2020-09-29T17:55:40.723+0200: 50.607: [GC (Allocation Failure) [PSYoungGen: 598498K->38021K(640000K)] 649794K->89317K(2038272K), 0.0134090 secs] [Times: user=0.00 sys=0.00, real=0.01 secs] 
2020-09-29T17:55:40.787+0200: 50.671: [GC (Allocation Failure) [PSYoungGen: 619141K->29444K(642560K)] 670437K->80740K(2040832K), 0.0113840 secs] [Times: user=0.00 sys=0.00, real=0.01 secs] 
2020-09-29T17:55:40.850+0200: 50.734: [GC (Allocation Failure) [PSYoungGen: 614148K->24740K(641024K)] 665444K->76036K(2039296K), 0.0098964 secs] [Times: user=0.00 sys=0.00, real=0.01 secs] 
2020-09-29T17:55:40.912+0200: 50.796: [GC (Allocation Failure) [PSYoungGen: 609444K->35205K(644608K)] 660740K->86501K(2042880K), 0.0118417 secs] [Times: user=0.00 sys=0.00, real=0.01 secs] 
2020-09-29T17:55:40.974+0200: 50.858: [GC (Allocation Failure) [PSYoungGen: 624517K->35652K(643584K)] 675813K->86948K(2041856K), 0.0131658 secs] [Times: user=0.00 sys=0.00, real=0.01 secs] 
2020-09-29T17:55:41.038+0200: 50.922: [GC (Allocation Failure) [PSYoungGen: 624964K->35940K(646656K)] 676260K->87236K(2044928K), 0.0131046 secs] [Times: user=0.13 sys=0.00, real=0.01 secs] 
2020-09-29T17:55:41.103+0200: 50.986: [GC (Allocation Failure) [PSYoungGen: 629348K->41413K(645632K)] 680644K->92709K(2043904K), 0.0143603 secs] [Times: user=0.13 sys=0.00, real=0.01 secs] 
2020-09-29T17:55:41.168+0200: 51.052: [GC (Allocation Failure) [PSYoungGen: 634821K->42468K(643584K)] 686117K->93764K(2041856K), 0.0155241 secs] [Times: user=0.13 sys=0.00, real=0.02 secs] 
2020-09-29T17:55:41.241+0200: 51.125: [GC (Allocation Failure) [PSYoungGen: 632804K->31108K(644608K)] 684100K->82404K(2042880K), 0.0139091 secs] [Times: user=0.13 sys=0.00, real=0.01 secs] 
2020-09-29T17:55:41.313+0200: 51.197: [GC (Allocation Failure) [PSYoungGen: 621444K->47205K(639488K)] 672740K->98501K(2037760K), 0.0182888 secs] [Times: user=0.11 sys=0.00, real=0.02 secs] 
2020-09-29T17:55:41.384+0200: 51.268: [GC (Allocation Failure) [PSYoungGen: 633445K->44068K(630784K)] 684741K->95364K(2029056K), 0.0157252 secs] [Times: user=0.13 sys=0.00, real=0.02 secs] 
2020-09-29T17:55:41.450+0200: 51.334: [GC (Allocation Failure) [PSYoungGen: 630308K->41765K(642048K)] 681604K->93061K(2040320K), 0.0143577 secs] [Times: user=0.13 sys=0.00, real=0.01 secs] 
2020-09-29T17:55:41.515+0200: 51.399: [GC (Allocation Failure) [PSYoungGen: 626469K->34213K(641536K)] 677765K->85509K(2039808K), 0.0119076 secs] [Times: user=0.13 sys=0.00, real=0.01 secs] 
2020-09-29T17:55:41.579+0200: 51.463: [GC (Allocation Failure) [PSYoungGen: 618917K->30436K(644096K)] 670213K->81732K(2042368K), 0.0124454 secs] [Times: user=0.11 sys=0.00, real=0.01 secs] 
2020-09-29T17:55:41.645+0200: 51.529: [GC (Allocation Failure) [PSYoungGen: 619236K->43940K(632832K)] 670532K->95236K(2031104K), 0.0164916 secs] [Times: user=0.13 sys=0.00, real=0.02 secs] 
2020-09-29T17:55:41.712+0200: 51.596: [GC (Allocation Failure) [PSYoungGen: 632740K->29669K(643584K)] 684036K->80965K(2041856K), 0.0111073 secs] [Times: user=0.13 sys=0.00, real=0.01 secs] 
2020-09-29T17:55:41.774+0200: 51.658: [GC (Allocation Failure) [PSYoungGen: 617445K->28452K(643072K)] 668741K->79748K(2041344K), 0.0116583 secs] [Times: user=0.11 sys=0.00, real=0.01 secs] 
2020-09-29T17:55:41.837+0200: 51.721: [GC (Allocation Failure) [PSYoungGen: 616228K->26435K(644608K)] 667524K->77731K(2042880K), 0.0105300 secs] [Times: user=0.02 sys=0.02, real=0.01 secs] 
2020-09-29T17:55:41.899+0200: 51.783: [GC (Allocation Failure) [PSYoungGen: 616259K->42021K(632320K)] 667555K->93317K(2030592K), 0.0143942 secs] [Times: user=0.13 sys=0.00, real=0.02 secs] 
2020-09-29T17:55:41.965+0200: 51.849: [GC (Allocation Failure) [PSYoungGen: 631845K->26948K(644096K)] 683141K->78244K(2042368K), 0.0102035 secs] [Times: user=0.13 sys=0.00, real=0.01 secs] 
2020-09-29T17:55:42.027+0200: 51.911: [GC (Allocation Failure) [PSYoungGen: 615748K->26052K(643584K)] 667044K->77348K(2041856K), 0.0097688 secs] [Times: user=0.13 sys=0.00, real=0.01 secs] 
2020-09-29T17:55:42.088+0200: 51.972: [GC (Allocation Failure) [PSYoungGen: 614852K->26949K(645632K)] 666148K->78245K(2043904K), 0.0091548 secs] [Times: user=0.00 sys=0.00, real=0.01 secs] 
2020-09-29T17:55:42.149+0200: 52.033: [GC (Allocation Failure) [PSYoungGen: 618309K->44101K(635904K)] 669605K->95397K(2034176K), 0.0146497 secs] [Times: user=0.13 sys=0.00, real=0.02 secs] 
2020-09-29T17:55:42.217+0200: 52.102: [GC (Allocation Failure) [PSYoungGen: 635461K->47301K(638464K)] 686757K->98597K(2036736K), 0.0178852 secs] [Times: user=0.13 sys=0.00, real=0.02 secs] 
2020-09-29T17:55:42.287+0200: 52.172: [GC (Allocation Failure) [PSYoungGen: 630469K->28676K(641024K)] 681765K->79972K(2039296K), 0.0105008 secs] [Times: user=0.00 sys=0.00, real=0.01 secs] 
2020-09-29T17:55:42.348+0200: 52.232: [GC (Allocation Failure) [PSYoungGen: 611844K->51301K(633856K)] 663140K->102597K(2032128K), 0.0169153 secs] [Times: user=0.13 sys=0.00, real=0.02 secs] 
2020-09-29T17:55:42.417+0200: 52.301: [GC (Allocation Failure) [PSYoungGen: 628325K->40421K(637952K)] 679621K->91717K(2036224K), 0.0143385 secs] [Times: user=0.13 sys=0.00, real=0.01 secs] 
2020-09-29T17:55:42.481+0200: 52.365: [GC (Allocation Failure) [PSYoungGen: 617445K->43205K(638976K)] 668741K->94501K(2037248K), 0.0141039 secs] [Times: user=0.13 sys=0.00, real=0.01 secs] 
2020-09-29T17:55:42.545+0200: 52.429: [GC (Allocation Failure) [PSYoungGen: 622277K->33188K(638976K)] 673573K->84484K(2037248K), 0.0121438 secs] [Times: user=0.13 sys=0.00, real=0.01 secs] 
2020-09-29T17:55:42.609+0200: 52.493: [GC (Allocation Failure) [PSYoungGen: 612260K->24004K(639488K)] 663556K->75300K(2037760K), 0.0096013 secs] [Times: user=0.11 sys=0.00, real=0.01 secs] 
2020-09-29T17:55:42.670+0200: 52.554: [GC (Allocation Failure) [PSYoungGen: 605124K->43940K(625152K)] 656420K->95236K(2023424K), 0.0153480 secs] [Times: user=0.13 sys=0.00, real=0.01 secs] 
2020-09-29T17:55:42.735+0200: 52.619: [GC (Allocation Failure) [PSYoungGen: 625060K->36772K(641536K)] 676356K->88068K(2039808K), 0.0135405 secs] [Times: user=0.13 sys=0.00, real=0.01 secs] 
2020-09-29T17:55:42.799+0200: 52.683: [GC (Allocation Failure) [PSYoungGen: 618916K->30981K(639488K)] 670212K->82277K(2037760K), 0.0108378 secs] [Times: user=0.13 sys=0.00, real=0.01 secs] 
2020-09-29T17:55:42.861+0200: 52.745: [GC (Allocation Failure) [PSYoungGen: 613125K->38501K(643584K)] 664421K->89797K(2041856K), 0.0134873 secs] [Times: user=0.13 sys=0.00, real=0.01 secs] 
2020-09-29T17:55:42.926+0200: 52.810: [GC (Allocation Failure) [PSYoungGen: 625765K->37573K(642560K)] 677061K->88869K(2040832K), 0.0134380 secs] [Times: user=0.00 sys=0.00, real=0.01 secs] 
2020-09-29T17:55:42.990+0200: 52.874: [GC (Allocation Failure) [PSYoungGen: 624837K->20933K(643072K)] 676133K->72229K(2041344K), 0.0072625 secs] [Times: user=0.00 sys=0.00, real=0.01 secs] 
2020-09-29T17:55:43.049+0200: 52.932: [GC (Allocation Failure) [PSYoungGen: 610245K->32964K(644096K)] 661541K->84260K(2042368K), 0.0121096 secs] [Times: user=0.13 sys=0.00, real=0.01 secs] 
2020-09-29T17:55:43.112+0200: 52.996: [GC (Allocation Failure) [PSYoungGen: 622276K->32836K(647168K)] 673572K->84132K(2045440K), 0.0120329 secs] [Times: user=0.13 sys=0.00, real=0.01 secs] 
2020-09-29T17:55:43.178+0200: 53.061: [GC (Allocation Failure) [PSYoungGen: 626756K->38821K(645632K)] 678052K->90117K(2043904K), 0.0163497 secs] [Times: user=0.09 sys=0.00, real=0.02 secs] 
2020-09-29T17:55:43.248+0200: 53.132: [GC (Allocation Failure) [PSYoungGen: 632741K->44837K(643584K)] 684037K->96133K(2041856K), 0.0147194 secs] [Times: user=0.11 sys=0.00, real=0.02 secs] 
2020-09-29T17:55:43.315+0200: 53.199: [GC (Allocation Failure) [PSYoungGen: 637221K->33764K(645632K)] 688517K->85060K(2043904K), 0.0123840 secs] [Times: user=0.13 sys=0.00, real=0.01 secs] 
2020-09-29T17:55:43.379+0200: 53.263: [GC (Allocation Failure) [PSYoungGen: 626148K->35300K(648192K)] 677444K->86596K(2046464K), 0.0123630 secs] [Times: user=0.00 sys=0.00, real=0.01 secs] 
2020-09-29T17:55:43.443+0200: 53.326: [GC (Allocation Failure) [PSYoungGen: 631268K->13539K(609792K)] 682564K->64835K(2008064K), 0.0057881 secs] [Times: user=0.00 sys=0.00, real=0.00 secs] 
2020-09-29T17:55:43.500+0200: 53.384: [GC (Allocation Failure) [PSYoungGen: 609507K->19491K(645120K)] 660803K->70787K(2043392K), 0.0089049 secs] [Times: user=0.13 sys=0.00, real=0.01 secs] 
2020-09-29T17:55:43.560+0200: 53.444: [GC (Allocation Failure) [PSYoungGen: 611875K->37669K(645632K)] 663171K->88965K(2043904K), 0.0130187 secs] [Times: user=0.13 sys=0.00, real=0.01 secs] 
2020-09-29T17:55:43.626+0200: 53.510: [GC (Allocation Failure) [PSYoungGen: 630053K->42117K(642560K)] 681349K->93413K(2040832K), 0.0147392 secs] [Times: user=0.11 sys=0.00, real=0.02 secs] 
2020-09-29T17:55:43.691+0200: 53.575: [GC (Allocation Failure) [PSYoungGen: 631429K->29573K(644096K)] 682725K->80869K(2042368K), 0.0100349 secs] [Times: user=0.13 sys=0.00, real=0.01 secs] 
2020-09-29T17:55:43.754+0200: 53.638: [GC (Allocation Failure) [PSYoungGen: 618885K->31013K(647168K)] 670181K->82309K(2045440K), 0.0119626 secs] [Times: user=0.00 sys=0.00, real=0.01 secs] 
2020-09-29T17:55:43.817+0200: 53.701: [GC (Allocation Failure) [PSYoungGen: 624933K->36932K(645632K)] 676229K->88228K(2043904K), 0.0130154 secs] [Times: user=0.00 sys=0.00, real=0.01 secs] 
2020-09-29T17:55:43.883+0200: 53.767: [GC (Allocation Failure) [PSYoungGen: 630852K->29125K(648704K)] 682148K->80421K(2046976K), 0.0105358 secs] [Times: user=0.00 sys=0.00, real=0.01 secs] 
2020-09-29T17:55:43.947+0200: 53.831: [GC (Allocation Failure) [PSYoungGen: 626629K->24196K(647680K)] 677925K->75492K(2045952K), 0.0110776 secs] [Times: user=0.13 sys=0.00, real=0.01 secs] 
2020-09-29T17:55:44.009+0200: 53.893: [GC (Allocation Failure) [PSYoungGen: 621700K->33797K(649728K)] 672996K->85093K(2048000K), 0.0128767 secs] [Times: user=0.13 sys=0.00, real=0.01 secs] 
2020-09-29T17:55:44.076+0200: 53.960: [GC (Allocation Failure) [PSYoungGen: 633349K->44133K(644096K)] 684645K->95429K(2042368K), 0.0149200 secs] [Times: user=0.13 sys=0.00, real=0.02 secs] 
2020-09-29T17:55:44.143+0200: 54.026: [GC (Allocation Failure) [PSYoungGen: 642680K->10305K(643072K)] 693976K->61601K(2041344K), 0.0061026 secs] [Times: user=0.13 sys=0.00, real=0.01 secs] 
2020-09-29T17:55:44.204+0200: 54.088: [GC (Allocation Failure) [PSYoungGen: 601665K->40933K(632320K)] 652961K->92229K(2030592K), 0.0190103 secs] [Times: user=0.22 sys=0.00, real=0.02 secs] 
2020-09-29T17:55:44.275+0200: 54.159: [GC (Allocation Failure) [PSYoungGen: 632293K->29220K(645632K)] 683589K->80516K(2043904K), 0.0113278 secs] [Times: user=0.13 sys=0.00, real=0.01 secs] 
2020-09-29T17:55:44.337+0200: 54.221: [GC (Allocation Failure) [PSYoungGen: 619556K->45317K(635904K)] 670852K->96613K(2034176K), 0.0159258 secs] [Times: user=0.13 sys=0.00, real=0.02 secs] 
2020-09-29T17:55:44.405+0200: 54.289: [GC (Allocation Failure) [PSYoungGen: 635653K->47813K(636416K)] 686949K->99109K(2034688K), 0.0160670 secs] [Times: user=0.13 sys=0.00, real=0.02 secs] 
2020-09-29T17:55:44.471+0200: 54.354: [GC (Allocation Failure) [PSYoungGen: 627909K->40005K(639488K)] 679205K->91301K(2037760K), 0.0135574 secs] [Times: user=0.13 sys=0.00, real=0.01 secs] 
2020-09-29T17:55:44.535+0200: 54.419: [GC (Allocation Failure) [PSYoungGen: 620101K->32133K(641536K)] 671397K->83429K(2039808K), 0.0114350 secs] [Times: user=0.13 sys=0.00, real=0.01 secs] 
2020-09-29T17:55:44.598+0200: 54.482: [GC (Allocation Failure) [PSYoungGen: 614789K->40581K(640000K)] 666085K->91877K(2038272K), 0.0148325 secs] [Times: user=0.00 sys=0.00, real=0.01 secs] 
2020-09-29T17:55:44.664+0200: 54.548: [GC (Allocation Failure) [PSYoungGen: 623237K->33669K(643584K)] 674533K->84965K(2041856K), 0.0113835 secs] [Times: user=0.00 sys=0.00, real=0.01 secs] 
2020-09-29T17:55:44.725+0200: 54.609: [GC (Allocation Failure) [PSYoungGen: 620421K->29507K(642048K)] 671717K->80803K(2040320K), 0.0115128 secs] [Times: user=0.00 sys=0.00, real=0.01 secs] 
2020-09-29T17:55:44.788+0200: 54.672: [GC (Allocation Failure) [PSYoungGen: 616259K->28357K(645632K)] 667555K->79653K(2043904K), 0.0095112 secs] [Times: user=0.00 sys=0.00, real=0.01 secs] 
2020-09-29T17:55:44.849+0200: 54.733: [GC (Allocation Failure) [PSYoungGen: 619717K->31845K(644608K)] 671013K->83141K(2042880K), 0.0116119 secs] [Times: user=0.00 sys=0.00, real=0.01 secs] 
2020-09-29T17:55:44.912+0200: 54.796: [GC (Allocation Failure) [PSYoungGen: 623205K->34308K(648704K)] 674501K->85604K(2046976K), 0.0124627 secs] [Times: user=0.00 sys=0.00, real=0.01 secs] 
2020-09-29T17:55:44.979+0200: 54.863: [GC (Allocation Failure) [PSYoungGen: 631300K->27908K(647168K)] 682596K->79204K(2045440K), 0.0118751 secs] [Times: user=0.13 sys=0.00, real=0.01 secs] 
2020-09-29T17:55:45.043+0200: 54.927: [GC (Allocation Failure) [PSYoungGen: 624900K->49637K(640000K)] 676196K->101853K(2038272K), 0.0169707 secs] [Times: user=0.13 sys=0.00, real=0.02 secs] 
2020-09-29T17:55:45.111+0200: 54.995: [GC (Allocation Failure) [PSYoungGen: 639973K->38981K(644608K)] 692189K->91197K(2042880K), 0.0140902 secs] [Times: user=0.13 sys=0.00, real=0.01 secs] 
2020-09-29T17:55:45.176+0200: 55.060: [GC (Allocation Failure) [PSYoungGen: 629317K->53733K(633856K)] 681533K->107229K(2032128K), 0.0224670 secs] [Times: user=0.11 sys=0.00, real=0.02 secs] 
2020-09-29T17:55:45.251+0200: 55.135: [GC (Allocation Failure) [PSYoungGen: 633829K->47301K(627712K)] 687325K->100797K(2025984K), 0.0170228 secs] [Times: user=0.09 sys=0.00, real=0.02 secs] 
2020-09-29T17:55:45.318+0200: 55.202: [GC (Allocation Failure) [PSYoungGen: 627397K->24740K(637952K)] 680893K->78236K(2036224K), 0.0085304 secs] [Times: user=0.00 sys=0.00, real=0.01 secs] 
2020-09-29T17:55:45.376+0200: 55.260: [GC (Allocation Failure) [PSYoungGen: 601764K->27461K(637952K)] 655260K->80957K(2036224K), 0.0094368 secs] [Times: user=0.13 sys=0.00, real=0.01 secs] 
2020-09-29T17:55:45.436+0200: 55.320: [GC (Allocation Failure) [PSYoungGen: 604485K->13764K(636416K)] 657981K->67260K(2034688K), 0.0054368 secs] [Times: user=0.00 sys=0.00, real=0.00 secs] 
2020-09-29T17:55:45.491+0200: 55.375: [GC (Allocation Failure) [PSYoungGen: 589764K->27109K(637440K)] 643260K->80605K(2035712K), 0.0096941 secs] [Times: user=0.00 sys=0.00, real=0.01 secs] 
2020-09-29T17:55:45.551+0200: 55.434: [GC (Allocation Failure) [PSYoungGen: 603109K->28036K(640512K)] 656605K->81532K(2038784K), 0.0103430 secs] [Times: user=0.02 sys=0.00, real=0.01 secs] 
2020-09-29T17:55:45.613+0200: 55.497: [GC (Allocation Failure) [PSYoungGen: 608644K->19843K(638976K)] 662140K->73339K(2037248K), 0.0086401 secs] [Times: user=0.11 sys=0.00, real=0.01 secs] 
2020-09-29T17:55:45.672+0200: 55.556: [GC (Allocation Failure) [PSYoungGen: 600451K->39877K(640000K)] 653947K->93373K(2038272K), 0.0137828 secs] [Times: user=0.13 sys=0.00, real=0.01 secs] 
2020-09-29T17:55:45.736+0200: 55.620: [GC (Allocation Failure) [PSYoungGen: 622021K->34085K(640512K)] 675517K->87581K(2038784K), 0.0117176 secs] [Times: user=0.13 sys=0.00, real=0.01 secs] 
2020-09-29T17:55:45.797+0200: 55.681: [GC (Allocation Failure) [PSYoungGen: 616229K->42053K(639488K)] 669725K->95549K(2037760K), 0.0143649 secs] [Times: user=0.13 sys=0.00, real=0.02 secs] 
2020-09-29T17:55:45.864+0200: 55.748: [GC (Allocation Failure) [PSYoungGen: 625221K->50949K(634368K)] 678717K->104445K(2032640K), 0.0171169 secs] [Times: user=0.13 sys=0.00, real=0.02 secs] 
2020-09-29T17:55:45.931+0200: 55.815: [GC (Allocation Failure) [PSYoungGen: 634117K->46181K(633856K)] 687613K->99677K(2032128K), 0.0159812 secs] [Times: user=0.13 sys=0.00, real=0.02 secs] 
2020-09-29T17:55:45.998+0200: 55.882: [GC (Allocation Failure) [PSYoungGen: 618085K->43813K(635392K)] 671581K->97309K(2033664K), 0.0178489 secs] [Times: user=0.11 sys=0.00, real=0.02 secs] 
2020-09-29T17:55:46.065+0200: 55.949: [GC (Allocation Failure) [PSYoungGen: 615717K->26021K(636416K)] 669213K->79517K(2034688K), 0.0089885 secs] [Times: user=0.13 sys=0.00, real=0.01 secs] 
2020-09-29T17:55:46.124+0200: 56.008: [GC (Allocation Failure) [PSYoungGen: 598949K->37861K(635392K)] 652445K->91357K(2033664K), 0.0285527 secs] [Times: user=0.13 sys=0.00, real=0.03 secs] 
2020-09-29T17:55:46.203+0200: 56.087: [GC (Allocation Failure) [PSYoungGen: 610789K->36517K(640512K)] 664285K->90013K(2038784K), 0.0157922 secs] [Times: user=0.09 sys=0.00, real=0.02 secs] 
2020-09-29T17:55:46.270+0200: 56.154: [GC (Allocation Failure) [PSYoungGen: 616101K->26213K(637952K)] 669597K->79709K(2036224K), 0.0099523 secs] [Times: user=0.00 sys=0.00, real=0.01 secs] 
2020-09-29T17:55:46.330+0200: 56.214: [GC (Allocation Failure) [PSYoungGen: 605797K->31557K(642560K)] 659293K->85053K(2040832K), 0.0112023 secs] [Times: user=0.13 sys=0.00, real=0.01 secs] 
2020-09-29T17:55:46.392+0200: 56.276: [GC (Allocation Failure) [PSYoungGen: 616261K->55685K(640512K)] 669757K->109181K(2038784K), 0.0183342 secs] [Times: user=0.25 sys=0.00, real=0.02 secs] 
2020-09-29T17:55:46.462+0200: 56.345: [GC (Allocation Failure) [PSYoungGen: 640389K->37284K(638464K)] 693885K->90780K(2036736K), 0.0136565 secs] [Times: user=0.13 sys=0.00, real=0.01 secs] 
2020-09-29T17:55:46.525+0200: 56.409: [GC (Allocation Failure) [PSYoungGen: 617380K->29477K(639488K)] 670876K->82973K(2037760K), 0.0118054 secs] [Times: user=0.13 sys=0.00, real=0.01 secs] 
2020-09-29T17:55:46.588+0200: 56.472: [GC (Allocation Failure) [PSYoungGen: 609573K->21637K(639488K)] 663069K->75133K(2037760K), 0.0076469 secs] [Times: user=0.00 sys=0.00, real=0.01 secs] 
2020-09-29T17:55:46.649+0200: 56.533: [GC (Allocation Failure) [PSYoungGen: 602757K->24931K(640000K)] 656253K->78427K(2038272K), 0.0101227 secs] [Times: user=0.00 sys=0.00, real=0.01 secs] 
2020-09-29T17:55:46.710+0200: 56.594: [GC (Allocation Failure) [PSYoungGen: 606051K->45092K(636928K)] 659547K->98588K(2035200K), 0.0163102 secs] [Times: user=0.13 sys=0.00, real=0.02 secs] 
2020-09-29T17:55:46.776+0200: 56.660: [GC (Allocation Failure) [PSYoungGen: 624164K->36165K(638976K)] 677660K->89661K(2037248K), 0.0123253 secs] [Times: user=0.13 sys=0.00, real=0.01 secs] 
2020-09-29T17:55:46.841+0200: 56.725: [GC (Allocation Failure) [PSYoungGen: 615237K->41061K(641024K)] 668733K->94557K(2039296K), 0.0136317 secs] [Times: user=0.13 sys=0.00, real=0.01 secs] 
2020-09-29T17:55:46.905+0200: 56.790: [GC (Allocation Failure) [PSYoungGen: 624229K->20868K(604160K)] 677725K->74364K(2002432K), 0.0073762 secs] [Times: user=0.13 sys=0.00, real=0.01 secs] 
2020-09-29T17:55:46.963+0200: 56.847: [GC (Allocation Failure) [PSYoungGen: 604036K->43493K(638464K)] 657532K->96989K(2036736K), 0.0144915 secs] [Times: user=0.13 sys=0.00, real=0.01 secs] 
2020-09-29T17:55:47.028+0200: 56.912: [GC (Allocation Failure) [PSYoungGen: 623589K->20803K(639488K)] 677085K->74299K(2037760K), 0.0095790 secs] [Times: user=0.13 sys=0.00, real=0.01 secs] 
2020-09-29T17:55:47.094+0200: 56.978: [GC (Allocation Failure) [PSYoungGen: 600899K->40325K(639488K)] 654395K->93821K(2037760K), 0.0151598 secs] [Times: user=0.13 sys=0.00, real=0.01 secs] 
2020-09-29T17:55:47.164+0200: 57.048: [GC (Allocation Failure) [PSYoungGen: 620421K->46245K(626688K)] 673917K->99741K(2024960K), 0.0181546 secs] [Times: user=0.13 sys=0.00, real=0.02 secs] 
2020-09-29T17:55:47.238+0200: 57.121: [GC (Allocation Failure) [PSYoungGen: 626341K->38405K(638976K)] 679837K->91901K(2037248K), 0.0152590 secs] [Times: user=0.06 sys=0.00, real=0.02 secs] 
2020-09-29T17:55:47.307+0200: 57.190: [GC (Allocation Failure) [PSYoungGen: 616453K->26597K(637952K)] 669949K->80093K(2036224K), 0.0093008 secs] [Times: user=0.00 sys=0.00, real=0.01 secs] 
2020-09-29T17:55:47.366+0200: 57.249: [GC (Allocation Failure) [PSYoungGen: 604645K->29828K(641536K)] 658141K->83324K(2039808K), 0.0115624 secs] [Times: user=0.00 sys=0.00, real=0.01 secs] 
2020-09-29T17:55:47.427+0200: 57.311: [GC (Allocation Failure) [PSYoungGen: 612484K->51909K(634880K)] 665980K->105405K(2033152K), 0.0168327 secs] [Times: user=0.13 sys=0.00, real=0.02 secs] 
2020-09-29T17:55:47.494+0200: 57.377: [GC (Allocation Failure) [PSYoungGen: 634565K->30307K(638976K)] 688061K->83803K(2037248K), 0.0117687 secs] [Times: user=0.13 sys=0.00, real=0.01 secs] 
2020-09-29T17:55:47.556+0200: 57.439: [GC (Allocation Failure) [PSYoungGen: 607843K->33637K(637440K)] 661339K->87133K(2035712K), 0.0116541 secs] [Times: user=0.13 sys=0.00, real=0.01 secs] 
2020-09-29T17:55:47.620+0200: 57.504: [GC (Allocation Failure) [PSYoungGen: 611173K->36933K(642560K)] 664669K->90429K(2040832K), 0.0136894 secs] [Times: user=0.11 sys=0.00, real=0.01 secs] 
2020-09-29T17:55:47.684+0200: 57.567: [GC (Allocation Failure) [PSYoungGen: 621637K->47365K(632320K)] 675133K->100861K(2030592K), 0.0159483 secs] [Times: user=0.13 sys=0.00, real=0.02 secs] 
2020-09-29T17:55:47.751+0200: 57.634: [GC (Allocation Failure) [PSYoungGen: 632069K->44165K(638976K)] 685565K->97661K(2037248K), 0.0157469 secs] [Times: user=0.13 sys=0.00, real=0.02 secs] 
2020-09-29T17:55:47.816+0200: 57.700: [GC (Allocation Failure) [PSYoungGen: 624261K->19651K(600064K)] 677757K->73147K(1998336K), 0.0084849 secs] [Times: user=0.13 sys=0.00, real=0.01 secs] 
2020-09-29T17:55:47.875+0200: 57.758: [GC (Allocation Failure) [PSYoungGen: 599747K->25573K(639488K)] 653243K->79069K(2037760K), 0.0089037 secs] [Times: user=0.13 sys=0.00, real=0.01 secs] 
2020-09-29T17:55:47.936+0200: 57.819: [GC (Allocation Failure) [PSYoungGen: 605157K->30885K(638976K)] 658653K->84381K(2037248K), 0.0108585 secs] [Times: user=0.13 sys=0.00, real=0.01 secs] 
2020-09-29T17:55:47.999+0200: 57.882: [GC (Allocation Failure) [PSYoungGen: 610469K->49893K(634368K)] 663965K->103389K(2032640K), 0.0165986 secs] [Times: user=0.13 sys=0.00, real=0.02 secs] 
2020-09-29T17:55:48.066+0200: 57.949: [GC (Allocation Failure) [PSYoungGen: 626917K->24131K(637952K)] 680413K->77627K(2036224K), 0.0107481 secs] [Times: user=0.09 sys=0.02, real=0.01 secs] 
2020-09-29T17:55:48.129+0200: 58.012: [GC (Allocation Failure) [PSYoungGen: 601155K->40613K(638464K)] 654651K->94109K(2036736K), 0.0142788 secs] [Times: user=0.13 sys=0.00, real=0.01 secs] 
2020-09-29T17:55:48.195+0200: 58.078: [GC (Allocation Failure) [PSYoungGen: 618661K->30756K(638464K)] 672157K->84252K(2036736K), 0.0153475 secs] [Times: user=0.11 sys=0.00, real=0.02 secs] 
2020-09-29T17:55:48.263+0200: 58.146: [GC (Allocation Failure) [PSYoungGen: 608804K->32900K(642560K)] 662300K->86396K(2040832K), 0.0114041 secs] [Times: user=0.13 sys=0.00, real=0.01 secs] 
2020-09-29T17:55:48.329+0200: 58.213: [GC (Allocation Failure) [PSYoungGen: 617092K->29189K(640512K)] 670588K->82685K(2038784K), 0.0131979 secs] [Times: user=0.11 sys=0.00, real=0.01 secs] 
2020-09-29T17:55:48.395+0200: 58.278: [GC (Allocation Failure) [PSYoungGen: 613381K->24004K(644096K)] 666877K->77500K(2042368K), 0.0091234 secs] [Times: user=0.13 sys=0.00, real=0.01 secs] 
2020-09-29T17:55:48.454+0200: 58.337: [GC (Allocation Failure) [PSYoungGen: 612804K->52293K(641536K)] 666300K->105789K(2039808K), 0.0169918 secs] [Times: user=0.13 sys=0.00, real=0.02 secs] 
2020-09-29T17:55:48.521+0200: 58.405: [GC (Allocation Failure) [PSYoungGen: 641093K->39525K(638464K)] 694589K->93021K(2036736K), 0.0134844 secs] [Times: user=0.00 sys=0.00, real=0.01 secs] 
2020-09-29T17:55:48.588+0200: 58.472: [GC (Allocation Failure) [PSYoungGen: 620645K->32325K(640000K)] 674141K->85821K(2038272K), 0.0121719 secs] [Times: user=0.11 sys=0.00, real=0.01 secs] 
2020-09-29T17:55:48.653+0200: 58.536: [GC (Allocation Failure) [PSYoungGen: 613445K->37925K(642560K)] 666941K->91421K(2040832K), 0.0140300 secs] [Times: user=0.13 sys=0.00, real=0.01 secs] 
2020-09-29T17:55:48.718+0200: 58.601: [GC (Allocation Failure) [PSYoungGen: 623141K->48901K(634368K)] 676637K->102397K(2032640K), 0.0164145 secs] [Times: user=0.13 sys=0.00, real=0.02 secs] 
2020-09-29T17:55:48.784+0200: 58.668: [GC (Allocation Failure) [PSYoungGen: 634117K->31908K(641024K)] 687613K->85404K(2039296K), 0.0115330 secs] [Times: user=0.13 sys=0.00, real=0.01 secs] 
2020-09-29T17:55:48.846+0200: 58.729: [GC (Allocation Failure) [PSYoungGen: 614052K->53541K(635904K)] 667548K->107037K(2034176K), 0.0173861 secs] [Times: user=0.14 sys=0.00, real=0.02 secs] 
2020-09-29T17:55:48.917+0200: 58.800: [GC (Allocation Failure) [PSYoungGen: 634085K->2113K(629760K)] 687581K->55609K(2028032K), 0.0028133 secs] [Times: user=0.00 sys=0.00, real=0.00 secs] 
2020-09-29T17:55:48.970+0200: 58.854: [GC (Allocation Failure) [PSYoungGen: 569921K->36677K(633344K)] 623417K->90173K(2031616K), 0.0138004 secs] [Times: user=0.13 sys=0.00, real=0.01 secs] 
2020-09-29T17:55:49.036+0200: 58.919: [GC (Allocation Failure) [PSYoungGen: 604485K->43909K(634368K)] 657981K->97405K(2032640K), 0.0177631 secs] [Times: user=0.13 sys=0.00, real=0.02 secs] 
2020-09-29T17:55:49.105+0200: 58.988: [GC (Allocation Failure) [PSYoungGen: 614789K->26821K(634880K)] 668285K->80317K(2033152K), 0.0111052 secs] [Times: user=0.13 sys=0.00, real=0.01 secs] 
2020-09-29T17:55:49.166+0200: 59.050: [GC (Allocation Failure) [PSYoungGen: 597701K->23557K(636928K)] 651197K->77053K(2035200K), 0.0079031 secs] [Times: user=0.00 sys=0.00, real=0.01 secs] 
2020-09-29T17:55:49.227+0200: 59.111: [GC (Allocation Failure) [PSYoungGen: 598021K->51109K(625664K)] 651517K->104605K(2023936K), 0.0172305 secs] [Times: user=0.13 sys=0.00, real=0.02 secs] 
2020-09-29T17:55:49.295+0200: 59.178: [GC (Allocation Failure) [PSYoungGen: 625573K->35364K(636416K)] 679069K->88860K(2034688K), 0.0128653 secs] [Times: user=0.13 sys=0.00, real=0.01 secs] 
2020-09-29T17:55:49.357+0200: 59.240: [GC (Allocation Failure) [PSYoungGen: 606244K->32069K(633344K)] 659740K->85565K(2031616K), 0.0110984 secs] [Times: user=0.13 sys=0.00, real=0.01 secs] 
2020-09-29T17:55:49.418+0200: 59.302: [GC (Allocation Failure) [PSYoungGen: 602949K->25826K(639488K)] 656445K->79322K(2037760K), 0.0106135 secs] [Times: user=0.13 sys=0.00, real=0.01 secs] 
2020-09-29T17:55:49.478+0200: 59.361: [GC (Allocation Failure) [PSYoungGen: 604898K->15267K(638464K)] 658394K->68763K(2036736K), 0.0062853 secs] [Times: user=0.00 sys=0.00, real=0.01 secs] 
2020-09-29T17:55:49.534+0200: 59.417: [GC (Allocation Failure) [PSYoungGen: 594339K->33701K(641024K)] 647835K->87197K(2039296K), 0.0123852 secs] [Times: user=0.13 sys=0.00, real=0.01 secs] 
2020-09-29T17:55:49.598+0200: 59.482: [GC (Allocation Failure) [PSYoungGen: 614821K->40132K(638976K)] 668317K->93628K(2037248K), 0.0157709 secs] [Times: user=0.22 sys=0.00, real=0.02 secs] 
2020-09-29T17:55:49.665+0200: 59.549: [GC (Allocation Failure) [PSYoungGen: 621252K->32996K(643072K)] 674748K->86492K(2041344K), 0.0119719 secs] [Times: user=0.13 sys=0.00, real=0.01 secs] 
2020-09-29T17:55:49.728+0200: 59.612: [GC (Allocation Failure) [PSYoungGen: 617700K->29765K(640512K)] 671196K->83261K(2038784K), 0.0103190 secs] [Times: user=0.00 sys=0.01, real=0.01 secs] 
2020-09-29T17:55:49.790+0200: 59.674: [GC (Allocation Failure) [PSYoungGen: 614469K->40293K(643584K)] 667965K->93789K(2041856K), 0.0130975 secs] [Times: user=0.13 sys=0.00, real=0.01 secs] 
2020-09-29T17:55:49.857+0200: 59.740: [GC (Allocation Failure) [PSYoungGen: 629605K->25379K(644096K)] 683101K->78875K(2042368K), 0.0103365 secs] [Times: user=0.13 sys=0.00, real=0.01 secs] 
2020-09-29T17:55:49.918+0200: 59.802: [GC (Allocation Failure) [PSYoungGen: 614691K->54181K(633344K)] 668187K->107677K(2031616K), 0.0182569 secs] [Times: user=0.13 sys=0.00, real=0.02 secs] 
2020-09-29T17:55:49.986+0200: 59.869: [GC (Allocation Failure) [PSYoungGen: 633253K->45317K(624640K)] 686749K->98813K(2022912K), 0.0147416 secs] [Times: user=0.13 sys=0.00, real=0.01 secs] 
2020-09-29T17:55:50.051+0200: 59.935: [GC (Allocation Failure) [PSYoungGen: 624389K->36389K(640000K)] 677885K->89885K(2038272K), 0.0129925 secs] [Times: user=0.13 sys=0.00, real=0.01 secs] 
2020-09-29T17:55:50.114+0200: 59.998: [GC (Allocation Failure) [PSYoungGen: 614949K->23300K(637440K)] 668445K->76796K(2035712K), 0.0096821 secs] [Times: user=0.00 sys=0.00, real=0.01 secs] 
2020-09-29T17:55:50.174+0200: 60.057: [GC (Allocation Failure) [PSYoungGen: 601860K->26244K(641024K)] 655356K->79740K(2039296K), 0.0114199 secs] [Times: user=0.13 sys=0.00, real=0.01 secs] 
2020-09-29T17:55:50.240+0200: 60.123: [GC (Allocation Failure) [PSYoungGen: 608388K->47813K(630272K)] 661884K->101309K(2028544K), 0.0165006 secs] [Times: user=0.13 sys=0.00, real=0.02 secs] 
2020-09-29T17:55:50.307+0200: 60.190: [GC (Allocation Failure) [PSYoungGen: 629957K->27172K(639488K)] 683453K->80668K(2037760K), 0.0102776 secs] [Times: user=0.13 sys=0.00, real=0.01 secs] 
2020-09-29T17:55:50.367+0200: 60.250: [GC (Allocation Failure) [PSYoungGen: 606244K->29765K(638464K)] 659740K->83261K(2036736K), 0.0111422 secs] [Times: user=0.00 sys=0.00, real=0.01 secs] 
2020-09-29T17:55:50.428+0200: 60.311: [GC (Allocation Failure) [PSYoungGen: 608837K->34629K(643072K)] 662333K->88125K(2041344K), 0.0123675 secs] [Times: user=0.00 sys=0.00, real=0.01 secs] 
2020-09-29T17:55:50.491+0200: 60.375: [GC (Allocation Failure) [PSYoungGen: 619845K->31684K(641024K)] 673341K->85180K(2039296K), 0.0121940 secs] [Times: user=0.00 sys=0.00, real=0.01 secs] 
2020-09-29T17:55:50.556+0200: 60.440: [GC (Allocation Failure) [PSYoungGen: 616900K->42661K(642048K)] 670396K->96157K(2040320K), 0.0138974 secs] [Times: user=0.13 sys=0.00, real=0.01 secs] 
2020-09-29T17:55:50.622+0200: 60.506: [GC (Allocation Failure) [PSYoungGen: 630949K->29188K(643584K)] 684445K->82684K(2041856K), 0.0117012 secs] [Times: user=0.11 sys=0.00, real=0.01 secs] 
2020-09-29T17:55:50.686+0200: 60.570: [GC (Allocation Failure) [PSYoungGen: 617476K->29317K(645632K)] 670972K->82813K(2043904K), 0.0108835 secs] [Times: user=0.13 sys=0.00, real=0.01 secs] 
2020-09-29T17:55:50.749+0200: 60.632: [GC (Allocation Failure) [PSYoungGen: 620677K->46501K(637952K)] 674173K->99997K(2036224K), 0.0160789 secs] [Times: user=0.13 sys=0.00, real=0.02 secs] 
2020-09-29T17:55:50.816+0200: 60.700: [GC (Allocation Failure) [PSYoungGen: 637861K->36261K(644608K)] 691357K->89757K(2042880K), 0.0125479 secs] [Times: user=0.05 sys=0.00, real=0.01 secs] 
2020-09-29T17:55:50.879+0200: 60.763: [GC (Allocation Failure) [PSYoungGen: 625061K->35140K(643072K)] 678557K->88636K(2041344K), 0.0135694 secs] [Times: user=0.09 sys=0.00, real=0.01 secs] 
2020-09-29T17:55:50.943+0200: 60.827: [GC (Allocation Failure) [PSYoungGen: 623940K->35237K(648192K)] 677436K->88733K(2046464K), 0.0126488 secs] [Times: user=0.00 sys=0.00, real=0.01 secs] 
2020-09-29T17:55:51.008+0200: 60.892: [GC (Allocation Failure) [PSYoungGen: 631205K->29572K(646656K)] 684701K->83068K(2044928K), 0.0108090 secs] [Times: user=0.00 sys=0.00, real=0.01 secs] 
2020-09-29T17:55:51.070+0200: 60.954: [GC (Allocation Failure) [PSYoungGen: 625540K->23460K(647680K)] 679036K->76956K(2045952K), 0.0091697 secs] [Times: user=0.00 sys=0.00, real=0.01 secs] 
2020-09-29T17:55:51.132+0200: 61.016: [GC (Allocation Failure) [PSYoungGen: 620964K->32292K(648192K)] 674460K->85788K(2046464K), 0.0120193 secs] [Times: user=0.00 sys=0.00, real=0.01 secs] 
2020-09-29T17:55:51.198+0200: 61.082: [GC (Allocation Failure) [PSYoungGen: 629784K->12994K(646656K)] 683280K->66490K(2044928K), 0.0077733 secs] [Times: user=0.00 sys=0.00, real=0.01 secs] 
2020-09-29T17:55:51.266+0200: 61.150: [GC (Allocation Failure) [PSYoungGen: 610498K->36165K(648192K)] 663994K->89661K(2046464K), 0.0123427 secs] [Times: user=0.13 sys=0.00, real=0.01 secs] 
2020-09-29T17:55:51.331+0200: 61.214: [GC (Allocation Failure) [PSYoungGen: 633669K->31716K(649728K)] 687165K->85212K(2048000K), 0.0113130 secs] [Times: user=0.13 sys=0.00, real=0.01 secs] 
2020-09-29T17:55:51.394+0200: 61.277: [GC (Allocation Failure) [PSYoungGen: 630756K->42853K(642048K)] 684252K->96349K(2040320K), 0.0148411 secs] [Times: user=0.13 sys=0.00, real=0.01 secs] 
2020-09-29T17:55:51.460+0200: 61.344: [GC (Allocation Failure) [PSYoungGen: 641893K->40068K(645632K)] 695389K->93564K(2043904K), 0.0142736 secs] [Times: user=0.13 sys=0.00, real=0.01 secs] 
2020-09-29T17:55:51.525+0200: 61.409: [GC (Allocation Failure) [PSYoungGen: 634500K->32901K(646656K)] 687996K->86397K(2044928K), 0.0118149 secs] [Times: user=0.13 sys=0.00, real=0.01 secs] 
2020-09-29T17:55:51.589+0200: 61.473: [GC (Allocation Failure) [PSYoungGen: 627333K->39301K(648192K)] 680829K->92797K(2046464K), 0.0158546 secs] [Times: user=0.11 sys=0.00, real=0.02 secs] 
2020-09-29T17:55:51.658+0200: 61.542: [GC (Allocation Failure) [PSYoungGen: 636805K->34148K(648192K)] 690301K->87644K(2046464K), 0.0119040 secs] [Times: user=0.13 sys=0.00, real=0.01 secs] 
2020-09-29T17:55:51.722+0200: 61.606: [GC (Allocation Failure) [PSYoungGen: 631652K->28484K(650240K)] 685148K->81980K(2048512K), 0.0110026 secs] [Times: user=0.13 sys=0.00, real=0.01 secs] 
2020-09-29T17:55:51.785+0200: 61.669: [GC (Allocation Failure) [PSYoungGen: 629572K->40196K(641536K)] 683068K->93692K(2039808K), 0.0146324 secs] [Times: user=0.00 sys=0.00, real=0.01 secs] 
2020-09-29T17:55:51.851+0200: 61.735: [GC (Allocation Failure) [PSYoungGen: 641284K->24165K(649216K)] 694780K->77661K(2047488K), 0.0088872 secs] [Times: user=0.00 sys=0.00, real=0.01 secs] 
2020-09-29T17:55:51.914+0200: 61.798: [GC (Allocation Failure) [PSYoungGen: 623717K->20867K(620544K)] 677213K->74363K(2018816K), 0.0086885 secs] [Times: user=0.00 sys=0.00, real=0.01 secs] 
2020-09-29T17:55:51.985+0200: 61.869: [GC (Allocation Failure) [PSYoungGen: 620419K->30788K(650240K)] 673915K->84284K(2048512K), 0.0252226 secs] [Times: user=0.25 sys=0.00, real=0.03 secs] 
2020-09-29T17:55:52.069+0200: 61.954: [GC (Allocation Failure) [PSYoungGen: 630852K->42981K(643072K)] 684348K->96477K(2041344K), 0.0146405 secs] [Times: user=0.13 sys=0.00, real=0.02 secs] 
2020-09-29T17:55:52.137+0200: 62.021: [GC (Allocation Failure) [PSYoungGen: 643045K->41445K(644608K)] 696541K->94941K(2042880K), 0.0142283 secs] [Times: user=0.13 sys=0.00, real=0.01 secs] 
2020-09-29T17:55:52.204+0200: 62.088: [GC (Allocation Failure) [PSYoungGen: 634853K->33253K(646144K)] 688349K->86749K(2044416K), 0.0153085 secs] [Times: user=0.09 sys=0.00, real=0.02 secs] 
2020-09-29T17:55:52.271+0200: 62.155: [GC (Allocation Failure) [PSYoungGen: 626661K->25093K(648192K)] 680157K->78589K(2046464K), 0.0081838 secs] [Times: user=0.00 sys=0.00, real=0.01 secs] 
2020-09-29T17:55:52.332+0200: 62.216: [GC (Allocation Failure) [PSYoungGen: 622597K->34661K(648192K)] 676093K->88157K(2046464K), 0.0121816 secs] [Times: user=0.00 sys=0.00, real=0.01 secs] 
2020-09-29T17:55:52.397+0200: 62.282: [GC (Allocation Failure) [PSYoungGen: 632165K->30148K(650752K)] 685661K->83644K(2049024K), 0.0116173 secs] [Times: user=0.00 sys=0.00, real=0.01 secs] 
2020-09-29T17:55:52.461+0200: 62.345: [GC (Allocation Failure) [PSYoungGen: 631236K->29091K(649216K)] 684732K->82587K(2047488K), 0.0115564 secs] [Times: user=0.00 sys=0.00, real=0.01 secs] 
2020-09-29T17:55:52.525+0200: 62.409: [GC (Allocation Failure) [PSYoungGen: 630179K->28613K(652288K)] 683675K->82109K(2050560K), 0.0102033 secs] [Times: user=0.13 sys=0.00, real=0.01 secs] 
2020-09-29T17:55:52.588+0200: 62.473: [GC (Allocation Failure) [PSYoungGen: 633285K->30341K(651264K)] 686781K->83837K(2049536K), 0.0128322 secs] [Times: user=0.13 sys=0.00, real=0.01 secs] 
2020-09-29T17:55:52.655+0200: 62.539: [GC (Allocation Failure) [PSYoungGen: 635013K->45541K(645120K)] 688509K->100517K(2043392K), 0.0160522 secs] [Times: user=0.13 sys=0.00, real=0.02 secs] 
2020-09-29T17:55:52.722+0200: 62.606: [GC (Allocation Failure) [PSYoungGen: 645093K->29509K(649216K)] 700069K->84485K(2047488K), 0.0107010 secs] [Times: user=0.13 sys=0.00, real=0.01 secs] 
2020-09-29T17:55:52.785+0200: 62.669: [GC (Allocation Failure) [PSYoungGen: 629061K->27428K(650752K)] 684037K->82404K(2049024K), 0.0104933 secs] [Times: user=0.03 sys=0.00, real=0.01 secs] 
2020-09-29T17:55:52.848+0200: 62.731: [GC (Allocation Failure) [PSYoungGen: 629540K->40293K(642560K)] 684516K->95269K(2040832K), 0.0141474 secs] [Times: user=0.13 sys=0.00, real=0.01 secs] 
2020-09-29T17:55:52.915+0200: 62.798: [GC (Allocation Failure) [PSYoungGen: 642405K->40869K(647168K)] 697381K->95845K(2045440K), 0.0143113 secs] [Times: user=0.13 sys=0.00, real=0.02 secs] 
2020-09-29T17:55:52.985+0200: 62.869: [GC (Allocation Failure) [PSYoungGen: 638373K->22628K(620544K)] 693349K->77604K(2018816K), 0.0100462 secs] [Times: user=0.11 sys=0.00, real=0.01 secs] 
2020-09-29T17:55:53.057+0200: 62.941: [GC (Allocation Failure) [PSYoungGen: 619563K->14051K(645632K)] 674539K->69027K(2043904K), 0.0072185 secs] [Times: user=0.00 sys=0.00, real=0.01 secs] 
2020-09-29T17:55:53.122+0200: 63.006: [GC (Allocation Failure) [PSYoungGen: 608483K->47877K(642560K)] 663459K->102853K(2040832K), 0.0169998 secs] [Times: user=0.13 sys=0.00, real=0.02 secs] 
2020-09-29T17:55:53.191+0200: 63.075: [GC (Allocation Failure) [PSYoungGen: 642309K->37860K(642560K)] 697285K->92836K(2040832K), 0.0169599 secs] [Times: user=0.22 sys=0.00, real=0.02 secs] 
2020-09-29T17:55:53.261+0200: 63.144: [GC (Allocation Failure) [PSYoungGen: 624100K->19938K(642560K)] 679076K->74914K(2040832K), 0.0085847 secs] [Times: user=0.00 sys=0.00, real=0.01 secs] 
2020-09-29T17:55:53.321+0200: 63.204: [GC (Allocation Failure) [PSYoungGen: 606178K->45605K(637440K)] 661154K->100581K(2035712K), 0.0150501 secs] [Times: user=0.13 sys=0.00, real=0.01 secs] 
2020-09-29T17:55:53.387+0200: 63.271: [GC (Allocation Failure) [PSYoungGen: 625921K->22051K(640000K)] 680897K->77027K(2038272K), 0.0092726 secs] [Times: user=0.13 sys=0.00, real=0.01 secs] 
2020-09-29T17:55:53.448+0200: 63.332: [GC (Allocation Failure) [PSYoungGen: 603171K->28965K(642560K)] 658147K->83941K(2040832K), 0.0101200 secs] [Times: user=0.13 sys=0.00, real=0.01 secs] 
2020-09-29T17:55:53.508+0200: 63.392: [GC (Allocation Failure) [PSYoungGen: 613157K->24388K(640512K)] 668133K->79364K(2038784K), 0.0100038 secs] [Times: user=0.00 sys=0.00, real=0.01 secs] 
2020-09-29T17:55:53.569+0200: 63.453: [GC (Allocation Failure) [PSYoungGen: 608580K->48005K(635904K)] 663556K->102981K(2034176K), 0.0175624 secs] [Times: user=0.11 sys=0.00, real=0.02 secs] 
2020-09-29T17:55:53.638+0200: 63.522: [GC (Allocation Failure) [PSYoungGen: 629125K->27108K(640000K)] 684101K->82084K(2038272K), 0.0106454 secs] [Times: user=0.13 sys=0.00, real=0.01 secs] 
2020-09-29T17:55:53.699+0200: 63.583: [GC (Allocation Failure) [PSYoungGen: 608228K->32292K(644096K)] 663204K->87268K(2042368K), 0.0111307 secs] [Times: user=0.13 sys=0.00, real=0.01 secs] 
2020-09-29T17:55:53.762+0200: 63.645: [GC (Allocation Failure) [PSYoungGen: 619044K->44869K(641536K)] 674020K->99845K(2039808K), 0.0155872 secs] [Times: user=0.13 sys=0.00, real=0.01 secs] 
2020-09-29T17:55:53.827+0200: 63.711: [GC (Allocation Failure) [PSYoungGen: 631621K->43749K(638464K)] 686597K->98725K(2036736K), 0.0147454 secs] [Times: user=0.13 sys=0.00, real=0.02 secs] 
2020-09-29T17:55:53.892+0200: 63.776: [GC (Allocation Failure) [PSYoungGen: 624869K->23108K(640000K)] 679845K->78084K(2038272K), 0.0093273 secs] [Times: user=0.13 sys=0.00, real=0.01 secs] 
2020-09-29T17:55:53.952+0200: 63.836: [GC (Allocation Failure) [PSYoungGen: 604228K->43749K(638464K)] 659204K->98725K(2036736K), 0.0147935 secs] [Times: user=0.13 sys=0.00, real=0.02 secs] 
2020-09-29T17:55:54.017+0200: 63.900: [GC (Allocation Failure) [PSYoungGen: 623845K->21380K(639488K)] 678821K->76356K(2037760K), 0.0078767 secs] [Times: user=0.13 sys=0.00, real=0.01 secs] 
2020-09-29T17:55:54.075+0200: 63.958: [GC (Allocation Failure) [PSYoungGen: 601476K->40933K(638464K)] 656452K->95909K(2036736K), 0.0142164 secs] [Times: user=0.13 sys=0.00, real=0.01 secs] 
2020-09-29T17:55:54.139+0200: 64.023: [GC (Allocation Failure) [PSYoungGen: 620005K->30884K(638976K)] 674981K->85860K(2037248K), 0.0116225 secs] [Times: user=0.13 sys=0.00, real=0.01 secs] 
2020-09-29T17:55:54.202+0200: 64.086: [GC (Allocation Failure) [PSYoungGen: 609956K->35685K(643072K)] 664932K->90661K(2041344K), 0.0161320 secs] [Times: user=0.09 sys=0.00, real=0.02 secs] 
2020-09-29T17:55:54.271+0200: 64.154: [GC (Allocation Failure) [PSYoungGen: 620901K->46661K(632320K)] 675877K->101637K(2030592K), 0.0156255 secs] [Times: user=0.13 sys=0.00, real=0.02 secs] 
2020-09-29T17:55:54.337+0200: 64.220: [GC (Allocation Failure) [PSYoungGen: 631877K->43877K(638464K)] 686853K->98853K(2036736K), 0.0152136 secs] [Times: user=0.13 sys=0.00, real=0.02 secs] 
2020-09-29T17:55:54.402+0200: 64.285: [GC (Allocation Failure) [PSYoungGen: 623973K->34564K(639488K)] 678949K->89540K(2037760K), 0.0128632 secs] [Times: user=0.13 sys=0.00, real=0.01 secs] 
2020-09-29T17:55:54.465+0200: 64.348: [GC (Allocation Failure) [PSYoungGen: 614660K->40325K(642048K)] 669636K->95301K(2040320K), 0.0142972 secs] [Times: user=0.13 sys=0.00, real=0.01 secs] 
2020-09-29T17:55:54.530+0200: 64.413: [GC (Allocation Failure) [PSYoungGen: 625029K->50821K(635904K)] 680005K->105797K(2034176K), 0.0169125 secs] [Times: user=0.13 sys=0.00, real=0.02 secs] 
2020-09-29T17:55:54.599+0200: 64.482: [GC (Allocation Failure) [PSYoungGen: 635525K->33701K(640000K)] 690501K->88677K(2038272K), 0.0141931 secs] [Times: user=0.00 sys=0.00, real=0.01 secs] 
2020-09-29T17:55:54.664+0200: 64.548: [GC (Allocation Failure) [PSYoungGen: 613285K->24228K(638464K)] 668261K->79204K(2036736K), 0.0092036 secs] [Times: user=0.00 sys=0.00, real=0.01 secs] 
2020-09-29T17:55:54.723+0200: 64.606: [GC (Allocation Failure) [PSYoungGen: 603812K->29540K(641024K)] 658788K->84516K(2039296K), 0.0108128 secs] [Times: user=0.00 sys=0.00, real=0.01 secs] 
2020-09-29T17:55:54.784+0200: 64.668: [GC (Allocation Failure) [PSYoungGen: 611684K->35972K(640000K)] 666660K->90948K(2038272K), 0.0135286 secs] [Times: user=0.13 sys=0.00, real=0.01 secs] 
2020-09-29T17:55:54.848+0200: 64.732: [GC (Allocation Failure) [PSYoungGen: 618116K->43237K(641024K)] 673092K->98213K(2039296K), 0.0154323 secs] [Times: user=0.00 sys=0.00, real=0.01 secs] 
2020-09-29T17:55:54.914+0200: 64.798: [GC (Allocation Failure) [PSYoungGen: 628453K->25892K(642048K)] 683429K->80868K(2040320K), 0.0093365 secs] [Times: user=0.00 sys=0.00, real=0.01 secs] 
2020-09-29T17:55:54.979+0200: 64.863: [GC (Allocation Failure) [PSYoungGen: 611108K->35748K(644608K)] 666084K->90724K(2042880K), 0.0130399 secs] [Times: user=0.13 sys=0.00, real=0.01 secs] 
2020-09-29T17:55:55.044+0200: 64.928: [GC (Allocation Failure) [PSYoungGen: 624036K->36133K(642560K)] 679012K->91109K(2040832K), 0.0131644 secs] [Times: user=0.13 sys=0.00, real=0.01 secs] 
2020-09-29T17:55:55.109+0200: 64.992: [GC (Allocation Failure) [PSYoungGen: 624421K->22532K(645120K)] 679397K->77508K(2043392K), 0.0084486 secs] [Times: user=0.13 sys=0.00, real=0.01 secs] 
2020-09-29T17:55:55.168+0200: 65.051: [GC (Allocation Failure) [PSYoungGen: 614916K->25092K(645632K)] 669892K->80068K(2043904K), 0.0091549 secs] [Times: user=0.13 sys=0.00, real=0.01 secs] 
2020-09-29T17:55:55.231+0200: 65.114: [GC (Allocation Failure) [PSYoungGen: 617476K->43301K(642048K)] 672452K->98277K(2040320K), 0.0142951 secs] [Times: user=0.13 sys=0.00, real=0.01 secs] 
2020-09-29T17:55:55.298+0200: 65.181: [GC (Allocation Failure) [PSYoungGen: 632613K->30980K(644096K)] 687589K->85956K(2042368K), 0.0113111 secs] [Times: user=0.13 sys=0.00, real=0.01 secs] 
2020-09-29T17:55:55.360+0200: 65.244: [GC (Allocation Failure) [PSYoungGen: 620292K->30915K(647168K)] 675268K->85891K(2045440K), 0.0119801 secs] [Times: user=0.13 sys=0.00, real=0.01 secs] 
2020-09-29T17:55:55.424+0200: 65.307: [GC (Allocation Failure) [PSYoungGen: 624835K->50565K(644608K)] 679811K->105541K(2042880K), 0.0161489 secs] [Times: user=0.13 sys=0.00, real=0.02 secs] 
2020-09-29T17:55:55.492+0200: 65.376: [GC (Allocation Failure) [PSYoungGen: 644485K->26531K(641536K)] 699461K->81507K(2039808K), 0.0105528 secs] [Times: user=0.00 sys=0.00, real=0.01 secs] 
2020-09-29T17:55:55.553+0200: 65.437: [GC (Allocation Failure) [PSYoungGen: 613795K->39493K(643072K)] 668771K->94469K(2041344K), 0.0139745 secs] [Times: user=0.13 sys=0.00, real=0.01 secs] 
2020-09-29T17:55:55.621+0200: 65.504: [GC (Allocation Failure) [PSYoungGen: 626757K->38340K(644096K)] 681733K->93316K(2042368K), 0.0143049 secs] [Times: user=0.11 sys=0.00, real=0.01 secs] 
2020-09-29T17:55:55.685+0200: 65.569: [GC (Allocation Failure) [PSYoungGen: 627140K->23268K(643584K)] 682116K->78244K(2041856K), 0.0091797 secs] [Times: user=0.13 sys=0.00, real=0.01 secs] 
2020-09-29T17:55:55.745+0200: 65.629: [GC (Allocation Failure) [PSYoungGen: 612068K->23139K(644096K)] 667044K->78115K(2042368K), 0.0089159 secs] [Times: user=0.02 sys=0.00, real=0.01 secs] 
2020-09-29T17:55:55.805+0200: 65.688: [GC (Allocation Failure) [PSYoungGen: 612451K->23780K(644096K)] 667427K->78756K(2042368K), 0.0093102 secs] [Times: user=0.00 sys=0.00, real=0.01 secs] 
2020-09-29T17:55:55.866+0200: 65.750: [GC (Allocation Failure) [PSYoungGen: 613092K->38885K(644608K)] 668068K->93861K(2042880K), 0.0133223 secs] [Times: user=0.13 sys=0.00, real=0.01 secs] 
2020-09-29T17:55:55.930+0200: 65.814: [GC (Allocation Failure) [PSYoungGen: 629221K->39876K(630272K)] 684197K->94852K(2028544K), 0.0143819 secs] [Times: user=0.13 sys=0.00, real=0.01 secs] 
2020-09-29T17:55:55.995+0200: 65.879: [GC (Allocation Failure) [PSYoungGen: 630212K->28196K(645120K)] 685188K->83172K(2043392K), 0.0110115 secs] [Times: user=0.13 sys=0.00, real=0.01 secs] 
2020-09-29T17:55:56.058+0200: 65.942: [GC (Allocation Failure) [PSYoungGen: 618532K->30661K(644096K)] 673508K->85637K(2042368K), 0.0130001 secs] [Times: user=0.11 sys=0.00, real=0.01 secs] 
2020-09-29T17:55:56.131+0200: 66.015: [GC (Allocation Failure) [PSYoungGen: 620997K->32549K(648704K)] 675973K->87525K(2046976K), 0.0149117 secs] [Times: user=0.13 sys=0.00, real=0.01 secs] 
2020-09-29T17:55:56.202+0200: 66.086: [GC (Allocation Failure) [PSYoungGen: 629029K->41157K(646656K)] 684005K->96133K(2044928K), 0.0193500 secs] [Times: user=0.11 sys=0.00, real=0.02 secs] 
2020-09-29T17:55:56.274+0200: 66.158: [GC (Allocation Failure) [PSYoungGen: 637637K->49637K(638976K)] 692613K->104613K(2037248K), 0.0171873 secs] [Times: user=0.13 sys=0.00, real=0.02 secs] 
2020-09-29T17:55:56.343+0200: 66.227: [GC (Allocation Failure) [PSYoungGen: 636901K->33828K(643072K)] 691877K->88804K(2041344K), 0.0126744 secs] [Times: user=0.13 sys=0.00, real=0.01 secs] 
2020-09-29T17:55:56.407+0200: 66.290: [GC (Allocation Failure) [PSYoungGen: 621092K->45381K(641024K)] 676068K->100357K(2039296K), 0.0157252 secs] [Times: user=0.13 sys=0.00, real=0.01 secs] 
2020-09-29T17:55:56.473+0200: 66.356: [GC (Allocation Failure) [PSYoungGen: 632645K->44773K(632320K)] 687621K->99749K(2030592K), 0.0146609 secs] [Times: user=0.00 sys=0.00, real=0.01 secs] 
2020-09-29T17:55:56.538+0200: 66.422: [GC (Allocation Failure) [PSYoungGen: 632037K->42853K(641536K)] 687013K->97829K(2039808K), 0.0150067 secs] [Times: user=0.13 sys=0.00, real=0.01 secs] 
2020-09-29T17:55:56.605+0200: 66.489: [GC (Allocation Failure) [PSYoungGen: 627045K->39109K(641536K)] 682021K->94085K(2039808K), 0.0163397 secs] [Times: user=0.11 sys=0.00, real=0.02 secs] 
2020-09-29T17:55:56.673+0200: 66.557: [GC (Allocation Failure) [PSYoungGen: 623301K->33283K(644096K)] 678277K->88259K(2042368K), 0.0126505 secs] [Times: user=0.13 sys=0.00, real=0.01 secs] 
2020-09-29T17:55:56.736+0200: 66.620: [GC (Allocation Failure) [PSYoungGen: 621571K->47333K(635904K)] 676547K->102309K(2034176K), 0.0156081 secs] [Times: user=0.13 sys=0.00, real=0.01 secs] 
2020-09-29T17:55:56.802+0200: 66.686: [GC (Allocation Failure) [PSYoungGen: 635621K->32581K(643072K)] 690597K->87557K(2041344K), 0.0117916 secs] [Times: user=0.00 sys=0.00, real=0.01 secs] 
2020-09-29T17:55:56.864+0200: 66.748: [GC (Allocation Failure) [PSYoungGen: 618821K->30020K(642048K)] 673797K->84996K(2040320K), 0.0112545 secs] [Times: user=0.00 sys=0.00, real=0.01 secs] 
2020-09-29T17:55:56.930+0200: 66.814: [GC (Allocation Failure) [PSYoungGen: 616260K->41860K(643584K)] 671236K->96836K(2041856K), 0.0151131 secs] [Times: user=0.13 sys=0.00, real=0.01 secs] 
2020-09-29T17:55:56.996+0200: 66.880: [GC (Allocation Failure) [PSYoungGen: 630148K->42181K(643584K)] 685124K->97157K(2041856K), 0.0150686 secs] [Times: user=0.13 sys=0.00, real=0.01 secs] 
2020-09-29T17:55:57.062+0200: 66.946: [GC (Allocation Failure) [PSYoungGen: 630469K->55269K(633344K)] 685445K->111149K(2031616K), 0.0187340 secs] [Times: user=0.13 sys=0.00, real=0.02 secs] 
2020-09-29T17:55:57.132+0200: 67.016: [GC (Allocation Failure) [PSYoungGen: 633317K->32516K(638464K)] 689197K->88396K(2036736K), 0.0124413 secs] [Times: user=0.00 sys=0.02, real=0.01 secs] 
2020-09-29T17:55:57.196+0200: 67.080: [GC (Allocation Failure) [PSYoungGen: 610564K->34692K(640512K)] 666444K->90572K(2038784K), 0.0172078 secs] [Times: user=0.09 sys=0.00, real=0.02 secs] 
2020-09-29T17:55:57.265+0200: 67.149: [GC (Allocation Failure) [PSYoungGen: 615300K->39365K(638976K)] 671180K->95245K(2037248K), 0.0139667 secs] [Times: user=0.13 sys=0.00, real=0.01 secs] 
2020-09-29T17:55:57.329+0200: 67.213: [GC (Allocation Failure) [PSYoungGen: 619973K->31332K(642560K)] 675853K->87212K(2040832K), 0.0115301 secs] [Times: user=0.13 sys=0.00, real=0.01 secs] 
2020-09-29T17:55:57.392+0200: 67.275: [GC (Allocation Failure) [PSYoungGen: 617060K->26404K(642048K)] 672940K->82284K(2040320K), 0.0104074 secs] [Times: user=0.13 sys=0.00, real=0.01 secs] 
2020-09-29T17:55:57.452+0200: 67.336: [GC (Allocation Failure) [PSYoungGen: 612132K->24036K(641536K)] 668012K->79916K(2039808K), 0.0092507 secs] [Times: user=0.13 sys=0.00, real=0.01 secs] 
2020-09-29T17:55:57.512+0200: 67.396: [GC (Allocation Failure) [PSYoungGen: 609252K->48709K(634368K)] 665132K->104589K(2032640K), 0.0166383 secs] [Times: user=0.13 sys=0.00, real=0.02 secs] 
2020-09-29T17:55:57.580+0200: 67.464: [GC (Allocation Failure) [PSYoungGen: 633925K->31812K(641024K)] 689805K->87692K(2039296K), 0.0128562 secs] [Times: user=0.11 sys=0.00, real=0.01 secs] 
2020-09-29T17:55:57.646+0200: 67.529: [GC (Allocation Failure) [PSYoungGen: 613444K->24643K(639488K)] 669324K->80523K(2037760K), 0.0115758 secs] [Times: user=0.00 sys=0.00, real=0.01 secs] 
2020-09-29T17:55:57.707+0200: 67.591: [GC (Allocation Failure) [PSYoungGen: 606275K->57829K(627712K)] 662155K->115141K(2025984K), 0.0195476 secs] [Times: user=0.13 sys=0.00, real=0.02 secs] 
2020-09-29T17:55:57.776+0200: 67.660: [GC (Allocation Failure) [PSYoungGen: 627685K->54949K(625152K)] 684997K->112261K(2023424K), 0.0185928 secs] [Times: user=0.13 sys=0.00, real=0.02 secs] 
2020-09-29T17:55:57.843+0200: 67.727: [GC (Allocation Failure) [PSYoungGen: 624805K->21699K(629760K)] 682117K->79011K(2028032K), 0.0092507 secs] [Times: user=0.13 sys=0.00, real=0.01 secs] 
2020-09-29T17:55:57.900+0200: 67.784: [GC (Allocation Failure) [PSYoungGen: 583363K->22852K(630272K)] 640675K->80164K(2028544K), 0.0087251 secs] [Times: user=0.00 sys=0.00, real=0.01 secs] 
2020-09-29T17:55:57.957+0200: 67.841: [GC (Allocation Failure) [PSYoungGen: 584516K->20099K(631296K)] 641828K->77411K(2029568K), 0.0085923 secs] [Times: user=0.00 sys=0.00, real=0.01 secs] 
2020-09-29T17:55:58.015+0200: 67.899: [GC (Allocation Failure) [PSYoungGen: 583811K->20772K(631296K)] 641123K->78084K(2029568K), 0.0074085 secs] [Times: user=0.13 sys=0.00, real=0.01 secs] 
2020-09-29T17:55:58.071+0200: 67.955: [GC (Allocation Failure) [PSYoungGen: 584484K->23332K(633856K)] 641796K->80644K(2032128K), 0.0082566 secs] [Times: user=0.00 sys=0.00, real=0.01 secs] 
2020-09-29T17:55:58.130+0200: 68.014: [GC (Allocation Failure) [PSYoungGen: 590628K->43781K(632320K)] 647940K->101093K(2030592K), 0.0145073 secs] [Times: user=0.13 sys=0.00, real=0.01 secs] 
2020-09-29T17:55:58.195+0200: 68.079: [GC (Allocation Failure) [PSYoungGen: 611077K->36004K(635392K)] 668389K->93316K(2033664K), 0.0186921 secs] [Times: user=0.09 sys=0.00, real=0.02 secs] 
2020-09-29T17:55:58.264+0200: 68.148: [GC (Allocation Failure) [PSYoungGen: 605348K->44741K(632832K)] 662660K->102053K(2031104K), 0.0152419 secs] [Times: user=0.13 sys=0.00, real=0.02 secs] 
2020-09-29T17:55:58.330+0200: 68.214: [GC (Allocation Failure) [PSYoungGen: 614085K->23236K(634880K)] 671397K->80548K(2033152K), 0.0085088 secs] [Times: user=0.13 sys=0.00, real=0.01 secs] 
2020-09-29T17:55:58.389+0200: 68.273: [GC (Allocation Failure) [PSYoungGen: 593092K->32549K(633856K)] 650404K->89861K(2032128K), 0.0125641 secs] [Times: user=0.13 sys=0.00, real=0.02 secs] 
2020-09-29T17:55:58.459+0200: 68.343: [GC (Allocation Failure) [PSYoungGen: 602405K->41861K(636928K)] 659717K->99173K(2035200K), 0.0141782 secs] [Times: user=0.13 sys=0.00, real=0.01 secs] 
2020-09-29T17:55:58.522+0200: 68.406: [GC (Allocation Failure) [PSYoungGen: 617861K->43236K(619520K)] 675173K->100548K(2017792K), 0.0156697 secs] [Times: user=0.13 sys=0.00, real=0.02 secs] 
2020-09-29T17:55:58.588+0200: 68.472: [GC (Allocation Failure) [PSYoungGen: 619236K->45029K(634880K)] 676548K->102341K(2033152K), 0.0167318 secs] [Times: user=0.11 sys=0.00, real=0.02 secs] 
2020-09-29T17:55:58.660+0200: 68.544: [GC (Allocation Failure) [PSYoungGen: 617957K->43685K(635904K)] 675269K->100997K(2034176K), 0.0200189 secs] [Times: user=0.20 sys=0.00, real=0.02 secs] 
2020-09-29T17:55:58.734+0200: 68.618: [GC (Allocation Failure) [PSYoungGen: 616613K->25316K(636416K)] 673925K->82628K(2034688K), 0.0107824 secs] [Times: user=0.13 sys=0.00, real=0.01 secs] 
2020-09-29T17:55:58.798+0200: 68.682: [GC (Allocation Failure) [PSYoungGen: 598756K->36932K(635904K)] 656068K->94244K(2034176K), 0.0139824 secs] [Times: user=0.13 sys=0.00, real=0.01 secs] 
2020-09-29T17:55:58.862+0200: 68.746: [GC (Allocation Failure) [PSYoungGen: 610372K->22212K(638464K)] 667684K->79524K(2036736K), 0.0080410 secs] [Times: user=0.13 sys=0.00, real=0.01 secs] 
2020-09-29T17:55:58.924+0200: 68.807: [GC (Allocation Failure) [PSYoungGen: 600260K->39717K(638464K)] 657572K->97029K(2036736K), 0.0134961 secs] [Times: user=0.13 sys=0.00, real=0.01 secs] 
2020-09-29T17:55:58.987+0200: 68.871: [GC (Allocation Failure) [PSYoungGen: 617765K->29604K(641024K)] 675077K->86916K(2039296K), 0.0113723 secs] [Times: user=0.13 sys=0.00, real=0.01 secs] 
2020-09-29T17:55:59.048+0200: 68.932: [GC (Allocation Failure) [PSYoungGen: 611236K->37029K(639488K)] 668548K->94341K(2037760K), 0.0127468 secs] [Times: user=0.13 sys=0.00, real=0.01 secs] 
2020-09-29T17:55:59.111+0200: 68.995: [GC (Allocation Failure) [PSYoungGen: 618661K->28932K(643584K)] 675973K->86244K(2041856K), 0.0116064 secs] [Times: user=0.09 sys=0.00, real=0.01 secs] 
2020-09-29T17:55:59.176+0200: 69.060: [GC (Allocation Failure) [PSYoungGen: 615684K->41445K(642048K)] 672996K->98757K(2040320K), 0.0142811 secs] [Times: user=0.00 sys=0.00, real=0.01 secs] 
2020-09-29T17:55:59.243+0200: 69.127: [GC (Allocation Failure) [PSYoungGen: 628197K->40357K(643072K)] 685509K->97669K(2041344K), 0.0144692 secs] [Times: user=0.13 sys=0.00, real=0.01 secs] 
2020-09-29T17:55:59.310+0200: 69.194: [GC (Allocation Failure) [PSYoungGen: 627109K->9954K(596992K)] 684421K->67266K(1995264K), 0.0052337 secs] [Times: user=0.00 sys=0.00, real=0.01 secs] 
2020-09-29T17:55:59.367+0200: 69.251: [GC (Allocation Failure) [PSYoungGen: 596706K->34628K(642560K)] 654018K->91940K(2040832K), 0.0131280 secs] [Times: user=0.00 sys=0.00, real=0.01 secs] 
2020-09-29T17:55:59.432+0200: 69.315: [GC (Allocation Failure) [PSYoungGen: 618820K->30309K(640512K)] 676132K->87621K(2038784K), 0.0119585 secs] [Times: user=0.13 sys=0.00, real=0.01 secs] 
2020-09-29T17:55:59.494+0200: 69.377: [GC (Allocation Failure) [PSYoungGen: 614501K->39140K(644096K)] 671813K->96452K(2042368K), 0.0137954 secs] [Times: user=0.13 sys=0.00, real=0.01 secs] 
2020-09-29T17:55:59.558+0200: 69.441: [GC (Allocation Failure) [PSYoungGen: 628452K->26117K(644096K)] 685764K->83429K(2042368K), 0.0092639 secs] [Times: user=0.13 sys=0.00, real=0.01 secs] 
2020-09-29T17:55:59.620+0200: 69.503: [GC (Allocation Failure) [PSYoungGen: 615429K->39748K(644096K)] 672741K->97060K(2042368K), 0.0157985 secs] [Times: user=0.11 sys=0.00, real=0.02 secs] 
2020-09-29T17:55:59.686+0200: 69.570: [GC (Allocation Failure) [PSYoungGen: 630084K->42181K(632832K)] 687396K->99493K(2031104K), 0.0144728 secs] [Times: user=0.13 sys=0.00, real=0.01 secs] 
2020-09-29T17:55:59.752+0200: 69.636: [GC (Allocation Failure) [PSYoungGen: 632517K->42756K(641024K)] 689829K->100068K(2039296K), 0.0158931 secs] [Times: user=0.13 sys=0.00, real=0.02 secs] 
2020-09-29T17:55:59.821+0200: 69.704: [GC (Allocation Failure) [PSYoungGen: 627972K->40037K(642048K)] 685284K->97349K(2040320K), 0.0137659 secs] [Times: user=0.13 sys=0.00, real=0.01 secs] 
2020-09-29T17:55:59.884+0200: 69.767: [GC (Allocation Failure) [PSYoungGen: 625253K->37381K(644096K)] 682565K->94693K(2042368K), 0.0132609 secs] [Times: user=0.13 sys=0.00, real=0.01 secs] 
2020-09-29T17:55:59.948+0200: 69.832: [GC (Allocation Failure) [PSYoungGen: 625157K->50917K(638976K)] 682469K->108229K(2037248K), 0.0174200 secs] [Times: user=0.13 sys=0.00, real=0.02 secs] 
2020-09-29T17:56:00.017+0200: 69.901: [GC (Allocation Failure) [PSYoungGen: 638693K->36388K(642048K)] 696005K->93700K(2040320K), 0.0150451 secs] [Times: user=0.11 sys=0.00, real=0.02 secs] 
2020-09-29T17:56:00.083+0200: 69.966: [GC (Allocation Failure) [PSYoungGen: 619556K->15588K(640000K)] 676868K->72900K(2038272K), 0.0063442 secs] [Times: user=0.00 sys=0.00, real=0.01 secs] 
2020-09-29T17:56:00.140+0200: 70.024: [GC (Allocation Failure) [PSYoungGen: 598756K->36324K(642048K)] 656068K->93636K(2040320K), 0.0144977 secs] [Times: user=0.13 sys=0.00, real=0.01 secs] 
2020-09-29T17:56:00.207+0200: 70.091: [GC (Allocation Failure) [PSYoungGen: 620004K->45829K(640512K)] 677316K->103141K(2038784K), 0.0176465 secs] [Times: user=0.22 sys=0.00, real=0.02 secs] 
2020-09-29T17:56:00.277+0200: 70.161: [GC (Allocation Failure) [PSYoungGen: 629509K->26852K(641024K)] 686821K->84164K(2039296K), 0.0096241 secs] [Times: user=0.13 sys=0.00, real=0.01 secs] 
2020-09-29T17:56:00.337+0200: 70.221: [GC (Allocation Failure) [PSYoungGen: 609508K->34243K(640512K)] 666820K->91555K(2038784K), 0.0129641 secs] [Times: user=0.13 sys=0.00, real=0.01 secs] 
2020-09-29T17:56:00.400+0200: 70.284: [GC (Allocation Failure) [PSYoungGen: 616899K->28900K(644096K)] 674211K->86212K(2042368K), 0.0112087 secs] [Times: user=0.13 sys=0.00, real=0.01 secs] 
2020-09-29T17:56:00.464+0200: 70.348: [GC (Allocation Failure) [PSYoungGen: 617188K->42981K(643072K)] 674500K->100293K(2041344K), 0.0151874 secs] [Times: user=0.13 sys=0.00, real=0.02 secs] 
2020-09-29T17:56:00.530+0200: 70.414: [GC (Allocation Failure) [PSYoungGen: 631269K->29668K(644096K)] 688581K->86980K(2042368K), 0.0107072 secs] [Times: user=0.13 sys=0.00, real=0.01 secs] 
2020-09-29T17:56:00.593+0200: 70.477: [GC (Allocation Failure) [PSYoungGen: 617956K->43717K(632320K)] 675268K->101029K(2030592K), 0.0171115 secs] [Times: user=0.11 sys=0.00, real=0.02 secs] 
2020-09-29T17:56:00.663+0200: 70.547: [GC (Allocation Failure) [PSYoungGen: 632005K->30020K(643584K)] 689317K->87332K(2041856K), 0.0117071 secs] [Times: user=0.00 sys=0.00, real=0.01 secs] 
2020-09-29T17:56:00.726+0200: 70.610: [GC (Allocation Failure) [PSYoungGen: 617284K->14947K(602624K)] 674596K->72259K(2000896K), 0.0060396 secs] [Times: user=0.00 sys=0.00, real=0.01 secs] 
2020-09-29T17:56:00.786+0200: 70.670: [GC (Allocation Failure) [PSYoungGen: 602211K->41605K(641024K)] 659523K->98917K(2039296K), 0.0149570 secs] [Times: user=0.13 sys=0.00, real=0.02 secs] 
2020-09-29T17:56:00.852+0200: 70.735: [GC (Allocation Failure) [PSYoungGen: 625797K->36131K(641536K)] 683109K->93443K(2039808K), 0.0136850 secs] [Times: user=0.13 sys=0.00, real=0.01 secs] 
2020-09-29T17:56:00.916+0200: 70.799: [GC (Allocation Failure) [PSYoungGen: 620323K->29092K(644096K)] 677635K->86404K(2042368K), 0.0104063 secs] [Times: user=0.00 sys=0.02, real=0.01 secs] 
2020-09-29T17:56:00.976+0200: 70.860: [GC (Allocation Failure) [PSYoungGen: 617380K->27140K(643072K)] 674692K->84452K(2041344K), 0.0105078 secs] [Times: user=0.00 sys=0.00, real=0.01 secs] 
2020-09-29T17:56:01.038+0200: 70.922: [GC (Allocation Failure) [PSYoungGen: 615428K->27396K(646144K)] 672740K->84708K(2044416K), 0.0100632 secs] [Times: user=0.00 sys=0.00, real=0.01 secs] 
2020-09-29T17:56:01.101+0200: 70.984: [GC (Allocation Failure) [PSYoungGen: 619780K->45541K(637952K)] 677092K->102853K(2036224K), 0.0149588 secs] [Times: user=0.13 sys=0.00, real=0.01 secs] 
2020-09-29T17:56:01.167+0200: 71.051: [GC (Allocation Failure) [PSYoungGen: 637925K->50021K(635392K)] 695237K->107333K(2033664K), 0.0177852 secs] [Times: user=0.13 sys=0.00, real=0.02 secs] 
2020-09-29T17:56:01.237+0200: 71.121: [GC (Allocation Failure) [PSYoungGen: 630117K->42149K(639488K)] 687429K->99461K(2037760K), 0.0146415 secs] [Times: user=0.13 sys=0.00, real=0.02 secs] 
2020-09-29T17:56:01.302+0200: 71.186: [GC (Allocation Failure) [PSYoungGen: 622245K->47973K(635392K)] 679557K->105285K(2033664K), 0.0169110 secs] [Times: user=0.13 sys=0.00, real=0.02 secs] 
2020-09-29T17:56:01.369+0200: 71.253: [GC (Allocation Failure) [PSYoungGen: 623973K->49701K(626176K)] 681285K->107013K(2024448K), 0.0169744 secs] [Times: user=0.13 sys=0.00, real=0.02 secs] 
2020-09-29T17:56:01.436+0200: 71.319: [GC (Allocation Failure) [PSYoungGen: 625701K->37700K(637440K)] 683013K->95012K(2035712K), 0.0136607 secs] [Times: user=0.13 sys=0.00, real=0.01 secs] 
2020-09-29T17:56:01.501+0200: 71.385: [GC (Allocation Failure) [PSYoungGen: 611652K->23269K(635392K)] 668964K->80581K(2033664K), 0.0085380 secs] [Times: user=0.13 sys=0.00, real=0.01 secs] 
2020-09-29T17:56:01.558+0200: 71.442: [GC (Allocation Failure) [PSYoungGen: 597221K->33732K(638976K)] 654533K->91044K(2037248K), 0.0128320 secs] [Times: user=0.13 sys=0.00, real=0.01 secs] 
2020-09-29T17:56:01.622+0200: 71.506: [GC (Allocation Failure) [PSYoungGen: 611268K->37093K(637440K)] 668580K->94405K(2035712K), 0.0139884 secs] [Times: user=0.11 sys=0.00, real=0.01 secs] 
2020-09-29T17:56:01.686+0200: 71.570: [GC (Allocation Failure) [PSYoungGen: 614629K->40357K(642048K)] 671941K->97669K(2040320K), 0.0137790 secs] [Times: user=0.13 sys=0.00, real=0.01 secs] 
2020-09-29T17:56:01.750+0200: 71.634: [GC (Allocation Failure) [PSYoungGen: 624549K->32708K(641024K)] 681861K->90020K(2039296K), 0.0118405 secs] [Times: user=0.13 sys=0.00, real=0.01 secs] 
2020-09-29T17:56:01.813+0200: 71.697: [GC (Allocation Failure) [PSYoungGen: 616900K->42053K(643072K)] 674212K->99365K(2041344K), 0.0143518 secs] [Times: user=0.13 sys=0.00, real=0.01 secs] 
2020-09-29T17:56:01.879+0200: 71.763: [GC (Allocation Failure) [PSYoungGen: 629317K->41349K(643072K)] 686629K->98661K(2041344K), 0.0141383 secs] [Times: user=0.00 sys=0.00, real=0.01 secs] 
2020-09-29T17:56:01.945+0200: 71.829: [GC (Allocation Failure) [PSYoungGen: 628613K->39461K(644608K)] 685925K->96773K(2042880K), 0.0133050 secs] [Times: user=0.13 sys=0.00, real=0.01 secs] 
2020-09-29T17:56:02.013+0200: 71.896: [GC (Allocation Failure) [PSYoungGen: 628261K->26404K(643072K)] 685573K->83716K(2041344K), 0.0111250 secs] [Times: user=0.13 sys=0.00, real=0.01 secs] 
2020-09-29T17:56:02.074+0200: 71.958: [GC (Allocation Failure) [PSYoungGen: 615204K->40997K(644096K)] 672516K->98309K(2042368K), 0.0139968 secs] [Times: user=0.13 sys=0.00, real=0.01 secs] 
2020-09-29T17:56:02.144+0200: 72.028: [GC (Allocation Failure) [PSYoungGen: 630309K->28549K(644096K)] 687621K->85861K(2042368K), 0.0103130 secs] [Times: user=0.13 sys=0.00, real=0.01 secs] 
2020-09-29T17:56:02.208+0200: 72.092: [GC (Allocation Failure) [PSYoungGen: 617861K->43557K(642560K)] 675173K->100869K(2040832K), 0.0178640 secs] [Times: user=0.13 sys=0.00, real=0.02 secs] 
2020-09-29T17:56:02.280+0200: 72.163: [GC (Allocation Failure) [PSYoungGen: 631845K->55269K(643584K)] 689157K->114925K(2041856K), 0.0213577 secs] [Times: user=0.17 sys=0.03, real=0.02 secs] 
2020-09-29T17:56:02.352+0200: 72.236: [GC (Allocation Failure) [PSYoungGen: 643557K->55269K(622080K)] 703213K->117637K(2020352K), 0.0196277 secs] [Times: user=0.13 sys=0.00, real=0.02 secs] 
2020-09-29T17:56:02.422+0200: 72.306: [GC (Allocation Failure) [PSYoungGen: 622053K->50629K(617472K)] 684421K->112997K(2015744K), 0.0177378 secs] [Times: user=0.11 sys=0.00, real=0.02 secs] 
2020-09-29T17:56:02.489+0200: 72.373: [GC (Allocation Failure) [PSYoungGen: 617413K->43141K(633856K)] 679781K->105509K(2032128K), 0.0150882 secs] [Times: user=0.13 sys=0.00, real=0.02 secs] 
2020-09-29T17:56:02.562+0200: 72.446: [GC (Allocation Failure) [PSYoungGen: 609925K->35685K(631808K)] 672293K->98053K(2030080K), 0.0131703 secs] [Times: user=0.11 sys=0.00, real=0.01 secs] 
2020-09-29T17:56:02.626+0200: 72.510: [GC (Allocation Failure) [PSYoungGen: 602469K->41893K(636928K)] 664837K->104261K(2035200K), 0.0145345 secs] [Times: user=0.13 sys=0.00, real=0.02 secs] 
2020-09-29T17:56:02.690+0200: 72.574: [GC (Allocation Failure) [PSYoungGen: 614821K->40549K(634880K)] 677189K->102917K(2033152K), 0.0137433 secs] [Times: user=0.13 sys=0.00, real=0.01 secs] 
2020-09-29T17:56:02.753+0200: 72.637: [GC (Allocation Failure) [PSYoungGen: 613477K->52869K(633856K)] 675845K->115237K(2032128K), 0.0175744 secs] [Times: user=0.25 sys=0.00, real=0.02 secs] 
2020-09-29T17:56:02.820+0200: 72.704: [GC (Allocation Failure) [PSYoungGen: 626821K->38885K(636416K)] 689189K->101253K(2034688K), 0.0134949 secs] [Times: user=0.13 sys=0.00, real=0.01 secs] 
2020-09-29T17:56:02.884+0200: 72.768: [GC (Allocation Failure) [PSYoungGen: 612837K->38276K(638976K)] 675205K->100644K(2037248K), 0.0138595 secs] [Times: user=0.13 sys=0.00, real=0.01 secs] 
2020-09-29T17:56:02.949+0200: 72.832: [GC (Allocation Failure) [PSYoungGen: 616324K->27845K(637952K)] 678692K->90213K(2036224K), 0.0096407 secs] [Times: user=0.13 sys=0.00, real=0.01 secs] 
2020-09-29T17:56:03.009+0200: 72.893: [GC (Allocation Failure) [PSYoungGen: 605893K->30341K(638976K)] 668261K->92709K(2037248K), 0.0109352 secs] [Times: user=0.02 sys=0.02, real=0.01 secs] 
2020-09-29T17:56:03.069+0200: 72.953: [GC (Allocation Failure) [PSYoungGen: 608901K->18947K(598016K)] 671269K->81315K(1996288K), 0.0081040 secs] [Times: user=0.00 sys=0.00, real=0.01 secs] 
2020-09-29T17:56:03.128+0200: 73.011: [GC (Allocation Failure) [PSYoungGen: 597507K->36549K(639488K)] 659875K->98917K(2037760K), 0.0127692 secs] [Times: user=0.13 sys=0.00, real=0.01 secs] 
2020-09-29T17:56:03.192+0200: 73.076: [GC (Allocation Failure) [PSYoungGen: 614597K->24996K(637440K)] 676965K->87364K(2035712K), 0.0160103 secs] [Times: user=0.00 sys=0.00, real=0.02 secs] 
2020-09-29T17:56:03.268+0200: 73.152: [GC (Allocation Failure) [PSYoungGen: 603044K->42469K(639488K)] 665412K->104837K(2037760K), 0.0146160 secs] [Times: user=0.13 sys=0.00, real=0.02 secs] 
2020-09-29T17:56:03.333+0200: 73.217: [GC (Allocation Failure) [PSYoungGen: 622565K->34661K(639488K)] 684933K->97029K(2037760K), 0.0119814 secs] [Times: user=0.00 sys=0.00, real=0.01 secs] 
2020-09-29T17:56:03.395+0200: 73.279: [GC (Allocation Failure) [PSYoungGen: 614757K->40453K(642048K)] 677125K->102821K(2040320K), 0.0138681 secs] [Times: user=0.00 sys=0.00, real=0.01 secs] 
2020-09-29T17:56:03.461+0200: 73.344: [GC (Allocation Failure) [PSYoungGen: 625157K->50981K(635904K)] 687525K->113349K(2034176K), 0.0172454 secs] [Times: user=0.13 sys=0.00, real=0.02 secs] 
2020-09-29T17:56:03.530+0200: 73.414: [GC (Allocation Failure) [PSYoungGen: 635685K->47749K(635904K)] 698053K->110117K(2034176K), 0.0158844 secs] [Times: user=0.13 sys=0.00, real=0.02 secs] 
2020-09-29T17:56:03.597+0200: 73.481: [GC (Allocation Failure) [PSYoungGen: 623749K->20355K(596480K)] 686117K->82723K(1994752K), 0.0086811 secs] [Times: user=0.09 sys=0.01, real=0.01 secs] 
2020-09-29T17:56:03.658+0200: 73.542: [GC (Allocation Failure) [PSYoungGen: 596355K->35845K(638464K)] 658723K->98213K(2036736K), 0.0125227 secs] [Times: user=0.13 sys=0.00, real=0.01 secs] 
2020-09-29T17:56:03.720+0200: 73.604: [GC (Allocation Failure) [PSYoungGen: 611845K->37637K(636416K)] 674213K->100005K(2034688K), 0.0129301 secs] [Times: user=0.13 sys=0.00, real=0.01 secs] 
2020-09-29T17:56:03.783+0200: 73.667: [GC (Allocation Failure) [PSYoungGen: 613637K->39365K(642048K)] 676005K->101733K(2040320K), 0.0126821 secs] [Times: user=0.13 sys=0.00, real=0.01 secs] 
2020-09-29T17:56:03.845+0200: 73.729: [GC (Allocation Failure) [PSYoungGen: 623557K->49253K(633856K)] 685925K->111621K(2032128K), 0.0163703 secs] [Times: user=0.13 sys=0.00, real=0.02 secs] 
2020-09-29T17:56:03.912+0200: 73.796: [GC (Allocation Failure) [PSYoungGen: 633445K->31845K(640512K)] 695813K->94213K(2038784K), 0.0111066 secs] [Times: user=0.00 sys=0.00, real=0.01 secs] 
2020-09-29T17:56:03.976+0200: 73.860: [GC (Allocation Failure) [PSYoungGen: 612965K->38757K(639488K)] 675333K->101125K(2037760K), 0.0133813 secs] [Times: user=0.13 sys=0.00, real=0.01 secs] 
2020-09-29T17:56:04.043+0200: 73.927: [GC (Allocation Failure) [PSYoungGen: 619877K->31941K(643072K)] 682245K->94309K(2041344K), 0.0130362 secs] [Times: user=0.13 sys=0.00, real=0.01 secs] 
2020-09-29T17:56:04.111+0200: 73.995: [GC (Allocation Failure) [PSYoungGen: 618181K->43973K(642048K)] 680549K->106341K(2040320K), 0.0172621 secs] [Times: user=0.11 sys=0.02, real=0.02 secs] 
2020-09-29T17:56:04.183+0200: 74.067: [GC (Allocation Failure) [PSYoungGen: 630213K->42277K(642560K)] 692581K->104645K(2040832K), 0.0197488 secs] [Times: user=0.11 sys=0.00, real=0.02 secs] 
2020-09-29T17:56:04.260+0200: 74.144: [GC (Allocation Failure) [PSYoungGen: 628517K->54277K(641024K)] 690885K->116645K(2039296K), 0.0231139 secs] [Times: user=0.13 sys=0.00, real=0.02 secs] 
2020-09-29T17:56:04.333+0200: 74.217: [GC (Allocation Failure) [PSYoungGen: 640517K->38949K(640000K)] 702885K->101317K(2038272K), 0.0163206 secs] [Times: user=0.13 sys=0.00, real=0.02 secs] 
2020-09-29T17:56:04.399+0200: 74.283: [GC (Allocation Failure) [PSYoungGen: 621093K->46757K(629248K)] 683461K->109125K(2027520K), 0.0200404 secs] [Times: user=0.13 sys=0.00, real=0.02 secs] 
2020-09-29T17:56:04.470+0200: 74.354: [GC (Allocation Failure) [PSYoungGen: 628901K->40933K(641536K)] 691269K->103301K(2039808K), 0.0179883 secs] [Times: user=0.13 sys=0.00, real=0.02 secs] 
2020-09-29T17:56:04.540+0200: 74.424: [GC (Allocation Failure) [PSYoungGen: 623077K->35205K(639488K)] 685445K->97573K(2037760K), 0.0155291 secs] [Times: user=0.13 sys=0.00, real=0.02 secs] 
2020-09-29T17:56:04.609+0200: 74.493: [GC (Allocation Failure) [PSYoungGen: 617349K->41252K(643584K)] 679717K->103620K(2041856K), 0.0205402 secs] [Times: user=0.22 sys=0.00, real=0.02 secs] 
2020-09-29T17:56:04.682+0200: 74.565: [GC (Allocation Failure) [PSYoungGen: 628004K->40037K(642048K)] 690372K->102405K(2040320K), 0.0169219 secs] [Times: user=0.13 sys=0.00, real=0.02 secs] 
2020-09-29T17:56:04.750+0200: 74.634: [GC (Allocation Failure) [PSYoungGen: 626789K->36387K(645632K)] 689157K->98755K(2043904K), 0.0177869 secs] [Times: user=0.13 sys=0.00, real=0.02 secs] 
2020-09-29T17:56:04.817+0200: 74.701: [GC (Allocation Failure) [PSYoungGen: 627747K->24899K(616448K)] 690115K->87267K(2014720K), 0.0123997 secs] [Times: user=0.00 sys=0.00, real=0.01 secs] 
2020-09-29T17:56:04.878+0200: 74.762: [GC (Allocation Failure) [PSYoungGen: 616259K->42020K(644608K)] 678627K->104388K(2042880K), 0.0186983 secs] [Times: user=0.25 sys=0.00, real=0.02 secs] 
2020-09-29T17:56:04.946+0200: 74.830: [GC (Allocation Failure) [PSYoungGen: 631844K->30212K(644096K)] 694212K->92580K(2042368K), 0.0149104 secs] [Times: user=0.11 sys=0.00, real=0.01 secs] 
2020-09-29T17:56:05.010+0200: 74.894: [GC (Allocation Failure) [PSYoungGen: 620036K->17667K(641536K)] 682404K->80035K(2039808K), 0.0095353 secs] [Times: user=0.00 sys=0.00, real=0.01 secs] 
2020-09-29T17:56:05.084+0200: 74.968: [GC (Allocation Failure) [PSYoungGen: 604931K->16483K(604160K)] 667299K->78851K(2002432K), 0.0086418 secs] [Times: user=0.00 sys=0.00, real=0.01 secs] 
2020-09-29T17:56:05.147+0200: 75.031: [GC (Allocation Failure) [PSYoungGen: 603747K->43108K(639488K)] 666115K->105476K(2037760K), 0.0194247 secs] [Times: user=0.13 sys=0.00, real=0.02 secs] 
2020-09-29T17:56:05.220+0200: 75.104: [GC (Allocation Failure) [PSYoungGen: 625252K->23684K(640512K)] 687620K->86052K(2038784K), 0.0113314 secs] [Times: user=0.13 sys=0.00, real=0.01 secs] 
2020-09-29T17:56:05.289+0200: 75.173: [GC (Allocation Failure) [PSYoungGen: 605828K->45284K(636928K)] 668196K->107652K(2035200K), 0.0197649 secs] [Times: user=0.13 sys=0.00, real=0.02 secs] 
2020-09-29T17:56:05.357+0200: 75.241: [GC (Allocation Failure) [PSYoungGen: 624356K->36451K(638976K)] 686724K->98819K(2037248K), 0.0174263 secs] [Times: user=0.13 sys=0.00, real=0.02 secs] 
2020-09-29T17:56:05.422+0200: 75.306: [GC (Allocation Failure) [PSYoungGen: 615523K->27588K(642048K)] 677891K->89956K(2040320K), 0.0126403 secs] [Times: user=0.13 sys=0.00, real=0.01 secs] 
2020-09-29T17:56:05.495+0200: 75.379: [GC (Allocation Failure) [PSYoungGen: 611780K->23844K(641024K)] 674148K->86212K(2039296K), 0.0110652 secs] [Times: user=0.13 sys=0.00, real=0.01 secs] 
2020-09-29T17:56:05.557+0200: 75.441: [GC (Allocation Failure) [PSYoungGen: 608036K->31331K(644096K)] 670404K->93699K(2042368K), 0.0157003 secs] [Times: user=0.13 sys=0.00, real=0.02 secs] 
2020-09-29T17:56:05.630+0200: 75.514: [GC (Allocation Failure) [PSYoungGen: 619107K->31203K(642560K)] 681475K->93571K(2040832K), 0.0156412 secs] [Times: user=0.13 sys=0.00, real=0.02 secs] 
2020-09-29T17:56:05.697+0200: 75.581: [GC (Allocation Failure) [PSYoungGen: 618979K->17283K(645120K)] 681347K->79651K(2043392K), 0.0084825 secs] [Times: user=0.00 sys=0.00, real=0.01 secs] 
2020-09-29T17:56:05.759+0200: 75.643: [GC (Allocation Failure) [PSYoungGen: 609667K->21795K(645632K)] 672035K->84163K(2043904K), 0.0107736 secs] [Times: user=0.13 sys=0.00, real=0.01 secs] 
2020-09-29T17:56:05.818+0200: 75.702: [GC (Allocation Failure) [PSYoungGen: 614179K->12097K(644096K)] 676547K->74465K(2042368K), 0.0088172 secs] [Times: user=0.00 sys=0.00, real=0.01 secs] 
2020-09-29T17:56:05.874+0200: 75.758: [GC (Allocation Failure) [PSYoungGen: 603457K->15491K(645120K)] 665825K->77859K(2043392K), 0.0083091 secs] [Times: user=0.13 sys=0.00, real=0.01 secs] 
2020-09-29T17:56:05.935+0200: 75.819: [GC (Allocation Failure) [PSYoungGen: 606851K->18883K(646656K)] 669219K->81251K(2044928K), 0.0092708 secs] [Times: user=0.13 sys=0.00, real=0.01 secs] 
2020-09-29T17:56:05.994+0200: 75.878: [GC (Allocation Failure) [PSYoungGen: 612291K->24355K(645632K)] 674659K->86723K(2043904K), 0.0126088 secs] [Times: user=0.13 sys=0.00, real=0.01 secs] 
2020-09-29T17:56:06.061+0200: 75.945: [GC (Allocation Failure) [PSYoungGen: 617763K->29955K(649728K)] 680131K->92323K(2048000K), 0.0147225 secs] [Times: user=0.13 sys=0.00, real=0.01 secs] 
2020-09-29T17:56:06.126+0200: 76.010: [GC (Allocation Failure) [PSYoungGen: 629507K->13090K(648704K)] 691875K->75458K(2046976K), 0.0085786 secs] [Times: user=0.13 sys=0.00, real=0.01 secs] 
2020-09-29T17:56:06.190+0200: 76.074: [GC (Allocation Failure) [PSYoungGen: 612642K->24803K(651776K)] 675010K->87171K(2050048K), 0.0133632 secs] [Times: user=0.09 sys=0.00, real=0.01 secs] 
2020-09-29T17:56:06.259+0200: 76.143: [GC (Allocation Failure) [PSYoungGen: 627427K->10722K(649728K)] 689795K->73090K(2048000K), 0.0068119 secs] [Times: user=0.00 sys=0.00, real=0.01 secs] 
2020-09-29T17:56:06.316+0200: 76.200: [GC (Allocation Failure) [PSYoungGen: 613346K->11138K(651776K)] 675714K->73506K(2050048K), 0.0069145 secs] [Times: user=0.13 sys=0.00, real=0.01 secs] 
2020-09-29T17:56:06.372+0200: 76.256: [GC (Allocation Failure) [PSYoungGen: 615810K->14210K(651776K)] 678178K->76578K(2050048K), 0.0090467 secs] [Times: user=0.13 sys=0.00, real=0.01 secs] 
2020-09-29T17:56:06.429+0200: 76.313: [GC (Allocation Failure) [PSYoungGen: 618882K->31011K(650752K)] 681250K->93379K(2049024K), 0.0155419 secs] [Times: user=0.13 sys=0.00, real=0.02 secs] 
2020-09-29T17:56:06.498+0200: 76.382: [GC (Allocation Failure) [PSYoungGen: 635683K->20419K(651776K)] 698051K->82787K(2050048K), 0.0111962 secs] [Times: user=0.13 sys=0.00, real=0.01 secs] 
2020-09-29T17:56:06.564+0200: 76.448: [GC (Allocation Failure) [PSYoungGen: 625091K->21698K(655872K)] 687459K->84066K(2054144K), 0.0121244 secs] [Times: user=0.13 sys=0.00, real=0.01 secs] 
2020-09-29T17:56:06.630+0200: 76.514: [GC (Allocation Failure) [PSYoungGen: 632514K->17283K(653824K)] 694882K->79651K(2052096K), 0.0089233 secs] [Times: user=0.00 sys=0.00, real=0.01 secs] 
2020-09-29T17:56:06.695+0200: 76.579: [GC (Allocation Failure) [PSYoungGen: 628099K->11009K(657408K)] 690467K->73377K(2055680K), 0.0084303 secs] [Times: user=0.00 sys=0.00, real=0.01 secs] 
2020-09-29T17:56:06.762+0200: 76.646: [GC (Allocation Failure) [PSYoungGen: 626945K->9762K(657408K)] 689313K->72130K(2055680K), 0.0065912 secs] [Times: user=0.00 sys=0.00, real=0.01 secs] 
2020-09-29T17:56:06.841+0200: 76.725: [GC (Allocation Failure) [PSYoungGen: 625698K->24162K(657920K)] 688066K->86530K(2056192K), 0.0133223 secs] [Times: user=0.13 sys=0.00, real=0.01 secs] 
2020-09-29T17:56:06.918+0200: 76.802: [GC (Allocation Failure) [PSYoungGen: 640610K->11650K(657408K)] 702978K->74018K(2055680K), 0.0074764 secs] [Times: user=0.00 sys=0.00, real=0.01 secs] 
2020-09-29T17:56:06.990+0200: 76.874: [GC (Allocation Failure) [PSYoungGen: 628098K->26594K(657408K)] 690466K->88962K(2055680K), 0.0142081 secs] [Times: user=0.13 sys=0.00, real=0.01 secs] 
2020-09-29T17:56:07.068+0200: 76.952: [GC (Allocation Failure) [PSYoungGen: 643554K->13410K(657920K)] 705922K->75778K(2056192K), 0.0087140 secs] [Times: user=0.00 sys=0.00, real=0.01 secs] 
2020-09-29T17:56:07.140+0200: 77.024: [GC (Allocation Failure) [PSYoungGen: 630370K->15106K(660480K)] 692738K->77474K(2058752K), 0.0090307 secs] [Times: user=0.13 sys=0.00, real=0.01 secs] 
2020-09-29T17:56:07.249+0200: 77.133: [GC (Allocation Failure) [PSYoungGen: 635650K->5857K(658944K)] 698018K->68225K(2057216K), 0.0054821 secs] [Times: user=0.13 sys=0.00, real=0.01 secs] 
2020-09-29T17:56:07.378+0200: 77.262: [GC (Allocation Failure) [PSYoungGen: 626401K->11169K(660992K)] 688769K->73537K(2059264K), 0.0085481 secs] [Times: user=0.13 sys=0.00, real=0.01 secs] 
2020-09-29T17:56:07.508+0200: 77.393: [GC (Allocation Failure) [PSYoungGen: 633249K->4321K(659968K)] 695617K->66689K(2058240K), 0.0045474 secs] [Times: user=0.00 sys=0.00, real=0.01 secs] 
Heap
 PSYoungGen      total 659968K, used 130946K [0x00000000d5580000, 0x0000000100000000, 0x0000000100000000)
  eden space 622080K, 20% used [0x00000000d5580000,0x00000000dd128420,0x00000000fb500000)
  from space 37888K, 11% used [0x00000000fb500000,0x00000000fb938490,0x00000000fda00000)
  to   space 37888K, 0% used [0x00000000fdb00000,0x00000000fdb00000,0x0000000100000000)
 ParOldGen       total 1398272K, used 62368K [0x0000000080000000, 0x00000000d5580000, 0x00000000d5580000)
  object space 1398272K, 4% used [0x0000000080000000,0x0000000083ce8050,0x00000000d5580000)
 Metaspace       used 2594K, capacity 4486K, committed 4864K, reserved 1056768K
  class space    used 285K, capacity 386K, committed 512K, reserved 1048576K
