Java HotSpot(TM) 64-Bit Server VM (25.261-b12) for windows-amd64 JRE (1.8.0_261-b12), built on Jun 18 2020 06:56:32 by "" with unknown MS VC++:1916
Memory: 4k page, physical 16659684k(9699756k free), swap 23213284k(9193564k free)
CommandLine flags: -XX:InitialHeapSize=2147483648 -XX:MaxHeapSize=2147483648 -XX:+PrintGC -XX:+PrintGCDateStamps -XX:+PrintGCDetails -XX:+PrintGCTimeStamps -XX:+UseCompressedClassPointers -XX:+UseCompressedOops -XX:-UseLargePagesIndividualAllocation -XX:+UseParallelGC 
2020-09-29T17:44:33.567+0200: 0.286: [GC (Allocation Failure) [PSYoungGen: 524800K->23730K(611840K)] 524800K->23738K(2010112K), 0.0160705 secs] [Times: user=0.11 sys=0.00, real=0.02 secs] 
2020-09-29T17:44:33.645+0200: 0.364: [GC (Allocation Failure) [PSYoungGen: 548530K->26451K(611840K)] 548538K->26459K(2010112K), 0.0444809 secs] [Times: user=0.23 sys=0.01, real=0.05 secs] 
2020-09-29T17:44:33.752+0200: 0.470: [GC (Allocation Failure) [PSYoungGen: 551251K->45333K(611840K)] 551259K->45341K(2010112K), 0.0233210 secs] [Times: user=0.20 sys=0.00, real=0.02 secs] 
2020-09-29T17:44:33.820+0200: 0.538: [GC (Allocation Failure) [PSYoungGen: 570133K->21717K(611840K)] 570141K->21725K(2010112K), 0.0078083 secs] [Times: user=0.00 sys=0.00, real=0.01 secs] 
2020-09-29T17:44:33.873+0200: 0.591: [GC (Allocation Failure) [PSYoungGen: 546517K->26997K(611840K)] 546525K->27005K(2010112K), 0.0091375 secs] [Times: user=0.13 sys=0.00, real=0.01 secs] 
2020-09-29T17:44:33.928+0200: 0.646: [GC (Allocation Failure) [PSYoungGen: 551797K->18533K(655360K)] 551805K->18541K(2053632K), 0.0073849 secs] [Times: user=0.00 sys=0.00, real=0.01 secs] 
2020-09-29T17:44:33.998+0200: 0.716: [GC (Allocation Failure) [PSYoungGen: 630373K->25858K(655360K)] 630381K->26274K(2053632K), 0.0266429 secs] [Times: user=0.25 sys=0.00, real=0.03 secs] 
2020-09-29T17:44:34.077+0200: 0.795: [GC (Allocation Failure) [PSYoungGen: 637698K->35652K(652800K)] 638114K->36068K(2051072K), 0.0139227 secs] [Times: user=0.13 sys=0.00, real=0.01 secs] 
2020-09-29T17:44:34.142+0200: 0.860: [GC (Allocation Failure) [PSYoungGen: 646468K->44005K(654848K)] 646884K->45205K(2053120K), 0.0168310 secs] [Times: user=0.13 sys=0.00, real=0.02 secs] 
2020-09-29T17:44:34.212+0200: 0.930: [GC (Allocation Failure) [PSYoungGen: 654821K->25251K(647680K)] 656021K->26451K(2045952K), 0.0098853 secs] [Times: user=0.00 sys=0.00, real=0.01 secs] 
2020-09-29T17:44:34.275+0200: 0.993: [GC (Allocation Failure) [PSYoungGen: 628899K->47589K(651264K)] 630099K->55757K(2049536K), 0.0189391 secs] [Times: user=0.13 sys=0.00, real=0.02 secs] 
2020-09-29T17:44:34.346+0200: 1.064: [GC (Allocation Failure) [PSYoungGen: 651237K->43013K(632832K)] 659405K->51181K(2031104K), 0.0149024 secs] [Times: user=0.13 sys=0.00, real=0.02 secs] 
2020-09-29T17:44:34.411+0200: 1.129: [GC (Allocation Failure) [PSYoungGen: 628229K->40357K(625664K)] 636397K->48525K(2023936K), 0.0138611 secs] [Times: user=0.00 sys=0.00, real=0.01 secs] 
2020-09-29T17:44:34.475+0200: 1.193: [GC (Allocation Failure) [PSYoungGen: 625573K->37573K(642560K)] 633741K->45741K(2040832K), 0.0130860 secs] [Times: user=0.00 sys=0.00, real=0.01 secs] 
2020-09-29T17:44:34.538+0200: 1.256: [GC (Allocation Failure) [PSYoungGen: 622789K->34917K(641536K)] 630957K->43085K(2039808K), 0.0122194 secs] [Times: user=0.00 sys=0.00, real=0.01 secs] 
2020-09-29T17:44:34.606+0200: 1.324: [GC (Allocation Failure) [PSYoungGen: 620133K->44420K(641024K)] 628301K->52588K(2039296K), 0.0169344 secs] [Times: user=0.11 sys=0.00, real=0.02 secs] 
2020-09-29T17:44:34.674+0200: 1.392: [GC (Allocation Failure) [PSYoungGen: 630660K->28548K(642560K)] 638828K->36716K(2040832K), 0.0109547 secs] [Times: user=0.13 sys=0.00, real=0.01 secs] 
2020-09-29T17:44:34.736+0200: 1.454: [GC (Allocation Failure) [PSYoungGen: 614788K->40613K(643584K)] 622956K->48781K(2041856K), 0.0137005 secs] [Times: user=0.13 sys=0.00, real=0.01 secs] 
2020-09-29T17:44:34.804+0200: 1.522: [GC (Allocation Failure) [PSYoungGen: 628901K->40901K(629248K)] 637069K->49069K(2027520K), 0.0138989 secs] [Times: user=0.13 sys=0.00, real=0.01 secs] 
2020-09-29T17:44:34.869+0200: 1.587: [GC (Allocation Failure) [PSYoungGen: 629189K->26276K(643584K)] 637357K->34444K(2041856K), 0.0100465 secs] [Times: user=0.00 sys=0.00, real=0.01 secs] 
2020-09-29T17:44:34.929+0200: 1.647: [GC (Allocation Failure) [PSYoungGen: 614052K->26020K(643072K)] 622220K->34188K(2041344K), 0.0099558 secs] [Times: user=0.00 sys=0.00, real=0.01 secs] 
2020-09-29T17:44:34.990+0200: 1.709: [GC (Allocation Failure) [PSYoungGen: 613796K->53285K(633856K)] 621964K->61453K(2032128K), 0.0177538 secs] [Times: user=0.13 sys=0.00, real=0.02 secs] 
2020-09-29T17:44:35.058+0200: 1.776: [GC (Allocation Failure) [PSYoungGen: 632357K->44453K(623616K)] 640525K->52621K(2021888K), 0.0150499 secs] [Times: user=0.13 sys=0.00, real=0.01 secs] 
2020-09-29T17:44:35.122+0200: 1.840: [GC (Allocation Failure) [PSYoungGen: 623525K->35044K(640512K)] 631693K->43212K(2038784K), 0.0125406 secs] [Times: user=0.13 sys=0.00, real=0.01 secs] 
2020-09-29T17:44:35.184+0200: 1.902: [GC (Allocation Failure) [PSYoungGen: 614628K->40421K(637952K)] 622796K->48589K(2036224K), 0.0146042 secs] [Times: user=0.13 sys=0.00, real=0.01 secs] 
2020-09-29T17:44:35.254+0200: 1.972: [GC (Allocation Failure) [PSYoungGen: 620005K->45765K(638976K)] 628173K->53933K(2037248K), 0.0160641 secs] [Times: user=0.13 sys=0.00, real=0.02 secs] 
2020-09-29T17:44:35.323+0200: 2.041: [GC (Allocation Failure) [PSYoungGen: 626885K->24291K(605696K)] 635053K->32459K(2003968K), 0.0100259 secs] [Times: user=0.03 sys=0.00, real=0.01 secs] 
2020-09-29T17:44:35.382+0200: 2.100: [GC (Allocation Failure) [PSYoungGen: 605411K->30981K(641024K)] 613579K->39149K(2039296K), 0.0103847 secs] [Times: user=0.00 sys=0.00, real=0.01 secs] 
2020-09-29T17:44:35.443+0200: 2.161: [GC (Allocation Failure) [PSYoungGen: 612613K->52101K(633856K)] 620781K->60269K(2032128K), 0.0172273 secs] [Times: user=0.13 sys=0.00, real=0.02 secs] 
2020-09-29T17:44:35.510+0200: 2.228: [GC (Allocation Failure) [PSYoungGen: 633733K->29635K(637952K)] 641901K->37803K(2036224K), 0.0112765 secs] [Times: user=0.13 sys=0.00, real=0.01 secs] 
2020-09-29T17:44:35.571+0200: 2.290: [GC (Allocation Failure) [PSYoungGen: 605635K->31204K(636928K)] 613803K->39372K(2035200K), 0.0125666 secs] [Times: user=0.11 sys=0.00, real=0.01 secs] 
2020-09-29T17:44:35.637+0200: 2.355: [GC (Allocation Failure) [PSYoungGen: 607204K->32292K(641024K)] 615372K->40460K(2039296K), 0.0123064 secs] [Times: user=0.13 sys=0.00, real=0.01 secs] 
2020-09-29T17:44:35.700+0200: 2.418: [GC (Allocation Failure) [PSYoungGen: 613924K->39653K(639488K)] 622092K->47821K(2037760K), 0.0128368 secs] [Times: user=0.13 sys=0.00, real=0.01 secs] 
2020-09-29T17:44:35.763+0200: 2.481: [GC (Allocation Failure) [PSYoungGen: 621285K->47077K(637952K)] 629453K->55245K(2036224K), 0.0164641 secs] [Times: user=0.13 sys=0.00, real=0.02 secs] 
2020-09-29T17:44:35.831+0200: 2.549: [GC (Allocation Failure) [PSYoungGen: 628197K->53989K(635392K)] 636365K->62157K(2033664K), 0.0196068 secs] [Times: user=0.23 sys=0.00, real=0.02 secs] 
2020-09-29T17:44:35.900+0200: 2.618: [GC (Allocation Failure) [PSYoungGen: 635109K->47173K(634880K)] 643277K->55341K(2033152K), 0.0158535 secs] [Times: user=0.13 sys=0.00, real=0.02 secs] 
2020-09-29T17:44:35.965+0200: 2.683: [GC (Allocation Failure) [PSYoungGen: 619077K->30660K(635392K)] 627245K->38828K(2033664K), 0.0114265 secs] [Times: user=0.13 sys=0.00, real=0.01 secs] 
2020-09-29T17:44:36.028+0200: 2.746: [GC (Allocation Failure) [PSYoungGen: 602564K->42021K(637440K)] 610732K->50189K(2035712K), 0.0140144 secs] [Times: user=0.13 sys=0.00, real=0.01 secs] 
2020-09-29T17:44:36.091+0200: 2.809: [GC (Allocation Failure) [PSYoungGen: 616485K->28389K(635904K)] 624653K->36557K(2034176K), 0.0097523 secs] [Times: user=0.13 sys=0.00, real=0.01 secs] 
2020-09-29T17:44:36.152+0200: 2.871: [GC (Allocation Failure) [PSYoungGen: 602853K->42277K(638464K)] 611021K->50445K(2036736K), 0.0157394 secs] [Times: user=0.13 sys=0.00, real=0.02 secs] 
2020-09-29T17:44:36.221+0200: 2.939: [GC (Allocation Failure) [PSYoungGen: 619301K->30436K(637440K)] 627469K->38604K(2035712K), 0.0130313 secs] [Times: user=0.13 sys=0.00, real=0.01 secs] 
2020-09-29T17:44:36.287+0200: 3.005: [GC (Allocation Failure) [PSYoungGen: 607460K->32740K(640512K)] 615628K->40908K(2038784K), 0.0135463 secs] [Times: user=0.00 sys=0.00, real=0.01 secs] 
2020-09-29T17:44:36.352+0200: 3.070: [GC (Allocation Failure) [PSYoungGen: 613348K->24356K(638976K)] 621516K->32524K(2037248K), 0.0086412 secs] [Times: user=0.00 sys=0.00, real=0.01 secs] 
2020-09-29T17:44:36.410+0200: 3.128: [GC (Allocation Failure) [PSYoungGen: 604964K->44453K(638464K)] 613132K->52621K(2036736K), 0.0146770 secs] [Times: user=0.13 sys=0.00, real=0.01 secs] 
2020-09-29T17:44:36.474+0200: 3.192: [GC (Allocation Failure) [PSYoungGen: 624549K->21092K(601600K)] 632717K->29260K(1999872K), 0.0076200 secs] [Times: user=0.00 sys=0.00, real=0.01 secs] 
2020-09-29T17:44:36.532+0200: 3.250: [GC (Allocation Failure) [PSYoungGen: 601188K->26468K(640000K)] 609356K->34636K(2038272K), 0.0092596 secs] [Times: user=0.13 sys=0.00, real=0.01 secs] 
2020-09-29T17:44:36.592+0200: 3.310: [GC (Allocation Failure) [PSYoungGen: 606564K->30819K(638976K)] 614732K->38987K(2037248K), 0.0128516 secs] [Times: user=0.11 sys=0.00, real=0.01 secs] 
2020-09-29T17:44:36.657+0200: 3.375: [GC (Allocation Failure) [PSYoungGen: 610915K->50405K(633856K)] 619083K->58573K(2032128K), 0.0169212 secs] [Times: user=0.13 sys=0.00, real=0.02 secs] 
2020-09-29T17:44:36.723+0200: 3.441: [GC (Allocation Failure) [PSYoungGen: 627429K->51620K(628736K)] 635597K->59788K(2027008K), 0.0176881 secs] [Times: user=0.25 sys=0.00, real=0.02 secs] 
2020-09-29T17:44:36.790+0200: 3.508: [GC (Allocation Failure) [PSYoungGen: 628644K->24612K(635392K)] 636812K->32780K(2033664K), 0.0097607 secs] [Times: user=0.00 sys=0.00, real=0.01 secs] 
2020-09-29T17:44:36.849+0200: 3.567: [GC (Allocation Failure) [PSYoungGen: 596004K->34147K(634880K)] 604172K->42315K(2033152K), 0.0137818 secs] [Times: user=0.00 sys=0.00, real=0.01 secs] 
2020-09-29T17:44:36.912+0200: 3.630: [GC (Allocation Failure) [PSYoungGen: 605539K->31301K(639488K)] 613707K->39469K(2037760K), 0.0106020 secs] [Times: user=0.00 sys=0.00, real=0.01 secs] 
2020-09-29T17:44:36.974+0200: 3.692: [GC (Allocation Failure) [PSYoungGen: 609349K->34692K(637440K)] 617517K->42860K(2035712K), 0.0124645 secs] [Times: user=0.00 sys=0.00, real=0.01 secs] 
2020-09-29T17:44:37.035+0200: 3.754: [GC (Allocation Failure) [PSYoungGen: 612740K->38469K(642560K)] 620908K->46637K(2040832K), 0.0134146 secs] [Times: user=0.11 sys=0.00, real=0.01 secs] 
2020-09-29T17:44:37.101+0200: 3.819: [GC (Allocation Failure) [PSYoungGen: 623685K->35428K(641536K)] 631853K->43596K(2039808K), 0.0127661 secs] [Times: user=0.00 sys=0.00, real=0.01 secs] 
2020-09-29T17:44:37.163+0200: 3.882: [GC (Allocation Failure) [PSYoungGen: 620644K->18884K(642560K)] 628812K->27052K(2040832K), 0.0063211 secs] [Times: user=0.00 sys=0.00, real=0.01 secs] 
2020-09-29T17:44:37.220+0200: 3.938: [GC (Allocation Failure) [PSYoungGen: 607172K->32580K(643584K)] 615340K->40748K(2041856K), 0.0117473 secs] [Times: user=0.13 sys=0.00, real=0.01 secs] 
2020-09-29T17:44:37.288+0200: 4.006: [GC (Allocation Failure) [PSYoungGen: 620868K->16771K(643584K)] 629036K->24939K(2041856K), 0.0068253 secs] [Times: user=0.00 sys=0.00, real=0.01 secs] 
2020-09-29T17:44:37.345+0200: 4.063: [GC (Allocation Failure) [PSYoungGen: 607107K->32677K(644608K)] 615275K->40845K(2042880K), 0.0112257 secs] [Times: user=0.13 sys=0.00, real=0.01 secs] 
2020-09-29T17:44:37.411+0200: 4.129: [GC (Allocation Failure) [PSYoungGen: 623013K->35141K(647680K)] 631181K->43309K(2045952K), 0.0120927 secs] [Times: user=0.00 sys=0.00, real=0.01 secs] 
2020-09-29T17:44:37.473+0200: 4.192: [GC (Allocation Failure) [PSYoungGen: 630597K->40069K(646656K)] 638765K->48237K(2044928K), 0.0138451 secs] [Times: user=0.00 sys=0.02, real=0.01 secs] 
2020-09-29T17:44:37.538+0200: 4.256: [GC (Allocation Failure) [PSYoungGen: 635525K->30916K(648192K)] 643693K->39084K(2046464K), 0.0117604 secs] [Times: user=0.00 sys=0.00, real=0.01 secs] 
2020-09-29T17:44:37.602+0200: 4.321: [GC (Allocation Failure) [PSYoungGen: 626884K->38532K(646656K)] 635052K->46700K(2044928K), 0.0145003 secs] [Times: user=0.11 sys=0.00, real=0.02 secs] 
2020-09-29T17:44:37.669+0200: 4.387: [GC (Allocation Failure) [PSYoungGen: 634500K->44997K(642560K)] 642668K->53165K(2040832K), 0.0153708 secs] [Times: user=0.13 sys=0.00, real=0.02 secs] 
2020-09-29T17:44:37.734+0200: 4.453: [GC (Allocation Failure) [PSYoungGen: 636357K->48453K(640000K)] 644525K->56621K(2038272K), 0.0160852 secs] [Times: user=0.13 sys=0.00, real=0.02 secs] 
2020-09-29T17:44:37.803+0200: 4.522: [GC (Allocation Failure) [PSYoungGen: 639813K->38245K(643072K)] 647981K->46413K(2041344K), 0.0130936 secs] [Times: user=0.00 sys=0.00, real=0.01 secs] 
2020-09-29T17:44:37.869+0200: 4.587: [GC (Allocation Failure) [PSYoungGen: 624485K->20837K(642048K)] 632653K->29005K(2040320K), 0.0073955 secs] [Times: user=0.00 sys=0.00, real=0.01 secs] 
2020-09-29T17:44:37.929+0200: 4.647: [GC (Allocation Failure) [PSYoungGen: 607077K->32837K(644096K)] 615245K->41005K(2042368K), 0.0117646 secs] [Times: user=0.00 sys=0.00, real=0.01 secs] 
2020-09-29T17:44:37.993+0200: 4.711: [GC (Allocation Failure) [PSYoungGen: 620613K->46373K(634368K)] 628781K->54541K(2032640K), 0.0155397 secs] [Times: user=0.13 sys=0.00, real=0.01 secs] 
2020-09-29T17:44:38.059+0200: 4.777: [GC (Allocation Failure) [PSYoungGen: 634149K->32549K(643584K)] 642317K->40717K(2041856K), 0.0111332 secs] [Times: user=0.13 sys=0.00, real=0.01 secs] 
2020-09-29T17:44:38.119+0200: 4.838: [GC (Allocation Failure) [PSYoungGen: 619301K->31237K(642048K)] 627469K->39405K(2040320K), 0.0113768 secs] [Times: user=0.13 sys=0.00, real=0.01 secs] 
2020-09-29T17:44:38.182+0200: 4.900: [GC (Allocation Failure) [PSYoungGen: 617989K->43845K(642560K)] 626157K->52013K(2040832K), 0.0147613 secs] [Times: user=0.13 sys=0.00, real=0.02 secs] 
2020-09-29T17:44:38.248+0200: 4.966: [GC (Allocation Failure) [PSYoungGen: 632133K->30084K(643584K)] 640301K->38252K(2041856K), 0.0112566 secs] [Times: user=0.13 sys=0.00, real=0.01 secs] 
2020-09-29T17:44:38.310+0200: 5.028: [GC (Allocation Failure) [PSYoungGen: 618372K->28613K(645120K)] 626540K->36781K(2043392K), 0.0103177 secs] [Times: user=0.13 sys=0.00, real=0.01 secs] 
2020-09-29T17:44:38.370+0200: 5.089: [GC (Allocation Failure) [PSYoungGen: 618949K->30052K(644096K)] 627117K->38220K(2042368K), 0.0112410 secs] [Times: user=0.13 sys=0.00, real=0.01 secs] 
2020-09-29T17:44:38.432+0200: 5.150: [GC (Allocation Failure) [PSYoungGen: 620388K->46245K(641024K)] 628556K->54413K(2039296K), 0.0156493 secs] [Times: user=0.13 sys=0.00, real=0.02 secs] 
2020-09-29T17:44:38.497+0200: 5.215: [GC (Allocation Failure) [PSYoungGen: 634533K->29220K(643584K)] 642701K->37388K(2041856K), 0.0112841 secs] [Times: user=0.13 sys=0.00, real=0.01 secs] 
2020-09-29T17:44:38.559+0200: 5.278: [GC (Allocation Failure) [PSYoungGen: 617508K->26211K(645120K)] 625676K->34379K(2043392K), 0.0107679 secs] [Times: user=0.11 sys=0.00, real=0.01 secs] 
2020-09-29T17:44:38.622+0200: 5.341: [GC (Allocation Failure) [PSYoungGen: 617059K->29189K(644608K)] 625227K->37357K(2042880K), 0.0100891 secs] [Times: user=0.13 sys=0.00, real=0.01 secs] 
2020-09-29T17:44:38.689+0200: 5.407: [GC (Allocation Failure) [PSYoungGen: 620037K->52709K(630784K)] 628205K->67581K(2029056K), 0.0206347 secs] [Times: user=0.24 sys=0.02, real=0.02 secs] 
2020-09-29T17:44:38.760+0200: 5.478: [GC (Allocation Failure) [PSYoungGen: 630757K->35940K(638464K)] 645629K->50812K(2036736K), 0.0149226 secs] [Times: user=0.13 sys=0.00, real=0.02 secs] 
2020-09-29T17:44:38.825+0200: 5.543: [GC (Allocation Failure) [PSYoungGen: 613988K->39460K(641536K)] 628860K->54332K(2039808K), 0.0142233 secs] [Times: user=0.13 sys=0.00, real=0.01 secs] 
2020-09-29T17:44:38.888+0200: 5.607: [GC (Allocation Failure) [PSYoungGen: 623140K->48933K(632832K)] 638012K->63805K(2031104K), 0.0164339 secs] [Times: user=0.13 sys=0.00, real=0.02 secs] 
2020-09-29T17:44:38.956+0200: 5.675: [GC (Allocation Failure) [PSYoungGen: 632613K->43652K(638976K)] 647485K->58524K(2037248K), 0.0152154 secs] [Times: user=0.13 sys=0.00, real=0.02 secs] 
2020-09-29T17:44:39.021+0200: 5.739: [GC (Allocation Failure) [PSYoungGen: 622724K->34116K(638976K)] 637596K->48988K(2037248K), 0.0125096 secs] [Times: user=0.00 sys=0.00, real=0.01 secs] 
2020-09-29T17:44:39.083+0200: 5.801: [GC (Allocation Failure) [PSYoungGen: 613188K->38949K(642048K)] 628060K->53821K(2040320K), 0.0127433 secs] [Times: user=0.00 sys=0.00, real=0.01 secs] 
2020-09-29T17:44:39.145+0200: 5.863: [GC (Allocation Failure) [PSYoungGen: 622629K->33189K(640512K)] 637501K->48061K(2038784K), 0.0116949 secs] [Times: user=0.00 sys=0.00, real=0.01 secs] 
2020-09-29T17:44:39.207+0200: 5.925: [GC (Allocation Failure) [PSYoungGen: 616869K->27908K(643584K)] 631741K->42780K(2041856K), 0.0109247 secs] [Times: user=0.11 sys=0.00, real=0.01 secs] 
2020-09-29T17:44:39.268+0200: 5.986: [GC (Allocation Failure) [PSYoungGen: 615684K->39653K(643072K)] 630556K->54525K(2041344K), 0.0136512 secs] [Times: user=0.13 sys=0.00, real=0.01 secs] 
2020-09-29T17:44:39.334+0200: 6.053: [GC (Allocation Failure) [PSYoungGen: 627429K->39333K(645120K)] 642301K->54205K(2043392K), 0.0155306 secs] [Times: user=0.13 sys=0.00, real=0.02 secs] 
2020-09-29T17:44:39.402+0200: 6.120: [GC (Allocation Failure) [PSYoungGen: 629669K->28101K(644096K)] 644541K->42973K(2042368K), 0.0093551 secs] [Times: user=0.13 sys=0.00, real=0.01 secs] 
2020-09-29T17:44:39.463+0200: 6.181: [GC (Allocation Failure) [PSYoungGen: 618437K->30373K(645632K)] 633309K->45245K(2043904K), 0.0105886 secs] [Times: user=0.13 sys=0.00, real=0.01 secs] 
2020-09-29T17:44:39.524+0200: 6.242: [GC (Allocation Failure) [PSYoungGen: 622245K->47941K(640000K)] 637117K->62813K(2038272K), 0.0160989 secs] [Times: user=0.13 sys=0.00, real=0.02 secs] 
2020-09-29T17:44:39.592+0200: 6.311: [GC (Allocation Failure) [PSYoungGen: 639813K->38181K(644096K)] 654685K->53053K(2042368K), 0.0135473 secs] [Times: user=0.11 sys=0.00, real=0.01 secs] 
2020-09-29T17:44:39.657+0200: 6.376: [GC (Allocation Failure) [PSYoungGen: 626469K->38020K(643072K)] 641341K->52892K(2041344K), 0.0134290 secs] [Times: user=0.13 sys=0.00, real=0.01 secs] 
2020-09-29T17:44:39.721+0200: 6.439: [GC (Allocation Failure) [PSYoungGen: 626308K->38117K(646656K)] 641180K->52989K(2044928K), 0.0137939 secs] [Times: user=0.13 sys=0.00, real=0.01 secs] 
2020-09-29T17:44:39.786+0200: 6.505: [GC (Allocation Failure) [PSYoungGen: 631525K->28164K(645632K)] 646397K->43036K(2043904K), 0.0115155 secs] [Times: user=0.00 sys=0.00, real=0.01 secs] 
2020-09-29T17:44:39.848+0200: 6.567: [GC (Allocation Failure) [PSYoungGen: 621572K->32164K(647680K)] 636444K->47036K(2045952K), 0.0118706 secs] [Times: user=0.00 sys=0.00, real=0.01 secs] 
2020-09-29T17:44:39.911+0200: 6.629: [GC (Allocation Failure) [PSYoungGen: 627620K->39717K(646656K)] 642492K->54589K(2044928K), 0.0134896 secs] [Times: user=0.00 sys=0.00, real=0.01 secs] 
2020-09-29T17:44:39.977+0200: 6.696: [GC (Allocation Failure) [PSYoungGen: 635173K->47269K(642560K)] 650045K->62141K(2040832K), 0.0158711 secs] [Times: user=0.13 sys=0.00, real=0.02 secs] 
2020-09-29T17:44:40.043+0200: 6.762: [GC (Allocation Failure) [PSYoungGen: 638629K->23365K(614912K)] 653501K->38237K(2013184K), 0.0076722 secs] [Times: user=0.13 sys=0.00, real=0.01 secs] 
2020-09-29T17:44:40.102+0200: 6.821: [GC (Allocation Failure) [PSYoungGen: 614725K->40517K(644608K)] 629597K->55389K(2042880K), 0.0141514 secs] [Times: user=0.13 sys=0.00, real=0.02 secs] 
2020-09-29T17:44:40.167+0200: 6.886: [GC (Allocation Failure) [PSYoungGen: 630853K->29285K(644608K)] 645725K->44157K(2042880K), 0.0099998 secs] [Times: user=0.13 sys=0.00, real=0.01 secs] 
2020-09-29T17:44:40.228+0200: 6.946: [GC (Allocation Failure) [PSYoungGen: 619621K->30372K(646144K)] 634493K->45244K(2044416K), 0.0107151 secs] [Times: user=0.02 sys=0.00, real=0.01 secs] 
2020-09-29T17:44:40.291+0200: 7.009: [GC (Allocation Failure) [PSYoungGen: 622756K->34629K(645120K)] 637628K->49501K(2043392K), 0.0134203 secs] [Times: user=0.13 sys=0.00, real=0.01 secs] 
2020-09-29T17:44:40.355+0200: 7.074: [GC (Allocation Failure) [PSYoungGen: 627013K->22979K(646656K)] 641885K->37851K(2044928K), 0.0090925 secs] [Times: user=0.13 sys=0.00, real=0.01 secs] 
2020-09-29T17:44:40.420+0200: 7.138: [GC (Allocation Failure) [PSYoungGen: 618435K->44197K(640000K)] 633307K->59069K(2038272K), 0.0198493 secs] [Times: user=0.11 sys=0.00, real=0.02 secs] 
2020-09-29T17:44:40.493+0200: 7.212: [GC (Allocation Failure) [PSYoungGen: 639653K->38053K(645632K)] 654525K->52925K(2043904K), 0.0145442 secs] [Times: user=0.13 sys=0.00, real=0.01 secs] 
2020-09-29T17:44:40.560+0200: 7.279: [GC (Allocation Failure) [PSYoungGen: 629925K->41893K(645120K)] 644797K->56765K(2043392K), 0.0140625 secs] [Times: user=0.13 sys=0.00, real=0.01 secs] 
2020-09-29T17:44:40.627+0200: 7.345: [GC (Allocation Failure) [PSYoungGen: 633765K->32261K(646144K)] 648637K->47133K(2044416K), 0.0122066 secs] [Times: user=0.11 sys=0.00, real=0.01 secs] 
2020-09-29T17:44:40.690+0200: 7.408: [GC (Allocation Failure) [PSYoungGen: 624645K->36741K(645120K)] 639517K->51613K(2043392K), 0.0121495 secs] [Times: user=0.13 sys=0.00, real=0.01 secs] 
2020-09-29T17:44:40.752+0200: 7.471: [GC (Allocation Failure) [PSYoungGen: 629125K->8867K(641536K)] 643997K->23739K(2039808K), 0.0038583 secs] [Times: user=0.13 sys=0.00, real=0.00 secs] 
2020-09-29T17:44:40.807+0200: 7.525: [GC (Allocation Failure) [PSYoungGen: 599203K->37380K(644608K)] 614075K->52252K(2042880K), 0.0141192 secs] [Times: user=0.13 sys=0.00, real=0.01 secs] 
2020-09-29T17:44:40.871+0200: 7.590: [GC (Allocation Failure) [PSYoungGen: 627716K->26117K(645632K)] 642588K->40989K(2043904K), 0.0090705 secs] [Times: user=0.13 sys=0.00, real=0.01 secs] 
2020-09-29T17:44:40.932+0200: 7.650: [GC (Allocation Failure) [PSYoungGen: 617989K->43685K(635904K)] 632861K->58557K(2034176K), 0.0151674 secs] [Times: user=0.13 sys=0.00, real=0.02 secs] 
2020-09-29T17:44:40.999+0200: 7.718: [GC (Allocation Failure) [PSYoungGen: 634306K->2017K(637440K)] 649178K->16889K(2035712K), 0.0028788 secs] [Times: user=0.00 sys=0.00, real=0.00 secs] 
2020-09-29T17:44:41.059+0200: 7.777: [GC (Allocation Failure) [PSYoungGen: 584161K->37381K(640512K)] 599033K->52253K(2038784K), 0.0123276 secs] [Times: user=0.13 sys=0.00, real=0.01 secs] 
2020-09-29T17:44:41.121+0200: 7.839: [GC (Allocation Failure) [PSYoungGen: 619525K->16419K(641024K)] 634397K->31291K(2039296K), 0.0069451 secs] [Times: user=0.00 sys=0.00, real=0.01 secs] 
2020-09-29T17:44:41.178+0200: 7.897: [GC (Allocation Failure) [PSYoungGen: 599075K->23268K(640512K)] 613947K->38140K(2038784K), 0.0088428 secs] [Times: user=0.00 sys=0.00, real=0.01 secs] 
2020-09-29T17:44:41.237+0200: 7.955: [GC (Allocation Failure) [PSYoungGen: 605924K->15748K(643072K)] 620796K->30620K(2041344K), 0.0055504 secs] [Times: user=0.13 sys=0.00, real=0.01 secs] 
2020-09-29T17:44:41.293+0200: 8.012: [GC (Allocation Failure) [PSYoungGen: 602500K->41925K(628736K)] 617372K->56797K(2027008K), 0.0152297 secs] [Times: user=0.13 sys=0.00, real=0.02 secs] 
2020-09-29T17:44:41.359+0200: 8.077: [GC (Allocation Failure) [PSYoungGen: 628677K->39716K(638464K)] 643549K->54588K(2036736K), 0.0141506 secs] [Times: user=0.13 sys=0.00, real=0.01 secs] 
2020-09-29T17:44:41.423+0200: 8.142: [GC (Allocation Failure) [PSYoungGen: 619812K->45637K(626176K)] 634684K->60509K(2024448K), 0.0160073 secs] [Times: user=0.09 sys=0.00, real=0.02 secs] 
2020-09-29T17:44:41.489+0200: 8.207: [GC (Allocation Failure) [PSYoungGen: 625733K->23941K(638464K)] 640605K->38813K(2036736K), 0.0078834 secs] [Times: user=0.00 sys=0.00, real=0.01 secs] 
2020-09-29T17:44:41.548+0200: 8.266: [GC (Allocation Failure) [PSYoungGen: 600453K->53573K(630272K)] 615325K->68445K(2028544K), 0.0175019 secs] [Times: user=0.13 sys=0.00, real=0.02 secs] 
2020-09-29T17:44:41.617+0200: 8.335: [GC (Allocation Failure) [PSYoungGen: 630085K->41828K(632832K)] 644957K->56700K(2031104K), 0.0162829 secs] [Times: user=0.11 sys=0.00, real=0.02 secs] 
2020-09-29T17:44:41.682+0200: 8.401: [GC (Allocation Failure) [PSYoungGen: 608612K->32453K(632832K)] 623484K->47325K(2031104K), 0.0117170 secs] [Times: user=0.13 sys=0.00, real=0.01 secs] 
2020-09-29T17:44:41.743+0200: 8.462: [GC (Allocation Failure) [PSYoungGen: 599237K->52357K(627712K)] 614109K->67229K(2025984K), 0.0172766 secs] [Times: user=0.13 sys=0.00, real=0.02 secs] 
2020-09-29T17:44:41.809+0200: 8.528: [GC (Allocation Failure) [PSYoungGen: 617093K->27747K(631808K)] 631965K->42619K(2030080K), 0.0109708 secs] [Times: user=0.13 sys=0.00, real=0.01 secs] 
2020-09-29T17:44:41.872+0200: 8.590: [GC (Allocation Failure) [PSYoungGen: 592483K->16354K(632832K)] 607355K->31226K(2031104K), 0.0072899 secs] [Times: user=0.13 sys=0.00, real=0.01 secs] 
2020-09-29T17:44:41.928+0200: 8.646: [GC (Allocation Failure) [PSYoungGen: 584162K->50981K(619008K)] 599034K->65853K(2017280K), 0.0166763 secs] [Times: user=0.13 sys=0.00, real=0.02 secs] 
2020-09-29T17:44:41.993+0200: 8.712: [GC (Allocation Failure) [PSYoungGen: 618789K->28835K(632320K)] 633661K->43707K(2030592K), 0.0114686 secs] [Times: user=0.13 sys=0.00, real=0.01 secs] 
2020-09-29T17:44:42.054+0200: 8.773: [GC (Allocation Failure) [PSYoungGen: 592547K->31332K(630272K)] 607419K->46204K(2028544K), 0.0119394 secs] [Times: user=0.00 sys=0.00, real=0.01 secs] 
2020-09-29T17:44:42.114+0200: 8.833: [GC (Allocation Failure) [PSYoungGen: 595044K->48197K(630784K)] 609916K->63069K(2029056K), 0.0163717 secs] [Times: user=0.13 sys=0.00, real=0.02 secs] 
2020-09-29T17:44:42.179+0200: 8.897: [GC (Allocation Failure) [PSYoungGen: 614981K->38980K(632832K)] 629853K->53852K(2031104K), 0.0136775 secs] [Times: user=0.13 sys=0.00, real=0.01 secs] 
2020-09-29T17:44:42.241+0200: 8.960: [GC (Allocation Failure) [PSYoungGen: 605764K->30180K(636416K)] 620636K->45052K(2034688K), 0.0109412 secs] [Times: user=0.00 sys=0.00, real=0.01 secs] 
2020-09-29T17:44:42.301+0200: 9.020: [GC (Allocation Failure) [PSYoungGen: 602084K->25411K(634368K)] 616956K->40283K(2032640K), 0.0108030 secs] [Times: user=0.00 sys=0.00, real=0.01 secs] 
2020-09-29T17:44:42.361+0200: 9.080: [GC (Allocation Failure) [PSYoungGen: 597315K->50437K(631296K)] 612187K->65309K(2029568K), 0.0170239 secs] [Times: user=0.13 sys=0.00, real=0.02 secs] 
2020-09-29T17:44:42.427+0200: 9.146: [GC (Allocation Failure) [PSYoungGen: 620293K->32389K(634368K)] 635165K->47261K(2032640K), 0.0107545 secs] [Times: user=0.00 sys=0.00, real=0.01 secs] 
2020-09-29T17:44:42.486+0200: 9.205: [GC (Allocation Failure) [PSYoungGen: 602245K->40324K(637440K)] 617117K->55196K(2035712K), 0.0143607 secs] [Times: user=0.13 sys=0.00, real=0.01 secs] 
2020-09-29T17:44:42.550+0200: 9.269: [GC (Allocation Failure) [PSYoungGen: 615300K->41093K(636416K)] 630172K->55965K(2034688K), 0.0138499 secs] [Times: user=0.13 sys=0.00, real=0.01 secs] 
2020-09-29T17:44:42.616+0200: 9.335: [GC (Allocation Failure) [PSYoungGen: 616069K->26820K(638464K)] 630941K->41692K(2036736K), 0.0107637 secs] [Times: user=0.00 sys=0.00, real=0.01 secs] 
2020-09-29T17:44:42.678+0200: 9.397: [GC (Allocation Failure) [PSYoungGen: 604356K->43749K(637952K)] 619228K->58621K(2036224K), 0.0147072 secs] [Times: user=0.13 sys=0.00, real=0.02 secs] 
2020-09-29T17:44:42.744+0200: 9.462: [GC (Allocation Failure) [PSYoungGen: 621285K->47077K(634880K)] 636157K->61949K(2033152K), 0.0159042 secs] [Times: user=0.13 sys=0.00, real=0.02 secs] 
2020-09-29T17:44:42.809+0200: 9.528: [GC (Allocation Failure) [PSYoungGen: 621029K->32548K(636416K)] 635901K->47420K(2034688K), 0.0122321 secs] [Times: user=0.13 sys=0.00, real=0.01 secs] 
2020-09-29T17:44:42.870+0200: 9.589: [GC (Allocation Failure) [PSYoungGen: 606500K->45957K(636928K)] 621372K->60829K(2035200K), 0.0154259 secs] [Times: user=0.13 sys=0.00, real=0.02 secs] 
2020-09-29T17:44:42.935+0200: 9.654: [GC (Allocation Failure) [PSYoungGen: 621957K->47685K(624128K)] 636829K->62557K(2022400K), 0.0158958 secs] [Times: user=0.13 sys=0.00, real=0.02 secs] 
2020-09-29T17:44:43.001+0200: 9.719: [GC (Allocation Failure) [PSYoungGen: 623685K->35013K(637440K)] 638557K->49885K(2035712K), 0.0123978 secs] [Times: user=0.13 sys=0.00, real=0.01 secs] 
2020-09-29T17:44:43.063+0200: 9.782: [GC (Allocation Failure) [PSYoungGen: 609477K->35077K(635904K)] 624349K->49949K(2034176K), 0.0138105 secs] [Times: user=0.11 sys=0.00, real=0.01 secs] 
2020-09-29T17:44:43.126+0200: 9.845: [GC (Allocation Failure) [PSYoungGen: 609541K->48933K(635392K)] 624413K->63805K(2033664K), 0.0157639 secs] [Times: user=0.13 sys=0.00, real=0.02 secs] 
2020-09-29T17:44:43.191+0200: 9.910: [GC (Allocation Failure) [PSYoungGen: 624933K->23236K(599552K)] 639805K->38108K(1997824K), 0.0085421 secs] [Times: user=0.13 sys=0.00, real=0.01 secs] 
2020-09-29T17:44:43.250+0200: 9.968: [GC (Allocation Failure) [PSYoungGen: 599236K->38725K(638976K)] 614108K->53597K(2037248K), 0.0135192 secs] [Times: user=0.13 sys=0.00, real=0.01 secs] 
2020-09-29T17:44:43.312+0200: 10.031: [GC (Allocation Failure) [PSYoungGen: 615749K->12132K(636928K)] 630621K->27004K(2035200K), 0.0044541 secs] [Times: user=0.13 sys=0.00, real=0.00 secs] 
2020-09-29T17:44:43.367+0200: 10.085: [GC (Allocation Failure) [PSYoungGen: 589156K->41092K(637440K)] 604028K->55964K(2035712K), 0.0145475 secs] [Times: user=0.13 sys=0.00, real=0.02 secs] 
2020-09-29T17:44:43.437+0200: 10.155: [GC (Allocation Failure) [PSYoungGen: 616580K->26115K(636928K)] 631452K->40987K(2035200K), 0.0107232 secs] [Times: user=0.13 sys=0.00, real=0.01 secs] 
2020-09-29T17:44:43.496+0200: 10.215: [GC (Allocation Failure) [PSYoungGen: 601603K->40997K(638464K)] 616475K->55869K(2036736K), 0.0143933 secs] [Times: user=0.13 sys=0.00, real=0.01 secs] 
2020-09-29T17:44:43.560+0200: 10.279: [GC (Allocation Failure) [PSYoungGen: 618533K->29796K(637952K)] 633405K->44668K(2036224K), 0.0109647 secs] [Times: user=0.13 sys=0.00, real=0.01 secs] 
2020-09-29T17:44:43.622+0200: 10.341: [GC (Allocation Failure) [PSYoungGen: 607332K->33157K(642048K)] 622204K->48029K(2040320K), 0.0117009 secs] [Times: user=0.11 sys=0.00, real=0.01 secs] 
2020-09-29T17:44:43.684+0200: 10.403: [GC (Allocation Failure) [PSYoungGen: 616325K->28388K(640000K)] 631197K->43260K(2038272K), 0.0100992 secs] [Times: user=0.13 sys=0.00, real=0.01 secs] 
2020-09-29T17:44:43.744+0200: 10.463: [GC (Allocation Failure) [PSYoungGen: 611556K->23621K(643584K)] 626428K->38493K(2041856K), 0.0088099 secs] [Times: user=0.00 sys=0.00, real=0.01 secs] 
2020-09-29T17:44:43.804+0200: 10.523: [GC (Allocation Failure) [PSYoungGen: 611397K->37125K(643072K)] 626269K->51997K(2041344K), 0.0128320 secs] [Times: user=0.00 sys=0.01, real=0.01 secs] 
2020-09-29T17:44:43.867+0200: 10.586: [GC (Allocation Failure) [PSYoungGen: 624901K->36965K(645120K)] 639773K->51837K(2043392K), 0.0121513 secs] [Times: user=0.13 sys=0.00, real=0.01 secs] 
2020-09-29T17:44:43.931+0200: 10.649: [GC (Allocation Failure) [PSYoungGen: 627301K->38277K(644096K)] 642173K->53149K(2042368K), 0.0134679 secs] [Times: user=0.13 sys=0.00, real=0.01 secs] 
2020-09-29T17:44:43.995+0200: 10.714: [GC (Allocation Failure) [PSYoungGen: 628613K->53733K(634880K)] 643485K->69173K(2033152K), 0.0177314 secs] [Times: user=0.13 sys=0.00, real=0.02 secs] 
2020-09-29T17:44:44.063+0200: 10.781: [GC (Allocation Failure) [PSYoungGen: 634853K->33476K(640000K)] 650293K->48916K(2038272K), 0.0122746 secs] [Times: user=0.13 sys=0.00, real=0.01 secs] 
2020-09-29T17:44:44.127+0200: 10.846: [GC (Allocation Failure) [PSYoungGen: 614596K->25923K(642048K)] 630036K->41363K(2040320K), 0.0103011 secs] [Times: user=0.13 sys=0.00, real=0.01 secs] 
2020-09-29T17:44:44.188+0200: 10.907: [GC (Allocation Failure) [PSYoungGen: 610627K->50117K(634880K)] 626067K->65557K(2033152K), 0.0165505 secs] [Times: user=0.13 sys=0.00, real=0.02 secs] 
2020-09-29T17:44:44.256+0200: 10.975: [GC (Allocation Failure) [PSYoungGen: 634821K->33253K(640512K)] 650261K->48693K(2038784K), 0.0117969 secs] [Times: user=0.00 sys=0.00, real=0.01 secs] 
2020-09-29T17:44:44.318+0200: 11.037: [GC (Allocation Failure) [PSYoungGen: 613349K->39077K(638464K)] 628789K->54517K(2036736K), 0.0140148 secs] [Times: user=0.13 sys=0.00, real=0.01 secs] 
2020-09-29T17:44:44.383+0200: 11.102: [GC (Allocation Failure) [PSYoungGen: 619173K->14788K(638464K)] 634613K->30228K(2036736K), 0.0056710 secs] [Times: user=0.00 sys=0.00, real=0.01 secs] 
2020-09-29T17:44:44.439+0200: 11.158: [GC (Allocation Failure) [PSYoungGen: 595908K->21669K(640000K)] 611348K->37109K(2038272K), 0.0070245 secs] [Times: user=0.13 sys=0.00, real=0.01 secs] 
2020-09-29T17:44:44.498+0200: 11.217: [GC (Allocation Failure) [PSYoungGen: 602789K->27907K(642048K)] 618229K->43347K(2040320K), 0.0112391 secs] [Times: user=0.13 sys=0.00, real=0.01 secs] 
2020-09-29T17:44:44.559+0200: 11.278: [GC (Allocation Failure) [PSYoungGen: 611075K->34468K(640000K)] 626515K->49908K(2038272K), 0.0122404 secs] [Times: user=0.13 sys=0.00, real=0.01 secs] 
2020-09-29T17:44:44.623+0200: 11.341: [GC (Allocation Failure) [PSYoungGen: 617636K->27908K(645120K)] 633076K->43348K(2043392K), 0.0107283 secs] [Times: user=0.11 sys=0.00, real=0.01 secs] 
2020-09-29T17:44:44.685+0200: 11.403: [GC (Allocation Failure) [PSYoungGen: 617732K->29732K(643584K)] 633172K->45172K(2041856K), 0.0111601 secs] [Times: user=0.13 sys=0.00, real=0.01 secs] 
2020-09-29T17:44:44.746+0200: 11.465: [GC (Allocation Failure) [PSYoungGen: 619556K->31364K(648704K)] 634996K->46804K(2046976K), 0.0120158 secs] [Times: user=0.13 sys=0.00, real=0.01 secs] 
2020-09-29T17:44:44.811+0200: 11.530: [GC (Allocation Failure) [PSYoungGen: 627844K->26051K(646656K)] 643284K->41491K(2044928K), 0.0108676 secs] [Times: user=0.13 sys=0.00, real=0.01 secs] 
2020-09-29T17:44:44.874+0200: 11.593: [GC (Allocation Failure) [PSYoungGen: 622531K->19203K(649216K)] 637971K->34643K(2047488K), 0.0076356 secs] [Times: user=0.13 sys=0.00, real=0.01 secs] 
2020-09-29T17:44:44.933+0200: 11.652: [GC (Allocation Failure) [PSYoungGen: 618755K->44453K(644096K)] 634195K->59893K(2042368K), 0.0154819 secs] [Times: user=0.13 sys=0.00, real=0.01 secs] 
2020-09-29T17:44:45.000+0200: 11.719: [GC (Allocation Failure) [PSYoungGen: 644005K->42469K(642560K)] 659445K->57909K(2040832K), 0.0140666 secs] [Times: user=0.13 sys=0.00, real=0.01 secs] 
2020-09-29T17:44:45.064+0200: 11.783: [GC (Allocation Failure) [PSYoungGen: 631781K->28003K(644096K)] 647221K->43443K(2042368K), 0.0113798 secs] [Times: user=0.13 sys=0.00, real=0.01 secs] 
2020-09-29T17:44:45.127+0200: 11.846: [GC (Allocation Failure) [PSYoungGen: 617315K->42885K(642048K)] 632755K->58325K(2040320K), 0.0160296 secs] [Times: user=0.11 sys=0.00, real=0.02 secs] 
2020-09-29T17:44:45.193+0200: 11.912: [GC (Allocation Failure) [PSYoungGen: 631173K->43333K(631808K)] 646613K->58773K(2030080K), 0.0143315 secs] [Times: user=0.13 sys=0.00, real=0.01 secs] 
2020-09-29T17:44:45.259+0200: 11.978: [GC (Allocation Failure) [PSYoungGen: 631621K->43717K(638976K)] 647061K->59157K(2037248K), 0.0145330 secs] [Times: user=0.13 sys=0.00, real=0.01 secs] 
2020-09-29T17:44:45.326+0200: 12.045: [GC (Allocation Failure) [PSYoungGen: 625861K->36132K(640512K)] 641301K->51572K(2038784K), 0.0133984 secs] [Times: user=0.13 sys=0.00, real=0.01 secs] 
2020-09-29T17:44:45.389+0200: 12.108: [GC (Allocation Failure) [PSYoungGen: 618276K->30341K(643584K)] 633716K->45781K(2041856K), 0.0096630 secs] [Times: user=0.13 sys=0.00, real=0.01 secs] 
2020-09-29T17:44:45.449+0200: 12.168: [GC (Allocation Failure) [PSYoungGen: 617605K->43365K(642560K)] 633045K->58805K(2040832K), 0.0148248 secs] [Times: user=0.13 sys=0.00, real=0.02 secs] 
2020-09-29T17:44:45.514+0200: 12.233: [GC (Allocation Failure) [PSYoungGen: 630629K->42725K(641536K)] 646069K->58165K(2039808K), 0.0143914 secs] [Times: user=0.13 sys=0.00, real=0.02 secs] 
2020-09-29T17:44:45.579+0200: 12.298: [GC (Allocation Failure) [PSYoungGen: 627941K->40037K(642048K)] 643381K->55477K(2040320K), 0.0145883 secs] [Times: user=0.11 sys=0.00, real=0.02 secs] 
2020-09-29T17:44:45.647+0200: 12.366: [GC (Allocation Failure) [PSYoungGen: 625253K->36356K(644608K)] 640693K->51796K(2042880K), 0.0132004 secs] [Times: user=0.02 sys=0.00, real=0.01 secs] 
2020-09-29T17:44:45.711+0200: 12.430: [GC (Allocation Failure) [PSYoungGen: 624644K->36709K(642560K)] 640084K->52149K(2040832K), 0.0122514 secs] [Times: user=0.13 sys=0.00, real=0.01 secs] 
2020-09-29T17:44:45.775+0200: 12.494: [GC (Allocation Failure) [PSYoungGen: 624997K->36005K(647680K)] 640437K->51445K(2045952K), 0.0163145 secs] [Times: user=0.13 sys=0.00, real=0.02 secs] 
2020-09-29T17:44:45.846+0200: 12.565: [GC (Allocation Failure) [PSYoungGen: 630949K->42212K(646144K)] 646389K->57652K(2044416K), 0.0155970 secs] [Times: user=0.13 sys=0.00, real=0.02 secs] 
2020-09-29T17:44:45.916+0200: 12.635: [GC (Allocation Failure) [PSYoungGen: 637156K->49253K(641024K)] 652596K->64693K(2039296K), 0.0177823 secs] [Times: user=0.13 sys=0.00, real=0.02 secs] 
2020-09-29T17:44:45.987+0200: 12.705: [GC (Allocation Failure) [PSYoungGen: 638565K->21635K(611328K)] 654005K->37075K(2009600K), 0.0089963 secs] [Times: user=0.13 sys=0.00, real=0.01 secs] 
2020-09-29T17:44:46.046+0200: 12.765: [GC (Allocation Failure) [PSYoungGen: 610947K->36453K(644608K)] 626387K->51893K(2042880K), 0.0123059 secs] [Times: user=0.13 sys=0.00, real=0.01 secs] 
2020-09-29T17:44:46.109+0200: 12.827: [GC (Allocation Failure) [PSYoungGen: 625253K->36069K(643072K)] 640693K->51509K(2041344K), 0.0156856 secs] [Times: user=0.13 sys=0.00, real=0.02 secs] 
2020-09-29T17:44:46.176+0200: 12.894: [GC (Allocation Failure) [PSYoungGen: 624869K->36997K(647680K)] 640309K->52437K(2045952K), 0.0161163 secs] [Times: user=0.01 sys=0.00, real=0.02 secs] 
2020-09-29T17:44:46.243+0200: 12.961: [GC (Allocation Failure) [PSYoungGen: 631941K->43973K(646144K)] 647381K->59413K(2044416K), 0.0197022 secs] [Times: user=0.11 sys=0.00, real=0.02 secs] 
2020-09-29T17:44:46.315+0200: 13.033: [GC (Allocation Failure) [PSYoungGen: 638917K->37317K(647680K)] 654357K->52757K(2045952K), 0.0165100 secs] [Times: user=0.13 sys=0.00, real=0.02 secs] 
2020-09-29T17:44:46.385+0200: 13.104: [GC (Allocation Failure) [PSYoungGen: 632773K->28932K(646656K)] 648213K->44372K(2044928K), 0.0137008 secs] [Times: user=0.13 sys=0.00, real=0.01 secs] 
2020-09-29T17:44:46.450+0200: 13.169: [GC (Allocation Failure) [PSYoungGen: 624388K->34115K(648704K)] 639828K->49555K(2046976K), 0.0165532 secs] [Times: user=0.11 sys=0.00, real=0.02 secs] 
2020-09-29T17:44:46.518+0200: 13.237: [GC (Allocation Failure) [PSYoungGen: 631619K->29220K(647680K)] 647059K->44660K(2045952K), 0.0140404 secs] [Times: user=0.13 sys=0.00, real=0.01 secs] 
2020-09-29T17:44:46.584+0200: 13.303: [GC (Allocation Failure) [PSYoungGen: 626724K->38821K(649216K)] 642164K->54261K(2047488K), 0.0182212 secs] [Times: user=0.11 sys=0.00, real=0.02 secs] 
2020-09-29T17:44:46.657+0200: 13.376: [GC (Allocation Failure) [PSYoungGen: 638373K->36773K(649216K)] 653813K->52213K(2047488K), 0.0168086 secs] [Times: user=0.11 sys=0.00, real=0.02 secs] 
2020-09-29T17:44:46.725+0200: 13.444: [GC (Allocation Failure) [PSYoungGen: 636325K->32900K(650752K)] 651765K->48340K(2049024K), 0.0155823 secs] [Times: user=0.13 sys=0.00, real=0.02 secs] 
2020-09-29T17:44:46.792+0200: 13.511: [GC (Allocation Failure) [PSYoungGen: 635012K->32579K(650240K)] 650452K->48019K(2048512K), 0.0160472 secs] [Times: user=0.13 sys=0.00, real=0.02 secs] 
2020-09-29T17:44:46.860+0200: 13.578: [GC (Allocation Failure) [PSYoungGen: 634691K->46789K(645632K)] 650131K->62229K(2043904K), 0.0195150 secs] [Times: user=0.25 sys=0.00, real=0.02 secs] 
2020-09-29T17:44:46.930+0200: 13.649: [GC (Allocation Failure) [PSYoungGen: 645317K->29252K(648704K)] 660757K->44692K(2046976K), 0.0140939 secs] [Times: user=0.13 sys=0.00, real=0.01 secs] 
2020-09-29T17:44:46.997+0200: 13.716: [GC (Allocation Failure) [PSYoungGen: 627780K->39812K(648704K)] 643220K->55252K(2046976K), 0.0180964 secs] [Times: user=0.13 sys=0.00, real=0.02 secs] 
2020-09-29T17:44:47.066+0200: 13.784: [GC (Allocation Failure) [PSYoungGen: 638340K->21828K(620544K)] 653780K->37268K(2018816K), 0.0100350 secs] [Times: user=0.13 sys=0.00, real=0.01 secs] 
2020-09-29T17:44:47.133+0200: 13.852: [GC (Allocation Failure) [PSYoungGen: 620356K->46149K(642560K)] 635796K->61589K(2040832K), 0.0194931 secs] [Times: user=0.13 sys=0.00, real=0.02 secs] 
2020-09-29T17:44:47.209+0200: 13.927: [GC (Allocation Failure) [PSYoungGen: 637509K->35941K(645120K)] 652949K->51381K(2043392K), 0.0153024 secs] [Times: user=0.13 sys=0.00, real=0.01 secs] 
2020-09-29T17:44:47.276+0200: 13.995: [GC (Allocation Failure) [PSYoungGen: 627301K->25572K(646656K)] 642741K->41012K(2044928K), 0.0116812 secs] [Times: user=0.13 sys=0.00, real=0.01 secs] 
2020-09-29T17:44:47.339+0200: 14.058: [GC (Allocation Failure) [PSYoungGen: 620004K->32133K(646656K)] 635444K->47573K(2044928K), 0.0141140 secs] [Times: user=0.13 sys=0.00, real=0.01 secs] 
2020-09-29T17:44:47.406+0200: 14.125: [GC (Allocation Failure) [PSYoungGen: 626565K->38725K(647680K)] 642005K->54165K(2045952K), 0.0162310 secs] [Times: user=0.13 sys=0.00, real=0.02 secs] 
2020-09-29T17:44:47.480+0200: 14.199: [GC (Allocation Failure) [PSYoungGen: 635205K->33509K(647680K)] 650645K->48949K(2045952K), 0.0148719 secs] [Times: user=0.13 sys=0.00, real=0.01 secs] 
2020-09-29T17:44:47.546+0200: 14.264: [GC (Allocation Failure) [PSYoungGen: 629989K->26275K(649216K)] 645429K->41715K(2047488K), 0.0136735 secs] [Times: user=0.13 sys=0.00, real=0.01 secs] 
2020-09-29T17:44:47.620+0200: 14.339: [GC (Allocation Failure) [PSYoungGen: 625827K->24165K(649216K)] 641267K->39605K(2047488K), 0.0099776 secs] [Times: user=0.13 sys=0.00, real=0.01 secs] 
2020-09-29T17:44:47.682+0200: 14.401: [GC (Allocation Failure) [PSYoungGen: 623717K->35845K(649728K)] 639157K->51285K(2048000K), 0.0155294 secs] [Times: user=0.13 sys=0.00, real=0.02 secs] 
2020-09-29T17:44:47.755+0200: 14.474: [GC (Allocation Failure) [PSYoungGen: 635909K->44420K(644608K)] 651349K->59860K(2042880K), 0.0200005 secs] [Times: user=0.13 sys=0.00, real=0.02 secs] 
2020-09-29T17:44:47.827+0200: 14.546: [GC (Allocation Failure) [PSYoungGen: 644484K->29092K(648192K)] 659924K->44532K(2046464K), 0.0131945 secs] [Times: user=0.13 sys=0.00, real=0.01 secs] 
2020-09-29T17:44:47.892+0200: 14.610: [GC (Allocation Failure) [PSYoungGen: 625572K->37540K(647168K)] 641012K->52980K(2045440K), 0.0175572 secs] [Times: user=0.13 sys=0.00, real=0.02 secs] 
2020-09-29T17:44:47.960+0200: 14.678: [GC (Allocation Failure) [PSYoungGen: 634020K->32165K(649728K)] 649460K->47605K(2048000K), 0.0150402 secs] [Times: user=0.13 sys=0.00, real=0.01 secs] 
2020-09-29T17:44:48.028+0200: 14.746: [GC (Allocation Failure) [PSYoungGen: 631205K->43301K(642560K)] 646645K->58741K(2040832K), 0.0185159 secs] [Times: user=0.13 sys=0.00, real=0.02 secs] 
2020-09-29T17:44:48.101+0200: 14.819: [GC (Allocation Failure) [PSYoungGen: 642341K->40741K(646656K)] 657781K->56181K(2044928K), 0.0178615 secs] [Times: user=0.13 sys=0.00, real=0.02 secs] 
2020-09-29T17:44:48.169+0200: 14.887: [GC (Allocation Failure) [PSYoungGen: 636197K->48357K(644096K)] 651637K->63797K(2042368K), 0.0205222 secs] [Times: user=0.13 sys=0.00, real=0.02 secs] 
2020-09-29T17:44:48.243+0200: 14.961: [GC (Allocation Failure) [PSYoungGen: 643813K->28485K(644096K)] 659253K->43925K(2042368K), 0.0120446 secs] [Times: user=0.00 sys=0.02, real=0.01 secs] 
2020-09-29T17:44:48.312+0200: 15.030: [GC (Allocation Failure) [PSYoungGen: 617797K->26051K(644096K)] 633237K->41491K(2042368K), 0.0131312 secs] [Times: user=0.13 sys=0.00, real=0.01 secs] 
2020-09-29T17:44:48.376+0200: 15.094: [GC (Allocation Failure) [PSYoungGen: 615363K->39621K(644608K)] 630803K->55061K(2042880K), 0.0175531 secs] [Times: user=0.13 sys=0.00, real=0.02 secs] 
2020-09-29T17:44:48.444+0200: 15.162: [GC (Allocation Failure) [PSYoungGen: 629957K->23844K(644608K)] 645397K->39284K(2042880K), 0.0116933 secs] [Times: user=0.00 sys=0.00, real=0.01 secs] 
2020-09-29T17:44:48.507+0200: 15.225: [GC (Allocation Failure) [PSYoungGen: 614180K->39973K(644608K)] 629620K->55413K(2042880K), 0.0171154 secs] [Times: user=0.13 sys=0.00, real=0.02 secs] 
2020-09-29T17:44:48.576+0200: 15.294: [GC (Allocation Failure) [PSYoungGen: 630309K->42373K(632832K)] 645749K->57813K(2031104K), 0.0200544 secs] [Times: user=0.11 sys=0.00, real=0.02 secs] 
2020-09-29T17:44:48.648+0200: 15.366: [GC (Allocation Failure) [PSYoungGen: 632709K->29412K(644608K)] 648149K->44852K(2042880K), 0.0138953 secs] [Times: user=0.13 sys=0.00, real=0.01 secs] 
2020-09-29T17:44:48.712+0200: 15.430: [GC (Allocation Failure) [PSYoungGen: 618724K->30821K(643584K)] 634164K->46261K(2041856K), 0.0129225 secs] [Times: user=0.13 sys=0.00, real=0.01 secs] 
2020-09-29T17:44:48.779+0200: 15.497: [GC (Allocation Failure) [PSYoungGen: 620133K->32197K(647168K)] 635573K->47637K(2045440K), 0.0142693 secs] [Times: user=0.13 sys=0.00, real=0.01 secs] 
2020-09-29T17:44:48.845+0200: 15.563: [GC (Allocation Failure) [PSYoungGen: 626117K->36612K(645632K)] 641557K->52052K(2043904K), 0.0163795 secs] [Times: user=0.13 sys=0.00, real=0.02 secs] 
2020-09-29T17:44:48.913+0200: 15.631: [GC (Allocation Failure) [PSYoungGen: 630532K->26275K(648192K)] 645972K->41715K(2046464K), 0.0130724 secs] [Times: user=0.00 sys=0.00, real=0.01 secs] 
2020-09-29T17:44:48.985+0200: 15.703: [GC (Allocation Failure) [PSYoungGen: 623779K->48516K(646144K)] 639219K->63956K(2044416K), 0.0212974 secs] [Times: user=0.25 sys=0.00, real=0.02 secs] 
2020-09-29T17:44:49.057+0200: 15.775: [GC (Allocation Failure) [PSYoungGen: 646020K->52709K(629760K)] 661460K->73469K(2028032K), 0.0252381 secs] [Times: user=0.13 sys=0.00, real=0.03 secs] 
2020-09-29T17:44:49.131+0200: 15.849: [GC (Allocation Failure) [PSYoungGen: 629733K->33413K(637952K)] 650493K->54173K(2036224K), 0.0148673 secs] [Times: user=0.02 sys=0.00, real=0.01 secs] 
2020-09-29T17:44:49.195+0200: 15.913: [GC (Allocation Failure) [PSYoungGen: 610437K->35940K(641536K)] 631197K->56700K(2039808K), 0.0163461 secs] [Times: user=0.13 sys=0.00, real=0.02 secs] 
2020-09-29T17:44:49.262+0200: 15.980: [GC (Allocation Failure) [PSYoungGen: 618084K->30149K(639488K)] 638844K->50909K(2037760K), 0.0155905 secs] [Times: user=0.11 sys=0.00, real=0.02 secs] 
2020-09-29T17:44:49.331+0200: 16.049: [GC (Allocation Failure) [PSYoungGen: 612293K->38021K(643584K)] 633053K->58781K(2041856K), 0.0170539 secs] [Times: user=0.11 sys=0.00, real=0.02 secs] 
2020-09-29T17:44:49.401+0200: 16.119: [GC (Allocation Failure) [PSYoungGen: 625285K->37284K(642560K)] 646045K->58044K(2040832K), 0.0170427 secs] [Times: user=0.13 sys=0.00, real=0.02 secs] 
2020-09-29T17:44:49.471+0200: 16.189: [GC (Allocation Failure) [PSYoungGen: 624548K->35620K(646656K)] 645308K->56380K(2044928K), 0.0162391 secs] [Times: user=0.13 sys=0.00, real=0.02 secs] 
2020-09-29T17:44:49.538+0200: 16.256: [GC (Allocation Failure) [PSYoungGen: 628516K->26852K(645120K)] 649276K->47612K(2043392K), 0.0118600 secs] [Times: user=0.00 sys=0.00, real=0.01 secs] 
2020-09-29T17:44:49.603+0200: 16.321: [GC (Allocation Failure) [PSYoungGen: 619748K->31075K(647680K)] 640508K->51835K(2045952K), 0.0158634 secs] [Times: user=0.11 sys=0.00, real=0.02 secs] 
2020-09-29T17:44:49.671+0200: 16.389: [GC (Allocation Failure) [PSYoungGen: 626531K->24868K(646656K)] 647291K->45628K(2044928K), 0.0111633 secs] [Times: user=0.13 sys=0.00, real=0.01 secs] 
2020-09-29T17:44:49.733+0200: 16.451: [GC (Allocation Failure) [PSYoungGen: 620324K->46085K(641536K)] 641084K->66845K(2039808K), 0.0204110 secs] [Times: user=0.13 sys=0.00, real=0.02 secs] 
2020-09-29T17:44:49.804+0200: 16.522: [GC (Allocation Failure) [PSYoungGen: 636421K->34853K(644608K)] 657181K->55613K(2042880K), 0.0143431 secs] [Times: user=0.13 sys=0.00, real=0.01 secs] 
2020-09-29T17:44:49.874+0200: 16.592: [GC (Allocation Failure) [PSYoungGen: 625189K->37253K(647680K)] 645949K->58013K(2045952K), 0.0165090 secs] [Times: user=0.13 sys=0.00, real=0.02 secs] 
2020-09-29T17:44:49.941+0200: 16.659: [GC (Allocation Failure) [PSYoungGen: 632709K->28291K(646656K)] 653469K->49051K(2044928K), 0.0139164 secs] [Times: user=0.13 sys=0.00, real=0.01 secs] 
2020-09-29T17:44:50.007+0200: 16.725: [GC (Allocation Failure) [PSYoungGen: 623747K->21252K(646656K)] 644507K->42012K(2044928K), 0.0099650 secs] [Times: user=0.00 sys=0.00, real=0.01 secs] 
2020-09-29T17:44:50.067+0200: 16.786: [GC (Allocation Failure) [PSYoungGen: 616708K->42469K(637952K)] 637468K->63229K(2036224K), 0.0177761 secs] [Times: user=0.13 sys=0.00, real=0.02 secs] 
2020-09-29T17:44:50.136+0200: 16.854: [GC (Allocation Failure) [PSYoungGen: 637925K->19779K(644608K)] 658685K->40539K(2042880K), 0.0101635 secs] [Times: user=0.00 sys=0.00, real=0.01 secs] 
2020-09-29T17:44:50.195+0200: 16.914: [GC (Allocation Failure) [PSYoungGen: 611139K->20803K(645120K)] 631899K->41563K(2043392K), 0.0143898 secs] [Times: user=0.13 sys=0.00, real=0.02 secs] 
2020-09-29T17:44:50.260+0200: 16.979: [GC (Allocation Failure) [PSYoungGen: 612163K->51621K(634880K)] 632923K->72381K(2033152K), 0.0222717 secs] [Times: user=0.11 sys=0.00, real=0.02 secs] 
2020-09-29T17:44:50.334+0200: 17.052: [GC (Allocation Failure) [PSYoungGen: 632741K->44837K(626176K)] 653501K->65597K(2024448K), 0.0191711 secs] [Times: user=0.13 sys=0.00, real=0.02 secs] 
2020-09-29T17:44:50.404+0200: 17.122: [GC (Allocation Failure) [PSYoungGen: 625957K->23652K(638976K)] 646717K->44412K(2037248K), 0.0111778 secs] [Times: user=0.13 sys=0.00, real=0.01 secs] 
2020-09-29T17:44:50.465+0200: 17.183: [GC (Allocation Failure) [PSYoungGen: 601700K->41061K(637952K)] 622460K->61821K(2036224K), 0.0190893 secs] [Times: user=0.13 sys=0.00, real=0.02 secs] 
2020-09-29T17:44:50.533+0200: 17.251: [GC (Allocation Failure) [PSYoungGen: 619109K->15426K(636928K)] 639869K->36186K(2035200K), 0.0089046 secs] [Times: user=0.13 sys=0.00, real=0.01 secs] 
2020-09-29T17:44:50.592+0200: 17.310: [GC (Allocation Failure) [PSYoungGen: 592450K->45509K(622592K)] 613210K->66269K(2020864K), 0.0216258 secs] [Times: user=0.11 sys=0.02, real=0.02 secs] 
2020-09-29T17:44:50.665+0200: 17.383: [GC (Allocation Failure) [PSYoungGen: 622533K->31587K(638464K)] 643293K->52347K(2036736K), 0.0155768 secs] [Times: user=0.13 sys=0.00, real=0.02 secs] 
2020-09-29T17:44:50.729+0200: 17.448: [GC (Allocation Failure) [PSYoungGen: 607075K->32837K(635904K)] 627835K->53597K(2034176K), 0.0144478 secs] [Times: user=0.13 sys=0.00, real=0.01 secs] 
2020-09-29T17:44:50.793+0200: 17.511: [GC (Allocation Failure) [PSYoungGen: 608325K->32900K(643584K)] 629085K->53660K(2041856K), 0.0158355 secs] [Times: user=0.13 sys=0.00, real=0.02 secs] 
2020-09-29T17:44:50.860+0200: 17.578: [GC (Allocation Failure) [PSYoungGen: 618628K->44357K(641024K)] 639388K->65117K(2039296K), 0.0195462 secs] [Times: user=0.13 sys=0.00, real=0.02 secs] 
2020-09-29T17:44:50.929+0200: 17.648: [GC (Allocation Failure) [PSYoungGen: 630085K->28292K(642560K)] 650845K->49052K(2040832K), 0.0136076 secs] [Times: user=0.13 sys=0.00, real=0.01 secs] 
2020-09-29T17:44:50.993+0200: 17.711: [GC (Allocation Failure) [PSYoungGen: 613508K->39237K(641536K)] 634268K->59997K(2039808K), 0.0168481 secs] [Times: user=0.13 sys=0.00, real=0.02 secs] 
2020-09-29T17:44:51.061+0200: 17.780: [GC (Allocation Failure) [PSYoungGen: 624453K->50245K(634880K)] 645213K->71005K(2033152K), 0.0213584 secs] [Times: user=0.25 sys=0.00, real=0.02 secs] 
2020-09-29T17:44:51.133+0200: 17.851: [GC (Allocation Failure) [PSYoungGen: 629317K->27428K(638976K)] 650077K->48188K(2037248K), 0.0138276 secs] [Times: user=0.13 sys=0.00, real=0.01 secs] 
2020-09-29T17:44:51.198+0200: 17.917: [GC (Allocation Failure) [PSYoungGen: 606500K->31236K(641536K)] 627260K->51996K(2039808K), 0.0157985 secs] [Times: user=0.13 sys=0.00, real=0.02 secs] 
2020-09-29T17:44:51.265+0200: 17.984: [GC (Allocation Failure) [PSYoungGen: 613892K->39685K(640000K)] 634652K->60445K(2038272K), 0.0188219 secs] [Times: user=0.13 sys=0.00, real=0.02 secs] 
2020-09-29T17:44:51.335+0200: 18.053: [GC (Allocation Failure) [PSYoungGen: 622341K->18691K(641024K)] 643101K->39451K(2039296K), 0.0104264 secs] [Times: user=0.00 sys=0.00, real=0.01 secs] 
2020-09-29T17:44:51.399+0200: 18.117: [GC (Allocation Failure) [PSYoungGen: 602883K->41476K(626176K)] 623643K->62236K(2024448K), 0.0206339 secs] [Times: user=0.13 sys=0.00, real=0.02 secs] 
2020-09-29T17:44:51.470+0200: 18.188: [GC (Allocation Failure) [PSYoungGen: 625668K->51397K(632832K)] 646428K->72157K(2031104K), 0.0232763 secs] [Times: user=0.25 sys=0.00, real=0.02 secs] 
2020-09-29T17:44:51.542+0200: 18.261: [GC (Allocation Failure) [PSYoungGen: 626373K->38437K(636928K)] 647133K->59197K(2035200K), 0.0169885 secs] [Times: user=0.13 sys=0.00, real=0.02 secs] 
2020-09-29T17:44:51.610+0200: 18.328: [GC (Allocation Failure) [PSYoungGen: 613413K->38084K(640512K)] 634173K->58844K(2038784K), 0.0192900 secs] [Times: user=0.11 sys=0.00, real=0.02 secs] 
2020-09-29T17:44:51.680+0200: 18.398: [GC (Allocation Failure) [PSYoungGen: 618180K->43909K(638464K)] 638940K->64669K(2036736K), 0.0208068 secs] [Times: user=0.13 sys=0.00, real=0.02 secs] 
2020-09-29T17:44:51.750+0200: 18.468: [GC (Allocation Failure) [PSYoungGen: 624005K->21669K(638976K)] 644765K->42429K(2037248K), 0.0098414 secs] [Times: user=0.13 sys=0.00, real=0.01 secs] 
2020-09-29T17:44:51.810+0200: 18.528: [GC (Allocation Failure) [PSYoungGen: 601765K->27557K(639488K)] 622525K->48317K(2037760K), 0.0126390 secs] [Times: user=0.13 sys=0.00, real=0.01 secs] 
2020-09-29T17:44:51.872+0200: 18.590: [GC (Allocation Failure) [PSYoungGen: 607653K->33220K(642560K)] 628413K->53980K(2040832K), 0.0171438 secs] [Times: user=0.13 sys=0.00, real=0.02 secs] 
2020-09-29T17:44:51.941+0200: 18.659: [GC (Allocation Failure) [PSYoungGen: 617412K->43205K(640512K)] 638172K->63965K(2038784K), 0.0198186 secs] [Times: user=0.25 sys=0.00, real=0.02 secs] 
2020-09-29T17:44:52.013+0200: 18.731: [GC (Allocation Failure) [PSYoungGen: 627397K->36612K(643072K)] 648157K->57372K(2041344K), 0.0173339 secs] [Times: user=0.13 sys=0.00, real=0.02 secs] 
2020-09-29T17:44:52.081+0200: 18.799: [GC (Allocation Failure) [PSYoungGen: 622340K->33988K(641536K)] 643100K->54748K(2039808K), 0.0172714 secs] [Times: user=0.25 sys=0.00, real=0.02 secs] 
2020-09-29T17:44:52.148+0200: 18.866: [GC (Allocation Failure) [PSYoungGen: 619716K->31877K(646144K)] 640476K->52637K(2044416K), 0.0144308 secs] [Times: user=0.13 sys=0.00, real=0.01 secs] 
2020-09-29T17:44:52.213+0200: 18.931: [GC (Allocation Failure) [PSYoungGen: 623749K->47813K(640000K)] 644509K->68573K(2038272K), 0.0219557 secs] [Times: user=0.13 sys=0.00, real=0.02 secs] 
2020-09-29T17:44:52.286+0200: 19.004: [GC (Allocation Failure) [PSYoungGen: 639685K->36260K(645120K)] 660445K->57020K(2043392K), 0.0176070 secs] [Times: user=0.13 sys=0.00, real=0.02 secs] 
2020-09-29T17:44:52.355+0200: 19.074: [GC (Allocation Failure) [PSYoungGen: 625572K->37637K(643072K)] 646332K->58397K(2041344K), 0.0180404 secs] [Times: user=0.13 sys=0.00, real=0.02 secs] 
2020-09-29T17:44:52.428+0200: 19.146: [GC (Allocation Failure) [PSYoungGen: 626949K->23267K(645120K)] 647709K->44027K(2043392K), 0.0129401 secs] [Times: user=0.00 sys=0.00, real=0.01 secs] 
2020-09-29T17:44:52.492+0200: 19.211: [GC (Allocation Failure) [PSYoungGen: 615651K->27589K(645632K)] 636411K->48349K(2043904K), 0.0137569 secs] [Times: user=0.13 sys=0.00, real=0.01 secs] 
2020-09-29T17:44:52.557+0200: 19.275: [GC (Allocation Failure) [PSYoungGen: 619973K->31173K(647168K)] 640733K->51933K(2045440K), 0.0148930 secs] [Times: user=0.13 sys=0.00, real=0.02 secs] 
2020-09-29T17:44:52.630+0200: 19.348: [GC (Allocation Failure) [PSYoungGen: 625605K->51397K(646144K)] 646365K->72157K(2044416K), 0.0249280 secs] [Times: user=0.11 sys=0.00, real=0.02 secs] 
2020-09-29T17:44:52.705+0200: 19.424: [GC (Allocation Failure) [PSYoungGen: 645829K->44293K(636928K)] 666589K->65053K(2035200K), 0.0208175 secs] [Times: user=0.25 sys=0.00, real=0.02 secs] 
2020-09-29T17:44:52.776+0200: 19.494: [GC (Allocation Failure) [PSYoungGen: 628485K->26885K(641536K)] 649245K->47645K(2039808K), 0.0119331 secs] [Times: user=0.13 sys=0.00, real=0.01 secs] 
2020-09-29T17:44:52.845+0200: 19.564: [GC (Allocation Failure) [PSYoungGen: 611077K->36612K(643584K)] 631837K->57372K(2041856K), 0.0183080 secs] [Times: user=0.14 sys=0.00, real=0.02 secs] 
2020-09-29T17:44:52.915+0200: 19.633: [GC (Allocation Failure) [PSYoungGen: 623364K->17507K(642048K)] 644124K->38267K(2040320K), 0.0101610 secs] [Times: user=0.00 sys=0.00, real=0.02 secs] 
2020-09-29T17:44:52.995+0200: 19.713: [GC (Allocation Failure) [PSYoungGen: 604259K->43685K(639488K)] 625019K->64445K(2037760K), 0.0203952 secs] [Times: user=0.13 sys=0.00, real=0.02 secs] 
2020-09-29T17:44:53.064+0200: 19.783: [GC (Allocation Failure) [PSYoungGen: 626853K->38917K(641024K)] 647613K->59677K(2039296K), 0.0183817 secs] [Times: user=0.25 sys=0.00, real=0.02 secs] 
2020-09-29T17:44:53.133+0200: 19.851: [GC (Allocation Failure) [PSYoungGen: 622085K->47941K(636928K)] 642845K->68701K(2035200K), 0.0219450 secs] [Times: user=0.13 sys=0.00, real=0.02 secs] 
2020-09-29T17:44:53.207+0200: 19.925: [GC (Allocation Failure) [PSYoungGen: 628037K->25220K(639488K)] 648797K->45980K(2037760K), 0.0130549 secs] [Times: user=0.13 sys=0.00, real=0.01 secs] 
2020-09-29T17:44:53.272+0200: 19.990: [GC (Allocation Failure) [PSYoungGen: 605316K->44773K(637440K)] 626076K->65533K(2035712K), 0.0205776 secs] [Times: user=0.13 sys=0.00, real=0.02 secs] 
2020-09-29T17:44:53.343+0200: 20.061: [GC (Allocation Failure) [PSYoungGen: 622821K->33988K(638464K)] 643581K->54748K(2036736K), 0.0171249 secs] [Times: user=0.13 sys=0.00, real=0.02 secs] 
2020-09-29T17:44:53.410+0200: 20.129: [GC (Allocation Failure) [PSYoungGen: 612036K->37829K(642048K)] 632796K->58589K(2040320K), 0.0193778 secs] [Times: user=0.14 sys=0.00, real=0.02 secs] 
2020-09-29T17:44:53.480+0200: 20.199: [GC (Allocation Failure) [PSYoungGen: 621509K->33573K(640512K)] 642269K->54333K(2038784K), 0.0154370 secs] [Times: user=0.13 sys=0.00, real=0.02 secs] 
2020-09-29T17:44:53.552+0200: 20.270: [GC (Allocation Failure) [PSYoungGen: 617253K->26307K(644096K)] 638013K->47067K(2042368K), 0.0140246 secs] [Times: user=0.00 sys=0.00, real=0.01 secs] 
2020-09-29T17:44:53.618+0200: 20.336: [GC (Allocation Failure) [PSYoungGen: 615107K->23747K(643584K)] 635867K->44507K(2041856K), 0.0145410 secs] [Times: user=0.11 sys=0.00, real=0.01 secs] 
2020-09-29T17:44:53.684+0200: 20.402: [GC (Allocation Failure) [PSYoungGen: 612547K->24260K(644608K)] 633307K->45020K(2042880K), 0.0119219 secs] [Times: user=0.13 sys=0.00, real=0.01 secs] 
2020-09-29T17:44:53.749+0200: 20.467: [GC (Allocation Failure) [PSYoungGen: 614084K->39845K(644096K)] 634844K->60605K(2042368K), 0.0172991 secs] [Times: user=0.13 sys=0.00, real=0.02 secs] 
2020-09-29T17:44:53.816+0200: 20.535: [GC (Allocation Failure) [PSYoungGen: 629669K->13955K(641024K)] 650429K->34715K(2039296K), 0.0076745 secs] [Times: user=0.05 sys=0.00, real=0.01 secs] 
2020-09-29T17:44:53.874+0200: 20.592: [GC (Allocation Failure) [PSYoungGen: 600195K->25188K(642560K)] 620955K->45948K(2040832K), 0.0130627 secs] [Times: user=0.13 sys=0.00, real=0.01 secs] 
2020-09-29T17:44:53.939+0200: 20.657: [GC (Allocation Failure) [PSYoungGen: 611428K->35781K(644608K)] 632188K->56541K(2042880K), 0.0164764 secs] [Times: user=0.13 sys=0.00, real=0.02 secs] 
2020-09-29T17:44:54.009+0200: 20.728: [GC (Allocation Failure) [PSYoungGen: 625605K->23524K(644096K)] 646365K->44284K(2042368K), 0.0117113 secs] [Times: user=0.13 sys=0.00, real=0.01 secs] 
2020-09-29T17:44:54.075+0200: 20.793: [GC (Allocation Failure) [PSYoungGen: 613348K->23362K(646656K)] 634108K->44122K(2044928K), 0.0139491 secs] [Times: user=0.13 sys=0.00, real=0.01 secs] 
2020-09-29T17:44:54.139+0200: 20.858: [GC (Allocation Failure) [PSYoungGen: 616770K->14691K(645632K)] 637530K->35451K(2043904K), 0.0086936 secs] [Times: user=0.13 sys=0.00, real=0.01 secs] 
2020-09-29T17:44:54.209+0200: 20.927: [GC (Allocation Failure) [PSYoungGen: 608099K->33893K(646656K)] 628859K->54653K(2044928K), 0.0148532 secs] [Times: user=0.13 sys=0.00, real=0.01 secs] 
2020-09-29T17:44:54.276+0200: 20.994: [GC (Allocation Failure) [PSYoungGen: 627813K->39556K(633856K)] 648573K->60316K(2032128K), 0.0193985 secs] [Times: user=0.13 sys=0.00, real=0.02 secs] 
2020-09-29T17:44:54.350+0200: 21.068: [GC (Allocation Failure) [PSYoungGen: 633476K->45573K(637952K)] 654236K->66333K(2036224K), 0.0205696 secs] [Times: user=0.13 sys=0.00, real=0.02 secs] 
2020-09-29T17:44:54.422+0200: 21.141: [GC (Allocation Failure) [PSYoungGen: 629765K->25924K(641536K)] 650525K->46684K(2039808K), 0.0132829 secs] [Times: user=0.13 sys=0.00, real=0.01 secs] 
2020-09-29T17:44:54.491+0200: 21.209: [GC (Allocation Failure) [PSYoungGen: 610116K->35812K(643584K)] 630876K->56572K(2041856K), 0.0175658 secs] [Times: user=0.13 sys=0.00, real=0.02 secs] 
2020-09-29T17:44:54.560+0200: 21.279: [GC (Allocation Failure) [PSYoungGen: 623588K->49413K(637440K)] 644348K->70173K(2035712K), 0.0245744 secs] [Times: user=0.22 sys=0.00, real=0.03 secs] 
2020-09-29T17:44:54.636+0200: 21.355: [GC (Allocation Failure) [PSYoungGen: 637189K->35525K(641024K)] 657949K->56285K(2039296K), 0.0171205 secs] [Times: user=0.13 sys=0.00, real=0.02 secs] 
2020-09-29T17:44:54.707+0200: 21.425: [GC (Allocation Failure) [PSYoungGen: 617157K->42404K(639488K)] 637917K->63164K(2037760K), 0.0210202 secs] [Times: user=0.22 sys=0.00, real=0.02 secs] 
2020-09-29T17:44:54.781+0200: 21.500: [GC (Allocation Failure) [PSYoungGen: 624036K->49765K(633344K)] 644796K->70525K(2031616K), 0.0236323 secs] [Times: user=0.23 sys=0.00, real=0.02 secs] 
2020-09-29T17:44:54.856+0200: 21.574: [GC (Allocation Failure) [PSYoungGen: 624741K->21891K(636928K)] 645501K->42651K(2035200K), 0.0124779 secs] [Times: user=0.13 sys=0.00, real=0.01 secs] 
2020-09-29T17:44:54.918+0200: 21.637: [GC (Allocation Failure) [PSYoungGen: 596867K->36357K(639488K)] 617627K->57117K(2037760K), 0.0168189 secs] [Times: user=0.13 sys=0.00, real=0.02 secs] 
2020-09-29T17:44:54.986+0200: 21.704: [GC (Allocation Failure) [PSYoungGen: 614405K->40133K(637440K)] 635165K->60893K(2035712K), 0.0193166 secs] [Times: user=0.25 sys=0.00, real=0.02 secs] 
2020-09-29T17:44:55.054+0200: 21.773: [GC (Allocation Failure) [PSYoungGen: 618181K->57637K(628224K)] 638941K->78397K(2026496K), 0.0256170 secs] [Times: user=0.13 sys=0.00, real=0.03 secs] 
2020-09-29T17:44:55.129+0200: 21.847: [GC (Allocation Failure) [PSYoungGen: 626469K->38597K(633856K)] 647229K->59357K(2032128K), 0.0180886 secs] [Times: user=0.25 sys=0.00, real=0.02 secs] 
2020-09-29T17:44:55.196+0200: 21.914: [GC (Allocation Failure) [PSYoungGen: 607429K->33189K(637952K)] 628189K->53949K(2036224K), 0.0158775 secs] [Times: user=0.13 sys=0.00, real=0.02 secs] 
2020-09-29T17:44:55.261+0200: 21.979: [GC (Allocation Failure) [PSYoungGen: 608165K->20261K(635904K)] 628925K->41021K(2034176K), 0.0094733 secs] [Times: user=0.13 sys=0.00, real=0.01 secs] 
2020-09-29T17:44:55.322+0200: 22.040: [GC (Allocation Failure) [PSYoungGen: 595237K->34245K(639488K)] 615997K->55005K(2037760K), 0.0158883 secs] [Times: user=0.13 sys=0.00, real=0.02 secs] 
2020-09-29T17:44:55.391+0200: 22.110: [GC (Allocation Failure) [PSYoungGen: 612293K->38053K(637440K)] 633053K->58813K(2035712K), 0.0181331 secs] [Times: user=0.13 sys=0.00, real=0.02 secs] 
2020-09-29T17:44:55.464+0200: 22.183: [GC (Allocation Failure) [PSYoungGen: 616101K->41925K(641024K)] 636861K->62685K(2039296K), 0.0207905 secs] [Times: user=0.11 sys=0.00, real=0.02 secs] 
2020-09-29T17:44:55.535+0200: 22.254: [GC (Allocation Failure) [PSYoungGen: 625093K->37060K(641024K)] 645853K->57820K(2039296K), 0.0177341 secs] [Times: user=0.25 sys=0.00, real=0.02 secs] 
2020-09-29T17:44:55.604+0200: 22.322: [GC (Allocation Failure) [PSYoungGen: 620228K->29124K(643584K)] 640988K->49884K(2041856K), 0.0157769 secs] [Times: user=0.11 sys=0.00, real=0.02 secs] 
2020-09-29T17:44:55.672+0200: 22.391: [GC (Allocation Failure) [PSYoungGen: 616388K->41348K(642560K)] 637148K->62108K(2040832K), 0.0202792 secs] [Times: user=0.25 sys=0.00, real=0.02 secs] 
2020-09-29T17:44:55.742+0200: 22.460: [GC (Allocation Failure) [PSYoungGen: 628612K->40677K(643584K)] 649372K->61437K(2041856K), 0.0191619 secs] [Times: user=0.13 sys=0.00, real=0.02 secs] 
2020-09-29T17:44:55.811+0200: 22.530: [GC (Allocation Failure) [PSYoungGen: 628965K->27236K(643584K)] 649725K->47996K(2041856K), 0.0148439 secs] [Times: user=0.13 sys=0.00, real=0.01 secs] 
2020-09-29T17:44:55.876+0200: 22.594: [GC (Allocation Failure) [PSYoungGen: 615524K->41253K(643584K)] 636284K->62013K(2041856K), 0.0186549 secs] [Times: user=0.13 sys=0.00, real=0.02 secs] 
2020-09-29T17:44:55.947+0200: 22.666: [GC (Allocation Failure) [PSYoungGen: 629541K->26468K(643584K)] 650301K->47228K(2041856K), 0.0143518 secs] [Times: user=0.13 sys=0.00, real=0.01 secs] 
2020-09-29T17:44:56.011+0200: 22.730: [GC (Allocation Failure) [PSYoungGen: 614756K->11202K(638976K)] 635516K->31962K(2037248K), 0.0073647 secs] [Times: user=0.00 sys=0.00, real=0.01 secs] 
2020-09-29T17:44:56.068+0200: 22.787: [GC (Allocation Failure) [PSYoungGen: 595394K->34853K(641536K)] 616154K->55613K(2039808K), 0.0164930 secs] [Times: user=0.13 sys=0.00, real=0.02 secs] 
2020-09-29T17:44:56.136+0200: 22.854: [GC (Allocation Failure) [PSYoungGen: 619045K->31173K(645120K)] 639805K->51933K(2043392K), 0.0103306 secs] [Times: user=0.11 sys=0.00, real=0.01 secs] 
2020-09-29T17:44:56.197+0200: 22.915: [GC (Allocation Failure) [PSYoungGen: 620997K->31172K(643584K)] 641757K->51932K(2041856K), 0.0113934 secs] [Times: user=0.13 sys=0.00, real=0.01 secs] 
2020-09-29T17:44:56.259+0200: 22.977: [GC (Allocation Failure) [PSYoungGen: 620996K->46821K(640000K)] 641756K->67581K(2038272K), 0.0159609 secs] [Times: user=0.13 sys=0.00, real=0.02 secs] 
2020-09-29T17:44:56.326+0200: 23.044: [GC (Allocation Failure) [PSYoungGen: 635109K->47173K(635904K)] 655869K->67933K(2034176K), 0.0158470 secs] [Times: user=0.13 sys=0.00, real=0.02 secs] 
2020-09-29T17:44:56.391+0200: 23.110: [GC (Allocation Failure) [PSYoungGen: 635461K->29348K(642048K)] 656221K->50108K(2040320K), 0.0110643 secs] [Times: user=0.13 sys=0.00, real=0.01 secs] 
2020-09-29T17:44:56.452+0200: 23.171: [GC (Allocation Failure) [PSYoungGen: 613540K->39269K(641024K)] 634300K->60029K(2039296K), 0.0135429 secs] [Times: user=0.13 sys=0.00, real=0.01 secs] 
2020-09-29T17:44:56.517+0200: 23.235: [GC (Allocation Failure) [PSYoungGen: 623461K->35268K(644608K)] 644221K->56028K(2042880K), 0.0132322 secs] [Times: user=0.13 sys=0.00, real=0.01 secs] 
2020-09-29T17:44:56.581+0200: 23.300: [GC (Allocation Failure) [PSYoungGen: 623556K->19651K(642560K)] 644316K->40411K(2040832K), 0.0080034 secs] [Times: user=0.11 sys=0.00, real=0.01 secs] 
2020-09-29T17:44:56.641+0200: 23.359: [GC (Allocation Failure) [PSYoungGen: 607939K->45509K(638976K)] 628699K->66269K(2037248K), 0.0155556 secs] [Times: user=0.11 sys=0.00, real=0.01 secs] 
2020-09-29T17:44:56.706+0200: 23.425: [GC (Allocation Failure) [PSYoungGen: 629701K->41861K(641536K)] 650461K->62621K(2039808K), 0.0143777 secs] [Times: user=0.13 sys=0.00, real=0.01 secs] 
2020-09-29T17:44:56.770+0200: 23.489: [GC (Allocation Failure) [PSYoungGen: 626053K->22628K(640512K)] 646813K->43388K(2038784K), 0.0079317 secs] [Times: user=0.00 sys=0.00, real=0.01 secs] 
2020-09-29T17:44:56.828+0200: 23.547: [GC (Allocation Failure) [PSYoungGen: 605796K->31589K(641024K)] 626556K->52349K(2039296K), 0.0113156 secs] [Times: user=0.13 sys=0.00, real=0.01 secs] 
2020-09-29T17:44:56.889+0200: 23.608: [GC (Allocation Failure) [PSYoungGen: 614757K->40069K(643072K)] 635517K->60829K(2041344K), 0.0140626 secs] [Times: user=0.13 sys=0.00, real=0.02 secs] 
2020-09-29T17:44:56.955+0200: 23.673: [GC (Allocation Failure) [PSYoungGen: 627333K->39493K(643072K)] 648093K->60253K(2041344K), 0.0128975 secs] [Times: user=0.13 sys=0.00, real=0.01 secs] 
2020-09-29T17:44:57.024+0200: 23.743: [GC (Allocation Failure) [PSYoungGen: 626757K->51812K(634880K)] 647517K->72572K(2033152K), 0.0177584 secs] [Times: user=0.13 sys=0.00, real=0.02 secs] 
2020-09-29T17:44:57.091+0200: 23.810: [GC (Allocation Failure) [PSYoungGen: 630884K->14018K(593408K)] 651644K->34778K(1991680K), 0.0065099 secs] [Times: user=0.01 sys=0.00, real=0.01 secs] 
2020-09-29T17:44:57.147+0200: 23.866: [GC (Allocation Failure) [PSYoungGen: 593090K->31172K(639488K)] 613850K->51932K(2037760K), 0.0119711 secs] [Times: user=0.00 sys=0.00, real=0.01 secs] 
2020-09-29T17:44:57.208+0200: 23.927: [GC (Allocation Failure) [PSYoungGen: 609220K->34949K(637440K)] 629980K->55709K(2035712K), 0.0123683 secs] [Times: user=0.00 sys=0.00, real=0.01 secs] 
2020-09-29T17:44:57.271+0200: 23.990: [GC (Allocation Failure) [PSYoungGen: 612997K->38244K(642560K)] 633757K->59004K(2040832K), 0.0134673 secs] [Times: user=0.00 sys=0.00, real=0.01 secs] 
2020-09-29T17:44:57.335+0200: 24.053: [GC (Allocation Failure) [PSYoungGen: 623972K->33763K(642048K)] 644732K->54523K(2040320K), 0.0130166 secs] [Times: user=0.00 sys=0.01, real=0.01 secs] 
2020-09-29T17:44:57.398+0200: 24.117: [GC (Allocation Failure) [PSYoungGen: 619491K->45285K(640512K)] 640251K->66045K(2038784K), 0.0154976 secs] [Times: user=0.13 sys=0.00, real=0.02 secs] 
2020-09-29T17:44:57.464+0200: 24.183: [GC (Allocation Failure) [PSYoungGen: 631525K->43653K(630272K)] 652285K->64413K(2028544K), 0.0150515 secs] [Times: user=0.13 sys=0.00, real=0.02 secs] 
2020-09-29T17:44:57.531+0200: 24.250: [GC (Allocation Failure) [PSYoungGen: 629893K->27685K(642048K)] 650653K->48445K(2040320K), 0.0107158 secs] [Times: user=0.11 sys=0.00, real=0.01 secs] 
2020-09-29T17:44:57.594+0200: 24.313: [GC (Allocation Failure) [PSYoungGen: 612389K->38149K(641536K)] 633149K->58909K(2039808K), 0.0136236 secs] [Times: user=0.11 sys=0.00, real=0.01 secs] 
2020-09-29T17:44:57.661+0200: 24.379: [GC (Allocation Failure) [PSYoungGen: 622853K->34756K(645120K)] 643613K->55516K(2043392K), 0.0134476 secs] [Times: user=0.00 sys=0.02, real=0.01 secs] 
2020-09-29T17:44:57.724+0200: 24.443: [GC (Allocation Failure) [PSYoungGen: 624580K->36613K(643584K)] 645340K->57373K(2041856K), 0.0124684 secs] [Times: user=0.00 sys=0.00, real=0.01 secs] 
2020-09-29T17:44:57.788+0200: 24.506: [GC (Allocation Failure) [PSYoungGen: 626437K->22947K(645632K)] 647197K->43707K(2043904K), 0.0094002 secs] [Times: user=0.00 sys=0.00, real=0.01 secs] 
2020-09-29T17:44:57.848+0200: 24.567: [GC (Allocation Failure) [PSYoungGen: 616355K->42181K(635904K)] 637115K->62941K(2034176K), 0.0139448 secs] [Times: user=0.00 sys=0.00, real=0.01 secs] 
2020-09-29T17:44:57.912+0200: 24.631: [GC (Allocation Failure) [PSYoungGen: 635589K->47717K(638976K)] 656349K->68477K(2037248K), 0.0157053 secs] [Times: user=0.13 sys=0.00, real=0.02 secs] 
2020-09-29T17:44:57.979+0200: 24.698: [GC (Allocation Failure) [PSYoungGen: 632933K->30916K(642048K)] 653693K->51676K(2040320K), 0.0112424 secs] [Times: user=0.13 sys=0.00, real=0.01 secs] 
2020-09-29T17:44:58.040+0200: 24.759: [GC (Allocation Failure) [PSYoungGen: 616132K->26244K(643584K)] 636892K->47004K(2041856K), 0.0102165 secs] [Times: user=0.00 sys=0.00, real=0.01 secs] 
2020-09-29T17:44:58.101+0200: 24.820: [GC (Allocation Failure) [PSYoungGen: 614020K->38148K(643072K)] 634780K->58908K(2041344K), 0.0141179 secs] [Times: user=0.13 sys=0.00, real=0.01 secs] 
2020-09-29T17:44:58.165+0200: 24.884: [GC (Allocation Failure) [PSYoungGen: 625924K->23396K(643584K)] 646684K->44156K(2041856K), 0.0090670 secs] [Times: user=0.00 sys=0.00, real=0.01 secs] 
2020-09-29T17:44:58.227+0200: 24.946: [GC (Allocation Failure) [PSYoungGen: 612708K->23428K(644096K)] 633468K->44188K(2042368K), 0.0098287 secs] [Times: user=0.00 sys=0.00, real=0.01 secs] 
2020-09-29T17:44:58.290+0200: 25.009: [GC (Allocation Failure) [PSYoungGen: 612740K->52165K(634368K)] 633500K->72925K(2032640K), 0.0189970 secs] [Times: user=0.13 sys=0.00, real=0.02 secs] 
2020-09-29T17:44:58.362+0200: 25.081: [GC (Allocation Failure) [PSYoungGen: 632261K->30276K(639488K)] 653021K->51036K(2037760K), 0.0129869 secs] [Times: user=0.13 sys=0.00, real=0.02 secs] 
2020-09-29T17:44:58.432+0200: 25.151: [GC (Allocation Failure) [PSYoungGen: 610372K->36101K(643072K)] 631132K->56861K(2041344K), 0.0140495 secs] [Times: user=0.13 sys=0.00, real=0.01 secs] 
2020-09-29T17:44:58.496+0200: 25.215: [GC (Allocation Failure) [PSYoungGen: 621317K->33445K(641024K)] 642077K->54205K(2039296K), 0.0124401 secs] [Times: user=0.13 sys=0.00, real=0.01 secs] 
2020-09-29T17:44:58.560+0200: 25.279: [GC (Allocation Failure) [PSYoungGen: 618661K->14082K(641536K)] 639421K->34842K(2039808K), 0.0077200 secs] [Times: user=0.11 sys=0.00, real=0.01 secs] 
2020-09-29T17:44:58.619+0200: 25.338: [GC (Allocation Failure) [PSYoungGen: 601346K->27141K(643072K)] 622106K->47901K(2041344K), 0.0105485 secs] [Times: user=0.13 sys=0.00, real=0.01 secs] 
2020-09-29T17:44:58.680+0200: 25.399: [GC (Allocation Failure) [PSYoungGen: 614405K->40133K(642560K)] 635165K->60893K(2040832K), 0.0137254 secs] [Times: user=0.13 sys=0.00, real=0.01 secs] 
2020-09-29T17:44:58.744+0200: 25.463: [GC (Allocation Failure) [PSYoungGen: 628421K->40549K(629248K)] 649181K->61309K(2027520K), 0.0136777 secs] [Times: user=0.13 sys=0.00, real=0.01 secs] 
2020-09-29T17:44:58.808+0200: 25.527: [GC (Allocation Failure) [PSYoungGen: 628837K->40933K(642048K)] 649597K->61693K(2040320K), 0.0135545 secs] [Times: user=0.13 sys=0.00, real=0.01 secs] 
2020-09-29T17:44:58.872+0200: 25.591: [GC (Allocation Failure) [PSYoungGen: 627173K->39237K(642560K)] 647933K->59997K(2040832K), 0.0132414 secs] [Times: user=0.13 sys=0.00, real=0.01 secs] 
2020-09-29T17:44:58.935+0200: 25.654: [GC (Allocation Failure) [PSYoungGen: 625477K->8514K(637952K)] 646237K->29274K(2036224K), 0.0046658 secs] [Times: user=0.00 sys=0.00, real=0.01 secs] 
2020-09-29T17:44:58.996+0200: 25.715: [GC (Allocation Failure) [PSYoungGen: 590658K->30149K(640512K)] 611418K->50909K(2038784K), 0.0101998 secs] [Times: user=0.13 sys=0.00, real=0.01 secs] 
2020-09-29T17:44:59.058+0200: 25.777: [GC (Allocation Failure) [PSYoungGen: 612293K->37989K(643072K)] 633053K->58749K(2041344K), 0.0129076 secs] [Times: user=0.13 sys=0.00, real=0.01 secs] 
2020-09-29T17:44:59.123+0200: 25.842: [GC (Allocation Failure) [PSYoungGen: 624741K->50533K(637440K)] 645501K->71293K(2035712K), 0.0169393 secs] [Times: user=0.13 sys=0.00, real=0.02 secs] 
2020-09-29T17:44:59.190+0200: 25.909: [GC (Allocation Failure) [PSYoungGen: 637285K->35685K(640512K)] 658045K->56445K(2038784K), 0.0123573 secs] [Times: user=0.13 sys=0.00, real=0.01 secs] 
2020-09-29T17:44:59.252+0200: 25.971: [GC (Allocation Failure) [PSYoungGen: 615781K->41477K(638464K)] 636541K->62237K(2036736K), 0.0140438 secs] [Times: user=0.13 sys=0.00, real=0.01 secs] 
2020-09-29T17:44:59.316+0200: 26.035: [GC (Allocation Failure) [PSYoungGen: 621573K->33669K(642560K)] 642333K->54429K(2040832K), 0.0120010 secs] [Times: user=0.13 sys=0.00, real=0.01 secs] 
2020-09-29T17:44:59.378+0200: 26.097: [GC (Allocation Failure) [PSYoungGen: 617861K->29093K(640512K)] 638621K->49853K(2038784K), 0.0106238 secs] [Times: user=0.13 sys=0.00, real=0.01 secs] 
2020-09-29T17:44:59.439+0200: 26.158: [GC (Allocation Failure) [PSYoungGen: 613285K->38372K(644096K)] 634045K->59132K(2042368K), 0.0144069 secs] [Times: user=0.13 sys=0.00, real=0.02 secs] 
2020-09-29T17:44:59.504+0200: 26.223: [GC (Allocation Failure) [PSYoungGen: 627172K->38372K(643584K)] 647932K->59132K(2041856K), 0.0137289 secs] [Times: user=0.00 sys=0.00, real=0.01 secs] 
2020-09-29T17:44:59.570+0200: 26.289: [GC (Allocation Failure) [PSYoungGen: 627172K->39269K(645120K)] 647932K->60029K(2043392K), 0.0148524 secs] [Times: user=0.11 sys=0.00, real=0.02 secs] 
2020-09-29T17:44:59.638+0200: 26.357: [GC (Allocation Failure) [PSYoungGen: 630117K->40772K(644608K)] 650877K->61532K(2042880K), 0.0148454 secs] [Times: user=0.13 sys=0.00, real=0.02 secs] 
2020-09-29T17:44:59.703+0200: 26.422: [GC (Allocation Failure) [PSYoungGen: 631620K->42021K(644096K)] 652380K->62781K(2042368K), 0.0141236 secs] [Times: user=0.13 sys=0.00, real=0.01 secs] 
2020-09-29T17:44:59.768+0200: 26.487: [GC (Allocation Failure) [PSYoungGen: 632357K->30789K(644608K)] 653117K->51549K(2042880K), 0.0105318 secs] [Times: user=0.13 sys=0.00, real=0.01 secs] 
2020-09-29T17:44:59.829+0200: 26.548: [GC (Allocation Failure) [PSYoungGen: 621125K->33157K(646656K)] 641885K->53917K(2044928K), 0.0113764 secs] [Times: user=0.13 sys=0.00, real=0.01 secs] 
2020-09-29T17:44:59.891+0200: 26.610: [GC (Allocation Failure) [PSYoungGen: 626053K->51909K(645120K)] 646813K->72669K(2043392K), 0.0176230 secs] [Times: user=0.13 sys=0.00, real=0.02 secs] 
2020-09-29T17:44:59.961+0200: 26.680: [GC (Allocation Failure) [PSYoungGen: 644805K->29541K(640000K)] 665565K->50301K(2038272K), 0.0132628 secs] [Times: user=0.11 sys=0.00, real=0.01 secs] 
2020-09-29T17:45:00.029+0200: 26.748: [GC (Allocation Failure) [PSYoungGen: 615781K->41509K(642560K)] 636541K->62269K(2040832K), 0.0172420 secs] [Times: user=0.11 sys=0.00, real=0.02 secs] 
2020-09-29T17:45:00.100+0200: 26.819: [GC (Allocation Failure) [PSYoungGen: 627749K->39781K(643584K)] 648509K->60541K(2041856K), 0.0160080 secs] [Times: user=0.11 sys=0.00, real=0.02 secs] 
2020-09-29T17:45:00.170+0200: 26.889: [GC (Allocation Failure) [PSYoungGen: 627557K->39621K(643072K)] 648317K->60381K(2041344K), 0.0154618 secs] [Times: user=0.13 sys=0.00, real=0.01 secs] 
2020-09-29T17:45:00.238+0200: 26.956: [GC (Allocation Failure) [PSYoungGen: 627397K->38724K(646144K)] 648157K->59484K(2044416K), 0.0139235 secs] [Times: user=0.13 sys=0.00, real=0.01 secs] 
2020-09-29T17:45:00.302+0200: 27.021: [GC (Allocation Failure) [PSYoungGen: 630596K->42725K(644608K)] 651356K->63485K(2042880K), 0.0142550 secs] [Times: user=0.00 sys=0.00, real=0.01 secs] 
2020-09-29T17:45:00.368+0200: 27.086: [GC (Allocation Failure) [PSYoungGen: 634597K->32548K(646144K)] 655357K->53308K(2044416K), 0.0120542 secs] [Times: user=0.13 sys=0.00, real=0.01 secs] 
2020-09-29T17:45:00.430+0200: 27.149: [GC (Allocation Failure) [PSYoungGen: 625444K->37541K(645632K)] 646204K->58301K(2043904K), 0.0131331 secs] [Times: user=0.13 sys=0.00, real=0.01 secs] 
2020-09-29T17:45:00.495+0200: 27.214: [GC (Allocation Failure) [PSYoungGen: 630437K->24708K(645632K)] 651197K->45468K(2043904K), 0.0100327 secs] [Times: user=0.13 sys=0.00, real=0.01 secs] 
2020-09-29T17:45:00.556+0200: 27.275: [GC (Allocation Failure) [PSYoungGen: 619140K->31237K(646656K)] 639900K->51997K(2044928K), 0.0121875 secs] [Times: user=0.11 sys=0.00, real=0.01 secs] 
2020-09-29T17:45:00.622+0200: 27.341: [GC (Allocation Failure) [PSYoungGen: 625669K->37829K(648192K)] 646429K->58589K(2046464K), 0.0132820 secs] [Times: user=0.13 sys=0.00, real=0.01 secs] 
2020-09-29T17:45:00.687+0200: 27.406: [GC (Allocation Failure) [PSYoungGen: 634309K->46373K(643072K)] 655069K->67133K(2041344K), 0.0159970 secs] [Times: user=0.13 sys=0.00, real=0.02 secs] 
2020-09-29T17:45:00.754+0200: 27.473: [GC (Allocation Failure) [PSYoungGen: 642853K->39780K(646144K)] 663613K->60540K(2044416K), 0.0139109 secs] [Times: user=0.00 sys=0.00, real=0.01 secs] 
2020-09-29T17:45:00.819+0200: 27.538: [GC (Allocation Failure) [PSYoungGen: 632676K->44805K(637952K)] 653436K->65565K(2036224K), 0.0159366 secs] [Times: user=0.13 sys=0.00, real=0.02 secs] 
2020-09-29T17:45:00.885+0200: 27.604: [GC (Allocation Failure) [PSYoungGen: 637701K->20932K(642048K)] 658461K->41692K(2040320K), 0.0074656 secs] [Times: user=0.00 sys=0.00, real=0.01 secs] 
2020-09-29T17:45:00.943+0200: 27.662: [GC (Allocation Failure) [PSYoungGen: 609220K->34885K(643584K)] 629980K->55645K(2041856K), 0.0131775 secs] [Times: user=0.00 sys=0.00, real=0.01 secs] 
2020-09-29T17:45:01.007+0200: 27.726: [GC (Allocation Failure) [PSYoungGen: 623173K->34116K(646656K)] 643933K->54876K(2044928K), 0.0120957 secs] [Times: user=0.00 sys=0.00, real=0.01 secs] 
2020-09-29T17:45:01.071+0200: 27.790: [GC (Allocation Failure) [PSYoungGen: 627012K->38597K(645120K)] 647772K->59357K(2043392K), 0.0133419 secs] [Times: user=0.13 sys=0.00, real=0.01 secs] 
2020-09-29T17:45:01.137+0200: 27.855: [GC (Allocation Failure) [PSYoungGen: 630554K->39364K(647680K)] 651314K->60124K(2045952K), 0.0141701 secs] [Times: user=0.13 sys=0.00, real=0.01 secs] 
2020-09-29T17:45:01.202+0200: 27.920: [GC (Allocation Failure) [PSYoungGen: 635332K->47461K(643584K)] 656092K->68221K(2041856K), 0.0162514 secs] [Times: user=0.13 sys=0.00, real=0.02 secs] 
2020-09-29T17:45:01.270+0200: 27.988: [GC (Allocation Failure) [PSYoungGen: 643429K->27653K(645120K)] 664189K->48413K(2043392K), 0.0092188 secs] [Times: user=0.13 sys=0.00, real=0.01 secs] 
2020-09-29T17:45:01.331+0200: 28.049: [GC (Allocation Failure) [PSYoungGen: 619013K->28773K(645120K)] 639773K->49533K(2043392K), 0.0102478 secs] [Times: user=0.13 sys=0.00, real=0.01 secs] 
2020-09-29T17:45:01.393+0200: 28.111: [GC (Allocation Failure) [PSYoungGen: 620133K->30372K(646144K)] 640893K->51132K(2044416K), 0.0114056 secs] [Times: user=0.13 sys=0.00, real=0.01 secs] 
2020-09-29T17:45:01.457+0200: 28.175: [GC (Allocation Failure) [PSYoungGen: 622756K->48581K(641024K)] 643516K->69341K(2039296K), 0.0177835 secs] [Times: user=0.23 sys=0.00, real=0.02 secs] 
2020-09-29T17:45:01.528+0200: 28.246: [GC (Allocation Failure) [PSYoungGen: 640965K->39173K(644096K)] 661725K->59933K(2042368K), 0.0155420 secs] [Times: user=0.13 sys=0.00, real=0.01 secs] 
2020-09-29T17:45:01.598+0200: 28.316: [GC (Allocation Failure) [PSYoungGen: 627461K->53189K(641536K)] 648221K->73949K(2039808K), 0.0201219 secs] [Times: user=0.20 sys=0.00, real=0.02 secs] 
2020-09-29T17:45:01.672+0200: 28.390: [GC (Allocation Failure) [PSYoungGen: 641477K->53509K(631296K)] 662237K->74269K(2029568K), 0.0193596 secs] [Times: user=0.13 sys=0.00, real=0.02 secs] 
2020-09-29T17:45:01.741+0200: 28.459: [GC (Allocation Failure) [PSYoungGen: 627461K->38276K(636416K)] 648221K->59036K(2034688K), 0.0135954 secs] [Times: user=0.02 sys=0.00, real=0.01 secs] 
2020-09-29T17:45:01.804+0200: 28.522: [GC (Allocation Failure) [PSYoungGen: 612228K->37348K(640000K)] 632988K->58108K(2038272K), 0.0133273 secs] [Times: user=0.00 sys=0.00, real=0.01 secs] 
2020-09-29T17:45:01.867+0200: 28.585: [GC (Allocation Failure) [PSYoungGen: 616420K->28485K(637952K)] 637180K->49245K(2036224K), 0.0096317 secs] [Times: user=0.00 sys=0.00, real=0.01 secs] 
2020-09-29T17:45:01.926+0200: 28.644: [GC (Allocation Failure) [PSYoungGen: 607557K->47045K(636928K)] 628317K->67805K(2035200K), 0.0155570 secs] [Times: user=0.01 sys=0.00, real=0.02 secs] 
2020-09-29T17:45:01.993+0200: 28.711: [GC (Allocation Failure) [PSYoungGen: 625093K->22692K(601088K)] 645853K->43452K(1999360K), 0.0085296 secs] [Times: user=0.00 sys=0.00, real=0.01 secs] 
2020-09-29T17:45:02.051+0200: 28.769: [GC (Allocation Failure) [PSYoungGen: 600740K->38083K(640000K)] 621500K->58843K(2038272K), 0.0143008 secs] [Times: user=0.13 sys=0.00, real=0.01 secs] 
2020-09-29T17:45:02.114+0200: 28.832: [GC (Allocation Failure) [PSYoungGen: 617155K->27555K(637952K)] 637915K->48315K(2036224K), 0.0108108 secs] [Times: user=0.00 sys=0.00, real=0.01 secs] 
2020-09-29T17:45:02.175+0200: 28.893: [GC (Allocation Failure) [PSYoungGen: 606627K->32101K(641536K)] 627387K->52861K(2039808K), 0.0114074 secs] [Times: user=0.13 sys=0.00, real=0.01 secs] 
2020-09-29T17:45:02.236+0200: 28.954: [GC (Allocation Failure) [PSYoungGen: 615269K->27140K(640512K)] 636029K->47900K(2038784K), 0.0105779 secs] [Times: user=0.13 sys=0.00, real=0.01 secs] 
2020-09-29T17:45:02.297+0200: 29.015: [GC (Allocation Failure) [PSYoungGen: 610308K->35460K(644096K)] 631068K->56220K(2042368K), 0.0129801 secs] [Times: user=0.13 sys=0.00, real=0.01 secs] 
2020-09-29T17:45:02.365+0200: 29.083: [GC (Allocation Failure) [PSYoungGen: 622724K->34789K(642048K)] 643484K->55549K(2040320K), 0.0114642 secs] [Times: user=0.00 sys=0.00, real=0.01 secs] 
2020-09-29T17:45:02.430+0200: 29.148: [GC (Allocation Failure) [PSYoungGen: 622053K->33412K(647680K)] 642813K->54172K(2045952K), 0.0126711 secs] [Times: user=0.02 sys=0.00, real=0.01 secs] 
2020-09-29T17:45:02.494+0200: 29.212: [GC (Allocation Failure) [PSYoungGen: 628356K->40420K(646144K)] 649116K->61180K(2044416K), 0.0146549 secs] [Times: user=0.13 sys=0.00, real=0.02 secs] 
2020-09-29T17:45:02.559+0200: 29.277: [GC (Allocation Failure) [PSYoungGen: 635364K->18723K(644096K)] 656124K->39483K(2042368K), 0.0083635 secs] [Times: user=0.13 sys=0.00, real=0.01 secs] 
2020-09-29T17:45:02.621+0200: 29.339: [GC (Allocation Failure) [PSYoungGen: 611107K->36901K(645632K)] 631867K->57661K(2043904K), 0.0138497 secs] [Times: user=0.11 sys=0.00, real=0.01 secs] 
2020-09-29T17:45:02.685+0200: 29.404: [GC (Allocation Failure) [PSYoungGen: 629285K->27653K(647168K)] 650045K->48413K(2045440K), 0.0099319 secs] [Times: user=0.13 sys=0.00, real=0.01 secs] 
2020-09-29T17:45:02.747+0200: 29.466: [GC (Allocation Failure) [PSYoungGen: 622597K->34276K(646656K)] 643357K->55036K(2044928K), 0.0124977 secs] [Times: user=0.13 sys=0.00, real=0.01 secs] 
2020-09-29T17:45:02.811+0200: 29.530: [GC (Allocation Failure) [PSYoungGen: 629220K->27461K(649216K)] 649980K->48221K(2047488K), 0.0101116 secs] [Times: user=0.13 sys=0.00, real=0.01 secs] 
2020-09-29T17:45:02.873+0200: 29.591: [GC (Allocation Failure) [PSYoungGen: 626501K->23044K(648704K)] 647261K->43804K(2046976K), 0.0083725 secs] [Times: user=0.13 sys=0.00, real=0.01 secs] 
2020-09-29T17:45:02.932+0200: 29.651: [GC (Allocation Failure) [PSYoungGen: 622084K->47813K(641024K)] 642844K->68573K(2039296K), 0.0161984 secs] [Times: user=0.13 sys=0.00, real=0.02 secs] 
2020-09-29T17:45:03.000+0200: 29.719: [GC (Allocation Failure) [PSYoungGen: 639173K->51301K(643072K)] 659933K->72061K(2041344K), 0.0164985 secs] [Times: user=0.13 sys=0.00, real=0.02 secs] 
2020-09-29T17:45:03.067+0200: 29.786: [GC (Allocation Failure) [PSYoungGen: 642661K->27333K(640000K)] 663421K->48093K(2038272K), 0.0091264 secs] [Times: user=0.00 sys=0.00, real=0.01 secs] 
2020-09-29T17:45:03.126+0200: 29.844: [GC (Allocation Failure) [PSYoungGen: 611525K->36228K(641536K)] 632285K->56988K(2039808K), 0.0130342 secs] [Times: user=0.13 sys=0.00, real=0.01 secs] 
2020-09-29T17:45:03.191+0200: 29.909: [GC (Allocation Failure) [PSYoungGen: 620420K->16931K(641024K)] 641180K->37691K(2039296K), 0.0069945 secs] [Times: user=0.13 sys=0.00, real=0.01 secs] 
2020-09-29T17:45:03.248+0200: 29.967: [GC (Allocation Failure) [PSYoungGen: 602147K->27428K(642048K)] 622907K->48188K(2040320K), 0.0103532 secs] [Times: user=0.13 sys=0.00, real=0.01 secs] 
2020-09-29T17:45:03.314+0200: 30.033: [GC (Allocation Failure) [PSYoungGen: 612644K->36069K(644608K)] 633404K->56829K(2042880K), 0.0127547 secs] [Times: user=0.13 sys=0.00, real=0.01 secs] 
2020-09-29T17:45:03.378+0200: 30.097: [GC (Allocation Failure) [PSYoungGen: 625381K->51205K(641024K)] 646141K->71965K(2039296K), 0.0169347 secs] [Times: user=0.22 sys=0.00, real=0.02 secs] 
2020-09-29T17:45:03.445+0200: 30.164: [GC (Allocation Failure) [PSYoungGen: 640517K->38949K(640000K)] 661277K->59709K(2038272K), 0.0134614 secs] [Times: user=0.13 sys=0.00, real=0.01 secs] 
2020-09-29T17:45:03.509+0200: 30.228: [GC (Allocation Failure) [PSYoungGen: 621093K->33092K(640512K)] 641853K->53852K(2038784K), 0.0116445 secs] [Times: user=0.13 sys=0.00, real=0.01 secs] 
2020-09-29T17:45:03.571+0200: 30.289: [GC (Allocation Failure) [PSYoungGen: 615236K->54693K(632320K)] 635996K->75453K(2030592K), 0.0207616 secs] [Times: user=0.11 sys=0.00, real=0.02 secs] 
2020-09-29T17:45:03.642+0200: 30.361: [GC (Allocation Failure) [PSYoungGen: 630693K->42693K(637440K)] 651453K->63453K(2035712K), 0.0151535 secs] [Times: user=0.11 sys=0.00, real=0.02 secs] 
2020-09-29T17:45:03.707+0200: 30.425: [GC (Allocation Failure) [PSYoungGen: 618693K->15172K(635392K)] 639453K->35932K(2033664K), 0.0056097 secs] [Times: user=0.13 sys=0.00, real=0.00 secs] 
2020-09-29T17:45:03.762+0200: 30.481: [GC (Allocation Failure) [PSYoungGen: 589124K->42277K(636416K)] 609884K->63037K(2034688K), 0.0158218 secs] [Times: user=0.13 sys=0.00, real=0.02 secs] 
2020-09-29T17:45:03.827+0200: 30.546: [GC (Allocation Failure) [PSYoungGen: 616229K->41989K(636928K)] 636989K->62749K(2035200K), 0.0213767 secs] [Times: user=0.13 sys=0.00, real=0.02 secs] 
2020-09-29T17:45:03.897+0200: 30.616: [GC (Allocation Failure) [PSYoungGen: 616453K->28581K(636416K)] 637213K->49341K(2034688K), 0.0100989 secs] [Times: user=0.00 sys=0.00, real=0.01 secs] 
2020-09-29T17:45:03.957+0200: 30.676: [GC (Allocation Failure) [PSYoungGen: 603045K->42437K(637952K)] 623805K->63197K(2036224K), 0.0147857 secs] [Times: user=0.00 sys=0.00, real=0.01 secs] 
2020-09-29T17:45:04.021+0200: 30.740: [GC (Allocation Failure) [PSYoungGen: 619461K->30340K(637952K)] 640221K->51100K(2036224K), 0.0113843 secs] [Times: user=0.00 sys=0.00, real=0.01 secs] 
2020-09-29T17:45:04.084+0200: 30.802: [GC (Allocation Failure) [PSYoungGen: 607364K->46276K(636416K)] 628124K->67036K(2034688K), 0.0159656 secs] [Times: user=0.13 sys=0.00, real=0.02 secs] 
2020-09-29T17:45:04.149+0200: 30.868: [GC (Allocation Failure) [PSYoungGen: 623300K->47877K(625152K)] 644060K->68637K(2023424K), 0.0161017 secs] [Times: user=0.13 sys=0.00, real=0.02 secs] 
2020-09-29T17:45:04.216+0200: 30.935: [GC (Allocation Failure) [PSYoungGen: 624901K->36965K(638464K)] 645661K->57725K(2036736K), 0.0131231 secs] [Times: user=0.13 sys=0.00, real=0.01 secs] 
2020-09-29T17:45:04.281+0200: 30.999: [GC (Allocation Failure) [PSYoungGen: 612453K->24292K(635904K)] 633213K->45052K(2034176K), 0.0117035 secs] [Times: user=0.11 sys=0.00, real=0.01 secs] 
2020-09-29T17:45:04.345+0200: 31.064: [GC (Allocation Failure) [PSYoungGen: 599780K->52933K(631296K)] 620540K->73693K(2029568K), 0.0186116 secs] [Times: user=0.25 sys=0.00, real=0.02 secs] 
2020-09-29T17:45:04.415+0200: 31.134: [GC (Allocation Failure) [PSYoungGen: 623813K->49509K(620544K)] 644573K->70269K(2018816K), 0.0180293 secs] [Times: user=0.13 sys=0.00, real=0.02 secs] 
2020-09-29T17:45:04.484+0200: 31.203: [GC (Allocation Failure) [PSYoungGen: 620389K->30980K(634368K)] 641149K->51740K(2032640K), 0.0115941 secs] [Times: user=0.13 sys=0.00, real=0.01 secs] 
2020-09-29T17:45:04.545+0200: 31.264: [GC (Allocation Failure) [PSYoungGen: 599300K->25027K(632832K)] 620060K->45787K(2031104K), 0.0095320 secs] [Times: user=0.13 sys=0.00, real=0.01 secs] 
2020-09-29T17:45:04.605+0200: 31.324: [GC (Allocation Failure) [PSYoungGen: 593347K->32773K(636416K)] 614107K->53533K(2034688K), 0.0116765 secs] [Times: user=0.11 sys=0.00, real=0.01 secs] 
2020-09-29T17:45:04.667+0200: 31.386: [GC (Allocation Failure) [PSYoungGen: 604677K->44069K(634368K)] 625437K->64829K(2032640K), 0.0147437 secs] [Times: user=0.13 sys=0.00, real=0.01 secs] 
2020-09-29T17:45:04.730+0200: 31.449: [GC (Allocation Failure) [PSYoungGen: 615973K->41797K(636928K)] 636733K->62557K(2035200K), 0.0139684 secs] [Times: user=0.13 sys=0.00, real=0.01 secs] 
2020-09-29T17:45:04.795+0200: 31.514: [GC (Allocation Failure) [PSYoungGen: 616261K->41989K(636416K)] 637021K->62749K(2034688K), 0.0153296 secs] [Times: user=0.13 sys=0.00, real=0.01 secs] 
2020-09-29T17:45:04.859+0200: 31.578: [GC (Allocation Failure) [PSYoungGen: 616453K->42213K(638976K)] 637213K->62973K(2037248K), 0.0136402 secs] [Times: user=0.13 sys=0.00, real=0.01 secs] 
2020-09-29T17:45:04.924+0200: 31.643: [GC (Allocation Failure) [PSYoungGen: 620261K->32357K(637952K)] 641021K->53117K(2036224K), 0.0114294 secs] [Times: user=0.13 sys=0.00, real=0.01 secs] 
2020-09-29T17:45:04.987+0200: 31.706: [GC (Allocation Failure) [PSYoungGen: 610405K->49797K(634880K)] 631165K->70557K(2033152K), 0.0172613 secs] [Times: user=0.23 sys=0.00, real=0.02 secs] 
2020-09-29T17:45:05.054+0200: 31.773: [GC (Allocation Failure) [PSYoungGen: 625797K->37957K(637440K)] 646557K->58717K(2035712K), 0.0126545 secs] [Times: user=0.01 sys=0.00, real=0.01 secs] 
2020-09-29T17:45:05.117+0200: 31.836: [GC (Allocation Failure) [PSYoungGen: 613957K->25924K(639488K)] 634717K->46684K(2037760K), 0.0099379 secs] [Times: user=0.00 sys=0.00, real=0.01 secs] 
2020-09-29T17:45:05.176+0200: 31.895: [GC (Allocation Failure) [PSYoungGen: 606020K->45445K(625664K)] 626780K->66205K(2023936K), 0.0156731 secs] [Times: user=0.13 sys=0.00, real=0.02 secs] 
2020-09-29T17:45:05.256+0200: 31.974: [GC (Allocation Failure) [PSYoungGen: 625541K->37573K(640512K)] 646301K->58333K(2038784K), 0.0130056 secs] [Times: user=0.00 sys=0.00, real=0.01 secs] 
2020-09-29T17:45:05.318+0200: 32.036: [GC (Allocation Failure) [PSYoungGen: 617669K->14691K(638464K)] 638429K->35451K(2036736K), 0.0058908 secs] [Times: user=0.00 sys=0.00, real=0.01 secs] 
2020-09-29T17:45:05.374+0200: 32.092: [GC (Allocation Failure) [PSYoungGen: 594787K->47941K(634368K)] 615547K->68701K(2032640K), 0.0156958 secs] [Times: user=0.13 sys=0.00, real=0.02 secs] 
2020-09-29T17:45:05.439+0200: 32.157: [GC (Allocation Failure) [PSYoungGen: 621893K->33957K(636416K)] 642653K->54717K(2034688K), 0.0116234 secs] [Times: user=0.13 sys=0.00, real=0.01 secs] 
2020-09-29T17:45:05.500+0200: 32.218: [GC (Allocation Failure) [PSYoungGen: 607909K->45860K(636416K)] 628669K->66620K(2034688K), 0.0174458 secs] [Times: user=0.11 sys=0.00, real=0.02 secs] 
2020-09-29T17:45:05.568+0200: 32.286: [GC (Allocation Failure) [PSYoungGen: 621860K->47621K(624128K)] 642620K->68381K(2022400K), 0.0177211 secs] [Times: user=0.09 sys=0.00, real=0.02 secs] 
2020-09-29T17:45:05.637+0200: 32.355: [GC (Allocation Failure) [PSYoungGen: 623621K->35781K(637952K)] 644381K->56541K(2036224K), 0.0124030 secs] [Times: user=0.13 sys=0.00, real=0.01 secs] 
2020-09-29T17:45:05.699+0200: 32.417: [GC (Allocation Failure) [PSYoungGen: 611269K->36965K(636416K)] 632029K->57725K(2034688K), 0.0124280 secs] [Times: user=0.13 sys=0.00, real=0.01 secs] 
2020-09-29T17:45:05.761+0200: 32.479: [GC (Allocation Failure) [PSYoungGen: 612453K->38245K(642048K)] 633213K->59005K(2040320K), 0.0129992 secs] [Times: user=0.13 sys=0.00, real=0.01 secs] 
2020-09-29T17:45:05.825+0200: 32.543: [GC (Allocation Failure) [PSYoungGen: 621413K->33188K(640000K)] 642173K->53948K(2038272K), 0.0133019 secs] [Times: user=0.13 sys=0.00, real=0.01 secs] 
2020-09-29T17:45:05.888+0200: 32.606: [GC (Allocation Failure) [PSYoungGen: 616356K->12770K(637952K)] 637116K->33530K(2036224K), 0.0058789 secs] [Times: user=0.00 sys=0.00, real=0.01 secs] 
2020-09-29T17:45:05.943+0200: 32.661: [GC (Allocation Failure) [PSYoungGen: 594914K->34437K(640512K)] 615674K->55197K(2038784K), 0.0118571 secs] [Times: user=0.00 sys=0.00, real=0.01 secs] 
2020-09-29T17:45:06.005+0200: 32.723: [GC (Allocation Failure) [PSYoungGen: 616581K->28517K(643584K)] 637341K->49277K(2041856K), 0.0097094 secs] [Times: user=0.00 sys=0.00, real=0.01 secs] 
2020-09-29T17:45:06.065+0200: 32.783: [GC (Allocation Failure) [PSYoungGen: 615781K->41381K(642560K)] 636541K->62141K(2040832K), 0.0145306 secs] [Times: user=0.13 sys=0.00, real=0.01 secs] 
2020-09-29T17:45:06.130+0200: 32.848: [GC (Allocation Failure) [PSYoungGen: 628645K->39524K(643584K)] 649405K->60284K(2041856K), 0.0145116 secs] [Times: user=0.00 sys=0.00, real=0.01 secs] 
2020-09-29T17:45:06.195+0200: 32.913: [GC (Allocation Failure) [PSYoungGen: 627300K->38084K(643072K)] 648060K->58844K(2041344K), 0.0130602 secs] [Times: user=0.13 sys=0.00, real=0.01 secs] 
2020-09-29T17:45:06.258+0200: 32.976: [GC (Allocation Failure) [PSYoungGen: 625860K->51557K(636416K)] 646620K->72317K(2034688K), 0.0168323 secs] [Times: user=0.13 sys=0.00, real=0.02 secs] 
2020-09-29T17:45:06.325+0200: 33.043: [GC (Allocation Failure) [PSYoungGen: 633701K->32101K(640512K)] 654461K->52861K(2038784K), 0.0110182 secs] [Times: user=0.13 sys=0.00, real=0.01 secs] 
2020-09-29T17:45:06.386+0200: 33.104: [GC (Allocation Failure) [PSYoungGen: 614245K->38948K(643072K)] 635005K->59708K(2041344K), 0.0141223 secs] [Times: user=0.13 sys=0.00, real=0.01 secs] 
2020-09-29T17:45:06.450+0200: 33.168: [GC (Allocation Failure) [PSYoungGen: 624676K->35684K(641536K)] 645436K->56444K(2039808K), 0.0127542 secs] [Times: user=0.13 sys=0.00, real=0.01 secs] 
2020-09-29T17:45:06.513+0200: 33.231: [GC (Allocation Failure) [PSYoungGen: 621412K->47141K(640512K)] 642172K->67901K(2038784K), 0.0153527 secs] [Times: user=0.13 sys=0.00, real=0.02 secs] 
2020-09-29T17:45:06.580+0200: 33.298: [GC (Allocation Failure) [PSYoungGen: 633381K->45541K(631808K)] 654141K->66301K(2030080K), 0.0173745 secs] [Times: user=0.11 sys=0.00, real=0.02 secs] 
2020-09-29T17:45:06.648+0200: 33.366: [GC (Allocation Failure) [PSYoungGen: 631781K->27204K(641536K)] 652541K->47964K(2039808K), 0.0098197 secs] [Times: user=0.00 sys=0.00, real=0.01 secs] 
2020-09-29T17:45:06.708+0200: 33.426: [GC (Allocation Failure) [PSYoungGen: 611396K->35268K(641536K)] 632156K->56028K(2039808K), 0.0127814 secs] [Times: user=0.00 sys=0.00, real=0.01 secs] 
2020-09-29T17:45:06.771+0200: 33.489: [GC (Allocation Failure) [PSYoungGen: 619460K->29093K(643584K)] 640220K->49853K(2041856K), 0.0103820 secs] [Times: user=0.00 sys=0.00, real=0.01 secs] 
2020-09-29T17:45:06.831+0200: 33.549: [GC (Allocation Failure) [PSYoungGen: 616869K->28420K(643072K)] 637629K->49180K(2041344K), 0.0104619 secs] [Times: user=0.13 sys=0.00, real=0.01 secs] 
2020-09-29T17:45:06.893+0200: 33.611: [GC (Allocation Failure) [PSYoungGen: 616196K->41957K(643072K)] 636956K->62717K(2041344K), 0.0145368 secs] [Times: user=0.13 sys=0.00, real=0.02 secs] 
2020-09-29T17:45:06.958+0200: 33.676: [GC (Allocation Failure) [PSYoungGen: 630245K->25795K(643584K)] 651005K->46555K(2041856K), 0.0104670 secs] [Times: user=0.00 sys=0.00, real=0.01 secs] 
2020-09-29T17:45:07.019+0200: 33.737: [GC (Allocation Failure) [PSYoungGen: 614083K->37957K(644608K)] 634843K->58717K(2042880K), 0.0128456 secs] [Times: user=0.13 sys=0.00, real=0.01 secs] 
2020-09-29T17:45:07.082+0200: 33.800: [GC (Allocation Failure) [PSYoungGen: 627269K->25220K(643584K)] 648029K->45980K(2041856K), 0.0097637 secs] [Times: user=0.13 sys=0.00, real=0.01 secs] 
2020-09-29T17:45:07.142+0200: 33.860: [GC (Allocation Failure) [PSYoungGen: 614532K->26565K(645120K)] 635292K->47325K(2043392K), 0.0101781 secs] [Times: user=0.13 sys=0.00, real=0.01 secs] 
2020-09-29T17:45:07.203+0200: 33.921: [GC (Allocation Failure) [PSYoungGen: 617413K->43237K(634368K)] 638173K->63997K(2032640K), 0.0140875 secs] [Times: user=0.13 sys=0.00, real=0.01 secs] 
2020-09-29T17:45:07.268+0200: 33.986: [GC (Allocation Failure) [PSYoungGen: 634085K->31204K(645120K)] 654845K->51964K(2043392K), 0.0112602 secs] [Times: user=0.13 sys=0.00, real=0.01 secs] 
2020-09-29T17:45:07.330+0200: 34.048: [GC (Allocation Failure) [PSYoungGen: 621028K->46853K(636928K)] 641788K->67613K(2035200K), 0.0156978 secs] [Times: user=0.13 sys=0.00, real=0.02 secs] 
2020-09-29T17:45:07.398+0200: 34.116: [GC (Allocation Failure) [PSYoungGen: 636677K->35045K(644608K)] 657437K->55805K(2042880K), 0.0123755 secs] [Times: user=0.00 sys=0.00, real=0.01 secs] 
2020-09-29T17:45:07.461+0200: 34.179: [GC (Allocation Failure) [PSYoungGen: 623333K->31588K(642560K)] 644093K->52348K(2040832K), 0.0121114 secs] [Times: user=0.00 sys=0.00, real=0.01 secs] 
2020-09-29T17:45:07.524+0200: 34.242: [GC (Allocation Failure) [PSYoungGen: 619876K->45669K(641536K)] 640636K->66429K(2039808K), 0.0149817 secs] [Times: user=0.13 sys=0.00, real=0.02 secs] 
2020-09-29T17:45:07.590+0200: 34.308: [GC (Allocation Failure) [PSYoungGen: 633957K->16003K(604672K)] 654717K->36763K(2002944K), 0.0070400 secs] [Times: user=0.00 sys=0.00, real=0.01 secs] 
2020-09-29T17:45:07.649+0200: 34.367: [GC (Allocation Failure) [PSYoungGen: 604291K->42692K(640000K)] 625051K->63452K(2038272K), 0.0152705 secs] [Times: user=0.13 sys=0.00, real=0.02 secs] 
2020-09-29T17:45:07.714+0200: 34.432: [GC (Allocation Failure) [PSYoungGen: 625860K->37701K(641024K)] 646620K->58461K(2039296K), 0.0134323 secs] [Times: user=0.13 sys=0.00, real=0.01 secs] 
2020-09-29T17:45:07.777+0200: 34.495: [GC (Allocation Failure) [PSYoungGen: 620869K->30404K(643584K)] 641629K->51164K(2041856K), 0.0111295 secs] [Times: user=0.13 sys=0.00, real=0.01 secs] 
2020-09-29T17:45:07.839+0200: 34.557: [GC (Allocation Failure) [PSYoungGen: 617156K->42372K(642048K)] 637916K->63132K(2040320K), 0.0153067 secs] [Times: user=0.13 sys=0.00, real=0.02 secs] 
2020-09-29T17:45:07.906+0200: 34.624: [GC (Allocation Failure) [PSYoungGen: 629124K->41189K(642560K)] 649884K->61949K(2040832K), 0.0143909 secs] [Times: user=0.13 sys=0.00, real=0.02 secs] 
2020-09-29T17:45:07.979+0200: 34.697: [GC (Allocation Failure) [PSYoungGen: 627429K->53253K(640000K)] 648189K->74013K(2038272K), 0.0176680 secs] [Times: user=0.13 sys=0.00, real=0.02 secs] 
2020-09-29T17:45:08.048+0200: 34.766: [GC (Allocation Failure) [PSYoungGen: 639493K->51621K(630784K)] 660253K->72381K(2029056K), 0.0174923 secs] [Times: user=0.13 sys=0.00, real=0.02 secs] 
2020-09-29T17:45:08.114+0200: 34.832: [GC (Allocation Failure) [PSYoungGen: 623525K->35236K(635392K)] 644285K->55996K(2033664K), 0.0131181 secs] [Times: user=0.00 sys=0.00, real=0.01 secs] 
2020-09-29T17:45:08.176+0200: 34.894: [GC (Allocation Failure) [PSYoungGen: 607140K->46565K(635392K)] 627900K->67325K(2033664K), 0.0147927 secs] [Times: user=0.13 sys=0.00, real=0.01 secs] 
2020-09-29T17:45:08.239+0200: 34.957: [GC (Allocation Failure) [PSYoungGen: 620517K->18917K(592896K)] 641277K->39677K(1991168K), 0.0061220 secs] [Times: user=0.00 sys=0.00, real=0.01 secs] 
2020-09-29T17:45:08.296+0200: 35.014: [GC (Allocation Failure) [PSYoungGen: 592869K->46021K(634368K)] 613629K->66781K(2032640K), 0.0157183 secs] [Times: user=0.13 sys=0.00, real=0.02 secs] 
2020-09-29T17:45:08.361+0200: 35.079: [GC (Allocation Failure) [PSYoungGen: 616901K->56389K(627712K)] 637661K->77149K(2025984K), 0.0192716 secs] [Times: user=0.25 sys=0.00, real=0.02 secs] 
2020-09-29T17:45:08.429+0200: 35.147: [GC (Allocation Failure) [PSYoungGen: 627269K->22756K(629760K)] 648029K->43516K(2028032K), 0.0081027 secs] [Times: user=0.00 sys=0.00, real=0.01 secs] 
2020-09-29T17:45:08.485+0200: 35.203: [GC (Allocation Failure) [PSYoungGen: 584420K->21188K(630272K)] 605180K->41948K(2028544K), 0.0086211 secs] [Times: user=0.13 sys=0.00, real=0.01 secs] 
2020-09-29T17:45:08.542+0200: 35.261: [GC (Allocation Failure) [PSYoungGen: 582852K->21348K(631296K)] 603612K->42108K(2029568K), 0.0095803 secs] [Times: user=0.00 sys=0.00, real=0.01 secs] 
2020-09-29T17:45:08.602+0200: 35.320: [GC (Allocation Failure) [PSYoungGen: 584036K->23172K(630272K)] 604796K->43932K(2028544K), 0.0096915 secs] [Times: user=0.00 sys=0.00, real=0.01 secs] 
2020-09-29T17:45:08.661+0200: 35.379: [GC (Allocation Failure) [PSYoungGen: 585860K->25253K(633856K)] 606620K->46013K(2032128K), 0.0094533 secs] [Times: user=0.00 sys=0.00, real=0.01 secs] 
2020-09-29T17:45:08.719+0200: 35.438: [GC (Allocation Failure) [PSYoungGen: 592549K->31460K(632320K)] 613309K->52220K(2030592K), 0.0111407 secs] [Times: user=0.13 sys=0.00, real=0.01 secs] 
2020-09-29T17:45:08.779+0200: 35.497: [GC (Allocation Failure) [PSYoungGen: 598756K->35075K(638976K)] 619516K->55835K(2037248K), 0.0128879 secs] [Times: user=0.13 sys=0.00, real=0.01 secs] 
2020-09-29T17:45:08.841+0200: 35.559: [GC (Allocation Failure) [PSYoungGen: 612099K->36324K(636928K)] 632859K->57084K(2035200K), 0.0133837 secs] [Times: user=0.13 sys=0.00, real=0.01 secs] 
2020-09-29T17:45:08.904+0200: 35.622: [GC (Allocation Failure) [PSYoungGen: 613348K->39109K(641024K)] 634108K->59869K(2039296K), 0.0153084 secs] [Times: user=0.13 sys=0.00, real=0.02 secs] 
2020-09-29T17:45:08.970+0200: 35.688: [GC (Allocation Failure) [PSYoungGen: 621765K->47589K(630272K)] 642525K->68349K(2028544K), 0.0156662 secs] [Times: user=0.13 sys=0.00, real=0.01 secs] 
2020-09-29T17:45:09.035+0200: 35.753: [GC (Allocation Failure) [PSYoungGen: 630245K->41444K(638464K)] 651005K->62204K(2036736K), 0.0145583 secs] [Times: user=0.13 sys=0.00, real=0.01 secs] 
2020-09-29T17:45:09.099+0200: 35.817: [GC (Allocation Failure) [PSYoungGen: 618980K->31045K(637952K)] 639740K->51805K(2036224K), 0.0102324 secs] [Times: user=0.00 sys=0.00, real=0.01 secs] 
2020-09-29T17:45:09.162+0200: 35.880: [GC (Allocation Failure) [PSYoungGen: 608581K->34309K(642048K)] 629341K->55069K(2040320K), 0.0123174 secs] [Times: user=0.00 sys=0.00, real=0.01 secs] 
2020-09-29T17:45:09.227+0200: 35.945: [GC (Allocation Failure) [PSYoungGen: 617477K->29220K(640000K)] 638237K->49980K(2038272K), 0.0122066 secs] [Times: user=0.13 sys=0.00, real=0.01 secs] 
2020-09-29T17:45:09.293+0200: 36.011: [GC (Allocation Failure) [PSYoungGen: 612388K->51749K(634880K)] 633148K->72509K(2033152K), 0.0183387 secs] [Times: user=0.13 sys=0.00, real=0.02 secs] 
2020-09-29T17:45:09.361+0200: 36.079: [GC (Allocation Failure) [PSYoungGen: 630821K->28580K(638976K)] 651581K->49340K(2037248K), 0.0113352 secs] [Times: user=0.13 sys=0.00, real=0.01 secs] 
2020-09-29T17:45:09.422+0200: 36.140: [GC (Allocation Failure) [PSYoungGen: 607652K->32036K(641536K)] 628412K->52796K(2039808K), 0.0117293 secs] [Times: user=0.13 sys=0.00, real=0.01 secs] 
2020-09-29T17:45:09.483+0200: 36.201: [GC (Allocation Failure) [PSYoungGen: 614692K->23972K(640000K)] 635452K->44732K(2038272K), 0.0087190 secs] [Times: user=0.13 sys=0.00, real=0.01 secs] 
2020-09-29T17:45:09.543+0200: 36.261: [GC (Allocation Failure) [PSYoungGen: 606628K->30627K(643584K)] 627388K->51387K(2041856K), 0.0119016 secs] [Times: user=0.13 sys=0.00, real=0.01 secs] 
2020-09-29T17:45:09.608+0200: 36.326: [GC (Allocation Failure) [PSYoungGen: 617379K->29477K(642048K)] 638139K->50237K(2040320K), 0.0113068 secs] [Times: user=0.11 sys=0.00, real=0.01 secs] 
2020-09-29T17:45:09.673+0200: 36.391: [GC (Allocation Failure) [PSYoungGen: 616229K->28357K(646144K)] 636989K->49117K(2044416K), 0.0093351 secs] [Times: user=0.13 sys=0.00, real=0.01 secs] 
2020-09-29T17:45:09.732+0200: 36.451: [GC (Allocation Failure) [PSYoungGen: 620741K->32100K(645120K)] 641501K->52860K(2043392K), 0.0110883 secs] [Times: user=0.13 sys=0.00, real=0.01 secs] 
2020-09-29T17:45:09.795+0200: 36.513: [GC (Allocation Failure) [PSYoungGen: 624484K->36581K(648192K)] 645244K->57341K(2046464K), 0.0127506 secs] [Times: user=0.13 sys=0.00, real=0.01 secs] 
2020-09-29T17:45:09.859+0200: 36.577: [GC (Allocation Failure) [PSYoungGen: 633573K->45669K(643072K)] 654333K->66429K(2041344K), 0.0158521 secs] [Times: user=0.13 sys=0.00, real=0.02 secs] 
2020-09-29T17:45:09.925+0200: 36.644: [GC (Allocation Failure) [PSYoungGen: 642661K->27461K(646144K)] 663421K->48221K(2044416K), 0.0104058 secs] [Times: user=0.11 sys=0.00, real=0.01 secs] 
2020-09-29T17:45:09.989+0200: 36.707: [GC (Allocation Failure) [PSYoungGen: 620357K->32356K(645632K)] 641117K->53116K(2043904K), 0.0117388 secs] [Times: user=0.00 sys=0.00, real=0.01 secs] 
2020-09-29T17:45:10.051+0200: 36.770: [GC (Allocation Failure) [PSYoungGen: 625252K->37317K(648192K)] 646012K->58077K(2046464K), 0.0130078 secs] [Times: user=0.13 sys=0.00, real=0.01 secs] 
2020-09-29T17:45:10.116+0200: 36.834: [GC (Allocation Failure) [PSYoungGen: 634309K->32773K(647680K)] 655069K->53533K(2045952K), 0.0115302 secs] [Times: user=0.00 sys=0.00, real=0.01 secs] 
2020-09-29T17:45:10.178+0200: 36.897: [GC (Allocation Failure) [PSYoungGen: 629765K->49125K(636416K)] 650525K->76205K(2034688K), 0.0192686 secs] [Times: user=0.13 sys=0.00, real=0.02 secs] 
2020-09-29T17:45:10.248+0200: 36.966: [GC (Allocation Failure) [PSYoungGen: 636389K->38565K(643072K)] 663469K->65645K(2041344K), 0.0135775 secs] [Times: user=0.13 sys=0.00, real=0.01 secs] 
2020-09-29T17:45:10.312+0200: 37.031: [GC (Allocation Failure) [PSYoungGen: 625829K->37893K(645120K)] 652909K->64973K(2043392K), 0.0131130 secs] [Times: user=0.13 sys=0.00, real=0.01 secs] 
2020-09-29T17:45:10.376+0200: 37.095: [GC (Allocation Failure) [PSYoungGen: 628229K->26116K(644096K)] 655309K->53196K(2042368K), 0.0098444 secs] [Times: user=0.13 sys=0.00, real=0.01 secs] 
2020-09-29T17:45:10.437+0200: 37.155: [GC (Allocation Failure) [PSYoungGen: 616452K->42213K(644096K)] 643532K->69293K(2042368K), 0.0141525 secs] [Times: user=0.13 sys=0.00, real=0.01 secs] 
2020-09-29T17:45:10.502+0200: 37.220: [GC (Allocation Failure) [PSYoungGen: 632549K->44645K(635392K)] 659629K->71725K(2033664K), 0.0151958 secs] [Times: user=0.13 sys=0.00, real=0.01 secs] 
2020-09-29T17:45:10.570+0200: 37.288: [GC (Allocation Failure) [PSYoungGen: 634981K->32453K(644096K)] 662061K->59533K(2042368K), 0.0145755 secs] [Times: user=0.11 sys=0.00, real=0.02 secs] 
2020-09-29T17:45:10.639+0200: 37.357: [GC (Allocation Failure) [PSYoungGen: 620741K->32773K(643072K)] 647821K->59853K(2041344K), 0.0133754 secs] [Times: user=0.11 sys=0.00, real=0.01 secs] 
2020-09-29T17:45:10.705+0200: 37.423: [GC (Allocation Failure) [PSYoungGen: 621061K->17028K(642560K)] 648141K->44108K(2040832K), 0.0071609 secs] [Times: user=0.11 sys=0.00, real=0.01 secs] 
2020-09-29T17:45:10.766+0200: 37.484: [GC (Allocation Failure) [PSYoungGen: 606340K->43556K(633344K)] 633420K->70636K(2031616K), 0.0173441 secs] [Times: user=0.11 sys=0.00, real=0.02 secs] 
2020-09-29T17:45:10.835+0200: 37.554: [GC (Allocation Failure) [PSYoungGen: 632868K->31075K(644096K)] 659948K->58155K(2042368K), 0.0121231 secs] [Times: user=0.00 sys=0.00, real=0.01 secs] 
2020-09-29T17:45:10.901+0200: 37.619: [GC (Allocation Failure) [PSYoungGen: 618851K->12707K(600576K)] 645931K->39787K(1998848K), 0.0068779 secs] [Times: user=0.00 sys=0.00, real=0.01 secs] 
2020-09-29T17:45:10.961+0200: 37.679: [GC (Allocation Failure) [PSYoungGen: 600483K->24195K(643072K)] 627563K->51275K(2041344K), 0.0121982 secs] [Times: user=0.00 sys=0.00, real=0.01 secs] 
2020-09-29T17:45:11.025+0200: 37.743: [GC (Allocation Failure) [PSYoungGen: 610435K->36261K(642048K)] 637515K->63341K(2040320K), 0.0122743 secs] [Times: user=0.13 sys=0.00, real=0.01 secs] 
2020-09-29T17:45:11.088+0200: 37.806: [GC (Allocation Failure) [PSYoungGen: 622501K->34565K(645120K)] 649581K->61645K(2043392K), 0.0135408 secs] [Times: user=0.11 sys=0.00, real=0.01 secs] 
2020-09-29T17:45:11.153+0200: 37.871: [GC (Allocation Failure) [PSYoungGen: 624389K->36228K(643584K)] 651469K->63308K(2041856K), 0.0132072 secs] [Times: user=0.13 sys=0.00, real=0.01 secs] 
2020-09-29T17:45:11.217+0200: 37.935: [GC (Allocation Failure) [PSYoungGen: 626052K->37604K(646144K)] 653132K->64684K(2044416K), 0.0135704 secs] [Times: user=0.13 sys=0.00, real=0.01 secs] 
2020-09-29T17:45:11.281+0200: 37.999: [GC (Allocation Failure) [PSYoungGen: 630500K->25988K(645632K)] 657580K->53068K(2043904K), 0.0097269 secs] [Times: user=0.13 sys=0.00, real=0.01 secs] 
2020-09-29T17:45:11.343+0200: 38.061: [GC (Allocation Failure) [PSYoungGen: 618884K->29027K(648192K)] 645964K->56107K(2046464K), 0.0112429 secs] [Times: user=0.13 sys=0.00, real=0.01 secs] 
2020-09-29T17:45:11.406+0200: 38.124: [GC (Allocation Failure) [PSYoungGen: 624995K->23172K(646656K)] 652075K->50252K(2044928K), 0.0096525 secs] [Times: user=0.13 sys=0.00, real=0.01 secs] 
2020-09-29T17:45:11.468+0200: 38.186: [GC (Allocation Failure) [PSYoungGen: 619140K->29188K(649728K)] 646220K->56268K(2048000K), 0.0112175 secs] [Times: user=0.13 sys=0.00, real=0.01 secs] 
2020-09-29T17:45:11.531+0200: 38.249: [GC (Allocation Failure) [PSYoungGen: 628228K->49125K(648192K)] 655308K->80989K(2046464K), 0.0188435 secs] [Times: user=0.13 sys=0.00, real=0.02 secs] 
2020-09-29T17:45:11.603+0200: 38.321: [GC (Allocation Failure) [PSYoungGen: 648165K->37797K(638976K)] 680029K->69661K(2037248K), 0.0142259 secs] [Times: user=0.11 sys=0.00, real=0.01 secs] 
2020-09-29T17:45:11.669+0200: 38.387: [GC (Allocation Failure) [PSYoungGen: 626085K->21796K(643584K)] 657949K->53660K(2041856K), 0.0086996 secs] [Times: user=0.13 sys=0.00, real=0.01 secs] 
2020-09-29T17:45:11.727+0200: 38.446: [GC (Allocation Failure) [PSYoungGen: 610084K->18308K(643072K)] 641948K->50172K(2041344K), 0.0068625 secs] [Times: user=0.00 sys=0.00, real=0.01 secs] 
2020-09-29T17:45:11.784+0200: 38.503: [GC (Allocation Failure) [PSYoungGen: 606596K->32197K(643584K)] 638460K->64061K(2041856K), 0.0111232 secs] [Times: user=0.13 sys=0.00, real=0.01 secs] 
2020-09-29T17:45:11.846+0200: 38.564: [GC (Allocation Failure) [PSYoungGen: 620485K->32549K(647168K)] 652349K->64413K(2045440K), 0.0117237 secs] [Times: user=0.13 sys=0.00, real=0.01 secs] 
2020-09-29T17:45:11.909+0200: 38.627: [GC (Allocation Failure) [PSYoungGen: 626469K->24933K(645632K)] 658333K->56797K(2043904K), 0.0086904 secs] [Times: user=0.13 sys=0.00, real=0.01 secs] 
2020-09-29T17:45:11.970+0200: 38.688: [GC (Allocation Failure) [PSYoungGen: 618853K->15843K(647168K)] 650717K->47707K(2045440K), 0.0065646 secs] [Times: user=0.13 sys=0.00, real=0.01 secs] 
2020-09-29T17:45:12.032+0200: 38.750: [GC (Allocation Failure) [PSYoungGen: 612323K->38085K(634880K)] 644187K->69949K(2033152K), 0.0151733 secs] [Times: user=0.11 sys=0.00, real=0.01 secs] 
2020-09-29T17:45:12.098+0200: 38.816: [GC (Allocation Failure) [PSYoungGen: 634565K->45956K(639488K)] 666429K->77820K(2037760K), 0.0159878 secs] [Times: user=0.14 sys=0.00, real=0.02 secs] 
2020-09-29T17:45:12.164+0200: 38.882: [GC (Allocation Failure) [PSYoungGen: 633220K->16900K(604672K)] 665084K->48764K(2002944K), 0.0059406 secs] [Times: user=0.00 sys=0.00, real=0.01 secs] 
2020-09-29T17:45:12.220+0200: 38.938: [GC (Allocation Failure) [PSYoungGen: 604164K->29860K(645120K)] 636028K->61724K(2043392K), 0.0107752 secs] [Times: user=0.13 sys=0.00, real=0.01 secs] 
2020-09-29T17:45:12.281+0200: 38.999: [GC (Allocation Failure) [PSYoungGen: 618660K->44357K(642560K)] 650524K->76221K(2040832K), 0.0151982 secs] [Times: user=0.13 sys=0.00, real=0.02 secs] 
2020-09-29T17:45:12.347+0200: 39.065: [GC (Allocation Failure) [PSYoungGen: 633157K->45253K(637440K)] 665021K->77117K(2035712K), 0.0154172 secs] [Times: user=0.13 sys=0.00, real=0.02 secs] 
2020-09-29T17:45:12.413+0200: 39.131: [GC (Allocation Failure) [PSYoungGen: 626373K->24837K(640000K)] 658237K->56701K(2038272K), 0.0091617 secs] [Times: user=0.00 sys=0.00, real=0.01 secs] 
2020-09-29T17:45:12.471+0200: 39.189: [GC (Allocation Failure) [PSYoungGen: 605957K->43620K(637952K)] 637821K->75484K(2036224K), 0.0153783 secs] [Times: user=0.13 sys=0.00, real=0.02 secs] 
2020-09-29T17:45:12.536+0200: 39.254: [GC (Allocation Failure) [PSYoungGen: 623716K->21539K(639488K)] 655580K->53403K(2037760K), 0.0091866 secs] [Times: user=0.00 sys=0.00, real=0.01 secs] 
2020-09-29T17:45:12.600+0200: 39.318: [GC (Allocation Failure) [PSYoungGen: 601635K->27428K(641536K)] 633499K->59292K(2039808K), 0.0100561 secs] [Times: user=0.00 sys=0.00, real=0.01 secs] 
2020-09-29T17:45:12.662+0200: 39.380: [GC (Allocation Failure) [PSYoungGen: 610084K->49541K(632320K)] 641948K->81405K(2030592K), 0.0165982 secs] [Times: user=0.13 sys=0.00, real=0.02 secs] 
2020-09-29T17:45:12.729+0200: 39.447: [GC (Allocation Failure) [PSYoungGen: 632197K->29604K(640000K)] 664061K->61468K(2038272K), 0.0109453 secs] [Times: user=0.13 sys=0.00, real=0.01 secs] 
2020-09-29T17:45:12.789+0200: 39.507: [GC (Allocation Failure) [PSYoungGen: 608164K->33028K(637440K)] 640028K->64892K(2035712K), 0.0125615 secs] [Times: user=0.00 sys=0.02, real=0.01 secs] 
2020-09-29T17:45:12.851+0200: 39.569: [GC (Allocation Failure) [PSYoungGen: 611588K->32708K(644608K)] 643452K->64572K(2042880K), 0.0121212 secs] [Times: user=0.00 sys=0.00, real=0.01 secs] 
2020-09-29T17:45:12.915+0200: 39.634: [GC (Allocation Failure) [PSYoungGen: 620996K->33125K(642560K)] 652860K->64989K(2040832K), 0.0121051 secs] [Times: user=0.13 sys=0.00, real=0.01 secs] 
2020-09-29T17:45:12.979+0200: 39.697: [GC (Allocation Failure) [PSYoungGen: 621413K->33028K(648704K)] 653277K->64892K(2046976K), 0.0120758 secs] [Times: user=0.13 sys=0.00, real=0.01 secs] 
2020-09-29T17:45:13.043+0200: 39.762: [GC (Allocation Failure) [PSYoungGen: 629508K->41605K(646656K)] 661372K->73469K(2044928K), 0.0154418 secs] [Times: user=0.13 sys=0.00, real=0.02 secs] 
2020-09-29T17:45:13.110+0200: 39.828: [GC (Allocation Failure) [PSYoungGen: 638085K->34660K(648704K)] 669949K->66524K(2046976K), 0.0128748 secs] [Times: user=0.13 sys=0.00, real=0.01 secs] 
2020-09-29T17:45:13.174+0200: 39.892: [GC (Allocation Failure) [PSYoungGen: 631652K->14018K(611328K)] 663516K->45882K(2009600K), 0.0064261 secs] [Times: user=0.13 sys=0.00, real=0.01 secs] 
2020-09-29T17:45:13.234+0200: 39.952: [GC (Allocation Failure) [PSYoungGen: 611010K->36741K(647168K)] 642874K->68605K(2045440K), 0.0144240 secs] [Times: user=0.13 sys=0.00, real=0.01 secs] 
2020-09-29T17:45:13.302+0200: 40.020: [GC (Allocation Failure) [PSYoungGen: 631685K->30085K(646656K)] 663549K->61949K(2044928K), 0.0126245 secs] [Times: user=0.00 sys=0.00, real=0.01 secs] 
2020-09-29T17:45:13.371+0200: 40.089: [GC (Allocation Failure) [PSYoungGen: 625029K->21923K(648704K)] 656893K->53787K(2046976K), 0.0099050 secs] [Times: user=0.13 sys=0.00, real=0.01 secs] 
2020-09-29T17:45:13.434+0200: 40.153: [GC (Allocation Failure) [PSYoungGen: 620451K->32293K(648704K)] 652315K->64157K(2046976K), 0.0117424 secs] [Times: user=0.13 sys=0.00, real=0.01 secs] 
2020-09-29T17:45:13.497+0200: 40.215: [GC (Allocation Failure) [PSYoungGen: 630821K->15107K(648192K)] 662685K->46971K(2046464K), 0.0066458 secs] [Times: user=0.00 sys=0.00, real=0.01 secs] 
2020-09-29T17:45:13.555+0200: 40.273: [GC (Allocation Failure) [PSYoungGen: 614659K->26725K(649216K)] 646523K->58589K(2047488K), 0.0087376 secs] [Times: user=0.00 sys=0.00, real=0.01 secs] 
2020-09-29T17:45:13.620+0200: 40.338: [GC (Allocation Failure) [PSYoungGen: 626277K->36932K(648704K)] 658141K->68796K(2046976K), 0.0137044 secs] [Times: user=0.13 sys=0.00, real=0.01 secs] 
2020-09-29T17:45:13.685+0200: 40.403: [GC (Allocation Failure) [PSYoungGen: 637508K->35236K(649728K)] 669372K->67100K(2048000K), 0.0129882 secs] [Times: user=0.13 sys=0.00, real=0.01 secs] 
2020-09-29T17:45:13.749+0200: 40.467: [GC (Allocation Failure) [PSYoungGen: 635812K->47973K(640512K)] 667676K->79837K(2038784K), 0.0164433 secs] [Times: user=0.13 sys=0.00, real=0.02 secs] 
2020-09-29T17:45:13.817+0200: 40.535: [GC (Allocation Failure) [PSYoungGen: 639333K->37701K(645120K)] 671197K->69565K(2043392K), 0.0125672 secs] [Times: user=0.00 sys=0.00, real=0.01 secs] 
2020-09-29T17:45:13.880+0200: 40.599: [GC (Allocation Failure) [PSYoungGen: 629061K->27525K(646144K)] 660925K->59389K(2044416K), 0.0092522 secs] [Times: user=0.00 sys=0.00, real=0.01 secs] 
2020-09-29T17:45:13.944+0200: 40.662: [GC (Allocation Failure) [PSYoungGen: 619909K->31973K(645120K)] 651773K->63837K(2043392K), 0.0109251 secs] [Times: user=0.00 sys=0.00, real=0.01 secs] 
2020-09-29T17:45:14.006+0200: 40.725: [GC (Allocation Failure) [PSYoungGen: 624357K->36003K(648704K)] 656221K->67867K(2046976K), 0.0136492 secs] [Times: user=0.13 sys=0.00, real=0.01 secs] 
2020-09-29T17:45:14.072+0200: 40.790: [GC (Allocation Failure) [PSYoungGen: 634019K->30724K(648192K)] 665883K->62588K(2046464K), 0.0120574 secs] [Times: user=0.13 sys=0.00, real=0.01 secs] 
2020-09-29T17:45:14.135+0200: 40.853: [GC (Allocation Failure) [PSYoungGen: 628740K->25316K(650240K)] 660604K->57180K(2048512K), 0.0093998 secs] [Times: user=0.02 sys=0.00, real=0.01 secs] 
2020-09-29T17:45:14.199+0200: 40.917: [GC (Allocation Failure) [PSYoungGen: 626916K->48613K(650240K)] 658780K->84421K(2048512K), 0.0185050 secs] [Times: user=0.13 sys=0.00, real=0.02 secs] 
2020-09-29T17:45:14.269+0200: 40.987: [GC (Allocation Failure) [PSYoungGen: 650213K->10467K(634880K)] 686021K->46275K(2033152K), 0.0046102 secs] [Times: user=0.13 sys=0.00, real=0.00 secs] 
2020-09-29T17:45:14.329+0200: 41.047: [GC (Allocation Failure) [PSYoungGen: 596707K->49797K(636416K)] 632515K->85605K(2034688K), 0.0164533 secs] [Times: user=0.13 sys=0.00, real=0.02 secs] 
2020-09-29T17:45:14.396+0200: 41.114: [GC (Allocation Failure) [PSYoungGen: 636037K->46532K(633856K)] 671845K->82340K(2032128K), 0.0164139 secs] [Times: user=0.13 sys=0.00, real=0.02 secs] 
2020-09-29T17:45:14.462+0200: 41.180: [GC (Allocation Failure) [PSYoungGen: 619460K->30852K(635904K)] 655268K->66660K(2034176K), 0.0114468 secs] [Times: user=0.00 sys=0.00, real=0.01 secs] 
2020-09-29T17:45:14.522+0200: 41.240: [GC (Allocation Failure) [PSYoungGen: 603780K->28100K(639488K)] 639588K->63908K(2037760K), 0.0103640 secs] [Times: user=0.00 sys=0.00, real=0.01 secs] 
2020-09-29T17:45:14.583+0200: 41.301: [GC (Allocation Failure) [PSYoungGen: 606660K->32453K(637952K)] 642468K->68261K(2036224K), 0.0117685 secs] [Times: user=0.00 sys=0.00, real=0.01 secs] 
2020-09-29T17:45:14.646+0200: 41.364: [GC (Allocation Failure) [PSYoungGen: 611013K->35908K(643584K)] 646821K->71716K(2041856K), 0.0137205 secs] [Times: user=0.00 sys=0.00, real=0.01 secs] 
2020-09-29T17:45:14.710+0200: 41.428: [GC (Allocation Failure) [PSYoungGen: 622660K->33796K(642048K)] 658468K->69604K(2040320K), 0.0125147 secs] [Times: user=0.00 sys=0.00, real=0.01 secs] 
2020-09-29T17:45:14.773+0200: 41.491: [GC (Allocation Failure) [PSYoungGen: 620548K->32645K(647168K)] 656356K->68453K(2045440K), 0.0123093 secs] [Times: user=0.00 sys=0.05, real=0.01 secs] 
2020-09-29T17:45:14.837+0200: 41.555: [GC (Allocation Failure) [PSYoungGen: 626565K->38629K(645632K)] 662373K->74437K(2043904K), 0.0134258 secs] [Times: user=0.13 sys=0.00, real=0.01 secs] 
2020-09-29T17:45:14.902+0200: 41.620: [GC (Allocation Failure) [PSYoungGen: 632549K->44356K(643072K)] 668357K->80164K(2041344K), 0.0153685 secs] [Times: user=0.13 sys=0.00, real=0.02 secs] 
2020-09-29T17:45:14.968+0200: 41.687: [GC (Allocation Failure) [PSYoungGen: 635716K->34053K(645120K)] 671524K->69861K(2043392K), 0.0121742 secs] [Times: user=0.13 sys=0.00, real=0.01 secs] 
2020-09-29T17:45:15.031+0200: 41.750: [GC (Allocation Failure) [PSYoungGen: 625413K->37573K(647680K)] 661221K->73381K(2045952K), 0.0127928 secs] [Times: user=0.13 sys=0.00, real=0.01 secs] 
2020-09-29T17:45:15.098+0200: 41.816: [GC (Allocation Failure) [PSYoungGen: 633029K->45093K(641024K)] 668837K->80901K(2039296K), 0.0168396 secs] [Times: user=0.13 sys=0.00, real=0.02 secs] 
2020-09-29T17:45:15.166+0200: 41.885: [GC (Allocation Failure) [PSYoungGen: 640549K->38981K(646144K)] 676357K->74789K(2044416K), 0.0130684 secs] [Times: user=0.13 sys=0.00, real=0.01 secs] 
2020-09-29T17:45:15.230+0200: 41.949: [GC (Allocation Failure) [PSYoungGen: 631877K->43780K(636928K)] 667685K->79588K(2035200K), 0.0153845 secs] [Times: user=0.13 sys=0.00, real=0.02 secs] 
2020-09-29T17:45:15.296+0200: 42.015: [GC (Allocation Failure) [PSYoungGen: 636676K->33477K(646144K)] 672484K->69285K(2044416K), 0.0114899 secs] [Times: user=0.13 sys=0.00, real=0.01 secs] 
2020-09-29T17:45:15.358+0200: 42.076: [GC (Allocation Failure) [PSYoungGen: 625861K->37989K(645120K)] 661669K->73797K(2043392K), 0.0126578 secs] [Times: user=0.13 sys=0.00, real=0.01 secs] 
2020-09-29T17:45:15.428+0200: 42.146: [GC (Allocation Failure) [PSYoungGen: 630373K->27555K(647168K)] 666181K->63363K(2045440K), 0.0107653 secs] [Times: user=0.00 sys=0.00, real=0.01 secs] 
2020-09-29T17:45:15.490+0200: 42.208: [GC (Allocation Failure) [PSYoungGen: 623011K->48773K(644608K)] 658819K->84581K(2042880K), 0.0163611 secs] [Times: user=0.13 sys=0.00, real=0.02 secs] 
2020-09-29T17:45:15.557+0200: 42.276: [GC (Allocation Failure) [PSYoungGen: 644229K->28548K(643584K)] 680037K->64356K(2041856K), 0.0111952 secs] [Times: user=0.13 sys=0.00, real=0.01 secs] 
2020-09-29T17:45:15.622+0200: 42.341: [GC (Allocation Failure) [PSYoungGen: 617860K->42340K(631808K)] 653668K->78148K(2030080K), 0.0167875 secs] [Times: user=0.11 sys=0.00, real=0.02 secs] 
2020-09-29T17:45:15.690+0200: 42.408: [GC (Allocation Failure) [PSYoungGen: 631652K->42244K(643584K)] 667460K->78052K(2041856K), 0.0151011 secs] [Times: user=0.11 sys=0.00, real=0.01 secs] 
2020-09-29T17:45:15.755+0200: 42.474: [GC (Allocation Failure) [PSYoungGen: 630532K->28101K(643584K)] 666340K->63909K(2041856K), 0.0103873 secs] [Times: user=0.00 sys=0.00, real=0.01 secs] 
2020-09-29T17:45:15.818+0200: 42.536: [GC (Allocation Failure) [PSYoungGen: 616389K->28421K(644096K)] 652197K->64229K(2042368K), 0.0102818 secs] [Times: user=0.00 sys=0.00, real=0.01 secs] 
2020-09-29T17:45:15.882+0200: 42.600: [GC (Allocation Failure) [PSYoungGen: 617221K->41925K(643584K)] 653029K->77733K(2041856K), 0.0168578 secs] [Times: user=0.13 sys=0.00, real=0.02 secs] 
2020-09-29T17:45:15.952+0200: 42.670: [GC (Allocation Failure) [PSYoungGen: 630725K->40900K(644096K)] 666533K->76708K(2042368K), 0.0158747 secs] [Times: user=0.13 sys=0.00, real=0.02 secs] 
2020-09-29T17:45:16.020+0200: 42.738: [GC (Allocation Failure) [PSYoungGen: 629700K->41701K(643584K)] 665508K->77509K(2041856K), 0.0141500 secs] [Times: user=0.00 sys=0.00, real=0.01 secs] 
2020-09-29T17:45:16.084+0200: 42.803: [GC (Allocation Failure) [PSYoungGen: 630501K->42661K(643072K)] 666309K->78469K(2041344K), 0.0146379 secs] [Times: user=0.13 sys=0.00, real=0.02 secs] 
2020-09-29T17:45:16.157+0200: 42.875: [GC (Allocation Failure) [PSYoungGen: 630949K->28164K(643584K)] 666757K->63972K(2041856K), 0.0106239 secs] [Times: user=0.13 sys=0.00, real=0.01 secs] 
2020-09-29T17:45:16.217+0200: 42.936: [GC (Allocation Failure) [PSYoungGen: 616452K->28035K(644096K)] 652260K->63843K(2042368K), 0.0108268 secs] [Times: user=0.13 sys=0.00, real=0.01 secs] 
2020-09-29T17:45:16.278+0200: 42.997: [GC (Allocation Failure) [PSYoungGen: 616835K->42597K(643584K)] 652643K->78405K(2041856K), 0.0146582 secs] [Times: user=0.13 sys=0.00, real=0.01 secs] 
2020-09-29T17:45:16.344+0200: 43.062: [GC (Allocation Failure) [PSYoungGen: 631397K->43461K(642560K)] 667205K->79269K(2040832K), 0.0147578 secs] [Times: user=0.13 sys=0.00, real=0.01 secs] 
2020-09-29T17:45:16.409+0200: 43.127: [GC (Allocation Failure) [PSYoungGen: 630725K->25956K(613376K)] 666533K->61764K(2011648K), 0.0094639 secs] [Times: user=0.13 sys=0.00, real=0.01 secs] 
2020-09-29T17:45:16.469+0200: 43.187: [GC (Allocation Failure) [PSYoungGen: 613220K->38949K(643584K)] 649028K->74757K(2041856K), 0.0132209 secs] [Times: user=0.13 sys=0.00, real=0.01 secs] 
2020-09-29T17:45:16.532+0200: 43.251: [GC (Allocation Failure) [PSYoungGen: 626213K->38373K(642560K)] 662021K->74181K(2040832K), 0.0133944 secs] [Times: user=0.13 sys=0.00, real=0.01 secs] 
2020-09-29T17:45:16.597+0200: 43.315: [GC (Allocation Failure) [PSYoungGen: 625637K->37701K(646144K)] 661445K->73509K(2044416K), 0.0141268 secs] [Times: user=0.11 sys=0.00, real=0.01 secs] 
2020-09-29T17:45:16.664+0200: 43.383: [GC (Allocation Failure) [PSYoungGen: 629573K->52709K(644608K)] 665381K->91077K(2042880K), 0.0187990 secs] [Times: user=0.13 sys=0.00, real=0.02 secs] 
2020-09-29T17:45:16.733+0200: 43.452: [GC (Allocation Failure) [PSYoungGen: 644581K->45669K(635392K)] 682949K->84037K(2033664K), 0.0151434 secs] [Times: user=0.13 sys=0.00, real=0.01 secs] 
2020-09-29T17:45:16.798+0200: 43.517: [GC (Allocation Failure) [PSYoungGen: 626789K->38468K(640000K)] 665157K->76836K(2038272K), 0.0138394 secs] [Times: user=0.13 sys=0.00, real=0.01 secs] 
2020-09-29T17:45:16.862+0200: 43.581: [GC (Allocation Failure) [PSYoungGen: 619588K->45317K(641024K)] 657956K->83685K(2039296K), 0.0155688 secs] [Times: user=0.13 sys=0.00, real=0.02 secs] 
2020-09-29T17:45:16.928+0200: 43.646: [GC (Allocation Failure) [PSYoungGen: 629509K->55269K(639488K)] 667877K->93637K(2037760K), 0.0179247 secs] [Times: user=0.13 sys=0.00, real=0.02 secs] 
2020-09-29T17:45:16.997+0200: 43.716: [GC (Allocation Failure) [PSYoungGen: 639461K->36548K(637440K)] 677829K->74916K(2035712K), 0.0135941 secs] [Times: user=0.13 sys=0.00, real=0.01 secs] 
2020-09-29T17:45:17.061+0200: 43.779: [GC (Allocation Failure) [PSYoungGen: 614596K->40036K(638464K)] 652964K->78404K(2036736K), 0.0143474 secs] [Times: user=0.13 sys=0.00, real=0.01 secs] 
2020-09-29T17:45:17.125+0200: 43.843: [GC (Allocation Failure) [PSYoungGen: 618084K->28644K(639488K)] 656452K->67012K(2037760K), 0.0113101 secs] [Times: user=0.13 sys=0.00, real=0.01 secs] 
2020-09-29T17:45:17.187+0200: 43.905: [GC (Allocation Failure) [PSYoungGen: 609764K->35493K(640000K)] 648132K->73861K(2038272K), 0.0135722 secs] [Times: user=0.11 sys=0.00, real=0.01 secs] 
2020-09-29T17:45:17.250+0200: 43.968: [GC (Allocation Failure) [PSYoungGen: 616613K->28677K(641536K)] 654981K->67045K(2039808K), 0.0105405 secs] [Times: user=0.13 sys=0.00, real=0.01 secs] 
2020-09-29T17:45:17.311+0200: 44.030: [GC (Allocation Failure) [PSYoungGen: 612357K->37604K(641024K)] 650725K->75972K(2039296K), 0.0138024 secs] [Times: user=0.13 sys=0.00, real=0.01 secs] 
2020-09-29T17:45:17.375+0200: 44.094: [GC (Allocation Failure) [PSYoungGen: 621284K->47045K(640000K)] 659652K->85413K(2038272K), 0.0162884 secs] [Times: user=0.13 sys=0.00, real=0.02 secs] 
2020-09-29T17:45:17.442+0200: 44.160: [GC (Allocation Failure) [PSYoungGen: 631237K->43268K(641536K)] 669605K->81636K(2039808K), 0.0157784 secs] [Times: user=0.02 sys=0.00, real=0.02 secs] 
2020-09-29T17:45:17.515+0200: 44.234: [GC (Allocation Failure) [PSYoungGen: 627460K->39044K(643584K)] 665828K->77412K(2041856K), 0.0137402 secs] [Times: user=0.13 sys=0.00, real=0.01 secs] 
2020-09-29T17:45:17.582+0200: 44.301: [GC (Allocation Failure) [PSYoungGen: 625284K->37413K(641536K)] 663652K->75781K(2039808K), 0.0144552 secs] [Times: user=0.11 sys=0.00, real=0.01 secs] 
2020-09-29T17:45:17.652+0200: 44.370: [GC (Allocation Failure) [PSYoungGen: 623653K->49413K(640512K)] 662021K->87781K(2038784K), 0.0164667 secs] [Times: user=0.13 sys=0.00, real=0.02 secs] 
2020-09-29T17:45:17.719+0200: 44.438: [GC (Allocation Failure) [PSYoungGen: 635653K->47749K(634368K)] 674021K->86117K(2032640K), 0.0159684 secs] [Times: user=0.13 sys=0.00, real=0.02 secs] 
2020-09-29T17:45:17.786+0200: 44.505: [GC (Allocation Failure) [PSYoungGen: 633989K->17058K(636928K)] 672357K->55426K(2035200K), 0.0086201 secs] [Times: user=0.00 sys=0.00, real=0.01 secs] 
2020-09-29T17:45:17.845+0200: 44.563: [GC (Allocation Failure) [PSYoungGen: 596130K->21860K(601088K)] 634498K->60228K(1999360K), 0.0084868 secs] [Times: user=0.13 sys=0.00, real=0.01 secs] 
2020-09-29T17:45:17.902+0200: 44.621: [GC (Allocation Failure) [PSYoungGen: 600932K->40453K(638976K)] 639300K->78821K(2037248K), 0.0142135 secs] [Times: user=0.13 sys=0.00, real=0.02 secs] 
2020-09-29T17:45:17.967+0200: 44.685: [GC (Allocation Failure) [PSYoungGen: 618501K->44164K(637952K)] 656869K->82532K(2036224K), 0.0157860 secs] [Times: user=0.13 sys=0.00, real=0.02 secs] 
2020-09-29T17:45:18.032+0200: 44.750: [GC (Allocation Failure) [PSYoungGen: 622212K->44932K(637952K)] 660580K->83300K(2036224K), 0.0155215 secs] [Times: user=0.13 sys=0.00, real=0.01 secs] 
2020-09-29T17:45:18.097+0200: 44.815: [GC (Allocation Failure) [PSYoungGen: 622980K->35077K(638464K)] 661348K->73445K(2036736K), 0.0121542 secs] [Times: user=0.13 sys=0.00, real=0.01 secs] 
2020-09-29T17:45:18.160+0200: 44.878: [GC (Allocation Failure) [PSYoungGen: 613125K->24548K(638976K)] 651493K->62916K(2037248K), 0.0091400 secs] [Times: user=0.13 sys=0.00, real=0.01 secs] 
2020-09-29T17:45:18.219+0200: 44.938: [GC (Allocation Failure) [PSYoungGen: 604644K->44069K(624640K)] 643012K->82437K(2022912K), 0.0149771 secs] [Times: user=0.11 sys=0.00, real=0.01 secs] 
2020-09-29T17:45:18.284+0200: 45.002: [GC (Allocation Failure) [PSYoungGen: 624165K->21637K(637952K)] 662533K->60005K(2036224K), 0.0071564 secs] [Times: user=0.13 sys=0.00, real=0.01 secs] 
2020-09-29T17:45:18.341+0200: 45.059: [GC (Allocation Failure) [PSYoungGen: 599685K->52773K(631296K)] 638053K->91141K(2029568K), 0.0175871 secs] [Times: user=0.13 sys=0.00, real=0.02 secs] 
2020-09-29T17:45:18.408+0200: 45.126: [GC (Allocation Failure) [PSYoungGen: 630821K->28549K(635904K)] 669189K->66917K(2034176K), 0.0095826 secs] [Times: user=0.13 sys=0.00, real=0.01 secs] 
2020-09-29T17:45:18.467+0200: 45.185: [GC (Allocation Failure) [PSYoungGen: 600453K->39909K(634880K)] 638821K->78277K(2033152K), 0.0136196 secs] [Times: user=0.13 sys=0.00, real=0.01 secs] 
2020-09-29T17:45:18.529+0200: 45.248: [GC (Allocation Failure) [PSYoungGen: 611813K->34116K(639488K)] 650181K->72484K(2037760K), 0.0123423 secs] [Times: user=0.13 sys=0.00, real=0.01 secs] 
2020-09-29T17:45:18.593+0200: 45.312: [GC (Allocation Failure) [PSYoungGen: 612164K->37925K(637440K)] 650532K->76293K(2035712K), 0.0141628 secs] [Times: user=0.11 sys=0.00, real=0.01 secs] 
2020-09-29T17:45:18.658+0200: 45.377: [GC (Allocation Failure) [PSYoungGen: 615973K->41701K(641536K)] 654341K->80069K(2039808K), 0.0142364 secs] [Times: user=0.13 sys=0.00, real=0.01 secs] 
2020-09-29T17:45:18.722+0200: 45.440: [GC (Allocation Failure) [PSYoungGen: 625381K->34723K(641024K)] 663749K->73091K(2039296K), 0.0126504 secs] [Times: user=0.13 sys=0.00, real=0.01 secs] 
2020-09-29T17:45:18.785+0200: 45.503: [GC (Allocation Failure) [PSYoungGen: 618403K->16516K(638976K)] 656771K->54884K(2037248K), 0.0067435 secs] [Times: user=0.11 sys=0.00, real=0.01 secs] 
2020-09-29T17:45:18.847+0200: 45.566: [GC (Allocation Failure) [PSYoungGen: 599684K->39109K(641024K)] 638052K->77477K(2039296K), 0.0135749 secs] [Times: user=0.02 sys=0.02, real=0.01 secs] 
2020-09-29T17:45:18.911+0200: 45.630: [GC (Allocation Failure) [PSYoungGen: 622277K->34340K(644096K)] 660645K->72708K(2042368K), 0.0126287 secs] [Times: user=0.00 sys=0.00, real=0.01 secs] 
2020-09-29T17:45:18.974+0200: 45.693: [GC (Allocation Failure) [PSYoungGen: 621604K->32101K(642048K)] 659972K->70469K(2040320K), 0.0113958 secs] [Times: user=0.00 sys=0.00, real=0.01 secs] 
2020-09-29T17:45:19.036+0200: 45.755: [GC (Allocation Failure) [PSYoungGen: 619365K->31429K(646656K)] 657733K->69797K(2044928K), 0.0113058 secs] [Times: user=0.00 sys=0.00, real=0.01 secs] 
2020-09-29T17:45:19.099+0200: 45.818: [GC (Allocation Failure) [PSYoungGen: 624325K->36260K(645120K)] 662693K->74628K(2043392K), 0.0148322 secs] [Times: user=0.13 sys=0.00, real=0.02 secs] 
2020-09-29T17:45:19.165+0200: 45.884: [GC (Allocation Failure) [PSYoungGen: 629156K->25988K(647680K)] 667524K->64356K(2045952K), 0.0099706 secs] [Times: user=0.00 sys=0.00, real=0.01 secs] 
2020-09-29T17:45:19.227+0200: 45.945: [GC (Allocation Failure) [PSYoungGen: 622468K->48293K(645120K)] 660836K->86661K(2043392K), 0.0161443 secs] [Times: user=0.13 sys=0.00, real=0.02 secs] 
2020-09-29T17:45:19.295+0200: 46.014: [GC (Allocation Failure) [PSYoungGen: 644773K->42404K(642048K)] 683141K->80772K(2040320K), 0.0156714 secs] [Times: user=0.13 sys=0.00, real=0.02 secs] 
2020-09-29T17:45:19.362+0200: 46.081: [GC (Allocation Failure) [PSYoungGen: 630692K->41316K(643584K)] 669060K->79684K(2041856K), 0.0144502 secs] [Times: user=0.13 sys=0.00, real=0.01 secs] 
2020-09-29T17:45:19.427+0200: 46.146: [GC (Allocation Failure) [PSYoungGen: 629604K->55269K(633344K)] 667972K->93693K(2031616K), 0.0184563 secs] [Times: user=0.13 sys=0.00, real=0.02 secs] 
2020-09-29T17:45:19.495+0200: 46.214: [GC (Allocation Failure) [PSYoungGen: 633317K->30468K(638464K)] 671741K->68892K(2036736K), 0.0110989 secs] [Times: user=0.13 sys=0.00, real=0.01 secs] 
2020-09-29T17:45:19.558+0200: 46.277: [GC (Allocation Failure) [PSYoungGen: 608516K->47941K(635904K)] 646940K->86365K(2034176K), 0.0174676 secs] [Times: user=0.13 sys=0.00, real=0.02 secs] 
2020-09-29T17:45:19.629+0200: 46.348: [GC (Allocation Failure) [PSYoungGen: 623941K->36005K(637440K)] 662365K->74429K(2035712K), 0.0154418 secs] [Times: user=0.02 sys=0.00, real=0.02 secs] 
2020-09-29T17:45:19.698+0200: 46.416: [GC (Allocation Failure) [PSYoungGen: 612005K->37092K(641024K)] 650429K->75516K(2039296K), 0.0147408 secs] [Times: user=0.13 sys=0.00, real=0.01 secs] 
2020-09-29T17:45:19.764+0200: 46.483: [GC (Allocation Failure) [PSYoungGen: 618724K->44453K(639488K)] 657148K->82877K(2037760K), 0.0148605 secs] [Times: user=0.13 sys=0.00, real=0.02 secs] 
2020-09-29T17:45:19.829+0200: 46.548: [GC (Allocation Failure) [PSYoungGen: 626085K->37572K(642560K)] 664509K->75996K(2040832K), 0.0135923 secs] [Times: user=0.13 sys=0.00, real=0.01 secs] 
2020-09-29T17:45:19.893+0200: 46.612: [GC (Allocation Failure) [PSYoungGen: 622276K->34373K(641024K)] 660700K->72797K(2039296K), 0.0115678 secs] [Times: user=0.13 sys=0.00, real=0.01 secs] 
2020-09-29T17:45:19.957+0200: 46.675: [GC (Allocation Failure) [PSYoungGen: 619077K->44869K(641536K)] 657501K->83293K(2039808K), 0.0153275 secs] [Times: user=0.13 sys=0.00, real=0.01 secs] 
2020-09-29T17:45:20.022+0200: 46.741: [GC (Allocation Failure) [PSYoungGen: 631109K->27203K(642560K)] 669533K->65627K(2040832K), 0.0105103 secs] [Times: user=0.00 sys=0.00, real=0.01 secs] 
2020-09-29T17:45:20.083+0200: 46.801: [GC (Allocation Failure) [PSYoungGen: 613443K->39173K(643584K)] 651867K->77597K(2041856K), 0.0135662 secs] [Times: user=0.00 sys=0.00, real=0.01 secs] 
2020-09-29T17:45:20.147+0200: 46.865: [GC (Allocation Failure) [PSYoungGen: 626437K->52133K(639488K)] 664861K->90557K(2037760K), 0.0176932 secs] [Times: user=0.13 sys=0.00, real=0.02 secs] 
2020-09-29T17:45:20.215+0200: 46.933: [GC (Allocation Failure) [PSYoungGen: 639397K->23683K(638976K)] 677821K->62107K(2037248K), 0.0098218 secs] [Times: user=0.13 sys=0.00, real=0.01 secs] 
2020-09-29T17:45:20.274+0200: 46.993: [GC (Allocation Failure) [PSYoungGen: 603779K->27171K(639488K)] 642203K->65595K(2037760K), 0.0109565 secs] [Times: user=0.00 sys=0.00, real=0.01 secs] 
2020-09-29T17:45:20.335+0200: 47.053: [GC (Allocation Failure) [PSYoungGen: 607267K->32964K(641536K)] 645691K->71388K(2039808K), 0.0122474 secs] [Times: user=0.00 sys=0.00, real=0.01 secs] 
2020-09-29T17:45:20.398+0200: 47.117: [GC (Allocation Failure) [PSYoungGen: 615620K->41349K(640000K)] 654044K->79773K(2038272K), 0.0142847 secs] [Times: user=0.13 sys=0.00, real=0.01 secs] 
2020-09-29T17:45:20.463+0200: 47.181: [GC (Allocation Failure) [PSYoungGen: 624005K->34852K(643072K)] 662429K->73276K(2041344K), 0.0126979 secs] [Times: user=0.13 sys=0.00, real=0.01 secs] 
2020-09-29T17:45:20.525+0200: 47.244: [GC (Allocation Failure) [PSYoungGen: 620580K->28899K(641536K)] 659004K->67323K(2039808K), 0.0112157 secs] [Times: user=0.13 sys=0.00, real=0.01 secs] 
2020-09-29T17:45:20.587+0200: 47.306: [GC (Allocation Failure) [PSYoungGen: 614627K->39301K(644608K)] 653051K->77725K(2042880K), 0.0145668 secs] [Times: user=0.11 sys=0.00, real=0.02 secs] 
2020-09-29T17:45:20.655+0200: 47.374: [GC (Allocation Failure) [PSYoungGen: 628613K->40741K(643584K)] 667037K->79165K(2041856K), 0.0160579 secs] [Times: user=0.11 sys=0.00, real=0.02 secs] 
2020-09-29T17:45:20.722+0200: 47.440: [GC (Allocation Failure) [PSYoungGen: 630053K->42149K(643584K)] 668477K->80573K(2041856K), 0.0146534 secs] [Times: user=0.09 sys=0.00, real=0.01 secs] 
2020-09-29T17:45:20.787+0200: 47.506: [GC (Allocation Failure) [PSYoungGen: 631461K->43525K(633344K)] 669885K->81949K(2031616K), 0.0148795 secs] [Times: user=0.13 sys=0.00, real=0.02 secs] 
2020-09-29T17:45:20.852+0200: 47.571: [GC (Allocation Failure) [PSYoungGen: 632837K->31301K(644096K)] 671261K->69725K(2042368K), 0.0100816 secs] [Times: user=0.00 sys=0.00, real=0.01 secs] 
2020-09-29T17:45:20.913+0200: 47.631: [GC (Allocation Failure) [PSYoungGen: 620101K->30628K(643584K)] 658525K->69052K(2041856K), 0.0116041 secs] [Times: user=0.00 sys=0.00, real=0.01 secs] 
2020-09-29T17:45:20.975+0200: 47.694: [GC (Allocation Failure) [PSYoungGen: 619428K->31525K(645632K)] 657852K->69949K(2043904K), 0.0110386 secs] [Times: user=0.00 sys=0.00, real=0.01 secs] 
2020-09-29T17:45:21.037+0200: 47.755: [GC (Allocation Failure) [PSYoungGen: 622885K->34981K(644608K)] 661309K->73405K(2042880K), 0.0121912 secs] [Times: user=0.00 sys=0.00, real=0.01 secs] 
2020-09-29T17:45:21.100+0200: 47.819: [GC (Allocation Failure) [PSYoungGen: 626341K->38501K(647680K)] 664765K->76925K(2045952K), 0.0133865 secs] [Times: user=0.00 sys=0.00, real=0.01 secs] 
2020-09-29T17:45:21.167+0200: 47.886: [GC (Allocation Failure) [PSYoungGen: 634469K->45828K(642048K)] 672893K->84252K(2040320K), 0.0157598 secs] [Times: user=0.13 sys=0.00, real=0.02 secs] 
2020-09-29T17:45:21.234+0200: 47.953: [GC (Allocation Failure) [PSYoungGen: 641796K->26469K(645632K)] 680220K->64893K(2043904K), 0.0094038 secs] [Times: user=0.13 sys=0.00, real=0.01 secs] 
2020-09-29T17:45:21.310+0200: 48.029: [GC (Allocation Failure) [PSYoungGen: 618853K->44613K(637440K)] 657277K->83037K(2035712K), 0.0155340 secs] [Times: user=0.13 sys=0.00, real=0.02 secs] 
2020-09-29T17:45:21.378+0200: 48.096: [GC (Allocation Failure) [PSYoungGen: 636997K->20995K(642048K)] 675421K->59419K(2040320K), 0.0088947 secs] [Times: user=0.13 sys=0.00, real=0.01 secs] 
2020-09-29T17:45:21.439+0200: 48.158: [GC (Allocation Failure) [PSYoungGen: 608259K->33412K(643072K)] 646683K->71836K(2041344K), 0.0136913 secs] [Times: user=0.13 sys=0.00, real=0.01 secs] 
2020-09-29T17:45:21.503+0200: 48.222: [GC (Allocation Failure) [PSYoungGen: 620676K->32741K(646144K)] 659100K->71165K(2044416K), 0.0116324 secs] [Times: user=0.13 sys=0.00, real=0.01 secs] 
2020-09-29T17:45:21.566+0200: 48.285: [GC (Allocation Failure) [PSYoungGen: 624613K->36324K(644608K)] 663037K->74748K(2042880K), 0.0140745 secs] [Times: user=0.09 sys=0.00, real=0.01 secs] 
2020-09-29T17:45:21.633+0200: 48.352: [GC (Allocation Failure) [PSYoungGen: 628196K->23939K(646656K)] 666620K->62363K(2044928K), 0.0114902 secs] [Times: user=0.00 sys=0.00, real=0.01 secs] 
2020-09-29T17:45:21.696+0200: 48.415: [GC (Allocation Failure) [PSYoungGen: 619395K->45189K(641024K)] 657819K->83613K(2039296K), 0.0153967 secs] [Times: user=0.13 sys=0.00, real=0.02 secs] 
2020-09-29T17:45:21.762+0200: 48.481: [GC (Allocation Failure) [PSYoungGen: 640645K->39045K(645120K)] 679069K->77469K(2043392K), 0.0136625 secs] [Times: user=0.13 sys=0.00, real=0.01 secs] 
2020-09-29T17:45:21.827+0200: 48.546: [GC (Allocation Failure) [PSYoungGen: 629893K->13860K(605184K)] 668317K->52284K(2003456K), 0.0049846 secs] [Times: user=0.13 sys=0.00, real=0.01 secs] 
2020-09-29T17:45:21.885+0200: 48.603: [GC (Allocation Failure) [PSYoungGen: 604708K->30468K(645120K)] 643132K->68892K(2043392K), 0.0113071 secs] [Times: user=0.13 sys=0.00, real=0.01 secs] 
2020-09-29T17:45:21.947+0200: 48.666: [GC (Allocation Failure) [PSYoungGen: 619780K->31909K(643072K)] 658204K->70333K(2041344K), 0.0114552 secs] [Times: user=0.13 sys=0.00, real=0.01 secs] 
2020-09-29T17:45:22.008+0200: 48.727: [GC (Allocation Failure) [PSYoungGen: 621221K->18724K(645632K)] 659645K->57148K(2043904K), 0.0066159 secs] [Times: user=0.00 sys=0.00, real=0.01 secs] 
2020-09-29T17:45:22.065+0200: 48.784: [GC (Allocation Failure) [PSYoungGen: 612132K->6722K(600576K)] 650556K->45146K(1998848K), 0.0038951 secs] [Times: user=0.13 sys=0.00, real=0.00 secs] 
2020-09-29T17:45:22.119+0200: 48.838: [GC (Allocation Failure) [PSYoungGen: 600130K->37796K(643072K)] 638554K->76220K(2041344K), 0.0142934 secs] [Times: user=0.13 sys=0.00, real=0.02 secs] 
2020-09-29T17:45:22.185+0200: 48.903: [GC (Allocation Failure) [PSYoungGen: 626084K->37188K(643584K)] 664508K->75612K(2041856K), 0.0133920 secs] [Times: user=0.13 sys=0.00, real=0.01 secs] 
2020-09-29T17:45:22.248+0200: 48.967: [GC (Allocation Failure) [PSYoungGen: 625476K->21539K(644096K)] 663900K->59963K(2042368K), 0.0087522 secs] [Times: user=0.13 sys=0.00, real=0.01 secs] 
2020-09-29T17:45:22.308+0200: 49.027: [GC (Allocation Failure) [PSYoungGen: 610339K->36165K(643584K)] 648763K->74589K(2041856K), 0.0122684 secs] [Times: user=0.13 sys=0.00, real=0.01 secs] 
2020-09-29T17:45:22.372+0200: 49.091: [GC (Allocation Failure) [PSYoungGen: 624965K->50725K(633856K)] 663389K->89149K(2032128K), 0.0173396 secs] [Times: user=0.13 sys=0.00, real=0.02 secs] 
2020-09-29T17:45:22.442+0200: 49.161: [GC (Allocation Failure) [PSYoungGen: 629797K->26373K(638976K)] 668221K->64797K(2037248K), 0.0129454 secs] [Times: user=0.00 sys=0.00, real=0.01 secs] 
2020-09-29T17:45:22.507+0200: 49.225: [GC (Allocation Failure) [PSYoungGen: 605445K->14434K(640000K)] 643869K->52858K(2038272K), 0.0090472 secs] [Times: user=0.00 sys=0.00, real=0.01 secs] 
2020-09-29T17:45:22.568+0200: 49.287: [GC (Allocation Failure) [PSYoungGen: 596578K->36037K(640512K)] 635002K->74461K(2038784K), 0.0139571 secs] [Times: user=0.11 sys=0.00, real=0.01 secs] 
2020-09-29T17:45:22.634+0200: 49.353: [GC (Allocation Failure) [PSYoungGen: 618181K->29860K(643584K)] 656605K->68284K(2041856K), 0.0116815 secs] [Times: user=0.13 sys=0.00, real=0.01 secs] 
2020-09-29T17:45:22.699+0200: 49.418: [GC (Allocation Failure) [PSYoungGen: 615588K->25795K(641024K)] 654012K->64219K(2039296K), 0.0107520 secs] [Times: user=0.13 sys=0.00, real=0.01 secs] 
2020-09-29T17:45:22.759+0200: 49.478: [GC (Allocation Failure) [PSYoungGen: 611523K->36741K(645120K)] 649947K->75165K(2043392K), 0.0126890 secs] [Times: user=0.13 sys=0.00, real=0.01 secs] 
2020-09-29T17:45:22.823+0200: 49.541: [GC (Allocation Failure) [PSYoungGen: 628101K->8738K(600576K)] 666525K->47162K(1998848K), 0.0045567 secs] [Times: user=0.00 sys=0.00, real=0.00 secs] 
2020-09-29T17:45:22.879+0200: 49.598: [GC (Allocation Failure) [PSYoungGen: 600098K->25412K(645632K)] 638522K->63836K(2043904K), 0.0091273 secs] [Times: user=0.00 sys=0.00, real=0.01 secs] 
2020-09-29T17:45:22.939+0200: 49.658: [GC (Allocation Failure) [PSYoungGen: 615748K->39621K(643584K)] 654172K->78045K(2041856K), 0.0137976 secs] [Times: user=0.13 sys=0.00, real=0.01 secs] 
2020-09-29T17:45:23.004+0200: 49.723: [GC (Allocation Failure) [PSYoungGen: 629957K->28228K(646144K)] 668381K->66652K(2044416K), 0.0101058 secs] [Times: user=0.00 sys=0.00, real=0.01 secs] 
2020-09-29T17:45:23.064+0200: 49.783: [GC (Allocation Failure) [PSYoungGen: 619588K->45285K(636928K)] 658012K->83709K(2035200K), 0.0153153 secs] [Times: user=0.13 sys=0.00, real=0.02 secs] 
2020-09-29T17:45:23.130+0200: 49.849: [GC (Allocation Failure) [PSYoungGen: 636645K->48709K(634368K)] 675069K->87133K(2032640K), 0.0160690 secs] [Times: user=0.13 sys=0.00, real=0.02 secs] 
2020-09-29T17:45:23.198+0200: 49.917: [GC (Allocation Failure) [PSYoungGen: 626757K->38853K(638464K)] 665181K->77277K(2036736K), 0.0125350 secs] [Times: user=0.13 sys=0.00, real=0.01 secs] 
2020-09-29T17:45:23.260+0200: 49.979: [GC (Allocation Failure) [PSYoungGen: 616901K->40773K(638976K)] 655325K->79197K(2037248K), 0.0138767 secs] [Times: user=0.13 sys=0.00, real=0.01 secs] 
2020-09-29T17:45:23.323+0200: 50.042: [GC (Allocation Failure) [PSYoungGen: 619845K->31876K(638976K)] 658269K->70300K(2037248K), 0.0112639 secs] [Times: user=0.13 sys=0.00, real=0.01 secs] 
2020-09-29T17:45:23.387+0200: 50.106: [GC (Allocation Failure) [PSYoungGen: 610948K->50405K(633856K)] 649372K->88829K(2032128K), 0.0198160 secs] [Times: user=0.11 sys=0.00, real=0.02 secs] 
2020-09-29T17:45:23.456+0200: 50.175: [GC (Allocation Failure) [PSYoungGen: 626405K->38501K(637440K)] 664829K->76925K(2035712K), 0.0130402 secs] [Times: user=0.13 sys=0.00, real=0.01 secs] 
2020-09-29T17:45:23.519+0200: 50.238: [GC (Allocation Failure) [PSYoungGen: 614501K->40165K(639488K)] 652925K->78589K(2037760K), 0.0132212 secs] [Times: user=0.13 sys=0.00, real=0.01 secs] 
2020-09-29T17:45:23.582+0200: 50.301: [GC (Allocation Failure) [PSYoungGen: 619749K->31717K(638976K)] 658173K->70141K(2037248K), 0.0117931 secs] [Times: user=0.00 sys=0.00, real=0.01 secs] 
2020-09-29T17:45:23.646+0200: 50.365: [GC (Allocation Failure) [PSYoungGen: 611301K->23267K(641024K)] 649725K->61691K(2039296K), 0.0096616 secs] [Times: user=0.00 sys=0.00, real=0.01 secs] 
2020-09-29T17:45:23.706+0200: 50.425: [GC (Allocation Failure) [PSYoungGen: 606435K->45861K(629248K)] 644859K->84285K(2027520K), 0.0149969 secs] [Times: user=0.13 sys=0.00, real=0.01 secs] 
2020-09-29T17:45:23.771+0200: 50.489: [GC (Allocation Failure) [PSYoungGen: 629029K->27396K(640000K)] 667453K->65820K(2038272K), 0.0105648 secs] [Times: user=0.00 sys=0.00, real=0.01 secs] 
2020-09-29T17:45:23.831+0200: 50.550: [GC (Allocation Failure) [PSYoungGen: 608004K->47364K(628224K)] 646428K->85788K(2026496K), 0.0164100 secs] [Times: user=0.14 sys=0.00, real=0.02 secs] 
2020-09-29T17:45:23.897+0200: 50.616: [GC (Allocation Failure) [PSYoungGen: 627972K->40037K(638976K)] 666396K->78461K(2037248K), 0.0134948 secs] [Times: user=0.13 sys=0.00, real=0.01 secs] 
2020-09-29T17:45:23.960+0200: 50.679: [GC (Allocation Failure) [PSYoungGen: 618085K->57541K(635904K)] 656509K->95965K(2034176K), 0.0188671 secs] [Times: user=0.13 sys=0.00, real=0.02 secs] 
2020-09-29T17:45:24.029+0200: 50.748: [GC (Allocation Failure) [PSYoungGen: 635589K->33989K(634880K)] 674013K->72413K(2033152K), 0.0114110 secs] [Times: user=0.13 sys=0.00, real=0.01 secs] 
2020-09-29T17:45:24.090+0200: 50.809: [GC (Allocation Failure) [PSYoungGen: 605893K->31652K(635392K)] 644317K->70076K(2033664K), 0.0116517 secs] [Times: user=0.13 sys=0.00, real=0.01 secs] 
2020-09-29T17:45:24.150+0200: 50.869: [GC (Allocation Failure) [PSYoungGen: 603556K->29285K(637952K)] 641980K->67709K(2036224K), 0.0107017 secs] [Times: user=0.13 sys=0.00, real=0.01 secs] 
2020-09-29T17:45:24.210+0200: 50.929: [GC (Allocation Failure) [PSYoungGen: 605285K->29380K(636928K)] 643709K->67804K(2035200K), 0.0108364 secs] [Times: user=0.00 sys=0.00, real=0.01 secs] 
2020-09-29T17:45:24.271+0200: 50.990: [GC (Allocation Failure) [PSYoungGen: 605380K->29220K(640000K)] 643804K->67644K(2038272K), 0.0107892 secs] [Times: user=0.00 sys=0.00, real=0.02 secs] 
2020-09-29T17:45:24.353+0200: 51.071: [GC (Allocation Failure) [PSYoungGen: 609316K->34916K(638976K)] 647740K->73340K(2037248K), 0.0125186 secs] [Times: user=0.13 sys=0.00, real=0.01 secs] 
2020-09-29T17:45:24.417+0200: 51.135: [GC (Allocation Failure) [PSYoungGen: 615012K->54565K(632320K)] 653436K->92989K(2030592K), 0.0196756 secs] [Times: user=0.13 sys=0.00, real=0.02 secs] 
2020-09-29T17:45:24.486+0200: 51.204: [GC (Allocation Failure) [PSYoungGen: 630565K->56293K(632320K)] 668989K->94717K(2030592K), 0.0185969 secs] [Times: user=0.13 sys=0.00, real=0.02 secs] 
2020-09-29T17:45:24.554+0200: 51.272: [GC (Allocation Failure) [PSYoungGen: 632293K->44389K(633344K)] 670717K->82813K(2031616K), 0.0149997 secs] [Times: user=0.13 sys=0.00, real=0.02 secs] 
2020-09-29T17:45:24.619+0200: 51.338: [GC (Allocation Failure) [PSYoungGen: 611685K->51077K(618496K)] 650109K->89501K(2016768K), 0.0184780 secs] [Times: user=0.11 sys=0.00, real=0.02 secs] 
2020-09-29T17:45:24.688+0200: 51.406: [GC (Allocation Failure) [PSYoungGen: 618373K->28485K(632320K)] 656797K->66909K(2030592K), 0.0102225 secs] [Times: user=0.13 sys=0.00, real=0.01 secs] 
2020-09-29T17:45:24.747+0200: 51.466: [GC (Allocation Failure) [PSYoungGen: 593733K->17252K(582656K)] 632157K->55676K(1980928K), 0.0066655 secs] [Times: user=0.00 sys=0.00, real=0.01 secs] 
2020-09-29T17:45:24.809+0200: 51.527: [GC (Allocation Failure) [PSYoungGen: 582500K->49317K(628224K)] 620924K->87741K(2026496K), 0.0163780 secs] [Times: user=0.13 sys=0.00, real=0.02 secs] 
2020-09-29T17:45:24.876+0200: 51.594: [GC (Allocation Failure) [PSYoungGen: 609957K->49413K(610304K)] 648381K->87837K(2008576K), 0.0196360 secs] [Times: user=0.23 sys=0.00, real=0.02 secs] 
2020-09-29T17:45:24.946+0200: 51.665: [GC (Allocation Failure) [PSYoungGen: 610053K->21636K(628736K)] 648477K->60060K(2027008K), 0.0105537 secs] [Times: user=0.00 sys=0.00, real=0.01 secs] 
2020-09-29T17:45:25.007+0200: 51.725: [GC (Allocation Failure) [PSYoungGen: 580228K->30724K(628736K)] 618652K->69148K(2027008K), 0.0119308 secs] [Times: user=0.00 sys=0.00, real=0.01 secs] 
2020-09-29T17:45:25.066+0200: 51.785: [GC (Allocation Failure) [PSYoungGen: 589316K->42469K(631808K)] 627740K->80893K(2030080K), 0.0147562 secs] [Times: user=0.13 sys=0.00, real=0.02 secs] 
2020-09-29T17:45:25.129+0200: 51.848: [GC (Allocation Failure) [PSYoungGen: 606181K->17220K(630784K)] 644605K->55644K(2029056K), 0.0066298 secs] [Times: user=0.13 sys=0.00, real=0.01 secs] 
2020-09-29T17:45:25.185+0200: 51.903: [GC (Allocation Failure) [PSYoungGen: 580932K->47749K(628224K)] 619356K->86173K(2026496K), 0.0163807 secs] [Times: user=0.13 sys=0.00, real=0.02 secs] 
2020-09-29T17:45:25.249+0200: 51.968: [GC (Allocation Failure) [PSYoungGen: 607621K->18499K(629760K)] 646045K->56923K(2028032K), 0.0073994 secs] [Times: user=0.13 sys=0.00, real=0.01 secs] 
2020-09-29T17:45:25.305+0200: 52.023: [GC (Allocation Failure) [PSYoungGen: 579139K->31940K(632832K)] 617563K->70364K(2031104K), 0.0118834 secs] [Times: user=0.13 sys=0.00, real=0.01 secs] 
2020-09-29T17:45:25.365+0200: 52.083: [GC (Allocation Failure) [PSYoungGen: 596164K->20995K(630272K)] 634588K->59419K(2028544K), 0.0089555 secs] [Times: user=0.00 sys=0.00, real=0.01 secs] 
2020-09-29T17:45:25.423+0200: 52.141: [GC (Allocation Failure) [PSYoungGen: 585219K->35748K(635904K)] 623643K->74172K(2034176K), 0.0132761 secs] [Times: user=0.13 sys=0.00, real=0.01 secs] 
2020-09-29T17:45:25.486+0200: 52.204: [GC (Allocation Failure) [PSYoungGen: 606628K->43685K(633856K)] 645052K->82109K(2032128K), 0.0145879 secs] [Times: user=0.13 sys=0.00, real=0.01 secs] 
2020-09-29T17:45:25.549+0200: 52.268: [GC (Allocation Failure) [PSYoungGen: 614565K->26629K(636416K)] 652989K->65053K(2034688K), 0.0091735 secs] [Times: user=0.13 sys=0.00, real=0.01 secs] 
2020-09-29T17:45:25.609+0200: 52.328: [GC (Allocation Failure) [PSYoungGen: 599045K->21955K(634880K)] 637469K->60379K(2033152K), 0.0099806 secs] [Times: user=0.11 sys=0.00, real=0.01 secs] 
2020-09-29T17:45:25.672+0200: 52.390: [GC (Allocation Failure) [PSYoungGen: 594371K->47428K(632320K)] 632795K->85852K(2030592K), 0.0177420 secs] [Times: user=0.13 sys=0.00, real=0.02 secs] 
2020-09-29T17:45:25.740+0200: 52.458: [GC (Allocation Failure) [PSYoungGen: 618308K->44069K(615424K)] 656732K->82493K(2013696K), 0.0150079 secs] [Times: user=0.01 sys=0.00, real=0.02 secs] 
2020-09-29T17:45:25.803+0200: 52.522: [GC (Allocation Failure) [PSYoungGen: 614949K->27045K(635904K)] 653373K->65469K(2034176K), 0.0091577 secs] [Times: user=0.00 sys=0.00, real=0.01 secs] 
2020-09-29T17:45:25.863+0200: 52.582: [GC (Allocation Failure) [PSYoungGen: 597925K->22404K(633856K)] 636349K->60828K(2032128K), 0.0081297 secs] [Times: user=0.05 sys=0.00, real=0.01 secs] 
2020-09-29T17:45:25.920+0200: 52.639: [GC (Allocation Failure) [PSYoungGen: 593284K->32613K(639488K)] 631708K->71037K(2037760K), 0.0116241 secs] [Times: user=0.13 sys=0.00, real=0.01 secs] 
2020-09-29T17:45:25.982+0200: 52.701: [GC (Allocation Failure) [PSYoungGen: 609637K->33380K(636416K)] 648061K->71804K(2034688K), 0.0121187 secs] [Times: user=0.13 sys=0.00, real=0.01 secs] 
2020-09-29T17:45:26.046+0200: 52.764: [GC (Allocation Failure) [PSYoungGen: 610404K->49829K(633856K)] 648828K->88253K(2032128K), 0.0169028 secs] [Times: user=0.13 sys=0.00, real=0.02 secs] 
2020-09-29T17:45:26.112+0200: 52.830: [GC (Allocation Failure) [PSYoungGen: 626853K->38436K(637952K)] 665277K->76860K(2036224K), 0.0133254 secs] [Times: user=0.13 sys=0.00, real=0.01 secs] 
2020-09-29T17:45:26.177+0200: 52.895: [GC (Allocation Failure) [PSYoungGen: 615460K->27108K(640512K)] 653884K->65532K(2038784K), 0.0105201 secs] [Times: user=0.00 sys=0.00, real=0.01 secs] 
2020-09-29T17:45:26.237+0200: 52.955: [GC (Allocation Failure) [PSYoungGen: 607716K->47237K(628224K)] 646140K->85661K(2026496K), 0.0154935 secs] [Times: user=0.13 sys=0.00, real=0.02 secs] 
2020-09-29T17:45:26.302+0200: 53.020: [GC (Allocation Failure) [PSYoungGen: 627845K->26245K(638976K)] 666269K->64669K(2037248K), 0.0087189 secs] [Times: user=0.00 sys=0.00, real=0.01 secs] 
2020-09-29T17:45:26.360+0200: 53.078: [GC (Allocation Failure) [PSYoungGen: 604293K->42052K(637952K)] 642717K->80476K(2036224K), 0.0150521 secs] [Times: user=0.13 sys=0.00, real=0.02 secs] 
2020-09-29T17:45:26.425+0200: 53.143: [GC (Allocation Failure) [PSYoungGen: 620100K->32164K(640512K)] 658524K->70588K(2038784K), 0.0121456 secs] [Times: user=0.13 sys=0.00, real=0.01 secs] 
2020-09-29T17:45:26.487+0200: 53.206: [GC (Allocation Failure) [PSYoungGen: 612260K->22499K(638464K)] 650684K->60923K(2036736K), 0.0108009 secs] [Times: user=0.11 sys=0.00, real=0.01 secs] 
2020-09-29T17:45:26.548+0200: 53.266: [GC (Allocation Failure) [PSYoungGen: 602595K->26019K(641536K)] 641019K->64443K(2039808K), 0.0107279 secs] [Times: user=0.13 sys=0.00, real=0.01 secs] 
2020-09-29T17:45:26.610+0200: 53.329: [GC (Allocation Failure) [PSYoungGen: 609187K->34981K(640512K)] 647611K->73405K(2038784K), 0.0132012 secs] [Times: user=0.11 sys=0.00, real=0.01 secs] 
2020-09-29T17:45:26.674+0200: 53.393: [GC (Allocation Failure) [PSYoungGen: 618149K->30213K(645120K)] 656573K->68637K(2043392K), 0.0115581 secs] [Times: user=0.11 sys=0.00, real=0.01 secs] 
2020-09-29T17:45:26.737+0200: 53.456: [GC (Allocation Failure) [PSYoungGen: 620037K->45765K(635904K)] 658461K->84189K(2034176K), 0.0156559 secs] [Times: user=0.13 sys=0.00, real=0.02 secs] 
2020-09-29T17:45:26.803+0200: 53.522: [GC (Allocation Failure) [PSYoungGen: 635589K->47717K(636416K)] 674013K->86141K(2034688K), 0.0154749 secs] [Times: user=0.13 sys=0.00, real=0.02 secs] 
2020-09-29T17:45:26.868+0200: 53.586: [GC (Allocation Failure) [PSYoungGen: 627813K->39780K(639488K)] 666237K->78204K(2037760K), 0.0144428 secs] [Times: user=0.13 sys=0.00, real=0.01 secs] 
2020-09-29T17:45:26.932+0200: 53.651: [GC (Allocation Failure) [PSYoungGen: 619876K->45669K(637440K)] 658300K->84093K(2035712K), 0.0151633 secs] [Times: user=0.13 sys=0.00, real=0.02 secs] 
2020-09-29T17:45:26.999+0200: 53.717: [GC (Allocation Failure) [PSYoungGen: 624741K->50501K(629760K)] 663165K->88925K(2028032K), 0.0211619 secs] [Times: user=0.08 sys=0.00, real=0.02 secs] 
2020-09-29T17:45:27.073+0200: 53.791: [GC (Allocation Failure) [PSYoungGen: 629573K->40197K(637952K)] 667997K->78621K(2036224K), 0.0151973 secs] [Times: user=0.13 sys=0.00, real=0.02 secs] 
2020-09-29T17:45:27.137+0200: 53.855: [GC (Allocation Failure) [PSYoungGen: 615685K->27813K(636416K)] 654109K->66237K(2034688K), 0.0086739 secs] [Times: user=0.03 sys=0.00, real=0.01 secs] 
2020-09-29T17:45:27.195+0200: 53.913: [GC (Allocation Failure) [PSYoungGen: 603301K->42693K(638976K)] 641725K->81117K(2037248K), 0.0147662 secs] [Times: user=0.13 sys=0.00, real=0.02 secs] 
2020-09-29T17:45:27.260+0200: 53.978: [GC (Allocation Failure) [PSYoungGen: 621253K->33285K(638464K)] 659677K->71709K(2036736K), 0.0104776 secs] [Times: user=0.00 sys=0.00, real=0.01 secs] 
2020-09-29T17:45:27.320+0200: 54.038: [GC (Allocation Failure) [PSYoungGen: 611845K->36644K(642048K)] 650269K->75068K(2040320K), 0.0132379 secs] [Times: user=0.13 sys=0.00, real=0.01 secs] 
2020-09-29T17:45:27.383+0200: 54.101: [GC (Allocation Failure) [PSYoungGen: 619812K->45541K(640000K)] 658236K->83965K(2038272K), 0.0150646 secs] [Times: user=0.13 sys=0.00, real=0.02 secs] 
2020-09-29T17:45:27.448+0200: 54.166: [GC (Allocation Failure) [PSYoungGen: 628709K->40709K(642048K)] 667133K->79133K(2040320K), 0.0137456 secs] [Times: user=0.13 sys=0.00, real=0.01 secs] 
2020-09-29T17:45:27.512+0200: 54.230: [GC (Allocation Failure) [PSYoungGen: 624901K->36965K(641024K)] 663325K->75389K(2039296K), 0.0139757 secs] [Times: user=0.11 sys=0.00, real=0.01 secs] 
2020-09-29T17:45:27.577+0200: 54.295: [GC (Allocation Failure) [PSYoungGen: 621157K->33221K(644608K)] 659581K->71645K(2042880K), 0.0124976 secs] [Times: user=0.11 sys=0.00, real=0.01 secs] 
2020-09-29T17:45:27.642+0200: 54.360: [GC (Allocation Failure) [PSYoungGen: 622533K->20740K(610304K)] 660957K->59164K(2008576K), 0.0076608 secs] [Times: user=0.13 sys=0.00, real=0.01 secs] 
2020-09-29T17:45:27.701+0200: 54.419: [GC (Allocation Failure) [PSYoungGen: 610052K->35813K(645120K)] 648476K->74237K(2043392K), 0.0127327 secs] [Times: user=0.13 sys=0.00, real=0.01 secs] 
2020-09-29T17:45:27.765+0200: 54.483: [GC (Allocation Failure) [PSYoungGen: 625125K->37253K(643072K)] 663549K->75677K(2041344K), 0.0131828 secs] [Times: user=0.13 sys=0.00, real=0.01 secs] 
2020-09-29T17:45:27.828+0200: 54.546: [GC (Allocation Failure) [PSYoungGen: 626565K->37316K(647680K)] 664989K->75740K(2045952K), 0.0133542 secs] [Times: user=0.13 sys=0.00, real=0.01 secs] 
2020-09-29T17:45:27.893+0200: 54.611: [GC (Allocation Failure) [PSYoungGen: 632260K->30212K(646144K)] 670684K->68636K(2044416K), 0.0117438 secs] [Times: user=0.13 sys=0.00, real=0.01 secs] 
2020-09-29T17:45:27.956+0200: 54.674: [GC (Allocation Failure) [PSYoungGen: 625156K->37221K(648704K)] 663580K->75645K(2046976K), 0.0127075 secs] [Times: user=0.13 sys=0.00, real=0.01 secs] 
2020-09-29T17:45:28.020+0200: 54.738: [GC (Allocation Failure) [PSYoungGen: 635237K->33701K(648192K)] 673661K->72125K(2046464K), 0.0115820 secs] [Times: user=0.13 sys=0.00, real=0.01 secs] 
2020-09-29T17:45:28.085+0200: 54.803: [GC (Allocation Failure) [PSYoungGen: 631717K->29412K(650240K)] 670141K->67836K(2048512K), 0.0104930 secs] [Times: user=0.00 sys=0.00, real=0.01 secs] 
2020-09-29T17:45:28.147+0200: 54.865: [GC (Allocation Failure) [PSYoungGen: 630500K->41124K(642560K)] 668924K->79548K(2040832K), 0.0145795 secs] [Times: user=0.13 sys=0.00, real=0.01 secs] 
2020-09-29T17:45:28.214+0200: 54.932: [GC (Allocation Failure) [PSYoungGen: 642212K->49637K(637952K)] 680636K->92645K(2036224K), 0.0190847 secs] [Times: user=0.13 sys=0.00, real=0.02 secs] 
2020-09-29T17:45:28.284+0200: 55.002: [GC (Allocation Failure) [PSYoungGen: 637925K->27333K(643584K)] 680933K->70341K(2041856K), 0.0091772 secs] [Times: user=0.13 sys=0.00, real=0.01 secs] 
2020-09-29T17:45:28.344+0200: 55.062: [GC (Allocation Failure) [PSYoungGen: 615621K->27621K(644096K)] 658629K->70629K(2042368K), 0.0095677 secs] [Times: user=0.13 sys=0.00, real=0.01 secs] 
2020-09-29T17:45:28.409+0200: 55.127: [GC (Allocation Failure) [PSYoungGen: 616421K->28581K(643584K)] 659429K->71589K(2041856K), 0.0108219 secs] [Times: user=0.13 sys=0.00, real=0.01 secs] 
2020-09-29T17:45:28.471+0200: 55.189: [GC (Allocation Failure) [PSYoungGen: 617381K->43109K(642560K)] 660389K->86117K(2040832K), 0.0170691 secs] [Times: user=0.11 sys=0.00, real=0.02 secs] 
2020-09-29T17:45:28.543+0200: 55.261: [GC (Allocation Failure) [PSYoungGen: 631397K->28740K(643584K)] 674405K->71748K(2041856K), 0.0137354 secs] [Times: user=0.11 sys=0.00, real=0.01 secs] 
2020-09-29T17:45:28.611+0200: 55.330: [GC (Allocation Failure) [PSYoungGen: 617028K->27492K(645120K)] 660036K->70500K(2043392K), 0.0121164 secs] [Times: user=0.09 sys=0.00, real=0.01 secs] 
2020-09-29T17:45:28.677+0200: 55.395: [GC (Allocation Failure) [PSYoungGen: 618340K->44069K(635392K)] 661348K->87077K(2033664K), 0.0145566 secs] [Times: user=0.03 sys=0.00, real=0.01 secs] 
2020-09-29T17:45:28.743+0200: 55.461: [GC (Allocation Failure) [PSYoungGen: 634917K->44196K(640512K)] 677925K->87204K(2038784K), 0.0156112 secs] [Times: user=0.13 sys=0.00, real=0.01 secs] 
2020-09-29T17:45:28.809+0200: 55.527: [GC (Allocation Failure) [PSYoungGen: 629412K->41477K(642048K)] 672420K->84485K(2040320K), 0.0144161 secs] [Times: user=0.13 sys=0.00, real=0.01 secs] 
2020-09-29T17:45:28.875+0200: 55.593: [GC (Allocation Failure) [PSYoungGen: 626693K->24868K(642048K)] 669701K->67876K(2040320K), 0.0101319 secs] [Times: user=0.13 sys=0.00, real=0.01 secs] 
2020-09-29T17:45:28.935+0200: 55.653: [GC (Allocation Failure) [PSYoungGen: 610084K->35557K(642048K)] 653092K->78565K(2040320K), 0.0128079 secs] [Times: user=0.13 sys=0.00, real=0.01 secs] 
2020-09-29T17:45:28.999+0200: 55.717: [GC (Allocation Failure) [PSYoungGen: 620773K->32708K(645632K)] 663781K->75716K(2043904K), 0.0118169 secs] [Times: user=0.13 sys=0.00, real=0.01 secs] 
2020-09-29T17:45:29.061+0200: 55.779: [GC (Allocation Failure) [PSYoungGen: 623556K->21957K(644096K)] 666564K->64965K(2042368K), 0.0080112 secs] [Times: user=0.13 sys=0.00, real=0.01 secs] 
2020-09-29T17:45:29.120+0200: 55.838: [GC (Allocation Failure) [PSYoungGen: 612805K->36963K(646144K)] 655813K->79971K(2044416K), 0.0137420 secs] [Times: user=0.13 sys=0.00, real=0.01 secs] 
2020-09-29T17:45:29.184+0200: 55.903: [GC (Allocation Failure) [PSYoungGen: 629347K->26277K(645120K)] 672355K->69285K(2043392K), 0.0090427 secs] [Times: user=0.13 sys=0.00, real=0.01 secs] 
2020-09-29T17:45:29.244+0200: 55.963: [GC (Allocation Failure) [PSYoungGen: 618661K->44132K(641536K)] 661669K->87140K(2039808K), 0.0159001 secs] [Times: user=0.13 sys=0.00, real=0.02 secs] 
2020-09-29T17:45:29.311+0200: 56.029: [GC (Allocation Failure) [PSYoungGen: 633444K->31461K(644096K)] 676452K->74469K(2042368K), 0.0116062 secs] [Times: user=0.13 sys=0.00, real=0.01 secs] 
2020-09-29T17:45:29.373+0200: 56.091: [GC (Allocation Failure) [PSYoungGen: 620773K->17507K(643584K)] 663781K->60515K(2041856K), 0.0072628 secs] [Times: user=0.00 sys=0.00, real=0.01 secs] 
2020-09-29T17:45:29.431+0200: 56.149: [GC (Allocation Failure) [PSYoungGen: 607843K->32036K(644608K)] 650851K->75044K(2042880K), 0.0122628 secs] [Times: user=0.13 sys=0.00, real=0.01 secs] 
2020-09-29T17:45:29.494+0200: 56.212: [GC (Allocation Failure) [PSYoungGen: 622372K->34533K(648192K)] 665380K->77541K(2046464K), 0.0119087 secs] [Times: user=0.13 sys=0.00, real=0.01 secs] 
2020-09-29T17:45:29.557+0200: 56.275: [GC (Allocation Failure) [PSYoungGen: 630501K->28933K(646656K)] 673509K->71941K(2044928K), 0.0103894 secs] [Times: user=0.11 sys=0.00, real=0.01 secs] 
2020-09-29T17:45:29.621+0200: 56.339: [GC (Allocation Failure) [PSYoungGen: 624901K->36965K(649216K)] 667909K->79973K(2047488K), 0.0136671 secs] [Times: user=0.13 sys=0.00, real=0.01 secs] 
2020-09-29T17:45:29.686+0200: 56.404: [GC (Allocation Failure) [PSYoungGen: 636517K->34981K(649216K)] 679525K->77989K(2047488K), 0.0125492 secs] [Times: user=0.13 sys=0.00, real=0.01 secs] 
2020-09-29T17:45:29.750+0200: 56.468: [GC (Allocation Failure) [PSYoungGen: 634533K->31653K(651264K)] 677541K->74661K(2049536K), 0.0158097 secs] [Times: user=0.00 sys=0.00, real=0.02 secs] 
2020-09-29T17:45:29.818+0200: 56.536: [GC (Allocation Failure) [PSYoungGen: 634277K->32741K(650240K)] 677285K->75749K(2048512K), 0.0111691 secs] [Times: user=0.00 sys=0.00, real=0.01 secs] 
2020-09-29T17:45:29.880+0200: 56.598: [GC (Allocation Failure) [PSYoungGen: 635365K->32388K(653824K)] 678373K->75396K(2052096K), 0.0120183 secs] [Times: user=0.00 sys=0.00, real=0.01 secs] 
2020-09-29T17:45:29.944+0200: 56.662: [GC (Allocation Failure) [PSYoungGen: 640132K->24548K(652800K)] 683140K->67556K(2051072K), 0.0097991 secs] [Times: user=0.00 sys=0.00, real=0.01 secs] 
2020-09-29T17:45:30.006+0200: 56.725: [GC (Allocation Failure) [PSYoungGen: 632292K->42980K(647680K)] 675300K->85988K(2045952K), 0.0152448 secs] [Times: user=0.13 sys=0.00, real=0.02 secs] 
2020-09-29T17:45:30.073+0200: 56.792: [GC (Allocation Failure) [PSYoungGen: 645604K->48101K(650752K)] 688612K->100613K(2049024K), 0.0209384 secs] [Times: user=0.13 sys=0.00, real=0.02 secs] 
2020-09-29T17:45:30.145+0200: 56.864: [GC (Allocation Failure) [PSYoungGen: 650725K->43461K(634368K)] 703237K->95973K(2032640K), 0.0149380 secs] [Times: user=0.00 sys=0.00, real=0.02 secs] 
2020-09-29T17:45:30.211+0200: 56.929: [GC (Allocation Failure) [PSYoungGen: 629701K->28101K(642560K)] 682213K->80613K(2040832K), 0.0102445 secs] [Times: user=0.00 sys=0.00, real=0.01 secs] 
2020-09-29T17:45:30.273+0200: 56.992: [GC (Allocation Failure) [PSYoungGen: 614341K->25220K(643072K)] 666853K->77732K(2041344K), 0.0114124 secs] [Times: user=0.00 sys=0.00, real=0.01 secs] 
2020-09-29T17:45:30.345+0200: 57.063: [GC (Allocation Failure) [PSYoungGen: 612484K->24645K(643072K)] 664996K->77157K(2041344K), 0.0102493 secs] [Times: user=0.13 sys=0.00, real=0.01 secs] 
2020-09-29T17:45:30.406+0200: 57.125: [GC (Allocation Failure) [PSYoungGen: 611909K->37637K(644096K)] 664421K->90149K(2042368K), 0.0158945 secs] [Times: user=0.13 sys=0.00, real=0.02 secs] 
2020-09-29T17:45:30.473+0200: 57.191: [GC (Allocation Failure) [PSYoungGen: 626437K->52229K(641536K)] 678949K->104741K(2039808K), 0.0221723 secs] [Times: user=0.13 sys=0.00, real=0.02 secs] 
2020-09-29T17:45:30.547+0200: 57.265: [GC (Allocation Failure) [PSYoungGen: 641029K->25797K(638464K)] 693541K->78309K(2036736K), 0.0104996 secs] [Times: user=0.13 sys=0.00, real=0.01 secs] 
2020-09-29T17:45:30.609+0200: 57.327: [GC (Allocation Failure) [PSYoungGen: 606917K->46341K(627712K)] 659429K->98853K(2025984K), 0.0221707 secs] [Times: user=0.22 sys=0.00, real=0.02 secs] 
2020-09-29T17:45:30.682+0200: 57.400: [GC (Allocation Failure) [PSYoungGen: 627461K->23428K(638464K)] 679973K->75940K(2036736K), 0.0108610 secs] [Times: user=0.13 sys=0.00, real=0.01 secs] 
2020-09-29T17:45:30.743+0200: 57.461: [GC (Allocation Failure) [PSYoungGen: 601476K->40901K(638464K)] 653988K->93413K(2036736K), 0.0182216 secs] [Times: user=0.13 sys=0.00, real=0.02 secs] 
2020-09-29T17:45:30.812+0200: 57.531: [GC (Allocation Failure) [PSYoungGen: 618949K->31045K(640512K)] 671461K->83557K(2038784K), 0.0141307 secs] [Times: user=0.13 sys=0.00, real=0.01 secs] 
2020-09-29T17:45:30.878+0200: 57.596: [GC (Allocation Failure) [PSYoungGen: 611653K->37445K(638976K)] 664165K->89957K(2037248K), 0.0157506 secs] [Times: user=0.13 sys=0.00, real=0.02 secs] 
2020-09-29T17:45:30.946+0200: 57.665: [GC (Allocation Failure) [PSYoungGen: 618053K->29893K(643072K)] 670565K->82405K(2041344K), 0.0127614 secs] [Times: user=0.13 sys=0.00, real=0.01 secs] 
2020-09-29T17:45:31.013+0200: 57.731: [GC (Allocation Failure) [PSYoungGen: 616133K->25923K(642048K)] 668645K->78435K(2040320K), 0.0132827 secs] [Times: user=0.13 sys=0.00, real=0.01 secs] 
2020-09-29T17:45:31.076+0200: 57.794: [GC (Allocation Failure) [PSYoungGen: 612163K->23715K(644096K)] 664675K->76227K(2042368K), 0.0122997 secs] [Times: user=0.13 sys=0.00, real=0.01 secs] 
2020-09-29T17:45:31.150+0200: 57.868: [GC (Allocation Failure) [PSYoungGen: 612515K->36484K(643584K)] 665027K->88996K(2041856K), 0.0164137 secs] [Times: user=0.13 sys=0.00, real=0.02 secs] 
2020-09-29T17:45:31.217+0200: 57.935: [GC (Allocation Failure) [PSYoungGen: 625284K->51045K(635904K)] 677796K->103557K(2034176K), 0.0208411 secs] [Times: user=0.13 sys=0.00, real=0.02 secs] 
2020-09-29T17:45:31.287+0200: 58.006: [GC (Allocation Failure) [PSYoungGen: 633189K->45317K(627712K)] 685701K->97829K(2025984K), 0.0196740 secs] [Times: user=0.13 sys=0.00, real=0.02 secs] 
2020-09-29T17:45:31.357+0200: 58.076: [GC (Allocation Failure) [PSYoungGen: 627461K->39365K(640000K)] 679973K->91877K(2038272K), 0.0176368 secs] [Times: user=0.13 sys=0.00, real=0.02 secs] 
2020-09-29T17:45:31.425+0200: 58.143: [GC (Allocation Failure) [PSYoungGen: 619461K->31493K(638976K)] 671973K->84005K(2037248K), 0.0129969 secs] [Times: user=0.09 sys=0.00, real=0.01 secs] 
2020-09-29T17:45:31.487+0200: 58.206: [GC (Allocation Failure) [PSYoungGen: 611589K->37317K(643072K)] 664101K->89829K(2041344K), 0.0162815 secs] [Times: user=0.13 sys=0.00, real=0.02 secs] 
2020-09-29T17:45:31.555+0200: 58.274: [GC (Allocation Failure) [PSYoungGen: 623045K->32963K(641536K)] 675557K->85475K(2039808K), 0.0175680 secs] [Times: user=0.11 sys=0.00, real=0.02 secs] 
2020-09-29T17:45:31.624+0200: 58.343: [GC (Allocation Failure) [PSYoungGen: 618691K->30308K(645632K)] 671203K->82820K(2043904K), 0.0143390 secs] [Times: user=0.11 sys=0.00, real=0.01 secs] 
2020-09-29T17:45:31.695+0200: 58.413: [GC (Allocation Failure) [PSYoungGen: 621668K->47461K(638976K)] 674180K->99973K(2037248K), 0.0204330 secs] [Times: user=0.13 sys=0.00, real=0.02 secs] 
2020-09-29T17:45:31.769+0200: 58.487: [GC (Allocation Failure) [PSYoungGen: 638821K->21763K(641536K)] 691333K->74275K(2039808K), 0.0105610 secs] [Times: user=0.13 sys=0.00, real=0.01 secs] 
2020-09-29T17:45:31.832+0200: 58.550: [GC (Allocation Failure) [PSYoungGen: 606979K->19045K(604672K)] 659491K->71557K(2002944K), 0.0073283 secs] [Times: user=0.13 sys=0.00, real=0.01 secs] 
2020-09-29T17:45:31.895+0200: 58.613: [GC (Allocation Failure) [PSYoungGen: 604261K->57317K(628224K)] 656773K->109861K(2026496K), 0.0236735 secs] [Times: user=0.13 sys=0.00, real=0.02 secs] 
2020-09-29T17:45:31.967+0200: 58.686: [GC (Allocation Failure) [PSYoungGen: 628197K->25764K(634880K)] 680741K->78308K(2033152K), 0.0120602 secs] [Times: user=0.13 sys=0.00, real=0.01 secs] 
2020-09-29T17:45:32.028+0200: 58.747: [GC (Allocation Failure) [PSYoungGen: 596644K->35749K(638464K)] 649188K->88293K(2036736K), 0.0151640 secs] [Times: user=0.13 sys=0.00, real=0.01 secs] 
2020-09-29T17:45:32.093+0200: 58.811: [GC (Allocation Failure) [PSYoungGen: 611237K->17763K(635904K)] 663781K->70307K(2034176K), 0.0092499 secs] [Times: user=0.13 sys=0.00, real=0.01 secs] 
2020-09-29T17:45:32.152+0200: 58.871: [GC (Allocation Failure) [PSYoungGen: 593251K->31684K(640512K)] 645795K->84228K(2038784K), 0.0143490 secs] [Times: user=0.13 sys=0.00, real=0.02 secs] 
2020-09-29T17:45:32.216+0200: 58.935: [GC (Allocation Failure) [PSYoungGen: 611268K->50725K(630784K)] 663812K->103269K(2029056K), 0.0221396 secs] [Times: user=0.13 sys=0.00, real=0.02 secs] 
2020-09-29T17:45:32.288+0200: 59.006: [GC (Allocation Failure) [PSYoungGen: 630309K->28709K(638464K)] 682853K->81253K(2036736K), 0.0129513 secs] [Times: user=0.00 sys=0.00, real=0.01 secs] 
2020-09-29T17:45:32.357+0200: 59.076: [GC (Allocation Failure) [PSYoungGen: 604709K->30469K(636416K)] 657253K->83013K(2034688K), 0.0132236 secs] [Times: user=0.13 sys=0.00, real=0.01 secs] 
2020-09-29T17:45:32.425+0200: 59.143: [GC (Allocation Failure) [PSYoungGen: 606469K->15875K(638464K)] 659013K->68419K(2036736K), 0.0085985 secs] [Times: user=0.13 sys=0.00, real=0.01 secs] 
2020-09-29T17:45:32.482+0200: 59.201: [GC (Allocation Failure) [PSYoungGen: 595971K->18468K(639488K)] 648515K->71012K(2037760K), 0.0092214 secs] [Times: user=0.13 sys=0.00, real=0.01 secs] 
2020-09-29T17:45:32.541+0200: 59.260: [GC (Allocation Failure) [PSYoungGen: 598564K->38053K(640000K)] 651108K->90597K(2038272K), 0.0168923 secs] [Times: user=0.13 sys=0.00, real=0.02 secs] 
2020-09-29T17:45:32.609+0200: 59.328: [GC (Allocation Failure) [PSYoungGen: 619173K->31141K(640000K)] 671717K->83685K(2038272K), 0.0136642 secs] [Times: user=0.11 sys=0.00, real=0.01 secs] 
2020-09-29T17:45:32.680+0200: 59.398: [GC (Allocation Failure) [PSYoungGen: 612261K->38021K(642560K)] 664805K->90565K(2040832K), 0.0157776 secs] [Times: user=0.13 sys=0.00, real=0.01 secs] 
2020-09-29T17:45:32.746+0200: 59.465: [GC (Allocation Failure) [PSYoungGen: 624261K->34213K(642560K)] 676805K->86757K(2040832K), 0.0153382 secs] [Times: user=0.13 sys=0.00, real=0.02 secs] 
2020-09-29T17:45:32.813+0200: 59.531: [GC (Allocation Failure) [PSYoungGen: 620453K->30628K(646144K)] 672997K->83172K(2044416K), 0.0140406 secs] [Times: user=0.13 sys=0.00, real=0.01 secs] 
2020-09-29T17:45:32.880+0200: 59.598: [GC (Allocation Failure) [PSYoungGen: 622500K->32068K(644608K)] 675044K->84612K(2042880K), 0.0148696 secs] [Times: user=0.13 sys=0.00, real=0.01 secs] 
2020-09-29T17:45:32.947+0200: 59.665: [GC (Allocation Failure) [PSYoungGen: 623940K->36037K(648704K)] 676484K->88581K(2046976K), 0.0156685 secs] [Times: user=0.13 sys=0.00, real=0.01 secs] 
2020-09-29T17:45:33.015+0200: 59.733: [GC (Allocation Failure) [PSYoungGen: 634053K->46085K(644608K)] 686597K->98629K(2042880K), 0.0193587 secs] [Times: user=0.13 sys=0.00, real=0.02 secs] 
2020-09-29T17:45:33.085+0200: 59.803: [GC (Allocation Failure) [PSYoungGen: 644101K->42565K(642560K)] 696645K->95109K(2040832K), 0.0188035 secs] [Times: user=0.13 sys=0.00, real=0.02 secs] 
2020-09-29T17:45:33.153+0200: 59.872: [GC (Allocation Failure) [PSYoungGen: 631877K->43973K(633344K)] 684421K->96517K(2031616K), 0.0191376 secs] [Times: user=0.13 sys=0.00, real=0.02 secs] 
2020-09-29T17:45:33.223+0200: 59.942: [GC (Allocation Failure) [PSYoungGen: 633285K->28612K(643584K)] 685829K->81156K(2041856K), 0.0141063 secs] [Times: user=0.00 sys=0.00, real=0.01 secs] 
2020-09-29T17:45:33.291+0200: 60.009: [GC (Allocation Failure) [PSYoungGen: 615876K->41669K(642560K)] 668420K->94213K(2040832K), 0.0172592 secs] [Times: user=0.13 sys=0.00, real=0.02 secs] 
2020-09-29T17:45:33.366+0200: 60.084: [GC (Allocation Failure) [PSYoungGen: 628933K->40997K(643072K)] 681477K->93541K(2041344K), 0.0176901 secs] [Times: user=0.13 sys=0.00, real=0.02 secs] 
2020-09-29T17:45:33.436+0200: 60.154: [GC (Allocation Failure) [PSYoungGen: 628261K->40261K(643072K)] 680805K->92805K(2041344K), 0.0175387 secs] [Times: user=0.13 sys=0.00, real=0.02 secs] 
2020-09-29T17:45:33.504+0200: 60.222: [GC (Allocation Failure) [PSYoungGen: 627525K->39685K(644096K)] 680069K->92229K(2042368K), 0.0170656 secs] [Times: user=0.25 sys=0.00, real=0.02 secs] 
2020-09-29T17:45:33.572+0200: 60.291: [GC (Allocation Failure) [PSYoungGen: 628485K->39844K(643584K)] 681029K->92388K(2041856K), 0.0199652 secs] [Times: user=0.11 sys=0.00, real=0.02 secs] 
2020-09-29T17:45:33.644+0200: 60.362: [GC (Allocation Failure) [PSYoungGen: 628644K->54245K(635392K)] 681188K->106893K(2033664K), 0.0237560 secs] [Times: user=0.23 sys=0.00, real=0.02 secs] 
2020-09-29T17:45:33.717+0200: 60.435: [GC (Allocation Failure) [PSYoungGen: 635365K->33957K(640000K)] 688013K->86605K(2038272K), 0.0143850 secs] [Times: user=0.13 sys=0.00, real=0.01 secs] 
2020-09-29T17:45:33.782+0200: 60.500: [GC (Allocation Failure) [PSYoungGen: 615077K->40837K(642048K)] 667725K->93485K(2040320K), 0.0169411 secs] [Times: user=0.13 sys=0.00, real=0.02 secs] 
2020-09-29T17:45:33.850+0200: 60.569: [GC (Allocation Failure) [PSYoungGen: 625029K->36740K(641024K)] 677677K->89388K(2039296K), 0.0165354 secs] [Times: user=0.13 sys=0.00, real=0.02 secs] 
2020-09-29T17:45:33.917+0200: 60.636: [GC (Allocation Failure) [PSYoungGen: 620932K->18853K(640512K)] 673580K->71501K(2038784K), 0.0081946 secs] [Times: user=0.00 sys=0.00, real=0.01 secs] 
2020-09-29T17:45:33.981+0200: 60.699: [GC (Allocation Failure) [PSYoungGen: 604069K->43461K(628736K)] 656717K->96109K(2027008K), 0.0191777 secs] [Times: user=0.13 sys=0.00, real=0.02 secs] 
2020-09-29T17:45:34.050+0200: 60.768: [GC (Allocation Failure) [PSYoungGen: 628677K->40837K(642048K)] 681325K->93485K(2040320K), 0.0179398 secs] [Times: user=0.25 sys=0.00, real=0.02 secs] 
2020-09-29T17:45:34.117+0200: 60.836: [GC (Allocation Failure) [PSYoungGen: 625541K->35620K(641536K)] 678189K->88268K(2039808K), 0.0165173 secs] [Times: user=0.13 sys=0.00, real=0.02 secs] 
2020-09-29T17:45:34.184+0200: 60.902: [GC (Allocation Failure) [PSYoungGen: 620324K->46053K(640512K)] 672972K->98701K(2038784K), 0.0193210 secs] [Times: user=0.13 sys=0.00, real=0.02 secs] 
2020-09-29T17:45:34.254+0200: 60.973: [GC (Allocation Failure) [PSYoungGen: 631269K->43397K(642048K)] 683917K->96045K(2040320K), 0.0185940 secs] [Times: user=0.25 sys=0.00, real=0.02 secs] 
2020-09-29T17:45:34.322+0200: 61.041: [GC (Allocation Failure) [PSYoungGen: 628613K->40645K(643072K)] 681261K->93293K(2041344K), 0.0173994 secs] [Times: user=0.13 sys=0.00, real=0.02 secs] 
2020-09-29T17:45:34.390+0200: 61.108: [GC (Allocation Failure) [PSYoungGen: 626885K->23172K(642048K)] 679533K->75820K(2040320K), 0.0115905 secs] [Times: user=0.13 sys=0.00, real=0.01 secs] 
2020-09-29T17:45:34.451+0200: 61.169: [GC (Allocation Failure) [PSYoungGen: 609412K->21220K(641024K)] 662060K->73868K(2039296K), 0.0101167 secs] [Times: user=0.13 sys=0.00, real=0.01 secs] 
2020-09-29T17:45:34.512+0200: 61.231: [GC (Allocation Failure) [PSYoungGen: 605412K->31141K(641536K)] 658060K->83789K(2039808K), 0.0139814 secs] [Times: user=0.13 sys=0.00, real=0.01 secs] 
2020-09-29T17:45:34.577+0200: 61.296: [GC (Allocation Failure) [PSYoungGen: 615333K->27332K(643584K)] 667981K->79980K(2041856K), 0.0139379 secs] [Times: user=0.11 sys=0.00, real=0.01 secs] 
2020-09-29T17:45:34.643+0200: 61.362: [GC (Allocation Failure) [PSYoungGen: 614596K->26629K(642560K)] 667244K->79277K(2040832K), 0.0115797 secs] [Times: user=0.13 sys=0.00, real=0.01 secs] 
2020-09-29T17:45:34.706+0200: 61.425: [GC (Allocation Failure) [PSYoungGen: 613893K->25220K(644608K)] 666541K->77868K(2042880K), 0.0124547 secs] [Times: user=0.13 sys=0.00, real=0.01 secs] 
2020-09-29T17:45:34.769+0200: 61.488: [GC (Allocation Failure) [PSYoungGen: 615044K->25859K(644096K)] 667692K->78507K(2042368K), 0.0130024 secs] [Times: user=0.08 sys=0.00, real=0.01 secs] 
2020-09-29T17:45:34.836+0200: 61.554: [GC (Allocation Failure) [PSYoungGen: 615683K->36867K(646144K)] 668331K->89515K(2044416K), 0.0176771 secs] [Times: user=0.13 sys=0.00, real=0.02 secs] 
2020-09-29T17:45:34.904+0200: 61.623: [GC (Allocation Failure) [PSYoungGen: 629763K->28229K(645632K)] 682411K->80877K(2043904K), 0.0112040 secs] [Times: user=0.13 sys=0.00, real=0.01 secs] 
2020-09-29T17:45:34.970+0200: 61.689: [GC (Allocation Failure) [PSYoungGen: 621125K->33189K(648704K)] 673773K->85837K(2046976K), 0.0146992 secs] [Times: user=0.13 sys=0.00, real=0.01 secs] 
2020-09-29T17:45:35.038+0200: 61.756: [GC (Allocation Failure) [PSYoungGen: 630181K->50149K(647168K)] 682829K->108541K(2045440K), 0.0245468 secs] [Times: user=0.13 sys=0.00, real=0.02 secs] 
2020-09-29T17:45:35.113+0200: 61.832: [GC (Allocation Failure) [PSYoungGen: 647141K->51365K(628736K)] 705533K->109757K(2027008K), 0.0206989 secs] [Times: user=0.25 sys=0.00, real=0.02 secs] 
2020-09-29T17:45:35.183+0200: 61.902: [GC (Allocation Failure) [PSYoungGen: 628389K->40453K(637952K)] 686781K->98845K(2036224K), 0.0177482 secs] [Times: user=0.13 sys=0.00, real=0.02 secs] 
2020-09-29T17:45:35.251+0200: 61.969: [GC (Allocation Failure) [PSYoungGen: 617108K->42180K(638976K)] 675500K->100572K(2037248K), 0.0188624 secs] [Times: user=0.13 sys=0.01, real=0.02 secs] 
2020-09-29T17:45:35.320+0200: 62.038: [GC (Allocation Failure) [PSYoungGen: 621252K->33349K(638976K)] 679644K->91741K(2037248K), 0.0117982 secs] [Times: user=0.00 sys=0.00, real=0.01 secs] 
2020-09-29T17:45:35.381+0200: 62.099: [GC (Allocation Failure) [PSYoungGen: 612421K->38148K(642048K)] 670813K->96540K(2040320K), 0.0138714 secs] [Times: user=0.13 sys=0.00, real=0.01 secs] 
2020-09-29T17:45:35.445+0200: 62.163: [GC (Allocation Failure) [PSYoungGen: 621828K->47621K(640512K)] 680220K->106013K(2038784K), 0.0165596 secs] [Times: user=0.13 sys=0.00, real=0.02 secs] 
2020-09-29T17:45:35.512+0200: 62.230: [GC (Allocation Failure) [PSYoungGen: 631301K->29605K(641024K)] 689693K->87997K(2039296K), 0.0104644 secs] [Times: user=0.13 sys=0.00, real=0.01 secs] 
2020-09-29T17:45:35.577+0200: 62.295: [GC (Allocation Failure) [PSYoungGen: 612261K->35653K(640512K)] 670653K->94045K(2038784K), 0.0133487 secs] [Times: user=0.11 sys=0.00, real=0.01 secs] 
2020-09-29T17:45:35.642+0200: 62.360: [GC (Allocation Failure) [PSYoungGen: 618309K->29955K(643584K)] 676701K->88347K(2041856K), 0.0117890 secs] [Times: user=0.13 sys=0.00, real=0.01 secs] 
2020-09-29T17:45:35.704+0200: 62.422: [GC (Allocation Failure) [PSYoungGen: 617219K->27843K(642560K)] 675611K->86235K(2040832K), 0.0109662 secs] [Times: user=0.13 sys=0.00, real=0.01 secs] 
2020-09-29T17:45:35.766+0200: 62.484: [GC (Allocation Failure) [PSYoungGen: 615107K->40837K(643584K)] 673499K->99229K(2041856K), 0.0147381 secs] [Times: user=0.13 sys=0.00, real=0.01 secs] 
2020-09-29T17:45:35.834+0200: 62.553: [GC (Allocation Failure) [PSYoungGen: 629125K->26436K(643584K)] 687517K->84828K(2041856K), 0.0110878 secs] [Times: user=0.00 sys=0.00, real=0.01 secs] 
2020-09-29T17:45:35.900+0200: 62.619: [GC (Allocation Failure) [PSYoungGen: 614724K->10530K(638976K)] 673116K->68922K(2037248K), 0.0054448 secs] [Times: user=0.00 sys=0.00, real=0.01 secs] 
2020-09-29T17:45:35.956+0200: 62.674: [GC (Allocation Failure) [PSYoungGen: 594722K->31556K(641536K)] 653114K->89948K(2039808K), 0.0119332 secs] [Times: user=0.13 sys=0.00, real=0.01 secs] 
2020-09-29T17:45:36.018+0200: 62.736: [GC (Allocation Failure) [PSYoungGen: 615748K->27331K(645120K)] 674140K->85723K(2043392K), 0.0106599 secs] [Times: user=0.13 sys=0.00, real=0.01 secs] 
2020-09-29T17:45:36.079+0200: 62.797: [GC (Allocation Failure) [PSYoungGen: 617667K->15108K(644096K)] 676059K->73500K(2042368K), 0.0060533 secs] [Times: user=0.13 sys=0.00, real=0.01 secs] 
2020-09-29T17:45:36.136+0200: 62.854: [GC (Allocation Failure) [PSYoungGen: 605444K->30436K(647168K)] 663836K->88828K(2045440K), 0.0109933 secs] [Times: user=0.13 sys=0.00, real=0.01 secs] 
2020-09-29T17:45:36.198+0200: 62.916: [GC (Allocation Failure) [PSYoungGen: 623332K->20900K(644608K)] 681724K->79292K(2042880K), 0.0079714 secs] [Times: user=0.00 sys=0.00, real=0.01 secs] 
2020-09-29T17:45:36.260+0200: 62.978: [GC (Allocation Failure) [PSYoungGen: 613796K->38276K(644608K)] 672188K->96668K(2042880K), 0.0144671 secs] [Times: user=0.13 sys=0.00, real=0.02 secs] 
2020-09-29T17:45:36.328+0200: 63.047: [GC (Allocation Failure) [PSYoungGen: 631684K->30021K(646144K)] 690076K->88413K(2044416K), 0.0109756 secs] [Times: user=0.13 sys=0.00, real=0.01 secs] 
2020-09-29T17:45:36.396+0200: 63.114: [GC (Allocation Failure) [PSYoungGen: 623429K->35044K(648704K)] 681821K->93436K(2046976K), 0.0140171 secs] [Times: user=0.00 sys=0.00, real=0.01 secs] 
2020-09-29T17:45:36.465+0200: 63.183: [GC (Allocation Failure) [PSYoungGen: 633572K->45669K(644608K)] 691964K->104061K(2042880K), 0.0162195 secs] [Times: user=0.13 sys=0.00, real=0.02 secs] 
2020-09-29T17:45:36.533+0200: 63.251: [GC (Allocation Failure) [PSYoungGen: 644197K->42597K(642048K)] 702589K->100989K(2040320K), 0.0143053 secs] [Times: user=0.13 sys=0.00, real=0.01 secs] 
2020-09-29T17:45:36.599+0200: 63.317: [GC (Allocation Failure) [PSYoungGen: 630885K->41956K(630272K)] 689277K->100348K(2028544K), 0.0161928 secs] [Times: user=0.11 sys=0.00, real=0.02 secs] 
2020-09-29T17:45:36.666+0200: 63.384: [GC (Allocation Failure) [PSYoungGen: 630244K->42309K(640512K)] 688636K->100701K(2038784K), 0.0147216 secs] [Times: user=0.13 sys=0.00, real=0.02 secs] 
2020-09-29T17:45:36.731+0200: 63.449: [GC (Allocation Failure) [PSYoungGen: 626501K->24133K(641536K)] 684893K->82525K(2039808K), 0.0083199 secs] [Times: user=0.00 sys=0.00, real=0.01 secs] 
2020-09-29T17:45:36.790+0200: 63.509: [GC (Allocation Failure) [PSYoungGen: 608325K->33989K(644096K)] 666717K->92381K(2042368K), 0.0122842 secs] [Times: user=0.13 sys=0.00, real=0.01 secs] 
2020-09-29T17:45:36.854+0200: 63.572: [GC (Allocation Failure) [PSYoungGen: 621253K->33381K(642048K)] 679645K->91773K(2040320K), 0.0109650 secs] [Times: user=0.13 sys=0.00, real=0.01 secs] 
2020-09-29T17:45:36.918+0200: 63.636: [GC (Allocation Failure) [PSYoungGen: 620645K->44740K(642048K)] 679037K->103132K(2040320K), 0.0155875 secs] [Times: user=0.13 sys=0.00, real=0.02 secs] 
2020-09-29T17:45:36.985+0200: 63.703: [GC (Allocation Failure) [PSYoungGen: 634052K->32453K(644096K)] 692444K->90845K(2042368K), 0.0117287 secs] [Times: user=0.13 sys=0.00, real=0.01 secs] 
2020-09-29T17:45:37.048+0200: 63.766: [GC (Allocation Failure) [PSYoungGen: 621765K->33829K(647168K)] 680157K->92221K(2045440K), 0.0112963 secs] [Times: user=0.13 sys=0.00, real=0.01 secs] 
2020-09-29T17:45:37.111+0200: 63.830: [GC (Allocation Failure) [PSYoungGen: 627749K->39844K(645632K)] 686141K->98236K(2043904K), 0.0138826 secs] [Times: user=0.13 sys=0.00, real=0.01 secs] 
2020-09-29T17:45:37.177+0200: 63.895: [GC (Allocation Failure) [PSYoungGen: 633764K->29797K(647680K)] 692156K->88189K(2045952K), 0.0108936 secs] [Times: user=0.00 sys=0.00, real=0.01 secs] 
2020-09-29T17:45:37.239+0200: 63.957: [GC (Allocation Failure) [PSYoungGen: 625765K->37861K(647168K)] 684157K->96253K(2045440K), 0.0132573 secs] [Times: user=0.00 sys=0.00, real=0.01 secs] 
2020-09-29T17:45:37.303+0200: 64.021: [GC (Allocation Failure) [PSYoungGen: 633829K->18597K(646144K)] 692221K->76989K(2044416K), 0.0062589 secs] [Times: user=0.00 sys=0.00, real=0.01 secs] 
2020-09-29T17:45:37.360+0200: 64.079: [GC (Allocation Failure) [PSYoungGen: 614053K->24580K(647168K)] 672445K->82972K(2045440K), 0.0099018 secs] [Times: user=0.13 sys=0.00, real=0.01 secs] 
2020-09-29T17:45:37.421+0200: 64.140: [GC (Allocation Failure) [PSYoungGen: 620036K->30948K(648704K)] 678428K->89340K(2046976K), 0.0115009 secs] [Times: user=0.13 sys=0.00, real=0.01 secs] 
2020-09-29T17:45:37.484+0200: 64.202: [GC (Allocation Failure) [PSYoungGen: 627940K->40069K(647168K)] 686332K->98461K(2045440K), 0.0135247 secs] [Times: user=0.13 sys=0.00, real=0.01 secs] 
2020-09-29T17:45:37.550+0200: 64.269: [GC (Allocation Failure) [PSYoungGen: 637061K->19939K(646656K)] 695453K->78331K(2044928K), 0.0081840 secs] [Times: user=0.13 sys=0.00, real=0.01 secs] 
2020-09-29T17:45:37.613+0200: 64.331: [GC (Allocation Failure) [PSYoungGen: 615395K->41253K(636928K)] 673787K->99645K(2035200K), 0.0153637 secs] [Times: user=0.11 sys=0.00, real=0.02 secs] 
2020-09-29T17:45:37.679+0200: 64.397: [GC (Allocation Failure) [PSYoungGen: 636709K->35077K(646656K)] 695101K->93469K(2044928K), 0.0119284 secs] [Times: user=0.00 sys=0.00, real=0.01 secs] 
2020-09-29T17:45:37.744+0200: 64.463: [GC (Allocation Failure) [PSYoungGen: 628485K->40517K(645632K)] 686877K->98909K(2043904K), 0.0140358 secs] [Times: user=0.13 sys=0.00, real=0.01 secs] 
2020-09-29T17:45:37.810+0200: 64.528: [GC (Allocation Failure) [PSYoungGen: 633925K->32357K(647680K)] 692317K->90749K(2045952K), 0.0115291 secs] [Times: user=0.13 sys=0.00, real=0.01 secs] 
2020-09-29T17:45:37.872+0200: 64.590: [GC (Allocation Failure) [PSYoungGen: 627301K->25669K(646144K)] 685693K->84061K(2044416K), 0.0090207 secs] [Times: user=0.13 sys=0.00, real=0.01 secs] 
2020-09-29T17:45:37.932+0200: 64.651: [GC (Allocation Failure) [PSYoungGen: 620613K->32709K(649728K)] 679005K->91101K(2048000K), 0.0135554 secs] [Times: user=0.13 sys=0.00, real=0.01 secs] 
2020-09-29T17:45:37.998+0200: 64.717: [GC (Allocation Failure) [PSYoungGen: 631749K->43845K(643072K)] 690141K->102237K(2041344K), 0.0142703 secs] [Times: user=0.13 sys=0.00, real=0.02 secs] 
2020-09-29T17:45:38.063+0200: 64.782: [GC (Allocation Failure) [PSYoungGen: 642885K->27653K(648192K)] 701277K->86045K(2046464K), 0.0086664 secs] [Times: user=0.13 sys=0.00, real=0.01 secs] 
2020-09-29T17:45:38.123+0200: 64.842: [GC (Allocation Failure) [PSYoungGen: 624133K->35460K(647168K)] 682525K->93852K(2045440K), 0.0128125 secs] [Times: user=0.13 sys=0.00, real=0.01 secs] 
2020-09-29T17:45:38.187+0200: 64.906: [GC (Allocation Failure) [PSYoungGen: 631940K->28548K(649728K)] 690332K->86940K(2048000K), 0.0113348 secs] [Times: user=0.13 sys=0.00, real=0.01 secs] 
2020-09-29T17:45:38.250+0200: 64.968: [GC (Allocation Failure) [PSYoungGen: 628100K->40197K(648704K)] 686492K->98589K(2046976K), 0.0136433 secs] [Times: user=0.13 sys=0.00, real=0.01 secs] 
2020-09-29T17:45:38.315+0200: 65.033: [GC (Allocation Failure) [PSYoungGen: 639749K->38149K(648704K)] 698141K->96541K(2046976K), 0.0133740 secs] [Times: user=0.13 sys=0.00, real=0.01 secs] 
2020-09-29T17:45:38.380+0200: 65.098: [GC (Allocation Failure) [PSYoungGen: 636677K->48741K(647680K)] 695069K->107133K(2045952K), 0.0166338 secs] [Times: user=0.13 sys=0.00, real=0.02 secs] 
2020-09-29T17:45:38.448+0200: 65.166: [GC (Allocation Failure) [PSYoungGen: 647269K->45733K(638464K)] 705661K->104125K(2036736K), 0.0157911 secs] [Times: user=0.13 sys=0.00, real=0.02 secs] 
2020-09-29T17:45:38.514+0200: 65.232: [GC (Allocation Failure) [PSYoungGen: 632997K->45061K(632832K)] 691389K->103453K(2031104K), 0.0154405 secs] [Times: user=0.13 sys=0.00, real=0.02 secs] 
2020-09-29T17:45:38.580+0200: 65.299: [GC (Allocation Failure) [PSYoungGen: 632325K->29125K(642048K)] 690717K->87517K(2040320K), 0.0116650 secs] [Times: user=0.11 sys=0.00, real=0.01 secs] 
2020-09-29T17:45:38.644+0200: 65.362: [GC (Allocation Failure) [PSYoungGen: 613829K->39589K(641536K)] 672221K->97981K(2039808K), 0.0139586 secs] [Times: user=0.13 sys=0.00, real=0.01 secs] 
2020-09-29T17:45:38.707+0200: 65.426: [GC (Allocation Failure) [PSYoungGen: 624293K->34661K(644608K)] 682685K->93053K(2042880K), 0.0118078 secs] [Times: user=0.13 sys=0.00, real=0.01 secs] 
2020-09-29T17:45:38.771+0200: 65.490: [GC (Allocation Failure) [PSYoungGen: 623461K->20548K(643072K)] 681853K->78940K(2041344K), 0.0079881 secs] [Times: user=0.00 sys=0.00, real=0.01 secs] 
2020-09-29T17:45:38.830+0200: 65.548: [GC (Allocation Failure) [PSYoungGen: 609348K->35012K(645632K)] 667740K->93404K(2043904K), 0.0127023 secs] [Times: user=0.13 sys=0.00, real=0.01 secs] 
2020-09-29T17:45:38.892+0200: 65.611: [GC (Allocation Failure) [PSYoungGen: 625348K->23525K(643584K)] 683740K->81917K(2041856K), 0.0077834 secs] [Times: user=0.13 sys=0.00, real=0.01 secs] 
2020-09-29T17:45:38.956+0200: 65.674: [GC (Allocation Failure) [PSYoungGen: 613861K->39588K(645120K)] 672253K->97980K(2043392K), 0.0150460 secs] [Times: user=0.11 sys=0.00, real=0.01 secs] 
2020-09-29T17:45:39.022+0200: 65.740: [GC (Allocation Failure) [PSYoungGen: 630948K->28996K(645120K)] 689340K->87388K(2043392K), 0.0111013 secs] [Times: user=0.00 sys=0.00, real=0.01 secs] 
2020-09-29T17:45:39.084+0200: 65.802: [GC (Allocation Failure) [PSYoungGen: 620356K->32517K(647680K)] 678748K->90909K(2045952K), 0.0109269 secs] [Times: user=0.00 sys=0.00, real=0.01 secs] 
2020-09-29T17:45:39.147+0200: 65.866: [GC (Allocation Failure) [PSYoungGen: 627461K->23427K(646144K)] 685853K->81819K(2044416K), 0.0095316 secs] [Times: user=0.00 sys=0.00, real=0.01 secs] 
2020-09-29T17:45:39.207+0200: 65.926: [GC (Allocation Failure) [PSYoungGen: 618371K->44101K(642560K)] 676763K->102493K(2040832K), 0.0150326 secs] [Times: user=0.11 sys=0.01, real=0.01 secs] 
2020-09-29T17:45:39.273+0200: 65.992: [GC (Allocation Failure) [PSYoungGen: 635461K->47557K(638976K)] 693853K->105949K(2037248K), 0.0163588 secs] [Times: user=0.13 sys=0.00, real=0.02 secs] 
2020-09-29T17:45:39.340+0200: 66.059: [GC (Allocation Failure) [PSYoungGen: 638917K->35140K(644096K)] 697309K->93532K(2042368K), 0.0125168 secs] [Times: user=0.13 sys=0.00, real=0.01 secs] 
2020-09-29T17:45:39.402+0200: 66.120: [GC (Allocation Failure) [PSYoungGen: 622404K->17892K(642048K)] 680796K->76284K(2040320K), 0.0075267 secs] [Times: user=0.00 sys=0.00, real=0.01 secs] 
2020-09-29T17:45:39.460+0200: 66.179: [GC (Allocation Failure) [PSYoungGen: 605156K->29188K(644608K)] 663548K->87580K(2042880K), 0.0104308 secs] [Times: user=0.00 sys=0.00, real=0.01 secs] 
2020-09-29T17:45:39.522+0200: 66.240: [GC (Allocation Failure) [PSYoungGen: 617988K->29796K(643072K)] 676380K->88188K(2041344K), 0.0112564 secs] [Times: user=0.00 sys=0.00, real=0.01 secs] 
2020-09-29T17:45:39.584+0200: 66.303: [GC (Allocation Failure) [PSYoungGen: 618596K->43492K(642048K)] 676988K->101884K(2040320K), 0.0161939 secs] [Times: user=0.11 sys=0.00, real=0.02 secs] 
2020-09-29T17:45:39.652+0200: 66.371: [GC (Allocation Failure) [PSYoungGen: 632804K->44933K(634368K)] 691196K->103325K(2032640K), 0.0153840 secs] [Times: user=0.13 sys=0.00, real=0.02 secs] 
2020-09-29T17:45:39.718+0200: 66.436: [GC (Allocation Failure) [PSYoungGen: 634245K->46309K(637952K)] 692637K->104701K(2036224K), 0.0151209 secs] [Times: user=0.13 sys=0.00, real=0.02 secs] 
2020-09-29T17:45:39.783+0200: 66.502: [GC (Allocation Failure) [PSYoungGen: 627429K->39429K(640000K)] 685821K->97821K(2038272K), 0.0147367 secs] [Times: user=0.09 sys=0.02, real=0.02 secs] 
2020-09-29T17:45:39.848+0200: 66.567: [GC (Allocation Failure) [PSYoungGen: 620549K->31429K(642560K)] 678941K->89821K(2040832K), 0.0115004 secs] [Times: user=0.00 sys=0.00, real=0.01 secs] 
2020-09-29T17:45:39.911+0200: 66.629: [GC (Allocation Failure) [PSYoungGen: 616133K->41957K(641024K)] 674525K->100349K(2039296K), 0.0143856 secs] [Times: user=0.00 sys=0.00, real=0.01 secs] 
2020-09-29T17:45:39.978+0200: 66.696: [GC (Allocation Failure) [PSYoungGen: 626661K->52453K(634880K)] 685053K->110845K(2033152K), 0.0200526 secs] [Times: user=0.13 sys=0.00, real=0.02 secs] 
2020-09-29T17:45:40.047+0200: 66.765: [GC (Allocation Failure) [PSYoungGen: 630501K->28933K(638464K)] 688893K->87325K(2036736K), 0.0095343 secs] [Times: user=0.13 sys=0.00, real=0.01 secs] 
2020-09-29T17:45:40.106+0200: 66.824: [GC (Allocation Failure) [PSYoungGen: 606981K->18789K(636928K)] 665373K->77181K(2035200K), 0.0064854 secs] [Times: user=0.00 sys=0.00, real=0.01 secs] 
2020-09-29T17:45:40.161+0200: 66.880: [GC (Allocation Failure) [PSYoungGen: 595813K->35205K(637952K)] 654205K->93597K(2036224K), 0.0120179 secs] [Times: user=0.00 sys=0.00, real=0.01 secs] 
2020-09-29T17:45:40.224+0200: 66.943: [GC (Allocation Failure) [PSYoungGen: 612229K->38053K(642048K)] 670621K->96445K(2040320K), 0.0135703 secs] [Times: user=0.00 sys=0.00, real=0.01 secs] 
2020-09-29T17:45:40.293+0200: 67.012: [GC (Allocation Failure) [PSYoungGen: 621733K->47461K(631296K)] 680125K->105853K(2029568K), 0.0172292 secs] [Times: user=0.13 sys=0.00, real=0.02 secs] 
2020-09-29T17:45:40.365+0200: 67.083: [GC (Allocation Failure) [PSYoungGen: 631141K->29605K(640512K)] 689533K->87997K(2038784K), 0.0116968 secs] [Times: user=0.00 sys=0.00, real=0.01 secs] 
2020-09-29T17:45:40.429+0200: 67.147: [GC (Allocation Failure) [PSYoungGen: 610725K->35108K(639488K)] 669117K->93500K(2037760K), 0.0126139 secs] [Times: user=0.02 sys=0.00, real=0.01 secs] 
2020-09-29T17:45:40.491+0200: 67.210: [GC (Allocation Failure) [PSYoungGen: 616228K->41957K(642560K)] 674620K->100349K(2040832K), 0.0142493 secs] [Times: user=0.13 sys=0.00, real=0.02 secs] 
2020-09-29T17:45:40.555+0200: 67.274: [GC (Allocation Failure) [PSYoungGen: 628197K->23139K(609792K)] 686589K->81531K(2008064K), 0.0096024 secs] [Times: user=0.00 sys=0.00, real=0.01 secs] 
2020-09-29T17:45:40.617+0200: 67.335: [GC (Allocation Failure) [PSYoungGen: 609379K->35077K(644096K)] 667771K->93469K(2042368K), 0.0131230 secs] [Times: user=0.11 sys=0.00, real=0.01 secs] 
2020-09-29T17:45:40.681+0200: 67.400: [GC (Allocation Failure) [PSYoungGen: 622341K->34469K(642048K)] 680733K->92861K(2040320K), 0.0118869 secs] [Times: user=0.13 sys=0.00, real=0.01 secs] 
2020-09-29T17:45:40.746+0200: 67.464: [GC (Allocation Failure) [PSYoungGen: 621733K->33797K(647680K)] 680125K->92189K(2045952K), 0.0111373 secs] [Times: user=0.13 sys=0.00, real=0.01 secs] 
2020-09-29T17:45:40.809+0200: 67.527: [GC (Allocation Failure) [PSYoungGen: 628741K->40773K(646144K)] 687133K->99165K(2044416K), 0.0133435 secs] [Times: user=0.13 sys=0.00, real=0.01 secs] 
2020-09-29T17:45:40.874+0200: 67.593: [GC (Allocation Failure) [PSYoungGen: 635717K->34181K(648192K)] 694109K->92573K(2046464K), 0.0121565 secs] [Times: user=0.13 sys=0.00, real=0.01 secs] 
2020-09-29T17:45:40.938+0200: 67.656: [GC (Allocation Failure) [PSYoungGen: 630661K->42725K(647168K)] 689053K->101117K(2045440K), 0.0144998 secs] [Times: user=0.13 sys=0.00, real=0.01 secs] 
2020-09-29T17:45:41.006+0200: 67.724: [GC (Allocation Failure) [PSYoungGen: 639205K->22018K(645120K)] 697597K->80410K(2043392K), 0.0105507 secs] [Times: user=0.00 sys=0.00, real=0.01 secs] 
2020-09-29T17:45:41.067+0200: 67.785: [GC (Allocation Failure) [PSYoungGen: 615426K->26115K(646144K)] 673818K->84507K(2044416K), 0.0104496 secs] [Times: user=0.00 sys=0.00, real=0.01 secs] 
2020-09-29T17:45:41.127+0200: 67.846: [GC (Allocation Failure) [PSYoungGen: 619523K->45317K(641536K)] 677915K->103709K(2039808K), 0.0156278 secs] [Times: user=0.13 sys=0.00, real=0.02 secs] 
2020-09-29T17:45:41.194+0200: 67.912: [GC (Allocation Failure) [PSYoungGen: 634629K->18531K(608256K)] 693021K->76923K(2006528K), 0.0074886 secs] [Times: user=0.00 sys=0.00, real=0.01 secs] 
2020-09-29T17:45:41.252+0200: 67.970: [GC (Allocation Failure) [PSYoungGen: 607843K->47269K(637952K)] 666235K->105661K(2036224K), 0.0163473 secs] [Times: user=0.13 sys=0.00, real=0.02 secs] 
2020-09-29T17:45:41.319+0200: 68.037: [GC (Allocation Failure) [PSYoungGen: 629413K->41509K(624128K)] 687805K->99901K(2022400K), 0.0146092 secs] [Times: user=0.13 sys=0.00, real=0.01 secs] 
2020-09-29T17:45:41.384+0200: 68.102: [GC (Allocation Failure) [PSYoungGen: 623653K->49445K(634880K)] 682045K->107837K(2033152K), 0.0162130 secs] [Times: user=0.13 sys=0.00, real=0.02 secs] 
2020-09-29T17:45:41.451+0200: 68.170: [GC (Allocation Failure) [PSYoungGen: 625445K->33796K(637440K)] 683837K->92188K(2035712K), 0.0158999 secs] [Times: user=0.13 sys=0.00, real=0.02 secs] 
2020-09-29T17:45:41.522+0200: 68.240: [GC (Allocation Failure) [PSYoungGen: 609796K->35525K(641536K)] 668188K->93917K(2039808K), 0.0136242 secs] [Times: user=0.00 sys=0.02, real=0.01 secs] 
2020-09-29T17:45:41.589+0200: 68.308: [GC (Allocation Failure) [PSYoungGen: 617669K->28804K(639488K)] 676061K->87196K(2037760K), 0.0126861 secs] [Times: user=0.11 sys=0.00, real=0.01 secs] 
2020-09-29T17:45:41.656+0200: 68.374: [GC (Allocation Failure) [PSYoungGen: 610948K->36164K(644096K)] 669340K->94556K(2042368K), 0.0147063 secs] [Times: user=0.13 sys=0.00, real=0.01 secs] 
2020-09-29T17:45:41.720+0200: 68.439: [GC (Allocation Failure) [PSYoungGen: 623428K->35301K(642048K)] 681820K->93693K(2040320K), 0.0123004 secs] [Times: user=0.13 sys=0.00, real=0.01 secs] 
2020-09-29T17:45:41.785+0200: 68.504: [GC (Allocation Failure) [PSYoungGen: 622565K->19971K(644608K)] 680957K->78363K(2042880K), 0.0084463 secs] [Times: user=0.13 sys=0.00, real=0.01 secs] 
2020-09-29T17:45:41.845+0200: 68.564: [GC (Allocation Failure) [PSYoungGen: 611331K->23333K(645120K)] 669723K->81725K(2043392K), 0.0076368 secs] [Times: user=0.13 sys=0.00, real=0.01 secs] 
2020-09-29T17:45:41.905+0200: 68.624: [GC (Allocation Failure) [PSYoungGen: 614693K->53733K(633856K)] 673085K->112437K(2032128K), 0.0179122 secs] [Times: user=0.13 sys=0.00, real=0.02 secs] 
2020-09-29T17:45:41.974+0200: 68.693: [GC (Allocation Failure) [PSYoungGen: 633829K->44357K(624640K)] 692533K->103061K(2022912K), 0.0148890 secs] [Times: user=0.13 sys=0.00, real=0.02 secs] 
2020-09-29T17:45:42.039+0200: 68.758: [GC (Allocation Failure) [PSYoungGen: 624453K->36581K(640512K)] 683157K->95285K(2038784K), 0.0136540 secs] [Times: user=0.13 sys=0.00, real=0.01 secs] 
2020-09-29T17:45:42.102+0200: 68.821: [GC (Allocation Failure) [PSYoungGen: 616677K->27620K(638464K)] 675381K->86324K(2036736K), 0.0105560 secs] [Times: user=0.00 sys=0.00, real=0.01 secs] 
2020-09-29T17:45:42.163+0200: 68.882: [GC (Allocation Failure) [PSYoungGen: 607716K->47173K(636416K)] 666420K->105877K(2034688K), 0.0156008 secs] [Times: user=0.13 sys=0.00, real=0.02 secs] 
2020-09-29T17:45:42.228+0200: 68.947: [GC (Allocation Failure) [PSYoungGen: 626245K->35972K(638976K)] 684949K->94676K(2037248K), 0.0129602 secs] [Times: user=0.13 sys=0.00, real=0.01 secs] 
2020-09-29T17:45:42.291+0200: 69.010: [GC (Allocation Failure) [PSYoungGen: 615044K->40805K(641536K)] 673748K->99509K(2039808K), 0.0144437 secs] [Times: user=0.13 sys=0.00, real=0.01 secs] 
2020-09-29T17:45:42.356+0200: 69.074: [GC (Allocation Failure) [PSYoungGen: 624997K->20739K(605184K)] 683701K->79443K(2003456K), 0.0088154 secs] [Times: user=0.13 sys=0.00, real=0.01 secs] 
2020-09-29T17:45:42.415+0200: 69.133: [GC (Allocation Failure) [PSYoungGen: 604931K->30629K(642560K)] 663635K->89333K(2040832K), 0.0103510 secs] [Times: user=0.00 sys=0.00, real=0.01 secs] 
2020-09-29T17:45:42.475+0200: 69.194: [GC (Allocation Failure) [PSYoungGen: 615333K->41157K(641024K)] 674037K->99861K(2039296K), 0.0133048 secs] [Times: user=0.00 sys=0.00, real=0.01 secs] 
2020-09-29T17:45:42.538+0200: 69.257: [GC (Allocation Failure) [PSYoungGen: 625861K->23140K(642048K)] 684565K->81844K(2040320K), 0.0088339 secs] [Times: user=0.00 sys=0.00, real=0.01 secs] 
2020-09-29T17:45:42.600+0200: 69.319: [GC (Allocation Failure) [PSYoungGen: 608356K->47845K(633344K)] 667060K->106549K(2031616K), 0.0176402 secs] [Times: user=0.11 sys=0.00, real=0.02 secs] 
2020-09-29T17:45:42.668+0200: 69.387: [GC (Allocation Failure) [PSYoungGen: 633061K->45157K(637440K)] 691765K->103861K(2035712K), 0.0148805 secs] [Times: user=0.13 sys=0.00, real=0.02 secs] 
2020-09-29T17:45:42.734+0200: 69.453: [GC (Allocation Failure) [PSYoungGen: 623205K->48933K(627200K)] 681909K->107637K(2025472K), 0.0180351 secs] [Times: user=0.13 sys=0.00, real=0.02 secs] 
2020-09-29T17:45:42.802+0200: 69.521: [GC (Allocation Failure) [PSYoungGen: 626981K->23844K(635904K)] 685685K->82548K(2034176K), 0.0088960 secs] [Times: user=0.00 sys=0.00, real=0.01 secs] 
2020-09-29T17:45:42.861+0200: 69.580: [GC (Allocation Failure) [PSYoungGen: 596772K->36229K(635904K)] 655476K->94933K(2034176K), 0.0125253 secs] [Times: user=0.13 sys=0.00, real=0.01 secs] 
2020-09-29T17:45:42.923+0200: 69.642: [GC (Allocation Failure) [PSYoungGen: 609157K->18403K(636928K)] 667861K->77107K(2035200K), 0.0079455 secs] [Times: user=0.13 sys=0.00, real=0.01 secs] 
2020-09-29T17:45:42.982+0200: 69.700: [GC (Allocation Failure) [PSYoungGen: 595427K->33349K(637952K)] 654131K->92053K(2036224K), 0.0121383 secs] [Times: user=0.13 sys=0.00, real=0.01 secs] 
2020-09-29T17:45:43.043+0200: 69.762: [GC (Allocation Failure) [PSYoungGen: 610373K->49861K(633344K)] 669077K->108565K(2031616K), 0.0161615 secs] [Times: user=0.13 sys=0.00, real=0.02 secs] 
2020-09-29T17:45:43.109+0200: 69.828: [GC (Allocation Failure) [PSYoungGen: 624837K->35332K(636928K)] 683541K->94036K(2035200K), 0.0129516 secs] [Times: user=0.13 sys=0.00, real=0.01 secs] 
2020-09-29T17:45:43.172+0200: 69.890: [GC (Allocation Failure) [PSYoungGen: 610308K->36069K(642048K)] 669012K->94773K(2040320K), 0.0119075 secs] [Times: user=0.13 sys=0.00, real=0.01 secs] 
2020-09-29T17:45:43.235+0200: 69.953: [GC (Allocation Failure) [PSYoungGen: 618725K->30853K(639488K)] 677429K->89557K(2037760K), 0.0103820 secs] [Times: user=0.13 sys=0.00, real=0.01 secs] 
2020-09-29T17:45:43.298+0200: 70.017: [GC (Allocation Failure) [PSYoungGen: 613509K->39269K(643584K)] 672213K->97973K(2041856K), 0.0135946 secs] [Times: user=0.13 sys=0.00, real=0.01 secs] 
2020-09-29T17:45:43.363+0200: 70.082: [GC (Allocation Failure) [PSYoungGen: 627045K->39141K(643072K)] 685749K->97845K(2041344K), 0.0136836 secs] [Times: user=0.13 sys=0.00, real=0.01 secs] 
2020-09-29T17:45:43.429+0200: 70.148: [GC (Allocation Failure) [PSYoungGen: 626917K->23940K(644096K)] 685621K->82644K(2042368K), 0.0096906 secs] [Times: user=0.00 sys=0.00, real=0.01 secs] 
2020-09-29T17:45:43.489+0200: 70.208: [GC (Allocation Failure) [PSYoungGen: 613252K->37893K(644096K)] 671956K->96597K(2042368K), 0.0126209 secs] [Times: user=0.00 sys=0.00, real=0.01 secs] 
2020-09-29T17:45:43.554+0200: 70.273: [GC (Allocation Failure) [PSYoungGen: 627205K->25477K(645120K)] 685909K->84181K(2043392K), 0.0090237 secs] [Times: user=0.00 sys=0.00, real=0.01 secs] 
2020-09-29T17:45:43.615+0200: 70.334: [GC (Allocation Failure) [PSYoungGen: 616837K->42565K(634368K)] 675541K->101269K(2032640K), 0.0150996 secs] [Times: user=0.13 sys=0.00, real=0.02 secs] 
2020-09-29T17:45:43.682+0200: 70.401: [GC (Allocation Failure) [PSYoungGen: 633925K->32389K(645632K)] 692629K->91093K(2043904K), 0.0117178 secs] [Times: user=0.13 sys=0.00, real=0.01 secs] 
2020-09-29T17:45:43.744+0200: 70.463: [GC (Allocation Failure) [PSYoungGen: 623237K->33668K(644096K)] 681941K->92372K(2042368K), 0.0123424 secs] [Times: user=0.13 sys=0.00, real=0.01 secs] 
2020-09-29T17:45:43.807+0200: 70.526: [GC (Allocation Failure) [PSYoungGen: 624516K->21443K(646144K)] 683220K->80147K(2044416K), 0.0089552 secs] [Times: user=0.00 sys=0.00, real=0.01 secs] 
2020-09-29T17:45:43.867+0200: 70.586: [GC (Allocation Failure) [PSYoungGen: 615875K->41701K(636416K)] 674579K->100405K(2034688K), 0.0140690 secs] [Times: user=0.13 sys=0.00, real=0.01 secs] 
2020-09-29T17:45:43.934+0200: 70.653: [GC (Allocation Failure) [PSYoungGen: 636133K->34372K(647168K)] 694837K->93076K(2045440K), 0.0126662 secs] [Times: user=0.13 sys=0.00, real=0.01 secs] 
2020-09-29T17:45:43.998+0200: 70.716: [GC (Allocation Failure) [PSYoungGen: 627780K->38180K(645120K)] 686484K->96884K(2043392K), 0.0138691 secs] [Times: user=0.13 sys=0.00, real=0.01 secs] 
2020-09-29T17:45:44.062+0200: 70.781: [GC (Allocation Failure) [PSYoungGen: 631588K->29157K(648192K)] 690292K->87861K(2046464K), 0.0105911 secs] [Times: user=0.13 sys=0.00, real=0.01 secs] 
2020-09-29T17:45:44.126+0200: 70.844: [GC (Allocation Failure) [PSYoungGen: 626149K->24581K(647680K)] 684853K->83285K(2045952K), 0.0084028 secs] [Times: user=0.13 sys=0.00, real=0.01 secs] 
2020-09-29T17:45:44.185+0200: 70.904: [GC (Allocation Failure) [PSYoungGen: 621573K->33572K(649728K)] 680277K->92276K(2048000K), 0.0123915 secs] [Times: user=0.13 sys=0.00, real=0.01 secs] 
2020-09-29T17:45:44.249+0200: 70.968: [GC (Allocation Failure) [PSYoungGen: 632612K->29923K(648192K)] 691316K->88627K(2046464K), 0.0115537 secs] [Times: user=0.13 sys=0.00, real=0.01 secs] 
2020-09-29T17:45:44.315+0200: 71.034: [GC (Allocation Failure) [PSYoungGen: 628963K->27397K(651264K)] 687667K->86101K(2049536K), 0.0105041 secs] [Times: user=0.11 sys=0.00, real=0.01 secs] 
2020-09-29T17:45:44.380+0200: 71.099: [GC (Allocation Failure) [PSYoungGen: 630533K->42212K(645632K)] 689237K->100916K(2043904K), 0.0162943 secs] [Times: user=0.13 sys=0.00, real=0.02 secs] 
2020-09-29T17:45:44.451+0200: 71.170: [GC (Allocation Failure) [PSYoungGen: 645348K->42532K(645120K)] 704052K->101236K(2043392K), 0.0170940 secs] [Times: user=0.13 sys=0.00, real=0.02 secs] 
2020-09-29T17:45:44.519+0200: 71.238: [GC (Allocation Failure) [PSYoungGen: 637988K->50085K(645632K)] 696692K->108789K(2043904K), 0.0169451 secs] [Times: user=0.25 sys=0.00, real=0.02 secs] 
2020-09-29T17:45:44.589+0200: 71.307: [GC (Allocation Failure) [PSYoungGen: 645541K->30148K(642560K)] 704245K->88852K(2040832K), 0.0117981 secs] [Times: user=0.11 sys=0.00, real=0.01 secs] 
2020-09-29T17:45:44.652+0200: 71.371: [GC (Allocation Failure) [PSYoungGen: 619460K->31621K(644096K)] 678164K->90325K(2042368K), 0.0109991 secs] [Times: user=0.13 sys=0.00, real=0.01 secs] 
2020-09-29T17:45:44.713+0200: 71.432: [GC (Allocation Failure) [PSYoungGen: 620933K->33061K(647168K)] 679637K->91765K(2045440K), 0.0119541 secs] [Times: user=0.13 sys=0.00, real=0.01 secs] 
2020-09-29T17:45:44.776+0200: 71.495: [GC (Allocation Failure) [PSYoungGen: 626981K->39045K(645632K)] 685685K->97749K(2043904K), 0.0130137 secs] [Times: user=0.13 sys=0.00, real=0.01 secs] 
2020-09-29T17:45:44.841+0200: 71.560: [GC (Allocation Failure) [PSYoungGen: 632965K->43301K(644096K)] 691669K->102005K(2042368K), 0.0145161 secs] [Times: user=0.13 sys=0.00, real=0.01 secs] 
2020-09-29T17:45:44.906+0200: 71.625: [GC (Allocation Failure) [PSYoungGen: 635685K->47717K(640512K)] 694389K->106421K(2038784K), 0.0160453 secs] [Times: user=0.13 sys=0.00, real=0.02 secs] 
2020-09-29T17:45:44.974+0200: 71.692: [GC (Allocation Failure) [PSYoungGen: 640101K->37989K(644608K)] 698805K->96693K(2042880K), 0.0131420 secs] [Times: user=0.00 sys=0.00, real=0.01 secs] 
2020-09-29T17:45:45.038+0200: 71.757: [GC (Allocation Failure) [PSYoungGen: 626789K->23909K(643072K)] 685493K->82613K(2041344K), 0.0078853 secs] [Times: user=0.00 sys=0.00, real=0.01 secs] 
2020-09-29T17:45:45.097+0200: 71.816: [GC (Allocation Failure) [PSYoungGen: 612709K->38084K(645120K)] 671413K->96788K(2043392K), 0.0134865 secs] [Times: user=0.11 sys=0.02, real=0.01 secs] 
2020-09-29T17:45:45.161+0200: 71.880: [GC (Allocation Failure) [PSYoungGen: 628420K->40517K(644096K)] 687124K->99221K(2042368K), 0.0142500 secs] [Times: user=0.00 sys=0.00, real=0.02 secs] 
2020-09-29T17:45:45.226+0200: 71.945: [GC (Allocation Failure) [PSYoungGen: 630853K->27044K(645120K)] 689557K->85748K(2043392K), 0.0105037 secs] [Times: user=0.00 sys=0.00, real=0.01 secs] 
2020-09-29T17:45:45.287+0200: 72.006: [GC (Allocation Failure) [PSYoungGen: 618404K->43812K(635392K)] 677108K->102516K(2033664K), 0.0154223 secs] [Times: user=0.13 sys=0.00, real=0.02 secs] 
2020-09-29T17:45:45.355+0200: 72.073: [GC (Allocation Failure) [PSYoungGen: 635172K->32772K(645120K)] 693876K->91476K(2043392K), 0.0122414 secs] [Times: user=0.13 sys=0.00, real=0.01 secs] 
2020-09-29T17:45:45.417+0200: 72.136: [GC (Allocation Failure) [PSYoungGen: 623108K->34628K(644096K)] 681812K->93332K(2042368K), 0.0130864 secs] [Times: user=0.13 sys=0.00, real=0.01 secs] 
2020-09-29T17:45:45.481+0200: 72.199: [GC (Allocation Failure) [PSYoungGen: 624964K->21891K(645632K)] 683668K->80595K(2043904K), 0.0089343 secs] [Times: user=0.13 sys=0.00, real=0.01 secs] 
2020-09-29T17:45:45.545+0200: 72.264: [GC (Allocation Failure) [PSYoungGen: 615299K->27397K(646144K)] 674003K->86101K(2044416K), 0.0096682 secs] [Times: user=0.13 sys=0.00, real=0.01 secs] 
2020-09-29T17:45:45.611+0200: 72.330: [GC (Allocation Failure) [PSYoungGen: 620805K->29220K(647680K)] 679509K->87924K(2045952K), 0.0112517 secs] [Times: user=0.11 sys=0.00, real=0.01 secs] 
2020-09-29T17:45:45.673+0200: 72.392: [GC (Allocation Failure) [PSYoungGen: 624676K->36805K(646656K)] 683380K->95509K(2044928K), 0.0122807 secs] [Times: user=0.13 sys=0.00, real=0.01 secs] 
2020-09-29T17:45:45.737+0200: 72.456: [GC (Allocation Failure) [PSYoungGen: 632261K->30116K(649216K)] 690965K->88820K(2047488K), 0.0112718 secs] [Times: user=0.13 sys=0.00, real=0.01 secs] 
2020-09-29T17:45:45.800+0200: 72.518: [GC (Allocation Failure) [PSYoungGen: 628644K->25507K(648192K)] 687348K->84211K(2046464K), 0.0104291 secs] [Times: user=0.13 sys=0.00, real=0.01 secs] 
2020-09-29T17:45:45.861+0200: 72.580: [GC (Allocation Failure) [PSYoungGen: 624035K->21861K(649216K)] 682739K->80565K(2047488K), 0.0075109 secs] [Times: user=0.13 sys=0.00, real=0.01 secs] 
2020-09-29T17:45:45.920+0200: 72.639: [GC (Allocation Failure) [PSYoungGen: 621413K->33285K(649216K)] 680117K->91989K(2047488K), 0.0115430 secs] [Times: user=0.13 sys=0.00, real=0.01 secs] 
2020-09-29T17:45:45.985+0200: 72.704: [GC (Allocation Failure) [PSYoungGen: 632837K->30884K(651776K)] 691541K->89588K(2050048K), 0.0113849 secs] [Times: user=0.13 sys=0.00, real=0.01 secs] 
2020-09-29T17:45:46.047+0200: 72.766: [GC (Allocation Failure) [PSYoungGen: 634020K->44836K(648192K)] 692724K->103540K(2046464K), 0.0155831 secs] [Times: user=0.13 sys=0.00, real=0.02 secs] 
2020-09-29T17:45:46.115+0200: 72.833: [GC (Allocation Failure) [PSYoungGen: 647972K->46405K(641536K)] 706676K->105109K(2039808K), 0.0152465 secs] [Times: user=0.13 sys=0.00, real=0.02 secs] 
2020-09-29T17:45:46.189+0200: 72.907: [GC (Allocation Failure) [PSYoungGen: 637765K->36165K(645120K)] 696469K->94869K(2043392K), 0.0121262 secs] [Times: user=0.13 sys=0.00, real=0.01 secs] 
2020-09-29T17:45:46.251+0200: 72.969: [GC (Allocation Failure) [PSYoungGen: 627525K->39589K(645632K)] 686229K->98293K(2043904K), 0.0140582 secs] [Times: user=0.13 sys=0.00, real=0.01 secs] 
2020-09-29T17:45:46.316+0200: 73.034: [GC (Allocation Failure) [PSYoungGen: 632997K->45093K(638976K)] 691701K->103797K(2037248K), 0.0153704 secs] [Times: user=0.13 sys=0.00, real=0.02 secs] 
2020-09-29T17:45:46.382+0200: 73.100: [GC (Allocation Failure) [PSYoungGen: 638501K->21571K(643072K)] 697205K->80275K(2041344K), 0.0090151 secs] [Times: user=0.00 sys=0.00, real=0.01 secs] 
2020-09-29T17:45:46.442+0200: 73.160: [GC (Allocation Failure) [PSYoungGen: 609859K->49381K(637952K)] 668563K->108085K(2036224K), 0.0167548 secs] [Times: user=0.25 sys=0.00, real=0.02 secs] 
2020-09-29T17:45:46.508+0200: 73.226: [GC (Allocation Failure) [PSYoungGen: 637669K->47813K(635904K)] 696373K->106517K(2034176K), 0.0164208 secs] [Times: user=0.13 sys=0.00, real=0.02 secs] 
2020-09-29T17:45:46.575+0200: 73.293: [GC (Allocation Failure) [PSYoungGen: 624837K->49188K(626688K)] 683541K->107892K(2024960K), 0.0185262 secs] [Times: user=0.11 sys=0.00, real=0.02 secs] 
2020-09-29T17:45:46.644+0200: 73.362: [GC (Allocation Failure) [PSYoungGen: 626212K->37892K(638464K)] 684916K->96596K(2036736K), 0.0139350 secs] [Times: user=0.11 sys=0.00, real=0.01 secs] 
2020-09-29T17:45:46.706+0200: 73.424: [GC (Allocation Failure) [PSYoungGen: 613380K->10979K(635904K)] 672084K->69683K(2034176K), 0.0049389 secs] [Times: user=0.13 sys=0.00, real=0.00 secs] 
2020-09-29T17:45:46.765+0200: 73.483: [GC (Allocation Failure) [PSYoungGen: 586467K->22979K(636416K)] 645171K->81683K(2034688K), 0.0099646 secs] [Times: user=0.11 sys=0.00, real=0.01 secs] 
2020-09-29T17:45:46.825+0200: 73.543: [GC (Allocation Failure) [PSYoungGen: 596419K->49540K(623104K)] 655123K->108244K(2021376K), 0.0174318 secs] [Times: user=0.13 sys=0.00, real=0.02 secs] 
2020-09-29T17:45:46.890+0200: 73.608: [GC (Allocation Failure) [PSYoungGen: 622980K->35076K(636416K)] 681684K->93780K(2034688K), 0.0124900 secs] [Times: user=0.11 sys=0.00, real=0.01 secs] 
2020-09-29T17:45:46.950+0200: 73.668: [GC (Allocation Failure) [PSYoungGen: 606468K->32068K(633856K)] 665172K->90772K(2032128K), 0.0122459 secs] [Times: user=0.13 sys=0.00, real=0.01 secs] 
2020-09-29T17:45:47.010+0200: 73.728: [GC (Allocation Failure) [PSYoungGen: 603460K->29220K(640000K)] 662164K->87924K(2038272K), 0.0107189 secs] [Times: user=0.00 sys=0.00, real=0.01 secs] 
2020-09-29T17:45:47.067+0200: 73.785: [GC (Allocation Failure) [PSYoungGen: 608804K->19203K(638464K)] 667508K->77907K(2036736K), 0.0079839 secs] [Times: user=0.00 sys=0.00, real=0.01 secs] 
2020-09-29T17:45:47.124+0200: 73.842: [GC (Allocation Failure) [PSYoungGen: 598787K->24547K(640512K)] 657491K->83251K(2038784K), 0.0100749 secs] [Times: user=0.13 sys=0.00, real=0.01 secs] 
2020-09-29T17:45:47.180+0200: 73.898: [GC (Allocation Failure) [PSYoungGen: 605667K->31427K(639488K)] 664371K->90131K(2037760K), 0.0121602 secs] [Times: user=0.00 sys=0.00, real=0.01 secs] 
2020-09-29T17:45:47.239+0200: 73.957: [GC (Allocation Failure) [PSYoungGen: 612547K->24643K(644096K)] 671251K->83347K(2042368K), 0.0102433 secs] [Times: user=0.00 sys=0.00, real=0.01 secs] 
2020-09-29T17:45:47.297+0200: 74.015: [GC (Allocation Failure) [PSYoungGen: 612931K->24963K(643072K)] 671635K->83667K(2041344K), 0.0105223 secs] [Times: user=0.13 sys=0.00, real=0.01 secs] 
2020-09-29T17:45:47.357+0200: 74.075: [GC (Allocation Failure) [PSYoungGen: 613251K->11233K(643072K)] 671955K->69937K(2041344K), 0.0067475 secs] [Times: user=0.00 sys=0.00, real=0.01 secs] 
2020-09-29T17:45:47.411+0200: 74.129: [GC (Allocation Failure) [PSYoungGen: 600545K->11233K(600576K)] 659249K->69937K(1998848K), 0.0064264 secs] [Times: user=0.00 sys=0.00, real=0.01 secs] 
2020-09-29T17:45:47.464+0200: 74.182: [GC (Allocation Failure) [PSYoungGen: 600545K->26243K(646144K)] 659249K->84947K(2044416K), 0.0103164 secs] [Times: user=0.13 sys=0.00, real=0.01 secs] 
2020-09-29T17:45:47.523+0200: 74.241: [GC (Allocation Failure) [PSYoungGen: 616313K->64K(643584K)] 675017K->58768K(2041856K), 0.0004228 secs] [Times: user=0.00 sys=0.00, real=0.00 secs] 
2020-09-29T17:45:47.577+0200: 74.295: [GC (Allocation Failure) [PSYoungGen: 590912K->16610K(646144K)] 649616K->75314K(2044416K), 0.0078426 secs] [Times: user=0.11 sys=0.00, real=0.01 secs] 
2020-09-29T17:45:47.637+0200: 74.355: [GC (Allocation Failure) [PSYoungGen: 607970K->5602K(644096K)] 666674K->64306K(2042368K), 0.0034985 secs] [Times: user=0.00 sys=0.00, real=0.00 secs] 
2020-09-29T17:45:47.687+0200: 74.405: [GC (Allocation Failure) [PSYoungGen: 596962K->22723K(648704K)] 655666K->81427K(2046976K), 0.0090280 secs] [Times: user=0.13 sys=0.00, real=0.01 secs] 
2020-09-29T17:45:47.745+0200: 74.463: [GC (Allocation Failure) [PSYoungGen: 618179K->16643K(645632K)] 676883K->75347K(2043904K), 0.0074966 secs] [Times: user=0.00 sys=0.00, real=0.01 secs] 
2020-09-29T17:45:47.801+0200: 74.519: [GC (Allocation Failure) [PSYoungGen: 612099K->37859K(643584K)] 670803K->96563K(2041856K), 0.0143755 secs] [Times: user=0.13 sys=0.00, real=0.01 secs] 
2020-09-29T17:45:47.863+0200: 74.581: [GC (Allocation Failure) [PSYoungGen: 633315K->64K(595968K)] 692019K->58768K(1994240K), 0.0003869 secs] [Times: user=0.00 sys=0.00, real=0.00 secs] 
2020-09-29T17:45:47.916+0200: 74.634: [GC (Allocation Failure) [PSYoungGen: 595520K->21379K(649216K)] 654224K->80083K(2047488K), 0.0086603 secs] [Times: user=0.00 sys=0.00, real=0.01 secs] 
2020-09-29T17:45:47.978+0200: 74.696: [GC (Allocation Failure) [PSYoungGen: 617859K->16291K(646144K)] 676563K->74995K(2044416K), 0.0070594 secs] [Times: user=0.00 sys=0.00, real=0.01 secs] 
2020-09-29T17:45:48.037+0200: 74.755: [GC (Allocation Failure) [PSYoungGen: 612771K->21890K(653312K)] 671475K->80594K(2051584K), 0.0097883 secs] [Times: user=0.00 sys=0.00, real=0.01 secs] 
2020-09-29T17:45:48.095+0200: 74.813: [GC (Allocation Failure) [PSYoungGen: 627586K->12323K(651264K)] 686290K->71027K(2049536K), 0.0054825 secs] [Times: user=0.13 sys=0.00, real=0.01 secs] 
2020-09-29T17:45:48.150+0200: 74.868: [GC (Allocation Failure) [PSYoungGen: 618019K->64K(652288K)] 676723K->58768K(2050560K), 0.0007852 secs] [Times: user=0.00 sys=0.00, real=0.00 secs] 
2020-09-29T17:45:48.200+0200: 74.919: [GC (Allocation Failure) [PSYoungGen: 607808K->4545K(653312K)] 666512K->63249K(2051584K), 0.0036838 secs] [Times: user=0.00 sys=0.00, real=0.00 secs] 
2020-09-29T17:45:48.258+0200: 74.977: [GC (Allocation Failure) [PSYoungGen: 612289K->24386K(653824K)] 670993K->83090K(2052096K), 0.0131806 secs] [Times: user=0.09 sys=0.00, real=0.01 secs] 
2020-09-29T17:45:48.326+0200: 75.045: [GC (Allocation Failure) [PSYoungGen: 633154K->17890K(653824K)] 691858K->76594K(2052096K), 0.0089095 secs] [Times: user=0.13 sys=0.00, real=0.01 secs] 
2020-09-29T17:45:48.388+0200: 75.107: [GC (Allocation Failure) [PSYoungGen: 626658K->25058K(655360K)] 685362K->83762K(2053632K), 0.0115753 secs] [Times: user=0.13 sys=0.00, real=0.01 secs] 
2020-09-29T17:45:48.452+0200: 75.171: [GC (Allocation Failure) [PSYoungGen: 637922K->9058K(655872K)] 696626K->67762K(2054144K), 0.0050682 secs] [Times: user=0.00 sys=0.00, real=0.01 secs] 
2020-09-29T17:45:48.514+0200: 75.233: [GC (Allocation Failure) [PSYoungGen: 621922K->20322K(658432K)] 680626K->79026K(2056704K), 0.0096836 secs] [Times: user=0.13 sys=0.00, real=0.01 secs] 
2020-09-29T17:45:48.592+0200: 75.311: [GC (Allocation Failure) [PSYoungGen: 636770K->7105K(656896K)] 695474K->65809K(2055168K), 0.0056603 secs] [Times: user=0.00 sys=0.00, real=0.01 secs] 
2020-09-29T17:45:48.652+0200: 75.371: [GC (Allocation Failure) [PSYoungGen: 623553K->8322K(659456K)] 682257K->67026K(2057728K), 0.0046758 secs] [Times: user=0.00 sys=0.00, real=0.01 secs] 
2020-09-29T17:45:48.709+0200: 75.427: [GC (Allocation Failure) [PSYoungGen: 627842K->12226K(658944K)] 686546K->70930K(2057216K), 0.0066850 secs] [Times: user=0.00 sys=0.00, real=0.01 secs] 
2020-09-29T17:45:48.768+0200: 75.487: [GC (Allocation Failure) [PSYoungGen: 631746K->2017K(661504K)] 690450K->60721K(2059776K), 0.0027192 secs] [Times: user=0.11 sys=0.00, real=0.00 secs] 
2020-09-29T17:45:48.858+0200: 75.576: [GC (Allocation Failure) [PSYoungGen: 626145K->8961K(661504K)] 684849K->67665K(2059776K), 0.0053042 secs] [Times: user=0.00 sys=0.02, real=0.01 secs] 
Heap
 PSYoungGen      total 661504K, used 616062K [0x00000000d5580000, 0x0000000100000000, 0x0000000100000000)
  eden space 624128K, 97% used [0x00000000d5580000,0x00000000fa65f3b0,0x00000000fb700000)
  from space 37376K, 23% used [0x00000000fb700000,0x00000000fbfc0490,0x00000000fdb80000)
  to   space 35840K, 0% used [0x00000000fdd00000,0x00000000fdd00000,0x0000000100000000)
 ParOldGen       total 1398272K, used 58704K [0x0000000080000000, 0x00000000d5580000, 0x00000000d5580000)
  object space 1398272K, 4% used [0x0000000080000000,0x0000000083954050,0x00000000d5580000)
 Metaspace       used 2594K, capacity 4486K, committed 4864K, reserved 1056768K
  class space    used 285K, capacity 386K, committed 512K, reserved 1048576K
